18:03:25,827 |-INFO in ch.qos.logback.classic.LoggerContext[default] - Could NOT find resource [logback-test.xml]
18:03:25,828 |-INFO in ch.qos.logback.classic.LoggerContext[default] - Could NOT find resource [logback.groovy]
18:03:25,828 |-INFO in ch.qos.logback.classic.LoggerContext[default] - Found resource [logback.xml] at [jar:file:/root/flamestream/lib/flamestream-runtime-1.0-SNAPSHOT.jar!/logback.xml]
18:03:25,829 |-WARN in ch.qos.logback.classic.LoggerContext[default] - Resource [logback.xml] occurs multiple times on the classpath.
18:03:25,829 |-WARN in ch.qos.logback.classic.LoggerContext[default] - Resource [logback.xml] occurs at [jar:file:/root/flamestream/lib/flamestream-runtime-1.0-SNAPSHOT.jar!/logback.xml]
18:03:25,829 |-WARN in ch.qos.logback.classic.LoggerContext[default] - Resource [logback.xml] occurs at [jar:file:/root/flamestream/flamestream-runtime-1.0-SNAPSHOT.jar!/logback.xml]
18:03:25,848 |-INFO in ch.qos.logback.core.joran.spi.ConfigurationWatchList@3fb6a447 - URL [jar:file:/root/flamestream/lib/flamestream-runtime-1.0-SNAPSHOT.jar!/logback.xml] is not of type file
18:03:25,920 |-INFO in ch.qos.logback.classic.joran.action.ConfigurationAction - debug attribute not set
18:03:25,920 |-INFO in ch.qos.logback.core.joran.action.AppenderAction - About to instantiate appender of type [ch.qos.logback.core.ConsoleAppender]
18:03:25,936 |-INFO in ch.qos.logback.core.joran.action.AppenderAction - Naming appender as [STDOUT]
18:03:25,954 |-INFO in ch.qos.logback.core.joran.action.NestedComplexPropertyIA - Assuming default type [ch.qos.logback.classic.encoder.PatternLayoutEncoder] for [encoder] property
18:03:26,041 |-INFO in ch.qos.logback.core.joran.action.AppenderAction - About to instantiate appender of type [ch.qos.logback.core.rolling.RollingFileAppender]
18:03:26,046 |-INFO in ch.qos.logback.core.joran.action.AppenderAction - Naming appender as [FILE]
18:03:26,078 |-INFO in c.q.l.core.rolling.TimeBasedRollingPolicy@127618319 - No compression will be used
18:03:26,080 |-INFO in c.q.l.core.rolling.TimeBasedRollingPolicy@127618319 - Will use the pattern /tmp/application_%d{yyyy-MM-dd}.%i.log for the active file
18:03:26,082 |-INFO in ch.qos.logback.core.rolling.SizeAndTimeBasedFNATP@6b2fad11 - The date pattern is 'yyyy-MM-dd' from file name pattern '/tmp/application_%d{yyyy-MM-dd}.%i.log'.
18:03:26,082 |-INFO in ch.qos.logback.core.rolling.SizeAndTimeBasedFNATP@6b2fad11 - Roll-over at midnight.
18:03:26,088 |-INFO in ch.qos.logback.core.rolling.SizeAndTimeBasedFNATP@6b2fad11 - Setting initial period to Tue Jun 11 18:02:15 UTC 2019
18:03:26,088 |-WARN in ch.qos.logback.core.rolling.SizeAndTimeBasedFNATP@6b2fad11 - SizeAndTimeBasedFNATP is deprecated. Use SizeAndTimeBasedRollingPolicy instead
18:03:26,088 |-WARN in ch.qos.logback.core.rolling.SizeAndTimeBasedFNATP@6b2fad11 - For more information see http://logback.qos.ch/manual/appenders.html#SizeAndTimeBasedRollingPolicy
18:03:26,092 |-INFO in ch.qos.logback.core.joran.action.NestedComplexPropertyIA - Assuming default type [ch.qos.logback.classic.encoder.PatternLayoutEncoder] for [encoder] property
18:03:26,097 |-INFO in ch.qos.logback.core.rolling.RollingFileAppender[FILE] - Active log file name: /tmp/application.log
18:03:26,097 |-INFO in ch.qos.logback.core.rolling.RollingFileAppender[FILE] - File property is set to [/tmp/application.log]
18:03:26,098 |-INFO in ch.qos.logback.classic.joran.action.RootLoggerAction - Setting level of ROOT logger to WARN
18:03:26,098 |-INFO in ch.qos.logback.core.joran.action.AppenderRefAction - Attaching appender named [STDOUT] to Logger[ROOT]
18:03:26,100 |-INFO in ch.qos.logback.core.joran.action.AppenderRefAction - Attaching appender named [FILE] to Logger[ROOT]
18:03:26,100 |-INFO in ch.qos.logback.classic.joran.action.ConfigurationAction - End of configuration.
18:03:26,100 |-INFO in ch.qos.logback.classic.joran.JoranConfigurator@79698539 - Registering current configuration as safe fallback point

Ama winner
Ama winner
2019-06-11T18:03:27.537+0000: 1.894: [Full GC (Metadata GC Threshold) 2019-06-11T18:03:27.537+0000: 1.894: [Tenured: 0K->15176K(341376K), 0.0776594 secs] 114987K->15176K(494976K), [Metaspace: 20738K->20738K(1067008K)], 0.0777296 secs] [Times: user=0.04 sys=0.01, real=0.07 secs] 
2019-06-11T18:03:41.390+0000: 15.748: [GC (Allocation Failure) 2019-06-11T18:03:41.390+0000: 15.748: [DefNew: 136576K->13821K(153600K), 0.0239617 secs] 151752K->48529K(494976K), 0.0240331 secs] [Times: user=0.01 sys=0.01, real=0.02 secs] 
2019-06-11T18:03:44.794+0000: 19.152: [GC (Allocation Failure) 2019-06-11T18:03:44.794+0000: 19.152: [DefNew: 150397K->213K(153600K), 0.0084995 secs] 185105K->39076K(494976K), 0.0085741 secs] [Times: user=0.01 sys=0.01, real=0.01 secs] 
2019-06-11T18:03:44.811+0000: 19.169: [Full GC (Metadata GC Threshold) 2019-06-11T18:03:44.812+0000: 19.169: [Tenured: 38863K->39104K(341376K), 0.0266223 secs] 43616K->39104K(494976K), [Metaspace: 34588K->34588K(1079296K)], 0.0266773 secs] [Times: user=0.02 sys=0.00, real=0.03 secs] 
2019-06-11T18:03:46.888+0000: 21.246: [GC (Allocation Failure) 2019-06-11T18:03:46.888+0000: 21.246: [DefNew: 136576K->260K(153600K), 0.0018684 secs] 175680K->39365K(494976K), 0.0019240 secs] [Times: user=0.00 sys=0.00, real=0.01 secs] 
2019-06-11T18:03:49.714+0000: 24.071: [GC (Allocation Failure) 2019-06-11T18:03:49.714+0000: 24.071: [DefNew: 136836K->150K(153600K), 0.0016423 secs] 175941K->39255K(494976K), 0.0016973 secs] [Times: user=0.00 sys=0.00, real=0.00 secs] 
2019-06-11T18:03:52.993+0000: 27.350: [GC (Allocation Failure) 2019-06-11T18:03:52.993+0000: 27.350: [DefNew: 136726K->134K(153600K), 0.0016373 secs] 175831K->39239K(494976K), 0.0016926 secs] [Times: user=0.01 sys=0.00, real=0.00 secs] 
2019-06-11T18:03:56.300+0000: 30.657: [GC (Allocation Failure) 2019-06-11T18:03:56.300+0000: 30.657: [DefNew: 136710K->135K(153600K), 0.0016670 secs] 175815K->39239K(494976K), 0.0017239 secs] [Times: user=0.00 sys=0.00, real=0.00 secs] 
2019-06-11T18:03:59.605+0000: 33.963: [GC (Allocation Failure) 2019-06-11T18:03:59.605+0000: 33.963: [DefNew: 136711K->137K(153600K), 0.0016592 secs] 175815K->39242K(494976K), 0.0017189 secs] [Times: user=0.01 sys=0.00, real=0.00 secs] 
2019-06-11T18:04:02.930+0000: 37.287: [GC (Allocation Failure) 2019-06-11T18:04:02.930+0000: 37.287: [DefNew: 136713K->137K(153600K), 0.0016943 secs] 175818K->39241K(494976K), 0.0017601 secs] [Times: user=0.00 sys=0.00, real=0.00 secs] 
2019-06-11T18:04:06.198+0000: 40.556: [GC (Allocation Failure) 2019-06-11T18:04:06.198+0000: 40.556: [DefNew: 136713K->137K(153600K), 0.0016276 secs] 175817K->39242K(494976K), 0.0016830 secs] [Times: user=0.00 sys=0.00, real=0.00 secs] 
2019-06-11T18:04:09.500+0000: 43.858: [GC (Allocation Failure) 2019-06-11T18:04:09.500+0000: 43.858: [DefNew: 136713K->140K(153600K), 0.0016966 secs] 175818K->39244K(494976K), 0.0017535 secs] [Times: user=0.00 sys=0.00, real=0.00 secs] 
2019-06-11T18:04:12.809+0000: 47.166: [GC (Allocation Failure) 2019-06-11T18:04:12.809+0000: 47.166: [DefNew: 136716K->144K(153600K), 0.0016981 secs] 175820K->39249K(494976K), 0.0017574 secs] [Times: user=0.00 sys=0.00, real=0.01 secs] 
2019-06-11T18:04:16.079+0000: 50.436: [GC (Allocation Failure) 2019-06-11T18:04:16.079+0000: 50.436: [DefNew: 136720K->175K(153600K), 0.0016865 secs] 175825K->39279K(494976K), 0.0017428 secs] [Times: user=0.01 sys=0.00, real=0.00 secs] 
2019-06-11T18:04:19.365+0000: 53.723: [GC (Allocation Failure) 2019-06-11T18:04:19.365+0000: 53.723: [DefNew: 136751K->173K(153600K), 0.0017161 secs] 175855K->39278K(494976K), 0.0017899 secs] [Times: user=0.00 sys=0.01, real=0.00 secs] 
2019-06-11T18:04:22.655+0000: 57.012: [GC (Allocation Failure) 2019-06-11T18:04:22.655+0000: 57.012: [DefNew: 136749K->177K(153600K), 0.0017938 secs] 175854K->39281K(494976K), 0.0018610 secs] [Times: user=0.00 sys=0.00, real=0.01 secs] 
2019-06-11T18:04:26.036+0000: 60.394: [GC (Allocation Failure) 2019-06-11T18:04:26.036+0000: 60.394: [DefNew: 136753K->193K(153600K), 0.0017898 secs] 175857K->39297K(494976K), 0.0018464 secs] [Times: user=0.01 sys=0.00, real=0.01 secs] 
2019-06-11T18:04:29.490+0000: 63.847: [GC (Allocation Failure) 2019-06-11T18:04:29.490+0000: 63.847: [DefNew: 136769K->473K(153600K), 0.0020812 secs] 175873K->39577K(494976K), 0.0021427 secs] [Times: user=0.00 sys=0.00, real=0.00 secs] 
2019-06-11T18:04:33.728+0000: 68.085: [GC (Allocation Failure) 2019-06-11T18:04:33.728+0000: 68.085: [DefNew: 137049K->232K(153600K), 0.0019534 secs] 176153K->39336K(494976K), 0.0020139 secs] [Times: user=0.00 sys=0.00, real=0.01 secs] 
2019-06-11T18:04:37.926+0000: 72.284: [GC (Allocation Failure) 2019-06-11T18:04:37.926+0000: 72.284: [DefNew: 136808K->151K(153600K), 0.0019261 secs] 175912K->39333K(494976K), 0.0019801 secs] [Times: user=0.01 sys=0.00, real=0.00 secs] 
2019-06-11T18:04:42.101+0000: 76.459: [GC (Allocation Failure) 2019-06-11T18:04:42.101+0000: 76.459: [DefNew: 136727K->144K(153600K), 0.0018573 secs] 175909K->39328K(494976K), 0.0019390 secs] [Times: user=0.01 sys=0.00, real=0.00 secs] 
2019-06-11T18:04:46.305+0000: 80.662: [GC (Allocation Failure) 2019-06-11T18:04:46.305+0000: 80.662: [DefNew: 136720K->142K(153600K), 0.0018251 secs] 175904K->39328K(494976K), 0.0018816 secs] [Times: user=0.00 sys=0.00, real=0.00 secs] 
2019-06-11T18:04:50.478+0000: 84.835: [GC (Allocation Failure) 2019-06-11T18:04:50.478+0000: 84.835: [DefNew: 136718K->143K(153600K), 0.0018203 secs] 175904K->39330K(494976K), 0.0018774 secs] [Times: user=0.00 sys=0.00, real=0.00 secs] 
2019-06-11T18:04:54.695+0000: 89.053: [GC (Allocation Failure) 2019-06-11T18:04:54.696+0000: 89.053: [DefNew: 136719K->142K(153600K), 0.0018172 secs] 175906K->39329K(494976K), 0.0018833 secs] [Times: user=0.00 sys=0.00, real=0.01 secs] 
2019-06-11T18:04:58.918+0000: 93.276: [GC (Allocation Failure) 2019-06-11T18:04:58.918+0000: 93.276: [DefNew: 136718K->142K(153600K), 0.0017944 secs] 175905K->39331K(494976K), 0.0018461 secs] [Times: user=0.00 sys=0.00, real=0.00 secs] 
2019-06-11T18:05:03.140+0000: 97.498: [GC (Allocation Failure) 2019-06-11T18:05:03.140+0000: 97.498: [DefNew: 136718K->145K(153600K), 0.0018723 secs] 175907K->39335K(494976K), 0.0019328 secs] [Times: user=0.00 sys=0.00, real=0.00 secs] 
2019-06-11T18:05:07.373+0000: 101.731: [GC (Allocation Failure) 2019-06-11T18:05:07.373+0000: 101.731: [DefNew: 136721K->142K(153600K), 0.0018577 secs] 175911K->39333K(494976K), 0.0019152 secs] [Times: user=0.00 sys=0.00, real=0.00 secs] 
2019-06-11T18:05:11.655+0000: 106.012: [GC (Allocation Failure) 2019-06-11T18:05:11.655+0000: 106.013: [DefNew: 136718K->139K(153600K), 0.0019026 secs] 175909K->39331K(494976K), 0.0019699 secs] [Times: user=0.00 sys=0.00, real=0.01 secs] 
18:05:18.316 [Curator-PathChildrenCache-0] ERROR o.a.c.f.r.c.PathChildrenCache  - 
java.lang.IllegalStateException: instance must be started before calling this method
	at org.apache.curator.shaded.com.google.common.base.Preconditions.checkState(Preconditions.java:444)
	at org.apache.curator.framework.imps.CuratorFrameworkImpl.getChildren(CuratorFrameworkImpl.java:456)
	at org.apache.curator.framework.recipes.cache.PathChildrenCache.refresh(PathChildrenCache.java:521)
	at org.apache.curator.framework.recipes.cache.RefreshOperation.invoke(RefreshOperation.java:35)
	at org.apache.curator.framework.recipes.cache.PathChildrenCache$9.run(PathChildrenCache.java:786)
	at java.util.concurrent.Executors$RunnableAdapter.call(Executors.java:511)
	at java.util.concurrent.FutureTask.run(FutureTask.java:266)
	at java.util.concurrent.Executors$RunnableAdapter.call(Executors.java:511)
	at java.util.concurrent.FutureTask.run(FutureTask.java:266)
	at java.util.concurrent.ThreadPoolExecutor.runWorker(ThreadPoolExecutor.java:1149)
	at java.util.concurrent.ThreadPoolExecutor$Worker.run(ThreadPoolExecutor.java:624)
	at java.lang.Thread.run(Thread.java:748)
Heap
 def new generation   total 153600K, used 26099K [0x00000000e0c00000, 0x00000000eb2a0000, 0x00000000eb2a0000)
  eden space 136576K,  19% used [0x00000000e0c00000, 0x00000000e2559cd0, 0x00000000e9160000)
  from space 17024K,   0% used [0x00000000e9160000, 0x00000000e9182fa0, 0x00000000ea200000)
  to   space 17024K,   0% used [0x00000000ea200000, 0x00000000ea200000, 0x00000000eb2a0000)
 tenured generation   total 341376K, used 39191K [0x00000000eb2a0000, 0x0000000100000000, 0x0000000100000000)
   the space 341376K,  11% used [0x00000000eb2a0000, 0x00000000ed8e5de0, 0x00000000ed8e5e00, 0x0000000100000000)
 Metaspace       used 35961K, capacity 36862K, committed 37120K, reserved 1081344K
  class space    used 4865K, capacity 5075K, committed 5120K, reserved 1048576K
