17:29:39,412 |-INFO in ch.qos.logback.classic.LoggerContext[default] - Could NOT find resource [logback-test.xml]
17:29:39,412 |-INFO in ch.qos.logback.classic.LoggerContext[default] - Could NOT find resource [logback.groovy]
17:29:39,412 |-INFO in ch.qos.logback.classic.LoggerContext[default] - Found resource [logback.xml] at [jar:file:/root/flamestream/lib/flamestream-runtime-1.0-SNAPSHOT.jar!/logback.xml]
17:29:39,416 |-WARN in ch.qos.logback.classic.LoggerContext[default] - Resource [logback.xml] occurs multiple times on the classpath.
17:29:39,416 |-WARN in ch.qos.logback.classic.LoggerContext[default] - Resource [logback.xml] occurs at [jar:file:/root/flamestream/lib/flamestream-runtime-1.0-SNAPSHOT.jar!/logback.xml]
17:29:39,416 |-WARN in ch.qos.logback.classic.LoggerContext[default] - Resource [logback.xml] occurs at [jar:file:/root/flamestream/flamestream-runtime-1.0-SNAPSHOT.jar!/logback.xml]
17:29:39,436 |-INFO in ch.qos.logback.core.joran.spi.ConfigurationWatchList@3fb6a447 - URL [jar:file:/root/flamestream/lib/flamestream-runtime-1.0-SNAPSHOT.jar!/logback.xml] is not of type file
17:29:39,505 |-INFO in ch.qos.logback.classic.joran.action.ConfigurationAction - debug attribute not set
17:29:39,505 |-INFO in ch.qos.logback.core.joran.action.AppenderAction - About to instantiate appender of type [ch.qos.logback.core.ConsoleAppender]
17:29:39,524 |-INFO in ch.qos.logback.core.joran.action.AppenderAction - Naming appender as [STDOUT]
17:29:39,542 |-INFO in ch.qos.logback.core.joran.action.NestedComplexPropertyIA - Assuming default type [ch.qos.logback.classic.encoder.PatternLayoutEncoder] for [encoder] property
17:29:39,628 |-INFO in ch.qos.logback.core.joran.action.AppenderAction - About to instantiate appender of type [ch.qos.logback.core.rolling.RollingFileAppender]
17:29:39,632 |-INFO in ch.qos.logback.core.joran.action.AppenderAction - Naming appender as [FILE]
17:29:39,664 |-INFO in c.q.l.core.rolling.TimeBasedRollingPolicy@127618319 - No compression will be used
17:29:39,665 |-INFO in c.q.l.core.rolling.TimeBasedRollingPolicy@127618319 - Will use the pattern /tmp/application_%d{yyyy-MM-dd}.%i.log for the active file
17:29:39,668 |-INFO in ch.qos.logback.core.rolling.SizeAndTimeBasedFNATP@6b2fad11 - The date pattern is 'yyyy-MM-dd' from file name pattern '/tmp/application_%d{yyyy-MM-dd}.%i.log'.
17:29:39,668 |-INFO in ch.qos.logback.core.rolling.SizeAndTimeBasedFNATP@6b2fad11 - Roll-over at midnight.
17:29:39,673 |-INFO in ch.qos.logback.core.rolling.SizeAndTimeBasedFNATP@6b2fad11 - Setting initial period to Mon Jun 10 17:28:13 UTC 2019
17:29:39,673 |-WARN in ch.qos.logback.core.rolling.SizeAndTimeBasedFNATP@6b2fad11 - SizeAndTimeBasedFNATP is deprecated. Use SizeAndTimeBasedRollingPolicy instead
17:29:39,673 |-WARN in ch.qos.logback.core.rolling.SizeAndTimeBasedFNATP@6b2fad11 - For more information see http://logback.qos.ch/manual/appenders.html#SizeAndTimeBasedRollingPolicy
17:29:39,677 |-INFO in ch.qos.logback.core.joran.action.NestedComplexPropertyIA - Assuming default type [ch.qos.logback.classic.encoder.PatternLayoutEncoder] for [encoder] property
17:29:39,682 |-INFO in ch.qos.logback.core.rolling.RollingFileAppender[FILE] - Active log file name: /tmp/application.log
17:29:39,682 |-INFO in ch.qos.logback.core.rolling.RollingFileAppender[FILE] - File property is set to [/tmp/application.log]
17:29:39,682 |-INFO in ch.qos.logback.classic.joran.action.RootLoggerAction - Setting level of ROOT logger to WARN
17:29:39,682 |-INFO in ch.qos.logback.core.joran.action.AppenderRefAction - Attaching appender named [STDOUT] to Logger[ROOT]
17:29:39,684 |-INFO in ch.qos.logback.core.joran.action.AppenderRefAction - Attaching appender named [FILE] to Logger[ROOT]
17:29:39,684 |-INFO in ch.qos.logback.classic.joran.action.ConfigurationAction - End of configuration.
17:29:39,685 |-INFO in ch.qos.logback.classic.joran.JoranConfigurator@79698539 - Registering current configuration as safe fallback point

Ama winner
Ama winner
2019-06-10T17:29:41.037+0000: 1.807: [Full GC (Metadata GC Threshold) 2019-06-10T17:29:41.037+0000: 1.807: [Tenured: 0K->15241K(341376K), 0.0406703 secs] 117751K->15241K(494976K), [Metaspace: 20734K->20734K(1067008K)], 0.0407357 secs] [Times: user=0.04 sys=0.00, real=0.04 secs] 
17:30:05.314 [Curator-PathChildrenCache-1] WARN  o.a.c.u.ZKPaths  - The version of ZooKeeper being used doesn't support Container nodes. CreateMode.PERSISTENT will be used instead.
2019-06-10T17:30:07.472+0000: 28.241: [GC (Allocation Failure) 2019-06-10T17:30:07.472+0000: 28.241: [DefNew: 136576K->17023K(153600K), 0.0310743 secs] 151817K->52739K(494976K), 0.0311539 secs] [Times: user=0.02 sys=0.01, real=0.03 secs] 
2019-06-10T17:30:08.546+0000: 29.315: [Full GC (Metadata GC Threshold) 2019-06-10T17:30:08.546+0000: 29.315: [Tenured: 35715K->44310K(341376K), 0.0470015 secs] 79975K->44310K(494976K), [Metaspace: 34576K->34576K(1079296K)], 0.0470766 secs] [Times: user=0.04 sys=0.01, real=0.05 secs] 
2019-06-10T17:30:14.486+0000: 35.255: [GC (Allocation Failure) 2019-06-10T17:30:14.486+0000: 35.255: [DefNew: 136576K->108K(153600K), 0.0019073 secs] 180886K->44418K(494976K), 0.0019688 secs] [Times: user=0.00 sys=0.00, real=0.00 secs] 
2019-06-10T17:30:20.396+0000: 41.166: [GC (Allocation Failure) 2019-06-10T17:30:20.396+0000: 41.166: [DefNew: 136684K->139K(153600K), 0.0018356 secs] 180994K->44450K(494976K), 0.0018970 secs] [Times: user=0.00 sys=0.00, real=0.01 secs] 
2019-06-10T17:30:26.321+0000: 47.091: [GC (Allocation Failure) 2019-06-10T17:30:26.321+0000: 47.091: [DefNew: 136715K->149K(153600K), 0.0018871 secs] 181026K->44459K(494976K), 0.0019477 secs] [Times: user=0.00 sys=0.00, real=0.00 secs] 
2019-06-10T17:30:32.258+0000: 53.028: [GC (Allocation Failure) 2019-06-10T17:30:32.258+0000: 53.028: [DefNew: 136725K->140K(153600K), 0.0018890 secs] 181035K->44451K(494976K), 0.0019504 secs] [Times: user=0.00 sys=0.00, real=0.00 secs] 
2019-06-10T17:30:38.140+0000: 58.910: [GC (Allocation Failure) 2019-06-10T17:30:38.140+0000: 58.910: [DefNew: 136716K->143K(153600K), 0.0019235 secs] 181027K->44454K(494976K), 0.0019933 secs] [Times: user=0.00 sys=0.00, real=0.00 secs] 
17:30:49.323 [Curator-PathChildrenCache-0] ERROR o.a.c.f.r.c.PathChildrenCache  - 
java.lang.IllegalStateException: instance must be started before calling this method
	at org.apache.curator.shaded.com.google.common.base.Preconditions.checkState(Preconditions.java:444)
	at org.apache.curator.framework.imps.CuratorFrameworkImpl.getChildren(CuratorFrameworkImpl.java:456)
	at org.apache.curator.framework.recipes.cache.PathChildrenCache.refresh(PathChildrenCache.java:521)
	at org.apache.curator.framework.recipes.cache.RefreshOperation.invoke(RefreshOperation.java:35)
	at org.apache.curator.framework.recipes.cache.PathChildrenCache$9.run(PathChildrenCache.java:786)
	at java.util.concurrent.Executors$RunnableAdapter.call(Executors.java:511)
	at java.util.concurrent.FutureTask.run(FutureTask.java:266)
	at java.util.concurrent.Executors$RunnableAdapter.call(Executors.java:511)
	at java.util.concurrent.FutureTask.run(FutureTask.java:266)
	at java.util.concurrent.ThreadPoolExecutor.runWorker(ThreadPoolExecutor.java:1149)
	at java.util.concurrent.ThreadPoolExecutor$Worker.run(ThreadPoolExecutor.java:624)
	at java.lang.Thread.run(Thread.java:748)
Heap
 def new generation   total 153600K, used 101240K [0x00000000e0c00000, 0x00000000eb2a0000, 0x00000000eb2a0000)
  eden space 136576K,  74% used [0x00000000e0c00000, 0x00000000e6eba148, 0x00000000e9160000)
  from space 17024K,   0% used [0x00000000e9160000, 0x00000000e9183f88, 0x00000000ea200000)
  to   space 17024K,   0% used [0x00000000ea200000, 0x00000000ea200000, 0x00000000eb2a0000)
 tenured generation   total 341376K, used 44310K [0x00000000eb2a0000, 0x0000000100000000, 0x0000000100000000)
   the space 341376K,  12% used [0x00000000eb2a0000, 0x00000000edde5908, 0x00000000edde5a00, 0x0000000100000000)
 Metaspace       used 36146K, capacity 37094K, committed 37376K, reserved 1081344K
  class space    used 4872K, capacity 5081K, committed 5120K, reserved 1048576K
