16:00:41,456 |-INFO in ch.qos.logback.classic.LoggerContext[default] - Could NOT find resource [logback-test.xml]
16:00:41,457 |-INFO in ch.qos.logback.classic.LoggerContext[default] - Could NOT find resource [logback.groovy]
16:00:41,457 |-INFO in ch.qos.logback.classic.LoggerContext[default] - Found resource [logback.xml] at [jar:file:/root/flamestream/lib/flamestream-runtime-1.0-SNAPSHOT.jar!/logback.xml]
16:00:41,458 |-WARN in ch.qos.logback.classic.LoggerContext[default] - Resource [logback.xml] occurs multiple times on the classpath.
16:00:41,458 |-WARN in ch.qos.logback.classic.LoggerContext[default] - Resource [logback.xml] occurs at [jar:file:/root/flamestream/lib/flamestream-runtime-1.0-SNAPSHOT.jar!/logback.xml]
16:00:41,458 |-WARN in ch.qos.logback.classic.LoggerContext[default] - Resource [logback.xml] occurs at [jar:file:/root/flamestream/flamestream-runtime-1.0-SNAPSHOT.jar!/logback.xml]
16:00:41,478 |-INFO in ch.qos.logback.core.joran.spi.ConfigurationWatchList@3fb6a447 - URL [jar:file:/root/flamestream/lib/flamestream-runtime-1.0-SNAPSHOT.jar!/logback.xml] is not of type file
16:00:41,549 |-INFO in ch.qos.logback.classic.joran.action.ConfigurationAction - debug attribute not set
16:00:41,550 |-INFO in ch.qos.logback.core.joran.action.AppenderAction - About to instantiate appender of type [ch.qos.logback.core.ConsoleAppender]
16:00:41,564 |-INFO in ch.qos.logback.core.joran.action.AppenderAction - Naming appender as [STDOUT]
16:00:41,584 |-INFO in ch.qos.logback.core.joran.action.NestedComplexPropertyIA - Assuming default type [ch.qos.logback.classic.encoder.PatternLayoutEncoder] for [encoder] property
16:00:41,671 |-INFO in ch.qos.logback.core.joran.action.AppenderAction - About to instantiate appender of type [ch.qos.logback.core.rolling.RollingFileAppender]
16:00:41,676 |-INFO in ch.qos.logback.core.joran.action.AppenderAction - Naming appender as [FILE]
16:00:41,707 |-INFO in c.q.l.core.rolling.TimeBasedRollingPolicy@127618319 - No compression will be used
16:00:41,708 |-INFO in c.q.l.core.rolling.TimeBasedRollingPolicy@127618319 - Will use the pattern /tmp/application_%d{yyyy-MM-dd}.%i.log for the active file
16:00:41,711 |-INFO in ch.qos.logback.core.rolling.SizeAndTimeBasedFNATP@6b2fad11 - The date pattern is 'yyyy-MM-dd' from file name pattern '/tmp/application_%d{yyyy-MM-dd}.%i.log'.
16:00:41,711 |-INFO in ch.qos.logback.core.rolling.SizeAndTimeBasedFNATP@6b2fad11 - Roll-over at midnight.
16:00:41,716 |-INFO in ch.qos.logback.core.rolling.SizeAndTimeBasedFNATP@6b2fad11 - Setting initial period to Mon Jun 10 15:59:17 UTC 2019
16:00:41,716 |-WARN in ch.qos.logback.core.rolling.SizeAndTimeBasedFNATP@6b2fad11 - SizeAndTimeBasedFNATP is deprecated. Use SizeAndTimeBasedRollingPolicy instead
16:00:41,716 |-WARN in ch.qos.logback.core.rolling.SizeAndTimeBasedFNATP@6b2fad11 - For more information see http://logback.qos.ch/manual/appenders.html#SizeAndTimeBasedRollingPolicy
16:00:41,720 |-INFO in ch.qos.logback.core.joran.action.NestedComplexPropertyIA - Assuming default type [ch.qos.logback.classic.encoder.PatternLayoutEncoder] for [encoder] property
16:00:41,725 |-INFO in ch.qos.logback.core.rolling.RollingFileAppender[FILE] - Active log file name: /tmp/application.log
16:00:41,725 |-INFO in ch.qos.logback.core.rolling.RollingFileAppender[FILE] - File property is set to [/tmp/application.log]
16:00:41,726 |-INFO in ch.qos.logback.classic.joran.action.RootLoggerAction - Setting level of ROOT logger to WARN
16:00:41,726 |-INFO in ch.qos.logback.core.joran.action.AppenderRefAction - Attaching appender named [STDOUT] to Logger[ROOT]
16:00:41,728 |-INFO in ch.qos.logback.core.joran.action.AppenderRefAction - Attaching appender named [FILE] to Logger[ROOT]
16:00:41,728 |-INFO in ch.qos.logback.classic.joran.action.ConfigurationAction - End of configuration.
16:00:41,729 |-INFO in ch.qos.logback.classic.joran.JoranConfigurator@79698539 - Registering current configuration as safe fallback point

Ama winner
Ama winner
2019-06-10T16:00:43.035+0000: 1.765: [Full GC (Metadata GC Threshold) 2019-06-10T16:00:43.035+0000: 1.765: [Tenured: 0K->15209K(341376K), 0.0393369 secs] 114986K->15209K(494976K), [Metaspace: 20728K->20728K(1067008K)], 0.0394063 secs] [Times: user=0.04 sys=0.01, real=0.04 secs] 
16:01:02.798 [Curator-PathChildrenCache-1] WARN  o.a.c.u.ZKPaths  - The version of ZooKeeper being used doesn't support Container nodes. CreateMode.PERSISTENT will be used instead.
2019-06-10T16:01:05.396+0000: 24.126: [GC (Allocation Failure) 2019-06-10T16:01:05.396+0000: 24.126: [DefNew: 136576K->17024K(153600K), 0.0256186 secs] 151785K->52643K(494976K), 0.0256893 secs] [Times: user=0.02 sys=0.00, real=0.03 secs] 
2019-06-10T16:01:08.544+0000: 27.274: [Full GC (Metadata GC Threshold) 2019-06-10T16:01:08.544+0000: 27.274: [Tenured: 35619K->44505K(341376K), 0.0475881 secs] 118200K->44505K(494976K), [Metaspace: 34610K->34610K(1079296K)], 0.0476577 secs] [Times: user=0.05 sys=0.00, real=0.05 secs] 
2019-06-10T16:01:15.844+0000: 34.574: [GC (Allocation Failure) 2019-06-10T16:01:15.844+0000: 34.574: [DefNew: 136576K->75K(153600K), 0.0019537 secs] 181081K->44580K(494976K), 0.0020121 secs] [Times: user=0.00 sys=0.00, real=0.01 secs] 
2019-06-10T16:01:23.090+0000: 41.821: [GC (Allocation Failure) 2019-06-10T16:01:23.091+0000: 41.821: [DefNew: 136651K->77K(153600K), 0.0018120 secs] 181156K->44583K(494976K), 0.0018772 secs] [Times: user=0.01 sys=0.00, real=0.00 secs] 
2019-06-10T16:01:30.438+0000: 49.168: [GC (Allocation Failure) 2019-06-10T16:01:30.438+0000: 49.168: [DefNew: 136653K->74K(153600K), 0.0018045 secs] 181159K->44580K(494976K), 0.0018645 secs] [Times: user=0.00 sys=0.00, real=0.00 secs] 
2019-06-10T16:01:37.821+0000: 56.551: [GC (Allocation Failure) 2019-06-10T16:01:37.821+0000: 56.551: [DefNew: 136650K->77K(153600K), 0.0018110 secs] 181156K->44582K(494976K), 0.0018702 secs] [Times: user=0.00 sys=0.00, real=0.00 secs] 
2019-06-10T16:01:45.447+0000: 64.177: [GC (Allocation Failure) 2019-06-10T16:01:45.447+0000: 64.177: [DefNew: 136653K->437K(153600K), 0.0023395 secs] 181158K->44942K(494976K), 0.0023939 secs] [Times: user=0.00 sys=0.00, real=0.00 secs] 
16:02:03.741 [Curator-PathChildrenCache-0] ERROR o.a.c.f.r.c.PathChildrenCache  - 
java.lang.IllegalStateException: instance must be started before calling this method
	at org.apache.curator.shaded.com.google.common.base.Preconditions.checkState(Preconditions.java:444)
	at org.apache.curator.framework.imps.CuratorFrameworkImpl.getChildren(CuratorFrameworkImpl.java:456)
	at org.apache.curator.framework.recipes.cache.PathChildrenCache.refresh(PathChildrenCache.java:521)
	at org.apache.curator.framework.recipes.cache.RefreshOperation.invoke(RefreshOperation.java:35)
	at org.apache.curator.framework.recipes.cache.PathChildrenCache$9.run(PathChildrenCache.java:786)
	at java.util.concurrent.Executors$RunnableAdapter.call(Executors.java:511)
	at java.util.concurrent.FutureTask.run(FutureTask.java:266)
	at java.util.concurrent.Executors$RunnableAdapter.call(Executors.java:511)
	at java.util.concurrent.FutureTask.run(FutureTask.java:266)
	at java.util.concurrent.ThreadPoolExecutor.runWorker(ThreadPoolExecutor.java:1149)
	at java.util.concurrent.ThreadPoolExecutor$Worker.run(ThreadPoolExecutor.java:624)
	at java.lang.Thread.run(Thread.java:748)
Heap
 def new generation   total 153600K, used 92203K [0x00000000e0c00000, 0x00000000eb2a0000, 0x00000000eb2a0000)
  eden space 136576K,  67% used [0x00000000e0c00000, 0x00000000e659d818, 0x00000000e9160000)
  from space 17024K,   2% used [0x00000000e9160000, 0x00000000e91cd4c0, 0x00000000ea200000)
  to   space 17024K,   0% used [0x00000000ea200000, 0x00000000ea200000, 0x00000000eb2a0000)
 tenured generation   total 341376K, used 44505K [0x00000000eb2a0000, 0x0000000100000000, 0x0000000100000000)
   the space 341376K,  13% used [0x00000000eb2a0000, 0x00000000ede16678, 0x00000000ede16800, 0x0000000100000000)
 Metaspace       used 36283K, capacity 37196K, committed 37376K, reserved 1081344K
  class space    used 4859K, capacity 5076K, committed 5120K, reserved 1048576K
