07:42:21,114 |-INFO in ch.qos.logback.classic.LoggerContext[default] - Could NOT find resource [logback-test.xml]
07:42:21,114 |-INFO in ch.qos.logback.classic.LoggerContext[default] - Could NOT find resource [logback.groovy]
07:42:21,115 |-INFO in ch.qos.logback.classic.LoggerContext[default] - Found resource [logback.xml] at [jar:file:/root/flamestream/lib/flamestream-runtime-1.0-SNAPSHOT.jar!/logback.xml]
07:42:21,116 |-WARN in ch.qos.logback.classic.LoggerContext[default] - Resource [logback.xml] occurs multiple times on the classpath.
07:42:21,116 |-WARN in ch.qos.logback.classic.LoggerContext[default] - Resource [logback.xml] occurs at [jar:file:/root/flamestream/lib/flamestream-runtime-1.0-SNAPSHOT.jar!/logback.xml]
07:42:21,116 |-WARN in ch.qos.logback.classic.LoggerContext[default] - Resource [logback.xml] occurs at [jar:file:/root/flamestream/flamestream-runtime-1.0-SNAPSHOT.jar!/logback.xml]
07:42:21,135 |-INFO in ch.qos.logback.core.joran.spi.ConfigurationWatchList@3fb6a447 - URL [jar:file:/root/flamestream/lib/flamestream-runtime-1.0-SNAPSHOT.jar!/logback.xml] is not of type file
07:42:21,209 |-INFO in ch.qos.logback.classic.joran.action.ConfigurationAction - debug attribute not set
07:42:21,209 |-INFO in ch.qos.logback.core.joran.action.AppenderAction - About to instantiate appender of type [ch.qos.logback.core.ConsoleAppender]
07:42:21,227 |-INFO in ch.qos.logback.core.joran.action.AppenderAction - Naming appender as [STDOUT]
07:42:21,243 |-INFO in ch.qos.logback.core.joran.action.NestedComplexPropertyIA - Assuming default type [ch.qos.logback.classic.encoder.PatternLayoutEncoder] for [encoder] property
07:42:21,329 |-INFO in ch.qos.logback.core.joran.action.AppenderAction - About to instantiate appender of type [ch.qos.logback.core.rolling.RollingFileAppender]
07:42:21,337 |-INFO in ch.qos.logback.core.joran.action.AppenderAction - Naming appender as [FILE]
07:42:21,367 |-INFO in c.q.l.core.rolling.TimeBasedRollingPolicy@127618319 - No compression will be used
07:42:21,369 |-INFO in c.q.l.core.rolling.TimeBasedRollingPolicy@127618319 - Will use the pattern /tmp/application_%d{yyyy-MM-dd}.%i.log for the active file
07:42:21,371 |-INFO in ch.qos.logback.core.rolling.SizeAndTimeBasedFNATP@6b2fad11 - The date pattern is 'yyyy-MM-dd' from file name pattern '/tmp/application_%d{yyyy-MM-dd}.%i.log'.
07:42:21,372 |-INFO in ch.qos.logback.core.rolling.SizeAndTimeBasedFNATP@6b2fad11 - Roll-over at midnight.
07:42:21,377 |-INFO in ch.qos.logback.core.rolling.SizeAndTimeBasedFNATP@6b2fad11 - Setting initial period to Tue Jun 11 07:41:01 UTC 2019
07:42:21,377 |-WARN in ch.qos.logback.core.rolling.SizeAndTimeBasedFNATP@6b2fad11 - SizeAndTimeBasedFNATP is deprecated. Use SizeAndTimeBasedRollingPolicy instead
07:42:21,377 |-WARN in ch.qos.logback.core.rolling.SizeAndTimeBasedFNATP@6b2fad11 - For more information see http://logback.qos.ch/manual/appenders.html#SizeAndTimeBasedRollingPolicy
07:42:21,382 |-INFO in ch.qos.logback.core.joran.action.NestedComplexPropertyIA - Assuming default type [ch.qos.logback.classic.encoder.PatternLayoutEncoder] for [encoder] property
07:42:21,386 |-INFO in ch.qos.logback.core.rolling.RollingFileAppender[FILE] - Active log file name: /tmp/application.log
07:42:21,386 |-INFO in ch.qos.logback.core.rolling.RollingFileAppender[FILE] - File property is set to [/tmp/application.log]
07:42:21,387 |-INFO in ch.qos.logback.classic.joran.action.RootLoggerAction - Setting level of ROOT logger to WARN
07:42:21,387 |-INFO in ch.qos.logback.core.joran.action.AppenderRefAction - Attaching appender named [STDOUT] to Logger[ROOT]
07:42:21,389 |-INFO in ch.qos.logback.core.joran.action.AppenderRefAction - Attaching appender named [FILE] to Logger[ROOT]
07:42:21,389 |-INFO in ch.qos.logback.classic.joran.action.ConfigurationAction - End of configuration.
07:42:21,390 |-INFO in ch.qos.logback.classic.joran.JoranConfigurator@79698539 - Registering current configuration as safe fallback point

Ama winner
Ama winner
2019-06-11T07:42:22.737+0000: 1.813: [Full GC (Metadata GC Threshold) 2019-06-11T07:42:22.737+0000: 1.813: [Tenured: 0K->15240K(341376K), 0.0405356 secs] 117751K->15240K(494976K), [Metaspace: 20730K->20730K(1067008K)], 0.0406038 secs] [Times: user=0.04 sys=0.01, real=0.04 secs] 
07:42:36.097 [Curator-PathChildrenCache-1] WARN  o.a.c.u.ZKPaths  - The version of ZooKeeper being used doesn't support Container nodes. CreateMode.PERSISTENT will be used instead.
2019-06-11T07:42:38.505+0000: 17.581: [GC (Allocation Failure) 2019-06-11T07:42:38.505+0000: 17.581: [DefNew: 136576K->17023K(153600K), 0.0298289 secs] 151816K->52479K(494976K), 0.0299015 secs] [Times: user=0.02 sys=0.00, real=0.03 secs] 
2019-06-11T07:42:39.895+0000: 18.971: [Full GC (Metadata GC Threshold) 2019-06-11T07:42:39.895+0000: 18.971: [Tenured: 35455K->43661K(341376K), 0.0444458 secs] 84762K->43661K(494976K), [Metaspace: 34585K->34585K(1079296K)], 0.0445248 secs] [Times: user=0.04 sys=0.00, real=0.05 secs] 
2019-06-11T07:42:46.298+0000: 25.374: [GC (Allocation Failure) 2019-06-11T07:42:46.299+0000: 25.374: [DefNew: 136576K->67K(153600K), 0.0018790 secs] 180237K->43728K(494976K), 0.0019382 secs] [Times: user=0.00 sys=0.00, real=0.00 secs] 
2019-06-11T07:42:52.771+0000: 31.847: [GC (Allocation Failure) 2019-06-11T07:42:52.771+0000: 31.847: [DefNew: 136643K->81K(153600K), 0.0018356 secs] 180304K->43742K(494976K), 0.0019002 secs] [Times: user=0.00 sys=0.00, real=0.00 secs] 
2019-06-11T07:42:59.274+0000: 38.350: [GC (Allocation Failure) 2019-06-11T07:42:59.274+0000: 38.350: [DefNew: 136657K->70K(153600K), 0.0017286 secs] 180318K->43731K(494976K), 0.0017919 secs] [Times: user=0.01 sys=0.00, real=0.00 secs] 
2019-06-11T07:43:05.829+0000: 44.905: [GC (Allocation Failure) 2019-06-11T07:43:05.829+0000: 44.905: [DefNew: 136646K->70K(153600K), 0.0017962 secs] 180307K->43731K(494976K), 0.0018579 secs] [Times: user=0.00 sys=0.00, real=0.00 secs] 
2019-06-11T07:43:12.404+0000: 51.480: [GC (Allocation Failure) 2019-06-11T07:43:12.404+0000: 51.480: [DefNew: 136646K->72K(153600K), 0.0017745 secs] 180307K->43733K(494976K), 0.0018337 secs] [Times: user=0.00 sys=0.00, real=0.00 secs] 
07:43:23.590 [Curator-PathChildrenCache-0] ERROR o.a.c.f.r.c.PathChildrenCache  - 
java.lang.IllegalStateException: instance must be started before calling this method
	at org.apache.curator.shaded.com.google.common.base.Preconditions.checkState(Preconditions.java:444)
	at org.apache.curator.framework.imps.CuratorFrameworkImpl.getChildren(CuratorFrameworkImpl.java:456)
	at org.apache.curator.framework.recipes.cache.PathChildrenCache.refresh(PathChildrenCache.java:521)
	at org.apache.curator.framework.recipes.cache.RefreshOperation.invoke(RefreshOperation.java:35)
	at org.apache.curator.framework.recipes.cache.PathChildrenCache$9.run(PathChildrenCache.java:786)
	at java.util.concurrent.Executors$RunnableAdapter.call(Executors.java:511)
	at java.util.concurrent.FutureTask.run(FutureTask.java:266)
	at java.util.concurrent.Executors$RunnableAdapter.call(Executors.java:511)
	at java.util.concurrent.FutureTask.run(FutureTask.java:266)
	at java.util.concurrent.ThreadPoolExecutor.runWorker(ThreadPoolExecutor.java:1149)
	at java.util.concurrent.ThreadPoolExecutor$Worker.run(ThreadPoolExecutor.java:624)
	at java.lang.Thread.run(Thread.java:748)
Heap
 def new generation   total 153600K, used 126224K [0x00000000e0c00000, 0x00000000eb2a0000, 0x00000000eb2a0000)
  eden space 136576K,  92% used [0x00000000e0c00000, 0x00000000e8731fc0, 0x00000000e9160000)
  from space 17024K,   0% used [0x00000000e9160000, 0x00000000e91721a0, 0x00000000ea200000)
  to   space 17024K,   0% used [0x00000000ea200000, 0x00000000ea200000, 0x00000000eb2a0000)
 tenured generation   total 341376K, used 43661K [0x00000000eb2a0000, 0x0000000100000000, 0x0000000100000000)
   the space 341376K,  12% used [0x00000000eb2a0000, 0x00000000edd434b8, 0x00000000edd43600, 0x0000000100000000)
 Metaspace       used 36268K, capacity 37164K, committed 37376K, reserved 1081344K
  class space    used 4882K, capacity 5082K, committed 5120K, reserved 1048576K
