07:11:48,921 |-INFO in ch.qos.logback.classic.LoggerContext[default] - Could NOT find resource [logback-test.xml]
07:11:48,921 |-INFO in ch.qos.logback.classic.LoggerContext[default] - Could NOT find resource [logback.groovy]
07:11:48,921 |-INFO in ch.qos.logback.classic.LoggerContext[default] - Found resource [logback.xml] at [jar:file:/root/flamestream/lib/flamestream-runtime-1.0-SNAPSHOT.jar!/logback.xml]
07:11:48,922 |-WARN in ch.qos.logback.classic.LoggerContext[default] - Resource [logback.xml] occurs multiple times on the classpath.
07:11:48,922 |-WARN in ch.qos.logback.classic.LoggerContext[default] - Resource [logback.xml] occurs at [jar:file:/root/flamestream/lib/flamestream-runtime-1.0-SNAPSHOT.jar!/logback.xml]
07:11:48,922 |-WARN in ch.qos.logback.classic.LoggerContext[default] - Resource [logback.xml] occurs at [jar:file:/root/flamestream/flamestream-runtime-1.0-SNAPSHOT.jar!/logback.xml]
07:11:48,941 |-INFO in ch.qos.logback.core.joran.spi.ConfigurationWatchList@3fb6a447 - URL [jar:file:/root/flamestream/lib/flamestream-runtime-1.0-SNAPSHOT.jar!/logback.xml] is not of type file
07:11:49,013 |-INFO in ch.qos.logback.classic.joran.action.ConfigurationAction - debug attribute not set
07:11:49,013 |-INFO in ch.qos.logback.core.joran.action.AppenderAction - About to instantiate appender of type [ch.qos.logback.core.ConsoleAppender]
07:11:49,030 |-INFO in ch.qos.logback.core.joran.action.AppenderAction - Naming appender as [STDOUT]
07:11:49,043 |-INFO in ch.qos.logback.core.joran.action.NestedComplexPropertyIA - Assuming default type [ch.qos.logback.classic.encoder.PatternLayoutEncoder] for [encoder] property
07:11:49,132 |-INFO in ch.qos.logback.core.joran.action.AppenderAction - About to instantiate appender of type [ch.qos.logback.core.rolling.RollingFileAppender]
07:11:49,136 |-INFO in ch.qos.logback.core.joran.action.AppenderAction - Naming appender as [FILE]
07:11:49,165 |-INFO in c.q.l.core.rolling.TimeBasedRollingPolicy@127618319 - No compression will be used
07:11:49,167 |-INFO in c.q.l.core.rolling.TimeBasedRollingPolicy@127618319 - Will use the pattern /tmp/application_%d{yyyy-MM-dd}.%i.log for the active file
07:11:49,170 |-INFO in ch.qos.logback.core.rolling.SizeAndTimeBasedFNATP@6b2fad11 - The date pattern is 'yyyy-MM-dd' from file name pattern '/tmp/application_%d{yyyy-MM-dd}.%i.log'.
07:11:49,170 |-INFO in ch.qos.logback.core.rolling.SizeAndTimeBasedFNATP@6b2fad11 - Roll-over at midnight.
07:11:49,175 |-INFO in ch.qos.logback.core.rolling.SizeAndTimeBasedFNATP@6b2fad11 - Setting initial period to Tue Jun 11 07:10:19 UTC 2019
07:11:49,175 |-WARN in ch.qos.logback.core.rolling.SizeAndTimeBasedFNATP@6b2fad11 - SizeAndTimeBasedFNATP is deprecated. Use SizeAndTimeBasedRollingPolicy instead
07:11:49,175 |-WARN in ch.qos.logback.core.rolling.SizeAndTimeBasedFNATP@6b2fad11 - For more information see http://logback.qos.ch/manual/appenders.html#SizeAndTimeBasedRollingPolicy
07:11:49,179 |-INFO in ch.qos.logback.core.joran.action.NestedComplexPropertyIA - Assuming default type [ch.qos.logback.classic.encoder.PatternLayoutEncoder] for [encoder] property
07:11:49,184 |-INFO in ch.qos.logback.core.rolling.RollingFileAppender[FILE] - Active log file name: /tmp/application.log
07:11:49,184 |-INFO in ch.qos.logback.core.rolling.RollingFileAppender[FILE] - File property is set to [/tmp/application.log]
07:11:49,185 |-INFO in ch.qos.logback.classic.joran.action.RootLoggerAction - Setting level of ROOT logger to WARN
07:11:49,185 |-INFO in ch.qos.logback.core.joran.action.AppenderRefAction - Attaching appender named [STDOUT] to Logger[ROOT]
07:11:49,187 |-INFO in ch.qos.logback.core.joran.action.AppenderRefAction - Attaching appender named [FILE] to Logger[ROOT]
07:11:49,187 |-INFO in ch.qos.logback.classic.joran.action.ConfigurationAction - End of configuration.
07:11:49,187 |-INFO in ch.qos.logback.classic.joran.JoranConfigurator@79698539 - Registering current configuration as safe fallback point

Ama winner
Ama winner
2019-06-11T07:11:50.477+0000: 1.741: [Full GC (Metadata GC Threshold) 2019-06-11T07:11:50.477+0000: 1.741: [Tenured: 0K->15241K(341376K), 0.0385324 secs] 117750K->15241K(494976K), [Metaspace: 20737K->20737K(1067008K)], 0.0385981 secs] [Times: user=0.04 sys=0.01, real=0.04 secs] 
07:12:16.357 [Curator-PathChildrenCache-2] WARN  o.a.c.u.ZKPaths  - The version of ZooKeeper being used doesn't support Container nodes. CreateMode.PERSISTENT will be used instead.
2019-06-11T07:12:18.445+0000: 29.709: [GC (Allocation Failure) 2019-06-11T07:12:18.445+0000: 29.709: [DefNew: 136576K->17023K(153600K), 0.0264941 secs] 151817K->52768K(494976K), 0.0265715 secs] [Times: user=0.01 sys=0.02, real=0.03 secs] 
2019-06-11T07:12:18.905+0000: 30.170: [Full GC (Metadata GC Threshold) 2019-06-11T07:12:18.905+0000: 30.170: [Tenured: 35744K->44308K(341376K), 0.0358083 secs] 69135K->44308K(494976K), [Metaspace: 34591K->34591K(1079296K)], 0.0359105 secs] [Times: user=0.03 sys=0.00, real=0.03 secs] 
2019-06-11T07:12:22.225+0000: 33.490: [GC (Allocation Failure) 2019-06-11T07:12:22.225+0000: 33.490: [DefNew: 136576K->107K(153600K), 0.0019875 secs] 180884K->44416K(494976K), 0.0020426 secs] [Times: user=0.01 sys=0.00, real=0.01 secs] 
2019-06-11T07:12:25.449+0000: 36.714: [GC (Allocation Failure) 2019-06-11T07:12:25.449+0000: 36.714: [DefNew: 136683K->143K(153600K), 0.0018476 secs] 180992K->44451K(494976K), 0.0019191 secs] [Times: user=0.00 sys=0.00, real=0.00 secs] 
2019-06-11T07:12:28.675+0000: 39.940: [GC (Allocation Failure) 2019-06-11T07:12:28.676+0000: 39.940: [DefNew: 136719K->145K(153600K), 0.0017394 secs] 181027K->44453K(494976K), 0.0017963 secs] [Times: user=0.00 sys=0.00, real=0.00 secs] 
2019-06-11T07:12:31.949+0000: 43.213: [GC (Allocation Failure) 2019-06-11T07:12:31.949+0000: 43.213: [DefNew: 136721K->146K(153600K), 0.0018342 secs] 181029K->44454K(494976K), 0.0018942 secs] [Times: user=0.01 sys=0.00, real=0.00 secs] 
2019-06-11T07:12:35.141+0000: 46.406: [GC (Allocation Failure) 2019-06-11T07:12:35.141+0000: 46.406: [DefNew: 136722K->149K(153600K), 0.0018491 secs] 181030K->44458K(494976K), 0.0019065 secs] [Times: user=0.00 sys=0.00, real=0.00 secs] 
2019-06-11T07:12:38.363+0000: 49.627: [GC (Allocation Failure) 2019-06-11T07:12:38.363+0000: 49.627: [DefNew: 136725K->144K(153600K), 0.0018247 secs] 181034K->44453K(494976K), 0.0018840 secs] [Times: user=0.00 sys=0.00, real=0.00 secs] 
2019-06-11T07:12:41.586+0000: 52.851: [GC (Allocation Failure) 2019-06-11T07:12:41.586+0000: 52.851: [DefNew: 136720K->156K(153600K), 0.0018162 secs] 181029K->44465K(494976K), 0.0018771 secs] [Times: user=0.00 sys=0.00, real=0.00 secs] 
2019-06-11T07:12:44.807+0000: 56.072: [GC (Allocation Failure) 2019-06-11T07:12:44.807+0000: 56.072: [DefNew: 136732K->145K(153600K), 0.0019276 secs] 181041K->44453K(494976K), 0.0019865 secs] [Times: user=0.00 sys=0.00, real=0.00 secs] 
2019-06-11T07:12:55.186+0000: 66.450: [GC (Allocation Failure) 2019-06-11T07:12:55.186+0000: 66.450: [DefNew: 136721K->506K(153600K), 0.0024188 secs] 181029K->44815K(494976K), 0.0024840 secs] [Times: user=0.00 sys=0.00, real=0.00 secs] 
07:12:56.159 [Curator-PathChildrenCache-0] ERROR o.a.c.f.r.c.PathChildrenCache  - 
java.lang.IllegalStateException: instance must be started before calling this method
	at org.apache.curator.shaded.com.google.common.base.Preconditions.checkState(Preconditions.java:444)
	at org.apache.curator.framework.imps.CuratorFrameworkImpl.getChildren(CuratorFrameworkImpl.java:456)
	at org.apache.curator.framework.recipes.cache.PathChildrenCache.refresh(PathChildrenCache.java:521)
	at org.apache.curator.framework.recipes.cache.RefreshOperation.invoke(RefreshOperation.java:35)
	at org.apache.curator.framework.recipes.cache.PathChildrenCache$9.run(PathChildrenCache.java:786)
	at java.util.concurrent.Executors$RunnableAdapter.call(Executors.java:511)
	at java.util.concurrent.FutureTask.run(FutureTask.java:266)
	at java.util.concurrent.Executors$RunnableAdapter.call(Executors.java:511)
	at java.util.concurrent.FutureTask.run(FutureTask.java:266)
	at java.util.concurrent.ThreadPoolExecutor.runWorker(ThreadPoolExecutor.java:1149)
	at java.util.concurrent.ThreadPoolExecutor$Worker.run(ThreadPoolExecutor.java:624)
	at java.lang.Thread.run(Thread.java:748)
Heap
 def new generation   total 153600K, used 43755K [0x00000000e0c00000, 0x00000000eb2a0000, 0x00000000eb2a0000)
  eden space 136576K,  31% used [0x00000000e0c00000, 0x00000000e363c188, 0x00000000e9160000)
  from space 17024K,   2% used [0x00000000e9160000, 0x00000000e91deb48, 0x00000000ea200000)
  to   space 17024K,   0% used [0x00000000ea200000, 0x00000000ea200000, 0x00000000eb2a0000)
 tenured generation   total 341376K, used 44308K [0x00000000eb2a0000, 0x0000000100000000, 0x0000000100000000)
   the space 341376K,  12% used [0x00000000eb2a0000, 0x00000000edde52d0, 0x00000000edde5400, 0x0000000100000000)
 Metaspace       used 36337K, capacity 37314K, committed 37504K, reserved 1081344K
  class space    used 4902K, capacity 5123K, committed 5248K, reserved 1048576K
