07:40:02,243 |-INFO in ch.qos.logback.classic.LoggerContext[default] - Could NOT find resource [logback-test.xml]
07:40:02,243 |-INFO in ch.qos.logback.classic.LoggerContext[default] - Could NOT find resource [logback.groovy]
07:40:02,243 |-INFO in ch.qos.logback.classic.LoggerContext[default] - Found resource [logback.xml] at [jar:file:/root/flamestream/lib/flamestream-runtime-1.0-SNAPSHOT.jar!/logback.xml]
07:40:02,244 |-WARN in ch.qos.logback.classic.LoggerContext[default] - Resource [logback.xml] occurs multiple times on the classpath.
07:40:02,244 |-WARN in ch.qos.logback.classic.LoggerContext[default] - Resource [logback.xml] occurs at [jar:file:/root/flamestream/lib/flamestream-runtime-1.0-SNAPSHOT.jar!/logback.xml]
07:40:02,244 |-WARN in ch.qos.logback.classic.LoggerContext[default] - Resource [logback.xml] occurs at [jar:file:/root/flamestream/flamestream-runtime-1.0-SNAPSHOT.jar!/logback.xml]
07:40:02,266 |-INFO in ch.qos.logback.core.joran.spi.ConfigurationWatchList@3fb6a447 - URL [jar:file:/root/flamestream/lib/flamestream-runtime-1.0-SNAPSHOT.jar!/logback.xml] is not of type file
07:40:02,335 |-INFO in ch.qos.logback.classic.joran.action.ConfigurationAction - debug attribute not set
07:40:02,335 |-INFO in ch.qos.logback.core.joran.action.AppenderAction - About to instantiate appender of type [ch.qos.logback.core.ConsoleAppender]
07:40:02,352 |-INFO in ch.qos.logback.core.joran.action.AppenderAction - Naming appender as [STDOUT]
07:40:02,372 |-INFO in ch.qos.logback.core.joran.action.NestedComplexPropertyIA - Assuming default type [ch.qos.logback.classic.encoder.PatternLayoutEncoder] for [encoder] property
07:40:02,459 |-INFO in ch.qos.logback.core.joran.action.AppenderAction - About to instantiate appender of type [ch.qos.logback.core.rolling.RollingFileAppender]
07:40:02,464 |-INFO in ch.qos.logback.core.joran.action.AppenderAction - Naming appender as [FILE]
07:40:02,495 |-INFO in c.q.l.core.rolling.TimeBasedRollingPolicy@127618319 - No compression will be used
07:40:02,496 |-INFO in c.q.l.core.rolling.TimeBasedRollingPolicy@127618319 - Will use the pattern /tmp/application_%d{yyyy-MM-dd}.%i.log for the active file
07:40:02,499 |-INFO in ch.qos.logback.core.rolling.SizeAndTimeBasedFNATP@6b2fad11 - The date pattern is 'yyyy-MM-dd' from file name pattern '/tmp/application_%d{yyyy-MM-dd}.%i.log'.
07:40:02,499 |-INFO in ch.qos.logback.core.rolling.SizeAndTimeBasedFNATP@6b2fad11 - Roll-over at midnight.
07:40:02,505 |-INFO in ch.qos.logback.core.rolling.SizeAndTimeBasedFNATP@6b2fad11 - Setting initial period to Tue Jun 11 07:38:33 UTC 2019
07:40:02,505 |-WARN in ch.qos.logback.core.rolling.SizeAndTimeBasedFNATP@6b2fad11 - SizeAndTimeBasedFNATP is deprecated. Use SizeAndTimeBasedRollingPolicy instead
07:40:02,505 |-WARN in ch.qos.logback.core.rolling.SizeAndTimeBasedFNATP@6b2fad11 - For more information see http://logback.qos.ch/manual/appenders.html#SizeAndTimeBasedRollingPolicy
07:40:02,509 |-INFO in ch.qos.logback.core.joran.action.NestedComplexPropertyIA - Assuming default type [ch.qos.logback.classic.encoder.PatternLayoutEncoder] for [encoder] property
07:40:02,514 |-INFO in ch.qos.logback.core.rolling.RollingFileAppender[FILE] - Active log file name: /tmp/application.log
07:40:02,514 |-INFO in ch.qos.logback.core.rolling.RollingFileAppender[FILE] - File property is set to [/tmp/application.log]
07:40:02,515 |-INFO in ch.qos.logback.classic.joran.action.RootLoggerAction - Setting level of ROOT logger to WARN
07:40:02,515 |-INFO in ch.qos.logback.core.joran.action.AppenderRefAction - Attaching appender named [STDOUT] to Logger[ROOT]
07:40:02,517 |-INFO in ch.qos.logback.core.joran.action.AppenderRefAction - Attaching appender named [FILE] to Logger[ROOT]
07:40:02,517 |-INFO in ch.qos.logback.classic.joran.action.ConfigurationAction - End of configuration.
07:40:02,517 |-INFO in ch.qos.logback.classic.joran.JoranConfigurator@79698539 - Registering current configuration as safe fallback point

Ama winner
Ama winner
2019-06-11T07:40:03.832+0000: 1.778: [Full GC (Metadata GC Threshold) 2019-06-11T07:40:03.832+0000: 1.778: [Tenured: 0K->15207K(341376K), 0.0366710 secs] 114986K->15207K(494976K), [Metaspace: 20728K->20728K(1067008K)], 0.0367370 secs] [Times: user=0.03 sys=0.01, real=0.04 secs] 
07:40:18.906 [Curator-PathChildrenCache-1] WARN  o.a.c.u.ZKPaths  - The version of ZooKeeper being used doesn't support Container nodes. CreateMode.PERSISTENT will be used instead.
2019-06-11T07:40:21.165+0000: 19.111: [GC (Allocation Failure) 2019-06-11T07:40:21.166+0000: 19.111: [DefNew: 136576K->17024K(153600K), 0.0287078 secs] 151783K->52631K(494976K), 0.0287918 secs] [Times: user=0.02 sys=0.00, real=0.02 secs] 
2019-06-11T07:40:24.309+0000: 22.255: [Full GC (Metadata GC Threshold) 2019-06-11T07:40:24.310+0000: 22.255: [Tenured: 35607K->44164K(341376K), 0.0488539 secs] 124016K->44164K(494976K), [Metaspace: 34545K->34545K(1079296K)], 0.0489283 secs] [Times: user=0.05 sys=0.00, real=0.05 secs] 
2019-06-11T07:40:30.325+0000: 28.271: [GC (Allocation Failure) 2019-06-11T07:40:30.325+0000: 28.271: [DefNew: 136576K->55K(153600K), 0.0017838 secs] 180740K->44220K(494976K), 0.0018575 secs] [Times: user=0.00 sys=0.00, real=0.00 secs] 
2019-06-11T07:40:36.276+0000: 34.222: [GC (Allocation Failure) 2019-06-11T07:40:36.276+0000: 34.222: [DefNew: 136631K->55K(153600K), 0.0017273 secs] 180796K->44220K(494976K), 0.0017909 secs] [Times: user=0.00 sys=0.00, real=0.01 secs] 
2019-06-11T07:40:42.194+0000: 40.140: [GC (Allocation Failure) 2019-06-11T07:40:42.194+0000: 40.140: [DefNew: 136631K->55K(153600K), 0.0016593 secs] 180796K->44220K(494976K), 0.0017201 secs] [Times: user=0.00 sys=0.00, real=0.01 secs] 
2019-06-11T07:40:48.146+0000: 46.092: [GC (Allocation Failure) 2019-06-11T07:40:48.146+0000: 46.092: [DefNew: 136631K->55K(153600K), 0.0016802 secs] 180796K->44220K(494976K), 0.0017381 secs] [Times: user=0.00 sys=0.00, real=0.00 secs] 
2019-06-11T07:40:54.473+0000: 52.419: [GC (Allocation Failure) 2019-06-11T07:40:54.474+0000: 52.419: [DefNew: 136631K->56K(153600K), 0.0016779 secs] 180796K->44221K(494976K), 0.0017381 secs] [Times: user=0.00 sys=0.00, real=0.00 secs] 
07:41:01.958 [Curator-PathChildrenCache-0] ERROR o.a.c.f.r.c.PathChildrenCache  - 
java.lang.IllegalStateException: instance must be started before calling this method
	at org.apache.curator.shaded.com.google.common.base.Preconditions.checkState(Preconditions.java:444)
	at org.apache.curator.framework.imps.CuratorFrameworkImpl.getChildren(CuratorFrameworkImpl.java:456)
	at org.apache.curator.framework.recipes.cache.PathChildrenCache.refresh(PathChildrenCache.java:521)
	at org.apache.curator.framework.recipes.cache.RefreshOperation.invoke(RefreshOperation.java:35)
	at org.apache.curator.framework.recipes.cache.PathChildrenCache$9.run(PathChildrenCache.java:786)
	at java.util.concurrent.Executors$RunnableAdapter.call(Executors.java:511)
	at java.util.concurrent.FutureTask.run(FutureTask.java:266)
	at java.util.concurrent.Executors$RunnableAdapter.call(Executors.java:511)
	at java.util.concurrent.FutureTask.run(FutureTask.java:266)
	at java.util.concurrent.ThreadPoolExecutor.runWorker(ThreadPoolExecutor.java:1149)
	at java.util.concurrent.ThreadPoolExecutor$Worker.run(ThreadPoolExecutor.java:624)
	at java.lang.Thread.run(Thread.java:748)
Heap
 def new generation   total 153600K, used 53247K [0x00000000e0c00000, 0x00000000eb2a0000, 0x00000000eb2a0000)
  eden space 136576K,  38% used [0x00000000e0c00000, 0x00000000e3ff1ca0, 0x00000000e9160000)
  from space 17024K,   0% used [0x00000000e9160000, 0x00000000e916e310, 0x00000000ea200000)
  to   space 17024K,   0% used [0x00000000ea200000, 0x00000000ea200000, 0x00000000eb2a0000)
 tenured generation   total 341376K, used 44164K [0x00000000eb2a0000, 0x0000000100000000, 0x0000000100000000)
   the space 341376K,  12% used [0x00000000eb2a0000, 0x00000000eddc1368, 0x00000000eddc1400, 0x0000000100000000)
 Metaspace       used 35758K, capacity 36668K, committed 36864K, reserved 1081344K
  class space    used 4817K, capacity 5020K, committed 5120K, reserved 1048576K
