16:46:31,518 |-INFO in ch.qos.logback.classic.LoggerContext[default] - Could NOT find resource [logback-test.xml]
16:46:31,519 |-INFO in ch.qos.logback.classic.LoggerContext[default] - Could NOT find resource [logback.groovy]
16:46:31,519 |-INFO in ch.qos.logback.classic.LoggerContext[default] - Found resource [logback.xml] at [jar:file:/root/flamestream/lib/flamestream-runtime-1.0-SNAPSHOT.jar!/logback.xml]
16:46:31,520 |-WARN in ch.qos.logback.classic.LoggerContext[default] - Resource [logback.xml] occurs multiple times on the classpath.
16:46:31,520 |-WARN in ch.qos.logback.classic.LoggerContext[default] - Resource [logback.xml] occurs at [jar:file:/root/flamestream/lib/flamestream-runtime-1.0-SNAPSHOT.jar!/logback.xml]
16:46:31,520 |-WARN in ch.qos.logback.classic.LoggerContext[default] - Resource [logback.xml] occurs at [jar:file:/root/flamestream/flamestream-runtime-1.0-SNAPSHOT.jar!/logback.xml]
16:46:31,539 |-INFO in ch.qos.logback.core.joran.spi.ConfigurationWatchList@3fb6a447 - URL [jar:file:/root/flamestream/lib/flamestream-runtime-1.0-SNAPSHOT.jar!/logback.xml] is not of type file
16:46:31,609 |-INFO in ch.qos.logback.classic.joran.action.ConfigurationAction - debug attribute not set
16:46:31,610 |-INFO in ch.qos.logback.core.joran.action.AppenderAction - About to instantiate appender of type [ch.qos.logback.core.ConsoleAppender]
16:46:31,624 |-INFO in ch.qos.logback.core.joran.action.AppenderAction - Naming appender as [STDOUT]
16:46:31,644 |-INFO in ch.qos.logback.core.joran.action.NestedComplexPropertyIA - Assuming default type [ch.qos.logback.classic.encoder.PatternLayoutEncoder] for [encoder] property
16:46:31,724 |-INFO in ch.qos.logback.core.joran.action.AppenderAction - About to instantiate appender of type [ch.qos.logback.core.rolling.RollingFileAppender]
16:46:31,733 |-INFO in ch.qos.logback.core.joran.action.AppenderAction - Naming appender as [FILE]
16:46:31,764 |-INFO in c.q.l.core.rolling.TimeBasedRollingPolicy@127618319 - No compression will be used
16:46:31,765 |-INFO in c.q.l.core.rolling.TimeBasedRollingPolicy@127618319 - Will use the pattern /tmp/application_%d{yyyy-MM-dd}.%i.log for the active file
16:46:31,768 |-INFO in ch.qos.logback.core.rolling.SizeAndTimeBasedFNATP@6b2fad11 - The date pattern is 'yyyy-MM-dd' from file name pattern '/tmp/application_%d{yyyy-MM-dd}.%i.log'.
16:46:31,768 |-INFO in ch.qos.logback.core.rolling.SizeAndTimeBasedFNATP@6b2fad11 - Roll-over at midnight.
16:46:31,773 |-INFO in ch.qos.logback.core.rolling.SizeAndTimeBasedFNATP@6b2fad11 - Setting initial period to Mon Jun 10 16:44:59 UTC 2019
16:46:31,773 |-WARN in ch.qos.logback.core.rolling.SizeAndTimeBasedFNATP@6b2fad11 - SizeAndTimeBasedFNATP is deprecated. Use SizeAndTimeBasedRollingPolicy instead
16:46:31,773 |-WARN in ch.qos.logback.core.rolling.SizeAndTimeBasedFNATP@6b2fad11 - For more information see http://logback.qos.ch/manual/appenders.html#SizeAndTimeBasedRollingPolicy
16:46:31,777 |-INFO in ch.qos.logback.core.joran.action.NestedComplexPropertyIA - Assuming default type [ch.qos.logback.classic.encoder.PatternLayoutEncoder] for [encoder] property
16:46:31,782 |-INFO in ch.qos.logback.core.rolling.RollingFileAppender[FILE] - Active log file name: /tmp/application.log
16:46:31,782 |-INFO in ch.qos.logback.core.rolling.RollingFileAppender[FILE] - File property is set to [/tmp/application.log]
16:46:31,783 |-INFO in ch.qos.logback.classic.joran.action.RootLoggerAction - Setting level of ROOT logger to WARN
16:46:31,783 |-INFO in ch.qos.logback.core.joran.action.AppenderRefAction - Attaching appender named [STDOUT] to Logger[ROOT]
16:46:31,785 |-INFO in ch.qos.logback.core.joran.action.AppenderRefAction - Attaching appender named [FILE] to Logger[ROOT]
16:46:31,785 |-INFO in ch.qos.logback.classic.joran.action.ConfigurationAction - End of configuration.
16:46:31,785 |-INFO in ch.qos.logback.classic.joran.JoranConfigurator@79698539 - Registering current configuration as safe fallback point

Ama winner
Ama winner
2019-06-10T16:46:33.074+0000: 1.742: [Full GC (Metadata GC Threshold) 2019-06-10T16:46:33.074+0000: 1.742: [Tenured: 0K->15145K(341376K), 0.0392108 secs] 114987K->15145K(494976K), [Metaspace: 20736K->20736K(1067008K)], 0.0392903 secs] [Times: user=0.04 sys=0.00, real=0.04 secs] 
16:46:55.806 [Curator-PathChildrenCache-1] WARN  o.a.c.u.ZKPaths  - The version of ZooKeeper being used doesn't support Container nodes. CreateMode.PERSISTENT will be used instead.
2019-06-10T16:46:58.079+0000: 26.748: [GC (Allocation Failure) 2019-06-10T16:46:58.079+0000: 26.748: [DefNew: 136576K->17023K(153600K), 0.0279860 secs] 151721K->52593K(494976K), 0.0280638 secs] [Times: user=0.01 sys=0.01, real=0.03 secs] 
2019-06-10T16:46:59.501+0000: 28.169: [Full GC (Metadata GC Threshold) 2019-06-10T16:46:59.501+0000: 28.169: [Tenured: 35569K->44282K(341376K), 0.0382348 secs] 79824K->44282K(494976K), [Metaspace: 34590K->34590K(1079296K)], 0.0383100 secs] [Times: user=0.03 sys=0.01, real=0.04 secs] 
2019-06-10T16:47:06.844+0000: 35.512: [GC (Allocation Failure) 2019-06-10T16:47:06.844+0000: 35.512: [DefNew: 136576K->88K(153600K), 0.0020487 secs] 180858K->44371K(494976K), 0.0021080 secs] [Times: user=0.01 sys=0.00, real=0.01 secs] 
2019-06-10T16:47:14.226+0000: 42.895: [GC (Allocation Failure) 2019-06-10T16:47:14.226+0000: 42.895: [DefNew: 136664K->88K(153600K), 0.0018466 secs] 180947K->44371K(494976K), 0.0019055 secs] [Times: user=0.00 sys=0.00, real=0.00 secs] 
2019-06-10T16:47:21.540+0000: 50.208: [GC (Allocation Failure) 2019-06-10T16:47:21.540+0000: 50.208: [DefNew: 136664K->89K(153600K), 0.0018303 secs] 180947K->44372K(494976K), 0.0018889 secs] [Times: user=0.01 sys=0.00, real=0.00 secs] 
2019-06-10T16:47:28.878+0000: 57.546: [GC (Allocation Failure) 2019-06-10T16:47:28.878+0000: 57.546: [DefNew: 136665K->91K(153600K), 0.0018687 secs] 180948K->44374K(494976K), 0.0019362 secs] [Times: user=0.01 sys=0.00, real=0.00 secs] 
2019-06-10T16:47:36.557+0000: 65.225: [GC (Allocation Failure) 2019-06-10T16:47:36.557+0000: 65.226: [DefNew: 136667K->443K(153600K), 0.0024070 secs] 180950K->44726K(494976K), 0.0024690 secs] [Times: user=0.00 sys=0.00, real=0.00 secs] 
16:47:54.888 [Curator-PathChildrenCache-0] ERROR o.a.c.f.r.c.PathChildrenCache  - 
java.lang.IllegalStateException: instance must be started before calling this method
	at org.apache.curator.shaded.com.google.common.base.Preconditions.checkState(Preconditions.java:444)
	at org.apache.curator.framework.imps.CuratorFrameworkImpl.getChildren(CuratorFrameworkImpl.java:456)
	at org.apache.curator.framework.recipes.cache.PathChildrenCache.refresh(PathChildrenCache.java:521)
	at org.apache.curator.framework.recipes.cache.RefreshOperation.invoke(RefreshOperation.java:35)
	at org.apache.curator.framework.recipes.cache.PathChildrenCache$9.run(PathChildrenCache.java:786)
	at java.util.concurrent.Executors$RunnableAdapter.call(Executors.java:511)
	at java.util.concurrent.FutureTask.run(FutureTask.java:266)
	at java.util.concurrent.Executors$RunnableAdapter.call(Executors.java:511)
	at java.util.concurrent.FutureTask.run(FutureTask.java:266)
	at java.util.concurrent.ThreadPoolExecutor.runWorker(ThreadPoolExecutor.java:1149)
	at java.util.concurrent.ThreadPoolExecutor$Worker.run(ThreadPoolExecutor.java:624)
	at java.lang.Thread.run(Thread.java:748)
Heap
 def new generation   total 153600K, used 110802K [0x00000000e0c00000, 0x00000000eb2a0000, 0x00000000eb2a0000)
  eden space 136576K,  80% used [0x00000000e0c00000, 0x00000000e77c5dd8, 0x00000000e9160000)
  from space 17024K,   2% used [0x00000000e9160000, 0x00000000e91ced70, 0x00000000ea200000)
  to   space 17024K,   0% used [0x00000000ea200000, 0x00000000ea200000, 0x00000000eb2a0000)
 tenured generation   total 341376K, used 44282K [0x00000000eb2a0000, 0x0000000100000000, 0x0000000100000000)
   the space 341376K,  12% used [0x00000000eb2a0000, 0x00000000edddeb70, 0x00000000edddec00, 0x0000000100000000)
 Metaspace       used 36311K, capacity 37266K, committed 37376K, reserved 1081344K
  class space    used 4870K, capacity 5077K, committed 5120K, reserved 1048576K
