19:50:50,864 |-INFO in ch.qos.logback.classic.LoggerContext[default] - Could NOT find resource [logback-test.xml]
19:50:50,864 |-INFO in ch.qos.logback.classic.LoggerContext[default] - Could NOT find resource [logback.groovy]
19:50:50,864 |-INFO in ch.qos.logback.classic.LoggerContext[default] - Found resource [logback.xml] at [jar:file:/root/flamestream/lib/flamestream-runtime-1.0-SNAPSHOT.jar!/logback.xml]
19:50:50,865 |-WARN in ch.qos.logback.classic.LoggerContext[default] - Resource [logback.xml] occurs multiple times on the classpath.
19:50:50,865 |-WARN in ch.qos.logback.classic.LoggerContext[default] - Resource [logback.xml] occurs at [jar:file:/root/flamestream/lib/flamestream-runtime-1.0-SNAPSHOT.jar!/logback.xml]
19:50:50,865 |-WARN in ch.qos.logback.classic.LoggerContext[default] - Resource [logback.xml] occurs at [jar:file:/root/flamestream/flamestream-runtime-1.0-SNAPSHOT.jar!/logback.xml]
19:50:50,885 |-INFO in ch.qos.logback.core.joran.spi.ConfigurationWatchList@3fb6a447 - URL [jar:file:/root/flamestream/lib/flamestream-runtime-1.0-SNAPSHOT.jar!/logback.xml] is not of type file
19:50:50,956 |-INFO in ch.qos.logback.classic.joran.action.ConfigurationAction - debug attribute not set
19:50:50,957 |-INFO in ch.qos.logback.core.joran.action.AppenderAction - About to instantiate appender of type [ch.qos.logback.core.ConsoleAppender]
19:50:50,971 |-INFO in ch.qos.logback.core.joran.action.AppenderAction - Naming appender as [STDOUT]
19:50:50,991 |-INFO in ch.qos.logback.core.joran.action.NestedComplexPropertyIA - Assuming default type [ch.qos.logback.classic.encoder.PatternLayoutEncoder] for [encoder] property
19:50:51,075 |-INFO in ch.qos.logback.core.joran.action.AppenderAction - About to instantiate appender of type [ch.qos.logback.core.rolling.RollingFileAppender]
19:50:51,080 |-INFO in ch.qos.logback.core.joran.action.AppenderAction - Naming appender as [FILE]
19:50:51,112 |-INFO in c.q.l.core.rolling.TimeBasedRollingPolicy@127618319 - No compression will be used
19:50:51,113 |-INFO in c.q.l.core.rolling.TimeBasedRollingPolicy@127618319 - Will use the pattern /tmp/application_%d{yyyy-MM-dd}.%i.log for the active file
19:50:51,116 |-INFO in ch.qos.logback.core.rolling.SizeAndTimeBasedFNATP@6b2fad11 - The date pattern is 'yyyy-MM-dd' from file name pattern '/tmp/application_%d{yyyy-MM-dd}.%i.log'.
19:50:51,116 |-INFO in ch.qos.logback.core.rolling.SizeAndTimeBasedFNATP@6b2fad11 - Roll-over at midnight.
19:50:51,121 |-INFO in ch.qos.logback.core.rolling.SizeAndTimeBasedFNATP@6b2fad11 - Setting initial period to Mon Jun 10 19:49:20 UTC 2019
19:50:51,121 |-WARN in ch.qos.logback.core.rolling.SizeAndTimeBasedFNATP@6b2fad11 - SizeAndTimeBasedFNATP is deprecated. Use SizeAndTimeBasedRollingPolicy instead
19:50:51,121 |-WARN in ch.qos.logback.core.rolling.SizeAndTimeBasedFNATP@6b2fad11 - For more information see http://logback.qos.ch/manual/appenders.html#SizeAndTimeBasedRollingPolicy
19:50:51,125 |-INFO in ch.qos.logback.core.joran.action.NestedComplexPropertyIA - Assuming default type [ch.qos.logback.classic.encoder.PatternLayoutEncoder] for [encoder] property
19:50:51,130 |-INFO in ch.qos.logback.core.rolling.RollingFileAppender[FILE] - Active log file name: /tmp/application.log
19:50:51,130 |-INFO in ch.qos.logback.core.rolling.RollingFileAppender[FILE] - File property is set to [/tmp/application.log]
19:50:51,131 |-INFO in ch.qos.logback.classic.joran.action.RootLoggerAction - Setting level of ROOT logger to WARN
19:50:51,131 |-INFO in ch.qos.logback.core.joran.action.AppenderRefAction - Attaching appender named [STDOUT] to Logger[ROOT]
19:50:51,133 |-INFO in ch.qos.logback.core.joran.action.AppenderRefAction - Attaching appender named [FILE] to Logger[ROOT]
19:50:51,133 |-INFO in ch.qos.logback.classic.joran.action.ConfigurationAction - End of configuration.
19:50:51,134 |-INFO in ch.qos.logback.classic.joran.JoranConfigurator@79698539 - Registering current configuration as safe fallback point

Ama winner
Ama winner
2019-06-10T19:50:52.427+0000: 1.751: [Full GC (Metadata GC Threshold) 2019-06-10T19:50:52.427+0000: 1.751: [Tenured: 0K->15144K(341376K), 0.0401326 secs] 114924K->15144K(494976K), [Metaspace: 20736K->20736K(1067008K)], 0.0401978 secs] [Times: user=0.03 sys=0.00, real=0.04 secs] 
19:51:09.881 [Curator-PathChildrenCache-1] WARN  o.a.c.u.ZKPaths  - The version of ZooKeeper being used doesn't support Container nodes. CreateMode.PERSISTENT will be used instead.
2019-06-10T19:51:12.290+0000: 21.613: [GC (Allocation Failure) 2019-06-10T19:51:12.290+0000: 21.613: [DefNew: 136576K->17024K(153600K), 0.0256533 secs] 151720K->52494K(494976K), 0.0257226 secs] [Times: user=0.03 sys=0.00, real=0.02 secs] 
2019-06-10T19:51:15.596+0000: 24.919: [Full GC (Metadata GC Threshold) 2019-06-10T19:51:15.596+0000: 24.919: [Tenured: 35470K->43863K(341376K), 0.0475832 secs] 109810K->43863K(494976K), [Metaspace: 34589K->34589K(1079296K)], 0.0476591 secs] [Times: user=0.05 sys=0.00, real=0.04 secs] 
2019-06-10T19:51:23.873+0000: 33.196: [GC (Allocation Failure) 2019-06-10T19:51:23.873+0000: 33.196: [DefNew: 136576K->54K(153600K), 0.0017840 secs] 180439K->43918K(494976K), 0.0018381 secs] [Times: user=0.00 sys=0.00, real=0.00 secs] 
2019-06-10T19:51:32.037+0000: 41.360: [GC (Allocation Failure) 2019-06-10T19:51:32.037+0000: 41.360: [DefNew: 136630K->54K(153600K), 0.0016691 secs] 180494K->43918K(494976K), 0.0017320 secs] [Times: user=0.00 sys=0.00, real=0.00 secs] 
2019-06-10T19:51:40.348+0000: 49.671: [GC (Allocation Failure) 2019-06-10T19:51:40.348+0000: 49.671: [DefNew: 136630K->52K(153600K), 0.0017112 secs] 180494K->43916K(494976K), 0.0017718 secs] [Times: user=0.01 sys=0.00, real=0.00 secs] 
2019-06-10T19:51:48.609+0000: 57.932: [GC (Allocation Failure) 2019-06-10T19:51:48.609+0000: 57.932: [DefNew: 136628K->221K(153600K), 0.0019132 secs] 180492K->44084K(494976K), 0.0019732 secs] [Times: user=0.00 sys=0.00, real=0.00 secs] 
2019-06-10T19:51:57.897+0000: 67.220: [GC (Allocation Failure) 2019-06-10T19:51:57.897+0000: 67.220: [DefNew: 136797K->248K(153600K), 0.0020044 secs] 180660K->44111K(494976K), 0.0020760 secs] [Times: user=0.00 sys=0.01, real=0.00 secs] 
2019-06-10T19:52:16.440+0000: 85.764: [GC (Allocation Failure) 2019-06-10T19:52:16.440+0000: 85.764: [DefNew: 136824K->126K(153600K), 0.0020073 secs] 180687K->43989K(494976K), 0.0020690 secs] [Times: user=0.00 sys=0.00, real=0.00 secs] 
19:52:19.547 [Curator-PathChildrenCache-0] ERROR o.a.c.f.r.c.PathChildrenCache  - 
java.lang.IllegalStateException: instance must be started before calling this method
	at org.apache.curator.shaded.com.google.common.base.Preconditions.checkState(Preconditions.java:444)
	at org.apache.curator.framework.imps.CuratorFrameworkImpl.getChildren(CuratorFrameworkImpl.java:456)
	at org.apache.curator.framework.recipes.cache.PathChildrenCache.refresh(PathChildrenCache.java:521)
	at org.apache.curator.framework.recipes.cache.RefreshOperation.invoke(RefreshOperation.java:35)
	at org.apache.curator.framework.recipes.cache.PathChildrenCache$9.run(PathChildrenCache.java:786)
	at java.util.concurrent.Executors$RunnableAdapter.call(Executors.java:511)
	at java.util.concurrent.FutureTask.run(FutureTask.java:266)
	at java.util.concurrent.Executors$RunnableAdapter.call(Executors.java:511)
	at java.util.concurrent.FutureTask.run(FutureTask.java:266)
	at java.util.concurrent.ThreadPoolExecutor.runWorker(ThreadPoolExecutor.java:1149)
	at java.util.concurrent.ThreadPoolExecutor$Worker.run(ThreadPoolExecutor.java:624)
	at java.lang.Thread.run(Thread.java:748)
Heap
 def new generation   total 153600K, used 28598K [0x00000000e0c00000, 0x00000000eb2a0000, 0x00000000eb2a0000)
  eden space 136576K,  20% used [0x00000000e0c00000, 0x00000000e27cdfa0, 0x00000000e9160000)
  from space 17024K,   0% used [0x00000000ea200000, 0x00000000ea21f948, 0x00000000eb2a0000)
  to   space 17024K,   0% used [0x00000000e9160000, 0x00000000e9160000, 0x00000000ea200000)
 tenured generation   total 341376K, used 43863K [0x00000000eb2a0000, 0x0000000100000000, 0x0000000100000000)
   the space 341376K,  12% used [0x00000000eb2a0000, 0x00000000edd75e68, 0x00000000edd76000, 0x0000000100000000)
 Metaspace       used 36125K, capacity 37056K, committed 37376K, reserved 1081344K
  class space    used 4868K, capacity 5074K, committed 5120K, reserved 1048576K
