19:40:02,382 |-INFO in ch.qos.logback.classic.LoggerContext[default] - Could NOT find resource [logback-test.xml]
19:40:02,383 |-INFO in ch.qos.logback.classic.LoggerContext[default] - Could NOT find resource [logback.groovy]
19:40:02,383 |-INFO in ch.qos.logback.classic.LoggerContext[default] - Found resource [logback.xml] at [jar:file:/root/flamestream/lib/flamestream-runtime-1.0-SNAPSHOT.jar!/logback.xml]
19:40:02,384 |-WARN in ch.qos.logback.classic.LoggerContext[default] - Resource [logback.xml] occurs multiple times on the classpath.
19:40:02,384 |-WARN in ch.qos.logback.classic.LoggerContext[default] - Resource [logback.xml] occurs at [jar:file:/root/flamestream/lib/flamestream-runtime-1.0-SNAPSHOT.jar!/logback.xml]
19:40:02,384 |-WARN in ch.qos.logback.classic.LoggerContext[default] - Resource [logback.xml] occurs at [jar:file:/root/flamestream/flamestream-runtime-1.0-SNAPSHOT.jar!/logback.xml]
19:40:02,404 |-INFO in ch.qos.logback.core.joran.spi.ConfigurationWatchList@3fb6a447 - URL [jar:file:/root/flamestream/lib/flamestream-runtime-1.0-SNAPSHOT.jar!/logback.xml] is not of type file
19:40:02,470 |-INFO in ch.qos.logback.classic.joran.action.ConfigurationAction - debug attribute not set
19:40:02,471 |-INFO in ch.qos.logback.core.joran.action.AppenderAction - About to instantiate appender of type [ch.qos.logback.core.ConsoleAppender]
19:40:02,487 |-INFO in ch.qos.logback.core.joran.action.AppenderAction - Naming appender as [STDOUT]
19:40:02,505 |-INFO in ch.qos.logback.core.joran.action.NestedComplexPropertyIA - Assuming default type [ch.qos.logback.classic.encoder.PatternLayoutEncoder] for [encoder] property
19:40:02,587 |-INFO in ch.qos.logback.core.joran.action.AppenderAction - About to instantiate appender of type [ch.qos.logback.core.rolling.RollingFileAppender]
19:40:02,596 |-INFO in ch.qos.logback.core.joran.action.AppenderAction - Naming appender as [FILE]
19:40:02,626 |-INFO in c.q.l.core.rolling.TimeBasedRollingPolicy@127618319 - No compression will be used
19:40:02,627 |-INFO in c.q.l.core.rolling.TimeBasedRollingPolicy@127618319 - Will use the pattern /tmp/application_%d{yyyy-MM-dd}.%i.log for the active file
19:40:02,630 |-INFO in ch.qos.logback.core.rolling.SizeAndTimeBasedFNATP@6b2fad11 - The date pattern is 'yyyy-MM-dd' from file name pattern '/tmp/application_%d{yyyy-MM-dd}.%i.log'.
19:40:02,630 |-INFO in ch.qos.logback.core.rolling.SizeAndTimeBasedFNATP@6b2fad11 - Roll-over at midnight.
19:40:02,635 |-INFO in ch.qos.logback.core.rolling.SizeAndTimeBasedFNATP@6b2fad11 - Setting initial period to Mon Jun 10 19:38:39 UTC 2019
19:40:02,636 |-WARN in ch.qos.logback.core.rolling.SizeAndTimeBasedFNATP@6b2fad11 - SizeAndTimeBasedFNATP is deprecated. Use SizeAndTimeBasedRollingPolicy instead
19:40:02,636 |-WARN in ch.qos.logback.core.rolling.SizeAndTimeBasedFNATP@6b2fad11 - For more information see http://logback.qos.ch/manual/appenders.html#SizeAndTimeBasedRollingPolicy
19:40:02,639 |-INFO in ch.qos.logback.core.joran.action.NestedComplexPropertyIA - Assuming default type [ch.qos.logback.classic.encoder.PatternLayoutEncoder] for [encoder] property
19:40:02,644 |-INFO in ch.qos.logback.core.rolling.RollingFileAppender[FILE] - Active log file name: /tmp/application.log
19:40:02,644 |-INFO in ch.qos.logback.core.rolling.RollingFileAppender[FILE] - File property is set to [/tmp/application.log]
19:40:02,645 |-INFO in ch.qos.logback.classic.joran.action.RootLoggerAction - Setting level of ROOT logger to WARN
19:40:02,645 |-INFO in ch.qos.logback.core.joran.action.AppenderRefAction - Attaching appender named [STDOUT] to Logger[ROOT]
19:40:02,647 |-INFO in ch.qos.logback.core.joran.action.AppenderRefAction - Attaching appender named [FILE] to Logger[ROOT]
19:40:02,647 |-INFO in ch.qos.logback.classic.joran.action.ConfigurationAction - End of configuration.
19:40:02,648 |-INFO in ch.qos.logback.classic.joran.JoranConfigurator@79698539 - Registering current configuration as safe fallback point

Ama winner
Ama winner
2019-06-10T19:40:03.978+0000: 1.782: [Full GC (Metadata GC Threshold) 2019-06-10T19:40:03.978+0000: 1.782: [Tenured: 0K->15241K(341376K), 0.0409031 secs] 114987K->15241K(494976K), [Metaspace: 20733K->20733K(1067008K)], 0.0409692 secs] [Times: user=0.03 sys=0.01, real=0.04 secs] 
19:40:15.837 [Curator-PathChildrenCache-1] WARN  o.a.c.u.ZKPaths  - The version of ZooKeeper being used doesn't support Container nodes. CreateMode.PERSISTENT will be used instead.
2019-06-10T19:40:18.338+0000: 16.143: [GC (Allocation Failure) 2019-06-10T19:40:18.338+0000: 16.143: [DefNew: 136576K->17023K(153600K), 0.0279797 secs] 151817K->52818K(494976K), 0.0280518 secs] [Times: user=0.02 sys=0.00, real=0.02 secs] 
2019-06-10T19:40:20.453+0000: 18.257: [Full GC (Metadata GC Threshold) 2019-06-10T19:40:20.453+0000: 18.257: [Tenured: 35794K->44370K(341376K), 0.0481682 secs] 97606K->44370K(494976K), [Metaspace: 34579K->34579K(1079296K)], 0.0482565 secs] [Times: user=0.04 sys=0.00, real=0.05 secs] 
2019-06-10T19:40:27.246+0000: 25.050: [GC (Allocation Failure) 2019-06-10T19:40:27.246+0000: 25.050: [DefNew: 136576K->95K(153600K), 0.0018385 secs] 180946K->44465K(494976K), 0.0018965 secs] [Times: user=0.00 sys=0.00, real=0.01 secs] 
2019-06-10T19:40:34.051+0000: 31.855: [GC (Allocation Failure) 2019-06-10T19:40:34.051+0000: 31.855: [DefNew: 136671K->95K(153600K), 0.0017173 secs] 181041K->44466K(494976K), 0.0017717 secs] [Times: user=0.00 sys=0.00, real=0.00 secs] 
2019-06-10T19:40:40.959+0000: 38.763: [GC (Allocation Failure) 2019-06-10T19:40:40.959+0000: 38.763: [DefNew: 136671K->97K(153600K), 0.0018031 secs] 181042K->44467K(494976K), 0.0018662 secs] [Times: user=0.00 sys=0.00, real=0.00 secs] 
2019-06-10T19:40:47.899+0000: 45.703: [GC (Allocation Failure) 2019-06-10T19:40:47.899+0000: 45.703: [DefNew: 136673K->131K(153600K), 0.0017783 secs] 181043K->44501K(494976K), 0.0018381 secs] [Times: user=0.00 sys=0.00, real=0.00 secs] 
2019-06-10T19:40:54.858+0000: 52.662: [GC (Allocation Failure) 2019-06-10T19:40:54.858+0000: 52.662: [DefNew: 136707K->128K(153600K), 0.0018275 secs] 181077K->44499K(494976K), 0.0018877 secs] [Times: user=0.00 sys=0.00, real=0.00 secs] 
19:41:01.413 [Curator-PathChildrenCache-0] ERROR o.a.c.f.r.c.PathChildrenCache  - 
java.lang.IllegalStateException: instance must be started before calling this method
	at org.apache.curator.shaded.com.google.common.base.Preconditions.checkState(Preconditions.java:444)
	at org.apache.curator.framework.imps.CuratorFrameworkImpl.getChildren(CuratorFrameworkImpl.java:456)
	at org.apache.curator.framework.recipes.cache.PathChildrenCache.refresh(PathChildrenCache.java:521)
	at org.apache.curator.framework.recipes.cache.RefreshOperation.invoke(RefreshOperation.java:35)
	at org.apache.curator.framework.recipes.cache.PathChildrenCache$9.run(PathChildrenCache.java:786)
	at java.util.concurrent.Executors$RunnableAdapter.call(Executors.java:511)
	at java.util.concurrent.FutureTask.run(FutureTask.java:266)
	at java.util.concurrent.Executors$RunnableAdapter.call(Executors.java:511)
	at java.util.concurrent.FutureTask.run(FutureTask.java:266)
	at java.util.concurrent.ThreadPoolExecutor.runWorker(ThreadPoolExecutor.java:1149)
	at java.util.concurrent.ThreadPoolExecutor$Worker.run(ThreadPoolExecutor.java:624)
	at java.lang.Thread.run(Thread.java:748)
Heap
 def new generation   total 153600K, used 46491K [0x00000000e0c00000, 0x00000000eb2a0000, 0x00000000eb2a0000)
  eden space 136576K,  33% used [0x00000000e0c00000, 0x00000000e3946970, 0x00000000e9160000)
  from space 17024K,   0% used [0x00000000e9160000, 0x00000000e91802a0, 0x00000000ea200000)
  to   space 17024K,   0% used [0x00000000ea200000, 0x00000000ea200000, 0x00000000eb2a0000)
 tenured generation   total 341376K, used 44370K [0x00000000eb2a0000, 0x0000000100000000, 0x0000000100000000)
   the space 341376K,  12% used [0x00000000eb2a0000, 0x00000000eddf4968, 0x00000000eddf4a00, 0x0000000100000000)
 Metaspace       used 35716K, capacity 36640K, committed 36864K, reserved 1081344K
  class space    used 4827K, capacity 5042K, committed 5120K, reserved 1048576K
