17:27:13,695 |-INFO in ch.qos.logback.classic.LoggerContext[default] - Could NOT find resource [logback-test.xml]
17:27:13,695 |-INFO in ch.qos.logback.classic.LoggerContext[default] - Could NOT find resource [logback.groovy]
17:27:13,695 |-INFO in ch.qos.logback.classic.LoggerContext[default] - Found resource [logback.xml] at [jar:file:/root/flamestream/lib/flamestream-runtime-1.0-SNAPSHOT.jar!/logback.xml]
17:27:13,696 |-WARN in ch.qos.logback.classic.LoggerContext[default] - Resource [logback.xml] occurs multiple times on the classpath.
17:27:13,696 |-WARN in ch.qos.logback.classic.LoggerContext[default] - Resource [logback.xml] occurs at [jar:file:/root/flamestream/lib/flamestream-runtime-1.0-SNAPSHOT.jar!/logback.xml]
17:27:13,696 |-WARN in ch.qos.logback.classic.LoggerContext[default] - Resource [logback.xml] occurs at [jar:file:/root/flamestream/flamestream-runtime-1.0-SNAPSHOT.jar!/logback.xml]
17:27:13,716 |-INFO in ch.qos.logback.core.joran.spi.ConfigurationWatchList@3fb6a447 - URL [jar:file:/root/flamestream/lib/flamestream-runtime-1.0-SNAPSHOT.jar!/logback.xml] is not of type file
17:27:13,781 |-INFO in ch.qos.logback.classic.joran.action.ConfigurationAction - debug attribute not set
17:27:13,782 |-INFO in ch.qos.logback.core.joran.action.AppenderAction - About to instantiate appender of type [ch.qos.logback.core.ConsoleAppender]
17:27:13,798 |-INFO in ch.qos.logback.core.joran.action.AppenderAction - Naming appender as [STDOUT]
17:27:13,812 |-INFO in ch.qos.logback.core.joran.action.NestedComplexPropertyIA - Assuming default type [ch.qos.logback.classic.encoder.PatternLayoutEncoder] for [encoder] property
17:27:13,917 |-INFO in ch.qos.logback.core.joran.action.AppenderAction - About to instantiate appender of type [ch.qos.logback.core.rolling.RollingFileAppender]
17:27:13,928 |-INFO in ch.qos.logback.core.joran.action.AppenderAction - Naming appender as [FILE]
17:27:13,958 |-INFO in c.q.l.core.rolling.TimeBasedRollingPolicy@127618319 - No compression will be used
17:27:13,959 |-INFO in c.q.l.core.rolling.TimeBasedRollingPolicy@127618319 - Will use the pattern /tmp/application_%d{yyyy-MM-dd}.%i.log for the active file
17:27:13,962 |-INFO in ch.qos.logback.core.rolling.SizeAndTimeBasedFNATP@6b2fad11 - The date pattern is 'yyyy-MM-dd' from file name pattern '/tmp/application_%d{yyyy-MM-dd}.%i.log'.
17:27:13,962 |-INFO in ch.qos.logback.core.rolling.SizeAndTimeBasedFNATP@6b2fad11 - Roll-over at midnight.
17:27:13,967 |-INFO in ch.qos.logback.core.rolling.SizeAndTimeBasedFNATP@6b2fad11 - Setting initial period to Mon Jun 10 17:25:42 UTC 2019
17:27:13,968 |-WARN in ch.qos.logback.core.rolling.SizeAndTimeBasedFNATP@6b2fad11 - SizeAndTimeBasedFNATP is deprecated. Use SizeAndTimeBasedRollingPolicy instead
17:27:13,968 |-WARN in ch.qos.logback.core.rolling.SizeAndTimeBasedFNATP@6b2fad11 - For more information see http://logback.qos.ch/manual/appenders.html#SizeAndTimeBasedRollingPolicy
17:27:13,972 |-INFO in ch.qos.logback.core.joran.action.NestedComplexPropertyIA - Assuming default type [ch.qos.logback.classic.encoder.PatternLayoutEncoder] for [encoder] property
17:27:13,977 |-INFO in ch.qos.logback.core.rolling.RollingFileAppender[FILE] - Active log file name: /tmp/application.log
17:27:13,977 |-INFO in ch.qos.logback.core.rolling.RollingFileAppender[FILE] - File property is set to [/tmp/application.log]
17:27:13,978 |-INFO in ch.qos.logback.classic.joran.action.RootLoggerAction - Setting level of ROOT logger to WARN
17:27:13,978 |-INFO in ch.qos.logback.core.joran.action.AppenderRefAction - Attaching appender named [STDOUT] to Logger[ROOT]
17:27:13,978 |-INFO in ch.qos.logback.core.joran.action.AppenderRefAction - Attaching appender named [FILE] to Logger[ROOT]
17:27:13,978 |-INFO in ch.qos.logback.classic.joran.action.ConfigurationAction - End of configuration.
17:27:13,981 |-INFO in ch.qos.logback.classic.joran.JoranConfigurator@79698539 - Registering current configuration as safe fallback point

Ama winner
Ama winner
2019-06-10T17:27:15.298+0000: 1.794: [Full GC (Metadata GC Threshold) 2019-06-10T17:27:15.298+0000: 1.794: [Tenured: 0K->15209K(341376K), 0.0403331 secs] 114987K->15209K(494976K), [Metaspace: 20742K->20742K(1067008K)], 0.0404011 secs] [Times: user=0.03 sys=0.01, real=0.05 secs] 
17:27:32.365 [Curator-PathChildrenCache-2] WARN  o.a.c.u.ZKPaths  - The version of ZooKeeper being used doesn't support Container nodes. CreateMode.PERSISTENT will be used instead.
2019-06-10T17:27:34.523+0000: 21.019: [GC (Allocation Failure) 2019-06-10T17:27:34.523+0000: 21.019: [DefNew: 136576K->17024K(153600K), 0.0259267 secs] 151785K->52862K(494976K), 0.0259957 secs] [Times: user=0.02 sys=0.01, real=0.02 secs] 
2019-06-10T17:27:35.104+0000: 21.600: [Full GC (Metadata GC Threshold) 2019-06-10T17:27:35.104+0000: 21.600: [Tenured: 35838K->44696K(341376K), 0.0411227 secs] 72584K->44696K(494976K), [Metaspace: 34581K->34581K(1079296K)], 0.0412093 secs] [Times: user=0.04 sys=0.00, real=0.04 secs] 
2019-06-10T17:27:38.856+0000: 25.351: [GC (Allocation Failure) 2019-06-10T17:27:38.856+0000: 25.351: [DefNew: 136576K->198K(153600K), 0.0021521 secs] 181272K->44894K(494976K), 0.0022108 secs] [Times: user=0.01 sys=0.00, real=0.00 secs] 
2019-06-10T17:27:42.377+0000: 28.873: [GC (Allocation Failure) 2019-06-10T17:27:42.377+0000: 28.873: [DefNew: 136774K->204K(153600K), 0.0019290 secs] 181470K->44900K(494976K), 0.0019855 secs] [Times: user=0.01 sys=0.00, real=0.01 secs] 
2019-06-10T17:27:45.919+0000: 32.415: [GC (Allocation Failure) 2019-06-10T17:27:45.919+0000: 32.415: [DefNew: 136780K->239K(153600K), 0.0019627 secs] 181476K->44935K(494976K), 0.0020232 secs] [Times: user=0.01 sys=0.00, real=0.00 secs] 
2019-06-10T17:27:49.465+0000: 35.961: [GC (Allocation Failure) 2019-06-10T17:27:49.465+0000: 35.961: [DefNew: 136815K->274K(153600K), 0.0020154 secs] 181511K->44970K(494976K), 0.0020837 secs] [Times: user=0.00 sys=0.00, real=0.00 secs] 
2019-06-10T17:27:53.019+0000: 39.515: [GC (Allocation Failure) 2019-06-10T17:27:53.019+0000: 39.515: [DefNew: 136850K->281K(153600K), 0.0020055 secs] 181546K->44977K(494976K), 0.0020667 secs] [Times: user=0.00 sys=0.00, real=0.00 secs] 
2019-06-10T17:27:56.556+0000: 43.052: [GC (Allocation Failure) 2019-06-10T17:27:56.556+0000: 43.052: [DefNew: 136857K->289K(153600K), 0.0020175 secs] 181553K->44985K(494976K), 0.0020903 secs] [Times: user=0.00 sys=0.00, real=0.00 secs] 
2019-06-10T17:28:00.098+0000: 46.594: [GC (Allocation Failure) 2019-06-10T17:28:00.098+0000: 46.594: [DefNew: 136865K->274K(153600K), 0.0022398 secs] 181561K->44971K(494976K), 0.0023059 secs] [Times: user=0.00 sys=0.00, real=0.01 secs] 
2019-06-10T17:28:04.756+0000: 51.252: [GC (Allocation Failure) 2019-06-10T17:28:04.756+0000: 51.252: [DefNew: 136850K->272K(153600K), 0.0020435 secs] 181547K->44968K(494976K), 0.0021036 secs] [Times: user=0.00 sys=0.00, real=0.00 secs] 
17:28:13.095 [Curator-PathChildrenCache-0] ERROR o.a.c.f.r.c.PathChildrenCache  - 
java.lang.IllegalStateException: instance must be started before calling this method
	at org.apache.curator.shaded.com.google.common.base.Preconditions.checkState(Preconditions.java:444)
	at org.apache.curator.framework.imps.CuratorFrameworkImpl.getChildren(CuratorFrameworkImpl.java:456)
	at org.apache.curator.framework.recipes.cache.PathChildrenCache.refresh(PathChildrenCache.java:521)
	at org.apache.curator.framework.recipes.cache.RefreshOperation.invoke(RefreshOperation.java:35)
	at org.apache.curator.framework.recipes.cache.PathChildrenCache$9.run(PathChildrenCache.java:786)
	at java.util.concurrent.Executors$RunnableAdapter.call(Executors.java:511)
	at java.util.concurrent.FutureTask.run(FutureTask.java:266)
	at java.util.concurrent.Executors$RunnableAdapter.call(Executors.java:511)
	at java.util.concurrent.FutureTask.run(FutureTask.java:266)
	at java.util.concurrent.ThreadPoolExecutor.runWorker(ThreadPoolExecutor.java:1149)
	at java.util.concurrent.ThreadPoolExecutor$Worker.run(ThreadPoolExecutor.java:624)
	at java.lang.Thread.run(Thread.java:748)
Heap
 def new generation   total 153600K, used 60391K [0x00000000e0c00000, 0x00000000eb2a0000, 0x00000000eb2a0000)
  eden space 136576K,  44% used [0x00000000e0c00000, 0x00000000e46b5b98, 0x00000000e9160000)
  from space 17024K,   1% used [0x00000000ea200000, 0x00000000ea244148, 0x00000000eb2a0000)
  to   space 17024K,   0% used [0x00000000e9160000, 0x00000000e9160000, 0x00000000ea200000)
 tenured generation   total 341376K, used 44696K [0x00000000eb2a0000, 0x0000000100000000, 0x0000000100000000)
   the space 341376K,  13% used [0x00000000eb2a0000, 0x00000000ede46100, 0x00000000ede46200, 0x0000000100000000)
 Metaspace       used 35877K, capacity 36872K, committed 37120K, reserved 1081344K
  class space    used 4861K, capacity 5060K, committed 5120K, reserved 1048576K
