19:53:36,142 |-INFO in ch.qos.logback.classic.LoggerContext[default] - Could NOT find resource [logback-test.xml]
19:53:36,143 |-INFO in ch.qos.logback.classic.LoggerContext[default] - Could NOT find resource [logback.groovy]
19:53:36,143 |-INFO in ch.qos.logback.classic.LoggerContext[default] - Found resource [logback.xml] at [jar:file:/root/flamestream/lib/flamestream-runtime-1.0-SNAPSHOT.jar!/logback.xml]
19:53:36,144 |-WARN in ch.qos.logback.classic.LoggerContext[default] - Resource [logback.xml] occurs multiple times on the classpath.
19:53:36,144 |-WARN in ch.qos.logback.classic.LoggerContext[default] - Resource [logback.xml] occurs at [jar:file:/root/flamestream/lib/flamestream-runtime-1.0-SNAPSHOT.jar!/logback.xml]
19:53:36,144 |-WARN in ch.qos.logback.classic.LoggerContext[default] - Resource [logback.xml] occurs at [jar:file:/root/flamestream/flamestream-runtime-1.0-SNAPSHOT.jar!/logback.xml]
19:53:36,163 |-INFO in ch.qos.logback.core.joran.spi.ConfigurationWatchList@3fb6a447 - URL [jar:file:/root/flamestream/lib/flamestream-runtime-1.0-SNAPSHOT.jar!/logback.xml] is not of type file
19:53:36,229 |-INFO in ch.qos.logback.classic.joran.action.ConfigurationAction - debug attribute not set
19:53:36,230 |-INFO in ch.qos.logback.core.joran.action.AppenderAction - About to instantiate appender of type [ch.qos.logback.core.ConsoleAppender]
19:53:36,246 |-INFO in ch.qos.logback.core.joran.action.AppenderAction - Naming appender as [STDOUT]
19:53:36,266 |-INFO in ch.qos.logback.core.joran.action.NestedComplexPropertyIA - Assuming default type [ch.qos.logback.classic.encoder.PatternLayoutEncoder] for [encoder] property
19:53:36,361 |-INFO in ch.qos.logback.core.joran.action.AppenderAction - About to instantiate appender of type [ch.qos.logback.core.rolling.RollingFileAppender]
19:53:36,372 |-INFO in ch.qos.logback.core.joran.action.AppenderAction - Naming appender as [FILE]
19:53:36,400 |-INFO in c.q.l.core.rolling.TimeBasedRollingPolicy@127618319 - No compression will be used
19:53:36,401 |-INFO in c.q.l.core.rolling.TimeBasedRollingPolicy@127618319 - Will use the pattern /tmp/application_%d{yyyy-MM-dd}.%i.log for the active file
19:53:36,404 |-INFO in ch.qos.logback.core.rolling.SizeAndTimeBasedFNATP@6b2fad11 - The date pattern is 'yyyy-MM-dd' from file name pattern '/tmp/application_%d{yyyy-MM-dd}.%i.log'.
19:53:36,404 |-INFO in ch.qos.logback.core.rolling.SizeAndTimeBasedFNATP@6b2fad11 - Roll-over at midnight.
19:53:36,409 |-INFO in ch.qos.logback.core.rolling.SizeAndTimeBasedFNATP@6b2fad11 - Setting initial period to Mon Jun 10 19:52:18 UTC 2019
19:53:36,409 |-WARN in ch.qos.logback.core.rolling.SizeAndTimeBasedFNATP@6b2fad11 - SizeAndTimeBasedFNATP is deprecated. Use SizeAndTimeBasedRollingPolicy instead
19:53:36,409 |-WARN in ch.qos.logback.core.rolling.SizeAndTimeBasedFNATP@6b2fad11 - For more information see http://logback.qos.ch/manual/appenders.html#SizeAndTimeBasedRollingPolicy
19:53:36,413 |-INFO in ch.qos.logback.core.joran.action.NestedComplexPropertyIA - Assuming default type [ch.qos.logback.classic.encoder.PatternLayoutEncoder] for [encoder] property
19:53:36,418 |-INFO in ch.qos.logback.core.rolling.RollingFileAppender[FILE] - Active log file name: /tmp/application.log
19:53:36,418 |-INFO in ch.qos.logback.core.rolling.RollingFileAppender[FILE] - File property is set to [/tmp/application.log]
19:53:36,419 |-INFO in ch.qos.logback.classic.joran.action.RootLoggerAction - Setting level of ROOT logger to WARN
19:53:36,419 |-INFO in ch.qos.logback.core.joran.action.AppenderRefAction - Attaching appender named [STDOUT] to Logger[ROOT]
19:53:36,421 |-INFO in ch.qos.logback.core.joran.action.AppenderRefAction - Attaching appender named [FILE] to Logger[ROOT]
19:53:36,421 |-INFO in ch.qos.logback.classic.joran.action.ConfigurationAction - End of configuration.
19:53:36,422 |-INFO in ch.qos.logback.classic.joran.JoranConfigurator@79698539 - Registering current configuration as safe fallback point

Ama winner
Ama winner
2019-06-10T19:53:37.710+0000: 1.754: [Full GC (Metadata GC Threshold) 2019-06-10T19:53:37.710+0000: 1.754: [Tenured: 0K->15144K(341376K), 0.0407427 secs] 114987K->15144K(494976K), [Metaspace: 20732K->20732K(1067008K)], 0.0408085 secs] [Times: user=0.04 sys=0.00, real=0.04 secs] 
19:53:56.072 [Curator-PathChildrenCache-1] WARN  o.a.c.u.ZKPaths  - The version of ZooKeeper being used doesn't support Container nodes. CreateMode.PERSISTENT will be used instead.
2019-06-10T19:53:58.316+0000: 22.359: [GC (Allocation Failure) 2019-06-10T19:53:58.316+0000: 22.359: [DefNew: 136576K->17024K(153600K), 0.0252923 secs] 151720K->52451K(494976K), 0.0253700 secs] [Times: user=0.01 sys=0.02, real=0.02 secs] 
2019-06-10T19:54:01.051+0000: 25.095: [Full GC (Metadata GC Threshold) 2019-06-10T19:54:01.051+0000: 25.095: [Tenured: 35427K->43950K(341376K), 0.0446692 secs] 103196K->43950K(494976K), [Metaspace: 34615K->34615K(1079296K)], 0.0447449 secs] [Times: user=0.04 sys=0.00, real=0.05 secs] 
2019-06-10T19:54:09.787+0000: 33.831: [GC (Allocation Failure) 2019-06-10T19:54:09.787+0000: 33.831: [DefNew: 136576K->68K(153600K), 0.0017907 secs] 180526K->44018K(494976K), 0.0018530 secs] [Times: user=0.00 sys=0.00, real=0.00 secs] 
2019-06-10T19:54:18.413+0000: 42.457: [GC (Allocation Failure) 2019-06-10T19:54:18.413+0000: 42.457: [DefNew: 136644K->59K(153600K), 0.0016462 secs] 180594K->44009K(494976K), 0.0017054 secs] [Times: user=0.00 sys=0.00, real=0.00 secs] 
2019-06-10T19:54:27.210+0000: 51.254: [GC (Allocation Failure) 2019-06-10T19:54:27.210+0000: 51.254: [DefNew: 136635K->61K(153600K), 0.0017251 secs] 180585K->44012K(494976K), 0.0017847 secs] [Times: user=0.00 sys=0.00, real=0.00 secs] 
2019-06-10T19:54:36.025+0000: 60.069: [GC (Allocation Failure) 2019-06-10T19:54:36.025+0000: 60.069: [DefNew: 136637K->61K(153600K), 0.0016817 secs] 180588K->44011K(494976K), 0.0017431 secs] [Times: user=0.00 sys=0.00, real=0.00 secs] 
2019-06-10T19:54:45.780+0000: 69.824: [GC (Allocation Failure) 2019-06-10T19:54:45.780+0000: 69.824: [DefNew: 136637K->399K(153600K), 0.0022418 secs] 180587K->44349K(494976K), 0.0023062 secs] [Times: user=0.00 sys=0.00, real=0.00 secs] 
2019-06-10T19:54:59.814+0000: 83.858: [GC (Allocation Failure) 2019-06-10T19:54:59.814+0000: 83.858: [DefNew: 136975K->147K(153600K), 0.0020158 secs] 180925K->44098K(494976K), 0.0020785 secs] [Times: user=0.00 sys=0.00, real=0.01 secs] 
19:55:10.118 [Curator-PathChildrenCache-0] ERROR o.a.c.f.r.c.PathChildrenCache  - 
java.lang.IllegalStateException: instance must be started before calling this method
	at org.apache.curator.shaded.com.google.common.base.Preconditions.checkState(Preconditions.java:444)
	at org.apache.curator.framework.imps.CuratorFrameworkImpl.getChildren(CuratorFrameworkImpl.java:456)
	at org.apache.curator.framework.recipes.cache.PathChildrenCache.refresh(PathChildrenCache.java:521)
	at org.apache.curator.framework.recipes.cache.RefreshOperation.invoke(RefreshOperation.java:35)
	at org.apache.curator.framework.recipes.cache.PathChildrenCache$9.run(PathChildrenCache.java:786)
	at java.util.concurrent.Executors$RunnableAdapter.call(Executors.java:511)
	at java.util.concurrent.FutureTask.run(FutureTask.java:266)
	at java.util.concurrent.Executors$RunnableAdapter.call(Executors.java:511)
	at java.util.concurrent.FutureTask.run(FutureTask.java:266)
	at java.util.concurrent.ThreadPoolExecutor.runWorker(ThreadPoolExecutor.java:1149)
	at java.util.concurrent.ThreadPoolExecutor$Worker.run(ThreadPoolExecutor.java:624)
	at java.lang.Thread.run(Thread.java:748)
Heap
 def new generation   total 153600K, used 65346K [0x00000000e0c00000, 0x00000000eb2a0000, 0x00000000eb2a0000)
  eden space 136576K,  47% used [0x00000000e0c00000, 0x00000000e4babcb0, 0x00000000e9160000)
  from space 17024K,   0% used [0x00000000ea200000, 0x00000000ea224e08, 0x00000000eb2a0000)
  to   space 17024K,   0% used [0x00000000e9160000, 0x00000000e9160000, 0x00000000ea200000)
 tenured generation   total 341376K, used 43950K [0x00000000eb2a0000, 0x0000000100000000, 0x0000000100000000)
   the space 341376K,  12% used [0x00000000eb2a0000, 0x00000000edd8ba18, 0x00000000edd8bc00, 0x0000000100000000)
 Metaspace       used 36202K, capacity 37134K, committed 37376K, reserved 1081344K
  class space    used 4875K, capacity 5087K, committed 5120K, reserved 1048576K
