15:18:02,267 |-INFO in ch.qos.logback.classic.LoggerContext[default] - Could NOT find resource [logback-test.xml]
15:18:02,268 |-INFO in ch.qos.logback.classic.LoggerContext[default] - Could NOT find resource [logback.groovy]
15:18:02,268 |-INFO in ch.qos.logback.classic.LoggerContext[default] - Found resource [logback.xml] at [jar:file:/root/flamestream/lib/flamestream-runtime-1.0-SNAPSHOT.jar!/logback.xml]
15:18:02,271 |-WARN in ch.qos.logback.classic.LoggerContext[default] - Resource [logback.xml] occurs multiple times on the classpath.
15:18:02,271 |-WARN in ch.qos.logback.classic.LoggerContext[default] - Resource [logback.xml] occurs at [jar:file:/root/flamestream/lib/flamestream-runtime-1.0-SNAPSHOT.jar!/logback.xml]
15:18:02,271 |-WARN in ch.qos.logback.classic.LoggerContext[default] - Resource [logback.xml] occurs at [jar:file:/root/flamestream/flamestream-runtime-1.0-SNAPSHOT.jar!/logback.xml]
15:18:02,291 |-INFO in ch.qos.logback.core.joran.spi.ConfigurationWatchList@3fb6a447 - URL [jar:file:/root/flamestream/lib/flamestream-runtime-1.0-SNAPSHOT.jar!/logback.xml] is not of type file
15:18:02,361 |-INFO in ch.qos.logback.classic.joran.action.ConfigurationAction - debug attribute not set
15:18:02,362 |-INFO in ch.qos.logback.core.joran.action.AppenderAction - About to instantiate appender of type [ch.qos.logback.core.ConsoleAppender]
15:18:02,379 |-INFO in ch.qos.logback.core.joran.action.AppenderAction - Naming appender as [STDOUT]
15:18:02,397 |-INFO in ch.qos.logback.core.joran.action.NestedComplexPropertyIA - Assuming default type [ch.qos.logback.classic.encoder.PatternLayoutEncoder] for [encoder] property
15:18:02,483 |-INFO in ch.qos.logback.core.joran.action.AppenderAction - About to instantiate appender of type [ch.qos.logback.core.rolling.RollingFileAppender]
15:18:02,488 |-INFO in ch.qos.logback.core.joran.action.AppenderAction - Naming appender as [FILE]
15:18:02,519 |-INFO in c.q.l.core.rolling.TimeBasedRollingPolicy@127618319 - No compression will be used
15:18:02,521 |-INFO in c.q.l.core.rolling.TimeBasedRollingPolicy@127618319 - Will use the pattern /tmp/application_%d{yyyy-MM-dd}.%i.log for the active file
15:18:02,523 |-INFO in ch.qos.logback.core.rolling.SizeAndTimeBasedFNATP@6b2fad11 - The date pattern is 'yyyy-MM-dd' from file name pattern '/tmp/application_%d{yyyy-MM-dd}.%i.log'.
15:18:02,523 |-INFO in ch.qos.logback.core.rolling.SizeAndTimeBasedFNATP@6b2fad11 - Roll-over at midnight.
15:18:02,529 |-INFO in ch.qos.logback.core.rolling.SizeAndTimeBasedFNATP@6b2fad11 - Setting initial period to Mon Jun 10 15:16:39 UTC 2019
15:18:02,529 |-WARN in ch.qos.logback.core.rolling.SizeAndTimeBasedFNATP@6b2fad11 - SizeAndTimeBasedFNATP is deprecated. Use SizeAndTimeBasedRollingPolicy instead
15:18:02,529 |-WARN in ch.qos.logback.core.rolling.SizeAndTimeBasedFNATP@6b2fad11 - For more information see http://logback.qos.ch/manual/appenders.html#SizeAndTimeBasedRollingPolicy
15:18:02,532 |-INFO in ch.qos.logback.core.joran.action.NestedComplexPropertyIA - Assuming default type [ch.qos.logback.classic.encoder.PatternLayoutEncoder] for [encoder] property
15:18:02,537 |-INFO in ch.qos.logback.core.rolling.RollingFileAppender[FILE] - Active log file name: /tmp/application.log
15:18:02,537 |-INFO in ch.qos.logback.core.rolling.RollingFileAppender[FILE] - File property is set to [/tmp/application.log]
15:18:02,538 |-INFO in ch.qos.logback.classic.joran.action.RootLoggerAction - Setting level of ROOT logger to WARN
15:18:02,538 |-INFO in ch.qos.logback.core.joran.action.AppenderRefAction - Attaching appender named [STDOUT] to Logger[ROOT]
15:18:02,540 |-INFO in ch.qos.logback.core.joran.action.AppenderRefAction - Attaching appender named [FILE] to Logger[ROOT]
15:18:02,540 |-INFO in ch.qos.logback.classic.joran.action.ConfigurationAction - End of configuration.
15:18:02,541 |-INFO in ch.qos.logback.classic.joran.JoranConfigurator@79698539 - Registering current configuration as safe fallback point

Ama winner
Ama winner
2019-06-10T15:18:03.821+0000: 1.736: [Full GC (Metadata GC Threshold) 2019-06-10T15:18:03.821+0000: 1.736: [Tenured: 0K->15144K(341376K), 0.0407666 secs] 114988K->15144K(494976K), [Metaspace: 20735K->20735K(1067008K)], 0.0408330 secs] [Times: user=0.03 sys=0.01, real=0.04 secs] 
15:18:15.759 [Curator-PathChildrenCache-1] WARN  o.a.c.u.ZKPaths  - The version of ZooKeeper being used doesn't support Container nodes. CreateMode.PERSISTENT will be used instead.
2019-06-10T15:18:18.393+0000: 16.309: [GC (Allocation Failure) 2019-06-10T15:18:18.393+0000: 16.309: [DefNew: 136576K->17023K(153600K), 0.0313244 secs] 151720K->52696K(494976K), 0.0313918 secs] [Times: user=0.03 sys=0.01, real=0.03 secs] 
2019-06-10T15:18:20.363+0000: 18.278: [Full GC (Metadata GC Threshold) 2019-06-10T15:18:20.363+0000: 18.278: [Tenured: 35672K->44304K(341376K), 0.0622118 secs] 95288K->44304K(494976K), [Metaspace: 34638K->34638K(1079296K)], 0.0622962 secs] [Times: user=0.06 sys=0.00, real=0.06 secs] 
2019-06-10T15:18:27.676+0000: 25.591: [GC (Allocation Failure) 2019-06-10T15:18:27.676+0000: 25.591: [DefNew: 136576K->71K(153600K), 0.0018137 secs] 180880K->44376K(494976K), 0.0018808 secs] [Times: user=0.00 sys=0.00, real=0.00 secs] 
2019-06-10T15:18:35.043+0000: 32.958: [GC (Allocation Failure) 2019-06-10T15:18:35.043+0000: 32.958: [DefNew: 136647K->65K(153600K), 0.0016583 secs] 180952K->44370K(494976K), 0.0017152 secs] [Times: user=0.00 sys=0.00, real=0.00 secs] 
2019-06-10T15:18:42.349+0000: 40.265: [GC (Allocation Failure) 2019-06-10T15:18:42.349+0000: 40.265: [DefNew: 136641K->70K(153600K), 0.0017794 secs] 180946K->44374K(494976K), 0.0018401 secs] [Times: user=0.00 sys=0.00, real=0.00 secs] 
2019-06-10T15:18:49.820+0000: 47.735: [GC (Allocation Failure) 2019-06-10T15:18:49.820+0000: 47.735: [DefNew: 136646K->68K(153600K), 0.0017294 secs] 180950K->44372K(494976K), 0.0017881 secs] [Times: user=0.00 sys=0.00, real=0.00 secs] 
2019-06-10T15:18:57.255+0000: 55.171: [GC (Allocation Failure) 2019-06-10T15:18:57.255+0000: 55.171: [DefNew: 136644K->69K(153600K), 0.0017440 secs] 180948K->44374K(494976K), 0.0018192 secs] [Times: user=0.00 sys=0.00, real=0.01 secs] 
15:19:11.610 [Curator-PathChildrenCache-0] ERROR o.a.c.f.r.c.PathChildrenCache  - 
java.lang.IllegalStateException: instance must be started before calling this method
	at org.apache.curator.shaded.com.google.common.base.Preconditions.checkState(Preconditions.java:444)
	at org.apache.curator.framework.imps.CuratorFrameworkImpl.getChildren(CuratorFrameworkImpl.java:456)
	at org.apache.curator.framework.recipes.cache.PathChildrenCache.refresh(PathChildrenCache.java:521)
	at org.apache.curator.framework.recipes.cache.RefreshOperation.invoke(RefreshOperation.java:35)
	at org.apache.curator.framework.recipes.cache.PathChildrenCache$9.run(PathChildrenCache.java:786)
	at java.util.concurrent.Executors$RunnableAdapter.call(Executors.java:511)
	at java.util.concurrent.FutureTask.run(FutureTask.java:266)
	at java.util.concurrent.Executors$RunnableAdapter.call(Executors.java:511)
	at java.util.concurrent.FutureTask.run(FutureTask.java:266)
	at java.util.concurrent.ThreadPoolExecutor.runWorker(ThreadPoolExecutor.java:1149)
	at java.util.concurrent.ThreadPoolExecutor$Worker.run(ThreadPoolExecutor.java:624)
	at java.lang.Thread.run(Thread.java:748)
Heap
 def new generation   total 153600K, used 91263K [0x00000000e0c00000, 0x00000000eb2a0000, 0x00000000eb2a0000)
  eden space 136576K,  66% used [0x00000000e0c00000, 0x00000000e650e898, 0x00000000e9160000)
  from space 17024K,   0% used [0x00000000e9160000, 0x00000000e9171648, 0x00000000ea200000)
  to   space 17024K,   0% used [0x00000000ea200000, 0x00000000ea200000, 0x00000000eb2a0000)
 tenured generation   total 341376K, used 44304K [0x00000000eb2a0000, 0x0000000100000000, 0x0000000100000000)
   the space 341376K,  12% used [0x00000000eb2a0000, 0x00000000edde4280, 0x00000000edde4400, 0x0000000100000000)
 Metaspace       used 36113K, capacity 36992K, committed 37120K, reserved 1081344K
  class space    used 4875K, capacity 5074K, committed 5120K, reserved 1048576K
