05:13:12,684 |-INFO in ch.qos.logback.classic.LoggerContext[default] - Could NOT find resource [logback-test.xml]
05:13:12,684 |-INFO in ch.qos.logback.classic.LoggerContext[default] - Could NOT find resource [logback.groovy]
05:13:12,685 |-INFO in ch.qos.logback.classic.LoggerContext[default] - Found resource [logback.xml] at [jar:file:/root/flamestream/lib/flamestream-runtime-1.0-SNAPSHOT.jar!/logback.xml]
05:13:12,686 |-WARN in ch.qos.logback.classic.LoggerContext[default] - Resource [logback.xml] occurs multiple times on the classpath.
05:13:12,686 |-WARN in ch.qos.logback.classic.LoggerContext[default] - Resource [logback.xml] occurs at [jar:file:/root/flamestream/lib/flamestream-runtime-1.0-SNAPSHOT.jar!/logback.xml]
05:13:12,686 |-WARN in ch.qos.logback.classic.LoggerContext[default] - Resource [logback.xml] occurs at [jar:file:/root/flamestream/flamestream-runtime-1.0-SNAPSHOT.jar!/logback.xml]
05:13:12,705 |-INFO in ch.qos.logback.core.joran.spi.ConfigurationWatchList@3fb6a447 - URL [jar:file:/root/flamestream/lib/flamestream-runtime-1.0-SNAPSHOT.jar!/logback.xml] is not of type file
05:13:12,776 |-INFO in ch.qos.logback.classic.joran.action.ConfigurationAction - debug attribute not set
05:13:12,777 |-INFO in ch.qos.logback.core.joran.action.AppenderAction - About to instantiate appender of type [ch.qos.logback.core.ConsoleAppender]
05:13:12,797 |-INFO in ch.qos.logback.core.joran.action.AppenderAction - Naming appender as [STDOUT]
05:13:12,815 |-INFO in ch.qos.logback.core.joran.action.NestedComplexPropertyIA - Assuming default type [ch.qos.logback.classic.encoder.PatternLayoutEncoder] for [encoder] property
05:13:12,893 |-INFO in ch.qos.logback.core.joran.action.AppenderAction - About to instantiate appender of type [ch.qos.logback.core.rolling.RollingFileAppender]
05:13:12,898 |-INFO in ch.qos.logback.core.joran.action.AppenderAction - Naming appender as [FILE]
05:13:12,930 |-INFO in c.q.l.core.rolling.TimeBasedRollingPolicy@127618319 - No compression will be used
05:13:12,932 |-INFO in c.q.l.core.rolling.TimeBasedRollingPolicy@127618319 - Will use the pattern /tmp/application_%d{yyyy-MM-dd}.%i.log for the active file
05:13:12,935 |-INFO in ch.qos.logback.core.rolling.SizeAndTimeBasedFNATP@6b2fad11 - The date pattern is 'yyyy-MM-dd' from file name pattern '/tmp/application_%d{yyyy-MM-dd}.%i.log'.
05:13:12,935 |-INFO in ch.qos.logback.core.rolling.SizeAndTimeBasedFNATP@6b2fad11 - Roll-over at midnight.
05:13:12,940 |-INFO in ch.qos.logback.core.rolling.SizeAndTimeBasedFNATP@6b2fad11 - Setting initial period to Tue Jun 11 05:11:52 UTC 2019
05:13:12,940 |-WARN in ch.qos.logback.core.rolling.SizeAndTimeBasedFNATP@6b2fad11 - SizeAndTimeBasedFNATP is deprecated. Use SizeAndTimeBasedRollingPolicy instead
05:13:12,940 |-WARN in ch.qos.logback.core.rolling.SizeAndTimeBasedFNATP@6b2fad11 - For more information see http://logback.qos.ch/manual/appenders.html#SizeAndTimeBasedRollingPolicy
05:13:12,944 |-INFO in ch.qos.logback.core.joran.action.NestedComplexPropertyIA - Assuming default type [ch.qos.logback.classic.encoder.PatternLayoutEncoder] for [encoder] property
05:13:12,949 |-INFO in ch.qos.logback.core.rolling.RollingFileAppender[FILE] - Active log file name: /tmp/application.log
05:13:12,949 |-INFO in ch.qos.logback.core.rolling.RollingFileAppender[FILE] - File property is set to [/tmp/application.log]
05:13:12,950 |-INFO in ch.qos.logback.classic.joran.action.RootLoggerAction - Setting level of ROOT logger to WARN
05:13:12,950 |-INFO in ch.qos.logback.core.joran.action.AppenderRefAction - Attaching appender named [STDOUT] to Logger[ROOT]
05:13:12,952 |-INFO in ch.qos.logback.core.joran.action.AppenderRefAction - Attaching appender named [FILE] to Logger[ROOT]
05:13:12,952 |-INFO in ch.qos.logback.classic.joran.action.ConfigurationAction - End of configuration.
05:13:12,952 |-INFO in ch.qos.logback.classic.joran.JoranConfigurator@79698539 - Registering current configuration as safe fallback point

Ama winner
Ama winner
2019-06-11T05:13:14.271+0000: 1.777: [Full GC (Metadata GC Threshold) 2019-06-11T05:13:14.271+0000: 1.777: [Tenured: 0K->15209K(341376K), 0.0402399 secs] 114923K->15209K(494976K), [Metaspace: 20744K->20744K(1067008K)], 0.0403090 secs] [Times: user=0.04 sys=0.00, real=0.04 secs] 
05:13:29.076 [Curator-PathChildrenCache-2] WARN  o.a.c.u.ZKPaths  - The version of ZooKeeper being used doesn't support Container nodes. CreateMode.PERSISTENT will be used instead.
2019-06-11T05:13:31.393+0000: 18.899: [GC (Allocation Failure) 2019-06-11T05:13:31.393+0000: 18.899: [DefNew: 136576K->17024K(153600K), 0.0272403 secs] 151785K->52827K(494976K), 0.0273090 secs] [Times: user=0.02 sys=0.00, real=0.03 secs] 
2019-06-11T05:13:31.763+0000: 19.269: [Full GC (Metadata GC Threshold) 2019-06-11T05:13:31.763+0000: 19.269: [Tenured: 35803K->44398K(341376K), 0.0345116 secs] 67192K->44398K(494976K), [Metaspace: 34498K->34498K(1079296K)], 0.0346074 secs] [Times: user=0.04 sys=0.00, real=0.04 secs] 
2019-06-11T05:13:33.708+0000: 21.214: [GC (Allocation Failure) 2019-06-11T05:13:33.708+0000: 21.214: [DefNew: 136576K->150K(153600K), 0.0022719 secs] 180974K->44549K(494976K), 0.0023367 secs] [Times: user=0.00 sys=0.00, real=0.01 secs] 
2019-06-11T05:13:35.438+0000: 22.943: [GC (Allocation Failure) 2019-06-11T05:13:35.438+0000: 22.943: [DefNew: 136726K->252K(153600K), 0.0021229 secs] 181125K->44651K(494976K), 0.0021828 secs] [Times: user=0.00 sys=0.00, real=0.00 secs] 
2019-06-11T05:13:37.164+0000: 24.670: [GC (Allocation Failure) 2019-06-11T05:13:37.164+0000: 24.670: [DefNew: 136828K->230K(153600K), 0.0173670 secs] 181227K->44629K(494976K), 0.0174254 secs] [Times: user=0.02 sys=0.00, real=0.02 secs] 
2019-06-11T05:13:39.055+0000: 26.561: [GC (Allocation Failure) 2019-06-11T05:13:39.055+0000: 26.561: [DefNew: 136806K->368K(153600K), 0.0022373 secs] 181205K->44767K(494976K), 0.0023114 secs] [Times: user=0.00 sys=0.00, real=0.01 secs] 
2019-06-11T05:13:51.405+0000: 38.911: [GC (Allocation Failure) 2019-06-11T05:13:51.405+0000: 38.911: [DefNew: 136944K->753K(153600K), 0.0200516 secs] 181343K->45152K(494976K), 0.0201261 secs] [Times: user=0.02 sys=0.00, real=0.02 secs] 
05:13:51.815 [Curator-PathChildrenCache-0] ERROR o.a.c.f.r.c.PathChildrenCache  - 
java.lang.IllegalStateException: instance must be started before calling this method
	at org.apache.curator.shaded.com.google.common.base.Preconditions.checkState(Preconditions.java:444)
	at org.apache.curator.framework.imps.CuratorFrameworkImpl.getChildren(CuratorFrameworkImpl.java:456)
	at org.apache.curator.framework.recipes.cache.PathChildrenCache.refresh(PathChildrenCache.java:521)
	at org.apache.curator.framework.recipes.cache.RefreshOperation.invoke(RefreshOperation.java:35)
	at org.apache.curator.framework.recipes.cache.PathChildrenCache$9.run(PathChildrenCache.java:786)
	at java.util.concurrent.Executors$RunnableAdapter.call(Executors.java:511)
	at java.util.concurrent.FutureTask.run(FutureTask.java:266)
	at java.util.concurrent.Executors$RunnableAdapter.call(Executors.java:511)
	at java.util.concurrent.FutureTask.run(FutureTask.java:266)
	at java.util.concurrent.ThreadPoolExecutor.runWorker(ThreadPoolExecutor.java:1149)
	at java.util.concurrent.ThreadPoolExecutor$Worker.run(ThreadPoolExecutor.java:624)
	at java.lang.Thread.run(Thread.java:748)
Heap
 def new generation   total 153600K, used 21688K [0x00000000e0c00000, 0x00000000eb2a0000, 0x00000000eb2a0000)
  eden space 136576K,  15% used [0x00000000e0c00000, 0x00000000e2071b28, 0x00000000e9160000)
  from space 17024K,   4% used [0x00000000e9160000, 0x00000000e921c5b8, 0x00000000ea200000)
  to   space 17024K,   0% used [0x00000000ea200000, 0x00000000ea200000, 0x00000000eb2a0000)
 tenured generation   total 341376K, used 44398K [0x00000000eb2a0000, 0x0000000100000000, 0x0000000100000000)
   the space 341376K,  13% used [0x00000000eb2a0000, 0x00000000eddfbb30, 0x00000000eddfbc00, 0x0000000100000000)
 Metaspace       used 36008K, capacity 36974K, committed 37120K, reserved 1081344K
  class space    used 4872K, capacity 5067K, committed 5120K, reserved 1048576K
