12:27:24,350 |-INFO in ch.qos.logback.classic.LoggerContext[default] - Could NOT find resource [logback-test.xml]
12:27:24,350 |-INFO in ch.qos.logback.classic.LoggerContext[default] - Could NOT find resource [logback.groovy]
12:27:24,350 |-INFO in ch.qos.logback.classic.LoggerContext[default] - Found resource [logback.xml] at [jar:file:/home/ubuntu/flamestream/lib/flamestream-runtime-1.0-SNAPSHOT.jar!/logback.xml]
12:27:24,351 |-WARN in ch.qos.logback.classic.LoggerContext[default] - Resource [logback.xml] occurs multiple times on the classpath.
12:27:24,351 |-WARN in ch.qos.logback.classic.LoggerContext[default] - Resource [logback.xml] occurs at [jar:file:/home/ubuntu/flamestream/flamestream-runtime-1.0-SNAPSHOT.jar!/logback.xml]
12:27:24,351 |-WARN in ch.qos.logback.classic.LoggerContext[default] - Resource [logback.xml] occurs at [jar:file:/home/ubuntu/flamestream/lib/flamestream-runtime-1.0-SNAPSHOT.jar!/logback.xml]
12:27:24,370 |-INFO in ch.qos.logback.core.joran.spi.ConfigurationWatchList@4678c730 - URL [jar:file:/home/ubuntu/flamestream/lib/flamestream-runtime-1.0-SNAPSHOT.jar!/logback.xml] is not of type file
12:27:24,442 |-INFO in ch.qos.logback.classic.joran.action.ConfigurationAction - debug attribute not set
12:27:24,443 |-INFO in ch.qos.logback.core.joran.action.AppenderAction - About to instantiate appender of type [ch.qos.logback.core.ConsoleAppender]
12:27:24,466 |-INFO in ch.qos.logback.core.joran.action.AppenderAction - Naming appender as [STDOUT]
12:27:24,487 |-INFO in ch.qos.logback.core.joran.action.NestedComplexPropertyIA - Assuming default type [ch.qos.logback.classic.encoder.PatternLayoutEncoder] for [encoder] property
12:27:24,597 |-INFO in ch.qos.logback.core.joran.action.AppenderAction - About to instantiate appender of type [ch.qos.logback.core.rolling.RollingFileAppender]
12:27:24,602 |-INFO in ch.qos.logback.core.joran.action.AppenderAction - Naming appender as [FILE]
12:27:24,646 |-INFO in c.q.l.core.rolling.TimeBasedRollingPolicy@1734853116 - No compression will be used
12:27:24,647 |-INFO in c.q.l.core.rolling.TimeBasedRollingPolicy@1734853116 - Will use the pattern /tmp/application_%d{yyyy-MM-dd}.%i.log for the active file
12:27:24,652 |-INFO in ch.qos.logback.core.rolling.SizeAndTimeBasedFNATP@29ee9faa - The date pattern is 'yyyy-MM-dd' from file name pattern '/tmp/application_%d{yyyy-MM-dd}.%i.log'.
12:27:24,652 |-INFO in ch.qos.logback.core.rolling.SizeAndTimeBasedFNATP@29ee9faa - Roll-over at midnight.
12:27:24,659 |-INFO in ch.qos.logback.core.rolling.SizeAndTimeBasedFNATP@29ee9faa - Setting initial period to Thu Oct 10 12:26:56 UTC 2019
12:27:24,659 |-WARN in ch.qos.logback.core.rolling.SizeAndTimeBasedFNATP@29ee9faa - SizeAndTimeBasedFNATP is deprecated. Use SizeAndTimeBasedRollingPolicy instead
12:27:24,659 |-WARN in ch.qos.logback.core.rolling.SizeAndTimeBasedFNATP@29ee9faa - For more information see http://logback.qos.ch/manual/appenders.html#SizeAndTimeBasedRollingPolicy
12:27:24,666 |-INFO in ch.qos.logback.core.joran.action.NestedComplexPropertyIA - Assuming default type [ch.qos.logback.classic.encoder.PatternLayoutEncoder] for [encoder] property
12:27:24,674 |-INFO in ch.qos.logback.core.rolling.RollingFileAppender[FILE] - Active log file name: /tmp/application.log
12:27:24,674 |-INFO in ch.qos.logback.core.rolling.RollingFileAppender[FILE] - File property is set to [/tmp/application.log]
12:27:24,675 |-INFO in ch.qos.logback.classic.joran.action.RootLoggerAction - Setting level of ROOT logger to INFO
12:27:24,675 |-INFO in ch.qos.logback.core.joran.action.AppenderRefAction - Attaching appender named [STDOUT] to Logger[ROOT]
12:27:24,676 |-INFO in ch.qos.logback.core.joran.action.AppenderRefAction - Attaching appender named [FILE] to Logger[ROOT]
12:27:24,676 |-INFO in ch.qos.logback.classic.joran.action.ConfigurationAction - End of configuration.
12:27:24,677 |-INFO in ch.qos.logback.classic.joran.JoranConfigurator@c038203 - Registering current configuration as safe fallback point

12:27:24.685 [main] INFO  c.s.f.r.WorkerApplication  - Starting worker with workerConfig 'WorkerConfig{id='flamestream-benchmarks-worker-13', localAddress=flamestream-benchmarks-worker-13/10.0.0.3:5412, zkString='flamestream-benchmarks-manager:12181', snapshotPath='/home/ubuntu/flamestream/data', guarantees=AT_MOST_ONCE}'
12:27:26.264 [worker-akka.actor.default-dispatcher-6] INFO  a.e.s.Slf4jLogger  - Slf4jLogger started
2019-10-10T12:27:26.431+0000: 2.462: [Full GC (Metadata GC Threshold) 2019-10-10T12:27:26.431+0000: 2.462: [Tenured: 0K->13625K(1024000K), 0.0564577 secs] 139464K->13625K(1484800K), [Metaspace: 20226K->20226K(1067008K)], 0.0565489 secs] [Times: user=0.06 sys=0.00, real=0.06 secs] 
12:27:26.606 [worker-akka.actor.default-dispatcher-6] WARN  a.r.RemoteActorRefProvider akka.remote.RemoteActorRefProvider - Using the 'remote' ActorRefProvider directly, which is a low-level layer. For most use cases, the 'cluster' abstraction on top of remoting is more suitable instead.
12:27:26.621 [worker-akka.actor.default-dispatcher-6] WARN  a.r.RemoteActorRefProvider akka.remote.RemoteActorRefProvider - Akka Cluster not in use - Using Akka Cluster is recommended if you need remote watch and deploy.
12:27:26.754 [worker-akka.actor.default-dispatcher-6] INFO  a.r.a.a.ArteryAeronUdpTransport(akka://worker) akka.remote.artery.aeron.ArteryAeronUdpTransport(akka://worker) - Started embedded media driver in directory [/dev/shm/aeron-flamestream-benchmarks-worker-13]
12:27:26.797 [worker-akka.actor.default-dispatcher-6] WARN  a.r.a.a.ArteryAeronUdpTransport(akka://worker) akka.remote.artery.aeron.ArteryAeronUdpTransport(akka://worker) - Aeron CnC version mismatch: compiled version = 15, file version = 16
12:27:27.112 [worker-akka.actor.default-dispatcher-6] INFO  a.r.a.a.ArteryAeronUdpTransport(akka://worker) akka.remote.artery.aeron.ArteryAeronUdpTransport(akka://worker) - Remoting started with transport [Artery aeron-udp]; listening on address [akka://worker@flamestream-benchmarks-worker-13:5412] and bound to [akka://worker@0.0.0.0:5412] with UID [-4704642355831477213]
12:27:27.878 [worker-akka.actor.default-dispatcher-6] WARN  a.s.Serialization(akka://worker) akka.serialization.Serialization(akka://worker) - Using serializer [com.romix.akka.serialization.kryo.KryoSerializer] for message [akka.actor.ActorSelectionMessage]. Note that this serializer is not implemented by Akka. It's not recommended to replace serializers for messages provided by Akka.
12:27:27.879 [worker-akka.actor.default-dispatcher-6] WARN  a.s.Serialization(akka://worker) akka.serialization.Serialization(akka://worker) - Using serializer [com.romix.akka.serialization.kryo.KryoSerializer] for message [akka.actor.ActorIdentity]. Note that this serializer is not implemented by Akka. It's not recommended to replace serializers for messages provided by Akka.
12:27:27.947 [worker-akka.actor.default-dispatcher-9] INFO  a.a.RepointableActorRef akka://worker/user/watcher - Starting...
12:27:28.111 [worker-akka.actor.default-dispatcher-6] INFO  o.a.c.u.Compatibility  - Running in ZooKeeper 3.4.x compatibility mode
12:27:28.184 [worker-akka.actor.default-dispatcher-6] INFO  o.a.c.f.i.CuratorFrameworkImpl  - Starting
12:27:28.213 [worker-akka.actor.default-dispatcher-6] INFO  o.a.z.ZooKeeper  - Client environment:zookeeper.version=3.4.14-4c25d480e66aadd371de8bd2fd8da255ac140bcf, built on 03/06/2019 16:18 GMT
12:27:28.215 [worker-akka.actor.default-dispatcher-6] INFO  o.a.z.ZooKeeper  - Client environment:host.name=flamestream-benchmarks-worker-13
12:27:28.215 [worker-akka.actor.default-dispatcher-6] INFO  o.a.z.ZooKeeper  - Client environment:java.version=1.8.0_222
12:27:28.216 [worker-akka.actor.default-dispatcher-6] INFO  o.a.z.ZooKeeper  - Client environment:java.vendor=Private Build
12:27:28.218 [worker-akka.actor.default-dispatcher-6] INFO  o.a.z.ZooKeeper  - Client environment:java.home=/usr/lib/jvm/java-8-openjdk-amd64/jre
12:27:28.219 [worker-akka.actor.default-dispatcher-6] INFO  o.a.z.ZooKeeper  - Client environment:java.class.path=lib/curator-framework-4.0.1.jar:lib/commons-csv-1.4.jar:lib/aeron-client-1.21.2.jar:lib/scala-library-2.12.9.jar:lib/asm-5.0.4.jar:lib/agrona-1.0.1.jar:lib/curator-recipes-4.0.1.jar:lib/akka-testkit_2.12-2.6.0-M6.jar:lib/flamestream-runtime-1.0-SNAPSHOT.jar:lib/slf4j-simple-2.0.0-alpha1.jar:lib/jsr305-3.0.2.jar:lib/trove4j-3.0.3.jar:lib/flamestream-core-1.0-SNAPSHOT.jar:lib/commons-io-2.4.jar:lib/minlog-1.3.0.jar:lib/kryonet-2.21.jar:lib/commons-1.4.9.jar:lib/jline-0.9.94.jar:lib/akka-remote_2.12-2.6.0-M6.jar:lib/leveldbjni-all-1.8.jar:lib/lz4-1.3.0.jar:lib/slf4j-api-1.7.24.jar:lib/scala-parser-combinators_2.12-1.1.2.jar:lib/flamestream-core-1.0-SNAPSHOT-tests.jar:lib/logback-core-1.2.3.jar:lib/netty-3.10.6.Final.jar:lib/protobuf-java-3.9.0.jar:lib/minlog-1.2.jar:lib/leveldb-api-0.7.jar:lib/jool-0.9.12.jar:lib/commons-cli-1.4.jar:lib/jblas-1.2.4.jar:lib/reflectasm-1.11.3.jar:lib/reflectasm-1.07-shaded.jar:lib/audience-annotations-0.5.0.jar:lib/jackson-annotations-2.9.6.jar:lib/commons-lang-2.6.jar:lib/ssl-config-core_2.12-0.3.8.jar:lib/annotations-13.0.jar:lib/logback-classic-1.2.3.jar:lib/guava-21.0.jar:lib/reactive-streams-1.0.2.jar:lib/spotbugs-annotations-3.1.9.jar:lib/leveldb-0.7.jar:lib/commons-pool2-2.4.2.jar:lib/rocksdbjni-5.5.1.jar:lib/jackson-core-2.9.9.jar:lib/jackson-databind-2.9.9.2.jar:lib/akka-protobuf-v3_2.12-2.6.0-M6.jar:lib/jackson-annotations-2.9.0.jar:lib/flamestream-examples-1.0-SNAPSHOT.jar:lib/objenesis-2.1.jar:lib/akka-kryo-serialization_2.12-0.5.2.jar:lib/scala-java8-compat_2.12-0.8.0.jar:lib/zookeeper-3.4.14.jar:lib/akka-slf4j_2.12-2.6.0-M6.jar:lib/kryo-4.0.0.jar:lib/akka-stream_2.12-2.6.0-M6.jar:lib/aeron-driver-1.21.2.jar:lib/config-1.3.1.jar:lib/annotations-12.0.jar:lib/jedis-2.9.0.jar:lib/jcommander-1.48.jar:lib/testng-6.10.jar:lib/akka-actor_2.12-2.6.0-M6.jar:lib/curator-client-4.0.1.jar:flamestream-runtime-1.0-SNAPSHOT.jar
12:27:28.222 [worker-akka.actor.default-dispatcher-6] INFO  o.a.z.ZooKeeper  - Client environment:java.library.path=/usr/java/packages/lib/amd64:/usr/lib/x86_64-linux-gnu/jni:/lib/x86_64-linux-gnu:/usr/lib/x86_64-linux-gnu:/usr/lib/jni:/lib:/usr/lib
12:27:28.223 [worker-akka.actor.default-dispatcher-6] INFO  o.a.z.ZooKeeper  - Client environment:java.io.tmpdir=/tmp
12:27:28.224 [worker-akka.actor.default-dispatcher-6] INFO  o.a.z.ZooKeeper  - Client environment:java.compiler=<NA>
12:27:28.224 [worker-akka.actor.default-dispatcher-6] INFO  o.a.z.ZooKeeper  - Client environment:os.name=Linux
12:27:28.224 [worker-akka.actor.default-dispatcher-6] INFO  o.a.z.ZooKeeper  - Client environment:os.arch=amd64
12:27:28.224 [worker-akka.actor.default-dispatcher-6] INFO  o.a.z.ZooKeeper  - Client environment:os.version=4.15.0-1040-gcp
12:27:28.225 [worker-akka.actor.default-dispatcher-6] INFO  o.a.z.ZooKeeper  - Client environment:user.name=ubuntu
12:27:28.225 [worker-akka.actor.default-dispatcher-6] INFO  o.a.z.ZooKeeper  - Client environment:user.home=/home/ubuntu
12:27:28.226 [worker-akka.actor.default-dispatcher-6] INFO  o.a.z.ZooKeeper  - Client environment:user.dir=/home/ubuntu/flamestream
12:27:28.230 [worker-akka.actor.default-dispatcher-6] INFO  o.a.z.ZooKeeper  - Initiating client connection, connectString=flamestream-benchmarks-manager:12181 sessionTimeout=60000 watcher=org.apache.curator.ConnectionState@652f61e2
12:27:28.297 [worker-akka.actor.default-dispatcher-6-SendThread(flamestream-benchmarks-manager:12181)] INFO  o.a.z.ClientCnxn  - Opening socket connection to server flamestream-benchmarks-manager/10.0.0.21:12181. Will not attempt to authenticate using SASL (unknown error)
12:27:28.302 [worker-akka.actor.default-dispatcher-6] INFO  o.a.c.f.i.CuratorFrameworkImpl  - Default schema
12:27:28.307 [worker-akka.actor.default-dispatcher-6-SendThread(flamestream-benchmarks-manager:12181)] INFO  o.a.z.ClientCnxn  - Socket connection established to flamestream-benchmarks-manager/10.0.0.21:12181, initiating session
12:27:28.324 [worker-akka.actor.default-dispatcher-6-SendThread(flamestream-benchmarks-manager:12181)] INFO  o.a.z.ClientCnxn  - Session establishment complete on server flamestream-benchmarks-manager/10.0.0.21:12181, sessionid = 0x100005c675e000e, negotiated timeout = 60000
12:27:28.339 [worker-akka.actor.default-dispatcher-6-EventThread] INFO  o.a.c.f.s.ConnectionStateManager  - State change: CONNECTED
12:27:28.343 [worker-akka.actor.default-dispatcher-9] INFO  a.a.RepointableActorRef akka://worker/user/watcher - Initializing rocksDB backend
2019-10-10T12:27:29.623+0000: 5.653: [Full GC (Metadata GC Threshold) 2019-10-10T12:27:29.623+0000: 5.653: [Tenured: 13625K->25927K(1024000K), 0.1518047 secs] 161115K->25927K(1484800K), [Metaspace: 33695K->33695K(1079296K)], 0.1519138 secs] [Times: user=0.14 sys=0.01, real=0.15 secs] 
12:27:29.892 [worker-akka.actor.default-dispatcher-6] INFO  a.a.LocalActorRef akka://worker/user/watcher/processing-watcher - Starting...
12:27:34.105 [worker-akka.actor.default-dispatcher-6] INFO  a.a.LocalActorRef akka://worker/user/watcher/processing-watcher/$a - Starting...
12:27:34.128 [worker-akka.actor.default-dispatcher-10] INFO  a.a.LocalActorRef akka://worker/user/watcher/processing-watcher/$a - Stopped
12:27:35.767 [worker-akka.actor.default-dispatcher-11] INFO  a.a.LocalActorRef akka://worker/user/watcher/processing-watcher/graph/graph - Starting...
12:27:38.127 [worker-akka.actor.default-dispatcher-9] INFO  a.a.LocalActorRef akka://worker/user/watcher/processing-watcher/graph/graph - Finishing constructor
12:27:38.128 [worker-akka.actor.default-dispatcher-9] INFO  a.a.LocalActorRef akka://worker/user/watcher/processing-watcher/graph/negotiator - Starting...
12:27:38.136 [worker-akka.actor.default-dispatcher-11] INFO  a.a.LocalActorRef akka://worker/user/watcher/processing-watcher/graph/edge - Starting...
12:27:38.143 [worker-akka.actor.default-dispatcher-9] INFO  a.a.LocalActorRef akka://worker/user/watcher/processing-watcher/graph - Starting FlameNode with config 'ClusterConfig{paths={flamestream-benchmarks-worker-1=akka://worker@flamestream-benchmarks-worker-1:5412/user/watcher/processing-watcher/graph, flamestream-benchmarks-worker-0=akka://worker@flamestream-benchmarks-worker-0:5412/user/watcher/processing-watcher/graph, flamestream-benchmarks-worker-9=akka://worker@flamestream-benchmarks-worker-9:5412/user/watcher/processing-watcher/graph, flamestream-benchmarks-worker-8=akka://worker@flamestream-benchmarks-worker-8:5412/user/watcher/processing-watcher/graph, flamestream-benchmarks-worker-7=akka://worker@flamestream-benchmarks-worker-7:5412/user/watcher/processing-watcher/graph, flamestream-benchmarks-worker-6=akka://worker@flamestream-benchmarks-worker-6:5412/user/watcher/processing-watcher/graph, flamestream-benchmarks-worker-5=akka://worker@flamestream-benchmarks-worker-5:5412/user/watcher/processing-watcher/graph, flamestream-benchmarks-worker-4=akka://worker@flamestream-benchmarks-worker-4:5412/user/watcher/processing-watcher/graph, flamestream-benchmarks-worker-3=akka://worker@flamestream-benchmarks-worker-3:5412/user/watcher/processing-watcher/graph, flamestream-benchmarks-worker-2=akka://worker@flamestream-benchmarks-worker-2:5412/user/watcher/processing-watcher/graph, flamestream-benchmarks-worker-14=akka://worker@flamestream-benchmarks-worker-14:5412/user/watcher/processing-watcher/graph, flamestream-benchmarks-worker-13=akka://worker@flamestream-benchmarks-worker-13:5412/user/watcher/processing-watcher/graph, flamestream-benchmarks-worker-12=akka://worker@flamestream-benchmarks-worker-12:5412/user/watcher/processing-watcher/graph, flamestream-benchmarks-worker-11=akka://worker@flamestream-benchmarks-worker-11:5412/user/watcher/processing-watcher/graph, flamestream-benchmarks-worker-10=akka://worker@flamestream-benchmarks-worker-10:5412/user/watcher/processing-watcher/graph}}'
12:27:38.188 [worker-akka.actor.default-dispatcher-6] INFO  a.a.LocalActorRef akka://worker/user/watcher/processing-watcher/graph/negotiator - Requesting ticket for the frontClass FlameSocketGraphDeployerFront@flamestream-benchmarks-worker-13
12:27:38.221 [worker-akka.actor.default-dispatcher-13] INFO  a.a.LocalActorRef akka://worker/user/watcher/processing-watcher/graph/graph - Received last commit 'LastCommit{globalTime=(0000000, min@min)}'
12:27:38.243 [worker-akka.actor.default-dispatcher-13] INFO  a.a.LocalActorRef akka://worker/user/watcher/processing-watcher/graph/edge/FlameSocketGraphDeployerFront - Starting...
12:27:38.250 [worker-akka.actor.default-dispatcher-11] INFO  c.s.f.r.e.s.SocketRear  - FlameSocketGraphDeployerRear@flamestream-benchmarks-worker-13: connecting to flamestream-benchmarks-manager:5678
12:27:38.265 [worker-akka.actor.default-dispatcher-11] INFO  c.s.f.r.e.s.SocketRear  - FlameSocketGraphDeployerRear@flamestream-benchmarks-worker-13: connected to flamestream-benchmarks-manager:5678
12:27:38.266 [worker-akka.actor.default-dispatcher-11] INFO  a.a.LocalActorRef akka://worker/user/watcher/processing-watcher/graph/edge/FlameSocketGraphDeployerRear - Starting...
12:27:38.300 [worker-akka.actor.default-dispatcher-9] INFO  a.a.LocalActorRef akka://worker/user/watcher/processing-watcher/graph/negotiator - Ticket for the frontClass received: FrontTicket{allowedTimestamp=(0000000, FlameSocketGraphDeployerFront@flamestream-benchmarks-worker-13)}
12:27:38.302 [worker-akka.actor.default-dispatcher-9] INFO  c.s.f.r.e.s.SocketFront  - FlameSocketGraphDeployerFront@flamestream-benchmarks-worker-13: connecting to flamestream-benchmarks-manager:4567
12:27:38.515 [worker-akka.actor.default-dispatcher-9] INFO  a.a.LocalActorRef akka://worker/user/watcher/processing-watcher/graph/graph/$a - Starting...
12:27:38.518 [worker-akka.actor.default-dispatcher-9] INFO  a.a.LocalActorRef akka://worker/user/watcher/processing-watcher/graph/graph/$b - Starting...
12:27:38.521 [worker-akka.actor.default-dispatcher-9] INFO  a.a.LocalActorRef akka://worker/user/watcher/processing-watcher/graph/graph/$c - Starting...
12:27:38.524 [worker-akka.actor.default-dispatcher-9] INFO  a.a.LocalActorRef akka://worker/user/watcher/processing-watcher/graph/graph/$d - Starting...
12:27:38.530 [worker-akka.actor.default-dispatcher-9] INFO  a.a.LocalActorRef akka://worker/user/watcher/processing-watcher/graph/graph/$e - Starting...
12:27:38.532 [worker-akka.actor.default-dispatcher-9] INFO  a.a.LocalActorRef akka://worker/user/watcher/processing-watcher/graph/graph/$f - Starting...
12:27:38.536 [worker-akka.actor.default-dispatcher-9] INFO  a.a.LocalActorRef akka://worker/user/watcher/processing-watcher/graph/graph/$g - Starting...
12:27:38.540 [worker-akka.actor.default-dispatcher-9] INFO  a.a.LocalActorRef akka://worker/user/watcher/processing-watcher/graph/graph/$h - Starting...
12:27:38.544 [worker-akka.actor.default-dispatcher-9] INFO  a.a.LocalActorRef akka://worker/user/watcher/processing-watcher/graph/graph/$i - Starting...
12:27:38.550 [worker-akka.actor.default-dispatcher-9] INFO  a.a.LocalActorRef akka://worker/user/watcher/processing-watcher/graph/graph/$j - Starting...
12:27:38.554 [worker-akka.actor.default-dispatcher-9] INFO  a.a.LocalActorRef akka://worker/user/watcher/processing-watcher/graph/graph/$k - Starting...
12:27:38.558 [worker-akka.actor.default-dispatcher-9] INFO  a.a.LocalActorRef akka://worker/user/watcher/processing-watcher/graph/graph/$l - Starting...
12:27:38.561 [worker-akka.actor.default-dispatcher-9] INFO  a.a.LocalActorRef akka://worker/user/watcher/processing-watcher/graph/graph/$m - Starting...
12:27:38.566 [worker-akka.actor.default-dispatcher-9] INFO  a.a.LocalActorRef akka://worker/user/watcher/processing-watcher/graph/graph/$n - Starting...
12:27:38.576 [worker-akka.actor.default-dispatcher-9] INFO  a.a.LocalActorRef akka://worker/user/watcher/processing-watcher/graph/graph/$o - Starting...
12:27:38.601 [worker-akka.actor.default-dispatcher-9] INFO  a.a.LocalActorRef akka://worker/user/watcher/processing-watcher/graph/graph/$p - Starting...
12:27:38.607 [worker-akka.actor.default-dispatcher-9] INFO  a.a.LocalActorRef akka://worker/user/watcher/processing-watcher/graph/graph/$q - Starting...
12:27:38.612 [worker-akka.actor.default-dispatcher-9] INFO  a.a.LocalActorRef akka://worker/user/watcher/processing-watcher/graph/graph/$r - Starting...
12:27:38.616 [worker-akka.actor.default-dispatcher-9] INFO  a.a.LocalActorRef akka://worker/user/watcher/processing-watcher/graph/graph/$s - Starting...
12:27:38.620 [worker-akka.actor.default-dispatcher-9] INFO  a.a.LocalActorRef akka://worker/user/watcher/processing-watcher/graph/graph/$t - Starting...
12:27:38.629 [worker-akka.actor.default-dispatcher-9] INFO  a.a.LocalActorRef akka://worker/user/watcher/processing-watcher/graph/graph/$u - Starting...
12:27:38.634 [worker-akka.actor.default-dispatcher-9] INFO  a.a.LocalActorRef akka://worker/user/watcher/processing-watcher/graph/graph/$v - Starting...
12:27:38.635 [worker-akka.actor.default-dispatcher-9] INFO  a.a.LocalActorRef akka://worker/user/watcher/processing-watcher/graph/graph/$w - Starting...
12:27:38.635 [worker-akka.actor.default-dispatcher-9] INFO  a.a.LocalActorRef akka://worker/user/watcher/processing-watcher/graph/graph/$x - Starting...
12:27:38.635 [worker-akka.actor.default-dispatcher-9] INFO  a.a.LocalActorRef akka://worker/user/watcher/processing-watcher/graph/graph/$y - Starting...
12:27:38.635 [worker-akka.actor.default-dispatcher-9] INFO  a.a.LocalActorRef akka://worker/user/watcher/processing-watcher/graph/graph/$z - Starting...
12:27:38.640 [worker-akka.actor.default-dispatcher-11] INFO  a.a.LocalActorRef akka://worker/user/watcher/processing-watcher/graph/graph/$A - Starting...
12:27:38.640 [worker-akka.actor.default-dispatcher-11] INFO  a.a.LocalActorRef akka://worker/user/watcher/processing-watcher/graph/graph/$o - Attached rear to graph (-9223372036854775808, min@min)
12:27:38.640 [worker-akka.actor.default-dispatcher-11] INFO  a.a.LocalActorRef akka://worker/user/watcher/processing-watcher/graph/graph/$B - Starting...
12:27:38.640 [worker-akka.actor.default-dispatcher-11] INFO  a.a.LocalActorRef akka://worker/user/watcher/processing-watcher/graph/graph/$C - Starting...
12:27:38.642 [worker-akka.actor.default-dispatcher-11] INFO  a.a.LocalActorRef akka://worker/user/watcher/processing-watcher/graph/graph/$E - Starting...
12:27:38.643 [worker-akka.actor.default-dispatcher-11] INFO  a.a.LocalActorRef akka://worker/user/watcher/processing-watcher/graph/graph/$D - Starting...
12:27:38.644 [worker-akka.actor.default-dispatcher-11] INFO  a.a.LocalActorRef akka://worker/user/watcher/processing-watcher/graph/graph/$F - Starting...
12:27:38.644 [worker-akka.actor.default-dispatcher-11] INFO  a.a.LocalActorRef akka://worker/user/watcher/processing-watcher/graph/graph/$H - Starting...
12:27:38.645 [worker-akka.actor.default-dispatcher-11] INFO  a.a.LocalActorRef akka://worker/user/watcher/processing-watcher/graph/graph/$G - Starting...
2019-10-10T12:27:52.168+0000: 28.198: [GC (Allocation Failure) 2019-10-10T12:27:52.168+0000: 28.198: [DefNew: 409600K->30569K(460800K), 0.0579173 secs] 435527K->56496K(1484800K), 0.0580214 secs] [Times: user=0.04 sys=0.01, real=0.06 secs] 
2019-10-10T12:27:59.574+0000: 35.604: [GC (Allocation Failure) 2019-10-10T12:27:59.574+0000: 35.604: [DefNew: 440169K->138K(460800K), 0.0343131 secs] 466096K->54175K(1484800K), 0.0344267 secs] [Times: user=0.02 sys=0.02, real=0.03 secs] 
2019-10-10T12:28:05.174+0000: 41.205: [GC (Allocation Failure) 2019-10-10T12:28:05.174+0000: 41.205: [DefNew: 409738K->167K(460800K), 0.0033299 secs] 463775K->54205K(1484800K), 0.0034703 secs] [Times: user=0.00 sys=0.00, real=0.00 secs] 
2019-10-10T12:28:10.020+0000: 46.050: [GC (Allocation Failure) 2019-10-10T12:28:10.020+0000: 46.050: [DefNew: 409767K->167K(460800K), 0.0032196 secs] 463805K->54205K(1484800K), 0.0033125 secs] [Times: user=0.00 sys=0.01, real=0.01 secs] 
2019-10-10T12:28:14.889+0000: 50.919: [GC (Allocation Failure) 2019-10-10T12:28:14.889+0000: 50.919: [DefNew: 409767K->284K(460800K), 0.0033488 secs] 463805K->54322K(1484800K), 0.0034495 secs] [Times: user=0.00 sys=0.00, real=0.00 secs] 
2019-10-10T12:28:19.553+0000: 55.583: [GC (Allocation Failure) 2019-10-10T12:28:19.553+0000: 55.583: [DefNew: 409884K->282K(460800K), 0.0039172 secs] 463922K->54319K(1484800K), 0.0040298 secs] [Times: user=0.01 sys=0.00, real=0.00 secs] 
2019-10-10T12:28:25.073+0000: 61.103: [GC (Allocation Failure) 2019-10-10T12:28:25.073+0000: 61.103: [DefNew: 409882K->309K(460800K), 0.0038016 secs] 463919K->54347K(1484800K), 0.0039540 secs] [Times: user=0.00 sys=0.01, real=0.01 secs] 
2019-10-10T12:28:32.310+0000: 68.340: [GC (Allocation Failure) 2019-10-10T12:28:32.310+0000: 68.340: [DefNew: 409909K->604K(460800K), 0.0048604 secs] 463947K->54642K(1484800K), 0.0049836 secs] [Times: user=0.00 sys=0.01, real=0.01 secs] 
2019-10-10T12:28:37.828+0000: 73.859: [GC (Allocation Failure) 2019-10-10T12:28:37.828+0000: 73.859: [DefNew: 410204K->318K(460800K), 0.0034885 secs] 464242K->54355K(1484800K), 0.0035913 secs] [Times: user=0.00 sys=0.00, real=0.00 secs] 
2019-10-10T12:28:43.500+0000: 79.532: [GC (Allocation Failure) 2019-10-10T12:28:43.501+0000: 79.532: [DefNew: 409918K->549K(460800K), 0.0046749 secs] 463955K->54586K(1484800K), 0.0062475 secs] [Times: user=0.00 sys=0.00, real=0.01 secs] 
2019-10-10T12:28:49.603+0000: 85.633: [GC (Allocation Failure) 2019-10-10T12:28:49.603+0000: 85.633: [DefNew: 410149K->370K(460800K), 0.0036612 secs] 464186K->54407K(1484800K), 0.0037589 secs] [Times: user=0.00 sys=0.00, real=0.00 secs] 
2019-10-10T12:28:55.174+0000: 91.205: [GC (Allocation Failure) 2019-10-10T12:28:55.174+0000: 91.205: [DefNew: 409970K->544K(460800K), 0.0046182 secs] 464007K->54581K(1484800K), 0.0047474 secs] [Times: user=0.00 sys=0.00, real=0.00 secs] 
2019-10-10T12:29:01.629+0000: 97.659: [GC (Allocation Failure) 2019-10-10T12:29:01.629+0000: 97.660: [DefNew: 410144K->552K(460800K), 0.0041512 secs] 464181K->54589K(1484800K), 0.0042513 secs] [Times: user=0.01 sys=0.00, real=0.01 secs] 
2019-10-10T12:29:07.243+0000: 103.273: [GC (Allocation Failure) 2019-10-10T12:29:07.243+0000: 103.273: [DefNew: 410152K->340K(460800K), 0.0034994 secs] 464189K->54377K(1484800K), 0.0036014 secs] [Times: user=0.01 sys=0.00, real=0.00 secs] 
2019-10-10T12:29:12.778+0000: 108.808: [GC (Allocation Failure) 2019-10-10T12:29:12.778+0000: 108.808: [DefNew: 409940K->427K(460800K), 0.0038991 secs] 463977K->54465K(1484800K), 0.0039984 secs] [Times: user=0.01 sys=0.00, real=0.01 secs] 
2019-10-10T12:29:18.251+0000: 114.283: [GC (Allocation Failure) 2019-10-10T12:29:18.253+0000: 114.283: [DefNew: 410027K->322K(460800K), 0.0039745 secs] 464065K->54360K(1484800K), 0.0058779 secs] [Times: user=0.01 sys=0.00, real=0.01 secs] 
2019-10-10T12:29:23.735+0000: 119.765: [GC (Allocation Failure) 2019-10-10T12:29:23.735+0000: 119.765: [DefNew: 409922K->296K(460800K), 0.0039720 secs] 463960K->54362K(1484800K), 0.0040862 secs] [Times: user=0.00 sys=0.00, real=0.00 secs] 
2019-10-10T12:29:30.477+0000: 126.507: [GC (Allocation Failure) 2019-10-10T12:29:30.477+0000: 126.507: [DefNew: 409896K->370K(460800K), 0.0038136 secs] 463962K->54438K(1484800K), 0.0039196 secs] [Times: user=0.00 sys=0.00, real=0.01 secs] 
2019-10-10T12:29:36.515+0000: 132.546: [GC (Allocation Failure) 2019-10-10T12:29:36.516+0000: 132.546: [DefNew: 409970K->443K(460800K), 0.0037339 secs] 464038K->54520K(1484800K), 0.0038612 secs] [Times: user=0.00 sys=0.00, real=0.00 secs] 
2019-10-10T12:29:41.806+0000: 137.838: [GC (Allocation Failure) 2019-10-10T12:29:41.808+0000: 137.838: [DefNew: 410043K->329K(460800K), 0.0036028 secs] 464120K->54409K(1484800K), 0.0054404 secs] [Times: user=0.00 sys=0.00, real=0.00 secs] 
2019-10-10T12:29:47.178+0000: 143.210: [GC (Allocation Failure) 2019-10-10T12:29:47.180+0000: 143.210: [DefNew: 409929K->364K(460800K), 0.0038316 secs] 464009K->54444K(1484800K), 0.0054365 secs] [Times: user=0.00 sys=0.00, real=0.01 secs] 
2019-10-10T12:29:52.954+0000: 148.984: [GC (Allocation Failure) 2019-10-10T12:29:52.954+0000: 148.984: [DefNew: 409964K->372K(460800K), 0.0040156 secs] 464044K->54527K(1484800K), 0.0041301 secs] [Times: user=0.01 sys=0.00, real=0.00 secs] 
2019-10-10T12:29:58.499+0000: 154.529: [GC (Allocation Failure) 2019-10-10T12:29:58.499+0000: 154.529: [DefNew: 409972K->137K(460800K), 0.0036232 secs] 464127K->54408K(1484800K), 0.0037308 secs] [Times: user=0.01 sys=0.00, real=0.01 secs] 
2019-10-10T12:30:04.114+0000: 160.144: [GC (Allocation Failure) 2019-10-10T12:30:04.114+0000: 160.144: [DefNew: 409737K->324K(460800K), 0.0036368 secs] 464008K->54595K(1484800K), 0.0037470 secs] [Times: user=0.00 sys=0.00, real=0.00 secs] 
2019-10-10T12:30:09.619+0000: 165.651: [GC (Allocation Failure) 2019-10-10T12:30:09.620+0000: 165.651: [DefNew: 409924K->241K(460800K), 0.0038216 secs] 464195K->54514K(1484800K), 0.0054195 secs] [Times: user=0.00 sys=0.00, real=0.01 secs] 
2019-10-10T12:30:15.053+0000: 171.083: [GC (Allocation Failure) 2019-10-10T12:30:15.053+0000: 171.083: [DefNew: 409841K->138K(460800K), 0.0032318 secs] 464114K->54411K(1484800K), 0.0034007 secs] [Times: user=0.01 sys=0.00, real=0.00 secs] 
2019-10-10T12:30:20.654+0000: 176.686: [GC (Allocation Failure) 2019-10-10T12:30:20.656+0000: 176.686: [DefNew: 409738K->167K(460800K), 0.0032513 secs] 464011K->54440K(1484800K), 0.0048331 secs] [Times: user=0.01 sys=0.00, real=0.00 secs] 
2019-10-10T12:30:26.340+0000: 182.370: [GC (Allocation Failure) 2019-10-10T12:30:26.340+0000: 182.370: [DefNew: 409767K->180K(460800K), 0.0032723 secs] 464040K->54455K(1484800K), 0.0033771 secs] [Times: user=0.00 sys=0.00, real=0.01 secs] 
2019-10-10T12:30:31.727+0000: 187.758: [GC (Allocation Failure) 2019-10-10T12:30:31.728+0000: 187.758: [DefNew: 409780K->340K(460800K), 0.0039172 secs] 464055K->54614K(1484800K), 0.0053332 secs] [Times: user=0.00 sys=0.00, real=0.00 secs] 
2019-10-10T12:30:37.065+0000: 193.097: [GC (Allocation Failure) 2019-10-10T12:30:37.067+0000: 193.097: [DefNew: 409940K->342K(460800K), 0.0041795 secs] 464214K->54617K(1484800K), 0.0055722 secs] [Times: user=0.01 sys=0.00, real=0.00 secs] 
2019-10-10T12:30:42.689+0000: 198.719: [GC (Allocation Failure) 2019-10-10T12:30:42.689+0000: 198.719: [DefNew: 409942K->271K(460800K), 0.0032853 secs] 464217K->54549K(1484800K), 0.0033884 secs] [Times: user=0.01 sys=0.00, real=0.00 secs] 
2019-10-10T12:30:48.119+0000: 204.151: [GC (Allocation Failure) 2019-10-10T12:30:48.121+0000: 204.151: [DefNew: 409871K->249K(460800K), 0.0037434 secs] 464149K->54526K(1484800K), 0.0055055 secs] [Times: user=0.00 sys=0.00, real=0.01 secs] 
2019-10-10T12:30:53.581+0000: 209.613: [GC (Allocation Failure) 2019-10-10T12:30:53.582+0000: 209.613: [DefNew: 409849K->129K(460800K), 0.0034758 secs] 464126K->54453K(1484800K), 0.0050381 secs] [Times: user=0.01 sys=0.00, real=0.00 secs] 
2019-10-10T12:30:58.955+0000: 214.985: [GC (Allocation Failure) 2019-10-10T12:30:58.955+0000: 214.985: [DefNew: 409729K->257K(460800K), 0.0032891 secs] 464053K->54581K(1484800K), 0.0033826 secs] [Times: user=0.00 sys=0.00, real=0.00 secs] 
2019-10-10T12:31:04.242+0000: 220.274: [GC (Allocation Failure) 2019-10-10T12:31:04.244+0000: 220.274: [DefNew: 409857K->178K(460800K), 0.0032932 secs] 464181K->54502K(1484800K), 0.0048640 secs] [Times: user=0.01 sys=0.00, real=0.00 secs] 
2019-10-10T12:31:10.020+0000: 226.050: [GC (Allocation Failure) 2019-10-10T12:31:10.020+0000: 226.050: [DefNew: 409778K->306K(460800K), 0.0035967 secs] 464102K->54631K(1484800K), 0.0036908 secs] [Times: user=0.01 sys=0.00, real=0.01 secs] 
2019-10-10T12:31:15.737+0000: 231.767: [GC (Allocation Failure) 2019-10-10T12:31:15.737+0000: 231.767: [DefNew: 409906K->143K(460800K), 0.0031660 secs] 464231K->54467K(1484800K), 0.0032685 secs] [Times: user=0.00 sys=0.00, real=0.00 secs] 
2019-10-10T12:31:21.401+0000: 237.433: [GC (Allocation Failure) 2019-10-10T12:31:21.402+0000: 237.433: [DefNew: 409743K->199K(460800K), 0.0033933 secs] 464067K->54524K(1484800K), 0.0049312 secs] [Times: user=0.00 sys=0.00, real=0.00 secs] 
2019-10-10T12:31:26.836+0000: 242.867: [GC (Allocation Failure) 2019-10-10T12:31:26.837+0000: 242.867: [DefNew: 409799K->273K(460800K), 0.0035249 secs] 464124K->54599K(1484800K), 0.0051512 secs] [Times: user=0.01 sys=0.00, real=0.01 secs] 
2019-10-10T12:31:32.143+0000: 248.174: [GC (Allocation Failure) 2019-10-10T12:31:32.144+0000: 248.174: [DefNew: 409873K->155K(460800K), 0.0032870 secs] 464199K->54481K(1484800K), 0.0044596 secs] [Times: user=0.00 sys=0.00, real=0.00 secs] 
2019-10-10T12:31:37.403+0000: 253.435: [GC (Allocation Failure) 2019-10-10T12:31:37.405+0000: 253.435: [DefNew: 409755K->498K(460800K), 0.0039312 secs] 464081K->54825K(1484800K), 0.0053832 secs] [Times: user=0.01 sys=0.00, real=0.00 secs] 
2019-10-10T12:31:43.061+0000: 259.091: [GC (Allocation Failure) 2019-10-10T12:31:43.061+0000: 259.091: [DefNew: 410098K->425K(460800K), 0.0037231 secs] 464425K->54752K(1484800K), 0.0038139 secs] [Times: user=0.00 sys=0.00, real=0.00 secs] 
2019-10-10T12:31:48.395+0000: 264.426: [GC (Allocation Failure) 2019-10-10T12:31:48.396+0000: 264.426: [DefNew: 410025K->137K(460800K), 0.0030812 secs] 464352K->54482K(1484800K), 0.0046390 secs] [Times: user=0.00 sys=0.00, real=0.00 secs] 
2019-10-10T12:31:53.998+0000: 270.028: [GC (Allocation Failure) 2019-10-10T12:31:53.998+0000: 270.028: [DefNew: 409737K->201K(460800K), 0.0030886 secs] 464082K->54558K(1484800K), 0.0031993 secs] [Times: user=0.01 sys=0.00, real=0.01 secs] 
2019-10-10T12:31:59.320+0000: 275.351: [GC (Allocation Failure) 2019-10-10T12:31:59.321+0000: 275.351: [DefNew: 409801K->132K(460800K), 0.0031127 secs] 464158K->54489K(1484800K), 0.0045805 secs] [Times: user=0.01 sys=0.00, real=0.01 secs] 
2019-10-10T12:32:04.665+0000: 280.696: [GC (Allocation Failure) 2019-10-10T12:32:04.665+0000: 280.696: [DefNew: 409732K->258K(460800K), 0.0033697 secs] 464089K->54615K(1484800K), 0.0034622 secs] [Times: user=0.01 sys=0.00, real=0.00 secs] 
2019-10-10T12:32:09.984+0000: 286.014: [GC (Allocation Failure) 2019-10-10T12:32:09.984+0000: 286.015: [DefNew: 409858K->197K(460800K), 0.0031173 secs] 464215K->54554K(1484800K), 0.0032327 secs] [Times: user=0.01 sys=0.00, real=0.00 secs] 
2019-10-10T12:32:15.207+0000: 291.239: [GC (Allocation Failure) 2019-10-10T12:32:15.209+0000: 291.239: [DefNew: 409797K->255K(460800K), 0.0034039 secs] 464154K->54613K(1484800K), 0.0048919 secs] [Times: user=0.00 sys=0.00, real=0.00 secs] 
2019-10-10T12:32:21.265+0000: 297.295: [GC (Allocation Failure) 2019-10-10T12:32:21.265+0000: 297.295: [DefNew: 409855K->283K(460800K), 0.0034285 secs] 464213K->54641K(1484800K), 0.0035387 secs] [Times: user=0.01 sys=0.00, real=0.00 secs] 
2019-10-10T12:32:26.830+0000: 302.861: [GC (Allocation Failure) 2019-10-10T12:32:26.830+0000: 302.861: [DefNew: 409883K->147K(460800K), 0.0029649 secs] 464241K->54505K(1484800K), 0.0030639 secs] [Times: user=0.00 sys=0.00, real=0.01 secs] 
2019-10-10T12:32:32.150+0000: 308.180: [GC (Allocation Failure) 2019-10-10T12:32:32.150+0000: 308.180: [DefNew: 409747K->333K(460800K), 0.0035273 secs] 464105K->54690K(1484800K), 0.0036398 secs] [Times: user=0.00 sys=0.00, real=0.01 secs] 
2019-10-10T12:32:37.497+0000: 313.528: [GC (Allocation Failure) 2019-10-10T12:32:37.498+0000: 313.529: [DefNew: 409933K->235K(460800K), 0.0034005 secs] 464290K->54593K(1484800K), 0.0050314 secs] [Times: user=0.00 sys=0.00, real=0.01 secs] 
2019-10-10T12:32:42.808+0000: 318.839: [GC (Allocation Failure) 2019-10-10T12:32:42.809+0000: 318.839: [DefNew: 409835K->193K(460800K), 0.0034733 secs] 464193K->54550K(1484800K), 0.0049996 secs] [Times: user=0.00 sys=0.01, real=0.01 secs] 
2019-10-10T12:32:48.131+0000: 324.162: [GC (Allocation Failure) 2019-10-10T12:32:48.132+0000: 324.162: [DefNew: 409793K->127K(460800K), 0.0032087 secs] 464150K->54518K(1484800K), 0.0046671 secs] [Times: user=0.01 sys=0.00, real=0.01 secs] 
2019-10-10T12:32:53.422+0000: 329.453: [GC (Allocation Failure) 2019-10-10T12:32:53.423+0000: 329.453: [DefNew: 409727K->234K(460800K), 0.0034749 secs] 464118K->54634K(1484800K), 0.0050157 secs] [Times: user=0.00 sys=0.01, real=0.00 secs] 
2019-10-10T12:32:59.108+0000: 335.138: [GC (Allocation Failure) 2019-10-10T12:32:59.108+0000: 335.138: [DefNew: 409834K->167K(460800K), 0.0030213 secs] 464234K->54567K(1484800K), 0.0031237 secs] [Times: user=0.00 sys=0.00, real=0.00 secs] 
2019-10-10T12:33:04.704+0000: 340.735: [GC (Allocation Failure) 2019-10-10T12:33:04.704+0000: 340.735: [DefNew: 409767K->156K(460800K), 0.0029144 secs] 464167K->54556K(1484800K), 0.0029997 secs] [Times: user=0.01 sys=0.00, real=0.00 secs] 
2019-10-10T12:33:09.950+0000: 345.981: [GC (Allocation Failure) 2019-10-10T12:33:09.951+0000: 345.981: [DefNew: 409756K->234K(460800K), 0.0032590 secs] 464156K->54635K(1484800K), 0.0047296 secs] [Times: user=0.01 sys=0.00, real=0.01 secs] 
2019-10-10T12:33:15.447+0000: 351.479: [GC (Allocation Failure) 2019-10-10T12:33:15.448+0000: 351.479: [DefNew: 409834K->119K(460800K), 0.0032983 secs] 464235K->54520K(1484800K), 0.0050479 secs] [Times: user=0.01 sys=0.00, real=0.00 secs] 
2019-10-10T12:33:20.760+0000: 356.791: [GC (Allocation Failure) 2019-10-10T12:33:20.761+0000: 356.791: [DefNew: 409719K->118K(460800K), 0.0032738 secs] 464120K->54519K(1484800K), 0.0048491 secs] [Times: user=0.00 sys=0.00, real=0.01 secs] 
2019-10-10T12:33:26.553+0000: 362.585: [GC (Allocation Failure) 2019-10-10T12:33:26.555+0000: 362.585: [DefNew: 409718K->223K(460800K), 0.0033860 secs] 464119K->54624K(1484800K), 0.0053743 secs] [Times: user=0.01 sys=0.00, real=0.00 secs] 
2019-10-10T12:33:32.135+0000: 368.165: [GC (Allocation Failure) 2019-10-10T12:33:32.135+0000: 368.165: [DefNew: 409823K->238K(460800K), 0.0035772 secs] 464224K->54639K(1484800K), 0.0036816 secs] [Times: user=0.00 sys=0.00, real=0.00 secs] 
2019-10-10T12:33:37.453+0000: 373.485: [GC (Allocation Failure) 2019-10-10T12:33:37.454+0000: 373.485: [DefNew: 409838K->157K(460800K), 0.0032449 secs] 464239K->54558K(1484800K), 0.0046797 secs] [Times: user=0.00 sys=0.00, real=0.00 secs] 
2019-10-10T12:33:42.711+0000: 378.743: [GC (Allocation Failure) 2019-10-10T12:33:42.712+0000: 378.743: [DefNew: 409757K->135K(460800K), 0.0037200 secs] 464158K->54536K(1484800K), 0.0052385 secs] [Times: user=0.01 sys=0.00, real=0.01 secs] 
2019-10-10T12:33:48.114+0000: 384.146: [GC (Allocation Failure) 2019-10-10T12:33:48.116+0000: 384.146: [DefNew: 409735K->219K(460800K), 0.0034385 secs] 464136K->54642K(1484800K), 0.0049705 secs] [Times: user=0.01 sys=0.00, real=0.00 secs] 
2019-10-10T12:33:53.528+0000: 389.560: [GC (Allocation Failure) 2019-10-10T12:33:53.529+0000: 389.560: [DefNew: 409819K->193K(460800K), 0.0040013 secs] 464242K->54629K(1484800K), 0.0057313 secs] [Times: user=0.00 sys=0.00, real=0.01 secs] 
2019-10-10T12:33:58.898+0000: 394.930: [GC (Allocation Failure) 2019-10-10T12:33:58.900+0000: 394.930: [DefNew: 409793K->100K(460800K), 0.0031190 secs] 464229K->54535K(1484800K), 0.0047379 secs] [Times: user=0.00 sys=0.00, real=0.01 secs] 
2019-10-10T12:34:04.239+0000: 400.270: [GC (Allocation Failure) 2019-10-10T12:34:04.239+0000: 400.270: [DefNew: 409700K->247K(460800K), 0.0033468 secs] 464135K->54682K(1484800K), 0.0035027 secs] [Times: user=0.01 sys=0.00, real=0.01 secs] 
2019-10-10T12:34:09.567+0000: 405.599: [GC (Allocation Failure) 2019-10-10T12:34:09.569+0000: 405.599: [DefNew: 409847K->333K(460800K), 0.0035602 secs] 464282K->54769K(1484800K), 0.0050482 secs] [Times: user=0.00 sys=0.00, real=0.00 secs] 
2019-10-10T12:34:14.786+0000: 410.816: [GC (Allocation Failure) 2019-10-10T12:34:14.786+0000: 410.816: [DefNew: 409933K->227K(460800K), 0.0034168 secs] 464369K->54663K(1484800K), 0.0035236 secs] [Times: user=0.00 sys=0.00, real=0.00 secs] 
2019-10-10T12:34:20.101+0000: 416.133: [GC (Allocation Failure) 2019-10-10T12:34:20.103+0000: 416.133: [DefNew: 409827K->362K(460800K), 0.0038746 secs] 464263K->54798K(1484800K), 0.0051901 secs] [Times: user=0.01 sys=0.00, real=0.00 secs] 
2019-10-10T12:34:25.272+0000: 421.304: [GC (Allocation Failure) 2019-10-10T12:34:25.274+0000: 421.304: [DefNew: 409962K->100K(460800K), 0.0031410 secs] 464398K->54536K(1484800K), 0.0045163 secs] [Times: user=0.00 sys=0.00, real=0.01 secs] 
2019-10-10T12:34:30.820+0000: 426.851: [GC (Allocation Failure) 2019-10-10T12:34:30.821+0000: 426.851: [DefNew: 409700K->145K(460800K), 0.0033162 secs] 464136K->54581K(1484800K), 0.0047270 secs] [Times: user=0.01 sys=0.00, real=0.01 secs] 
2019-10-10T12:34:36.370+0000: 432.405: [GC (Allocation Failure) 2019-10-10T12:34:36.375+0000: 432.405: [DefNew: 409745K->109K(460800K), 0.0038173 secs] 464181K->54545K(1484800K), 0.0090845 secs] [Times: user=0.00 sys=0.00, real=0.01 secs] 
2019-10-10T12:34:42.000+0000: 438.030: [GC (Allocation Failure) 2019-10-10T12:34:42.000+0000: 438.030: [DefNew: 409709K->107K(460800K), 0.0029217 secs] 464145K->54543K(1484800K), 0.0030188 secs] [Times: user=0.00 sys=0.00, real=0.01 secs] 
2019-10-10T12:34:47.200+0000: 443.231: [GC (Allocation Failure) 2019-10-10T12:34:47.201+0000: 443.231: [DefNew: 409707K->206K(460800K), 0.0034790 secs] 464143K->54646K(1484800K), 0.0048456 secs] [Times: user=0.00 sys=0.00, real=0.01 secs] 
2019-10-10T12:34:52.616+0000: 448.648: [GC (Allocation Failure) 2019-10-10T12:34:52.618+0000: 448.648: [DefNew: 409806K->203K(460800K), 0.0037868 secs] 464246K->54655K(1484800K), 0.0052894 secs] [Times: user=0.00 sys=0.00, real=0.01 secs] 
2019-10-10T12:34:57.920+0000: 453.950: [GC (Allocation Failure) 2019-10-10T12:34:57.920+0000: 453.950: [DefNew: 409803K->265K(460800K), 0.0034792 secs] 464255K->54717K(1484800K), 0.0035732 secs] [Times: user=0.00 sys=0.00, real=0.01 secs] 
2019-10-10T12:35:03.246+0000: 459.276: [GC (Allocation Failure) 2019-10-10T12:35:03.246+0000: 459.276: [DefNew: 409865K->130K(460800K), 0.0030266 secs] 464317K->54582K(1484800K), 0.0031239 secs] [Times: user=0.00 sys=0.00, real=0.00 secs] 
12:35:05.426 [worker-akka.actor.default-dispatcher-11] INFO  a.r.a.Association(akka://worker) akka.remote.artery.Association(akka://worker) - Stopping idle outbound stream [2] to [akka://worker@flamestream-benchmarks-worker-0:5412]
2019-10-10T12:35:09.566+0000: 465.596: [GC (Allocation Failure) 2019-10-10T12:35:09.566+0000: 465.596: [DefNew: 409730K->289K(460800K), 0.0033718 secs] 464182K->54741K(1484800K), 0.0034704 secs] [Times: user=0.01 sys=0.00, real=0.00 secs] 
2019-10-10T12:35:15.020+0000: 471.050: [GC (Allocation Failure) 2019-10-10T12:35:15.020+0000: 471.050: [DefNew: 409889K->150K(460800K), 0.0031364 secs] 464341K->54603K(1484800K), 0.0032366 secs] [Times: user=0.00 sys=0.00, real=0.01 secs] 
2019-10-10T12:35:20.357+0000: 476.389: [GC (Allocation Failure) 2019-10-10T12:35:20.358+0000: 476.389: [DefNew: 409750K->203K(460800K), 0.0035354 secs] 464203K->54656K(1484800K), 0.0048865 secs] [Times: user=0.01 sys=0.00, real=0.01 secs] 
2019-10-10T12:35:25.858+0000: 481.888: [GC (Allocation Failure) 2019-10-10T12:35:25.858+0000: 481.888: [DefNew: 409803K->209K(460800K), 0.0033756 secs] 464256K->54661K(1484800K), 0.0034678 secs] [Times: user=0.01 sys=0.00, real=0.01 secs] 
2019-10-10T12:35:31.246+0000: 487.278: [GC (Allocation Failure) 2019-10-10T12:35:31.248+0000: 487.278: [DefNew: 409809K->290K(460800K), 0.0036247 secs] 464261K->54742K(1484800K), 0.0052133 secs] [Times: user=0.01 sys=0.00, real=0.00 secs] 
2019-10-10T12:35:36.519+0000: 492.551: [GC (Allocation Failure) 2019-10-10T12:35:36.521+0000: 492.551: [DefNew: 409890K->156K(460800K), 0.0034723 secs] 464342K->54608K(1484800K), 0.0048887 secs] [Times: user=0.01 sys=0.00, real=0.01 secs] 
2019-10-10T12:35:41.817+0000: 497.849: [GC (Allocation Failure) 2019-10-10T12:35:41.819+0000: 497.849: [DefNew: 409756K->246K(460800K), 0.0037019 secs] 464208K->54698K(1484800K), 0.0052948 secs] [Times: user=0.00 sys=0.00, real=0.01 secs] 
2019-10-10T12:35:47.287+0000: 503.319: [GC (Allocation Failure) 2019-10-10T12:35:47.289+0000: 503.319: [DefNew: 409846K->155K(460800K), 0.0032988 secs] 464298K->54608K(1484800K), 0.0051319 secs] [Times: user=0.00 sys=0.01, real=0.00 secs] 
2019-10-10T12:35:52.979+0000: 509.009: [GC (Allocation Failure) 2019-10-10T12:35:52.979+0000: 509.009: [DefNew: 409755K->151K(460800K), 0.0031067 secs] 464208K->54612K(1484800K), 0.0032069 secs] [Times: user=0.00 sys=0.00, real=0.01 secs] 
2019-10-10T12:35:58.528+0000: 514.559: [GC (Allocation Failure) 2019-10-10T12:35:58.529+0000: 514.559: [DefNew: 409751K->221K(460800K), 0.0033445 secs] 464212K->54682K(1484800K), 0.0045983 secs] [Times: user=0.01 sys=0.00, real=0.00 secs] 
2019-10-10T12:36:04.046+0000: 520.076: [GC (Allocation Failure) 2019-10-10T12:36:04.046+0000: 520.076: [DefNew: 409821K->173K(460800K), 0.0031335 secs] 464282K->54634K(1484800K), 0.0032406 secs] [Times: user=0.01 sys=0.00, real=0.00 secs] 
2019-10-10T12:36:09.250+0000: 525.282: [GC (Allocation Failure) 2019-10-10T12:36:09.252+0000: 525.282: [DefNew: 409773K->181K(460800K), 0.0035405 secs] 464234K->54642K(1484800K), 0.0049400 secs] [Times: user=0.01 sys=0.00, real=0.01 secs] 
2019-10-10T12:36:14.557+0000: 530.589: [GC (Allocation Failure) 2019-10-10T12:36:14.559+0000: 530.589: [DefNew: 409781K->411K(460800K), 0.0044557 secs] 464242K->54874K(1484800K), 0.0060779 secs] [Times: user=0.01 sys=0.00, real=0.01 secs] 
2019-10-10T12:36:19.733+0000: 535.763: [GC (Allocation Failure) 2019-10-10T12:36:19.733+0000: 535.763: [DefNew: 410011K->355K(460800K), 0.0036734 secs] 464474K->54818K(1484800K), 0.0037632 secs] [Times: user=0.01 sys=0.00, real=0.00 secs] 
2019-10-10T12:36:25.055+0000: 541.087: [GC (Allocation Failure) 2019-10-10T12:36:25.056+0000: 541.087: [DefNew: 409955K->177K(460800K), 0.0036858 secs] 464418K->54641K(1484800K), 0.0053770 secs] [Times: user=0.00 sys=0.00, real=0.00 secs] 
2019-10-10T12:36:30.524+0000: 546.555: [GC (Allocation Failure) 2019-10-10T12:36:30.525+0000: 546.555: [DefNew: 409777K->300K(460800K), 0.0042985 secs] 464241K->54819K(1484800K), 0.0057335 secs] [Times: user=0.00 sys=0.00, real=0.00 secs] 
2019-10-10T12:36:35.994+0000: 552.024: [GC (Allocation Failure) 2019-10-10T12:36:35.994+0000: 552.024: [DefNew: 409900K->343K(460800K), 0.0036456 secs] 464419K->54863K(1484800K), 0.0037573 secs] [Times: user=0.00 sys=0.00, real=0.00 secs] 
2019-10-10T12:36:41.373+0000: 557.404: [GC (Allocation Failure) 2019-10-10T12:36:41.374+0000: 557.404: [DefNew: 409943K->298K(460800K), 0.0037093 secs] 464463K->54818K(1484800K), 0.0038085 secs] [Times: user=0.01 sys=0.00, real=0.00 secs] 
2019-10-10T12:36:46.796+0000: 562.828: [GC (Allocation Failure) 2019-10-10T12:36:46.797+0000: 562.828: [DefNew: 409898K->95K(460800K), 0.0030406 secs] 464418K->54616K(1484800K), 0.0045145 secs] [Times: user=0.00 sys=0.01, real=0.00 secs] 
2019-10-10T12:36:52.203+0000: 568.235: [GC (Allocation Failure) 2019-10-10T12:36:52.205+0000: 568.235: [DefNew: 409695K->179K(460800K), 0.0032746 secs] 464216K->54705K(1484800K), 0.0050032 secs] [Times: user=0.00 sys=0.00, real=0.00 secs] 
2019-10-10T12:36:57.552+0000: 573.584: [GC (Allocation Failure) 2019-10-10T12:36:57.554+0000: 573.584: [DefNew: 409779K->89K(460800K), 0.0033418 secs] 464305K->54615K(1484800K), 0.0049470 secs] [Times: user=0.01 sys=0.00, real=0.01 secs] 
2019-10-10T12:37:02.740+0000: 578.771: [GC (Allocation Failure) 2019-10-10T12:37:02.740+0000: 578.771: [DefNew: 409689K->261K(460800K), 0.0033522 secs] 464215K->54787K(1484800K), 0.0034427 secs] [Times: user=0.00 sys=0.00, real=0.01 secs] 
2019-10-10T12:37:07.888+0000: 583.920: [GC (Allocation Failure) 2019-10-10T12:37:07.890+0000: 583.920: [DefNew: 409861K->152K(460800K), 0.0034829 secs] 464387K->54677K(1484800K), 0.0052272 secs] [Times: user=0.00 sys=0.00, real=0.01 secs] 
2019-10-10T12:37:13.076+0000: 589.108: [GC (Allocation Failure) 2019-10-10T12:37:13.078+0000: 589.108: [DefNew: 409752K->170K(460800K), 0.0031639 secs] 464277K->54696K(1484800K), 0.0047152 secs] [Times: user=0.00 sys=0.00, real=0.01 secs] 
2019-10-10T12:37:18.291+0000: 594.323: [GC (Allocation Failure) 2019-10-10T12:37:18.293+0000: 594.323: [DefNew: 409770K->91K(460800K), 0.0030245 secs] 464296K->54618K(1484800K), 0.0047437 secs] [Times: user=0.00 sys=0.01, real=0.01 secs] 
2019-10-10T12:37:23.590+0000: 599.621: [GC (Allocation Failure) 2019-10-10T12:37:23.591+0000: 599.621: [DefNew: 409691K->90K(460800K), 0.0031764 secs] 464218K->54616K(1484800K), 0.0046332 secs] [Times: user=0.01 sys=0.00, real=0.01 secs] 
2019-10-10T12:37:29.176+0000: 605.206: [GC (Allocation Failure) 2019-10-10T12:37:29.176+0000: 605.206: [DefNew: 409690K->216K(460800K), 0.0032381 secs] 464216K->54743K(1484800K), 0.0033455 secs] [Times: user=0.01 sys=0.00, real=0.00 secs] 
2019-10-10T12:37:34.485+0000: 610.517: [GC (Allocation Failure) 2019-10-10T12:37:34.486+0000: 610.517: [DefNew: 409816K->206K(460800K), 0.0040515 secs] 464343K->54733K(1484800K), 0.0055868 secs] [Times: user=0.01 sys=0.00, real=0.00 secs] 
2019-10-10T12:37:39.785+0000: 615.817: [GC (Allocation Failure) 2019-10-10T12:37:39.787+0000: 615.817: [DefNew: 409806K->266K(460800K), 0.0033565 secs] 464333K->54793K(1484800K), 0.0044940 secs] [Times: user=0.00 sys=0.00, real=0.00 secs] 
2019-10-10T12:37:45.083+0000: 621.115: [GC (Allocation Failure) 2019-10-10T12:37:45.085+0000: 621.115: [DefNew: 409866K->176K(460800K), 0.0034052 secs] 464393K->54703K(1484800K), 0.0049536 secs] [Times: user=0.00 sys=0.00, real=0.00 secs] 
2019-10-10T12:37:50.508+0000: 626.540: [GC (Allocation Failure) 2019-10-10T12:37:50.510+0000: 626.540: [DefNew: 409776K->204K(460800K), 0.0034164 secs] 464303K->54736K(1484800K), 0.0050702 secs] [Times: user=0.01 sys=0.00, real=0.01 secs] 
2019-10-10T12:37:55.833+0000: 631.864: [GC (Allocation Failure) 2019-10-10T12:37:55.833+0000: 631.864: [DefNew: 409804K->97K(460800K), 0.0029420 secs] 464336K->54629K(1484800K), 0.0030438 secs] [Times: user=0.00 sys=0.00, real=0.00 secs] 
2019-10-10T12:38:01.193+0000: 637.226: [GC (Allocation Failure) 2019-10-10T12:38:01.196+0000: 637.226: [DefNew: 409697K->94K(460800K), 0.0032898 secs] 464229K->54626K(1484800K), 0.0056261 secs] [Times: user=0.01 sys=0.00, real=0.00 secs] 
2019-10-10T12:38:06.338+0000: 642.369: [GC (Allocation Failure) 2019-10-10T12:38:06.339+0000: 642.370: [DefNew: 409694K->365K(460800K), 0.0039057 secs] 464226K->54898K(1484800K), 0.0053022 secs] [Times: user=0.01 sys=0.00, real=0.01 secs] 
2019-10-10T12:38:11.606+0000: 647.636: [GC (Allocation Failure) 2019-10-10T12:38:11.606+0000: 647.636: [DefNew: 409965K->212K(460800K), 0.0032399 secs] 464498K->54745K(1484800K), 0.0033288 secs] [Times: user=0.01 sys=0.00, real=0.00 secs] 
2019-10-10T12:38:16.968+0000: 652.998: [GC (Allocation Failure) 2019-10-10T12:38:16.968+0000: 652.998: [DefNew: 409812K->160K(460800K), 0.0030751 secs] 464345K->54693K(1484800K), 0.0031667 secs] [Times: user=0.00 sys=0.00, real=0.00 secs] 
2019-10-10T12:38:22.215+0000: 658.247: [GC (Allocation Failure) 2019-10-10T12:38:22.217+0000: 658.247: [DefNew: 409760K->168K(460800K), 0.0035381 secs] 464293K->54701K(1484800K), 0.0050565 secs] [Times: user=0.01 sys=0.00, real=0.00 secs] 
2019-10-10T12:38:27.748+0000: 663.778: [GC (Allocation Failure) 2019-10-10T12:38:27.748+0000: 663.778: [DefNew: 409768K->259K(460800K), 0.0034954 secs] 464301K->54791K(1484800K), 0.0035984 secs] [Times: user=0.01 sys=0.00, real=0.00 secs] 
2019-10-10T12:38:33.263+0000: 669.294: [GC (Allocation Failure) 2019-10-10T12:38:33.264+0000: 669.294: [DefNew: 409859K->316K(460800K), 0.0040645 secs] 464391K->54849K(1484800K), 0.0054330 secs] [Times: user=0.01 sys=0.00, real=0.00 secs] 
2019-10-10T12:38:38.645+0000: 674.677: [GC (Allocation Failure) 2019-10-10T12:38:38.646+0000: 674.677: [DefNew: 409916K->407K(460800K), 0.0042795 secs] 464449K->54940K(1484800K), 0.0060829 secs] [Times: user=0.01 sys=0.00, real=0.00 secs] 
2019-10-10T12:38:43.911+0000: 679.942: [GC (Allocation Failure) 2019-10-10T12:38:43.911+0000: 679.942: [DefNew: 410007K->225K(460800K), 0.0034723 secs] 464540K->54757K(1484800K), 0.0035639 secs] [Times: user=0.00 sys=0.00, real=0.01 secs] 
2019-10-10T12:38:49.326+0000: 685.358: [GC (Allocation Failure) 2019-10-10T12:38:49.328+0000: 685.358: [DefNew: 409825K->292K(460800K), 0.0038077 secs] 464357K->54833K(1484800K), 0.0052931 secs] [Times: user=0.00 sys=0.00, real=0.00 secs] 
2019-10-10T12:38:54.708+0000: 690.739: [GC (Allocation Failure) 2019-10-10T12:38:54.709+0000: 690.739: [DefNew: 409892K->165K(460800K), 0.0033792 secs] 464433K->54705K(1484800K), 0.0050169 secs] [Times: user=0.00 sys=0.00, real=0.01 secs] 
2019-10-10T12:39:00.007+0000: 696.039: [GC (Allocation Failure) 2019-10-10T12:39:00.008+0000: 696.039: [DefNew: 409765K->109K(460800K), 0.0031585 secs] 464305K->54650K(1484800K), 0.0046079 secs] [Times: user=0.00 sys=0.00, real=0.00 secs] 
2019-10-10T12:39:05.405+0000: 701.437: [GC (Allocation Failure) 2019-10-10T12:39:05.407+0000: 701.437: [DefNew: 409709K->207K(460800K), 0.0032577 secs] 464250K->54747K(1484800K), 0.0050123 secs] [Times: user=0.00 sys=0.00, real=0.00 secs] 
2019-10-10T12:39:10.725+0000: 706.756: [GC (Allocation Failure) 2019-10-10T12:39:10.725+0000: 706.756: [DefNew: 409807K->305K(460800K), 0.0036826 secs] 464347K->54845K(1484800K), 0.0037798 secs] [Times: user=0.01 sys=0.00, real=0.00 secs] 
2019-10-10T12:39:16.008+0000: 712.038: [GC (Allocation Failure) 2019-10-10T12:39:16.008+0000: 712.038: [DefNew: 409905K->239K(460800K), 0.0032455 secs] 464445K->54779K(1484800K), 0.0033668 secs] [Times: user=0.00 sys=0.00, real=0.00 secs] 
2019-10-10T12:39:21.321+0000: 717.353: [GC (Allocation Failure) 2019-10-10T12:39:21.323+0000: 717.353: [DefNew: 409839K->172K(460800K), 0.0030937 secs] 464379K->54713K(1484800K), 0.0045942 secs] [Times: user=0.01 sys=0.00, real=0.00 secs] 
2019-10-10T12:39:26.604+0000: 722.636: [GC (Allocation Failure) 2019-10-10T12:39:26.606+0000: 722.636: [DefNew: 409772K->218K(460800K), 0.0033520 secs] 464313K->54759K(1484800K), 0.0046909 secs] [Times: user=0.00 sys=0.00, real=0.00 secs] 
2019-10-10T12:39:32.011+0000: 728.041: [GC (Allocation Failure) 2019-10-10T12:39:32.011+0000: 728.041: [DefNew: 409818K->109K(460800K), 0.0031124 secs] 464359K->54650K(1484800K), 0.0032029 secs] [Times: user=0.00 sys=0.00, real=0.01 secs] 
2019-10-10T12:39:37.241+0000: 733.273: [GC (Allocation Failure) 2019-10-10T12:39:37.243+0000: 733.273: [DefNew: 409709K->210K(460800K), 0.0033546 secs] 464250K->54750K(1484800K), 0.0049476 secs] [Times: user=0.00 sys=0.00, real=0.00 secs] 
2019-10-10T12:39:42.451+0000: 738.482: [GC (Allocation Failure) 2019-10-10T12:39:42.451+0000: 738.482: [DefNew: 409810K->416K(460800K), 0.0040854 secs] 464350K->54957K(1484800K), 0.0041972 secs] [Times: user=0.00 sys=0.00, real=0.01 secs] 
2019-10-10T12:39:47.837+0000: 743.869: [GC (Allocation Failure) 2019-10-10T12:39:47.839+0000: 743.869: [DefNew: 410016K->199K(460800K), 0.0034903 secs] 464557K->54761K(1484800K), 0.0050415 secs] [Times: user=0.00 sys=0.00, real=0.01 secs] 
2019-10-10T12:39:53.090+0000: 749.122: [GC (Allocation Failure) 2019-10-10T12:39:53.092+0000: 749.122: [DefNew: 409799K->129K(460800K), 0.0031901 secs] 464361K->54690K(1484800K), 0.0045711 secs] [Times: user=0.00 sys=0.00, real=0.01 secs] 
2019-10-10T12:39:58.374+0000: 754.406: [GC (Allocation Failure) 2019-10-10T12:39:58.376+0000: 754.406: [DefNew: 409729K->94K(460800K), 0.0032539 secs] 464290K->54655K(1484800K), 0.0048215 secs] [Times: user=0.00 sys=0.00, real=0.00 secs] 
2019-10-10T12:40:03.722+0000: 759.752: [GC (Allocation Failure) 2019-10-10T12:40:03.722+0000: 759.752: [DefNew: 409694K->158K(460800K), 0.0029673 secs] 464255K->54720K(1484800K), 0.0030641 secs] [Times: user=0.01 sys=0.00, real=0.00 secs] 
2019-10-10T12:40:09.082+0000: 765.114: [GC (Allocation Failure) 2019-10-10T12:40:09.084+0000: 765.114: [DefNew: 409758K->317K(460800K), 0.0037940 secs] 464320K->54879K(1484800K), 0.0054076 secs] [Times: user=0.01 sys=0.00, real=0.00 secs] 
2019-10-10T12:40:14.379+0000: 770.411: [GC (Allocation Failure) 2019-10-10T12:40:14.381+0000: 770.411: [DefNew: 409917K->89K(460800K), 0.0033076 secs] 464479K->54651K(1484800K), 0.0045448 secs] [Times: user=0.01 sys=0.00, real=0.01 secs] 
2019-10-10T12:40:19.722+0000: 775.754: [GC (Allocation Failure) 2019-10-10T12:40:19.724+0000: 775.754: [DefNew: 409689K->192K(460800K), 0.0032633 secs] 464251K->54754K(1484800K), 0.0047981 secs] [Times: user=0.01 sys=0.00, real=0.00 secs] 
2019-10-10T12:40:25.136+0000: 781.168: [GC (Allocation Failure) 2019-10-10T12:40:25.138+0000: 781.168: [DefNew: 409792K->91K(460800K), 0.0029895 secs] 464354K->54652K(1484800K), 0.0044768 secs] [Times: user=0.00 sys=0.01, real=0.00 secs] 
2019-10-10T12:40:30.566+0000: 786.598: [GC (Allocation Failure) 2019-10-10T12:40:30.567+0000: 786.598: [DefNew: 409691K->296K(460800K), 0.0036909 secs] 464252K->54858K(1484800K), 0.0052305 secs] [Times: user=0.00 sys=0.00, real=0.00 secs] 
2019-10-10T12:40:35.882+0000: 791.913: [GC (Allocation Failure) 2019-10-10T12:40:35.882+0000: 791.913: [DefNew: 409896K->305K(460800K), 0.0037167 secs] 464458K->54866K(1484800K), 0.0038161 secs] [Times: user=0.01 sys=0.00, real=0.00 secs] 
2019-10-10T12:40:41.103+0000: 797.135: [GC (Allocation Failure) 2019-10-10T12:40:41.104+0000: 797.135: [DefNew: 409905K->161K(460800K), 0.0031434 secs] 464466K->54722K(1484800K), 0.0045675 secs] [Times: user=0.00 sys=0.00, real=0.00 secs] 
2019-10-10T12:40:46.458+0000: 802.488: [GC (Allocation Failure) 2019-10-10T12:40:46.458+0000: 802.488: [DefNew: 409761K->217K(460800K), 0.0033714 secs] 464322K->54780K(1484800K), 0.0034594 secs] [Times: user=0.00 sys=0.00, real=0.01 secs] 
2019-10-10T12:40:51.705+0000: 807.736: [GC (Allocation Failure) 2019-10-10T12:40:51.706+0000: 807.737: [DefNew: 409817K->89K(460800K), 0.0032654 secs] 464380K->54657K(1484800K), 0.0047793 secs] [Times: user=0.01 sys=0.00, real=0.00 secs] 
2019-10-10T12:40:56.956+0000: 812.988: [GC (Allocation Failure) 2019-10-10T12:40:56.958+0000: 812.988: [DefNew: 409689K->91K(460800K), 0.0031730 secs] 464257K->54659K(1484800K), 0.0047774 secs] [Times: user=0.01 sys=0.00, real=0.01 secs] 
2019-10-10T12:41:02.190+0000: 818.221: [GC (Allocation Failure) 2019-10-10T12:41:02.191+0000: 818.221: [DefNew: 409691K->96K(460800K), 0.0030810 secs] 464259K->54664K(1484800K), 0.0046978 secs] [Times: user=0.00 sys=0.00, real=0.01 secs] 
2019-10-10T12:41:07.382+0000: 823.414: [GC (Allocation Failure) 2019-10-10T12:41:07.383+0000: 823.414: [DefNew: 409696K->272K(460800K), 0.0035339 secs] 464264K->54839K(1484800K), 0.0051992 secs] [Times: user=0.01 sys=0.00, real=0.00 secs] 
2019-10-10T12:41:12.639+0000: 828.671: [GC (Allocation Failure) 2019-10-10T12:41:12.640+0000: 828.671: [DefNew: 409872K->312K(460800K), 0.0041852 secs] 464439K->54880K(1484800K), 0.0059550 secs] [Times: user=0.00 sys=0.00, real=0.01 secs] 
2019-10-10T12:41:17.786+0000: 833.816: [GC (Allocation Failure) 2019-10-10T12:41:17.786+0000: 833.816: [DefNew: 409912K->94K(460800K), 0.0029572 secs] 464480K->54662K(1484800K), 0.0030607 secs] [Times: user=0.00 sys=0.00, real=0.00 secs] 
2019-10-10T12:41:23.172+0000: 839.204: [GC (Allocation Failure) 2019-10-10T12:41:23.174+0000: 839.204: [DefNew: 409694K->235K(460800K), 0.0034629 secs] 464262K->54803K(1484800K), 0.0050630 secs] [Times: user=0.01 sys=0.00, real=0.01 secs] 
2019-10-10T12:41:28.586+0000: 844.618: [GC (Allocation Failure) 2019-10-10T12:41:28.588+0000: 844.618: [DefNew: 409835K->178K(460800K), 0.0032824 secs] 464403K->54746K(1484800K), 0.0047761 secs] [Times: user=0.00 sys=0.00, real=0.00 secs] 
2019-10-10T12:41:33.913+0000: 849.943: [GC (Allocation Failure) 2019-10-10T12:41:33.913+0000: 849.943: [DefNew: 409778K->128K(460800K), 0.0029413 secs] 464346K->54696K(1484800K), 0.0030242 secs] [Times: user=0.01 sys=0.00, real=0.00 secs] 
2019-10-10T12:41:39.155+0000: 855.186: [GC (Allocation Failure) 2019-10-10T12:41:39.156+0000: 855.186: [DefNew: 409728K->117K(460800K), 0.0030948 secs] 464296K->54685K(1484800K), 0.0045551 secs] [Times: user=0.01 sys=0.00, real=0.00 secs] 
2019-10-10T12:41:44.646+0000: 860.678: [GC (Allocation Failure) 2019-10-10T12:41:44.648+0000: 860.678: [DefNew: 409717K->291K(460800K), 0.0034817 secs] 464285K->54860K(1484800K), 0.0050759 secs] [Times: user=0.00 sys=0.00, real=0.00 secs] 
2019-10-10T12:41:49.957+0000: 865.987: [GC (Allocation Failure) 2019-10-10T12:41:49.957+0000: 865.987: [DefNew: 409891K->219K(460800K), 0.0033001 secs] 464460K->54794K(1484800K), 0.0034124 secs] [Times: user=0.00 sys=0.00, real=0.00 secs] 
2019-10-10T12:41:55.269+0000: 871.300: [GC (Allocation Failure) 2019-10-10T12:41:55.270+0000: 871.300: [DefNew: 409819K->145K(460800K), 0.0031391 secs] 464394K->54720K(1484800K), 0.0048192 secs] [Times: user=0.00 sys=0.00, real=0.01 secs] 
2019-10-10T12:42:00.821+0000: 876.851: [GC (Allocation Failure) 2019-10-10T12:42:00.821+0000: 876.851: [DefNew: 409745K->99K(460800K), 0.0029942 secs] 464320K->54674K(1484800K), 0.0030838 secs] [Times: user=0.00 sys=0.01, real=0.01 secs] 
2019-10-10T12:42:06.190+0000: 882.222: [GC (Allocation Failure) 2019-10-10T12:42:06.191+0000: 882.222: [DefNew: 409699K->95K(460800K), 0.0033779 secs] 464274K->54670K(1484800K), 0.0049093 secs] [Times: user=0.00 sys=0.00, real=0.01 secs] 
2019-10-10T12:42:11.517+0000: 887.549: [GC (Allocation Failure) 2019-10-10T12:42:11.519+0000: 887.549: [DefNew: 409695K->280K(460800K), 0.0036697 secs] 464270K->54854K(1484800K), 0.0053658 secs] [Times: user=0.01 sys=0.00, real=0.01 secs] 
2019-10-10T12:42:16.877+0000: 892.908: [GC (Allocation Failure) 2019-10-10T12:42:16.877+0000: 892.908: [DefNew: 409880K->167K(460800K), 0.0030212 secs] 464454K->54742K(1484800K), 0.0031130 secs] [Times: user=0.00 sys=0.00, real=0.00 secs] 
2019-10-10T12:42:22.178+0000: 898.210: [GC (Allocation Failure) 2019-10-10T12:42:22.180+0000: 898.210: [DefNew: 409767K->310K(460800K), 0.0036198 secs] 464342K->54885K(1484800K), 0.0051852 secs] [Times: user=0.00 sys=0.00, real=0.01 secs] 
2019-10-10T12:42:27.538+0000: 903.570: [GC (Allocation Failure) 2019-10-10T12:42:27.540+0000: 903.570: [DefNew: 409910K->146K(460800K), 0.0033469 secs] 464485K->54721K(1484800K), 0.0052942 secs] [Times: user=0.00 sys=0.00, real=0.01 secs] 
2019-10-10T12:42:32.724+0000: 908.754: [GC (Allocation Failure) 2019-10-10T12:42:32.724+0000: 908.755: [DefNew: 409746K->336K(460800K), 0.0035080 secs] 464321K->54911K(1484800K), 0.0035983 secs] [Times: user=0.01 sys=0.00, real=0.00 secs] 
2019-10-10T12:42:37.898+0000: 913.930: [GC (Allocation Failure) 2019-10-10T12:42:37.900+0000: 913.930: [DefNew: 409936K->102K(460800K), 0.0030352 secs] 464511K->54676K(1484800K), 0.0044627 secs] [Times: user=0.01 sys=0.00, real=0.01 secs] 
2019-10-10T12:42:43.257+0000: 919.289: [GC (Allocation Failure) 2019-10-10T12:42:43.258+0000: 919.289: [DefNew: 409702K->100K(460800K), 0.0034484 secs] 464276K->54675K(1484800K), 0.0051996 secs] [Times: user=0.01 sys=0.00, real=0.01 secs] 
2019-10-10T12:42:48.489+0000: 924.521: [GC (Allocation Failure) 2019-10-10T12:42:48.491+0000: 924.521: [DefNew: 409700K->192K(460800K), 0.0035638 secs] 464275K->54779K(1484800K), 0.0051860 secs] [Times: user=0.01 sys=0.00, real=0.01 secs] 
2019-10-10T12:42:53.865+0000: 929.896: [GC (Allocation Failure) 2019-10-10T12:42:53.865+0000: 929.896: [DefNew: 409792K->131K(460800K), 0.0028170 secs] 464379K->54718K(1484800K), 0.0029178 secs] [Times: user=0.00 sys=0.00, real=0.00 secs] 
2019-10-10T12:42:59.226+0000: 935.258: [GC (Allocation Failure) 2019-10-10T12:42:59.227+0000: 935.258: [DefNew: 409731K->90K(460800K), 0.0031324 secs] 464318K->54676K(1484800K), 0.0047843 secs] [Times: user=0.00 sys=0.00, real=0.00 secs] 
2019-10-10T12:43:04.544+0000: 940.576: [GC (Allocation Failure) 2019-10-10T12:43:04.546+0000: 940.576: [DefNew: 409690K->156K(460800K), 0.0031021 secs] 464276K->54743K(1484800K), 0.0044512 secs] [Times: user=0.00 sys=0.00, real=0.00 secs] 
2019-10-10T12:43:09.892+0000: 945.922: [GC (Allocation Failure) 2019-10-10T12:43:09.892+0000: 945.922: [DefNew: 409756K->301K(460800K), 0.0037301 secs] 464343K->54888K(1484800K), 0.0038560 secs] [Times: user=0.00 sys=0.00, real=0.01 secs] 
2019-10-10T12:43:15.172+0000: 951.204: [GC (Allocation Failure) 2019-10-10T12:43:15.174+0000: 951.204: [DefNew: 409901K->191K(460800K), 0.0033963 secs] 464488K->54777K(1484800K), 0.0051718 secs] [Times: user=0.00 sys=0.00, real=0.01 secs] 
2019-10-10T12:43:20.428+0000: 956.460: [GC (Allocation Failure) 2019-10-10T12:43:20.430+0000: 956.460: [DefNew: 409791K->93K(460800K), 0.0031966 secs] 464377K->54680K(1484800K), 0.0048123 secs] [Times: user=0.00 sys=0.00, real=0.01 secs] 
2019-10-10T12:43:26.102+0000: 962.132: [GC (Allocation Failure) 2019-10-10T12:43:26.102+0000: 962.132: [DefNew: 409693K->354K(460800K), 0.0036209 secs] 464280K->54941K(1484800K), 0.0037295 secs] [Times: user=0.01 sys=0.00, real=0.00 secs] 
2019-10-10T12:43:31.504+0000: 967.536: [GC (Allocation Failure) 2019-10-10T12:43:31.506+0000: 967.536: [DefNew: 409954K->95K(460800K), 0.0031218 secs] 464541K->54682K(1484800K), 0.0045744 secs] [Times: user=0.00 sys=0.00, real=0.00 secs] 
2019-10-10T12:43:36.691+0000: 972.722: [GC (Allocation Failure) 2019-10-10T12:43:36.692+0000: 972.722: [DefNew: 409695K->278K(460800K), 0.0040174 secs] 464282K->54865K(1484800K), 0.0055003 secs] [Times: user=0.00 sys=0.00, real=0.01 secs] 
2019-10-10T12:43:41.949+0000: 977.980: [GC (Allocation Failure) 2019-10-10T12:43:41.950+0000: 977.980: [DefNew: 409878K->124K(460800K), 0.0030266 secs] 464465K->54711K(1484800K), 0.0045939 secs] [Times: user=0.00 sys=0.00, real=0.01 secs] 
2019-10-10T12:43:47.249+0000: 983.280: [GC (Allocation Failure) 2019-10-10T12:43:47.250+0000: 983.280: [DefNew: 409724K->100K(460800K), 0.0036741 secs] 464311K->54693K(1484800K), 0.0051853 secs] [Times: user=0.00 sys=0.00, real=0.01 secs] 
2019-10-10T12:43:52.515+0000: 988.547: [GC (Allocation Failure) 2019-10-10T12:43:52.517+0000: 988.547: [DefNew: 409700K->224K(460800K), 0.0035042 secs] 464293K->54817K(1484800K), 0.0051924 secs] [Times: user=0.00 sys=0.01, real=0.00 secs] 
2019-10-10T12:43:57.930+0000: 993.960: [GC (Allocation Failure) 2019-10-10T12:43:57.930+0000: 993.960: [DefNew: 409824K->306K(460800K), 0.0048271 secs] 464417K->54899K(1484800K), 0.0049337 secs] [Times: user=0.01 sys=0.00, real=0.01 secs] 
2019-10-10T12:44:03.193+0000: 999.225: [GC (Allocation Failure) 2019-10-10T12:44:03.194+0000: 999.225: [DefNew: 409906K->94K(460800K), 0.0031230 secs] 464499K->54688K(1484800K), 0.0044119 secs] [Times: user=0.00 sys=0.00, real=0.00 secs] 
2019-10-10T12:44:08.524+0000: 1004.559: [GC (Allocation Failure) 2019-10-10T12:44:08.529+0000: 1004.559: [DefNew: 409694K->151K(460800K), 0.0033279 secs] 464288K->54745K(1484800K), 0.0080238 secs] [Times: user=0.00 sys=0.01, real=0.00 secs] 
2019-10-10T12:44:14.052+0000: 1010.083: [GC (Allocation Failure) 2019-10-10T12:44:14.052+0000: 1010.083: [DefNew: 409751K->145K(460800K), 0.0029839 secs] 464345K->54739K(1484800K), 0.0030971 secs] [Times: user=0.00 sys=0.00, real=0.01 secs] 
2019-10-10T12:44:19.421+0000: 1015.453: [GC (Allocation Failure) 2019-10-10T12:44:19.422+0000: 1015.453: [DefNew: 409745K->326K(460800K), 0.0038427 secs] 464339K->54919K(1484800K), 0.0056555 secs] [Times: user=0.00 sys=0.00, real=0.00 secs] 
12:44:21.763 [Client] INFO  c.s.f.r.e.s.SocketRear  - FlameSocketGraphDeployerRear@flamestream-benchmarks-worker-13: has been disconnected from Connection 6
12:44:21.770 [Client] INFO  c.s.f.r.e.s.SocketFront  - FlameSocketGraphDeployerFront@flamestream-benchmarks-worker-13 has been disconnected from Connection 6
12:44:21.828 [worker-akka.actor.default-dispatcher-13] WARN  c.s.f.r.e.s.SocketRear  - FlameSocketGraphDeployerRear@flamestream-benchmarks-worker-13: writing to closed log
12:44:21.834 [worker-akka.actor.default-dispatcher-13] WARN  c.s.f.r.e.s.SocketRear  - FlameSocketGraphDeployerRear@flamestream-benchmarks-worker-13: writing to closed log
12:44:21.836 [worker-akka.actor.default-dispatcher-13] WARN  c.s.f.r.e.s.SocketRear  - FlameSocketGraphDeployerRear@flamestream-benchmarks-worker-13: writing to closed log
12:44:21.836 [worker-akka.actor.default-dispatcher-13] WARN  c.s.f.r.e.s.SocketRear  - FlameSocketGraphDeployerRear@flamestream-benchmarks-worker-13: writing to closed log
12:44:21.866 [worker-akka.actor.default-dispatcher-13] WARN  c.s.f.r.e.s.SocketRear  - FlameSocketGraphDeployerRear@flamestream-benchmarks-worker-13: writing to closed log
12:44:21.896 [worker-akka.actor.default-dispatcher-13] WARN  c.s.f.r.e.s.SocketRear  - FlameSocketGraphDeployerRear@flamestream-benchmarks-worker-13: writing to closed log
12:44:21.927 [worker-akka.actor.default-dispatcher-13] WARN  c.s.f.r.e.s.SocketRear  - FlameSocketGraphDeployerRear@flamestream-benchmarks-worker-13: writing to closed log
12:44:21.951 [worker-akka.actor.default-dispatcher-13] WARN  c.s.f.r.e.s.SocketRear  - FlameSocketGraphDeployerRear@flamestream-benchmarks-worker-13: writing to closed log
12:44:22.049 [worker-akka.actor.default-dispatcher-13] WARN  c.s.f.r.e.s.SocketRear  - FlameSocketGraphDeployerRear@flamestream-benchmarks-worker-13: writing to closed log
12:44:22.053 [worker-akka.actor.default-dispatcher-13] WARN  c.s.f.r.e.s.SocketRear  - FlameSocketGraphDeployerRear@flamestream-benchmarks-worker-13: writing to closed log
12:44:22.053 [worker-akka.actor.default-dispatcher-13] WARN  c.s.f.r.e.s.SocketRear  - FlameSocketGraphDeployerRear@flamestream-benchmarks-worker-13: writing to closed log
12:44:22.074 [worker-akka.actor.default-dispatcher-13] WARN  c.s.f.r.e.s.SocketRear  - FlameSocketGraphDeployerRear@flamestream-benchmarks-worker-13: writing to closed log
12:44:22.077 [worker-akka.actor.default-dispatcher-13] WARN  c.s.f.r.e.s.SocketRear  - FlameSocketGraphDeployerRear@flamestream-benchmarks-worker-13: writing to closed log
12:44:22.078 [worker-akka.actor.default-dispatcher-13] WARN  c.s.f.r.e.s.SocketRear  - FlameSocketGraphDeployerRear@flamestream-benchmarks-worker-13: writing to closed log
12:44:22.106 [worker-akka.actor.default-dispatcher-13] WARN  c.s.f.r.e.s.SocketRear  - FlameSocketGraphDeployerRear@flamestream-benchmarks-worker-13: writing to closed log
12:44:22.122 [worker-akka.actor.default-dispatcher-13] WARN  c.s.f.r.e.s.SocketRear  - FlameSocketGraphDeployerRear@flamestream-benchmarks-worker-13: writing to closed log
12:44:22.124 [worker-akka.actor.default-dispatcher-13] WARN  c.s.f.r.e.s.SocketRear  - FlameSocketGraphDeployerRear@flamestream-benchmarks-worker-13: writing to closed log
12:44:22.124 [worker-akka.actor.default-dispatcher-13] WARN  c.s.f.r.e.s.SocketRear  - FlameSocketGraphDeployerRear@flamestream-benchmarks-worker-13: writing to closed log
12:44:22.124 [worker-akka.actor.default-dispatcher-13] WARN  c.s.f.r.e.s.SocketRear  - FlameSocketGraphDeployerRear@flamestream-benchmarks-worker-13: writing to closed log
12:44:22.124 [worker-akka.actor.default-dispatcher-13] WARN  c.s.f.r.e.s.SocketRear  - FlameSocketGraphDeployerRear@flamestream-benchmarks-worker-13: writing to closed log
12:44:22.198 [worker-akka.actor.default-dispatcher-13] WARN  c.s.f.r.e.s.SocketRear  - FlameSocketGraphDeployerRear@flamestream-benchmarks-worker-13: writing to closed log
12:44:22.198 [worker-akka.actor.default-dispatcher-13] WARN  c.s.f.r.e.s.SocketRear  - FlameSocketGraphDeployerRear@flamestream-benchmarks-worker-13: writing to closed log
12:44:22.201 [worker-akka.actor.default-dispatcher-13] WARN  c.s.f.r.e.s.SocketRear  - FlameSocketGraphDeployerRear@flamestream-benchmarks-worker-13: writing to closed log
12:44:22.201 [worker-akka.actor.default-dispatcher-13] WARN  c.s.f.r.e.s.SocketRear  - FlameSocketGraphDeployerRear@flamestream-benchmarks-worker-13: writing to closed log
12:44:22.313 [worker-akka.actor.default-dispatcher-13] WARN  c.s.f.r.e.s.SocketRear  - FlameSocketGraphDeployerRear@flamestream-benchmarks-worker-13: writing to closed log
12:44:22.316 [worker-akka.actor.default-dispatcher-13] WARN  c.s.f.r.e.s.SocketRear  - FlameSocketGraphDeployerRear@flamestream-benchmarks-worker-13: writing to closed log
12:44:22.405 [worker-akka.actor.default-dispatcher-13] WARN  c.s.f.r.e.s.SocketRear  - FlameSocketGraphDeployerRear@flamestream-benchmarks-worker-13: writing to closed log
12:44:22.407 [worker-akka.actor.default-dispatcher-13] WARN  c.s.f.r.e.s.SocketRear  - FlameSocketGraphDeployerRear@flamestream-benchmarks-worker-13: writing to closed log
12:44:22.407 [worker-akka.actor.default-dispatcher-13] WARN  c.s.f.r.e.s.SocketRear  - FlameSocketGraphDeployerRear@flamestream-benchmarks-worker-13: writing to closed log
12:44:22.408 [worker-akka.actor.default-dispatcher-13] WARN  c.s.f.r.e.s.SocketRear  - FlameSocketGraphDeployerRear@flamestream-benchmarks-worker-13: writing to closed log
12:44:22.409 [worker-akka.actor.default-dispatcher-13] WARN  c.s.f.r.e.s.SocketRear  - FlameSocketGraphDeployerRear@flamestream-benchmarks-worker-13: writing to closed log
12:44:22.527 [worker-akka.actor.default-dispatcher-13] WARN  c.s.f.r.e.s.SocketRear  - FlameSocketGraphDeployerRear@flamestream-benchmarks-worker-13: writing to closed log
12:44:22.528 [worker-akka.actor.default-dispatcher-13] WARN  c.s.f.r.e.s.SocketRear  - FlameSocketGraphDeployerRear@flamestream-benchmarks-worker-13: writing to closed log
12:44:22.529 [worker-akka.actor.default-dispatcher-13] WARN  c.s.f.r.e.s.SocketRear  - FlameSocketGraphDeployerRear@flamestream-benchmarks-worker-13: writing to closed log
12:44:22.529 [worker-akka.actor.default-dispatcher-13] WARN  c.s.f.r.e.s.SocketRear  - FlameSocketGraphDeployerRear@flamestream-benchmarks-worker-13: writing to closed log
12:44:22.529 [worker-akka.actor.default-dispatcher-13] WARN  c.s.f.r.e.s.SocketRear  - FlameSocketGraphDeployerRear@flamestream-benchmarks-worker-13: writing to closed log
12:44:22.531 [worker-akka.actor.default-dispatcher-13] WARN  c.s.f.r.e.s.SocketRear  - FlameSocketGraphDeployerRear@flamestream-benchmarks-worker-13: writing to closed log
12:44:22.531 [worker-akka.actor.default-dispatcher-13] WARN  c.s.f.r.e.s.SocketRear  - FlameSocketGraphDeployerRear@flamestream-benchmarks-worker-13: writing to closed log
12:44:22.531 [worker-akka.actor.default-dispatcher-13] WARN  c.s.f.r.e.s.SocketRear  - FlameSocketGraphDeployerRear@flamestream-benchmarks-worker-13: writing to closed log
12:44:22.531 [worker-akka.actor.default-dispatcher-13] WARN  c.s.f.r.e.s.SocketRear  - FlameSocketGraphDeployerRear@flamestream-benchmarks-worker-13: writing to closed log
12:44:22.584 [worker-akka.actor.default-dispatcher-13] WARN  c.s.f.r.e.s.SocketRear  - FlameSocketGraphDeployerRear@flamestream-benchmarks-worker-13: writing to closed log
12:44:22.586 [worker-akka.actor.default-dispatcher-13] WARN  c.s.f.r.e.s.SocketRear  - FlameSocketGraphDeployerRear@flamestream-benchmarks-worker-13: writing to closed log
12:44:22.634 [worker-akka.actor.default-dispatcher-13] WARN  c.s.f.r.e.s.SocketRear  - FlameSocketGraphDeployerRear@flamestream-benchmarks-worker-13: writing to closed log
12:44:22.635 [worker-akka.actor.default-dispatcher-13] WARN  c.s.f.r.e.s.SocketRear  - FlameSocketGraphDeployerRear@flamestream-benchmarks-worker-13: writing to closed log
12:44:22.661 [worker-akka.actor.default-dispatcher-13] WARN  c.s.f.r.e.s.SocketRear  - FlameSocketGraphDeployerRear@flamestream-benchmarks-worker-13: writing to closed log
12:44:22.680 [worker-akka.actor.default-dispatcher-13] WARN  c.s.f.r.e.s.SocketRear  - FlameSocketGraphDeployerRear@flamestream-benchmarks-worker-13: writing to closed log
12:44:22.681 [worker-akka.actor.default-dispatcher-13] WARN  c.s.f.r.e.s.SocketRear  - FlameSocketGraphDeployerRear@flamestream-benchmarks-worker-13: writing to closed log
12:44:22.682 [worker-akka.actor.default-dispatcher-13] WARN  c.s.f.r.e.s.SocketRear  - FlameSocketGraphDeployerRear@flamestream-benchmarks-worker-13: writing to closed log
12:44:22.682 [worker-akka.actor.default-dispatcher-13] WARN  c.s.f.r.e.s.SocketRear  - FlameSocketGraphDeployerRear@flamestream-benchmarks-worker-13: writing to closed log
12:44:22.715 [worker-akka.actor.default-dispatcher-13] WARN  c.s.f.r.e.s.SocketRear  - FlameSocketGraphDeployerRear@flamestream-benchmarks-worker-13: writing to closed log
12:44:22.716 [worker-akka.actor.default-dispatcher-13] WARN  c.s.f.r.e.s.SocketRear  - FlameSocketGraphDeployerRear@flamestream-benchmarks-worker-13: writing to closed log
12:44:22.716 [worker-akka.actor.default-dispatcher-13] WARN  c.s.f.r.e.s.SocketRear  - FlameSocketGraphDeployerRear@flamestream-benchmarks-worker-13: writing to closed log
12:44:22.740 [worker-akka.actor.default-dispatcher-13] WARN  c.s.f.r.e.s.SocketRear  - FlameSocketGraphDeployerRear@flamestream-benchmarks-worker-13: writing to closed log
12:44:22.741 [worker-akka.actor.default-dispatcher-13] WARN  c.s.f.r.e.s.SocketRear  - FlameSocketGraphDeployerRear@flamestream-benchmarks-worker-13: writing to closed log
12:44:22.774 [worker-akka.actor.default-dispatcher-13] WARN  c.s.f.r.e.s.SocketRear  - FlameSocketGraphDeployerRear@flamestream-benchmarks-worker-13: writing to closed log
12:44:22.774 [worker-akka.actor.default-dispatcher-13] WARN  c.s.f.r.e.s.SocketRear  - FlameSocketGraphDeployerRear@flamestream-benchmarks-worker-13: writing to closed log
12:44:22.776 [worker-akka.actor.default-dispatcher-13] WARN  c.s.f.r.e.s.SocketRear  - FlameSocketGraphDeployerRear@flamestream-benchmarks-worker-13: writing to closed log
12:44:22.792 [worker-akka.actor.default-dispatcher-13] WARN  c.s.f.r.e.s.SocketRear  - FlameSocketGraphDeployerRear@flamestream-benchmarks-worker-13: writing to closed log
12:44:22.795 [worker-akka.actor.default-dispatcher-13] WARN  c.s.f.r.e.s.SocketRear  - FlameSocketGraphDeployerRear@flamestream-benchmarks-worker-13: writing to closed log
12:44:22.797 [worker-akka.actor.default-dispatcher-13] WARN  c.s.f.r.e.s.SocketRear  - FlameSocketGraphDeployerRear@flamestream-benchmarks-worker-13: writing to closed log
12:44:22.797 [worker-akka.actor.default-dispatcher-13] WARN  c.s.f.r.e.s.SocketRear  - FlameSocketGraphDeployerRear@flamestream-benchmarks-worker-13: writing to closed log
12:44:22.798 [worker-akka.actor.default-dispatcher-13] WARN  c.s.f.r.e.s.SocketRear  - FlameSocketGraphDeployerRear@flamestream-benchmarks-worker-13: writing to closed log
12:44:22.798 [worker-akka.actor.default-dispatcher-13] WARN  c.s.f.r.e.s.SocketRear  - FlameSocketGraphDeployerRear@flamestream-benchmarks-worker-13: writing to closed log
12:44:22.799 [worker-akka.actor.default-dispatcher-13] WARN  c.s.f.r.e.s.SocketRear  - FlameSocketGraphDeployerRear@flamestream-benchmarks-worker-13: writing to closed log
12:44:22.800 [worker-akka.actor.default-dispatcher-13] WARN  c.s.f.r.e.s.SocketRear  - FlameSocketGraphDeployerRear@flamestream-benchmarks-worker-13: writing to closed log
12:44:22.840 [worker-akka.actor.default-dispatcher-13] WARN  c.s.f.r.e.s.SocketRear  - FlameSocketGraphDeployerRear@flamestream-benchmarks-worker-13: writing to closed log
12:44:22.842 [worker-akka.actor.default-dispatcher-13] WARN  c.s.f.r.e.s.SocketRear  - FlameSocketGraphDeployerRear@flamestream-benchmarks-worker-13: writing to closed log
12:44:22.842 [worker-akka.actor.default-dispatcher-13] WARN  c.s.f.r.e.s.SocketRear  - FlameSocketGraphDeployerRear@flamestream-benchmarks-worker-13: writing to closed log
12:44:22.842 [worker-akka.actor.default-dispatcher-13] WARN  c.s.f.r.e.s.SocketRear  - FlameSocketGraphDeployerRear@flamestream-benchmarks-worker-13: writing to closed log
12:44:22.843 [worker-akka.actor.default-dispatcher-13] WARN  c.s.f.r.e.s.SocketRear  - FlameSocketGraphDeployerRear@flamestream-benchmarks-worker-13: writing to closed log
12:44:22.849 [worker-akka.actor.default-dispatcher-13] WARN  c.s.f.r.e.s.SocketRear  - FlameSocketGraphDeployerRear@flamestream-benchmarks-worker-13: writing to closed log
12:44:22.850 [worker-akka.actor.default-dispatcher-13] WARN  c.s.f.r.e.s.SocketRear  - FlameSocketGraphDeployerRear@flamestream-benchmarks-worker-13: writing to closed log
12:44:22.857 [worker-akka.actor.default-dispatcher-13] WARN  c.s.f.r.e.s.SocketRear  - FlameSocketGraphDeployerRear@flamestream-benchmarks-worker-13: writing to closed log
12:44:22.857 [worker-akka.actor.default-dispatcher-13] WARN  c.s.f.r.e.s.SocketRear  - FlameSocketGraphDeployerRear@flamestream-benchmarks-worker-13: writing to closed log
12:44:22.857 [worker-akka.actor.default-dispatcher-13] WARN  c.s.f.r.e.s.SocketRear  - FlameSocketGraphDeployerRear@flamestream-benchmarks-worker-13: writing to closed log
12:44:22.857 [worker-akka.actor.default-dispatcher-13] WARN  c.s.f.r.e.s.SocketRear  - FlameSocketGraphDeployerRear@flamestream-benchmarks-worker-13: writing to closed log
12:44:22.862 [worker-akka.actor.default-dispatcher-13] WARN  c.s.f.r.e.s.SocketRear  - FlameSocketGraphDeployerRear@flamestream-benchmarks-worker-13: writing to closed log
12:44:22.864 [worker-akka.actor.default-dispatcher-13] WARN  c.s.f.r.e.s.SocketRear  - FlameSocketGraphDeployerRear@flamestream-benchmarks-worker-13: writing to closed log
12:44:22.865 [worker-akka.actor.default-dispatcher-13] WARN  c.s.f.r.e.s.SocketRear  - FlameSocketGraphDeployerRear@flamestream-benchmarks-worker-13: writing to closed log
12:44:22.868 [worker-akka.actor.default-dispatcher-13] WARN  c.s.f.r.e.s.SocketRear  - FlameSocketGraphDeployerRear@flamestream-benchmarks-worker-13: writing to closed log
12:44:22.869 [worker-akka.actor.default-dispatcher-13] WARN  c.s.f.r.e.s.SocketRear  - FlameSocketGraphDeployerRear@flamestream-benchmarks-worker-13: writing to closed log
12:44:22.882 [worker-akka.actor.default-dispatcher-13] WARN  c.s.f.r.e.s.SocketRear  - FlameSocketGraphDeployerRear@flamestream-benchmarks-worker-13: writing to closed log
12:44:22.883 [worker-akka.actor.default-dispatcher-13] WARN  c.s.f.r.e.s.SocketRear  - FlameSocketGraphDeployerRear@flamestream-benchmarks-worker-13: writing to closed log
12:44:22.884 [worker-akka.actor.default-dispatcher-13] WARN  c.s.f.r.e.s.SocketRear  - FlameSocketGraphDeployerRear@flamestream-benchmarks-worker-13: writing to closed log
12:44:22.885 [worker-akka.actor.default-dispatcher-13] WARN  c.s.f.r.e.s.SocketRear  - FlameSocketGraphDeployerRear@flamestream-benchmarks-worker-13: writing to closed log
12:44:22.885 [worker-akka.actor.default-dispatcher-13] WARN  c.s.f.r.e.s.SocketRear  - FlameSocketGraphDeployerRear@flamestream-benchmarks-worker-13: writing to closed log
12:44:22.890 [worker-akka.actor.default-dispatcher-13] WARN  c.s.f.r.e.s.SocketRear  - FlameSocketGraphDeployerRear@flamestream-benchmarks-worker-13: writing to closed log
12:44:22.891 [worker-akka.actor.default-dispatcher-13] WARN  c.s.f.r.e.s.SocketRear  - FlameSocketGraphDeployerRear@flamestream-benchmarks-worker-13: writing to closed log
12:44:22.893 [worker-akka.actor.default-dispatcher-13] WARN  c.s.f.r.e.s.SocketRear  - FlameSocketGraphDeployerRear@flamestream-benchmarks-worker-13: writing to closed log
12:44:22.899 [worker-akka.actor.default-dispatcher-13] WARN  c.s.f.r.e.s.SocketRear  - FlameSocketGraphDeployerRear@flamestream-benchmarks-worker-13: writing to closed log
12:44:22.900 [worker-akka.actor.default-dispatcher-13] WARN  c.s.f.r.e.s.SocketRear  - FlameSocketGraphDeployerRear@flamestream-benchmarks-worker-13: writing to closed log
12:44:22.907 [worker-akka.actor.default-dispatcher-13] WARN  c.s.f.r.e.s.SocketRear  - FlameSocketGraphDeployerRear@flamestream-benchmarks-worker-13: writing to closed log
12:44:22.907 [worker-akka.actor.default-dispatcher-13] WARN  c.s.f.r.e.s.SocketRear  - FlameSocketGraphDeployerRear@flamestream-benchmarks-worker-13: writing to closed log
12:44:22.908 [worker-akka.actor.default-dispatcher-13] WARN  c.s.f.r.e.s.SocketRear  - FlameSocketGraphDeployerRear@flamestream-benchmarks-worker-13: writing to closed log
12:44:22.908 [worker-akka.actor.default-dispatcher-13] WARN  c.s.f.r.e.s.SocketRear  - FlameSocketGraphDeployerRear@flamestream-benchmarks-worker-13: writing to closed log
12:44:22.908 [worker-akka.actor.default-dispatcher-13] WARN  c.s.f.r.e.s.SocketRear  - FlameSocketGraphDeployerRear@flamestream-benchmarks-worker-13: writing to closed log
12:44:22.916 [worker-akka.actor.default-dispatcher-13] WARN  c.s.f.r.e.s.SocketRear  - FlameSocketGraphDeployerRear@flamestream-benchmarks-worker-13: writing to closed log
12:44:22.917 [worker-akka.actor.default-dispatcher-13] WARN  c.s.f.r.e.s.SocketRear  - FlameSocketGraphDeployerRear@flamestream-benchmarks-worker-13: writing to closed log
12:44:26.144 [worker-akka.actor.default-dispatcher-13] INFO  a.r.a.Association(akka://worker) akka.remote.artery.Association(akka://worker) - Association to [akka://worker@flamestream-benchmarks-worker-1:5412] having UID [2164622050406865559] has been stopped. All messages to this UID will be delivered to dead letters. Reason: ActorSystem terminated
12:44:26.233 [worker-akka.actor.default-dispatcher-13] INFO  a.r.a.Association(akka://worker) akka.remote.artery.Association(akka://worker) - Association to [akka://worker@flamestream-benchmarks-worker-2:5412] having UID [-4547469165035349574] has been stopped. All messages to this UID will be delivered to dead letters. Reason: ActorSystem terminated
12:44:26.413 [worker-akka.actor.default-dispatcher-13] INFO  a.r.a.Association(akka://worker) akka.remote.artery.Association(akka://worker) - Association to [akka://worker@flamestream-benchmarks-worker-4:5412] having UID [1879355718632016473] has been stopped. All messages to this UID will be delivered to dead letters. Reason: ActorSystem terminated
12:44:26.554 [worker-akka.actor.default-dispatcher-13] INFO  a.r.a.Association(akka://worker) akka.remote.artery.Association(akka://worker) - Association to [akka://worker@flamestream-benchmarks-worker-3:5412] having UID [5124950119994697808] has been stopped. All messages to this UID will be delivered to dead letters. Reason: ActorSystem terminated
12:44:26.933 [worker-akka.actor.default-dispatcher-13] INFO  a.r.a.Association(akka://worker) akka.remote.artery.Association(akka://worker) - Association to [akka://worker@flamestream-benchmarks-worker-0:5412] having UID [4919455313476746688] has been stopped. All messages to this UID will be delivered to dead letters. Reason: ActorSystem terminated
12:44:27.384 [worker-akka.actor.default-dispatcher-13] INFO  a.r.a.Association(akka://worker) akka.remote.artery.Association(akka://worker) - Association to [akka://worker@flamestream-benchmarks-worker-5:5412] having UID [508567141056831333] has been stopped. All messages to this UID will be delivered to dead letters. Reason: ActorSystem terminated
12:44:27.624 [worker-akka.actor.default-dispatcher-13] INFO  a.r.a.Association(akka://worker) akka.remote.artery.Association(akka://worker) - Association to [akka://worker@flamestream-benchmarks-worker-7:5412] having UID [5679006320686288223] has been stopped. All messages to this UID will be delivered to dead letters. Reason: ActorSystem terminated
12:44:27.713 [worker-akka.actor.default-dispatcher-13] INFO  a.r.a.Association(akka://worker) akka.remote.artery.Association(akka://worker) - Association to [akka://worker@flamestream-benchmarks-worker-6:5412] having UID [-2053581586228574010] has been stopped. All messages to this UID will be delivered to dead letters. Reason: ActorSystem terminated
12:44:27.944 [worker-akka.actor.default-dispatcher-13] INFO  a.r.a.Association(akka://worker) akka.remote.artery.Association(akka://worker) - Association to [akka://worker@flamestream-benchmarks-worker-8:5412] having UID [5408297631112359368] has been stopped. All messages to this UID will be delivered to dead letters. Reason: ActorSystem terminated
12:44:28.092 [worker-akka.actor.default-dispatcher-10] INFO  a.a.LocalActorRef akka://worker/user/watcher/processing-watcher/graph/negotiator - Stopped
12:44:28.097 [worker-akka.actor.default-dispatcher-6] INFO  a.a.LocalActorRef akka://worker/user/watcher/processing-watcher/graph/graph/$A - Stopped
12:44:28.097 [worker-akka.actor.default-dispatcher-6] INFO  a.a.LocalActorRef akka://worker/user/watcher/processing-watcher/graph/graph/$B - Stopped
12:44:28.097 [worker-akka.actor.default-dispatcher-6] INFO  a.a.LocalActorRef akka://worker/user/watcher/processing-watcher/graph/graph/$C - Stopped
12:44:28.097 [worker-akka.actor.default-dispatcher-6] INFO  a.a.LocalActorRef akka://worker/user/watcher/processing-watcher/graph/graph/$D - Stopped
12:44:28.097 [worker-akka.actor.default-dispatcher-6] INFO  a.a.LocalActorRef akka://worker/user/watcher/processing-watcher/graph/graph/$E - Stopped
12:44:28.099 [worker-akka.actor.default-dispatcher-10] INFO  a.a.LocalActorRef akka://worker/user/watcher/processing-watcher/graph/graph/$F - Stopped
12:44:28.099 [worker-akka.actor.default-dispatcher-10] INFO  a.a.LocalActorRef akka://worker/user/watcher/processing-watcher/graph/graph/$G - Stopped
12:44:28.099 [worker-akka.actor.default-dispatcher-10] INFO  a.a.LocalActorRef akka://worker/user/watcher/processing-watcher/graph/graph/$H - Stopped
12:44:28.099 [worker-akka.actor.default-dispatcher-10] INFO  a.a.LocalActorRef akka://worker/user/watcher/processing-watcher/graph/graph/$a - Stopped
12:44:28.099 [worker-akka.actor.default-dispatcher-10] INFO  a.a.LocalActorRef akka://worker/user/watcher/processing-watcher/graph/graph/$b - Stopped
12:44:28.100 [worker-akka.actor.default-dispatcher-13] INFO  a.a.LocalActorRef akka://worker/user/watcher/processing-watcher/graph/graph/$c - Stopped
12:44:28.102 [worker-akka.actor.default-dispatcher-13] INFO  a.a.LocalActorRef akka://worker/user/watcher/processing-watcher/graph/graph/$d - Stopped
12:44:28.106 [worker-akka.actor.default-dispatcher-13] INFO  a.a.LocalActorRef akka://worker/user/watcher/processing-watcher/graph/graph/$e - Stopped
12:44:28.107 [worker-akka.actor.default-dispatcher-13] INFO  a.a.LocalActorRef akka://worker/user/watcher/processing-watcher/graph/graph/$f - Stopped
12:44:28.114 [worker-akka.actor.default-dispatcher-13] INFO  a.a.LocalActorRef akka://worker/user/watcher/processing-watcher/graph/graph/$g - Stopped
12:44:28.115 [worker-akka.actor.default-dispatcher-17] INFO  a.a.LocalActorRef akka://worker/user/watcher/processing-watcher/graph/graph/$h - Stopped
12:44:28.115 [worker-akka.actor.default-dispatcher-17] INFO  a.a.LocalActorRef akka://worker/user/watcher/processing-watcher/graph/graph/$i - Stopped
12:44:28.115 [worker-akka.actor.default-dispatcher-17] INFO  a.a.LocalActorRef akka://worker/user/watcher/processing-watcher/graph/graph/$j - Stopped
12:44:28.115 [worker-akka.actor.default-dispatcher-17] INFO  a.a.LocalActorRef akka://worker/user/watcher/processing-watcher/graph/graph/$k - Stopped
12:44:28.115 [worker-akka.actor.default-dispatcher-17] INFO  a.a.LocalActorRef akka://worker/user/watcher/processing-watcher/graph/graph/$l - Stopped
12:44:28.122 [worker-akka.actor.default-dispatcher-11] INFO  a.a.LocalActorRef akka://worker/user/watcher/processing-watcher/graph/graph/$m - Stopped
12:44:28.122 [worker-akka.actor.default-dispatcher-11] INFO  a.a.LocalActorRef akka://worker/user/watcher/processing-watcher/graph/graph/$n - Stopped
12:44:28.122 [worker-akka.actor.default-dispatcher-11] INFO  a.a.LocalActorRef akka://worker/user/watcher/processing-watcher/graph/graph/$o - Stopped
12:44:28.122 [worker-akka.actor.default-dispatcher-11] INFO  a.a.LocalActorRef akka://worker/user/watcher/processing-watcher/graph/graph/$p - Stopped
12:44:28.122 [worker-akka.actor.default-dispatcher-11] INFO  a.a.LocalActorRef akka://worker/user/watcher/processing-watcher/graph/graph/$q - Stopped
12:44:28.123 [worker-akka.actor.default-dispatcher-19] INFO  a.a.LocalActorRef akka://worker/user/watcher/processing-watcher/graph/graph/$r - Stopped
12:44:28.123 [worker-akka.actor.default-dispatcher-19] INFO  a.a.LocalActorRef akka://worker/user/watcher/processing-watcher/graph/graph/$s - Stopped
12:44:28.123 [worker-akka.actor.default-dispatcher-19] INFO  a.a.LocalActorRef akka://worker/user/watcher/processing-watcher/graph/graph/$t - Stopped
12:44:28.124 [worker-akka.actor.default-dispatcher-19] INFO  a.a.LocalActorRef akka://worker/user/watcher/processing-watcher/graph/graph/$u - Stopped
12:44:28.124 [worker-akka.actor.default-dispatcher-19] INFO  a.a.LocalActorRef akka://worker/user/watcher/processing-watcher/graph/graph/$v - Stopped
12:44:28.128 [worker-akka.actor.default-dispatcher-11] INFO  a.a.LocalActorRef akka://worker/user/watcher/processing-watcher/graph/graph/$w - Stopped
12:44:28.128 [worker-akka.actor.default-dispatcher-11] INFO  a.a.LocalActorRef akka://worker/user/watcher/processing-watcher/graph/graph/$x - Stopped
12:44:28.128 [worker-akka.actor.default-dispatcher-11] INFO  a.a.LocalActorRef akka://worker/user/watcher/processing-watcher/graph/graph/$y - Stopped
12:44:28.129 [worker-akka.actor.default-dispatcher-11] INFO  a.a.LocalActorRef akka://worker/user/watcher/processing-watcher/graph/graph/$z - Stopped
12:44:28.129 [worker-akka.actor.default-dispatcher-11] INFO  a.a.LocalActorRef akka://worker/user/watcher/processing-watcher/graph/edge/FlameSocketGraphDeployerFront - Stopped
12:44:28.129 [worker-akka.actor.default-dispatcher-20] INFO  a.a.LocalActorRef akka://worker/user/watcher/processing-watcher/graph/edge/FlameSocketGraphDeployerRear - Stopped
12:44:28.129 [worker-akka.actor.default-dispatcher-20] INFO  a.a.LocalActorRef akka://worker/user/watcher/processing-watcher/graph/edge - Stopped
12:44:28.129 [worker-akka.actor.default-dispatcher-20] INFO  a.a.LocalActorRef akka://worker/user/watcher/processing-watcher/graph/graph - Stopped
12:44:28.141 [worker-akka.actor.default-dispatcher-9] INFO  a.a.LocalActorRef akka://worker/user/watcher/processing-watcher/graph - Stopped
12:44:28.142 [worker-akka.actor.default-dispatcher-10] INFO  a.a.LocalActorRef akka://worker/user/watcher/processing-watcher - Stopped
12:44:28.144 [Curator-Framework-0] INFO  o.a.c.f.i.CuratorFrameworkImpl  - backgroundOperationsLoop exiting
12:44:28.169 [worker-akka.actor.default-dispatcher-10] INFO  o.a.z.ZooKeeper  - Session: 0x100005c675e000e closed
12:44:28.172 [Curator-PathChildrenCache-0] ERROR o.a.c.f.r.c.PathChildrenCache  - 
java.lang.IllegalStateException: instance must be started before calling this method
	at org.apache.curator.shaded.com.google.common.base.Preconditions.checkState(Preconditions.java:444)
	at org.apache.curator.framework.imps.CuratorFrameworkImpl.getChildren(CuratorFrameworkImpl.java:456)
	at org.apache.curator.framework.recipes.cache.PathChildrenCache.refresh(PathChildrenCache.java:521)
	at org.apache.curator.framework.recipes.cache.RefreshOperation.invoke(RefreshOperation.java:35)
	at org.apache.curator.framework.recipes.cache.PathChildrenCache$9.run(PathChildrenCache.java:786)
	at java.util.concurrent.Executors$RunnableAdapter.call(Executors.java:511)
	at java.util.concurrent.FutureTask.run(FutureTask.java:266)
	at java.util.concurrent.Executors$RunnableAdapter.call(Executors.java:511)
	at java.util.concurrent.FutureTask.run(FutureTask.java:266)
	at java.util.concurrent.ThreadPoolExecutor.runWorker(ThreadPoolExecutor.java:1149)
	at java.util.concurrent.ThreadPoolExecutor$Worker.run(ThreadPoolExecutor.java:624)
	at java.lang.Thread.run(Thread.java:748)
12:44:28.174 [worker-akka.actor.default-dispatcher-6-EventThread] INFO  o.a.z.ClientCnxn  - EventThread shut down for session: 0x100005c675e000e
12:44:28.176 [worker-akka.actor.default-dispatcher-10] INFO  a.a.RepointableActorRef akka://worker/user/watcher - Stopped
12:44:28.189 [worker-akka.actor.default-dispatcher-10] INFO  a.r.RemoteActorRefProvider$RemotingTerminator akka://worker@flamestream-benchmarks-worker-13:5412/system/remoting-terminator - Shutting down remote daemon.
12:44:28.191 [worker-akka.actor.default-dispatcher-10] INFO  a.r.RemoteActorRefProvider$RemotingTerminator akka://worker@flamestream-benchmarks-worker-13:5412/system/remoting-terminator - Remote daemon shut down; proceeding with flushing remote transports.
12:44:29.180 [worker-akka.actor.default-dispatcher-10] ERROR a.r.a.Association(akka://worker) akka.remote.artery.Association(akka://worker) - Outbound control stream to [akka://worker@flamestream-benchmarks-worker-1:5412] failed after shutdown. 
akka.remote.artery.Association$OutboundStreamStopQuarantinedSignal$: 
12:44:29.184 [worker-akka.actor.default-dispatcher-10] ERROR a.r.a.Association(akka://worker) akka.remote.artery.Association(akka://worker) - Outbound message stream to [akka://worker@flamestream-benchmarks-worker-1:5412] failed after shutdown. 
akka.remote.artery.Association$OutboundStreamStopQuarantinedSignal$: 
12:44:29.436 [worker-akka.actor.default-dispatcher-10] INFO  a.r.RemoteActorRefProvider$RemotingTerminator akka://worker@flamestream-benchmarks-worker-13:5412/system/remoting-terminator - Remoting shut down.
Heap
 def new generation   total 460800K, used 281594K [0x00000000a2400000, 0x00000000c1800000, 0x00000000c1800000)
  eden space 409600K,  68% used [0x00000000a2400000, 0x00000000b36ad100, 0x00000000bb400000)
  from space 51200K,   0% used [0x00000000be600000, 0x00000000be651918, 0x00000000c1800000)
  to   space 51200K,   0% used [0x00000000bb400000, 0x00000000bb400000, 0x00000000be600000)
 tenured generation   total 1024000K, used 54593K [0x00000000c1800000, 0x0000000100000000, 0x0000000100000000)
   the space 1024000K,   5% used [0x00000000c1800000, 0x00000000c4d50690, 0x00000000c4d50800, 0x0000000100000000)
 Metaspace       used 40696K, capacity 43532K, committed 43648K, reserved 1087488K
  class space    used 5339K, capacity 5669K, committed 5760K, reserved 1048576K
