18:18:30,117 |-INFO in ch.qos.logback.classic.LoggerContext[default] - Could NOT find resource [logback-test.xml]
18:18:30,117 |-INFO in ch.qos.logback.classic.LoggerContext[default] - Could NOT find resource [logback.groovy]
18:18:30,117 |-INFO in ch.qos.logback.classic.LoggerContext[default] - Found resource [logback.xml] at [jar:file:/root/flamestream/lib/flamestream-runtime-1.0-SNAPSHOT.jar!/logback.xml]
18:18:30,121 |-WARN in ch.qos.logback.classic.LoggerContext[default] - Resource [logback.xml] occurs multiple times on the classpath.
18:18:30,121 |-WARN in ch.qos.logback.classic.LoggerContext[default] - Resource [logback.xml] occurs at [jar:file:/root/flamestream/lib/flamestream-runtime-1.0-SNAPSHOT.jar!/logback.xml]
18:18:30,121 |-WARN in ch.qos.logback.classic.LoggerContext[default] - Resource [logback.xml] occurs at [jar:file:/root/flamestream/flamestream-runtime-1.0-SNAPSHOT.jar!/logback.xml]
18:18:30,142 |-INFO in ch.qos.logback.core.joran.spi.ConfigurationWatchList@3fb6a447 - URL [jar:file:/root/flamestream/lib/flamestream-runtime-1.0-SNAPSHOT.jar!/logback.xml] is not of type file
18:18:30,214 |-INFO in ch.qos.logback.classic.joran.action.ConfigurationAction - debug attribute not set
18:18:30,214 |-INFO in ch.qos.logback.core.joran.action.AppenderAction - About to instantiate appender of type [ch.qos.logback.core.ConsoleAppender]
18:18:30,230 |-INFO in ch.qos.logback.core.joran.action.AppenderAction - Naming appender as [STDOUT]
18:18:30,246 |-INFO in ch.qos.logback.core.joran.action.NestedComplexPropertyIA - Assuming default type [ch.qos.logback.classic.encoder.PatternLayoutEncoder] for [encoder] property
18:18:30,336 |-INFO in ch.qos.logback.core.joran.action.AppenderAction - About to instantiate appender of type [ch.qos.logback.core.rolling.RollingFileAppender]
18:18:30,341 |-INFO in ch.qos.logback.core.joran.action.AppenderAction - Naming appender as [FILE]
18:18:30,371 |-INFO in c.q.l.core.rolling.TimeBasedRollingPolicy@127618319 - No compression will be used
18:18:30,372 |-INFO in c.q.l.core.rolling.TimeBasedRollingPolicy@127618319 - Will use the pattern /tmp/application_%d{yyyy-MM-dd}.%i.log for the active file
18:18:30,375 |-INFO in ch.qos.logback.core.rolling.SizeAndTimeBasedFNATP@6b2fad11 - The date pattern is 'yyyy-MM-dd' from file name pattern '/tmp/application_%d{yyyy-MM-dd}.%i.log'.
18:18:30,375 |-INFO in ch.qos.logback.core.rolling.SizeAndTimeBasedFNATP@6b2fad11 - Roll-over at midnight.
18:18:30,381 |-INFO in ch.qos.logback.core.rolling.SizeAndTimeBasedFNATP@6b2fad11 - Setting initial period to Mon Jun 10 18:17:10 UTC 2019
18:18:30,381 |-WARN in ch.qos.logback.core.rolling.SizeAndTimeBasedFNATP@6b2fad11 - SizeAndTimeBasedFNATP is deprecated. Use SizeAndTimeBasedRollingPolicy instead
18:18:30,381 |-WARN in ch.qos.logback.core.rolling.SizeAndTimeBasedFNATP@6b2fad11 - For more information see http://logback.qos.ch/manual/appenders.html#SizeAndTimeBasedRollingPolicy
18:18:30,385 |-INFO in ch.qos.logback.core.joran.action.NestedComplexPropertyIA - Assuming default type [ch.qos.logback.classic.encoder.PatternLayoutEncoder] for [encoder] property
18:18:30,389 |-INFO in ch.qos.logback.core.rolling.RollingFileAppender[FILE] - Active log file name: /tmp/application.log
18:18:30,389 |-INFO in ch.qos.logback.core.rolling.RollingFileAppender[FILE] - File property is set to [/tmp/application.log]
18:18:30,390 |-INFO in ch.qos.logback.classic.joran.action.RootLoggerAction - Setting level of ROOT logger to WARN
18:18:30,390 |-INFO in ch.qos.logback.core.joran.action.AppenderRefAction - Attaching appender named [STDOUT] to Logger[ROOT]
18:18:30,392 |-INFO in ch.qos.logback.core.joran.action.AppenderRefAction - Attaching appender named [FILE] to Logger[ROOT]
18:18:30,392 |-INFO in ch.qos.logback.classic.joran.action.ConfigurationAction - End of configuration.
18:18:30,393 |-INFO in ch.qos.logback.classic.joran.JoranConfigurator@79698539 - Registering current configuration as safe fallback point

Ama winner
Ama winner
2019-06-10T18:18:31.662+0000: 1.729: [Full GC (Metadata GC Threshold) 2019-06-10T18:18:31.662+0000: 1.729: [Tenured: 0K->15241K(341376K), 0.0395414 secs] 117750K->15241K(494976K), [Metaspace: 20734K->20734K(1067008K)], 0.0396100 secs] [Times: user=0.04 sys=0.00, real=0.04 secs] 
18:18:46.440 [Curator-PathChildrenCache-1] WARN  o.a.c.u.ZKPaths  - The version of ZooKeeper being used doesn't support Container nodes. CreateMode.PERSISTENT will be used instead.
2019-06-10T18:18:48.643+0000: 18.710: [GC (Allocation Failure) 2019-06-10T18:18:48.643+0000: 18.710: [DefNew: 136576K->17023K(153600K), 0.0262008 secs] 151817K->52588K(494976K), 0.0262733 secs] [Times: user=0.02 sys=0.00, real=0.03 secs] 
2019-06-10T18:18:51.046+0000: 21.113: [Full GC (Metadata GC Threshold) 2019-06-10T18:18:51.046+0000: 21.113: [Tenured: 35564K->44110K(341376K), 0.0445187 secs] 96294K->44110K(494976K), [Metaspace: 34565K->34565K(1079296K)], 0.0445939 secs] [Times: user=0.04 sys=0.00, real=0.04 secs] 
2019-06-10T18:18:57.797+0000: 27.864: [GC (Allocation Failure) 2019-06-10T18:18:57.797+0000: 27.864: [DefNew: 136576K->64K(153600K), 0.0017844 secs] 180686K->44175K(494976K), 0.0018509 secs] [Times: user=0.00 sys=0.00, real=0.00 secs] 
2019-06-10T18:19:04.611+0000: 34.678: [GC (Allocation Failure) 2019-06-10T18:19:04.611+0000: 34.678: [DefNew: 136640K->95K(153600K), 0.0017069 secs] 180751K->44205K(494976K), 0.0017720 secs] [Times: user=0.01 sys=0.00, real=0.00 secs] 
2019-06-10T18:19:11.470+0000: 41.537: [GC (Allocation Failure) 2019-06-10T18:19:11.470+0000: 41.537: [DefNew: 136671K->131K(153600K), 0.0018281 secs] 180781K->44241K(494976K), 0.0018980 secs] [Times: user=0.00 sys=0.00, real=0.00 secs] 
2019-06-10T18:19:18.388+0000: 48.455: [GC (Allocation Failure) 2019-06-10T18:19:18.388+0000: 48.455: [DefNew: 136707K->129K(153600K), 0.0017624 secs] 180817K->44239K(494976K), 0.0018305 secs] [Times: user=0.01 sys=0.00, real=0.00 secs] 
2019-06-10T18:19:25.302+0000: 55.369: [GC (Allocation Failure) 2019-06-10T18:19:25.302+0000: 55.369: [DefNew: 136705K->131K(153600K), 0.0017475 secs] 180815K->44241K(494976K), 0.0018072 secs] [Times: user=0.00 sys=0.00, real=0.00 secs] 
18:19:31.709 [Curator-PathChildrenCache-0] ERROR o.a.c.f.r.c.PathChildrenCache  - 
java.lang.IllegalStateException: instance must be started before calling this method
	at org.apache.curator.shaded.com.google.common.base.Preconditions.checkState(Preconditions.java:444)
	at org.apache.curator.framework.imps.CuratorFrameworkImpl.getChildren(CuratorFrameworkImpl.java:456)
	at org.apache.curator.framework.recipes.cache.PathChildrenCache.refresh(PathChildrenCache.java:521)
	at org.apache.curator.framework.recipes.cache.RefreshOperation.invoke(RefreshOperation.java:35)
	at org.apache.curator.framework.recipes.cache.PathChildrenCache$9.run(PathChildrenCache.java:786)
	at java.util.concurrent.Executors$RunnableAdapter.call(Executors.java:511)
	at java.util.concurrent.FutureTask.run(FutureTask.java:266)
	at java.util.concurrent.Executors$RunnableAdapter.call(Executors.java:511)
	at java.util.concurrent.FutureTask.run(FutureTask.java:266)
	at java.util.concurrent.ThreadPoolExecutor.runWorker(ThreadPoolExecutor.java:1149)
	at java.util.concurrent.ThreadPoolExecutor$Worker.run(ThreadPoolExecutor.java:624)
	at java.lang.Thread.run(Thread.java:748)
Heap
 def new generation   total 153600K, used 60792K [0x00000000e0c00000, 0x00000000eb2a0000, 0x00000000eb2a0000)
  eden space 136576K,  44% used [0x00000000e0c00000, 0x00000000e473d4a8, 0x00000000e9160000)
  from space 17024K,   0% used [0x00000000e9160000, 0x00000000e9180dd0, 0x00000000ea200000)
  to   space 17024K,   0% used [0x00000000ea200000, 0x00000000ea200000, 0x00000000eb2a0000)
 tenured generation   total 341376K, used 44110K [0x00000000eb2a0000, 0x0000000100000000, 0x0000000100000000)
   the space 341376K,  12% used [0x00000000eb2a0000, 0x00000000eddb38d0, 0x00000000eddb3a00, 0x0000000100000000)
 Metaspace       used 35805K, capacity 36704K, committed 36864K, reserved 1081344K
  class space    used 4824K, capacity 5042K, committed 5120K, reserved 1048576K
