18:21:24,054 |-INFO in ch.qos.logback.classic.LoggerContext[default] - Could NOT find resource [logback-test.xml]
18:21:24,054 |-INFO in ch.qos.logback.classic.LoggerContext[default] - Could NOT find resource [logback.groovy]
18:21:24,054 |-INFO in ch.qos.logback.classic.LoggerContext[default] - Found resource [logback.xml] at [jar:file:/root/flamestream/lib/flamestream-runtime-1.0-SNAPSHOT.jar!/logback.xml]
18:21:24,058 |-WARN in ch.qos.logback.classic.LoggerContext[default] - Resource [logback.xml] occurs multiple times on the classpath.
18:21:24,058 |-WARN in ch.qos.logback.classic.LoggerContext[default] - Resource [logback.xml] occurs at [jar:file:/root/flamestream/lib/flamestream-runtime-1.0-SNAPSHOT.jar!/logback.xml]
18:21:24,058 |-WARN in ch.qos.logback.classic.LoggerContext[default] - Resource [logback.xml] occurs at [jar:file:/root/flamestream/flamestream-runtime-1.0-SNAPSHOT.jar!/logback.xml]
18:21:24,080 |-INFO in ch.qos.logback.core.joran.spi.ConfigurationWatchList@3fb6a447 - URL [jar:file:/root/flamestream/lib/flamestream-runtime-1.0-SNAPSHOT.jar!/logback.xml] is not of type file
18:21:24,154 |-INFO in ch.qos.logback.classic.joran.action.ConfigurationAction - debug attribute not set
18:21:24,155 |-INFO in ch.qos.logback.core.joran.action.AppenderAction - About to instantiate appender of type [ch.qos.logback.core.ConsoleAppender]
18:21:24,171 |-INFO in ch.qos.logback.core.joran.action.AppenderAction - Naming appender as [STDOUT]
18:21:24,192 |-INFO in ch.qos.logback.core.joran.action.NestedComplexPropertyIA - Assuming default type [ch.qos.logback.classic.encoder.PatternLayoutEncoder] for [encoder] property
18:21:24,279 |-INFO in ch.qos.logback.core.joran.action.AppenderAction - About to instantiate appender of type [ch.qos.logback.core.rolling.RollingFileAppender]
18:21:24,284 |-INFO in ch.qos.logback.core.joran.action.AppenderAction - Naming appender as [FILE]
18:21:24,317 |-INFO in c.q.l.core.rolling.TimeBasedRollingPolicy@127618319 - No compression will be used
18:21:24,318 |-INFO in c.q.l.core.rolling.TimeBasedRollingPolicy@127618319 - Will use the pattern /tmp/application_%d{yyyy-MM-dd}.%i.log for the active file
18:21:24,321 |-INFO in ch.qos.logback.core.rolling.SizeAndTimeBasedFNATP@6b2fad11 - The date pattern is 'yyyy-MM-dd' from file name pattern '/tmp/application_%d{yyyy-MM-dd}.%i.log'.
18:21:24,321 |-INFO in ch.qos.logback.core.rolling.SizeAndTimeBasedFNATP@6b2fad11 - Roll-over at midnight.
18:21:24,327 |-INFO in ch.qos.logback.core.rolling.SizeAndTimeBasedFNATP@6b2fad11 - Setting initial period to Mon Jun 10 18:19:31 UTC 2019
18:21:24,327 |-WARN in ch.qos.logback.core.rolling.SizeAndTimeBasedFNATP@6b2fad11 - SizeAndTimeBasedFNATP is deprecated. Use SizeAndTimeBasedRollingPolicy instead
18:21:24,327 |-WARN in ch.qos.logback.core.rolling.SizeAndTimeBasedFNATP@6b2fad11 - For more information see http://logback.qos.ch/manual/appenders.html#SizeAndTimeBasedRollingPolicy
18:21:24,330 |-INFO in ch.qos.logback.core.joran.action.NestedComplexPropertyIA - Assuming default type [ch.qos.logback.classic.encoder.PatternLayoutEncoder] for [encoder] property
18:21:24,336 |-INFO in ch.qos.logback.core.rolling.RollingFileAppender[FILE] - Active log file name: /tmp/application.log
18:21:24,336 |-INFO in ch.qos.logback.core.rolling.RollingFileAppender[FILE] - File property is set to [/tmp/application.log]
18:21:24,336 |-INFO in ch.qos.logback.classic.joran.action.RootLoggerAction - Setting level of ROOT logger to WARN
18:21:24,337 |-INFO in ch.qos.logback.core.joran.action.AppenderRefAction - Attaching appender named [STDOUT] to Logger[ROOT]
18:21:24,339 |-INFO in ch.qos.logback.core.joran.action.AppenderRefAction - Attaching appender named [FILE] to Logger[ROOT]
18:21:24,339 |-INFO in ch.qos.logback.classic.joran.action.ConfigurationAction - End of configuration.
18:21:24,339 |-INFO in ch.qos.logback.classic.joran.JoranConfigurator@79698539 - Registering current configuration as safe fallback point

Ama winner
Ama winner
2019-06-10T18:21:25.621+0000: 1.753: [Full GC (Metadata GC Threshold) 2019-06-10T18:21:25.621+0000: 1.753: [Tenured: 0K->15144K(341376K), 0.0413196 secs] 114988K->15144K(494976K), [Metaspace: 20733K->20733K(1067008K)], 0.0413881 secs] [Times: user=0.04 sys=0.01, real=0.04 secs] 
18:21:41.924 [Curator-PathChildrenCache-1] WARN  o.a.c.u.ZKPaths  - The version of ZooKeeper being used doesn't support Container nodes. CreateMode.PERSISTENT will be used instead.
2019-06-10T18:21:43.995+0000: 20.127: [GC (Allocation Failure) 2019-06-10T18:21:43.995+0000: 20.127: [DefNew: 136158K->16707K(153600K), 0.0253262 secs] 151303K->51383K(494976K), 0.0253965 secs] [Times: user=0.01 sys=0.01, real=0.02 secs] 
2019-06-10T18:21:51.250+0000: 27.383: [GC (Allocation Failure) 2019-06-10T18:21:51.251+0000: 27.383: [DefNew: 153283K->1690K(153600K), 0.0107525 secs] 187959K->43452K(494976K), 0.0108217 secs] [Times: user=0.01 sys=0.00, real=0.01 secs] 
2019-06-10T18:21:51.750+0000: 27.882: [Full GC (Metadata GC Threshold) 2019-06-10T18:21:51.750+0000: 27.882: [Tenured: 41762K->43380K(341376K), 0.0323640 secs] 56088K->43380K(494976K), [Metaspace: 34632K->34632K(1079296K)], 0.0324369 secs] [Times: user=0.03 sys=0.00, real=0.03 secs] 
2019-06-10T18:21:59.021+0000: 35.153: [GC (Allocation Failure) 2019-06-10T18:21:59.021+0000: 35.153: [DefNew: 136576K->54K(153600K), 0.0017683 secs] 179956K->43435K(494976K), 0.0018331 secs] [Times: user=0.00 sys=0.00, real=0.00 secs] 
2019-06-10T18:22:06.286+0000: 42.418: [GC (Allocation Failure) 2019-06-10T18:22:06.286+0000: 42.418: [DefNew: 136630K->51K(153600K), 0.0016512 secs] 180011K->43431K(494976K), 0.0017114 secs] [Times: user=0.00 sys=0.00, real=0.01 secs] 
2019-06-10T18:22:13.598+0000: 49.730: [GC (Allocation Failure) 2019-06-10T18:22:13.598+0000: 49.730: [DefNew: 136627K->63K(153600K), 0.0017329 secs] 180007K->43444K(494976K), 0.0017933 secs] [Times: user=0.00 sys=0.00, real=0.00 secs] 
2019-06-10T18:22:20.911+0000: 57.044: [GC (Allocation Failure) 2019-06-10T18:22:20.911+0000: 57.044: [DefNew: 136639K->51K(153600K), 0.0016758 secs] 180020K->43432K(494976K), 0.0017371 secs] [Times: user=0.00 sys=0.00, real=0.00 secs] 
2019-06-10T18:22:41.909+0000: 78.041: [GC (Allocation Failure) 2019-06-10T18:22:41.909+0000: 78.041: [DefNew: 136627K->383K(153600K), 0.0022259 secs] 180008K->43764K(494976K), 0.0022850 secs] [Times: user=0.01 sys=0.00, real=0.00 secs] 
18:22:41.992 [Curator-PathChildrenCache-0] ERROR o.a.c.f.r.c.PathChildrenCache  - 
java.lang.IllegalStateException: instance must be started before calling this method
	at org.apache.curator.shaded.com.google.common.base.Preconditions.checkState(Preconditions.java:444)
	at org.apache.curator.framework.imps.CuratorFrameworkImpl.getChildren(CuratorFrameworkImpl.java:456)
	at org.apache.curator.framework.recipes.cache.PathChildrenCache.refresh(PathChildrenCache.java:521)
	at org.apache.curator.framework.recipes.cache.RefreshOperation.invoke(RefreshOperation.java:35)
	at org.apache.curator.framework.recipes.cache.PathChildrenCache$9.run(PathChildrenCache.java:786)
	at java.util.concurrent.Executors$RunnableAdapter.call(Executors.java:511)
	at java.util.concurrent.FutureTask.run(FutureTask.java:266)
	at java.util.concurrent.Executors$RunnableAdapter.call(Executors.java:511)
	at java.util.concurrent.FutureTask.run(FutureTask.java:266)
	at java.util.concurrent.ThreadPoolExecutor.runWorker(ThreadPoolExecutor.java:1149)
	at java.util.concurrent.ThreadPoolExecutor$Worker.run(ThreadPoolExecutor.java:624)
	at java.lang.Thread.run(Thread.java:748)
Heap
 def new generation   total 153600K, used 33551K [0x00000000e0c00000, 0x00000000eb2a0000, 0x00000000eb2a0000)
  eden space 136576K,  24% used [0x00000000e0c00000, 0x00000000e2c63e70, 0x00000000e9160000)
  from space 17024K,   2% used [0x00000000ea200000, 0x00000000ea25fe70, 0x00000000eb2a0000)
  to   space 17024K,   0% used [0x00000000e9160000, 0x00000000e9160000, 0x00000000ea200000)
 tenured generation   total 341376K, used 43380K [0x00000000eb2a0000, 0x0000000100000000, 0x0000000100000000)
   the space 341376K,  12% used [0x00000000eb2a0000, 0x00000000edcfd3a8, 0x00000000edcfd400, 0x0000000100000000)
 Metaspace       used 36147K, capacity 37062K, committed 37376K, reserved 1081344K
  class space    used 4868K, capacity 5075K, committed 5120K, reserved 1048576K
