15:55:43,936 |-INFO in ch.qos.logback.classic.LoggerContext[default] - Could NOT find resource [logback-test.xml]
15:55:43,936 |-INFO in ch.qos.logback.classic.LoggerContext[default] - Could NOT find resource [logback.groovy]
15:55:43,938 |-INFO in ch.qos.logback.classic.LoggerContext[default] - Found resource [logback.xml] at [jar:file:/root/flamestream/lib/flamestream-runtime-1.0-SNAPSHOT.jar!/logback.xml]
15:55:43,939 |-WARN in ch.qos.logback.classic.LoggerContext[default] - Resource [logback.xml] occurs multiple times on the classpath.
15:55:43,939 |-WARN in ch.qos.logback.classic.LoggerContext[default] - Resource [logback.xml] occurs at [jar:file:/root/flamestream/lib/flamestream-runtime-1.0-SNAPSHOT.jar!/logback.xml]
15:55:43,939 |-WARN in ch.qos.logback.classic.LoggerContext[default] - Resource [logback.xml] occurs at [jar:file:/root/flamestream/flamestream-runtime-1.0-SNAPSHOT.jar!/logback.xml]
15:55:43,960 |-INFO in ch.qos.logback.core.joran.spi.ConfigurationWatchList@3fb6a447 - URL [jar:file:/root/flamestream/lib/flamestream-runtime-1.0-SNAPSHOT.jar!/logback.xml] is not of type file
15:55:44,026 |-INFO in ch.qos.logback.classic.joran.action.ConfigurationAction - debug attribute not set
15:55:44,027 |-INFO in ch.qos.logback.core.joran.action.AppenderAction - About to instantiate appender of type [ch.qos.logback.core.ConsoleAppender]
15:55:44,047 |-INFO in ch.qos.logback.core.joran.action.AppenderAction - Naming appender as [STDOUT]
15:55:44,062 |-INFO in ch.qos.logback.core.joran.action.NestedComplexPropertyIA - Assuming default type [ch.qos.logback.classic.encoder.PatternLayoutEncoder] for [encoder] property
15:55:44,172 |-INFO in ch.qos.logback.core.joran.action.AppenderAction - About to instantiate appender of type [ch.qos.logback.core.rolling.RollingFileAppender]
15:55:44,177 |-INFO in ch.qos.logback.core.joran.action.AppenderAction - Naming appender as [FILE]
15:55:44,214 |-INFO in c.q.l.core.rolling.TimeBasedRollingPolicy@127618319 - No compression will be used
15:55:44,215 |-INFO in c.q.l.core.rolling.TimeBasedRollingPolicy@127618319 - Will use the pattern /tmp/application_%d{yyyy-MM-dd}.%i.log for the active file
15:55:44,218 |-INFO in ch.qos.logback.core.rolling.SizeAndTimeBasedFNATP@6b2fad11 - The date pattern is 'yyyy-MM-dd' from file name pattern '/tmp/application_%d{yyyy-MM-dd}.%i.log'.
15:55:44,218 |-INFO in ch.qos.logback.core.rolling.SizeAndTimeBasedFNATP@6b2fad11 - Roll-over at midnight.
15:55:44,224 |-INFO in ch.qos.logback.core.rolling.SizeAndTimeBasedFNATP@6b2fad11 - Setting initial period to Mon Jun 10 15:54:25 UTC 2019
15:55:44,224 |-WARN in ch.qos.logback.core.rolling.SizeAndTimeBasedFNATP@6b2fad11 - SizeAndTimeBasedFNATP is deprecated. Use SizeAndTimeBasedRollingPolicy instead
15:55:44,224 |-WARN in ch.qos.logback.core.rolling.SizeAndTimeBasedFNATP@6b2fad11 - For more information see http://logback.qos.ch/manual/appenders.html#SizeAndTimeBasedRollingPolicy
15:55:44,228 |-INFO in ch.qos.logback.core.joran.action.NestedComplexPropertyIA - Assuming default type [ch.qos.logback.classic.encoder.PatternLayoutEncoder] for [encoder] property
15:55:44,233 |-INFO in ch.qos.logback.core.rolling.RollingFileAppender[FILE] - Active log file name: /tmp/application.log
15:55:44,233 |-INFO in ch.qos.logback.core.rolling.RollingFileAppender[FILE] - File property is set to [/tmp/application.log]
15:55:44,234 |-INFO in ch.qos.logback.classic.joran.action.RootLoggerAction - Setting level of ROOT logger to WARN
15:55:44,234 |-INFO in ch.qos.logback.core.joran.action.AppenderRefAction - Attaching appender named [STDOUT] to Logger[ROOT]
15:55:44,236 |-INFO in ch.qos.logback.core.joran.action.AppenderRefAction - Attaching appender named [FILE] to Logger[ROOT]
15:55:44,236 |-INFO in ch.qos.logback.classic.joran.action.ConfigurationAction - End of configuration.
15:55:44,236 |-INFO in ch.qos.logback.classic.joran.JoranConfigurator@79698539 - Registering current configuration as safe fallback point

Ama winner
Ama winner
2019-06-10T15:55:45.589+0000: 1.840: [Full GC (Metadata GC Threshold) 2019-06-10T15:55:45.589+0000: 1.840: [Tenured: 0K->15240K(341376K), 0.0407364 secs] 117750K->15240K(494976K), [Metaspace: 20731K->20731K(1067008K)], 0.0408005 secs] [Times: user=0.04 sys=0.00, real=0.04 secs] 
15:56:05.119 [Curator-PathChildrenCache-1] WARN  o.a.c.u.ZKPaths  - The version of ZooKeeper being used doesn't support Container nodes. CreateMode.PERSISTENT will be used instead.
2019-06-10T15:56:07.554+0000: 23.805: [GC (Allocation Failure) 2019-06-10T15:56:07.554+0000: 23.805: [DefNew: 136576K->17023K(153600K), 0.0253985 secs] 151816K->52702K(494976K), 0.0254680 secs] [Times: user=0.02 sys=0.01, real=0.03 secs] 
2019-06-10T15:56:09.346+0000: 25.597: [Full GC (Metadata GC Threshold) 2019-06-10T15:56:09.346+0000: 25.597: [Tenured: 35679K->44366K(341376K), 0.0426056 secs] 93033K->44366K(494976K), [Metaspace: 34583K->34583K(1079296K)], 0.0426786 secs] [Times: user=0.05 sys=0.00, real=0.05 secs] 
2019-06-10T15:56:15.665+0000: 31.916: [GC (Allocation Failure) 2019-06-10T15:56:15.665+0000: 31.916: [DefNew: 136576K->93K(153600K), 0.0017808 secs] 180942K->44460K(494976K), 0.0018422 secs] [Times: user=0.00 sys=0.00, real=0.00 secs] 
2019-06-10T15:56:21.904+0000: 38.155: [GC (Allocation Failure) 2019-06-10T15:56:21.904+0000: 38.155: [DefNew: 136669K->95K(153600K), 0.0017071 secs] 181036K->44462K(494976K), 0.0017684 secs] [Times: user=0.00 sys=0.00, real=0.00 secs] 
2019-06-10T15:56:28.228+0000: 44.479: [GC (Allocation Failure) 2019-06-10T15:56:28.228+0000: 44.479: [DefNew: 136671K->95K(153600K), 0.0017063 secs] 181038K->44462K(494976K), 0.0017780 secs] [Times: user=0.00 sys=0.00, real=0.01 secs] 
2019-06-10T15:56:34.536+0000: 50.787: [GC (Allocation Failure) 2019-06-10T15:56:34.536+0000: 50.787: [DefNew: 136671K->98K(153600K), 0.0018018 secs] 181038K->44465K(494976K), 0.0018620 secs] [Times: user=0.00 sys=0.00, real=0.00 secs] 
2019-06-10T15:56:43.643+0000: 59.894: [GC (Allocation Failure) 2019-06-10T15:56:43.643+0000: 59.894: [DefNew: 136674K->95K(153600K), 0.0017399 secs] 181041K->44462K(494976K), 0.0018168 secs] [Times: user=0.01 sys=0.00, real=0.00 secs] 
15:56:53.131 [Curator-PathChildrenCache-0] ERROR o.a.c.f.r.c.PathChildrenCache  - 
java.lang.IllegalStateException: instance must be started before calling this method
	at org.apache.curator.shaded.com.google.common.base.Preconditions.checkState(Preconditions.java:444)
	at org.apache.curator.framework.imps.CuratorFrameworkImpl.getChildren(CuratorFrameworkImpl.java:456)
	at org.apache.curator.framework.recipes.cache.PathChildrenCache.refresh(PathChildrenCache.java:521)
	at org.apache.curator.framework.recipes.cache.RefreshOperation.invoke(RefreshOperation.java:35)
	at org.apache.curator.framework.recipes.cache.PathChildrenCache$9.run(PathChildrenCache.java:786)
	at java.util.concurrent.Executors$RunnableAdapter.call(Executors.java:511)
	at java.util.concurrent.FutureTask.run(FutureTask.java:266)
	at java.util.concurrent.Executors$RunnableAdapter.call(Executors.java:511)
	at java.util.concurrent.FutureTask.run(FutureTask.java:266)
	at java.util.concurrent.ThreadPoolExecutor.runWorker(ThreadPoolExecutor.java:1149)
	at java.util.concurrent.ThreadPoolExecutor$Worker.run(ThreadPoolExecutor.java:624)
	at java.lang.Thread.run(Thread.java:748)
Heap
 def new generation   total 153600K, used 52694K [0x00000000e0c00000, 0x00000000eb2a0000, 0x00000000eb2a0000)
  eden space 136576K,  38% used [0x00000000e0c00000, 0x00000000e3f5dbe0, 0x00000000e9160000)
  from space 17024K,   0% used [0x00000000e9160000, 0x00000000e9177da0, 0x00000000ea200000)
  to   space 17024K,   0% used [0x00000000ea200000, 0x00000000ea200000, 0x00000000eb2a0000)
 tenured generation   total 341376K, used 44366K [0x00000000eb2a0000, 0x0000000100000000, 0x0000000100000000)
   the space 341376K,  12% used [0x00000000eb2a0000, 0x00000000eddf3be8, 0x00000000eddf3c00, 0x0000000100000000)
 Metaspace       used 36052K, capacity 36992K, committed 37120K, reserved 1081344K
  class space    used 4867K, capacity 5074K, committed 5120K, reserved 1048576K
