07:17:50,591 |-INFO in ch.qos.logback.classic.LoggerContext[default] - Could NOT find resource [logback-test.xml]
07:17:50,591 |-INFO in ch.qos.logback.classic.LoggerContext[default] - Could NOT find resource [logback.groovy]
07:17:50,591 |-INFO in ch.qos.logback.classic.LoggerContext[default] - Found resource [logback.xml] at [jar:file:/home/nikitasokolov/flamestream/lib/flamestream-runtime-1.0-SNAPSHOT.jar!/logback.xml]
07:17:50,592 |-WARN in ch.qos.logback.classic.LoggerContext[default] - Resource [logback.xml] occurs multiple times on the classpath.
07:17:50,592 |-WARN in ch.qos.logback.classic.LoggerContext[default] - Resource [logback.xml] occurs at [jar:file:/home/nikitasokolov/flamestream/lib/flamestream-runtime-1.0-SNAPSHOT.jar!/logback.xml]
07:17:50,592 |-WARN in ch.qos.logback.classic.LoggerContext[default] - Resource [logback.xml] occurs at [jar:file:/home/nikitasokolov/flamestream/flamestream-runtime-1.0-SNAPSHOT.jar!/logback.xml]
07:17:50,608 |-INFO in ch.qos.logback.core.joran.spi.ConfigurationWatchList@6108b2d7 - URL [jar:file:/home/nikitasokolov/flamestream/lib/flamestream-runtime-1.0-SNAPSHOT.jar!/logback.xml] is not of type file
07:17:50,660 |-INFO in ch.qos.logback.classic.joran.action.ConfigurationAction - debug attribute not set
07:17:50,661 |-INFO in ch.qos.logback.core.joran.action.AppenderAction - About to instantiate appender of type [ch.qos.logback.core.ConsoleAppender]
07:17:50,672 |-INFO in ch.qos.logback.core.joran.action.AppenderAction - Naming appender as [STDOUT]
07:17:50,680 |-INFO in ch.qos.logback.core.joran.action.NestedComplexPropertyIA - Assuming default type [ch.qos.logback.classic.encoder.PatternLayoutEncoder] for [encoder] property
07:17:50,736 |-INFO in ch.qos.logback.core.joran.action.AppenderAction - About to instantiate appender of type [ch.qos.logback.core.rolling.RollingFileAppender]
07:17:50,741 |-INFO in ch.qos.logback.core.joran.action.AppenderAction - Naming appender as [FILE]
07:17:50,763 |-INFO in c.q.l.core.rolling.TimeBasedRollingPolicy@357863579 - No compression will be used
07:17:50,765 |-INFO in c.q.l.core.rolling.TimeBasedRollingPolicy@357863579 - Will use the pattern /tmp/application_%d{yyyy-MM-dd}.%i.log for the active file
07:17:50,767 |-INFO in ch.qos.logback.core.rolling.SizeAndTimeBasedFNATP@6bf256fa - The date pattern is 'yyyy-MM-dd' from file name pattern '/tmp/application_%d{yyyy-MM-dd}.%i.log'.
07:17:50,767 |-INFO in ch.qos.logback.core.rolling.SizeAndTimeBasedFNATP@6bf256fa - Roll-over at midnight.
07:17:50,771 |-INFO in ch.qos.logback.core.rolling.SizeAndTimeBasedFNATP@6bf256fa - Setting initial period to Sun Jun 09 07:17:04 MSK 2019
07:17:50,772 |-WARN in ch.qos.logback.core.rolling.SizeAndTimeBasedFNATP@6bf256fa - SizeAndTimeBasedFNATP is deprecated. Use SizeAndTimeBasedRollingPolicy instead
07:17:50,772 |-WARN in ch.qos.logback.core.rolling.SizeAndTimeBasedFNATP@6bf256fa - For more information see http://logback.qos.ch/manual/appenders.html#SizeAndTimeBasedRollingPolicy
07:17:50,776 |-INFO in ch.qos.logback.core.joran.action.NestedComplexPropertyIA - Assuming default type [ch.qos.logback.classic.encoder.PatternLayoutEncoder] for [encoder] property
07:17:50,778 |-INFO in ch.qos.logback.core.rolling.RollingFileAppender[FILE] - Active log file name: /tmp/application.log
07:17:50,778 |-INFO in ch.qos.logback.core.rolling.RollingFileAppender[FILE] - File property is set to [/tmp/application.log]
07:17:50,779 |-INFO in ch.qos.logback.classic.joran.action.RootLoggerAction - Setting level of ROOT logger to WARN
07:17:50,779 |-INFO in ch.qos.logback.core.joran.action.AppenderRefAction - Attaching appender named [STDOUT] to Logger[ROOT]
07:17:50,780 |-INFO in ch.qos.logback.core.joran.action.AppenderRefAction - Attaching appender named [FILE] to Logger[ROOT]
07:17:50,780 |-INFO in ch.qos.logback.classic.joran.action.ConfigurationAction - End of configuration.
07:17:50,781 |-INFO in ch.qos.logback.classic.joran.JoranConfigurator@6cd8737 - Registering current configuration as safe fallback point

2019-06-09T07:17:51.769+0300: 1.375: [GC (Metadata GC Threshold) [PSYoungGen: 108120K->15884K(149504K)] 108120K->15964K(491008K), 0.0201892 secs] [Times: user=0.09 sys=0.02, real=0.03 secs] 
2019-06-09T07:17:51.790+0300: 1.395: [Full GC (Metadata GC Threshold) [PSYoungGen: 15884K->0K(149504K)] [ParOldGen: 80K->15045K(341504K)] 15964K->15045K(491008K), [Metaspace: 20802K->20802K(1067008K)], 0.0266542 secs] [Times: user=0.18 sys=0.01, real=0.02 secs] 
07:18:03.681 [Curator-PathChildrenCache-1] WARN  o.a.c.u.ZKPaths  - The version of ZooKeeper being used doesn't support Container nodes. CreateMode.PERSISTENT will be used instead.
2019-06-09T07:18:04.660+0300: 14.265: [GC (Metadata GC Threshold) [PSYoungGen: 124534K->15759K(149504K)] 139580K->50344K(491008K), 0.0260831 secs] [Times: user=0.22 sys=0.02, real=0.02 secs] 
2019-06-09T07:18:04.686+0300: 14.291: [Full GC (Metadata GC Threshold) [PSYoungGen: 15759K->0K(149504K)] [ParOldGen: 34585K->38686K(341504K)] 50344K->38686K(491008K), [Metaspace: 34552K->34552K(1079296K)], 0.0496034 secs] [Times: user=0.33 sys=0.01, real=0.05 secs] 
2019-06-09T07:18:06.811+0300: 16.416: [GC (Allocation Failure) [PSYoungGen: 128512K->672K(149504K)] 167198K->39358K(491008K), 0.0029047 secs] [Times: user=0.02 sys=0.00, real=0.00 secs] 
2019-06-09T07:18:08.878+0300: 18.484: [GC (Allocation Failure) [PSYoungGen: 129184K->608K(149504K)] 167870K->39302K(491008K), 0.0031219 secs] [Times: user=0.01 sys=0.00, real=0.00 secs] 
2019-06-09T07:18:10.404+0300: 20.009: [GC (Allocation Failure) [PSYoungGen: 129120K->672K(129536K)] 167814K->39374K(471040K), 0.0033523 secs] [Times: user=0.03 sys=0.00, real=0.00 secs] 
2019-06-09T07:18:12.149+0300: 21.754: [GC (Allocation Failure) [PSYoungGen: 129184K->640K(150016K)] 167886K->39350K(491520K), 0.0043013 secs] [Times: user=0.03 sys=0.00, real=0.01 secs] 
2019-06-09T07:18:13.516+0300: 23.122: [GC (Allocation Failure) [PSYoungGen: 129152K->640K(148992K)] 167862K->39350K(490496K), 0.0033301 secs] [Times: user=0.01 sys=0.00, real=0.01 secs] 
2019-06-09T07:18:14.777+0300: 24.383: [GC (Allocation Failure) [PSYoungGen: 129152K->608K(151552K)] 167862K->39326K(493056K), 0.0021856 secs] [Times: user=0.01 sys=0.01, real=0.01 secs] 
2019-06-09T07:18:16.321+0300: 25.926: [GC (Allocation Failure) [PSYoungGen: 132704K->672K(151040K)] 171422K->39390K(492544K), 0.0034450 secs] [Times: user=0.02 sys=0.00, real=0.00 secs] 
2019-06-09T07:18:17.535+0300: 27.140: [GC (Allocation Failure) [PSYoungGen: 132768K->640K(153088K)] 171486K->39366K(494592K), 0.0025732 secs] [Times: user=0.01 sys=0.00, real=0.00 secs] 
2019-06-09T07:18:18.978+0300: 28.583: [GC (Allocation Failure) [PSYoungGen: 135808K->704K(152576K)] 174534K->39438K(494080K), 0.0057098 secs] [Times: user=0.05 sys=0.00, real=0.00 secs] 
2019-06-09T07:18:20.127+0300: 29.732: [GC (Allocation Failure) [PSYoungGen: 135872K->704K(155136K)] 174606K->39438K(496640K), 0.0046753 secs] [Times: user=0.02 sys=0.00, real=0.01 secs] 
2019-06-09T07:18:21.301+0300: 30.907: [GC (Allocation Failure) [PSYoungGen: 139456K->896K(154112K)] 178190K->39638K(495616K), 0.0032622 secs] [Times: user=0.01 sys=0.00, real=0.00 secs] 
2019-06-09T07:18:22.749+0300: 32.354: [GC (Allocation Failure) [PSYoungGen: 139648K->672K(156672K)] 178390K->39414K(498176K), 0.0022439 secs] [Times: user=0.01 sys=0.01, real=0.01 secs] 
2019-06-09T07:18:24.889+0300: 34.495: [GC (Allocation Failure) [PSYoungGen: 142496K->768K(155648K)] 181238K->39510K(497152K), 0.0035885 secs] [Times: user=0.01 sys=0.01, real=0.01 secs] 
07:18:32.395 [Curator-PathChildrenCache-0] ERROR o.a.c.f.r.c.PathChildrenCache  - 
java.lang.IllegalStateException: instance must be started before calling this method
	at org.apache.curator.shaded.com.google.common.base.Preconditions.checkState(Preconditions.java:444)
	at org.apache.curator.framework.imps.CuratorFrameworkImpl.getChildren(CuratorFrameworkImpl.java:456)
	at org.apache.curator.framework.recipes.cache.PathChildrenCache.refresh(PathChildrenCache.java:521)
	at org.apache.curator.framework.recipes.cache.RefreshOperation.invoke(RefreshOperation.java:35)
	at org.apache.curator.framework.recipes.cache.PathChildrenCache$9.run(PathChildrenCache.java:786)
	at java.util.concurrent.Executors$RunnableAdapter.call(Executors.java:511)
	at java.util.concurrent.FutureTask.run(FutureTask.java:266)
	at java.util.concurrent.Executors$RunnableAdapter.call(Executors.java:511)
	at java.util.concurrent.FutureTask.run(FutureTask.java:266)
	at java.util.concurrent.ThreadPoolExecutor.runWorker(ThreadPoolExecutor.java:1149)
	at java.util.concurrent.ThreadPoolExecutor$Worker.run(ThreadPoolExecutor.java:624)
	at java.lang.Thread.run(Thread.java:748)
Heap
 PSYoungGen      total 155648K, used 96679K [0x00000000f5980000, 0x0000000100000000, 0x0000000100000000)
  eden space 141824K, 67% used [0x00000000f5980000,0x00000000fb729ec8,0x00000000fe400000)
  from space 13824K, 5% used [0x00000000fe400000,0x00000000fe4c0040,0x00000000ff180000)
  to   space 13312K, 0% used [0x00000000ff300000,0x00000000ff300000,0x0000000100000000)
 ParOldGen       total 341504K, used 38742K [0x00000000e0c00000, 0x00000000f5980000, 0x00000000f5980000)
  object space 341504K, 11% used [0x00000000e0c00000,0x00000000e31d58a8,0x00000000f5980000)
 Metaspace       used 35738K, capacity 36614K, committed 36952K, reserved 1081344K
  class space    used 4935K, capacity 5129K, committed 5248K, reserved 1048576K
