19:15:01,609 |-INFO in ch.qos.logback.classic.LoggerContext[default] - Could NOT find resource [logback-test.xml]
19:15:01,609 |-INFO in ch.qos.logback.classic.LoggerContext[default] - Could NOT find resource [logback.groovy]
19:15:01,609 |-INFO in ch.qos.logback.classic.LoggerContext[default] - Found resource [logback.xml] at [jar:file:/root/flamestream/lib/flamestream-runtime-1.0-SNAPSHOT.jar!/logback.xml]
19:15:01,610 |-WARN in ch.qos.logback.classic.LoggerContext[default] - Resource [logback.xml] occurs multiple times on the classpath.
19:15:01,610 |-WARN in ch.qos.logback.classic.LoggerContext[default] - Resource [logback.xml] occurs at [jar:file:/root/flamestream/lib/flamestream-runtime-1.0-SNAPSHOT.jar!/logback.xml]
19:15:01,610 |-WARN in ch.qos.logback.classic.LoggerContext[default] - Resource [logback.xml] occurs at [jar:file:/root/flamestream/flamestream-runtime-1.0-SNAPSHOT.jar!/logback.xml]
19:15:01,631 |-INFO in ch.qos.logback.core.joran.spi.ConfigurationWatchList@3fb6a447 - URL [jar:file:/root/flamestream/lib/flamestream-runtime-1.0-SNAPSHOT.jar!/logback.xml] is not of type file
19:15:01,705 |-INFO in ch.qos.logback.classic.joran.action.ConfigurationAction - debug attribute not set
19:15:01,705 |-INFO in ch.qos.logback.core.joran.action.AppenderAction - About to instantiate appender of type [ch.qos.logback.core.ConsoleAppender]
19:15:01,721 |-INFO in ch.qos.logback.core.joran.action.AppenderAction - Naming appender as [STDOUT]
19:15:01,739 |-INFO in ch.qos.logback.core.joran.action.NestedComplexPropertyIA - Assuming default type [ch.qos.logback.classic.encoder.PatternLayoutEncoder] for [encoder] property
19:15:01,832 |-INFO in ch.qos.logback.core.joran.action.AppenderAction - About to instantiate appender of type [ch.qos.logback.core.rolling.RollingFileAppender]
19:15:01,837 |-INFO in ch.qos.logback.core.joran.action.AppenderAction - Naming appender as [FILE]
19:15:01,868 |-INFO in c.q.l.core.rolling.TimeBasedRollingPolicy@127618319 - No compression will be used
19:15:01,870 |-INFO in c.q.l.core.rolling.TimeBasedRollingPolicy@127618319 - Will use the pattern /tmp/application_%d{yyyy-MM-dd}.%i.log for the active file
19:15:01,873 |-INFO in ch.qos.logback.core.rolling.SizeAndTimeBasedFNATP@6b2fad11 - The date pattern is 'yyyy-MM-dd' from file name pattern '/tmp/application_%d{yyyy-MM-dd}.%i.log'.
19:15:01,873 |-INFO in ch.qos.logback.core.rolling.SizeAndTimeBasedFNATP@6b2fad11 - Roll-over at midnight.
19:15:01,879 |-INFO in ch.qos.logback.core.rolling.SizeAndTimeBasedFNATP@6b2fad11 - Setting initial period to Mon Jun 10 19:13:20 UTC 2019
19:15:01,879 |-WARN in ch.qos.logback.core.rolling.SizeAndTimeBasedFNATP@6b2fad11 - SizeAndTimeBasedFNATP is deprecated. Use SizeAndTimeBasedRollingPolicy instead
19:15:01,879 |-WARN in ch.qos.logback.core.rolling.SizeAndTimeBasedFNATP@6b2fad11 - For more information see http://logback.qos.ch/manual/appenders.html#SizeAndTimeBasedRollingPolicy
19:15:01,883 |-INFO in ch.qos.logback.core.joran.action.NestedComplexPropertyIA - Assuming default type [ch.qos.logback.classic.encoder.PatternLayoutEncoder] for [encoder] property
19:15:01,888 |-INFO in ch.qos.logback.core.rolling.RollingFileAppender[FILE] - Active log file name: /tmp/application.log
19:15:01,888 |-INFO in ch.qos.logback.core.rolling.RollingFileAppender[FILE] - File property is set to [/tmp/application.log]
19:15:01,889 |-INFO in ch.qos.logback.classic.joran.action.RootLoggerAction - Setting level of ROOT logger to WARN
19:15:01,889 |-INFO in ch.qos.logback.core.joran.action.AppenderRefAction - Attaching appender named [STDOUT] to Logger[ROOT]
19:15:01,891 |-INFO in ch.qos.logback.core.joran.action.AppenderRefAction - Attaching appender named [FILE] to Logger[ROOT]
19:15:01,891 |-INFO in ch.qos.logback.classic.joran.action.ConfigurationAction - End of configuration.
19:15:01,892 |-INFO in ch.qos.logback.classic.joran.JoranConfigurator@79698539 - Registering current configuration as safe fallback point

Ama winner
Ama winner
2019-06-10T19:15:03.258+0000: 1.835: [Full GC (Metadata GC Threshold) 2019-06-10T19:15:03.258+0000: 1.835: [Tenured: 0K->15242K(341376K), 0.0402523 secs] 117750K->15242K(494976K), [Metaspace: 20742K->20742K(1067008K)], 0.0403240 secs] [Times: user=0.03 sys=0.00, real=0.04 secs] 
19:15:30.258 [Curator-PathChildrenCache-1] WARN  o.a.c.u.ZKPaths  - The version of ZooKeeper being used doesn't support Container nodes. CreateMode.PERSISTENT will be used instead.
2019-06-10T19:15:32.452+0000: 31.029: [GC (Allocation Failure) 2019-06-10T19:15:32.452+0000: 31.029: [DefNew: 136576K->17024K(153600K), 0.0249936 secs] 151818K->52673K(494976K), 0.0250645 secs] [Times: user=0.02 sys=0.01, real=0.02 secs] 
2019-06-10T19:15:34.920+0000: 33.498: [Full GC (Metadata GC Threshold) 2019-06-10T19:15:34.921+0000: 33.498: [Tenured: 35649K->44108K(341376K), 0.0463316 secs] 96222K->44108K(494976K), [Metaspace: 34588K->34588K(1079296K)], 0.0474764 secs] [Times: user=0.05 sys=0.01, real=0.05 secs] 
2019-06-10T19:15:43.739+0000: 42.316: [GC (Allocation Failure) 2019-06-10T19:15:43.740+0000: 42.316: [DefNew: 136576K->127K(153600K), 0.0018629 secs] 180684K->44236K(494976K), 0.0019361 secs] [Times: user=0.00 sys=0.00, real=0.00 secs] 
2019-06-10T19:15:52.660+0000: 51.237: [GC (Allocation Failure) 2019-06-10T19:15:52.660+0000: 51.237: [DefNew: 136703K->127K(153600K), 0.0017017 secs] 180812K->44236K(494976K), 0.0017750 secs] [Times: user=0.01 sys=0.00, real=0.00 secs] 
2019-06-10T19:16:01.831+0000: 60.408: [GC (Allocation Failure) 2019-06-10T19:16:01.831+0000: 60.408: [DefNew: 136703K->309K(153600K), 0.0020108 secs] 180812K->44418K(494976K), 0.0020779 secs] [Times: user=0.00 sys=0.00, real=0.00 secs] 
2019-06-10T19:16:12.285+0000: 70.862: [GC (Allocation Failure) 2019-06-10T19:16:12.285+0000: 70.862: [DefNew: 136885K->330K(153600K), 0.0021193 secs] 180994K->44439K(494976K), 0.0021814 secs] [Times: user=0.00 sys=0.00, real=0.00 secs] 
2019-06-10T19:16:22.941+0000: 81.518: [GC (Allocation Failure) 2019-06-10T19:16:22.941+0000: 81.518: [DefNew: 136906K->206K(153600K), 0.0019897 secs] 181015K->44315K(494976K), 0.0020502 secs] [Times: user=0.01 sys=0.00, real=0.01 secs] 
19:16:40.321 [Curator-PathChildrenCache-0] ERROR o.a.c.f.r.c.PathChildrenCache  - 
java.lang.IllegalStateException: instance must be started before calling this method
	at org.apache.curator.shaded.com.google.common.base.Preconditions.checkState(Preconditions.java:444)
	at org.apache.curator.framework.imps.CuratorFrameworkImpl.getChildren(CuratorFrameworkImpl.java:456)
	at org.apache.curator.framework.recipes.cache.PathChildrenCache.refresh(PathChildrenCache.java:521)
	at org.apache.curator.framework.recipes.cache.RefreshOperation.invoke(RefreshOperation.java:35)
	at org.apache.curator.framework.recipes.cache.PathChildrenCache$9.run(PathChildrenCache.java:786)
	at java.util.concurrent.Executors$RunnableAdapter.call(Executors.java:511)
	at java.util.concurrent.FutureTask.run(FutureTask.java:266)
	at java.util.concurrent.Executors$RunnableAdapter.call(Executors.java:511)
	at java.util.concurrent.FutureTask.run(FutureTask.java:266)
	at java.util.concurrent.ThreadPoolExecutor.runWorker(ThreadPoolExecutor.java:1149)
	at java.util.concurrent.ThreadPoolExecutor$Worker.run(ThreadPoolExecutor.java:624)
	at java.lang.Thread.run(Thread.java:748)
Heap
 def new generation   total 153600K, used 127817K [0x00000000e0c00000, 0x00000000eb2a0000, 0x00000000eb2a0000)
  eden space 136576K,  93% used [0x00000000e0c00000, 0x00000000e889ec90, 0x00000000e9160000)
  from space 17024K,   1% used [0x00000000e9160000, 0x00000000e91938f8, 0x00000000ea200000)
  to   space 17024K,   0% used [0x00000000ea200000, 0x00000000ea200000, 0x00000000eb2a0000)
 tenured generation   total 341376K, used 44108K [0x00000000eb2a0000, 0x0000000100000000, 0x0000000100000000)
   the space 341376K,  12% used [0x00000000eb2a0000, 0x00000000eddb3350, 0x00000000eddb3400, 0x0000000100000000)
 Metaspace       used 36105K, capacity 36986K, committed 37120K, reserved 1081344K
  class space    used 4871K, capacity 5073K, committed 5120K, reserved 1048576K
