19:11:48,596 |-INFO in ch.qos.logback.classic.LoggerContext[default] - Could NOT find resource [logback-test.xml]
19:11:48,596 |-INFO in ch.qos.logback.classic.LoggerContext[default] - Could NOT find resource [logback.groovy]
19:11:48,601 |-INFO in ch.qos.logback.classic.LoggerContext[default] - Found resource [logback.xml] at [jar:file:/root/flamestream/lib/flamestream-runtime-1.0-SNAPSHOT.jar!/logback.xml]
19:11:48,602 |-WARN in ch.qos.logback.classic.LoggerContext[default] - Resource [logback.xml] occurs multiple times on the classpath.
19:11:48,602 |-WARN in ch.qos.logback.classic.LoggerContext[default] - Resource [logback.xml] occurs at [jar:file:/root/flamestream/lib/flamestream-runtime-1.0-SNAPSHOT.jar!/logback.xml]
19:11:48,602 |-WARN in ch.qos.logback.classic.LoggerContext[default] - Resource [logback.xml] occurs at [jar:file:/root/flamestream/flamestream-runtime-1.0-SNAPSHOT.jar!/logback.xml]
19:11:48,621 |-INFO in ch.qos.logback.core.joran.spi.ConfigurationWatchList@3fb6a447 - URL [jar:file:/root/flamestream/lib/flamestream-runtime-1.0-SNAPSHOT.jar!/logback.xml] is not of type file
19:11:48,687 |-INFO in ch.qos.logback.classic.joran.action.ConfigurationAction - debug attribute not set
19:11:48,687 |-INFO in ch.qos.logback.core.joran.action.AppenderAction - About to instantiate appender of type [ch.qos.logback.core.ConsoleAppender]
19:11:48,704 |-INFO in ch.qos.logback.core.joran.action.AppenderAction - Naming appender as [STDOUT]
19:11:48,722 |-INFO in ch.qos.logback.core.joran.action.NestedComplexPropertyIA - Assuming default type [ch.qos.logback.classic.encoder.PatternLayoutEncoder] for [encoder] property
19:11:48,807 |-INFO in ch.qos.logback.core.joran.action.AppenderAction - About to instantiate appender of type [ch.qos.logback.core.rolling.RollingFileAppender]
19:11:48,812 |-INFO in ch.qos.logback.core.joran.action.AppenderAction - Naming appender as [FILE]
19:11:48,842 |-INFO in c.q.l.core.rolling.TimeBasedRollingPolicy@127618319 - No compression will be used
19:11:48,843 |-INFO in c.q.l.core.rolling.TimeBasedRollingPolicy@127618319 - Will use the pattern /tmp/application_%d{yyyy-MM-dd}.%i.log for the active file
19:11:48,846 |-INFO in ch.qos.logback.core.rolling.SizeAndTimeBasedFNATP@6b2fad11 - The date pattern is 'yyyy-MM-dd' from file name pattern '/tmp/application_%d{yyyy-MM-dd}.%i.log'.
19:11:48,846 |-INFO in ch.qos.logback.core.rolling.SizeAndTimeBasedFNATP@6b2fad11 - Roll-over at midnight.
19:11:48,851 |-INFO in ch.qos.logback.core.rolling.SizeAndTimeBasedFNATP@6b2fad11 - Setting initial period to Mon Jun 10 19:10:24 UTC 2019
19:11:48,851 |-WARN in ch.qos.logback.core.rolling.SizeAndTimeBasedFNATP@6b2fad11 - SizeAndTimeBasedFNATP is deprecated. Use SizeAndTimeBasedRollingPolicy instead
19:11:48,851 |-WARN in ch.qos.logback.core.rolling.SizeAndTimeBasedFNATP@6b2fad11 - For more information see http://logback.qos.ch/manual/appenders.html#SizeAndTimeBasedRollingPolicy
19:11:48,855 |-INFO in ch.qos.logback.core.joran.action.NestedComplexPropertyIA - Assuming default type [ch.qos.logback.classic.encoder.PatternLayoutEncoder] for [encoder] property
19:11:48,860 |-INFO in ch.qos.logback.core.rolling.RollingFileAppender[FILE] - Active log file name: /tmp/application.log
19:11:48,860 |-INFO in ch.qos.logback.core.rolling.RollingFileAppender[FILE] - File property is set to [/tmp/application.log]
19:11:48,861 |-INFO in ch.qos.logback.classic.joran.action.RootLoggerAction - Setting level of ROOT logger to WARN
19:11:48,861 |-INFO in ch.qos.logback.core.joran.action.AppenderRefAction - Attaching appender named [STDOUT] to Logger[ROOT]
19:11:48,863 |-INFO in ch.qos.logback.core.joran.action.AppenderRefAction - Attaching appender named [FILE] to Logger[ROOT]
19:11:48,863 |-INFO in ch.qos.logback.classic.joran.action.ConfigurationAction - End of configuration.
19:11:48,863 |-INFO in ch.qos.logback.classic.joran.JoranConfigurator@79698539 - Registering current configuration as safe fallback point

Ama winner
Ama winner
2019-06-10T19:11:50.172+0000: 1.758: [Full GC (Metadata GC Threshold) 2019-06-10T19:11:50.172+0000: 1.758: [Tenured: 0K->15242K(341376K), 0.0384388 secs] 117750K->15242K(494976K), [Metaspace: 20736K->20736K(1067008K)], 0.0385079 secs] [Times: user=0.04 sys=0.00, real=0.04 secs] 
19:12:10.178 [Curator-PathChildrenCache-1] WARN  o.a.c.u.ZKPaths  - The version of ZooKeeper being used doesn't support Container nodes. CreateMode.PERSISTENT will be used instead.
2019-06-10T19:12:12.442+0000: 24.028: [GC (Allocation Failure) 2019-06-10T19:12:12.443+0000: 24.028: [DefNew: 136576K->17023K(153600K), 0.0276993 secs] 151818K->52870K(494976K), 0.0277727 secs] [Times: user=0.02 sys=0.01, real=0.03 secs] 
2019-06-10T19:12:13.676+0000: 25.262: [Full GC (Metadata GC Threshold) 2019-06-10T19:12:13.676+0000: 25.262: [Tenured: 35846K->44583K(341376K), 0.0418783 secs] 81904K->44583K(494976K), [Metaspace: 34602K->34602K(1079296K)], 0.0419499 secs] [Times: user=0.04 sys=0.01, real=0.05 secs] 
2019-06-10T19:12:21.977+0000: 33.563: [GC (Allocation Failure) 2019-06-10T19:12:21.977+0000: 33.563: [DefNew: 136576K->71K(153600K), 0.0019157 secs] 181159K->44654K(494976K), 0.0019756 secs] [Times: user=0.01 sys=0.00, real=0.00 secs] 
2019-06-10T19:12:30.237+0000: 41.823: [GC (Allocation Failure) 2019-06-10T19:12:30.238+0000: 41.823: [DefNew: 136647K->70K(153600K), 0.0017532 secs] 181230K->44653K(494976K), 0.0018138 secs] [Times: user=0.00 sys=0.00, real=0.00 secs] 
2019-06-10T19:12:38.517+0000: 50.103: [GC (Allocation Failure) 2019-06-10T19:12:38.517+0000: 50.103: [DefNew: 136646K->71K(153600K), 0.0018125 secs] 181229K->44655K(494976K), 0.0018727 secs] [Times: user=0.01 sys=0.00, real=0.00 secs] 
2019-06-10T19:12:46.839+0000: 58.424: [GC (Allocation Failure) 2019-06-10T19:12:46.839+0000: 58.424: [DefNew: 136647K->75K(153600K), 0.0018675 secs] 181231K->44658K(494976K), 0.0019272 secs] [Times: user=0.00 sys=0.00, real=0.00 secs] 
2019-06-10T19:12:55.650+0000: 67.236: [GC (Allocation Failure) 2019-06-10T19:12:55.650+0000: 67.236: [DefNew: 136651K->399K(153600K), 0.0022453 secs] 181234K->44982K(494976K), 0.0023083 secs] [Times: user=0.00 sys=0.00, real=0.00 secs] 
2019-06-10T19:13:06.790+0000: 78.375: [GC (Allocation Failure) 2019-06-10T19:13:06.790+0000: 78.375: [DefNew: 136975K->158K(153600K), 0.0022568 secs] 181558K->44741K(494976K), 0.0023197 secs] [Times: user=0.00 sys=0.00, real=0.00 secs] 
19:13:18.961 [Curator-PathChildrenCache-0] ERROR o.a.c.f.r.c.PathChildrenCache  - 
java.lang.IllegalStateException: instance must be started before calling this method
	at org.apache.curator.shaded.com.google.common.base.Preconditions.checkState(Preconditions.java:444)
	at org.apache.curator.framework.imps.CuratorFrameworkImpl.getChildren(CuratorFrameworkImpl.java:456)
	at org.apache.curator.framework.recipes.cache.PathChildrenCache.refresh(PathChildrenCache.java:521)
	at org.apache.curator.framework.recipes.cache.RefreshOperation.invoke(RefreshOperation.java:35)
	at org.apache.curator.framework.recipes.cache.PathChildrenCache$9.run(PathChildrenCache.java:786)
	at java.util.concurrent.Executors$RunnableAdapter.call(Executors.java:511)
	at java.util.concurrent.FutureTask.run(FutureTask.java:266)
	at java.util.concurrent.Executors$RunnableAdapter.call(Executors.java:511)
	at java.util.concurrent.FutureTask.run(FutureTask.java:266)
	at java.util.concurrent.ThreadPoolExecutor.runWorker(ThreadPoolExecutor.java:1149)
	at java.util.concurrent.ThreadPoolExecutor$Worker.run(ThreadPoolExecutor.java:624)
	at java.lang.Thread.run(Thread.java:748)
Heap
 def new generation   total 153600K, used 59569K [0x00000000e0c00000, 0x00000000eb2a0000, 0x00000000eb2a0000)
  eden space 136576K,  43% used [0x00000000e0c00000, 0x00000000e4604e38, 0x00000000e9160000)
  from space 17024K,   0% used [0x00000000ea200000, 0x00000000ea227960, 0x00000000eb2a0000)
  to   space 17024K,   0% used [0x00000000e9160000, 0x00000000e9160000, 0x00000000ea200000)
 tenured generation   total 341376K, used 44583K [0x00000000eb2a0000, 0x0000000100000000, 0x0000000100000000)
   the space 341376K,  13% used [0x00000000eb2a0000, 0x00000000ede29cb8, 0x00000000ede29e00, 0x0000000100000000)
 Metaspace       used 36227K, capacity 37102K, committed 37376K, reserved 1081344K
  class space    used 4892K, capacity 5093K, committed 5120K, reserved 1048576K
