16:38:55,557 |-INFO in ch.qos.logback.classic.LoggerContext[default] - Could NOT find resource [logback-test.xml]
16:38:55,557 |-INFO in ch.qos.logback.classic.LoggerContext[default] - Could NOT find resource [logback.groovy]
16:38:55,557 |-INFO in ch.qos.logback.classic.LoggerContext[default] - Found resource [logback.xml] at [jar:file:/root/flamestream/lib/flamestream-runtime-1.0-SNAPSHOT.jar!/logback.xml]
16:38:55,560 |-WARN in ch.qos.logback.classic.LoggerContext[default] - Resource [logback.xml] occurs multiple times on the classpath.
16:38:55,561 |-WARN in ch.qos.logback.classic.LoggerContext[default] - Resource [logback.xml] occurs at [jar:file:/root/flamestream/lib/flamestream-runtime-1.0-SNAPSHOT.jar!/logback.xml]
16:38:55,561 |-WARN in ch.qos.logback.classic.LoggerContext[default] - Resource [logback.xml] occurs at [jar:file:/root/flamestream/flamestream-runtime-1.0-SNAPSHOT.jar!/logback.xml]
16:38:55,581 |-INFO in ch.qos.logback.core.joran.spi.ConfigurationWatchList@3fb6a447 - URL [jar:file:/root/flamestream/lib/flamestream-runtime-1.0-SNAPSHOT.jar!/logback.xml] is not of type file
16:38:55,648 |-INFO in ch.qos.logback.classic.joran.action.ConfigurationAction - debug attribute not set
16:38:55,648 |-INFO in ch.qos.logback.core.joran.action.AppenderAction - About to instantiate appender of type [ch.qos.logback.core.ConsoleAppender]
16:38:55,666 |-INFO in ch.qos.logback.core.joran.action.AppenderAction - Naming appender as [STDOUT]
16:38:55,679 |-INFO in ch.qos.logback.core.joran.action.NestedComplexPropertyIA - Assuming default type [ch.qos.logback.classic.encoder.PatternLayoutEncoder] for [encoder] property
16:38:55,781 |-INFO in ch.qos.logback.core.joran.action.AppenderAction - About to instantiate appender of type [ch.qos.logback.core.rolling.RollingFileAppender]
16:38:55,786 |-INFO in ch.qos.logback.core.joran.action.AppenderAction - Naming appender as [FILE]
16:38:55,825 |-INFO in c.q.l.core.rolling.TimeBasedRollingPolicy@127618319 - No compression will be used
16:38:55,826 |-INFO in c.q.l.core.rolling.TimeBasedRollingPolicy@127618319 - Will use the pattern /tmp/application_%d{yyyy-MM-dd}.%i.log for the active file
16:38:55,829 |-INFO in ch.qos.logback.core.rolling.SizeAndTimeBasedFNATP@6b2fad11 - The date pattern is 'yyyy-MM-dd' from file name pattern '/tmp/application_%d{yyyy-MM-dd}.%i.log'.
16:38:55,830 |-INFO in ch.qos.logback.core.rolling.SizeAndTimeBasedFNATP@6b2fad11 - Roll-over at midnight.
16:38:55,835 |-INFO in ch.qos.logback.core.rolling.SizeAndTimeBasedFNATP@6b2fad11 - Setting initial period to Mon Jun 10 16:37:21 UTC 2019
16:38:55,835 |-WARN in ch.qos.logback.core.rolling.SizeAndTimeBasedFNATP@6b2fad11 - SizeAndTimeBasedFNATP is deprecated. Use SizeAndTimeBasedRollingPolicy instead
16:38:55,835 |-WARN in ch.qos.logback.core.rolling.SizeAndTimeBasedFNATP@6b2fad11 - For more information see http://logback.qos.ch/manual/appenders.html#SizeAndTimeBasedRollingPolicy
16:38:55,839 |-INFO in ch.qos.logback.core.joran.action.NestedComplexPropertyIA - Assuming default type [ch.qos.logback.classic.encoder.PatternLayoutEncoder] for [encoder] property
16:38:55,844 |-INFO in ch.qos.logback.core.rolling.RollingFileAppender[FILE] - Active log file name: /tmp/application.log
16:38:55,844 |-INFO in ch.qos.logback.core.rolling.RollingFileAppender[FILE] - File property is set to [/tmp/application.log]
16:38:55,845 |-INFO in ch.qos.logback.classic.joran.action.RootLoggerAction - Setting level of ROOT logger to WARN
16:38:55,845 |-INFO in ch.qos.logback.core.joran.action.AppenderRefAction - Attaching appender named [STDOUT] to Logger[ROOT]
16:38:55,847 |-INFO in ch.qos.logback.core.joran.action.AppenderRefAction - Attaching appender named [FILE] to Logger[ROOT]
16:38:55,847 |-INFO in ch.qos.logback.classic.joran.action.ConfigurationAction - End of configuration.
16:38:55,847 |-INFO in ch.qos.logback.classic.joran.JoranConfigurator@79698539 - Registering current configuration as safe fallback point

Ama winner
Ama winner
2019-06-10T16:38:57.184+0000: 1.812: [Full GC (Metadata GC Threshold) 2019-06-10T16:38:57.184+0000: 1.812: [Tenured: 0K->15241K(341376K), 0.0396244 secs] 114987K->15241K(494976K), [Metaspace: 20732K->20732K(1067008K)], 0.0396909 secs] [Times: user=0.04 sys=0.01, real=0.04 secs] 
16:39:18.637 [Curator-PathChildrenCache-1] WARN  o.a.c.u.ZKPaths  - The version of ZooKeeper being used doesn't support Container nodes. CreateMode.PERSISTENT will be used instead.
2019-06-10T16:39:20.924+0000: 25.552: [GC (Allocation Failure) 2019-06-10T16:39:20.924+0000: 25.552: [DefNew: 136576K->17023K(153600K), 0.0253545 secs] 151817K->52943K(494976K), 0.0254234 secs] [Times: user=0.02 sys=0.01, real=0.03 secs] 
2019-06-10T16:39:22.819+0000: 27.447: [Full GC (Metadata GC Threshold) 2019-06-10T16:39:22.819+0000: 27.447: [Tenured: 35919K->44647K(341376K), 0.0412690 secs] 89279K->44647K(494976K), [Metaspace: 34601K->34601K(1079296K)], 0.0413417 secs] [Times: user=0.04 sys=0.01, real=0.04 secs] 
2019-06-10T16:39:28.780+0000: 33.408: [GC (Allocation Failure) 2019-06-10T16:39:28.780+0000: 33.408: [DefNew: 136576K->67K(153600K), 0.0017655 secs] 181223K->44715K(494976K), 0.0018269 secs] [Times: user=0.00 sys=0.00, real=0.00 secs] 
2019-06-10T16:39:34.807+0000: 39.435: [GC (Allocation Failure) 2019-06-10T16:39:34.807+0000: 39.436: [DefNew: 136643K->66K(153600K), 0.0016888 secs] 181291K->44714K(494976K), 0.0017496 secs] [Times: user=0.00 sys=0.00, real=0.00 secs] 
2019-06-10T16:39:40.736+0000: 45.364: [GC (Allocation Failure) 2019-06-10T16:39:40.736+0000: 45.364: [DefNew: 136642K->99K(153600K), 0.0017513 secs] 181290K->44747K(494976K), 0.0018229 secs] [Times: user=0.01 sys=0.00, real=0.00 secs] 
2019-06-10T16:39:46.727+0000: 51.355: [GC (Allocation Failure) 2019-06-10T16:39:46.727+0000: 51.355: [DefNew: 136675K->102K(153600K), 0.0016872 secs] 181323K->44750K(494976K), 0.0017482 secs] [Times: user=0.00 sys=0.00, real=0.00 secs] 
16:39:59.569 [Curator-PathChildrenCache-0] ERROR o.a.c.f.r.c.PathChildrenCache  - 
java.lang.IllegalStateException: instance must be started before calling this method
	at org.apache.curator.shaded.com.google.common.base.Preconditions.checkState(Preconditions.java:444)
	at org.apache.curator.framework.imps.CuratorFrameworkImpl.getChildren(CuratorFrameworkImpl.java:456)
	at org.apache.curator.framework.recipes.cache.PathChildrenCache.refresh(PathChildrenCache.java:521)
	at org.apache.curator.framework.recipes.cache.RefreshOperation.invoke(RefreshOperation.java:35)
	at org.apache.curator.framework.recipes.cache.PathChildrenCache$9.run(PathChildrenCache.java:786)
	at java.util.concurrent.Executors$RunnableAdapter.call(Executors.java:511)
	at java.util.concurrent.FutureTask.run(FutureTask.java:266)
	at java.util.concurrent.Executors$RunnableAdapter.call(Executors.java:511)
	at java.util.concurrent.FutureTask.run(FutureTask.java:266)
	at java.util.concurrent.ThreadPoolExecutor.runWorker(ThreadPoolExecutor.java:1149)
	at java.util.concurrent.ThreadPoolExecutor$Worker.run(ThreadPoolExecutor.java:624)
	at java.lang.Thread.run(Thread.java:748)
2019-06-10T16:39:59.764+0000: 64.392: [GC (Allocation Failure) 2019-06-10T16:39:59.764+0000: 64.392: [DefNew: 136678K->1095K(153600K), 0.0033541 secs] 181326K->45742K(494976K), 0.0034311 secs] [Times: user=0.00 sys=0.00, real=0.01 secs] 
Heap
 def new generation   total 153600K, used 12990K [0x00000000e0c00000, 0x00000000eb2a0000, 0x00000000eb2a0000)
  eden space 136576K,   8% used [0x00000000e0c00000, 0x00000000e179dd48, 0x00000000e9160000)
  from space 17024K,   6% used [0x00000000e9160000, 0x00000000e9271c50, 0x00000000ea200000)
  to   space 17024K,   0% used [0x00000000ea200000, 0x00000000ea200000, 0x00000000eb2a0000)
 tenured generation   total 341376K, used 44647K [0x00000000eb2a0000, 0x0000000100000000, 0x0000000100000000)
   the space 341376K,  13% used [0x00000000eb2a0000, 0x00000000ede39ef8, 0x00000000ede3a000, 0x0000000100000000)
 Metaspace       used 36179K, capacity 37056K, committed 37376K, reserved 1081344K
  class space    used 4870K, capacity 5074K, committed 5120K, reserved 1048576K
