15:51:46,279 |-INFO in ch.qos.logback.classic.LoggerContext[default] - Could NOT find resource [logback-test.xml]
15:51:46,279 |-INFO in ch.qos.logback.classic.LoggerContext[default] - Could NOT find resource [logback.groovy]
15:51:46,279 |-INFO in ch.qos.logback.classic.LoggerContext[default] - Found resource [logback.xml] at [jar:file:/home/nikitasokolov/flamestream/lib/flamestream-runtime-1.0-SNAPSHOT.jar!/logback.xml]
15:51:46,280 |-WARN in ch.qos.logback.classic.LoggerContext[default] - Resource [logback.xml] occurs multiple times on the classpath.
15:51:46,280 |-WARN in ch.qos.logback.classic.LoggerContext[default] - Resource [logback.xml] occurs at [jar:file:/home/nikitasokolov/flamestream/lib/flamestream-runtime-1.0-SNAPSHOT.jar!/logback.xml]
15:51:46,280 |-WARN in ch.qos.logback.classic.LoggerContext[default] - Resource [logback.xml] occurs at [jar:file:/home/nikitasokolov/flamestream/flamestream-runtime-1.0-SNAPSHOT.jar!/logback.xml]
15:51:46,296 |-INFO in ch.qos.logback.core.joran.spi.ConfigurationWatchList@6108b2d7 - URL [jar:file:/home/nikitasokolov/flamestream/lib/flamestream-runtime-1.0-SNAPSHOT.jar!/logback.xml] is not of type file
15:51:46,348 |-INFO in ch.qos.logback.classic.joran.action.ConfigurationAction - debug attribute not set
15:51:46,349 |-INFO in ch.qos.logback.core.joran.action.AppenderAction - About to instantiate appender of type [ch.qos.logback.core.ConsoleAppender]
15:51:46,360 |-INFO in ch.qos.logback.core.joran.action.AppenderAction - Naming appender as [STDOUT]
15:51:46,369 |-INFO in ch.qos.logback.core.joran.action.NestedComplexPropertyIA - Assuming default type [ch.qos.logback.classic.encoder.PatternLayoutEncoder] for [encoder] property
15:51:46,425 |-INFO in ch.qos.logback.core.joran.action.AppenderAction - About to instantiate appender of type [ch.qos.logback.core.rolling.RollingFileAppender]
15:51:46,431 |-INFO in ch.qos.logback.core.joran.action.AppenderAction - Naming appender as [FILE]
15:51:46,453 |-INFO in c.q.l.core.rolling.TimeBasedRollingPolicy@357863579 - No compression will be used
15:51:46,454 |-INFO in c.q.l.core.rolling.TimeBasedRollingPolicy@357863579 - Will use the pattern /tmp/application_%d{yyyy-MM-dd}.%i.log for the active file
15:51:46,457 |-INFO in ch.qos.logback.core.rolling.SizeAndTimeBasedFNATP@6bf256fa - The date pattern is 'yyyy-MM-dd' from file name pattern '/tmp/application_%d{yyyy-MM-dd}.%i.log'.
15:51:46,457 |-INFO in ch.qos.logback.core.rolling.SizeAndTimeBasedFNATP@6bf256fa - Roll-over at midnight.
15:51:46,461 |-INFO in ch.qos.logback.core.rolling.SizeAndTimeBasedFNATP@6bf256fa - Setting initial period to Sun Jun 09 15:51:01 MSK 2019
15:51:46,461 |-WARN in ch.qos.logback.core.rolling.SizeAndTimeBasedFNATP@6bf256fa - SizeAndTimeBasedFNATP is deprecated. Use SizeAndTimeBasedRollingPolicy instead
15:51:46,461 |-WARN in ch.qos.logback.core.rolling.SizeAndTimeBasedFNATP@6bf256fa - For more information see http://logback.qos.ch/manual/appenders.html#SizeAndTimeBasedRollingPolicy
15:51:46,466 |-INFO in ch.qos.logback.core.joran.action.NestedComplexPropertyIA - Assuming default type [ch.qos.logback.classic.encoder.PatternLayoutEncoder] for [encoder] property
15:51:46,469 |-INFO in ch.qos.logback.core.rolling.RollingFileAppender[FILE] - Active log file name: /tmp/application.log
15:51:46,469 |-INFO in ch.qos.logback.core.rolling.RollingFileAppender[FILE] - File property is set to [/tmp/application.log]
15:51:46,470 |-INFO in ch.qos.logback.classic.joran.action.RootLoggerAction - Setting level of ROOT logger to WARN
15:51:46,470 |-INFO in ch.qos.logback.core.joran.action.AppenderRefAction - Attaching appender named [STDOUT] to Logger[ROOT]
15:51:46,471 |-INFO in ch.qos.logback.core.joran.action.AppenderRefAction - Attaching appender named [FILE] to Logger[ROOT]
15:51:46,471 |-INFO in ch.qos.logback.classic.joran.action.ConfigurationAction - End of configuration.
15:51:46,471 |-INFO in ch.qos.logback.classic.joran.JoranConfigurator@6cd8737 - Registering current configuration as safe fallback point

2019-06-09T15:51:47.463+0300: 1.378: [GC (Metadata GC Threshold) [PSYoungGen: 108152K->15930K(149504K)] 108152K->16010K(491008K), 0.0192838 secs] [Times: user=0.04 sys=0.03, real=0.02 secs] 
2019-06-09T15:51:47.483+0300: 1.397: [Full GC (Metadata GC Threshold) [PSYoungGen: 15930K->0K(149504K)] [ParOldGen: 80K->15078K(341504K)] 16010K->15078K(491008K), [Metaspace: 20802K->20802K(1067008K)], 0.0258512 secs] [Times: user=0.13 sys=0.01, real=0.02 secs] 
15:51:59.443 [Curator-PathChildrenCache-1] WARN  o.a.c.u.ZKPaths  - The version of ZooKeeper being used doesn't support Container nodes. CreateMode.PERSISTENT will be used instead.
2019-06-09T15:52:00.495+0300: 14.409: [GC (Metadata GC Threshold) [PSYoungGen: 122299K->20987K(149504K)] 137378K->49896K(491008K), 0.0199473 secs] [Times: user=0.21 sys=0.03, real=0.02 secs] 
2019-06-09T15:52:00.515+0300: 14.429: [Full GC (Metadata GC Threshold) [PSYoungGen: 20987K->0K(149504K)] [ParOldGen: 28909K->38907K(341504K)] 49896K->38907K(491008K), [Metaspace: 34549K->34549K(1079296K)], 0.0342186 secs] [Times: user=0.17 sys=0.00, real=0.03 secs] 
2019-06-09T15:52:10.298+0300: 24.213: [GC (Allocation Failure) [PSYoungGen: 128512K->320K(149504K)] 167419K->39235K(491008K), 0.0039488 secs] [Times: user=0.03 sys=0.00, real=0.00 secs] 
2019-06-09T15:52:20.871+0300: 34.786: [GC (Allocation Failure) [PSYoungGen: 128832K->288K(149504K)] 167747K->39211K(491008K), 0.0053033 secs] [Times: user=0.04 sys=0.00, real=0.00 secs] 
2019-06-09T15:52:31.689+0300: 45.603: [GC (Allocation Failure) [PSYoungGen: 128800K->384K(129024K)] 167723K->39315K(470528K), 0.0037418 secs] [Times: user=0.03 sys=0.00, real=0.01 secs] 
2019-06-09T15:52:42.641+0300: 56.556: [GC (Allocation Failure) [PSYoungGen: 128896K->320K(132608K)] 167827K->39259K(474112K), 0.0036971 secs] [Times: user=0.02 sys=0.00, real=0.00 secs] 
2019-06-09T15:52:51.050+0300: 64.964: [GC (Allocation Failure) [PSYoungGen: 92992K->791K(130560K)] 131931K->39738K(472064K), 0.0048873 secs] [Times: user=0.02 sys=0.00, real=0.00 secs] 
2019-06-09T15:53:01.193+0300: 75.108: [GC (Allocation Failure) [PSYoungGen: 93463K->480K(136704K)] 132410K->39435K(478208K), 0.0030772 secs] [Times: user=0.01 sys=0.00, real=0.00 secs] 
15:53:19.850 [Curator-PathChildrenCache-0] ERROR o.a.c.f.r.c.PathChildrenCache  - 
java.lang.IllegalStateException: instance must be started before calling this method
	at org.apache.curator.shaded.com.google.common.base.Preconditions.checkState(Preconditions.java:444)
	at org.apache.curator.framework.imps.CuratorFrameworkImpl.getChildren(CuratorFrameworkImpl.java:456)
	at org.apache.curator.framework.recipes.cache.PathChildrenCache.refresh(PathChildrenCache.java:521)
	at org.apache.curator.framework.recipes.cache.RefreshOperation.invoke(RefreshOperation.java:35)
	at org.apache.curator.framework.recipes.cache.PathChildrenCache$9.run(PathChildrenCache.java:786)
	at java.util.concurrent.Executors$RunnableAdapter.call(Executors.java:511)
	at java.util.concurrent.FutureTask.run(FutureTask.java:266)
	at java.util.concurrent.Executors$RunnableAdapter.call(Executors.java:511)
	at java.util.concurrent.FutureTask.run(FutureTask.java:266)
	at java.util.concurrent.ThreadPoolExecutor.runWorker(ThreadPoolExecutor.java:1149)
	at java.util.concurrent.ThreadPoolExecutor$Worker.run(ThreadPoolExecutor.java:624)
	at java.lang.Thread.run(Thread.java:748)
Heap
 PSYoungGen      total 136704K, used 77961K [0x00000000f5980000, 0x0000000100000000, 0x0000000100000000)
  eden space 101376K, 76% used [0x00000000f5980000,0x00000000fa52a698,0x00000000fbc80000)
  from space 35328K, 1% used [0x00000000fdd80000,0x00000000fddf8030,0x0000000100000000)
  to   space 33792K, 0% used [0x00000000fbc80000,0x00000000fbc80000,0x00000000fdd80000)
 ParOldGen       total 341504K, used 38955K [0x00000000e0c00000, 0x00000000f5980000, 0x00000000f5980000)
  object space 341504K, 11% used [0x00000000e0c00000,0x00000000e320acc0,0x00000000f5980000)
 Metaspace       used 36074K, capacity 36958K, committed 37208K, reserved 1081344K
  class space    used 4979K, capacity 5161K, committed 5248K, reserved 1048576K
