08:02:35,373 |-INFO in ch.qos.logback.classic.LoggerContext[default] - Could NOT find resource [logback-test.xml]
08:02:35,373 |-INFO in ch.qos.logback.classic.LoggerContext[default] - Could NOT find resource [logback.groovy]
08:02:35,373 |-INFO in ch.qos.logback.classic.LoggerContext[default] - Found resource [logback.xml] at [jar:file:/root/flamestream/lib/flamestream-runtime-1.0-SNAPSHOT.jar!/logback.xml]
08:02:35,374 |-WARN in ch.qos.logback.classic.LoggerContext[default] - Resource [logback.xml] occurs multiple times on the classpath.
08:02:35,374 |-WARN in ch.qos.logback.classic.LoggerContext[default] - Resource [logback.xml] occurs at [jar:file:/root/flamestream/lib/flamestream-runtime-1.0-SNAPSHOT.jar!/logback.xml]
08:02:35,374 |-WARN in ch.qos.logback.classic.LoggerContext[default] - Resource [logback.xml] occurs at [jar:file:/root/flamestream/flamestream-runtime-1.0-SNAPSHOT.jar!/logback.xml]
08:02:35,394 |-INFO in ch.qos.logback.core.joran.spi.ConfigurationWatchList@3fb6a447 - URL [jar:file:/root/flamestream/lib/flamestream-runtime-1.0-SNAPSHOT.jar!/logback.xml] is not of type file
08:02:35,460 |-INFO in ch.qos.logback.classic.joran.action.ConfigurationAction - debug attribute not set
08:02:35,460 |-INFO in ch.qos.logback.core.joran.action.AppenderAction - About to instantiate appender of type [ch.qos.logback.core.ConsoleAppender]
08:02:35,476 |-INFO in ch.qos.logback.core.joran.action.AppenderAction - Naming appender as [STDOUT]
08:02:35,494 |-INFO in ch.qos.logback.core.joran.action.NestedComplexPropertyIA - Assuming default type [ch.qos.logback.classic.encoder.PatternLayoutEncoder] for [encoder] property
08:02:35,589 |-INFO in ch.qos.logback.core.joran.action.AppenderAction - About to instantiate appender of type [ch.qos.logback.core.rolling.RollingFileAppender]
08:02:35,594 |-INFO in ch.qos.logback.core.joran.action.AppenderAction - Naming appender as [FILE]
08:02:35,625 |-INFO in c.q.l.core.rolling.TimeBasedRollingPolicy@127618319 - No compression will be used
08:02:35,626 |-INFO in c.q.l.core.rolling.TimeBasedRollingPolicy@127618319 - Will use the pattern /tmp/application_%d{yyyy-MM-dd}.%i.log for the active file
08:02:35,629 |-INFO in ch.qos.logback.core.rolling.SizeAndTimeBasedFNATP@6b2fad11 - The date pattern is 'yyyy-MM-dd' from file name pattern '/tmp/application_%d{yyyy-MM-dd}.%i.log'.
08:02:35,629 |-INFO in ch.qos.logback.core.rolling.SizeAndTimeBasedFNATP@6b2fad11 - Roll-over at midnight.
08:02:35,635 |-INFO in ch.qos.logback.core.rolling.SizeAndTimeBasedFNATP@6b2fad11 - Setting initial period to Tue Jun 11 08:01:16 UTC 2019
08:02:35,635 |-WARN in ch.qos.logback.core.rolling.SizeAndTimeBasedFNATP@6b2fad11 - SizeAndTimeBasedFNATP is deprecated. Use SizeAndTimeBasedRollingPolicy instead
08:02:35,635 |-WARN in ch.qos.logback.core.rolling.SizeAndTimeBasedFNATP@6b2fad11 - For more information see http://logback.qos.ch/manual/appenders.html#SizeAndTimeBasedRollingPolicy
08:02:35,639 |-INFO in ch.qos.logback.core.joran.action.NestedComplexPropertyIA - Assuming default type [ch.qos.logback.classic.encoder.PatternLayoutEncoder] for [encoder] property
08:02:35,644 |-INFO in ch.qos.logback.core.rolling.RollingFileAppender[FILE] - Active log file name: /tmp/application.log
08:02:35,644 |-INFO in ch.qos.logback.core.rolling.RollingFileAppender[FILE] - File property is set to [/tmp/application.log]
08:02:35,645 |-INFO in ch.qos.logback.classic.joran.action.RootLoggerAction - Setting level of ROOT logger to WARN
08:02:35,645 |-INFO in ch.qos.logback.core.joran.action.AppenderRefAction - Attaching appender named [STDOUT] to Logger[ROOT]
08:02:35,647 |-INFO in ch.qos.logback.core.joran.action.AppenderRefAction - Attaching appender named [FILE] to Logger[ROOT]
08:02:35,647 |-INFO in ch.qos.logback.classic.joran.action.ConfigurationAction - End of configuration.
08:02:35,647 |-INFO in ch.qos.logback.classic.joran.JoranConfigurator@79698539 - Registering current configuration as safe fallback point

Ama winner
Ama winner
2019-06-11T08:02:37.336+0000: 2.154: [Full GC (Metadata GC Threshold) 2019-06-11T08:02:37.336+0000: 2.154: [Tenured: 0K->15241K(341376K), 0.0410438 secs] 117654K->15241K(494976K), [Metaspace: 20742K->20742K(1067008K)], 0.0411122 secs] [Times: user=0.03 sys=0.00, real=0.05 secs] 
08:02:59.518 [Curator-PathChildrenCache-1] WARN  o.a.c.u.ZKPaths  - The version of ZooKeeper being used doesn't support Container nodes. CreateMode.PERSISTENT will be used instead.
2019-06-11T08:03:02.293+0000: 27.110: [GC (Allocation Failure) 2019-06-11T08:03:02.293+0000: 27.110: [DefNew: 136576K->17024K(153600K), 0.0273967 secs] 151817K->52727K(494976K), 0.0274696 secs] [Times: user=0.02 sys=0.00, real=0.03 secs] 
2019-06-11T08:03:04.220+0000: 29.037: [Full GC (Metadata GC Threshold) 2019-06-11T08:03:04.220+0000: 29.037: [Tenured: 35703K->44182K(341376K), 0.0521101 secs] 103081K->44182K(494976K), [Metaspace: 34575K->34575K(1079296K)], 0.0521909 secs] [Times: user=0.04 sys=0.00, real=0.05 secs] 
2019-06-11T08:03:10.208+0000: 35.025: [GC (Allocation Failure) 2019-06-11T08:03:10.208+0000: 35.025: [DefNew: 136576K->110K(153600K), 0.0019761 secs] 180758K->44293K(494976K), 0.0020422 secs] [Times: user=0.00 sys=0.00, real=0.00 secs] 
2019-06-11T08:03:16.219+0000: 41.036: [GC (Allocation Failure) 2019-06-11T08:03:16.219+0000: 41.036: [DefNew: 136686K->144K(153600K), 0.0018375 secs] 180869K->44326K(494976K), 0.0018916 secs] [Times: user=0.00 sys=0.00, real=0.00 secs] 
2019-06-11T08:03:22.231+0000: 47.049: [GC (Allocation Failure) 2019-06-11T08:03:22.231+0000: 47.049: [DefNew: 136720K->144K(153600K), 0.0018520 secs] 180902K->44327K(494976K), 0.0019104 secs] [Times: user=0.00 sys=0.00, real=0.00 secs] 
2019-06-11T08:03:28.277+0000: 53.094: [GC (Allocation Failure) 2019-06-11T08:03:28.277+0000: 53.094: [DefNew: 136720K->150K(153600K), 0.0018598 secs] 180903K->44332K(494976K), 0.0019171 secs] [Times: user=0.00 sys=0.00, real=0.01 secs] 
2019-06-11T08:03:34.348+0000: 59.166: [GC (Allocation Failure) 2019-06-11T08:03:34.348+0000: 59.166: [DefNew: 136726K->156K(153600K), 0.0018330 secs] 180908K->44339K(494976K), 0.0018906 secs] [Times: user=0.00 sys=0.00, real=0.00 secs] 
08:03:40.912 [Curator-PathChildrenCache-0] ERROR o.a.c.f.r.c.PathChildrenCache  - 
java.lang.IllegalStateException: instance must be started before calling this method
	at org.apache.curator.shaded.com.google.common.base.Preconditions.checkState(Preconditions.java:444)
	at org.apache.curator.framework.imps.CuratorFrameworkImpl.getChildren(CuratorFrameworkImpl.java:456)
	at org.apache.curator.framework.recipes.cache.PathChildrenCache.refresh(PathChildrenCache.java:521)
	at org.apache.curator.framework.recipes.cache.RefreshOperation.invoke(RefreshOperation.java:35)
	at org.apache.curator.framework.recipes.cache.PathChildrenCache$9.run(PathChildrenCache.java:786)
	at java.util.concurrent.Executors$RunnableAdapter.call(Executors.java:511)
	at java.util.concurrent.FutureTask.run(FutureTask.java:266)
	at java.util.concurrent.Executors$RunnableAdapter.call(Executors.java:511)
	at java.util.concurrent.FutureTask.run(FutureTask.java:266)
	at java.util.concurrent.ThreadPoolExecutor.runWorker(ThreadPoolExecutor.java:1149)
	at java.util.concurrent.ThreadPoolExecutor$Worker.run(ThreadPoolExecutor.java:624)
	at java.lang.Thread.run(Thread.java:748)
Heap
 def new generation   total 153600K, used 60753K [0x00000000e0c00000, 0x00000000eb2a0000, 0x00000000eb2a0000)
  eden space 136576K,  44% used [0x00000000e0c00000, 0x00000000e472d3f8, 0x00000000e9160000)
  from space 17024K,   0% used [0x00000000e9160000, 0x00000000e9187130, 0x00000000ea200000)
  to   space 17024K,   0% used [0x00000000ea200000, 0x00000000ea200000, 0x00000000eb2a0000)
 tenured generation   total 341376K, used 44182K [0x00000000eb2a0000, 0x0000000100000000, 0x0000000100000000)
   the space 341376K,  12% used [0x00000000eb2a0000, 0x00000000eddc5af0, 0x00000000eddc5c00, 0x0000000100000000)
 Metaspace       used 36212K, capacity 37132K, committed 37376K, reserved 1081344K
  class space    used 4869K, capacity 5076K, committed 5120K, reserved 1048576K
