18:52:57,961 |-INFO in ch.qos.logback.classic.LoggerContext[default] - Could NOT find resource [logback-test.xml]
18:52:57,961 |-INFO in ch.qos.logback.classic.LoggerContext[default] - Could NOT find resource [logback.groovy]
18:52:57,962 |-INFO in ch.qos.logback.classic.LoggerContext[default] - Found resource [logback.xml] at [jar:file:/root/flamestream/lib/flamestream-runtime-1.0-SNAPSHOT.jar!/logback.xml]
18:52:57,962 |-WARN in ch.qos.logback.classic.LoggerContext[default] - Resource [logback.xml] occurs multiple times on the classpath.
18:52:57,962 |-WARN in ch.qos.logback.classic.LoggerContext[default] - Resource [logback.xml] occurs at [jar:file:/root/flamestream/lib/flamestream-runtime-1.0-SNAPSHOT.jar!/logback.xml]
18:52:57,962 |-WARN in ch.qos.logback.classic.LoggerContext[default] - Resource [logback.xml] occurs at [jar:file:/root/flamestream/flamestream-runtime-1.0-SNAPSHOT.jar!/logback.xml]
18:52:57,983 |-INFO in ch.qos.logback.core.joran.spi.ConfigurationWatchList@3fb6a447 - URL [jar:file:/root/flamestream/lib/flamestream-runtime-1.0-SNAPSHOT.jar!/logback.xml] is not of type file
18:52:58,051 |-INFO in ch.qos.logback.classic.joran.action.ConfigurationAction - debug attribute not set
18:52:58,052 |-INFO in ch.qos.logback.core.joran.action.AppenderAction - About to instantiate appender of type [ch.qos.logback.core.ConsoleAppender]
18:52:58,068 |-INFO in ch.qos.logback.core.joran.action.AppenderAction - Naming appender as [STDOUT]
18:52:58,086 |-INFO in ch.qos.logback.core.joran.action.NestedComplexPropertyIA - Assuming default type [ch.qos.logback.classic.encoder.PatternLayoutEncoder] for [encoder] property
18:52:58,176 |-INFO in ch.qos.logback.core.joran.action.AppenderAction - About to instantiate appender of type [ch.qos.logback.core.rolling.RollingFileAppender]
18:52:58,185 |-INFO in ch.qos.logback.core.joran.action.AppenderAction - Naming appender as [FILE]
18:52:58,216 |-INFO in c.q.l.core.rolling.TimeBasedRollingPolicy@127618319 - No compression will be used
18:52:58,217 |-INFO in c.q.l.core.rolling.TimeBasedRollingPolicy@127618319 - Will use the pattern /tmp/application_%d{yyyy-MM-dd}.%i.log for the active file
18:52:58,220 |-INFO in ch.qos.logback.core.rolling.SizeAndTimeBasedFNATP@6b2fad11 - The date pattern is 'yyyy-MM-dd' from file name pattern '/tmp/application_%d{yyyy-MM-dd}.%i.log'.
18:52:58,220 |-INFO in ch.qos.logback.core.rolling.SizeAndTimeBasedFNATP@6b2fad11 - Roll-over at midnight.
18:52:58,225 |-INFO in ch.qos.logback.core.rolling.SizeAndTimeBasedFNATP@6b2fad11 - Setting initial period to Mon Jun 10 18:51:23 UTC 2019
18:52:58,225 |-WARN in ch.qos.logback.core.rolling.SizeAndTimeBasedFNATP@6b2fad11 - SizeAndTimeBasedFNATP is deprecated. Use SizeAndTimeBasedRollingPolicy instead
18:52:58,225 |-WARN in ch.qos.logback.core.rolling.SizeAndTimeBasedFNATP@6b2fad11 - For more information see http://logback.qos.ch/manual/appenders.html#SizeAndTimeBasedRollingPolicy
18:52:58,229 |-INFO in ch.qos.logback.core.joran.action.NestedComplexPropertyIA - Assuming default type [ch.qos.logback.classic.encoder.PatternLayoutEncoder] for [encoder] property
18:52:58,234 |-INFO in ch.qos.logback.core.rolling.RollingFileAppender[FILE] - Active log file name: /tmp/application.log
18:52:58,234 |-INFO in ch.qos.logback.core.rolling.RollingFileAppender[FILE] - File property is set to [/tmp/application.log]
18:52:58,235 |-INFO in ch.qos.logback.classic.joran.action.RootLoggerAction - Setting level of ROOT logger to WARN
18:52:58,235 |-INFO in ch.qos.logback.core.joran.action.AppenderRefAction - Attaching appender named [STDOUT] to Logger[ROOT]
18:52:58,237 |-INFO in ch.qos.logback.core.joran.action.AppenderRefAction - Attaching appender named [FILE] to Logger[ROOT]
18:52:58,237 |-INFO in ch.qos.logback.classic.joran.action.ConfigurationAction - End of configuration.
18:52:58,238 |-INFO in ch.qos.logback.classic.joran.JoranConfigurator@79698539 - Registering current configuration as safe fallback point

Ama winner
Ama winner
2019-06-10T18:52:59.531+0000: 1.758: [Full GC (Metadata GC Threshold) 2019-06-10T18:52:59.531+0000: 1.758: [Tenured: 0K->15241K(341376K), 0.0399398 secs] 117814K->15241K(494976K), [Metaspace: 20733K->20733K(1067008K)], 0.0400085 secs] [Times: user=0.04 sys=0.00, real=0.04 secs] 
18:53:18.549 [Curator-PathChildrenCache-2] WARN  o.a.c.u.ZKPaths  - The version of ZooKeeper being used doesn't support Container nodes. CreateMode.PERSISTENT will be used instead.
2019-06-10T18:53:20.889+0000: 23.116: [GC (Allocation Failure) 2019-06-10T18:53:20.889+0000: 23.116: [DefNew: 118194K->16790K(153600K), 0.0180179 secs] 133435K->32031K(494976K), 0.0181086 secs] [Times: user=0.02 sys=0.00, real=0.02 secs] 
2019-06-10T18:53:21.352+0000: 23.580: [Full GC (Metadata GC Threshold) 2019-06-10T18:53:21.352+0000: 23.580: [Tenured: 15241K->43419K(341376K), 0.0457730 secs] 69958K->43419K(494976K), [Metaspace: 34591K->34591K(1079296K)], 0.0458504 secs] [Times: user=0.04 sys=0.01, real=0.05 secs] 
2019-06-10T18:53:24.435+0000: 26.662: [GC (Allocation Failure) 2019-06-10T18:53:24.435+0000: 26.662: [DefNew: 136576K->188K(153600K), 0.0020963 secs] 179995K->43607K(494976K), 0.0021551 secs] [Times: user=0.00 sys=0.00, real=0.01 secs] 
2019-06-10T18:53:27.443+0000: 29.671: [GC (Allocation Failure) 2019-06-10T18:53:27.443+0000: 29.671: [DefNew: 136764K->204K(153600K), 0.0020277 secs] 180183K->43623K(494976K), 0.0020872 secs] [Times: user=0.00 sys=0.00, real=0.00 secs] 
2019-06-10T18:53:30.416+0000: 32.645: [GC (Allocation Failure) 2019-06-10T18:53:30.418+0000: 32.645: [DefNew: 136780K->238K(153600K), 0.0020646 secs] 180199K->43657K(494976K), 0.0033229 secs] [Times: user=0.00 sys=0.00, real=0.01 secs] 
2019-06-10T18:53:33.376+0000: 35.604: [GC (Allocation Failure) 2019-06-10T18:53:33.376+0000: 35.604: [DefNew: 136814K->240K(153600K), 0.0020897 secs] 180233K->43660K(494976K), 0.0021517 secs] [Times: user=0.00 sys=0.00, real=0.01 secs] 
2019-06-10T18:53:36.322+0000: 38.549: [GC (Allocation Failure) 2019-06-10T18:53:36.322+0000: 38.549: [DefNew: 136816K->240K(153600K), 0.0020844 secs] 180236K->43659K(494976K), 0.0021510 secs] [Times: user=0.00 sys=0.00, real=0.00 secs] 
2019-06-10T18:53:39.285+0000: 41.512: [GC (Allocation Failure) 2019-06-10T18:53:39.285+0000: 41.512: [DefNew: 136816K->242K(153600K), 0.0020388 secs] 180235K->43661K(494976K), 0.0021017 secs] [Times: user=0.00 sys=0.00, real=0.00 secs] 
2019-06-10T18:53:42.278+0000: 44.505: [GC (Allocation Failure) 2019-06-10T18:53:42.278+0000: 44.505: [DefNew: 136818K->241K(153600K), 0.0020346 secs] 180237K->43660K(494976K), 0.0020966 secs] [Times: user=0.00 sys=0.00, real=0.00 secs] 
2019-06-10T18:53:45.264+0000: 47.491: [GC (Allocation Failure) 2019-06-10T18:53:45.264+0000: 47.491: [DefNew: 136817K->241K(153600K), 0.0021632 secs] 180236K->43660K(494976K), 0.0022252 secs] [Times: user=0.00 sys=0.00, real=0.00 secs] 
18:53:51.896 [Curator-PathChildrenCache-0] ERROR o.a.c.f.r.c.PathChildrenCache  - 
java.lang.IllegalStateException: instance must be started before calling this method
	at org.apache.curator.shaded.com.google.common.base.Preconditions.checkState(Preconditions.java:444)
	at org.apache.curator.framework.imps.CuratorFrameworkImpl.getChildren(CuratorFrameworkImpl.java:456)
	at org.apache.curator.framework.recipes.cache.PathChildrenCache.refresh(PathChildrenCache.java:521)
	at org.apache.curator.framework.recipes.cache.RefreshOperation.invoke(RefreshOperation.java:35)
	at org.apache.curator.framework.recipes.cache.PathChildrenCache$9.run(PathChildrenCache.java:786)
	at java.util.concurrent.Executors$RunnableAdapter.call(Executors.java:511)
	at java.util.concurrent.FutureTask.run(FutureTask.java:266)
	at java.util.concurrent.Executors$RunnableAdapter.call(Executors.java:511)
	at java.util.concurrent.FutureTask.run(FutureTask.java:266)
	at java.util.concurrent.ThreadPoolExecutor.runWorker(ThreadPoolExecutor.java:1149)
	at java.util.concurrent.ThreadPoolExecutor$Worker.run(ThreadPoolExecutor.java:624)
	at java.lang.Thread.run(Thread.java:748)
Heap
 def new generation   total 153600K, used 74598K [0x00000000e0c00000, 0x00000000eb2a0000, 0x00000000eb2a0000)
  eden space 136576K,  54% used [0x00000000e0c00000, 0x00000000e549d2d8, 0x00000000e9160000)
  from space 17024K,   1% used [0x00000000ea200000, 0x00000000ea23c640, 0x00000000eb2a0000)
  to   space 17024K,   0% used [0x00000000e9160000, 0x00000000e9160000, 0x00000000ea200000)
 tenured generation   total 341376K, used 43419K [0x00000000eb2a0000, 0x0000000100000000, 0x0000000100000000)
   the space 341376K,  12% used [0x00000000eb2a0000, 0x00000000edd06cd0, 0x00000000edd06e00, 0x0000000100000000)
 Metaspace       used 36035K, capacity 37038K, committed 37120K, reserved 1081344K
  class space    used 4869K, capacity 5067K, committed 5120K, reserved 1048576K
