12:54:17,810 |-INFO in ch.qos.logback.classic.LoggerContext[default] - Could NOT find resource [logback-test.xml]
12:54:17,811 |-INFO in ch.qos.logback.classic.LoggerContext[default] - Could NOT find resource [logback.groovy]
12:54:17,811 |-INFO in ch.qos.logback.classic.LoggerContext[default] - Found resource [logback.xml] at [jar:file:/home/nikitasokolov/flamestream/lib/flamestream-runtime-1.0-SNAPSHOT.jar!/logback.xml]
12:54:17,811 |-WARN in ch.qos.logback.classic.LoggerContext[default] - Resource [logback.xml] occurs multiple times on the classpath.
12:54:17,812 |-WARN in ch.qos.logback.classic.LoggerContext[default] - Resource [logback.xml] occurs at [jar:file:/home/nikitasokolov/flamestream/lib/flamestream-runtime-1.0-SNAPSHOT.jar!/logback.xml]
12:54:17,812 |-WARN in ch.qos.logback.classic.LoggerContext[default] - Resource [logback.xml] occurs at [jar:file:/home/nikitasokolov/flamestream/flamestream-runtime-1.0-SNAPSHOT.jar!/logback.xml]
12:54:17,828 |-INFO in ch.qos.logback.core.joran.spi.ConfigurationWatchList@6108b2d7 - URL [jar:file:/home/nikitasokolov/flamestream/lib/flamestream-runtime-1.0-SNAPSHOT.jar!/logback.xml] is not of type file
12:54:17,877 |-INFO in ch.qos.logback.classic.joran.action.ConfigurationAction - debug attribute not set
12:54:17,878 |-INFO in ch.qos.logback.core.joran.action.AppenderAction - About to instantiate appender of type [ch.qos.logback.core.ConsoleAppender]
12:54:17,886 |-INFO in ch.qos.logback.core.joran.action.AppenderAction - Naming appender as [STDOUT]
12:54:17,894 |-INFO in ch.qos.logback.core.joran.action.NestedComplexPropertyIA - Assuming default type [ch.qos.logback.classic.encoder.PatternLayoutEncoder] for [encoder] property
12:54:17,951 |-INFO in ch.qos.logback.core.joran.action.AppenderAction - About to instantiate appender of type [ch.qos.logback.core.rolling.RollingFileAppender]
12:54:17,956 |-INFO in ch.qos.logback.core.joran.action.AppenderAction - Naming appender as [FILE]
12:54:17,978 |-INFO in c.q.l.core.rolling.TimeBasedRollingPolicy@357863579 - No compression will be used
12:54:17,979 |-INFO in c.q.l.core.rolling.TimeBasedRollingPolicy@357863579 - Will use the pattern /tmp/application_%d{yyyy-MM-dd}.%i.log for the active file
12:54:17,982 |-INFO in ch.qos.logback.core.rolling.SizeAndTimeBasedFNATP@6bf256fa - The date pattern is 'yyyy-MM-dd' from file name pattern '/tmp/application_%d{yyyy-MM-dd}.%i.log'.
12:54:17,982 |-INFO in ch.qos.logback.core.rolling.SizeAndTimeBasedFNATP@6bf256fa - Roll-over at midnight.
12:54:17,986 |-INFO in ch.qos.logback.core.rolling.SizeAndTimeBasedFNATP@6bf256fa - Setting initial period to Sun Jun 09 12:53:36 MSK 2019
12:54:17,986 |-WARN in ch.qos.logback.core.rolling.SizeAndTimeBasedFNATP@6bf256fa - SizeAndTimeBasedFNATP is deprecated. Use SizeAndTimeBasedRollingPolicy instead
12:54:17,986 |-WARN in ch.qos.logback.core.rolling.SizeAndTimeBasedFNATP@6bf256fa - For more information see http://logback.qos.ch/manual/appenders.html#SizeAndTimeBasedRollingPolicy
12:54:17,991 |-INFO in ch.qos.logback.core.joran.action.NestedComplexPropertyIA - Assuming default type [ch.qos.logback.classic.encoder.PatternLayoutEncoder] for [encoder] property
12:54:17,994 |-INFO in ch.qos.logback.core.rolling.RollingFileAppender[FILE] - Active log file name: /tmp/application.log
12:54:17,994 |-INFO in ch.qos.logback.core.rolling.RollingFileAppender[FILE] - File property is set to [/tmp/application.log]
12:54:17,996 |-INFO in ch.qos.logback.classic.joran.action.RootLoggerAction - Setting level of ROOT logger to WARN
12:54:17,996 |-INFO in ch.qos.logback.core.joran.action.AppenderRefAction - Attaching appender named [STDOUT] to Logger[ROOT]
12:54:17,996 |-INFO in ch.qos.logback.core.joran.action.AppenderRefAction - Attaching appender named [FILE] to Logger[ROOT]
12:54:17,996 |-INFO in ch.qos.logback.classic.joran.action.ConfigurationAction - End of configuration.
12:54:17,997 |-INFO in ch.qos.logback.classic.joran.JoranConfigurator@6cd8737 - Registering current configuration as safe fallback point

2019-06-09T12:54:18.981+0300: 1.369: [GC (Metadata GC Threshold) [PSYoungGen: 108151K->15747K(149504K)] 108151K->15827K(491008K), 0.0191238 secs] [Times: user=0.05 sys=0.02, real=0.02 secs] 
2019-06-09T12:54:19.000+0300: 1.389: [Full GC (Metadata GC Threshold) [PSYoungGen: 15747K->0K(149504K)] [ParOldGen: 80K->14981K(341504K)] 15827K->14981K(491008K), [Metaspace: 20800K->20800K(1067008K)], 0.0255552 secs] [Times: user=0.13 sys=0.01, real=0.02 secs] 
12:54:31.015 [Curator-PathChildrenCache-1] WARN  o.a.c.u.ZKPaths  - The version of ZooKeeper being used doesn't support Container nodes. CreateMode.PERSISTENT will be used instead.
2019-06-09T12:54:31.932+0300: 14.320: [GC (Metadata GC Threshold) [PSYoungGen: 125015K->15664K(149504K)] 139997K->50185K(491008K), 0.0268831 secs] [Times: user=0.23 sys=0.03, real=0.03 secs] 
2019-06-09T12:54:31.959+0300: 14.347: [Full GC (Metadata GC Threshold) [PSYoungGen: 15664K->0K(149504K)] [ParOldGen: 34521K->38769K(341504K)] 50185K->38769K(491008K), [Metaspace: 34549K->34549K(1079296K)], 0.0354488 secs] [Times: user=0.20 sys=0.02, real=0.03 secs] 
2019-06-09T12:54:34.876+0300: 17.264: [GC (Allocation Failure) [PSYoungGen: 128512K->352K(149504K)] 167281K->39129K(491008K), 0.0040200 secs] [Times: user=0.03 sys=0.00, real=0.01 secs] 
2019-06-09T12:54:38.348+0300: 20.737: [GC (Allocation Failure) [PSYoungGen: 128864K->416K(149504K)] 167641K->39201K(491008K), 0.0030886 secs] [Times: user=0.02 sys=0.00, real=0.01 secs] 
2019-06-09T12:54:41.947+0300: 24.335: [GC (Allocation Failure) [PSYoungGen: 128928K->448K(149504K)] 167713K->39233K(491008K), 0.0057743 secs] [Times: user=0.05 sys=0.00, real=0.01 secs] 
2019-06-09T12:54:45.519+0300: 27.907: [GC (Allocation Failure) [PSYoungGen: 128960K->352K(150016K)] 167745K->39145K(491520K), 0.0025385 secs] [Times: user=0.01 sys=0.00, real=0.00 secs] 
2019-06-09T12:54:49.148+0300: 31.536: [GC (Allocation Failure) [PSYoungGen: 129376K->352K(149504K)] 168169K->39153K(491008K), 0.0024957 secs] [Times: user=0.01 sys=0.00, real=0.01 secs] 
2019-06-09T12:54:52.712+0300: 35.100: [GC (Allocation Failure) [PSYoungGen: 129376K->352K(152064K)] 168177K->39161K(493568K), 0.0030447 secs] [Times: user=0.02 sys=0.00, real=0.00 secs] 
2019-06-09T12:54:56.454+0300: 38.842: [GC (Allocation Failure) [PSYoungGen: 132960K->416K(151040K)] 171769K->39225K(492544K), 0.0048588 secs] [Times: user=0.03 sys=0.00, real=0.01 secs] 
2019-06-09T12:55:00.207+0300: 42.595: [GC (Allocation Failure) [PSYoungGen: 133024K->352K(153600K)] 171833K->39161K(495104K), 0.0022443 secs] [Times: user=0.01 sys=0.00, real=0.00 secs] 
2019-06-09T12:55:12.343+0300: 54.731: [GC (Allocation Failure) [PSYoungGen: 136032K->512K(152576K)] 174841K->39321K(494080K), 0.0029814 secs] [Times: user=0.01 sys=0.01, real=0.00 secs] 
12:55:12.392 [Curator-PathChildrenCache-0] ERROR o.a.c.f.r.c.PathChildrenCache  - 
java.lang.IllegalStateException: instance must be started before calling this method
	at org.apache.curator.shaded.com.google.common.base.Preconditions.checkState(Preconditions.java:444)
	at org.apache.curator.framework.imps.CuratorFrameworkImpl.getChildren(CuratorFrameworkImpl.java:456)
	at org.apache.curator.framework.recipes.cache.PathChildrenCache.refresh(PathChildrenCache.java:521)
	at org.apache.curator.framework.recipes.cache.RefreshOperation.invoke(RefreshOperation.java:35)
	at org.apache.curator.framework.recipes.cache.PathChildrenCache$9.run(PathChildrenCache.java:786)
	at java.util.concurrent.Executors$RunnableAdapter.call(Executors.java:511)
	at java.util.concurrent.FutureTask.run(FutureTask.java:266)
	at java.util.concurrent.Executors$RunnableAdapter.call(Executors.java:511)
	at java.util.concurrent.FutureTask.run(FutureTask.java:266)
	at java.util.concurrent.ThreadPoolExecutor.runWorker(ThreadPoolExecutor.java:1149)
	at java.util.concurrent.ThreadPoolExecutor$Worker.run(ThreadPoolExecutor.java:624)
	at java.lang.Thread.run(Thread.java:748)
Heap
 PSYoungGen      total 152576K, used 12333K [0x00000000f5980000, 0x0000000100000000, 0x0000000100000000)
  eden space 135680K, 8% used [0x00000000f5980000,0x00000000f650b478,0x00000000fde00000)
  from space 16896K, 3% used [0x00000000fde00000,0x00000000fde80000,0x00000000fee80000)
  to   space 16384K, 0% used [0x00000000ff000000,0x00000000ff000000,0x0000000100000000)
 ParOldGen       total 341504K, used 38809K [0x00000000e0c00000, 0x00000000f5980000, 0x00000000f5980000)
  object space 341504K, 11% used [0x00000000e0c00000,0x00000000e31e6778,0x00000000f5980000)
 Metaspace       used 35708K, capacity 36542K, committed 36952K, reserved 1081344K
  class space    used 4936K, capacity 5129K, committed 5248K, reserved 1048576K
