17:22:20,730 |-INFO in ch.qos.logback.classic.LoggerContext[default] - Could NOT find resource [logback-test.xml]
17:22:20,730 |-INFO in ch.qos.logback.classic.LoggerContext[default] - Could NOT find resource [logback.groovy]
17:22:20,730 |-INFO in ch.qos.logback.classic.LoggerContext[default] - Found resource [logback.xml] at [jar:file:/root/flamestream/lib/flamestream-runtime-1.0-SNAPSHOT.jar!/logback.xml]
17:22:20,731 |-WARN in ch.qos.logback.classic.LoggerContext[default] - Resource [logback.xml] occurs multiple times on the classpath.
17:22:20,736 |-WARN in ch.qos.logback.classic.LoggerContext[default] - Resource [logback.xml] occurs at [jar:file:/root/flamestream/lib/flamestream-runtime-1.0-SNAPSHOT.jar!/logback.xml]
17:22:20,736 |-WARN in ch.qos.logback.classic.LoggerContext[default] - Resource [logback.xml] occurs at [jar:file:/root/flamestream/flamestream-runtime-1.0-SNAPSHOT.jar!/logback.xml]
17:22:20,754 |-INFO in ch.qos.logback.core.joran.spi.ConfigurationWatchList@3fb6a447 - URL [jar:file:/root/flamestream/lib/flamestream-runtime-1.0-SNAPSHOT.jar!/logback.xml] is not of type file
17:22:20,829 |-INFO in ch.qos.logback.classic.joran.action.ConfigurationAction - debug attribute not set
17:22:20,830 |-INFO in ch.qos.logback.core.joran.action.AppenderAction - About to instantiate appender of type [ch.qos.logback.core.ConsoleAppender]
17:22:20,842 |-INFO in ch.qos.logback.core.joran.action.AppenderAction - Naming appender as [STDOUT]
17:22:20,860 |-INFO in ch.qos.logback.core.joran.action.NestedComplexPropertyIA - Assuming default type [ch.qos.logback.classic.encoder.PatternLayoutEncoder] for [encoder] property
17:22:20,943 |-INFO in ch.qos.logback.core.joran.action.AppenderAction - About to instantiate appender of type [ch.qos.logback.core.rolling.RollingFileAppender]
17:22:20,948 |-INFO in ch.qos.logback.core.joran.action.AppenderAction - Naming appender as [FILE]
17:22:20,980 |-INFO in c.q.l.core.rolling.TimeBasedRollingPolicy@127618319 - No compression will be used
17:22:20,981 |-INFO in c.q.l.core.rolling.TimeBasedRollingPolicy@127618319 - Will use the pattern /tmp/application_%d{yyyy-MM-dd}.%i.log for the active file
17:22:20,984 |-INFO in ch.qos.logback.core.rolling.SizeAndTimeBasedFNATP@6b2fad11 - The date pattern is 'yyyy-MM-dd' from file name pattern '/tmp/application_%d{yyyy-MM-dd}.%i.log'.
17:22:20,984 |-INFO in ch.qos.logback.core.rolling.SizeAndTimeBasedFNATP@6b2fad11 - Roll-over at midnight.
17:22:20,989 |-INFO in ch.qos.logback.core.rolling.SizeAndTimeBasedFNATP@6b2fad11 - Setting initial period to Mon Jun 10 17:20:53 UTC 2019
17:22:20,989 |-WARN in ch.qos.logback.core.rolling.SizeAndTimeBasedFNATP@6b2fad11 - SizeAndTimeBasedFNATP is deprecated. Use SizeAndTimeBasedRollingPolicy instead
17:22:20,989 |-WARN in ch.qos.logback.core.rolling.SizeAndTimeBasedFNATP@6b2fad11 - For more information see http://logback.qos.ch/manual/appenders.html#SizeAndTimeBasedRollingPolicy
17:22:20,993 |-INFO in ch.qos.logback.core.joran.action.NestedComplexPropertyIA - Assuming default type [ch.qos.logback.classic.encoder.PatternLayoutEncoder] for [encoder] property
17:22:20,998 |-INFO in ch.qos.logback.core.rolling.RollingFileAppender[FILE] - Active log file name: /tmp/application.log
17:22:20,998 |-INFO in ch.qos.logback.core.rolling.RollingFileAppender[FILE] - File property is set to [/tmp/application.log]
17:22:20,999 |-INFO in ch.qos.logback.classic.joran.action.RootLoggerAction - Setting level of ROOT logger to WARN
17:22:20,999 |-INFO in ch.qos.logback.core.joran.action.AppenderRefAction - Attaching appender named [STDOUT] to Logger[ROOT]
17:22:21,001 |-INFO in ch.qos.logback.core.joran.action.AppenderRefAction - Attaching appender named [FILE] to Logger[ROOT]
17:22:21,001 |-INFO in ch.qos.logback.classic.joran.action.ConfigurationAction - End of configuration.
17:22:21,001 |-INFO in ch.qos.logback.classic.joran.JoranConfigurator@79698539 - Registering current configuration as safe fallback point

Ama winner
Ama winner
2019-06-10T17:22:22.268+0000: 1.717: [Full GC (Metadata GC Threshold) 2019-06-10T17:22:22.268+0000: 1.717: [Tenured: 0K->15241K(341376K), 0.0396450 secs] 117751K->15241K(494976K), [Metaspace: 20741K->20741K(1067008K)], 0.0397141 secs] [Times: user=0.03 sys=0.01, real=0.04 secs] 
17:22:44.929 [Curator-PathChildrenCache-2] WARN  o.a.c.u.ZKPaths  - The version of ZooKeeper being used doesn't support Container nodes. CreateMode.PERSISTENT will be used instead.
2019-06-10T17:22:47.086+0000: 26.535: [GC (Allocation Failure) 2019-06-10T17:22:47.086+0000: 26.535: [DefNew: 117707K->17023K(153600K), 0.0182357 secs] 132948K->33209K(494976K), 0.0183056 secs] [Times: user=0.01 sys=0.01, real=0.02 secs] 
2019-06-10T17:22:47.557+0000: 27.006: [Full GC (Metadata GC Threshold) 2019-06-10T17:22:47.557+0000: 27.006: [Tenured: 16185K->44656K(341376K), 0.0805929 secs] 74138K->44656K(494976K), [Metaspace: 34617K->34617K(1079296K)], 0.0807011 secs] [Times: user=0.07 sys=0.01, real=0.08 secs] 
2019-06-10T17:22:50.669+0000: 30.118: [GC (Allocation Failure) 2019-06-10T17:22:50.669+0000: 30.118: [DefNew: 136576K->200K(153600K), 0.0024258 secs] 181232K->44857K(494976K), 0.0024879 secs] [Times: user=0.01 sys=0.00, real=0.01 secs] 
2019-06-10T17:22:53.709+0000: 33.158: [GC (Allocation Failure) 2019-06-10T17:22:53.709+0000: 33.158: [DefNew: 136776K->220K(153600K), 0.0020964 secs] 181433K->44877K(494976K), 0.0021583 secs] [Times: user=0.00 sys=0.00, real=0.01 secs] 
2019-06-10T17:22:56.672+0000: 36.121: [GC (Allocation Failure) 2019-06-10T17:22:56.672+0000: 36.121: [DefNew: 136796K->217K(153600K), 0.0021203 secs] 181453K->44874K(494976K), 0.0021820 secs] [Times: user=0.01 sys=0.00, real=0.00 secs] 
2019-06-10T17:22:59.613+0000: 39.062: [GC (Allocation Failure) 2019-06-10T17:22:59.613+0000: 39.062: [DefNew: 136793K->219K(153600K), 0.0020899 secs] 181450K->44876K(494976K), 0.0021506 secs] [Times: user=0.00 sys=0.00, real=0.00 secs] 
2019-06-10T17:23:02.579+0000: 42.028: [GC (Allocation Failure) 2019-06-10T17:23:02.579+0000: 42.028: [DefNew: 136795K->219K(153600K), 0.0020631 secs] 181452K->44875K(494976K), 0.0021251 secs] [Times: user=0.00 sys=0.00, real=0.00 secs] 
2019-06-10T17:23:05.612+0000: 45.061: [GC (Allocation Failure) 2019-06-10T17:23:05.612+0000: 45.061: [DefNew: 136795K->230K(153600K), 0.0020767 secs] 181451K->44887K(494976K), 0.0021370 secs] [Times: user=0.00 sys=0.00, real=0.00 secs] 
2019-06-10T17:23:14.086+0000: 53.535: [GC (Allocation Failure) 2019-06-10T17:23:14.086+0000: 53.535: [DefNew: 136806K->402K(153600K), 0.0027327 secs] 181463K->45059K(494976K), 0.0028032 secs] [Times: user=0.00 sys=0.00, real=0.00 secs] 
17:23:14.120 [Curator-PathChildrenCache-0] ERROR o.a.c.f.r.c.PathChildrenCache  - 
java.lang.IllegalStateException: instance must be started before calling this method
	at org.apache.curator.shaded.com.google.common.base.Preconditions.checkState(Preconditions.java:444)
	at org.apache.curator.framework.imps.CuratorFrameworkImpl.getChildren(CuratorFrameworkImpl.java:456)
	at org.apache.curator.framework.recipes.cache.PathChildrenCache.refresh(PathChildrenCache.java:521)
	at org.apache.curator.framework.recipes.cache.RefreshOperation.invoke(RefreshOperation.java:35)
	at org.apache.curator.framework.recipes.cache.PathChildrenCache$9.run(PathChildrenCache.java:786)
	at java.util.concurrent.Executors$RunnableAdapter.call(Executors.java:511)
	at java.util.concurrent.FutureTask.run(FutureTask.java:266)
	at java.util.concurrent.Executors$RunnableAdapter.call(Executors.java:511)
	at java.util.concurrent.FutureTask.run(FutureTask.java:266)
	at java.util.concurrent.ThreadPoolExecutor.runWorker(ThreadPoolExecutor.java:1149)
	at java.util.concurrent.ThreadPoolExecutor$Worker.run(ThreadPoolExecutor.java:624)
	at java.lang.Thread.run(Thread.java:748)
Heap
 def new generation   total 153600K, used 16360K [0x00000000e0c00000, 0x00000000eb2a0000, 0x00000000eb2a0000)
  eden space 136576K,  11% used [0x00000000e0c00000, 0x00000000e1b95640, 0x00000000e9160000)
  from space 17024K,   2% used [0x00000000e9160000, 0x00000000e91c4a68, 0x00000000ea200000)
  to   space 17024K,   0% used [0x00000000ea200000, 0x00000000ea200000, 0x00000000eb2a0000)
 tenured generation   total 341376K, used 44656K [0x00000000eb2a0000, 0x0000000100000000, 0x0000000100000000)
   the space 341376K,  13% used [0x00000000eb2a0000, 0x00000000ede3c398, 0x00000000ede3c400, 0x0000000100000000)
 Metaspace       used 35902K, capacity 36872K, committed 37120K, reserved 1081344K
  class space    used 4858K, capacity 5060K, committed 5120K, reserved 1048576K
