11:23:15,152 |-INFO in ch.qos.logback.classic.LoggerContext[default] - Could NOT find resource [logback-test.xml]
11:23:15,152 |-INFO in ch.qos.logback.classic.LoggerContext[default] - Could NOT find resource [logback.groovy]
11:23:15,152 |-INFO in ch.qos.logback.classic.LoggerContext[default] - Found resource [logback.xml] at [jar:file:/home/nikitasokolov/flamestream/lib/flamestream-runtime-1.0-SNAPSHOT.jar!/logback.xml]
11:23:15,153 |-WARN in ch.qos.logback.classic.LoggerContext[default] - Resource [logback.xml] occurs multiple times on the classpath.
11:23:15,153 |-WARN in ch.qos.logback.classic.LoggerContext[default] - Resource [logback.xml] occurs at [jar:file:/home/nikitasokolov/flamestream/lib/flamestream-runtime-1.0-SNAPSHOT.jar!/logback.xml]
11:23:15,153 |-WARN in ch.qos.logback.classic.LoggerContext[default] - Resource [logback.xml] occurs at [jar:file:/home/nikitasokolov/flamestream/flamestream-runtime-1.0-SNAPSHOT.jar!/logback.xml]
11:23:15,169 |-INFO in ch.qos.logback.core.joran.spi.ConfigurationWatchList@6108b2d7 - URL [jar:file:/home/nikitasokolov/flamestream/lib/flamestream-runtime-1.0-SNAPSHOT.jar!/logback.xml] is not of type file
11:23:15,219 |-INFO in ch.qos.logback.classic.joran.action.ConfigurationAction - debug attribute not set
11:23:15,220 |-INFO in ch.qos.logback.core.joran.action.AppenderAction - About to instantiate appender of type [ch.qos.logback.core.ConsoleAppender]
11:23:15,228 |-INFO in ch.qos.logback.core.joran.action.AppenderAction - Naming appender as [STDOUT]
11:23:15,237 |-INFO in ch.qos.logback.core.joran.action.NestedComplexPropertyIA - Assuming default type [ch.qos.logback.classic.encoder.PatternLayoutEncoder] for [encoder] property
11:23:15,291 |-INFO in ch.qos.logback.core.joran.action.AppenderAction - About to instantiate appender of type [ch.qos.logback.core.rolling.RollingFileAppender]
11:23:15,297 |-INFO in ch.qos.logback.core.joran.action.AppenderAction - Naming appender as [FILE]
11:23:15,323 |-INFO in c.q.l.core.rolling.TimeBasedRollingPolicy@357863579 - No compression will be used
11:23:15,324 |-INFO in c.q.l.core.rolling.TimeBasedRollingPolicy@357863579 - Will use the pattern /tmp/application_%d{yyyy-MM-dd}.%i.log for the active file
11:23:15,327 |-INFO in ch.qos.logback.core.rolling.SizeAndTimeBasedFNATP@6bf256fa - The date pattern is 'yyyy-MM-dd' from file name pattern '/tmp/application_%d{yyyy-MM-dd}.%i.log'.
11:23:15,327 |-INFO in ch.qos.logback.core.rolling.SizeAndTimeBasedFNATP@6bf256fa - Roll-over at midnight.
11:23:15,331 |-INFO in ch.qos.logback.core.rolling.SizeAndTimeBasedFNATP@6bf256fa - Setting initial period to Sun Jun 09 11:22:25 MSK 2019
11:23:15,331 |-WARN in ch.qos.logback.core.rolling.SizeAndTimeBasedFNATP@6bf256fa - SizeAndTimeBasedFNATP is deprecated. Use SizeAndTimeBasedRollingPolicy instead
11:23:15,331 |-WARN in ch.qos.logback.core.rolling.SizeAndTimeBasedFNATP@6bf256fa - For more information see http://logback.qos.ch/manual/appenders.html#SizeAndTimeBasedRollingPolicy
11:23:15,336 |-INFO in ch.qos.logback.core.joran.action.NestedComplexPropertyIA - Assuming default type [ch.qos.logback.classic.encoder.PatternLayoutEncoder] for [encoder] property
11:23:15,339 |-INFO in ch.qos.logback.core.rolling.RollingFileAppender[FILE] - Active log file name: /tmp/application.log
11:23:15,339 |-INFO in ch.qos.logback.core.rolling.RollingFileAppender[FILE] - File property is set to [/tmp/application.log]
11:23:15,340 |-INFO in ch.qos.logback.classic.joran.action.RootLoggerAction - Setting level of ROOT logger to WARN
11:23:15,340 |-INFO in ch.qos.logback.core.joran.action.AppenderRefAction - Attaching appender named [STDOUT] to Logger[ROOT]
11:23:15,340 |-INFO in ch.qos.logback.core.joran.action.AppenderRefAction - Attaching appender named [FILE] to Logger[ROOT]
11:23:15,340 |-INFO in ch.qos.logback.classic.joran.action.ConfigurationAction - End of configuration.
11:23:15,341 |-INFO in ch.qos.logback.classic.joran.JoranConfigurator@6cd8737 - Registering current configuration as safe fallback point

2019-06-09T11:23:16.359+0300: 1.408: [GC (Metadata GC Threshold) [PSYoungGen: 108151K->15945K(149504K)] 108151K->16025K(491008K), 0.0248268 secs] [Times: user=0.08 sys=0.04, real=0.02 secs] 
2019-06-09T11:23:16.384+0300: 1.433: [Full GC (Metadata GC Threshold) [PSYoungGen: 15945K->0K(149504K)] [ParOldGen: 80K->15078K(341504K)] 16025K->15078K(491008K), [Metaspace: 20802K->20802K(1067008K)], 0.0266967 secs] [Times: user=0.17 sys=0.00, real=0.03 secs] 
11:23:27.988 [Curator-PathChildrenCache-1] WARN  o.a.c.u.ZKPaths  - The version of ZooKeeper being used doesn't support Container nodes. CreateMode.PERSISTENT will be used instead.
2019-06-09T11:23:28.858+0300: 13.907: [GC (Metadata GC Threshold) [PSYoungGen: 122732K->15778K(149504K)] 137811K->50396K(491008K), 0.0323442 secs] [Times: user=0.28 sys=0.02, real=0.03 secs] 
2019-06-09T11:23:28.890+0300: 13.940: [Full GC (Metadata GC Threshold) [PSYoungGen: 15778K->0K(149504K)] [ParOldGen: 34617K->38712K(341504K)] 50396K->38712K(491008K), [Metaspace: 34515K->34515K(1079296K)], 0.0525051 secs] [Times: user=0.40 sys=0.01, real=0.05 secs] 
2019-06-09T11:23:33.954+0300: 19.003: [GC (Allocation Failure) [PSYoungGen: 128512K->384K(149504K)] 167224K->39104K(491008K), 0.0045290 secs] [Times: user=0.03 sys=0.01, real=0.01 secs] 
2019-06-09T11:23:39.429+0300: 24.479: [GC (Allocation Failure) [PSYoungGen: 128896K->576K(149504K)] 167616K->39304K(491008K), 0.0042572 secs] [Times: user=0.01 sys=0.01, real=0.01 secs] 
2019-06-09T11:23:45.053+0300: 30.102: [GC (Allocation Failure) [PSYoungGen: 129088K->512K(129536K)] 167816K->39248K(471040K), 0.0591634 secs] [Times: user=0.02 sys=0.02, real=0.06 secs] 
2019-06-09T11:23:50.640+0300: 35.689: [GC (Allocation Failure) [PSYoungGen: 129024K->672K(150016K)] 167760K->39416K(491520K), 0.0031080 secs] [Times: user=0.01 sys=0.00, real=0.00 secs] 
2019-06-09T11:23:56.306+0300: 41.355: [GC (Allocation Failure) [PSYoungGen: 129184K->736K(148992K)] 167928K->39488K(490496K), 0.0721941 secs] [Times: user=0.03 sys=0.00, real=0.08 secs] 
2019-06-09T11:24:01.984+0300: 47.094: [GC (Allocation Failure) [PSYoungGen: 129248K->640K(151552K)] 168000K->39400K(493056K), 0.0628203 secs] [Times: user=0.01 sys=0.01, real=0.06 secs] 
2019-06-09T11:24:07.812+0300: 52.861: [GC (Allocation Failure) [PSYoungGen: 132736K->672K(151040K)] 171496K->39432K(492544K), 0.0041717 secs] [Times: user=0.03 sys=0.00, real=0.00 secs] 
2019-06-09T11:24:13.646+0300: 58.695: [GC (Allocation Failure) [PSYoungGen: 132768K->672K(153600K)] 171528K->39432K(495104K), 0.0090327 secs] [Times: user=0.08 sys=0.01, real=0.01 secs] 
2019-06-09T11:24:20.263+0300: 65.312: [GC (Allocation Failure) [PSYoungGen: 136352K->951K(152576K)] 175112K->39719K(494080K), 0.0037101 secs] [Times: user=0.02 sys=0.01, real=0.00 secs] 
11:24:33.108 [Curator-PathChildrenCache-0] ERROR o.a.c.f.r.c.PathChildrenCache  - 
java.lang.IllegalStateException: instance must be started before calling this method
	at org.apache.curator.shaded.com.google.common.base.Preconditions.checkState(Preconditions.java:444)
	at org.apache.curator.framework.imps.CuratorFrameworkImpl.getChildren(CuratorFrameworkImpl.java:456)
	at org.apache.curator.framework.recipes.cache.PathChildrenCache.refresh(PathChildrenCache.java:521)
	at org.apache.curator.framework.recipes.cache.RefreshOperation.invoke(RefreshOperation.java:35)
	at org.apache.curator.framework.recipes.cache.PathChildrenCache$9.run(PathChildrenCache.java:786)
	at java.util.concurrent.Executors$RunnableAdapter.call(Executors.java:511)
	at java.util.concurrent.FutureTask.run(FutureTask.java:266)
	at java.util.concurrent.Executors$RunnableAdapter.call(Executors.java:511)
	at java.util.concurrent.FutureTask.run(FutureTask.java:266)
	at java.util.concurrent.ThreadPoolExecutor.runWorker(ThreadPoolExecutor.java:1149)
	at java.util.concurrent.ThreadPoolExecutor$Worker.run(ThreadPoolExecutor.java:624)
	at java.lang.Thread.run(Thread.java:748)
Heap
 PSYoungGen      total 152576K, used 97070K [0x00000000f5980000, 0x0000000100000000, 0x0000000100000000)
  eden space 135680K, 70% used [0x00000000f5980000,0x00000000fb75db88,0x00000000fde00000)
  from space 16896K, 5% used [0x00000000fde00000,0x00000000fdeedd40,0x00000000fee80000)
  to   space 16384K, 0% used [0x00000000ff000000,0x00000000ff000000,0x0000000100000000)
 ParOldGen       total 341504K, used 38768K [0x00000000e0c00000, 0x00000000f5980000, 0x00000000f5980000)
  object space 341504K, 11% used [0x00000000e0c00000,0x00000000e31dc0b0,0x00000000f5980000)
 Metaspace       used 36118K, capacity 36948K, committed 37208K, reserved 1081344K
  class space    used 4983K, capacity 5170K, committed 5248K, reserved 1048576K
