13:08:51,205 |-INFO in ch.qos.logback.classic.LoggerContext[default] - Could NOT find resource [logback-test.xml]
13:08:51,206 |-INFO in ch.qos.logback.classic.LoggerContext[default] - Could NOT find resource [logback.groovy]
13:08:51,206 |-INFO in ch.qos.logback.classic.LoggerContext[default] - Found resource [logback.xml] at [jar:file:/root/flamestream/lib/flamestream-runtime-1.0-SNAPSHOT.jar!/logback.xml]
13:08:51,208 |-WARN in ch.qos.logback.classic.LoggerContext[default] - Resource [logback.xml] occurs multiple times on the classpath.
13:08:51,208 |-WARN in ch.qos.logback.classic.LoggerContext[default] - Resource [logback.xml] occurs at [jar:file:/root/flamestream/lib/flamestream-runtime-1.0-SNAPSHOT.jar!/logback.xml]
13:08:51,208 |-WARN in ch.qos.logback.classic.LoggerContext[default] - Resource [logback.xml] occurs at [jar:file:/root/flamestream/flamestream-runtime-1.0-SNAPSHOT.jar!/logback.xml]
13:08:51,228 |-INFO in ch.qos.logback.core.joran.spi.ConfigurationWatchList@3fb6a447 - URL [jar:file:/root/flamestream/lib/flamestream-runtime-1.0-SNAPSHOT.jar!/logback.xml] is not of type file
13:08:51,301 |-INFO in ch.qos.logback.classic.joran.action.ConfigurationAction - debug attribute not set
13:08:51,301 |-INFO in ch.qos.logback.core.joran.action.AppenderAction - About to instantiate appender of type [ch.qos.logback.core.ConsoleAppender]
13:08:51,319 |-INFO in ch.qos.logback.core.joran.action.AppenderAction - Naming appender as [STDOUT]
13:08:51,337 |-INFO in ch.qos.logback.core.joran.action.NestedComplexPropertyIA - Assuming default type [ch.qos.logback.classic.encoder.PatternLayoutEncoder] for [encoder] property
13:08:51,423 |-INFO in ch.qos.logback.core.joran.action.AppenderAction - About to instantiate appender of type [ch.qos.logback.core.rolling.RollingFileAppender]
13:08:51,428 |-INFO in ch.qos.logback.core.joran.action.AppenderAction - Naming appender as [FILE]
13:08:51,459 |-INFO in c.q.l.core.rolling.TimeBasedRollingPolicy@127618319 - No compression will be used
13:08:51,460 |-INFO in c.q.l.core.rolling.TimeBasedRollingPolicy@127618319 - Will use the pattern /tmp/application_%d{yyyy-MM-dd}.%i.log for the active file
13:08:51,463 |-INFO in ch.qos.logback.core.rolling.SizeAndTimeBasedFNATP@6b2fad11 - The date pattern is 'yyyy-MM-dd' from file name pattern '/tmp/application_%d{yyyy-MM-dd}.%i.log'.
13:08:51,463 |-INFO in ch.qos.logback.core.rolling.SizeAndTimeBasedFNATP@6b2fad11 - Roll-over at midnight.
13:08:51,469 |-INFO in ch.qos.logback.core.rolling.SizeAndTimeBasedFNATP@6b2fad11 - Setting initial period to Mon Jun 10 13:07:36 UTC 2019
13:08:51,469 |-WARN in ch.qos.logback.core.rolling.SizeAndTimeBasedFNATP@6b2fad11 - SizeAndTimeBasedFNATP is deprecated. Use SizeAndTimeBasedRollingPolicy instead
13:08:51,469 |-WARN in ch.qos.logback.core.rolling.SizeAndTimeBasedFNATP@6b2fad11 - For more information see http://logback.qos.ch/manual/appenders.html#SizeAndTimeBasedRollingPolicy
13:08:51,472 |-INFO in ch.qos.logback.core.joran.action.NestedComplexPropertyIA - Assuming default type [ch.qos.logback.classic.encoder.PatternLayoutEncoder] for [encoder] property
13:08:51,477 |-INFO in ch.qos.logback.core.rolling.RollingFileAppender[FILE] - Active log file name: /tmp/application.log
13:08:51,478 |-INFO in ch.qos.logback.core.rolling.RollingFileAppender[FILE] - File property is set to [/tmp/application.log]
13:08:51,478 |-INFO in ch.qos.logback.classic.joran.action.RootLoggerAction - Setting level of ROOT logger to WARN
13:08:51,478 |-INFO in ch.qos.logback.core.joran.action.AppenderRefAction - Attaching appender named [STDOUT] to Logger[ROOT]
13:08:51,480 |-INFO in ch.qos.logback.core.joran.action.AppenderRefAction - Attaching appender named [FILE] to Logger[ROOT]
13:08:51,480 |-INFO in ch.qos.logback.classic.joran.action.ConfigurationAction - End of configuration.
13:08:51,481 |-INFO in ch.qos.logback.classic.joran.JoranConfigurator@79698539 - Registering current configuration as safe fallback point

Ama winner
Ama winner
2019-06-10T13:08:52.846+0000: 1.829: [Full GC (Metadata GC Threshold) 2019-06-10T13:08:52.846+0000: 1.829: [Tenured: 0K->15208K(341376K), 0.0413541 secs] 114923K->15208K(494976K), [Metaspace: 20731K->20731K(1067008K)], 0.0414219 secs] [Times: user=0.04 sys=0.00, real=0.05 secs] 
13:09:08.336 [Curator-PathChildrenCache-1] WARN  o.a.c.u.ZKPaths  - The version of ZooKeeper being used doesn't support Container nodes. CreateMode.PERSISTENT will be used instead.
2019-06-10T13:09:10.395+0000: 19.378: [GC (GCLocker Initiated GC) 2019-06-10T13:09:10.395+0000: 19.378: [DefNew: 137029K->17023K(153600K), 0.0308627 secs] 152238K->52482K(494976K), 0.0309317 secs] [Times: user=0.02 sys=0.01, real=0.02 secs] 
2019-06-10T13:09:12.059+0000: 21.042: [Full GC (Metadata GC Threshold) 2019-06-10T13:09:12.059+0000: 21.042: [Tenured: 35458K->44404K(341376K), 0.0390949 secs] 80684K->44404K(494976K), [Metaspace: 34577K->34577K(1079296K)], 0.0391725 secs] [Times: user=0.04 sys=0.00, real=0.04 secs] 
2019-06-10T13:09:21.133+0000: 30.116: [GC (Allocation Failure) 2019-06-10T13:09:21.133+0000: 30.116: [DefNew: 136576K->75K(153600K), 0.0019712 secs] 180980K->44479K(494976K), 0.0020302 secs] [Times: user=0.00 sys=0.00, real=0.01 secs] 
2019-06-10T13:09:30.160+0000: 39.143: [GC (Allocation Failure) 2019-06-10T13:09:30.160+0000: 39.143: [DefNew: 136651K->76K(153600K), 0.0018084 secs] 181055K->44480K(494976K), 0.0018719 secs] [Times: user=0.00 sys=0.00, real=0.00 secs] 
2019-06-10T13:09:39.322+0000: 48.305: [GC (Allocation Failure) 2019-06-10T13:09:39.322+0000: 48.305: [DefNew: 136652K->75K(153600K), 0.0018360 secs] 181056K->44479K(494976K), 0.0019068 secs] [Times: user=0.01 sys=0.00, real=0.00 secs] 
2019-06-10T13:09:48.530+0000: 57.513: [GC (Allocation Failure) 2019-06-10T13:09:48.530+0000: 57.513: [DefNew: 136651K->77K(153600K), 0.0018263 secs] 181055K->44481K(494976K), 0.0018857 secs] [Times: user=0.00 sys=0.00, real=0.00 secs] 
2019-06-10T13:09:58.716+0000: 67.699: [GC (Allocation Failure) 2019-06-10T13:09:58.716+0000: 67.699: [DefNew: 136653K->415K(153600K), 0.0023479 secs] 181057K->44819K(494976K), 0.0024265 secs] [Times: user=0.00 sys=0.00, real=0.00 secs] 
2019-06-10T13:10:09.861+0000: 78.845: [GC (Allocation Failure) 2019-06-10T13:10:09.862+0000: 78.845: [DefNew: 136991K->167K(153600K), 0.0021109 secs] 181395K->44571K(494976K), 0.0021717 secs] [Times: user=0.00 sys=0.00, real=0.00 secs] 
13:10:26.682 [Curator-PathChildrenCache-0] ERROR o.a.c.f.r.c.PathChildrenCache  - 
java.lang.IllegalStateException: instance must be started before calling this method
	at org.apache.curator.shaded.com.google.common.base.Preconditions.checkState(Preconditions.java:444)
	at org.apache.curator.framework.imps.CuratorFrameworkImpl.getChildren(CuratorFrameworkImpl.java:456)
	at org.apache.curator.framework.recipes.cache.PathChildrenCache.refresh(PathChildrenCache.java:521)
	at org.apache.curator.framework.recipes.cache.RefreshOperation.invoke(RefreshOperation.java:35)
	at org.apache.curator.framework.recipes.cache.PathChildrenCache$9.run(PathChildrenCache.java:786)
	at java.util.concurrent.Executors$RunnableAdapter.call(Executors.java:511)
	at java.util.concurrent.FutureTask.run(FutureTask.java:266)
	at java.util.concurrent.Executors$RunnableAdapter.call(Executors.java:511)
	at java.util.concurrent.FutureTask.run(FutureTask.java:266)
	at java.util.concurrent.ThreadPoolExecutor.runWorker(ThreadPoolExecutor.java:1149)
	at java.util.concurrent.ThreadPoolExecutor$Worker.run(ThreadPoolExecutor.java:624)
	at java.lang.Thread.run(Thread.java:748)
Heap
 def new generation   total 153600K, used 123676K [0x00000000e0c00000, 0x00000000eb2a0000, 0x00000000eb2a0000)
  eden space 136576K,  90% used [0x00000000e0c00000, 0x00000000e849d340, 0x00000000e9160000)
  from space 17024K,   0% used [0x00000000ea200000, 0x00000000ea229e08, 0x00000000eb2a0000)
  to   space 17024K,   0% used [0x00000000e9160000, 0x00000000e9160000, 0x00000000ea200000)
 tenured generation   total 341376K, used 44404K [0x00000000eb2a0000, 0x0000000100000000, 0x0000000100000000)
   the space 341376K,  13% used [0x00000000eb2a0000, 0x00000000eddfd060, 0x00000000eddfd200, 0x0000000100000000)
 Metaspace       used 36249K, capacity 37130K, committed 37376K, reserved 1081344K
  class space    used 4870K, capacity 5075K, committed 5120K, reserved 1048576K
