07:27:01,318 |-INFO in ch.qos.logback.classic.LoggerContext[default] - Could NOT find resource [logback-test.xml]
07:27:01,318 |-INFO in ch.qos.logback.classic.LoggerContext[default] - Could NOT find resource [logback.groovy]
07:27:01,318 |-INFO in ch.qos.logback.classic.LoggerContext[default] - Found resource [logback.xml] at [jar:file:/home/nikitasokolov/flamestream/lib/flamestream-runtime-1.0-SNAPSHOT.jar!/logback.xml]
07:27:01,319 |-WARN in ch.qos.logback.classic.LoggerContext[default] - Resource [logback.xml] occurs multiple times on the classpath.
07:27:01,319 |-WARN in ch.qos.logback.classic.LoggerContext[default] - Resource [logback.xml] occurs at [jar:file:/home/nikitasokolov/flamestream/lib/flamestream-runtime-1.0-SNAPSHOT.jar!/logback.xml]
07:27:01,319 |-WARN in ch.qos.logback.classic.LoggerContext[default] - Resource [logback.xml] occurs at [jar:file:/home/nikitasokolov/flamestream/flamestream-runtime-1.0-SNAPSHOT.jar!/logback.xml]
07:27:01,335 |-INFO in ch.qos.logback.core.joran.spi.ConfigurationWatchList@6108b2d7 - URL [jar:file:/home/nikitasokolov/flamestream/lib/flamestream-runtime-1.0-SNAPSHOT.jar!/logback.xml] is not of type file
07:27:01,386 |-INFO in ch.qos.logback.classic.joran.action.ConfigurationAction - debug attribute not set
07:27:01,386 |-INFO in ch.qos.logback.core.joran.action.AppenderAction - About to instantiate appender of type [ch.qos.logback.core.ConsoleAppender]
07:27:01,394 |-INFO in ch.qos.logback.core.joran.action.AppenderAction - Naming appender as [STDOUT]
07:27:01,403 |-INFO in ch.qos.logback.core.joran.action.NestedComplexPropertyIA - Assuming default type [ch.qos.logback.classic.encoder.PatternLayoutEncoder] for [encoder] property
07:27:01,459 |-INFO in ch.qos.logback.core.joran.action.AppenderAction - About to instantiate appender of type [ch.qos.logback.core.rolling.RollingFileAppender]
07:27:01,464 |-INFO in ch.qos.logback.core.joran.action.AppenderAction - Naming appender as [FILE]
07:27:01,486 |-INFO in c.q.l.core.rolling.TimeBasedRollingPolicy@357863579 - No compression will be used
07:27:01,487 |-INFO in c.q.l.core.rolling.TimeBasedRollingPolicy@357863579 - Will use the pattern /tmp/application_%d{yyyy-MM-dd}.%i.log for the active file
07:27:01,490 |-INFO in ch.qos.logback.core.rolling.SizeAndTimeBasedFNATP@6bf256fa - The date pattern is 'yyyy-MM-dd' from file name pattern '/tmp/application_%d{yyyy-MM-dd}.%i.log'.
07:27:01,490 |-INFO in ch.qos.logback.core.rolling.SizeAndTimeBasedFNATP@6bf256fa - Roll-over at midnight.
07:27:01,494 |-INFO in ch.qos.logback.core.rolling.SizeAndTimeBasedFNATP@6bf256fa - Setting initial period to Sun Jun 09 07:26:16 MSK 2019
07:27:01,494 |-WARN in ch.qos.logback.core.rolling.SizeAndTimeBasedFNATP@6bf256fa - SizeAndTimeBasedFNATP is deprecated. Use SizeAndTimeBasedRollingPolicy instead
07:27:01,494 |-WARN in ch.qos.logback.core.rolling.SizeAndTimeBasedFNATP@6bf256fa - For more information see http://logback.qos.ch/manual/appenders.html#SizeAndTimeBasedRollingPolicy
07:27:01,499 |-INFO in ch.qos.logback.core.joran.action.NestedComplexPropertyIA - Assuming default type [ch.qos.logback.classic.encoder.PatternLayoutEncoder] for [encoder] property
07:27:01,501 |-INFO in ch.qos.logback.core.rolling.RollingFileAppender[FILE] - Active log file name: /tmp/application.log
07:27:01,501 |-INFO in ch.qos.logback.core.rolling.RollingFileAppender[FILE] - File property is set to [/tmp/application.log]
07:27:01,502 |-INFO in ch.qos.logback.classic.joran.action.RootLoggerAction - Setting level of ROOT logger to WARN
07:27:01,502 |-INFO in ch.qos.logback.core.joran.action.AppenderRefAction - Attaching appender named [STDOUT] to Logger[ROOT]
07:27:01,503 |-INFO in ch.qos.logback.core.joran.action.AppenderRefAction - Attaching appender named [FILE] to Logger[ROOT]
07:27:01,503 |-INFO in ch.qos.logback.classic.joran.action.ConfigurationAction - End of configuration.
07:27:01,503 |-INFO in ch.qos.logback.classic.joran.JoranConfigurator@6cd8737 - Registering current configuration as safe fallback point

2019-06-09T07:27:02.498+0300: 1.381: [GC (Metadata GC Threshold) [PSYoungGen: 108151K->15952K(149504K)] 108151K->16032K(491008K), 0.0206172 secs] [Times: user=0.08 sys=0.05, real=0.02 secs] 
2019-06-09T07:27:02.518+0300: 1.402: [Full GC (Metadata GC Threshold) [PSYoungGen: 15952K->0K(149504K)] [ParOldGen: 80K->15031K(341504K)] 16032K->15031K(491008K), [Metaspace: 20802K->20802K(1067008K)], 0.0262593 secs] [Times: user=0.16 sys=0.00, real=0.02 secs] 
07:27:10.850 [Curator-PathChildrenCache-1] WARN  o.a.c.u.ZKPaths  - The version of ZooKeeper being used doesn't support Container nodes. CreateMode.PERSISTENT will be used instead.
2019-06-09T07:27:11.772+0300: 10.656: [GC (Metadata GC Threshold) [PSYoungGen: 127923K->15774K(149504K)] 142955K->50345K(491008K), 0.0250443 secs] [Times: user=0.19 sys=0.02, real=0.02 secs] 
2019-06-09T07:27:11.797+0300: 10.681: [Full GC (Metadata GC Threshold) [PSYoungGen: 15774K->0K(149504K)] [ParOldGen: 34570K->38853K(341504K)] 50345K->38853K(491008K), [Metaspace: 34559K->34559K(1079296K)], 0.0378380 secs] [Times: user=0.21 sys=0.01, real=0.04 secs] 
2019-06-09T07:27:17.314+0300: 16.197: [GC (Allocation Failure) [PSYoungGen: 128512K->448K(149504K)] 167365K->39309K(491008K), 0.0051611 secs] [Times: user=0.02 sys=0.01, real=0.01 secs] 
2019-06-09T07:27:23.320+0300: 22.203: [GC (Allocation Failure) [PSYoungGen: 128960K->384K(149504K)] 167821K->39253K(491008K), 0.0027482 secs] [Times: user=0.01 sys=0.00, real=0.00 secs] 
2019-06-09T07:27:29.391+0300: 28.274: [GC (Allocation Failure) [PSYoungGen: 128896K->512K(129536K)] 167765K->39389K(471040K), 0.0056910 secs] [Times: user=0.04 sys=0.00, real=0.00 secs] 
2019-06-09T07:27:35.525+0300: 34.408: [GC (Allocation Failure) [PSYoungGen: 129024K->480K(150016K)] 167901K->39365K(491520K), 0.0061636 secs] [Times: user=0.03 sys=0.01, real=0.01 secs] 
2019-06-09T07:27:41.623+0300: 40.506: [GC (Allocation Failure) [PSYoungGen: 128992K->384K(148992K)] 167877K->39277K(490496K), 0.0031135 secs] [Times: user=0.02 sys=0.00, real=0.00 secs] 
2019-06-09T07:27:47.781+0300: 46.664: [GC (Allocation Failure) [PSYoungGen: 128896K->384K(151552K)] 167789K->39285K(493056K), 0.0028278 secs] [Times: user=0.02 sys=0.01, real=0.00 secs] 
2019-06-09T07:27:54.060+0300: 52.943: [GC (Allocation Failure) [PSYoungGen: 131968K->416K(150528K)] 170869K->39317K(492032K), 0.0035795 secs] [Times: user=0.02 sys=0.00, real=0.00 secs] 
2019-06-09T07:28:00.345+0300: 59.228: [GC (Allocation Failure) [PSYoungGen: 132000K->448K(153088K)] 170901K->39349K(494592K), 0.0118199 secs] [Times: user=0.10 sys=0.01, real=0.01 secs] 
2019-06-09T07:28:07.650+0300: 66.533: [GC (Allocation Failure) [PSYoungGen: 135616K->791K(152576K)] 174517K->39700K(494080K), 0.0040169 secs] [Times: user=0.02 sys=0.01, real=0.00 secs] 
2019-06-09T07:28:15.790+0300: 74.674: [GC (Allocation Failure) [PSYoungGen: 135959K->480K(155136K)] 174868K->39397K(496640K), 0.0036750 secs] [Times: user=0.01 sys=0.00, real=0.00 secs] 
2019-06-09T07:28:24.255+0300: 83.138: [GC (Allocation Failure) [PSYoungGen: 139232K->448K(154112K)] 178149K->39373K(495616K), 0.0040183 secs] [Times: user=0.02 sys=0.00, real=0.01 secs] 
07:28:42.346 [Curator-PathChildrenCache-0] ERROR o.a.c.f.r.c.PathChildrenCache  - 
java.lang.IllegalStateException: instance must be started before calling this method
	at org.apache.curator.shaded.com.google.common.base.Preconditions.checkState(Preconditions.java:444)
	at org.apache.curator.framework.imps.CuratorFrameworkImpl.getChildren(CuratorFrameworkImpl.java:456)
	at org.apache.curator.framework.recipes.cache.PathChildrenCache.refresh(PathChildrenCache.java:521)
	at org.apache.curator.framework.recipes.cache.RefreshOperation.invoke(RefreshOperation.java:35)
	at org.apache.curator.framework.recipes.cache.PathChildrenCache$9.run(PathChildrenCache.java:786)
	at java.util.concurrent.Executors$RunnableAdapter.call(Executors.java:511)
	at java.util.concurrent.FutureTask.run(FutureTask.java:266)
	at java.util.concurrent.Executors$RunnableAdapter.call(Executors.java:511)
	at java.util.concurrent.FutureTask.run(FutureTask.java:266)
	at java.util.concurrent.ThreadPoolExecutor.runWorker(ThreadPoolExecutor.java:1149)
	at java.util.concurrent.ThreadPoolExecutor$Worker.run(ThreadPoolExecutor.java:624)
	at java.lang.Thread.run(Thread.java:748)
Heap
 PSYoungGen      total 154112K, used 139191K [0x00000000f5980000, 0x0000000100000000, 0x0000000100000000)
  eden space 138752K, 99% used [0x00000000f5980000,0x00000000fe0fdf58,0x00000000fe100000)
  from space 15360K, 2% used [0x00000000fe100000,0x00000000fe170020,0x00000000ff000000)
  to   space 14848K, 0% used [0x00000000ff180000,0x00000000ff180000,0x0000000100000000)
 ParOldGen       total 341504K, used 38925K [0x00000000e0c00000, 0x00000000f5980000, 0x00000000f5980000)
  object space 341504K, 11% used [0x00000000e0c00000,0x00000000e3203468,0x00000000f5980000)
 Metaspace       used 36198K, capacity 37022K, committed 37208K, reserved 1081344K
  class space    used 4977K, capacity 5161K, committed 5248K, reserved 1048576K
