07:14:33,173 |-INFO in ch.qos.logback.classic.LoggerContext[default] - Could NOT find resource [logback-test.xml]
07:14:33,173 |-INFO in ch.qos.logback.classic.LoggerContext[default] - Could NOT find resource [logback.groovy]
07:14:33,174 |-INFO in ch.qos.logback.classic.LoggerContext[default] - Found resource [logback.xml] at [jar:file:/root/flamestream/lib/flamestream-runtime-1.0-SNAPSHOT.jar!/logback.xml]
07:14:33,174 |-WARN in ch.qos.logback.classic.LoggerContext[default] - Resource [logback.xml] occurs multiple times on the classpath.
07:14:33,175 |-WARN in ch.qos.logback.classic.LoggerContext[default] - Resource [logback.xml] occurs at [jar:file:/root/flamestream/lib/flamestream-runtime-1.0-SNAPSHOT.jar!/logback.xml]
07:14:33,175 |-WARN in ch.qos.logback.classic.LoggerContext[default] - Resource [logback.xml] occurs at [jar:file:/root/flamestream/flamestream-runtime-1.0-SNAPSHOT.jar!/logback.xml]
07:14:33,194 |-INFO in ch.qos.logback.core.joran.spi.ConfigurationWatchList@3fb6a447 - URL [jar:file:/root/flamestream/lib/flamestream-runtime-1.0-SNAPSHOT.jar!/logback.xml] is not of type file
07:14:33,263 |-INFO in ch.qos.logback.classic.joran.action.ConfigurationAction - debug attribute not set
07:14:33,264 |-INFO in ch.qos.logback.core.joran.action.AppenderAction - About to instantiate appender of type [ch.qos.logback.core.ConsoleAppender]
07:14:33,281 |-INFO in ch.qos.logback.core.joran.action.AppenderAction - Naming appender as [STDOUT]
07:14:33,299 |-INFO in ch.qos.logback.core.joran.action.NestedComplexPropertyIA - Assuming default type [ch.qos.logback.classic.encoder.PatternLayoutEncoder] for [encoder] property
07:14:33,383 |-INFO in ch.qos.logback.core.joran.action.AppenderAction - About to instantiate appender of type [ch.qos.logback.core.rolling.RollingFileAppender]
07:14:33,388 |-INFO in ch.qos.logback.core.joran.action.AppenderAction - Naming appender as [FILE]
07:14:33,418 |-INFO in c.q.l.core.rolling.TimeBasedRollingPolicy@127618319 - No compression will be used
07:14:33,419 |-INFO in c.q.l.core.rolling.TimeBasedRollingPolicy@127618319 - Will use the pattern /tmp/application_%d{yyyy-MM-dd}.%i.log for the active file
07:14:33,422 |-INFO in ch.qos.logback.core.rolling.SizeAndTimeBasedFNATP@6b2fad11 - The date pattern is 'yyyy-MM-dd' from file name pattern '/tmp/application_%d{yyyy-MM-dd}.%i.log'.
07:14:33,422 |-INFO in ch.qos.logback.core.rolling.SizeAndTimeBasedFNATP@6b2fad11 - Roll-over at midnight.
07:14:33,428 |-INFO in ch.qos.logback.core.rolling.SizeAndTimeBasedFNATP@6b2fad11 - Setting initial period to Tue Jun 11 07:13:00 UTC 2019
07:14:33,428 |-WARN in ch.qos.logback.core.rolling.SizeAndTimeBasedFNATP@6b2fad11 - SizeAndTimeBasedFNATP is deprecated. Use SizeAndTimeBasedRollingPolicy instead
07:14:33,428 |-WARN in ch.qos.logback.core.rolling.SizeAndTimeBasedFNATP@6b2fad11 - For more information see http://logback.qos.ch/manual/appenders.html#SizeAndTimeBasedRollingPolicy
07:14:33,432 |-INFO in ch.qos.logback.core.joran.action.NestedComplexPropertyIA - Assuming default type [ch.qos.logback.classic.encoder.PatternLayoutEncoder] for [encoder] property
07:14:33,437 |-INFO in ch.qos.logback.core.rolling.RollingFileAppender[FILE] - Active log file name: /tmp/application.log
07:14:33,437 |-INFO in ch.qos.logback.core.rolling.RollingFileAppender[FILE] - File property is set to [/tmp/application.log]
07:14:33,438 |-INFO in ch.qos.logback.classic.joran.action.RootLoggerAction - Setting level of ROOT logger to WARN
07:14:33,438 |-INFO in ch.qos.logback.core.joran.action.AppenderRefAction - Attaching appender named [STDOUT] to Logger[ROOT]
07:14:33,440 |-INFO in ch.qos.logback.core.joran.action.AppenderRefAction - Attaching appender named [FILE] to Logger[ROOT]
07:14:33,440 |-INFO in ch.qos.logback.classic.joran.action.ConfigurationAction - End of configuration.
07:14:33,441 |-INFO in ch.qos.logback.classic.joran.JoranConfigurator@79698539 - Registering current configuration as safe fallback point

Ama winner
Ama winner
2019-06-11T07:14:34.733+0000: 1.747: [Full GC (Metadata GC Threshold) 2019-06-11T07:14:34.733+0000: 1.747: [Tenured: 0K->15241K(341376K), 0.0396786 secs] 117750K->15241K(494976K), [Metaspace: 20736K->20736K(1067008K)], 0.0397593 secs] [Times: user=0.03 sys=0.00, real=0.04 secs] 
2019-06-11T07:15:10.079+0000: 37.093: [GC (Allocation Failure) 2019-06-11T07:15:10.079+0000: 37.093: [DefNew: 117655K->17024K(153600K), 0.0172470 secs] 132896K->32719K(494976K), 0.0173131 secs] [Times: user=0.00 sys=0.01, real=0.02 secs] 
2019-06-11T07:15:13.630+0000: 40.644: [Full GC (Metadata GC Threshold) 2019-06-11T07:15:13.630+0000: 40.644: [Tenured: 15695K->43682K(341376K), 0.0604484 secs] 127215K->43682K(494976K), [Metaspace: 34588K->34588K(1079296K)], 0.0605404 secs] [Times: user=0.05 sys=0.01, real=0.07 secs] 
2019-06-11T07:15:19.727+0000: 46.741: [GC (Allocation Failure) 2019-06-11T07:15:19.727+0000: 46.741: [DefNew: 136576K->49K(153600K), 0.0017443 secs] 180258K->43731K(494976K), 0.0018037 secs] [Times: user=0.00 sys=0.00, real=0.00 secs] 
2019-06-11T07:15:25.789+0000: 52.803: [GC (Allocation Failure) 2019-06-11T07:15:25.789+0000: 52.803: [DefNew: 136625K->52K(153600K), 0.0016114 secs] 180307K->43734K(494976K), 0.0016694 secs] [Times: user=0.00 sys=0.00, real=0.01 secs] 
2019-06-11T07:15:31.866+0000: 58.880: [GC (Allocation Failure) 2019-06-11T07:15:31.866+0000: 58.880: [DefNew: 136628K->58K(153600K), 0.0016134 secs] 180310K->43740K(494976K), 0.0016876 secs] [Times: user=0.00 sys=0.00, real=0.00 secs] 
2019-06-11T07:15:38.298+0000: 65.312: [GC (Allocation Failure) 2019-06-11T07:15:38.298+0000: 65.312: [DefNew: 136634K->376K(153600K), 0.0021063 secs] 180316K->44058K(494976K), 0.0021821 secs] [Times: user=0.00 sys=0.00, real=0.00 secs] 
2019-06-11T07:15:57.147+0000: 84.161: [GC (Allocation Failure) 2019-06-11T07:15:57.147+0000: 84.161: [DefNew: 136952K->137K(153600K), 0.0018878 secs] 180634K->43819K(494976K), 0.0019532 secs] [Times: user=0.01 sys=0.00, real=0.00 secs] 
07:15:59.504 [Curator-PathChildrenCache-0] ERROR o.a.c.f.r.c.PathChildrenCache  - 
java.lang.IllegalStateException: instance must be started before calling this method
	at org.apache.curator.shaded.com.google.common.base.Preconditions.checkState(Preconditions.java:444)
	at org.apache.curator.framework.imps.CuratorFrameworkImpl.getChildren(CuratorFrameworkImpl.java:456)
	at org.apache.curator.framework.recipes.cache.PathChildrenCache.refresh(PathChildrenCache.java:521)
	at org.apache.curator.framework.recipes.cache.RefreshOperation.invoke(RefreshOperation.java:35)
	at org.apache.curator.framework.recipes.cache.PathChildrenCache$9.run(PathChildrenCache.java:786)
	at java.util.concurrent.Executors$RunnableAdapter.call(Executors.java:511)
	at java.util.concurrent.FutureTask.run(FutureTask.java:266)
	at java.util.concurrent.Executors$RunnableAdapter.call(Executors.java:511)
	at java.util.concurrent.FutureTask.run(FutureTask.java:266)
	at java.util.concurrent.ThreadPoolExecutor.runWorker(ThreadPoolExecutor.java:1149)
	at java.util.concurrent.ThreadPoolExecutor$Worker.run(ThreadPoolExecutor.java:624)
	at java.lang.Thread.run(Thread.java:748)
Heap
 def new generation   total 153600K, used 27911K [0x00000000e0c00000, 0x00000000eb2a0000, 0x00000000eb2a0000)
  eden space 136576K,  20% used [0x00000000e0c00000, 0x00000000e271f9c8, 0x00000000e9160000)
  from space 17024K,   0% used [0x00000000e9160000, 0x00000000e9182620, 0x00000000ea200000)
  to   space 17024K,   0% used [0x00000000ea200000, 0x00000000ea200000, 0x00000000eb2a0000)
 tenured generation   total 341376K, used 43682K [0x00000000eb2a0000, 0x0000000100000000, 0x0000000100000000)
   the space 341376K,  12% used [0x00000000eb2a0000, 0x00000000edd48898, 0x00000000edd48a00, 0x0000000100000000)
 Metaspace       used 36135K, capacity 37056K, committed 37376K, reserved 1081344K
  class space    used 4861K, capacity 5074K, committed 5120K, reserved 1048576K
