01:15:54,749 |-INFO in ch.qos.logback.classic.LoggerContext[default] - Could NOT find resource [logback-test.xml]
01:15:54,749 |-INFO in ch.qos.logback.classic.LoggerContext[default] - Could NOT find resource [logback.groovy]
01:15:54,749 |-INFO in ch.qos.logback.classic.LoggerContext[default] - Found resource [logback.xml] at [jar:file:/home/nikitasokolov/flamestream/lib/flamestream-runtime-1.0-SNAPSHOT.jar!/logback.xml]
01:15:54,750 |-WARN in ch.qos.logback.classic.LoggerContext[default] - Resource [logback.xml] occurs multiple times on the classpath.
01:15:54,750 |-WARN in ch.qos.logback.classic.LoggerContext[default] - Resource [logback.xml] occurs at [jar:file:/home/nikitasokolov/flamestream/lib/flamestream-runtime-1.0-SNAPSHOT.jar!/logback.xml]
01:15:54,750 |-WARN in ch.qos.logback.classic.LoggerContext[default] - Resource [logback.xml] occurs at [jar:file:/home/nikitasokolov/flamestream/flamestream-runtime-1.0-SNAPSHOT.jar!/logback.xml]
01:15:54,769 |-INFO in ch.qos.logback.core.joran.spi.ConfigurationWatchList@2f7a2457 - URL [jar:file:/home/nikitasokolov/flamestream/lib/flamestream-runtime-1.0-SNAPSHOT.jar!/logback.xml] is not of type file
01:15:54,823 |-INFO in ch.qos.logback.classic.joran.action.ConfigurationAction - debug attribute not set
01:15:54,824 |-INFO in ch.qos.logback.core.joran.action.AppenderAction - About to instantiate appender of type [ch.qos.logback.core.ConsoleAppender]
01:15:54,832 |-INFO in ch.qos.logback.core.joran.action.AppenderAction - Naming appender as [STDOUT]
01:15:54,840 |-INFO in ch.qos.logback.core.joran.action.NestedComplexPropertyIA - Assuming default type [ch.qos.logback.classic.encoder.PatternLayoutEncoder] for [encoder] property
01:15:54,896 |-INFO in ch.qos.logback.core.joran.action.AppenderAction - About to instantiate appender of type [ch.qos.logback.core.rolling.RollingFileAppender]
01:15:54,902 |-INFO in ch.qos.logback.core.joran.action.AppenderAction - Naming appender as [FILE]
01:15:54,925 |-INFO in c.q.l.core.rolling.TimeBasedRollingPolicy@1449621165 - No compression will be used
01:15:54,927 |-INFO in c.q.l.core.rolling.TimeBasedRollingPolicy@1449621165 - Will use the pattern /tmp/application_%d{yyyy-MM-dd}.%i.log for the active file
01:15:54,930 |-INFO in ch.qos.logback.core.rolling.SizeAndTimeBasedFNATP@6108b2d7 - The date pattern is 'yyyy-MM-dd' from file name pattern '/tmp/application_%d{yyyy-MM-dd}.%i.log'.
01:15:54,930 |-INFO in ch.qos.logback.core.rolling.SizeAndTimeBasedFNATP@6108b2d7 - Roll-over at midnight.
01:15:54,934 |-INFO in ch.qos.logback.core.rolling.SizeAndTimeBasedFNATP@6108b2d7 - Setting initial period to Sat Jun 08 01:15:12 MSK 2019
01:15:54,934 |-WARN in ch.qos.logback.core.rolling.SizeAndTimeBasedFNATP@6108b2d7 - SizeAndTimeBasedFNATP is deprecated. Use SizeAndTimeBasedRollingPolicy instead
01:15:54,934 |-WARN in ch.qos.logback.core.rolling.SizeAndTimeBasedFNATP@6108b2d7 - For more information see http://logback.qos.ch/manual/appenders.html#SizeAndTimeBasedRollingPolicy
01:15:54,938 |-INFO in ch.qos.logback.core.joran.action.NestedComplexPropertyIA - Assuming default type [ch.qos.logback.classic.encoder.PatternLayoutEncoder] for [encoder] property
01:15:54,941 |-INFO in ch.qos.logback.core.rolling.RollingFileAppender[FILE] - Active log file name: /tmp/application.log
01:15:54,941 |-INFO in ch.qos.logback.core.rolling.RollingFileAppender[FILE] - File property is set to [/tmp/application.log]
01:15:54,942 |-INFO in ch.qos.logback.classic.joran.action.RootLoggerAction - Setting level of ROOT logger to WARN
01:15:54,942 |-INFO in ch.qos.logback.core.joran.action.AppenderRefAction - Attaching appender named [STDOUT] to Logger[ROOT]
01:15:54,943 |-INFO in ch.qos.logback.core.joran.action.AppenderRefAction - Attaching appender named [FILE] to Logger[ROOT]
01:15:54,943 |-INFO in ch.qos.logback.classic.joran.action.ConfigurationAction - End of configuration.
01:15:54,943 |-INFO in ch.qos.logback.classic.joran.JoranConfigurator@1554909b - Registering current configuration as safe fallback point

2019-06-08T01:15:55.971+0300: 1.423: [GC (Metadata GC Threshold) [PSYoungGen: 110652K->15867K(149504K)] 110652K->15947K(491008K), 0.0239870 secs] [Times: user=0.11 sys=0.04, real=0.02 secs] 
2019-06-08T01:15:55.995+0300: 1.447: [Full GC (Metadata GC Threshold) [PSYoungGen: 15867K->0K(149504K)] [ParOldGen: 80K->15081K(341504K)] 15947K->15081K(491008K), [Metaspace: 20804K->20804K(1067008K)], 0.0284638 secs] [Times: user=0.19 sys=0.00, real=0.03 secs] 
01:16:04.321 [Curator-PathChildrenCache-1] WARN  o.a.c.u.ZKPaths  - The version of ZooKeeper being used doesn't support Container nodes. CreateMode.PERSISTENT will be used instead.
2019-06-08T01:16:05.081+0300: 10.533: [GC (Metadata GC Threshold) [PSYoungGen: 123503K->20971K(149504K)] 138584K->49892K(491008K), 0.0239303 secs] [Times: user=0.22 sys=0.02, real=0.02 secs] 
2019-06-08T01:16:05.105+0300: 10.557: [Full GC (Metadata GC Threshold) [PSYoungGen: 20971K->0K(149504K)] [ParOldGen: 28920K->38845K(341504K)] 49892K->38845K(491008K), [Metaspace: 34509K->34507K(1079296K)], 0.0417566 secs] [Times: user=0.17 sys=0.02, real=0.04 secs] 
2019-06-08T01:16:06.817+0300: 12.269: [GC (Allocation Failure) [PSYoungGen: 128512K->640K(149504K)] 167357K->39493K(491008K), 0.0025531 secs] [Times: user=0.01 sys=0.01, real=0.01 secs] 
2019-06-08T01:16:08.023+0300: 13.475: [GC (Allocation Failure) [PSYoungGen: 129152K->672K(149504K)] 168005K->39533K(491008K), 0.0031465 secs] [Times: user=0.01 sys=0.01, real=0.00 secs] 
2019-06-08T01:16:09.263+0300: 14.715: [GC (Allocation Failure) [PSYoungGen: 129184K->608K(129536K)] 168045K->39469K(471040K), 0.1523253 secs] [Times: user=0.01 sys=0.01, real=0.15 secs] 
2019-06-08T01:16:10.245+0300: 15.697: [GC (Allocation Failure) [PSYoungGen: 129120K->672K(133120K)] 167981K->39541K(474624K), 0.0028853 secs] [Times: user=0.01 sys=0.00, real=0.00 secs] 
2019-06-08T01:16:10.833+0300: 16.285: [GC (Allocation Failure) [PSYoungGen: 93856K->768K(130560K)] 132725K->39637K(472064K), 0.0024206 secs] [Times: user=0.02 sys=0.00, real=0.00 secs] 
2019-06-08T01:16:11.457+0300: 16.909: [GC (Allocation Failure) [PSYoungGen: 93952K->1056K(137216K)] 132821K->39925K(478720K), 0.0024085 secs] [Times: user=0.02 sys=0.00, real=0.01 secs] 
2019-06-08T01:16:12.474+0300: 17.926: [GC (Allocation Failure) [PSYoungGen: 102944K->672K(135168K)] 141813K->39549K(476672K), 0.0029342 secs] [Times: user=0.02 sys=0.00, real=0.00 secs] 
2019-06-08T01:16:13.844+0300: 19.296: [GC (Allocation Failure) [PSYoungGen: 102560K->736K(140288K)] 141437K->39621K(481792K), 0.0027375 secs] [Times: user=0.01 sys=0.00, real=0.00 secs] 
2019-06-08T01:16:15.082+0300: 20.534: [GC (Allocation Failure) [PSYoungGen: 109280K->736K(138752K)] 148165K->39621K(480256K), 0.0773394 secs] [Times: user=0.01 sys=0.00, real=0.08 secs] 
2019-06-08T01:16:16.493+0300: 21.945: [GC (Allocation Failure) [PSYoungGen: 109280K->800K(143360K)] 148165K->39685K(484864K), 0.0045782 secs] [Times: user=0.03 sys=0.00, real=0.01 secs] 
01:16:22.089 [Curator-PathChildrenCache-0] ERROR o.a.c.f.r.c.PathChildrenCache  - 
java.lang.IllegalStateException: instance must be started before calling this method
	at org.apache.curator.shaded.com.google.common.base.Preconditions.checkState(Preconditions.java:444)
	at org.apache.curator.framework.imps.CuratorFrameworkImpl.getChildren(CuratorFrameworkImpl.java:456)
	at org.apache.curator.framework.recipes.cache.PathChildrenCache.refresh(PathChildrenCache.java:521)
	at org.apache.curator.framework.recipes.cache.RefreshOperation.invoke(RefreshOperation.java:35)
	at org.apache.curator.framework.recipes.cache.PathChildrenCache$9.run(PathChildrenCache.java:786)
	at java.util.concurrent.Executors$RunnableAdapter.call(Executors.java:511)
	at java.util.concurrent.FutureTask.run(FutureTask.java:266)
	at java.util.concurrent.Executors$RunnableAdapter.call(Executors.java:511)
	at java.util.concurrent.FutureTask.run(FutureTask.java:266)
	at java.util.concurrent.ThreadPoolExecutor.runWorker(ThreadPoolExecutor.java:1149)
	at java.util.concurrent.ThreadPoolExecutor$Worker.run(ThreadPoolExecutor.java:624)
	at java.lang.Thread.run(Thread.java:748)
Heap
 PSYoungGen      total 143360K, used 58774K [0x00000000f5980000, 0x0000000100000000, 0x0000000100000000)
  eden space 114688K, 50% used [0x00000000f5980000,0x00000000f921d9b0,0x00000000fc980000)
  from space 28672K, 2% used [0x00000000fe400000,0x00000000fe4c8040,0x0000000100000000)
  to   space 27136K, 0% used [0x00000000fc980000,0x00000000fc980000,0x00000000fe400000)
 ParOldGen       total 341504K, used 38885K [0x00000000e0c00000, 0x00000000f5980000, 0x00000000f5980000)
  object space 341504K, 11% used [0x00000000e0c00000,0x00000000e31f9558,0x00000000f5980000)
 Metaspace       used 35809K, capacity 36655K, committed 36952K, reserved 1081344K
  class space    used 4946K, capacity 5136K, committed 5248K, reserved 1048576K
