19:32:38,296 |-INFO in ch.qos.logback.classic.LoggerContext[default] - Could NOT find resource [logback-test.xml]
19:32:38,296 |-INFO in ch.qos.logback.classic.LoggerContext[default] - Could NOT find resource [logback.groovy]
19:32:38,296 |-INFO in ch.qos.logback.classic.LoggerContext[default] - Found resource [logback.xml] at [jar:file:/root/flamestream/lib/flamestream-runtime-1.0-SNAPSHOT.jar!/logback.xml]
19:32:38,301 |-WARN in ch.qos.logback.classic.LoggerContext[default] - Resource [logback.xml] occurs multiple times on the classpath.
19:32:38,302 |-WARN in ch.qos.logback.classic.LoggerContext[default] - Resource [logback.xml] occurs at [jar:file:/root/flamestream/lib/flamestream-runtime-1.0-SNAPSHOT.jar!/logback.xml]
19:32:38,302 |-WARN in ch.qos.logback.classic.LoggerContext[default] - Resource [logback.xml] occurs at [jar:file:/root/flamestream/flamestream-runtime-1.0-SNAPSHOT.jar!/logback.xml]
19:32:38,321 |-INFO in ch.qos.logback.core.joran.spi.ConfigurationWatchList@3fb6a447 - URL [jar:file:/root/flamestream/lib/flamestream-runtime-1.0-SNAPSHOT.jar!/logback.xml] is not of type file
19:32:38,399 |-INFO in ch.qos.logback.classic.joran.action.ConfigurationAction - debug attribute not set
19:32:38,399 |-INFO in ch.qos.logback.core.joran.action.AppenderAction - About to instantiate appender of type [ch.qos.logback.core.ConsoleAppender]
19:32:38,416 |-INFO in ch.qos.logback.core.joran.action.AppenderAction - Naming appender as [STDOUT]
19:32:38,435 |-INFO in ch.qos.logback.core.joran.action.NestedComplexPropertyIA - Assuming default type [ch.qos.logback.classic.encoder.PatternLayoutEncoder] for [encoder] property
19:32:38,516 |-INFO in ch.qos.logback.core.joran.action.AppenderAction - About to instantiate appender of type [ch.qos.logback.core.rolling.RollingFileAppender]
19:32:38,522 |-INFO in ch.qos.logback.core.joran.action.AppenderAction - Naming appender as [FILE]
19:32:38,555 |-INFO in c.q.l.core.rolling.TimeBasedRollingPolicy@127618319 - No compression will be used
19:32:38,556 |-INFO in c.q.l.core.rolling.TimeBasedRollingPolicy@127618319 - Will use the pattern /tmp/application_%d{yyyy-MM-dd}.%i.log for the active file
19:32:38,560 |-INFO in ch.qos.logback.core.rolling.SizeAndTimeBasedFNATP@6b2fad11 - The date pattern is 'yyyy-MM-dd' from file name pattern '/tmp/application_%d{yyyy-MM-dd}.%i.log'.
19:32:38,560 |-INFO in ch.qos.logback.core.rolling.SizeAndTimeBasedFNATP@6b2fad11 - Roll-over at midnight.
19:32:38,565 |-INFO in ch.qos.logback.core.rolling.SizeAndTimeBasedFNATP@6b2fad11 - Setting initial period to Mon Jun 10 19:31:10 UTC 2019
19:32:38,565 |-WARN in ch.qos.logback.core.rolling.SizeAndTimeBasedFNATP@6b2fad11 - SizeAndTimeBasedFNATP is deprecated. Use SizeAndTimeBasedRollingPolicy instead
19:32:38,565 |-WARN in ch.qos.logback.core.rolling.SizeAndTimeBasedFNATP@6b2fad11 - For more information see http://logback.qos.ch/manual/appenders.html#SizeAndTimeBasedRollingPolicy
19:32:38,569 |-INFO in ch.qos.logback.core.joran.action.NestedComplexPropertyIA - Assuming default type [ch.qos.logback.classic.encoder.PatternLayoutEncoder] for [encoder] property
19:32:38,574 |-INFO in ch.qos.logback.core.rolling.RollingFileAppender[FILE] - Active log file name: /tmp/application.log
19:32:38,574 |-INFO in ch.qos.logback.core.rolling.RollingFileAppender[FILE] - File property is set to [/tmp/application.log]
19:32:38,575 |-INFO in ch.qos.logback.classic.joran.action.RootLoggerAction - Setting level of ROOT logger to WARN
19:32:38,575 |-INFO in ch.qos.logback.core.joran.action.AppenderRefAction - Attaching appender named [STDOUT] to Logger[ROOT]
19:32:38,577 |-INFO in ch.qos.logback.core.joran.action.AppenderRefAction - Attaching appender named [FILE] to Logger[ROOT]
19:32:38,577 |-INFO in ch.qos.logback.classic.joran.action.ConfigurationAction - End of configuration.
19:32:38,577 |-INFO in ch.qos.logback.classic.joran.JoranConfigurator@79698539 - Registering current configuration as safe fallback point

Ama winner
Ama winner
2019-06-10T19:32:39.901+0000: 1.788: [Full GC (Metadata GC Threshold) 2019-06-10T19:32:39.901+0000: 1.788: [Tenured: 0K->15143K(341376K), 0.0390451 secs] 115116K->15143K(494976K), [Metaspace: 20731K->20731K(1067008K)], 0.0391108 secs] [Times: user=0.04 sys=0.00, real=0.04 secs] 
19:32:52.314 [Curator-PathChildrenCache-1] WARN  o.a.c.u.ZKPaths  - The version of ZooKeeper being used doesn't support Container nodes. CreateMode.PERSISTENT will be used instead.
2019-06-10T19:32:54.515+0000: 16.402: [GC (Allocation Failure) 2019-06-10T19:32:54.515+0000: 16.402: [DefNew: 136576K->17024K(153600K), 0.0283648 secs] 151719K->52696K(494976K), 0.0284310 secs] [Times: user=0.03 sys=0.00, real=0.03 secs] 
2019-06-10T19:32:56.269+0000: 18.156: [Full GC (Metadata GC Threshold) 2019-06-10T19:32:56.269+0000: 18.156: [Tenured: 35672K->44391K(341376K), 0.0424026 secs] 91710K->44391K(494976K), [Metaspace: 34532K->34532K(1079296K)], 0.0425063 secs] [Times: user=0.04 sys=0.00, real=0.04 secs] 
2019-06-10T19:33:01.162+0000: 23.049: [GC (Allocation Failure) 2019-06-10T19:33:01.162+0000: 23.049: [DefNew: 136576K->66K(153600K), 0.0017765 secs] 180967K->44457K(494976K), 0.0018335 secs] [Times: user=0.00 sys=0.00, real=0.00 secs] 
2019-06-10T19:33:06.166+0000: 28.053: [GC (Allocation Failure) 2019-06-10T19:33:06.166+0000: 28.053: [DefNew: 136642K->69K(153600K), 0.0016691 secs] 181033K->44460K(494976K), 0.0017285 secs] [Times: user=0.00 sys=0.00, real=0.00 secs] 
2019-06-10T19:33:11.241+0000: 33.130: [GC (Allocation Failure) 2019-06-10T19:33:11.242+0000: 33.130: [DefNew: 136645K->68K(153600K), 0.0017961 secs] 181036K->44459K(494976K), 0.0029070 secs] [Times: user=0.00 sys=0.00, real=0.01 secs] 
2019-06-10T19:33:16.225+0000: 38.113: [GC (Allocation Failure) 2019-06-10T19:33:16.225+0000: 38.113: [DefNew: 136644K->70K(153600K), 0.0017419 secs] 181035K->44461K(494976K), 0.0018078 secs] [Times: user=0.01 sys=0.00, real=0.00 secs] 
2019-06-10T19:33:31.185+0000: 53.072: [GC (Allocation Failure) 2019-06-10T19:33:31.185+0000: 53.072: [DefNew: 136646K->105K(153600K), 0.0018824 secs] 181037K->44496K(494976K), 0.0019322 secs] [Times: user=0.00 sys=0.00, real=0.00 secs] 
19:33:31.255 [Curator-PathChildrenCache-0] ERROR o.a.c.f.r.c.PathChildrenCache  - 
java.lang.IllegalStateException: instance must be started before calling this method
	at org.apache.curator.shaded.com.google.common.base.Preconditions.checkState(Preconditions.java:444)
	at org.apache.curator.framework.imps.CuratorFrameworkImpl.getChildren(CuratorFrameworkImpl.java:456)
	at org.apache.curator.framework.recipes.cache.PathChildrenCache.refresh(PathChildrenCache.java:521)
	at org.apache.curator.framework.recipes.cache.RefreshOperation.invoke(RefreshOperation.java:35)
	at org.apache.curator.framework.recipes.cache.PathChildrenCache$9.run(PathChildrenCache.java:786)
	at java.util.concurrent.Executors$RunnableAdapter.call(Executors.java:511)
	at java.util.concurrent.FutureTask.run(FutureTask.java:266)
	at java.util.concurrent.Executors$RunnableAdapter.call(Executors.java:511)
	at java.util.concurrent.FutureTask.run(FutureTask.java:266)
	at java.util.concurrent.ThreadPoolExecutor.runWorker(ThreadPoolExecutor.java:1149)
	at java.util.concurrent.ThreadPoolExecutor$Worker.run(ThreadPoolExecutor.java:624)
	at java.lang.Thread.run(Thread.java:748)
Heap
 def new generation   total 153600K, used 15183K [0x00000000e0c00000, 0x00000000eb2a0000, 0x00000000eb2a0000)
  eden space 136576K,  11% used [0x00000000e0c00000, 0x00000000e1ab9720, 0x00000000e9160000)
  from space 17024K,   0% used [0x00000000e9160000, 0x00000000e917a6c8, 0x00000000ea200000)
  to   space 17024K,   0% used [0x00000000ea200000, 0x00000000ea200000, 0x00000000eb2a0000)
 tenured generation   total 341376K, used 44391K [0x00000000eb2a0000, 0x0000000100000000, 0x0000000100000000)
   the space 341376K,  13% used [0x00000000eb2a0000, 0x00000000eddf9c00, 0x00000000eddf9c00, 0x0000000100000000)
 Metaspace       used 35665K, capacity 36540K, committed 36864K, reserved 1081344K
  class space    used 4820K, capacity 5020K, committed 5120K, reserved 1048576K
