11:34:44,410 |-INFO in ch.qos.logback.classic.LoggerContext[default] - Could NOT find resource [logback-test.xml]
11:34:44,410 |-INFO in ch.qos.logback.classic.LoggerContext[default] - Could NOT find resource [logback.groovy]
11:34:44,410 |-INFO in ch.qos.logback.classic.LoggerContext[default] - Found resource [logback.xml] at [jar:file:/home/nikitasokolov/flamestream/lib/flamestream-runtime-1.0-SNAPSHOT.jar!/logback.xml]
11:34:44,410 |-WARN in ch.qos.logback.classic.LoggerContext[default] - Resource [logback.xml] occurs multiple times on the classpath.
11:34:44,411 |-WARN in ch.qos.logback.classic.LoggerContext[default] - Resource [logback.xml] occurs at [jar:file:/home/nikitasokolov/flamestream/lib/flamestream-runtime-1.0-SNAPSHOT.jar!/logback.xml]
11:34:44,411 |-WARN in ch.qos.logback.classic.LoggerContext[default] - Resource [logback.xml] occurs at [jar:file:/home/nikitasokolov/flamestream/flamestream-runtime-1.0-SNAPSHOT.jar!/logback.xml]
11:34:44,427 |-INFO in ch.qos.logback.core.joran.spi.ConfigurationWatchList@6108b2d7 - URL [jar:file:/home/nikitasokolov/flamestream/lib/flamestream-runtime-1.0-SNAPSHOT.jar!/logback.xml] is not of type file
11:34:44,478 |-INFO in ch.qos.logback.classic.joran.action.ConfigurationAction - debug attribute not set
11:34:44,479 |-INFO in ch.qos.logback.core.joran.action.AppenderAction - About to instantiate appender of type [ch.qos.logback.core.ConsoleAppender]
11:34:44,487 |-INFO in ch.qos.logback.core.joran.action.AppenderAction - Naming appender as [STDOUT]
11:34:44,496 |-INFO in ch.qos.logback.core.joran.action.NestedComplexPropertyIA - Assuming default type [ch.qos.logback.classic.encoder.PatternLayoutEncoder] for [encoder] property
11:34:44,552 |-INFO in ch.qos.logback.core.joran.action.AppenderAction - About to instantiate appender of type [ch.qos.logback.core.rolling.RollingFileAppender]
11:34:44,557 |-INFO in ch.qos.logback.core.joran.action.AppenderAction - Naming appender as [FILE]
11:34:44,580 |-INFO in c.q.l.core.rolling.TimeBasedRollingPolicy@357863579 - No compression will be used
11:34:44,581 |-INFO in c.q.l.core.rolling.TimeBasedRollingPolicy@357863579 - Will use the pattern /tmp/application_%d{yyyy-MM-dd}.%i.log for the active file
11:34:44,584 |-INFO in ch.qos.logback.core.rolling.SizeAndTimeBasedFNATP@6bf256fa - The date pattern is 'yyyy-MM-dd' from file name pattern '/tmp/application_%d{yyyy-MM-dd}.%i.log'.
11:34:44,584 |-INFO in ch.qos.logback.core.rolling.SizeAndTimeBasedFNATP@6bf256fa - Roll-over at midnight.
11:34:44,588 |-INFO in ch.qos.logback.core.rolling.SizeAndTimeBasedFNATP@6bf256fa - Setting initial period to Sun Jun 09 11:33:58 MSK 2019
11:34:44,588 |-WARN in ch.qos.logback.core.rolling.SizeAndTimeBasedFNATP@6bf256fa - SizeAndTimeBasedFNATP is deprecated. Use SizeAndTimeBasedRollingPolicy instead
11:34:44,588 |-WARN in ch.qos.logback.core.rolling.SizeAndTimeBasedFNATP@6bf256fa - For more information see http://logback.qos.ch/manual/appenders.html#SizeAndTimeBasedRollingPolicy
11:34:44,592 |-INFO in ch.qos.logback.core.joran.action.NestedComplexPropertyIA - Assuming default type [ch.qos.logback.classic.encoder.PatternLayoutEncoder] for [encoder] property
11:34:44,595 |-INFO in ch.qos.logback.core.rolling.RollingFileAppender[FILE] - Active log file name: /tmp/application.log
11:34:44,596 |-INFO in ch.qos.logback.core.rolling.RollingFileAppender[FILE] - File property is set to [/tmp/application.log]
11:34:44,597 |-INFO in ch.qos.logback.classic.joran.action.RootLoggerAction - Setting level of ROOT logger to WARN
11:34:44,597 |-INFO in ch.qos.logback.core.joran.action.AppenderRefAction - Attaching appender named [STDOUT] to Logger[ROOT]
11:34:44,597 |-INFO in ch.qos.logback.core.joran.action.AppenderRefAction - Attaching appender named [FILE] to Logger[ROOT]
11:34:44,597 |-INFO in ch.qos.logback.classic.joran.action.ConfigurationAction - End of configuration.
11:34:44,598 |-INFO in ch.qos.logback.classic.joran.JoranConfigurator@6cd8737 - Registering current configuration as safe fallback point

2019-06-09T11:34:45.593+0300: 1.392: [GC (Metadata GC Threshold) [PSYoungGen: 108152K->15795K(149504K)] 108152K->15875K(491008K), 0.0162953 secs] [Times: user=0.04 sys=0.02, real=0.01 secs] 
2019-06-09T11:34:45.609+0300: 1.408: [Full GC (Metadata GC Threshold) [PSYoungGen: 15795K->0K(149504K)] [ParOldGen: 80K->15078K(341504K)] 15875K->15078K(491008K), [Metaspace: 20802K->20802K(1067008K)], 0.0266018 secs] [Times: user=0.13 sys=0.03, real=0.03 secs] 
11:34:53.778 [Curator-PathChildrenCache-2] WARN  o.a.c.u.ZKPaths  - The version of ZooKeeper being used doesn't support Container nodes. CreateMode.PERSISTENT will be used instead.
2019-06-09T11:34:54.740+0300: 10.540: [GC (Metadata GC Threshold) [PSYoungGen: 123581K->16748K(149504K)] 138659K->51365K(491008K), 0.0334463 secs] [Times: user=0.26 sys=0.02, real=0.03 secs] 
2019-06-09T11:34:54.774+0300: 10.573: [Full GC (Metadata GC Threshold) [PSYoungGen: 16748K->0K(149504K)] [ParOldGen: 34617K->39858K(341504K)] 51365K->39858K(491008K), [Metaspace: 34362K->34362K(1079296K)], 0.0328357 secs] [Times: user=0.17 sys=0.02, real=0.03 secs] 
2019-06-09T11:34:58.772+0300: 14.571: [GC (Allocation Failure) [PSYoungGen: 128512K->512K(149504K)] 168370K->40378K(491008K), 0.0045901 secs] [Times: user=0.00 sys=0.03, real=0.00 secs] 
2019-06-09T11:35:03.148+0300: 18.947: [GC (Allocation Failure) [PSYoungGen: 129024K->512K(149504K)] 168890K->40386K(491008K), 0.0065850 secs] [Times: user=0.05 sys=0.00, real=0.01 secs] 
2019-06-09T11:35:07.561+0300: 23.360: [GC (Allocation Failure) [PSYoungGen: 129024K->544K(129536K)] 168898K->40426K(471040K), 0.0024897 secs] [Times: user=0.00 sys=0.01, real=0.00 secs] 
2019-06-09T11:35:11.942+0300: 27.741: [GC (Allocation Failure) [PSYoungGen: 129056K->576K(148992K)] 168938K->40466K(490496K), 0.0055734 secs] [Times: user=0.02 sys=0.01, real=0.00 secs] 
2019-06-09T11:35:16.305+0300: 32.105: [GC (Allocation Failure) [PSYoungGen: 127552K->640K(148480K)] 167442K->40538K(489984K), 0.0032831 secs] [Times: user=0.02 sys=0.00, real=0.00 secs] 
2019-06-09T11:35:20.677+0300: 36.476: [GC (Allocation Failure) [PSYoungGen: 127616K->608K(151040K)] 167514K->40514K(492544K), 0.0028536 secs] [Times: user=0.00 sys=0.01, real=0.01 secs] 
2019-06-09T11:35:25.211+0300: 41.011: [GC (Allocation Failure) [PSYoungGen: 131168K->672K(150016K)] 171074K->40586K(491520K), 0.0032726 secs] [Times: user=0.01 sys=0.01, real=0.00 secs] 
2019-06-09T11:35:29.757+0300: 45.556: [GC (Allocation Failure) [PSYoungGen: 131232K->736K(152576K)] 171146K->40658K(494080K), 0.0043844 secs] [Times: user=0.04 sys=0.00, real=0.01 secs] 
2019-06-09T11:35:34.413+0300: 50.212: [GC (Allocation Failure) [PSYoungGen: 134880K->672K(152064K)] 174802K->40602K(493568K), 0.0032951 secs] [Times: user=0.01 sys=0.00, real=0.00 secs] 
2019-06-09T11:35:39.058+0300: 54.857: [GC (Allocation Failure) [PSYoungGen: 134816K->736K(154624K)] 174746K->40674K(496128K), 0.0046775 secs] [Times: user=0.03 sys=0.01, real=0.00 secs] 
11:35:45.887 [Curator-PathChildrenCache-0] ERROR o.a.c.f.r.c.PathChildrenCache  - 
java.lang.IllegalStateException: instance must be started before calling this method
	at org.apache.curator.shaded.com.google.common.base.Preconditions.checkState(Preconditions.java:444)
	at org.apache.curator.framework.imps.CuratorFrameworkImpl.getChildren(CuratorFrameworkImpl.java:456)
	at org.apache.curator.framework.recipes.cache.PathChildrenCache.refresh(PathChildrenCache.java:521)
	at org.apache.curator.framework.recipes.cache.RefreshOperation.invoke(RefreshOperation.java:35)
	at org.apache.curator.framework.recipes.cache.PathChildrenCache$9.run(PathChildrenCache.java:786)
	at java.util.concurrent.Executors$RunnableAdapter.call(Executors.java:511)
	at java.util.concurrent.FutureTask.run(FutureTask.java:266)
	at java.util.concurrent.Executors$RunnableAdapter.call(Executors.java:511)
	at java.util.concurrent.FutureTask.run(FutureTask.java:266)
	at java.util.concurrent.ThreadPoolExecutor.runWorker(ThreadPoolExecutor.java:1149)
	at java.util.concurrent.ThreadPoolExecutor$Worker.run(ThreadPoolExecutor.java:624)
	at java.lang.Thread.run(Thread.java:748)
Heap
 PSYoungGen      total 154624K, used 22729K [0x00000000f5980000, 0x0000000100000000, 0x0000000100000000)
  eden space 137728K, 15% used [0x00000000f5980000,0x00000000f6efa628,0x00000000fe000000)
  from space 16896K, 4% used [0x00000000fef80000,0x00000000ff038070,0x0000000100000000)
  to   space 15872K, 0% used [0x00000000fe000000,0x00000000fe000000,0x00000000fef80000)
 ParOldGen       total 341504K, used 39938K [0x00000000e0c00000, 0x00000000f5980000, 0x00000000f5980000)
  object space 341504K, 11% used [0x00000000e0c00000,0x00000000e33008a8,0x00000000f5980000)
 Metaspace       used 36300K, capacity 37251K, committed 37464K, reserved 1081344K
  class space    used 5021K, capacity 5228K, committed 5248K, reserved 1048576K
