19:14:57,674 |-INFO in ch.qos.logback.classic.LoggerContext[default] - Could NOT find resource [logback-test.xml]
19:14:57,674 |-INFO in ch.qos.logback.classic.LoggerContext[default] - Could NOT find resource [logback.groovy]
19:14:57,675 |-INFO in ch.qos.logback.classic.LoggerContext[default] - Found resource [logback.xml] at [jar:file:/root/flamestream/lib/flamestream-runtime-1.0-SNAPSHOT.jar!/logback.xml]
19:14:57,675 |-WARN in ch.qos.logback.classic.LoggerContext[default] - Resource [logback.xml] occurs multiple times on the classpath.
19:14:57,676 |-WARN in ch.qos.logback.classic.LoggerContext[default] - Resource [logback.xml] occurs at [jar:file:/root/flamestream/lib/flamestream-runtime-1.0-SNAPSHOT.jar!/logback.xml]
19:14:57,676 |-WARN in ch.qos.logback.classic.LoggerContext[default] - Resource [logback.xml] occurs at [jar:file:/root/flamestream/flamestream-runtime-1.0-SNAPSHOT.jar!/logback.xml]
19:14:57,695 |-INFO in ch.qos.logback.core.joran.spi.ConfigurationWatchList@3fb6a447 - URL [jar:file:/root/flamestream/lib/flamestream-runtime-1.0-SNAPSHOT.jar!/logback.xml] is not of type file
19:14:57,761 |-INFO in ch.qos.logback.classic.joran.action.ConfigurationAction - debug attribute not set
19:14:57,762 |-INFO in ch.qos.logback.core.joran.action.AppenderAction - About to instantiate appender of type [ch.qos.logback.core.ConsoleAppender]
19:14:57,778 |-INFO in ch.qos.logback.core.joran.action.AppenderAction - Naming appender as [STDOUT]
19:14:57,796 |-INFO in ch.qos.logback.core.joran.action.NestedComplexPropertyIA - Assuming default type [ch.qos.logback.classic.encoder.PatternLayoutEncoder] for [encoder] property
19:14:57,881 |-INFO in ch.qos.logback.core.joran.action.AppenderAction - About to instantiate appender of type [ch.qos.logback.core.rolling.RollingFileAppender]
19:14:57,892 |-INFO in ch.qos.logback.core.joran.action.AppenderAction - Naming appender as [FILE]
19:14:57,920 |-INFO in c.q.l.core.rolling.TimeBasedRollingPolicy@127618319 - No compression will be used
19:14:57,922 |-INFO in c.q.l.core.rolling.TimeBasedRollingPolicy@127618319 - Will use the pattern /tmp/application_%d{yyyy-MM-dd}.%i.log for the active file
19:14:57,924 |-INFO in ch.qos.logback.core.rolling.SizeAndTimeBasedFNATP@6b2fad11 - The date pattern is 'yyyy-MM-dd' from file name pattern '/tmp/application_%d{yyyy-MM-dd}.%i.log'.
19:14:57,925 |-INFO in ch.qos.logback.core.rolling.SizeAndTimeBasedFNATP@6b2fad11 - Roll-over at midnight.
19:14:57,930 |-INFO in ch.qos.logback.core.rolling.SizeAndTimeBasedFNATP@6b2fad11 - Setting initial period to Mon Jun 10 19:13:19 UTC 2019
19:14:57,930 |-WARN in ch.qos.logback.core.rolling.SizeAndTimeBasedFNATP@6b2fad11 - SizeAndTimeBasedFNATP is deprecated. Use SizeAndTimeBasedRollingPolicy instead
19:14:57,930 |-WARN in ch.qos.logback.core.rolling.SizeAndTimeBasedFNATP@6b2fad11 - For more information see http://logback.qos.ch/manual/appenders.html#SizeAndTimeBasedRollingPolicy
19:14:57,934 |-INFO in ch.qos.logback.core.joran.action.NestedComplexPropertyIA - Assuming default type [ch.qos.logback.classic.encoder.PatternLayoutEncoder] for [encoder] property
19:14:57,938 |-INFO in ch.qos.logback.core.rolling.RollingFileAppender[FILE] - Active log file name: /tmp/application.log
19:14:57,939 |-INFO in ch.qos.logback.core.rolling.RollingFileAppender[FILE] - File property is set to [/tmp/application.log]
19:14:57,939 |-INFO in ch.qos.logback.classic.joran.action.RootLoggerAction - Setting level of ROOT logger to WARN
19:14:57,939 |-INFO in ch.qos.logback.core.joran.action.AppenderRefAction - Attaching appender named [STDOUT] to Logger[ROOT]
19:14:57,941 |-INFO in ch.qos.logback.core.joran.action.AppenderRefAction - Attaching appender named [FILE] to Logger[ROOT]
19:14:57,941 |-INFO in ch.qos.logback.classic.joran.action.ConfigurationAction - End of configuration.
19:14:57,942 |-INFO in ch.qos.logback.classic.joran.JoranConfigurator@79698539 - Registering current configuration as safe fallback point

Ama winner
Ama winner
2019-06-10T19:14:59.207+0000: 1.722: [Full GC (Metadata GC Threshold) 2019-06-10T19:14:59.207+0000: 1.722: [Tenured: 0K->15240K(341376K), 0.0406086 secs] 114987K->15240K(494976K), [Metaspace: 20734K->20734K(1067008K)], 0.0406773 secs] [Times: user=0.04 sys=0.00, real=0.04 secs] 
19:15:30.252 [Curator-PathChildrenCache-1] WARN  o.a.c.u.ZKPaths  - The version of ZooKeeper being used doesn't support Container nodes. CreateMode.PERSISTENT will be used instead.
2019-06-10T19:15:32.534+0000: 35.049: [GC (Allocation Failure) 2019-06-10T19:15:32.534+0000: 35.049: [DefNew: 136576K->17023K(153600K), 0.0269420 secs] 151816K->52918K(494976K), 0.0270156 secs] [Times: user=0.02 sys=0.02, real=0.02 secs] 
2019-06-10T19:15:35.939+0000: 38.454: [Full GC (Metadata GC Threshold) 2019-06-10T19:15:35.939+0000: 38.454: [Tenured: 35894K->44641K(341376K), 0.0625795 secs] 109430K->44641K(494976K), [Metaspace: 34614K->34614K(1079296K)], 0.0626697 secs] [Times: user=0.05 sys=0.01, real=0.06 secs] 
2019-06-10T19:15:44.492+0000: 47.007: [GC (Allocation Failure) 2019-06-10T19:15:44.492+0000: 47.007: [DefNew: 136576K->58K(153600K), 0.0018208 secs] 181217K->44699K(494976K), 0.0019002 secs] [Times: user=0.00 sys=0.00, real=0.00 secs] 
2019-06-10T19:15:53.076+0000: 55.591: [GC (Allocation Failure) 2019-06-10T19:15:53.076+0000: 55.591: [DefNew: 136634K->55K(153600K), 0.0016011 secs] 181275K->44696K(494976K), 0.0016621 secs] [Times: user=0.00 sys=0.00, real=0.00 secs] 
2019-06-10T19:16:02.105+0000: 64.620: [GC (Allocation Failure) 2019-06-10T19:16:02.105+0000: 64.620: [DefNew: 136631K->376K(153600K), 0.0021586 secs] 181272K->45017K(494976K), 0.0022220 secs] [Times: user=0.00 sys=0.00, real=0.00 secs] 
2019-06-10T19:16:12.450+0000: 74.965: [GC (Allocation Failure) 2019-06-10T19:16:12.450+0000: 74.965: [DefNew: 136952K->131K(153600K), 0.0019328 secs] 181593K->44772K(494976K), 0.0020065 secs] [Times: user=0.00 sys=0.00, real=0.01 secs] 
2019-06-10T19:16:22.740+0000: 85.256: [GC (Allocation Failure) 2019-06-10T19:16:22.741+0000: 85.256: [DefNew: 136707K->131K(153600K), 0.0019312 secs] 181348K->44772K(494976K), 0.0019920 secs] [Times: user=0.00 sys=0.00, real=0.00 secs] 
19:16:40.205 [Curator-PathChildrenCache-0] ERROR o.a.c.f.r.c.PathChildrenCache  - 
java.lang.IllegalStateException: instance must be started before calling this method
	at org.apache.curator.shaded.com.google.common.base.Preconditions.checkState(Preconditions.java:444)
	at org.apache.curator.framework.imps.CuratorFrameworkImpl.getChildren(CuratorFrameworkImpl.java:456)
	at org.apache.curator.framework.recipes.cache.PathChildrenCache.refresh(PathChildrenCache.java:521)
	at org.apache.curator.framework.recipes.cache.RefreshOperation.invoke(RefreshOperation.java:35)
	at org.apache.curator.framework.recipes.cache.PathChildrenCache$9.run(PathChildrenCache.java:786)
	at java.util.concurrent.Executors$RunnableAdapter.call(Executors.java:511)
	at java.util.concurrent.FutureTask.run(FutureTask.java:266)
	at java.util.concurrent.Executors$RunnableAdapter.call(Executors.java:511)
	at java.util.concurrent.FutureTask.run(FutureTask.java:266)
	at java.util.concurrent.ThreadPoolExecutor.runWorker(ThreadPoolExecutor.java:1149)
	at java.util.concurrent.ThreadPoolExecutor$Worker.run(ThreadPoolExecutor.java:624)
	at java.lang.Thread.run(Thread.java:748)
Heap
 def new generation   total 153600K, used 136168K [0x00000000e0c00000, 0x00000000eb2a0000, 0x00000000eb2a0000)
  eden space 136576K,  99% used [0x00000000e0c00000, 0x00000000e90d9128, 0x00000000e9160000)
  from space 17024K,   0% used [0x00000000e9160000, 0x00000000e9180ef8, 0x00000000ea200000)
  to   space 17024K,   0% used [0x00000000ea200000, 0x00000000ea200000, 0x00000000eb2a0000)
 tenured generation   total 341376K, used 44641K [0x00000000eb2a0000, 0x0000000100000000, 0x0000000100000000)
   the space 341376K,  13% used [0x00000000eb2a0000, 0x00000000ede38418, 0x00000000ede38600, 0x0000000100000000)
 Metaspace       used 36121K, capacity 36992K, committed 37120K, reserved 1081344K
  class space    used 4858K, capacity 5074K, committed 5120K, reserved 1048576K
