14:56:09,528 |-INFO in ch.qos.logback.classic.LoggerContext[default] - Could NOT find resource [logback-test.xml]
14:56:09,528 |-INFO in ch.qos.logback.classic.LoggerContext[default] - Could NOT find resource [logback.groovy]
14:56:09,528 |-INFO in ch.qos.logback.classic.LoggerContext[default] - Found resource [logback.xml] at [jar:file:/root/flamestream/lib/flamestream-runtime-1.0-SNAPSHOT.jar!/logback.xml]
14:56:09,529 |-WARN in ch.qos.logback.classic.LoggerContext[default] - Resource [logback.xml] occurs multiple times on the classpath.
14:56:09,529 |-WARN in ch.qos.logback.classic.LoggerContext[default] - Resource [logback.xml] occurs at [jar:file:/root/flamestream/lib/flamestream-runtime-1.0-SNAPSHOT.jar!/logback.xml]
14:56:09,529 |-WARN in ch.qos.logback.classic.LoggerContext[default] - Resource [logback.xml] occurs at [jar:file:/root/flamestream/flamestream-runtime-1.0-SNAPSHOT.jar!/logback.xml]
14:56:09,549 |-INFO in ch.qos.logback.core.joran.spi.ConfigurationWatchList@3fb6a447 - URL [jar:file:/root/flamestream/lib/flamestream-runtime-1.0-SNAPSHOT.jar!/logback.xml] is not of type file
14:56:09,621 |-INFO in ch.qos.logback.classic.joran.action.ConfigurationAction - debug attribute not set
14:56:09,621 |-INFO in ch.qos.logback.core.joran.action.AppenderAction - About to instantiate appender of type [ch.qos.logback.core.ConsoleAppender]
14:56:09,636 |-INFO in ch.qos.logback.core.joran.action.AppenderAction - Naming appender as [STDOUT]
14:56:09,655 |-INFO in ch.qos.logback.core.joran.action.NestedComplexPropertyIA - Assuming default type [ch.qos.logback.classic.encoder.PatternLayoutEncoder] for [encoder] property
14:56:09,742 |-INFO in ch.qos.logback.core.joran.action.AppenderAction - About to instantiate appender of type [ch.qos.logback.core.rolling.RollingFileAppender]
14:56:09,746 |-INFO in ch.qos.logback.core.joran.action.AppenderAction - Naming appender as [FILE]
14:56:09,776 |-INFO in c.q.l.core.rolling.TimeBasedRollingPolicy@127618319 - No compression will be used
14:56:09,778 |-INFO in c.q.l.core.rolling.TimeBasedRollingPolicy@127618319 - Will use the pattern /tmp/application_%d{yyyy-MM-dd}.%i.log for the active file
14:56:09,781 |-INFO in ch.qos.logback.core.rolling.SizeAndTimeBasedFNATP@6b2fad11 - The date pattern is 'yyyy-MM-dd' from file name pattern '/tmp/application_%d{yyyy-MM-dd}.%i.log'.
14:56:09,781 |-INFO in ch.qos.logback.core.rolling.SizeAndTimeBasedFNATP@6b2fad11 - Roll-over at midnight.
14:56:09,786 |-INFO in ch.qos.logback.core.rolling.SizeAndTimeBasedFNATP@6b2fad11 - Setting initial period to Mon Jun 10 14:54:53 UTC 2019
14:56:09,786 |-WARN in ch.qos.logback.core.rolling.SizeAndTimeBasedFNATP@6b2fad11 - SizeAndTimeBasedFNATP is deprecated. Use SizeAndTimeBasedRollingPolicy instead
14:56:09,786 |-WARN in ch.qos.logback.core.rolling.SizeAndTimeBasedFNATP@6b2fad11 - For more information see http://logback.qos.ch/manual/appenders.html#SizeAndTimeBasedRollingPolicy
14:56:09,790 |-INFO in ch.qos.logback.core.joran.action.NestedComplexPropertyIA - Assuming default type [ch.qos.logback.classic.encoder.PatternLayoutEncoder] for [encoder] property
14:56:09,795 |-INFO in ch.qos.logback.core.rolling.RollingFileAppender[FILE] - Active log file name: /tmp/application.log
14:56:09,795 |-INFO in ch.qos.logback.core.rolling.RollingFileAppender[FILE] - File property is set to [/tmp/application.log]
14:56:09,796 |-INFO in ch.qos.logback.classic.joran.action.RootLoggerAction - Setting level of ROOT logger to WARN
14:56:09,796 |-INFO in ch.qos.logback.core.joran.action.AppenderRefAction - Attaching appender named [STDOUT] to Logger[ROOT]
14:56:09,798 |-INFO in ch.qos.logback.core.joran.action.AppenderRefAction - Attaching appender named [FILE] to Logger[ROOT]
14:56:09,798 |-INFO in ch.qos.logback.classic.joran.action.ConfigurationAction - End of configuration.
14:56:09,798 |-INFO in ch.qos.logback.classic.joran.JoranConfigurator@79698539 - Registering current configuration as safe fallback point

Ama winner
Ama winner
2019-06-10T14:56:11.445+0000: 2.106: [Full GC (Metadata GC Threshold) 2019-06-10T14:56:11.445+0000: 2.106: [Tenured: 0K->15242K(341376K), 0.0407391 secs] 120481K->15242K(494976K), [Metaspace: 20735K->20735K(1067008K)], 0.0408081 secs] [Times: user=0.04 sys=0.00, real=0.04 secs] 
14:56:28.568 [Curator-PathChildrenCache-1] WARN  o.a.c.u.ZKPaths  - The version of ZooKeeper being used doesn't support Container nodes. CreateMode.PERSISTENT will be used instead.
2019-06-10T14:56:30.780+0000: 21.441: [GC (Allocation Failure) 2019-06-10T14:56:30.780+0000: 21.441: [DefNew: 136576K->17024K(153600K), 0.0264233 secs] 151818K->52676K(494976K), 0.0265056 secs] [Times: user=0.03 sys=0.00, real=0.02 secs] 
2019-06-10T14:56:31.592+0000: 22.253: [Full GC (Metadata GC Threshold) 2019-06-10T14:56:31.592+0000: 22.253: [Tenured: 35652K->44249K(341376K), 0.0428458 secs] 74419K->44249K(494976K), [Metaspace: 34582K->34582K(1079296K)], 0.0429182 secs] [Times: user=0.04 sys=0.01, real=0.04 secs] 
2019-06-10T14:56:38.438+0000: 29.099: [GC (Allocation Failure) 2019-06-10T14:56:38.438+0000: 29.100: [DefNew: 136576K->118K(153600K), 0.0019994 secs] 180825K->44368K(494976K), 0.0020707 secs] [Times: user=0.01 sys=0.00, real=0.00 secs] 
2019-06-10T14:56:45.494+0000: 36.156: [GC (Allocation Failure) 2019-06-10T14:56:45.494+0000: 36.156: [DefNew: 136694K->184K(153600K), 0.0018204 secs] 180944K->44434K(494976K), 0.0018809 secs] [Times: user=0.00 sys=0.00, real=0.00 secs] 
2019-06-10T14:56:52.369+0000: 43.031: [GC (Allocation Failure) 2019-06-10T14:56:52.369+0000: 43.031: [DefNew: 136760K->217K(153600K), 0.0019053 secs] 181010K->44466K(494976K), 0.0019773 secs] [Times: user=0.00 sys=0.00, real=0.00 secs] 
2019-06-10T14:56:59.142+0000: 49.803: [GC (Allocation Failure) 2019-06-10T14:56:59.142+0000: 49.803: [DefNew: 136793K->215K(153600K), 0.0019319 secs] 181042K->44465K(494976K), 0.0019941 secs] [Times: user=0.00 sys=0.00, real=0.00 secs] 
2019-06-10T14:57:05.996+0000: 56.657: [GC (Allocation Failure) 2019-06-10T14:57:05.996+0000: 56.658: [DefNew: 136791K->223K(153600K), 0.0020566 secs] 181041K->44473K(494976K), 0.0021196 secs] [Times: user=0.00 sys=0.00, real=0.01 secs] 
2019-06-10T14:57:19.151+0000: 69.812: [GC (Allocation Failure) 2019-06-10T14:57:19.151+0000: 69.812: [DefNew: 136799K->567K(153600K), 0.0025451 secs] 181049K->44816K(494976K), 0.0026082 secs] [Times: user=0.00 sys=0.00, real=0.00 secs] 
14:57:19.936 [Curator-PathChildrenCache-0] ERROR o.a.c.f.r.c.PathChildrenCache  - 
java.lang.IllegalStateException: instance must be started before calling this method
	at org.apache.curator.shaded.com.google.common.base.Preconditions.checkState(Preconditions.java:444)
	at org.apache.curator.framework.imps.CuratorFrameworkImpl.getChildren(CuratorFrameworkImpl.java:456)
	at org.apache.curator.framework.recipes.cache.PathChildrenCache.refresh(PathChildrenCache.java:521)
	at org.apache.curator.framework.recipes.cache.RefreshOperation.invoke(RefreshOperation.java:35)
	at org.apache.curator.framework.recipes.cache.PathChildrenCache$9.run(PathChildrenCache.java:786)
	at java.util.concurrent.Executors$RunnableAdapter.call(Executors.java:511)
	at java.util.concurrent.FutureTask.run(FutureTask.java:266)
	at java.util.concurrent.Executors$RunnableAdapter.call(Executors.java:511)
	at java.util.concurrent.FutureTask.run(FutureTask.java:266)
	at java.util.concurrent.ThreadPoolExecutor.runWorker(ThreadPoolExecutor.java:1149)
	at java.util.concurrent.ThreadPoolExecutor$Worker.run(ThreadPoolExecutor.java:624)
	at java.lang.Thread.run(Thread.java:748)
Heap
 def new generation   total 153600K, used 31128K [0x00000000e0c00000, 0x00000000eb2a0000, 0x00000000eb2a0000)
  eden space 136576K,  22% used [0x00000000e0c00000, 0x00000000e29d8540, 0x00000000e9160000)
  from space 17024K,   3% used [0x00000000ea200000, 0x00000000ea28de10, 0x00000000eb2a0000)
  to   space 17024K,   0% used [0x00000000e9160000, 0x00000000e9160000, 0x00000000ea200000)
 tenured generation   total 341376K, used 44249K [0x00000000eb2a0000, 0x0000000100000000, 0x0000000100000000)
   the space 341376K,  12% used [0x00000000eb2a0000, 0x00000000eddd65b8, 0x00000000eddd6600, 0x0000000100000000)
 Metaspace       used 36388K, capacity 37292K, committed 37376K, reserved 1081344K
  class space    used 4886K, capacity 5082K, committed 5120K, reserved 1048576K
