19:11:50,198 |-INFO in ch.qos.logback.classic.LoggerContext[default] - Could NOT find resource [logback-test.xml]
19:11:50,199 |-INFO in ch.qos.logback.classic.LoggerContext[default] - Could NOT find resource [logback.groovy]
19:11:50,199 |-INFO in ch.qos.logback.classic.LoggerContext[default] - Found resource [logback.xml] at [jar:file:/root/flamestream/lib/flamestream-runtime-1.0-SNAPSHOT.jar!/logback.xml]
19:11:50,199 |-WARN in ch.qos.logback.classic.LoggerContext[default] - Resource [logback.xml] occurs multiple times on the classpath.
19:11:50,199 |-WARN in ch.qos.logback.classic.LoggerContext[default] - Resource [logback.xml] occurs at [jar:file:/root/flamestream/lib/flamestream-runtime-1.0-SNAPSHOT.jar!/logback.xml]
19:11:50,199 |-WARN in ch.qos.logback.classic.LoggerContext[default] - Resource [logback.xml] occurs at [jar:file:/root/flamestream/flamestream-runtime-1.0-SNAPSHOT.jar!/logback.xml]
19:11:50,221 |-INFO in ch.qos.logback.core.joran.spi.ConfigurationWatchList@3fb6a447 - URL [jar:file:/root/flamestream/lib/flamestream-runtime-1.0-SNAPSHOT.jar!/logback.xml] is not of type file
19:11:50,299 |-INFO in ch.qos.logback.classic.joran.action.ConfigurationAction - debug attribute not set
19:11:50,299 |-INFO in ch.qos.logback.core.joran.action.AppenderAction - About to instantiate appender of type [ch.qos.logback.core.ConsoleAppender]
19:11:50,316 |-INFO in ch.qos.logback.core.joran.action.AppenderAction - Naming appender as [STDOUT]
19:11:50,335 |-INFO in ch.qos.logback.core.joran.action.NestedComplexPropertyIA - Assuming default type [ch.qos.logback.classic.encoder.PatternLayoutEncoder] for [encoder] property
19:11:50,421 |-INFO in ch.qos.logback.core.joran.action.AppenderAction - About to instantiate appender of type [ch.qos.logback.core.rolling.RollingFileAppender]
19:11:50,426 |-INFO in ch.qos.logback.core.joran.action.AppenderAction - Naming appender as [FILE]
19:11:50,459 |-INFO in c.q.l.core.rolling.TimeBasedRollingPolicy@127618319 - No compression will be used
19:11:50,461 |-INFO in c.q.l.core.rolling.TimeBasedRollingPolicy@127618319 - Will use the pattern /tmp/application_%d{yyyy-MM-dd}.%i.log for the active file
19:11:50,464 |-INFO in ch.qos.logback.core.rolling.SizeAndTimeBasedFNATP@6b2fad11 - The date pattern is 'yyyy-MM-dd' from file name pattern '/tmp/application_%d{yyyy-MM-dd}.%i.log'.
19:11:50,464 |-INFO in ch.qos.logback.core.rolling.SizeAndTimeBasedFNATP@6b2fad11 - Roll-over at midnight.
19:11:50,469 |-INFO in ch.qos.logback.core.rolling.SizeAndTimeBasedFNATP@6b2fad11 - Setting initial period to Mon Jun 10 19:10:25 UTC 2019
19:11:50,469 |-WARN in ch.qos.logback.core.rolling.SizeAndTimeBasedFNATP@6b2fad11 - SizeAndTimeBasedFNATP is deprecated. Use SizeAndTimeBasedRollingPolicy instead
19:11:50,469 |-WARN in ch.qos.logback.core.rolling.SizeAndTimeBasedFNATP@6b2fad11 - For more information see http://logback.qos.ch/manual/appenders.html#SizeAndTimeBasedRollingPolicy
19:11:50,473 |-INFO in ch.qos.logback.core.joran.action.NestedComplexPropertyIA - Assuming default type [ch.qos.logback.classic.encoder.PatternLayoutEncoder] for [encoder] property
19:11:50,478 |-INFO in ch.qos.logback.core.rolling.RollingFileAppender[FILE] - Active log file name: /tmp/application.log
19:11:50,478 |-INFO in ch.qos.logback.core.rolling.RollingFileAppender[FILE] - File property is set to [/tmp/application.log]
19:11:50,479 |-INFO in ch.qos.logback.classic.joran.action.RootLoggerAction - Setting level of ROOT logger to WARN
19:11:50,479 |-INFO in ch.qos.logback.core.joran.action.AppenderRefAction - Attaching appender named [STDOUT] to Logger[ROOT]
19:11:50,481 |-INFO in ch.qos.logback.core.joran.action.AppenderRefAction - Attaching appender named [FILE] to Logger[ROOT]
19:11:50,481 |-INFO in ch.qos.logback.classic.joran.action.ConfigurationAction - End of configuration.
19:11:50,482 |-INFO in ch.qos.logback.classic.joran.JoranConfigurator@79698539 - Registering current configuration as safe fallback point

Ama winner
Ama winner
2019-06-10T19:11:51.739+0000: 1.725: [Full GC (Metadata GC Threshold) 2019-06-10T19:11:51.739+0000: 1.725: [Tenured: 0K->15138K(341376K), 0.0344917 secs] 114988K->15138K(494976K), [Metaspace: 20730K->20730K(1067008K)], 0.0345575 secs] [Times: user=0.03 sys=0.00, real=0.03 secs] 
19:12:10.214 [Curator-PathChildrenCache-1] WARN  o.a.c.u.ZKPaths  - The version of ZooKeeper being used doesn't support Container nodes. CreateMode.PERSISTENT will be used instead.
2019-06-10T19:12:12.516+0000: 22.503: [GC (Allocation Failure) 2019-06-10T19:12:12.516+0000: 22.503: [DefNew: 136576K->17023K(153600K), 0.0264125 secs] 151714K->52645K(494976K), 0.0264927 secs] [Times: user=0.02 sys=0.01, real=0.02 secs] 
2019-06-10T19:12:15.293+0000: 25.279: [Full GC (Metadata GC Threshold) 2019-06-10T19:12:15.293+0000: 25.279: [Tenured: 35621K->44179K(341376K), 0.0443612 secs] 102872K->44179K(494976K), [Metaspace: 34521K->34521K(1079296K)], 0.0444391 secs] [Times: user=0.04 sys=0.00, real=0.05 secs] 
2019-06-10T19:12:23.922+0000: 33.908: [GC (Allocation Failure) 2019-06-10T19:12:23.922+0000: 33.908: [DefNew: 136576K->55K(153600K), 0.0017211 secs] 180755K->44234K(494976K), 0.0017840 secs] [Times: user=0.00 sys=0.00, real=0.00 secs] 
2019-06-10T19:12:32.471+0000: 42.458: [GC (Allocation Failure) 2019-06-10T19:12:32.472+0000: 42.458: [DefNew: 136631K->58K(153600K), 0.0016744 secs] 180810K->44237K(494976K), 0.0017353 secs] [Times: user=0.00 sys=0.00, real=0.00 secs] 
2019-06-10T19:12:41.124+0000: 51.110: [GC (Allocation Failure) 2019-06-10T19:12:41.124+0000: 51.110: [DefNew: 136634K->54K(153600K), 0.0016629 secs] 180813K->44234K(494976K), 0.0017266 secs] [Times: user=0.00 sys=0.00, real=0.01 secs] 
2019-06-10T19:12:49.811+0000: 59.797: [GC (Allocation Failure) 2019-06-10T19:12:49.811+0000: 59.797: [DefNew: 136630K->56K(153600K), 0.0017797 secs] 180810K->44235K(494976K), 0.0018441 secs] [Times: user=0.01 sys=0.00, real=0.00 secs] 
2019-06-10T19:12:59.513+0000: 69.499: [GC (Allocation Failure) 2019-06-10T19:12:59.513+0000: 69.499: [DefNew: 136632K->387K(153600K), 0.0021556 secs] 180811K->44566K(494976K), 0.0022175 secs] [Times: user=0.00 sys=0.00, real=0.00 secs] 
19:13:19.855 [Curator-PathChildrenCache-0] ERROR o.a.c.f.r.c.PathChildrenCache  - 
java.lang.IllegalStateException: instance must be started before calling this method
	at org.apache.curator.shaded.com.google.common.base.Preconditions.checkState(Preconditions.java:444)
	at org.apache.curator.framework.imps.CuratorFrameworkImpl.getChildren(CuratorFrameworkImpl.java:456)
	at org.apache.curator.framework.recipes.cache.PathChildrenCache.refresh(PathChildrenCache.java:521)
	at org.apache.curator.framework.recipes.cache.RefreshOperation.invoke(RefreshOperation.java:35)
	at org.apache.curator.framework.recipes.cache.PathChildrenCache$9.run(PathChildrenCache.java:786)
	at java.util.concurrent.Executors$RunnableAdapter.call(Executors.java:511)
	at java.util.concurrent.FutureTask.run(FutureTask.java:266)
	at java.util.concurrent.Executors$RunnableAdapter.call(Executors.java:511)
	at java.util.concurrent.FutureTask.run(FutureTask.java:266)
	at java.util.concurrent.ThreadPoolExecutor.runWorker(ThreadPoolExecutor.java:1149)
	at java.util.concurrent.ThreadPoolExecutor$Worker.run(ThreadPoolExecutor.java:624)
	at java.lang.Thread.run(Thread.java:748)
2019-06-10T19:13:20.083+0000: 90.069: [GC (Allocation Failure) 2019-06-10T19:13:20.083+0000: 90.069: [DefNew: 136963K->743K(153600K), 0.0030255 secs] 181142K->44922K(494976K), 0.0030865 secs] [Times: user=0.00 sys=0.00, real=0.01 secs] 
Heap
 def new generation   total 153600K, used 11231K [0x00000000e0c00000, 0x00000000eb2a0000, 0x00000000eb2a0000)
  eden space 136576K,   7% used [0x00000000e0c00000, 0x00000000e163e0c0, 0x00000000e9160000)
  from space 17024K,   4% used [0x00000000ea200000, 0x00000000ea2b9cb8, 0x00000000eb2a0000)
  to   space 17024K,   0% used [0x00000000e9160000, 0x00000000e9160000, 0x00000000ea200000)
 tenured generation   total 341376K, used 44179K [0x00000000eb2a0000, 0x0000000100000000, 0x0000000100000000)
   the space 341376K,  12% used [0x00000000eb2a0000, 0x00000000eddc4c58, 0x00000000eddc4e00, 0x0000000100000000)
 Metaspace       used 36120K, capacity 36986K, committed 37120K, reserved 1081344K
  class space    used 4858K, capacity 5073K, committed 5120K, reserved 1048576K
