13:51:22,067 |-INFO in ch.qos.logback.classic.LoggerContext[default] - Could NOT find resource [logback-test.xml]
13:51:22,067 |-INFO in ch.qos.logback.classic.LoggerContext[default] - Could NOT find resource [logback.groovy]
13:51:22,067 |-INFO in ch.qos.logback.classic.LoggerContext[default] - Found resource [logback.xml] at [jar:file:/home/nikitasokolov/flamestream/lib/flamestream-runtime-1.0-SNAPSHOT.jar!/logback.xml]
13:51:22,068 |-WARN in ch.qos.logback.classic.LoggerContext[default] - Resource [logback.xml] occurs multiple times on the classpath.
13:51:22,068 |-WARN in ch.qos.logback.classic.LoggerContext[default] - Resource [logback.xml] occurs at [jar:file:/home/nikitasokolov/flamestream/lib/flamestream-runtime-1.0-SNAPSHOT.jar!/logback.xml]
13:51:22,068 |-WARN in ch.qos.logback.classic.LoggerContext[default] - Resource [logback.xml] occurs at [jar:file:/home/nikitasokolov/flamestream/flamestream-runtime-1.0-SNAPSHOT.jar!/logback.xml]
13:51:22,084 |-INFO in ch.qos.logback.core.joran.spi.ConfigurationWatchList@6bf256fa - URL [jar:file:/home/nikitasokolov/flamestream/lib/flamestream-runtime-1.0-SNAPSHOT.jar!/logback.xml] is not of type file
13:51:22,136 |-INFO in ch.qos.logback.classic.joran.action.ConfigurationAction - debug attribute not set
13:51:22,137 |-INFO in ch.qos.logback.core.joran.action.AppenderAction - About to instantiate appender of type [ch.qos.logback.core.ConsoleAppender]
13:51:22,144 |-INFO in ch.qos.logback.core.joran.action.AppenderAction - Naming appender as [STDOUT]
13:51:22,151 |-INFO in ch.qos.logback.core.joran.action.NestedComplexPropertyIA - Assuming default type [ch.qos.logback.classic.encoder.PatternLayoutEncoder] for [encoder] property
13:51:22,210 |-INFO in ch.qos.logback.core.joran.action.AppenderAction - About to instantiate appender of type [ch.qos.logback.core.rolling.RollingFileAppender]
13:51:22,216 |-INFO in ch.qos.logback.core.joran.action.AppenderAction - Naming appender as [FILE]
13:51:22,238 |-INFO in c.q.l.core.rolling.TimeBasedRollingPolicy@114132791 - No compression will be used
13:51:22,240 |-INFO in c.q.l.core.rolling.TimeBasedRollingPolicy@114132791 - Will use the pattern /tmp/application_%d{yyyy-MM-dd}.%i.log for the active file
13:51:22,243 |-INFO in ch.qos.logback.core.rolling.SizeAndTimeBasedFNATP@22f71333 - The date pattern is 'yyyy-MM-dd' from file name pattern '/tmp/application_%d{yyyy-MM-dd}.%i.log'.
13:51:22,243 |-INFO in ch.qos.logback.core.rolling.SizeAndTimeBasedFNATP@22f71333 - Roll-over at midnight.
13:51:22,247 |-INFO in ch.qos.logback.core.rolling.SizeAndTimeBasedFNATP@22f71333 - Setting initial period to Thu May 30 13:50:24 MSK 2019
13:51:22,247 |-WARN in ch.qos.logback.core.rolling.SizeAndTimeBasedFNATP@22f71333 - SizeAndTimeBasedFNATP is deprecated. Use SizeAndTimeBasedRollingPolicy instead
13:51:22,247 |-WARN in ch.qos.logback.core.rolling.SizeAndTimeBasedFNATP@22f71333 - For more information see http://logback.qos.ch/manual/appenders.html#SizeAndTimeBasedRollingPolicy
13:51:22,251 |-INFO in ch.qos.logback.core.joran.action.NestedComplexPropertyIA - Assuming default type [ch.qos.logback.classic.encoder.PatternLayoutEncoder] for [encoder] property
13:51:22,254 |-INFO in ch.qos.logback.core.rolling.RollingFileAppender[FILE] - Active log file name: /tmp/application.log
13:51:22,254 |-INFO in ch.qos.logback.core.rolling.RollingFileAppender[FILE] - File property is set to [/tmp/application.log]
13:51:22,256 |-INFO in ch.qos.logback.classic.joran.action.RootLoggerAction - Setting level of ROOT logger to WARN
13:51:22,256 |-INFO in ch.qos.logback.core.joran.action.AppenderRefAction - Attaching appender named [STDOUT] to Logger[ROOT]
13:51:22,256 |-INFO in ch.qos.logback.core.joran.action.AppenderRefAction - Attaching appender named [FILE] to Logger[ROOT]
13:51:22,256 |-INFO in ch.qos.logback.classic.joran.action.ConfigurationAction - End of configuration.
13:51:22,257 |-INFO in ch.qos.logback.classic.joran.JoranConfigurator@13969fbe - Registering current configuration as safe fallback point

Ama winner
Ama winner
2019-05-30T13:51:23.273+0300: 1.403: [GC (Metadata GC Threshold) [PSYoungGen: 95242K->15909K(149504K)] 95242K->15989K(491008K), 0.0252544 secs] [Times: user=0.07 sys=0.05, real=0.02 secs] 
2019-05-30T13:51:23.298+0300: 1.428: [Full GC (Metadata GC Threshold) [PSYoungGen: 15909K->0K(149504K)] [ParOldGen: 80K->15086K(341504K)] 15989K->15086K(491008K), [Metaspace: 20801K->20801K(1067008K)], 0.0253771 secs] [Times: user=0.14 sys=0.02, real=0.03 secs] 
13:51:35.737 [Curator-PathChildrenCache-1] WARN  o.a.c.u.ZKPaths  - The version of ZooKeeper being used doesn't support Container nodes. CreateMode.PERSISTENT will be used instead.
2019-05-30T13:51:36.779+0300: 14.909: [GC (Allocation Failure) [PSYoungGen: 128512K->16056K(149504K)] 143598K->50682K(491008K), 0.0269639 secs] [Times: user=0.20 sys=0.01, real=0.02 secs] 
2019-05-30T13:51:37.185+0300: 15.315: [GC (Metadata GC Threshold) [PSYoungGen: 29235K->6080K(149504K)] 63860K->40714K(491008K), 0.0044210 secs] [Times: user=0.03 sys=0.00, real=0.00 secs] 
2019-05-30T13:51:37.190+0300: 15.319: [Full GC (Metadata GC Threshold) [PSYoungGen: 6080K->0K(149504K)] [ParOldGen: 34633K->29789K(341504K)] 40714K->29789K(491008K), [Metaspace: 34543K->34543K(1079296K)], 0.0358852 secs] [Times: user=0.21 sys=0.00, real=0.04 secs] 
2019-05-30T13:51:52.123+0300: 30.252: [GC (Allocation Failure) [PSYoungGen: 128512K->992K(149504K)] 158301K->30789K(491008K), 0.0051772 secs] [Times: user=0.02 sys=0.01, real=0.00 secs] 
2019-05-30T13:52:07.703+0300: 45.833: [GC (Allocation Failure) [PSYoungGen: 129504K->1184K(130048K)] 159301K->30989K(471552K), 0.0097005 secs] [Times: user=0.09 sys=0.01, real=0.01 secs] 
2019-05-30T13:52:25.053+0300: 63.182: [GC (Allocation Failure) [PSYoungGen: 129696K->1535K(149504K)] 159501K->31349K(491008K), 0.0047789 secs] [Times: user=0.03 sys=0.00, real=0.00 secs] 
2019-05-30T13:52:47.840+0300: 85.970: [GC (Allocation Failure) [PSYoungGen: 129535K->1416K(148992K)] 159349K->31237K(490496K), 0.0040523 secs] [Times: user=0.02 sys=0.01, real=0.00 secs] 
2019-05-30T13:53:07.846+0300: 105.975: [GC (Allocation Failure) [PSYoungGen: 129416K->1428K(150528K)] 159237K->31257K(492032K), 0.0026920 secs] [Times: user=0.02 sys=0.00, real=0.00 secs] 
2019-05-30T13:53:27.085+0300: 125.214: [GC (Allocation Failure) [PSYoungGen: 131476K->1576K(150016K)] 161305K->31413K(491520K), 0.0030873 secs] [Times: user=0.02 sys=0.00, real=0.00 secs] 
2019-05-30T13:53:48.802+0300: 146.931: [GC (Allocation Failure) [PSYoungGen: 131624K->1696K(152064K)] 161461K->31541K(493568K), 0.0038217 secs] [Times: user=0.00 sys=0.02, real=0.00 secs] 
2019-05-30T13:54:10.567+0300: 168.696: [GC (Allocation Failure) [PSYoungGen: 134816K->1801K(151552K)] 164661K->31654K(493056K), 0.0943403 secs] [Times: user=0.01 sys=0.01, real=0.10 secs] 
2019-05-30T13:54:36.131+0300: 194.261: [GC (Allocation Failure) [PSYoungGen: 134921K->1684K(153600K)] 164774K->31545K(495104K), 0.0048542 secs] [Times: user=0.02 sys=0.01, real=0.00 secs] 
2019-05-30T13:54:56.700+0300: 214.830: [GC (Allocation Failure) [PSYoungGen: 137876K->1737K(153088K)] 167737K->31606K(494592K), 0.0041730 secs] [Times: user=0.02 sys=0.00, real=0.00 secs] 
2019-05-30T13:55:19.426+0300: 237.556: [GC (Allocation Failure) [PSYoungGen: 137929K->1769K(155648K)] 167798K->31646K(497152K), 0.0090504 secs] [Times: user=0.07 sys=0.02, real=0.01 secs] 
2019-05-30T13:55:40.942+0300: 259.072: [GC (Allocation Failure) [PSYoungGen: 141545K->1780K(154624K)] 171422K->31657K(496128K), 0.0039287 secs] [Times: user=0.01 sys=0.01, real=0.00 secs] 
2019-05-30T13:56:10.353+0300: 288.483: [GC (Allocation Failure) [PSYoungGen: 141556K->1801K(156672K)] 171433K->31678K(498176K), 0.0030163 secs] [Times: user=0.02 sys=0.00, real=0.00 secs] 
2019-05-30T13:56:29.758+0300: 307.887: [GC (Allocation Failure) [PSYoungGen: 144137K->1760K(156160K)] 174014K->31645K(497664K), 0.0025747 secs] [Times: user=0.01 sys=0.00, real=0.01 secs] 
2019-05-30T13:56:55.987+0300: 334.117: [GC (Allocation Failure) [PSYoungGen: 144096K->1865K(158208K)] 173981K->31758K(499712K), 0.0023370 secs] [Times: user=0.01 sys=0.01, real=0.00 secs] 
2019-05-30T13:57:21.350+0300: 359.479: [GC (Allocation Failure) [PSYoungGen: 147273K->1216K(157696K)] 177166K->31713K(499200K), 0.0041868 secs] [Times: user=0.02 sys=0.01, real=0.01 secs] 
2019-05-30T13:57:45.827+0300: 383.957: [GC (Allocation Failure) [PSYoungGen: 146624K->1128K(159232K)] 177121K->31850K(500736K), 0.0041810 secs] [Times: user=0.02 sys=0.00, real=0.01 secs] 
2019-05-30T13:58:12.526+0300: 410.655: [GC (Allocation Failure) [PSYoungGen: 148584K->992K(158720K)] 179306K->31914K(500224K), 0.0031506 secs] [Times: user=0.01 sys=0.00, real=0.00 secs] 
2019-05-30T13:58:29.163+0300: 427.292: [GC (Allocation Failure) [PSYoungGen: 148448K->928K(160256K)] 179370K->32010K(501760K), 0.0032651 secs] [Times: user=0.01 sys=0.00, real=0.00 secs] 
2019-05-30T13:58:54.366+0300: 452.496: [GC (Allocation Failure) [PSYoungGen: 150432K->928K(159744K)] 181514K->32050K(501248K), 0.0024298 secs] [Times: user=0.01 sys=0.00, real=0.00 secs] 
2019-05-30T13:59:21.963+0300: 480.092: [GC (Allocation Failure) [PSYoungGen: 150432K->736K(161280K)] 181554K->32018K(502784K), 0.0052785 secs] [Times: user=0.02 sys=0.01, real=0.00 secs] 
2019-05-30T13:59:43.063+0300: 501.193: [GC (Allocation Failure) [PSYoungGen: 152288K->576K(160768K)] 183570K->32050K(502272K), 0.0031109 secs] [Times: user=0.00 sys=0.01, real=0.00 secs] 
2019-05-30T14:00:09.286+0300: 527.416: [GC (Allocation Failure) [PSYoungGen: 152128K->544K(162304K)] 183602K->32074K(503808K), 0.0026708 secs] [Times: user=0.02 sys=0.00, real=0.00 secs] 
2019-05-30T14:00:31.688+0300: 549.817: [GC (Allocation Failure) [PSYoungGen: 154144K->672K(161792K)] 185674K->32234K(503296K), 0.0024263 secs] [Times: user=0.00 sys=0.01, real=0.00 secs] 
2019-05-30T14:00:57.944+0300: 576.074: [GC (Allocation Failure) [PSYoungGen: 154272K->576K(162816K)] 185834K->32218K(504320K), 0.0037804 secs] [Times: user=0.01 sys=0.01, real=0.00 secs] 
2019-05-30T14:01:23.415+0300: 601.544: [GC (Allocation Failure) [PSYoungGen: 155712K->544K(162816K)] 187354K->32194K(504320K), 0.0030920 secs] [Times: user=0.01 sys=0.00, real=0.00 secs] 
2019-05-30T14:01:52.856+0300: 630.986: [GC (Allocation Failure) [PSYoungGen: 155680K->544K(163840K)] 187330K->32218K(505344K), 0.0031430 secs] [Times: user=0.01 sys=0.00, real=0.01 secs] 
2019-05-30T14:02:21.586+0300: 659.715: [GC (Allocation Failure) [PSYoungGen: 157216K->512K(163328K)] 188890K->32202K(504832K), 0.0027550 secs] [Times: user=0.02 sys=0.00, real=0.00 secs] 
2019-05-30T14:02:52.641+0300: 690.771: [GC (Allocation Failure) [PSYoungGen: 157184K->480K(164352K)] 188874K->32202K(505856K), 0.0028108 secs] [Times: user=0.00 sys=0.00, real=0.00 secs] 
2019-05-30T14:03:21.052+0300: 719.181: [GC (Allocation Failure) [PSYoungGen: 158688K->480K(164352K)] 190410K->32282K(505856K), 0.0020824 secs] [Times: user=0.01 sys=0.01, real=0.00 secs] 
2019-05-30T14:03:48.892+0300: 747.021: [GC (Allocation Failure) [PSYoungGen: 158688K->416K(165376K)] 190490K->32258K(506880K), 0.0039554 secs] [Times: user=0.01 sys=0.01, real=0.00 secs] 
2019-05-30T14:04:12.558+0300: 770.688: [GC (Allocation Failure) [PSYoungGen: 160160K->512K(164864K)] 192002K->32418K(506368K), 0.0018849 secs] [Times: user=0.01 sys=0.00, real=0.01 secs] 
2019-05-30T14:04:40.050+0300: 798.180: [GC (Allocation Failure) [PSYoungGen: 160256K->416K(165888K)] 192162K->32402K(507392K), 0.0026708 secs] [Times: user=0.01 sys=0.00, real=0.01 secs] 
2019-05-30T14:05:04.537+0300: 822.666: [GC (Allocation Failure) [PSYoungGen: 161184K->416K(165376K)] 193170K->32426K(506880K), 0.0020910 secs] [Times: user=0.01 sys=0.00, real=0.00 secs] 
14:05:26.903 [Curator-PathChildrenCache-0] ERROR o.a.c.f.r.c.PathChildrenCache  - 
java.lang.IllegalStateException: instance must be started before calling this method
	at org.apache.curator.shaded.com.google.common.base.Preconditions.checkState(Preconditions.java:444)
	at org.apache.curator.framework.imps.CuratorFrameworkImpl.getChildren(CuratorFrameworkImpl.java:456)
	at org.apache.curator.framework.recipes.cache.PathChildrenCache.refresh(PathChildrenCache.java:521)
	at org.apache.curator.framework.recipes.cache.RefreshOperation.invoke(RefreshOperation.java:35)
	at org.apache.curator.framework.recipes.cache.PathChildrenCache$9.run(PathChildrenCache.java:786)
	at java.util.concurrent.Executors$RunnableAdapter.call(Executors.java:511)
	at java.util.concurrent.FutureTask.run(FutureTask.java:266)
	at java.util.concurrent.Executors$RunnableAdapter.call(Executors.java:511)
	at java.util.concurrent.FutureTask.run(FutureTask.java:266)
	at java.util.concurrent.ThreadPoolExecutor.runWorker(ThreadPoolExecutor.java:1149)
	at java.util.concurrent.ThreadPoolExecutor$Worker.run(ThreadPoolExecutor.java:624)
	at java.lang.Thread.run(Thread.java:748)
Heap
 PSYoungGen      total 165376K, used 115868K [0x00000000f5980000, 0x0000000100000000, 0x0000000100000000)
  eden space 160768K, 71% used [0x00000000f5980000,0x00000000fca3f1c0,0x00000000ff680000)
  from space 4608K, 9% used [0x00000000ff680000,0x00000000ff6e8050,0x00000000ffb00000)
  to   space 4608K, 0% used [0x00000000ffb80000,0x00000000ffb80000,0x0000000100000000)
 ParOldGen       total 341504K, used 32010K [0x00000000e0c00000, 0x00000000f5980000, 0x00000000f5980000)
  object space 341504K, 9% used [0x00000000e0c00000,0x00000000e2b428a0,0x00000000f5980000)
 Metaspace       used 36545K, capacity 37426K, committed 37760K, reserved 1081344K
  class space    used 4967K, capacity 5161K, committed 5248K, reserved 1048576K
