16:45:42,486 |-INFO in ch.qos.logback.classic.LoggerContext[default] - Could NOT find resource [logback-test.xml]
16:45:42,486 |-INFO in ch.qos.logback.classic.LoggerContext[default] - Could NOT find resource [logback.groovy]
16:45:42,486 |-INFO in ch.qos.logback.classic.LoggerContext[default] - Found resource [logback.xml] at [jar:file:/home/nikitasokolov/flamestream/lib/flamestream-runtime-1.0-SNAPSHOT.jar!/logback.xml]
16:45:42,487 |-WARN in ch.qos.logback.classic.LoggerContext[default] - Resource [logback.xml] occurs multiple times on the classpath.
16:45:42,487 |-WARN in ch.qos.logback.classic.LoggerContext[default] - Resource [logback.xml] occurs at [jar:file:/home/nikitasokolov/flamestream/lib/flamestream-runtime-1.0-SNAPSHOT.jar!/logback.xml]
16:45:42,487 |-WARN in ch.qos.logback.classic.LoggerContext[default] - Resource [logback.xml] occurs at [jar:file:/home/nikitasokolov/flamestream/flamestream-runtime-1.0-SNAPSHOT.jar!/logback.xml]
16:45:42,503 |-INFO in ch.qos.logback.core.joran.spi.ConfigurationWatchList@6108b2d7 - URL [jar:file:/home/nikitasokolov/flamestream/lib/flamestream-runtime-1.0-SNAPSHOT.jar!/logback.xml] is not of type file
16:45:42,553 |-INFO in ch.qos.logback.classic.joran.action.ConfigurationAction - debug attribute not set
16:45:42,554 |-INFO in ch.qos.logback.core.joran.action.AppenderAction - About to instantiate appender of type [ch.qos.logback.core.ConsoleAppender]
16:45:42,562 |-INFO in ch.qos.logback.core.joran.action.AppenderAction - Naming appender as [STDOUT]
16:45:42,569 |-INFO in ch.qos.logback.core.joran.action.NestedComplexPropertyIA - Assuming default type [ch.qos.logback.classic.encoder.PatternLayoutEncoder] for [encoder] property
16:45:42,628 |-INFO in ch.qos.logback.core.joran.action.AppenderAction - About to instantiate appender of type [ch.qos.logback.core.rolling.RollingFileAppender]
16:45:42,636 |-INFO in ch.qos.logback.core.joran.action.AppenderAction - Naming appender as [FILE]
16:45:42,661 |-INFO in c.q.l.core.rolling.TimeBasedRollingPolicy@357863579 - No compression will be used
16:45:42,662 |-INFO in c.q.l.core.rolling.TimeBasedRollingPolicy@357863579 - Will use the pattern /tmp/application_%d{yyyy-MM-dd}.%i.log for the active file
16:45:42,665 |-INFO in ch.qos.logback.core.rolling.SizeAndTimeBasedFNATP@6bf256fa - The date pattern is 'yyyy-MM-dd' from file name pattern '/tmp/application_%d{yyyy-MM-dd}.%i.log'.
16:45:42,665 |-INFO in ch.qos.logback.core.rolling.SizeAndTimeBasedFNATP@6bf256fa - Roll-over at midnight.
16:45:42,669 |-INFO in ch.qos.logback.core.rolling.SizeAndTimeBasedFNATP@6bf256fa - Setting initial period to Sun Jun 09 16:44:57 MSK 2019
16:45:42,669 |-WARN in ch.qos.logback.core.rolling.SizeAndTimeBasedFNATP@6bf256fa - SizeAndTimeBasedFNATP is deprecated. Use SizeAndTimeBasedRollingPolicy instead
16:45:42,669 |-WARN in ch.qos.logback.core.rolling.SizeAndTimeBasedFNATP@6bf256fa - For more information see http://logback.qos.ch/manual/appenders.html#SizeAndTimeBasedRollingPolicy
16:45:42,673 |-INFO in ch.qos.logback.core.joran.action.NestedComplexPropertyIA - Assuming default type [ch.qos.logback.classic.encoder.PatternLayoutEncoder] for [encoder] property
16:45:42,675 |-INFO in ch.qos.logback.core.rolling.RollingFileAppender[FILE] - Active log file name: /tmp/application.log
16:45:42,675 |-INFO in ch.qos.logback.core.rolling.RollingFileAppender[FILE] - File property is set to [/tmp/application.log]
16:45:42,676 |-INFO in ch.qos.logback.classic.joran.action.RootLoggerAction - Setting level of ROOT logger to WARN
16:45:42,677 |-INFO in ch.qos.logback.core.joran.action.AppenderRefAction - Attaching appender named [STDOUT] to Logger[ROOT]
16:45:42,677 |-INFO in ch.qos.logback.core.joran.action.AppenderRefAction - Attaching appender named [FILE] to Logger[ROOT]
16:45:42,677 |-INFO in ch.qos.logback.classic.joran.action.ConfigurationAction - End of configuration.
16:45:42,678 |-INFO in ch.qos.logback.classic.joran.JoranConfigurator@6cd8737 - Registering current configuration as safe fallback point

2019-06-09T16:45:43.686+0300: 1.407: [GC (Metadata GC Threshold) [PSYoungGen: 110722K->15865K(149504K)] 110722K->15945K(491008K), 0.0273754 secs] [Times: user=0.09 sys=0.03, real=0.03 secs] 
2019-06-09T16:45:43.714+0300: 1.434: [Full GC (Metadata GC Threshold) [PSYoungGen: 15865K->0K(149504K)] [ParOldGen: 80K->15078K(341504K)] 15945K->15078K(491008K), [Metaspace: 20803K->20803K(1067008K)], 0.0305318 secs] [Times: user=0.18 sys=0.02, real=0.03 secs] 
16:45:52.168 [Curator-PathChildrenCache-2] WARN  o.a.c.u.ZKPaths  - The version of ZooKeeper being used doesn't support Container nodes. CreateMode.PERSISTENT will be used instead.
2019-06-09T16:45:52.845+0300: 10.566: [GC (Metadata GC Threshold) [PSYoungGen: 126865K->16543K(149504K)] 141943K->51161K(491008K), 0.0273883 secs] [Times: user=0.23 sys=0.02, real=0.03 secs] 
2019-06-09T16:45:52.872+0300: 10.593: [Full GC (Metadata GC Threshold) [PSYoungGen: 16543K->0K(149504K)] [ParOldGen: 34617K->39675K(341504K)] 51161K->39675K(491008K), [Metaspace: 34475K->34473K(1079296K)], 0.0395902 secs] [Times: user=0.22 sys=0.01, real=0.04 secs] 
2019-06-09T16:45:54.749+0300: 12.470: [GC (Allocation Failure) [PSYoungGen: 128512K->512K(149504K)] 168187K->40195K(491008K), 0.0041048 secs] [Times: user=0.01 sys=0.01, real=0.01 secs] 
2019-06-09T16:45:56.550+0300: 14.271: [GC (Allocation Failure) [PSYoungGen: 129024K->832K(149504K)] 168707K->40515K(491008K), 0.0029404 secs] [Times: user=0.02 sys=0.00, real=0.00 secs] 
2019-06-09T16:45:58.189+0300: 15.910: [GC (Allocation Failure) [PSYoungGen: 129344K->576K(129536K)] 169027K->40267K(471040K), 0.0034208 secs] [Times: user=0.01 sys=0.01, real=0.01 secs] 
2019-06-09T16:45:59.509+0300: 17.229: [GC (Allocation Failure) [PSYoungGen: 129088K->512K(149504K)] 168779K->40203K(491008K), 0.0053561 secs] [Times: user=0.02 sys=0.01, real=0.01 secs] 
2019-06-09T16:46:00.664+0300: 18.385: [GC (Allocation Failure) [PSYoungGen: 128000K->448K(148480K)] 167691K->40139K(489984K), 0.0056723 secs] [Times: user=0.03 sys=0.00, real=0.01 secs] 
2019-06-09T16:46:02.201+0300: 19.922: [GC (Allocation Failure) [PSYoungGen: 127936K->544K(151040K)] 167627K->40235K(492544K), 0.0177786 secs] [Times: user=0.16 sys=0.00, real=0.02 secs] 
16:46:09.525 [Curator-PathChildrenCache-0] ERROR o.a.c.f.r.c.PathChildrenCache  - 
java.lang.IllegalStateException: instance must be started before calling this method
	at org.apache.curator.shaded.com.google.common.base.Preconditions.checkState(Preconditions.java:444)
	at org.apache.curator.framework.imps.CuratorFrameworkImpl.getChildren(CuratorFrameworkImpl.java:456)
	at org.apache.curator.framework.recipes.cache.PathChildrenCache.refresh(PathChildrenCache.java:521)
	at org.apache.curator.framework.recipes.cache.RefreshOperation.invoke(RefreshOperation.java:35)
	at org.apache.curator.framework.recipes.cache.PathChildrenCache$9.run(PathChildrenCache.java:786)
	at java.util.concurrent.Executors$RunnableAdapter.call(Executors.java:511)
	at java.util.concurrent.FutureTask.run(FutureTask.java:266)
	at java.util.concurrent.Executors$RunnableAdapter.call(Executors.java:511)
	at java.util.concurrent.FutureTask.run(FutureTask.java:266)
	at java.util.concurrent.ThreadPoolExecutor.runWorker(ThreadPoolExecutor.java:1149)
	at java.util.concurrent.ThreadPoolExecutor$Worker.run(ThreadPoolExecutor.java:624)
	at java.lang.Thread.run(Thread.java:748)
Heap
 PSYoungGen      total 151040K, used 52505K [0x00000000f5980000, 0x0000000100000000, 0x0000000100000000)
  eden space 130560K, 39% used [0x00000000f5980000,0x00000000f8c3e7a8,0x00000000fd900000)
  from space 20480K, 2% used [0x00000000fec00000,0x00000000fec88000,0x0000000100000000)
  to   space 19456K, 0% used [0x00000000fd900000,0x00000000fd900000,0x00000000fec00000)
 ParOldGen       total 341504K, used 39691K [0x00000000e0c00000, 0x00000000f5980000, 0x00000000f5980000)
  object space 341504K, 11% used [0x00000000e0c00000,0x00000000e32c2f60,0x00000000f5980000)
 Metaspace       used 35812K, capacity 36794K, committed 36952K, reserved 1081344K
  class space    used 4972K, capacity 5187K, committed 5248K, reserved 1048576K
