15:55:42,285 |-INFO in ch.qos.logback.classic.LoggerContext[default] - Could NOT find resource [logback-test.xml]
15:55:42,285 |-INFO in ch.qos.logback.classic.LoggerContext[default] - Could NOT find resource [logback.groovy]
15:55:42,290 |-INFO in ch.qos.logback.classic.LoggerContext[default] - Found resource [logback.xml] at [jar:file:/root/flamestream/lib/flamestream-runtime-1.0-SNAPSHOT.jar!/logback.xml]
15:55:42,291 |-WARN in ch.qos.logback.classic.LoggerContext[default] - Resource [logback.xml] occurs multiple times on the classpath.
15:55:42,291 |-WARN in ch.qos.logback.classic.LoggerContext[default] - Resource [logback.xml] occurs at [jar:file:/root/flamestream/lib/flamestream-runtime-1.0-SNAPSHOT.jar!/logback.xml]
15:55:42,291 |-WARN in ch.qos.logback.classic.LoggerContext[default] - Resource [logback.xml] occurs at [jar:file:/root/flamestream/flamestream-runtime-1.0-SNAPSHOT.jar!/logback.xml]
15:55:42,311 |-INFO in ch.qos.logback.core.joran.spi.ConfigurationWatchList@3fb6a447 - URL [jar:file:/root/flamestream/lib/flamestream-runtime-1.0-SNAPSHOT.jar!/logback.xml] is not of type file
15:55:42,385 |-INFO in ch.qos.logback.classic.joran.action.ConfigurationAction - debug attribute not set
15:55:42,386 |-INFO in ch.qos.logback.core.joran.action.AppenderAction - About to instantiate appender of type [ch.qos.logback.core.ConsoleAppender]
15:55:42,400 |-INFO in ch.qos.logback.core.joran.action.AppenderAction - Naming appender as [STDOUT]
15:55:42,418 |-INFO in ch.qos.logback.core.joran.action.NestedComplexPropertyIA - Assuming default type [ch.qos.logback.classic.encoder.PatternLayoutEncoder] for [encoder] property
15:55:42,500 |-INFO in ch.qos.logback.core.joran.action.AppenderAction - About to instantiate appender of type [ch.qos.logback.core.rolling.RollingFileAppender]
15:55:42,505 |-INFO in ch.qos.logback.core.joran.action.AppenderAction - Naming appender as [FILE]
15:55:42,537 |-INFO in c.q.l.core.rolling.TimeBasedRollingPolicy@127618319 - No compression will be used
15:55:42,538 |-INFO in c.q.l.core.rolling.TimeBasedRollingPolicy@127618319 - Will use the pattern /tmp/application_%d{yyyy-MM-dd}.%i.log for the active file
15:55:42,541 |-INFO in ch.qos.logback.core.rolling.SizeAndTimeBasedFNATP@6b2fad11 - The date pattern is 'yyyy-MM-dd' from file name pattern '/tmp/application_%d{yyyy-MM-dd}.%i.log'.
15:55:42,541 |-INFO in ch.qos.logback.core.rolling.SizeAndTimeBasedFNATP@6b2fad11 - Roll-over at midnight.
15:55:42,546 |-INFO in ch.qos.logback.core.rolling.SizeAndTimeBasedFNATP@6b2fad11 - Setting initial period to Mon Jun 10 15:54:24 UTC 2019
15:55:42,546 |-WARN in ch.qos.logback.core.rolling.SizeAndTimeBasedFNATP@6b2fad11 - SizeAndTimeBasedFNATP is deprecated. Use SizeAndTimeBasedRollingPolicy instead
15:55:42,546 |-WARN in ch.qos.logback.core.rolling.SizeAndTimeBasedFNATP@6b2fad11 - For more information see http://logback.qos.ch/manual/appenders.html#SizeAndTimeBasedRollingPolicy
15:55:42,550 |-INFO in ch.qos.logback.core.joran.action.NestedComplexPropertyIA - Assuming default type [ch.qos.logback.classic.encoder.PatternLayoutEncoder] for [encoder] property
15:55:42,555 |-INFO in ch.qos.logback.core.rolling.RollingFileAppender[FILE] - Active log file name: /tmp/application.log
15:55:42,555 |-INFO in ch.qos.logback.core.rolling.RollingFileAppender[FILE] - File property is set to [/tmp/application.log]
15:55:42,556 |-INFO in ch.qos.logback.classic.joran.action.RootLoggerAction - Setting level of ROOT logger to WARN
15:55:42,556 |-INFO in ch.qos.logback.core.joran.action.AppenderRefAction - Attaching appender named [STDOUT] to Logger[ROOT]
15:55:42,558 |-INFO in ch.qos.logback.core.joran.action.AppenderRefAction - Attaching appender named [FILE] to Logger[ROOT]
15:55:42,558 |-INFO in ch.qos.logback.classic.joran.action.ConfigurationAction - End of configuration.
15:55:42,558 |-INFO in ch.qos.logback.classic.joran.JoranConfigurator@79698539 - Registering current configuration as safe fallback point

Ama winner
Ama winner
2019-06-10T15:55:43.843+0000: 1.738: [Full GC (Metadata GC Threshold) 2019-06-10T15:55:43.843+0000: 1.738: [Tenured: 0K->15208K(341376K), 0.0390208 secs] 114987K->15208K(494976K), [Metaspace: 20732K->20732K(1067008K)], 0.0390858 secs] [Times: user=0.04 sys=0.00, real=0.04 secs] 
15:56:05.156 [Curator-PathChildrenCache-2] WARN  o.a.c.u.ZKPaths  - The version of ZooKeeper being used doesn't support Container nodes. CreateMode.PERSISTENT will be used instead.
2019-06-10T15:56:07.393+0000: 25.288: [GC (Allocation Failure) 2019-06-10T15:56:07.393+0000: 25.288: [DefNew: 136576K->17023K(153600K), 0.0347594 secs] 151784K->53031K(494976K), 0.0348322 secs] [Times: user=0.03 sys=0.00, real=0.03 secs] 
2019-06-10T15:56:07.825+0000: 25.720: [Full GC (Metadata GC Threshold) 2019-06-10T15:56:07.825+0000: 25.720: [Tenured: 36007K->44736K(341376K), 0.0352567 secs] 71869K->44736K(494976K), [Metaspace: 34591K->34591K(1079296K)], 0.0353222 secs] [Times: user=0.03 sys=0.00, real=0.04 secs] 
2019-06-10T15:56:12.252+0000: 30.146: [GC (Allocation Failure) 2019-06-10T15:56:12.252+0000: 30.146: [DefNew: 136576K->203K(153600K), 0.0022762 secs] 181312K->44940K(494976K), 0.0023337 secs] [Times: user=0.01 sys=0.00, real=0.01 secs] 
2019-06-10T15:56:16.354+0000: 34.249: [GC (Allocation Failure) 2019-06-10T15:56:16.354+0000: 34.249: [DefNew: 136779K->218K(153600K), 0.0020990 secs] 181516K->44955K(494976K), 0.0021728 secs] [Times: user=0.00 sys=0.00, real=0.00 secs] 
2019-06-10T15:56:20.436+0000: 38.330: [GC (Allocation Failure) 2019-06-10T15:56:20.436+0000: 38.330: [DefNew: 136794K->210K(153600K), 0.0020013 secs] 181531K->44946K(494976K), 0.0020603 secs] [Times: user=0.00 sys=0.00, real=0.00 secs] 
2019-06-10T15:56:24.506+0000: 42.401: [GC (Allocation Failure) 2019-06-10T15:56:24.506+0000: 42.401: [DefNew: 136786K->217K(153600K), 0.0019671 secs] 181522K->44954K(494976K), 0.0020420 secs] [Times: user=0.00 sys=0.00, real=0.00 secs] 
2019-06-10T15:56:28.531+0000: 46.425: [GC (Allocation Failure) 2019-06-10T15:56:28.531+0000: 46.425: [DefNew: 136793K->213K(153600K), 0.0020472 secs] 181530K->44949K(494976K), 0.0021062 secs] [Times: user=0.01 sys=0.00, real=0.00 secs] 
2019-06-10T15:56:32.531+0000: 50.426: [GC (Allocation Failure) 2019-06-10T15:56:32.531+0000: 50.426: [DefNew: 136789K->210K(153600K), 0.0020083 secs] 181525K->44947K(494976K), 0.0020678 secs] [Times: user=0.00 sys=0.00, real=0.00 secs] 
2019-06-10T15:56:36.589+0000: 54.484: [GC (Allocation Failure) 2019-06-10T15:56:36.589+0000: 54.484: [DefNew: 136786K->210K(153600K), 0.0020718 secs] 181523K->44947K(494976K), 0.0021326 secs] [Times: user=0.00 sys=0.01, real=0.00 secs] 
2019-06-10T15:56:43.881+0000: 61.775: [GC (Allocation Failure) 2019-06-10T15:56:43.881+0000: 61.775: [DefNew: 136786K->307K(153600K), 0.0023890 secs] 181523K->45043K(494976K), 0.0024515 secs] [Times: user=0.01 sys=0.00, real=0.00 secs] 
15:56:52.417 [Curator-PathChildrenCache-0] ERROR o.a.c.f.r.c.PathChildrenCache  - 
java.lang.IllegalStateException: instance must be started before calling this method
	at org.apache.curator.shaded.com.google.common.base.Preconditions.checkState(Preconditions.java:444)
	at org.apache.curator.framework.imps.CuratorFrameworkImpl.getChildren(CuratorFrameworkImpl.java:456)
	at org.apache.curator.framework.recipes.cache.PathChildrenCache.refresh(PathChildrenCache.java:521)
	at org.apache.curator.framework.recipes.cache.RefreshOperation.invoke(RefreshOperation.java:35)
	at org.apache.curator.framework.recipes.cache.PathChildrenCache$9.run(PathChildrenCache.java:786)
	at java.util.concurrent.Executors$RunnableAdapter.call(Executors.java:511)
	at java.util.concurrent.FutureTask.run(FutureTask.java:266)
	at java.util.concurrent.Executors$RunnableAdapter.call(Executors.java:511)
	at java.util.concurrent.FutureTask.run(FutureTask.java:266)
	at java.util.concurrent.ThreadPoolExecutor.runWorker(ThreadPoolExecutor.java:1149)
	at java.util.concurrent.ThreadPoolExecutor$Worker.run(ThreadPoolExecutor.java:624)
	at java.lang.Thread.run(Thread.java:748)
Heap
 def new generation   total 153600K, used 54579K [0x00000000e0c00000, 0x00000000eb2a0000, 0x00000000eb2a0000)
  eden space 136576K,  39% used [0x00000000e0c00000, 0x00000000e41000c0, 0x00000000e9160000)
  from space 17024K,   1% used [0x00000000ea200000, 0x00000000ea24cc60, 0x00000000eb2a0000)
  to   space 17024K,   0% used [0x00000000e9160000, 0x00000000e9160000, 0x00000000ea200000)
 tenured generation   total 341376K, used 44736K [0x00000000eb2a0000, 0x0000000100000000, 0x0000000100000000)
   the space 341376K,  13% used [0x00000000eb2a0000, 0x00000000ede50338, 0x00000000ede50400, 0x0000000100000000)
 Metaspace       used 36298K, capacity 37314K, committed 37504K, reserved 1081344K
  class space    used 4900K, capacity 5123K, committed 5248K, reserved 1048576K
