09:37:50,830 |-INFO in ch.qos.logback.classic.LoggerContext[default] - Could NOT find resource [logback-test.xml]
09:37:50,830 |-INFO in ch.qos.logback.classic.LoggerContext[default] - Could NOT find resource [logback.groovy]
09:37:50,830 |-INFO in ch.qos.logback.classic.LoggerContext[default] - Found resource [logback.xml] at [jar:file:/root/flamestream/lib/flamestream-runtime-1.0-SNAPSHOT.jar!/logback.xml]
09:37:50,830 |-WARN in ch.qos.logback.classic.LoggerContext[default] - Resource [logback.xml] occurs multiple times on the classpath.
09:37:50,830 |-WARN in ch.qos.logback.classic.LoggerContext[default] - Resource [logback.xml] occurs at [jar:file:/root/flamestream/lib/flamestream-runtime-1.0-SNAPSHOT.jar!/logback.xml]
09:37:50,830 |-WARN in ch.qos.logback.classic.LoggerContext[default] - Resource [logback.xml] occurs at [jar:file:/root/flamestream/flamestream-runtime-1.0-SNAPSHOT.jar!/logback.xml]
09:37:50,855 |-INFO in ch.qos.logback.core.joran.spi.ConfigurationWatchList@3fb6a447 - URL [jar:file:/root/flamestream/lib/flamestream-runtime-1.0-SNAPSHOT.jar!/logback.xml] is not of type file
09:37:50,933 |-INFO in ch.qos.logback.classic.joran.action.ConfigurationAction - debug attribute not set
09:37:50,934 |-INFO in ch.qos.logback.core.joran.action.AppenderAction - About to instantiate appender of type [ch.qos.logback.core.ConsoleAppender]
09:37:50,951 |-INFO in ch.qos.logback.core.joran.action.AppenderAction - Naming appender as [STDOUT]
09:37:50,969 |-INFO in ch.qos.logback.core.joran.action.NestedComplexPropertyIA - Assuming default type [ch.qos.logback.classic.encoder.PatternLayoutEncoder] for [encoder] property
09:37:51,049 |-INFO in ch.qos.logback.core.joran.action.AppenderAction - About to instantiate appender of type [ch.qos.logback.core.rolling.RollingFileAppender]
09:37:51,054 |-INFO in ch.qos.logback.core.joran.action.AppenderAction - Naming appender as [FILE]
09:37:51,087 |-INFO in c.q.l.core.rolling.TimeBasedRollingPolicy@127618319 - No compression will be used
09:37:51,088 |-INFO in c.q.l.core.rolling.TimeBasedRollingPolicy@127618319 - Will use the pattern /tmp/application_%d{yyyy-MM-dd}.%i.log for the active file
09:37:51,091 |-INFO in ch.qos.logback.core.rolling.SizeAndTimeBasedFNATP@6b2fad11 - The date pattern is 'yyyy-MM-dd' from file name pattern '/tmp/application_%d{yyyy-MM-dd}.%i.log'.
09:37:51,091 |-INFO in ch.qos.logback.core.rolling.SizeAndTimeBasedFNATP@6b2fad11 - Roll-over at midnight.
09:37:51,096 |-INFO in ch.qos.logback.core.rolling.SizeAndTimeBasedFNATP@6b2fad11 - Setting initial period to Tue Jun 11 09:36:32 UTC 2019
09:37:51,096 |-WARN in ch.qos.logback.core.rolling.SizeAndTimeBasedFNATP@6b2fad11 - SizeAndTimeBasedFNATP is deprecated. Use SizeAndTimeBasedRollingPolicy instead
09:37:51,096 |-WARN in ch.qos.logback.core.rolling.SizeAndTimeBasedFNATP@6b2fad11 - For more information see http://logback.qos.ch/manual/appenders.html#SizeAndTimeBasedRollingPolicy
09:37:51,100 |-INFO in ch.qos.logback.core.joran.action.NestedComplexPropertyIA - Assuming default type [ch.qos.logback.classic.encoder.PatternLayoutEncoder] for [encoder] property
09:37:51,105 |-INFO in ch.qos.logback.core.rolling.RollingFileAppender[FILE] - Active log file name: /tmp/application.log
09:37:51,105 |-INFO in ch.qos.logback.core.rolling.RollingFileAppender[FILE] - File property is set to [/tmp/application.log]
09:37:51,106 |-INFO in ch.qos.logback.classic.joran.action.RootLoggerAction - Setting level of ROOT logger to WARN
09:37:51,106 |-INFO in ch.qos.logback.core.joran.action.AppenderRefAction - Attaching appender named [STDOUT] to Logger[ROOT]
09:37:51,108 |-INFO in ch.qos.logback.core.joran.action.AppenderRefAction - Attaching appender named [FILE] to Logger[ROOT]
09:37:51,108 |-INFO in ch.qos.logback.classic.joran.action.ConfigurationAction - End of configuration.
09:37:51,108 |-INFO in ch.qos.logback.classic.joran.JoranConfigurator@79698539 - Registering current configuration as safe fallback point

Ama winner
Ama winner
2019-06-11T09:37:52.392+0000: 1.746: [Full GC (Metadata GC Threshold) 2019-06-11T09:37:52.392+0000: 1.746: [Tenured: 0K->15241K(341376K), 0.0386807 secs] 117750K->15241K(494976K), [Metaspace: 20738K->20738K(1067008K)], 0.0387469 secs] [Times: user=0.04 sys=0.00, real=0.04 secs] 
09:38:09.114 [Curator-PathChildrenCache-2] WARN  o.a.c.u.ZKPaths  - The version of ZooKeeper being used doesn't support Container nodes. CreateMode.PERSISTENT will be used instead.
2019-06-11T09:38:12.818+0000: 22.171: [GC (Allocation Failure) 2019-06-11T09:38:12.818+0000: 22.172: [DefNew: 136576K->17023K(153600K), 0.0276646 secs] 151817K->52158K(494976K), 0.0277454 secs] [Times: user=0.02 sys=0.00, real=0.03 secs] 
2019-06-11T09:38:14.649+0000: 24.003: [Full GC (Metadata GC Threshold) 2019-06-11T09:38:14.650+0000: 24.003: [Tenured: 35134K->43174K(341376K), 0.0540288 secs] 122078K->43174K(494976K), [Metaspace: 34555K->34555K(1079296K)], 0.0541008 secs] [Times: user=0.05 sys=0.00, real=0.06 secs] 
2019-06-11T09:38:17.599+0000: 26.953: [GC (Allocation Failure) 2019-06-11T09:38:17.600+0000: 26.953: [DefNew: 136576K->1116K(153600K), 0.0056246 secs] 179750K->44290K(494976K), 0.0056893 secs] [Times: user=0.00 sys=0.00, real=0.01 secs] 
2019-06-11T09:38:19.727+0000: 29.081: [GC (Allocation Failure) 2019-06-11T09:38:19.727+0000: 29.081: [DefNew: 137692K->988K(153600K), 0.0037512 secs] 180866K->44162K(494976K), 0.0038096 secs] [Times: user=0.00 sys=0.00, real=0.01 secs] 
2019-06-11T09:38:24.241+0000: 33.595: [GC (Allocation Failure) 2019-06-11T09:38:24.241+0000: 33.595: [DefNew: 137564K->386K(153600K), 0.0024069 secs] 180738K->43560K(494976K), 0.0024671 secs] [Times: user=0.00 sys=0.00, real=0.01 secs] 
2019-06-11T09:38:29.040+0000: 38.393: [GC (Allocation Failure) 2019-06-11T09:38:29.040+0000: 38.393: [DefNew: 136962K->492K(153600K), 0.0025050 secs] 180136K->43666K(494976K), 0.0025645 secs] [Times: user=0.00 sys=0.00, real=0.00 secs] 
2019-06-11T09:38:33.232+0000: 42.585: [GC (Allocation Failure) 2019-06-11T09:38:33.232+0000: 42.585: [DefNew: 137068K->478K(153600K), 0.0024072 secs] 180242K->43652K(494976K), 0.0024675 secs] [Times: user=0.00 sys=0.00, real=0.00 secs] 
2019-06-11T09:38:36.797+0000: 46.151: [GC (Allocation Failure) 2019-06-11T09:38:36.798+0000: 46.151: [DefNew: 137054K->442K(153600K), 0.0024618 secs] 180228K->43616K(494976K), 0.0025240 secs] [Times: user=0.00 sys=0.00, real=0.00 secs] 
2019-06-11T09:38:40.405+0000: 49.759: [GC (Allocation Failure) 2019-06-11T09:38:40.405+0000: 49.759: [DefNew: 137018K->945K(153600K), 0.0031799 secs] 180192K->44119K(494976K), 0.0032389 secs] [Times: user=0.01 sys=0.00, real=0.00 secs] 
2019-06-11T09:38:44.478+0000: 53.831: [GC (Allocation Failure) 2019-06-11T09:38:44.478+0000: 53.831: [DefNew: 137521K->593K(153600K), 0.0028540 secs] 180695K->43767K(494976K), 0.0029390 secs] [Times: user=0.00 sys=0.00, real=0.00 secs] 
2019-06-11T09:38:48.679+0000: 58.032: [GC (Allocation Failure) 2019-06-11T09:38:48.679+0000: 58.032: [DefNew: 137169K->729K(153600K), 0.0027365 secs] 180343K->43903K(494976K), 0.0028008 secs] [Times: user=0.00 sys=0.00, real=0.00 secs] 
2019-06-11T09:38:52.447+0000: 61.800: [GC (Allocation Failure) 2019-06-11T09:38:52.447+0000: 61.800: [DefNew: 137305K->634K(153600K), 0.0027240 secs] 180479K->43808K(494976K), 0.0027834 secs] [Times: user=0.00 sys=0.00, real=0.00 secs] 
2019-06-11T09:38:56.215+0000: 65.569: [GC (Allocation Failure) 2019-06-11T09:38:56.215+0000: 65.569: [DefNew: 137210K->819K(153600K), 0.0029747 secs] 180384K->43993K(494976K), 0.0030452 secs] [Times: user=0.00 sys=0.00, real=0.00 secs] 
2019-06-11T09:38:59.813+0000: 69.167: [GC (Allocation Failure) 2019-06-11T09:38:59.814+0000: 69.167: [DefNew: 137395K->811K(153600K), 0.0029595 secs] 180569K->43985K(494976K), 0.0030175 secs] [Times: user=0.01 sys=0.00, real=0.00 secs] 
2019-06-11T09:39:03.542+0000: 72.895: [GC (Allocation Failure) 2019-06-11T09:39:03.542+0000: 72.895: [DefNew: 137387K->775K(153600K), 0.0030771 secs] 180561K->43949K(494976K), 0.0031380 secs] [Times: user=0.00 sys=0.00, real=0.01 secs] 
2019-06-11T09:39:07.552+0000: 76.905: [GC (Allocation Failure) 2019-06-11T09:39:07.552+0000: 76.905: [DefNew: 137351K->832K(153600K), 0.0029608 secs] 180525K->44006K(494976K), 0.0030206 secs] [Times: user=0.01 sys=0.00, real=0.00 secs] 
2019-06-11T09:39:10.720+0000: 80.073: [GC (Allocation Failure) 2019-06-11T09:39:10.720+0000: 80.073: [DefNew: 137408K->956K(153600K), 0.0032020 secs] 180582K->44130K(494976K), 0.0032611 secs] [Times: user=0.00 sys=0.00, real=0.01 secs] 
2019-06-11T09:39:14.837+0000: 84.190: [GC (Allocation Failure) 2019-06-11T09:39:14.837+0000: 84.190: [DefNew: 137532K->905K(153600K), 0.0032395 secs] 180706K->44223K(494976K), 0.0033390 secs] [Times: user=0.00 sys=0.00, real=0.00 secs] 
2019-06-11T09:39:17.653+0000: 87.007: [GC (Allocation Failure) 2019-06-11T09:39:17.653+0000: 87.007: [DefNew: 137481K->717K(153600K), 0.0029763 secs] 180799K->44079K(494976K), 0.0030365 secs] [Times: user=0.00 sys=0.00, real=0.00 secs] 
2019-06-11T09:39:22.050+0000: 91.403: [GC (Allocation Failure) 2019-06-11T09:39:22.050+0000: 91.403: [DefNew: 137293K->1119K(153600K), 0.0031121 secs] 180655K->44513K(494976K), 0.0031684 secs] [Times: user=0.00 sys=0.00, real=0.01 secs] 
2019-06-11T09:39:25.899+0000: 95.253: [GC (Allocation Failure) 2019-06-11T09:39:25.900+0000: 95.253: [DefNew: 137695K->661K(153600K), 0.0027023 secs] 181089K->44093K(494976K), 0.0027544 secs] [Times: user=0.01 sys=0.00, real=0.00 secs] 
2019-06-11T09:39:29.494+0000: 98.848: [GC (Allocation Failure) 2019-06-11T09:39:29.494+0000: 98.848: [DefNew: 137237K->870K(153600K), 0.0031294 secs] 180669K->44335K(494976K), 0.0031879 secs] [Times: user=0.00 sys=0.00, real=0.00 secs] 
2019-06-11T09:39:33.250+0000: 102.603: [GC (Allocation Failure) 2019-06-11T09:39:33.250+0000: 102.603: [DefNew: 137446K->693K(153600K), 0.0028451 secs] 180911K->44178K(494976K), 0.0029027 secs] [Times: user=0.00 sys=0.00, real=0.01 secs] 
2019-06-11T09:39:38.183+0000: 107.536: [GC (Allocation Failure) 2019-06-11T09:39:38.183+0000: 107.536: [DefNew: 137269K->639K(153600K), 0.0027830 secs] 180754K->44165K(494976K), 0.0028607 secs] [Times: user=0.00 sys=0.00, real=0.01 secs] 
2019-06-11T09:39:41.425+0000: 110.778: [GC (Allocation Failure) 2019-06-11T09:39:41.425+0000: 110.778: [DefNew: 137215K->852K(153600K), 0.0029839 secs] 180741K->44409K(494976K), 0.0030426 secs] [Times: user=0.00 sys=0.00, real=0.00 secs] 
2019-06-11T09:39:45.409+0000: 114.762: [GC (Allocation Failure) 2019-06-11T09:39:45.409+0000: 114.762: [DefNew: 137428K->778K(153600K), 0.0031373 secs] 180985K->44425K(494976K), 0.0032092 secs] [Times: user=0.00 sys=0.00, real=0.01 secs] 
2019-06-11T09:39:48.853+0000: 118.206: [GC (Allocation Failure) 2019-06-11T09:39:48.853+0000: 118.206: [DefNew: 137354K->596K(153600K), 0.0025993 secs] 181001K->44277K(494976K), 0.0026615 secs] [Times: user=0.00 sys=0.00, real=0.00 secs] 
2019-06-11T09:39:54.070+0000: 123.424: [GC (Allocation Failure) 2019-06-11T09:39:54.070+0000: 123.424: [DefNew: 137172K->577K(153600K), 0.0027470 secs] 180853K->44312K(494976K), 0.0028078 secs] [Times: user=0.00 sys=0.00, real=0.01 secs] 
2019-06-11T09:39:57.820+0000: 127.173: [GC (Allocation Failure) 2019-06-11T09:39:57.820+0000: 127.173: [DefNew: 137153K->567K(153600K), 0.0024999 secs] 180888K->44339K(494976K), 0.0025546 secs] [Times: user=0.00 sys=0.00, real=0.00 secs] 
2019-06-11T09:40:01.836+0000: 131.189: [GC (Allocation Failure) 2019-06-11T09:40:01.836+0000: 131.189: [DefNew: 137143K->874K(153600K), 0.0031360 secs] 180915K->44683K(494976K), 0.0032003 secs] [Times: user=0.00 sys=0.00, real=0.00 secs] 
2019-06-11T09:40:04.803+0000: 134.157: [GC (Allocation Failure) 2019-06-11T09:40:04.803+0000: 134.157: [DefNew: 137450K->572K(153600K), 0.0026304 secs] 181259K->44411K(494976K), 0.0026924 secs] [Times: user=0.01 sys=0.00, real=0.00 secs] 
2019-06-11T09:40:09.174+0000: 138.527: [GC (Allocation Failure) 2019-06-11T09:40:09.174+0000: 138.527: [DefNew: 137148K->573K(153600K), 0.0026184 secs] 180987K->44431K(494976K), 0.0026792 secs] [Times: user=0.01 sys=0.00, real=0.00 secs] 
2019-06-11T09:40:13.804+0000: 143.158: [GC (Allocation Failure) 2019-06-11T09:40:13.804+0000: 143.158: [DefNew: 137149K->544K(153600K), 0.0025931 secs] 181007K->44427K(494976K), 0.0026804 secs] [Times: user=0.01 sys=0.00, real=0.00 secs] 
2019-06-11T09:40:17.638+0000: 146.991: [GC (Allocation Failure) 2019-06-11T09:40:17.638+0000: 146.991: [DefNew: 137120K->546K(153600K), 0.0025177 secs] 181003K->44455K(494976K), 0.0025754 secs] [Times: user=0.00 sys=0.00, real=0.00 secs] 
2019-06-11T09:40:20.866+0000: 150.219: [GC (Allocation Failure) 2019-06-11T09:40:20.866+0000: 150.219: [DefNew: 137122K->536K(153600K), 0.0024494 secs] 181031K->44472K(494976K), 0.0025092 secs] [Times: user=0.00 sys=0.00, real=0.00 secs] 
2019-06-11T09:40:25.659+0000: 155.013: [GC (Allocation Failure) 2019-06-11T09:40:25.659+0000: 155.013: [DefNew: 137112K->541K(153600K), 0.0026428 secs] 181048K->44498K(494976K), 0.0026967 secs] [Times: user=0.00 sys=0.00, real=0.00 secs] 
2019-06-11T09:40:30.228+0000: 159.582: [GC (Allocation Failure) 2019-06-11T09:40:30.228+0000: 159.582: [DefNew: 137117K->587K(153600K), 0.0025814 secs] 181074K->44567K(494976K), 0.0026383 secs] [Times: user=0.00 sys=0.00, real=0.01 secs] 
2019-06-11T09:40:34.550+0000: 163.904: [GC (Allocation Failure) 2019-06-11T09:40:34.550+0000: 163.904: [DefNew: 137163K->585K(153600K), 0.0025344 secs] 181143K->44592K(494976K), 0.0026094 secs] [Times: user=0.00 sys=0.00, real=0.01 secs] 
2019-06-11T09:40:38.521+0000: 167.874: [GC (Allocation Failure) 2019-06-11T09:40:38.521+0000: 167.874: [DefNew: 137161K->581K(153600K), 0.0026216 secs] 181168K->44612K(494976K), 0.0026941 secs] [Times: user=0.01 sys=0.00, real=0.01 secs] 
2019-06-11T09:40:42.279+0000: 171.633: [GC (Allocation Failure) 2019-06-11T09:40:42.279+0000: 171.633: [DefNew: 137157K->635K(153600K), 0.0027056 secs] 181188K->44690K(494976K), 0.0027917 secs] [Times: user=0.00 sys=0.00, real=0.00 secs] 
2019-06-11T09:40:46.344+0000: 175.698: [GC (Allocation Failure) 2019-06-11T09:40:46.344+0000: 175.698: [DefNew: 137211K->617K(153600K), 0.0025154 secs] 181266K->44700K(494976K), 0.0025790 secs] [Times: user=0.01 sys=0.00, real=0.00 secs] 
2019-06-11T09:40:49.779+0000: 179.133: [GC (Allocation Failure) 2019-06-11T09:40:49.779+0000: 179.133: [DefNew: 137193K->523K(153600K), 0.0023794 secs] 181276K->44637K(494976K), 0.0024459 secs] [Times: user=0.01 sys=0.00, real=0.00 secs] 
2019-06-11T09:40:54.951+0000: 184.304: [GC (Allocation Failure) 2019-06-11T09:40:54.951+0000: 184.304: [DefNew: 137099K->532K(153600K), 0.0024512 secs] 181213K->44676K(494976K), 0.0025089 secs] [Times: user=0.00 sys=0.00, real=0.00 secs] 
2019-06-11T09:40:59.404+0000: 188.757: [GC (Allocation Failure) 2019-06-11T09:40:59.404+0000: 188.757: [DefNew: 137108K->537K(153600K), 0.0026032 secs] 181252K->44708K(494976K), 0.0026652 secs] [Times: user=0.00 sys=0.00, real=0.00 secs] 
2019-06-11T09:41:03.223+0000: 192.577: [GC (Allocation Failure) 2019-06-11T09:41:03.223+0000: 192.577: [DefNew: 137113K->627K(153600K), 0.0026221 secs] 181284K->44817K(494976K), 0.0026847 secs] [Times: user=0.00 sys=0.00, real=0.00 secs] 
2019-06-11T09:41:07.193+0000: 196.546: [GC (Allocation Failure) 2019-06-11T09:41:07.193+0000: 196.546: [DefNew: 137203K->815K(153600K), 0.0026462 secs] 181393K->45032K(494976K), 0.0027064 secs] [Times: user=0.00 sys=0.00, real=0.00 secs] 
2019-06-11T09:41:11.046+0000: 200.400: [GC (Allocation Failure) 2019-06-11T09:41:11.047+0000: 200.400: [DefNew: 137391K->535K(153600K), 0.0024814 secs] 181608K->44776K(494976K), 0.0025513 secs] [Times: user=0.00 sys=0.00, real=0.00 secs] 
2019-06-11T09:41:16.982+0000: 206.336: [GC (Allocation Failure) 2019-06-11T09:41:16.982+0000: 206.336: [DefNew: 137111K->522K(153600K), 0.0024801 secs] 181352K->44780K(494976K), 0.0025405 secs] [Times: user=0.00 sys=0.00, real=0.01 secs] 
2019-06-11T09:41:21.605+0000: 210.958: [GC (Allocation Failure) 2019-06-11T09:41:21.605+0000: 210.958: [DefNew: 137098K->521K(153600K), 0.0024953 secs] 181356K->44807K(494976K), 0.0025571 secs] [Times: user=0.01 sys=0.00, real=0.00 secs] 
2019-06-11T09:41:25.677+0000: 215.030: [GC (Allocation Failure) 2019-06-11T09:41:25.677+0000: 215.030: [DefNew: 137097K->516K(153600K), 0.0024556 secs] 181383K->44822K(494976K), 0.0025120 secs] [Times: user=0.01 sys=0.00, real=0.00 secs] 
2019-06-11T09:41:29.578+0000: 218.932: [GC (Allocation Failure) 2019-06-11T09:41:29.578+0000: 218.932: [DefNew: 137092K->969K(153600K), 0.0028973 secs] 181398K->45297K(494976K), 0.0029663 secs] [Times: user=0.00 sys=0.00, real=0.00 secs] 
2019-06-11T09:41:33.453+0000: 222.806: [GC (Allocation Failure) 2019-06-11T09:41:33.453+0000: 222.806: [DefNew: 137545K->634K(153600K), 0.0026778 secs] 181873K->44982K(494976K), 0.0027351 secs] [Times: user=0.01 sys=0.00, real=0.00 secs] 
2019-06-11T09:41:37.276+0000: 226.629: [GC (Allocation Failure) 2019-06-11T09:41:37.276+0000: 226.629: [DefNew: 137210K->577K(153600K), 0.0026566 secs] 181558K->44950K(494976K), 0.0027139 secs] [Times: user=0.01 sys=0.00, real=0.00 secs] 
2019-06-11T09:41:42.188+0000: 231.542: [GC (Allocation Failure) 2019-06-11T09:41:42.188+0000: 231.542: [DefNew: 137153K->513K(153600K), 0.0024416 secs] 181526K->44905K(494976K), 0.0024979 secs] [Times: user=0.00 sys=0.00, real=0.01 secs] 
2019-06-11T09:41:45.884+0000: 235.237: [GC (Allocation Failure) 2019-06-11T09:41:45.884+0000: 235.237: [DefNew: 137089K->505K(153600K), 0.0029590 secs] 181481K->44921K(494976K), 0.0030175 secs] [Times: user=0.00 sys=0.00, real=0.00 secs] 
2019-06-11T09:41:51.386+0000: 240.739: [GC (Allocation Failure) 2019-06-11T09:41:51.386+0000: 240.739: [DefNew: 137081K->535K(153600K), 0.0025707 secs] 181497K->44970K(494976K), 0.0026295 secs] [Times: user=0.01 sys=0.00, real=0.00 secs] 
2019-06-11T09:41:55.894+0000: 245.247: [GC (Allocation Failure) 2019-06-11T09:41:55.894+0000: 245.247: [DefNew: 137111K->523K(153600K), 0.0024559 secs] 181546K->44981K(494976K), 0.0025288 secs] [Times: user=0.00 sys=0.00, real=0.00 secs] 
2019-06-11T09:41:59.970+0000: 249.323: [GC (Allocation Failure) 2019-06-11T09:41:59.970+0000: 249.323: [DefNew: 137099K->517K(153600K), 0.0024224 secs] 181557K->45008K(494976K), 0.0024805 secs] [Times: user=0.00 sys=0.00, real=0.01 secs] 
2019-06-11T09:42:04.435+0000: 253.788: [GC (Allocation Failure) 2019-06-11T09:42:04.435+0000: 253.788: [DefNew: 137093K->621K(153600K), 0.0026843 secs] 181584K->45131K(494976K), 0.0027643 secs] [Times: user=0.00 sys=0.00, real=0.00 secs] 
2019-06-11T09:42:08.113+0000: 257.466: [GC (Allocation Failure) 2019-06-11T09:42:08.113+0000: 257.466: [DefNew: 137197K->707K(153600K), 0.0027529 secs] 181707K->45240K(494976K), 0.0028137 secs] [Times: user=0.01 sys=0.00, real=0.00 secs] 
2019-06-11T09:42:12.366+0000: 261.719: [GC (Allocation Failure) 2019-06-11T09:42:12.366+0000: 261.719: [DefNew: 137283K->1423K(153600K), 0.0035164 secs] 181816K->45977K(494976K), 0.0035816 secs] [Times: user=0.01 sys=0.00, real=0.00 secs] 
2019-06-11T09:42:17.069+0000: 266.423: [GC (Allocation Failure) 2019-06-11T09:42:17.069+0000: 266.423: [DefNew: 137999K->493K(153600K), 0.0023865 secs] 182553K->45071K(494976K), 0.0024465 secs] [Times: user=0.01 sys=0.00, real=0.01 secs] 
2019-06-11T09:42:22.457+0000: 271.811: [GC (Allocation Failure) 2019-06-11T09:42:22.457+0000: 271.811: [DefNew: 137069K->524K(153600K), 0.0027070 secs] 181647K->45123K(494976K), 0.0027812 secs] [Times: user=0.00 sys=0.00, real=0.00 secs] 
2019-06-11T09:42:26.215+0000: 275.569: [GC (Allocation Failure) 2019-06-11T09:42:26.215+0000: 275.569: [DefNew: 137100K->583K(153600K), 0.0024447 secs] 181699K->45207K(494976K), 0.0025011 secs] [Times: user=0.01 sys=0.00, real=0.00 secs] 
09:42:39.904 [Curator-PathChildrenCache-0] ERROR o.a.c.f.r.c.PathChildrenCache  - 
java.lang.IllegalStateException: instance must be started before calling this method
	at org.apache.curator.shaded.com.google.common.base.Preconditions.checkState(Preconditions.java:444)
	at org.apache.curator.framework.imps.CuratorFrameworkImpl.getChildren(CuratorFrameworkImpl.java:456)
	at org.apache.curator.framework.recipes.cache.PathChildrenCache.refresh(PathChildrenCache.java:521)
	at org.apache.curator.framework.recipes.cache.RefreshOperation.invoke(RefreshOperation.java:35)
	at org.apache.curator.framework.recipes.cache.PathChildrenCache$9.run(PathChildrenCache.java:786)
	at java.util.concurrent.Executors$RunnableAdapter.call(Executors.java:511)
	at java.util.concurrent.FutureTask.run(FutureTask.java:266)
	at java.util.concurrent.Executors$RunnableAdapter.call(Executors.java:511)
	at java.util.concurrent.FutureTask.run(FutureTask.java:266)
	at java.util.concurrent.ThreadPoolExecutor.runWorker(ThreadPoolExecutor.java:1149)
	at java.util.concurrent.ThreadPoolExecutor$Worker.run(ThreadPoolExecutor.java:624)
	at java.lang.Thread.run(Thread.java:748)
Heap
 def new generation   total 153600K, used 63978K [0x00000000e0c00000, 0x00000000eb2a0000, 0x00000000eb2a0000)
  eden space 136576K,  46% used [0x00000000e0c00000, 0x00000000e49e8d70, 0x00000000e9160000)
  from space 17024K,   3% used [0x00000000ea200000, 0x00000000ea291e70, 0x00000000eb2a0000)
  to   space 17024K,   0% used [0x00000000e9160000, 0x00000000e9160000, 0x00000000ea200000)
 tenured generation   total 341376K, used 44624K [0x00000000eb2a0000, 0x0000000100000000, 0x0000000100000000)
   the space 341376K,  13% used [0x00000000eb2a0000, 0x00000000ede340d8, 0x00000000ede34200, 0x0000000100000000)
 Metaspace       used 36222K, capacity 37078K, committed 37376K, reserved 1081344K
  class space    used 4858K, capacity 5067K, committed 5120K, reserved 1048576K
