20:14:50,043 |-INFO in ch.qos.logback.classic.LoggerContext[default] - Could NOT find resource [logback-test.xml]
20:14:50,047 |-INFO in ch.qos.logback.classic.LoggerContext[default] - Could NOT find resource [logback.groovy]
20:14:50,048 |-INFO in ch.qos.logback.classic.LoggerContext[default] - Found resource [logback.xml] at [jar:file:/root/flamestream/lib/flamestream-runtime-1.0-SNAPSHOT.jar!/logback.xml]
20:14:50,048 |-WARN in ch.qos.logback.classic.LoggerContext[default] - Resource [logback.xml] occurs multiple times on the classpath.
20:14:50,049 |-WARN in ch.qos.logback.classic.LoggerContext[default] - Resource [logback.xml] occurs at [jar:file:/root/flamestream/lib/flamestream-runtime-1.0-SNAPSHOT.jar!/logback.xml]
20:14:50,049 |-WARN in ch.qos.logback.classic.LoggerContext[default] - Resource [logback.xml] occurs at [jar:file:/root/flamestream/flamestream-runtime-1.0-SNAPSHOT.jar!/logback.xml]
20:14:50,070 |-INFO in ch.qos.logback.core.joran.spi.ConfigurationWatchList@3fb6a447 - URL [jar:file:/root/flamestream/lib/flamestream-runtime-1.0-SNAPSHOT.jar!/logback.xml] is not of type file
20:14:50,143 |-INFO in ch.qos.logback.classic.joran.action.ConfigurationAction - debug attribute not set
20:14:50,144 |-INFO in ch.qos.logback.core.joran.action.AppenderAction - About to instantiate appender of type [ch.qos.logback.core.ConsoleAppender]
20:14:50,162 |-INFO in ch.qos.logback.core.joran.action.AppenderAction - Naming appender as [STDOUT]
20:14:50,179 |-INFO in ch.qos.logback.core.joran.action.NestedComplexPropertyIA - Assuming default type [ch.qos.logback.classic.encoder.PatternLayoutEncoder] for [encoder] property
20:14:50,262 |-INFO in ch.qos.logback.core.joran.action.AppenderAction - About to instantiate appender of type [ch.qos.logback.core.rolling.RollingFileAppender]
20:14:50,271 |-INFO in ch.qos.logback.core.joran.action.AppenderAction - Naming appender as [FILE]
20:14:50,302 |-INFO in c.q.l.core.rolling.TimeBasedRollingPolicy@127618319 - No compression will be used
20:14:50,303 |-INFO in c.q.l.core.rolling.TimeBasedRollingPolicy@127618319 - Will use the pattern /tmp/application_%d{yyyy-MM-dd}.%i.log for the active file
20:14:50,306 |-INFO in ch.qos.logback.core.rolling.SizeAndTimeBasedFNATP@6b2fad11 - The date pattern is 'yyyy-MM-dd' from file name pattern '/tmp/application_%d{yyyy-MM-dd}.%i.log'.
20:14:50,306 |-INFO in ch.qos.logback.core.rolling.SizeAndTimeBasedFNATP@6b2fad11 - Roll-over at midnight.
20:14:50,312 |-INFO in ch.qos.logback.core.rolling.SizeAndTimeBasedFNATP@6b2fad11 - Setting initial period to Mon Jun 10 20:13:23 UTC 2019
20:14:50,312 |-WARN in ch.qos.logback.core.rolling.SizeAndTimeBasedFNATP@6b2fad11 - SizeAndTimeBasedFNATP is deprecated. Use SizeAndTimeBasedRollingPolicy instead
20:14:50,312 |-WARN in ch.qos.logback.core.rolling.SizeAndTimeBasedFNATP@6b2fad11 - For more information see http://logback.qos.ch/manual/appenders.html#SizeAndTimeBasedRollingPolicy
20:14:50,316 |-INFO in ch.qos.logback.core.joran.action.NestedComplexPropertyIA - Assuming default type [ch.qos.logback.classic.encoder.PatternLayoutEncoder] for [encoder] property
20:14:50,321 |-INFO in ch.qos.logback.core.rolling.RollingFileAppender[FILE] - Active log file name: /tmp/application.log
20:14:50,321 |-INFO in ch.qos.logback.core.rolling.RollingFileAppender[FILE] - File property is set to [/tmp/application.log]
20:14:50,322 |-INFO in ch.qos.logback.classic.joran.action.RootLoggerAction - Setting level of ROOT logger to WARN
20:14:50,322 |-INFO in ch.qos.logback.core.joran.action.AppenderRefAction - Attaching appender named [STDOUT] to Logger[ROOT]
20:14:50,324 |-INFO in ch.qos.logback.core.joran.action.AppenderRefAction - Attaching appender named [FILE] to Logger[ROOT]
20:14:50,324 |-INFO in ch.qos.logback.classic.joran.action.ConfigurationAction - End of configuration.
20:14:50,324 |-INFO in ch.qos.logback.classic.joran.JoranConfigurator@79698539 - Registering current configuration as safe fallback point

Ama winner
Ama winner
2019-06-10T20:14:51.679+0000: 1.824: [Full GC (Metadata GC Threshold) 2019-06-10T20:14:51.679+0000: 1.824: [Tenured: 0K->15175K(341376K), 0.0411574 secs] 114986K->15175K(494976K), [Metaspace: 20735K->20735K(1067008K)], 0.0412292 secs] [Times: user=0.04 sys=0.00, real=0.04 secs] 
20:15:12.735 [Curator-PathChildrenCache-1] WARN  o.a.c.u.ZKPaths  - The version of ZooKeeper being used doesn't support Container nodes. CreateMode.PERSISTENT will be used instead.
2019-06-10T20:15:14.772+0000: 24.916: [GC (Allocation Failure) 2019-06-10T20:15:14.772+0000: 24.916: [DefNew: 135692K->16360K(153600K), 0.0275312 secs] 150868K->51067K(494976K), 0.0276043 secs] [Times: user=0.01 sys=0.02, real=0.02 secs] 
2019-06-10T20:15:17.341+0000: 27.486: [Full GC (Metadata GC Threshold) 2019-06-10T20:15:17.341+0000: 27.486: [Tenured: 34707K->43156K(341376K), 0.0485735 secs] 105130K->43156K(494976K), [Metaspace: 34601K->34601K(1079296K)], 0.0486542 secs] [Times: user=0.04 sys=0.00, real=0.05 secs] 
2019-06-10T20:15:23.398+0000: 33.543: [GC (Allocation Failure) 2019-06-10T20:15:23.398+0000: 33.543: [DefNew: 136576K->60K(153600K), 0.0018749 secs] 179732K->43217K(494976K), 0.0019391 secs] [Times: user=0.00 sys=0.00, real=0.00 secs] 
2019-06-10T20:15:29.496+0000: 39.640: [GC (Allocation Failure) 2019-06-10T20:15:29.496+0000: 39.640: [DefNew: 136636K->62K(153600K), 0.0017129 secs] 179793K->43218K(494976K), 0.0017734 secs] [Times: user=0.00 sys=0.00, real=0.00 secs] 
2019-06-10T20:15:35.605+0000: 45.749: [GC (Allocation Failure) 2019-06-10T20:15:35.605+0000: 45.749: [DefNew: 136638K->59K(153600K), 0.0017537 secs] 179794K->43216K(494976K), 0.0018170 secs] [Times: user=0.00 sys=0.00, real=0.00 secs] 
2019-06-10T20:15:41.759+0000: 51.904: [GC (Allocation Failure) 2019-06-10T20:15:41.759+0000: 51.904: [DefNew: 136635K->61K(153600K), 0.0017463 secs] 179792K->43218K(494976K), 0.0018094 secs] [Times: user=0.00 sys=0.01, real=0.00 secs] 
2019-06-10T20:15:47.925+0000: 58.069: [GC (Allocation Failure) 2019-06-10T20:15:47.925+0000: 58.069: [DefNew: 136637K->64K(153600K), 0.0017234 secs] 179794K->43221K(494976K), 0.0017852 secs] [Times: user=0.00 sys=0.00, real=0.00 secs] 
20:15:57.878 [Curator-PathChildrenCache-0] ERROR o.a.c.f.r.c.PathChildrenCache  - 
java.lang.IllegalStateException: instance must be started before calling this method
	at org.apache.curator.shaded.com.google.common.base.Preconditions.checkState(Preconditions.java:444)
	at org.apache.curator.framework.imps.CuratorFrameworkImpl.getChildren(CuratorFrameworkImpl.java:456)
	at org.apache.curator.framework.recipes.cache.PathChildrenCache.refresh(PathChildrenCache.java:521)
	at org.apache.curator.framework.recipes.cache.RefreshOperation.invoke(RefreshOperation.java:35)
	at org.apache.curator.framework.recipes.cache.PathChildrenCache$9.run(PathChildrenCache.java:786)
	at java.util.concurrent.Executors$RunnableAdapter.call(Executors.java:511)
	at java.util.concurrent.FutureTask.run(FutureTask.java:266)
	at java.util.concurrent.Executors$RunnableAdapter.call(Executors.java:511)
	at java.util.concurrent.FutureTask.run(FutureTask.java:266)
	at java.util.concurrent.ThreadPoolExecutor.runWorker(ThreadPoolExecutor.java:1149)
	at java.util.concurrent.ThreadPoolExecutor$Worker.run(ThreadPoolExecutor.java:624)
	at java.lang.Thread.run(Thread.java:748)
Heap
 def new generation   total 153600K, used 54940K [0x00000000e0c00000, 0x00000000eb2a0000, 0x00000000eb2a0000)
  eden space 136576K,  40% used [0x00000000e0c00000, 0x00000000e4196db0, 0x00000000e9160000)
  from space 17024K,   0% used [0x00000000e9160000, 0x00000000e9170280, 0x00000000ea200000)
  to   space 17024K,   0% used [0x00000000ea200000, 0x00000000ea200000, 0x00000000eb2a0000)
 tenured generation   total 341376K, used 43156K [0x00000000eb2a0000, 0x0000000100000000, 0x0000000100000000)
   the space 341376K,  12% used [0x00000000eb2a0000, 0x00000000edcc5300, 0x00000000edcc5400, 0x0000000100000000)
 Metaspace       used 36083K, capacity 36998K, committed 37120K, reserved 1081344K
  class space    used 4868K, capacity 5075K, committed 5120K, reserved 1048576K
