16:46:33,043 |-INFO in ch.qos.logback.classic.LoggerContext[default] - Could NOT find resource [logback-test.xml]
16:46:33,043 |-INFO in ch.qos.logback.classic.LoggerContext[default] - Could NOT find resource [logback.groovy]
16:46:33,044 |-INFO in ch.qos.logback.classic.LoggerContext[default] - Found resource [logback.xml] at [jar:file:/root/flamestream/lib/flamestream-runtime-1.0-SNAPSHOT.jar!/logback.xml]
16:46:33,045 |-WARN in ch.qos.logback.classic.LoggerContext[default] - Resource [logback.xml] occurs multiple times on the classpath.
16:46:33,045 |-WARN in ch.qos.logback.classic.LoggerContext[default] - Resource [logback.xml] occurs at [jar:file:/root/flamestream/lib/flamestream-runtime-1.0-SNAPSHOT.jar!/logback.xml]
16:46:33,045 |-WARN in ch.qos.logback.classic.LoggerContext[default] - Resource [logback.xml] occurs at [jar:file:/root/flamestream/flamestream-runtime-1.0-SNAPSHOT.jar!/logback.xml]
16:46:33,064 |-INFO in ch.qos.logback.core.joran.spi.ConfigurationWatchList@3fb6a447 - URL [jar:file:/root/flamestream/lib/flamestream-runtime-1.0-SNAPSHOT.jar!/logback.xml] is not of type file
16:46:33,137 |-INFO in ch.qos.logback.classic.joran.action.ConfigurationAction - debug attribute not set
16:46:33,137 |-INFO in ch.qos.logback.core.joran.action.AppenderAction - About to instantiate appender of type [ch.qos.logback.core.ConsoleAppender]
16:46:33,157 |-INFO in ch.qos.logback.core.joran.action.AppenderAction - Naming appender as [STDOUT]
16:46:33,173 |-INFO in ch.qos.logback.core.joran.action.NestedComplexPropertyIA - Assuming default type [ch.qos.logback.classic.encoder.PatternLayoutEncoder] for [encoder] property
16:46:33,261 |-INFO in ch.qos.logback.core.joran.action.AppenderAction - About to instantiate appender of type [ch.qos.logback.core.rolling.RollingFileAppender]
16:46:33,266 |-INFO in ch.qos.logback.core.joran.action.AppenderAction - Naming appender as [FILE]
16:46:33,298 |-INFO in c.q.l.core.rolling.TimeBasedRollingPolicy@127618319 - No compression will be used
16:46:33,299 |-INFO in c.q.l.core.rolling.TimeBasedRollingPolicy@127618319 - Will use the pattern /tmp/application_%d{yyyy-MM-dd}.%i.log for the active file
16:46:33,302 |-INFO in ch.qos.logback.core.rolling.SizeAndTimeBasedFNATP@6b2fad11 - The date pattern is 'yyyy-MM-dd' from file name pattern '/tmp/application_%d{yyyy-MM-dd}.%i.log'.
16:46:33,302 |-INFO in ch.qos.logback.core.rolling.SizeAndTimeBasedFNATP@6b2fad11 - Roll-over at midnight.
16:46:33,307 |-INFO in ch.qos.logback.core.rolling.SizeAndTimeBasedFNATP@6b2fad11 - Setting initial period to Mon Jun 10 16:45:00 UTC 2019
16:46:33,307 |-WARN in ch.qos.logback.core.rolling.SizeAndTimeBasedFNATP@6b2fad11 - SizeAndTimeBasedFNATP is deprecated. Use SizeAndTimeBasedRollingPolicy instead
16:46:33,307 |-WARN in ch.qos.logback.core.rolling.SizeAndTimeBasedFNATP@6b2fad11 - For more information see http://logback.qos.ch/manual/appenders.html#SizeAndTimeBasedRollingPolicy
16:46:33,311 |-INFO in ch.qos.logback.core.joran.action.NestedComplexPropertyIA - Assuming default type [ch.qos.logback.classic.encoder.PatternLayoutEncoder] for [encoder] property
16:46:33,316 |-INFO in ch.qos.logback.core.rolling.RollingFileAppender[FILE] - Active log file name: /tmp/application.log
16:46:33,316 |-INFO in ch.qos.logback.core.rolling.RollingFileAppender[FILE] - File property is set to [/tmp/application.log]
16:46:33,317 |-INFO in ch.qos.logback.classic.joran.action.RootLoggerAction - Setting level of ROOT logger to WARN
16:46:33,317 |-INFO in ch.qos.logback.core.joran.action.AppenderRefAction - Attaching appender named [STDOUT] to Logger[ROOT]
16:46:33,319 |-INFO in ch.qos.logback.core.joran.action.AppenderRefAction - Attaching appender named [FILE] to Logger[ROOT]
16:46:33,319 |-INFO in ch.qos.logback.classic.joran.action.ConfigurationAction - End of configuration.
16:46:33,320 |-INFO in ch.qos.logback.classic.joran.JoranConfigurator@79698539 - Registering current configuration as safe fallback point

Ama winner
Ama winner
2019-06-10T16:46:34.642+0000: 1.789: [Full GC (Metadata GC Threshold) 2019-06-10T16:46:34.642+0000: 1.790: [Tenured: 0K->15177K(341376K), 0.0399942 secs] 114923K->15177K(494976K), [Metaspace: 20735K->20735K(1067008K)], 0.0400591 secs] [Times: user=0.04 sys=0.01, real=0.04 secs] 
16:46:55.854 [Curator-PathChildrenCache-1] WARN  o.a.c.u.ZKPaths  - The version of ZooKeeper being used doesn't support Container nodes. CreateMode.PERSISTENT will be used instead.
2019-06-10T16:46:58.033+0000: 25.180: [GC (Allocation Failure) 2019-06-10T16:46:58.033+0000: 25.180: [DefNew: 136576K->17023K(153600K), 0.0259608 secs] 151753K->52551K(494976K), 0.0260298 secs] [Times: user=0.02 sys=0.00, real=0.03 secs] 
2019-06-10T16:46:59.599+0000: 26.746: [Full GC (Metadata GC Threshold) 2019-06-10T16:46:59.599+0000: 26.746: [Tenured: 35527K->44114K(341376K), 0.0460935 secs] 82954K->44114K(494976K), [Metaspace: 34589K->34589K(1079296K)], 0.0461720 secs] [Times: user=0.04 sys=0.00, real=0.05 secs] 
2019-06-10T16:47:07.202+0000: 34.349: [GC (Allocation Failure) 2019-06-10T16:47:07.202+0000: 34.349: [DefNew: 136576K->73K(153600K), 0.0020015 secs] 180690K->44187K(494976K), 0.0020622 secs] [Times: user=0.01 sys=0.00, real=0.00 secs] 
2019-06-10T16:47:14.719+0000: 41.867: [GC (Allocation Failure) 2019-06-10T16:47:14.719+0000: 41.867: [DefNew: 136649K->69K(153600K), 0.0018319 secs] 180763K->44183K(494976K), 0.0019067 secs] [Times: user=0.00 sys=0.00, real=0.00 secs] 
2019-06-10T16:47:22.178+0000: 49.325: [GC (Allocation Failure) 2019-06-10T16:47:22.178+0000: 49.325: [DefNew: 136645K->77K(153600K), 0.0017794 secs] 180759K->44191K(494976K), 0.0018394 secs] [Times: user=0.01 sys=0.00, real=0.00 secs] 
2019-06-10T16:47:29.593+0000: 56.740: [GC (Allocation Failure) 2019-06-10T16:47:29.593+0000: 56.740: [DefNew: 136653K->75K(153600K), 0.0017824 secs] 180767K->44189K(494976K), 0.0018455 secs] [Times: user=0.00 sys=0.00, real=0.00 secs] 
2019-06-10T16:47:37.379+0000: 64.526: [GC (Allocation Failure) 2019-06-10T16:47:37.379+0000: 64.526: [DefNew: 136651K->421K(153600K), 0.0023191 secs] 180765K->44535K(494976K), 0.0023927 secs] [Times: user=0.01 sys=0.00, real=0.00 secs] 
16:47:55.495 [Curator-PathChildrenCache-0] ERROR o.a.c.f.r.c.PathChildrenCache  - 
java.lang.IllegalStateException: instance must be started before calling this method
	at org.apache.curator.shaded.com.google.common.base.Preconditions.checkState(Preconditions.java:444)
	at org.apache.curator.framework.imps.CuratorFrameworkImpl.getChildren(CuratorFrameworkImpl.java:456)
	at org.apache.curator.framework.recipes.cache.PathChildrenCache.refresh(PathChildrenCache.java:521)
	at org.apache.curator.framework.recipes.cache.RefreshOperation.invoke(RefreshOperation.java:35)
	at org.apache.curator.framework.recipes.cache.PathChildrenCache$9.run(PathChildrenCache.java:786)
	at java.util.concurrent.Executors$RunnableAdapter.call(Executors.java:511)
	at java.util.concurrent.FutureTask.run(FutureTask.java:266)
	at java.util.concurrent.Executors$RunnableAdapter.call(Executors.java:511)
	at java.util.concurrent.FutureTask.run(FutureTask.java:266)
	at java.util.concurrent.ThreadPoolExecutor.runWorker(ThreadPoolExecutor.java:1149)
	at java.util.concurrent.ThreadPoolExecutor$Worker.run(ThreadPoolExecutor.java:624)
	at java.lang.Thread.run(Thread.java:748)
Heap
 def new generation   total 153600K, used 88036K [0x00000000e0c00000, 0x00000000eb2a0000, 0x00000000eb2a0000)
  eden space 136576K,  64% used [0x00000000e0c00000, 0x00000000e618fa28, 0x00000000e9160000)
  from space 17024K,   2% used [0x00000000e9160000, 0x00000000e91c96e8, 0x00000000ea200000)
  to   space 17024K,   0% used [0x00000000ea200000, 0x00000000ea200000, 0x00000000eb2a0000)
 tenured generation   total 341376K, used 44114K [0x00000000eb2a0000, 0x0000000100000000, 0x0000000100000000)
   the space 341376K,  12% used [0x00000000eb2a0000, 0x00000000eddb4900, 0x00000000eddb4a00, 0x0000000100000000)
 Metaspace       used 36110K, capacity 36992K, committed 37120K, reserved 1081344K
  class space    used 4873K, capacity 5074K, committed 5120K, reserved 1048576K
