15:13:15,067 |-INFO in ch.qos.logback.classic.LoggerContext[default] - Could NOT find resource [logback-test.xml]
15:13:15,067 |-INFO in ch.qos.logback.classic.LoggerContext[default] - Could NOT find resource [logback.groovy]
15:13:15,068 |-INFO in ch.qos.logback.classic.LoggerContext[default] - Found resource [logback.xml] at [jar:file:/root/flamestream/lib/flamestream-runtime-1.0-SNAPSHOT.jar!/logback.xml]
15:13:15,069 |-WARN in ch.qos.logback.classic.LoggerContext[default] - Resource [logback.xml] occurs multiple times on the classpath.
15:13:15,069 |-WARN in ch.qos.logback.classic.LoggerContext[default] - Resource [logback.xml] occurs at [jar:file:/root/flamestream/lib/flamestream-runtime-1.0-SNAPSHOT.jar!/logback.xml]
15:13:15,069 |-WARN in ch.qos.logback.classic.LoggerContext[default] - Resource [logback.xml] occurs at [jar:file:/root/flamestream/flamestream-runtime-1.0-SNAPSHOT.jar!/logback.xml]
15:13:15,089 |-INFO in ch.qos.logback.core.joran.spi.ConfigurationWatchList@3fb6a447 - URL [jar:file:/root/flamestream/lib/flamestream-runtime-1.0-SNAPSHOT.jar!/logback.xml] is not of type file
15:13:15,158 |-INFO in ch.qos.logback.classic.joran.action.ConfigurationAction - debug attribute not set
15:13:15,159 |-INFO in ch.qos.logback.core.joran.action.AppenderAction - About to instantiate appender of type [ch.qos.logback.core.ConsoleAppender]
15:13:15,177 |-INFO in ch.qos.logback.core.joran.action.AppenderAction - Naming appender as [STDOUT]
15:13:15,193 |-INFO in ch.qos.logback.core.joran.action.NestedComplexPropertyIA - Assuming default type [ch.qos.logback.classic.encoder.PatternLayoutEncoder] for [encoder] property
15:13:15,277 |-INFO in ch.qos.logback.core.joran.action.AppenderAction - About to instantiate appender of type [ch.qos.logback.core.rolling.RollingFileAppender]
15:13:15,282 |-INFO in ch.qos.logback.core.joran.action.AppenderAction - Naming appender as [FILE]
15:13:15,314 |-INFO in c.q.l.core.rolling.TimeBasedRollingPolicy@127618319 - No compression will be used
15:13:15,315 |-INFO in c.q.l.core.rolling.TimeBasedRollingPolicy@127618319 - Will use the pattern /tmp/application_%d{yyyy-MM-dd}.%i.log for the active file
15:13:15,318 |-INFO in ch.qos.logback.core.rolling.SizeAndTimeBasedFNATP@6b2fad11 - The date pattern is 'yyyy-MM-dd' from file name pattern '/tmp/application_%d{yyyy-MM-dd}.%i.log'.
15:13:15,318 |-INFO in ch.qos.logback.core.rolling.SizeAndTimeBasedFNATP@6b2fad11 - Roll-over at midnight.
15:13:15,323 |-INFO in ch.qos.logback.core.rolling.SizeAndTimeBasedFNATP@6b2fad11 - Setting initial period to Mon Jun 10 15:11:47 UTC 2019
15:13:15,323 |-WARN in ch.qos.logback.core.rolling.SizeAndTimeBasedFNATP@6b2fad11 - SizeAndTimeBasedFNATP is deprecated. Use SizeAndTimeBasedRollingPolicy instead
15:13:15,323 |-WARN in ch.qos.logback.core.rolling.SizeAndTimeBasedFNATP@6b2fad11 - For more information see http://logback.qos.ch/manual/appenders.html#SizeAndTimeBasedRollingPolicy
15:13:15,327 |-INFO in ch.qos.logback.core.joran.action.NestedComplexPropertyIA - Assuming default type [ch.qos.logback.classic.encoder.PatternLayoutEncoder] for [encoder] property
15:13:15,332 |-INFO in ch.qos.logback.core.rolling.RollingFileAppender[FILE] - Active log file name: /tmp/application.log
15:13:15,332 |-INFO in ch.qos.logback.core.rolling.RollingFileAppender[FILE] - File property is set to [/tmp/application.log]
15:13:15,333 |-INFO in ch.qos.logback.classic.joran.action.RootLoggerAction - Setting level of ROOT logger to WARN
15:13:15,333 |-INFO in ch.qos.logback.core.joran.action.AppenderRefAction - Attaching appender named [STDOUT] to Logger[ROOT]
15:13:15,335 |-INFO in ch.qos.logback.core.joran.action.AppenderRefAction - Attaching appender named [FILE] to Logger[ROOT]
15:13:15,335 |-INFO in ch.qos.logback.classic.joran.action.ConfigurationAction - End of configuration.
15:13:15,335 |-INFO in ch.qos.logback.classic.joran.JoranConfigurator@79698539 - Registering current configuration as safe fallback point

Ama winner
Ama winner
2019-06-10T15:13:16.643+0000: 1.758: [Full GC (Metadata GC Threshold) 2019-06-10T15:13:16.643+0000: 1.758: [Tenured: 0K->15143K(341376K), 0.0393992 secs] 114924K->15143K(494976K), [Metaspace: 20727K->20727K(1067008K)], 0.0394682 secs] [Times: user=0.03 sys=0.01, real=0.04 secs] 
15:13:35.376 [Curator-PathChildrenCache-1] WARN  o.a.c.u.ZKPaths  - The version of ZooKeeper being used doesn't support Container nodes. CreateMode.PERSISTENT will be used instead.
2019-06-10T15:13:37.649+0000: 22.764: [GC (Allocation Failure) 2019-06-10T15:13:37.649+0000: 22.764: [DefNew: 136576K->17023K(153600K), 0.0268446 secs] 151719K->52676K(494976K), 0.0269304 secs] [Times: user=0.03 sys=0.00, real=0.03 secs] 
2019-06-10T15:13:41.095+0000: 26.210: [Full GC (Metadata GC Threshold) 2019-06-10T15:13:41.095+0000: 26.210: [Tenured: 35652K->44281K(341376K), 0.0533306 secs] 127576K->44281K(494976K), [Metaspace: 34614K->34614K(1079296K)], 0.0534120 secs] [Times: user=0.05 sys=0.00, real=0.05 secs] 
2019-06-10T15:13:47.358+0000: 32.473: [GC (Allocation Failure) 2019-06-10T15:13:47.358+0000: 32.473: [DefNew: 136576K->53K(153600K), 0.0017930 secs] 180857K->44334K(494976K), 0.0018530 secs] [Times: user=0.01 sys=0.00, real=0.00 secs] 
2019-06-10T15:13:53.570+0000: 38.685: [GC (Allocation Failure) 2019-06-10T15:13:53.570+0000: 38.685: [DefNew: 136629K->58K(153600K), 0.0016982 secs] 180910K->44339K(494976K), 0.0017614 secs] [Times: user=0.00 sys=0.00, real=0.00 secs] 
2019-06-10T15:13:59.664+0000: 44.779: [GC (Allocation Failure) 2019-06-10T15:13:59.664+0000: 44.779: [DefNew: 136634K->56K(153600K), 0.0017253 secs] 180915K->44338K(494976K), 0.0017991 secs] [Times: user=0.00 sys=0.00, real=0.00 secs] 
2019-06-10T15:14:05.990+0000: 51.105: [GC (Allocation Failure) 2019-06-10T15:14:05.990+0000: 51.105: [DefNew: 136632K->54K(153600K), 0.0017539 secs] 180914K->44336K(494976K), 0.0018196 secs] [Times: user=0.00 sys=0.00, real=0.00 secs] 
15:14:16.581 [Curator-PathChildrenCache-0] ERROR o.a.c.f.r.c.PathChildrenCache  - 
java.lang.IllegalStateException: instance must be started before calling this method
	at org.apache.curator.shaded.com.google.common.base.Preconditions.checkState(Preconditions.java:444)
	at org.apache.curator.framework.imps.CuratorFrameworkImpl.getChildren(CuratorFrameworkImpl.java:456)
	at org.apache.curator.framework.recipes.cache.PathChildrenCache.refresh(PathChildrenCache.java:521)
	at org.apache.curator.framework.recipes.cache.RefreshOperation.invoke(RefreshOperation.java:35)
	at org.apache.curator.framework.recipes.cache.PathChildrenCache$9.run(PathChildrenCache.java:786)
	at java.util.concurrent.Executors$RunnableAdapter.call(Executors.java:511)
	at java.util.concurrent.FutureTask.run(FutureTask.java:266)
	at java.util.concurrent.Executors$RunnableAdapter.call(Executors.java:511)
	at java.util.concurrent.FutureTask.run(FutureTask.java:266)
	at java.util.concurrent.ThreadPoolExecutor.runWorker(ThreadPoolExecutor.java:1149)
	at java.util.concurrent.ThreadPoolExecutor$Worker.run(ThreadPoolExecutor.java:624)
	at java.lang.Thread.run(Thread.java:748)
2019-06-10T15:14:16.609+0000: 61.724: [GC (Allocation Failure) 2019-06-10T15:14:16.609+0000: 61.724: [DefNew: 136630K->769K(153600K), 0.0034521 secs] 180912K->45051K(494976K), 0.0035158 secs] [Times: user=0.00 sys=0.00, real=0.00 secs] 
Heap
 def new generation   total 153600K, used 17764K [0x00000000e0c00000, 0x00000000eb2a0000, 0x00000000eb2a0000)
  eden space 136576K,  12% used [0x00000000e0c00000, 0x00000000e1c98d00, 0x00000000e9160000)
  from space 17024K,   4% used [0x00000000e9160000, 0x00000000e9220520, 0x00000000ea200000)
  to   space 17024K,   0% used [0x00000000ea200000, 0x00000000ea200000, 0x00000000eb2a0000)
 tenured generation   total 341376K, used 44281K [0x00000000eb2a0000, 0x0000000100000000, 0x0000000100000000)
   the space 341376K,  12% used [0x00000000eb2a0000, 0x00000000eddde6e0, 0x00000000eddde800, 0x0000000100000000)
 Metaspace       used 35889K, capacity 36768K, committed 37120K, reserved 1081344K
  class space    used 4825K, capacity 5042K, committed 5120K, reserved 1048576K
