13:11:51,729 |-INFO in ch.qos.logback.classic.LoggerContext[default] - Could NOT find resource [logback-test.xml]
13:11:51,729 |-INFO in ch.qos.logback.classic.LoggerContext[default] - Could NOT find resource [logback.groovy]
13:11:51,729 |-INFO in ch.qos.logback.classic.LoggerContext[default] - Found resource [logback.xml] at [jar:file:/root/flamestream/lib/flamestream-runtime-1.0-SNAPSHOT.jar!/logback.xml]
13:11:51,730 |-WARN in ch.qos.logback.classic.LoggerContext[default] - Resource [logback.xml] occurs multiple times on the classpath.
13:11:51,730 |-WARN in ch.qos.logback.classic.LoggerContext[default] - Resource [logback.xml] occurs at [jar:file:/root/flamestream/lib/flamestream-runtime-1.0-SNAPSHOT.jar!/logback.xml]
13:11:51,730 |-WARN in ch.qos.logback.classic.LoggerContext[default] - Resource [logback.xml] occurs at [jar:file:/root/flamestream/flamestream-runtime-1.0-SNAPSHOT.jar!/logback.xml]
13:11:51,749 |-INFO in ch.qos.logback.core.joran.spi.ConfigurationWatchList@3fb6a447 - URL [jar:file:/root/flamestream/lib/flamestream-runtime-1.0-SNAPSHOT.jar!/logback.xml] is not of type file
13:11:51,824 |-INFO in ch.qos.logback.classic.joran.action.ConfigurationAction - debug attribute not set
13:11:51,824 |-INFO in ch.qos.logback.core.joran.action.AppenderAction - About to instantiate appender of type [ch.qos.logback.core.ConsoleAppender]
13:11:51,836 |-INFO in ch.qos.logback.core.joran.action.AppenderAction - Naming appender as [STDOUT]
13:11:51,853 |-INFO in ch.qos.logback.core.joran.action.NestedComplexPropertyIA - Assuming default type [ch.qos.logback.classic.encoder.PatternLayoutEncoder] for [encoder] property
13:11:51,936 |-INFO in ch.qos.logback.core.joran.action.AppenderAction - About to instantiate appender of type [ch.qos.logback.core.rolling.RollingFileAppender]
13:11:51,945 |-INFO in ch.qos.logback.core.joran.action.AppenderAction - Naming appender as [FILE]
13:11:51,975 |-INFO in c.q.l.core.rolling.TimeBasedRollingPolicy@127618319 - No compression will be used
13:11:51,976 |-INFO in c.q.l.core.rolling.TimeBasedRollingPolicy@127618319 - Will use the pattern /tmp/application_%d{yyyy-MM-dd}.%i.log for the active file
13:11:51,979 |-INFO in ch.qos.logback.core.rolling.SizeAndTimeBasedFNATP@6b2fad11 - The date pattern is 'yyyy-MM-dd' from file name pattern '/tmp/application_%d{yyyy-MM-dd}.%i.log'.
13:11:51,979 |-INFO in ch.qos.logback.core.rolling.SizeAndTimeBasedFNATP@6b2fad11 - Roll-over at midnight.
13:11:51,984 |-INFO in ch.qos.logback.core.rolling.SizeAndTimeBasedFNATP@6b2fad11 - Setting initial period to Mon Jun 10 13:10:26 UTC 2019
13:11:51,984 |-WARN in ch.qos.logback.core.rolling.SizeAndTimeBasedFNATP@6b2fad11 - SizeAndTimeBasedFNATP is deprecated. Use SizeAndTimeBasedRollingPolicy instead
13:11:51,984 |-WARN in ch.qos.logback.core.rolling.SizeAndTimeBasedFNATP@6b2fad11 - For more information see http://logback.qos.ch/manual/appenders.html#SizeAndTimeBasedRollingPolicy
13:11:51,988 |-INFO in ch.qos.logback.core.joran.action.NestedComplexPropertyIA - Assuming default type [ch.qos.logback.classic.encoder.PatternLayoutEncoder] for [encoder] property
13:11:51,993 |-INFO in ch.qos.logback.core.rolling.RollingFileAppender[FILE] - Active log file name: /tmp/application.log
13:11:51,993 |-INFO in ch.qos.logback.core.rolling.RollingFileAppender[FILE] - File property is set to [/tmp/application.log]
13:11:51,994 |-INFO in ch.qos.logback.classic.joran.action.RootLoggerAction - Setting level of ROOT logger to WARN
13:11:51,994 |-INFO in ch.qos.logback.core.joran.action.AppenderRefAction - Attaching appender named [STDOUT] to Logger[ROOT]
13:11:51,996 |-INFO in ch.qos.logback.core.joran.action.AppenderRefAction - Attaching appender named [FILE] to Logger[ROOT]
13:11:51,996 |-INFO in ch.qos.logback.classic.joran.action.ConfigurationAction - End of configuration.
13:11:51,996 |-INFO in ch.qos.logback.classic.joran.JoranConfigurator@79698539 - Registering current configuration as safe fallback point

Ama winner
Ama winner
2019-06-10T13:11:53.231+0000: 1.695: [Full GC (Metadata GC Threshold) 2019-06-10T13:11:53.231+0000: 1.695: [Tenured: 0K->15209K(341376K), 0.0396394 secs] 114923K->15209K(494976K), [Metaspace: 20728K->20728K(1067008K)], 0.0397019 secs] [Times: user=0.04 sys=0.01, real=0.04 secs] 
13:12:13.017 [Curator-PathChildrenCache-1] WARN  o.a.c.u.ZKPaths  - The version of ZooKeeper being used doesn't support Container nodes. CreateMode.PERSISTENT will be used instead.
2019-06-10T13:12:15.240+0000: 23.703: [GC (Allocation Failure) 2019-06-10T13:12:15.240+0000: 23.703: [DefNew: 136576K->17023K(153600K), 0.0262229 secs] 151785K->52672K(494976K), 0.0262930 secs] [Times: user=0.02 sys=0.01, real=0.03 secs] 
2019-06-10T13:12:20.846+0000: 29.309: [Full GC (Metadata GC Threshold) 2019-06-10T13:12:20.846+0000: 29.309: [Tenured: 35648K->44462K(341376K), 0.0535384 secs] 138298K->44462K(494976K), [Metaspace: 34615K->34615K(1079296K)], 0.0536172 secs] [Times: user=0.05 sys=0.01, real=0.05 secs] 
2019-06-10T13:12:30.092+0000: 38.556: [GC (Allocation Failure) 2019-06-10T13:12:30.092+0000: 38.556: [DefNew: 136576K->56K(153600K), 0.0017856 secs] 181038K->44519K(494976K), 0.0018612 secs] [Times: user=0.01 sys=0.00, real=0.01 secs] 
2019-06-10T13:12:39.332+0000: 47.795: [GC (Allocation Failure) 2019-06-10T13:12:39.332+0000: 47.795: [DefNew: 136632K->54K(153600K), 0.0016476 secs] 181095K->44516K(494976K), 0.0017087 secs] [Times: user=0.00 sys=0.00, real=0.01 secs] 
2019-06-10T13:12:48.575+0000: 57.039: [GC (Allocation Failure) 2019-06-10T13:12:48.575+0000: 57.039: [DefNew: 136630K->56K(153600K), 0.0016403 secs] 181092K->44519K(494976K), 0.0017085 secs] [Times: user=0.00 sys=0.00, real=0.00 secs] 
2019-06-10T13:12:58.372+0000: 66.836: [GC (Allocation Failure) 2019-06-10T13:12:58.372+0000: 66.836: [DefNew: 136632K->404K(153600K), 0.0021620 secs] 181095K->44867K(494976K), 0.0022252 secs] [Times: user=0.00 sys=0.00, real=0.01 secs] 
2019-06-10T13:13:09.589+0000: 78.053: [GC (Allocation Failure) 2019-06-10T13:13:09.589+0000: 78.053: [DefNew: 136980K->158K(153600K), 0.0020008 secs] 181443K->44621K(494976K), 0.0020747 secs] [Times: user=0.01 sys=0.00, real=0.00 secs] 
2019-06-10T13:13:30.462+0000: 98.925: [GC (Allocation Failure) 2019-06-10T13:13:30.462+0000: 98.925: [DefNew: 136734K->460K(153600K), 0.0031685 secs] 181197K->44923K(494976K), 0.0032269 secs] [Times: user=0.00 sys=0.00, real=0.00 secs] 
13:13:30.486 [Curator-PathChildrenCache-0] ERROR o.a.c.f.r.c.PathChildrenCache  - 
java.lang.IllegalStateException: instance must be started before calling this method
	at org.apache.curator.shaded.com.google.common.base.Preconditions.checkState(Preconditions.java:444)
	at org.apache.curator.framework.imps.CuratorFrameworkImpl.getChildren(CuratorFrameworkImpl.java:456)
	at org.apache.curator.framework.recipes.cache.PathChildrenCache.refresh(PathChildrenCache.java:521)
	at org.apache.curator.framework.recipes.cache.RefreshOperation.invoke(RefreshOperation.java:35)
	at org.apache.curator.framework.recipes.cache.PathChildrenCache$9.run(PathChildrenCache.java:786)
	at java.util.concurrent.Executors$RunnableAdapter.call(Executors.java:511)
	at java.util.concurrent.FutureTask.run(FutureTask.java:266)
	at java.util.concurrent.Executors$RunnableAdapter.call(Executors.java:511)
	at java.util.concurrent.FutureTask.run(FutureTask.java:266)
	at java.util.concurrent.ThreadPoolExecutor.runWorker(ThreadPoolExecutor.java:1149)
	at java.util.concurrent.ThreadPoolExecutor$Worker.run(ThreadPoolExecutor.java:624)
	at java.lang.Thread.run(Thread.java:748)
Heap
 def new generation   total 153600K, used 25630K [0x00000000e0c00000, 0x00000000eb2a0000, 0x00000000eb2a0000)
  eden space 136576K,  18% used [0x00000000e0c00000, 0x00000000e2494770, 0x00000000e9160000)
  from space 17024K,   2% used [0x00000000ea200000, 0x00000000ea273168, 0x00000000eb2a0000)
  to   space 17024K,   0% used [0x00000000e9160000, 0x00000000e9160000, 0x00000000ea200000)
 tenured generation   total 341376K, used 44462K [0x00000000eb2a0000, 0x0000000100000000, 0x0000000100000000)
   the space 341376K,  13% used [0x00000000eb2a0000, 0x00000000ede0bb58, 0x00000000ede0bc00, 0x0000000100000000)
 Metaspace       used 36142K, capacity 37050K, committed 37376K, reserved 1081344K
  class space    used 4857K, capacity 5073K, committed 5120K, reserved 1048576K
