16:18:28,637 |-INFO in ch.qos.logback.classic.LoggerContext[default] - Could NOT find resource [logback-test.xml]
16:18:28,637 |-INFO in ch.qos.logback.classic.LoggerContext[default] - Could NOT find resource [logback.groovy]
16:18:28,638 |-INFO in ch.qos.logback.classic.LoggerContext[default] - Found resource [logback.xml] at [jar:file:/root/flamestream/lib/flamestream-runtime-1.0-SNAPSHOT.jar!/logback.xml]
16:18:28,639 |-WARN in ch.qos.logback.classic.LoggerContext[default] - Resource [logback.xml] occurs multiple times on the classpath.
16:18:28,639 |-WARN in ch.qos.logback.classic.LoggerContext[default] - Resource [logback.xml] occurs at [jar:file:/root/flamestream/lib/flamestream-runtime-1.0-SNAPSHOT.jar!/logback.xml]
16:18:28,639 |-WARN in ch.qos.logback.classic.LoggerContext[default] - Resource [logback.xml] occurs at [jar:file:/root/flamestream/flamestream-runtime-1.0-SNAPSHOT.jar!/logback.xml]
16:18:28,658 |-INFO in ch.qos.logback.core.joran.spi.ConfigurationWatchList@3fb6a447 - URL [jar:file:/root/flamestream/lib/flamestream-runtime-1.0-SNAPSHOT.jar!/logback.xml] is not of type file
16:18:28,724 |-INFO in ch.qos.logback.classic.joran.action.ConfigurationAction - debug attribute not set
16:18:28,725 |-INFO in ch.qos.logback.core.joran.action.AppenderAction - About to instantiate appender of type [ch.qos.logback.core.ConsoleAppender]
16:18:28,741 |-INFO in ch.qos.logback.core.joran.action.AppenderAction - Naming appender as [STDOUT]
16:18:28,759 |-INFO in ch.qos.logback.core.joran.action.NestedComplexPropertyIA - Assuming default type [ch.qos.logback.classic.encoder.PatternLayoutEncoder] for [encoder] property
16:18:28,842 |-INFO in ch.qos.logback.core.joran.action.AppenderAction - About to instantiate appender of type [ch.qos.logback.core.rolling.RollingFileAppender]
16:18:28,851 |-INFO in ch.qos.logback.core.joran.action.AppenderAction - Naming appender as [FILE]
16:18:28,880 |-INFO in c.q.l.core.rolling.TimeBasedRollingPolicy@127618319 - No compression will be used
16:18:28,882 |-INFO in c.q.l.core.rolling.TimeBasedRollingPolicy@127618319 - Will use the pattern /tmp/application_%d{yyyy-MM-dd}.%i.log for the active file
16:18:28,885 |-INFO in ch.qos.logback.core.rolling.SizeAndTimeBasedFNATP@6b2fad11 - The date pattern is 'yyyy-MM-dd' from file name pattern '/tmp/application_%d{yyyy-MM-dd}.%i.log'.
16:18:28,885 |-INFO in ch.qos.logback.core.rolling.SizeAndTimeBasedFNATP@6b2fad11 - Roll-over at midnight.
16:18:28,890 |-INFO in ch.qos.logback.core.rolling.SizeAndTimeBasedFNATP@6b2fad11 - Setting initial period to Mon Jun 10 16:17:11 UTC 2019
16:18:28,890 |-WARN in ch.qos.logback.core.rolling.SizeAndTimeBasedFNATP@6b2fad11 - SizeAndTimeBasedFNATP is deprecated. Use SizeAndTimeBasedRollingPolicy instead
16:18:28,890 |-WARN in ch.qos.logback.core.rolling.SizeAndTimeBasedFNATP@6b2fad11 - For more information see http://logback.qos.ch/manual/appenders.html#SizeAndTimeBasedRollingPolicy
16:18:28,895 |-INFO in ch.qos.logback.core.joran.action.NestedComplexPropertyIA - Assuming default type [ch.qos.logback.classic.encoder.PatternLayoutEncoder] for [encoder] property
16:18:28,900 |-INFO in ch.qos.logback.core.rolling.RollingFileAppender[FILE] - Active log file name: /tmp/application.log
16:18:28,900 |-INFO in ch.qos.logback.core.rolling.RollingFileAppender[FILE] - File property is set to [/tmp/application.log]
16:18:28,900 |-INFO in ch.qos.logback.classic.joran.action.RootLoggerAction - Setting level of ROOT logger to WARN
16:18:28,901 |-INFO in ch.qos.logback.core.joran.action.AppenderRefAction - Attaching appender named [STDOUT] to Logger[ROOT]
16:18:28,902 |-INFO in ch.qos.logback.core.joran.action.AppenderRefAction - Attaching appender named [FILE] to Logger[ROOT]
16:18:28,903 |-INFO in ch.qos.logback.classic.joran.action.ConfigurationAction - End of configuration.
16:18:28,903 |-INFO in ch.qos.logback.classic.joran.JoranConfigurator@79698539 - Registering current configuration as safe fallback point

Ama winner
Ama winner
2019-06-10T16:18:30.196+0000: 1.748: [Full GC (Metadata GC Threshold) 2019-06-10T16:18:30.196+0000: 1.748: [Tenured: 0K->15145K(341376K), 0.0410150 secs] 114987K->15145K(494976K), [Metaspace: 20736K->20736K(1067008K)], 0.0410921 secs] [Times: user=0.04 sys=0.01, real=0.04 secs] 
16:18:42.231 [Curator-PathChildrenCache-1] WARN  o.a.c.u.ZKPaths  - The version of ZooKeeper being used doesn't support Container nodes. CreateMode.PERSISTENT will be used instead.
2019-06-10T16:18:44.773+0000: 16.326: [GC (Allocation Failure) 2019-06-10T16:18:44.773+0000: 16.326: [DefNew: 136576K->17024K(153600K), 0.0253654 secs] 151721K->52587K(494976K), 0.0254532 secs] [Times: user=0.01 sys=0.01, real=0.02 secs] 
2019-06-10T16:18:46.783+0000: 18.336: [Full GC (Metadata GC Threshold) 2019-06-10T16:18:46.784+0000: 18.336: [Tenured: 35563K->44200K(341376K), 0.0942391 secs] 100123K->44200K(494976K), [Metaspace: 34590K->34590K(1079296K)], 0.0943177 secs] [Times: user=0.09 sys=0.01, real=0.09 secs] 
2019-06-10T16:18:53.074+0000: 24.626: [GC (Allocation Failure) 2019-06-10T16:18:53.074+0000: 24.626: [DefNew: 136576K->69K(153600K), 0.0018754 secs] 180776K->44270K(494976K), 0.0019335 secs] [Times: user=0.01 sys=0.00, real=0.00 secs] 
2019-06-10T16:18:59.202+0000: 30.755: [GC (Allocation Failure) 2019-06-10T16:18:59.203+0000: 30.755: [DefNew: 136645K->72K(153600K), 0.0016676 secs] 180846K->44273K(494976K), 0.0017358 secs] [Times: user=0.00 sys=0.00, real=0.00 secs] 
2019-06-10T16:19:05.491+0000: 37.043: [GC (Allocation Failure) 2019-06-10T16:19:05.491+0000: 37.043: [DefNew: 136648K->71K(153600K), 0.0017312 secs] 180849K->44271K(494976K), 0.0017927 secs] [Times: user=0.00 sys=0.00, real=0.00 secs] 
2019-06-10T16:19:11.748+0000: 43.301: [GC (Allocation Failure) 2019-06-10T16:19:11.748+0000: 43.301: [DefNew: 136647K->75K(153600K), 0.0017655 secs] 180847K->44275K(494976K), 0.0018309 secs] [Times: user=0.01 sys=0.00, real=0.01 secs] 
2019-06-10T16:19:20.569+0000: 52.121: [GC (Allocation Failure) 2019-06-10T16:19:20.569+0000: 52.121: [DefNew: 136651K->69K(153600K), 0.0018083 secs] 180851K->44270K(494976K), 0.0018688 secs] [Times: user=0.00 sys=0.00, real=0.01 secs] 
16:19:24.532 [Curator-PathChildrenCache-0] ERROR o.a.c.f.r.c.PathChildrenCache  - 
java.lang.IllegalStateException: instance must be started before calling this method
	at org.apache.curator.shaded.com.google.common.base.Preconditions.checkState(Preconditions.java:444)
	at org.apache.curator.framework.imps.CuratorFrameworkImpl.getChildren(CuratorFrameworkImpl.java:456)
	at org.apache.curator.framework.recipes.cache.PathChildrenCache.refresh(PathChildrenCache.java:521)
	at org.apache.curator.framework.recipes.cache.RefreshOperation.invoke(RefreshOperation.java:35)
	at org.apache.curator.framework.recipes.cache.PathChildrenCache$9.run(PathChildrenCache.java:786)
	at java.util.concurrent.Executors$RunnableAdapter.call(Executors.java:511)
	at java.util.concurrent.FutureTask.run(FutureTask.java:266)
	at java.util.concurrent.Executors$RunnableAdapter.call(Executors.java:511)
	at java.util.concurrent.FutureTask.run(FutureTask.java:266)
	at java.util.concurrent.ThreadPoolExecutor.runWorker(ThreadPoolExecutor.java:1149)
	at java.util.concurrent.ThreadPoolExecutor$Worker.run(ThreadPoolExecutor.java:624)
	at java.lang.Thread.run(Thread.java:748)
Heap
 def new generation   total 153600K, used 43864K [0x00000000e0c00000, 0x00000000eb2a0000, 0x00000000eb2a0000)
  eden space 136576K,  32% used [0x00000000e0c00000, 0x00000000e36c4c90, 0x00000000e9160000)
  from space 17024K,   0% used [0x00000000e9160000, 0x00000000e9171740, 0x00000000ea200000)
  to   space 17024K,   0% used [0x00000000ea200000, 0x00000000ea200000, 0x00000000eb2a0000)
 tenured generation   total 341376K, used 44200K [0x00000000eb2a0000, 0x0000000100000000, 0x0000000100000000)
   the space 341376K,  12% used [0x00000000eb2a0000, 0x00000000eddca1f0, 0x00000000eddca200, 0x0000000100000000)
 Metaspace       used 35894K, capacity 36832K, committed 37120K, reserved 1081344K
  class space    used 4830K, capacity 5042K, committed 5120K, reserved 1048576K
