05:50:56,519 |-INFO in ch.qos.logback.classic.LoggerContext[default] - Could NOT find resource [logback-test.xml]
05:50:56,519 |-INFO in ch.qos.logback.classic.LoggerContext[default] - Could NOT find resource [logback.groovy]
05:50:56,519 |-INFO in ch.qos.logback.classic.LoggerContext[default] - Found resource [logback.xml] at [jar:file:/root/flamestream/lib/flamestream-runtime-1.0-SNAPSHOT.jar!/logback.xml]
05:50:56,523 |-WARN in ch.qos.logback.classic.LoggerContext[default] - Resource [logback.xml] occurs multiple times on the classpath.
05:50:56,523 |-WARN in ch.qos.logback.classic.LoggerContext[default] - Resource [logback.xml] occurs at [jar:file:/root/flamestream/lib/flamestream-runtime-1.0-SNAPSHOT.jar!/logback.xml]
05:50:56,523 |-WARN in ch.qos.logback.classic.LoggerContext[default] - Resource [logback.xml] occurs at [jar:file:/root/flamestream/flamestream-runtime-1.0-SNAPSHOT.jar!/logback.xml]
05:50:56,545 |-INFO in ch.qos.logback.core.joran.spi.ConfigurationWatchList@3fb6a447 - URL [jar:file:/root/flamestream/lib/flamestream-runtime-1.0-SNAPSHOT.jar!/logback.xml] is not of type file
05:50:56,621 |-INFO in ch.qos.logback.classic.joran.action.ConfigurationAction - debug attribute not set
05:50:56,622 |-INFO in ch.qos.logback.core.joran.action.AppenderAction - About to instantiate appender of type [ch.qos.logback.core.ConsoleAppender]
05:50:56,631 |-INFO in ch.qos.logback.core.joran.action.AppenderAction - Naming appender as [STDOUT]
05:50:56,651 |-INFO in ch.qos.logback.core.joran.action.NestedComplexPropertyIA - Assuming default type [ch.qos.logback.classic.encoder.PatternLayoutEncoder] for [encoder] property
05:50:56,727 |-INFO in ch.qos.logback.core.joran.action.AppenderAction - About to instantiate appender of type [ch.qos.logback.core.rolling.RollingFileAppender]
05:50:56,736 |-INFO in ch.qos.logback.core.joran.action.AppenderAction - Naming appender as [FILE]
05:50:56,767 |-INFO in c.q.l.core.rolling.TimeBasedRollingPolicy@127618319 - No compression will be used
05:50:56,768 |-INFO in c.q.l.core.rolling.TimeBasedRollingPolicy@127618319 - Will use the pattern /tmp/application_%d{yyyy-MM-dd}.%i.log for the active file
05:50:56,771 |-INFO in ch.qos.logback.core.rolling.SizeAndTimeBasedFNATP@6b2fad11 - The date pattern is 'yyyy-MM-dd' from file name pattern '/tmp/application_%d{yyyy-MM-dd}.%i.log'.
05:50:56,771 |-INFO in ch.qos.logback.core.rolling.SizeAndTimeBasedFNATP@6b2fad11 - Roll-over at midnight.
05:50:56,776 |-INFO in ch.qos.logback.core.rolling.SizeAndTimeBasedFNATP@6b2fad11 - Setting initial period to Tue Jun 11 05:49:33 UTC 2019
05:50:56,776 |-WARN in ch.qos.logback.core.rolling.SizeAndTimeBasedFNATP@6b2fad11 - SizeAndTimeBasedFNATP is deprecated. Use SizeAndTimeBasedRollingPolicy instead
05:50:56,777 |-WARN in ch.qos.logback.core.rolling.SizeAndTimeBasedFNATP@6b2fad11 - For more information see http://logback.qos.ch/manual/appenders.html#SizeAndTimeBasedRollingPolicy
05:50:56,781 |-INFO in ch.qos.logback.core.joran.action.NestedComplexPropertyIA - Assuming default type [ch.qos.logback.classic.encoder.PatternLayoutEncoder] for [encoder] property
05:50:56,786 |-INFO in ch.qos.logback.core.rolling.RollingFileAppender[FILE] - Active log file name: /tmp/application.log
05:50:56,786 |-INFO in ch.qos.logback.core.rolling.RollingFileAppender[FILE] - File property is set to [/tmp/application.log]
05:50:56,786 |-INFO in ch.qos.logback.classic.joran.action.RootLoggerAction - Setting level of ROOT logger to WARN
05:50:56,786 |-INFO in ch.qos.logback.core.joran.action.AppenderRefAction - Attaching appender named [STDOUT] to Logger[ROOT]
05:50:56,787 |-INFO in ch.qos.logback.core.joran.action.AppenderRefAction - Attaching appender named [FILE] to Logger[ROOT]
05:50:56,787 |-INFO in ch.qos.logback.classic.joran.action.ConfigurationAction - End of configuration.
05:50:56,788 |-INFO in ch.qos.logback.classic.joran.JoranConfigurator@79698539 - Registering current configuration as safe fallback point

Ama winner
Ama winner
2019-06-11T05:50:58.147+0000: 1.814: [Full GC (Metadata GC Threshold) 2019-06-11T05:50:58.147+0000: 1.814: [Tenured: 0K->15144K(341376K), 0.0408154 secs] 114987K->15144K(494976K), [Metaspace: 20737K->20737K(1067008K)], 0.0408792 secs] [Times: user=0.04 sys=0.01, real=0.04 secs] 
05:51:14.497 [Curator-PathChildrenCache-1] WARN  o.a.c.u.ZKPaths  - The version of ZooKeeper being used doesn't support Container nodes. CreateMode.PERSISTENT will be used instead.
2019-06-11T05:51:16.890+0000: 20.557: [GC (Allocation Failure) 2019-06-11T05:51:16.890+0000: 20.557: [DefNew: 136576K->17024K(153600K), 0.0264538 secs] 151720K->52919K(494976K), 0.0265214 secs] [Times: user=0.01 sys=0.01, real=0.03 secs] 
2019-06-11T05:51:23.481+0000: 27.148: [GC (Allocation Failure) 2019-06-11T05:51:23.481+0000: 27.148: [DefNew: 153600K->300K(153600K), 0.0099576 secs] 189495K->44711K(494976K), 0.0100294 secs] [Times: user=0.01 sys=0.00, real=0.01 secs] 
2019-06-11T05:51:24.395+0000: 28.062: [Full GC (Metadata GC Threshold) 2019-06-11T05:51:24.395+0000: 28.062: [Tenured: 44411K->44688K(341376K), 0.0351427 secs] 66123K->44688K(494976K), [Metaspace: 34638K->34638K(1079296K)], 0.0352140 secs] [Times: user=0.04 sys=0.00, real=0.04 secs] 
2019-06-11T05:51:30.986+0000: 34.653: [GC (Allocation Failure) 2019-06-11T05:51:30.986+0000: 34.653: [DefNew: 136576K->60K(153600K), 0.0016529 secs] 181264K->44748K(494976K), 0.0017141 secs] [Times: user=0.00 sys=0.00, real=0.00 secs] 
2019-06-11T05:51:37.709+0000: 41.376: [GC (Allocation Failure) 2019-06-11T05:51:37.709+0000: 41.376: [DefNew: 136636K->55K(153600K), 0.0015752 secs] 181324K->44743K(494976K), 0.0016345 secs] [Times: user=0.00 sys=0.00, real=0.00 secs] 
2019-06-11T05:51:44.444+0000: 48.111: [GC (Allocation Failure) 2019-06-11T05:51:44.444+0000: 48.111: [DefNew: 136631K->51K(153600K), 0.0016076 secs] 181319K->44739K(494976K), 0.0016673 secs] [Times: user=0.01 sys=0.00, real=0.00 secs] 
2019-06-11T05:51:51.221+0000: 54.888: [GC (Allocation Failure) 2019-06-11T05:51:51.221+0000: 54.888: [DefNew: 136627K->59K(153600K), 0.0016522 secs] 181315K->44747K(494976K), 0.0017100 secs] [Times: user=0.00 sys=0.00, real=0.00 secs] 
05:52:01.027 [Curator-PathChildrenCache-0] ERROR o.a.c.f.r.c.PathChildrenCache  - 
java.lang.IllegalStateException: instance must be started before calling this method
	at org.apache.curator.shaded.com.google.common.base.Preconditions.checkState(Preconditions.java:444)
	at org.apache.curator.framework.imps.CuratorFrameworkImpl.getChildren(CuratorFrameworkImpl.java:456)
	at org.apache.curator.framework.recipes.cache.PathChildrenCache.refresh(PathChildrenCache.java:521)
	at org.apache.curator.framework.recipes.cache.RefreshOperation.invoke(RefreshOperation.java:35)
	at org.apache.curator.framework.recipes.cache.PathChildrenCache$9.run(PathChildrenCache.java:786)
	at java.util.concurrent.Executors$RunnableAdapter.call(Executors.java:511)
	at java.util.concurrent.FutureTask.run(FutureTask.java:266)
	at java.util.concurrent.Executors$RunnableAdapter.call(Executors.java:511)
	at java.util.concurrent.FutureTask.run(FutureTask.java:266)
	at java.util.concurrent.ThreadPoolExecutor.runWorker(ThreadPoolExecutor.java:1149)
	at java.util.concurrent.ThreadPoolExecutor$Worker.run(ThreadPoolExecutor.java:624)
	at java.lang.Thread.run(Thread.java:748)
Heap
 def new generation   total 153600K, used 88047K [0x00000000e0c00000, 0x00000000eb2a0000, 0x00000000eb2a0000)
  eden space 136576K,  64% used [0x00000000e0c00000, 0x00000000e61ed158, 0x00000000e9160000)
  from space 17024K,   0% used [0x00000000e9160000, 0x00000000e916ec20, 0x00000000ea200000)
  to   space 17024K,   0% used [0x00000000ea200000, 0x00000000ea200000, 0x00000000eb2a0000)
 tenured generation   total 341376K, used 44688K [0x00000000eb2a0000, 0x0000000100000000, 0x0000000100000000)
   the space 341376K,  13% used [0x00000000eb2a0000, 0x00000000ede441a8, 0x00000000ede44200, 0x0000000100000000)
 Metaspace       used 35994K, capacity 36864K, committed 37120K, reserved 1081344K
  class space    used 4871K, capacity 5074K, committed 5120K, reserved 1048576K
