22:45:38,445 |-INFO in ch.qos.logback.classic.LoggerContext[default] - Could NOT find resource [logback-test.xml]
22:45:38,446 |-INFO in ch.qos.logback.classic.LoggerContext[default] - Could NOT find resource [logback.groovy]
22:45:38,446 |-INFO in ch.qos.logback.classic.LoggerContext[default] - Found resource [logback.xml] at [jar:file:/home/nikitasokolov/flamestream/lib/flamestream-runtime-1.0-SNAPSHOT.jar!/logback.xml]
22:45:38,446 |-WARN in ch.qos.logback.classic.LoggerContext[default] - Resource [logback.xml] occurs multiple times on the classpath.
22:45:38,447 |-WARN in ch.qos.logback.classic.LoggerContext[default] - Resource [logback.xml] occurs at [jar:file:/home/nikitasokolov/flamestream/lib/flamestream-runtime-1.0-SNAPSHOT.jar!/logback.xml]
22:45:38,447 |-WARN in ch.qos.logback.classic.LoggerContext[default] - Resource [logback.xml] occurs at [jar:file:/home/nikitasokolov/flamestream/flamestream-runtime-1.0-SNAPSHOT.jar!/logback.xml]
22:45:38,464 |-INFO in ch.qos.logback.core.joran.spi.ConfigurationWatchList@6bf256fa - URL [jar:file:/home/nikitasokolov/flamestream/lib/flamestream-runtime-1.0-SNAPSHOT.jar!/logback.xml] is not of type file
22:45:38,517 |-INFO in ch.qos.logback.classic.joran.action.ConfigurationAction - debug attribute not set
22:45:38,518 |-INFO in ch.qos.logback.core.joran.action.AppenderAction - About to instantiate appender of type [ch.qos.logback.core.ConsoleAppender]
22:45:38,525 |-INFO in ch.qos.logback.core.joran.action.AppenderAction - Naming appender as [STDOUT]
22:45:38,534 |-INFO in ch.qos.logback.core.joran.action.NestedComplexPropertyIA - Assuming default type [ch.qos.logback.classic.encoder.PatternLayoutEncoder] for [encoder] property
22:45:38,596 |-INFO in ch.qos.logback.core.joran.action.AppenderAction - About to instantiate appender of type [ch.qos.logback.core.rolling.RollingFileAppender]
22:45:38,602 |-INFO in ch.qos.logback.core.joran.action.AppenderAction - Naming appender as [FILE]
22:45:38,625 |-INFO in c.q.l.core.rolling.TimeBasedRollingPolicy@114132791 - No compression will be used
22:45:38,626 |-INFO in c.q.l.core.rolling.TimeBasedRollingPolicy@114132791 - Will use the pattern /tmp/application_%d{yyyy-MM-dd}.%i.log for the active file
22:45:38,629 |-INFO in ch.qos.logback.core.rolling.SizeAndTimeBasedFNATP@22f71333 - The date pattern is 'yyyy-MM-dd' from file name pattern '/tmp/application_%d{yyyy-MM-dd}.%i.log'.
22:45:38,629 |-INFO in ch.qos.logback.core.rolling.SizeAndTimeBasedFNATP@22f71333 - Roll-over at midnight.
22:45:38,634 |-INFO in ch.qos.logback.core.rolling.SizeAndTimeBasedFNATP@22f71333 - Setting initial period to Thu Jun 06 22:00:24 MSK 2019
22:45:38,634 |-WARN in ch.qos.logback.core.rolling.SizeAndTimeBasedFNATP@22f71333 - SizeAndTimeBasedFNATP is deprecated. Use SizeAndTimeBasedRollingPolicy instead
22:45:38,634 |-WARN in ch.qos.logback.core.rolling.SizeAndTimeBasedFNATP@22f71333 - For more information see http://logback.qos.ch/manual/appenders.html#SizeAndTimeBasedRollingPolicy
22:45:38,638 |-INFO in ch.qos.logback.core.joran.action.NestedComplexPropertyIA - Assuming default type [ch.qos.logback.classic.encoder.PatternLayoutEncoder] for [encoder] property
22:45:38,640 |-INFO in ch.qos.logback.core.rolling.RollingFileAppender[FILE] - Active log file name: /tmp/application.log
22:45:38,640 |-INFO in ch.qos.logback.core.rolling.RollingFileAppender[FILE] - File property is set to [/tmp/application.log]
22:45:38,642 |-ERROR in ch.qos.logback.core.rolling.RollingFileAppender[FILE] - openFile(/tmp/application.log,true) call failed. java.io.FileNotFoundException: /tmp/application.log (Permission denied)
	at java.io.FileNotFoundException: /tmp/application.log (Permission denied)
	at 	at java.io.FileOutputStream.open0(Native Method)
	at 	at java.io.FileOutputStream.open(FileOutputStream.java:270)
	at 	at java.io.FileOutputStream.<init>(FileOutputStream.java:213)
	at 	at ch.qos.logback.core.recovery.ResilientFileOutputStream.<init>(ResilientFileOutputStream.java:26)
	at 	at ch.qos.logback.core.FileAppender.openFile(FileAppender.java:204)
	at 	at ch.qos.logback.core.FileAppender.start(FileAppender.java:127)
	at 	at ch.qos.logback.core.rolling.RollingFileAppender.start(RollingFileAppender.java:100)
	at 	at ch.qos.logback.core.joran.action.AppenderAction.end(AppenderAction.java:90)
	at 	at ch.qos.logback.core.joran.spi.Interpreter.callEndAction(Interpreter.java:309)
	at 	at ch.qos.logback.core.joran.spi.Interpreter.endElement(Interpreter.java:193)
	at 	at ch.qos.logback.core.joran.spi.Interpreter.endElement(Interpreter.java:179)
	at 	at ch.qos.logback.core.joran.spi.EventPlayer.play(EventPlayer.java:62)
	at 	at ch.qos.logback.core.joran.GenericConfigurator.doConfigure(GenericConfigurator.java:165)
	at 	at ch.qos.logback.core.joran.GenericConfigurator.doConfigure(GenericConfigurator.java:152)
	at 	at ch.qos.logback.core.joran.GenericConfigurator.doConfigure(GenericConfigurator.java:110)
	at 	at ch.qos.logback.core.joran.GenericConfigurator.doConfigure(GenericConfigurator.java:53)
	at 	at ch.qos.logback.classic.util.ContextInitializer.configureByResource(ContextInitializer.java:75)
	at 	at ch.qos.logback.classic.util.ContextInitializer.autoConfig(ContextInitializer.java:150)
	at 	at org.slf4j.impl.StaticLoggerBinder.init(StaticLoggerBinder.java:84)
	at 	at org.slf4j.impl.StaticLoggerBinder.<clinit>(StaticLoggerBinder.java:55)
	at 	at org.slf4j.LoggerFactory.bind(LoggerFactory.java:150)
	at 	at org.slf4j.LoggerFactory.performInitialization(LoggerFactory.java:124)
	at 	at org.slf4j.LoggerFactory.getILoggerFactory(LoggerFactory.java:412)
	at 	at org.slf4j.LoggerFactory.getLogger(LoggerFactory.java:357)
	at 	at org.slf4j.LoggerFactory.getLogger(LoggerFactory.java:383)
	at 	at com.spbsu.flamestream.runtime.WorkerApplication.<init>(WorkerApplication.java:26)
	at 	at com.spbsu.flamestream.runtime.WorkerApplication.main(WorkerApplication.java:68)
22:45:38,642 |-INFO in ch.qos.logback.classic.joran.action.RootLoggerAction - Setting level of ROOT logger to WARN
22:45:38,642 |-INFO in ch.qos.logback.core.joran.action.AppenderRefAction - Attaching appender named [STDOUT] to Logger[ROOT]
22:45:38,642 |-INFO in ch.qos.logback.core.joran.action.AppenderRefAction - Attaching appender named [FILE] to Logger[ROOT]
22:45:38,642 |-INFO in ch.qos.logback.classic.joran.action.ConfigurationAction - End of configuration.
22:45:38,643 |-INFO in ch.qos.logback.classic.joran.JoranConfigurator@3498ed - Registering current configuration as safe fallback point

2019-06-08T22:45:39.666+0300: 1.416: [GC (Metadata GC Threshold) [PSYoungGen: 97866K->15995K(149504K)] 97866K->16075K(491008K), 0.0164311 secs] [Times: user=0.05 sys=0.02, real=0.02 secs] 
2019-06-08T22:45:39.682+0300: 1.433: [Full GC (Metadata GC Threshold) [PSYoungGen: 15995K->0K(149504K)] [ParOldGen: 80K->15081K(341504K)] 16075K->15081K(491008K), [Metaspace: 20804K->20804K(1067008K)], 0.0348863 secs] [Times: user=0.18 sys=0.00, real=0.03 secs] 
22:45:50.886 [Curator-PathChildrenCache-1] WARN  o.a.c.u.ZKPaths  - The version of ZooKeeper being used doesn't support Container nodes. CreateMode.PERSISTENT will be used instead.
2019-06-08T22:45:51.442+0300: 13.193: [GC (Allocation Failure) [PSYoungGen: 128512K->15891K(149504K)] 143593K->50512K(491008K), 0.0255342 secs] [Times: user=0.14 sys=0.02, real=0.02 secs] 
2019-06-08T22:45:51.809+0300: 13.560: [GC (Metadata GC Threshold) [PSYoungGen: 28744K->5573K(149504K)] 63365K->40201K(491008K), 0.0048074 secs] [Times: user=0.05 sys=0.00, real=0.01 secs] 
2019-06-08T22:45:51.814+0300: 13.565: [Full GC (Metadata GC Threshold) [PSYoungGen: 5573K->0K(149504K)] [ParOldGen: 34628K->29458K(341504K)] 40201K->29458K(491008K), [Metaspace: 34550K->34550K(1079296K)], 0.0502375 secs] [Times: user=0.22 sys=0.00, real=0.05 secs] 
2019-06-08T22:45:54.284+0300: 16.035: [GC (Allocation Failure) [PSYoungGen: 128512K->480K(149504K)] 157970K->29938K(491008K), 0.0022453 secs] [Times: user=0.01 sys=0.00, real=0.00 secs] 
2019-06-08T22:45:57.137+0300: 18.888: [GC (Allocation Failure) [PSYoungGen: 128992K->576K(129536K)] 158450K->30042K(471040K), 0.0029137 secs] [Times: user=0.01 sys=0.00, real=0.00 secs] 
2019-06-08T22:45:59.961+0300: 21.712: [GC (Allocation Failure) [PSYoungGen: 129088K->608K(148992K)] 158554K->30082K(490496K), 0.0051280 secs] [Times: user=0.02 sys=0.01, real=0.01 secs] 
2019-06-08T22:46:02.850+0300: 24.601: [GC (Allocation Failure) [PSYoungGen: 127584K->704K(148480K)] 157058K->30186K(489984K), 0.0723514 secs] [Times: user=0.02 sys=0.00, real=0.08 secs] 
2019-06-08T22:46:05.651+0300: 27.402: [GC (Allocation Failure) [PSYoungGen: 127680K->736K(150528K)] 157162K->30226K(492032K), 0.0028178 secs] [Times: user=0.02 sys=0.00, real=0.00 secs] 
2019-06-08T22:46:08.571+0300: 30.322: [GC (Allocation Failure) [PSYoungGen: 130784K->768K(150016K)] 160274K->30266K(491520K), 0.0031843 secs] [Times: user=0.01 sys=0.00, real=0.01 secs] 
2019-06-08T22:46:11.934+0300: 33.685: [GC (Allocation Failure) [PSYoungGen: 130816K->736K(152064K)] 160314K->30242K(493568K), 0.0030152 secs] [Times: user=0.01 sys=0.00, real=0.01 secs] 
2019-06-08T22:46:14.446+0300: 36.197: [GC (Allocation Failure) [PSYoungGen: 133856K->768K(151552K)] 163362K->30282K(493056K), 0.0028099 secs] [Times: user=0.01 sys=0.00, real=0.00 secs] 
2019-06-08T22:46:17.434+0300: 39.184: [GC (Allocation Failure) [PSYoungGen: 133888K->704K(153600K)] 163402K->30226K(495104K), 0.0025338 secs] [Times: user=0.01 sys=0.00, real=0.01 secs] 
2019-06-08T22:46:20.436+0300: 42.187: [GC (Allocation Failure) [PSYoungGen: 136896K->704K(153088K)] 166418K->30234K(494592K), 0.0026873 secs] [Times: user=0.01 sys=0.00, real=0.00 secs] 
2019-06-08T22:46:23.478+0300: 45.229: [GC (Allocation Failure) [PSYoungGen: 136896K->736K(155136K)] 166426K->30274K(496640K), 0.0024545 secs] [Times: user=0.01 sys=0.00, real=0.00 secs] 
2019-06-08T22:46:26.586+0300: 48.337: [GC (Allocation Failure) [PSYoungGen: 140000K->736K(154624K)] 169538K->30274K(496128K), 0.0025369 secs] [Times: user=0.01 sys=0.00, real=0.00 secs] 
2019-06-08T22:46:29.706+0300: 51.457: [GC (Allocation Failure) [PSYoungGen: 140000K->736K(156672K)] 169538K->30274K(498176K), 0.0039342 secs] [Times: user=0.01 sys=0.00, real=0.00 secs] 
2019-06-08T22:46:32.867+0300: 54.618: [GC (Allocation Failure) [PSYoungGen: 143072K->768K(156160K)] 172610K->30314K(497664K), 0.0021892 secs] [Times: user=0.01 sys=0.00, real=0.00 secs] 
2019-06-08T22:46:36.057+0300: 57.808: [GC (Allocation Failure) [PSYoungGen: 143104K->704K(158208K)] 172650K->30250K(499712K), 0.0022605 secs] [Times: user=0.01 sys=0.00, real=0.00 secs] 
2019-06-08T22:46:39.300+0300: 61.051: [GC (Allocation Failure) [PSYoungGen: 146112K->512K(157696K)] 175658K->30370K(499200K), 0.0030081 secs] [Times: user=0.02 sys=0.00, real=0.01 secs] 
2019-06-08T22:46:43.197+0300: 64.947: [GC (Allocation Failure) [PSYoungGen: 145920K->791K(159744K)] 175778K->30778K(501248K), 0.0027714 secs] [Times: user=0.02 sys=0.00, real=0.00 secs] 
2019-06-08T22:46:47.421+0300: 69.172: [GC (Allocation Failure) [PSYoungGen: 149271K->640K(159232K)] 179258K->30755K(500736K), 0.0020822 secs] [Times: user=0.01 sys=0.00, real=0.01 secs] 
22:46:59.354 [Curator-PathChildrenCache-0] ERROR o.a.c.f.r.c.PathChildrenCache  - 
java.lang.IllegalStateException: instance must be started before calling this method
	at org.apache.curator.shaded.com.google.common.base.Preconditions.checkState(Preconditions.java:444)
	at org.apache.curator.framework.imps.CuratorFrameworkImpl.getChildren(CuratorFrameworkImpl.java:456)
	at org.apache.curator.framework.recipes.cache.PathChildrenCache.refresh(PathChildrenCache.java:521)
	at org.apache.curator.framework.recipes.cache.RefreshOperation.invoke(RefreshOperation.java:35)
	at org.apache.curator.framework.recipes.cache.PathChildrenCache$9.run(PathChildrenCache.java:786)
	at java.util.concurrent.Executors$RunnableAdapter.call(Executors.java:511)
	at java.util.concurrent.FutureTask.run(FutureTask.java:266)
	at java.util.concurrent.Executors$RunnableAdapter.call(Executors.java:511)
	at java.util.concurrent.FutureTask.run(FutureTask.java:266)
	at java.util.concurrent.ThreadPoolExecutor.runWorker(ThreadPoolExecutor.java:1149)
	at java.util.concurrent.ThreadPoolExecutor$Worker.run(ThreadPoolExecutor.java:624)
	at java.lang.Thread.run(Thread.java:748)
22:47:00.442 [worker-akka.actor.default-dispatcher-2] ERROR c.s.f.r.WorkerApplication  - Something went wrong during trace flush
java.nio.file.AccessDeniedException: /tmp/trace.csv
	at sun.nio.fs.UnixException.translateToIOException(UnixException.java:84)
	at sun.nio.fs.UnixException.rethrowAsIOException(UnixException.java:102)
	at sun.nio.fs.UnixException.rethrowAsIOException(UnixException.java:107)
	at sun.nio.fs.UnixFileSystemProvider.newByteChannel(UnixFileSystemProvider.java:214)
	at java.nio.file.spi.FileSystemProvider.newOutputStream(FileSystemProvider.java:434)
	at java.nio.file.Files.newOutputStream(Files.java:216)
	at java.nio.file.Files.newBufferedWriter(Files.java:2860)
	at java.nio.file.Files.newBufferedWriter(Files.java:2896)
	at com.spbsu.flamestream.runtime.utils.tracing.Tracing.flush(Tracing.java:35)
	at com.spbsu.flamestream.runtime.WorkerApplication.lambda$run$0(WorkerApplication.java:109)
	at akka.actor.ActorSystemImpl$TerminationCallbacks$$anonfun$addRec$1$1.applyOrElse(ActorSystem.scala:1036)
	at akka.actor.ActorSystemImpl$TerminationCallbacks$$anonfun$addRec$1$1.applyOrElse(ActorSystem.scala:1036)
	at scala.concurrent.Future$$anonfun$andThen$1.apply(Future.scala:436)
	at scala.concurrent.Future$$anonfun$andThen$1.apply(Future.scala:435)
	at scala.concurrent.impl.CallbackRunnable.run(Promise.scala:36)
	at akka.dispatch.BatchingExecutor$AbstractBatch.processBatch(BatchingExecutor.scala:55)
	at akka.dispatch.BatchingExecutor$BlockableBatch$$anonfun$run$1.apply$mcV$sp(BatchingExecutor.scala:91)
	at akka.dispatch.BatchingExecutor$BlockableBatch$$anonfun$run$1.apply(BatchingExecutor.scala:91)
	at akka.dispatch.BatchingExecutor$BlockableBatch$$anonfun$run$1.apply(BatchingExecutor.scala:91)
	at scala.concurrent.BlockContext$.withBlockContext(BlockContext.scala:72)
	at akka.dispatch.BatchingExecutor$BlockableBatch.run(BatchingExecutor.scala:90)
	at akka.dispatch.TaskInvocation.run(AbstractDispatcher.scala:40)
	at akka.dispatch.ForkJoinExecutorConfigurator$AkkaForkJoinTask.exec(ForkJoinExecutorConfigurator.scala:44)
	at akka.dispatch.forkjoin.ForkJoinTask.doExec(ForkJoinTask.java:260)
	at akka.dispatch.forkjoin.ForkJoinPool$WorkQueue.runTask(ForkJoinPool.java:1339)
	at akka.dispatch.forkjoin.ForkJoinPool.runWorker(ForkJoinPool.java:1979)
	at akka.dispatch.forkjoin.ForkJoinWorkerThread.run(ForkJoinWorkerThread.java:107)
Heap
 PSYoungGen      total 159232K, used 34822K [0x00000000f5980000, 0x0000000100000000, 0x0000000100000000)
  eden space 148480K, 23% used [0x00000000f5980000,0x00000000f7ae1900,0x00000000fea80000)
  from space 10752K, 5% used [0x00000000fea80000,0x00000000feb20080,0x00000000ff500000)
  to   space 10240K, 0% used [0x00000000ff600000,0x00000000ff600000,0x0000000100000000)
 ParOldGen       total 341504K, used 30114K [0x00000000e0c00000, 0x00000000f5980000, 0x00000000f5980000)
  object space 341504K, 8% used [0x00000000e0c00000,0x00000000e2968ba8,0x00000000f5980000)
 Metaspace       used 36278K, capacity 37112K, committed 37464K, reserved 1081344K
  class space    used 4992K, capacity 5162K, committed 5248K, reserved 1048576K
