17:08:13,577 |-INFO in ch.qos.logback.classic.LoggerContext[default] - Could NOT find resource [logback-test.xml]
17:08:13,578 |-INFO in ch.qos.logback.classic.LoggerContext[default] - Could NOT find resource [logback.groovy]
17:08:13,578 |-INFO in ch.qos.logback.classic.LoggerContext[default] - Found resource [logback.xml] at [jar:file:/root/flamestream/lib/flamestream-runtime-1.0-SNAPSHOT.jar!/logback.xml]
17:08:13,579 |-WARN in ch.qos.logback.classic.LoggerContext[default] - Resource [logback.xml] occurs multiple times on the classpath.
17:08:13,579 |-WARN in ch.qos.logback.classic.LoggerContext[default] - Resource [logback.xml] occurs at [jar:file:/root/flamestream/lib/flamestream-runtime-1.0-SNAPSHOT.jar!/logback.xml]
17:08:13,579 |-WARN in ch.qos.logback.classic.LoggerContext[default] - Resource [logback.xml] occurs at [jar:file:/root/flamestream/flamestream-runtime-1.0-SNAPSHOT.jar!/logback.xml]
17:08:13,598 |-INFO in ch.qos.logback.core.joran.spi.ConfigurationWatchList@3fb6a447 - URL [jar:file:/root/flamestream/lib/flamestream-runtime-1.0-SNAPSHOT.jar!/logback.xml] is not of type file
17:08:13,667 |-INFO in ch.qos.logback.classic.joran.action.ConfigurationAction - debug attribute not set
17:08:13,668 |-INFO in ch.qos.logback.core.joran.action.AppenderAction - About to instantiate appender of type [ch.qos.logback.core.ConsoleAppender]
17:08:13,685 |-INFO in ch.qos.logback.core.joran.action.AppenderAction - Naming appender as [STDOUT]
17:08:13,701 |-INFO in ch.qos.logback.core.joran.action.NestedComplexPropertyIA - Assuming default type [ch.qos.logback.classic.encoder.PatternLayoutEncoder] for [encoder] property
17:08:13,781 |-INFO in ch.qos.logback.core.joran.action.AppenderAction - About to instantiate appender of type [ch.qos.logback.core.rolling.RollingFileAppender]
17:08:13,786 |-INFO in ch.qos.logback.core.joran.action.AppenderAction - Naming appender as [FILE]
17:08:13,817 |-INFO in c.q.l.core.rolling.TimeBasedRollingPolicy@127618319 - No compression will be used
17:08:13,819 |-INFO in c.q.l.core.rolling.TimeBasedRollingPolicy@127618319 - Will use the pattern /tmp/application_%d{yyyy-MM-dd}.%i.log for the active file
17:08:13,822 |-INFO in ch.qos.logback.core.rolling.SizeAndTimeBasedFNATP@6b2fad11 - The date pattern is 'yyyy-MM-dd' from file name pattern '/tmp/application_%d{yyyy-MM-dd}.%i.log'.
17:08:13,822 |-INFO in ch.qos.logback.core.rolling.SizeAndTimeBasedFNATP@6b2fad11 - Roll-over at midnight.
17:08:13,827 |-INFO in ch.qos.logback.core.rolling.SizeAndTimeBasedFNATP@6b2fad11 - Setting initial period to Mon Jun 10 17:06:54 UTC 2019
17:08:13,827 |-WARN in ch.qos.logback.core.rolling.SizeAndTimeBasedFNATP@6b2fad11 - SizeAndTimeBasedFNATP is deprecated. Use SizeAndTimeBasedRollingPolicy instead
17:08:13,827 |-WARN in ch.qos.logback.core.rolling.SizeAndTimeBasedFNATP@6b2fad11 - For more information see http://logback.qos.ch/manual/appenders.html#SizeAndTimeBasedRollingPolicy
17:08:13,831 |-INFO in ch.qos.logback.core.joran.action.NestedComplexPropertyIA - Assuming default type [ch.qos.logback.classic.encoder.PatternLayoutEncoder] for [encoder] property
17:08:13,835 |-INFO in ch.qos.logback.core.rolling.RollingFileAppender[FILE] - Active log file name: /tmp/application.log
17:08:13,835 |-INFO in ch.qos.logback.core.rolling.RollingFileAppender[FILE] - File property is set to [/tmp/application.log]
17:08:13,836 |-INFO in ch.qos.logback.classic.joran.action.RootLoggerAction - Setting level of ROOT logger to WARN
17:08:13,836 |-INFO in ch.qos.logback.core.joran.action.AppenderRefAction - Attaching appender named [STDOUT] to Logger[ROOT]
17:08:13,838 |-INFO in ch.qos.logback.core.joran.action.AppenderRefAction - Attaching appender named [FILE] to Logger[ROOT]
17:08:13,838 |-INFO in ch.qos.logback.classic.joran.action.ConfigurationAction - End of configuration.
17:08:13,839 |-INFO in ch.qos.logback.classic.joran.JoranConfigurator@79698539 - Registering current configuration as safe fallback point

Ama winner
Ama winner
2019-06-10T17:08:15.154+0000: 1.764: [Full GC (Metadata GC Threshold) 2019-06-10T17:08:15.154+0000: 1.764: [Tenured: 0K->15240K(341376K), 0.0409877 secs] 114924K->15240K(494976K), [Metaspace: 20727K->20727K(1067008K)], 0.0410561 secs] [Times: user=0.04 sys=0.00, real=0.04 secs] 
17:08:36.364 [Curator-PathChildrenCache-1] WARN  o.a.c.u.ZKPaths  - The version of ZooKeeper being used doesn't support Container nodes. CreateMode.PERSISTENT will be used instead.
2019-06-10T17:08:38.536+0000: 25.145: [GC (Allocation Failure) 2019-06-10T17:08:38.536+0000: 25.145: [DefNew: 136576K->17024K(153600K), 0.0268934 secs] 151816K->52830K(494976K), 0.0269678 secs] [Times: user=0.02 sys=0.00, real=0.03 secs] 
2019-06-10T17:08:39.904+0000: 26.513: [Full GC (Metadata GC Threshold) 2019-06-10T17:08:39.904+0000: 26.513: [Tenured: 35806K->44529K(341376K), 0.0662275 secs] 79452K->44529K(494976K), [Metaspace: 34582K->34582K(1079296K)], 0.0663113 secs] [Times: user=0.06 sys=0.00, real=0.06 secs] 
2019-06-10T17:08:46.590+0000: 33.201: [GC (Allocation Failure) 2019-06-10T17:08:46.591+0000: 33.201: [DefNew: 136576K->67K(153600K), 0.0019565 secs] 181105K->44596K(494976K), 0.0030677 secs] [Times: user=0.00 sys=0.00, real=0.01 secs] 
2019-06-10T17:08:53.151+0000: 39.761: [GC (Allocation Failure) 2019-06-10T17:08:53.151+0000: 39.761: [DefNew: 136643K->133K(153600K), 0.0017402 secs] 181172K->44662K(494976K), 0.0017998 secs] [Times: user=0.00 sys=0.00, real=0.00 secs] 
2019-06-10T17:08:59.710+0000: 46.320: [GC (Allocation Failure) 2019-06-10T17:08:59.710+0000: 46.320: [DefNew: 136709K->164K(153600K), 0.0017888 secs] 181238K->44694K(494976K), 0.0018515 secs] [Times: user=0.00 sys=0.00, real=0.01 secs] 
2019-06-10T17:09:06.420+0000: 53.030: [GC (Allocation Failure) 2019-06-10T17:09:06.420+0000: 53.030: [DefNew: 136740K->167K(153600K), 0.0018006 secs] 181270K->44696K(494976K), 0.0018628 secs] [Times: user=0.00 sys=0.00, real=0.00 secs] 
2019-06-10T17:09:13.089+0000: 59.698: [GC (Allocation Failure) 2019-06-10T17:09:13.089+0000: 59.698: [DefNew: 136743K->164K(153600K), 0.0018537 secs] 181272K->44694K(494976K), 0.0019134 secs] [Times: user=0.00 sys=0.00, real=0.00 secs] 
17:09:25.781 [Curator-PathChildrenCache-0] ERROR o.a.c.f.r.c.PathChildrenCache  - 
java.lang.IllegalStateException: instance must be started before calling this method
	at org.apache.curator.shaded.com.google.common.base.Preconditions.checkState(Preconditions.java:444)
	at org.apache.curator.framework.imps.CuratorFrameworkImpl.getChildren(CuratorFrameworkImpl.java:456)
	at org.apache.curator.framework.recipes.cache.PathChildrenCache.refresh(PathChildrenCache.java:521)
	at org.apache.curator.framework.recipes.cache.RefreshOperation.invoke(RefreshOperation.java:35)
	at org.apache.curator.framework.recipes.cache.PathChildrenCache$9.run(PathChildrenCache.java:786)
	at java.util.concurrent.Executors$RunnableAdapter.call(Executors.java:511)
	at java.util.concurrent.FutureTask.run(FutureTask.java:266)
	at java.util.concurrent.Executors$RunnableAdapter.call(Executors.java:511)
	at java.util.concurrent.FutureTask.run(FutureTask.java:266)
	at java.util.concurrent.ThreadPoolExecutor.runWorker(ThreadPoolExecutor.java:1149)
	at java.util.concurrent.ThreadPoolExecutor$Worker.run(ThreadPoolExecutor.java:624)
	at java.lang.Thread.run(Thread.java:748)
Heap
 def new generation   total 153600K, used 118239K [0x00000000e0c00000, 0x00000000eb2a0000, 0x00000000eb2a0000)
  eden space 136576K,  86% used [0x00000000e0c00000, 0x00000000e7f4eb28, 0x00000000e9160000)
  from space 17024K,   0% used [0x00000000e9160000, 0x00000000e91893f8, 0x00000000ea200000)
  to   space 17024K,   0% used [0x00000000ea200000, 0x00000000ea200000, 0x00000000eb2a0000)
 tenured generation   total 341376K, used 44529K [0x00000000eb2a0000, 0x0000000100000000, 0x0000000100000000)
   the space 341376K,  13% used [0x00000000eb2a0000, 0x00000000ede1c6d0, 0x00000000ede1c800, 0x0000000100000000)
 Metaspace       used 36242K, capacity 37120K, committed 37376K, reserved 1081344K
  class space    used 4871K, capacity 5074K, committed 5120K, reserved 1048576K
