17:51:53,601 |-INFO in ch.qos.logback.classic.LoggerContext[default] - Could NOT find resource [logback-test.xml]
17:51:53,601 |-INFO in ch.qos.logback.classic.LoggerContext[default] - Could NOT find resource [logback.groovy]
17:51:53,606 |-INFO in ch.qos.logback.classic.LoggerContext[default] - Found resource [logback.xml] at [jar:file:/root/flamestream/lib/flamestream-runtime-1.0-SNAPSHOT.jar!/logback.xml]
17:51:53,606 |-WARN in ch.qos.logback.classic.LoggerContext[default] - Resource [logback.xml] occurs multiple times on the classpath.
17:51:53,607 |-WARN in ch.qos.logback.classic.LoggerContext[default] - Resource [logback.xml] occurs at [jar:file:/root/flamestream/lib/flamestream-runtime-1.0-SNAPSHOT.jar!/logback.xml]
17:51:53,607 |-WARN in ch.qos.logback.classic.LoggerContext[default] - Resource [logback.xml] occurs at [jar:file:/root/flamestream/flamestream-runtime-1.0-SNAPSHOT.jar!/logback.xml]
17:51:53,625 |-INFO in ch.qos.logback.core.joran.spi.ConfigurationWatchList@3fb6a447 - URL [jar:file:/root/flamestream/lib/flamestream-runtime-1.0-SNAPSHOT.jar!/logback.xml] is not of type file
17:51:53,696 |-INFO in ch.qos.logback.classic.joran.action.ConfigurationAction - debug attribute not set
17:51:53,697 |-INFO in ch.qos.logback.core.joran.action.AppenderAction - About to instantiate appender of type [ch.qos.logback.core.ConsoleAppender]
17:51:53,712 |-INFO in ch.qos.logback.core.joran.action.AppenderAction - Naming appender as [STDOUT]
17:51:53,730 |-INFO in ch.qos.logback.core.joran.action.NestedComplexPropertyIA - Assuming default type [ch.qos.logback.classic.encoder.PatternLayoutEncoder] for [encoder] property
17:51:53,820 |-INFO in ch.qos.logback.core.joran.action.AppenderAction - About to instantiate appender of type [ch.qos.logback.core.rolling.RollingFileAppender]
17:51:53,824 |-INFO in ch.qos.logback.core.joran.action.AppenderAction - Naming appender as [FILE]
17:51:53,854 |-INFO in c.q.l.core.rolling.TimeBasedRollingPolicy@127618319 - No compression will be used
17:51:53,855 |-INFO in c.q.l.core.rolling.TimeBasedRollingPolicy@127618319 - Will use the pattern /tmp/application_%d{yyyy-MM-dd}.%i.log for the active file
17:51:53,858 |-INFO in ch.qos.logback.core.rolling.SizeAndTimeBasedFNATP@6b2fad11 - The date pattern is 'yyyy-MM-dd' from file name pattern '/tmp/application_%d{yyyy-MM-dd}.%i.log'.
17:51:53,858 |-INFO in ch.qos.logback.core.rolling.SizeAndTimeBasedFNATP@6b2fad11 - Roll-over at midnight.
17:51:53,863 |-INFO in ch.qos.logback.core.rolling.SizeAndTimeBasedFNATP@6b2fad11 - Setting initial period to Mon Jun 10 17:50:43 UTC 2019
17:51:53,863 |-WARN in ch.qos.logback.core.rolling.SizeAndTimeBasedFNATP@6b2fad11 - SizeAndTimeBasedFNATP is deprecated. Use SizeAndTimeBasedRollingPolicy instead
17:51:53,863 |-WARN in ch.qos.logback.core.rolling.SizeAndTimeBasedFNATP@6b2fad11 - For more information see http://logback.qos.ch/manual/appenders.html#SizeAndTimeBasedRollingPolicy
17:51:53,867 |-INFO in ch.qos.logback.core.joran.action.NestedComplexPropertyIA - Assuming default type [ch.qos.logback.classic.encoder.PatternLayoutEncoder] for [encoder] property
17:51:53,872 |-INFO in ch.qos.logback.core.rolling.RollingFileAppender[FILE] - Active log file name: /tmp/application.log
17:51:53,872 |-INFO in ch.qos.logback.core.rolling.RollingFileAppender[FILE] - File property is set to [/tmp/application.log]
17:51:53,872 |-INFO in ch.qos.logback.classic.joran.action.RootLoggerAction - Setting level of ROOT logger to WARN
17:51:53,872 |-INFO in ch.qos.logback.core.joran.action.AppenderRefAction - Attaching appender named [STDOUT] to Logger[ROOT]
17:51:53,874 |-INFO in ch.qos.logback.core.joran.action.AppenderRefAction - Attaching appender named [FILE] to Logger[ROOT]
17:51:53,874 |-INFO in ch.qos.logback.classic.joran.action.ConfigurationAction - End of configuration.
17:51:53,875 |-INFO in ch.qos.logback.classic.joran.JoranConfigurator@79698539 - Registering current configuration as safe fallback point

Ama winner
Ama winner
2019-06-10T17:51:55.164+0000: 1.743: [Full GC (Metadata GC Threshold) 2019-06-10T17:51:55.164+0000: 1.743: [Tenured: 0K->15240K(341376K), 0.0386916 secs] 112194K->15240K(494976K), [Metaspace: 20726K->20726K(1067008K)], 0.0387564 secs] [Times: user=0.03 sys=0.00, real=0.04 secs] 
17:52:13.820 [Curator-PathChildrenCache-1] WARN  o.a.c.u.ZKPaths  - The version of ZooKeeper being used doesn't support Container nodes. CreateMode.PERSISTENT will be used instead.
2019-06-10T17:52:15.915+0000: 22.494: [GC (GCLocker Initiated GC) 2019-06-10T17:52:15.916+0000: 22.494: [DefNew: 120844K->17023K(153600K), 0.0176788 secs] 155616K->52462K(494976K), 0.0177462 secs] [Times: user=0.02 sys=0.00, real=0.01 secs] 
2019-06-10T17:52:18.650+0000: 25.229: [Full GC (Metadata GC Threshold) 2019-06-10T17:52:18.650+0000: 25.229: [Tenured: 35438K->44125K(341376K), 0.0614856 secs] 107107K->44125K(494976K), [Metaspace: 34584K->34584K(1079296K)], 0.0615603 secs] [Times: user=0.06 sys=0.00, real=0.06 secs] 
2019-06-10T17:52:24.992+0000: 31.570: [GC (Allocation Failure) 2019-06-10T17:52:24.992+0000: 31.570: [DefNew: 136576K->97K(153600K), 0.0018607 secs] 180701K->44223K(494976K), 0.0019201 secs] [Times: user=0.00 sys=0.00, real=0.01 secs] 
2019-06-10T17:52:31.310+0000: 37.889: [GC (Allocation Failure) 2019-06-10T17:52:31.310+0000: 37.889: [DefNew: 136673K->124K(153600K), 0.0016712 secs] 180799K->44249K(494976K), 0.0017331 secs] [Times: user=0.01 sys=0.00, real=0.00 secs] 
2019-06-10T17:52:37.580+0000: 44.159: [GC (Allocation Failure) 2019-06-10T17:52:37.580+0000: 44.159: [DefNew: 136700K->122K(153600K), 0.0016641 secs] 180825K->44248K(494976K), 0.0017248 secs] [Times: user=0.00 sys=0.00, real=0.00 secs] 
2019-06-10T17:52:43.953+0000: 50.531: [GC (Allocation Failure) 2019-06-10T17:52:43.953+0000: 50.531: [DefNew: 136698K->124K(153600K), 0.0017816 secs] 180824K->44250K(494976K), 0.0018436 secs] [Times: user=0.00 sys=0.00, real=0.01 secs] 
2019-06-10T17:52:54.515+0000: 61.094: [GC (Allocation Failure) 2019-06-10T17:52:54.515+0000: 61.094: [DefNew: 136700K->125K(153600K), 0.0018520 secs] 180826K->44251K(494976K), 0.0019455 secs] [Times: user=0.00 sys=0.00, real=0.00 secs] 
17:52:54.609 [Curator-PathChildrenCache-0] ERROR o.a.c.f.r.c.PathChildrenCache  - 
java.lang.IllegalStateException: instance must be started before calling this method
	at org.apache.curator.shaded.com.google.common.base.Preconditions.checkState(Preconditions.java:444)
	at org.apache.curator.framework.imps.CuratorFrameworkImpl.getChildren(CuratorFrameworkImpl.java:456)
	at org.apache.curator.framework.recipes.cache.PathChildrenCache.refresh(PathChildrenCache.java:521)
	at org.apache.curator.framework.recipes.cache.RefreshOperation.invoke(RefreshOperation.java:35)
	at org.apache.curator.framework.recipes.cache.PathChildrenCache$9.run(PathChildrenCache.java:786)
	at java.util.concurrent.Executors$RunnableAdapter.call(Executors.java:511)
	at java.util.concurrent.FutureTask.run(FutureTask.java:266)
	at java.util.concurrent.Executors$RunnableAdapter.call(Executors.java:511)
	at java.util.concurrent.FutureTask.run(FutureTask.java:266)
	at java.util.concurrent.ThreadPoolExecutor.runWorker(ThreadPoolExecutor.java:1149)
	at java.util.concurrent.ThreadPoolExecutor$Worker.run(ThreadPoolExecutor.java:624)
	at java.lang.Thread.run(Thread.java:748)
Heap
 def new generation   total 153600K, used 28494K [0x00000000e0c00000, 0x00000000eb2a0000, 0x00000000eb2a0000)
  eden space 136576K,  20% used [0x00000000e0c00000, 0x00000000e27b4140, 0x00000000e9160000)
  from space 17024K,   0% used [0x00000000e9160000, 0x00000000e917f740, 0x00000000ea200000)
  to   space 17024K,   0% used [0x00000000ea200000, 0x00000000ea200000, 0x00000000eb2a0000)
 tenured generation   total 341376K, used 44125K [0x00000000eb2a0000, 0x0000000100000000, 0x0000000100000000)
   the space 341376K,  12% used [0x00000000eb2a0000, 0x00000000eddb7778, 0x00000000eddb7800, 0x0000000100000000)
 Metaspace       used 35932K, capacity 36832K, committed 37120K, reserved 1081344K
  class space    used 4834K, capacity 5042K, committed 5120K, reserved 1048576K
