00:51:59,548 |-INFO in ch.qos.logback.classic.LoggerContext[default] - Could NOT find resource [logback-test.xml]
00:51:59,548 |-INFO in ch.qos.logback.classic.LoggerContext[default] - Could NOT find resource [logback.groovy]
00:51:59,548 |-INFO in ch.qos.logback.classic.LoggerContext[default] - Found resource [logback.xml] at [jar:file:/home/nikitasokolov/flamestream/lib/flamestream-runtime-1.0-SNAPSHOT.jar!/logback.xml]
00:51:59,549 |-WARN in ch.qos.logback.classic.LoggerContext[default] - Resource [logback.xml] occurs multiple times on the classpath.
00:51:59,549 |-WARN in ch.qos.logback.classic.LoggerContext[default] - Resource [logback.xml] occurs at [jar:file:/home/nikitasokolov/flamestream/lib/flamestream-runtime-1.0-SNAPSHOT.jar!/logback.xml]
00:51:59,549 |-WARN in ch.qos.logback.classic.LoggerContext[default] - Resource [logback.xml] occurs at [jar:file:/home/nikitasokolov/flamestream/flamestream-runtime-1.0-SNAPSHOT.jar!/logback.xml]
00:51:59,565 |-INFO in ch.qos.logback.core.joran.spi.ConfigurationWatchList@6108b2d7 - URL [jar:file:/home/nikitasokolov/flamestream/lib/flamestream-runtime-1.0-SNAPSHOT.jar!/logback.xml] is not of type file
00:51:59,617 |-INFO in ch.qos.logback.classic.joran.action.ConfigurationAction - debug attribute not set
00:51:59,617 |-INFO in ch.qos.logback.core.joran.action.AppenderAction - About to instantiate appender of type [ch.qos.logback.core.ConsoleAppender]
00:51:59,625 |-INFO in ch.qos.logback.core.joran.action.AppenderAction - Naming appender as [STDOUT]
00:51:59,633 |-INFO in ch.qos.logback.core.joran.action.NestedComplexPropertyIA - Assuming default type [ch.qos.logback.classic.encoder.PatternLayoutEncoder] for [encoder] property
00:51:59,691 |-INFO in ch.qos.logback.core.joran.action.AppenderAction - About to instantiate appender of type [ch.qos.logback.core.rolling.RollingFileAppender]
00:51:59,696 |-INFO in ch.qos.logback.core.joran.action.AppenderAction - Naming appender as [FILE]
00:51:59,717 |-INFO in c.q.l.core.rolling.TimeBasedRollingPolicy@357863579 - No compression will be used
00:51:59,718 |-INFO in c.q.l.core.rolling.TimeBasedRollingPolicy@357863579 - Will use the pattern /tmp/application_%d{yyyy-MM-dd}.%i.log for the active file
00:51:59,721 |-INFO in ch.qos.logback.core.rolling.SizeAndTimeBasedFNATP@6bf256fa - The date pattern is 'yyyy-MM-dd' from file name pattern '/tmp/application_%d{yyyy-MM-dd}.%i.log'.
00:51:59,721 |-INFO in ch.qos.logback.core.rolling.SizeAndTimeBasedFNATP@6bf256fa - Roll-over at midnight.
00:51:59,725 |-INFO in ch.qos.logback.core.rolling.SizeAndTimeBasedFNATP@6bf256fa - Setting initial period to Sun Jun 09 00:51:17 MSK 2019
00:51:59,725 |-WARN in ch.qos.logback.core.rolling.SizeAndTimeBasedFNATP@6bf256fa - SizeAndTimeBasedFNATP is deprecated. Use SizeAndTimeBasedRollingPolicy instead
00:51:59,725 |-WARN in ch.qos.logback.core.rolling.SizeAndTimeBasedFNATP@6bf256fa - For more information see http://logback.qos.ch/manual/appenders.html#SizeAndTimeBasedRollingPolicy
00:51:59,730 |-INFO in ch.qos.logback.core.joran.action.NestedComplexPropertyIA - Assuming default type [ch.qos.logback.classic.encoder.PatternLayoutEncoder] for [encoder] property
00:51:59,732 |-INFO in ch.qos.logback.core.rolling.RollingFileAppender[FILE] - Active log file name: /tmp/application.log
00:51:59,732 |-INFO in ch.qos.logback.core.rolling.RollingFileAppender[FILE] - File property is set to [/tmp/application.log]
00:51:59,733 |-INFO in ch.qos.logback.classic.joran.action.RootLoggerAction - Setting level of ROOT logger to WARN
00:51:59,733 |-INFO in ch.qos.logback.core.joran.action.AppenderRefAction - Attaching appender named [STDOUT] to Logger[ROOT]
00:51:59,734 |-INFO in ch.qos.logback.core.joran.action.AppenderRefAction - Attaching appender named [FILE] to Logger[ROOT]
00:51:59,734 |-INFO in ch.qos.logback.classic.joran.action.ConfigurationAction - End of configuration.
00:51:59,734 |-INFO in ch.qos.logback.classic.joran.JoranConfigurator@6cd8737 - Registering current configuration as safe fallback point

2019-06-09T00:52:00.712+0300: 1.354: [GC (Metadata GC Threshold) [PSYoungGen: 108151K->15881K(149504K)] 108151K->15961K(491008K), 0.0215950 secs] [Times: user=0.09 sys=0.02, real=0.02 secs] 
2019-06-09T00:52:00.734+0300: 1.375: [Full GC (Metadata GC Threshold) [PSYoungGen: 15881K->0K(149504K)] [ParOldGen: 80K->15078K(341504K)] 15961K->15078K(491008K), [Metaspace: 20800K->20800K(1067008K)], 0.0293533 secs] [Times: user=0.19 sys=0.01, real=0.03 secs] 
00:52:09.919 [Curator-PathChildrenCache-1] WARN  o.a.c.u.ZKPaths  - The version of ZooKeeper being used doesn't support Container nodes. CreateMode.PERSISTENT will be used instead.
2019-06-09T00:52:10.953+0300: 11.594: [GC (Metadata GC Threshold) [PSYoungGen: 125907K->20991K(149504K)] 140985K->50006K(491008K), 0.0229511 secs] [Times: user=0.26 sys=0.03, real=0.02 secs] 
2019-06-09T00:52:10.976+0300: 11.617: [Full GC (Metadata GC Threshold) [PSYoungGen: 20991K->0K(149504K)] [ParOldGen: 29014K->38999K(341504K)] 50006K->38999K(491008K), [Metaspace: 34576K->34576K(1079296K)], 0.0331182 secs] [Times: user=0.14 sys=0.02, real=0.03 secs] 
2019-06-09T00:52:14.114+0300: 14.755: [GC (Allocation Failure) [PSYoungGen: 128512K->512K(149504K)] 167511K->39520K(491008K), 0.0035706 secs] [Times: user=0.02 sys=0.00, real=0.00 secs] 
2019-06-09T00:52:18.041+0300: 18.683: [GC (Allocation Failure) [PSYoungGen: 129024K->544K(149504K)] 168032K->39560K(491008K), 0.0028572 secs] [Times: user=0.02 sys=0.00, real=0.00 secs] 
2019-06-09T00:52:21.908+0300: 22.549: [GC (Allocation Failure) [PSYoungGen: 129056K->544K(129536K)] 168072K->39568K(471040K), 0.0065121 secs] [Times: user=0.06 sys=0.00, real=0.01 secs] 
2019-06-09T00:52:25.832+0300: 26.474: [GC (Allocation Failure) [PSYoungGen: 129056K->576K(132608K)] 168080K->39608K(474112K), 0.0026006 secs] [Times: user=0.01 sys=0.00, real=0.00 secs] 
2019-06-09T00:52:28.681+0300: 29.322: [GC (Allocation Failure) [PSYoungGen: 93248K->576K(130560K)] 132280K->39616K(472064K), 0.0054081 secs] [Times: user=0.04 sys=0.00, real=0.00 secs] 
2019-06-09T00:52:31.509+0300: 32.151: [GC (Allocation Failure) [PSYoungGen: 93248K->512K(136704K)] 132288K->39560K(478208K), 0.0042014 secs] [Times: user=0.01 sys=0.00, real=0.01 secs] 
2019-06-09T00:52:34.636+0300: 35.278: [GC (Allocation Failure) [PSYoungGen: 101888K->576K(135168K)] 140936K->39632K(476672K), 0.0036909 secs] [Times: user=0.02 sys=0.00, real=0.01 secs] 
2019-06-09T00:52:37.750+0300: 38.392: [GC (Allocation Failure) [PSYoungGen: 101952K->544K(140288K)] 141008K->39600K(481792K), 0.0061647 secs] [Times: user=0.04 sys=0.00, real=0.00 secs] 
2019-06-09T00:52:41.081+0300: 41.723: [GC (Allocation Failure) [PSYoungGen: 109088K->512K(138752K)] 148144K->39568K(480256K), 0.0021131 secs] [Times: user=0.01 sys=0.00, real=0.00 secs] 
2019-06-09T00:52:44.437+0300: 45.078: [GC (Allocation Failure) [PSYoungGen: 109056K->544K(143360K)] 148112K->39600K(484864K), 0.0029394 secs] [Times: user=0.01 sys=0.00, real=0.01 secs] 
2019-06-09T00:52:47.989+0300: 48.630: [GC (Allocation Failure) [PSYoungGen: 115232K->512K(141824K)] 154288K->39568K(483328K), 0.0039866 secs] [Times: user=0.03 sys=0.00, real=0.01 secs] 
2019-06-09T00:52:51.528+0300: 52.169: [GC (Allocation Failure) [PSYoungGen: 115200K->576K(146432K)] 154256K->39632K(487936K), 0.0029944 secs] [Times: user=0.02 sys=0.00, real=0.01 secs] 
2019-06-09T00:52:55.242+0300: 55.884: [GC (Allocation Failure) [PSYoungGen: 121408K->544K(144896K)] 160464K->39608K(486400K), 0.0031988 secs] [Times: user=0.01 sys=0.00, real=0.00 secs] 
2019-06-09T00:52:58.965+0300: 59.607: [GC (Allocation Failure) [PSYoungGen: 121376K->544K(148992K)] 160440K->39608K(490496K), 0.0025434 secs] [Times: user=0.00 sys=0.00, real=0.00 secs] 
2019-06-09T00:53:03.153+0300: 63.795: [GC (Allocation Failure) [PSYoungGen: 127008K->919K(147968K)] 166072K->39991K(489472K), 0.0050511 secs] [Times: user=0.04 sys=0.00, real=0.01 secs] 
2019-06-09T00:53:08.040+0300: 68.682: [GC (Allocation Failure) [PSYoungGen: 127383K->448K(151552K)] 166455K->39832K(493056K), 0.0032104 secs] [Times: user=0.01 sys=0.00, real=0.00 secs] 
2019-06-09T00:53:13.141+0300: 73.783: [GC (Allocation Failure) [PSYoungGen: 132032K->448K(150528K)] 171416K->39896K(492032K), 0.0031720 secs] [Times: user=0.01 sys=0.00, real=0.00 secs] 
2019-06-09T00:53:18.272+0300: 78.914: [GC (Allocation Failure) [PSYoungGen: 132032K->448K(154112K)] 171480K->39976K(495616K), 0.0031633 secs] [Times: user=0.02 sys=0.00, real=0.00 secs] 
00:53:31.076 [Curator-PathChildrenCache-0] ERROR o.a.c.f.r.c.PathChildrenCache  - 
java.lang.IllegalStateException: instance must be started before calling this method
	at org.apache.curator.shaded.com.google.common.base.Preconditions.checkState(Preconditions.java:444)
	at org.apache.curator.framework.imps.CuratorFrameworkImpl.getChildren(CuratorFrameworkImpl.java:456)
	at org.apache.curator.framework.recipes.cache.PathChildrenCache.refresh(PathChildrenCache.java:521)
	at org.apache.curator.framework.recipes.cache.RefreshOperation.invoke(RefreshOperation.java:35)
	at org.apache.curator.framework.recipes.cache.PathChildrenCache$9.run(PathChildrenCache.java:786)
	at java.util.concurrent.Executors$RunnableAdapter.call(Executors.java:511)
	at java.util.concurrent.FutureTask.run(FutureTask.java:266)
	at java.util.concurrent.Executors$RunnableAdapter.call(Executors.java:511)
	at java.util.concurrent.FutureTask.run(FutureTask.java:266)
	at java.util.concurrent.ThreadPoolExecutor.runWorker(ThreadPoolExecutor.java:1149)
	at java.util.concurrent.ThreadPoolExecutor$Worker.run(ThreadPoolExecutor.java:624)
	at java.lang.Thread.run(Thread.java:748)
Heap
 PSYoungGen      total 154112K, used 30503K [0x00000000f5980000, 0x0000000100000000, 0x0000000100000000)
  eden space 136704K, 21% used [0x00000000f5980000,0x00000000f76d9c28,0x00000000fdf00000)
  from space 17408K, 2% used [0x00000000fef00000,0x00000000fef70010,0x0000000100000000)
  to   space 16384K, 0% used [0x00000000fdf00000,0x00000000fdf00000,0x00000000fef00000)
 ParOldGen       total 341504K, used 39528K [0x00000000e0c00000, 0x00000000f5980000, 0x00000000f5980000)
  object space 341504K, 11% used [0x00000000e0c00000,0x00000000e329a000,0x00000000f5980000)
 Metaspace       used 36232K, capacity 37030K, committed 37208K, reserved 1081344K
  class space    used 4979K, capacity 5161K, committed 5248K, reserved 1048576K
