23:15:47,031 |-INFO in ch.qos.logback.classic.LoggerContext[default] - Could NOT find resource [logback-test.xml]
23:15:47,031 |-INFO in ch.qos.logback.classic.LoggerContext[default] - Could NOT find resource [logback.groovy]
23:15:47,031 |-INFO in ch.qos.logback.classic.LoggerContext[default] - Found resource [logback.xml] at [jar:file:/home/nikitasokolov/flamestream/lib/flamestream-runtime-1.0-SNAPSHOT.jar!/logback.xml]
23:15:47,032 |-WARN in ch.qos.logback.classic.LoggerContext[default] - Resource [logback.xml] occurs multiple times on the classpath.
23:15:47,032 |-WARN in ch.qos.logback.classic.LoggerContext[default] - Resource [logback.xml] occurs at [jar:file:/home/nikitasokolov/flamestream/lib/flamestream-runtime-1.0-SNAPSHOT.jar!/logback.xml]
23:15:47,032 |-WARN in ch.qos.logback.classic.LoggerContext[default] - Resource [logback.xml] occurs at [jar:file:/home/nikitasokolov/flamestream/flamestream-runtime-1.0-SNAPSHOT.jar!/logback.xml]
23:15:47,048 |-INFO in ch.qos.logback.core.joran.spi.ConfigurationWatchList@6aaa5eb0 - URL [jar:file:/home/nikitasokolov/flamestream/lib/flamestream-runtime-1.0-SNAPSHOT.jar!/logback.xml] is not of type file
23:15:47,098 |-INFO in ch.qos.logback.classic.joran.action.ConfigurationAction - debug attribute not set
23:15:47,099 |-INFO in ch.qos.logback.core.joran.action.AppenderAction - About to instantiate appender of type [ch.qos.logback.core.ConsoleAppender]
23:15:47,106 |-INFO in ch.qos.logback.core.joran.action.AppenderAction - Naming appender as [STDOUT]
23:15:47,114 |-INFO in ch.qos.logback.core.joran.action.NestedComplexPropertyIA - Assuming default type [ch.qos.logback.classic.encoder.PatternLayoutEncoder] for [encoder] property
23:15:47,169 |-INFO in ch.qos.logback.core.joran.action.AppenderAction - About to instantiate appender of type [ch.qos.logback.core.rolling.RollingFileAppender]
23:15:47,174 |-INFO in ch.qos.logback.core.joran.action.AppenderAction - Naming appender as [FILE]
23:15:47,196 |-INFO in c.q.l.core.rolling.TimeBasedRollingPolicy@3447021 - No compression will be used
23:15:47,197 |-INFO in c.q.l.core.rolling.TimeBasedRollingPolicy@3447021 - Will use the pattern /tmp/application_%d{yyyy-MM-dd}.%i.log for the active file
23:15:47,200 |-INFO in ch.qos.logback.core.rolling.SizeAndTimeBasedFNATP@1a407d53 - The date pattern is 'yyyy-MM-dd' from file name pattern '/tmp/application_%d{yyyy-MM-dd}.%i.log'.
23:15:47,200 |-INFO in ch.qos.logback.core.rolling.SizeAndTimeBasedFNATP@1a407d53 - Roll-over at midnight.
23:15:47,204 |-INFO in ch.qos.logback.core.rolling.SizeAndTimeBasedFNATP@1a407d53 - Setting initial period to Thu Jun 06 22:00:24 MSK 2019
23:15:47,204 |-WARN in ch.qos.logback.core.rolling.SizeAndTimeBasedFNATP@1a407d53 - SizeAndTimeBasedFNATP is deprecated. Use SizeAndTimeBasedRollingPolicy instead
23:15:47,204 |-WARN in ch.qos.logback.core.rolling.SizeAndTimeBasedFNATP@1a407d53 - For more information see http://logback.qos.ch/manual/appenders.html#SizeAndTimeBasedRollingPolicy
23:15:47,208 |-INFO in ch.qos.logback.core.joran.action.NestedComplexPropertyIA - Assuming default type [ch.qos.logback.classic.encoder.PatternLayoutEncoder] for [encoder] property
23:15:47,210 |-INFO in ch.qos.logback.core.rolling.RollingFileAppender[FILE] - Active log file name: /tmp/application.log
23:15:47,210 |-INFO in ch.qos.logback.core.rolling.RollingFileAppender[FILE] - File property is set to [/tmp/application.log]
23:15:47,211 |-ERROR in ch.qos.logback.core.rolling.RollingFileAppender[FILE] - openFile(/tmp/application.log,true) call failed. java.io.FileNotFoundException: /tmp/application.log (Permission denied)
	at java.io.FileNotFoundException: /tmp/application.log (Permission denied)
	at 	at java.io.FileOutputStream.open0(Native Method)
	at 	at java.io.FileOutputStream.open(FileOutputStream.java:270)
	at 	at java.io.FileOutputStream.<init>(FileOutputStream.java:213)
	at 	at ch.qos.logback.core.recovery.ResilientFileOutputStream.<init>(ResilientFileOutputStream.java:26)
	at 	at ch.qos.logback.core.FileAppender.openFile(FileAppender.java:204)
	at 	at ch.qos.logback.core.FileAppender.start(FileAppender.java:127)
	at 	at ch.qos.logback.core.rolling.RollingFileAppender.start(RollingFileAppender.java:100)
	at 	at ch.qos.logback.core.joran.action.AppenderAction.end(AppenderAction.java:90)
	at 	at ch.qos.logback.core.joran.spi.Interpreter.callEndAction(Interpreter.java:309)
	at 	at ch.qos.logback.core.joran.spi.Interpreter.endElement(Interpreter.java:193)
	at 	at ch.qos.logback.core.joran.spi.Interpreter.endElement(Interpreter.java:179)
	at 	at ch.qos.logback.core.joran.spi.EventPlayer.play(EventPlayer.java:62)
	at 	at ch.qos.logback.core.joran.GenericConfigurator.doConfigure(GenericConfigurator.java:165)
	at 	at ch.qos.logback.core.joran.GenericConfigurator.doConfigure(GenericConfigurator.java:152)
	at 	at ch.qos.logback.core.joran.GenericConfigurator.doConfigure(GenericConfigurator.java:110)
	at 	at ch.qos.logback.core.joran.GenericConfigurator.doConfigure(GenericConfigurator.java:53)
	at 	at ch.qos.logback.classic.util.ContextInitializer.configureByResource(ContextInitializer.java:75)
	at 	at ch.qos.logback.classic.util.ContextInitializer.autoConfig(ContextInitializer.java:150)
	at 	at org.slf4j.impl.StaticLoggerBinder.init(StaticLoggerBinder.java:84)
	at 	at org.slf4j.impl.StaticLoggerBinder.<clinit>(StaticLoggerBinder.java:55)
	at 	at org.slf4j.LoggerFactory.bind(LoggerFactory.java:150)
	at 	at org.slf4j.LoggerFactory.performInitialization(LoggerFactory.java:124)
	at 	at org.slf4j.LoggerFactory.getILoggerFactory(LoggerFactory.java:412)
	at 	at org.slf4j.LoggerFactory.getLogger(LoggerFactory.java:357)
	at 	at org.slf4j.LoggerFactory.getLogger(LoggerFactory.java:383)
	at 	at com.spbsu.flamestream.runtime.WorkerApplication.<init>(WorkerApplication.java:26)
	at 	at com.spbsu.flamestream.runtime.WorkerApplication.main(WorkerApplication.java:68)
23:15:47,211 |-INFO in ch.qos.logback.classic.joran.action.RootLoggerAction - Setting level of ROOT logger to WARN
23:15:47,212 |-INFO in ch.qos.logback.core.joran.action.AppenderRefAction - Attaching appender named [STDOUT] to Logger[ROOT]
23:15:47,212 |-INFO in ch.qos.logback.core.joran.action.AppenderRefAction - Attaching appender named [FILE] to Logger[ROOT]
23:15:47,212 |-INFO in ch.qos.logback.classic.joran.action.ConfigurationAction - End of configuration.
23:15:47,213 |-INFO in ch.qos.logback.classic.joran.JoranConfigurator@21bcffb5 - Registering current configuration as safe fallback point

Ama winner
Ama winner
2019-06-08T23:15:48.206+0300: 1.381: [GC (Metadata GC Threshold) [PSYoungGen: 95239K->16029K(149504K)] 95239K->16109K(491008K), 0.0281156 secs] [Times: user=0.10 sys=0.04, real=0.03 secs] 
2019-06-08T23:15:48.234+0300: 1.409: [Full GC (Metadata GC Threshold) [PSYoungGen: 16029K->0K(149504K)] [ParOldGen: 80K->15103K(341504K)] 16109K->15103K(491008K), [Metaspace: 20803K->20803K(1067008K)], 0.0265556 secs] [Times: user=0.16 sys=0.01, real=0.02 secs] 
23:15:55.544 [Curator-PathChildrenCache-1] WARN  o.a.c.u.ZKPaths  - The version of ZooKeeper being used doesn't support Container nodes. CreateMode.PERSISTENT will be used instead.
2019-06-08T23:15:56.525+0300: 9.699: [GC (Allocation Failure) [PSYoungGen: 128512K->15816K(149504K)] 143615K->50459K(491008K), 0.0265285 secs] [Times: user=0.21 sys=0.02, real=0.02 secs] 
2019-06-08T23:15:56.661+0300: 9.835: [GC (Metadata GC Threshold) [PSYoungGen: 25904K->5553K(149504K)] 60547K->40203K(491008K), 0.0040527 secs] [Times: user=0.02 sys=0.01, real=0.01 secs] 
2019-06-08T23:15:56.665+0300: 9.839: [Full GC (Metadata GC Threshold) [PSYoungGen: 5553K->0K(149504K)] [ParOldGen: 34650K->29189K(341504K)] 40203K->29189K(491008K), [Metaspace: 34551K->34551K(1079296K)], 0.0537085 secs] [Times: user=0.40 sys=0.00, real=0.05 secs] 
2019-06-08T23:15:58.558+0300: 11.732: [GC (Allocation Failure) [PSYoungGen: 128512K->832K(149504K)] 157701K->30029K(491008K), 0.0040725 secs] [Times: user=0.02 sys=0.00, real=0.00 secs] 
2019-06-08T23:16:00.549+0300: 13.724: [GC (Allocation Failure) [PSYoungGen: 129344K->640K(129536K)] 158541K->29837K(471040K), 0.0579491 secs] [Times: user=0.01 sys=0.00, real=0.06 secs] 
2019-06-08T23:16:02.577+0300: 15.752: [GC (Allocation Failure) [PSYoungGen: 129152K->960K(148992K)] 158349K->30165K(490496K), 0.0030012 secs] [Times: user=0.02 sys=0.00, real=0.00 secs] 
2019-06-08T23:16:04.176+0300: 17.350: [GC (Allocation Failure) [PSYoungGen: 127936K->928K(148480K)] 157141K->30141K(489984K), 0.0039588 secs] [Times: user=0.03 sys=0.00, real=0.00 secs] 
2019-06-08T23:16:05.968+0300: 19.142: [GC (Allocation Failure) [PSYoungGen: 127904K->832K(150528K)] 157117K->30053K(492032K), 0.0721874 secs] [Times: user=0.01 sys=0.00, real=0.07 secs] 
2019-06-08T23:16:07.593+0300: 20.768: [GC (Allocation Failure) [PSYoungGen: 130880K->864K(150016K)] 160101K->30085K(491520K), 0.0029944 secs] [Times: user=0.02 sys=0.00, real=0.00 secs] 
2019-06-08T23:16:08.539+0300: 21.713: [GC (Allocation Failure) [PSYoungGen: 130912K->864K(152064K)] 160133K->30085K(493568K), 0.0026870 secs] [Times: user=0.01 sys=0.00, real=0.00 secs] 
2019-06-08T23:16:10.093+0300: 23.268: [GC (Allocation Failure) [PSYoungGen: 133984K->1088K(151552K)] 163205K->30317K(493056K), 0.0029414 secs] [Times: user=0.01 sys=0.00, real=0.00 secs] 
2019-06-08T23:16:11.357+0300: 24.531: [GC (Allocation Failure) [PSYoungGen: 134208K->992K(153600K)] 163437K->30229K(495104K), 0.0721760 secs] [Times: user=0.01 sys=0.00, real=0.07 secs] 
2019-06-08T23:16:12.630+0300: 25.804: [GC (Allocation Failure) [PSYoungGen: 137184K->992K(153088K)] 166421K->30237K(494592K), 0.0027860 secs] [Times: user=0.01 sys=0.00, real=0.01 secs] 
2019-06-08T23:16:13.741+0300: 26.915: [GC (Allocation Failure) [PSYoungGen: 137184K->992K(155136K)] 166429K->30245K(496640K), 0.0035774 secs] [Times: user=0.03 sys=0.00, real=0.01 secs] 
2019-06-08T23:16:14.736+0300: 27.910: [GC (Allocation Failure) [PSYoungGen: 140256K->896K(154624K)] 169509K->30157K(496128K), 0.0018846 secs] [Times: user=0.01 sys=0.00, real=0.00 secs] 
2019-06-08T23:16:15.944+0300: 29.118: [GC (Allocation Failure) [PSYoungGen: 140160K->992K(156672K)] 169421K->30261K(498176K), 0.0027847 secs] [Times: user=0.01 sys=0.01, real=0.00 secs] 
2019-06-08T23:16:17.135+0300: 30.309: [GC (Allocation Failure) [PSYoungGen: 143328K->992K(156160K)] 172597K->30269K(497664K), 0.0036048 secs] [Times: user=0.00 sys=0.02, real=0.00 secs] 
2019-06-08T23:16:18.895+0300: 32.069: [GC (Allocation Failure) [PSYoungGen: 143328K->992K(158208K)] 172605K->30269K(499712K), 0.0028075 secs] [Times: user=0.02 sys=0.00, real=0.00 secs] 
2019-06-08T23:16:20.378+0300: 33.553: [GC (Allocation Failure) [PSYoungGen: 146400K->864K(157696K)] 175677K->30533K(499200K), 0.0030659 secs] [Times: user=0.02 sys=0.00, real=0.00 secs] 
2019-06-08T23:16:22.075+0300: 35.249: [GC (Allocation Failure) [PSYoungGen: 146272K->864K(159744K)] 175941K->30669K(501248K), 0.0025204 secs] [Times: user=0.01 sys=0.01, real=0.00 secs] 
2019-06-08T23:16:24.626+0300: 37.800: [GC (Allocation Failure) [PSYoungGen: 149344K->832K(159232K)] 179149K->30717K(500736K), 0.0024782 secs] [Times: user=0.01 sys=0.00, real=0.00 secs] 
23:16:31.101 [Curator-PathChildrenCache-0] ERROR o.a.c.f.r.c.PathChildrenCache  - 
java.lang.IllegalStateException: instance must be started before calling this method
	at org.apache.curator.shaded.com.google.common.base.Preconditions.checkState(Preconditions.java:444)
	at org.apache.curator.framework.imps.CuratorFrameworkImpl.getChildren(CuratorFrameworkImpl.java:456)
	at org.apache.curator.framework.recipes.cache.PathChildrenCache.refresh(PathChildrenCache.java:521)
	at org.apache.curator.framework.recipes.cache.RefreshOperation.invoke(RefreshOperation.java:35)
	at org.apache.curator.framework.recipes.cache.PathChildrenCache$9.run(PathChildrenCache.java:786)
	at java.util.concurrent.Executors$RunnableAdapter.call(Executors.java:511)
	at java.util.concurrent.FutureTask.run(FutureTask.java:266)
	at java.util.concurrent.Executors$RunnableAdapter.call(Executors.java:511)
	at java.util.concurrent.FutureTask.run(FutureTask.java:266)
	at java.util.concurrent.ThreadPoolExecutor.runWorker(ThreadPoolExecutor.java:1149)
	at java.util.concurrent.ThreadPoolExecutor$Worker.run(ThreadPoolExecutor.java:624)
	at java.lang.Thread.run(Thread.java:748)
23:16:32.192 [worker-akka.actor.default-dispatcher-9] ERROR c.s.f.r.WorkerApplication  - Something went wrong during trace flush
java.nio.file.AccessDeniedException: /tmp/trace.csv
	at sun.nio.fs.UnixException.translateToIOException(UnixException.java:84)
	at sun.nio.fs.UnixException.rethrowAsIOException(UnixException.java:102)
	at sun.nio.fs.UnixException.rethrowAsIOException(UnixException.java:107)
	at sun.nio.fs.UnixFileSystemProvider.newByteChannel(UnixFileSystemProvider.java:214)
	at java.nio.file.spi.FileSystemProvider.newOutputStream(FileSystemProvider.java:434)
	at java.nio.file.Files.newOutputStream(Files.java:216)
	at java.nio.file.Files.newBufferedWriter(Files.java:2860)
	at java.nio.file.Files.newBufferedWriter(Files.java:2896)
	at com.spbsu.flamestream.runtime.utils.tracing.Tracing.flush(Tracing.java:35)
	at com.spbsu.flamestream.runtime.WorkerApplication.lambda$run$0(WorkerApplication.java:109)
	at akka.actor.ActorSystemImpl$TerminationCallbacks$$anonfun$addRec$1$1.applyOrElse(ActorSystem.scala:1036)
	at akka.actor.ActorSystemImpl$TerminationCallbacks$$anonfun$addRec$1$1.applyOrElse(ActorSystem.scala:1036)
	at scala.concurrent.Future$$anonfun$andThen$1.apply(Future.scala:436)
	at scala.concurrent.Future$$anonfun$andThen$1.apply(Future.scala:435)
	at scala.concurrent.impl.CallbackRunnable.run(Promise.scala:36)
	at akka.dispatch.BatchingExecutor$AbstractBatch.processBatch(BatchingExecutor.scala:55)
	at akka.dispatch.BatchingExecutor$BlockableBatch$$anonfun$run$1.apply$mcV$sp(BatchingExecutor.scala:91)
	at akka.dispatch.BatchingExecutor$BlockableBatch$$anonfun$run$1.apply(BatchingExecutor.scala:91)
	at akka.dispatch.BatchingExecutor$BlockableBatch$$anonfun$run$1.apply(BatchingExecutor.scala:91)
	at scala.concurrent.BlockContext$.withBlockContext(BlockContext.scala:72)
	at akka.dispatch.BatchingExecutor$BlockableBatch.run(BatchingExecutor.scala:90)
	at akka.dispatch.TaskInvocation.run(AbstractDispatcher.scala:40)
	at akka.dispatch.ForkJoinExecutorConfigurator$AkkaForkJoinTask.exec(ForkJoinExecutorConfigurator.scala:44)
	at akka.dispatch.forkjoin.ForkJoinTask.doExec(ForkJoinTask.java:260)
	at akka.dispatch.forkjoin.ForkJoinPool$WorkQueue.runTask(ForkJoinPool.java:1339)
	at akka.dispatch.forkjoin.ForkJoinPool.runWorker(ForkJoinPool.java:1979)
	at akka.dispatch.forkjoin.ForkJoinWorkerThread.run(ForkJoinWorkerThread.java:107)
Heap
 PSYoungGen      total 159232K, used 101768K [0x00000000f5980000, 0x0000000100000000, 0x0000000100000000)
  eden space 148480K, 67% used [0x00000000f5980000,0x00000000fbc12188,0x00000000fea80000)
  from space 10752K, 7% used [0x00000000fea80000,0x00000000feb500a0,0x00000000ff500000)
  to   space 10240K, 0% used [0x00000000ff600000,0x00000000ff600000,0x0000000100000000)
 ParOldGen       total 341504K, used 29885K [0x00000000e0c00000, 0x00000000f5980000, 0x00000000f5980000)
  object space 341504K, 8% used [0x00000000e0c00000,0x00000000e292f6f0,0x00000000f5980000)
 Metaspace       used 35865K, capacity 36752K, committed 36952K, reserved 1081344K
  class space    used 4928K, capacity 5128K, committed 5248K, reserved 1048576K
