07:21:02,877 |-INFO in ch.qos.logback.classic.LoggerContext[default] - Could NOT find resource [logback-test.xml]
07:21:02,877 |-INFO in ch.qos.logback.classic.LoggerContext[default] - Could NOT find resource [logback.groovy]
07:21:02,877 |-INFO in ch.qos.logback.classic.LoggerContext[default] - Found resource [logback.xml] at [jar:file:/root/flamestream/lib/flamestream-runtime-1.0-SNAPSHOT.jar!/logback.xml]
07:21:02,878 |-WARN in ch.qos.logback.classic.LoggerContext[default] - Resource [logback.xml] occurs multiple times on the classpath.
07:21:02,878 |-WARN in ch.qos.logback.classic.LoggerContext[default] - Resource [logback.xml] occurs at [jar:file:/root/flamestream/lib/flamestream-runtime-1.0-SNAPSHOT.jar!/logback.xml]
07:21:02,878 |-WARN in ch.qos.logback.classic.LoggerContext[default] - Resource [logback.xml] occurs at [jar:file:/root/flamestream/flamestream-runtime-1.0-SNAPSHOT.jar!/logback.xml]
07:21:02,899 |-INFO in ch.qos.logback.core.joran.spi.ConfigurationWatchList@3fb6a447 - URL [jar:file:/root/flamestream/lib/flamestream-runtime-1.0-SNAPSHOT.jar!/logback.xml] is not of type file
07:21:02,972 |-INFO in ch.qos.logback.classic.joran.action.ConfigurationAction - debug attribute not set
07:21:02,972 |-INFO in ch.qos.logback.core.joran.action.AppenderAction - About to instantiate appender of type [ch.qos.logback.core.ConsoleAppender]
07:21:02,990 |-INFO in ch.qos.logback.core.joran.action.AppenderAction - Naming appender as [STDOUT]
07:21:03,009 |-INFO in ch.qos.logback.core.joran.action.NestedComplexPropertyIA - Assuming default type [ch.qos.logback.classic.encoder.PatternLayoutEncoder] for [encoder] property
07:21:03,090 |-INFO in ch.qos.logback.core.joran.action.AppenderAction - About to instantiate appender of type [ch.qos.logback.core.rolling.RollingFileAppender]
07:21:03,096 |-INFO in ch.qos.logback.core.joran.action.AppenderAction - Naming appender as [FILE]
07:21:03,129 |-INFO in c.q.l.core.rolling.TimeBasedRollingPolicy@127618319 - No compression will be used
07:21:03,130 |-INFO in c.q.l.core.rolling.TimeBasedRollingPolicy@127618319 - Will use the pattern /tmp/application_%d{yyyy-MM-dd}.%i.log for the active file
07:21:03,133 |-INFO in ch.qos.logback.core.rolling.SizeAndTimeBasedFNATP@6b2fad11 - The date pattern is 'yyyy-MM-dd' from file name pattern '/tmp/application_%d{yyyy-MM-dd}.%i.log'.
07:21:03,133 |-INFO in ch.qos.logback.core.rolling.SizeAndTimeBasedFNATP@6b2fad11 - Roll-over at midnight.
07:21:03,138 |-INFO in ch.qos.logback.core.rolling.SizeAndTimeBasedFNATP@6b2fad11 - Setting initial period to Tue Jun 11 07:19:17 UTC 2019
07:21:03,138 |-WARN in ch.qos.logback.core.rolling.SizeAndTimeBasedFNATP@6b2fad11 - SizeAndTimeBasedFNATP is deprecated. Use SizeAndTimeBasedRollingPolicy instead
07:21:03,138 |-WARN in ch.qos.logback.core.rolling.SizeAndTimeBasedFNATP@6b2fad11 - For more information see http://logback.qos.ch/manual/appenders.html#SizeAndTimeBasedRollingPolicy
07:21:03,142 |-INFO in ch.qos.logback.core.joran.action.NestedComplexPropertyIA - Assuming default type [ch.qos.logback.classic.encoder.PatternLayoutEncoder] for [encoder] property
07:21:03,147 |-INFO in ch.qos.logback.core.rolling.RollingFileAppender[FILE] - Active log file name: /tmp/application.log
07:21:03,147 |-INFO in ch.qos.logback.core.rolling.RollingFileAppender[FILE] - File property is set to [/tmp/application.log]
07:21:03,148 |-INFO in ch.qos.logback.classic.joran.action.RootLoggerAction - Setting level of ROOT logger to WARN
07:21:03,148 |-INFO in ch.qos.logback.core.joran.action.AppenderRefAction - Attaching appender named [STDOUT] to Logger[ROOT]
07:21:03,150 |-INFO in ch.qos.logback.core.joran.action.AppenderRefAction - Attaching appender named [FILE] to Logger[ROOT]
07:21:03,150 |-INFO in ch.qos.logback.classic.joran.action.ConfigurationAction - End of configuration.
07:21:03,150 |-INFO in ch.qos.logback.classic.joran.JoranConfigurator@79698539 - Registering current configuration as safe fallback point

Ama winner
Ama winner
2019-06-11T07:21:04.466+0000: 1.777: [Full GC (Metadata GC Threshold) 2019-06-11T07:21:04.467+0000: 1.777: [Tenured: 0K->15241K(341376K), 0.0412139 secs] 114923K->15241K(494976K), [Metaspace: 20737K->20737K(1067008K)], 0.0412991 secs] [Times: user=0.04 sys=0.00, real=0.04 secs] 
07:21:16.487 [Curator-PathChildrenCache-1] WARN  o.a.c.u.ZKPaths  - The version of ZooKeeper being used doesn't support Container nodes. CreateMode.PERSISTENT will be used instead.
2019-06-11T07:21:18.976+0000: 16.286: [GC (Allocation Failure) 2019-06-11T07:21:18.976+0000: 16.286: [DefNew: 136576K->17024K(153600K), 0.0257151 secs] 151817K->52636K(494976K), 0.0257907 secs] [Times: user=0.02 sys=0.01, real=0.02 secs] 
2019-06-11T07:21:20.309+0000: 17.619: [Full GC (Metadata GC Threshold) 2019-06-11T07:21:20.309+0000: 17.619: [Tenured: 35612K->43903K(341376K), 0.0633669 secs] 83646K->43903K(494976K), [Metaspace: 34547K->34547K(1079296K)], 0.0634439 secs] [Times: user=0.05 sys=0.00, real=0.07 secs] 
2019-06-11T07:21:27.480+0000: 24.790: [GC (Allocation Failure) 2019-06-11T07:21:27.480+0000: 24.790: [DefNew: 136576K->133K(153600K), 0.0017820 secs] 180479K->44036K(494976K), 0.0018393 secs] [Times: user=0.00 sys=0.00, real=0.00 secs] 
2019-06-11T07:21:34.757+0000: 32.067: [GC (Allocation Failure) 2019-06-11T07:21:34.757+0000: 32.067: [DefNew: 136709K->130K(153600K), 0.0017674 secs] 180612K->44034K(494976K), 0.0018277 secs] [Times: user=0.00 sys=0.00, real=0.00 secs] 
2019-06-11T07:21:41.992+0000: 39.303: [GC (Allocation Failure) 2019-06-11T07:21:41.992+0000: 39.303: [DefNew: 136706K->164K(153600K), 0.0017350 secs] 180610K->44068K(494976K), 0.0017985 secs] [Times: user=0.00 sys=0.00, real=0.00 secs] 
2019-06-11T07:21:49.309+0000: 46.619: [GC (Allocation Failure) 2019-06-11T07:21:49.309+0000: 46.619: [DefNew: 136740K->198K(153600K), 0.0018232 secs] 180644K->44102K(494976K), 0.0018832 secs] [Times: user=0.00 sys=0.00, real=0.01 secs] 
2019-06-11T07:21:56.648+0000: 53.958: [GC (Allocation Failure) 2019-06-11T07:21:56.648+0000: 53.958: [DefNew: 136774K->201K(153600K), 0.0018730 secs] 180678K->44104K(494976K), 0.0019342 secs] [Times: user=0.00 sys=0.00, real=0.01 secs] 
07:22:06.985 [Curator-PathChildrenCache-0] ERROR o.a.c.f.r.c.PathChildrenCache  - 
java.lang.IllegalStateException: instance must be started before calling this method
	at org.apache.curator.shaded.com.google.common.base.Preconditions.checkState(Preconditions.java:444)
	at org.apache.curator.framework.imps.CuratorFrameworkImpl.getChildren(CuratorFrameworkImpl.java:456)
	at org.apache.curator.framework.recipes.cache.PathChildrenCache.refresh(PathChildrenCache.java:521)
	at org.apache.curator.framework.recipes.cache.RefreshOperation.invoke(RefreshOperation.java:35)
	at org.apache.curator.framework.recipes.cache.PathChildrenCache$9.run(PathChildrenCache.java:786)
	at java.util.concurrent.Executors$RunnableAdapter.call(Executors.java:511)
	at java.util.concurrent.FutureTask.run(FutureTask.java:266)
	at java.util.concurrent.Executors$RunnableAdapter.call(Executors.java:511)
	at java.util.concurrent.FutureTask.run(FutureTask.java:266)
	at java.util.concurrent.ThreadPoolExecutor.runWorker(ThreadPoolExecutor.java:1149)
	at java.util.concurrent.ThreadPoolExecutor$Worker.run(ThreadPoolExecutor.java:624)
	at java.lang.Thread.run(Thread.java:748)
Heap
 def new generation   total 153600K, used 96131K [0x00000000e0c00000, 0x00000000eb2a0000, 0x00000000eb2a0000)
  eden space 136576K,  70% used [0x00000000e0c00000, 0x00000000e69ae7d8, 0x00000000e9160000)
  from space 17024K,   1% used [0x00000000e9160000, 0x00000000e9192590, 0x00000000ea200000)
  to   space 17024K,   0% used [0x00000000ea200000, 0x00000000ea200000, 0x00000000eb2a0000)
 tenured generation   total 341376K, used 43903K [0x00000000eb2a0000, 0x0000000100000000, 0x0000000100000000)
   the space 341376K,  12% used [0x00000000eb2a0000, 0x00000000edd7fe08, 0x00000000edd80000, 0x0000000100000000)
 Metaspace       used 36083K, capacity 36988K, committed 37120K, reserved 1081344K
  class space    used 4863K, capacity 5084K, committed 5120K, reserved 1048576K
