07:21:02,847 |-INFO in ch.qos.logback.classic.LoggerContext[default] - Could NOT find resource [logback-test.xml]
07:21:02,847 |-INFO in ch.qos.logback.classic.LoggerContext[default] - Could NOT find resource [logback.groovy]
07:21:02,848 |-INFO in ch.qos.logback.classic.LoggerContext[default] - Found resource [logback.xml] at [jar:file:/root/flamestream/lib/flamestream-runtime-1.0-SNAPSHOT.jar!/logback.xml]
07:21:02,848 |-WARN in ch.qos.logback.classic.LoggerContext[default] - Resource [logback.xml] occurs multiple times on the classpath.
07:21:02,849 |-WARN in ch.qos.logback.classic.LoggerContext[default] - Resource [logback.xml] occurs at [jar:file:/root/flamestream/lib/flamestream-runtime-1.0-SNAPSHOT.jar!/logback.xml]
07:21:02,849 |-WARN in ch.qos.logback.classic.LoggerContext[default] - Resource [logback.xml] occurs at [jar:file:/root/flamestream/flamestream-runtime-1.0-SNAPSHOT.jar!/logback.xml]
07:21:02,868 |-INFO in ch.qos.logback.core.joran.spi.ConfigurationWatchList@3fb6a447 - URL [jar:file:/root/flamestream/lib/flamestream-runtime-1.0-SNAPSHOT.jar!/logback.xml] is not of type file
07:21:02,934 |-INFO in ch.qos.logback.classic.joran.action.ConfigurationAction - debug attribute not set
07:21:02,935 |-INFO in ch.qos.logback.core.joran.action.AppenderAction - About to instantiate appender of type [ch.qos.logback.core.ConsoleAppender]
07:21:02,951 |-INFO in ch.qos.logback.core.joran.action.AppenderAction - Naming appender as [STDOUT]
07:21:02,969 |-INFO in ch.qos.logback.core.joran.action.NestedComplexPropertyIA - Assuming default type [ch.qos.logback.classic.encoder.PatternLayoutEncoder] for [encoder] property
07:21:03,052 |-INFO in ch.qos.logback.core.joran.action.AppenderAction - About to instantiate appender of type [ch.qos.logback.core.rolling.RollingFileAppender]
07:21:03,061 |-INFO in ch.qos.logback.core.joran.action.AppenderAction - Naming appender as [FILE]
07:21:03,090 |-INFO in c.q.l.core.rolling.TimeBasedRollingPolicy@127618319 - No compression will be used
07:21:03,091 |-INFO in c.q.l.core.rolling.TimeBasedRollingPolicy@127618319 - Will use the pattern /tmp/application_%d{yyyy-MM-dd}.%i.log for the active file
07:21:03,094 |-INFO in ch.qos.logback.core.rolling.SizeAndTimeBasedFNATP@6b2fad11 - The date pattern is 'yyyy-MM-dd' from file name pattern '/tmp/application_%d{yyyy-MM-dd}.%i.log'.
07:21:03,094 |-INFO in ch.qos.logback.core.rolling.SizeAndTimeBasedFNATP@6b2fad11 - Roll-over at midnight.
07:21:03,099 |-INFO in ch.qos.logback.core.rolling.SizeAndTimeBasedFNATP@6b2fad11 - Setting initial period to Tue Jun 11 07:19:17 UTC 2019
07:21:03,099 |-WARN in ch.qos.logback.core.rolling.SizeAndTimeBasedFNATP@6b2fad11 - SizeAndTimeBasedFNATP is deprecated. Use SizeAndTimeBasedRollingPolicy instead
07:21:03,099 |-WARN in ch.qos.logback.core.rolling.SizeAndTimeBasedFNATP@6b2fad11 - For more information see http://logback.qos.ch/manual/appenders.html#SizeAndTimeBasedRollingPolicy
07:21:03,104 |-INFO in ch.qos.logback.core.joran.action.NestedComplexPropertyIA - Assuming default type [ch.qos.logback.classic.encoder.PatternLayoutEncoder] for [encoder] property
07:21:03,109 |-INFO in ch.qos.logback.core.rolling.RollingFileAppender[FILE] - Active log file name: /tmp/application.log
07:21:03,109 |-INFO in ch.qos.logback.core.rolling.RollingFileAppender[FILE] - File property is set to [/tmp/application.log]
07:21:03,110 |-INFO in ch.qos.logback.classic.joran.action.RootLoggerAction - Setting level of ROOT logger to WARN
07:21:03,110 |-INFO in ch.qos.logback.core.joran.action.AppenderRefAction - Attaching appender named [STDOUT] to Logger[ROOT]
07:21:03,112 |-INFO in ch.qos.logback.core.joran.action.AppenderRefAction - Attaching appender named [FILE] to Logger[ROOT]
07:21:03,112 |-INFO in ch.qos.logback.classic.joran.action.ConfigurationAction - End of configuration.
07:21:03,112 |-INFO in ch.qos.logback.classic.joran.JoranConfigurator@79698539 - Registering current configuration as safe fallback point

Ama winner
Ama winner
2019-06-11T07:21:04.475+0000: 1.816: [Full GC (Metadata GC Threshold) 2019-06-11T07:21:04.475+0000: 1.816: [Tenured: 0K->15209K(341376K), 0.0393760 secs] 114987K->15209K(494976K), [Metaspace: 20740K->20740K(1067008K)], 0.0394415 secs] [Times: user=0.03 sys=0.00, real=0.04 secs] 
07:21:16.448 [Curator-PathChildrenCache-1] WARN  o.a.c.u.ZKPaths  - The version of ZooKeeper being used doesn't support Container nodes. CreateMode.PERSISTENT will be used instead.
2019-06-11T07:21:18.681+0000: 16.022: [GC (Allocation Failure) 2019-06-11T07:21:18.681+0000: 16.022: [DefNew: 136576K->17023K(153600K), 0.0250324 secs] 151785K->52805K(494976K), 0.0251048 secs] [Times: user=0.02 sys=0.01, real=0.02 secs] 
2019-06-11T07:21:25.803+0000: 23.145: [GC (Allocation Failure) 2019-06-11T07:21:25.803+0000: 23.145: [DefNew: 153599K->223K(153600K), 0.0095454 secs] 189381K->44463K(494976K), 0.0096088 secs] [Times: user=0.01 sys=0.00, real=0.01 secs] 
2019-06-11T07:21:30.347+0000: 27.688: [Full GC (Metadata GC Threshold) 2019-06-11T07:21:30.347+0000: 27.688: [Tenured: 44239K->44449K(341376K), 0.0492222 secs] 131534K->44449K(494976K), [Metaspace: 34602K->34602K(1079296K)], 0.0493005 secs] [Times: user=0.05 sys=0.00, real=0.06 secs] 
2019-06-11T07:21:37.654+0000: 34.996: [GC (Allocation Failure) 2019-06-11T07:21:37.654+0000: 34.996: [DefNew: 136576K->48K(153600K), 0.0016977 secs] 181025K->44497K(494976K), 0.0017704 secs] [Times: user=0.01 sys=0.00, real=0.01 secs] 
2019-06-11T07:21:45.006+0000: 42.348: [GC (Allocation Failure) 2019-06-11T07:21:45.006+0000: 42.348: [DefNew: 136624K->50K(153600K), 0.0015864 secs] 181073K->44500K(494976K), 0.0016463 secs] [Times: user=0.00 sys=0.00, real=0.01 secs] 
2019-06-11T07:21:52.398+0000: 49.740: [GC (Allocation Failure) 2019-06-11T07:21:52.398+0000: 49.740: [DefNew: 136626K->47K(153600K), 0.0016159 secs] 181076K->44497K(494976K), 0.0016832 secs] [Times: user=0.00 sys=0.00, real=0.00 secs] 
2019-06-11T07:22:01.582+0000: 58.923: [GC (Allocation Failure) 2019-06-11T07:22:01.582+0000: 58.923: [DefNew: 136623K->220K(153600K), 0.0019721 secs] 181073K->44670K(494976K), 0.0020370 secs] [Times: user=0.00 sys=0.00, real=0.00 secs] 
07:22:07.252 [Curator-PathChildrenCache-0] ERROR o.a.c.f.r.c.PathChildrenCache  - 
java.lang.IllegalStateException: instance must be started before calling this method
	at org.apache.curator.shaded.com.google.common.base.Preconditions.checkState(Preconditions.java:444)
	at org.apache.curator.framework.imps.CuratorFrameworkImpl.getChildren(CuratorFrameworkImpl.java:456)
	at org.apache.curator.framework.recipes.cache.PathChildrenCache.refresh(PathChildrenCache.java:521)
	at org.apache.curator.framework.recipes.cache.RefreshOperation.invoke(RefreshOperation.java:35)
	at org.apache.curator.framework.recipes.cache.PathChildrenCache$9.run(PathChildrenCache.java:786)
	at java.util.concurrent.Executors$RunnableAdapter.call(Executors.java:511)
	at java.util.concurrent.FutureTask.run(FutureTask.java:266)
	at java.util.concurrent.Executors$RunnableAdapter.call(Executors.java:511)
	at java.util.concurrent.FutureTask.run(FutureTask.java:266)
	at java.util.concurrent.ThreadPoolExecutor.runWorker(ThreadPoolExecutor.java:1149)
	at java.util.concurrent.ThreadPoolExecutor$Worker.run(ThreadPoolExecutor.java:624)
	at java.lang.Thread.run(Thread.java:748)
Heap
 def new generation   total 153600K, used 36693K [0x00000000e0c00000, 0x00000000eb2a0000, 0x00000000eb2a0000)
  eden space 136576K,  26% used [0x00000000e0c00000, 0x00000000e2f9e4f8, 0x00000000e9160000)
  from space 17024K,   1% used [0x00000000e9160000, 0x00000000e91972e0, 0x00000000ea200000)
  to   space 17024K,   0% used [0x00000000ea200000, 0x00000000ea200000, 0x00000000eb2a0000)
 tenured generation   total 341376K, used 44449K [0x00000000eb2a0000, 0x0000000100000000, 0x0000000100000000)
   the space 341376K,  13% used [0x00000000eb2a0000, 0x00000000ede08580, 0x00000000ede08600, 0x0000000100000000)
 Metaspace       used 35950K, capacity 36858K, committed 37120K, reserved 1081344K
  class space    used 4858K, capacity 5073K, committed 5120K, reserved 1048576K
