05:48:29,784 |-INFO in ch.qos.logback.classic.LoggerContext[default] - Could NOT find resource [logback-test.xml]
05:48:29,784 |-INFO in ch.qos.logback.classic.LoggerContext[default] - Could NOT find resource [logback.groovy]
05:48:29,784 |-INFO in ch.qos.logback.classic.LoggerContext[default] - Found resource [logback.xml] at [jar:file:/root/flamestream/lib/flamestream-runtime-1.0-SNAPSHOT.jar!/logback.xml]
05:48:29,784 |-WARN in ch.qos.logback.classic.LoggerContext[default] - Resource [logback.xml] occurs multiple times on the classpath.
05:48:29,790 |-WARN in ch.qos.logback.classic.LoggerContext[default] - Resource [logback.xml] occurs at [jar:file:/root/flamestream/lib/flamestream-runtime-1.0-SNAPSHOT.jar!/logback.xml]
05:48:29,790 |-WARN in ch.qos.logback.classic.LoggerContext[default] - Resource [logback.xml] occurs at [jar:file:/root/flamestream/flamestream-runtime-1.0-SNAPSHOT.jar!/logback.xml]
05:48:29,811 |-INFO in ch.qos.logback.core.joran.spi.ConfigurationWatchList@3fb6a447 - URL [jar:file:/root/flamestream/lib/flamestream-runtime-1.0-SNAPSHOT.jar!/logback.xml] is not of type file
05:48:29,879 |-INFO in ch.qos.logback.classic.joran.action.ConfigurationAction - debug attribute not set
05:48:29,880 |-INFO in ch.qos.logback.core.joran.action.AppenderAction - About to instantiate appender of type [ch.qos.logback.core.ConsoleAppender]
05:48:29,896 |-INFO in ch.qos.logback.core.joran.action.AppenderAction - Naming appender as [STDOUT]
05:48:29,915 |-INFO in ch.qos.logback.core.joran.action.NestedComplexPropertyIA - Assuming default type [ch.qos.logback.classic.encoder.PatternLayoutEncoder] for [encoder] property
05:48:29,998 |-INFO in ch.qos.logback.core.joran.action.AppenderAction - About to instantiate appender of type [ch.qos.logback.core.rolling.RollingFileAppender]
05:48:30,008 |-INFO in ch.qos.logback.core.joran.action.AppenderAction - Naming appender as [FILE]
05:48:30,037 |-INFO in c.q.l.core.rolling.TimeBasedRollingPolicy@127618319 - No compression will be used
05:48:30,039 |-INFO in c.q.l.core.rolling.TimeBasedRollingPolicy@127618319 - Will use the pattern /tmp/application_%d{yyyy-MM-dd}.%i.log for the active file
05:48:30,042 |-INFO in ch.qos.logback.core.rolling.SizeAndTimeBasedFNATP@6b2fad11 - The date pattern is 'yyyy-MM-dd' from file name pattern '/tmp/application_%d{yyyy-MM-dd}.%i.log'.
05:48:30,042 |-INFO in ch.qos.logback.core.rolling.SizeAndTimeBasedFNATP@6b2fad11 - Roll-over at midnight.
05:48:30,047 |-INFO in ch.qos.logback.core.rolling.SizeAndTimeBasedFNATP@6b2fad11 - Setting initial period to Tue Jun 11 05:47:15 UTC 2019
05:48:30,047 |-WARN in ch.qos.logback.core.rolling.SizeAndTimeBasedFNATP@6b2fad11 - SizeAndTimeBasedFNATP is deprecated. Use SizeAndTimeBasedRollingPolicy instead
05:48:30,047 |-WARN in ch.qos.logback.core.rolling.SizeAndTimeBasedFNATP@6b2fad11 - For more information see http://logback.qos.ch/manual/appenders.html#SizeAndTimeBasedRollingPolicy
05:48:30,052 |-INFO in ch.qos.logback.core.joran.action.NestedComplexPropertyIA - Assuming default type [ch.qos.logback.classic.encoder.PatternLayoutEncoder] for [encoder] property
05:48:30,056 |-INFO in ch.qos.logback.core.rolling.RollingFileAppender[FILE] - Active log file name: /tmp/application.log
05:48:30,056 |-INFO in ch.qos.logback.core.rolling.RollingFileAppender[FILE] - File property is set to [/tmp/application.log]
05:48:30,058 |-INFO in ch.qos.logback.classic.joran.action.RootLoggerAction - Setting level of ROOT logger to WARN
05:48:30,058 |-INFO in ch.qos.logback.core.joran.action.AppenderRefAction - Attaching appender named [STDOUT] to Logger[ROOT]
05:48:30,060 |-INFO in ch.qos.logback.core.joran.action.AppenderRefAction - Attaching appender named [FILE] to Logger[ROOT]
05:48:30,060 |-INFO in ch.qos.logback.classic.joran.action.ConfigurationAction - End of configuration.
05:48:30,060 |-INFO in ch.qos.logback.classic.joran.JoranConfigurator@79698539 - Registering current configuration as safe fallback point

Ama winner
Ama winner
2019-06-11T05:48:31.398+0000: 1.800: [Full GC (Metadata GC Threshold) 2019-06-11T05:48:31.398+0000: 1.800: [Tenured: 0K->15177K(341376K), 0.0393860 secs] 117686K->15177K(494976K), [Metaspace: 20732K->20732K(1067008K)], 0.0394554 secs] [Times: user=0.04 sys=0.00, real=0.04 secs] 
05:48:48.635 [Curator-PathChildrenCache-1] WARN  o.a.c.u.ZKPaths  - The version of ZooKeeper being used doesn't support Container nodes. CreateMode.PERSISTENT will be used instead.
2019-06-11T05:48:50.970+0000: 21.372: [GC (Allocation Failure) 2019-06-11T05:48:50.970+0000: 21.372: [DefNew: 136576K->17023K(153600K), 0.0277667 secs] 151753K->52635K(494976K), 0.0278414 secs] [Times: user=0.01 sys=0.01, real=0.03 secs] 
2019-06-11T05:48:52.026+0000: 22.428: [Full GC (Metadata GC Threshold) 2019-06-11T05:48:52.026+0000: 22.428: [Tenured: 35611K->44082K(341376K), 0.0439642 secs] 82401K->44082K(494976K), [Metaspace: 34608K->34608K(1079296K)], 0.0440350 secs] [Times: user=0.04 sys=0.00, real=0.05 secs] 
2019-06-11T05:48:57.937+0000: 28.339: [GC (Allocation Failure) 2019-06-11T05:48:57.937+0000: 28.339: [DefNew: 136576K->72K(153600K), 0.0019486 secs] 180658K->44154K(494976K), 0.0020052 secs] [Times: user=0.01 sys=0.00, real=0.00 secs] 
2019-06-11T05:49:03.788+0000: 34.190: [GC (Allocation Failure) 2019-06-11T05:49:03.788+0000: 34.190: [DefNew: 136648K->73K(153600K), 0.0017983 secs] 180730K->44155K(494976K), 0.0018615 secs] [Times: user=0.00 sys=0.00, real=0.01 secs] 
2019-06-11T05:49:09.713+0000: 40.115: [GC (Allocation Failure) 2019-06-11T05:49:09.713+0000: 40.115: [DefNew: 136649K->74K(153600K), 0.0017794 secs] 180731K->44156K(494976K), 0.0018369 secs] [Times: user=0.01 sys=0.00, real=0.00 secs] 
2019-06-11T05:49:15.670+0000: 46.072: [GC (Allocation Failure) 2019-06-11T05:49:15.670+0000: 46.072: [DefNew: 136650K->76K(153600K), 0.0018043 secs] 180732K->44159K(494976K), 0.0018624 secs] [Times: user=0.00 sys=0.00, real=0.00 secs] 
2019-06-11T05:49:21.658+0000: 52.060: [GC (Allocation Failure) 2019-06-11T05:49:21.658+0000: 52.060: [DefNew: 136652K->74K(153600K), 0.0018115 secs] 180735K->44157K(494976K), 0.0018710 secs] [Times: user=0.00 sys=0.00, real=0.00 secs] 
05:49:33.328 [Curator-PathChildrenCache-0] ERROR o.a.c.f.r.c.PathChildrenCache  - 
java.lang.IllegalStateException: instance must be started before calling this method
	at org.apache.curator.shaded.com.google.common.base.Preconditions.checkState(Preconditions.java:444)
	at org.apache.curator.framework.imps.CuratorFrameworkImpl.getChildren(CuratorFrameworkImpl.java:456)
	at org.apache.curator.framework.recipes.cache.PathChildrenCache.refresh(PathChildrenCache.java:521)
	at org.apache.curator.framework.recipes.cache.RefreshOperation.invoke(RefreshOperation.java:35)
	at org.apache.curator.framework.recipes.cache.PathChildrenCache$9.run(PathChildrenCache.java:786)
	at java.util.concurrent.Executors$RunnableAdapter.call(Executors.java:511)
	at java.util.concurrent.FutureTask.run(FutureTask.java:266)
	at java.util.concurrent.Executors$RunnableAdapter.call(Executors.java:511)
	at java.util.concurrent.FutureTask.run(FutureTask.java:266)
	at java.util.concurrent.ThreadPoolExecutor.runWorker(ThreadPoolExecutor.java:1149)
	at java.util.concurrent.ThreadPoolExecutor$Worker.run(ThreadPoolExecutor.java:624)
	at java.lang.Thread.run(Thread.java:748)
Heap
 def new generation   total 153600K, used 94092K [0x00000000e0c00000, 0x00000000eb2a0000, 0x00000000eb2a0000)
  eden space 136576K,  68% used [0x00000000e0c00000, 0x00000000e67d0658, 0x00000000e9160000)
  from space 17024K,   0% used [0x00000000e9160000, 0x00000000e91729e8, 0x00000000ea200000)
  to   space 17024K,   0% used [0x00000000ea200000, 0x00000000ea200000, 0x00000000eb2a0000)
 tenured generation   total 341376K, used 44082K [0x00000000eb2a0000, 0x0000000100000000, 0x0000000100000000)
   the space 341376K,  12% used [0x00000000eb2a0000, 0x00000000eddaca60, 0x00000000eddacc00, 0x0000000100000000)
 Metaspace       used 36247K, capacity 37166K, committed 37376K, reserved 1081344K
  class space    used 4891K, capacity 5093K, committed 5120K, reserved 1048576K
