17:56:33,260 |-INFO in ch.qos.logback.classic.LoggerContext[default] - Could NOT find resource [logback-test.xml]
17:56:33,260 |-INFO in ch.qos.logback.classic.LoggerContext[default] - Could NOT find resource [logback.groovy]
17:56:33,260 |-INFO in ch.qos.logback.classic.LoggerContext[default] - Found resource [logback.xml] at [jar:file:/root/flamestream/lib/flamestream-runtime-1.0-SNAPSHOT.jar!/logback.xml]
17:56:33,261 |-WARN in ch.qos.logback.classic.LoggerContext[default] - Resource [logback.xml] occurs multiple times on the classpath.
17:56:33,261 |-WARN in ch.qos.logback.classic.LoggerContext[default] - Resource [logback.xml] occurs at [jar:file:/root/flamestream/lib/flamestream-runtime-1.0-SNAPSHOT.jar!/logback.xml]
17:56:33,261 |-WARN in ch.qos.logback.classic.LoggerContext[default] - Resource [logback.xml] occurs at [jar:file:/root/flamestream/flamestream-runtime-1.0-SNAPSHOT.jar!/logback.xml]
17:56:33,280 |-INFO in ch.qos.logback.core.joran.spi.ConfigurationWatchList@3fb6a447 - URL [jar:file:/root/flamestream/lib/flamestream-runtime-1.0-SNAPSHOT.jar!/logback.xml] is not of type file
17:56:33,345 |-INFO in ch.qos.logback.classic.joran.action.ConfigurationAction - debug attribute not set
17:56:33,346 |-INFO in ch.qos.logback.core.joran.action.AppenderAction - About to instantiate appender of type [ch.qos.logback.core.ConsoleAppender]
17:56:33,362 |-INFO in ch.qos.logback.core.joran.action.AppenderAction - Naming appender as [STDOUT]
17:56:33,382 |-INFO in ch.qos.logback.core.joran.action.NestedComplexPropertyIA - Assuming default type [ch.qos.logback.classic.encoder.PatternLayoutEncoder] for [encoder] property
17:56:33,474 |-INFO in ch.qos.logback.core.joran.action.AppenderAction - About to instantiate appender of type [ch.qos.logback.core.rolling.RollingFileAppender]
17:56:33,487 |-INFO in ch.qos.logback.core.joran.action.AppenderAction - Naming appender as [FILE]
17:56:33,512 |-INFO in c.q.l.core.rolling.TimeBasedRollingPolicy@127618319 - No compression will be used
17:56:33,514 |-INFO in c.q.l.core.rolling.TimeBasedRollingPolicy@127618319 - Will use the pattern /tmp/application_%d{yyyy-MM-dd}.%i.log for the active file
17:56:33,516 |-INFO in ch.qos.logback.core.rolling.SizeAndTimeBasedFNATP@6b2fad11 - The date pattern is 'yyyy-MM-dd' from file name pattern '/tmp/application_%d{yyyy-MM-dd}.%i.log'.
17:56:33,516 |-INFO in ch.qos.logback.core.rolling.SizeAndTimeBasedFNATP@6b2fad11 - Roll-over at midnight.
17:56:33,522 |-INFO in ch.qos.logback.core.rolling.SizeAndTimeBasedFNATP@6b2fad11 - Setting initial period to Mon Jun 10 17:55:16 UTC 2019
17:56:33,522 |-WARN in ch.qos.logback.core.rolling.SizeAndTimeBasedFNATP@6b2fad11 - SizeAndTimeBasedFNATP is deprecated. Use SizeAndTimeBasedRollingPolicy instead
17:56:33,522 |-WARN in ch.qos.logback.core.rolling.SizeAndTimeBasedFNATP@6b2fad11 - For more information see http://logback.qos.ch/manual/appenders.html#SizeAndTimeBasedRollingPolicy
17:56:33,526 |-INFO in ch.qos.logback.core.joran.action.NestedComplexPropertyIA - Assuming default type [ch.qos.logback.classic.encoder.PatternLayoutEncoder] for [encoder] property
17:56:33,531 |-INFO in ch.qos.logback.core.rolling.RollingFileAppender[FILE] - Active log file name: /tmp/application.log
17:56:33,531 |-INFO in ch.qos.logback.core.rolling.RollingFileAppender[FILE] - File property is set to [/tmp/application.log]
17:56:33,532 |-INFO in ch.qos.logback.classic.joran.action.RootLoggerAction - Setting level of ROOT logger to WARN
17:56:33,532 |-INFO in ch.qos.logback.core.joran.action.AppenderRefAction - Attaching appender named [STDOUT] to Logger[ROOT]
17:56:33,534 |-INFO in ch.qos.logback.core.joran.action.AppenderRefAction - Attaching appender named [FILE] to Logger[ROOT]
17:56:33,534 |-INFO in ch.qos.logback.classic.joran.action.ConfigurationAction - End of configuration.
17:56:33,534 |-INFO in ch.qos.logback.classic.joran.JoranConfigurator@79698539 - Registering current configuration as safe fallback point

Ama winner
Ama winner
2019-06-10T17:56:34.807+0000: 1.730: [Full GC (Metadata GC Threshold) 2019-06-10T17:56:34.807+0000: 1.730: [Tenured: 0K->15241K(341376K), 0.0387113 secs] 114923K->15241K(494976K), [Metaspace: 20727K->20727K(1067008K)], 0.0387757 secs] [Times: user=0.03 sys=0.00, real=0.03 secs] 
17:56:57.149 [Curator-PathChildrenCache-1] WARN  o.a.c.u.ZKPaths  - The version of ZooKeeper being used doesn't support Container nodes. CreateMode.PERSISTENT will be used instead.
2019-06-10T17:56:59.525+0000: 26.448: [GC (Allocation Failure) 2019-06-10T17:56:59.525+0000: 26.448: [DefNew: 136576K->17023K(153600K), 0.0291671 secs] 151817K->52747K(494976K), 0.0292471 secs] [Times: user=0.03 sys=0.01, real=0.03 secs] 
2019-06-10T17:57:01.599+0000: 28.522: [Full GC (Metadata GC Threshold) 2019-06-10T17:57:01.599+0000: 28.522: [Tenured: 35723K->44234K(341376K), 0.0448007 secs] 97306K->44234K(494976K), [Metaspace: 34592K->34592K(1079296K)], 0.0448940 secs] [Times: user=0.05 sys=0.00, real=0.04 secs] 
2019-06-10T17:57:08.645+0000: 35.568: [GC (Allocation Failure) 2019-06-10T17:57:08.645+0000: 35.568: [DefNew: 136576K->95K(153600K), 0.0018540 secs] 180810K->44330K(494976K), 0.0019282 secs] [Times: user=0.00 sys=0.00, real=0.01 secs] 
2019-06-10T17:57:15.680+0000: 42.603: [GC (Allocation Failure) 2019-06-10T17:57:15.680+0000: 42.603: [DefNew: 136671K->127K(153600K), 0.0017213 secs] 180906K->44362K(494976K), 0.0017897 secs] [Times: user=0.00 sys=0.00, real=0.00 secs] 
2019-06-10T17:57:22.779+0000: 49.702: [GC (Allocation Failure) 2019-06-10T17:57:22.779+0000: 49.702: [DefNew: 136703K->130K(153600K), 0.0017489 secs] 180938K->44365K(494976K), 0.0018085 secs] [Times: user=0.00 sys=0.00, real=0.00 secs] 
2019-06-10T17:57:29.808+0000: 56.731: [GC (Allocation Failure) 2019-06-10T17:57:29.809+0000: 56.731: [DefNew: 136706K->128K(153600K), 0.0017808 secs] 180941K->44363K(494976K), 0.0018518 secs] [Times: user=0.00 sys=0.00, real=0.00 secs] 
2019-06-10T17:57:37.004+0000: 63.927: [GC (Allocation Failure) 2019-06-10T17:57:37.004+0000: 63.927: [DefNew: 136704K->430K(153600K), 0.0021101 secs] 180939K->44665K(494976K), 0.0021846 secs] [Times: user=0.01 sys=0.00, real=0.00 secs] 
17:57:53.317 [Curator-PathChildrenCache-0] ERROR o.a.c.f.r.c.PathChildrenCache  - 
java.lang.IllegalStateException: instance must be started before calling this method
	at org.apache.curator.shaded.com.google.common.base.Preconditions.checkState(Preconditions.java:444)
	at org.apache.curator.framework.imps.CuratorFrameworkImpl.getChildren(CuratorFrameworkImpl.java:456)
	at org.apache.curator.framework.recipes.cache.PathChildrenCache.refresh(PathChildrenCache.java:521)
	at org.apache.curator.framework.recipes.cache.RefreshOperation.invoke(RefreshOperation.java:35)
	at org.apache.curator.framework.recipes.cache.PathChildrenCache$9.run(PathChildrenCache.java:786)
	at java.util.concurrent.Executors$RunnableAdapter.call(Executors.java:511)
	at java.util.concurrent.FutureTask.run(FutureTask.java:266)
	at java.util.concurrent.Executors$RunnableAdapter.call(Executors.java:511)
	at java.util.concurrent.FutureTask.run(FutureTask.java:266)
	at java.util.concurrent.ThreadPoolExecutor.runWorker(ThreadPoolExecutor.java:1149)
	at java.util.concurrent.ThreadPoolExecutor$Worker.run(ThreadPoolExecutor.java:624)
	at java.lang.Thread.run(Thread.java:748)
Heap
 def new generation   total 153600K, used 120800K [0x00000000e0c00000, 0x00000000eb2a0000, 0x00000000eb2a0000)
  eden space 136576K,  88% used [0x00000000e0c00000, 0x00000000e818c810, 0x00000000e9160000)
  from space 17024K,   2% used [0x00000000e9160000, 0x00000000e91cb8f0, 0x00000000ea200000)
  to   space 17024K,   0% used [0x00000000ea200000, 0x00000000ea200000, 0x00000000eb2a0000)
 tenured generation   total 341376K, used 44234K [0x00000000eb2a0000, 0x0000000100000000, 0x0000000100000000)
   the space 341376K,  12% used [0x00000000eb2a0000, 0x00000000eddd2bb0, 0x00000000eddd2c00, 0x0000000100000000)
 Metaspace       used 36188K, capacity 37062K, committed 37376K, reserved 1081344K
  class space    used 4872K, capacity 5075K, committed 5120K, reserved 1048576K
