17:27:15,076 |-INFO in ch.qos.logback.classic.LoggerContext[default] - Could NOT find resource [logback-test.xml]
17:27:15,076 |-INFO in ch.qos.logback.classic.LoggerContext[default] - Could NOT find resource [logback.groovy]
17:27:15,077 |-INFO in ch.qos.logback.classic.LoggerContext[default] - Found resource [logback.xml] at [jar:file:/root/flamestream/lib/flamestream-runtime-1.0-SNAPSHOT.jar!/logback.xml]
17:27:15,078 |-WARN in ch.qos.logback.classic.LoggerContext[default] - Resource [logback.xml] occurs multiple times on the classpath.
17:27:15,078 |-WARN in ch.qos.logback.classic.LoggerContext[default] - Resource [logback.xml] occurs at [jar:file:/root/flamestream/lib/flamestream-runtime-1.0-SNAPSHOT.jar!/logback.xml]
17:27:15,078 |-WARN in ch.qos.logback.classic.LoggerContext[default] - Resource [logback.xml] occurs at [jar:file:/root/flamestream/flamestream-runtime-1.0-SNAPSHOT.jar!/logback.xml]
17:27:15,097 |-INFO in ch.qos.logback.core.joran.spi.ConfigurationWatchList@3fb6a447 - URL [jar:file:/root/flamestream/lib/flamestream-runtime-1.0-SNAPSHOT.jar!/logback.xml] is not of type file
17:27:15,169 |-INFO in ch.qos.logback.classic.joran.action.ConfigurationAction - debug attribute not set
17:27:15,170 |-INFO in ch.qos.logback.core.joran.action.AppenderAction - About to instantiate appender of type [ch.qos.logback.core.ConsoleAppender]
17:27:15,187 |-INFO in ch.qos.logback.core.joran.action.AppenderAction - Naming appender as [STDOUT]
17:27:15,205 |-INFO in ch.qos.logback.core.joran.action.NestedComplexPropertyIA - Assuming default type [ch.qos.logback.classic.encoder.PatternLayoutEncoder] for [encoder] property
17:27:15,289 |-INFO in ch.qos.logback.core.joran.action.AppenderAction - About to instantiate appender of type [ch.qos.logback.core.rolling.RollingFileAppender]
17:27:15,294 |-INFO in ch.qos.logback.core.joran.action.AppenderAction - Naming appender as [FILE]
17:27:15,326 |-INFO in c.q.l.core.rolling.TimeBasedRollingPolicy@127618319 - No compression will be used
17:27:15,327 |-INFO in c.q.l.core.rolling.TimeBasedRollingPolicy@127618319 - Will use the pattern /tmp/application_%d{yyyy-MM-dd}.%i.log for the active file
17:27:15,330 |-INFO in ch.qos.logback.core.rolling.SizeAndTimeBasedFNATP@6b2fad11 - The date pattern is 'yyyy-MM-dd' from file name pattern '/tmp/application_%d{yyyy-MM-dd}.%i.log'.
17:27:15,330 |-INFO in ch.qos.logback.core.rolling.SizeAndTimeBasedFNATP@6b2fad11 - Roll-over at midnight.
17:27:15,335 |-INFO in ch.qos.logback.core.rolling.SizeAndTimeBasedFNATP@6b2fad11 - Setting initial period to Mon Jun 10 17:25:46 UTC 2019
17:27:15,335 |-WARN in ch.qos.logback.core.rolling.SizeAndTimeBasedFNATP@6b2fad11 - SizeAndTimeBasedFNATP is deprecated. Use SizeAndTimeBasedRollingPolicy instead
17:27:15,335 |-WARN in ch.qos.logback.core.rolling.SizeAndTimeBasedFNATP@6b2fad11 - For more information see http://logback.qos.ch/manual/appenders.html#SizeAndTimeBasedRollingPolicy
17:27:15,339 |-INFO in ch.qos.logback.core.joran.action.NestedComplexPropertyIA - Assuming default type [ch.qos.logback.classic.encoder.PatternLayoutEncoder] for [encoder] property
17:27:15,344 |-INFO in ch.qos.logback.core.rolling.RollingFileAppender[FILE] - Active log file name: /tmp/application.log
17:27:15,344 |-INFO in ch.qos.logback.core.rolling.RollingFileAppender[FILE] - File property is set to [/tmp/application.log]
17:27:15,345 |-INFO in ch.qos.logback.classic.joran.action.RootLoggerAction - Setting level of ROOT logger to WARN
17:27:15,345 |-INFO in ch.qos.logback.core.joran.action.AppenderRefAction - Attaching appender named [STDOUT] to Logger[ROOT]
17:27:15,347 |-INFO in ch.qos.logback.core.joran.action.AppenderRefAction - Attaching appender named [FILE] to Logger[ROOT]
17:27:15,347 |-INFO in ch.qos.logback.classic.joran.action.ConfigurationAction - End of configuration.
17:27:15,348 |-INFO in ch.qos.logback.classic.joran.JoranConfigurator@79698539 - Registering current configuration as safe fallback point

Ama winner
Ama winner
2019-06-10T17:27:16.657+0000: 1.769: [Full GC (Metadata GC Threshold) 2019-06-10T17:27:16.657+0000: 1.769: [Tenured: 0K->15241K(341376K), 0.0399557 secs] 114924K->15241K(494976K), [Metaspace: 20736K->20736K(1067008K)], 0.0400225 secs] [Times: user=0.04 sys=0.01, real=0.04 secs] 
17:27:32.297 [Curator-PathChildrenCache-1] WARN  o.a.c.u.ZKPaths  - The version of ZooKeeper being used doesn't support Container nodes. CreateMode.PERSISTENT will be used instead.
2019-06-10T17:27:34.725+0000: 19.837: [GC (Allocation Failure) 2019-06-10T17:27:34.725+0000: 19.837: [DefNew: 136576K->17023K(153600K), 0.0262868 secs] 151817K->52937K(494976K), 0.0263646 secs] [Times: user=0.02 sys=0.00, real=0.03 secs] 
2019-06-10T17:27:36.374+0000: 21.486: [Full GC (Metadata GC Threshold) 2019-06-10T17:27:36.374+0000: 21.486: [Tenured: 35913K->44592K(341376K), 0.0429192 secs] 93156K->44592K(494976K), [Metaspace: 34594K->34594K(1079296K)], 0.0429941 secs] [Times: user=0.05 sys=0.00, real=0.04 secs] 
2019-06-10T17:27:41.836+0000: 26.947: [GC (Allocation Failure) 2019-06-10T17:27:41.836+0000: 26.947: [DefNew: 136576K->69K(153600K), 0.0017297 secs] 181168K->44662K(494976K), 0.0017990 secs] [Times: user=0.00 sys=0.00, real=0.00 secs] 
2019-06-10T17:27:47.336+0000: 32.448: [GC (Allocation Failure) 2019-06-10T17:27:47.336+0000: 32.448: [DefNew: 136645K->106K(153600K), 0.0017495 secs] 181238K->44699K(494976K), 0.0018105 secs] [Times: user=0.00 sys=0.00, real=0.00 secs] 
2019-06-10T17:27:52.850+0000: 37.962: [GC (Allocation Failure) 2019-06-10T17:27:52.850+0000: 37.962: [DefNew: 136682K->143K(153600K), 0.0017389 secs] 181275K->44736K(494976K), 0.0018011 secs] [Times: user=0.00 sys=0.00, real=0.01 secs] 
2019-06-10T17:27:58.365+0000: 43.477: [GC (Allocation Failure) 2019-06-10T17:27:58.365+0000: 43.477: [DefNew: 136719K->137K(153600K), 0.0018194 secs] 181312K->44730K(494976K), 0.0018820 secs] [Times: user=0.01 sys=0.00, real=0.00 secs] 
2019-06-10T17:28:06.116+0000: 51.228: [GC (Allocation Failure) 2019-06-10T17:28:06.116+0000: 51.228: [DefNew: 136713K->137K(153600K), 0.0018036 secs] 181306K->44730K(494976K), 0.0018659 secs] [Times: user=0.00 sys=0.00, real=0.00 secs] 
17:28:13.588 [Curator-PathChildrenCache-0] ERROR o.a.c.f.r.c.PathChildrenCache  - 
java.lang.IllegalStateException: instance must be started before calling this method
	at org.apache.curator.shaded.com.google.common.base.Preconditions.checkState(Preconditions.java:444)
	at org.apache.curator.framework.imps.CuratorFrameworkImpl.getChildren(CuratorFrameworkImpl.java:456)
	at org.apache.curator.framework.recipes.cache.PathChildrenCache.refresh(PathChildrenCache.java:521)
	at org.apache.curator.framework.recipes.cache.RefreshOperation.invoke(RefreshOperation.java:35)
	at org.apache.curator.framework.recipes.cache.PathChildrenCache$9.run(PathChildrenCache.java:786)
	at java.util.concurrent.Executors$RunnableAdapter.call(Executors.java:511)
	at java.util.concurrent.FutureTask.run(FutureTask.java:266)
	at java.util.concurrent.Executors$RunnableAdapter.call(Executors.java:511)
	at java.util.concurrent.FutureTask.run(FutureTask.java:266)
	at java.util.concurrent.ThreadPoolExecutor.runWorker(ThreadPoolExecutor.java:1149)
	at java.util.concurrent.ThreadPoolExecutor$Worker.run(ThreadPoolExecutor.java:624)
	at java.lang.Thread.run(Thread.java:748)
Heap
 def new generation   total 153600K, used 59784K [0x00000000e0c00000, 0x00000000eb2a0000, 0x00000000eb2a0000)
  eden space 136576K,  43% used [0x00000000e0c00000, 0x00000000e463f988, 0x00000000e9160000)
  from space 17024K,   0% used [0x00000000e9160000, 0x00000000e9182678, 0x00000000ea200000)
  to   space 17024K,   0% used [0x00000000ea200000, 0x00000000ea200000, 0x00000000eb2a0000)
 tenured generation   total 341376K, used 44592K [0x00000000eb2a0000, 0x0000000100000000, 0x0000000100000000)
   the space 341376K,  13% used [0x00000000eb2a0000, 0x00000000ede2c1d0, 0x00000000ede2c200, 0x0000000100000000)
 Metaspace       used 35913K, capacity 36838K, committed 37120K, reserved 1081344K
  class space    used 4827K, capacity 5043K, committed 5120K, reserved 1048576K
