16:20:48,684 |-INFO in ch.qos.logback.classic.LoggerContext[default] - Could NOT find resource [logback-test.xml]
16:20:48,684 |-INFO in ch.qos.logback.classic.LoggerContext[default] - Could NOT find resource [logback.groovy]
16:20:48,684 |-INFO in ch.qos.logback.classic.LoggerContext[default] - Found resource [logback.xml] at [jar:file:/root/flamestream/lib/flamestream-runtime-1.0-SNAPSHOT.jar!/logback.xml]
16:20:48,684 |-WARN in ch.qos.logback.classic.LoggerContext[default] - Resource [logback.xml] occurs multiple times on the classpath.
16:20:48,685 |-WARN in ch.qos.logback.classic.LoggerContext[default] - Resource [logback.xml] occurs at [jar:file:/root/flamestream/lib/flamestream-runtime-1.0-SNAPSHOT.jar!/logback.xml]
16:20:48,685 |-WARN in ch.qos.logback.classic.LoggerContext[default] - Resource [logback.xml] occurs at [jar:file:/root/flamestream/flamestream-runtime-1.0-SNAPSHOT.jar!/logback.xml]
16:20:48,705 |-INFO in ch.qos.logback.core.joran.spi.ConfigurationWatchList@3fb6a447 - URL [jar:file:/root/flamestream/lib/flamestream-runtime-1.0-SNAPSHOT.jar!/logback.xml] is not of type file
16:20:48,771 |-INFO in ch.qos.logback.classic.joran.action.ConfigurationAction - debug attribute not set
16:20:48,772 |-INFO in ch.qos.logback.core.joran.action.AppenderAction - About to instantiate appender of type [ch.qos.logback.core.ConsoleAppender]
16:20:48,787 |-INFO in ch.qos.logback.core.joran.action.AppenderAction - Naming appender as [STDOUT]
16:20:48,807 |-INFO in ch.qos.logback.core.joran.action.NestedComplexPropertyIA - Assuming default type [ch.qos.logback.classic.encoder.PatternLayoutEncoder] for [encoder] property
16:20:48,888 |-INFO in ch.qos.logback.core.joran.action.AppenderAction - About to instantiate appender of type [ch.qos.logback.core.rolling.RollingFileAppender]
16:20:48,897 |-INFO in ch.qos.logback.core.joran.action.AppenderAction - Naming appender as [FILE]
16:20:48,927 |-INFO in c.q.l.core.rolling.TimeBasedRollingPolicy@127618319 - No compression will be used
16:20:48,928 |-INFO in c.q.l.core.rolling.TimeBasedRollingPolicy@127618319 - Will use the pattern /tmp/application_%d{yyyy-MM-dd}.%i.log for the active file
16:20:48,931 |-INFO in ch.qos.logback.core.rolling.SizeAndTimeBasedFNATP@6b2fad11 - The date pattern is 'yyyy-MM-dd' from file name pattern '/tmp/application_%d{yyyy-MM-dd}.%i.log'.
16:20:48,931 |-INFO in ch.qos.logback.core.rolling.SizeAndTimeBasedFNATP@6b2fad11 - Roll-over at midnight.
16:20:48,936 |-INFO in ch.qos.logback.core.rolling.SizeAndTimeBasedFNATP@6b2fad11 - Setting initial period to Mon Jun 10 16:19:23 UTC 2019
16:20:48,936 |-WARN in ch.qos.logback.core.rolling.SizeAndTimeBasedFNATP@6b2fad11 - SizeAndTimeBasedFNATP is deprecated. Use SizeAndTimeBasedRollingPolicy instead
16:20:48,936 |-WARN in ch.qos.logback.core.rolling.SizeAndTimeBasedFNATP@6b2fad11 - For more information see http://logback.qos.ch/manual/appenders.html#SizeAndTimeBasedRollingPolicy
16:20:48,940 |-INFO in ch.qos.logback.core.joran.action.NestedComplexPropertyIA - Assuming default type [ch.qos.logback.classic.encoder.PatternLayoutEncoder] for [encoder] property
16:20:48,945 |-INFO in ch.qos.logback.core.rolling.RollingFileAppender[FILE] - Active log file name: /tmp/application.log
16:20:48,945 |-INFO in ch.qos.logback.core.rolling.RollingFileAppender[FILE] - File property is set to [/tmp/application.log]
16:20:48,946 |-INFO in ch.qos.logback.classic.joran.action.RootLoggerAction - Setting level of ROOT logger to WARN
16:20:48,946 |-INFO in ch.qos.logback.core.joran.action.AppenderRefAction - Attaching appender named [STDOUT] to Logger[ROOT]
16:20:48,948 |-INFO in ch.qos.logback.core.joran.action.AppenderRefAction - Attaching appender named [FILE] to Logger[ROOT]
16:20:48,948 |-INFO in ch.qos.logback.classic.joran.action.ConfigurationAction - End of configuration.
16:20:48,949 |-INFO in ch.qos.logback.classic.joran.JoranConfigurator@79698539 - Registering current configuration as safe fallback point

Ama winner
Ama winner
2019-06-10T16:20:50.180+0000: 1.678: [Full GC (Metadata GC Threshold) 2019-06-10T16:20:50.180+0000: 1.678: [Tenured: 0K->15207K(341376K), 0.0356486 secs] 114987K->15207K(494976K), [Metaspace: 20729K->20729K(1067008K)], 0.0357174 secs] [Times: user=0.03 sys=0.00, real=0.03 secs] 
16:21:07.867 [Curator-PathChildrenCache-1] WARN  o.a.c.u.ZKPaths  - The version of ZooKeeper being used doesn't support Container nodes. CreateMode.PERSISTENT will be used instead.
2019-06-10T16:21:10.061+0000: 21.559: [GC (Allocation Failure) 2019-06-10T16:21:10.061+0000: 21.559: [DefNew: 136576K->17024K(153600K), 0.0260594 secs] 151783K->52789K(494976K), 0.0261498 secs] [Times: user=0.00 sys=0.02, real=0.03 secs] 
2019-06-10T16:21:11.469+0000: 22.967: [Full GC (Metadata GC Threshold) 2019-06-10T16:21:11.469+0000: 22.967: [Tenured: 35765K->44610K(341376K), 0.0396905 secs] 81424K->44610K(494976K), [Metaspace: 34579K->34579K(1079296K)], 0.0397620 secs] [Times: user=0.04 sys=0.00, real=0.04 secs] 
2019-06-10T16:21:18.255+0000: 29.753: [GC (Allocation Failure) 2019-06-10T16:21:18.255+0000: 29.754: [DefNew: 136576K->84K(153600K), 0.0019867 secs] 181186K->44694K(494976K), 0.0020444 secs] [Times: user=0.00 sys=0.00, real=0.01 secs] 
2019-06-10T16:21:24.861+0000: 36.360: [GC (Allocation Failure) 2019-06-10T16:21:24.861+0000: 36.360: [DefNew: 136660K->82K(153600K), 0.0018545 secs] 181270K->44692K(494976K), 0.0019120 secs] [Times: user=0.00 sys=0.00, real=0.00 secs] 
2019-06-10T16:21:31.498+0000: 42.997: [GC (Allocation Failure) 2019-06-10T16:21:31.498+0000: 42.997: [DefNew: 136658K->86K(153600K), 0.0019208 secs] 181268K->44696K(494976K), 0.0019770 secs] [Times: user=0.00 sys=0.00, real=0.00 secs] 
2019-06-10T16:21:38.236+0000: 49.734: [GC (Allocation Failure) 2019-06-10T16:21:38.236+0000: 49.734: [DefNew: 136662K->85K(153600K), 0.0018824 secs] 181272K->44695K(494976K), 0.0019493 secs] [Times: user=0.00 sys=0.00, real=0.01 secs] 
2019-06-10T16:21:44.992+0000: 56.490: [GC (Allocation Failure) 2019-06-10T16:21:44.992+0000: 56.490: [DefNew: 136661K->85K(153600K), 0.0019040 secs] 181271K->44695K(494976K), 0.0019601 secs] [Times: user=0.00 sys=0.00, real=0.00 secs] 
16:21:58.314 [Curator-PathChildrenCache-0] ERROR o.a.c.f.r.c.PathChildrenCache  - 
java.lang.IllegalStateException: instance must be started before calling this method
	at org.apache.curator.shaded.com.google.common.base.Preconditions.checkState(Preconditions.java:444)
	at org.apache.curator.framework.imps.CuratorFrameworkImpl.getChildren(CuratorFrameworkImpl.java:456)
	at org.apache.curator.framework.recipes.cache.PathChildrenCache.refresh(PathChildrenCache.java:521)
	at org.apache.curator.framework.recipes.cache.RefreshOperation.invoke(RefreshOperation.java:35)
	at org.apache.curator.framework.recipes.cache.PathChildrenCache$9.run(PathChildrenCache.java:786)
	at java.util.concurrent.Executors$RunnableAdapter.call(Executors.java:511)
	at java.util.concurrent.FutureTask.run(FutureTask.java:266)
	at java.util.concurrent.Executors$RunnableAdapter.call(Executors.java:511)
	at java.util.concurrent.FutureTask.run(FutureTask.java:266)
	at java.util.concurrent.ThreadPoolExecutor.runWorker(ThreadPoolExecutor.java:1149)
	at java.util.concurrent.ThreadPoolExecutor$Worker.run(ThreadPoolExecutor.java:624)
	at java.lang.Thread.run(Thread.java:748)
Heap
 def new generation   total 153600K, used 107279K [0x00000000e0c00000, 0x00000000eb2a0000, 0x00000000eb2a0000)
  eden space 136576K,  78% used [0x00000000e0c00000, 0x00000000e74ae648, 0x00000000e9160000)
  from space 17024K,   0% used [0x00000000e9160000, 0x00000000e91756e8, 0x00000000ea200000)
  to   space 17024K,   0% used [0x00000000ea200000, 0x00000000ea200000, 0x00000000eb2a0000)
 tenured generation   total 341376K, used 44610K [0x00000000eb2a0000, 0x0000000100000000, 0x0000000100000000)
   the space 341376K,  13% used [0x00000000eb2a0000, 0x00000000ede308a0, 0x00000000ede30a00, 0x0000000100000000)
 Metaspace       used 36308K, capacity 37202K, committed 37376K, reserved 1081344K
  class space    used 4870K, capacity 5077K, committed 5120K, reserved 1048576K
