06:02:20,331 |-INFO in ch.qos.logback.classic.LoggerContext[default] - Could NOT find resource [logback-test.xml]
06:02:20,331 |-INFO in ch.qos.logback.classic.LoggerContext[default] - Could NOT find resource [logback.groovy]
06:02:20,331 |-INFO in ch.qos.logback.classic.LoggerContext[default] - Found resource [logback.xml] at [jar:file:/root/flamestream/lib/flamestream-runtime-1.0-SNAPSHOT.jar!/logback.xml]
06:02:20,332 |-WARN in ch.qos.logback.classic.LoggerContext[default] - Resource [logback.xml] occurs multiple times on the classpath.
06:02:20,337 |-WARN in ch.qos.logback.classic.LoggerContext[default] - Resource [logback.xml] occurs at [jar:file:/root/flamestream/lib/flamestream-runtime-1.0-SNAPSHOT.jar!/logback.xml]
06:02:20,337 |-WARN in ch.qos.logback.classic.LoggerContext[default] - Resource [logback.xml] occurs at [jar:file:/root/flamestream/flamestream-runtime-1.0-SNAPSHOT.jar!/logback.xml]
06:02:20,357 |-INFO in ch.qos.logback.core.joran.spi.ConfigurationWatchList@3fb6a447 - URL [jar:file:/root/flamestream/lib/flamestream-runtime-1.0-SNAPSHOT.jar!/logback.xml] is not of type file
06:02:20,431 |-INFO in ch.qos.logback.classic.joran.action.ConfigurationAction - debug attribute not set
06:02:20,431 |-INFO in ch.qos.logback.core.joran.action.AppenderAction - About to instantiate appender of type [ch.qos.logback.core.ConsoleAppender]
06:02:20,449 |-INFO in ch.qos.logback.core.joran.action.AppenderAction - Naming appender as [STDOUT]
06:02:20,467 |-INFO in ch.qos.logback.core.joran.action.NestedComplexPropertyIA - Assuming default type [ch.qos.logback.classic.encoder.PatternLayoutEncoder] for [encoder] property
06:02:20,543 |-INFO in ch.qos.logback.core.joran.action.AppenderAction - About to instantiate appender of type [ch.qos.logback.core.rolling.RollingFileAppender]
06:02:20,552 |-INFO in ch.qos.logback.core.joran.action.AppenderAction - Naming appender as [FILE]
06:02:20,583 |-INFO in c.q.l.core.rolling.TimeBasedRollingPolicy@127618319 - No compression will be used
06:02:20,584 |-INFO in c.q.l.core.rolling.TimeBasedRollingPolicy@127618319 - Will use the pattern /tmp/application_%d{yyyy-MM-dd}.%i.log for the active file
06:02:20,587 |-INFO in ch.qos.logback.core.rolling.SizeAndTimeBasedFNATP@6b2fad11 - The date pattern is 'yyyy-MM-dd' from file name pattern '/tmp/application_%d{yyyy-MM-dd}.%i.log'.
06:02:20,587 |-INFO in ch.qos.logback.core.rolling.SizeAndTimeBasedFNATP@6b2fad11 - Roll-over at midnight.
06:02:20,592 |-INFO in ch.qos.logback.core.rolling.SizeAndTimeBasedFNATP@6b2fad11 - Setting initial period to Tue Jun 11 06:00:44 UTC 2019
06:02:20,592 |-WARN in ch.qos.logback.core.rolling.SizeAndTimeBasedFNATP@6b2fad11 - SizeAndTimeBasedFNATP is deprecated. Use SizeAndTimeBasedRollingPolicy instead
06:02:20,592 |-WARN in ch.qos.logback.core.rolling.SizeAndTimeBasedFNATP@6b2fad11 - For more information see http://logback.qos.ch/manual/appenders.html#SizeAndTimeBasedRollingPolicy
06:02:20,596 |-INFO in ch.qos.logback.core.joran.action.NestedComplexPropertyIA - Assuming default type [ch.qos.logback.classic.encoder.PatternLayoutEncoder] for [encoder] property
06:02:20,601 |-INFO in ch.qos.logback.core.rolling.RollingFileAppender[FILE] - Active log file name: /tmp/application.log
06:02:20,601 |-INFO in ch.qos.logback.core.rolling.RollingFileAppender[FILE] - File property is set to [/tmp/application.log]
06:02:20,602 |-INFO in ch.qos.logback.classic.joran.action.RootLoggerAction - Setting level of ROOT logger to WARN
06:02:20,602 |-INFO in ch.qos.logback.core.joran.action.AppenderRefAction - Attaching appender named [STDOUT] to Logger[ROOT]
06:02:20,604 |-INFO in ch.qos.logback.core.joran.action.AppenderRefAction - Attaching appender named [FILE] to Logger[ROOT]
06:02:20,604 |-INFO in ch.qos.logback.classic.joran.action.ConfigurationAction - End of configuration.
06:02:20,604 |-INFO in ch.qos.logback.classic.joran.JoranConfigurator@79698539 - Registering current configuration as safe fallback point

Ama winner
Ama winner
2019-06-11T06:02:21.925+0000: 1.773: [Full GC (Metadata GC Threshold) 2019-06-11T06:02:21.925+0000: 1.773: [Tenured: 0K->15208K(341376K), 0.0390994 secs] 114923K->15208K(494976K), [Metaspace: 20736K->20736K(1067008K)], 0.0391802 secs] [Times: user=0.04 sys=0.01, real=0.03 secs] 
06:03:14.641 [Curator-PathChildrenCache-1] WARN  o.a.c.u.ZKPaths  - The version of ZooKeeper being used doesn't support Container nodes. CreateMode.PERSISTENT will be used instead.
2019-06-11T06:03:35.910+0000: 75.759: [GC (Allocation Failure) 2019-06-11T06:03:35.910+0000: 75.759: [DefNew: 136576K->16378K(153600K), 0.0173163 secs] 151784K->31586K(494976K), 0.0173985 secs] [Times: user=0.01 sys=0.00, real=0.02 secs] 
2019-06-11T06:04:02.139+0000: 101.988: [GC (Allocation Failure) 2019-06-11T06:04:02.139+0000: 101.988: [DefNew: 134039K->604K(153600K), 0.0097721 secs] 149248K->22593K(494976K), 0.0098451 secs] [Times: user=0.01 sys=0.01, real=0.01 secs] 
2019-06-11T06:04:02.258+0000: 102.107: [Full GC (Metadata GC Threshold) 2019-06-11T06:04:02.258+0000: 102.107: [Tenured: 21988K->43196K(341376K), 0.0381946 secs] 49053K->43196K(494976K), [Metaspace: 34733K->34733K(1079296K)], 0.0382724 secs] [Times: user=0.03 sys=0.00, real=0.04 secs] 
2019-06-11T06:04:10.207+0000: 110.056: [GC (Allocation Failure) 2019-06-11T06:04:10.207+0000: 110.056: [DefNew: 136576K->255K(153600K), 0.0023609 secs] 179772K->43451K(494976K), 0.0024211 secs] [Times: user=0.00 sys=0.00, real=0.00 secs] 
2019-06-11T06:04:16.641+0000: 116.490: [GC (Allocation Failure) 2019-06-11T06:04:16.642+0000: 116.490: [DefNew: 136831K->240K(153600K), 0.0021602 secs] 180027K->43437K(494976K), 0.0022233 secs] [Times: user=0.00 sys=0.00, real=0.00 secs] 
2019-06-11T06:04:44.550+0000: 144.398: [GC (Allocation Failure) 2019-06-11T06:04:44.550+0000: 144.398: [DefNew: 136816K->302K(153600K), 0.0022508 secs] 180013K->43499K(494976K), 0.0023147 secs] [Times: user=0.00 sys=0.00, real=0.00 secs] 
2019-06-11T06:05:31.738+0000: 191.586: [GC (Allocation Failure) 2019-06-11T06:05:31.738+0000: 191.586: [DefNew: 136878K->314K(153600K), 0.0022838 secs] 180075K->43510K(494976K), 0.0023648 secs] [Times: user=0.01 sys=0.00, real=0.00 secs] 
2019-06-11T06:06:18.778+0000: 238.626: [GC (Allocation Failure) 2019-06-11T06:06:18.778+0000: 238.626: [DefNew: 136890K->310K(153600K), 0.0022381 secs] 180086K->43506K(494976K), 0.0023018 secs] [Times: user=0.00 sys=0.00, real=0.00 secs] 
2019-06-11T06:07:06.392+0000: 286.240: [GC (Allocation Failure) 2019-06-11T06:07:06.392+0000: 286.240: [DefNew: 136886K->319K(153600K), 0.0023984 secs] 180082K->43516K(494976K), 0.0024618 secs] [Times: user=0.00 sys=0.00, real=0.00 secs] 
2019-06-11T06:07:52.924+0000: 332.772: [GC (Allocation Failure) 2019-06-11T06:07:52.924+0000: 332.772: [DefNew: 136895K->317K(153600K), 0.0022858 secs] 180092K->43514K(494976K), 0.0023487 secs] [Times: user=0.00 sys=0.00, real=0.01 secs] 
2019-06-11T06:08:52.161+0000: 392.009: [GC (Allocation Failure) 2019-06-11T06:08:52.161+0000: 392.009: [DefNew: 136893K->320K(153600K), 0.0022103 secs] 180090K->43516K(494976K), 0.0022764 secs] [Times: user=0.00 sys=0.00, real=0.00 secs] 
2019-06-11T06:09:53.792+0000: 453.641: [GC (Allocation Failure) 2019-06-11T06:09:53.792+0000: 453.641: [DefNew: 136896K->322K(153600K), 0.0022818 secs] 180092K->43518K(494976K), 0.0023397 secs] [Times: user=0.00 sys=0.00, real=0.00 secs] 
2019-06-11T06:10:42.449+0000: 502.298: [GC (Allocation Failure) 2019-06-11T06:10:42.450+0000: 502.298: [DefNew: 136898K->323K(153600K), 0.0022159 secs] 180094K->43520K(494976K), 0.0022799 secs] [Times: user=0.00 sys=0.00, real=0.00 secs] 
2019-06-11T06:11:27.594+0000: 547.442: [GC (Allocation Failure) 2019-06-11T06:11:27.594+0000: 547.442: [DefNew: 136899K->325K(153600K), 0.0021647 secs] 180096K->43521K(494976K), 0.0022395 secs] [Times: user=0.00 sys=0.00, real=0.00 secs] 
2019-06-11T06:12:20.566+0000: 600.414: [GC (Allocation Failure) 2019-06-11T06:12:20.566+0000: 600.414: [DefNew: 136901K->326K(153600K), 0.0023145 secs] 180097K->43523K(494976K), 0.0023719 secs] [Times: user=0.00 sys=0.00, real=0.00 secs] 
2019-06-11T06:13:23.149+0000: 662.998: [GC (Allocation Failure) 2019-06-11T06:13:23.149+0000: 662.998: [DefNew: 136902K->352K(153600K), 0.0022473 secs] 180099K->43548K(494976K), 0.0023087 secs] [Times: user=0.01 sys=0.00, real=0.00 secs] 
2019-06-11T06:14:27.034+0000: 726.882: [GC (Allocation Failure) 2019-06-11T06:14:27.034+0000: 726.882: [DefNew: 136928K->354K(153600K), 0.0021890 secs] 180124K->43550K(494976K), 0.0022511 secs] [Times: user=0.00 sys=0.00, real=0.00 secs] 
2019-06-11T06:15:24.842+0000: 784.691: [GC (Allocation Failure) 2019-06-11T06:15:24.842+0000: 784.691: [DefNew: 136930K->356K(153600K), 0.0023190 secs] 180126K->43553K(494976K), 0.0023868 secs] [Times: user=0.00 sys=0.00, real=0.01 secs] 
2019-06-11T06:16:14.033+0000: 833.882: [GC (Allocation Failure) 2019-06-11T06:16:14.033+0000: 833.882: [DefNew: 136932K->162K(153600K), 0.0022306 secs] 180129K->43552K(494976K), 0.0023111 secs] [Times: user=0.00 sys=0.00, real=0.00 secs] 
2019-06-11T06:17:16.610+0000: 896.459: [GC (Allocation Failure) 2019-06-11T06:17:16.610+0000: 896.459: [DefNew: 136738K->163K(153600K), 0.0018619 secs] 180128K->43555K(494976K), 0.0019172 secs] [Times: user=0.00 sys=0.00, real=0.00 secs] 
2019-06-11T06:18:41.075+0000: 980.924: [GC (Allocation Failure) 2019-06-11T06:18:41.075+0000: 980.924: [DefNew: 136739K->112K(153600K), 0.0018997 secs] 180131K->43559K(494976K), 0.0019564 secs] [Times: user=0.00 sys=0.00, real=0.01 secs] 
2019-06-11T06:20:05.854+0000: 1065.703: [GC (Allocation Failure) 2019-06-11T06:20:05.854+0000: 1065.703: [DefNew: 136688K->97K(153600K), 0.0017116 secs] 180135K->43551K(494976K), 0.0017744 secs] [Times: user=0.00 sys=0.00, real=0.00 secs] 
2019-06-11T06:20:56.339+0000: 1116.188: [GC (Allocation Failure) 2019-06-11T06:20:56.339+0000: 1116.188: [DefNew: 136673K->96K(153600K), 0.0016282 secs] 180127K->43551K(494976K), 0.0016843 secs] [Times: user=0.00 sys=0.00, real=0.00 secs] 
2019-06-11T06:22:08.092+0000: 1187.940: [GC (Allocation Failure) 2019-06-11T06:22:08.092+0000: 1187.941: [DefNew: 136672K->96K(153600K), 0.0016857 secs] 180127K->43554K(494976K), 0.0017448 secs] [Times: user=0.00 sys=0.00, real=0.00 secs] 
2019-06-11T06:23:31.705+0000: 1271.553: [GC (Allocation Failure) 2019-06-11T06:23:31.705+0000: 1271.553: [DefNew: 136672K->99K(153600K), 0.0017117 secs] 180130K->43558K(494976K), 0.0017673 secs] [Times: user=0.00 sys=0.01, real=0.00 secs] 
2019-06-11T06:24:55.366+0000: 1355.215: [GC (Allocation Failure) 2019-06-11T06:24:55.366+0000: 1355.215: [DefNew: 136675K->101K(153600K), 0.0016810 secs] 180134K->43561K(494976K), 0.0017369 secs] [Times: user=0.00 sys=0.00, real=0.00 secs] 
2019-06-11T06:25:47.803+0000: 1407.652: [GC (Allocation Failure) 2019-06-11T06:25:47.803+0000: 1407.652: [DefNew: 136677K->103K(153600K), 0.0017012 secs] 180137K->43564K(494976K), 0.0017664 secs] [Times: user=0.00 sys=0.00, real=0.01 secs] 
2019-06-11T06:26:51.256+0000: 1471.104: [GC (Allocation Failure) 2019-06-11T06:26:51.256+0000: 1471.104: [DefNew: 136679K->104K(153600K), 0.0017377 secs] 180140K->43566K(494976K), 0.0018133 secs] [Times: user=0.00 sys=0.00, real=0.01 secs] 
2019-06-11T06:27:58.660+0000: 1538.509: [GC (Allocation Failure) 2019-06-11T06:27:58.660+0000: 1538.509: [DefNew: 136680K->104K(153600K), 0.0098884 secs] 180142K->43567K(494976K), 0.0099496 secs] [Times: user=0.02 sys=0.00, real=0.01 secs] 
2019-06-11T06:29:06.027+0000: 1605.875: [GC (Allocation Failure) 2019-06-11T06:29:06.027+0000: 1605.875: [DefNew: 136680K->106K(153600K), 0.0017492 secs] 180143K->43569K(494976K), 0.0018153 secs] [Times: user=0.01 sys=0.00, real=0.00 secs] 
2019-06-11T06:30:11.375+0000: 1671.223: [GC (Allocation Failure) 2019-06-11T06:30:11.375+0000: 1671.223: [DefNew: 136682K->74K(153600K), 0.0016674 secs] 180145K->43570K(494976K), 0.0017241 secs] [Times: user=0.01 sys=0.00, real=0.01 secs] 
2019-06-11T06:30:57.519+0000: 1717.367: [GC (Allocation Failure) 2019-06-11T06:30:57.519+0000: 1717.367: [DefNew: 136650K->75K(153600K), 0.0016816 secs] 180146K->43572K(494976K), 0.0017355 secs] [Times: user=0.00 sys=0.00, real=0.00 secs] 
2019-06-11T06:31:46.968+0000: 1766.816: [GC (Allocation Failure) 2019-06-11T06:31:46.968+0000: 1766.817: [DefNew: 136651K->76K(153600K), 0.0099629 secs] 180148K->43574K(494976K), 0.0100233 secs] [Times: user=0.01 sys=0.00, real=0.01 secs] 
2019-06-11T06:32:50.423+0000: 1830.272: [GC (Allocation Failure) 2019-06-11T06:32:50.423+0000: 1830.272: [DefNew: 136652K->77K(153600K), 0.0016710 secs] 180150K->43575K(494976K), 0.0017341 secs] [Times: user=0.00 sys=0.00, real=0.01 secs] 
2019-06-11T06:33:58.642+0000: 1898.490: [GC (Allocation Failure) 2019-06-11T06:33:58.642+0000: 1898.490: [DefNew: 136653K->76K(153600K), 0.0097875 secs] 180151K->43577K(494976K), 0.0098437 secs] [Times: user=0.01 sys=0.00, real=0.01 secs] 
2019-06-11T06:35:06.984+0000: 1966.832: [GC (Allocation Failure) 2019-06-11T06:35:06.984+0000: 1966.832: [DefNew: 136652K->76K(153600K), 0.0017675 secs] 180153K->43578K(494976K), 0.0018238 secs] [Times: user=0.00 sys=0.00, real=0.01 secs] 
2019-06-11T06:35:53.223+0000: 2013.072: [GC (Allocation Failure) 2019-06-11T06:35:53.223+0000: 2013.072: [DefNew: 136652K->76K(153600K), 0.0017546 secs] 180154K->43580K(494976K), 0.0018267 secs] [Times: user=0.00 sys=0.00, real=0.01 secs] 
2019-06-11T06:36:47.632+0000: 2067.481: [GC (Allocation Failure) 2019-06-11T06:36:47.632+0000: 2067.481: [DefNew: 136652K->63K(153600K), 0.0016775 secs] 180156K->43568K(494976K), 0.0017407 secs] [Times: user=0.00 sys=0.00, real=0.00 secs] 
2019-06-11T06:37:58.999+0000: 2138.847: [GC (Allocation Failure) 2019-06-11T06:37:58.999+0000: 2138.847: [DefNew: 136639K->63K(153600K), 0.0016709 secs] 180144K->43569K(494976K), 0.0017277 secs] [Times: user=0.00 sys=0.00, real=0.00 secs] 
2019-06-11T06:39:10.914+0000: 2210.762: [GC (Allocation Failure) 2019-06-11T06:39:10.914+0000: 2210.762: [DefNew: 136639K->62K(153600K), 0.0016647 secs] 180145K->43571K(494976K), 0.0017209 secs] [Times: user=0.01 sys=0.00, real=0.00 secs] 
2019-06-11T06:40:16.851+0000: 2276.700: [GC (Allocation Failure) 2019-06-11T06:40:16.851+0000: 2276.700: [DefNew: 136638K->63K(153600K), 0.0016168 secs] 180147K->43573K(494976K), 0.0016699 secs] [Times: user=0.00 sys=0.00, real=0.00 secs] 
2019-06-11T06:41:04.314+0000: 2324.162: [GC (Allocation Failure) 2019-06-11T06:41:04.314+0000: 2324.162: [DefNew: 136639K->62K(153600K), 0.0016658 secs] 180149K->43575K(494976K), 0.0017226 secs] [Times: user=0.01 sys=0.00, real=0.00 secs] 
2019-06-11T06:41:58.621+0000: 2378.470: [GC (Allocation Failure) 2019-06-11T06:41:58.621+0000: 2378.470: [DefNew: 136638K->63K(153600K), 0.0016324 secs] 180151K->43576K(494976K), 0.0016847 secs] [Times: user=0.00 sys=0.00, real=0.00 secs] 
2019-06-11T06:43:01.841+0000: 2441.690: [GC (Allocation Failure) 2019-06-11T06:43:01.841+0000: 2441.690: [DefNew: 136639K->64K(153600K), 0.0016610 secs] 180152K->43578K(494976K), 0.0017173 secs] [Times: user=0.01 sys=0.00, real=0.00 secs] 
2019-06-11T06:44:02.451+0000: 2502.300: [GC (Allocation Failure) 2019-06-11T06:44:02.451+0000: 2502.300: [DefNew: 136640K->65K(153600K), 0.0016418 secs] 180154K->43579K(494976K), 0.0016982 secs] [Times: user=0.00 sys=0.00, real=0.00 secs] 
2019-06-11T06:45:04.811+0000: 2564.659: [GC (Allocation Failure) 2019-06-11T06:45:04.811+0000: 2564.660: [DefNew: 136641K->65K(153600K), 0.0016994 secs] 180155K->43581K(494976K), 0.0017565 secs] [Times: user=0.00 sys=0.00, real=0.00 secs] 
2019-06-11T06:45:50.686+0000: 2610.534: [GC (Allocation Failure) 2019-06-11T06:45:50.686+0000: 2610.534: [DefNew: 136641K->66K(153600K), 0.0016813 secs] 180157K->43582K(494976K), 0.0017371 secs] [Times: user=0.00 sys=0.00, real=0.00 secs] 
2019-06-11T06:46:36.858+0000: 2656.707: [GC (Allocation Failure) 2019-06-11T06:46:36.858+0000: 2656.707: [DefNew: 136642K->68K(153600K), 0.0016090 secs] 180158K->43585K(494976K), 0.0016663 secs] [Times: user=0.00 sys=0.00, real=0.00 secs] 
2019-06-11T06:47:35.293+0000: 2715.142: [GC (Allocation Failure) 2019-06-11T06:47:35.293+0000: 2715.142: [DefNew: 136644K->68K(153600K), 0.0016482 secs] 180161K->43587K(494976K), 0.0017162 secs] [Times: user=0.00 sys=0.00, real=0.00 secs] 
2019-06-11T06:48:36.343+0000: 2776.192: [GC (Allocation Failure) 2019-06-11T06:48:36.344+0000: 2776.192: [DefNew: 136644K->71K(153600K), 0.0016656 secs] 180163K->43590K(494976K), 0.0017220 secs] [Times: user=0.00 sys=0.00, real=0.01 secs] 
2019-06-11T06:49:36.876+0000: 2836.725: [GC (Allocation Failure) 2019-06-11T06:49:36.876+0000: 2836.725: [DefNew: 136647K->73K(153600K), 0.0016696 secs] 180166K->43592K(494976K), 0.0017315 secs] [Times: user=0.00 sys=0.00, real=0.00 secs] 
2019-06-11T06:50:30.088+0000: 2889.936: [GC (Allocation Failure) 2019-06-11T06:50:30.088+0000: 2889.936: [DefNew: 136649K->73K(153600K), 0.0017522 secs] 180168K->43594K(494976K), 0.0018090 secs] [Times: user=0.00 sys=0.00, real=0.00 secs] 
2019-06-11T06:51:15.236+0000: 2935.085: [GC (Allocation Failure) 2019-06-11T06:51:15.236+0000: 2935.085: [DefNew: 136649K->71K(153600K), 0.0017207 secs] 180170K->43594K(494976K), 0.0017919 secs] [Times: user=0.01 sys=0.00, real=0.01 secs] 
2019-06-11T06:52:05.915+0000: 2985.763: [GC (Allocation Failure) 2019-06-11T06:52:05.915+0000: 2985.763: [DefNew: 136647K->72K(153600K), 0.0017550 secs] 180170K->43595K(494976K), 0.0018118 secs] [Times: user=0.00 sys=0.00, real=0.01 secs] 
2019-06-11T06:53:06.818+0000: 3046.667: [GC (Allocation Failure) 2019-06-11T06:53:06.818+0000: 3046.667: [DefNew: 136648K->71K(153600K), 0.0016970 secs] 180171K->43597K(494976K), 0.0017517 secs] [Times: user=0.01 sys=0.00, real=0.00 secs] 
2019-06-11T06:54:09.877+0000: 3109.726: [GC (Allocation Failure) 2019-06-11T06:54:09.877+0000: 3109.726: [DefNew: 136647K->60K(153600K), 0.0017601 secs] 180173K->43586K(494976K), 0.0018169 secs] [Times: user=0.00 sys=0.00, real=0.00 secs] 
2019-06-11T06:55:11.658+0000: 3171.506: [GC (Allocation Failure) 2019-06-11T06:55:11.658+0000: 3171.506: [DefNew: 136636K->61K(153600K), 0.0017048 secs] 180162K->43588K(494976K), 0.0017716 secs] [Times: user=0.00 sys=0.00, real=0.00 secs] 
2019-06-11T06:55:56.487+0000: 3216.336: [GC (Allocation Failure) 2019-06-11T06:55:56.487+0000: 3216.336: [DefNew: 136637K->61K(153600K), 0.0017040 secs] 180164K->43590K(494976K), 0.0017646 secs] [Times: user=0.00 sys=0.00, real=0.00 secs] 
2019-06-11T06:56:46.432+0000: 3266.281: [GC (Allocation Failure) 2019-06-11T06:56:46.432+0000: 3266.281: [DefNew: 136637K->63K(153600K), 0.0016960 secs] 180166K->43592K(494976K), 0.0017611 secs] [Times: user=0.00 sys=0.00, real=0.00 secs] 
2019-06-11T06:57:59.340+0000: 3339.188: [GC (Allocation Failure) 2019-06-11T06:57:59.340+0000: 3339.188: [DefNew: 136639K->64K(153600K), 0.0382614 secs] 180168K->43593K(494976K), 0.0383246 secs] [Times: user=0.02 sys=0.00, real=0.04 secs] 
2019-06-11T06:59:16.826+0000: 3416.675: [GC (Allocation Failure) 2019-06-11T06:59:16.826+0000: 3416.675: [DefNew: 136640K->65K(153600K), 0.0383375 secs] 180169K->43595K(494976K), 0.0384012 secs] [Times: user=0.02 sys=0.00, real=0.04 secs] 
2019-06-11T07:00:23.020+0000: 3482.869: [GC (Allocation Failure) 2019-06-11T07:00:23.020+0000: 3482.869: [DefNew: 136641K->67K(153600K), 0.0016858 secs] 180171K->43598K(494976K), 0.0017422 secs] [Times: user=0.00 sys=0.00, real=0.00 secs] 
2019-06-11T07:01:17.992+0000: 3537.840: [GC (Allocation Failure) 2019-06-11T07:01:17.992+0000: 3537.840: [DefNew: 136643K->65K(153600K), 0.0016913 secs] 180174K->43598K(494976K), 0.0017478 secs] [Times: user=0.00 sys=0.00, real=0.00 secs] 
2019-06-11T07:02:28.806+0000: 3608.654: [GC (Allocation Failure) 2019-06-11T07:02:28.806+0000: 3608.654: [DefNew: 136641K->124K(153600K), 0.0017356 secs] 180174K->43657K(494976K), 0.0017991 secs] [Times: user=0.00 sys=0.00, real=0.00 secs] 
2019-06-11T07:03:51.647+0000: 3691.495: [GC (Allocation Failure) 2019-06-11T07:03:51.647+0000: 3691.495: [DefNew: 136700K->289K(153600K), 0.0021672 secs] 180233K->43825K(494976K), 0.0022269 secs] [Times: user=0.00 sys=0.00, real=0.00 secs] 
07:03:52.608 [Curator-PathChildrenCache-0] ERROR o.a.c.f.r.c.PathChildrenCache  - 
java.lang.IllegalStateException: instance must be started before calling this method
	at org.apache.curator.shaded.com.google.common.base.Preconditions.checkState(Preconditions.java:444)
	at org.apache.curator.framework.imps.CuratorFrameworkImpl.getChildren(CuratorFrameworkImpl.java:456)
	at org.apache.curator.framework.recipes.cache.PathChildrenCache.refresh(PathChildrenCache.java:521)
	at org.apache.curator.framework.recipes.cache.RefreshOperation.invoke(RefreshOperation.java:35)
	at org.apache.curator.framework.recipes.cache.PathChildrenCache$9.run(PathChildrenCache.java:786)
	at java.util.concurrent.Executors$RunnableAdapter.call(Executors.java:511)
	at java.util.concurrent.FutureTask.run(FutureTask.java:266)
	at java.util.concurrent.Executors$RunnableAdapter.call(Executors.java:511)
	at java.util.concurrent.FutureTask.run(FutureTask.java:266)
	at java.util.concurrent.ThreadPoolExecutor.runWorker(ThreadPoolExecutor.java:1149)
	at java.util.concurrent.ThreadPoolExecutor$Worker.run(ThreadPoolExecutor.java:624)
	at java.lang.Thread.run(Thread.java:748)
Heap
 def new generation   total 153600K, used 13222K [0x00000000e0c00000, 0x00000000eb2a0000, 0x00000000eb2a0000)
  eden space 136576K,   9% used [0x00000000e0c00000, 0x00000000e18a1460, 0x00000000e9160000)
  from space 17024K,   1% used [0x00000000e9160000, 0x00000000e91a85e0, 0x00000000ea200000)
  to   space 17024K,   0% used [0x00000000ea200000, 0x00000000ea200000, 0x00000000eb2a0000)
 tenured generation   total 341376K, used 43536K [0x00000000eb2a0000, 0x0000000100000000, 0x0000000100000000)
   the space 341376K,  12% used [0x00000000eb2a0000, 0x00000000edd241f8, 0x00000000edd24200, 0x0000000100000000)
 Metaspace       used 36616K, capacity 37536K, committed 37632K, reserved 1081344K
  class space    used 4887K, capacity 5106K, committed 5120K, reserved 1048576K
