15:34:35,458 |-INFO in ch.qos.logback.classic.LoggerContext[default] - Could NOT find resource [logback-test.xml]
15:34:35,459 |-INFO in ch.qos.logback.classic.LoggerContext[default] - Could NOT find resource [logback.groovy]
15:34:35,459 |-INFO in ch.qos.logback.classic.LoggerContext[default] - Found resource [logback.xml] at [jar:file:/root/flamestream/lib/flamestream-runtime-1.0-SNAPSHOT.jar!/logback.xml]
15:34:35,460 |-WARN in ch.qos.logback.classic.LoggerContext[default] - Resource [logback.xml] occurs multiple times on the classpath.
15:34:35,460 |-WARN in ch.qos.logback.classic.LoggerContext[default] - Resource [logback.xml] occurs at [jar:file:/root/flamestream/lib/flamestream-runtime-1.0-SNAPSHOT.jar!/logback.xml]
15:34:35,460 |-WARN in ch.qos.logback.classic.LoggerContext[default] - Resource [logback.xml] occurs at [jar:file:/root/flamestream/flamestream-runtime-1.0-SNAPSHOT.jar!/logback.xml]
15:34:35,480 |-INFO in ch.qos.logback.core.joran.spi.ConfigurationWatchList@3fb6a447 - URL [jar:file:/root/flamestream/lib/flamestream-runtime-1.0-SNAPSHOT.jar!/logback.xml] is not of type file
15:34:35,553 |-INFO in ch.qos.logback.classic.joran.action.ConfigurationAction - debug attribute not set
15:34:35,553 |-INFO in ch.qos.logback.core.joran.action.AppenderAction - About to instantiate appender of type [ch.qos.logback.core.ConsoleAppender]
15:34:35,573 |-INFO in ch.qos.logback.core.joran.action.AppenderAction - Naming appender as [STDOUT]
15:34:35,591 |-INFO in ch.qos.logback.core.joran.action.NestedComplexPropertyIA - Assuming default type [ch.qos.logback.classic.encoder.PatternLayoutEncoder] for [encoder] property
15:34:35,670 |-INFO in ch.qos.logback.core.joran.action.AppenderAction - About to instantiate appender of type [ch.qos.logback.core.rolling.RollingFileAppender]
15:34:35,675 |-INFO in ch.qos.logback.core.joran.action.AppenderAction - Naming appender as [FILE]
15:34:35,708 |-INFO in c.q.l.core.rolling.TimeBasedRollingPolicy@127618319 - No compression will be used
15:34:35,710 |-INFO in c.q.l.core.rolling.TimeBasedRollingPolicy@127618319 - Will use the pattern /tmp/application_%d{yyyy-MM-dd}.%i.log for the active file
15:34:35,713 |-INFO in ch.qos.logback.core.rolling.SizeAndTimeBasedFNATP@6b2fad11 - The date pattern is 'yyyy-MM-dd' from file name pattern '/tmp/application_%d{yyyy-MM-dd}.%i.log'.
15:34:35,713 |-INFO in ch.qos.logback.core.rolling.SizeAndTimeBasedFNATP@6b2fad11 - Roll-over at midnight.
15:34:35,718 |-INFO in ch.qos.logback.core.rolling.SizeAndTimeBasedFNATP@6b2fad11 - Setting initial period to Mon Jun 10 15:33:13 UTC 2019
15:34:35,718 |-WARN in ch.qos.logback.core.rolling.SizeAndTimeBasedFNATP@6b2fad11 - SizeAndTimeBasedFNATP is deprecated. Use SizeAndTimeBasedRollingPolicy instead
15:34:35,718 |-WARN in ch.qos.logback.core.rolling.SizeAndTimeBasedFNATP@6b2fad11 - For more information see http://logback.qos.ch/manual/appenders.html#SizeAndTimeBasedRollingPolicy
15:34:35,722 |-INFO in ch.qos.logback.core.joran.action.NestedComplexPropertyIA - Assuming default type [ch.qos.logback.classic.encoder.PatternLayoutEncoder] for [encoder] property
15:34:35,727 |-INFO in ch.qos.logback.core.rolling.RollingFileAppender[FILE] - Active log file name: /tmp/application.log
15:34:35,727 |-INFO in ch.qos.logback.core.rolling.RollingFileAppender[FILE] - File property is set to [/tmp/application.log]
15:34:35,728 |-INFO in ch.qos.logback.classic.joran.action.RootLoggerAction - Setting level of ROOT logger to WARN
15:34:35,728 |-INFO in ch.qos.logback.core.joran.action.AppenderRefAction - Attaching appender named [STDOUT] to Logger[ROOT]
15:34:35,730 |-INFO in ch.qos.logback.core.joran.action.AppenderRefAction - Attaching appender named [FILE] to Logger[ROOT]
15:34:35,730 |-INFO in ch.qos.logback.classic.joran.action.ConfigurationAction - End of configuration.
15:34:35,731 |-INFO in ch.qos.logback.classic.joran.JoranConfigurator@79698539 - Registering current configuration as safe fallback point

Ama winner
Ama winner
2019-06-10T15:34:37.053+0000: 1.784: [Full GC (Metadata GC Threshold) 2019-06-10T15:34:37.053+0000: 1.784: [Tenured: 0K->15239K(341376K), 0.0411040 secs] 117751K->15239K(494976K), [Metaspace: 20730K->20730K(1067008K)], 0.0411720 secs] [Times: user=0.04 sys=0.01, real=0.04 secs] 
15:34:54.038 [Curator-PathChildrenCache-1] WARN  o.a.c.u.ZKPaths  - The version of ZooKeeper being used doesn't support Container nodes. CreateMode.PERSISTENT will be used instead.
2019-06-10T15:34:56.310+0000: 21.040: [GC (Allocation Failure) 2019-06-10T15:34:56.310+0000: 21.040: [DefNew: 136576K->17023K(153600K), 0.0271851 secs] 151815K->52557K(494976K), 0.0272675 secs] [Times: user=0.03 sys=0.01, real=0.03 secs] 
2019-06-10T15:34:57.203+0000: 21.933: [Full GC (Metadata GC Threshold) 2019-06-10T15:34:57.203+0000: 21.933: [Tenured: 35533K->44012K(341376K), 0.0387977 secs] 72195K->44012K(494976K), [Metaspace: 34539K->34539K(1079296K)], 0.0388776 secs] [Times: user=0.04 sys=0.00, real=0.04 secs] 
2019-06-10T15:35:03.268+0000: 27.998: [GC (Allocation Failure) 2019-06-10T15:35:03.268+0000: 27.998: [DefNew: 136576K->126K(153600K), 0.0019837 secs] 180588K->44138K(494976K), 0.0020422 secs] [Times: user=0.01 sys=0.00, real=0.01 secs] 
2019-06-10T15:35:09.590+0000: 34.320: [GC (Allocation Failure) 2019-06-10T15:35:09.590+0000: 34.320: [DefNew: 136702K->159K(153600K), 0.0018668 secs] 180714K->44172K(494976K), 0.0019302 secs] [Times: user=0.00 sys=0.00, real=0.00 secs] 
2019-06-10T15:35:15.846+0000: 40.577: [GC (Allocation Failure) 2019-06-10T15:35:15.846+0000: 40.577: [DefNew: 136735K->192K(153600K), 0.0019404 secs] 180748K->44205K(494976K), 0.0020028 secs] [Times: user=0.00 sys=0.00, real=0.00 secs] 
2019-06-10T15:35:21.911+0000: 46.641: [GC (Allocation Failure) 2019-06-10T15:35:21.911+0000: 46.641: [DefNew: 136768K->200K(153600K), 0.0019798 secs] 180781K->44213K(494976K), 0.0020481 secs] [Times: user=0.00 sys=0.00, real=0.00 secs] 
2019-06-10T15:35:28.090+0000: 52.821: [GC (Allocation Failure) 2019-06-10T15:35:28.090+0000: 52.821: [DefNew: 136776K->195K(153600K), 0.0019618 secs] 180789K->44208K(494976K), 0.0020274 secs] [Times: user=0.01 sys=0.00, real=0.00 secs] 
15:35:34.978 [Curator-PathChildrenCache-0] ERROR o.a.c.f.r.c.PathChildrenCache  - 
java.lang.IllegalStateException: instance must be started before calling this method
	at org.apache.curator.shaded.com.google.common.base.Preconditions.checkState(Preconditions.java:444)
	at org.apache.curator.framework.imps.CuratorFrameworkImpl.getChildren(CuratorFrameworkImpl.java:456)
	at org.apache.curator.framework.recipes.cache.PathChildrenCache.refresh(PathChildrenCache.java:521)
	at org.apache.curator.framework.recipes.cache.RefreshOperation.invoke(RefreshOperation.java:35)
	at org.apache.curator.framework.recipes.cache.PathChildrenCache$9.run(PathChildrenCache.java:786)
	at java.util.concurrent.Executors$RunnableAdapter.call(Executors.java:511)
	at java.util.concurrent.FutureTask.run(FutureTask.java:266)
	at java.util.concurrent.Executors$RunnableAdapter.call(Executors.java:511)
	at java.util.concurrent.FutureTask.run(FutureTask.java:266)
	at java.util.concurrent.ThreadPoolExecutor.runWorker(ThreadPoolExecutor.java:1149)
	at java.util.concurrent.ThreadPoolExecutor$Worker.run(ThreadPoolExecutor.java:624)
	at java.lang.Thread.run(Thread.java:748)
Heap
 def new generation   total 153600K, used 72394K [0x00000000e0c00000, 0x00000000eb2a0000, 0x00000000eb2a0000)
  eden space 136576K,  52% used [0x00000000e0c00000, 0x00000000e5281b78, 0x00000000e9160000)
  from space 17024K,   1% used [0x00000000e9160000, 0x00000000e9190d10, 0x00000000ea200000)
  to   space 17024K,   0% used [0x00000000ea200000, 0x00000000ea200000, 0x00000000eb2a0000)
 tenured generation   total 341376K, used 44012K [0x00000000eb2a0000, 0x0000000100000000, 0x0000000100000000)
   the space 341376K,  12% used [0x00000000eb2a0000, 0x00000000edd9b350, 0x00000000edd9b400, 0x0000000100000000)
 Metaspace       used 35869K, capacity 36812K, committed 37120K, reserved 1081344K
  class space    used 4841K, capacity 5050K, committed 5120K, reserved 1048576K
