17:35:09,180 |-INFO in ch.qos.logback.classic.LoggerContext[default] - Could NOT find resource [logback-test.xml]
17:35:09,181 |-INFO in ch.qos.logback.classic.LoggerContext[default] - Could NOT find resource [logback.groovy]
17:35:09,181 |-INFO in ch.qos.logback.classic.LoggerContext[default] - Found resource [logback.xml] at [jar:file:/root/flamestream/lib/flamestream-runtime-1.0-SNAPSHOT.jar!/logback.xml]
17:35:09,182 |-WARN in ch.qos.logback.classic.LoggerContext[default] - Resource [logback.xml] occurs multiple times on the classpath.
17:35:09,182 |-WARN in ch.qos.logback.classic.LoggerContext[default] - Resource [logback.xml] occurs at [jar:file:/root/flamestream/lib/flamestream-runtime-1.0-SNAPSHOT.jar!/logback.xml]
17:35:09,182 |-WARN in ch.qos.logback.classic.LoggerContext[default] - Resource [logback.xml] occurs at [jar:file:/root/flamestream/flamestream-runtime-1.0-SNAPSHOT.jar!/logback.xml]
17:35:09,202 |-INFO in ch.qos.logback.core.joran.spi.ConfigurationWatchList@3fb6a447 - URL [jar:file:/root/flamestream/lib/flamestream-runtime-1.0-SNAPSHOT.jar!/logback.xml] is not of type file
17:35:09,274 |-INFO in ch.qos.logback.classic.joran.action.ConfigurationAction - debug attribute not set
17:35:09,274 |-INFO in ch.qos.logback.core.joran.action.AppenderAction - About to instantiate appender of type [ch.qos.logback.core.ConsoleAppender]
17:35:09,285 |-INFO in ch.qos.logback.core.joran.action.AppenderAction - Naming appender as [STDOUT]
17:35:09,303 |-INFO in ch.qos.logback.core.joran.action.NestedComplexPropertyIA - Assuming default type [ch.qos.logback.classic.encoder.PatternLayoutEncoder] for [encoder] property
17:35:09,392 |-INFO in ch.qos.logback.core.joran.action.AppenderAction - About to instantiate appender of type [ch.qos.logback.core.rolling.RollingFileAppender]
17:35:09,397 |-INFO in ch.qos.logback.core.joran.action.AppenderAction - Naming appender as [FILE]
17:35:09,427 |-INFO in c.q.l.core.rolling.TimeBasedRollingPolicy@127618319 - No compression will be used
17:35:09,428 |-INFO in c.q.l.core.rolling.TimeBasedRollingPolicy@127618319 - Will use the pattern /tmp/application_%d{yyyy-MM-dd}.%i.log for the active file
17:35:09,431 |-INFO in ch.qos.logback.core.rolling.SizeAndTimeBasedFNATP@6b2fad11 - The date pattern is 'yyyy-MM-dd' from file name pattern '/tmp/application_%d{yyyy-MM-dd}.%i.log'.
17:35:09,431 |-INFO in ch.qos.logback.core.rolling.SizeAndTimeBasedFNATP@6b2fad11 - Roll-over at midnight.
17:35:09,436 |-INFO in ch.qos.logback.core.rolling.SizeAndTimeBasedFNATP@6b2fad11 - Setting initial period to Mon Jun 10 17:33:40 UTC 2019
17:35:09,436 |-WARN in ch.qos.logback.core.rolling.SizeAndTimeBasedFNATP@6b2fad11 - SizeAndTimeBasedFNATP is deprecated. Use SizeAndTimeBasedRollingPolicy instead
17:35:09,436 |-WARN in ch.qos.logback.core.rolling.SizeAndTimeBasedFNATP@6b2fad11 - For more information see http://logback.qos.ch/manual/appenders.html#SizeAndTimeBasedRollingPolicy
17:35:09,440 |-INFO in ch.qos.logback.core.joran.action.NestedComplexPropertyIA - Assuming default type [ch.qos.logback.classic.encoder.PatternLayoutEncoder] for [encoder] property
17:35:09,445 |-INFO in ch.qos.logback.core.rolling.RollingFileAppender[FILE] - Active log file name: /tmp/application.log
17:35:09,445 |-INFO in ch.qos.logback.core.rolling.RollingFileAppender[FILE] - File property is set to [/tmp/application.log]
17:35:09,446 |-INFO in ch.qos.logback.classic.joran.action.RootLoggerAction - Setting level of ROOT logger to WARN
17:35:09,446 |-INFO in ch.qos.logback.core.joran.action.AppenderRefAction - Attaching appender named [STDOUT] to Logger[ROOT]
17:35:09,448 |-INFO in ch.qos.logback.core.joran.action.AppenderRefAction - Attaching appender named [FILE] to Logger[ROOT]
17:35:09,448 |-INFO in ch.qos.logback.classic.joran.action.ConfigurationAction - End of configuration.
17:35:09,448 |-INFO in ch.qos.logback.classic.joran.JoranConfigurator@79698539 - Registering current configuration as safe fallback point

Ama winner
Ama winner
2019-06-10T17:35:10.733+0000: 1.737: [Full GC (Metadata GC Threshold) 2019-06-10T17:35:10.733+0000: 1.737: [Tenured: 0K->15177K(341376K), 0.0403896 secs] 114923K->15177K(494976K), [Metaspace: 20732K->20732K(1067008K)], 0.0404583 secs] [Times: user=0.04 sys=0.00, real=0.04 secs] 
17:35:24.775 [Curator-PathChildrenCache-1] WARN  o.a.c.u.ZKPaths  - The version of ZooKeeper being used doesn't support Container nodes. CreateMode.PERSISTENT will be used instead.
2019-06-10T17:35:27.038+0000: 18.042: [GC (Allocation Failure) 2019-06-10T17:35:27.039+0000: 18.042: [DefNew: 136576K->17023K(153600K), 0.0273706 secs] 151753K->52571K(494976K), 0.0274570 secs] [Times: user=0.02 sys=0.01, real=0.03 secs] 
2019-06-10T17:35:30.352+0000: 21.356: [Full GC (Metadata GC Threshold) 2019-06-10T17:35:30.352+0000: 21.356: [Tenured: 35547K->44226K(341376K), 0.0794994 secs] 117541K->44226K(494976K), [Metaspace: 34576K->34576K(1079296K)], 0.0795697 secs] [Times: user=0.08 sys=0.00, real=0.08 secs] 
2019-06-10T17:35:37.437+0000: 28.441: [GC (Allocation Failure) 2019-06-10T17:35:37.437+0000: 28.441: [DefNew: 136576K->81K(153600K), 0.0018823 secs] 180802K->44308K(494976K), 0.0019354 secs] [Times: user=0.00 sys=0.00, real=0.01 secs] 
2019-06-10T17:35:44.330+0000: 35.334: [GC (Allocation Failure) 2019-06-10T17:35:44.330+0000: 35.334: [DefNew: 136657K->75K(153600K), 0.0017624 secs] 180884K->44302K(494976K), 0.0018233 secs] [Times: user=0.00 sys=0.00, real=0.00 secs] 
2019-06-10T17:35:51.321+0000: 42.324: [GC (Allocation Failure) 2019-06-10T17:35:51.321+0000: 42.324: [DefNew: 136651K->74K(153600K), 0.0017214 secs] 180878K->44300K(494976K), 0.0017961 secs] [Times: user=0.00 sys=0.00, real=0.00 secs] 
2019-06-10T17:35:58.368+0000: 49.371: [GC (Allocation Failure) 2019-06-10T17:35:58.368+0000: 49.372: [DefNew: 136650K->76K(153600K), 0.0017152 secs] 180876K->44303K(494976K), 0.0017709 secs] [Times: user=0.00 sys=0.00, real=0.00 secs] 
2019-06-10T17:36:05.439+0000: 56.442: [GC (Allocation Failure) 2019-06-10T17:36:05.439+0000: 56.442: [DefNew: 136652K->77K(153600K), 0.0018143 secs] 180879K->44304K(494976K), 0.0018814 secs] [Times: user=0.00 sys=0.00, real=0.00 secs] 
17:36:14.348 [Curator-PathChildrenCache-0] ERROR o.a.c.f.r.c.PathChildrenCache  - 
java.lang.IllegalStateException: instance must be started before calling this method
	at org.apache.curator.shaded.com.google.common.base.Preconditions.checkState(Preconditions.java:444)
	at org.apache.curator.framework.imps.CuratorFrameworkImpl.getChildren(CuratorFrameworkImpl.java:456)
	at org.apache.curator.framework.recipes.cache.PathChildrenCache.refresh(PathChildrenCache.java:521)
	at org.apache.curator.framework.recipes.cache.RefreshOperation.invoke(RefreshOperation.java:35)
	at org.apache.curator.framework.recipes.cache.PathChildrenCache$9.run(PathChildrenCache.java:786)
	at java.util.concurrent.Executors$RunnableAdapter.call(Executors.java:511)
	at java.util.concurrent.FutureTask.run(FutureTask.java:266)
	at java.util.concurrent.Executors$RunnableAdapter.call(Executors.java:511)
	at java.util.concurrent.FutureTask.run(FutureTask.java:266)
	at java.util.concurrent.ThreadPoolExecutor.runWorker(ThreadPoolExecutor.java:1149)
	at java.util.concurrent.ThreadPoolExecutor$Worker.run(ThreadPoolExecutor.java:624)
	at java.lang.Thread.run(Thread.java:748)
Heap
 def new generation   total 153600K, used 97686K [0x00000000e0c00000, 0x00000000eb2a0000, 0x00000000eb2a0000)
  eden space 136576K,  71% used [0x00000000e0c00000, 0x00000000e6b52598, 0x00000000e9160000)
  from space 17024K,   0% used [0x00000000e9160000, 0x00000000e9173610, 0x00000000ea200000)
  to   space 17024K,   0% used [0x00000000ea200000, 0x00000000ea200000, 0x00000000eb2a0000)
 tenured generation   total 341376K, used 44226K [0x00000000eb2a0000, 0x0000000100000000, 0x0000000100000000)
   the space 341376K,  12% used [0x00000000eb2a0000, 0x00000000eddd0b98, 0x00000000eddd0c00, 0x0000000100000000)
 Metaspace       used 36206K, capacity 37068K, committed 37376K, reserved 1081344K
  class space    used 4857K, capacity 5076K, committed 5120K, reserved 1048576K
