12:59:25,925 |-INFO in ch.qos.logback.classic.LoggerContext[default] - Could NOT find resource [logback-test.xml]
12:59:25,926 |-INFO in ch.qos.logback.classic.LoggerContext[default] - Could NOT find resource [logback.groovy]
12:59:25,926 |-INFO in ch.qos.logback.classic.LoggerContext[default] - Found resource [logback.xml] at [jar:file:/root/flamestream/lib/flamestream-runtime-1.0-SNAPSHOT.jar!/logback.xml]
12:59:25,927 |-WARN in ch.qos.logback.classic.LoggerContext[default] - Resource [logback.xml] occurs multiple times on the classpath.
12:59:25,927 |-WARN in ch.qos.logback.classic.LoggerContext[default] - Resource [logback.xml] occurs at [jar:file:/root/flamestream/lib/flamestream-runtime-1.0-SNAPSHOT.jar!/logback.xml]
12:59:25,927 |-WARN in ch.qos.logback.classic.LoggerContext[default] - Resource [logback.xml] occurs at [jar:file:/root/flamestream/flamestream-runtime-1.0-SNAPSHOT.jar!/logback.xml]
12:59:25,947 |-INFO in ch.qos.logback.core.joran.spi.ConfigurationWatchList@3fb6a447 - URL [jar:file:/root/flamestream/lib/flamestream-runtime-1.0-SNAPSHOT.jar!/logback.xml] is not of type file
12:59:26,013 |-INFO in ch.qos.logback.classic.joran.action.ConfigurationAction - debug attribute not set
12:59:26,014 |-INFO in ch.qos.logback.core.joran.action.AppenderAction - About to instantiate appender of type [ch.qos.logback.core.ConsoleAppender]
12:59:26,030 |-INFO in ch.qos.logback.core.joran.action.AppenderAction - Naming appender as [STDOUT]
12:59:26,050 |-INFO in ch.qos.logback.core.joran.action.NestedComplexPropertyIA - Assuming default type [ch.qos.logback.classic.encoder.PatternLayoutEncoder] for [encoder] property
12:59:26,149 |-INFO in ch.qos.logback.core.joran.action.AppenderAction - About to instantiate appender of type [ch.qos.logback.core.rolling.RollingFileAppender]
12:59:26,157 |-INFO in ch.qos.logback.core.joran.action.AppenderAction - Naming appender as [FILE]
12:59:26,185 |-INFO in c.q.l.core.rolling.TimeBasedRollingPolicy@127618319 - No compression will be used
12:59:26,186 |-INFO in c.q.l.core.rolling.TimeBasedRollingPolicy@127618319 - Will use the pattern /tmp/application_%d{yyyy-MM-dd}.%i.log for the active file
12:59:26,189 |-INFO in ch.qos.logback.core.rolling.SizeAndTimeBasedFNATP@6b2fad11 - The date pattern is 'yyyy-MM-dd' from file name pattern '/tmp/application_%d{yyyy-MM-dd}.%i.log'.
12:59:26,189 |-INFO in ch.qos.logback.core.rolling.SizeAndTimeBasedFNATP@6b2fad11 - Roll-over at midnight.
12:59:26,194 |-INFO in ch.qos.logback.core.rolling.SizeAndTimeBasedFNATP@6b2fad11 - Setting initial period to Mon Jun 10 12:54:59 UTC 2019
12:59:26,194 |-WARN in ch.qos.logback.core.rolling.SizeAndTimeBasedFNATP@6b2fad11 - SizeAndTimeBasedFNATP is deprecated. Use SizeAndTimeBasedRollingPolicy instead
12:59:26,194 |-WARN in ch.qos.logback.core.rolling.SizeAndTimeBasedFNATP@6b2fad11 - For more information see http://logback.qos.ch/manual/appenders.html#SizeAndTimeBasedRollingPolicy
12:59:26,199 |-INFO in ch.qos.logback.core.joran.action.NestedComplexPropertyIA - Assuming default type [ch.qos.logback.classic.encoder.PatternLayoutEncoder] for [encoder] property
12:59:26,204 |-INFO in ch.qos.logback.core.rolling.RollingFileAppender[FILE] - Active log file name: /tmp/application.log
12:59:26,204 |-INFO in ch.qos.logback.core.rolling.RollingFileAppender[FILE] - File property is set to [/tmp/application.log]
12:59:26,205 |-INFO in ch.qos.logback.classic.joran.action.RootLoggerAction - Setting level of ROOT logger to WARN
12:59:26,205 |-INFO in ch.qos.logback.core.joran.action.AppenderRefAction - Attaching appender named [STDOUT] to Logger[ROOT]
12:59:26,207 |-INFO in ch.qos.logback.core.joran.action.AppenderRefAction - Attaching appender named [FILE] to Logger[ROOT]
12:59:26,207 |-INFO in ch.qos.logback.classic.joran.action.ConfigurationAction - End of configuration.
12:59:26,207 |-INFO in ch.qos.logback.classic.joran.JoranConfigurator@79698539 - Registering current configuration as safe fallback point

Ama winner
Ama winner
2019-06-10T12:59:27.459+0000: 1.718: [Full GC (Metadata GC Threshold) 2019-06-10T12:59:27.459+0000: 1.718: [Tenured: 0K->15145K(341376K), 0.0385713 secs] 114987K->15145K(494976K), [Metaspace: 20737K->20737K(1067008K)], 0.0386364 secs] [Times: user=0.03 sys=0.01, real=0.04 secs] 
12:59:46.676 [Curator-PathChildrenCache-1] WARN  o.a.c.u.ZKPaths  - The version of ZooKeeper being used doesn't support Container nodes. CreateMode.PERSISTENT will be used instead.
2019-06-10T12:59:48.959+0000: 23.217: [GC (Allocation Failure) 2019-06-10T12:59:48.959+0000: 23.217: [DefNew: 136576K->17023K(153600K), 0.0252974 secs] 151721K->52749K(494976K), 0.0253651 secs] [Times: user=0.01 sys=0.02, real=0.02 secs] 
2019-06-10T12:59:50.294+0000: 24.552: [Full GC (Metadata GC Threshold) 2019-06-10T12:59:50.294+0000: 24.552: [Tenured: 35725K->44529K(341376K), 0.0365365 secs] 76477K->44529K(494976K), [Metaspace: 34581K->34581K(1079296K)], 0.0366079 secs] [Times: user=0.03 sys=0.00, real=0.04 secs] 
2019-06-10T13:00:00.211+0000: 34.469: [GC (Allocation Failure) 2019-06-10T13:00:00.211+0000: 34.469: [DefNew: 136576K->68K(153600K), 0.0018151 secs] 181105K->44598K(494976K), 0.0018708 secs] [Times: user=0.00 sys=0.00, real=0.00 secs] 
2019-06-10T13:00:10.365+0000: 44.623: [GC (Allocation Failure) 2019-06-10T13:00:10.365+0000: 44.624: [DefNew: 136644K->70K(153600K), 0.0017828 secs] 181174K->44600K(494976K), 0.0018412 secs] [Times: user=0.00 sys=0.00, real=0.01 secs] 
2019-06-10T13:00:20.605+0000: 54.863: [GC (Allocation Failure) 2019-06-10T13:00:20.605+0000: 54.863: [DefNew: 136646K->71K(153600K), 0.0016840 secs] 181176K->44601K(494976K), 0.0017447 secs] [Times: user=0.00 sys=0.00, real=0.00 secs] 
2019-06-10T13:00:31.148+0000: 65.407: [GC (Allocation Failure) 2019-06-10T13:00:31.148+0000: 65.407: [DefNew: 136647K->403K(153600K), 0.0023896 secs] 181177K->44932K(494976K), 0.0024695 secs] [Times: user=0.00 sys=0.00, real=0.00 secs] 
2019-06-10T13:00:43.810+0000: 78.068: [GC (Allocation Failure) 2019-06-10T13:00:43.810+0000: 78.068: [DefNew: 136979K->166K(153600K), 0.0020714 secs] 181508K->44696K(494976K), 0.0021352 secs] [Times: user=0.00 sys=0.00, real=0.00 secs] 
2019-06-10T13:00:56.392+0000: 90.651: [GC (Allocation Failure) 2019-06-10T13:00:56.392+0000: 90.651: [DefNew: 136742K->170K(153600K), 0.0020508 secs] 181272K->44699K(494976K), 0.0021120 secs] [Times: user=0.00 sys=0.00, real=0.00 secs] 
2019-06-10T13:01:17.312+0000: 111.571: [GC (Allocation Failure) 2019-06-10T13:01:17.312+0000: 111.571: [DefNew: 136746K->162K(153600K), 0.0020446 secs] 181275K->44692K(494976K), 0.0021196 secs] [Times: user=0.01 sys=0.00, real=0.00 secs] 
13:01:19.459 [Curator-PathChildrenCache-0] ERROR o.a.c.f.r.c.PathChildrenCache  - 
java.lang.IllegalStateException: instance must be started before calling this method
	at org.apache.curator.shaded.com.google.common.base.Preconditions.checkState(Preconditions.java:444)
	at org.apache.curator.framework.imps.CuratorFrameworkImpl.getChildren(CuratorFrameworkImpl.java:456)
	at org.apache.curator.framework.recipes.cache.PathChildrenCache.refresh(PathChildrenCache.java:521)
	at org.apache.curator.framework.recipes.cache.RefreshOperation.invoke(RefreshOperation.java:35)
	at org.apache.curator.framework.recipes.cache.PathChildrenCache$9.run(PathChildrenCache.java:786)
	at java.util.concurrent.Executors$RunnableAdapter.call(Executors.java:511)
	at java.util.concurrent.FutureTask.run(FutureTask.java:266)
	at java.util.concurrent.Executors$RunnableAdapter.call(Executors.java:511)
	at java.util.concurrent.FutureTask.run(FutureTask.java:266)
	at java.util.concurrent.ThreadPoolExecutor.runWorker(ThreadPoolExecutor.java:1149)
	at java.util.concurrent.ThreadPoolExecutor$Worker.run(ThreadPoolExecutor.java:624)
	at java.lang.Thread.run(Thread.java:748)
Heap
 def new generation   total 153600K, used 32802K [0x00000000e0c00000, 0x00000000eb2a0000, 0x00000000eb2a0000)
  eden space 136576K,  23% used [0x00000000e0c00000, 0x00000000e2bdfeb0, 0x00000000e9160000)
  from space 17024K,   0% used [0x00000000e9160000, 0x00000000e9188ab8, 0x00000000ea200000)
  to   space 17024K,   0% used [0x00000000ea200000, 0x00000000ea200000, 0x00000000eb2a0000)
 tenured generation   total 341376K, used 44529K [0x00000000eb2a0000, 0x0000000100000000, 0x0000000100000000)
   the space 341376K,  13% used [0x00000000eb2a0000, 0x00000000ede1c740, 0x00000000ede1c800, 0x0000000100000000)
 Metaspace       used 36294K, capacity 37190K, committed 37376K, reserved 1081344K
  class space    used 4873K, capacity 5075K, committed 5120K, reserved 1048576K
