12:27:21,651 |-INFO in ch.qos.logback.classic.LoggerContext[default] - Could NOT find resource [logback-test.xml]
12:27:21,651 |-INFO in ch.qos.logback.classic.LoggerContext[default] - Could NOT find resource [logback.groovy]
12:27:21,652 |-INFO in ch.qos.logback.classic.LoggerContext[default] - Found resource [logback.xml] at [jar:file:/home/ubuntu/flamestream/lib/flamestream-runtime-1.0-SNAPSHOT.jar!/logback.xml]
12:27:21,652 |-WARN in ch.qos.logback.classic.LoggerContext[default] - Resource [logback.xml] occurs multiple times on the classpath.
12:27:21,652 |-WARN in ch.qos.logback.classic.LoggerContext[default] - Resource [logback.xml] occurs at [jar:file:/home/ubuntu/flamestream/flamestream-runtime-1.0-SNAPSHOT.jar!/logback.xml]
12:27:21,652 |-WARN in ch.qos.logback.classic.LoggerContext[default] - Resource [logback.xml] occurs at [jar:file:/home/ubuntu/flamestream/lib/flamestream-runtime-1.0-SNAPSHOT.jar!/logback.xml]
12:27:21,668 |-INFO in ch.qos.logback.core.joran.spi.ConfigurationWatchList@4678c730 - URL [jar:file:/home/ubuntu/flamestream/lib/flamestream-runtime-1.0-SNAPSHOT.jar!/logback.xml] is not of type file
12:27:21,731 |-INFO in ch.qos.logback.classic.joran.action.ConfigurationAction - debug attribute not set
12:27:21,736 |-INFO in ch.qos.logback.core.joran.action.AppenderAction - About to instantiate appender of type [ch.qos.logback.core.ConsoleAppender]
12:27:21,747 |-INFO in ch.qos.logback.core.joran.action.AppenderAction - Naming appender as [STDOUT]
12:27:21,764 |-INFO in ch.qos.logback.core.joran.action.NestedComplexPropertyIA - Assuming default type [ch.qos.logback.classic.encoder.PatternLayoutEncoder] for [encoder] property
12:27:21,859 |-INFO in ch.qos.logback.core.joran.action.AppenderAction - About to instantiate appender of type [ch.qos.logback.core.rolling.RollingFileAppender]
12:27:21,868 |-INFO in ch.qos.logback.core.joran.action.AppenderAction - Naming appender as [FILE]
12:27:21,906 |-INFO in c.q.l.core.rolling.TimeBasedRollingPolicy@1734853116 - No compression will be used
12:27:21,907 |-INFO in c.q.l.core.rolling.TimeBasedRollingPolicy@1734853116 - Will use the pattern /tmp/application_%d{yyyy-MM-dd}.%i.log for the active file
12:27:21,916 |-INFO in ch.qos.logback.core.rolling.SizeAndTimeBasedFNATP@29ee9faa - The date pattern is 'yyyy-MM-dd' from file name pattern '/tmp/application_%d{yyyy-MM-dd}.%i.log'.
12:27:21,916 |-INFO in ch.qos.logback.core.rolling.SizeAndTimeBasedFNATP@29ee9faa - Roll-over at midnight.
12:27:21,919 |-INFO in ch.qos.logback.core.rolling.SizeAndTimeBasedFNATP@29ee9faa - Setting initial period to Thu Oct 10 12:26:53 UTC 2019
12:27:21,919 |-WARN in ch.qos.logback.core.rolling.SizeAndTimeBasedFNATP@29ee9faa - SizeAndTimeBasedFNATP is deprecated. Use SizeAndTimeBasedRollingPolicy instead
12:27:21,919 |-WARN in ch.qos.logback.core.rolling.SizeAndTimeBasedFNATP@29ee9faa - For more information see http://logback.qos.ch/manual/appenders.html#SizeAndTimeBasedRollingPolicy
12:27:21,927 |-INFO in ch.qos.logback.core.joran.action.NestedComplexPropertyIA - Assuming default type [ch.qos.logback.classic.encoder.PatternLayoutEncoder] for [encoder] property
12:27:21,935 |-INFO in ch.qos.logback.core.rolling.RollingFileAppender[FILE] - Active log file name: /tmp/application.log
12:27:21,936 |-INFO in ch.qos.logback.core.rolling.RollingFileAppender[FILE] - File property is set to [/tmp/application.log]
12:27:21,937 |-INFO in ch.qos.logback.classic.joran.action.RootLoggerAction - Setting level of ROOT logger to INFO
12:27:21,937 |-INFO in ch.qos.logback.core.joran.action.AppenderRefAction - Attaching appender named [STDOUT] to Logger[ROOT]
12:27:21,937 |-INFO in ch.qos.logback.core.joran.action.AppenderRefAction - Attaching appender named [FILE] to Logger[ROOT]
12:27:21,937 |-INFO in ch.qos.logback.classic.joran.action.ConfigurationAction - End of configuration.
12:27:21,938 |-INFO in ch.qos.logback.classic.joran.JoranConfigurator@c038203 - Registering current configuration as safe fallback point

12:27:21.946 [main] INFO  c.s.f.r.WorkerApplication  - Starting worker with workerConfig 'WorkerConfig{id='flamestream-benchmarks-worker-1', localAddress=flamestream-benchmarks-worker-1/10.0.0.16:5412, zkString='flamestream-benchmarks-manager:12181', snapshotPath='/home/ubuntu/flamestream/data', guarantees=AT_MOST_ONCE}'
12:27:23.385 [worker-akka.actor.default-dispatcher-6] INFO  a.e.s.Slf4jLogger  - Slf4jLogger started
2019-10-10T12:27:23.551+0000: 2.244: [Full GC (Metadata GC Threshold) 2019-10-10T12:27:23.551+0000: 2.244: [Tenured: 0K->13624K(1024000K), 0.0496293 secs] 139464K->13624K(1484800K), [Metaspace: 20219K->20219K(1067008K)], 0.0497159 secs] [Times: user=0.05 sys=0.00, real=0.05 secs] 
12:27:23.699 [worker-akka.actor.default-dispatcher-6] WARN  a.r.RemoteActorRefProvider akka.remote.RemoteActorRefProvider - Using the 'remote' ActorRefProvider directly, which is a low-level layer. For most use cases, the 'cluster' abstraction on top of remoting is more suitable instead.
12:27:23.704 [worker-akka.actor.default-dispatcher-6] WARN  a.r.RemoteActorRefProvider akka.remote.RemoteActorRefProvider - Akka Cluster not in use - Using Akka Cluster is recommended if you need remote watch and deploy.
12:27:23.824 [worker-akka.actor.default-dispatcher-6] INFO  a.r.a.a.ArteryAeronUdpTransport(akka://worker) akka.remote.artery.aeron.ArteryAeronUdpTransport(akka://worker) - Started embedded media driver in directory [/dev/shm/aeron-flamestream-benchmarks-worker-1]
12:27:23.855 [worker-akka.actor.default-dispatcher-6] WARN  a.r.a.a.ArteryAeronUdpTransport(akka://worker) akka.remote.artery.aeron.ArteryAeronUdpTransport(akka://worker) - Aeron CnC version mismatch: compiled version = 15, file version = 16
12:27:24.135 [worker-akka.actor.default-dispatcher-6] INFO  a.r.a.a.ArteryAeronUdpTransport(akka://worker) akka.remote.artery.aeron.ArteryAeronUdpTransport(akka://worker) - Remoting started with transport [Artery aeron-udp]; listening on address [akka://worker@flamestream-benchmarks-worker-1:5412] and bound to [akka://worker@0.0.0.0:5412] with UID [2164622050406865559]
12:27:24.743 [worker-akka.actor.default-dispatcher-6] WARN  a.s.Serialization(akka://worker) akka.serialization.Serialization(akka://worker) - Using serializer [com.romix.akka.serialization.kryo.KryoSerializer] for message [akka.actor.ActorSelectionMessage]. Note that this serializer is not implemented by Akka. It's not recommended to replace serializers for messages provided by Akka.
12:27:24.745 [worker-akka.actor.default-dispatcher-6] WARN  a.s.Serialization(akka://worker) akka.serialization.Serialization(akka://worker) - Using serializer [com.romix.akka.serialization.kryo.KryoSerializer] for message [akka.actor.ActorIdentity]. Note that this serializer is not implemented by Akka. It's not recommended to replace serializers for messages provided by Akka.
12:27:24.799 [worker-akka.actor.default-dispatcher-9] INFO  a.a.RepointableActorRef akka://worker/user/watcher - Starting...
12:27:24.932 [worker-akka.actor.default-dispatcher-6] INFO  o.a.c.u.Compatibility  - Running in ZooKeeper 3.4.x compatibility mode
12:27:24.991 [worker-akka.actor.default-dispatcher-6] INFO  o.a.c.f.i.CuratorFrameworkImpl  - Starting
12:27:25.014 [worker-akka.actor.default-dispatcher-6] INFO  o.a.z.ZooKeeper  - Client environment:zookeeper.version=3.4.14-4c25d480e66aadd371de8bd2fd8da255ac140bcf, built on 03/06/2019 16:18 GMT
12:27:25.016 [worker-akka.actor.default-dispatcher-6] INFO  o.a.z.ZooKeeper  - Client environment:host.name=flamestream-benchmarks-worker-1
12:27:25.016 [worker-akka.actor.default-dispatcher-6] INFO  o.a.z.ZooKeeper  - Client environment:java.version=1.8.0_222
12:27:25.017 [worker-akka.actor.default-dispatcher-6] INFO  o.a.z.ZooKeeper  - Client environment:java.vendor=Private Build
12:27:25.018 [worker-akka.actor.default-dispatcher-6] INFO  o.a.z.ZooKeeper  - Client environment:java.home=/usr/lib/jvm/java-8-openjdk-amd64/jre
12:27:25.020 [worker-akka.actor.default-dispatcher-6] INFO  o.a.z.ZooKeeper  - Client environment:java.class.path=lib/curator-framework-4.0.1.jar:lib/commons-csv-1.4.jar:lib/aeron-client-1.21.2.jar:lib/scala-library-2.12.9.jar:lib/asm-5.0.4.jar:lib/agrona-1.0.1.jar:lib/curator-recipes-4.0.1.jar:lib/akka-testkit_2.12-2.6.0-M6.jar:lib/flamestream-runtime-1.0-SNAPSHOT.jar:lib/slf4j-simple-2.0.0-alpha1.jar:lib/jsr305-3.0.2.jar:lib/trove4j-3.0.3.jar:lib/flamestream-core-1.0-SNAPSHOT.jar:lib/commons-io-2.4.jar:lib/minlog-1.3.0.jar:lib/kryonet-2.21.jar:lib/commons-1.4.9.jar:lib/jline-0.9.94.jar:lib/akka-remote_2.12-2.6.0-M6.jar:lib/leveldbjni-all-1.8.jar:lib/lz4-1.3.0.jar:lib/slf4j-api-1.7.24.jar:lib/scala-parser-combinators_2.12-1.1.2.jar:lib/flamestream-core-1.0-SNAPSHOT-tests.jar:lib/logback-core-1.2.3.jar:lib/netty-3.10.6.Final.jar:lib/protobuf-java-3.9.0.jar:lib/minlog-1.2.jar:lib/leveldb-api-0.7.jar:lib/jool-0.9.12.jar:lib/commons-cli-1.4.jar:lib/jblas-1.2.4.jar:lib/reflectasm-1.11.3.jar:lib/reflectasm-1.07-shaded.jar:lib/audience-annotations-0.5.0.jar:lib/jackson-annotations-2.9.6.jar:lib/commons-lang-2.6.jar:lib/ssl-config-core_2.12-0.3.8.jar:lib/annotations-13.0.jar:lib/logback-classic-1.2.3.jar:lib/guava-21.0.jar:lib/reactive-streams-1.0.2.jar:lib/spotbugs-annotations-3.1.9.jar:lib/leveldb-0.7.jar:lib/commons-pool2-2.4.2.jar:lib/rocksdbjni-5.5.1.jar:lib/jackson-core-2.9.9.jar:lib/jackson-databind-2.9.9.2.jar:lib/akka-protobuf-v3_2.12-2.6.0-M6.jar:lib/jackson-annotations-2.9.0.jar:lib/flamestream-examples-1.0-SNAPSHOT.jar:lib/objenesis-2.1.jar:lib/akka-kryo-serialization_2.12-0.5.2.jar:lib/scala-java8-compat_2.12-0.8.0.jar:lib/zookeeper-3.4.14.jar:lib/akka-slf4j_2.12-2.6.0-M6.jar:lib/kryo-4.0.0.jar:lib/akka-stream_2.12-2.6.0-M6.jar:lib/aeron-driver-1.21.2.jar:lib/config-1.3.1.jar:lib/annotations-12.0.jar:lib/jedis-2.9.0.jar:lib/jcommander-1.48.jar:lib/testng-6.10.jar:lib/akka-actor_2.12-2.6.0-M6.jar:lib/curator-client-4.0.1.jar:flamestream-runtime-1.0-SNAPSHOT.jar
12:27:25.023 [worker-akka.actor.default-dispatcher-6] INFO  o.a.z.ZooKeeper  - Client environment:java.library.path=/usr/java/packages/lib/amd64:/usr/lib/x86_64-linux-gnu/jni:/lib/x86_64-linux-gnu:/usr/lib/x86_64-linux-gnu:/usr/lib/jni:/lib:/usr/lib
12:27:25.023 [worker-akka.actor.default-dispatcher-6] INFO  o.a.z.ZooKeeper  - Client environment:java.io.tmpdir=/tmp
12:27:25.024 [worker-akka.actor.default-dispatcher-6] INFO  o.a.z.ZooKeeper  - Client environment:java.compiler=<NA>
12:27:25.024 [worker-akka.actor.default-dispatcher-6] INFO  o.a.z.ZooKeeper  - Client environment:os.name=Linux
12:27:25.024 [worker-akka.actor.default-dispatcher-6] INFO  o.a.z.ZooKeeper  - Client environment:os.arch=amd64
12:27:25.024 [worker-akka.actor.default-dispatcher-6] INFO  o.a.z.ZooKeeper  - Client environment:os.version=4.15.0-1040-gcp
12:27:25.025 [worker-akka.actor.default-dispatcher-6] INFO  o.a.z.ZooKeeper  - Client environment:user.name=ubuntu
12:27:25.025 [worker-akka.actor.default-dispatcher-6] INFO  o.a.z.ZooKeeper  - Client environment:user.home=/home/ubuntu
12:27:25.025 [worker-akka.actor.default-dispatcher-6] INFO  o.a.z.ZooKeeper  - Client environment:user.dir=/home/ubuntu/flamestream
12:27:25.029 [worker-akka.actor.default-dispatcher-6] INFO  o.a.z.ZooKeeper  - Initiating client connection, connectString=flamestream-benchmarks-manager:12181 sessionTimeout=60000 watcher=org.apache.curator.ConnectionState@652f61e2
12:27:25.082 [worker-akka.actor.default-dispatcher-6-SendThread(flamestream-benchmarks-manager:12181)] INFO  o.a.z.ClientCnxn  - Opening socket connection to server flamestream-benchmarks-manager/10.0.0.21:12181. Will not attempt to authenticate using SASL (unknown error)
12:27:25.084 [worker-akka.actor.default-dispatcher-6] INFO  o.a.c.f.i.CuratorFrameworkImpl  - Default schema
12:27:25.090 [worker-akka.actor.default-dispatcher-6-SendThread(flamestream-benchmarks-manager:12181)] INFO  o.a.z.ClientCnxn  - Socket connection established to flamestream-benchmarks-manager/10.0.0.21:12181, initiating session
12:27:25.130 [worker-akka.actor.default-dispatcher-6-SendThread(flamestream-benchmarks-manager:12181)] INFO  o.a.z.ClientCnxn  - Session establishment complete on server flamestream-benchmarks-manager/10.0.0.21:12181, sessionid = 0x100005c675e0000, negotiated timeout = 60000
12:27:25.140 [worker-akka.actor.default-dispatcher-6-EventThread] INFO  o.a.c.f.s.ConnectionStateManager  - State change: CONNECTED
12:27:25.143 [worker-akka.actor.default-dispatcher-9] INFO  a.a.RepointableActorRef akka://worker/user/watcher - Initializing rocksDB backend
12:27:25.671 [Curator-PathChildrenCache-0] WARN  o.a.c.u.ZKPaths  - The version of ZooKeeper being used doesn't support Container nodes. CreateMode.PERSISTENT will be used instead.
2019-10-10T12:27:25.863+0000: 4.557: [Full GC (Metadata GC Threshold) 2019-10-10T12:27:25.863+0000: 4.557: [Tenured: 13624K->25933K(1024000K), 0.1128561 secs] 161114K->25933K(1484800K), [Metaspace: 33686K->33686K(1079296K)], 0.1129832 secs] [Times: user=0.06 sys=0.01, real=0.12 secs] 
12:27:26.058 [worker-akka.actor.default-dispatcher-6] INFO  a.a.LocalActorRef akka://worker/user/watcher/processing-watcher - Starting...
12:27:34.032 [worker-akka.actor.default-dispatcher-10] INFO  a.a.LocalActorRef akka://worker/user/watcher/processing-watcher/$a - Starting...
12:27:34.070 [worker-akka.actor.default-dispatcher-10] INFO  a.a.LocalActorRef akka://worker/user/watcher/processing-watcher/$a - Stopped
12:27:35.641 [worker-akka.actor.default-dispatcher-9] INFO  a.a.LocalActorRef akka://worker/user/watcher/processing-watcher/graph/graph - Starting...
12:27:36.698 [worker-akka.actor.default-dispatcher-10] INFO  a.a.LocalActorRef akka://worker/user/watcher/processing-watcher/graph/graph - Finishing constructor
12:27:36.699 [worker-akka.actor.default-dispatcher-10] INFO  a.a.LocalActorRef akka://worker/user/watcher/processing-watcher/graph/negotiator - Starting...
12:27:36.699 [worker-akka.actor.default-dispatcher-10] INFO  a.a.LocalActorRef akka://worker/user/watcher/processing-watcher/graph/edge - Starting...
12:27:36.705 [worker-akka.actor.default-dispatcher-9] INFO  a.a.LocalActorRef akka://worker/user/watcher/processing-watcher/graph - Starting FlameNode with config 'ClusterConfig{paths={flamestream-benchmarks-worker-1=akka://worker@flamestream-benchmarks-worker-1:5412/user/watcher/processing-watcher/graph, flamestream-benchmarks-worker-0=akka://worker@flamestream-benchmarks-worker-0:5412/user/watcher/processing-watcher/graph, flamestream-benchmarks-worker-9=akka://worker@flamestream-benchmarks-worker-9:5412/user/watcher/processing-watcher/graph, flamestream-benchmarks-worker-8=akka://worker@flamestream-benchmarks-worker-8:5412/user/watcher/processing-watcher/graph, flamestream-benchmarks-worker-7=akka://worker@flamestream-benchmarks-worker-7:5412/user/watcher/processing-watcher/graph, flamestream-benchmarks-worker-6=akka://worker@flamestream-benchmarks-worker-6:5412/user/watcher/processing-watcher/graph, flamestream-benchmarks-worker-5=akka://worker@flamestream-benchmarks-worker-5:5412/user/watcher/processing-watcher/graph, flamestream-benchmarks-worker-4=akka://worker@flamestream-benchmarks-worker-4:5412/user/watcher/processing-watcher/graph, flamestream-benchmarks-worker-3=akka://worker@flamestream-benchmarks-worker-3:5412/user/watcher/processing-watcher/graph, flamestream-benchmarks-worker-2=akka://worker@flamestream-benchmarks-worker-2:5412/user/watcher/processing-watcher/graph, flamestream-benchmarks-worker-14=akka://worker@flamestream-benchmarks-worker-14:5412/user/watcher/processing-watcher/graph, flamestream-benchmarks-worker-13=akka://worker@flamestream-benchmarks-worker-13:5412/user/watcher/processing-watcher/graph, flamestream-benchmarks-worker-12=akka://worker@flamestream-benchmarks-worker-12:5412/user/watcher/processing-watcher/graph, flamestream-benchmarks-worker-11=akka://worker@flamestream-benchmarks-worker-11:5412/user/watcher/processing-watcher/graph, flamestream-benchmarks-worker-10=akka://worker@flamestream-benchmarks-worker-10:5412/user/watcher/processing-watcher/graph}}'
12:27:36.741 [worker-akka.actor.default-dispatcher-12] INFO  a.a.LocalActorRef akka://worker/user/watcher/processing-watcher/graph/negotiator - Requesting ticket for the frontClass FlameSocketGraphDeployerFront@flamestream-benchmarks-worker-1
12:27:36.756 [worker-akka.actor.default-dispatcher-13] INFO  a.a.LocalActorRef akka://worker/user/watcher/processing-watcher/graph/graph - Received last commit 'LastCommit{globalTime=(0000000, min@min)}'
12:27:36.806 [worker-akka.actor.default-dispatcher-10] INFO  c.s.f.r.e.s.SocketRear  - FlameSocketGraphDeployerRear@flamestream-benchmarks-worker-1: connecting to flamestream-benchmarks-manager:5678
12:27:36.821 [worker-akka.actor.default-dispatcher-14] INFO  a.a.LocalActorRef akka://worker/user/watcher/processing-watcher/graph/edge/FlameSocketGraphDeployerFront - Starting...
12:27:36.829 [worker-akka.actor.default-dispatcher-10] INFO  c.s.f.r.e.s.SocketRear  - FlameSocketGraphDeployerRear@flamestream-benchmarks-worker-1: connected to flamestream-benchmarks-manager:5678
12:27:36.836 [worker-akka.actor.default-dispatcher-10] INFO  a.a.LocalActorRef akka://worker/user/watcher/processing-watcher/graph/edge/FlameSocketGraphDeployerRear - Starting...
12:27:36.848 [worker-akka.actor.default-dispatcher-6] INFO  a.a.LocalActorRef akka://worker/user/watcher/processing-watcher/graph/negotiator - Ticket for the frontClass received: FrontTicket{allowedTimestamp=(0000000, FlameSocketGraphDeployerFront@flamestream-benchmarks-worker-1)}
12:27:36.853 [worker-akka.actor.default-dispatcher-6] INFO  c.s.f.r.e.s.SocketFront  - FlameSocketGraphDeployerFront@flamestream-benchmarks-worker-1: connecting to flamestream-benchmarks-manager:4567
12:27:36.992 [worker-akka.actor.default-dispatcher-6] INFO  a.a.LocalActorRef akka://worker/user/watcher/processing-watcher/graph/graph/$a - Starting...
12:27:36.994 [worker-akka.actor.default-dispatcher-6] INFO  a.a.LocalActorRef akka://worker/user/watcher/processing-watcher/graph/graph/$b - Starting...
12:27:36.996 [worker-akka.actor.default-dispatcher-6] INFO  a.a.LocalActorRef akka://worker/user/watcher/processing-watcher/graph/graph/$c - Starting...
12:27:36.999 [worker-akka.actor.default-dispatcher-6] INFO  a.a.LocalActorRef akka://worker/user/watcher/processing-watcher/graph/graph/$d - Starting...
12:27:37.000 [worker-akka.actor.default-dispatcher-6] INFO  a.a.LocalActorRef akka://worker/user/watcher/processing-watcher/graph/graph/$e - Starting...
12:27:37.002 [worker-akka.actor.default-dispatcher-6] INFO  a.a.LocalActorRef akka://worker/user/watcher/processing-watcher/graph/graph/$f - Starting...
12:27:37.004 [worker-akka.actor.default-dispatcher-6] INFO  a.a.LocalActorRef akka://worker/user/watcher/processing-watcher/graph/graph/$g - Starting...
12:27:37.006 [worker-akka.actor.default-dispatcher-6] INFO  a.a.LocalActorRef akka://worker/user/watcher/processing-watcher/graph/graph/$h - Starting...
12:27:37.008 [worker-akka.actor.default-dispatcher-6] INFO  a.a.LocalActorRef akka://worker/user/watcher/processing-watcher/graph/graph/$i - Starting...
12:27:37.010 [worker-akka.actor.default-dispatcher-6] INFO  a.a.LocalActorRef akka://worker/user/watcher/processing-watcher/graph/graph/$j - Starting...
12:27:37.012 [worker-akka.actor.default-dispatcher-6] INFO  a.a.LocalActorRef akka://worker/user/watcher/processing-watcher/graph/graph/$k - Starting...
12:27:37.014 [worker-akka.actor.default-dispatcher-6] INFO  a.a.LocalActorRef akka://worker/user/watcher/processing-watcher/graph/graph/$l - Starting...
12:27:37.018 [worker-akka.actor.default-dispatcher-6] INFO  a.a.LocalActorRef akka://worker/user/watcher/processing-watcher/graph/graph/$m - Starting...
12:27:37.020 [worker-akka.actor.default-dispatcher-6] INFO  a.a.LocalActorRef akka://worker/user/watcher/processing-watcher/graph/graph/$n - Starting...
12:27:37.022 [worker-akka.actor.default-dispatcher-6] INFO  a.a.LocalActorRef akka://worker/user/watcher/processing-watcher/graph/graph/$o - Starting...
12:27:37.027 [worker-akka.actor.default-dispatcher-6] INFO  a.a.LocalActorRef akka://worker/user/watcher/processing-watcher/graph/graph/$p - Starting...
12:27:37.028 [worker-akka.actor.default-dispatcher-6] INFO  a.a.LocalActorRef akka://worker/user/watcher/processing-watcher/graph/graph/$q - Starting...
12:27:37.030 [worker-akka.actor.default-dispatcher-6] INFO  a.a.LocalActorRef akka://worker/user/watcher/processing-watcher/graph/graph/$r - Starting...
12:27:37.032 [worker-akka.actor.default-dispatcher-6] INFO  a.a.LocalActorRef akka://worker/user/watcher/processing-watcher/graph/graph/$s - Starting...
12:27:37.033 [worker-akka.actor.default-dispatcher-6] INFO  a.a.LocalActorRef akka://worker/user/watcher/processing-watcher/graph/graph/$t - Starting...
12:27:37.039 [worker-akka.actor.default-dispatcher-6] INFO  a.a.LocalActorRef akka://worker/user/watcher/processing-watcher/graph/graph/$u - Starting...
12:27:37.041 [worker-akka.actor.default-dispatcher-6] INFO  a.a.LocalActorRef akka://worker/user/watcher/processing-watcher/graph/graph/$v - Starting...
12:27:37.044 [worker-akka.actor.default-dispatcher-6] INFO  a.a.LocalActorRef akka://worker/user/watcher/processing-watcher/graph/graph/$w - Starting...
12:27:37.046 [worker-akka.actor.default-dispatcher-6] INFO  a.a.LocalActorRef akka://worker/user/watcher/processing-watcher/graph/graph/$x - Starting...
12:27:37.049 [worker-akka.actor.default-dispatcher-6] INFO  a.a.LocalActorRef akka://worker/user/watcher/processing-watcher/graph/graph/$y - Starting...
12:27:37.053 [worker-akka.actor.default-dispatcher-6] INFO  a.a.LocalActorRef akka://worker/user/watcher/processing-watcher/graph/graph/$z - Starting...
12:27:37.055 [worker-akka.actor.default-dispatcher-6] INFO  a.a.LocalActorRef akka://worker/user/watcher/processing-watcher/graph/graph/$A - Starting...
12:27:37.057 [worker-akka.actor.default-dispatcher-6] INFO  a.a.LocalActorRef akka://worker/user/watcher/processing-watcher/graph/graph/$B - Starting...
12:27:37.060 [worker-akka.actor.default-dispatcher-6] INFO  a.a.LocalActorRef akka://worker/user/watcher/processing-watcher/graph/graph/$C - Starting...
12:27:37.069 [worker-akka.actor.default-dispatcher-6] INFO  a.a.LocalActorRef akka://worker/user/watcher/processing-watcher/graph/graph/$D - Starting...
12:27:37.092 [worker-akka.actor.default-dispatcher-6] INFO  a.a.LocalActorRef akka://worker/user/watcher/processing-watcher/graph/graph/$E - Starting...
12:27:37.093 [worker-akka.actor.default-dispatcher-6] INFO  a.a.LocalActorRef akka://worker/user/watcher/processing-watcher/graph/graph/$F - Starting...
12:27:37.098 [worker-akka.actor.default-dispatcher-10] INFO  a.a.LocalActorRef akka://worker/user/watcher/processing-watcher/graph/graph/$G - Starting...
12:27:37.099 [worker-akka.actor.default-dispatcher-6] INFO  a.a.LocalActorRef akka://worker/user/watcher/processing-watcher/graph/graph/$H - Starting...
12:27:37.101 [worker-akka.actor.default-dispatcher-6] INFO  a.a.LocalActorRef akka://worker/user/watcher/processing-watcher/graph/graph/$D - Attached rear to graph (-9223372036854775808, min@min)
2019-10-10T12:27:52.613+0000: 31.307: [GC (Allocation Failure) 2019-10-10T12:27:52.613+0000: 31.307: [DefNew: 409600K->30637K(460800K), 0.0443666 secs] 435533K->56570K(1484800K), 0.0444617 secs] [Times: user=0.02 sys=0.02, real=0.05 secs] 
2019-10-10T12:27:59.887+0000: 38.580: [GC (Allocation Failure) 2019-10-10T12:27:59.887+0000: 38.580: [DefNew: 440237K->54K(460800K), 0.0322701 secs] 466170K->54070K(1484800K), 0.0323668 secs] [Times: user=0.02 sys=0.01, real=0.03 secs] 
2019-10-10T12:28:05.374+0000: 44.068: [GC (Allocation Failure) 2019-10-10T12:28:05.374+0000: 44.068: [DefNew: 409654K->216K(460800K), 0.0035242 secs] 463670K->54233K(1484800K), 0.0036292 secs] [Times: user=0.00 sys=0.00, real=0.01 secs] 
2019-10-10T12:28:10.204+0000: 48.898: [GC (Allocation Failure) 2019-10-10T12:28:10.204+0000: 48.898: [DefNew: 409816K->66K(460800K), 0.0027504 secs] 463833K->54083K(1484800K), 0.0028419 secs] [Times: user=0.01 sys=0.00, real=0.00 secs] 
2019-10-10T12:28:15.053+0000: 53.747: [GC (Allocation Failure) 2019-10-10T12:28:15.053+0000: 53.747: [DefNew: 409666K->163K(460800K), 0.0028686 secs] 463683K->54179K(1484800K), 0.0029603 secs] [Times: user=0.01 sys=0.00, real=0.01 secs] 
2019-10-10T12:28:19.744+0000: 58.437: [GC (Allocation Failure) 2019-10-10T12:28:19.744+0000: 58.437: [DefNew: 409763K->92K(460800K), 0.0027005 secs] 463779K->54108K(1484800K), 0.0027900 secs] [Times: user=0.00 sys=0.00, real=0.00 secs] 
2019-10-10T12:28:25.374+0000: 64.069: [GC (Allocation Failure) 2019-10-10T12:28:25.376+0000: 64.069: [DefNew: 409692K->535K(460800K), 0.0039179 secs] 463708K->54552K(1484800K), 0.0052781 secs] [Times: user=0.00 sys=0.00, real=0.01 secs] 
2019-10-10T12:28:32.745+0000: 71.439: [GC (Allocation Failure) 2019-10-10T12:28:32.746+0000: 71.439: [DefNew: 410135K->276K(460800K), 0.0033300 secs] 464152K->54293K(1484800K), 0.0034143 secs] [Times: user=0.00 sys=0.00, real=0.00 secs] 
2019-10-10T12:28:38.261+0000: 76.956: [GC (Allocation Failure) 2019-10-10T12:28:38.262+0000: 76.956: [DefNew: 409876K->282K(460800K), 0.0032605 secs] 463893K->54299K(1484800K), 0.0046789 secs] [Times: user=0.00 sys=0.00, real=0.01 secs] 
2019-10-10T12:28:43.988+0000: 82.682: [GC (Allocation Failure) 2019-10-10T12:28:43.988+0000: 82.682: [DefNew: 409882K->389K(460800K), 0.0035135 secs] 463899K->54406K(1484800K), 0.0036029 secs] [Times: user=0.00 sys=0.00, real=0.00 secs] 
2019-10-10T12:28:50.026+0000: 88.720: [GC (Allocation Failure) 2019-10-10T12:28:50.027+0000: 88.720: [DefNew: 409989K->524K(460800K), 0.0036452 secs] 464006K->54541K(1484800K), 0.0037277 secs] [Times: user=0.00 sys=0.00, real=0.00 secs] 
2019-10-10T12:28:55.735+0000: 94.429: [GC (Allocation Failure) 2019-10-10T12:28:55.735+0000: 94.429: [DefNew: 410124K->465K(460800K), 0.0037252 secs] 464141K->54481K(1484800K), 0.0038355 secs] [Times: user=0.01 sys=0.00, real=0.01 secs] 
2019-10-10T12:29:02.146+0000: 100.840: [GC (Allocation Failure) 2019-10-10T12:29:02.146+0000: 100.840: [DefNew: 410065K->292K(460800K), 0.0032380 secs] 464081K->54309K(1484800K), 0.0033293 secs] [Times: user=0.01 sys=0.00, real=0.00 secs] 
2019-10-10T12:29:07.821+0000: 106.515: [GC (Allocation Failure) 2019-10-10T12:29:07.821+0000: 106.515: [DefNew: 409892K->315K(460800K), 0.0034674 secs] 463909K->54331K(1484800K), 0.0035591 secs] [Times: user=0.00 sys=0.00, real=0.01 secs] 
2019-10-10T12:29:13.405+0000: 112.100: [GC (Allocation Failure) 2019-10-10T12:29:13.407+0000: 112.100: [DefNew: 409915K->290K(460800K), 0.0035778 secs] 463931K->54306K(1484800K), 0.0048306 secs] [Times: user=0.01 sys=0.00, real=0.00 secs] 
2019-10-10T12:29:18.801+0000: 117.495: [GC (Allocation Failure) 2019-10-10T12:29:18.801+0000: 117.495: [DefNew: 409890K->294K(460800K), 0.0033096 secs] 463906K->54310K(1484800K), 0.0034271 secs] [Times: user=0.01 sys=0.00, real=0.01 secs] 
2019-10-10T12:29:24.316+0000: 123.011: [GC (Allocation Failure) 2019-10-10T12:29:24.317+0000: 123.011: [DefNew: 409894K->527K(460800K), 0.0040872 secs] 463910K->54557K(1484800K), 0.0053817 secs] [Times: user=0.00 sys=0.00, real=0.00 secs] 
2019-10-10T12:29:31.035+0000: 129.729: [GC (Allocation Failure) 2019-10-10T12:29:31.035+0000: 129.729: [DefNew: 410127K->470K(460800K), 0.0036135 secs] 464157K->54504K(1484800K), 0.0037111 secs] [Times: user=0.00 sys=0.00, real=0.01 secs] 
2019-10-10T12:29:36.958+0000: 135.652: [GC (Allocation Failure) 2019-10-10T12:29:36.958+0000: 135.652: [DefNew: 410070K->474K(460800K), 0.0033739 secs] 464104K->54513K(1484800K), 0.0034736 secs] [Times: user=0.00 sys=0.00, real=0.00 secs] 
2019-10-10T12:29:42.254+0000: 140.949: [GC (Allocation Failure) 2019-10-10T12:29:42.255+0000: 140.949: [DefNew: 410074K->584K(460800K), 0.0039232 secs] 464113K->54628K(1484800K), 0.0054194 secs] [Times: user=0.00 sys=0.00, real=0.01 secs] 
2019-10-10T12:29:47.600+0000: 146.295: [GC (Allocation Failure) 2019-10-10T12:29:47.602+0000: 146.295: [DefNew: 410184K->611K(460800K), 0.0039038 secs] 464228K->54673K(1484800K), 0.0052386 secs] [Times: user=0.00 sys=0.00, real=0.01 secs] 
2019-10-10T12:29:53.531+0000: 152.226: [GC (Allocation Failure) 2019-10-10T12:29:53.532+0000: 152.226: [DefNew: 410211K->364K(460800K), 0.0037180 secs] 464273K->54513K(1484800K), 0.0051089 secs] [Times: user=0.00 sys=0.00, real=0.01 secs] 
2019-10-10T12:29:58.948+0000: 157.642: [GC (Allocation Failure) 2019-10-10T12:29:58.948+0000: 157.642: [DefNew: 409964K->327K(460800K), 0.0029673 secs] 464113K->54539K(1484800K), 0.0030562 secs] [Times: user=0.01 sys=0.00, real=0.00 secs] 
2019-10-10T12:30:04.542+0000: 163.235: [GC (Allocation Failure) 2019-10-10T12:30:04.542+0000: 163.235: [DefNew: 409927K->303K(460800K), 0.0028821 secs] 464139K->54515K(1484800K), 0.0029840 secs] [Times: user=0.00 sys=0.00, real=0.01 secs] 
2019-10-10T12:30:10.067+0000: 168.761: [GC (Allocation Failure) 2019-10-10T12:30:10.067+0000: 168.761: [DefNew: 409903K->367K(460800K), 0.0029272 secs] 464115K->54580K(1484800K), 0.0030085 secs] [Times: user=0.00 sys=0.00, real=0.00 secs] 
2019-10-10T12:30:15.597+0000: 174.290: [GC (Allocation Failure) 2019-10-10T12:30:15.597+0000: 174.290: [DefNew: 409967K->293K(460800K), 0.0028240 secs] 464180K->54511K(1484800K), 0.0029165 secs] [Times: user=0.00 sys=0.00, real=0.00 secs] 
2019-10-10T12:30:21.154+0000: 179.849: [GC (Allocation Failure) 2019-10-10T12:30:21.156+0000: 179.849: [DefNew: 409893K->294K(460800K), 0.0028261 secs] 464111K->54512K(1484800K), 0.0046925 secs] [Times: user=0.00 sys=0.00, real=0.01 secs] 
2019-10-10T12:30:26.909+0000: 185.602: [GC (Allocation Failure) 2019-10-10T12:30:26.909+0000: 185.602: [DefNew: 409894K->416K(460800K), 0.0032056 secs] 464112K->54641K(1484800K), 0.0033058 secs] [Times: user=0.01 sys=0.00, real=0.00 secs] 
2019-10-10T12:30:32.329+0000: 191.024: [GC (Allocation Failure) 2019-10-10T12:30:32.331+0000: 191.024: [DefNew: 410016K->311K(460800K), 0.0030539 secs] 464241K->54535K(1484800K), 0.0044391 secs] [Times: user=0.00 sys=0.00, real=0.00 secs] 
2019-10-10T12:30:37.771+0000: 196.465: [GC (Allocation Failure) 2019-10-10T12:30:37.771+0000: 196.465: [DefNew: 409911K->312K(460800K), 0.0028182 secs] 464135K->54536K(1484800K), 0.0029267 secs] [Times: user=0.00 sys=0.00, real=0.00 secs] 
2019-10-10T12:30:43.425+0000: 202.120: [GC (Allocation Failure) 2019-10-10T12:30:43.427+0000: 202.120: [DefNew: 409912K->309K(460800K), 0.0030935 secs] 464136K->54534K(1484800K), 0.0045235 secs] [Times: user=0.00 sys=0.00, real=0.00 secs] 
2019-10-10T12:30:48.895+0000: 207.589: [GC (Allocation Failure) 2019-10-10T12:30:48.895+0000: 207.589: [DefNew: 409909K->361K(460800K), 0.0029454 secs] 464134K->54591K(1484800K), 0.0030325 secs] [Times: user=0.00 sys=0.00, real=0.01 secs] 
2019-10-10T12:30:54.500+0000: 213.195: [GC (Allocation Failure) 2019-10-10T12:30:54.501+0000: 213.195: [DefNew: 409961K->110K(460800K), 0.0031438 secs] 464191K->54535K(1484800K), 0.0044831 secs] [Times: user=0.01 sys=0.00, real=0.01 secs] 
2019-10-10T12:30:59.850+0000: 218.544: [GC (Allocation Failure) 2019-10-10T12:30:59.850+0000: 218.544: [DefNew: 409710K->108K(460800K), 0.0027118 secs] 464135K->54537K(1484800K), 0.0028128 secs] [Times: user=0.00 sys=0.00, real=0.00 secs] 
2019-10-10T12:31:05.322+0000: 224.017: [GC (Allocation Failure) 2019-10-10T12:31:05.324+0000: 224.017: [DefNew: 409708K->116K(460800K), 0.0028720 secs] 464137K->54545K(1484800K), 0.0042715 secs] [Times: user=0.00 sys=0.00, real=0.01 secs] 
2019-10-10T12:31:11.024+0000: 229.718: [GC (Allocation Failure) 2019-10-10T12:31:11.025+0000: 229.718: [DefNew: 409716K->106K(460800K), 0.0025225 secs] 464145K->54535K(1484800K), 0.0026058 secs] [Times: user=0.00 sys=0.00, real=0.00 secs] 
2019-10-10T12:31:16.737+0000: 235.432: [GC (Allocation Failure) 2019-10-10T12:31:16.738+0000: 235.432: [DefNew: 409706K->136K(460800K), 0.0027349 secs] 464135K->54566K(1484800K), 0.0043390 secs] [Times: user=0.00 sys=0.00, real=0.00 secs] 
2019-10-10T12:31:22.461+0000: 241.156: [GC (Allocation Failure) 2019-10-10T12:31:22.462+0000: 241.156: [DefNew: 409736K->106K(460800K), 0.0028262 secs] 464166K->54536K(1484800K), 0.0042905 secs] [Times: user=0.00 sys=0.00, real=0.01 secs] 
2019-10-10T12:31:28.132+0000: 246.826: [GC (Allocation Failure) 2019-10-10T12:31:28.133+0000: 246.826: [DefNew: 409706K->183K(460800K), 0.0029821 secs] 464136K->54613K(1484800K), 0.0030652 secs] [Times: user=0.00 sys=0.00, real=0.01 secs] 
2019-10-10T12:31:33.397+0000: 252.092: [GC (Allocation Failure) 2019-10-10T12:31:33.398+0000: 252.092: [DefNew: 409783K->197K(460800K), 0.0029434 secs] 464213K->54627K(1484800K), 0.0043236 secs] [Times: user=0.00 sys=0.00, real=0.00 secs] 
2019-10-10T12:31:39.052+0000: 257.745: [GC (Allocation Failure) 2019-10-10T12:31:39.052+0000: 257.746: [DefNew: 409797K->136K(460800K), 0.0027449 secs] 464227K->54566K(1484800K), 0.0028340 secs] [Times: user=0.00 sys=0.00, real=0.00 secs] 
2019-10-10T12:31:44.506+0000: 263.201: [GC (Allocation Failure) 2019-10-10T12:31:44.507+0000: 263.201: [DefNew: 409736K->249K(460800K), 0.0032950 secs] 464166K->54679K(1484800K), 0.0045433 secs] [Times: user=0.00 sys=0.00, real=0.00 secs] 
2019-10-10T12:31:50.007+0000: 268.701: [GC (Allocation Failure) 2019-10-10T12:31:50.007+0000: 268.701: [DefNew: 409849K->424K(460800K), 0.0035904 secs] 464279K->54876K(1484800K), 0.0036715 secs] [Times: user=0.01 sys=0.00, real=0.00 secs] 
2019-10-10T12:31:55.634+0000: 274.330: [GC (Allocation Failure) 2019-10-10T12:31:55.637+0000: 274.330: [DefNew: 410024K->112K(460800K), 0.0027760 secs] 464476K->54565K(1484800K), 0.0051933 secs] [Times: user=0.00 sys=0.00, real=0.01 secs] 
2019-10-10T12:32:00.867+0000: 279.562: [GC (Allocation Failure) 2019-10-10T12:32:00.869+0000: 279.562: [DefNew: 409712K->218K(460800K), 0.0030553 secs] 464165K->54671K(1484800K), 0.0045122 secs] [Times: user=0.00 sys=0.00, real=0.00 secs] 
2019-10-10T12:32:06.302+0000: 284.997: [GC (Allocation Failure) 2019-10-10T12:32:06.303+0000: 284.997: [DefNew: 409818K->182K(460800K), 0.0030929 secs] 464271K->54635K(1484800K), 0.0045622 secs] [Times: user=0.00 sys=0.00, real=0.01 secs] 
2019-10-10T12:32:11.719+0000: 290.413: [GC (Allocation Failure) 2019-10-10T12:32:11.719+0000: 290.413: [DefNew: 409782K->112K(460800K), 0.0027423 secs] 464235K->54566K(1484800K), 0.0028299 secs] [Times: user=0.00 sys=0.00, real=0.00 secs] 
2019-10-10T12:32:17.097+0000: 295.792: [GC (Allocation Failure) 2019-10-10T12:32:17.099+0000: 295.793: [DefNew: 409712K->272K(460800K), 0.0033658 secs] 464166K->54725K(1484800K), 0.0048780 secs] [Times: user=0.00 sys=0.00, real=0.00 secs] 
2019-10-10T12:32:23.330+0000: 302.023: [GC (Allocation Failure) 2019-10-10T12:32:23.330+0000: 302.023: [DefNew: 409872K->111K(460800K), 0.0027586 secs] 464325K->54565K(1484800K), 0.0028536 secs] [Times: user=0.01 sys=0.00, real=0.00 secs] 
2019-10-10T12:32:28.748+0000: 307.441: [GC (Allocation Failure) 2019-10-10T12:32:28.748+0000: 307.441: [DefNew: 409711K->139K(460800K), 0.0027684 secs] 464165K->54592K(1484800K), 0.0028492 secs] [Times: user=0.01 sys=0.00, real=0.00 secs] 
2019-10-10T12:32:34.076+0000: 312.771: [GC (Allocation Failure) 2019-10-10T12:32:34.077+0000: 312.771: [DefNew: 409739K->171K(460800K), 0.0029756 secs] 464192K->54625K(1484800K), 0.0043998 secs] [Times: user=0.00 sys=0.00, real=0.00 secs] 
2019-10-10T12:32:39.424+0000: 318.119: [GC (Allocation Failure) 2019-10-10T12:32:39.425+0000: 318.119: [DefNew: 409771K->172K(460800K), 0.0027747 secs] 464225K->54626K(1484800K), 0.0042309 secs] [Times: user=0.01 sys=0.00, real=0.00 secs] 
2019-10-10T12:32:44.677+0000: 323.371: [GC (Allocation Failure) 2019-10-10T12:32:44.677+0000: 323.371: [DefNew: 409772K->174K(460800K), 0.0027707 secs] 464226K->54628K(1484800K), 0.0028490 secs] [Times: user=0.00 sys=0.00, real=0.00 secs] 
2019-10-10T12:32:50.122+0000: 328.817: [GC (Allocation Failure) 2019-10-10T12:32:50.123+0000: 328.817: [DefNew: 409774K->141K(460800K), 0.0030971 secs] 464228K->54624K(1484800K), 0.0044681 secs] [Times: user=0.00 sys=0.00, real=0.01 secs] 
2019-10-10T12:32:55.427+0000: 334.122: [GC (Allocation Failure) 2019-10-10T12:32:55.429+0000: 334.122: [DefNew: 409741K->153K(460800K), 0.0029800 secs] 464224K->54636K(1484800K), 0.0048876 secs] [Times: user=0.00 sys=0.00, real=0.00 secs] 
2019-10-10T12:33:01.366+0000: 340.059: [GC (Allocation Failure) 2019-10-10T12:33:01.366+0000: 340.059: [DefNew: 409753K->138K(460800K), 0.0026442 secs] 464236K->54622K(1484800K), 0.0027338 secs] [Times: user=0.01 sys=0.00, real=0.00 secs] 
2019-10-10T12:33:06.748+0000: 345.442: [GC (Allocation Failure) 2019-10-10T12:33:06.748+0000: 345.442: [DefNew: 409738K->144K(460800K), 0.0027586 secs] 464222K->54627K(1484800K), 0.0028510 secs] [Times: user=0.01 sys=0.00, real=0.00 secs] 
2019-10-10T12:33:12.270+0000: 350.963: [GC (Allocation Failure) 2019-10-10T12:33:12.270+0000: 350.964: [DefNew: 409744K->276K(460800K), 0.0031839 secs] 464227K->54760K(1484800K), 0.0033044 secs] [Times: user=0.00 sys=0.00, real=0.00 secs] 
2019-10-10T12:33:17.646+0000: 356.340: [GC (Allocation Failure) 2019-10-10T12:33:17.646+0000: 356.340: [DefNew: 409876K->140K(460800K), 0.0027192 secs] 464360K->54624K(1484800K), 0.0028140 secs] [Times: user=0.00 sys=0.00, real=0.00 secs] 
2019-10-10T12:33:23.025+0000: 361.720: [GC (Allocation Failure) 2019-10-10T12:33:23.026+0000: 361.720: [DefNew: 409740K->152K(460800K), 0.0029735 secs] 464224K->54636K(1484800K), 0.0043081 secs] [Times: user=0.00 sys=0.00, real=0.00 secs] 
2019-10-10T12:33:28.902+0000: 367.596: [GC (Allocation Failure) 2019-10-10T12:33:28.902+0000: 367.596: [DefNew: 409752K->212K(460800K), 0.0030389 secs] 464236K->54696K(1484800K), 0.0031227 secs] [Times: user=0.01 sys=0.00, real=0.01 secs] 
2019-10-10T12:33:34.397+0000: 373.092: [GC (Allocation Failure) 2019-10-10T12:33:34.398+0000: 373.092: [DefNew: 409812K->248K(460800K), 0.0031584 secs] 464296K->54732K(1484800K), 0.0045734 secs] [Times: user=0.00 sys=0.00, real=0.00 secs] 
2019-10-10T12:33:39.720+0000: 378.413: [GC (Allocation Failure) 2019-10-10T12:33:39.720+0000: 378.413: [DefNew: 409848K->186K(460800K), 0.0028434 secs] 464332K->54670K(1484800K), 0.0029292 secs] [Times: user=0.00 sys=0.00, real=0.00 secs] 
2019-10-10T12:33:45.213+0000: 383.908: [GC (Allocation Failure) 2019-10-10T12:33:45.214+0000: 383.908: [DefNew: 409786K->383K(460800K), 0.0038075 secs] 464270K->54868K(1484800K), 0.0045818 secs] [Times: user=0.00 sys=0.00, real=0.01 secs] 
2019-10-10T12:33:50.571+0000: 389.266: [GC (Allocation Failure) 2019-10-10T12:33:50.572+0000: 389.266: [DefNew: 409983K->148K(460800K), 0.0031418 secs] 464468K->54656K(1484800K), 0.0046737 secs] [Times: user=0.00 sys=0.00, real=0.01 secs] 
2019-10-10T12:33:56.009+0000: 394.704: [GC (Allocation Failure) 2019-10-10T12:33:56.010+0000: 394.704: [DefNew: 409748K->143K(460800K), 0.0029462 secs] 464256K->54651K(1484800K), 0.0043779 secs] [Times: user=0.00 sys=0.00, real=0.00 secs] 
2019-10-10T12:34:01.342+0000: 400.037: [GC (Allocation Failure) 2019-10-10T12:34:01.344+0000: 400.037: [DefNew: 409743K->241K(460800K), 0.0032939 secs] 464251K->54781K(1484800K), 0.0046774 secs] [Times: user=0.00 sys=0.00, real=0.01 secs] 
2019-10-10T12:34:06.821+0000: 405.515: [GC (Allocation Failure) 2019-10-10T12:34:06.822+0000: 405.515: [DefNew: 409841K->225K(460800K), 0.0031562 secs] 464381K->54766K(1484800K), 0.0032579 secs] [Times: user=0.00 sys=0.00, real=0.01 secs] 
2019-10-10T12:34:12.041+0000: 410.735: [GC (Allocation Failure) 2019-10-10T12:34:12.041+0000: 410.735: [DefNew: 409825K->146K(460800K), 0.0026740 secs] 464366K->54686K(1484800K), 0.0027492 secs] [Times: user=0.00 sys=0.00, real=0.01 secs] 
2019-10-10T12:34:17.526+0000: 416.220: [GC (Allocation Failure) 2019-10-10T12:34:17.526+0000: 416.220: [DefNew: 409746K->113K(460800K), 0.0026825 secs] 464286K->54653K(1484800K), 0.0027768 secs] [Times: user=0.00 sys=0.00, real=0.00 secs] 
2019-10-10T12:34:22.662+0000: 421.355: [GC (Allocation Failure) 2019-10-10T12:34:22.662+0000: 421.356: [DefNew: 409713K->142K(460800K), 0.0027655 secs] 464253K->54682K(1484800K), 0.0028569 secs] [Times: user=0.00 sys=0.00, real=0.01 secs] 
2019-10-10T12:34:28.095+0000: 426.790: [GC (Allocation Failure) 2019-10-10T12:34:28.096+0000: 426.790: [DefNew: 409742K->239K(460800K), 0.0031069 secs] 464282K->54780K(1484800K), 0.0045138 secs] [Times: user=0.00 sys=0.00, real=0.01 secs] 
2019-10-10T12:34:33.672+0000: 432.365: [GC (Allocation Failure) 2019-10-10T12:34:33.672+0000: 432.365: [DefNew: 409839K->129K(460800K), 0.0030103 secs] 464380K->54670K(1484800K), 0.0031160 secs] [Times: user=0.01 sys=0.00, real=0.00 secs] 
2019-10-10T12:34:39.272+0000: 437.968: [GC (Allocation Failure) 2019-10-10T12:34:39.274+0000: 437.968: [DefNew: 409729K->186K(460800K), 0.0030286 secs] 464270K->54727K(1484800K), 0.0046697 secs] [Times: user=0.01 sys=0.00, real=0.01 secs] 
2019-10-10T12:34:44.758+0000: 443.452: [GC (Allocation Failure) 2019-10-10T12:34:44.758+0000: 443.452: [DefNew: 409786K->125K(460800K), 0.0027828 secs] 464327K->54666K(1484800K), 0.0028718 secs] [Times: user=0.00 sys=0.00, real=0.00 secs] 
2019-10-10T12:34:50.171+0000: 448.866: [GC (Allocation Failure) 2019-10-10T12:34:50.172+0000: 448.866: [DefNew: 409725K->133K(460800K), 0.0031555 secs] 464266K->54701K(1484800K), 0.0047400 secs] [Times: user=0.00 sys=0.00, real=0.01 secs] 
2019-10-10T12:34:55.521+0000: 454.216: [GC (Allocation Failure) 2019-10-10T12:34:55.522+0000: 454.216: [DefNew: 409733K->101K(460800K), 0.0028529 secs] 464301K->54669K(1484800K), 0.0041848 secs] [Times: user=0.01 sys=0.00, real=0.01 secs] 
2019-10-10T12:35:00.860+0000: 459.554: [GC (Allocation Failure) 2019-10-10T12:35:00.860+0000: 459.554: [DefNew: 409701K->98K(460800K), 0.0026349 secs] 464269K->54666K(1484800K), 0.0027490 secs] [Times: user=0.00 sys=0.00, real=0.00 secs] 
12:35:05.337 [worker-akka.actor.default-dispatcher-10] INFO  a.r.a.Association(akka://worker) akka.remote.artery.Association(akka://worker) - Stopping idle outbound stream [2] to [akka://worker@flamestream-benchmarks-worker-0:5412]
2019-10-10T12:35:06.932+0000: 465.626: [GC (Allocation Failure) 2019-10-10T12:35:06.932+0000: 465.626: [DefNew: 409698K->215K(460800K), 0.0029976 secs] 464266K->54783K(1484800K), 0.0030878 secs] [Times: user=0.00 sys=0.00, real=0.00 secs] 
2019-10-10T12:35:12.735+0000: 471.430: [GC (Allocation Failure) 2019-10-10T12:35:12.736+0000: 471.430: [DefNew: 409815K->160K(460800K), 0.0032933 secs] 464383K->54728K(1484800K), 0.0047386 secs] [Times: user=0.00 sys=0.00, real=0.01 secs] 
2019-10-10T12:35:18.120+0000: 476.815: [GC (Allocation Failure) 2019-10-10T12:35:18.121+0000: 476.815: [DefNew: 409760K->155K(460800K), 0.0032676 secs] 464328K->54723K(1484800K), 0.0046675 secs] [Times: user=0.01 sys=0.00, real=0.01 secs] 
2019-10-10T12:35:23.644+0000: 482.338: [GC (Allocation Failure) 2019-10-10T12:35:23.644+0000: 482.338: [DefNew: 409755K->216K(460800K), 0.0030391 secs] 464323K->54784K(1484800K), 0.0031201 secs] [Times: user=0.00 sys=0.00, real=0.00 secs] 
2019-10-10T12:35:29.157+0000: 487.853: [GC (Allocation Failure) 2019-10-10T12:35:29.159+0000: 487.853: [DefNew: 409816K->173K(460800K), 0.0034284 secs] 464384K->54742K(1484800K), 0.0051630 secs] [Times: user=0.00 sys=0.00, real=0.00 secs] 
2019-10-10T12:35:34.492+0000: 493.187: [GC (Allocation Failure) 2019-10-10T12:35:34.493+0000: 493.187: [DefNew: 409773K->195K(460800K), 0.0032164 secs] 464342K->54764K(1484800K), 0.0046794 secs] [Times: user=0.00 sys=0.00, real=0.01 secs] 
2019-10-10T12:35:39.763+0000: 498.456: [GC (Allocation Failure) 2019-10-10T12:35:39.763+0000: 498.456: [DefNew: 409795K->174K(460800K), 0.0030368 secs] 464364K->54742K(1484800K), 0.0031355 secs] [Times: user=0.00 sys=0.00, real=0.01 secs] 
2019-10-10T12:35:45.297+0000: 503.991: [GC (Allocation Failure) 2019-10-10T12:35:45.297+0000: 503.991: [DefNew: 409774K->361K(460800K), 0.0036158 secs] 464342K->54929K(1484800K), 0.0036959 secs] [Times: user=0.00 sys=0.00, real=0.00 secs] 
2019-10-10T12:35:50.945+0000: 509.639: [GC (Allocation Failure) 2019-10-10T12:35:50.945+0000: 509.639: [DefNew: 409961K->236K(460800K), 0.0031961 secs] 464529K->54809K(1484800K), 0.0032777 secs] [Times: user=0.00 sys=0.00, real=0.00 secs] 
2019-10-10T12:35:56.435+0000: 515.130: [GC (Allocation Failure) 2019-10-10T12:35:56.436+0000: 515.130: [DefNew: 409836K->167K(460800K), 0.0029931 secs] 464409K->54740K(1484800K), 0.0042225 secs] [Times: user=0.00 sys=0.00, real=0.01 secs] 
2019-10-10T12:36:02.051+0000: 520.745: [GC (Allocation Failure) 2019-10-10T12:36:02.051+0000: 520.745: [DefNew: 409767K->190K(460800K), 0.0032040 secs] 464340K->54764K(1484800K), 0.0032939 secs] [Times: user=0.00 sys=0.00, real=0.00 secs] 
2019-10-10T12:36:07.478+0000: 526.174: [GC (Allocation Failure) 2019-10-10T12:36:07.480+0000: 526.174: [DefNew: 409790K->159K(460800K), 0.0030978 secs] 464364K->54742K(1484800K), 0.0046293 secs] [Times: user=0.00 sys=0.00, real=0.00 secs] 
2019-10-10T12:36:12.774+0000: 531.467: [GC (Allocation Failure) 2019-10-10T12:36:12.774+0000: 531.467: [DefNew: 409759K->157K(460800K), 0.0030106 secs] 464342K->54741K(1484800K), 0.0030974 secs] [Times: user=0.00 sys=0.00, real=0.01 secs] 
2019-10-10T12:36:18.052+0000: 536.745: [GC (Allocation Failure) 2019-10-10T12:36:18.052+0000: 536.745: [DefNew: 409757K->175K(460800K), 0.0030829 secs] 464341K->54759K(1484800K), 0.0031986 secs] [Times: user=0.01 sys=0.00, real=0.00 secs] 
2019-10-10T12:36:23.406+0000: 542.100: [GC (Allocation Failure) 2019-10-10T12:36:23.407+0000: 542.100: [DefNew: 409775K->339K(460800K), 0.0036763 secs] 464359K->54923K(1484800K), 0.0049722 secs] [Times: user=0.01 sys=0.00, real=0.00 secs] 
2019-10-10T12:36:28.882+0000: 547.576: [GC (Allocation Failure) 2019-10-10T12:36:28.882+0000: 547.576: [DefNew: 409939K->157K(460800K), 0.0032280 secs] 464523K->54787K(1484800K), 0.0033112 secs] [Times: user=0.00 sys=0.00, real=0.01 secs] 
2019-10-10T12:36:34.534+0000: 553.228: [GC (Allocation Failure) 2019-10-10T12:36:34.535+0000: 553.228: [DefNew: 409757K->108K(460800K), 0.0029290 secs] 464387K->54749K(1484800K), 0.0042501 secs] [Times: user=0.00 sys=0.00, real=0.01 secs] 
2019-10-10T12:36:39.848+0000: 558.542: [GC (Allocation Failure) 2019-10-10T12:36:39.848+0000: 558.542: [DefNew: 409708K->109K(460800K), 0.0026213 secs] 464349K->54750K(1484800K), 0.0027076 secs] [Times: user=0.01 sys=0.00, real=0.00 secs] 
2019-10-10T12:36:45.194+0000: 563.890: [GC (Allocation Failure) 2019-10-10T12:36:45.196+0000: 563.890: [DefNew: 409709K->113K(460800K), 0.0028985 secs] 464350K->54753K(1484800K), 0.0045880 secs] [Times: user=0.00 sys=0.01, real=0.01 secs] 
2019-10-10T12:36:50.661+0000: 569.355: [GC (Allocation Failure) 2019-10-10T12:36:50.661+0000: 569.355: [DefNew: 409713K->165K(460800K), 0.0029162 secs] 464353K->54824K(1484800K), 0.0029908 secs] [Times: user=0.00 sys=0.00, real=0.01 secs] 
2019-10-10T12:36:56.114+0000: 574.809: [GC (Allocation Failure) 2019-10-10T12:36:56.115+0000: 574.809: [DefNew: 409765K->92K(460800K), 0.0027937 secs] 464424K->54751K(1484800K), 0.0043164 secs] [Times: user=0.01 sys=0.00, real=0.01 secs] 
2019-10-10T12:37:01.403+0000: 580.099: [GC (Allocation Failure) 2019-10-10T12:37:01.405+0000: 580.099: [DefNew: 409692K->306K(460800K), 0.0039086 secs] 464351K->54965K(1484800K), 0.0056479 secs] [Times: user=0.01 sys=0.00, real=0.00 secs] 
2019-10-10T12:37:06.613+0000: 585.308: [GC (Allocation Failure) 2019-10-10T12:37:06.615+0000: 585.308: [DefNew: 409906K->92K(460800K), 0.0028909 secs] 464565K->54751K(1484800K), 0.0046743 secs] [Times: user=0.01 sys=0.00, real=0.01 secs] 
2019-10-10T12:37:11.863+0000: 590.559: [GC (Allocation Failure) 2019-10-10T12:37:11.865+0000: 590.559: [DefNew: 409692K->92K(460800K), 0.0029410 secs] 464351K->54751K(1484800K), 0.0046073 secs] [Times: user=0.00 sys=0.00, real=0.01 secs] 
2019-10-10T12:37:17.112+0000: 595.807: [GC (Allocation Failure) 2019-10-10T12:37:17.114+0000: 595.807: [DefNew: 409692K->98K(460800K), 0.0030035 secs] 464351K->54757K(1484800K), 0.0048167 secs] [Times: user=0.00 sys=0.00, real=0.01 secs] 
2019-10-10T12:37:22.424+0000: 601.119: [GC (Allocation Failure) 2019-10-10T12:37:22.426+0000: 601.119: [DefNew: 409698K->106K(460800K), 0.0029630 secs] 464357K->54766K(1484800K), 0.0045207 secs] [Times: user=0.00 sys=0.00, real=0.00 secs] 
2019-10-10T12:37:28.129+0000: 606.823: [GC (Allocation Failure) 2019-10-10T12:37:28.129+0000: 606.823: [DefNew: 409706K->97K(460800K), 0.0027427 secs] 464366K->54756K(1484800K), 0.0028336 secs] [Times: user=0.00 sys=0.00, real=0.00 secs] 
2019-10-10T12:37:33.441+0000: 612.136: [GC (Allocation Failure) 2019-10-10T12:37:33.442+0000: 612.136: [DefNew: 409697K->236K(460800K), 0.0031095 secs] 464356K->54895K(1484800K), 0.0045190 secs] [Times: user=0.01 sys=0.00, real=0.01 secs] 
2019-10-10T12:37:38.801+0000: 617.495: [GC (Allocation Failure) 2019-10-10T12:37:38.801+0000: 617.495: [DefNew: 409836K->98K(460800K), 0.0026309 secs] 464495K->54757K(1484800K), 0.0027517 secs] [Times: user=0.00 sys=0.00, real=0.01 secs] 
2019-10-10T12:37:44.150+0000: 622.845: [GC (Allocation Failure) 2019-10-10T12:37:44.151+0000: 622.845: [DefNew: 409698K->119K(460800K), 0.0028656 secs] 464357K->54778K(1484800K), 0.0042628 secs] [Times: user=0.00 sys=0.00, real=0.00 secs] 
2019-10-10T12:37:49.639+0000: 628.333: [GC (Allocation Failure) 2019-10-10T12:37:49.639+0000: 628.333: [DefNew: 409719K->107K(460800K), 0.0027667 secs] 464378K->54775K(1484800K), 0.0028681 secs] [Times: user=0.01 sys=0.00, real=0.00 secs] 
2019-10-10T12:37:54.961+0000: 633.656: [GC (Allocation Failure) 2019-10-10T12:37:54.962+0000: 633.656: [DefNew: 409707K->203K(460800K), 0.0030629 secs] 464375K->54870K(1484800K), 0.0044671 secs] [Times: user=0.01 sys=0.00, real=0.01 secs] 
2019-10-10T12:38:00.406+0000: 639.102: [GC (Allocation Failure) 2019-10-10T12:38:00.408+0000: 639.102: [DefNew: 409803K->105K(460800K), 0.0027828 secs] 464470K->54773K(1484800K), 0.0048497 secs] [Times: user=0.01 sys=0.00, real=0.00 secs] 
2019-10-10T12:38:05.657+0000: 644.350: [GC (Allocation Failure) 2019-10-10T12:38:05.657+0000: 644.350: [DefNew: 409705K->90K(460800K), 0.0027134 secs] 464373K->54758K(1484800K), 0.0028001 secs] [Times: user=0.00 sys=0.00, real=0.00 secs] 
2019-10-10T12:38:10.898+0000: 649.593: [GC (Allocation Failure) 2019-10-10T12:38:10.899+0000: 649.593: [DefNew: 409690K->97K(460800K), 0.0029289 secs] 464358K->54765K(1484800K), 0.0043347 secs] [Times: user=0.01 sys=0.00, real=0.00 secs] 
2019-10-10T12:38:16.264+0000: 654.959: [GC (Allocation Failure) 2019-10-10T12:38:16.265+0000: 654.959: [DefNew: 409697K->128K(460800K), 0.0030160 secs] 464365K->54796K(1484800K), 0.0045734 secs] [Times: user=0.01 sys=0.00, real=0.00 secs] 
2019-10-10T12:38:21.563+0000: 660.257: [GC (Allocation Failure) 2019-10-10T12:38:21.564+0000: 660.258: [DefNew: 409728K->90K(460800K), 0.0028947 secs] 464396K->54758K(1484800K), 0.0041935 secs] [Times: user=0.00 sys=0.00, real=0.01 secs] 
2019-10-10T12:38:27.136+0000: 665.829: [GC (Allocation Failure) 2019-10-10T12:38:27.136+0000: 665.829: [DefNew: 409690K->96K(460800K), 0.0025077 secs] 464358K->54764K(1484800K), 0.0025921 secs] [Times: user=0.00 sys=0.01, real=0.00 secs] 
2019-10-10T12:38:32.633+0000: 671.329: [GC (Allocation Failure) 2019-10-10T12:38:32.635+0000: 671.329: [DefNew: 409696K->97K(460800K), 0.0028449 secs] 464364K->54765K(1484800K), 0.0043308 secs] [Times: user=0.00 sys=0.00, real=0.01 secs] 
2019-10-10T12:38:38.093+0000: 676.788: [GC (Allocation Failure) 2019-10-10T12:38:38.094+0000: 676.788: [DefNew: 409697K->149K(460800K), 0.0030320 secs] 464365K->54817K(1484800K), 0.0043282 secs] [Times: user=0.01 sys=0.00, real=0.01 secs] 
2019-10-10T12:38:43.403+0000: 682.098: [GC (Allocation Failure) 2019-10-10T12:38:43.405+0000: 682.098: [DefNew: 409749K->107K(460800K), 0.0029754 secs] 464417K->54775K(1484800K), 0.0045793 secs] [Times: user=0.01 sys=0.00, real=0.01 secs] 
2019-10-10T12:38:48.775+0000: 687.468: [GC (Allocation Failure) 2019-10-10T12:38:48.775+0000: 687.468: [DefNew: 409707K->91K(460800K), 0.0026071 secs] 464375K->54765K(1484800K), 0.0026852 secs] [Times: user=0.01 sys=0.00, real=0.01 secs] 
2019-10-10T12:38:54.290+0000: 692.985: [GC (Allocation Failure) 2019-10-10T12:38:54.291+0000: 692.985: [DefNew: 409691K->90K(460800K), 0.0027085 secs] 464365K->54764K(1484800K), 0.0041021 secs] [Times: user=0.00 sys=0.00, real=0.00 secs] 
2019-10-10T12:38:59.638+0000: 698.332: [GC (Allocation Failure) 2019-10-10T12:38:59.638+0000: 698.332: [DefNew: 409690K->201K(460800K), 0.0029325 secs] 464364K->54876K(1484800K), 0.0030115 secs] [Times: user=0.00 sys=0.00, real=0.00 secs] 
2019-10-10T12:39:05.055+0000: 703.750: [GC (Allocation Failure) 2019-10-10T12:39:05.056+0000: 703.750: [DefNew: 409801K->91K(460800K), 0.0028753 secs] 464476K->54766K(1484800K), 0.0042723 secs] [Times: user=0.00 sys=0.00, real=0.01 secs] 
2019-10-10T12:39:10.356+0000: 709.051: [GC (Allocation Failure) 2019-10-10T12:39:10.358+0000: 709.051: [DefNew: 409691K->116K(460800K), 0.0029457 secs] 464366K->54791K(1484800K), 0.0046653 secs] [Times: user=0.00 sys=0.00, real=0.00 secs] 
2019-10-10T12:39:15.662+0000: 714.357: [GC (Allocation Failure) 2019-10-10T12:39:15.663+0000: 714.357: [DefNew: 409716K->190K(460800K), 0.0030547 secs] 464391K->54865K(1484800K), 0.0045936 secs] [Times: user=0.01 sys=0.00, real=0.01 secs] 
2019-10-10T12:39:20.972+0000: 719.667: [GC (Allocation Failure) 2019-10-10T12:39:20.973+0000: 719.667: [DefNew: 409790K->89K(460800K), 0.0028284 secs] 464465K->54764K(1484800K), 0.0042642 secs] [Times: user=0.00 sys=0.00, real=0.01 secs] 
2019-10-10T12:39:26.370+0000: 725.065: [GC (Allocation Failure) 2019-10-10T12:39:26.371+0000: 725.065: [DefNew: 409689K->147K(460800K), 0.0030703 secs] 464364K->54822K(1484800K), 0.0044980 secs] [Times: user=0.00 sys=0.00, real=0.00 secs] 
2019-10-10T12:39:31.839+0000: 730.532: [GC (Allocation Failure) 2019-10-10T12:39:31.839+0000: 730.532: [DefNew: 409747K->134K(460800K), 0.0027580 secs] 464422K->54809K(1484800K), 0.0028349 secs] [Times: user=0.01 sys=0.00, real=0.00 secs] 
2019-10-10T12:39:37.127+0000: 735.822: [GC (Allocation Failure) 2019-10-10T12:39:37.129+0000: 735.822: [DefNew: 409734K->163K(460800K), 0.0031704 secs] 464409K->54838K(1484800K), 0.0048086 secs] [Times: user=0.00 sys=0.00, real=0.00 secs] 
2019-10-10T12:39:42.384+0000: 741.079: [GC (Allocation Failure) 2019-10-10T12:39:42.386+0000: 741.079: [DefNew: 409763K->96K(460800K), 0.0029284 secs] 464438K->54771K(1484800K), 0.0043628 secs] [Times: user=0.00 sys=0.00, real=0.00 secs] 
2019-10-10T12:39:47.826+0000: 746.520: [GC (Allocation Failure) 2019-10-10T12:39:47.826+0000: 746.520: [DefNew: 409696K->89K(460800K), 0.0026833 secs] 464371K->54771K(1484800K), 0.0027722 secs] [Times: user=0.00 sys=0.00, real=0.00 secs] 
2019-10-10T12:39:53.144+0000: 751.839: [GC (Allocation Failure) 2019-10-10T12:39:53.145+0000: 751.839: [DefNew: 409689K->130K(460800K), 0.0030493 secs] 464371K->54812K(1484800K), 0.0044514 secs] [Times: user=0.00 sys=0.00, real=0.00 secs] 
2019-10-10T12:39:58.486+0000: 757.181: [GC (Allocation Failure) 2019-10-10T12:39:58.487+0000: 757.181: [DefNew: 409730K->89K(460800K), 0.0027853 secs] 464412K->54771K(1484800K), 0.0040298 secs] [Times: user=0.01 sys=0.00, real=0.00 secs] 
2019-10-10T12:40:03.852+0000: 762.546: [GC (Allocation Failure) 2019-10-10T12:40:03.852+0000: 762.546: [DefNew: 409689K->99K(460800K), 0.0025694 secs] 464371K->54781K(1484800K), 0.0027943 secs] [Times: user=0.00 sys=0.00, real=0.00 secs] 
2019-10-10T12:40:09.261+0000: 767.956: [GC (Allocation Failure) 2019-10-10T12:40:09.262+0000: 767.956: [DefNew: 409699K->120K(460800K), 0.0028902 secs] 464381K->54802K(1484800K), 0.0042875 secs] [Times: user=0.00 sys=0.00, real=0.01 secs] 
2019-10-10T12:40:14.616+0000: 773.311: [GC (Allocation Failure) 2019-10-10T12:40:14.617+0000: 773.311: [DefNew: 409720K->90K(460800K), 0.0027674 secs] 464402K->54772K(1484800K), 0.0043122 secs] [Times: user=0.00 sys=0.00, real=0.00 secs] 
2019-10-10T12:40:19.960+0000: 778.655: [GC (Allocation Failure) 2019-10-10T12:40:19.962+0000: 778.655: [DefNew: 409690K->229K(460800K), 0.0032884 secs] 464372K->54911K(1484800K), 0.0047514 secs] [Times: user=0.00 sys=0.00, real=0.01 secs] 
2019-10-10T12:40:25.397+0000: 784.091: [GC (Allocation Failure) 2019-10-10T12:40:25.398+0000: 784.091: [DefNew: 409829K->141K(460800K), 0.0030267 secs] 464511K->54823K(1484800K), 0.0043273 secs] [Times: user=0.00 sys=0.00, real=0.00 secs] 
2019-10-10T12:40:30.897+0000: 789.590: [GC (Allocation Failure) 2019-10-10T12:40:30.897+0000: 789.591: [DefNew: 409741K->130K(460800K), 0.0027920 secs] 464423K->54812K(1484800K), 0.0028869 secs] [Times: user=0.01 sys=0.00, real=0.00 secs] 
2019-10-10T12:40:36.250+0000: 794.945: [GC (Allocation Failure) 2019-10-10T12:40:36.251+0000: 794.945: [DefNew: 409730K->111K(460800K), 0.0028220 secs] 464412K->54793K(1484800K), 0.0042395 secs] [Times: user=0.01 sys=0.00, real=0.00 secs] 
2019-10-10T12:40:41.504+0000: 800.199: [GC (Allocation Failure) 2019-10-10T12:40:41.506+0000: 800.200: [DefNew: 409711K->99K(460800K), 0.0030379 secs] 464393K->54781K(1484800K), 0.0044760 secs] [Times: user=0.00 sys=0.00, real=0.00 secs] 
2019-10-10T12:40:46.951+0000: 805.645: [GC (Allocation Failure) 2019-10-10T12:40:46.951+0000: 805.645: [DefNew: 409699K->98K(460800K), 0.0026229 secs] 464381K->54785K(1484800K), 0.0027351 secs] [Times: user=0.00 sys=0.00, real=0.00 secs] 
2019-10-10T12:40:52.167+0000: 810.862: [GC (Allocation Failure) 2019-10-10T12:40:52.168+0000: 810.862: [DefNew: 409698K->93K(460800K), 0.0028454 secs] 464385K->54781K(1484800K), 0.0042423 secs] [Times: user=0.00 sys=0.00, real=0.00 secs] 
2019-10-10T12:40:57.463+0000: 816.158: [GC (Allocation Failure) 2019-10-10T12:40:57.465+0000: 816.158: [DefNew: 409693K->101K(460800K), 0.0026381 secs] 464381K->54789K(1484800K), 0.0040177 secs] [Times: user=0.00 sys=0.00, real=0.01 secs] 
2019-10-10T12:41:02.760+0000: 821.454: [GC (Allocation Failure) 2019-10-10T12:41:02.760+0000: 821.454: [DefNew: 409701K->93K(460800K), 0.0025058 secs] 464389K->54782K(1484800K), 0.0025825 secs] [Times: user=0.00 sys=0.00, real=0.00 secs] 
2019-10-10T12:41:07.941+0000: 826.636: [GC (Allocation Failure) 2019-10-10T12:41:07.942+0000: 826.636: [DefNew: 409693K->185K(460800K), 0.0030739 secs] 464382K->54873K(1484800K), 0.0047043 secs] [Times: user=0.00 sys=0.00, real=0.01 secs] 
2019-10-10T12:41:13.248+0000: 831.942: [GC (Allocation Failure) 2019-10-10T12:41:13.248+0000: 831.942: [DefNew: 409785K->97K(460800K), 0.0025397 secs] 464473K->54785K(1484800K), 0.0026256 secs] [Times: user=0.00 sys=0.00, real=0.00 secs] 
2019-10-10T12:41:18.493+0000: 837.186: [GC (Allocation Failure) 2019-10-10T12:41:18.493+0000: 837.186: [DefNew: 409697K->93K(460800K), 0.0027681 secs] 464385K->54782K(1484800K), 0.0028546 secs] [Times: user=0.00 sys=0.00, real=0.01 secs] 
2019-10-10T12:41:23.908+0000: 842.602: [GC (Allocation Failure) 2019-10-10T12:41:23.908+0000: 842.602: [DefNew: 409693K->113K(460800K), 0.0028761 secs] 464382K->54802K(1484800K), 0.0029543 secs] [Times: user=0.01 sys=0.00, real=0.00 secs] 
2019-10-10T12:41:29.358+0000: 848.053: [GC (Allocation Failure) 2019-10-10T12:41:29.360+0000: 848.053: [DefNew: 409713K->97K(460800K), 0.0027827 secs] 464402K->54786K(1484800K), 0.0042818 secs] [Times: user=0.00 sys=0.00, real=0.00 secs] 
2019-10-10T12:41:34.669+0000: 853.364: [GC (Allocation Failure) 2019-10-10T12:41:34.671+0000: 853.364: [DefNew: 409697K->247K(460800K), 0.0031772 secs] 464386K->54936K(1484800K), 0.0046287 secs] [Times: user=0.01 sys=0.00, real=0.00 secs] 
2019-10-10T12:41:39.953+0000: 858.647: [GC (Allocation Failure) 2019-10-10T12:41:39.954+0000: 858.647: [DefNew: 409847K->211K(460800K), 0.0031218 secs] 464536K->54900K(1484800K), 0.0043706 secs] [Times: user=0.01 sys=0.00, real=0.01 secs] 
2019-10-10T12:41:45.537+0000: 864.232: [GC (Allocation Failure) 2019-10-10T12:41:45.538+0000: 864.232: [DefNew: 409811K->302K(460800K), 0.0036036 secs] 464500K->54997K(1484800K), 0.0049912 secs] [Times: user=0.00 sys=0.00, real=0.00 secs] 
2019-10-10T12:41:50.867+0000: 869.561: [GC (Allocation Failure) 2019-10-10T12:41:50.867+0000: 869.561: [DefNew: 409902K->93K(460800K), 0.0027411 secs] 464597K->54791K(1484800K), 0.0028163 secs] [Times: user=0.00 sys=0.00, real=0.00 secs] 
2019-10-10T12:41:56.276+0000: 874.971: [GC (Allocation Failure) 2019-10-10T12:41:56.278+0000: 874.971: [DefNew: 409693K->89K(460800K), 0.0029349 secs] 464391K->54786K(1484800K), 0.0042873 secs] [Times: user=0.01 sys=0.00, real=0.00 secs] 
2019-10-10T12:42:01.805+0000: 880.499: [GC (Allocation Failure) 2019-10-10T12:42:01.805+0000: 880.499: [DefNew: 409689K->134K(460800K), 0.0027237 secs] 464386K->54831K(1484800K), 0.0028118 secs] [Times: user=0.01 sys=0.00, real=0.00 secs] 
2019-10-10T12:42:07.193+0000: 885.888: [GC (Allocation Failure) 2019-10-10T12:42:07.194+0000: 885.888: [DefNew: 409734K->100K(460800K), 0.0030706 secs] 464431K->54797K(1484800K), 0.0046044 secs] [Times: user=0.00 sys=0.00, real=0.01 secs] 
2019-10-10T12:42:12.582+0000: 891.276: [GC (Allocation Failure) 2019-10-10T12:42:12.583+0000: 891.277: [DefNew: 409700K->215K(460800K), 0.0030534 secs] 464397K->54912K(1484800K), 0.0043211 secs] [Times: user=0.01 sys=0.00, real=0.01 secs] 
2019-10-10T12:42:17.901+0000: 896.596: [GC (Allocation Failure) 2019-10-10T12:42:17.902+0000: 896.596: [DefNew: 409815K->90K(460800K), 0.0028841 secs] 464512K->54787K(1484800K), 0.0042401 secs] [Times: user=0.01 sys=0.00, real=0.01 secs] 
2019-10-10T12:42:23.309+0000: 902.002: [GC (Allocation Failure) 2019-10-10T12:42:23.309+0000: 902.002: [DefNew: 409690K->150K(460800K), 0.0028668 secs] 464387K->54848K(1484800K), 0.0029496 secs] [Times: user=0.01 sys=0.00, real=0.00 secs] 
2019-10-10T12:42:28.716+0000: 907.410: [GC (Allocation Failure) 2019-10-10T12:42:28.716+0000: 907.410: [DefNew: 409750K->271K(460800K), 0.0032145 secs] 464448K->54969K(1484800K), 0.0033092 secs] [Times: user=0.00 sys=0.00, real=0.00 secs] 
2019-10-10T12:42:33.937+0000: 912.632: [GC (Allocation Failure) 2019-10-10T12:42:33.938+0000: 912.632: [DefNew: 409871K->106K(460800K), 0.0028553 secs] 464569K->54804K(1484800K), 0.0041036 secs] [Times: user=0.00 sys=0.00, real=0.00 secs] 
2019-10-10T12:42:39.248+0000: 917.943: [GC (Allocation Failure) 2019-10-10T12:42:39.250+0000: 917.944: [DefNew: 409706K->123K(460800K), 0.0029368 secs] 464404K->54821K(1484800K), 0.0044250 secs] [Times: user=0.00 sys=0.00, real=0.00 secs] 
2019-10-10T12:42:44.589+0000: 923.284: [GC (Allocation Failure) 2019-10-10T12:42:44.590+0000: 923.284: [DefNew: 409723K->252K(460800K), 0.0033948 secs] 464421K->54950K(1484800K), 0.0046431 secs] [Times: user=0.00 sys=0.00, real=0.00 secs] 
2019-10-10T12:42:49.829+0000: 928.523: [GC (Allocation Failure) 2019-10-10T12:42:49.829+0000: 928.523: [DefNew: 409852K->204K(460800K), 0.0029874 secs] 464550K->54908K(1484800K), 0.0030662 secs] [Times: user=0.00 sys=0.00, real=0.00 secs] 
2019-10-10T12:42:55.219+0000: 933.914: [GC (Allocation Failure) 2019-10-10T12:42:55.220+0000: 933.914: [DefNew: 409804K->88K(460800K), 0.0029065 secs] 464508K->54792K(1484800K), 0.0044638 secs] [Times: user=0.00 sys=0.00, real=0.00 secs] 
2019-10-10T12:43:00.554+0000: 939.248: [GC (Allocation Failure) 2019-10-10T12:43:00.555+0000: 939.249: [DefNew: 409688K->186K(460800K), 0.0031810 secs] 464392K->54890K(1484800K), 0.0044160 secs] [Times: user=0.00 sys=0.00, real=0.01 secs] 
2019-10-10T12:43:06.005+0000: 944.699: [GC (Allocation Failure) 2019-10-10T12:43:06.005+0000: 944.699: [DefNew: 409786K->89K(460800K), 0.0027091 secs] 464490K->54793K(1484800K), 0.0027989 secs] [Times: user=0.00 sys=0.00, real=0.00 secs] 
2019-10-10T12:43:11.370+0000: 950.065: [GC (Allocation Failure) 2019-10-10T12:43:11.371+0000: 950.065: [DefNew: 409689K->89K(460800K), 0.0029216 secs] 464393K->54793K(1484800K), 0.0043150 secs] [Times: user=0.00 sys=0.00, real=0.00 secs] 
2019-10-10T12:43:16.656+0000: 955.350: [GC (Allocation Failure) 2019-10-10T12:43:16.656+0000: 955.350: [DefNew: 409689K->95K(460800K), 0.0027517 secs] 464393K->54799K(1484800K), 0.0028535 secs] [Times: user=0.01 sys=0.00, real=0.00 secs] 
2019-10-10T12:43:22.050+0000: 960.745: [GC (Allocation Failure) 2019-10-10T12:43:22.052+0000: 960.745: [DefNew: 409695K->100K(460800K), 0.0029975 secs] 464399K->54803K(1484800K), 0.0042177 secs] [Times: user=0.01 sys=0.00, real=0.00 secs] 
2019-10-10T12:43:27.742+0000: 966.436: [GC (Allocation Failure) 2019-10-10T12:43:27.743+0000: 966.436: [DefNew: 409700K->271K(460800K), 0.0034162 secs] 464403K->54975K(1484800K), 0.0035123 secs] [Times: user=0.00 sys=0.00, real=0.01 secs] 
2019-10-10T12:43:33.111+0000: 971.806: [GC (Allocation Failure) 2019-10-10T12:43:33.112+0000: 971.806: [DefNew: 409871K->99K(460800K), 0.0029226 secs] 464575K->54803K(1484800K), 0.0042366 secs] [Times: user=0.00 sys=0.00, real=0.00 secs] 
2019-10-10T12:43:38.370+0000: 977.065: [GC (Allocation Failure) 2019-10-10T12:43:38.371+0000: 977.065: [DefNew: 409699K->113K(460800K), 0.0028934 secs] 464403K->54818K(1484800K), 0.0042765 secs] [Times: user=0.00 sys=0.00, real=0.00 secs] 
2019-10-10T12:43:43.582+0000: 982.277: [GC (Allocation Failure) 2019-10-10T12:43:43.584+0000: 982.277: [DefNew: 409713K->156K(460800K), 0.0030765 secs] 464418K->54860K(1484800K), 0.0044075 secs] [Times: user=0.00 sys=0.00, real=0.01 secs] 
2019-10-10T12:43:48.975+0000: 987.670: [GC (Allocation Failure) 2019-10-10T12:43:48.976+0000: 987.670: [DefNew: 409756K->102K(460800K), 0.0028452 secs] 464460K->54812K(1484800K), 0.0042469 secs] [Times: user=0.00 sys=0.00, real=0.01 secs] 
2019-10-10T12:43:54.368+0000: 993.062: [GC (Allocation Failure) 2019-10-10T12:43:54.368+0000: 993.062: [DefNew: 409702K->93K(460800K), 0.0026643 secs] 464412K->54803K(1484800K), 0.0027458 secs] [Times: user=0.00 sys=0.00, real=0.00 secs] 
2019-10-10T12:43:59.709+0000: 998.403: [GC (Allocation Failure) 2019-10-10T12:43:59.710+0000: 998.403: [DefNew: 409693K->92K(460800K), 0.0027015 secs] 464403K->54803K(1484800K), 0.0027901 secs] [Times: user=0.00 sys=0.00, real=0.00 secs] 
2019-10-10T12:44:05.119+0000: 1003.814: [GC (Allocation Failure) 2019-10-10T12:44:05.120+0000: 1003.814: [DefNew: 409692K->91K(460800K), 0.0029531 secs] 464403K->54802K(1484800K), 0.0044452 secs] [Times: user=0.01 sys=0.00, real=0.00 secs] 
2019-10-10T12:44:10.572+0000: 1009.267: [GC (Allocation Failure) 2019-10-10T12:44:10.574+0000: 1009.267: [DefNew: 409691K->238K(460800K), 0.0030974 secs] 464402K->54948K(1484800K), 0.0044839 secs] [Times: user=0.00 sys=0.00, real=0.01 secs] 
2019-10-10T12:44:15.982+0000: 1014.678: [GC (Allocation Failure) 2019-10-10T12:44:15.984+0000: 1014.678: [DefNew: 409838K->232K(460800K), 0.0032197 secs] 464548K->54943K(1484800K), 0.0048934 secs] [Times: user=0.01 sys=0.00, real=0.01 secs] 
2019-10-10T12:44:21.521+0000: 1020.215: [GC (Allocation Failure) 2019-10-10T12:44:21.521+0000: 1020.215: [DefNew: 409832K->90K(460800K), 0.0025997 secs] 464543K->54801K(1484800K), 0.0026766 secs] [Times: user=0.01 sys=0.00, real=0.01 secs] 
12:44:21.768 [Client] INFO  c.s.f.r.e.s.SocketRear  - FlameSocketGraphDeployerRear@flamestream-benchmarks-worker-1: has been disconnected from Connection 2
12:44:21.772 [Client] INFO  c.s.f.r.e.s.SocketFront  - FlameSocketGraphDeployerFront@flamestream-benchmarks-worker-1 has been disconnected from Connection 2
12:44:21.776 [worker-akka.actor.default-dispatcher-14] WARN  c.s.f.r.e.s.SocketRear  - FlameSocketGraphDeployerRear@flamestream-benchmarks-worker-1: writing to closed log
12:44:21.777 [worker-akka.actor.default-dispatcher-14] WARN  c.s.f.r.e.s.SocketRear  - FlameSocketGraphDeployerRear@flamestream-benchmarks-worker-1: writing to closed log
12:44:21.806 [worker-akka.actor.default-dispatcher-14] WARN  c.s.f.r.e.s.SocketRear  - FlameSocketGraphDeployerRear@flamestream-benchmarks-worker-1: writing to closed log
12:44:21.807 [worker-akka.actor.default-dispatcher-14] WARN  c.s.f.r.e.s.SocketRear  - FlameSocketGraphDeployerRear@flamestream-benchmarks-worker-1: writing to closed log
12:44:21.846 [worker-akka.actor.default-dispatcher-14] WARN  c.s.f.r.e.s.SocketRear  - FlameSocketGraphDeployerRear@flamestream-benchmarks-worker-1: writing to closed log
12:44:21.897 [worker-akka.actor.default-dispatcher-14] WARN  c.s.f.r.e.s.SocketRear  - FlameSocketGraphDeployerRear@flamestream-benchmarks-worker-1: writing to closed log
12:44:21.908 [worker-akka.actor.default-dispatcher-14] WARN  c.s.f.r.e.s.SocketRear  - FlameSocketGraphDeployerRear@flamestream-benchmarks-worker-1: writing to closed log
12:44:21.956 [worker-akka.actor.default-dispatcher-14] WARN  c.s.f.r.e.s.SocketRear  - FlameSocketGraphDeployerRear@flamestream-benchmarks-worker-1: writing to closed log
12:44:21.998 [worker-akka.actor.default-dispatcher-14] WARN  c.s.f.r.e.s.SocketRear  - FlameSocketGraphDeployerRear@flamestream-benchmarks-worker-1: writing to closed log
12:44:22.005 [worker-akka.actor.default-dispatcher-14] WARN  c.s.f.r.e.s.SocketRear  - FlameSocketGraphDeployerRear@flamestream-benchmarks-worker-1: writing to closed log
12:44:22.005 [worker-akka.actor.default-dispatcher-14] WARN  c.s.f.r.e.s.SocketRear  - FlameSocketGraphDeployerRear@flamestream-benchmarks-worker-1: writing to closed log
12:44:22.027 [worker-akka.actor.default-dispatcher-14] WARN  c.s.f.r.e.s.SocketRear  - FlameSocketGraphDeployerRear@flamestream-benchmarks-worker-1: writing to closed log
12:44:22.062 [worker-akka.actor.default-dispatcher-14] WARN  c.s.f.r.e.s.SocketRear  - FlameSocketGraphDeployerRear@flamestream-benchmarks-worker-1: writing to closed log
12:44:22.063 [worker-akka.actor.default-dispatcher-14] WARN  c.s.f.r.e.s.SocketRear  - FlameSocketGraphDeployerRear@flamestream-benchmarks-worker-1: writing to closed log
12:44:22.064 [worker-akka.actor.default-dispatcher-14] WARN  c.s.f.r.e.s.SocketRear  - FlameSocketGraphDeployerRear@flamestream-benchmarks-worker-1: writing to closed log
12:44:22.073 [worker-akka.actor.default-dispatcher-14] WARN  c.s.f.r.e.s.SocketRear  - FlameSocketGraphDeployerRear@flamestream-benchmarks-worker-1: writing to closed log
12:44:22.121 [worker-akka.actor.default-dispatcher-14] WARN  c.s.f.r.e.s.SocketRear  - FlameSocketGraphDeployerRear@flamestream-benchmarks-worker-1: writing to closed log
12:44:22.122 [worker-akka.actor.default-dispatcher-14] WARN  c.s.f.r.e.s.SocketRear  - FlameSocketGraphDeployerRear@flamestream-benchmarks-worker-1: writing to closed log
12:44:22.140 [worker-akka.actor.default-dispatcher-14] WARN  c.s.f.r.e.s.SocketRear  - FlameSocketGraphDeployerRear@flamestream-benchmarks-worker-1: writing to closed log
12:44:22.140 [worker-akka.actor.default-dispatcher-14] WARN  c.s.f.r.e.s.SocketRear  - FlameSocketGraphDeployerRear@flamestream-benchmarks-worker-1: writing to closed log
12:44:22.142 [worker-akka.actor.default-dispatcher-14] WARN  c.s.f.r.e.s.SocketRear  - FlameSocketGraphDeployerRear@flamestream-benchmarks-worker-1: writing to closed log
12:44:22.182 [worker-akka.actor.default-dispatcher-14] WARN  c.s.f.r.e.s.SocketRear  - FlameSocketGraphDeployerRear@flamestream-benchmarks-worker-1: writing to closed log
12:44:22.183 [worker-akka.actor.default-dispatcher-14] WARN  c.s.f.r.e.s.SocketRear  - FlameSocketGraphDeployerRear@flamestream-benchmarks-worker-1: writing to closed log
12:44:22.208 [worker-akka.actor.default-dispatcher-14] WARN  c.s.f.r.e.s.SocketRear  - FlameSocketGraphDeployerRear@flamestream-benchmarks-worker-1: writing to closed log
12:44:22.210 [worker-akka.actor.default-dispatcher-14] WARN  c.s.f.r.e.s.SocketRear  - FlameSocketGraphDeployerRear@flamestream-benchmarks-worker-1: writing to closed log
12:44:22.274 [worker-akka.actor.default-dispatcher-14] WARN  c.s.f.r.e.s.SocketRear  - FlameSocketGraphDeployerRear@flamestream-benchmarks-worker-1: writing to closed log
12:44:22.275 [worker-akka.actor.default-dispatcher-14] WARN  c.s.f.r.e.s.SocketRear  - FlameSocketGraphDeployerRear@flamestream-benchmarks-worker-1: writing to closed log
12:44:22.396 [worker-akka.actor.default-dispatcher-14] WARN  c.s.f.r.e.s.SocketRear  - FlameSocketGraphDeployerRear@flamestream-benchmarks-worker-1: writing to closed log
12:44:22.396 [worker-akka.actor.default-dispatcher-14] WARN  c.s.f.r.e.s.SocketRear  - FlameSocketGraphDeployerRear@flamestream-benchmarks-worker-1: writing to closed log
12:44:22.396 [worker-akka.actor.default-dispatcher-14] WARN  c.s.f.r.e.s.SocketRear  - FlameSocketGraphDeployerRear@flamestream-benchmarks-worker-1: writing to closed log
12:44:22.397 [worker-akka.actor.default-dispatcher-14] WARN  c.s.f.r.e.s.SocketRear  - FlameSocketGraphDeployerRear@flamestream-benchmarks-worker-1: writing to closed log
12:44:22.398 [worker-akka.actor.default-dispatcher-14] WARN  c.s.f.r.e.s.SocketRear  - FlameSocketGraphDeployerRear@flamestream-benchmarks-worker-1: writing to closed log
12:44:22.424 [worker-akka.actor.default-dispatcher-14] WARN  c.s.f.r.e.s.SocketRear  - FlameSocketGraphDeployerRear@flamestream-benchmarks-worker-1: writing to closed log
12:44:22.425 [worker-akka.actor.default-dispatcher-14] WARN  c.s.f.r.e.s.SocketRear  - FlameSocketGraphDeployerRear@flamestream-benchmarks-worker-1: writing to closed log
12:44:22.538 [worker-akka.actor.default-dispatcher-14] WARN  c.s.f.r.e.s.SocketRear  - FlameSocketGraphDeployerRear@flamestream-benchmarks-worker-1: writing to closed log
12:44:22.539 [worker-akka.actor.default-dispatcher-14] WARN  c.s.f.r.e.s.SocketRear  - FlameSocketGraphDeployerRear@flamestream-benchmarks-worker-1: writing to closed log
12:44:22.541 [worker-akka.actor.default-dispatcher-14] WARN  c.s.f.r.e.s.SocketRear  - FlameSocketGraphDeployerRear@flamestream-benchmarks-worker-1: writing to closed log
12:44:22.541 [worker-akka.actor.default-dispatcher-14] WARN  c.s.f.r.e.s.SocketRear  - FlameSocketGraphDeployerRear@flamestream-benchmarks-worker-1: writing to closed log
12:44:22.541 [worker-akka.actor.default-dispatcher-14] WARN  c.s.f.r.e.s.SocketRear  - FlameSocketGraphDeployerRear@flamestream-benchmarks-worker-1: writing to closed log
12:44:22.542 [worker-akka.actor.default-dispatcher-14] WARN  c.s.f.r.e.s.SocketRear  - FlameSocketGraphDeployerRear@flamestream-benchmarks-worker-1: writing to closed log
12:44:22.542 [worker-akka.actor.default-dispatcher-14] WARN  c.s.f.r.e.s.SocketRear  - FlameSocketGraphDeployerRear@flamestream-benchmarks-worker-1: writing to closed log
12:44:22.562 [worker-akka.actor.default-dispatcher-14] WARN  c.s.f.r.e.s.SocketRear  - FlameSocketGraphDeployerRear@flamestream-benchmarks-worker-1: writing to closed log
12:44:22.563 [worker-akka.actor.default-dispatcher-14] WARN  c.s.f.r.e.s.SocketRear  - FlameSocketGraphDeployerRear@flamestream-benchmarks-worker-1: writing to closed log
12:44:22.622 [worker-akka.actor.default-dispatcher-14] WARN  c.s.f.r.e.s.SocketRear  - FlameSocketGraphDeployerRear@flamestream-benchmarks-worker-1: writing to closed log
12:44:22.624 [worker-akka.actor.default-dispatcher-14] WARN  c.s.f.r.e.s.SocketRear  - FlameSocketGraphDeployerRear@flamestream-benchmarks-worker-1: writing to closed log
12:44:22.650 [worker-akka.actor.default-dispatcher-14] WARN  c.s.f.r.e.s.SocketRear  - FlameSocketGraphDeployerRear@flamestream-benchmarks-worker-1: writing to closed log
12:44:22.679 [worker-akka.actor.default-dispatcher-14] WARN  c.s.f.r.e.s.SocketRear  - FlameSocketGraphDeployerRear@flamestream-benchmarks-worker-1: writing to closed log
12:44:22.681 [worker-akka.actor.default-dispatcher-14] WARN  c.s.f.r.e.s.SocketRear  - FlameSocketGraphDeployerRear@flamestream-benchmarks-worker-1: writing to closed log
12:44:22.681 [worker-akka.actor.default-dispatcher-14] WARN  c.s.f.r.e.s.SocketRear  - FlameSocketGraphDeployerRear@flamestream-benchmarks-worker-1: writing to closed log
12:44:22.681 [worker-akka.actor.default-dispatcher-14] WARN  c.s.f.r.e.s.SocketRear  - FlameSocketGraphDeployerRear@flamestream-benchmarks-worker-1: writing to closed log
12:44:22.711 [worker-akka.actor.default-dispatcher-14] WARN  c.s.f.r.e.s.SocketRear  - FlameSocketGraphDeployerRear@flamestream-benchmarks-worker-1: writing to closed log
12:44:22.711 [worker-akka.actor.default-dispatcher-14] WARN  c.s.f.r.e.s.SocketRear  - FlameSocketGraphDeployerRear@flamestream-benchmarks-worker-1: writing to closed log
12:44:22.711 [worker-akka.actor.default-dispatcher-14] WARN  c.s.f.r.e.s.SocketRear  - FlameSocketGraphDeployerRear@flamestream-benchmarks-worker-1: writing to closed log
12:44:22.730 [worker-akka.actor.default-dispatcher-14] WARN  c.s.f.r.e.s.SocketRear  - FlameSocketGraphDeployerRear@flamestream-benchmarks-worker-1: writing to closed log
12:44:22.731 [worker-akka.actor.default-dispatcher-14] WARN  c.s.f.r.e.s.SocketRear  - FlameSocketGraphDeployerRear@flamestream-benchmarks-worker-1: writing to closed log
12:44:22.756 [worker-akka.actor.default-dispatcher-14] WARN  c.s.f.r.e.s.SocketRear  - FlameSocketGraphDeployerRear@flamestream-benchmarks-worker-1: writing to closed log
12:44:22.756 [worker-akka.actor.default-dispatcher-14] WARN  c.s.f.r.e.s.SocketRear  - FlameSocketGraphDeployerRear@flamestream-benchmarks-worker-1: writing to closed log
12:44:22.763 [worker-akka.actor.default-dispatcher-14] WARN  c.s.f.r.e.s.SocketRear  - FlameSocketGraphDeployerRear@flamestream-benchmarks-worker-1: writing to closed log
12:44:22.791 [worker-akka.actor.default-dispatcher-14] WARN  c.s.f.r.e.s.SocketRear  - FlameSocketGraphDeployerRear@flamestream-benchmarks-worker-1: writing to closed log
12:44:22.794 [worker-akka.actor.default-dispatcher-14] WARN  c.s.f.r.e.s.SocketRear  - FlameSocketGraphDeployerRear@flamestream-benchmarks-worker-1: writing to closed log
12:44:22.795 [worker-akka.actor.default-dispatcher-14] WARN  c.s.f.r.e.s.SocketRear  - FlameSocketGraphDeployerRear@flamestream-benchmarks-worker-1: writing to closed log
12:44:22.795 [worker-akka.actor.default-dispatcher-14] WARN  c.s.f.r.e.s.SocketRear  - FlameSocketGraphDeployerRear@flamestream-benchmarks-worker-1: writing to closed log
12:44:22.796 [worker-akka.actor.default-dispatcher-14] WARN  c.s.f.r.e.s.SocketRear  - FlameSocketGraphDeployerRear@flamestream-benchmarks-worker-1: writing to closed log
12:44:22.798 [worker-akka.actor.default-dispatcher-14] WARN  c.s.f.r.e.s.SocketRear  - FlameSocketGraphDeployerRear@flamestream-benchmarks-worker-1: writing to closed log
12:44:22.799 [worker-akka.actor.default-dispatcher-14] WARN  c.s.f.r.e.s.SocketRear  - FlameSocketGraphDeployerRear@flamestream-benchmarks-worker-1: writing to closed log
12:44:22.799 [worker-akka.actor.default-dispatcher-14] WARN  c.s.f.r.e.s.SocketRear  - FlameSocketGraphDeployerRear@flamestream-benchmarks-worker-1: writing to closed log
12:44:22.819 [worker-akka.actor.default-dispatcher-14] WARN  c.s.f.r.e.s.SocketRear  - FlameSocketGraphDeployerRear@flamestream-benchmarks-worker-1: writing to closed log
12:44:22.821 [worker-akka.actor.default-dispatcher-14] WARN  c.s.f.r.e.s.SocketRear  - FlameSocketGraphDeployerRear@flamestream-benchmarks-worker-1: writing to closed log
12:44:22.821 [worker-akka.actor.default-dispatcher-14] WARN  c.s.f.r.e.s.SocketRear  - FlameSocketGraphDeployerRear@flamestream-benchmarks-worker-1: writing to closed log
12:44:22.823 [worker-akka.actor.default-dispatcher-14] WARN  c.s.f.r.e.s.SocketRear  - FlameSocketGraphDeployerRear@flamestream-benchmarks-worker-1: writing to closed log
12:44:22.823 [worker-akka.actor.default-dispatcher-14] WARN  c.s.f.r.e.s.SocketRear  - FlameSocketGraphDeployerRear@flamestream-benchmarks-worker-1: writing to closed log
12:44:22.849 [worker-akka.actor.default-dispatcher-14] WARN  c.s.f.r.e.s.SocketRear  - FlameSocketGraphDeployerRear@flamestream-benchmarks-worker-1: writing to closed log
12:44:22.849 [worker-akka.actor.default-dispatcher-14] WARN  c.s.f.r.e.s.SocketRear  - FlameSocketGraphDeployerRear@flamestream-benchmarks-worker-1: writing to closed log
12:44:22.859 [worker-akka.actor.default-dispatcher-14] WARN  c.s.f.r.e.s.SocketRear  - FlameSocketGraphDeployerRear@flamestream-benchmarks-worker-1: writing to closed log
12:44:22.860 [worker-akka.actor.default-dispatcher-14] WARN  c.s.f.r.e.s.SocketRear  - FlameSocketGraphDeployerRear@flamestream-benchmarks-worker-1: writing to closed log
12:44:22.860 [worker-akka.actor.default-dispatcher-14] WARN  c.s.f.r.e.s.SocketRear  - FlameSocketGraphDeployerRear@flamestream-benchmarks-worker-1: writing to closed log
12:44:22.860 [worker-akka.actor.default-dispatcher-14] WARN  c.s.f.r.e.s.SocketRear  - FlameSocketGraphDeployerRear@flamestream-benchmarks-worker-1: writing to closed log
12:44:22.863 [worker-akka.actor.default-dispatcher-14] WARN  c.s.f.r.e.s.SocketRear  - FlameSocketGraphDeployerRear@flamestream-benchmarks-worker-1: writing to closed log
12:44:22.865 [worker-akka.actor.default-dispatcher-14] WARN  c.s.f.r.e.s.SocketRear  - FlameSocketGraphDeployerRear@flamestream-benchmarks-worker-1: writing to closed log
12:44:22.865 [worker-akka.actor.default-dispatcher-14] WARN  c.s.f.r.e.s.SocketRear  - FlameSocketGraphDeployerRear@flamestream-benchmarks-worker-1: writing to closed log
12:44:22.869 [worker-akka.actor.default-dispatcher-14] WARN  c.s.f.r.e.s.SocketRear  - FlameSocketGraphDeployerRear@flamestream-benchmarks-worker-1: writing to closed log
12:44:22.869 [worker-akka.actor.default-dispatcher-14] WARN  c.s.f.r.e.s.SocketRear  - FlameSocketGraphDeployerRear@flamestream-benchmarks-worker-1: writing to closed log
12:44:22.883 [worker-akka.actor.default-dispatcher-14] WARN  c.s.f.r.e.s.SocketRear  - FlameSocketGraphDeployerRear@flamestream-benchmarks-worker-1: writing to closed log
12:44:22.884 [worker-akka.actor.default-dispatcher-14] WARN  c.s.f.r.e.s.SocketRear  - FlameSocketGraphDeployerRear@flamestream-benchmarks-worker-1: writing to closed log
12:44:22.884 [worker-akka.actor.default-dispatcher-14] WARN  c.s.f.r.e.s.SocketRear  - FlameSocketGraphDeployerRear@flamestream-benchmarks-worker-1: writing to closed log
12:44:22.884 [worker-akka.actor.default-dispatcher-14] WARN  c.s.f.r.e.s.SocketRear  - FlameSocketGraphDeployerRear@flamestream-benchmarks-worker-1: writing to closed log
12:44:22.884 [worker-akka.actor.default-dispatcher-14] WARN  c.s.f.r.e.s.SocketRear  - FlameSocketGraphDeployerRear@flamestream-benchmarks-worker-1: writing to closed log
12:44:22.890 [worker-akka.actor.default-dispatcher-14] WARN  c.s.f.r.e.s.SocketRear  - FlameSocketGraphDeployerRear@flamestream-benchmarks-worker-1: writing to closed log
12:44:22.891 [worker-akka.actor.default-dispatcher-14] WARN  c.s.f.r.e.s.SocketRear  - FlameSocketGraphDeployerRear@flamestream-benchmarks-worker-1: writing to closed log
12:44:22.891 [worker-akka.actor.default-dispatcher-14] WARN  c.s.f.r.e.s.SocketRear  - FlameSocketGraphDeployerRear@flamestream-benchmarks-worker-1: writing to closed log
12:44:22.898 [worker-akka.actor.default-dispatcher-14] WARN  c.s.f.r.e.s.SocketRear  - FlameSocketGraphDeployerRear@flamestream-benchmarks-worker-1: writing to closed log
12:44:22.899 [worker-akka.actor.default-dispatcher-14] WARN  c.s.f.r.e.s.SocketRear  - FlameSocketGraphDeployerRear@flamestream-benchmarks-worker-1: writing to closed log
12:44:22.909 [worker-akka.actor.default-dispatcher-14] WARN  c.s.f.r.e.s.SocketRear  - FlameSocketGraphDeployerRear@flamestream-benchmarks-worker-1: writing to closed log
12:44:22.909 [worker-akka.actor.default-dispatcher-14] WARN  c.s.f.r.e.s.SocketRear  - FlameSocketGraphDeployerRear@flamestream-benchmarks-worker-1: writing to closed log
12:44:22.909 [worker-akka.actor.default-dispatcher-14] WARN  c.s.f.r.e.s.SocketRear  - FlameSocketGraphDeployerRear@flamestream-benchmarks-worker-1: writing to closed log
12:44:22.910 [worker-akka.actor.default-dispatcher-14] WARN  c.s.f.r.e.s.SocketRear  - FlameSocketGraphDeployerRear@flamestream-benchmarks-worker-1: writing to closed log
12:44:22.910 [worker-akka.actor.default-dispatcher-14] WARN  c.s.f.r.e.s.SocketRear  - FlameSocketGraphDeployerRear@flamestream-benchmarks-worker-1: writing to closed log
12:44:22.913 [worker-akka.actor.default-dispatcher-14] WARN  c.s.f.r.e.s.SocketRear  - FlameSocketGraphDeployerRear@flamestream-benchmarks-worker-1: writing to closed log
12:44:22.914 [worker-akka.actor.default-dispatcher-14] WARN  c.s.f.r.e.s.SocketRear  - FlameSocketGraphDeployerRear@flamestream-benchmarks-worker-1: writing to closed log
12:44:25.011 [worker-akka.actor.default-dispatcher-9] INFO  a.a.LocalActorRef akka://worker/user/watcher/processing-watcher/graph/edge/FlameSocketGraphDeployerFront - Stopped
12:44:25.012 [worker-akka.actor.default-dispatcher-9] INFO  a.a.LocalActorRef akka://worker/user/watcher/processing-watcher/graph/graph/$A - Stopped
12:44:25.012 [worker-akka.actor.default-dispatcher-9] INFO  a.a.LocalActorRef akka://worker/user/watcher/processing-watcher/graph/graph/$B - Stopped
12:44:25.012 [worker-akka.actor.default-dispatcher-9] INFO  a.a.LocalActorRef akka://worker/user/watcher/processing-watcher/graph/graph/$C - Stopped
12:44:25.012 [worker-akka.actor.default-dispatcher-9] INFO  a.a.LocalActorRef akka://worker/user/watcher/processing-watcher/graph/graph/$D - Stopped
12:44:25.012 [worker-akka.actor.default-dispatcher-12] INFO  a.a.LocalActorRef akka://worker/user/watcher/processing-watcher/graph/graph/$E - Stopped
12:44:25.012 [worker-akka.actor.default-dispatcher-12] INFO  a.a.LocalActorRef akka://worker/user/watcher/processing-watcher/graph/graph/$F - Stopped
12:44:25.012 [worker-akka.actor.default-dispatcher-12] INFO  a.a.LocalActorRef akka://worker/user/watcher/processing-watcher/graph/graph/$G - Stopped
12:44:25.012 [worker-akka.actor.default-dispatcher-12] INFO  a.a.LocalActorRef akka://worker/user/watcher/processing-watcher/graph/graph/$H - Stopped
12:44:25.012 [worker-akka.actor.default-dispatcher-12] INFO  a.a.LocalActorRef akka://worker/user/watcher/processing-watcher/graph/graph/$a - Stopped
12:44:25.016 [worker-akka.actor.default-dispatcher-14] INFO  a.a.LocalActorRef akka://worker/user/watcher/processing-watcher/graph/graph/$b - Stopped
12:44:25.017 [worker-akka.actor.default-dispatcher-14] INFO  a.a.LocalActorRef akka://worker/user/watcher/processing-watcher/graph/graph/$c - Stopped
12:44:25.017 [worker-akka.actor.default-dispatcher-14] INFO  a.a.LocalActorRef akka://worker/user/watcher/processing-watcher/graph/graph/$d - Stopped
12:44:25.017 [worker-akka.actor.default-dispatcher-14] INFO  a.a.LocalActorRef akka://worker/user/watcher/processing-watcher/graph/graph/$e - Stopped
12:44:25.017 [worker-akka.actor.default-dispatcher-14] INFO  a.a.LocalActorRef akka://worker/user/watcher/processing-watcher/graph/graph/$f - Stopped
12:44:25.021 [worker-akka.actor.default-dispatcher-18] INFO  a.a.LocalActorRef akka://worker/user/watcher/processing-watcher/graph/graph/$g - Stopped
12:44:25.022 [worker-akka.actor.default-dispatcher-18] INFO  a.a.LocalActorRef akka://worker/user/watcher/processing-watcher/graph/graph/$h - Stopped
12:44:25.022 [worker-akka.actor.default-dispatcher-18] INFO  a.a.LocalActorRef akka://worker/user/watcher/processing-watcher/graph/graph/$i - Stopped
12:44:25.022 [worker-akka.actor.default-dispatcher-18] INFO  a.a.LocalActorRef akka://worker/user/watcher/processing-watcher/graph/graph/$j - Stopped
12:44:25.022 [worker-akka.actor.default-dispatcher-18] INFO  a.a.LocalActorRef akka://worker/user/watcher/processing-watcher/graph/graph/$k - Stopped
12:44:25.028 [worker-akka.actor.default-dispatcher-19] INFO  a.a.LocalActorRef akka://worker/user/watcher/processing-watcher/graph/graph/$l - Stopped
12:44:25.028 [worker-akka.actor.default-dispatcher-19] INFO  a.a.LocalActorRef akka://worker/user/watcher/processing-watcher/graph/graph/$m - Stopped
12:44:25.028 [worker-akka.actor.default-dispatcher-19] INFO  a.a.LocalActorRef akka://worker/user/watcher/processing-watcher/graph/graph/$n - Stopped
12:44:25.028 [worker-akka.actor.default-dispatcher-19] INFO  a.a.LocalActorRef akka://worker/user/watcher/processing-watcher/graph/graph/$o - Stopped
12:44:25.028 [worker-akka.actor.default-dispatcher-19] INFO  a.a.LocalActorRef akka://worker/user/watcher/processing-watcher/graph/graph/$p - Stopped
12:44:25.031 [worker-akka.actor.default-dispatcher-6] INFO  a.a.LocalActorRef akka://worker/user/watcher/processing-watcher/graph/graph/$q - Stopped
12:44:25.032 [worker-akka.actor.default-dispatcher-6] INFO  a.a.LocalActorRef akka://worker/user/watcher/processing-watcher/graph/graph/$r - Stopped
12:44:25.032 [worker-akka.actor.default-dispatcher-6] INFO  a.a.LocalActorRef akka://worker/user/watcher/processing-watcher/graph/graph/$s - Stopped
12:44:25.032 [worker-akka.actor.default-dispatcher-6] INFO  a.a.LocalActorRef akka://worker/user/watcher/processing-watcher/graph/graph/$t - Stopped
12:44:25.032 [worker-akka.actor.default-dispatcher-6] INFO  a.a.LocalActorRef akka://worker/user/watcher/processing-watcher/graph/graph/$u - Stopped
12:44:25.032 [worker-akka.actor.default-dispatcher-20] INFO  a.a.LocalActorRef akka://worker/user/watcher/processing-watcher/graph/graph/$v - Stopped
12:44:25.032 [worker-akka.actor.default-dispatcher-20] INFO  a.a.LocalActorRef akka://worker/user/watcher/processing-watcher/graph/graph/$w - Stopped
12:44:25.032 [worker-akka.actor.default-dispatcher-20] INFO  a.a.LocalActorRef akka://worker/user/watcher/processing-watcher/graph/graph/$x - Stopped
12:44:25.032 [worker-akka.actor.default-dispatcher-20] INFO  a.a.LocalActorRef akka://worker/user/watcher/processing-watcher/graph/graph/$y - Stopped
12:44:25.033 [worker-akka.actor.default-dispatcher-20] INFO  a.a.LocalActorRef akka://worker/user/watcher/processing-watcher/graph/edge/FlameSocketGraphDeployerRear - Stopped
12:44:25.038 [worker-akka.actor.default-dispatcher-6] INFO  a.a.LocalActorRef akka://worker/user/watcher/processing-watcher/graph/graph/$z - Stopped
12:44:25.038 [worker-akka.actor.default-dispatcher-6] INFO  a.a.LocalActorRef akka://worker/user/watcher/processing-watcher/graph/graph - Stopped
12:44:25.055 [worker-akka.actor.default-dispatcher-13] INFO  a.a.LocalActorRef akka://worker/user/watcher/processing-watcher/graph/edge - Stopped
12:44:25.059 [worker-akka.actor.default-dispatcher-10] INFO  a.a.LocalActorRef akka://worker/user/watcher/processing-watcher/graph/negotiator - Stopped
12:44:25.061 [worker-akka.actor.default-dispatcher-10] INFO  a.a.LocalActorRef akka://worker/user/watcher/processing-watcher/graph - Stopped
12:44:25.061 [worker-akka.actor.default-dispatcher-10] INFO  a.a.LocalActorRef akka://worker/user/watcher/processing-watcher - Stopped
12:44:25.072 [Curator-Framework-0] INFO  o.a.c.f.i.CuratorFrameworkImpl  - backgroundOperationsLoop exiting
12:44:25.085 [worker-akka.actor.default-dispatcher-12] INFO  o.a.z.ZooKeeper  - Session: 0x100005c675e0000 closed
12:44:25.086 [worker-akka.actor.default-dispatcher-12] INFO  a.a.RepointableActorRef akka://worker/user/watcher - Stopped
12:44:25.086 [worker-akka.actor.default-dispatcher-6-EventThread] INFO  o.a.z.ClientCnxn  - EventThread shut down for session: 0x100005c675e0000
12:44:25.095 [worker-akka.actor.default-dispatcher-29] INFO  a.r.RemoteActorRefProvider$RemotingTerminator akka://worker@flamestream-benchmarks-worker-1:5412/system/remoting-terminator - Shutting down remote daemon.
12:44:25.095 [worker-akka.actor.default-dispatcher-29] INFO  a.r.RemoteActorRefProvider$RemotingTerminator akka://worker@flamestream-benchmarks-worker-1:5412/system/remoting-terminator - Remote daemon shut down; proceeding with flushing remote transports.
12:44:25.091 [Curator-PathChildrenCache-0] ERROR o.a.c.f.r.c.PathChildrenCache  - 
java.lang.IllegalStateException: instance must be started before calling this method
	at org.apache.curator.shaded.com.google.common.base.Preconditions.checkState(Preconditions.java:444)
	at org.apache.curator.framework.imps.CuratorFrameworkImpl.getChildren(CuratorFrameworkImpl.java:456)
	at org.apache.curator.framework.recipes.cache.PathChildrenCache.refresh(PathChildrenCache.java:521)
	at org.apache.curator.framework.recipes.cache.RefreshOperation.invoke(RefreshOperation.java:35)
	at org.apache.curator.framework.recipes.cache.PathChildrenCache$9.run(PathChildrenCache.java:786)
	at java.util.concurrent.Executors$RunnableAdapter.call(Executors.java:511)
	at java.util.concurrent.FutureTask.run(FutureTask.java:266)
	at java.util.concurrent.Executors$RunnableAdapter.call(Executors.java:511)
	at java.util.concurrent.FutureTask.run(FutureTask.java:266)
	at java.util.concurrent.ThreadPoolExecutor.runWorker(ThreadPoolExecutor.java:1149)
	at java.util.concurrent.ThreadPoolExecutor$Worker.run(ThreadPoolExecutor.java:624)
	at java.lang.Thread.run(Thread.java:748)
12:44:25.331 [worker-akka.actor.default-dispatcher-29] INFO  a.r.RemoteActorRefProvider$RemotingTerminator akka://worker@flamestream-benchmarks-worker-1:5412/system/remoting-terminator - Remoting shut down.
Heap
 def new generation   total 460800K, used 121372K [0x00000000a2400000, 0x00000000c1800000, 0x00000000c1800000)
  eden space 409600K,  29% used [0x00000000a2400000, 0x00000000a9a707d0, 0x00000000bb400000)
  from space 51200K,   0% used [0x00000000bb400000, 0x00000000bb416bf0, 0x00000000be600000)
  to   space 51200K,   0% used [0x00000000be600000, 0x00000000be600000, 0x00000000c1800000)
 tenured generation   total 1024000K, used 54710K [0x00000000c1800000, 0x0000000100000000, 0x0000000100000000)
   the space 1024000K,   5% used [0x00000000c1800000, 0x00000000c4d6da10, 0x00000000c4d6dc00, 0x0000000100000000)
 Metaspace       used 40752K, capacity 43604K, committed 43904K, reserved 1087488K
  class space    used 5351K, capacity 5672K, committed 5760K, reserved 1048576K
