17:10:52,645 |-INFO in ch.qos.logback.classic.LoggerContext[default] - Could NOT find resource [logback-test.xml]
17:10:52,645 |-INFO in ch.qos.logback.classic.LoggerContext[default] - Could NOT find resource [logback.groovy]
17:10:52,645 |-INFO in ch.qos.logback.classic.LoggerContext[default] - Found resource [logback.xml] at [jar:file:/root/flamestream/lib/flamestream-runtime-1.0-SNAPSHOT.jar!/logback.xml]
17:10:52,646 |-WARN in ch.qos.logback.classic.LoggerContext[default] - Resource [logback.xml] occurs multiple times on the classpath.
17:10:52,646 |-WARN in ch.qos.logback.classic.LoggerContext[default] - Resource [logback.xml] occurs at [jar:file:/root/flamestream/lib/flamestream-runtime-1.0-SNAPSHOT.jar!/logback.xml]
17:10:52,646 |-WARN in ch.qos.logback.classic.LoggerContext[default] - Resource [logback.xml] occurs at [jar:file:/root/flamestream/flamestream-runtime-1.0-SNAPSHOT.jar!/logback.xml]
17:10:52,669 |-INFO in ch.qos.logback.core.joran.spi.ConfigurationWatchList@3fb6a447 - URL [jar:file:/root/flamestream/lib/flamestream-runtime-1.0-SNAPSHOT.jar!/logback.xml] is not of type file
17:10:52,741 |-INFO in ch.qos.logback.classic.joran.action.ConfigurationAction - debug attribute not set
17:10:52,741 |-INFO in ch.qos.logback.core.joran.action.AppenderAction - About to instantiate appender of type [ch.qos.logback.core.ConsoleAppender]
17:10:52,758 |-INFO in ch.qos.logback.core.joran.action.AppenderAction - Naming appender as [STDOUT]
17:10:52,776 |-INFO in ch.qos.logback.core.joran.action.NestedComplexPropertyIA - Assuming default type [ch.qos.logback.classic.encoder.PatternLayoutEncoder] for [encoder] property
17:10:52,858 |-INFO in ch.qos.logback.core.joran.action.AppenderAction - About to instantiate appender of type [ch.qos.logback.core.rolling.RollingFileAppender]
17:10:52,867 |-INFO in ch.qos.logback.core.joran.action.AppenderAction - Naming appender as [FILE]
17:10:52,899 |-INFO in c.q.l.core.rolling.TimeBasedRollingPolicy@127618319 - No compression will be used
17:10:52,900 |-INFO in c.q.l.core.rolling.TimeBasedRollingPolicy@127618319 - Will use the pattern /tmp/application_%d{yyyy-MM-dd}.%i.log for the active file
17:10:52,903 |-INFO in ch.qos.logback.core.rolling.SizeAndTimeBasedFNATP@6b2fad11 - The date pattern is 'yyyy-MM-dd' from file name pattern '/tmp/application_%d{yyyy-MM-dd}.%i.log'.
17:10:52,903 |-INFO in ch.qos.logback.core.rolling.SizeAndTimeBasedFNATP@6b2fad11 - Roll-over at midnight.
17:10:52,908 |-INFO in ch.qos.logback.core.rolling.SizeAndTimeBasedFNATP@6b2fad11 - Setting initial period to Mon Jun 10 17:09:25 UTC 2019
17:10:52,908 |-WARN in ch.qos.logback.core.rolling.SizeAndTimeBasedFNATP@6b2fad11 - SizeAndTimeBasedFNATP is deprecated. Use SizeAndTimeBasedRollingPolicy instead
17:10:52,908 |-WARN in ch.qos.logback.core.rolling.SizeAndTimeBasedFNATP@6b2fad11 - For more information see http://logback.qos.ch/manual/appenders.html#SizeAndTimeBasedRollingPolicy
17:10:52,912 |-INFO in ch.qos.logback.core.joran.action.NestedComplexPropertyIA - Assuming default type [ch.qos.logback.classic.encoder.PatternLayoutEncoder] for [encoder] property
17:10:52,917 |-INFO in ch.qos.logback.core.rolling.RollingFileAppender[FILE] - Active log file name: /tmp/application.log
17:10:52,917 |-INFO in ch.qos.logback.core.rolling.RollingFileAppender[FILE] - File property is set to [/tmp/application.log]
17:10:52,918 |-INFO in ch.qos.logback.classic.joran.action.RootLoggerAction - Setting level of ROOT logger to WARN
17:10:52,918 |-INFO in ch.qos.logback.core.joran.action.AppenderRefAction - Attaching appender named [STDOUT] to Logger[ROOT]
17:10:52,920 |-INFO in ch.qos.logback.core.joran.action.AppenderRefAction - Attaching appender named [FILE] to Logger[ROOT]
17:10:52,920 |-INFO in ch.qos.logback.classic.joran.action.ConfigurationAction - End of configuration.
17:10:52,920 |-INFO in ch.qos.logback.classic.joran.JoranConfigurator@79698539 - Registering current configuration as safe fallback point

Ama winner
Ama winner
2019-06-10T17:10:54.158+0000: 1.693: [Full GC (Metadata GC Threshold) 2019-06-10T17:10:54.158+0000: 1.693: [Tenured: 0K->15208K(341376K), 0.0353347 secs] 114924K->15208K(494976K), [Metaspace: 20737K->20737K(1067008K)], 0.0354047 secs] [Times: user=0.03 sys=0.01, real=0.04 secs] 
17:11:17.865 [Curator-PathChildrenCache-1] WARN  o.a.c.u.ZKPaths  - The version of ZooKeeper being used doesn't support Container nodes. CreateMode.PERSISTENT will be used instead.
2019-06-10T17:11:19.817+0000: 27.353: [GC (Allocation Failure) 2019-06-10T17:11:19.817+0000: 27.353: [DefNew: 136571K->16646K(153600K), 0.0251829 secs] 151780K->51386K(494976K), 0.0252534 secs] [Times: user=0.02 sys=0.00, real=0.03 secs] 
2019-06-10T17:11:21.535+0000: 29.070: [Full GC (Metadata GC Threshold) 2019-06-10T17:11:21.535+0000: 29.070: [Tenured: 34739K->43460K(341376K), 0.0394390 secs] 83428K->43460K(494976K), [Metaspace: 34602K->34602K(1079296K)], 0.0395137 secs] [Times: user=0.04 sys=0.00, real=0.04 secs] 
2019-06-10T17:11:28.669+0000: 36.204: [GC (Allocation Failure) 2019-06-10T17:11:28.669+0000: 36.204: [DefNew: 136576K->74K(153600K), 0.0018799 secs] 180036K->43535K(494976K), 0.0019430 secs] [Times: user=0.00 sys=0.00, real=0.00 secs] 
2019-06-10T17:11:35.670+0000: 43.206: [GC (Allocation Failure) 2019-06-10T17:11:35.671+0000: 43.206: [DefNew: 136650K->76K(153600K), 0.0017990 secs] 180111K->43536K(494976K), 0.0018611 secs] [Times: user=0.00 sys=0.00, real=0.01 secs] 
2019-06-10T17:11:42.699+0000: 50.234: [GC (Allocation Failure) 2019-06-10T17:11:42.699+0000: 50.234: [DefNew: 136652K->72K(153600K), 0.0017491 secs] 180112K->43533K(494976K), 0.0018213 secs] [Times: user=0.00 sys=0.00, real=0.00 secs] 
2019-06-10T17:11:49.752+0000: 57.287: [GC (Allocation Failure) 2019-06-10T17:11:49.752+0000: 57.287: [DefNew: 136648K->78K(153600K), 0.0018995 secs] 180109K->43539K(494976K), 0.0019666 secs] [Times: user=0.00 sys=0.00, real=0.00 secs] 
2019-06-10T17:11:57.041+0000: 64.576: [GC (Allocation Failure) 2019-06-10T17:11:57.041+0000: 64.576: [DefNew: 136654K->414K(153600K), 0.0022708 secs] 180115K->43875K(494976K), 0.0023324 secs] [Times: user=0.00 sys=0.00, real=0.00 secs] 
17:12:11.386 [Curator-PathChildrenCache-0] ERROR o.a.c.f.r.c.PathChildrenCache  - 
java.lang.IllegalStateException: instance must be started before calling this method
	at org.apache.curator.shaded.com.google.common.base.Preconditions.checkState(Preconditions.java:444)
	at org.apache.curator.framework.imps.CuratorFrameworkImpl.getChildren(CuratorFrameworkImpl.java:456)
	at org.apache.curator.framework.recipes.cache.PathChildrenCache.refresh(PathChildrenCache.java:521)
	at org.apache.curator.framework.recipes.cache.RefreshOperation.invoke(RefreshOperation.java:35)
	at org.apache.curator.framework.recipes.cache.PathChildrenCache$9.run(PathChildrenCache.java:786)
	at java.util.concurrent.Executors$RunnableAdapter.call(Executors.java:511)
	at java.util.concurrent.FutureTask.run(FutureTask.java:266)
	at java.util.concurrent.Executors$RunnableAdapter.call(Executors.java:511)
	at java.util.concurrent.FutureTask.run(FutureTask.java:266)
	at java.util.concurrent.ThreadPoolExecutor.runWorker(ThreadPoolExecutor.java:1149)
	at java.util.concurrent.ThreadPoolExecutor$Worker.run(ThreadPoolExecutor.java:624)
	at java.lang.Thread.run(Thread.java:748)
Heap
 def new generation   total 153600K, used 119341K [0x00000000e0c00000, 0x00000000eb2a0000, 0x00000000eb2a0000)
  eden space 136576K,  87% used [0x00000000e0c00000, 0x00000000e8023a98, 0x00000000e9160000)
  from space 17024K,   2% used [0x00000000e9160000, 0x00000000e91c79c8, 0x00000000ea200000)
  to   space 17024K,   0% used [0x00000000ea200000, 0x00000000ea200000, 0x00000000eb2a0000)
 tenured generation   total 341376K, used 43460K [0x00000000eb2a0000, 0x0000000100000000, 0x0000000100000000)
   the space 341376K,  12% used [0x00000000eb2a0000, 0x00000000edd112b8, 0x00000000edd11400, 0x0000000100000000)
 Metaspace       used 36225K, capacity 37120K, committed 37376K, reserved 1081344K
  class space    used 4869K, capacity 5074K, committed 5120K, reserved 1048576K
