13:28:24,667 |-INFO in ch.qos.logback.classic.LoggerContext[default] - Could NOT find resource [logback-test.xml]
13:28:24,667 |-INFO in ch.qos.logback.classic.LoggerContext[default] - Could NOT find resource [logback.groovy]
13:28:24,667 |-INFO in ch.qos.logback.classic.LoggerContext[default] - Found resource [logback.xml] at [jar:file:/root/flamestream/lib/flamestream-runtime-1.0-SNAPSHOT.jar!/logback.xml]
13:28:24,668 |-WARN in ch.qos.logback.classic.LoggerContext[default] - Resource [logback.xml] occurs multiple times on the classpath.
13:28:24,668 |-WARN in ch.qos.logback.classic.LoggerContext[default] - Resource [logback.xml] occurs at [jar:file:/root/flamestream/lib/flamestream-runtime-1.0-SNAPSHOT.jar!/logback.xml]
13:28:24,668 |-WARN in ch.qos.logback.classic.LoggerContext[default] - Resource [logback.xml] occurs at [jar:file:/root/flamestream/flamestream-runtime-1.0-SNAPSHOT.jar!/logback.xml]
13:28:24,687 |-INFO in ch.qos.logback.core.joran.spi.ConfigurationWatchList@3fb6a447 - URL [jar:file:/root/flamestream/lib/flamestream-runtime-1.0-SNAPSHOT.jar!/logback.xml] is not of type file
13:28:24,759 |-INFO in ch.qos.logback.classic.joran.action.ConfigurationAction - debug attribute not set
13:28:24,759 |-INFO in ch.qos.logback.core.joran.action.AppenderAction - About to instantiate appender of type [ch.qos.logback.core.ConsoleAppender]
13:28:24,777 |-INFO in ch.qos.logback.core.joran.action.AppenderAction - Naming appender as [STDOUT]
13:28:24,791 |-INFO in ch.qos.logback.core.joran.action.NestedComplexPropertyIA - Assuming default type [ch.qos.logback.classic.encoder.PatternLayoutEncoder] for [encoder] property
13:28:24,867 |-INFO in ch.qos.logback.core.joran.action.AppenderAction - About to instantiate appender of type [ch.qos.logback.core.rolling.RollingFileAppender]
13:28:24,880 |-INFO in ch.qos.logback.core.joran.action.AppenderAction - Naming appender as [FILE]
13:28:24,908 |-INFO in c.q.l.core.rolling.TimeBasedRollingPolicy@127618319 - No compression will be used
13:28:24,909 |-INFO in c.q.l.core.rolling.TimeBasedRollingPolicy@127618319 - Will use the pattern /tmp/application_%d{yyyy-MM-dd}.%i.log for the active file
13:28:24,912 |-INFO in ch.qos.logback.core.rolling.SizeAndTimeBasedFNATP@6b2fad11 - The date pattern is 'yyyy-MM-dd' from file name pattern '/tmp/application_%d{yyyy-MM-dd}.%i.log'.
13:28:24,912 |-INFO in ch.qos.logback.core.rolling.SizeAndTimeBasedFNATP@6b2fad11 - Roll-over at midnight.
13:28:24,918 |-INFO in ch.qos.logback.core.rolling.SizeAndTimeBasedFNATP@6b2fad11 - Setting initial period to Mon Jun 10 13:27:02 UTC 2019
13:28:24,918 |-WARN in ch.qos.logback.core.rolling.SizeAndTimeBasedFNATP@6b2fad11 - SizeAndTimeBasedFNATP is deprecated. Use SizeAndTimeBasedRollingPolicy instead
13:28:24,918 |-WARN in ch.qos.logback.core.rolling.SizeAndTimeBasedFNATP@6b2fad11 - For more information see http://logback.qos.ch/manual/appenders.html#SizeAndTimeBasedRollingPolicy
13:28:24,923 |-INFO in ch.qos.logback.core.joran.action.NestedComplexPropertyIA - Assuming default type [ch.qos.logback.classic.encoder.PatternLayoutEncoder] for [encoder] property
13:28:24,927 |-INFO in ch.qos.logback.core.rolling.RollingFileAppender[FILE] - Active log file name: /tmp/application.log
13:28:24,927 |-INFO in ch.qos.logback.core.rolling.RollingFileAppender[FILE] - File property is set to [/tmp/application.log]
13:28:24,928 |-INFO in ch.qos.logback.classic.joran.action.RootLoggerAction - Setting level of ROOT logger to WARN
13:28:24,928 |-INFO in ch.qos.logback.core.joran.action.AppenderRefAction - Attaching appender named [STDOUT] to Logger[ROOT]
13:28:24,929 |-INFO in ch.qos.logback.core.joran.action.AppenderRefAction - Attaching appender named [FILE] to Logger[ROOT]
13:28:24,929 |-INFO in ch.qos.logback.classic.joran.action.ConfigurationAction - End of configuration.
13:28:24,929 |-INFO in ch.qos.logback.classic.joran.JoranConfigurator@79698539 - Registering current configuration as safe fallback point

Ama winner
Ama winner
2019-06-10T13:28:26.187+0000: 1.705: [Full GC (Metadata GC Threshold) 2019-06-10T13:28:26.187+0000: 1.705: [Tenured: 0K->15208K(341376K), 0.0404161 secs] 114987K->15208K(494976K), [Metaspace: 20731K->20731K(1067008K)], 0.0404845 secs] [Times: user=0.03 sys=0.01, real=0.04 secs] 
13:28:48.417 [Curator-PathChildrenCache-1] WARN  o.a.c.u.ZKPaths  - The version of ZooKeeper being used doesn't support Container nodes. CreateMode.PERSISTENT will be used instead.
2019-06-10T13:28:50.666+0000: 26.184: [GC (Allocation Failure) 2019-06-10T13:28:50.666+0000: 26.184: [DefNew: 136576K->17024K(153600K), 0.0256692 secs] 151784K->52755K(494976K), 0.0257418 secs] [Times: user=0.02 sys=0.00, real=0.02 secs] 
2019-06-10T13:28:52.726+0000: 28.244: [Full GC (Metadata GC Threshold) 2019-06-10T13:28:52.726+0000: 28.244: [Tenured: 35731K->44554K(341376K), 0.0409940 secs] 90493K->44554K(494976K), [Metaspace: 34600K->34600K(1079296K)], 0.0410928 secs] [Times: user=0.03 sys=0.01, real=0.04 secs] 
2019-06-10T13:28:59.446+0000: 34.964: [GC (Allocation Failure) 2019-06-10T13:28:59.446+0000: 34.964: [DefNew: 136576K->62K(153600K), 0.0019029 secs] 181130K->44616K(494976K), 0.0019626 secs] [Times: user=0.01 sys=0.00, real=0.00 secs] 
2019-06-10T13:29:06.427+0000: 41.946: [GC (Allocation Failure) 2019-06-10T13:29:06.428+0000: 41.946: [DefNew: 136638K->57K(153600K), 0.0016522 secs] 181192K->44612K(494976K), 0.0017097 secs] [Times: user=0.00 sys=0.00, real=0.00 secs] 
2019-06-10T13:29:13.363+0000: 48.881: [GC (Allocation Failure) 2019-06-10T13:29:13.363+0000: 48.881: [DefNew: 136633K->59K(153600K), 0.0017631 secs] 181188K->44614K(494976K), 0.0018228 secs] [Times: user=0.00 sys=0.00, real=0.01 secs] 
2019-06-10T13:29:20.400+0000: 55.918: [GC (Allocation Failure) 2019-06-10T13:29:20.400+0000: 55.918: [DefNew: 136635K->62K(153600K), 0.0017662 secs] 181190K->44617K(494976K), 0.0018284 secs] [Times: user=0.00 sys=0.00, real=0.00 secs] 
2019-06-10T13:29:27.764+0000: 63.282: [GC (Allocation Failure) 2019-06-10T13:29:27.764+0000: 63.282: [DefNew: 136638K->399K(153600K), 0.0022153 secs] 181193K->44954K(494976K), 0.0022876 secs] [Times: user=0.00 sys=0.00, real=0.01 secs] 
13:29:42.956 [Curator-PathChildrenCache-0] ERROR o.a.c.f.r.c.PathChildrenCache  - 
java.lang.IllegalStateException: instance must be started before calling this method
	at org.apache.curator.shaded.com.google.common.base.Preconditions.checkState(Preconditions.java:444)
	at org.apache.curator.framework.imps.CuratorFrameworkImpl.getChildren(CuratorFrameworkImpl.java:456)
	at org.apache.curator.framework.recipes.cache.PathChildrenCache.refresh(PathChildrenCache.java:521)
	at org.apache.curator.framework.recipes.cache.RefreshOperation.invoke(RefreshOperation.java:35)
	at org.apache.curator.framework.recipes.cache.PathChildrenCache$9.run(PathChildrenCache.java:786)
	at java.util.concurrent.Executors$RunnableAdapter.call(Executors.java:511)
	at java.util.concurrent.FutureTask.run(FutureTask.java:266)
	at java.util.concurrent.Executors$RunnableAdapter.call(Executors.java:511)
	at java.util.concurrent.FutureTask.run(FutureTask.java:266)
	at java.util.concurrent.ThreadPoolExecutor.runWorker(ThreadPoolExecutor.java:1149)
	at java.util.concurrent.ThreadPoolExecutor$Worker.run(ThreadPoolExecutor.java:624)
	at java.lang.Thread.run(Thread.java:748)
Heap
 def new generation   total 153600K, used 68623K [0x00000000e0c00000, 0x00000000eb2a0000, 0x00000000eb2a0000)
  eden space 136576K,  49% used [0x00000000e0c00000, 0x00000000e4e9fea0, 0x00000000e9160000)
  from space 17024K,   2% used [0x00000000e9160000, 0x00000000e91c3e18, 0x00000000ea200000)
  to   space 17024K,   0% used [0x00000000ea200000, 0x00000000ea200000, 0x00000000eb2a0000)
 tenured generation   total 341376K, used 44554K [0x00000000eb2a0000, 0x0000000100000000, 0x0000000100000000)
   the space 341376K,  13% used [0x00000000eb2a0000, 0x00000000ede22a10, 0x00000000ede22c00, 0x0000000100000000)
 Metaspace       used 36102K, capacity 37054K, committed 37376K, reserved 1081344K
  class space    used 4858K, capacity 5073K, committed 5120K, reserved 1048576K
