17:42:55,331 |-INFO in ch.qos.logback.classic.LoggerContext[default] - Could NOT find resource [logback-test.xml]
17:42:55,331 |-INFO in ch.qos.logback.classic.LoggerContext[default] - Could NOT find resource [logback.groovy]
17:42:55,331 |-INFO in ch.qos.logback.classic.LoggerContext[default] - Found resource [logback.xml] at [jar:file:/home/nikitasokolov/flamestream/lib/flamestream-runtime-1.0-SNAPSHOT.jar!/logback.xml]
17:42:55,332 |-WARN in ch.qos.logback.classic.LoggerContext[default] - Resource [logback.xml] occurs multiple times on the classpath.
17:42:55,332 |-WARN in ch.qos.logback.classic.LoggerContext[default] - Resource [logback.xml] occurs at [jar:file:/home/nikitasokolov/flamestream/lib/flamestream-runtime-1.0-SNAPSHOT.jar!/logback.xml]
17:42:55,332 |-WARN in ch.qos.logback.classic.LoggerContext[default] - Resource [logback.xml] occurs at [jar:file:/home/nikitasokolov/flamestream/flamestream-runtime-1.0-SNAPSHOT.jar!/logback.xml]
17:42:55,348 |-INFO in ch.qos.logback.core.joran.spi.ConfigurationWatchList@6108b2d7 - URL [jar:file:/home/nikitasokolov/flamestream/lib/flamestream-runtime-1.0-SNAPSHOT.jar!/logback.xml] is not of type file
17:42:55,398 |-INFO in ch.qos.logback.classic.joran.action.ConfigurationAction - debug attribute not set
17:42:55,399 |-INFO in ch.qos.logback.core.joran.action.AppenderAction - About to instantiate appender of type [ch.qos.logback.core.ConsoleAppender]
17:42:55,406 |-INFO in ch.qos.logback.core.joran.action.AppenderAction - Naming appender as [STDOUT]
17:42:55,415 |-INFO in ch.qos.logback.core.joran.action.NestedComplexPropertyIA - Assuming default type [ch.qos.logback.classic.encoder.PatternLayoutEncoder] for [encoder] property
17:42:55,472 |-INFO in ch.qos.logback.core.joran.action.AppenderAction - About to instantiate appender of type [ch.qos.logback.core.rolling.RollingFileAppender]
17:42:55,478 |-INFO in ch.qos.logback.core.joran.action.AppenderAction - Naming appender as [FILE]
17:42:55,500 |-INFO in c.q.l.core.rolling.TimeBasedRollingPolicy@357863579 - No compression will be used
17:42:55,501 |-INFO in c.q.l.core.rolling.TimeBasedRollingPolicy@357863579 - Will use the pattern /tmp/application_%d{yyyy-MM-dd}.%i.log for the active file
17:42:55,504 |-INFO in ch.qos.logback.core.rolling.SizeAndTimeBasedFNATP@6bf256fa - The date pattern is 'yyyy-MM-dd' from file name pattern '/tmp/application_%d{yyyy-MM-dd}.%i.log'.
17:42:55,504 |-INFO in ch.qos.logback.core.rolling.SizeAndTimeBasedFNATP@6bf256fa - Roll-over at midnight.
17:42:55,508 |-INFO in ch.qos.logback.core.rolling.SizeAndTimeBasedFNATP@6bf256fa - Setting initial period to Sun Jun 09 17:42:10 MSK 2019
17:42:55,508 |-WARN in ch.qos.logback.core.rolling.SizeAndTimeBasedFNATP@6bf256fa - SizeAndTimeBasedFNATP is deprecated. Use SizeAndTimeBasedRollingPolicy instead
17:42:55,508 |-WARN in ch.qos.logback.core.rolling.SizeAndTimeBasedFNATP@6bf256fa - For more information see http://logback.qos.ch/manual/appenders.html#SizeAndTimeBasedRollingPolicy
17:42:55,512 |-INFO in ch.qos.logback.core.joran.action.NestedComplexPropertyIA - Assuming default type [ch.qos.logback.classic.encoder.PatternLayoutEncoder] for [encoder] property
17:42:55,516 |-INFO in ch.qos.logback.core.rolling.RollingFileAppender[FILE] - Active log file name: /tmp/application.log
17:42:55,516 |-INFO in ch.qos.logback.core.rolling.RollingFileAppender[FILE] - File property is set to [/tmp/application.log]
17:42:55,517 |-INFO in ch.qos.logback.classic.joran.action.RootLoggerAction - Setting level of ROOT logger to WARN
17:42:55,517 |-INFO in ch.qos.logback.core.joran.action.AppenderRefAction - Attaching appender named [STDOUT] to Logger[ROOT]
17:42:55,518 |-INFO in ch.qos.logback.core.joran.action.AppenderRefAction - Attaching appender named [FILE] to Logger[ROOT]
17:42:55,518 |-INFO in ch.qos.logback.classic.joran.action.ConfigurationAction - End of configuration.
17:42:55,519 |-INFO in ch.qos.logback.classic.joran.JoranConfigurator@6cd8737 - Registering current configuration as safe fallback point

2019-06-09T17:42:56.498+0300: 1.371: [GC (Metadata GC Threshold) [PSYoungGen: 110722K->15959K(149504K)] 110722K->16039K(491008K), 0.0203441 secs] [Times: user=0.09 sys=0.02, real=0.02 secs] 
2019-06-09T17:42:56.518+0300: 1.391: [Full GC (Metadata GC Threshold) [PSYoungGen: 15959K->0K(149504K)] [ParOldGen: 80K->15078K(341504K)] 16039K->15078K(491008K), [Metaspace: 20800K->20800K(1067008K)], 0.0285505 secs] [Times: user=0.17 sys=0.01, real=0.02 secs] 
17:43:08.408 [Curator-PathChildrenCache-1] WARN  o.a.c.u.ZKPaths  - The version of ZooKeeper being used doesn't support Container nodes. CreateMode.PERSISTENT will be used instead.
2019-06-09T17:43:09.403+0300: 14.276: [GC (Allocation Failure) [PSYoungGen: 128512K->15836K(149504K)] 143590K->50454K(491008K), 0.0271896 secs] [Times: user=0.23 sys=0.04, real=0.03 secs] 
2019-06-09T17:43:09.584+0300: 14.457: [GC (Metadata GC Threshold) [PSYoungGen: 26935K->5413K(149504K)] 61553K->40038K(491008K), 0.0049071 secs] [Times: user=0.05 sys=0.00, real=0.00 secs] 
2019-06-09T17:43:09.589+0300: 14.462: [Full GC (Metadata GC Threshold) [PSYoungGen: 5413K->0K(149504K)] [ParOldGen: 34625K->29070K(341504K)] 40038K->29070K(491008K), [Metaspace: 34545K->34545K(1079296K)], 0.0511442 secs] [Times: user=0.32 sys=0.02, real=0.06 secs] 
2019-06-09T17:43:14.547+0300: 19.421: [GC (Allocation Failure) [PSYoungGen: 128512K->512K(149504K)] 157582K->29590K(491008K), 0.0728301 secs] [Times: user=0.04 sys=0.00, real=0.08 secs] 
2019-06-09T17:43:19.965+0300: 24.838: [GC (Allocation Failure) [PSYoungGen: 129024K->448K(129024K)] 158102K->29526K(470528K), 0.0550634 secs] [Times: user=0.03 sys=0.02, real=0.06 secs] 
2019-06-09T17:43:25.408+0300: 30.281: [GC (Allocation Failure) [PSYoungGen: 128960K->352K(148992K)] 158038K->29430K(490496K), 0.0023640 secs] [Times: user=0.00 sys=0.01, real=0.01 secs] 
2019-06-09T17:43:30.771+0300: 35.644: [GC (Allocation Failure) [PSYoungGen: 127328K->512K(148480K)] 156406K->29598K(489984K), 0.0031955 secs] [Times: user=0.01 sys=0.00, real=0.00 secs] 
2019-06-09T17:43:36.180+0300: 41.053: [GC (Allocation Failure) [PSYoungGen: 127488K->576K(150528K)] 156574K->29670K(492032K), 0.0045675 secs] [Times: user=0.03 sys=0.00, real=0.00 secs] 
17:43:46.280 [Curator-PathChildrenCache-0] ERROR o.a.c.f.r.c.PathChildrenCache  - 
java.lang.IllegalStateException: instance must be started before calling this method
	at org.apache.curator.shaded.com.google.common.base.Preconditions.checkState(Preconditions.java:444)
	at org.apache.curator.framework.imps.CuratorFrameworkImpl.getChildren(CuratorFrameworkImpl.java:456)
	at org.apache.curator.framework.recipes.cache.PathChildrenCache.refresh(PathChildrenCache.java:521)
	at org.apache.curator.framework.recipes.cache.RefreshOperation.invoke(RefreshOperation.java:35)
	at org.apache.curator.framework.recipes.cache.PathChildrenCache$9.run(PathChildrenCache.java:786)
	at java.util.concurrent.Executors$RunnableAdapter.call(Executors.java:511)
	at java.util.concurrent.FutureTask.run(FutureTask.java:266)
	at java.util.concurrent.Executors$RunnableAdapter.call(Executors.java:511)
	at java.util.concurrent.FutureTask.run(FutureTask.java:266)
	at java.util.concurrent.ThreadPoolExecutor.runWorker(ThreadPoolExecutor.java:1149)
	at java.util.concurrent.ThreadPoolExecutor$Worker.run(ThreadPoolExecutor.java:624)
	at java.lang.Thread.run(Thread.java:748)
Heap
 PSYoungGen      total 150528K, used 43547K [0x00000000f5980000, 0x0000000100000000, 0x0000000100000000)
  eden space 130048K, 33% used [0x00000000f5980000,0x00000000f8376f00,0x00000000fd880000)
  from space 20480K, 2% used [0x00000000fec00000,0x00000000fec90060,0x0000000100000000)
  to   space 19968K, 0% used [0x00000000fd880000,0x00000000fd880000,0x00000000fec00000)
 ParOldGen       total 341504K, used 29094K [0x00000000e0c00000, 0x00000000f5980000, 0x00000000f5980000)
  object space 341504K, 8% used [0x00000000e0c00000,0x00000000e28699f0,0x00000000f5980000)
 Metaspace       used 35637K, capacity 36542K, committed 36952K, reserved 1081344K
  class space    used 4935K, capacity 5129K, committed 5248K, reserved 1048576K
