14:16:43,747 |-INFO in ch.qos.logback.classic.LoggerContext[default] - Could NOT find resource [logback-test.xml]
14:16:43,747 |-INFO in ch.qos.logback.classic.LoggerContext[default] - Could NOT find resource [logback.groovy]
14:16:43,747 |-INFO in ch.qos.logback.classic.LoggerContext[default] - Found resource [logback.xml] at [jar:file:/home/nikitasokolov/flamestream/lib/flamestream-runtime-1.0-SNAPSHOT.jar!/logback.xml]
14:16:43,748 |-WARN in ch.qos.logback.classic.LoggerContext[default] - Resource [logback.xml] occurs multiple times on the classpath.
14:16:43,748 |-WARN in ch.qos.logback.classic.LoggerContext[default] - Resource [logback.xml] occurs at [jar:file:/home/nikitasokolov/flamestream/lib/flamestream-runtime-1.0-SNAPSHOT.jar!/logback.xml]
14:16:43,748 |-WARN in ch.qos.logback.classic.LoggerContext[default] - Resource [logback.xml] occurs at [jar:file:/home/nikitasokolov/flamestream/flamestream-runtime-1.0-SNAPSHOT.jar!/logback.xml]
14:16:43,764 |-INFO in ch.qos.logback.core.joran.spi.ConfigurationWatchList@6108b2d7 - URL [jar:file:/home/nikitasokolov/flamestream/lib/flamestream-runtime-1.0-SNAPSHOT.jar!/logback.xml] is not of type file
14:16:43,813 |-INFO in ch.qos.logback.classic.joran.action.ConfigurationAction - debug attribute not set
14:16:43,814 |-INFO in ch.qos.logback.core.joran.action.AppenderAction - About to instantiate appender of type [ch.qos.logback.core.ConsoleAppender]
14:16:43,825 |-INFO in ch.qos.logback.core.joran.action.AppenderAction - Naming appender as [STDOUT]
14:16:43,834 |-INFO in ch.qos.logback.core.joran.action.NestedComplexPropertyIA - Assuming default type [ch.qos.logback.classic.encoder.PatternLayoutEncoder] for [encoder] property
14:16:43,888 |-INFO in ch.qos.logback.core.joran.action.AppenderAction - About to instantiate appender of type [ch.qos.logback.core.rolling.RollingFileAppender]
14:16:43,893 |-INFO in ch.qos.logback.core.joran.action.AppenderAction - Naming appender as [FILE]
14:16:43,915 |-INFO in c.q.l.core.rolling.TimeBasedRollingPolicy@357863579 - No compression will be used
14:16:43,916 |-INFO in c.q.l.core.rolling.TimeBasedRollingPolicy@357863579 - Will use the pattern /tmp/application_%d{yyyy-MM-dd}.%i.log for the active file
14:16:43,919 |-INFO in ch.qos.logback.core.rolling.SizeAndTimeBasedFNATP@6bf256fa - The date pattern is 'yyyy-MM-dd' from file name pattern '/tmp/application_%d{yyyy-MM-dd}.%i.log'.
14:16:43,919 |-INFO in ch.qos.logback.core.rolling.SizeAndTimeBasedFNATP@6bf256fa - Roll-over at midnight.
14:16:43,923 |-INFO in ch.qos.logback.core.rolling.SizeAndTimeBasedFNATP@6bf256fa - Setting initial period to Sun Jun 09 14:16:02 MSK 2019
14:16:43,923 |-WARN in ch.qos.logback.core.rolling.SizeAndTimeBasedFNATP@6bf256fa - SizeAndTimeBasedFNATP is deprecated. Use SizeAndTimeBasedRollingPolicy instead
14:16:43,923 |-WARN in ch.qos.logback.core.rolling.SizeAndTimeBasedFNATP@6bf256fa - For more information see http://logback.qos.ch/manual/appenders.html#SizeAndTimeBasedRollingPolicy
14:16:43,927 |-INFO in ch.qos.logback.core.joran.action.NestedComplexPropertyIA - Assuming default type [ch.qos.logback.classic.encoder.PatternLayoutEncoder] for [encoder] property
14:16:43,930 |-INFO in ch.qos.logback.core.rolling.RollingFileAppender[FILE] - Active log file name: /tmp/application.log
14:16:43,930 |-INFO in ch.qos.logback.core.rolling.RollingFileAppender[FILE] - File property is set to [/tmp/application.log]
14:16:43,931 |-INFO in ch.qos.logback.classic.joran.action.RootLoggerAction - Setting level of ROOT logger to WARN
14:16:43,931 |-INFO in ch.qos.logback.core.joran.action.AppenderRefAction - Attaching appender named [STDOUT] to Logger[ROOT]
14:16:43,931 |-INFO in ch.qos.logback.core.joran.action.AppenderRefAction - Attaching appender named [FILE] to Logger[ROOT]
14:16:43,931 |-INFO in ch.qos.logback.classic.joran.action.ConfigurationAction - End of configuration.
14:16:43,932 |-INFO in ch.qos.logback.classic.joran.JoranConfigurator@6cd8737 - Registering current configuration as safe fallback point

2019-06-09T14:16:44.929+0300: 1.367: [GC (Metadata GC Threshold) [PSYoungGen: 108152K->15804K(149504K)] 108152K->15884K(491008K), 0.0235184 secs] [Times: user=0.11 sys=0.04, real=0.03 secs] 
2019-06-09T14:16:44.953+0300: 1.391: [Full GC (Metadata GC Threshold) [PSYoungGen: 15804K->0K(149504K)] [ParOldGen: 80K->14981K(341504K)] 15884K->14981K(491008K), [Metaspace: 20806K->20806K(1067008K)], 0.0286739 secs] [Times: user=0.18 sys=0.01, real=0.03 secs] 
14:16:52.566 [Curator-PathChildrenCache-2] WARN  o.a.c.u.ZKPaths  - The version of ZooKeeper being used doesn't support Container nodes. CreateMode.PERSISTENT will be used instead.
2019-06-09T14:16:53.404+0300: 9.843: [GC (Metadata GC Threshold) [PSYoungGen: 128512K->15794K(149504K)] 143493K->50316K(491008K), 0.0249822 secs] [Times: user=0.18 sys=0.03, real=0.02 secs] 
2019-06-09T14:16:53.429+0300: 9.868: [Full GC (Metadata GC Threshold) [PSYoungGen: 15794K->0K(149504K)] [ParOldGen: 34521K->38789K(341504K)] 50316K->38789K(491008K), [Metaspace: 34513K->34513K(1079296K)], 0.0373689 secs] [Times: user=0.20 sys=0.01, real=0.04 secs] 
2019-06-09T14:16:55.834+0300: 12.272: [GC (Allocation Failure) [PSYoungGen: 128512K->448K(149504K)] 167301K->39245K(491008K), 0.0049503 secs] [Times: user=0.02 sys=0.00, real=0.01 secs] 
2019-06-09T14:16:58.068+0300: 14.506: [GC (Allocation Failure) [PSYoungGen: 128960K->480K(149504K)] 167757K->39285K(491008K), 0.0567807 secs] [Times: user=0.02 sys=0.00, real=0.06 secs] 
2019-06-09T14:17:00.109+0300: 16.547: [GC (Allocation Failure) [PSYoungGen: 128992K->544K(129536K)] 167797K->39357K(471040K), 0.0043472 secs] [Times: user=0.00 sys=0.02, real=0.01 secs] 
2019-06-09T14:17:02.321+0300: 18.760: [GC (Allocation Failure) [PSYoungGen: 129056K->480K(150016K)] 167869K->39301K(491520K), 0.0037257 secs] [Times: user=0.02 sys=0.00, real=0.00 secs] 
2019-06-09T14:17:04.601+0300: 21.040: [GC (Allocation Failure) [PSYoungGen: 128992K->480K(148992K)] 167813K->39301K(490496K), 0.0029971 secs] [Times: user=0.01 sys=0.00, real=0.00 secs] 
2019-06-09T14:17:06.767+0300: 23.206: [GC (Allocation Failure) [PSYoungGen: 128992K->512K(151552K)] 167813K->39341K(493056K), 0.0032710 secs] [Times: user=0.01 sys=0.01, real=0.01 secs] 
2019-06-09T14:17:08.819+0300: 25.257: [GC (Allocation Failure) [PSYoungGen: 132608K->672K(151040K)] 171437K->39501K(492544K), 0.0030836 secs] [Times: user=0.02 sys=0.00, real=0.00 secs] 
2019-06-09T14:17:17.828+0300: 34.267: [GC (Allocation Failure) [PSYoungGen: 132768K->694K(153600K)] 171597K->39532K(495104K), 0.0034798 secs] [Times: user=0.02 sys=0.00, real=0.01 secs] 
14:17:17.859 [Curator-PathChildrenCache-0] ERROR o.a.c.f.r.c.PathChildrenCache  - 
java.lang.IllegalStateException: instance must be started before calling this method
	at org.apache.curator.shaded.com.google.common.base.Preconditions.checkState(Preconditions.java:444)
	at org.apache.curator.framework.imps.CuratorFrameworkImpl.getChildren(CuratorFrameworkImpl.java:456)
	at org.apache.curator.framework.recipes.cache.PathChildrenCache.refresh(PathChildrenCache.java:521)
	at org.apache.curator.framework.recipes.cache.RefreshOperation.invoke(RefreshOperation.java:35)
	at org.apache.curator.framework.recipes.cache.PathChildrenCache$9.run(PathChildrenCache.java:786)
	at java.util.concurrent.Executors$RunnableAdapter.call(Executors.java:511)
	at java.util.concurrent.FutureTask.run(FutureTask.java:266)
	at java.util.concurrent.Executors$RunnableAdapter.call(Executors.java:511)
	at java.util.concurrent.FutureTask.run(FutureTask.java:266)
	at java.util.concurrent.ThreadPoolExecutor.runWorker(ThreadPoolExecutor.java:1149)
	at java.util.concurrent.ThreadPoolExecutor$Worker.run(ThreadPoolExecutor.java:624)
	at java.lang.Thread.run(Thread.java:748)
Heap
 PSYoungGen      total 153600K, used 9924K [0x00000000f5980000, 0x0000000100000000, 0x0000000100000000)
  eden space 135680K, 6% used [0x00000000f5980000,0x00000000f6283590,0x00000000fde00000)
  from space 17920K, 3% used [0x00000000fee80000,0x00000000fef2dbb0,0x0000000100000000)
  to   space 16896K, 0% used [0x00000000fde00000,0x00000000fde00000,0x00000000fee80000)
 ParOldGen       total 341504K, used 38837K [0x00000000e0c00000, 0x00000000f5980000, 0x00000000f5980000)
  object space 341504K, 11% used [0x00000000e0c00000,0x00000000e31ed630,0x00000000f5980000)
 Metaspace       used 35703K, capacity 36604K, committed 36992K, reserved 1081344K
  class space    used 4938K, capacity 5138K, committed 5248K, reserved 1048576K
