07:12:10,514 |-INFO in ch.qos.logback.classic.LoggerContext[default] - Could NOT find resource [logback-test.xml]
07:12:10,515 |-INFO in ch.qos.logback.classic.LoggerContext[default] - Could NOT find resource [logback.groovy]
07:12:10,515 |-INFO in ch.qos.logback.classic.LoggerContext[default] - Found resource [logback.xml] at [jar:file:/home/nikitasokolov/flamestream/lib/flamestream-runtime-1.0-SNAPSHOT.jar!/logback.xml]
07:12:10,515 |-WARN in ch.qos.logback.classic.LoggerContext[default] - Resource [logback.xml] occurs multiple times on the classpath.
07:12:10,516 |-WARN in ch.qos.logback.classic.LoggerContext[default] - Resource [logback.xml] occurs at [jar:file:/home/nikitasokolov/flamestream/lib/flamestream-runtime-1.0-SNAPSHOT.jar!/logback.xml]
07:12:10,516 |-WARN in ch.qos.logback.classic.LoggerContext[default] - Resource [logback.xml] occurs at [jar:file:/home/nikitasokolov/flamestream/flamestream-runtime-1.0-SNAPSHOT.jar!/logback.xml]
07:12:10,531 |-INFO in ch.qos.logback.core.joran.spi.ConfigurationWatchList@6108b2d7 - URL [jar:file:/home/nikitasokolov/flamestream/lib/flamestream-runtime-1.0-SNAPSHOT.jar!/logback.xml] is not of type file
07:12:10,582 |-INFO in ch.qos.logback.classic.joran.action.ConfigurationAction - debug attribute not set
07:12:10,583 |-INFO in ch.qos.logback.core.joran.action.AppenderAction - About to instantiate appender of type [ch.qos.logback.core.ConsoleAppender]
07:12:10,590 |-INFO in ch.qos.logback.core.joran.action.AppenderAction - Naming appender as [STDOUT]
07:12:10,598 |-INFO in ch.qos.logback.core.joran.action.NestedComplexPropertyIA - Assuming default type [ch.qos.logback.classic.encoder.PatternLayoutEncoder] for [encoder] property
07:12:10,650 |-INFO in ch.qos.logback.core.joran.action.AppenderAction - About to instantiate appender of type [ch.qos.logback.core.rolling.RollingFileAppender]
07:12:10,655 |-INFO in ch.qos.logback.core.joran.action.AppenderAction - Naming appender as [FILE]
07:12:10,676 |-INFO in c.q.l.core.rolling.TimeBasedRollingPolicy@357863579 - No compression will be used
07:12:10,677 |-INFO in c.q.l.core.rolling.TimeBasedRollingPolicy@357863579 - Will use the pattern /tmp/application_%d{yyyy-MM-dd}.%i.log for the active file
07:12:10,680 |-INFO in ch.qos.logback.core.rolling.SizeAndTimeBasedFNATP@6bf256fa - The date pattern is 'yyyy-MM-dd' from file name pattern '/tmp/application_%d{yyyy-MM-dd}.%i.log'.
07:12:10,680 |-INFO in ch.qos.logback.core.rolling.SizeAndTimeBasedFNATP@6bf256fa - Roll-over at midnight.
07:12:10,684 |-INFO in ch.qos.logback.core.rolling.SizeAndTimeBasedFNATP@6bf256fa - Setting initial period to Sun Jun 09 07:11:27 MSK 2019
07:12:10,684 |-WARN in ch.qos.logback.core.rolling.SizeAndTimeBasedFNATP@6bf256fa - SizeAndTimeBasedFNATP is deprecated. Use SizeAndTimeBasedRollingPolicy instead
07:12:10,684 |-WARN in ch.qos.logback.core.rolling.SizeAndTimeBasedFNATP@6bf256fa - For more information see http://logback.qos.ch/manual/appenders.html#SizeAndTimeBasedRollingPolicy
07:12:10,688 |-INFO in ch.qos.logback.core.joran.action.NestedComplexPropertyIA - Assuming default type [ch.qos.logback.classic.encoder.PatternLayoutEncoder] for [encoder] property
07:12:10,691 |-INFO in ch.qos.logback.core.rolling.RollingFileAppender[FILE] - Active log file name: /tmp/application.log
07:12:10,691 |-INFO in ch.qos.logback.core.rolling.RollingFileAppender[FILE] - File property is set to [/tmp/application.log]
07:12:10,692 |-INFO in ch.qos.logback.classic.joran.action.RootLoggerAction - Setting level of ROOT logger to WARN
07:12:10,692 |-INFO in ch.qos.logback.core.joran.action.AppenderRefAction - Attaching appender named [STDOUT] to Logger[ROOT]
07:12:10,692 |-INFO in ch.qos.logback.core.joran.action.AppenderRefAction - Attaching appender named [FILE] to Logger[ROOT]
07:12:10,692 |-INFO in ch.qos.logback.classic.joran.action.ConfigurationAction - End of configuration.
07:12:10,693 |-INFO in ch.qos.logback.classic.joran.JoranConfigurator@6cd8737 - Registering current configuration as safe fallback point

2019-06-09T07:12:11.666+0300: 1.355: [GC (Metadata GC Threshold) [PSYoungGen: 105581K->15768K(149504K)] 105581K->15848K(491008K), 0.0212400 secs] [Times: user=0.10 sys=0.02, real=0.02 secs] 
2019-06-09T07:12:11.687+0300: 1.376: [Full GC (Metadata GC Threshold) [PSYoungGen: 15768K->0K(149504K)] [ParOldGen: 80K->14981K(341504K)] 15848K->14981K(491008K), [Metaspace: 20801K->20801K(1067008K)], 0.0314676 secs] [Times: user=0.19 sys=0.02, real=0.04 secs] 
07:12:22.448 [Curator-PathChildrenCache-2] WARN  o.a.c.u.ZKPaths  - The version of ZooKeeper being used doesn't support Container nodes. CreateMode.PERSISTENT will be used instead.
2019-06-09T07:12:23.156+0300: 12.845: [GC (Metadata GC Threshold) [PSYoungGen: 128512K->16736K(149504K)] 143493K->51257K(491008K), 0.0330206 secs] [Times: user=0.24 sys=0.04, real=0.03 secs] 
2019-06-09T07:12:23.189+0300: 12.878: [Full GC (Metadata GC Threshold) [PSYoungGen: 16736K->0K(149504K)] [ParOldGen: 34520K->39647K(341504K)] 51257K->39647K(491008K), [Metaspace: 34454K->34449K(1079296K)], 0.0394000 secs] [Times: user=0.24 sys=0.00, real=0.04 secs] 
2019-06-09T07:12:25.399+0300: 15.088: [GC (Allocation Failure) [PSYoungGen: 128512K->704K(149504K)] 168159K->40359K(491008K), 0.0031320 secs] [Times: user=0.01 sys=0.00, real=0.00 secs] 
2019-06-09T07:12:28.043+0300: 17.732: [GC (Allocation Failure) [PSYoungGen: 129216K->608K(149504K)] 168871K->40271K(491008K), 0.0031155 secs] [Times: user=0.02 sys=0.00, real=0.00 secs] 
2019-06-09T07:12:30.183+0300: 19.873: [GC (Allocation Failure) [PSYoungGen: 129120K->576K(129536K)] 168783K->40247K(471040K), 0.0082312 secs] [Times: user=0.08 sys=0.00, real=0.01 secs] 
2019-06-09T07:12:32.038+0300: 21.727: [GC (Allocation Failure) [PSYoungGen: 129088K->672K(148992K)] 168759K->40351K(490496K), 0.0031330 secs] [Times: user=0.02 sys=0.00, real=0.00 secs] 
2019-06-09T07:12:34.184+0300: 23.873: [GC (Allocation Failure) [PSYoungGen: 127648K->544K(148480K)] 167327K->40223K(489984K), 0.0038693 secs] [Times: user=0.02 sys=0.00, real=0.00 secs] 
2019-06-09T07:12:35.908+0300: 25.598: [GC (Allocation Failure) [PSYoungGen: 127520K->1120K(151040K)] 167199K->40807K(492544K), 0.0055118 secs] [Times: user=0.02 sys=0.02, real=0.01 secs] 
2019-06-09T07:12:37.602+0300: 27.292: [GC (Allocation Failure) [PSYoungGen: 131680K->992K(150016K)] 171367K->40687K(491520K), 0.0040727 secs] [Times: user=0.02 sys=0.00, real=0.00 secs] 
2019-06-09T07:12:39.426+0300: 29.115: [GC (Allocation Failure) [PSYoungGen: 131552K->1024K(153088K)] 171247K->40727K(494592K), 0.0029391 secs] [Times: user=0.01 sys=0.01, real=0.00 secs] 
2019-06-09T07:12:41.320+0300: 31.010: [GC (Allocation Failure) [PSYoungGen: 135680K->928K(152064K)] 175383K->40639K(493568K), 0.0028789 secs] [Times: user=0.01 sys=0.00, real=0.00 secs] 
2019-06-09T07:12:43.393+0300: 33.090: [GC (Allocation Failure) [PSYoungGen: 135584K->896K(154624K)] 175295K->40615K(496128K), 0.0110779 secs] [Times: user=0.01 sys=0.00, real=0.01 secs] 
2019-06-09T07:12:45.016+0300: 34.705: [GC (Allocation Failure) [PSYoungGen: 138624K->864K(153600K)] 178343K->40591K(495104K), 0.0033525 secs] [Times: user=0.01 sys=0.00, real=0.01 secs] 
2019-06-09T07:12:46.725+0300: 36.414: [GC (Allocation Failure) [PSYoungGen: 138592K->864K(156160K)] 178319K->40599K(497664K), 0.0043552 secs] [Times: user=0.02 sys=0.01, real=0.00 secs] 
2019-06-09T07:12:48.896+0300: 38.586: [GC (Allocation Failure) [PSYoungGen: 141664K->832K(155136K)] 181399K->40567K(496640K), 0.0033020 secs] [Times: user=0.01 sys=0.00, real=0.01 secs] 
07:12:57.190 [Curator-PathChildrenCache-0] ERROR o.a.c.f.r.c.PathChildrenCache  - 
java.lang.IllegalStateException: instance must be started before calling this method
	at org.apache.curator.shaded.com.google.common.base.Preconditions.checkState(Preconditions.java:444)
	at org.apache.curator.framework.imps.CuratorFrameworkImpl.getChildren(CuratorFrameworkImpl.java:456)
	at org.apache.curator.framework.recipes.cache.PathChildrenCache.refresh(PathChildrenCache.java:521)
	at org.apache.curator.framework.recipes.cache.RefreshOperation.invoke(RefreshOperation.java:35)
	at org.apache.curator.framework.recipes.cache.PathChildrenCache$9.run(PathChildrenCache.java:786)
	at java.util.concurrent.Executors$RunnableAdapter.call(Executors.java:511)
	at java.util.concurrent.FutureTask.run(FutureTask.java:266)
	at java.util.concurrent.Executors$RunnableAdapter.call(Executors.java:511)
	at java.util.concurrent.FutureTask.run(FutureTask.java:266)
	at java.util.concurrent.ThreadPoolExecutor.runWorker(ThreadPoolExecutor.java:1149)
	at java.util.concurrent.ThreadPoolExecutor$Worker.run(ThreadPoolExecutor.java:624)
	at java.lang.Thread.run(Thread.java:748)
Heap
 PSYoungGen      total 155136K, used 122436K [0x00000000f5980000, 0x0000000100000000, 0x0000000100000000)
  eden space 140800K, 86% used [0x00000000f5980000,0x00000000fd041278,0x00000000fe300000)
  from space 14336K, 5% used [0x00000000fe300000,0x00000000fe3d0090,0x00000000ff100000)
  to   space 13824K, 0% used [0x00000000ff280000,0x00000000ff280000,0x0000000100000000)
 ParOldGen       total 341504K, used 39735K [0x00000000e0c00000, 0x00000000f5980000, 0x00000000f5980000)
  object space 341504K, 11% used [0x00000000e0c00000,0x00000000e32cdf48,0x00000000f5980000)
 Metaspace       used 36011K, capacity 36977K, committed 37208K, reserved 1081344K
  class space    used 4978K, capacity 5197K, committed 5248K, reserved 1048576K
