15:34:37,117 |-INFO in ch.qos.logback.classic.LoggerContext[default] - Could NOT find resource [logback-test.xml]
15:34:37,117 |-INFO in ch.qos.logback.classic.LoggerContext[default] - Could NOT find resource [logback.groovy]
15:34:37,117 |-INFO in ch.qos.logback.classic.LoggerContext[default] - Found resource [logback.xml] at [jar:file:/root/flamestream/lib/flamestream-runtime-1.0-SNAPSHOT.jar!/logback.xml]
15:34:37,118 |-WARN in ch.qos.logback.classic.LoggerContext[default] - Resource [logback.xml] occurs multiple times on the classpath.
15:34:37,118 |-WARN in ch.qos.logback.classic.LoggerContext[default] - Resource [logback.xml] occurs at [jar:file:/root/flamestream/lib/flamestream-runtime-1.0-SNAPSHOT.jar!/logback.xml]
15:34:37,118 |-WARN in ch.qos.logback.classic.LoggerContext[default] - Resource [logback.xml] occurs at [jar:file:/root/flamestream/flamestream-runtime-1.0-SNAPSHOT.jar!/logback.xml]
15:34:37,137 |-INFO in ch.qos.logback.core.joran.spi.ConfigurationWatchList@3fb6a447 - URL [jar:file:/root/flamestream/lib/flamestream-runtime-1.0-SNAPSHOT.jar!/logback.xml] is not of type file
15:34:37,208 |-INFO in ch.qos.logback.classic.joran.action.ConfigurationAction - debug attribute not set
15:34:37,209 |-INFO in ch.qos.logback.core.joran.action.AppenderAction - About to instantiate appender of type [ch.qos.logback.core.ConsoleAppender]
15:34:37,227 |-INFO in ch.qos.logback.core.joran.action.AppenderAction - Naming appender as [STDOUT]
15:34:37,241 |-INFO in ch.qos.logback.core.joran.action.NestedComplexPropertyIA - Assuming default type [ch.qos.logback.classic.encoder.PatternLayoutEncoder] for [encoder] property
15:34:37,324 |-INFO in ch.qos.logback.core.joran.action.AppenderAction - About to instantiate appender of type [ch.qos.logback.core.rolling.RollingFileAppender]
15:34:37,335 |-INFO in ch.qos.logback.core.joran.action.AppenderAction - Naming appender as [FILE]
15:34:37,364 |-INFO in c.q.l.core.rolling.TimeBasedRollingPolicy@127618319 - No compression will be used
15:34:37,365 |-INFO in c.q.l.core.rolling.TimeBasedRollingPolicy@127618319 - Will use the pattern /tmp/application_%d{yyyy-MM-dd}.%i.log for the active file
15:34:37,368 |-INFO in ch.qos.logback.core.rolling.SizeAndTimeBasedFNATP@6b2fad11 - The date pattern is 'yyyy-MM-dd' from file name pattern '/tmp/application_%d{yyyy-MM-dd}.%i.log'.
15:34:37,368 |-INFO in ch.qos.logback.core.rolling.SizeAndTimeBasedFNATP@6b2fad11 - Roll-over at midnight.
15:34:37,373 |-INFO in ch.qos.logback.core.rolling.SizeAndTimeBasedFNATP@6b2fad11 - Setting initial period to Mon Jun 10 15:33:14 UTC 2019
15:34:37,373 |-WARN in ch.qos.logback.core.rolling.SizeAndTimeBasedFNATP@6b2fad11 - SizeAndTimeBasedFNATP is deprecated. Use SizeAndTimeBasedRollingPolicy instead
15:34:37,373 |-WARN in ch.qos.logback.core.rolling.SizeAndTimeBasedFNATP@6b2fad11 - For more information see http://logback.qos.ch/manual/appenders.html#SizeAndTimeBasedRollingPolicy
15:34:37,378 |-INFO in ch.qos.logback.core.joran.action.NestedComplexPropertyIA - Assuming default type [ch.qos.logback.classic.encoder.PatternLayoutEncoder] for [encoder] property
15:34:37,383 |-INFO in ch.qos.logback.core.rolling.RollingFileAppender[FILE] - Active log file name: /tmp/application.log
15:34:37,383 |-INFO in ch.qos.logback.core.rolling.RollingFileAppender[FILE] - File property is set to [/tmp/application.log]
15:34:37,384 |-INFO in ch.qos.logback.classic.joran.action.RootLoggerAction - Setting level of ROOT logger to WARN
15:34:37,384 |-INFO in ch.qos.logback.core.joran.action.AppenderRefAction - Attaching appender named [STDOUT] to Logger[ROOT]
15:34:37,386 |-INFO in ch.qos.logback.core.joran.action.AppenderRefAction - Attaching appender named [FILE] to Logger[ROOT]
15:34:37,386 |-INFO in ch.qos.logback.classic.joran.action.ConfigurationAction - End of configuration.
15:34:37,386 |-INFO in ch.qos.logback.classic.joran.JoranConfigurator@79698539 - Registering current configuration as safe fallback point

Ama winner
Ama winner
2019-06-10T15:34:38.701+0000: 1.772: [Full GC (Metadata GC Threshold) 2019-06-10T15:34:38.701+0000: 1.772: [Tenured: 0K->15144K(341376K), 0.0406322 secs] 114924K->15144K(494976K), [Metaspace: 20739K->20739K(1067008K)], 0.0407063 secs] [Times: user=0.03 sys=0.01, real=0.05 secs] 
15:34:54.043 [Curator-PathChildrenCache-1] WARN  o.a.c.u.ZKPaths  - The version of ZooKeeper being used doesn't support Container nodes. CreateMode.PERSISTENT will be used instead.
2019-06-10T15:34:56.155+0000: 19.226: [GC (Allocation Failure) 2019-06-10T15:34:56.155+0000: 19.226: [DefNew: 136576K->17023K(153600K), 0.0260441 secs] 151720K->52786K(494976K), 0.0261156 secs] [Times: user=0.02 sys=0.01, real=0.02 secs] 
2019-06-10T15:34:57.666+0000: 20.736: [Full GC (Metadata GC Threshold) 2019-06-10T15:34:57.666+0000: 20.736: [Tenured: 35762K->44705K(341376K), 0.0384764 secs] 82622K->44705K(494976K), [Metaspace: 34614K->34614K(1079296K)], 0.0385637 secs] [Times: user=0.04 sys=0.00, real=0.04 secs] 
2019-06-10T15:35:04.302+0000: 27.373: [GC (Allocation Failure) 2019-06-10T15:35:04.303+0000: 27.373: [DefNew: 136576K->70K(153600K), 0.0018439 secs] 181281K->44776K(494976K), 0.0019051 secs] [Times: user=0.00 sys=0.00, real=0.00 secs] 
2019-06-10T15:35:11.073+0000: 34.143: [GC (Allocation Failure) 2019-06-10T15:35:11.073+0000: 34.143: [DefNew: 136646K->71K(153600K), 0.0017885 secs] 181352K->44777K(494976K), 0.0018509 secs] [Times: user=0.00 sys=0.00, real=0.00 secs] 
2019-06-10T15:35:17.737+0000: 40.808: [GC (Allocation Failure) 2019-06-10T15:35:17.737+0000: 40.808: [DefNew: 136647K->72K(153600K), 0.0018346 secs] 181353K->44778K(494976K), 0.0018993 secs] [Times: user=0.00 sys=0.00, real=0.00 secs] 
2019-06-10T15:35:24.324+0000: 47.395: [GC (Allocation Failure) 2019-06-10T15:35:24.324+0000: 47.395: [DefNew: 136648K->71K(153600K), 0.0018079 secs] 181354K->44776K(494976K), 0.0018700 secs] [Times: user=0.00 sys=0.00, real=0.00 secs] 
15:35:35.847 [Curator-PathChildrenCache-0] ERROR o.a.c.f.r.c.PathChildrenCache  - 
java.lang.IllegalStateException: instance must be started before calling this method
	at org.apache.curator.shaded.com.google.common.base.Preconditions.checkState(Preconditions.java:444)
	at org.apache.curator.framework.imps.CuratorFrameworkImpl.getChildren(CuratorFrameworkImpl.java:456)
	at org.apache.curator.framework.recipes.cache.PathChildrenCache.refresh(PathChildrenCache.java:521)
	at org.apache.curator.framework.recipes.cache.RefreshOperation.invoke(RefreshOperation.java:35)
	at org.apache.curator.framework.recipes.cache.PathChildrenCache$9.run(PathChildrenCache.java:786)
	at java.util.concurrent.Executors$RunnableAdapter.call(Executors.java:511)
	at java.util.concurrent.FutureTask.run(FutureTask.java:266)
	at java.util.concurrent.Executors$RunnableAdapter.call(Executors.java:511)
	at java.util.concurrent.FutureTask.run(FutureTask.java:266)
	at java.util.concurrent.ThreadPoolExecutor.runWorker(ThreadPoolExecutor.java:1149)
	at java.util.concurrent.ThreadPoolExecutor$Worker.run(ThreadPoolExecutor.java:624)
	at java.lang.Thread.run(Thread.java:748)
2019-06-10T15:35:35.869+0000: 58.939: [GC (Allocation Failure) 2019-06-10T15:35:35.869+0000: 58.939: [DefNew: 136647K->576K(153600K), 0.0030642 secs] 181352K->45282K(494976K), 0.0031189 secs] [Times: user=0.00 sys=0.00, real=0.01 secs] 
Heap
 def new generation   total 153600K, used 7516K [0x00000000e0c00000, 0x00000000eb2a0000, 0x00000000eb2a0000)
  eden space 136576K,   5% used [0x00000000e0c00000, 0x00000000e12c6f68, 0x00000000e9160000)
  from space 17024K,   3% used [0x00000000e9160000, 0x00000000e91f0328, 0x00000000ea200000)
  to   space 17024K,   0% used [0x00000000ea200000, 0x00000000ea200000, 0x00000000eb2a0000)
 tenured generation   total 341376K, used 44705K [0x00000000eb2a0000, 0x0000000100000000, 0x0000000100000000)
   the space 341376K,  13% used [0x00000000eb2a0000, 0x00000000ede48660, 0x00000000ede48800, 0x0000000100000000)
 Metaspace       used 35797K, capacity 36702K, committed 36864K, reserved 1081344K
  class space    used 4829K, capacity 5041K, committed 5120K, reserved 1048576K
