19:08:55,757 |-INFO in ch.qos.logback.classic.LoggerContext[default] - Could NOT find resource [logback-test.xml]
19:08:55,760 |-INFO in ch.qos.logback.classic.LoggerContext[default] - Could NOT find resource [logback.groovy]
19:08:55,760 |-INFO in ch.qos.logback.classic.LoggerContext[default] - Found resource [logback.xml] at [jar:file:/root/flamestream/lib/flamestream-runtime-1.0-SNAPSHOT.jar!/logback.xml]
19:08:55,761 |-WARN in ch.qos.logback.classic.LoggerContext[default] - Resource [logback.xml] occurs multiple times on the classpath.
19:08:55,761 |-WARN in ch.qos.logback.classic.LoggerContext[default] - Resource [logback.xml] occurs at [jar:file:/root/flamestream/lib/flamestream-runtime-1.0-SNAPSHOT.jar!/logback.xml]
19:08:55,761 |-WARN in ch.qos.logback.classic.LoggerContext[default] - Resource [logback.xml] occurs at [jar:file:/root/flamestream/flamestream-runtime-1.0-SNAPSHOT.jar!/logback.xml]
19:08:55,781 |-INFO in ch.qos.logback.core.joran.spi.ConfigurationWatchList@3fb6a447 - URL [jar:file:/root/flamestream/lib/flamestream-runtime-1.0-SNAPSHOT.jar!/logback.xml] is not of type file
19:08:55,854 |-INFO in ch.qos.logback.classic.joran.action.ConfigurationAction - debug attribute not set
19:08:55,854 |-INFO in ch.qos.logback.core.joran.action.AppenderAction - About to instantiate appender of type [ch.qos.logback.core.ConsoleAppender]
19:08:55,872 |-INFO in ch.qos.logback.core.joran.action.AppenderAction - Naming appender as [STDOUT]
19:08:55,885 |-INFO in ch.qos.logback.core.joran.action.NestedComplexPropertyIA - Assuming default type [ch.qos.logback.classic.encoder.PatternLayoutEncoder] for [encoder] property
19:08:55,972 |-INFO in ch.qos.logback.core.joran.action.AppenderAction - About to instantiate appender of type [ch.qos.logback.core.rolling.RollingFileAppender]
19:08:55,976 |-INFO in ch.qos.logback.core.joran.action.AppenderAction - Naming appender as [FILE]
19:08:56,013 |-INFO in c.q.l.core.rolling.TimeBasedRollingPolicy@127618319 - No compression will be used
19:08:56,015 |-INFO in c.q.l.core.rolling.TimeBasedRollingPolicy@127618319 - Will use the pattern /tmp/application_%d{yyyy-MM-dd}.%i.log for the active file
19:08:56,017 |-INFO in ch.qos.logback.core.rolling.SizeAndTimeBasedFNATP@6b2fad11 - The date pattern is 'yyyy-MM-dd' from file name pattern '/tmp/application_%d{yyyy-MM-dd}.%i.log'.
19:08:56,017 |-INFO in ch.qos.logback.core.rolling.SizeAndTimeBasedFNATP@6b2fad11 - Roll-over at midnight.
19:08:56,023 |-INFO in ch.qos.logback.core.rolling.SizeAndTimeBasedFNATP@6b2fad11 - Setting initial period to Mon Jun 10 19:07:20 UTC 2019
19:08:56,023 |-WARN in ch.qos.logback.core.rolling.SizeAndTimeBasedFNATP@6b2fad11 - SizeAndTimeBasedFNATP is deprecated. Use SizeAndTimeBasedRollingPolicy instead
19:08:56,023 |-WARN in ch.qos.logback.core.rolling.SizeAndTimeBasedFNATP@6b2fad11 - For more information see http://logback.qos.ch/manual/appenders.html#SizeAndTimeBasedRollingPolicy
19:08:56,027 |-INFO in ch.qos.logback.core.joran.action.NestedComplexPropertyIA - Assuming default type [ch.qos.logback.classic.encoder.PatternLayoutEncoder] for [encoder] property
19:08:56,031 |-INFO in ch.qos.logback.core.rolling.RollingFileAppender[FILE] - Active log file name: /tmp/application.log
19:08:56,031 |-INFO in ch.qos.logback.core.rolling.RollingFileAppender[FILE] - File property is set to [/tmp/application.log]
19:08:56,032 |-INFO in ch.qos.logback.classic.joran.action.RootLoggerAction - Setting level of ROOT logger to WARN
19:08:56,032 |-INFO in ch.qos.logback.core.joran.action.AppenderRefAction - Attaching appender named [STDOUT] to Logger[ROOT]
19:08:56,034 |-INFO in ch.qos.logback.core.joran.action.AppenderRefAction - Attaching appender named [FILE] to Logger[ROOT]
19:08:56,034 |-INFO in ch.qos.logback.classic.joran.action.ConfigurationAction - End of configuration.
19:08:56,035 |-INFO in ch.qos.logback.classic.joran.JoranConfigurator@79698539 - Registering current configuration as safe fallback point

Ama winner
Ama winner
2019-06-10T19:08:57.322+0000: 1.746: [Full GC (Metadata GC Threshold) 2019-06-10T19:08:57.322+0000: 1.746: [Tenured: 0K->15241K(341376K), 0.0379970 secs] 114987K->15241K(494976K), [Metaspace: 20742K->20742K(1067008K)], 0.0380625 secs] [Times: user=0.03 sys=0.01, real=0.04 secs] 
19:09:19.582 [Curator-PathChildrenCache-2] WARN  o.a.c.u.ZKPaths  - The version of ZooKeeper being used doesn't support Container nodes. CreateMode.PERSISTENT will be used instead.
2019-06-10T19:09:21.823+0000: 26.247: [GC (Allocation Failure) 2019-06-10T19:09:21.823+0000: 26.247: [DefNew: 135628K->17019K(153600K), 0.0341240 secs] 150869K->51800K(494976K), 0.0341998 secs] [Times: user=0.03 sys=0.00, real=0.04 secs] 
2019-06-10T19:09:22.313+0000: 26.736: [Full GC (Metadata GC Threshold) 2019-06-10T19:09:22.313+0000: 26.736: [Tenured: 34781K->43515K(341376K), 0.0378190 secs] 68948K->43515K(494976K), [Metaspace: 34602K->34602K(1079296K)], 0.0379028 secs] [Times: user=0.03 sys=0.00, real=0.04 secs] 
2019-06-10T19:09:27.598+0000: 32.022: [GC (Allocation Failure) 2019-06-10T19:09:27.598+0000: 32.022: [DefNew: 136576K->156K(153600K), 0.0021297 secs] 180091K->43671K(494976K), 0.0021887 secs] [Times: user=0.00 sys=0.00, real=0.00 secs] 
2019-06-10T19:09:32.734+0000: 37.158: [GC (Allocation Failure) 2019-06-10T19:09:32.734+0000: 37.158: [DefNew: 136732K->195K(153600K), 0.0019220 secs] 180247K->43710K(494976K), 0.0019863 secs] [Times: user=0.01 sys=0.00, real=0.00 secs] 
2019-06-10T19:09:37.895+0000: 42.319: [GC (Allocation Failure) 2019-06-10T19:09:37.895+0000: 42.319: [DefNew: 136771K->190K(153600K), 0.0019091 secs] 180286K->43705K(494976K), 0.0019731 secs] [Times: user=0.00 sys=0.00, real=0.00 secs] 
2019-06-10T19:09:43.125+0000: 47.549: [GC (Allocation Failure) 2019-06-10T19:09:43.125+0000: 47.549: [DefNew: 136766K->184K(153600K), 0.0020095 secs] 180281K->43699K(494976K), 0.0020681 secs] [Times: user=0.00 sys=0.00, real=0.01 secs] 
2019-06-10T19:09:48.304+0000: 52.728: [GC (Allocation Failure) 2019-06-10T19:09:48.304+0000: 52.728: [DefNew: 136760K->187K(153600K), 0.0019566 secs] 180275K->43702K(494976K), 0.0020229 secs] [Times: user=0.00 sys=0.00, real=0.01 secs] 
2019-06-10T19:09:53.513+0000: 57.937: [GC (Allocation Failure) 2019-06-10T19:09:53.513+0000: 57.937: [DefNew: 136763K->192K(153600K), 0.0019908 secs] 180278K->43707K(494976K), 0.0020484 secs] [Times: user=0.00 sys=0.00, real=0.01 secs] 
2019-06-10T19:09:58.709+0000: 63.133: [GC (Allocation Failure) 2019-06-10T19:09:58.709+0000: 63.133: [DefNew: 136768K->508K(153600K), 0.0024652 secs] 180283K->44023K(494976K), 0.0025262 secs] [Times: user=0.00 sys=0.00, real=0.00 secs] 
2019-06-10T19:10:04.535+0000: 68.959: [GC (Allocation Failure) 2019-06-10T19:10:04.535+0000: 68.959: [DefNew: 137084K->313K(153600K), 0.0024293 secs] 180599K->43828K(494976K), 0.0024963 secs] [Times: user=0.00 sys=0.00, real=0.00 secs] 
2019-06-10T19:10:10.326+0000: 74.749: [GC (Allocation Failure) 2019-06-10T19:10:10.326+0000: 74.749: [DefNew: 136889K->310K(153600K), 0.0022448 secs] 180404K->43825K(494976K), 0.0023157 secs] [Times: user=0.00 sys=0.00, real=0.00 secs] 
19:10:24.695 [Curator-PathChildrenCache-0] ERROR o.a.c.f.r.c.PathChildrenCache  - 
java.lang.IllegalStateException: instance must be started before calling this method
	at org.apache.curator.shaded.com.google.common.base.Preconditions.checkState(Preconditions.java:444)
	at org.apache.curator.framework.imps.CuratorFrameworkImpl.getChildren(CuratorFrameworkImpl.java:456)
	at org.apache.curator.framework.recipes.cache.PathChildrenCache.refresh(PathChildrenCache.java:521)
	at org.apache.curator.framework.recipes.cache.RefreshOperation.invoke(RefreshOperation.java:35)
	at org.apache.curator.framework.recipes.cache.PathChildrenCache$9.run(PathChildrenCache.java:786)
	at java.util.concurrent.Executors$RunnableAdapter.call(Executors.java:511)
	at java.util.concurrent.FutureTask.run(FutureTask.java:266)
	at java.util.concurrent.Executors$RunnableAdapter.call(Executors.java:511)
	at java.util.concurrent.FutureTask.run(FutureTask.java:266)
	at java.util.concurrent.ThreadPoolExecutor.runWorker(ThreadPoolExecutor.java:1149)
	at java.util.concurrent.ThreadPoolExecutor$Worker.run(ThreadPoolExecutor.java:624)
	at java.lang.Thread.run(Thread.java:748)
Heap
 def new generation   total 153600K, used 76963K [0x00000000e0c00000, 0x00000000eb2a0000, 0x00000000eb2a0000)
  eden space 136576K,  56% used [0x00000000e0c00000, 0x00000000e56db418, 0x00000000e9160000)
  from space 17024K,   1% used [0x00000000e9160000, 0x00000000e91ad858, 0x00000000ea200000)
  to   space 17024K,   0% used [0x00000000ea200000, 0x00000000ea200000, 0x00000000eb2a0000)
 tenured generation   total 341376K, used 43515K [0x00000000eb2a0000, 0x0000000100000000, 0x0000000100000000)
   the space 341376K,  12% used [0x00000000eb2a0000, 0x00000000edd1ed78, 0x00000000edd1ee00, 0x0000000100000000)
 Metaspace       used 36411K, capacity 37378K, committed 37760K, reserved 1081344K
  class space    used 4901K, capacity 5123K, committed 5248K, reserved 1048576K
