11:28:45,078 |-INFO in ch.qos.logback.classic.LoggerContext[default] - Could NOT find resource [logback-test.xml]
11:28:45,078 |-INFO in ch.qos.logback.classic.LoggerContext[default] - Could NOT find resource [logback.groovy]
11:28:45,078 |-INFO in ch.qos.logback.classic.LoggerContext[default] - Found resource [logback.xml] at [jar:file:/root/flamestream/lib/flamestream-runtime-1.0-SNAPSHOT.jar!/logback.xml]
11:28:45,079 |-WARN in ch.qos.logback.classic.LoggerContext[default] - Resource [logback.xml] occurs multiple times on the classpath.
11:28:45,079 |-WARN in ch.qos.logback.classic.LoggerContext[default] - Resource [logback.xml] occurs at [jar:file:/root/flamestream/lib/flamestream-runtime-1.0-SNAPSHOT.jar!/logback.xml]
11:28:45,079 |-WARN in ch.qos.logback.classic.LoggerContext[default] - Resource [logback.xml] occurs at [jar:file:/root/flamestream/flamestream-runtime-1.0-SNAPSHOT.jar!/logback.xml]
11:28:45,099 |-INFO in ch.qos.logback.core.joran.spi.ConfigurationWatchList@3fb6a447 - URL [jar:file:/root/flamestream/lib/flamestream-runtime-1.0-SNAPSHOT.jar!/logback.xml] is not of type file
11:28:45,174 |-INFO in ch.qos.logback.classic.joran.action.ConfigurationAction - debug attribute not set
11:28:45,174 |-INFO in ch.qos.logback.core.joran.action.AppenderAction - About to instantiate appender of type [ch.qos.logback.core.ConsoleAppender]
11:28:45,189 |-INFO in ch.qos.logback.core.joran.action.AppenderAction - Naming appender as [STDOUT]
11:28:45,206 |-INFO in ch.qos.logback.core.joran.action.NestedComplexPropertyIA - Assuming default type [ch.qos.logback.classic.encoder.PatternLayoutEncoder] for [encoder] property
11:28:45,288 |-INFO in ch.qos.logback.core.joran.action.AppenderAction - About to instantiate appender of type [ch.qos.logback.core.rolling.RollingFileAppender]
11:28:45,293 |-INFO in ch.qos.logback.core.joran.action.AppenderAction - Naming appender as [FILE]
11:28:45,325 |-INFO in c.q.l.core.rolling.TimeBasedRollingPolicy@127618319 - No compression will be used
11:28:45,326 |-INFO in c.q.l.core.rolling.TimeBasedRollingPolicy@127618319 - Will use the pattern /tmp/application_%d{yyyy-MM-dd}.%i.log for the active file
11:28:45,329 |-INFO in ch.qos.logback.core.rolling.SizeAndTimeBasedFNATP@6b2fad11 - The date pattern is 'yyyy-MM-dd' from file name pattern '/tmp/application_%d{yyyy-MM-dd}.%i.log'.
11:28:45,329 |-INFO in ch.qos.logback.core.rolling.SizeAndTimeBasedFNATP@6b2fad11 - Roll-over at midnight.
11:28:45,334 |-INFO in ch.qos.logback.core.rolling.SizeAndTimeBasedFNATP@6b2fad11 - Setting initial period to Tue Jun 11 11:27:26 UTC 2019
11:28:45,334 |-WARN in ch.qos.logback.core.rolling.SizeAndTimeBasedFNATP@6b2fad11 - SizeAndTimeBasedFNATP is deprecated. Use SizeAndTimeBasedRollingPolicy instead
11:28:45,334 |-WARN in ch.qos.logback.core.rolling.SizeAndTimeBasedFNATP@6b2fad11 - For more information see http://logback.qos.ch/manual/appenders.html#SizeAndTimeBasedRollingPolicy
11:28:45,338 |-INFO in ch.qos.logback.core.joran.action.NestedComplexPropertyIA - Assuming default type [ch.qos.logback.classic.encoder.PatternLayoutEncoder] for [encoder] property
11:28:45,343 |-INFO in ch.qos.logback.core.rolling.RollingFileAppender[FILE] - Active log file name: /tmp/application.log
11:28:45,343 |-INFO in ch.qos.logback.core.rolling.RollingFileAppender[FILE] - File property is set to [/tmp/application.log]
11:28:45,344 |-INFO in ch.qos.logback.classic.joran.action.RootLoggerAction - Setting level of ROOT logger to WARN
11:28:45,344 |-INFO in ch.qos.logback.core.joran.action.AppenderRefAction - Attaching appender named [STDOUT] to Logger[ROOT]
11:28:45,346 |-INFO in ch.qos.logback.core.joran.action.AppenderRefAction - Attaching appender named [FILE] to Logger[ROOT]
11:28:45,346 |-INFO in ch.qos.logback.classic.joran.action.ConfigurationAction - End of configuration.
11:28:45,347 |-INFO in ch.qos.logback.classic.joran.JoranConfigurator@79698539 - Registering current configuration as safe fallback point

Ama winner
Ama winner
2019-06-11T11:28:46.636+0000: 1.747: [Full GC (Metadata GC Threshold) 2019-06-11T11:28:46.636+0000: 1.747: [Tenured: 0K->15176K(341376K), 0.0386781 secs] 114923K->15176K(494976K), [Metaspace: 20726K->20726K(1067008K)], 0.0387467 secs] [Times: user=0.03 sys=0.01, real=0.04 secs] 
11:29:04.656 [Curator-PathChildrenCache-2] WARN  o.a.c.u.ZKPaths  - The version of ZooKeeper being used doesn't support Container nodes. CreateMode.PERSISTENT will be used instead.
2019-06-11T11:29:06.992+0000: 22.103: [GC (Allocation Failure) 2019-06-11T11:29:06.992+0000: 22.103: [DefNew: 120648K->16714K(153600K), 0.0184769 secs] 135824K->31890K(494976K), 0.0185496 secs] [Times: user=0.01 sys=0.01, real=0.02 secs] 
2019-06-11T11:29:07.375+0000: 22.486: [Full GC (Metadata GC Threshold) 2019-06-11T11:29:07.375+0000: 22.486: [Tenured: 15176K->43093K(341376K), 0.0464211 secs] 65682K->43093K(494976K), [Metaspace: 34556K->34556K(1079296K)], 0.0465028 secs] [Times: user=0.05 sys=0.00, real=0.04 secs] 
2019-06-11T11:29:09.122+0000: 24.233: [GC (Allocation Failure) 2019-06-11T11:29:09.122+0000: 24.233: [DefNew: 136576K->262K(153600K), 0.0022711 secs] 179669K->43355K(494976K), 0.0023355 secs] [Times: user=0.00 sys=0.00, real=0.00 secs] 
2019-06-11T11:29:10.608+0000: 25.719: [GC (Allocation Failure) 2019-06-11T11:29:10.608+0000: 25.719: [DefNew: 136838K->109K(153600K), 0.0018087 secs] 179931K->43202K(494976K), 0.0018699 secs] [Times: user=0.00 sys=0.00, real=0.00 secs] 
2019-06-11T11:29:12.170+0000: 27.282: [GC (Allocation Failure) 2019-06-11T11:29:12.170+0000: 27.282: [DefNew: 136685K->120K(153600K), 0.0018055 secs] 179778K->43213K(494976K), 0.0018661 secs] [Times: user=0.01 sys=0.00, real=0.00 secs] 
2019-06-11T11:29:13.742+0000: 28.853: [GC (Allocation Failure) 2019-06-11T11:29:13.742+0000: 28.853: [DefNew: 136696K->124K(153600K), 0.0018142 secs] 179789K->43217K(494976K), 0.0018821 secs] [Times: user=0.00 sys=0.00, real=0.00 secs] 
2019-06-11T11:29:15.323+0000: 30.434: [GC (Allocation Failure) 2019-06-11T11:29:15.323+0000: 30.434: [DefNew: 136700K->127K(153600K), 0.0019164 secs] 179793K->43220K(494976K), 0.0019790 secs] [Times: user=0.00 sys=0.00, real=0.00 secs] 
2019-06-11T11:29:16.918+0000: 32.029: [GC (Allocation Failure) 2019-06-11T11:29:16.918+0000: 32.029: [DefNew: 136703K->130K(153600K), 0.0018603 secs] 179796K->43223K(494976K), 0.0019179 secs] [Times: user=0.00 sys=0.00, real=0.00 secs] 
2019-06-11T11:29:18.493+0000: 33.604: [GC (Allocation Failure) 2019-06-11T11:29:18.493+0000: 33.604: [DefNew: 136706K->126K(153600K), 0.0018354 secs] 179799K->43219K(494976K), 0.0018946 secs] [Times: user=0.00 sys=0.00, real=0.01 secs] 
2019-06-11T11:29:25.575+0000: 40.686: [GC (Allocation Failure) 2019-06-11T11:29:25.575+0000: 40.686: [DefNew: 136702K->308K(153600K), 0.0026410 secs] 179795K->43401K(494976K), 0.0026991 secs] [Times: user=0.00 sys=0.00, real=0.00 secs] 
11:29:25.607 [Curator-PathChildrenCache-0] ERROR o.a.c.f.r.c.PathChildrenCache  - 
java.lang.IllegalStateException: instance must be started before calling this method
	at org.apache.curator.shaded.com.google.common.base.Preconditions.checkState(Preconditions.java:444)
	at org.apache.curator.framework.imps.CuratorFrameworkImpl.getChildren(CuratorFrameworkImpl.java:456)
	at org.apache.curator.framework.recipes.cache.PathChildrenCache.refresh(PathChildrenCache.java:521)
	at org.apache.curator.framework.recipes.cache.RefreshOperation.invoke(RefreshOperation.java:35)
	at org.apache.curator.framework.recipes.cache.PathChildrenCache$9.run(PathChildrenCache.java:786)
	at java.util.concurrent.Executors$RunnableAdapter.call(Executors.java:511)
	at java.util.concurrent.FutureTask.run(FutureTask.java:266)
	at java.util.concurrent.Executors$RunnableAdapter.call(Executors.java:511)
	at java.util.concurrent.FutureTask.run(FutureTask.java:266)
	at java.util.concurrent.ThreadPoolExecutor.runWorker(ThreadPoolExecutor.java:1149)
	at java.util.concurrent.ThreadPoolExecutor$Worker.run(ThreadPoolExecutor.java:624)
	at java.lang.Thread.run(Thread.java:748)
Heap
 def new generation   total 153600K, used 18871K [0x00000000e0c00000, 0x00000000eb2a0000, 0x00000000eb2a0000)
  eden space 136576K,  13% used [0x00000000e0c00000, 0x00000000e1e209c8, 0x00000000e9160000)
  from space 17024K,   1% used [0x00000000ea200000, 0x00000000ea24d270, 0x00000000eb2a0000)
  to   space 17024K,   0% used [0x00000000e9160000, 0x00000000e9160000, 0x00000000ea200000)
 tenured generation   total 341376K, used 43093K [0x00000000eb2a0000, 0x0000000100000000, 0x0000000100000000)
   the space 341376K,  12% used [0x00000000eb2a0000, 0x00000000edcb5410, 0x00000000edcb5600, 0x0000000100000000)
 Metaspace       used 35806K, capacity 36726K, committed 36864K, reserved 1081344K
  class space    used 4864K, capacity 5069K, committed 5120K, reserved 1048576K
