08:34:01,336 |-INFO in ch.qos.logback.classic.LoggerContext[default] - Could NOT find resource [logback-test.xml]
08:34:01,336 |-INFO in ch.qos.logback.classic.LoggerContext[default] - Could NOT find resource [logback.groovy]
08:34:01,336 |-INFO in ch.qos.logback.classic.LoggerContext[default] - Found resource [logback.xml] at [jar:file:/root/flamestream/lib/flamestream-runtime-1.0-SNAPSHOT.jar!/logback.xml]
08:34:01,337 |-WARN in ch.qos.logback.classic.LoggerContext[default] - Resource [logback.xml] occurs multiple times on the classpath.
08:34:01,337 |-WARN in ch.qos.logback.classic.LoggerContext[default] - Resource [logback.xml] occurs at [jar:file:/root/flamestream/lib/flamestream-runtime-1.0-SNAPSHOT.jar!/logback.xml]
08:34:01,337 |-WARN in ch.qos.logback.classic.LoggerContext[default] - Resource [logback.xml] occurs at [jar:file:/root/flamestream/flamestream-runtime-1.0-SNAPSHOT.jar!/logback.xml]
08:34:01,361 |-INFO in ch.qos.logback.core.joran.spi.ConfigurationWatchList@3fb6a447 - URL [jar:file:/root/flamestream/lib/flamestream-runtime-1.0-SNAPSHOT.jar!/logback.xml] is not of type file
08:34:01,434 |-INFO in ch.qos.logback.classic.joran.action.ConfigurationAction - debug attribute not set
08:34:01,434 |-INFO in ch.qos.logback.core.joran.action.AppenderAction - About to instantiate appender of type [ch.qos.logback.core.ConsoleAppender]
08:34:01,454 |-INFO in ch.qos.logback.core.joran.action.AppenderAction - Naming appender as [STDOUT]
08:34:01,472 |-INFO in ch.qos.logback.core.joran.action.NestedComplexPropertyIA - Assuming default type [ch.qos.logback.classic.encoder.PatternLayoutEncoder] for [encoder] property
08:34:01,552 |-INFO in ch.qos.logback.core.joran.action.AppenderAction - About to instantiate appender of type [ch.qos.logback.core.rolling.RollingFileAppender]
08:34:01,557 |-INFO in ch.qos.logback.core.joran.action.AppenderAction - Naming appender as [FILE]
08:34:01,588 |-INFO in c.q.l.core.rolling.TimeBasedRollingPolicy@127618319 - No compression will be used
08:34:01,589 |-INFO in c.q.l.core.rolling.TimeBasedRollingPolicy@127618319 - Will use the pattern /tmp/application_%d{yyyy-MM-dd}.%i.log for the active file
08:34:01,592 |-INFO in ch.qos.logback.core.rolling.SizeAndTimeBasedFNATP@6b2fad11 - The date pattern is 'yyyy-MM-dd' from file name pattern '/tmp/application_%d{yyyy-MM-dd}.%i.log'.
08:34:01,592 |-INFO in ch.qos.logback.core.rolling.SizeAndTimeBasedFNATP@6b2fad11 - Roll-over at midnight.
08:34:01,597 |-INFO in ch.qos.logback.core.rolling.SizeAndTimeBasedFNATP@6b2fad11 - Setting initial period to Tue Jun 11 08:32:45 UTC 2019
08:34:01,597 |-WARN in ch.qos.logback.core.rolling.SizeAndTimeBasedFNATP@6b2fad11 - SizeAndTimeBasedFNATP is deprecated. Use SizeAndTimeBasedRollingPolicy instead
08:34:01,597 |-WARN in ch.qos.logback.core.rolling.SizeAndTimeBasedFNATP@6b2fad11 - For more information see http://logback.qos.ch/manual/appenders.html#SizeAndTimeBasedRollingPolicy
08:34:01,602 |-INFO in ch.qos.logback.core.joran.action.NestedComplexPropertyIA - Assuming default type [ch.qos.logback.classic.encoder.PatternLayoutEncoder] for [encoder] property
08:34:01,606 |-INFO in ch.qos.logback.core.rolling.RollingFileAppender[FILE] - Active log file name: /tmp/application.log
08:34:01,606 |-INFO in ch.qos.logback.core.rolling.RollingFileAppender[FILE] - File property is set to [/tmp/application.log]
08:34:01,607 |-INFO in ch.qos.logback.classic.joran.action.RootLoggerAction - Setting level of ROOT logger to WARN
08:34:01,607 |-INFO in ch.qos.logback.core.joran.action.AppenderRefAction - Attaching appender named [STDOUT] to Logger[ROOT]
08:34:01,609 |-INFO in ch.qos.logback.core.joran.action.AppenderRefAction - Attaching appender named [FILE] to Logger[ROOT]
08:34:01,609 |-INFO in ch.qos.logback.classic.joran.action.ConfigurationAction - End of configuration.
08:34:01,610 |-INFO in ch.qos.logback.classic.joran.JoranConfigurator@79698539 - Registering current configuration as safe fallback point

Ama winner
Ama winner
2019-06-11T08:34:02.910+0000: 1.758: [Full GC (Metadata GC Threshold) 2019-06-11T08:34:02.910+0000: 1.758: [Tenured: 0K->15177K(341376K), 0.0355445 secs] 115001K->15177K(494976K), [Metaspace: 20737K->20737K(1067008K)], 0.0356116 secs] [Times: user=0.04 sys=0.00, real=0.04 secs] 
08:34:16.576 [Curator-PathChildrenCache-2] WARN  o.a.c.u.ZKPaths  - The version of ZooKeeper being used doesn't support Container nodes. CreateMode.PERSISTENT will be used instead.
2019-06-11T08:34:19.392+0000: 18.240: [GC (Allocation Failure) 2019-06-11T08:34:19.392+0000: 18.240: [DefNew: 136576K->17024K(153600K), 0.0256914 secs] 151753K->52752K(494976K), 0.0257609 secs] [Times: user=0.02 sys=0.02, real=0.03 secs] 
2019-06-11T08:34:19.426+0000: 18.274: [Full GC (Metadata GC Threshold) 2019-06-11T08:34:19.426+0000: 18.274: [Tenured: 35728K->44015K(341376K), 0.0323905 secs] 59704K->44015K(494976K), [Metaspace: 34383K->34383K(1079296K)], 0.0324483 secs] [Times: user=0.03 sys=0.00, real=0.03 secs] 
2019-06-11T08:34:23.194+0000: 22.042: [GC (Allocation Failure) 2019-06-11T08:34:23.194+0000: 22.042: [DefNew: 136576K->395K(153600K), 0.0029200 secs] 180591K->44410K(494976K), 0.0029768 secs] [Times: user=0.00 sys=0.00, real=0.00 secs] 
2019-06-11T08:34:25.638+0000: 24.486: [GC (Allocation Failure) 2019-06-11T08:34:25.638+0000: 24.486: [DefNew: 136971K->1443K(153600K), 0.0064369 secs] 180986K->45458K(494976K), 0.0065077 secs] [Times: user=0.01 sys=0.00, real=0.00 secs] 
2019-06-11T08:34:29.364+0000: 28.212: [GC (Allocation Failure) 2019-06-11T08:34:29.364+0000: 28.212: [DefNew: 138019K->766K(153600K), 0.0031170 secs] 182034K->44781K(494976K), 0.0031757 secs] [Times: user=0.00 sys=0.00, real=0.01 secs] 
2019-06-11T08:34:33.324+0000: 32.172: [GC (Allocation Failure) 2019-06-11T08:34:33.324+0000: 32.172: [DefNew: 137342K->806K(153600K), 0.0030471 secs] 181357K->44822K(494976K), 0.0031015 secs] [Times: user=0.01 sys=0.00, real=0.01 secs] 
2019-06-11T08:34:37.729+0000: 36.577: [GC (Allocation Failure) 2019-06-11T08:34:37.729+0000: 36.577: [DefNew: 137382K->839K(153600K), 0.0031824 secs] 181398K->44854K(494976K), 0.0032479 secs] [Times: user=0.00 sys=0.00, real=0.00 secs] 
2019-06-11T08:34:41.972+0000: 40.820: [GC (Allocation Failure) 2019-06-11T08:34:41.972+0000: 40.820: [DefNew: 137415K->902K(153600K), 0.0032888 secs] 181430K->44917K(494976K), 0.0033511 secs] [Times: user=0.01 sys=0.00, real=0.01 secs] 
2019-06-11T08:34:45.152+0000: 44.001: [GC (Allocation Failure) 2019-06-11T08:34:45.152+0000: 44.001: [DefNew: 137478K->900K(153600K), 0.0033102 secs] 181493K->44915K(494976K), 0.0033717 secs] [Times: user=0.00 sys=0.00, real=0.01 secs] 
2019-06-11T08:34:49.658+0000: 48.506: [GC (Allocation Failure) 2019-06-11T08:34:49.658+0000: 48.506: [DefNew: 137476K->1037K(153600K), 0.0034098 secs] 181491K->45052K(494976K), 0.0034701 secs] [Times: user=0.00 sys=0.00, real=0.00 secs] 
2019-06-11T08:34:53.700+0000: 52.549: [GC (Allocation Failure) 2019-06-11T08:34:53.701+0000: 52.549: [DefNew: 137613K->1070K(153600K), 0.0034940 secs] 181628K->45085K(494976K), 0.0035543 secs] [Times: user=0.00 sys=0.00, real=0.00 secs] 
2019-06-11T08:34:57.500+0000: 56.348: [GC (Allocation Failure) 2019-06-11T08:34:57.500+0000: 56.349: [DefNew: 137646K->962K(153600K), 0.0030849 secs] 181661K->44977K(494976K), 0.0031458 secs] [Times: user=0.00 sys=0.00, real=0.00 secs] 
2019-06-11T08:35:02.120+0000: 60.968: [GC (Allocation Failure) 2019-06-11T08:35:02.120+0000: 60.968: [DefNew: 137538K->1000K(153600K), 0.0032887 secs] 181553K->45016K(494976K), 0.0033533 secs] [Times: user=0.00 sys=0.00, real=0.00 secs] 
2019-06-11T08:35:05.885+0000: 64.734: [GC (Allocation Failure) 2019-06-11T08:35:05.885+0000: 64.734: [DefNew: 137576K->1405K(153600K), 0.0037521 secs] 181592K->45420K(494976K), 0.0038178 secs] [Times: user=0.00 sys=0.00, real=0.00 secs] 
2019-06-11T08:35:10.878+0000: 69.726: [GC (Allocation Failure) 2019-06-11T08:35:10.878+0000: 69.726: [DefNew: 137981K->1389K(153600K), 0.0038624 secs] 181996K->45405K(494976K), 0.0039238 secs] [Times: user=0.00 sys=0.00, real=0.00 secs] 
2019-06-11T08:35:14.541+0000: 73.390: [GC (Allocation Failure) 2019-06-11T08:35:14.541+0000: 73.390: [DefNew: 137965K->1342K(153600K), 0.0036491 secs] 181981K->45358K(494976K), 0.0037087 secs] [Times: user=0.00 sys=0.00, real=0.00 secs] 
2019-06-11T08:35:19.058+0000: 77.906: [GC (Allocation Failure) 2019-06-11T08:35:19.058+0000: 77.906: [DefNew: 137918K->1322K(153600K), 0.0036858 secs] 181934K->45338K(494976K), 0.0037440 secs] [Times: user=0.00 sys=0.00, real=0.00 secs] 
2019-06-11T08:35:22.918+0000: 81.766: [GC (Allocation Failure) 2019-06-11T08:35:22.918+0000: 81.766: [DefNew: 137898K->1107K(153600K), 0.0037231 secs] 181914K->45396K(494976K), 0.0037831 secs] [Times: user=0.01 sys=0.00, real=0.00 secs] 
2019-06-11T08:35:26.393+0000: 85.241: [GC (Allocation Failure) 2019-06-11T08:35:26.393+0000: 85.241: [DefNew: 137683K->926K(153600K), 0.0039157 secs] 181972K->45456K(494976K), 0.0039768 secs] [Times: user=0.00 sys=0.00, real=0.01 secs] 
2019-06-11T08:35:31.003+0000: 89.852: [GC (Allocation Failure) 2019-06-11T08:35:31.003+0000: 89.852: [DefNew: 137502K->937K(153600K), 0.0030691 secs] 182032K->45517K(494976K), 0.0031269 secs] [Times: user=0.00 sys=0.00, real=0.01 secs] 
2019-06-11T08:35:35.223+0000: 94.071: [GC (Allocation Failure) 2019-06-11T08:35:35.223+0000: 94.071: [DefNew: 137513K->945K(153600K), 0.0030957 secs] 182093K->45561K(494976K), 0.0031475 secs] [Times: user=0.00 sys=0.00, real=0.01 secs] 
2019-06-11T08:35:38.965+0000: 97.813: [GC (Allocation Failure) 2019-06-11T08:35:38.965+0000: 97.813: [DefNew: 137521K->961K(153600K), 0.0030685 secs] 182137K->45615K(494976K), 0.0031420 secs] [Times: user=0.00 sys=0.00, real=0.01 secs] 
2019-06-11T08:35:43.108+0000: 101.956: [GC (Allocation Failure) 2019-06-11T08:35:43.108+0000: 101.956: [DefNew: 137537K->1437K(153600K), 0.0036142 secs] 182191K->46139K(494976K), 0.0036784 secs] [Times: user=0.00 sys=0.00, real=0.00 secs] 
2019-06-11T08:35:47.183+0000: 106.031: [GC (Allocation Failure) 2019-06-11T08:35:47.183+0000: 106.031: [DefNew: 138013K->1105K(153600K), 0.0032189 secs] 182715K->45842K(494976K), 0.0032796 secs] [Times: user=0.00 sys=0.00, real=0.01 secs] 
2019-06-11T08:35:51.634+0000: 110.482: [GC (Allocation Failure) 2019-06-11T08:35:51.634+0000: 110.482: [DefNew: 137681K->1018K(153600K), 0.0032105 secs] 182418K->45787K(494976K), 0.0032864 secs] [Times: user=0.01 sys=0.00, real=0.00 secs] 
2019-06-11T08:35:55.099+0000: 113.947: [GC (Allocation Failure) 2019-06-11T08:35:55.099+0000: 113.947: [DefNew: 137594K->1032K(153600K), 0.0032178 secs] 182363K->45835K(494976K), 0.0032778 secs] [Times: user=0.01 sys=0.00, real=0.00 secs] 
2019-06-11T08:35:59.872+0000: 118.720: [GC (Allocation Failure) 2019-06-11T08:35:59.872+0000: 118.720: [DefNew: 137608K->1032K(153600K), 0.0032279 secs] 182411K->45876K(494976K), 0.0032891 secs] [Times: user=0.00 sys=0.00, real=0.01 secs] 
2019-06-11T08:36:03.995+0000: 122.843: [GC (Allocation Failure) 2019-06-11T08:36:03.995+0000: 122.843: [DefNew: 137608K->1068K(153600K), 0.0032529 secs] 182452K->45950K(494976K), 0.0033166 secs] [Times: user=0.01 sys=0.00, real=0.00 secs] 
2019-06-11T08:36:08.405+0000: 127.253: [GC (Allocation Failure) 2019-06-11T08:36:08.405+0000: 127.253: [DefNew: 137644K->1017K(153600K), 0.0033053 secs] 182526K->46029K(494976K), 0.0033657 secs] [Times: user=0.01 sys=0.00, real=0.01 secs] 
2019-06-11T08:36:12.477+0000: 131.326: [GC (Allocation Failure) 2019-06-11T08:36:12.478+0000: 131.326: [DefNew: 137593K->1045K(153600K), 0.0030591 secs] 182605K->46097K(494976K), 0.0031210 secs] [Times: user=0.01 sys=0.00, real=0.00 secs] 
2019-06-11T08:36:16.651+0000: 135.499: [GC (Allocation Failure) 2019-06-11T08:36:16.651+0000: 135.499: [DefNew: 137621K->1014K(153600K), 0.0030419 secs] 182673K->46168K(494976K), 0.0031030 secs] [Times: user=0.00 sys=0.00, real=0.01 secs] 
2019-06-11T08:36:21.229+0000: 140.077: [GC (Allocation Failure) 2019-06-11T08:36:21.229+0000: 140.077: [DefNew: 137590K->942K(153600K), 0.0029592 secs] 182744K->46164K(494976K), 0.0030288 secs] [Times: user=0.00 sys=0.00, real=0.00 secs] 
2019-06-11T08:36:25.222+0000: 144.070: [GC (Allocation Failure) 2019-06-11T08:36:25.222+0000: 144.070: [DefNew: 137518K->2255K(153600K), 0.0040205 secs] 182740K->47535K(494976K), 0.0040914 secs] [Times: user=0.00 sys=0.00, real=0.01 secs] 
2019-06-11T08:36:29.945+0000: 148.793: [GC (Allocation Failure) 2019-06-11T08:36:29.945+0000: 148.793: [DefNew: 138831K->960K(153600K), 0.0029542 secs] 184111K->46295K(494976K), 0.0030133 secs] [Times: user=0.00 sys=0.00, real=0.01 secs] 
2019-06-11T08:36:34.349+0000: 153.197: [GC (Allocation Failure) 2019-06-11T08:36:34.349+0000: 153.197: [DefNew: 137536K->1002K(153600K), 0.0029377 secs] 182871K->46389K(494976K), 0.0029982 secs] [Times: user=0.00 sys=0.00, real=0.00 secs] 
2019-06-11T08:36:38.977+0000: 157.825: [GC (Allocation Failure) 2019-06-11T08:36:38.977+0000: 157.825: [DefNew: 137578K->1022K(153600K), 0.0030668 secs] 182965K->46466K(494976K), 0.0031268 secs] [Times: user=0.01 sys=0.00, real=0.00 secs] 
2019-06-11T09:02:37.739+0000: 1716.587: [GC (Allocation Failure) 2019-06-11T09:02:37.739+0000: 1716.587: [DefNew: 137598K->1099K(153600K), 0.0030516 secs] 183042K->46598K(494976K), 0.0031083 secs] [Times: user=0.00 sys=0.00, real=0.00 secs] 
09:34:25.847 [Curator-PathChildrenCache-0] ERROR o.a.c.f.r.c.PathChildrenCache  - 
java.lang.IllegalStateException: instance must be started before calling this method
	at org.apache.curator.shaded.com.google.common.base.Preconditions.checkState(Preconditions.java:444)
	at org.apache.curator.framework.imps.CuratorFrameworkImpl.getChildren(CuratorFrameworkImpl.java:456)
	at org.apache.curator.framework.recipes.cache.PathChildrenCache.refresh(PathChildrenCache.java:521)
	at org.apache.curator.framework.recipes.cache.RefreshOperation.invoke(RefreshOperation.java:35)
	at org.apache.curator.framework.recipes.cache.PathChildrenCache$9.run(PathChildrenCache.java:786)
	at java.util.concurrent.Executors$RunnableAdapter.call(Executors.java:511)
	at java.util.concurrent.FutureTask.run(FutureTask.java:266)
	at java.util.concurrent.Executors$RunnableAdapter.call(Executors.java:511)
	at java.util.concurrent.FutureTask.run(FutureTask.java:266)
	at java.util.concurrent.ThreadPoolExecutor.runWorker(ThreadPoolExecutor.java:1149)
	at java.util.concurrent.ThreadPoolExecutor$Worker.run(ThreadPoolExecutor.java:624)
	at java.lang.Thread.run(Thread.java:748)
Heap
 def new generation   total 153600K, used 93101K [0x00000000e0c00000, 0x00000000eb2a0000, 0x00000000eb2a0000)
  eden space 136576K,  67% used [0x00000000e0c00000, 0x00000000e65d88c0, 0x00000000e9160000)
  from space 17024K,   6% used [0x00000000e9160000, 0x00000000e9272eb8, 0x00000000ea200000)
  to   space 17024K,   0% used [0x00000000ea200000, 0x00000000ea200000, 0x00000000eb2a0000)
 tenured generation   total 341376K, used 45498K [0x00000000eb2a0000, 0x0000000100000000, 0x0000000100000000)
   the space 341376K,  13% used [0x00000000eb2a0000, 0x00000000edf0ea08, 0x00000000edf0ec00, 0x0000000100000000)
 Metaspace       used 36676K, capacity 37646K, committed 38016K, reserved 1081344K
  class space    used 4919K, capacity 5125K, committed 5248K, reserved 1048576K
