19:14:58,783 |-INFO in ch.qos.logback.classic.LoggerContext[default] - Could NOT find resource [logback-test.xml]
19:14:58,783 |-INFO in ch.qos.logback.classic.LoggerContext[default] - Could NOT find resource [logback.groovy]
19:14:58,783 |-INFO in ch.qos.logback.classic.LoggerContext[default] - Found resource [logback.xml] at [jar:file:/root/flamestream/lib/flamestream-runtime-1.0-SNAPSHOT.jar!/logback.xml]
19:14:58,784 |-WARN in ch.qos.logback.classic.LoggerContext[default] - Resource [logback.xml] occurs multiple times on the classpath.
19:14:58,784 |-WARN in ch.qos.logback.classic.LoggerContext[default] - Resource [logback.xml] occurs at [jar:file:/root/flamestream/lib/flamestream-runtime-1.0-SNAPSHOT.jar!/logback.xml]
19:14:58,784 |-WARN in ch.qos.logback.classic.LoggerContext[default] - Resource [logback.xml] occurs at [jar:file:/root/flamestream/flamestream-runtime-1.0-SNAPSHOT.jar!/logback.xml]
19:14:58,803 |-INFO in ch.qos.logback.core.joran.spi.ConfigurationWatchList@3fb6a447 - URL [jar:file:/root/flamestream/lib/flamestream-runtime-1.0-SNAPSHOT.jar!/logback.xml] is not of type file
19:14:58,875 |-INFO in ch.qos.logback.classic.joran.action.ConfigurationAction - debug attribute not set
19:14:58,876 |-INFO in ch.qos.logback.core.joran.action.AppenderAction - About to instantiate appender of type [ch.qos.logback.core.ConsoleAppender]
19:14:58,895 |-INFO in ch.qos.logback.core.joran.action.AppenderAction - Naming appender as [STDOUT]
19:14:58,910 |-INFO in ch.qos.logback.core.joran.action.NestedComplexPropertyIA - Assuming default type [ch.qos.logback.classic.encoder.PatternLayoutEncoder] for [encoder] property
19:14:58,995 |-INFO in ch.qos.logback.core.joran.action.AppenderAction - About to instantiate appender of type [ch.qos.logback.core.rolling.RollingFileAppender]
19:14:59,000 |-INFO in ch.qos.logback.core.joran.action.AppenderAction - Naming appender as [FILE]
19:14:59,032 |-INFO in c.q.l.core.rolling.TimeBasedRollingPolicy@127618319 - No compression will be used
19:14:59,033 |-INFO in c.q.l.core.rolling.TimeBasedRollingPolicy@127618319 - Will use the pattern /tmp/application_%d{yyyy-MM-dd}.%i.log for the active file
19:14:59,036 |-INFO in ch.qos.logback.core.rolling.SizeAndTimeBasedFNATP@6b2fad11 - The date pattern is 'yyyy-MM-dd' from file name pattern '/tmp/application_%d{yyyy-MM-dd}.%i.log'.
19:14:59,036 |-INFO in ch.qos.logback.core.rolling.SizeAndTimeBasedFNATP@6b2fad11 - Roll-over at midnight.
19:14:59,041 |-INFO in ch.qos.logback.core.rolling.SizeAndTimeBasedFNATP@6b2fad11 - Setting initial period to Mon Jun 10 19:13:20 UTC 2019
19:14:59,041 |-WARN in ch.qos.logback.core.rolling.SizeAndTimeBasedFNATP@6b2fad11 - SizeAndTimeBasedFNATP is deprecated. Use SizeAndTimeBasedRollingPolicy instead
19:14:59,041 |-WARN in ch.qos.logback.core.rolling.SizeAndTimeBasedFNATP@6b2fad11 - For more information see http://logback.qos.ch/manual/appenders.html#SizeAndTimeBasedRollingPolicy
19:14:59,045 |-INFO in ch.qos.logback.core.joran.action.NestedComplexPropertyIA - Assuming default type [ch.qos.logback.classic.encoder.PatternLayoutEncoder] for [encoder] property
19:14:59,050 |-INFO in ch.qos.logback.core.rolling.RollingFileAppender[FILE] - Active log file name: /tmp/application.log
19:14:59,050 |-INFO in ch.qos.logback.core.rolling.RollingFileAppender[FILE] - File property is set to [/tmp/application.log]
19:14:59,051 |-INFO in ch.qos.logback.classic.joran.action.RootLoggerAction - Setting level of ROOT logger to WARN
19:14:59,051 |-INFO in ch.qos.logback.core.joran.action.AppenderRefAction - Attaching appender named [STDOUT] to Logger[ROOT]
19:14:59,053 |-INFO in ch.qos.logback.core.joran.action.AppenderRefAction - Attaching appender named [FILE] to Logger[ROOT]
19:14:59,053 |-INFO in ch.qos.logback.classic.joran.action.ConfigurationAction - End of configuration.
19:14:59,054 |-INFO in ch.qos.logback.classic.joran.JoranConfigurator@79698539 - Registering current configuration as safe fallback point

Ama winner
Ama winner
2019-06-10T19:15:00.338+0000: 1.738: [Full GC (Metadata GC Threshold) 2019-06-10T19:15:00.338+0000: 1.738: [Tenured: 0K->15240K(341376K), 0.0355748 secs] 114924K->15240K(494976K), [Metaspace: 20733K->20733K(1067008K)], 0.0356541 secs] [Times: user=0.04 sys=0.00, real=0.03 secs] 
19:15:30.264 [Curator-PathChildrenCache-1] WARN  o.a.c.u.ZKPaths  - The version of ZooKeeper being used doesn't support Container nodes. CreateMode.PERSISTENT will be used instead.
2019-06-10T19:15:32.489+0000: 33.889: [GC (Allocation Failure) 2019-06-10T19:15:32.489+0000: 33.889: [DefNew: 135653K->16599K(153600K), 0.0257283 secs] 150893K->51371K(494976K), 0.0258040 secs] [Times: user=0.03 sys=0.00, real=0.03 secs] 
2019-06-10T19:15:34.931+0000: 36.331: [Full GC (Metadata GC Threshold) 2019-06-10T19:15:34.931+0000: 36.331: [Tenured: 34771K->43527K(341376K), 0.0427871 secs] 98003K->43527K(494976K), [Metaspace: 34598K->34598K(1079296K)], 0.0428656 secs] [Times: user=0.04 sys=0.00, real=0.04 secs] 
2019-06-10T19:15:43.579+0000: 44.979: [GC (Allocation Failure) 2019-06-10T19:15:43.579+0000: 44.979: [DefNew: 136576K->57K(153600K), 0.0018212 secs] 180103K->43585K(494976K), 0.0018827 secs] [Times: user=0.01 sys=0.00, real=0.00 secs] 
2019-06-10T19:15:52.132+0000: 53.532: [GC (Allocation Failure) 2019-06-10T19:15:52.132+0000: 53.532: [DefNew: 136633K->55K(153600K), 0.0017005 secs] 180161K->43582K(494976K), 0.0017622 secs] [Times: user=0.00 sys=0.00, real=0.00 secs] 
2019-06-10T19:16:00.985+0000: 62.384: [GC (Allocation Failure) 2019-06-10T19:16:00.985+0000: 62.384: [DefNew: 136631K->367K(153600K), 0.0022349 secs] 180158K->43894K(494976K), 0.0022907 secs] [Times: user=0.00 sys=0.00, real=0.01 secs] 
2019-06-10T19:16:11.191+0000: 72.591: [GC (Allocation Failure) 2019-06-10T19:16:11.191+0000: 72.591: [DefNew: 136943K->128K(153600K), 0.0019643 secs] 180470K->43656K(494976K), 0.0020304 secs] [Times: user=0.00 sys=0.00, real=0.00 secs] 
2019-06-10T19:16:21.451+0000: 82.850: [GC (Allocation Failure) 2019-06-10T19:16:21.451+0000: 82.850: [DefNew: 136704K->128K(153600K), 0.0020149 secs] 180232K->43656K(494976K), 0.0020804 secs] [Times: user=0.00 sys=0.00, real=0.00 secs] 
2019-06-10T19:16:39.994+0000: 101.394: [GC (Allocation Failure) 2019-06-10T19:16:39.994+0000: 101.394: [DefNew: 136704K->152K(153600K), 0.0020873 secs] 180232K->43680K(494976K), 0.0021422 secs] [Times: user=0.00 sys=0.00, real=0.01 secs] 
19:16:40.308 [Curator-PathChildrenCache-0] ERROR o.a.c.f.r.c.PathChildrenCache  - 
java.lang.IllegalStateException: instance must be started before calling this method
	at org.apache.curator.shaded.com.google.common.base.Preconditions.checkState(Preconditions.java:444)
	at org.apache.curator.framework.imps.CuratorFrameworkImpl.getChildren(CuratorFrameworkImpl.java:456)
	at org.apache.curator.framework.recipes.cache.PathChildrenCache.refresh(PathChildrenCache.java:521)
	at org.apache.curator.framework.recipes.cache.RefreshOperation.invoke(RefreshOperation.java:35)
	at org.apache.curator.framework.recipes.cache.PathChildrenCache$9.run(PathChildrenCache.java:786)
	at java.util.concurrent.Executors$RunnableAdapter.call(Executors.java:511)
	at java.util.concurrent.FutureTask.run(FutureTask.java:266)
	at java.util.concurrent.Executors$RunnableAdapter.call(Executors.java:511)
	at java.util.concurrent.FutureTask.run(FutureTask.java:266)
	at java.util.concurrent.ThreadPoolExecutor.runWorker(ThreadPoolExecutor.java:1149)
	at java.util.concurrent.ThreadPoolExecutor$Worker.run(ThreadPoolExecutor.java:624)
	at java.lang.Thread.run(Thread.java:748)
Heap
 def new generation   total 153600K, used 18558K [0x00000000e0c00000, 0x00000000eb2a0000, 0x00000000eb2a0000)
  eden space 136576K,  13% used [0x00000000e0c00000, 0x00000000e1df96e8, 0x00000000e9160000)
  from space 17024K,   0% used [0x00000000ea200000, 0x00000000ea226318, 0x00000000eb2a0000)
  to   space 17024K,   0% used [0x00000000e9160000, 0x00000000e9160000, 0x00000000ea200000)
 tenured generation   total 341376K, used 43527K [0x00000000eb2a0000, 0x0000000100000000, 0x0000000100000000)
   the space 341376K,  12% used [0x00000000eb2a0000, 0x00000000edd21d38, 0x00000000edd21e00, 0x0000000100000000)
 Metaspace       used 36076K, capacity 36998K, committed 37120K, reserved 1081344K
  class space    used 4868K, capacity 5075K, committed 5120K, reserved 1048576K
