13:02:45,152 |-INFO in ch.qos.logback.classic.LoggerContext[default] - Could NOT find resource [logback-test.xml]
13:02:45,152 |-INFO in ch.qos.logback.classic.LoggerContext[default] - Could NOT find resource [logback.groovy]
13:02:45,152 |-INFO in ch.qos.logback.classic.LoggerContext[default] - Found resource [logback.xml] at [jar:file:/root/flamestream/lib/flamestream-runtime-1.0-SNAPSHOT.jar!/logback.xml]
13:02:45,153 |-WARN in ch.qos.logback.classic.LoggerContext[default] - Resource [logback.xml] occurs multiple times on the classpath.
13:02:45,153 |-WARN in ch.qos.logback.classic.LoggerContext[default] - Resource [logback.xml] occurs at [jar:file:/root/flamestream/lib/flamestream-runtime-1.0-SNAPSHOT.jar!/logback.xml]
13:02:45,153 |-WARN in ch.qos.logback.classic.LoggerContext[default] - Resource [logback.xml] occurs at [jar:file:/root/flamestream/flamestream-runtime-1.0-SNAPSHOT.jar!/logback.xml]
13:02:45,178 |-INFO in ch.qos.logback.core.joran.spi.ConfigurationWatchList@3fb6a447 - URL [jar:file:/root/flamestream/lib/flamestream-runtime-1.0-SNAPSHOT.jar!/logback.xml] is not of type file
13:02:45,250 |-INFO in ch.qos.logback.classic.joran.action.ConfigurationAction - debug attribute not set
13:02:45,250 |-INFO in ch.qos.logback.core.joran.action.AppenderAction - About to instantiate appender of type [ch.qos.logback.core.ConsoleAppender]
13:02:45,274 |-INFO in ch.qos.logback.core.joran.action.AppenderAction - Naming appender as [STDOUT]
13:02:45,286 |-INFO in ch.qos.logback.core.joran.action.NestedComplexPropertyIA - Assuming default type [ch.qos.logback.classic.encoder.PatternLayoutEncoder] for [encoder] property
13:02:45,384 |-INFO in ch.qos.logback.core.joran.action.AppenderAction - About to instantiate appender of type [ch.qos.logback.core.rolling.RollingFileAppender]
13:02:45,389 |-INFO in ch.qos.logback.core.joran.action.AppenderAction - Naming appender as [FILE]
13:02:45,419 |-INFO in c.q.l.core.rolling.TimeBasedRollingPolicy@127618319 - No compression will be used
13:02:45,421 |-INFO in c.q.l.core.rolling.TimeBasedRollingPolicy@127618319 - Will use the pattern /tmp/application_%d{yyyy-MM-dd}.%i.log for the active file
13:02:45,424 |-INFO in ch.qos.logback.core.rolling.SizeAndTimeBasedFNATP@6b2fad11 - The date pattern is 'yyyy-MM-dd' from file name pattern '/tmp/application_%d{yyyy-MM-dd}.%i.log'.
13:02:45,424 |-INFO in ch.qos.logback.core.rolling.SizeAndTimeBasedFNATP@6b2fad11 - Roll-over at midnight.
13:02:45,429 |-INFO in ch.qos.logback.core.rolling.SizeAndTimeBasedFNATP@6b2fad11 - Setting initial period to Mon Jun 10 13:01:19 UTC 2019
13:02:45,429 |-WARN in ch.qos.logback.core.rolling.SizeAndTimeBasedFNATP@6b2fad11 - SizeAndTimeBasedFNATP is deprecated. Use SizeAndTimeBasedRollingPolicy instead
13:02:45,429 |-WARN in ch.qos.logback.core.rolling.SizeAndTimeBasedFNATP@6b2fad11 - For more information see http://logback.qos.ch/manual/appenders.html#SizeAndTimeBasedRollingPolicy
13:02:45,433 |-INFO in ch.qos.logback.core.joran.action.NestedComplexPropertyIA - Assuming default type [ch.qos.logback.classic.encoder.PatternLayoutEncoder] for [encoder] property
13:02:45,438 |-INFO in ch.qos.logback.core.rolling.RollingFileAppender[FILE] - Active log file name: /tmp/application.log
13:02:45,438 |-INFO in ch.qos.logback.core.rolling.RollingFileAppender[FILE] - File property is set to [/tmp/application.log]
13:02:45,439 |-INFO in ch.qos.logback.classic.joran.action.RootLoggerAction - Setting level of ROOT logger to WARN
13:02:45,439 |-INFO in ch.qos.logback.core.joran.action.AppenderRefAction - Attaching appender named [STDOUT] to Logger[ROOT]
13:02:45,441 |-INFO in ch.qos.logback.core.joran.action.AppenderRefAction - Attaching appender named [FILE] to Logger[ROOT]
13:02:45,441 |-INFO in ch.qos.logback.classic.joran.action.ConfigurationAction - End of configuration.
13:02:45,442 |-INFO in ch.qos.logback.classic.joran.JoranConfigurator@79698539 - Registering current configuration as safe fallback point

Ama winner
Ama winner
2019-06-10T13:02:46.735+0000: 1.770: [Full GC (Metadata GC Threshold) 2019-06-10T13:02:46.735+0000: 1.770: [Tenured: 0K->15241K(341376K), 0.0407429 secs] 117750K->15241K(494976K), [Metaspace: 20730K->20730K(1067008K)], 0.0408134 secs] [Times: user=0.03 sys=0.01, real=0.04 secs] 
13:03:05.772 [Curator-PathChildrenCache-1] WARN  o.a.c.u.ZKPaths  - The version of ZooKeeper being used doesn't support Container nodes. CreateMode.PERSISTENT will be used instead.
2019-06-10T13:03:08.343+0000: 23.378: [GC (Allocation Failure) 2019-06-10T13:03:08.344+0000: 23.378: [DefNew: 136576K->17023K(153600K), 0.0272445 secs] 151817K->52510K(494976K), 0.0273270 secs] [Times: user=0.02 sys=0.01, real=0.03 secs] 
2019-06-10T13:03:09.642+0000: 24.677: [Full GC (Metadata GC Threshold) 2019-06-10T13:03:09.642+0000: 24.677: [Tenured: 35486K->44220K(341376K), 0.0427011 secs] 81423K->44220K(494976K), [Metaspace: 34559K->34559K(1079296K)], 0.0427732 secs] [Times: user=0.04 sys=0.00, real=0.05 secs] 
2019-06-10T13:03:19.723+0000: 34.758: [GC (Allocation Failure) 2019-06-10T13:03:19.723+0000: 34.758: [DefNew: 136576K->141K(153600K), 0.0020040 secs] 180796K->44361K(494976K), 0.0020688 secs] [Times: user=0.00 sys=0.00, real=0.01 secs] 
2019-06-10T13:03:29.855+0000: 44.890: [GC (Allocation Failure) 2019-06-10T13:03:29.855+0000: 44.890: [DefNew: 136717K->177K(153600K), 0.0019464 secs] 180937K->44398K(494976K), 0.0020079 secs] [Times: user=0.00 sys=0.00, real=0.00 secs] 
2019-06-10T13:03:40.064+0000: 55.099: [GC (Allocation Failure) 2019-06-10T13:03:40.064+0000: 55.099: [DefNew: 136753K->178K(153600K), 0.0018994 secs] 180974K->44398K(494976K), 0.0019679 secs] [Times: user=0.00 sys=0.00, real=0.01 secs] 
2019-06-10T13:03:50.427+0000: 65.462: [GC (Allocation Failure) 2019-06-10T13:03:50.427+0000: 65.462: [DefNew: 136754K->534K(153600K), 0.0023870 secs] 180974K->44754K(494976K), 0.0024458 secs] [Times: user=0.01 sys=0.00, real=0.00 secs] 
2019-06-10T13:04:02.941+0000: 77.976: [GC (Allocation Failure) 2019-06-10T13:04:02.941+0000: 77.976: [DefNew: 137110K->287K(153600K), 0.0021675 secs] 181330K->44507K(494976K), 0.0022285 secs] [Times: user=0.01 sys=0.00, real=0.00 secs] 
2019-06-10T13:04:15.370+0000: 90.405: [GC (Allocation Failure) 2019-06-10T13:04:15.370+0000: 90.405: [DefNew: 136863K->292K(153600K), 0.0022128 secs] 181083K->44512K(494976K), 0.0022730 secs] [Times: user=0.00 sys=0.00, real=0.00 secs] 
13:04:31.226 [Curator-PathChildrenCache-0] ERROR o.a.c.f.r.c.PathChildrenCache  - 
java.lang.IllegalStateException: instance must be started before calling this method
	at org.apache.curator.shaded.com.google.common.base.Preconditions.checkState(Preconditions.java:444)
	at org.apache.curator.framework.imps.CuratorFrameworkImpl.getChildren(CuratorFrameworkImpl.java:456)
	at org.apache.curator.framework.recipes.cache.PathChildrenCache.refresh(PathChildrenCache.java:521)
	at org.apache.curator.framework.recipes.cache.RefreshOperation.invoke(RefreshOperation.java:35)
	at org.apache.curator.framework.recipes.cache.PathChildrenCache$9.run(PathChildrenCache.java:786)
	at java.util.concurrent.Executors$RunnableAdapter.call(Executors.java:511)
	at java.util.concurrent.FutureTask.run(FutureTask.java:266)
	at java.util.concurrent.Executors$RunnableAdapter.call(Executors.java:511)
	at java.util.concurrent.FutureTask.run(FutureTask.java:266)
	at java.util.concurrent.ThreadPoolExecutor.runWorker(ThreadPoolExecutor.java:1149)
	at java.util.concurrent.ThreadPoolExecutor$Worker.run(ThreadPoolExecutor.java:624)
	at java.lang.Thread.run(Thread.java:748)
Heap
 def new generation   total 153600K, used 127193K [0x00000000e0c00000, 0x00000000eb2a0000, 0x00000000eb2a0000)
  eden space 136576K,  92% used [0x00000000e0c00000, 0x00000000e87ed3f0, 0x00000000e9160000)
  from space 17024K,   1% used [0x00000000ea200000, 0x00000000ea249028, 0x00000000eb2a0000)
  to   space 17024K,   0% used [0x00000000e9160000, 0x00000000e9160000, 0x00000000ea200000)
 tenured generation   total 341376K, used 44220K [0x00000000eb2a0000, 0x0000000100000000, 0x0000000100000000)
   the space 341376K,  12% used [0x00000000eb2a0000, 0x00000000eddcf198, 0x00000000eddcf200, 0x0000000100000000)
 Metaspace       used 36279K, capacity 37262K, committed 37376K, reserved 1081344K
  class space    used 4862K, capacity 5087K, committed 5120K, reserved 1048576K
