17:08:13,488 |-INFO in ch.qos.logback.classic.LoggerContext[default] - Could NOT find resource [logback-test.xml]
17:08:13,488 |-INFO in ch.qos.logback.classic.LoggerContext[default] - Could NOT find resource [logback.groovy]
17:08:13,488 |-INFO in ch.qos.logback.classic.LoggerContext[default] - Found resource [logback.xml] at [jar:file:/root/flamestream/lib/flamestream-runtime-1.0-SNAPSHOT.jar!/logback.xml]
17:08:13,488 |-WARN in ch.qos.logback.classic.LoggerContext[default] - Resource [logback.xml] occurs multiple times on the classpath.
17:08:13,489 |-WARN in ch.qos.logback.classic.LoggerContext[default] - Resource [logback.xml] occurs at [jar:file:/root/flamestream/lib/flamestream-runtime-1.0-SNAPSHOT.jar!/logback.xml]
17:08:13,489 |-WARN in ch.qos.logback.classic.LoggerContext[default] - Resource [logback.xml] occurs at [jar:file:/root/flamestream/flamestream-runtime-1.0-SNAPSHOT.jar!/logback.xml]
17:08:13,511 |-INFO in ch.qos.logback.core.joran.spi.ConfigurationWatchList@3fb6a447 - URL [jar:file:/root/flamestream/lib/flamestream-runtime-1.0-SNAPSHOT.jar!/logback.xml] is not of type file
17:08:13,582 |-INFO in ch.qos.logback.classic.joran.action.ConfigurationAction - debug attribute not set
17:08:13,582 |-INFO in ch.qos.logback.core.joran.action.AppenderAction - About to instantiate appender of type [ch.qos.logback.core.ConsoleAppender]
17:08:13,600 |-INFO in ch.qos.logback.core.joran.action.AppenderAction - Naming appender as [STDOUT]
17:08:13,618 |-INFO in ch.qos.logback.core.joran.action.NestedComplexPropertyIA - Assuming default type [ch.qos.logback.classic.encoder.PatternLayoutEncoder] for [encoder] property
17:08:13,700 |-INFO in ch.qos.logback.core.joran.action.AppenderAction - About to instantiate appender of type [ch.qos.logback.core.rolling.RollingFileAppender]
17:08:13,705 |-INFO in ch.qos.logback.core.joran.action.AppenderAction - Naming appender as [FILE]
17:08:13,737 |-INFO in c.q.l.core.rolling.TimeBasedRollingPolicy@127618319 - No compression will be used
17:08:13,738 |-INFO in c.q.l.core.rolling.TimeBasedRollingPolicy@127618319 - Will use the pattern /tmp/application_%d{yyyy-MM-dd}.%i.log for the active file
17:08:13,741 |-INFO in ch.qos.logback.core.rolling.SizeAndTimeBasedFNATP@6b2fad11 - The date pattern is 'yyyy-MM-dd' from file name pattern '/tmp/application_%d{yyyy-MM-dd}.%i.log'.
17:08:13,741 |-INFO in ch.qos.logback.core.rolling.SizeAndTimeBasedFNATP@6b2fad11 - Roll-over at midnight.
17:08:13,745 |-INFO in ch.qos.logback.core.rolling.SizeAndTimeBasedFNATP@6b2fad11 - Setting initial period to Mon Jun 10 17:06:54 UTC 2019
17:08:13,746 |-WARN in ch.qos.logback.core.rolling.SizeAndTimeBasedFNATP@6b2fad11 - SizeAndTimeBasedFNATP is deprecated. Use SizeAndTimeBasedRollingPolicy instead
17:08:13,746 |-WARN in ch.qos.logback.core.rolling.SizeAndTimeBasedFNATP@6b2fad11 - For more information see http://logback.qos.ch/manual/appenders.html#SizeAndTimeBasedRollingPolicy
17:08:13,750 |-INFO in ch.qos.logback.core.joran.action.NestedComplexPropertyIA - Assuming default type [ch.qos.logback.classic.encoder.PatternLayoutEncoder] for [encoder] property
17:08:13,755 |-INFO in ch.qos.logback.core.rolling.RollingFileAppender[FILE] - Active log file name: /tmp/application.log
17:08:13,755 |-INFO in ch.qos.logback.core.rolling.RollingFileAppender[FILE] - File property is set to [/tmp/application.log]
17:08:13,755 |-INFO in ch.qos.logback.classic.joran.action.RootLoggerAction - Setting level of ROOT logger to WARN
17:08:13,755 |-INFO in ch.qos.logback.core.joran.action.AppenderRefAction - Attaching appender named [STDOUT] to Logger[ROOT]
17:08:13,757 |-INFO in ch.qos.logback.core.joran.action.AppenderRefAction - Attaching appender named [FILE] to Logger[ROOT]
17:08:13,757 |-INFO in ch.qos.logback.classic.joran.action.ConfigurationAction - End of configuration.
17:08:13,758 |-INFO in ch.qos.logback.classic.joran.JoranConfigurator@79698539 - Registering current configuration as safe fallback point

Ama winner
Ama winner
2019-06-10T17:08:15.012+0000: 1.706: [Full GC (Metadata GC Threshold) 2019-06-10T17:08:15.012+0000: 1.706: [Tenured: 0K->15176K(341376K), 0.0380445 secs] 114922K->15176K(494976K), [Metaspace: 20734K->20734K(1067008K)], 0.0381114 secs] [Times: user=0.03 sys=0.00, real=0.04 secs] 
17:08:36.323 [Curator-PathChildrenCache-3] WARN  o.a.c.u.ZKPaths  - The version of ZooKeeper being used doesn't support Container nodes. CreateMode.PERSISTENT will be used instead.
2019-06-10T17:08:38.762+0000: 25.456: [GC (GCLocker Initiated GC) 2019-06-10T17:08:38.762+0000: 25.456: [DefNew: 118487K->17023K(153600K), 0.0179584 secs] 153195K->52491K(494976K), 0.0180256 secs] [Times: user=0.02 sys=0.01, real=0.02 secs] 
2019-06-10T17:08:39.190+0000: 25.885: [Full GC (Metadata GC Threshold) 2019-06-10T17:08:39.190+0000: 25.885: [Tenured: 35467K->44138K(341376K), 0.0367553 secs] 69521K->44138K(494976K), [Metaspace: 34589K->34589K(1079296K)], 0.0368238 secs] [Times: user=0.03 sys=0.01, real=0.04 secs] 
2019-06-10T17:08:43.681+0000: 30.375: [GC (Allocation Failure) 2019-06-10T17:08:43.681+0000: 30.375: [DefNew: 136576K->262K(153600K), 0.0025861 secs] 180714K->44400K(494976K), 0.0026438 secs] [Times: user=0.00 sys=0.00, real=0.00 secs] 
2019-06-10T17:08:47.918+0000: 34.612: [GC (Allocation Failure) 2019-06-10T17:08:47.918+0000: 34.612: [DefNew: 136838K->276K(153600K), 0.0021270 secs] 180976K->44415K(494976K), 0.0021927 secs] [Times: user=0.00 sys=0.00, real=0.00 secs] 
2019-06-10T17:08:52.100+0000: 38.794: [GC (Allocation Failure) 2019-06-10T17:08:52.100+0000: 38.794: [DefNew: 136852K->267K(153600K), 0.0021815 secs] 180991K->44406K(494976K), 0.0022426 secs] [Times: user=0.00 sys=0.00, real=0.00 secs] 
2019-06-10T17:08:56.361+0000: 43.056: [GC (Allocation Failure) 2019-06-10T17:08:56.361+0000: 43.056: [DefNew: 136843K->271K(153600K), 0.0021481 secs] 180982K->44409K(494976K), 0.0022216 secs] [Times: user=0.00 sys=0.00, real=0.00 secs] 
2019-06-10T17:09:00.564+0000: 47.258: [GC (Allocation Failure) 2019-06-10T17:09:00.564+0000: 47.258: [DefNew: 136847K->270K(153600K), 0.0021474 secs] 180985K->44409K(494976K), 0.0022177 secs] [Times: user=0.00 sys=0.00, real=0.01 secs] 
2019-06-10T17:09:04.882+0000: 51.576: [GC (Allocation Failure) 2019-06-10T17:09:04.882+0000: 51.576: [DefNew: 136846K->274K(153600K), 0.0023116 secs] 180985K->44413K(494976K), 0.0023743 secs] [Times: user=0.00 sys=0.00, real=0.00 secs] 
2019-06-10T17:09:09.126+0000: 55.821: [GC (Allocation Failure) 2019-06-10T17:09:09.126+0000: 55.821: [DefNew: 136850K->271K(153600K), 0.0022589 secs] 180989K->44410K(494976K), 0.0023189 secs] [Times: user=0.00 sys=0.00, real=0.00 secs] 
2019-06-10T17:09:13.385+0000: 60.080: [GC (Allocation Failure) 2019-06-10T17:09:13.386+0000: 60.080: [DefNew: 136847K->270K(153600K), 0.0022110 secs] 180986K->44408K(494976K), 0.0022807 secs] [Times: user=0.00 sys=0.00, real=0.00 secs] 
17:09:25.528 [Curator-PathChildrenCache-0] ERROR o.a.c.f.r.c.PathChildrenCache  - 
java.lang.IllegalStateException: instance must be started before calling this method
	at org.apache.curator.shaded.com.google.common.base.Preconditions.checkState(Preconditions.java:444)
	at org.apache.curator.framework.imps.CuratorFrameworkImpl.getChildren(CuratorFrameworkImpl.java:456)
	at org.apache.curator.framework.recipes.cache.PathChildrenCache.refresh(PathChildrenCache.java:521)
	at org.apache.curator.framework.recipes.cache.RefreshOperation.invoke(RefreshOperation.java:35)
	at org.apache.curator.framework.recipes.cache.PathChildrenCache$9.run(PathChildrenCache.java:786)
	at java.util.concurrent.Executors$RunnableAdapter.call(Executors.java:511)
	at java.util.concurrent.FutureTask.run(FutureTask.java:266)
	at java.util.concurrent.Executors$RunnableAdapter.call(Executors.java:511)
	at java.util.concurrent.FutureTask.run(FutureTask.java:266)
	at java.util.concurrent.ThreadPoolExecutor.runWorker(ThreadPoolExecutor.java:1149)
	at java.util.concurrent.ThreadPoolExecutor$Worker.run(ThreadPoolExecutor.java:624)
	at java.lang.Thread.run(Thread.java:748)
Heap
 def new generation   total 153600K, used 133343K [0x00000000e0c00000, 0x00000000eb2a0000, 0x00000000eb2a0000)
  eden space 136576K,  97% used [0x00000000e0c00000, 0x00000000e8df45e0, 0x00000000e9160000)
  from space 17024K,   1% used [0x00000000ea200000, 0x00000000ea243810, 0x00000000eb2a0000)
  to   space 17024K,   0% used [0x00000000e9160000, 0x00000000e9160000, 0x00000000ea200000)
 tenured generation   total 341376K, used 44138K [0x00000000eb2a0000, 0x0000000100000000, 0x0000000100000000)
   the space 341376K,  12% used [0x00000000eb2a0000, 0x00000000eddbab48, 0x00000000eddbac00, 0x0000000100000000)
 Metaspace       used 36317K, capacity 37314K, committed 37504K, reserved 1081344K
  class space    used 4901K, capacity 5123K, committed 5248K, reserved 1048576K
