19:42:20,310 |-INFO in ch.qos.logback.classic.LoggerContext[default] - Could NOT find resource [logback-test.xml]
19:42:20,310 |-INFO in ch.qos.logback.classic.LoggerContext[default] - Could NOT find resource [logback.groovy]
19:42:20,310 |-INFO in ch.qos.logback.classic.LoggerContext[default] - Found resource [logback.xml] at [jar:file:/root/flamestream/lib/flamestream-runtime-1.0-SNAPSHOT.jar!/logback.xml]
19:42:20,311 |-WARN in ch.qos.logback.classic.LoggerContext[default] - Resource [logback.xml] occurs multiple times on the classpath.
19:42:20,311 |-WARN in ch.qos.logback.classic.LoggerContext[default] - Resource [logback.xml] occurs at [jar:file:/root/flamestream/lib/flamestream-runtime-1.0-SNAPSHOT.jar!/logback.xml]
19:42:20,311 |-WARN in ch.qos.logback.classic.LoggerContext[default] - Resource [logback.xml] occurs at [jar:file:/root/flamestream/flamestream-runtime-1.0-SNAPSHOT.jar!/logback.xml]
19:42:20,330 |-INFO in ch.qos.logback.core.joran.spi.ConfigurationWatchList@3fb6a447 - URL [jar:file:/root/flamestream/lib/flamestream-runtime-1.0-SNAPSHOT.jar!/logback.xml] is not of type file
19:42:20,397 |-INFO in ch.qos.logback.classic.joran.action.ConfigurationAction - debug attribute not set
19:42:20,398 |-INFO in ch.qos.logback.core.joran.action.AppenderAction - About to instantiate appender of type [ch.qos.logback.core.ConsoleAppender]
19:42:20,413 |-INFO in ch.qos.logback.core.joran.action.AppenderAction - Naming appender as [STDOUT]
19:42:20,433 |-INFO in ch.qos.logback.core.joran.action.NestedComplexPropertyIA - Assuming default type [ch.qos.logback.classic.encoder.PatternLayoutEncoder] for [encoder] property
19:42:20,517 |-INFO in ch.qos.logback.core.joran.action.AppenderAction - About to instantiate appender of type [ch.qos.logback.core.rolling.RollingFileAppender]
19:42:20,522 |-INFO in ch.qos.logback.core.joran.action.AppenderAction - Naming appender as [FILE]
19:42:20,552 |-INFO in c.q.l.core.rolling.TimeBasedRollingPolicy@127618319 - No compression will be used
19:42:20,554 |-INFO in c.q.l.core.rolling.TimeBasedRollingPolicy@127618319 - Will use the pattern /tmp/application_%d{yyyy-MM-dd}.%i.log for the active file
19:42:20,557 |-INFO in ch.qos.logback.core.rolling.SizeAndTimeBasedFNATP@6b2fad11 - The date pattern is 'yyyy-MM-dd' from file name pattern '/tmp/application_%d{yyyy-MM-dd}.%i.log'.
19:42:20,557 |-INFO in ch.qos.logback.core.rolling.SizeAndTimeBasedFNATP@6b2fad11 - Roll-over at midnight.
19:42:20,562 |-INFO in ch.qos.logback.core.rolling.SizeAndTimeBasedFNATP@6b2fad11 - Setting initial period to Mon Jun 10 19:41:01 UTC 2019
19:42:20,562 |-WARN in ch.qos.logback.core.rolling.SizeAndTimeBasedFNATP@6b2fad11 - SizeAndTimeBasedFNATP is deprecated. Use SizeAndTimeBasedRollingPolicy instead
19:42:20,562 |-WARN in ch.qos.logback.core.rolling.SizeAndTimeBasedFNATP@6b2fad11 - For more information see http://logback.qos.ch/manual/appenders.html#SizeAndTimeBasedRollingPolicy
19:42:20,566 |-INFO in ch.qos.logback.core.joran.action.NestedComplexPropertyIA - Assuming default type [ch.qos.logback.classic.encoder.PatternLayoutEncoder] for [encoder] property
19:42:20,571 |-INFO in ch.qos.logback.core.rolling.RollingFileAppender[FILE] - Active log file name: /tmp/application.log
19:42:20,571 |-INFO in ch.qos.logback.core.rolling.RollingFileAppender[FILE] - File property is set to [/tmp/application.log]
19:42:20,572 |-INFO in ch.qos.logback.classic.joran.action.RootLoggerAction - Setting level of ROOT logger to WARN
19:42:20,572 |-INFO in ch.qos.logback.core.joran.action.AppenderRefAction - Attaching appender named [STDOUT] to Logger[ROOT]
19:42:20,574 |-INFO in ch.qos.logback.core.joran.action.AppenderRefAction - Attaching appender named [FILE] to Logger[ROOT]
19:42:20,574 |-INFO in ch.qos.logback.classic.joran.action.ConfigurationAction - End of configuration.
19:42:20,575 |-INFO in ch.qos.logback.classic.joran.JoranConfigurator@79698539 - Registering current configuration as safe fallback point

Ama winner
Ama winner
2019-06-10T19:42:21.896+0000: 1.774: [Full GC (Metadata GC Threshold) 2019-06-10T19:42:21.896+0000: 1.774: [Tenured: 0K->15240K(341376K), 0.0402470 secs] 114987K->15240K(494976K), [Metaspace: 20744K->20744K(1067008K)], 0.0403166 secs] [Times: user=0.03 sys=0.01, real=0.04 secs] 
19:42:35.321 [Curator-PathChildrenCache-1] WARN  o.a.c.u.ZKPaths  - The version of ZooKeeper being used doesn't support Container nodes. CreateMode.PERSISTENT will be used instead.
2019-06-10T19:42:37.607+0000: 17.484: [GC (Allocation Failure) 2019-06-10T19:42:37.607+0000: 17.485: [DefNew: 136576K->17023K(153600K), 0.0258573 secs] 151816K->52740K(494976K), 0.0259339 secs] [Times: user=0.02 sys=0.01, real=0.03 secs] 
2019-06-10T19:42:39.990+0000: 19.868: [Full GC (Metadata GC Threshold) 2019-06-10T19:42:39.990+0000: 19.868: [Tenured: 35716K->44289K(341376K), 0.0465632 secs] 100748K->44289K(494976K), [Metaspace: 34615K->34615K(1079296K)], 0.0466373 secs] [Times: user=0.04 sys=0.00, real=0.05 secs] 
2019-06-10T19:42:47.152+0000: 27.030: [GC (Allocation Failure) 2019-06-10T19:42:47.153+0000: 27.030: [DefNew: 136576K->56K(153600K), 0.0017907 secs] 180865K->44346K(494976K), 0.0018509 secs] [Times: user=0.00 sys=0.00, real=0.00 secs] 
2019-06-10T19:42:54.377+0000: 34.255: [GC (Allocation Failure) 2019-06-10T19:42:54.378+0000: 34.255: [DefNew: 136632K->93K(153600K), 0.0016497 secs] 180922K->44383K(494976K), 0.0017177 secs] [Times: user=0.00 sys=0.00, real=0.00 secs] 
2019-06-10T19:43:01.635+0000: 41.513: [GC (Allocation Failure) 2019-06-10T19:43:01.635+0000: 41.513: [DefNew: 136669K->156K(153600K), 0.0017340 secs] 180959K->44445K(494976K), 0.0017957 secs] [Times: user=0.00 sys=0.00, real=0.00 secs] 
2019-06-10T19:43:09.012+0000: 48.890: [GC (Allocation Failure) 2019-06-10T19:43:09.012+0000: 48.890: [DefNew: 136732K->154K(153600K), 0.0017113 secs] 181021K->44444K(494976K), 0.0017722 secs] [Times: user=0.00 sys=0.00, real=0.00 secs] 
2019-06-10T19:43:16.268+0000: 56.146: [GC (Allocation Failure) 2019-06-10T19:43:16.268+0000: 56.146: [DefNew: 136730K->156K(153600K), 0.0017745 secs] 181020K->44446K(494976K), 0.0018343 secs] [Times: user=0.00 sys=0.00, real=0.00 secs] 
19:43:27.884 [Curator-PathChildrenCache-0] ERROR o.a.c.f.r.c.PathChildrenCache  - 
java.lang.IllegalStateException: instance must be started before calling this method
	at org.apache.curator.shaded.com.google.common.base.Preconditions.checkState(Preconditions.java:444)
	at org.apache.curator.framework.imps.CuratorFrameworkImpl.getChildren(CuratorFrameworkImpl.java:456)
	at org.apache.curator.framework.recipes.cache.PathChildrenCache.refresh(PathChildrenCache.java:521)
	at org.apache.curator.framework.recipes.cache.RefreshOperation.invoke(RefreshOperation.java:35)
	at org.apache.curator.framework.recipes.cache.PathChildrenCache$9.run(PathChildrenCache.java:786)
	at java.util.concurrent.Executors$RunnableAdapter.call(Executors.java:511)
	at java.util.concurrent.FutureTask.run(FutureTask.java:266)
	at java.util.concurrent.Executors$RunnableAdapter.call(Executors.java:511)
	at java.util.concurrent.FutureTask.run(FutureTask.java:266)
	at java.util.concurrent.ThreadPoolExecutor.runWorker(ThreadPoolExecutor.java:1149)
	at java.util.concurrent.ThreadPoolExecutor$Worker.run(ThreadPoolExecutor.java:624)
	at java.lang.Thread.run(Thread.java:748)
Heap
 def new generation   total 153600K, used 85082K [0x00000000e0c00000, 0x00000000eb2a0000, 0x00000000eb2a0000)
  eden space 136576K,  62% used [0x00000000e0c00000, 0x00000000e5eef690, 0x00000000e9160000)
  from space 17024K,   0% used [0x00000000e9160000, 0x00000000e91871c0, 0x00000000ea200000)
  to   space 17024K,   0% used [0x00000000ea200000, 0x00000000ea200000, 0x00000000eb2a0000)
 tenured generation   total 341376K, used 44289K [0x00000000eb2a0000, 0x0000000100000000, 0x0000000100000000)
   the space 341376K,  12% used [0x00000000eb2a0000, 0x00000000edde0668, 0x00000000edde0800, 0x0000000100000000)
 Metaspace       used 36094K, capacity 36998K, committed 37120K, reserved 1081344K
  class space    used 4868K, capacity 5075K, committed 5120K, reserved 1048576K
