15:02:30,771 |-INFO in ch.qos.logback.classic.LoggerContext[default] - Could NOT find resource [logback-test.xml]
15:02:30,771 |-INFO in ch.qos.logback.classic.LoggerContext[default] - Could NOT find resource [logback.groovy]
15:02:30,771 |-INFO in ch.qos.logback.classic.LoggerContext[default] - Found resource [logback.xml] at [jar:file:/root/flamestream/lib/flamestream-runtime-1.0-SNAPSHOT.jar!/logback.xml]
15:02:30,772 |-WARN in ch.qos.logback.classic.LoggerContext[default] - Resource [logback.xml] occurs multiple times on the classpath.
15:02:30,772 |-WARN in ch.qos.logback.classic.LoggerContext[default] - Resource [logback.xml] occurs at [jar:file:/root/flamestream/lib/flamestream-runtime-1.0-SNAPSHOT.jar!/logback.xml]
15:02:30,772 |-WARN in ch.qos.logback.classic.LoggerContext[default] - Resource [logback.xml] occurs at [jar:file:/root/flamestream/flamestream-runtime-1.0-SNAPSHOT.jar!/logback.xml]
15:02:30,792 |-INFO in ch.qos.logback.core.joran.spi.ConfigurationWatchList@3fb6a447 - URL [jar:file:/root/flamestream/lib/flamestream-runtime-1.0-SNAPSHOT.jar!/logback.xml] is not of type file
15:02:30,859 |-INFO in ch.qos.logback.classic.joran.action.ConfigurationAction - debug attribute not set
15:02:30,860 |-INFO in ch.qos.logback.core.joran.action.AppenderAction - About to instantiate appender of type [ch.qos.logback.core.ConsoleAppender]
15:02:30,877 |-INFO in ch.qos.logback.core.joran.action.AppenderAction - Naming appender as [STDOUT]
15:02:30,889 |-INFO in ch.qos.logback.core.joran.action.NestedComplexPropertyIA - Assuming default type [ch.qos.logback.classic.encoder.PatternLayoutEncoder] for [encoder] property
15:02:30,992 |-INFO in ch.qos.logback.core.joran.action.AppenderAction - About to instantiate appender of type [ch.qos.logback.core.rolling.RollingFileAppender]
15:02:31,001 |-INFO in ch.qos.logback.core.joran.action.AppenderAction - Naming appender as [FILE]
15:02:31,031 |-INFO in c.q.l.core.rolling.TimeBasedRollingPolicy@127618319 - No compression will be used
15:02:31,033 |-INFO in c.q.l.core.rolling.TimeBasedRollingPolicy@127618319 - Will use the pattern /tmp/application_%d{yyyy-MM-dd}.%i.log for the active file
15:02:31,036 |-INFO in ch.qos.logback.core.rolling.SizeAndTimeBasedFNATP@6b2fad11 - The date pattern is 'yyyy-MM-dd' from file name pattern '/tmp/application_%d{yyyy-MM-dd}.%i.log'.
15:02:31,036 |-INFO in ch.qos.logback.core.rolling.SizeAndTimeBasedFNATP@6b2fad11 - Roll-over at midnight.
15:02:31,041 |-INFO in ch.qos.logback.core.rolling.SizeAndTimeBasedFNATP@6b2fad11 - Setting initial period to Mon Jun 10 15:01:14 UTC 2019
15:02:31,041 |-WARN in ch.qos.logback.core.rolling.SizeAndTimeBasedFNATP@6b2fad11 - SizeAndTimeBasedFNATP is deprecated. Use SizeAndTimeBasedRollingPolicy instead
15:02:31,041 |-WARN in ch.qos.logback.core.rolling.SizeAndTimeBasedFNATP@6b2fad11 - For more information see http://logback.qos.ch/manual/appenders.html#SizeAndTimeBasedRollingPolicy
15:02:31,045 |-INFO in ch.qos.logback.core.joran.action.NestedComplexPropertyIA - Assuming default type [ch.qos.logback.classic.encoder.PatternLayoutEncoder] for [encoder] property
15:02:31,050 |-INFO in ch.qos.logback.core.rolling.RollingFileAppender[FILE] - Active log file name: /tmp/application.log
15:02:31,050 |-INFO in ch.qos.logback.core.rolling.RollingFileAppender[FILE] - File property is set to [/tmp/application.log]
15:02:31,051 |-INFO in ch.qos.logback.classic.joran.action.RootLoggerAction - Setting level of ROOT logger to WARN
15:02:31,051 |-INFO in ch.qos.logback.core.joran.action.AppenderRefAction - Attaching appender named [STDOUT] to Logger[ROOT]
15:02:31,053 |-INFO in ch.qos.logback.core.joran.action.AppenderRefAction - Attaching appender named [FILE] to Logger[ROOT]
15:02:31,053 |-INFO in ch.qos.logback.classic.joran.action.ConfigurationAction - End of configuration.
15:02:31,054 |-INFO in ch.qos.logback.classic.joran.JoranConfigurator@79698539 - Registering current configuration as safe fallback point

Ama winner
Ama winner
2019-06-10T15:02:32.420+0000: 1.837: [Full GC (Metadata GC Threshold) 2019-06-10T15:02:32.420+0000: 1.837: [Tenured: 0K->15255K(341376K), 0.0401800 secs] 117750K->15255K(494976K), [Metaspace: 20732K->20732K(1067008K)], 0.0402472 secs] [Times: user=0.04 sys=0.00, real=0.04 secs] 
15:02:49.739 [Curator-PathChildrenCache-2] WARN  o.a.c.u.ZKPaths  - The version of ZooKeeper being used doesn't support Container nodes. CreateMode.PERSISTENT will be used instead.
2019-06-10T15:02:52.098+0000: 21.515: [GC (Allocation Failure) 2019-06-10T15:02:52.098+0000: 21.515: [DefNew: 136576K->17024K(153600K), 0.0256103 secs] 151831K->53016K(494976K), 0.0256817 secs] [Times: user=0.02 sys=0.00, real=0.02 secs] 
2019-06-10T15:02:52.536+0000: 21.954: [Full GC (Metadata GC Threshold) 2019-06-10T15:02:52.536+0000: 21.954: [Tenured: 35992K->45008K(341376K), 0.0389202 secs] 69787K->45008K(494976K), [Metaspace: 34532K->34532K(1079296K)], 0.0389999 secs] [Times: user=0.04 sys=0.01, real=0.04 secs] 
2019-06-10T15:02:55.037+0000: 24.455: [GC (Allocation Failure) 2019-06-10T15:02:55.037+0000: 24.455: [DefNew: 136576K->294K(153600K), 0.0027223 secs] 181584K->45302K(494976K), 0.0027799 secs] [Times: user=0.01 sys=0.00, real=0.00 secs] 
2019-06-10T15:02:57.019+0000: 26.436: [GC (Allocation Failure) 2019-06-10T15:02:57.019+0000: 26.436: [DefNew: 136870K->262K(153600K), 0.0022860 secs] 181878K->45270K(494976K), 0.0023442 secs] [Times: user=0.00 sys=0.00, real=0.00 secs] 
2019-06-10T15:02:59.111+0000: 28.529: [GC (Allocation Failure) 2019-06-10T15:02:59.111+0000: 28.529: [DefNew: 136838K->279K(153600K), 0.0023573 secs] 181846K->45287K(494976K), 0.0024160 secs] [Times: user=0.00 sys=0.00, real=0.00 secs] 
2019-06-10T15:03:01.240+0000: 30.657: [GC (Allocation Failure) 2019-06-10T15:03:01.240+0000: 30.657: [DefNew: 136855K->278K(153600K), 0.0024796 secs] 181863K->45286K(494976K), 0.0025475 secs] [Times: user=0.00 sys=0.00, real=0.00 secs] 
2019-06-10T15:03:03.386+0000: 32.804: [GC (Allocation Failure) 2019-06-10T15:03:03.387+0000: 32.804: [DefNew: 136854K->286K(153600K), 0.0026017 secs] 181862K->45294K(494976K), 0.0036663 secs] [Times: user=0.00 sys=0.00, real=0.01 secs] 
2019-06-10T15:03:09.979+0000: 39.396: [GC (Allocation Failure) 2019-06-10T15:03:09.979+0000: 39.396: [DefNew: 136862K->276K(153600K), 0.0025523 secs] 181870K->45284K(494976K), 0.0026144 secs] [Times: user=0.00 sys=0.00, real=0.00 secs] 
15:03:13.361 [Curator-PathChildrenCache-0] ERROR o.a.c.f.r.c.PathChildrenCache  - 
java.lang.IllegalStateException: instance must be started before calling this method
	at org.apache.curator.shaded.com.google.common.base.Preconditions.checkState(Preconditions.java:444)
	at org.apache.curator.framework.imps.CuratorFrameworkImpl.getChildren(CuratorFrameworkImpl.java:456)
	at org.apache.curator.framework.recipes.cache.PathChildrenCache.refresh(PathChildrenCache.java:521)
	at org.apache.curator.framework.recipes.cache.RefreshOperation.invoke(RefreshOperation.java:35)
	at org.apache.curator.framework.recipes.cache.PathChildrenCache$9.run(PathChildrenCache.java:786)
	at java.util.concurrent.Executors$RunnableAdapter.call(Executors.java:511)
	at java.util.concurrent.FutureTask.run(FutureTask.java:266)
	at java.util.concurrent.Executors$RunnableAdapter.call(Executors.java:511)
	at java.util.concurrent.FutureTask.run(FutureTask.java:266)
	at java.util.concurrent.ThreadPoolExecutor.runWorker(ThreadPoolExecutor.java:1149)
	at java.util.concurrent.ThreadPoolExecutor$Worker.run(ThreadPoolExecutor.java:624)
	at java.lang.Thread.run(Thread.java:748)
Heap
 def new generation   total 153600K, used 39047K [0x00000000e0c00000, 0x00000000eb2a0000, 0x00000000eb2a0000)
  eden space 136576K,  28% used [0x00000000e0c00000, 0x00000000e31dce30, 0x00000000e9160000)
  from space 17024K,   1% used [0x00000000ea200000, 0x00000000ea2450a0, 0x00000000eb2a0000)
  to   space 17024K,   0% used [0x00000000e9160000, 0x00000000e9160000, 0x00000000ea200000)
 tenured generation   total 341376K, used 45008K [0x00000000eb2a0000, 0x0000000100000000, 0x0000000100000000)
   the space 341376K,  13% used [0x00000000eb2a0000, 0x00000000ede94088, 0x00000000ede94200, 0x0000000100000000)
 Metaspace       used 36023K, capacity 36974K, committed 37120K, reserved 1081344K
  class space    used 4871K, capacity 5067K, committed 5120K, reserved 1048576K
