13:25:50,695 |-INFO in ch.qos.logback.classic.LoggerContext[default] - Could NOT find resource [logback-test.xml]
13:25:50,695 |-INFO in ch.qos.logback.classic.LoggerContext[default] - Could NOT find resource [logback.groovy]
13:25:50,695 |-INFO in ch.qos.logback.classic.LoggerContext[default] - Found resource [logback.xml] at [jar:file:/root/flamestream/lib/flamestream-runtime-1.0-SNAPSHOT.jar!/logback.xml]
13:25:50,696 |-WARN in ch.qos.logback.classic.LoggerContext[default] - Resource [logback.xml] occurs multiple times on the classpath.
13:25:50,696 |-WARN in ch.qos.logback.classic.LoggerContext[default] - Resource [logback.xml] occurs at [jar:file:/root/flamestream/lib/flamestream-runtime-1.0-SNAPSHOT.jar!/logback.xml]
13:25:50,696 |-WARN in ch.qos.logback.classic.LoggerContext[default] - Resource [logback.xml] occurs at [jar:file:/root/flamestream/flamestream-runtime-1.0-SNAPSHOT.jar!/logback.xml]
13:25:50,716 |-INFO in ch.qos.logback.core.joran.spi.ConfigurationWatchList@3fb6a447 - URL [jar:file:/root/flamestream/lib/flamestream-runtime-1.0-SNAPSHOT.jar!/logback.xml] is not of type file
13:25:50,789 |-INFO in ch.qos.logback.classic.joran.action.ConfigurationAction - debug attribute not set
13:25:50,790 |-INFO in ch.qos.logback.core.joran.action.AppenderAction - About to instantiate appender of type [ch.qos.logback.core.ConsoleAppender]
13:25:50,802 |-INFO in ch.qos.logback.core.joran.action.AppenderAction - Naming appender as [STDOUT]
13:25:50,820 |-INFO in ch.qos.logback.core.joran.action.NestedComplexPropertyIA - Assuming default type [ch.qos.logback.classic.encoder.PatternLayoutEncoder] for [encoder] property
13:25:50,907 |-INFO in ch.qos.logback.core.joran.action.AppenderAction - About to instantiate appender of type [ch.qos.logback.core.rolling.RollingFileAppender]
13:25:50,913 |-INFO in ch.qos.logback.core.joran.action.AppenderAction - Naming appender as [FILE]
13:25:50,944 |-INFO in c.q.l.core.rolling.TimeBasedRollingPolicy@127618319 - No compression will be used
13:25:50,945 |-INFO in c.q.l.core.rolling.TimeBasedRollingPolicy@127618319 - Will use the pattern /tmp/application_%d{yyyy-MM-dd}.%i.log for the active file
13:25:50,948 |-INFO in ch.qos.logback.core.rolling.SizeAndTimeBasedFNATP@6b2fad11 - The date pattern is 'yyyy-MM-dd' from file name pattern '/tmp/application_%d{yyyy-MM-dd}.%i.log'.
13:25:50,948 |-INFO in ch.qos.logback.core.rolling.SizeAndTimeBasedFNATP@6b2fad11 - Roll-over at midnight.
13:25:50,953 |-INFO in ch.qos.logback.core.rolling.SizeAndTimeBasedFNATP@6b2fad11 - Setting initial period to Mon Jun 10 13:24:32 UTC 2019
13:25:50,953 |-WARN in ch.qos.logback.core.rolling.SizeAndTimeBasedFNATP@6b2fad11 - SizeAndTimeBasedFNATP is deprecated. Use SizeAndTimeBasedRollingPolicy instead
13:25:50,953 |-WARN in ch.qos.logback.core.rolling.SizeAndTimeBasedFNATP@6b2fad11 - For more information see http://logback.qos.ch/manual/appenders.html#SizeAndTimeBasedRollingPolicy
13:25:50,957 |-INFO in ch.qos.logback.core.joran.action.NestedComplexPropertyIA - Assuming default type [ch.qos.logback.classic.encoder.PatternLayoutEncoder] for [encoder] property
13:25:50,962 |-INFO in ch.qos.logback.core.rolling.RollingFileAppender[FILE] - Active log file name: /tmp/application.log
13:25:50,962 |-INFO in ch.qos.logback.core.rolling.RollingFileAppender[FILE] - File property is set to [/tmp/application.log]
13:25:50,962 |-INFO in ch.qos.logback.classic.joran.action.RootLoggerAction - Setting level of ROOT logger to WARN
13:25:50,963 |-INFO in ch.qos.logback.core.joran.action.AppenderRefAction - Attaching appender named [STDOUT] to Logger[ROOT]
13:25:50,964 |-INFO in ch.qos.logback.core.joran.action.AppenderRefAction - Attaching appender named [FILE] to Logger[ROOT]
13:25:50,965 |-INFO in ch.qos.logback.classic.joran.action.ConfigurationAction - End of configuration.
13:25:50,965 |-INFO in ch.qos.logback.classic.joran.JoranConfigurator@79698539 - Registering current configuration as safe fallback point

Ama winner
Ama winner
2019-06-10T13:25:52.207+0000: 1.696: [Full GC (Metadata GC Threshold) 2019-06-10T13:25:52.207+0000: 1.696: [Tenured: 0K->15242K(341376K), 0.0386902 secs] 114924K->15242K(494976K), [Metaspace: 20734K->20734K(1067008K)], 0.0387571 secs] [Times: user=0.03 sys=0.00, real=0.04 secs] 
13:26:10.582 [Curator-PathChildrenCache-2] WARN  o.a.c.u.ZKPaths  - The version of ZooKeeper being used doesn't support Container nodes. CreateMode.PERSISTENT will be used instead.
2019-06-10T13:26:12.858+0000: 22.347: [GC (Allocation Failure) 2019-06-10T13:26:12.858+0000: 22.347: [DefNew: 118418K->17023K(153600K), 0.0180867 secs] 133661K->33331K(494976K), 0.0181516 secs] [Times: user=0.01 sys=0.00, real=0.02 secs] 
2019-06-10T13:26:13.465+0000: 22.954: [Full GC (Metadata GC Threshold) 2019-06-10T13:26:13.465+0000: 22.954: [Tenured: 16307K->44779K(341376K), 0.0435205 secs] 72929K->44779K(494976K), [Metaspace: 34587K->34587K(1079296K)], 0.0435944 secs] [Times: user=0.04 sys=0.01, real=0.04 secs] 
2019-06-10T13:26:18.271+0000: 27.759: [GC (Allocation Failure) 2019-06-10T13:26:18.271+0000: 27.759: [DefNew: 136576K->256K(153600K), 0.0023516 secs] 181355K->45036K(494976K), 0.0024103 secs] [Times: user=0.00 sys=0.00, real=0.01 secs] 
2019-06-10T13:26:22.818+0000: 32.307: [GC (Allocation Failure) 2019-06-10T13:26:22.818+0000: 32.307: [DefNew: 136832K->294K(153600K), 0.0021166 secs] 181612K->45073K(494976K), 0.0021750 secs] [Times: user=0.00 sys=0.00, real=0.01 secs] 
2019-06-10T13:26:27.331+0000: 36.820: [GC (Allocation Failure) 2019-06-10T13:26:27.331+0000: 36.820: [DefNew: 136870K->290K(153600K), 0.0021414 secs] 181649K->45069K(494976K), 0.0022053 secs] [Times: user=0.01 sys=0.00, real=0.00 secs] 
2019-06-10T13:26:31.739+0000: 41.227: [GC (Allocation Failure) 2019-06-10T13:26:31.739+0000: 41.227: [DefNew: 136866K->294K(153600K), 0.0021281 secs] 181645K->45073K(494976K), 0.0021874 secs] [Times: user=0.00 sys=0.00, real=0.00 secs] 
2019-06-10T13:26:36.168+0000: 45.657: [GC (Allocation Failure) 2019-06-10T13:26:36.168+0000: 45.657: [DefNew: 136870K->299K(153600K), 0.0021983 secs] 181649K->45078K(494976K), 0.0022587 secs] [Times: user=0.00 sys=0.00, real=0.00 secs] 
2019-06-10T13:26:40.573+0000: 50.061: [GC (Allocation Failure) 2019-06-10T13:26:40.573+0000: 50.061: [DefNew: 136875K->295K(153600K), 0.0021095 secs] 181654K->45075K(494976K), 0.0021708 secs] [Times: user=0.00 sys=0.00, real=0.00 secs] 
2019-06-10T13:26:45.003+0000: 54.491: [GC (Allocation Failure) 2019-06-10T13:26:45.003+0000: 54.491: [DefNew: 136871K->289K(153600K), 0.0021696 secs] 181651K->45068K(494976K), 0.0022339 secs] [Times: user=0.00 sys=0.00, real=0.00 secs] 
2019-06-10T13:26:49.373+0000: 58.861: [GC (Allocation Failure) 2019-06-10T13:26:49.373+0000: 58.861: [DefNew: 136865K->291K(153600K), 0.0021976 secs] 181644K->45071K(494976K), 0.0022603 secs] [Times: user=0.00 sys=0.00, real=0.00 secs] 
2019-06-10T13:26:54.271+0000: 63.759: [GC (Allocation Failure) 2019-06-10T13:26:54.271+0000: 63.759: [DefNew: 136867K->664K(153600K), 0.0028013 secs] 181647K->45444K(494976K), 0.0028573 secs] [Times: user=0.01 sys=0.00, real=0.01 secs] 
13:27:01.546 [Curator-PathChildrenCache-0] ERROR o.a.c.f.r.c.PathChildrenCache  - 
java.lang.IllegalStateException: instance must be started before calling this method
	at org.apache.curator.shaded.com.google.common.base.Preconditions.checkState(Preconditions.java:444)
	at org.apache.curator.framework.imps.CuratorFrameworkImpl.getChildren(CuratorFrameworkImpl.java:456)
	at org.apache.curator.framework.recipes.cache.PathChildrenCache.refresh(PathChildrenCache.java:521)
	at org.apache.curator.framework.recipes.cache.RefreshOperation.invoke(RefreshOperation.java:35)
	at org.apache.curator.framework.recipes.cache.PathChildrenCache$9.run(PathChildrenCache.java:786)
	at java.util.concurrent.Executors$RunnableAdapter.call(Executors.java:511)
	at java.util.concurrent.FutureTask.run(FutureTask.java:266)
	at java.util.concurrent.Executors$RunnableAdapter.call(Executors.java:511)
	at java.util.concurrent.FutureTask.run(FutureTask.java:266)
	at java.util.concurrent.ThreadPoolExecutor.runWorker(ThreadPoolExecutor.java:1149)
	at java.util.concurrent.ThreadPoolExecutor$Worker.run(ThreadPoolExecutor.java:624)
	at java.lang.Thread.run(Thread.java:748)
Heap
 def new generation   total 153600K, used 52342K [0x00000000e0c00000, 0x00000000eb2a0000, 0x00000000eb2a0000)
  eden space 136576K,  37% used [0x00000000e0c00000, 0x00000000e3e777f0, 0x00000000e9160000)
  from space 17024K,   3% used [0x00000000e9160000, 0x00000000e92062a0, 0x00000000ea200000)
  to   space 17024K,   0% used [0x00000000ea200000, 0x00000000ea200000, 0x00000000eb2a0000)
 tenured generation   total 341376K, used 44779K [0x00000000eb2a0000, 0x0000000100000000, 0x0000000100000000)
   the space 341376K,  13% used [0x00000000eb2a0000, 0x00000000ede5adf0, 0x00000000ede5ae00, 0x0000000100000000)
 Metaspace       used 36408K, capacity 37384K, committed 37760K, reserved 1081344K
  class space    used 4904K, capacity 5124K, committed 5248K, reserved 1048576K
