15:55:42,378 |-INFO in ch.qos.logback.classic.LoggerContext[default] - Could NOT find resource [logback-test.xml]
15:55:42,378 |-INFO in ch.qos.logback.classic.LoggerContext[default] - Could NOT find resource [logback.groovy]
15:55:42,379 |-INFO in ch.qos.logback.classic.LoggerContext[default] - Found resource [logback.xml] at [jar:file:/root/flamestream/lib/flamestream-runtime-1.0-SNAPSHOT.jar!/logback.xml]
15:55:42,379 |-WARN in ch.qos.logback.classic.LoggerContext[default] - Resource [logback.xml] occurs multiple times on the classpath.
15:55:42,380 |-WARN in ch.qos.logback.classic.LoggerContext[default] - Resource [logback.xml] occurs at [jar:file:/root/flamestream/lib/flamestream-runtime-1.0-SNAPSHOT.jar!/logback.xml]
15:55:42,380 |-WARN in ch.qos.logback.classic.LoggerContext[default] - Resource [logback.xml] occurs at [jar:file:/root/flamestream/flamestream-runtime-1.0-SNAPSHOT.jar!/logback.xml]
15:55:42,399 |-INFO in ch.qos.logback.core.joran.spi.ConfigurationWatchList@3fb6a447 - URL [jar:file:/root/flamestream/lib/flamestream-runtime-1.0-SNAPSHOT.jar!/logback.xml] is not of type file
15:55:42,471 |-INFO in ch.qos.logback.classic.joran.action.ConfigurationAction - debug attribute not set
15:55:42,471 |-INFO in ch.qos.logback.core.joran.action.AppenderAction - About to instantiate appender of type [ch.qos.logback.core.ConsoleAppender]
15:55:42,486 |-INFO in ch.qos.logback.core.joran.action.AppenderAction - Naming appender as [STDOUT]
15:55:42,504 |-INFO in ch.qos.logback.core.joran.action.NestedComplexPropertyIA - Assuming default type [ch.qos.logback.classic.encoder.PatternLayoutEncoder] for [encoder] property
15:55:42,588 |-INFO in ch.qos.logback.core.joran.action.AppenderAction - About to instantiate appender of type [ch.qos.logback.core.rolling.RollingFileAppender]
15:55:42,593 |-INFO in ch.qos.logback.core.joran.action.AppenderAction - Naming appender as [FILE]
15:55:42,625 |-INFO in c.q.l.core.rolling.TimeBasedRollingPolicy@127618319 - No compression will be used
15:55:42,626 |-INFO in c.q.l.core.rolling.TimeBasedRollingPolicy@127618319 - Will use the pattern /tmp/application_%d{yyyy-MM-dd}.%i.log for the active file
15:55:42,629 |-INFO in ch.qos.logback.core.rolling.SizeAndTimeBasedFNATP@6b2fad11 - The date pattern is 'yyyy-MM-dd' from file name pattern '/tmp/application_%d{yyyy-MM-dd}.%i.log'.
15:55:42,629 |-INFO in ch.qos.logback.core.rolling.SizeAndTimeBasedFNATP@6b2fad11 - Roll-over at midnight.
15:55:42,634 |-INFO in ch.qos.logback.core.rolling.SizeAndTimeBasedFNATP@6b2fad11 - Setting initial period to Mon Jun 10 15:54:24 UTC 2019
15:55:42,634 |-WARN in ch.qos.logback.core.rolling.SizeAndTimeBasedFNATP@6b2fad11 - SizeAndTimeBasedFNATP is deprecated. Use SizeAndTimeBasedRollingPolicy instead
15:55:42,634 |-WARN in ch.qos.logback.core.rolling.SizeAndTimeBasedFNATP@6b2fad11 - For more information see http://logback.qos.ch/manual/appenders.html#SizeAndTimeBasedRollingPolicy
15:55:42,638 |-INFO in ch.qos.logback.core.joran.action.NestedComplexPropertyIA - Assuming default type [ch.qos.logback.classic.encoder.PatternLayoutEncoder] for [encoder] property
15:55:42,643 |-INFO in ch.qos.logback.core.rolling.RollingFileAppender[FILE] - Active log file name: /tmp/application.log
15:55:42,643 |-INFO in ch.qos.logback.core.rolling.RollingFileAppender[FILE] - File property is set to [/tmp/application.log]
15:55:42,643 |-INFO in ch.qos.logback.classic.joran.action.RootLoggerAction - Setting level of ROOT logger to WARN
15:55:42,644 |-INFO in ch.qos.logback.core.joran.action.AppenderRefAction - Attaching appender named [STDOUT] to Logger[ROOT]
15:55:42,645 |-INFO in ch.qos.logback.core.joran.action.AppenderRefAction - Attaching appender named [FILE] to Logger[ROOT]
15:55:42,645 |-INFO in ch.qos.logback.classic.joran.action.ConfigurationAction - End of configuration.
15:55:42,646 |-INFO in ch.qos.logback.classic.joran.JoranConfigurator@79698539 - Registering current configuration as safe fallback point

Ama winner
Ama winner
2019-06-10T15:55:43.968+0000: 1.776: [Full GC (Metadata GC Threshold) 2019-06-10T15:55:43.969+0000: 1.776: [Tenured: 0K->15241K(341376K), 0.0423117 secs] 117751K->15241K(494976K), [Metaspace: 20740K->20740K(1067008K)], 0.0423834 secs] [Times: user=0.04 sys=0.00, real=0.04 secs] 
15:56:05.117 [Curator-PathChildrenCache-1] WARN  o.a.c.u.ZKPaths  - The version of ZooKeeper being used doesn't support Container nodes. CreateMode.PERSISTENT will be used instead.
2019-06-10T15:56:07.483+0000: 25.290: [GC (Allocation Failure) 2019-06-10T15:56:07.483+0000: 25.290: [DefNew: 136576K->17024K(153600K), 0.0253107 secs] 151817K->52515K(494976K), 0.0253781 secs] [Times: user=0.02 sys=0.00, real=0.03 secs] 
2019-06-10T15:56:08.404+0000: 26.211: [Full GC (Metadata GC Threshold) 2019-06-10T15:56:08.404+0000: 26.211: [Tenured: 35491K->43992K(341376K), 0.0368675 secs] 76115K->43992K(494976K), [Metaspace: 34587K->34587K(1079296K)], 0.0369389 secs] [Times: user=0.04 sys=0.01, real=0.04 secs] 
2019-06-10T15:56:14.759+0000: 32.566: [GC (Allocation Failure) 2019-06-10T15:56:14.759+0000: 32.566: [DefNew: 136576K->102K(153600K), 0.0018411 secs] 180568K->44094K(494976K), 0.0019024 secs] [Times: user=0.00 sys=0.00, real=0.00 secs] 
2019-06-10T15:56:20.933+0000: 38.740: [GC (Allocation Failure) 2019-06-10T15:56:20.933+0000: 38.740: [DefNew: 136678K->137K(153600K), 0.0017214 secs] 180670K->44129K(494976K), 0.0017918 secs] [Times: user=0.01 sys=0.00, real=0.01 secs] 
2019-06-10T15:56:27.190+0000: 44.997: [GC (Allocation Failure) 2019-06-10T15:56:27.190+0000: 44.997: [DefNew: 136713K->168K(153600K), 0.0018212 secs] 180705K->44160K(494976K), 0.0018896 secs] [Times: user=0.00 sys=0.00, real=0.00 secs] 
2019-06-10T15:56:33.412+0000: 51.219: [GC (Allocation Failure) 2019-06-10T15:56:33.412+0000: 51.219: [DefNew: 136744K->171K(153600K), 0.0018531 secs] 180736K->44163K(494976K), 0.0019348 secs] [Times: user=0.00 sys=0.00, real=0.00 secs] 
2019-06-10T15:56:39.603+0000: 57.410: [GC (Allocation Failure) 2019-06-10T15:56:39.603+0000: 57.410: [DefNew: 136747K->169K(153600K), 0.0018028 secs] 180739K->44161K(494976K), 0.0018616 secs] [Times: user=0.00 sys=0.00, real=0.00 secs] 
15:56:52.488 [Curator-PathChildrenCache-0] ERROR o.a.c.f.r.c.PathChildrenCache  - 
java.lang.IllegalStateException: instance must be started before calling this method
	at org.apache.curator.shaded.com.google.common.base.Preconditions.checkState(Preconditions.java:444)
	at org.apache.curator.framework.imps.CuratorFrameworkImpl.getChildren(CuratorFrameworkImpl.java:456)
	at org.apache.curator.framework.recipes.cache.PathChildrenCache.refresh(PathChildrenCache.java:521)
	at org.apache.curator.framework.recipes.cache.RefreshOperation.invoke(RefreshOperation.java:35)
	at org.apache.curator.framework.recipes.cache.PathChildrenCache$9.run(PathChildrenCache.java:786)
	at java.util.concurrent.Executors$RunnableAdapter.call(Executors.java:511)
	at java.util.concurrent.FutureTask.run(FutureTask.java:266)
	at java.util.concurrent.Executors$RunnableAdapter.call(Executors.java:511)
	at java.util.concurrent.FutureTask.run(FutureTask.java:266)
	at java.util.concurrent.ThreadPoolExecutor.runWorker(ThreadPoolExecutor.java:1149)
	at java.util.concurrent.ThreadPoolExecutor$Worker.run(ThreadPoolExecutor.java:624)
	at java.lang.Thread.run(Thread.java:748)
Heap
 def new generation   total 153600K, used 82710K [0x00000000e0c00000, 0x00000000eb2a0000, 0x00000000eb2a0000)
  eden space 136576K,  60% used [0x00000000e0c00000, 0x00000000e5c9b5a0, 0x00000000e9160000)
  from space 17024K,   0% used [0x00000000e9160000, 0x00000000e918a5b0, 0x00000000ea200000)
  to   space 17024K,   0% used [0x00000000ea200000, 0x00000000ea200000, 0x00000000eb2a0000)
 tenured generation   total 341376K, used 43992K [0x00000000eb2a0000, 0x0000000100000000, 0x0000000100000000)
   the space 341376K,  12% used [0x00000000eb2a0000, 0x00000000edd960b8, 0x00000000edd96200, 0x0000000100000000)
 Metaspace       used 36266K, capacity 37126K, committed 37376K, reserved 1081344K
  class space    used 4870K, capacity 5075K, committed 5120K, reserved 1048576K
