19:45:00,435 |-INFO in ch.qos.logback.classic.LoggerContext[default] - Could NOT find resource [logback-test.xml]
19:45:00,435 |-INFO in ch.qos.logback.classic.LoggerContext[default] - Could NOT find resource [logback.groovy]
19:45:00,435 |-INFO in ch.qos.logback.classic.LoggerContext[default] - Found resource [logback.xml] at [jar:file:/root/flamestream/lib/flamestream-runtime-1.0-SNAPSHOT.jar!/logback.xml]
19:45:00,436 |-WARN in ch.qos.logback.classic.LoggerContext[default] - Resource [logback.xml] occurs multiple times on the classpath.
19:45:00,436 |-WARN in ch.qos.logback.classic.LoggerContext[default] - Resource [logback.xml] occurs at [jar:file:/root/flamestream/lib/flamestream-runtime-1.0-SNAPSHOT.jar!/logback.xml]
19:45:00,436 |-WARN in ch.qos.logback.classic.LoggerContext[default] - Resource [logback.xml] occurs at [jar:file:/root/flamestream/flamestream-runtime-1.0-SNAPSHOT.jar!/logback.xml]
19:45:00,456 |-INFO in ch.qos.logback.core.joran.spi.ConfigurationWatchList@3fb6a447 - URL [jar:file:/root/flamestream/lib/flamestream-runtime-1.0-SNAPSHOT.jar!/logback.xml] is not of type file
19:45:00,525 |-INFO in ch.qos.logback.classic.joran.action.ConfigurationAction - debug attribute not set
19:45:00,525 |-INFO in ch.qos.logback.core.joran.action.AppenderAction - About to instantiate appender of type [ch.qos.logback.core.ConsoleAppender]
19:45:00,543 |-INFO in ch.qos.logback.core.joran.action.AppenderAction - Naming appender as [STDOUT]
19:45:00,559 |-INFO in ch.qos.logback.core.joran.action.NestedComplexPropertyIA - Assuming default type [ch.qos.logback.classic.encoder.PatternLayoutEncoder] for [encoder] property
19:45:00,642 |-INFO in ch.qos.logback.core.joran.action.AppenderAction - About to instantiate appender of type [ch.qos.logback.core.rolling.RollingFileAppender]
19:45:00,647 |-INFO in ch.qos.logback.core.joran.action.AppenderAction - Naming appender as [FILE]
19:45:00,677 |-INFO in c.q.l.core.rolling.TimeBasedRollingPolicy@127618319 - No compression will be used
19:45:00,679 |-INFO in c.q.l.core.rolling.TimeBasedRollingPolicy@127618319 - Will use the pattern /tmp/application_%d{yyyy-MM-dd}.%i.log for the active file
19:45:00,682 |-INFO in ch.qos.logback.core.rolling.SizeAndTimeBasedFNATP@6b2fad11 - The date pattern is 'yyyy-MM-dd' from file name pattern '/tmp/application_%d{yyyy-MM-dd}.%i.log'.
19:45:00,682 |-INFO in ch.qos.logback.core.rolling.SizeAndTimeBasedFNATP@6b2fad11 - Roll-over at midnight.
19:45:00,687 |-INFO in ch.qos.logback.core.rolling.SizeAndTimeBasedFNATP@6b2fad11 - Setting initial period to Mon Jun 10 19:43:28 UTC 2019
19:45:00,687 |-WARN in ch.qos.logback.core.rolling.SizeAndTimeBasedFNATP@6b2fad11 - SizeAndTimeBasedFNATP is deprecated. Use SizeAndTimeBasedRollingPolicy instead
19:45:00,687 |-WARN in ch.qos.logback.core.rolling.SizeAndTimeBasedFNATP@6b2fad11 - For more information see http://logback.qos.ch/manual/appenders.html#SizeAndTimeBasedRollingPolicy
19:45:00,690 |-INFO in ch.qos.logback.core.joran.action.NestedComplexPropertyIA - Assuming default type [ch.qos.logback.classic.encoder.PatternLayoutEncoder] for [encoder] property
19:45:00,695 |-INFO in ch.qos.logback.core.rolling.RollingFileAppender[FILE] - Active log file name: /tmp/application.log
19:45:00,695 |-INFO in ch.qos.logback.core.rolling.RollingFileAppender[FILE] - File property is set to [/tmp/application.log]
19:45:00,696 |-INFO in ch.qos.logback.classic.joran.action.RootLoggerAction - Setting level of ROOT logger to WARN
19:45:00,696 |-INFO in ch.qos.logback.core.joran.action.AppenderRefAction - Attaching appender named [STDOUT] to Logger[ROOT]
19:45:00,698 |-INFO in ch.qos.logback.core.joran.action.AppenderRefAction - Attaching appender named [FILE] to Logger[ROOT]
19:45:00,698 |-INFO in ch.qos.logback.classic.joran.action.ConfigurationAction - End of configuration.
19:45:00,699 |-INFO in ch.qos.logback.classic.joran.JoranConfigurator@79698539 - Registering current configuration as safe fallback point

Ama winner
Ama winner
2019-06-10T19:45:02.065+0000: 1.817: [Full GC (Metadata GC Threshold) 2019-06-10T19:45:02.065+0000: 1.817: [Tenured: 0K->15177K(341376K), 0.0425565 secs] 112194K->15177K(494976K), [Metaspace: 20739K->20739K(1067008K)], 0.0426267 secs] [Times: user=0.04 sys=0.01, real=0.05 secs] 
19:45:23.338 [Curator-PathChildrenCache-1] WARN  o.a.c.u.ZKPaths  - The version of ZooKeeper being used doesn't support Container nodes. CreateMode.PERSISTENT will be used instead.
2019-06-10T19:45:25.764+0000: 25.516: [GC (Allocation Failure) 2019-06-10T19:45:25.764+0000: 25.516: [DefNew: 120044K->17024K(153600K), 0.0191707 secs] 135221K->32648K(494976K), 0.0192554 secs] [Times: user=0.02 sys=0.00, real=0.02 secs] 
2019-06-10T19:45:32.070+0000: 31.822: [GC (Allocation Failure) 2019-06-10T19:45:32.070+0000: 31.822: [DefNew: 153600K->642K(153600K), 0.0188981 secs] 169224K->43711K(494976K), 0.0189692 secs] [Times: user=0.01 sys=0.02, real=0.02 secs] 
2019-06-10T19:45:33.830+0000: 33.582: [Full GC (Metadata GC Threshold) 2019-06-10T19:45:33.830+0000: 33.582: [Tenured: 43068K->43622K(341376K), 0.0392685 secs] 77414K->43622K(494976K), [Metaspace: 34590K->34590K(1079296K)], 0.0393415 secs] [Times: user=0.04 sys=0.00, real=0.04 secs] 
2019-06-10T19:45:41.405+0000: 41.157: [GC (Allocation Failure) 2019-06-10T19:45:41.405+0000: 41.157: [DefNew: 136576K->49K(153600K), 0.0016571 secs] 180198K->43672K(494976K), 0.0017326 secs] [Times: user=0.00 sys=0.00, real=0.00 secs] 
2019-06-10T19:45:49.021+0000: 48.773: [GC (Allocation Failure) 2019-06-10T19:45:49.022+0000: 48.773: [DefNew: 136625K->49K(153600K), 0.0015736 secs] 180248K->43671K(494976K), 0.0016529 secs] [Times: user=0.00 sys=0.00, real=0.00 secs] 
2019-06-10T19:45:56.683+0000: 56.435: [GC (Allocation Failure) 2019-06-10T19:45:56.683+0000: 56.435: [DefNew: 136625K->50K(153600K), 0.0015831 secs] 180247K->43672K(494976K), 0.0016406 secs] [Times: user=0.00 sys=0.00, real=0.00 secs] 
2019-06-10T19:46:04.617+0000: 64.369: [GC (Allocation Failure) 2019-06-10T19:46:04.617+0000: 64.369: [DefNew: 136626K->376K(153600K), 0.0020818 secs] 180248K->43999K(494976K), 0.0021407 secs] [Times: user=0.00 sys=0.00, real=0.00 secs] 
19:46:20.347 [Curator-PathChildrenCache-0] ERROR o.a.c.f.r.c.PathChildrenCache  - 
java.lang.IllegalStateException: instance must be started before calling this method
	at org.apache.curator.shaded.com.google.common.base.Preconditions.checkState(Preconditions.java:444)
	at org.apache.curator.framework.imps.CuratorFrameworkImpl.getChildren(CuratorFrameworkImpl.java:456)
	at org.apache.curator.framework.recipes.cache.PathChildrenCache.refresh(PathChildrenCache.java:521)
	at org.apache.curator.framework.recipes.cache.RefreshOperation.invoke(RefreshOperation.java:35)
	at org.apache.curator.framework.recipes.cache.PathChildrenCache$9.run(PathChildrenCache.java:786)
	at java.util.concurrent.Executors$RunnableAdapter.call(Executors.java:511)
	at java.util.concurrent.FutureTask.run(FutureTask.java:266)
	at java.util.concurrent.Executors$RunnableAdapter.call(Executors.java:511)
	at java.util.concurrent.FutureTask.run(FutureTask.java:266)
	at java.util.concurrent.ThreadPoolExecutor.runWorker(ThreadPoolExecutor.java:1149)
	at java.util.concurrent.ThreadPoolExecutor$Worker.run(ThreadPoolExecutor.java:624)
	at java.lang.Thread.run(Thread.java:748)
Heap
 def new generation   total 153600K, used 129741K [0x00000000e0c00000, 0x00000000eb2a0000, 0x00000000eb2a0000)
  eden space 136576K,  94% used [0x00000000e0c00000, 0x00000000e8a55238, 0x00000000e9160000)
  from space 17024K,   2% used [0x00000000e9160000, 0x00000000e91be2e8, 0x00000000ea200000)
  to   space 17024K,   0% used [0x00000000ea200000, 0x00000000ea200000, 0x00000000eb2a0000)
 tenured generation   total 341376K, used 43622K [0x00000000eb2a0000, 0x0000000100000000, 0x0000000100000000)
   the space 341376K,  12% used [0x00000000eb2a0000, 0x00000000edd39930, 0x00000000edd39a00, 0x0000000100000000)
 Metaspace       used 35967K, capacity 36922K, committed 37120K, reserved 1081344K
  class space    used 4857K, capacity 5073K, committed 5120K, reserved 1048576K
