13:47:16,524 |-INFO in ch.qos.logback.classic.LoggerContext[default] - Could NOT find resource [logback-test.xml]
13:47:16,524 |-INFO in ch.qos.logback.classic.LoggerContext[default] - Could NOT find resource [logback.groovy]
13:47:16,524 |-INFO in ch.qos.logback.classic.LoggerContext[default] - Found resource [logback.xml] at [jar:file:/home/nikitasokolov/flamestream/lib/flamestream-runtime-1.0-SNAPSHOT.jar!/logback.xml]
13:47:16,525 |-WARN in ch.qos.logback.classic.LoggerContext[default] - Resource [logback.xml] occurs multiple times on the classpath.
13:47:16,525 |-WARN in ch.qos.logback.classic.LoggerContext[default] - Resource [logback.xml] occurs at [jar:file:/home/nikitasokolov/flamestream/lib/flamestream-runtime-1.0-SNAPSHOT.jar!/logback.xml]
13:47:16,525 |-WARN in ch.qos.logback.classic.LoggerContext[default] - Resource [logback.xml] occurs at [jar:file:/home/nikitasokolov/flamestream/flamestream-runtime-1.0-SNAPSHOT.jar!/logback.xml]
13:47:16,541 |-INFO in ch.qos.logback.core.joran.spi.ConfigurationWatchList@6108b2d7 - URL [jar:file:/home/nikitasokolov/flamestream/lib/flamestream-runtime-1.0-SNAPSHOT.jar!/logback.xml] is not of type file
13:47:16,592 |-INFO in ch.qos.logback.classic.joran.action.ConfigurationAction - debug attribute not set
13:47:16,593 |-INFO in ch.qos.logback.core.joran.action.AppenderAction - About to instantiate appender of type [ch.qos.logback.core.ConsoleAppender]
13:47:16,601 |-INFO in ch.qos.logback.core.joran.action.AppenderAction - Naming appender as [STDOUT]
13:47:16,609 |-INFO in ch.qos.logback.core.joran.action.NestedComplexPropertyIA - Assuming default type [ch.qos.logback.classic.encoder.PatternLayoutEncoder] for [encoder] property
13:47:16,662 |-INFO in ch.qos.logback.core.joran.action.AppenderAction - About to instantiate appender of type [ch.qos.logback.core.rolling.RollingFileAppender]
13:47:16,667 |-INFO in ch.qos.logback.core.joran.action.AppenderAction - Naming appender as [FILE]
13:47:16,688 |-INFO in c.q.l.core.rolling.TimeBasedRollingPolicy@357863579 - No compression will be used
13:47:16,689 |-INFO in c.q.l.core.rolling.TimeBasedRollingPolicy@357863579 - Will use the pattern /tmp/application_%d{yyyy-MM-dd}.%i.log for the active file
13:47:16,692 |-INFO in ch.qos.logback.core.rolling.SizeAndTimeBasedFNATP@6bf256fa - The date pattern is 'yyyy-MM-dd' from file name pattern '/tmp/application_%d{yyyy-MM-dd}.%i.log'.
13:47:16,692 |-INFO in ch.qos.logback.core.rolling.SizeAndTimeBasedFNATP@6bf256fa - Roll-over at midnight.
13:47:16,696 |-INFO in ch.qos.logback.core.rolling.SizeAndTimeBasedFNATP@6bf256fa - Setting initial period to Sun Jun 09 13:46:28 MSK 2019
13:47:16,696 |-WARN in ch.qos.logback.core.rolling.SizeAndTimeBasedFNATP@6bf256fa - SizeAndTimeBasedFNATP is deprecated. Use SizeAndTimeBasedRollingPolicy instead
13:47:16,696 |-WARN in ch.qos.logback.core.rolling.SizeAndTimeBasedFNATP@6bf256fa - For more information see http://logback.qos.ch/manual/appenders.html#SizeAndTimeBasedRollingPolicy
13:47:16,701 |-INFO in ch.qos.logback.core.joran.action.NestedComplexPropertyIA - Assuming default type [ch.qos.logback.classic.encoder.PatternLayoutEncoder] for [encoder] property
13:47:16,703 |-INFO in ch.qos.logback.core.rolling.RollingFileAppender[FILE] - Active log file name: /tmp/application.log
13:47:16,703 |-INFO in ch.qos.logback.core.rolling.RollingFileAppender[FILE] - File property is set to [/tmp/application.log]
13:47:16,704 |-INFO in ch.qos.logback.classic.joran.action.RootLoggerAction - Setting level of ROOT logger to WARN
13:47:16,704 |-INFO in ch.qos.logback.core.joran.action.AppenderRefAction - Attaching appender named [STDOUT] to Logger[ROOT]
13:47:16,705 |-INFO in ch.qos.logback.core.joran.action.AppenderRefAction - Attaching appender named [FILE] to Logger[ROOT]
13:47:16,705 |-INFO in ch.qos.logback.classic.joran.action.ConfigurationAction - End of configuration.
13:47:16,706 |-INFO in ch.qos.logback.classic.joran.JoranConfigurator@6cd8737 - Registering current configuration as safe fallback point

2019-06-09T13:47:17.717+0300: 1.395: [GC (Metadata GC Threshold) [PSYoungGen: 110722K->15934K(149504K)] 110722K->16014K(491008K), 0.0237271 secs] [Times: user=0.08 sys=0.04, real=0.03 secs] 
2019-06-09T13:47:17.741+0300: 1.419: [Full GC (Metadata GC Threshold) [PSYoungGen: 15934K->0K(149504K)] [ParOldGen: 80K->15078K(341504K)] 16014K->15078K(491008K), [Metaspace: 20802K->20802K(1067008K)], 0.0297479 secs] [Times: user=0.18 sys=0.02, real=0.03 secs] 
13:47:29.155 [Curator-PathChildrenCache-1] WARN  o.a.c.u.ZKPaths  - The version of ZooKeeper being used doesn't support Container nodes. CreateMode.PERSISTENT will be used instead.
2019-06-09T13:47:30.081+0300: 13.758: [GC (Metadata GC Threshold) [PSYoungGen: 125301K->15517K(149504K)] 140380K->50134K(491008K), 0.0274146 secs] [Times: user=0.24 sys=0.01, real=0.02 secs] 
2019-06-09T13:47:30.108+0300: 13.786: [Full GC (Metadata GC Threshold) [PSYoungGen: 15517K->0K(149504K)] [ParOldGen: 34617K->38795K(341504K)] 50134K->38795K(491008K), [Metaspace: 34542K->34542K(1079296K)], 0.0353726 secs] [Times: user=0.19 sys=0.01, real=0.04 secs] 
2019-06-09T13:47:35.767+0300: 19.445: [GC (Allocation Failure) [PSYoungGen: 128512K->512K(149504K)] 167307K->39315K(491008K), 0.0039223 secs] [Times: user=0.02 sys=0.00, real=0.01 secs] 
2019-06-09T13:47:42.152+0300: 25.829: [GC (Allocation Failure) [PSYoungGen: 129024K->512K(149504K)] 167827K->39323K(491008K), 0.0042513 secs] [Times: user=0.03 sys=0.00, real=0.00 secs] 
2019-06-09T13:47:48.614+0300: 32.291: [GC (Allocation Failure) [PSYoungGen: 129024K->480K(129024K)] 167835K->39299K(470528K), 0.0123044 secs] [Times: user=0.12 sys=0.02, real=0.01 secs] 
2019-06-09T13:47:55.046+0300: 38.723: [GC (Allocation Failure) [PSYoungGen: 128992K->480K(150016K)] 167811K->39307K(491520K), 0.1152922 secs] [Times: user=0.04 sys=0.00, real=0.12 secs] 
2019-06-09T13:48:01.535+0300: 45.212: [GC (Allocation Failure) [PSYoungGen: 128992K->512K(148992K)] 167819K->39347K(490496K), 0.0022485 secs] [Times: user=0.00 sys=0.01, real=0.00 secs] 
2019-06-09T13:48:08.052+0300: 51.730: [GC (Allocation Failure) [PSYoungGen: 129024K->640K(151552K)] 167859K->39483K(493056K), 0.0040259 secs] [Times: user=0.03 sys=0.00, real=0.00 secs] 
2019-06-09T13:48:14.679+0300: 58.356: [GC (Allocation Failure) [PSYoungGen: 132736K->576K(151040K)] 171579K->39419K(492544K), 0.0034594 secs] [Times: user=0.01 sys=0.01, real=0.00 secs] 
2019-06-09T13:48:29.995+0300: 73.672: [GC (Allocation Failure) [PSYoungGen: 132672K->855K(153600K)] 171515K->39706K(495104K), 0.0034458 secs] [Times: user=0.01 sys=0.00, real=0.01 secs] 
13:48:30.038 [Curator-PathChildrenCache-0] ERROR o.a.c.f.r.c.PathChildrenCache  - 
java.lang.IllegalStateException: instance must be started before calling this method
	at org.apache.curator.shaded.com.google.common.base.Preconditions.checkState(Preconditions.java:444)
	at org.apache.curator.framework.imps.CuratorFrameworkImpl.getChildren(CuratorFrameworkImpl.java:456)
	at org.apache.curator.framework.recipes.cache.PathChildrenCache.refresh(PathChildrenCache.java:521)
	at org.apache.curator.framework.recipes.cache.RefreshOperation.invoke(RefreshOperation.java:35)
	at org.apache.curator.framework.recipes.cache.PathChildrenCache$9.run(PathChildrenCache.java:786)
	at java.util.concurrent.Executors$RunnableAdapter.call(Executors.java:511)
	at java.util.concurrent.FutureTask.run(FutureTask.java:266)
	at java.util.concurrent.Executors$RunnableAdapter.call(Executors.java:511)
	at java.util.concurrent.FutureTask.run(FutureTask.java:266)
	at java.util.concurrent.ThreadPoolExecutor.runWorker(ThreadPoolExecutor.java:1149)
	at java.util.concurrent.ThreadPoolExecutor$Worker.run(ThreadPoolExecutor.java:624)
	at java.lang.Thread.run(Thread.java:748)
Heap
 PSYoungGen      total 153600K, used 13259K [0x00000000f5980000, 0x0000000100000000, 0x0000000100000000)
  eden space 135680K, 9% used [0x00000000f5980000,0x00000000f659d180,0x00000000fde00000)
  from space 17920K, 4% used [0x00000000fee80000,0x00000000fef55d10,0x0000000100000000)
  to   space 16896K, 0% used [0x00000000fde00000,0x00000000fde00000,0x00000000fee80000)
 ParOldGen       total 341504K, used 38851K [0x00000000e0c00000, 0x00000000f5980000, 0x00000000f5980000)
  object space 341504K, 11% used [0x00000000e0c00000,0x00000000e31f0ce8,0x00000000f5980000)
 Metaspace       used 36016K, capacity 36894K, committed 37208K, reserved 1081344K
  class space    used 4977K, capacity 5161K, committed 5248K, reserved 1048576K
