15:32:20,514 |-INFO in ch.qos.logback.classic.LoggerContext[default] - Could NOT find resource [logback-test.xml]
15:32:20,514 |-INFO in ch.qos.logback.classic.LoggerContext[default] - Could NOT find resource [logback.groovy]
15:32:20,515 |-INFO in ch.qos.logback.classic.LoggerContext[default] - Found resource [logback.xml] at [jar:file:/root/flamestream/lib/flamestream-runtime-1.0-SNAPSHOT.jar!/logback.xml]
15:32:20,515 |-WARN in ch.qos.logback.classic.LoggerContext[default] - Resource [logback.xml] occurs multiple times on the classpath.
15:32:20,516 |-WARN in ch.qos.logback.classic.LoggerContext[default] - Resource [logback.xml] occurs at [jar:file:/root/flamestream/lib/flamestream-runtime-1.0-SNAPSHOT.jar!/logback.xml]
15:32:20,516 |-WARN in ch.qos.logback.classic.LoggerContext[default] - Resource [logback.xml] occurs at [jar:file:/root/flamestream/flamestream-runtime-1.0-SNAPSHOT.jar!/logback.xml]
15:32:20,535 |-INFO in ch.qos.logback.core.joran.spi.ConfigurationWatchList@3fb6a447 - URL [jar:file:/root/flamestream/lib/flamestream-runtime-1.0-SNAPSHOT.jar!/logback.xml] is not of type file
15:32:20,607 |-INFO in ch.qos.logback.classic.joran.action.ConfigurationAction - debug attribute not set
15:32:20,607 |-INFO in ch.qos.logback.core.joran.action.AppenderAction - About to instantiate appender of type [ch.qos.logback.core.ConsoleAppender]
15:32:20,627 |-INFO in ch.qos.logback.core.joran.action.AppenderAction - Naming appender as [STDOUT]
15:32:20,642 |-INFO in ch.qos.logback.core.joran.action.NestedComplexPropertyIA - Assuming default type [ch.qos.logback.classic.encoder.PatternLayoutEncoder] for [encoder] property
15:32:20,724 |-INFO in ch.qos.logback.core.joran.action.AppenderAction - About to instantiate appender of type [ch.qos.logback.core.rolling.RollingFileAppender]
15:32:20,729 |-INFO in ch.qos.logback.core.joran.action.AppenderAction - Naming appender as [FILE]
15:32:20,760 |-INFO in c.q.l.core.rolling.TimeBasedRollingPolicy@127618319 - No compression will be used
15:32:20,761 |-INFO in c.q.l.core.rolling.TimeBasedRollingPolicy@127618319 - Will use the pattern /tmp/application_%d{yyyy-MM-dd}.%i.log for the active file
15:32:20,764 |-INFO in ch.qos.logback.core.rolling.SizeAndTimeBasedFNATP@6b2fad11 - The date pattern is 'yyyy-MM-dd' from file name pattern '/tmp/application_%d{yyyy-MM-dd}.%i.log'.
15:32:20,764 |-INFO in ch.qos.logback.core.rolling.SizeAndTimeBasedFNATP@6b2fad11 - Roll-over at midnight.
15:32:20,769 |-INFO in ch.qos.logback.core.rolling.SizeAndTimeBasedFNATP@6b2fad11 - Setting initial period to Mon Jun 10 15:31:06 UTC 2019
15:32:20,769 |-WARN in ch.qos.logback.core.rolling.SizeAndTimeBasedFNATP@6b2fad11 - SizeAndTimeBasedFNATP is deprecated. Use SizeAndTimeBasedRollingPolicy instead
15:32:20,769 |-WARN in ch.qos.logback.core.rolling.SizeAndTimeBasedFNATP@6b2fad11 - For more information see http://logback.qos.ch/manual/appenders.html#SizeAndTimeBasedRollingPolicy
15:32:20,773 |-INFO in ch.qos.logback.core.joran.action.NestedComplexPropertyIA - Assuming default type [ch.qos.logback.classic.encoder.PatternLayoutEncoder] for [encoder] property
15:32:20,778 |-INFO in ch.qos.logback.core.rolling.RollingFileAppender[FILE] - Active log file name: /tmp/application.log
15:32:20,778 |-INFO in ch.qos.logback.core.rolling.RollingFileAppender[FILE] - File property is set to [/tmp/application.log]
15:32:20,779 |-INFO in ch.qos.logback.classic.joran.action.RootLoggerAction - Setting level of ROOT logger to WARN
15:32:20,779 |-INFO in ch.qos.logback.core.joran.action.AppenderRefAction - Attaching appender named [STDOUT] to Logger[ROOT]
15:32:20,781 |-INFO in ch.qos.logback.core.joran.action.AppenderRefAction - Attaching appender named [FILE] to Logger[ROOT]
15:32:20,781 |-INFO in ch.qos.logback.classic.joran.action.ConfigurationAction - End of configuration.
15:32:20,781 |-INFO in ch.qos.logback.classic.joran.JoranConfigurator@79698539 - Registering current configuration as safe fallback point

Ama winner
Ama winner
2019-06-10T15:32:22.094+0000: 1.767: [Full GC (Metadata GC Threshold) 2019-06-10T15:32:22.094+0000: 1.767: [Tenured: 0K->15242K(341376K), 0.0409438 secs] 114923K->15242K(494976K), [Metaspace: 20733K->20733K(1067008K)], 0.0410253 secs] [Times: user=0.04 sys=0.00, real=0.05 secs] 
15:32:36.972 [Curator-PathChildrenCache-1] WARN  o.a.c.u.ZKPaths  - The version of ZooKeeper being used doesn't support Container nodes. CreateMode.PERSISTENT will be used instead.
2019-06-10T15:32:39.032+0000: 18.705: [GC (Allocation Failure) 2019-06-10T15:32:39.032+0000: 18.705: [DefNew: 117996K->17023K(153600K), 0.0189653 secs] 133238K->32838K(494976K), 0.0190456 secs] [Times: user=0.02 sys=0.00, real=0.02 secs] 
2019-06-10T15:32:41.381+0000: 21.054: [Full GC (Metadata GC Threshold) 2019-06-10T15:32:41.381+0000: 21.054: [Tenured: 15814K->44133K(341376K), 0.0506692 secs] 97066K->44133K(494976K), [Metaspace: 34618K->34618K(1079296K)], 0.0507463 secs] [Times: user=0.05 sys=0.00, real=0.05 secs] 
2019-06-10T15:32:47.213+0000: 26.885: [GC (Allocation Failure) 2019-06-10T15:32:47.213+0000: 26.885: [DefNew: 136576K->62K(153600K), 0.0019888 secs] 180709K->44195K(494976K), 0.0020476 secs] [Times: user=0.00 sys=0.00, real=0.01 secs] 
2019-06-10T15:32:52.990+0000: 32.663: [GC (Allocation Failure) 2019-06-10T15:32:52.991+0000: 32.663: [DefNew: 136638K->61K(153600K), 0.0017718 secs] 180771K->44194K(494976K), 0.0028397 secs] [Times: user=0.00 sys=0.00, real=0.00 secs] 
2019-06-10T15:32:58.676+0000: 38.349: [GC (Allocation Failure) 2019-06-10T15:32:58.676+0000: 38.349: [DefNew: 136637K->61K(153600K), 0.0017464 secs] 180770K->44194K(494976K), 0.0018085 secs] [Times: user=0.00 sys=0.00, real=0.00 secs] 
2019-06-10T15:33:04.459+0000: 44.132: [GC (Allocation Failure) 2019-06-10T15:33:04.459+0000: 44.132: [DefNew: 136637K->62K(153600K), 0.0017959 secs] 180770K->44195K(494976K), 0.0018588 secs] [Times: user=0.00 sys=0.00, real=0.00 secs] 
15:33:14.608 [Curator-PathChildrenCache-0] ERROR o.a.c.f.r.c.PathChildrenCache  - 
java.lang.IllegalStateException: instance must be started before calling this method
	at org.apache.curator.shaded.com.google.common.base.Preconditions.checkState(Preconditions.java:444)
	at org.apache.curator.framework.imps.CuratorFrameworkImpl.getChildren(CuratorFrameworkImpl.java:456)
	at org.apache.curator.framework.recipes.cache.PathChildrenCache.refresh(PathChildrenCache.java:521)
	at org.apache.curator.framework.recipes.cache.RefreshOperation.invoke(RefreshOperation.java:35)
	at org.apache.curator.framework.recipes.cache.PathChildrenCache$9.run(PathChildrenCache.java:786)
	at java.util.concurrent.Executors$RunnableAdapter.call(Executors.java:511)
	at java.util.concurrent.FutureTask.run(FutureTask.java:266)
	at java.util.concurrent.Executors$RunnableAdapter.call(Executors.java:511)
	at java.util.concurrent.FutureTask.run(FutureTask.java:266)
	at java.util.concurrent.ThreadPoolExecutor.runWorker(ThreadPoolExecutor.java:1149)
	at java.util.concurrent.ThreadPoolExecutor$Worker.run(ThreadPoolExecutor.java:624)
	at java.lang.Thread.run(Thread.java:748)
2019-06-10T15:33:15.765+0000: 55.438: [GC (Allocation Failure) 2019-06-10T15:33:15.765+0000: 55.438: [DefNew: 136638K->977K(153600K), 0.0036177 secs] 180771K->45110K(494976K), 0.0036754 secs] [Times: user=0.00 sys=0.00, real=0.01 secs] 
Heap
 def new generation   total 153600K, used 4463K [0x00000000e0c00000, 0x00000000eb2a0000, 0x00000000eb2a0000)
  eden space 136576K,   2% used [0x00000000e0c00000, 0x00000000e0f679b0, 0x00000000e9160000)
  from space 17024K,   5% used [0x00000000e9160000, 0x00000000e9254438, 0x00000000ea200000)
  to   space 17024K,   0% used [0x00000000ea200000, 0x00000000ea200000, 0x00000000eb2a0000)
 tenured generation   total 341376K, used 44133K [0x00000000eb2a0000, 0x0000000100000000, 0x0000000100000000)
   the space 341376K,  12% used [0x00000000eb2a0000, 0x00000000eddb94e8, 0x00000000eddb9600, 0x0000000100000000)
 Metaspace       used 35753K, capacity 36646K, committed 36864K, reserved 1081344K
  class space    used 4828K, capacity 5043K, committed 5120K, reserved 1048576K
