12:59:27,606 |-INFO in ch.qos.logback.classic.LoggerContext[default] - Could NOT find resource [logback-test.xml]
12:59:27,606 |-INFO in ch.qos.logback.classic.LoggerContext[default] - Could NOT find resource [logback.groovy]
12:59:27,606 |-INFO in ch.qos.logback.classic.LoggerContext[default] - Found resource [logback.xml] at [jar:file:/root/flamestream/lib/flamestream-runtime-1.0-SNAPSHOT.jar!/logback.xml]
12:59:27,607 |-WARN in ch.qos.logback.classic.LoggerContext[default] - Resource [logback.xml] occurs multiple times on the classpath.
12:59:27,607 |-WARN in ch.qos.logback.classic.LoggerContext[default] - Resource [logback.xml] occurs at [jar:file:/root/flamestream/lib/flamestream-runtime-1.0-SNAPSHOT.jar!/logback.xml]
12:59:27,607 |-WARN in ch.qos.logback.classic.LoggerContext[default] - Resource [logback.xml] occurs at [jar:file:/root/flamestream/flamestream-runtime-1.0-SNAPSHOT.jar!/logback.xml]
12:59:27,630 |-INFO in ch.qos.logback.core.joran.spi.ConfigurationWatchList@3fb6a447 - URL [jar:file:/root/flamestream/lib/flamestream-runtime-1.0-SNAPSHOT.jar!/logback.xml] is not of type file
12:59:27,701 |-INFO in ch.qos.logback.classic.joran.action.ConfigurationAction - debug attribute not set
12:59:27,702 |-INFO in ch.qos.logback.core.joran.action.AppenderAction - About to instantiate appender of type [ch.qos.logback.core.ConsoleAppender]
12:59:27,719 |-INFO in ch.qos.logback.core.joran.action.AppenderAction - Naming appender as [STDOUT]
12:59:27,738 |-INFO in ch.qos.logback.core.joran.action.NestedComplexPropertyIA - Assuming default type [ch.qos.logback.classic.encoder.PatternLayoutEncoder] for [encoder] property
12:59:27,815 |-INFO in ch.qos.logback.core.joran.action.AppenderAction - About to instantiate appender of type [ch.qos.logback.core.rolling.RollingFileAppender]
12:59:27,828 |-INFO in ch.qos.logback.core.joran.action.AppenderAction - Naming appender as [FILE]
12:59:27,860 |-INFO in c.q.l.core.rolling.TimeBasedRollingPolicy@127618319 - No compression will be used
12:59:27,862 |-INFO in c.q.l.core.rolling.TimeBasedRollingPolicy@127618319 - Will use the pattern /tmp/application_%d{yyyy-MM-dd}.%i.log for the active file
12:59:27,864 |-INFO in ch.qos.logback.core.rolling.SizeAndTimeBasedFNATP@6b2fad11 - The date pattern is 'yyyy-MM-dd' from file name pattern '/tmp/application_%d{yyyy-MM-dd}.%i.log'.
12:59:27,864 |-INFO in ch.qos.logback.core.rolling.SizeAndTimeBasedFNATP@6b2fad11 - Roll-over at midnight.
12:59:27,870 |-INFO in ch.qos.logback.core.rolling.SizeAndTimeBasedFNATP@6b2fad11 - Setting initial period to Mon Jun 10 12:55:03 UTC 2019
12:59:27,870 |-WARN in ch.qos.logback.core.rolling.SizeAndTimeBasedFNATP@6b2fad11 - SizeAndTimeBasedFNATP is deprecated. Use SizeAndTimeBasedRollingPolicy instead
12:59:27,870 |-WARN in ch.qos.logback.core.rolling.SizeAndTimeBasedFNATP@6b2fad11 - For more information see http://logback.qos.ch/manual/appenders.html#SizeAndTimeBasedRollingPolicy
12:59:27,874 |-INFO in ch.qos.logback.core.joran.action.NestedComplexPropertyIA - Assuming default type [ch.qos.logback.classic.encoder.PatternLayoutEncoder] for [encoder] property
12:59:27,879 |-INFO in ch.qos.logback.core.rolling.RollingFileAppender[FILE] - Active log file name: /tmp/application.log
12:59:27,879 |-INFO in ch.qos.logback.core.rolling.RollingFileAppender[FILE] - File property is set to [/tmp/application.log]
12:59:27,879 |-INFO in ch.qos.logback.classic.joran.action.RootLoggerAction - Setting level of ROOT logger to WARN
12:59:27,879 |-INFO in ch.qos.logback.core.joran.action.AppenderRefAction - Attaching appender named [STDOUT] to Logger[ROOT]
12:59:27,881 |-INFO in ch.qos.logback.core.joran.action.AppenderRefAction - Attaching appender named [FILE] to Logger[ROOT]
12:59:27,881 |-INFO in ch.qos.logback.classic.joran.action.ConfigurationAction - End of configuration.
12:59:27,882 |-INFO in ch.qos.logback.classic.joran.JoranConfigurator@79698539 - Registering current configuration as safe fallback point

Ama winner
Ama winner
2019-06-10T12:59:29.141+0000: 1.721: [Full GC (Metadata GC Threshold) 2019-06-10T12:59:29.142+0000: 1.721: [Tenured: 0K->15177K(341376K), 0.0347327 secs] 117686K->15177K(494976K), [Metaspace: 20737K->20737K(1067008K)], 0.0348014 secs] [Times: user=0.03 sys=0.01, real=0.04 secs] 
12:59:46.700 [Curator-PathChildrenCache-1] WARN  o.a.c.u.ZKPaths  - The version of ZooKeeper being used doesn't support Container nodes. CreateMode.PERSISTENT will be used instead.
2019-06-10T12:59:48.733+0000: 21.312: [GC (Allocation Failure) 2019-06-10T12:59:48.733+0000: 21.312: [DefNew: 136576K->17023K(153600K), 0.0264644 secs] 151753K->52335K(494976K), 0.0265335 secs] [Times: user=0.03 sys=0.00, real=0.03 secs] 
2019-06-10T12:59:52.316+0000: 24.895: [Full GC (Metadata GC Threshold) 2019-06-10T12:59:52.316+0000: 24.895: [Tenured: 35311K->44041K(341376K), 0.0434485 secs] 105012K->44041K(494976K), [Metaspace: 34575K->34575K(1079296K)], 0.0435210 secs] [Times: user=0.05 sys=0.00, real=0.05 secs] 
2019-06-10T13:00:02.759+0000: 35.338: [GC (Allocation Failure) 2019-06-10T13:00:02.759+0000: 35.338: [DefNew: 136576K->57K(153600K), 0.0019171 secs] 180617K->44099K(494976K), 0.0019810 secs] [Times: user=0.00 sys=0.00, real=0.00 secs] 
2019-06-10T13:00:13.401+0000: 45.980: [GC (Allocation Failure) 2019-06-10T13:00:13.401+0000: 45.980: [DefNew: 136633K->55K(153600K), 0.0017424 secs] 180675K->44097K(494976K), 0.0018051 secs] [Times: user=0.00 sys=0.00, real=0.00 secs] 
2019-06-10T13:00:24.115+0000: 56.694: [GC (Allocation Failure) 2019-06-10T13:00:24.115+0000: 56.694: [DefNew: 136631K->61K(153600K), 0.0018633 secs] 180673K->44102K(494976K), 0.0019340 secs] [Times: user=0.01 sys=0.00, real=0.01 secs] 
2019-06-10T13:00:35.966+0000: 68.545: [GC (Allocation Failure) 2019-06-10T13:00:35.966+0000: 68.545: [DefNew: 136637K->394K(153600K), 0.0022893 secs] 180678K->44436K(494976K), 0.0023848 secs] [Times: user=0.00 sys=0.00, real=0.01 secs] 
2019-06-10T13:00:49.020+0000: 81.599: [GC (Allocation Failure) 2019-06-10T13:00:49.020+0000: 81.599: [DefNew: 136970K->152K(153600K), 0.0021275 secs] 181012K->44194K(494976K), 0.0021871 secs] [Times: user=0.01 sys=0.00, real=0.00 secs] 
2019-06-10T13:01:02.282+0000: 94.861: [GC (Allocation Failure) 2019-06-10T13:01:02.282+0000: 94.861: [DefNew: 136728K->153K(153600K), 0.0020714 secs] 180770K->44195K(494976K), 0.0021258 secs] [Times: user=0.00 sys=0.00, real=0.00 secs] 
13:01:20.200 [Curator-PathChildrenCache-0] ERROR o.a.c.f.r.c.PathChildrenCache  - 
java.lang.IllegalStateException: instance must be started before calling this method
	at org.apache.curator.shaded.com.google.common.base.Preconditions.checkState(Preconditions.java:444)
	at org.apache.curator.framework.imps.CuratorFrameworkImpl.getChildren(CuratorFrameworkImpl.java:456)
	at org.apache.curator.framework.recipes.cache.PathChildrenCache.refresh(PathChildrenCache.java:521)
	at org.apache.curator.framework.recipes.cache.RefreshOperation.invoke(RefreshOperation.java:35)
	at org.apache.curator.framework.recipes.cache.PathChildrenCache$9.run(PathChildrenCache.java:786)
	at java.util.concurrent.Executors$RunnableAdapter.call(Executors.java:511)
	at java.util.concurrent.FutureTask.run(FutureTask.java:266)
	at java.util.concurrent.Executors$RunnableAdapter.call(Executors.java:511)
	at java.util.concurrent.FutureTask.run(FutureTask.java:266)
	at java.util.concurrent.ThreadPoolExecutor.runWorker(ThreadPoolExecutor.java:1149)
	at java.util.concurrent.ThreadPoolExecutor$Worker.run(ThreadPoolExecutor.java:624)
	at java.lang.Thread.run(Thread.java:748)
Heap
 def new generation   total 153600K, used 94908K [0x00000000e0c00000, 0x00000000eb2a0000, 0x00000000eb2a0000)
  eden space 136576K,  69% used [0x00000000e0c00000, 0x00000000e6888bd8, 0x00000000e9160000)
  from space 17024K,   0% used [0x00000000ea200000, 0x00000000ea226678, 0x00000000eb2a0000)
  to   space 17024K,   0% used [0x00000000e9160000, 0x00000000e9160000, 0x00000000ea200000)
 tenured generation   total 341376K, used 44041K [0x00000000eb2a0000, 0x0000000100000000, 0x0000000100000000)
   the space 341376K,  12% used [0x00000000eb2a0000, 0x00000000edda2740, 0x00000000edda2800, 0x0000000100000000)
 Metaspace       used 36040K, capacity 36922K, committed 37120K, reserved 1081344K
  class space    used 4856K, capacity 5073K, committed 5120K, reserved 1048576K
