19:47:52,026 |-INFO in ch.qos.logback.classic.LoggerContext[default] - Could NOT find resource [logback-test.xml]
19:47:52,026 |-INFO in ch.qos.logback.classic.LoggerContext[default] - Could NOT find resource [logback.groovy]
19:47:52,027 |-INFO in ch.qos.logback.classic.LoggerContext[default] - Found resource [logback.xml] at [jar:file:/root/flamestream/lib/flamestream-runtime-1.0-SNAPSHOT.jar!/logback.xml]
19:47:52,027 |-WARN in ch.qos.logback.classic.LoggerContext[default] - Resource [logback.xml] occurs multiple times on the classpath.
19:47:52,028 |-WARN in ch.qos.logback.classic.LoggerContext[default] - Resource [logback.xml] occurs at [jar:file:/root/flamestream/lib/flamestream-runtime-1.0-SNAPSHOT.jar!/logback.xml]
19:47:52,028 |-WARN in ch.qos.logback.classic.LoggerContext[default] - Resource [logback.xml] occurs at [jar:file:/root/flamestream/flamestream-runtime-1.0-SNAPSHOT.jar!/logback.xml]
19:47:52,047 |-INFO in ch.qos.logback.core.joran.spi.ConfigurationWatchList@3fb6a447 - URL [jar:file:/root/flamestream/lib/flamestream-runtime-1.0-SNAPSHOT.jar!/logback.xml] is not of type file
19:47:52,122 |-INFO in ch.qos.logback.classic.joran.action.ConfigurationAction - debug attribute not set
19:47:52,123 |-INFO in ch.qos.logback.core.joran.action.AppenderAction - About to instantiate appender of type [ch.qos.logback.core.ConsoleAppender]
19:47:52,135 |-INFO in ch.qos.logback.core.joran.action.AppenderAction - Naming appender as [STDOUT]
19:47:52,153 |-INFO in ch.qos.logback.core.joran.action.NestedComplexPropertyIA - Assuming default type [ch.qos.logback.classic.encoder.PatternLayoutEncoder] for [encoder] property
19:47:52,235 |-INFO in ch.qos.logback.core.joran.action.AppenderAction - About to instantiate appender of type [ch.qos.logback.core.rolling.RollingFileAppender]
19:47:52,240 |-INFO in ch.qos.logback.core.joran.action.AppenderAction - Naming appender as [FILE]
19:47:52,272 |-INFO in c.q.l.core.rolling.TimeBasedRollingPolicy@127618319 - No compression will be used
19:47:52,273 |-INFO in c.q.l.core.rolling.TimeBasedRollingPolicy@127618319 - Will use the pattern /tmp/application_%d{yyyy-MM-dd}.%i.log for the active file
19:47:52,276 |-INFO in ch.qos.logback.core.rolling.SizeAndTimeBasedFNATP@6b2fad11 - The date pattern is 'yyyy-MM-dd' from file name pattern '/tmp/application_%d{yyyy-MM-dd}.%i.log'.
19:47:52,276 |-INFO in ch.qos.logback.core.rolling.SizeAndTimeBasedFNATP@6b2fad11 - Roll-over at midnight.
19:47:52,281 |-INFO in ch.qos.logback.core.rolling.SizeAndTimeBasedFNATP@6b2fad11 - Setting initial period to Mon Jun 10 19:46:20 UTC 2019
19:47:52,281 |-WARN in ch.qos.logback.core.rolling.SizeAndTimeBasedFNATP@6b2fad11 - SizeAndTimeBasedFNATP is deprecated. Use SizeAndTimeBasedRollingPolicy instead
19:47:52,281 |-WARN in ch.qos.logback.core.rolling.SizeAndTimeBasedFNATP@6b2fad11 - For more information see http://logback.qos.ch/manual/appenders.html#SizeAndTimeBasedRollingPolicy
19:47:52,285 |-INFO in ch.qos.logback.core.joran.action.NestedComplexPropertyIA - Assuming default type [ch.qos.logback.classic.encoder.PatternLayoutEncoder] for [encoder] property
19:47:52,290 |-INFO in ch.qos.logback.core.rolling.RollingFileAppender[FILE] - Active log file name: /tmp/application.log
19:47:52,290 |-INFO in ch.qos.logback.core.rolling.RollingFileAppender[FILE] - File property is set to [/tmp/application.log]
19:47:52,291 |-INFO in ch.qos.logback.classic.joran.action.RootLoggerAction - Setting level of ROOT logger to WARN
19:47:52,291 |-INFO in ch.qos.logback.core.joran.action.AppenderRefAction - Attaching appender named [STDOUT] to Logger[ROOT]
19:47:52,293 |-INFO in ch.qos.logback.core.joran.action.AppenderRefAction - Attaching appender named [FILE] to Logger[ROOT]
19:47:52,293 |-INFO in ch.qos.logback.classic.joran.action.ConfigurationAction - End of configuration.
19:47:52,293 |-INFO in ch.qos.logback.classic.joran.JoranConfigurator@79698539 - Registering current configuration as safe fallback point

Ama winner
Ama winner
2019-06-10T19:47:53.602+0000: 1.763: [Full GC (Metadata GC Threshold) 2019-06-10T19:47:53.602+0000: 1.763: [Tenured: 0K->15142K(341376K), 0.0400167 secs] 114989K->15142K(494976K), [Metaspace: 20731K->20731K(1067008K)], 0.0400837 secs] [Times: user=0.04 sys=0.01, real=0.04 secs] 
19:48:10.831 [Curator-PathChildrenCache-1] WARN  o.a.c.u.ZKPaths  - The version of ZooKeeper being used doesn't support Container nodes. CreateMode.PERSISTENT will be used instead.
2019-06-10T19:48:13.123+0000: 21.284: [GC (Allocation Failure) 2019-06-10T19:48:13.123+0000: 21.284: [DefNew: 119930K->17023K(153600K), 0.0184258 secs] 135072K->32810K(494976K), 0.0184922 secs] [Times: user=0.02 sys=0.00, real=0.02 secs] 
2019-06-10T19:48:19.789+0000: 27.950: [GC (Allocation Failure) 2019-06-10T19:48:19.789+0000: 27.950: [DefNew: 153599K->654K(153600K), 0.0173508 secs] 169386K->44018K(494976K), 0.0174246 secs] [Times: user=0.02 sys=0.00, real=0.01 secs] 
2019-06-10T19:48:21.174+0000: 29.335: [Full GC (Metadata GC Threshold) 2019-06-10T19:48:21.174+0000: 29.335: [Tenured: 43364K->43933K(341376K), 0.0363001 secs] 70932K->43933K(494976K), [Metaspace: 34649K->34649K(1079296K)], 0.0363923 secs] [Times: user=0.04 sys=0.00, real=0.04 secs] 
2019-06-10T19:48:29.030+0000: 37.191: [GC (Allocation Failure) 2019-06-10T19:48:29.030+0000: 37.192: [DefNew: 136576K->51K(153600K), 0.0017038 secs] 180509K->43985K(494976K), 0.0017638 secs] [Times: user=0.00 sys=0.00, real=0.00 secs] 
2019-06-10T19:48:36.970+0000: 45.131: [GC (Allocation Failure) 2019-06-10T19:48:36.970+0000: 45.131: [DefNew: 136627K->51K(153600K), 0.0016301 secs] 180561K->43985K(494976K), 0.0017041 secs] [Times: user=0.00 sys=0.00, real=0.00 secs] 
2019-06-10T19:48:44.888+0000: 53.049: [GC (Allocation Failure) 2019-06-10T19:48:44.888+0000: 53.049: [DefNew: 136627K->52K(153600K), 0.0016761 secs] 180561K->43986K(494976K), 0.0017383 secs] [Times: user=0.00 sys=0.00, real=0.01 secs] 
2019-06-10T19:48:52.974+0000: 61.135: [GC (Allocation Failure) 2019-06-10T19:48:52.974+0000: 61.135: [DefNew: 136628K->224K(153600K), 0.0019141 secs] 180562K->44158K(494976K), 0.0019743 secs] [Times: user=0.00 sys=0.00, real=0.00 secs] 
2019-06-10T19:49:02.034+0000: 70.195: [GC (Allocation Failure) 2019-06-10T19:49:02.034+0000: 70.195: [DefNew: 136800K->246K(153600K), 0.0021096 secs] 180734K->44180K(494976K), 0.0021849 secs] [Times: user=0.00 sys=0.00, real=0.01 secs] 
19:49:20.591 [Curator-PathChildrenCache-0] ERROR o.a.c.f.r.c.PathChildrenCache  - 
java.lang.IllegalStateException: instance must be started before calling this method
	at org.apache.curator.shaded.com.google.common.base.Preconditions.checkState(Preconditions.java:444)
	at org.apache.curator.framework.imps.CuratorFrameworkImpl.getChildren(CuratorFrameworkImpl.java:456)
	at org.apache.curator.framework.recipes.cache.PathChildrenCache.refresh(PathChildrenCache.java:521)
	at org.apache.curator.framework.recipes.cache.RefreshOperation.invoke(RefreshOperation.java:35)
	at org.apache.curator.framework.recipes.cache.PathChildrenCache$9.run(PathChildrenCache.java:786)
	at java.util.concurrent.Executors$RunnableAdapter.call(Executors.java:511)
	at java.util.concurrent.FutureTask.run(FutureTask.java:266)
	at java.util.concurrent.Executors$RunnableAdapter.call(Executors.java:511)
	at java.util.concurrent.FutureTask.run(FutureTask.java:266)
	at java.util.concurrent.ThreadPoolExecutor.runWorker(ThreadPoolExecutor.java:1149)
	at java.util.concurrent.ThreadPoolExecutor$Worker.run(ThreadPoolExecutor.java:624)
	at java.lang.Thread.run(Thread.java:748)
19:49:21.402 [worker-akka.actor.default-dispatcher-6] ERROR a.r.a.Association(akka://worker) akka.remote.artery.Association(akka://worker) - Outbound control stream to [akka://worker@10.0.0.111:5412] failed after shutdown. 
akka.remote.artery.Association$OutboundStreamStopQuarantinedSignal$: 
19:49:21.403 [worker-akka.actor.default-dispatcher-6] ERROR a.r.a.Association(akka://worker) akka.remote.artery.Association(akka://worker) - Outbound message stream to [akka://worker@10.0.0.111:5412] failed after shutdown. 
akka.remote.artery.Association$OutboundStreamStopQuarantinedSignal$: 
Heap
 def new generation   total 153600K, used 70361K [0x00000000e0c00000, 0x00000000eb2a0000, 0x00000000eb2a0000)
  eden space 136576K,  51% used [0x00000000e0c00000, 0x00000000e5078b18, 0x00000000e9160000)
  from space 17024K,   1% used [0x00000000ea200000, 0x00000000ea23da10, 0x00000000eb2a0000)
  to   space 17024K,   0% used [0x00000000e9160000, 0x00000000e9160000, 0x00000000ea200000)
 tenured generation   total 341376K, used 43933K [0x00000000eb2a0000, 0x0000000100000000, 0x0000000100000000)
   the space 341376K,  12% used [0x00000000eb2a0000, 0x00000000edd87760, 0x00000000edd87800, 0x0000000100000000)
 Metaspace       used 36152K, capacity 36992K, committed 37120K, reserved 1081344K
  class space    used 4880K, capacity 5074K, committed 5120K, reserved 1048576K
