05:53:13,768 |-INFO in ch.qos.logback.classic.LoggerContext[default] - Could NOT find resource [logback-test.xml]
05:53:13,768 |-INFO in ch.qos.logback.classic.LoggerContext[default] - Could NOT find resource [logback.groovy]
05:53:13,768 |-INFO in ch.qos.logback.classic.LoggerContext[default] - Found resource [logback.xml] at [jar:file:/root/flamestream/lib/flamestream-runtime-1.0-SNAPSHOT.jar!/logback.xml]
05:53:13,769 |-WARN in ch.qos.logback.classic.LoggerContext[default] - Resource [logback.xml] occurs multiple times on the classpath.
05:53:13,769 |-WARN in ch.qos.logback.classic.LoggerContext[default] - Resource [logback.xml] occurs at [jar:file:/root/flamestream/lib/flamestream-runtime-1.0-SNAPSHOT.jar!/logback.xml]
05:53:13,769 |-WARN in ch.qos.logback.classic.LoggerContext[default] - Resource [logback.xml] occurs at [jar:file:/root/flamestream/flamestream-runtime-1.0-SNAPSHOT.jar!/logback.xml]
05:53:13,788 |-INFO in ch.qos.logback.core.joran.spi.ConfigurationWatchList@3fb6a447 - URL [jar:file:/root/flamestream/lib/flamestream-runtime-1.0-SNAPSHOT.jar!/logback.xml] is not of type file
05:53:13,860 |-INFO in ch.qos.logback.classic.joran.action.ConfigurationAction - debug attribute not set
05:53:13,864 |-INFO in ch.qos.logback.core.joran.action.AppenderAction - About to instantiate appender of type [ch.qos.logback.core.ConsoleAppender]
05:53:13,876 |-INFO in ch.qos.logback.core.joran.action.AppenderAction - Naming appender as [STDOUT]
05:53:13,894 |-INFO in ch.qos.logback.core.joran.action.NestedComplexPropertyIA - Assuming default type [ch.qos.logback.classic.encoder.PatternLayoutEncoder] for [encoder] property
05:53:13,982 |-INFO in ch.qos.logback.core.joran.action.AppenderAction - About to instantiate appender of type [ch.qos.logback.core.rolling.RollingFileAppender]
05:53:13,987 |-INFO in ch.qos.logback.core.joran.action.AppenderAction - Naming appender as [FILE]
05:53:14,017 |-INFO in c.q.l.core.rolling.TimeBasedRollingPolicy@127618319 - No compression will be used
05:53:14,019 |-INFO in c.q.l.core.rolling.TimeBasedRollingPolicy@127618319 - Will use the pattern /tmp/application_%d{yyyy-MM-dd}.%i.log for the active file
05:53:14,022 |-INFO in ch.qos.logback.core.rolling.SizeAndTimeBasedFNATP@6b2fad11 - The date pattern is 'yyyy-MM-dd' from file name pattern '/tmp/application_%d{yyyy-MM-dd}.%i.log'.
05:53:14,022 |-INFO in ch.qos.logback.core.rolling.SizeAndTimeBasedFNATP@6b2fad11 - Roll-over at midnight.
05:53:14,027 |-INFO in ch.qos.logback.core.rolling.SizeAndTimeBasedFNATP@6b2fad11 - Setting initial period to Tue Jun 11 05:52:01 UTC 2019
05:53:14,027 |-WARN in ch.qos.logback.core.rolling.SizeAndTimeBasedFNATP@6b2fad11 - SizeAndTimeBasedFNATP is deprecated. Use SizeAndTimeBasedRollingPolicy instead
05:53:14,027 |-WARN in ch.qos.logback.core.rolling.SizeAndTimeBasedFNATP@6b2fad11 - For more information see http://logback.qos.ch/manual/appenders.html#SizeAndTimeBasedRollingPolicy
05:53:14,031 |-INFO in ch.qos.logback.core.joran.action.NestedComplexPropertyIA - Assuming default type [ch.qos.logback.classic.encoder.PatternLayoutEncoder] for [encoder] property
05:53:14,036 |-INFO in ch.qos.logback.core.rolling.RollingFileAppender[FILE] - Active log file name: /tmp/application.log
05:53:14,036 |-INFO in ch.qos.logback.core.rolling.RollingFileAppender[FILE] - File property is set to [/tmp/application.log]
05:53:14,037 |-INFO in ch.qos.logback.classic.joran.action.RootLoggerAction - Setting level of ROOT logger to WARN
05:53:14,037 |-INFO in ch.qos.logback.core.joran.action.AppenderRefAction - Attaching appender named [STDOUT] to Logger[ROOT]
05:53:14,039 |-INFO in ch.qos.logback.core.joran.action.AppenderRefAction - Attaching appender named [FILE] to Logger[ROOT]
05:53:14,039 |-INFO in ch.qos.logback.classic.joran.action.ConfigurationAction - End of configuration.
05:53:14,039 |-INFO in ch.qos.logback.classic.joran.JoranConfigurator@79698539 - Registering current configuration as safe fallback point

Ama winner
Ama winner
2019-06-11T05:53:15.336+0000: 1.754: [Full GC (Metadata GC Threshold) 2019-06-11T05:53:15.336+0000: 1.754: [Tenured: 0K->15175K(341376K), 0.0393924 secs] 114923K->15175K(494976K), [Metaspace: 20729K->20729K(1067008K)], 0.0394687 secs] [Times: user=0.04 sys=0.00, real=0.04 secs] 
05:53:30.914 [Curator-PathChildrenCache-1] WARN  o.a.c.u.ZKPaths  - The version of ZooKeeper being used doesn't support Container nodes. CreateMode.PERSISTENT will be used instead.
2019-06-11T05:53:33.297+0000: 19.714: [GC (Allocation Failure) 2019-06-11T05:53:33.297+0000: 19.714: [DefNew: 136576K->17024K(153600K), 0.0256676 secs] 151751K->52652K(494976K), 0.0257408 secs] [Times: user=0.01 sys=0.01, real=0.02 secs] 
2019-06-11T05:53:38.422+0000: 24.839: [Full GC (Metadata GC Threshold) 2019-06-11T05:53:38.422+0000: 24.839: [Tenured: 35628K->44036K(341376K), 0.0567221 secs] 151997K->44036K(494976K), [Metaspace: 34641K->34641K(1079296K)], 0.0568056 secs] [Times: user=0.05 sys=0.00, real=0.06 secs] 
2019-06-11T05:53:45.467+0000: 31.884: [GC (Allocation Failure) 2019-06-11T05:53:45.467+0000: 31.884: [DefNew: 136576K->48K(153600K), 0.0017208 secs] 180612K->44085K(494976K), 0.0017792 secs] [Times: user=0.01 sys=0.00, real=0.01 secs] 
2019-06-11T05:53:52.603+0000: 39.021: [GC (Allocation Failure) 2019-06-11T05:53:52.603+0000: 39.021: [DefNew: 136624K->51K(153600K), 0.0016483 secs] 180661K->44087K(494976K), 0.0017115 secs] [Times: user=0.01 sys=0.00, real=0.00 secs] 
2019-06-11T05:53:59.853+0000: 46.270: [GC (Allocation Failure) 2019-06-11T05:53:59.853+0000: 46.270: [DefNew: 136627K->58K(153600K), 0.0016595 secs] 180663K->44095K(494976K), 0.0017231 secs] [Times: user=0.00 sys=0.00, real=0.00 secs] 
2019-06-11T05:54:07.640+0000: 54.057: [GC (Allocation Failure) 2019-06-11T05:54:07.640+0000: 54.057: [DefNew: 136634K->51K(153600K), 0.0017048 secs] 180671K->44088K(494976K), 0.0017658 secs] [Times: user=0.00 sys=0.00, real=0.00 secs] 
2019-06-11T05:54:33.376+0000: 79.794: [GC (Allocation Failure) 2019-06-11T05:54:33.376+0000: 79.794: [DefNew: 136627K->405K(153600K), 0.0023540 secs] 180664K->44442K(494976K), 0.0024148 secs] [Times: user=0.00 sys=0.00, real=0.00 secs] 
05:54:34.482 [Curator-PathChildrenCache-0] ERROR o.a.c.f.r.c.PathChildrenCache  - 
java.lang.IllegalStateException: instance must be started before calling this method
	at org.apache.curator.shaded.com.google.common.base.Preconditions.checkState(Preconditions.java:444)
	at org.apache.curator.framework.imps.CuratorFrameworkImpl.getChildren(CuratorFrameworkImpl.java:456)
	at org.apache.curator.framework.recipes.cache.PathChildrenCache.refresh(PathChildrenCache.java:521)
	at org.apache.curator.framework.recipes.cache.RefreshOperation.invoke(RefreshOperation.java:35)
	at org.apache.curator.framework.recipes.cache.PathChildrenCache$9.run(PathChildrenCache.java:786)
	at java.util.concurrent.Executors$RunnableAdapter.call(Executors.java:511)
	at java.util.concurrent.FutureTask.run(FutureTask.java:266)
	at java.util.concurrent.Executors$RunnableAdapter.call(Executors.java:511)
	at java.util.concurrent.FutureTask.run(FutureTask.java:266)
	at java.util.concurrent.ThreadPoolExecutor.runWorker(ThreadPoolExecutor.java:1149)
	at java.util.concurrent.ThreadPoolExecutor$Worker.run(ThreadPoolExecutor.java:624)
	at java.lang.Thread.run(Thread.java:748)
Heap
 def new generation   total 153600K, used 18879K [0x00000000e0c00000, 0x00000000eb2a0000, 0x00000000eb2a0000)
  eden space 136576K,  13% used [0x00000000e0c00000, 0x00000000e1e0a8c8, 0x00000000e9160000)
  from space 17024K,   2% used [0x00000000e9160000, 0x00000000e91c5510, 0x00000000ea200000)
  to   space 17024K,   0% used [0x00000000ea200000, 0x00000000ea200000, 0x00000000eb2a0000)
 tenured generation   total 341376K, used 44036K [0x00000000eb2a0000, 0x0000000100000000, 0x0000000100000000)
   the space 341376K,  12% used [0x00000000eb2a0000, 0x00000000edda1338, 0x00000000edda1400, 0x0000000100000000)
 Metaspace       used 36007K, capacity 36864K, committed 37120K, reserved 1081344K
  class space    used 4870K, capacity 5074K, committed 5120K, reserved 1048576K
