19:42:15,290 |-INFO in ch.qos.logback.classic.LoggerContext[default] - Could NOT find resource [logback-test.xml]
19:42:15,290 |-INFO in ch.qos.logback.classic.LoggerContext[default] - Could NOT find resource [logback.groovy]
19:42:15,290 |-INFO in ch.qos.logback.classic.LoggerContext[default] - Found resource [logback.xml] at [jar:file:/root/flamestream/lib/flamestream-runtime-1.0-SNAPSHOT.jar!/logback.xml]
19:42:15,291 |-WARN in ch.qos.logback.classic.LoggerContext[default] - Resource [logback.xml] occurs multiple times on the classpath.
19:42:15,291 |-WARN in ch.qos.logback.classic.LoggerContext[default] - Resource [logback.xml] occurs at [jar:file:/root/flamestream/lib/flamestream-runtime-1.0-SNAPSHOT.jar!/logback.xml]
19:42:15,291 |-WARN in ch.qos.logback.classic.LoggerContext[default] - Resource [logback.xml] occurs at [jar:file:/root/flamestream/flamestream-runtime-1.0-SNAPSHOT.jar!/logback.xml]
19:42:15,311 |-INFO in ch.qos.logback.core.joran.spi.ConfigurationWatchList@3fb6a447 - URL [jar:file:/root/flamestream/lib/flamestream-runtime-1.0-SNAPSHOT.jar!/logback.xml] is not of type file
19:42:15,379 |-INFO in ch.qos.logback.classic.joran.action.ConfigurationAction - debug attribute not set
19:42:15,380 |-INFO in ch.qos.logback.core.joran.action.AppenderAction - About to instantiate appender of type [ch.qos.logback.core.ConsoleAppender]
19:42:15,395 |-INFO in ch.qos.logback.core.joran.action.AppenderAction - Naming appender as [STDOUT]
19:42:15,412 |-INFO in ch.qos.logback.core.joran.action.NestedComplexPropertyIA - Assuming default type [ch.qos.logback.classic.encoder.PatternLayoutEncoder] for [encoder] property
19:42:15,499 |-INFO in ch.qos.logback.core.joran.action.AppenderAction - About to instantiate appender of type [ch.qos.logback.core.rolling.RollingFileAppender]
19:42:15,504 |-INFO in ch.qos.logback.core.joran.action.AppenderAction - Naming appender as [FILE]
19:42:15,535 |-INFO in c.q.l.core.rolling.TimeBasedRollingPolicy@127618319 - No compression will be used
19:42:15,536 |-INFO in c.q.l.core.rolling.TimeBasedRollingPolicy@127618319 - Will use the pattern /tmp/application_%d{yyyy-MM-dd}.%i.log for the active file
19:42:15,539 |-INFO in ch.qos.logback.core.rolling.SizeAndTimeBasedFNATP@6b2fad11 - The date pattern is 'yyyy-MM-dd' from file name pattern '/tmp/application_%d{yyyy-MM-dd}.%i.log'.
19:42:15,539 |-INFO in ch.qos.logback.core.rolling.SizeAndTimeBasedFNATP@6b2fad11 - Roll-over at midnight.
19:42:15,544 |-INFO in ch.qos.logback.core.rolling.SizeAndTimeBasedFNATP@6b2fad11 - Setting initial period to Mon Jun 10 19:41:00 UTC 2019
19:42:15,544 |-WARN in ch.qos.logback.core.rolling.SizeAndTimeBasedFNATP@6b2fad11 - SizeAndTimeBasedFNATP is deprecated. Use SizeAndTimeBasedRollingPolicy instead
19:42:15,544 |-WARN in ch.qos.logback.core.rolling.SizeAndTimeBasedFNATP@6b2fad11 - For more information see http://logback.qos.ch/manual/appenders.html#SizeAndTimeBasedRollingPolicy
19:42:15,548 |-INFO in ch.qos.logback.core.joran.action.NestedComplexPropertyIA - Assuming default type [ch.qos.logback.classic.encoder.PatternLayoutEncoder] for [encoder] property
19:42:15,553 |-INFO in ch.qos.logback.core.rolling.RollingFileAppender[FILE] - Active log file name: /tmp/application.log
19:42:15,553 |-INFO in ch.qos.logback.core.rolling.RollingFileAppender[FILE] - File property is set to [/tmp/application.log]
19:42:15,554 |-INFO in ch.qos.logback.classic.joran.action.RootLoggerAction - Setting level of ROOT logger to WARN
19:42:15,554 |-INFO in ch.qos.logback.core.joran.action.AppenderRefAction - Attaching appender named [STDOUT] to Logger[ROOT]
19:42:15,556 |-INFO in ch.qos.logback.core.joran.action.AppenderRefAction - Attaching appender named [FILE] to Logger[ROOT]
19:42:15,556 |-INFO in ch.qos.logback.classic.joran.action.ConfigurationAction - End of configuration.
19:42:15,557 |-INFO in ch.qos.logback.classic.joran.JoranConfigurator@79698539 - Registering current configuration as safe fallback point

Ama winner
Ama winner
2019-06-10T19:42:16.870+0000: 1.769: [Full GC (Metadata GC Threshold) 2019-06-10T19:42:16.870+0000: 1.769: [Tenured: 0K->15241K(341376K), 0.0386380 secs] 117750K->15241K(494976K), [Metaspace: 20738K->20738K(1067008K)], 0.0387012 secs] [Times: user=0.04 sys=0.00, real=0.04 secs] 
19:42:35.320 [Curator-PathChildrenCache-2] WARN  o.a.c.u.ZKPaths  - The version of ZooKeeper being used doesn't support Container nodes. CreateMode.PERSISTENT will be used instead.
2019-06-10T19:42:37.327+0000: 22.226: [GC (Allocation Failure) 2019-06-10T19:42:37.327+0000: 22.226: [DefNew: 136576K->17023K(153600K), 0.0338382 secs] 151817K->52794K(494976K), 0.0339216 secs] [Times: user=0.03 sys=0.00, real=0.04 secs] 
2019-06-10T19:42:37.658+0000: 22.557: [Full GC (Metadata GC Threshold) 2019-06-10T19:42:37.658+0000: 22.557: [Tenured: 35770K->44304K(341376K), 0.0356714 secs] 67062K->44304K(494976K), [Metaspace: 34490K->34490K(1079296K)], 0.0357509 secs] [Times: user=0.04 sys=0.00, real=0.03 secs] 
2019-06-10T19:42:42.246+0000: 27.145: [GC (Allocation Failure) 2019-06-10T19:42:42.246+0000: 27.145: [DefNew: 136576K->195K(153600K), 0.0023620 secs] 180880K->44499K(494976K), 0.0024209 secs] [Times: user=0.00 sys=0.00, real=0.00 secs] 
2019-06-10T19:42:46.489+0000: 31.388: [GC (Allocation Failure) 2019-06-10T19:42:46.489+0000: 31.388: [DefNew: 136771K->236K(153600K), 0.0022141 secs] 181075K->44541K(494976K), 0.0022751 secs] [Times: user=0.00 sys=0.00, real=0.00 secs] 
2019-06-10T19:42:50.713+0000: 35.612: [GC (Allocation Failure) 2019-06-10T19:42:50.713+0000: 35.612: [DefNew: 136812K->261K(153600K), 0.0022114 secs] 181117K->44565K(494976K), 0.0022851 secs] [Times: user=0.00 sys=0.00, real=0.00 secs] 
2019-06-10T19:42:54.962+0000: 39.861: [GC (Allocation Failure) 2019-06-10T19:42:54.962+0000: 39.861: [DefNew: 136837K->261K(153600K), 0.0021756 secs] 181141K->44565K(494976K), 0.0022346 secs] [Times: user=0.00 sys=0.00, real=0.00 secs] 
2019-06-10T19:42:59.215+0000: 44.114: [GC (Allocation Failure) 2019-06-10T19:42:59.215+0000: 44.114: [DefNew: 136837K->261K(153600K), 0.0022396 secs] 181141K->44565K(494976K), 0.0023128 secs] [Times: user=0.01 sys=0.00, real=0.01 secs] 
2019-06-10T19:43:03.485+0000: 48.384: [GC (Allocation Failure) 2019-06-10T19:43:03.485+0000: 48.384: [DefNew: 136837K->259K(153600K), 0.0021815 secs] 181141K->44563K(494976K), 0.0022429 secs] [Times: user=0.00 sys=0.00, real=0.00 secs] 
2019-06-10T19:43:07.715+0000: 52.614: [GC (Allocation Failure) 2019-06-10T19:43:07.715+0000: 52.614: [DefNew: 136835K->261K(153600K), 0.0023138 secs] 181139K->44565K(494976K), 0.0023757 secs] [Times: user=0.00 sys=0.00, real=0.01 secs] 
2019-06-10T19:43:12.018+0000: 56.917: [GC (Allocation Failure) 2019-06-10T19:43:12.018+0000: 56.917: [DefNew: 136837K->269K(153600K), 0.0022750 secs] 181141K->44574K(494976K), 0.0023355 secs] [Times: user=0.00 sys=0.00, real=0.00 secs] 
2019-06-10T19:43:16.296+0000: 61.195: [GC (Allocation Failure) 2019-06-10T19:43:16.296+0000: 61.195: [DefNew: 136845K->261K(153600K), 0.0022545 secs] 181150K->44566K(494976K), 0.0023177 secs] [Times: user=0.00 sys=0.00, real=0.01 secs] 
19:43:27.475 [Curator-PathChildrenCache-0] ERROR o.a.c.f.r.c.PathChildrenCache  - 
java.lang.IllegalStateException: instance must be started before calling this method
	at org.apache.curator.shaded.com.google.common.base.Preconditions.checkState(Preconditions.java:444)
	at org.apache.curator.framework.imps.CuratorFrameworkImpl.getChildren(CuratorFrameworkImpl.java:456)
	at org.apache.curator.framework.recipes.cache.PathChildrenCache.refresh(PathChildrenCache.java:521)
	at org.apache.curator.framework.recipes.cache.RefreshOperation.invoke(RefreshOperation.java:35)
	at org.apache.curator.framework.recipes.cache.PathChildrenCache$9.run(PathChildrenCache.java:786)
	at java.util.concurrent.Executors$RunnableAdapter.call(Executors.java:511)
	at java.util.concurrent.FutureTask.run(FutureTask.java:266)
	at java.util.concurrent.Executors$RunnableAdapter.call(Executors.java:511)
	at java.util.concurrent.FutureTask.run(FutureTask.java:266)
	at java.util.concurrent.ThreadPoolExecutor.runWorker(ThreadPoolExecutor.java:1149)
	at java.util.concurrent.ThreadPoolExecutor$Worker.run(ThreadPoolExecutor.java:624)
	at java.lang.Thread.run(Thread.java:748)
Heap
 def new generation   total 153600K, used 111870K [0x00000000e0c00000, 0x00000000eb2a0000, 0x00000000eb2a0000)
  eden space 136576K,  81% used [0x00000000e0c00000, 0x00000000e78fe1d8, 0x00000000e9160000)
  from space 17024K,   1% used [0x00000000e9160000, 0x00000000e91a17f0, 0x00000000ea200000)
  to   space 17024K,   0% used [0x00000000ea200000, 0x00000000ea200000, 0x00000000eb2a0000)
 tenured generation   total 341376K, used 44304K [0x00000000eb2a0000, 0x0000000100000000, 0x0000000100000000)
   the space 341376K,  12% used [0x00000000eb2a0000, 0x00000000edde41c0, 0x00000000edde4200, 0x0000000100000000)
 Metaspace       used 36524K, capacity 37550K, committed 37760K, reserved 1081344K
  class space    used 4916K, capacity 5131K, committed 5248K, reserved 1048576K
