15:58:14,463 |-INFO in ch.qos.logback.classic.LoggerContext[default] - Could NOT find resource [logback-test.xml]
15:58:14,463 |-INFO in ch.qos.logback.classic.LoggerContext[default] - Could NOT find resource [logback.groovy]
15:58:14,464 |-INFO in ch.qos.logback.classic.LoggerContext[default] - Found resource [logback.xml] at [jar:file:/root/flamestream/lib/flamestream-runtime-1.0-SNAPSHOT.jar!/logback.xml]
15:58:14,465 |-WARN in ch.qos.logback.classic.LoggerContext[default] - Resource [logback.xml] occurs multiple times on the classpath.
15:58:14,465 |-WARN in ch.qos.logback.classic.LoggerContext[default] - Resource [logback.xml] occurs at [jar:file:/root/flamestream/lib/flamestream-runtime-1.0-SNAPSHOT.jar!/logback.xml]
15:58:14,465 |-WARN in ch.qos.logback.classic.LoggerContext[default] - Resource [logback.xml] occurs at [jar:file:/root/flamestream/flamestream-runtime-1.0-SNAPSHOT.jar!/logback.xml]
15:58:14,484 |-INFO in ch.qos.logback.core.joran.spi.ConfigurationWatchList@3fb6a447 - URL [jar:file:/root/flamestream/lib/flamestream-runtime-1.0-SNAPSHOT.jar!/logback.xml] is not of type file
15:58:14,552 |-INFO in ch.qos.logback.classic.joran.action.ConfigurationAction - debug attribute not set
15:58:14,553 |-INFO in ch.qos.logback.core.joran.action.AppenderAction - About to instantiate appender of type [ch.qos.logback.core.ConsoleAppender]
15:58:14,569 |-INFO in ch.qos.logback.core.joran.action.AppenderAction - Naming appender as [STDOUT]
15:58:14,587 |-INFO in ch.qos.logback.core.joran.action.NestedComplexPropertyIA - Assuming default type [ch.qos.logback.classic.encoder.PatternLayoutEncoder] for [encoder] property
15:58:14,668 |-INFO in ch.qos.logback.core.joran.action.AppenderAction - About to instantiate appender of type [ch.qos.logback.core.rolling.RollingFileAppender]
15:58:14,673 |-INFO in ch.qos.logback.core.joran.action.AppenderAction - Naming appender as [FILE]
15:58:14,704 |-INFO in c.q.l.core.rolling.TimeBasedRollingPolicy@127618319 - No compression will be used
15:58:14,705 |-INFO in c.q.l.core.rolling.TimeBasedRollingPolicy@127618319 - Will use the pattern /tmp/application_%d{yyyy-MM-dd}.%i.log for the active file
15:58:14,708 |-INFO in ch.qos.logback.core.rolling.SizeAndTimeBasedFNATP@6b2fad11 - The date pattern is 'yyyy-MM-dd' from file name pattern '/tmp/application_%d{yyyy-MM-dd}.%i.log'.
15:58:14,708 |-INFO in ch.qos.logback.core.rolling.SizeAndTimeBasedFNATP@6b2fad11 - Roll-over at midnight.
15:58:14,713 |-INFO in ch.qos.logback.core.rolling.SizeAndTimeBasedFNATP@6b2fad11 - Setting initial period to Mon Jun 10 15:56:53 UTC 2019
15:58:14,713 |-WARN in ch.qos.logback.core.rolling.SizeAndTimeBasedFNATP@6b2fad11 - SizeAndTimeBasedFNATP is deprecated. Use SizeAndTimeBasedRollingPolicy instead
15:58:14,713 |-WARN in ch.qos.logback.core.rolling.SizeAndTimeBasedFNATP@6b2fad11 - For more information see http://logback.qos.ch/manual/appenders.html#SizeAndTimeBasedRollingPolicy
15:58:14,717 |-INFO in ch.qos.logback.core.joran.action.NestedComplexPropertyIA - Assuming default type [ch.qos.logback.classic.encoder.PatternLayoutEncoder] for [encoder] property
15:58:14,722 |-INFO in ch.qos.logback.core.rolling.RollingFileAppender[FILE] - Active log file name: /tmp/application.log
15:58:14,722 |-INFO in ch.qos.logback.core.rolling.RollingFileAppender[FILE] - File property is set to [/tmp/application.log]
15:58:14,723 |-INFO in ch.qos.logback.classic.joran.action.RootLoggerAction - Setting level of ROOT logger to WARN
15:58:14,723 |-INFO in ch.qos.logback.core.joran.action.AppenderRefAction - Attaching appender named [STDOUT] to Logger[ROOT]
15:58:14,725 |-INFO in ch.qos.logback.core.joran.action.AppenderRefAction - Attaching appender named [FILE] to Logger[ROOT]
15:58:14,725 |-INFO in ch.qos.logback.classic.joran.action.ConfigurationAction - End of configuration.
15:58:14,725 |-INFO in ch.qos.logback.classic.joran.JoranConfigurator@79698539 - Registering current configuration as safe fallback point

Ama winner
Ama winner
2019-06-10T15:58:16.014+0000: 1.736: [Full GC (Metadata GC Threshold) 2019-06-10T15:58:16.014+0000: 1.736: [Tenured: 0K->15241K(341376K), 0.0399936 secs] 117751K->15241K(494976K), [Metaspace: 20732K->20732K(1067008K)], 0.0400608 secs] [Times: user=0.03 sys=0.01, real=0.04 secs] 
15:58:31.247 [Curator-PathChildrenCache-1] WARN  o.a.c.u.ZKPaths  - The version of ZooKeeper being used doesn't support Container nodes. CreateMode.PERSISTENT will be used instead.
2019-06-10T15:58:33.483+0000: 19.205: [GC (Allocation Failure) 2019-06-10T15:58:33.484+0000: 19.205: [DefNew: 136576K->17024K(153600K), 0.0254285 secs] 151817K->52756K(494976K), 0.0255138 secs] [Times: user=0.02 sys=0.00, real=0.03 secs] 
2019-06-10T15:58:35.670+0000: 21.392: [Full GC (Metadata GC Threshold) 2019-06-10T15:58:35.670+0000: 21.392: [Tenured: 35732K->44480K(341376K), 0.0768155 secs] 93655K->44480K(494976K), [Metaspace: 34588K->34588K(1079296K)], 0.0769029 secs] [Times: user=0.07 sys=0.01, real=0.08 secs] 
2019-06-10T15:58:42.464+0000: 28.186: [GC (Allocation Failure) 2019-06-10T15:58:42.464+0000: 28.186: [DefNew: 136576K->96K(153600K), 0.0018290 secs] 181056K->44576K(494976K), 0.0018887 secs] [Times: user=0.01 sys=0.00, real=0.01 secs] 
2019-06-10T15:58:49.240+0000: 34.961: [GC (Allocation Failure) 2019-06-10T15:58:49.240+0000: 34.961: [DefNew: 136672K->129K(153600K), 0.0017641 secs] 181152K->44609K(494976K), 0.0018262 secs] [Times: user=0.00 sys=0.00, real=0.00 secs] 
2019-06-10T15:58:56.102+0000: 41.823: [GC (Allocation Failure) 2019-06-10T15:58:56.102+0000: 41.823: [DefNew: 136705K->162K(153600K), 0.0018082 secs] 181185K->44643K(494976K), 0.0018747 secs] [Times: user=0.00 sys=0.00, real=0.00 secs] 
2019-06-10T15:59:03.038+0000: 48.760: [GC (Allocation Failure) 2019-06-10T15:59:03.038+0000: 48.760: [DefNew: 136738K->197K(153600K), 0.0018832 secs] 181219K->44677K(494976K), 0.0019441 secs] [Times: user=0.00 sys=0.00, real=0.00 secs] 
2019-06-10T15:59:09.994+0000: 55.716: [GC (Allocation Failure) 2019-06-10T15:59:09.994+0000: 55.716: [DefNew: 136773K->200K(153600K), 0.0018237 secs] 181253K->44680K(494976K), 0.0018940 secs] [Times: user=0.00 sys=0.00, real=0.01 secs] 
15:59:17.531 [Curator-PathChildrenCache-0] ERROR o.a.c.f.r.c.PathChildrenCache  - 
java.lang.IllegalStateException: instance must be started before calling this method
	at org.apache.curator.shaded.com.google.common.base.Preconditions.checkState(Preconditions.java:444)
	at org.apache.curator.framework.imps.CuratorFrameworkImpl.getChildren(CuratorFrameworkImpl.java:456)
	at org.apache.curator.framework.recipes.cache.PathChildrenCache.refresh(PathChildrenCache.java:521)
	at org.apache.curator.framework.recipes.cache.RefreshOperation.invoke(RefreshOperation.java:35)
	at org.apache.curator.framework.recipes.cache.PathChildrenCache$9.run(PathChildrenCache.java:786)
	at java.util.concurrent.Executors$RunnableAdapter.call(Executors.java:511)
	at java.util.concurrent.FutureTask.run(FutureTask.java:266)
	at java.util.concurrent.Executors$RunnableAdapter.call(Executors.java:511)
	at java.util.concurrent.FutureTask.run(FutureTask.java:266)
	at java.util.concurrent.ThreadPoolExecutor.runWorker(ThreadPoolExecutor.java:1149)
	at java.util.concurrent.ThreadPoolExecutor$Worker.run(ThreadPoolExecutor.java:624)
	at java.lang.Thread.run(Thread.java:748)
Heap
 def new generation   total 153600K, used 66502K [0x00000000e0c00000, 0x00000000eb2a0000, 0x00000000eb2a0000)
  eden space 136576K,  48% used [0x00000000e0c00000, 0x00000000e4cbf738, 0x00000000e9160000)
  from space 17024K,   1% used [0x00000000e9160000, 0x00000000e91922d0, 0x00000000ea200000)
  to   space 17024K,   0% used [0x00000000ea200000, 0x00000000ea200000, 0x00000000eb2a0000)
 tenured generation   total 341376K, used 44480K [0x00000000eb2a0000, 0x0000000100000000, 0x0000000100000000)
   the space 341376K,  13% used [0x00000000eb2a0000, 0x00000000ede100e8, 0x00000000ede10200, 0x0000000100000000)
 Metaspace       used 36087K, capacity 36986K, committed 37120K, reserved 1081344K
  class space    used 4854K, capacity 5073K, committed 5120K, reserved 1048576K
