20:17:24,615 |-INFO in ch.qos.logback.classic.LoggerContext[default] - Could NOT find resource [logback-test.xml]
20:17:24,615 |-INFO in ch.qos.logback.classic.LoggerContext[default] - Could NOT find resource [logback.groovy]
20:17:24,615 |-INFO in ch.qos.logback.classic.LoggerContext[default] - Found resource [logback.xml] at [jar:file:/root/flamestream/lib/flamestream-runtime-1.0-SNAPSHOT.jar!/logback.xml]
20:17:24,616 |-WARN in ch.qos.logback.classic.LoggerContext[default] - Resource [logback.xml] occurs multiple times on the classpath.
20:17:24,616 |-WARN in ch.qos.logback.classic.LoggerContext[default] - Resource [logback.xml] occurs at [jar:file:/root/flamestream/lib/flamestream-runtime-1.0-SNAPSHOT.jar!/logback.xml]
20:17:24,616 |-WARN in ch.qos.logback.classic.LoggerContext[default] - Resource [logback.xml] occurs at [jar:file:/root/flamestream/flamestream-runtime-1.0-SNAPSHOT.jar!/logback.xml]
20:17:24,639 |-INFO in ch.qos.logback.core.joran.spi.ConfigurationWatchList@3fb6a447 - URL [jar:file:/root/flamestream/lib/flamestream-runtime-1.0-SNAPSHOT.jar!/logback.xml] is not of type file
20:17:24,713 |-INFO in ch.qos.logback.classic.joran.action.ConfigurationAction - debug attribute not set
20:17:24,713 |-INFO in ch.qos.logback.core.joran.action.AppenderAction - About to instantiate appender of type [ch.qos.logback.core.ConsoleAppender]
20:17:24,728 |-INFO in ch.qos.logback.core.joran.action.AppenderAction - Naming appender as [STDOUT]
20:17:24,746 |-INFO in ch.qos.logback.core.joran.action.NestedComplexPropertyIA - Assuming default type [ch.qos.logback.classic.encoder.PatternLayoutEncoder] for [encoder] property
20:17:24,826 |-INFO in ch.qos.logback.core.joran.action.AppenderAction - About to instantiate appender of type [ch.qos.logback.core.rolling.RollingFileAppender]
20:17:24,831 |-INFO in ch.qos.logback.core.joran.action.AppenderAction - Naming appender as [FILE]
20:17:24,863 |-INFO in c.q.l.core.rolling.TimeBasedRollingPolicy@127618319 - No compression will be used
20:17:24,864 |-INFO in c.q.l.core.rolling.TimeBasedRollingPolicy@127618319 - Will use the pattern /tmp/application_%d{yyyy-MM-dd}.%i.log for the active file
20:17:24,867 |-INFO in ch.qos.logback.core.rolling.SizeAndTimeBasedFNATP@6b2fad11 - The date pattern is 'yyyy-MM-dd' from file name pattern '/tmp/application_%d{yyyy-MM-dd}.%i.log'.
20:17:24,867 |-INFO in ch.qos.logback.core.rolling.SizeAndTimeBasedFNATP@6b2fad11 - Roll-over at midnight.
20:17:24,872 |-INFO in ch.qos.logback.core.rolling.SizeAndTimeBasedFNATP@6b2fad11 - Setting initial period to Mon Jun 10 20:15:57 UTC 2019
20:17:24,872 |-WARN in ch.qos.logback.core.rolling.SizeAndTimeBasedFNATP@6b2fad11 - SizeAndTimeBasedFNATP is deprecated. Use SizeAndTimeBasedRollingPolicy instead
20:17:24,872 |-WARN in ch.qos.logback.core.rolling.SizeAndTimeBasedFNATP@6b2fad11 - For more information see http://logback.qos.ch/manual/appenders.html#SizeAndTimeBasedRollingPolicy
20:17:24,876 |-INFO in ch.qos.logback.core.joran.action.NestedComplexPropertyIA - Assuming default type [ch.qos.logback.classic.encoder.PatternLayoutEncoder] for [encoder] property
20:17:24,881 |-INFO in ch.qos.logback.core.rolling.RollingFileAppender[FILE] - Active log file name: /tmp/application.log
20:17:24,881 |-INFO in ch.qos.logback.core.rolling.RollingFileAppender[FILE] - File property is set to [/tmp/application.log]
20:17:24,882 |-INFO in ch.qos.logback.classic.joran.action.RootLoggerAction - Setting level of ROOT logger to WARN
20:17:24,882 |-INFO in ch.qos.logback.core.joran.action.AppenderRefAction - Attaching appender named [STDOUT] to Logger[ROOT]
20:17:24,884 |-INFO in ch.qos.logback.core.joran.action.AppenderRefAction - Attaching appender named [FILE] to Logger[ROOT]
20:17:24,884 |-INFO in ch.qos.logback.classic.joran.action.ConfigurationAction - End of configuration.
20:17:24,885 |-INFO in ch.qos.logback.classic.joran.JoranConfigurator@79698539 - Registering current configuration as safe fallback point

Ama winner
Ama winner
2019-06-10T20:17:26.163+0000: 1.731: [Full GC (Metadata GC Threshold) 2019-06-10T20:17:26.163+0000: 1.731: [Tenured: 0K->15241K(341376K), 0.0352922 secs] 117751K->15241K(494976K), [Metaspace: 20730K->20730K(1067008K)], 0.0353587 secs] [Times: user=0.04 sys=0.00, real=0.04 secs] 
20:17:43.800 [Curator-PathChildrenCache-2] WARN  o.a.c.u.ZKPaths  - The version of ZooKeeper being used doesn't support Container nodes. CreateMode.PERSISTENT will be used instead.
2019-06-10T20:17:46.024+0000: 21.591: [GC (Allocation Failure) 2019-06-10T20:17:46.024+0000: 21.591: [DefNew: 136576K->17024K(153600K), 0.0253008 secs] 151817K->52912K(494976K), 0.0253652 secs] [Times: user=0.02 sys=0.01, real=0.03 secs] 
2019-06-10T20:17:46.328+0000: 21.895: [Full GC (Metadata GC Threshold) 2019-06-10T20:17:46.328+0000: 21.895: [Tenured: 35888K->44533K(341376K), 0.0335908 secs] 71255K->44533K(494976K), [Metaspace: 34565K->34565K(1079296K)], 0.0336603 secs] [Times: user=0.03 sys=0.01, real=0.04 secs] 
2019-06-10T20:17:50.427+0000: 25.994: [GC (Allocation Failure) 2019-06-10T20:17:50.427+0000: 25.994: [DefNew: 136576K->182K(153600K), 0.0022669 secs] 181109K->44715K(494976K), 0.0023430 secs] [Times: user=0.00 sys=0.00, real=0.01 secs] 
2019-06-10T20:17:54.419+0000: 29.987: [GC (Allocation Failure) 2019-06-10T20:17:54.419+0000: 29.987: [DefNew: 136758K->228K(153600K), 0.0020808 secs] 181291K->44761K(494976K), 0.0021538 secs] [Times: user=0.00 sys=0.00, real=0.00 secs] 
2019-06-10T20:17:58.438+0000: 34.006: [GC (Allocation Failure) 2019-06-10T20:17:58.438+0000: 34.006: [DefNew: 136804K->225K(153600K), 0.0022157 secs] 181337K->44758K(494976K), 0.0022769 secs] [Times: user=0.00 sys=0.00, real=0.00 secs] 
2019-06-10T20:18:02.438+0000: 38.006: [GC (Allocation Failure) 2019-06-10T20:18:02.438+0000: 38.006: [DefNew: 136801K->225K(153600K), 0.0021870 secs] 181334K->44758K(494976K), 0.0022471 secs] [Times: user=0.00 sys=0.00, real=0.00 secs] 
2019-06-10T20:18:06.475+0000: 42.042: [GC (Allocation Failure) 2019-06-10T20:18:06.475+0000: 42.042: [DefNew: 136801K->220K(153600K), 0.0021991 secs] 181334K->44753K(494976K), 0.0022610 secs] [Times: user=0.00 sys=0.00, real=0.01 secs] 
2019-06-10T20:18:10.479+0000: 46.047: [GC (Allocation Failure) 2019-06-10T20:18:10.479+0000: 46.047: [DefNew: 136796K->226K(153600K), 0.0022443 secs] 181329K->44759K(494976K), 0.0023066 secs] [Times: user=0.00 sys=0.00, real=0.00 secs] 
2019-06-10T20:18:14.538+0000: 50.106: [GC (Allocation Failure) 2019-06-10T20:18:14.538+0000: 50.106: [DefNew: 136802K->226K(153600K), 0.0020927 secs] 181335K->44759K(494976K), 0.0021517 secs] [Times: user=0.01 sys=0.00, real=0.00 secs] 
2019-06-10T20:18:18.558+0000: 54.126: [GC (Allocation Failure) 2019-06-10T20:18:18.558+0000: 54.126: [DefNew: 136802K->222K(153600K), 0.0021001 secs] 181335K->44755K(494976K), 0.0021612 secs] [Times: user=0.00 sys=0.00, real=0.00 secs] 
2019-06-10T20:18:22.568+0000: 58.136: [GC (Allocation Failure) 2019-06-10T20:18:22.568+0000: 58.136: [DefNew: 136798K->226K(153600K), 0.0021668 secs] 181331K->44759K(494976K), 0.0022266 secs] [Times: user=0.01 sys=0.00, real=0.01 secs] 
20:18:29.891 [Curator-PathChildrenCache-0] ERROR o.a.c.f.r.c.PathChildrenCache  - 
java.lang.IllegalStateException: instance must be started before calling this method
	at org.apache.curator.shaded.com.google.common.base.Preconditions.checkState(Preconditions.java:444)
	at org.apache.curator.framework.imps.CuratorFrameworkImpl.getChildren(CuratorFrameworkImpl.java:456)
	at org.apache.curator.framework.recipes.cache.PathChildrenCache.refresh(PathChildrenCache.java:521)
	at org.apache.curator.framework.recipes.cache.RefreshOperation.invoke(RefreshOperation.java:35)
	at org.apache.curator.framework.recipes.cache.PathChildrenCache$9.run(PathChildrenCache.java:786)
	at java.util.concurrent.Executors$RunnableAdapter.call(Executors.java:511)
	at java.util.concurrent.FutureTask.run(FutureTask.java:266)
	at java.util.concurrent.Executors$RunnableAdapter.call(Executors.java:511)
	at java.util.concurrent.FutureTask.run(FutureTask.java:266)
	at java.util.concurrent.ThreadPoolExecutor.runWorker(ThreadPoolExecutor.java:1149)
	at java.util.concurrent.ThreadPoolExecutor$Worker.run(ThreadPoolExecutor.java:624)
	at java.lang.Thread.run(Thread.java:748)
Heap
 def new generation   total 153600K, used 60573K [0x00000000e0c00000, 0x00000000eb2a0000, 0x00000000eb2a0000)
  eden space 136576K,  44% used [0x00000000e0c00000, 0x00000000e46eee40, 0x00000000e9160000)
  from space 17024K,   1% used [0x00000000e9160000, 0x00000000e91989a0, 0x00000000ea200000)
  to   space 17024K,   0% used [0x00000000ea200000, 0x00000000ea200000, 0x00000000eb2a0000)
 tenured generation   total 341376K, used 44533K [0x00000000eb2a0000, 0x0000000100000000, 0x0000000100000000)
   the space 341376K,  13% used [0x00000000eb2a0000, 0x00000000ede1d480, 0x00000000ede1d600, 0x0000000100000000)
 Metaspace       used 36422K, capacity 37430K, committed 37760K, reserved 1081344K
  class space    used 4920K, capacity 5143K, committed 5248K, reserved 1048576K
