15:10:49,719 |-INFO in ch.qos.logback.classic.LoggerContext[default] - Could NOT find resource [logback-test.xml]
15:10:49,719 |-INFO in ch.qos.logback.classic.LoggerContext[default] - Could NOT find resource [logback.groovy]
15:10:49,720 |-INFO in ch.qos.logback.classic.LoggerContext[default] - Found resource [logback.xml] at [jar:file:/root/flamestream/lib/flamestream-runtime-1.0-SNAPSHOT.jar!/logback.xml]
15:10:49,721 |-WARN in ch.qos.logback.classic.LoggerContext[default] - Resource [logback.xml] occurs multiple times on the classpath.
15:10:49,721 |-WARN in ch.qos.logback.classic.LoggerContext[default] - Resource [logback.xml] occurs at [jar:file:/root/flamestream/lib/flamestream-runtime-1.0-SNAPSHOT.jar!/logback.xml]
15:10:49,721 |-WARN in ch.qos.logback.classic.LoggerContext[default] - Resource [logback.xml] occurs at [jar:file:/root/flamestream/flamestream-runtime-1.0-SNAPSHOT.jar!/logback.xml]
15:10:49,740 |-INFO in ch.qos.logback.core.joran.spi.ConfigurationWatchList@3fb6a447 - URL [jar:file:/root/flamestream/lib/flamestream-runtime-1.0-SNAPSHOT.jar!/logback.xml] is not of type file
15:10:49,811 |-INFO in ch.qos.logback.classic.joran.action.ConfigurationAction - debug attribute not set
15:10:49,811 |-INFO in ch.qos.logback.core.joran.action.AppenderAction - About to instantiate appender of type [ch.qos.logback.core.ConsoleAppender]
15:10:49,831 |-INFO in ch.qos.logback.core.joran.action.AppenderAction - Naming appender as [STDOUT]
15:10:49,845 |-INFO in ch.qos.logback.core.joran.action.NestedComplexPropertyIA - Assuming default type [ch.qos.logback.classic.encoder.PatternLayoutEncoder] for [encoder] property
15:10:49,931 |-INFO in ch.qos.logback.core.joran.action.AppenderAction - About to instantiate appender of type [ch.qos.logback.core.rolling.RollingFileAppender]
15:10:49,936 |-INFO in ch.qos.logback.core.joran.action.AppenderAction - Naming appender as [FILE]
15:10:49,966 |-INFO in c.q.l.core.rolling.TimeBasedRollingPolicy@127618319 - No compression will be used
15:10:49,967 |-INFO in c.q.l.core.rolling.TimeBasedRollingPolicy@127618319 - Will use the pattern /tmp/application_%d{yyyy-MM-dd}.%i.log for the active file
15:10:49,970 |-INFO in ch.qos.logback.core.rolling.SizeAndTimeBasedFNATP@6b2fad11 - The date pattern is 'yyyy-MM-dd' from file name pattern '/tmp/application_%d{yyyy-MM-dd}.%i.log'.
15:10:49,970 |-INFO in ch.qos.logback.core.rolling.SizeAndTimeBasedFNATP@6b2fad11 - Roll-over at midnight.
15:10:49,975 |-INFO in ch.qos.logback.core.rolling.SizeAndTimeBasedFNATP@6b2fad11 - Setting initial period to Mon Jun 10 15:09:32 UTC 2019
15:10:49,975 |-WARN in ch.qos.logback.core.rolling.SizeAndTimeBasedFNATP@6b2fad11 - SizeAndTimeBasedFNATP is deprecated. Use SizeAndTimeBasedRollingPolicy instead
15:10:49,975 |-WARN in ch.qos.logback.core.rolling.SizeAndTimeBasedFNATP@6b2fad11 - For more information see http://logback.qos.ch/manual/appenders.html#SizeAndTimeBasedRollingPolicy
15:10:49,979 |-INFO in ch.qos.logback.core.joran.action.NestedComplexPropertyIA - Assuming default type [ch.qos.logback.classic.encoder.PatternLayoutEncoder] for [encoder] property
15:10:49,984 |-INFO in ch.qos.logback.core.rolling.RollingFileAppender[FILE] - Active log file name: /tmp/application.log
15:10:49,984 |-INFO in ch.qos.logback.core.rolling.RollingFileAppender[FILE] - File property is set to [/tmp/application.log]
15:10:49,985 |-INFO in ch.qos.logback.classic.joran.action.RootLoggerAction - Setting level of ROOT logger to WARN
15:10:49,985 |-INFO in ch.qos.logback.core.joran.action.AppenderRefAction - Attaching appender named [STDOUT] to Logger[ROOT]
15:10:49,987 |-INFO in ch.qos.logback.core.joran.action.AppenderRefAction - Attaching appender named [FILE] to Logger[ROOT]
15:10:49,987 |-INFO in ch.qos.logback.classic.joran.action.ConfigurationAction - End of configuration.
15:10:49,988 |-INFO in ch.qos.logback.classic.joran.JoranConfigurator@79698539 - Registering current configuration as safe fallback point

Ama winner
Ama winner
2019-06-10T15:10:51.286+0000: 1.753: [Full GC (Metadata GC Threshold) 2019-06-10T15:10:51.286+0000: 1.753: [Tenured: 0K->15146K(341376K), 0.0393609 secs] 114987K->15146K(494976K), [Metaspace: 20737K->20737K(1067008K)], 0.0394278 secs] [Times: user=0.04 sys=0.01, real=0.04 secs] 
15:11:08.948 [Curator-PathChildrenCache-1] WARN  o.a.c.u.ZKPaths  - The version of ZooKeeper being used doesn't support Container nodes. CreateMode.PERSISTENT will be used instead.
2019-06-10T15:11:11.004+0000: 21.470: [GC (Allocation Failure) 2019-06-10T15:11:11.004+0000: 21.470: [DefNew: 118889K->17023K(153600K), 0.0176301 secs] 134036K->32734K(494976K), 0.0176972 secs] [Times: user=0.01 sys=0.00, real=0.02 secs] 
2019-06-10T15:11:12.527+0000: 22.993: [Full GC (Metadata GC Threshold) 2019-06-10T15:11:12.527+0000: 22.993: [Tenured: 15710K->44121K(341376K), 0.0505850 secs] 85870K->44121K(494976K), [Metaspace: 34606K->34606K(1079296K)], 0.0506653 secs] [Times: user=0.04 sys=0.01, real=0.05 secs] 
2019-06-10T15:11:18.473+0000: 28.939: [GC (Allocation Failure) 2019-06-10T15:11:18.473+0000: 28.939: [DefNew: 136576K->69K(153600K), 0.0019106 secs] 180697K->44190K(494976K), 0.0019804 secs] [Times: user=0.00 sys=0.00, real=0.00 secs] 
2019-06-10T15:11:24.289+0000: 34.755: [GC (Allocation Failure) 2019-06-10T15:11:24.289+0000: 34.755: [DefNew: 136645K->72K(153600K), 0.0018452 secs] 180766K->44194K(494976K), 0.0019273 secs] [Times: user=0.00 sys=0.00, real=0.01 secs] 
2019-06-10T15:11:30.164+0000: 40.630: [GC (Allocation Failure) 2019-06-10T15:11:30.164+0000: 40.630: [DefNew: 136648K->74K(153600K), 0.0017801 secs] 180770K->44195K(494976K), 0.0018483 secs] [Times: user=0.00 sys=0.00, real=0.00 secs] 
2019-06-10T15:11:35.976+0000: 46.442: [GC (Allocation Failure) 2019-06-10T15:11:35.976+0000: 46.442: [DefNew: 136650K->73K(153600K), 0.0018358 secs] 180771K->44194K(494976K), 0.0018976 secs] [Times: user=0.00 sys=0.00, real=0.00 secs] 
2019-06-10T15:11:47.259+0000: 57.725: [GC (Allocation Failure) 2019-06-10T15:11:47.259+0000: 57.725: [DefNew: 136649K->252K(153600K), 0.0025798 secs] 180770K->44373K(494976K), 0.0026343 secs] [Times: user=0.01 sys=0.00, real=0.00 secs] 
15:11:47.368 [Curator-PathChildrenCache-0] ERROR o.a.c.f.r.c.PathChildrenCache  - 
java.lang.IllegalStateException: instance must be started before calling this method
	at org.apache.curator.shaded.com.google.common.base.Preconditions.checkState(Preconditions.java:444)
	at org.apache.curator.framework.imps.CuratorFrameworkImpl.getChildren(CuratorFrameworkImpl.java:456)
	at org.apache.curator.framework.recipes.cache.PathChildrenCache.refresh(PathChildrenCache.java:521)
	at org.apache.curator.framework.recipes.cache.RefreshOperation.invoke(RefreshOperation.java:35)
	at org.apache.curator.framework.recipes.cache.PathChildrenCache$9.run(PathChildrenCache.java:786)
	at java.util.concurrent.Executors$RunnableAdapter.call(Executors.java:511)
	at java.util.concurrent.FutureTask.run(FutureTask.java:266)
	at java.util.concurrent.Executors$RunnableAdapter.call(Executors.java:511)
	at java.util.concurrent.FutureTask.run(FutureTask.java:266)
	at java.util.concurrent.ThreadPoolExecutor.runWorker(ThreadPoolExecutor.java:1149)
	at java.util.concurrent.ThreadPoolExecutor$Worker.run(ThreadPoolExecutor.java:624)
	at java.lang.Thread.run(Thread.java:748)
Heap
 def new generation   total 153600K, used 23277K [0x00000000e0c00000, 0x00000000eb2a0000, 0x00000000eb2a0000)
  eden space 136576K,  16% used [0x00000000e0c00000, 0x00000000e227c420, 0x00000000e9160000)
  from space 17024K,   1% used [0x00000000e9160000, 0x00000000e919f128, 0x00000000ea200000)
  to   space 17024K,   0% used [0x00000000ea200000, 0x00000000ea200000, 0x00000000eb2a0000)
 tenured generation   total 341376K, used 44121K [0x00000000eb2a0000, 0x0000000100000000, 0x0000000100000000)
   the space 341376K,  12% used [0x00000000eb2a0000, 0x00000000eddb65e0, 0x00000000eddb6600, 0x0000000100000000)
 Metaspace       used 35897K, capacity 36774K, committed 37120K, reserved 1081344K
  class space    used 4827K, capacity 5043K, committed 5120K, reserved 1048576K
