17:51:55,209 |-INFO in ch.qos.logback.classic.LoggerContext[default] - Could NOT find resource [logback-test.xml]
17:51:55,209 |-INFO in ch.qos.logback.classic.LoggerContext[default] - Could NOT find resource [logback.groovy]
17:51:55,209 |-INFO in ch.qos.logback.classic.LoggerContext[default] - Found resource [logback.xml] at [jar:file:/root/flamestream/lib/flamestream-runtime-1.0-SNAPSHOT.jar!/logback.xml]
17:51:55,210 |-WARN in ch.qos.logback.classic.LoggerContext[default] - Resource [logback.xml] occurs multiple times on the classpath.
17:51:55,211 |-WARN in ch.qos.logback.classic.LoggerContext[default] - Resource [logback.xml] occurs at [jar:file:/root/flamestream/lib/flamestream-runtime-1.0-SNAPSHOT.jar!/logback.xml]
17:51:55,211 |-WARN in ch.qos.logback.classic.LoggerContext[default] - Resource [logback.xml] occurs at [jar:file:/root/flamestream/flamestream-runtime-1.0-SNAPSHOT.jar!/logback.xml]
17:51:55,232 |-INFO in ch.qos.logback.core.joran.spi.ConfigurationWatchList@3fb6a447 - URL [jar:file:/root/flamestream/lib/flamestream-runtime-1.0-SNAPSHOT.jar!/logback.xml] is not of type file
17:51:55,306 |-INFO in ch.qos.logback.classic.joran.action.ConfigurationAction - debug attribute not set
17:51:55,307 |-INFO in ch.qos.logback.core.joran.action.AppenderAction - About to instantiate appender of type [ch.qos.logback.core.ConsoleAppender]
17:51:55,321 |-INFO in ch.qos.logback.core.joran.action.AppenderAction - Naming appender as [STDOUT]
17:51:55,338 |-INFO in ch.qos.logback.core.joran.action.NestedComplexPropertyIA - Assuming default type [ch.qos.logback.classic.encoder.PatternLayoutEncoder] for [encoder] property
17:51:55,423 |-INFO in ch.qos.logback.core.joran.action.AppenderAction - About to instantiate appender of type [ch.qos.logback.core.rolling.RollingFileAppender]
17:51:55,428 |-INFO in ch.qos.logback.core.joran.action.AppenderAction - Naming appender as [FILE]
17:51:55,460 |-INFO in c.q.l.core.rolling.TimeBasedRollingPolicy@127618319 - No compression will be used
17:51:55,462 |-INFO in c.q.l.core.rolling.TimeBasedRollingPolicy@127618319 - Will use the pattern /tmp/application_%d{yyyy-MM-dd}.%i.log for the active file
17:51:55,465 |-INFO in ch.qos.logback.core.rolling.SizeAndTimeBasedFNATP@6b2fad11 - The date pattern is 'yyyy-MM-dd' from file name pattern '/tmp/application_%d{yyyy-MM-dd}.%i.log'.
17:51:55,465 |-INFO in ch.qos.logback.core.rolling.SizeAndTimeBasedFNATP@6b2fad11 - Roll-over at midnight.
17:51:55,470 |-INFO in ch.qos.logback.core.rolling.SizeAndTimeBasedFNATP@6b2fad11 - Setting initial period to Mon Jun 10 17:50:44 UTC 2019
17:51:55,470 |-WARN in ch.qos.logback.core.rolling.SizeAndTimeBasedFNATP@6b2fad11 - SizeAndTimeBasedFNATP is deprecated. Use SizeAndTimeBasedRollingPolicy instead
17:51:55,470 |-WARN in ch.qos.logback.core.rolling.SizeAndTimeBasedFNATP@6b2fad11 - For more information see http://logback.qos.ch/manual/appenders.html#SizeAndTimeBasedRollingPolicy
17:51:55,474 |-INFO in ch.qos.logback.core.joran.action.NestedComplexPropertyIA - Assuming default type [ch.qos.logback.classic.encoder.PatternLayoutEncoder] for [encoder] property
17:51:55,479 |-INFO in ch.qos.logback.core.rolling.RollingFileAppender[FILE] - Active log file name: /tmp/application.log
17:51:55,479 |-INFO in ch.qos.logback.core.rolling.RollingFileAppender[FILE] - File property is set to [/tmp/application.log]
17:51:55,480 |-INFO in ch.qos.logback.classic.joran.action.RootLoggerAction - Setting level of ROOT logger to WARN
17:51:55,480 |-INFO in ch.qos.logback.core.joran.action.AppenderRefAction - Attaching appender named [STDOUT] to Logger[ROOT]
17:51:55,482 |-INFO in ch.qos.logback.core.joran.action.AppenderRefAction - Attaching appender named [FILE] to Logger[ROOT]
17:51:55,482 |-INFO in ch.qos.logback.classic.joran.action.ConfigurationAction - End of configuration.
17:51:55,483 |-INFO in ch.qos.logback.classic.joran.JoranConfigurator@79698539 - Registering current configuration as safe fallback point

Ama winner
Ama winner
2019-06-10T17:51:56.762+0000: 1.737: [Full GC (Metadata GC Threshold) 2019-06-10T17:51:56.762+0000: 1.737: [Tenured: 0K->15240K(341376K), 0.0395739 secs] 114988K->15240K(494976K), [Metaspace: 20734K->20734K(1067008K)], 0.0396373 secs] [Times: user=0.04 sys=0.00, real=0.03 secs] 
17:52:13.829 [Curator-PathChildrenCache-1] WARN  o.a.c.u.ZKPaths  - The version of ZooKeeper being used doesn't support Container nodes. CreateMode.PERSISTENT will be used instead.
2019-06-10T17:52:15.978+0000: 20.953: [GC (Allocation Failure) 2019-06-10T17:52:15.978+0000: 20.953: [DefNew: 136576K->17024K(153600K), 0.0270786 secs] 151816K->52828K(494976K), 0.0271623 secs] [Times: user=0.01 sys=0.02, real=0.03 secs] 
2019-06-10T17:52:18.546+0000: 23.520: [Full GC (Metadata GC Threshold) 2019-06-10T17:52:18.546+0000: 23.521: [Tenured: 35804K->44619K(341376K), 0.0440509 secs] 103278K->44619K(494976K), [Metaspace: 34602K->34602K(1079296K)], 0.0441319 secs] [Times: user=0.04 sys=0.00, real=0.04 secs] 
2019-06-10T17:52:24.989+0000: 29.963: [GC (Allocation Failure) 2019-06-10T17:52:24.989+0000: 29.963: [DefNew: 136576K->94K(153600K), 0.0018444 secs] 181195K->44714K(494976K), 0.0019022 secs] [Times: user=0.00 sys=0.00, real=0.01 secs] 
2019-06-10T17:52:31.356+0000: 36.331: [GC (Allocation Failure) 2019-06-10T17:52:31.356+0000: 36.331: [DefNew: 136670K->97K(153600K), 0.0016809 secs] 181290K->44717K(494976K), 0.0017411 secs] [Times: user=0.01 sys=0.00, real=0.00 secs] 
2019-06-10T17:52:37.774+0000: 42.749: [GC (Allocation Failure) 2019-06-10T17:52:37.774+0000: 42.749: [DefNew: 136673K->94K(153600K), 0.0015974 secs] 181293K->44713K(494976K), 0.0016576 secs] [Times: user=0.00 sys=0.00, real=0.00 secs] 
2019-06-10T17:52:44.274+0000: 49.249: [GC (Allocation Failure) 2019-06-10T17:52:44.274+0000: 49.249: [DefNew: 136670K->128K(153600K), 0.0017088 secs] 181289K->44747K(494976K), 0.0017687 secs] [Times: user=0.00 sys=0.00, real=0.00 secs] 
2019-06-10T17:52:55.169+0000: 60.144: [GC (Allocation Failure) 2019-06-10T17:52:55.169+0000: 60.144: [DefNew: 136704K->346K(153600K), 0.0026648 secs] 181323K->44965K(494976K), 0.0027188 secs] [Times: user=0.00 sys=0.00, real=0.01 secs] 
17:52:55.215 [Curator-PathChildrenCache-0] ERROR o.a.c.f.r.c.PathChildrenCache  - 
java.lang.IllegalStateException: instance must be started before calling this method
	at org.apache.curator.shaded.com.google.common.base.Preconditions.checkState(Preconditions.java:444)
	at org.apache.curator.framework.imps.CuratorFrameworkImpl.getChildren(CuratorFrameworkImpl.java:456)
	at org.apache.curator.framework.recipes.cache.PathChildrenCache.refresh(PathChildrenCache.java:521)
	at org.apache.curator.framework.recipes.cache.RefreshOperation.invoke(RefreshOperation.java:35)
	at org.apache.curator.framework.recipes.cache.PathChildrenCache$9.run(PathChildrenCache.java:786)
	at java.util.concurrent.Executors$RunnableAdapter.call(Executors.java:511)
	at java.util.concurrent.FutureTask.run(FutureTask.java:266)
	at java.util.concurrent.Executors$RunnableAdapter.call(Executors.java:511)
	at java.util.concurrent.FutureTask.run(FutureTask.java:266)
	at java.util.concurrent.ThreadPoolExecutor.runWorker(ThreadPoolExecutor.java:1149)
	at java.util.concurrent.ThreadPoolExecutor$Worker.run(ThreadPoolExecutor.java:624)
	at java.lang.Thread.run(Thread.java:748)
Heap
 def new generation   total 153600K, used 13541K [0x00000000e0c00000, 0x00000000eb2a0000, 0x00000000eb2a0000)
  eden space 136576K,   9% used [0x00000000e0c00000, 0x00000000e18e2e60, 0x00000000e9160000)
  from space 17024K,   2% used [0x00000000e9160000, 0x00000000e91b68d8, 0x00000000ea200000)
  to   space 17024K,   0% used [0x00000000ea200000, 0x00000000ea200000, 0x00000000eb2a0000)
 tenured generation   total 341376K, used 44619K [0x00000000eb2a0000, 0x0000000100000000, 0x0000000100000000)
   the space 341376K,  13% used [0x00000000eb2a0000, 0x00000000ede32e08, 0x00000000ede33000, 0x0000000100000000)
 Metaspace       used 35736K, capacity 36698K, committed 36864K, reserved 1081344K
  class space    used 4824K, capacity 5041K, committed 5120K, reserved 1048576K
