08:14:24,495 |-INFO in ch.qos.logback.classic.LoggerContext[default] - Could NOT find resource [logback-test.xml]
08:14:24,496 |-INFO in ch.qos.logback.classic.LoggerContext[default] - Could NOT find resource [logback.groovy]
08:14:24,496 |-INFO in ch.qos.logback.classic.LoggerContext[default] - Found resource [logback.xml] at [jar:file:/root/flamestream/lib/flamestream-runtime-1.0-SNAPSHOT.jar!/logback.xml]
08:14:24,497 |-WARN in ch.qos.logback.classic.LoggerContext[default] - Resource [logback.xml] occurs multiple times on the classpath.
08:14:24,497 |-WARN in ch.qos.logback.classic.LoggerContext[default] - Resource [logback.xml] occurs at [jar:file:/root/flamestream/lib/flamestream-runtime-1.0-SNAPSHOT.jar!/logback.xml]
08:14:24,497 |-WARN in ch.qos.logback.classic.LoggerContext[default] - Resource [logback.xml] occurs at [jar:file:/root/flamestream/flamestream-runtime-1.0-SNAPSHOT.jar!/logback.xml]
08:14:24,516 |-INFO in ch.qos.logback.core.joran.spi.ConfigurationWatchList@3fb6a447 - URL [jar:file:/root/flamestream/lib/flamestream-runtime-1.0-SNAPSHOT.jar!/logback.xml] is not of type file
08:14:24,581 |-INFO in ch.qos.logback.classic.joran.action.ConfigurationAction - debug attribute not set
08:14:24,582 |-INFO in ch.qos.logback.core.joran.action.AppenderAction - About to instantiate appender of type [ch.qos.logback.core.ConsoleAppender]
08:14:24,598 |-INFO in ch.qos.logback.core.joran.action.AppenderAction - Naming appender as [STDOUT]
08:14:24,617 |-INFO in ch.qos.logback.core.joran.action.NestedComplexPropertyIA - Assuming default type [ch.qos.logback.classic.encoder.PatternLayoutEncoder] for [encoder] property
08:14:24,715 |-INFO in ch.qos.logback.core.joran.action.AppenderAction - About to instantiate appender of type [ch.qos.logback.core.rolling.RollingFileAppender]
08:14:24,723 |-INFO in ch.qos.logback.core.joran.action.AppenderAction - Naming appender as [FILE]
08:14:24,751 |-INFO in c.q.l.core.rolling.TimeBasedRollingPolicy@127618319 - No compression will be used
08:14:24,752 |-INFO in c.q.l.core.rolling.TimeBasedRollingPolicy@127618319 - Will use the pattern /tmp/application_%d{yyyy-MM-dd}.%i.log for the active file
08:14:24,755 |-INFO in ch.qos.logback.core.rolling.SizeAndTimeBasedFNATP@6b2fad11 - The date pattern is 'yyyy-MM-dd' from file name pattern '/tmp/application_%d{yyyy-MM-dd}.%i.log'.
08:14:24,755 |-INFO in ch.qos.logback.core.rolling.SizeAndTimeBasedFNATP@6b2fad11 - Roll-over at midnight.
08:14:24,760 |-INFO in ch.qos.logback.core.rolling.SizeAndTimeBasedFNATP@6b2fad11 - Setting initial period to Tue Jun 11 08:13:05 UTC 2019
08:14:24,760 |-WARN in ch.qos.logback.core.rolling.SizeAndTimeBasedFNATP@6b2fad11 - SizeAndTimeBasedFNATP is deprecated. Use SizeAndTimeBasedRollingPolicy instead
08:14:24,760 |-WARN in ch.qos.logback.core.rolling.SizeAndTimeBasedFNATP@6b2fad11 - For more information see http://logback.qos.ch/manual/appenders.html#SizeAndTimeBasedRollingPolicy
08:14:24,765 |-INFO in ch.qos.logback.core.joran.action.NestedComplexPropertyIA - Assuming default type [ch.qos.logback.classic.encoder.PatternLayoutEncoder] for [encoder] property
08:14:24,769 |-INFO in ch.qos.logback.core.rolling.RollingFileAppender[FILE] - Active log file name: /tmp/application.log
08:14:24,769 |-INFO in ch.qos.logback.core.rolling.RollingFileAppender[FILE] - File property is set to [/tmp/application.log]
08:14:24,770 |-INFO in ch.qos.logback.classic.joran.action.RootLoggerAction - Setting level of ROOT logger to WARN
08:14:24,771 |-INFO in ch.qos.logback.core.joran.action.AppenderRefAction - Attaching appender named [STDOUT] to Logger[ROOT]
08:14:24,773 |-INFO in ch.qos.logback.core.joran.action.AppenderRefAction - Attaching appender named [FILE] to Logger[ROOT]
08:14:24,773 |-INFO in ch.qos.logback.classic.joran.action.ConfigurationAction - End of configuration.
08:14:24,773 |-INFO in ch.qos.logback.classic.joran.JoranConfigurator@79698539 - Registering current configuration as safe fallback point

Ama winner
Ama winner
2019-06-11T08:14:26.045+0000: 1.733: [Full GC (Metadata GC Threshold) 2019-06-11T08:14:26.045+0000: 1.733: [Tenured: 0K->15241K(341376K), 0.0408087 secs] 114923K->15241K(494976K), [Metaspace: 20734K->20734K(1067008K)], 0.0408774 secs] [Times: user=0.04 sys=0.00, real=0.04 secs] 
08:14:48.572 [Curator-PathChildrenCache-2] WARN  o.a.c.u.ZKPaths  - The version of ZooKeeper being used doesn't support Container nodes. CreateMode.PERSISTENT will be used instead.
2019-06-11T08:14:50.571+0000: 26.259: [GC (Allocation Failure) 2019-06-11T08:14:50.571+0000: 26.259: [DefNew: 136576K->17024K(153600K), 0.0259999 secs] 151817K->52793K(494976K), 0.0260724 secs] [Times: user=0.02 sys=0.01, real=0.02 secs] 
2019-06-11T08:14:50.892+0000: 26.580: [Full GC (Metadata GC Threshold) 2019-06-11T08:14:50.892+0000: 26.580: [Tenured: 35769K->44295K(341376K), 0.0346484 secs] 67786K->44295K(494976K), [Metaspace: 34550K->34550K(1079296K)], 0.0347402 secs] [Times: user=0.04 sys=0.00, real=0.03 secs] 
2019-06-11T08:14:52.696+0000: 28.384: [GC (Allocation Failure) 2019-06-11T08:14:52.696+0000: 28.384: [DefNew: 136576K->106K(153600K), 0.0019264 secs] 180871K->44402K(494976K), 0.0019856 secs] [Times: user=0.00 sys=0.00, real=0.00 secs] 
2019-06-11T08:14:54.345+0000: 30.033: [GC (Allocation Failure) 2019-06-11T08:14:54.345+0000: 30.033: [DefNew: 136682K->157K(153600K), 0.0017953 secs] 180978K->44453K(494976K), 0.0018519 secs] [Times: user=0.00 sys=0.00, real=0.00 secs] 
2019-06-11T08:14:55.920+0000: 31.608: [GC (Allocation Failure) 2019-06-11T08:14:55.920+0000: 31.608: [DefNew: 136733K->186K(153600K), 0.0018880 secs] 181029K->44482K(494976K), 0.0019453 secs] [Times: user=0.00 sys=0.00, real=0.00 secs] 
2019-06-11T08:14:57.499+0000: 33.188: [GC (Allocation Failure) 2019-06-11T08:14:57.500+0000: 33.188: [DefNew: 136762K->168K(153600K), 0.0018966 secs] 181058K->44464K(494976K), 0.0033731 secs] [Times: user=0.00 sys=0.00, real=0.01 secs] 
2019-06-11T08:14:59.055+0000: 34.743: [GC (Allocation Failure) 2019-06-11T08:14:59.055+0000: 34.743: [DefNew: 136744K->203K(153600K), 0.0019274 secs] 181040K->44499K(494976K), 0.0019892 secs] [Times: user=0.00 sys=0.00, real=0.00 secs] 
2019-06-11T08:15:00.587+0000: 36.275: [GC (Allocation Failure) 2019-06-11T08:15:00.587+0000: 36.275: [DefNew: 136779K->204K(153600K), 0.0019167 secs] 181075K->44499K(494976K), 0.0019974 secs] [Times: user=0.00 sys=0.00, real=0.00 secs] 
2019-06-11T08:15:02.148+0000: 37.836: [GC (Allocation Failure) 2019-06-11T08:15:02.149+0000: 37.836: [DefNew: 136780K->213K(153600K), 0.0019297 secs] 181075K->44509K(494976K), 0.0019899 secs] [Times: user=0.00 sys=0.00, real=0.00 secs] 
2019-06-11T08:15:09.395+0000: 45.083: [GC (Allocation Failure) 2019-06-11T08:15:09.396+0000: 45.083: [DefNew: 136789K->354K(153600K), 0.0028586 secs] 181085K->44650K(494976K), 0.0029097 secs] [Times: user=0.00 sys=0.00, real=0.00 secs] 
08:15:09.413 [Curator-PathChildrenCache-0] ERROR o.a.c.f.r.c.PathChildrenCache  - 
java.lang.IllegalStateException: instance must be started before calling this method
	at org.apache.curator.shaded.com.google.common.base.Preconditions.checkState(Preconditions.java:444)
	at org.apache.curator.framework.imps.CuratorFrameworkImpl.getChildren(CuratorFrameworkImpl.java:456)
	at org.apache.curator.framework.recipes.cache.PathChildrenCache.refresh(PathChildrenCache.java:521)
	at org.apache.curator.framework.recipes.cache.RefreshOperation.invoke(RefreshOperation.java:35)
	at org.apache.curator.framework.recipes.cache.PathChildrenCache$9.run(PathChildrenCache.java:786)
	at java.util.concurrent.Executors$RunnableAdapter.call(Executors.java:511)
	at java.util.concurrent.FutureTask.run(FutureTask.java:266)
	at java.util.concurrent.Executors$RunnableAdapter.call(Executors.java:511)
	at java.util.concurrent.FutureTask.run(FutureTask.java:266)
	at java.util.concurrent.ThreadPoolExecutor.runWorker(ThreadPoolExecutor.java:1149)
	at java.util.concurrent.ThreadPoolExecutor$Worker.run(ThreadPoolExecutor.java:624)
	at java.lang.Thread.run(Thread.java:748)
Heap
 def new generation   total 153600K, used 19955K [0x00000000e0c00000, 0x00000000eb2a0000, 0x00000000eb2a0000)
  eden space 136576K,  14% used [0x00000000e0c00000, 0x00000000e1f24480, 0x00000000e9160000)
  from space 17024K,   2% used [0x00000000ea200000, 0x00000000ea258b30, 0x00000000eb2a0000)
  to   space 17024K,   0% used [0x00000000e9160000, 0x00000000e9160000, 0x00000000ea200000)
 tenured generation   total 341376K, used 44295K [0x00000000eb2a0000, 0x0000000100000000, 0x0000000100000000)
   the space 341376K,  12% used [0x00000000eb2a0000, 0x00000000edde1db8, 0x00000000edde1e00, 0x0000000100000000)
 Metaspace       used 35873K, capacity 36912K, committed 37120K, reserved 1081344K
  class space    used 4869K, capacity 5104K, committed 5120K, reserved 1048576K
