18:06:25,429 |-INFO in ch.qos.logback.classic.LoggerContext[default] - Could NOT find resource [logback-test.xml]
18:06:25,429 |-INFO in ch.qos.logback.classic.LoggerContext[default] - Could NOT find resource [logback.groovy]
18:06:25,429 |-INFO in ch.qos.logback.classic.LoggerContext[default] - Found resource [logback.xml] at [jar:file:/root/flamestream/lib/flamestream-runtime-1.0-SNAPSHOT.jar!/logback.xml]
18:06:25,430 |-WARN in ch.qos.logback.classic.LoggerContext[default] - Resource [logback.xml] occurs multiple times on the classpath.
18:06:25,430 |-WARN in ch.qos.logback.classic.LoggerContext[default] - Resource [logback.xml] occurs at [jar:file:/root/flamestream/lib/flamestream-runtime-1.0-SNAPSHOT.jar!/logback.xml]
18:06:25,430 |-WARN in ch.qos.logback.classic.LoggerContext[default] - Resource [logback.xml] occurs at [jar:file:/root/flamestream/flamestream-runtime-1.0-SNAPSHOT.jar!/logback.xml]
18:06:25,449 |-INFO in ch.qos.logback.core.joran.spi.ConfigurationWatchList@3fb6a447 - URL [jar:file:/root/flamestream/lib/flamestream-runtime-1.0-SNAPSHOT.jar!/logback.xml] is not of type file
18:06:25,515 |-INFO in ch.qos.logback.classic.joran.action.ConfigurationAction - debug attribute not set
18:06:25,516 |-INFO in ch.qos.logback.core.joran.action.AppenderAction - About to instantiate appender of type [ch.qos.logback.core.ConsoleAppender]
18:06:25,532 |-INFO in ch.qos.logback.core.joran.action.AppenderAction - Naming appender as [STDOUT]
18:06:25,547 |-INFO in ch.qos.logback.core.joran.action.NestedComplexPropertyIA - Assuming default type [ch.qos.logback.classic.encoder.PatternLayoutEncoder] for [encoder] property
18:06:25,649 |-INFO in ch.qos.logback.core.joran.action.AppenderAction - About to instantiate appender of type [ch.qos.logback.core.rolling.RollingFileAppender]
18:06:25,660 |-INFO in ch.qos.logback.core.joran.action.AppenderAction - Naming appender as [FILE]
18:06:25,690 |-INFO in c.q.l.core.rolling.TimeBasedRollingPolicy@127618319 - No compression will be used
18:06:25,691 |-INFO in c.q.l.core.rolling.TimeBasedRollingPolicy@127618319 - Will use the pattern /tmp/application_%d{yyyy-MM-dd}.%i.log for the active file
18:06:25,694 |-INFO in ch.qos.logback.core.rolling.SizeAndTimeBasedFNATP@6b2fad11 - The date pattern is 'yyyy-MM-dd' from file name pattern '/tmp/application_%d{yyyy-MM-dd}.%i.log'.
18:06:25,694 |-INFO in ch.qos.logback.core.rolling.SizeAndTimeBasedFNATP@6b2fad11 - Roll-over at midnight.
18:06:25,699 |-INFO in ch.qos.logback.core.rolling.SizeAndTimeBasedFNATP@6b2fad11 - Setting initial period to Tue Jun 11 18:05:18 UTC 2019
18:06:25,699 |-WARN in ch.qos.logback.core.rolling.SizeAndTimeBasedFNATP@6b2fad11 - SizeAndTimeBasedFNATP is deprecated. Use SizeAndTimeBasedRollingPolicy instead
18:06:25,699 |-WARN in ch.qos.logback.core.rolling.SizeAndTimeBasedFNATP@6b2fad11 - For more information see http://logback.qos.ch/manual/appenders.html#SizeAndTimeBasedRollingPolicy
18:06:25,704 |-INFO in ch.qos.logback.core.joran.action.NestedComplexPropertyIA - Assuming default type [ch.qos.logback.classic.encoder.PatternLayoutEncoder] for [encoder] property
18:06:25,708 |-INFO in ch.qos.logback.core.rolling.RollingFileAppender[FILE] - Active log file name: /tmp/application.log
18:06:25,708 |-INFO in ch.qos.logback.core.rolling.RollingFileAppender[FILE] - File property is set to [/tmp/application.log]
18:06:25,710 |-INFO in ch.qos.logback.classic.joran.action.RootLoggerAction - Setting level of ROOT logger to WARN
18:06:25,712 |-INFO in ch.qos.logback.core.joran.action.AppenderRefAction - Attaching appender named [STDOUT] to Logger[ROOT]
18:06:25,714 |-INFO in ch.qos.logback.core.joran.action.AppenderRefAction - Attaching appender named [FILE] to Logger[ROOT]
18:06:25,714 |-INFO in ch.qos.logback.classic.joran.action.ConfigurationAction - End of configuration.
18:06:25,714 |-INFO in ch.qos.logback.classic.joran.JoranConfigurator@79698539 - Registering current configuration as safe fallback point

Ama winner
Ama winner
2019-06-11T18:06:27.297+0000: 2.060: [Full GC (Metadata GC Threshold) 2019-06-11T18:06:27.297+0000: 2.060: [Tenured: 0K->15176K(341376K), 0.0402784 secs] 114923K->15176K(494976K), [Metaspace: 20733K->20733K(1067008K)], 0.0403477 secs] [Times: user=0.03 sys=0.01, real=0.04 secs] 
18:06:38.387 [Curator-PathChildrenCache-2] WARN  o.a.c.u.ZKPaths  - The version of ZooKeeper being used doesn't support Container nodes. CreateMode.PERSISTENT will be used instead.
2019-06-11T18:06:40.522+0000: 15.285: [GC (Allocation Failure) 2019-06-11T18:06:40.522+0000: 15.285: [DefNew: 136576K->14083K(153600K), 0.0293728 secs] 151752K->48791K(494976K), 0.0294594 secs] [Times: user=0.02 sys=0.01, real=0.03 secs] 
2019-06-11T18:06:42.895+0000: 17.657: [Full GC (Metadata GC Threshold) 2019-06-11T18:06:42.895+0000: 17.657: [Tenured: 34707K->39245K(341376K), 0.0399406 secs] 112442K->39245K(494976K), [Metaspace: 34633K->34633K(1079296K)], 0.0400125 secs] [Times: user=0.04 sys=0.01, real=0.04 secs] 
2019-06-11T18:06:51.345+0000: 26.107: [GC (Allocation Failure) 2019-06-11T18:06:51.345+0000: 26.107: [DefNew: 136576K->71K(153600K), 0.0018042 secs] 175821K->39316K(494976K), 0.0018641 secs] [Times: user=0.00 sys=0.00, real=0.00 secs] 
2019-06-11T18:07:00.110+0000: 34.872: [GC (Allocation Failure) 2019-06-11T18:07:00.110+0000: 34.872: [DefNew: 136647K->72K(153600K), 0.0016528 secs] 175892K->39318K(494976K), 0.0017136 secs] [Times: user=0.00 sys=0.00, real=0.00 secs] 
2019-06-11T18:07:08.865+0000: 43.628: [GC (Allocation Failure) 2019-06-11T18:07:08.866+0000: 43.628: [DefNew: 136648K->75K(153600K), 0.0016838 secs] 175894K->39320K(494976K), 0.0017412 secs] [Times: user=0.00 sys=0.00, real=0.00 secs] 
2019-06-11T18:07:17.730+0000: 52.492: [GC (Allocation Failure) 2019-06-11T18:07:17.730+0000: 52.492: [DefNew: 136651K->76K(153600K), 0.0016621 secs] 175896K->39321K(494976K), 0.0017199 secs] [Times: user=0.00 sys=0.00, real=0.00 secs] 
2019-06-11T18:07:26.589+0000: 61.352: [GC (Allocation Failure) 2019-06-11T18:07:26.589+0000: 61.352: [DefNew: 136652K->78K(153600K), 0.0016313 secs] 175897K->39324K(494976K), 0.0016892 secs] [Times: user=0.00 sys=0.00, real=0.00 secs] 
2019-06-11T18:07:37.931+0000: 72.693: [GC (Allocation Failure) 2019-06-11T18:07:37.931+0000: 72.693: [DefNew: 136654K->372K(153600K), 0.0020671 secs] 175900K->39617K(494976K), 0.0021295 secs] [Times: user=0.00 sys=0.00, real=0.00 secs] 
2019-06-11T18:07:49.732+0000: 84.495: [GC (Allocation Failure) 2019-06-11T18:07:49.732+0000: 84.495: [DefNew: 136948K->129K(153600K), 0.0018184 secs] 176193K->39374K(494976K), 0.0018768 secs] [Times: user=0.00 sys=0.00, real=0.00 secs] 
2019-06-11T18:08:09.079+0000: 103.841: [GC (Allocation Failure) 2019-06-11T18:08:09.079+0000: 103.841: [DefNew: 136705K->133K(153600K), 0.0020715 secs] 175950K->39379K(494976K), 0.0021232 secs] [Times: user=0.00 sys=0.00, real=0.00 secs] 
18:08:09.137 [Curator-PathChildrenCache-0] ERROR o.a.c.f.r.c.PathChildrenCache  - 
java.lang.IllegalStateException: instance must be started before calling this method
	at org.apache.curator.shaded.com.google.common.base.Preconditions.checkState(Preconditions.java:444)
	at org.apache.curator.framework.imps.CuratorFrameworkImpl.getChildren(CuratorFrameworkImpl.java:456)
	at org.apache.curator.framework.recipes.cache.PathChildrenCache.refresh(PathChildrenCache.java:521)
	at org.apache.curator.framework.recipes.cache.RefreshOperation.invoke(RefreshOperation.java:35)
	at org.apache.curator.framework.recipes.cache.PathChildrenCache$9.run(PathChildrenCache.java:786)
	at java.util.concurrent.Executors$RunnableAdapter.call(Executors.java:511)
	at java.util.concurrent.FutureTask.run(FutureTask.java:266)
	at java.util.concurrent.Executors$RunnableAdapter.call(Executors.java:511)
	at java.util.concurrent.FutureTask.run(FutureTask.java:266)
	at java.util.concurrent.ThreadPoolExecutor.runWorker(ThreadPoolExecutor.java:1149)
	at java.util.concurrent.ThreadPoolExecutor$Worker.run(ThreadPoolExecutor.java:624)
	at java.lang.Thread.run(Thread.java:748)
Heap
 def new generation   total 153600K, used 12401K [0x00000000e0c00000, 0x00000000eb2a0000, 0x00000000eb2a0000)
  eden space 136576K,   8% used [0x00000000e0c00000, 0x00000000e17fafb8, 0x00000000e9160000)
  from space 17024K,   0% used [0x00000000ea200000, 0x00000000ea2216c8, 0x00000000eb2a0000)
  to   space 17024K,   0% used [0x00000000e9160000, 0x00000000e9160000, 0x00000000ea200000)
 tenured generation   total 341376K, used 39245K [0x00000000eb2a0000, 0x0000000100000000, 0x0000000100000000)
   the space 341376K,  11% used [0x00000000eb2a0000, 0x00000000ed8f3588, 0x00000000ed8f3600, 0x0000000100000000)
 Metaspace       used 35986K, capacity 36806K, committed 37120K, reserved 1081344K
  class space    used 4872K, capacity 5065K, committed 5120K, reserved 1048576K
