20:12:21,866 |-INFO in ch.qos.logback.classic.LoggerContext[default] - Could NOT find resource [logback-test.xml]
20:12:21,866 |-INFO in ch.qos.logback.classic.LoggerContext[default] - Could NOT find resource [logback.groovy]
20:12:21,866 |-INFO in ch.qos.logback.classic.LoggerContext[default] - Found resource [logback.xml] at [jar:file:/root/flamestream/lib/flamestream-runtime-1.0-SNAPSHOT.jar!/logback.xml]
20:12:21,867 |-WARN in ch.qos.logback.classic.LoggerContext[default] - Resource [logback.xml] occurs multiple times on the classpath.
20:12:21,867 |-WARN in ch.qos.logback.classic.LoggerContext[default] - Resource [logback.xml] occurs at [jar:file:/root/flamestream/lib/flamestream-runtime-1.0-SNAPSHOT.jar!/logback.xml]
20:12:21,867 |-WARN in ch.qos.logback.classic.LoggerContext[default] - Resource [logback.xml] occurs at [jar:file:/root/flamestream/flamestream-runtime-1.0-SNAPSHOT.jar!/logback.xml]
20:12:21,886 |-INFO in ch.qos.logback.core.joran.spi.ConfigurationWatchList@3fb6a447 - URL [jar:file:/root/flamestream/lib/flamestream-runtime-1.0-SNAPSHOT.jar!/logback.xml] is not of type file
20:12:21,953 |-INFO in ch.qos.logback.classic.joran.action.ConfigurationAction - debug attribute not set
20:12:21,954 |-INFO in ch.qos.logback.core.joran.action.AppenderAction - About to instantiate appender of type [ch.qos.logback.core.ConsoleAppender]
20:12:21,969 |-INFO in ch.qos.logback.core.joran.action.AppenderAction - Naming appender as [STDOUT]
20:12:21,989 |-INFO in ch.qos.logback.core.joran.action.NestedComplexPropertyIA - Assuming default type [ch.qos.logback.classic.encoder.PatternLayoutEncoder] for [encoder] property
20:12:22,073 |-INFO in ch.qos.logback.core.joran.action.AppenderAction - About to instantiate appender of type [ch.qos.logback.core.rolling.RollingFileAppender]
20:12:22,078 |-INFO in ch.qos.logback.core.joran.action.AppenderAction - Naming appender as [FILE]
20:12:22,108 |-INFO in c.q.l.core.rolling.TimeBasedRollingPolicy@127618319 - No compression will be used
20:12:22,109 |-INFO in c.q.l.core.rolling.TimeBasedRollingPolicy@127618319 - Will use the pattern /tmp/application_%d{yyyy-MM-dd}.%i.log for the active file
20:12:22,112 |-INFO in ch.qos.logback.core.rolling.SizeAndTimeBasedFNATP@6b2fad11 - The date pattern is 'yyyy-MM-dd' from file name pattern '/tmp/application_%d{yyyy-MM-dd}.%i.log'.
20:12:22,112 |-INFO in ch.qos.logback.core.rolling.SizeAndTimeBasedFNATP@6b2fad11 - Roll-over at midnight.
20:12:22,117 |-INFO in ch.qos.logback.core.rolling.SizeAndTimeBasedFNATP@6b2fad11 - Setting initial period to Mon Jun 10 20:11:06 UTC 2019
20:12:22,117 |-WARN in ch.qos.logback.core.rolling.SizeAndTimeBasedFNATP@6b2fad11 - SizeAndTimeBasedFNATP is deprecated. Use SizeAndTimeBasedRollingPolicy instead
20:12:22,117 |-WARN in ch.qos.logback.core.rolling.SizeAndTimeBasedFNATP@6b2fad11 - For more information see http://logback.qos.ch/manual/appenders.html#SizeAndTimeBasedRollingPolicy
20:12:22,121 |-INFO in ch.qos.logback.core.joran.action.NestedComplexPropertyIA - Assuming default type [ch.qos.logback.classic.encoder.PatternLayoutEncoder] for [encoder] property
20:12:22,126 |-INFO in ch.qos.logback.core.rolling.RollingFileAppender[FILE] - Active log file name: /tmp/application.log
20:12:22,126 |-INFO in ch.qos.logback.core.rolling.RollingFileAppender[FILE] - File property is set to [/tmp/application.log]
20:12:22,127 |-INFO in ch.qos.logback.classic.joran.action.RootLoggerAction - Setting level of ROOT logger to WARN
20:12:22,127 |-INFO in ch.qos.logback.core.joran.action.AppenderRefAction - Attaching appender named [STDOUT] to Logger[ROOT]
20:12:22,129 |-INFO in ch.qos.logback.core.joran.action.AppenderRefAction - Attaching appender named [FILE] to Logger[ROOT]
20:12:22,129 |-INFO in ch.qos.logback.classic.joran.action.ConfigurationAction - End of configuration.
20:12:22,130 |-INFO in ch.qos.logback.classic.joran.JoranConfigurator@79698539 - Registering current configuration as safe fallback point

Ama winner
Ama winner
2019-06-10T20:12:23.408+0000: 1.727: [Full GC (Metadata GC Threshold) 2019-06-10T20:12:23.408+0000: 1.727: [Tenured: 0K->15110K(341376K), 0.0389332 secs] 112224K->15110K(494976K), [Metaspace: 20735K->20735K(1067008K)], 0.0389974 secs] [Times: user=0.04 sys=0.01, real=0.03 secs] 
20:12:41.090 [Curator-PathChildrenCache-1] WARN  o.a.c.u.ZKPaths  - The version of ZooKeeper being used doesn't support Container nodes. CreateMode.PERSISTENT will be used instead.
2019-06-10T20:12:43.094+0000: 21.414: [GC (Allocation Failure) 2019-06-10T20:12:43.094+0000: 21.414: [DefNew: 135692K->16677K(153600K), 0.0334988 secs] 150803K->51319K(494976K), 0.0335691 secs] [Times: user=0.02 sys=0.02, real=0.04 secs] 
2019-06-10T20:12:48.910+0000: 27.230: [GC (Allocation Failure) 2019-06-10T20:12:48.910+0000: 27.230: [DefNew: 153253K->1620K(153600K), 0.0103302 secs] 187895K->43364K(494976K), 0.0103921 secs] [Times: user=0.01 sys=0.01, real=0.01 secs] 
2019-06-10T20:12:54.589+0000: 32.910: [GC (Allocation Failure) 2019-06-10T20:12:54.590+0000: 32.910: [DefNew: 138196K->1574K(153600K), 0.0036258 secs] 179940K->43317K(494976K), 0.0047330 secs] [Times: user=0.00 sys=0.00, real=0.00 secs] 
2019-06-10T20:12:54.932+0000: 33.251: [Full GC (Metadata GC Threshold) 2019-06-10T20:12:54.932+0000: 33.251: [Tenured: 41743K->43315K(341376K), 0.0324009 secs] 53426K->43315K(494976K), [Metaspace: 34612K->34612K(1079296K)], 0.0324759 secs] [Times: user=0.02 sys=0.01, real=0.03 secs] 
2019-06-10T20:13:00.544+0000: 38.864: [GC (Allocation Failure) 2019-06-10T20:13:00.544+0000: 38.864: [DefNew: 136576K->50K(153600K), 0.0016468 secs] 179891K->43365K(494976K), 0.0017111 secs] [Times: user=0.01 sys=0.00, real=0.00 secs] 
2019-06-10T20:13:06.257+0000: 44.577: [GC (Allocation Failure) 2019-06-10T20:13:06.257+0000: 44.577: [DefNew: 136626K->49K(153600K), 0.0015194 secs] 179941K->43365K(494976K), 0.0015792 secs] [Times: user=0.01 sys=0.00, real=0.00 secs] 
2019-06-10T20:13:12.014+0000: 50.334: [GC (Allocation Failure) 2019-06-10T20:13:12.014+0000: 50.334: [DefNew: 136625K->49K(153600K), 0.0016235 secs] 179941K->43365K(494976K), 0.0016862 secs] [Times: user=0.00 sys=0.00, real=0.01 secs] 
20:13:24.005 [Curator-PathChildrenCache-0] ERROR o.a.c.f.r.c.PathChildrenCache  - 
java.lang.IllegalStateException: instance must be started before calling this method
	at org.apache.curator.shaded.com.google.common.base.Preconditions.checkState(Preconditions.java:444)
	at org.apache.curator.framework.imps.CuratorFrameworkImpl.getChildren(CuratorFrameworkImpl.java:456)
	at org.apache.curator.framework.recipes.cache.PathChildrenCache.refresh(PathChildrenCache.java:521)
	at org.apache.curator.framework.recipes.cache.RefreshOperation.invoke(RefreshOperation.java:35)
	at org.apache.curator.framework.recipes.cache.PathChildrenCache$9.run(PathChildrenCache.java:786)
	at java.util.concurrent.Executors$RunnableAdapter.call(Executors.java:511)
	at java.util.concurrent.FutureTask.run(FutureTask.java:266)
	at java.util.concurrent.Executors$RunnableAdapter.call(Executors.java:511)
	at java.util.concurrent.FutureTask.run(FutureTask.java:266)
	at java.util.concurrent.ThreadPoolExecutor.runWorker(ThreadPoolExecutor.java:1149)
	at java.util.concurrent.ThreadPoolExecutor$Worker.run(ThreadPoolExecutor.java:624)
	at java.lang.Thread.run(Thread.java:748)
Heap
 def new generation   total 153600K, used 84555K [0x00000000e0c00000, 0x00000000eb2a0000, 0x00000000eb2a0000)
  eden space 136576K,  61% used [0x00000000e0c00000, 0x00000000e5e865e8, 0x00000000e9160000)
  from space 17024K,   0% used [0x00000000e9160000, 0x00000000e916c700, 0x00000000ea200000)
  to   space 17024K,   0% used [0x00000000ea200000, 0x00000000ea200000, 0x00000000eb2a0000)
 tenured generation   total 341376K, used 43315K [0x00000000eb2a0000, 0x0000000100000000, 0x0000000100000000)
   the space 341376K,  12% used [0x00000000eb2a0000, 0x00000000edcecef0, 0x00000000edced000, 0x0000000100000000)
 Metaspace       used 36039K, capacity 36928K, committed 37120K, reserved 1081344K
  class space    used 4856K, capacity 5074K, committed 5120K, reserved 1048576K
