10:44:48,675 |-INFO in ch.qos.logback.classic.LoggerContext[default] - Could NOT find resource [logback-test.xml]
10:44:48,675 |-INFO in ch.qos.logback.classic.LoggerContext[default] - Could NOT find resource [logback.groovy]
10:44:48,675 |-INFO in ch.qos.logback.classic.LoggerContext[default] - Found resource [logback.xml] at [jar:file:/home/nikitasokolov/flamestream/lib/flamestream-runtime-1.0-SNAPSHOT.jar!/logback.xml]
10:44:48,676 |-WARN in ch.qos.logback.classic.LoggerContext[default] - Resource [logback.xml] occurs multiple times on the classpath.
10:44:48,676 |-WARN in ch.qos.logback.classic.LoggerContext[default] - Resource [logback.xml] occurs at [jar:file:/home/nikitasokolov/flamestream/lib/flamestream-runtime-1.0-SNAPSHOT.jar!/logback.xml]
10:44:48,676 |-WARN in ch.qos.logback.classic.LoggerContext[default] - Resource [logback.xml] occurs at [jar:file:/home/nikitasokolov/flamestream/flamestream-runtime-1.0-SNAPSHOT.jar!/logback.xml]
10:44:48,692 |-INFO in ch.qos.logback.core.joran.spi.ConfigurationWatchList@6108b2d7 - URL [jar:file:/home/nikitasokolov/flamestream/lib/flamestream-runtime-1.0-SNAPSHOT.jar!/logback.xml] is not of type file
10:44:48,743 |-INFO in ch.qos.logback.classic.joran.action.ConfigurationAction - debug attribute not set
10:44:48,743 |-INFO in ch.qos.logback.core.joran.action.AppenderAction - About to instantiate appender of type [ch.qos.logback.core.ConsoleAppender]
10:44:48,751 |-INFO in ch.qos.logback.core.joran.action.AppenderAction - Naming appender as [STDOUT]
10:44:48,759 |-INFO in ch.qos.logback.core.joran.action.NestedComplexPropertyIA - Assuming default type [ch.qos.logback.classic.encoder.PatternLayoutEncoder] for [encoder] property
10:44:48,815 |-INFO in ch.qos.logback.core.joran.action.AppenderAction - About to instantiate appender of type [ch.qos.logback.core.rolling.RollingFileAppender]
10:44:48,820 |-INFO in ch.qos.logback.core.joran.action.AppenderAction - Naming appender as [FILE]
10:44:48,842 |-INFO in c.q.l.core.rolling.TimeBasedRollingPolicy@357863579 - No compression will be used
10:44:48,843 |-INFO in c.q.l.core.rolling.TimeBasedRollingPolicy@357863579 - Will use the pattern /tmp/application_%d{yyyy-MM-dd}.%i.log for the active file
10:44:48,846 |-INFO in ch.qos.logback.core.rolling.SizeAndTimeBasedFNATP@6bf256fa - The date pattern is 'yyyy-MM-dd' from file name pattern '/tmp/application_%d{yyyy-MM-dd}.%i.log'.
10:44:48,846 |-INFO in ch.qos.logback.core.rolling.SizeAndTimeBasedFNATP@6bf256fa - Roll-over at midnight.
10:44:48,850 |-INFO in ch.qos.logback.core.rolling.SizeAndTimeBasedFNATP@6bf256fa - Setting initial period to Sun Jun 09 10:44:03 MSK 2019
10:44:48,850 |-WARN in ch.qos.logback.core.rolling.SizeAndTimeBasedFNATP@6bf256fa - SizeAndTimeBasedFNATP is deprecated. Use SizeAndTimeBasedRollingPolicy instead
10:44:48,850 |-WARN in ch.qos.logback.core.rolling.SizeAndTimeBasedFNATP@6bf256fa - For more information see http://logback.qos.ch/manual/appenders.html#SizeAndTimeBasedRollingPolicy
10:44:48,854 |-INFO in ch.qos.logback.core.joran.action.NestedComplexPropertyIA - Assuming default type [ch.qos.logback.classic.encoder.PatternLayoutEncoder] for [encoder] property
10:44:48,857 |-INFO in ch.qos.logback.core.rolling.RollingFileAppender[FILE] - Active log file name: /tmp/application.log
10:44:48,857 |-INFO in ch.qos.logback.core.rolling.RollingFileAppender[FILE] - File property is set to [/tmp/application.log]
10:44:48,858 |-INFO in ch.qos.logback.classic.joran.action.RootLoggerAction - Setting level of ROOT logger to WARN
10:44:48,858 |-INFO in ch.qos.logback.core.joran.action.AppenderRefAction - Attaching appender named [STDOUT] to Logger[ROOT]
10:44:48,859 |-INFO in ch.qos.logback.core.joran.action.AppenderRefAction - Attaching appender named [FILE] to Logger[ROOT]
10:44:48,859 |-INFO in ch.qos.logback.classic.joran.action.ConfigurationAction - End of configuration.
10:44:48,859 |-INFO in ch.qos.logback.classic.joran.JoranConfigurator@6cd8737 - Registering current configuration as safe fallback point

2019-06-09T10:44:49.848+0300: 1.382: [GC (Metadata GC Threshold) [PSYoungGen: 110722K->15998K(149504K)] 110722K->16078K(491008K), 0.0196999 secs] [Times: user=0.08 sys=0.03, real=0.02 secs] 
2019-06-09T10:44:49.868+0300: 1.402: [Full GC (Metadata GC Threshold) [PSYoungGen: 15998K->0K(149504K)] [ParOldGen: 80K->15078K(341504K)] 16078K->15078K(491008K), [Metaspace: 20802K->20802K(1067008K)], 0.0261573 secs] [Times: user=0.16 sys=0.02, real=0.03 secs] 
10:44:58.098 [Curator-PathChildrenCache-2] WARN  o.a.c.u.ZKPaths  - The version of ZooKeeper being used doesn't support Container nodes. CreateMode.PERSISTENT will be used instead.
2019-06-09T10:44:58.857+0300: 10.392: [GC (Metadata GC Threshold) [PSYoungGen: 125932K->20971K(149504K)] 141011K->51077K(491008K), 0.0236286 secs] [Times: user=0.26 sys=0.01, real=0.03 secs] 
2019-06-09T10:44:58.881+0300: 10.415: [Full GC (Metadata GC Threshold) [PSYoungGen: 20971K->0K(149504K)] [ParOldGen: 30106K->39954K(341504K)] 51077K->39954K(491008K), [Metaspace: 34483K->34478K(1079296K)], 0.0349095 secs] [Times: user=0.15 sys=0.03, real=0.03 secs] 
2019-06-09T10:45:01.574+0300: 13.108: [GC (Allocation Failure) [PSYoungGen: 128512K->640K(149504K)] 168466K->40602K(491008K), 0.0042127 secs] [Times: user=0.01 sys=0.01, real=0.01 secs] 
2019-06-09T10:45:03.767+0300: 15.301: [GC (Allocation Failure) [PSYoungGen: 129152K->576K(149504K)] 169114K->40546K(491008K), 0.0035761 secs] [Times: user=0.02 sys=0.00, real=0.01 secs] 
2019-06-09T10:45:05.930+0300: 17.464: [GC (Allocation Failure) [PSYoungGen: 129088K->672K(129536K)] 169058K->40642K(471040K), 0.0040644 secs] [Times: user=0.03 sys=0.00, real=0.00 secs] 
2019-06-09T10:45:07.729+0300: 19.263: [GC (Allocation Failure) [PSYoungGen: 129184K->576K(131584K)] 169154K->40546K(473088K), 0.0043479 secs] [Times: user=0.01 sys=0.01, real=0.01 secs] 
2019-06-09T10:45:08.940+0300: 20.474: [GC (Allocation Failure) [PSYoungGen: 91200K->640K(129536K)] 131170K->40610K(471040K), 0.0051643 secs] [Times: user=0.03 sys=0.00, real=0.00 secs] 
2019-06-09T10:45:10.387+0300: 21.921: [GC (Allocation Failure) [PSYoungGen: 91264K->576K(136192K)] 131234K->40554K(477696K), 0.0032962 secs] [Times: user=0.01 sys=0.00, real=0.01 secs] 
2019-06-09T10:45:11.915+0300: 23.450: [GC (Allocation Failure) [PSYoungGen: 100416K->576K(134144K)] 140394K->40562K(475648K), 0.0031249 secs] [Times: user=0.01 sys=0.00, real=0.01 secs] 
2019-06-09T10:45:13.499+0300: 25.033: [GC (Allocation Failure) [PSYoungGen: 100416K->704K(139264K)] 140402K->40698K(480768K), 0.0034946 secs] [Times: user=0.01 sys=0.01, real=0.00 secs] 
2019-06-09T10:45:15.086+0300: 26.620: [GC (Allocation Failure) [PSYoungGen: 107200K->512K(137728K)] 147194K->40514K(479232K), 0.0031039 secs] [Times: user=0.01 sys=0.01, real=0.00 secs] 
2019-06-09T10:45:16.648+0300: 28.183: [GC (Allocation Failure) [PSYoungGen: 107008K->544K(142336K)] 147010K->40554K(483840K), 0.0023470 secs] [Times: user=0.01 sys=0.00, real=0.01 secs] 
2019-06-09T10:45:18.199+0300: 29.734: [GC (Allocation Failure) [PSYoungGen: 113184K->608K(140800K)] 153194K->40626K(482304K), 0.0035793 secs] [Times: user=0.01 sys=0.01, real=0.00 secs] 
2019-06-09T10:45:19.773+0300: 31.308: [GC (Allocation Failure) [PSYoungGen: 113248K->480K(145408K)] 153266K->40506K(486912K), 0.0024758 secs] [Times: user=0.01 sys=0.01, real=0.00 secs] 
10:45:31.016 [Curator-PathChildrenCache-0] ERROR o.a.c.f.r.c.PathChildrenCache  - 
java.lang.IllegalStateException: instance must be started before calling this method
	at org.apache.curator.shaded.com.google.common.base.Preconditions.checkState(Preconditions.java:444)
	at org.apache.curator.framework.imps.CuratorFrameworkImpl.getChildren(CuratorFrameworkImpl.java:456)
	at org.apache.curator.framework.recipes.cache.PathChildrenCache.refresh(PathChildrenCache.java:521)
	at org.apache.curator.framework.recipes.cache.RefreshOperation.invoke(RefreshOperation.java:35)
	at org.apache.curator.framework.recipes.cache.PathChildrenCache$9.run(PathChildrenCache.java:786)
	at java.util.concurrent.Executors$RunnableAdapter.call(Executors.java:511)
	at java.util.concurrent.FutureTask.run(FutureTask.java:266)
	at java.util.concurrent.Executors$RunnableAdapter.call(Executors.java:511)
	at java.util.concurrent.FutureTask.run(FutureTask.java:266)
	at java.util.concurrent.ThreadPoolExecutor.runWorker(ThreadPoolExecutor.java:1149)
	at java.util.concurrent.ThreadPoolExecutor$Worker.run(ThreadPoolExecutor.java:624)
	at java.lang.Thread.run(Thread.java:748)
Heap
 PSYoungGen      total 145408K, used 103169K [0x00000000f5980000, 0x0000000100000000, 0x0000000100000000)
  eden space 119296K, 86% used [0x00000000f5980000,0x00000000fbdc8420,0x00000000fce00000)
  from space 26112K, 1% used [0x00000000fe680000,0x00000000fe6f8030,0x0000000100000000)
  to   space 25088K, 0% used [0x00000000fce00000,0x00000000fce00000,0x00000000fe680000)
 ParOldGen       total 341504K, used 40026K [0x00000000e0c00000, 0x00000000f5980000, 0x00000000f5980000)
  object space 341504K, 11% used [0x00000000e0c00000,0x00000000e3316b98,0x00000000f5980000)
 Metaspace       used 35953K, capacity 36922K, committed 37208K, reserved 1081344K
  class space    used 4970K, capacity 5187K, committed 5248K, reserved 1048576K
