09:39:01,634 |-INFO in ch.qos.logback.classic.LoggerContext[default] - Could NOT find resource [logback-test.xml]
09:39:01,634 |-INFO in ch.qos.logback.classic.LoggerContext[default] - Could NOT find resource [logback.groovy]
09:39:01,634 |-INFO in ch.qos.logback.classic.LoggerContext[default] - Found resource [logback.xml] at [jar:file:/home/nikitasokolov/flamestream/lib/flamestream-runtime-1.0-SNAPSHOT.jar!/logback.xml]
09:39:01,635 |-WARN in ch.qos.logback.classic.LoggerContext[default] - Resource [logback.xml] occurs multiple times on the classpath.
09:39:01,635 |-WARN in ch.qos.logback.classic.LoggerContext[default] - Resource [logback.xml] occurs at [jar:file:/home/nikitasokolov/flamestream/lib/flamestream-runtime-1.0-SNAPSHOT.jar!/logback.xml]
09:39:01,635 |-WARN in ch.qos.logback.classic.LoggerContext[default] - Resource [logback.xml] occurs at [jar:file:/home/nikitasokolov/flamestream/flamestream-runtime-1.0-SNAPSHOT.jar!/logback.xml]
09:39:01,651 |-INFO in ch.qos.logback.core.joran.spi.ConfigurationWatchList@6108b2d7 - URL [jar:file:/home/nikitasokolov/flamestream/lib/flamestream-runtime-1.0-SNAPSHOT.jar!/logback.xml] is not of type file
09:39:01,703 |-INFO in ch.qos.logback.classic.joran.action.ConfigurationAction - debug attribute not set
09:39:01,704 |-INFO in ch.qos.logback.core.joran.action.AppenderAction - About to instantiate appender of type [ch.qos.logback.core.ConsoleAppender]
09:39:01,712 |-INFO in ch.qos.logback.core.joran.action.AppenderAction - Naming appender as [STDOUT]
09:39:01,719 |-INFO in ch.qos.logback.core.joran.action.NestedComplexPropertyIA - Assuming default type [ch.qos.logback.classic.encoder.PatternLayoutEncoder] for [encoder] property
09:39:01,773 |-INFO in ch.qos.logback.core.joran.action.AppenderAction - About to instantiate appender of type [ch.qos.logback.core.rolling.RollingFileAppender]
09:39:01,778 |-INFO in ch.qos.logback.core.joran.action.AppenderAction - Naming appender as [FILE]
09:39:01,799 |-INFO in c.q.l.core.rolling.TimeBasedRollingPolicy@357863579 - No compression will be used
09:39:01,800 |-INFO in c.q.l.core.rolling.TimeBasedRollingPolicy@357863579 - Will use the pattern /tmp/application_%d{yyyy-MM-dd}.%i.log for the active file
09:39:01,803 |-INFO in ch.qos.logback.core.rolling.SizeAndTimeBasedFNATP@6bf256fa - The date pattern is 'yyyy-MM-dd' from file name pattern '/tmp/application_%d{yyyy-MM-dd}.%i.log'.
09:39:01,803 |-INFO in ch.qos.logback.core.rolling.SizeAndTimeBasedFNATP@6bf256fa - Roll-over at midnight.
09:39:01,807 |-INFO in ch.qos.logback.core.rolling.SizeAndTimeBasedFNATP@6bf256fa - Setting initial period to Sun Jun 09 09:38:16 MSK 2019
09:39:01,807 |-WARN in ch.qos.logback.core.rolling.SizeAndTimeBasedFNATP@6bf256fa - SizeAndTimeBasedFNATP is deprecated. Use SizeAndTimeBasedRollingPolicy instead
09:39:01,807 |-WARN in ch.qos.logback.core.rolling.SizeAndTimeBasedFNATP@6bf256fa - For more information see http://logback.qos.ch/manual/appenders.html#SizeAndTimeBasedRollingPolicy
09:39:01,812 |-INFO in ch.qos.logback.core.joran.action.NestedComplexPropertyIA - Assuming default type [ch.qos.logback.classic.encoder.PatternLayoutEncoder] for [encoder] property
09:39:01,815 |-INFO in ch.qos.logback.core.rolling.RollingFileAppender[FILE] - Active log file name: /tmp/application.log
09:39:01,815 |-INFO in ch.qos.logback.core.rolling.RollingFileAppender[FILE] - File property is set to [/tmp/application.log]
09:39:01,817 |-INFO in ch.qos.logback.classic.joran.action.RootLoggerAction - Setting level of ROOT logger to WARN
09:39:01,817 |-INFO in ch.qos.logback.core.joran.action.AppenderRefAction - Attaching appender named [STDOUT] to Logger[ROOT]
09:39:01,818 |-INFO in ch.qos.logback.core.joran.action.AppenderRefAction - Attaching appender named [FILE] to Logger[ROOT]
09:39:01,818 |-INFO in ch.qos.logback.classic.joran.action.ConfigurationAction - End of configuration.
09:39:01,818 |-INFO in ch.qos.logback.classic.joran.JoranConfigurator@6cd8737 - Registering current configuration as safe fallback point

2019-06-09T09:39:02.807+0300: 1.372: [GC (Metadata GC Threshold) [PSYoungGen: 105550K->15779K(149504K)] 105550K->15859K(491008K), 0.0205416 secs] [Times: user=0.10 sys=0.01, real=0.02 secs] 
2019-06-09T09:39:02.827+0300: 1.393: [Full GC (Metadata GC Threshold) [PSYoungGen: 15779K->0K(149504K)] [ParOldGen: 80K->14949K(341504K)] 15859K->14949K(491008K), [Metaspace: 20802K->20802K(1067008K)], 0.0277219 secs] [Times: user=0.18 sys=0.02, real=0.03 secs] 
09:39:14.056 [Curator-PathChildrenCache-1] WARN  o.a.c.u.ZKPaths  - The version of ZooKeeper being used doesn't support Container nodes. CreateMode.PERSISTENT will be used instead.
2019-06-09T09:39:14.955+0300: 13.521: [GC (Metadata GC Threshold) [PSYoungGen: 125977K->20987K(149504K)] 140926K->49788K(491008K), 0.0213618 secs] [Times: user=0.20 sys=0.02, real=0.02 secs] 
2019-06-09T09:39:14.977+0300: 13.542: [Full GC (Metadata GC Threshold) [PSYoungGen: 20987K->0K(149504K)] [ParOldGen: 28801K->38682K(341504K)] 49788K->38682K(491008K), [Metaspace: 34556K->34556K(1079296K)], 0.0343500 secs] [Times: user=0.15 sys=0.02, real=0.04 secs] 
2019-06-09T09:39:16.676+0300: 15.241: [GC (Allocation Failure) [PSYoungGen: 128512K->512K(149504K)] 167194K->39202K(491008K), 0.0030485 secs] [Times: user=0.02 sys=0.00, real=0.01 secs] 
2019-06-09T09:39:18.572+0300: 17.137: [GC (Allocation Failure) [PSYoungGen: 129024K->608K(149504K)] 167714K->39306K(491008K), 0.0023487 secs] [Times: user=0.01 sys=0.00, real=0.00 secs] 
2019-06-09T09:39:20.651+0300: 19.216: [GC (Allocation Failure) [PSYoungGen: 129120K->544K(129536K)] 167818K->39250K(471040K), 0.0047520 secs] [Times: user=0.03 sys=0.00, real=0.00 secs] 
2019-06-09T09:39:22.364+0300: 20.929: [GC (Allocation Failure) [PSYoungGen: 129056K->544K(133120K)] 167762K->39258K(474624K), 0.0039669 secs] [Times: user=0.01 sys=0.00, real=0.00 secs] 
2019-06-09T09:39:23.471+0300: 22.036: [GC (Allocation Failure) [PSYoungGen: 93728K->608K(130560K)] 132442K->39322K(472064K), 0.0031288 secs] [Times: user=0.01 sys=0.00, real=0.00 secs] 
2019-06-09T09:39:24.355+0300: 22.920: [GC (Allocation Failure) [PSYoungGen: 93792K->576K(136704K)] 132506K->39298K(478208K), 0.0029991 secs] [Times: user=0.01 sys=0.01, real=0.01 secs] 
2019-06-09T09:39:25.790+0300: 24.356: [GC (Allocation Failure) [PSYoungGen: 101952K->544K(135168K)] 140674K->39266K(476672K), 0.0807353 secs] [Times: user=0.01 sys=0.00, real=0.08 secs] 
2019-06-09T09:39:27.273+0300: 25.838: [GC (Allocation Failure) [PSYoungGen: 101920K->512K(140288K)] 140642K->39234K(481792K), 0.0039716 secs] [Times: user=0.01 sys=0.02, real=0.00 secs] 
2019-06-09T09:39:28.578+0300: 27.143: [GC (Allocation Failure) [PSYoungGen: 109056K->448K(138752K)] 147778K->39178K(480256K), 0.0041890 secs] [Times: user=0.03 sys=0.00, real=0.00 secs] 
2019-06-09T09:39:29.622+0300: 28.188: [GC (Allocation Failure) [PSYoungGen: 108992K->640K(143360K)] 147722K->39370K(484864K), 0.0038044 secs] [Times: user=0.02 sys=0.01, real=0.00 secs] 
2019-06-09T09:39:30.977+0300: 29.542: [GC (Allocation Failure) [PSYoungGen: 115328K->640K(141824K)] 154058K->39378K(483328K), 0.0028859 secs] [Times: user=0.01 sys=0.01, real=0.01 secs] 
2019-06-09T09:39:32.489+0300: 31.055: [GC (Allocation Failure) [PSYoungGen: 115328K->480K(146432K)] 154066K->39226K(487936K), 0.0030454 secs] [Times: user=0.01 sys=0.00, real=0.01 secs] 
2019-06-09T09:39:34.195+0300: 32.761: [GC (Allocation Failure) [PSYoungGen: 121312K->512K(144896K)] 160058K->39258K(486400K), 0.0032918 secs] [Times: user=0.01 sys=0.00, real=0.01 secs] 
09:39:42.526 [Curator-PathChildrenCache-0] ERROR o.a.c.f.r.c.PathChildrenCache  - 
java.lang.IllegalStateException: instance must be started before calling this method
	at org.apache.curator.shaded.com.google.common.base.Preconditions.checkState(Preconditions.java:444)
	at org.apache.curator.framework.imps.CuratorFrameworkImpl.getChildren(CuratorFrameworkImpl.java:456)
	at org.apache.curator.framework.recipes.cache.PathChildrenCache.refresh(PathChildrenCache.java:521)
	at org.apache.curator.framework.recipes.cache.RefreshOperation.invoke(RefreshOperation.java:35)
	at org.apache.curator.framework.recipes.cache.PathChildrenCache$9.run(PathChildrenCache.java:786)
	at java.util.concurrent.Executors$RunnableAdapter.call(Executors.java:511)
	at java.util.concurrent.FutureTask.run(FutureTask.java:266)
	at java.util.concurrent.Executors$RunnableAdapter.call(Executors.java:511)
	at java.util.concurrent.FutureTask.run(FutureTask.java:266)
	at java.util.concurrent.ThreadPoolExecutor.runWorker(ThreadPoolExecutor.java:1149)
	at java.util.concurrent.ThreadPoolExecutor$Worker.run(ThreadPoolExecutor.java:624)
	at java.lang.Thread.run(Thread.java:748)
Heap
 PSYoungGen      total 144896K, used 86439K [0x00000000f5980000, 0x0000000100000000, 0x0000000100000000)
  eden space 120832K, 71% used [0x00000000f5980000,0x00000000fad69f38,0x00000000fcf80000)
  from space 24064K, 2% used [0x00000000fcf80000,0x00000000fd000000,0x00000000fe700000)
  to   space 22528K, 0% used [0x00000000fea00000,0x00000000fea00000,0x0000000100000000)
 ParOldGen       total 341504K, used 38746K [0x00000000e0c00000, 0x00000000f5980000, 0x00000000f5980000)
  object space 341504K, 11% used [0x00000000e0c00000,0x00000000e31d6860,0x00000000f5980000)
 Metaspace       used 35739K, capacity 36614K, committed 36952K, reserved 1081344K
  class space    used 4935K, capacity 5129K, committed 5248K, reserved 1048576K
