16:41:18,238 |-INFO in ch.qos.logback.classic.LoggerContext[default] - Could NOT find resource [logback-test.xml]
16:41:18,238 |-INFO in ch.qos.logback.classic.LoggerContext[default] - Could NOT find resource [logback.groovy]
16:41:18,238 |-INFO in ch.qos.logback.classic.LoggerContext[default] - Found resource [logback.xml] at [jar:file:/root/flamestream/lib/flamestream-runtime-1.0-SNAPSHOT.jar!/logback.xml]
16:41:18,238 |-WARN in ch.qos.logback.classic.LoggerContext[default] - Resource [logback.xml] occurs multiple times on the classpath.
16:41:18,239 |-WARN in ch.qos.logback.classic.LoggerContext[default] - Resource [logback.xml] occurs at [jar:file:/root/flamestream/lib/flamestream-runtime-1.0-SNAPSHOT.jar!/logback.xml]
16:41:18,239 |-WARN in ch.qos.logback.classic.LoggerContext[default] - Resource [logback.xml] occurs at [jar:file:/root/flamestream/flamestream-runtime-1.0-SNAPSHOT.jar!/logback.xml]
16:41:18,263 |-INFO in ch.qos.logback.core.joran.spi.ConfigurationWatchList@3fb6a447 - URL [jar:file:/root/flamestream/lib/flamestream-runtime-1.0-SNAPSHOT.jar!/logback.xml] is not of type file
16:41:18,329 |-INFO in ch.qos.logback.classic.joran.action.ConfigurationAction - debug attribute not set
16:41:18,330 |-INFO in ch.qos.logback.core.joran.action.AppenderAction - About to instantiate appender of type [ch.qos.logback.core.ConsoleAppender]
16:41:18,346 |-INFO in ch.qos.logback.core.joran.action.AppenderAction - Naming appender as [STDOUT]
16:41:18,359 |-INFO in ch.qos.logback.core.joran.action.NestedComplexPropertyIA - Assuming default type [ch.qos.logback.classic.encoder.PatternLayoutEncoder] for [encoder] property
16:41:18,464 |-INFO in ch.qos.logback.core.joran.action.AppenderAction - About to instantiate appender of type [ch.qos.logback.core.rolling.RollingFileAppender]
16:41:18,471 |-INFO in ch.qos.logback.core.joran.action.AppenderAction - Naming appender as [FILE]
16:41:18,502 |-INFO in c.q.l.core.rolling.TimeBasedRollingPolicy@127618319 - No compression will be used
16:41:18,503 |-INFO in c.q.l.core.rolling.TimeBasedRollingPolicy@127618319 - Will use the pattern /tmp/application_%d{yyyy-MM-dd}.%i.log for the active file
16:41:18,505 |-INFO in ch.qos.logback.core.rolling.SizeAndTimeBasedFNATP@6b2fad11 - The date pattern is 'yyyy-MM-dd' from file name pattern '/tmp/application_%d{yyyy-MM-dd}.%i.log'.
16:41:18,505 |-INFO in ch.qos.logback.core.rolling.SizeAndTimeBasedFNATP@6b2fad11 - Roll-over at midnight.
16:41:18,511 |-INFO in ch.qos.logback.core.rolling.SizeAndTimeBasedFNATP@6b2fad11 - Setting initial period to Mon Jun 10 16:39:59 UTC 2019
16:41:18,511 |-WARN in ch.qos.logback.core.rolling.SizeAndTimeBasedFNATP@6b2fad11 - SizeAndTimeBasedFNATP is deprecated. Use SizeAndTimeBasedRollingPolicy instead
16:41:18,511 |-WARN in ch.qos.logback.core.rolling.SizeAndTimeBasedFNATP@6b2fad11 - For more information see http://logback.qos.ch/manual/appenders.html#SizeAndTimeBasedRollingPolicy
16:41:18,515 |-INFO in ch.qos.logback.core.joran.action.NestedComplexPropertyIA - Assuming default type [ch.qos.logback.classic.encoder.PatternLayoutEncoder] for [encoder] property
16:41:18,520 |-INFO in ch.qos.logback.core.rolling.RollingFileAppender[FILE] - Active log file name: /tmp/application.log
16:41:18,520 |-INFO in ch.qos.logback.core.rolling.RollingFileAppender[FILE] - File property is set to [/tmp/application.log]
16:41:18,521 |-INFO in ch.qos.logback.classic.joran.action.RootLoggerAction - Setting level of ROOT logger to WARN
16:41:18,521 |-INFO in ch.qos.logback.core.joran.action.AppenderRefAction - Attaching appender named [STDOUT] to Logger[ROOT]
16:41:18,523 |-INFO in ch.qos.logback.core.joran.action.AppenderRefAction - Attaching appender named [FILE] to Logger[ROOT]
16:41:18,523 |-INFO in ch.qos.logback.classic.joran.action.ConfigurationAction - End of configuration.
16:41:18,523 |-INFO in ch.qos.logback.classic.joran.JoranConfigurator@79698539 - Registering current configuration as safe fallback point

Ama winner
Ama winner
2019-06-10T16:41:19.779+0000: 1.721: [Full GC (Metadata GC Threshold) 2019-06-10T16:41:19.779+0000: 1.721: [Tenured: 0K->15207K(341376K), 0.0415791 secs] 114986K->15207K(494976K), [Metaspace: 20724K->20724K(1067008K)], 0.0416471 secs] [Times: user=0.03 sys=0.01, real=0.05 secs] 
16:41:42.266 [Curator-PathChildrenCache-1] WARN  o.a.c.u.ZKPaths  - The version of ZooKeeper being used doesn't support Container nodes. CreateMode.PERSISTENT will be used instead.
2019-06-10T16:41:44.458+0000: 26.400: [GC (Allocation Failure) 2019-06-10T16:41:44.458+0000: 26.400: [DefNew: 136576K->17023K(153600K), 0.0262597 secs] 151783K->52712K(494976K), 0.0263424 secs] [Times: user=0.01 sys=0.02, real=0.03 secs] 
2019-06-10T16:41:46.814+0000: 28.756: [Full GC (Metadata GC Threshold) 2019-06-10T16:41:46.814+0000: 28.756: [Tenured: 35688K->44327K(341376K), 0.0441086 secs] 104490K->44327K(494976K), [Metaspace: 34594K->34594K(1079296K)], 0.0441812 secs] [Times: user=0.04 sys=0.01, real=0.04 secs] 
2019-06-10T16:41:52.838+0000: 34.780: [GC (Allocation Failure) 2019-06-10T16:41:52.838+0000: 34.780: [DefNew: 136576K->64K(153600K), 0.0018714 secs] 180903K->44391K(494976K), 0.0019358 secs] [Times: user=0.00 sys=0.00, real=0.01 secs] 
2019-06-10T16:41:58.799+0000: 40.741: [GC (Allocation Failure) 2019-06-10T16:41:58.799+0000: 40.742: [DefNew: 136640K->66K(153600K), 0.0016903 secs] 180967K->44394K(494976K), 0.0017520 secs] [Times: user=0.01 sys=0.00, real=0.00 secs] 
2019-06-10T16:42:04.908+0000: 46.851: [GC (Allocation Failure) 2019-06-10T16:42:04.908+0000: 46.851: [DefNew: 136642K->68K(153600K), 0.0017793 secs] 180970K->44395K(494976K), 0.0018414 secs] [Times: user=0.00 sys=0.00, real=0.00 secs] 
2019-06-10T16:42:11.043+0000: 52.986: [GC (Allocation Failure) 2019-06-10T16:42:11.043+0000: 52.986: [DefNew: 136644K->65K(153600K), 0.0017356 secs] 180971K->44393K(494976K), 0.0017975 secs] [Times: user=0.00 sys=0.00, real=0.00 secs] 
2019-06-10T16:42:17.235+0000: 59.177: [GC (Allocation Failure) 2019-06-10T16:42:17.235+0000: 59.177: [DefNew: 136641K->66K(153600K), 0.0017498 secs] 180969K->44394K(494976K), 0.0018335 secs] [Times: user=0.00 sys=0.00, real=0.00 secs] 
16:42:25.080 [Curator-PathChildrenCache-0] ERROR o.a.c.f.r.c.PathChildrenCache  - 
java.lang.IllegalStateException: instance must be started before calling this method
	at org.apache.curator.shaded.com.google.common.base.Preconditions.checkState(Preconditions.java:444)
	at org.apache.curator.framework.imps.CuratorFrameworkImpl.getChildren(CuratorFrameworkImpl.java:456)
	at org.apache.curator.framework.recipes.cache.PathChildrenCache.refresh(PathChildrenCache.java:521)
	at org.apache.curator.framework.recipes.cache.RefreshOperation.invoke(RefreshOperation.java:35)
	at org.apache.curator.framework.recipes.cache.PathChildrenCache$9.run(PathChildrenCache.java:786)
	at java.util.concurrent.Executors$RunnableAdapter.call(Executors.java:511)
	at java.util.concurrent.FutureTask.run(FutureTask.java:266)
	at java.util.concurrent.Executors$RunnableAdapter.call(Executors.java:511)
	at java.util.concurrent.FutureTask.run(FutureTask.java:266)
	at java.util.concurrent.ThreadPoolExecutor.runWorker(ThreadPoolExecutor.java:1149)
	at java.util.concurrent.ThreadPoolExecutor$Worker.run(ThreadPoolExecutor.java:624)
	at java.lang.Thread.run(Thread.java:748)
Heap
 def new generation   total 153600K, used 61429K [0x00000000e0c00000, 0x00000000eb2a0000, 0x00000000eb2a0000)
  eden space 136576K,  44% used [0x00000000e0c00000, 0x00000000e47ecb70, 0x00000000e9160000)
  from space 17024K,   0% used [0x00000000e9160000, 0x00000000e9170b20, 0x00000000ea200000)
  to   space 17024K,   0% used [0x00000000ea200000, 0x00000000ea200000, 0x00000000eb2a0000)
 tenured generation   total 341376K, used 44327K [0x00000000eb2a0000, 0x0000000100000000, 0x0000000100000000)
   the space 341376K,  12% used [0x00000000eb2a0000, 0x00000000edde9e90, 0x00000000eddea000, 0x0000000100000000)
 Metaspace       used 36148K, capacity 37062K, committed 37376K, reserved 1081344K
  class space    used 4869K, capacity 5075K, committed 5120K, reserved 1048576K
