17:41:25,477 |-INFO in ch.qos.logback.classic.LoggerContext[default] - Could NOT find resource [logback-test.xml]
17:41:25,477 |-INFO in ch.qos.logback.classic.LoggerContext[default] - Could NOT find resource [logback.groovy]
17:41:25,477 |-INFO in ch.qos.logback.classic.LoggerContext[default] - Found resource [logback.xml] at [jar:file:/root/flamestream/lib/flamestream-runtime-1.0-SNAPSHOT.jar!/logback.xml]
17:41:25,482 |-WARN in ch.qos.logback.classic.LoggerContext[default] - Resource [logback.xml] occurs multiple times on the classpath.
17:41:25,482 |-WARN in ch.qos.logback.classic.LoggerContext[default] - Resource [logback.xml] occurs at [jar:file:/root/flamestream/lib/flamestream-runtime-1.0-SNAPSHOT.jar!/logback.xml]
17:41:25,482 |-WARN in ch.qos.logback.classic.LoggerContext[default] - Resource [logback.xml] occurs at [jar:file:/root/flamestream/flamestream-runtime-1.0-SNAPSHOT.jar!/logback.xml]
17:41:25,502 |-INFO in ch.qos.logback.core.joran.spi.ConfigurationWatchList@3fb6a447 - URL [jar:file:/root/flamestream/lib/flamestream-runtime-1.0-SNAPSHOT.jar!/logback.xml] is not of type file
17:41:25,568 |-INFO in ch.qos.logback.classic.joran.action.ConfigurationAction - debug attribute not set
17:41:25,568 |-INFO in ch.qos.logback.core.joran.action.AppenderAction - About to instantiate appender of type [ch.qos.logback.core.ConsoleAppender]
17:41:25,584 |-INFO in ch.qos.logback.core.joran.action.AppenderAction - Naming appender as [STDOUT]
17:41:25,601 |-INFO in ch.qos.logback.core.joran.action.NestedComplexPropertyIA - Assuming default type [ch.qos.logback.classic.encoder.PatternLayoutEncoder] for [encoder] property
17:41:25,684 |-INFO in ch.qos.logback.core.joran.action.AppenderAction - About to instantiate appender of type [ch.qos.logback.core.rolling.RollingFileAppender]
17:41:25,693 |-INFO in ch.qos.logback.core.joran.action.AppenderAction - Naming appender as [FILE]
17:41:25,724 |-INFO in c.q.l.core.rolling.TimeBasedRollingPolicy@127618319 - No compression will be used
17:41:25,725 |-INFO in c.q.l.core.rolling.TimeBasedRollingPolicy@127618319 - Will use the pattern /tmp/application_%d{yyyy-MM-dd}.%i.log for the active file
17:41:25,728 |-INFO in ch.qos.logback.core.rolling.SizeAndTimeBasedFNATP@6b2fad11 - The date pattern is 'yyyy-MM-dd' from file name pattern '/tmp/application_%d{yyyy-MM-dd}.%i.log'.
17:41:25,728 |-INFO in ch.qos.logback.core.rolling.SizeAndTimeBasedFNATP@6b2fad11 - Roll-over at midnight.
17:41:25,734 |-INFO in ch.qos.logback.core.rolling.SizeAndTimeBasedFNATP@6b2fad11 - Setting initial period to Mon Jun 10 17:40:11 UTC 2019
17:41:25,734 |-WARN in ch.qos.logback.core.rolling.SizeAndTimeBasedFNATP@6b2fad11 - SizeAndTimeBasedFNATP is deprecated. Use SizeAndTimeBasedRollingPolicy instead
17:41:25,734 |-WARN in ch.qos.logback.core.rolling.SizeAndTimeBasedFNATP@6b2fad11 - For more information see http://logback.qos.ch/manual/appenders.html#SizeAndTimeBasedRollingPolicy
17:41:25,738 |-INFO in ch.qos.logback.core.joran.action.NestedComplexPropertyIA - Assuming default type [ch.qos.logback.classic.encoder.PatternLayoutEncoder] for [encoder] property
17:41:25,743 |-INFO in ch.qos.logback.core.rolling.RollingFileAppender[FILE] - Active log file name: /tmp/application.log
17:41:25,743 |-INFO in ch.qos.logback.core.rolling.RollingFileAppender[FILE] - File property is set to [/tmp/application.log]
17:41:25,744 |-INFO in ch.qos.logback.classic.joran.action.RootLoggerAction - Setting level of ROOT logger to WARN
17:41:25,744 |-INFO in ch.qos.logback.core.joran.action.AppenderRefAction - Attaching appender named [STDOUT] to Logger[ROOT]
17:41:25,744 |-INFO in ch.qos.logback.core.joran.action.AppenderRefAction - Attaching appender named [FILE] to Logger[ROOT]
17:41:25,744 |-INFO in ch.qos.logback.classic.joran.action.ConfigurationAction - End of configuration.
17:41:25,745 |-INFO in ch.qos.logback.classic.joran.JoranConfigurator@79698539 - Registering current configuration as safe fallback point

Ama winner
Ama winner
2019-06-10T17:41:27.032+0000: 1.740: [Full GC (Metadata GC Threshold) 2019-06-10T17:41:27.032+0000: 1.740: [Tenured: 0K->15177K(341376K), 0.0387363 secs] 117751K->15177K(494976K), [Metaspace: 20736K->20736K(1067008K)], 0.0388027 secs] [Times: user=0.03 sys=0.01, real=0.04 secs] 
17:41:45.422 [Curator-PathChildrenCache-2] WARN  o.a.c.u.ZKPaths  - The version of ZooKeeper being used doesn't support Container nodes. CreateMode.PERSISTENT will be used instead.
2019-06-10T17:41:47.582+0000: 22.290: [GC (Allocation Failure) 2019-06-10T17:41:47.582+0000: 22.290: [DefNew: 136576K->17023K(153600K), 0.0274094 secs] 151753K->52773K(494976K), 0.0274727 secs] [Times: user=0.03 sys=0.01, real=0.03 secs] 
2019-06-10T17:41:48.017+0000: 22.726: [Full GC (Metadata GC Threshold) 2019-06-10T17:41:48.018+0000: 22.726: [Tenured: 35749K->44171K(341376K), 0.0345702 secs] 72599K->44171K(494976K), [Metaspace: 34575K->34575K(1079296K)], 0.0346427 secs] [Times: user=0.03 sys=0.01, real=0.03 secs] 
2019-06-10T17:41:50.402+0000: 25.110: [GC (Allocation Failure) 2019-06-10T17:41:50.402+0000: 25.110: [DefNew: 136576K->148K(153600K), 0.0020349 secs] 180747K->44319K(494976K), 0.0020920 secs] [Times: user=0.01 sys=0.00, real=0.00 secs] 
2019-06-10T17:41:52.621+0000: 27.329: [GC (Allocation Failure) 2019-06-10T17:41:52.621+0000: 27.329: [DefNew: 136724K->165K(153600K), 0.0018660 secs] 180895K->44336K(494976K), 0.0019245 secs] [Times: user=0.00 sys=0.00, real=0.00 secs] 
2019-06-10T17:41:54.891+0000: 29.599: [GC (Allocation Failure) 2019-06-10T17:41:54.891+0000: 29.599: [DefNew: 136741K->171K(153600K), 0.0019590 secs] 180912K->44342K(494976K), 0.0020283 secs] [Times: user=0.00 sys=0.00, real=0.00 secs] 
2019-06-10T17:41:57.155+0000: 31.863: [GC (Allocation Failure) 2019-06-10T17:41:57.155+0000: 31.863: [DefNew: 136747K->174K(153600K), 0.0018775 secs] 180918K->44345K(494976K), 0.0019377 secs] [Times: user=0.00 sys=0.00, real=0.00 secs] 
2019-06-10T17:41:59.411+0000: 34.119: [GC (Allocation Failure) 2019-06-10T17:41:59.411+0000: 34.119: [DefNew: 136750K->173K(153600K), 0.0019794 secs] 180921K->44344K(494976K), 0.0020387 secs] [Times: user=0.01 sys=0.00, real=0.01 secs] 
17:42:06.364 [Curator-PathChildrenCache-0] ERROR o.a.c.f.r.c.PathChildrenCache  - 
java.lang.IllegalStateException: instance must be started before calling this method
	at org.apache.curator.shaded.com.google.common.base.Preconditions.checkState(Preconditions.java:444)
	at org.apache.curator.framework.imps.CuratorFrameworkImpl.getChildren(CuratorFrameworkImpl.java:456)
	at org.apache.curator.framework.recipes.cache.PathChildrenCache.refresh(PathChildrenCache.java:521)
	at org.apache.curator.framework.recipes.cache.RefreshOperation.invoke(RefreshOperation.java:35)
	at org.apache.curator.framework.recipes.cache.PathChildrenCache$9.run(PathChildrenCache.java:786)
	at java.util.concurrent.Executors$RunnableAdapter.call(Executors.java:511)
	at java.util.concurrent.FutureTask.run(FutureTask.java:266)
	at java.util.concurrent.Executors$RunnableAdapter.call(Executors.java:511)
	at java.util.concurrent.FutureTask.run(FutureTask.java:266)
	at java.util.concurrent.ThreadPoolExecutor.runWorker(ThreadPoolExecutor.java:1149)
	at java.util.concurrent.ThreadPoolExecutor$Worker.run(ThreadPoolExecutor.java:624)
	at java.lang.Thread.run(Thread.java:748)
Heap
 def new generation   total 153600K, used 109523K [0x00000000e0c00000, 0x00000000eb2a0000, 0x00000000eb2a0000)
  eden space 136576K,  80% used [0x00000000e0c00000, 0x00000000e76c9900, 0x00000000e9160000)
  from space 17024K,   1% used [0x00000000e9160000, 0x00000000e918b538, 0x00000000ea200000)
  to   space 17024K,   0% used [0x00000000ea200000, 0x00000000ea200000, 0x00000000eb2a0000)
 tenured generation   total 341376K, used 44171K [0x00000000eb2a0000, 0x0000000100000000, 0x0000000100000000)
   the space 341376K,  12% used [0x00000000eb2a0000, 0x00000000eddc2e18, 0x00000000eddc3000, 0x0000000100000000)
 Metaspace       used 35829K, capacity 36802K, committed 37120K, reserved 1081344K
  class space    used 4857K, capacity 5059K, committed 5120K, reserved 1048576K
