07:40:52,942 |-INFO in ch.qos.logback.classic.LoggerContext[default] - Could NOT find resource [logback-test.xml]
07:40:52,942 |-INFO in ch.qos.logback.classic.LoggerContext[default] - Could NOT find resource [logback.groovy]
07:40:52,942 |-INFO in ch.qos.logback.classic.LoggerContext[default] - Found resource [logback.xml] at [jar:file:/home/nikitasokolov/flamestream/lib/flamestream-runtime-1.0-SNAPSHOT.jar!/logback.xml]
07:40:52,943 |-WARN in ch.qos.logback.classic.LoggerContext[default] - Resource [logback.xml] occurs multiple times on the classpath.
07:40:52,943 |-WARN in ch.qos.logback.classic.LoggerContext[default] - Resource [logback.xml] occurs at [jar:file:/home/nikitasokolov/flamestream/lib/flamestream-runtime-1.0-SNAPSHOT.jar!/logback.xml]
07:40:52,943 |-WARN in ch.qos.logback.classic.LoggerContext[default] - Resource [logback.xml] occurs at [jar:file:/home/nikitasokolov/flamestream/flamestream-runtime-1.0-SNAPSHOT.jar!/logback.xml]
07:40:52,959 |-INFO in ch.qos.logback.core.joran.spi.ConfigurationWatchList@6108b2d7 - URL [jar:file:/home/nikitasokolov/flamestream/lib/flamestream-runtime-1.0-SNAPSHOT.jar!/logback.xml] is not of type file
07:40:53,013 |-INFO in ch.qos.logback.classic.joran.action.ConfigurationAction - debug attribute not set
07:40:53,014 |-INFO in ch.qos.logback.core.joran.action.AppenderAction - About to instantiate appender of type [ch.qos.logback.core.ConsoleAppender]
07:40:53,025 |-INFO in ch.qos.logback.core.joran.action.AppenderAction - Naming appender as [STDOUT]
07:40:53,033 |-INFO in ch.qos.logback.core.joran.action.NestedComplexPropertyIA - Assuming default type [ch.qos.logback.classic.encoder.PatternLayoutEncoder] for [encoder] property
07:40:53,087 |-INFO in ch.qos.logback.core.joran.action.AppenderAction - About to instantiate appender of type [ch.qos.logback.core.rolling.RollingFileAppender]
07:40:53,092 |-INFO in ch.qos.logback.core.joran.action.AppenderAction - Naming appender as [FILE]
07:40:53,114 |-INFO in c.q.l.core.rolling.TimeBasedRollingPolicy@357863579 - No compression will be used
07:40:53,115 |-INFO in c.q.l.core.rolling.TimeBasedRollingPolicy@357863579 - Will use the pattern /tmp/application_%d{yyyy-MM-dd}.%i.log for the active file
07:40:53,118 |-INFO in ch.qos.logback.core.rolling.SizeAndTimeBasedFNATP@6bf256fa - The date pattern is 'yyyy-MM-dd' from file name pattern '/tmp/application_%d{yyyy-MM-dd}.%i.log'.
07:40:53,118 |-INFO in ch.qos.logback.core.rolling.SizeAndTimeBasedFNATP@6bf256fa - Roll-over at midnight.
07:40:53,122 |-INFO in ch.qos.logback.core.rolling.SizeAndTimeBasedFNATP@6bf256fa - Setting initial period to Sun Jun 09 07:40:06 MSK 2019
07:40:53,122 |-WARN in ch.qos.logback.core.rolling.SizeAndTimeBasedFNATP@6bf256fa - SizeAndTimeBasedFNATP is deprecated. Use SizeAndTimeBasedRollingPolicy instead
07:40:53,122 |-WARN in ch.qos.logback.core.rolling.SizeAndTimeBasedFNATP@6bf256fa - For more information see http://logback.qos.ch/manual/appenders.html#SizeAndTimeBasedRollingPolicy
07:40:53,126 |-INFO in ch.qos.logback.core.joran.action.NestedComplexPropertyIA - Assuming default type [ch.qos.logback.classic.encoder.PatternLayoutEncoder] for [encoder] property
07:40:53,129 |-INFO in ch.qos.logback.core.rolling.RollingFileAppender[FILE] - Active log file name: /tmp/application.log
07:40:53,129 |-INFO in ch.qos.logback.core.rolling.RollingFileAppender[FILE] - File property is set to [/tmp/application.log]
07:40:53,130 |-INFO in ch.qos.logback.classic.joran.action.RootLoggerAction - Setting level of ROOT logger to WARN
07:40:53,130 |-INFO in ch.qos.logback.core.joran.action.AppenderRefAction - Attaching appender named [STDOUT] to Logger[ROOT]
07:40:53,130 |-INFO in ch.qos.logback.core.joran.action.AppenderRefAction - Attaching appender named [FILE] to Logger[ROOT]
07:40:53,130 |-INFO in ch.qos.logback.classic.joran.action.ConfigurationAction - End of configuration.
07:40:53,131 |-INFO in ch.qos.logback.classic.joran.JoranConfigurator@6cd8737 - Registering current configuration as safe fallback point

2019-06-09T07:40:54.100+0300: 1.361: [GC (Metadata GC Threshold) [PSYoungGen: 108151K->15795K(149504K)] 108151K->15875K(491008K), 0.0211313 secs] [Times: user=0.11 sys=0.01, real=0.02 secs] 
2019-06-09T07:40:54.121+0300: 1.382: [Full GC (Metadata GC Threshold) [PSYoungGen: 15795K->0K(149504K)] [ParOldGen: 80K->14981K(341504K)] 15875K->14981K(491008K), [Metaspace: 20800K->20800K(1067008K)], 0.0275978 secs] [Times: user=0.18 sys=0.01, real=0.02 secs] 
07:41:03.471 [Curator-PathChildrenCache-1] WARN  o.a.c.u.ZKPaths  - The version of ZooKeeper being used doesn't support Container nodes. CreateMode.PERSISTENT will be used instead.
2019-06-09T07:41:04.394+0300: 11.655: [GC (Metadata GC Threshold) [PSYoungGen: 125237K->15853K(149504K)] 140218K->50374K(491008K), 0.0264980 secs] [Times: user=0.21 sys=0.03, real=0.03 secs] 
2019-06-09T07:41:04.420+0300: 11.682: [Full GC (Metadata GC Threshold) [PSYoungGen: 15853K->0K(149504K)] [ParOldGen: 34520K->38832K(341504K)] 50374K->38832K(491008K), [Metaspace: 34546K->34546K(1079296K)], 0.0405337 secs] [Times: user=0.22 sys=0.01, real=0.04 secs] 
2019-06-09T07:41:08.878+0300: 16.139: [GC (Allocation Failure) [PSYoungGen: 128512K->480K(149504K)] 167344K->39320K(491008K), 0.0038393 secs] [Times: user=0.02 sys=0.00, real=0.00 secs] 
2019-06-09T07:41:14.048+0300: 21.310: [GC (Allocation Failure) [PSYoungGen: 128992K->448K(149504K)] 167832K->39296K(491008K), 0.0047034 secs] [Times: user=0.03 sys=0.00, real=0.01 secs] 
2019-06-09T07:41:19.206+0300: 26.467: [GC (Allocation Failure) [PSYoungGen: 128960K->448K(129024K)] 167808K->39304K(470528K), 0.0866614 secs] [Times: user=0.04 sys=0.00, real=0.09 secs] 
2019-06-09T07:41:24.325+0300: 31.586: [GC (Allocation Failure) [PSYoungGen: 128960K->448K(150016K)] 167816K->39312K(491520K), 0.0026420 secs] [Times: user=0.02 sys=0.00, real=0.00 secs] 
2019-06-09T07:41:29.558+0300: 36.882: [GC (Allocation Failure) [PSYoungGen: 128960K->416K(148992K)] 167824K->39288K(490496K), 0.0651973 secs] [Times: user=0.02 sys=0.00, real=0.06 secs] 
2019-06-09T07:41:34.805+0300: 42.066: [GC (Allocation Failure) [PSYoungGen: 128928K->448K(151552K)] 167800K->39328K(493056K), 0.0027938 secs] [Times: user=0.01 sys=0.00, real=0.00 secs] 
2019-06-09T07:41:40.200+0300: 47.537: [GC (Allocation Failure) [PSYoungGen: 132544K->512K(151040K)] 171424K->39400K(492544K), 0.0793477 secs] [Times: user=0.03 sys=0.00, real=0.08 secs] 
2019-06-09T07:41:45.600+0300: 52.862: [GC (Allocation Failure) [PSYoungGen: 132608K->480K(153088K)] 171496K->39376K(494592K), 0.0039926 secs] [Times: user=0.02 sys=0.00, real=0.00 secs] 
2019-06-09T07:41:51.125+0300: 58.470: [GC (Allocation Failure) [PSYoungGen: 135648K->480K(152576K)] 174544K->39384K(494080K), 0.0856315 secs] [Times: user=0.01 sys=0.00, real=0.09 secs] 
2019-06-09T07:41:57.088+0300: 64.349: [GC (Allocation Failure) [PSYoungGen: 135648K->823K(155136K)] 174552K->39735K(496640K), 0.0038539 secs] [Times: user=0.02 sys=0.00, real=0.01 secs] 
2019-06-09T07:42:04.324+0300: 71.585: [GC (Allocation Failure) [PSYoungGen: 139575K->416K(154112K)] 178487K->39336K(495616K), 0.0049485 secs] [Times: user=0.03 sys=0.00, real=0.00 secs] 
2019-06-09T07:42:11.507+0300: 78.769: [GC (Allocation Failure) [PSYoungGen: 139168K->512K(156672K)] 178088K->39440K(498176K), 0.0036404 secs] [Times: user=0.01 sys=0.01, real=0.01 secs] 
07:42:24.972 [Curator-PathChildrenCache-0] ERROR o.a.c.f.r.c.PathChildrenCache  - 
java.lang.IllegalStateException: instance must be started before calling this method
	at org.apache.curator.shaded.com.google.common.base.Preconditions.checkState(Preconditions.java:444)
	at org.apache.curator.framework.imps.CuratorFrameworkImpl.getChildren(CuratorFrameworkImpl.java:456)
	at org.apache.curator.framework.recipes.cache.PathChildrenCache.refresh(PathChildrenCache.java:521)
	at org.apache.curator.framework.recipes.cache.RefreshOperation.invoke(RefreshOperation.java:35)
	at org.apache.curator.framework.recipes.cache.PathChildrenCache$9.run(PathChildrenCache.java:786)
	at java.util.concurrent.Executors$RunnableAdapter.call(Executors.java:511)
	at java.util.concurrent.FutureTask.run(FutureTask.java:266)
	at java.util.concurrent.Executors$RunnableAdapter.call(Executors.java:511)
	at java.util.concurrent.FutureTask.run(FutureTask.java:266)
	at java.util.concurrent.ThreadPoolExecutor.runWorker(ThreadPoolExecutor.java:1149)
	at java.util.concurrent.ThreadPoolExecutor$Worker.run(ThreadPoolExecutor.java:624)
	at java.lang.Thread.run(Thread.java:748)
Heap
 PSYoungGen      total 156672K, used 32789K [0x00000000f5980000, 0x0000000100000000, 0x0000000100000000)
  eden space 141824K, 22% used [0x00000000f5980000,0x00000000f7905530,0x00000000fe400000)
  from space 14848K, 3% used [0x00000000ff180000,0x00000000ff200010,0x0000000100000000)
  to   space 13824K, 0% used [0x00000000fe400000,0x00000000fe400000,0x00000000ff180000)
 ParOldGen       total 341504K, used 38928K [0x00000000e0c00000, 0x00000000f5980000, 0x00000000f5980000)
  object space 341504K, 11% used [0x00000000e0c00000,0x00000000e3204008,0x00000000f5980000)
 Metaspace       used 36187K, capacity 37022K, committed 37208K, reserved 1081344K
  class space    used 4977K, capacity 5161K, committed 5248K, reserved 1048576K
