11:34:50,584 |-INFO in ch.qos.logback.classic.LoggerContext[default] - Could NOT find resource [logback-test.xml]
11:34:50,584 |-INFO in ch.qos.logback.classic.LoggerContext[default] - Could NOT find resource [logback.groovy]
11:34:50,584 |-INFO in ch.qos.logback.classic.LoggerContext[default] - Found resource [logback.xml] at [jar:file:/home/ubuntu/flamestream/lib/flamestream-runtime-1.0-SNAPSHOT.jar!/logback.xml]
11:34:50,585 |-WARN in ch.qos.logback.classic.LoggerContext[default] - Resource [logback.xml] occurs multiple times on the classpath.
11:34:50,585 |-WARN in ch.qos.logback.classic.LoggerContext[default] - Resource [logback.xml] occurs at [jar:file:/home/ubuntu/flamestream/flamestream-runtime-1.0-SNAPSHOT.jar!/logback.xml]
11:34:50,585 |-WARN in ch.qos.logback.classic.LoggerContext[default] - Resource [logback.xml] occurs at [jar:file:/home/ubuntu/flamestream/lib/flamestream-runtime-1.0-SNAPSHOT.jar!/logback.xml]
11:34:50,601 |-INFO in ch.qos.logback.core.joran.spi.ConfigurationWatchList@4678c730 - URL [jar:file:/home/ubuntu/flamestream/lib/flamestream-runtime-1.0-SNAPSHOT.jar!/logback.xml] is not of type file
11:34:50,667 |-INFO in ch.qos.logback.classic.joran.action.ConfigurationAction - debug attribute not set
11:34:50,668 |-INFO in ch.qos.logback.core.joran.action.AppenderAction - About to instantiate appender of type [ch.qos.logback.core.ConsoleAppender]
11:34:50,688 |-INFO in ch.qos.logback.core.joran.action.AppenderAction - Naming appender as [STDOUT]
11:34:50,702 |-INFO in ch.qos.logback.core.joran.action.NestedComplexPropertyIA - Assuming default type [ch.qos.logback.classic.encoder.PatternLayoutEncoder] for [encoder] property
11:34:50,801 |-INFO in ch.qos.logback.core.joran.action.AppenderAction - About to instantiate appender of type [ch.qos.logback.core.rolling.RollingFileAppender]
11:34:50,805 |-INFO in ch.qos.logback.core.joran.action.AppenderAction - Naming appender as [FILE]
11:34:50,841 |-INFO in c.q.l.core.rolling.TimeBasedRollingPolicy@1734853116 - No compression will be used
11:34:50,843 |-INFO in c.q.l.core.rolling.TimeBasedRollingPolicy@1734853116 - Will use the pattern /tmp/application_%d{yyyy-MM-dd}.%i.log for the active file
11:34:50,853 |-INFO in ch.qos.logback.core.rolling.SizeAndTimeBasedFNATP@29ee9faa - The date pattern is 'yyyy-MM-dd' from file name pattern '/tmp/application_%d{yyyy-MM-dd}.%i.log'.
11:34:50,853 |-INFO in ch.qos.logback.core.rolling.SizeAndTimeBasedFNATP@29ee9faa - Roll-over at midnight.
11:34:50,860 |-INFO in ch.qos.logback.core.rolling.SizeAndTimeBasedFNATP@29ee9faa - Setting initial period to Thu Oct 10 11:34:25 UTC 2019
11:34:50,860 |-WARN in ch.qos.logback.core.rolling.SizeAndTimeBasedFNATP@29ee9faa - SizeAndTimeBasedFNATP is deprecated. Use SizeAndTimeBasedRollingPolicy instead
11:34:50,860 |-WARN in ch.qos.logback.core.rolling.SizeAndTimeBasedFNATP@29ee9faa - For more information see http://logback.qos.ch/manual/appenders.html#SizeAndTimeBasedRollingPolicy
11:34:50,865 |-INFO in ch.qos.logback.core.joran.action.NestedComplexPropertyIA - Assuming default type [ch.qos.logback.classic.encoder.PatternLayoutEncoder] for [encoder] property
11:34:50,875 |-INFO in ch.qos.logback.core.rolling.RollingFileAppender[FILE] - Active log file name: /tmp/application.log
11:34:50,875 |-INFO in ch.qos.logback.core.rolling.RollingFileAppender[FILE] - File property is set to [/tmp/application.log]
11:34:50,877 |-INFO in ch.qos.logback.classic.joran.action.RootLoggerAction - Setting level of ROOT logger to INFO
11:34:50,877 |-INFO in ch.qos.logback.core.joran.action.AppenderRefAction - Attaching appender named [STDOUT] to Logger[ROOT]
11:34:50,877 |-INFO in ch.qos.logback.core.joran.action.AppenderRefAction - Attaching appender named [FILE] to Logger[ROOT]
11:34:50,878 |-INFO in ch.qos.logback.classic.joran.action.ConfigurationAction - End of configuration.
11:34:50,878 |-INFO in ch.qos.logback.classic.joran.JoranConfigurator@c038203 - Registering current configuration as safe fallback point

11:34:50.886 [main] INFO  c.s.f.r.WorkerApplication  - Starting worker with workerConfig 'WorkerConfig{id='flamestream-benchmarks-worker-2', localAddress=flamestream-benchmarks-worker-2/10.0.0.7:5412, zkString='flamestream-benchmarks-manager:12181', snapshotPath='/home/ubuntu/flamestream/data', guarantees=AT_MOST_ONCE}'
11:34:52.315 [worker-akka.actor.default-dispatcher-6] INFO  a.e.s.Slf4jLogger  - Slf4jLogger started
2019-10-10T11:34:52.483+0000: 2.249: [Full GC (Metadata GC Threshold) 2019-10-10T11:34:52.483+0000: 2.249: [Tenured: 0K->13626K(1024000K), 0.0517349 secs] 139464K->13626K(1484800K), [Metaspace: 20221K->20221K(1067008K)], 0.0518369 secs] [Times: user=0.04 sys=0.01, real=0.05 secs] 
11:34:52.642 [worker-akka.actor.default-dispatcher-6] WARN  a.r.RemoteActorRefProvider akka.remote.RemoteActorRefProvider - Using the 'remote' ActorRefProvider directly, which is a low-level layer. For most use cases, the 'cluster' abstraction on top of remoting is more suitable instead.
11:34:52.649 [worker-akka.actor.default-dispatcher-6] WARN  a.r.RemoteActorRefProvider akka.remote.RemoteActorRefProvider - Akka Cluster not in use - Using Akka Cluster is recommended if you need remote watch and deploy.
11:34:52.775 [worker-akka.actor.default-dispatcher-6] INFO  a.r.a.a.ArteryAeronUdpTransport(akka://worker) akka.remote.artery.aeron.ArteryAeronUdpTransport(akka://worker) - Started embedded media driver in directory [/dev/shm/aeron-flamestream-benchmarks-worker-2]
11:34:52.815 [worker-akka.actor.default-dispatcher-6] WARN  a.r.a.a.ArteryAeronUdpTransport(akka://worker) akka.remote.artery.aeron.ArteryAeronUdpTransport(akka://worker) - Aeron CnC version mismatch: compiled version = 15, file version = 16
11:34:53.100 [worker-akka.actor.default-dispatcher-6] INFO  a.r.a.a.ArteryAeronUdpTransport(akka://worker) akka.remote.artery.aeron.ArteryAeronUdpTransport(akka://worker) - Remoting started with transport [Artery aeron-udp]; listening on address [akka://worker@flamestream-benchmarks-worker-2:5412] and bound to [akka://worker@0.0.0.0:5412] with UID [6444600634398261218]
11:34:53.752 [worker-akka.actor.default-dispatcher-6] WARN  a.s.Serialization(akka://worker) akka.serialization.Serialization(akka://worker) - Using serializer [com.romix.akka.serialization.kryo.KryoSerializer] for message [akka.actor.ActorSelectionMessage]. Note that this serializer is not implemented by Akka. It's not recommended to replace serializers for messages provided by Akka.
11:34:53.753 [worker-akka.actor.default-dispatcher-6] WARN  a.s.Serialization(akka://worker) akka.serialization.Serialization(akka://worker) - Using serializer [com.romix.akka.serialization.kryo.KryoSerializer] for message [akka.actor.ActorIdentity]. Note that this serializer is not implemented by Akka. It's not recommended to replace serializers for messages provided by Akka.
11:34:53.811 [worker-akka.actor.default-dispatcher-9] INFO  a.a.RepointableActorRef akka://worker/user/watcher - Starting...
11:34:53.946 [worker-akka.actor.default-dispatcher-6] INFO  o.a.c.u.Compatibility  - Running in ZooKeeper 3.4.x compatibility mode
11:34:54.010 [worker-akka.actor.default-dispatcher-6] INFO  o.a.c.f.i.CuratorFrameworkImpl  - Starting
11:34:54.038 [worker-akka.actor.default-dispatcher-6] INFO  o.a.z.ZooKeeper  - Client environment:zookeeper.version=3.4.14-4c25d480e66aadd371de8bd2fd8da255ac140bcf, built on 03/06/2019 16:18 GMT
11:34:54.039 [worker-akka.actor.default-dispatcher-6] INFO  o.a.z.ZooKeeper  - Client environment:host.name=flamestream-benchmarks-worker-2
11:34:54.039 [worker-akka.actor.default-dispatcher-6] INFO  o.a.z.ZooKeeper  - Client environment:java.version=1.8.0_222
11:34:54.040 [worker-akka.actor.default-dispatcher-6] INFO  o.a.z.ZooKeeper  - Client environment:java.vendor=Private Build
11:34:54.041 [worker-akka.actor.default-dispatcher-6] INFO  o.a.z.ZooKeeper  - Client environment:java.home=/usr/lib/jvm/java-8-openjdk-amd64/jre
11:34:54.042 [worker-akka.actor.default-dispatcher-6] INFO  o.a.z.ZooKeeper  - Client environment:java.class.path=lib/curator-framework-4.0.1.jar:lib/commons-csv-1.4.jar:lib/aeron-client-1.21.2.jar:lib/scala-library-2.12.9.jar:lib/asm-5.0.4.jar:lib/agrona-1.0.1.jar:lib/curator-recipes-4.0.1.jar:lib/akka-testkit_2.12-2.6.0-M6.jar:lib/flamestream-runtime-1.0-SNAPSHOT.jar:lib/slf4j-simple-2.0.0-alpha1.jar:lib/jsr305-3.0.2.jar:lib/trove4j-3.0.3.jar:lib/flamestream-core-1.0-SNAPSHOT.jar:lib/commons-io-2.4.jar:lib/minlog-1.3.0.jar:lib/kryonet-2.21.jar:lib/commons-1.4.9.jar:lib/jline-0.9.94.jar:lib/akka-remote_2.12-2.6.0-M6.jar:lib/leveldbjni-all-1.8.jar:lib/lz4-1.3.0.jar:lib/slf4j-api-1.7.24.jar:lib/scala-parser-combinators_2.12-1.1.2.jar:lib/flamestream-core-1.0-SNAPSHOT-tests.jar:lib/logback-core-1.2.3.jar:lib/netty-3.10.6.Final.jar:lib/protobuf-java-3.9.0.jar:lib/minlog-1.2.jar:lib/leveldb-api-0.7.jar:lib/jool-0.9.12.jar:lib/commons-cli-1.4.jar:lib/jblas-1.2.4.jar:lib/reflectasm-1.11.3.jar:lib/reflectasm-1.07-shaded.jar:lib/audience-annotations-0.5.0.jar:lib/jackson-annotations-2.9.6.jar:lib/commons-lang-2.6.jar:lib/ssl-config-core_2.12-0.3.8.jar:lib/annotations-13.0.jar:lib/logback-classic-1.2.3.jar:lib/guava-21.0.jar:lib/reactive-streams-1.0.2.jar:lib/spotbugs-annotations-3.1.9.jar:lib/leveldb-0.7.jar:lib/commons-pool2-2.4.2.jar:lib/rocksdbjni-5.5.1.jar:lib/jackson-core-2.9.9.jar:lib/jackson-databind-2.9.9.2.jar:lib/akka-protobuf-v3_2.12-2.6.0-M6.jar:lib/jackson-annotations-2.9.0.jar:lib/flamestream-examples-1.0-SNAPSHOT.jar:lib/objenesis-2.1.jar:lib/akka-kryo-serialization_2.12-0.5.2.jar:lib/scala-java8-compat_2.12-0.8.0.jar:lib/zookeeper-3.4.14.jar:lib/akka-slf4j_2.12-2.6.0-M6.jar:lib/kryo-4.0.0.jar:lib/akka-stream_2.12-2.6.0-M6.jar:lib/aeron-driver-1.21.2.jar:lib/config-1.3.1.jar:lib/annotations-12.0.jar:lib/jedis-2.9.0.jar:lib/jcommander-1.48.jar:lib/testng-6.10.jar:lib/akka-actor_2.12-2.6.0-M6.jar:lib/curator-client-4.0.1.jar:flamestream-runtime-1.0-SNAPSHOT.jar
11:34:54.046 [worker-akka.actor.default-dispatcher-6] INFO  o.a.z.ZooKeeper  - Client environment:java.library.path=/usr/java/packages/lib/amd64:/usr/lib/x86_64-linux-gnu/jni:/lib/x86_64-linux-gnu:/usr/lib/x86_64-linux-gnu:/usr/lib/jni:/lib:/usr/lib
11:34:54.046 [worker-akka.actor.default-dispatcher-6] INFO  o.a.z.ZooKeeper  - Client environment:java.io.tmpdir=/tmp
11:34:54.046 [worker-akka.actor.default-dispatcher-6] INFO  o.a.z.ZooKeeper  - Client environment:java.compiler=<NA>
11:34:54.047 [worker-akka.actor.default-dispatcher-6] INFO  o.a.z.ZooKeeper  - Client environment:os.name=Linux
11:34:54.047 [worker-akka.actor.default-dispatcher-6] INFO  o.a.z.ZooKeeper  - Client environment:os.arch=amd64
11:34:54.048 [worker-akka.actor.default-dispatcher-6] INFO  o.a.z.ZooKeeper  - Client environment:os.version=4.15.0-1040-gcp
11:34:54.048 [worker-akka.actor.default-dispatcher-6] INFO  o.a.z.ZooKeeper  - Client environment:user.name=ubuntu
11:34:54.049 [worker-akka.actor.default-dispatcher-6] INFO  o.a.z.ZooKeeper  - Client environment:user.home=/home/ubuntu
11:34:54.049 [worker-akka.actor.default-dispatcher-6] INFO  o.a.z.ZooKeeper  - Client environment:user.dir=/home/ubuntu/flamestream
11:34:54.053 [worker-akka.actor.default-dispatcher-6] INFO  o.a.z.ZooKeeper  - Initiating client connection, connectString=flamestream-benchmarks-manager:12181 sessionTimeout=60000 watcher=org.apache.curator.ConnectionState@652f61e2
11:34:54.114 [worker-akka.actor.default-dispatcher-6-SendThread(flamestream-benchmarks-manager:12181)] INFO  o.a.z.ClientCnxn  - Opening socket connection to server flamestream-benchmarks-manager/10.0.0.21:12181. Will not attempt to authenticate using SASL (unknown error)
11:34:54.116 [worker-akka.actor.default-dispatcher-6] INFO  o.a.c.f.i.CuratorFrameworkImpl  - Default schema
11:34:54.123 [worker-akka.actor.default-dispatcher-6-SendThread(flamestream-benchmarks-manager:12181)] INFO  o.a.z.ClientCnxn  - Socket connection established to flamestream-benchmarks-manager/10.0.0.21:12181, initiating session
11:34:54.136 [worker-akka.actor.default-dispatcher-6-SendThread(flamestream-benchmarks-manager:12181)] INFO  o.a.z.ClientCnxn  - Session establishment complete on server flamestream-benchmarks-manager/10.0.0.21:12181, sessionid = 0x100002c53420002, negotiated timeout = 60000
11:34:54.148 [worker-akka.actor.default-dispatcher-6-EventThread] INFO  o.a.c.f.s.ConnectionStateManager  - State change: CONNECTED
11:34:54.151 [worker-akka.actor.default-dispatcher-9] INFO  a.a.RepointableActorRef akka://worker/user/watcher - Initializing rocksDB backend
2019-10-10T11:34:55.156+0000: 4.922: [Full GC (Metadata GC Threshold) 2019-10-10T11:34:55.156+0000: 4.922: [Tenured: 13626K->25931K(1024000K), 0.0787442 secs] 161116K->25931K(1484800K), [Metaspace: 33678K->33678K(1079296K)], 0.0788452 secs] [Times: user=0.07 sys=0.01, real=0.08 secs] 
11:34:55.333 [worker-akka.actor.default-dispatcher-6] INFO  a.a.LocalActorRef akka://worker/user/watcher/processing-watcher - Starting...
11:35:02.200 [Curator-PathChildrenCache-1] WARN  o.a.c.u.ZKPaths  - The version of ZooKeeper being used doesn't support Container nodes. CreateMode.PERSISTENT will be used instead.
11:35:02.329 [worker-akka.actor.default-dispatcher-10] INFO  a.a.LocalActorRef akka://worker/user/watcher/processing-watcher/$a - Starting...
11:35:02.369 [worker-akka.actor.default-dispatcher-10] INFO  a.a.LocalActorRef akka://worker/user/watcher/processing-watcher/$a - Stopped
11:35:03.964 [worker-akka.actor.default-dispatcher-10] INFO  a.a.LocalActorRef akka://worker/user/watcher/processing-watcher/graph/graph - Starting...
11:35:05.911 [worker-akka.actor.default-dispatcher-9] INFO  a.a.LocalActorRef akka://worker/user/watcher/processing-watcher/graph/graph - Finishing constructor
11:35:05.912 [worker-akka.actor.default-dispatcher-9] INFO  a.a.LocalActorRef akka://worker/user/watcher/processing-watcher/graph/negotiator - Starting...
11:35:05.912 [worker-akka.actor.default-dispatcher-9] INFO  a.a.LocalActorRef akka://worker/user/watcher/processing-watcher/graph/edge - Starting...
11:35:05.918 [worker-akka.actor.default-dispatcher-12] INFO  a.a.LocalActorRef akka://worker/user/watcher/processing-watcher/graph - Starting FlameNode with config 'ClusterConfig{paths={flamestream-benchmarks-worker-1=akka://worker@flamestream-benchmarks-worker-1:5412/user/watcher/processing-watcher/graph, flamestream-benchmarks-worker-0=akka://worker@flamestream-benchmarks-worker-0:5412/user/watcher/processing-watcher/graph, flamestream-benchmarks-worker-9=akka://worker@flamestream-benchmarks-worker-9:5412/user/watcher/processing-watcher/graph, flamestream-benchmarks-worker-8=akka://worker@flamestream-benchmarks-worker-8:5412/user/watcher/processing-watcher/graph, flamestream-benchmarks-worker-7=akka://worker@flamestream-benchmarks-worker-7:5412/user/watcher/processing-watcher/graph, flamestream-benchmarks-worker-6=akka://worker@flamestream-benchmarks-worker-6:5412/user/watcher/processing-watcher/graph, flamestream-benchmarks-worker-5=akka://worker@flamestream-benchmarks-worker-5:5412/user/watcher/processing-watcher/graph, flamestream-benchmarks-worker-4=akka://worker@flamestream-benchmarks-worker-4:5412/user/watcher/processing-watcher/graph, flamestream-benchmarks-worker-3=akka://worker@flamestream-benchmarks-worker-3:5412/user/watcher/processing-watcher/graph, flamestream-benchmarks-worker-2=akka://worker@flamestream-benchmarks-worker-2:5412/user/watcher/processing-watcher/graph, flamestream-benchmarks-worker-14=akka://worker@flamestream-benchmarks-worker-14:5412/user/watcher/processing-watcher/graph, flamestream-benchmarks-worker-13=akka://worker@flamestream-benchmarks-worker-13:5412/user/watcher/processing-watcher/graph, flamestream-benchmarks-worker-12=akka://worker@flamestream-benchmarks-worker-12:5412/user/watcher/processing-watcher/graph, flamestream-benchmarks-worker-11=akka://worker@flamestream-benchmarks-worker-11:5412/user/watcher/processing-watcher/graph, flamestream-benchmarks-worker-10=akka://worker@flamestream-benchmarks-worker-10:5412/user/watcher/processing-watcher/graph}}'
11:35:05.954 [worker-akka.actor.default-dispatcher-6] INFO  a.a.LocalActorRef akka://worker/user/watcher/processing-watcher/graph/negotiator - Requesting ticket for the frontClass FlameSocketGraphDeployerFront@flamestream-benchmarks-worker-2
11:35:05.986 [worker-akka.actor.default-dispatcher-13] INFO  a.a.LocalActorRef akka://worker/user/watcher/processing-watcher/graph/graph - Received last commit 'LastCommit{globalTime=(0000000, min@min)}'
11:35:05.996 [worker-akka.actor.default-dispatcher-10] INFO  c.s.f.r.e.s.SocketRear  - FlameSocketGraphDeployerRear@flamestream-benchmarks-worker-2: connecting to flamestream-benchmarks-manager:5678
11:35:06.021 [worker-akka.actor.default-dispatcher-12] INFO  a.a.LocalActorRef akka://worker/user/watcher/processing-watcher/graph/edge/FlameSocketGraphDeployerFront - Starting...
11:35:06.023 [worker-akka.actor.default-dispatcher-10] INFO  c.s.f.r.e.s.SocketRear  - FlameSocketGraphDeployerRear@flamestream-benchmarks-worker-2: connected to flamestream-benchmarks-manager:5678
11:35:06.025 [worker-akka.actor.default-dispatcher-10] INFO  a.a.LocalActorRef akka://worker/user/watcher/processing-watcher/graph/edge/FlameSocketGraphDeployerRear - Starting...
11:35:06.044 [worker-akka.actor.default-dispatcher-10] INFO  a.a.LocalActorRef akka://worker/user/watcher/processing-watcher/graph/negotiator - Ticket for the frontClass received: FrontTicket{allowedTimestamp=(0000000, FlameSocketGraphDeployerFront@flamestream-benchmarks-worker-2)}
11:35:06.047 [worker-akka.actor.default-dispatcher-10] INFO  c.s.f.r.e.s.SocketFront  - FlameSocketGraphDeployerFront@flamestream-benchmarks-worker-2: connecting to flamestream-benchmarks-manager:4567
11:35:06.445 [worker-akka.actor.default-dispatcher-10] INFO  a.a.LocalActorRef akka://worker/user/watcher/processing-watcher/graph/graph/$a - Starting...
11:35:06.474 [worker-akka.actor.default-dispatcher-10] INFO  a.a.LocalActorRef akka://worker/user/watcher/processing-watcher/graph/graph/$b - Starting...
11:35:06.477 [worker-akka.actor.default-dispatcher-10] INFO  a.a.LocalActorRef akka://worker/user/watcher/processing-watcher/graph/graph/$c - Starting...
11:35:06.482 [worker-akka.actor.default-dispatcher-10] INFO  a.a.LocalActorRef akka://worker/user/watcher/processing-watcher/graph/graph/$d - Starting...
11:35:06.484 [worker-akka.actor.default-dispatcher-10] INFO  a.a.LocalActorRef akka://worker/user/watcher/processing-watcher/graph/graph/$e - Starting...
11:35:06.486 [worker-akka.actor.default-dispatcher-10] INFO  a.a.LocalActorRef akka://worker/user/watcher/processing-watcher/graph/graph/$f - Starting...
11:35:06.487 [worker-akka.actor.default-dispatcher-10] INFO  a.a.LocalActorRef akka://worker/user/watcher/processing-watcher/graph/graph/$a - Attached rear to graph (-9223372036854775808, min@min)
11:35:06.490 [worker-akka.actor.default-dispatcher-10] INFO  a.a.LocalActorRef akka://worker/user/watcher/processing-watcher/graph/graph/$h - Starting...
11:35:06.493 [worker-akka.actor.default-dispatcher-10] INFO  a.a.LocalActorRef akka://worker/user/watcher/processing-watcher/graph/graph/$j - Starting...
11:35:06.493 [worker-akka.actor.default-dispatcher-10] INFO  a.a.LocalActorRef akka://worker/user/watcher/processing-watcher/graph/graph/$k - Starting...
11:35:06.493 [worker-akka.actor.default-dispatcher-10] INFO  a.a.LocalActorRef akka://worker/user/watcher/processing-watcher/graph/graph/$l - Starting...
11:35:06.493 [worker-akka.actor.default-dispatcher-10] INFO  a.a.LocalActorRef akka://worker/user/watcher/processing-watcher/graph/graph/$m - Starting...
11:35:06.496 [worker-akka.actor.default-dispatcher-10] INFO  a.a.LocalActorRef akka://worker/user/watcher/processing-watcher/graph/graph/$g - Starting...
11:35:06.497 [worker-akka.actor.default-dispatcher-10] INFO  a.a.LocalActorRef akka://worker/user/watcher/processing-watcher/graph/graph/$o - Starting...
11:35:06.497 [worker-akka.actor.default-dispatcher-10] INFO  a.a.LocalActorRef akka://worker/user/watcher/processing-watcher/graph/graph/$p - Starting...
11:35:06.497 [worker-akka.actor.default-dispatcher-10] INFO  a.a.LocalActorRef akka://worker/user/watcher/processing-watcher/graph/graph/$i - Starting...
11:35:06.502 [worker-akka.actor.default-dispatcher-10] INFO  a.a.LocalActorRef akka://worker/user/watcher/processing-watcher/graph/graph/$r - Starting...
11:35:06.503 [worker-akka.actor.default-dispatcher-10] INFO  a.a.LocalActorRef akka://worker/user/watcher/processing-watcher/graph/graph/$s - Starting...
11:35:06.503 [worker-akka.actor.default-dispatcher-10] INFO  a.a.LocalActorRef akka://worker/user/watcher/processing-watcher/graph/graph/$t - Starting...
11:35:06.503 [worker-akka.actor.default-dispatcher-10] INFO  a.a.LocalActorRef akka://worker/user/watcher/processing-watcher/graph/graph/$u - Starting...
11:35:06.503 [worker-akka.actor.default-dispatcher-10] INFO  a.a.LocalActorRef akka://worker/user/watcher/processing-watcher/graph/graph/$v - Starting...
11:35:06.509 [worker-akka.actor.default-dispatcher-10] INFO  a.a.LocalActorRef akka://worker/user/watcher/processing-watcher/graph/graph/$q - Starting...
11:35:06.510 [worker-akka.actor.default-dispatcher-10] INFO  a.a.LocalActorRef akka://worker/user/watcher/processing-watcher/graph/graph/$w - Starting...
11:35:06.514 [worker-akka.actor.default-dispatcher-10] INFO  a.a.LocalActorRef akka://worker/user/watcher/processing-watcher/graph/graph/$x - Starting...
11:35:06.515 [worker-akka.actor.default-dispatcher-10] INFO  a.a.LocalActorRef akka://worker/user/watcher/processing-watcher/graph/graph/$y - Starting...
11:35:06.515 [worker-akka.actor.default-dispatcher-10] INFO  a.a.LocalActorRef akka://worker/user/watcher/processing-watcher/graph/graph/$z - Starting...
11:35:06.515 [worker-akka.actor.default-dispatcher-12] INFO  a.a.LocalActorRef akka://worker/user/watcher/processing-watcher/graph/graph/$n - Starting...
11:35:06.515 [worker-akka.actor.default-dispatcher-12] INFO  a.a.LocalActorRef akka://worker/user/watcher/processing-watcher/graph/graph/$B - Starting...
11:35:06.515 [worker-akka.actor.default-dispatcher-12] INFO  a.a.LocalActorRef akka://worker/user/watcher/processing-watcher/graph/graph/$C - Starting...
11:35:06.515 [worker-akka.actor.default-dispatcher-12] INFO  a.a.LocalActorRef akka://worker/user/watcher/processing-watcher/graph/graph/$D - Starting...
11:35:06.515 [worker-akka.actor.default-dispatcher-12] INFO  a.a.LocalActorRef akka://worker/user/watcher/processing-watcher/graph/graph/$E - Starting...
11:35:06.515 [worker-akka.actor.default-dispatcher-12] INFO  a.a.LocalActorRef akka://worker/user/watcher/processing-watcher/graph/graph/$F - Starting...
11:35:06.515 [worker-akka.actor.default-dispatcher-12] INFO  a.a.LocalActorRef akka://worker/user/watcher/processing-watcher/graph/graph/$G - Starting...
11:35:06.516 [worker-akka.actor.default-dispatcher-12] INFO  a.a.LocalActorRef akka://worker/user/watcher/processing-watcher/graph/graph/$A - Starting...
11:35:06.516 [worker-akka.actor.default-dispatcher-12] INFO  a.a.LocalActorRef akka://worker/user/watcher/processing-watcher/graph/graph/$I - Starting...
11:35:06.516 [worker-akka.actor.default-dispatcher-12] INFO  a.a.LocalActorRef akka://worker/user/watcher/processing-watcher/graph/graph/$K - Starting...
11:35:06.516 [worker-akka.actor.default-dispatcher-12] INFO  a.a.LocalActorRef akka://worker/user/watcher/processing-watcher/graph/graph/$L - Starting...
11:35:06.516 [worker-akka.actor.default-dispatcher-12] INFO  a.a.LocalActorRef akka://worker/user/watcher/processing-watcher/graph/graph/$M - Starting...
11:35:06.516 [worker-akka.actor.default-dispatcher-12] INFO  a.a.LocalActorRef akka://worker/user/watcher/processing-watcher/graph/graph/$H - Starting...
11:35:06.516 [worker-akka.actor.default-dispatcher-12] INFO  a.a.LocalActorRef akka://worker/user/watcher/processing-watcher/graph/graph/$J - Starting...
11:35:06.523 [worker-akka.actor.default-dispatcher-10] INFO  a.a.LocalActorRef akka://worker/user/watcher/processing-watcher/graph/graph/$O - Starting...
11:35:06.524 [worker-akka.actor.default-dispatcher-10] INFO  a.a.LocalActorRef akka://worker/user/watcher/processing-watcher/graph/graph/$Q - Starting...
11:35:06.524 [worker-akka.actor.default-dispatcher-10] INFO  a.a.LocalActorRef akka://worker/user/watcher/processing-watcher/graph/graph/$R - Starting...
11:35:06.524 [worker-akka.actor.default-dispatcher-10] INFO  a.a.LocalActorRef akka://worker/user/watcher/processing-watcher/graph/graph/$S - Starting...
11:35:06.524 [worker-akka.actor.default-dispatcher-10] INFO  a.a.LocalActorRef akka://worker/user/watcher/processing-watcher/graph/graph/$T - Starting...
11:35:06.524 [worker-akka.actor.default-dispatcher-9] INFO  a.a.LocalActorRef akka://worker/user/watcher/processing-watcher/graph/graph/$U - Starting...
11:35:06.524 [worker-akka.actor.default-dispatcher-9] INFO  a.a.LocalActorRef akka://worker/user/watcher/processing-watcher/graph/graph/$P - Starting...
11:35:06.524 [worker-akka.actor.default-dispatcher-9] INFO  a.a.LocalActorRef akka://worker/user/watcher/processing-watcher/graph/graph/$W - Starting...
11:35:06.524 [worker-akka.actor.default-dispatcher-9] INFO  a.a.LocalActorRef akka://worker/user/watcher/processing-watcher/graph/graph/$X - Starting...
11:35:06.525 [worker-akka.actor.default-dispatcher-9] INFO  a.a.LocalActorRef akka://worker/user/watcher/processing-watcher/graph/graph/$Y - Starting...
11:35:06.525 [worker-akka.actor.default-dispatcher-9] INFO  a.a.LocalActorRef akka://worker/user/watcher/processing-watcher/graph/graph/$Z - Starting...
11:35:06.525 [worker-akka.actor.default-dispatcher-9] INFO  a.a.LocalActorRef akka://worker/user/watcher/processing-watcher/graph/graph/$0 - Starting...
11:35:06.532 [worker-akka.actor.default-dispatcher-10] INFO  a.a.LocalActorRef akka://worker/user/watcher/processing-watcher/graph/graph/$N - Starting...
11:35:06.532 [worker-akka.actor.default-dispatcher-10] INFO  a.a.LocalActorRef akka://worker/user/watcher/processing-watcher/graph/graph/$1 - Starting...
11:35:06.532 [worker-akka.actor.default-dispatcher-10] INFO  a.a.LocalActorRef akka://worker/user/watcher/processing-watcher/graph/graph/$2 - Starting...
11:35:06.532 [worker-akka.actor.default-dispatcher-10] INFO  a.a.LocalActorRef akka://worker/user/watcher/processing-watcher/graph/graph/$3 - Starting...
11:35:06.532 [worker-akka.actor.default-dispatcher-10] INFO  a.a.LocalActorRef akka://worker/user/watcher/processing-watcher/graph/graph/$4 - Starting...
11:35:06.532 [worker-akka.actor.default-dispatcher-13] INFO  a.a.LocalActorRef akka://worker/user/watcher/processing-watcher/graph/graph/$5 - Starting...
11:35:06.532 [worker-akka.actor.default-dispatcher-13] INFO  a.a.LocalActorRef akka://worker/user/watcher/processing-watcher/graph/graph/$6 - Starting...
11:35:06.532 [worker-akka.actor.default-dispatcher-13] INFO  a.a.LocalActorRef akka://worker/user/watcher/processing-watcher/graph/graph/$7 - Starting...
11:35:06.533 [worker-akka.actor.default-dispatcher-13] INFO  a.a.LocalActorRef akka://worker/user/watcher/processing-watcher/graph/graph/$8 - Starting...
11:35:06.533 [worker-akka.actor.default-dispatcher-13] INFO  a.a.LocalActorRef akka://worker/user/watcher/processing-watcher/graph/graph/$V - Starting...
11:35:06.533 [worker-akka.actor.default-dispatcher-13] INFO  a.a.LocalActorRef akka://worker/user/watcher/processing-watcher/graph/graph/$+ - Starting...
11:35:06.533 [worker-akka.actor.default-dispatcher-13] INFO  a.a.LocalActorRef akka://worker/user/watcher/processing-watcher/graph/graph/$~ - Starting...
11:35:06.533 [worker-akka.actor.default-dispatcher-13] INFO  a.a.LocalActorRef akka://worker/user/watcher/processing-watcher/graph/graph/$ab - Starting...
11:35:06.533 [worker-akka.actor.default-dispatcher-13] INFO  a.a.LocalActorRef akka://worker/user/watcher/processing-watcher/graph/graph/$bb - Starting...
11:35:06.533 [worker-akka.actor.default-dispatcher-13] INFO  a.a.LocalActorRef akka://worker/user/watcher/processing-watcher/graph/graph/$cb - Starting...
11:35:06.533 [worker-akka.actor.default-dispatcher-13] INFO  a.a.LocalActorRef akka://worker/user/watcher/processing-watcher/graph/graph/$db - Starting...
11:35:06.533 [worker-akka.actor.default-dispatcher-13] INFO  a.a.LocalActorRef akka://worker/user/watcher/processing-watcher/graph/graph/$fb - Starting...
11:35:06.533 [worker-akka.actor.default-dispatcher-13] INFO  a.a.LocalActorRef akka://worker/user/watcher/processing-watcher/graph/graph/$gb - Starting...
11:35:06.533 [worker-akka.actor.default-dispatcher-13] INFO  a.a.LocalActorRef akka://worker/user/watcher/processing-watcher/graph/graph/$hb - Starting...
11:35:06.534 [worker-akka.actor.default-dispatcher-13] INFO  a.a.LocalActorRef akka://worker/user/watcher/processing-watcher/graph/graph/$ib - Starting...
11:35:06.534 [worker-akka.actor.default-dispatcher-9] INFO  a.a.LocalActorRef akka://worker/user/watcher/processing-watcher/graph/graph/$jb - Starting...
11:35:06.536 [worker-akka.actor.default-dispatcher-13] INFO  a.a.LocalActorRef akka://worker/user/watcher/processing-watcher/graph/graph/$9 - Starting...
11:35:06.537 [worker-akka.actor.default-dispatcher-13] INFO  a.a.LocalActorRef akka://worker/user/watcher/processing-watcher/graph/graph/$lb - Starting...
11:35:06.547 [worker-akka.actor.default-dispatcher-10] INFO  a.a.LocalActorRef akka://worker/user/watcher/processing-watcher/graph/graph/$eb - Starting...
11:35:06.547 [worker-akka.actor.default-dispatcher-10] INFO  a.a.LocalActorRef akka://worker/user/watcher/processing-watcher/graph/graph/$kb - Starting...
11:35:06.547 [worker-akka.actor.default-dispatcher-10] INFO  a.a.LocalActorRef akka://worker/user/watcher/processing-watcher/graph/graph/$nb - Starting...
11:35:06.547 [worker-akka.actor.default-dispatcher-10] INFO  a.a.LocalActorRef akka://worker/user/watcher/processing-watcher/graph/graph/$ob - Starting...
11:35:06.548 [worker-akka.actor.default-dispatcher-10] INFO  a.a.LocalActorRef akka://worker/user/watcher/processing-watcher/graph/graph/$pb - Starting...
11:35:06.548 [worker-akka.actor.default-dispatcher-13] INFO  a.a.LocalActorRef akka://worker/user/watcher/processing-watcher/graph/graph/$qb - Starting...
11:35:06.548 [worker-akka.actor.default-dispatcher-13] INFO  a.a.LocalActorRef akka://worker/user/watcher/processing-watcher/graph/graph/$rb - Starting...
11:35:06.548 [worker-akka.actor.default-dispatcher-13] INFO  a.a.LocalActorRef akka://worker/user/watcher/processing-watcher/graph/graph/$sb - Starting...
11:35:06.548 [worker-akka.actor.default-dispatcher-13] INFO  a.a.LocalActorRef akka://worker/user/watcher/processing-watcher/graph/graph/$tb - Starting...
11:35:06.548 [worker-akka.actor.default-dispatcher-13] INFO  a.a.LocalActorRef akka://worker/user/watcher/processing-watcher/graph/graph/$ub - Starting...
11:35:06.548 [worker-akka.actor.default-dispatcher-6] INFO  a.a.LocalActorRef akka://worker/user/watcher/processing-watcher/graph/graph/$vb - Starting...
11:35:06.548 [worker-akka.actor.default-dispatcher-6] INFO  a.a.LocalActorRef akka://worker/user/watcher/processing-watcher/graph/graph/$wb - Starting...
11:35:06.548 [worker-akka.actor.default-dispatcher-6] INFO  a.a.LocalActorRef akka://worker/user/watcher/processing-watcher/graph/graph/$xb - Starting...
11:35:06.548 [worker-akka.actor.default-dispatcher-6] INFO  a.a.LocalActorRef akka://worker/user/watcher/processing-watcher/graph/graph/$yb - Starting...
11:35:06.549 [worker-akka.actor.default-dispatcher-6] INFO  a.a.LocalActorRef akka://worker/user/watcher/processing-watcher/graph/graph/$zb - Starting...
11:35:06.549 [worker-akka.actor.default-dispatcher-6] INFO  a.a.LocalActorRef akka://worker/user/watcher/processing-watcher/graph/graph/$Ab - Starting...
11:35:06.549 [worker-akka.actor.default-dispatcher-6] INFO  a.a.LocalActorRef akka://worker/user/watcher/processing-watcher/graph/graph/$Bb - Starting...
11:35:06.549 [worker-akka.actor.default-dispatcher-6] INFO  a.a.LocalActorRef akka://worker/user/watcher/processing-watcher/graph/graph/$Cb - Starting...
11:35:06.549 [worker-akka.actor.default-dispatcher-6] INFO  a.a.LocalActorRef akka://worker/user/watcher/processing-watcher/graph/graph/$Db - Starting...
11:35:06.549 [worker-akka.actor.default-dispatcher-6] INFO  a.a.LocalActorRef akka://worker/user/watcher/processing-watcher/graph/graph/$mb - Starting...
11:35:06.551 [worker-akka.actor.default-dispatcher-10] INFO  a.a.LocalActorRef akka://worker/user/watcher/processing-watcher/graph/graph/$Gb - Starting...
11:35:06.552 [worker-akka.actor.default-dispatcher-10] INFO  a.a.LocalActorRef akka://worker/user/watcher/processing-watcher/graph/graph/$Hb - Starting...
11:35:06.552 [worker-akka.actor.default-dispatcher-10] INFO  a.a.LocalActorRef akka://worker/user/watcher/processing-watcher/graph/graph/$Ib - Starting...
11:35:06.552 [worker-akka.actor.default-dispatcher-10] INFO  a.a.LocalActorRef akka://worker/user/watcher/processing-watcher/graph/graph/$Jb - Starting...
11:35:06.552 [worker-akka.actor.default-dispatcher-10] INFO  a.a.LocalActorRef akka://worker/user/watcher/processing-watcher/graph/graph/$Kb - Starting...
11:35:06.552 [worker-akka.actor.default-dispatcher-13] INFO  a.a.LocalActorRef akka://worker/user/watcher/processing-watcher/graph/graph/$Lb - Starting...
11:35:06.553 [worker-akka.actor.default-dispatcher-10] INFO  a.a.LocalActorRef akka://worker/user/watcher/processing-watcher/graph/graph/$Fb - Starting...
11:35:06.554 [worker-akka.actor.default-dispatcher-10] INFO  a.a.LocalActorRef akka://worker/user/watcher/processing-watcher/graph/graph/$Nb - Starting...
11:35:06.555 [worker-akka.actor.default-dispatcher-10] INFO  a.a.LocalActorRef akka://worker/user/watcher/processing-watcher/graph/graph/$Mb - Starting...
11:35:06.559 [worker-akka.actor.default-dispatcher-10] INFO  a.a.LocalActorRef akka://worker/user/watcher/processing-watcher/graph/graph/$Eb - Starting...
2019-10-10T11:35:22.779+0000: 32.545: [GC (Allocation Failure) 2019-10-10T11:35:22.779+0000: 32.545: [DefNew: 409600K->32417K(460800K), 0.0946027 secs] 435531K->58348K(1484800K), 0.0947118 secs] [Times: user=0.07 sys=0.02, real=0.09 secs] 
2019-10-10T11:35:34.931+0000: 44.697: [GC (Allocation Failure) 2019-10-10T11:35:34.931+0000: 44.697: [DefNew: 442017K->1118K(460800K), 0.0714447 secs] 467948K->56131K(1484800K), 0.0715456 secs] [Times: user=0.07 sys=0.00, real=0.07 secs] 
2019-10-10T11:35:43.476+0000: 53.242: [GC (Allocation Failure) 2019-10-10T11:35:43.476+0000: 53.242: [DefNew: 410718K->1285K(460800K), 0.0051812 secs] 465731K->56298K(1484800K), 0.0052816 secs] [Times: user=0.00 sys=0.00, real=0.01 secs] 
2019-10-10T11:35:50.004+0000: 59.769: [GC (Allocation Failure) 2019-10-10T11:35:50.004+0000: 59.769: [DefNew: 410885K->1325K(460800K), 0.0053365 secs] 465898K->56338K(1484800K), 0.0054343 secs] [Times: user=0.00 sys=0.00, real=0.01 secs] 
2019-10-10T11:35:59.473+0000: 69.239: [GC (Allocation Failure) 2019-10-10T11:35:59.473+0000: 69.239: [DefNew: 410925K->1838K(460800K), 0.0064243 secs] 465938K->56851K(1484800K), 0.0065234 secs] [Times: user=0.01 sys=0.00, real=0.01 secs] 
2019-10-10T11:36:08.903+0000: 78.669: [GC (Allocation Failure) 2019-10-10T11:36:08.903+0000: 78.669: [DefNew: 411438K->1641K(460800K), 0.0044405 secs] 466451K->56654K(1484800K), 0.0045274 secs] [Times: user=0.00 sys=0.00, real=0.01 secs] 
2019-10-10T11:36:16.696+0000: 86.461: [GC (Allocation Failure) 2019-10-10T11:36:16.696+0000: 86.461: [DefNew: 411241K->1693K(460800K), 0.0046802 secs] 466254K->56706K(1484800K), 0.0047798 secs] [Times: user=0.01 sys=0.00, real=0.01 secs] 
2019-10-10T11:36:23.887+0000: 93.653: [GC (Allocation Failure) 2019-10-10T11:36:23.887+0000: 93.653: [DefNew: 411293K->1616K(460800K), 0.0043445 secs] 466306K->56629K(1484800K), 0.0044416 secs] [Times: user=0.01 sys=0.00, real=0.00 secs] 
2019-10-10T11:36:31.216+0000: 100.982: [GC (Allocation Failure) 2019-10-10T11:36:31.216+0000: 100.982: [DefNew: 411216K->1604K(460800K), 0.0084809 secs] 466229K->56617K(1484800K), 0.0086101 secs] [Times: user=0.01 sys=0.00, real=0.01 secs] 
2019-10-10T11:36:38.425+0000: 108.190: [GC (Allocation Failure) 2019-10-10T11:36:38.425+0000: 108.190: [DefNew: 411204K->1605K(460800K), 0.0045546 secs] 466217K->56617K(1484800K), 0.0046549 secs] [Times: user=0.01 sys=0.00, real=0.01 secs] 
2019-10-10T11:36:45.677+0000: 115.442: [GC (Allocation Failure) 2019-10-10T11:36:45.677+0000: 115.442: [DefNew: 411205K->1602K(460800K), 0.0045684 secs] 466217K->56615K(1484800K), 0.0046652 secs] [Times: user=0.00 sys=0.00, real=0.01 secs] 
2019-10-10T11:36:53.239+0000: 123.005: [GC (Allocation Failure) 2019-10-10T11:36:53.239+0000: 123.005: [DefNew: 411202K->1612K(460800K), 0.0043478 secs] 466215K->56625K(1484800K), 0.0044572 secs] [Times: user=0.00 sys=0.00, real=0.00 secs] 
2019-10-10T11:37:00.798+0000: 130.564: [GC (Allocation Failure) 2019-10-10T11:37:00.799+0000: 130.564: [DefNew: 411212K->1652K(460800K), 0.0047172 secs] 466225K->56665K(1484800K), 0.0048073 secs] [Times: user=0.00 sys=0.00, real=0.01 secs] 
2019-10-10T11:37:08.027+0000: 137.793: [GC (Allocation Failure) 2019-10-10T11:37:08.027+0000: 137.793: [DefNew: 411252K->1732K(460800K), 0.0048864 secs] 466265K->56745K(1484800K), 0.0049803 secs] [Times: user=0.00 sys=0.00, real=0.00 secs] 
2019-10-10T11:37:15.778+0000: 145.544: [GC (Allocation Failure) 2019-10-10T11:37:15.778+0000: 145.544: [DefNew: 411332K->1649K(460800K), 0.0043235 secs] 466345K->56662K(1484800K), 0.0044349 secs] [Times: user=0.00 sys=0.00, real=0.01 secs] 
2019-10-10T11:37:23.164+0000: 152.929: [GC (Allocation Failure) 2019-10-10T11:37:23.164+0000: 152.930: [DefNew: 411249K->1648K(460800K), 0.0043914 secs] 466262K->56661K(1484800K), 0.0044829 secs] [Times: user=0.00 sys=0.00, real=0.01 secs] 
2019-10-10T11:37:30.434+0000: 160.200: [GC (Allocation Failure) 2019-10-10T11:37:30.434+0000: 160.200: [DefNew: 411248K->1462K(460800K), 0.0050203 secs] 466261K->56663K(1484800K), 0.0051364 secs] [Times: user=0.01 sys=0.00, real=0.01 secs] 
2019-10-10T11:37:38.147+0000: 167.913: [GC (Allocation Failure) 2019-10-10T11:37:38.148+0000: 167.913: [DefNew: 411062K->1323K(460800K), 0.0043434 secs] 466263K->56662K(1484800K), 0.0044394 secs] [Times: user=0.00 sys=0.00, real=0.00 secs] 
2019-10-10T11:37:45.581+0000: 175.347: [GC (Allocation Failure) 2019-10-10T11:37:45.581+0000: 175.347: [DefNew: 410923K->1236K(460800K), 0.0044854 secs] 466262K->56714K(1484800K), 0.0045828 secs] [Times: user=0.00 sys=0.00, real=0.00 secs] 
2019-10-10T11:37:52.919+0000: 182.684: [GC (Allocation Failure) 2019-10-10T11:37:52.919+0000: 182.684: [DefNew: 410836K->183K(460800K), 0.0047832 secs] 466314K->56662K(1484800K), 0.0048787 secs] [Times: user=0.00 sys=0.00, real=0.01 secs] 
2019-10-10T11:38:00.487+0000: 190.252: [GC (Allocation Failure) 2019-10-10T11:38:00.487+0000: 190.252: [DefNew: 409783K->211K(460800K), 0.0031345 secs] 466262K->56693K(1484800K), 0.0032276 secs] [Times: user=0.00 sys=0.00, real=0.01 secs] 
2019-10-10T11:38:07.796+0000: 197.562: [GC (Allocation Failure) 2019-10-10T11:38:07.796+0000: 197.562: [DefNew: 409811K->213K(460800K), 0.0030488 secs] 466293K->56695K(1484800K), 0.0031486 secs] [Times: user=0.00 sys=0.00, real=0.01 secs] 
2019-10-10T11:38:15.121+0000: 204.887: [GC (Allocation Failure) 2019-10-10T11:38:15.121+0000: 204.887: [DefNew: 409813K->204K(460800K), 0.0029805 secs] 466295K->56687K(1484800K), 0.0030865 secs] [Times: user=0.01 sys=0.00, real=0.00 secs] 
2019-10-10T11:38:22.925+0000: 212.691: [GC (Allocation Failure) 2019-10-10T11:38:22.925+0000: 212.691: [DefNew: 409804K->203K(460800K), 0.0031046 secs] 466287K->56686K(1484800K), 0.0032105 secs] [Times: user=0.00 sys=0.00, real=0.01 secs] 
2019-10-10T11:38:30.248+0000: 220.014: [GC (Allocation Failure) 2019-10-10T11:38:30.248+0000: 220.014: [DefNew: 409803K->203K(460800K), 0.0029421 secs] 466286K->56686K(1484800K), 0.0030422 secs] [Times: user=0.00 sys=0.00, real=0.00 secs] 
2019-10-10T11:38:37.527+0000: 227.293: [GC (Allocation Failure) 2019-10-10T11:38:37.527+0000: 227.293: [DefNew: 409803K->235K(460800K), 0.0030279 secs] 466286K->56718K(1484800K), 0.0031317 secs] [Times: user=0.00 sys=0.00, real=0.00 secs] 
2019-10-10T11:38:44.905+0000: 234.671: [GC (Allocation Failure) 2019-10-10T11:38:44.905+0000: 234.671: [DefNew: 409835K->253K(460800K), 0.0031673 secs] 466318K->56744K(1484800K), 0.0032576 secs] [Times: user=0.00 sys=0.00, real=0.01 secs] 
2019-10-10T11:38:52.538+0000: 242.304: [GC (Allocation Failure) 2019-10-10T11:38:52.538+0000: 242.304: [DefNew: 409853K->247K(460800K), 0.0030078 secs] 466344K->56773K(1484800K), 0.0030987 secs] [Times: user=0.00 sys=0.00, real=0.01 secs] 
2019-10-10T11:38:59.757+0000: 249.523: [GC (Allocation Failure) 2019-10-10T11:38:59.757+0000: 249.523: [DefNew: 409847K->252K(460800K), 0.0033325 secs] 466373K->56779K(1484800K), 0.0034311 secs] [Times: user=0.00 sys=0.00, real=0.01 secs] 
2019-10-10T11:39:07.000+0000: 256.765: [GC (Allocation Failure) 2019-10-10T11:39:07.000+0000: 256.765: [DefNew: 409852K->251K(460800K), 0.0028549 secs] 466379K->56777K(1484800K), 0.0029448 secs] [Times: user=0.00 sys=0.00, real=0.00 secs] 
2019-10-10T11:39:14.221+0000: 263.987: [GC (Allocation Failure) 2019-10-10T11:39:14.221+0000: 263.987: [DefNew: 409851K->269K(460800K), 0.0029037 secs] 466377K->56795K(1484800K), 0.0029986 secs] [Times: user=0.00 sys=0.00, real=0.00 secs] 
2019-10-10T11:39:21.942+0000: 271.708: [GC (Allocation Failure) 2019-10-10T11:39:21.942+0000: 271.708: [DefNew: 409869K->252K(460800K), 0.0028306 secs] 466395K->56778K(1484800K), 0.0029271 secs] [Times: user=0.00 sys=0.00, real=0.00 secs] 
2019-10-10T11:39:29.217+0000: 278.982: [GC (Allocation Failure) 2019-10-10T11:39:29.217+0000: 278.982: [DefNew: 409852K->297K(460800K), 0.0030242 secs] 466378K->56824K(1484800K), 0.0031183 secs] [Times: user=0.01 sys=0.00, real=0.01 secs] 
2019-10-10T11:39:36.465+0000: 286.231: [GC (Allocation Failure) 2019-10-10T11:39:36.465+0000: 286.231: [DefNew: 409897K->252K(460800K), 0.0029325 secs] 466424K->56779K(1484800K), 0.0030365 secs] [Times: user=0.00 sys=0.00, real=0.01 secs] 
2019-10-10T11:39:44.282+0000: 294.048: [GC (Allocation Failure) 2019-10-10T11:39:44.282+0000: 294.048: [DefNew: 409852K->296K(460800K), 0.0031709 secs] 466379K->56823K(1484800K), 0.0032752 secs] [Times: user=0.00 sys=0.00, real=0.00 secs] 
2019-10-10T11:39:51.582+0000: 301.348: [GC (Allocation Failure) 2019-10-10T11:39:51.582+0000: 301.348: [DefNew: 409896K->237K(460800K), 0.0029935 secs] 466423K->56786K(1484800K), 0.0030884 secs] [Times: user=0.00 sys=0.00, real=0.00 secs] 
2019-10-10T11:39:58.801+0000: 308.567: [GC (Allocation Failure) 2019-10-10T11:39:58.802+0000: 308.567: [DefNew: 409837K->276K(460800K), 0.0032438 secs] 466386K->56826K(1484800K), 0.0033562 secs] [Times: user=0.01 sys=0.00, real=0.00 secs] 
2019-10-10T11:40:06.543+0000: 316.308: [GC (Allocation Failure) 2019-10-10T11:40:06.543+0000: 316.308: [DefNew: 409876K->320K(460800K), 0.0031010 secs] 466426K->56870K(1484800K), 0.0032039 secs] [Times: user=0.00 sys=0.00, real=0.00 secs] 
2019-10-10T11:40:13.832+0000: 323.598: [GC (Allocation Failure) 2019-10-10T11:40:13.832+0000: 323.598: [DefNew: 409920K->309K(460800K), 0.0029551 secs] 466470K->56859K(1484800K), 0.0030476 secs] [Times: user=0.00 sys=0.00, real=0.00 secs] 
2019-10-10T11:40:21.186+0000: 330.952: [GC (Allocation Failure) 2019-10-10T11:40:21.186+0000: 330.952: [DefNew: 409909K->395K(460800K), 0.0030429 secs] 466459K->56946K(1484800K), 0.0031367 secs] [Times: user=0.01 sys=0.00, real=0.01 secs] 
2019-10-10T11:40:28.958+0000: 338.723: [GC (Allocation Failure) 2019-10-10T11:40:28.958+0000: 338.723: [DefNew: 409995K->310K(460800K), 0.0029693 secs] 466546K->56861K(1484800K), 0.0030776 secs] [Times: user=0.00 sys=0.00, real=0.01 secs] 
2019-10-10T11:40:36.267+0000: 346.032: [GC (Allocation Failure) 2019-10-10T11:40:36.267+0000: 346.032: [DefNew: 409910K->357K(460800K), 0.0031319 secs] 466461K->56908K(1484800K), 0.0032473 secs] [Times: user=0.00 sys=0.00, real=0.00 secs] 
2019-10-10T11:40:43.648+0000: 353.414: [GC (Allocation Failure) 2019-10-10T11:40:43.648+0000: 353.414: [DefNew: 409957K->312K(460800K), 0.0029794 secs] 466508K->56864K(1484800K), 0.0030731 secs] [Times: user=0.00 sys=0.00, real=0.00 secs] 
2019-10-10T11:40:50.916+0000: 360.682: [GC (Allocation Failure) 2019-10-10T11:40:50.916+0000: 360.682: [DefNew: 409912K->257K(460800K), 0.0032416 secs] 466464K->56899K(1484800K), 0.0033389 secs] [Times: user=0.00 sys=0.00, real=0.01 secs] 
2019-10-10T11:40:58.515+0000: 368.281: [GC (Allocation Failure) 2019-10-10T11:40:58.515+0000: 368.281: [DefNew: 409857K->289K(460800K), 0.0032832 secs] 466499K->56930K(1484800K), 0.0033916 secs] [Times: user=0.00 sys=0.00, real=0.00 secs] 
2019-10-10T11:41:05.783+0000: 375.549: [GC (Allocation Failure) 2019-10-10T11:41:05.783+0000: 375.549: [DefNew: 409889K->285K(460800K), 0.0031728 secs] 466530K->56926K(1484800K), 0.0032555 secs] [Times: user=0.00 sys=0.00, real=0.00 secs] 
2019-10-10T11:41:13.066+0000: 382.832: [GC (Allocation Failure) 2019-10-10T11:41:13.066+0000: 382.832: [DefNew: 409885K->247K(460800K), 0.0030145 secs] 466526K->56888K(1484800K), 0.0031530 secs] [Times: user=0.00 sys=0.00, real=0.01 secs] 
2019-10-10T11:41:20.890+0000: 390.655: [GC (Allocation Failure) 2019-10-10T11:41:20.890+0000: 390.655: [DefNew: 409847K->242K(460800K), 0.0030549 secs] 466488K->56884K(1484800K), 0.0031618 secs] [Times: user=0.01 sys=0.00, real=0.00 secs] 
2019-10-10T11:41:28.208+0000: 397.974: [GC (Allocation Failure) 2019-10-10T11:41:28.208+0000: 397.974: [DefNew: 409842K->240K(460800K), 0.0029796 secs] 466484K->56881K(1484800K), 0.0030838 secs] [Times: user=0.00 sys=0.00, real=0.00 secs] 
2019-10-10T11:41:35.478+0000: 405.243: [GC (Allocation Failure) 2019-10-10T11:41:35.478+0000: 405.243: [DefNew: 409840K->240K(460800K), 0.0028076 secs] 466481K->56882K(1484800K), 0.0028865 secs] [Times: user=0.00 sys=0.00, real=0.01 secs] 
2019-10-10T11:41:43.202+0000: 412.968: [GC (Allocation Failure) 2019-10-10T11:41:43.202+0000: 412.968: [DefNew: 409840K->241K(460800K), 0.0031334 secs] 466482K->56883K(1484800K), 0.0032366 secs] [Times: user=0.00 sys=0.00, real=0.00 secs] 
2019-10-10T11:41:50.505+0000: 420.271: [GC (Allocation Failure) 2019-10-10T11:41:50.505+0000: 420.271: [DefNew: 409841K->256K(460800K), 0.0032538 secs] 466483K->56947K(1484800K), 0.0033493 secs] [Times: user=0.00 sys=0.00, real=0.01 secs] 
2019-10-10T11:41:57.735+0000: 427.501: [GC (Allocation Failure) 2019-10-10T11:41:57.735+0000: 427.501: [DefNew: 409856K->198K(460800K), 0.0030540 secs] 466547K->56921K(1484800K), 0.0031479 secs] [Times: user=0.00 sys=0.00, real=0.00 secs] 
2019-10-10T11:42:04.971+0000: 434.736: [GC (Allocation Failure) 2019-10-10T11:42:04.971+0000: 434.736: [DefNew: 409798K->172K(460800K), 0.0030927 secs] 466521K->56895K(1484800K), 0.0032611 secs] [Times: user=0.00 sys=0.00, real=0.00 secs] 
2019-10-10T11:42:12.789+0000: 442.555: [GC (Allocation Failure) 2019-10-10T11:42:12.789+0000: 442.555: [DefNew: 409772K->196K(460800K), 0.0028608 secs] 466495K->56919K(1484800K), 0.0029589 secs] [Times: user=0.01 sys=0.00, real=0.00 secs] 
2019-10-10T11:42:20.037+0000: 449.803: [GC (Allocation Failure) 2019-10-10T11:42:20.037+0000: 449.803: [DefNew: 409796K->171K(460800K), 0.0031172 secs] 466519K->56895K(1484800K), 0.0032145 secs] [Times: user=0.00 sys=0.00, real=0.01 secs] 
2019-10-10T11:42:27.315+0000: 457.080: [GC (Allocation Failure) 2019-10-10T11:42:27.315+0000: 457.080: [DefNew: 409771K->172K(460800K), 0.0029997 secs] 466495K->56897K(1484800K), 0.0030898 secs] [Times: user=0.00 sys=0.00, real=0.00 secs] 
11:42:33.619 [worker-akka.actor.default-dispatcher-13] INFO  a.r.a.Association(akka://worker) akka.remote.artery.Association(akka://worker) - Stopping idle outbound stream [2] to [akka://worker@flamestream-benchmarks-worker-0:5412]
2019-10-10T11:42:35.331+0000: 465.097: [GC (Allocation Failure) 2019-10-10T11:42:35.331+0000: 465.097: [DefNew: 409772K->277K(460800K), 0.0032668 secs] 466497K->57003K(1484800K), 0.0033821 secs] [Times: user=0.00 sys=0.00, real=0.00 secs] 
2019-10-10T11:42:42.382+0000: 472.147: [GC (Allocation Failure) 2019-10-10T11:42:42.382+0000: 472.147: [DefNew: 409877K->232K(460800K), 0.0032051 secs] 466603K->56957K(1484800K), 0.0033213 secs] [Times: user=0.00 sys=0.00, real=0.00 secs] 
2019-10-10T11:42:49.750+0000: 479.516: [GC (Allocation Failure) 2019-10-10T11:42:49.750+0000: 479.516: [DefNew: 409832K->291K(460800K), 0.0033740 secs] 466557K->57033K(1484800K), 0.0034707 secs] [Times: user=0.01 sys=0.00, real=0.00 secs] 
2019-10-10T11:42:57.442+0000: 487.208: [GC (Allocation Failure) 2019-10-10T11:42:57.443+0000: 487.208: [DefNew: 409891K->252K(460800K), 0.0033887 secs] 466633K->56998K(1484800K), 0.0035008 secs] [Times: user=0.01 sys=0.00, real=0.00 secs] 
2019-10-10T11:43:04.773+0000: 494.539: [GC (Allocation Failure) 2019-10-10T11:43:04.773+0000: 494.539: [DefNew: 409852K->259K(460800K), 0.0030996 secs] 466598K->57004K(1484800K), 0.0032117 secs] [Times: user=0.00 sys=0.00, real=0.00 secs] 
2019-10-10T11:43:12.143+0000: 501.908: [GC (Allocation Failure) 2019-10-10T11:43:12.143+0000: 501.908: [DefNew: 409859K->302K(460800K), 0.0032205 secs] 466604K->57048K(1484800K), 0.0033342 secs] [Times: user=0.00 sys=0.00, real=0.00 secs] 
2019-10-10T11:43:19.817+0000: 509.583: [GC (Allocation Failure) 2019-10-10T11:43:19.818+0000: 509.583: [DefNew: 409902K->294K(460800K), 0.0032271 secs] 466648K->57040K(1484800K), 0.0033198 secs] [Times: user=0.01 sys=0.00, real=0.01 secs] 
2019-10-10T11:43:27.104+0000: 516.870: [GC (Allocation Failure) 2019-10-10T11:43:27.104+0000: 516.870: [DefNew: 409894K->251K(460800K), 0.0032057 secs] 466640K->56997K(1484800K), 0.0033052 secs] [Times: user=0.00 sys=0.00, real=0.01 secs] 
2019-10-10T11:43:34.378+0000: 524.144: [GC (Allocation Failure) 2019-10-10T11:43:34.378+0000: 524.144: [DefNew: 409851K->251K(460800K), 0.0029576 secs] 466597K->56997K(1484800K), 0.0030518 secs] [Times: user=0.01 sys=0.00, real=0.01 secs] 
2019-10-10T11:43:41.624+0000: 531.390: [GC (Allocation Failure) 2019-10-10T11:43:41.624+0000: 531.390: [DefNew: 409851K->263K(460800K), 0.0033032 secs] 466597K->57009K(1484800K), 0.0033819 secs] [Times: user=0.00 sys=0.00, real=0.01 secs] 
2019-10-10T11:43:49.392+0000: 539.157: [GC (Allocation Failure) 2019-10-10T11:43:49.392+0000: 539.157: [DefNew: 409863K->261K(460800K), 0.0032890 secs] 466609K->57020K(1484800K), 0.0033907 secs] [Times: user=0.00 sys=0.00, real=0.00 secs] 
2019-10-10T11:43:56.640+0000: 546.406: [GC (Allocation Failure) 2019-10-10T11:43:56.640+0000: 546.406: [DefNew: 409861K->288K(460800K), 0.0034701 secs] 466620K->57047K(1484800K), 0.0035654 secs] [Times: user=0.01 sys=0.00, real=0.00 secs] 
2019-10-10T11:44:03.839+0000: 553.605: [GC (Allocation Failure) 2019-10-10T11:44:03.839+0000: 553.605: [DefNew: 409888K->289K(460800K), 0.0039193 secs] 466647K->57050K(1484800K), 0.0040259 secs] [Times: user=0.01 sys=0.00, real=0.00 secs] 
2019-10-10T11:44:11.590+0000: 561.356: [GC (Allocation Failure) 2019-10-10T11:44:11.590+0000: 561.356: [DefNew: 409889K->251K(460800K), 0.0032828 secs] 466650K->57011K(1484800K), 0.0033865 secs] [Times: user=0.01 sys=0.00, real=0.00 secs] 
2019-10-10T11:44:18.926+0000: 568.691: [GC (Allocation Failure) 2019-10-10T11:44:18.926+0000: 568.691: [DefNew: 409851K->268K(460800K), 0.0032267 secs] 466611K->57029K(1484800K), 0.0033325 secs] [Times: user=0.00 sys=0.00, real=0.01 secs] 
2019-10-10T11:44:26.196+0000: 575.962: [GC (Allocation Failure) 2019-10-10T11:44:26.196+0000: 575.962: [DefNew: 409868K->199K(460800K), 0.0033073 secs] 466629K->57007K(1484800K), 0.0034078 secs] [Times: user=0.00 sys=0.00, real=0.01 secs] 
2019-10-10T11:44:33.916+0000: 583.681: [GC (Allocation Failure) 2019-10-10T11:44:33.916+0000: 583.681: [DefNew: 409799K->189K(460800K), 0.0029698 secs] 466607K->57006K(1484800K), 0.0031147 secs] [Times: user=0.00 sys=0.00, real=0.01 secs] 
2019-10-10T11:44:41.275+0000: 591.040: [GC (Allocation Failure) 2019-10-10T11:44:41.275+0000: 591.040: [DefNew: 409789K->156K(460800K), 0.0030610 secs] 466606K->57006K(1484800K), 0.0031622 secs] [Times: user=0.01 sys=0.00, real=0.00 secs] 
2019-10-10T11:44:48.514+0000: 598.280: [GC (Allocation Failure) 2019-10-10T11:44:48.514+0000: 598.280: [DefNew: 409756K->146K(460800K), 0.0028288 secs] 466606K->57006K(1484800K), 0.0029279 secs] [Times: user=0.01 sys=0.00, real=0.00 secs] 
2019-10-10T11:44:55.853+0000: 605.618: [GC (Allocation Failure) 2019-10-10T11:44:55.853+0000: 605.618: [DefNew: 409746K->173K(460800K), 0.0030665 secs] 466606K->57033K(1484800K), 0.0031589 secs] [Times: user=0.00 sys=0.00, real=0.00 secs] 
2019-10-10T11:45:03.534+0000: 613.300: [GC (Allocation Failure) 2019-10-10T11:45:03.534+0000: 613.300: [DefNew: 409773K->168K(460800K), 0.0030043 secs] 466633K->57029K(1484800K), 0.0031174 secs] [Times: user=0.00 sys=0.00, real=0.00 secs] 
2019-10-10T11:45:10.825+0000: 620.590: [GC (Allocation Failure) 2019-10-10T11:45:10.825+0000: 620.590: [DefNew: 409768K->182K(460800K), 0.0028667 secs] 466629K->57043K(1484800K), 0.0029472 secs] [Times: user=0.00 sys=0.00, real=0.01 secs] 
2019-10-10T11:45:18.142+0000: 627.907: [GC (Allocation Failure) 2019-10-10T11:45:18.142+0000: 627.907: [DefNew: 409782K->194K(460800K), 0.0028660 secs] 466643K->57055K(1484800K), 0.0029966 secs] [Times: user=0.01 sys=0.00, real=0.00 secs] 
2019-10-10T11:45:25.951+0000: 635.716: [GC (Allocation Failure) 2019-10-10T11:45:25.951+0000: 635.717: [DefNew: 409794K->168K(460800K), 0.0030314 secs] 466655K->57029K(1484800K), 0.0031502 secs] [Times: user=0.00 sys=0.00, real=0.00 secs] 
2019-10-10T11:45:33.206+0000: 642.972: [GC (Allocation Failure) 2019-10-10T11:45:33.206+0000: 642.972: [DefNew: 409768K->186K(460800K), 0.0027608 secs] 466629K->57047K(1484800K), 0.0028534 secs] [Times: user=0.00 sys=0.00, real=0.01 secs] 
2019-10-10T11:45:40.465+0000: 650.230: [GC (Allocation Failure) 2019-10-10T11:45:40.465+0000: 650.230: [DefNew: 409786K->242K(460800K), 0.0028139 secs] 466647K->57103K(1484800K), 0.0028995 secs] [Times: user=0.00 sys=0.00, real=0.01 secs] 
2019-10-10T11:45:48.239+0000: 658.005: [GC (Allocation Failure) 2019-10-10T11:45:48.239+0000: 658.005: [DefNew: 409842K->194K(460800K), 0.0028000 secs] 466703K->57064K(1484800K), 0.0028945 secs] [Times: user=0.01 sys=0.00, real=0.00 secs] 
2019-10-10T11:45:55.649+0000: 665.415: [GC (Allocation Failure) 2019-10-10T11:45:55.650+0000: 665.415: [DefNew: 409794K->167K(460800K), 0.0028262 secs] 466664K->57037K(1484800K), 0.0029186 secs] [Times: user=0.00 sys=0.00, real=0.00 secs] 
2019-10-10T11:46:02.799+0000: 672.565: [GC (Allocation Failure) 2019-10-10T11:46:02.799+0000: 672.565: [DefNew: 409767K->188K(460800K), 0.0029347 secs] 466637K->57058K(1484800K), 0.0030152 secs] [Times: user=0.00 sys=0.00, real=0.00 secs] 
2019-10-10T11:46:10.605+0000: 680.371: [GC (Allocation Failure) 2019-10-10T11:46:10.605+0000: 680.371: [DefNew: 409788K->172K(460800K), 0.0029739 secs] 466658K->57042K(1484800K), 0.0030814 secs] [Times: user=0.00 sys=0.00, real=0.01 secs] 
2019-10-10T11:46:17.905+0000: 687.670: [GC (Allocation Failure) 2019-10-10T11:46:17.905+0000: 687.670: [DefNew: 409772K->168K(460800K), 0.0027454 secs] 466642K->57038K(1484800K), 0.0028545 secs] [Times: user=0.00 sys=0.01, real=0.01 secs] 
2019-10-10T11:46:25.147+0000: 694.912: [GC (Allocation Failure) 2019-10-10T11:46:25.147+0000: 694.912: [DefNew: 409768K->167K(460800K), 0.0031206 secs] 466638K->57038K(1484800K), 0.0032197 secs] [Times: user=0.01 sys=0.00, real=0.01 secs] 
2019-10-10T11:46:33.016+0000: 702.782: [GC (Allocation Failure) 2019-10-10T11:46:33.016+0000: 702.782: [DefNew: 409767K->168K(460800K), 0.0026544 secs] 466638K->57038K(1484800K), 0.0028256 secs] [Times: user=0.00 sys=0.01, real=0.01 secs] 
2019-10-10T11:46:40.388+0000: 710.154: [GC (Allocation Failure) 2019-10-10T11:46:40.388+0000: 710.154: [DefNew: 409768K->194K(460800K), 0.0027446 secs] 466638K->57064K(1484800K), 0.0028333 secs] [Times: user=0.00 sys=0.00, real=0.00 secs] 
2019-10-10T11:46:47.766+0000: 717.531: [GC (Allocation Failure) 2019-10-10T11:46:47.766+0000: 717.531: [DefNew: 409794K->188K(460800K), 0.0030710 secs] 466664K->57072K(1484800K), 0.0031658 secs] [Times: user=0.00 sys=0.00, real=0.01 secs] 
2019-10-10T11:46:55.369+0000: 725.135: [GC (Allocation Failure) 2019-10-10T11:46:55.369+0000: 725.135: [DefNew: 409788K->154K(460800K), 0.0029431 secs] 466672K->57046K(1484800K), 0.0030459 secs] [Times: user=0.01 sys=0.00, real=0.00 secs] 
2019-10-10T11:47:02.649+0000: 732.415: [GC (Allocation Failure) 2019-10-10T11:47:02.649+0000: 732.415: [DefNew: 409754K->154K(460800K), 0.0028700 secs] 466646K->57046K(1484800K), 0.0029796 secs] [Times: user=0.00 sys=0.00, real=0.00 secs] 
2019-10-10T11:47:09.900+0000: 739.665: [GC (Allocation Failure) 2019-10-10T11:47:09.900+0000: 739.665: [DefNew: 409754K->154K(460800K), 0.0027121 secs] 466646K->57046K(1484800K), 0.0028111 secs] [Times: user=0.00 sys=0.00, real=0.00 secs] 
2019-10-10T11:47:17.238+0000: 747.003: [GC (Allocation Failure) 2019-10-10T11:47:17.238+0000: 747.003: [DefNew: 409754K->158K(460800K), 0.0027232 secs] 466646K->57050K(1484800K), 0.0028145 secs] [Times: user=0.00 sys=0.00, real=0.01 secs] 
2019-10-10T11:47:24.958+0000: 754.724: [GC (Allocation Failure) 2019-10-10T11:47:24.958+0000: 754.724: [DefNew: 409758K->167K(460800K), 0.0028560 secs] 466650K->57059K(1484800K), 0.0029500 secs] [Times: user=0.00 sys=0.00, real=0.01 secs] 
2019-10-10T11:47:32.299+0000: 762.065: [GC (Allocation Failure) 2019-10-10T11:47:32.299+0000: 762.065: [DefNew: 409767K->154K(460800K), 0.0025728 secs] 466659K->57046K(1484800K), 0.0026615 secs] [Times: user=0.00 sys=0.00, real=0.00 secs] 
2019-10-10T11:47:39.525+0000: 769.291: [GC (Allocation Failure) 2019-10-10T11:47:39.526+0000: 769.291: [DefNew: 409754K->207K(460800K), 0.0028912 secs] 466646K->57099K(1484800K), 0.0029680 secs] [Times: user=0.01 sys=0.00, real=0.01 secs] 
2019-10-10T11:47:47.304+0000: 777.069: [GC (Allocation Failure) 2019-10-10T11:47:47.304+0000: 777.069: [DefNew: 409807K->200K(460800K), 0.0028020 secs] 466699K->57100K(1484800K), 0.0029080 secs] [Times: user=0.00 sys=0.00, real=0.00 secs] 
2019-10-10T11:47:54.656+0000: 784.422: [GC (Allocation Failure) 2019-10-10T11:47:54.656+0000: 784.422: [DefNew: 409800K->164K(460800K), 0.0028878 secs] 466700K->57066K(1484800K), 0.0029803 secs] [Times: user=0.01 sys=0.00, real=0.01 secs] 
2019-10-10T11:48:01.826+0000: 791.591: [GC (Allocation Failure) 2019-10-10T11:48:01.826+0000: 791.591: [DefNew: 409764K->173K(460800K), 0.0031777 secs] 466666K->57075K(1484800K), 0.0032750 secs] [Times: user=0.00 sys=0.00, real=0.01 secs] 
2019-10-10T11:48:09.637+0000: 799.403: [GC (Allocation Failure) 2019-10-10T11:48:09.637+0000: 799.403: [DefNew: 409773K->170K(460800K), 0.0028334 secs] 466675K->57071K(1484800K), 0.0029189 secs] [Times: user=0.00 sys=0.00, real=0.01 secs] 
2019-10-10T11:48:16.942+0000: 806.708: [GC (Allocation Failure) 2019-10-10T11:48:16.942+0000: 806.708: [DefNew: 409770K->226K(460800K), 0.0028951 secs] 466671K->57128K(1484800K), 0.0030010 secs] [Times: user=0.00 sys=0.00, real=0.00 secs] 
2019-10-10T11:48:24.252+0000: 814.017: [GC (Allocation Failure) 2019-10-10T11:48:24.252+0000: 814.017: [DefNew: 409826K->158K(460800K), 0.0026392 secs] 466728K->57060K(1484800K), 0.0027344 secs] [Times: user=0.00 sys=0.00, real=0.00 secs] 
2019-10-10T11:48:31.969+0000: 821.735: [GC (Allocation Failure) 2019-10-10T11:48:31.969+0000: 821.735: [DefNew: 409758K->159K(460800K), 0.0026916 secs] 466660K->57060K(1484800K), 0.0027776 secs] [Times: user=0.00 sys=0.00, real=0.00 secs] 
2019-10-10T11:48:39.245+0000: 829.011: [GC (Allocation Failure) 2019-10-10T11:48:39.245+0000: 829.011: [DefNew: 409759K->178K(460800K), 0.0028519 secs] 466660K->57080K(1484800K), 0.0029232 secs] [Times: user=0.01 sys=0.00, real=0.01 secs] 
2019-10-10T11:48:46.556+0000: 836.321: [GC (Allocation Failure) 2019-10-10T11:48:46.556+0000: 836.321: [DefNew: 409778K->152K(460800K), 0.0027940 secs] 466680K->57061K(1484800K), 0.0029479 secs] [Times: user=0.01 sys=0.00, real=0.01 secs] 
2019-10-10T11:48:54.009+0000: 843.774: [GC (Allocation Failure) 2019-10-10T11:48:54.009+0000: 843.774: [DefNew: 409752K->157K(460800K), 0.0027882 secs] 466661K->57067K(1484800K), 0.0028919 secs] [Times: user=0.01 sys=0.00, real=0.00 secs] 
2019-10-10T11:49:01.574+0000: 851.340: [GC (Allocation Failure) 2019-10-10T11:49:01.574+0000: 851.340: [DefNew: 409757K->160K(460800K), 0.0030691 secs] 466667K->57070K(1484800K), 0.0031714 secs] [Times: user=0.00 sys=0.00, real=0.00 secs] 
2019-10-10T11:49:08.888+0000: 858.654: [GC (Allocation Failure) 2019-10-10T11:49:08.888+0000: 858.654: [DefNew: 409760K->225K(460800K), 0.0030685 secs] 466670K->57135K(1484800K), 0.0031558 secs] [Times: user=0.01 sys=0.00, real=0.00 secs] 
2019-10-10T11:49:16.125+0000: 865.890: [GC (Allocation Failure) 2019-10-10T11:49:16.125+0000: 865.890: [DefNew: 409825K->161K(460800K), 0.0027954 secs] 466735K->57071K(1484800K), 0.0028899 secs] [Times: user=0.00 sys=0.00, real=0.01 secs] 
2019-10-10T11:49:23.906+0000: 873.671: [GC (Allocation Failure) 2019-10-10T11:49:23.906+0000: 873.671: [DefNew: 409761K->166K(460800K), 0.0028563 secs] 466671K->57076K(1484800K), 0.0029574 secs] [Times: user=0.00 sys=0.00, real=0.01 secs] 
2019-10-10T11:49:31.161+0000: 880.926: [GC (Allocation Failure) 2019-10-10T11:49:31.161+0000: 880.926: [DefNew: 409766K->164K(460800K), 0.0030398 secs] 466676K->57079K(1484800K), 0.0031381 secs] [Times: user=0.00 sys=0.00, real=0.00 secs] 
2019-10-10T11:49:38.510+0000: 888.276: [GC (Allocation Failure) 2019-10-10T11:49:38.510+0000: 888.276: [DefNew: 409764K->164K(460800K), 0.0028764 secs] 466679K->57079K(1484800K), 0.0029639 secs] [Times: user=0.01 sys=0.00, real=0.00 secs] 
2019-10-10T11:49:46.265+0000: 896.030: [GC (Allocation Failure) 2019-10-10T11:49:46.265+0000: 896.030: [DefNew: 409764K->166K(460800K), 0.0029326 secs] 466679K->57089K(1484800K), 0.0030288 secs] [Times: user=0.00 sys=0.00, real=0.01 secs] 
2019-10-10T11:49:53.588+0000: 903.353: [GC (Allocation Failure) 2019-10-10T11:49:53.588+0000: 903.354: [DefNew: 409766K->153K(460800K), 0.0027235 secs] 466689K->57076K(1484800K), 0.0028155 secs] [Times: user=0.00 sys=0.00, real=0.00 secs] 
2019-10-10T11:50:00.781+0000: 910.547: [GC (Allocation Failure) 2019-10-10T11:50:00.781+0000: 910.547: [DefNew: 409753K->154K(460800K), 0.0029111 secs] 466676K->57077K(1484800K), 0.0030142 secs] [Times: user=0.00 sys=0.00, real=0.00 secs] 
2019-10-10T11:50:08.593+0000: 918.359: [GC (Allocation Failure) 2019-10-10T11:50:08.593+0000: 918.359: [DefNew: 409754K->182K(460800K), 0.0029636 secs] 466677K->57106K(1484800K), 0.0030447 secs] [Times: user=0.00 sys=0.00, real=0.00 secs] 
2019-10-10T11:50:15.882+0000: 925.648: [GC (Allocation Failure) 2019-10-10T11:50:15.882+0000: 925.648: [DefNew: 409782K->167K(460800K), 0.0028994 secs] 466706K->57091K(1484800K), 0.0030017 secs] [Times: user=0.00 sys=0.00, real=0.00 secs] 
2019-10-10T11:50:23.180+0000: 932.945: [GC (Allocation Failure) 2019-10-10T11:50:23.180+0000: 932.946: [DefNew: 409767K->154K(460800K), 0.0027631 secs] 466691K->57077K(1484800K), 0.0028582 secs] [Times: user=0.00 sys=0.00, real=0.00 secs] 
2019-10-10T11:50:30.947+0000: 940.713: [GC (Allocation Failure) 2019-10-10T11:50:30.947+0000: 940.713: [DefNew: 409754K->159K(460800K), 0.0026981 secs] 466677K->57083K(1484800K), 0.0027895 secs] [Times: user=0.00 sys=0.00, real=0.00 secs] 
2019-10-10T11:50:38.321+0000: 948.086: [GC (Allocation Failure) 2019-10-10T11:50:38.321+0000: 948.086: [DefNew: 409759K->180K(460800K), 0.0028735 secs] 466683K->57103K(1484800K), 0.0029576 secs] [Times: user=0.01 sys=0.00, real=0.00 secs] 
2019-10-10T11:50:45.583+0000: 955.348: [GC (Allocation Failure) 2019-10-10T11:50:45.583+0000: 955.348: [DefNew: 409780K->169K(460800K), 0.0029887 secs] 466703K->57101K(1484800K), 0.0030851 secs] [Times: user=0.01 sys=0.00, real=0.00 secs] 
2019-10-10T11:50:53.399+0000: 963.164: [GC (Allocation Failure) 2019-10-10T11:50:53.399+0000: 963.164: [DefNew: 409769K->147K(460800K), 0.0029183 secs] 466701K->57079K(1484800K), 0.0030260 secs] [Times: user=0.00 sys=0.00, real=0.00 secs] 
2019-10-10T11:51:00.638+0000: 970.403: [GC (Allocation Failure) 2019-10-10T11:51:00.638+0000: 970.403: [DefNew: 409747K->165K(460800K), 0.0029018 secs] 466679K->57098K(1484800K), 0.0030036 secs] [Times: user=0.01 sys=0.00, real=0.01 secs] 
2019-10-10T11:51:07.949+0000: 977.714: [GC (Allocation Failure) 2019-10-10T11:51:07.949+0000: 977.714: [DefNew: 409765K->225K(460800K), 0.0030553 secs] 466698K->57158K(1484800K), 0.0031823 secs] [Times: user=0.00 sys=0.00, real=0.00 secs] 
2019-10-10T11:51:15.184+0000: 984.950: [GC (Allocation Failure) 2019-10-10T11:51:15.184+0000: 984.950: [DefNew: 409825K->155K(460800K), 0.0031315 secs] 466758K->57087K(1484800K), 0.0032276 secs] [Times: user=0.00 sys=0.00, real=0.01 secs] 
2019-10-10T11:51:22.964+0000: 992.730: [GC (Allocation Failure) 2019-10-10T11:51:22.964+0000: 992.730: [DefNew: 409755K->177K(460800K), 0.0026935 secs] 466687K->57109K(1484800K), 0.0028000 secs] [Times: user=0.00 sys=0.00, real=0.01 secs] 
2019-10-10T11:51:30.255+0000: 1000.021: [GC (Allocation Failure) 2019-10-10T11:51:30.255+0000: 1000.021: [DefNew: 409777K->158K(460800K), 0.0029037 secs] 466709K->57091K(1484800K), 0.0030127 secs] [Times: user=0.00 sys=0.00, real=0.00 secs] 
2019-10-10T11:51:37.556+0000: 1007.322: [GC (Allocation Failure) 2019-10-10T11:51:37.556+0000: 1007.322: [DefNew: 409758K->155K(460800K), 0.0026565 secs] 466691K->57088K(1484800K), 0.0027463 secs] [Times: user=0.00 sys=0.00, real=0.01 secs] 
2019-10-10T11:51:45.258+0000: 1015.024: [GC (Allocation Failure) 2019-10-10T11:51:45.258+0000: 1015.024: [DefNew: 409755K->178K(460800K), 0.0028080 secs] 466688K->57118K(1484800K), 0.0028900 secs] [Times: user=0.01 sys=0.00, real=0.01 secs] 
11:51:50.324 [Client] INFO  c.s.f.r.e.s.SocketRear  - FlameSocketGraphDeployerRear@flamestream-benchmarks-worker-2: has been disconnected from Connection 4
11:51:50.330 [Client] INFO  c.s.f.r.e.s.SocketFront  - FlameSocketGraphDeployerFront@flamestream-benchmarks-worker-2 has been disconnected from Connection 4
11:51:53.685 [worker-akka.actor.default-dispatcher-9] INFO  a.a.LocalActorRef akka://worker/user/watcher/processing-watcher/graph/negotiator - Stopped
11:51:53.688 [worker-akka.actor.default-dispatcher-9] INFO  a.a.LocalActorRef akka://worker/user/watcher/processing-watcher/graph/graph/$+ - Stopped
11:51:53.688 [worker-akka.actor.default-dispatcher-9] INFO  a.a.LocalActorRef akka://worker/user/watcher/processing-watcher/graph/graph/$0 - Stopped
11:51:53.689 [worker-akka.actor.default-dispatcher-9] INFO  a.a.LocalActorRef akka://worker/user/watcher/processing-watcher/graph/graph/$1 - Stopped
11:51:53.689 [worker-akka.actor.default-dispatcher-9] INFO  a.a.LocalActorRef akka://worker/user/watcher/processing-watcher/graph/graph/$2 - Stopped
11:51:53.689 [worker-akka.actor.default-dispatcher-9] INFO  a.a.LocalActorRef akka://worker/user/watcher/processing-watcher/graph/graph/$3 - Stopped
11:51:53.690 [worker-akka.actor.default-dispatcher-9] INFO  a.a.LocalActorRef akka://worker/user/watcher/processing-watcher/graph/graph/$4 - Stopped
11:51:53.690 [worker-akka.actor.default-dispatcher-9] INFO  a.a.LocalActorRef akka://worker/user/watcher/processing-watcher/graph/graph/$5 - Stopped
11:51:53.690 [worker-akka.actor.default-dispatcher-9] INFO  a.a.LocalActorRef akka://worker/user/watcher/processing-watcher/graph/graph/$6 - Stopped
11:51:53.692 [worker-akka.actor.default-dispatcher-9] INFO  a.a.LocalActorRef akka://worker/user/watcher/processing-watcher/graph/graph/$7 - Stopped
11:51:53.698 [worker-akka.actor.default-dispatcher-9] INFO  a.a.LocalActorRef akka://worker/user/watcher/processing-watcher/graph/graph/$8 - Stopped
11:51:53.698 [worker-akka.actor.default-dispatcher-9] INFO  a.a.LocalActorRef akka://worker/user/watcher/processing-watcher/graph/graph/$9 - Stopped
11:51:53.700 [worker-akka.actor.default-dispatcher-12] INFO  a.a.LocalActorRef akka://worker/user/watcher/processing-watcher/graph/graph/$A - Stopped
11:51:53.710 [worker-akka.actor.default-dispatcher-10] INFO  a.a.LocalActorRef akka://worker/user/watcher/processing-watcher/graph/edge/FlameSocketGraphDeployerFront - Stopped
11:51:53.711 [worker-akka.actor.default-dispatcher-10] INFO  a.a.LocalActorRef akka://worker/user/watcher/processing-watcher/graph/edge/FlameSocketGraphDeployerRear - Stopped
11:51:53.711 [worker-akka.actor.default-dispatcher-10] INFO  a.a.LocalActorRef akka://worker/user/watcher/processing-watcher/graph/edge - Stopped
11:51:53.712 [worker-akka.actor.default-dispatcher-10] INFO  a.a.LocalActorRef akka://worker/user/watcher/processing-watcher/graph/graph/$Ab - Stopped
11:51:53.712 [worker-akka.actor.default-dispatcher-10] INFO  a.a.LocalActorRef akka://worker/user/watcher/processing-watcher/graph/graph/$B - Stopped
11:51:53.712 [worker-akka.actor.default-dispatcher-10] INFO  a.a.LocalActorRef akka://worker/user/watcher/processing-watcher/graph/graph/$Bb - Stopped
11:51:53.712 [worker-akka.actor.default-dispatcher-10] INFO  a.a.LocalActorRef akka://worker/user/watcher/processing-watcher/graph/graph/$C - Stopped
11:51:53.712 [worker-akka.actor.default-dispatcher-10] INFO  a.a.LocalActorRef akka://worker/user/watcher/processing-watcher/graph/graph/$Cb - Stopped
11:51:53.713 [worker-akka.actor.default-dispatcher-16] INFO  a.a.LocalActorRef akka://worker/user/watcher/processing-watcher/graph/graph/$D - Stopped
11:51:53.713 [worker-akka.actor.default-dispatcher-16] INFO  a.a.LocalActorRef akka://worker/user/watcher/processing-watcher/graph/graph/$Db - Stopped
11:51:53.713 [worker-akka.actor.default-dispatcher-16] INFO  a.a.LocalActorRef akka://worker/user/watcher/processing-watcher/graph/graph/$E - Stopped
11:51:53.714 [worker-akka.actor.default-dispatcher-16] INFO  a.a.LocalActorRef akka://worker/user/watcher/processing-watcher/graph/graph/$Eb - Stopped
11:51:53.714 [worker-akka.actor.default-dispatcher-16] INFO  a.a.LocalActorRef akka://worker/user/watcher/processing-watcher/graph/graph/$F - Stopped
11:51:53.714 [worker-akka.actor.default-dispatcher-16] INFO  a.a.LocalActorRef akka://worker/user/watcher/processing-watcher/graph/graph/$Fb - Stopped
11:51:53.714 [worker-akka.actor.default-dispatcher-16] INFO  a.a.LocalActorRef akka://worker/user/watcher/processing-watcher/graph/graph/$G - Stopped
11:51:53.714 [worker-akka.actor.default-dispatcher-16] INFO  a.a.LocalActorRef akka://worker/user/watcher/processing-watcher/graph/graph/$Gb - Stopped
11:51:53.714 [worker-akka.actor.default-dispatcher-16] INFO  a.a.LocalActorRef akka://worker/user/watcher/processing-watcher/graph/graph/$H - Stopped
11:51:53.715 [worker-akka.actor.default-dispatcher-16] INFO  a.a.LocalActorRef akka://worker/user/watcher/processing-watcher/graph/graph/$Hb - Stopped
11:51:53.715 [worker-akka.actor.default-dispatcher-16] INFO  a.a.LocalActorRef akka://worker/user/watcher/processing-watcher/graph/graph/$I - Stopped
11:51:53.715 [worker-akka.actor.default-dispatcher-16] INFO  a.a.LocalActorRef akka://worker/user/watcher/processing-watcher/graph/graph/$Ib - Stopped
11:51:53.716 [worker-akka.actor.default-dispatcher-16] INFO  a.a.LocalActorRef akka://worker/user/watcher/processing-watcher/graph/graph/$J - Stopped
11:51:53.716 [worker-akka.actor.default-dispatcher-16] INFO  a.a.LocalActorRef akka://worker/user/watcher/processing-watcher/graph/graph/$Jb - Stopped
11:51:53.724 [worker-akka.actor.default-dispatcher-6] INFO  a.a.LocalActorRef akka://worker/user/watcher/processing-watcher/graph/graph/$K - Stopped
11:51:53.725 [worker-akka.actor.default-dispatcher-18] INFO  a.a.LocalActorRef akka://worker/user/watcher/processing-watcher/graph/graph/$Kb - Stopped
11:51:53.727 [worker-akka.actor.default-dispatcher-20] INFO  a.a.LocalActorRef akka://worker/user/watcher/processing-watcher/graph/graph/$L - Stopped
11:51:53.728 [worker-akka.actor.default-dispatcher-20] INFO  a.a.LocalActorRef akka://worker/user/watcher/processing-watcher/graph/graph/$Lb - Stopped
11:51:53.730 [worker-akka.actor.default-dispatcher-20] INFO  a.a.LocalActorRef akka://worker/user/watcher/processing-watcher/graph/graph/$M - Stopped
11:51:53.732 [worker-akka.actor.default-dispatcher-20] INFO  a.a.LocalActorRef akka://worker/user/watcher/processing-watcher/graph/graph/$Mb - Stopped
11:51:53.733 [worker-akka.actor.default-dispatcher-20] INFO  a.a.LocalActorRef akka://worker/user/watcher/processing-watcher/graph/graph/$N - Stopped
11:51:53.735 [worker-akka.actor.default-dispatcher-20] INFO  a.a.LocalActorRef akka://worker/user/watcher/processing-watcher/graph/graph/$Nb - Stopped
11:51:53.737 [worker-akka.actor.default-dispatcher-20] INFO  a.a.LocalActorRef akka://worker/user/watcher/processing-watcher/graph/graph/$O - Stopped
11:51:53.738 [worker-akka.actor.default-dispatcher-20] INFO  a.a.LocalActorRef akka://worker/user/watcher/processing-watcher/graph/graph/$P - Stopped
11:51:53.740 [worker-akka.actor.default-dispatcher-20] INFO  a.a.LocalActorRef akka://worker/user/watcher/processing-watcher/graph/graph/$Q - Stopped
11:51:53.741 [worker-akka.actor.default-dispatcher-20] INFO  a.a.LocalActorRef akka://worker/user/watcher/processing-watcher/graph/graph/$R - Stopped
11:51:53.742 [worker-akka.actor.default-dispatcher-20] INFO  a.a.LocalActorRef akka://worker/user/watcher/processing-watcher/graph/graph/$S - Stopped
11:51:53.744 [worker-akka.actor.default-dispatcher-20] INFO  a.a.LocalActorRef akka://worker/user/watcher/processing-watcher/graph/graph/$T - Stopped
11:51:53.745 [worker-akka.actor.default-dispatcher-20] INFO  a.a.LocalActorRef akka://worker/user/watcher/processing-watcher/graph/graph/$U - Stopped
11:51:53.746 [worker-akka.actor.default-dispatcher-20] INFO  a.a.LocalActorRef akka://worker/user/watcher/processing-watcher/graph/graph/$V - Stopped
11:51:53.747 [worker-akka.actor.default-dispatcher-20] INFO  a.a.LocalActorRef akka://worker/user/watcher/processing-watcher/graph/graph/$W - Stopped
11:51:53.749 [worker-akka.actor.default-dispatcher-20] INFO  a.a.LocalActorRef akka://worker/user/watcher/processing-watcher/graph/graph/$X - Stopped
11:51:53.751 [worker-akka.actor.default-dispatcher-20] INFO  a.a.LocalActorRef akka://worker/user/watcher/processing-watcher/graph/graph/$Y - Stopped
11:51:53.752 [worker-akka.actor.default-dispatcher-20] INFO  a.a.LocalActorRef akka://worker/user/watcher/processing-watcher/graph/graph/$Z - Stopped
11:51:53.753 [worker-akka.actor.default-dispatcher-20] INFO  a.a.LocalActorRef akka://worker/user/watcher/processing-watcher/graph/graph/$a - Stopped
11:51:53.754 [worker-akka.actor.default-dispatcher-20] INFO  a.a.LocalActorRef akka://worker/user/watcher/processing-watcher/graph/graph/$ab - Stopped
11:51:53.757 [worker-akka.actor.default-dispatcher-19] INFO  a.a.LocalActorRef akka://worker/user/watcher/processing-watcher/graph/graph/$b - Stopped
11:51:53.757 [worker-akka.actor.default-dispatcher-19] INFO  a.a.LocalActorRef akka://worker/user/watcher/processing-watcher/graph/graph/$bb - Stopped
11:51:53.757 [worker-akka.actor.default-dispatcher-19] INFO  a.a.LocalActorRef akka://worker/user/watcher/processing-watcher/graph/graph/$c - Stopped
11:51:53.757 [worker-akka.actor.default-dispatcher-19] INFO  a.a.LocalActorRef akka://worker/user/watcher/processing-watcher/graph/graph/$cb - Stopped
11:51:53.757 [worker-akka.actor.default-dispatcher-19] INFO  a.a.LocalActorRef akka://worker/user/watcher/processing-watcher/graph/graph/$d - Stopped
11:51:53.758 [worker-akka.actor.default-dispatcher-20] INFO  a.a.LocalActorRef akka://worker/user/watcher/processing-watcher/graph/graph/$db - Stopped
11:51:53.759 [worker-akka.actor.default-dispatcher-20] INFO  a.a.LocalActorRef akka://worker/user/watcher/processing-watcher/graph/graph/$e - Stopped
11:51:53.760 [worker-akka.actor.default-dispatcher-20] INFO  a.a.LocalActorRef akka://worker/user/watcher/processing-watcher/graph/graph/$eb - Stopped
11:51:53.762 [worker-akka.actor.default-dispatcher-20] INFO  a.a.LocalActorRef akka://worker/user/watcher/processing-watcher/graph/graph/$f - Stopped
11:51:53.763 [worker-akka.actor.default-dispatcher-20] INFO  a.a.LocalActorRef akka://worker/user/watcher/processing-watcher/graph/graph/$fb - Stopped
11:51:53.764 [worker-akka.actor.default-dispatcher-20] INFO  a.a.LocalActorRef akka://worker/user/watcher/processing-watcher/graph/graph/$g - Stopped
11:51:53.765 [worker-akka.actor.default-dispatcher-20] INFO  a.a.LocalActorRef akka://worker/user/watcher/processing-watcher/graph/graph/$gb - Stopped
11:51:53.766 [worker-akka.actor.default-dispatcher-20] INFO  a.a.LocalActorRef akka://worker/user/watcher/processing-watcher/graph/graph/$h - Stopped
11:51:53.768 [worker-akka.actor.default-dispatcher-20] INFO  a.a.LocalActorRef akka://worker/user/watcher/processing-watcher/graph/graph/$hb - Stopped
11:51:53.771 [worker-akka.actor.default-dispatcher-20] INFO  a.a.LocalActorRef akka://worker/user/watcher/processing-watcher/graph/graph/$i - Stopped
11:51:53.772 [worker-akka.actor.default-dispatcher-20] INFO  a.a.LocalActorRef akka://worker/user/watcher/processing-watcher/graph/graph/$ib - Stopped
11:51:53.774 [worker-akka.actor.default-dispatcher-19] INFO  a.a.LocalActorRef akka://worker/user/watcher/processing-watcher/graph/graph/$j - Stopped
11:51:53.774 [worker-akka.actor.default-dispatcher-19] INFO  a.a.LocalActorRef akka://worker/user/watcher/processing-watcher/graph/graph/$jb - Stopped
11:51:53.774 [worker-akka.actor.default-dispatcher-19] INFO  a.a.LocalActorRef akka://worker/user/watcher/processing-watcher/graph/graph/$k - Stopped
11:51:53.774 [worker-akka.actor.default-dispatcher-19] INFO  a.a.LocalActorRef akka://worker/user/watcher/processing-watcher/graph/graph/$kb - Stopped
11:51:53.775 [worker-akka.actor.default-dispatcher-20] INFO  a.a.LocalActorRef akka://worker/user/watcher/processing-watcher/graph/graph/$l - Stopped
11:51:53.776 [worker-akka.actor.default-dispatcher-20] INFO  a.a.LocalActorRef akka://worker/user/watcher/processing-watcher/graph/graph/$lb - Stopped
11:51:53.777 [worker-akka.actor.default-dispatcher-20] INFO  a.a.LocalActorRef akka://worker/user/watcher/processing-watcher/graph/graph/$m - Stopped
11:51:53.778 [worker-akka.actor.default-dispatcher-20] INFO  a.a.LocalActorRef akka://worker/user/watcher/processing-watcher/graph/graph/$mb - Stopped
11:51:53.779 [worker-akka.actor.default-dispatcher-20] INFO  a.a.LocalActorRef akka://worker/user/watcher/processing-watcher/graph/graph/$n - Stopped
11:51:53.780 [worker-akka.actor.default-dispatcher-20] INFO  a.a.LocalActorRef akka://worker/user/watcher/processing-watcher/graph/graph/$nb - Stopped
11:51:53.780 [worker-akka.actor.default-dispatcher-20] INFO  a.a.LocalActorRef akka://worker/user/watcher/processing-watcher/graph/graph/$o - Stopped
11:51:53.781 [worker-akka.actor.default-dispatcher-20] INFO  a.a.LocalActorRef akka://worker/user/watcher/processing-watcher/graph/graph/$ob - Stopped
11:51:53.783 [worker-akka.actor.default-dispatcher-19] INFO  a.a.LocalActorRef akka://worker/user/watcher/processing-watcher/graph/graph/$p - Stopped
11:51:53.783 [worker-akka.actor.default-dispatcher-19] INFO  a.a.LocalActorRef akka://worker/user/watcher/processing-watcher/graph/graph/$pb - Stopped
11:51:53.783 [worker-akka.actor.default-dispatcher-19] INFO  a.a.LocalActorRef akka://worker/user/watcher/processing-watcher/graph/graph/$q - Stopped
11:51:53.784 [worker-akka.actor.default-dispatcher-20] INFO  a.a.LocalActorRef akka://worker/user/watcher/processing-watcher/graph/graph/$qb - Stopped
11:51:53.785 [worker-akka.actor.default-dispatcher-20] INFO  a.a.LocalActorRef akka://worker/user/watcher/processing-watcher/graph/graph/$r - Stopped
11:51:53.785 [worker-akka.actor.default-dispatcher-20] INFO  a.a.LocalActorRef akka://worker/user/watcher/processing-watcher/graph/graph/$rb - Stopped
11:51:53.786 [worker-akka.actor.default-dispatcher-20] INFO  a.a.LocalActorRef akka://worker/user/watcher/processing-watcher/graph/graph/$s - Stopped
11:51:53.787 [worker-akka.actor.default-dispatcher-20] INFO  a.a.LocalActorRef akka://worker/user/watcher/processing-watcher/graph/graph/$sb - Stopped
11:51:53.788 [worker-akka.actor.default-dispatcher-20] INFO  a.a.LocalActorRef akka://worker/user/watcher/processing-watcher/graph/graph/$t - Stopped
11:51:53.788 [worker-akka.actor.default-dispatcher-20] INFO  a.a.LocalActorRef akka://worker/user/watcher/processing-watcher/graph/graph/$tb - Stopped
11:51:53.789 [worker-akka.actor.default-dispatcher-20] INFO  a.a.LocalActorRef akka://worker/user/watcher/processing-watcher/graph/graph/$u - Stopped
11:51:53.790 [worker-akka.actor.default-dispatcher-20] INFO  a.a.LocalActorRef akka://worker/user/watcher/processing-watcher/graph/graph/$ub - Stopped
11:51:53.792 [worker-akka.actor.default-dispatcher-20] INFO  a.a.LocalActorRef akka://worker/user/watcher/processing-watcher/graph/graph/$v - Stopped
11:51:53.793 [worker-akka.actor.default-dispatcher-20] INFO  a.a.LocalActorRef akka://worker/user/watcher/processing-watcher/graph/graph/$vb - Stopped
11:51:53.794 [worker-akka.actor.default-dispatcher-20] INFO  a.a.LocalActorRef akka://worker/user/watcher/processing-watcher/graph/graph/$w - Stopped
11:51:53.794 [worker-akka.actor.default-dispatcher-20] INFO  a.a.LocalActorRef akka://worker/user/watcher/processing-watcher/graph/graph/$wb - Stopped
11:51:53.795 [worker-akka.actor.default-dispatcher-20] INFO  a.a.LocalActorRef akka://worker/user/watcher/processing-watcher/graph/graph/$x - Stopped
11:51:53.796 [worker-akka.actor.default-dispatcher-19] INFO  a.a.LocalActorRef akka://worker/user/watcher/processing-watcher/graph/graph/$xb - Stopped
11:51:53.797 [worker-akka.actor.default-dispatcher-19] INFO  a.a.LocalActorRef akka://worker/user/watcher/processing-watcher/graph/graph/$y - Stopped
11:51:53.797 [worker-akka.actor.default-dispatcher-19] INFO  a.a.LocalActorRef akka://worker/user/watcher/processing-watcher/graph/graph/$yb - Stopped
11:51:53.797 [worker-akka.actor.default-dispatcher-19] INFO  a.a.LocalActorRef akka://worker/user/watcher/processing-watcher/graph/graph/$z - Stopped
11:51:53.798 [worker-akka.actor.default-dispatcher-20] INFO  a.a.LocalActorRef akka://worker/user/watcher/processing-watcher/graph/graph/$zb - Stopped
11:51:53.799 [worker-akka.actor.default-dispatcher-20] INFO  a.a.LocalActorRef akka://worker/user/watcher/processing-watcher/graph/graph/$~ - Stopped
11:51:53.817 [worker-akka.actor.default-dispatcher-20] INFO  a.a.LocalActorRef akka://worker/user/watcher/processing-watcher/graph/graph - Stopped
11:51:53.826 [worker-akka.actor.default-dispatcher-20] INFO  a.a.LocalActorRef akka://worker/user/watcher/processing-watcher/graph - Stopped
11:51:53.828 [worker-akka.actor.default-dispatcher-20] INFO  a.a.LocalActorRef akka://worker/user/watcher/processing-watcher - Stopped
11:51:53.829 [Curator-Framework-0] INFO  o.a.c.f.i.CuratorFrameworkImpl  - backgroundOperationsLoop exiting
11:51:53.841 [Curator-PathChildrenCache-0] ERROR o.a.c.f.r.c.PathChildrenCache  - 
java.lang.IllegalStateException: instance must be started before calling this method
	at org.apache.curator.shaded.com.google.common.base.Preconditions.checkState(Preconditions.java:444)
	at org.apache.curator.framework.imps.CuratorFrameworkImpl.getChildren(CuratorFrameworkImpl.java:456)
	at org.apache.curator.framework.recipes.cache.PathChildrenCache.refresh(PathChildrenCache.java:521)
	at org.apache.curator.framework.recipes.cache.RefreshOperation.invoke(RefreshOperation.java:35)
	at org.apache.curator.framework.recipes.cache.PathChildrenCache$9.run(PathChildrenCache.java:786)
	at java.util.concurrent.Executors$RunnableAdapter.call(Executors.java:511)
	at java.util.concurrent.FutureTask.run(FutureTask.java:266)
	at java.util.concurrent.Executors$RunnableAdapter.call(Executors.java:511)
	at java.util.concurrent.FutureTask.run(FutureTask.java:266)
	at java.util.concurrent.ThreadPoolExecutor.runWorker(ThreadPoolExecutor.java:1149)
	at java.util.concurrent.ThreadPoolExecutor$Worker.run(ThreadPoolExecutor.java:624)
	at java.lang.Thread.run(Thread.java:748)
11:51:53.842 [worker-akka.actor.default-dispatcher-6-EventThread] INFO  o.a.z.ClientCnxn  - EventThread shut down for session: 0x100002c53420002
11:51:53.842 [worker-akka.actor.default-dispatcher-19] INFO  o.a.z.ZooKeeper  - Session: 0x100002c53420002 closed
11:51:53.846 [worker-akka.actor.default-dispatcher-20] INFO  a.a.RepointableActorRef akka://worker/user/watcher - Stopped
11:51:53.855 [worker-akka.actor.default-dispatcher-19] INFO  a.r.RemoteActorRefProvider$RemotingTerminator akka://worker@flamestream-benchmarks-worker-2:5412/system/remoting-terminator - Shutting down remote daemon.
11:51:53.856 [worker-akka.actor.default-dispatcher-19] INFO  a.r.RemoteActorRefProvider$RemotingTerminator akka://worker@flamestream-benchmarks-worker-2:5412/system/remoting-terminator - Remote daemon shut down; proceeding with flushing remote transports.
11:51:54.147 [worker-akka.actor.default-dispatcher-19] INFO  a.r.RemoteActorRefProvider$RemotingTerminator akka://worker@flamestream-benchmarks-worker-2:5412/system/remoting-terminator - Remoting shut down.
Heap
 def new generation   total 460800K, used 329652K [0x00000000a2400000, 0x00000000c1800000, 0x00000000c1800000)
  eden space 409600K,  80% used [0x00000000a2400000, 0x00000000b65c0970, 0x00000000bb400000)
  from space 51200K,   0% used [0x00000000bb400000, 0x00000000bb42c8d8, 0x00000000be600000)
  to   space 51200K,   0% used [0x00000000be600000, 0x00000000be600000, 0x00000000c1800000)
 tenured generation   total 1024000K, used 56940K [0x00000000c1800000, 0x0000000100000000, 0x0000000100000000)
   the space 1024000K,   5% used [0x00000000c1800000, 0x00000000c4f9b100, 0x00000000c4f9b200, 0x0000000100000000)
 Metaspace       used 40684K, capacity 43476K, committed 43648K, reserved 1087488K
  class space    used 5338K, capacity 5659K, committed 5760K, reserved 1048576K
