13:36:23,432 |-INFO in ch.qos.logback.classic.LoggerContext[default] - Could NOT find resource [logback-test.xml]
13:36:23,432 |-INFO in ch.qos.logback.classic.LoggerContext[default] - Could NOT find resource [logback.groovy]
13:36:23,432 |-INFO in ch.qos.logback.classic.LoggerContext[default] - Found resource [logback.xml] at [jar:file:/home/nikitasokolov/flamestream/lib/flamestream-runtime-1.0-SNAPSHOT.jar!/logback.xml]
13:36:23,433 |-WARN in ch.qos.logback.classic.LoggerContext[default] - Resource [logback.xml] occurs multiple times on the classpath.
13:36:23,433 |-WARN in ch.qos.logback.classic.LoggerContext[default] - Resource [logback.xml] occurs at [jar:file:/home/nikitasokolov/flamestream/lib/flamestream-runtime-1.0-SNAPSHOT.jar!/logback.xml]
13:36:23,433 |-WARN in ch.qos.logback.classic.LoggerContext[default] - Resource [logback.xml] occurs at [jar:file:/home/nikitasokolov/flamestream/flamestream-runtime-1.0-SNAPSHOT.jar!/logback.xml]
13:36:23,448 |-INFO in ch.qos.logback.core.joran.spi.ConfigurationWatchList@2f7a2457 - URL [jar:file:/home/nikitasokolov/flamestream/lib/flamestream-runtime-1.0-SNAPSHOT.jar!/logback.xml] is not of type file
13:36:23,500 |-INFO in ch.qos.logback.classic.joran.action.ConfigurationAction - debug attribute not set
13:36:23,500 |-INFO in ch.qos.logback.core.joran.action.AppenderAction - About to instantiate appender of type [ch.qos.logback.core.ConsoleAppender]
13:36:23,508 |-INFO in ch.qos.logback.core.joran.action.AppenderAction - Naming appender as [STDOUT]
13:36:23,515 |-INFO in ch.qos.logback.core.joran.action.NestedComplexPropertyIA - Assuming default type [ch.qos.logback.classic.encoder.PatternLayoutEncoder] for [encoder] property
13:36:23,570 |-INFO in ch.qos.logback.core.joran.action.AppenderAction - About to instantiate appender of type [ch.qos.logback.core.rolling.RollingFileAppender]
13:36:23,576 |-INFO in ch.qos.logback.core.joran.action.AppenderAction - Naming appender as [FILE]
13:36:23,598 |-INFO in c.q.l.core.rolling.TimeBasedRollingPolicy@1449621165 - No compression will be used
13:36:23,599 |-INFO in c.q.l.core.rolling.TimeBasedRollingPolicy@1449621165 - Will use the pattern /tmp/application_%d{yyyy-MM-dd}.%i.log for the active file
13:36:23,602 |-INFO in ch.qos.logback.core.rolling.SizeAndTimeBasedFNATP@6108b2d7 - The date pattern is 'yyyy-MM-dd' from file name pattern '/tmp/application_%d{yyyy-MM-dd}.%i.log'.
13:36:23,602 |-INFO in ch.qos.logback.core.rolling.SizeAndTimeBasedFNATP@6108b2d7 - Roll-over at midnight.
13:36:23,606 |-INFO in ch.qos.logback.core.rolling.SizeAndTimeBasedFNATP@6108b2d7 - Setting initial period to Thu May 30 13:33:25 MSK 2019
13:36:23,606 |-WARN in ch.qos.logback.core.rolling.SizeAndTimeBasedFNATP@6108b2d7 - SizeAndTimeBasedFNATP is deprecated. Use SizeAndTimeBasedRollingPolicy instead
13:36:23,606 |-WARN in ch.qos.logback.core.rolling.SizeAndTimeBasedFNATP@6108b2d7 - For more information see http://logback.qos.ch/manual/appenders.html#SizeAndTimeBasedRollingPolicy
13:36:23,611 |-INFO in ch.qos.logback.core.joran.action.NestedComplexPropertyIA - Assuming default type [ch.qos.logback.classic.encoder.PatternLayoutEncoder] for [encoder] property
13:36:23,613 |-INFO in ch.qos.logback.core.rolling.RollingFileAppender[FILE] - Active log file name: /tmp/application.log
13:36:23,613 |-INFO in ch.qos.logback.core.rolling.RollingFileAppender[FILE] - File property is set to [/tmp/application.log]
13:36:23,614 |-INFO in ch.qos.logback.classic.joran.action.RootLoggerAction - Setting level of ROOT logger to WARN
13:36:23,614 |-INFO in ch.qos.logback.core.joran.action.AppenderRefAction - Attaching appender named [STDOUT] to Logger[ROOT]
13:36:23,615 |-INFO in ch.qos.logback.core.joran.action.AppenderRefAction - Attaching appender named [FILE] to Logger[ROOT]
13:36:23,615 |-INFO in ch.qos.logback.classic.joran.action.ConfigurationAction - End of configuration.
13:36:23,615 |-INFO in ch.qos.logback.classic.joran.JoranConfigurator@1554909b - Registering current configuration as safe fallback point

2019-05-30T13:36:24.645+0300: 1.409: [GC (Metadata GC Threshold) [PSYoungGen: 97801K->15980K(149504K)] 97801K->16060K(491008K), 0.0317009 secs] [Times: user=0.16 sys=0.06, real=0.03 secs] 
2019-05-30T13:36:24.677+0300: 1.441: [Full GC (Metadata GC Threshold) [PSYoungGen: 15980K->0K(149504K)] [ParOldGen: 80K->15122K(341504K)] 16060K->15122K(491008K), [Metaspace: 20805K->20805K(1067008K)], 0.0245290 secs] [Times: user=0.15 sys=0.01, real=0.02 secs] 
13:36:33.895 [Curator-PathChildrenCache-1] WARN  o.a.c.u.ZKPaths  - The version of ZooKeeper being used doesn't support Container nodes. CreateMode.PERSISTENT will be used instead.
2019-05-30T13:36:34.605+0300: 11.369: [GC (Allocation Failure) [PSYoungGen: 128512K->16042K(149504K)] 143634K->50704K(491008K), 0.0240368 secs] [Times: user=0.20 sys=0.01, real=0.02 secs] 
2019-05-30T13:36:35.968+0300: 12.732: [GC (Metadata GC Threshold) [PSYoungGen: 28989K->6085K(149504K)] 63650K->40754K(491008K), 0.0047510 secs] [Times: user=0.04 sys=0.00, real=0.01 secs] 
2019-05-30T13:36:35.973+0300: 12.737: [Full GC (Metadata GC Threshold) [PSYoungGen: 6085K->0K(149504K)] [ParOldGen: 34669K->29835K(341504K)] 40754K->29835K(491008K), [Metaspace: 34508K->34508K(1079296K)], 0.0345558 secs] [Times: user=0.22 sys=0.01, real=0.03 secs] 
2019-05-30T13:38:31.346+0300: 128.110: [GC (Allocation Failure) [PSYoungGen: 128512K->832K(149504K)] 158347K->30675K(491008K), 0.0053037 secs] [Times: user=0.01 sys=0.02, real=0.01 secs] 
2019-05-30T13:40:57.063+0300: 273.827: [GC (Allocation Failure) [PSYoungGen: 129344K->512K(128000K)] 159187K->30363K(469504K), 0.0073491 secs] [Times: user=0.06 sys=0.01, real=0.00 secs] 
2019-05-30T13:43:17.090+0300: 413.854: [GC (Allocation Failure) [PSYoungGen: 127488K->608K(148992K)] 157339K->30467K(490496K), 0.0046360 secs] [Times: user=0.02 sys=0.02, real=0.01 secs] 
2019-05-30T13:45:36.504+0300: 553.268: [GC (Allocation Failure) [PSYoungGen: 127584K->528K(148480K)] 157443K->30395K(489984K), 0.0044632 secs] [Times: user=0.02 sys=0.01, real=0.00 secs] 
2019-05-30T13:48:16.311+0300: 713.076: [GC (Allocation Failure) [PSYoungGen: 127504K->404K(150528K)] 157371K->30279K(492032K), 0.0031388 secs] [Times: user=0.01 sys=0.01, real=0.00 secs] 
13:50:23.931 [Curator-PathChildrenCache-0] ERROR o.a.c.f.r.c.PathChildrenCache  - 
java.lang.IllegalStateException: instance must be started before calling this method
	at org.apache.curator.shaded.com.google.common.base.Preconditions.checkState(Preconditions.java:444)
	at org.apache.curator.framework.imps.CuratorFrameworkImpl.getChildren(CuratorFrameworkImpl.java:456)
	at org.apache.curator.framework.recipes.cache.PathChildrenCache.refresh(PathChildrenCache.java:521)
	at org.apache.curator.framework.recipes.cache.RefreshOperation.invoke(RefreshOperation.java:35)
	at org.apache.curator.framework.recipes.cache.PathChildrenCache$9.run(PathChildrenCache.java:786)
	at java.util.concurrent.Executors$RunnableAdapter.call(Executors.java:511)
	at java.util.concurrent.FutureTask.run(FutureTask.java:266)
	at java.util.concurrent.Executors$RunnableAdapter.call(Executors.java:511)
	at java.util.concurrent.FutureTask.run(FutureTask.java:266)
	at java.util.concurrent.ThreadPoolExecutor.runWorker(ThreadPoolExecutor.java:1149)
	at java.util.concurrent.ThreadPoolExecutor$Worker.run(ThreadPoolExecutor.java:624)
	at java.lang.Thread.run(Thread.java:748)
Heap
 PSYoungGen      total 150528K, used 121218K [0x00000000f5980000, 0x0000000100000000, 0x0000000100000000)
  eden space 129536K, 93% used [0x00000000f5980000,0x00000000fcf7b788,0x00000000fd800000)
  from space 20992K, 1% used [0x00000000feb80000,0x00000000febe5120,0x0000000100000000)
  to   space 19968K, 0% used [0x00000000fd800000,0x00000000fd800000,0x00000000feb80000)
 ParOldGen       total 341504K, used 29875K [0x00000000e0c00000, 0x00000000f5980000, 0x00000000f5980000)
  object space 341504K, 8% used [0x00000000e0c00000,0x00000000e292cd30,0x00000000f5980000)
 Metaspace       used 36401K, capacity 37230K, committed 37464K, reserved 1081344K
  class space    used 4955K, capacity 5147K, committed 5248K, reserved 1048576K
