14:51:26,021 |-INFO in ch.qos.logback.classic.LoggerContext[default] - Could NOT find resource [logback-test.xml]
14:51:26,021 |-INFO in ch.qos.logback.classic.LoggerContext[default] - Could NOT find resource [logback.groovy]
14:51:26,022 |-INFO in ch.qos.logback.classic.LoggerContext[default] - Found resource [logback.xml] at [jar:file:/root/flamestream/lib/flamestream-runtime-1.0-SNAPSHOT.jar!/logback.xml]
14:51:26,022 |-WARN in ch.qos.logback.classic.LoggerContext[default] - Resource [logback.xml] occurs multiple times on the classpath.
14:51:26,022 |-WARN in ch.qos.logback.classic.LoggerContext[default] - Resource [logback.xml] occurs at [jar:file:/root/flamestream/lib/flamestream-runtime-1.0-SNAPSHOT.jar!/logback.xml]
14:51:26,022 |-WARN in ch.qos.logback.classic.LoggerContext[default] - Resource [logback.xml] occurs at [jar:file:/root/flamestream/flamestream-runtime-1.0-SNAPSHOT.jar!/logback.xml]
14:51:26,042 |-INFO in ch.qos.logback.core.joran.spi.ConfigurationWatchList@3fb6a447 - URL [jar:file:/root/flamestream/lib/flamestream-runtime-1.0-SNAPSHOT.jar!/logback.xml] is not of type file
14:51:26,115 |-INFO in ch.qos.logback.classic.joran.action.ConfigurationAction - debug attribute not set
14:51:26,116 |-INFO in ch.qos.logback.core.joran.action.AppenderAction - About to instantiate appender of type [ch.qos.logback.core.ConsoleAppender]
14:51:26,133 |-INFO in ch.qos.logback.core.joran.action.AppenderAction - Naming appender as [STDOUT]
14:51:26,149 |-INFO in ch.qos.logback.core.joran.action.NestedComplexPropertyIA - Assuming default type [ch.qos.logback.classic.encoder.PatternLayoutEncoder] for [encoder] property
14:51:26,230 |-INFO in ch.qos.logback.core.joran.action.AppenderAction - About to instantiate appender of type [ch.qos.logback.core.rolling.RollingFileAppender]
14:51:26,239 |-INFO in ch.qos.logback.core.joran.action.AppenderAction - Naming appender as [FILE]
14:51:26,271 |-INFO in c.q.l.core.rolling.TimeBasedRollingPolicy@127618319 - No compression will be used
14:51:26,272 |-INFO in c.q.l.core.rolling.TimeBasedRollingPolicy@127618319 - Will use the pattern /tmp/application_%d{yyyy-MM-dd}.%i.log for the active file
14:51:26,275 |-INFO in ch.qos.logback.core.rolling.SizeAndTimeBasedFNATP@6b2fad11 - The date pattern is 'yyyy-MM-dd' from file name pattern '/tmp/application_%d{yyyy-MM-dd}.%i.log'.
14:51:26,275 |-INFO in ch.qos.logback.core.rolling.SizeAndTimeBasedFNATP@6b2fad11 - Roll-over at midnight.
14:51:26,280 |-INFO in ch.qos.logback.core.rolling.SizeAndTimeBasedFNATP@6b2fad11 - Setting initial period to Mon Jun 10 14:50:04 UTC 2019
14:51:26,280 |-WARN in ch.qos.logback.core.rolling.SizeAndTimeBasedFNATP@6b2fad11 - SizeAndTimeBasedFNATP is deprecated. Use SizeAndTimeBasedRollingPolicy instead
14:51:26,280 |-WARN in ch.qos.logback.core.rolling.SizeAndTimeBasedFNATP@6b2fad11 - For more information see http://logback.qos.ch/manual/appenders.html#SizeAndTimeBasedRollingPolicy
14:51:26,284 |-INFO in ch.qos.logback.core.joran.action.NestedComplexPropertyIA - Assuming default type [ch.qos.logback.classic.encoder.PatternLayoutEncoder] for [encoder] property
14:51:26,289 |-INFO in ch.qos.logback.core.rolling.RollingFileAppender[FILE] - Active log file name: /tmp/application.log
14:51:26,289 |-INFO in ch.qos.logback.core.rolling.RollingFileAppender[FILE] - File property is set to [/tmp/application.log]
14:51:26,290 |-INFO in ch.qos.logback.classic.joran.action.RootLoggerAction - Setting level of ROOT logger to WARN
14:51:26,290 |-INFO in ch.qos.logback.core.joran.action.AppenderRefAction - Attaching appender named [STDOUT] to Logger[ROOT]
14:51:26,292 |-INFO in ch.qos.logback.core.joran.action.AppenderRefAction - Attaching appender named [FILE] to Logger[ROOT]
14:51:26,292 |-INFO in ch.qos.logback.classic.joran.action.ConfigurationAction - End of configuration.
14:51:26,293 |-INFO in ch.qos.logback.classic.joran.JoranConfigurator@79698539 - Registering current configuration as safe fallback point

Ama winner
Ama winner
2019-06-10T14:51:27.591+0000: 1.755: [Full GC (Metadata GC Threshold) 2019-06-10T14:51:27.591+0000: 1.755: [Tenured: 0K->15176K(341376K), 0.0399045 secs] 114988K->15176K(494976K), [Metaspace: 20741K->20741K(1067008K)], 0.0399744 secs] [Times: user=0.04 sys=0.00, real=0.04 secs] 
14:51:50.261 [Curator-PathChildrenCache-2] WARN  o.a.c.u.ZKPaths  - The version of ZooKeeper being used doesn't support Container nodes. CreateMode.PERSISTENT will be used instead.
2019-06-10T14:51:52.203+0000: 26.367: [GC (Allocation Failure) 2019-06-10T14:51:52.203+0000: 26.367: [DefNew: 117562K->17023K(153600K), 0.0185247 secs] 132738K->32999K(494976K), 0.0185932 secs] [Times: user=0.02 sys=0.00, real=0.02 secs] 
2019-06-10T14:51:52.841+0000: 27.005: [Full GC (Metadata GC Threshold) 2019-06-10T14:51:52.841+0000: 27.005: [Tenured: 15975K->44351K(341376K), 0.0437544 secs] 72951K->44351K(494976K), [Metaspace: 34581K->34581K(1079296K)], 0.0438289 secs] [Times: user=0.04 sys=0.01, real=0.04 secs] 
2019-06-10T14:51:57.229+0000: 31.393: [GC (Allocation Failure) 2019-06-10T14:51:57.229+0000: 31.393: [DefNew: 136576K->257K(153600K), 0.0026263 secs] 180927K->44609K(494976K), 0.0026838 secs] [Times: user=0.00 sys=0.00, real=0.00 secs] 
2019-06-10T14:52:01.498+0000: 35.662: [GC (Allocation Failure) 2019-06-10T14:52:01.498+0000: 35.662: [DefNew: 136833K->257K(153600K), 0.0024193 secs] 181185K->44609K(494976K), 0.0024899 secs] [Times: user=0.00 sys=0.00, real=0.00 secs] 
2019-06-10T14:52:05.742+0000: 39.906: [GC (Allocation Failure) 2019-06-10T14:52:05.742+0000: 39.906: [DefNew: 136833K->271K(153600K), 0.0024245 secs] 181185K->44623K(494976K), 0.0024865 secs] [Times: user=0.00 sys=0.00, real=0.00 secs] 
2019-06-10T14:52:09.925+0000: 44.089: [GC (Allocation Failure) 2019-06-10T14:52:09.926+0000: 44.089: [DefNew: 136847K->258K(153600K), 0.0023036 secs] 181199K->44610K(494976K), 0.0023724 secs] [Times: user=0.00 sys=0.00, real=0.01 secs] 
2019-06-10T14:52:14.065+0000: 48.228: [GC (Allocation Failure) 2019-06-10T14:52:14.065+0000: 48.228: [DefNew: 136834K->257K(153600K), 0.0023801 secs] 181186K->44609K(494976K), 0.0024436 secs] [Times: user=0.00 sys=0.00, real=0.01 secs] 
2019-06-10T14:52:18.194+0000: 52.357: [GC (Allocation Failure) 2019-06-10T14:52:18.194+0000: 52.357: [DefNew: 136833K->256K(153600K), 0.0023002 secs] 181185K->44608K(494976K), 0.0023606 secs] [Times: user=0.01 sys=0.00, real=0.01 secs] 
2019-06-10T14:52:22.285+0000: 56.449: [GC (Allocation Failure) 2019-06-10T14:52:22.285+0000: 56.449: [DefNew: 136832K->259K(153600K), 0.0022732 secs] 181184K->44611K(494976K), 0.0023425 secs] [Times: user=0.00 sys=0.00, real=0.01 secs] 
2019-06-10T14:52:31.590+0000: 65.754: [GC (Allocation Failure) 2019-06-10T14:52:31.590+0000: 65.754: [DefNew: 136835K->646K(153600K), 0.0029906 secs] 181187K->44998K(494976K), 0.0030486 secs] [Times: user=0.00 sys=0.00, real=0.00 secs] 
14:52:34.512 [Curator-PathChildrenCache-0] ERROR o.a.c.f.r.c.PathChildrenCache  - 
java.lang.IllegalStateException: instance must be started before calling this method
	at org.apache.curator.shaded.com.google.common.base.Preconditions.checkState(Preconditions.java:444)
	at org.apache.curator.framework.imps.CuratorFrameworkImpl.getChildren(CuratorFrameworkImpl.java:456)
	at org.apache.curator.framework.recipes.cache.PathChildrenCache.refresh(PathChildrenCache.java:521)
	at org.apache.curator.framework.recipes.cache.RefreshOperation.invoke(RefreshOperation.java:35)
	at org.apache.curator.framework.recipes.cache.PathChildrenCache$9.run(PathChildrenCache.java:786)
	at java.util.concurrent.Executors$RunnableAdapter.call(Executors.java:511)
	at java.util.concurrent.FutureTask.run(FutureTask.java:266)
	at java.util.concurrent.Executors$RunnableAdapter.call(Executors.java:511)
	at java.util.concurrent.FutureTask.run(FutureTask.java:266)
	at java.util.concurrent.ThreadPoolExecutor.runWorker(ThreadPoolExecutor.java:1149)
	at java.util.concurrent.ThreadPoolExecutor$Worker.run(ThreadPoolExecutor.java:624)
	at java.lang.Thread.run(Thread.java:748)
Heap
 def new generation   total 153600K, used 36144K [0x00000000e0c00000, 0x00000000eb2a0000, 0x00000000eb2a0000)
  eden space 136576K,  25% used [0x00000000e0c00000, 0x00000000e2eaa680, 0x00000000e9160000)
  from space 17024K,   3% used [0x00000000ea200000, 0x00000000ea2a19f8, 0x00000000eb2a0000)
  to   space 17024K,   0% used [0x00000000e9160000, 0x00000000e9160000, 0x00000000ea200000)
 tenured generation   total 341376K, used 44351K [0x00000000eb2a0000, 0x0000000100000000, 0x0000000100000000)
   the space 341376K,  12% used [0x00000000eb2a0000, 0x00000000eddeff98, 0x00000000eddf0000, 0x0000000100000000)
 Metaspace       used 36466K, capacity 37448K, committed 37760K, reserved 1081344K
  class space    used 4900K, capacity 5124K, committed 5248K, reserved 1048576K
