07:42:22,582 |-INFO in ch.qos.logback.classic.LoggerContext[default] - Could NOT find resource [logback-test.xml]
07:42:22,585 |-INFO in ch.qos.logback.classic.LoggerContext[default] - Could NOT find resource [logback.groovy]
07:42:22,585 |-INFO in ch.qos.logback.classic.LoggerContext[default] - Found resource [logback.xml] at [jar:file:/root/flamestream/lib/flamestream-runtime-1.0-SNAPSHOT.jar!/logback.xml]
07:42:22,586 |-WARN in ch.qos.logback.classic.LoggerContext[default] - Resource [logback.xml] occurs multiple times on the classpath.
07:42:22,586 |-WARN in ch.qos.logback.classic.LoggerContext[default] - Resource [logback.xml] occurs at [jar:file:/root/flamestream/lib/flamestream-runtime-1.0-SNAPSHOT.jar!/logback.xml]
07:42:22,586 |-WARN in ch.qos.logback.classic.LoggerContext[default] - Resource [logback.xml] occurs at [jar:file:/root/flamestream/flamestream-runtime-1.0-SNAPSHOT.jar!/logback.xml]
07:42:22,606 |-INFO in ch.qos.logback.core.joran.spi.ConfigurationWatchList@3fb6a447 - URL [jar:file:/root/flamestream/lib/flamestream-runtime-1.0-SNAPSHOT.jar!/logback.xml] is not of type file
07:42:22,673 |-INFO in ch.qos.logback.classic.joran.action.ConfigurationAction - debug attribute not set
07:42:22,674 |-INFO in ch.qos.logback.core.joran.action.AppenderAction - About to instantiate appender of type [ch.qos.logback.core.ConsoleAppender]
07:42:22,690 |-INFO in ch.qos.logback.core.joran.action.AppenderAction - Naming appender as [STDOUT]
07:42:22,703 |-INFO in ch.qos.logback.core.joran.action.NestedComplexPropertyIA - Assuming default type [ch.qos.logback.classic.encoder.PatternLayoutEncoder] for [encoder] property
07:42:22,807 |-INFO in ch.qos.logback.core.joran.action.AppenderAction - About to instantiate appender of type [ch.qos.logback.core.rolling.RollingFileAppender]
07:42:22,811 |-INFO in ch.qos.logback.core.joran.action.AppenderAction - Naming appender as [FILE]
07:42:22,848 |-INFO in c.q.l.core.rolling.TimeBasedRollingPolicy@127618319 - No compression will be used
07:42:22,849 |-INFO in c.q.l.core.rolling.TimeBasedRollingPolicy@127618319 - Will use the pattern /tmp/application_%d{yyyy-MM-dd}.%i.log for the active file
07:42:22,852 |-INFO in ch.qos.logback.core.rolling.SizeAndTimeBasedFNATP@6b2fad11 - The date pattern is 'yyyy-MM-dd' from file name pattern '/tmp/application_%d{yyyy-MM-dd}.%i.log'.
07:42:22,852 |-INFO in ch.qos.logback.core.rolling.SizeAndTimeBasedFNATP@6b2fad11 - Roll-over at midnight.
07:42:22,857 |-INFO in ch.qos.logback.core.rolling.SizeAndTimeBasedFNATP@6b2fad11 - Setting initial period to Tue Jun 11 07:41:02 UTC 2019
07:42:22,857 |-WARN in ch.qos.logback.core.rolling.SizeAndTimeBasedFNATP@6b2fad11 - SizeAndTimeBasedFNATP is deprecated. Use SizeAndTimeBasedRollingPolicy instead
07:42:22,857 |-WARN in ch.qos.logback.core.rolling.SizeAndTimeBasedFNATP@6b2fad11 - For more information see http://logback.qos.ch/manual/appenders.html#SizeAndTimeBasedRollingPolicy
07:42:22,861 |-INFO in ch.qos.logback.core.joran.action.NestedComplexPropertyIA - Assuming default type [ch.qos.logback.classic.encoder.PatternLayoutEncoder] for [encoder] property
07:42:22,866 |-INFO in ch.qos.logback.core.rolling.RollingFileAppender[FILE] - Active log file name: /tmp/application.log
07:42:22,866 |-INFO in ch.qos.logback.core.rolling.RollingFileAppender[FILE] - File property is set to [/tmp/application.log]
07:42:22,867 |-INFO in ch.qos.logback.classic.joran.action.RootLoggerAction - Setting level of ROOT logger to WARN
07:42:22,867 |-INFO in ch.qos.logback.core.joran.action.AppenderRefAction - Attaching appender named [STDOUT] to Logger[ROOT]
07:42:22,869 |-INFO in ch.qos.logback.core.joran.action.AppenderRefAction - Attaching appender named [FILE] to Logger[ROOT]
07:42:22,869 |-INFO in ch.qos.logback.classic.joran.action.ConfigurationAction - End of configuration.
07:42:22,870 |-INFO in ch.qos.logback.classic.joran.JoranConfigurator@79698539 - Registering current configuration as safe fallback point

Ama winner
Ama winner
2019-06-11T07:42:24.455+0000: 2.054: [Full GC (Metadata GC Threshold) 2019-06-11T07:42:24.455+0000: 2.054: [Tenured: 0K->15241K(341376K), 0.0412775 secs] 117718K->15241K(494976K), [Metaspace: 20735K->20735K(1067008K)], 0.0413582 secs] [Times: user=0.04 sys=0.00, real=0.04 secs] 
2019-06-11T07:42:38.485+0000: 16.085: [GC (Allocation Failure) 2019-06-11T07:42:38.485+0000: 16.085: [DefNew: 136576K->17023K(153600K), 0.0308606 secs] 151817K->52768K(494976K), 0.0309269 secs] [Times: user=0.03 sys=0.01, real=0.03 secs] 
2019-06-11T07:42:44.950+0000: 22.549: [Full GC (Metadata GC Threshold) 2019-06-11T07:42:44.950+0000: 22.549: [Tenured: 35744K->44322K(341376K), 0.0649073 secs] 189046K->44322K(494976K), [Metaspace: 34602K->34602K(1079296K)], 0.0649880 secs] [Times: user=0.06 sys=0.00, real=0.07 secs] 
2019-06-11T07:42:51.301+0000: 28.900: [GC (Allocation Failure) 2019-06-11T07:42:51.301+0000: 28.900: [DefNew: 136576K->51K(153600K), 0.0017498 secs] 180898K->44373K(494976K), 0.0018081 secs] [Times: user=0.00 sys=0.00, real=0.01 secs] 
2019-06-11T07:42:57.727+0000: 35.326: [GC (Allocation Failure) 2019-06-11T07:42:57.727+0000: 35.326: [DefNew: 136627K->114K(153600K), 0.0017220 secs] 180949K->44436K(494976K), 0.0018115 secs] [Times: user=0.00 sys=0.00, real=0.00 secs] 
2019-06-11T07:43:04.213+0000: 41.812: [GC (Allocation Failure) 2019-06-11T07:43:04.213+0000: 41.812: [DefNew: 136690K->120K(153600K), 0.0017543 secs] 181012K->44442K(494976K), 0.0018286 secs] [Times: user=0.00 sys=0.00, real=0.00 secs] 
2019-06-11T07:43:10.714+0000: 48.313: [GC (Allocation Failure) 2019-06-11T07:43:10.714+0000: 48.313: [DefNew: 136696K->117K(153600K), 0.0017785 secs] 181018K->44439K(494976K), 0.0018387 secs] [Times: user=0.00 sys=0.00, real=0.00 secs] 
2019-06-11T07:43:24.017+0000: 61.616: [GC (Allocation Failure) 2019-06-11T07:43:24.017+0000: 61.616: [DefNew: 136693K->325K(153600K), 0.0023597 secs] 181015K->44647K(494976K), 0.0024089 secs] [Times: user=0.01 sys=0.00, real=0.00 secs] 
07:43:24.076 [Curator-PathChildrenCache-0] ERROR o.a.c.f.r.c.PathChildrenCache  - 
java.lang.IllegalStateException: instance must be started before calling this method
	at org.apache.curator.shaded.com.google.common.base.Preconditions.checkState(Preconditions.java:444)
	at org.apache.curator.framework.imps.CuratorFrameworkImpl.getChildren(CuratorFrameworkImpl.java:456)
	at org.apache.curator.framework.recipes.cache.PathChildrenCache.refresh(PathChildrenCache.java:521)
	at org.apache.curator.framework.recipes.cache.RefreshOperation.invoke(RefreshOperation.java:35)
	at org.apache.curator.framework.recipes.cache.PathChildrenCache$9.run(PathChildrenCache.java:786)
	at java.util.concurrent.Executors$RunnableAdapter.call(Executors.java:511)
	at java.util.concurrent.FutureTask.run(FutureTask.java:266)
	at java.util.concurrent.Executors$RunnableAdapter.call(Executors.java:511)
	at java.util.concurrent.FutureTask.run(FutureTask.java:266)
	at java.util.concurrent.ThreadPoolExecutor.runWorker(ThreadPoolExecutor.java:1149)
	at java.util.concurrent.ThreadPoolExecutor$Worker.run(ThreadPoolExecutor.java:624)
	at java.lang.Thread.run(Thread.java:748)
Heap
 def new generation   total 153600K, used 16514K [0x00000000e0c00000, 0x00000000eb2a0000, 0x00000000eb2a0000)
  eden space 136576K,  11% used [0x00000000e0c00000, 0x00000000e1bcf6c8, 0x00000000e9160000)
  from space 17024K,   1% used [0x00000000e9160000, 0x00000000e91b14c0, 0x00000000ea200000)
  to   space 17024K,   0% used [0x00000000ea200000, 0x00000000ea200000, 0x00000000eb2a0000)
 tenured generation   total 341376K, used 44322K [0x00000000eb2a0000, 0x0000000100000000, 0x0000000100000000)
   the space 341376K,  12% used [0x00000000eb2a0000, 0x00000000edde8858, 0x00000000edde8a00, 0x0000000100000000)
 Metaspace       used 35991K, capacity 36902K, committed 37120K, reserved 1081344K
  class space    used 4847K, capacity 5043K, committed 5120K, reserved 1048576K
