13:05:49,773 |-INFO in ch.qos.logback.classic.LoggerContext[default] - Could NOT find resource [logback-test.xml]
13:05:49,773 |-INFO in ch.qos.logback.classic.LoggerContext[default] - Could NOT find resource [logback.groovy]
13:05:49,773 |-INFO in ch.qos.logback.classic.LoggerContext[default] - Found resource [logback.xml] at [jar:file:/root/flamestream/lib/flamestream-runtime-1.0-SNAPSHOT.jar!/logback.xml]
13:05:49,774 |-WARN in ch.qos.logback.classic.LoggerContext[default] - Resource [logback.xml] occurs multiple times on the classpath.
13:05:49,774 |-WARN in ch.qos.logback.classic.LoggerContext[default] - Resource [logback.xml] occurs at [jar:file:/root/flamestream/lib/flamestream-runtime-1.0-SNAPSHOT.jar!/logback.xml]
13:05:49,774 |-WARN in ch.qos.logback.classic.LoggerContext[default] - Resource [logback.xml] occurs at [jar:file:/root/flamestream/flamestream-runtime-1.0-SNAPSHOT.jar!/logback.xml]
13:05:49,794 |-INFO in ch.qos.logback.core.joran.spi.ConfigurationWatchList@3fb6a447 - URL [jar:file:/root/flamestream/lib/flamestream-runtime-1.0-SNAPSHOT.jar!/logback.xml] is not of type file
13:05:49,867 |-INFO in ch.qos.logback.classic.joran.action.ConfigurationAction - debug attribute not set
13:05:49,868 |-INFO in ch.qos.logback.core.joran.action.AppenderAction - About to instantiate appender of type [ch.qos.logback.core.ConsoleAppender]
13:05:49,882 |-INFO in ch.qos.logback.core.joran.action.AppenderAction - Naming appender as [STDOUT]
13:05:49,900 |-INFO in ch.qos.logback.core.joran.action.NestedComplexPropertyIA - Assuming default type [ch.qos.logback.classic.encoder.PatternLayoutEncoder] for [encoder] property
13:05:49,984 |-INFO in ch.qos.logback.core.joran.action.AppenderAction - About to instantiate appender of type [ch.qos.logback.core.rolling.RollingFileAppender]
13:05:49,989 |-INFO in ch.qos.logback.core.joran.action.AppenderAction - Naming appender as [FILE]
13:05:50,022 |-INFO in c.q.l.core.rolling.TimeBasedRollingPolicy@127618319 - No compression will be used
13:05:50,023 |-INFO in c.q.l.core.rolling.TimeBasedRollingPolicy@127618319 - Will use the pattern /tmp/application_%d{yyyy-MM-dd}.%i.log for the active file
13:05:50,026 |-INFO in ch.qos.logback.core.rolling.SizeAndTimeBasedFNATP@6b2fad11 - The date pattern is 'yyyy-MM-dd' from file name pattern '/tmp/application_%d{yyyy-MM-dd}.%i.log'.
13:05:50,026 |-INFO in ch.qos.logback.core.rolling.SizeAndTimeBasedFNATP@6b2fad11 - Roll-over at midnight.
13:05:50,031 |-INFO in ch.qos.logback.core.rolling.SizeAndTimeBasedFNATP@6b2fad11 - Setting initial period to Mon Jun 10 13:04:31 UTC 2019
13:05:50,031 |-WARN in ch.qos.logback.core.rolling.SizeAndTimeBasedFNATP@6b2fad11 - SizeAndTimeBasedFNATP is deprecated. Use SizeAndTimeBasedRollingPolicy instead
13:05:50,031 |-WARN in ch.qos.logback.core.rolling.SizeAndTimeBasedFNATP@6b2fad11 - For more information see http://logback.qos.ch/manual/appenders.html#SizeAndTimeBasedRollingPolicy
13:05:50,035 |-INFO in ch.qos.logback.core.joran.action.NestedComplexPropertyIA - Assuming default type [ch.qos.logback.classic.encoder.PatternLayoutEncoder] for [encoder] property
13:05:50,040 |-INFO in ch.qos.logback.core.rolling.RollingFileAppender[FILE] - Active log file name: /tmp/application.log
13:05:50,040 |-INFO in ch.qos.logback.core.rolling.RollingFileAppender[FILE] - File property is set to [/tmp/application.log]
13:05:50,041 |-INFO in ch.qos.logback.classic.joran.action.RootLoggerAction - Setting level of ROOT logger to WARN
13:05:50,041 |-INFO in ch.qos.logback.core.joran.action.AppenderRefAction - Attaching appender named [STDOUT] to Logger[ROOT]
13:05:50,043 |-INFO in ch.qos.logback.core.joran.action.AppenderRefAction - Attaching appender named [FILE] to Logger[ROOT]
13:05:50,043 |-INFO in ch.qos.logback.classic.joran.action.ConfigurationAction - End of configuration.
13:05:50,044 |-INFO in ch.qos.logback.classic.joran.JoranConfigurator@79698539 - Registering current configuration as safe fallback point

Ama winner
Ama winner
2019-06-10T13:05:51.356+0000: 1.768: [Full GC (Metadata GC Threshold) 2019-06-10T13:05:51.356+0000: 1.768: [Tenured: 0K->15242K(341376K), 0.0401386 secs] 114987K->15242K(494976K), [Metaspace: 20736K->20736K(1067008K)], 0.0402052 secs] [Times: user=0.03 sys=0.01, real=0.04 secs] 
13:06:10.709 [Curator-PathChildrenCache-1] WARN  o.a.c.u.ZKPaths  - The version of ZooKeeper being used doesn't support Container nodes. CreateMode.PERSISTENT will be used instead.
2019-06-10T13:06:12.943+0000: 23.355: [GC (Allocation Failure) 2019-06-10T13:06:12.943+0000: 23.355: [DefNew: 136576K->17023K(153600K), 0.0493279 secs] 151818K->53058K(494976K), 0.0494013 secs] [Times: user=0.04 sys=0.01, real=0.05 secs] 
2019-06-10T13:06:13.958+0000: 24.370: [Full GC (Metadata GC Threshold) 2019-06-10T13:06:13.958+0000: 24.370: [Tenured: 36034K->45079K(341376K), 0.0386830 secs] 73903K->45079K(494976K), [Metaspace: 34570K->34570K(1079296K)], 0.0387559 secs] [Times: user=0.03 sys=0.00, real=0.04 secs] 
2019-06-10T13:06:23.175+0000: 33.587: [GC (Allocation Failure) 2019-06-10T13:06:23.175+0000: 33.587: [DefNew: 136576K->99K(153600K), 0.0018366 secs] 181655K->45178K(494976K), 0.0018989 secs] [Times: user=0.00 sys=0.00, real=0.00 secs] 
2019-06-10T13:06:32.393+0000: 42.806: [GC (Allocation Failure) 2019-06-10T13:06:32.393+0000: 42.806: [DefNew: 136675K->95K(153600K), 0.0017804 secs] 181754K->45175K(494976K), 0.0018399 secs] [Times: user=0.00 sys=0.00, real=0.00 secs] 
2019-06-10T13:06:41.803+0000: 52.215: [GC (Allocation Failure) 2019-06-10T13:06:41.803+0000: 52.215: [DefNew: 136671K->99K(153600K), 0.0017903 secs] 181751K->45179K(494976K), 0.0018732 secs] [Times: user=0.00 sys=0.00, real=0.00 secs] 
2019-06-10T13:06:51.173+0000: 61.586: [GC (Allocation Failure) 2019-06-10T13:06:51.173+0000: 61.586: [DefNew: 136675K->99K(153600K), 0.0019091 secs] 181755K->45178K(494976K), 0.0019700 secs] [Times: user=0.01 sys=0.00, real=0.00 secs] 
2019-06-10T13:07:02.264+0000: 72.677: [GC (Allocation Failure) 2019-06-10T13:07:02.264+0000: 72.677: [DefNew: 136675K->432K(153600K), 0.0023296 secs] 181754K->45512K(494976K), 0.0024094 secs] [Times: user=0.01 sys=0.00, real=0.00 secs] 
2019-06-10T13:07:13.632+0000: 84.044: [GC (Allocation Failure) 2019-06-10T13:07:13.632+0000: 84.044: [DefNew: 137008K->190K(153600K), 0.0021528 secs] 182088K->45270K(494976K), 0.0022146 secs] [Times: user=0.00 sys=0.00, real=0.00 secs] 
2019-06-10T13:07:34.841+0000: 105.253: [GC (Allocation Failure) 2019-06-10T13:07:34.841+0000: 105.253: [DefNew: 136766K->185K(153600K), 0.0022047 secs] 181846K->45265K(494976K), 0.0022629 secs] [Times: user=0.01 sys=0.00, real=0.00 secs] 
13:07:34.965 [Curator-PathChildrenCache-0] ERROR o.a.c.f.r.c.PathChildrenCache  - 
java.lang.IllegalStateException: instance must be started before calling this method
	at org.apache.curator.shaded.com.google.common.base.Preconditions.checkState(Preconditions.java:444)
	at org.apache.curator.framework.imps.CuratorFrameworkImpl.getChildren(CuratorFrameworkImpl.java:456)
	at org.apache.curator.framework.recipes.cache.PathChildrenCache.refresh(PathChildrenCache.java:521)
	at org.apache.curator.framework.recipes.cache.RefreshOperation.invoke(RefreshOperation.java:35)
	at org.apache.curator.framework.recipes.cache.PathChildrenCache$9.run(PathChildrenCache.java:786)
	at java.util.concurrent.Executors$RunnableAdapter.call(Executors.java:511)
	at java.util.concurrent.FutureTask.run(FutureTask.java:266)
	at java.util.concurrent.Executors$RunnableAdapter.call(Executors.java:511)
	at java.util.concurrent.FutureTask.run(FutureTask.java:266)
	at java.util.concurrent.ThreadPoolExecutor.runWorker(ThreadPoolExecutor.java:1149)
	at java.util.concurrent.ThreadPoolExecutor$Worker.run(ThreadPoolExecutor.java:624)
	at java.lang.Thread.run(Thread.java:748)
Heap
 def new generation   total 153600K, used 31543K [0x00000000e0c00000, 0x00000000eb2a0000, 0x00000000eb2a0000)
  eden space 136576K,  22% used [0x00000000e0c00000, 0x00000000e2a9f890, 0x00000000e9160000)
  from space 17024K,   1% used [0x00000000e9160000, 0x00000000e918e648, 0x00000000ea200000)
  to   space 17024K,   0% used [0x00000000ea200000, 0x00000000ea200000, 0x00000000eb2a0000)
 tenured generation   total 341376K, used 45079K [0x00000000eb2a0000, 0x0000000100000000, 0x0000000100000000)
   the space 341376K,  13% used [0x00000000eb2a0000, 0x00000000edea5e90, 0x00000000edea6000, 0x0000000100000000)
 Metaspace       used 36254K, capacity 37130K, committed 37376K, reserved 1081344K
  class space    used 4868K, capacity 5075K, committed 5120K, reserved 1048576K
