15:13:16,711 |-INFO in ch.qos.logback.classic.LoggerContext[default] - Could NOT find resource [logback-test.xml]
15:13:16,712 |-INFO in ch.qos.logback.classic.LoggerContext[default] - Could NOT find resource [logback.groovy]
15:13:16,712 |-INFO in ch.qos.logback.classic.LoggerContext[default] - Found resource [logback.xml] at [jar:file:/root/flamestream/lib/flamestream-runtime-1.0-SNAPSHOT.jar!/logback.xml]
15:13:16,713 |-WARN in ch.qos.logback.classic.LoggerContext[default] - Resource [logback.xml] occurs multiple times on the classpath.
15:13:16,713 |-WARN in ch.qos.logback.classic.LoggerContext[default] - Resource [logback.xml] occurs at [jar:file:/root/flamestream/lib/flamestream-runtime-1.0-SNAPSHOT.jar!/logback.xml]
15:13:16,713 |-WARN in ch.qos.logback.classic.LoggerContext[default] - Resource [logback.xml] occurs at [jar:file:/root/flamestream/flamestream-runtime-1.0-SNAPSHOT.jar!/logback.xml]
15:13:16,733 |-INFO in ch.qos.logback.core.joran.spi.ConfigurationWatchList@3fb6a447 - URL [jar:file:/root/flamestream/lib/flamestream-runtime-1.0-SNAPSHOT.jar!/logback.xml] is not of type file
15:13:16,809 |-INFO in ch.qos.logback.classic.joran.action.ConfigurationAction - debug attribute not set
15:13:16,810 |-INFO in ch.qos.logback.core.joran.action.AppenderAction - About to instantiate appender of type [ch.qos.logback.core.ConsoleAppender]
15:13:16,826 |-INFO in ch.qos.logback.core.joran.action.AppenderAction - Naming appender as [STDOUT]
15:13:16,844 |-INFO in ch.qos.logback.core.joran.action.NestedComplexPropertyIA - Assuming default type [ch.qos.logback.classic.encoder.PatternLayoutEncoder] for [encoder] property
15:13:16,931 |-INFO in ch.qos.logback.core.joran.action.AppenderAction - About to instantiate appender of type [ch.qos.logback.core.rolling.RollingFileAppender]
15:13:16,936 |-INFO in ch.qos.logback.core.joran.action.AppenderAction - Naming appender as [FILE]
15:13:16,967 |-INFO in c.q.l.core.rolling.TimeBasedRollingPolicy@127618319 - No compression will be used
15:13:16,969 |-INFO in c.q.l.core.rolling.TimeBasedRollingPolicy@127618319 - Will use the pattern /tmp/application_%d{yyyy-MM-dd}.%i.log for the active file
15:13:16,972 |-INFO in ch.qos.logback.core.rolling.SizeAndTimeBasedFNATP@6b2fad11 - The date pattern is 'yyyy-MM-dd' from file name pattern '/tmp/application_%d{yyyy-MM-dd}.%i.log'.
15:13:16,972 |-INFO in ch.qos.logback.core.rolling.SizeAndTimeBasedFNATP@6b2fad11 - Roll-over at midnight.
15:13:16,978 |-INFO in ch.qos.logback.core.rolling.SizeAndTimeBasedFNATP@6b2fad11 - Setting initial period to Mon Jun 10 15:11:47 UTC 2019
15:13:16,978 |-WARN in ch.qos.logback.core.rolling.SizeAndTimeBasedFNATP@6b2fad11 - SizeAndTimeBasedFNATP is deprecated. Use SizeAndTimeBasedRollingPolicy instead
15:13:16,978 |-WARN in ch.qos.logback.core.rolling.SizeAndTimeBasedFNATP@6b2fad11 - For more information see http://logback.qos.ch/manual/appenders.html#SizeAndTimeBasedRollingPolicy
15:13:16,982 |-INFO in ch.qos.logback.core.joran.action.NestedComplexPropertyIA - Assuming default type [ch.qos.logback.classic.encoder.PatternLayoutEncoder] for [encoder] property
15:13:16,987 |-INFO in ch.qos.logback.core.rolling.RollingFileAppender[FILE] - Active log file name: /tmp/application.log
15:13:16,987 |-INFO in ch.qos.logback.core.rolling.RollingFileAppender[FILE] - File property is set to [/tmp/application.log]
15:13:16,988 |-INFO in ch.qos.logback.classic.joran.action.RootLoggerAction - Setting level of ROOT logger to WARN
15:13:16,988 |-INFO in ch.qos.logback.core.joran.action.AppenderRefAction - Attaching appender named [STDOUT] to Logger[ROOT]
15:13:16,990 |-INFO in ch.qos.logback.core.joran.action.AppenderRefAction - Attaching appender named [FILE] to Logger[ROOT]
15:13:16,990 |-INFO in ch.qos.logback.classic.joran.action.ConfigurationAction - End of configuration.
15:13:16,990 |-INFO in ch.qos.logback.classic.joran.JoranConfigurator@79698539 - Registering current configuration as safe fallback point

Ama winner
Ama winner
2019-06-10T15:13:18.663+0000: 2.144: [Full GC (Metadata GC Threshold) 2019-06-10T15:13:18.663+0000: 2.144: [Tenured: 0K->15240K(341376K), 0.0408834 secs] 117782K->15240K(494976K), [Metaspace: 20734K->20734K(1067008K)], 0.0409682 secs] [Times: user=0.04 sys=0.00, real=0.05 secs] 
15:13:35.376 [Curator-PathChildrenCache-1] WARN  o.a.c.u.ZKPaths  - The version of ZooKeeper being used doesn't support Container nodes. CreateMode.PERSISTENT will be used instead.
2019-06-10T15:13:37.574+0000: 21.056: [GC (Allocation Failure) 2019-06-10T15:13:37.574+0000: 21.056: [DefNew: 136576K->17023K(153600K), 0.0270191 secs] 151816K->52874K(494976K), 0.0270931 secs] [Times: user=0.02 sys=0.01, real=0.02 secs] 
2019-06-10T15:13:40.829+0000: 24.311: [Full GC (Metadata GC Threshold) 2019-06-10T15:13:40.829+0000: 24.311: [Tenured: 35850K->44678K(341376K), 0.0505131 secs] 122154K->44678K(494976K), [Metaspace: 34622K->34622K(1079296K)], 0.0506087 secs] [Times: user=0.05 sys=0.00, real=0.05 secs] 
2019-06-10T15:13:47.183+0000: 30.665: [GC (Allocation Failure) 2019-06-10T15:13:47.183+0000: 30.665: [DefNew: 136576K->92K(153600K), 0.0018644 secs] 181254K->44771K(494976K), 0.0019282 secs] [Times: user=0.01 sys=0.00, real=0.00 secs] 
2019-06-10T15:13:53.334+0000: 36.816: [GC (Allocation Failure) 2019-06-10T15:13:53.334+0000: 36.816: [DefNew: 136668K->126K(153600K), 0.0017269 secs] 181347K->44805K(494976K), 0.0017919 secs] [Times: user=0.00 sys=0.00, real=0.00 secs] 
2019-06-10T15:13:59.424+0000: 42.906: [GC (Allocation Failure) 2019-06-10T15:13:59.424+0000: 42.906: [DefNew: 136702K->159K(153600K), 0.0017785 secs] 181381K->44838K(494976K), 0.0018399 secs] [Times: user=0.00 sys=0.00, real=0.00 secs] 
2019-06-10T15:14:05.753+0000: 49.235: [GC (Allocation Failure) 2019-06-10T15:14:05.754+0000: 49.235: [DefNew: 136735K->195K(153600K), 0.0018930 secs] 181414K->44874K(494976K), 0.0019706 secs] [Times: user=0.00 sys=0.00, real=0.00 secs] 
2019-06-10T15:14:17.127+0000: 60.609: [GC (Allocation Failure) 2019-06-10T15:14:17.127+0000: 60.609: [DefNew: 136771K->426K(153600K), 0.0034025 secs] 181450K->45105K(494976K), 0.0034558 secs] [Times: user=0.00 sys=0.00, real=0.01 secs] 
15:14:17.178 [Curator-PathChildrenCache-0] ERROR o.a.c.f.r.c.PathChildrenCache  - 
java.lang.IllegalStateException: instance must be started before calling this method
	at org.apache.curator.shaded.com.google.common.base.Preconditions.checkState(Preconditions.java:444)
	at org.apache.curator.framework.imps.CuratorFrameworkImpl.getChildren(CuratorFrameworkImpl.java:456)
	at org.apache.curator.framework.recipes.cache.PathChildrenCache.refresh(PathChildrenCache.java:521)
	at org.apache.curator.framework.recipes.cache.RefreshOperation.invoke(RefreshOperation.java:35)
	at org.apache.curator.framework.recipes.cache.PathChildrenCache$9.run(PathChildrenCache.java:786)
	at java.util.concurrent.Executors$RunnableAdapter.call(Executors.java:511)
	at java.util.concurrent.FutureTask.run(FutureTask.java:266)
	at java.util.concurrent.Executors$RunnableAdapter.call(Executors.java:511)
	at java.util.concurrent.FutureTask.run(FutureTask.java:266)
	at java.util.concurrent.ThreadPoolExecutor.runWorker(ThreadPoolExecutor.java:1149)
	at java.util.concurrent.ThreadPoolExecutor$Worker.run(ThreadPoolExecutor.java:624)
	at java.lang.Thread.run(Thread.java:748)
Heap
 def new generation   total 153600K, used 12346K [0x00000000e0c00000, 0x00000000eb2a0000, 0x00000000eb2a0000)
  eden space 136576K,   8% used [0x00000000e0c00000, 0x00000000e17a3f20, 0x00000000e9160000)
  from space 17024K,   2% used [0x00000000e9160000, 0x00000000e91ca8e0, 0x00000000ea200000)
  to   space 17024K,   0% used [0x00000000ea200000, 0x00000000ea200000, 0x00000000eb2a0000)
 tenured generation   total 341376K, used 44678K [0x00000000eb2a0000, 0x0000000100000000, 0x0000000100000000)
   the space 341376K,  13% used [0x00000000eb2a0000, 0x00000000ede41be8, 0x00000000ede41c00, 0x0000000100000000)
 Metaspace       used 35709K, capacity 36548K, committed 36864K, reserved 1081344K
  class space    used 4812K, capacity 5010K, committed 5120K, reserved 1048576K
