13:33:14,066 |-INFO in ch.qos.logback.classic.LoggerContext[default] - Could NOT find resource [logback-test.xml]
13:33:14,066 |-INFO in ch.qos.logback.classic.LoggerContext[default] - Could NOT find resource [logback.groovy]
13:33:14,066 |-INFO in ch.qos.logback.classic.LoggerContext[default] - Found resource [logback.xml] at [jar:file:/root/flamestream/lib/flamestream-runtime-1.0-SNAPSHOT.jar!/logback.xml]
13:33:14,066 |-WARN in ch.qos.logback.classic.LoggerContext[default] - Resource [logback.xml] occurs multiple times on the classpath.
13:33:14,067 |-WARN in ch.qos.logback.classic.LoggerContext[default] - Resource [logback.xml] occurs at [jar:file:/root/flamestream/lib/flamestream-runtime-1.0-SNAPSHOT.jar!/logback.xml]
13:33:14,067 |-WARN in ch.qos.logback.classic.LoggerContext[default] - Resource [logback.xml] occurs at [jar:file:/root/flamestream/flamestream-runtime-1.0-SNAPSHOT.jar!/logback.xml]
13:33:14,091 |-INFO in ch.qos.logback.core.joran.spi.ConfigurationWatchList@3fb6a447 - URL [jar:file:/root/flamestream/lib/flamestream-runtime-1.0-SNAPSHOT.jar!/logback.xml] is not of type file
13:33:14,157 |-INFO in ch.qos.logback.classic.joran.action.ConfigurationAction - debug attribute not set
13:33:14,158 |-INFO in ch.qos.logback.core.joran.action.AppenderAction - About to instantiate appender of type [ch.qos.logback.core.ConsoleAppender]
13:33:14,174 |-INFO in ch.qos.logback.core.joran.action.AppenderAction - Naming appender as [STDOUT]
13:33:14,193 |-INFO in ch.qos.logback.core.joran.action.NestedComplexPropertyIA - Assuming default type [ch.qos.logback.classic.encoder.PatternLayoutEncoder] for [encoder] property
13:33:14,275 |-INFO in ch.qos.logback.core.joran.action.AppenderAction - About to instantiate appender of type [ch.qos.logback.core.rolling.RollingFileAppender]
13:33:14,282 |-INFO in ch.qos.logback.core.joran.action.AppenderAction - Naming appender as [FILE]
13:33:14,312 |-INFO in c.q.l.core.rolling.TimeBasedRollingPolicy@127618319 - No compression will be used
13:33:14,313 |-INFO in c.q.l.core.rolling.TimeBasedRollingPolicy@127618319 - Will use the pattern /tmp/application_%d{yyyy-MM-dd}.%i.log for the active file
13:33:14,316 |-INFO in ch.qos.logback.core.rolling.SizeAndTimeBasedFNATP@6b2fad11 - The date pattern is 'yyyy-MM-dd' from file name pattern '/tmp/application_%d{yyyy-MM-dd}.%i.log'.
13:33:14,316 |-INFO in ch.qos.logback.core.rolling.SizeAndTimeBasedFNATP@6b2fad11 - Roll-over at midnight.
13:33:14,321 |-INFO in ch.qos.logback.core.rolling.SizeAndTimeBasedFNATP@6b2fad11 - Setting initial period to Mon Jun 10 13:31:53 UTC 2019
13:33:14,321 |-WARN in ch.qos.logback.core.rolling.SizeAndTimeBasedFNATP@6b2fad11 - SizeAndTimeBasedFNATP is deprecated. Use SizeAndTimeBasedRollingPolicy instead
13:33:14,321 |-WARN in ch.qos.logback.core.rolling.SizeAndTimeBasedFNATP@6b2fad11 - For more information see http://logback.qos.ch/manual/appenders.html#SizeAndTimeBasedRollingPolicy
13:33:14,324 |-INFO in ch.qos.logback.core.joran.action.NestedComplexPropertyIA - Assuming default type [ch.qos.logback.classic.encoder.PatternLayoutEncoder] for [encoder] property
13:33:14,329 |-INFO in ch.qos.logback.core.rolling.RollingFileAppender[FILE] - Active log file name: /tmp/application.log
13:33:14,329 |-INFO in ch.qos.logback.core.rolling.RollingFileAppender[FILE] - File property is set to [/tmp/application.log]
13:33:14,330 |-INFO in ch.qos.logback.classic.joran.action.RootLoggerAction - Setting level of ROOT logger to WARN
13:33:14,330 |-INFO in ch.qos.logback.core.joran.action.AppenderRefAction - Attaching appender named [STDOUT] to Logger[ROOT]
13:33:14,332 |-INFO in ch.qos.logback.core.joran.action.AppenderRefAction - Attaching appender named [FILE] to Logger[ROOT]
13:33:14,332 |-INFO in ch.qos.logback.classic.joran.action.ConfigurationAction - End of configuration.
13:33:14,333 |-INFO in ch.qos.logback.classic.joran.JoranConfigurator@79698539 - Registering current configuration as safe fallback point

Ama winner
Ama winner
2019-06-10T13:33:15.942+0000: 2.054: [Full GC (Metadata GC Threshold) 2019-06-10T13:33:15.942+0000: 2.054: [Tenured: 0K->15241K(341376K), 0.0408339 secs] 117718K->15241K(494976K), [Metaspace: 20740K->20740K(1067008K)], 0.0409050 secs] [Times: user=0.04 sys=0.01, real=0.04 secs] 
13:33:38.999 [Curator-PathChildrenCache-1] WARN  o.a.c.u.ZKPaths  - The version of ZooKeeper being used doesn't support Container nodes. CreateMode.PERSISTENT will be used instead.
2019-06-10T13:33:41.473+0000: 27.585: [GC (Allocation Failure) 2019-06-10T13:33:41.473+0000: 27.585: [DefNew: 136576K->17023K(153600K), 0.0268432 secs] 151817K->52998K(494976K), 0.0269168 secs] [Times: user=0.01 sys=0.02, real=0.03 secs] 
2019-06-10T13:33:42.683+0000: 28.795: [Full GC (Metadata GC Threshold) 2019-06-10T13:33:42.683+0000: 28.795: [Tenured: 35974K->44830K(341376K), 0.0488883 secs] 81447K->44830K(494976K), [Metaspace: 34606K->34606K(1079296K)], 0.0489740 secs] [Times: user=0.04 sys=0.01, real=0.05 secs] 
2019-06-10T13:33:48.551+0000: 34.662: [GC (Allocation Failure) 2019-06-10T13:33:48.551+0000: 34.662: [DefNew: 136576K->71K(153600K), 0.0018342 secs] 181406K->44902K(494976K), 0.0019033 secs] [Times: user=0.00 sys=0.00, real=0.00 secs] 
2019-06-10T13:33:54.438+0000: 40.549: [GC (Allocation Failure) 2019-06-10T13:33:54.438+0000: 40.549: [DefNew: 136647K->136K(153600K), 0.0018170 secs] 181478K->44967K(494976K), 0.0018783 secs] [Times: user=0.00 sys=0.00, real=0.00 secs] 
2019-06-10T13:34:00.272+0000: 46.384: [GC (Allocation Failure) 2019-06-10T13:34:00.272+0000: 46.384: [DefNew: 136712K->135K(153600K), 0.0018369 secs] 181543K->44966K(494976K), 0.0018995 secs] [Times: user=0.00 sys=0.00, real=0.00 secs] 
2019-06-10T13:34:06.234+0000: 52.345: [GC (Allocation Failure) 2019-06-10T13:34:06.234+0000: 52.345: [DefNew: 136711K->136K(153600K), 0.0018369 secs] 181542K->44967K(494976K), 0.0019082 secs] [Times: user=0.00 sys=0.00, real=0.01 secs] 
13:34:16.552 [Curator-PathChildrenCache-0] ERROR o.a.c.f.r.c.PathChildrenCache  - 
java.lang.IllegalStateException: instance must be started before calling this method
	at org.apache.curator.shaded.com.google.common.base.Preconditions.checkState(Preconditions.java:444)
	at org.apache.curator.framework.imps.CuratorFrameworkImpl.getChildren(CuratorFrameworkImpl.java:456)
	at org.apache.curator.framework.recipes.cache.PathChildrenCache.refresh(PathChildrenCache.java:521)
	at org.apache.curator.framework.recipes.cache.RefreshOperation.invoke(RefreshOperation.java:35)
	at org.apache.curator.framework.recipes.cache.PathChildrenCache$9.run(PathChildrenCache.java:786)
	at java.util.concurrent.Executors$RunnableAdapter.call(Executors.java:511)
	at java.util.concurrent.FutureTask.run(FutureTask.java:266)
	at java.util.concurrent.Executors$RunnableAdapter.call(Executors.java:511)
	at java.util.concurrent.FutureTask.run(FutureTask.java:266)
	at java.util.concurrent.ThreadPoolExecutor.runWorker(ThreadPoolExecutor.java:1149)
	at java.util.concurrent.ThreadPoolExecutor$Worker.run(ThreadPoolExecutor.java:624)
	at java.lang.Thread.run(Thread.java:748)
2019-06-10T13:34:16.730+0000: 62.842: [GC (Allocation Failure) 2019-06-10T13:34:16.730+0000: 62.842: [DefNew: 136712K->1093K(153600K), 0.0032423 secs] 181543K->45924K(494976K), 0.0033062 secs] [Times: user=0.00 sys=0.00, real=0.00 secs] 
Heap
 def new generation   total 153600K, used 13348K [0x00000000e0c00000, 0x00000000eb2a0000, 0x00000000eb2a0000)
  eden space 136576K,   8% used [0x00000000e0c00000, 0x00000000e17f7d30, 0x00000000e9160000)
  from space 17024K,   6% used [0x00000000e9160000, 0x00000000e92714d0, 0x00000000ea200000)
  to   space 17024K,   0% used [0x00000000ea200000, 0x00000000ea200000, 0x00000000eb2a0000)
 tenured generation   total 341376K, used 44830K [0x00000000eb2a0000, 0x0000000100000000, 0x0000000100000000)
   the space 341376K,  13% used [0x00000000eb2a0000, 0x00000000ede67b78, 0x00000000ede67c00, 0x0000000100000000)
 Metaspace       used 36179K, capacity 37056K, committed 37376K, reserved 1081344K
  class space    used 4855K, capacity 5074K, committed 5120K, reserved 1048576K
