15:25:15,188 |-INFO in ch.qos.logback.classic.LoggerContext[default] - Could NOT find resource [logback-test.xml]
15:25:15,188 |-INFO in ch.qos.logback.classic.LoggerContext[default] - Could NOT find resource [logback.groovy]
15:25:15,188 |-INFO in ch.qos.logback.classic.LoggerContext[default] - Found resource [logback.xml] at [jar:file:/home/nikitasokolov/flamestream/lib/flamestream-runtime-1.0-SNAPSHOT.jar!/logback.xml]
15:25:15,189 |-WARN in ch.qos.logback.classic.LoggerContext[default] - Resource [logback.xml] occurs multiple times on the classpath.
15:25:15,189 |-WARN in ch.qos.logback.classic.LoggerContext[default] - Resource [logback.xml] occurs at [jar:file:/home/nikitasokolov/flamestream/lib/flamestream-runtime-1.0-SNAPSHOT.jar!/logback.xml]
15:25:15,189 |-WARN in ch.qos.logback.classic.LoggerContext[default] - Resource [logback.xml] occurs at [jar:file:/home/nikitasokolov/flamestream/flamestream-runtime-1.0-SNAPSHOT.jar!/logback.xml]
15:25:15,205 |-INFO in ch.qos.logback.core.joran.spi.ConfigurationWatchList@6108b2d7 - URL [jar:file:/home/nikitasokolov/flamestream/lib/flamestream-runtime-1.0-SNAPSHOT.jar!/logback.xml] is not of type file
15:25:15,254 |-INFO in ch.qos.logback.classic.joran.action.ConfigurationAction - debug attribute not set
15:25:15,255 |-INFO in ch.qos.logback.core.joran.action.AppenderAction - About to instantiate appender of type [ch.qos.logback.core.ConsoleAppender]
15:25:15,263 |-INFO in ch.qos.logback.core.joran.action.AppenderAction - Naming appender as [STDOUT]
15:25:15,271 |-INFO in ch.qos.logback.core.joran.action.NestedComplexPropertyIA - Assuming default type [ch.qos.logback.classic.encoder.PatternLayoutEncoder] for [encoder] property
15:25:15,326 |-INFO in ch.qos.logback.core.joran.action.AppenderAction - About to instantiate appender of type [ch.qos.logback.core.rolling.RollingFileAppender]
15:25:15,331 |-INFO in ch.qos.logback.core.joran.action.AppenderAction - Naming appender as [FILE]
15:25:15,353 |-INFO in c.q.l.core.rolling.TimeBasedRollingPolicy@357863579 - No compression will be used
15:25:15,354 |-INFO in c.q.l.core.rolling.TimeBasedRollingPolicy@357863579 - Will use the pattern /tmp/application_%d{yyyy-MM-dd}.%i.log for the active file
15:25:15,357 |-INFO in ch.qos.logback.core.rolling.SizeAndTimeBasedFNATP@6bf256fa - The date pattern is 'yyyy-MM-dd' from file name pattern '/tmp/application_%d{yyyy-MM-dd}.%i.log'.
15:25:15,357 |-INFO in ch.qos.logback.core.rolling.SizeAndTimeBasedFNATP@6bf256fa - Roll-over at midnight.
15:25:15,361 |-INFO in ch.qos.logback.core.rolling.SizeAndTimeBasedFNATP@6bf256fa - Setting initial period to Sun Jun 09 15:24:22 MSK 2019
15:25:15,361 |-WARN in ch.qos.logback.core.rolling.SizeAndTimeBasedFNATP@6bf256fa - SizeAndTimeBasedFNATP is deprecated. Use SizeAndTimeBasedRollingPolicy instead
15:25:15,361 |-WARN in ch.qos.logback.core.rolling.SizeAndTimeBasedFNATP@6bf256fa - For more information see http://logback.qos.ch/manual/appenders.html#SizeAndTimeBasedRollingPolicy
15:25:15,365 |-INFO in ch.qos.logback.core.joran.action.NestedComplexPropertyIA - Assuming default type [ch.qos.logback.classic.encoder.PatternLayoutEncoder] for [encoder] property
15:25:15,367 |-INFO in ch.qos.logback.core.rolling.RollingFileAppender[FILE] - Active log file name: /tmp/application.log
15:25:15,367 |-INFO in ch.qos.logback.core.rolling.RollingFileAppender[FILE] - File property is set to [/tmp/application.log]
15:25:15,368 |-INFO in ch.qos.logback.classic.joran.action.RootLoggerAction - Setting level of ROOT logger to WARN
15:25:15,368 |-INFO in ch.qos.logback.core.joran.action.AppenderRefAction - Attaching appender named [STDOUT] to Logger[ROOT]
15:25:15,369 |-INFO in ch.qos.logback.core.joran.action.AppenderRefAction - Attaching appender named [FILE] to Logger[ROOT]
15:25:15,369 |-INFO in ch.qos.logback.classic.joran.action.ConfigurationAction - End of configuration.
15:25:15,370 |-INFO in ch.qos.logback.classic.joran.JoranConfigurator@6cd8737 - Registering current configuration as safe fallback point

2019-06-09T15:25:16.344+0300: 1.352: [GC (Metadata GC Threshold) [PSYoungGen: 108152K->15845K(149504K)] 108152K->15925K(491008K), 0.0226954 secs] [Times: user=0.08 sys=0.06, real=0.02 secs] 
2019-06-09T15:25:16.367+0300: 1.375: [Full GC (Metadata GC Threshold) [PSYoungGen: 15845K->0K(149504K)] [ParOldGen: 80K->14981K(341504K)] 15925K->14981K(491008K), [Metaspace: 20801K->20801K(1067008K)], 0.0267316 secs] [Times: user=0.16 sys=0.01, real=0.03 secs] 
15:25:27.638 [Curator-PathChildrenCache-1] WARN  o.a.c.u.ZKPaths  - The version of ZooKeeper being used doesn't support Container nodes. CreateMode.PERSISTENT will be used instead.
2019-06-09T15:25:28.565+0300: 13.573: [GC (Metadata GC Threshold) [PSYoungGen: 124028K->15681K(149504K)] 139010K->50202K(491008K), 0.0246362 secs] [Times: user=0.19 sys=0.03, real=0.03 secs] 
2019-06-09T15:25:28.590+0300: 13.598: [Full GC (Metadata GC Threshold) [PSYoungGen: 15681K->0K(149504K)] [ParOldGen: 34521K->38653K(341504K)] 50202K->38653K(491008K), [Metaspace: 34548K->34548K(1079296K)], 0.0455775 secs] [Times: user=0.21 sys=0.02, real=0.04 secs] 
2019-06-09T15:25:31.039+0300: 16.047: [GC (Allocation Failure) [PSYoungGen: 128512K->352K(149504K)] 167165K->39005K(491008K), 0.0031794 secs] [Times: user=0.01 sys=0.00, real=0.00 secs] 
2019-06-09T15:25:33.865+0300: 18.873: [GC (Allocation Failure) [PSYoungGen: 128864K->416K(149504K)] 167517K->39077K(491008K), 0.0774188 secs] [Times: user=0.01 sys=0.00, real=0.08 secs] 
2019-06-09T15:25:36.744+0300: 21.752: [GC (Allocation Failure) [PSYoungGen: 128928K->448K(129024K)] 167589K->39117K(470528K), 0.0037463 secs] [Times: user=0.02 sys=0.00, real=0.00 secs] 
2019-06-09T15:25:39.653+0300: 24.661: [GC (Allocation Failure) [PSYoungGen: 128960K->448K(150016K)] 167629K->39117K(491520K), 0.0086025 secs] [Times: user=0.07 sys=0.02, real=0.01 secs] 
2019-06-09T15:25:42.581+0300: 27.589: [GC (Allocation Failure) [PSYoungGen: 128960K->384K(148992K)] 167629K->39061K(490496K), 0.0089161 secs] [Times: user=0.08 sys=0.01, real=0.01 secs] 
2019-06-09T15:25:45.500+0300: 30.508: [GC (Allocation Failure) [PSYoungGen: 128896K->320K(151552K)] 167573K->38997K(493056K), 0.0025554 secs] [Times: user=0.02 sys=0.00, real=0.00 secs] 
2019-06-09T15:25:48.486+0300: 33.494: [GC (Allocation Failure) [PSYoungGen: 132416K->480K(151040K)] 171093K->39165K(492544K), 0.0037312 secs] [Times: user=0.02 sys=0.00, real=0.01 secs] 
15:25:58.732 [Curator-PathChildrenCache-0] ERROR o.a.c.f.r.c.PathChildrenCache  - 
java.lang.IllegalStateException: instance must be started before calling this method
	at org.apache.curator.shaded.com.google.common.base.Preconditions.checkState(Preconditions.java:444)
	at org.apache.curator.framework.imps.CuratorFrameworkImpl.getChildren(CuratorFrameworkImpl.java:456)
	at org.apache.curator.framework.recipes.cache.PathChildrenCache.refresh(PathChildrenCache.java:521)
	at org.apache.curator.framework.recipes.cache.RefreshOperation.invoke(RefreshOperation.java:35)
	at org.apache.curator.framework.recipes.cache.PathChildrenCache$9.run(PathChildrenCache.java:786)
	at java.util.concurrent.Executors$RunnableAdapter.call(Executors.java:511)
	at java.util.concurrent.FutureTask.run(FutureTask.java:266)
	at java.util.concurrent.Executors$RunnableAdapter.call(Executors.java:511)
	at java.util.concurrent.FutureTask.run(FutureTask.java:266)
	at java.util.concurrent.ThreadPoolExecutor.runWorker(ThreadPoolExecutor.java:1149)
	at java.util.concurrent.ThreadPoolExecutor$Worker.run(ThreadPoolExecutor.java:624)
	at java.lang.Thread.run(Thread.java:748)
Heap
 PSYoungGen      total 151040K, used 24351K [0x00000000f5980000, 0x0000000100000000, 0x0000000100000000)
  eden space 132096K, 18% used [0x00000000f5980000,0x00000000f70cffb0,0x00000000fda80000)
  from space 18944K, 2% used [0x00000000fda80000,0x00000000fdaf8030,0x00000000fed00000)
  to   space 17920K, 0% used [0x00000000fee80000,0x00000000fee80000,0x0000000100000000)
 ParOldGen       total 341504K, used 38685K [0x00000000e0c00000, 0x00000000f5980000, 0x00000000f5980000)
  object space 341504K, 11% used [0x00000000e0c00000,0x00000000e31c7680,0x00000000f5980000)
 Metaspace       used 35643K, capacity 36478K, committed 36696K, reserved 1081344K
  class space    used 4936K, capacity 5129K, committed 5248K, reserved 1048576K
