13:17:44,726 |-INFO in ch.qos.logback.classic.LoggerContext[default] - Could NOT find resource [logback-test.xml]
13:17:44,726 |-INFO in ch.qos.logback.classic.LoggerContext[default] - Could NOT find resource [logback.groovy]
13:17:44,726 |-INFO in ch.qos.logback.classic.LoggerContext[default] - Found resource [logback.xml] at [jar:file:/root/flamestream/lib/flamestream-runtime-1.0-SNAPSHOT.jar!/logback.xml]
13:17:44,727 |-WARN in ch.qos.logback.classic.LoggerContext[default] - Resource [logback.xml] occurs multiple times on the classpath.
13:17:44,729 |-WARN in ch.qos.logback.classic.LoggerContext[default] - Resource [logback.xml] occurs at [jar:file:/root/flamestream/lib/flamestream-runtime-1.0-SNAPSHOT.jar!/logback.xml]
13:17:44,729 |-WARN in ch.qos.logback.classic.LoggerContext[default] - Resource [logback.xml] occurs at [jar:file:/root/flamestream/flamestream-runtime-1.0-SNAPSHOT.jar!/logback.xml]
13:17:44,749 |-INFO in ch.qos.logback.core.joran.spi.ConfigurationWatchList@3fb6a447 - URL [jar:file:/root/flamestream/lib/flamestream-runtime-1.0-SNAPSHOT.jar!/logback.xml] is not of type file
13:17:44,821 |-INFO in ch.qos.logback.classic.joran.action.ConfigurationAction - debug attribute not set
13:17:44,822 |-INFO in ch.qos.logback.core.joran.action.AppenderAction - About to instantiate appender of type [ch.qos.logback.core.ConsoleAppender]
13:17:44,838 |-INFO in ch.qos.logback.core.joran.action.AppenderAction - Naming appender as [STDOUT]
13:17:44,856 |-INFO in ch.qos.logback.core.joran.action.NestedComplexPropertyIA - Assuming default type [ch.qos.logback.classic.encoder.PatternLayoutEncoder] for [encoder] property
13:17:44,938 |-INFO in ch.qos.logback.core.joran.action.AppenderAction - About to instantiate appender of type [ch.qos.logback.core.rolling.RollingFileAppender]
13:17:44,947 |-INFO in ch.qos.logback.core.joran.action.AppenderAction - Naming appender as [FILE]
13:17:44,979 |-INFO in c.q.l.core.rolling.TimeBasedRollingPolicy@127618319 - No compression will be used
13:17:44,980 |-INFO in c.q.l.core.rolling.TimeBasedRollingPolicy@127618319 - Will use the pattern /tmp/application_%d{yyyy-MM-dd}.%i.log for the active file
13:17:44,983 |-INFO in ch.qos.logback.core.rolling.SizeAndTimeBasedFNATP@6b2fad11 - The date pattern is 'yyyy-MM-dd' from file name pattern '/tmp/application_%d{yyyy-MM-dd}.%i.log'.
13:17:44,983 |-INFO in ch.qos.logback.core.rolling.SizeAndTimeBasedFNATP@6b2fad11 - Roll-over at midnight.
13:17:44,988 |-INFO in ch.qos.logback.core.rolling.SizeAndTimeBasedFNATP@6b2fad11 - Setting initial period to Mon Jun 10 13:16:22 UTC 2019
13:17:44,988 |-WARN in ch.qos.logback.core.rolling.SizeAndTimeBasedFNATP@6b2fad11 - SizeAndTimeBasedFNATP is deprecated. Use SizeAndTimeBasedRollingPolicy instead
13:17:44,988 |-WARN in ch.qos.logback.core.rolling.SizeAndTimeBasedFNATP@6b2fad11 - For more information see http://logback.qos.ch/manual/appenders.html#SizeAndTimeBasedRollingPolicy
13:17:44,992 |-INFO in ch.qos.logback.core.joran.action.NestedComplexPropertyIA - Assuming default type [ch.qos.logback.classic.encoder.PatternLayoutEncoder] for [encoder] property
13:17:44,997 |-INFO in ch.qos.logback.core.rolling.RollingFileAppender[FILE] - Active log file name: /tmp/application.log
13:17:44,997 |-INFO in ch.qos.logback.core.rolling.RollingFileAppender[FILE] - File property is set to [/tmp/application.log]
13:17:44,997 |-INFO in ch.qos.logback.classic.joran.action.RootLoggerAction - Setting level of ROOT logger to WARN
13:17:44,997 |-INFO in ch.qos.logback.core.joran.action.AppenderRefAction - Attaching appender named [STDOUT] to Logger[ROOT]
13:17:44,999 |-INFO in ch.qos.logback.core.joran.action.AppenderRefAction - Attaching appender named [FILE] to Logger[ROOT]
13:17:44,999 |-INFO in ch.qos.logback.classic.joran.action.ConfigurationAction - End of configuration.
13:17:45,000 |-INFO in ch.qos.logback.classic.joran.JoranConfigurator@79698539 - Registering current configuration as safe fallback point

Ama winner
Ama winner
2019-06-10T13:17:46.242+0000: 1.696: [Full GC (Metadata GC Threshold) 2019-06-10T13:17:46.242+0000: 1.696: [Tenured: 0K->15176K(341376K), 0.0410106 secs] 114924K->15176K(494976K), [Metaspace: 20732K->20732K(1067008K)], 0.0410759 secs] [Times: user=0.04 sys=0.00, real=0.04 secs] 
13:18:04.561 [Curator-PathChildrenCache-2] WARN  o.a.c.u.ZKPaths  - The version of ZooKeeper being used doesn't support Container nodes. CreateMode.PERSISTENT will be used instead.
2019-06-10T13:18:06.804+0000: 22.258: [GC (Allocation Failure) 2019-06-10T13:18:06.804+0000: 22.258: [DefNew: 136576K->17023K(153600K), 0.0253698 secs] 151752K->52751K(494976K), 0.0254441 secs] [Times: user=0.01 sys=0.01, real=0.03 secs] 
2019-06-10T13:18:07.160+0000: 22.615: [Full GC (Metadata GC Threshold) 2019-06-10T13:18:07.160+0000: 22.615: [Tenured: 35727K->44221K(341376K), 0.0368939 secs] 68699K->44221K(494976K), [Metaspace: 34598K->34598K(1079296K)], 0.0369752 secs] [Times: user=0.03 sys=0.01, real=0.04 secs] 
2019-06-10T13:18:12.820+0000: 28.274: [GC (Allocation Failure) 2019-06-10T13:18:12.820+0000: 28.274: [DefNew: 136576K->264K(153600K), 0.0023557 secs] 180797K->44486K(494976K), 0.0024160 secs] [Times: user=0.00 sys=0.00, real=0.00 secs] 
2019-06-10T13:18:18.315+0000: 33.769: [GC (Allocation Failure) 2019-06-10T13:18:18.315+0000: 33.769: [DefNew: 136840K->259K(153600K), 0.0021837 secs] 181062K->44481K(494976K), 0.0022424 secs] [Times: user=0.01 sys=0.00, real=0.00 secs] 
2019-06-10T13:18:23.752+0000: 39.207: [GC (Allocation Failure) 2019-06-10T13:18:23.753+0000: 39.207: [DefNew: 136835K->266K(153600K), 0.0021330 secs] 181057K->44487K(494976K), 0.0021911 secs] [Times: user=0.00 sys=0.00, real=0.00 secs] 
2019-06-10T13:18:29.295+0000: 44.749: [GC (Allocation Failure) 2019-06-10T13:18:29.295+0000: 44.749: [DefNew: 136842K->261K(153600K), 0.0021729 secs] 181063K->44483K(494976K), 0.0022320 secs] [Times: user=0.00 sys=0.00, real=0.00 secs] 
2019-06-10T13:18:34.816+0000: 50.270: [GC (Allocation Failure) 2019-06-10T13:18:34.816+0000: 50.270: [DefNew: 136837K->265K(153600K), 0.0022346 secs] 181059K->44487K(494976K), 0.0022988 secs] [Times: user=0.01 sys=0.00, real=0.00 secs] 
2019-06-10T13:18:40.312+0000: 55.766: [GC (Allocation Failure) 2019-06-10T13:18:40.312+0000: 55.766: [DefNew: 136841K->266K(153600K), 0.0022112 secs] 181063K->44487K(494976K), 0.0022872 secs] [Times: user=0.00 sys=0.00, real=0.00 secs] 
2019-06-10T13:18:45.849+0000: 61.304: [GC (Allocation Failure) 2019-06-10T13:18:45.849+0000: 61.304: [DefNew: 136842K->266K(153600K), 0.0021884 secs] 181063K->44488K(494976K), 0.0022554 secs] [Times: user=0.00 sys=0.01, real=0.00 secs] 
2019-06-10T13:18:51.861+0000: 67.315: [GC (Allocation Failure) 2019-06-10T13:18:51.861+0000: 67.315: [DefNew: 136842K->633K(153600K), 0.0027508 secs] 181064K->44854K(494976K), 0.0028163 secs] [Times: user=0.00 sys=0.00, real=0.00 secs] 
2019-06-10T13:18:58.081+0000: 73.536: [GC (Allocation Failure) 2019-06-10T13:18:58.081+0000: 73.536: [DefNew: 137209K->389K(153600K), 0.0025776 secs] 181430K->44611K(494976K), 0.0026387 secs] [Times: user=0.00 sys=0.00, real=0.00 secs] 
13:19:16.481 [Curator-PathChildrenCache-0] ERROR o.a.c.f.r.c.PathChildrenCache  - 
java.lang.IllegalStateException: instance must be started before calling this method
	at org.apache.curator.shaded.com.google.common.base.Preconditions.checkState(Preconditions.java:444)
	at org.apache.curator.framework.imps.CuratorFrameworkImpl.getChildren(CuratorFrameworkImpl.java:456)
	at org.apache.curator.framework.recipes.cache.PathChildrenCache.refresh(PathChildrenCache.java:521)
	at org.apache.curator.framework.recipes.cache.RefreshOperation.invoke(RefreshOperation.java:35)
	at org.apache.curator.framework.recipes.cache.PathChildrenCache$9.run(PathChildrenCache.java:786)
	at java.util.concurrent.Executors$RunnableAdapter.call(Executors.java:511)
	at java.util.concurrent.FutureTask.run(FutureTask.java:266)
	at java.util.concurrent.Executors$RunnableAdapter.call(Executors.java:511)
	at java.util.concurrent.FutureTask.run(FutureTask.java:266)
	at java.util.concurrent.ThreadPoolExecutor.runWorker(ThreadPoolExecutor.java:1149)
	at java.util.concurrent.ThreadPoolExecutor$Worker.run(ThreadPoolExecutor.java:624)
	at java.lang.Thread.run(Thread.java:748)
Heap
 def new generation   total 153600K, used 112733K [0x00000000e0c00000, 0x00000000eb2a0000, 0x00000000eb2a0000)
  eden space 136576K,  82% used [0x00000000e0c00000, 0x00000000e79b5f38, 0x00000000e9160000)
  from space 17024K,   2% used [0x00000000e9160000, 0x00000000e91c1670, 0x00000000ea200000)
  to   space 17024K,   0% used [0x00000000ea200000, 0x00000000ea200000, 0x00000000eb2a0000)
 tenured generation   total 341376K, used 44221K [0x00000000eb2a0000, 0x0000000100000000, 0x0000000100000000)
   the space 341376K,  12% used [0x00000000eb2a0000, 0x00000000eddcf5f8, 0x00000000eddcf600, 0x0000000100000000)
 Metaspace       used 36471K, capacity 37452K, committed 37760K, reserved 1081344K
  class space    used 4901K, capacity 5124K, committed 5248K, reserved 1048576K
