20:17:25,080 |-INFO in ch.qos.logback.classic.LoggerContext[default] - Could NOT find resource [logback-test.xml]
20:17:25,080 |-INFO in ch.qos.logback.classic.LoggerContext[default] - Could NOT find resource [logback.groovy]
20:17:25,080 |-INFO in ch.qos.logback.classic.LoggerContext[default] - Found resource [logback.xml] at [jar:file:/root/flamestream/lib/flamestream-runtime-1.0-SNAPSHOT.jar!/logback.xml]
20:17:25,081 |-WARN in ch.qos.logback.classic.LoggerContext[default] - Resource [logback.xml] occurs multiple times on the classpath.
20:17:25,086 |-WARN in ch.qos.logback.classic.LoggerContext[default] - Resource [logback.xml] occurs at [jar:file:/root/flamestream/lib/flamestream-runtime-1.0-SNAPSHOT.jar!/logback.xml]
20:17:25,086 |-WARN in ch.qos.logback.classic.LoggerContext[default] - Resource [logback.xml] occurs at [jar:file:/root/flamestream/flamestream-runtime-1.0-SNAPSHOT.jar!/logback.xml]
20:17:25,106 |-INFO in ch.qos.logback.core.joran.spi.ConfigurationWatchList@3fb6a447 - URL [jar:file:/root/flamestream/lib/flamestream-runtime-1.0-SNAPSHOT.jar!/logback.xml] is not of type file
20:17:25,177 |-INFO in ch.qos.logback.classic.joran.action.ConfigurationAction - debug attribute not set
20:17:25,178 |-INFO in ch.qos.logback.core.joran.action.AppenderAction - About to instantiate appender of type [ch.qos.logback.core.ConsoleAppender]
20:17:25,198 |-INFO in ch.qos.logback.core.joran.action.AppenderAction - Naming appender as [STDOUT]
20:17:25,216 |-INFO in ch.qos.logback.core.joran.action.NestedComplexPropertyIA - Assuming default type [ch.qos.logback.classic.encoder.PatternLayoutEncoder] for [encoder] property
20:17:25,295 |-INFO in ch.qos.logback.core.joran.action.AppenderAction - About to instantiate appender of type [ch.qos.logback.core.rolling.RollingFileAppender]
20:17:25,301 |-INFO in ch.qos.logback.core.joran.action.AppenderAction - Naming appender as [FILE]
20:17:25,333 |-INFO in c.q.l.core.rolling.TimeBasedRollingPolicy@127618319 - No compression will be used
20:17:25,334 |-INFO in c.q.l.core.rolling.TimeBasedRollingPolicy@127618319 - Will use the pattern /tmp/application_%d{yyyy-MM-dd}.%i.log for the active file
20:17:25,337 |-INFO in ch.qos.logback.core.rolling.SizeAndTimeBasedFNATP@6b2fad11 - The date pattern is 'yyyy-MM-dd' from file name pattern '/tmp/application_%d{yyyy-MM-dd}.%i.log'.
20:17:25,337 |-INFO in ch.qos.logback.core.rolling.SizeAndTimeBasedFNATP@6b2fad11 - Roll-over at midnight.
20:17:25,342 |-INFO in ch.qos.logback.core.rolling.SizeAndTimeBasedFNATP@6b2fad11 - Setting initial period to Mon Jun 10 20:15:57 UTC 2019
20:17:25,342 |-WARN in ch.qos.logback.core.rolling.SizeAndTimeBasedFNATP@6b2fad11 - SizeAndTimeBasedFNATP is deprecated. Use SizeAndTimeBasedRollingPolicy instead
20:17:25,342 |-WARN in ch.qos.logback.core.rolling.SizeAndTimeBasedFNATP@6b2fad11 - For more information see http://logback.qos.ch/manual/appenders.html#SizeAndTimeBasedRollingPolicy
20:17:25,346 |-INFO in ch.qos.logback.core.joran.action.NestedComplexPropertyIA - Assuming default type [ch.qos.logback.classic.encoder.PatternLayoutEncoder] for [encoder] property
20:17:25,351 |-INFO in ch.qos.logback.core.rolling.RollingFileAppender[FILE] - Active log file name: /tmp/application.log
20:17:25,351 |-INFO in ch.qos.logback.core.rolling.RollingFileAppender[FILE] - File property is set to [/tmp/application.log]
20:17:25,352 |-INFO in ch.qos.logback.classic.joran.action.RootLoggerAction - Setting level of ROOT logger to WARN
20:17:25,352 |-INFO in ch.qos.logback.core.joran.action.AppenderRefAction - Attaching appender named [STDOUT] to Logger[ROOT]
20:17:25,354 |-INFO in ch.qos.logback.core.joran.action.AppenderRefAction - Attaching appender named [FILE] to Logger[ROOT]
20:17:25,354 |-INFO in ch.qos.logback.classic.joran.action.ConfigurationAction - End of configuration.
20:17:25,354 |-INFO in ch.qos.logback.classic.joran.JoranConfigurator@79698539 - Registering current configuration as safe fallback point

Ama winner
Ama winner
2019-06-10T20:17:26.652+0000: 1.756: [Full GC (Metadata GC Threshold) 2019-06-10T20:17:26.652+0000: 1.756: [Tenured: 0K->15176K(341376K), 0.0397699 secs] 114924K->15176K(494976K), [Metaspace: 20737K->20737K(1067008K)], 0.0398363 secs] [Times: user=0.04 sys=0.01, real=0.04 secs] 
20:17:43.794 [Curator-PathChildrenCache-1] WARN  o.a.c.u.ZKPaths  - The version of ZooKeeper being used doesn't support Container nodes. CreateMode.PERSISTENT will be used instead.
2019-06-10T20:17:46.151+0000: 21.254: [GC (Allocation Failure) 2019-06-10T20:17:46.151+0000: 21.254: [DefNew: 136576K->17023K(153600K), 0.0290970 secs] 151752K->52550K(494976K), 0.0291725 secs] [Times: user=0.01 sys=0.02, real=0.03 secs] 
2019-06-10T20:17:47.824+0000: 22.928: [Full GC (Metadata GC Threshold) 2019-06-10T20:17:47.824+0000: 22.928: [Tenured: 35526K->43952K(341376K), 0.0475229 secs] 90205K->43952K(494976K), [Metaspace: 34587K->34587K(1079296K)], 0.0475957 secs] [Times: user=0.04 sys=0.01, real=0.05 secs] 
2019-06-10T20:17:54.556+0000: 29.659: [GC (Allocation Failure) 2019-06-10T20:17:54.556+0000: 29.659: [DefNew: 136576K->85K(153600K), 0.0020321 secs] 180528K->44037K(494976K), 0.0020884 secs] [Times: user=0.00 sys=0.00, real=0.01 secs] 
2019-06-10T20:18:01.193+0000: 36.296: [GC (Allocation Failure) 2019-06-10T20:18:01.193+0000: 36.296: [DefNew: 136661K->85K(153600K), 0.0018911 secs] 180613K->44037K(494976K), 0.0019556 secs] [Times: user=0.00 sys=0.00, real=0.00 secs] 
2019-06-10T20:18:07.965+0000: 43.068: [GC (Allocation Failure) 2019-06-10T20:18:07.965+0000: 43.068: [DefNew: 136661K->84K(153600K), 0.0017402 secs] 180613K->44036K(494976K), 0.0018081 secs] [Times: user=0.00 sys=0.00, real=0.01 secs] 
2019-06-10T20:18:14.788+0000: 49.891: [GC (Allocation Failure) 2019-06-10T20:18:14.788+0000: 49.891: [DefNew: 136660K->85K(153600K), 0.0018958 secs] 180612K->44037K(494976K), 0.0019624 secs] [Times: user=0.00 sys=0.00, real=0.00 secs] 
2019-06-10T20:18:21.577+0000: 56.681: [GC (Allocation Failure) 2019-06-10T20:18:21.577+0000: 56.681: [DefNew: 136661K->87K(153600K), 0.0020178 secs] 180613K->44039K(494976K), 0.0020768 secs] [Times: user=0.00 sys=0.00, real=0.00 secs] 
20:18:30.022 [Curator-PathChildrenCache-0] ERROR o.a.c.f.r.c.PathChildrenCache  - 
java.lang.IllegalStateException: instance must be started before calling this method
	at org.apache.curator.shaded.com.google.common.base.Preconditions.checkState(Preconditions.java:444)
	at org.apache.curator.framework.imps.CuratorFrameworkImpl.getChildren(CuratorFrameworkImpl.java:456)
	at org.apache.curator.framework.recipes.cache.PathChildrenCache.refresh(PathChildrenCache.java:521)
	at org.apache.curator.framework.recipes.cache.RefreshOperation.invoke(RefreshOperation.java:35)
	at org.apache.curator.framework.recipes.cache.PathChildrenCache$9.run(PathChildrenCache.java:786)
	at java.util.concurrent.Executors$RunnableAdapter.call(Executors.java:511)
	at java.util.concurrent.FutureTask.run(FutureTask.java:266)
	at java.util.concurrent.Executors$RunnableAdapter.call(Executors.java:511)
	at java.util.concurrent.FutureTask.run(FutureTask.java:266)
	at java.util.concurrent.ThreadPoolExecutor.runWorker(ThreadPoolExecutor.java:1149)
	at java.util.concurrent.ThreadPoolExecutor$Worker.run(ThreadPoolExecutor.java:624)
	at java.lang.Thread.run(Thread.java:748)
Heap
 def new generation   total 153600K, used 79459K [0x00000000e0c00000, 0x00000000eb2a0000, 0x00000000eb2a0000)
  eden space 136576K,  58% used [0x00000000e0c00000, 0x00000000e5983218, 0x00000000e9160000)
  from space 17024K,   0% used [0x00000000e9160000, 0x00000000e9175ca0, 0x00000000ea200000)
  to   space 17024K,   0% used [0x00000000ea200000, 0x00000000ea200000, 0x00000000eb2a0000)
 tenured generation   total 341376K, used 43952K [0x00000000eb2a0000, 0x0000000100000000, 0x0000000100000000)
   the space 341376K,  12% used [0x00000000eb2a0000, 0x00000000edd8c058, 0x00000000edd8c200, 0x0000000100000000)
 Metaspace       used 36261K, capacity 37138K, committed 37376K, reserved 1081344K
  class space    used 4870K, capacity 5077K, committed 5120K, reserved 1048576K
