08:27:15,376 |-INFO in ch.qos.logback.classic.LoggerContext[default] - Could NOT find resource [logback-test.xml]
08:27:15,376 |-INFO in ch.qos.logback.classic.LoggerContext[default] - Could NOT find resource [logback.groovy]
08:27:15,376 |-INFO in ch.qos.logback.classic.LoggerContext[default] - Found resource [logback.xml] at [jar:file:/root/flamestream/lib/flamestream-runtime-1.0-SNAPSHOT.jar!/logback.xml]
08:27:15,377 |-WARN in ch.qos.logback.classic.LoggerContext[default] - Resource [logback.xml] occurs multiple times on the classpath.
08:27:15,377 |-WARN in ch.qos.logback.classic.LoggerContext[default] - Resource [logback.xml] occurs at [jar:file:/root/flamestream/lib/flamestream-runtime-1.0-SNAPSHOT.jar!/logback.xml]
08:27:15,377 |-WARN in ch.qos.logback.classic.LoggerContext[default] - Resource [logback.xml] occurs at [jar:file:/root/flamestream/flamestream-runtime-1.0-SNAPSHOT.jar!/logback.xml]
08:27:15,398 |-INFO in ch.qos.logback.core.joran.spi.ConfigurationWatchList@3fb6a447 - URL [jar:file:/root/flamestream/lib/flamestream-runtime-1.0-SNAPSHOT.jar!/logback.xml] is not of type file
08:27:15,465 |-INFO in ch.qos.logback.classic.joran.action.ConfigurationAction - debug attribute not set
08:27:15,466 |-INFO in ch.qos.logback.core.joran.action.AppenderAction - About to instantiate appender of type [ch.qos.logback.core.ConsoleAppender]
08:27:15,482 |-INFO in ch.qos.logback.core.joran.action.AppenderAction - Naming appender as [STDOUT]
08:27:15,501 |-INFO in ch.qos.logback.core.joran.action.NestedComplexPropertyIA - Assuming default type [ch.qos.logback.classic.encoder.PatternLayoutEncoder] for [encoder] property
08:27:15,595 |-INFO in ch.qos.logback.core.joran.action.AppenderAction - About to instantiate appender of type [ch.qos.logback.core.rolling.RollingFileAppender]
08:27:15,608 |-INFO in ch.qos.logback.core.joran.action.AppenderAction - Naming appender as [FILE]
08:27:15,636 |-INFO in c.q.l.core.rolling.TimeBasedRollingPolicy@127618319 - No compression will be used
08:27:15,637 |-INFO in c.q.l.core.rolling.TimeBasedRollingPolicy@127618319 - Will use the pattern /tmp/application_%d{yyyy-MM-dd}.%i.log for the active file
08:27:15,640 |-INFO in ch.qos.logback.core.rolling.SizeAndTimeBasedFNATP@6b2fad11 - The date pattern is 'yyyy-MM-dd' from file name pattern '/tmp/application_%d{yyyy-MM-dd}.%i.log'.
08:27:15,640 |-INFO in ch.qos.logback.core.rolling.SizeAndTimeBasedFNATP@6b2fad11 - Roll-over at midnight.
08:27:15,645 |-INFO in ch.qos.logback.core.rolling.SizeAndTimeBasedFNATP@6b2fad11 - Setting initial period to Tue Jun 11 08:26:00 UTC 2019
08:27:15,645 |-WARN in ch.qos.logback.core.rolling.SizeAndTimeBasedFNATP@6b2fad11 - SizeAndTimeBasedFNATP is deprecated. Use SizeAndTimeBasedRollingPolicy instead
08:27:15,645 |-WARN in ch.qos.logback.core.rolling.SizeAndTimeBasedFNATP@6b2fad11 - For more information see http://logback.qos.ch/manual/appenders.html#SizeAndTimeBasedRollingPolicy
08:27:15,650 |-INFO in ch.qos.logback.core.joran.action.NestedComplexPropertyIA - Assuming default type [ch.qos.logback.classic.encoder.PatternLayoutEncoder] for [encoder] property
08:27:15,653 |-INFO in ch.qos.logback.core.rolling.RollingFileAppender[FILE] - Active log file name: /tmp/application.log
08:27:15,653 |-INFO in ch.qos.logback.core.rolling.RollingFileAppender[FILE] - File property is set to [/tmp/application.log]
08:27:15,654 |-INFO in ch.qos.logback.classic.joran.action.RootLoggerAction - Setting level of ROOT logger to WARN
08:27:15,654 |-INFO in ch.qos.logback.core.joran.action.AppenderRefAction - Attaching appender named [STDOUT] to Logger[ROOT]
08:27:15,655 |-INFO in ch.qos.logback.core.joran.action.AppenderRefAction - Attaching appender named [FILE] to Logger[ROOT]
08:27:15,655 |-INFO in ch.qos.logback.classic.joran.action.ConfigurationAction - End of configuration.
08:27:15,656 |-INFO in ch.qos.logback.classic.joran.JoranConfigurator@79698539 - Registering current configuration as safe fallback point

Ama winner
Ama winner
2019-06-11T08:27:16.945+0000: 1.756: [Full GC (Metadata GC Threshold) 2019-06-11T08:27:16.945+0000: 1.756: [Tenured: 0K->15209K(341376K), 0.0347418 secs] 114987K->15209K(494976K), [Metaspace: 20738K->20738K(1067008K)], 0.0348043 secs] [Times: user=0.04 sys=0.01, real=0.04 secs] 
08:27:33.510 [Curator-PathChildrenCache-1] WARN  o.a.c.u.ZKPaths  - The version of ZooKeeper being used doesn't support Container nodes. CreateMode.PERSISTENT will be used instead.
2019-06-11T08:27:35.897+0000: 20.708: [GC (Allocation Failure) 2019-06-11T08:27:35.897+0000: 20.708: [DefNew: 136576K->17023K(153600K), 0.0251057 secs] 151785K->52498K(494976K), 0.0251737 secs] [Times: user=0.02 sys=0.00, real=0.02 secs] 
2019-06-11T08:27:39.088+0000: 23.898: [Full GC (Metadata GC Threshold) 2019-06-11T08:27:39.088+0000: 23.898: [Tenured: 35474K->43691K(341376K), 0.0469404 secs] 120595K->43691K(494976K), [Metaspace: 34592K->34592K(1079296K)], 0.0470118 secs] [Times: user=0.05 sys=0.00, real=0.05 secs] 
2019-06-11T08:27:45.810+0000: 30.621: [GC (Allocation Failure) 2019-06-11T08:27:45.810+0000: 30.621: [DefNew: 136576K->55K(153600K), 0.0017670 secs] 180267K->43746K(494976K), 0.0018309 secs] [Times: user=0.00 sys=0.00, real=0.00 secs] 
2019-06-11T08:27:52.527+0000: 37.338: [GC (Allocation Failure) 2019-06-11T08:27:52.527+0000: 37.338: [DefNew: 136631K->56K(153600K), 0.0016126 secs] 180322K->43747K(494976K), 0.0016748 secs] [Times: user=0.00 sys=0.00, real=0.00 secs] 
2019-06-11T08:27:59.394+0000: 44.204: [GC (Allocation Failure) 2019-06-11T08:27:59.394+0000: 44.205: [DefNew: 136632K->55K(153600K), 0.0016664 secs] 180323K->43746K(494976K), 0.0017373 secs] [Times: user=0.00 sys=0.00, real=0.01 secs] 
2019-06-11T08:28:06.303+0000: 51.114: [GC (Allocation Failure) 2019-06-11T08:28:06.303+0000: 51.114: [DefNew: 136631K->56K(153600K), 0.0016373 secs] 180322K->43747K(494976K), 0.0016965 secs] [Times: user=0.01 sys=0.00, real=0.00 secs] 
2019-06-11T08:28:16.114+0000: 60.925: [GC (Allocation Failure) 2019-06-11T08:28:16.114+0000: 60.925: [DefNew: 136632K->55K(153600K), 0.0017089 secs] 180323K->43746K(494976K), 0.0017723 secs] [Times: user=0.00 sys=0.00, real=0.01 secs] 
08:28:18.108 [Curator-PathChildrenCache-0] ERROR o.a.c.f.r.c.PathChildrenCache  - 
java.lang.IllegalStateException: instance must be started before calling this method
	at org.apache.curator.shaded.com.google.common.base.Preconditions.checkState(Preconditions.java:444)
	at org.apache.curator.framework.imps.CuratorFrameworkImpl.getChildren(CuratorFrameworkImpl.java:456)
	at org.apache.curator.framework.recipes.cache.PathChildrenCache.refresh(PathChildrenCache.java:521)
	at org.apache.curator.framework.recipes.cache.RefreshOperation.invoke(RefreshOperation.java:35)
	at org.apache.curator.framework.recipes.cache.PathChildrenCache$9.run(PathChildrenCache.java:786)
	at java.util.concurrent.Executors$RunnableAdapter.call(Executors.java:511)
	at java.util.concurrent.FutureTask.run(FutureTask.java:266)
	at java.util.concurrent.Executors$RunnableAdapter.call(Executors.java:511)
	at java.util.concurrent.FutureTask.run(FutureTask.java:266)
	at java.util.concurrent.ThreadPoolExecutor.runWorker(ThreadPoolExecutor.java:1149)
	at java.util.concurrent.ThreadPoolExecutor$Worker.run(ThreadPoolExecutor.java:624)
	at java.lang.Thread.run(Thread.java:748)
Heap
 def new generation   total 153600K, used 37442K [0x00000000e0c00000, 0x00000000eb2a0000, 0x00000000eb2a0000)
  eden space 136576K,  27% used [0x00000000e0c00000, 0x00000000e3082c88, 0x00000000e9160000)
  from space 17024K,   0% used [0x00000000e9160000, 0x00000000e916ddb0, 0x00000000ea200000)
  to   space 17024K,   0% used [0x00000000ea200000, 0x00000000ea200000, 0x00000000eb2a0000)
 tenured generation   total 341376K, used 43691K [0x00000000eb2a0000, 0x0000000100000000, 0x0000000100000000)
   the space 341376K,  12% used [0x00000000eb2a0000, 0x00000000edd4ac08, 0x00000000edd4ae00, 0x0000000100000000)
 Metaspace       used 36145K, capacity 37056K, committed 37376K, reserved 1081344K
  class space    used 4870K, capacity 5074K, committed 5120K, reserved 1048576K
