10:06:59,929 |-INFO in ch.qos.logback.classic.LoggerContext[default] - Could NOT find resource [logback-test.xml]
10:06:59,930 |-INFO in ch.qos.logback.classic.LoggerContext[default] - Could NOT find resource [logback.groovy]
10:06:59,930 |-INFO in ch.qos.logback.classic.LoggerContext[default] - Found resource [logback.xml] at [jar:file:/home/nikitasokolov/flamestream/lib/flamestream-runtime-1.0-SNAPSHOT.jar!/logback.xml]
10:06:59,930 |-WARN in ch.qos.logback.classic.LoggerContext[default] - Resource [logback.xml] occurs multiple times on the classpath.
10:06:59,931 |-WARN in ch.qos.logback.classic.LoggerContext[default] - Resource [logback.xml] occurs at [jar:file:/home/nikitasokolov/flamestream/lib/flamestream-runtime-1.0-SNAPSHOT.jar!/logback.xml]
10:06:59,931 |-WARN in ch.qos.logback.classic.LoggerContext[default] - Resource [logback.xml] occurs at [jar:file:/home/nikitasokolov/flamestream/flamestream-runtime-1.0-SNAPSHOT.jar!/logback.xml]
10:06:59,946 |-INFO in ch.qos.logback.core.joran.spi.ConfigurationWatchList@6108b2d7 - URL [jar:file:/home/nikitasokolov/flamestream/lib/flamestream-runtime-1.0-SNAPSHOT.jar!/logback.xml] is not of type file
10:06:59,999 |-INFO in ch.qos.logback.classic.joran.action.ConfigurationAction - debug attribute not set
10:07:00,000 |-INFO in ch.qos.logback.core.joran.action.AppenderAction - About to instantiate appender of type [ch.qos.logback.core.ConsoleAppender]
10:07:00,010 |-INFO in ch.qos.logback.core.joran.action.AppenderAction - Naming appender as [STDOUT]
10:07:00,018 |-INFO in ch.qos.logback.core.joran.action.NestedComplexPropertyIA - Assuming default type [ch.qos.logback.classic.encoder.PatternLayoutEncoder] for [encoder] property
10:07:00,073 |-INFO in ch.qos.logback.core.joran.action.AppenderAction - About to instantiate appender of type [ch.qos.logback.core.rolling.RollingFileAppender]
10:07:00,078 |-INFO in ch.qos.logback.core.joran.action.AppenderAction - Naming appender as [FILE]
10:07:00,099 |-INFO in c.q.l.core.rolling.TimeBasedRollingPolicy@357863579 - No compression will be used
10:07:00,100 |-INFO in c.q.l.core.rolling.TimeBasedRollingPolicy@357863579 - Will use the pattern /tmp/application_%d{yyyy-MM-dd}.%i.log for the active file
10:07:00,103 |-INFO in ch.qos.logback.core.rolling.SizeAndTimeBasedFNATP@6bf256fa - The date pattern is 'yyyy-MM-dd' from file name pattern '/tmp/application_%d{yyyy-MM-dd}.%i.log'.
10:07:00,103 |-INFO in ch.qos.logback.core.rolling.SizeAndTimeBasedFNATP@6bf256fa - Roll-over at midnight.
10:07:00,107 |-INFO in ch.qos.logback.core.rolling.SizeAndTimeBasedFNATP@6bf256fa - Setting initial period to Sun Jun 09 10:06:16 MSK 2019
10:07:00,107 |-WARN in ch.qos.logback.core.rolling.SizeAndTimeBasedFNATP@6bf256fa - SizeAndTimeBasedFNATP is deprecated. Use SizeAndTimeBasedRollingPolicy instead
10:07:00,107 |-WARN in ch.qos.logback.core.rolling.SizeAndTimeBasedFNATP@6bf256fa - For more information see http://logback.qos.ch/manual/appenders.html#SizeAndTimeBasedRollingPolicy
10:07:00,111 |-INFO in ch.qos.logback.core.joran.action.NestedComplexPropertyIA - Assuming default type [ch.qos.logback.classic.encoder.PatternLayoutEncoder] for [encoder] property
10:07:00,113 |-INFO in ch.qos.logback.core.rolling.RollingFileAppender[FILE] - Active log file name: /tmp/application.log
10:07:00,113 |-INFO in ch.qos.logback.core.rolling.RollingFileAppender[FILE] - File property is set to [/tmp/application.log]
10:07:00,114 |-INFO in ch.qos.logback.classic.joran.action.RootLoggerAction - Setting level of ROOT logger to WARN
10:07:00,114 |-INFO in ch.qos.logback.core.joran.action.AppenderRefAction - Attaching appender named [STDOUT] to Logger[ROOT]
10:07:00,115 |-INFO in ch.qos.logback.core.joran.action.AppenderRefAction - Attaching appender named [FILE] to Logger[ROOT]
10:07:00,115 |-INFO in ch.qos.logback.classic.joran.action.ConfigurationAction - End of configuration.
10:07:00,116 |-INFO in ch.qos.logback.classic.joran.JoranConfigurator@6cd8737 - Registering current configuration as safe fallback point

2019-06-09T10:07:01.120+0300: 1.397: [GC (Metadata GC Threshold) [PSYoungGen: 110722K->15835K(149504K)] 110722K->15915K(491008K), 0.0203300 secs] [Times: user=0.08 sys=0.03, real=0.02 secs] 
2019-06-09T10:07:01.140+0300: 1.418: [Full GC (Metadata GC Threshold) [PSYoungGen: 15835K->0K(149504K)] [ParOldGen: 80K->15078K(341504K)] 15915K->15078K(491008K), [Metaspace: 20800K->20800K(1067008K)], 0.0277610 secs] [Times: user=0.18 sys=0.01, real=0.02 secs] 
10:07:09.430 [Curator-PathChildrenCache-1] WARN  o.a.c.u.ZKPaths  - The version of ZooKeeper being used doesn't support Container nodes. CreateMode.PERSISTENT will be used instead.
2019-06-09T10:07:10.364+0300: 10.641: [GC (Metadata GC Threshold) [PSYoungGen: 124921K->15788K(149504K)] 139999K->50405K(491008K), 0.0273578 secs] [Times: user=0.21 sys=0.03, real=0.03 secs] 
2019-06-09T10:07:10.391+0300: 10.669: [Full GC (Metadata GC Threshold) [PSYoungGen: 15788K->0K(149504K)] [ParOldGen: 34617K->38877K(341504K)] 50405K->38877K(491008K), [Metaspace: 34559K->34559K(1079296K)], 0.0380708 secs] [Times: user=0.22 sys=0.01, real=0.04 secs] 
2019-06-09T10:07:15.455+0300: 15.732: [GC (Allocation Failure) [PSYoungGen: 128512K->448K(149504K)] 167389K->39333K(491008K), 0.0597984 secs] [Times: user=0.01 sys=0.00, real=0.06 secs] 
2019-06-09T10:07:21.175+0300: 21.452: [GC (Allocation Failure) [PSYoungGen: 128960K->512K(149504K)] 167845K->39405K(491008K), 0.1064163 secs] [Times: user=0.04 sys=0.00, real=0.11 secs] 
2019-06-09T10:07:26.966+0300: 27.243: [GC (Allocation Failure) [PSYoungGen: 129024K->512K(129536K)] 167917K->39413K(471040K), 0.0037575 secs] [Times: user=0.02 sys=0.00, real=0.00 secs] 
2019-06-09T10:07:32.776+0300: 33.054: [GC (Allocation Failure) [PSYoungGen: 129024K->544K(150016K)] 167925K->39453K(491520K), 0.0059380 secs] [Times: user=0.03 sys=0.01, real=0.01 secs] 
2019-06-09T10:07:38.666+0300: 38.943: [GC (Allocation Failure) [PSYoungGen: 129056K->576K(148992K)] 167965K->39493K(490496K), 0.0048416 secs] [Times: user=0.03 sys=0.00, real=0.01 secs] 
2019-06-09T10:07:44.559+0300: 44.837: [GC (Allocation Failure) [PSYoungGen: 129088K->544K(151552K)] 168005K->39461K(493056K), 0.0043577 secs] [Times: user=0.03 sys=0.00, real=0.00 secs] 
2019-06-09T10:07:50.593+0300: 50.871: [GC (Allocation Failure) [PSYoungGen: 132640K->544K(151040K)] 171557K->39461K(492544K), 0.0044542 secs] [Times: user=0.01 sys=0.01, real=0.01 secs] 
2019-06-09T10:07:56.663+0300: 56.940: [GC (Allocation Failure) [PSYoungGen: 132640K->480K(153600K)] 171557K->39405K(495104K), 0.0024684 secs] [Times: user=0.01 sys=0.00, real=0.00 secs] 
2019-06-09T10:08:03.209+0300: 63.486: [GC (Allocation Failure) [PSYoungGen: 136160K->823K(152576K)] 175085K->39757K(494080K), 0.0031744 secs] [Times: user=0.02 sys=0.00, real=0.01 secs] 
2019-06-09T10:08:11.132+0300: 71.409: [GC (Allocation Failure) [PSYoungGen: 136503K->576K(155136K)] 175437K->39509K(496640K), 0.0046708 secs] [Times: user=0.03 sys=0.00, real=0.00 secs] 
10:08:25.357 [Curator-PathChildrenCache-0] ERROR o.a.c.f.r.c.PathChildrenCache  - 
java.lang.IllegalStateException: instance must be started before calling this method
	at org.apache.curator.shaded.com.google.common.base.Preconditions.checkState(Preconditions.java:444)
	at org.apache.curator.framework.imps.CuratorFrameworkImpl.getChildren(CuratorFrameworkImpl.java:456)
	at org.apache.curator.framework.recipes.cache.PathChildrenCache.refresh(PathChildrenCache.java:521)
	at org.apache.curator.framework.recipes.cache.RefreshOperation.invoke(RefreshOperation.java:35)
	at org.apache.curator.framework.recipes.cache.PathChildrenCache$9.run(PathChildrenCache.java:786)
	at java.util.concurrent.Executors$RunnableAdapter.call(Executors.java:511)
	at java.util.concurrent.FutureTask.run(FutureTask.java:266)
	at java.util.concurrent.Executors$RunnableAdapter.call(Executors.java:511)
	at java.util.concurrent.FutureTask.run(FutureTask.java:266)
	at java.util.concurrent.ThreadPoolExecutor.runWorker(ThreadPoolExecutor.java:1149)
	at java.util.concurrent.ThreadPoolExecutor$Worker.run(ThreadPoolExecutor.java:624)
	at java.lang.Thread.run(Thread.java:748)
Heap
 PSYoungGen      total 155136K, used 70436K [0x00000000f5980000, 0x0000000100000000, 0x0000000100000000)
  eden space 138752K, 50% used [0x00000000f5980000,0x00000000f9db90a0,0x00000000fe100000)
  from space 16384K, 3% used [0x00000000ff000000,0x00000000ff090050,0x0000000100000000)
  to   space 15360K, 0% used [0x00000000fe100000,0x00000000fe100000,0x00000000ff000000)
 ParOldGen       total 341504K, used 38933K [0x00000000e0c00000, 0x00000000f5980000, 0x00000000f5980000)
  object space 341504K, 11% used [0x00000000e0c00000,0x00000000e3205780,0x00000000f5980000)
 Metaspace       used 36169K, capacity 37022K, committed 37208K, reserved 1081344K
  class space    used 4979K, capacity 5161K, committed 5248K, reserved 1048576K
