07:28:16,133 |-INFO in ch.qos.logback.classic.LoggerContext[default] - Could NOT find resource [logback-test.xml]
07:28:16,133 |-INFO in ch.qos.logback.classic.LoggerContext[default] - Could NOT find resource [logback.groovy]
07:28:16,133 |-INFO in ch.qos.logback.classic.LoggerContext[default] - Found resource [logback.xml] at [jar:file:/root/flamestream/lib/flamestream-runtime-1.0-SNAPSHOT.jar!/logback.xml]
07:28:16,138 |-WARN in ch.qos.logback.classic.LoggerContext[default] - Resource [logback.xml] occurs multiple times on the classpath.
07:28:16,138 |-WARN in ch.qos.logback.classic.LoggerContext[default] - Resource [logback.xml] occurs at [jar:file:/root/flamestream/lib/flamestream-runtime-1.0-SNAPSHOT.jar!/logback.xml]
07:28:16,138 |-WARN in ch.qos.logback.classic.LoggerContext[default] - Resource [logback.xml] occurs at [jar:file:/root/flamestream/flamestream-runtime-1.0-SNAPSHOT.jar!/logback.xml]
07:28:16,157 |-INFO in ch.qos.logback.core.joran.spi.ConfigurationWatchList@3fb6a447 - URL [jar:file:/root/flamestream/lib/flamestream-runtime-1.0-SNAPSHOT.jar!/logback.xml] is not of type file
07:28:16,224 |-INFO in ch.qos.logback.classic.joran.action.ConfigurationAction - debug attribute not set
07:28:16,224 |-INFO in ch.qos.logback.core.joran.action.AppenderAction - About to instantiate appender of type [ch.qos.logback.core.ConsoleAppender]
07:28:16,240 |-INFO in ch.qos.logback.core.joran.action.AppenderAction - Naming appender as [STDOUT]
07:28:16,260 |-INFO in ch.qos.logback.core.joran.action.NestedComplexPropertyIA - Assuming default type [ch.qos.logback.classic.encoder.PatternLayoutEncoder] for [encoder] property
07:28:16,349 |-INFO in ch.qos.logback.core.joran.action.AppenderAction - About to instantiate appender of type [ch.qos.logback.core.rolling.RollingFileAppender]
07:28:16,362 |-INFO in ch.qos.logback.core.joran.action.AppenderAction - Naming appender as [FILE]
07:28:16,390 |-INFO in c.q.l.core.rolling.TimeBasedRollingPolicy@127618319 - No compression will be used
07:28:16,391 |-INFO in c.q.l.core.rolling.TimeBasedRollingPolicy@127618319 - Will use the pattern /tmp/application_%d{yyyy-MM-dd}.%i.log for the active file
07:28:16,394 |-INFO in ch.qos.logback.core.rolling.SizeAndTimeBasedFNATP@6b2fad11 - The date pattern is 'yyyy-MM-dd' from file name pattern '/tmp/application_%d{yyyy-MM-dd}.%i.log'.
07:28:16,394 |-INFO in ch.qos.logback.core.rolling.SizeAndTimeBasedFNATP@6b2fad11 - Roll-over at midnight.
07:28:16,399 |-INFO in ch.qos.logback.core.rolling.SizeAndTimeBasedFNATP@6b2fad11 - Setting initial period to Tue Jun 11 07:26:55 UTC 2019
07:28:16,400 |-WARN in ch.qos.logback.core.rolling.SizeAndTimeBasedFNATP@6b2fad11 - SizeAndTimeBasedFNATP is deprecated. Use SizeAndTimeBasedRollingPolicy instead
07:28:16,400 |-WARN in ch.qos.logback.core.rolling.SizeAndTimeBasedFNATP@6b2fad11 - For more information see http://logback.qos.ch/manual/appenders.html#SizeAndTimeBasedRollingPolicy
07:28:16,404 |-INFO in ch.qos.logback.core.joran.action.NestedComplexPropertyIA - Assuming default type [ch.qos.logback.classic.encoder.PatternLayoutEncoder] for [encoder] property
07:28:16,408 |-INFO in ch.qos.logback.core.rolling.RollingFileAppender[FILE] - Active log file name: /tmp/application.log
07:28:16,408 |-INFO in ch.qos.logback.core.rolling.RollingFileAppender[FILE] - File property is set to [/tmp/application.log]
07:28:16,409 |-INFO in ch.qos.logback.classic.joran.action.RootLoggerAction - Setting level of ROOT logger to WARN
07:28:16,409 |-INFO in ch.qos.logback.core.joran.action.AppenderRefAction - Attaching appender named [STDOUT] to Logger[ROOT]
07:28:16,411 |-INFO in ch.qos.logback.core.joran.action.AppenderRefAction - Attaching appender named [FILE] to Logger[ROOT]
07:28:16,411 |-INFO in ch.qos.logback.classic.joran.action.ConfigurationAction - End of configuration.
07:28:16,412 |-INFO in ch.qos.logback.classic.joran.JoranConfigurator@79698539 - Registering current configuration as safe fallback point

Ama winner
Ama winner
2019-06-11T07:28:17.668+0000: 1.715: [Full GC (Metadata GC Threshold) 2019-06-11T07:28:17.668+0000: 1.715: [Tenured: 0K->15242K(341376K), 0.0374934 secs] 117750K->15242K(494976K), [Metaspace: 20733K->20733K(1067008K)], 0.0375603 secs] [Times: user=0.04 sys=0.01, real=0.04 secs] 
07:28:39.713 [Curator-PathChildrenCache-3] WARN  o.a.c.u.ZKPaths  - The version of ZooKeeper being used doesn't support Container nodes. CreateMode.PERSISTENT will be used instead.
2019-06-11T07:28:41.639+0000: 25.685: [GC (Allocation Failure) 2019-06-11T07:28:41.639+0000: 25.686: [DefNew: 118680K->17023K(153600K), 0.0176945 secs] 133922K->33254K(494976K), 0.0177817 secs] [Times: user=0.01 sys=0.00, real=0.02 secs] 
2019-06-11T07:28:42.156+0000: 26.203: [Full GC (Metadata GC Threshold) 2019-06-11T07:28:42.156+0000: 26.203: [Tenured: 16230K->44448K(341376K), 0.0429339 secs] 71764K->44448K(494976K), [Metaspace: 34511K->34511K(1079296K)], 0.0430119 secs] [Times: user=0.04 sys=0.00, real=0.04 secs] 
2019-06-11T07:28:44.163+0000: 28.210: [GC (Allocation Failure) 2019-06-11T07:28:44.163+0000: 28.210: [DefNew: 136576K->103K(153600K), 0.0018903 secs] 181024K->44551K(494976K), 0.0019491 secs] [Times: user=0.00 sys=0.00, real=0.00 secs] 
2019-06-11T07:28:45.883+0000: 29.930: [GC (Allocation Failure) 2019-06-11T07:28:45.883+0000: 29.930: [DefNew: 136679K->108K(153600K), 0.0017129 secs] 181127K->44556K(494976K), 0.0017702 secs] [Times: user=0.01 sys=0.00, real=0.00 secs] 
2019-06-11T07:28:47.537+0000: 31.584: [GC (Allocation Failure) 2019-06-11T07:28:47.537+0000: 31.584: [DefNew: 136684K->119K(153600K), 0.0017843 secs] 181132K->44567K(494976K), 0.0018382 secs] [Times: user=0.00 sys=0.00, real=0.00 secs] 
2019-06-11T07:28:49.216+0000: 33.263: [GC (Allocation Failure) 2019-06-11T07:28:49.216+0000: 33.263: [DefNew: 136695K->120K(153600K), 0.0017768 secs] 181143K->44568K(494976K), 0.0018494 secs] [Times: user=0.01 sys=0.00, real=0.00 secs] 
2019-06-11T07:28:50.891+0000: 34.938: [GC (Allocation Failure) 2019-06-11T07:28:50.892+0000: 34.938: [DefNew: 136696K->120K(153600K), 0.0018177 secs] 181144K->44569K(494976K), 0.0018821 secs] [Times: user=0.00 sys=0.00, real=0.01 secs] 
2019-06-11T07:28:52.538+0000: 36.585: [GC (Allocation Failure) 2019-06-11T07:28:52.538+0000: 36.585: [DefNew: 136696K->126K(153600K), 0.0018422 secs] 181145K->44575K(494976K), 0.0019044 secs] [Times: user=0.00 sys=0.00, real=0.00 secs] 
2019-06-11T07:28:54.212+0000: 38.259: [GC (Allocation Failure) 2019-06-11T07:28:54.212+0000: 38.259: [DefNew: 136702K->124K(153600K), 0.0019042 secs] 181151K->44572K(494976K), 0.0019614 secs] [Times: user=0.00 sys=0.00, real=0.01 secs] 
07:29:05.019 [Curator-PathChildrenCache-0] ERROR o.a.c.f.r.c.PathChildrenCache  - 
java.lang.IllegalStateException: instance must be started before calling this method
	at org.apache.curator.shaded.com.google.common.base.Preconditions.checkState(Preconditions.java:444)
	at org.apache.curator.framework.imps.CuratorFrameworkImpl.getChildren(CuratorFrameworkImpl.java:456)
	at org.apache.curator.framework.recipes.cache.PathChildrenCache.refresh(PathChildrenCache.java:521)
	at org.apache.curator.framework.recipes.cache.RefreshOperation.invoke(RefreshOperation.java:35)
	at org.apache.curator.framework.recipes.cache.PathChildrenCache$9.run(PathChildrenCache.java:786)
	at java.util.concurrent.Executors$RunnableAdapter.call(Executors.java:511)
	at java.util.concurrent.FutureTask.run(FutureTask.java:266)
	at java.util.concurrent.Executors$RunnableAdapter.call(Executors.java:511)
	at java.util.concurrent.FutureTask.run(FutureTask.java:266)
	at java.util.concurrent.ThreadPoolExecutor.runWorker(ThreadPoolExecutor.java:1149)
	at java.util.concurrent.ThreadPoolExecutor$Worker.run(ThreadPoolExecutor.java:624)
	at java.lang.Thread.run(Thread.java:748)
Heap
 def new generation   total 153600K, used 85897K [0x00000000e0c00000, 0x00000000eb2a0000, 0x00000000eb2a0000)
  eden space 136576K,  62% used [0x00000000e0c00000, 0x00000000e5fc3370, 0x00000000e9160000)
  from space 17024K,   0% used [0x00000000e9160000, 0x00000000e917f1c8, 0x00000000ea200000)
  to   space 17024K,   0% used [0x00000000ea200000, 0x00000000ea200000, 0x00000000eb2a0000)
 tenured generation   total 341376K, used 44448K [0x00000000eb2a0000, 0x0000000100000000, 0x0000000100000000)
   the space 341376K,  13% used [0x00000000eb2a0000, 0x00000000ede080e8, 0x00000000ede08200, 0x0000000100000000)
 Metaspace       used 35733K, capacity 36738K, committed 36864K, reserved 1081344K
  class space    used 4857K, capacity 5059K, committed 5120K, reserved 1048576K
