16:00:41,249 |-INFO in ch.qos.logback.classic.LoggerContext[default] - Could NOT find resource [logback-test.xml]
16:00:41,249 |-INFO in ch.qos.logback.classic.LoggerContext[default] - Could NOT find resource [logback.groovy]
16:00:41,250 |-INFO in ch.qos.logback.classic.LoggerContext[default] - Found resource [logback.xml] at [jar:file:/root/flamestream/lib/flamestream-runtime-1.0-SNAPSHOT.jar!/logback.xml]
16:00:41,251 |-WARN in ch.qos.logback.classic.LoggerContext[default] - Resource [logback.xml] occurs multiple times on the classpath.
16:00:41,251 |-WARN in ch.qos.logback.classic.LoggerContext[default] - Resource [logback.xml] occurs at [jar:file:/root/flamestream/lib/flamestream-runtime-1.0-SNAPSHOT.jar!/logback.xml]
16:00:41,251 |-WARN in ch.qos.logback.classic.LoggerContext[default] - Resource [logback.xml] occurs at [jar:file:/root/flamestream/flamestream-runtime-1.0-SNAPSHOT.jar!/logback.xml]
16:00:41,272 |-INFO in ch.qos.logback.core.joran.spi.ConfigurationWatchList@3fb6a447 - URL [jar:file:/root/flamestream/lib/flamestream-runtime-1.0-SNAPSHOT.jar!/logback.xml] is not of type file
16:00:41,346 |-INFO in ch.qos.logback.classic.joran.action.ConfigurationAction - debug attribute not set
16:00:41,347 |-INFO in ch.qos.logback.core.joran.action.AppenderAction - About to instantiate appender of type [ch.qos.logback.core.ConsoleAppender]
16:00:41,358 |-INFO in ch.qos.logback.core.joran.action.AppenderAction - Naming appender as [STDOUT]
16:00:41,375 |-INFO in ch.qos.logback.core.joran.action.NestedComplexPropertyIA - Assuming default type [ch.qos.logback.classic.encoder.PatternLayoutEncoder] for [encoder] property
16:00:41,465 |-INFO in ch.qos.logback.core.joran.action.AppenderAction - About to instantiate appender of type [ch.qos.logback.core.rolling.RollingFileAppender]
16:00:41,470 |-INFO in ch.qos.logback.core.joran.action.AppenderAction - Naming appender as [FILE]
16:00:41,502 |-INFO in c.q.l.core.rolling.TimeBasedRollingPolicy@127618319 - No compression will be used
16:00:41,503 |-INFO in c.q.l.core.rolling.TimeBasedRollingPolicy@127618319 - Will use the pattern /tmp/application_%d{yyyy-MM-dd}.%i.log for the active file
16:00:41,506 |-INFO in ch.qos.logback.core.rolling.SizeAndTimeBasedFNATP@6b2fad11 - The date pattern is 'yyyy-MM-dd' from file name pattern '/tmp/application_%d{yyyy-MM-dd}.%i.log'.
16:00:41,506 |-INFO in ch.qos.logback.core.rolling.SizeAndTimeBasedFNATP@6b2fad11 - Roll-over at midnight.
16:00:41,511 |-INFO in ch.qos.logback.core.rolling.SizeAndTimeBasedFNATP@6b2fad11 - Setting initial period to Mon Jun 10 15:59:17 UTC 2019
16:00:41,511 |-WARN in ch.qos.logback.core.rolling.SizeAndTimeBasedFNATP@6b2fad11 - SizeAndTimeBasedFNATP is deprecated. Use SizeAndTimeBasedRollingPolicy instead
16:00:41,511 |-WARN in ch.qos.logback.core.rolling.SizeAndTimeBasedFNATP@6b2fad11 - For more information see http://logback.qos.ch/manual/appenders.html#SizeAndTimeBasedRollingPolicy
16:00:41,516 |-INFO in ch.qos.logback.core.joran.action.NestedComplexPropertyIA - Assuming default type [ch.qos.logback.classic.encoder.PatternLayoutEncoder] for [encoder] property
16:00:41,521 |-INFO in ch.qos.logback.core.rolling.RollingFileAppender[FILE] - Active log file name: /tmp/application.log
16:00:41,521 |-INFO in ch.qos.logback.core.rolling.RollingFileAppender[FILE] - File property is set to [/tmp/application.log]
16:00:41,522 |-INFO in ch.qos.logback.classic.joran.action.RootLoggerAction - Setting level of ROOT logger to WARN
16:00:41,522 |-INFO in ch.qos.logback.core.joran.action.AppenderRefAction - Attaching appender named [STDOUT] to Logger[ROOT]
16:00:41,522 |-INFO in ch.qos.logback.core.joran.action.AppenderRefAction - Attaching appender named [FILE] to Logger[ROOT]
16:00:41,522 |-INFO in ch.qos.logback.classic.joran.action.ConfigurationAction - End of configuration.
16:00:41,523 |-INFO in ch.qos.logback.classic.joran.JoranConfigurator@79698539 - Registering current configuration as safe fallback point

Ama winner
Ama winner
2019-06-10T16:00:42.829+0000: 1.771: [Full GC (Metadata GC Threshold) 2019-06-10T16:00:42.829+0000: 1.771: [Tenured: 0K->15176K(341376K), 0.0394757 secs] 114986K->15176K(494976K), [Metaspace: 20730K->20730K(1067008K)], 0.0395408 secs] [Times: user=0.04 sys=0.00, real=0.04 secs] 
16:01:02.823 [Curator-PathChildrenCache-1] WARN  o.a.c.u.ZKPaths  - The version of ZooKeeper being used doesn't support Container nodes. CreateMode.PERSISTENT will be used instead.
2019-06-10T16:01:05.038+0000: 23.980: [GC (Allocation Failure) 2019-06-10T16:01:05.038+0000: 23.980: [DefNew: 136576K->17023K(153600K), 0.0265539 secs] 151752K->52556K(494976K), 0.0266307 secs] [Times: user=0.02 sys=0.00, real=0.02 secs] 
2019-06-10T16:01:11.606+0000: 30.548: [Full GC (Metadata GC Threshold) 2019-06-10T16:01:11.606+0000: 30.548: [Tenured: 35532K->44054K(341376K), 0.1196781 secs] 169549K->44054K(494976K), [Metaspace: 34595K->34595K(1079296K)], 0.1197536 secs] [Times: user=0.11 sys=0.01, real=0.12 secs] 
2019-06-10T16:01:18.950+0000: 37.892: [GC (Allocation Failure) 2019-06-10T16:01:18.950+0000: 37.892: [DefNew: 136576K->52K(153600K), 0.0017798 secs] 180630K->44107K(494976K), 0.0018511 secs] [Times: user=0.00 sys=0.00, real=0.00 secs] 
2019-06-10T16:01:26.234+0000: 45.176: [GC (Allocation Failure) 2019-06-10T16:01:26.234+0000: 45.176: [DefNew: 136628K->54K(153600K), 0.0017804 secs] 180683K->44108K(494976K), 0.0018422 secs] [Times: user=0.00 sys=0.00, real=0.00 secs] 
2019-06-10T16:01:33.579+0000: 52.520: [GC (Allocation Failure) 2019-06-10T16:01:33.579+0000: 52.520: [DefNew: 136630K->50K(153600K), 0.0016863 secs] 180684K->44105K(494976K), 0.0017539 secs] [Times: user=0.00 sys=0.00, real=0.00 secs] 
2019-06-10T16:01:40.938+0000: 59.880: [GC (Allocation Failure) 2019-06-10T16:01:40.938+0000: 59.880: [DefNew: 136626K->53K(153600K), 0.0018084 secs] 180681K->44107K(494976K), 0.0018688 secs] [Times: user=0.01 sys=0.00, real=0.00 secs] 
2019-06-10T16:02:01.714+0000: 80.656: [GC (Allocation Failure) 2019-06-10T16:02:01.714+0000: 80.656: [DefNew: 136629K->408K(153600K), 0.0023628 secs] 180683K->44463K(494976K), 0.0024469 secs] [Times: user=0.00 sys=0.00, real=0.00 secs] 
16:02:03.759 [Curator-PathChildrenCache-0] ERROR o.a.c.f.r.c.PathChildrenCache  - 
java.lang.IllegalStateException: instance must be started before calling this method
	at org.apache.curator.shaded.com.google.common.base.Preconditions.checkState(Preconditions.java:444)
	at org.apache.curator.framework.imps.CuratorFrameworkImpl.getChildren(CuratorFrameworkImpl.java:456)
	at org.apache.curator.framework.recipes.cache.PathChildrenCache.refresh(PathChildrenCache.java:521)
	at org.apache.curator.framework.recipes.cache.RefreshOperation.invoke(RefreshOperation.java:35)
	at org.apache.curator.framework.recipes.cache.PathChildrenCache$9.run(PathChildrenCache.java:786)
	at java.util.concurrent.Executors$RunnableAdapter.call(Executors.java:511)
	at java.util.concurrent.FutureTask.run(FutureTask.java:266)
	at java.util.concurrent.Executors$RunnableAdapter.call(Executors.java:511)
	at java.util.concurrent.FutureTask.run(FutureTask.java:266)
	at java.util.concurrent.ThreadPoolExecutor.runWorker(ThreadPoolExecutor.java:1149)
	at java.util.concurrent.ThreadPoolExecutor$Worker.run(ThreadPoolExecutor.java:624)
	at java.lang.Thread.run(Thread.java:748)
Heap
 def new generation   total 153600K, used 37804K [0x00000000e0c00000, 0x00000000eb2a0000, 0x00000000eb2a0000)
  eden space 136576K,  27% used [0x00000000e0c00000, 0x00000000e3084f38, 0x00000000e9160000)
  from space 17024K,   2% used [0x00000000e9160000, 0x00000000e91c62a0, 0x00000000ea200000)
  to   space 17024K,   0% used [0x00000000ea200000, 0x00000000ea200000, 0x00000000eb2a0000)
 tenured generation   total 341376K, used 44054K [0x00000000eb2a0000, 0x0000000100000000, 0x0000000100000000)
   the space 341376K,  12% used [0x00000000eb2a0000, 0x00000000edda5990, 0x00000000edda5a00, 0x0000000100000000)
 Metaspace       used 36135K, capacity 37050K, committed 37376K, reserved 1081344K
  class space    used 4857K, capacity 5073K, committed 5120K, reserved 1048576K
