15:34:35,487 |-INFO in ch.qos.logback.classic.LoggerContext[default] - Could NOT find resource [logback-test.xml]
15:34:35,487 |-INFO in ch.qos.logback.classic.LoggerContext[default] - Could NOT find resource [logback.groovy]
15:34:35,488 |-INFO in ch.qos.logback.classic.LoggerContext[default] - Found resource [logback.xml] at [jar:file:/root/flamestream/lib/flamestream-runtime-1.0-SNAPSHOT.jar!/logback.xml]
15:34:35,488 |-WARN in ch.qos.logback.classic.LoggerContext[default] - Resource [logback.xml] occurs multiple times on the classpath.
15:34:35,489 |-WARN in ch.qos.logback.classic.LoggerContext[default] - Resource [logback.xml] occurs at [jar:file:/root/flamestream/lib/flamestream-runtime-1.0-SNAPSHOT.jar!/logback.xml]
15:34:35,489 |-WARN in ch.qos.logback.classic.LoggerContext[default] - Resource [logback.xml] occurs at [jar:file:/root/flamestream/flamestream-runtime-1.0-SNAPSHOT.jar!/logback.xml]
15:34:35,509 |-INFO in ch.qos.logback.core.joran.spi.ConfigurationWatchList@3fb6a447 - URL [jar:file:/root/flamestream/lib/flamestream-runtime-1.0-SNAPSHOT.jar!/logback.xml] is not of type file
15:34:35,576 |-INFO in ch.qos.logback.classic.joran.action.ConfigurationAction - debug attribute not set
15:34:35,576 |-INFO in ch.qos.logback.core.joran.action.AppenderAction - About to instantiate appender of type [ch.qos.logback.core.ConsoleAppender]
15:34:35,591 |-INFO in ch.qos.logback.core.joran.action.AppenderAction - Naming appender as [STDOUT]
15:34:35,601 |-INFO in ch.qos.logback.core.joran.action.NestedComplexPropertyIA - Assuming default type [ch.qos.logback.classic.encoder.PatternLayoutEncoder] for [encoder] property
15:34:35,708 |-INFO in ch.qos.logback.core.joran.action.AppenderAction - About to instantiate appender of type [ch.qos.logback.core.rolling.RollingFileAppender]
15:34:35,712 |-INFO in ch.qos.logback.core.joran.action.AppenderAction - Naming appender as [FILE]
15:34:35,750 |-INFO in c.q.l.core.rolling.TimeBasedRollingPolicy@127618319 - No compression will be used
15:34:35,751 |-INFO in c.q.l.core.rolling.TimeBasedRollingPolicy@127618319 - Will use the pattern /tmp/application_%d{yyyy-MM-dd}.%i.log for the active file
15:34:35,754 |-INFO in ch.qos.logback.core.rolling.SizeAndTimeBasedFNATP@6b2fad11 - The date pattern is 'yyyy-MM-dd' from file name pattern '/tmp/application_%d{yyyy-MM-dd}.%i.log'.
15:34:35,754 |-INFO in ch.qos.logback.core.rolling.SizeAndTimeBasedFNATP@6b2fad11 - Roll-over at midnight.
15:34:35,759 |-INFO in ch.qos.logback.core.rolling.SizeAndTimeBasedFNATP@6b2fad11 - Setting initial period to Mon Jun 10 15:33:13 UTC 2019
15:34:35,759 |-WARN in ch.qos.logback.core.rolling.SizeAndTimeBasedFNATP@6b2fad11 - SizeAndTimeBasedFNATP is deprecated. Use SizeAndTimeBasedRollingPolicy instead
15:34:35,759 |-WARN in ch.qos.logback.core.rolling.SizeAndTimeBasedFNATP@6b2fad11 - For more information see http://logback.qos.ch/manual/appenders.html#SizeAndTimeBasedRollingPolicy
15:34:35,763 |-INFO in ch.qos.logback.core.joran.action.NestedComplexPropertyIA - Assuming default type [ch.qos.logback.classic.encoder.PatternLayoutEncoder] for [encoder] property
15:34:35,768 |-INFO in ch.qos.logback.core.rolling.RollingFileAppender[FILE] - Active log file name: /tmp/application.log
15:34:35,768 |-INFO in ch.qos.logback.core.rolling.RollingFileAppender[FILE] - File property is set to [/tmp/application.log]
15:34:35,769 |-INFO in ch.qos.logback.classic.joran.action.RootLoggerAction - Setting level of ROOT logger to WARN
15:34:35,769 |-INFO in ch.qos.logback.core.joran.action.AppenderRefAction - Attaching appender named [STDOUT] to Logger[ROOT]
15:34:35,769 |-INFO in ch.qos.logback.core.joran.action.AppenderRefAction - Attaching appender named [FILE] to Logger[ROOT]
15:34:35,769 |-INFO in ch.qos.logback.classic.joran.action.ConfigurationAction - End of configuration.
15:34:35,770 |-INFO in ch.qos.logback.classic.joran.JoranConfigurator@79698539 - Registering current configuration as safe fallback point

Ama winner
Ama winner
2019-06-10T15:34:37.143+0000: 1.840: [Full GC (Metadata GC Threshold) 2019-06-10T15:34:37.143+0000: 1.840: [Tenured: 0K->15239K(341376K), 0.0387491 secs] 117750K->15239K(494976K), [Metaspace: 20736K->20736K(1067008K)], 0.0388198 secs] [Times: user=0.04 sys=0.00, real=0.04 secs] 
15:34:54.040 [Curator-PathChildrenCache-1] WARN  o.a.c.u.ZKPaths  - The version of ZooKeeper being used doesn't support Container nodes. CreateMode.PERSISTENT will be used instead.
2019-06-10T15:34:56.139+0000: 20.836: [GC (Allocation Failure) 2019-06-10T15:34:56.139+0000: 20.836: [DefNew: 136576K->17023K(153600K), 0.0419724 secs] 151815K->52482K(494976K), 0.0420529 secs] [Times: user=0.04 sys=0.00, real=0.04 secs] 
2019-06-10T15:34:57.186+0000: 21.883: [Full GC (Metadata GC Threshold) 2019-06-10T15:34:57.186+0000: 21.883: [Tenured: 35458K->43989K(341376K), 0.0359176 secs] 74157K->43989K(494976K), [Metaspace: 34570K->34570K(1079296K)], 0.0359942 secs] [Times: user=0.04 sys=0.00, real=0.03 secs] 
2019-06-10T15:35:03.892+0000: 28.589: [GC (Allocation Failure) 2019-06-10T15:35:03.892+0000: 28.589: [DefNew: 136576K->126K(153600K), 0.0019968 secs] 180565K->44116K(494976K), 0.0020666 secs] [Times: user=0.00 sys=0.00, real=0.01 secs] 
2019-06-10T15:35:10.645+0000: 35.343: [GC (Allocation Failure) 2019-06-10T15:35:10.645+0000: 35.343: [DefNew: 136702K->192K(153600K), 0.0017952 secs] 180692K->44181K(494976K), 0.0018561 secs] [Times: user=0.00 sys=0.00, real=0.00 secs] 
2019-06-10T15:35:17.358+0000: 42.055: [GC (Allocation Failure) 2019-06-10T15:35:17.358+0000: 42.055: [DefNew: 136768K->228K(153600K), 0.0019214 secs] 180757K->44217K(494976K), 0.0019799 secs] [Times: user=0.00 sys=0.00, real=0.00 secs] 
2019-06-10T15:35:23.939+0000: 48.636: [GC (Allocation Failure) 2019-06-10T15:35:23.939+0000: 48.636: [DefNew: 136804K->225K(153600K), 0.0019185 secs] 180793K->44215K(494976K), 0.0019772 secs] [Times: user=0.01 sys=0.00, real=0.00 secs] 
2019-06-10T15:35:34.884+0000: 59.582: [GC (Allocation Failure) 2019-06-10T15:35:34.884+0000: 59.582: [DefNew: 136801K->371K(153600K), 0.0027601 secs] 180791K->44361K(494976K), 0.0028273 secs] [Times: user=0.00 sys=0.00, real=0.01 secs] 
15:35:34.997 [Curator-PathChildrenCache-0] ERROR o.a.c.f.r.c.PathChildrenCache  - 
java.lang.IllegalStateException: instance must be started before calling this method
	at org.apache.curator.shaded.com.google.common.base.Preconditions.checkState(Preconditions.java:444)
	at org.apache.curator.framework.imps.CuratorFrameworkImpl.getChildren(CuratorFrameworkImpl.java:456)
	at org.apache.curator.framework.recipes.cache.PathChildrenCache.refresh(PathChildrenCache.java:521)
	at org.apache.curator.framework.recipes.cache.RefreshOperation.invoke(RefreshOperation.java:35)
	at org.apache.curator.framework.recipes.cache.PathChildrenCache$9.run(PathChildrenCache.java:786)
	at java.util.concurrent.Executors$RunnableAdapter.call(Executors.java:511)
	at java.util.concurrent.FutureTask.run(FutureTask.java:266)
	at java.util.concurrent.Executors$RunnableAdapter.call(Executors.java:511)
	at java.util.concurrent.FutureTask.run(FutureTask.java:266)
	at java.util.concurrent.ThreadPoolExecutor.runWorker(ThreadPoolExecutor.java:1149)
	at java.util.concurrent.ThreadPoolExecutor$Worker.run(ThreadPoolExecutor.java:624)
	at java.lang.Thread.run(Thread.java:748)
Heap
 def new generation   total 153600K, used 22665K [0x00000000e0c00000, 0x00000000eb2a0000, 0x00000000eb2a0000)
  eden space 136576K,  16% used [0x00000000e0c00000, 0x00000000e21c5708, 0x00000000e9160000)
  from space 17024K,   2% used [0x00000000e9160000, 0x00000000e91bcf28, 0x00000000ea200000)
  to   space 17024K,   0% used [0x00000000ea200000, 0x00000000ea200000, 0x00000000eb2a0000)
 tenured generation   total 341376K, used 43989K [0x00000000eb2a0000, 0x0000000100000000, 0x0000000100000000)
   the space 341376K,  12% used [0x00000000eb2a0000, 0x00000000edd95620, 0x00000000edd95800, 0x0000000100000000)
 Metaspace       used 35772K, capacity 36644K, committed 36864K, reserved 1081344K
  class space    used 4829K, capacity 5042K, committed 5120K, reserved 1048576K
