17:24:44,743 |-INFO in ch.qos.logback.classic.LoggerContext[default] - Could NOT find resource [logback-test.xml]
17:24:44,743 |-INFO in ch.qos.logback.classic.LoggerContext[default] - Could NOT find resource [logback.groovy]
17:24:44,743 |-INFO in ch.qos.logback.classic.LoggerContext[default] - Found resource [logback.xml] at [jar:file:/root/flamestream/lib/flamestream-runtime-1.0-SNAPSHOT.jar!/logback.xml]
17:24:44,744 |-WARN in ch.qos.logback.classic.LoggerContext[default] - Resource [logback.xml] occurs multiple times on the classpath.
17:24:44,744 |-WARN in ch.qos.logback.classic.LoggerContext[default] - Resource [logback.xml] occurs at [jar:file:/root/flamestream/lib/flamestream-runtime-1.0-SNAPSHOT.jar!/logback.xml]
17:24:44,744 |-WARN in ch.qos.logback.classic.LoggerContext[default] - Resource [logback.xml] occurs at [jar:file:/root/flamestream/flamestream-runtime-1.0-SNAPSHOT.jar!/logback.xml]
17:24:44,765 |-INFO in ch.qos.logback.core.joran.spi.ConfigurationWatchList@3fb6a447 - URL [jar:file:/root/flamestream/lib/flamestream-runtime-1.0-SNAPSHOT.jar!/logback.xml] is not of type file
17:24:44,831 |-INFO in ch.qos.logback.classic.joran.action.ConfigurationAction - debug attribute not set
17:24:44,832 |-INFO in ch.qos.logback.core.joran.action.AppenderAction - About to instantiate appender of type [ch.qos.logback.core.ConsoleAppender]
17:24:44,848 |-INFO in ch.qos.logback.core.joran.action.AppenderAction - Naming appender as [STDOUT]
17:24:44,867 |-INFO in ch.qos.logback.core.joran.action.NestedComplexPropertyIA - Assuming default type [ch.qos.logback.classic.encoder.PatternLayoutEncoder] for [encoder] property
17:24:44,964 |-INFO in ch.qos.logback.core.joran.action.AppenderAction - About to instantiate appender of type [ch.qos.logback.core.rolling.RollingFileAppender]
17:24:44,971 |-INFO in ch.qos.logback.core.joran.action.AppenderAction - Naming appender as [FILE]
17:24:45,008 |-INFO in c.q.l.core.rolling.TimeBasedRollingPolicy@127618319 - No compression will be used
17:24:45,009 |-INFO in c.q.l.core.rolling.TimeBasedRollingPolicy@127618319 - Will use the pattern /tmp/application_%d{yyyy-MM-dd}.%i.log for the active file
17:24:45,012 |-INFO in ch.qos.logback.core.rolling.SizeAndTimeBasedFNATP@6b2fad11 - The date pattern is 'yyyy-MM-dd' from file name pattern '/tmp/application_%d{yyyy-MM-dd}.%i.log'.
17:24:45,012 |-INFO in ch.qos.logback.core.rolling.SizeAndTimeBasedFNATP@6b2fad11 - Roll-over at midnight.
17:24:45,018 |-INFO in ch.qos.logback.core.rolling.SizeAndTimeBasedFNATP@6b2fad11 - Setting initial period to Mon Jun 10 17:23:14 UTC 2019
17:24:45,018 |-WARN in ch.qos.logback.core.rolling.SizeAndTimeBasedFNATP@6b2fad11 - SizeAndTimeBasedFNATP is deprecated. Use SizeAndTimeBasedRollingPolicy instead
17:24:45,018 |-WARN in ch.qos.logback.core.rolling.SizeAndTimeBasedFNATP@6b2fad11 - For more information see http://logback.qos.ch/manual/appenders.html#SizeAndTimeBasedRollingPolicy
17:24:45,022 |-INFO in ch.qos.logback.core.joran.action.NestedComplexPropertyIA - Assuming default type [ch.qos.logback.classic.encoder.PatternLayoutEncoder] for [encoder] property
17:24:45,027 |-INFO in ch.qos.logback.core.rolling.RollingFileAppender[FILE] - Active log file name: /tmp/application.log
17:24:45,027 |-INFO in ch.qos.logback.core.rolling.RollingFileAppender[FILE] - File property is set to [/tmp/application.log]
17:24:45,028 |-INFO in ch.qos.logback.classic.joran.action.RootLoggerAction - Setting level of ROOT logger to WARN
17:24:45,028 |-INFO in ch.qos.logback.core.joran.action.AppenderRefAction - Attaching appender named [STDOUT] to Logger[ROOT]
17:24:45,030 |-INFO in ch.qos.logback.core.joran.action.AppenderRefAction - Attaching appender named [FILE] to Logger[ROOT]
17:24:45,030 |-INFO in ch.qos.logback.classic.joran.action.ConfigurationAction - End of configuration.
17:24:45,030 |-INFO in ch.qos.logback.classic.joran.JoranConfigurator@79698539 - Registering current configuration as safe fallback point

Ama winner
Ama winner
2019-06-10T17:24:46.301+0000: 1.745: [Full GC (Metadata GC Threshold) 2019-06-10T17:24:46.301+0000: 1.745: [Tenured: 0K->15241K(341376K), 0.0357718 secs] 117750K->15241K(494976K), [Metaspace: 20734K->20734K(1067008K)], 0.0358654 secs] [Times: user=0.04 sys=0.00, real=0.04 secs] 
17:25:08.479 [Curator-PathChildrenCache-2] WARN  o.a.c.u.ZKPaths  - The version of ZooKeeper being used doesn't support Container nodes. CreateMode.PERSISTENT will be used instead.
2019-06-10T17:25:10.820+0000: 26.264: [GC (Allocation Failure) 2019-06-10T17:25:10.820+0000: 26.264: [DefNew: 118593K->16910K(153600K), 0.0213935 secs] 133835K->32151K(494976K), 0.0214618 secs] [Times: user=0.02 sys=0.00, real=0.02 secs] 
2019-06-10T17:25:11.391+0000: 26.835: [Full GC (Metadata GC Threshold) 2019-06-10T17:25:11.391+0000: 26.835: [Tenured: 15241K->43572K(341376K), 0.0490663 secs] 71345K->43572K(494976K), [Metaspace: 34586K->34586K(1079296K)], 0.0491431 secs] [Times: user=0.04 sys=0.01, real=0.05 secs] 
2019-06-10T17:25:14.760+0000: 30.204: [GC (Allocation Failure) 2019-06-10T17:25:14.760+0000: 30.204: [DefNew: 136576K->216K(153600K), 0.0022416 secs] 180148K->43789K(494976K), 0.0023006 secs] [Times: user=0.00 sys=0.00, real=0.00 secs] 
2019-06-10T17:25:18.097+0000: 33.541: [GC (Allocation Failure) 2019-06-10T17:25:18.097+0000: 33.541: [DefNew: 136792K->226K(153600K), 0.0021121 secs] 180365K->43798K(494976K), 0.0022010 secs] [Times: user=0.00 sys=0.01, real=0.01 secs] 
2019-06-10T17:25:21.328+0000: 36.773: [GC (Allocation Failure) 2019-06-10T17:25:21.329+0000: 36.773: [DefNew: 136802K->231K(153600K), 0.0021540 secs] 180374K->43804K(494976K), 0.0022150 secs] [Times: user=0.00 sys=0.00, real=0.01 secs] 
2019-06-10T17:25:24.547+0000: 39.991: [GC (Allocation Failure) 2019-06-10T17:25:24.547+0000: 39.991: [DefNew: 136807K->230K(153600K), 0.0021251 secs] 180380K->43803K(494976K), 0.0022029 secs] [Times: user=0.00 sys=0.00, real=0.01 secs] 
2019-06-10T17:25:27.794+0000: 43.239: [GC (Allocation Failure) 2019-06-10T17:25:27.794+0000: 43.239: [DefNew: 136806K->232K(153600K), 0.0021282 secs] 180379K->43805K(494976K), 0.0021888 secs] [Times: user=0.00 sys=0.00, real=0.00 secs] 
2019-06-10T17:25:30.954+0000: 46.399: [GC (Allocation Failure) 2019-06-10T17:25:30.954+0000: 46.399: [DefNew: 136808K->247K(153600K), 0.0022089 secs] 180381K->43820K(494976K), 0.0022700 secs] [Times: user=0.01 sys=0.00, real=0.01 secs] 
2019-06-10T17:25:34.097+0000: 49.541: [GC (Allocation Failure) 2019-06-10T17:25:34.097+0000: 49.541: [DefNew: 136823K->233K(153600K), 0.0022388 secs] 180396K->43806K(494976K), 0.0022997 secs] [Times: user=0.00 sys=0.00, real=0.00 secs] 
17:25:42.092 [Curator-PathChildrenCache-0] ERROR o.a.c.f.r.c.PathChildrenCache  - 
java.lang.IllegalStateException: instance must be started before calling this method
	at org.apache.curator.shaded.com.google.common.base.Preconditions.checkState(Preconditions.java:444)
	at org.apache.curator.framework.imps.CuratorFrameworkImpl.getChildren(CuratorFrameworkImpl.java:456)
	at org.apache.curator.framework.recipes.cache.PathChildrenCache.refresh(PathChildrenCache.java:521)
	at org.apache.curator.framework.recipes.cache.RefreshOperation.invoke(RefreshOperation.java:35)
	at org.apache.curator.framework.recipes.cache.PathChildrenCache$9.run(PathChildrenCache.java:786)
	at java.util.concurrent.Executors$RunnableAdapter.call(Executors.java:511)
	at java.util.concurrent.FutureTask.run(FutureTask.java:266)
	at java.util.concurrent.Executors$RunnableAdapter.call(Executors.java:511)
	at java.util.concurrent.FutureTask.run(FutureTask.java:266)
	at java.util.concurrent.ThreadPoolExecutor.runWorker(ThreadPoolExecutor.java:1149)
	at java.util.concurrent.ThreadPoolExecutor$Worker.run(ThreadPoolExecutor.java:624)
	at java.lang.Thread.run(Thread.java:748)
Heap
 def new generation   total 153600K, used 127615K [0x00000000e0c00000, 0x00000000eb2a0000, 0x00000000eb2a0000)
  eden space 136576K,  93% used [0x00000000e0c00000, 0x00000000e8865910, 0x00000000e9160000)
  from space 17024K,   1% used [0x00000000e9160000, 0x00000000e919a658, 0x00000000ea200000)
  to   space 17024K,   0% used [0x00000000ea200000, 0x00000000ea200000, 0x00000000eb2a0000)
 tenured generation   total 341376K, used 43572K [0x00000000eb2a0000, 0x0000000100000000, 0x0000000100000000)
   the space 341376K,  12% used [0x00000000eb2a0000, 0x00000000edd2d308, 0x00000000edd2d400, 0x0000000100000000)
 Metaspace       used 36070K, capacity 37038K, committed 37120K, reserved 1081344K
  class space    used 4875K, capacity 5067K, committed 5120K, reserved 1048576K
