13:05:51,633 |-INFO in ch.qos.logback.classic.LoggerContext[default] - Could NOT find resource [logback-test.xml]
13:05:51,633 |-INFO in ch.qos.logback.classic.LoggerContext[default] - Could NOT find resource [logback.groovy]
13:05:51,633 |-INFO in ch.qos.logback.classic.LoggerContext[default] - Found resource [logback.xml] at [jar:file:/root/flamestream/lib/flamestream-runtime-1.0-SNAPSHOT.jar!/logback.xml]
13:05:51,634 |-WARN in ch.qos.logback.classic.LoggerContext[default] - Resource [logback.xml] occurs multiple times on the classpath.
13:05:51,634 |-WARN in ch.qos.logback.classic.LoggerContext[default] - Resource [logback.xml] occurs at [jar:file:/root/flamestream/lib/flamestream-runtime-1.0-SNAPSHOT.jar!/logback.xml]
13:05:51,634 |-WARN in ch.qos.logback.classic.LoggerContext[default] - Resource [logback.xml] occurs at [jar:file:/root/flamestream/flamestream-runtime-1.0-SNAPSHOT.jar!/logback.xml]
13:05:51,658 |-INFO in ch.qos.logback.core.joran.spi.ConfigurationWatchList@3fb6a447 - URL [jar:file:/root/flamestream/lib/flamestream-runtime-1.0-SNAPSHOT.jar!/logback.xml] is not of type file
13:05:51,733 |-INFO in ch.qos.logback.classic.joran.action.ConfigurationAction - debug attribute not set
13:05:51,734 |-INFO in ch.qos.logback.core.joran.action.AppenderAction - About to instantiate appender of type [ch.qos.logback.core.ConsoleAppender]
13:05:51,749 |-INFO in ch.qos.logback.core.joran.action.AppenderAction - Naming appender as [STDOUT]
13:05:51,770 |-INFO in ch.qos.logback.core.joran.action.NestedComplexPropertyIA - Assuming default type [ch.qos.logback.classic.encoder.PatternLayoutEncoder] for [encoder] property
13:05:51,851 |-INFO in ch.qos.logback.core.joran.action.AppenderAction - About to instantiate appender of type [ch.qos.logback.core.rolling.RollingFileAppender]
13:05:51,856 |-INFO in ch.qos.logback.core.joran.action.AppenderAction - Naming appender as [FILE]
13:05:51,888 |-INFO in c.q.l.core.rolling.TimeBasedRollingPolicy@127618319 - No compression will be used
13:05:51,890 |-INFO in c.q.l.core.rolling.TimeBasedRollingPolicy@127618319 - Will use the pattern /tmp/application_%d{yyyy-MM-dd}.%i.log for the active file
13:05:51,893 |-INFO in ch.qos.logback.core.rolling.SizeAndTimeBasedFNATP@6b2fad11 - The date pattern is 'yyyy-MM-dd' from file name pattern '/tmp/application_%d{yyyy-MM-dd}.%i.log'.
13:05:51,893 |-INFO in ch.qos.logback.core.rolling.SizeAndTimeBasedFNATP@6b2fad11 - Roll-over at midnight.
13:05:51,898 |-INFO in ch.qos.logback.core.rolling.SizeAndTimeBasedFNATP@6b2fad11 - Setting initial period to Mon Jun 10 13:04:36 UTC 2019
13:05:51,898 |-WARN in ch.qos.logback.core.rolling.SizeAndTimeBasedFNATP@6b2fad11 - SizeAndTimeBasedFNATP is deprecated. Use SizeAndTimeBasedRollingPolicy instead
13:05:51,898 |-WARN in ch.qos.logback.core.rolling.SizeAndTimeBasedFNATP@6b2fad11 - For more information see http://logback.qos.ch/manual/appenders.html#SizeAndTimeBasedRollingPolicy
13:05:51,902 |-INFO in ch.qos.logback.core.joran.action.NestedComplexPropertyIA - Assuming default type [ch.qos.logback.classic.encoder.PatternLayoutEncoder] for [encoder] property
13:05:51,907 |-INFO in ch.qos.logback.core.rolling.RollingFileAppender[FILE] - Active log file name: /tmp/application.log
13:05:51,907 |-INFO in ch.qos.logback.core.rolling.RollingFileAppender[FILE] - File property is set to [/tmp/application.log]
13:05:51,908 |-INFO in ch.qos.logback.classic.joran.action.RootLoggerAction - Setting level of ROOT logger to WARN
13:05:51,908 |-INFO in ch.qos.logback.core.joran.action.AppenderRefAction - Attaching appender named [STDOUT] to Logger[ROOT]
13:05:51,910 |-INFO in ch.qos.logback.core.joran.action.AppenderRefAction - Attaching appender named [FILE] to Logger[ROOT]
13:05:51,910 |-INFO in ch.qos.logback.classic.joran.action.ConfigurationAction - End of configuration.
13:05:51,911 |-INFO in ch.qos.logback.classic.joran.JoranConfigurator@79698539 - Registering current configuration as safe fallback point

Ama winner
Ama winner
2019-06-10T13:05:53.193+0000: 1.748: [Full GC (Metadata GC Threshold) 2019-06-10T13:05:53.193+0000: 1.748: [Tenured: 0K->15209K(341376K), 0.0354651 secs] 114986K->15209K(494976K), [Metaspace: 20732K->20732K(1067008K)], 0.0355315 secs] [Times: user=0.03 sys=0.00, real=0.03 secs] 
13:06:10.800 [Curator-PathChildrenCache-1] WARN  o.a.c.u.ZKPaths  - The version of ZooKeeper being used doesn't support Container nodes. CreateMode.PERSISTENT will be used instead.
2019-06-10T13:06:13.118+0000: 21.673: [GC (Allocation Failure) 2019-06-10T13:06:13.118+0000: 21.673: [DefNew: 136576K->17024K(153600K), 0.0268960 secs] 151785K->52788K(494976K), 0.0269681 secs] [Times: user=0.01 sys=0.01, real=0.03 secs] 
2019-06-10T13:06:15.456+0000: 24.010: [Full GC (Metadata GC Threshold) 2019-06-10T13:06:15.456+0000: 24.010: [Tenured: 35764K->44534K(341376K), 0.0436472 secs] 88983K->44534K(494976K), [Metaspace: 34565K->34565K(1079296K)], 0.0437240 secs] [Times: user=0.04 sys=0.01, real=0.04 secs] 
2019-06-10T13:06:24.634+0000: 33.190: [GC (Allocation Failure) 2019-06-10T13:06:24.635+0000: 33.190: [DefNew: 136576K->61K(153600K), 0.0018427 secs] 181110K->44595K(494976K), 0.0030079 secs] [Times: user=0.00 sys=0.00, real=0.00 secs] 
2019-06-10T13:06:33.949+0000: 42.504: [GC (Allocation Failure) 2019-06-10T13:06:33.949+0000: 42.504: [DefNew: 136637K->62K(153600K), 0.0018336 secs] 181171K->44597K(494976K), 0.0019072 secs] [Times: user=0.00 sys=0.00, real=0.01 secs] 
2019-06-10T13:06:43.346+0000: 51.900: [GC (Allocation Failure) 2019-06-10T13:06:43.346+0000: 51.900: [DefNew: 136638K->61K(153600K), 0.0018469 secs] 181173K->44595K(494976K), 0.0019094 secs] [Times: user=0.00 sys=0.00, real=0.00 secs] 
2019-06-10T13:06:52.780+0000: 61.335: [GC (Allocation Failure) 2019-06-10T13:06:52.780+0000: 61.335: [DefNew: 136637K->247K(153600K), 0.0020716 secs] 181171K->44782K(494976K), 0.0021334 secs] [Times: user=0.00 sys=0.00, real=0.00 secs] 
2019-06-10T13:07:04.133+0000: 72.687: [GC (Allocation Failure) 2019-06-10T13:07:04.133+0000: 72.688: [DefNew: 136823K->270K(153600K), 0.0022107 secs] 181358K->44805K(494976K), 0.0022760 secs] [Times: user=0.00 sys=0.00, real=0.00 secs] 
2019-06-10T13:07:15.532+0000: 84.086: [GC (Allocation Failure) 2019-06-10T13:07:15.532+0000: 84.086: [DefNew: 136846K->153K(153600K), 0.0020270 secs] 181381K->44688K(494976K), 0.0020972 secs] [Times: user=0.00 sys=0.00, real=0.00 secs] 
13:07:35.994 [Curator-PathChildrenCache-0] ERROR o.a.c.f.r.c.PathChildrenCache  - 
java.lang.IllegalStateException: instance must be started before calling this method
	at org.apache.curator.shaded.com.google.common.base.Preconditions.checkState(Preconditions.java:444)
	at org.apache.curator.framework.imps.CuratorFrameworkImpl.getChildren(CuratorFrameworkImpl.java:456)
	at org.apache.curator.framework.recipes.cache.PathChildrenCache.refresh(PathChildrenCache.java:521)
	at org.apache.curator.framework.recipes.cache.RefreshOperation.invoke(RefreshOperation.java:35)
	at org.apache.curator.framework.recipes.cache.PathChildrenCache$9.run(PathChildrenCache.java:786)
	at java.util.concurrent.Executors$RunnableAdapter.call(Executors.java:511)
	at java.util.concurrent.FutureTask.run(FutureTask.java:266)
	at java.util.concurrent.Executors$RunnableAdapter.call(Executors.java:511)
	at java.util.concurrent.FutureTask.run(FutureTask.java:266)
	at java.util.concurrent.ThreadPoolExecutor.runWorker(ThreadPoolExecutor.java:1149)
	at java.util.concurrent.ThreadPoolExecutor$Worker.run(ThreadPoolExecutor.java:624)
	at java.lang.Thread.run(Thread.java:748)
Heap
 def new generation   total 153600K, used 133085K [0x00000000e0c00000, 0x00000000eb2a0000, 0x00000000eb2a0000)
  eden space 136576K,  97% used [0x00000000e0c00000, 0x00000000e8dd0eb8, 0x00000000e9160000)
  from space 17024K,   0% used [0x00000000ea200000, 0x00000000ea2266e0, 0x00000000eb2a0000)
  to   space 17024K,   0% used [0x00000000e9160000, 0x00000000e9160000, 0x00000000ea200000)
 tenured generation   total 341376K, used 44534K [0x00000000eb2a0000, 0x0000000100000000, 0x0000000100000000)
   the space 341376K,  13% used [0x00000000eb2a0000, 0x00000000ede1d950, 0x00000000ede1da00, 0x0000000100000000)
 Metaspace       used 36124K, capacity 37060K, committed 37376K, reserved 1081344K
  class space    used 4855K, capacity 5074K, committed 5120K, reserved 1048576K
