13:25:52,286 |-INFO in ch.qos.logback.classic.LoggerContext[default] - Could NOT find resource [logback-test.xml]
13:25:52,289 |-INFO in ch.qos.logback.classic.LoggerContext[default] - Could NOT find resource [logback.groovy]
13:25:52,289 |-INFO in ch.qos.logback.classic.LoggerContext[default] - Found resource [logback.xml] at [jar:file:/root/flamestream/lib/flamestream-runtime-1.0-SNAPSHOT.jar!/logback.xml]
13:25:52,290 |-WARN in ch.qos.logback.classic.LoggerContext[default] - Resource [logback.xml] occurs multiple times on the classpath.
13:25:52,290 |-WARN in ch.qos.logback.classic.LoggerContext[default] - Resource [logback.xml] occurs at [jar:file:/root/flamestream/lib/flamestream-runtime-1.0-SNAPSHOT.jar!/logback.xml]
13:25:52,290 |-WARN in ch.qos.logback.classic.LoggerContext[default] - Resource [logback.xml] occurs at [jar:file:/root/flamestream/flamestream-runtime-1.0-SNAPSHOT.jar!/logback.xml]
13:25:52,310 |-INFO in ch.qos.logback.core.joran.spi.ConfigurationWatchList@3fb6a447 - URL [jar:file:/root/flamestream/lib/flamestream-runtime-1.0-SNAPSHOT.jar!/logback.xml] is not of type file
13:25:52,377 |-INFO in ch.qos.logback.classic.joran.action.ConfigurationAction - debug attribute not set
13:25:52,377 |-INFO in ch.qos.logback.core.joran.action.AppenderAction - About to instantiate appender of type [ch.qos.logback.core.ConsoleAppender]
13:25:52,393 |-INFO in ch.qos.logback.core.joran.action.AppenderAction - Naming appender as [STDOUT]
13:25:52,407 |-INFO in ch.qos.logback.core.joran.action.NestedComplexPropertyIA - Assuming default type [ch.qos.logback.classic.encoder.PatternLayoutEncoder] for [encoder] property
13:25:52,510 |-INFO in ch.qos.logback.core.joran.action.AppenderAction - About to instantiate appender of type [ch.qos.logback.core.rolling.RollingFileAppender]
13:25:52,515 |-INFO in ch.qos.logback.core.joran.action.AppenderAction - Naming appender as [FILE]
13:25:52,549 |-INFO in c.q.l.core.rolling.TimeBasedRollingPolicy@127618319 - No compression will be used
13:25:52,550 |-INFO in c.q.l.core.rolling.TimeBasedRollingPolicy@127618319 - Will use the pattern /tmp/application_%d{yyyy-MM-dd}.%i.log for the active file
13:25:52,552 |-INFO in ch.qos.logback.core.rolling.SizeAndTimeBasedFNATP@6b2fad11 - The date pattern is 'yyyy-MM-dd' from file name pattern '/tmp/application_%d{yyyy-MM-dd}.%i.log'.
13:25:52,552 |-INFO in ch.qos.logback.core.rolling.SizeAndTimeBasedFNATP@6b2fad11 - Roll-over at midnight.
13:25:52,558 |-INFO in ch.qos.logback.core.rolling.SizeAndTimeBasedFNATP@6b2fad11 - Setting initial period to Mon Jun 10 13:24:33 UTC 2019
13:25:52,558 |-WARN in ch.qos.logback.core.rolling.SizeAndTimeBasedFNATP@6b2fad11 - SizeAndTimeBasedFNATP is deprecated. Use SizeAndTimeBasedRollingPolicy instead
13:25:52,558 |-WARN in ch.qos.logback.core.rolling.SizeAndTimeBasedFNATP@6b2fad11 - For more information see http://logback.qos.ch/manual/appenders.html#SizeAndTimeBasedRollingPolicy
13:25:52,561 |-INFO in ch.qos.logback.core.joran.action.NestedComplexPropertyIA - Assuming default type [ch.qos.logback.classic.encoder.PatternLayoutEncoder] for [encoder] property
13:25:52,566 |-INFO in ch.qos.logback.core.rolling.RollingFileAppender[FILE] - Active log file name: /tmp/application.log
13:25:52,566 |-INFO in ch.qos.logback.core.rolling.RollingFileAppender[FILE] - File property is set to [/tmp/application.log]
13:25:52,567 |-INFO in ch.qos.logback.classic.joran.action.RootLoggerAction - Setting level of ROOT logger to WARN
13:25:52,567 |-INFO in ch.qos.logback.core.joran.action.AppenderRefAction - Attaching appender named [STDOUT] to Logger[ROOT]
13:25:52,569 |-INFO in ch.qos.logback.core.joran.action.AppenderRefAction - Attaching appender named [FILE] to Logger[ROOT]
13:25:52,569 |-INFO in ch.qos.logback.classic.joran.action.ConfigurationAction - End of configuration.
13:25:52,570 |-INFO in ch.qos.logback.classic.joran.JoranConfigurator@79698539 - Registering current configuration as safe fallback point

Ama winner
Ama winner
2019-06-10T13:25:53.919+0000: 1.814: [Full GC (Metadata GC Threshold) 2019-06-10T13:25:53.919+0000: 1.814: [Tenured: 0K->15240K(341376K), 0.0390432 secs] 114987K->15240K(494976K), [Metaspace: 20732K->20732K(1067008K)], 0.0391111 secs] [Times: user=0.03 sys=0.01, real=0.04 secs] 
13:26:10.623 [Curator-PathChildrenCache-1] WARN  o.a.c.u.ZKPaths  - The version of ZooKeeper being used doesn't support Container nodes. CreateMode.PERSISTENT will be used instead.
2019-06-10T13:26:12.867+0000: 20.762: [GC (Allocation Failure) 2019-06-10T13:26:12.867+0000: 20.762: [DefNew: 136576K->17024K(153600K), 0.0270456 secs] 151816K->52755K(494976K), 0.0271180 secs] [Times: user=0.01 sys=0.02, real=0.02 secs] 
2019-06-10T13:26:14.275+0000: 22.170: [Full GC (Metadata GC Threshold) 2019-06-10T13:26:14.275+0000: 22.170: [Tenured: 35731K->44482K(341376K), 0.0433357 secs] 79461K->44482K(494976K), [Metaspace: 34589K->34589K(1079296K)], 0.0434121 secs] [Times: user=0.04 sys=0.00, real=0.04 secs] 
2019-06-10T13:26:21.280+0000: 29.175: [GC (Allocation Failure) 2019-06-10T13:26:21.280+0000: 29.175: [DefNew: 136576K->68K(153600K), 0.0018023 secs] 181058K->44551K(494976K), 0.0018609 secs] [Times: user=0.00 sys=0.00, real=0.00 secs] 
2019-06-10T13:26:28.242+0000: 36.138: [GC (Allocation Failure) 2019-06-10T13:26:28.242+0000: 36.138: [DefNew: 136644K->130K(153600K), 0.0018036 secs] 181127K->44613K(494976K), 0.0018653 secs] [Times: user=0.00 sys=0.00, real=0.00 secs] 
2019-06-10T13:26:35.092+0000: 42.988: [GC (Allocation Failure) 2019-06-10T13:26:35.092+0000: 42.988: [DefNew: 136706K->168K(153600K), 0.0017735 secs] 181189K->44651K(494976K), 0.0018336 secs] [Times: user=0.00 sys=0.00, real=0.00 secs] 
2019-06-10T13:26:41.944+0000: 49.839: [GC (Allocation Failure) 2019-06-10T13:26:41.944+0000: 49.839: [DefNew: 136744K->167K(153600K), 0.0017955 secs] 181227K->44650K(494976K), 0.0018542 secs] [Times: user=0.00 sys=0.00, real=0.00 secs] 
2019-06-10T13:26:48.802+0000: 56.697: [GC (Allocation Failure) 2019-06-10T13:26:48.802+0000: 56.697: [DefNew: 136743K->165K(153600K), 0.0017742 secs] 181226K->44648K(494976K), 0.0018432 secs] [Times: user=0.00 sys=0.00, real=0.00 secs] 
13:27:02.186 [Curator-PathChildrenCache-0] ERROR o.a.c.f.r.c.PathChildrenCache  - 
java.lang.IllegalStateException: instance must be started before calling this method
	at org.apache.curator.shaded.com.google.common.base.Preconditions.checkState(Preconditions.java:444)
	at org.apache.curator.framework.imps.CuratorFrameworkImpl.getChildren(CuratorFrameworkImpl.java:456)
	at org.apache.curator.framework.recipes.cache.PathChildrenCache.refresh(PathChildrenCache.java:521)
	at org.apache.curator.framework.recipes.cache.RefreshOperation.invoke(RefreshOperation.java:35)
	at org.apache.curator.framework.recipes.cache.PathChildrenCache$9.run(PathChildrenCache.java:786)
	at java.util.concurrent.Executors$RunnableAdapter.call(Executors.java:511)
	at java.util.concurrent.FutureTask.run(FutureTask.java:266)
	at java.util.concurrent.Executors$RunnableAdapter.call(Executors.java:511)
	at java.util.concurrent.FutureTask.run(FutureTask.java:266)
	at java.util.concurrent.ThreadPoolExecutor.runWorker(ThreadPoolExecutor.java:1149)
	at java.util.concurrent.ThreadPoolExecutor$Worker.run(ThreadPoolExecutor.java:624)
	at java.lang.Thread.run(Thread.java:748)
2019-06-10T13:27:02.197+0000: 70.093: [GC (Allocation Failure) 2019-06-10T13:27:02.198+0000: 70.093: [DefNew: 136741K->1128K(153600K), 0.0036826 secs] 181224K->45611K(494976K), 0.0037364 secs] [Times: user=0.01 sys=0.00, real=0.00 secs] 
Heap
 def new generation   total 153600K, used 9145K [0x00000000e0c00000, 0x00000000eb2a0000, 0x00000000eb2a0000)
  eden space 136576K,   5% used [0x00000000e0c00000, 0x00000000e13d44d8, 0x00000000e9160000)
  from space 17024K,   6% used [0x00000000ea200000, 0x00000000ea31a260, 0x00000000eb2a0000)
  to   space 17024K,   0% used [0x00000000e9160000, 0x00000000e9160000, 0x00000000ea200000)
 tenured generation   total 341376K, used 44482K [0x00000000eb2a0000, 0x0000000100000000, 0x0000000100000000)
   the space 341376K,  13% used [0x00000000eb2a0000, 0x00000000ede10bc0, 0x00000000ede10c00, 0x0000000100000000)
 Metaspace       used 36188K, capacity 37070K, committed 37376K, reserved 1081344K
  class space    used 4868K, capacity 5075K, committed 5120K, reserved 1048576K
