13:03:40,888 |-INFO in ch.qos.logback.classic.LoggerContext[default] - Could NOT find resource [logback-test.xml]
13:03:40,888 |-INFO in ch.qos.logback.classic.LoggerContext[default] - Could NOT find resource [logback.groovy]
13:03:40,888 |-INFO in ch.qos.logback.classic.LoggerContext[default] - Found resource [logback.xml] at [jar:file:/home/ubuntu/flamestream/lib/flamestream-runtime-1.0-SNAPSHOT.jar!/logback.xml]
13:03:40,889 |-WARN in ch.qos.logback.classic.LoggerContext[default] - Resource [logback.xml] occurs multiple times on the classpath.
13:03:40,889 |-WARN in ch.qos.logback.classic.LoggerContext[default] - Resource [logback.xml] occurs at [jar:file:/home/ubuntu/flamestream/flamestream-runtime-1.0-SNAPSHOT.jar!/logback.xml]
13:03:40,889 |-WARN in ch.qos.logback.classic.LoggerContext[default] - Resource [logback.xml] occurs at [jar:file:/home/ubuntu/flamestream/lib/flamestream-runtime-1.0-SNAPSHOT.jar!/logback.xml]
13:03:40,904 |-INFO in ch.qos.logback.core.joran.spi.ConfigurationWatchList@4678c730 - URL [jar:file:/home/ubuntu/flamestream/lib/flamestream-runtime-1.0-SNAPSHOT.jar!/logback.xml] is not of type file
13:03:40,963 |-INFO in ch.qos.logback.classic.joran.action.ConfigurationAction - debug attribute not set
13:03:40,964 |-INFO in ch.qos.logback.core.joran.action.AppenderAction - About to instantiate appender of type [ch.qos.logback.core.ConsoleAppender]
13:03:40,978 |-INFO in ch.qos.logback.core.joran.action.AppenderAction - Naming appender as [STDOUT]
13:03:40,993 |-INFO in ch.qos.logback.core.joran.action.NestedComplexPropertyIA - Assuming default type [ch.qos.logback.classic.encoder.PatternLayoutEncoder] for [encoder] property
13:03:41,071 |-INFO in ch.qos.logback.core.joran.action.AppenderAction - About to instantiate appender of type [ch.qos.logback.core.rolling.RollingFileAppender]
13:03:41,079 |-INFO in ch.qos.logback.core.joran.action.AppenderAction - Naming appender as [FILE]
13:03:41,115 |-INFO in c.q.l.core.rolling.TimeBasedRollingPolicy@1734853116 - No compression will be used
13:03:41,121 |-INFO in c.q.l.core.rolling.TimeBasedRollingPolicy@1734853116 - Will use the pattern /tmp/application_%d{yyyy-MM-dd}.%i.log for the active file
13:03:41,125 |-INFO in ch.qos.logback.core.rolling.SizeAndTimeBasedFNATP@29ee9faa - The date pattern is 'yyyy-MM-dd' from file name pattern '/tmp/application_%d{yyyy-MM-dd}.%i.log'.
13:03:41,125 |-INFO in ch.qos.logback.core.rolling.SizeAndTimeBasedFNATP@29ee9faa - Roll-over at midnight.
13:03:41,131 |-INFO in ch.qos.logback.core.rolling.SizeAndTimeBasedFNATP@29ee9faa - Setting initial period to Sat Oct 05 12:57:36 UTC 2019
13:03:41,131 |-WARN in ch.qos.logback.core.rolling.SizeAndTimeBasedFNATP@29ee9faa - SizeAndTimeBasedFNATP is deprecated. Use SizeAndTimeBasedRollingPolicy instead
13:03:41,131 |-WARN in ch.qos.logback.core.rolling.SizeAndTimeBasedFNATP@29ee9faa - For more information see http://logback.qos.ch/manual/appenders.html#SizeAndTimeBasedRollingPolicy
13:03:41,135 |-INFO in ch.qos.logback.core.joran.action.NestedComplexPropertyIA - Assuming default type [ch.qos.logback.classic.encoder.PatternLayoutEncoder] for [encoder] property
13:03:41,139 |-INFO in ch.qos.logback.core.rolling.RollingFileAppender[FILE] - Active log file name: /tmp/application.log
13:03:41,139 |-INFO in ch.qos.logback.core.rolling.RollingFileAppender[FILE] - File property is set to [/tmp/application.log]
13:03:41,140 |-INFO in ch.qos.logback.classic.joran.action.RootLoggerAction - Setting level of ROOT logger to INFO
13:03:41,140 |-INFO in ch.qos.logback.core.joran.action.AppenderRefAction - Attaching appender named [STDOUT] to Logger[ROOT]
13:03:41,141 |-INFO in ch.qos.logback.core.joran.action.AppenderRefAction - Attaching appender named [FILE] to Logger[ROOT]
13:03:41,141 |-INFO in ch.qos.logback.classic.joran.action.ConfigurationAction - End of configuration.
13:03:41,141 |-INFO in ch.qos.logback.classic.joran.JoranConfigurator@c038203 - Registering current configuration as safe fallback point

13:03:41.148 [main] INFO  c.s.f.r.WorkerApplication  - Starting worker with workerConfig 'WorkerConfig{id='flamestream-benchmarks-worker-1', localAddress=flamestream-benchmarks-worker-1/10.0.0.222:5412, zkString='flamestream-benchmarks-manager:12181', snapshotPath='/home/ubuntu/flamestream/data', guarantees=AT_MOST_ONCE}'
13:03:42.418 [worker-akka.actor.default-dispatcher-6] INFO  a.e.s.Slf4jLogger  - Slf4jLogger started
2019-10-05T13:03:42.558+0000: 1.982: [Full GC (Metadata GC Threshold) 2019-10-05T13:03:42.558+0000: 1.982: [Tenured: 0K->13625K(1024000K), 0.0452411 secs] 139464K->13625K(1484800K), [Metaspace: 20228K->20228K(1067008K)], 0.0453337 secs] [Times: user=0.04 sys=0.01, real=0.05 secs] 
13:03:42.695 [worker-akka.actor.default-dispatcher-6] WARN  a.r.RemoteActorRefProvider akka.remote.RemoteActorRefProvider - Using the 'remote' ActorRefProvider directly, which is a low-level layer. For most use cases, the 'cluster' abstraction on top of remoting is more suitable instead.
13:03:42.700 [worker-akka.actor.default-dispatcher-6] WARN  a.r.RemoteActorRefProvider akka.remote.RemoteActorRefProvider - Akka Cluster not in use - Using Akka Cluster is recommended if you need remote watch and deploy.
13:03:42.804 [worker-akka.actor.default-dispatcher-6] INFO  a.r.a.a.ArteryAeronUdpTransport(akka://worker) akka.remote.artery.aeron.ArteryAeronUdpTransport(akka://worker) - Started embedded media driver in directory [/dev/shm/aeron-flamestream-benchmarks-worker-1]
13:03:42.831 [worker-akka.actor.default-dispatcher-6] WARN  a.r.a.a.ArteryAeronUdpTransport(akka://worker) akka.remote.artery.aeron.ArteryAeronUdpTransport(akka://worker) - Aeron CnC version mismatch: compiled version = 15, file version = 16
13:03:43.051 [worker-akka.actor.default-dispatcher-6] INFO  a.r.a.a.ArteryAeronUdpTransport(akka://worker) akka.remote.artery.aeron.ArteryAeronUdpTransport(akka://worker) - Remoting started with transport [Artery aeron-udp]; listening on address [akka://worker@flamestream-benchmarks-worker-1:5412] and bound to [akka://worker@0.0.0.0:5412] with UID [6056257726179538416]
13:03:43.582 [worker-akka.actor.default-dispatcher-6] WARN  a.s.Serialization(akka://worker) akka.serialization.Serialization(akka://worker) - Using serializer [com.romix.akka.serialization.kryo.KryoSerializer] for message [akka.actor.ActorSelectionMessage]. Note that this serializer is not implemented by Akka. It's not recommended to replace serializers for messages provided by Akka.
13:03:43.583 [worker-akka.actor.default-dispatcher-6] WARN  a.s.Serialization(akka://worker) akka.serialization.Serialization(akka://worker) - Using serializer [com.romix.akka.serialization.kryo.KryoSerializer] for message [akka.actor.ActorIdentity]. Note that this serializer is not implemented by Akka. It's not recommended to replace serializers for messages provided by Akka.
13:03:43.628 [worker-akka.actor.default-dispatcher-9] INFO  a.a.RepointableActorRef akka://worker/user/watcher - Starting...
13:03:43.736 [worker-akka.actor.default-dispatcher-6] INFO  o.a.c.u.Compatibility  - Running in ZooKeeper 3.4.x compatibility mode
13:03:43.787 [worker-akka.actor.default-dispatcher-6] INFO  o.a.c.f.i.CuratorFrameworkImpl  - Starting
13:03:43.807 [worker-akka.actor.default-dispatcher-6] INFO  o.a.z.ZooKeeper  - Client environment:zookeeper.version=3.4.14-4c25d480e66aadd371de8bd2fd8da255ac140bcf, built on 03/06/2019 16:18 GMT
13:03:43.808 [worker-akka.actor.default-dispatcher-6] INFO  o.a.z.ZooKeeper  - Client environment:host.name=flamestream-benchmarks-worker-1
13:03:43.808 [worker-akka.actor.default-dispatcher-6] INFO  o.a.z.ZooKeeper  - Client environment:java.version=1.8.0_222
13:03:43.809 [worker-akka.actor.default-dispatcher-6] INFO  o.a.z.ZooKeeper  - Client environment:java.vendor=Private Build
13:03:43.811 [worker-akka.actor.default-dispatcher-6] INFO  o.a.z.ZooKeeper  - Client environment:java.home=/usr/lib/jvm/java-8-openjdk-amd64/jre
13:03:43.812 [worker-akka.actor.default-dispatcher-6] INFO  o.a.z.ZooKeeper  - Client environment:java.class.path=lib/curator-framework-4.0.1.jar:lib/commons-csv-1.4.jar:lib/aeron-client-1.21.2.jar:lib/scala-library-2.12.9.jar:lib/asm-5.0.4.jar:lib/agrona-1.0.1.jar:lib/curator-recipes-4.0.1.jar:lib/akka-testkit_2.12-2.6.0-M6.jar:lib/flamestream-runtime-1.0-SNAPSHOT.jar:lib/slf4j-simple-2.0.0-alpha1.jar:lib/jsr305-3.0.2.jar:lib/trove4j-3.0.3.jar:lib/flamestream-core-1.0-SNAPSHOT.jar:lib/commons-io-2.4.jar:lib/minlog-1.3.0.jar:lib/kryonet-2.21.jar:lib/commons-1.4.9.jar:lib/jline-0.9.94.jar:lib/akka-remote_2.12-2.6.0-M6.jar:lib/leveldbjni-all-1.8.jar:lib/lz4-1.3.0.jar:lib/slf4j-api-1.7.24.jar:lib/scala-parser-combinators_2.12-1.1.2.jar:lib/flamestream-core-1.0-SNAPSHOT-tests.jar:lib/logback-core-1.2.3.jar:lib/netty-3.10.6.Final.jar:lib/protobuf-java-3.9.0.jar:lib/minlog-1.2.jar:lib/leveldb-api-0.7.jar:lib/jool-0.9.12.jar:lib/commons-cli-1.4.jar:lib/jblas-1.2.4.jar:lib/reflectasm-1.11.3.jar:lib/reflectasm-1.07-shaded.jar:lib/audience-annotations-0.5.0.jar:lib/jackson-annotations-2.9.6.jar:lib/commons-lang-2.6.jar:lib/ssl-config-core_2.12-0.3.8.jar:lib/annotations-13.0.jar:lib/logback-classic-1.2.3.jar:lib/guava-21.0.jar:lib/reactive-streams-1.0.2.jar:lib/spotbugs-annotations-3.1.9.jar:lib/leveldb-0.7.jar:lib/commons-pool2-2.4.2.jar:lib/rocksdbjni-5.5.1.jar:lib/jackson-core-2.9.9.jar:lib/jackson-databind-2.9.9.2.jar:lib/akka-protobuf-v3_2.12-2.6.0-M6.jar:lib/jackson-annotations-2.9.0.jar:lib/flamestream-examples-1.0-SNAPSHOT.jar:lib/objenesis-2.1.jar:lib/akka-kryo-serialization_2.12-0.5.2.jar:lib/scala-java8-compat_2.12-0.8.0.jar:lib/zookeeper-3.4.14.jar:lib/akka-slf4j_2.12-2.6.0-M6.jar:lib/kryo-4.0.0.jar:lib/akka-stream_2.12-2.6.0-M6.jar:lib/aeron-driver-1.21.2.jar:lib/config-1.3.1.jar:lib/annotations-12.0.jar:lib/jedis-2.9.0.jar:lib/jcommander-1.48.jar:lib/testng-6.10.jar:lib/akka-actor_2.12-2.6.0-M6.jar:lib/curator-client-4.0.1.jar:flamestream-runtime-1.0-SNAPSHOT.jar
13:03:43.814 [worker-akka.actor.default-dispatcher-6] INFO  o.a.z.ZooKeeper  - Client environment:java.library.path=/usr/java/packages/lib/amd64:/usr/lib/x86_64-linux-gnu/jni:/lib/x86_64-linux-gnu:/usr/lib/x86_64-linux-gnu:/usr/lib/jni:/lib:/usr/lib
13:03:43.815 [worker-akka.actor.default-dispatcher-6] INFO  o.a.z.ZooKeeper  - Client environment:java.io.tmpdir=/tmp
13:03:43.815 [worker-akka.actor.default-dispatcher-6] INFO  o.a.z.ZooKeeper  - Client environment:java.compiler=<NA>
13:03:43.815 [worker-akka.actor.default-dispatcher-6] INFO  o.a.z.ZooKeeper  - Client environment:os.name=Linux
13:03:43.816 [worker-akka.actor.default-dispatcher-6] INFO  o.a.z.ZooKeeper  - Client environment:os.arch=amd64
13:03:43.816 [worker-akka.actor.default-dispatcher-6] INFO  o.a.z.ZooKeeper  - Client environment:os.version=4.15.0-1040-gcp
13:03:43.817 [worker-akka.actor.default-dispatcher-6] INFO  o.a.z.ZooKeeper  - Client environment:user.name=ubuntu
13:03:43.817 [worker-akka.actor.default-dispatcher-6] INFO  o.a.z.ZooKeeper  - Client environment:user.home=/home/ubuntu
13:03:43.817 [worker-akka.actor.default-dispatcher-6] INFO  o.a.z.ZooKeeper  - Client environment:user.dir=/home/ubuntu/flamestream
13:03:43.820 [worker-akka.actor.default-dispatcher-6] INFO  o.a.z.ZooKeeper  - Initiating client connection, connectString=flamestream-benchmarks-manager:12181 sessionTimeout=60000 watcher=org.apache.curator.ConnectionState@831da6f
13:03:43.863 [worker-akka.actor.default-dispatcher-6-SendThread(flamestream-benchmarks-manager:12181)] INFO  o.a.z.ClientCnxn  - Opening socket connection to server flamestream-benchmarks-manager/10.0.0.2:12181. Will not attempt to authenticate using SASL (unknown error)
13:03:43.864 [worker-akka.actor.default-dispatcher-6] INFO  o.a.c.f.i.CuratorFrameworkImpl  - Default schema
13:03:43.869 [worker-akka.actor.default-dispatcher-6-SendThread(flamestream-benchmarks-manager:12181)] INFO  o.a.z.ClientCnxn  - Socket connection established to flamestream-benchmarks-manager/10.0.0.2:12181, initiating session
13:03:43.899 [worker-akka.actor.default-dispatcher-6-SendThread(flamestream-benchmarks-manager:12181)] INFO  o.a.z.ClientCnxn  - Session establishment complete on server flamestream-benchmarks-manager/10.0.0.2:12181, sessionid = 0x10000a10fd90000, negotiated timeout = 60000
13:03:43.906 [worker-akka.actor.default-dispatcher-6-EventThread] INFO  o.a.c.f.s.ConnectionStateManager  - State change: CONNECTED
13:03:43.908 [worker-akka.actor.default-dispatcher-9] INFO  a.a.RepointableActorRef akka://worker/user/watcher - Initializing rocksDB backend
13:03:44.351 [Curator-PathChildrenCache-0] WARN  o.a.c.u.ZKPaths  - The version of ZooKeeper being used doesn't support Container nodes. CreateMode.PERSISTENT will be used instead.
2019-10-05T13:03:44.475+0000: 3.899: [Full GC (Metadata GC Threshold) 2019-10-05T13:03:44.475+0000: 3.899: [Tenured: 13625K->25938K(1024000K), 0.0563598 secs] 161116K->25938K(1484800K), [Metaspace: 33691K->33691K(1079296K)], 0.0564536 secs] [Times: user=0.05 sys=0.01, real=0.05 secs] 
13:03:44.603 [worker-akka.actor.default-dispatcher-6] INFO  a.a.LocalActorRef akka://worker/user/watcher/processing-watcher - Starting...
13:03:44.629 [worker-akka.actor.default-dispatcher-9] INFO  a.a.LocalActorRef akka://worker/user/watcher/acker - Starting...
13:04:21.018 [worker-akka.actor.default-dispatcher-11] INFO  a.a.LocalActorRef akka://worker/user/watcher/processing-watcher/$a - Starting...
13:04:21.033 [worker-akka.actor.default-dispatcher-6] INFO  a.a.LocalActorRef akka://worker/user/watcher/processing-watcher/$a - Stopped
13:04:27.357 [worker-akka.actor.default-dispatcher-11] INFO  a.a.LocalActorRef akka://worker/user/watcher/processing-watcher/$d/$a - Starting...
13:04:27.365 [worker-akka.actor.default-dispatcher-6] INFO  a.a.LocalActorRef akka://worker/user/watcher/processing-watcher/$d - Starting...
13:04:32.944 [worker-akka.actor.default-dispatcher-12] INFO  a.a.LocalActorRef akka://worker/user/watcher/processing-watcher/graph/graph - Starting...
13:04:36.744 [worker-akka.actor.default-dispatcher-9] INFO  a.a.LocalActorRef akka://worker/user/watcher/processing-watcher/graph/graph - Finishing constructor
13:04:36.748 [worker-akka.actor.default-dispatcher-11] INFO  a.a.LocalActorRef akka://worker/user/watcher/processing-watcher/graph/negotiator - Starting...
13:04:36.751 [worker-akka.actor.default-dispatcher-11] INFO  a.a.LocalActorRef akka://worker/user/watcher/processing-watcher/graph/edge - Starting...
13:04:36.754 [worker-akka.actor.default-dispatcher-9] INFO  a.a.LocalActorRef akka://worker/user/watcher/processing-watcher/graph - Starting FlameNode with config 'ClusterConfig{paths={flamestream-benchmarks-worker-85=akka://worker@flamestream-benchmarks-worker-85:5412/user/watcher/processing-watcher/graph, flamestream-benchmarks-worker-84=akka://worker@flamestream-benchmarks-worker-84:5412/user/watcher/processing-watcher/graph, flamestream-benchmarks-worker-83=akka://worker@flamestream-benchmarks-worker-83:5412/user/watcher/processing-watcher/graph, flamestream-benchmarks-worker-82=akka://worker@flamestream-benchmarks-worker-82:5412/user/watcher/processing-watcher/graph, flamestream-benchmarks-worker-81=akka://worker@flamestream-benchmarks-worker-81:5412/user/watcher/processing-watcher/graph, flamestream-benchmarks-worker-80=akka://worker@flamestream-benchmarks-worker-80:5412/user/watcher/processing-watcher/graph, flamestream-benchmarks-worker-1=akka://worker@flamestream-benchmarks-worker-1:5412/user/watcher/processing-watcher/graph, flamestream-benchmarks-worker-0=akka://worker@flamestream-benchmarks-worker-0:5412/user/watcher/processing-watcher/graph, flamestream-benchmarks-worker-89=akka://worker@flamestream-benchmarks-worker-89:5412/user/watcher/processing-watcher/graph, flamestream-benchmarks-worker-88=akka://worker@flamestream-benchmarks-worker-88:5412/user/watcher/processing-watcher/graph, flamestream-benchmarks-worker-87=akka://worker@flamestream-benchmarks-worker-87:5412/user/watcher/processing-watcher/graph, flamestream-benchmarks-worker-86=akka://worker@flamestream-benchmarks-worker-86:5412/user/watcher/processing-watcher/graph, flamestream-benchmarks-worker-96=akka://worker@flamestream-benchmarks-worker-96:5412/user/watcher/processing-watcher/graph, flamestream-benchmarks-worker-95=akka://worker@flamestream-benchmarks-worker-95:5412/user/watcher/processing-watcher/graph, flamestream-benchmarks-worker-94=akka://worker@flamestream-benchmarks-worker-94:5412/user/watcher/processing-watcher/graph, flamestream-benchmarks-worker-93=akka://worker@flamestream-benchmarks-worker-93:5412/user/watcher/processing-watcher/graph, flamestream-benchmarks-worker-92=akka://worker@flamestream-benchmarks-worker-92:5412/user/watcher/processing-watcher/graph, flamestream-benchmarks-worker-91=akka://worker@flamestream-benchmarks-worker-91:5412/user/watcher/processing-watcher/graph, flamestream-benchmarks-worker-90=akka://worker@flamestream-benchmarks-worker-90:5412/user/watcher/processing-watcher/graph, flamestream-benchmarks-worker-9=akka://worker@flamestream-benchmarks-worker-9:5412/user/watcher/processing-watcher/graph, flamestream-benchmarks-worker-8=akka://worker@flamestream-benchmarks-worker-8:5412/user/watcher/processing-watcher/graph, flamestream-benchmarks-worker-7=akka://worker@flamestream-benchmarks-worker-7:5412/user/watcher/processing-watcher/graph, flamestream-benchmarks-worker-6=akka://worker@flamestream-benchmarks-worker-6:5412/user/watcher/processing-watcher/graph, flamestream-benchmarks-worker-5=akka://worker@flamestream-benchmarks-worker-5:5412/user/watcher/processing-watcher/graph, flamestream-benchmarks-worker-19=akka://worker@flamestream-benchmarks-worker-19:5412/user/watcher/processing-watcher/graph, flamestream-benchmarks-worker-4=akka://worker@flamestream-benchmarks-worker-4:5412/user/watcher/processing-watcher/graph, flamestream-benchmarks-worker-18=akka://worker@flamestream-benchmarks-worker-18:5412/user/watcher/processing-watcher/graph, flamestream-benchmarks-worker-3=akka://worker@flamestream-benchmarks-worker-3:5412/user/watcher/processing-watcher/graph, flamestream-benchmarks-worker-17=akka://worker@flamestream-benchmarks-worker-17:5412/user/watcher/processing-watcher/graph, flamestream-benchmarks-worker-2=akka://worker@flamestream-benchmarks-worker-2:5412/user/watcher/processing-watcher/graph, flamestream-benchmarks-worker-16=akka://worker@flamestream-benchmarks-worker-16:5412/user/watcher/processing-watcher/graph, flamestream-benchmarks-worker-15=akka://worker@flamestream-benchmarks-worker-15:5412/user/watcher/processing-watcher/graph, flamestream-benchmarks-worker-14=akka://worker@flamestream-benchmarks-worker-14:5412/user/watcher/processing-watcher/graph, flamestream-benchmarks-worker-13=akka://worker@flamestream-benchmarks-worker-13:5412/user/watcher/processing-watcher/graph, flamestream-benchmarks-worker-12=akka://worker@flamestream-benchmarks-worker-12:5412/user/watcher/processing-watcher/graph, flamestream-benchmarks-worker-99=akka://worker@flamestream-benchmarks-worker-99:5412/user/watcher/processing-watcher/graph, flamestream-benchmarks-worker-11=akka://worker@flamestream-benchmarks-worker-11:5412/user/watcher/processing-watcher/graph, flamestream-benchmarks-worker-98=akka://worker@flamestream-benchmarks-worker-98:5412/user/watcher/processing-watcher/graph, flamestream-benchmarks-worker-10=akka://worker@flamestream-benchmarks-worker-10:5412/user/watcher/processing-watcher/graph, flamestream-benchmarks-worker-97=akka://worker@flamestream-benchmarks-worker-97:5412/user/watcher/processing-watcher/graph, flamestream-benchmarks-worker-63=akka://worker@flamestream-benchmarks-worker-63:5412/user/watcher/processing-watcher/graph, flamestream-benchmarks-worker-62=akka://worker@flamestream-benchmarks-worker-62:5412/user/watcher/processing-watcher/graph, flamestream-benchmarks-worker-61=akka://worker@flamestream-benchmarks-worker-61:5412/user/watcher/processing-watcher/graph, flamestream-benchmarks-worker-60=akka://worker@flamestream-benchmarks-worker-60:5412/user/watcher/processing-watcher/graph, flamestream-benchmarks-worker-69=akka://worker@flamestream-benchmarks-worker-69:5412/user/watcher/processing-watcher/graph, flamestream-benchmarks-worker-68=akka://worker@flamestream-benchmarks-worker-68:5412/user/watcher/processing-watcher/graph, flamestream-benchmarks-worker-67=akka://worker@flamestream-benchmarks-worker-67:5412/user/watcher/processing-watcher/graph, flamestream-benchmarks-worker-66=akka://worker@flamestream-benchmarks-worker-66:5412/user/watcher/processing-watcher/graph, flamestream-benchmarks-worker-65=akka://worker@flamestream-benchmarks-worker-65:5412/user/watcher/processing-watcher/graph, flamestream-benchmarks-worker-64=akka://worker@flamestream-benchmarks-worker-64:5412/user/watcher/processing-watcher/graph, flamestream-benchmarks-worker-74=akka://worker@flamestream-benchmarks-worker-74:5412/user/watcher/processing-watcher/graph, flamestream-benchmarks-worker-73=akka://worker@flamestream-benchmarks-worker-73:5412/user/watcher/processing-watcher/graph, flamestream-benchmarks-worker-72=akka://worker@flamestream-benchmarks-worker-72:5412/user/watcher/processing-watcher/graph, flamestream-benchmarks-worker-71=akka://worker@flamestream-benchmarks-worker-71:5412/user/watcher/processing-watcher/graph, flamestream-benchmarks-worker-70=akka://worker@flamestream-benchmarks-worker-70:5412/user/watcher/processing-watcher/graph, flamestream-benchmarks-worker-79=akka://worker@flamestream-benchmarks-worker-79:5412/user/watcher/processing-watcher/graph, flamestream-benchmarks-worker-78=akka://worker@flamestream-benchmarks-worker-78:5412/user/watcher/processing-watcher/graph, flamestream-benchmarks-worker-77=akka://worker@flamestream-benchmarks-worker-77:5412/user/watcher/processing-watcher/graph, flamestream-benchmarks-worker-76=akka://worker@flamestream-benchmarks-worker-76:5412/user/watcher/processing-watcher/graph, flamestream-benchmarks-worker-75=akka://worker@flamestream-benchmarks-worker-75:5412/user/watcher/processing-watcher/graph, flamestream-benchmarks-worker-41=akka://worker@flamestream-benchmarks-worker-41:5412/user/watcher/processing-watcher/graph, flamestream-benchmarks-worker-40=akka://worker@flamestream-benchmarks-worker-40:5412/user/watcher/processing-watcher/graph, flamestream-benchmarks-worker-49=akka://worker@flamestream-benchmarks-worker-49:5412/user/watcher/processing-watcher/graph, flamestream-benchmarks-worker-48=akka://worker@flamestream-benchmarks-worker-48:5412/user/watcher/processing-watcher/graph, flamestream-benchmarks-worker-47=akka://worker@flamestream-benchmarks-worker-47:5412/user/watcher/processing-watcher/graph, flamestream-benchmarks-worker-46=akka://worker@flamestream-benchmarks-worker-46:5412/user/watcher/processing-watcher/graph, flamestream-benchmarks-worker-45=akka://worker@flamestream-benchmarks-worker-45:5412/user/watcher/processing-watcher/graph, flamestream-benchmarks-worker-44=akka://worker@flamestream-benchmarks-worker-44:5412/user/watcher/processing-watcher/graph, flamestream-benchmarks-worker-43=akka://worker@flamestream-benchmarks-worker-43:5412/user/watcher/processing-watcher/graph, flamestream-benchmarks-worker-42=akka://worker@flamestream-benchmarks-worker-42:5412/user/watcher/processing-watcher/graph, flamestream-benchmarks-worker-52=akka://worker@flamestream-benchmarks-worker-52:5412/user/watcher/processing-watcher/graph, flamestream-benchmarks-worker-51=akka://worker@flamestream-benchmarks-worker-51:5412/user/watcher/processing-watcher/graph, flamestream-benchmarks-worker-50=akka://worker@flamestream-benchmarks-worker-50:5412/user/watcher/processing-watcher/graph, flamestream-benchmarks-worker-59=akka://worker@flamestream-benchmarks-worker-59:5412/user/watcher/processing-watcher/graph, flamestream-benchmarks-worker-58=akka://worker@flamestream-benchmarks-worker-58:5412/user/watcher/processing-watcher/graph, flamestream-benchmarks-worker-57=akka://worker@flamestream-benchmarks-worker-57:5412/user/watcher/processing-watcher/graph, flamestream-benchmarks-worker-56=akka://worker@flamestream-benchmarks-worker-56:5412/user/watcher/processing-watcher/graph, flamestream-benchmarks-worker-55=akka://worker@flamestream-benchmarks-worker-55:5412/user/watcher/processing-watcher/graph, flamestream-benchmarks-worker-54=akka://worker@flamestream-benchmarks-worker-54:5412/user/watcher/processing-watcher/graph, flamestream-benchmarks-worker-53=akka://worker@flamestream-benchmarks-worker-53:5412/user/watcher/processing-watcher/graph, flamestream-benchmarks-worker-29=akka://worker@flamestream-benchmarks-worker-29:5412/user/watcher/processing-watcher/graph, flamestream-benchmarks-worker-28=akka://worker@flamestream-benchmarks-worker-28:5412/user/watcher/processing-watcher/graph, flamestream-benchmarks-worker-27=akka://worker@flamestream-benchmarks-worker-27:5412/user/watcher/processing-watcher/graph, flamestream-benchmarks-worker-26=akka://worker@flamestream-benchmarks-worker-26:5412/user/watcher/processing-watcher/graph, flamestream-benchmarks-worker-25=akka://worker@flamestream-benchmarks-worker-25:5412/user/watcher/processing-watcher/graph, flamestream-benchmarks-worker-24=akka://worker@flamestream-benchmarks-worker-24:5412/user/watcher/processing-watcher/graph, flamestream-benchmarks-worker-23=akka://worker@flamestream-benchmarks-worker-23:5412/user/watcher/processing-watcher/graph, flamestream-benchmarks-worker-22=akka://worker@flamestream-benchmarks-worker-22:5412/user/watcher/processing-watcher/graph, flamestream-benchmarks-worker-21=akka://worker@flamestream-benchmarks-worker-21:5412/user/watcher/processing-watcher/graph, flamestream-benchmarks-worker-20=akka://worker@flamestream-benchmarks-worker-20:5412/user/watcher/processing-watcher/graph, flamestream-benchmarks-worker-30=akka://worker@flamestream-benchmarks-worker-30:5412/user/watcher/processing-watcher/graph, flamestream-benchmarks-worker-39=akka://worker@flamestream-benchmarks-worker-39:5412/user/watcher/processing-watcher/graph, flamestream-benchmarks-worker-38=akka://worker@flamestream-benchmarks-worker-38:5412/user/watcher/processing-watcher/graph, flamestream-benchmarks-worker-37=akka://worker@flamestream-benchmarks-worker-37:5412/user/watcher/processing-watcher/graph, flamestream-benchmarks-worker-36=akka://worker@flamestream-benchmarks-worker-36:5412/user/watcher/processing-watcher/graph, flamestream-benchmarks-worker-35=akka://worker@flamestream-benchmarks-worker-35:5412/user/watcher/processing-watcher/graph, flamestream-benchmarks-worker-34=akka://worker@flamestream-benchmarks-worker-34:5412/user/watcher/processing-watcher/graph, flamestream-benchmarks-worker-33=akka://worker@flamestream-benchmarks-worker-33:5412/user/watcher/processing-watcher/graph, flamestream-benchmarks-worker-32=akka://worker@flamestream-benchmarks-worker-32:5412/user/watcher/processing-watcher/graph, flamestream-benchmarks-worker-31=akka://worker@flamestream-benchmarks-worker-31:5412/user/watcher/processing-watcher/graph}}'
13:04:36.783 [worker-akka.actor.default-dispatcher-6] INFO  a.a.LocalActorRef akka://worker/user/watcher/processing-watcher/graph/negotiator - Requesting ticket for the frontClass FlameSocketGraphDeployerFront@flamestream-benchmarks-worker-1
13:04:36.791 [worker-akka.actor.default-dispatcher-6] INFO  a.a.LocalActorRef akka://worker/user/watcher/processing-watcher/graph/graph - Received last commit 'LastCommit{globalTime=(0000000, min@min)}'
13:04:36.853 [worker-akka.actor.default-dispatcher-11] INFO  c.s.f.r.e.s.SocketRear  - FlameSocketGraphDeployerRear@flamestream-benchmarks-worker-1: connecting to flamestream-benchmarks-manager:5678
13:04:36.881 [worker-akka.actor.default-dispatcher-15] INFO  a.a.LocalActorRef akka://worker/user/watcher/processing-watcher/graph/edge/FlameSocketGraphDeployerFront - Starting...
13:04:36.886 [worker-akka.actor.default-dispatcher-11] INFO  c.s.f.r.e.s.SocketRear  - FlameSocketGraphDeployerRear@flamestream-benchmarks-worker-1: connected to flamestream-benchmarks-manager:5678
13:04:36.887 [worker-akka.actor.default-dispatcher-11] INFO  a.a.LocalActorRef akka://worker/user/watcher/processing-watcher/graph/edge/FlameSocketGraphDeployerRear - Starting...
13:04:37.058 [worker-akka.actor.default-dispatcher-17] INFO  a.a.LocalActorRef akka://worker/user/watcher/processing-watcher/graph/graph/$a - Starting...
13:04:37.060 [worker-akka.actor.default-dispatcher-17] INFO  a.a.LocalActorRef akka://worker/user/watcher/processing-watcher/graph/graph/$b - Starting...
13:04:37.062 [worker-akka.actor.default-dispatcher-17] INFO  a.a.LocalActorRef akka://worker/user/watcher/processing-watcher/graph/graph/$c - Starting...
13:04:37.064 [worker-akka.actor.default-dispatcher-17] INFO  a.a.LocalActorRef akka://worker/user/watcher/processing-watcher/graph/graph/$d - Starting...
13:04:37.066 [worker-akka.actor.default-dispatcher-17] INFO  a.a.LocalActorRef akka://worker/user/watcher/processing-watcher/graph/graph/$e - Starting...
13:04:37.068 [worker-akka.actor.default-dispatcher-17] INFO  a.a.LocalActorRef akka://worker/user/watcher/processing-watcher/graph/graph/$f - Starting...
13:04:37.070 [worker-akka.actor.default-dispatcher-17] INFO  a.a.LocalActorRef akka://worker/user/watcher/processing-watcher/graph/graph/$g - Starting...
13:04:37.075 [worker-akka.actor.default-dispatcher-17] INFO  a.a.LocalActorRef akka://worker/user/watcher/processing-watcher/graph/graph/$h - Starting...
13:04:37.076 [worker-akka.actor.default-dispatcher-17] INFO  a.a.LocalActorRef akka://worker/user/watcher/processing-watcher/graph/graph/$i - Starting...
13:04:37.078 [worker-akka.actor.default-dispatcher-17] INFO  a.a.LocalActorRef akka://worker/user/watcher/processing-watcher/graph/graph/$j - Starting...
13:04:37.080 [worker-akka.actor.default-dispatcher-17] INFO  a.a.LocalActorRef akka://worker/user/watcher/processing-watcher/graph/graph/$k - Starting...
13:04:37.081 [worker-akka.actor.default-dispatcher-17] INFO  a.a.LocalActorRef akka://worker/user/watcher/processing-watcher/graph/graph/$l - Starting...
13:04:37.083 [worker-akka.actor.default-dispatcher-17] INFO  a.a.LocalActorRef akka://worker/user/watcher/processing-watcher/graph/graph/$m - Starting...
13:04:37.084 [worker-akka.actor.default-dispatcher-17] INFO  a.a.LocalActorRef akka://worker/user/watcher/processing-watcher/graph/graph/$n - Starting...
13:04:37.086 [worker-akka.actor.default-dispatcher-17] INFO  a.a.LocalActorRef akka://worker/user/watcher/processing-watcher/graph/graph/$o - Starting...
13:04:37.089 [worker-akka.actor.default-dispatcher-17] INFO  a.a.LocalActorRef akka://worker/user/watcher/processing-watcher/graph/graph/$p - Starting...
13:04:37.091 [worker-akka.actor.default-dispatcher-17] INFO  a.a.LocalActorRef akka://worker/user/watcher/processing-watcher/graph/graph/$q - Starting...
13:04:37.092 [worker-akka.actor.default-dispatcher-17] INFO  a.a.LocalActorRef akka://worker/user/watcher/processing-watcher/graph/graph/$r - Starting...
13:04:37.093 [worker-akka.actor.default-dispatcher-17] INFO  a.a.LocalActorRef akka://worker/user/watcher/processing-watcher/graph/graph/$s - Starting...
13:04:37.095 [worker-akka.actor.default-dispatcher-17] INFO  a.a.LocalActorRef akka://worker/user/watcher/processing-watcher/graph/graph/$t - Starting...
13:04:37.096 [worker-akka.actor.default-dispatcher-17] INFO  a.a.LocalActorRef akka://worker/user/watcher/processing-watcher/graph/graph/$u - Starting...
13:04:37.097 [worker-akka.actor.default-dispatcher-17] INFO  a.a.LocalActorRef akka://worker/user/watcher/processing-watcher/graph/graph/$v - Starting...
13:04:37.099 [worker-akka.actor.default-dispatcher-17] INFO  a.a.LocalActorRef akka://worker/user/watcher/processing-watcher/graph/graph/$w - Starting...
13:04:37.100 [worker-akka.actor.default-dispatcher-17] INFO  a.a.LocalActorRef akka://worker/user/watcher/processing-watcher/graph/graph/$x - Starting...
13:04:37.102 [worker-akka.actor.default-dispatcher-17] INFO  a.a.LocalActorRef akka://worker/user/watcher/processing-watcher/graph/graph/$y - Starting...
13:04:37.103 [worker-akka.actor.default-dispatcher-17] INFO  a.a.LocalActorRef akka://worker/user/watcher/processing-watcher/graph/graph/$z - Starting...
13:04:37.104 [worker-akka.actor.default-dispatcher-17] INFO  a.a.LocalActorRef akka://worker/user/watcher/processing-watcher/graph/graph/$A - Starting...
13:04:37.106 [worker-akka.actor.default-dispatcher-17] INFO  a.a.LocalActorRef akka://worker/user/watcher/processing-watcher/graph/graph/$B - Starting...
13:04:37.107 [worker-akka.actor.default-dispatcher-17] INFO  a.a.LocalActorRef akka://worker/user/watcher/processing-watcher/graph/graph/$C - Starting...
13:04:37.108 [worker-akka.actor.default-dispatcher-17] INFO  a.a.LocalActorRef akka://worker/user/watcher/processing-watcher/graph/graph/$D - Starting...
13:04:37.110 [worker-akka.actor.default-dispatcher-17] INFO  a.a.LocalActorRef akka://worker/user/watcher/processing-watcher/graph/graph/$E - Starting...
13:04:37.115 [worker-akka.actor.default-dispatcher-17] INFO  a.a.LocalActorRef akka://worker/user/watcher/processing-watcher/graph/graph/$F - Starting...
13:04:37.118 [worker-akka.actor.default-dispatcher-17] INFO  a.a.LocalActorRef akka://worker/user/watcher/processing-watcher/graph/graph/$G - Starting...
13:04:37.119 [worker-akka.actor.default-dispatcher-17] INFO  a.a.LocalActorRef akka://worker/user/watcher/processing-watcher/graph/graph/$H - Starting...
13:04:37.121 [worker-akka.actor.default-dispatcher-17] INFO  a.a.LocalActorRef akka://worker/user/watcher/processing-watcher/graph/graph/$I - Starting...
13:04:37.122 [worker-akka.actor.default-dispatcher-17] INFO  a.a.LocalActorRef akka://worker/user/watcher/processing-watcher/graph/graph/$J - Starting...
13:04:37.123 [worker-akka.actor.default-dispatcher-17] INFO  a.a.LocalActorRef akka://worker/user/watcher/processing-watcher/graph/graph/$K - Starting...
13:04:37.124 [worker-akka.actor.default-dispatcher-17] INFO  a.a.LocalActorRef akka://worker/user/watcher/processing-watcher/graph/graph/$L - Starting...
13:04:37.126 [worker-akka.actor.default-dispatcher-17] INFO  a.a.LocalActorRef akka://worker/user/watcher/processing-watcher/graph/graph/$M - Starting...
13:04:37.127 [worker-akka.actor.default-dispatcher-17] INFO  a.a.LocalActorRef akka://worker/user/watcher/processing-watcher/graph/graph/$N - Starting...
13:04:37.129 [worker-akka.actor.default-dispatcher-17] INFO  a.a.LocalActorRef akka://worker/user/watcher/processing-watcher/graph/graph/$O - Starting...
13:04:37.130 [worker-akka.actor.default-dispatcher-17] INFO  a.a.LocalActorRef akka://worker/user/watcher/processing-watcher/graph/graph/$P - Starting...
13:04:37.132 [worker-akka.actor.default-dispatcher-17] INFO  a.a.LocalActorRef akka://worker/user/watcher/processing-watcher/graph/graph/$Q - Starting...
13:04:37.133 [worker-akka.actor.default-dispatcher-17] INFO  a.a.LocalActorRef akka://worker/user/watcher/processing-watcher/graph/graph/$R - Starting...
13:04:37.134 [worker-akka.actor.default-dispatcher-17] INFO  a.a.LocalActorRef akka://worker/user/watcher/processing-watcher/graph/graph/$S - Starting...
13:04:37.143 [worker-akka.actor.default-dispatcher-17] INFO  a.a.LocalActorRef akka://worker/user/watcher/processing-watcher/graph/graph/$T - Starting...
13:04:37.160 [worker-akka.actor.default-dispatcher-17] INFO  a.a.LocalActorRef akka://worker/user/watcher/processing-watcher/graph/graph/$U - Starting...
13:04:37.162 [worker-akka.actor.default-dispatcher-17] INFO  a.a.LocalActorRef akka://worker/user/watcher/processing-watcher/graph/graph/$V - Starting...
13:04:37.163 [worker-akka.actor.default-dispatcher-17] INFO  a.a.LocalActorRef akka://worker/user/watcher/processing-watcher/graph/graph/$W - Starting...
13:04:37.165 [worker-akka.actor.default-dispatcher-17] INFO  a.a.LocalActorRef akka://worker/user/watcher/processing-watcher/graph/graph/$X - Starting...
13:04:37.166 [worker-akka.actor.default-dispatcher-17] INFO  a.a.LocalActorRef akka://worker/user/watcher/processing-watcher/graph/graph/$Y - Starting...
13:04:37.168 [worker-akka.actor.default-dispatcher-11] INFO  a.a.LocalActorRef akka://worker/user/watcher/processing-watcher/graph/graph/$Z - Starting...
13:04:37.176 [worker-akka.actor.default-dispatcher-11] INFO  a.a.LocalActorRef akka://worker/user/watcher/processing-watcher/graph/graph/$T - Attached rear to graph (-9223372036854775808, min@min)
13:04:37.176 [worker-akka.actor.default-dispatcher-11] INFO  a.a.LocalActorRef akka://worker/user/watcher/processing-watcher/graph/graph/$1 - Starting...
13:04:37.176 [worker-akka.actor.default-dispatcher-11] INFO  a.a.LocalActorRef akka://worker/user/watcher/processing-watcher/graph/graph/$2 - Starting...
13:04:37.176 [worker-akka.actor.default-dispatcher-11] INFO  a.a.LocalActorRef akka://worker/user/watcher/processing-watcher/graph/graph/$3 - Starting...
13:04:37.176 [worker-akka.actor.default-dispatcher-11] INFO  a.a.LocalActorRef akka://worker/user/watcher/processing-watcher/graph/graph/$4 - Starting...
13:04:37.177 [worker-akka.actor.default-dispatcher-11] INFO  a.a.LocalActorRef akka://worker/user/watcher/processing-watcher/graph/graph/$0 - Starting...
13:04:37.177 [worker-akka.actor.default-dispatcher-11] INFO  a.a.LocalActorRef akka://worker/user/watcher/processing-watcher/graph/graph/$6 - Starting...
13:04:37.177 [worker-akka.actor.default-dispatcher-17] INFO  a.a.LocalActorRef akka://worker/user/watcher/processing-watcher/graph/graph/$7 - Starting...
13:04:37.178 [worker-akka.actor.default-dispatcher-17] INFO  a.a.LocalActorRef akka://worker/user/watcher/processing-watcher/graph/graph/$8 - Starting...
13:04:37.179 [worker-akka.actor.default-dispatcher-17] INFO  a.a.LocalActorRef akka://worker/user/watcher/processing-watcher/graph/graph/$9 - Starting...
13:04:37.180 [worker-akka.actor.default-dispatcher-17] INFO  a.a.LocalActorRef akka://worker/user/watcher/processing-watcher/graph/graph/$+ - Starting...
13:04:37.183 [worker-akka.actor.default-dispatcher-17] INFO  a.a.LocalActorRef akka://worker/user/watcher/processing-watcher/graph/graph/$~ - Starting...
13:04:37.183 [worker-akka.actor.default-dispatcher-17] INFO  a.a.LocalActorRef akka://worker/user/watcher/processing-watcher/graph/graph/$5 - Starting...
13:04:37.184 [worker-akka.actor.default-dispatcher-17] INFO  a.a.LocalActorRef akka://worker/user/watcher/processing-watcher/graph/graph/$ab - Starting...
13:04:37.185 [worker-akka.actor.default-dispatcher-17] INFO  a.a.LocalActorRef akka://worker/user/watcher/processing-watcher/graph/graph/$bb - Starting...
13:04:37.186 [worker-akka.actor.default-dispatcher-17] INFO  a.a.LocalActorRef akka://worker/user/watcher/processing-watcher/graph/graph/$cb - Starting...
13:04:37.193 [worker-akka.actor.default-dispatcher-17] INFO  a.a.LocalActorRef akka://worker/user/watcher/processing-watcher/graph/graph/$db - Starting...
13:04:37.194 [worker-akka.actor.default-dispatcher-17] INFO  a.a.LocalActorRef akka://worker/user/watcher/processing-watcher/graph/graph/$eb - Starting...
13:04:37.194 [worker-akka.actor.default-dispatcher-17] INFO  a.a.LocalActorRef akka://worker/user/watcher/processing-watcher/graph/graph/$fb - Starting...
13:04:37.194 [worker-akka.actor.default-dispatcher-17] INFO  a.a.LocalActorRef akka://worker/user/watcher/processing-watcher/graph/graph/$gb - Starting...
13:04:37.194 [worker-akka.actor.default-dispatcher-17] INFO  a.a.LocalActorRef akka://worker/user/watcher/processing-watcher/graph/graph/$hb - Starting...
13:04:37.194 [worker-akka.actor.default-dispatcher-11] INFO  a.a.LocalActorRef akka://worker/user/watcher/processing-watcher/graph/graph/$ib - Starting...
13:04:37.196 [worker-akka.actor.default-dispatcher-17] INFO  a.a.LocalActorRef akka://worker/user/watcher/processing-watcher/graph/graph/$kb - Starting...
13:04:37.196 [worker-akka.actor.default-dispatcher-17] INFO  a.a.LocalActorRef akka://worker/user/watcher/processing-watcher/graph/graph/$lb - Starting...
13:04:37.196 [worker-akka.actor.default-dispatcher-17] INFO  a.a.LocalActorRef akka://worker/user/watcher/processing-watcher/graph/graph/$mb - Starting...
13:04:37.196 [worker-akka.actor.default-dispatcher-17] INFO  a.a.LocalActorRef akka://worker/user/watcher/processing-watcher/graph/graph/$nb - Starting...
13:04:37.196 [worker-akka.actor.default-dispatcher-17] INFO  a.a.LocalActorRef akka://worker/user/watcher/processing-watcher/graph/graph/$ob - Starting...
13:04:37.201 [worker-akka.actor.default-dispatcher-11] INFO  a.a.LocalActorRef akka://worker/user/watcher/processing-watcher/graph/graph/$qb - Starting...
13:04:37.202 [worker-akka.actor.default-dispatcher-11] INFO  a.a.LocalActorRef akka://worker/user/watcher/processing-watcher/graph/graph/$rb - Starting...
13:04:37.202 [worker-akka.actor.default-dispatcher-11] INFO  a.a.LocalActorRef akka://worker/user/watcher/processing-watcher/graph/graph/$sb - Starting...
13:04:37.203 [worker-akka.actor.default-dispatcher-11] INFO  a.a.LocalActorRef akka://worker/user/watcher/processing-watcher/graph/graph/$tb - Starting...
13:04:37.203 [worker-akka.actor.default-dispatcher-17] INFO  a.a.LocalActorRef akka://worker/user/watcher/processing-watcher/graph/graph/$ub - Starting...
13:04:37.205 [worker-akka.actor.default-dispatcher-17] INFO  a.a.LocalActorRef akka://worker/user/watcher/processing-watcher/graph/negotiator - Ticket for the frontClass received: FrontTicket{allowedTimestamp=(0000000, FlameSocketGraphDeployerFront@flamestream-benchmarks-worker-1)}
13:04:37.206 [worker-akka.actor.default-dispatcher-17] INFO  c.s.f.r.e.s.SocketFront  - FlameSocketGraphDeployerFront@flamestream-benchmarks-worker-1: connecting to flamestream-benchmarks-manager:4567
13:04:37.208 [worker-akka.actor.default-dispatcher-15] INFO  a.a.LocalActorRef akka://worker/user/watcher/processing-watcher/graph/graph/$jb - Starting...
13:04:37.208 [worker-akka.actor.default-dispatcher-15] INFO  a.a.LocalActorRef akka://worker/user/watcher/processing-watcher/graph/graph/$pb - Starting...
13:04:37.208 [worker-akka.actor.default-dispatcher-15] INFO  a.a.LocalActorRef akka://worker/user/watcher/processing-watcher/graph/graph/$wb - Starting...
13:04:37.209 [worker-akka.actor.default-dispatcher-15] INFO  a.a.LocalActorRef akka://worker/user/watcher/processing-watcher/graph/graph/$xb - Starting...
13:04:37.209 [worker-akka.actor.default-dispatcher-15] INFO  a.a.LocalActorRef akka://worker/user/watcher/processing-watcher/graph/graph/$yb - Starting...
13:04:37.210 [worker-akka.actor.default-dispatcher-15] INFO  a.a.LocalActorRef akka://worker/user/watcher/processing-watcher/graph/graph/$zb - Starting...
13:04:37.213 [worker-akka.actor.default-dispatcher-11] INFO  a.a.LocalActorRef akka://worker/user/watcher/processing-watcher/graph/graph/$Ab - Starting...
13:04:37.213 [worker-akka.actor.default-dispatcher-11] INFO  a.a.LocalActorRef akka://worker/user/watcher/processing-watcher/graph/graph/$vb - Starting...
13:04:37.213 [worker-akka.actor.default-dispatcher-11] INFO  a.a.LocalActorRef akka://worker/user/watcher/processing-watcher/graph/graph/$Bb - Starting...
13:04:37.214 [worker-akka.actor.default-dispatcher-11] INFO  a.a.LocalActorRef akka://worker/user/watcher/processing-watcher/graph/graph/$Cb - Starting...
13:04:37.214 [worker-akka.actor.default-dispatcher-11] INFO  a.a.LocalActorRef akka://worker/user/watcher/processing-watcher/graph/graph/$Db - Starting...
13:04:37.214 [worker-akka.actor.default-dispatcher-9] INFO  a.a.LocalActorRef akka://worker/user/watcher/processing-watcher/graph/graph/$Eb - Starting...
13:04:37.214 [worker-akka.actor.default-dispatcher-9] INFO  a.a.LocalActorRef akka://worker/user/watcher/processing-watcher/graph/graph/$Fb - Starting...
13:04:37.214 [worker-akka.actor.default-dispatcher-9] INFO  a.a.LocalActorRef akka://worker/user/watcher/processing-watcher/graph/graph/$Gb - Starting...
13:04:37.214 [worker-akka.actor.default-dispatcher-9] INFO  a.a.LocalActorRef akka://worker/user/watcher/processing-watcher/graph/graph/$Hb - Starting...
13:04:37.214 [worker-akka.actor.default-dispatcher-9] INFO  a.a.LocalActorRef akka://worker/user/watcher/processing-watcher/graph/graph/$Ib - Starting...
13:04:37.214 [worker-akka.actor.default-dispatcher-11] INFO  a.a.LocalActorRef akka://worker/user/watcher/processing-watcher/graph/graph/$Jb - Starting...
13:04:37.214 [worker-akka.actor.default-dispatcher-11] INFO  a.a.LocalActorRef akka://worker/user/watcher/processing-watcher/graph/graph/$Kb - Starting...
13:04:37.214 [worker-akka.actor.default-dispatcher-11] INFO  a.a.LocalActorRef akka://worker/user/watcher/processing-watcher/graph/graph/$Lb - Starting...
13:04:37.214 [worker-akka.actor.default-dispatcher-11] INFO  a.a.LocalActorRef akka://worker/user/watcher/processing-watcher/graph/graph/$Mb - Starting...
13:04:37.214 [worker-akka.actor.default-dispatcher-11] INFO  a.a.LocalActorRef akka://worker/user/watcher/processing-watcher/graph/graph/$Nb - Starting...
13:04:37.287 [Client] INFO  c.s.f.r.e.s.SocketFront  - FlameSocketGraphDeployerFront@flamestream-benchmarks-worker-1 has been disconnected from Connection 2
13:04:37.294 [worker-akka.actor.default-dispatcher-17] INFO  a.a.LocalActorRef akka://worker/user/watcher/acker - Unregistering front FlameSocketGraphDeployerFront@flamestream-benchmarks-worker-1
13:04:37.425 [worker-akka.actor.default-dispatcher-17] INFO  a.a.LocalActorRef akka://worker/user/watcher/acker - Unregistering front FlameSocketGraphDeployerFront@flamestream-benchmarks-worker-2
13:04:38.596 [worker-akka.actor.default-dispatcher-17] INFO  a.a.LocalActorRef akka://worker/user/watcher/acker - Unregistering front FlameSocketGraphDeployerFront@flamestream-benchmarks-worker-0
2019-10-05T13:05:10.407+0000: 89.831: [GC (Allocation Failure) 2019-10-05T13:05:10.407+0000: 89.831: [DefNew: 409600K->44831K(460800K), 0.0911085 secs] 435538K->90300K(1484800K), 0.0912208 secs] [Times: user=0.05 sys=0.04, real=0.09 secs] 
2019-10-05T13:05:13.200+0000: 92.624: [GC (Allocation Failure) 2019-10-05T13:05:13.200+0000: 92.624: [DefNew: 454431K->131K(460800K), 0.0584340 secs] 499900K->87641K(1484800K), 0.0585234 secs] [Times: user=0.03 sys=0.02, real=0.05 secs] 
2019-10-05T13:05:15.859+0000: 95.282: [GC (Allocation Failure) 2019-10-05T13:05:15.859+0000: 95.282: [DefNew: 409731K->178K(460800K), 0.0031716 secs] 497241K->87687K(1484800K), 0.0032533 secs] [Times: user=0.00 sys=0.00, real=0.01 secs] 
2019-10-05T13:05:18.544+0000: 97.968: [GC (Allocation Failure) 2019-10-05T13:05:18.545+0000: 97.968: [DefNew: 409778K->192K(460800K), 0.0034091 secs] 497287K->87702K(1484800K), 0.0046057 secs] [Times: user=0.01 sys=0.00, real=0.00 secs] 
2019-10-05T13:05:21.698+0000: 101.122: [GC (Allocation Failure) 2019-10-05T13:05:21.698+0000: 101.122: [DefNew: 409792K->163K(460800K), 0.0033376 secs] 497302K->87672K(1484800K), 0.0034224 secs] [Times: user=0.00 sys=0.00, real=0.01 secs] 
2019-10-05T13:05:24.744+0000: 104.168: [GC (Allocation Failure) 2019-10-05T13:05:24.744+0000: 104.168: [DefNew: 409763K->166K(460800K), 0.0032156 secs] 497272K->87676K(1484800K), 0.0032972 secs] [Times: user=0.00 sys=0.00, real=0.00 secs] 
2019-10-05T13:05:27.815+0000: 107.239: [GC (Allocation Failure) 2019-10-05T13:05:27.815+0000: 107.239: [DefNew: 409766K->140K(460800K), 0.0031058 secs] 497276K->87649K(1484800K), 0.0031908 secs] [Times: user=0.00 sys=0.00, real=0.00 secs] 
2019-10-05T13:05:30.912+0000: 110.336: [GC (Allocation Failure) 2019-10-05T13:05:30.913+0000: 110.336: [DefNew: 409740K->179K(460800K), 0.0030576 secs] 497249K->87688K(1484800K), 0.0031402 secs] [Times: user=0.00 sys=0.00, real=0.00 secs] 
2019-10-05T13:05:34.018+0000: 113.442: [GC (Allocation Failure) 2019-10-05T13:05:34.018+0000: 113.442: [DefNew: 409779K->158K(460800K), 0.0030720 secs] 497288K->87667K(1484800K), 0.0031685 secs] [Times: user=0.00 sys=0.00, real=0.01 secs] 
2019-10-05T13:05:37.110+0000: 116.534: [GC (Allocation Failure) 2019-10-05T13:05:37.110+0000: 116.534: [DefNew: 409758K->181K(460800K), 0.0031137 secs] 497267K->87690K(1484800K), 0.0031992 secs] [Times: user=0.01 sys=0.00, real=0.01 secs] 
2019-10-05T13:05:40.202+0000: 119.626: [GC (Allocation Failure) 2019-10-05T13:05:40.202+0000: 119.626: [DefNew: 409781K->158K(460800K), 0.0031223 secs] 497290K->87668K(1484800K), 0.0031953 secs] [Times: user=0.00 sys=0.00, real=0.00 secs] 
2019-10-05T13:05:43.623+0000: 123.047: [GC (Allocation Failure) 2019-10-05T13:05:43.623+0000: 123.047: [DefNew: 409758K->377K(460800K), 0.0041250 secs] 497268K->87886K(1484800K), 0.0042274 secs] [Times: user=0.00 sys=0.00, real=0.00 secs] 
2019-10-05T13:05:46.793+0000: 126.217: [GC (Allocation Failure) 2019-10-05T13:05:46.793+0000: 126.217: [DefNew: 409977K->444K(460800K), 0.0036873 secs] 497486K->87953K(1484800K), 0.0037700 secs] [Times: user=0.01 sys=0.00, real=0.00 secs] 
2019-10-05T13:05:50.065+0000: 129.488: [GC (Allocation Failure) 2019-10-05T13:05:50.065+0000: 129.488: [DefNew: 410044K->515K(460800K), 0.0039458 secs] 497553K->88024K(1484800K), 0.0040363 secs] [Times: user=0.01 sys=0.00, real=0.00 secs] 
2019-10-05T13:05:53.388+0000: 132.812: [GC (Allocation Failure) 2019-10-05T13:05:53.388+0000: 132.812: [DefNew: 410115K->567K(460800K), 0.0038022 secs] 497624K->88077K(1484800K), 0.0038769 secs] [Times: user=0.00 sys=0.00, real=0.01 secs] 
2019-10-05T13:05:56.551+0000: 135.974: [GC (Allocation Failure) 2019-10-05T13:05:56.551+0000: 135.974: [DefNew: 410167K->612K(460800K), 0.0037743 secs] 497677K->88121K(1484800K), 0.0038466 secs] [Times: user=0.00 sys=0.00, real=0.01 secs] 
2019-10-05T13:05:59.890+0000: 139.314: [GC (Allocation Failure) 2019-10-05T13:05:59.890+0000: 139.314: [DefNew: 410212K->676K(460800K), 0.0039963 secs] 497721K->88200K(1484800K), 0.0040882 secs] [Times: user=0.00 sys=0.00, real=0.01 secs] 
2019-10-05T13:06:03.201+0000: 142.625: [GC (Allocation Failure) 2019-10-05T13:06:03.201+0000: 142.625: [DefNew: 410276K->734K(460800K), 0.0042393 secs] 497800K->88281K(1484800K), 0.0043200 secs] [Times: user=0.01 sys=0.00, real=0.00 secs] 
2019-10-05T13:06:06.457+0000: 145.880: [GC (Allocation Failure) 2019-10-05T13:06:06.457+0000: 145.880: [DefNew: 410334K->762K(460800K), 0.0040480 secs] 497881K->88314K(1484800K), 0.0041245 secs] [Times: user=0.01 sys=0.00, real=0.01 secs] 
2019-10-05T13:06:09.541+0000: 148.965: [GC (Allocation Failure) 2019-10-05T13:06:09.541+0000: 148.965: [DefNew: 410362K->804K(460800K), 0.0039569 secs] 497914K->88358K(1484800K), 0.0040532 secs] [Times: user=0.01 sys=0.00, real=0.00 secs] 
2019-10-05T13:06:12.568+0000: 151.992: [GC (Allocation Failure) 2019-10-05T13:06:12.568+0000: 151.992: [DefNew: 410404K->802K(460800K), 0.0037068 secs] 497958K->88357K(1484800K), 0.0037874 secs] [Times: user=0.01 sys=0.00, real=0.00 secs] 
2019-10-05T13:06:15.596+0000: 155.020: [GC (Allocation Failure) 2019-10-05T13:06:15.596+0000: 155.020: [DefNew: 410402K->832K(460800K), 0.0040368 secs] 497957K->88387K(1484800K), 0.0041364 secs] [Times: user=0.00 sys=0.00, real=0.00 secs] 
2019-10-05T13:06:18.615+0000: 158.039: [GC (Allocation Failure) 2019-10-05T13:06:18.615+0000: 158.039: [DefNew: 410432K->806K(460800K), 0.0038307 secs] 497987K->88366K(1484800K), 0.0039053 secs] [Times: user=0.00 sys=0.00, real=0.00 secs] 
2019-10-05T13:06:21.632+0000: 161.056: [GC (Allocation Failure) 2019-10-05T13:06:21.632+0000: 161.056: [DefNew: 410406K->801K(460800K), 0.0039110 secs] 497966K->88362K(1484800K), 0.0039980 secs] [Times: user=0.00 sys=0.00, real=0.01 secs] 
2019-10-05T13:06:24.649+0000: 164.073: [GC (Allocation Failure) 2019-10-05T13:06:24.649+0000: 164.073: [DefNew: 410401K->797K(460800K), 0.0039098 secs] 497962K->88359K(1484800K), 0.0039914 secs] [Times: user=0.01 sys=0.00, real=0.01 secs] 
2019-10-05T13:06:27.666+0000: 167.090: [GC (Allocation Failure) 2019-10-05T13:06:27.666+0000: 167.090: [DefNew: 410397K->797K(460800K), 0.0039160 secs] 497959K->88359K(1484800K), 0.0039939 secs] [Times: user=0.00 sys=0.00, real=0.00 secs] 
2019-10-05T13:06:30.702+0000: 170.125: [GC (Allocation Failure) 2019-10-05T13:06:30.702+0000: 170.126: [DefNew: 410397K->597K(460800K), 0.0039021 secs] 497959K->88359K(1484800K), 0.0039905 secs] [Times: user=0.01 sys=0.00, real=0.00 secs] 
2019-10-05T13:06:33.769+0000: 173.192: [GC (Allocation Failure) 2019-10-05T13:06:33.769+0000: 173.192: [DefNew: 410197K->511K(460800K), 0.0036967 secs] 497959K->88359K(1484800K), 0.0037868 secs] [Times: user=0.01 sys=0.00, real=0.01 secs] 
2019-10-05T13:06:36.805+0000: 176.229: [GC (Allocation Failure) 2019-10-05T13:06:36.805+0000: 176.229: [DefNew: 410111K->442K(460800K), 0.0035929 secs] 497959K->88359K(1484800K), 0.0036730 secs] [Times: user=0.00 sys=0.01, real=0.00 secs] 
2019-10-05T13:06:39.826+0000: 179.250: [GC (Allocation Failure) 2019-10-05T13:06:39.826+0000: 179.250: [DefNew: 410042K->388K(460800K), 0.0034195 secs] 497959K->88359K(1484800K), 0.0035072 secs] [Times: user=0.00 sys=0.00, real=0.00 secs] 
2019-10-05T13:06:42.905+0000: 182.329: [GC (Allocation Failure) 2019-10-05T13:06:42.905+0000: 182.329: [DefNew: 409988K->332K(460800K), 0.0033072 secs] 497959K->88347K(1484800K), 0.0033815 secs] [Times: user=0.00 sys=0.00, real=0.00 secs] 
2019-10-05T13:06:46.026+0000: 185.450: [GC (Allocation Failure) 2019-10-05T13:06:46.026+0000: 185.450: [DefNew: 409932K->464K(460800K), 0.0038675 secs] 497947K->88557K(1484800K), 0.0039512 secs] [Times: user=0.00 sys=0.00, real=0.00 secs] 
2019-10-05T13:06:49.261+0000: 188.685: [GC (Allocation Failure) 2019-10-05T13:06:49.261+0000: 188.685: [DefNew: 410064K->463K(460800K), 0.0036572 secs] 498157K->88624K(1484800K), 0.0037521 secs] [Times: user=0.00 sys=0.00, real=0.00 secs] 
2019-10-05T13:06:52.445+0000: 191.869: [GC (Allocation Failure) 2019-10-05T13:06:52.445+0000: 191.869: [DefNew: 410063K->489K(460800K), 0.0037922 secs] 498224K->88701K(1484800K), 0.0038632 secs] [Times: user=0.00 sys=0.00, real=0.00 secs] 
2019-10-05T13:06:55.609+0000: 195.032: [GC (Allocation Failure) 2019-10-05T13:06:55.609+0000: 195.032: [DefNew: 410089K->475K(460800K), 0.0035581 secs] 498301K->88726K(1484800K), 0.0036372 secs] [Times: user=0.01 sys=0.00, real=0.01 secs] 
2019-10-05T13:06:58.759+0000: 198.183: [GC (Allocation Failure) 2019-10-05T13:06:58.759+0000: 198.183: [DefNew: 410075K->538K(460800K), 0.0035817 secs] 498326K->88789K(1484800K), 0.0036804 secs] [Times: user=0.00 sys=0.00, real=0.01 secs] 
2019-10-05T13:07:01.949+0000: 201.373: [GC (Allocation Failure) 2019-10-05T13:07:01.949+0000: 201.373: [DefNew: 410138K->567K(460800K), 0.0038828 secs] 498389K->88820K(1484800K), 0.0039654 secs] [Times: user=0.00 sys=0.00, real=0.01 secs] 
2019-10-05T13:07:05.223+0000: 204.647: [GC (Allocation Failure) 2019-10-05T13:07:05.223+0000: 204.647: [DefNew: 410167K->594K(460800K), 0.0037849 secs] 498420K->88846K(1484800K), 0.0038738 secs] [Times: user=0.00 sys=0.00, real=0.00 secs] 
2019-10-05T13:07:08.395+0000: 207.819: [GC (Allocation Failure) 2019-10-05T13:07:08.395+0000: 207.819: [DefNew: 410194K->648K(460800K), 0.0036600 secs] 498446K->88900K(1484800K), 0.0037396 secs] [Times: user=0.01 sys=0.00, real=0.00 secs] 
2019-10-05T13:07:11.500+0000: 210.923: [GC (Allocation Failure) 2019-10-05T13:07:11.500+0000: 210.923: [DefNew: 410248K->700K(460800K), 0.0036733 secs] 498500K->88952K(1484800K), 0.0037584 secs] [Times: user=0.00 sys=0.00, real=0.01 secs] 
2019-10-05T13:07:14.517+0000: 213.941: [GC (Allocation Failure) 2019-10-05T13:07:14.517+0000: 213.941: [DefNew: 410300K->653K(460800K), 0.0037912 secs] 498552K->88906K(1484800K), 0.0038913 secs] [Times: user=0.00 sys=0.00, real=0.01 secs] 
2019-10-05T13:07:17.561+0000: 216.985: [GC (Allocation Failure) 2019-10-05T13:07:17.561+0000: 216.985: [DefNew: 410253K->672K(460800K), 0.0035743 secs] 498506K->88924K(1484800K), 0.0036545 secs] [Times: user=0.01 sys=0.00, real=0.00 secs] 
2019-10-05T13:07:20.616+0000: 220.040: [GC (Allocation Failure) 2019-10-05T13:07:20.616+0000: 220.040: [DefNew: 410272K->653K(460800K), 0.0034017 secs] 498524K->88906K(1484800K), 0.0034790 secs] [Times: user=0.00 sys=0.00, real=0.00 secs] 
2019-10-05T13:07:23.645+0000: 223.069: [GC (Allocation Failure) 2019-10-05T13:07:23.645+0000: 223.069: [DefNew: 410253K->653K(460800K), 0.0037077 secs] 498506K->88906K(1484800K), 0.0038142 secs] [Times: user=0.00 sys=0.00, real=0.00 secs] 
2019-10-05T13:07:26.688+0000: 226.112: [GC (Allocation Failure) 2019-10-05T13:07:26.688+0000: 226.112: [DefNew: 410253K->678K(460800K), 0.0035833 secs] 498506K->88931K(1484800K), 0.0036593 secs] [Times: user=0.00 sys=0.00, real=0.01 secs] 
2019-10-05T13:07:29.722+0000: 229.146: [GC (Allocation Failure) 2019-10-05T13:07:29.723+0000: 229.146: [DefNew: 410278K->654K(460800K), 0.0037030 secs] 498531K->88906K(1484800K), 0.0037906 secs] [Times: user=0.01 sys=0.00, real=0.00 secs] 
2019-10-05T13:07:32.763+0000: 232.186: [GC (Allocation Failure) 2019-10-05T13:07:32.763+0000: 232.186: [DefNew: 410254K->459K(460800K), 0.0038152 secs] 498506K->88906K(1484800K), 0.0039029 secs] [Times: user=0.00 sys=0.00, real=0.00 secs] 
2019-10-05T13:07:35.797+0000: 235.221: [GC (Allocation Failure) 2019-10-05T13:07:35.798+0000: 235.221: [DefNew: 410059K->388K(460800K), 0.0034335 secs] 498506K->88906K(1484800K), 0.0035175 secs] [Times: user=0.00 sys=0.00, real=0.01 secs] 
2019-10-05T13:07:38.837+0000: 238.261: [GC (Allocation Failure) 2019-10-05T13:07:38.837+0000: 238.261: [DefNew: 409988K->324K(460800K), 0.0033011 secs] 498506K->88906K(1484800K), 0.0033974 secs] [Times: user=0.00 sys=0.00, real=0.01 secs] 
2019-10-05T13:07:41.880+0000: 241.303: [GC (Allocation Failure) 2019-10-05T13:07:41.880+0000: 241.303: [DefNew: 409924K->282K(460800K), 0.0033510 secs] 498506K->88912K(1484800K), 0.0034381 secs] [Times: user=0.00 sys=0.00, real=0.01 secs] 
2019-10-05T13:07:44.982+0000: 244.406: [GC (Allocation Failure) 2019-10-05T13:07:44.982+0000: 244.406: [DefNew: 409882K->420K(460800K), 0.0038229 secs] 498512K->89103K(1484800K), 0.0039099 secs] [Times: user=0.00 sys=0.00, real=0.00 secs] 
2019-10-05T13:07:48.133+0000: 247.557: [GC (Allocation Failure) 2019-10-05T13:07:48.133+0000: 247.557: [DefNew: 410020K->437K(460800K), 0.0035305 secs] 498703K->89148K(1484800K), 0.0036077 secs] [Times: user=0.00 sys=0.00, real=0.00 secs] 
2019-10-05T13:07:51.286+0000: 250.710: [GC (Allocation Failure) 2019-10-05T13:07:51.286+0000: 250.710: [DefNew: 410037K->407K(460800K), 0.0034196 secs] 498748K->89159K(1484800K), 0.0034922 secs] [Times: user=0.01 sys=0.00, real=0.00 secs] 
2019-10-05T13:07:54.438+0000: 253.862: [GC (Allocation Failure) 2019-10-05T13:07:54.438+0000: 253.862: [DefNew: 410007K->406K(460800K), 0.0036241 secs] 498759K->89200K(1484800K), 0.0037163 secs] [Times: user=0.00 sys=0.00, real=0.01 secs] 
2019-10-05T13:07:57.590+0000: 257.013: [GC (Allocation Failure) 2019-10-05T13:07:57.590+0000: 257.013: [DefNew: 410006K->423K(460800K), 0.0034426 secs] 498800K->89222K(1484800K), 0.0035283 secs] [Times: user=0.01 sys=0.00, real=0.01 secs] 
2019-10-05T13:08:00.715+0000: 260.138: [GC (Allocation Failure) 2019-10-05T13:08:00.715+0000: 260.138: [DefNew: 410023K->470K(460800K), 0.0036434 secs] 498822K->89269K(1484800K), 0.0037243 secs] [Times: user=0.00 sys=0.00, real=0.00 secs] 
2019-10-05T13:08:03.853+0000: 263.277: [GC (Allocation Failure) 2019-10-05T13:08:03.853+0000: 263.277: [DefNew: 410070K->552K(460800K), 0.0037359 secs] 498869K->89352K(1484800K), 0.0038232 secs] [Times: user=0.00 sys=0.01, real=0.00 secs] 
2019-10-05T13:08:06.990+0000: 266.413: [GC (Allocation Failure) 2019-10-05T13:08:06.990+0000: 266.413: [DefNew: 410152K->544K(460800K), 0.0034796 secs] 498952K->89343K(1484800K), 0.0035554 secs] [Times: user=0.00 sys=0.00, real=0.01 secs] 
2019-10-05T13:08:10.047+0000: 269.471: [GC (Allocation Failure) 2019-10-05T13:08:10.047+0000: 269.471: [DefNew: 410144K->549K(460800K), 0.0033962 secs] 498943K->89348K(1484800K), 0.0034733 secs] [Times: user=0.01 sys=0.00, real=0.00 secs] 
2019-10-05T13:08:13.089+0000: 272.515: [GC (Allocation Failure) 2019-10-05T13:08:13.091+0000: 272.515: [DefNew: 410149K->561K(460800K), 0.0035104 secs] 498948K->89360K(1484800K), 0.0048825 secs] [Times: user=0.00 sys=0.00, real=0.01 secs] 
2019-10-05T13:08:16.136+0000: 275.560: [GC (Allocation Failure) 2019-10-05T13:08:16.137+0000: 275.560: [DefNew: 410161K->571K(460800K), 0.0035590 secs] 498960K->89371K(1484800K), 0.0036312 secs] [Times: user=0.00 sys=0.00, real=0.01 secs] 
2019-10-05T13:08:19.179+0000: 278.603: [GC (Allocation Failure) 2019-10-05T13:08:19.179+0000: 278.603: [DefNew: 410171K->570K(460800K), 0.0034611 secs] 498971K->89369K(1484800K), 0.0035380 secs] [Times: user=0.00 sys=0.00, real=0.01 secs] 
2019-10-05T13:08:22.204+0000: 281.628: [GC (Allocation Failure) 2019-10-05T13:08:22.204+0000: 281.628: [DefNew: 410170K->561K(460800K), 0.0034272 secs] 498969K->89360K(1484800K), 0.0034943 secs] [Times: user=0.01 sys=0.00, real=0.00 secs] 
2019-10-05T13:08:25.221+0000: 284.645: [GC (Allocation Failure) 2019-10-05T13:08:25.221+0000: 284.645: [DefNew: 410161K->561K(460800K), 0.0036866 secs] 498960K->89360K(1484800K), 0.0037771 secs] [Times: user=0.00 sys=0.00, real=0.00 secs] 
2019-10-05T13:08:28.104+0000: 287.528: [GC (Allocation Failure) 2019-10-05T13:08:28.104+0000: 287.528: [DefNew: 410161K->562K(460800K), 0.0036242 secs] 498960K->89362K(1484800K), 0.0037219 secs] [Times: user=0.00 sys=0.00, real=0.00 secs] 
2019-10-05T13:08:30.744+0000: 290.169: [GC (Allocation Failure) 2019-10-05T13:08:30.746+0000: 290.170: [DefNew: 410162K->426K(460800K), 0.0038597 secs] 498962K->89423K(1484800K), 0.0052268 secs] [Times: user=0.00 sys=0.00, real=0.00 secs] 
2019-10-05T13:08:33.379+0000: 292.802: [GC (Allocation Failure) 2019-10-05T13:08:33.379+0000: 292.802: [DefNew: 410026K->338K(460800K), 0.0033295 secs] 499023K->89375K(1484800K), 0.0034254 secs] [Times: user=0.01 sys=0.00, real=0.01 secs] 
2019-10-05T13:08:36.001+0000: 295.426: [GC (Allocation Failure) 2019-10-05T13:08:36.002+0000: 295.426: [DefNew: 409938K->344K(460800K), 0.0035127 secs] 498975K->89397K(1484800K), 0.0047559 secs] [Times: user=0.01 sys=0.00, real=0.00 secs] 
2019-10-05T13:08:38.621+0000: 298.045: [GC (Allocation Failure) 2019-10-05T13:08:38.621+0000: 298.045: [DefNew: 409944K->317K(460800K), 0.0031740 secs] 498997K->89407K(1484800K), 0.0032517 secs] [Times: user=0.00 sys=0.00, real=0.00 secs] 
2019-10-05T13:08:41.247+0000: 300.672: [GC (Allocation Failure) 2019-10-05T13:08:41.248+0000: 300.672: [DefNew: 409917K->258K(460800K), 0.0033300 secs] 499007K->89374K(1484800K), 0.0045825 secs] [Times: user=0.00 sys=0.00, real=0.00 secs] 
2019-10-05T13:08:43.871+0000: 303.295: [GC (Allocation Failure) 2019-10-05T13:08:43.871+0000: 303.295: [DefNew: 409858K->261K(460800K), 0.0034966 secs] 498974K->89418K(1484800K), 0.0035702 secs] [Times: user=0.00 sys=0.00, real=0.01 secs] 
2019-10-05T13:08:46.529+0000: 305.954: [GC (Allocation Failure) 2019-10-05T13:08:46.530+0000: 305.954: [DefNew: 409861K->241K(460800K), 0.0032728 secs] 499018K->89443K(1484800K), 0.0043554 secs] [Times: user=0.01 sys=0.00, real=0.01 secs] 
2019-10-05T13:08:49.175+0000: 308.599: [GC (Allocation Failure) 2019-10-05T13:08:49.175+0000: 308.599: [DefNew: 409841K->215K(460800K), 0.0033352 secs] 499043K->89452K(1484800K), 0.0034183 secs] [Times: user=0.00 sys=0.00, real=0.00 secs] 
2019-10-05T13:08:51.830+0000: 311.255: [GC (Allocation Failure) 2019-10-05T13:08:51.831+0000: 311.255: [DefNew: 409815K->220K(460800K), 0.0034091 secs] 499052K->89474K(1484800K), 0.0044348 secs] [Times: user=0.00 sys=0.00, real=0.01 secs] 
2019-10-05T13:08:54.464+0000: 313.888: [GC (Allocation Failure) 2019-10-05T13:08:54.464+0000: 313.888: [DefNew: 409820K->258K(460800K), 0.0033109 secs] 499074K->89512K(1484800K), 0.0033936 secs] [Times: user=0.00 sys=0.00, real=0.00 secs] 
2019-10-05T13:08:57.155+0000: 316.579: [GC (Allocation Failure) 2019-10-05T13:08:57.155+0000: 316.579: [DefNew: 409858K->286K(460800K), 0.0033941 secs] 499112K->89540K(1484800K), 0.0034851 secs] [Times: user=0.01 sys=0.00, real=0.00 secs] 
2019-10-05T13:08:59.809+0000: 319.233: [GC (Allocation Failure) 2019-10-05T13:08:59.809+0000: 319.233: [DefNew: 409886K->314K(460800K), 0.0031494 secs] 499140K->89568K(1484800K), 0.0032308 secs] [Times: user=0.01 sys=0.00, real=0.01 secs] 
2019-10-05T13:09:02.469+0000: 321.894: [GC (Allocation Failure) 2019-10-05T13:09:02.470+0000: 321.894: [DefNew: 409914K->377K(460800K), 0.0033657 secs] 499168K->89631K(1484800K), 0.0045161 secs] [Times: user=0.00 sys=0.00, real=0.01 secs] 
2019-10-05T13:09:05.109+0000: 324.533: [GC (Allocation Failure) 2019-10-05T13:09:05.109+0000: 324.533: [DefNew: 409977K->415K(460800K), 0.0034125 secs] 499231K->89669K(1484800K), 0.0034976 secs] [Times: user=0.01 sys=0.00, real=0.01 secs] 
2019-10-05T13:09:07.764+0000: 327.188: [GC (Allocation Failure) 2019-10-05T13:09:07.764+0000: 327.188: [DefNew: 410015K->429K(460800K), 0.0036425 secs] 499269K->89683K(1484800K), 0.0037271 secs] [Times: user=0.00 sys=0.00, real=0.00 secs] 
2019-10-05T13:09:10.381+0000: 329.805: [GC (Allocation Failure) 2019-10-05T13:09:10.381+0000: 329.805: [DefNew: 410029K->431K(460800K), 0.0034121 secs] 499283K->89685K(1484800K), 0.0035188 secs] [Times: user=0.00 sys=0.00, real=0.00 secs] 
2019-10-05T13:09:13.020+0000: 332.444: [GC (Allocation Failure) 2019-10-05T13:09:13.020+0000: 332.444: [DefNew: 410031K->444K(460800K), 0.0032486 secs] 499285K->89698K(1484800K), 0.0033478 secs] [Times: user=0.00 sys=0.00, real=0.01 secs] 
2019-10-05T13:09:15.634+0000: 335.058: [GC (Allocation Failure) 2019-10-05T13:09:15.634+0000: 335.058: [DefNew: 410044K->431K(460800K), 0.0034144 secs] 499298K->89685K(1484800K), 0.0035194 secs] [Times: user=0.01 sys=0.00, real=0.00 secs] 
2019-10-05T13:09:18.269+0000: 337.692: [GC (Allocation Failure) 2019-10-05T13:09:18.269+0000: 337.692: [DefNew: 410031K->442K(460800K), 0.0035293 secs] 499285K->89696K(1484800K), 0.0036235 secs] [Times: user=0.01 sys=0.00, real=0.01 secs] 
2019-10-05T13:09:20.896+0000: 340.319: [GC (Allocation Failure) 2019-10-05T13:09:20.896+0000: 340.319: [DefNew: 410042K->431K(460800K), 0.0035155 secs] 499296K->89685K(1484800K), 0.0035857 secs] [Times: user=0.00 sys=0.00, real=0.00 secs] 
2019-10-05T13:09:23.530+0000: 342.955: [GC (Allocation Failure) 2019-10-05T13:09:23.532+0000: 342.955: [DefNew: 410031K->394K(460800K), 0.0034810 secs] 499285K->89705K(1484800K), 0.0048920 secs] [Times: user=0.01 sys=0.00, real=0.01 secs] 
2019-10-05T13:09:26.163+0000: 345.586: [GC (Allocation Failure) 2019-10-05T13:09:26.163+0000: 345.586: [DefNew: 409994K->351K(460800K), 0.0033911 secs] 499305K->89687K(1484800K), 0.0034673 secs] [Times: user=0.00 sys=0.00, real=0.00 secs] 
2019-10-05T13:09:28.797+0000: 348.222: [GC (Allocation Failure) 2019-10-05T13:09:28.799+0000: 348.222: [DefNew: 409951K->394K(460800K), 0.0035529 secs] 499287K->89751K(1484800K), 0.0047746 secs] [Times: user=0.00 sys=0.00, real=0.01 secs] 
2019-10-05T13:09:31.428+0000: 350.852: [GC (Allocation Failure) 2019-10-05T13:09:31.428+0000: 350.852: [DefNew: 409994K->315K(460800K), 0.0033087 secs] 499351K->89683K(1484800K), 0.0033955 secs] [Times: user=0.00 sys=0.00, real=0.00 secs] 
2019-10-05T13:09:34.062+0000: 353.487: [GC (Allocation Failure) 2019-10-05T13:09:34.064+0000: 353.487: [DefNew: 409915K->282K(460800K), 0.0033725 secs] 499283K->89687K(1484800K), 0.0045764 secs] [Times: user=0.00 sys=0.00, real=0.00 secs] 
2019-10-05T13:09:36.676+0000: 356.099: [GC (Allocation Failure) 2019-10-05T13:09:36.676+0000: 356.099: [DefNew: 409882K->255K(460800K), 0.0032172 secs] 499287K->89688K(1484800K), 0.0032939 secs] [Times: user=0.00 sys=0.00, real=0.00 secs] 
2019-10-05T13:09:39.291+0000: 358.716: [GC (Allocation Failure) 2019-10-05T13:09:39.292+0000: 358.716: [DefNew: 409855K->265K(460800K), 0.0033963 secs] 499288K->89726K(1484800K), 0.0044691 secs] [Times: user=0.00 sys=0.00, real=0.01 secs] 
2019-10-05T13:09:41.918+0000: 361.342: [GC (Allocation Failure) 2019-10-05T13:09:41.918+0000: 361.342: [DefNew: 409865K->170K(460800K), 0.0033801 secs] 499326K->89695K(1484800K), 0.0034486 secs] [Times: user=0.00 sys=0.00, real=0.01 secs] 
2019-10-05T13:09:44.558+0000: 363.983: [GC (Allocation Failure) 2019-10-05T13:09:44.559+0000: 363.983: [DefNew: 409770K->181K(460800K), 0.0033936 secs] 499295K->89743K(1484800K), 0.0046202 secs] [Times: user=0.00 sys=0.00, real=0.01 secs] 
2019-10-05T13:09:47.203+0000: 366.627: [GC (Allocation Failure) 2019-10-05T13:09:47.203+0000: 366.627: [DefNew: 409781K->181K(460800K), 0.0032952 secs] 499343K->89758K(1484800K), 0.0033769 secs] [Times: user=0.00 sys=0.00, real=0.00 secs] 
2019-10-05T13:09:49.843+0000: 369.268: [GC (Allocation Failure) 2019-10-05T13:09:49.844+0000: 369.268: [DefNew: 409781K->214K(460800K), 0.0033264 secs] 499358K->89792K(1484800K), 0.0044851 secs] [Times: user=0.00 sys=0.00, real=0.00 secs] 
2019-10-05T13:09:52.599+0000: 372.023: [GC (Allocation Failure) 2019-10-05T13:09:52.599+0000: 372.023: [DefNew: 409814K->248K(460800K), 0.0031667 secs] 499392K->89826K(1484800K), 0.0032460 secs] [Times: user=0.00 sys=0.00, real=0.01 secs] 
2019-10-05T13:09:55.326+0000: 374.750: [GC (Allocation Failure) 2019-10-05T13:09:55.326+0000: 374.750: [DefNew: 409848K->274K(460800K), 0.0033558 secs] 499426K->89852K(1484800K), 0.0034349 secs] [Times: user=0.01 sys=0.00, real=0.00 secs] 
2019-10-05T13:09:57.833+0000: 377.257: [GC (Allocation Failure) 2019-10-05T13:09:57.833+0000: 377.257: [DefNew: 409874K->322K(460800K), 0.0033777 secs] 499452K->89900K(1484800K), 0.0034615 secs] [Times: user=0.00 sys=0.00, real=0.00 secs] 
2019-10-05T13:10:00.502+0000: 379.926: [GC (Allocation Failure) 2019-10-05T13:10:00.503+0000: 379.927: [DefNew: 409922K->310K(460800K), 0.0034521 secs] 499500K->89889K(1484800K), 0.0045966 secs] [Times: user=0.01 sys=0.00, real=0.00 secs] 
2019-10-05T13:10:03.521+0000: 382.945: [GC (Allocation Failure) 2019-10-05T13:10:03.521+0000: 382.945: [DefNew: 409910K->320K(460800K), 0.0064638 secs] 499489K->89898K(1484800K), 0.0065407 secs] [Times: user=0.01 sys=0.00, real=0.00 secs] 
2019-10-05T13:10:05.807+0000: 385.232: [GC (Allocation Failure) 2019-10-05T13:10:05.808+0000: 385.232: [DefNew: 409920K->426K(460800K), 0.0034450 secs] 499498K->90005K(1484800K), 0.0044685 secs] [Times: user=0.01 sys=0.00, real=0.00 secs] 
2019-10-05T13:10:08.454+0000: 387.878: [GC (Allocation Failure) 2019-10-05T13:10:08.454+0000: 387.878: [DefNew: 410026K->347K(460800K), 0.0033136 secs] 499605K->89927K(1484800K), 0.0033857 secs] [Times: user=0.00 sys=0.00, real=0.00 secs] 
2019-10-05T13:10:11.078+0000: 390.502: [GC (Allocation Failure) 2019-10-05T13:10:11.078+0000: 390.502: [DefNew: 409947K->348K(460800K), 0.0035709 secs] 499527K->89928K(1484800K), 0.0036485 secs] [Times: user=0.00 sys=0.00, real=0.01 secs] 
2019-10-05T13:10:13.698+0000: 393.123: [GC (Allocation Failure) 2019-10-05T13:10:13.699+0000: 393.123: [DefNew: 409948K->348K(460800K), 0.0033808 secs] 499528K->89929K(1484800K), 0.0044908 secs] [Times: user=0.00 sys=0.00, real=0.01 secs] 
2019-10-05T13:10:16.317+0000: 395.741: [GC (Allocation Failure) 2019-10-05T13:10:16.317+0000: 395.741: [DefNew: 409948K->348K(460800K), 0.0033173 secs] 499529K->89929K(1484800K), 0.0033905 secs] [Times: user=0.00 sys=0.00, real=0.01 secs] 
2019-10-05T13:10:18.940+0000: 398.364: [GC (Allocation Failure) 2019-10-05T13:10:18.940+0000: 398.364: [DefNew: 409948K->349K(460800K), 0.0033087 secs] 499529K->89930K(1484800K), 0.0033889 secs] [Times: user=0.00 sys=0.00, real=0.00 secs] 
2019-10-05T13:10:21.563+0000: 400.987: [GC (Allocation Failure) 2019-10-05T13:10:21.563+0000: 400.987: [DefNew: 409949K->348K(460800K), 0.0035040 secs] 499530K->89929K(1484800K), 0.0035861 secs] [Times: user=0.00 sys=0.00, real=0.00 secs] 
2019-10-05T13:10:24.185+0000: 403.609: [GC (Allocation Failure) 2019-10-05T13:10:24.185+0000: 403.609: [DefNew: 409948K->293K(460800K), 0.0033963 secs] 499529K->89929K(1484800K), 0.0034866 secs] [Times: user=0.01 sys=0.00, real=0.00 secs] 
2019-10-05T13:10:26.814+0000: 406.237: [GC (Allocation Failure) 2019-10-05T13:10:26.814+0000: 406.237: [DefNew: 409893K->292K(460800K), 0.0034918 secs] 499529K->89943K(1484800K), 0.0035762 secs] [Times: user=0.00 sys=0.00, real=0.00 secs] 
2019-10-05T13:10:29.455+0000: 408.880: [GC (Allocation Failure) 2019-10-05T13:10:29.457+0000: 408.880: [DefNew: 409892K->233K(460800K), 0.0033228 secs] 499543K->89929K(1484800K), 0.0045502 secs] [Times: user=0.01 sys=0.00, real=0.00 secs] 
2019-10-05T13:10:32.112+0000: 411.536: [GC (Allocation Failure) 2019-10-05T13:10:32.113+0000: 411.536: [DefNew: 409833K->193K(460800K), 0.0033773 secs] 499529K->89924K(1484800K), 0.0034691 secs] [Times: user=0.00 sys=0.00, real=0.00 secs] 
2019-10-05T13:10:34.714+0000: 414.139: [GC (Allocation Failure) 2019-10-05T13:10:34.715+0000: 414.139: [DefNew: 409793K->182K(460800K), 0.0031300 secs] 499524K->89928K(1484800K), 0.0042774 secs] [Times: user=0.01 sys=0.00, real=0.00 secs] 
2019-10-05T13:10:37.348+0000: 416.771: [GC (Allocation Failure) 2019-10-05T13:10:37.348+0000: 416.771: [DefNew: 409782K->172K(460800K), 0.0030383 secs] 499528K->89929K(1484800K), 0.0031195 secs] [Times: user=0.00 sys=0.00, real=0.00 secs] 
2019-10-05T13:10:39.994+0000: 419.418: [GC (Allocation Failure) 2019-10-05T13:10:39.994+0000: 419.418: [DefNew: 409772K->147K(460800K), 0.0030595 secs] 499529K->89928K(1484800K), 0.0031330 secs] [Times: user=0.00 sys=0.00, real=0.00 secs] 
2019-10-05T13:10:42.635+0000: 422.059: [GC (Allocation Failure) 2019-10-05T13:10:42.635+0000: 422.059: [DefNew: 409747K->137K(460800K), 0.0032607 secs] 499528K->89929K(1484800K), 0.0033360 secs] [Times: user=0.00 sys=0.00, real=0.00 secs] 
2019-10-05T13:10:45.301+0000: 424.726: [GC (Allocation Failure) 2019-10-05T13:10:45.302+0000: 424.726: [DefNew: 409737K->184K(460800K), 0.0032277 secs] 499529K->89983K(1484800K), 0.0045055 secs] [Times: user=0.00 sys=0.00, real=0.00 secs] 
2019-10-05T13:10:47.954+0000: 427.378: [GC (Allocation Failure) 2019-10-05T13:10:47.954+0000: 427.378: [DefNew: 409784K->167K(460800K), 0.0031962 secs] 499583K->89987K(1484800K), 0.0032691 secs] [Times: user=0.00 sys=0.00, real=0.00 secs] 
2019-10-05T13:10:50.606+0000: 430.031: [GC (Allocation Failure) 2019-10-05T13:10:50.608+0000: 430.032: [DefNew: 409767K->214K(460800K), 0.0032400 secs] 499587K->90036K(1484800K), 0.0045163 secs] [Times: user=0.01 sys=0.00, real=0.00 secs] 
2019-10-05T13:10:53.290+0000: 432.714: [GC (Allocation Failure) 2019-10-05T13:10:53.290+0000: 432.714: [DefNew: 409814K->246K(460800K), 0.0033060 secs] 499636K->90067K(1484800K), 0.0033990 secs] [Times: user=0.00 sys=0.00, real=0.01 secs] 
2019-10-05T13:10:55.953+0000: 435.378: [GC (Allocation Failure) 2019-10-05T13:10:55.955+0000: 435.378: [DefNew: 409846K->218K(460800K), 0.0034192 secs] 499667K->90039K(1484800K), 0.0045446 secs] [Times: user=0.00 sys=0.00, real=0.00 secs] 
2019-10-05T13:10:58.630+0000: 438.054: [GC (Allocation Failure) 2019-10-05T13:10:58.630+0000: 438.054: [DefNew: 409818K->235K(460800K), 0.0032103 secs] 499639K->90056K(1484800K), 0.0032870 secs] [Times: user=0.01 sys=0.00, real=0.01 secs] 
2019-10-05T13:11:01.284+0000: 440.707: [GC (Allocation Failure) 2019-10-05T13:11:01.284+0000: 440.707: [DefNew: 409835K->254K(460800K), 0.0032479 secs] 499656K->90075K(1484800K), 0.0033326 secs] [Times: user=0.00 sys=0.00, real=0.00 secs] 
2019-10-05T13:11:03.948+0000: 443.372: [GC (Allocation Failure) 2019-10-05T13:11:03.948+0000: 443.372: [DefNew: 409854K->281K(460800K), 0.0033073 secs] 499675K->90102K(1484800K), 0.0033844 secs] [Times: user=0.00 sys=0.00, real=0.00 secs] 
2019-10-05T13:11:06.611+0000: 446.036: [GC (Allocation Failure) 2019-10-05T13:11:06.612+0000: 446.036: [DefNew: 409881K->301K(460800K), 0.0032821 secs] 499702K->90123K(1484800K), 0.0045201 secs] [Times: user=0.00 sys=0.00, real=0.01 secs] 
2019-10-05T13:11:09.238+0000: 448.662: [GC (Allocation Failure) 2019-10-05T13:11:09.238+0000: 448.662: [DefNew: 409901K->309K(460800K), 0.0032243 secs] 499723K->90131K(1484800K), 0.0033024 secs] [Times: user=0.00 sys=0.00, real=0.01 secs] 
2019-10-05T13:11:11.855+0000: 451.280: [GC (Allocation Failure) 2019-10-05T13:11:11.856+0000: 451.280: [DefNew: 409909K->310K(460800K), 0.0032747 secs] 499731K->90131K(1484800K), 0.0046166 secs] [Times: user=0.00 sys=0.00, real=0.00 secs] 
2019-10-05T13:11:14.480+0000: 453.904: [GC (Allocation Failure) 2019-10-05T13:11:14.480+0000: 453.904: [DefNew: 409910K->310K(460800K), 0.0031855 secs] 499731K->90131K(1484800K), 0.0032666 secs] [Times: user=0.01 sys=0.00, real=0.00 secs] 
2019-10-05T13:11:17.104+0000: 456.528: [GC (Allocation Failure) 2019-10-05T13:11:17.104+0000: 456.528: [DefNew: 409910K->310K(460800K), 0.0032817 secs] 499731K->90132K(1484800K), 0.0033616 secs] [Times: user=0.00 sys=0.00, real=0.00 secs] 
2019-10-05T13:11:19.743+0000: 459.167: [GC (Allocation Failure) 2019-10-05T13:11:19.743+0000: 459.167: [DefNew: 409910K->340K(460800K), 0.0033332 secs] 499732K->90161K(1484800K), 0.0034244 secs] [Times: user=0.00 sys=0.00, real=0.00 secs] 
2019-10-05T13:11:22.346+0000: 461.771: [GC (Allocation Failure) 2019-10-05T13:11:22.347+0000: 461.771: [DefNew: 409940K->326K(460800K), 0.0032874 secs] 499761K->90148K(1484800K), 0.0045514 secs] [Times: user=0.01 sys=0.00, real=0.00 secs] 
2019-10-05T13:11:24.973+0000: 464.397: [GC (Allocation Failure) 2019-10-05T13:11:24.973+0000: 464.397: [DefNew: 409926K->278K(460800K), 0.0035601 secs] 499748K->90147K(1484800K), 0.0036455 secs] [Times: user=0.00 sys=0.00, real=0.00 secs] 
2019-10-05T13:11:27.611+0000: 467.036: [GC (Allocation Failure) 2019-10-05T13:11:27.612+0000: 467.036: [DefNew: 409878K->283K(460800K), 0.0032343 secs] 499747K->90164K(1484800K), 0.0043398 secs] [Times: user=0.01 sys=0.00, real=0.01 secs] 
2019-10-05T13:11:30.248+0000: 469.672: [GC (Allocation Failure) 2019-10-05T13:11:30.248+0000: 469.672: [DefNew: 409883K->224K(460800K), 0.0033514 secs] 499764K->90132K(1484800K), 0.0034398 secs] [Times: user=0.00 sys=0.00, real=0.00 secs] 
2019-10-05T13:11:32.872+0000: 472.296: [GC (Allocation Failure) 2019-10-05T13:11:32.872+0000: 472.296: [DefNew: 409824K->213K(460800K), 0.0031535 secs] 499732K->90132K(1484800K), 0.0032245 secs] [Times: user=0.00 sys=0.00, real=0.01 secs] 
2019-10-05T13:11:35.488+0000: 474.912: [GC (Allocation Failure) 2019-10-05T13:11:35.488+0000: 474.912: [DefNew: 409813K->199K(460800K), 0.0030940 secs] 499732K->90132K(1484800K), 0.0031620 secs] [Times: user=0.01 sys=0.00, real=0.00 secs] 
2019-10-05T13:11:38.113+0000: 477.537: [GC (Allocation Failure) 2019-10-05T13:11:38.113+0000: 477.537: [DefNew: 409799K->182K(460800K), 0.0032007 secs] 499732K->90131K(1484800K), 0.0032903 secs] [Times: user=0.00 sys=0.00, real=0.00 secs] 
2019-10-05T13:11:40.741+0000: 480.164: [GC (Allocation Failure) 2019-10-05T13:11:40.741+0000: 480.164: [DefNew: 409782K->163K(460800K), 0.0030642 secs] 499731K->90132K(1484800K), 0.0031462 secs] [Times: user=0.00 sys=0.00, real=0.00 secs] 
2019-10-05T13:11:43.438+0000: 482.863: [GC (Allocation Failure) 2019-10-05T13:11:43.439+0000: 482.863: [DefNew: 409763K->161K(460800K), 0.0032713 secs] 499732K->90155K(1484800K), 0.0043376 secs] [Times: user=0.01 sys=0.00, real=0.01 secs] 
2019-10-05T13:11:46.029+0000: 485.452: [GC (Allocation Failure) 2019-10-05T13:11:46.029+0000: 485.452: [DefNew: 409761K->346K(460800K), 0.0035383 secs] 499755K->90362K(1484800K), 0.0036177 secs] [Times: user=0.01 sys=0.00, real=0.01 secs] 
13:11:47.671 [Client] INFO  c.s.f.r.e.s.SocketRear  - FlameSocketGraphDeployerRear@flamestream-benchmarks-worker-1: has been disconnected from Connection 1
13:11:47.676 [worker-akka.actor.default-dispatcher-12] INFO  a.a.LocalActorRef akka://worker/user/watcher/acker - Unregistering front FlameSocketGraphDeployerFront@flamestream-benchmarks-worker-29
13:11:47.677 [worker-akka.actor.default-dispatcher-12] INFO  a.a.LocalActorRef akka://worker/user/watcher/acker - Unregistering front FlameSocketGraphDeployerFront@flamestream-benchmarks-worker-32
13:11:47.682 [worker-akka.actor.default-dispatcher-12] INFO  a.a.LocalActorRef akka://worker/user/watcher/acker - Unregistering front FlameSocketGraphDeployerFront@flamestream-benchmarks-worker-48
13:11:47.682 [worker-akka.actor.default-dispatcher-12] INFO  a.a.LocalActorRef akka://worker/user/watcher/acker - Unregistering front FlameSocketGraphDeployerFront@flamestream-benchmarks-worker-30
13:11:47.682 [worker-akka.actor.default-dispatcher-12] INFO  a.a.LocalActorRef akka://worker/user/watcher/acker - Unregistering front FlameSocketGraphDeployerFront@flamestream-benchmarks-worker-76
13:11:47.682 [worker-akka.actor.default-dispatcher-12] INFO  a.a.LocalActorRef akka://worker/user/watcher/acker - Unregistering front FlameSocketGraphDeployerFront@flamestream-benchmarks-worker-59
13:11:47.682 [worker-akka.actor.default-dispatcher-12] INFO  a.a.LocalActorRef akka://worker/user/watcher/acker - Unregistering front FlameSocketGraphDeployerFront@flamestream-benchmarks-worker-55
13:11:47.683 [worker-akka.actor.default-dispatcher-12] INFO  a.a.LocalActorRef akka://worker/user/watcher/acker - Unregistering front FlameSocketGraphDeployerFront@flamestream-benchmarks-worker-20
13:11:47.683 [worker-akka.actor.default-dispatcher-12] INFO  a.a.LocalActorRef akka://worker/user/watcher/acker - Unregistering front FlameSocketGraphDeployerFront@flamestream-benchmarks-worker-68
13:11:47.683 [worker-akka.actor.default-dispatcher-12] INFO  a.a.LocalActorRef akka://worker/user/watcher/acker - Unregistering front FlameSocketGraphDeployerFront@flamestream-benchmarks-worker-97
13:11:47.683 [worker-akka.actor.default-dispatcher-12] INFO  a.a.LocalActorRef akka://worker/user/watcher/acker - Unregistering front FlameSocketGraphDeployerFront@flamestream-benchmarks-worker-43
13:11:47.683 [worker-akka.actor.default-dispatcher-12] INFO  a.a.LocalActorRef akka://worker/user/watcher/acker - Unregistering front FlameSocketGraphDeployerFront@flamestream-benchmarks-worker-15
13:11:47.683 [worker-akka.actor.default-dispatcher-12] INFO  a.a.LocalActorRef akka://worker/user/watcher/acker - Unregistering front FlameSocketGraphDeployerFront@flamestream-benchmarks-worker-8
13:11:47.683 [worker-akka.actor.default-dispatcher-12] INFO  a.a.LocalActorRef akka://worker/user/watcher/acker - Unregistering front FlameSocketGraphDeployerFront@flamestream-benchmarks-worker-51
13:11:47.683 [worker-akka.actor.default-dispatcher-12] INFO  a.a.LocalActorRef akka://worker/user/watcher/acker - Unregistering front FlameSocketGraphDeployerFront@flamestream-benchmarks-worker-26
13:11:47.683 [worker-akka.actor.default-dispatcher-12] INFO  a.a.LocalActorRef akka://worker/user/watcher/acker - Unregistering front FlameSocketGraphDeployerFront@flamestream-benchmarks-worker-57
13:11:47.683 [worker-akka.actor.default-dispatcher-12] INFO  a.a.LocalActorRef akka://worker/user/watcher/acker - Unregistering front FlameSocketGraphDeployerFront@flamestream-benchmarks-worker-72
13:11:47.690 [worker-akka.actor.default-dispatcher-16] INFO  a.a.LocalActorRef akka://worker/user/watcher/acker - Unregistering front FlameSocketGraphDeployerFront@flamestream-benchmarks-worker-65
13:11:47.691 [worker-akka.actor.default-dispatcher-16] INFO  a.a.LocalActorRef akka://worker/user/watcher/acker - Unregistering front FlameSocketGraphDeployerFront@flamestream-benchmarks-worker-50
13:11:47.691 [worker-akka.actor.default-dispatcher-16] INFO  a.a.LocalActorRef akka://worker/user/watcher/acker - Unregistering front FlameSocketGraphDeployerFront@flamestream-benchmarks-worker-52
13:11:47.691 [worker-akka.actor.default-dispatcher-16] INFO  a.a.LocalActorRef akka://worker/user/watcher/acker - Unregistering front FlameSocketGraphDeployerFront@flamestream-benchmarks-worker-98
13:11:47.691 [worker-akka.actor.default-dispatcher-16] INFO  a.a.LocalActorRef akka://worker/user/watcher/acker - Unregistering front FlameSocketGraphDeployerFront@flamestream-benchmarks-worker-96
13:11:47.691 [worker-akka.actor.default-dispatcher-16] INFO  a.a.LocalActorRef akka://worker/user/watcher/acker - Unregistering front FlameSocketGraphDeployerFront@flamestream-benchmarks-worker-67
13:11:47.691 [worker-akka.actor.default-dispatcher-16] INFO  a.a.LocalActorRef akka://worker/user/watcher/acker - Unregistering front FlameSocketGraphDeployerFront@flamestream-benchmarks-worker-39
13:11:47.691 [worker-akka.actor.default-dispatcher-16] INFO  a.a.LocalActorRef akka://worker/user/watcher/acker - Unregistering front FlameSocketGraphDeployerFront@flamestream-benchmarks-worker-11
13:11:47.691 [worker-akka.actor.default-dispatcher-16] INFO  a.a.LocalActorRef akka://worker/user/watcher/acker - Unregistering front FlameSocketGraphDeployerFront@flamestream-benchmarks-worker-99
13:11:47.691 [worker-akka.actor.default-dispatcher-16] INFO  a.a.LocalActorRef akka://worker/user/watcher/acker - Unregistering front FlameSocketGraphDeployerFront@flamestream-benchmarks-worker-89
13:11:47.691 [worker-akka.actor.default-dispatcher-16] INFO  a.a.LocalActorRef akka://worker/user/watcher/acker - Unregistering front FlameSocketGraphDeployerFront@flamestream-benchmarks-worker-56
13:11:47.691 [worker-akka.actor.default-dispatcher-16] INFO  a.a.LocalActorRef akka://worker/user/watcher/acker - Unregistering front FlameSocketGraphDeployerFront@flamestream-benchmarks-worker-40
13:11:47.691 [worker-akka.actor.default-dispatcher-16] INFO  a.a.LocalActorRef akka://worker/user/watcher/acker - Unregistering front FlameSocketGraphDeployerFront@flamestream-benchmarks-worker-38
13:11:47.692 [worker-akka.actor.default-dispatcher-16] INFO  a.a.LocalActorRef akka://worker/user/watcher/acker - Unregistering front FlameSocketGraphDeployerFront@flamestream-benchmarks-worker-27
13:11:47.692 [worker-akka.actor.default-dispatcher-16] INFO  a.a.LocalActorRef akka://worker/user/watcher/acker - Unregistering front FlameSocketGraphDeployerFront@flamestream-benchmarks-worker-88
13:11:47.692 [worker-akka.actor.default-dispatcher-17] INFO  a.a.LocalActorRef akka://worker/user/watcher/acker - Unregistering front FlameSocketGraphDeployerFront@flamestream-benchmarks-worker-85
13:11:47.692 [worker-akka.actor.default-dispatcher-17] INFO  a.a.LocalActorRef akka://worker/user/watcher/acker - Unregistering front FlameSocketGraphDeployerFront@flamestream-benchmarks-worker-37
13:11:47.692 [worker-akka.actor.default-dispatcher-17] INFO  a.a.LocalActorRef akka://worker/user/watcher/acker - Unregistering front FlameSocketGraphDeployerFront@flamestream-benchmarks-worker-35
13:11:47.692 [worker-akka.actor.default-dispatcher-17] INFO  a.a.LocalActorRef akka://worker/user/watcher/acker - Unregistering front FlameSocketGraphDeployerFront@flamestream-benchmarks-worker-36
13:11:47.692 [worker-akka.actor.default-dispatcher-17] INFO  a.a.LocalActorRef akka://worker/user/watcher/acker - Unregistering front FlameSocketGraphDeployerFront@flamestream-benchmarks-worker-64
13:11:47.693 [worker-akka.actor.default-dispatcher-17] INFO  a.a.LocalActorRef akka://worker/user/watcher/acker - Unregistering front FlameSocketGraphDeployerFront@flamestream-benchmarks-worker-45
13:11:47.693 [worker-akka.actor.default-dispatcher-17] INFO  a.a.LocalActorRef akka://worker/user/watcher/acker - Unregistering front FlameSocketGraphDeployerFront@flamestream-benchmarks-worker-60
13:11:47.693 [worker-akka.actor.default-dispatcher-17] INFO  a.a.LocalActorRef akka://worker/user/watcher/acker - Unregistering front FlameSocketGraphDeployerFront@flamestream-benchmarks-worker-44
13:11:47.693 [worker-akka.actor.default-dispatcher-17] INFO  a.a.LocalActorRef akka://worker/user/watcher/acker - Unregistering front FlameSocketGraphDeployerFront@flamestream-benchmarks-worker-24
13:11:47.693 [worker-akka.actor.default-dispatcher-17] INFO  a.a.LocalActorRef akka://worker/user/watcher/acker - Unregistering front FlameSocketGraphDeployerFront@flamestream-benchmarks-worker-46
13:11:47.693 [worker-akka.actor.default-dispatcher-17] INFO  a.a.LocalActorRef akka://worker/user/watcher/acker - Unregistering front FlameSocketGraphDeployerFront@flamestream-benchmarks-worker-77
13:11:47.693 [worker-akka.actor.default-dispatcher-17] INFO  a.a.LocalActorRef akka://worker/user/watcher/acker - Unregistering front FlameSocketGraphDeployerFront@flamestream-benchmarks-worker-71
13:11:47.701 [worker-akka.actor.default-dispatcher-16] INFO  a.a.LocalActorRef akka://worker/user/watcher/acker - Unregistering front FlameSocketGraphDeployerFront@flamestream-benchmarks-worker-94
13:11:47.701 [worker-akka.actor.default-dispatcher-16] INFO  a.a.LocalActorRef akka://worker/user/watcher/acker - Unregistering front FlameSocketGraphDeployerFront@flamestream-benchmarks-worker-61
13:11:47.701 [worker-akka.actor.default-dispatcher-16] INFO  a.a.LocalActorRef akka://worker/user/watcher/acker - Unregistering front FlameSocketGraphDeployerFront@flamestream-benchmarks-worker-95
13:11:47.701 [worker-akka.actor.default-dispatcher-16] INFO  a.a.LocalActorRef akka://worker/user/watcher/acker - Unregistering front FlameSocketGraphDeployerFront@flamestream-benchmarks-worker-5
13:11:47.701 [worker-akka.actor.default-dispatcher-16] INFO  a.a.LocalActorRef akka://worker/user/watcher/acker - Unregistering front FlameSocketGraphDeployerFront@flamestream-benchmarks-worker-87
13:11:47.701 [worker-akka.actor.default-dispatcher-16] INFO  a.a.LocalActorRef akka://worker/user/watcher/acker - Unregistering front FlameSocketGraphDeployerFront@flamestream-benchmarks-worker-63
13:11:47.702 [worker-akka.actor.default-dispatcher-16] INFO  a.a.LocalActorRef akka://worker/user/watcher/acker - Unregistering front FlameSocketGraphDeployerFront@flamestream-benchmarks-worker-93
13:11:47.702 [worker-akka.actor.default-dispatcher-16] INFO  a.a.LocalActorRef akka://worker/user/watcher/acker - Unregistering front FlameSocketGraphDeployerFront@flamestream-benchmarks-worker-25
13:11:47.702 [worker-akka.actor.default-dispatcher-16] INFO  a.a.LocalActorRef akka://worker/user/watcher/acker - Unregistering front FlameSocketGraphDeployerFront@flamestream-benchmarks-worker-3
13:11:47.702 [worker-akka.actor.default-dispatcher-16] INFO  a.a.LocalActorRef akka://worker/user/watcher/acker - Unregistering front FlameSocketGraphDeployerFront@flamestream-benchmarks-worker-22
13:11:47.702 [worker-akka.actor.default-dispatcher-16] INFO  a.a.LocalActorRef akka://worker/user/watcher/acker - Unregistering front FlameSocketGraphDeployerFront@flamestream-benchmarks-worker-82
13:11:47.702 [worker-akka.actor.default-dispatcher-16] INFO  a.a.LocalActorRef akka://worker/user/watcher/acker - Unregistering front FlameSocketGraphDeployerFront@flamestream-benchmarks-worker-21
13:11:47.702 [worker-akka.actor.default-dispatcher-16] INFO  a.a.LocalActorRef akka://worker/user/watcher/acker - Unregistering front FlameSocketGraphDeployerFront@flamestream-benchmarks-worker-74
13:11:47.702 [worker-akka.actor.default-dispatcher-16] INFO  a.a.LocalActorRef akka://worker/user/watcher/acker - Unregistering front FlameSocketGraphDeployerFront@flamestream-benchmarks-worker-83
13:11:47.704 [worker-akka.actor.default-dispatcher-16] INFO  a.a.LocalActorRef akka://worker/user/watcher/acker - Unregistering front FlameSocketGraphDeployerFront@flamestream-benchmarks-worker-41
13:11:47.705 [worker-akka.actor.default-dispatcher-6] INFO  a.a.LocalActorRef akka://worker/user/watcher/acker - Unregistering front FlameSocketGraphDeployerFront@flamestream-benchmarks-worker-33
13:11:47.705 [worker-akka.actor.default-dispatcher-6] INFO  a.a.LocalActorRef akka://worker/user/watcher/acker - Unregistering front FlameSocketGraphDeployerFront@flamestream-benchmarks-worker-69
13:11:47.710 [worker-akka.actor.default-dispatcher-16] INFO  a.a.LocalActorRef akka://worker/user/watcher/acker - Unregistering front FlameSocketGraphDeployerFront@flamestream-benchmarks-worker-84
13:11:47.714 [worker-akka.actor.default-dispatcher-16] INFO  a.a.LocalActorRef akka://worker/user/watcher/acker - Unregistering front FlameSocketGraphDeployerFront@flamestream-benchmarks-worker-12
13:11:47.714 [worker-akka.actor.default-dispatcher-16] INFO  a.a.LocalActorRef akka://worker/user/watcher/acker - Unregistering front FlameSocketGraphDeployerFront@flamestream-benchmarks-worker-16
13:11:47.718 [worker-akka.actor.default-dispatcher-16] INFO  a.a.LocalActorRef akka://worker/user/watcher/acker - Unregistering front FlameSocketGraphDeployerFront@flamestream-benchmarks-worker-14
13:11:47.718 [worker-akka.actor.default-dispatcher-16] INFO  a.a.LocalActorRef akka://worker/user/watcher/acker - Unregistering front FlameSocketGraphDeployerFront@flamestream-benchmarks-worker-10
13:11:47.719 [worker-akka.actor.default-dispatcher-16] WARN  c.s.f.r.e.s.SocketRear  - FlameSocketGraphDeployerRear@flamestream-benchmarks-worker-1: writing to closed log
13:11:47.724 [worker-akka.actor.default-dispatcher-9] INFO  a.a.LocalActorRef akka://worker/user/watcher/acker - Unregistering front FlameSocketGraphDeployerFront@flamestream-benchmarks-worker-19
13:11:47.729 [worker-akka.actor.default-dispatcher-9] INFO  a.a.LocalActorRef akka://worker/user/watcher/acker - Unregistering front FlameSocketGraphDeployerFront@flamestream-benchmarks-worker-86
13:11:47.732 [worker-akka.actor.default-dispatcher-9] INFO  a.a.LocalActorRef akka://worker/user/watcher/acker - Unregistering front FlameSocketGraphDeployerFront@flamestream-benchmarks-worker-80
13:11:47.732 [worker-akka.actor.default-dispatcher-9] INFO  a.a.LocalActorRef akka://worker/user/watcher/acker - Unregistering front FlameSocketGraphDeployerFront@flamestream-benchmarks-worker-6
13:11:47.732 [worker-akka.actor.default-dispatcher-9] INFO  a.a.LocalActorRef akka://worker/user/watcher/acker - Unregistering front FlameSocketGraphDeployerFront@flamestream-benchmarks-worker-18
13:11:47.732 [worker-akka.actor.default-dispatcher-9] INFO  a.a.LocalActorRef akka://worker/user/watcher/acker - Unregistering front FlameSocketGraphDeployerFront@flamestream-benchmarks-worker-34
13:11:47.732 [worker-akka.actor.default-dispatcher-9] INFO  a.a.LocalActorRef akka://worker/user/watcher/acker - Unregistering front FlameSocketGraphDeployerFront@flamestream-benchmarks-worker-31
13:11:47.734 [worker-akka.actor.default-dispatcher-9] INFO  a.a.LocalActorRef akka://worker/user/watcher/acker - Unregistering front FlameSocketGraphDeployerFront@flamestream-benchmarks-worker-28
13:11:47.734 [worker-akka.actor.default-dispatcher-9] INFO  a.a.LocalActorRef akka://worker/user/watcher/acker - Unregistering front FlameSocketGraphDeployerFront@flamestream-benchmarks-worker-66
13:11:47.734 [worker-akka.actor.default-dispatcher-9] INFO  a.a.LocalActorRef akka://worker/user/watcher/acker - Unregistering front FlameSocketGraphDeployerFront@flamestream-benchmarks-worker-78
13:11:47.739 [worker-akka.actor.default-dispatcher-9] INFO  a.a.LocalActorRef akka://worker/user/watcher/acker - Unregistering front FlameSocketGraphDeployerFront@flamestream-benchmarks-worker-13
13:11:47.743 [worker-akka.actor.default-dispatcher-9] INFO  a.a.LocalActorRef akka://worker/user/watcher/acker - Unregistering front FlameSocketGraphDeployerFront@flamestream-benchmarks-worker-54
13:11:47.745 [worker-akka.actor.default-dispatcher-9] INFO  a.a.LocalActorRef akka://worker/user/watcher/acker - Unregistering front FlameSocketGraphDeployerFront@flamestream-benchmarks-worker-73
13:11:47.770 [worker-akka.actor.default-dispatcher-9] INFO  a.a.LocalActorRef akka://worker/user/watcher/acker - Unregistering front FlameSocketGraphDeployerFront@flamestream-benchmarks-worker-9
13:11:47.824 [worker-akka.actor.default-dispatcher-9] INFO  a.a.LocalActorRef akka://worker/user/watcher/acker - Unregistering front FlameSocketGraphDeployerFront@flamestream-benchmarks-worker-70
13:11:47.824 [worker-akka.actor.default-dispatcher-9] INFO  a.a.LocalActorRef akka://worker/user/watcher/acker - Unregistering front FlameSocketGraphDeployerFront@flamestream-benchmarks-worker-17
13:11:47.824 [worker-akka.actor.default-dispatcher-9] INFO  a.a.LocalActorRef akka://worker/user/watcher/acker - Unregistering front FlameSocketGraphDeployerFront@flamestream-benchmarks-worker-62
13:11:47.832 [worker-akka.actor.default-dispatcher-9] INFO  a.a.LocalActorRef akka://worker/user/watcher/acker - Unregistering front FlameSocketGraphDeployerFront@flamestream-benchmarks-worker-90
13:11:47.832 [worker-akka.actor.default-dispatcher-9] INFO  a.a.LocalActorRef akka://worker/user/watcher/acker - Unregistering front FlameSocketGraphDeployerFront@flamestream-benchmarks-worker-79
13:11:47.832 [worker-akka.actor.default-dispatcher-9] INFO  a.a.LocalActorRef akka://worker/user/watcher/acker - Unregistering front FlameSocketGraphDeployerFront@flamestream-benchmarks-worker-91
13:11:47.832 [worker-akka.actor.default-dispatcher-9] INFO  a.a.LocalActorRef akka://worker/user/watcher/acker - Unregistering front FlameSocketGraphDeployerFront@flamestream-benchmarks-worker-4
13:11:47.832 [worker-akka.actor.default-dispatcher-9] INFO  a.a.LocalActorRef akka://worker/user/watcher/acker - Unregistering front FlameSocketGraphDeployerFront@flamestream-benchmarks-worker-47
13:11:47.836 [worker-akka.actor.default-dispatcher-9] INFO  a.a.LocalActorRef akka://worker/user/watcher/acker - Unregistering front FlameSocketGraphDeployerFront@flamestream-benchmarks-worker-49
13:11:47.836 [worker-akka.actor.default-dispatcher-9] INFO  a.a.LocalActorRef akka://worker/user/watcher/acker - Unregistering front FlameSocketGraphDeployerFront@flamestream-benchmarks-worker-42
13:11:47.839 [worker-akka.actor.default-dispatcher-9] INFO  a.a.LocalActorRef akka://worker/user/watcher/acker - Unregistering front FlameSocketGraphDeployerFront@flamestream-benchmarks-worker-92
13:11:47.839 [worker-akka.actor.default-dispatcher-9] INFO  a.a.LocalActorRef akka://worker/user/watcher/acker - Unregistering front FlameSocketGraphDeployerFront@flamestream-benchmarks-worker-53
13:11:47.839 [worker-akka.actor.default-dispatcher-9] INFO  a.a.LocalActorRef akka://worker/user/watcher/acker - Unregistering front FlameSocketGraphDeployerFront@flamestream-benchmarks-worker-58
13:11:47.839 [worker-akka.actor.default-dispatcher-9] INFO  a.a.LocalActorRef akka://worker/user/watcher/acker - Unregistering front FlameSocketGraphDeployerFront@flamestream-benchmarks-worker-7
13:11:47.843 [worker-akka.actor.default-dispatcher-9] INFO  a.a.LocalActorRef akka://worker/user/watcher/acker - Unregistering front FlameSocketGraphDeployerFront@flamestream-benchmarks-worker-75
13:11:47.845 [worker-akka.actor.default-dispatcher-9] INFO  a.a.LocalActorRef akka://worker/user/watcher/acker - Unregistering front FlameSocketGraphDeployerFront@flamestream-benchmarks-worker-81
13:11:47.845 [worker-akka.actor.default-dispatcher-9] INFO  a.a.LocalActorRef akka://worker/user/watcher/acker - Unregistering front FlameSocketGraphDeployerFront@flamestream-benchmarks-worker-23
13:11:47.877 [worker-akka.actor.default-dispatcher-9] WARN  c.s.f.r.e.s.SocketRear  - FlameSocketGraphDeployerRear@flamestream-benchmarks-worker-1: writing to closed log
13:11:47.983 [worker-akka.actor.default-dispatcher-9] WARN  c.s.f.r.e.s.SocketRear  - FlameSocketGraphDeployerRear@flamestream-benchmarks-worker-1: writing to closed log
13:13:37.480 [worker-akka.actor.default-dispatcher-6] INFO  a.a.LocalActorRef akka://worker/user/watcher/acker - Stopped
13:13:37.481 [worker-akka.actor.default-dispatcher-12] INFO  a.a.LocalActorRef akka://worker/user/watcher/processing-watcher/graph/edge/FlameSocketGraphDeployerFront - Stopped
13:13:37.509 [worker-akka.actor.default-dispatcher-17] INFO  a.a.LocalActorRef akka://worker/user/watcher/processing-watcher/graph/edge/FlameSocketGraphDeployerRear - Stopped
13:13:37.509 [worker-akka.actor.default-dispatcher-17] INFO  a.a.LocalActorRef akka://worker/user/watcher/processing-watcher/graph/edge - Stopped
13:13:37.509 [worker-akka.actor.default-dispatcher-17] INFO  a.a.LocalActorRef akka://worker/user/watcher/processing-watcher/graph/negotiator - Stopped
13:13:37.509 [worker-akka.actor.default-dispatcher-17] INFO  a.a.LocalActorRef akka://worker/user/watcher/processing-watcher/$d/$a - Stopped
13:13:37.510 [worker-akka.actor.default-dispatcher-17] INFO  a.a.LocalActorRef akka://worker/user/watcher/processing-watcher/$d - Stopped
13:13:37.510 [worker-akka.actor.default-dispatcher-17] INFO  a.a.LocalActorRef akka://worker/user/watcher/processing-watcher/graph/graph/$+ - Stopped
13:13:37.510 [worker-akka.actor.default-dispatcher-17] INFO  a.a.LocalActorRef akka://worker/user/watcher/processing-watcher/graph/graph/$0 - Stopped
13:13:37.510 [worker-akka.actor.default-dispatcher-17] INFO  a.a.LocalActorRef akka://worker/user/watcher/processing-watcher/graph/graph/$1 - Stopped
13:13:37.510 [worker-akka.actor.default-dispatcher-17] INFO  a.a.LocalActorRef akka://worker/user/watcher/processing-watcher/graph/graph/$2 - Stopped
13:13:37.510 [worker-akka.actor.default-dispatcher-17] INFO  a.a.LocalActorRef akka://worker/user/watcher/processing-watcher/graph/graph/$3 - Stopped
13:13:37.510 [worker-akka.actor.default-dispatcher-17] INFO  a.a.LocalActorRef akka://worker/user/watcher/processing-watcher/graph/graph/$4 - Stopped
13:13:37.510 [worker-akka.actor.default-dispatcher-17] INFO  a.a.LocalActorRef akka://worker/user/watcher/processing-watcher/graph/graph/$5 - Stopped
13:13:37.510 [worker-akka.actor.default-dispatcher-17] INFO  a.a.LocalActorRef akka://worker/user/watcher/processing-watcher/graph/graph/$6 - Stopped
13:13:37.510 [worker-akka.actor.default-dispatcher-17] INFO  a.a.LocalActorRef akka://worker/user/watcher/processing-watcher/graph/graph/$7 - Stopped
13:13:37.510 [worker-akka.actor.default-dispatcher-17] INFO  a.a.LocalActorRef akka://worker/user/watcher/processing-watcher/graph/graph/$8 - Stopped
13:13:37.510 [worker-akka.actor.default-dispatcher-17] INFO  a.a.LocalActorRef akka://worker/user/watcher/processing-watcher/graph/graph/$9 - Stopped
13:13:37.510 [worker-akka.actor.default-dispatcher-17] INFO  a.a.LocalActorRef akka://worker/user/watcher/processing-watcher/graph/graph/$A - Stopped
13:13:37.510 [worker-akka.actor.default-dispatcher-17] INFO  a.a.LocalActorRef akka://worker/user/watcher/processing-watcher/graph/graph/$Ab - Stopped
13:13:37.510 [worker-akka.actor.default-dispatcher-17] INFO  a.a.LocalActorRef akka://worker/user/watcher/processing-watcher/graph/graph/$B - Stopped
13:13:37.510 [worker-akka.actor.default-dispatcher-17] INFO  a.a.LocalActorRef akka://worker/user/watcher/processing-watcher/graph/graph/$Bb - Stopped
13:13:37.510 [worker-akka.actor.default-dispatcher-17] INFO  a.a.LocalActorRef akka://worker/user/watcher/processing-watcher/graph/graph/$C - Stopped
13:13:37.510 [worker-akka.actor.default-dispatcher-17] INFO  a.a.LocalActorRef akka://worker/user/watcher/processing-watcher/graph/graph/$Cb - Stopped
13:13:37.510 [worker-akka.actor.default-dispatcher-17] INFO  a.a.LocalActorRef akka://worker/user/watcher/processing-watcher/graph/graph/$D - Stopped
13:13:37.513 [worker-akka.actor.default-dispatcher-26] INFO  a.a.LocalActorRef akka://worker/user/watcher/processing-watcher/graph/graph/$Db - Stopped
13:13:37.514 [worker-akka.actor.default-dispatcher-26] INFO  a.a.LocalActorRef akka://worker/user/watcher/processing-watcher/graph/graph/$E - Stopped
13:13:37.515 [worker-akka.actor.default-dispatcher-26] INFO  a.a.LocalActorRef akka://worker/user/watcher/processing-watcher/graph/graph/$Eb - Stopped
13:13:37.516 [worker-akka.actor.default-dispatcher-26] INFO  a.a.LocalActorRef akka://worker/user/watcher/processing-watcher/graph/graph/$F - Stopped
13:13:37.517 [worker-akka.actor.default-dispatcher-26] INFO  a.a.LocalActorRef akka://worker/user/watcher/processing-watcher/graph/graph/$Fb - Stopped
13:13:37.517 [worker-akka.actor.default-dispatcher-26] INFO  a.a.LocalActorRef akka://worker/user/watcher/processing-watcher/graph/graph/$G - Stopped
13:13:37.518 [worker-akka.actor.default-dispatcher-26] INFO  a.a.LocalActorRef akka://worker/user/watcher/processing-watcher/graph/graph/$Gb - Stopped
13:13:37.519 [worker-akka.actor.default-dispatcher-25] INFO  a.a.LocalActorRef akka://worker/user/watcher/processing-watcher/graph/graph/$H - Stopped
13:13:37.519 [worker-akka.actor.default-dispatcher-25] INFO  a.a.LocalActorRef akka://worker/user/watcher/processing-watcher/graph/graph/$Hb - Stopped
13:13:37.519 [worker-akka.actor.default-dispatcher-25] INFO  a.a.LocalActorRef akka://worker/user/watcher/processing-watcher/graph/graph/$I - Stopped
13:13:37.519 [worker-akka.actor.default-dispatcher-25] INFO  a.a.LocalActorRef akka://worker/user/watcher/processing-watcher/graph/graph/$Ib - Stopped
13:13:37.519 [worker-akka.actor.default-dispatcher-25] INFO  a.a.LocalActorRef akka://worker/user/watcher/processing-watcher/graph/graph/$J - Stopped
13:13:37.520 [worker-akka.actor.default-dispatcher-24] INFO  a.a.LocalActorRef akka://worker/user/watcher/processing-watcher/graph/graph/$Jb - Stopped
13:13:37.520 [worker-akka.actor.default-dispatcher-24] INFO  a.a.LocalActorRef akka://worker/user/watcher/processing-watcher/graph/graph/$K - Stopped
13:13:37.520 [worker-akka.actor.default-dispatcher-26] INFO  a.a.LocalActorRef akka://worker/user/watcher/processing-watcher/graph/graph/$Kb - Stopped
13:13:37.520 [worker-akka.actor.default-dispatcher-26] INFO  a.a.LocalActorRef akka://worker/user/watcher/processing-watcher/graph/graph/$L - Stopped
13:13:37.520 [worker-akka.actor.default-dispatcher-26] INFO  a.a.LocalActorRef akka://worker/user/watcher/processing-watcher/graph/graph/$Lb - Stopped
13:13:37.521 [worker-akka.actor.default-dispatcher-26] INFO  a.a.LocalActorRef akka://worker/user/watcher/processing-watcher/graph/graph/$M - Stopped
13:13:37.522 [worker-akka.actor.default-dispatcher-25] INFO  a.a.LocalActorRef akka://worker/user/watcher/processing-watcher/graph/graph/$Mb - Stopped
13:13:37.523 [worker-akka.actor.default-dispatcher-25] INFO  a.a.LocalActorRef akka://worker/user/watcher/processing-watcher/graph/graph/$N - Stopped
13:13:37.524 [worker-akka.actor.default-dispatcher-25] INFO  a.a.LocalActorRef akka://worker/user/watcher/processing-watcher/graph/graph/$Nb - Stopped
13:13:37.524 [worker-akka.actor.default-dispatcher-25] INFO  a.a.LocalActorRef akka://worker/user/watcher/processing-watcher/graph/graph/$O - Stopped
13:13:37.525 [worker-akka.actor.default-dispatcher-25] INFO  a.a.LocalActorRef akka://worker/user/watcher/processing-watcher/graph/graph/$P - Stopped
13:13:37.525 [worker-akka.actor.default-dispatcher-25] INFO  a.a.LocalActorRef akka://worker/user/watcher/processing-watcher/graph/graph/$Q - Stopped
13:13:37.526 [worker-akka.actor.default-dispatcher-25] INFO  a.a.LocalActorRef akka://worker/user/watcher/processing-watcher/graph/graph/$R - Stopped
13:13:37.527 [worker-akka.actor.default-dispatcher-25] INFO  a.a.LocalActorRef akka://worker/user/watcher/processing-watcher/graph/graph/$S - Stopped
13:13:37.528 [worker-akka.actor.default-dispatcher-25] INFO  a.a.LocalActorRef akka://worker/user/watcher/processing-watcher/graph/graph/$T - Stopped
13:13:37.528 [worker-akka.actor.default-dispatcher-25] INFO  a.a.LocalActorRef akka://worker/user/watcher/processing-watcher/graph/graph/$U - Stopped
13:13:37.529 [worker-akka.actor.default-dispatcher-25] INFO  a.a.LocalActorRef akka://worker/user/watcher/processing-watcher/graph/graph/$V - Stopped
13:13:37.529 [worker-akka.actor.default-dispatcher-25] INFO  a.a.LocalActorRef akka://worker/user/watcher/processing-watcher/graph/graph/$W - Stopped
13:13:37.530 [worker-akka.actor.default-dispatcher-25] INFO  a.a.LocalActorRef akka://worker/user/watcher/processing-watcher/graph/graph/$X - Stopped
13:13:37.531 [worker-akka.actor.default-dispatcher-25] INFO  a.a.LocalActorRef akka://worker/user/watcher/processing-watcher/graph/graph/$Y - Stopped
13:13:37.531 [worker-akka.actor.default-dispatcher-25] INFO  a.a.LocalActorRef akka://worker/user/watcher/processing-watcher/graph/graph/$Z - Stopped
13:13:37.532 [worker-akka.actor.default-dispatcher-25] INFO  a.a.LocalActorRef akka://worker/user/watcher/processing-watcher/graph/graph/$a - Stopped
13:13:37.533 [worker-akka.actor.default-dispatcher-25] INFO  a.a.LocalActorRef akka://worker/user/watcher/processing-watcher/graph/graph/$ab - Stopped
13:13:37.534 [worker-akka.actor.default-dispatcher-25] INFO  a.a.LocalActorRef akka://worker/user/watcher/processing-watcher/graph/graph/$b - Stopped
13:13:37.534 [worker-akka.actor.default-dispatcher-25] INFO  a.a.LocalActorRef akka://worker/user/watcher/processing-watcher/graph/graph/$bb - Stopped
13:13:37.535 [worker-akka.actor.default-dispatcher-25] INFO  a.a.LocalActorRef akka://worker/user/watcher/processing-watcher/graph/graph/$c - Stopped
13:13:37.536 [worker-akka.actor.default-dispatcher-25] INFO  a.a.LocalActorRef akka://worker/user/watcher/processing-watcher/graph/graph/$cb - Stopped
13:13:37.536 [worker-akka.actor.default-dispatcher-25] INFO  a.a.LocalActorRef akka://worker/user/watcher/processing-watcher/graph/graph/$d - Stopped
13:13:37.537 [worker-akka.actor.default-dispatcher-25] INFO  a.a.LocalActorRef akka://worker/user/watcher/processing-watcher/graph/graph/$db - Stopped
13:13:37.538 [worker-akka.actor.default-dispatcher-25] INFO  a.a.LocalActorRef akka://worker/user/watcher/processing-watcher/graph/graph/$e - Stopped
13:13:37.538 [worker-akka.actor.default-dispatcher-25] INFO  a.a.LocalActorRef akka://worker/user/watcher/processing-watcher/graph/graph/$eb - Stopped
13:13:37.539 [worker-akka.actor.default-dispatcher-25] INFO  a.a.LocalActorRef akka://worker/user/watcher/processing-watcher/graph/graph/$f - Stopped
13:13:37.540 [worker-akka.actor.default-dispatcher-25] INFO  a.a.LocalActorRef akka://worker/user/watcher/processing-watcher/graph/graph/$fb - Stopped
13:13:37.540 [worker-akka.actor.default-dispatcher-25] INFO  a.a.LocalActorRef akka://worker/user/watcher/processing-watcher/graph/graph/$g - Stopped
13:13:37.541 [worker-akka.actor.default-dispatcher-25] INFO  a.a.LocalActorRef akka://worker/user/watcher/processing-watcher/graph/graph/$gb - Stopped
13:13:37.542 [worker-akka.actor.default-dispatcher-25] INFO  a.a.LocalActorRef akka://worker/user/watcher/processing-watcher/graph/graph/$h - Stopped
13:13:37.543 [worker-akka.actor.default-dispatcher-25] INFO  a.a.LocalActorRef akka://worker/user/watcher/processing-watcher/graph/graph/$hb - Stopped
13:13:37.543 [worker-akka.actor.default-dispatcher-25] INFO  a.a.LocalActorRef akka://worker/user/watcher/processing-watcher/graph/graph/$i - Stopped
13:13:37.544 [worker-akka.actor.default-dispatcher-25] INFO  a.a.LocalActorRef akka://worker/user/watcher/processing-watcher/graph/graph/$ib - Stopped
13:13:37.544 [worker-akka.actor.default-dispatcher-25] INFO  a.a.LocalActorRef akka://worker/user/watcher/processing-watcher/graph/graph/$j - Stopped
13:13:37.545 [worker-akka.actor.default-dispatcher-25] INFO  a.a.LocalActorRef akka://worker/user/watcher/processing-watcher/graph/graph/$jb - Stopped
13:13:37.545 [worker-akka.actor.default-dispatcher-25] INFO  a.a.LocalActorRef akka://worker/user/watcher/processing-watcher/graph/graph/$k - Stopped
13:13:37.546 [worker-akka.actor.default-dispatcher-25] INFO  a.a.LocalActorRef akka://worker/user/watcher/processing-watcher/graph/graph/$kb - Stopped
13:13:37.546 [worker-akka.actor.default-dispatcher-25] INFO  a.a.LocalActorRef akka://worker/user/watcher/processing-watcher/graph/graph/$l - Stopped
13:13:37.546 [worker-akka.actor.default-dispatcher-25] INFO  a.a.LocalActorRef akka://worker/user/watcher/processing-watcher/graph/graph/$lb - Stopped
13:13:37.546 [worker-akka.actor.default-dispatcher-25] INFO  a.a.LocalActorRef akka://worker/user/watcher/processing-watcher/graph/graph/$m - Stopped
13:13:37.548 [worker-akka.actor.default-dispatcher-25] INFO  a.a.LocalActorRef akka://worker/user/watcher/processing-watcher/graph/graph/$mb - Stopped
13:13:37.548 [worker-akka.actor.default-dispatcher-25] INFO  a.a.LocalActorRef akka://worker/user/watcher/processing-watcher/graph/graph/$n - Stopped
13:13:37.549 [worker-akka.actor.default-dispatcher-25] INFO  a.a.LocalActorRef akka://worker/user/watcher/processing-watcher/graph/graph/$nb - Stopped
13:13:37.549 [worker-akka.actor.default-dispatcher-25] INFO  a.a.LocalActorRef akka://worker/user/watcher/processing-watcher/graph/graph/$o - Stopped
13:13:37.549 [worker-akka.actor.default-dispatcher-25] INFO  a.a.LocalActorRef akka://worker/user/watcher/processing-watcher/graph/graph/$ob - Stopped
13:13:37.551 [worker-akka.actor.default-dispatcher-25] INFO  a.a.LocalActorRef akka://worker/user/watcher/processing-watcher/graph/graph/$p - Stopped
13:13:37.551 [worker-akka.actor.default-dispatcher-25] INFO  a.a.LocalActorRef akka://worker/user/watcher/processing-watcher/graph/graph/$pb - Stopped
13:13:37.552 [worker-akka.actor.default-dispatcher-25] INFO  a.a.LocalActorRef akka://worker/user/watcher/processing-watcher/graph/graph/$q - Stopped
13:13:37.552 [worker-akka.actor.default-dispatcher-25] INFO  a.a.LocalActorRef akka://worker/user/watcher/processing-watcher/graph/graph/$qb - Stopped
13:13:37.553 [worker-akka.actor.default-dispatcher-25] INFO  a.a.LocalActorRef akka://worker/user/watcher/processing-watcher/graph/graph/$r - Stopped
13:13:37.553 [worker-akka.actor.default-dispatcher-25] INFO  a.a.LocalActorRef akka://worker/user/watcher/processing-watcher/graph/graph/$rb - Stopped
13:13:37.554 [worker-akka.actor.default-dispatcher-25] INFO  a.a.LocalActorRef akka://worker/user/watcher/processing-watcher/graph/graph/$s - Stopped
13:13:37.554 [worker-akka.actor.default-dispatcher-25] INFO  a.a.LocalActorRef akka://worker/user/watcher/processing-watcher/graph/graph/$sb - Stopped
13:13:37.555 [worker-akka.actor.default-dispatcher-25] INFO  a.a.LocalActorRef akka://worker/user/watcher/processing-watcher/graph/graph/$t - Stopped
13:13:37.555 [worker-akka.actor.default-dispatcher-25] INFO  a.a.LocalActorRef akka://worker/user/watcher/processing-watcher/graph/graph/$tb - Stopped
13:13:37.556 [worker-akka.actor.default-dispatcher-25] INFO  a.a.LocalActorRef akka://worker/user/watcher/processing-watcher/graph/graph/$u - Stopped
13:13:37.557 [worker-akka.actor.default-dispatcher-25] INFO  a.a.LocalActorRef akka://worker/user/watcher/processing-watcher/graph/graph/$ub - Stopped
13:13:37.558 [worker-akka.actor.default-dispatcher-25] INFO  a.a.LocalActorRef akka://worker/user/watcher/processing-watcher/graph/graph/$v - Stopped
13:13:37.558 [worker-akka.actor.default-dispatcher-25] INFO  a.a.LocalActorRef akka://worker/user/watcher/processing-watcher/graph/graph/$vb - Stopped
13:13:37.558 [worker-akka.actor.default-dispatcher-25] INFO  a.a.LocalActorRef akka://worker/user/watcher/processing-watcher/graph/graph/$w - Stopped
13:13:37.559 [worker-akka.actor.default-dispatcher-25] INFO  a.a.LocalActorRef akka://worker/user/watcher/processing-watcher/graph/graph/$wb - Stopped
13:13:37.559 [worker-akka.actor.default-dispatcher-25] INFO  a.a.LocalActorRef akka://worker/user/watcher/processing-watcher/graph/graph/$x - Stopped
13:13:37.560 [worker-akka.actor.default-dispatcher-25] INFO  a.a.LocalActorRef akka://worker/user/watcher/processing-watcher/graph/graph/$xb - Stopped
13:13:37.560 [worker-akka.actor.default-dispatcher-25] INFO  a.a.LocalActorRef akka://worker/user/watcher/processing-watcher/graph/graph/$y - Stopped
13:13:37.561 [worker-akka.actor.default-dispatcher-25] INFO  a.a.LocalActorRef akka://worker/user/watcher/processing-watcher/graph/graph/$yb - Stopped
13:13:37.561 [worker-akka.actor.default-dispatcher-25] INFO  a.a.LocalActorRef akka://worker/user/watcher/processing-watcher/graph/graph/$z - Stopped
13:13:37.562 [worker-akka.actor.default-dispatcher-25] INFO  a.a.LocalActorRef akka://worker/user/watcher/processing-watcher/graph/graph/$zb - Stopped
13:13:37.563 [worker-akka.actor.default-dispatcher-25] INFO  a.a.LocalActorRef akka://worker/user/watcher/processing-watcher/graph/graph/$~ - Stopped
13:13:37.577 [worker-akka.actor.default-dispatcher-25] INFO  a.a.LocalActorRef akka://worker/user/watcher/processing-watcher/graph/graph - Stopped
13:13:37.582 [worker-akka.actor.default-dispatcher-25] INFO  a.a.LocalActorRef akka://worker/user/watcher/processing-watcher/graph - Stopped
13:13:37.582 [worker-akka.actor.default-dispatcher-25] INFO  a.a.LocalActorRef akka://worker/user/watcher/processing-watcher - Stopped
13:13:37.583 [Curator-Framework-0] INFO  o.a.c.f.i.CuratorFrameworkImpl  - backgroundOperationsLoop exiting
13:13:37.593 [Curator-PathChildrenCache-0] ERROR o.a.c.f.r.c.PathChildrenCache  - 
java.lang.IllegalStateException: instance must be started before calling this method
	at org.apache.curator.shaded.com.google.common.base.Preconditions.checkState(Preconditions.java:444)
	at org.apache.curator.framework.imps.CuratorFrameworkImpl.getChildren(CuratorFrameworkImpl.java:456)
	at org.apache.curator.framework.recipes.cache.PathChildrenCache.refresh(PathChildrenCache.java:521)
	at org.apache.curator.framework.recipes.cache.RefreshOperation.invoke(RefreshOperation.java:35)
	at org.apache.curator.framework.recipes.cache.PathChildrenCache$9.run(PathChildrenCache.java:786)
	at java.util.concurrent.Executors$RunnableAdapter.call(Executors.java:511)
	at java.util.concurrent.FutureTask.run(FutureTask.java:266)
	at java.util.concurrent.Executors$RunnableAdapter.call(Executors.java:511)
	at java.util.concurrent.FutureTask.run(FutureTask.java:266)
	at java.util.concurrent.ThreadPoolExecutor.runWorker(ThreadPoolExecutor.java:1149)
	at java.util.concurrent.ThreadPoolExecutor$Worker.run(ThreadPoolExecutor.java:624)
	at java.lang.Thread.run(Thread.java:748)
13:13:37.601 [worker-akka.actor.default-dispatcher-25] INFO  o.a.z.ZooKeeper  - Session: 0x10000a10fd90000 closed
13:13:37.601 [worker-akka.actor.default-dispatcher-25] INFO  a.a.RepointableActorRef akka://worker/user/watcher - Stopped
13:13:37.602 [worker-akka.actor.default-dispatcher-6-EventThread] INFO  o.a.z.ClientCnxn  - EventThread shut down for session: 0x10000a10fd90000
13:13:37.608 [worker-akka.actor.default-dispatcher-6] INFO  a.r.RemoteActorRefProvider$RemotingTerminator akka://worker@flamestream-benchmarks-worker-1:5412/system/remoting-terminator - Shutting down remote daemon.
13:13:37.608 [worker-akka.actor.default-dispatcher-6] INFO  a.r.RemoteActorRefProvider$RemotingTerminator akka://worker@flamestream-benchmarks-worker-1:5412/system/remoting-terminator - Remote daemon shut down; proceeding with flushing remote transports.
13:13:39.287 [worker-akka.actor.default-dispatcher-6] INFO  a.r.RemoteActorRefProvider$RemotingTerminator akka://worker@flamestream-benchmarks-worker-1:5412/system/remoting-terminator - Remoting shut down.
Heap
 def new generation   total 460800K, used 345144K [0x00000000a2400000, 0x00000000c1800000, 0x00000000c1800000)
  eden space 409600K,  84% used [0x00000000a2400000, 0x00000000b74b7868, 0x00000000bb400000)
  from space 51200K,   0% used [0x00000000bb400000, 0x00000000bb4568c8, 0x00000000be600000)
  to   space 51200K,   0% used [0x00000000be600000, 0x00000000be600000, 0x00000000c1800000)
 tenured generation   total 1024000K, used 90016K [0x00000000c1800000, 0x0000000100000000, 0x0000000100000000)
   the space 1024000K,   8% used [0x00000000c1800000, 0x00000000c6fe8008, 0x00000000c6fe8200, 0x0000000100000000)
 Metaspace       used 41770K, capacity 44715K, committed 44928K, reserved 1089536K
  class space    used 5370K, capacity 5697K, committed 5760K, reserved 1048576K
