23:09:57,449 |-INFO in ch.qos.logback.classic.LoggerContext[default] - Could NOT find resource [logback-test.xml]
23:09:57,449 |-INFO in ch.qos.logback.classic.LoggerContext[default] - Could NOT find resource [logback.groovy]
23:09:57,449 |-INFO in ch.qos.logback.classic.LoggerContext[default] - Found resource [logback.xml] at [jar:file:/home/nikitasokolov/flamestream/lib/flamestream-runtime-1.0-SNAPSHOT.jar!/logback.xml]
23:09:57,450 |-WARN in ch.qos.logback.classic.LoggerContext[default] - Resource [logback.xml] occurs multiple times on the classpath.
23:09:57,450 |-WARN in ch.qos.logback.classic.LoggerContext[default] - Resource [logback.xml] occurs at [jar:file:/home/nikitasokolov/flamestream/lib/flamestream-runtime-1.0-SNAPSHOT.jar!/logback.xml]
23:09:57,450 |-WARN in ch.qos.logback.classic.LoggerContext[default] - Resource [logback.xml] occurs at [jar:file:/home/nikitasokolov/flamestream/flamestream-runtime-1.0-SNAPSHOT.jar!/logback.xml]
23:09:57,467 |-INFO in ch.qos.logback.core.joran.spi.ConfigurationWatchList@6108b2d7 - URL [jar:file:/home/nikitasokolov/flamestream/lib/flamestream-runtime-1.0-SNAPSHOT.jar!/logback.xml] is not of type file
23:09:57,520 |-INFO in ch.qos.logback.classic.joran.action.ConfigurationAction - debug attribute not set
23:09:57,521 |-INFO in ch.qos.logback.core.joran.action.AppenderAction - About to instantiate appender of type [ch.qos.logback.core.ConsoleAppender]
23:09:57,532 |-INFO in ch.qos.logback.core.joran.action.AppenderAction - Naming appender as [STDOUT]
23:09:57,542 |-INFO in ch.qos.logback.core.joran.action.NestedComplexPropertyIA - Assuming default type [ch.qos.logback.classic.encoder.PatternLayoutEncoder] for [encoder] property
23:09:57,597 |-INFO in ch.qos.logback.core.joran.action.AppenderAction - About to instantiate appender of type [ch.qos.logback.core.rolling.RollingFileAppender]
23:09:57,602 |-INFO in ch.qos.logback.core.joran.action.AppenderAction - Naming appender as [FILE]
23:09:57,623 |-INFO in c.q.l.core.rolling.TimeBasedRollingPolicy@357863579 - No compression will be used
23:09:57,624 |-INFO in c.q.l.core.rolling.TimeBasedRollingPolicy@357863579 - Will use the pattern /tmp/application_%d{yyyy-MM-dd}.%i.log for the active file
23:09:57,627 |-INFO in ch.qos.logback.core.rolling.SizeAndTimeBasedFNATP@6bf256fa - The date pattern is 'yyyy-MM-dd' from file name pattern '/tmp/application_%d{yyyy-MM-dd}.%i.log'.
23:09:57,627 |-INFO in ch.qos.logback.core.rolling.SizeAndTimeBasedFNATP@6bf256fa - Roll-over at midnight.
23:09:57,631 |-INFO in ch.qos.logback.core.rolling.SizeAndTimeBasedFNATP@6bf256fa - Setting initial period to Sat Jun 08 23:09:14 MSK 2019
23:09:57,631 |-WARN in ch.qos.logback.core.rolling.SizeAndTimeBasedFNATP@6bf256fa - SizeAndTimeBasedFNATP is deprecated. Use SizeAndTimeBasedRollingPolicy instead
23:09:57,631 |-WARN in ch.qos.logback.core.rolling.SizeAndTimeBasedFNATP@6bf256fa - For more information see http://logback.qos.ch/manual/appenders.html#SizeAndTimeBasedRollingPolicy
23:09:57,636 |-INFO in ch.qos.logback.core.joran.action.NestedComplexPropertyIA - Assuming default type [ch.qos.logback.classic.encoder.PatternLayoutEncoder] for [encoder] property
23:09:57,638 |-INFO in ch.qos.logback.core.rolling.RollingFileAppender[FILE] - Active log file name: /tmp/application.log
23:09:57,638 |-INFO in ch.qos.logback.core.rolling.RollingFileAppender[FILE] - File property is set to [/tmp/application.log]
23:09:57,639 |-INFO in ch.qos.logback.classic.joran.action.RootLoggerAction - Setting level of ROOT logger to WARN
23:09:57,640 |-INFO in ch.qos.logback.core.joran.action.AppenderRefAction - Attaching appender named [STDOUT] to Logger[ROOT]
23:09:57,640 |-INFO in ch.qos.logback.core.joran.action.AppenderRefAction - Attaching appender named [FILE] to Logger[ROOT]
23:09:57,640 |-INFO in ch.qos.logback.classic.joran.action.ConfigurationAction - End of configuration.
23:09:57,641 |-INFO in ch.qos.logback.classic.joran.JoranConfigurator@6cd8737 - Registering current configuration as safe fallback point

2019-06-08T23:09:58.610+0300: 1.376: [GC (Metadata GC Threshold) [PSYoungGen: 110722K->15845K(149504K)] 110722K->15925K(491008K), 0.0200094 secs] [Times: user=0.05 sys=0.03, real=0.02 secs] 
2019-06-08T23:09:58.630+0300: 1.396: [Full GC (Metadata GC Threshold) [PSYoungGen: 15845K->0K(149504K)] [ParOldGen: 80K->15078K(341504K)] 15925K->15078K(491008K), [Metaspace: 20800K->20800K(1067008K)], 0.0292117 secs] [Times: user=0.15 sys=0.01, real=0.03 secs] 
23:10:06.844 [Curator-PathChildrenCache-1] WARN  o.a.c.u.ZKPaths  - The version of ZooKeeper being used doesn't support Container nodes. CreateMode.PERSISTENT will be used instead.
2019-06-08T23:10:07.854+0300: 10.620: [GC (Metadata GC Threshold) [PSYoungGen: 127764K->20987K(149504K)] 142842K->50103K(491008K), 0.0211498 secs] [Times: user=0.20 sys=0.04, real=0.02 secs] 
2019-06-08T23:10:07.875+0300: 10.641: [Full GC (Metadata GC Threshold) [PSYoungGen: 20987K->0K(149504K)] [ParOldGen: 29116K->39115K(341504K)] 50103K->39115K(491008K), [Metaspace: 34578K->34578K(1079296K)], 0.0327025 secs] [Times: user=0.16 sys=0.00, real=0.03 secs] 
2019-06-08T23:10:10.151+0300: 12.917: [GC (Allocation Failure) [PSYoungGen: 128512K->672K(149504K)] 167627K->39795K(491008K), 0.0041728 secs] [Times: user=0.03 sys=0.00, real=0.00 secs] 
2019-06-08T23:10:12.298+0300: 15.114: [GC (Allocation Failure) [PSYoungGen: 129184K->576K(149504K)] 168307K->39707K(491008K), 0.0529180 secs] [Times: user=0.01 sys=0.00, real=0.05 secs] 
2019-06-08T23:10:14.412+0300: 17.178: [GC (Allocation Failure) [PSYoungGen: 129088K->672K(129536K)] 168219K->39811K(471040K), 0.0038678 secs] [Times: user=0.04 sys=0.00, real=0.00 secs] 
2019-06-08T23:10:16.612+0300: 19.379: [GC (Allocation Failure) [PSYoungGen: 129184K->672K(132608K)] 168323K->39811K(474112K), 0.0036936 secs] [Times: user=0.02 sys=0.01, real=0.00 secs] 
2019-06-08T23:10:17.809+0300: 20.576: [GC (Allocation Failure) [PSYoungGen: 93344K->576K(130560K)] 132483K->39715K(472064K), 0.0821074 secs] [Times: user=0.01 sys=0.00, real=0.09 secs] 
2019-06-08T23:10:19.388+0300: 22.155: [GC (Allocation Failure) [PSYoungGen: 93248K->672K(136704K)] 132387K->39819K(478208K), 0.0028248 secs] [Times: user=0.01 sys=0.00, real=0.01 secs] 
2019-06-08T23:10:20.751+0300: 23.517: [GC (Allocation Failure) [PSYoungGen: 101536K->768K(134656K)] 140683K->39923K(476160K), 0.0030813 secs] [Times: user=0.02 sys=0.00, real=0.00 secs] 
2019-06-08T23:10:21.864+0300: 24.630: [GC (Allocation Failure) [PSYoungGen: 101632K->736K(140288K)] 140787K->39899K(481792K), 0.0038064 secs] [Times: user=0.03 sys=0.00, real=0.00 secs] 
2019-06-08T23:10:23.128+0300: 25.895: [GC (Allocation Failure) [PSYoungGen: 109280K->736K(138752K)] 148443K->39899K(480256K), 0.0964829 secs] [Times: user=0.01 sys=0.00, real=0.10 secs] 
2019-06-08T23:10:24.599+0300: 27.365: [GC (Allocation Failure) [PSYoungGen: 109280K->672K(143360K)] 148443K->39835K(484864K), 0.0038991 secs] [Times: user=0.02 sys=0.01, real=0.00 secs] 
2019-06-08T23:10:26.063+0300: 28.829: [GC (Allocation Failure) [PSYoungGen: 115360K->736K(141824K)] 154523K->39899K(483328K), 0.0034021 secs] [Times: user=0.01 sys=0.01, real=0.00 secs] 
2019-06-08T23:10:27.418+0300: 30.184: [GC (Allocation Failure) [PSYoungGen: 115424K->768K(146432K)] 154587K->39939K(487936K), 0.0027820 secs] [Times: user=0.01 sys=0.01, real=0.01 secs] 
2019-06-08T23:10:28.794+0300: 31.561: [GC (Allocation Failure) [PSYoungGen: 121600K->640K(144896K)] 160771K->39811K(486400K), 0.0031410 secs] [Times: user=0.01 sys=0.00, real=0.00 secs] 
2019-06-08T23:10:30.180+0300: 32.947: [GC (Allocation Failure) [PSYoungGen: 121472K->608K(148992K)] 160643K->39787K(490496K), 0.0039224 secs] [Times: user=0.02 sys=0.01, real=0.00 secs] 
2019-06-08T23:10:31.758+0300: 34.524: [GC (Allocation Failure) [PSYoungGen: 127072K->800K(147968K)] 166251K->39987K(489472K), 0.0031069 secs] [Times: user=0.01 sys=0.00, real=0.00 secs] 
2019-06-08T23:10:33.210+0300: 35.977: [GC (Allocation Failure) [PSYoungGen: 127264K->480K(151552K)] 166451K->40011K(493056K), 0.0028570 secs] [Times: user=0.01 sys=0.01, real=0.00 secs] 
2019-06-08T23:10:34.717+0300: 37.484: [GC (Allocation Failure) [PSYoungGen: 132064K->352K(150528K)] 171595K->39963K(492032K), 0.0030345 secs] [Times: user=0.01 sys=0.00, real=0.01 secs] 
2019-06-08T23:10:35.920+0300: 38.687: [GC (Allocation Failure) [PSYoungGen: 131936K->384K(154112K)] 171547K->40019K(495616K), 0.0029850 secs] [Times: user=0.01 sys=0.00, real=0.00 secs] 
2019-06-08T23:10:37.966+0300: 40.733: [GC (Allocation Failure) [PSYoungGen: 136576K->320K(152576K)] 176211K->40003K(494080K), 0.0031956 secs] [Times: user=0.01 sys=0.00, real=0.00 secs] 
2019-06-08T23:10:40.976+0300: 43.742: [GC (Allocation Failure) [PSYoungGen: 136512K->416K(156160K)] 176195K->40131K(497664K), 0.0031308 secs] [Times: user=0.01 sys=0.00, real=0.01 secs] 
23:10:48.405 [Curator-PathChildrenCache-0] ERROR o.a.c.f.r.c.PathChildrenCache  - 
java.lang.IllegalStateException: instance must be started before calling this method
	at org.apache.curator.shaded.com.google.common.base.Preconditions.checkState(Preconditions.java:444)
	at org.apache.curator.framework.imps.CuratorFrameworkImpl.getChildren(CuratorFrameworkImpl.java:456)
	at org.apache.curator.framework.recipes.cache.PathChildrenCache.refresh(PathChildrenCache.java:521)
	at org.apache.curator.framework.recipes.cache.RefreshOperation.invoke(RefreshOperation.java:35)
	at org.apache.curator.framework.recipes.cache.PathChildrenCache$9.run(PathChildrenCache.java:786)
	at java.util.concurrent.Executors$RunnableAdapter.call(Executors.java:511)
	at java.util.concurrent.FutureTask.run(FutureTask.java:266)
	at java.util.concurrent.Executors$RunnableAdapter.call(Executors.java:511)
	at java.util.concurrent.FutureTask.run(FutureTask.java:266)
	at java.util.concurrent.ThreadPoolExecutor.runWorker(ThreadPoolExecutor.java:1149)
	at java.util.concurrent.ThreadPoolExecutor$Worker.run(ThreadPoolExecutor.java:624)
	at java.lang.Thread.run(Thread.java:748)
Heap
 PSYoungGen      total 156160K, used 127237K [0x00000000f5980000, 0x0000000100000000, 0x0000000100000000)
  eden space 140800K, 90% used [0x00000000f5980000,0x00000000fd5594c0,0x00000000fe300000)
  from space 15360K, 2% used [0x00000000ff100000,0x00000000ff168010,0x0000000100000000)
  to   space 14336K, 0% used [0x00000000fe300000,0x00000000fe300000,0x00000000ff100000)
 ParOldGen       total 341504K, used 39715K [0x00000000e0c00000, 0x00000000f5980000, 0x00000000f5980000)
  object space 341504K, 11% used [0x00000000e0c00000,0x00000000e32c8f08,0x00000000f5980000)
 Metaspace       used 35799K, capacity 36686K, committed 36952K, reserved 1081344K
  class space    used 4935K, capacity 5129K, committed 5248K, reserved 1048576K
