19:08:57,864 |-INFO in ch.qos.logback.classic.LoggerContext[default] - Could NOT find resource [logback-test.xml]
19:08:57,864 |-INFO in ch.qos.logback.classic.LoggerContext[default] - Could NOT find resource [logback.groovy]
19:08:57,864 |-INFO in ch.qos.logback.classic.LoggerContext[default] - Found resource [logback.xml] at [jar:file:/root/flamestream/lib/flamestream-runtime-1.0-SNAPSHOT.jar!/logback.xml]
19:08:57,865 |-WARN in ch.qos.logback.classic.LoggerContext[default] - Resource [logback.xml] occurs multiple times on the classpath.
19:08:57,865 |-WARN in ch.qos.logback.classic.LoggerContext[default] - Resource [logback.xml] occurs at [jar:file:/root/flamestream/lib/flamestream-runtime-1.0-SNAPSHOT.jar!/logback.xml]
19:08:57,865 |-WARN in ch.qos.logback.classic.LoggerContext[default] - Resource [logback.xml] occurs at [jar:file:/root/flamestream/flamestream-runtime-1.0-SNAPSHOT.jar!/logback.xml]
19:08:57,885 |-INFO in ch.qos.logback.core.joran.spi.ConfigurationWatchList@3fb6a447 - URL [jar:file:/root/flamestream/lib/flamestream-runtime-1.0-SNAPSHOT.jar!/logback.xml] is not of type file
19:08:57,958 |-INFO in ch.qos.logback.classic.joran.action.ConfigurationAction - debug attribute not set
19:08:57,958 |-INFO in ch.qos.logback.core.joran.action.AppenderAction - About to instantiate appender of type [ch.qos.logback.core.ConsoleAppender]
19:08:57,968 |-INFO in ch.qos.logback.core.joran.action.AppenderAction - Naming appender as [STDOUT]
19:08:57,988 |-INFO in ch.qos.logback.core.joran.action.NestedComplexPropertyIA - Assuming default type [ch.qos.logback.classic.encoder.PatternLayoutEncoder] for [encoder] property
19:08:58,074 |-INFO in ch.qos.logback.core.joran.action.AppenderAction - About to instantiate appender of type [ch.qos.logback.core.rolling.RollingFileAppender]
19:08:58,080 |-INFO in ch.qos.logback.core.joran.action.AppenderAction - Naming appender as [FILE]
19:08:58,114 |-INFO in c.q.l.core.rolling.TimeBasedRollingPolicy@127618319 - No compression will be used
19:08:58,115 |-INFO in c.q.l.core.rolling.TimeBasedRollingPolicy@127618319 - Will use the pattern /tmp/application_%d{yyyy-MM-dd}.%i.log for the active file
19:08:58,118 |-INFO in ch.qos.logback.core.rolling.SizeAndTimeBasedFNATP@6b2fad11 - The date pattern is 'yyyy-MM-dd' from file name pattern '/tmp/application_%d{yyyy-MM-dd}.%i.log'.
19:08:58,118 |-INFO in ch.qos.logback.core.rolling.SizeAndTimeBasedFNATP@6b2fad11 - Roll-over at midnight.
19:08:58,123 |-INFO in ch.qos.logback.core.rolling.SizeAndTimeBasedFNATP@6b2fad11 - Setting initial period to Mon Jun 10 19:07:21 UTC 2019
19:08:58,123 |-WARN in ch.qos.logback.core.rolling.SizeAndTimeBasedFNATP@6b2fad11 - SizeAndTimeBasedFNATP is deprecated. Use SizeAndTimeBasedRollingPolicy instead
19:08:58,123 |-WARN in ch.qos.logback.core.rolling.SizeAndTimeBasedFNATP@6b2fad11 - For more information see http://logback.qos.ch/manual/appenders.html#SizeAndTimeBasedRollingPolicy
19:08:58,127 |-INFO in ch.qos.logback.core.joran.action.NestedComplexPropertyIA - Assuming default type [ch.qos.logback.classic.encoder.PatternLayoutEncoder] for [encoder] property
19:08:58,132 |-INFO in ch.qos.logback.core.rolling.RollingFileAppender[FILE] - Active log file name: /tmp/application.log
19:08:58,132 |-INFO in ch.qos.logback.core.rolling.RollingFileAppender[FILE] - File property is set to [/tmp/application.log]
19:08:58,133 |-INFO in ch.qos.logback.classic.joran.action.RootLoggerAction - Setting level of ROOT logger to WARN
19:08:58,133 |-INFO in ch.qos.logback.core.joran.action.AppenderRefAction - Attaching appender named [STDOUT] to Logger[ROOT]
19:08:58,133 |-INFO in ch.qos.logback.core.joran.action.AppenderRefAction - Attaching appender named [FILE] to Logger[ROOT]
19:08:58,133 |-INFO in ch.qos.logback.classic.joran.action.ConfigurationAction - End of configuration.
19:08:58,134 |-INFO in ch.qos.logback.classic.joran.JoranConfigurator@79698539 - Registering current configuration as safe fallback point

Ama winner
Ama winner
2019-06-10T19:08:59.420+0000: 1.740: [Full GC (Metadata GC Threshold) 2019-06-10T19:08:59.420+0000: 1.740: [Tenured: 0K->15143K(341376K), 0.0386227 secs] 114923K->15143K(494976K), [Metaspace: 20729K->20729K(1067008K)], 0.0386901 secs] [Times: user=0.04 sys=0.00, real=0.04 secs] 
19:09:19.571 [Curator-PathChildrenCache-1] WARN  o.a.c.u.ZKPaths  - The version of ZooKeeper being used doesn't support Container nodes. CreateMode.PERSISTENT will be used instead.
2019-06-10T19:09:21.712+0000: 24.032: [GC (Allocation Failure) 2019-06-10T19:09:21.712+0000: 24.032: [DefNew: 136576K->17024K(153600K), 0.0252386 secs] 151719K->52517K(494976K), 0.0253059 secs] [Times: user=0.02 sys=0.00, real=0.02 secs] 
2019-06-10T19:09:28.327+0000: 30.647: [Full GC (Metadata GC Threshold) 2019-06-10T19:09:28.327+0000: 30.647: [Tenured: 35493K->44001K(341376K), 0.0563613 secs] 164667K->44001K(494976K), [Metaspace: 34635K->34635K(1079296K)], 0.0564387 secs] [Times: user=0.06 sys=0.00, real=0.06 secs] 
2019-06-10T19:09:36.379+0000: 38.699: [GC (Allocation Failure) 2019-06-10T19:09:36.379+0000: 38.699: [DefNew: 136576K->55K(153600K), 0.0017364 secs] 180577K->44057K(494976K), 0.0017985 secs] [Times: user=0.01 sys=0.00, real=0.00 secs] 
2019-06-10T19:09:44.517+0000: 46.837: [GC (Allocation Failure) 2019-06-10T19:09:44.517+0000: 46.837: [DefNew: 136631K->53K(153600K), 0.0016484 secs] 180633K->44055K(494976K), 0.0017087 secs] [Times: user=0.00 sys=0.00, real=0.00 secs] 
2019-06-10T19:09:52.655+0000: 54.975: [GC (Allocation Failure) 2019-06-10T19:09:52.655+0000: 54.975: [DefNew: 136629K->52K(153600K), 0.0015897 secs] 180631K->44054K(494976K), 0.0016489 secs] [Times: user=0.00 sys=0.00, real=0.00 secs] 
2019-06-10T19:10:00.932+0000: 63.252: [GC (Allocation Failure) 2019-06-10T19:10:00.932+0000: 63.252: [DefNew: 136628K->383K(153600K), 0.0020827 secs] 180630K->44385K(494976K), 0.0021442 secs] [Times: user=0.00 sys=0.00, real=0.00 secs] 
2019-06-10T19:10:10.551+0000: 72.871: [GC (Allocation Failure) 2019-06-10T19:10:10.551+0000: 72.871: [DefNew: 136959K->136K(153600K), 0.0019981 secs] 180961K->44138K(494976K), 0.0020728 secs] [Times: user=0.01 sys=0.00, real=0.00 secs] 
19:10:25.767 [Curator-PathChildrenCache-0] ERROR o.a.c.f.r.c.PathChildrenCache  - 
java.lang.IllegalStateException: instance must be started before calling this method
	at org.apache.curator.shaded.com.google.common.base.Preconditions.checkState(Preconditions.java:444)
	at org.apache.curator.framework.imps.CuratorFrameworkImpl.getChildren(CuratorFrameworkImpl.java:456)
	at org.apache.curator.framework.recipes.cache.PathChildrenCache.refresh(PathChildrenCache.java:521)
	at org.apache.curator.framework.recipes.cache.RefreshOperation.invoke(RefreshOperation.java:35)
	at org.apache.curator.framework.recipes.cache.PathChildrenCache$9.run(PathChildrenCache.java:786)
	at java.util.concurrent.Executors$RunnableAdapter.call(Executors.java:511)
	at java.util.concurrent.FutureTask.run(FutureTask.java:266)
	at java.util.concurrent.Executors$RunnableAdapter.call(Executors.java:511)
	at java.util.concurrent.FutureTask.run(FutureTask.java:266)
	at java.util.concurrent.ThreadPoolExecutor.runWorker(ThreadPoolExecutor.java:1149)
	at java.util.concurrent.ThreadPoolExecutor$Worker.run(ThreadPoolExecutor.java:624)
	at java.lang.Thread.run(Thread.java:748)
Heap
 def new generation   total 153600K, used 60269K [0x00000000e0c00000, 0x00000000eb2a0000, 0x00000000eb2a0000)
  eden space 136576K,  44% used [0x00000000e0c00000, 0x00000000e46b9178, 0x00000000e9160000)
  from space 17024K,   0% used [0x00000000e9160000, 0x00000000e91823c0, 0x00000000ea200000)
  to   space 17024K,   0% used [0x00000000ea200000, 0x00000000ea200000, 0x00000000eb2a0000)
 tenured generation   total 341376K, used 44001K [0x00000000eb2a0000, 0x0000000100000000, 0x0000000100000000)
   the space 341376K,  12% used [0x00000000eb2a0000, 0x00000000edd987a8, 0x00000000edd98800, 0x0000000100000000)
 Metaspace       used 36055K, capacity 36992K, committed 37120K, reserved 1081344K
  class space    used 4872K, capacity 5074K, committed 5120K, reserved 1048576K
