15:06:34,256 |-INFO in ch.qos.logback.classic.LoggerContext[default] - Could NOT find resource [logback-test.xml]
15:06:34,256 |-INFO in ch.qos.logback.classic.LoggerContext[default] - Could NOT find resource [logback.groovy]
15:06:34,256 |-INFO in ch.qos.logback.classic.LoggerContext[default] - Found resource [logback.xml] at [jar:file:/root/flamestream/lib/flamestream-runtime-1.0-SNAPSHOT.jar!/logback.xml]
15:06:34,257 |-WARN in ch.qos.logback.classic.LoggerContext[default] - Resource [logback.xml] occurs multiple times on the classpath.
15:06:34,257 |-WARN in ch.qos.logback.classic.LoggerContext[default] - Resource [logback.xml] occurs at [jar:file:/root/flamestream/lib/flamestream-runtime-1.0-SNAPSHOT.jar!/logback.xml]
15:06:34,257 |-WARN in ch.qos.logback.classic.LoggerContext[default] - Resource [logback.xml] occurs at [jar:file:/root/flamestream/flamestream-runtime-1.0-SNAPSHOT.jar!/logback.xml]
15:06:34,277 |-INFO in ch.qos.logback.core.joran.spi.ConfigurationWatchList@3fb6a447 - URL [jar:file:/root/flamestream/lib/flamestream-runtime-1.0-SNAPSHOT.jar!/logback.xml] is not of type file
15:06:34,349 |-INFO in ch.qos.logback.classic.joran.action.ConfigurationAction - debug attribute not set
15:06:34,349 |-INFO in ch.qos.logback.core.joran.action.AppenderAction - About to instantiate appender of type [ch.qos.logback.core.ConsoleAppender]
15:06:34,369 |-INFO in ch.qos.logback.core.joran.action.AppenderAction - Naming appender as [STDOUT]
15:06:34,387 |-INFO in ch.qos.logback.core.joran.action.NestedComplexPropertyIA - Assuming default type [ch.qos.logback.classic.encoder.PatternLayoutEncoder] for [encoder] property
15:06:34,466 |-INFO in ch.qos.logback.core.joran.action.AppenderAction - About to instantiate appender of type [ch.qos.logback.core.rolling.RollingFileAppender]
15:06:34,471 |-INFO in ch.qos.logback.core.joran.action.AppenderAction - Naming appender as [FILE]
15:06:34,503 |-INFO in c.q.l.core.rolling.TimeBasedRollingPolicy@127618319 - No compression will be used
15:06:34,504 |-INFO in c.q.l.core.rolling.TimeBasedRollingPolicy@127618319 - Will use the pattern /tmp/application_%d{yyyy-MM-dd}.%i.log for the active file
15:06:34,507 |-INFO in ch.qos.logback.core.rolling.SizeAndTimeBasedFNATP@6b2fad11 - The date pattern is 'yyyy-MM-dd' from file name pattern '/tmp/application_%d{yyyy-MM-dd}.%i.log'.
15:06:34,507 |-INFO in ch.qos.logback.core.rolling.SizeAndTimeBasedFNATP@6b2fad11 - Roll-over at midnight.
15:06:34,512 |-INFO in ch.qos.logback.core.rolling.SizeAndTimeBasedFNATP@6b2fad11 - Setting initial period to Mon Jun 10 15:05:23 UTC 2019
15:06:34,512 |-WARN in ch.qos.logback.core.rolling.SizeAndTimeBasedFNATP@6b2fad11 - SizeAndTimeBasedFNATP is deprecated. Use SizeAndTimeBasedRollingPolicy instead
15:06:34,512 |-WARN in ch.qos.logback.core.rolling.SizeAndTimeBasedFNATP@6b2fad11 - For more information see http://logback.qos.ch/manual/appenders.html#SizeAndTimeBasedRollingPolicy
15:06:34,516 |-INFO in ch.qos.logback.core.joran.action.NestedComplexPropertyIA - Assuming default type [ch.qos.logback.classic.encoder.PatternLayoutEncoder] for [encoder] property
15:06:34,521 |-INFO in ch.qos.logback.core.rolling.RollingFileAppender[FILE] - Active log file name: /tmp/application.log
15:06:34,521 |-INFO in ch.qos.logback.core.rolling.RollingFileAppender[FILE] - File property is set to [/tmp/application.log]
15:06:34,522 |-INFO in ch.qos.logback.classic.joran.action.RootLoggerAction - Setting level of ROOT logger to WARN
15:06:34,522 |-INFO in ch.qos.logback.core.joran.action.AppenderRefAction - Attaching appender named [STDOUT] to Logger[ROOT]
15:06:34,524 |-INFO in ch.qos.logback.core.joran.action.AppenderRefAction - Attaching appender named [FILE] to Logger[ROOT]
15:06:34,524 |-INFO in ch.qos.logback.classic.joran.action.ConfigurationAction - End of configuration.
15:06:34,524 |-INFO in ch.qos.logback.classic.joran.JoranConfigurator@79698539 - Registering current configuration as safe fallback point

Ama winner
Ama winner
2019-06-10T15:06:35.809+0000: 1.740: [Full GC (Metadata GC Threshold) 2019-06-10T15:06:35.809+0000: 1.740: [Tenured: 0K->15177K(341376K), 0.0388649 secs] 117687K->15177K(494976K), [Metaspace: 20735K->20735K(1067008K)], 0.0389386 secs] [Times: user=0.04 sys=0.00, real=0.03 secs] 
15:06:53.303 [Curator-PathChildrenCache-2] WARN  o.a.c.u.ZKPaths  - The version of ZooKeeper being used doesn't support Container nodes. CreateMode.PERSISTENT will be used instead.
2019-06-10T15:06:55.789+0000: 21.719: [GC (Allocation Failure) 2019-06-10T15:06:55.789+0000: 21.719: [DefNew: 136576K->17024K(153600K), 0.0267113 secs] 151753K->52537K(494976K), 0.0267772 secs] [Times: user=0.01 sys=0.01, real=0.03 secs] 
2019-06-10T15:06:56.330+0000: 22.261: [Full GC (Metadata GC Threshold) 2019-06-10T15:06:56.330+0000: 22.261: [Tenured: 35513K->44076K(341376K), 0.0354554 secs] 70518K->44076K(494976K), [Metaspace: 34598K->34598K(1079296K)], 0.0355216 secs] [Times: user=0.03 sys=0.00, real=0.03 secs] 
2019-06-10T15:06:59.404+0000: 25.335: [GC (Allocation Failure) 2019-06-10T15:06:59.404+0000: 25.335: [DefNew: 136576K->247K(153600K), 0.0023244 secs] 180652K->44324K(494976K), 0.0023816 secs] [Times: user=0.00 sys=0.00, real=0.00 secs] 
2019-06-10T15:07:02.634+0000: 28.565: [GC (Allocation Failure) 2019-06-10T15:07:02.634+0000: 28.565: [DefNew: 136823K->262K(153600K), 0.0021868 secs] 180900K->44338K(494976K), 0.0022433 secs] [Times: user=0.00 sys=0.00, real=0.00 secs] 
2019-06-10T15:07:05.849+0000: 31.779: [GC (Allocation Failure) 2019-06-10T15:07:05.849+0000: 31.779: [DefNew: 136838K->270K(153600K), 0.0020950 secs] 180914K->44346K(494976K), 0.0021545 secs] [Times: user=0.01 sys=0.00, real=0.00 secs] 
2019-06-10T15:07:09.119+0000: 35.050: [GC (Allocation Failure) 2019-06-10T15:07:09.119+0000: 35.050: [DefNew: 136846K->274K(153600K), 0.0022479 secs] 180922K->44350K(494976K), 0.0023095 secs] [Times: user=0.00 sys=0.00, real=0.00 secs] 
2019-06-10T15:07:12.393+0000: 38.323: [GC (Allocation Failure) 2019-06-10T15:07:12.393+0000: 38.323: [DefNew: 136850K->272K(153600K), 0.0022088 secs] 180926K->44349K(494976K), 0.0022677 secs] [Times: user=0.00 sys=0.00, real=0.00 secs] 
2019-06-10T15:07:15.502+0000: 41.433: [GC (Allocation Failure) 2019-06-10T15:07:15.502+0000: 41.433: [DefNew: 136848K->270K(153600K), 0.0022288 secs] 180925K->44347K(494976K), 0.0022899 secs] [Times: user=0.00 sys=0.00, real=0.00 secs] 
15:07:24.117 [Curator-PathChildrenCache-0] ERROR o.a.c.f.r.c.PathChildrenCache  - 
java.lang.IllegalStateException: instance must be started before calling this method
	at org.apache.curator.shaded.com.google.common.base.Preconditions.checkState(Preconditions.java:444)
	at org.apache.curator.framework.imps.CuratorFrameworkImpl.getChildren(CuratorFrameworkImpl.java:456)
	at org.apache.curator.framework.recipes.cache.PathChildrenCache.refresh(PathChildrenCache.java:521)
	at org.apache.curator.framework.recipes.cache.RefreshOperation.invoke(RefreshOperation.java:35)
	at org.apache.curator.framework.recipes.cache.PathChildrenCache$9.run(PathChildrenCache.java:786)
	at java.util.concurrent.Executors$RunnableAdapter.call(Executors.java:511)
	at java.util.concurrent.FutureTask.run(FutureTask.java:266)
	at java.util.concurrent.Executors$RunnableAdapter.call(Executors.java:511)
	at java.util.concurrent.FutureTask.run(FutureTask.java:266)
	at java.util.concurrent.ThreadPoolExecutor.runWorker(ThreadPoolExecutor.java:1149)
	at java.util.concurrent.ThreadPoolExecutor$Worker.run(ThreadPoolExecutor.java:624)
	at java.lang.Thread.run(Thread.java:748)
Heap
 def new generation   total 153600K, used 115554K [0x00000000e0c00000, 0x00000000eb2a0000, 0x00000000eb2a0000)
  eden space 136576K,  84% used [0x00000000e0c00000, 0x00000000e7c94d90, 0x00000000e9160000)
  from space 17024K,   1% used [0x00000000ea200000, 0x00000000ea243bc8, 0x00000000eb2a0000)
  to   space 17024K,   0% used [0x00000000e9160000, 0x00000000e9160000, 0x00000000ea200000)
 tenured generation   total 341376K, used 44076K [0x00000000eb2a0000, 0x0000000100000000, 0x0000000100000000)
   the space 341376K,  12% used [0x00000000eb2a0000, 0x00000000eddab150, 0x00000000eddab200, 0x0000000100000000)
 Metaspace       used 36059K, capacity 37038K, committed 37120K, reserved 1081344K
  class space    used 4874K, capacity 5067K, committed 5120K, reserved 1048576K
