18:53:47,738 |-INFO in ch.qos.logback.classic.LoggerContext[default] - Could NOT find resource [logback-test.xml]
18:53:47,738 |-INFO in ch.qos.logback.classic.LoggerContext[default] - Could NOT find resource [logback.groovy]
18:53:47,738 |-INFO in ch.qos.logback.classic.LoggerContext[default] - Found resource [logback.xml] at [jar:file:/home/ubuntu/flamestream/lib/flamestream-runtime-1.0-SNAPSHOT.jar!/logback.xml]
18:53:47,738 |-WARN in ch.qos.logback.classic.LoggerContext[default] - Resource [logback.xml] occurs multiple times on the classpath.
18:53:47,739 |-WARN in ch.qos.logback.classic.LoggerContext[default] - Resource [logback.xml] occurs at [jar:file:/home/ubuntu/flamestream/flamestream-runtime-1.0-SNAPSHOT.jar!/logback.xml]
18:53:47,739 |-WARN in ch.qos.logback.classic.LoggerContext[default] - Resource [logback.xml] occurs at [jar:file:/home/ubuntu/flamestream/lib/flamestream-runtime-1.0-SNAPSHOT.jar!/logback.xml]
18:53:47,776 |-INFO in ch.qos.logback.core.joran.spi.ConfigurationWatchList@4678c730 - URL [jar:file:/home/ubuntu/flamestream/lib/flamestream-runtime-1.0-SNAPSHOT.jar!/logback.xml] is not of type file
18:53:47,838 |-INFO in ch.qos.logback.classic.joran.action.ConfigurationAction - debug attribute not set
18:53:47,838 |-INFO in ch.qos.logback.core.joran.action.AppenderAction - About to instantiate appender of type [ch.qos.logback.core.ConsoleAppender]
18:53:47,860 |-INFO in ch.qos.logback.core.joran.action.AppenderAction - Naming appender as [STDOUT]
18:53:47,877 |-INFO in ch.qos.logback.core.joran.action.NestedComplexPropertyIA - Assuming default type [ch.qos.logback.classic.encoder.PatternLayoutEncoder] for [encoder] property
18:53:47,956 |-INFO in ch.qos.logback.core.joran.action.AppenderAction - About to instantiate appender of type [ch.qos.logback.core.rolling.RollingFileAppender]
18:53:47,966 |-INFO in ch.qos.logback.core.joran.action.AppenderAction - Naming appender as [FILE]
18:53:48,006 |-INFO in c.q.l.core.rolling.TimeBasedRollingPolicy@1734853116 - No compression will be used
18:53:48,011 |-INFO in c.q.l.core.rolling.TimeBasedRollingPolicy@1734853116 - Will use the pattern /tmp/application_%d{yyyy-MM-dd}.%i.log for the active file
18:53:48,016 |-INFO in ch.qos.logback.core.rolling.SizeAndTimeBasedFNATP@29ee9faa - The date pattern is 'yyyy-MM-dd' from file name pattern '/tmp/application_%d{yyyy-MM-dd}.%i.log'.
18:53:48,016 |-INFO in ch.qos.logback.core.rolling.SizeAndTimeBasedFNATP@29ee9faa - Roll-over at midnight.
18:53:48,022 |-INFO in ch.qos.logback.core.rolling.SizeAndTimeBasedFNATP@29ee9faa - Setting initial period to Sat Sep 28 18:52:00 UTC 2019
18:53:48,022 |-WARN in ch.qos.logback.core.rolling.SizeAndTimeBasedFNATP@29ee9faa - SizeAndTimeBasedFNATP is deprecated. Use SizeAndTimeBasedRollingPolicy instead
18:53:48,022 |-WARN in ch.qos.logback.core.rolling.SizeAndTimeBasedFNATP@29ee9faa - For more information see http://logback.qos.ch/manual/appenders.html#SizeAndTimeBasedRollingPolicy
18:53:48,027 |-INFO in ch.qos.logback.core.joran.action.NestedComplexPropertyIA - Assuming default type [ch.qos.logback.classic.encoder.PatternLayoutEncoder] for [encoder] property
18:53:48,034 |-INFO in ch.qos.logback.core.rolling.RollingFileAppender[FILE] - Active log file name: /tmp/application.log
18:53:48,034 |-INFO in ch.qos.logback.core.rolling.RollingFileAppender[FILE] - File property is set to [/tmp/application.log]
18:53:48,035 |-INFO in ch.qos.logback.classic.joran.action.RootLoggerAction - Setting level of ROOT logger to INFO
18:53:48,035 |-INFO in ch.qos.logback.core.joran.action.AppenderRefAction - Attaching appender named [STDOUT] to Logger[ROOT]
18:53:48,036 |-INFO in ch.qos.logback.core.joran.action.AppenderRefAction - Attaching appender named [FILE] to Logger[ROOT]
18:53:48,036 |-INFO in ch.qos.logback.classic.joran.action.ConfigurationAction - End of configuration.
18:53:48,037 |-INFO in ch.qos.logback.classic.joran.JoranConfigurator@c038203 - Registering current configuration as safe fallback point

18:53:48.044 [main] INFO  c.s.f.r.WorkerApplication  - Starting worker with workerConfig 'WorkerConfig{id='flamestream-benchmarks-worker-7', localAddress=flamestream-benchmarks-worker-7/10.0.0.5:5412, zkString='flamestream-benchmarks-manager:12181', snapshotPath='/home/ubuntu/flamestream/data', guarantees=AT_MOST_ONCE}'
18:53:49.503 [worker-akka.actor.default-dispatcher-6] INFO  a.e.s.Slf4jLogger  - Slf4jLogger started
2019-09-28T18:53:49.642+0000: 2.233: [Full GC (Metadata GC Threshold) 2019-09-28T18:53:49.642+0000: 2.233: [Tenured: 0K->13624K(1024000K), 0.0543703 secs] 139456K->13624K(1484800K), [Metaspace: 20220K->20220K(1067008K)], 0.0544667 secs] [Times: user=0.05 sys=0.01, real=0.05 secs] 
18:53:49.800 [worker-akka.actor.default-dispatcher-6] WARN  a.r.RemoteActorRefProvider akka.remote.RemoteActorRefProvider - Using the 'remote' ActorRefProvider directly, which is a low-level layer. For most use cases, the 'cluster' abstraction on top of remoting is more suitable instead.
18:53:49.805 [worker-akka.actor.default-dispatcher-6] WARN  a.r.RemoteActorRefProvider akka.remote.RemoteActorRefProvider - Akka Cluster not in use - Using Akka Cluster is recommended if you need remote watch and deploy.
18:53:49.919 [worker-akka.actor.default-dispatcher-6] INFO  a.r.a.a.ArteryAeronUdpTransport(akka://worker) akka.remote.artery.aeron.ArteryAeronUdpTransport(akka://worker) - Started embedded media driver in directory [/dev/shm/aeron-flamestream-benchmarks-worker-7]
18:53:49.955 [worker-akka.actor.default-dispatcher-6] WARN  a.r.a.a.ArteryAeronUdpTransport(akka://worker) akka.remote.artery.aeron.ArteryAeronUdpTransport(akka://worker) - Aeron CnC version mismatch: compiled version = 15, file version = 16
18:53:50.210 [worker-akka.actor.default-dispatcher-6] INFO  a.r.a.a.ArteryAeronUdpTransport(akka://worker) akka.remote.artery.aeron.ArteryAeronUdpTransport(akka://worker) - Remoting started with transport [Artery aeron-udp]; listening on address [akka://worker@flamestream-benchmarks-worker-7:5412] and bound to [akka://worker@0.0.0.0:5412] with UID [-8402705718985215474]
18:53:50.739 [worker-akka.actor.default-dispatcher-6] WARN  a.s.Serialization(akka://worker) akka.serialization.Serialization(akka://worker) - Using serializer [com.romix.akka.serialization.kryo.KryoSerializer] for message [akka.actor.ActorSelectionMessage]. Note that this serializer is not implemented by Akka. It's not recommended to replace serializers for messages provided by Akka.
18:53:50.740 [worker-akka.actor.default-dispatcher-6] WARN  a.s.Serialization(akka://worker) akka.serialization.Serialization(akka://worker) - Using serializer [com.romix.akka.serialization.kryo.KryoSerializer] for message [akka.actor.ActorIdentity]. Note that this serializer is not implemented by Akka. It's not recommended to replace serializers for messages provided by Akka.
18:53:50.794 [worker-akka.actor.default-dispatcher-9] INFO  a.a.RepointableActorRef akka://worker/user/watcher - Starting...
18:53:50.932 [worker-akka.actor.default-dispatcher-6] INFO  o.a.c.u.Compatibility  - Running in ZooKeeper 3.4.x compatibility mode
18:53:50.962 [worker-akka.actor.default-dispatcher-6] INFO  o.a.c.f.i.CuratorFrameworkImpl  - Starting
18:53:50.979 [worker-akka.actor.default-dispatcher-6] INFO  o.a.z.ZooKeeper  - Client environment:zookeeper.version=3.4.14-4c25d480e66aadd371de8bd2fd8da255ac140bcf, built on 03/06/2019 16:18 GMT
18:53:50.980 [worker-akka.actor.default-dispatcher-6] INFO  o.a.z.ZooKeeper  - Client environment:host.name=flamestream-benchmarks-worker-7
18:53:50.980 [worker-akka.actor.default-dispatcher-6] INFO  o.a.z.ZooKeeper  - Client environment:java.version=1.8.0_222
18:53:50.980 [worker-akka.actor.default-dispatcher-6] INFO  o.a.z.ZooKeeper  - Client environment:java.vendor=Private Build
18:53:50.982 [worker-akka.actor.default-dispatcher-6] INFO  o.a.z.ZooKeeper  - Client environment:java.home=/usr/lib/jvm/java-8-openjdk-amd64/jre
18:53:50.982 [worker-akka.actor.default-dispatcher-6] INFO  o.a.z.ZooKeeper  - Client environment:java.class.path=lib/curator-framework-4.0.1.jar:lib/commons-csv-1.4.jar:lib/aeron-client-1.21.2.jar:lib/scala-library-2.12.9.jar:lib/asm-5.0.4.jar:lib/agrona-1.0.1.jar:lib/curator-recipes-4.0.1.jar:lib/akka-testkit_2.12-2.6.0-M6.jar:lib/flamestream-runtime-1.0-SNAPSHOT.jar:lib/jsr305-3.0.2.jar:lib/trove4j-3.0.3.jar:lib/flamestream-core-1.0-SNAPSHOT.jar:lib/commons-io-2.4.jar:lib/minlog-1.3.0.jar:lib/kryonet-2.21.jar:lib/commons-1.4.9.jar:lib/jline-0.9.94.jar:lib/akka-remote_2.12-2.6.0-M6.jar:lib/leveldbjni-all-1.8.jar:lib/lz4-1.3.0.jar:lib/slf4j-api-1.7.24.jar:lib/scala-parser-combinators_2.12-1.1.2.jar:lib/flamestream-core-1.0-SNAPSHOT-tests.jar:lib/logback-core-1.2.3.jar:lib/netty-3.10.6.Final.jar:lib/protobuf-java-3.9.0.jar:lib/minlog-1.2.jar:lib/leveldb-api-0.7.jar:lib/jool-0.9.12.jar:lib/commons-cli-1.4.jar:lib/jblas-1.2.4.jar:lib/reflectasm-1.11.3.jar:lib/reflectasm-1.07-shaded.jar:lib/audience-annotations-0.5.0.jar:lib/jackson-annotations-2.9.6.jar:lib/commons-lang-2.6.jar:lib/ssl-config-core_2.12-0.3.8.jar:lib/annotations-13.0.jar:lib/logback-classic-1.2.3.jar:lib/guava-21.0.jar:lib/reactive-streams-1.0.2.jar:lib/spotbugs-annotations-3.1.9.jar:lib/leveldb-0.7.jar:lib/commons-pool2-2.4.2.jar:lib/rocksdbjni-5.5.1.jar:lib/jackson-core-2.9.9.jar:lib/jackson-databind-2.9.9.2.jar:lib/akka-protobuf-v3_2.12-2.6.0-M6.jar:lib/jackson-annotations-2.9.0.jar:lib/flamestream-examples-1.0-SNAPSHOT.jar:lib/objenesis-2.1.jar:lib/akka-kryo-serialization_2.12-0.5.2.jar:lib/scala-java8-compat_2.12-0.8.0.jar:lib/zookeeper-3.4.14.jar:lib/akka-slf4j_2.12-2.6.0-M6.jar:lib/kryo-4.0.0.jar:lib/akka-stream_2.12-2.6.0-M6.jar:lib/slf4j-simple-2.0.0-alpha0.jar:lib/aeron-driver-1.21.2.jar:lib/config-1.3.1.jar:lib/annotations-12.0.jar:lib/jedis-2.9.0.jar:lib/jcommander-1.48.jar:lib/testng-6.10.jar:lib/akka-actor_2.12-2.6.0-M6.jar:lib/curator-client-4.0.1.jar:flamestream-runtime-1.0-SNAPSHOT.jar
18:53:50.982 [worker-akka.actor.default-dispatcher-6] INFO  o.a.z.ZooKeeper  - Client environment:java.library.path=/usr/java/packages/lib/amd64:/usr/lib/x86_64-linux-gnu/jni:/lib/x86_64-linux-gnu:/usr/lib/x86_64-linux-gnu:/usr/lib/jni:/lib:/usr/lib
18:53:50.982 [worker-akka.actor.default-dispatcher-6] INFO  o.a.z.ZooKeeper  - Client environment:java.io.tmpdir=/tmp
18:53:50.982 [worker-akka.actor.default-dispatcher-6] INFO  o.a.z.ZooKeeper  - Client environment:java.compiler=<NA>
18:53:50.983 [worker-akka.actor.default-dispatcher-6] INFO  o.a.z.ZooKeeper  - Client environment:os.name=Linux
18:53:50.983 [worker-akka.actor.default-dispatcher-6] INFO  o.a.z.ZooKeeper  - Client environment:os.arch=amd64
18:53:50.983 [worker-akka.actor.default-dispatcher-6] INFO  o.a.z.ZooKeeper  - Client environment:os.version=4.15.0-1040-gcp
18:53:50.984 [worker-akka.actor.default-dispatcher-6] INFO  o.a.z.ZooKeeper  - Client environment:user.name=ubuntu
18:53:50.986 [worker-akka.actor.default-dispatcher-6] INFO  o.a.z.ZooKeeper  - Client environment:user.home=/home/ubuntu
18:53:50.987 [worker-akka.actor.default-dispatcher-6] INFO  o.a.z.ZooKeeper  - Client environment:user.dir=/home/ubuntu/flamestream
18:53:50.988 [worker-akka.actor.default-dispatcher-6] INFO  o.a.z.ZooKeeper  - Initiating client connection, connectString=flamestream-benchmarks-manager:12181 sessionTimeout=60000 watcher=org.apache.curator.ConnectionState@bd23c93
18:53:51.016 [worker-akka.actor.default-dispatcher-6-SendThread(flamestream-benchmarks-manager:12181)] INFO  o.a.z.ClientCnxn  - Opening socket connection to server flamestream-benchmarks-manager/10.0.0.2:12181. Will not attempt to authenticate using SASL (unknown error)
18:53:51.019 [worker-akka.actor.default-dispatcher-6] INFO  o.a.c.f.i.CuratorFrameworkImpl  - Default schema
18:53:51.022 [worker-akka.actor.default-dispatcher-6-SendThread(flamestream-benchmarks-manager:12181)] INFO  o.a.z.ClientCnxn  - Socket connection established to flamestream-benchmarks-manager/10.0.0.2:12181, initiating session
18:53:51.031 [worker-akka.actor.default-dispatcher-6-SendThread(flamestream-benchmarks-manager:12181)] INFO  o.a.z.ClientCnxn  - Session establishment complete on server flamestream-benchmarks-manager/10.0.0.2:12181, sessionid = 0x100015787a40007, negotiated timeout = 60000
18:53:51.038 [worker-akka.actor.default-dispatcher-6-EventThread] INFO  o.a.c.f.s.ConnectionStateManager  - State change: CONNECTED
18:53:51.040 [worker-akka.actor.default-dispatcher-9] INFO  a.a.RepointableActorRef akka://worker/user/watcher - Initializing rocksDB backend
2019-09-28T18:53:51.755+0000: 4.346: [Full GC (Metadata GC Threshold) 2019-09-28T18:53:51.755+0000: 4.346: [Tenured: 13624K->25943K(1024000K), 0.0953956 secs] 161114K->25943K(1484800K), [Metaspace: 33697K->33697K(1079296K)], 0.0955036 secs] [Times: user=0.07 sys=0.01, real=0.10 secs] 
18:53:51.969 [worker-akka.actor.default-dispatcher-6] INFO  a.a.LocalActorRef akka://worker/user/watcher/processing-watcher - Starting...
18:54:00.534 [Curator-PathChildrenCache-1] WARN  o.a.c.u.ZKPaths  - The version of ZooKeeper being used doesn't support Container nodes. CreateMode.PERSISTENT will be used instead.
18:54:00.626 [worker-akka.actor.default-dispatcher-10] INFO  a.a.LocalActorRef akka://worker/user/watcher/processing-watcher/$a - Starting...
18:54:00.660 [worker-akka.actor.default-dispatcher-6] INFO  a.a.LocalActorRef akka://worker/user/watcher/processing-watcher/$a - Stopped
18:54:03.334 [worker-akka.actor.default-dispatcher-9] INFO  a.a.LocalActorRef akka://worker/user/watcher/processing-watcher/graph/graph - Starting...
18:54:09.497 [worker-akka.actor.default-dispatcher-9] INFO  a.a.LocalActorRef akka://worker/user/watcher/processing-watcher/graph/graph - Finishing constructor
18:54:09.497 [worker-akka.actor.default-dispatcher-9] INFO  a.a.LocalActorRef akka://worker/user/watcher/processing-watcher/graph/negotiator - Starting...
18:54:09.501 [worker-akka.actor.default-dispatcher-12] INFO  a.a.LocalActorRef akka://worker/user/watcher/processing-watcher/graph/edge - Starting...
18:54:09.503 [worker-akka.actor.default-dispatcher-6] INFO  a.a.LocalActorRef akka://worker/user/watcher/processing-watcher/graph - Starting FlameNode with config 'ClusterConfig{paths={flamestream-benchmarks-worker-1=akka://worker@flamestream-benchmarks-worker-1:5412/user/watcher/processing-watcher/graph, flamestream-benchmarks-worker-0=akka://worker@flamestream-benchmarks-worker-0:5412/user/watcher/processing-watcher/graph, flamestream-benchmarks-worker-9=akka://worker@flamestream-benchmarks-worker-9:5412/user/watcher/processing-watcher/graph, flamestream-benchmarks-worker-8=akka://worker@flamestream-benchmarks-worker-8:5412/user/watcher/processing-watcher/graph, flamestream-benchmarks-worker-7=akka://worker@flamestream-benchmarks-worker-7:5412/user/watcher/processing-watcher/graph, flamestream-benchmarks-worker-6=akka://worker@flamestream-benchmarks-worker-6:5412/user/watcher/processing-watcher/graph, flamestream-benchmarks-worker-5=akka://worker@flamestream-benchmarks-worker-5:5412/user/watcher/processing-watcher/graph, flamestream-benchmarks-worker-4=akka://worker@flamestream-benchmarks-worker-4:5412/user/watcher/processing-watcher/graph, flamestream-benchmarks-worker-3=akka://worker@flamestream-benchmarks-worker-3:5412/user/watcher/processing-watcher/graph, flamestream-benchmarks-worker-2=akka://worker@flamestream-benchmarks-worker-2:5412/user/watcher/processing-watcher/graph, flamestream-benchmarks-worker-14=akka://worker@flamestream-benchmarks-worker-14:5412/user/watcher/processing-watcher/graph, flamestream-benchmarks-worker-13=akka://worker@flamestream-benchmarks-worker-13:5412/user/watcher/processing-watcher/graph, flamestream-benchmarks-worker-12=akka://worker@flamestream-benchmarks-worker-12:5412/user/watcher/processing-watcher/graph, flamestream-benchmarks-worker-11=akka://worker@flamestream-benchmarks-worker-11:5412/user/watcher/processing-watcher/graph, flamestream-benchmarks-worker-10=akka://worker@flamestream-benchmarks-worker-10:5412/user/watcher/processing-watcher/graph}}'
18:54:09.528 [worker-akka.actor.default-dispatcher-9] INFO  a.a.LocalActorRef akka://worker/user/watcher/processing-watcher/graph/negotiator - Requesting ticket for the frontClass FlameSocketGraphDeployerFront@flamestream-benchmarks-worker-7
18:54:09.559 [worker-akka.actor.default-dispatcher-14] INFO  a.a.LocalActorRef akka://worker/user/watcher/processing-watcher/graph/graph - Received last commit 'LastCommit{globalTime=(0000000, min@min)}'
18:54:09.585 [worker-akka.actor.default-dispatcher-6] INFO  c.s.f.r.e.s.SocketRear  - FlameSocketGraphDeployerRear@flamestream-benchmarks-worker-7: connecting to flamestream-benchmarks-manager:5678
18:54:09.595 [worker-akka.actor.default-dispatcher-10] INFO  a.a.LocalActorRef akka://worker/user/watcher/processing-watcher/graph/edge/FlameSocketGraphDeployerFront - Starting...
18:54:09.610 [worker-akka.actor.default-dispatcher-6] INFO  c.s.f.r.e.s.SocketRear  - FlameSocketGraphDeployerRear@flamestream-benchmarks-worker-7: connected to flamestream-benchmarks-manager:5678
18:54:09.611 [worker-akka.actor.default-dispatcher-14] INFO  a.a.LocalActorRef akka://worker/user/watcher/processing-watcher/graph/edge/FlameSocketGraphDeployerRear - Starting...
18:54:09.623 [worker-akka.actor.default-dispatcher-6] INFO  a.a.LocalActorRef akka://worker/user/watcher/processing-watcher/graph/negotiator - Ticket for the frontClass received: FrontTicket{allowedTimestamp=(0000000, FlameSocketGraphDeployerFront@flamestream-benchmarks-worker-7)}
18:54:09.624 [worker-akka.actor.default-dispatcher-6] INFO  c.s.f.r.e.s.SocketFront  - FlameSocketGraphDeployerFront@flamestream-benchmarks-worker-7: connecting to flamestream-benchmarks-manager:4567
18:54:09.882 [worker-akka.actor.default-dispatcher-6] INFO  a.a.LocalActorRef akka://worker/user/watcher/processing-watcher/graph/graph/$a - Starting...
18:54:09.888 [worker-akka.actor.default-dispatcher-6] INFO  a.a.LocalActorRef akka://worker/user/watcher/processing-watcher/graph/graph/$b - Starting...
18:54:09.890 [worker-akka.actor.default-dispatcher-6] INFO  a.a.LocalActorRef akka://worker/user/watcher/processing-watcher/graph/graph/$c - Starting...
18:54:09.892 [worker-akka.actor.default-dispatcher-6] INFO  a.a.LocalActorRef akka://worker/user/watcher/processing-watcher/graph/graph/$d - Starting...
18:54:09.893 [worker-akka.actor.default-dispatcher-6] INFO  a.a.LocalActorRef akka://worker/user/watcher/processing-watcher/graph/graph/$e - Starting...
18:54:09.894 [worker-akka.actor.default-dispatcher-6] INFO  a.a.LocalActorRef akka://worker/user/watcher/processing-watcher/graph/graph/$f - Starting...
18:54:09.896 [worker-akka.actor.default-dispatcher-6] INFO  a.a.LocalActorRef akka://worker/user/watcher/processing-watcher/graph/graph/$g - Starting...
18:54:09.900 [worker-akka.actor.default-dispatcher-6] INFO  a.a.LocalActorRef akka://worker/user/watcher/processing-watcher/graph/graph/$h - Starting...
18:54:09.901 [worker-akka.actor.default-dispatcher-6] INFO  a.a.LocalActorRef akka://worker/user/watcher/processing-watcher/graph/graph/$i - Starting...
18:54:09.902 [worker-akka.actor.default-dispatcher-6] INFO  a.a.LocalActorRef akka://worker/user/watcher/processing-watcher/graph/graph/$j - Starting...
18:54:09.904 [worker-akka.actor.default-dispatcher-6] INFO  a.a.LocalActorRef akka://worker/user/watcher/processing-watcher/graph/graph/$k - Starting...
18:54:09.905 [worker-akka.actor.default-dispatcher-6] INFO  a.a.LocalActorRef akka://worker/user/watcher/processing-watcher/graph/graph/$l - Starting...
18:54:09.907 [worker-akka.actor.default-dispatcher-6] INFO  a.a.LocalActorRef akka://worker/user/watcher/processing-watcher/graph/graph/$m - Starting...
18:54:09.908 [worker-akka.actor.default-dispatcher-6] INFO  a.a.LocalActorRef akka://worker/user/watcher/processing-watcher/graph/graph/$n - Starting...
18:54:09.910 [worker-akka.actor.default-dispatcher-6] INFO  a.a.LocalActorRef akka://worker/user/watcher/processing-watcher/graph/graph/$o - Starting...
18:54:09.913 [worker-akka.actor.default-dispatcher-6] INFO  a.a.LocalActorRef akka://worker/user/watcher/processing-watcher/graph/graph/$p - Starting...
18:54:09.915 [worker-akka.actor.default-dispatcher-6] INFO  a.a.LocalActorRef akka://worker/user/watcher/processing-watcher/graph/graph/$q - Starting...
18:54:09.924 [worker-akka.actor.default-dispatcher-6] INFO  a.a.LocalActorRef akka://worker/user/watcher/processing-watcher/graph/graph/$r - Starting...
18:54:09.944 [worker-akka.actor.default-dispatcher-6] INFO  a.a.LocalActorRef akka://worker/user/watcher/processing-watcher/graph/graph/$s - Starting...
18:54:09.946 [worker-akka.actor.default-dispatcher-6] INFO  a.a.LocalActorRef akka://worker/user/watcher/processing-watcher/graph/graph/$t - Starting...
18:54:09.952 [worker-akka.actor.default-dispatcher-6] INFO  a.a.LocalActorRef akka://worker/user/watcher/processing-watcher/graph/graph/$u - Starting...
18:54:09.953 [worker-akka.actor.default-dispatcher-14] INFO  a.a.LocalActorRef akka://worker/user/watcher/processing-watcher/graph/graph/$v - Starting...
18:54:09.956 [worker-akka.actor.default-dispatcher-6] INFO  a.a.LocalActorRef akka://worker/user/watcher/processing-watcher/graph/graph/$r - Attached rear to graph (-9223372036854775808, min@min)
18:54:09.960 [worker-akka.actor.default-dispatcher-6] INFO  a.a.LocalActorRef akka://worker/user/watcher/processing-watcher/graph/graph/$x - Starting...
18:54:09.960 [worker-akka.actor.default-dispatcher-6] INFO  a.a.LocalActorRef akka://worker/user/watcher/processing-watcher/graph/graph/$w - Starting...
18:54:09.962 [worker-akka.actor.default-dispatcher-6] INFO  a.a.LocalActorRef akka://worker/user/watcher/processing-watcher/graph/graph/$z - Starting...
18:54:09.962 [worker-akka.actor.default-dispatcher-6] INFO  a.a.LocalActorRef akka://worker/user/watcher/processing-watcher/graph/graph/$y - Starting...
18:54:09.963 [worker-akka.actor.default-dispatcher-6] INFO  a.a.LocalActorRef akka://worker/user/watcher/processing-watcher/graph/graph/$A - Starting...
18:54:09.963 [worker-akka.actor.default-dispatcher-6] INFO  a.a.LocalActorRef akka://worker/user/watcher/processing-watcher/graph/graph/$B - Starting...
18:54:09.964 [worker-akka.actor.default-dispatcher-6] INFO  a.a.LocalActorRef akka://worker/user/watcher/processing-watcher/graph/graph/$C - Starting...
18:54:09.965 [worker-akka.actor.default-dispatcher-6] INFO  a.a.LocalActorRef akka://worker/user/watcher/processing-watcher/graph/graph/$D - Starting...
18:54:09.967 [worker-akka.actor.default-dispatcher-6] INFO  a.a.LocalActorRef akka://worker/user/watcher/processing-watcher/graph/graph/$E - Starting...
18:54:09.967 [worker-akka.actor.default-dispatcher-6] INFO  a.a.LocalActorRef akka://worker/user/watcher/processing-watcher/graph/graph/$F - Starting...
18:54:09.968 [worker-akka.actor.default-dispatcher-6] INFO  a.a.LocalActorRef akka://worker/user/watcher/processing-watcher/graph/graph/$H - Starting...
18:54:09.968 [worker-akka.actor.default-dispatcher-6] INFO  a.a.LocalActorRef akka://worker/user/watcher/processing-watcher/graph/graph/$G - Starting...
18:54:09.970 [worker-akka.actor.default-dispatcher-6] INFO  a.a.LocalActorRef akka://worker/user/watcher/processing-watcher/graph/graph/$J - Starting...
18:54:09.970 [worker-akka.actor.default-dispatcher-6] INFO  a.a.LocalActorRef akka://worker/user/watcher/processing-watcher/graph/graph/$I - Starting...
18:54:09.971 [worker-akka.actor.default-dispatcher-6] INFO  a.a.LocalActorRef akka://worker/user/watcher/processing-watcher/graph/graph/$K - Starting...
18:54:09.973 [worker-akka.actor.default-dispatcher-6] INFO  a.a.LocalActorRef akka://worker/user/watcher/processing-watcher/graph/graph/$L - Starting...
18:54:09.974 [worker-akka.actor.default-dispatcher-6] INFO  a.a.LocalActorRef akka://worker/user/watcher/processing-watcher/graph/graph/$N - Starting...
18:54:09.975 [worker-akka.actor.default-dispatcher-6] INFO  a.a.LocalActorRef akka://worker/user/watcher/processing-watcher/graph/graph/$M - Starting...
18:54:09.977 [worker-akka.actor.default-dispatcher-6] INFO  a.a.LocalActorRef akka://worker/user/watcher/processing-watcher/graph/graph/$O - Starting...
18:54:09.979 [worker-akka.actor.default-dispatcher-14] INFO  a.a.LocalActorRef akka://worker/user/watcher/processing-watcher/graph/graph/$P - Starting...
18:54:09.979 [worker-akka.actor.default-dispatcher-14] INFO  a.a.LocalActorRef akka://worker/user/watcher/processing-watcher/graph/graph/$Q - Starting...
18:54:09.979 [worker-akka.actor.default-dispatcher-14] INFO  a.a.LocalActorRef akka://worker/user/watcher/processing-watcher/graph/graph/$S - Starting...
18:54:09.980 [worker-akka.actor.default-dispatcher-6] INFO  a.a.LocalActorRef akka://worker/user/watcher/processing-watcher/graph/graph/$T - Starting...
18:54:09.981 [worker-akka.actor.default-dispatcher-6] INFO  a.a.LocalActorRef akka://worker/user/watcher/processing-watcher/graph/graph/$R - Starting...
18:54:09.982 [worker-akka.actor.default-dispatcher-6] INFO  a.a.LocalActorRef akka://worker/user/watcher/processing-watcher/graph/graph/$V - Starting...
18:54:09.983 [worker-akka.actor.default-dispatcher-6] INFO  a.a.LocalActorRef akka://worker/user/watcher/processing-watcher/graph/graph/$U - Starting...
18:54:09.984 [worker-akka.actor.default-dispatcher-6] INFO  a.a.LocalActorRef akka://worker/user/watcher/processing-watcher/graph/graph/$X - Starting...
18:54:09.985 [worker-akka.actor.default-dispatcher-6] INFO  a.a.LocalActorRef akka://worker/user/watcher/processing-watcher/graph/graph/$W - Starting...
18:54:09.987 [worker-akka.actor.default-dispatcher-6] INFO  a.a.LocalActorRef akka://worker/user/watcher/processing-watcher/graph/graph/$Y - Starting...
18:54:09.989 [worker-akka.actor.default-dispatcher-14] INFO  a.a.LocalActorRef akka://worker/user/watcher/processing-watcher/graph/graph/$Z - Starting...
18:54:09.989 [worker-akka.actor.default-dispatcher-14] INFO  a.a.LocalActorRef akka://worker/user/watcher/processing-watcher/graph/graph/$0 - Starting...
18:54:09.989 [worker-akka.actor.default-dispatcher-14] INFO  a.a.LocalActorRef akka://worker/user/watcher/processing-watcher/graph/graph/$2 - Starting...
18:54:09.989 [worker-akka.actor.default-dispatcher-14] INFO  a.a.LocalActorRef akka://worker/user/watcher/processing-watcher/graph/graph/$1 - Starting...
18:54:09.989 [worker-akka.actor.default-dispatcher-14] INFO  a.a.LocalActorRef akka://worker/user/watcher/processing-watcher/graph/graph/$4 - Starting...
18:54:09.990 [worker-akka.actor.default-dispatcher-6] INFO  a.a.LocalActorRef akka://worker/user/watcher/processing-watcher/graph/graph/$3 - Starting...
18:54:09.991 [worker-akka.actor.default-dispatcher-6] INFO  a.a.LocalActorRef akka://worker/user/watcher/processing-watcher/graph/graph/$6 - Starting...
18:54:09.992 [worker-akka.actor.default-dispatcher-6] INFO  a.a.LocalActorRef akka://worker/user/watcher/processing-watcher/graph/graph/$5 - Starting...
18:54:09.993 [worker-akka.actor.default-dispatcher-14] INFO  a.a.LocalActorRef akka://worker/user/watcher/processing-watcher/graph/graph/$7 - Starting...
18:54:09.994 [worker-akka.actor.default-dispatcher-6] INFO  a.a.LocalActorRef akka://worker/user/watcher/processing-watcher/graph/graph/$8 - Starting...
18:54:09.995 [worker-akka.actor.default-dispatcher-6] INFO  a.a.LocalActorRef akka://worker/user/watcher/processing-watcher/graph/graph/$9 - Starting...
18:54:09.996 [worker-akka.actor.default-dispatcher-6] INFO  a.a.LocalActorRef akka://worker/user/watcher/processing-watcher/graph/graph/$+ - Starting...
18:54:09.997 [worker-akka.actor.default-dispatcher-6] INFO  a.a.LocalActorRef akka://worker/user/watcher/processing-watcher/graph/graph/$~ - Starting...
18:54:09.999 [worker-akka.actor.default-dispatcher-6] INFO  a.a.LocalActorRef akka://worker/user/watcher/processing-watcher/graph/graph/$bb - Starting...
18:54:10.001 [worker-akka.actor.default-dispatcher-6] INFO  a.a.LocalActorRef akka://worker/user/watcher/processing-watcher/graph/graph/$ab - Starting...
18:54:10.002 [worker-akka.actor.default-dispatcher-14] INFO  a.a.LocalActorRef akka://worker/user/watcher/processing-watcher/graph/graph/$cb - Starting...
18:54:10.002 [worker-akka.actor.default-dispatcher-14] INFO  a.a.LocalActorRef akka://worker/user/watcher/processing-watcher/graph/graph/$db - Starting...
18:54:10.002 [worker-akka.actor.default-dispatcher-14] INFO  a.a.LocalActorRef akka://worker/user/watcher/processing-watcher/graph/graph/$fb - Starting...
18:54:10.002 [worker-akka.actor.default-dispatcher-14] INFO  a.a.LocalActorRef akka://worker/user/watcher/processing-watcher/graph/graph/$eb - Starting...
18:54:10.003 [worker-akka.actor.default-dispatcher-6] INFO  a.a.LocalActorRef akka://worker/user/watcher/processing-watcher/graph/graph/$gb - Starting...
18:54:10.003 [worker-akka.actor.default-dispatcher-6] INFO  a.a.LocalActorRef akka://worker/user/watcher/processing-watcher/graph/graph/$hb - Starting...
18:54:10.004 [worker-akka.actor.default-dispatcher-14] INFO  a.a.LocalActorRef akka://worker/user/watcher/processing-watcher/graph/graph/$ib - Starting...
18:54:10.004 [worker-akka.actor.default-dispatcher-14] INFO  a.a.LocalActorRef akka://worker/user/watcher/processing-watcher/graph/graph/$jb - Starting...
18:54:10.006 [worker-akka.actor.default-dispatcher-6] INFO  a.a.LocalActorRef akka://worker/user/watcher/processing-watcher/graph/graph/$kb - Starting...
18:54:10.008 [worker-akka.actor.default-dispatcher-6] INFO  a.a.LocalActorRef akka://worker/user/watcher/processing-watcher/graph/graph/$mb - Starting...
18:54:10.009 [worker-akka.actor.default-dispatcher-6] INFO  a.a.LocalActorRef akka://worker/user/watcher/processing-watcher/graph/graph/$lb - Starting...
18:54:10.009 [worker-akka.actor.default-dispatcher-6] INFO  a.a.LocalActorRef akka://worker/user/watcher/processing-watcher/graph/graph/$ob - Starting...
18:54:10.010 [worker-akka.actor.default-dispatcher-6] INFO  a.a.LocalActorRef akka://worker/user/watcher/processing-watcher/graph/graph/$nb - Starting...
18:54:10.012 [worker-akka.actor.default-dispatcher-6] INFO  a.a.LocalActorRef akka://worker/user/watcher/processing-watcher/graph/graph/$pb - Starting...
18:54:10.014 [worker-akka.actor.default-dispatcher-14] INFO  a.a.LocalActorRef akka://worker/user/watcher/processing-watcher/graph/graph/$qb - Starting...
18:54:10.014 [worker-akka.actor.default-dispatcher-14] INFO  a.a.LocalActorRef akka://worker/user/watcher/processing-watcher/graph/graph/$rb - Starting...
18:54:10.014 [worker-akka.actor.default-dispatcher-14] INFO  a.a.LocalActorRef akka://worker/user/watcher/processing-watcher/graph/graph/$sb - Starting...
18:54:10.014 [worker-akka.actor.default-dispatcher-14] INFO  a.a.LocalActorRef akka://worker/user/watcher/processing-watcher/graph/graph/$ub - Starting...
18:54:10.014 [worker-akka.actor.default-dispatcher-14] INFO  a.a.LocalActorRef akka://worker/user/watcher/processing-watcher/graph/graph/$tb - Starting...
18:54:10.015 [worker-akka.actor.default-dispatcher-14] INFO  a.a.LocalActorRef akka://worker/user/watcher/processing-watcher/graph/graph/$vb - Starting...
18:54:10.015 [worker-akka.actor.default-dispatcher-14] INFO  a.a.LocalActorRef akka://worker/user/watcher/processing-watcher/graph/graph/$wb - Starting...
18:54:10.016 [worker-akka.actor.default-dispatcher-6] INFO  a.a.LocalActorRef akka://worker/user/watcher/processing-watcher/graph/graph/$yb - Starting...
18:54:10.017 [worker-akka.actor.default-dispatcher-6] INFO  a.a.LocalActorRef akka://worker/user/watcher/processing-watcher/graph/graph/$zb - Starting...
18:54:10.017 [worker-akka.actor.default-dispatcher-10] INFO  a.a.LocalActorRef akka://worker/user/watcher/processing-watcher/graph/graph/$xb - Starting...
18:54:10.018 [worker-akka.actor.default-dispatcher-6] INFO  a.a.LocalActorRef akka://worker/user/watcher/processing-watcher/graph/graph/$Bb - Starting...
18:54:10.019 [worker-akka.actor.default-dispatcher-6] INFO  a.a.LocalActorRef akka://worker/user/watcher/processing-watcher/graph/graph/$Ab - Starting...
18:54:10.020 [worker-akka.actor.default-dispatcher-6] INFO  a.a.LocalActorRef akka://worker/user/watcher/processing-watcher/graph/graph/$Cb - Starting...
18:54:10.021 [worker-akka.actor.default-dispatcher-6] INFO  a.a.LocalActorRef akka://worker/user/watcher/processing-watcher/graph/graph/$Db - Starting...
18:54:10.023 [worker-akka.actor.default-dispatcher-6] INFO  a.a.LocalActorRef akka://worker/user/watcher/processing-watcher/graph/graph/$Eb - Starting...
18:54:10.024 [worker-akka.actor.default-dispatcher-6] INFO  a.a.LocalActorRef akka://worker/user/watcher/processing-watcher/graph/graph/$Fb - Starting...
18:54:10.026 [worker-akka.actor.default-dispatcher-10] INFO  a.a.LocalActorRef akka://worker/user/watcher/processing-watcher/graph/graph/$Gb - Starting...
18:54:10.026 [worker-akka.actor.default-dispatcher-10] INFO  a.a.LocalActorRef akka://worker/user/watcher/processing-watcher/graph/graph/$Hb - Starting...
18:54:10.026 [worker-akka.actor.default-dispatcher-10] INFO  a.a.LocalActorRef akka://worker/user/watcher/processing-watcher/graph/graph/$Ib - Starting...
18:54:10.026 [worker-akka.actor.default-dispatcher-10] INFO  a.a.LocalActorRef akka://worker/user/watcher/processing-watcher/graph/graph/$Jb - Starting...
18:54:10.026 [worker-akka.actor.default-dispatcher-10] INFO  a.a.LocalActorRef akka://worker/user/watcher/processing-watcher/graph/graph/$Kb - Starting...
18:54:10.027 [worker-akka.actor.default-dispatcher-10] INFO  a.a.LocalActorRef akka://worker/user/watcher/processing-watcher/graph/graph/$Mb - Starting...
18:54:10.028 [worker-akka.actor.default-dispatcher-6] INFO  a.a.LocalActorRef akka://worker/user/watcher/processing-watcher/graph/graph/$Lb - Starting...
18:54:10.028 [worker-akka.actor.default-dispatcher-6] INFO  a.a.LocalActorRef akka://worker/user/watcher/processing-watcher/graph/graph/$Nb - Starting...
2019-09-28T18:54:25.075+0000: 37.666: [GC (Allocation Failure) 2019-09-28T18:54:25.075+0000: 37.666: [DefNew: 409600K->32456K(460800K), 0.1111277 secs] 435543K->58399K(1484800K), 0.1112569 secs] [Times: user=0.08 sys=0.03, real=0.11 secs] 
2019-09-28T18:54:34.731+0000: 47.321: [GC (Allocation Failure) 2019-09-28T18:54:34.731+0000: 47.321: [DefNew: 442056K->1201K(460800K), 0.0392171 secs] 467999K->56287K(1484800K), 0.0393181 secs] [Times: user=0.03 sys=0.01, real=0.04 secs] 
2019-09-28T18:54:41.444+0000: 54.035: [GC (Allocation Failure) 2019-09-28T18:54:41.444+0000: 54.035: [DefNew: 410801K->1156K(460800K), 0.0097632 secs] 465887K->56242K(1484800K), 0.0098811 secs] [Times: user=0.01 sys=0.00, real=0.01 secs] 
2019-09-28T18:54:46.826+0000: 59.418: [GC (Allocation Failure) 2019-09-28T18:54:46.827+0000: 59.418: [DefNew: 410756K->1263K(460800K), 0.0057804 secs] 465842K->56350K(1484800K), 0.0071573 secs] [Times: user=0.01 sys=0.00, real=0.01 secs] 
2019-09-28T18:54:54.487+0000: 67.077: [GC (Allocation Failure) 2019-09-28T18:54:54.487+0000: 67.077: [DefNew: 410863K->1779K(460800K), 0.0071438 secs] 465950K->56866K(1484800K), 0.0072453 secs] [Times: user=0.01 sys=0.01, real=0.01 secs] 
2019-09-28T18:55:01.444+0000: 74.035: [GC (Allocation Failure) 2019-09-28T18:55:01.444+0000: 74.035: [DefNew: 411379K->1585K(460800K), 0.0048142 secs] 466466K->56671K(1484800K), 0.0049153 secs] [Times: user=0.00 sys=0.00, real=0.01 secs] 
2019-09-28T18:55:08.630+0000: 81.221: [GC (Allocation Failure) 2019-09-28T18:55:08.630+0000: 81.221: [DefNew: 411185K->1594K(460800K), 0.0050565 secs] 466271K->56680K(1484800K), 0.0051637 secs] [Times: user=0.01 sys=0.00, real=0.00 secs] 
2019-09-28T18:55:15.820+0000: 88.411: [GC (Allocation Failure) 2019-09-28T18:55:15.820+0000: 88.411: [DefNew: 411194K->1560K(460800K), 0.0047187 secs] 466280K->56646K(1484800K), 0.0048294 secs] [Times: user=0.01 sys=0.00, real=0.00 secs] 
2019-09-28T18:55:23.058+0000: 95.649: [GC (Allocation Failure) 2019-09-28T18:55:23.058+0000: 95.649: [DefNew: 411160K->1554K(460800K), 0.0045035 secs] 466246K->56641K(1484800K), 0.0045930 secs] [Times: user=0.00 sys=0.00, real=0.01 secs] 
2019-09-28T18:55:30.754+0000: 103.345: [GC (Allocation Failure) 2019-09-28T18:55:30.754+0000: 103.345: [DefNew: 411154K->1575K(460800K), 0.0046731 secs] 466241K->56662K(1484800K), 0.0047744 secs] [Times: user=0.01 sys=0.00, real=0.00 secs] 
2019-09-28T18:55:37.969+0000: 110.560: [GC (Allocation Failure) 2019-09-28T18:55:37.969+0000: 110.560: [DefNew: 411175K->1624K(460800K), 0.0046131 secs] 466262K->56710K(1484800K), 0.0047102 secs] [Times: user=0.01 sys=0.00, real=0.00 secs] 
2019-09-28T18:55:45.175+0000: 117.766: [GC (Allocation Failure) 2019-09-28T18:55:45.175+0000: 117.766: [DefNew: 411224K->1545K(460800K), 0.0044513 secs] 466310K->56631K(1484800K), 0.0045650 secs] [Times: user=0.01 sys=0.00, real=0.01 secs] 
2019-09-28T18:55:52.638+0000: 125.229: [GC (Allocation Failure) 2019-09-28T18:55:52.638+0000: 125.229: [DefNew: 411145K->1721K(460800K), 0.0051285 secs] 466231K->56808K(1484800K), 0.0053464 secs] [Times: user=0.00 sys=0.00, real=0.01 secs] 
2019-09-28T18:55:59.983+0000: 132.574: [GC (Allocation Failure) 2019-09-28T18:55:59.983+0000: 132.574: [DefNew: 411321K->1640K(460800K), 0.0048282 secs] 466408K->56726K(1484800K), 0.0049292 secs] [Times: user=0.00 sys=0.00, real=0.01 secs] 
2019-09-28T18:56:07.208+0000: 139.799: [GC (Allocation Failure) 2019-09-28T18:56:07.208+0000: 139.799: [DefNew: 411240K->1638K(460800K), 0.0046683 secs] 466326K->56724K(1484800K), 0.0047651 secs] [Times: user=0.00 sys=0.00, real=0.00 secs] 
2019-09-28T18:56:14.491+0000: 147.082: [GC (Allocation Failure) 2019-09-28T18:56:14.492+0000: 147.082: [DefNew: 411238K->1646K(460800K), 0.0047895 secs] 466324K->56733K(1484800K), 0.0048928 secs] [Times: user=0.00 sys=0.00, real=0.00 secs] 
2019-09-28T18:56:21.717+0000: 154.308: [GC (Allocation Failure) 2019-09-28T18:56:21.717+0000: 154.308: [DefNew: 411246K->1445K(460800K), 0.0051688 secs] 466333K->56727K(1484800K), 0.0052635 secs] [Times: user=0.01 sys=0.00, real=0.01 secs] 
2019-09-28T18:56:29.541+0000: 162.131: [GC (Allocation Failure) 2019-09-28T18:56:29.541+0000: 162.131: [DefNew: 411045K->1384K(460800K), 0.0046808 secs] 466327K->56738K(1484800K), 0.0047896 secs] [Times: user=0.01 sys=0.00, real=0.00 secs] 
2019-09-28T18:56:36.871+0000: 169.462: [GC (Allocation Failure) 2019-09-28T18:56:36.871+0000: 169.462: [DefNew: 410984K->1288K(460800K), 0.0045171 secs] 466338K->56724K(1484800K), 0.0046148 secs] [Times: user=0.00 sys=0.00, real=0.00 secs] 
2019-09-28T18:56:44.135+0000: 176.726: [GC (Allocation Failure) 2019-09-28T18:56:44.136+0000: 176.726: [DefNew: 410888K->267K(460800K), 0.0051924 secs] 466324K->56761K(1484800K), 0.0052856 secs] [Times: user=0.01 sys=0.00, real=0.01 secs] 
2019-09-28T18:56:51.900+0000: 184.490: [GC (Allocation Failure) 2019-09-28T18:56:51.900+0000: 184.490: [DefNew: 409867K->268K(460800K), 0.0031512 secs] 466361K->56765K(1484800K), 0.0032414 secs] [Times: user=0.00 sys=0.00, real=0.00 secs] 
2019-09-28T18:56:59.190+0000: 191.781: [GC (Allocation Failure) 2019-09-28T18:56:59.190+0000: 191.781: [DefNew: 409868K->335K(460800K), 0.0032171 secs] 466365K->56832K(1484800K), 0.0033087 secs] [Times: user=0.00 sys=0.00, real=0.00 secs] 
2019-09-28T18:57:06.396+0000: 198.987: [GC (Allocation Failure) 2019-09-28T18:57:06.396+0000: 198.987: [DefNew: 409935K->280K(460800K), 0.0032173 secs] 466432K->56777K(1484800K), 0.0033114 secs] [Times: user=0.00 sys=0.00, real=0.01 secs] 
2019-09-28T18:57:14.276+0000: 206.867: [GC (Allocation Failure) 2019-09-28T18:57:14.276+0000: 206.867: [DefNew: 409880K->301K(460800K), 0.0031815 secs] 466377K->56798K(1484800K), 0.0032835 secs] [Times: user=0.00 sys=0.00, real=0.01 secs] 
2019-09-28T18:57:21.562+0000: 214.153: [GC (Allocation Failure) 2019-09-28T18:57:21.563+0000: 214.153: [DefNew: 409901K->316K(460800K), 0.0031984 secs] 466398K->56812K(1484800K), 0.0032921 secs] [Times: user=0.00 sys=0.00, real=0.00 secs] 
2019-09-28T18:57:28.830+0000: 221.421: [GC (Allocation Failure) 2019-09-28T18:57:28.830+0000: 221.421: [DefNew: 409916K->306K(460800K), 0.0031738 secs] 466412K->56802K(1484800K), 0.0032672 secs] [Times: user=0.01 sys=0.00, real=0.00 secs] 
2019-09-28T18:57:36.615+0000: 229.206: [GC (Allocation Failure) 2019-09-28T18:57:36.615+0000: 229.206: [DefNew: 409906K->274K(460800K), 0.0031967 secs] 466402K->56770K(1484800K), 0.0033408 secs] [Times: user=0.00 sys=0.01, real=0.00 secs] 
2019-09-28T18:57:43.897+0000: 236.488: [GC (Allocation Failure) 2019-09-28T18:57:43.897+0000: 236.488: [DefNew: 409874K->192K(460800K), 0.0031721 secs] 466370K->56779K(1484800K), 0.0032736 secs] [Times: user=0.00 sys=0.00, real=0.01 secs] 
2019-09-28T18:57:51.108+0000: 243.699: [GC (Allocation Failure) 2019-09-28T18:57:51.108+0000: 243.699: [DefNew: 409792K->202K(460800K), 0.0032052 secs] 466379K->56790K(1484800K), 0.0033017 secs] [Times: user=0.01 sys=0.00, real=0.00 secs] 
2019-09-28T18:57:58.398+0000: 250.989: [GC (Allocation Failure) 2019-09-28T18:57:58.398+0000: 250.989: [DefNew: 409802K->239K(460800K), 0.0030715 secs] 466390K->56827K(1484800K), 0.0031580 secs] [Times: user=0.00 sys=0.00, real=0.01 secs] 
2019-09-28T18:58:06.169+0000: 258.760: [GC (Allocation Failure) 2019-09-28T18:58:06.169+0000: 258.760: [DefNew: 409839K->302K(460800K), 0.0031788 secs] 466427K->56890K(1484800K), 0.0032709 secs] [Times: user=0.01 sys=0.00, real=0.00 secs] 
2019-09-28T18:58:13.420+0000: 266.011: [GC (Allocation Failure) 2019-09-28T18:58:13.421+0000: 266.011: [DefNew: 409902K->209K(460800K), 0.0032625 secs] 466490K->56797K(1484800K), 0.0033596 secs] [Times: user=0.00 sys=0.00, real=0.00 secs] 
2019-09-28T18:58:20.679+0000: 273.270: [GC (Allocation Failure) 2019-09-28T18:58:20.679+0000: 273.270: [DefNew: 409809K->218K(460800K), 0.0030825 secs] 466397K->56806K(1484800K), 0.0032024 secs] [Times: user=0.00 sys=0.00, real=0.01 secs] 
2019-09-28T18:58:28.518+0000: 281.108: [GC (Allocation Failure) 2019-09-28T18:58:28.518+0000: 281.108: [DefNew: 409818K->207K(460800K), 0.0030776 secs] 466406K->56795K(1484800K), 0.0031681 secs] [Times: user=0.00 sys=0.00, real=0.01 secs] 
2019-09-28T18:58:35.772+0000: 288.363: [GC (Allocation Failure) 2019-09-28T18:58:35.773+0000: 288.363: [DefNew: 409807K->282K(460800K), 0.0031023 secs] 466395K->56870K(1484800K), 0.0031982 secs] [Times: user=0.00 sys=0.00, real=0.00 secs] 
2019-09-28T18:58:43.015+0000: 295.605: [GC (Allocation Failure) 2019-09-28T18:58:43.015+0000: 295.605: [DefNew: 409882K->172K(460800K), 0.0032546 secs] 466470K->56799K(1484800K), 0.0033510 secs] [Times: user=0.00 sys=0.00, real=0.00 secs] 
2019-09-28T18:58:50.467+0000: 303.058: [GC (Allocation Failure) 2019-09-28T18:58:50.467+0000: 303.058: [DefNew: 409772K->196K(460800K), 0.0032622 secs] 466399K->56822K(1484800K), 0.0033606 secs] [Times: user=0.00 sys=0.00, real=0.01 secs] 
2019-09-28T18:58:58.034+0000: 310.625: [GC (Allocation Failure) 2019-09-28T18:58:58.035+0000: 310.625: [DefNew: 409796K->199K(460800K), 0.0030163 secs] 466422K->56826K(1484800K), 0.0031188 secs] [Times: user=0.00 sys=0.00, real=0.00 secs] 
2019-09-28T18:59:05.340+0000: 317.931: [GC (Allocation Failure) 2019-09-28T18:59:05.340+0000: 317.931: [DefNew: 409799K->200K(460800K), 0.0031434 secs] 466426K->56828K(1484800K), 0.0032410 secs] [Times: user=0.01 sys=0.00, real=0.00 secs] 
2019-09-28T18:59:13.130+0000: 325.721: [GC (Allocation Failure) 2019-09-28T18:59:13.130+0000: 325.721: [DefNew: 409800K->199K(460800K), 0.0030197 secs] 466428K->56826K(1484800K), 0.0031124 secs] [Times: user=0.01 sys=0.00, real=0.00 secs] 
2019-09-28T18:59:20.397+0000: 332.988: [GC (Allocation Failure) 2019-09-28T18:59:20.397+0000: 332.988: [DefNew: 409799K->198K(460800K), 0.0029084 secs] 466426K->56826K(1484800K), 0.0029929 secs] [Times: user=0.00 sys=0.00, real=0.01 secs] 
2019-09-28T18:59:27.681+0000: 340.272: [GC (Allocation Failure) 2019-09-28T18:59:27.681+0000: 340.272: [DefNew: 409798K->199K(460800K), 0.0030716 secs] 466426K->56826K(1484800K), 0.0031861 secs] [Times: user=0.00 sys=0.00, real=0.00 secs] 
2019-09-28T18:59:34.936+0000: 347.527: [GC (Allocation Failure) 2019-09-28T18:59:34.936+0000: 347.527: [DefNew: 409799K->261K(460800K), 0.0031399 secs] 466426K->56889K(1484800K), 0.0032360 secs] [Times: user=0.00 sys=0.00, real=0.01 secs] 
2019-09-28T18:59:42.696+0000: 355.287: [GC (Allocation Failure) 2019-09-28T18:59:42.696+0000: 355.287: [DefNew: 409861K->220K(460800K), 0.0031541 secs] 466489K->56872K(1484800K), 0.0032651 secs] [Times: user=0.01 sys=0.00, real=0.01 secs] 
2019-09-28T18:59:50.006+0000: 362.597: [GC (Allocation Failure) 2019-09-28T18:59:50.006+0000: 362.597: [DefNew: 409820K->237K(460800K), 0.0032482 secs] 466472K->56890K(1484800K), 0.0033467 secs] [Times: user=0.00 sys=0.00, real=0.01 secs] 
2019-09-28T18:59:57.207+0000: 369.798: [GC (Allocation Failure) 2019-09-28T18:59:57.207+0000: 369.798: [DefNew: 409837K->221K(460800K), 0.0031820 secs] 466490K->56874K(1484800K), 0.0032889 secs] [Times: user=0.00 sys=0.00, real=0.00 secs] 
2019-09-28T19:00:04.980+0000: 377.571: [GC (Allocation Failure) 2019-09-28T19:00:04.980+0000: 377.571: [DefNew: 409821K->199K(460800K), 0.0030597 secs] 466474K->56856K(1484800K), 0.0031534 secs] [Times: user=0.00 sys=0.00, real=0.00 secs] 
2019-09-28T19:00:12.223+0000: 384.814: [GC (Allocation Failure) 2019-09-28T19:00:12.223+0000: 384.814: [DefNew: 409799K->242K(460800K), 0.0030651 secs] 466456K->56899K(1484800K), 0.0031580 secs] [Times: user=0.01 sys=0.00, real=0.00 secs] 
2019-09-28T19:00:19.494+0000: 392.085: [GC (Allocation Failure) 2019-09-28T19:00:19.494+0000: 392.085: [DefNew: 409842K->250K(460800K), 0.0032482 secs] 466499K->56908K(1484800K), 0.0033387 secs] [Times: user=0.00 sys=0.00, real=0.00 secs] 
2019-09-28T19:00:26.741+0000: 399.332: [GC (Allocation Failure) 2019-09-28T19:00:26.741+0000: 399.332: [DefNew: 409850K->217K(460800K), 0.0033393 secs] 466508K->56879K(1484800K), 0.0034401 secs] [Times: user=0.01 sys=0.00, real=0.00 secs] 
2019-09-28T19:00:34.572+0000: 407.163: [GC (Allocation Failure) 2019-09-28T19:00:34.572+0000: 407.163: [DefNew: 409817K->213K(460800K), 0.0032064 secs] 466479K->56874K(1484800K), 0.0033026 secs] [Times: user=0.01 sys=0.00, real=0.00 secs] 
2019-09-28T19:00:41.819+0000: 414.410: [GC (Allocation Failure) 2019-09-28T19:00:41.819+0000: 414.410: [DefNew: 409813K->174K(460800K), 0.0032860 secs] 466474K->56858K(1484800K), 0.0034147 secs] [Times: user=0.00 sys=0.00, real=0.01 secs] 
2019-09-28T19:00:49.160+0000: 421.751: [GC (Allocation Failure) 2019-09-28T19:00:49.160+0000: 421.751: [DefNew: 409774K->169K(460800K), 0.0030644 secs] 466458K->56857K(1484800K), 0.0031616 secs] [Times: user=0.00 sys=0.00, real=0.00 secs] 
2019-09-28T19:00:56.843+0000: 429.434: [GC (Allocation Failure) 2019-09-28T19:00:56.843+0000: 429.434: [DefNew: 409769K->195K(460800K), 0.0030580 secs] 466457K->56884K(1484800K), 0.0031712 secs] [Times: user=0.00 sys=0.00, real=0.00 secs] 
2019-09-28T19:01:04.134+0000: 436.725: [GC (Allocation Failure) 2019-09-28T19:01:04.134+0000: 436.725: [DefNew: 409795K->177K(460800K), 0.0029935 secs] 466484K->56866K(1484800K), 0.0030907 secs] [Times: user=0.00 sys=0.00, real=0.00 secs] 
2019-09-28T19:01:11.441+0000: 444.032: [GC (Allocation Failure) 2019-09-28T19:01:11.442+0000: 444.032: [DefNew: 409777K->177K(460800K), 0.0029300 secs] 466466K->56866K(1484800K), 0.0030400 secs] [Times: user=0.01 sys=0.00, real=0.00 secs] 
2019-09-28T19:01:19.190+0000: 451.781: [GC (Allocation Failure) 2019-09-28T19:01:19.190+0000: 451.781: [DefNew: 409777K->180K(460800K), 0.0029510 secs] 466466K->56869K(1484800K), 0.0030373 secs] [Times: user=0.01 sys=0.00, real=0.00 secs] 
2019-09-28T19:01:26.483+0000: 459.074: [GC (Allocation Failure) 2019-09-28T19:01:26.483+0000: 459.074: [DefNew: 409780K->276K(460800K), 0.0032017 secs] 466469K->56965K(1484800K), 0.0033078 secs] [Times: user=0.01 sys=0.00, real=0.00 secs] 
19:01:31.899 [worker-akka.actor.default-dispatcher-14] INFO  a.r.a.Association(akka://worker) akka.remote.artery.Association(akka://worker) - Stopping idle outbound stream [2] to [akka://worker@flamestream-benchmarks-worker-0:5412]
2019-09-28T19:01:33.773+0000: 466.364: [GC (Allocation Failure) 2019-09-28T19:01:33.773+0000: 466.364: [DefNew: 409876K->324K(460800K), 0.0038197 secs] 466565K->57013K(1484800K), 0.0039237 secs] [Times: user=0.00 sys=0.00, real=0.00 secs] 
2019-09-28T19:01:40.915+0000: 473.506: [GC (Allocation Failure) 2019-09-28T19:01:40.915+0000: 473.506: [DefNew: 409924K->263K(460800K), 0.0034367 secs] 466613K->56959K(1484800K), 0.0035249 secs] [Times: user=0.00 sys=0.00, real=0.00 secs] 
2019-09-28T19:01:48.736+0000: 481.327: [GC (Allocation Failure) 2019-09-28T19:01:48.736+0000: 481.327: [DefNew: 409863K->209K(460800K), 0.0033943 secs] 466559K->56927K(1484800K), 0.0034962 secs] [Times: user=0.00 sys=0.00, real=0.01 secs] 
2019-09-28T19:01:55.934+0000: 488.525: [GC (Allocation Failure) 2019-09-28T19:01:55.934+0000: 488.525: [DefNew: 409809K->241K(460800K), 0.0035059 secs] 466527K->56959K(1484800K), 0.0036057 secs] [Times: user=0.01 sys=0.00, real=0.00 secs] 
2019-09-28T19:02:03.362+0000: 495.952: [GC (Allocation Failure) 2019-09-28T19:02:03.362+0000: 495.952: [DefNew: 409841K->260K(460800K), 0.0034951 secs] 466559K->56978K(1484800K), 0.0035769 secs] [Times: user=0.01 sys=0.00, real=0.00 secs] 
2019-09-28T19:02:11.151+0000: 503.741: [GC (Allocation Failure) 2019-09-28T19:02:11.151+0000: 503.741: [DefNew: 409860K->247K(460800K), 0.0034708 secs] 466578K->56966K(1484800K), 0.0035652 secs] [Times: user=0.00 sys=0.00, real=0.00 secs] 
2019-09-28T19:02:18.431+0000: 511.022: [GC (Allocation Failure) 2019-09-28T19:02:18.431+0000: 511.022: [DefNew: 409847K->309K(460800K), 0.0036032 secs] 466566K->57028K(1484800K), 0.0037182 secs] [Times: user=0.01 sys=0.00, real=0.00 secs] 
2019-09-28T19:02:25.654+0000: 518.245: [GC (Allocation Failure) 2019-09-28T19:02:25.654+0000: 518.245: [DefNew: 409909K->287K(460800K), 0.0036259 secs] 466628K->57006K(1484800K), 0.0037385 secs] [Times: user=0.00 sys=0.00, real=0.00 secs] 
2019-09-28T19:02:33.428+0000: 526.018: [GC (Allocation Failure) 2019-09-28T19:02:33.428+0000: 526.018: [DefNew: 409887K->220K(460800K), 0.0033155 secs] 466606K->56940K(1484800K), 0.0034109 secs] [Times: user=0.00 sys=0.00, real=0.00 secs] 
2019-09-28T19:02:40.736+0000: 533.327: [GC (Allocation Failure) 2019-09-28T19:02:40.736+0000: 533.327: [DefNew: 409820K->255K(460800K), 0.0032731 secs] 466540K->56975K(1484800K), 0.0033888 secs] [Times: user=0.01 sys=0.00, real=0.01 secs] 
2019-09-28T19:02:47.999+0000: 540.590: [GC (Allocation Failure) 2019-09-28T19:02:47.999+0000: 540.590: [DefNew: 409855K->211K(460800K), 0.0032105 secs] 466575K->56941K(1484800K), 0.0033101 secs] [Times: user=0.00 sys=0.00, real=0.00 secs] 
2019-09-28T19:02:55.195+0000: 547.786: [GC (Allocation Failure) 2019-09-28T19:02:55.195+0000: 547.786: [DefNew: 409811K->224K(460800K), 0.0033648 secs] 466541K->56954K(1484800K), 0.0034550 secs] [Times: user=0.00 sys=0.00, real=0.00 secs] 
2019-09-28T19:03:03.127+0000: 555.718: [GC (Allocation Failure) 2019-09-28T19:03:03.127+0000: 555.718: [DefNew: 409824K->293K(460800K), 0.0033620 secs] 466554K->57023K(1484800K), 0.0034506 secs] [Times: user=0.00 sys=0.00, real=0.01 secs] 
2019-09-28T19:03:10.415+0000: 563.006: [GC (Allocation Failure) 2019-09-28T19:03:10.415+0000: 563.006: [DefNew: 409893K->224K(460800K), 0.0034374 secs] 466623K->56955K(1484800K), 0.0035436 secs] [Times: user=0.00 sys=0.00, real=0.00 secs] 
2019-09-28T19:03:17.938+0000: 570.529: [GC (Allocation Failure) 2019-09-28T19:03:17.938+0000: 570.529: [DefNew: 409824K->224K(460800K), 0.0032051 secs] 466555K->56955K(1484800K), 0.0033070 secs] [Times: user=0.01 sys=0.00, real=0.01 secs] 
2019-09-28T19:03:25.425+0000: 578.015: [GC (Allocation Failure) 2019-09-28T19:03:25.425+0000: 578.016: [DefNew: 409824K->250K(460800K), 0.0036104 secs] 466555K->57018K(1484800K), 0.0037050 secs] [Times: user=0.01 sys=0.00, real=0.01 secs] 
2019-09-28T19:03:32.662+0000: 585.253: [GC (Allocation Failure) 2019-09-28T19:03:32.662+0000: 585.253: [DefNew: 409850K->166K(460800K), 0.0032175 secs] 466618K->56955K(1484800K), 0.0033400 secs] [Times: user=0.00 sys=0.00, real=0.00 secs] 
2019-09-28T19:03:39.966+0000: 592.556: [GC (Allocation Failure) 2019-09-28T19:03:39.966+0000: 592.556: [DefNew: 409766K->220K(460800K), 0.0030313 secs] 466555K->57010K(1484800K), 0.0031156 secs] [Times: user=0.01 sys=0.00, real=0.01 secs] 
2019-09-28T19:03:47.723+0000: 600.314: [GC (Allocation Failure) 2019-09-28T19:03:47.723+0000: 600.314: [DefNew: 409820K->178K(460800K), 0.0031108 secs] 466610K->56980K(1484800K), 0.0032015 secs] [Times: user=0.00 sys=0.00, real=0.00 secs] 
2019-09-28T19:03:55.026+0000: 607.617: [GC (Allocation Failure) 2019-09-28T19:03:55.026+0000: 607.617: [DefNew: 409778K->166K(460800K), 0.0031015 secs] 466580K->56968K(1484800K), 0.0032044 secs] [Times: user=0.00 sys=0.00, real=0.01 secs] 
2019-09-28T19:04:02.302+0000: 614.893: [GC (Allocation Failure) 2019-09-28T19:04:02.302+0000: 614.893: [DefNew: 409766K->166K(460800K), 0.0029363 secs] 466568K->56968K(1484800K), 0.0030417 secs] [Times: user=0.00 sys=0.01, real=0.00 secs] 
2019-09-28T19:04:10.048+0000: 622.638: [GC (Allocation Failure) 2019-09-28T19:04:10.048+0000: 622.638: [DefNew: 409766K->166K(460800K), 0.0029241 secs] 466568K->56969K(1484800K), 0.0030257 secs] [Times: user=0.01 sys=0.00, real=0.00 secs] 
2019-09-28T19:04:17.342+0000: 629.933: [GC (Allocation Failure) 2019-09-28T19:04:17.342+0000: 629.933: [DefNew: 409766K->166K(460800K), 0.0030855 secs] 466569K->56968K(1484800K), 0.0031811 secs] [Times: user=0.00 sys=0.00, real=0.00 secs] 
2019-09-28T19:04:24.611+0000: 637.202: [GC (Allocation Failure) 2019-09-28T19:04:24.611+0000: 637.202: [DefNew: 409766K->191K(460800K), 0.0034892 secs] 466568K->56993K(1484800K), 0.0035955 secs] [Times: user=0.01 sys=0.00, real=0.00 secs] 
2019-09-28T19:04:32.373+0000: 644.963: [GC (Allocation Failure) 2019-09-28T19:04:32.373+0000: 644.963: [DefNew: 409791K->167K(460800K), 0.0030137 secs] 466593K->56969K(1484800K), 0.0031081 secs] [Times: user=0.01 sys=0.00, real=0.00 secs] 
2019-09-28T19:04:39.620+0000: 652.211: [GC (Allocation Failure) 2019-09-28T19:04:39.620+0000: 652.211: [DefNew: 409767K->166K(460800K), 0.0030020 secs] 466569K->56968K(1484800K), 0.0030971 secs] [Times: user=0.00 sys=0.00, real=0.00 secs] 
2019-09-28T19:04:46.875+0000: 659.466: [GC (Allocation Failure) 2019-09-28T19:04:46.875+0000: 659.466: [DefNew: 409766K->204K(460800K), 0.0033266 secs] 466568K->57020K(1484800K), 0.0034495 secs] [Times: user=0.00 sys=0.00, real=0.00 secs] 
2019-09-28T19:04:54.071+0000: 666.662: [GC (Allocation Failure) 2019-09-28T19:04:54.071+0000: 666.662: [DefNew: 409804K->169K(460800K), 0.0030787 secs] 466620K->56985K(1484800K), 0.0031687 secs] [Times: user=0.00 sys=0.00, real=0.00 secs] 
2019-09-28T19:05:02.081+0000: 674.672: [GC (Allocation Failure) 2019-09-28T19:05:02.081+0000: 674.672: [DefNew: 409769K->214K(460800K), 0.0031099 secs] 466585K->57031K(1484800K), 0.0032001 secs] [Times: user=0.01 sys=0.00, real=0.00 secs] 
2019-09-28T19:05:09.325+0000: 681.915: [GC (Allocation Failure) 2019-09-28T19:05:09.325+0000: 681.915: [DefNew: 409814K->168K(460800K), 0.0029965 secs] 466631K->56985K(1484800K), 0.0031134 secs] [Times: user=0.01 sys=0.00, real=0.01 secs] 
2019-09-28T19:05:17.144+0000: 689.734: [GC (Allocation Failure) 2019-09-28T19:05:17.144+0000: 689.734: [DefNew: 409768K->169K(460800K), 0.0029152 secs] 466585K->56987K(1484800K), 0.0030116 secs] [Times: user=0.01 sys=0.00, real=0.00 secs] 
2019-09-28T19:05:24.418+0000: 697.009: [GC (Allocation Failure) 2019-09-28T19:05:24.418+0000: 697.009: [DefNew: 409769K->169K(460800K), 0.0029323 secs] 466587K->56987K(1484800K), 0.0030261 secs] [Times: user=0.00 sys=0.00, real=0.01 secs] 
2019-09-28T19:05:31.684+0000: 704.275: [GC (Allocation Failure) 2019-09-28T19:05:31.684+0000: 704.275: [DefNew: 409769K->170K(460800K), 0.0029861 secs] 466587K->56987K(1484800K), 0.0031066 secs] [Times: user=0.00 sys=0.00, real=0.01 secs] 
2019-09-28T19:05:39.147+0000: 711.738: [GC (Allocation Failure) 2019-09-28T19:05:39.147+0000: 711.738: [DefNew: 409770K->168K(460800K), 0.0029182 secs] 466587K->56985K(1484800K), 0.0029992 secs] [Times: user=0.01 sys=0.00, real=0.00 secs] 
2019-09-28T19:05:46.793+0000: 719.384: [GC (Allocation Failure) 2019-09-28T19:05:46.793+0000: 719.384: [DefNew: 409768K->175K(460800K), 0.0031773 secs] 466585K->57005K(1484800K), 0.0032764 secs] [Times: user=0.01 sys=0.00, real=0.00 secs] 
2019-09-28T19:05:54.047+0000: 726.638: [GC (Allocation Failure) 2019-09-28T19:05:54.047+0000: 726.638: [DefNew: 409775K->168K(460800K), 0.0032095 secs] 466605K->56998K(1484800K), 0.0033428 secs] [Times: user=0.01 sys=0.00, real=0.01 secs] 
2019-09-28T19:06:01.315+0000: 733.906: [GC (Allocation Failure) 2019-09-28T19:06:01.315+0000: 733.906: [DefNew: 409768K->182K(460800K), 0.0030683 secs] 466598K->57013K(1484800K), 0.0032136 secs] [Times: user=0.01 sys=0.00, real=0.00 secs] 
2019-09-28T19:06:09.123+0000: 741.714: [GC (Allocation Failure) 2019-09-28T19:06:09.123+0000: 741.714: [DefNew: 409782K->205K(460800K), 0.0031282 secs] 466613K->57036K(1484800K), 0.0032160 secs] [Times: user=0.00 sys=0.00, real=0.00 secs] 
2019-09-28T19:06:16.402+0000: 748.993: [GC (Allocation Failure) 2019-09-28T19:06:16.402+0000: 748.993: [DefNew: 409805K->167K(460800K), 0.0029739 secs] 466636K->56998K(1484800K), 0.0030885 secs] [Times: user=0.01 sys=0.00, real=0.00 secs] 
2019-09-28T19:06:23.685+0000: 756.275: [GC (Allocation Failure) 2019-09-28T19:06:23.685+0000: 756.275: [DefNew: 409767K->196K(460800K), 0.0032363 secs] 466598K->57027K(1484800K), 0.0033319 secs] [Times: user=0.01 sys=0.00, real=0.01 secs] 
2019-09-28T19:06:31.503+0000: 764.094: [GC (Allocation Failure) 2019-09-28T19:06:31.503+0000: 764.094: [DefNew: 409796K->180K(460800K), 0.0032496 secs] 466627K->57010K(1484800K), 0.0033441 secs] [Times: user=0.01 sys=0.00, real=0.00 secs] 
2019-09-28T19:06:38.775+0000: 771.366: [GC (Allocation Failure) 2019-09-28T19:06:38.775+0000: 771.366: [DefNew: 409780K->202K(460800K), 0.0031309 secs] 466610K->57033K(1484800K), 0.0032249 secs] [Times: user=0.00 sys=0.00, real=0.00 secs] 
2019-09-28T19:06:45.998+0000: 778.589: [GC (Allocation Failure) 2019-09-28T19:06:45.998+0000: 778.589: [DefNew: 409802K->233K(460800K), 0.0034582 secs] 466633K->57081K(1484800K), 0.0035408 secs] [Times: user=0.00 sys=0.00, real=0.01 secs] 
2019-09-28T19:06:53.776+0000: 786.367: [GC (Allocation Failure) 2019-09-28T19:06:53.776+0000: 786.367: [DefNew: 409833K->161K(460800K), 0.0030790 secs] 466681K->57009K(1484800K), 0.0031719 secs] [Times: user=0.01 sys=0.00, real=0.01 secs] 
2019-09-28T19:07:01.124+0000: 793.715: [GC (Allocation Failure) 2019-09-28T19:07:01.124+0000: 793.715: [DefNew: 409761K->163K(460800K), 0.0028590 secs] 466609K->57011K(1484800K), 0.0029773 secs] [Times: user=0.00 sys=0.00, real=0.01 secs] 
2019-09-28T19:07:08.330+0000: 800.921: [GC (Allocation Failure) 2019-09-28T19:07:08.331+0000: 800.921: [DefNew: 409763K->160K(460800K), 0.0028885 secs] 466611K->57008K(1484800K), 0.0029802 secs] [Times: user=0.00 sys=0.00, real=0.00 secs] 
2019-09-28T19:07:15.557+0000: 808.148: [GC (Allocation Failure) 2019-09-28T19:07:15.558+0000: 808.148: [DefNew: 409760K->188K(460800K), 0.0029121 secs] 466608K->57036K(1484800K), 0.0029981 secs] [Times: user=0.00 sys=0.00, real=0.01 secs] 
2019-09-28T19:07:23.360+0000: 815.951: [GC (Allocation Failure) 2019-09-28T19:07:23.360+0000: 815.951: [DefNew: 409788K->169K(460800K), 0.0028758 secs] 466636K->57017K(1484800K), 0.0029726 secs] [Times: user=0.01 sys=0.00, real=0.00 secs] 
2019-09-28T19:07:30.628+0000: 823.218: [GC (Allocation Failure) 2019-09-28T19:07:30.628+0000: 823.218: [DefNew: 409769K->216K(460800K), 0.0030841 secs] 466617K->57064K(1484800K), 0.0031749 secs] [Times: user=0.00 sys=0.00, real=0.00 secs] 
2019-09-28T19:07:37.921+0000: 830.511: [GC (Allocation Failure) 2019-09-28T19:07:37.921+0000: 830.512: [DefNew: 409816K->167K(460800K), 0.0030204 secs] 466664K->57015K(1484800K), 0.0031116 secs] [Times: user=0.01 sys=0.00, real=0.00 secs] 
2019-09-28T19:07:45.704+0000: 838.295: [GC (Allocation Failure) 2019-09-28T19:07:45.704+0000: 838.295: [DefNew: 409767K->150K(460800K), 0.0031203 secs] 466615K->57009K(1484800K), 0.0032177 secs] [Times: user=0.00 sys=0.00, real=0.01 secs] 
2019-09-28T19:07:52.935+0000: 845.526: [GC (Allocation Failure) 2019-09-28T19:07:52.935+0000: 845.526: [DefNew: 409750K->200K(460800K), 0.0032741 secs] 466609K->57060K(1484800K), 0.0033732 secs] [Times: user=0.01 sys=0.00, real=0.00 secs] 
2019-09-28T19:08:00.150+0000: 852.741: [GC (Allocation Failure) 2019-09-28T19:08:00.150+0000: 852.741: [DefNew: 409800K->184K(460800K), 0.0030244 secs] 466660K->57044K(1484800K), 0.0031379 secs] [Times: user=0.00 sys=0.00, real=0.00 secs] 
2019-09-28T19:08:07.972+0000: 860.562: [GC (Allocation Failure) 2019-09-28T19:08:07.972+0000: 860.563: [DefNew: 409784K->158K(460800K), 0.0030607 secs] 466644K->57018K(1484800K), 0.0031576 secs] [Times: user=0.00 sys=0.00, real=0.00 secs] 
2019-09-28T19:08:15.263+0000: 867.854: [GC (Allocation Failure) 2019-09-28T19:08:15.263+0000: 867.854: [DefNew: 409758K->168K(460800K), 0.0030540 secs] 466618K->57028K(1484800K), 0.0031477 secs] [Times: user=0.01 sys=0.00, real=0.00 secs] 
2019-09-28T19:08:22.510+0000: 875.101: [GC (Allocation Failure) 2019-09-28T19:08:22.510+0000: 875.101: [DefNew: 409768K->214K(460800K), 0.0032390 secs] 466628K->57073K(1484800K), 0.0033507 secs] [Times: user=0.00 sys=0.00, real=0.00 secs] 
2019-09-28T19:08:30.352+0000: 882.943: [GC (Allocation Failure) 2019-09-28T19:08:30.353+0000: 882.943: [DefNew: 409814K->169K(460800K), 0.0030166 secs] 466673K->57029K(1484800K), 0.0031144 secs] [Times: user=0.00 sys=0.00, real=0.00 secs] 
2019-09-28T19:08:37.637+0000: 890.228: [GC (Allocation Failure) 2019-09-28T19:08:37.637+0000: 890.228: [DefNew: 409769K->158K(460800K), 0.0031046 secs] 466629K->57018K(1484800K), 0.0032040 secs] [Times: user=0.01 sys=0.00, real=0.01 secs] 
2019-09-28T19:08:44.914+0000: 897.504: [GC (Allocation Failure) 2019-09-28T19:08:44.914+0000: 897.504: [DefNew: 409758K->157K(460800K), 0.0030146 secs] 466618K->57027K(1484800K), 0.0030977 secs] [Times: user=0.01 sys=0.00, real=0.00 secs] 
2019-09-28T19:08:52.132+0000: 904.723: [GC (Allocation Failure) 2019-09-28T19:08:52.132+0000: 904.723: [DefNew: 409757K->157K(460800K), 0.0030585 secs] 466627K->57027K(1484800K), 0.0031470 secs] [Times: user=0.00 sys=0.00, real=0.00 secs] 
2019-09-28T19:08:59.860+0000: 912.451: [GC (Allocation Failure) 2019-09-28T19:08:59.860+0000: 912.451: [DefNew: 409757K->160K(460800K), 0.0029537 secs] 466627K->57030K(1484800K), 0.0030389 secs] [Times: user=0.00 sys=0.00, real=0.00 secs] 
2019-09-28T19:09:07.089+0000: 919.680: [GC (Allocation Failure) 2019-09-28T19:09:07.089+0000: 919.680: [DefNew: 409760K->157K(460800K), 0.0028759 secs] 466630K->57026K(1484800K), 0.0029861 secs] [Times: user=0.00 sys=0.00, real=0.00 secs] 
2019-09-28T19:09:14.347+0000: 926.938: [GC (Allocation Failure) 2019-09-28T19:09:14.347+0000: 926.938: [DefNew: 409757K->157K(460800K), 0.0028983 secs] 466626K->57027K(1484800K), 0.0029826 secs] [Times: user=0.00 sys=0.00, real=0.00 secs] 
2019-09-28T19:09:22.170+0000: 934.761: [GC (Allocation Failure) 2019-09-28T19:09:22.170+0000: 934.761: [DefNew: 409757K->158K(460800K), 0.0030536 secs] 466627K->57027K(1484800K), 0.0031492 secs] [Times: user=0.00 sys=0.00, real=0.00 secs] 
2019-09-28T19:09:29.426+0000: 942.017: [GC (Allocation Failure) 2019-09-28T19:09:29.426+0000: 942.017: [DefNew: 409758K->157K(460800K), 0.0028892 secs] 466627K->57026K(1484800K), 0.0029801 secs] [Times: user=0.00 sys=0.00, real=0.01 secs] 
2019-09-28T19:09:36.740+0000: 949.330: [GC (Allocation Failure) 2019-09-28T19:09:36.740+0000: 949.330: [DefNew: 409757K->199K(460800K), 0.0029448 secs] 466626K->57068K(1484800K), 0.0030496 secs] [Times: user=0.01 sys=0.00, real=0.00 secs] 
2019-09-28T19:09:43.909+0000: 956.499: [GC (Allocation Failure) 2019-09-28T19:09:43.909+0000: 956.500: [DefNew: 409799K->154K(460800K), 0.0029815 secs] 466668K->57033K(1484800K), 0.0030698 secs] [Times: user=0.00 sys=0.00, real=0.00 secs] 
2019-09-28T19:09:51.739+0000: 964.330: [GC (Allocation Failure) 2019-09-28T19:09:51.739+0000: 964.330: [DefNew: 409754K->183K(460800K), 0.0029984 secs] 466633K->57062K(1484800K), 0.0031133 secs] [Times: user=0.00 sys=0.00, real=0.01 secs] 
2019-09-28T19:09:58.991+0000: 971.582: [GC (Allocation Failure) 2019-09-28T19:09:58.991+0000: 971.582: [DefNew: 409783K->156K(460800K), 0.0029538 secs] 466662K->57035K(1484800K), 0.0030730 secs] [Times: user=0.01 sys=0.00, real=0.00 secs] 
2019-09-28T19:10:06.303+0000: 978.894: [GC (Allocation Failure) 2019-09-28T19:10:06.303+0000: 978.894: [DefNew: 409756K->175K(460800K), 0.0029917 secs] 466635K->57054K(1484800K), 0.0030829 secs] [Times: user=0.00 sys=0.00, real=0.00 secs] 
2019-09-28T19:10:14.111+0000: 986.701: [GC (Allocation Failure) 2019-09-28T19:10:14.111+0000: 986.701: [DefNew: 409775K->156K(460800K), 0.0029063 secs] 466654K->57035K(1484800K), 0.0030028 secs] [Times: user=0.00 sys=0.00, real=0.00 secs] 
2019-09-28T19:10:21.384+0000: 993.975: [GC (Allocation Failure) 2019-09-28T19:10:21.384+0000: 993.975: [DefNew: 409756K->157K(460800K), 0.0030284 secs] 466635K->57037K(1484800K), 0.0031123 secs] [Times: user=0.00 sys=0.00, real=0.01 secs] 
2019-09-28T19:10:28.643+0000: 1001.234: [GC (Allocation Failure) 2019-09-28T19:10:28.643+0000: 1001.234: [DefNew: 409757K->157K(460800K), 0.0029998 secs] 466637K->57036K(1484800K), 0.0031313 secs] [Times: user=0.01 sys=0.00, real=0.00 secs] 
2019-09-28T19:10:36.435+0000: 1009.025: [GC (Allocation Failure) 2019-09-28T19:10:36.435+0000: 1009.025: [DefNew: 409757K->156K(460800K), 0.0028839 secs] 466636K->57035K(1484800K), 0.0029738 secs] [Times: user=0.00 sys=0.00, real=0.00 secs] 
2019-09-28T19:10:43.692+0000: 1016.283: [GC (Allocation Failure) 2019-09-28T19:10:43.692+0000: 1016.283: [DefNew: 409756K->147K(460800K), 0.0028631 secs] 466635K->57036K(1484800K), 0.0029687 secs] [Times: user=0.00 sys=0.00, real=0.00 secs] 
2019-09-28T19:10:50.950+0000: 1023.540: [GC (Allocation Failure) 2019-09-28T19:10:50.950+0000: 1023.541: [DefNew: 409747K->191K(460800K), 0.0031689 secs] 466636K->57079K(1484800K), 0.0032687 secs] [Times: user=0.00 sys=0.00, real=0.00 secs] 
19:10:55.522 [Client] INFO  c.s.f.r.e.s.SocketRear  - FlameSocketGraphDeployerRear@flamestream-benchmarks-worker-7: has been disconnected from Connection 5
19:10:55.525 [Client] INFO  c.s.f.r.e.s.SocketFront  - FlameSocketGraphDeployerFront@flamestream-benchmarks-worker-7 has been disconnected from Connection 5
19:10:55.535 [worker-akka.actor.default-dispatcher-14] WARN  c.s.f.r.e.s.SocketRear  - FlameSocketGraphDeployerRear@flamestream-benchmarks-worker-7: writing to closed log
19:10:55.567 [worker-akka.actor.default-dispatcher-14] WARN  c.s.f.r.e.s.SocketRear  - FlameSocketGraphDeployerRear@flamestream-benchmarks-worker-7: writing to closed log
19:10:55.599 [worker-akka.actor.default-dispatcher-14] WARN  c.s.f.r.e.s.SocketRear  - FlameSocketGraphDeployerRear@flamestream-benchmarks-worker-7: writing to closed log
19:11:14.700 [worker-akka.actor.default-dispatcher-12] INFO  a.a.LocalActorRef akka://worker/user/watcher/processing-watcher/graph/edge/FlameSocketGraphDeployerFront - Stopped
19:11:14.710 [worker-akka.actor.default-dispatcher-6] INFO  a.a.LocalActorRef akka://worker/user/watcher/processing-watcher/graph/negotiator - Stopped
19:11:14.711 [worker-akka.actor.default-dispatcher-10] INFO  a.a.LocalActorRef akka://worker/user/watcher/processing-watcher/graph/edge/FlameSocketGraphDeployerRear - Stopped
19:11:14.733 [worker-akka.actor.default-dispatcher-19] INFO  a.a.LocalActorRef akka://worker/user/watcher/processing-watcher/graph/edge - Stopped
19:11:14.734 [worker-akka.actor.default-dispatcher-19] INFO  a.a.LocalActorRef akka://worker/user/watcher/processing-watcher/graph/graph/$+ - Stopped
19:11:14.734 [worker-akka.actor.default-dispatcher-19] INFO  a.a.LocalActorRef akka://worker/user/watcher/processing-watcher/graph/graph/$0 - Stopped
19:11:14.734 [worker-akka.actor.default-dispatcher-19] INFO  a.a.LocalActorRef akka://worker/user/watcher/processing-watcher/graph/graph/$1 - Stopped
19:11:14.734 [worker-akka.actor.default-dispatcher-19] INFO  a.a.LocalActorRef akka://worker/user/watcher/processing-watcher/graph/graph/$2 - Stopped
19:11:14.734 [worker-akka.actor.default-dispatcher-19] INFO  a.a.LocalActorRef akka://worker/user/watcher/processing-watcher/graph/graph/$3 - Stopped
19:11:14.734 [worker-akka.actor.default-dispatcher-19] INFO  a.a.LocalActorRef akka://worker/user/watcher/processing-watcher/graph/graph/$4 - Stopped
19:11:14.735 [worker-akka.actor.default-dispatcher-19] INFO  a.a.LocalActorRef akka://worker/user/watcher/processing-watcher/graph/graph/$5 - Stopped
19:11:14.735 [worker-akka.actor.default-dispatcher-19] INFO  a.a.LocalActorRef akka://worker/user/watcher/processing-watcher/graph/graph/$6 - Stopped
19:11:14.735 [worker-akka.actor.default-dispatcher-19] INFO  a.a.LocalActorRef akka://worker/user/watcher/processing-watcher/graph/graph/$7 - Stopped
19:11:14.735 [worker-akka.actor.default-dispatcher-13] INFO  a.a.LocalActorRef akka://worker/user/watcher/processing-watcher/graph/graph/$8 - Stopped
19:11:14.735 [worker-akka.actor.default-dispatcher-13] INFO  a.a.LocalActorRef akka://worker/user/watcher/processing-watcher/graph/graph/$9 - Stopped
19:11:14.735 [worker-akka.actor.default-dispatcher-13] INFO  a.a.LocalActorRef akka://worker/user/watcher/processing-watcher/graph/graph/$A - Stopped
19:11:14.735 [worker-akka.actor.default-dispatcher-13] INFO  a.a.LocalActorRef akka://worker/user/watcher/processing-watcher/graph/graph/$Ab - Stopped
19:11:14.735 [worker-akka.actor.default-dispatcher-13] INFO  a.a.LocalActorRef akka://worker/user/watcher/processing-watcher/graph/graph/$B - Stopped
19:11:14.735 [worker-akka.actor.default-dispatcher-13] INFO  a.a.LocalActorRef akka://worker/user/watcher/processing-watcher/graph/graph/$Bb - Stopped
19:11:14.735 [worker-akka.actor.default-dispatcher-13] INFO  a.a.LocalActorRef akka://worker/user/watcher/processing-watcher/graph/graph/$C - Stopped
19:11:14.735 [worker-akka.actor.default-dispatcher-13] INFO  a.a.LocalActorRef akka://worker/user/watcher/processing-watcher/graph/graph/$Cb - Stopped
19:11:14.736 [worker-akka.actor.default-dispatcher-13] INFO  a.a.LocalActorRef akka://worker/user/watcher/processing-watcher/graph/graph/$D - Stopped
19:11:14.736 [worker-akka.actor.default-dispatcher-13] INFO  a.a.LocalActorRef akka://worker/user/watcher/processing-watcher/graph/graph/$Db - Stopped
19:11:14.736 [worker-akka.actor.default-dispatcher-13] INFO  a.a.LocalActorRef akka://worker/user/watcher/processing-watcher/graph/graph/$E - Stopped
19:11:14.736 [worker-akka.actor.default-dispatcher-13] INFO  a.a.LocalActorRef akka://worker/user/watcher/processing-watcher/graph/graph/$Eb - Stopped
19:11:14.736 [worker-akka.actor.default-dispatcher-13] INFO  a.a.LocalActorRef akka://worker/user/watcher/processing-watcher/graph/graph/$F - Stopped
19:11:14.736 [worker-akka.actor.default-dispatcher-13] INFO  a.a.LocalActorRef akka://worker/user/watcher/processing-watcher/graph/graph/$Fb - Stopped
19:11:14.736 [worker-akka.actor.default-dispatcher-13] INFO  a.a.LocalActorRef akka://worker/user/watcher/processing-watcher/graph/graph/$G - Stopped
19:11:14.736 [worker-akka.actor.default-dispatcher-12] INFO  a.a.LocalActorRef akka://worker/user/watcher/processing-watcher/graph/graph/$Gb - Stopped
19:11:14.736 [worker-akka.actor.default-dispatcher-12] INFO  a.a.LocalActorRef akka://worker/user/watcher/processing-watcher/graph/graph/$H - Stopped
19:11:14.736 [worker-akka.actor.default-dispatcher-12] INFO  a.a.LocalActorRef akka://worker/user/watcher/processing-watcher/graph/graph/$Hb - Stopped
19:11:14.736 [worker-akka.actor.default-dispatcher-12] INFO  a.a.LocalActorRef akka://worker/user/watcher/processing-watcher/graph/graph/$I - Stopped
19:11:14.736 [worker-akka.actor.default-dispatcher-12] INFO  a.a.LocalActorRef akka://worker/user/watcher/processing-watcher/graph/graph/$Ib - Stopped
19:11:14.736 [worker-akka.actor.default-dispatcher-12] INFO  a.a.LocalActorRef akka://worker/user/watcher/processing-watcher/graph/graph/$J - Stopped
19:11:14.736 [worker-akka.actor.default-dispatcher-12] INFO  a.a.LocalActorRef akka://worker/user/watcher/processing-watcher/graph/graph/$Jb - Stopped
19:11:14.736 [worker-akka.actor.default-dispatcher-12] INFO  a.a.LocalActorRef akka://worker/user/watcher/processing-watcher/graph/graph/$K - Stopped
19:11:14.737 [worker-akka.actor.default-dispatcher-12] INFO  a.a.LocalActorRef akka://worker/user/watcher/processing-watcher/graph/graph/$Kb - Stopped
19:11:14.738 [worker-akka.actor.default-dispatcher-21] INFO  a.a.LocalActorRef akka://worker/user/watcher/processing-watcher/graph/graph/$L - Stopped
19:11:14.741 [worker-akka.actor.default-dispatcher-21] INFO  a.a.LocalActorRef akka://worker/user/watcher/processing-watcher/graph/graph/$Lb - Stopped
19:11:14.741 [worker-akka.actor.default-dispatcher-21] INFO  a.a.LocalActorRef akka://worker/user/watcher/processing-watcher/graph/graph/$M - Stopped
19:11:14.742 [worker-akka.actor.default-dispatcher-21] INFO  a.a.LocalActorRef akka://worker/user/watcher/processing-watcher/graph/graph/$Mb - Stopped
19:11:14.743 [worker-akka.actor.default-dispatcher-21] INFO  a.a.LocalActorRef akka://worker/user/watcher/processing-watcher/graph/graph/$N - Stopped
19:11:14.743 [worker-akka.actor.default-dispatcher-21] INFO  a.a.LocalActorRef akka://worker/user/watcher/processing-watcher/graph/graph/$Nb - Stopped
19:11:14.747 [worker-akka.actor.default-dispatcher-21] INFO  a.a.LocalActorRef akka://worker/user/watcher/processing-watcher/graph/graph/$O - Stopped
19:11:14.748 [worker-akka.actor.default-dispatcher-21] INFO  a.a.LocalActorRef akka://worker/user/watcher/processing-watcher/graph/graph/$P - Stopped
19:11:14.749 [worker-akka.actor.default-dispatcher-21] INFO  a.a.LocalActorRef akka://worker/user/watcher/processing-watcher/graph/graph/$Q - Stopped
19:11:14.749 [worker-akka.actor.default-dispatcher-21] INFO  a.a.LocalActorRef akka://worker/user/watcher/processing-watcher/graph/graph/$R - Stopped
19:11:14.751 [worker-akka.actor.default-dispatcher-21] INFO  a.a.LocalActorRef akka://worker/user/watcher/processing-watcher/graph/graph/$S - Stopped
19:11:14.751 [worker-akka.actor.default-dispatcher-20] INFO  a.a.LocalActorRef akka://worker/user/watcher/processing-watcher/graph/graph/$T - Stopped
19:11:14.752 [worker-akka.actor.default-dispatcher-20] INFO  a.a.LocalActorRef akka://worker/user/watcher/processing-watcher/graph/graph/$U - Stopped
19:11:14.753 [worker-akka.actor.default-dispatcher-21] INFO  a.a.LocalActorRef akka://worker/user/watcher/processing-watcher/graph/graph/$V - Stopped
19:11:14.755 [worker-akka.actor.default-dispatcher-21] INFO  a.a.LocalActorRef akka://worker/user/watcher/processing-watcher/graph/graph/$W - Stopped
19:11:14.756 [worker-akka.actor.default-dispatcher-21] INFO  a.a.LocalActorRef akka://worker/user/watcher/processing-watcher/graph/graph/$X - Stopped
19:11:14.757 [worker-akka.actor.default-dispatcher-21] INFO  a.a.LocalActorRef akka://worker/user/watcher/processing-watcher/graph/graph/$Y - Stopped
19:11:14.758 [worker-akka.actor.default-dispatcher-21] INFO  a.a.LocalActorRef akka://worker/user/watcher/processing-watcher/graph/graph/$Z - Stopped
19:11:14.759 [worker-akka.actor.default-dispatcher-21] INFO  a.a.LocalActorRef akka://worker/user/watcher/processing-watcher/graph/graph/$a - Stopped
19:11:14.760 [worker-akka.actor.default-dispatcher-21] INFO  a.a.LocalActorRef akka://worker/user/watcher/processing-watcher/graph/graph/$ab - Stopped
19:11:14.761 [worker-akka.actor.default-dispatcher-21] INFO  a.a.LocalActorRef akka://worker/user/watcher/processing-watcher/graph/graph/$b - Stopped
19:11:14.762 [worker-akka.actor.default-dispatcher-21] INFO  a.a.LocalActorRef akka://worker/user/watcher/processing-watcher/graph/graph/$bb - Stopped
19:11:14.763 [worker-akka.actor.default-dispatcher-21] INFO  a.a.LocalActorRef akka://worker/user/watcher/processing-watcher/graph/graph/$c - Stopped
19:11:14.766 [worker-akka.actor.default-dispatcher-21] INFO  a.a.LocalActorRef akka://worker/user/watcher/processing-watcher/graph/graph/$cb - Stopped
19:11:14.767 [worker-akka.actor.default-dispatcher-21] INFO  a.a.LocalActorRef akka://worker/user/watcher/processing-watcher/graph/graph/$d - Stopped
19:11:14.775 [worker-akka.actor.default-dispatcher-21] INFO  a.r.a.Association(akka://worker) akka.remote.artery.Association(akka://worker) - Association to [akka://worker@flamestream-benchmarks-worker-0:5412] having UID [8671737266674996310] has been stopped. All messages to this UID will be delivered to dead letters. Reason: ActorSystem terminated
19:11:14.775 [worker-akka.actor.default-dispatcher-21] INFO  a.a.LocalActorRef akka://worker/user/watcher/processing-watcher/graph/graph/$db - Stopped
19:11:14.775 [worker-akka.actor.default-dispatcher-21] INFO  a.r.a.Association(akka://worker) akka.remote.artery.Association(akka://worker) - Association to [akka://worker@flamestream-benchmarks-worker-2:5412] having UID [-1357220282590935731] has been stopped. All messages to this UID will be delivered to dead letters. Reason: ActorSystem terminated
19:11:14.782 [worker-akka.actor.default-dispatcher-20] INFO  a.a.LocalActorRef akka://worker/user/watcher/processing-watcher/graph/graph/$e - Stopped
19:11:14.782 [worker-akka.actor.default-dispatcher-20] INFO  a.a.LocalActorRef akka://worker/user/watcher/processing-watcher/graph/graph/$eb - Stopped
19:11:14.782 [worker-akka.actor.default-dispatcher-20] INFO  a.a.LocalActorRef akka://worker/user/watcher/processing-watcher/graph/graph/$f - Stopped
19:11:14.782 [worker-akka.actor.default-dispatcher-20] INFO  a.a.LocalActorRef akka://worker/user/watcher/processing-watcher/graph/graph/$fb - Stopped
19:11:14.782 [worker-akka.actor.default-dispatcher-20] INFO  a.a.LocalActorRef akka://worker/user/watcher/processing-watcher/graph/graph/$g - Stopped
19:11:14.782 [worker-akka.actor.default-dispatcher-20] INFO  a.a.LocalActorRef akka://worker/user/watcher/processing-watcher/graph/graph/$gb - Stopped
19:11:14.783 [worker-akka.actor.default-dispatcher-20] INFO  a.a.LocalActorRef akka://worker/user/watcher/processing-watcher/graph/graph/$h - Stopped
19:11:14.783 [worker-akka.actor.default-dispatcher-20] INFO  a.a.LocalActorRef akka://worker/user/watcher/processing-watcher/graph/graph/$hb - Stopped
19:11:14.783 [worker-akka.actor.default-dispatcher-20] INFO  a.a.LocalActorRef akka://worker/user/watcher/processing-watcher/graph/graph/$i - Stopped
19:11:14.783 [worker-akka.actor.default-dispatcher-20] INFO  a.a.LocalActorRef akka://worker/user/watcher/processing-watcher/graph/graph/$ib - Stopped
19:11:14.783 [worker-akka.actor.default-dispatcher-19] INFO  a.a.LocalActorRef akka://worker/user/watcher/processing-watcher/graph/graph/$j - Stopped
19:11:14.783 [worker-akka.actor.default-dispatcher-19] INFO  a.a.LocalActorRef akka://worker/user/watcher/processing-watcher/graph/graph/$jb - Stopped
19:11:14.786 [worker-akka.actor.default-dispatcher-21] INFO  a.a.LocalActorRef akka://worker/user/watcher/processing-watcher/graph/graph/$k - Stopped
19:11:14.787 [worker-akka.actor.default-dispatcher-21] INFO  a.a.LocalActorRef akka://worker/user/watcher/processing-watcher/graph/graph/$kb - Stopped
19:11:14.787 [worker-akka.actor.default-dispatcher-21] INFO  a.a.LocalActorRef akka://worker/user/watcher/processing-watcher/graph/graph/$l - Stopped
19:11:14.787 [worker-akka.actor.default-dispatcher-21] INFO  a.a.LocalActorRef akka://worker/user/watcher/processing-watcher/graph/graph/$lb - Stopped
19:11:14.789 [worker-akka.actor.default-dispatcher-21] INFO  a.a.LocalActorRef akka://worker/user/watcher/processing-watcher/graph/graph/$m - Stopped
19:11:14.790 [worker-akka.actor.default-dispatcher-21] INFO  a.a.LocalActorRef akka://worker/user/watcher/processing-watcher/graph/graph/$mb - Stopped
19:11:14.792 [worker-akka.actor.default-dispatcher-21] INFO  a.a.LocalActorRef akka://worker/user/watcher/processing-watcher/graph/graph/$n - Stopped
19:11:14.792 [worker-akka.actor.default-dispatcher-21] INFO  a.a.LocalActorRef akka://worker/user/watcher/processing-watcher/graph/graph/$nb - Stopped
19:11:14.793 [worker-akka.actor.default-dispatcher-21] INFO  a.a.LocalActorRef akka://worker/user/watcher/processing-watcher/graph/graph/$o - Stopped
19:11:14.794 [worker-akka.actor.default-dispatcher-21] INFO  a.a.LocalActorRef akka://worker/user/watcher/processing-watcher/graph/graph/$ob - Stopped
19:11:14.795 [worker-akka.actor.default-dispatcher-21] INFO  a.a.LocalActorRef akka://worker/user/watcher/processing-watcher/graph/graph/$p - Stopped
19:11:14.796 [worker-akka.actor.default-dispatcher-21] INFO  a.a.LocalActorRef akka://worker/user/watcher/processing-watcher/graph/graph/$pb - Stopped
19:11:14.797 [worker-akka.actor.default-dispatcher-21] INFO  a.a.LocalActorRef akka://worker/user/watcher/processing-watcher/graph/graph/$q - Stopped
19:11:14.797 [worker-akka.actor.default-dispatcher-21] INFO  a.a.LocalActorRef akka://worker/user/watcher/processing-watcher/graph/graph/$qb - Stopped
19:11:14.798 [worker-akka.actor.default-dispatcher-21] INFO  a.a.LocalActorRef akka://worker/user/watcher/processing-watcher/graph/graph/$r - Stopped
19:11:14.798 [worker-akka.actor.default-dispatcher-21] INFO  a.a.LocalActorRef akka://worker/user/watcher/processing-watcher/graph/graph/$rb - Stopped
19:11:14.799 [worker-akka.actor.default-dispatcher-21] INFO  a.a.LocalActorRef akka://worker/user/watcher/processing-watcher/graph/graph/$s - Stopped
19:11:14.800 [worker-akka.actor.default-dispatcher-21] INFO  a.a.LocalActorRef akka://worker/user/watcher/processing-watcher/graph/graph/$sb - Stopped
19:11:14.802 [worker-akka.actor.default-dispatcher-21] INFO  a.a.LocalActorRef akka://worker/user/watcher/processing-watcher/graph/graph/$t - Stopped
19:11:14.803 [worker-akka.actor.default-dispatcher-21] INFO  a.a.LocalActorRef akka://worker/user/watcher/processing-watcher/graph/graph/$tb - Stopped
19:11:14.804 [worker-akka.actor.default-dispatcher-21] INFO  a.a.LocalActorRef akka://worker/user/watcher/processing-watcher/graph/graph/$u - Stopped
19:11:14.804 [worker-akka.actor.default-dispatcher-21] INFO  a.a.LocalActorRef akka://worker/user/watcher/processing-watcher/graph/graph/$ub - Stopped
19:11:14.805 [worker-akka.actor.default-dispatcher-21] INFO  a.a.LocalActorRef akka://worker/user/watcher/processing-watcher/graph/graph/$v - Stopped
19:11:14.805 [worker-akka.actor.default-dispatcher-21] INFO  a.a.LocalActorRef akka://worker/user/watcher/processing-watcher/graph/graph/$vb - Stopped
19:11:14.806 [worker-akka.actor.default-dispatcher-21] INFO  a.r.a.Association(akka://worker) akka.remote.artery.Association(akka://worker) - Association to [akka://worker@flamestream-benchmarks-worker-1:5412] having UID [9003752637410361599] has been stopped. All messages to this UID will be delivered to dead letters. Reason: ActorSystem terminated
19:11:14.808 [worker-akka.actor.default-dispatcher-21] INFO  a.a.LocalActorRef akka://worker/user/watcher/processing-watcher/graph/graph/$w - Stopped
19:11:14.809 [worker-akka.actor.default-dispatcher-21] INFO  a.a.LocalActorRef akka://worker/user/watcher/processing-watcher/graph/graph/$wb - Stopped
19:11:14.809 [worker-akka.actor.default-dispatcher-21] INFO  a.a.LocalActorRef akka://worker/user/watcher/processing-watcher/graph/graph/$x - Stopped
19:11:14.811 [worker-akka.actor.default-dispatcher-21] INFO  a.a.LocalActorRef akka://worker/user/watcher/processing-watcher/graph/graph/$xb - Stopped
19:11:14.812 [worker-akka.actor.default-dispatcher-20] INFO  a.a.LocalActorRef akka://worker/user/watcher/processing-watcher/graph/graph/$y - Stopped
19:11:14.812 [worker-akka.actor.default-dispatcher-20] INFO  a.a.LocalActorRef akka://worker/user/watcher/processing-watcher/graph/graph/$yb - Stopped
19:11:14.813 [worker-akka.actor.default-dispatcher-21] INFO  a.a.LocalActorRef akka://worker/user/watcher/processing-watcher/graph/graph/$z - Stopped
19:11:14.814 [worker-akka.actor.default-dispatcher-21] INFO  a.a.LocalActorRef akka://worker/user/watcher/processing-watcher/graph/graph/$zb - Stopped
19:11:14.816 [worker-akka.actor.default-dispatcher-21] INFO  a.a.LocalActorRef akka://worker/user/watcher/processing-watcher/graph/graph/$~ - Stopped
19:11:14.836 [worker-akka.actor.default-dispatcher-21] INFO  a.a.LocalActorRef akka://worker/user/watcher/processing-watcher/graph/graph - Stopped
19:11:14.841 [worker-akka.actor.default-dispatcher-21] INFO  a.a.LocalActorRef akka://worker/user/watcher/processing-watcher/graph - Stopped
19:11:14.842 [worker-akka.actor.default-dispatcher-20] INFO  a.a.LocalActorRef akka://worker/user/watcher/processing-watcher - Stopped
19:11:14.843 [Curator-Framework-0] INFO  o.a.c.f.i.CuratorFrameworkImpl  - backgroundOperationsLoop exiting
19:11:14.850 [worker-akka.actor.default-dispatcher-6-EventThread] INFO  o.a.z.ClientCnxn  - EventThread shut down for session: 0x100015787a40007
19:11:14.851 [worker-akka.actor.default-dispatcher-6] INFO  o.a.z.ZooKeeper  - Session: 0x100015787a40007 closed
19:11:14.853 [Curator-PathChildrenCache-0] ERROR o.a.c.f.r.c.PathChildrenCache  - 
java.lang.IllegalStateException: instance must be started before calling this method
	at org.apache.curator.shaded.com.google.common.base.Preconditions.checkState(Preconditions.java:444)
	at org.apache.curator.framework.imps.CuratorFrameworkImpl.getChildren(CuratorFrameworkImpl.java:456)
	at org.apache.curator.framework.recipes.cache.PathChildrenCache.refresh(PathChildrenCache.java:521)
	at org.apache.curator.framework.recipes.cache.RefreshOperation.invoke(RefreshOperation.java:35)
	at org.apache.curator.framework.recipes.cache.PathChildrenCache$9.run(PathChildrenCache.java:786)
	at java.util.concurrent.Executors$RunnableAdapter.call(Executors.java:511)
	at java.util.concurrent.FutureTask.run(FutureTask.java:266)
	at java.util.concurrent.Executors$RunnableAdapter.call(Executors.java:511)
	at java.util.concurrent.FutureTask.run(FutureTask.java:266)
	at java.util.concurrent.ThreadPoolExecutor.runWorker(ThreadPoolExecutor.java:1149)
	at java.util.concurrent.ThreadPoolExecutor$Worker.run(ThreadPoolExecutor.java:624)
	at java.lang.Thread.run(Thread.java:748)
19:11:14.853 [worker-akka.actor.default-dispatcher-21] INFO  a.a.RepointableActorRef akka://worker/user/watcher - Stopped
19:11:14.863 [worker-akka.actor.default-dispatcher-21] INFO  a.r.RemoteActorRefProvider$RemotingTerminator akka://worker@flamestream-benchmarks-worker-7:5412/system/remoting-terminator - Shutting down remote daemon.
19:11:14.864 [worker-akka.actor.default-dispatcher-21] INFO  a.r.RemoteActorRefProvider$RemotingTerminator akka://worker@flamestream-benchmarks-worker-7:5412/system/remoting-terminator - Remote daemon shut down; proceeding with flushing remote transports.
19:11:16.139 [worker-akka.actor.default-dispatcher-21] INFO  a.r.RemoteActorRefProvider$RemotingTerminator akka://worker@flamestream-benchmarks-worker-7:5412/system/remoting-terminator - Remoting shut down.
Heap
 def new generation   total 460800K, used 282055K [0x00000000a2400000, 0x00000000c1800000, 0x00000000c1800000)
  eden space 409600K,  68% used [0x00000000a2400000, 0x00000000b37422e8, 0x00000000bb400000)
  from space 51200K,   0% used [0x00000000bb400000, 0x00000000bb42fc00, 0x00000000be600000)
  to   space 51200K,   0% used [0x00000000be600000, 0x00000000be600000, 0x00000000c1800000)
 tenured generation   total 1024000K, used 56888K [0x00000000c1800000, 0x0000000100000000, 0x0000000100000000)
   the space 1024000K,   5% used [0x00000000c1800000, 0x00000000c4f8e318, 0x00000000c4f8e400, 0x0000000100000000)
 Metaspace       used 40723K, capacity 43476K, committed 43648K, reserved 1087488K
  class space    used 5339K, capacity 5659K, committed 5760K, reserved 1048576K
