18:55:27,407 |-INFO in ch.qos.logback.classic.LoggerContext[default] - Could NOT find resource [logback-test.xml]
18:55:27,407 |-INFO in ch.qos.logback.classic.LoggerContext[default] - Could NOT find resource [logback.groovy]
18:55:27,407 |-INFO in ch.qos.logback.classic.LoggerContext[default] - Found resource [logback.xml] at [jar:file:/root/flamestream/lib/flamestream-runtime-1.0-SNAPSHOT.jar!/logback.xml]
18:55:27,411 |-WARN in ch.qos.logback.classic.LoggerContext[default] - Resource [logback.xml] occurs multiple times on the classpath.
18:55:27,411 |-WARN in ch.qos.logback.classic.LoggerContext[default] - Resource [logback.xml] occurs at [jar:file:/root/flamestream/lib/flamestream-runtime-1.0-SNAPSHOT.jar!/logback.xml]
18:55:27,411 |-WARN in ch.qos.logback.classic.LoggerContext[default] - Resource [logback.xml] occurs at [jar:file:/root/flamestream/flamestream-runtime-1.0-SNAPSHOT.jar!/logback.xml]
18:55:27,431 |-INFO in ch.qos.logback.core.joran.spi.ConfigurationWatchList@3fb6a447 - URL [jar:file:/root/flamestream/lib/flamestream-runtime-1.0-SNAPSHOT.jar!/logback.xml] is not of type file
18:55:27,503 |-INFO in ch.qos.logback.classic.joran.action.ConfigurationAction - debug attribute not set
18:55:27,504 |-INFO in ch.qos.logback.core.joran.action.AppenderAction - About to instantiate appender of type [ch.qos.logback.core.ConsoleAppender]
18:55:27,524 |-INFO in ch.qos.logback.core.joran.action.AppenderAction - Naming appender as [STDOUT]
18:55:27,542 |-INFO in ch.qos.logback.core.joran.action.NestedComplexPropertyIA - Assuming default type [ch.qos.logback.classic.encoder.PatternLayoutEncoder] for [encoder] property
18:55:27,619 |-INFO in ch.qos.logback.core.joran.action.AppenderAction - About to instantiate appender of type [ch.qos.logback.core.rolling.RollingFileAppender]
18:55:27,624 |-INFO in ch.qos.logback.core.joran.action.AppenderAction - Naming appender as [FILE]
18:55:27,656 |-INFO in c.q.l.core.rolling.TimeBasedRollingPolicy@127618319 - No compression will be used
18:55:27,657 |-INFO in c.q.l.core.rolling.TimeBasedRollingPolicy@127618319 - Will use the pattern /tmp/application_%d{yyyy-MM-dd}.%i.log for the active file
18:55:27,660 |-INFO in ch.qos.logback.core.rolling.SizeAndTimeBasedFNATP@6b2fad11 - The date pattern is 'yyyy-MM-dd' from file name pattern '/tmp/application_%d{yyyy-MM-dd}.%i.log'.
18:55:27,661 |-INFO in ch.qos.logback.core.rolling.SizeAndTimeBasedFNATP@6b2fad11 - Roll-over at midnight.
18:55:27,666 |-INFO in ch.qos.logback.core.rolling.SizeAndTimeBasedFNATP@6b2fad11 - Setting initial period to Mon Jun 10 18:53:52 UTC 2019
18:55:27,666 |-WARN in ch.qos.logback.core.rolling.SizeAndTimeBasedFNATP@6b2fad11 - SizeAndTimeBasedFNATP is deprecated. Use SizeAndTimeBasedRollingPolicy instead
18:55:27,666 |-WARN in ch.qos.logback.core.rolling.SizeAndTimeBasedFNATP@6b2fad11 - For more information see http://logback.qos.ch/manual/appenders.html#SizeAndTimeBasedRollingPolicy
18:55:27,670 |-INFO in ch.qos.logback.core.joran.action.NestedComplexPropertyIA - Assuming default type [ch.qos.logback.classic.encoder.PatternLayoutEncoder] for [encoder] property
18:55:27,674 |-INFO in ch.qos.logback.core.rolling.RollingFileAppender[FILE] - Active log file name: /tmp/application.log
18:55:27,674 |-INFO in ch.qos.logback.core.rolling.RollingFileAppender[FILE] - File property is set to [/tmp/application.log]
18:55:27,675 |-INFO in ch.qos.logback.classic.joran.action.RootLoggerAction - Setting level of ROOT logger to WARN
18:55:27,675 |-INFO in ch.qos.logback.core.joran.action.AppenderRefAction - Attaching appender named [STDOUT] to Logger[ROOT]
18:55:27,677 |-INFO in ch.qos.logback.core.joran.action.AppenderRefAction - Attaching appender named [FILE] to Logger[ROOT]
18:55:27,677 |-INFO in ch.qos.logback.classic.joran.action.ConfigurationAction - End of configuration.
18:55:27,678 |-INFO in ch.qos.logback.classic.joran.JoranConfigurator@79698539 - Registering current configuration as safe fallback point

Ama winner
Ama winner
2019-06-10T18:55:28.997+0000: 1.774: [Full GC (Metadata GC Threshold) 2019-06-10T18:55:28.997+0000: 1.774: [Tenured: 0K->15143K(341376K), 0.0405788 secs] 114988K->15143K(494976K), [Metaspace: 20732K->20732K(1067008K)], 0.0406473 secs] [Times: user=0.03 sys=0.00, real=0.04 secs] 
18:55:51.352 [Curator-PathChildrenCache-1] WARN  o.a.c.u.ZKPaths  - The version of ZooKeeper being used doesn't support Container nodes. CreateMode.PERSISTENT will be used instead.
2019-06-10T18:55:53.469+0000: 26.245: [GC (Allocation Failure) 2019-06-10T18:55:53.469+0000: 26.245: [DefNew: 136576K->17024K(153600K), 0.0278554 secs] 151719K->52756K(494976K), 0.0279350 secs] [Times: user=0.03 sys=0.00, real=0.03 secs] 
2019-06-10T18:55:55.953+0000: 28.729: [Full GC (Metadata GC Threshold) 2019-06-10T18:55:55.953+0000: 28.729: [Tenured: 35732K->44503K(341376K), 0.0959600 secs] 113267K->44503K(494976K), [Metaspace: 34617K->34617K(1079296K)], 0.0960403 secs] [Times: user=0.08 sys=0.00, real=0.09 secs] 
2019-06-10T18:56:01.527+0000: 34.304: [GC (Allocation Failure) 2019-06-10T18:56:01.528+0000: 34.304: [DefNew: 136576K->56K(153600K), 0.0018213 secs] 181079K->44559K(494976K), 0.0018872 secs] [Times: user=0.00 sys=0.00, real=0.00 secs] 
2019-06-10T18:56:07.099+0000: 39.876: [GC (Allocation Failure) 2019-06-10T18:56:07.099+0000: 39.876: [DefNew: 136632K->57K(153600K), 0.0016599 secs] 181135K->44561K(494976K), 0.0017277 secs] [Times: user=0.00 sys=0.00, real=0.00 secs] 
2019-06-10T18:56:12.661+0000: 45.437: [GC (Allocation Failure) 2019-06-10T18:56:12.661+0000: 45.437: [DefNew: 136633K->58K(153600K), 0.0016422 secs] 181137K->44561K(494976K), 0.0017029 secs] [Times: user=0.00 sys=0.00, real=0.00 secs] 
2019-06-10T18:56:18.222+0000: 50.998: [GC (Allocation Failure) 2019-06-10T18:56:18.222+0000: 50.998: [DefNew: 136634K->59K(153600K), 0.0017159 secs] 181137K->44562K(494976K), 0.0017743 secs] [Times: user=0.00 sys=0.00, real=0.00 secs] 
2019-06-10T18:56:30.216+0000: 62.993: [GC (Allocation Failure) 2019-06-10T18:56:30.217+0000: 62.993: [DefNew: 136635K->355K(153600K), 0.0021541 secs] 181138K->44858K(494976K), 0.0029564 secs] [Times: user=0.00 sys=0.00, real=0.01 secs] 
18:56:31.806 [Curator-PathChildrenCache-0] ERROR o.a.c.f.r.c.PathChildrenCache  - 
java.lang.IllegalStateException: instance must be started before calling this method
	at org.apache.curator.shaded.com.google.common.base.Preconditions.checkState(Preconditions.java:444)
	at org.apache.curator.framework.imps.CuratorFrameworkImpl.getChildren(CuratorFrameworkImpl.java:456)
	at org.apache.curator.framework.recipes.cache.PathChildrenCache.refresh(PathChildrenCache.java:521)
	at org.apache.curator.framework.recipes.cache.RefreshOperation.invoke(RefreshOperation.java:35)
	at org.apache.curator.framework.recipes.cache.PathChildrenCache$9.run(PathChildrenCache.java:786)
	at java.util.concurrent.Executors$RunnableAdapter.call(Executors.java:511)
	at java.util.concurrent.FutureTask.run(FutureTask.java:266)
	at java.util.concurrent.Executors$RunnableAdapter.call(Executors.java:511)
	at java.util.concurrent.FutureTask.run(FutureTask.java:266)
	at java.util.concurrent.ThreadPoolExecutor.runWorker(ThreadPoolExecutor.java:1149)
	at java.util.concurrent.ThreadPoolExecutor$Worker.run(ThreadPoolExecutor.java:624)
	at java.lang.Thread.run(Thread.java:748)
Heap
 def new generation   total 153600K, used 38176K [0x00000000e0c00000, 0x00000000eb2a0000, 0x00000000eb2a0000)
  eden space 136576K,  27% used [0x00000000e0c00000, 0x00000000e30ef470, 0x00000000e9160000)
  from space 17024K,   2% used [0x00000000e9160000, 0x00000000e91b8c50, 0x00000000ea200000)
  to   space 17024K,   0% used [0x00000000ea200000, 0x00000000ea200000, 0x00000000eb2a0000)
 tenured generation   total 341376K, used 44503K [0x00000000eb2a0000, 0x0000000100000000, 0x0000000100000000)
   the space 341376K,  13% used [0x00000000eb2a0000, 0x00000000ede15d88, 0x00000000ede15e00, 0x0000000100000000)
 Metaspace       used 36182K, capacity 37056K, committed 37376K, reserved 1081344K
  class space    used 4869K, capacity 5074K, committed 5120K, reserved 1048576K
