05:26:24,989 |-INFO in ch.qos.logback.classic.LoggerContext[default] - Could NOT find resource [logback-test.xml]
05:26:24,989 |-INFO in ch.qos.logback.classic.LoggerContext[default] - Could NOT find resource [logback.groovy]
05:26:24,990 |-INFO in ch.qos.logback.classic.LoggerContext[default] - Found resource [logback.xml] at [jar:file:/root/flamestream/lib/flamestream-runtime-1.0-SNAPSHOT.jar!/logback.xml]
05:26:24,991 |-WARN in ch.qos.logback.classic.LoggerContext[default] - Resource [logback.xml] occurs multiple times on the classpath.
05:26:24,991 |-WARN in ch.qos.logback.classic.LoggerContext[default] - Resource [logback.xml] occurs at [jar:file:/root/flamestream/lib/flamestream-runtime-1.0-SNAPSHOT.jar!/logback.xml]
05:26:24,991 |-WARN in ch.qos.logback.classic.LoggerContext[default] - Resource [logback.xml] occurs at [jar:file:/root/flamestream/flamestream-runtime-1.0-SNAPSHOT.jar!/logback.xml]
05:26:25,009 |-INFO in ch.qos.logback.core.joran.spi.ConfigurationWatchList@3fb6a447 - URL [jar:file:/root/flamestream/lib/flamestream-runtime-1.0-SNAPSHOT.jar!/logback.xml] is not of type file
05:26:25,081 |-INFO in ch.qos.logback.classic.joran.action.ConfigurationAction - debug attribute not set
05:26:25,082 |-INFO in ch.qos.logback.core.joran.action.AppenderAction - About to instantiate appender of type [ch.qos.logback.core.ConsoleAppender]
05:26:25,095 |-INFO in ch.qos.logback.core.joran.action.AppenderAction - Naming appender as [STDOUT]
05:26:25,111 |-INFO in ch.qos.logback.core.joran.action.NestedComplexPropertyIA - Assuming default type [ch.qos.logback.classic.encoder.PatternLayoutEncoder] for [encoder] property
05:26:25,195 |-INFO in ch.qos.logback.core.joran.action.AppenderAction - About to instantiate appender of type [ch.qos.logback.core.rolling.RollingFileAppender]
05:26:25,202 |-INFO in ch.qos.logback.core.joran.action.AppenderAction - Naming appender as [FILE]
05:26:25,233 |-INFO in c.q.l.core.rolling.TimeBasedRollingPolicy@127618319 - No compression will be used
05:26:25,234 |-INFO in c.q.l.core.rolling.TimeBasedRollingPolicy@127618319 - Will use the pattern /tmp/application_%d{yyyy-MM-dd}.%i.log for the active file
05:26:25,236 |-INFO in ch.qos.logback.core.rolling.SizeAndTimeBasedFNATP@6b2fad11 - The date pattern is 'yyyy-MM-dd' from file name pattern '/tmp/application_%d{yyyy-MM-dd}.%i.log'.
05:26:25,236 |-INFO in ch.qos.logback.core.rolling.SizeAndTimeBasedFNATP@6b2fad11 - Roll-over at midnight.
05:26:25,241 |-INFO in ch.qos.logback.core.rolling.SizeAndTimeBasedFNATP@6b2fad11 - Setting initial period to Tue Jun 11 05:25:09 UTC 2019
05:26:25,241 |-WARN in ch.qos.logback.core.rolling.SizeAndTimeBasedFNATP@6b2fad11 - SizeAndTimeBasedFNATP is deprecated. Use SizeAndTimeBasedRollingPolicy instead
05:26:25,241 |-WARN in ch.qos.logback.core.rolling.SizeAndTimeBasedFNATP@6b2fad11 - For more information see http://logback.qos.ch/manual/appenders.html#SizeAndTimeBasedRollingPolicy
05:26:25,245 |-INFO in ch.qos.logback.core.joran.action.NestedComplexPropertyIA - Assuming default type [ch.qos.logback.classic.encoder.PatternLayoutEncoder] for [encoder] property
05:26:25,250 |-INFO in ch.qos.logback.core.rolling.RollingFileAppender[FILE] - Active log file name: /tmp/application.log
05:26:25,250 |-INFO in ch.qos.logback.core.rolling.RollingFileAppender[FILE] - File property is set to [/tmp/application.log]
05:26:25,251 |-INFO in ch.qos.logback.classic.joran.action.RootLoggerAction - Setting level of ROOT logger to WARN
05:26:25,251 |-INFO in ch.qos.logback.core.joran.action.AppenderRefAction - Attaching appender named [STDOUT] to Logger[ROOT]
05:26:25,253 |-INFO in ch.qos.logback.core.joran.action.AppenderRefAction - Attaching appender named [FILE] to Logger[ROOT]
05:26:25,253 |-INFO in ch.qos.logback.classic.joran.action.ConfigurationAction - End of configuration.
05:26:25,253 |-INFO in ch.qos.logback.classic.joran.JoranConfigurator@79698539 - Registering current configuration as safe fallback point

Ama winner
Ama winner
2019-06-11T05:26:26.503+0000: 1.701: [Full GC (Metadata GC Threshold) 2019-06-11T05:26:26.503+0000: 1.701: [Tenured: 0K->15241K(341376K), 0.0402764 secs] 114987K->15241K(494976K), [Metaspace: 20725K->20725K(1067008K)], 0.0403682 secs] [Times: user=0.04 sys=0.00, real=0.04 secs] 
05:26:40.385 [Curator-PathChildrenCache-1] WARN  o.a.c.u.ZKPaths  - The version of ZooKeeper being used doesn't support Container nodes. CreateMode.PERSISTENT will be used instead.
2019-06-11T05:26:42.793+0000: 17.991: [GC (Allocation Failure) 2019-06-11T05:26:42.793+0000: 17.991: [DefNew: 136576K->17023K(153600K), 0.0250936 secs] 151817K->52845K(494976K), 0.0251736 secs] [Times: user=0.01 sys=0.02, real=0.03 secs] 
2019-06-11T05:26:45.851+0000: 21.049: [Full GC (Metadata GC Threshold) 2019-06-11T05:26:45.851+0000: 21.049: [Tenured: 35821K->44562K(341376K), 0.0504680 secs] 127028K->44562K(494976K), [Metaspace: 34616K->34616K(1079296K)], 0.0505567 secs] [Times: user=0.05 sys=0.00, real=0.05 secs] 
2019-06-11T05:26:51.946+0000: 27.144: [GC (Allocation Failure) 2019-06-11T05:26:51.946+0000: 27.144: [DefNew: 136576K->52K(153600K), 0.0017489 secs] 181138K->44614K(494976K), 0.0018064 secs] [Times: user=0.00 sys=0.00, real=0.01 secs] 
2019-06-11T05:26:58.035+0000: 33.233: [GC (Allocation Failure) 2019-06-11T05:26:58.035+0000: 33.233: [DefNew: 136628K->53K(153600K), 0.0016490 secs] 181190K->44615K(494976K), 0.0017121 secs] [Times: user=0.01 sys=0.00, real=0.00 secs] 
2019-06-11T05:27:04.149+0000: 39.346: [GC (Allocation Failure) 2019-06-11T05:27:04.149+0000: 39.346: [DefNew: 136629K->54K(153600K), 0.0016751 secs] 181191K->44617K(494976K), 0.0017463 secs] [Times: user=0.00 sys=0.00, real=0.00 secs] 
2019-06-11T05:27:10.262+0000: 45.459: [GC (Allocation Failure) 2019-06-11T05:27:10.262+0000: 45.459: [DefNew: 136630K->55K(153600K), 0.0017317 secs] 181193K->44618K(494976K), 0.0017901 secs] [Times: user=0.00 sys=0.00, real=0.00 secs] 
2019-06-11T05:27:19.903+0000: 55.101: [GC (Allocation Failure) 2019-06-11T05:27:19.904+0000: 55.101: [DefNew: 136631K->53K(153600K), 0.0017246 secs] 181194K->44616K(494976K), 0.0017844 secs] [Times: user=0.01 sys=0.00, real=0.00 secs] 
05:27:25.779 [Curator-PathChildrenCache-0] ERROR o.a.c.f.r.c.PathChildrenCache  - 
java.lang.IllegalStateException: instance must be started before calling this method
	at org.apache.curator.shaded.com.google.common.base.Preconditions.checkState(Preconditions.java:444)
	at org.apache.curator.framework.imps.CuratorFrameworkImpl.getChildren(CuratorFrameworkImpl.java:456)
	at org.apache.curator.framework.recipes.cache.PathChildrenCache.refresh(PathChildrenCache.java:521)
	at org.apache.curator.framework.recipes.cache.RefreshOperation.invoke(RefreshOperation.java:35)
	at org.apache.curator.framework.recipes.cache.PathChildrenCache$9.run(PathChildrenCache.java:786)
	at java.util.concurrent.Executors$RunnableAdapter.call(Executors.java:511)
	at java.util.concurrent.FutureTask.run(FutureTask.java:266)
	at java.util.concurrent.Executors$RunnableAdapter.call(Executors.java:511)
	at java.util.concurrent.FutureTask.run(FutureTask.java:266)
	at java.util.concurrent.ThreadPoolExecutor.runWorker(ThreadPoolExecutor.java:1149)
	at java.util.concurrent.ThreadPoolExecutor$Worker.run(ThreadPoolExecutor.java:624)
	at java.lang.Thread.run(Thread.java:748)
Heap
 def new generation   total 153600K, used 57503K [0x00000000e0c00000, 0x00000000eb2a0000, 0x00000000eb2a0000)
  eden space 136576K,  42% used [0x00000000e0c00000, 0x00000000e441a718, 0x00000000e9160000)
  from space 17024K,   0% used [0x00000000e9160000, 0x00000000e916d780, 0x00000000ea200000)
  to   space 17024K,   0% used [0x00000000ea200000, 0x00000000ea200000, 0x00000000eb2a0000)
 tenured generation   total 341376K, used 44562K [0x00000000eb2a0000, 0x0000000100000000, 0x0000000100000000)
   the space 341376K,  13% used [0x00000000eb2a0000, 0x00000000ede24a50, 0x00000000ede24c00, 0x0000000100000000)
 Metaspace       used 35972K, capacity 36838K, committed 37120K, reserved 1081344K
  class space    used 4837K, capacity 5043K, committed 5120K, reserved 1048576K
