18:58:00,522 |-INFO in ch.qos.logback.classic.LoggerContext[default] - Could NOT find resource [logback-test.xml]
18:58:00,522 |-INFO in ch.qos.logback.classic.LoggerContext[default] - Could NOT find resource [logback.groovy]
18:58:00,523 |-INFO in ch.qos.logback.classic.LoggerContext[default] - Found resource [logback.xml] at [jar:file:/root/flamestream/lib/flamestream-runtime-1.0-SNAPSHOT.jar!/logback.xml]
18:58:00,527 |-WARN in ch.qos.logback.classic.LoggerContext[default] - Resource [logback.xml] occurs multiple times on the classpath.
18:58:00,528 |-WARN in ch.qos.logback.classic.LoggerContext[default] - Resource [logback.xml] occurs at [jar:file:/root/flamestream/lib/flamestream-runtime-1.0-SNAPSHOT.jar!/logback.xml]
18:58:00,528 |-WARN in ch.qos.logback.classic.LoggerContext[default] - Resource [logback.xml] occurs at [jar:file:/root/flamestream/flamestream-runtime-1.0-SNAPSHOT.jar!/logback.xml]
18:58:00,547 |-INFO in ch.qos.logback.core.joran.spi.ConfigurationWatchList@3fb6a447 - URL [jar:file:/root/flamestream/lib/flamestream-runtime-1.0-SNAPSHOT.jar!/logback.xml] is not of type file
18:58:00,613 |-INFO in ch.qos.logback.classic.joran.action.ConfigurationAction - debug attribute not set
18:58:00,614 |-INFO in ch.qos.logback.core.joran.action.AppenderAction - About to instantiate appender of type [ch.qos.logback.core.ConsoleAppender]
18:58:00,630 |-INFO in ch.qos.logback.core.joran.action.AppenderAction - Naming appender as [STDOUT]
18:58:00,650 |-INFO in ch.qos.logback.core.joran.action.NestedComplexPropertyIA - Assuming default type [ch.qos.logback.classic.encoder.PatternLayoutEncoder] for [encoder] property
18:58:00,731 |-INFO in ch.qos.logback.core.joran.action.AppenderAction - About to instantiate appender of type [ch.qos.logback.core.rolling.RollingFileAppender]
18:58:00,738 |-INFO in ch.qos.logback.core.joran.action.AppenderAction - Naming appender as [FILE]
18:58:00,767 |-INFO in c.q.l.core.rolling.TimeBasedRollingPolicy@127618319 - No compression will be used
18:58:00,769 |-INFO in c.q.l.core.rolling.TimeBasedRollingPolicy@127618319 - Will use the pattern /tmp/application_%d{yyyy-MM-dd}.%i.log for the active file
18:58:00,772 |-INFO in ch.qos.logback.core.rolling.SizeAndTimeBasedFNATP@6b2fad11 - The date pattern is 'yyyy-MM-dd' from file name pattern '/tmp/application_%d{yyyy-MM-dd}.%i.log'.
18:58:00,772 |-INFO in ch.qos.logback.core.rolling.SizeAndTimeBasedFNATP@6b2fad11 - Roll-over at midnight.
18:58:00,777 |-INFO in ch.qos.logback.core.rolling.SizeAndTimeBasedFNATP@6b2fad11 - Setting initial period to Mon Jun 10 18:56:31 UTC 2019
18:58:00,777 |-WARN in ch.qos.logback.core.rolling.SizeAndTimeBasedFNATP@6b2fad11 - SizeAndTimeBasedFNATP is deprecated. Use SizeAndTimeBasedRollingPolicy instead
18:58:00,777 |-WARN in ch.qos.logback.core.rolling.SizeAndTimeBasedFNATP@6b2fad11 - For more information see http://logback.qos.ch/manual/appenders.html#SizeAndTimeBasedRollingPolicy
18:58:00,781 |-INFO in ch.qos.logback.core.joran.action.NestedComplexPropertyIA - Assuming default type [ch.qos.logback.classic.encoder.PatternLayoutEncoder] for [encoder] property
18:58:00,785 |-INFO in ch.qos.logback.core.rolling.RollingFileAppender[FILE] - Active log file name: /tmp/application.log
18:58:00,786 |-INFO in ch.qos.logback.core.rolling.RollingFileAppender[FILE] - File property is set to [/tmp/application.log]
18:58:00,786 |-INFO in ch.qos.logback.classic.joran.action.RootLoggerAction - Setting level of ROOT logger to WARN
18:58:00,786 |-INFO in ch.qos.logback.core.joran.action.AppenderRefAction - Attaching appender named [STDOUT] to Logger[ROOT]
18:58:00,788 |-INFO in ch.qos.logback.core.joran.action.AppenderRefAction - Attaching appender named [FILE] to Logger[ROOT]
18:58:00,788 |-INFO in ch.qos.logback.classic.joran.action.ConfigurationAction - End of configuration.
18:58:00,789 |-INFO in ch.qos.logback.classic.joran.JoranConfigurator@79698539 - Registering current configuration as safe fallback point

Ama winner
Ama winner
2019-06-10T18:58:02.159+0000: 1.815: [Full GC (Metadata GC Threshold) 2019-06-10T18:58:02.159+0000: 1.815: [Tenured: 0K->15208K(341376K), 0.0408744 secs] 114987K->15208K(494976K), [Metaspace: 20741K->20741K(1067008K)], 0.0409434 secs] [Times: user=0.04 sys=0.00, real=0.04 secs] 
18:58:24.715 [Curator-PathChildrenCache-1] WARN  o.a.c.u.ZKPaths  - The version of ZooKeeper being used doesn't support Container nodes. CreateMode.PERSISTENT will be used instead.
2019-06-10T18:58:26.887+0000: 26.543: [GC (Allocation Failure) 2019-06-10T18:58:26.887+0000: 26.543: [DefNew: 136576K->17023K(153600K), 0.0255171 secs] 151784K->52889K(494976K), 0.0255854 secs] [Times: user=0.02 sys=0.01, real=0.03 secs] 
2019-06-10T18:58:28.274+0000: 27.930: [Full GC (Metadata GC Threshold) 2019-06-10T18:58:28.274+0000: 27.930: [Tenured: 35865K->44548K(341376K), 0.0413697 secs] 87876K->44548K(494976K), [Metaspace: 34598K->34598K(1079296K)], 0.0414483 secs] [Times: user=0.04 sys=0.00, real=0.04 secs] 
2019-06-10T18:58:34.388+0000: 34.043: [GC (Allocation Failure) 2019-06-10T18:58:34.388+0000: 34.044: [DefNew: 136576K->100K(153600K), 0.0017962 secs] 181124K->44649K(494976K), 0.0018583 secs] [Times: user=0.00 sys=0.00, real=0.00 secs] 
2019-06-10T18:58:40.440+0000: 40.095: [GC (Allocation Failure) 2019-06-10T18:58:40.440+0000: 40.096: [DefNew: 136676K->167K(153600K), 0.0017278 secs] 181225K->44716K(494976K), 0.0017911 secs] [Times: user=0.00 sys=0.00, real=0.00 secs] 
2019-06-10T18:58:46.474+0000: 46.130: [GC (Allocation Failure) 2019-06-10T18:58:46.474+0000: 46.130: [DefNew: 136743K->164K(153600K), 0.0018162 secs] 181292K->44713K(494976K), 0.0018780 secs] [Times: user=0.00 sys=0.00, real=0.00 secs] 
2019-06-10T18:58:52.510+0000: 52.166: [GC (Allocation Failure) 2019-06-10T18:58:52.510+0000: 52.166: [DefNew: 136740K->166K(153600K), 0.0018676 secs] 181289K->44715K(494976K), 0.0019278 secs] [Times: user=0.00 sys=0.00, real=0.01 secs] 
2019-06-10T18:58:58.571+0000: 58.227: [GC (Allocation Failure) 2019-06-10T18:58:58.571+0000: 58.227: [DefNew: 136742K->167K(153600K), 0.0017876 secs] 181291K->44716K(494976K), 0.0018482 secs] [Times: user=0.00 sys=0.00, real=0.00 secs] 
18:59:05.751 [Curator-PathChildrenCache-0] ERROR o.a.c.f.r.c.PathChildrenCache  - 
java.lang.IllegalStateException: instance must be started before calling this method
	at org.apache.curator.shaded.com.google.common.base.Preconditions.checkState(Preconditions.java:444)
	at org.apache.curator.framework.imps.CuratorFrameworkImpl.getChildren(CuratorFrameworkImpl.java:456)
	at org.apache.curator.framework.recipes.cache.PathChildrenCache.refresh(PathChildrenCache.java:521)
	at org.apache.curator.framework.recipes.cache.RefreshOperation.invoke(RefreshOperation.java:35)
	at org.apache.curator.framework.recipes.cache.PathChildrenCache$9.run(PathChildrenCache.java:786)
	at java.util.concurrent.Executors$RunnableAdapter.call(Executors.java:511)
	at java.util.concurrent.FutureTask.run(FutureTask.java:266)
	at java.util.concurrent.Executors$RunnableAdapter.call(Executors.java:511)
	at java.util.concurrent.FutureTask.run(FutureTask.java:266)
	at java.util.concurrent.ThreadPoolExecutor.runWorker(ThreadPoolExecutor.java:1149)
	at java.util.concurrent.ThreadPoolExecutor$Worker.run(ThreadPoolExecutor.java:624)
	at java.lang.Thread.run(Thread.java:748)
Heap
 def new generation   total 153600K, used 81074K [0x00000000e0c00000, 0x00000000eb2a0000, 0x00000000eb2a0000)
  eden space 136576K,  59% used [0x00000000e0c00000, 0x00000000e5b02c78, 0x00000000e9160000)
  from space 17024K,   0% used [0x00000000e9160000, 0x00000000e9189c90, 0x00000000ea200000)
  to   space 17024K,   0% used [0x00000000ea200000, 0x00000000ea200000, 0x00000000eb2a0000)
 tenured generation   total 341376K, used 44548K [0x00000000eb2a0000, 0x0000000100000000, 0x0000000100000000)
   the space 341376K,  13% used [0x00000000eb2a0000, 0x00000000ede21370, 0x00000000ede21400, 0x0000000100000000)
 Metaspace       used 36233K, capacity 37134K, committed 37376K, reserved 1081344K
  class space    used 4879K, capacity 5087K, committed 5120K, reserved 1048576K
