18:50:33,287 |-INFO in ch.qos.logback.classic.LoggerContext[default] - Could NOT find resource [logback-test.xml]
18:50:33,288 |-INFO in ch.qos.logback.classic.LoggerContext[default] - Could NOT find resource [logback.groovy]
18:50:33,288 |-INFO in ch.qos.logback.classic.LoggerContext[default] - Found resource [logback.xml] at [jar:file:/root/flamestream/lib/flamestream-runtime-1.0-SNAPSHOT.jar!/logback.xml]
18:50:33,289 |-WARN in ch.qos.logback.classic.LoggerContext[default] - Resource [logback.xml] occurs multiple times on the classpath.
18:50:33,289 |-WARN in ch.qos.logback.classic.LoggerContext[default] - Resource [logback.xml] occurs at [jar:file:/root/flamestream/lib/flamestream-runtime-1.0-SNAPSHOT.jar!/logback.xml]
18:50:33,289 |-WARN in ch.qos.logback.classic.LoggerContext[default] - Resource [logback.xml] occurs at [jar:file:/root/flamestream/flamestream-runtime-1.0-SNAPSHOT.jar!/logback.xml]
18:50:33,308 |-INFO in ch.qos.logback.core.joran.spi.ConfigurationWatchList@3fb6a447 - URL [jar:file:/root/flamestream/lib/flamestream-runtime-1.0-SNAPSHOT.jar!/logback.xml] is not of type file
18:50:33,380 |-INFO in ch.qos.logback.classic.joran.action.ConfigurationAction - debug attribute not set
18:50:33,380 |-INFO in ch.qos.logback.core.joran.action.AppenderAction - About to instantiate appender of type [ch.qos.logback.core.ConsoleAppender]
18:50:33,398 |-INFO in ch.qos.logback.core.joran.action.AppenderAction - Naming appender as [STDOUT]
18:50:33,412 |-INFO in ch.qos.logback.core.joran.action.NestedComplexPropertyIA - Assuming default type [ch.qos.logback.classic.encoder.PatternLayoutEncoder] for [encoder] property
18:50:33,499 |-INFO in ch.qos.logback.core.joran.action.AppenderAction - About to instantiate appender of type [ch.qos.logback.core.rolling.RollingFileAppender]
18:50:33,503 |-INFO in ch.qos.logback.core.joran.action.AppenderAction - Naming appender as [FILE]
18:50:33,535 |-INFO in c.q.l.core.rolling.TimeBasedRollingPolicy@127618319 - No compression will be used
18:50:33,537 |-INFO in c.q.l.core.rolling.TimeBasedRollingPolicy@127618319 - Will use the pattern /tmp/application_%d{yyyy-MM-dd}.%i.log for the active file
18:50:33,540 |-INFO in ch.qos.logback.core.rolling.SizeAndTimeBasedFNATP@6b2fad11 - The date pattern is 'yyyy-MM-dd' from file name pattern '/tmp/application_%d{yyyy-MM-dd}.%i.log'.
18:50:33,540 |-INFO in ch.qos.logback.core.rolling.SizeAndTimeBasedFNATP@6b2fad11 - Roll-over at midnight.
18:50:33,545 |-INFO in ch.qos.logback.core.rolling.SizeAndTimeBasedFNATP@6b2fad11 - Setting initial period to Mon Jun 10 18:49:00 UTC 2019
18:50:33,545 |-WARN in ch.qos.logback.core.rolling.SizeAndTimeBasedFNATP@6b2fad11 - SizeAndTimeBasedFNATP is deprecated. Use SizeAndTimeBasedRollingPolicy instead
18:50:33,545 |-WARN in ch.qos.logback.core.rolling.SizeAndTimeBasedFNATP@6b2fad11 - For more information see http://logback.qos.ch/manual/appenders.html#SizeAndTimeBasedRollingPolicy
18:50:33,549 |-INFO in ch.qos.logback.core.joran.action.NestedComplexPropertyIA - Assuming default type [ch.qos.logback.classic.encoder.PatternLayoutEncoder] for [encoder] property
18:50:33,553 |-INFO in ch.qos.logback.core.rolling.RollingFileAppender[FILE] - Active log file name: /tmp/application.log
18:50:33,553 |-INFO in ch.qos.logback.core.rolling.RollingFileAppender[FILE] - File property is set to [/tmp/application.log]
18:50:33,554 |-INFO in ch.qos.logback.classic.joran.action.RootLoggerAction - Setting level of ROOT logger to WARN
18:50:33,554 |-INFO in ch.qos.logback.core.joran.action.AppenderRefAction - Attaching appender named [STDOUT] to Logger[ROOT]
18:50:33,556 |-INFO in ch.qos.logback.core.joran.action.AppenderRefAction - Attaching appender named [FILE] to Logger[ROOT]
18:50:33,556 |-INFO in ch.qos.logback.classic.joran.action.ConfigurationAction - End of configuration.
18:50:33,557 |-INFO in ch.qos.logback.classic.joran.JoranConfigurator@79698539 - Registering current configuration as safe fallback point

Ama winner
Ama winner
2019-06-10T18:50:34.838+0000: 1.736: [Full GC (Metadata GC Threshold) 2019-06-10T18:50:34.838+0000: 1.736: [Tenured: 0K->15208K(341376K), 0.0402610 secs] 112258K->15208K(494976K), [Metaspace: 20725K->20725K(1067008K)], 0.0403422 secs] [Times: user=0.03 sys=0.01, real=0.04 secs] 
18:50:53.108 [Curator-PathChildrenCache-2] WARN  o.a.c.u.ZKPaths  - The version of ZooKeeper being used doesn't support Container nodes. CreateMode.PERSISTENT will be used instead.
2019-06-10T18:50:55.040+0000: 21.938: [GC (Allocation Failure) 2019-06-10T18:50:55.040+0000: 21.938: [DefNew: 119228K->17023K(153600K), 0.0203175 secs] 134437K->33121K(494976K), 0.0203871 secs] [Times: user=0.02 sys=0.01, real=0.02 secs] 
2019-06-10T18:50:55.552+0000: 22.450: [Full GC (Metadata GC Threshold) 2019-06-10T18:50:55.552+0000: 22.450: [Tenured: 16097K->44484K(341376K), 0.0508109 secs] 73738K->44484K(494976K), [Metaspace: 34500K->34500K(1079296K)], 0.0508831 secs] [Times: user=0.04 sys=0.01, real=0.05 secs] 
2019-06-10T18:50:58.614+0000: 25.512: [GC (Allocation Failure) 2019-06-10T18:50:58.614+0000: 25.512: [DefNew: 136576K->145K(153600K), 0.0020746 secs] 181060K->44629K(494976K), 0.0021326 secs] [Times: user=0.00 sys=0.00, real=0.00 secs] 
2019-06-10T18:51:01.434+0000: 28.333: [GC (Allocation Failure) 2019-06-10T18:51:01.434+0000: 28.333: [DefNew: 136721K->162K(153600K), 0.0019140 secs] 181205K->44646K(494976K), 0.0019721 secs] [Times: user=0.00 sys=0.00, real=0.00 secs] 
2019-06-10T18:51:04.259+0000: 31.157: [GC (Allocation Failure) 2019-06-10T18:51:04.259+0000: 31.157: [DefNew: 136738K->200K(153600K), 0.0020301 secs] 181222K->44685K(494976K), 0.0020920 secs] [Times: user=0.00 sys=0.00, real=0.00 secs] 
2019-06-10T18:51:07.070+0000: 33.968: [GC (Allocation Failure) 2019-06-10T18:51:07.070+0000: 33.968: [DefNew: 136776K->192K(153600K), 0.0019610 secs] 181261K->44676K(494976K), 0.0020413 secs] [Times: user=0.00 sys=0.01, real=0.00 secs] 
2019-06-10T18:51:09.911+0000: 36.810: [GC (Allocation Failure) 2019-06-10T18:51:09.911+0000: 36.810: [DefNew: 136768K->222K(153600K), 0.0019892 secs] 181252K->44707K(494976K), 0.0020493 secs] [Times: user=0.00 sys=0.00, real=0.01 secs] 
2019-06-10T18:51:12.742+0000: 39.641: [GC (Allocation Failure) 2019-06-10T18:51:12.743+0000: 39.641: [DefNew: 136798K->233K(153600K), 0.0020654 secs] 181283K->44718K(494976K), 0.0021270 secs] [Times: user=0.01 sys=0.00, real=0.00 secs] 
2019-06-10T18:51:15.581+0000: 42.480: [GC (Allocation Failure) 2019-06-10T18:51:15.581+0000: 42.480: [DefNew: 136809K->255K(153600K), 0.0019492 secs] 181294K->44740K(494976K), 0.0020093 secs] [Times: user=0.01 sys=0.00, real=0.00 secs] 
18:51:23.306 [Curator-PathChildrenCache-0] ERROR o.a.c.f.r.c.PathChildrenCache  - 
java.lang.IllegalStateException: instance must be started before calling this method
	at org.apache.curator.shaded.com.google.common.base.Preconditions.checkState(Preconditions.java:444)
	at org.apache.curator.framework.imps.CuratorFrameworkImpl.getChildren(CuratorFrameworkImpl.java:456)
	at org.apache.curator.framework.recipes.cache.PathChildrenCache.refresh(PathChildrenCache.java:521)
	at org.apache.curator.framework.recipes.cache.RefreshOperation.invoke(RefreshOperation.java:35)
	at org.apache.curator.framework.recipes.cache.PathChildrenCache$9.run(PathChildrenCache.java:786)
	at java.util.concurrent.Executors$RunnableAdapter.call(Executors.java:511)
	at java.util.concurrent.FutureTask.run(FutureTask.java:266)
	at java.util.concurrent.Executors$RunnableAdapter.call(Executors.java:511)
	at java.util.concurrent.FutureTask.run(FutureTask.java:266)
	at java.util.concurrent.ThreadPoolExecutor.runWorker(ThreadPoolExecutor.java:1149)
	at java.util.concurrent.ThreadPoolExecutor$Worker.run(ThreadPoolExecutor.java:624)
	at java.lang.Thread.run(Thread.java:748)
Heap
 def new generation   total 153600K, used 70984K [0x00000000e0c00000, 0x00000000eb2a0000, 0x00000000eb2a0000)
  eden space 136576K,  51% used [0x00000000e0c00000, 0x00000000e5112298, 0x00000000e9160000)
  from space 17024K,   1% used [0x00000000e9160000, 0x00000000e919ff58, 0x00000000ea200000)
  to   space 17024K,   0% used [0x00000000ea200000, 0x00000000ea200000, 0x00000000eb2a0000)
 tenured generation   total 341376K, used 44484K [0x00000000eb2a0000, 0x0000000100000000, 0x0000000100000000)
   the space 341376K,  13% used [0x00000000eb2a0000, 0x00000000ede112a8, 0x00000000ede11400, 0x0000000100000000)
 Metaspace       used 35787K, capacity 36738K, committed 36864K, reserved 1081344K
  class space    used 4858K, capacity 5059K, committed 5120K, reserved 1048576K
