07:37:31,221 |-INFO in ch.qos.logback.classic.LoggerContext[default] - Could NOT find resource [logback-test.xml]
07:37:31,221 |-INFO in ch.qos.logback.classic.LoggerContext[default] - Could NOT find resource [logback.groovy]
07:37:31,221 |-INFO in ch.qos.logback.classic.LoggerContext[default] - Found resource [logback.xml] at [jar:file:/root/flamestream/lib/flamestream-runtime-1.0-SNAPSHOT.jar!/logback.xml]
07:37:31,222 |-WARN in ch.qos.logback.classic.LoggerContext[default] - Resource [logback.xml] occurs multiple times on the classpath.
07:37:31,222 |-WARN in ch.qos.logback.classic.LoggerContext[default] - Resource [logback.xml] occurs at [jar:file:/root/flamestream/lib/flamestream-runtime-1.0-SNAPSHOT.jar!/logback.xml]
07:37:31,222 |-WARN in ch.qos.logback.classic.LoggerContext[default] - Resource [logback.xml] occurs at [jar:file:/root/flamestream/flamestream-runtime-1.0-SNAPSHOT.jar!/logback.xml]
07:37:31,241 |-INFO in ch.qos.logback.core.joran.spi.ConfigurationWatchList@3fb6a447 - URL [jar:file:/root/flamestream/lib/flamestream-runtime-1.0-SNAPSHOT.jar!/logback.xml] is not of type file
07:37:31,313 |-INFO in ch.qos.logback.classic.joran.action.ConfigurationAction - debug attribute not set
07:37:31,314 |-INFO in ch.qos.logback.core.joran.action.AppenderAction - About to instantiate appender of type [ch.qos.logback.core.ConsoleAppender]
07:37:31,331 |-INFO in ch.qos.logback.core.joran.action.AppenderAction - Naming appender as [STDOUT]
07:37:31,345 |-INFO in ch.qos.logback.core.joran.action.NestedComplexPropertyIA - Assuming default type [ch.qos.logback.classic.encoder.PatternLayoutEncoder] for [encoder] property
07:37:31,437 |-INFO in ch.qos.logback.core.joran.action.AppenderAction - About to instantiate appender of type [ch.qos.logback.core.rolling.RollingFileAppender]
07:37:31,441 |-INFO in ch.qos.logback.core.joran.action.AppenderAction - Naming appender as [FILE]
07:37:31,472 |-INFO in c.q.l.core.rolling.TimeBasedRollingPolicy@127618319 - No compression will be used
07:37:31,473 |-INFO in c.q.l.core.rolling.TimeBasedRollingPolicy@127618319 - Will use the pattern /tmp/application_%d{yyyy-MM-dd}.%i.log for the active file
07:37:31,476 |-INFO in ch.qos.logback.core.rolling.SizeAndTimeBasedFNATP@6b2fad11 - The date pattern is 'yyyy-MM-dd' from file name pattern '/tmp/application_%d{yyyy-MM-dd}.%i.log'.
07:37:31,476 |-INFO in ch.qos.logback.core.rolling.SizeAndTimeBasedFNATP@6b2fad11 - Roll-over at midnight.
07:37:31,481 |-INFO in ch.qos.logback.core.rolling.SizeAndTimeBasedFNATP@6b2fad11 - Setting initial period to Tue Jun 11 07:36:05 UTC 2019
07:37:31,481 |-WARN in ch.qos.logback.core.rolling.SizeAndTimeBasedFNATP@6b2fad11 - SizeAndTimeBasedFNATP is deprecated. Use SizeAndTimeBasedRollingPolicy instead
07:37:31,481 |-WARN in ch.qos.logback.core.rolling.SizeAndTimeBasedFNATP@6b2fad11 - For more information see http://logback.qos.ch/manual/appenders.html#SizeAndTimeBasedRollingPolicy
07:37:31,485 |-INFO in ch.qos.logback.core.joran.action.NestedComplexPropertyIA - Assuming default type [ch.qos.logback.classic.encoder.PatternLayoutEncoder] for [encoder] property
07:37:31,490 |-INFO in ch.qos.logback.core.rolling.RollingFileAppender[FILE] - Active log file name: /tmp/application.log
07:37:31,490 |-INFO in ch.qos.logback.core.rolling.RollingFileAppender[FILE] - File property is set to [/tmp/application.log]
07:37:31,491 |-INFO in ch.qos.logback.classic.joran.action.RootLoggerAction - Setting level of ROOT logger to WARN
07:37:31,491 |-INFO in ch.qos.logback.core.joran.action.AppenderRefAction - Attaching appender named [STDOUT] to Logger[ROOT]
07:37:31,493 |-INFO in ch.qos.logback.core.joran.action.AppenderRefAction - Attaching appender named [FILE] to Logger[ROOT]
07:37:31,493 |-INFO in ch.qos.logback.classic.joran.action.ConfigurationAction - End of configuration.
07:37:31,493 |-INFO in ch.qos.logback.classic.joran.JoranConfigurator@79698539 - Registering current configuration as safe fallback point

Ama winner
Ama winner
2019-06-11T07:37:32.788+0000: 1.755: [Full GC (Metadata GC Threshold) 2019-06-11T07:37:32.788+0000: 1.755: [Tenured: 0K->15145K(341376K), 0.0392782 secs] 114987K->15145K(494976K), [Metaspace: 20732K->20732K(1067008K)], 0.0393438 secs] [Times: user=0.04 sys=0.01, real=0.04 secs] 
07:37:50.385 [Curator-PathChildrenCache-1] WARN  o.a.c.u.ZKPaths  - The version of ZooKeeper being used doesn't support Container nodes. CreateMode.PERSISTENT will be used instead.
2019-06-11T07:37:52.752+0000: 21.719: [GC (Allocation Failure) 2019-06-11T07:37:52.752+0000: 21.719: [DefNew: 136576K->17023K(153600K), 0.0253695 secs] 151721K->52528K(494976K), 0.0254431 secs] [Times: user=0.02 sys=0.01, real=0.03 secs] 
2019-06-11T07:37:58.316+0000: 27.282: [GC (Allocation Failure) 2019-06-11T07:37:58.316+0000: 27.282: [DefNew: 153599K->257K(153600K), 0.0100479 secs] 189104K->43915K(494976K), 0.0101109 secs] [Times: user=0.01 sys=0.00, real=0.00 secs] 
2019-06-11T07:38:00.660+0000: 29.627: [Full GC (Metadata GC Threshold) 2019-06-11T07:38:00.660+0000: 29.627: [Tenured: 43658K->43895K(341376K), 0.0426843 secs] 104728K->43895K(494976K), [Metaspace: 34629K->34629K(1079296K)], 0.0427562 secs] [Times: user=0.04 sys=0.00, real=0.04 secs] 
2019-06-11T07:38:06.075+0000: 35.042: [GC (Allocation Failure) 2019-06-11T07:38:06.075+0000: 35.042: [DefNew: 136576K->54K(153600K), 0.0016620 secs] 180471K->43949K(494976K), 0.0017266 secs] [Times: user=0.01 sys=0.00, real=0.00 secs] 
2019-06-11T07:38:11.455+0000: 40.421: [GC (Allocation Failure) 2019-06-11T07:38:11.455+0000: 40.421: [DefNew: 136630K->52K(153600K), 0.0016358 secs] 180525K->43947K(494976K), 0.0016969 secs] [Times: user=0.00 sys=0.00, real=0.01 secs] 
2019-06-11T07:38:16.930+0000: 45.897: [GC (Allocation Failure) 2019-06-11T07:38:16.930+0000: 45.897: [DefNew: 136628K->52K(153600K), 0.0016180 secs] 180523K->43947K(494976K), 0.0016789 secs] [Times: user=0.01 sys=0.00, real=0.00 secs] 
2019-06-11T07:38:26.410+0000: 55.377: [GC (Allocation Failure) 2019-06-11T07:38:26.410+0000: 55.377: [DefNew: 136628K->52K(153600K), 0.0016655 secs] 180523K->43948K(494976K), 0.0017245 secs] [Times: user=0.00 sys=0.00, real=0.00 secs] 
07:38:32.257 [Curator-PathChildrenCache-0] ERROR o.a.c.f.r.c.PathChildrenCache  - 
java.lang.IllegalStateException: instance must be started before calling this method
	at org.apache.curator.shaded.com.google.common.base.Preconditions.checkState(Preconditions.java:444)
	at org.apache.curator.framework.imps.CuratorFrameworkImpl.getChildren(CuratorFrameworkImpl.java:456)
	at org.apache.curator.framework.recipes.cache.PathChildrenCache.refresh(PathChildrenCache.java:521)
	at org.apache.curator.framework.recipes.cache.RefreshOperation.invoke(RefreshOperation.java:35)
	at org.apache.curator.framework.recipes.cache.PathChildrenCache$9.run(PathChildrenCache.java:786)
	at java.util.concurrent.Executors$RunnableAdapter.call(Executors.java:511)
	at java.util.concurrent.FutureTask.run(FutureTask.java:266)
	at java.util.concurrent.Executors$RunnableAdapter.call(Executors.java:511)
	at java.util.concurrent.FutureTask.run(FutureTask.java:266)
	at java.util.concurrent.ThreadPoolExecutor.runWorker(ThreadPoolExecutor.java:1149)
	at java.util.concurrent.ThreadPoolExecutor$Worker.run(ThreadPoolExecutor.java:624)
	at java.lang.Thread.run(Thread.java:748)
Heap
 def new generation   total 153600K, used 57046K [0x00000000e0c00000, 0x00000000eb2a0000, 0x00000000eb2a0000)
  eden space 136576K,  41% used [0x00000000e0c00000, 0x00000000e43a8560, 0x00000000e9160000)
  from space 17024K,   0% used [0x00000000e9160000, 0x00000000e916d328, 0x00000000ea200000)
  to   space 17024K,   0% used [0x00000000ea200000, 0x00000000ea200000, 0x00000000eb2a0000)
 tenured generation   total 341376K, used 43895K [0x00000000eb2a0000, 0x0000000100000000, 0x0000000100000000)
   the space 341376K,  12% used [0x00000000eb2a0000, 0x00000000edd7dd20, 0x00000000edd7de00, 0x0000000100000000)
 Metaspace       used 35900K, capacity 36838K, committed 37120K, reserved 1081344K
  class space    used 4835K, capacity 5043K, committed 5120K, reserved 1048576K
