13:02:47,117 |-INFO in ch.qos.logback.classic.LoggerContext[default] - Could NOT find resource [logback-test.xml]
13:02:47,117 |-INFO in ch.qos.logback.classic.LoggerContext[default] - Could NOT find resource [logback.groovy]
13:02:47,117 |-INFO in ch.qos.logback.classic.LoggerContext[default] - Found resource [logback.xml] at [jar:file:/root/flamestream/lib/flamestream-runtime-1.0-SNAPSHOT.jar!/logback.xml]
13:02:47,118 |-WARN in ch.qos.logback.classic.LoggerContext[default] - Resource [logback.xml] occurs multiple times on the classpath.
13:02:47,118 |-WARN in ch.qos.logback.classic.LoggerContext[default] - Resource [logback.xml] occurs at [jar:file:/root/flamestream/lib/flamestream-runtime-1.0-SNAPSHOT.jar!/logback.xml]
13:02:47,118 |-WARN in ch.qos.logback.classic.LoggerContext[default] - Resource [logback.xml] occurs at [jar:file:/root/flamestream/flamestream-runtime-1.0-SNAPSHOT.jar!/logback.xml]
13:02:47,139 |-INFO in ch.qos.logback.core.joran.spi.ConfigurationWatchList@3fb6a447 - URL [jar:file:/root/flamestream/lib/flamestream-runtime-1.0-SNAPSHOT.jar!/logback.xml] is not of type file
13:02:47,211 |-INFO in ch.qos.logback.classic.joran.action.ConfigurationAction - debug attribute not set
13:02:47,212 |-INFO in ch.qos.logback.core.joran.action.AppenderAction - About to instantiate appender of type [ch.qos.logback.core.ConsoleAppender]
13:02:47,227 |-INFO in ch.qos.logback.core.joran.action.AppenderAction - Naming appender as [STDOUT]
13:02:47,248 |-INFO in ch.qos.logback.core.joran.action.NestedComplexPropertyIA - Assuming default type [ch.qos.logback.classic.encoder.PatternLayoutEncoder] for [encoder] property
13:02:47,353 |-INFO in ch.qos.logback.core.joran.action.AppenderAction - About to instantiate appender of type [ch.qos.logback.core.rolling.RollingFileAppender]
13:02:47,362 |-INFO in ch.qos.logback.core.joran.action.AppenderAction - Naming appender as [FILE]
13:02:47,392 |-INFO in c.q.l.core.rolling.TimeBasedRollingPolicy@127618319 - No compression will be used
13:02:47,393 |-INFO in c.q.l.core.rolling.TimeBasedRollingPolicy@127618319 - Will use the pattern /tmp/application_%d{yyyy-MM-dd}.%i.log for the active file
13:02:47,396 |-INFO in ch.qos.logback.core.rolling.SizeAndTimeBasedFNATP@6b2fad11 - The date pattern is 'yyyy-MM-dd' from file name pattern '/tmp/application_%d{yyyy-MM-dd}.%i.log'.
13:02:47,396 |-INFO in ch.qos.logback.core.rolling.SizeAndTimeBasedFNATP@6b2fad11 - Roll-over at midnight.
13:02:47,404 |-INFO in ch.qos.logback.core.rolling.SizeAndTimeBasedFNATP@6b2fad11 - Setting initial period to Mon Jun 10 13:01:20 UTC 2019
13:02:47,405 |-WARN in ch.qos.logback.core.rolling.SizeAndTimeBasedFNATP@6b2fad11 - SizeAndTimeBasedFNATP is deprecated. Use SizeAndTimeBasedRollingPolicy instead
13:02:47,405 |-WARN in ch.qos.logback.core.rolling.SizeAndTimeBasedFNATP@6b2fad11 - For more information see http://logback.qos.ch/manual/appenders.html#SizeAndTimeBasedRollingPolicy
13:02:47,409 |-INFO in ch.qos.logback.core.joran.action.NestedComplexPropertyIA - Assuming default type [ch.qos.logback.classic.encoder.PatternLayoutEncoder] for [encoder] property
13:02:47,414 |-INFO in ch.qos.logback.core.rolling.RollingFileAppender[FILE] - Active log file name: /tmp/application.log
13:02:47,414 |-INFO in ch.qos.logback.core.rolling.RollingFileAppender[FILE] - File property is set to [/tmp/application.log]
13:02:47,417 |-INFO in ch.qos.logback.classic.joran.action.RootLoggerAction - Setting level of ROOT logger to WARN
13:02:47,417 |-INFO in ch.qos.logback.core.joran.action.AppenderRefAction - Attaching appender named [STDOUT] to Logger[ROOT]
13:02:47,419 |-INFO in ch.qos.logback.core.joran.action.AppenderRefAction - Attaching appender named [FILE] to Logger[ROOT]
13:02:47,419 |-INFO in ch.qos.logback.classic.joran.action.ConfigurationAction - End of configuration.
13:02:47,420 |-INFO in ch.qos.logback.classic.joran.JoranConfigurator@79698539 - Registering current configuration as safe fallback point

Ama winner
Ama winner
2019-06-10T13:02:48.765+0000: 1.840: [Full GC (Metadata GC Threshold) 2019-06-10T13:02:48.765+0000: 1.840: [Tenured: 0K->15176K(341376K), 0.0418491 secs] 114987K->15176K(494976K), [Metaspace: 20735K->20735K(1067008K)], 0.0419279 secs] [Times: user=0.04 sys=0.00, real=0.04 secs] 
13:03:05.860 [Curator-PathChildrenCache-1] WARN  o.a.c.u.ZKPaths  - The version of ZooKeeper being used doesn't support Container nodes. CreateMode.PERSISTENT will be used instead.
2019-06-10T13:03:08.363+0000: 21.438: [GC (Allocation Failure) 2019-06-10T13:03:08.363+0000: 21.438: [DefNew: 136576K->17023K(153600K), 0.0325520 secs] 151752K->52689K(494976K), 0.0326230 secs] [Times: user=0.03 sys=0.01, real=0.03 secs] 
2019-06-10T13:03:09.643+0000: 22.718: [Full GC (Metadata GC Threshold) 2019-06-10T13:03:09.643+0000: 22.718: [Tenured: 35665K->44446K(341376K), 0.0387680 secs] 79426K->44446K(494976K), [Metaspace: 34577K->34577K(1079296K)], 0.0388379 secs] [Times: user=0.03 sys=0.00, real=0.03 secs] 
2019-06-10T13:03:19.297+0000: 32.372: [GC (Allocation Failure) 2019-06-10T13:03:19.297+0000: 32.372: [DefNew: 136576K->68K(153600K), 0.0018559 secs] 181022K->44514K(494976K), 0.0019263 secs] [Times: user=0.00 sys=0.00, real=0.00 secs] 
2019-06-10T13:03:29.103+0000: 42.178: [GC (Allocation Failure) 2019-06-10T13:03:29.103+0000: 42.178: [DefNew: 136644K->75K(153600K), 0.0017632 secs] 181090K->44521K(494976K), 0.0018250 secs] [Times: user=0.00 sys=0.00, real=0.00 secs] 
2019-06-10T13:03:38.998+0000: 52.073: [GC (Allocation Failure) 2019-06-10T13:03:38.998+0000: 52.073: [DefNew: 136651K->69K(153600K), 0.0018010 secs] 181097K->44515K(494976K), 0.0018619 secs] [Times: user=0.00 sys=0.00, real=0.00 secs] 
2019-06-10T13:03:48.938+0000: 62.013: [GC (Allocation Failure) 2019-06-10T13:03:48.938+0000: 62.013: [DefNew: 136645K->336K(153600K), 0.0023830 secs] 181091K->44782K(494976K), 0.0024439 secs] [Times: user=0.00 sys=0.00, real=0.00 secs] 
2019-06-10T13:04:01.009+0000: 74.084: [GC (Allocation Failure) 2019-06-10T13:04:01.009+0000: 74.084: [DefNew: 136912K->225K(153600K), 0.0021630 secs] 181358K->44672K(494976K), 0.0022248 secs] [Times: user=0.00 sys=0.00, real=0.01 secs] 
2019-06-10T13:04:13.123+0000: 86.198: [GC (Allocation Failure) 2019-06-10T13:04:13.123+0000: 86.198: [DefNew: 136801K->168K(153600K), 0.0019783 secs] 181248K->44615K(494976K), 0.0020404 secs] [Times: user=0.01 sys=0.00, real=0.00 secs] 
2019-06-10T13:04:35.913+0000: 108.988: [GC (Allocation Failure) 2019-06-10T13:04:35.913+0000: 108.988: [DefNew: 136744K->710K(153600K), 0.0033166 secs] 181191K->45156K(494976K), 0.0033660 secs] [Times: user=0.00 sys=0.00, real=0.00 secs] 
13:04:35.969 [Curator-PathChildrenCache-0] ERROR o.a.c.f.r.c.PathChildrenCache  - 
java.lang.IllegalStateException: instance must be started before calling this method
	at org.apache.curator.shaded.com.google.common.base.Preconditions.checkState(Preconditions.java:444)
	at org.apache.curator.framework.imps.CuratorFrameworkImpl.getChildren(CuratorFrameworkImpl.java:456)
	at org.apache.curator.framework.recipes.cache.PathChildrenCache.refresh(PathChildrenCache.java:521)
	at org.apache.curator.framework.recipes.cache.RefreshOperation.invoke(RefreshOperation.java:35)
	at org.apache.curator.framework.recipes.cache.PathChildrenCache$9.run(PathChildrenCache.java:786)
	at java.util.concurrent.Executors$RunnableAdapter.call(Executors.java:511)
	at java.util.concurrent.FutureTask.run(FutureTask.java:266)
	at java.util.concurrent.Executors$RunnableAdapter.call(Executors.java:511)
	at java.util.concurrent.FutureTask.run(FutureTask.java:266)
	at java.util.concurrent.ThreadPoolExecutor.runWorker(ThreadPoolExecutor.java:1149)
	at java.util.concurrent.ThreadPoolExecutor$Worker.run(ThreadPoolExecutor.java:624)
	at java.lang.Thread.run(Thread.java:748)
13:04:36.051 [worker-akka.actor.default-dispatcher-11] ERROR a.r.a.Association(akka://worker) akka.remote.artery.Association(akka://worker) - Outbound control stream to [akka://worker@10.0.0.40:5412] failed after shutdown. 
akka.remote.artery.Association$OutboundStreamStopQuarantinedSignal$: 
13:04:36.053 [worker-akka.actor.default-dispatcher-11] ERROR a.r.a.Association(akka://worker) akka.remote.artery.Association(akka://worker) - Outbound message stream to [akka://worker@10.0.0.40:5412] failed after shutdown. 
akka.remote.artery.Association$OutboundStreamStopQuarantinedSignal$: 
Heap
 def new generation   total 153600K, used 11754K [0x00000000e0c00000, 0x00000000eb2a0000, 0x00000000eb2a0000)
  eden space 136576K,   8% used [0x00000000e0c00000, 0x00000000e16c8fd0, 0x00000000e9160000)
  from space 17024K,   4% used [0x00000000e9160000, 0x00000000e9211928, 0x00000000ea200000)
  to   space 17024K,   0% used [0x00000000ea200000, 0x00000000ea200000, 0x00000000eb2a0000)
 tenured generation   total 341376K, used 44446K [0x00000000eb2a0000, 0x0000000100000000, 0x0000000100000000)
   the space 341376K,  13% used [0x00000000eb2a0000, 0x00000000ede07908, 0x00000000ede07a00, 0x0000000100000000)
 Metaspace       used 36251K, capacity 37130K, committed 37376K, reserved 1081344K
  class space    used 4878K, capacity 5075K, committed 5120K, reserved 1048576K
