11:56:53,007 |-INFO in ch.qos.logback.classic.LoggerContext[default] - Could NOT find resource [logback-test.xml]
11:56:53,007 |-INFO in ch.qos.logback.classic.LoggerContext[default] - Could NOT find resource [logback.groovy]
11:56:53,007 |-INFO in ch.qos.logback.classic.LoggerContext[default] - Found resource [logback.xml] at [jar:file:/home/nikitasokolov/flamestream/lib/flamestream-runtime-1.0-SNAPSHOT.jar!/logback.xml]
11:56:53,008 |-WARN in ch.qos.logback.classic.LoggerContext[default] - Resource [logback.xml] occurs multiple times on the classpath.
11:56:53,008 |-WARN in ch.qos.logback.classic.LoggerContext[default] - Resource [logback.xml] occurs at [jar:file:/home/nikitasokolov/flamestream/lib/flamestream-runtime-1.0-SNAPSHOT.jar!/logback.xml]
11:56:53,008 |-WARN in ch.qos.logback.classic.LoggerContext[default] - Resource [logback.xml] occurs at [jar:file:/home/nikitasokolov/flamestream/flamestream-runtime-1.0-SNAPSHOT.jar!/logback.xml]
11:56:53,025 |-INFO in ch.qos.logback.core.joran.spi.ConfigurationWatchList@6108b2d7 - URL [jar:file:/home/nikitasokolov/flamestream/lib/flamestream-runtime-1.0-SNAPSHOT.jar!/logback.xml] is not of type file
11:56:53,077 |-INFO in ch.qos.logback.classic.joran.action.ConfigurationAction - debug attribute not set
11:56:53,078 |-INFO in ch.qos.logback.core.joran.action.AppenderAction - About to instantiate appender of type [ch.qos.logback.core.ConsoleAppender]
11:56:53,089 |-INFO in ch.qos.logback.core.joran.action.AppenderAction - Naming appender as [STDOUT]
11:56:53,099 |-INFO in ch.qos.logback.core.joran.action.NestedComplexPropertyIA - Assuming default type [ch.qos.logback.classic.encoder.PatternLayoutEncoder] for [encoder] property
11:56:53,152 |-INFO in ch.qos.logback.core.joran.action.AppenderAction - About to instantiate appender of type [ch.qos.logback.core.rolling.RollingFileAppender]
11:56:53,158 |-INFO in ch.qos.logback.core.joran.action.AppenderAction - Naming appender as [FILE]
11:56:53,180 |-INFO in c.q.l.core.rolling.TimeBasedRollingPolicy@357863579 - No compression will be used
11:56:53,181 |-INFO in c.q.l.core.rolling.TimeBasedRollingPolicy@357863579 - Will use the pattern /tmp/application_%d{yyyy-MM-dd}.%i.log for the active file
11:56:53,184 |-INFO in ch.qos.logback.core.rolling.SizeAndTimeBasedFNATP@6bf256fa - The date pattern is 'yyyy-MM-dd' from file name pattern '/tmp/application_%d{yyyy-MM-dd}.%i.log'.
11:56:53,184 |-INFO in ch.qos.logback.core.rolling.SizeAndTimeBasedFNATP@6bf256fa - Roll-over at midnight.
11:56:53,187 |-INFO in ch.qos.logback.core.rolling.SizeAndTimeBasedFNATP@6bf256fa - Setting initial period to Sun Jun 09 11:56:04 MSK 2019
11:56:53,187 |-WARN in ch.qos.logback.core.rolling.SizeAndTimeBasedFNATP@6bf256fa - SizeAndTimeBasedFNATP is deprecated. Use SizeAndTimeBasedRollingPolicy instead
11:56:53,187 |-WARN in ch.qos.logback.core.rolling.SizeAndTimeBasedFNATP@6bf256fa - For more information see http://logback.qos.ch/manual/appenders.html#SizeAndTimeBasedRollingPolicy
11:56:53,192 |-INFO in ch.qos.logback.core.joran.action.NestedComplexPropertyIA - Assuming default type [ch.qos.logback.classic.encoder.PatternLayoutEncoder] for [encoder] property
11:56:53,194 |-INFO in ch.qos.logback.core.rolling.RollingFileAppender[FILE] - Active log file name: /tmp/application.log
11:56:53,194 |-INFO in ch.qos.logback.core.rolling.RollingFileAppender[FILE] - File property is set to [/tmp/application.log]
11:56:53,195 |-INFO in ch.qos.logback.classic.joran.action.RootLoggerAction - Setting level of ROOT logger to WARN
11:56:53,195 |-INFO in ch.qos.logback.core.joran.action.AppenderRefAction - Attaching appender named [STDOUT] to Logger[ROOT]
11:56:53,196 |-INFO in ch.qos.logback.core.joran.action.AppenderRefAction - Attaching appender named [FILE] to Logger[ROOT]
11:56:53,196 |-INFO in ch.qos.logback.classic.joran.action.ConfigurationAction - End of configuration.
11:56:53,196 |-INFO in ch.qos.logback.classic.joran.JoranConfigurator@6cd8737 - Registering current configuration as safe fallback point

2019-06-09T11:56:54.161+0300: 1.358: [GC (Metadata GC Threshold) [PSYoungGen: 110722K->15947K(149504K)] 110722K->16027K(491008K), 0.0200928 secs] [Times: user=0.11 sys=0.01, real=0.02 secs] 
2019-06-09T11:56:54.181+0300: 1.378: [Full GC (Metadata GC Threshold) [PSYoungGen: 15947K->0K(149504K)] [ParOldGen: 80K->15078K(341504K)] 16027K->15078K(491008K), [Metaspace: 20800K->20800K(1067008K)], 0.0274207 secs] [Times: user=0.18 sys=0.01, real=0.02 secs] 
11:57:07.549 [Curator-PathChildrenCache-1] WARN  o.a.c.u.ZKPaths  - The version of ZooKeeper being used doesn't support Container nodes. CreateMode.PERSISTENT will be used instead.
2019-06-09T11:57:08.396+0300: 15.593: [GC (Metadata GC Threshold) [PSYoungGen: 122829K->15847K(149504K)] 137907K->50465K(491008K), 0.0277190 secs] [Times: user=0.24 sys=0.02, real=0.03 secs] 
2019-06-09T11:57:08.424+0300: 15.621: [Full GC (Metadata GC Threshold) [PSYoungGen: 15847K->0K(149504K)] [ParOldGen: 34617K->38854K(341504K)] 50465K->38854K(491008K), [Metaspace: 34552K->34552K(1079296K)], 0.0370317 secs] [Times: user=0.19 sys=0.01, real=0.04 secs] 
2019-06-09T11:57:10.720+0300: 17.917: [GC (Allocation Failure) [PSYoungGen: 128512K->512K(149504K)] 167366K->39374K(491008K), 0.0033131 secs] [Times: user=0.01 sys=0.01, real=0.00 secs] 
2019-06-09T11:57:12.808+0300: 20.004: [GC (Allocation Failure) [PSYoungGen: 129024K->480K(149504K)] 167886K->39350K(491008K), 0.0045669 secs] [Times: user=0.04 sys=0.00, real=0.01 secs] 
2019-06-09T11:57:14.529+0300: 21.725: [GC (Allocation Failure) [PSYoungGen: 128992K->608K(129536K)] 167862K->39478K(471040K), 0.0029558 secs] [Times: user=0.01 sys=0.00, real=0.01 secs] 
2019-06-09T11:57:16.344+0300: 23.541: [GC (Allocation Failure) [PSYoungGen: 129120K->576K(150016K)] 167990K->39446K(491520K), 0.0046962 secs] [Times: user=0.02 sys=0.00, real=0.00 secs] 
2019-06-09T11:57:18.230+0300: 25.427: [GC (Allocation Failure) [PSYoungGen: 129088K->736K(148992K)] 167958K->39606K(490496K), 0.0039571 secs] [Times: user=0.01 sys=0.01, real=0.00 secs] 
2019-06-09T11:57:19.894+0300: 27.091: [GC (Allocation Failure) [PSYoungGen: 129248K->704K(151552K)] 168118K->39582K(493056K), 0.0025891 secs] [Times: user=0.01 sys=0.00, real=0.00 secs] 
2019-06-09T11:57:21.676+0300: 28.873: [GC (Allocation Failure) [PSYoungGen: 132800K->672K(151040K)] 171678K->39558K(492544K), 0.0025191 secs] [Times: user=0.01 sys=0.01, real=0.01 secs] 
2019-06-09T11:57:23.509+0300: 30.706: [GC (Allocation Failure) [PSYoungGen: 132768K->768K(153088K)] 171654K->39662K(494592K), 0.0043541 secs] [Times: user=0.02 sys=0.00, real=0.01 secs] 
2019-06-09T11:57:24.908+0300: 32.105: [GC (Allocation Failure) [PSYoungGen: 135936K->608K(152576K)] 174830K->39502K(494080K), 0.0032634 secs] [Times: user=0.01 sys=0.00, real=0.01 secs] 
11:57:36.953 [Curator-PathChildrenCache-0] ERROR o.a.c.f.r.c.PathChildrenCache  - 
java.lang.IllegalStateException: instance must be started before calling this method
	at org.apache.curator.shaded.com.google.common.base.Preconditions.checkState(Preconditions.java:444)
	at org.apache.curator.framework.imps.CuratorFrameworkImpl.getChildren(CuratorFrameworkImpl.java:456)
	at org.apache.curator.framework.recipes.cache.PathChildrenCache.refresh(PathChildrenCache.java:521)
	at org.apache.curator.framework.recipes.cache.RefreshOperation.invoke(RefreshOperation.java:35)
	at org.apache.curator.framework.recipes.cache.PathChildrenCache$9.run(PathChildrenCache.java:786)
	at java.util.concurrent.Executors$RunnableAdapter.call(Executors.java:511)
	at java.util.concurrent.FutureTask.run(FutureTask.java:266)
	at java.util.concurrent.Executors$RunnableAdapter.call(Executors.java:511)
	at java.util.concurrent.FutureTask.run(FutureTask.java:266)
	at java.util.concurrent.ThreadPoolExecutor.runWorker(ThreadPoolExecutor.java:1149)
	at java.util.concurrent.ThreadPoolExecutor$Worker.run(ThreadPoolExecutor.java:624)
	at java.lang.Thread.run(Thread.java:748)
Heap
 PSYoungGen      total 152576K, used 129715K [0x00000000f5980000, 0x0000000100000000, 0x0000000100000000)
  eden space 135168K, 95% used [0x00000000f5980000,0x00000000fd794d28,0x00000000fdd80000)
  from space 17408K, 3% used [0x00000000fdd80000,0x00000000fde18050,0x00000000fee80000)
  to   space 16384K, 0% used [0x00000000ff000000,0x00000000ff000000,0x0000000100000000)
 ParOldGen       total 341504K, used 38894K [0x00000000e0c00000, 0x00000000f5980000, 0x00000000f5980000)
  object space 341504K, 11% used [0x00000000e0c00000,0x00000000e31fba38,0x00000000f5980000)
 Metaspace       used 35729K, capacity 36614K, committed 36952K, reserved 1081344K
  class space    used 4936K, capacity 5129K, committed 5248K, reserved 1048576K
