07:42:21,162 |-INFO in ch.qos.logback.classic.LoggerContext[default] - Could NOT find resource [logback-test.xml]
07:42:21,162 |-INFO in ch.qos.logback.classic.LoggerContext[default] - Could NOT find resource [logback.groovy]
07:42:21,163 |-INFO in ch.qos.logback.classic.LoggerContext[default] - Found resource [logback.xml] at [jar:file:/root/flamestream/lib/flamestream-runtime-1.0-SNAPSHOT.jar!/logback.xml]
07:42:21,163 |-WARN in ch.qos.logback.classic.LoggerContext[default] - Resource [logback.xml] occurs multiple times on the classpath.
07:42:21,163 |-WARN in ch.qos.logback.classic.LoggerContext[default] - Resource [logback.xml] occurs at [jar:file:/root/flamestream/lib/flamestream-runtime-1.0-SNAPSHOT.jar!/logback.xml]
07:42:21,163 |-WARN in ch.qos.logback.classic.LoggerContext[default] - Resource [logback.xml] occurs at [jar:file:/root/flamestream/flamestream-runtime-1.0-SNAPSHOT.jar!/logback.xml]
07:42:21,183 |-INFO in ch.qos.logback.core.joran.spi.ConfigurationWatchList@3fb6a447 - URL [jar:file:/root/flamestream/lib/flamestream-runtime-1.0-SNAPSHOT.jar!/logback.xml] is not of type file
07:42:21,253 |-INFO in ch.qos.logback.classic.joran.action.ConfigurationAction - debug attribute not set
07:42:21,253 |-INFO in ch.qos.logback.core.joran.action.AppenderAction - About to instantiate appender of type [ch.qos.logback.core.ConsoleAppender]
07:42:21,270 |-INFO in ch.qos.logback.core.joran.action.AppenderAction - Naming appender as [STDOUT]
07:42:21,288 |-INFO in ch.qos.logback.core.joran.action.NestedComplexPropertyIA - Assuming default type [ch.qos.logback.classic.encoder.PatternLayoutEncoder] for [encoder] property
07:42:21,376 |-INFO in ch.qos.logback.core.joran.action.AppenderAction - About to instantiate appender of type [ch.qos.logback.core.rolling.RollingFileAppender]
07:42:21,381 |-INFO in ch.qos.logback.core.joran.action.AppenderAction - Naming appender as [FILE]
07:42:21,413 |-INFO in c.q.l.core.rolling.TimeBasedRollingPolicy@127618319 - No compression will be used
07:42:21,414 |-INFO in c.q.l.core.rolling.TimeBasedRollingPolicy@127618319 - Will use the pattern /tmp/application_%d{yyyy-MM-dd}.%i.log for the active file
07:42:21,417 |-INFO in ch.qos.logback.core.rolling.SizeAndTimeBasedFNATP@6b2fad11 - The date pattern is 'yyyy-MM-dd' from file name pattern '/tmp/application_%d{yyyy-MM-dd}.%i.log'.
07:42:21,417 |-INFO in ch.qos.logback.core.rolling.SizeAndTimeBasedFNATP@6b2fad11 - Roll-over at midnight.
07:42:21,422 |-INFO in ch.qos.logback.core.rolling.SizeAndTimeBasedFNATP@6b2fad11 - Setting initial period to Tue Jun 11 07:41:02 UTC 2019
07:42:21,422 |-WARN in ch.qos.logback.core.rolling.SizeAndTimeBasedFNATP@6b2fad11 - SizeAndTimeBasedFNATP is deprecated. Use SizeAndTimeBasedRollingPolicy instead
07:42:21,422 |-WARN in ch.qos.logback.core.rolling.SizeAndTimeBasedFNATP@6b2fad11 - For more information see http://logback.qos.ch/manual/appenders.html#SizeAndTimeBasedRollingPolicy
07:42:21,426 |-INFO in ch.qos.logback.core.joran.action.NestedComplexPropertyIA - Assuming default type [ch.qos.logback.classic.encoder.PatternLayoutEncoder] for [encoder] property
07:42:21,431 |-INFO in ch.qos.logback.core.rolling.RollingFileAppender[FILE] - Active log file name: /tmp/application.log
07:42:21,431 |-INFO in ch.qos.logback.core.rolling.RollingFileAppender[FILE] - File property is set to [/tmp/application.log]
07:42:21,432 |-INFO in ch.qos.logback.classic.joran.action.RootLoggerAction - Setting level of ROOT logger to WARN
07:42:21,432 |-INFO in ch.qos.logback.core.joran.action.AppenderRefAction - Attaching appender named [STDOUT] to Logger[ROOT]
07:42:21,434 |-INFO in ch.qos.logback.core.joran.action.AppenderRefAction - Attaching appender named [FILE] to Logger[ROOT]
07:42:21,434 |-INFO in ch.qos.logback.classic.joran.action.ConfigurationAction - End of configuration.
07:42:21,434 |-INFO in ch.qos.logback.classic.joran.JoranConfigurator@79698539 - Registering current configuration as safe fallback point

Ama winner
Ama winner
2019-06-11T07:42:22.716+0000: 1.738: [Full GC (Metadata GC Threshold) 2019-06-11T07:42:22.716+0000: 1.738: [Tenured: 0K->15208K(341376K), 0.0395794 secs] 114987K->15208K(494976K), [Metaspace: 20733K->20733K(1067008K)], 0.0396446 secs] [Times: user=0.03 sys=0.01, real=0.04 secs] 
07:42:36.017 [Curator-PathChildrenCache-1] WARN  o.a.c.u.ZKPaths  - The version of ZooKeeper being used doesn't support Container nodes. CreateMode.PERSISTENT will be used instead.
2019-06-11T07:42:38.324+0000: 17.347: [GC (Allocation Failure) 2019-06-11T07:42:38.324+0000: 17.347: [DefNew: 136576K->17023K(153600K), 0.0274991 secs] 151784K->52533K(494976K), 0.0275752 secs] [Times: user=0.02 sys=0.01, real=0.03 secs] 
2019-06-11T07:42:41.709+0000: 20.732: [Full GC (Metadata GC Threshold) 2019-06-11T07:42:41.709+0000: 20.732: [Tenured: 35509K->43847K(341376K), 0.0475053 secs] 119693K->43847K(494976K), [Metaspace: 34604K->34604K(1079296K)], 0.0475777 secs] [Times: user=0.05 sys=0.00, real=0.05 secs] 
2019-06-11T07:42:48.367+0000: 27.390: [GC (Allocation Failure) 2019-06-11T07:42:48.367+0000: 27.390: [DefNew: 136576K->54K(153600K), 0.0017311 secs] 180423K->43901K(494976K), 0.0017979 secs] [Times: user=0.00 sys=0.00, real=0.00 secs] 
2019-06-11T07:42:54.930+0000: 33.953: [GC (Allocation Failure) 2019-06-11T07:42:54.930+0000: 33.953: [DefNew: 136630K->54K(153600K), 0.0016586 secs] 180477K->43902K(494976K), 0.0017259 secs] [Times: user=0.00 sys=0.00, real=0.00 secs] 
2019-06-11T07:43:01.655+0000: 40.678: [GC (Allocation Failure) 2019-06-11T07:43:01.655+0000: 40.678: [DefNew: 136630K->53K(153600K), 0.0016600 secs] 180478K->43901K(494976K), 0.0017210 secs] [Times: user=0.00 sys=0.00, real=0.00 secs] 
2019-06-11T07:43:08.390+0000: 47.413: [GC (Allocation Failure) 2019-06-11T07:43:08.390+0000: 47.413: [DefNew: 136629K->55K(153600K), 0.0017082 secs] 180477K->43902K(494976K), 0.0017694 secs] [Times: user=0.00 sys=0.00, real=0.00 secs] 
2019-06-11T07:43:15.684+0000: 54.707: [GC (Allocation Failure) 2019-06-11T07:43:15.684+0000: 54.707: [DefNew: 136631K->54K(153600K), 0.0016530 secs] 180478K->43902K(494976K), 0.0017128 secs] [Times: user=0.00 sys=0.00, real=0.00 secs] 
07:43:23.561 [Curator-PathChildrenCache-0] ERROR o.a.c.f.r.c.PathChildrenCache  - 
java.lang.IllegalStateException: instance must be started before calling this method
	at org.apache.curator.shaded.com.google.common.base.Preconditions.checkState(Preconditions.java:444)
	at org.apache.curator.framework.imps.CuratorFrameworkImpl.getChildren(CuratorFrameworkImpl.java:456)
	at org.apache.curator.framework.recipes.cache.PathChildrenCache.refresh(PathChildrenCache.java:521)
	at org.apache.curator.framework.recipes.cache.RefreshOperation.invoke(RefreshOperation.java:35)
	at org.apache.curator.framework.recipes.cache.PathChildrenCache$9.run(PathChildrenCache.java:786)
	at java.util.concurrent.Executors$RunnableAdapter.call(Executors.java:511)
	at java.util.concurrent.FutureTask.run(FutureTask.java:266)
	at java.util.concurrent.Executors$RunnableAdapter.call(Executors.java:511)
	at java.util.concurrent.FutureTask.run(FutureTask.java:266)
	at java.util.concurrent.ThreadPoolExecutor.runWorker(ThreadPoolExecutor.java:1149)
	at java.util.concurrent.ThreadPoolExecutor$Worker.run(ThreadPoolExecutor.java:624)
	at java.lang.Thread.run(Thread.java:748)
Heap
 def new generation   total 153600K, used 64149K [0x00000000e0c00000, 0x00000000eb2a0000, 0x00000000eb2a0000)
  eden space 136576K,  46% used [0x00000000e0c00000, 0x00000000e4a97bc8, 0x00000000e9160000)
  from space 17024K,   0% used [0x00000000e9160000, 0x00000000e916da70, 0x00000000ea200000)
  to   space 17024K,   0% used [0x00000000ea200000, 0x00000000ea200000, 0x00000000eb2a0000)
 tenured generation   total 341376K, used 43847K [0x00000000eb2a0000, 0x0000000100000000, 0x0000000100000000)
   the space 341376K,  12% used [0x00000000eb2a0000, 0x00000000edd71e28, 0x00000000edd72000, 0x0000000100000000)
 Metaspace       used 36149K, capacity 37062K, committed 37376K, reserved 1081344K
  class space    used 4868K, capacity 5075K, committed 5120K, reserved 1048576K
