08:00:18,222 |-INFO in ch.qos.logback.classic.LoggerContext[default] - Could NOT find resource [logback-test.xml]
08:00:18,223 |-INFO in ch.qos.logback.classic.LoggerContext[default] - Could NOT find resource [logback.groovy]
08:00:18,223 |-INFO in ch.qos.logback.classic.LoggerContext[default] - Found resource [logback.xml] at [jar:file:/root/flamestream/lib/flamestream-runtime-1.0-SNAPSHOT.jar!/logback.xml]
08:00:18,228 |-WARN in ch.qos.logback.classic.LoggerContext[default] - Resource [logback.xml] occurs multiple times on the classpath.
08:00:18,228 |-WARN in ch.qos.logback.classic.LoggerContext[default] - Resource [logback.xml] occurs at [jar:file:/root/flamestream/lib/flamestream-runtime-1.0-SNAPSHOT.jar!/logback.xml]
08:00:18,228 |-WARN in ch.qos.logback.classic.LoggerContext[default] - Resource [logback.xml] occurs at [jar:file:/root/flamestream/flamestream-runtime-1.0-SNAPSHOT.jar!/logback.xml]
08:00:18,248 |-INFO in ch.qos.logback.core.joran.spi.ConfigurationWatchList@3fb6a447 - URL [jar:file:/root/flamestream/lib/flamestream-runtime-1.0-SNAPSHOT.jar!/logback.xml] is not of type file
08:00:18,317 |-INFO in ch.qos.logback.classic.joran.action.ConfigurationAction - debug attribute not set
08:00:18,318 |-INFO in ch.qos.logback.core.joran.action.AppenderAction - About to instantiate appender of type [ch.qos.logback.core.ConsoleAppender]
08:00:18,335 |-INFO in ch.qos.logback.core.joran.action.AppenderAction - Naming appender as [STDOUT]
08:00:18,349 |-INFO in ch.qos.logback.core.joran.action.NestedComplexPropertyIA - Assuming default type [ch.qos.logback.classic.encoder.PatternLayoutEncoder] for [encoder] property
08:00:18,457 |-INFO in ch.qos.logback.core.joran.action.AppenderAction - About to instantiate appender of type [ch.qos.logback.core.rolling.RollingFileAppender]
08:00:18,468 |-INFO in ch.qos.logback.core.joran.action.AppenderAction - Naming appender as [FILE]
08:00:18,497 |-INFO in c.q.l.core.rolling.TimeBasedRollingPolicy@127618319 - No compression will be used
08:00:18,498 |-INFO in c.q.l.core.rolling.TimeBasedRollingPolicy@127618319 - Will use the pattern /tmp/application_%d{yyyy-MM-dd}.%i.log for the active file
08:00:18,501 |-INFO in ch.qos.logback.core.rolling.SizeAndTimeBasedFNATP@6b2fad11 - The date pattern is 'yyyy-MM-dd' from file name pattern '/tmp/application_%d{yyyy-MM-dd}.%i.log'.
08:00:18,501 |-INFO in ch.qos.logback.core.rolling.SizeAndTimeBasedFNATP@6b2fad11 - Roll-over at midnight.
08:00:18,506 |-INFO in ch.qos.logback.core.rolling.SizeAndTimeBasedFNATP@6b2fad11 - Setting initial period to Tue Jun 11 07:58:57 UTC 2019
08:00:18,506 |-WARN in ch.qos.logback.core.rolling.SizeAndTimeBasedFNATP@6b2fad11 - SizeAndTimeBasedFNATP is deprecated. Use SizeAndTimeBasedRollingPolicy instead
08:00:18,506 |-WARN in ch.qos.logback.core.rolling.SizeAndTimeBasedFNATP@6b2fad11 - For more information see http://logback.qos.ch/manual/appenders.html#SizeAndTimeBasedRollingPolicy
08:00:18,510 |-INFO in ch.qos.logback.core.joran.action.NestedComplexPropertyIA - Assuming default type [ch.qos.logback.classic.encoder.PatternLayoutEncoder] for [encoder] property
08:00:18,515 |-INFO in ch.qos.logback.core.rolling.RollingFileAppender[FILE] - Active log file name: /tmp/application.log
08:00:18,515 |-INFO in ch.qos.logback.core.rolling.RollingFileAppender[FILE] - File property is set to [/tmp/application.log]
08:00:18,516 |-INFO in ch.qos.logback.classic.joran.action.RootLoggerAction - Setting level of ROOT logger to WARN
08:00:18,516 |-INFO in ch.qos.logback.core.joran.action.AppenderRefAction - Attaching appender named [STDOUT] to Logger[ROOT]
08:00:18,518 |-INFO in ch.qos.logback.core.joran.action.AppenderRefAction - Attaching appender named [FILE] to Logger[ROOT]
08:00:18,518 |-INFO in ch.qos.logback.classic.joran.action.ConfigurationAction - End of configuration.
08:00:18,519 |-INFO in ch.qos.logback.classic.joran.JoranConfigurator@79698539 - Registering current configuration as safe fallback point

Ama winner
Ama winner
2019-06-11T08:00:19.849+0000: 1.813: [Full GC (Metadata GC Threshold) 2019-06-11T08:00:19.849+0000: 1.813: [Tenured: 0K->15240K(341376K), 0.0399599 secs] 114987K->15240K(494976K), [Metaspace: 20734K->20734K(1067008K)], 0.0400252 secs] [Times: user=0.03 sys=0.00, real=0.04 secs] 
08:00:36.872 [Curator-PathChildrenCache-1] WARN  o.a.c.u.ZKPaths  - The version of ZooKeeper being used doesn't support Container nodes. CreateMode.PERSISTENT will be used instead.
2019-06-11T08:00:39.110+0000: 21.074: [GC (Allocation Failure) 2019-06-11T08:00:39.110+0000: 21.074: [DefNew: 136576K->17023K(153600K), 0.0265518 secs] 151816K->52776K(494976K), 0.0266289 secs] [Times: user=0.02 sys=0.01, real=0.03 secs] 
2019-06-11T08:00:42.938+0000: 24.903: [Full GC (Metadata GC Threshold) 2019-06-11T08:00:42.939+0000: 24.903: [Tenured: 35752K->44211K(341376K), 0.0530602 secs] 144358K->44211K(494976K), [Metaspace: 34589K->34589K(1079296K)], 0.0531498 secs] [Times: user=0.06 sys=0.00, real=0.05 secs] 
2019-06-11T08:00:48.436+0000: 30.401: [GC (Allocation Failure) 2019-06-11T08:00:48.436+0000: 30.401: [DefNew: 136576K->57K(153600K), 0.0018030 secs] 180787K->44269K(494976K), 0.0018615 secs] [Times: user=0.00 sys=0.01, real=0.00 secs] 
2019-06-11T08:00:53.858+0000: 35.822: [GC (Allocation Failure) 2019-06-11T08:00:53.858+0000: 35.822: [DefNew: 136633K->55K(153600K), 0.0016535 secs] 180845K->44267K(494976K), 0.0017152 secs] [Times: user=0.01 sys=0.00, real=0.00 secs] 
2019-06-11T08:00:59.361+0000: 41.326: [GC (Allocation Failure) 2019-06-11T08:00:59.361+0000: 41.326: [DefNew: 136631K->89K(153600K), 0.0015869 secs] 180843K->44301K(494976K), 0.0016453 secs] [Times: user=0.00 sys=0.00, real=0.00 secs] 
2019-06-11T08:01:04.902+0000: 46.866: [GC (Allocation Failure) 2019-06-11T08:01:04.902+0000: 46.866: [DefNew: 136665K->92K(153600K), 0.0016623 secs] 180877K->44303K(494976K), 0.0017338 secs] [Times: user=0.00 sys=0.00, real=0.00 secs] 
08:01:16.681 [Curator-PathChildrenCache-0] ERROR o.a.c.f.r.c.PathChildrenCache  - 
java.lang.IllegalStateException: instance must be started before calling this method
	at org.apache.curator.shaded.com.google.common.base.Preconditions.checkState(Preconditions.java:444)
	at org.apache.curator.framework.imps.CuratorFrameworkImpl.getChildren(CuratorFrameworkImpl.java:456)
	at org.apache.curator.framework.recipes.cache.PathChildrenCache.refresh(PathChildrenCache.java:521)
	at org.apache.curator.framework.recipes.cache.RefreshOperation.invoke(RefreshOperation.java:35)
	at org.apache.curator.framework.recipes.cache.PathChildrenCache$9.run(PathChildrenCache.java:786)
	at java.util.concurrent.Executors$RunnableAdapter.call(Executors.java:511)
	at java.util.concurrent.FutureTask.run(FutureTask.java:266)
	at java.util.concurrent.Executors$RunnableAdapter.call(Executors.java:511)
	at java.util.concurrent.FutureTask.run(FutureTask.java:266)
	at java.util.concurrent.ThreadPoolExecutor.runWorker(ThreadPoolExecutor.java:1149)
	at java.util.concurrent.ThreadPoolExecutor$Worker.run(ThreadPoolExecutor.java:624)
	at java.lang.Thread.run(Thread.java:748)
2019-06-11T08:01:17.938+0000: 59.902: [GC (Allocation Failure) 2019-06-11T08:01:17.938+0000: 59.902: [DefNew: 136668K->1075K(153600K), 0.0036909 secs] 180879K->45287K(494976K), 0.0037529 secs] [Times: user=0.01 sys=0.00, real=0.00 secs] 
Heap
 def new generation   total 153600K, used 3634K [0x00000000e0c00000, 0x00000000eb2a0000, 0x00000000eb2a0000)
  eden space 136576K,   1% used [0x00000000e0c00000, 0x00000000e0e7fb58, 0x00000000e9160000)
  from space 17024K,   6% used [0x00000000e9160000, 0x00000000e926cd68, 0x00000000ea200000)
  to   space 17024K,   0% used [0x00000000ea200000, 0x00000000ea200000, 0x00000000eb2a0000)
 tenured generation   total 341376K, used 44211K [0x00000000eb2a0000, 0x0000000100000000, 0x0000000100000000)
   the space 341376K,  12% used [0x00000000eb2a0000, 0x00000000eddccfa0, 0x00000000eddcd000, 0x0000000100000000)
 Metaspace       used 35803K, capacity 36704K, committed 36864K, reserved 1081344K
  class space    used 4824K, capacity 5042K, committed 5120K, reserved 1048576K
