13:14:49,244 |-INFO in ch.qos.logback.classic.LoggerContext[default] - Could NOT find resource [logback-test.xml]
13:14:49,244 |-INFO in ch.qos.logback.classic.LoggerContext[default] - Could NOT find resource [logback.groovy]
13:14:49,244 |-INFO in ch.qos.logback.classic.LoggerContext[default] - Found resource [logback.xml] at [jar:file:/root/flamestream/lib/flamestream-runtime-1.0-SNAPSHOT.jar!/logback.xml]
13:14:49,244 |-WARN in ch.qos.logback.classic.LoggerContext[default] - Resource [logback.xml] occurs multiple times on the classpath.
13:14:49,245 |-WARN in ch.qos.logback.classic.LoggerContext[default] - Resource [logback.xml] occurs at [jar:file:/root/flamestream/lib/flamestream-runtime-1.0-SNAPSHOT.jar!/logback.xml]
13:14:49,245 |-WARN in ch.qos.logback.classic.LoggerContext[default] - Resource [logback.xml] occurs at [jar:file:/root/flamestream/flamestream-runtime-1.0-SNAPSHOT.jar!/logback.xml]
13:14:49,264 |-INFO in ch.qos.logback.core.joran.spi.ConfigurationWatchList@3fb6a447 - URL [jar:file:/root/flamestream/lib/flamestream-runtime-1.0-SNAPSHOT.jar!/logback.xml] is not of type file
13:14:49,336 |-INFO in ch.qos.logback.classic.joran.action.ConfigurationAction - debug attribute not set
13:14:49,336 |-INFO in ch.qos.logback.core.joran.action.AppenderAction - About to instantiate appender of type [ch.qos.logback.core.ConsoleAppender]
13:14:49,349 |-INFO in ch.qos.logback.core.joran.action.AppenderAction - Naming appender as [STDOUT]
13:14:49,366 |-INFO in ch.qos.logback.core.joran.action.NestedComplexPropertyIA - Assuming default type [ch.qos.logback.classic.encoder.PatternLayoutEncoder] for [encoder] property
13:14:49,449 |-INFO in ch.qos.logback.core.joran.action.AppenderAction - About to instantiate appender of type [ch.qos.logback.core.rolling.RollingFileAppender]
13:14:49,462 |-INFO in ch.qos.logback.core.joran.action.AppenderAction - Naming appender as [FILE]
13:14:49,490 |-INFO in c.q.l.core.rolling.TimeBasedRollingPolicy@127618319 - No compression will be used
13:14:49,491 |-INFO in c.q.l.core.rolling.TimeBasedRollingPolicy@127618319 - Will use the pattern /tmp/application_%d{yyyy-MM-dd}.%i.log for the active file
13:14:49,494 |-INFO in ch.qos.logback.core.rolling.SizeAndTimeBasedFNATP@6b2fad11 - The date pattern is 'yyyy-MM-dd' from file name pattern '/tmp/application_%d{yyyy-MM-dd}.%i.log'.
13:14:49,494 |-INFO in ch.qos.logback.core.rolling.SizeAndTimeBasedFNATP@6b2fad11 - Roll-over at midnight.
13:14:49,499 |-INFO in ch.qos.logback.core.rolling.SizeAndTimeBasedFNATP@6b2fad11 - Setting initial period to Mon Jun 10 13:13:30 UTC 2019
13:14:49,500 |-WARN in ch.qos.logback.core.rolling.SizeAndTimeBasedFNATP@6b2fad11 - SizeAndTimeBasedFNATP is deprecated. Use SizeAndTimeBasedRollingPolicy instead
13:14:49,500 |-WARN in ch.qos.logback.core.rolling.SizeAndTimeBasedFNATP@6b2fad11 - For more information see http://logback.qos.ch/manual/appenders.html#SizeAndTimeBasedRollingPolicy
13:14:49,504 |-INFO in ch.qos.logback.core.joran.action.NestedComplexPropertyIA - Assuming default type [ch.qos.logback.classic.encoder.PatternLayoutEncoder] for [encoder] property
13:14:49,509 |-INFO in ch.qos.logback.core.rolling.RollingFileAppender[FILE] - Active log file name: /tmp/application.log
13:14:49,509 |-INFO in ch.qos.logback.core.rolling.RollingFileAppender[FILE] - File property is set to [/tmp/application.log]
13:14:49,510 |-INFO in ch.qos.logback.classic.joran.action.RootLoggerAction - Setting level of ROOT logger to WARN
13:14:49,510 |-INFO in ch.qos.logback.core.joran.action.AppenderRefAction - Attaching appender named [STDOUT] to Logger[ROOT]
13:14:49,512 |-INFO in ch.qos.logback.core.joran.action.AppenderRefAction - Attaching appender named [FILE] to Logger[ROOT]
13:14:49,512 |-INFO in ch.qos.logback.classic.joran.action.ConfigurationAction - End of configuration.
13:14:49,512 |-INFO in ch.qos.logback.classic.joran.JoranConfigurator@79698539 - Registering current configuration as safe fallback point

Ama winner
Ama winner
2019-06-10T13:14:50.778+0000: 1.719: [Full GC (Metadata GC Threshold) 2019-06-10T13:14:50.779+0000: 1.719: [Tenured: 0K->15206K(341376K), 0.0354806 secs] 114923K->15206K(494976K), [Metaspace: 20737K->20737K(1067008K)], 0.0355485 secs] [Times: user=0.03 sys=0.01, real=0.04 secs] 
13:15:12.320 [Curator-PathChildrenCache-2] WARN  o.a.c.u.ZKPaths  - The version of ZooKeeper being used doesn't support Container nodes. CreateMode.PERSISTENT will be used instead.
2019-06-10T13:15:14.586+0000: 25.527: [GC (Allocation Failure) 2019-06-10T13:15:14.587+0000: 25.527: [DefNew: 136573K->17023K(153600K), 0.0256912 secs] 151780K->53017K(494976K), 0.0257573 secs] [Times: user=0.01 sys=0.01, real=0.02 secs] 
2019-06-10T13:15:15.305+0000: 26.245: [Full GC (Metadata GC Threshold) 2019-06-10T13:15:15.305+0000: 26.245: [Tenured: 35993K->44722K(341376K), 0.0373053 secs] 73313K->44722K(494976K), [Metaspace: 34584K->34584K(1079296K)], 0.0373775 secs] [Times: user=0.03 sys=0.00, real=0.04 secs] 
2019-06-10T13:15:21.438+0000: 32.379: [GC (Allocation Failure) 2019-06-10T13:15:21.438+0000: 32.379: [DefNew: 136576K->227K(153600K), 0.0022690 secs] 181298K->44949K(494976K), 0.0023287 secs] [Times: user=0.00 sys=0.00, real=0.00 secs] 
2019-06-10T13:15:27.176+0000: 38.116: [GC (Allocation Failure) 2019-06-10T13:15:27.176+0000: 38.116: [DefNew: 136803K->225K(153600K), 0.0020149 secs] 181525K->44947K(494976K), 0.0021086 secs] [Times: user=0.01 sys=0.00, real=0.00 secs] 
2019-06-10T13:15:32.994+0000: 43.934: [GC (Allocation Failure) 2019-06-10T13:15:32.994+0000: 43.934: [DefNew: 136801K->231K(153600K), 0.0020768 secs] 181523K->44954K(494976K), 0.0021428 secs] [Times: user=0.00 sys=0.01, real=0.00 secs] 
2019-06-10T13:15:38.752+0000: 49.692: [GC (Allocation Failure) 2019-06-10T13:15:38.752+0000: 49.692: [DefNew: 136807K->230K(153600K), 0.0020496 secs] 181530K->44953K(494976K), 0.0021106 secs] [Times: user=0.01 sys=0.00, real=0.01 secs] 
2019-06-10T13:15:44.515+0000: 55.455: [GC (Allocation Failure) 2019-06-10T13:15:44.515+0000: 55.455: [DefNew: 136806K->229K(153600K), 0.0021081 secs] 181529K->44952K(494976K), 0.0021691 secs] [Times: user=0.00 sys=0.00, real=0.00 secs] 
2019-06-10T13:15:50.201+0000: 61.142: [GC (Allocation Failure) 2019-06-10T13:15:50.202+0000: 61.142: [DefNew: 136805K->229K(153600K), 0.0020894 secs] 181528K->44952K(494976K), 0.0021498 secs] [Times: user=0.00 sys=0.00, real=0.00 secs] 
2019-06-10T13:15:56.397+0000: 67.337: [GC (Allocation Failure) 2019-06-10T13:15:56.397+0000: 67.337: [DefNew: 136805K->603K(153600K), 0.0026186 secs] 181528K->45325K(494976K), 0.0026813 secs] [Times: user=0.01 sys=0.00, real=0.00 secs] 
2019-06-10T13:16:02.862+0000: 73.802: [GC (Allocation Failure) 2019-06-10T13:16:02.862+0000: 73.802: [DefNew: 137179K->359K(153600K), 0.0024706 secs] 181901K->45081K(494976K), 0.0025353 secs] [Times: user=0.00 sys=0.00, real=0.00 secs] 
2019-06-10T13:16:09.249+0000: 80.189: [GC (Allocation Failure) 2019-06-10T13:16:09.249+0000: 80.189: [DefNew: 136935K->353K(153600K), 0.0022772 secs] 181657K->45076K(494976K), 0.0023371 secs] [Times: user=0.01 sys=0.00, real=0.00 secs] 
13:16:22.355 [Curator-PathChildrenCache-0] ERROR o.a.c.f.r.c.PathChildrenCache  - 
java.lang.IllegalStateException: instance must be started before calling this method
	at org.apache.curator.shaded.com.google.common.base.Preconditions.checkState(Preconditions.java:444)
	at org.apache.curator.framework.imps.CuratorFrameworkImpl.getChildren(CuratorFrameworkImpl.java:456)
	at org.apache.curator.framework.recipes.cache.PathChildrenCache.refresh(PathChildrenCache.java:521)
	at org.apache.curator.framework.recipes.cache.RefreshOperation.invoke(RefreshOperation.java:35)
	at org.apache.curator.framework.recipes.cache.PathChildrenCache$9.run(PathChildrenCache.java:786)
	at java.util.concurrent.Executors$RunnableAdapter.call(Executors.java:511)
	at java.util.concurrent.FutureTask.run(FutureTask.java:266)
	at java.util.concurrent.Executors$RunnableAdapter.call(Executors.java:511)
	at java.util.concurrent.FutureTask.run(FutureTask.java:266)
	at java.util.concurrent.ThreadPoolExecutor.runWorker(ThreadPoolExecutor.java:1149)
	at java.util.concurrent.ThreadPoolExecutor$Worker.run(ThreadPoolExecutor.java:624)
	at java.lang.Thread.run(Thread.java:748)
Heap
 def new generation   total 153600K, used 104986K [0x00000000e0c00000, 0x00000000eb2a0000, 0x00000000eb2a0000)
  eden space 136576K,  76% used [0x00000000e0c00000, 0x00000000e722e4f8, 0x00000000e9160000)
  from space 17024K,   2% used [0x00000000e9160000, 0x00000000e91b8578, 0x00000000ea200000)
  to   space 17024K,   0% used [0x00000000ea200000, 0x00000000ea200000, 0x00000000eb2a0000)
 tenured generation   total 341376K, used 44722K [0x00000000eb2a0000, 0x0000000100000000, 0x0000000100000000)
   the space 341376K,  13% used [0x00000000eb2a0000, 0x00000000ede4ca90, 0x00000000ede4cc00, 0x0000000100000000)
 Metaspace       used 36266K, capacity 37253K, committed 37504K, reserved 1081344K
  class space    used 4899K, capacity 5123K, committed 5248K, reserved 1048576K
