07:11:48,883 |-INFO in ch.qos.logback.classic.LoggerContext[default] - Could NOT find resource [logback-test.xml]
07:11:48,883 |-INFO in ch.qos.logback.classic.LoggerContext[default] - Could NOT find resource [logback.groovy]
07:11:48,883 |-INFO in ch.qos.logback.classic.LoggerContext[default] - Found resource [logback.xml] at [jar:file:/root/flamestream/lib/flamestream-runtime-1.0-SNAPSHOT.jar!/logback.xml]
07:11:48,884 |-WARN in ch.qos.logback.classic.LoggerContext[default] - Resource [logback.xml] occurs multiple times on the classpath.
07:11:48,884 |-WARN in ch.qos.logback.classic.LoggerContext[default] - Resource [logback.xml] occurs at [jar:file:/root/flamestream/lib/flamestream-runtime-1.0-SNAPSHOT.jar!/logback.xml]
07:11:48,884 |-WARN in ch.qos.logback.classic.LoggerContext[default] - Resource [logback.xml] occurs at [jar:file:/root/flamestream/flamestream-runtime-1.0-SNAPSHOT.jar!/logback.xml]
07:11:48,907 |-INFO in ch.qos.logback.core.joran.spi.ConfigurationWatchList@3fb6a447 - URL [jar:file:/root/flamestream/lib/flamestream-runtime-1.0-SNAPSHOT.jar!/logback.xml] is not of type file
07:11:48,975 |-INFO in ch.qos.logback.classic.joran.action.ConfigurationAction - debug attribute not set
07:11:48,976 |-INFO in ch.qos.logback.core.joran.action.AppenderAction - About to instantiate appender of type [ch.qos.logback.core.ConsoleAppender]
07:11:48,991 |-INFO in ch.qos.logback.core.joran.action.AppenderAction - Naming appender as [STDOUT]
07:11:49,000 |-INFO in ch.qos.logback.core.joran.action.NestedComplexPropertyIA - Assuming default type [ch.qos.logback.classic.encoder.PatternLayoutEncoder] for [encoder] property
07:11:49,100 |-INFO in ch.qos.logback.core.joran.action.AppenderAction - About to instantiate appender of type [ch.qos.logback.core.rolling.RollingFileAppender]
07:11:49,111 |-INFO in ch.qos.logback.core.joran.action.AppenderAction - Naming appender as [FILE]
07:11:49,141 |-INFO in c.q.l.core.rolling.TimeBasedRollingPolicy@127618319 - No compression will be used
07:11:49,142 |-INFO in c.q.l.core.rolling.TimeBasedRollingPolicy@127618319 - Will use the pattern /tmp/application_%d{yyyy-MM-dd}.%i.log for the active file
07:11:49,145 |-INFO in ch.qos.logback.core.rolling.SizeAndTimeBasedFNATP@6b2fad11 - The date pattern is 'yyyy-MM-dd' from file name pattern '/tmp/application_%d{yyyy-MM-dd}.%i.log'.
07:11:49,145 |-INFO in ch.qos.logback.core.rolling.SizeAndTimeBasedFNATP@6b2fad11 - Roll-over at midnight.
07:11:49,151 |-INFO in ch.qos.logback.core.rolling.SizeAndTimeBasedFNATP@6b2fad11 - Setting initial period to Tue Jun 11 07:10:19 UTC 2019
07:11:49,151 |-WARN in ch.qos.logback.core.rolling.SizeAndTimeBasedFNATP@6b2fad11 - SizeAndTimeBasedFNATP is deprecated. Use SizeAndTimeBasedRollingPolicy instead
07:11:49,151 |-WARN in ch.qos.logback.core.rolling.SizeAndTimeBasedFNATP@6b2fad11 - For more information see http://logback.qos.ch/manual/appenders.html#SizeAndTimeBasedRollingPolicy
07:11:49,155 |-INFO in ch.qos.logback.core.joran.action.NestedComplexPropertyIA - Assuming default type [ch.qos.logback.classic.encoder.PatternLayoutEncoder] for [encoder] property
07:11:49,160 |-INFO in ch.qos.logback.core.rolling.RollingFileAppender[FILE] - Active log file name: /tmp/application.log
07:11:49,160 |-INFO in ch.qos.logback.core.rolling.RollingFileAppender[FILE] - File property is set to [/tmp/application.log]
07:11:49,161 |-INFO in ch.qos.logback.classic.joran.action.RootLoggerAction - Setting level of ROOT logger to WARN
07:11:49,163 |-INFO in ch.qos.logback.core.joran.action.AppenderRefAction - Attaching appender named [STDOUT] to Logger[ROOT]
07:11:49,164 |-INFO in ch.qos.logback.core.joran.action.AppenderRefAction - Attaching appender named [FILE] to Logger[ROOT]
07:11:49,164 |-INFO in ch.qos.logback.classic.joran.action.ConfigurationAction - End of configuration.
07:11:49,165 |-INFO in ch.qos.logback.classic.joran.JoranConfigurator@79698539 - Registering current configuration as safe fallback point

Ama winner
Ama winner
2019-06-11T07:11:50.460+0000: 1.760: [Full GC (Metadata GC Threshold) 2019-06-11T07:11:50.460+0000: 1.760: [Tenured: 0K->15143K(341376K), 0.0353423 secs] 114987K->15143K(494976K), [Metaspace: 20727K->20727K(1067008K)], 0.0354076 secs] [Times: user=0.03 sys=0.00, real=0.03 secs] 
07:12:16.387 [Curator-PathChildrenCache-1] WARN  o.a.c.u.ZKPaths  - The version of ZooKeeper being used doesn't support Container nodes. CreateMode.PERSISTENT will be used instead.
2019-06-11T07:12:18.596+0000: 29.896: [GC (Allocation Failure) 2019-06-11T07:12:18.596+0000: 29.896: [DefNew: 136576K->17023K(153600K), 0.0309200 secs] 151719K->52551K(494976K), 0.0310004 secs] [Times: user=0.01 sys=0.01, real=0.03 secs] 
2019-06-11T07:12:19.933+0000: 31.233: [Full GC (Metadata GC Threshold) 2019-06-11T07:12:19.933+0000: 31.233: [Tenured: 35527K->44056K(341376K), 0.0424017 secs] 87798K->44056K(494976K), [Metaspace: 34596K->34596K(1079296K)], 0.0424888 secs] [Times: user=0.04 sys=0.00, real=0.04 secs] 
2019-06-11T07:12:25.192+0000: 36.492: [GC (Allocation Failure) 2019-06-11T07:12:25.192+0000: 36.493: [DefNew: 136576K->65K(153600K), 0.0018613 secs] 180632K->44122K(494976K), 0.0019237 secs] [Times: user=0.01 sys=0.00, real=0.00 secs] 
2019-06-11T07:12:30.617+0000: 41.917: [GC (Allocation Failure) 2019-06-11T07:12:30.617+0000: 41.917: [DefNew: 136641K->67K(153600K), 0.0017325 secs] 180698K->44124K(494976K), 0.0017913 secs] [Times: user=0.00 sys=0.00, real=0.00 secs] 
2019-06-11T07:12:36.019+0000: 47.320: [GC (Allocation Failure) 2019-06-11T07:12:36.019+0000: 47.320: [DefNew: 136643K->69K(153600K), 0.0018358 secs] 180700K->44125K(494976K), 0.0019108 secs] [Times: user=0.00 sys=0.00, real=0.00 secs] 
2019-06-11T07:12:41.426+0000: 52.727: [GC (Allocation Failure) 2019-06-11T07:12:41.426+0000: 52.727: [DefNew: 136645K->73K(153600K), 0.0017811 secs] 180701K->44130K(494976K), 0.0018508 secs] [Times: user=0.00 sys=0.00, real=0.00 secs] 
2019-06-11T07:12:46.867+0000: 58.168: [GC (Allocation Failure) 2019-06-11T07:12:46.867+0000: 58.168: [DefNew: 136649K->70K(153600K), 0.0017812 secs] 180706K->44127K(494976K), 0.0018501 secs] [Times: user=0.01 sys=0.00, real=0.01 secs] 
07:12:56.128 [Curator-PathChildrenCache-0] ERROR o.a.c.f.r.c.PathChildrenCache  - 
java.lang.IllegalStateException: instance must be started before calling this method
	at org.apache.curator.shaded.com.google.common.base.Preconditions.checkState(Preconditions.java:444)
	at org.apache.curator.framework.imps.CuratorFrameworkImpl.getChildren(CuratorFrameworkImpl.java:456)
	at org.apache.curator.framework.recipes.cache.PathChildrenCache.refresh(PathChildrenCache.java:521)
	at org.apache.curator.framework.recipes.cache.RefreshOperation.invoke(RefreshOperation.java:35)
	at org.apache.curator.framework.recipes.cache.PathChildrenCache$9.run(PathChildrenCache.java:786)
	at java.util.concurrent.Executors$RunnableAdapter.call(Executors.java:511)
	at java.util.concurrent.FutureTask.run(FutureTask.java:266)
	at java.util.concurrent.Executors$RunnableAdapter.call(Executors.java:511)
	at java.util.concurrent.FutureTask.run(FutureTask.java:266)
	at java.util.concurrent.ThreadPoolExecutor.runWorker(ThreadPoolExecutor.java:1149)
	at java.util.concurrent.ThreadPoolExecutor$Worker.run(ThreadPoolExecutor.java:624)
	at java.lang.Thread.run(Thread.java:748)
Heap
 def new generation   total 153600K, used 67442K [0x00000000e0c00000, 0x00000000eb2a0000, 0x00000000eb2a0000)
  eden space 136576K,  49% used [0x00000000e0c00000, 0x00000000e4dcb040, 0x00000000e9160000)
  from space 17024K,   0% used [0x00000000e9160000, 0x00000000e9171b78, 0x00000000ea200000)
  to   space 17024K,   0% used [0x00000000ea200000, 0x00000000ea200000, 0x00000000eb2a0000)
 tenured generation   total 341376K, used 44056K [0x00000000eb2a0000, 0x0000000100000000, 0x0000000100000000)
   the space 341376K,  12% used [0x00000000eb2a0000, 0x00000000edda6258, 0x00000000edda6400, 0x0000000100000000)
 Metaspace       used 36166K, capacity 37094K, committed 37376K, reserved 1081344K
  class space    used 4882K, capacity 5081K, committed 5120K, reserved 1048576K
