19:05:58,187 |-INFO in ch.qos.logback.classic.LoggerContext[default] - Could NOT find resource [logback-test.xml]
19:05:58,187 |-INFO in ch.qos.logback.classic.LoggerContext[default] - Could NOT find resource [logback.groovy]
19:05:58,187 |-INFO in ch.qos.logback.classic.LoggerContext[default] - Found resource [logback.xml] at [jar:file:/root/flamestream/lib/flamestream-runtime-1.0-SNAPSHOT.jar!/logback.xml]
19:05:58,188 |-WARN in ch.qos.logback.classic.LoggerContext[default] - Resource [logback.xml] occurs multiple times on the classpath.
19:05:58,188 |-WARN in ch.qos.logback.classic.LoggerContext[default] - Resource [logback.xml] occurs at [jar:file:/root/flamestream/lib/flamestream-runtime-1.0-SNAPSHOT.jar!/logback.xml]
19:05:58,188 |-WARN in ch.qos.logback.classic.LoggerContext[default] - Resource [logback.xml] occurs at [jar:file:/root/flamestream/flamestream-runtime-1.0-SNAPSHOT.jar!/logback.xml]
19:05:58,207 |-INFO in ch.qos.logback.core.joran.spi.ConfigurationWatchList@3fb6a447 - URL [jar:file:/root/flamestream/lib/flamestream-runtime-1.0-SNAPSHOT.jar!/logback.xml] is not of type file
19:05:58,280 |-INFO in ch.qos.logback.classic.joran.action.ConfigurationAction - debug attribute not set
19:05:58,281 |-INFO in ch.qos.logback.core.joran.action.AppenderAction - About to instantiate appender of type [ch.qos.logback.core.ConsoleAppender]
19:05:58,295 |-INFO in ch.qos.logback.core.joran.action.AppenderAction - Naming appender as [STDOUT]
19:05:58,312 |-INFO in ch.qos.logback.core.joran.action.NestedComplexPropertyIA - Assuming default type [ch.qos.logback.classic.encoder.PatternLayoutEncoder] for [encoder] property
19:05:58,402 |-INFO in ch.qos.logback.core.joran.action.AppenderAction - About to instantiate appender of type [ch.qos.logback.core.rolling.RollingFileAppender]
19:05:58,407 |-INFO in ch.qos.logback.core.joran.action.AppenderAction - Naming appender as [FILE]
19:05:58,436 |-INFO in c.q.l.core.rolling.TimeBasedRollingPolicy@127618319 - No compression will be used
19:05:58,438 |-INFO in c.q.l.core.rolling.TimeBasedRollingPolicy@127618319 - Will use the pattern /tmp/application_%d{yyyy-MM-dd}.%i.log for the active file
19:05:58,441 |-INFO in ch.qos.logback.core.rolling.SizeAndTimeBasedFNATP@6b2fad11 - The date pattern is 'yyyy-MM-dd' from file name pattern '/tmp/application_%d{yyyy-MM-dd}.%i.log'.
19:05:58,441 |-INFO in ch.qos.logback.core.rolling.SizeAndTimeBasedFNATP@6b2fad11 - Roll-over at midnight.
19:05:58,446 |-INFO in ch.qos.logback.core.rolling.SizeAndTimeBasedFNATP@6b2fad11 - Setting initial period to Mon Jun 10 19:04:27 UTC 2019
19:05:58,446 |-WARN in ch.qos.logback.core.rolling.SizeAndTimeBasedFNATP@6b2fad11 - SizeAndTimeBasedFNATP is deprecated. Use SizeAndTimeBasedRollingPolicy instead
19:05:58,446 |-WARN in ch.qos.logback.core.rolling.SizeAndTimeBasedFNATP@6b2fad11 - For more information see http://logback.qos.ch/manual/appenders.html#SizeAndTimeBasedRollingPolicy
19:05:58,450 |-INFO in ch.qos.logback.core.joran.action.NestedComplexPropertyIA - Assuming default type [ch.qos.logback.classic.encoder.PatternLayoutEncoder] for [encoder] property
19:05:58,455 |-INFO in ch.qos.logback.core.rolling.RollingFileAppender[FILE] - Active log file name: /tmp/application.log
19:05:58,455 |-INFO in ch.qos.logback.core.rolling.RollingFileAppender[FILE] - File property is set to [/tmp/application.log]
19:05:58,456 |-INFO in ch.qos.logback.classic.joran.action.RootLoggerAction - Setting level of ROOT logger to WARN
19:05:58,456 |-INFO in ch.qos.logback.core.joran.action.AppenderRefAction - Attaching appender named [STDOUT] to Logger[ROOT]
19:05:58,458 |-INFO in ch.qos.logback.core.joran.action.AppenderRefAction - Attaching appender named [FILE] to Logger[ROOT]
19:05:58,458 |-INFO in ch.qos.logback.classic.joran.action.ConfigurationAction - End of configuration.
19:05:58,458 |-INFO in ch.qos.logback.classic.joran.JoranConfigurator@79698539 - Registering current configuration as safe fallback point

Ama winner
Ama winner
2019-06-10T19:05:59.747+0000: 1.746: [Full GC (Metadata GC Threshold) 2019-06-10T19:05:59.747+0000: 1.746: [Tenured: 0K->15208K(341376K), 0.0383793 secs] 114987K->15208K(494976K), [Metaspace: 20735K->20735K(1067008K)], 0.0384435 secs] [Times: user=0.03 sys=0.00, real=0.04 secs] 
19:06:19.577 [Curator-PathChildrenCache-1] WARN  o.a.c.u.ZKPaths  - The version of ZooKeeper being used doesn't support Container nodes. CreateMode.PERSISTENT will be used instead.
2019-06-10T19:06:21.894+0000: 23.893: [GC (Allocation Failure) 2019-06-10T19:06:21.894+0000: 23.893: [DefNew: 136576K->17023K(153600K), 0.0309346 secs] 151784K->52606K(494976K), 0.0310148 secs] [Times: user=0.02 sys=0.01, real=0.03 secs] 
2019-06-10T19:06:24.274+0000: 26.273: [Full GC (Metadata GC Threshold) 2019-06-10T19:06:24.274+0000: 26.273: [Tenured: 35582K->43983K(341376K), 0.0428629 secs] 94843K->43983K(494976K), [Metaspace: 34577K->34577K(1079296K)], 0.0429527 secs] [Times: user=0.04 sys=0.00, real=0.05 secs] 
2019-06-10T19:06:31.862+0000: 33.861: [GC (Allocation Failure) 2019-06-10T19:06:31.862+0000: 33.862: [DefNew: 136576K->56K(153600K), 0.0017870 secs] 180559K->44040K(494976K), 0.0018491 secs] [Times: user=0.00 sys=0.00, real=0.00 secs] 
2019-06-10T19:06:39.678+0000: 41.677: [GC (Allocation Failure) 2019-06-10T19:06:39.678+0000: 41.677: [DefNew: 136632K->55K(153600K), 0.0016506 secs] 180616K->44039K(494976K), 0.0017169 secs] [Times: user=0.01 sys=0.00, real=0.00 secs] 
2019-06-10T19:06:47.529+0000: 49.529: [GC (Allocation Failure) 2019-06-10T19:06:47.529+0000: 49.529: [DefNew: 136631K->56K(153600K), 0.0016586 secs] 180615K->44040K(494976K), 0.0017189 secs] [Times: user=0.01 sys=0.00, real=0.00 secs] 
2019-06-10T19:06:55.426+0000: 57.425: [GC (Allocation Failure) 2019-06-10T19:06:55.426+0000: 57.425: [DefNew: 136632K->57K(153600K), 0.0017625 secs] 180616K->44041K(494976K), 0.0018236 secs] [Times: user=0.00 sys=0.00, real=0.00 secs] 
2019-06-10T19:07:03.911+0000: 65.911: [GC (Allocation Failure) 2019-06-10T19:07:03.911+0000: 65.911: [DefNew: 136633K->384K(153600K), 0.0022657 secs] 180617K->44368K(494976K), 0.0023459 secs] [Times: user=0.01 sys=0.00, real=0.00 secs] 
19:07:21.298 [Curator-PathChildrenCache-0] ERROR o.a.c.f.r.c.PathChildrenCache  - 
java.lang.IllegalStateException: instance must be started before calling this method
	at org.apache.curator.shaded.com.google.common.base.Preconditions.checkState(Preconditions.java:444)
	at org.apache.curator.framework.imps.CuratorFrameworkImpl.getChildren(CuratorFrameworkImpl.java:456)
	at org.apache.curator.framework.recipes.cache.PathChildrenCache.refresh(PathChildrenCache.java:521)
	at org.apache.curator.framework.recipes.cache.RefreshOperation.invoke(RefreshOperation.java:35)
	at org.apache.curator.framework.recipes.cache.PathChildrenCache$9.run(PathChildrenCache.java:786)
	at java.util.concurrent.Executors$RunnableAdapter.call(Executors.java:511)
	at java.util.concurrent.FutureTask.run(FutureTask.java:266)
	at java.util.concurrent.Executors$RunnableAdapter.call(Executors.java:511)
	at java.util.concurrent.FutureTask.run(FutureTask.java:266)
	at java.util.concurrent.ThreadPoolExecutor.runWorker(ThreadPoolExecutor.java:1149)
	at java.util.concurrent.ThreadPoolExecutor$Worker.run(ThreadPoolExecutor.java:624)
	at java.lang.Thread.run(Thread.java:748)
Heap
 def new generation   total 153600K, used 104997K [0x00000000e0c00000, 0x00000000eb2a0000, 0x00000000eb2a0000)
  eden space 136576K,  76% used [0x00000000e0c00000, 0x00000000e7229308, 0x00000000e9160000)
  from space 17024K,   2% used [0x00000000e9160000, 0x00000000e91c01a8, 0x00000000ea200000)
  to   space 17024K,   0% used [0x00000000ea200000, 0x00000000ea200000, 0x00000000eb2a0000)
 tenured generation   total 341376K, used 43983K [0x00000000eb2a0000, 0x0000000100000000, 0x0000000100000000)
   the space 341376K,  12% used [0x00000000eb2a0000, 0x00000000edd93fd0, 0x00000000edd94000, 0x0000000100000000)
 Metaspace       used 36022K, capacity 36928K, committed 37120K, reserved 1081344K
  class space    used 4867K, capacity 5074K, committed 5120K, reserved 1048576K
