13:02:45,117 |-INFO in ch.qos.logback.classic.LoggerContext[default] - Could NOT find resource [logback-test.xml]
13:02:45,118 |-INFO in ch.qos.logback.classic.LoggerContext[default] - Could NOT find resource [logback.groovy]
13:02:45,118 |-INFO in ch.qos.logback.classic.LoggerContext[default] - Found resource [logback.xml] at [jar:file:/root/flamestream/lib/flamestream-runtime-1.0-SNAPSHOT.jar!/logback.xml]
13:02:45,118 |-WARN in ch.qos.logback.classic.LoggerContext[default] - Resource [logback.xml] occurs multiple times on the classpath.
13:02:45,118 |-WARN in ch.qos.logback.classic.LoggerContext[default] - Resource [logback.xml] occurs at [jar:file:/root/flamestream/lib/flamestream-runtime-1.0-SNAPSHOT.jar!/logback.xml]
13:02:45,118 |-WARN in ch.qos.logback.classic.LoggerContext[default] - Resource [logback.xml] occurs at [jar:file:/root/flamestream/flamestream-runtime-1.0-SNAPSHOT.jar!/logback.xml]
13:02:45,142 |-INFO in ch.qos.logback.core.joran.spi.ConfigurationWatchList@3fb6a447 - URL [jar:file:/root/flamestream/lib/flamestream-runtime-1.0-SNAPSHOT.jar!/logback.xml] is not of type file
13:02:45,215 |-INFO in ch.qos.logback.classic.joran.action.ConfigurationAction - debug attribute not set
13:02:45,216 |-INFO in ch.qos.logback.core.joran.action.AppenderAction - About to instantiate appender of type [ch.qos.logback.core.ConsoleAppender]
13:02:45,234 |-INFO in ch.qos.logback.core.joran.action.AppenderAction - Naming appender as [STDOUT]
13:02:45,250 |-INFO in ch.qos.logback.core.joran.action.NestedComplexPropertyIA - Assuming default type [ch.qos.logback.classic.encoder.PatternLayoutEncoder] for [encoder] property
13:02:45,335 |-INFO in ch.qos.logback.core.joran.action.AppenderAction - About to instantiate appender of type [ch.qos.logback.core.rolling.RollingFileAppender]
13:02:45,341 |-INFO in ch.qos.logback.core.joran.action.AppenderAction - Naming appender as [FILE]
13:02:45,372 |-INFO in c.q.l.core.rolling.TimeBasedRollingPolicy@127618319 - No compression will be used
13:02:45,373 |-INFO in c.q.l.core.rolling.TimeBasedRollingPolicy@127618319 - Will use the pattern /tmp/application_%d{yyyy-MM-dd}.%i.log for the active file
13:02:45,376 |-INFO in ch.qos.logback.core.rolling.SizeAndTimeBasedFNATP@6b2fad11 - The date pattern is 'yyyy-MM-dd' from file name pattern '/tmp/application_%d{yyyy-MM-dd}.%i.log'.
13:02:45,376 |-INFO in ch.qos.logback.core.rolling.SizeAndTimeBasedFNATP@6b2fad11 - Roll-over at midnight.
13:02:45,382 |-INFO in ch.qos.logback.core.rolling.SizeAndTimeBasedFNATP@6b2fad11 - Setting initial period to Mon Jun 10 13:01:19 UTC 2019
13:02:45,382 |-WARN in ch.qos.logback.core.rolling.SizeAndTimeBasedFNATP@6b2fad11 - SizeAndTimeBasedFNATP is deprecated. Use SizeAndTimeBasedRollingPolicy instead
13:02:45,382 |-WARN in ch.qos.logback.core.rolling.SizeAndTimeBasedFNATP@6b2fad11 - For more information see http://logback.qos.ch/manual/appenders.html#SizeAndTimeBasedRollingPolicy
13:02:45,386 |-INFO in ch.qos.logback.core.joran.action.NestedComplexPropertyIA - Assuming default type [ch.qos.logback.classic.encoder.PatternLayoutEncoder] for [encoder] property
13:02:45,391 |-INFO in ch.qos.logback.core.rolling.RollingFileAppender[FILE] - Active log file name: /tmp/application.log
13:02:45,391 |-INFO in ch.qos.logback.core.rolling.RollingFileAppender[FILE] - File property is set to [/tmp/application.log]
13:02:45,392 |-INFO in ch.qos.logback.classic.joran.action.RootLoggerAction - Setting level of ROOT logger to WARN
13:02:45,392 |-INFO in ch.qos.logback.core.joran.action.AppenderRefAction - Attaching appender named [STDOUT] to Logger[ROOT]
13:02:45,394 |-INFO in ch.qos.logback.core.joran.action.AppenderRefAction - Attaching appender named [FILE] to Logger[ROOT]
13:02:45,394 |-INFO in ch.qos.logback.classic.joran.action.ConfigurationAction - End of configuration.
13:02:45,394 |-INFO in ch.qos.logback.classic.joran.JoranConfigurator@79698539 - Registering current configuration as safe fallback point

Ama winner
Ama winner
2019-06-10T13:02:46.754+0000: 1.822: [Full GC (Metadata GC Threshold) 2019-06-10T13:02:46.754+0000: 1.822: [Tenured: 0K->15241K(341376K), 0.0363205 secs] 114987K->15241K(494976K), [Metaspace: 20731K->20731K(1067008K)], 0.0363910 secs] [Times: user=0.04 sys=0.00, real=0.03 secs] 
13:03:05.775 [Curator-PathChildrenCache-1] WARN  o.a.c.u.ZKPaths  - The version of ZooKeeper being used doesn't support Container nodes. CreateMode.PERSISTENT will be used instead.
2019-06-10T13:03:08.265+0000: 23.333: [GC (Allocation Failure) 2019-06-10T13:03:08.265+0000: 23.333: [DefNew: 136576K->17023K(153600K), 0.0291632 secs] 151817K->52919K(494976K), 0.0292347 secs] [Times: user=0.01 sys=0.02, real=0.03 secs] 
2019-06-10T13:03:13.558+0000: 28.627: [Full GC (Metadata GC Threshold) 2019-06-10T13:03:13.558+0000: 28.627: [Tenured: 35895K->44929K(341376K), 0.0522578 secs] 135718K->44929K(494976K), [Metaspace: 34594K->34594K(1079296K)], 0.0523354 secs] [Times: user=0.05 sys=0.00, real=0.05 secs] 
2019-06-10T13:03:23.080+0000: 38.149: [GC (Allocation Failure) 2019-06-10T13:03:23.080+0000: 38.149: [DefNew: 136576K->53K(153600K), 0.0018084 secs] 181505K->44982K(494976K), 0.0018719 secs] [Times: user=0.00 sys=0.00, real=0.00 secs] 
2019-06-10T13:03:32.827+0000: 47.896: [GC (Allocation Failure) 2019-06-10T13:03:32.827+0000: 47.896: [DefNew: 136629K->52K(153600K), 0.0016800 secs] 181558K->44981K(494976K), 0.0017423 secs] [Times: user=0.00 sys=0.00, real=0.00 secs] 
2019-06-10T13:03:42.628+0000: 57.697: [GC (Allocation Failure) 2019-06-10T13:03:42.628+0000: 57.697: [DefNew: 136628K->52K(153600K), 0.0016631 secs] 181557K->44982K(494976K), 0.0017267 secs] [Times: user=0.00 sys=0.00, real=0.00 secs] 
2019-06-10T13:03:53.135+0000: 68.204: [GC (Allocation Failure) 2019-06-10T13:03:53.135+0000: 68.204: [DefNew: 136628K->400K(153600K), 0.0022104 secs] 181558K->45329K(494976K), 0.0022924 secs] [Times: user=0.00 sys=0.00, real=0.00 secs] 
2019-06-10T13:04:05.060+0000: 80.129: [GC (Allocation Failure) 2019-06-10T13:04:05.060+0000: 80.129: [DefNew: 136976K->157K(153600K), 0.0019460 secs] 181905K->45086K(494976K), 0.0020092 secs] [Times: user=0.00 sys=0.00, real=0.00 secs] 
2019-06-10T13:04:17.099+0000: 92.167: [GC (Allocation Failure) 2019-06-10T13:04:17.099+0000: 92.167: [DefNew: 136733K->153K(153600K), 0.0019825 secs] 181662K->45083K(494976K), 0.0020493 secs] [Times: user=0.00 sys=0.00, real=0.01 secs] 
13:04:31.202 [Curator-PathChildrenCache-0] ERROR o.a.c.f.r.c.PathChildrenCache  - 
java.lang.IllegalStateException: instance must be started before calling this method
	at org.apache.curator.shaded.com.google.common.base.Preconditions.checkState(Preconditions.java:444)
	at org.apache.curator.framework.imps.CuratorFrameworkImpl.getChildren(CuratorFrameworkImpl.java:456)
	at org.apache.curator.framework.recipes.cache.PathChildrenCache.refresh(PathChildrenCache.java:521)
	at org.apache.curator.framework.recipes.cache.RefreshOperation.invoke(RefreshOperation.java:35)
	at org.apache.curator.framework.recipes.cache.PathChildrenCache$9.run(PathChildrenCache.java:786)
	at java.util.concurrent.Executors$RunnableAdapter.call(Executors.java:511)
	at java.util.concurrent.FutureTask.run(FutureTask.java:266)
	at java.util.concurrent.Executors$RunnableAdapter.call(Executors.java:511)
	at java.util.concurrent.FutureTask.run(FutureTask.java:266)
	at java.util.concurrent.ThreadPoolExecutor.runWorker(ThreadPoolExecutor.java:1149)
	at java.util.concurrent.ThreadPoolExecutor$Worker.run(ThreadPoolExecutor.java:624)
	at java.lang.Thread.run(Thread.java:748)
Heap
 def new generation   total 153600K, used 107562K [0x00000000e0c00000, 0x00000000eb2a0000, 0x00000000eb2a0000)
  eden space 136576K,  78% used [0x00000000e0c00000, 0x00000000e74e4328, 0x00000000e9160000)
  from space 17024K,   0% used [0x00000000ea200000, 0x00000000ea2267d0, 0x00000000eb2a0000)
  to   space 17024K,   0% used [0x00000000e9160000, 0x00000000e9160000, 0x00000000ea200000)
 tenured generation   total 341376K, used 44929K [0x00000000eb2a0000, 0x0000000100000000, 0x0000000100000000)
   the space 341376K,  13% used [0x00000000eb2a0000, 0x00000000ede80550, 0x00000000ede80600, 0x0000000100000000)
 Metaspace       used 36160K, capacity 37060K, committed 37376K, reserved 1081344K
  class space    used 4855K, capacity 5074K, committed 5120K, reserved 1048576K
