17:29:41,106 |-INFO in ch.qos.logback.classic.LoggerContext[default] - Could NOT find resource [logback-test.xml]
17:29:41,106 |-INFO in ch.qos.logback.classic.LoggerContext[default] - Could NOT find resource [logback.groovy]
17:29:41,106 |-INFO in ch.qos.logback.classic.LoggerContext[default] - Found resource [logback.xml] at [jar:file:/root/flamestream/lib/flamestream-runtime-1.0-SNAPSHOT.jar!/logback.xml]
17:29:41,111 |-WARN in ch.qos.logback.classic.LoggerContext[default] - Resource [logback.xml] occurs multiple times on the classpath.
17:29:41,111 |-WARN in ch.qos.logback.classic.LoggerContext[default] - Resource [logback.xml] occurs at [jar:file:/root/flamestream/lib/flamestream-runtime-1.0-SNAPSHOT.jar!/logback.xml]
17:29:41,111 |-WARN in ch.qos.logback.classic.LoggerContext[default] - Resource [logback.xml] occurs at [jar:file:/root/flamestream/flamestream-runtime-1.0-SNAPSHOT.jar!/logback.xml]
17:29:41,131 |-INFO in ch.qos.logback.core.joran.spi.ConfigurationWatchList@3fb6a447 - URL [jar:file:/root/flamestream/lib/flamestream-runtime-1.0-SNAPSHOT.jar!/logback.xml] is not of type file
17:29:41,206 |-INFO in ch.qos.logback.classic.joran.action.ConfigurationAction - debug attribute not set
17:29:41,207 |-INFO in ch.qos.logback.core.joran.action.AppenderAction - About to instantiate appender of type [ch.qos.logback.core.ConsoleAppender]
17:29:41,221 |-INFO in ch.qos.logback.core.joran.action.AppenderAction - Naming appender as [STDOUT]
17:29:41,238 |-INFO in ch.qos.logback.core.joran.action.NestedComplexPropertyIA - Assuming default type [ch.qos.logback.classic.encoder.PatternLayoutEncoder] for [encoder] property
17:29:41,321 |-INFO in ch.qos.logback.core.joran.action.AppenderAction - About to instantiate appender of type [ch.qos.logback.core.rolling.RollingFileAppender]
17:29:41,326 |-INFO in ch.qos.logback.core.joran.action.AppenderAction - Naming appender as [FILE]
17:29:41,356 |-INFO in c.q.l.core.rolling.TimeBasedRollingPolicy@127618319 - No compression will be used
17:29:41,357 |-INFO in c.q.l.core.rolling.TimeBasedRollingPolicy@127618319 - Will use the pattern /tmp/application_%d{yyyy-MM-dd}.%i.log for the active file
17:29:41,360 |-INFO in ch.qos.logback.core.rolling.SizeAndTimeBasedFNATP@6b2fad11 - The date pattern is 'yyyy-MM-dd' from file name pattern '/tmp/application_%d{yyyy-MM-dd}.%i.log'.
17:29:41,360 |-INFO in ch.qos.logback.core.rolling.SizeAndTimeBasedFNATP@6b2fad11 - Roll-over at midnight.
17:29:41,365 |-INFO in ch.qos.logback.core.rolling.SizeAndTimeBasedFNATP@6b2fad11 - Setting initial period to Mon Jun 10 17:28:14 UTC 2019
17:29:41,365 |-WARN in ch.qos.logback.core.rolling.SizeAndTimeBasedFNATP@6b2fad11 - SizeAndTimeBasedFNATP is deprecated. Use SizeAndTimeBasedRollingPolicy instead
17:29:41,365 |-WARN in ch.qos.logback.core.rolling.SizeAndTimeBasedFNATP@6b2fad11 - For more information see http://logback.qos.ch/manual/appenders.html#SizeAndTimeBasedRollingPolicy
17:29:41,369 |-INFO in ch.qos.logback.core.joran.action.NestedComplexPropertyIA - Assuming default type [ch.qos.logback.classic.encoder.PatternLayoutEncoder] for [encoder] property
17:29:41,374 |-INFO in ch.qos.logback.core.rolling.RollingFileAppender[FILE] - Active log file name: /tmp/application.log
17:29:41,374 |-INFO in ch.qos.logback.core.rolling.RollingFileAppender[FILE] - File property is set to [/tmp/application.log]
17:29:41,375 |-INFO in ch.qos.logback.classic.joran.action.RootLoggerAction - Setting level of ROOT logger to WARN
17:29:41,375 |-INFO in ch.qos.logback.core.joran.action.AppenderRefAction - Attaching appender named [STDOUT] to Logger[ROOT]
17:29:41,377 |-INFO in ch.qos.logback.core.joran.action.AppenderRefAction - Attaching appender named [FILE] to Logger[ROOT]
17:29:41,377 |-INFO in ch.qos.logback.classic.joran.action.ConfigurationAction - End of configuration.
17:29:41,377 |-INFO in ch.qos.logback.classic.joran.JoranConfigurator@79698539 - Registering current configuration as safe fallback point

Ama winner
Ama winner
2019-06-10T17:29:42.679+0000: 1.753: [Full GC (Metadata GC Threshold) 2019-06-10T17:29:42.679+0000: 1.753: [Tenured: 0K->15241K(341376K), 0.0384642 secs] 114923K->15241K(494976K), [Metaspace: 20727K->20727K(1067008K)], 0.0385324 secs] [Times: user=0.04 sys=0.00, real=0.04 secs] 
17:30:05.363 [Curator-PathChildrenCache-1] WARN  o.a.c.u.ZKPaths  - The version of ZooKeeper being used doesn't support Container nodes. CreateMode.PERSISTENT will be used instead.
2019-06-10T17:30:07.499+0000: 26.573: [GC (Allocation Failure) 2019-06-10T17:30:07.499+0000: 26.573: [DefNew: 136576K->17023K(153600K), 0.0267612 secs] 151817K->52820K(494976K), 0.0268457 secs] [Times: user=0.02 sys=0.00, real=0.03 secs] 
2019-06-10T17:30:10.066+0000: 29.140: [Full GC (Metadata GC Threshold) 2019-06-10T17:30:10.066+0000: 29.140: [Tenured: 35796K->44524K(341376K), 0.0468022 secs] 107875K->44524K(494976K), [Metaspace: 34589K->34589K(1079296K)], 0.0468760 secs] [Times: user=0.04 sys=0.01, real=0.05 secs] 
2019-06-10T17:30:16.282+0000: 35.356: [GC (Allocation Failure) 2019-06-10T17:30:16.282+0000: 35.356: [DefNew: 136576K->94K(153600K), 0.0018205 secs] 181100K->44619K(494976K), 0.0018839 secs] [Times: user=0.00 sys=0.00, real=0.00 secs] 
2019-06-10T17:30:22.574+0000: 41.648: [GC (Allocation Failure) 2019-06-10T17:30:22.574+0000: 41.648: [DefNew: 136670K->125K(153600K), 0.0016937 secs] 181195K->44650K(494976K), 0.0017509 secs] [Times: user=0.00 sys=0.00, real=0.00 secs] 
2019-06-10T17:30:28.887+0000: 47.961: [GC (Allocation Failure) 2019-06-10T17:30:28.887+0000: 47.961: [DefNew: 136701K->160K(153600K), 0.0016910 secs] 181226K->44685K(494976K), 0.0017529 secs] [Times: user=0.00 sys=0.00, real=0.00 secs] 
2019-06-10T17:30:35.220+0000: 54.294: [GC (Allocation Failure) 2019-06-10T17:30:35.220+0000: 54.294: [DefNew: 136736K->161K(153600K), 0.0017470 secs] 181261K->44686K(494976K), 0.0018185 secs] [Times: user=0.01 sys=0.00, real=0.01 secs] 
2019-06-10T17:30:47.251+0000: 66.325: [GC (Allocation Failure) 2019-06-10T17:30:47.251+0000: 66.325: [DefNew: 136737K->492K(153600K), 0.0022390 secs] 181262K->45017K(494976K), 0.0023006 secs] [Times: user=0.00 sys=0.00, real=0.00 secs] 
17:30:49.984 [Curator-PathChildrenCache-0] ERROR o.a.c.f.r.c.PathChildrenCache  - 
java.lang.IllegalStateException: instance must be started before calling this method
	at org.apache.curator.shaded.com.google.common.base.Preconditions.checkState(Preconditions.java:444)
	at org.apache.curator.framework.imps.CuratorFrameworkImpl.getChildren(CuratorFrameworkImpl.java:456)
	at org.apache.curator.framework.recipes.cache.PathChildrenCache.refresh(PathChildrenCache.java:521)
	at org.apache.curator.framework.recipes.cache.RefreshOperation.invoke(RefreshOperation.java:35)
	at org.apache.curator.framework.recipes.cache.PathChildrenCache$9.run(PathChildrenCache.java:786)
	at java.util.concurrent.Executors$RunnableAdapter.call(Executors.java:511)
	at java.util.concurrent.FutureTask.run(FutureTask.java:266)
	at java.util.concurrent.Executors$RunnableAdapter.call(Executors.java:511)
	at java.util.concurrent.FutureTask.run(FutureTask.java:266)
	at java.util.concurrent.ThreadPoolExecutor.runWorker(ThreadPoolExecutor.java:1149)
	at java.util.concurrent.ThreadPoolExecutor$Worker.run(ThreadPoolExecutor.java:624)
	at java.lang.Thread.run(Thread.java:748)
Heap
 def new generation   total 153600K, used 23767K [0x00000000e0c00000, 0x00000000eb2a0000, 0x00000000eb2a0000)
  eden space 136576K,  17% used [0x00000000e0c00000, 0x00000000e22baad8, 0x00000000e9160000)
  from space 17024K,   2% used [0x00000000e9160000, 0x00000000e91db250, 0x00000000ea200000)
  to   space 17024K,   0% used [0x00000000ea200000, 0x00000000ea200000, 0x00000000eb2a0000)
 tenured generation   total 341376K, used 44524K [0x00000000eb2a0000, 0x0000000100000000, 0x0000000100000000)
   the space 341376K,  13% used [0x00000000eb2a0000, 0x00000000ede1b3e0, 0x00000000ede1b400, 0x0000000100000000)
 Metaspace       used 36063K, capacity 36986K, committed 37120K, reserved 1081344K
  class space    used 4867K, capacity 5073K, committed 5120K, reserved 1048576K
