05:50:51,432 |-INFO in ch.qos.logback.classic.LoggerContext[default] - Could NOT find resource [logback-test.xml]
05:50:51,433 |-INFO in ch.qos.logback.classic.LoggerContext[default] - Could NOT find resource [logback.groovy]
05:50:51,435 |-INFO in ch.qos.logback.classic.LoggerContext[default] - Found resource [logback.xml] at [jar:file:/root/flamestream/lib/flamestream-runtime-1.0-SNAPSHOT.jar!/logback.xml]
05:50:51,436 |-WARN in ch.qos.logback.classic.LoggerContext[default] - Resource [logback.xml] occurs multiple times on the classpath.
05:50:51,436 |-WARN in ch.qos.logback.classic.LoggerContext[default] - Resource [logback.xml] occurs at [jar:file:/root/flamestream/lib/flamestream-runtime-1.0-SNAPSHOT.jar!/logback.xml]
05:50:51,436 |-WARN in ch.qos.logback.classic.LoggerContext[default] - Resource [logback.xml] occurs at [jar:file:/root/flamestream/flamestream-runtime-1.0-SNAPSHOT.jar!/logback.xml]
05:50:51,456 |-INFO in ch.qos.logback.core.joran.spi.ConfigurationWatchList@3fb6a447 - URL [jar:file:/root/flamestream/lib/flamestream-runtime-1.0-SNAPSHOT.jar!/logback.xml] is not of type file
05:50:51,523 |-INFO in ch.qos.logback.classic.joran.action.ConfigurationAction - debug attribute not set
05:50:51,523 |-INFO in ch.qos.logback.core.joran.action.AppenderAction - About to instantiate appender of type [ch.qos.logback.core.ConsoleAppender]
05:50:51,539 |-INFO in ch.qos.logback.core.joran.action.AppenderAction - Naming appender as [STDOUT]
05:50:51,550 |-INFO in ch.qos.logback.core.joran.action.NestedComplexPropertyIA - Assuming default type [ch.qos.logback.classic.encoder.PatternLayoutEncoder] for [encoder] property
05:50:51,656 |-INFO in ch.qos.logback.core.joran.action.AppenderAction - About to instantiate appender of type [ch.qos.logback.core.rolling.RollingFileAppender]
05:50:51,663 |-INFO in ch.qos.logback.core.joran.action.AppenderAction - Naming appender as [FILE]
05:50:51,697 |-INFO in c.q.l.core.rolling.TimeBasedRollingPolicy@127618319 - No compression will be used
05:50:51,698 |-INFO in c.q.l.core.rolling.TimeBasedRollingPolicy@127618319 - Will use the pattern /tmp/application_%d{yyyy-MM-dd}.%i.log for the active file
05:50:51,701 |-INFO in ch.qos.logback.core.rolling.SizeAndTimeBasedFNATP@6b2fad11 - The date pattern is 'yyyy-MM-dd' from file name pattern '/tmp/application_%d{yyyy-MM-dd}.%i.log'.
05:50:51,701 |-INFO in ch.qos.logback.core.rolling.SizeAndTimeBasedFNATP@6b2fad11 - Roll-over at midnight.
05:50:51,707 |-INFO in ch.qos.logback.core.rolling.SizeAndTimeBasedFNATP@6b2fad11 - Setting initial period to Tue Jun 11 05:49:33 UTC 2019
05:50:51,707 |-WARN in ch.qos.logback.core.rolling.SizeAndTimeBasedFNATP@6b2fad11 - SizeAndTimeBasedFNATP is deprecated. Use SizeAndTimeBasedRollingPolicy instead
05:50:51,707 |-WARN in ch.qos.logback.core.rolling.SizeAndTimeBasedFNATP@6b2fad11 - For more information see http://logback.qos.ch/manual/appenders.html#SizeAndTimeBasedRollingPolicy
05:50:51,711 |-INFO in ch.qos.logback.core.joran.action.NestedComplexPropertyIA - Assuming default type [ch.qos.logback.classic.encoder.PatternLayoutEncoder] for [encoder] property
05:50:51,716 |-INFO in ch.qos.logback.core.rolling.RollingFileAppender[FILE] - Active log file name: /tmp/application.log
05:50:51,716 |-INFO in ch.qos.logback.core.rolling.RollingFileAppender[FILE] - File property is set to [/tmp/application.log]
05:50:51,716 |-INFO in ch.qos.logback.classic.joran.action.RootLoggerAction - Setting level of ROOT logger to WARN
05:50:51,717 |-INFO in ch.qos.logback.core.joran.action.AppenderRefAction - Attaching appender named [STDOUT] to Logger[ROOT]
05:50:51,717 |-INFO in ch.qos.logback.core.joran.action.AppenderRefAction - Attaching appender named [FILE] to Logger[ROOT]
05:50:51,717 |-INFO in ch.qos.logback.classic.joran.action.ConfigurationAction - End of configuration.
05:50:51,718 |-INFO in ch.qos.logback.classic.joran.JoranConfigurator@79698539 - Registering current configuration as safe fallback point

Ama winner
Ama winner
2019-06-11T05:50:53.373+0000: 2.124: [Full GC (Metadata GC Threshold) 2019-06-11T05:50:53.373+0000: 2.124: [Tenured: 0K->15177K(341376K), 0.0403799 secs] 120482K->15177K(494976K), [Metaspace: 20732K->20732K(1067008K)], 0.0404472 secs] [Times: user=0.04 sys=0.01, real=0.04 secs] 
05:51:14.443 [Curator-PathChildrenCache-1] WARN  o.a.c.u.ZKPaths  - The version of ZooKeeper being used doesn't support Container nodes. CreateMode.PERSISTENT will be used instead.
2019-06-11T05:51:16.422+0000: 25.173: [GC (GCLocker Initiated GC) 2019-06-11T05:51:16.423+0000: 25.173: [DefNew: 117774K->17024K(153600K), 0.0177785 secs] 152482K->52342K(494976K), 0.0178483 secs] [Times: user=0.01 sys=0.00, real=0.02 secs] 
2019-06-11T05:51:18.042+0000: 26.792: [Full GC (Metadata GC Threshold) 2019-06-11T05:51:18.042+0000: 26.792: [Tenured: 35318K->43843K(341376K), 0.0436509 secs] 87330K->43843K(494976K), [Metaspace: 34604K->34604K(1079296K)], 0.0437338 secs] [Times: user=0.04 sys=0.01, real=0.04 secs] 
2019-06-11T05:51:24.317+0000: 33.069: [GC (Allocation Failure) 2019-06-11T05:51:24.318+0000: 33.069: [DefNew: 136576K->71K(153600K), 0.0019736 secs] 180419K->43915K(494976K), 0.0030075 secs] [Times: user=0.00 sys=0.00, real=0.00 secs] 
2019-06-11T05:51:30.654+0000: 39.405: [GC (Allocation Failure) 2019-06-11T05:51:30.654+0000: 39.405: [DefNew: 136647K->76K(153600K), 0.0017756 secs] 180491K->43920K(494976K), 0.0018356 secs] [Times: user=0.00 sys=0.00, real=0.00 secs] 
2019-06-11T05:51:36.917+0000: 45.668: [GC (Allocation Failure) 2019-06-11T05:51:36.917+0000: 45.668: [DefNew: 136652K->72K(153600K), 0.0017736 secs] 180496K->43916K(494976K), 0.0018454 secs] [Times: user=0.00 sys=0.00, real=0.00 secs] 
2019-06-11T05:51:43.268+0000: 52.018: [GC (Allocation Failure) 2019-06-11T05:51:43.268+0000: 52.018: [DefNew: 136648K->72K(153600K), 0.0018275 secs] 180492K->43915K(494976K), 0.0018872 secs] [Times: user=0.01 sys=0.00, real=0.01 secs] 
2019-06-11T05:51:49.663+0000: 58.413: [GC (Allocation Failure) 2019-06-11T05:51:49.663+0000: 58.413: [DefNew: 136648K->76K(153600K), 0.0018454 secs] 180491K->43920K(494976K), 0.0019041 secs] [Times: user=0.00 sys=0.00, real=0.00 secs] 
05:52:00.330 [Curator-PathChildrenCache-0] ERROR o.a.c.f.r.c.PathChildrenCache  - 
java.lang.IllegalStateException: instance must be started before calling this method
	at org.apache.curator.shaded.com.google.common.base.Preconditions.checkState(Preconditions.java:444)
	at org.apache.curator.framework.imps.CuratorFrameworkImpl.getChildren(CuratorFrameworkImpl.java:456)
	at org.apache.curator.framework.recipes.cache.PathChildrenCache.refresh(PathChildrenCache.java:521)
	at org.apache.curator.framework.recipes.cache.RefreshOperation.invoke(RefreshOperation.java:35)
	at org.apache.curator.framework.recipes.cache.PathChildrenCache$9.run(PathChildrenCache.java:786)
	at java.util.concurrent.Executors$RunnableAdapter.call(Executors.java:511)
	at java.util.concurrent.FutureTask.run(FutureTask.java:266)
	at java.util.concurrent.Executors$RunnableAdapter.call(Executors.java:511)
	at java.util.concurrent.FutureTask.run(FutureTask.java:266)
	at java.util.concurrent.ThreadPoolExecutor.runWorker(ThreadPoolExecutor.java:1149)
	at java.util.concurrent.ThreadPoolExecutor$Worker.run(ThreadPoolExecutor.java:624)
	at java.lang.Thread.run(Thread.java:748)
Heap
 def new generation   total 153600K, used 124754K [0x00000000e0c00000, 0x00000000eb2a0000, 0x00000000eb2a0000)
  eden space 136576K,  91% used [0x00000000e0c00000, 0x00000000e85c18a0, 0x00000000e9160000)
  from space 17024K,   0% used [0x00000000e9160000, 0x00000000e9173298, 0x00000000ea200000)
  to   space 17024K,   0% used [0x00000000ea200000, 0x00000000ea200000, 0x00000000eb2a0000)
 tenured generation   total 341376K, used 43843K [0x00000000eb2a0000, 0x0000000100000000, 0x0000000100000000)
   the space 341376K,  12% used [0x00000000eb2a0000, 0x00000000edd70e38, 0x00000000edd71000, 0x0000000100000000)
 Metaspace       used 36124K, capacity 37036K, committed 37120K, reserved 1081344K
  class space    used 4886K, capacity 5082K, committed 5120K, reserved 1048576K
