18:18:30,079 |-INFO in ch.qos.logback.classic.LoggerContext[default] - Could NOT find resource [logback-test.xml]
18:18:30,079 |-INFO in ch.qos.logback.classic.LoggerContext[default] - Could NOT find resource [logback.groovy]
18:18:30,080 |-INFO in ch.qos.logback.classic.LoggerContext[default] - Found resource [logback.xml] at [jar:file:/root/flamestream/lib/flamestream-runtime-1.0-SNAPSHOT.jar!/logback.xml]
18:18:30,080 |-WARN in ch.qos.logback.classic.LoggerContext[default] - Resource [logback.xml] occurs multiple times on the classpath.
18:18:30,081 |-WARN in ch.qos.logback.classic.LoggerContext[default] - Resource [logback.xml] occurs at [jar:file:/root/flamestream/lib/flamestream-runtime-1.0-SNAPSHOT.jar!/logback.xml]
18:18:30,081 |-WARN in ch.qos.logback.classic.LoggerContext[default] - Resource [logback.xml] occurs at [jar:file:/root/flamestream/flamestream-runtime-1.0-SNAPSHOT.jar!/logback.xml]
18:18:30,101 |-INFO in ch.qos.logback.core.joran.spi.ConfigurationWatchList@3fb6a447 - URL [jar:file:/root/flamestream/lib/flamestream-runtime-1.0-SNAPSHOT.jar!/logback.xml] is not of type file
18:18:30,170 |-INFO in ch.qos.logback.classic.joran.action.ConfigurationAction - debug attribute not set
18:18:30,170 |-INFO in ch.qos.logback.core.joran.action.AppenderAction - About to instantiate appender of type [ch.qos.logback.core.ConsoleAppender]
18:18:30,189 |-INFO in ch.qos.logback.core.joran.action.AppenderAction - Naming appender as [STDOUT]
18:18:30,210 |-INFO in ch.qos.logback.core.joran.action.NestedComplexPropertyIA - Assuming default type [ch.qos.logback.classic.encoder.PatternLayoutEncoder] for [encoder] property
18:18:30,292 |-INFO in ch.qos.logback.core.joran.action.AppenderAction - About to instantiate appender of type [ch.qos.logback.core.rolling.RollingFileAppender]
18:18:30,297 |-INFO in ch.qos.logback.core.joran.action.AppenderAction - Naming appender as [FILE]
18:18:30,329 |-INFO in c.q.l.core.rolling.TimeBasedRollingPolicy@127618319 - No compression will be used
18:18:30,330 |-INFO in c.q.l.core.rolling.TimeBasedRollingPolicy@127618319 - Will use the pattern /tmp/application_%d{yyyy-MM-dd}.%i.log for the active file
18:18:30,333 |-INFO in ch.qos.logback.core.rolling.SizeAndTimeBasedFNATP@6b2fad11 - The date pattern is 'yyyy-MM-dd' from file name pattern '/tmp/application_%d{yyyy-MM-dd}.%i.log'.
18:18:30,333 |-INFO in ch.qos.logback.core.rolling.SizeAndTimeBasedFNATP@6b2fad11 - Roll-over at midnight.
18:18:30,338 |-INFO in ch.qos.logback.core.rolling.SizeAndTimeBasedFNATP@6b2fad11 - Setting initial period to Mon Jun 10 18:17:09 UTC 2019
18:18:30,338 |-WARN in ch.qos.logback.core.rolling.SizeAndTimeBasedFNATP@6b2fad11 - SizeAndTimeBasedFNATP is deprecated. Use SizeAndTimeBasedRollingPolicy instead
18:18:30,338 |-WARN in ch.qos.logback.core.rolling.SizeAndTimeBasedFNATP@6b2fad11 - For more information see http://logback.qos.ch/manual/appenders.html#SizeAndTimeBasedRollingPolicy
18:18:30,342 |-INFO in ch.qos.logback.core.joran.action.NestedComplexPropertyIA - Assuming default type [ch.qos.logback.classic.encoder.PatternLayoutEncoder] for [encoder] property
18:18:30,347 |-INFO in ch.qos.logback.core.rolling.RollingFileAppender[FILE] - Active log file name: /tmp/application.log
18:18:30,347 |-INFO in ch.qos.logback.core.rolling.RollingFileAppender[FILE] - File property is set to [/tmp/application.log]
18:18:30,348 |-INFO in ch.qos.logback.classic.joran.action.RootLoggerAction - Setting level of ROOT logger to WARN
18:18:30,348 |-INFO in ch.qos.logback.core.joran.action.AppenderRefAction - Attaching appender named [STDOUT] to Logger[ROOT]
18:18:30,350 |-INFO in ch.qos.logback.core.joran.action.AppenderRefAction - Attaching appender named [FILE] to Logger[ROOT]
18:18:30,350 |-INFO in ch.qos.logback.classic.joran.action.ConfigurationAction - End of configuration.
18:18:30,351 |-INFO in ch.qos.logback.classic.joran.JoranConfigurator@79698539 - Registering current configuration as safe fallback point

Ama winner
Ama winner
2019-06-10T18:18:31.636+0000: 1.745: [Full GC (Metadata GC Threshold) 2019-06-10T18:18:31.636+0000: 1.745: [Tenured: 0K->15191K(341376K), 0.0399484 secs] 117752K->15191K(494976K), [Metaspace: 20729K->20729K(1067008K)], 0.0400163 secs] [Times: user=0.04 sys=0.00, real=0.04 secs] 
18:18:46.381 [Curator-PathChildrenCache-1] WARN  o.a.c.u.ZKPaths  - The version of ZooKeeper being used doesn't support Container nodes. CreateMode.PERSISTENT will be used instead.
2019-06-10T18:18:48.813+0000: 18.922: [GC (Allocation Failure) 2019-06-10T18:18:48.813+0000: 18.922: [DefNew: 136576K->17023K(153600K), 0.0290324 secs] 151767K->52502K(494976K), 0.0291138 secs] [Times: user=0.02 sys=0.01, real=0.03 secs] 
2019-06-10T18:18:50.289+0000: 20.397: [Full GC (Metadata GC Threshold) 2019-06-10T18:18:50.289+0000: 20.397: [Tenured: 35478K->44011K(341376K), 0.0402659 secs] 85676K->44011K(494976K), [Metaspace: 34516K->34516K(1079296K)], 0.0403418 secs] [Times: user=0.04 sys=0.00, real=0.04 secs] 
2019-06-10T18:18:56.729+0000: 26.838: [GC (Allocation Failure) 2019-06-10T18:18:56.729+0000: 26.838: [DefNew: 136576K->66K(153600K), 0.0017926 secs] 180587K->44077K(494976K), 0.0018541 secs] [Times: user=0.00 sys=0.00, real=0.01 secs] 
2019-06-10T18:19:03.178+0000: 33.286: [GC (Allocation Failure) 2019-06-10T18:19:03.178+0000: 33.287: [DefNew: 136642K->68K(153600K), 0.0017200 secs] 180653K->44079K(494976K), 0.0017847 secs] [Times: user=0.00 sys=0.00, real=0.01 secs] 
2019-06-10T18:19:09.715+0000: 39.823: [GC (Allocation Failure) 2019-06-10T18:19:09.715+0000: 39.823: [DefNew: 136644K->69K(153600K), 0.0017893 secs] 180655K->44080K(494976K), 0.0018630 secs] [Times: user=0.00 sys=0.00, real=0.00 secs] 
2019-06-10T18:19:16.288+0000: 46.396: [GC (Allocation Failure) 2019-06-10T18:19:16.288+0000: 46.396: [DefNew: 136645K->70K(153600K), 0.0017739 secs] 180656K->44081K(494976K), 0.0018374 secs] [Times: user=0.00 sys=0.00, real=0.00 secs] 
2019-06-10T18:19:22.847+0000: 52.955: [GC (Allocation Failure) 2019-06-10T18:19:22.847+0000: 52.955: [DefNew: 136646K->68K(153600K), 0.0017826 secs] 180657K->44080K(494976K), 0.0018516 secs] [Times: user=0.00 sys=0.00, real=0.00 secs] 
18:19:31.680 [Curator-PathChildrenCache-0] ERROR o.a.c.f.r.c.PathChildrenCache  - 
java.lang.IllegalStateException: instance must be started before calling this method
	at org.apache.curator.shaded.com.google.common.base.Preconditions.checkState(Preconditions.java:444)
	at org.apache.curator.framework.imps.CuratorFrameworkImpl.getChildren(CuratorFrameworkImpl.java:456)
	at org.apache.curator.framework.recipes.cache.PathChildrenCache.refresh(PathChildrenCache.java:521)
	at org.apache.curator.framework.recipes.cache.RefreshOperation.invoke(RefreshOperation.java:35)
	at org.apache.curator.framework.recipes.cache.PathChildrenCache$9.run(PathChildrenCache.java:786)
	at java.util.concurrent.Executors$RunnableAdapter.call(Executors.java:511)
	at java.util.concurrent.FutureTask.run(FutureTask.java:266)
	at java.util.concurrent.Executors$RunnableAdapter.call(Executors.java:511)
	at java.util.concurrent.FutureTask.run(FutureTask.java:266)
	at java.util.concurrent.ThreadPoolExecutor.runWorker(ThreadPoolExecutor.java:1149)
	at java.util.concurrent.ThreadPoolExecutor$Worker.run(ThreadPoolExecutor.java:624)
	at java.lang.Thread.run(Thread.java:748)
Heap
 def new generation   total 153600K, used 117406K [0x00000000e0c00000, 0x00000000eb2a0000, 0x00000000eb2a0000)
  eden space 136576K,  85% used [0x00000000e0c00000, 0x00000000e7e966a8, 0x00000000e9160000)
  from space 17024K,   0% used [0x00000000e9160000, 0x00000000e91713e0, 0x00000000ea200000)
  to   space 17024K,   0% used [0x00000000ea200000, 0x00000000ea200000, 0x00000000eb2a0000)
 tenured generation   total 341376K, used 44011K [0x00000000eb2a0000, 0x0000000100000000, 0x0000000100000000)
   the space 341376K,  12% used [0x00000000eb2a0000, 0x00000000edd9aca0, 0x00000000edd9ae00, 0x0000000100000000)
 Metaspace       used 35961K, capacity 36910K, committed 37120K, reserved 1081344K
  class space    used 4841K, capacity 5055K, committed 5120K, reserved 1048576K
