09:20:25,872 |-INFO in ch.qos.logback.classic.LoggerContext[default] - Could NOT find resource [logback-test.xml]
09:20:25,872 |-INFO in ch.qos.logback.classic.LoggerContext[default] - Could NOT find resource [logback.groovy]
09:20:25,872 |-INFO in ch.qos.logback.classic.LoggerContext[default] - Found resource [logback.xml] at [jar:file:/home/nikitasokolov/flamestream/lib/flamestream-runtime-1.0-SNAPSHOT.jar!/logback.xml]
09:20:25,873 |-WARN in ch.qos.logback.classic.LoggerContext[default] - Resource [logback.xml] occurs multiple times on the classpath.
09:20:25,873 |-WARN in ch.qos.logback.classic.LoggerContext[default] - Resource [logback.xml] occurs at [jar:file:/home/nikitasokolov/flamestream/lib/flamestream-runtime-1.0-SNAPSHOT.jar!/logback.xml]
09:20:25,873 |-WARN in ch.qos.logback.classic.LoggerContext[default] - Resource [logback.xml] occurs at [jar:file:/home/nikitasokolov/flamestream/flamestream-runtime-1.0-SNAPSHOT.jar!/logback.xml]
09:20:25,888 |-INFO in ch.qos.logback.core.joran.spi.ConfigurationWatchList@6108b2d7 - URL [jar:file:/home/nikitasokolov/flamestream/lib/flamestream-runtime-1.0-SNAPSHOT.jar!/logback.xml] is not of type file
09:20:25,938 |-INFO in ch.qos.logback.classic.joran.action.ConfigurationAction - debug attribute not set
09:20:25,939 |-INFO in ch.qos.logback.core.joran.action.AppenderAction - About to instantiate appender of type [ch.qos.logback.core.ConsoleAppender]
09:20:25,946 |-INFO in ch.qos.logback.core.joran.action.AppenderAction - Naming appender as [STDOUT]
09:20:25,954 |-INFO in ch.qos.logback.core.joran.action.NestedComplexPropertyIA - Assuming default type [ch.qos.logback.classic.encoder.PatternLayoutEncoder] for [encoder] property
09:20:26,013 |-INFO in ch.qos.logback.core.joran.action.AppenderAction - About to instantiate appender of type [ch.qos.logback.core.rolling.RollingFileAppender]
09:20:26,018 |-INFO in ch.qos.logback.core.joran.action.AppenderAction - Naming appender as [FILE]
09:20:26,040 |-INFO in c.q.l.core.rolling.TimeBasedRollingPolicy@357863579 - No compression will be used
09:20:26,041 |-INFO in c.q.l.core.rolling.TimeBasedRollingPolicy@357863579 - Will use the pattern /tmp/application_%d{yyyy-MM-dd}.%i.log for the active file
09:20:26,044 |-INFO in ch.qos.logback.core.rolling.SizeAndTimeBasedFNATP@6bf256fa - The date pattern is 'yyyy-MM-dd' from file name pattern '/tmp/application_%d{yyyy-MM-dd}.%i.log'.
09:20:26,044 |-INFO in ch.qos.logback.core.rolling.SizeAndTimeBasedFNATP@6bf256fa - Roll-over at midnight.
09:20:26,048 |-INFO in ch.qos.logback.core.rolling.SizeAndTimeBasedFNATP@6bf256fa - Setting initial period to Sun Jun 09 09:19:38 MSK 2019
09:20:26,048 |-WARN in ch.qos.logback.core.rolling.SizeAndTimeBasedFNATP@6bf256fa - SizeAndTimeBasedFNATP is deprecated. Use SizeAndTimeBasedRollingPolicy instead
09:20:26,048 |-WARN in ch.qos.logback.core.rolling.SizeAndTimeBasedFNATP@6bf256fa - For more information see http://logback.qos.ch/manual/appenders.html#SizeAndTimeBasedRollingPolicy
09:20:26,053 |-INFO in ch.qos.logback.core.joran.action.NestedComplexPropertyIA - Assuming default type [ch.qos.logback.classic.encoder.PatternLayoutEncoder] for [encoder] property
09:20:26,055 |-INFO in ch.qos.logback.core.rolling.RollingFileAppender[FILE] - Active log file name: /tmp/application.log
09:20:26,055 |-INFO in ch.qos.logback.core.rolling.RollingFileAppender[FILE] - File property is set to [/tmp/application.log]
09:20:26,056 |-INFO in ch.qos.logback.classic.joran.action.RootLoggerAction - Setting level of ROOT logger to WARN
09:20:26,056 |-INFO in ch.qos.logback.core.joran.action.AppenderRefAction - Attaching appender named [STDOUT] to Logger[ROOT]
09:20:26,056 |-INFO in ch.qos.logback.core.joran.action.AppenderRefAction - Attaching appender named [FILE] to Logger[ROOT]
09:20:26,057 |-INFO in ch.qos.logback.classic.joran.action.ConfigurationAction - End of configuration.
09:20:26,057 |-INFO in ch.qos.logback.classic.joran.JoranConfigurator@6cd8737 - Registering current configuration as safe fallback point

2019-06-09T09:20:27.039+0300: 1.383: [GC (Metadata GC Threshold) [PSYoungGen: 110722K->15910K(149504K)] 110722K->15990K(491008K), 0.0259454 secs] [Times: user=0.03 sys=0.07, real=0.02 secs] 
2019-06-09T09:20:27.065+0300: 1.409: [Full GC (Metadata GC Threshold) [PSYoungGen: 15910K->0K(149504K)] [ParOldGen: 80K->15078K(341504K)] 15990K->15078K(491008K), [Metaspace: 20802K->20802K(1067008K)], 0.0266160 secs] [Times: user=0.18 sys=0.01, real=0.03 secs] 
09:20:40.391 [Curator-PathChildrenCache-1] WARN  o.a.c.u.ZKPaths  - The version of ZooKeeper being used doesn't support Container nodes. CreateMode.PERSISTENT will be used instead.
2019-06-09T09:20:41.456+0300: 15.799: [GC (Metadata GC Threshold) [PSYoungGen: 126198K->15803K(149504K)] 141277K->50421K(491008K), 0.0275978 secs] [Times: user=0.20 sys=0.03, real=0.03 secs] 
2019-06-09T09:20:41.484+0300: 15.827: [Full GC (Metadata GC Threshold) [PSYoungGen: 15803K->0K(149504K)] [ParOldGen: 34617K->38960K(341504K)] 50421K->38960K(491008K), [Metaspace: 34564K->34564K(1079296K)], 0.0411762 secs] [Times: user=0.20 sys=0.00, real=0.04 secs] 
2019-06-09T09:20:44.187+0300: 18.530: [GC (Allocation Failure) [PSYoungGen: 128512K->544K(149504K)] 167472K->39512K(491008K), 0.0034225 secs] [Times: user=0.02 sys=0.00, real=0.01 secs] 
2019-06-09T09:20:47.478+0300: 21.822: [GC (Allocation Failure) [PSYoungGen: 129056K->384K(149504K)] 168024K->39360K(491008K), 0.0038236 secs] [Times: user=0.02 sys=0.00, real=0.00 secs] 
2019-06-09T09:20:50.807+0300: 25.150: [GC (Allocation Failure) [PSYoungGen: 128896K->512K(129536K)] 167872K->39488K(471040K), 0.0037947 secs] [Times: user=0.02 sys=0.00, real=0.01 secs] 
2019-06-09T09:20:54.126+0300: 28.469: [GC (Allocation Failure) [PSYoungGen: 129024K->512K(150016K)] 168000K->39488K(491520K), 0.0028736 secs] [Times: user=0.02 sys=0.00, real=0.00 secs] 
2019-06-09T09:20:57.504+0300: 31.847: [GC (Allocation Failure) [PSYoungGen: 129024K->544K(148992K)] 168000K->39528K(490496K), 0.0123550 secs] [Times: user=0.14 sys=0.00, real=0.01 secs] 
2019-06-09T09:21:00.874+0300: 35.218: [GC (Allocation Failure) [PSYoungGen: 129056K->544K(151552K)] 168040K->39528K(493056K), 0.0061402 secs] [Times: user=0.04 sys=0.00, real=0.01 secs] 
2019-06-09T09:21:04.323+0300: 38.667: [GC (Allocation Failure) [PSYoungGen: 132640K->480K(151040K)] 171624K->39472K(492544K), 0.0045822 secs] [Times: user=0.03 sys=0.00, real=0.00 secs] 
2019-06-09T09:21:07.797+0300: 42.141: [GC (Allocation Failure) [PSYoungGen: 132576K->544K(153088K)] 171568K->39536K(494592K), 0.0037423 secs] [Times: user=0.01 sys=0.00, real=0.01 secs] 
2019-06-09T09:21:11.347+0300: 45.691: [GC (Allocation Failure) [PSYoungGen: 135712K->576K(152576K)] 174704K->39568K(494080K), 0.0041532 secs] [Times: user=0.02 sys=0.00, real=0.01 secs] 
2019-06-09T09:21:14.908+0300: 49.251: [GC (Allocation Failure) [PSYoungGen: 135744K->512K(155136K)] 174736K->39504K(496640K), 0.0036565 secs] [Times: user=0.00 sys=0.01, real=0.01 secs] 
2019-06-09T09:21:18.550+0300: 52.894: [GC (Allocation Failure) [PSYoungGen: 139264K->480K(154112K)] 178256K->39472K(495616K), 0.0027559 secs] [Times: user=0.01 sys=0.00, real=0.00 secs] 
09:21:31.367 [Curator-PathChildrenCache-0] ERROR o.a.c.f.r.c.PathChildrenCache  - 
java.lang.IllegalStateException: instance must be started before calling this method
	at org.apache.curator.shaded.com.google.common.base.Preconditions.checkState(Preconditions.java:444)
	at org.apache.curator.framework.imps.CuratorFrameworkImpl.getChildren(CuratorFrameworkImpl.java:456)
	at org.apache.curator.framework.recipes.cache.PathChildrenCache.refresh(PathChildrenCache.java:521)
	at org.apache.curator.framework.recipes.cache.RefreshOperation.invoke(RefreshOperation.java:35)
	at org.apache.curator.framework.recipes.cache.PathChildrenCache$9.run(PathChildrenCache.java:786)
	at java.util.concurrent.Executors$RunnableAdapter.call(Executors.java:511)
	at java.util.concurrent.FutureTask.run(FutureTask.java:266)
	at java.util.concurrent.Executors$RunnableAdapter.call(Executors.java:511)
	at java.util.concurrent.FutureTask.run(FutureTask.java:266)
	at java.util.concurrent.ThreadPoolExecutor.runWorker(ThreadPoolExecutor.java:1149)
	at java.util.concurrent.ThreadPoolExecutor$Worker.run(ThreadPoolExecutor.java:624)
	at java.lang.Thread.run(Thread.java:748)
Heap
 PSYoungGen      total 154112K, used 129194K [0x00000000f5980000, 0x0000000100000000, 0x0000000100000000)
  eden space 138752K, 92% used [0x00000000f5980000,0x00000000fd7329e0,0x00000000fe100000)
  from space 15360K, 3% used [0x00000000fe100000,0x00000000fe178040,0x00000000ff000000)
  to   space 14848K, 0% used [0x00000000ff180000,0x00000000ff180000,0x0000000100000000)
 ParOldGen       total 341504K, used 38992K [0x00000000e0c00000, 0x00000000f5980000, 0x00000000f5980000)
  object space 341504K, 11% used [0x00000000e0c00000,0x00000000e3214338,0x00000000f5980000)
 Metaspace       used 36073K, capacity 36894K, committed 37208K, reserved 1081344K
  class space    used 4980K, capacity 5161K, committed 5248K, reserved 1048576K
