05:31:15,978 |-INFO in ch.qos.logback.classic.LoggerContext[default] - Could NOT find resource [logback-test.xml]
05:31:15,978 |-INFO in ch.qos.logback.classic.LoggerContext[default] - Could NOT find resource [logback.groovy]
05:31:15,978 |-INFO in ch.qos.logback.classic.LoggerContext[default] - Found resource [logback.xml] at [jar:file:/root/flamestream/lib/flamestream-runtime-1.0-SNAPSHOT.jar!/logback.xml]
05:31:15,979 |-WARN in ch.qos.logback.classic.LoggerContext[default] - Resource [logback.xml] occurs multiple times on the classpath.
05:31:15,983 |-WARN in ch.qos.logback.classic.LoggerContext[default] - Resource [logback.xml] occurs at [jar:file:/root/flamestream/lib/flamestream-runtime-1.0-SNAPSHOT.jar!/logback.xml]
05:31:15,983 |-WARN in ch.qos.logback.classic.LoggerContext[default] - Resource [logback.xml] occurs at [jar:file:/root/flamestream/flamestream-runtime-1.0-SNAPSHOT.jar!/logback.xml]
05:31:16,003 |-INFO in ch.qos.logback.core.joran.spi.ConfigurationWatchList@3fb6a447 - URL [jar:file:/root/flamestream/lib/flamestream-runtime-1.0-SNAPSHOT.jar!/logback.xml] is not of type file
05:31:16,075 |-INFO in ch.qos.logback.classic.joran.action.ConfigurationAction - debug attribute not set
05:31:16,076 |-INFO in ch.qos.logback.core.joran.action.AppenderAction - About to instantiate appender of type [ch.qos.logback.core.ConsoleAppender]
05:31:16,096 |-INFO in ch.qos.logback.core.joran.action.AppenderAction - Naming appender as [STDOUT]
05:31:16,113 |-INFO in ch.qos.logback.core.joran.action.NestedComplexPropertyIA - Assuming default type [ch.qos.logback.classic.encoder.PatternLayoutEncoder] for [encoder] property
05:31:16,195 |-INFO in ch.qos.logback.core.joran.action.AppenderAction - About to instantiate appender of type [ch.qos.logback.core.rolling.RollingFileAppender]
05:31:16,200 |-INFO in ch.qos.logback.core.joran.action.AppenderAction - Naming appender as [FILE]
05:31:16,232 |-INFO in c.q.l.core.rolling.TimeBasedRollingPolicy@127618319 - No compression will be used
05:31:16,233 |-INFO in c.q.l.core.rolling.TimeBasedRollingPolicy@127618319 - Will use the pattern /tmp/application_%d{yyyy-MM-dd}.%i.log for the active file
05:31:16,236 |-INFO in ch.qos.logback.core.rolling.SizeAndTimeBasedFNATP@6b2fad11 - The date pattern is 'yyyy-MM-dd' from file name pattern '/tmp/application_%d{yyyy-MM-dd}.%i.log'.
05:31:16,236 |-INFO in ch.qos.logback.core.rolling.SizeAndTimeBasedFNATP@6b2fad11 - Roll-over at midnight.
05:31:16,241 |-INFO in ch.qos.logback.core.rolling.SizeAndTimeBasedFNATP@6b2fad11 - Setting initial period to Tue Jun 11 05:29:54 UTC 2019
05:31:16,241 |-WARN in ch.qos.logback.core.rolling.SizeAndTimeBasedFNATP@6b2fad11 - SizeAndTimeBasedFNATP is deprecated. Use SizeAndTimeBasedRollingPolicy instead
05:31:16,241 |-WARN in ch.qos.logback.core.rolling.SizeAndTimeBasedFNATP@6b2fad11 - For more information see http://logback.qos.ch/manual/appenders.html#SizeAndTimeBasedRollingPolicy
05:31:16,245 |-INFO in ch.qos.logback.core.joran.action.NestedComplexPropertyIA - Assuming default type [ch.qos.logback.classic.encoder.PatternLayoutEncoder] for [encoder] property
05:31:16,250 |-INFO in ch.qos.logback.core.rolling.RollingFileAppender[FILE] - Active log file name: /tmp/application.log
05:31:16,250 |-INFO in ch.qos.logback.core.rolling.RollingFileAppender[FILE] - File property is set to [/tmp/application.log]
05:31:16,251 |-INFO in ch.qos.logback.classic.joran.action.RootLoggerAction - Setting level of ROOT logger to WARN
05:31:16,251 |-INFO in ch.qos.logback.core.joran.action.AppenderRefAction - Attaching appender named [STDOUT] to Logger[ROOT]
05:31:16,253 |-INFO in ch.qos.logback.core.joran.action.AppenderRefAction - Attaching appender named [FILE] to Logger[ROOT]
05:31:16,253 |-INFO in ch.qos.logback.classic.joran.action.ConfigurationAction - End of configuration.
05:31:16,253 |-INFO in ch.qos.logback.classic.joran.JoranConfigurator@79698539 - Registering current configuration as safe fallback point

Ama winner
Ama winner
2019-06-11T05:31:17.539+0000: 1.744: [Full GC (Metadata GC Threshold) 2019-06-11T05:31:17.539+0000: 1.744: [Tenured: 0K->15207K(341376K), 0.0385371 secs] 114923K->15207K(494976K), [Metaspace: 20726K->20726K(1067008K)], 0.0386038 secs] [Times: user=0.03 sys=0.01, real=0.04 secs] 
05:31:36.126 [Curator-PathChildrenCache-1] WARN  o.a.c.u.ZKPaths  - The version of ZooKeeper being used doesn't support Container nodes. CreateMode.PERSISTENT will be used instead.
2019-06-11T05:31:38.685+0000: 22.890: [GC (Allocation Failure) 2019-06-11T05:31:38.685+0000: 22.890: [DefNew: 136576K->17023K(153600K), 0.0255939 secs] 151783K->52802K(494976K), 0.0256628 secs] [Times: user=0.03 sys=0.00, real=0.03 secs] 
2019-06-11T05:31:45.907+0000: 30.111: [GC (Allocation Failure) 2019-06-11T05:31:45.907+0000: 30.111: [DefNew: 153599K->190K(153600K), 0.0096328 secs] 189378K->44394K(494976K), 0.0097032 secs] [Times: user=0.01 sys=0.00, real=0.02 secs] 
2019-06-11T05:31:48.948+0000: 33.153: [Full GC (Metadata GC Threshold) 2019-06-11T05:31:48.948+0000: 33.153: [Tenured: 44204K->44387K(341376K), 0.0453903 secs] 106211K->44387K(494976K), [Metaspace: 34607K->34607K(1079296K)], 0.0454809 secs] [Times: user=0.04 sys=0.00, real=0.04 secs] 
2019-06-11T05:31:55.894+0000: 40.098: [GC (Allocation Failure) 2019-06-11T05:31:55.894+0000: 40.099: [DefNew: 136576K->116K(153600K), 0.0017019 secs] 180963K->44504K(494976K), 0.0017632 secs] [Times: user=0.00 sys=0.00, real=0.01 secs] 
2019-06-11T05:32:02.907+0000: 47.112: [GC (Allocation Failure) 2019-06-11T05:32:02.907+0000: 47.112: [DefNew: 136692K->114K(153600K), 0.0016129 secs] 181080K->44502K(494976K), 0.0016736 secs] [Times: user=0.00 sys=0.00, real=0.00 secs] 
2019-06-11T05:32:09.995+0000: 54.200: [GC (Allocation Failure) 2019-06-11T05:32:09.995+0000: 54.200: [DefNew: 136690K->116K(153600K), 0.0016429 secs] 181078K->44504K(494976K), 0.0017034 secs] [Times: user=0.00 sys=0.00, real=0.00 secs] 
2019-06-11T05:32:17.091+0000: 61.296: [GC (Allocation Failure) 2019-06-11T05:32:17.091+0000: 61.296: [DefNew: 136692K->115K(153600K), 0.0016902 secs] 181080K->44502K(494976K), 0.0017497 secs] [Times: user=0.00 sys=0.00, real=0.00 secs] 
05:32:30.556 [Curator-PathChildrenCache-0] ERROR o.a.c.f.r.c.PathChildrenCache  - 
java.lang.IllegalStateException: instance must be started before calling this method
	at org.apache.curator.shaded.com.google.common.base.Preconditions.checkState(Preconditions.java:444)
	at org.apache.curator.framework.imps.CuratorFrameworkImpl.getChildren(CuratorFrameworkImpl.java:456)
	at org.apache.curator.framework.recipes.cache.PathChildrenCache.refresh(PathChildrenCache.java:521)
	at org.apache.curator.framework.recipes.cache.RefreshOperation.invoke(RefreshOperation.java:35)
	at org.apache.curator.framework.recipes.cache.PathChildrenCache$9.run(PathChildrenCache.java:786)
	at java.util.concurrent.Executors$RunnableAdapter.call(Executors.java:511)
	at java.util.concurrent.FutureTask.run(FutureTask.java:266)
	at java.util.concurrent.Executors$RunnableAdapter.call(Executors.java:511)
	at java.util.concurrent.FutureTask.run(FutureTask.java:266)
	at java.util.concurrent.ThreadPoolExecutor.runWorker(ThreadPoolExecutor.java:1149)
	at java.util.concurrent.ThreadPoolExecutor$Worker.run(ThreadPoolExecutor.java:624)
	at java.lang.Thread.run(Thread.java:748)
Heap
 def new generation   total 153600K, used 114632K [0x00000000e0c00000, 0x00000000eb2a0000, 0x00000000eb2a0000)
  eden space 136576K,  83% used [0x00000000e0c00000, 0x00000000e7bd53d0, 0x00000000e9160000)
  from space 17024K,   0% used [0x00000000e9160000, 0x00000000e917cc30, 0x00000000ea200000)
  to   space 17024K,   0% used [0x00000000ea200000, 0x00000000ea200000, 0x00000000eb2a0000)
 tenured generation   total 341376K, used 44387K [0x00000000eb2a0000, 0x0000000100000000, 0x0000000100000000)
   the space 341376K,  13% used [0x00000000eb2a0000, 0x00000000eddf8fa0, 0x00000000eddf9000, 0x0000000100000000)
 Metaspace       used 36067K, capacity 36992K, committed 37120K, reserved 1081344K
  class space    used 4858K, capacity 5074K, committed 5120K, reserved 1048576K
