23:15:47,080 |-INFO in ch.qos.logback.classic.LoggerContext[default] - Could NOT find resource [logback-test.xml]
23:15:47,080 |-INFO in ch.qos.logback.classic.LoggerContext[default] - Could NOT find resource [logback.groovy]
23:15:47,080 |-INFO in ch.qos.logback.classic.LoggerContext[default] - Found resource [logback.xml] at [jar:file:/home/nikitasokolov/flamestream/lib/flamestream-runtime-1.0-SNAPSHOT.jar!/logback.xml]
23:15:47,080 |-WARN in ch.qos.logback.classic.LoggerContext[default] - Resource [logback.xml] occurs multiple times on the classpath.
23:15:47,081 |-WARN in ch.qos.logback.classic.LoggerContext[default] - Resource [logback.xml] occurs at [jar:file:/home/nikitasokolov/flamestream/lib/flamestream-runtime-1.0-SNAPSHOT.jar!/logback.xml]
23:15:47,081 |-WARN in ch.qos.logback.classic.LoggerContext[default] - Resource [logback.xml] occurs at [jar:file:/home/nikitasokolov/flamestream/flamestream-runtime-1.0-SNAPSHOT.jar!/logback.xml]
23:15:47,097 |-INFO in ch.qos.logback.core.joran.spi.ConfigurationWatchList@6108b2d7 - URL [jar:file:/home/nikitasokolov/flamestream/lib/flamestream-runtime-1.0-SNAPSHOT.jar!/logback.xml] is not of type file
23:15:47,147 |-INFO in ch.qos.logback.classic.joran.action.ConfigurationAction - debug attribute not set
23:15:47,148 |-INFO in ch.qos.logback.core.joran.action.AppenderAction - About to instantiate appender of type [ch.qos.logback.core.ConsoleAppender]
23:15:47,156 |-INFO in ch.qos.logback.core.joran.action.AppenderAction - Naming appender as [STDOUT]
23:15:47,164 |-INFO in ch.qos.logback.core.joran.action.NestedComplexPropertyIA - Assuming default type [ch.qos.logback.classic.encoder.PatternLayoutEncoder] for [encoder] property
23:15:47,222 |-INFO in ch.qos.logback.core.joran.action.AppenderAction - About to instantiate appender of type [ch.qos.logback.core.rolling.RollingFileAppender]
23:15:47,227 |-INFO in ch.qos.logback.core.joran.action.AppenderAction - Naming appender as [FILE]
23:15:47,252 |-INFO in c.q.l.core.rolling.TimeBasedRollingPolicy@357863579 - No compression will be used
23:15:47,254 |-INFO in c.q.l.core.rolling.TimeBasedRollingPolicy@357863579 - Will use the pattern /tmp/application_%d{yyyy-MM-dd}.%i.log for the active file
23:15:47,257 |-INFO in ch.qos.logback.core.rolling.SizeAndTimeBasedFNATP@6bf256fa - The date pattern is 'yyyy-MM-dd' from file name pattern '/tmp/application_%d{yyyy-MM-dd}.%i.log'.
23:15:47,257 |-INFO in ch.qos.logback.core.rolling.SizeAndTimeBasedFNATP@6bf256fa - Roll-over at midnight.
23:15:47,261 |-INFO in ch.qos.logback.core.rolling.SizeAndTimeBasedFNATP@6bf256fa - Setting initial period to Sat Jun 08 23:15:07 MSK 2019
23:15:47,261 |-WARN in ch.qos.logback.core.rolling.SizeAndTimeBasedFNATP@6bf256fa - SizeAndTimeBasedFNATP is deprecated. Use SizeAndTimeBasedRollingPolicy instead
23:15:47,261 |-WARN in ch.qos.logback.core.rolling.SizeAndTimeBasedFNATP@6bf256fa - For more information see http://logback.qos.ch/manual/appenders.html#SizeAndTimeBasedRollingPolicy
23:15:47,266 |-INFO in ch.qos.logback.core.joran.action.NestedComplexPropertyIA - Assuming default type [ch.qos.logback.classic.encoder.PatternLayoutEncoder] for [encoder] property
23:15:47,268 |-INFO in ch.qos.logback.core.rolling.RollingFileAppender[FILE] - Active log file name: /tmp/application.log
23:15:47,268 |-INFO in ch.qos.logback.core.rolling.RollingFileAppender[FILE] - File property is set to [/tmp/application.log]
23:15:47,269 |-INFO in ch.qos.logback.classic.joran.action.RootLoggerAction - Setting level of ROOT logger to WARN
23:15:47,269 |-INFO in ch.qos.logback.core.joran.action.AppenderRefAction - Attaching appender named [STDOUT] to Logger[ROOT]
23:15:47,270 |-INFO in ch.qos.logback.core.joran.action.AppenderRefAction - Attaching appender named [FILE] to Logger[ROOT]
23:15:47,270 |-INFO in ch.qos.logback.classic.joran.action.ConfigurationAction - End of configuration.
23:15:47,270 |-INFO in ch.qos.logback.classic.joran.JoranConfigurator@6cd8737 - Registering current configuration as safe fallback point

2019-06-08T23:15:48.245+0300: 1.369: [GC (Metadata GC Threshold) [PSYoungGen: 108152K->15763K(149504K)] 108152K->15843K(491008K), 0.0195592 secs] [Times: user=0.07 sys=0.01, real=0.02 secs] 
2019-06-08T23:15:48.265+0300: 1.389: [Full GC (Metadata GC Threshold) [PSYoungGen: 15763K->0K(149504K)] [ParOldGen: 80K->14981K(341504K)] 15843K->14981K(491008K), [Metaspace: 20800K->20800K(1067008K)], 0.0275890 secs] [Times: user=0.19 sys=0.01, real=0.03 secs] 
23:15:55.547 [Curator-PathChildrenCache-1] WARN  o.a.c.u.ZKPaths  - The version of ZooKeeper being used doesn't support Container nodes. CreateMode.PERSISTENT will be used instead.
2019-06-08T23:15:56.539+0300: 9.663: [GC (Metadata GC Threshold) [PSYoungGen: 128512K->16021K(149504K)] 143493K->50542K(491008K), 0.0310141 secs] [Times: user=0.26 sys=0.03, real=0.03 secs] 
2019-06-08T23:15:56.570+0300: 9.694: [Full GC (Metadata GC Threshold) [PSYoungGen: 16021K->0K(149504K)] [ParOldGen: 34521K->38941K(341504K)] 50542K->38941K(491008K), [Metaspace: 34575K->34575K(1079296K)], 0.0612771 secs] [Times: user=0.38 sys=0.02, real=0.06 secs] 
2019-06-08T23:15:58.534+0300: 11.658: [GC (Allocation Failure) [PSYoungGen: 128512K->512K(149504K)] 167453K->39461K(491008K), 0.0037574 secs] [Times: user=0.02 sys=0.00, real=0.01 secs] 
2019-06-08T23:16:00.495+0300: 13.619: [GC (Allocation Failure) [PSYoungGen: 129024K->640K(149504K)] 167973K->39597K(491008K), 0.0029110 secs] [Times: user=0.01 sys=0.00, real=0.01 secs] 
2019-06-08T23:16:02.502+0300: 15.626: [GC (Allocation Failure) [PSYoungGen: 129152K->768K(129536K)] 168109K->39733K(471040K), 0.0062938 secs] [Times: user=0.05 sys=0.01, real=0.00 secs] 
2019-06-08T23:16:04.169+0300: 17.293: [GC (Allocation Failure) [PSYoungGen: 129280K->512K(150016K)] 168245K->39477K(491520K), 0.0024178 secs] [Times: user=0.00 sys=0.01, real=0.01 secs] 
2019-06-08T23:16:06.056+0300: 19.180: [GC (Allocation Failure) [PSYoungGen: 129024K->704K(148992K)] 167989K->39669K(490496K), 0.0034790 secs] [Times: user=0.00 sys=0.01, real=0.01 secs] 
2019-06-08T23:16:07.540+0300: 20.664: [GC (Allocation Failure) [PSYoungGen: 129216K->768K(151552K)] 168181K->39741K(493056K), 0.0035176 secs] [Times: user=0.02 sys=0.00, real=0.00 secs] 
2019-06-08T23:16:08.494+0300: 21.618: [GC (Allocation Failure) [PSYoungGen: 132864K->704K(151040K)] 171837K->39685K(492544K), 0.0032036 secs] [Times: user=0.01 sys=0.01, real=0.00 secs] 
2019-06-08T23:16:10.096+0300: 23.220: [GC (Allocation Failure) [PSYoungGen: 132800K->800K(153088K)] 171781K->39781K(494592K), 0.0085700 secs] [Times: user=0.08 sys=0.00, real=0.01 secs] 
2019-06-08T23:16:11.446+0300: 24.570: [GC (Allocation Failure) [PSYoungGen: 135968K->672K(152576K)] 174949K->39661K(494080K), 0.0037841 secs] [Times: user=0.02 sys=0.00, real=0.01 secs] 
2019-06-08T23:16:12.674+0300: 25.798: [GC (Allocation Failure) [PSYoungGen: 135840K->640K(154624K)] 174829K->39629K(496128K), 0.0027345 secs] [Times: user=0.01 sys=0.00, real=0.00 secs] 
2019-06-08T23:16:13.866+0300: 26.990: [GC (Allocation Failure) [PSYoungGen: 138880K->768K(154112K)] 177869K->39757K(495616K), 0.0029720 secs] [Times: user=0.02 sys=0.00, real=0.00 secs] 
2019-06-08T23:16:14.985+0300: 28.109: [GC (Allocation Failure) [PSYoungGen: 139008K->704K(156672K)] 177997K->39693K(498176K), 0.0035391 secs] [Times: user=0.01 sys=0.00, real=0.00 secs] 
2019-06-08T23:16:16.175+0300: 29.299: [GC (Allocation Failure) [PSYoungGen: 142528K->736K(155648K)] 181517K->39733K(497152K), 0.0037633 secs] [Times: user=0.01 sys=0.00, real=0.01 secs] 
2019-06-08T23:16:17.308+0300: 30.511: [GC (Allocation Failure) [PSYoungGen: 142560K->672K(158208K)] 181557K->39669K(499712K), 0.1362877 secs] [Times: user=0.01 sys=0.00, real=0.14 secs] 
2019-06-08T23:16:19.075+0300: 32.199: [GC (Allocation Failure) [PSYoungGen: 145568K->640K(157184K)] 184565K->39637K(498688K), 0.0031492 secs] [Times: user=0.01 sys=0.00, real=0.01 secs] 
2019-06-08T23:16:20.649+0300: 33.773: [GC (Allocation Failure) [PSYoungGen: 145536K->544K(159232K)] 184533K->39861K(500736K), 0.0033592 secs] [Times: user=0.01 sys=0.00, real=0.01 secs] 
2019-06-08T23:16:22.661+0300: 35.785: [GC (Allocation Failure) [PSYoungGen: 148000K->480K(158720K)] 187317K->39861K(500224K), 0.0705815 secs] [Times: user=0.01 sys=0.00, real=0.07 secs] 
2019-06-08T23:16:25.058+0300: 38.182: [GC (Allocation Failure) [PSYoungGen: 147936K->320K(160768K)] 187317K->39725K(502272K), 0.0025699 secs] [Times: user=0.01 sys=0.00, real=0.00 secs] 
23:16:31.163 [Curator-PathChildrenCache-0] ERROR o.a.c.f.r.c.PathChildrenCache  - 
java.lang.IllegalStateException: instance must be started before calling this method
	at org.apache.curator.shaded.com.google.common.base.Preconditions.checkState(Preconditions.java:444)
	at org.apache.curator.framework.imps.CuratorFrameworkImpl.getChildren(CuratorFrameworkImpl.java:456)
	at org.apache.curator.framework.recipes.cache.PathChildrenCache.refresh(PathChildrenCache.java:521)
	at org.apache.curator.framework.recipes.cache.RefreshOperation.invoke(RefreshOperation.java:35)
	at org.apache.curator.framework.recipes.cache.PathChildrenCache$9.run(PathChildrenCache.java:786)
	at java.util.concurrent.Executors$RunnableAdapter.call(Executors.java:511)
	at java.util.concurrent.FutureTask.run(FutureTask.java:266)
	at java.util.concurrent.Executors$RunnableAdapter.call(Executors.java:511)
	at java.util.concurrent.FutureTask.run(FutureTask.java:266)
	at java.util.concurrent.ThreadPoolExecutor.runWorker(ThreadPoolExecutor.java:1149)
	at java.util.concurrent.ThreadPoolExecutor$Worker.run(ThreadPoolExecutor.java:624)
	at java.lang.Thread.run(Thread.java:748)
Heap
 PSYoungGen      total 160768K, used 71467K [0x00000000f5980000, 0x0000000100000000, 0x0000000100000000)
  eden space 150016K, 47% used [0x00000000f5980000,0x00000000f9efad98,0x00000000fec00000)
  from space 10752K, 2% used [0x00000000ff580000,0x00000000ff5d0020,0x0000000100000000)
  to   space 9728K, 0% used [0x00000000fec00000,0x00000000fec00000,0x00000000ff580000)
 ParOldGen       total 341504K, used 39405K [0x00000000e0c00000, 0x00000000f5980000, 0x00000000f5980000)
  object space 341504K, 11% used [0x00000000e0c00000,0x00000000e327b7d0,0x00000000f5980000)
 Metaspace       used 35810K, capacity 36686K, committed 36952K, reserved 1081344K
  class space    used 4935K, capacity 5129K, committed 5248K, reserved 1048576K
