13:27:49,185 |-INFO in ch.qos.logback.classic.LoggerContext[default] - Could NOT find resource [logback-test.xml]
13:27:49,185 |-INFO in ch.qos.logback.classic.LoggerContext[default] - Could NOT find resource [logback.groovy]
13:27:49,186 |-INFO in ch.qos.logback.classic.LoggerContext[default] - Found resource [logback.xml] at [jar:file:/home/nikitasokolov/flamestream/lib/flamestream-runtime-1.0-SNAPSHOT.jar!/logback.xml]
13:27:49,186 |-WARN in ch.qos.logback.classic.LoggerContext[default] - Resource [logback.xml] occurs multiple times on the classpath.
13:27:49,186 |-WARN in ch.qos.logback.classic.LoggerContext[default] - Resource [logback.xml] occurs at [jar:file:/home/nikitasokolov/flamestream/lib/flamestream-runtime-1.0-SNAPSHOT.jar!/logback.xml]
13:27:49,186 |-WARN in ch.qos.logback.classic.LoggerContext[default] - Resource [logback.xml] occurs at [jar:file:/home/nikitasokolov/flamestream/flamestream-runtime-1.0-SNAPSHOT.jar!/logback.xml]
13:27:49,202 |-INFO in ch.qos.logback.core.joran.spi.ConfigurationWatchList@6bf256fa - URL [jar:file:/home/nikitasokolov/flamestream/lib/flamestream-runtime-1.0-SNAPSHOT.jar!/logback.xml] is not of type file
13:27:49,253 |-INFO in ch.qos.logback.classic.joran.action.ConfigurationAction - debug attribute not set
13:27:49,254 |-INFO in ch.qos.logback.core.joran.action.AppenderAction - About to instantiate appender of type [ch.qos.logback.core.ConsoleAppender]
13:27:49,261 |-INFO in ch.qos.logback.core.joran.action.AppenderAction - Naming appender as [STDOUT]
13:27:49,269 |-INFO in ch.qos.logback.core.joran.action.NestedComplexPropertyIA - Assuming default type [ch.qos.logback.classic.encoder.PatternLayoutEncoder] for [encoder] property
13:27:49,332 |-INFO in ch.qos.logback.core.joran.action.AppenderAction - About to instantiate appender of type [ch.qos.logback.core.rolling.RollingFileAppender]
13:27:49,337 |-INFO in ch.qos.logback.core.joran.action.AppenderAction - Naming appender as [FILE]
13:27:49,360 |-INFO in c.q.l.core.rolling.TimeBasedRollingPolicy@114132791 - No compression will be used
13:27:49,361 |-INFO in c.q.l.core.rolling.TimeBasedRollingPolicy@114132791 - Will use the pattern /tmp/application_%d{yyyy-MM-dd}.%i.log for the active file
13:27:49,364 |-INFO in ch.qos.logback.core.rolling.SizeAndTimeBasedFNATP@22f71333 - The date pattern is 'yyyy-MM-dd' from file name pattern '/tmp/application_%d{yyyy-MM-dd}.%i.log'.
13:27:49,364 |-INFO in ch.qos.logback.core.rolling.SizeAndTimeBasedFNATP@22f71333 - Roll-over at midnight.
13:27:49,368 |-INFO in ch.qos.logback.core.rolling.SizeAndTimeBasedFNATP@22f71333 - Setting initial period to Tue May 28 13:26:18 MSK 2019
13:27:49,368 |-WARN in ch.qos.logback.core.rolling.SizeAndTimeBasedFNATP@22f71333 - SizeAndTimeBasedFNATP is deprecated. Use SizeAndTimeBasedRollingPolicy instead
13:27:49,368 |-WARN in ch.qos.logback.core.rolling.SizeAndTimeBasedFNATP@22f71333 - For more information see http://logback.qos.ch/manual/appenders.html#SizeAndTimeBasedRollingPolicy
13:27:49,372 |-INFO in ch.qos.logback.core.joran.action.NestedComplexPropertyIA - Assuming default type [ch.qos.logback.classic.encoder.PatternLayoutEncoder] for [encoder] property
13:27:49,375 |-INFO in ch.qos.logback.core.rolling.RollingFileAppender[FILE] - Active log file name: /tmp/application.log
13:27:49,375 |-INFO in ch.qos.logback.core.rolling.RollingFileAppender[FILE] - File property is set to [/tmp/application.log]
13:27:49,376 |-INFO in ch.qos.logback.classic.joran.action.RootLoggerAction - Setting level of ROOT logger to WARN
13:27:49,376 |-INFO in ch.qos.logback.core.joran.action.AppenderRefAction - Attaching appender named [STDOUT] to Logger[ROOT]
13:27:49,376 |-INFO in ch.qos.logback.core.joran.action.AppenderRefAction - Attaching appender named [FILE] to Logger[ROOT]
13:27:49,376 |-INFO in ch.qos.logback.classic.joran.action.ConfigurationAction - End of configuration.
13:27:49,377 |-INFO in ch.qos.logback.classic.joran.JoranConfigurator@13969fbe - Registering current configuration as safe fallback point

Ama winner
Ama winner
2019-05-28T13:27:50.386+0300: 1.404: [GC (Metadata GC Threshold) [PSYoungGen: 95242K->15832K(149504K)] 95242K->15912K(491008K), 0.0202107 secs] [Times: user=0.06 sys=0.06, real=0.02 secs] 
2019-05-28T13:27:50.406+0300: 1.424: [Full GC (Metadata GC Threshold) [PSYoungGen: 15832K->0K(149504K)] [ParOldGen: 80K->14989K(341504K)] 15912K->14989K(491008K), [Metaspace: 20799K->20799K(1067008K)], 0.0253202 secs] [Times: user=0.14 sys=0.02, real=0.03 secs] 
13:27:58.516 [Curator-PathChildrenCache-1] WARN  o.a.c.u.ZKPaths  - The version of ZooKeeper being used doesn't support Container nodes. CreateMode.PERSISTENT will be used instead.
2019-05-28T13:27:59.376+0300: 10.394: [GC (Metadata GC Threshold) [PSYoungGen: 125984K->16870K(149504K)] 140974K->51399K(491008K), 0.0276013 secs] [Times: user=0.22 sys=0.01, real=0.03 secs] 
2019-05-28T13:27:59.404+0300: 10.422: [Full GC (Metadata GC Threshold) [PSYoungGen: 16870K->0K(149504K)] [ParOldGen: 34529K->39765K(341504K)] 51399K->39765K(491008K), [Metaspace: 34427K->34427K(1079296K)], 0.0405565 secs] [Times: user=0.25 sys=0.00, real=0.04 secs] 
2019-05-28T13:28:02.069+0300: 13.087: [GC (Allocation Failure) [PSYoungGen: 128512K->608K(149504K)] 168277K->40381K(491008K), 0.0030976 secs] [Times: user=0.02 sys=0.00, real=0.01 secs] 
2019-05-28T13:28:05.227+0300: 16.246: [GC (Allocation Failure) [PSYoungGen: 129120K->608K(149504K)] 168893K->40389K(491008K), 0.0031187 secs] [Times: user=0.01 sys=0.00, real=0.00 secs] 
2019-05-28T13:28:08.752+0300: 19.771: [GC (Allocation Failure) [PSYoungGen: 129120K->864K(129536K)] 168901K->40653K(471040K), 0.0027651 secs] [Times: user=0.01 sys=0.01, real=0.00 secs] 
2019-05-28T13:28:11.882+0300: 22.900: [GC (Allocation Failure) [PSYoungGen: 129376K->1024K(148992K)] 169165K->40821K(490496K), 0.0031921 secs] [Times: user=0.02 sys=0.00, real=0.00 secs] 
2019-05-28T13:28:15.158+0300: 26.177: [GC (Allocation Failure) [PSYoungGen: 128000K->1056K(148480K)] 167797K->40861K(489984K), 0.0024002 secs] [Times: user=0.00 sys=0.01, real=0.01 secs] 
2019-05-28T13:28:18.581+0300: 29.600: [GC (Allocation Failure) [PSYoungGen: 128032K->1088K(151040K)] 167837K->40901K(492544K), 0.0032723 secs] [Times: user=0.01 sys=0.00, real=0.00 secs] 
13:28:25.035 [Curator-PathChildrenCache-0] ERROR o.a.c.f.r.c.PathChildrenCache  - 
java.lang.IllegalStateException: instance must be started before calling this method
	at org.apache.curator.shaded.com.google.common.base.Preconditions.checkState(Preconditions.java:444)
	at org.apache.curator.framework.imps.CuratorFrameworkImpl.getChildren(CuratorFrameworkImpl.java:456)
	at org.apache.curator.framework.recipes.cache.PathChildrenCache.refresh(PathChildrenCache.java:521)
	at org.apache.curator.framework.recipes.cache.RefreshOperation.invoke(RefreshOperation.java:35)
	at org.apache.curator.framework.recipes.cache.PathChildrenCache$9.run(PathChildrenCache.java:786)
	at java.util.concurrent.Executors$RunnableAdapter.call(Executors.java:511)
	at java.util.concurrent.FutureTask.run(FutureTask.java:266)
	at java.util.concurrent.Executors$RunnableAdapter.call(Executors.java:511)
	at java.util.concurrent.FutureTask.run(FutureTask.java:266)
	at java.util.concurrent.ThreadPoolExecutor.runWorker(ThreadPoolExecutor.java:1149)
	at java.util.concurrent.ThreadPoolExecutor$Worker.run(ThreadPoolExecutor.java:624)
	at java.lang.Thread.run(Thread.java:748)
Heap
 PSYoungGen      total 151040K, used 83272K [0x00000000f5980000, 0x0000000100000000, 0x0000000100000000)
  eden space 130560K, 62% used [0x00000000f5980000,0x00000000fa9c2100,0x00000000fd900000)
  from space 20480K, 5% used [0x00000000fec00000,0x00000000fed10110,0x0000000100000000)
  to   space 19456K, 0% used [0x00000000fd900000,0x00000000fd900000,0x00000000fec00000)
 ParOldGen       total 341504K, used 39813K [0x00000000e0c00000, 0x00000000f5980000, 0x00000000f5980000)
  object space 341504K, 11% used [0x00000000e0c00000,0x00000000e32e15d8,0x00000000f5980000)
 Metaspace       used 36025K, capacity 37012K, committed 37208K, reserved 1081344K
  class space    used 4959K, capacity 5162K, committed 5248K, reserved 1048576K
