19:18:14,272 |-INFO in ch.qos.logback.classic.LoggerContext[default] - Could NOT find resource [logback-test.xml]
19:18:14,273 |-INFO in ch.qos.logback.classic.LoggerContext[default] - Could NOT find resource [logback.groovy]
19:18:14,273 |-INFO in ch.qos.logback.classic.LoggerContext[default] - Found resource [logback.xml] at [jar:file:/root/flamestream/lib/flamestream-runtime-1.0-SNAPSHOT.jar!/logback.xml]
19:18:14,274 |-WARN in ch.qos.logback.classic.LoggerContext[default] - Resource [logback.xml] occurs multiple times on the classpath.
19:18:14,274 |-WARN in ch.qos.logback.classic.LoggerContext[default] - Resource [logback.xml] occurs at [jar:file:/root/flamestream/lib/flamestream-runtime-1.0-SNAPSHOT.jar!/logback.xml]
19:18:14,274 |-WARN in ch.qos.logback.classic.LoggerContext[default] - Resource [logback.xml] occurs at [jar:file:/root/flamestream/flamestream-runtime-1.0-SNAPSHOT.jar!/logback.xml]
19:18:14,295 |-INFO in ch.qos.logback.core.joran.spi.ConfigurationWatchList@3fb6a447 - URL [jar:file:/root/flamestream/lib/flamestream-runtime-1.0-SNAPSHOT.jar!/logback.xml] is not of type file
19:18:14,361 |-INFO in ch.qos.logback.classic.joran.action.ConfigurationAction - debug attribute not set
19:18:14,362 |-INFO in ch.qos.logback.core.joran.action.AppenderAction - About to instantiate appender of type [ch.qos.logback.core.ConsoleAppender]
19:18:14,378 |-INFO in ch.qos.logback.core.joran.action.AppenderAction - Naming appender as [STDOUT]
19:18:14,397 |-INFO in ch.qos.logback.core.joran.action.NestedComplexPropertyIA - Assuming default type [ch.qos.logback.classic.encoder.PatternLayoutEncoder] for [encoder] property
19:18:14,490 |-INFO in ch.qos.logback.core.joran.action.AppenderAction - About to instantiate appender of type [ch.qos.logback.core.rolling.RollingFileAppender]
19:18:14,502 |-INFO in ch.qos.logback.core.joran.action.AppenderAction - Naming appender as [FILE]
19:18:14,531 |-INFO in c.q.l.core.rolling.TimeBasedRollingPolicy@127618319 - No compression will be used
19:18:14,532 |-INFO in c.q.l.core.rolling.TimeBasedRollingPolicy@127618319 - Will use the pattern /tmp/application_%d{yyyy-MM-dd}.%i.log for the active file
19:18:14,535 |-INFO in ch.qos.logback.core.rolling.SizeAndTimeBasedFNATP@6b2fad11 - The date pattern is 'yyyy-MM-dd' from file name pattern '/tmp/application_%d{yyyy-MM-dd}.%i.log'.
19:18:14,535 |-INFO in ch.qos.logback.core.rolling.SizeAndTimeBasedFNATP@6b2fad11 - Roll-over at midnight.
19:18:14,540 |-INFO in ch.qos.logback.core.rolling.SizeAndTimeBasedFNATP@6b2fad11 - Setting initial period to Mon Jun 10 19:16:40 UTC 2019
19:18:14,540 |-WARN in ch.qos.logback.core.rolling.SizeAndTimeBasedFNATP@6b2fad11 - SizeAndTimeBasedFNATP is deprecated. Use SizeAndTimeBasedRollingPolicy instead
19:18:14,540 |-WARN in ch.qos.logback.core.rolling.SizeAndTimeBasedFNATP@6b2fad11 - For more information see http://logback.qos.ch/manual/appenders.html#SizeAndTimeBasedRollingPolicy
19:18:14,545 |-INFO in ch.qos.logback.core.joran.action.NestedComplexPropertyIA - Assuming default type [ch.qos.logback.classic.encoder.PatternLayoutEncoder] for [encoder] property
19:18:14,549 |-INFO in ch.qos.logback.core.rolling.RollingFileAppender[FILE] - Active log file name: /tmp/application.log
19:18:14,549 |-INFO in ch.qos.logback.core.rolling.RollingFileAppender[FILE] - File property is set to [/tmp/application.log]
19:18:14,550 |-INFO in ch.qos.logback.classic.joran.action.RootLoggerAction - Setting level of ROOT logger to WARN
19:18:14,550 |-INFO in ch.qos.logback.core.joran.action.AppenderRefAction - Attaching appender named [STDOUT] to Logger[ROOT]
19:18:14,550 |-INFO in ch.qos.logback.core.joran.action.AppenderRefAction - Attaching appender named [FILE] to Logger[ROOT]
19:18:14,551 |-INFO in ch.qos.logback.classic.joran.action.ConfigurationAction - End of configuration.
19:18:14,552 |-INFO in ch.qos.logback.classic.joran.JoranConfigurator@79698539 - Registering current configuration as safe fallback point

Ama winner
Ama winner
2019-06-10T19:18:15.838+0000: 1.753: [Full GC (Metadata GC Threshold) 2019-06-10T19:18:15.838+0000: 1.753: [Tenured: 0K->15144K(341376K), 0.0408428 secs] 114987K->15144K(494976K), [Metaspace: 20727K->20727K(1067008K)], 0.0409103 secs] [Times: user=0.04 sys=0.00, real=0.04 secs] 
19:18:37.070 [Curator-PathChildrenCache-1] WARN  o.a.c.u.ZKPaths  - The version of ZooKeeper being used doesn't support Container nodes. CreateMode.PERSISTENT will be used instead.
2019-06-10T19:18:39.155+0000: 25.070: [GC (Allocation Failure) 2019-06-10T19:18:39.155+0000: 25.070: [DefNew: 136563K->16486K(153600K), 0.0253531 secs] 151707K->51162K(494976K), 0.0254181 secs] [Times: user=0.01 sys=0.01, real=0.02 secs] 
2019-06-10T19:18:44.896+0000: 30.812: [Full GC (Metadata GC Threshold) 2019-06-10T19:18:44.896+0000: 30.812: [Tenured: 34675K->43328K(341376K), 0.0540628 secs] 141920K->43328K(494976K), [Metaspace: 34583K->34583K(1079296K)], 0.0541372 secs] [Times: user=0.05 sys=0.00, real=0.05 secs] 
2019-06-10T19:18:53.991+0000: 39.907: [GC (Allocation Failure) 2019-06-10T19:18:53.991+0000: 39.907: [DefNew: 136576K->59K(153600K), 0.0018715 secs] 179904K->43387K(494976K), 0.0019368 secs] [Times: user=0.01 sys=0.00, real=0.00 secs] 
2019-06-10T19:19:03.181+0000: 49.096: [GC (Allocation Failure) 2019-06-10T19:19:03.181+0000: 49.096: [DefNew: 136635K->54K(153600K), 0.0017383 secs] 179963K->43383K(494976K), 0.0018148 secs] [Times: user=0.00 sys=0.00, real=0.01 secs] 
2019-06-10T19:19:12.501+0000: 58.417: [GC (Allocation Failure) 2019-06-10T19:19:12.501+0000: 58.417: [DefNew: 136630K->50K(153600K), 0.0017319 secs] 179959K->43379K(494976K), 0.0017919 secs] [Times: user=0.00 sys=0.00, real=0.01 secs] 
2019-06-10T19:19:22.773+0000: 68.688: [GC (Allocation Failure) 2019-06-10T19:19:22.773+0000: 68.688: [DefNew: 136626K->378K(153600K), 0.0022809 secs] 179955K->43706K(494976K), 0.0023534 secs] [Times: user=0.00 sys=0.00, real=0.00 secs] 
2019-06-10T19:19:33.804+0000: 79.719: [GC (Allocation Failure) 2019-06-10T19:19:33.804+0000: 79.719: [DefNew: 136954K->142K(153600K), 0.0019794 secs] 180282K->43470K(494976K), 0.0020420 secs] [Times: user=0.00 sys=0.00, real=0.00 secs] 
19:19:50.811 [Curator-PathChildrenCache-0] ERROR o.a.c.f.r.c.PathChildrenCache  - 
java.lang.IllegalStateException: instance must be started before calling this method
	at org.apache.curator.shaded.com.google.common.base.Preconditions.checkState(Preconditions.java:444)
	at org.apache.curator.framework.imps.CuratorFrameworkImpl.getChildren(CuratorFrameworkImpl.java:456)
	at org.apache.curator.framework.recipes.cache.PathChildrenCache.refresh(PathChildrenCache.java:521)
	at org.apache.curator.framework.recipes.cache.RefreshOperation.invoke(RefreshOperation.java:35)
	at org.apache.curator.framework.recipes.cache.PathChildrenCache$9.run(PathChildrenCache.java:786)
	at java.util.concurrent.Executors$RunnableAdapter.call(Executors.java:511)
	at java.util.concurrent.FutureTask.run(FutureTask.java:266)
	at java.util.concurrent.Executors$RunnableAdapter.call(Executors.java:511)
	at java.util.concurrent.FutureTask.run(FutureTask.java:266)
	at java.util.concurrent.ThreadPoolExecutor.runWorker(ThreadPoolExecutor.java:1149)
	at java.util.concurrent.ThreadPoolExecutor$Worker.run(ThreadPoolExecutor.java:624)
	at java.lang.Thread.run(Thread.java:748)
Heap
 def new generation   total 153600K, used 122096K [0x00000000e0c00000, 0x00000000eb2a0000, 0x00000000eb2a0000)
  eden space 136576K,  89% used [0x00000000e0c00000, 0x00000000e8318a08, 0x00000000e9160000)
  from space 17024K,   0% used [0x00000000e9160000, 0x00000000e9183908, 0x00000000ea200000)
  to   space 17024K,   0% used [0x00000000ea200000, 0x00000000ea200000, 0x00000000eb2a0000)
 tenured generation   total 341376K, used 43328K [0x00000000eb2a0000, 0x0000000100000000, 0x0000000100000000)
   the space 341376K,  12% used [0x00000000eb2a0000, 0x00000000edcf01b0, 0x00000000edcf0200, 0x0000000100000000)
 Metaspace       used 35999K, capacity 36928K, committed 37120K, reserved 1081344K
  class space    used 4860K, capacity 5074K, committed 5120K, reserved 1048576K
