18:55:27,279 |-INFO in ch.qos.logback.classic.LoggerContext[default] - Could NOT find resource [logback-test.xml]
18:55:27,279 |-INFO in ch.qos.logback.classic.LoggerContext[default] - Could NOT find resource [logback.groovy]
18:55:27,279 |-INFO in ch.qos.logback.classic.LoggerContext[default] - Found resource [logback.xml] at [jar:file:/root/flamestream/lib/flamestream-runtime-1.0-SNAPSHOT.jar!/logback.xml]
18:55:27,280 |-WARN in ch.qos.logback.classic.LoggerContext[default] - Resource [logback.xml] occurs multiple times on the classpath.
18:55:27,280 |-WARN in ch.qos.logback.classic.LoggerContext[default] - Resource [logback.xml] occurs at [jar:file:/root/flamestream/lib/flamestream-runtime-1.0-SNAPSHOT.jar!/logback.xml]
18:55:27,280 |-WARN in ch.qos.logback.classic.LoggerContext[default] - Resource [logback.xml] occurs at [jar:file:/root/flamestream/flamestream-runtime-1.0-SNAPSHOT.jar!/logback.xml]
18:55:27,299 |-INFO in ch.qos.logback.core.joran.spi.ConfigurationWatchList@3fb6a447 - URL [jar:file:/root/flamestream/lib/flamestream-runtime-1.0-SNAPSHOT.jar!/logback.xml] is not of type file
18:55:27,367 |-INFO in ch.qos.logback.classic.joran.action.ConfigurationAction - debug attribute not set
18:55:27,368 |-INFO in ch.qos.logback.core.joran.action.AppenderAction - About to instantiate appender of type [ch.qos.logback.core.ConsoleAppender]
18:55:27,383 |-INFO in ch.qos.logback.core.joran.action.AppenderAction - Naming appender as [STDOUT]
18:55:27,403 |-INFO in ch.qos.logback.core.joran.action.NestedComplexPropertyIA - Assuming default type [ch.qos.logback.classic.encoder.PatternLayoutEncoder] for [encoder] property
18:55:27,491 |-INFO in ch.qos.logback.core.joran.action.AppenderAction - About to instantiate appender of type [ch.qos.logback.core.rolling.RollingFileAppender]
18:55:27,496 |-INFO in ch.qos.logback.core.joran.action.AppenderAction - Naming appender as [FILE]
18:55:27,527 |-INFO in c.q.l.core.rolling.TimeBasedRollingPolicy@127618319 - No compression will be used
18:55:27,528 |-INFO in c.q.l.core.rolling.TimeBasedRollingPolicy@127618319 - Will use the pattern /tmp/application_%d{yyyy-MM-dd}.%i.log for the active file
18:55:27,531 |-INFO in ch.qos.logback.core.rolling.SizeAndTimeBasedFNATP@6b2fad11 - The date pattern is 'yyyy-MM-dd' from file name pattern '/tmp/application_%d{yyyy-MM-dd}.%i.log'.
18:55:27,531 |-INFO in ch.qos.logback.core.rolling.SizeAndTimeBasedFNATP@6b2fad11 - Roll-over at midnight.
18:55:27,536 |-INFO in ch.qos.logback.core.rolling.SizeAndTimeBasedFNATP@6b2fad11 - Setting initial period to Mon Jun 10 18:53:51 UTC 2019
18:55:27,536 |-WARN in ch.qos.logback.core.rolling.SizeAndTimeBasedFNATP@6b2fad11 - SizeAndTimeBasedFNATP is deprecated. Use SizeAndTimeBasedRollingPolicy instead
18:55:27,536 |-WARN in ch.qos.logback.core.rolling.SizeAndTimeBasedFNATP@6b2fad11 - For more information see http://logback.qos.ch/manual/appenders.html#SizeAndTimeBasedRollingPolicy
18:55:27,540 |-INFO in ch.qos.logback.core.joran.action.NestedComplexPropertyIA - Assuming default type [ch.qos.logback.classic.encoder.PatternLayoutEncoder] for [encoder] property
18:55:27,545 |-INFO in ch.qos.logback.core.rolling.RollingFileAppender[FILE] - Active log file name: /tmp/application.log
18:55:27,545 |-INFO in ch.qos.logback.core.rolling.RollingFileAppender[FILE] - File property is set to [/tmp/application.log]
18:55:27,546 |-INFO in ch.qos.logback.classic.joran.action.RootLoggerAction - Setting level of ROOT logger to WARN
18:55:27,546 |-INFO in ch.qos.logback.core.joran.action.AppenderRefAction - Attaching appender named [STDOUT] to Logger[ROOT]
18:55:27,548 |-INFO in ch.qos.logback.core.joran.action.AppenderRefAction - Attaching appender named [FILE] to Logger[ROOT]
18:55:27,548 |-INFO in ch.qos.logback.classic.joran.action.ConfigurationAction - End of configuration.
18:55:27,549 |-INFO in ch.qos.logback.classic.joran.JoranConfigurator@79698539 - Registering current configuration as safe fallback point

Ama winner
Ama winner
2019-06-10T18:55:28.808+0000: 1.715: [Full GC (Metadata GC Threshold) 2019-06-10T18:55:28.808+0000: 1.715: [Tenured: 0K->15176K(341376K), 0.0362893 secs] 114923K->15176K(494976K), [Metaspace: 20739K->20739K(1067008K)], 0.0363578 secs] [Times: user=0.02 sys=0.01, real=0.04 secs] 
18:55:51.301 [Curator-PathChildrenCache-1] WARN  o.a.c.u.ZKPaths  - The version of ZooKeeper being used doesn't support Container nodes. CreateMode.PERSISTENT will be used instead.
2019-06-10T18:55:53.469+0000: 26.377: [GC (Allocation Failure) 2019-06-10T18:55:53.469+0000: 26.377: [DefNew: 136576K->17023K(153600K), 0.0294394 secs] 151752K->52689K(494976K), 0.0295077 secs] [Times: user=0.02 sys=0.01, real=0.03 secs] 
2019-06-10T18:55:54.387+0000: 27.294: [Full GC (Metadata GC Threshold) 2019-06-10T18:55:54.387+0000: 27.295: [Tenured: 35665K->44296K(341376K), 0.0401457 secs] 79036K->44296K(494976K), [Metaspace: 34604K->34604K(1079296K)], 0.0402303 secs] [Times: user=0.04 sys=0.00, real=0.04 secs] 
2019-06-10T18:55:59.818+0000: 32.727: [GC (Allocation Failure) 2019-06-10T18:55:59.819+0000: 32.727: [DefNew: 136576K->71K(153600K), 0.0019649 secs] 180872K->44368K(494976K), 0.0031066 secs] [Times: user=0.00 sys=0.00, real=0.00 secs] 
2019-06-10T18:56:05.137+0000: 38.044: [GC (Allocation Failure) 2019-06-10T18:56:05.137+0000: 38.044: [DefNew: 136647K->74K(153600K), 0.0017473 secs] 180944K->44371K(494976K), 0.0018183 secs] [Times: user=0.01 sys=0.00, real=0.00 secs] 
2019-06-10T18:56:10.444+0000: 43.352: [GC (Allocation Failure) 2019-06-10T18:56:10.445+0000: 43.352: [DefNew: 136650K->73K(153600K), 0.0017424 secs] 180947K->44370K(494976K), 0.0018004 secs] [Times: user=0.00 sys=0.00, real=0.00 secs] 
2019-06-10T18:56:15.760+0000: 48.667: [GC (Allocation Failure) 2019-06-10T18:56:15.760+0000: 48.667: [DefNew: 136649K->74K(153600K), 0.0017833 secs] 180946K->44371K(494976K), 0.0018458 secs] [Times: user=0.00 sys=0.00, real=0.00 secs] 
2019-06-10T18:56:21.103+0000: 54.010: [GC (Allocation Failure) 2019-06-10T18:56:21.103+0000: 54.010: [DefNew: 136650K->73K(153600K), 0.0017769 secs] 180947K->44370K(494976K), 0.0018377 secs] [Times: user=0.00 sys=0.00, real=0.00 secs] 
18:56:32.092 [Curator-PathChildrenCache-0] ERROR o.a.c.f.r.c.PathChildrenCache  - 
java.lang.IllegalStateException: instance must be started before calling this method
	at org.apache.curator.shaded.com.google.common.base.Preconditions.checkState(Preconditions.java:444)
	at org.apache.curator.framework.imps.CuratorFrameworkImpl.getChildren(CuratorFrameworkImpl.java:456)
	at org.apache.curator.framework.recipes.cache.PathChildrenCache.refresh(PathChildrenCache.java:521)
	at org.apache.curator.framework.recipes.cache.RefreshOperation.invoke(RefreshOperation.java:35)
	at org.apache.curator.framework.recipes.cache.PathChildrenCache$9.run(PathChildrenCache.java:786)
	at java.util.concurrent.Executors$RunnableAdapter.call(Executors.java:511)
	at java.util.concurrent.FutureTask.run(FutureTask.java:266)
	at java.util.concurrent.Executors$RunnableAdapter.call(Executors.java:511)
	at java.util.concurrent.FutureTask.run(FutureTask.java:266)
	at java.util.concurrent.ThreadPoolExecutor.runWorker(ThreadPoolExecutor.java:1149)
	at java.util.concurrent.ThreadPoolExecutor$Worker.run(ThreadPoolExecutor.java:624)
	at java.lang.Thread.run(Thread.java:748)
Heap
 def new generation   total 153600K, used 102382K [0x00000000e0c00000, 0x00000000eb2a0000, 0x00000000eb2a0000)
  eden space 136576K,  74% used [0x00000000e0c00000, 0x00000000e6fe9448, 0x00000000e9160000)
  from space 17024K,   0% used [0x00000000e9160000, 0x00000000e91725d0, 0x00000000ea200000)
  to   space 17024K,   0% used [0x00000000ea200000, 0x00000000ea200000, 0x00000000eb2a0000)
 tenured generation   total 341376K, used 44296K [0x00000000eb2a0000, 0x0000000100000000, 0x0000000100000000)
   the space 341376K,  12% used [0x00000000eb2a0000, 0x00000000edde23f0, 0x00000000edde2400, 0x0000000100000000)
 Metaspace       used 36304K, capacity 37288K, committed 37376K, reserved 1081344K
  class space    used 4878K, capacity 5092K, committed 5120K, reserved 1048576K
