19:14:56,171 |-INFO in ch.qos.logback.classic.LoggerContext[default] - Could NOT find resource [logback-test.xml]
19:14:56,171 |-INFO in ch.qos.logback.classic.LoggerContext[default] - Could NOT find resource [logback.groovy]
19:14:56,172 |-INFO in ch.qos.logback.classic.LoggerContext[default] - Found resource [logback.xml] at [jar:file:/root/flamestream/lib/flamestream-runtime-1.0-SNAPSHOT.jar!/logback.xml]
19:14:56,172 |-WARN in ch.qos.logback.classic.LoggerContext[default] - Resource [logback.xml] occurs multiple times on the classpath.
19:14:56,173 |-WARN in ch.qos.logback.classic.LoggerContext[default] - Resource [logback.xml] occurs at [jar:file:/root/flamestream/lib/flamestream-runtime-1.0-SNAPSHOT.jar!/logback.xml]
19:14:56,173 |-WARN in ch.qos.logback.classic.LoggerContext[default] - Resource [logback.xml] occurs at [jar:file:/root/flamestream/flamestream-runtime-1.0-SNAPSHOT.jar!/logback.xml]
19:14:56,193 |-INFO in ch.qos.logback.core.joran.spi.ConfigurationWatchList@3fb6a447 - URL [jar:file:/root/flamestream/lib/flamestream-runtime-1.0-SNAPSHOT.jar!/logback.xml] is not of type file
19:14:56,260 |-INFO in ch.qos.logback.classic.joran.action.ConfigurationAction - debug attribute not set
19:14:56,261 |-INFO in ch.qos.logback.core.joran.action.AppenderAction - About to instantiate appender of type [ch.qos.logback.core.ConsoleAppender]
19:14:56,278 |-INFO in ch.qos.logback.core.joran.action.AppenderAction - Naming appender as [STDOUT]
19:14:56,296 |-INFO in ch.qos.logback.core.joran.action.NestedComplexPropertyIA - Assuming default type [ch.qos.logback.classic.encoder.PatternLayoutEncoder] for [encoder] property
19:14:56,378 |-INFO in ch.qos.logback.core.joran.action.AppenderAction - About to instantiate appender of type [ch.qos.logback.core.rolling.RollingFileAppender]
19:14:56,387 |-INFO in ch.qos.logback.core.joran.action.AppenderAction - Naming appender as [FILE]
19:14:56,418 |-INFO in c.q.l.core.rolling.TimeBasedRollingPolicy@127618319 - No compression will be used
19:14:56,419 |-INFO in c.q.l.core.rolling.TimeBasedRollingPolicy@127618319 - Will use the pattern /tmp/application_%d{yyyy-MM-dd}.%i.log for the active file
19:14:56,422 |-INFO in ch.qos.logback.core.rolling.SizeAndTimeBasedFNATP@6b2fad11 - The date pattern is 'yyyy-MM-dd' from file name pattern '/tmp/application_%d{yyyy-MM-dd}.%i.log'.
19:14:56,422 |-INFO in ch.qos.logback.core.rolling.SizeAndTimeBasedFNATP@6b2fad11 - Roll-over at midnight.
19:14:56,427 |-INFO in ch.qos.logback.core.rolling.SizeAndTimeBasedFNATP@6b2fad11 - Setting initial period to Mon Jun 10 19:13:19 UTC 2019
19:14:56,427 |-WARN in ch.qos.logback.core.rolling.SizeAndTimeBasedFNATP@6b2fad11 - SizeAndTimeBasedFNATP is deprecated. Use SizeAndTimeBasedRollingPolicy instead
19:14:56,427 |-WARN in ch.qos.logback.core.rolling.SizeAndTimeBasedFNATP@6b2fad11 - For more information see http://logback.qos.ch/manual/appenders.html#SizeAndTimeBasedRollingPolicy
19:14:56,430 |-INFO in ch.qos.logback.core.joran.action.NestedComplexPropertyIA - Assuming default type [ch.qos.logback.classic.encoder.PatternLayoutEncoder] for [encoder] property
19:14:56,435 |-INFO in ch.qos.logback.core.rolling.RollingFileAppender[FILE] - Active log file name: /tmp/application.log
19:14:56,435 |-INFO in ch.qos.logback.core.rolling.RollingFileAppender[FILE] - File property is set to [/tmp/application.log]
19:14:56,436 |-INFO in ch.qos.logback.classic.joran.action.RootLoggerAction - Setting level of ROOT logger to WARN
19:14:56,436 |-INFO in ch.qos.logback.core.joran.action.AppenderRefAction - Attaching appender named [STDOUT] to Logger[ROOT]
19:14:56,438 |-INFO in ch.qos.logback.core.joran.action.AppenderRefAction - Attaching appender named [FILE] to Logger[ROOT]
19:14:56,438 |-INFO in ch.qos.logback.classic.joran.action.ConfigurationAction - End of configuration.
19:14:56,439 |-INFO in ch.qos.logback.classic.joran.JoranConfigurator@79698539 - Registering current configuration as safe fallback point

Ama winner
Ama winner
2019-06-10T19:14:57.674+0000: 1.684: [Full GC (Metadata GC Threshold) 2019-06-10T19:14:57.674+0000: 1.684: [Tenured: 0K->15241K(341376K), 0.0402661 secs] 114986K->15241K(494976K), [Metaspace: 20732K->20732K(1067008K)], 0.0403339 secs] [Times: user=0.03 sys=0.01, real=0.04 secs] 
19:15:30.224 [Curator-PathChildrenCache-1] WARN  o.a.c.u.ZKPaths  - The version of ZooKeeper being used doesn't support Container nodes. CreateMode.PERSISTENT will be used instead.
2019-06-10T19:15:32.632+0000: 36.643: [GC (Allocation Failure) 2019-06-10T19:15:32.632+0000: 36.643: [DefNew: 136576K->17023K(153600K), 0.0344810 secs] 151817K->52835K(494976K), 0.0345699 secs] [Times: user=0.02 sys=0.01, real=0.04 secs] 
2019-06-10T19:15:39.983+0000: 43.994: [Full GC (Metadata GC Threshold) 2019-06-10T19:15:39.984+0000: 43.994: [Tenured: 35811K->44536K(341376K), 0.0607986 secs] 176131K->44536K(494976K), [Metaspace: 34613K->34613K(1079296K)], 0.0608760 secs] [Times: user=0.06 sys=0.00, real=0.06 secs] 
2019-06-10T19:15:48.411+0000: 52.422: [GC (Allocation Failure) 2019-06-10T19:15:48.411+0000: 52.422: [DefNew: 136576K->50K(153600K), 0.0017721 secs] 181112K->44587K(494976K), 0.0018394 secs] [Times: user=0.01 sys=0.00, real=0.00 secs] 
2019-06-10T19:15:56.864+0000: 60.875: [GC (Allocation Failure) 2019-06-10T19:15:56.864+0000: 60.875: [DefNew: 136626K->50K(153600K), 0.0016551 secs] 181163K->44587K(494976K), 0.0017164 secs] [Times: user=0.00 sys=0.00, real=0.00 secs] 
2019-06-10T19:16:06.295+0000: 70.306: [GC (Allocation Failure) 2019-06-10T19:16:06.295+0000: 70.306: [DefNew: 136626K->379K(153600K), 0.0021620 secs] 181163K->44915K(494976K), 0.0022294 secs] [Times: user=0.00 sys=0.00, real=0.00 secs] 
2019-06-10T19:16:16.256+0000: 80.267: [GC (Allocation Failure) 2019-06-10T19:16:16.256+0000: 80.267: [DefNew: 136955K->131K(153600K), 0.0019221 secs] 181491K->44668K(494976K), 0.0019838 secs] [Times: user=0.00 sys=0.00, real=0.00 secs] 
2019-06-10T19:16:26.244+0000: 90.255: [GC (Allocation Failure) 2019-06-10T19:16:26.244+0000: 90.255: [DefNew: 136707K->129K(153600K), 0.0018871 secs] 181244K->44666K(494976K), 0.0019584 secs] [Times: user=0.00 sys=0.00, real=0.00 secs] 
19:16:39.712 [Curator-PathChildrenCache-0] ERROR o.a.c.f.r.c.PathChildrenCache  - 
java.lang.IllegalStateException: instance must be started before calling this method
	at org.apache.curator.shaded.com.google.common.base.Preconditions.checkState(Preconditions.java:444)
	at org.apache.curator.framework.imps.CuratorFrameworkImpl.getChildren(CuratorFrameworkImpl.java:456)
	at org.apache.curator.framework.recipes.cache.PathChildrenCache.refresh(PathChildrenCache.java:521)
	at org.apache.curator.framework.recipes.cache.RefreshOperation.invoke(RefreshOperation.java:35)
	at org.apache.curator.framework.recipes.cache.PathChildrenCache$9.run(PathChildrenCache.java:786)
	at java.util.concurrent.Executors$RunnableAdapter.call(Executors.java:511)
	at java.util.concurrent.FutureTask.run(FutureTask.java:266)
	at java.util.concurrent.Executors$RunnableAdapter.call(Executors.java:511)
	at java.util.concurrent.FutureTask.run(FutureTask.java:266)
	at java.util.concurrent.ThreadPoolExecutor.runWorker(ThreadPoolExecutor.java:1149)
	at java.util.concurrent.ThreadPoolExecutor$Worker.run(ThreadPoolExecutor.java:624)
	at java.lang.Thread.run(Thread.java:748)
Heap
 def new generation   total 153600K, used 96006K [0x00000000e0c00000, 0x00000000eb2a0000, 0x00000000eb2a0000)
  eden space 136576K,  70% used [0x00000000e0c00000, 0x00000000e69a1228, 0x00000000e9160000)
  from space 17024K,   0% used [0x00000000e9160000, 0x00000000e9180688, 0x00000000ea200000)
  to   space 17024K,   0% used [0x00000000ea200000, 0x00000000ea200000, 0x00000000eb2a0000)
 tenured generation   total 341376K, used 44536K [0x00000000eb2a0000, 0x0000000100000000, 0x0000000100000000)
   the space 341376K,  13% used [0x00000000eb2a0000, 0x00000000ede1e380, 0x00000000ede1e400, 0x0000000100000000)
 Metaspace       used 36132K, capacity 36992K, committed 37120K, reserved 1081344K
  class space    used 4854K, capacity 5074K, committed 5120K, reserved 1048576K
