05:28:38,988 |-INFO in ch.qos.logback.classic.LoggerContext[default] - Could NOT find resource [logback-test.xml]
05:28:38,988 |-INFO in ch.qos.logback.classic.LoggerContext[default] - Could NOT find resource [logback.groovy]
05:28:38,989 |-INFO in ch.qos.logback.classic.LoggerContext[default] - Found resource [logback.xml] at [jar:file:/root/flamestream/lib/flamestream-runtime-1.0-SNAPSHOT.jar!/logback.xml]
05:28:38,989 |-WARN in ch.qos.logback.classic.LoggerContext[default] - Resource [logback.xml] occurs multiple times on the classpath.
05:28:38,989 |-WARN in ch.qos.logback.classic.LoggerContext[default] - Resource [logback.xml] occurs at [jar:file:/root/flamestream/lib/flamestream-runtime-1.0-SNAPSHOT.jar!/logback.xml]
05:28:38,989 |-WARN in ch.qos.logback.classic.LoggerContext[default] - Resource [logback.xml] occurs at [jar:file:/root/flamestream/flamestream-runtime-1.0-SNAPSHOT.jar!/logback.xml]
05:28:39,010 |-INFO in ch.qos.logback.core.joran.spi.ConfigurationWatchList@3fb6a447 - URL [jar:file:/root/flamestream/lib/flamestream-runtime-1.0-SNAPSHOT.jar!/logback.xml] is not of type file
05:28:39,079 |-INFO in ch.qos.logback.classic.joran.action.ConfigurationAction - debug attribute not set
05:28:39,079 |-INFO in ch.qos.logback.core.joran.action.AppenderAction - About to instantiate appender of type [ch.qos.logback.core.ConsoleAppender]
05:28:39,096 |-INFO in ch.qos.logback.core.joran.action.AppenderAction - Naming appender as [STDOUT]
05:28:39,114 |-INFO in ch.qos.logback.core.joran.action.NestedComplexPropertyIA - Assuming default type [ch.qos.logback.classic.encoder.PatternLayoutEncoder] for [encoder] property
05:28:39,197 |-INFO in ch.qos.logback.core.joran.action.AppenderAction - About to instantiate appender of type [ch.qos.logback.core.rolling.RollingFileAppender]
05:28:39,206 |-INFO in ch.qos.logback.core.joran.action.AppenderAction - Naming appender as [FILE]
05:28:39,236 |-INFO in c.q.l.core.rolling.TimeBasedRollingPolicy@127618319 - No compression will be used
05:28:39,238 |-INFO in c.q.l.core.rolling.TimeBasedRollingPolicy@127618319 - Will use the pattern /tmp/application_%d{yyyy-MM-dd}.%i.log for the active file
05:28:39,240 |-INFO in ch.qos.logback.core.rolling.SizeAndTimeBasedFNATP@6b2fad11 - The date pattern is 'yyyy-MM-dd' from file name pattern '/tmp/application_%d{yyyy-MM-dd}.%i.log'.
05:28:39,241 |-INFO in ch.qos.logback.core.rolling.SizeAndTimeBasedFNATP@6b2fad11 - Roll-over at midnight.
05:28:39,246 |-INFO in ch.qos.logback.core.rolling.SizeAndTimeBasedFNATP@6b2fad11 - Setting initial period to Tue Jun 11 05:27:25 UTC 2019
05:28:39,246 |-WARN in ch.qos.logback.core.rolling.SizeAndTimeBasedFNATP@6b2fad11 - SizeAndTimeBasedFNATP is deprecated. Use SizeAndTimeBasedRollingPolicy instead
05:28:39,246 |-WARN in ch.qos.logback.core.rolling.SizeAndTimeBasedFNATP@6b2fad11 - For more information see http://logback.qos.ch/manual/appenders.html#SizeAndTimeBasedRollingPolicy
05:28:39,250 |-INFO in ch.qos.logback.core.joran.action.NestedComplexPropertyIA - Assuming default type [ch.qos.logback.classic.encoder.PatternLayoutEncoder] for [encoder] property
05:28:39,255 |-INFO in ch.qos.logback.core.rolling.RollingFileAppender[FILE] - Active log file name: /tmp/application.log
05:28:39,255 |-INFO in ch.qos.logback.core.rolling.RollingFileAppender[FILE] - File property is set to [/tmp/application.log]
05:28:39,256 |-INFO in ch.qos.logback.classic.joran.action.RootLoggerAction - Setting level of ROOT logger to WARN
05:28:39,256 |-INFO in ch.qos.logback.core.joran.action.AppenderRefAction - Attaching appender named [STDOUT] to Logger[ROOT]
05:28:39,258 |-INFO in ch.qos.logback.core.joran.action.AppenderRefAction - Attaching appender named [FILE] to Logger[ROOT]
05:28:39,258 |-INFO in ch.qos.logback.classic.joran.action.ConfigurationAction - End of configuration.
05:28:39,258 |-INFO in ch.qos.logback.classic.joran.JoranConfigurator@79698539 - Registering current configuration as safe fallback point

Ama winner
Ama winner
2019-06-11T05:28:40.562+0000: 1.759: [Full GC (Metadata GC Threshold) 2019-06-11T05:28:40.562+0000: 1.759: [Tenured: 0K->15241K(341376K), 0.0393819 secs] 117750K->15241K(494976K), [Metaspace: 20734K->20734K(1067008K)], 0.0394493 secs] [Times: user=0.04 sys=0.00, real=0.04 secs] 
05:28:59.553 [Curator-PathChildrenCache-2] WARN  o.a.c.u.ZKPaths  - The version of ZooKeeper being used doesn't support Container nodes. CreateMode.PERSISTENT will be used instead.
2019-06-11T05:29:01.700+0000: 22.897: [GC (Allocation Failure) 2019-06-11T05:29:01.700+0000: 22.897: [DefNew: 136576K->17024K(153600K), 0.0269741 secs] 151817K->52939K(494976K), 0.0270446 secs] [Times: user=0.02 sys=0.01, real=0.03 secs] 
2019-06-11T05:29:02.214+0000: 23.411: [Full GC (Metadata GC Threshold) 2019-06-11T05:29:02.214+0000: 23.411: [Tenured: 35915K->44445K(341376K), 0.0366286 secs] 70086K->44445K(494976K), [Metaspace: 34587K->34587K(1079296K)], 0.0367044 secs] [Times: user=0.03 sys=0.01, real=0.03 secs] 
2019-06-11T05:29:06.357+0000: 27.553: [GC (Allocation Failure) 2019-06-11T05:29:06.357+0000: 27.553: [DefNew: 136576K->146K(153600K), 0.0020920 secs] 181021K->44592K(494976K), 0.0021515 secs] [Times: user=0.00 sys=0.00, real=0.00 secs] 
2019-06-11T05:29:10.375+0000: 31.572: [GC (Allocation Failure) 2019-06-11T05:29:10.375+0000: 31.572: [DefNew: 136722K->194K(153600K), 0.0018426 secs] 181168K->44640K(494976K), 0.0019011 secs] [Times: user=0.00 sys=0.00, real=0.00 secs] 
2019-06-11T05:29:14.489+0000: 35.686: [GC (Allocation Failure) 2019-06-11T05:29:14.489+0000: 35.686: [DefNew: 136770K->192K(153600K), 0.0019114 secs] 181216K->44637K(494976K), 0.0019738 secs] [Times: user=0.00 sys=0.00, real=0.00 secs] 
2019-06-11T05:29:18.700+0000: 39.897: [GC (Allocation Failure) 2019-06-11T05:29:18.701+0000: 39.897: [DefNew: 136768K->192K(153600K), 0.0019262 secs] 181213K->44638K(494976K), 0.0019996 secs] [Times: user=0.00 sys=0.00, real=0.00 secs] 
2019-06-11T05:29:23.823+0000: 45.020: [GC (Allocation Failure) 2019-06-11T05:29:23.823+0000: 45.020: [DefNew: 136768K->194K(153600K), 0.0019055 secs] 181214K->44640K(494976K), 0.0019650 secs] [Times: user=0.00 sys=0.00, real=0.00 secs] 
2019-06-11T05:29:30.188+0000: 51.385: [GC (Allocation Failure) 2019-06-11T05:29:30.188+0000: 51.385: [DefNew: 136770K->195K(153600K), 0.0020217 secs] 181216K->44641K(494976K), 0.0020811 secs] [Times: user=0.00 sys=0.01, real=0.00 secs] 
2019-06-11T05:29:37.055+0000: 58.251: [GC (Allocation Failure) 2019-06-11T05:29:37.055+0000: 58.251: [DefNew: 136771K->195K(153600K), 0.0019434 secs] 181217K->44641K(494976K), 0.0020025 secs] [Times: user=0.01 sys=0.00, real=0.00 secs] 
05:29:56.210 [Curator-PathChildrenCache-0] ERROR o.a.c.f.r.c.PathChildrenCache  - 
java.lang.IllegalStateException: instance must be started before calling this method
	at org.apache.curator.shaded.com.google.common.base.Preconditions.checkState(Preconditions.java:444)
	at org.apache.curator.framework.imps.CuratorFrameworkImpl.getChildren(CuratorFrameworkImpl.java:456)
	at org.apache.curator.framework.recipes.cache.PathChildrenCache.refresh(PathChildrenCache.java:521)
	at org.apache.curator.framework.recipes.cache.RefreshOperation.invoke(RefreshOperation.java:35)
	at org.apache.curator.framework.recipes.cache.PathChildrenCache$9.run(PathChildrenCache.java:786)
	at java.util.concurrent.Executors$RunnableAdapter.call(Executors.java:511)
	at java.util.concurrent.FutureTask.run(FutureTask.java:266)
	at java.util.concurrent.Executors$RunnableAdapter.call(Executors.java:511)
	at java.util.concurrent.FutureTask.run(FutureTask.java:266)
	at java.util.concurrent.ThreadPoolExecutor.runWorker(ThreadPoolExecutor.java:1149)
	at java.util.concurrent.ThreadPoolExecutor$Worker.run(ThreadPoolExecutor.java:624)
	at java.lang.Thread.run(Thread.java:748)
Heap
 def new generation   total 153600K, used 80072K [0x00000000e0c00000, 0x00000000eb2a0000, 0x00000000eb2a0000)
  eden space 136576K,  58% used [0x00000000e0c00000, 0x00000000e5a01628, 0x00000000e9160000)
  from space 17024K,   1% used [0x00000000e9160000, 0x00000000e9190dc8, 0x00000000ea200000)
  to   space 17024K,   0% used [0x00000000ea200000, 0x00000000ea200000, 0x00000000eb2a0000)
 tenured generation   total 341376K, used 44445K [0x00000000eb2a0000, 0x0000000100000000, 0x0000000100000000)
   the space 341376K,  13% used [0x00000000eb2a0000, 0x00000000ede07790, 0x00000000ede07800, 0x0000000100000000)
 Metaspace       used 36297K, capacity 37250K, committed 37504K, reserved 1081344K
  class space    used 4903K, capacity 5123K, committed 5248K, reserved 1048576K
