16:16:17,545 |-INFO in ch.qos.logback.classic.LoggerContext[default] - Could NOT find resource [logback-test.xml]
16:16:17,545 |-INFO in ch.qos.logback.classic.LoggerContext[default] - Could NOT find resource [logback.groovy]
16:16:17,546 |-INFO in ch.qos.logback.classic.LoggerContext[default] - Found resource [logback.xml] at [jar:file:/root/flamestream/lib/flamestream-runtime-1.0-SNAPSHOT.jar!/logback.xml]
16:16:17,549 |-WARN in ch.qos.logback.classic.LoggerContext[default] - Resource [logback.xml] occurs multiple times on the classpath.
16:16:17,549 |-WARN in ch.qos.logback.classic.LoggerContext[default] - Resource [logback.xml] occurs at [jar:file:/root/flamestream/lib/flamestream-runtime-1.0-SNAPSHOT.jar!/logback.xml]
16:16:17,549 |-WARN in ch.qos.logback.classic.LoggerContext[default] - Resource [logback.xml] occurs at [jar:file:/root/flamestream/flamestream-runtime-1.0-SNAPSHOT.jar!/logback.xml]
16:16:17,568 |-INFO in ch.qos.logback.core.joran.spi.ConfigurationWatchList@3fb6a447 - URL [jar:file:/root/flamestream/lib/flamestream-runtime-1.0-SNAPSHOT.jar!/logback.xml] is not of type file
16:16:17,640 |-INFO in ch.qos.logback.classic.joran.action.ConfigurationAction - debug attribute not set
16:16:17,641 |-INFO in ch.qos.logback.core.joran.action.AppenderAction - About to instantiate appender of type [ch.qos.logback.core.ConsoleAppender]
16:16:17,656 |-INFO in ch.qos.logback.core.joran.action.AppenderAction - Naming appender as [STDOUT]
16:16:17,675 |-INFO in ch.qos.logback.core.joran.action.NestedComplexPropertyIA - Assuming default type [ch.qos.logback.classic.encoder.PatternLayoutEncoder] for [encoder] property
16:16:17,760 |-INFO in ch.qos.logback.core.joran.action.AppenderAction - About to instantiate appender of type [ch.qos.logback.core.rolling.RollingFileAppender]
16:16:17,765 |-INFO in ch.qos.logback.core.joran.action.AppenderAction - Naming appender as [FILE]
16:16:17,795 |-INFO in c.q.l.core.rolling.TimeBasedRollingPolicy@127618319 - No compression will be used
16:16:17,796 |-INFO in c.q.l.core.rolling.TimeBasedRollingPolicy@127618319 - Will use the pattern /tmp/application_%d{yyyy-MM-dd}.%i.log for the active file
16:16:17,799 |-INFO in ch.qos.logback.core.rolling.SizeAndTimeBasedFNATP@6b2fad11 - The date pattern is 'yyyy-MM-dd' from file name pattern '/tmp/application_%d{yyyy-MM-dd}.%i.log'.
16:16:17,799 |-INFO in ch.qos.logback.core.rolling.SizeAndTimeBasedFNATP@6b2fad11 - Roll-over at midnight.
16:16:17,804 |-INFO in ch.qos.logback.core.rolling.SizeAndTimeBasedFNATP@6b2fad11 - Setting initial period to Mon Jun 10 16:14:48 UTC 2019
16:16:17,804 |-WARN in ch.qos.logback.core.rolling.SizeAndTimeBasedFNATP@6b2fad11 - SizeAndTimeBasedFNATP is deprecated. Use SizeAndTimeBasedRollingPolicy instead
16:16:17,804 |-WARN in ch.qos.logback.core.rolling.SizeAndTimeBasedFNATP@6b2fad11 - For more information see http://logback.qos.ch/manual/appenders.html#SizeAndTimeBasedRollingPolicy
16:16:17,808 |-INFO in ch.qos.logback.core.joran.action.NestedComplexPropertyIA - Assuming default type [ch.qos.logback.classic.encoder.PatternLayoutEncoder] for [encoder] property
16:16:17,812 |-INFO in ch.qos.logback.core.rolling.RollingFileAppender[FILE] - Active log file name: /tmp/application.log
16:16:17,813 |-INFO in ch.qos.logback.core.rolling.RollingFileAppender[FILE] - File property is set to [/tmp/application.log]
16:16:17,813 |-INFO in ch.qos.logback.classic.joran.action.RootLoggerAction - Setting level of ROOT logger to WARN
16:16:17,813 |-INFO in ch.qos.logback.core.joran.action.AppenderRefAction - Attaching appender named [STDOUT] to Logger[ROOT]
16:16:17,815 |-INFO in ch.qos.logback.core.joran.action.AppenderRefAction - Attaching appender named [FILE] to Logger[ROOT]
16:16:17,815 |-INFO in ch.qos.logback.classic.joran.action.ConfigurationAction - End of configuration.
16:16:17,816 |-INFO in ch.qos.logback.classic.joran.JoranConfigurator@79698539 - Registering current configuration as safe fallback point

Ama winner
Ama winner
2019-06-10T16:16:19.181+0000: 1.816: [Full GC (Metadata GC Threshold) 2019-06-10T16:16:19.181+0000: 1.816: [Tenured: 0K->15144K(341376K), 0.0404468 secs] 114987K->15144K(494976K), [Metaspace: 20728K->20728K(1067008K)], 0.0405147 secs] [Times: user=0.04 sys=0.00, real=0.04 secs] 
16:16:30.842 [Curator-PathChildrenCache-1] WARN  o.a.c.u.ZKPaths  - The version of ZooKeeper being used doesn't support Container nodes. CreateMode.PERSISTENT will be used instead.
2019-06-10T16:16:33.005+0000: 15.641: [GC (Allocation Failure) 2019-06-10T16:16:33.005+0000: 15.641: [DefNew: 136576K->17023K(153600K), 0.0251201 secs] 151720K->52774K(494976K), 0.0251928 secs] [Times: user=0.01 sys=0.02, real=0.03 secs] 
2019-06-10T16:16:34.488+0000: 17.124: [Full GC (Metadata GC Threshold) 2019-06-10T16:16:34.488+0000: 17.124: [Tenured: 35750K->44609K(341376K), 0.0439962 secs] 87394K->44609K(494976K), [Metaspace: 34590K->34590K(1079296K)], 0.0440756 secs] [Times: user=0.04 sys=0.01, real=0.05 secs] 
2019-06-10T16:16:40.651+0000: 23.286: [GC (Allocation Failure) 2019-06-10T16:16:40.651+0000: 23.286: [DefNew: 136576K->67K(153600K), 0.0017872 secs] 181185K->44676K(494976K), 0.0018450 secs] [Times: user=0.00 sys=0.00, real=0.00 secs] 
2019-06-10T16:16:46.690+0000: 29.326: [GC (Allocation Failure) 2019-06-10T16:16:46.690+0000: 29.326: [DefNew: 136643K->68K(153600K), 0.0017335 secs] 181252K->44677K(494976K), 0.0017944 secs] [Times: user=0.00 sys=0.00, real=0.00 secs] 
2019-06-10T16:16:52.652+0000: 35.288: [GC (Allocation Failure) 2019-06-10T16:16:52.652+0000: 35.288: [DefNew: 136644K->71K(153600K), 0.0017678 secs] 181253K->44680K(494976K), 0.0018303 secs] [Times: user=0.00 sys=0.00, real=0.00 secs] 
2019-06-10T16:16:58.562+0000: 41.197: [GC (Allocation Failure) 2019-06-10T16:16:58.562+0000: 41.197: [DefNew: 136647K->69K(153600K), 0.0017168 secs] 181256K->44678K(494976K), 0.0017931 secs] [Times: user=0.00 sys=0.00, real=0.01 secs] 
16:17:11.879 [Curator-PathChildrenCache-0] ERROR o.a.c.f.r.c.PathChildrenCache  - 
java.lang.IllegalStateException: instance must be started before calling this method
	at org.apache.curator.shaded.com.google.common.base.Preconditions.checkState(Preconditions.java:444)
	at org.apache.curator.framework.imps.CuratorFrameworkImpl.getChildren(CuratorFrameworkImpl.java:456)
	at org.apache.curator.framework.recipes.cache.PathChildrenCache.refresh(PathChildrenCache.java:521)
	at org.apache.curator.framework.recipes.cache.RefreshOperation.invoke(RefreshOperation.java:35)
	at org.apache.curator.framework.recipes.cache.PathChildrenCache$9.run(PathChildrenCache.java:786)
	at java.util.concurrent.Executors$RunnableAdapter.call(Executors.java:511)
	at java.util.concurrent.FutureTask.run(FutureTask.java:266)
	at java.util.concurrent.Executors$RunnableAdapter.call(Executors.java:511)
	at java.util.concurrent.FutureTask.run(FutureTask.java:266)
	at java.util.concurrent.ThreadPoolExecutor.runWorker(ThreadPoolExecutor.java:1149)
	at java.util.concurrent.ThreadPoolExecutor$Worker.run(ThreadPoolExecutor.java:624)
	at java.lang.Thread.run(Thread.java:748)
2019-06-10T16:17:11.915+0000: 54.550: [GC (Allocation Failure) 2019-06-10T16:17:11.915+0000: 54.550: [DefNew: 136645K->614K(153600K), 0.0030644 secs] 181254K->45224K(494976K), 0.0031262 secs] [Times: user=0.00 sys=0.00, real=0.00 secs] 
Heap
 def new generation   total 153600K, used 8019K [0x00000000e0c00000, 0x00000000eb2a0000, 0x00000000eb2a0000)
  eden space 136576K,   5% used [0x00000000e0c00000, 0x00000000e133b170, 0x00000000e9160000)
  from space 17024K,   3% used [0x00000000e9160000, 0x00000000e91f9b10, 0x00000000ea200000)
  to   space 17024K,   0% used [0x00000000ea200000, 0x00000000ea200000, 0x00000000eb2a0000)
 tenured generation   total 341376K, used 44609K [0x00000000eb2a0000, 0x0000000100000000, 0x0000000100000000)
   the space 341376K,  13% used [0x00000000eb2a0000, 0x00000000ede305f8, 0x00000000ede30600, 0x0000000100000000)
 Metaspace       used 35771K, capacity 36634K, committed 36864K, reserved 1081344K
  class space    used 4829K, capacity 5041K, committed 5120K, reserved 1048576K
