13:02:45,157 |-INFO in ch.qos.logback.classic.LoggerContext[default] - Could NOT find resource [logback-test.xml]
13:02:45,157 |-INFO in ch.qos.logback.classic.LoggerContext[default] - Could NOT find resource [logback.groovy]
13:02:45,157 |-INFO in ch.qos.logback.classic.LoggerContext[default] - Found resource [logback.xml] at [jar:file:/root/flamestream/lib/flamestream-runtime-1.0-SNAPSHOT.jar!/logback.xml]
13:02:45,158 |-WARN in ch.qos.logback.classic.LoggerContext[default] - Resource [logback.xml] occurs multiple times on the classpath.
13:02:45,158 |-WARN in ch.qos.logback.classic.LoggerContext[default] - Resource [logback.xml] occurs at [jar:file:/root/flamestream/lib/flamestream-runtime-1.0-SNAPSHOT.jar!/logback.xml]
13:02:45,158 |-WARN in ch.qos.logback.classic.LoggerContext[default] - Resource [logback.xml] occurs at [jar:file:/root/flamestream/flamestream-runtime-1.0-SNAPSHOT.jar!/logback.xml]
13:02:45,179 |-INFO in ch.qos.logback.core.joran.spi.ConfigurationWatchList@3fb6a447 - URL [jar:file:/root/flamestream/lib/flamestream-runtime-1.0-SNAPSHOT.jar!/logback.xml] is not of type file
13:02:45,249 |-INFO in ch.qos.logback.classic.joran.action.ConfigurationAction - debug attribute not set
13:02:45,249 |-INFO in ch.qos.logback.core.joran.action.AppenderAction - About to instantiate appender of type [ch.qos.logback.core.ConsoleAppender]
13:02:45,268 |-INFO in ch.qos.logback.core.joran.action.AppenderAction - Naming appender as [STDOUT]
13:02:45,283 |-INFO in ch.qos.logback.core.joran.action.NestedComplexPropertyIA - Assuming default type [ch.qos.logback.classic.encoder.PatternLayoutEncoder] for [encoder] property
13:02:45,362 |-INFO in ch.qos.logback.core.joran.action.AppenderAction - About to instantiate appender of type [ch.qos.logback.core.rolling.RollingFileAppender]
13:02:45,367 |-INFO in ch.qos.logback.core.joran.action.AppenderAction - Naming appender as [FILE]
13:02:45,399 |-INFO in c.q.l.core.rolling.TimeBasedRollingPolicy@127618319 - No compression will be used
13:02:45,400 |-INFO in c.q.l.core.rolling.TimeBasedRollingPolicy@127618319 - Will use the pattern /tmp/application_%d{yyyy-MM-dd}.%i.log for the active file
13:02:45,403 |-INFO in ch.qos.logback.core.rolling.SizeAndTimeBasedFNATP@6b2fad11 - The date pattern is 'yyyy-MM-dd' from file name pattern '/tmp/application_%d{yyyy-MM-dd}.%i.log'.
13:02:45,403 |-INFO in ch.qos.logback.core.rolling.SizeAndTimeBasedFNATP@6b2fad11 - Roll-over at midnight.
13:02:45,409 |-INFO in ch.qos.logback.core.rolling.SizeAndTimeBasedFNATP@6b2fad11 - Setting initial period to Mon Jun 10 13:01:19 UTC 2019
13:02:45,409 |-WARN in ch.qos.logback.core.rolling.SizeAndTimeBasedFNATP@6b2fad11 - SizeAndTimeBasedFNATP is deprecated. Use SizeAndTimeBasedRollingPolicy instead
13:02:45,409 |-WARN in ch.qos.logback.core.rolling.SizeAndTimeBasedFNATP@6b2fad11 - For more information see http://logback.qos.ch/manual/appenders.html#SizeAndTimeBasedRollingPolicy
13:02:45,412 |-INFO in ch.qos.logback.core.joran.action.NestedComplexPropertyIA - Assuming default type [ch.qos.logback.classic.encoder.PatternLayoutEncoder] for [encoder] property
13:02:45,417 |-INFO in ch.qos.logback.core.rolling.RollingFileAppender[FILE] - Active log file name: /tmp/application.log
13:02:45,417 |-INFO in ch.qos.logback.core.rolling.RollingFileAppender[FILE] - File property is set to [/tmp/application.log]
13:02:45,418 |-INFO in ch.qos.logback.classic.joran.action.RootLoggerAction - Setting level of ROOT logger to WARN
13:02:45,418 |-INFO in ch.qos.logback.core.joran.action.AppenderRefAction - Attaching appender named [STDOUT] to Logger[ROOT]
13:02:45,420 |-INFO in ch.qos.logback.core.joran.action.AppenderRefAction - Attaching appender named [FILE] to Logger[ROOT]
13:02:45,420 |-INFO in ch.qos.logback.classic.joran.action.ConfigurationAction - End of configuration.
13:02:45,420 |-INFO in ch.qos.logback.classic.joran.JoranConfigurator@79698539 - Registering current configuration as safe fallback point

Ama winner
Ama winner
2019-06-10T13:02:46.686+0000: 1.711: [Full GC (Metadata GC Threshold) 2019-06-10T13:02:46.686+0000: 1.711: [Tenured: 0K->15241K(341376K), 0.0388359 secs] 117751K->15241K(494976K), [Metaspace: 20734K->20734K(1067008K)], 0.0389077 secs] [Times: user=0.04 sys=0.00, real=0.04 secs] 
13:03:05.745 [Curator-PathChildrenCache-2] WARN  o.a.c.u.ZKPaths  - The version of ZooKeeper being used doesn't support Container nodes. CreateMode.PERSISTENT will be used instead.
2019-06-10T13:03:07.994+0000: 23.020: [GC (Allocation Failure) 2019-06-10T13:03:07.994+0000: 23.020: [DefNew: 136576K->17023K(153600K), 0.0304246 secs] 151817K->53035K(494976K), 0.0305047 secs] [Times: user=0.02 sys=0.01, real=0.03 secs] 
2019-06-10T13:03:08.573+0000: 23.599: [Full GC (Metadata GC Threshold) 2019-06-10T13:03:08.573+0000: 23.599: [Tenured: 36011K->44726K(341376K), 0.0341905 secs] 73474K->44726K(494976K), [Metaspace: 34607K->34607K(1079296K)], 0.0342620 secs] [Times: user=0.03 sys=0.01, real=0.04 secs] 
2019-06-10T13:03:15.328+0000: 30.354: [GC (Allocation Failure) 2019-06-10T13:03:15.328+0000: 30.354: [DefNew: 136576K->273K(153600K), 0.0024077 secs] 181302K->45000K(494976K), 0.0024661 secs] [Times: user=0.00 sys=0.00, real=0.00 secs] 
2019-06-10T13:03:21.850+0000: 36.875: [GC (Allocation Failure) 2019-06-10T13:03:21.850+0000: 36.875: [DefNew: 136849K->309K(153600K), 0.0020926 secs] 181576K->45035K(494976K), 0.0021512 secs] [Times: user=0.00 sys=0.00, real=0.00 secs] 
2019-06-10T13:03:28.520+0000: 43.545: [GC (Allocation Failure) 2019-06-10T13:03:28.520+0000: 43.545: [DefNew: 136885K->342K(153600K), 0.0020718 secs] 181611K->45069K(494976K), 0.0021308 secs] [Times: user=0.00 sys=0.00, real=0.00 secs] 
2019-06-10T13:03:35.152+0000: 50.177: [GC (Allocation Failure) 2019-06-10T13:03:35.152+0000: 50.177: [DefNew: 136918K->354K(153600K), 0.0022343 secs] 181645K->45081K(494976K), 0.0022938 secs] [Times: user=0.00 sys=0.00, real=0.00 secs] 
2019-06-10T13:03:41.784+0000: 56.809: [GC (Allocation Failure) 2019-06-10T13:03:41.784+0000: 56.809: [DefNew: 136930K->339K(153600K), 0.0022255 secs] 181657K->45066K(494976K), 0.0022865 secs] [Times: user=0.00 sys=0.00, real=0.00 secs] 
2019-06-10T13:03:48.323+0000: 63.349: [GC (Allocation Failure) 2019-06-10T13:03:48.324+0000: 63.349: [DefNew: 136915K->655K(153600K), 0.0026179 secs] 181642K->45382K(494976K), 0.0034919 secs] [Times: user=0.00 sys=0.01, real=0.00 secs] 
2019-06-10T13:03:55.765+0000: 70.790: [GC (Allocation Failure) 2019-06-10T13:03:55.765+0000: 70.790: [DefNew: 137231K->461K(153600K), 0.0025187 secs] 181958K->45188K(494976K), 0.0025870 secs] [Times: user=0.00 sys=0.00, real=0.01 secs] 
2019-06-10T13:04:03.375+0000: 78.400: [GC (Allocation Failure) 2019-06-10T13:04:03.375+0000: 78.400: [DefNew: 137037K->465K(153600K), 0.0024796 secs] 181764K->45191K(494976K), 0.0025389 secs] [Times: user=0.00 sys=0.00, real=0.01 secs] 
2019-06-10T13:04:10.883+0000: 85.908: [GC (Allocation Failure) 2019-06-10T13:04:10.883+0000: 85.908: [DefNew: 137041K->464K(153600K), 0.0025075 secs] 181767K->45190K(494976K), 0.0025681 secs] [Times: user=0.00 sys=0.00, real=0.00 secs] 
2019-06-10T13:04:18.473+0000: 93.499: [GC (Allocation Failure) 2019-06-10T13:04:18.474+0000: 93.499: [DefNew: 137040K->464K(153600K), 0.0025547 secs] 181766K->45191K(494976K), 0.0030868 secs] [Times: user=0.01 sys=0.00, real=0.01 secs] 
13:04:31.171 [Curator-PathChildrenCache-0] ERROR o.a.c.f.r.c.PathChildrenCache  - 
java.lang.IllegalStateException: instance must be started before calling this method
	at org.apache.curator.shaded.com.google.common.base.Preconditions.checkState(Preconditions.java:444)
	at org.apache.curator.framework.imps.CuratorFrameworkImpl.getChildren(CuratorFrameworkImpl.java:456)
	at org.apache.curator.framework.recipes.cache.PathChildrenCache.refresh(PathChildrenCache.java:521)
	at org.apache.curator.framework.recipes.cache.RefreshOperation.invoke(RefreshOperation.java:35)
	at org.apache.curator.framework.recipes.cache.PathChildrenCache$9.run(PathChildrenCache.java:786)
	at java.util.concurrent.Executors$RunnableAdapter.call(Executors.java:511)
	at java.util.concurrent.FutureTask.run(FutureTask.java:266)
	at java.util.concurrent.Executors$RunnableAdapter.call(Executors.java:511)
	at java.util.concurrent.FutureTask.run(FutureTask.java:266)
	at java.util.concurrent.ThreadPoolExecutor.runWorker(ThreadPoolExecutor.java:1149)
	at java.util.concurrent.ThreadPoolExecutor$Worker.run(ThreadPoolExecutor.java:624)
	at java.lang.Thread.run(Thread.java:748)
Heap
 def new generation   total 153600K, used 110431K [0x00000000e0c00000, 0x00000000eb2a0000, 0x00000000eb2a0000)
  eden space 136576K,  80% used [0x00000000e0c00000, 0x00000000e7763c30, 0x00000000e9160000)
  from space 17024K,   2% used [0x00000000ea200000, 0x00000000ea2741f8, 0x00000000eb2a0000)
  to   space 17024K,   0% used [0x00000000e9160000, 0x00000000e9160000, 0x00000000ea200000)
 tenured generation   total 341376K, used 44726K [0x00000000eb2a0000, 0x0000000100000000, 0x0000000100000000)
   the space 341376K,  13% used [0x00000000eb2a0000, 0x00000000ede4db30, 0x00000000ede4dc00, 0x0000000100000000)
 Metaspace       used 36466K, capacity 37448K, committed 37760K, reserved 1081344K
  class space    used 4901K, capacity 5124K, committed 5248K, reserved 1048576K
