05:53:12,182 |-INFO in ch.qos.logback.classic.LoggerContext[default] - Could NOT find resource [logback-test.xml]
05:53:12,182 |-INFO in ch.qos.logback.classic.LoggerContext[default] - Could NOT find resource [logback.groovy]
05:53:12,183 |-INFO in ch.qos.logback.classic.LoggerContext[default] - Found resource [logback.xml] at [jar:file:/root/flamestream/lib/flamestream-runtime-1.0-SNAPSHOT.jar!/logback.xml]
05:53:12,184 |-WARN in ch.qos.logback.classic.LoggerContext[default] - Resource [logback.xml] occurs multiple times on the classpath.
05:53:12,184 |-WARN in ch.qos.logback.classic.LoggerContext[default] - Resource [logback.xml] occurs at [jar:file:/root/flamestream/lib/flamestream-runtime-1.0-SNAPSHOT.jar!/logback.xml]
05:53:12,184 |-WARN in ch.qos.logback.classic.LoggerContext[default] - Resource [logback.xml] occurs at [jar:file:/root/flamestream/flamestream-runtime-1.0-SNAPSHOT.jar!/logback.xml]
05:53:12,203 |-INFO in ch.qos.logback.core.joran.spi.ConfigurationWatchList@3fb6a447 - URL [jar:file:/root/flamestream/lib/flamestream-runtime-1.0-SNAPSHOT.jar!/logback.xml] is not of type file
05:53:12,269 |-INFO in ch.qos.logback.classic.joran.action.ConfigurationAction - debug attribute not set
05:53:12,270 |-INFO in ch.qos.logback.core.joran.action.AppenderAction - About to instantiate appender of type [ch.qos.logback.core.ConsoleAppender]
05:53:12,286 |-INFO in ch.qos.logback.core.joran.action.AppenderAction - Naming appender as [STDOUT]
05:53:12,306 |-INFO in ch.qos.logback.core.joran.action.NestedComplexPropertyIA - Assuming default type [ch.qos.logback.classic.encoder.PatternLayoutEncoder] for [encoder] property
05:53:12,387 |-INFO in ch.qos.logback.core.joran.action.AppenderAction - About to instantiate appender of type [ch.qos.logback.core.rolling.RollingFileAppender]
05:53:12,392 |-INFO in ch.qos.logback.core.joran.action.AppenderAction - Naming appender as [FILE]
05:53:12,422 |-INFO in c.q.l.core.rolling.TimeBasedRollingPolicy@127618319 - No compression will be used
05:53:12,423 |-INFO in c.q.l.core.rolling.TimeBasedRollingPolicy@127618319 - Will use the pattern /tmp/application_%d{yyyy-MM-dd}.%i.log for the active file
05:53:12,426 |-INFO in ch.qos.logback.core.rolling.SizeAndTimeBasedFNATP@6b2fad11 - The date pattern is 'yyyy-MM-dd' from file name pattern '/tmp/application_%d{yyyy-MM-dd}.%i.log'.
05:53:12,426 |-INFO in ch.qos.logback.core.rolling.SizeAndTimeBasedFNATP@6b2fad11 - Roll-over at midnight.
05:53:12,431 |-INFO in ch.qos.logback.core.rolling.SizeAndTimeBasedFNATP@6b2fad11 - Setting initial period to Tue Jun 11 05:52:00 UTC 2019
05:53:12,431 |-WARN in ch.qos.logback.core.rolling.SizeAndTimeBasedFNATP@6b2fad11 - SizeAndTimeBasedFNATP is deprecated. Use SizeAndTimeBasedRollingPolicy instead
05:53:12,431 |-WARN in ch.qos.logback.core.rolling.SizeAndTimeBasedFNATP@6b2fad11 - For more information see http://logback.qos.ch/manual/appenders.html#SizeAndTimeBasedRollingPolicy
05:53:12,436 |-INFO in ch.qos.logback.core.joran.action.NestedComplexPropertyIA - Assuming default type [ch.qos.logback.classic.encoder.PatternLayoutEncoder] for [encoder] property
05:53:12,440 |-INFO in ch.qos.logback.core.rolling.RollingFileAppender[FILE] - Active log file name: /tmp/application.log
05:53:12,440 |-INFO in ch.qos.logback.core.rolling.RollingFileAppender[FILE] - File property is set to [/tmp/application.log]
05:53:12,441 |-INFO in ch.qos.logback.classic.joran.action.RootLoggerAction - Setting level of ROOT logger to WARN
05:53:12,441 |-INFO in ch.qos.logback.core.joran.action.AppenderRefAction - Attaching appender named [STDOUT] to Logger[ROOT]
05:53:12,443 |-INFO in ch.qos.logback.core.joran.action.AppenderRefAction - Attaching appender named [FILE] to Logger[ROOT]
05:53:12,443 |-INFO in ch.qos.logback.classic.joran.action.ConfigurationAction - End of configuration.
05:53:12,444 |-INFO in ch.qos.logback.classic.joran.JoranConfigurator@79698539 - Registering current configuration as safe fallback point

Ama winner
Ama winner
2019-06-11T05:53:13.715+0000: 1.720: [Full GC (Metadata GC Threshold) 2019-06-11T05:53:13.715+0000: 1.720: [Tenured: 0K->15145K(341376K), 0.0398503 secs] 114987K->15145K(494976K), [Metaspace: 20742K->20742K(1067008K)], 0.0399161 secs] [Times: user=0.04 sys=0.00, real=0.04 secs] 
05:53:30.862 [Curator-PathChildrenCache-1] WARN  o.a.c.u.ZKPaths  - The version of ZooKeeper being used doesn't support Container nodes. CreateMode.PERSISTENT will be used instead.
2019-06-11T05:53:33.078+0000: 21.083: [GC (Allocation Failure) 2019-06-11T05:53:33.078+0000: 21.083: [DefNew: 136576K->17023K(153600K), 0.0258696 secs] 151721K->52633K(494976K), 0.0259525 secs] [Times: user=0.02 sys=0.01, real=0.02 secs] 
2019-06-11T05:53:36.519+0000: 24.524: [Full GC (Metadata GC Threshold) 2019-06-11T05:53:36.519+0000: 24.524: [Tenured: 35609K->44085K(341376K), 0.0478016 secs] 119989K->44085K(494976K), [Metaspace: 34603K->34603K(1079296K)], 0.0478892 secs] [Times: user=0.05 sys=0.00, real=0.05 secs] 
2019-06-11T05:53:43.328+0000: 31.333: [GC (Allocation Failure) 2019-06-11T05:53:43.328+0000: 31.333: [DefNew: 136576K->55K(153600K), 0.0017926 secs] 180661K->44140K(494976K), 0.0018771 secs] [Times: user=0.01 sys=0.00, real=0.00 secs] 
2019-06-11T05:53:50.261+0000: 38.266: [GC (Allocation Failure) 2019-06-11T05:53:50.261+0000: 38.266: [DefNew: 136631K->53K(153600K), 0.0016504 secs] 180716K->44138K(494976K), 0.0017109 secs] [Times: user=0.00 sys=0.00, real=0.00 secs] 
2019-06-11T05:53:57.274+0000: 45.279: [GC (Allocation Failure) 2019-06-11T05:53:57.274+0000: 45.279: [DefNew: 136629K->54K(153600K), 0.0017755 secs] 180714K->44139K(494976K), 0.0018489 secs] [Times: user=0.00 sys=0.00, real=0.01 secs] 
2019-06-11T05:54:04.448+0000: 52.453: [GC (Allocation Failure) 2019-06-11T05:54:04.448+0000: 52.453: [DefNew: 136630K->54K(153600K), 0.0017238 secs] 180715K->44139K(494976K), 0.0017855 secs] [Times: user=0.00 sys=0.00, real=0.00 secs] 
2019-06-11T05:54:12.676+0000: 60.681: [GC (Allocation Failure) 2019-06-11T05:54:12.676+0000: 60.681: [DefNew: 136630K->56K(153600K), 0.0016798 secs] 180715K->44142K(494976K), 0.0017341 secs] [Times: user=0.01 sys=0.00, real=0.00 secs] 
05:54:32.830 [Curator-PathChildrenCache-0] ERROR o.a.c.f.r.c.PathChildrenCache  - 
java.lang.IllegalStateException: instance must be started before calling this method
	at org.apache.curator.shaded.com.google.common.base.Preconditions.checkState(Preconditions.java:444)
	at org.apache.curator.framework.imps.CuratorFrameworkImpl.getChildren(CuratorFrameworkImpl.java:456)
	at org.apache.curator.framework.recipes.cache.PathChildrenCache.refresh(PathChildrenCache.java:521)
	at org.apache.curator.framework.recipes.cache.RefreshOperation.invoke(RefreshOperation.java:35)
	at org.apache.curator.framework.recipes.cache.PathChildrenCache$9.run(PathChildrenCache.java:786)
	at java.util.concurrent.Executors$RunnableAdapter.call(Executors.java:511)
	at java.util.concurrent.FutureTask.run(FutureTask.java:266)
	at java.util.concurrent.Executors$RunnableAdapter.call(Executors.java:511)
	at java.util.concurrent.FutureTask.run(FutureTask.java:266)
	at java.util.concurrent.ThreadPoolExecutor.runWorker(ThreadPoolExecutor.java:1149)
	at java.util.concurrent.ThreadPoolExecutor$Worker.run(ThreadPoolExecutor.java:624)
	at java.lang.Thread.run(Thread.java:748)
Heap
 def new generation   total 153600K, used 74754K [0x00000000e0c00000, 0x00000000eb2a0000, 0x00000000eb2a0000)
  eden space 136576K,  54% used [0x00000000e0c00000, 0x00000000e54f26d0, 0x00000000e9160000)
  from space 17024K,   0% used [0x00000000e9160000, 0x00000000e916e378, 0x00000000ea200000)
  to   space 17024K,   0% used [0x00000000ea200000, 0x00000000ea200000, 0x00000000eb2a0000)
 tenured generation   total 341376K, used 44085K [0x00000000eb2a0000, 0x0000000100000000, 0x0000000100000000)
   the space 341376K,  12% used [0x00000000eb2a0000, 0x00000000eddad4a0, 0x00000000eddad600, 0x0000000100000000)
 Metaspace       used 36105K, capacity 36998K, committed 37120K, reserved 1081344K
  class space    used 4871K, capacity 5075K, committed 5120K, reserved 1048576K
