05:26:24,864 |-INFO in ch.qos.logback.classic.LoggerContext[default] - Could NOT find resource [logback-test.xml]
05:26:24,864 |-INFO in ch.qos.logback.classic.LoggerContext[default] - Could NOT find resource [logback.groovy]
05:26:24,865 |-INFO in ch.qos.logback.classic.LoggerContext[default] - Found resource [logback.xml] at [jar:file:/root/flamestream/lib/flamestream-runtime-1.0-SNAPSHOT.jar!/logback.xml]
05:26:24,866 |-WARN in ch.qos.logback.classic.LoggerContext[default] - Resource [logback.xml] occurs multiple times on the classpath.
05:26:24,866 |-WARN in ch.qos.logback.classic.LoggerContext[default] - Resource [logback.xml] occurs at [jar:file:/root/flamestream/lib/flamestream-runtime-1.0-SNAPSHOT.jar!/logback.xml]
05:26:24,866 |-WARN in ch.qos.logback.classic.LoggerContext[default] - Resource [logback.xml] occurs at [jar:file:/root/flamestream/flamestream-runtime-1.0-SNAPSHOT.jar!/logback.xml]
05:26:24,886 |-INFO in ch.qos.logback.core.joran.spi.ConfigurationWatchList@3fb6a447 - URL [jar:file:/root/flamestream/lib/flamestream-runtime-1.0-SNAPSHOT.jar!/logback.xml] is not of type file
05:26:24,959 |-INFO in ch.qos.logback.classic.joran.action.ConfigurationAction - debug attribute not set
05:26:24,960 |-INFO in ch.qos.logback.core.joran.action.AppenderAction - About to instantiate appender of type [ch.qos.logback.core.ConsoleAppender]
05:26:24,977 |-INFO in ch.qos.logback.core.joran.action.AppenderAction - Naming appender as [STDOUT]
05:26:24,995 |-INFO in ch.qos.logback.core.joran.action.NestedComplexPropertyIA - Assuming default type [ch.qos.logback.classic.encoder.PatternLayoutEncoder] for [encoder] property
05:26:25,075 |-INFO in ch.qos.logback.core.joran.action.AppenderAction - About to instantiate appender of type [ch.qos.logback.core.rolling.RollingFileAppender]
05:26:25,080 |-INFO in ch.qos.logback.core.joran.action.AppenderAction - Naming appender as [FILE]
05:26:25,113 |-INFO in c.q.l.core.rolling.TimeBasedRollingPolicy@127618319 - No compression will be used
05:26:25,114 |-INFO in c.q.l.core.rolling.TimeBasedRollingPolicy@127618319 - Will use the pattern /tmp/application_%d{yyyy-MM-dd}.%i.log for the active file
05:26:25,117 |-INFO in ch.qos.logback.core.rolling.SizeAndTimeBasedFNATP@6b2fad11 - The date pattern is 'yyyy-MM-dd' from file name pattern '/tmp/application_%d{yyyy-MM-dd}.%i.log'.
05:26:25,117 |-INFO in ch.qos.logback.core.rolling.SizeAndTimeBasedFNATP@6b2fad11 - Roll-over at midnight.
05:26:25,122 |-INFO in ch.qos.logback.core.rolling.SizeAndTimeBasedFNATP@6b2fad11 - Setting initial period to Tue Jun 11 05:25:09 UTC 2019
05:26:25,123 |-WARN in ch.qos.logback.core.rolling.SizeAndTimeBasedFNATP@6b2fad11 - SizeAndTimeBasedFNATP is deprecated. Use SizeAndTimeBasedRollingPolicy instead
05:26:25,123 |-WARN in ch.qos.logback.core.rolling.SizeAndTimeBasedFNATP@6b2fad11 - For more information see http://logback.qos.ch/manual/appenders.html#SizeAndTimeBasedRollingPolicy
05:26:25,127 |-INFO in ch.qos.logback.core.joran.action.NestedComplexPropertyIA - Assuming default type [ch.qos.logback.classic.encoder.PatternLayoutEncoder] for [encoder] property
05:26:25,131 |-INFO in ch.qos.logback.core.rolling.RollingFileAppender[FILE] - Active log file name: /tmp/application.log
05:26:25,131 |-INFO in ch.qos.logback.core.rolling.RollingFileAppender[FILE] - File property is set to [/tmp/application.log]
05:26:25,132 |-INFO in ch.qos.logback.classic.joran.action.RootLoggerAction - Setting level of ROOT logger to WARN
05:26:25,132 |-INFO in ch.qos.logback.core.joran.action.AppenderRefAction - Attaching appender named [STDOUT] to Logger[ROOT]
05:26:25,134 |-INFO in ch.qos.logback.core.joran.action.AppenderRefAction - Attaching appender named [FILE] to Logger[ROOT]
05:26:25,134 |-INFO in ch.qos.logback.classic.joran.action.ConfigurationAction - End of configuration.
05:26:25,135 |-INFO in ch.qos.logback.classic.joran.JoranConfigurator@79698539 - Registering current configuration as safe fallback point

Ama winner
Ama winner
2019-06-11T05:26:26.465+0000: 1.788: [Full GC (Metadata GC Threshold) 2019-06-11T05:26:26.465+0000: 1.788: [Tenured: 0K->15240K(341376K), 0.0415719 secs] 114987K->15240K(494976K), [Metaspace: 20730K->20730K(1067008K)], 0.0416556 secs] [Times: user=0.04 sys=0.00, real=0.04 secs] 
05:26:40.390 [Curator-PathChildrenCache-1] WARN  o.a.c.u.ZKPaths  - The version of ZooKeeper being used doesn't support Container nodes. CreateMode.PERSISTENT will be used instead.
2019-06-11T05:26:42.824+0000: 18.148: [GC (Allocation Failure) 2019-06-11T05:26:42.824+0000: 18.148: [DefNew: 136576K->17023K(153600K), 0.0254997 secs] 151816K->52702K(494976K), 0.0255677 secs] [Times: user=0.01 sys=0.02, real=0.03 secs] 
2019-06-11T05:26:43.655+0000: 18.979: [Full GC (Metadata GC Threshold) 2019-06-11T05:26:43.655+0000: 18.979: [Tenured: 35678K->44190K(341376K), 0.0399142 secs] 78647K->44190K(494976K), [Metaspace: 34587K->34587K(1079296K)], 0.0399892 secs] [Times: user=0.04 sys=0.00, real=0.04 secs] 
2019-06-11T05:26:49.584+0000: 24.908: [GC (Allocation Failure) 2019-06-11T05:26:49.584+0000: 24.908: [DefNew: 136576K->106K(153600K), 0.0019337 secs] 180766K->44297K(494976K), 0.0019898 secs] [Times: user=0.00 sys=0.00, real=0.00 secs] 
2019-06-11T05:26:55.570+0000: 30.893: [GC (Allocation Failure) 2019-06-11T05:26:55.570+0000: 30.893: [DefNew: 136682K->136K(153600K), 0.0017405 secs] 180873K->44326K(494976K), 0.0017990 secs] [Times: user=0.00 sys=0.00, real=0.00 secs] 
2019-06-11T05:27:01.473+0000: 36.797: [GC (Allocation Failure) 2019-06-11T05:27:01.473+0000: 36.797: [DefNew: 136712K->174K(153600K), 0.0018325 secs] 180902K->44364K(494976K), 0.0018959 secs] [Times: user=0.01 sys=0.00, real=0.00 secs] 
2019-06-11T05:27:07.508+0000: 42.832: [GC (Allocation Failure) 2019-06-11T05:27:07.508+0000: 42.832: [DefNew: 136750K->210K(153600K), 0.0019008 secs] 180940K->44400K(494976K), 0.0019703 secs] [Times: user=0.01 sys=0.00, real=0.01 secs] 
2019-06-11T05:27:13.598+0000: 48.922: [GC (Allocation Failure) 2019-06-11T05:27:13.598+0000: 48.922: [DefNew: 136786K->205K(153600K), 0.0018942 secs] 180976K->44395K(494976K), 0.0019530 secs] [Times: user=0.00 sys=0.00, real=0.00 secs] 
05:27:25.710 [Curator-PathChildrenCache-0] ERROR o.a.c.f.r.c.PathChildrenCache  - 
java.lang.IllegalStateException: instance must be started before calling this method
	at org.apache.curator.shaded.com.google.common.base.Preconditions.checkState(Preconditions.java:444)
	at org.apache.curator.framework.imps.CuratorFrameworkImpl.getChildren(CuratorFrameworkImpl.java:456)
	at org.apache.curator.framework.recipes.cache.PathChildrenCache.refresh(PathChildrenCache.java:521)
	at org.apache.curator.framework.recipes.cache.RefreshOperation.invoke(RefreshOperation.java:35)
	at org.apache.curator.framework.recipes.cache.PathChildrenCache$9.run(PathChildrenCache.java:786)
	at java.util.concurrent.Executors$RunnableAdapter.call(Executors.java:511)
	at java.util.concurrent.FutureTask.run(FutureTask.java:266)
	at java.util.concurrent.Executors$RunnableAdapter.call(Executors.java:511)
	at java.util.concurrent.FutureTask.run(FutureTask.java:266)
	at java.util.concurrent.ThreadPoolExecutor.runWorker(ThreadPoolExecutor.java:1149)
	at java.util.concurrent.ThreadPoolExecutor$Worker.run(ThreadPoolExecutor.java:624)
	at java.lang.Thread.run(Thread.java:748)
Heap
 def new generation   total 153600K, used 110749K [0x00000000e0c00000, 0x00000000eb2a0000, 0x00000000eb2a0000)
  eden space 136576K,  80% used [0x00000000e0c00000, 0x00000000e77f3ea8, 0x00000000e9160000)
  from space 17024K,   1% used [0x00000000e9160000, 0x00000000e91936f8, 0x00000000ea200000)
  to   space 17024K,   0% used [0x00000000ea200000, 0x00000000ea200000, 0x00000000eb2a0000)
 tenured generation   total 341376K, used 44190K [0x00000000eb2a0000, 0x0000000100000000, 0x0000000100000000)
   the space 341376K,  12% used [0x00000000eb2a0000, 0x00000000eddc7850, 0x00000000eddc7a00, 0x0000000100000000)
 Metaspace       used 35865K, capacity 36812K, committed 37120K, reserved 1081344K
  class space    used 4842K, capacity 5050K, committed 5120K, reserved 1048576K
