07:14:33,022 |-INFO in ch.qos.logback.classic.LoggerContext[default] - Could NOT find resource [logback-test.xml]
07:14:33,022 |-INFO in ch.qos.logback.classic.LoggerContext[default] - Could NOT find resource [logback.groovy]
07:14:33,023 |-INFO in ch.qos.logback.classic.LoggerContext[default] - Found resource [logback.xml] at [jar:file:/root/flamestream/lib/flamestream-runtime-1.0-SNAPSHOT.jar!/logback.xml]
07:14:33,023 |-WARN in ch.qos.logback.classic.LoggerContext[default] - Resource [logback.xml] occurs multiple times on the classpath.
07:14:33,024 |-WARN in ch.qos.logback.classic.LoggerContext[default] - Resource [logback.xml] occurs at [jar:file:/root/flamestream/lib/flamestream-runtime-1.0-SNAPSHOT.jar!/logback.xml]
07:14:33,024 |-WARN in ch.qos.logback.classic.LoggerContext[default] - Resource [logback.xml] occurs at [jar:file:/root/flamestream/flamestream-runtime-1.0-SNAPSHOT.jar!/logback.xml]
07:14:33,043 |-INFO in ch.qos.logback.core.joran.spi.ConfigurationWatchList@3fb6a447 - URL [jar:file:/root/flamestream/lib/flamestream-runtime-1.0-SNAPSHOT.jar!/logback.xml] is not of type file
07:14:33,109 |-INFO in ch.qos.logback.classic.joran.action.ConfigurationAction - debug attribute not set
07:14:33,110 |-INFO in ch.qos.logback.core.joran.action.AppenderAction - About to instantiate appender of type [ch.qos.logback.core.ConsoleAppender]
07:14:33,126 |-INFO in ch.qos.logback.core.joran.action.AppenderAction - Naming appender as [STDOUT]
07:14:33,145 |-INFO in ch.qos.logback.core.joran.action.NestedComplexPropertyIA - Assuming default type [ch.qos.logback.classic.encoder.PatternLayoutEncoder] for [encoder] property
07:14:33,245 |-INFO in ch.qos.logback.core.joran.action.AppenderAction - About to instantiate appender of type [ch.qos.logback.core.rolling.RollingFileAppender]
07:14:33,250 |-INFO in ch.qos.logback.core.joran.action.AppenderAction - Naming appender as [FILE]
07:14:33,286 |-INFO in c.q.l.core.rolling.TimeBasedRollingPolicy@127618319 - No compression will be used
07:14:33,287 |-INFO in c.q.l.core.rolling.TimeBasedRollingPolicy@127618319 - Will use the pattern /tmp/application_%d{yyyy-MM-dd}.%i.log for the active file
07:14:33,290 |-INFO in ch.qos.logback.core.rolling.SizeAndTimeBasedFNATP@6b2fad11 - The date pattern is 'yyyy-MM-dd' from file name pattern '/tmp/application_%d{yyyy-MM-dd}.%i.log'.
07:14:33,290 |-INFO in ch.qos.logback.core.rolling.SizeAndTimeBasedFNATP@6b2fad11 - Roll-over at midnight.
07:14:33,295 |-INFO in ch.qos.logback.core.rolling.SizeAndTimeBasedFNATP@6b2fad11 - Setting initial period to Tue Jun 11 07:13:00 UTC 2019
07:14:33,295 |-WARN in ch.qos.logback.core.rolling.SizeAndTimeBasedFNATP@6b2fad11 - SizeAndTimeBasedFNATP is deprecated. Use SizeAndTimeBasedRollingPolicy instead
07:14:33,295 |-WARN in ch.qos.logback.core.rolling.SizeAndTimeBasedFNATP@6b2fad11 - For more information see http://logback.qos.ch/manual/appenders.html#SizeAndTimeBasedRollingPolicy
07:14:33,299 |-INFO in ch.qos.logback.core.joran.action.NestedComplexPropertyIA - Assuming default type [ch.qos.logback.classic.encoder.PatternLayoutEncoder] for [encoder] property
07:14:33,304 |-INFO in ch.qos.logback.core.rolling.RollingFileAppender[FILE] - Active log file name: /tmp/application.log
07:14:33,304 |-INFO in ch.qos.logback.core.rolling.RollingFileAppender[FILE] - File property is set to [/tmp/application.log]
07:14:33,305 |-INFO in ch.qos.logback.classic.joran.action.RootLoggerAction - Setting level of ROOT logger to WARN
07:14:33,305 |-INFO in ch.qos.logback.core.joran.action.AppenderRefAction - Attaching appender named [STDOUT] to Logger[ROOT]
07:14:33,307 |-INFO in ch.qos.logback.core.joran.action.AppenderRefAction - Attaching appender named [FILE] to Logger[ROOT]
07:14:33,307 |-INFO in ch.qos.logback.classic.joran.action.ConfigurationAction - End of configuration.
07:14:33,307 |-INFO in ch.qos.logback.classic.joran.JoranConfigurator@79698539 - Registering current configuration as safe fallback point

Ama winner
Ama winner
2019-06-11T07:14:34.592+0000: 1.758: [Full GC (Metadata GC Threshold) 2019-06-11T07:14:34.592+0000: 1.758: [Tenured: 0K->15176K(341376K), 0.0398500 secs] 114987K->15176K(494976K), [Metaspace: 20729K->20729K(1067008K)], 0.0399164 secs] [Times: user=0.03 sys=0.01, real=0.04 secs] 
2019-06-11T07:15:09.874+0000: 37.040: [GC (Allocation Failure) 2019-06-11T07:15:09.874+0000: 37.040: [DefNew: 117982K->17024K(153600K), 0.0175578 secs] 133159K->32610K(494976K), 0.0176317 secs] [Times: user=0.00 sys=0.02, real=0.02 secs] 
2019-06-11T07:15:12.532+0000: 39.698: [Full GC (Metadata GC Threshold) 2019-06-11T07:15:12.532+0000: 39.698: [Tenured: 15586K->43587K(341376K), 0.0926684 secs] 107504K->43587K(494976K), [Metaspace: 34595K->34595K(1079296K)], 0.0927422 secs] [Times: user=0.09 sys=0.01, real=0.09 secs] 
2019-06-11T07:15:18.780+0000: 45.946: [GC (Allocation Failure) 2019-06-11T07:15:18.780+0000: 45.946: [DefNew: 136576K->74K(153600K), 0.0018899 secs] 180163K->43662K(494976K), 0.0019511 secs] [Times: user=0.00 sys=0.00, real=0.00 secs] 
2019-06-11T07:15:24.821+0000: 51.988: [GC (Allocation Failure) 2019-06-11T07:15:24.822+0000: 51.988: [DefNew: 136650K->73K(153600K), 0.0018504 secs] 180238K->43661K(494976K), 0.0019130 secs] [Times: user=0.00 sys=0.00, real=0.01 secs] 
2019-06-11T07:15:30.913+0000: 58.079: [GC (Allocation Failure) 2019-06-11T07:15:30.913+0000: 58.079: [DefNew: 136649K->74K(153600K), 0.0018338 secs] 180237K->43662K(494976K), 0.0018902 secs] [Times: user=0.01 sys=0.00, real=0.00 secs] 
2019-06-11T07:15:37.385+0000: 64.551: [GC (Allocation Failure) 2019-06-11T07:15:37.385+0000: 64.551: [DefNew: 136650K->400K(153600K), 0.0022994 secs] 180238K->43988K(494976K), 0.0023571 secs] [Times: user=0.00 sys=0.00, real=0.00 secs] 
2019-06-11T07:15:51.686+0000: 78.852: [GC (Allocation Failure) 2019-06-11T07:15:51.686+0000: 78.852: [DefNew: 136976K->143K(153600K), 0.0020874 secs] 180564K->43731K(494976K), 0.0021437 secs] [Times: user=0.00 sys=0.00, real=0.00 secs] 
07:15:59.391 [Curator-PathChildrenCache-0] ERROR o.a.c.f.r.c.PathChildrenCache  - 
java.lang.IllegalStateException: instance must be started before calling this method
	at org.apache.curator.shaded.com.google.common.base.Preconditions.checkState(Preconditions.java:444)
	at org.apache.curator.framework.imps.CuratorFrameworkImpl.getChildren(CuratorFrameworkImpl.java:456)
	at org.apache.curator.framework.recipes.cache.PathChildrenCache.refresh(PathChildrenCache.java:521)
	at org.apache.curator.framework.recipes.cache.RefreshOperation.invoke(RefreshOperation.java:35)
	at org.apache.curator.framework.recipes.cache.PathChildrenCache$9.run(PathChildrenCache.java:786)
	at java.util.concurrent.Executors$RunnableAdapter.call(Executors.java:511)
	at java.util.concurrent.FutureTask.run(FutureTask.java:266)
	at java.util.concurrent.Executors$RunnableAdapter.call(Executors.java:511)
	at java.util.concurrent.FutureTask.run(FutureTask.java:266)
	at java.util.concurrent.ThreadPoolExecutor.runWorker(ThreadPoolExecutor.java:1149)
	at java.util.concurrent.ThreadPoolExecutor$Worker.run(ThreadPoolExecutor.java:624)
	at java.lang.Thread.run(Thread.java:748)
Heap
 def new generation   total 153600K, used 45018K [0x00000000e0c00000, 0x00000000eb2a0000, 0x00000000eb2a0000)
  eden space 136576K,  32% used [0x00000000e0c00000, 0x00000000e37d2eb0, 0x00000000e9160000)
  from space 17024K,   0% used [0x00000000e9160000, 0x00000000e9183c78, 0x00000000ea200000)
  to   space 17024K,   0% used [0x00000000ea200000, 0x00000000ea200000, 0x00000000eb2a0000)
 tenured generation   total 341376K, used 43587K [0x00000000eb2a0000, 0x0000000100000000, 0x0000000100000000)
   the space 341376K,  12% used [0x00000000eb2a0000, 0x00000000edd30fd0, 0x00000000edd31000, 0x0000000100000000)
 Metaspace       used 36203K, capacity 37074K, committed 37376K, reserved 1081344K
  class space    used 4858K, capacity 5077K, committed 5120K, reserved 1048576K
