17:54:12,299 |-INFO in ch.qos.logback.classic.LoggerContext[default] - Could NOT find resource [logback-test.xml]
17:54:12,299 |-INFO in ch.qos.logback.classic.LoggerContext[default] - Could NOT find resource [logback.groovy]
17:54:12,300 |-INFO in ch.qos.logback.classic.LoggerContext[default] - Found resource [logback.xml] at [jar:file:/root/flamestream/lib/flamestream-runtime-1.0-SNAPSHOT.jar!/logback.xml]
17:54:12,300 |-WARN in ch.qos.logback.classic.LoggerContext[default] - Resource [logback.xml] occurs multiple times on the classpath.
17:54:12,301 |-WARN in ch.qos.logback.classic.LoggerContext[default] - Resource [logback.xml] occurs at [jar:file:/root/flamestream/lib/flamestream-runtime-1.0-SNAPSHOT.jar!/logback.xml]
17:54:12,301 |-WARN in ch.qos.logback.classic.LoggerContext[default] - Resource [logback.xml] occurs at [jar:file:/root/flamestream/flamestream-runtime-1.0-SNAPSHOT.jar!/logback.xml]
17:54:12,320 |-INFO in ch.qos.logback.core.joran.spi.ConfigurationWatchList@3fb6a447 - URL [jar:file:/root/flamestream/lib/flamestream-runtime-1.0-SNAPSHOT.jar!/logback.xml] is not of type file
17:54:12,388 |-INFO in ch.qos.logback.classic.joran.action.ConfigurationAction - debug attribute not set
17:54:12,388 |-INFO in ch.qos.logback.core.joran.action.AppenderAction - About to instantiate appender of type [ch.qos.logback.core.ConsoleAppender]
17:54:12,403 |-INFO in ch.qos.logback.core.joran.action.AppenderAction - Naming appender as [STDOUT]
17:54:12,426 |-INFO in ch.qos.logback.core.joran.action.NestedComplexPropertyIA - Assuming default type [ch.qos.logback.classic.encoder.PatternLayoutEncoder] for [encoder] property
17:54:12,509 |-INFO in ch.qos.logback.core.joran.action.AppenderAction - About to instantiate appender of type [ch.qos.logback.core.rolling.RollingFileAppender]
17:54:12,518 |-INFO in ch.qos.logback.core.joran.action.AppenderAction - Naming appender as [FILE]
17:54:12,549 |-INFO in c.q.l.core.rolling.TimeBasedRollingPolicy@127618319 - No compression will be used
17:54:12,550 |-INFO in c.q.l.core.rolling.TimeBasedRollingPolicy@127618319 - Will use the pattern /tmp/application_%d{yyyy-MM-dd}.%i.log for the active file
17:54:12,553 |-INFO in ch.qos.logback.core.rolling.SizeAndTimeBasedFNATP@6b2fad11 - The date pattern is 'yyyy-MM-dd' from file name pattern '/tmp/application_%d{yyyy-MM-dd}.%i.log'.
17:54:12,553 |-INFO in ch.qos.logback.core.rolling.SizeAndTimeBasedFNATP@6b2fad11 - Roll-over at midnight.
17:54:12,559 |-INFO in ch.qos.logback.core.rolling.SizeAndTimeBasedFNATP@6b2fad11 - Setting initial period to Mon Jun 10 17:52:54 UTC 2019
17:54:12,559 |-WARN in ch.qos.logback.core.rolling.SizeAndTimeBasedFNATP@6b2fad11 - SizeAndTimeBasedFNATP is deprecated. Use SizeAndTimeBasedRollingPolicy instead
17:54:12,559 |-WARN in ch.qos.logback.core.rolling.SizeAndTimeBasedFNATP@6b2fad11 - For more information see http://logback.qos.ch/manual/appenders.html#SizeAndTimeBasedRollingPolicy
17:54:12,563 |-INFO in ch.qos.logback.core.joran.action.NestedComplexPropertyIA - Assuming default type [ch.qos.logback.classic.encoder.PatternLayoutEncoder] for [encoder] property
17:54:12,568 |-INFO in ch.qos.logback.core.rolling.RollingFileAppender[FILE] - Active log file name: /tmp/application.log
17:54:12,568 |-INFO in ch.qos.logback.core.rolling.RollingFileAppender[FILE] - File property is set to [/tmp/application.log]
17:54:12,569 |-INFO in ch.qos.logback.classic.joran.action.RootLoggerAction - Setting level of ROOT logger to WARN
17:54:12,569 |-INFO in ch.qos.logback.core.joran.action.AppenderRefAction - Attaching appender named [STDOUT] to Logger[ROOT]
17:54:12,571 |-INFO in ch.qos.logback.core.joran.action.AppenderRefAction - Attaching appender named [FILE] to Logger[ROOT]
17:54:12,571 |-INFO in ch.qos.logback.classic.joran.action.ConfigurationAction - End of configuration.
17:54:12,571 |-INFO in ch.qos.logback.classic.joran.JoranConfigurator@79698539 - Registering current configuration as safe fallback point

Ama winner
Ama winner
2019-06-10T17:54:13.879+0000: 1.770: [Full GC (Metadata GC Threshold) 2019-06-10T17:54:13.879+0000: 1.770: [Tenured: 0K->15241K(341376K), 0.0383285 secs] 117750K->15241K(494976K), [Metaspace: 20735K->20735K(1067008K)], 0.0383930 secs] [Times: user=0.04 sys=0.00, real=0.04 secs] 
17:54:31.700 [Curator-PathChildrenCache-2] WARN  o.a.c.u.ZKPaths  - The version of ZooKeeper being used doesn't support Container nodes. CreateMode.PERSISTENT will be used instead.
2019-06-10T17:54:33.822+0000: 21.713: [GC (Allocation Failure) 2019-06-10T17:54:33.822+0000: 21.713: [DefNew: 136576K->17023K(153600K), 0.0253890 secs] 151817K->52949K(494976K), 0.0254660 secs] [Times: user=0.03 sys=0.00, real=0.03 secs] 
2019-06-10T17:54:34.307+0000: 22.198: [Full GC (Metadata GC Threshold) 2019-06-10T17:54:34.307+0000: 22.198: [Tenured: 35925K->44560K(341376K), 0.0398159 secs] 73904K->44560K(494976K), [Metaspace: 34593K->34593K(1079296K)], 0.0398936 secs] [Times: user=0.04 sys=0.01, real=0.04 secs] 
2019-06-10T17:54:38.615+0000: 26.506: [GC (Allocation Failure) 2019-06-10T17:54:38.615+0000: 26.506: [DefNew: 136576K->169K(153600K), 0.0020929 secs] 181136K->44730K(494976K), 0.0021491 secs] [Times: user=0.00 sys=0.00, real=0.00 secs] 
2019-06-10T17:54:42.900+0000: 30.791: [GC (Allocation Failure) 2019-06-10T17:54:42.900+0000: 30.791: [DefNew: 136745K->207K(153600K), 0.0019985 secs] 181306K->44768K(494976K), 0.0020585 secs] [Times: user=0.00 sys=0.01, real=0.00 secs] 
2019-06-10T17:54:47.133+0000: 35.024: [GC (Allocation Failure) 2019-06-10T17:54:47.133+0000: 35.024: [DefNew: 136783K->215K(153600K), 0.0019498 secs] 181344K->44776K(494976K), 0.0020110 secs] [Times: user=0.01 sys=0.00, real=0.01 secs] 
2019-06-10T17:54:51.365+0000: 39.256: [GC (Allocation Failure) 2019-06-10T17:54:51.366+0000: 39.256: [DefNew: 136791K->206K(153600K), 0.0019330 secs] 181352K->44767K(494976K), 0.0019917 secs] [Times: user=0.00 sys=0.00, real=0.00 secs] 
2019-06-10T17:54:55.642+0000: 43.533: [GC (Allocation Failure) 2019-06-10T17:54:55.642+0000: 43.533: [DefNew: 136782K->239K(153600K), 0.0020125 secs] 181343K->44800K(494976K), 0.0020740 secs] [Times: user=0.00 sys=0.00, real=0.00 secs] 
2019-06-10T17:54:59.884+0000: 47.775: [GC (Allocation Failure) 2019-06-10T17:54:59.884+0000: 47.775: [DefNew: 136815K->241K(153600K), 0.0019958 secs] 181376K->44802K(494976K), 0.0020552 secs] [Times: user=0.00 sys=0.00, real=0.01 secs] 
2019-06-10T17:55:04.148+0000: 52.039: [GC (Allocation Failure) 2019-06-10T17:55:04.148+0000: 52.039: [DefNew: 136817K->242K(153600K), 0.0020914 secs] 181378K->44803K(494976K), 0.0021520 secs] [Times: user=0.00 sys=0.00, real=0.00 secs] 
2019-06-10T17:55:08.395+0000: 56.286: [GC (Allocation Failure) 2019-06-10T17:55:08.395+0000: 56.286: [DefNew: 136818K->240K(153600K), 0.0020376 secs] 181379K->44801K(494976K), 0.0020957 secs] [Times: user=0.00 sys=0.00, real=0.00 secs] 
17:55:16.730 [Curator-PathChildrenCache-0] ERROR o.a.c.f.r.c.PathChildrenCache  - 
java.lang.IllegalStateException: instance must be started before calling this method
	at org.apache.curator.shaded.com.google.common.base.Preconditions.checkState(Preconditions.java:444)
	at org.apache.curator.framework.imps.CuratorFrameworkImpl.getChildren(CuratorFrameworkImpl.java:456)
	at org.apache.curator.framework.recipes.cache.PathChildrenCache.refresh(PathChildrenCache.java:521)
	at org.apache.curator.framework.recipes.cache.RefreshOperation.invoke(RefreshOperation.java:35)
	at org.apache.curator.framework.recipes.cache.PathChildrenCache$9.run(PathChildrenCache.java:786)
	at java.util.concurrent.Executors$RunnableAdapter.call(Executors.java:511)
	at java.util.concurrent.FutureTask.run(FutureTask.java:266)
	at java.util.concurrent.Executors$RunnableAdapter.call(Executors.java:511)
	at java.util.concurrent.FutureTask.run(FutureTask.java:266)
	at java.util.concurrent.ThreadPoolExecutor.runWorker(ThreadPoolExecutor.java:1149)
	at java.util.concurrent.ThreadPoolExecutor$Worker.run(ThreadPoolExecutor.java:624)
	at java.lang.Thread.run(Thread.java:748)
Heap
 def new generation   total 153600K, used 136421K [0x00000000e0c00000, 0x00000000eb2a0000, 0x00000000eb2a0000)
  eden space 136576K,  99% used [0x00000000e0c00000, 0x00000000e90fd258, 0x00000000e9160000)
  from space 17024K,   1% used [0x00000000ea200000, 0x00000000ea23c290, 0x00000000eb2a0000)
  to   space 17024K,   0% used [0x00000000e9160000, 0x00000000e9160000, 0x00000000ea200000)
 tenured generation   total 341376K, used 44560K [0x00000000eb2a0000, 0x0000000100000000, 0x0000000100000000)
   the space 341376K,  13% used [0x00000000eb2a0000, 0x00000000ede24338, 0x00000000ede24400, 0x0000000100000000)
 Metaspace       used 36419K, capacity 37378K, committed 37760K, reserved 1081344K
  class space    used 4901K, capacity 5123K, committed 5248K, reserved 1048576K
