07:44:44,740 |-INFO in ch.qos.logback.classic.LoggerContext[default] - Could NOT find resource [logback-test.xml]
07:44:44,740 |-INFO in ch.qos.logback.classic.LoggerContext[default] - Could NOT find resource [logback.groovy]
07:44:44,740 |-INFO in ch.qos.logback.classic.LoggerContext[default] - Found resource [logback.xml] at [jar:file:/root/flamestream/lib/flamestream-runtime-1.0-SNAPSHOT.jar!/logback.xml]
07:44:44,741 |-WARN in ch.qos.logback.classic.LoggerContext[default] - Resource [logback.xml] occurs multiple times on the classpath.
07:44:44,741 |-WARN in ch.qos.logback.classic.LoggerContext[default] - Resource [logback.xml] occurs at [jar:file:/root/flamestream/lib/flamestream-runtime-1.0-SNAPSHOT.jar!/logback.xml]
07:44:44,741 |-WARN in ch.qos.logback.classic.LoggerContext[default] - Resource [logback.xml] occurs at [jar:file:/root/flamestream/flamestream-runtime-1.0-SNAPSHOT.jar!/logback.xml]
07:44:44,765 |-INFO in ch.qos.logback.core.joran.spi.ConfigurationWatchList@3fb6a447 - URL [jar:file:/root/flamestream/lib/flamestream-runtime-1.0-SNAPSHOT.jar!/logback.xml] is not of type file
07:44:44,842 |-INFO in ch.qos.logback.classic.joran.action.ConfigurationAction - debug attribute not set
07:44:44,842 |-INFO in ch.qos.logback.core.joran.action.AppenderAction - About to instantiate appender of type [ch.qos.logback.core.ConsoleAppender]
07:44:44,856 |-INFO in ch.qos.logback.core.joran.action.AppenderAction - Naming appender as [STDOUT]
07:44:44,876 |-INFO in ch.qos.logback.core.joran.action.NestedComplexPropertyIA - Assuming default type [ch.qos.logback.classic.encoder.PatternLayoutEncoder] for [encoder] property
07:44:44,958 |-INFO in ch.qos.logback.core.joran.action.AppenderAction - About to instantiate appender of type [ch.qos.logback.core.rolling.RollingFileAppender]
07:44:44,964 |-INFO in ch.qos.logback.core.joran.action.AppenderAction - Naming appender as [FILE]
07:44:44,998 |-INFO in c.q.l.core.rolling.TimeBasedRollingPolicy@127618319 - No compression will be used
07:44:44,999 |-INFO in c.q.l.core.rolling.TimeBasedRollingPolicy@127618319 - Will use the pattern /tmp/application_%d{yyyy-MM-dd}.%i.log for the active file
07:44:45,002 |-INFO in ch.qos.logback.core.rolling.SizeAndTimeBasedFNATP@6b2fad11 - The date pattern is 'yyyy-MM-dd' from file name pattern '/tmp/application_%d{yyyy-MM-dd}.%i.log'.
07:44:45,002 |-INFO in ch.qos.logback.core.rolling.SizeAndTimeBasedFNATP@6b2fad11 - Roll-over at midnight.
07:44:45,008 |-INFO in ch.qos.logback.core.rolling.SizeAndTimeBasedFNATP@6b2fad11 - Setting initial period to Tue Jun 11 07:43:23 UTC 2019
07:44:45,008 |-WARN in ch.qos.logback.core.rolling.SizeAndTimeBasedFNATP@6b2fad11 - SizeAndTimeBasedFNATP is deprecated. Use SizeAndTimeBasedRollingPolicy instead
07:44:45,008 |-WARN in ch.qos.logback.core.rolling.SizeAndTimeBasedFNATP@6b2fad11 - For more information see http://logback.qos.ch/manual/appenders.html#SizeAndTimeBasedRollingPolicy
07:44:45,012 |-INFO in ch.qos.logback.core.joran.action.NestedComplexPropertyIA - Assuming default type [ch.qos.logback.classic.encoder.PatternLayoutEncoder] for [encoder] property
07:44:45,017 |-INFO in ch.qos.logback.core.rolling.RollingFileAppender[FILE] - Active log file name: /tmp/application.log
07:44:45,017 |-INFO in ch.qos.logback.core.rolling.RollingFileAppender[FILE] - File property is set to [/tmp/application.log]
07:44:45,018 |-INFO in ch.qos.logback.classic.joran.action.RootLoggerAction - Setting level of ROOT logger to WARN
07:44:45,018 |-INFO in ch.qos.logback.core.joran.action.AppenderRefAction - Attaching appender named [STDOUT] to Logger[ROOT]
07:44:45,020 |-INFO in ch.qos.logback.core.joran.action.AppenderRefAction - Attaching appender named [FILE] to Logger[ROOT]
07:44:45,020 |-INFO in ch.qos.logback.classic.joran.action.ConfigurationAction - End of configuration.
07:44:45,020 |-INFO in ch.qos.logback.classic.joran.JoranConfigurator@79698539 - Registering current configuration as safe fallback point

Ama winner
Ama winner
2019-06-11T07:44:46.346+0000: 1.789: [Full GC (Metadata GC Threshold) 2019-06-11T07:44:46.346+0000: 1.789: [Tenured: 0K->15174K(341376K), 0.0355164 secs] 112258K->15174K(494976K), [Metaspace: 20732K->20732K(1067008K)], 0.0355833 secs] [Times: user=0.04 sys=0.00, real=0.03 secs] 
07:45:14.008 [Curator-PathChildrenCache-1] WARN  o.a.c.u.ZKPaths  - The version of ZooKeeper being used doesn't support Container nodes. CreateMode.PERSISTENT will be used instead.
2019-06-11T07:45:16.270+0000: 31.713: [GC (Allocation Failure) 2019-06-11T07:45:16.270+0000: 31.713: [DefNew: 136330K->16440K(153600K), 0.0244569 secs] 151505K->51146K(494976K), 0.0245315 secs] [Times: user=0.02 sys=0.01, real=0.03 secs] 
2019-06-11T07:45:20.514+0000: 35.958: [Full GC (Metadata GC Threshold) 2019-06-11T07:45:20.514+0000: 35.958: [Tenured: 34706K->43084K(341376K), 0.0594113 secs] 139529K->43084K(494976K), [Metaspace: 34595K->34595K(1079296K)], 0.0595000 secs] [Times: user=0.06 sys=0.00, real=0.06 secs] 
2019-06-11T07:45:27.714+0000: 43.157: [GC (Allocation Failure) 2019-06-11T07:45:27.714+0000: 43.157: [DefNew: 136576K->63K(153600K), 0.0017891 secs] 179660K->43147K(494976K), 0.0018491 secs] [Times: user=0.01 sys=0.00, real=0.00 secs] 
2019-06-11T07:45:35.048+0000: 50.492: [GC (Allocation Failure) 2019-06-11T07:45:35.048+0000: 50.492: [DefNew: 136639K->53K(153600K), 0.0016247 secs] 179723K->43137K(494976K), 0.0016820 secs] [Times: user=0.00 sys=0.00, real=0.00 secs] 
2019-06-11T07:45:42.412+0000: 57.855: [GC (Allocation Failure) 2019-06-11T07:45:42.412+0000: 57.855: [DefNew: 136629K->52K(153600K), 0.0016069 secs] 179713K->43136K(494976K), 0.0016664 secs] [Times: user=0.01 sys=0.00, real=0.01 secs] 
2019-06-11T07:45:49.921+0000: 65.364: [GC (Allocation Failure) 2019-06-11T07:45:49.921+0000: 65.364: [DefNew: 136628K->368K(153600K), 0.0020521 secs] 179712K->43453K(494976K), 0.0021127 secs] [Times: user=0.00 sys=0.01, real=0.00 secs] 
2019-06-11T07:46:03.533+0000: 78.976: [GC (Allocation Failure) 2019-06-11T07:46:03.533+0000: 78.976: [DefNew: 136944K->121K(153600K), 0.0018938 secs] 180029K->43205K(494976K), 0.0019610 secs] [Times: user=0.00 sys=0.00, real=0.01 secs] 
07:46:09.100 [Curator-PathChildrenCache-0] ERROR o.a.c.f.r.c.PathChildrenCache  - 
java.lang.IllegalStateException: instance must be started before calling this method
	at org.apache.curator.shaded.com.google.common.base.Preconditions.checkState(Preconditions.java:444)
	at org.apache.curator.framework.imps.CuratorFrameworkImpl.getChildren(CuratorFrameworkImpl.java:456)
	at org.apache.curator.framework.recipes.cache.PathChildrenCache.refresh(PathChildrenCache.java:521)
	at org.apache.curator.framework.recipes.cache.RefreshOperation.invoke(RefreshOperation.java:35)
	at org.apache.curator.framework.recipes.cache.PathChildrenCache$9.run(PathChildrenCache.java:786)
	at java.util.concurrent.Executors$RunnableAdapter.call(Executors.java:511)
	at java.util.concurrent.FutureTask.run(FutureTask.java:266)
	at java.util.concurrent.Executors$RunnableAdapter.call(Executors.java:511)
	at java.util.concurrent.FutureTask.run(FutureTask.java:266)
	at java.util.concurrent.ThreadPoolExecutor.runWorker(ThreadPoolExecutor.java:1149)
	at java.util.concurrent.ThreadPoolExecutor$Worker.run(ThreadPoolExecutor.java:624)
	at java.lang.Thread.run(Thread.java:748)
Heap
 def new generation   total 153600K, used 46373K [0x00000000e0c00000, 0x00000000eb2a0000, 0x00000000eb2a0000)
  eden space 136576K,  33% used [0x00000000e0c00000, 0x00000000e392b088, 0x00000000e9160000)
  from space 17024K,   0% used [0x00000000e9160000, 0x00000000e917e500, 0x00000000ea200000)
  to   space 17024K,   0% used [0x00000000ea200000, 0x00000000ea200000, 0x00000000eb2a0000)
 tenured generation   total 341376K, used 43084K [0x00000000eb2a0000, 0x0000000100000000, 0x0000000100000000)
   the space 341376K,  12% used [0x00000000eb2a0000, 0x00000000edcb3278, 0x00000000edcb3400, 0x0000000100000000)
 Metaspace       used 36103K, capacity 36992K, committed 37120K, reserved 1081344K
  class space    used 4871K, capacity 5074K, committed 5120K, reserved 1048576K
