13:40:00,497 |-INFO in ch.qos.logback.classic.LoggerContext[default] - Could NOT find resource [logback-test.xml]
13:40:00,499 |-INFO in ch.qos.logback.classic.LoggerContext[default] - Could NOT find resource [logback.groovy]
13:40:00,499 |-INFO in ch.qos.logback.classic.LoggerContext[default] - Found resource [logback.xml] at [jar:file:/root/flamestream/lib/flamestream-runtime-1.0-SNAPSHOT.jar!/logback.xml]
13:40:00,500 |-WARN in ch.qos.logback.classic.LoggerContext[default] - Resource [logback.xml] occurs multiple times on the classpath.
13:40:00,500 |-WARN in ch.qos.logback.classic.LoggerContext[default] - Resource [logback.xml] occurs at [jar:file:/root/flamestream/lib/flamestream-runtime-1.0-SNAPSHOT.jar!/logback.xml]
13:40:00,500 |-WARN in ch.qos.logback.classic.LoggerContext[default] - Resource [logback.xml] occurs at [jar:file:/root/flamestream/flamestream-runtime-1.0-SNAPSHOT.jar!/logback.xml]
13:40:00,521 |-INFO in ch.qos.logback.core.joran.spi.ConfigurationWatchList@3fb6a447 - URL [jar:file:/root/flamestream/lib/flamestream-runtime-1.0-SNAPSHOT.jar!/logback.xml] is not of type file
13:40:00,593 |-INFO in ch.qos.logback.classic.joran.action.ConfigurationAction - debug attribute not set
13:40:00,593 |-INFO in ch.qos.logback.core.joran.action.AppenderAction - About to instantiate appender of type [ch.qos.logback.core.ConsoleAppender]
13:40:00,609 |-INFO in ch.qos.logback.core.joran.action.AppenderAction - Naming appender as [STDOUT]
13:40:00,631 |-INFO in ch.qos.logback.core.joran.action.NestedComplexPropertyIA - Assuming default type [ch.qos.logback.classic.encoder.PatternLayoutEncoder] for [encoder] property
13:40:00,712 |-INFO in ch.qos.logback.core.joran.action.AppenderAction - About to instantiate appender of type [ch.qos.logback.core.rolling.RollingFileAppender]
13:40:00,721 |-INFO in ch.qos.logback.core.joran.action.AppenderAction - Naming appender as [FILE]
13:40:00,753 |-INFO in c.q.l.core.rolling.TimeBasedRollingPolicy@127618319 - No compression will be used
13:40:00,754 |-INFO in c.q.l.core.rolling.TimeBasedRollingPolicy@127618319 - Will use the pattern /tmp/application_%d{yyyy-MM-dd}.%i.log for the active file
13:40:00,757 |-INFO in ch.qos.logback.core.rolling.SizeAndTimeBasedFNATP@6b2fad11 - The date pattern is 'yyyy-MM-dd' from file name pattern '/tmp/application_%d{yyyy-MM-dd}.%i.log'.
13:40:00,757 |-INFO in ch.qos.logback.core.rolling.SizeAndTimeBasedFNATP@6b2fad11 - Roll-over at midnight.
13:40:00,762 |-INFO in ch.qos.logback.core.rolling.SizeAndTimeBasedFNATP@6b2fad11 - Setting initial period to Mon Jun 10 13:38:48 UTC 2019
13:40:00,762 |-WARN in ch.qos.logback.core.rolling.SizeAndTimeBasedFNATP@6b2fad11 - SizeAndTimeBasedFNATP is deprecated. Use SizeAndTimeBasedRollingPolicy instead
13:40:00,762 |-WARN in ch.qos.logback.core.rolling.SizeAndTimeBasedFNATP@6b2fad11 - For more information see http://logback.qos.ch/manual/appenders.html#SizeAndTimeBasedRollingPolicy
13:40:00,766 |-INFO in ch.qos.logback.core.joran.action.NestedComplexPropertyIA - Assuming default type [ch.qos.logback.classic.encoder.PatternLayoutEncoder] for [encoder] property
13:40:00,771 |-INFO in ch.qos.logback.core.rolling.RollingFileAppender[FILE] - Active log file name: /tmp/application.log
13:40:00,771 |-INFO in ch.qos.logback.core.rolling.RollingFileAppender[FILE] - File property is set to [/tmp/application.log]
13:40:00,772 |-INFO in ch.qos.logback.classic.joran.action.RootLoggerAction - Setting level of ROOT logger to WARN
13:40:00,772 |-INFO in ch.qos.logback.core.joran.action.AppenderRefAction - Attaching appender named [STDOUT] to Logger[ROOT]
13:40:00,774 |-INFO in ch.qos.logback.core.joran.action.AppenderRefAction - Attaching appender named [FILE] to Logger[ROOT]
13:40:00,774 |-INFO in ch.qos.logback.classic.joran.action.ConfigurationAction - End of configuration.
13:40:00,775 |-INFO in ch.qos.logback.classic.joran.JoranConfigurator@79698539 - Registering current configuration as safe fallback point

Ama winner
Ama winner
2019-06-10T13:40:02.073+0000: 1.758: [Full GC (Metadata GC Threshold) 2019-06-10T13:40:02.073+0000: 1.758: [Tenured: 0K->15242K(341376K), 0.0428355 secs] 117751K->15242K(494976K), [Metaspace: 20735K->20735K(1067008K)], 0.0429158 secs] [Times: user=0.04 sys=0.01, real=0.04 secs] 
13:40:23.634 [Curator-PathChildrenCache-2] WARN  o.a.c.u.ZKPaths  - The version of ZooKeeper being used doesn't support Container nodes. CreateMode.PERSISTENT will be used instead.
2019-06-10T13:40:26.011+0000: 25.696: [GC (Allocation Failure) 2019-06-10T13:40:26.011+0000: 25.696: [DefNew: 136576K->17024K(153600K), 0.0263447 secs] 151818K->52977K(494976K), 0.0264165 secs] [Times: user=0.02 sys=0.00, real=0.03 secs] 
2019-06-10T13:40:26.558+0000: 26.243: [Full GC (Metadata GC Threshold) 2019-06-10T13:40:26.558+0000: 26.243: [Tenured: 35953K->44900K(341376K), 0.0497125 secs] 72751K->44900K(494976K), [Metaspace: 34603K->34603K(1079296K)], 0.0497919 secs] [Times: user=0.05 sys=0.01, real=0.04 secs] 
2019-06-10T13:40:29.367+0000: 29.052: [GC (Allocation Failure) 2019-06-10T13:40:29.367+0000: 29.052: [DefNew: 136576K->248K(153600K), 0.0024471 secs] 181476K->45149K(494976K), 0.0025038 secs] [Times: user=0.00 sys=0.00, real=0.01 secs] 
2019-06-10T13:40:31.964+0000: 31.649: [GC (Allocation Failure) 2019-06-10T13:40:31.964+0000: 31.649: [DefNew: 136824K->297K(153600K), 0.0022203 secs] 181725K->45198K(494976K), 0.0022800 secs] [Times: user=0.00 sys=0.00, real=0.00 secs] 
2019-06-10T13:40:34.630+0000: 34.315: [GC (Allocation Failure) 2019-06-10T13:40:34.630+0000: 34.315: [DefNew: 136873K->294K(153600K), 0.0021717 secs] 181774K->45195K(494976K), 0.0022298 secs] [Times: user=0.00 sys=0.00, real=0.00 secs] 
2019-06-10T13:40:37.319+0000: 37.004: [GC (Allocation Failure) 2019-06-10T13:40:37.319+0000: 37.004: [DefNew: 136870K->300K(153600K), 0.0022896 secs] 181771K->45201K(494976K), 0.0023590 secs] [Times: user=0.00 sys=0.00, real=0.00 secs] 
2019-06-10T13:40:39.992+0000: 39.678: [GC (Allocation Failure) 2019-06-10T13:40:39.993+0000: 39.678: [DefNew: 136876K->298K(153600K), 0.0022804 secs] 181777K->45199K(494976K), 0.0023416 secs] [Times: user=0.00 sys=0.00, real=0.00 secs] 
2019-06-10T13:40:42.679+0000: 42.364: [GC (Allocation Failure) 2019-06-10T13:40:42.679+0000: 42.364: [DefNew: 136874K->302K(153600K), 0.0022892 secs] 181775K->45203K(494976K), 0.0023488 secs] [Times: user=0.01 sys=0.00, real=0.00 secs] 
13:40:51.750 [Curator-PathChildrenCache-0] ERROR o.a.c.f.r.c.PathChildrenCache  - 
java.lang.IllegalStateException: instance must be started before calling this method
	at org.apache.curator.shaded.com.google.common.base.Preconditions.checkState(Preconditions.java:444)
	at org.apache.curator.framework.imps.CuratorFrameworkImpl.getChildren(CuratorFrameworkImpl.java:456)
	at org.apache.curator.framework.recipes.cache.PathChildrenCache.refresh(PathChildrenCache.java:521)
	at org.apache.curator.framework.recipes.cache.RefreshOperation.invoke(RefreshOperation.java:35)
	at org.apache.curator.framework.recipes.cache.PathChildrenCache$9.run(PathChildrenCache.java:786)
	at java.util.concurrent.Executors$RunnableAdapter.call(Executors.java:511)
	at java.util.concurrent.FutureTask.run(FutureTask.java:266)
	at java.util.concurrent.Executors$RunnableAdapter.call(Executors.java:511)
	at java.util.concurrent.FutureTask.run(FutureTask.java:266)
	at java.util.concurrent.ThreadPoolExecutor.runWorker(ThreadPoolExecutor.java:1149)
	at java.util.concurrent.ThreadPoolExecutor$Worker.run(ThreadPoolExecutor.java:624)
	at java.lang.Thread.run(Thread.java:748)
Heap
 def new generation   total 153600K, used 78707K [0x00000000e0c00000, 0x00000000eb2a0000, 0x00000000eb2a0000)
  eden space 136576K,  57% used [0x00000000e0c00000, 0x00000000e58912d0, 0x00000000e9160000)
  from space 17024K,   1% used [0x00000000ea200000, 0x00000000ea24bba0, 0x00000000eb2a0000)
  to   space 17024K,   0% used [0x00000000e9160000, 0x00000000e9160000, 0x00000000ea200000)
 tenured generation   total 341376K, used 44900K [0x00000000eb2a0000, 0x0000000100000000, 0x0000000100000000)
   the space 341376K,  13% used [0x00000000eb2a0000, 0x00000000ede79370, 0x00000000ede79400, 0x0000000100000000)
 Metaspace       used 36032K, capacity 36974K, committed 37120K, reserved 1081344K
  class space    used 4874K, capacity 5067K, committed 5120K, reserved 1048576K
