14:36:11,629 |-INFO in ch.qos.logback.classic.LoggerContext[default] - Could NOT find resource [logback-test.xml]
14:36:11,629 |-INFO in ch.qos.logback.classic.LoggerContext[default] - Could NOT find resource [logback.groovy]
14:36:11,630 |-INFO in ch.qos.logback.classic.LoggerContext[default] - Found resource [logback.xml] at [jar:file:/root/flamestream/lib/flamestream-runtime-1.0-SNAPSHOT.jar!/logback.xml]
14:36:11,631 |-WARN in ch.qos.logback.classic.LoggerContext[default] - Resource [logback.xml] occurs multiple times on the classpath.
14:36:11,631 |-WARN in ch.qos.logback.classic.LoggerContext[default] - Resource [logback.xml] occurs at [jar:file:/root/flamestream/lib/flamestream-runtime-1.0-SNAPSHOT.jar!/logback.xml]
14:36:11,631 |-WARN in ch.qos.logback.classic.LoggerContext[default] - Resource [logback.xml] occurs at [jar:file:/root/flamestream/flamestream-runtime-1.0-SNAPSHOT.jar!/logback.xml]
14:36:11,650 |-INFO in ch.qos.logback.core.joran.spi.ConfigurationWatchList@3fb6a447 - URL [jar:file:/root/flamestream/lib/flamestream-runtime-1.0-SNAPSHOT.jar!/logback.xml] is not of type file
14:36:11,718 |-INFO in ch.qos.logback.classic.joran.action.ConfigurationAction - debug attribute not set
14:36:11,719 |-INFO in ch.qos.logback.core.joran.action.AppenderAction - About to instantiate appender of type [ch.qos.logback.core.ConsoleAppender]
14:36:11,741 |-INFO in ch.qos.logback.core.joran.action.AppenderAction - Naming appender as [STDOUT]
14:36:11,754 |-INFO in ch.qos.logback.core.joran.action.NestedComplexPropertyIA - Assuming default type [ch.qos.logback.classic.encoder.PatternLayoutEncoder] for [encoder] property
14:36:11,832 |-INFO in ch.qos.logback.core.joran.action.AppenderAction - About to instantiate appender of type [ch.qos.logback.core.rolling.RollingFileAppender]
14:36:11,841 |-INFO in ch.qos.logback.core.joran.action.AppenderAction - Naming appender as [FILE]
14:36:11,871 |-INFO in c.q.l.core.rolling.TimeBasedRollingPolicy@127618319 - No compression will be used
14:36:11,872 |-INFO in c.q.l.core.rolling.TimeBasedRollingPolicy@127618319 - Will use the pattern /tmp/application_%d{yyyy-MM-dd}.%i.log for the active file
14:36:11,875 |-INFO in ch.qos.logback.core.rolling.SizeAndTimeBasedFNATP@6b2fad11 - The date pattern is 'yyyy-MM-dd' from file name pattern '/tmp/application_%d{yyyy-MM-dd}.%i.log'.
14:36:11,875 |-INFO in ch.qos.logback.core.rolling.SizeAndTimeBasedFNATP@6b2fad11 - Roll-over at midnight.
14:36:11,880 |-INFO in ch.qos.logback.core.rolling.SizeAndTimeBasedFNATP@6b2fad11 - Setting initial period to Mon Jun 10 13:44:35 UTC 2019
14:36:11,880 |-WARN in ch.qos.logback.core.rolling.SizeAndTimeBasedFNATP@6b2fad11 - SizeAndTimeBasedFNATP is deprecated. Use SizeAndTimeBasedRollingPolicy instead
14:36:11,880 |-WARN in ch.qos.logback.core.rolling.SizeAndTimeBasedFNATP@6b2fad11 - For more information see http://logback.qos.ch/manual/appenders.html#SizeAndTimeBasedRollingPolicy
14:36:11,884 |-INFO in ch.qos.logback.core.joran.action.NestedComplexPropertyIA - Assuming default type [ch.qos.logback.classic.encoder.PatternLayoutEncoder] for [encoder] property
14:36:11,889 |-INFO in ch.qos.logback.core.rolling.RollingFileAppender[FILE] - Active log file name: /tmp/application.log
14:36:11,889 |-INFO in ch.qos.logback.core.rolling.RollingFileAppender[FILE] - File property is set to [/tmp/application.log]
14:36:11,890 |-INFO in ch.qos.logback.classic.joran.action.RootLoggerAction - Setting level of ROOT logger to WARN
14:36:11,890 |-INFO in ch.qos.logback.core.joran.action.AppenderRefAction - Attaching appender named [STDOUT] to Logger[ROOT]
14:36:11,892 |-INFO in ch.qos.logback.core.joran.action.AppenderRefAction - Attaching appender named [FILE] to Logger[ROOT]
14:36:11,892 |-INFO in ch.qos.logback.classic.joran.action.ConfigurationAction - End of configuration.
14:36:11,892 |-INFO in ch.qos.logback.classic.joran.JoranConfigurator@79698539 - Registering current configuration as safe fallback point

Ama winner
Ama winner
2019-06-10T14:36:13.222+0000: 1.779: [Full GC (Metadata GC Threshold) 2019-06-10T14:36:13.222+0000: 1.779: [Tenured: 0K->15208K(341376K), 0.0409991 secs] 114986K->15208K(494976K), [Metaspace: 20734K->20734K(1067008K)], 0.0410808 secs] [Times: user=0.04 sys=0.00, real=0.04 secs] 
14:36:31.090 [Curator-PathChildrenCache-2] WARN  o.a.c.u.ZKPaths  - The version of ZooKeeper being used doesn't support Container nodes. CreateMode.PERSISTENT will be used instead.
2019-06-10T14:36:33.263+0000: 21.820: [GC (Allocation Failure) 2019-06-10T14:36:33.263+0000: 21.821: [DefNew: 135689K->16974K(153600K), 0.0267349 secs] 150898K->51714K(494976K), 0.0268092 secs] [Times: user=0.02 sys=0.01, real=0.03 secs] 
2019-06-10T14:36:33.837+0000: 22.395: [Full GC (Metadata GC Threshold) 2019-06-10T14:36:33.837+0000: 22.395: [Tenured: 34740K->43732K(341376K), 0.0396715 secs] 72674K->43732K(494976K), [Metaspace: 34536K->34536K(1079296K)], 0.0397575 secs] [Times: user=0.04 sys=0.01, real=0.04 secs] 
2019-06-10T14:36:35.467+0000: 24.024: [GC (Allocation Failure) 2019-06-10T14:36:35.467+0000: 24.024: [DefNew: 136576K->1023K(153600K), 0.0053755 secs] 180308K->44755K(494976K), 0.0054339 secs] [Times: user=0.01 sys=0.00, real=0.01 secs] 
2019-06-10T14:36:36.322+0000: 24.880: [GC (Allocation Failure) 2019-06-10T14:36:36.322+0000: 24.880: [DefNew: 137599K->1038K(153600K), 0.0072987 secs] 181331K->44770K(494976K), 0.0073610 secs] [Times: user=0.01 sys=0.00, real=0.01 secs] 
2019-06-10T14:36:37.149+0000: 25.707: [GC (Allocation Failure) 2019-06-10T14:36:37.149+0000: 25.707: [DefNew: 137614K->949K(153600K), 0.0049267 secs] 181346K->44681K(494976K), 0.0049834 secs] [Times: user=0.01 sys=0.00, real=0.00 secs] 
2019-06-10T14:36:38.175+0000: 26.733: [GC (Allocation Failure) 2019-06-10T14:36:38.175+0000: 26.733: [DefNew: 137525K->1477K(153600K), 0.0043082 secs] 181257K->45210K(494976K), 0.0043798 secs] [Times: user=0.00 sys=0.00, real=0.01 secs] 
2019-06-10T14:36:40.674+0000: 29.231: [GC (Allocation Failure) 2019-06-10T14:36:40.674+0000: 29.231: [DefNew: 138053K->755K(153600K), 0.0027447 secs] 181786K->44487K(494976K), 0.0028069 secs] [Times: user=0.00 sys=0.00, real=0.00 secs] 
14:36:49.664 [Curator-PathChildrenCache-0] ERROR o.a.c.f.r.c.PathChildrenCache  - 
java.lang.IllegalStateException: instance must be started before calling this method
	at org.apache.curator.shaded.com.google.common.base.Preconditions.checkState(Preconditions.java:444)
	at org.apache.curator.framework.imps.CuratorFrameworkImpl.getChildren(CuratorFrameworkImpl.java:456)
	at org.apache.curator.framework.recipes.cache.PathChildrenCache.refresh(PathChildrenCache.java:521)
	at org.apache.curator.framework.recipes.cache.RefreshOperation.invoke(RefreshOperation.java:35)
	at org.apache.curator.framework.recipes.cache.PathChildrenCache$9.run(PathChildrenCache.java:786)
	at java.util.concurrent.Executors$RunnableAdapter.call(Executors.java:511)
	at java.util.concurrent.FutureTask.run(FutureTask.java:266)
	at java.util.concurrent.Executors$RunnableAdapter.call(Executors.java:511)
	at java.util.concurrent.FutureTask.run(FutureTask.java:266)
	at java.util.concurrent.ThreadPoolExecutor.runWorker(ThreadPoolExecutor.java:1149)
	at java.util.concurrent.ThreadPoolExecutor$Worker.run(ThreadPoolExecutor.java:624)
	at java.lang.Thread.run(Thread.java:748)
Heap
 def new generation   total 153600K, used 94983K [0x00000000e0c00000, 0x00000000eb2a0000, 0x00000000eb2a0000)
  eden space 136576K,  68% used [0x00000000e0c00000, 0x00000000e6804eb8, 0x00000000e9160000)
  from space 17024K,   4% used [0x00000000e9160000, 0x00000000e921ce60, 0x00000000ea200000)
  to   space 17024K,   0% used [0x00000000ea200000, 0x00000000ea200000, 0x00000000eb2a0000)
 tenured generation   total 341376K, used 43732K [0x00000000eb2a0000, 0x0000000100000000, 0x0000000100000000)
   the space 341376K,  12% used [0x00000000eb2a0000, 0x00000000edd550a8, 0x00000000edd55200, 0x0000000100000000)
 Metaspace       used 35977K, capacity 36902K, committed 37120K, reserved 1081344K
  class space    used 4873K, capacity 5067K, committed 5120K, reserved 1048576K
