07:42:22,679 |-INFO in ch.qos.logback.classic.LoggerContext[default] - Could NOT find resource [logback-test.xml]
07:42:22,680 |-INFO in ch.qos.logback.classic.LoggerContext[default] - Could NOT find resource [logback.groovy]
07:42:22,680 |-INFO in ch.qos.logback.classic.LoggerContext[default] - Found resource [logback.xml] at [jar:file:/root/flamestream/lib/flamestream-runtime-1.0-SNAPSHOT.jar!/logback.xml]
07:42:22,685 |-WARN in ch.qos.logback.classic.LoggerContext[default] - Resource [logback.xml] occurs multiple times on the classpath.
07:42:22,685 |-WARN in ch.qos.logback.classic.LoggerContext[default] - Resource [logback.xml] occurs at [jar:file:/root/flamestream/lib/flamestream-runtime-1.0-SNAPSHOT.jar!/logback.xml]
07:42:22,685 |-WARN in ch.qos.logback.classic.LoggerContext[default] - Resource [logback.xml] occurs at [jar:file:/root/flamestream/flamestream-runtime-1.0-SNAPSHOT.jar!/logback.xml]
07:42:22,703 |-INFO in ch.qos.logback.core.joran.spi.ConfigurationWatchList@3fb6a447 - URL [jar:file:/root/flamestream/lib/flamestream-runtime-1.0-SNAPSHOT.jar!/logback.xml] is not of type file
07:42:22,773 |-INFO in ch.qos.logback.classic.joran.action.ConfigurationAction - debug attribute not set
07:42:22,773 |-INFO in ch.qos.logback.core.joran.action.AppenderAction - About to instantiate appender of type [ch.qos.logback.core.ConsoleAppender]
07:42:22,791 |-INFO in ch.qos.logback.core.joran.action.AppenderAction - Naming appender as [STDOUT]
07:42:22,809 |-INFO in ch.qos.logback.core.joran.action.NestedComplexPropertyIA - Assuming default type [ch.qos.logback.classic.encoder.PatternLayoutEncoder] for [encoder] property
07:42:22,894 |-INFO in ch.qos.logback.core.joran.action.AppenderAction - About to instantiate appender of type [ch.qos.logback.core.rolling.RollingFileAppender]
07:42:22,905 |-INFO in ch.qos.logback.core.joran.action.AppenderAction - Naming appender as [FILE]
07:42:22,934 |-INFO in c.q.l.core.rolling.TimeBasedRollingPolicy@127618319 - No compression will be used
07:42:22,935 |-INFO in c.q.l.core.rolling.TimeBasedRollingPolicy@127618319 - Will use the pattern /tmp/application_%d{yyyy-MM-dd}.%i.log for the active file
07:42:22,938 |-INFO in ch.qos.logback.core.rolling.SizeAndTimeBasedFNATP@6b2fad11 - The date pattern is 'yyyy-MM-dd' from file name pattern '/tmp/application_%d{yyyy-MM-dd}.%i.log'.
07:42:22,938 |-INFO in ch.qos.logback.core.rolling.SizeAndTimeBasedFNATP@6b2fad11 - Roll-over at midnight.
07:42:22,943 |-INFO in ch.qos.logback.core.rolling.SizeAndTimeBasedFNATP@6b2fad11 - Setting initial period to Tue Jun 11 07:41:01 UTC 2019
07:42:22,943 |-WARN in ch.qos.logback.core.rolling.SizeAndTimeBasedFNATP@6b2fad11 - SizeAndTimeBasedFNATP is deprecated. Use SizeAndTimeBasedRollingPolicy instead
07:42:22,943 |-WARN in ch.qos.logback.core.rolling.SizeAndTimeBasedFNATP@6b2fad11 - For more information see http://logback.qos.ch/manual/appenders.html#SizeAndTimeBasedRollingPolicy
07:42:22,948 |-INFO in ch.qos.logback.core.joran.action.NestedComplexPropertyIA - Assuming default type [ch.qos.logback.classic.encoder.PatternLayoutEncoder] for [encoder] property
07:42:22,953 |-INFO in ch.qos.logback.core.rolling.RollingFileAppender[FILE] - Active log file name: /tmp/application.log
07:42:22,953 |-INFO in ch.qos.logback.core.rolling.RollingFileAppender[FILE] - File property is set to [/tmp/application.log]
07:42:22,954 |-INFO in ch.qos.logback.classic.joran.action.RootLoggerAction - Setting level of ROOT logger to WARN
07:42:22,954 |-INFO in ch.qos.logback.core.joran.action.AppenderRefAction - Attaching appender named [STDOUT] to Logger[ROOT]
07:42:22,956 |-INFO in ch.qos.logback.core.joran.action.AppenderRefAction - Attaching appender named [FILE] to Logger[ROOT]
07:42:22,956 |-INFO in ch.qos.logback.classic.joran.action.ConfigurationAction - End of configuration.
07:42:22,956 |-INFO in ch.qos.logback.classic.joran.JoranConfigurator@79698539 - Registering current configuration as safe fallback point

Ama winner
Ama winner
2019-06-11T07:42:24.178+0000: 1.679: [Full GC (Metadata GC Threshold) 2019-06-11T07:42:24.178+0000: 1.679: [Tenured: 0K->15241K(341376K), 0.0395704 secs] 114987K->15241K(494976K), [Metaspace: 20743K->20743K(1067008K)], 0.0396343 secs] [Times: user=0.03 sys=0.01, real=0.04 secs] 
07:42:36.100 [Curator-PathChildrenCache-1] WARN  o.a.c.u.ZKPaths  - The version of ZooKeeper being used doesn't support Container nodes. CreateMode.PERSISTENT will be used instead.
2019-06-11T07:42:38.399+0000: 15.900: [GC (Allocation Failure) 2019-06-11T07:42:38.399+0000: 15.900: [DefNew: 136576K->17024K(153600K), 0.0253481 secs] 151817K->52699K(494976K), 0.0254281 secs] [Times: user=0.02 sys=0.01, real=0.02 secs] 
2019-06-11T07:42:45.110+0000: 22.611: [GC (Allocation Failure) 2019-06-11T07:42:45.110+0000: 22.611: [DefNew: 153600K->239K(153600K), 0.0098039 secs] 189275K->44136K(494976K), 0.0098703 secs] [Times: user=0.01 sys=0.00, real=0.01 secs] 
2019-06-11T07:42:46.252+0000: 23.753: [Full GC (Metadata GC Threshold) 2019-06-11T07:42:46.252+0000: 23.753: [Tenured: 43897K->44122K(341376K), 0.0373445 secs] 71461K->44122K(494976K), [Metaspace: 34624K->34624K(1079296K)], 0.0374243 secs] [Times: user=0.03 sys=0.00, real=0.04 secs] 
2019-06-11T07:42:52.696+0000: 30.197: [GC (Allocation Failure) 2019-06-11T07:42:52.696+0000: 30.197: [DefNew: 136576K->113K(153600K), 0.0016176 secs] 180698K->44236K(494976K), 0.0016911 secs] [Times: user=0.00 sys=0.00, real=0.01 secs] 
2019-06-11T07:42:59.204+0000: 36.705: [GC (Allocation Failure) 2019-06-11T07:42:59.204+0000: 36.705: [DefNew: 136689K->147K(153600K), 0.0016879 secs] 180812K->44269K(494976K), 0.0017660 secs] [Times: user=0.01 sys=0.00, real=0.01 secs] 
2019-06-11T07:43:05.744+0000: 43.245: [GC (Allocation Failure) 2019-06-11T07:43:05.744+0000: 43.245: [DefNew: 136723K->145K(153600K), 0.0016565 secs] 180845K->44268K(494976K), 0.0017179 secs] [Times: user=0.00 sys=0.00, real=0.01 secs] 
2019-06-11T07:43:12.329+0000: 49.830: [GC (Allocation Failure) 2019-06-11T07:43:12.329+0000: 49.830: [DefNew: 136721K->147K(153600K), 0.0016975 secs] 180844K->44270K(494976K), 0.0017592 secs] [Times: user=0.00 sys=0.00, real=0.00 secs] 
07:43:24.158 [Curator-PathChildrenCache-0] ERROR o.a.c.f.r.c.PathChildrenCache  - 
java.lang.IllegalStateException: instance must be started before calling this method
	at org.apache.curator.shaded.com.google.common.base.Preconditions.checkState(Preconditions.java:444)
	at org.apache.curator.framework.imps.CuratorFrameworkImpl.getChildren(CuratorFrameworkImpl.java:456)
	at org.apache.curator.framework.recipes.cache.PathChildrenCache.refresh(PathChildrenCache.java:521)
	at org.apache.curator.framework.recipes.cache.RefreshOperation.invoke(RefreshOperation.java:35)
	at org.apache.curator.framework.recipes.cache.PathChildrenCache$9.run(PathChildrenCache.java:786)
	at java.util.concurrent.Executors$RunnableAdapter.call(Executors.java:511)
	at java.util.concurrent.FutureTask.run(FutureTask.java:266)
	at java.util.concurrent.Executors$RunnableAdapter.call(Executors.java:511)
	at java.util.concurrent.FutureTask.run(FutureTask.java:266)
	at java.util.concurrent.ThreadPoolExecutor.runWorker(ThreadPoolExecutor.java:1149)
	at java.util.concurrent.ThreadPoolExecutor$Worker.run(ThreadPoolExecutor.java:624)
	at java.lang.Thread.run(Thread.java:748)
Heap
 def new generation   total 153600K, used 118432K [0x00000000e0c00000, 0x00000000eb2a0000, 0x00000000eb2a0000)
  eden space 136576K,  86% used [0x00000000e0c00000, 0x00000000e7f830b0, 0x00000000e9160000)
  from space 17024K,   0% used [0x00000000e9160000, 0x00000000e9184fe0, 0x00000000ea200000)
  to   space 17024K,   0% used [0x00000000ea200000, 0x00000000ea200000, 0x00000000eb2a0000)
 tenured generation   total 341376K, used 44122K [0x00000000eb2a0000, 0x0000000100000000, 0x0000000100000000)
   the space 341376K,  12% used [0x00000000eb2a0000, 0x00000000eddb6b60, 0x00000000eddb6c00, 0x0000000100000000)
 Metaspace       used 35920K, capacity 36864K, committed 37120K, reserved 1081344K
  class space    used 4860K, capacity 5074K, committed 5120K, reserved 1048576K
