12:59:25,845 |-INFO in ch.qos.logback.classic.LoggerContext[default] - Could NOT find resource [logback-test.xml]
12:59:25,845 |-INFO in ch.qos.logback.classic.LoggerContext[default] - Could NOT find resource [logback.groovy]
12:59:25,846 |-INFO in ch.qos.logback.classic.LoggerContext[default] - Found resource [logback.xml] at [jar:file:/root/flamestream/lib/flamestream-runtime-1.0-SNAPSHOT.jar!/logback.xml]
12:59:25,846 |-WARN in ch.qos.logback.classic.LoggerContext[default] - Resource [logback.xml] occurs multiple times on the classpath.
12:59:25,847 |-WARN in ch.qos.logback.classic.LoggerContext[default] - Resource [logback.xml] occurs at [jar:file:/root/flamestream/lib/flamestream-runtime-1.0-SNAPSHOT.jar!/logback.xml]
12:59:25,847 |-WARN in ch.qos.logback.classic.LoggerContext[default] - Resource [logback.xml] occurs at [jar:file:/root/flamestream/flamestream-runtime-1.0-SNAPSHOT.jar!/logback.xml]
12:59:25,866 |-INFO in ch.qos.logback.core.joran.spi.ConfigurationWatchList@3fb6a447 - URL [jar:file:/root/flamestream/lib/flamestream-runtime-1.0-SNAPSHOT.jar!/logback.xml] is not of type file
12:59:25,935 |-INFO in ch.qos.logback.classic.joran.action.ConfigurationAction - debug attribute not set
12:59:25,936 |-INFO in ch.qos.logback.core.joran.action.AppenderAction - About to instantiate appender of type [ch.qos.logback.core.ConsoleAppender]
12:59:25,952 |-INFO in ch.qos.logback.core.joran.action.AppenderAction - Naming appender as [STDOUT]
12:59:25,972 |-INFO in ch.qos.logback.core.joran.action.NestedComplexPropertyIA - Assuming default type [ch.qos.logback.classic.encoder.PatternLayoutEncoder] for [encoder] property
12:59:26,059 |-INFO in ch.qos.logback.core.joran.action.AppenderAction - About to instantiate appender of type [ch.qos.logback.core.rolling.RollingFileAppender]
12:59:26,064 |-INFO in ch.qos.logback.core.joran.action.AppenderAction - Naming appender as [FILE]
12:59:26,096 |-INFO in c.q.l.core.rolling.TimeBasedRollingPolicy@127618319 - No compression will be used
12:59:26,097 |-INFO in c.q.l.core.rolling.TimeBasedRollingPolicy@127618319 - Will use the pattern /tmp/application_%d{yyyy-MM-dd}.%i.log for the active file
12:59:26,100 |-INFO in ch.qos.logback.core.rolling.SizeAndTimeBasedFNATP@6b2fad11 - The date pattern is 'yyyy-MM-dd' from file name pattern '/tmp/application_%d{yyyy-MM-dd}.%i.log'.
12:59:26,100 |-INFO in ch.qos.logback.core.rolling.SizeAndTimeBasedFNATP@6b2fad11 - Roll-over at midnight.
12:59:26,105 |-INFO in ch.qos.logback.core.rolling.SizeAndTimeBasedFNATP@6b2fad11 - Setting initial period to Mon Jun 10 12:54:59 UTC 2019
12:59:26,105 |-WARN in ch.qos.logback.core.rolling.SizeAndTimeBasedFNATP@6b2fad11 - SizeAndTimeBasedFNATP is deprecated. Use SizeAndTimeBasedRollingPolicy instead
12:59:26,105 |-WARN in ch.qos.logback.core.rolling.SizeAndTimeBasedFNATP@6b2fad11 - For more information see http://logback.qos.ch/manual/appenders.html#SizeAndTimeBasedRollingPolicy
12:59:26,109 |-INFO in ch.qos.logback.core.joran.action.NestedComplexPropertyIA - Assuming default type [ch.qos.logback.classic.encoder.PatternLayoutEncoder] for [encoder] property
12:59:26,114 |-INFO in ch.qos.logback.core.rolling.RollingFileAppender[FILE] - Active log file name: /tmp/application.log
12:59:26,114 |-INFO in ch.qos.logback.core.rolling.RollingFileAppender[FILE] - File property is set to [/tmp/application.log]
12:59:26,115 |-INFO in ch.qos.logback.classic.joran.action.RootLoggerAction - Setting level of ROOT logger to WARN
12:59:26,115 |-INFO in ch.qos.logback.core.joran.action.AppenderRefAction - Attaching appender named [STDOUT] to Logger[ROOT]
12:59:26,117 |-INFO in ch.qos.logback.core.joran.action.AppenderRefAction - Attaching appender named [FILE] to Logger[ROOT]
12:59:26,117 |-INFO in ch.qos.logback.classic.joran.action.ConfigurationAction - End of configuration.
12:59:26,117 |-INFO in ch.qos.logback.classic.joran.JoranConfigurator@79698539 - Registering current configuration as safe fallback point

Ama winner
Ama winner
2019-06-10T12:59:27.394+0000: 1.734: [Full GC (Metadata GC Threshold) 2019-06-10T12:59:27.395+0000: 1.734: [Tenured: 0K->15175K(341376K), 0.0412367 secs] 114922K->15175K(494976K), [Metaspace: 20725K->20725K(1067008K)], 0.0413026 secs] [Times: user=0.04 sys=0.00, real=0.04 secs] 
12:59:46.689 [Curator-PathChildrenCache-2] WARN  o.a.c.u.ZKPaths  - The version of ZooKeeper being used doesn't support Container nodes. CreateMode.PERSISTENT will be used instead.
2019-06-10T12:59:49.126+0000: 23.466: [GC (Allocation Failure) 2019-06-10T12:59:49.126+0000: 23.466: [DefNew: 118874K->17023K(153600K), 0.0189339 secs] 134050K->33110K(494976K), 0.0190041 secs] [Times: user=0.01 sys=0.00, real=0.01 secs] 
2019-06-10T12:59:49.756+0000: 24.095: [Full GC (Metadata GC Threshold) 2019-06-10T12:59:49.756+0000: 24.095: [Tenured: 16086K->44369K(341376K), 0.0466658 secs] 73596K->44369K(494976K), [Metaspace: 34644K->34644K(1079296K)], 0.0467368 secs] [Times: user=0.04 sys=0.01, real=0.04 secs] 
2019-06-10T12:59:56.960+0000: 31.299: [GC (Allocation Failure) 2019-06-10T12:59:56.960+0000: 31.299: [DefNew: 136576K->229K(153600K), 0.0024929 secs] 180945K->44598K(494976K), 0.0025536 secs] [Times: user=0.01 sys=0.00, real=0.00 secs] 
2019-06-10T13:00:03.949+0000: 38.289: [GC (Allocation Failure) 2019-06-10T13:00:03.949+0000: 38.289: [DefNew: 136805K->231K(153600K), 0.0021015 secs] 181174K->44600K(494976K), 0.0021640 secs] [Times: user=0.01 sys=0.00, real=0.00 secs] 
2019-06-10T13:00:11.123+0000: 45.462: [GC (Allocation Failure) 2019-06-10T13:00:11.123+0000: 45.462: [DefNew: 136807K->230K(153600K), 0.0021586 secs] 181176K->44600K(494976K), 0.0022193 secs] [Times: user=0.00 sys=0.00, real=0.00 secs] 
2019-06-10T13:00:18.327+0000: 52.666: [GC (Allocation Failure) 2019-06-10T13:00:18.327+0000: 52.666: [DefNew: 136806K->232K(153600K), 0.0021692 secs] 181176K->44602K(494976K), 0.0022268 secs] [Times: user=0.00 sys=0.00, real=0.00 secs] 
2019-06-10T13:00:25.549+0000: 59.888: [GC (Allocation Failure) 2019-06-10T13:00:25.549+0000: 59.888: [DefNew: 136808K->232K(153600K), 0.0021120 secs] 181178K->44602K(494976K), 0.0021715 secs] [Times: user=0.00 sys=0.00, real=0.00 secs] 
2019-06-10T13:00:33.349+0000: 67.689: [GC (Allocation Failure) 2019-06-10T13:00:33.349+0000: 67.689: [DefNew: 136808K->593K(153600K), 0.0027943 secs] 181178K->44963K(494976K), 0.0028583 secs] [Times: user=0.00 sys=0.00, real=0.00 secs] 
2019-06-10T13:00:41.647+0000: 75.986: [GC (Allocation Failure) 2019-06-10T13:00:41.647+0000: 75.986: [DefNew: 137169K->343K(153600K), 0.0024293 secs] 181539K->44713K(494976K), 0.0024889 secs] [Times: user=0.00 sys=0.00, real=0.00 secs] 
2019-06-10T13:00:49.834+0000: 84.174: [GC (Allocation Failure) 2019-06-10T13:00:49.834+0000: 84.174: [DefNew: 136919K->351K(153600K), 0.0024789 secs] 181289K->44721K(494976K), 0.0025393 secs] [Times: user=0.01 sys=0.00, real=0.00 secs] 
2019-06-10T13:00:58.127+0000: 92.466: [GC (Allocation Failure) 2019-06-10T13:00:58.127+0000: 92.467: [DefNew: 136927K->351K(153600K), 0.0025007 secs] 181297K->44721K(494976K), 0.0025616 secs] [Times: user=0.00 sys=0.00, real=0.00 secs] 
2019-06-10T13:01:08.464+0000: 102.803: [GC (Allocation Failure) 2019-06-10T13:01:08.464+0000: 102.803: [DefNew: 136927K->346K(153600K), 0.0024373 secs] 181297K->44716K(494976K), 0.0025025 secs] [Times: user=0.01 sys=0.00, real=0.01 secs] 
13:01:19.306 [Curator-PathChildrenCache-0] ERROR o.a.c.f.r.c.PathChildrenCache  - 
java.lang.IllegalStateException: instance must be started before calling this method
	at org.apache.curator.shaded.com.google.common.base.Preconditions.checkState(Preconditions.java:444)
	at org.apache.curator.framework.imps.CuratorFrameworkImpl.getChildren(CuratorFrameworkImpl.java:456)
	at org.apache.curator.framework.recipes.cache.PathChildrenCache.refresh(PathChildrenCache.java:521)
	at org.apache.curator.framework.recipes.cache.RefreshOperation.invoke(RefreshOperation.java:35)
	at org.apache.curator.framework.recipes.cache.PathChildrenCache$9.run(PathChildrenCache.java:786)
	at java.util.concurrent.Executors$RunnableAdapter.call(Executors.java:511)
	at java.util.concurrent.FutureTask.run(FutureTask.java:266)
	at java.util.concurrent.Executors$RunnableAdapter.call(Executors.java:511)
	at java.util.concurrent.FutureTask.run(FutureTask.java:266)
	at java.util.concurrent.ThreadPoolExecutor.runWorker(ThreadPoolExecutor.java:1149)
	at java.util.concurrent.ThreadPoolExecutor$Worker.run(ThreadPoolExecutor.java:624)
	at java.lang.Thread.run(Thread.java:748)
Heap
 def new generation   total 153600K, used 55362K [0x00000000e0c00000, 0x00000000eb2a0000, 0x00000000eb2a0000)
  eden space 136576K,  40% used [0x00000000e0c00000, 0x00000000e41b9ef8, 0x00000000e9160000)
  from space 17024K,   2% used [0x00000000ea200000, 0x00000000ea256b28, 0x00000000eb2a0000)
  to   space 17024K,   0% used [0x00000000e9160000, 0x00000000e9160000, 0x00000000ea200000)
 tenured generation   total 341376K, used 44369K [0x00000000eb2a0000, 0x0000000100000000, 0x0000000100000000)
   the space 341376K,  12% used [0x00000000eb2a0000, 0x00000000eddf4718, 0x00000000eddf4800, 0x0000000100000000)
 Metaspace       used 36336K, capacity 37314K, committed 37504K, reserved 1081344K
  class space    used 4900K, capacity 5123K, committed 5248K, reserved 1048576K
