17:49:43,568 |-INFO in ch.qos.logback.classic.LoggerContext[default] - Could NOT find resource [logback-test.xml]
17:49:43,569 |-INFO in ch.qos.logback.classic.LoggerContext[default] - Could NOT find resource [logback.groovy]
17:49:43,569 |-INFO in ch.qos.logback.classic.LoggerContext[default] - Found resource [logback.xml] at [jar:file:/root/flamestream/lib/flamestream-runtime-1.0-SNAPSHOT.jar!/logback.xml]
17:49:43,570 |-WARN in ch.qos.logback.classic.LoggerContext[default] - Resource [logback.xml] occurs multiple times on the classpath.
17:49:43,570 |-WARN in ch.qos.logback.classic.LoggerContext[default] - Resource [logback.xml] occurs at [jar:file:/root/flamestream/lib/flamestream-runtime-1.0-SNAPSHOT.jar!/logback.xml]
17:49:43,570 |-WARN in ch.qos.logback.classic.LoggerContext[default] - Resource [logback.xml] occurs at [jar:file:/root/flamestream/flamestream-runtime-1.0-SNAPSHOT.jar!/logback.xml]
17:49:43,589 |-INFO in ch.qos.logback.core.joran.spi.ConfigurationWatchList@3fb6a447 - URL [jar:file:/root/flamestream/lib/flamestream-runtime-1.0-SNAPSHOT.jar!/logback.xml] is not of type file
17:49:43,655 |-INFO in ch.qos.logback.classic.joran.action.ConfigurationAction - debug attribute not set
17:49:43,656 |-INFO in ch.qos.logback.core.joran.action.AppenderAction - About to instantiate appender of type [ch.qos.logback.core.ConsoleAppender]
17:49:43,672 |-INFO in ch.qos.logback.core.joran.action.AppenderAction - Naming appender as [STDOUT]
17:49:43,685 |-INFO in ch.qos.logback.core.joran.action.NestedComplexPropertyIA - Assuming default type [ch.qos.logback.classic.encoder.PatternLayoutEncoder] for [encoder] property
17:49:43,793 |-INFO in ch.qos.logback.core.joran.action.AppenderAction - About to instantiate appender of type [ch.qos.logback.core.rolling.RollingFileAppender]
17:49:43,801 |-INFO in ch.qos.logback.core.joran.action.AppenderAction - Naming appender as [FILE]
17:49:43,832 |-INFO in c.q.l.core.rolling.TimeBasedRollingPolicy@127618319 - No compression will be used
17:49:43,833 |-INFO in c.q.l.core.rolling.TimeBasedRollingPolicy@127618319 - Will use the pattern /tmp/application_%d{yyyy-MM-dd}.%i.log for the active file
17:49:43,836 |-INFO in ch.qos.logback.core.rolling.SizeAndTimeBasedFNATP@6b2fad11 - The date pattern is 'yyyy-MM-dd' from file name pattern '/tmp/application_%d{yyyy-MM-dd}.%i.log'.
17:49:43,836 |-INFO in ch.qos.logback.core.rolling.SizeAndTimeBasedFNATP@6b2fad11 - Roll-over at midnight.
17:49:43,842 |-INFO in ch.qos.logback.core.rolling.SizeAndTimeBasedFNATP@6b2fad11 - Setting initial period to Mon Jun 10 17:48:29 UTC 2019
17:49:43,842 |-WARN in ch.qos.logback.core.rolling.SizeAndTimeBasedFNATP@6b2fad11 - SizeAndTimeBasedFNATP is deprecated. Use SizeAndTimeBasedRollingPolicy instead
17:49:43,842 |-WARN in ch.qos.logback.core.rolling.SizeAndTimeBasedFNATP@6b2fad11 - For more information see http://logback.qos.ch/manual/appenders.html#SizeAndTimeBasedRollingPolicy
17:49:43,846 |-INFO in ch.qos.logback.core.joran.action.NestedComplexPropertyIA - Assuming default type [ch.qos.logback.classic.encoder.PatternLayoutEncoder] for [encoder] property
17:49:43,851 |-INFO in ch.qos.logback.core.rolling.RollingFileAppender[FILE] - Active log file name: /tmp/application.log
17:49:43,851 |-INFO in ch.qos.logback.core.rolling.RollingFileAppender[FILE] - File property is set to [/tmp/application.log]
17:49:43,852 |-INFO in ch.qos.logback.classic.joran.action.RootLoggerAction - Setting level of ROOT logger to WARN
17:49:43,852 |-INFO in ch.qos.logback.core.joran.action.AppenderRefAction - Attaching appender named [STDOUT] to Logger[ROOT]
17:49:43,854 |-INFO in ch.qos.logback.core.joran.action.AppenderRefAction - Attaching appender named [FILE] to Logger[ROOT]
17:49:43,854 |-INFO in ch.qos.logback.classic.joran.action.ConfigurationAction - End of configuration.
17:49:43,854 |-INFO in ch.qos.logback.classic.joran.JoranConfigurator@79698539 - Registering current configuration as safe fallback point

Ama winner
Ama winner
2019-06-10T17:49:45.171+0000: 1.792: [Full GC (Metadata GC Threshold) 2019-06-10T17:49:45.171+0000: 1.792: [Tenured: 0K->15208K(341376K), 0.0400318 secs] 114987K->15208K(494976K), [Metaspace: 20730K->20730K(1067008K)], 0.0401003 secs] [Times: user=0.03 sys=0.00, real=0.04 secs] 
17:50:06.554 [Curator-PathChildrenCache-1] WARN  o.a.c.u.ZKPaths  - The version of ZooKeeper being used doesn't support Container nodes. CreateMode.PERSISTENT will be used instead.
2019-06-10T17:50:09.008+0000: 25.629: [GC (Allocation Failure) 2019-06-10T17:50:09.008+0000: 25.629: [DefNew: 136576K->17023K(153600K), 0.0290999 secs] 151784K->52717K(494976K), 0.0291687 secs] [Times: user=0.02 sys=0.01, real=0.04 secs] 
2019-06-10T17:50:10.033+0000: 26.654: [Full GC (Metadata GC Threshold) 2019-06-10T17:50:10.033+0000: 26.654: [Tenured: 35693K->44290K(341376K), 0.0401801 secs] 74566K->44290K(494976K), [Metaspace: 34609K->34609K(1079296K)], 0.0402674 secs] [Times: user=0.04 sys=0.00, real=0.04 secs] 
2019-06-10T17:50:15.719+0000: 32.340: [GC (Allocation Failure) 2019-06-10T17:50:15.719+0000: 32.340: [DefNew: 136576K->69K(153600K), 0.0018807 secs] 180866K->44359K(494976K), 0.0019388 secs] [Times: user=0.00 sys=0.00, real=0.00 secs] 
2019-06-10T17:50:21.227+0000: 37.848: [GC (Allocation Failure) 2019-06-10T17:50:21.227+0000: 37.848: [DefNew: 136645K->75K(153600K), 0.0017984 secs] 180935K->44366K(494976K), 0.0018599 secs] [Times: user=0.01 sys=0.00, real=0.01 secs] 
2019-06-10T17:50:26.749+0000: 43.371: [GC (Allocation Failure) 2019-06-10T17:50:26.749+0000: 43.371: [DefNew: 136651K->73K(153600K), 0.0017552 secs] 180942K->44364K(494976K), 0.0018135 secs] [Times: user=0.01 sys=0.00, real=0.00 secs] 
2019-06-10T17:50:32.251+0000: 48.872: [GC (Allocation Failure) 2019-06-10T17:50:32.251+0000: 48.872: [DefNew: 136649K->71K(153600K), 0.0018103 secs] 180940K->44361K(494976K), 0.0018704 secs] [Times: user=0.00 sys=0.00, real=0.00 secs] 
2019-06-10T17:50:38.474+0000: 55.096: [GC (Allocation Failure) 2019-06-10T17:50:38.474+0000: 55.096: [DefNew: 136647K->73K(153600K), 0.0019426 secs] 180937K->44363K(494976K), 0.0020042 secs] [Times: user=0.00 sys=0.00, real=0.00 secs] 
17:50:43.775 [Curator-PathChildrenCache-0] ERROR o.a.c.f.r.c.PathChildrenCache  - 
java.lang.IllegalStateException: instance must be started before calling this method
	at org.apache.curator.shaded.com.google.common.base.Preconditions.checkState(Preconditions.java:444)
	at org.apache.curator.framework.imps.CuratorFrameworkImpl.getChildren(CuratorFrameworkImpl.java:456)
	at org.apache.curator.framework.recipes.cache.PathChildrenCache.refresh(PathChildrenCache.java:521)
	at org.apache.curator.framework.recipes.cache.RefreshOperation.invoke(RefreshOperation.java:35)
	at org.apache.curator.framework.recipes.cache.PathChildrenCache$9.run(PathChildrenCache.java:786)
	at java.util.concurrent.Executors$RunnableAdapter.call(Executors.java:511)
	at java.util.concurrent.FutureTask.run(FutureTask.java:266)
	at java.util.concurrent.Executors$RunnableAdapter.call(Executors.java:511)
	at java.util.concurrent.FutureTask.run(FutureTask.java:266)
	at java.util.concurrent.ThreadPoolExecutor.runWorker(ThreadPoolExecutor.java:1149)
	at java.util.concurrent.ThreadPoolExecutor$Worker.run(ThreadPoolExecutor.java:624)
	at java.lang.Thread.run(Thread.java:748)
Heap
 def new generation   total 153600K, used 48001K [0x00000000e0c00000, 0x00000000eb2a0000, 0x00000000eb2a0000)
  eden space 136576K,  35% used [0x00000000e0c00000, 0x00000000e3ace090, 0x00000000e9160000)
  from space 17024K,   0% used [0x00000000e9160000, 0x00000000e9172508, 0x00000000ea200000)
  to   space 17024K,   0% used [0x00000000ea200000, 0x00000000ea200000, 0x00000000eb2a0000)
 tenured generation   total 341376K, used 44290K [0x00000000eb2a0000, 0x0000000100000000, 0x0000000100000000)
   the space 341376K,  12% used [0x00000000eb2a0000, 0x00000000edde09d8, 0x00000000edde0a00, 0x0000000100000000)
 Metaspace       used 35918K, capacity 36812K, committed 37120K, reserved 1081344K
  class space    used 4842K, capacity 5050K, committed 5120K, reserved 1048576K
