18:18:31,570 |-INFO in ch.qos.logback.classic.LoggerContext[default] - Could NOT find resource [logback-test.xml]
18:18:31,570 |-INFO in ch.qos.logback.classic.LoggerContext[default] - Could NOT find resource [logback.groovy]
18:18:31,570 |-INFO in ch.qos.logback.classic.LoggerContext[default] - Found resource [logback.xml] at [jar:file:/root/flamestream/lib/flamestream-runtime-1.0-SNAPSHOT.jar!/logback.xml]
18:18:31,571 |-WARN in ch.qos.logback.classic.LoggerContext[default] - Resource [logback.xml] occurs multiple times on the classpath.
18:18:31,572 |-WARN in ch.qos.logback.classic.LoggerContext[default] - Resource [logback.xml] occurs at [jar:file:/root/flamestream/lib/flamestream-runtime-1.0-SNAPSHOT.jar!/logback.xml]
18:18:31,572 |-WARN in ch.qos.logback.classic.LoggerContext[default] - Resource [logback.xml] occurs at [jar:file:/root/flamestream/flamestream-runtime-1.0-SNAPSHOT.jar!/logback.xml]
18:18:31,592 |-INFO in ch.qos.logback.core.joran.spi.ConfigurationWatchList@3fb6a447 - URL [jar:file:/root/flamestream/lib/flamestream-runtime-1.0-SNAPSHOT.jar!/logback.xml] is not of type file
18:18:31,667 |-INFO in ch.qos.logback.classic.joran.action.ConfigurationAction - debug attribute not set
18:18:31,668 |-INFO in ch.qos.logback.core.joran.action.AppenderAction - About to instantiate appender of type [ch.qos.logback.core.ConsoleAppender]
18:18:31,685 |-INFO in ch.qos.logback.core.joran.action.AppenderAction - Naming appender as [STDOUT]
18:18:31,701 |-INFO in ch.qos.logback.core.joran.action.NestedComplexPropertyIA - Assuming default type [ch.qos.logback.classic.encoder.PatternLayoutEncoder] for [encoder] property
18:18:31,790 |-INFO in ch.qos.logback.core.joran.action.AppenderAction - About to instantiate appender of type [ch.qos.logback.core.rolling.RollingFileAppender]
18:18:31,799 |-INFO in ch.qos.logback.core.joran.action.AppenderAction - Naming appender as [FILE]
18:18:31,829 |-INFO in c.q.l.core.rolling.TimeBasedRollingPolicy@127618319 - No compression will be used
18:18:31,831 |-INFO in c.q.l.core.rolling.TimeBasedRollingPolicy@127618319 - Will use the pattern /tmp/application_%d{yyyy-MM-dd}.%i.log for the active file
18:18:31,834 |-INFO in ch.qos.logback.core.rolling.SizeAndTimeBasedFNATP@6b2fad11 - The date pattern is 'yyyy-MM-dd' from file name pattern '/tmp/application_%d{yyyy-MM-dd}.%i.log'.
18:18:31,834 |-INFO in ch.qos.logback.core.rolling.SizeAndTimeBasedFNATP@6b2fad11 - Roll-over at midnight.
18:18:31,839 |-INFO in ch.qos.logback.core.rolling.SizeAndTimeBasedFNATP@6b2fad11 - Setting initial period to Mon Jun 10 18:17:14 UTC 2019
18:18:31,839 |-WARN in ch.qos.logback.core.rolling.SizeAndTimeBasedFNATP@6b2fad11 - SizeAndTimeBasedFNATP is deprecated. Use SizeAndTimeBasedRollingPolicy instead
18:18:31,839 |-WARN in ch.qos.logback.core.rolling.SizeAndTimeBasedFNATP@6b2fad11 - For more information see http://logback.qos.ch/manual/appenders.html#SizeAndTimeBasedRollingPolicy
18:18:31,844 |-INFO in ch.qos.logback.core.joran.action.NestedComplexPropertyIA - Assuming default type [ch.qos.logback.classic.encoder.PatternLayoutEncoder] for [encoder] property
18:18:31,849 |-INFO in ch.qos.logback.core.rolling.RollingFileAppender[FILE] - Active log file name: /tmp/application.log
18:18:31,849 |-INFO in ch.qos.logback.core.rolling.RollingFileAppender[FILE] - File property is set to [/tmp/application.log]
18:18:31,850 |-INFO in ch.qos.logback.classic.joran.action.RootLoggerAction - Setting level of ROOT logger to WARN
18:18:31,850 |-INFO in ch.qos.logback.core.joran.action.AppenderRefAction - Attaching appender named [STDOUT] to Logger[ROOT]
18:18:31,852 |-INFO in ch.qos.logback.core.joran.action.AppenderRefAction - Attaching appender named [FILE] to Logger[ROOT]
18:18:31,852 |-INFO in ch.qos.logback.classic.joran.action.ConfigurationAction - End of configuration.
18:18:31,852 |-INFO in ch.qos.logback.classic.joran.JoranConfigurator@79698539 - Registering current configuration as safe fallback point

Ama winner
Ama winner
2019-06-10T18:18:33.188+0000: 1.808: [Full GC (Metadata GC Threshold) 2019-06-10T18:18:33.188+0000: 1.808: [Tenured: 0K->15168K(341376K), 0.0419997 secs] 114987K->15168K(494976K), [Metaspace: 20729K->20729K(1067008K)], 0.0420715 secs] [Times: user=0.04 sys=0.00, real=0.04 secs] 
18:18:46.399 [Curator-PathChildrenCache-1] WARN  o.a.c.u.ZKPaths  - The version of ZooKeeper being used doesn't support Container nodes. CreateMode.PERSISTENT will be used instead.
2019-06-10T18:18:48.665+0000: 17.285: [GC (Allocation Failure) 2019-06-10T18:18:48.665+0000: 17.285: [DefNew: 136576K->17023K(153600K), 0.0253948 secs] 151744K->52575K(494976K), 0.0254647 secs] [Times: user=0.02 sys=0.01, real=0.02 secs] 
2019-06-10T18:18:50.640+0000: 19.260: [Full GC (Metadata GC Threshold) 2019-06-10T18:18:50.640+0000: 19.260: [Tenured: 35551K->43992K(341376K), 0.0403648 secs] 88986K->43992K(494976K), [Metaspace: 34518K->34518K(1079296K)], 0.0404388 secs] [Times: user=0.04 sys=0.00, real=0.04 secs] 
2019-06-10T18:18:57.206+0000: 25.827: [GC (Allocation Failure) 2019-06-10T18:18:57.207+0000: 25.827: [DefNew: 136576K->71K(153600K), 0.0018662 secs] 180568K->44063K(494976K), 0.0019409 secs] [Times: user=0.00 sys=0.00, real=0.00 secs] 
2019-06-10T18:19:03.831+0000: 32.451: [GC (Allocation Failure) 2019-06-10T18:19:03.831+0000: 32.451: [DefNew: 136647K->67K(153600K), 0.0017495 secs] 180639K->44059K(494976K), 0.0018101 secs] [Times: user=0.00 sys=0.00, real=0.00 secs] 
2019-06-10T18:19:10.475+0000: 39.096: [GC (Allocation Failure) 2019-06-10T18:19:10.475+0000: 39.096: [DefNew: 136643K->70K(153600K), 0.0017795 secs] 180635K->44062K(494976K), 0.0018439 secs] [Times: user=0.00 sys=0.00, real=0.00 secs] 
2019-06-10T18:19:17.226+0000: 45.847: [GC (Allocation Failure) 2019-06-10T18:19:17.226+0000: 45.847: [DefNew: 136646K->68K(153600K), 0.0018093 secs] 180638K->44060K(494976K), 0.0018702 secs] [Times: user=0.01 sys=0.00, real=0.00 secs] 
2019-06-10T18:19:23.971+0000: 52.592: [GC (Allocation Failure) 2019-06-10T18:19:23.971+0000: 52.592: [DefNew: 136644K->72K(153600K), 0.0017831 secs] 180636K->44064K(494976K), 0.0018425 secs] [Times: user=0.00 sys=0.00, real=0.00 secs] 
18:19:32.289 [Curator-PathChildrenCache-0] ERROR o.a.c.f.r.c.PathChildrenCache  - 
java.lang.IllegalStateException: instance must be started before calling this method
	at org.apache.curator.shaded.com.google.common.base.Preconditions.checkState(Preconditions.java:444)
	at org.apache.curator.framework.imps.CuratorFrameworkImpl.getChildren(CuratorFrameworkImpl.java:456)
	at org.apache.curator.framework.recipes.cache.PathChildrenCache.refresh(PathChildrenCache.java:521)
	at org.apache.curator.framework.recipes.cache.RefreshOperation.invoke(RefreshOperation.java:35)
	at org.apache.curator.framework.recipes.cache.PathChildrenCache$9.run(PathChildrenCache.java:786)
	at java.util.concurrent.Executors$RunnableAdapter.call(Executors.java:511)
	at java.util.concurrent.FutureTask.run(FutureTask.java:266)
	at java.util.concurrent.Executors$RunnableAdapter.call(Executors.java:511)
	at java.util.concurrent.FutureTask.run(FutureTask.java:266)
	at java.util.concurrent.ThreadPoolExecutor.runWorker(ThreadPoolExecutor.java:1149)
	at java.util.concurrent.ThreadPoolExecutor$Worker.run(ThreadPoolExecutor.java:624)
	at java.lang.Thread.run(Thread.java:748)
Heap
 def new generation   total 153600K, used 83460K [0x00000000e0c00000, 0x00000000eb2a0000, 0x00000000eb2a0000)
  eden space 136576K,  61% used [0x00000000e0c00000, 0x00000000e5d6f168, 0x00000000e9160000)
  from space 17024K,   0% used [0x00000000e9160000, 0x00000000e91720d0, 0x00000000ea200000)
  to   space 17024K,   0% used [0x00000000ea200000, 0x00000000ea200000, 0x00000000eb2a0000)
 tenured generation   total 341376K, used 43992K [0x00000000eb2a0000, 0x0000000100000000, 0x0000000100000000)
   the space 341376K,  12% used [0x00000000eb2a0000, 0x00000000edd96030, 0x00000000edd96200, 0x0000000100000000)
 Metaspace       used 35675K, capacity 36608K, committed 36864K, reserved 1081344K
  class space    used 4813K, capacity 5010K, committed 5120K, reserved 1048576K
