07:40:02,317 |-INFO in ch.qos.logback.classic.LoggerContext[default] - Could NOT find resource [logback-test.xml]
07:40:02,317 |-INFO in ch.qos.logback.classic.LoggerContext[default] - Could NOT find resource [logback.groovy]
07:40:02,317 |-INFO in ch.qos.logback.classic.LoggerContext[default] - Found resource [logback.xml] at [jar:file:/root/flamestream/lib/flamestream-runtime-1.0-SNAPSHOT.jar!/logback.xml]
07:40:02,318 |-WARN in ch.qos.logback.classic.LoggerContext[default] - Resource [logback.xml] occurs multiple times on the classpath.
07:40:02,318 |-WARN in ch.qos.logback.classic.LoggerContext[default] - Resource [logback.xml] occurs at [jar:file:/root/flamestream/lib/flamestream-runtime-1.0-SNAPSHOT.jar!/logback.xml]
07:40:02,318 |-WARN in ch.qos.logback.classic.LoggerContext[default] - Resource [logback.xml] occurs at [jar:file:/root/flamestream/flamestream-runtime-1.0-SNAPSHOT.jar!/logback.xml]
07:40:02,337 |-INFO in ch.qos.logback.core.joran.spi.ConfigurationWatchList@3fb6a447 - URL [jar:file:/root/flamestream/lib/flamestream-runtime-1.0-SNAPSHOT.jar!/logback.xml] is not of type file
07:40:02,410 |-INFO in ch.qos.logback.classic.joran.action.ConfigurationAction - debug attribute not set
07:40:02,410 |-INFO in ch.qos.logback.core.joran.action.AppenderAction - About to instantiate appender of type [ch.qos.logback.core.ConsoleAppender]
07:40:02,427 |-INFO in ch.qos.logback.core.joran.action.AppenderAction - Naming appender as [STDOUT]
07:40:02,440 |-INFO in ch.qos.logback.core.joran.action.NestedComplexPropertyIA - Assuming default type [ch.qos.logback.classic.encoder.PatternLayoutEncoder] for [encoder] property
07:40:02,523 |-INFO in ch.qos.logback.core.joran.action.AppenderAction - About to instantiate appender of type [ch.qos.logback.core.rolling.RollingFileAppender]
07:40:02,531 |-INFO in ch.qos.logback.core.joran.action.AppenderAction - Naming appender as [FILE]
07:40:02,562 |-INFO in c.q.l.core.rolling.TimeBasedRollingPolicy@127618319 - No compression will be used
07:40:02,563 |-INFO in c.q.l.core.rolling.TimeBasedRollingPolicy@127618319 - Will use the pattern /tmp/application_%d{yyyy-MM-dd}.%i.log for the active file
07:40:02,566 |-INFO in ch.qos.logback.core.rolling.SizeAndTimeBasedFNATP@6b2fad11 - The date pattern is 'yyyy-MM-dd' from file name pattern '/tmp/application_%d{yyyy-MM-dd}.%i.log'.
07:40:02,566 |-INFO in ch.qos.logback.core.rolling.SizeAndTimeBasedFNATP@6b2fad11 - Roll-over at midnight.
07:40:02,571 |-INFO in ch.qos.logback.core.rolling.SizeAndTimeBasedFNATP@6b2fad11 - Setting initial period to Tue Jun 11 07:38:33 UTC 2019
07:40:02,571 |-WARN in ch.qos.logback.core.rolling.SizeAndTimeBasedFNATP@6b2fad11 - SizeAndTimeBasedFNATP is deprecated. Use SizeAndTimeBasedRollingPolicy instead
07:40:02,571 |-WARN in ch.qos.logback.core.rolling.SizeAndTimeBasedFNATP@6b2fad11 - For more information see http://logback.qos.ch/manual/appenders.html#SizeAndTimeBasedRollingPolicy
07:40:02,576 |-INFO in ch.qos.logback.core.joran.action.NestedComplexPropertyIA - Assuming default type [ch.qos.logback.classic.encoder.PatternLayoutEncoder] for [encoder] property
07:40:02,580 |-INFO in ch.qos.logback.core.rolling.RollingFileAppender[FILE] - Active log file name: /tmp/application.log
07:40:02,580 |-INFO in ch.qos.logback.core.rolling.RollingFileAppender[FILE] - File property is set to [/tmp/application.log]
07:40:02,581 |-INFO in ch.qos.logback.classic.joran.action.RootLoggerAction - Setting level of ROOT logger to WARN
07:40:02,581 |-INFO in ch.qos.logback.core.joran.action.AppenderRefAction - Attaching appender named [STDOUT] to Logger[ROOT]
07:40:02,581 |-INFO in ch.qos.logback.core.joran.action.AppenderRefAction - Attaching appender named [FILE] to Logger[ROOT]
07:40:02,581 |-INFO in ch.qos.logback.classic.joran.action.ConfigurationAction - End of configuration.
07:40:02,582 |-INFO in ch.qos.logback.classic.joran.JoranConfigurator@79698539 - Registering current configuration as safe fallback point

Ama winner
Ama winner
2019-06-11T07:40:03.856+0000: 1.726: [Full GC (Metadata GC Threshold) 2019-06-11T07:40:03.857+0000: 1.726: [Tenured: 0K->15208K(341376K), 0.0389582 secs] 114987K->15208K(494976K), [Metaspace: 20740K->20740K(1067008K)], 0.0390272 secs] [Times: user=0.04 sys=0.01, real=0.04 secs] 
07:40:18.916 [Curator-PathChildrenCache-1] WARN  o.a.c.u.ZKPaths  - The version of ZooKeeper being used doesn't support Container nodes. CreateMode.PERSISTENT will be used instead.
2019-06-11T07:40:21.424+0000: 19.293: [GC (Allocation Failure) 2019-06-11T07:40:21.424+0000: 19.293: [DefNew: 136576K->17024K(153600K), 0.0256296 secs] 151784K->52519K(494976K), 0.0256944 secs] [Times: user=0.01 sys=0.01, real=0.03 secs] 
2019-06-11T07:40:23.946+0000: 21.815: [Full GC (Metadata GC Threshold) 2019-06-11T07:40:23.946+0000: 21.815: [Tenured: 35495K->43790K(341376K), 0.0469008 secs] 112642K->43790K(494976K), [Metaspace: 34585K->34585K(1079296K)], 0.0469770 secs] [Times: user=0.04 sys=0.00, real=0.05 secs] 
2019-06-11T07:40:29.930+0000: 27.799: [GC (Allocation Failure) 2019-06-11T07:40:29.930+0000: 27.799: [DefNew: 136576K->62K(153600K), 0.0017559 secs] 180366K->43852K(494976K), 0.0018142 secs] [Times: user=0.00 sys=0.00, real=0.00 secs] 
2019-06-11T07:40:35.963+0000: 33.832: [GC (Allocation Failure) 2019-06-11T07:40:35.963+0000: 33.832: [DefNew: 136638K->61K(153600K), 0.0016490 secs] 180428K->43852K(494976K), 0.0017099 secs] [Times: user=0.00 sys=0.00, real=0.00 secs] 
2019-06-11T07:40:41.996+0000: 39.865: [GC (Allocation Failure) 2019-06-11T07:40:41.996+0000: 39.865: [DefNew: 136637K->59K(153600K), 0.0016572 secs] 180428K->43850K(494976K), 0.0017230 secs] [Times: user=0.00 sys=0.00, real=0.00 secs] 
2019-06-11T07:40:48.061+0000: 45.930: [GC (Allocation Failure) 2019-06-11T07:40:48.061+0000: 45.930: [DefNew: 136635K->62K(153600K), 0.0016939 secs] 180426K->43853K(494976K), 0.0017508 secs] [Times: user=0.00 sys=0.00, real=0.01 secs] 
2019-06-11T07:40:54.723+0000: 52.592: [GC (Allocation Failure) 2019-06-11T07:40:54.723+0000: 52.592: [DefNew: 136638K->60K(153600K), 0.0017655 secs] 180429K->43851K(494976K), 0.0018220 secs] [Times: user=0.01 sys=0.00, real=0.00 secs] 
07:41:02.113 [Curator-PathChildrenCache-0] ERROR o.a.c.f.r.c.PathChildrenCache  - 
java.lang.IllegalStateException: instance must be started before calling this method
	at org.apache.curator.shaded.com.google.common.base.Preconditions.checkState(Preconditions.java:444)
	at org.apache.curator.framework.imps.CuratorFrameworkImpl.getChildren(CuratorFrameworkImpl.java:456)
	at org.apache.curator.framework.recipes.cache.PathChildrenCache.refresh(PathChildrenCache.java:521)
	at org.apache.curator.framework.recipes.cache.RefreshOperation.invoke(RefreshOperation.java:35)
	at org.apache.curator.framework.recipes.cache.PathChildrenCache$9.run(PathChildrenCache.java:786)
	at java.util.concurrent.Executors$RunnableAdapter.call(Executors.java:511)
	at java.util.concurrent.FutureTask.run(FutureTask.java:266)
	at java.util.concurrent.Executors$RunnableAdapter.call(Executors.java:511)
	at java.util.concurrent.FutureTask.run(FutureTask.java:266)
	at java.util.concurrent.ThreadPoolExecutor.runWorker(ThreadPoolExecutor.java:1149)
	at java.util.concurrent.ThreadPoolExecutor$Worker.run(ThreadPoolExecutor.java:624)
	at java.lang.Thread.run(Thread.java:748)
Heap
 def new generation   total 153600K, used 53764K [0x00000000e0c00000, 0x00000000eb2a0000, 0x00000000eb2a0000)
  eden space 136576K,  39% used [0x00000000e0c00000, 0x00000000e4071ec8, 0x00000000e9160000)
  from space 17024K,   0% used [0x00000000e9160000, 0x00000000e916f170, 0x00000000ea200000)
  to   space 17024K,   0% used [0x00000000ea200000, 0x00000000ea200000, 0x00000000eb2a0000)
 tenured generation   total 341376K, used 43790K [0x00000000eb2a0000, 0x0000000100000000, 0x0000000100000000)
   the space 341376K,  12% used [0x00000000eb2a0000, 0x00000000edd63b48, 0x00000000edd63c00, 0x0000000100000000)
 Metaspace       used 35763K, capacity 36640K, committed 36864K, reserved 1081344K
  class space    used 4826K, capacity 5042K, committed 5120K, reserved 1048576K
