18:18:31,877 |-INFO in ch.qos.logback.classic.LoggerContext[default] - Could NOT find resource [logback-test.xml]
18:18:31,877 |-INFO in ch.qos.logback.classic.LoggerContext[default] - Could NOT find resource [logback.groovy]
18:18:31,878 |-INFO in ch.qos.logback.classic.LoggerContext[default] - Found resource [logback.xml] at [jar:file:/root/flamestream/lib/flamestream-runtime-1.0-SNAPSHOT.jar!/logback.xml]
18:18:31,878 |-WARN in ch.qos.logback.classic.LoggerContext[default] - Resource [logback.xml] occurs multiple times on the classpath.
18:18:31,878 |-WARN in ch.qos.logback.classic.LoggerContext[default] - Resource [logback.xml] occurs at [jar:file:/root/flamestream/lib/flamestream-runtime-1.0-SNAPSHOT.jar!/logback.xml]
18:18:31,878 |-WARN in ch.qos.logback.classic.LoggerContext[default] - Resource [logback.xml] occurs at [jar:file:/root/flamestream/flamestream-runtime-1.0-SNAPSHOT.jar!/logback.xml]
18:18:31,898 |-INFO in ch.qos.logback.core.joran.spi.ConfigurationWatchList@3fb6a447 - URL [jar:file:/root/flamestream/lib/flamestream-runtime-1.0-SNAPSHOT.jar!/logback.xml] is not of type file
18:18:31,972 |-INFO in ch.qos.logback.classic.joran.action.ConfigurationAction - debug attribute not set
18:18:31,973 |-INFO in ch.qos.logback.core.joran.action.AppenderAction - About to instantiate appender of type [ch.qos.logback.core.ConsoleAppender]
18:18:31,987 |-INFO in ch.qos.logback.core.joran.action.AppenderAction - Naming appender as [STDOUT]
18:18:32,004 |-INFO in ch.qos.logback.core.joran.action.NestedComplexPropertyIA - Assuming default type [ch.qos.logback.classic.encoder.PatternLayoutEncoder] for [encoder] property
18:18:32,086 |-INFO in ch.qos.logback.core.joran.action.AppenderAction - About to instantiate appender of type [ch.qos.logback.core.rolling.RollingFileAppender]
18:18:32,091 |-INFO in ch.qos.logback.core.joran.action.AppenderAction - Naming appender as [FILE]
18:18:32,121 |-INFO in c.q.l.core.rolling.TimeBasedRollingPolicy@127618319 - No compression will be used
18:18:32,122 |-INFO in c.q.l.core.rolling.TimeBasedRollingPolicy@127618319 - Will use the pattern /tmp/application_%d{yyyy-MM-dd}.%i.log for the active file
18:18:32,125 |-INFO in ch.qos.logback.core.rolling.SizeAndTimeBasedFNATP@6b2fad11 - The date pattern is 'yyyy-MM-dd' from file name pattern '/tmp/application_%d{yyyy-MM-dd}.%i.log'.
18:18:32,125 |-INFO in ch.qos.logback.core.rolling.SizeAndTimeBasedFNATP@6b2fad11 - Roll-over at midnight.
18:18:32,130 |-INFO in ch.qos.logback.core.rolling.SizeAndTimeBasedFNATP@6b2fad11 - Setting initial period to Mon Jun 10 18:17:14 UTC 2019
18:18:32,130 |-WARN in ch.qos.logback.core.rolling.SizeAndTimeBasedFNATP@6b2fad11 - SizeAndTimeBasedFNATP is deprecated. Use SizeAndTimeBasedRollingPolicy instead
18:18:32,130 |-WARN in ch.qos.logback.core.rolling.SizeAndTimeBasedFNATP@6b2fad11 - For more information see http://logback.qos.ch/manual/appenders.html#SizeAndTimeBasedRollingPolicy
18:18:32,133 |-INFO in ch.qos.logback.core.joran.action.NestedComplexPropertyIA - Assuming default type [ch.qos.logback.classic.encoder.PatternLayoutEncoder] for [encoder] property
18:18:32,139 |-INFO in ch.qos.logback.core.rolling.RollingFileAppender[FILE] - Active log file name: /tmp/application.log
18:18:32,139 |-INFO in ch.qos.logback.core.rolling.RollingFileAppender[FILE] - File property is set to [/tmp/application.log]
18:18:32,140 |-INFO in ch.qos.logback.classic.joran.action.RootLoggerAction - Setting level of ROOT logger to WARN
18:18:32,140 |-INFO in ch.qos.logback.core.joran.action.AppenderRefAction - Attaching appender named [STDOUT] to Logger[ROOT]
18:18:32,142 |-INFO in ch.qos.logback.core.joran.action.AppenderRefAction - Attaching appender named [FILE] to Logger[ROOT]
18:18:32,142 |-INFO in ch.qos.logback.classic.joran.action.ConfigurationAction - End of configuration.
18:18:32,142 |-INFO in ch.qos.logback.classic.joran.JoranConfigurator@79698539 - Registering current configuration as safe fallback point

Ama winner
Ama winner
2019-06-10T18:18:33.435+0000: 1.742: [Full GC (Metadata GC Threshold) 2019-06-10T18:18:33.435+0000: 1.742: [Tenured: 0K->15200K(341376K), 0.0413435 secs] 114986K->15200K(494976K), [Metaspace: 20733K->20733K(1067008K)], 0.0414084 secs] [Times: user=0.04 sys=0.00, real=0.05 secs] 
18:18:46.423 [Curator-PathChildrenCache-1] WARN  o.a.c.u.ZKPaths  - The version of ZooKeeper being used doesn't support Container nodes. CreateMode.PERSISTENT will be used instead.
2019-06-10T18:18:48.746+0000: 17.053: [GC (Allocation Failure) 2019-06-10T18:18:48.746+0000: 17.053: [DefNew: 136576K->16591K(153600K), 0.0305303 secs] 151776K->51323K(494976K), 0.0305986 secs] [Times: user=0.01 sys=0.01, real=0.03 secs] 
2019-06-10T18:18:50.601+0000: 18.908: [Full GC (Metadata GC Threshold) 2019-06-10T18:18:50.601+0000: 18.908: [Tenured: 34732K->43393K(341376K), 0.0436037 secs] 90544K->43393K(494976K), [Metaspace: 34551K->34551K(1079296K)], 0.0436771 secs] [Times: user=0.04 sys=0.00, real=0.05 secs] 
2019-06-10T18:18:57.320+0000: 25.627: [GC (Allocation Failure) 2019-06-10T18:18:57.320+0000: 25.627: [DefNew: 136576K->64K(153600K), 0.0018523 secs] 179969K->43458K(494976K), 0.0019125 secs] [Times: user=0.01 sys=0.00, real=0.00 secs] 
2019-06-10T18:19:04.038+0000: 32.345: [GC (Allocation Failure) 2019-06-10T18:19:04.038+0000: 32.345: [DefNew: 136640K->69K(153600K), 0.0017743 secs] 180034K->43462K(494976K), 0.0018394 secs] [Times: user=0.01 sys=0.00, real=0.00 secs] 
2019-06-10T18:19:10.865+0000: 39.172: [GC (Allocation Failure) 2019-06-10T18:19:10.865+0000: 39.172: [DefNew: 136645K->64K(153600K), 0.0016671 secs] 180038K->43457K(494976K), 0.0017304 secs] [Times: user=0.00 sys=0.00, real=0.00 secs] 
2019-06-10T18:19:17.703+0000: 46.010: [GC (Allocation Failure) 2019-06-10T18:19:17.703+0000: 46.010: [DefNew: 136640K->63K(153600K), 0.0017532 secs] 180033K->43457K(494976K), 0.0018144 secs] [Times: user=0.01 sys=0.00, real=0.01 secs] 
2019-06-10T18:19:24.559+0000: 52.866: [GC (Allocation Failure) 2019-06-10T18:19:24.559+0000: 52.866: [DefNew: 136639K->66K(153600K), 0.0018703 secs] 180033K->43459K(494976K), 0.0019325 secs] [Times: user=0.00 sys=0.00, real=0.00 secs] 
18:19:32.282 [Curator-PathChildrenCache-0] ERROR o.a.c.f.r.c.PathChildrenCache  - 
java.lang.IllegalStateException: instance must be started before calling this method
	at org.apache.curator.shaded.com.google.common.base.Preconditions.checkState(Preconditions.java:444)
	at org.apache.curator.framework.imps.CuratorFrameworkImpl.getChildren(CuratorFrameworkImpl.java:456)
	at org.apache.curator.framework.recipes.cache.PathChildrenCache.refresh(PathChildrenCache.java:521)
	at org.apache.curator.framework.recipes.cache.RefreshOperation.invoke(RefreshOperation.java:35)
	at org.apache.curator.framework.recipes.cache.PathChildrenCache$9.run(PathChildrenCache.java:786)
	at java.util.concurrent.Executors$RunnableAdapter.call(Executors.java:511)
	at java.util.concurrent.FutureTask.run(FutureTask.java:266)
	at java.util.concurrent.Executors$RunnableAdapter.call(Executors.java:511)
	at java.util.concurrent.FutureTask.run(FutureTask.java:266)
	at java.util.concurrent.ThreadPoolExecutor.runWorker(ThreadPoolExecutor.java:1149)
	at java.util.concurrent.ThreadPoolExecutor$Worker.run(ThreadPoolExecutor.java:624)
	at java.lang.Thread.run(Thread.java:748)
Heap
 def new generation   total 153600K, used 72550K [0x00000000e0c00000, 0x00000000eb2a0000, 0x00000000eb2a0000)
  eden space 136576K,  53% used [0x00000000e0c00000, 0x00000000e52c9008, 0x00000000e9160000)
  from space 17024K,   0% used [0x00000000e9160000, 0x00000000e9170898, 0x00000000ea200000)
  to   space 17024K,   0% used [0x00000000ea200000, 0x00000000ea200000, 0x00000000eb2a0000)
 tenured generation   total 341376K, used 43393K [0x00000000eb2a0000, 0x0000000100000000, 0x0000000100000000)
   the space 341376K,  12% used [0x00000000eb2a0000, 0x00000000edd005c0, 0x00000000edd00600, 0x0000000100000000)
 Metaspace       used 35713K, capacity 36640K, committed 36864K, reserved 1081344K
  class space    used 4824K, capacity 5042K, committed 5120K, reserved 1048576K
