20:14:48,483 |-INFO in ch.qos.logback.classic.LoggerContext[default] - Could NOT find resource [logback-test.xml]
20:14:48,483 |-INFO in ch.qos.logback.classic.LoggerContext[default] - Could NOT find resource [logback.groovy]
20:14:48,484 |-INFO in ch.qos.logback.classic.LoggerContext[default] - Found resource [logback.xml] at [jar:file:/root/flamestream/lib/flamestream-runtime-1.0-SNAPSHOT.jar!/logback.xml]
20:14:48,484 |-WARN in ch.qos.logback.classic.LoggerContext[default] - Resource [logback.xml] occurs multiple times on the classpath.
20:14:48,484 |-WARN in ch.qos.logback.classic.LoggerContext[default] - Resource [logback.xml] occurs at [jar:file:/root/flamestream/lib/flamestream-runtime-1.0-SNAPSHOT.jar!/logback.xml]
20:14:48,485 |-WARN in ch.qos.logback.classic.LoggerContext[default] - Resource [logback.xml] occurs at [jar:file:/root/flamestream/flamestream-runtime-1.0-SNAPSHOT.jar!/logback.xml]
20:14:48,503 |-INFO in ch.qos.logback.core.joran.spi.ConfigurationWatchList@3fb6a447 - URL [jar:file:/root/flamestream/lib/flamestream-runtime-1.0-SNAPSHOT.jar!/logback.xml] is not of type file
20:14:48,576 |-INFO in ch.qos.logback.classic.joran.action.ConfigurationAction - debug attribute not set
20:14:48,577 |-INFO in ch.qos.logback.core.joran.action.AppenderAction - About to instantiate appender of type [ch.qos.logback.core.ConsoleAppender]
20:14:48,593 |-INFO in ch.qos.logback.core.joran.action.AppenderAction - Naming appender as [STDOUT]
20:14:48,607 |-INFO in ch.qos.logback.core.joran.action.NestedComplexPropertyIA - Assuming default type [ch.qos.logback.classic.encoder.PatternLayoutEncoder] for [encoder] property
20:14:48,688 |-INFO in ch.qos.logback.core.joran.action.AppenderAction - About to instantiate appender of type [ch.qos.logback.core.rolling.RollingFileAppender]
20:14:48,697 |-INFO in ch.qos.logback.core.joran.action.AppenderAction - Naming appender as [FILE]
20:14:48,729 |-INFO in c.q.l.core.rolling.TimeBasedRollingPolicy@127618319 - No compression will be used
20:14:48,730 |-INFO in c.q.l.core.rolling.TimeBasedRollingPolicy@127618319 - Will use the pattern /tmp/application_%d{yyyy-MM-dd}.%i.log for the active file
20:14:48,733 |-INFO in ch.qos.logback.core.rolling.SizeAndTimeBasedFNATP@6b2fad11 - The date pattern is 'yyyy-MM-dd' from file name pattern '/tmp/application_%d{yyyy-MM-dd}.%i.log'.
20:14:48,733 |-INFO in ch.qos.logback.core.rolling.SizeAndTimeBasedFNATP@6b2fad11 - Roll-over at midnight.
20:14:48,738 |-INFO in ch.qos.logback.core.rolling.SizeAndTimeBasedFNATP@6b2fad11 - Setting initial period to Mon Jun 10 20:13:23 UTC 2019
20:14:48,738 |-WARN in ch.qos.logback.core.rolling.SizeAndTimeBasedFNATP@6b2fad11 - SizeAndTimeBasedFNATP is deprecated. Use SizeAndTimeBasedRollingPolicy instead
20:14:48,738 |-WARN in ch.qos.logback.core.rolling.SizeAndTimeBasedFNATP@6b2fad11 - For more information see http://logback.qos.ch/manual/appenders.html#SizeAndTimeBasedRollingPolicy
20:14:48,742 |-INFO in ch.qos.logback.core.joran.action.NestedComplexPropertyIA - Assuming default type [ch.qos.logback.classic.encoder.PatternLayoutEncoder] for [encoder] property
20:14:48,747 |-INFO in ch.qos.logback.core.rolling.RollingFileAppender[FILE] - Active log file name: /tmp/application.log
20:14:48,747 |-INFO in ch.qos.logback.core.rolling.RollingFileAppender[FILE] - File property is set to [/tmp/application.log]
20:14:48,748 |-INFO in ch.qos.logback.classic.joran.action.RootLoggerAction - Setting level of ROOT logger to WARN
20:14:48,748 |-INFO in ch.qos.logback.core.joran.action.AppenderRefAction - Attaching appender named [STDOUT] to Logger[ROOT]
20:14:48,750 |-INFO in ch.qos.logback.core.joran.action.AppenderRefAction - Attaching appender named [FILE] to Logger[ROOT]
20:14:48,750 |-INFO in ch.qos.logback.classic.joran.action.ConfigurationAction - End of configuration.
20:14:48,750 |-INFO in ch.qos.logback.classic.joran.JoranConfigurator@79698539 - Registering current configuration as safe fallback point

Ama winner
Ama winner
2019-06-10T20:14:50.009+0000: 1.714: [Full GC (Metadata GC Threshold) 2019-06-10T20:14:50.009+0000: 1.714: [Tenured: 0K->15207K(341376K), 0.0429039 secs] 112225K->15207K(494976K), [Metaspace: 20733K->20733K(1067008K)], 0.0429704 secs] [Times: user=0.04 sys=0.00, real=0.04 secs] 
20:15:12.700 [Curator-PathChildrenCache-2] WARN  o.a.c.u.ZKPaths  - The version of ZooKeeper being used doesn't support Container nodes. CreateMode.PERSISTENT will be used instead.
2019-06-10T20:15:15.067+0000: 26.773: [GC (Allocation Failure) 2019-06-10T20:15:15.068+0000: 26.773: [DefNew: 120844K->17023K(153600K), 0.0275471 secs] 136051K->33200K(494976K), 0.0276134 secs] [Times: user=0.02 sys=0.01, real=0.03 secs] 
2019-06-10T20:15:15.590+0000: 27.296: [Full GC (Metadata GC Threshold) 2019-06-10T20:15:15.591+0000: 27.296: [Tenured: 16176K->44455K(341376K), 0.0512022 secs] 67806K->44455K(494976K), [Metaspace: 34579K->34579K(1079296K)], 0.0513058 secs] [Times: user=0.04 sys=0.01, real=0.05 secs] 
2019-06-10T20:15:19.411+0000: 31.117: [GC (Allocation Failure) 2019-06-10T20:15:19.411+0000: 31.117: [DefNew: 136576K->152K(153600K), 0.0021903 secs] 181031K->44607K(494976K), 0.0022688 secs] [Times: user=0.01 sys=0.00, real=0.00 secs] 
2019-06-10T20:15:23.152+0000: 34.858: [GC (Allocation Failure) 2019-06-10T20:15:23.152+0000: 34.858: [DefNew: 136728K->166K(153600K), 0.0020485 secs] 181183K->44621K(494976K), 0.0021072 secs] [Times: user=0.00 sys=0.00, real=0.00 secs] 
2019-06-10T20:15:26.907+0000: 38.612: [GC (Allocation Failure) 2019-06-10T20:15:26.907+0000: 38.612: [DefNew: 136742K->163K(153600K), 0.0021198 secs] 181197K->44618K(494976K), 0.0021814 secs] [Times: user=0.00 sys=0.00, real=0.01 secs] 
2019-06-10T20:15:30.634+0000: 42.339: [GC (Allocation Failure) 2019-06-10T20:15:30.634+0000: 42.339: [DefNew: 136739K->166K(153600K), 0.0020461 secs] 181194K->44621K(494976K), 0.0021231 secs] [Times: user=0.00 sys=0.00, real=0.00 secs] 
2019-06-10T20:15:34.301+0000: 46.006: [GC (Allocation Failure) 2019-06-10T20:15:34.301+0000: 46.006: [DefNew: 136742K->165K(153600K), 0.0020517 secs] 181197K->44621K(494976K), 0.0021126 secs] [Times: user=0.00 sys=0.01, real=0.00 secs] 
2019-06-10T20:15:37.950+0000: 49.655: [GC (Allocation Failure) 2019-06-10T20:15:37.950+0000: 49.655: [DefNew: 136741K->165K(153600K), 0.0020713 secs] 181197K->44620K(494976K), 0.0021449 secs] [Times: user=0.00 sys=0.00, real=0.00 secs] 
2019-06-10T20:15:41.708+0000: 53.414: [GC (Allocation Failure) 2019-06-10T20:15:41.709+0000: 53.414: [DefNew: 136741K->169K(153600K), 0.0020979 secs] 181196K->44624K(494976K), 0.0021581 secs] [Times: user=0.00 sys=0.00, real=0.01 secs] 
2019-06-10T20:15:45.424+0000: 57.130: [GC (Allocation Failure) 2019-06-10T20:15:45.424+0000: 57.130: [DefNew: 136745K->165K(153600K), 0.0020337 secs] 181200K->44621K(494976K), 0.0020917 secs] [Times: user=0.00 sys=0.00, real=0.00 secs] 
2019-06-10T20:15:57.132+0000: 68.838: [GC (Allocation Failure) 2019-06-10T20:15:57.132+0000: 68.838: [DefNew: 136741K->721K(153600K), 0.0050280 secs] 181197K->45177K(494976K), 0.0050865 secs] [Times: user=0.00 sys=0.00, real=0.01 secs] 
20:15:57.183 [Curator-PathChildrenCache-0] ERROR o.a.c.f.r.c.PathChildrenCache  - 
java.lang.IllegalStateException: instance must be started before calling this method
	at org.apache.curator.shaded.com.google.common.base.Preconditions.checkState(Preconditions.java:444)
	at org.apache.curator.framework.imps.CuratorFrameworkImpl.getChildren(CuratorFrameworkImpl.java:456)
	at org.apache.curator.framework.recipes.cache.PathChildrenCache.refresh(PathChildrenCache.java:521)
	at org.apache.curator.framework.recipes.cache.RefreshOperation.invoke(RefreshOperation.java:35)
	at org.apache.curator.framework.recipes.cache.PathChildrenCache$9.run(PathChildrenCache.java:786)
	at java.util.concurrent.Executors$RunnableAdapter.call(Executors.java:511)
	at java.util.concurrent.FutureTask.run(FutureTask.java:266)
	at java.util.concurrent.Executors$RunnableAdapter.call(Executors.java:511)
	at java.util.concurrent.FutureTask.run(FutureTask.java:266)
	at java.util.concurrent.ThreadPoolExecutor.runWorker(ThreadPoolExecutor.java:1149)
	at java.util.concurrent.ThreadPoolExecutor$Worker.run(ThreadPoolExecutor.java:624)
	at java.lang.Thread.run(Thread.java:748)
Heap
 def new generation   total 153600K, used 21282K [0x00000000e0c00000, 0x00000000eb2a0000, 0x00000000eb2a0000)
  eden space 136576K,  15% used [0x00000000e0c00000, 0x00000000e2014370, 0x00000000e9160000)
  from space 17024K,   4% used [0x00000000e9160000, 0x00000000e9214758, 0x00000000ea200000)
  to   space 17024K,   0% used [0x00000000ea200000, 0x00000000ea200000, 0x00000000eb2a0000)
 tenured generation   total 341376K, used 44455K [0x00000000eb2a0000, 0x0000000100000000, 0x0000000100000000)
   the space 341376K,  13% used [0x00000000eb2a0000, 0x00000000ede09d68, 0x00000000ede09e00, 0x0000000100000000)
 Metaspace       used 36397K, capacity 37422K, committed 37760K, reserved 1081344K
  class space    used 4917K, capacity 5131K, committed 5248K, reserved 1048576K
