06:02:18,902 |-INFO in ch.qos.logback.classic.LoggerContext[default] - Could NOT find resource [logback-test.xml]
06:02:18,902 |-INFO in ch.qos.logback.classic.LoggerContext[default] - Could NOT find resource [logback.groovy]
06:02:18,902 |-INFO in ch.qos.logback.classic.LoggerContext[default] - Found resource [logback.xml] at [jar:file:/root/flamestream/lib/flamestream-runtime-1.0-SNAPSHOT.jar!/logback.xml]
06:02:18,907 |-WARN in ch.qos.logback.classic.LoggerContext[default] - Resource [logback.xml] occurs multiple times on the classpath.
06:02:18,908 |-WARN in ch.qos.logback.classic.LoggerContext[default] - Resource [logback.xml] occurs at [jar:file:/root/flamestream/lib/flamestream-runtime-1.0-SNAPSHOT.jar!/logback.xml]
06:02:18,908 |-WARN in ch.qos.logback.classic.LoggerContext[default] - Resource [logback.xml] occurs at [jar:file:/root/flamestream/flamestream-runtime-1.0-SNAPSHOT.jar!/logback.xml]
06:02:18,927 |-INFO in ch.qos.logback.core.joran.spi.ConfigurationWatchList@3fb6a447 - URL [jar:file:/root/flamestream/lib/flamestream-runtime-1.0-SNAPSHOT.jar!/logback.xml] is not of type file
06:02:18,993 |-INFO in ch.qos.logback.classic.joran.action.ConfigurationAction - debug attribute not set
06:02:18,994 |-INFO in ch.qos.logback.core.joran.action.AppenderAction - About to instantiate appender of type [ch.qos.logback.core.ConsoleAppender]
06:02:19,010 |-INFO in ch.qos.logback.core.joran.action.AppenderAction - Naming appender as [STDOUT]
06:02:19,028 |-INFO in ch.qos.logback.core.joran.action.NestedComplexPropertyIA - Assuming default type [ch.qos.logback.classic.encoder.PatternLayoutEncoder] for [encoder] property
06:02:19,110 |-INFO in ch.qos.logback.core.joran.action.AppenderAction - About to instantiate appender of type [ch.qos.logback.core.rolling.RollingFileAppender]
06:02:19,119 |-INFO in ch.qos.logback.core.joran.action.AppenderAction - Naming appender as [FILE]
06:02:19,149 |-INFO in c.q.l.core.rolling.TimeBasedRollingPolicy@127618319 - No compression will be used
06:02:19,150 |-INFO in c.q.l.core.rolling.TimeBasedRollingPolicy@127618319 - Will use the pattern /tmp/application_%d{yyyy-MM-dd}.%i.log for the active file
06:02:19,153 |-INFO in ch.qos.logback.core.rolling.SizeAndTimeBasedFNATP@6b2fad11 - The date pattern is 'yyyy-MM-dd' from file name pattern '/tmp/application_%d{yyyy-MM-dd}.%i.log'.
06:02:19,153 |-INFO in ch.qos.logback.core.rolling.SizeAndTimeBasedFNATP@6b2fad11 - Roll-over at midnight.
06:02:19,159 |-INFO in ch.qos.logback.core.rolling.SizeAndTimeBasedFNATP@6b2fad11 - Setting initial period to Tue Jun 11 06:00:43 UTC 2019
06:02:19,159 |-WARN in ch.qos.logback.core.rolling.SizeAndTimeBasedFNATP@6b2fad11 - SizeAndTimeBasedFNATP is deprecated. Use SizeAndTimeBasedRollingPolicy instead
06:02:19,159 |-WARN in ch.qos.logback.core.rolling.SizeAndTimeBasedFNATP@6b2fad11 - For more information see http://logback.qos.ch/manual/appenders.html#SizeAndTimeBasedRollingPolicy
06:02:19,163 |-INFO in ch.qos.logback.core.joran.action.NestedComplexPropertyIA - Assuming default type [ch.qos.logback.classic.encoder.PatternLayoutEncoder] for [encoder] property
06:02:19,167 |-INFO in ch.qos.logback.core.rolling.RollingFileAppender[FILE] - Active log file name: /tmp/application.log
06:02:19,167 |-INFO in ch.qos.logback.core.rolling.RollingFileAppender[FILE] - File property is set to [/tmp/application.log]
06:02:19,168 |-INFO in ch.qos.logback.classic.joran.action.RootLoggerAction - Setting level of ROOT logger to WARN
06:02:19,168 |-INFO in ch.qos.logback.core.joran.action.AppenderRefAction - Attaching appender named [STDOUT] to Logger[ROOT]
06:02:19,170 |-INFO in ch.qos.logback.core.joran.action.AppenderRefAction - Attaching appender named [FILE] to Logger[ROOT]
06:02:19,170 |-INFO in ch.qos.logback.classic.joran.action.ConfigurationAction - End of configuration.
06:02:19,171 |-INFO in ch.qos.logback.classic.joran.JoranConfigurator@79698539 - Registering current configuration as safe fallback point

Ama winner
Ama winner
2019-06-11T06:02:20.477+0000: 1.753: [Full GC (Metadata GC Threshold) 2019-06-11T06:02:20.477+0000: 1.753: [Tenured: 0K->15241K(341376K), 0.0406477 secs] 114923K->15241K(494976K), [Metaspace: 20739K->20739K(1067008K)], 0.0407161 secs] [Times: user=0.04 sys=0.00, real=0.04 secs] 
06:03:14.642 [Curator-PathChildrenCache-1] WARN  o.a.c.u.ZKPaths  - The version of ZooKeeper being used doesn't support Container nodes. CreateMode.PERSISTENT will be used instead.
2019-06-11T06:03:36.599+0000: 77.875: [GC (Allocation Failure) 2019-06-11T06:03:36.599+0000: 77.875: [DefNew: 136576K->16315K(153600K), 0.0171421 secs] 151817K->31556K(494976K), 0.0172144 secs] [Times: user=0.01 sys=0.01, real=0.01 secs] 
2019-06-11T06:04:02.208+0000: 103.484: [GC (Allocation Failure) 2019-06-11T06:04:02.208+0000: 103.484: [DefNew: 152891K->1733K(153600K), 0.0199332 secs] 168132K->43221K(494976K), 0.0200195 secs] [Times: user=0.00 sys=0.02, real=0.02 secs] 
2019-06-11T06:04:02.281+0000: 103.557: [Full GC (Metadata GC Threshold) 2019-06-11T06:04:02.281+0000: 103.557: [Tenured: 41488K->42984K(341376K), 0.0457166 secs] 48509K->42984K(494976K), [Metaspace: 34789K->34789K(1079296K)], 0.0457936 secs] [Times: user=0.04 sys=0.00, real=0.04 secs] 
2019-06-11T06:04:10.575+0000: 111.851: [GC (Allocation Failure) 2019-06-11T06:04:10.575+0000: 111.851: [DefNew: 136576K->243K(153600K), 0.0023091 secs] 179560K->43228K(494976K), 0.0023701 secs] [Times: user=0.00 sys=0.00, real=0.00 secs] 
2019-06-11T06:04:17.447+0000: 118.723: [GC (Allocation Failure) 2019-06-11T06:04:17.447+0000: 118.723: [DefNew: 136819K->234K(153600K), 0.0020095 secs] 179804K->43219K(494976K), 0.0020662 secs] [Times: user=0.00 sys=0.00, real=0.00 secs] 
2019-06-11T06:04:49.146+0000: 150.421: [GC (Allocation Failure) 2019-06-11T06:04:49.146+0000: 150.421: [DefNew: 136810K->291K(153600K), 0.0022551 secs] 179795K->43276K(494976K), 0.0023269 secs] [Times: user=0.00 sys=0.00, real=0.00 secs] 
2019-06-11T06:05:37.298+0000: 198.574: [GC (Allocation Failure) 2019-06-11T06:05:37.298+0000: 198.574: [DefNew: 136867K->300K(153600K), 0.0022355 secs] 179852K->43285K(494976K), 0.0023078 secs] [Times: user=0.01 sys=0.00, real=0.01 secs] 
2019-06-11T06:06:26.086+0000: 247.362: [GC (Allocation Failure) 2019-06-11T06:06:26.086+0000: 247.362: [DefNew: 136876K->298K(153600K), 0.0022349 secs] 179861K->43283K(494976K), 0.0022912 secs] [Times: user=0.00 sys=0.00, real=0.00 secs] 
2019-06-11T06:07:14.513+0000: 295.789: [GC (Allocation Failure) 2019-06-11T06:07:14.513+0000: 295.789: [DefNew: 136874K->304K(153600K), 0.0022502 secs] 179859K->43289K(494976K), 0.0023122 secs] [Times: user=0.00 sys=0.00, real=0.00 secs] 
2019-06-11T06:08:02.600+0000: 343.876: [GC (Allocation Failure) 2019-06-11T06:08:02.600+0000: 343.876: [DefNew: 136880K->302K(153600K), 0.0021351 secs] 179865K->43287K(494976K), 0.0021987 secs] [Times: user=0.01 sys=0.00, real=0.00 secs] 
2019-06-11T06:09:04.992+0000: 406.268: [GC (Allocation Failure) 2019-06-11T06:09:04.992+0000: 406.268: [DefNew: 136878K->305K(153600K), 0.0021601 secs] 179863K->43290K(494976K), 0.0022165 secs] [Times: user=0.00 sys=0.00, real=0.00 secs] 
2019-06-11T06:10:08.276+0000: 469.552: [GC (Allocation Failure) 2019-06-11T06:10:08.276+0000: 469.552: [DefNew: 136881K->307K(153600K), 0.0022384 secs] 179866K->43292K(494976K), 0.0023043 secs] [Times: user=0.00 sys=0.00, real=0.00 secs] 
2019-06-11T06:10:54.379+0000: 515.654: [GC (Allocation Failure) 2019-06-11T06:10:54.379+0000: 515.654: [DefNew: 136883K->308K(153600K), 0.0022061 secs] 179868K->43293K(494976K), 0.0022730 secs] [Times: user=0.00 sys=0.00, real=0.01 secs] 
2019-06-11T06:11:40.960+0000: 562.236: [GC (Allocation Failure) 2019-06-11T06:11:40.960+0000: 562.236: [DefNew: 136884K->311K(153600K), 0.0021260 secs] 179869K->43296K(494976K), 0.0021831 secs] [Times: user=0.00 sys=0.00, real=0.00 secs] 
2019-06-11T06:12:39.557+0000: 620.833: [GC (Allocation Failure) 2019-06-11T06:12:39.557+0000: 620.833: [DefNew: 136887K->305K(153600K), 0.0021465 secs] 179872K->43290K(494976K), 0.0022046 secs] [Times: user=0.00 sys=0.00, real=0.01 secs] 
2019-06-11T06:13:45.306+0000: 686.582: [GC (Allocation Failure) 2019-06-11T06:13:45.306+0000: 686.582: [DefNew: 136881K->305K(153600K), 0.0021952 secs] 179866K->43290K(494976K), 0.0022516 secs] [Times: user=0.00 sys=0.00, real=0.00 secs] 
2019-06-11T06:14:50.781+0000: 752.057: [GC (Allocation Failure) 2019-06-11T06:14:50.781+0000: 752.057: [DefNew: 136881K->310K(153600K), 0.0022206 secs] 179866K->43295K(494976K), 0.0022988 secs] [Times: user=0.00 sys=0.00, real=0.00 secs] 
2019-06-11T06:15:43.188+0000: 804.464: [GC (Allocation Failure) 2019-06-11T06:15:43.188+0000: 804.464: [DefNew: 136886K->310K(153600K), 0.0022085 secs] 179871K->43295K(494976K), 0.0022750 secs] [Times: user=0.00 sys=0.00, real=0.00 secs] 
2019-06-11T06:16:36.208+0000: 857.484: [GC (Allocation Failure) 2019-06-11T06:16:36.208+0000: 857.484: [DefNew: 136886K->130K(153600K), 0.0021377 secs] 179871K->43297K(494976K), 0.0021951 secs] [Times: user=0.00 sys=0.00, real=0.00 secs] 
2019-06-11T06:17:54.037+0000: 935.313: [GC (Allocation Failure) 2019-06-11T06:17:54.037+0000: 935.313: [DefNew: 136706K->129K(153600K), 0.0018633 secs] 179873K->43299K(494976K), 0.0019340 secs] [Times: user=0.00 sys=0.00, real=0.01 secs] 
2019-06-11T06:19:19.979+0000: 1021.254: [GC (Allocation Failure) 2019-06-11T06:19:19.979+0000: 1021.254: [DefNew: 136705K->77K(153600K), 0.0017557 secs] 179875K->43302K(494976K), 0.0018106 secs] [Times: user=0.01 sys=0.00, real=0.01 secs] 
2019-06-11T06:20:28.116+0000: 1089.392: [GC (Allocation Failure) 2019-06-11T06:20:28.116+0000: 1089.392: [DefNew: 136653K->65K(153600K), 0.0016712 secs] 179878K->43296K(494976K), 0.0017510 secs] [Times: user=0.00 sys=0.00, real=0.00 secs] 
2019-06-11T06:21:31.072+0000: 1152.348: [GC (Allocation Failure) 2019-06-11T06:21:31.072+0000: 1152.348: [DefNew: 136641K->64K(153600K), 0.0015960 secs] 179872K->43296K(494976K), 0.0016540 secs] [Times: user=0.00 sys=0.00, real=0.00 secs] 
2019-06-11T06:22:51.856+0000: 1233.132: [GC (Allocation Failure) 2019-06-11T06:22:51.856+0000: 1233.132: [DefNew: 136640K->66K(153600K), 0.0098296 secs] 179872K->43299K(494976K), 0.0098957 secs] [Times: user=0.01 sys=0.00, real=0.01 secs] 
2019-06-11T06:24:16.806+0000: 1318.081: [GC (Allocation Failure) 2019-06-11T06:24:16.806+0000: 1318.081: [DefNew: 136642K->68K(153600K), 0.0016923 secs] 179875K->43301K(494976K), 0.0140091 secs] [Times: user=0.01 sys=0.01, real=0.02 secs] 
2019-06-11T06:25:27.723+0000: 1388.999: [GC (Allocation Failure) 2019-06-11T06:25:27.723+0000: 1388.999: [DefNew: 136644K->72K(153600K), 0.0017129 secs] 179877K->43306K(494976K), 0.0017834 secs] [Times: user=0.01 sys=0.00, real=0.00 secs] 
2019-06-11T06:26:25.879+0000: 1447.155: [GC (Allocation Failure) 2019-06-11T06:26:25.879+0000: 1447.155: [DefNew: 136648K->73K(153600K), 0.0016518 secs] 179882K->43308K(494976K), 0.0017163 secs] [Times: user=0.00 sys=0.00, real=0.00 secs] 
2019-06-11T06:27:34.334+0000: 1515.610: [GC (Allocation Failure) 2019-06-11T06:27:34.334+0000: 1515.610: [DefNew: 136649K->73K(153600K), 0.0016546 secs] 179884K->43310K(494976K), 0.0017198 secs] [Times: user=0.00 sys=0.00, real=0.00 secs] 
2019-06-11T06:28:43.471+0000: 1584.747: [GC (Allocation Failure) 2019-06-11T06:28:43.471+0000: 1584.747: [DefNew: 136649K->74K(153600K), 0.0139377 secs] 179886K->43312K(494976K), 0.0140038 secs] [Times: user=0.01 sys=0.00, real=0.01 secs] 
2019-06-11T06:29:52.721+0000: 1653.997: [GC (Allocation Failure) 2019-06-11T06:29:52.721+0000: 1653.997: [DefNew: 136650K->75K(153600K), 0.0016714 secs] 179888K->43313K(494976K), 0.0017301 secs] [Times: user=0.00 sys=0.00, real=0.00 secs] 
2019-06-11T06:30:43.920+0000: 1705.196: [GC (Allocation Failure) 2019-06-11T06:30:43.920+0000: 1705.196: [DefNew: 136651K->76K(153600K), 0.0016363 secs] 179889K->43315K(494976K), 0.0016930 secs] [Times: user=0.01 sys=0.00, real=0.00 secs] 
2019-06-11T06:31:33.343+0000: 1754.619: [GC (Allocation Failure) 2019-06-11T06:31:33.343+0000: 1754.619: [DefNew: 136652K->75K(153600K), 0.0016381 secs] 179891K->43316K(494976K), 0.0016946 secs] [Times: user=0.00 sys=0.00, real=0.00 secs] 
2019-06-11T06:32:35.166+0000: 1816.441: [GC (Allocation Failure) 2019-06-11T06:32:35.166+0000: 1816.441: [DefNew: 136651K->76K(153600K), 0.0016920 secs] 179892K->43318K(494976K), 0.0017500 secs] [Times: user=0.00 sys=0.00, real=0.00 secs] 
2019-06-11T06:33:52.553+0000: 1893.829: [GC (Allocation Failure) 2019-06-11T06:33:52.553+0000: 1893.829: [DefNew: 136652K->78K(153600K), 0.0016639 secs] 179894K->43320K(494976K), 0.0017215 secs] [Times: user=0.00 sys=0.00, real=0.00 secs] 
2019-06-11T06:35:11.122+0000: 1972.398: [GC (Allocation Failure) 2019-06-11T06:35:11.123+0000: 1972.398: [DefNew: 136654K->77K(153600K), 0.0016861 secs] 179896K->43321K(494976K), 0.0017415 secs] [Times: user=0.00 sys=0.00, real=0.00 secs] 
2019-06-11T06:36:03.277+0000: 2024.553: [GC (Allocation Failure) 2019-06-11T06:36:03.277+0000: 2024.553: [DefNew: 136653K->64K(153600K), 0.0017347 secs] 179897K->43309K(494976K), 0.0017917 secs] [Times: user=0.00 sys=0.00, real=0.01 secs] 
2019-06-11T06:37:16.046+0000: 2097.322: [GC (Allocation Failure) 2019-06-11T06:37:16.046+0000: 2097.322: [DefNew: 136640K->62K(153600K), 0.0016795 secs] 179885K->43310K(494976K), 0.0017463 secs] [Times: user=0.00 sys=0.00, real=0.00 secs] 
2019-06-11T06:38:41.443+0000: 2182.719: [GC (Allocation Failure) 2019-06-11T06:38:41.443+0000: 2182.719: [DefNew: 136638K->65K(153600K), 0.0422782 secs] 179886K->43314K(494976K), 0.0423490 secs] [Times: user=0.01 sys=0.00, real=0.04 secs] 
2019-06-11T06:40:06.491+0000: 2267.767: [GC (Allocation Failure) 2019-06-11T06:40:06.491+0000: 2267.767: [DefNew: 136641K->65K(153600K), 0.0016564 secs] 179890K->43316K(494976K), 0.0017241 secs] [Times: user=0.00 sys=0.00, real=0.01 secs] 
2019-06-11T06:40:56.187+0000: 2317.463: [GC (Allocation Failure) 2019-06-11T06:40:56.187+0000: 2317.463: [DefNew: 136641K->65K(153600K), 0.0016963 secs] 179892K->43317K(494976K), 0.0017481 secs] [Times: user=0.00 sys=0.00, real=0.00 secs] 
2019-06-11T06:42:01.199+0000: 2382.475: [GC (Allocation Failure) 2019-06-11T06:42:01.199+0000: 2382.475: [DefNew: 136641K->63K(153600K), 0.0384425 secs] 179893K->43319K(494976K), 0.0385095 secs] [Times: user=0.02 sys=0.00, real=0.03 secs] 
2019-06-11T06:43:12.340+0000: 2453.616: [GC (Allocation Failure) 2019-06-11T06:43:12.340+0000: 2453.616: [DefNew: 136639K->64K(153600K), 0.0016304 secs] 179895K->43321K(494976K), 0.0016965 secs] [Times: user=0.00 sys=0.00, real=0.00 secs] 
2019-06-11T06:44:14.854+0000: 2516.130: [GC (Allocation Failure) 2019-06-11T06:44:14.854+0000: 2516.130: [DefNew: 136640K->65K(153600K), 0.0139378 secs] 179897K->43322K(494976K), 0.0139950 secs] [Times: user=0.02 sys=0.00, real=0.01 secs] 
2019-06-11T06:45:16.237+0000: 2577.513: [GC (Allocation Failure) 2019-06-11T06:45:16.237+0000: 2577.513: [DefNew: 136641K->65K(153600K), 0.0016275 secs] 179898K->43323K(494976K), 0.0016933 secs] [Times: user=0.00 sys=0.00, real=0.01 secs] 
2019-06-11T06:46:03.363+0000: 2624.639: [GC (Allocation Failure) 2019-06-11T06:46:03.363+0000: 2624.639: [DefNew: 136641K->66K(153600K), 0.0016590 secs] 179899K->43325K(494976K), 0.0017175 secs] [Times: user=0.00 sys=0.01, real=0.00 secs] 
2019-06-11T06:46:52.280+0000: 2673.555: [GC (Allocation Failure) 2019-06-11T06:46:52.280+0000: 2673.556: [DefNew: 136642K->68K(153600K), 0.0016295 secs] 179901K->43328K(494976K), 0.0016849 secs] [Times: user=0.00 sys=0.00, real=0.00 secs] 
2019-06-11T06:47:54.297+0000: 2735.573: [GC (Allocation Failure) 2019-06-11T06:47:54.297+0000: 2735.573: [DefNew: 136644K->69K(153600K), 0.0016195 secs] 179904K->43329K(494976K), 0.0016766 secs] [Times: user=0.00 sys=0.00, real=0.00 secs] 
2019-06-11T06:48:56.561+0000: 2797.837: [GC (Allocation Failure) 2019-06-11T06:48:56.561+0000: 2797.837: [DefNew: 136645K->69K(153600K), 0.0017229 secs] 179905K->43331K(494976K), 0.0017823 secs] [Times: user=0.00 sys=0.00, real=0.00 secs] 
2019-06-11T06:49:59.005+0000: 2860.281: [GC (Allocation Failure) 2019-06-11T06:49:59.005+0000: 2860.281: [DefNew: 136645K->70K(153600K), 0.0016281 secs] 179907K->43332K(494976K), 0.0016848 secs] [Times: user=0.00 sys=0.00, real=0.00 secs] 
2019-06-11T06:50:47.235+0000: 2908.511: [GC (Allocation Failure) 2019-06-11T06:50:47.236+0000: 2908.511: [DefNew: 136646K->71K(153600K), 0.0016678 secs] 179908K->43334K(494976K), 0.0017353 secs] [Times: user=0.00 sys=0.00, real=0.00 secs] 
2019-06-11T06:51:33.808+0000: 2955.084: [GC (Allocation Failure) 2019-06-11T06:51:33.808+0000: 2955.084: [DefNew: 136647K->72K(153600K), 0.0017163 secs] 179910K->43336K(494976K), 0.0017747 secs] [Times: user=0.00 sys=0.00, real=0.00 secs] 
2019-06-11T06:52:32.448+0000: 3013.724: [GC (Allocation Failure) 2019-06-11T06:52:32.448+0000: 3013.724: [DefNew: 136648K->71K(153600K), 0.0017176 secs] 179912K->43337K(494976K), 0.0017751 secs] [Times: user=0.01 sys=0.00, real=0.00 secs] 
2019-06-11T06:53:41.282+0000: 3082.558: [GC (Allocation Failure) 2019-06-11T06:53:41.282+0000: 3082.558: [DefNew: 136647K->58K(153600K), 0.0018043 secs] 179913K->43326K(494976K), 0.0018558 secs] [Times: user=0.00 sys=0.00, real=0.00 secs] 
2019-06-11T06:54:55.219+0000: 3156.495: [GC (Allocation Failure) 2019-06-11T06:54:55.219+0000: 3156.495: [DefNew: 136634K->60K(153600K), 0.0016063 secs] 179902K->43328K(494976K), 0.0016647 secs] [Times: user=0.00 sys=0.00, real=0.00 secs] 
2019-06-11T06:55:45.903+0000: 3207.179: [GC (Allocation Failure) 2019-06-11T06:55:45.903+0000: 3207.179: [DefNew: 136636K->59K(153600K), 0.0015989 secs] 179904K->43329K(494976K), 0.0016571 secs] [Times: user=0.00 sys=0.00, real=0.00 secs] 
2019-06-11T06:56:35.529+0000: 3256.805: [GC (Allocation Failure) 2019-06-11T06:56:35.529+0000: 3256.805: [DefNew: 136635K->60K(153600K), 0.0016456 secs] 179905K->43330K(494976K), 0.0017394 secs] [Times: user=0.00 sys=0.00, real=0.01 secs] 
2019-06-11T06:57:38.900+0000: 3320.176: [GC (Allocation Failure) 2019-06-11T06:57:38.900+0000: 3320.176: [DefNew: 136636K->62K(153600K), 0.0016529 secs] 179906K->43333K(494976K), 0.0017220 secs] [Times: user=0.00 sys=0.00, real=0.00 secs] 
2019-06-11T06:58:47.768+0000: 3389.044: [GC (Allocation Failure) 2019-06-11T06:58:47.768+0000: 3389.044: [DefNew: 136638K->63K(153600K), 0.0016941 secs] 179909K->43335K(494976K), 0.0017537 secs] [Times: user=0.00 sys=0.00, real=0.00 secs] 
2019-06-11T06:59:57.299+0000: 3458.575: [GC (Allocation Failure) 2019-06-11T06:59:57.299+0000: 3458.575: [DefNew: 136639K->64K(153600K), 0.0016514 secs] 179911K->43336K(494976K), 0.0017145 secs] [Times: user=0.01 sys=0.00, real=0.00 secs] 
2019-06-11T07:00:47.566+0000: 3508.842: [GC (Allocation Failure) 2019-06-11T07:00:47.566+0000: 3508.842: [DefNew: 136640K->64K(153600K), 0.0016585 secs] 179912K->43338K(494976K), 0.0017145 secs] [Times: user=0.00 sys=0.00, real=0.00 secs] 
2019-06-11T07:01:41.333+0000: 3562.609: [GC (Allocation Failure) 2019-06-11T07:01:41.333+0000: 3562.609: [DefNew: 136640K->64K(153600K), 0.0015862 secs] 179914K->43339K(494976K), 0.0016551 secs] [Times: user=0.00 sys=0.00, real=0.00 secs] 
2019-06-11T07:02:49.146+0000: 3630.422: [GC (Allocation Failure) 2019-06-11T07:02:49.146+0000: 3630.422: [DefNew: 136640K->121K(153600K), 0.0017157 secs] 179915K->43397K(494976K), 0.0017726 secs] [Times: user=0.00 sys=0.01, real=0.00 secs] 
07:03:46.344 [Curator-PathChildrenCache-0] ERROR o.a.c.f.r.c.PathChildrenCache  - 
java.lang.IllegalStateException: instance must be started before calling this method
	at org.apache.curator.shaded.com.google.common.base.Preconditions.checkState(Preconditions.java:444)
	at org.apache.curator.framework.imps.CuratorFrameworkImpl.getChildren(CuratorFrameworkImpl.java:456)
	at org.apache.curator.framework.recipes.cache.PathChildrenCache.refresh(PathChildrenCache.java:521)
	at org.apache.curator.framework.recipes.cache.RefreshOperation.invoke(RefreshOperation.java:35)
	at org.apache.curator.framework.recipes.cache.PathChildrenCache$9.run(PathChildrenCache.java:786)
	at java.util.concurrent.Executors$RunnableAdapter.call(Executors.java:511)
	at java.util.concurrent.FutureTask.run(FutureTask.java:266)
	at java.util.concurrent.Executors$RunnableAdapter.call(Executors.java:511)
	at java.util.concurrent.FutureTask.run(FutureTask.java:266)
	at java.util.concurrent.ThreadPoolExecutor.runWorker(ThreadPoolExecutor.java:1149)
	at java.util.concurrent.ThreadPoolExecutor$Worker.run(ThreadPoolExecutor.java:624)
	at java.lang.Thread.run(Thread.java:748)
Heap
 def new generation   total 153600K, used 132558K [0x00000000e0c00000, 0x00000000eb2a0000, 0x00000000eb2a0000)
  eden space 136576K,  96% used [0x00000000e0c00000, 0x00000000e8d55418, 0x00000000e9160000)
  from space 17024K,   0% used [0x00000000ea200000, 0x00000000ea21e5a0, 0x00000000eb2a0000)
  to   space 17024K,   0% used [0x00000000e9160000, 0x00000000e9160000, 0x00000000ea200000)
 tenured generation   total 341376K, used 43276K [0x00000000eb2a0000, 0x0000000100000000, 0x0000000100000000)
   the space 341376K,  12% used [0x00000000eb2a0000, 0x00000000edce3190, 0x00000000edce3200, 0x0000000100000000)
 Metaspace       used 36631K, capacity 37510K, committed 37632K, reserved 1081344K
  class space    used 4879K, capacity 5075K, committed 5120K, reserved 1048576K
