15:47:14,885 |-INFO in ch.qos.logback.classic.LoggerContext[default] - Could NOT find resource [logback-test.xml]
15:47:14,885 |-INFO in ch.qos.logback.classic.LoggerContext[default] - Could NOT find resource [logback.groovy]
15:47:14,886 |-INFO in ch.qos.logback.classic.LoggerContext[default] - Found resource [logback.xml] at [jar:file:/root/flamestream/lib/flamestream-runtime-1.0-SNAPSHOT.jar!/logback.xml]
15:47:14,887 |-WARN in ch.qos.logback.classic.LoggerContext[default] - Resource [logback.xml] occurs multiple times on the classpath.
15:47:14,887 |-WARN in ch.qos.logback.classic.LoggerContext[default] - Resource [logback.xml] occurs at [jar:file:/root/flamestream/lib/flamestream-runtime-1.0-SNAPSHOT.jar!/logback.xml]
15:47:14,887 |-WARN in ch.qos.logback.classic.LoggerContext[default] - Resource [logback.xml] occurs at [jar:file:/root/flamestream/flamestream-runtime-1.0-SNAPSHOT.jar!/logback.xml]
15:47:14,907 |-INFO in ch.qos.logback.core.joran.spi.ConfigurationWatchList@3fb6a447 - URL [jar:file:/root/flamestream/lib/flamestream-runtime-1.0-SNAPSHOT.jar!/logback.xml] is not of type file
15:47:14,979 |-INFO in ch.qos.logback.classic.joran.action.ConfigurationAction - debug attribute not set
15:47:14,979 |-INFO in ch.qos.logback.core.joran.action.AppenderAction - About to instantiate appender of type [ch.qos.logback.core.ConsoleAppender]
15:47:14,994 |-INFO in ch.qos.logback.core.joran.action.AppenderAction - Naming appender as [STDOUT]
15:47:15,018 |-INFO in ch.qos.logback.core.joran.action.NestedComplexPropertyIA - Assuming default type [ch.qos.logback.classic.encoder.PatternLayoutEncoder] for [encoder] property
15:47:15,098 |-INFO in ch.qos.logback.core.joran.action.AppenderAction - About to instantiate appender of type [ch.qos.logback.core.rolling.RollingFileAppender]
15:47:15,107 |-INFO in ch.qos.logback.core.joran.action.AppenderAction - Naming appender as [FILE]
15:47:15,137 |-INFO in c.q.l.core.rolling.TimeBasedRollingPolicy@127618319 - No compression will be used
15:47:15,138 |-INFO in c.q.l.core.rolling.TimeBasedRollingPolicy@127618319 - Will use the pattern /tmp/application_%d{yyyy-MM-dd}.%i.log for the active file
15:47:15,141 |-INFO in ch.qos.logback.core.rolling.SizeAndTimeBasedFNATP@6b2fad11 - The date pattern is 'yyyy-MM-dd' from file name pattern '/tmp/application_%d{yyyy-MM-dd}.%i.log'.
15:47:15,141 |-INFO in ch.qos.logback.core.rolling.SizeAndTimeBasedFNATP@6b2fad11 - Roll-over at midnight.
15:47:15,147 |-INFO in ch.qos.logback.core.rolling.SizeAndTimeBasedFNATP@6b2fad11 - Setting initial period to Mon Jun 10 15:45:49 UTC 2019
15:47:15,147 |-WARN in ch.qos.logback.core.rolling.SizeAndTimeBasedFNATP@6b2fad11 - SizeAndTimeBasedFNATP is deprecated. Use SizeAndTimeBasedRollingPolicy instead
15:47:15,147 |-WARN in ch.qos.logback.core.rolling.SizeAndTimeBasedFNATP@6b2fad11 - For more information see http://logback.qos.ch/manual/appenders.html#SizeAndTimeBasedRollingPolicy
15:47:15,151 |-INFO in ch.qos.logback.core.joran.action.NestedComplexPropertyIA - Assuming default type [ch.qos.logback.classic.encoder.PatternLayoutEncoder] for [encoder] property
15:47:15,156 |-INFO in ch.qos.logback.core.rolling.RollingFileAppender[FILE] - Active log file name: /tmp/application.log
15:47:15,156 |-INFO in ch.qos.logback.core.rolling.RollingFileAppender[FILE] - File property is set to [/tmp/application.log]
15:47:15,157 |-INFO in ch.qos.logback.classic.joran.action.RootLoggerAction - Setting level of ROOT logger to WARN
15:47:15,157 |-INFO in ch.qos.logback.core.joran.action.AppenderRefAction - Attaching appender named [STDOUT] to Logger[ROOT]
15:47:15,159 |-INFO in ch.qos.logback.core.joran.action.AppenderRefAction - Attaching appender named [FILE] to Logger[ROOT]
15:47:15,159 |-INFO in ch.qos.logback.classic.joran.action.ConfigurationAction - End of configuration.
15:47:15,159 |-INFO in ch.qos.logback.classic.joran.JoranConfigurator@79698539 - Registering current configuration as safe fallback point

Ama winner
Ama winner
2019-06-10T15:47:16.502+0000: 1.805: [Full GC (Metadata GC Threshold) 2019-06-10T15:47:16.502+0000: 1.805: [Tenured: 0K->15208K(341376K), 0.0417161 secs] 114923K->15208K(494976K), [Metaspace: 20742K->20742K(1067008K)], 0.0417848 secs] [Times: user=0.04 sys=0.00, real=0.04 secs] 
15:47:33.698 [Curator-PathChildrenCache-2] WARN  o.a.c.u.ZKPaths  - The version of ZooKeeper being used doesn't support Container nodes. CreateMode.PERSISTENT will be used instead.
2019-06-10T15:47:36.067+0000: 21.370: [GC (Allocation Failure) 2019-06-10T15:47:36.067+0000: 21.370: [DefNew: 136576K->17023K(153600K), 0.0311259 secs] 151784K->52828K(494976K), 0.0312000 secs] [Times: user=0.02 sys=0.01, real=0.03 secs] 
2019-06-10T15:47:36.534+0000: 21.837: [Full GC (Metadata GC Threshold) 2019-06-10T15:47:36.534+0000: 21.837: [Tenured: 35804K->44578K(341376K), 0.0384857 secs] 71051K->44578K(494976K), [Metaspace: 34590K->34590K(1079296K)], 0.0385691 secs] [Times: user=0.04 sys=0.00, real=0.04 secs] 
2019-06-10T15:47:39.451+0000: 24.754: [GC (Allocation Failure) 2019-06-10T15:47:39.451+0000: 24.754: [DefNew: 136576K->220K(153600K), 0.0022584 secs] 181154K->44798K(494976K), 0.0023241 secs] [Times: user=0.01 sys=0.00, real=0.01 secs] 
2019-06-10T15:47:42.279+0000: 27.581: [GC (Allocation Failure) 2019-06-10T15:47:42.279+0000: 27.582: [DefNew: 136796K->221K(153600K), 0.0020614 secs] 181374K->44799K(494976K), 0.0021202 secs] [Times: user=0.00 sys=0.00, real=0.01 secs] 
2019-06-10T15:47:45.123+0000: 30.426: [GC (Allocation Failure) 2019-06-10T15:47:45.123+0000: 30.426: [DefNew: 136797K->229K(153600K), 0.0019734 secs] 181375K->44807K(494976K), 0.0020338 secs] [Times: user=0.00 sys=0.00, real=0.00 secs] 
2019-06-10T15:47:47.976+0000: 33.279: [GC (Allocation Failure) 2019-06-10T15:47:47.976+0000: 33.279: [DefNew: 136805K->231K(153600K), 0.0021610 secs] 181383K->44809K(494976K), 0.0022242 secs] [Times: user=0.00 sys=0.00, real=0.00 secs] 
2019-06-10T15:47:50.829+0000: 36.132: [GC (Allocation Failure) 2019-06-10T15:47:50.829+0000: 36.132: [DefNew: 136807K->226K(153600K), 0.0021274 secs] 181385K->44804K(494976K), 0.0021890 secs] [Times: user=0.00 sys=0.00, real=0.01 secs] 
2019-06-10T15:47:57.468+0000: 42.771: [GC (Allocation Failure) 2019-06-10T15:47:57.468+0000: 42.771: [DefNew: 136802K->227K(153600K), 0.0021506 secs] 181380K->44805K(494976K), 0.0022131 secs] [Times: user=0.00 sys=0.00, real=0.00 secs] 
15:47:59.210 [Curator-PathChildrenCache-0] ERROR o.a.c.f.r.c.PathChildrenCache  - 
java.lang.IllegalStateException: instance must be started before calling this method
	at org.apache.curator.shaded.com.google.common.base.Preconditions.checkState(Preconditions.java:444)
	at org.apache.curator.framework.imps.CuratorFrameworkImpl.getChildren(CuratorFrameworkImpl.java:456)
	at org.apache.curator.framework.recipes.cache.PathChildrenCache.refresh(PathChildrenCache.java:521)
	at org.apache.curator.framework.recipes.cache.RefreshOperation.invoke(RefreshOperation.java:35)
	at org.apache.curator.framework.recipes.cache.PathChildrenCache$9.run(PathChildrenCache.java:786)
	at java.util.concurrent.Executors$RunnableAdapter.call(Executors.java:511)
	at java.util.concurrent.FutureTask.run(FutureTask.java:266)
	at java.util.concurrent.Executors$RunnableAdapter.call(Executors.java:511)
	at java.util.concurrent.FutureTask.run(FutureTask.java:266)
	at java.util.concurrent.ThreadPoolExecutor.runWorker(ThreadPoolExecutor.java:1149)
	at java.util.concurrent.ThreadPoolExecutor$Worker.run(ThreadPoolExecutor.java:624)
	at java.lang.Thread.run(Thread.java:748)
Heap
 def new generation   total 153600K, used 39078K [0x00000000e0c00000, 0x00000000eb2a0000, 0x00000000eb2a0000)
  eden space 136576K,  28% used [0x00000000e0c00000, 0x00000000e31f0d58, 0x00000000e9160000)
  from space 17024K,   1% used [0x00000000ea200000, 0x00000000ea238cc8, 0x00000000eb2a0000)
  to   space 17024K,   0% used [0x00000000e9160000, 0x00000000e9160000, 0x00000000ea200000)
 tenured generation   total 341376K, used 44578K [0x00000000eb2a0000, 0x0000000100000000, 0x0000000100000000)
   the space 341376K,  13% used [0x00000000eb2a0000, 0x00000000ede28858, 0x00000000ede28a00, 0x0000000100000000)
 Metaspace       used 36074K, capacity 37000K, committed 37120K, reserved 1081344K
  class space    used 4859K, capacity 5060K, committed 5120K, reserved 1048576K
