16:31:22,499 |-INFO in ch.qos.logback.classic.LoggerContext[default] - Could NOT find resource [logback-test.xml]
16:31:22,499 |-INFO in ch.qos.logback.classic.LoggerContext[default] - Could NOT find resource [logback.groovy]
16:31:22,500 |-INFO in ch.qos.logback.classic.LoggerContext[default] - Found resource [logback.xml] at [jar:file:/home/nikitasokolov/flamestream/lib/flamestream-runtime-1.0-SNAPSHOT.jar!/logback.xml]
16:31:22,500 |-WARN in ch.qos.logback.classic.LoggerContext[default] - Resource [logback.xml] occurs multiple times on the classpath.
16:31:22,500 |-WARN in ch.qos.logback.classic.LoggerContext[default] - Resource [logback.xml] occurs at [jar:file:/home/nikitasokolov/flamestream/lib/flamestream-runtime-1.0-SNAPSHOT.jar!/logback.xml]
16:31:22,500 |-WARN in ch.qos.logback.classic.LoggerContext[default] - Resource [logback.xml] occurs at [jar:file:/home/nikitasokolov/flamestream/flamestream-runtime-1.0-SNAPSHOT.jar!/logback.xml]
16:31:22,517 |-INFO in ch.qos.logback.core.joran.spi.ConfigurationWatchList@6108b2d7 - URL [jar:file:/home/nikitasokolov/flamestream/lib/flamestream-runtime-1.0-SNAPSHOT.jar!/logback.xml] is not of type file
16:31:22,571 |-INFO in ch.qos.logback.classic.joran.action.ConfigurationAction - debug attribute not set
16:31:22,571 |-INFO in ch.qos.logback.core.joran.action.AppenderAction - About to instantiate appender of type [ch.qos.logback.core.ConsoleAppender]
16:31:22,582 |-INFO in ch.qos.logback.core.joran.action.AppenderAction - Naming appender as [STDOUT]
16:31:22,593 |-INFO in ch.qos.logback.core.joran.action.NestedComplexPropertyIA - Assuming default type [ch.qos.logback.classic.encoder.PatternLayoutEncoder] for [encoder] property
16:31:22,648 |-INFO in ch.qos.logback.core.joran.action.AppenderAction - About to instantiate appender of type [ch.qos.logback.core.rolling.RollingFileAppender]
16:31:22,653 |-INFO in ch.qos.logback.core.joran.action.AppenderAction - Naming appender as [FILE]
16:31:22,675 |-INFO in c.q.l.core.rolling.TimeBasedRollingPolicy@357863579 - No compression will be used
16:31:22,677 |-INFO in c.q.l.core.rolling.TimeBasedRollingPolicy@357863579 - Will use the pattern /tmp/application_%d{yyyy-MM-dd}.%i.log for the active file
16:31:22,679 |-INFO in ch.qos.logback.core.rolling.SizeAndTimeBasedFNATP@6bf256fa - The date pattern is 'yyyy-MM-dd' from file name pattern '/tmp/application_%d{yyyy-MM-dd}.%i.log'.
16:31:22,679 |-INFO in ch.qos.logback.core.rolling.SizeAndTimeBasedFNATP@6bf256fa - Roll-over at midnight.
16:31:22,683 |-INFO in ch.qos.logback.core.rolling.SizeAndTimeBasedFNATP@6bf256fa - Setting initial period to Sun Jun 09 16:30:32 MSK 2019
16:31:22,683 |-WARN in ch.qos.logback.core.rolling.SizeAndTimeBasedFNATP@6bf256fa - SizeAndTimeBasedFNATP is deprecated. Use SizeAndTimeBasedRollingPolicy instead
16:31:22,683 |-WARN in ch.qos.logback.core.rolling.SizeAndTimeBasedFNATP@6bf256fa - For more information see http://logback.qos.ch/manual/appenders.html#SizeAndTimeBasedRollingPolicy
16:31:22,688 |-INFO in ch.qos.logback.core.joran.action.NestedComplexPropertyIA - Assuming default type [ch.qos.logback.classic.encoder.PatternLayoutEncoder] for [encoder] property
16:31:22,690 |-INFO in ch.qos.logback.core.rolling.RollingFileAppender[FILE] - Active log file name: /tmp/application.log
16:31:22,690 |-INFO in ch.qos.logback.core.rolling.RollingFileAppender[FILE] - File property is set to [/tmp/application.log]
16:31:22,691 |-INFO in ch.qos.logback.classic.joran.action.RootLoggerAction - Setting level of ROOT logger to WARN
16:31:22,691 |-INFO in ch.qos.logback.core.joran.action.AppenderRefAction - Attaching appender named [STDOUT] to Logger[ROOT]
16:31:22,692 |-INFO in ch.qos.logback.core.joran.action.AppenderRefAction - Attaching appender named [FILE] to Logger[ROOT]
16:31:22,692 |-INFO in ch.qos.logback.classic.joran.action.ConfigurationAction - End of configuration.
16:31:22,692 |-INFO in ch.qos.logback.classic.joran.JoranConfigurator@6cd8737 - Registering current configuration as safe fallback point

2019-06-09T16:31:23.663+0300: 1.362: [GC (Metadata GC Threshold) [PSYoungGen: 110722K->15936K(149504K)] 110722K->16016K(491008K), 0.0195783 secs] [Times: user=0.02 sys=0.06, real=0.02 secs] 
2019-06-09T16:31:23.683+0300: 1.382: [Full GC (Metadata GC Threshold) [PSYoungGen: 15936K->0K(149504K)] [ParOldGen: 80K->15078K(341504K)] 16016K->15078K(491008K), [Metaspace: 20806K->20806K(1067008K)], 0.0237804 secs] [Times: user=0.15 sys=0.01, real=0.02 secs] 
16:31:34.984 [Curator-PathChildrenCache-2] WARN  o.a.c.u.ZKPaths  - The version of ZooKeeper being used doesn't support Container nodes. CreateMode.PERSISTENT will be used instead.
2019-06-09T16:31:35.716+0300: 13.415: [GC (Metadata GC Threshold) [PSYoungGen: 124318K->16710K(149504K)] 139396K->51328K(491008K), 0.0282601 secs] [Times: user=0.22 sys=0.02, real=0.03 secs] 
2019-06-09T16:31:35.745+0300: 13.444: [Full GC (Metadata GC Threshold) [PSYoungGen: 16710K->0K(149504K)] [ParOldGen: 34617K->39815K(341504K)] 51328K->39815K(491008K), [Metaspace: 34472K->34472K(1079296K)], 0.0377349 secs] [Times: user=0.19 sys=0.02, real=0.04 secs] 
2019-06-09T16:31:39.684+0300: 17.382: [GC (Allocation Failure) [PSYoungGen: 128512K->448K(149504K)] 168327K->40271K(491008K), 0.0074130 secs] [Times: user=0.07 sys=0.01, real=0.01 secs] 
2019-06-09T16:31:44.252+0300: 21.951: [GC (Allocation Failure) [PSYoungGen: 128960K->416K(149504K)] 168783K->40247K(491008K), 0.0048850 secs] [Times: user=0.01 sys=0.03, real=0.00 secs] 
2019-06-09T16:31:48.822+0300: 26.521: [GC (Allocation Failure) [PSYoungGen: 128928K->352K(129024K)] 168759K->40191K(470528K), 0.0031428 secs] [Times: user=0.01 sys=0.01, real=0.00 secs] 
2019-06-09T16:31:53.398+0300: 31.097: [GC (Allocation Failure) [PSYoungGen: 128864K->384K(148992K)] 168703K->40223K(490496K), 0.0049600 secs] [Times: user=0.03 sys=0.00, real=0.00 secs] 
2019-06-09T16:31:57.883+0300: 35.582: [GC (Allocation Failure) [PSYoungGen: 126848K->448K(147968K)] 166687K->40295K(489472K), 0.0037823 secs] [Times: user=0.01 sys=0.00, real=0.00 secs] 
2019-06-09T16:32:02.449+0300: 40.148: [GC (Allocation Failure) [PSYoungGen: 126912K->448K(151040K)] 166759K->40303K(492544K), 0.0027276 secs] [Times: user=0.01 sys=0.01, real=0.01 secs] 
16:32:11.948 [Curator-PathChildrenCache-0] ERROR o.a.c.f.r.c.PathChildrenCache  - 
java.lang.IllegalStateException: instance must be started before calling this method
	at org.apache.curator.shaded.com.google.common.base.Preconditions.checkState(Preconditions.java:444)
	at org.apache.curator.framework.imps.CuratorFrameworkImpl.getChildren(CuratorFrameworkImpl.java:456)
	at org.apache.curator.framework.recipes.cache.PathChildrenCache.refresh(PathChildrenCache.java:521)
	at org.apache.curator.framework.recipes.cache.RefreshOperation.invoke(RefreshOperation.java:35)
	at org.apache.curator.framework.recipes.cache.PathChildrenCache$9.run(PathChildrenCache.java:786)
	at java.util.concurrent.Executors$RunnableAdapter.call(Executors.java:511)
	at java.util.concurrent.FutureTask.run(FutureTask.java:266)
	at java.util.concurrent.Executors$RunnableAdapter.call(Executors.java:511)
	at java.util.concurrent.FutureTask.run(FutureTask.java:266)
	at java.util.concurrent.ThreadPoolExecutor.runWorker(ThreadPoolExecutor.java:1149)
	at java.util.concurrent.ThreadPoolExecutor$Worker.run(ThreadPoolExecutor.java:624)
	at java.lang.Thread.run(Thread.java:748)
Heap
 PSYoungGen      total 151040K, used 56797K [0x00000000f5980000, 0x0000000100000000, 0x0000000100000000)
  eden space 130560K, 43% used [0x00000000f5980000,0x00000000f9087430,0x00000000fd900000)
  from space 20480K, 2% used [0x00000000fec00000,0x00000000fec70020,0x0000000100000000)
  to   space 19456K, 0% used [0x00000000fd900000,0x00000000fd900000,0x00000000fec00000)
 ParOldGen       total 341504K, used 39855K [0x00000000e0c00000, 0x00000000f5980000, 0x00000000f5980000)
  object space 341504K, 11% used [0x00000000e0c00000,0x00000000e32ebfd0,0x00000000f5980000)
 Metaspace       used 35872K, capacity 36850K, committed 36952K, reserved 1081344K
  class space    used 4973K, capacity 5187K, committed 5248K, reserved 1048576K
