13:30:59,145 |-INFO in ch.qos.logback.classic.LoggerContext[default] - Could NOT find resource [logback-test.xml]
13:30:59,145 |-INFO in ch.qos.logback.classic.LoggerContext[default] - Could NOT find resource [logback.groovy]
13:30:59,146 |-INFO in ch.qos.logback.classic.LoggerContext[default] - Found resource [logback.xml] at [jar:file:/root/flamestream/lib/flamestream-runtime-1.0-SNAPSHOT.jar!/logback.xml]
13:30:59,151 |-WARN in ch.qos.logback.classic.LoggerContext[default] - Resource [logback.xml] occurs multiple times on the classpath.
13:30:59,151 |-WARN in ch.qos.logback.classic.LoggerContext[default] - Resource [logback.xml] occurs at [jar:file:/root/flamestream/lib/flamestream-runtime-1.0-SNAPSHOT.jar!/logback.xml]
13:30:59,151 |-WARN in ch.qos.logback.classic.LoggerContext[default] - Resource [logback.xml] occurs at [jar:file:/root/flamestream/flamestream-runtime-1.0-SNAPSHOT.jar!/logback.xml]
13:30:59,170 |-INFO in ch.qos.logback.core.joran.spi.ConfigurationWatchList@3fb6a447 - URL [jar:file:/root/flamestream/lib/flamestream-runtime-1.0-SNAPSHOT.jar!/logback.xml] is not of type file
13:30:59,236 |-INFO in ch.qos.logback.classic.joran.action.ConfigurationAction - debug attribute not set
13:30:59,237 |-INFO in ch.qos.logback.core.joran.action.AppenderAction - About to instantiate appender of type [ch.qos.logback.core.ConsoleAppender]
13:30:59,253 |-INFO in ch.qos.logback.core.joran.action.AppenderAction - Naming appender as [STDOUT]
13:30:59,266 |-INFO in ch.qos.logback.core.joran.action.NestedComplexPropertyIA - Assuming default type [ch.qos.logback.classic.encoder.PatternLayoutEncoder] for [encoder] property
13:30:59,371 |-INFO in ch.qos.logback.core.joran.action.AppenderAction - About to instantiate appender of type [ch.qos.logback.core.rolling.RollingFileAppender]
13:30:59,378 |-INFO in ch.qos.logback.core.joran.action.AppenderAction - Naming appender as [FILE]
13:30:59,408 |-INFO in c.q.l.core.rolling.TimeBasedRollingPolicy@127618319 - No compression will be used
13:30:59,409 |-INFO in c.q.l.core.rolling.TimeBasedRollingPolicy@127618319 - Will use the pattern /tmp/application_%d{yyyy-MM-dd}.%i.log for the active file
13:30:59,412 |-INFO in ch.qos.logback.core.rolling.SizeAndTimeBasedFNATP@6b2fad11 - The date pattern is 'yyyy-MM-dd' from file name pattern '/tmp/application_%d{yyyy-MM-dd}.%i.log'.
13:30:59,412 |-INFO in ch.qos.logback.core.rolling.SizeAndTimeBasedFNATP@6b2fad11 - Roll-over at midnight.
13:30:59,417 |-INFO in ch.qos.logback.core.rolling.SizeAndTimeBasedFNATP@6b2fad11 - Setting initial period to Mon Jun 10 13:29:42 UTC 2019
13:30:59,417 |-WARN in ch.qos.logback.core.rolling.SizeAndTimeBasedFNATP@6b2fad11 - SizeAndTimeBasedFNATP is deprecated. Use SizeAndTimeBasedRollingPolicy instead
13:30:59,417 |-WARN in ch.qos.logback.core.rolling.SizeAndTimeBasedFNATP@6b2fad11 - For more information see http://logback.qos.ch/manual/appenders.html#SizeAndTimeBasedRollingPolicy
13:30:59,422 |-INFO in ch.qos.logback.core.joran.action.NestedComplexPropertyIA - Assuming default type [ch.qos.logback.classic.encoder.PatternLayoutEncoder] for [encoder] property
13:30:59,427 |-INFO in ch.qos.logback.core.rolling.RollingFileAppender[FILE] - Active log file name: /tmp/application.log
13:30:59,427 |-INFO in ch.qos.logback.core.rolling.RollingFileAppender[FILE] - File property is set to [/tmp/application.log]
13:30:59,427 |-INFO in ch.qos.logback.classic.joran.action.RootLoggerAction - Setting level of ROOT logger to WARN
13:30:59,428 |-INFO in ch.qos.logback.core.joran.action.AppenderRefAction - Attaching appender named [STDOUT] to Logger[ROOT]
13:30:59,429 |-INFO in ch.qos.logback.core.joran.action.AppenderRefAction - Attaching appender named [FILE] to Logger[ROOT]
13:30:59,429 |-INFO in ch.qos.logback.classic.joran.action.ConfigurationAction - End of configuration.
13:30:59,430 |-INFO in ch.qos.logback.classic.joran.JoranConfigurator@79698539 - Registering current configuration as safe fallback point

Ama winner
Ama winner
2019-06-10T13:31:00.731+0000: 1.765: [Full GC (Metadata GC Threshold) 2019-06-10T13:31:00.731+0000: 1.765: [Tenured: 0K->15240K(341376K), 0.0401519 secs] 114986K->15240K(494976K), [Metaspace: 20726K->20726K(1067008K)], 0.0402204 secs] [Times: user=0.03 sys=0.00, real=0.04 secs] 
13:31:12.532 [Curator-PathChildrenCache-1] WARN  o.a.c.u.ZKPaths  - The version of ZooKeeper being used doesn't support Container nodes. CreateMode.PERSISTENT will be used instead.
2019-06-10T13:31:14.803+0000: 15.837: [GC (Allocation Failure) 2019-06-10T13:31:14.803+0000: 15.837: [DefNew: 136576K->17024K(153600K), 0.0248630 secs] 151816K->52555K(494976K), 0.0249476 secs] [Times: user=0.01 sys=0.01, real=0.02 secs] 
2019-06-10T13:31:16.231+0000: 17.264: [Full GC (Metadata GC Threshold) 2019-06-10T13:31:16.231+0000: 17.264: [Tenured: 35531K->44290K(341376K), 0.0432573 secs] 85251K->44290K(494976K), [Metaspace: 34586K->34586K(1079296K)], 0.0433430 secs] [Times: user=0.04 sys=0.00, real=0.04 secs] 
2019-06-10T13:31:22.955+0000: 23.988: [GC (Allocation Failure) 2019-06-10T13:31:22.955+0000: 23.988: [DefNew: 136576K->72K(153600K), 0.0018680 secs] 180866K->44362K(494976K), 0.0019263 secs] [Times: user=0.00 sys=0.00, real=0.00 secs] 
2019-06-10T13:31:29.680+0000: 30.713: [GC (Allocation Failure) 2019-06-10T13:31:29.680+0000: 30.713: [DefNew: 136648K->134K(153600K), 0.0017785 secs] 180938K->44424K(494976K), 0.0018315 secs] [Times: user=0.00 sys=0.00, real=0.00 secs] 
2019-06-10T13:31:36.235+0000: 37.269: [GC (Allocation Failure) 2019-06-10T13:31:36.235+0000: 37.269: [DefNew: 136710K->169K(153600K), 0.0017884 secs] 181000K->44460K(494976K), 0.0018517 secs] [Times: user=0.00 sys=0.00, real=0.00 secs] 
2019-06-10T13:31:42.872+0000: 43.906: [GC (Allocation Failure) 2019-06-10T13:31:42.872+0000: 43.906: [DefNew: 136745K->170K(153600K), 0.0018013 secs] 181036K->44460K(494976K), 0.0018703 secs] [Times: user=0.00 sys=0.00, real=0.00 secs] 
2019-06-10T13:31:53.915+0000: 54.948: [GC (Allocation Failure) 2019-06-10T13:31:53.915+0000: 54.948: [DefNew: 136746K->467K(153600K), 0.0037911 secs] 181036K->44757K(494976K), 0.0038753 secs] [Times: user=0.00 sys=0.00, real=0.00 secs] 
13:31:53.929 [Curator-PathChildrenCache-0] ERROR o.a.c.f.r.c.PathChildrenCache  - 
java.lang.IllegalStateException: instance must be started before calling this method
	at org.apache.curator.shaded.com.google.common.base.Preconditions.checkState(Preconditions.java:444)
	at org.apache.curator.framework.imps.CuratorFrameworkImpl.getChildren(CuratorFrameworkImpl.java:456)
	at org.apache.curator.framework.recipes.cache.PathChildrenCache.refresh(PathChildrenCache.java:521)
	at org.apache.curator.framework.recipes.cache.RefreshOperation.invoke(RefreshOperation.java:35)
	at org.apache.curator.framework.recipes.cache.PathChildrenCache$9.run(PathChildrenCache.java:786)
	at java.util.concurrent.Executors$RunnableAdapter.call(Executors.java:511)
	at java.util.concurrent.FutureTask.run(FutureTask.java:266)
	at java.util.concurrent.Executors$RunnableAdapter.call(Executors.java:511)
	at java.util.concurrent.FutureTask.run(FutureTask.java:266)
	at java.util.concurrent.ThreadPoolExecutor.runWorker(ThreadPoolExecutor.java:1149)
	at java.util.concurrent.ThreadPoolExecutor$Worker.run(ThreadPoolExecutor.java:624)
	at java.lang.Thread.run(Thread.java:748)
Heap
 def new generation   total 153600K, used 10343K [0x00000000e0c00000, 0x00000000eb2a0000, 0x00000000eb2a0000)
  eden space 136576K,   7% used [0x00000000e0c00000, 0x00000000e15a5000, 0x00000000e9160000)
  from space 17024K,   2% used [0x00000000e9160000, 0x00000000e91d4ea0, 0x00000000ea200000)
  to   space 17024K,   0% used [0x00000000ea200000, 0x00000000ea200000, 0x00000000eb2a0000)
 tenured generation   total 341376K, used 44290K [0x00000000eb2a0000, 0x0000000100000000, 0x0000000100000000)
   the space 341376K,  12% used [0x00000000eb2a0000, 0x00000000edde0918, 0x00000000edde0a00, 0x0000000100000000)
 Metaspace       used 35753K, capacity 36640K, committed 36864K, reserved 1081344K
  class space    used 4825K, capacity 5042K, committed 5120K, reserved 1048576K
