08:02:00,075 |-INFO in ch.qos.logback.classic.LoggerContext[default] - Could NOT find resource [logback-test.xml]
08:02:00,076 |-INFO in ch.qos.logback.classic.LoggerContext[default] - Could NOT find resource [logback.groovy]
08:02:00,076 |-INFO in ch.qos.logback.classic.LoggerContext[default] - Found resource [logback.xml] at [jar:file:/home/nikitasokolov/flamestream/lib/flamestream-runtime-1.0-SNAPSHOT.jar!/logback.xml]
08:02:00,077 |-WARN in ch.qos.logback.classic.LoggerContext[default] - Resource [logback.xml] occurs multiple times on the classpath.
08:02:00,077 |-WARN in ch.qos.logback.classic.LoggerContext[default] - Resource [logback.xml] occurs at [jar:file:/home/nikitasokolov/flamestream/lib/flamestream-runtime-1.0-SNAPSHOT.jar!/logback.xml]
08:02:00,077 |-WARN in ch.qos.logback.classic.LoggerContext[default] - Resource [logback.xml] occurs at [jar:file:/home/nikitasokolov/flamestream/flamestream-runtime-1.0-SNAPSHOT.jar!/logback.xml]
08:02:00,093 |-INFO in ch.qos.logback.core.joran.spi.ConfigurationWatchList@6108b2d7 - URL [jar:file:/home/nikitasokolov/flamestream/lib/flamestream-runtime-1.0-SNAPSHOT.jar!/logback.xml] is not of type file
08:02:00,143 |-INFO in ch.qos.logback.classic.joran.action.ConfigurationAction - debug attribute not set
08:02:00,143 |-INFO in ch.qos.logback.core.joran.action.AppenderAction - About to instantiate appender of type [ch.qos.logback.core.ConsoleAppender]
08:02:00,151 |-INFO in ch.qos.logback.core.joran.action.AppenderAction - Naming appender as [STDOUT]
08:02:00,160 |-INFO in ch.qos.logback.core.joran.action.NestedComplexPropertyIA - Assuming default type [ch.qos.logback.classic.encoder.PatternLayoutEncoder] for [encoder] property
08:02:00,220 |-INFO in ch.qos.logback.core.joran.action.AppenderAction - About to instantiate appender of type [ch.qos.logback.core.rolling.RollingFileAppender]
08:02:00,226 |-INFO in ch.qos.logback.core.joran.action.AppenderAction - Naming appender as [FILE]
08:02:00,249 |-INFO in c.q.l.core.rolling.TimeBasedRollingPolicy@357863579 - No compression will be used
08:02:00,250 |-INFO in c.q.l.core.rolling.TimeBasedRollingPolicy@357863579 - Will use the pattern /tmp/application_%d{yyyy-MM-dd}.%i.log for the active file
08:02:00,253 |-INFO in ch.qos.logback.core.rolling.SizeAndTimeBasedFNATP@6bf256fa - The date pattern is 'yyyy-MM-dd' from file name pattern '/tmp/application_%d{yyyy-MM-dd}.%i.log'.
08:02:00,253 |-INFO in ch.qos.logback.core.rolling.SizeAndTimeBasedFNATP@6bf256fa - Roll-over at midnight.
08:02:00,257 |-INFO in ch.qos.logback.core.rolling.SizeAndTimeBasedFNATP@6bf256fa - Setting initial period to Sun Jun 09 08:01:12 MSK 2019
08:02:00,257 |-WARN in ch.qos.logback.core.rolling.SizeAndTimeBasedFNATP@6bf256fa - SizeAndTimeBasedFNATP is deprecated. Use SizeAndTimeBasedRollingPolicy instead
08:02:00,257 |-WARN in ch.qos.logback.core.rolling.SizeAndTimeBasedFNATP@6bf256fa - For more information see http://logback.qos.ch/manual/appenders.html#SizeAndTimeBasedRollingPolicy
08:02:00,262 |-INFO in ch.qos.logback.core.joran.action.NestedComplexPropertyIA - Assuming default type [ch.qos.logback.classic.encoder.PatternLayoutEncoder] for [encoder] property
08:02:00,264 |-INFO in ch.qos.logback.core.rolling.RollingFileAppender[FILE] - Active log file name: /tmp/application.log
08:02:00,264 |-INFO in ch.qos.logback.core.rolling.RollingFileAppender[FILE] - File property is set to [/tmp/application.log]
08:02:00,265 |-INFO in ch.qos.logback.classic.joran.action.RootLoggerAction - Setting level of ROOT logger to WARN
08:02:00,266 |-INFO in ch.qos.logback.core.joran.action.AppenderRefAction - Attaching appender named [STDOUT] to Logger[ROOT]
08:02:00,266 |-INFO in ch.qos.logback.core.joran.action.AppenderRefAction - Attaching appender named [FILE] to Logger[ROOT]
08:02:00,266 |-INFO in ch.qos.logback.classic.joran.action.ConfigurationAction - End of configuration.
08:02:00,267 |-INFO in ch.qos.logback.classic.joran.JoranConfigurator@6cd8737 - Registering current configuration as safe fallback point

2019-06-09T08:02:01.249+0300: 1.387: [GC (Metadata GC Threshold) [PSYoungGen: 108151K->15758K(149504K)] 108151K->15838K(491008K), 0.0201850 secs] [Times: user=0.09 sys=0.01, real=0.02 secs] 
2019-06-09T08:02:01.269+0300: 1.407: [Full GC (Metadata GC Threshold) [PSYoungGen: 15758K->0K(149504K)] [ParOldGen: 80K->14981K(341504K)] 15838K->14981K(491008K), [Metaspace: 20802K->20802K(1067008K)], 0.0279462 secs] [Times: user=0.18 sys=0.01, real=0.03 secs] 
08:02:12.030 [Curator-PathChildrenCache-1] WARN  o.a.c.u.ZKPaths  - The version of ZooKeeper being used doesn't support Container nodes. CreateMode.PERSISTENT will be used instead.
2019-06-09T08:02:12.987+0300: 13.125: [GC (Metadata GC Threshold) [PSYoungGen: 125088K->20991K(149504K)] 140070K->49812K(491008K), 0.0260795 secs] [Times: user=0.28 sys=0.04, real=0.03 secs] 
2019-06-09T08:02:13.013+0300: 13.151: [Full GC (Metadata GC Threshold) [PSYoungGen: 20991K->0K(149504K)] [ParOldGen: 28821K->38789K(341504K)] 49812K->38789K(491008K), [Metaspace: 34552K->34552K(1079296K)], 0.0384631 secs] [Times: user=0.22 sys=0.01, real=0.04 secs] 
2019-06-09T08:02:16.148+0300: 16.286: [GC (Allocation Failure) [PSYoungGen: 128512K->448K(149504K)] 167301K->39245K(491008K), 0.0032957 secs] [Times: user=0.02 sys=0.00, real=0.01 secs] 
2019-06-09T08:02:19.826+0300: 19.964: [GC (Allocation Failure) [PSYoungGen: 128960K->416K(149504K)] 167757K->39221K(491008K), 0.0038167 secs] [Times: user=0.03 sys=0.00, real=0.00 secs] 
2019-06-09T08:02:23.513+0300: 23.651: [GC (Allocation Failure) [PSYoungGen: 128928K->352K(129024K)] 167733K->39165K(470528K), 0.0040855 secs] [Times: user=0.02 sys=0.00, real=0.00 secs] 
2019-06-09T08:02:27.181+0300: 27.319: [GC (Allocation Failure) [PSYoungGen: 128864K->352K(133120K)] 167677K->39173K(474624K), 0.0022243 secs] [Times: user=0.01 sys=0.00, real=0.00 secs] 
2019-06-09T08:02:29.895+0300: 30.033: [GC (Allocation Failure) [PSYoungGen: 93536K->416K(130560K)] 132357K->39237K(472064K), 0.0030178 secs] [Times: user=0.02 sys=0.00, real=0.01 secs] 
2019-06-09T08:02:32.576+0300: 32.714: [GC (Allocation Failure) [PSYoungGen: 93600K->416K(136704K)] 132421K->39246K(478208K), 0.0040613 secs] [Times: user=0.03 sys=0.00, real=0.01 secs] 
2019-06-09T08:02:35.510+0300: 35.648: [GC (Allocation Failure) [PSYoungGen: 101792K->448K(135168K)] 140622K->39286K(476672K), 0.0022731 secs] [Times: user=0.01 sys=0.00, real=0.00 secs] 
2019-06-09T08:02:38.474+0300: 38.612: [GC (Allocation Failure) [PSYoungGen: 101824K->416K(140288K)] 140662K->39254K(481792K), 0.0699391 secs] [Times: user=0.01 sys=0.00, real=0.07 secs] 
2019-06-09T08:02:41.638+0300: 41.776: [GC (Allocation Failure) [PSYoungGen: 108960K->416K(138752K)] 147798K->39254K(480256K), 0.0054103 secs] [Times: user=0.03 sys=0.00, real=0.00 secs] 
2019-06-09T08:02:44.820+0300: 44.958: [GC (Allocation Failure) [PSYoungGen: 108960K->512K(143360K)] 147798K->39358K(484864K), 0.0039710 secs] [Times: user=0.00 sys=0.01, real=0.00 secs] 
2019-06-09T08:02:48.168+0300: 48.306: [GC (Allocation Failure) [PSYoungGen: 115200K->448K(141824K)] 154046K->39294K(483328K), 0.0032028 secs] [Times: user=0.01 sys=0.00, real=0.01 secs] 
2019-06-09T08:02:51.506+0300: 51.644: [GC (Allocation Failure) [PSYoungGen: 115136K->512K(146432K)] 153982K->39358K(487936K), 0.0033169 secs] [Times: user=0.02 sys=0.01, real=0.00 secs] 
2019-06-09T08:02:55.019+0300: 55.157: [GC (Allocation Failure) [PSYoungGen: 121344K->448K(144896K)] 160190K->39294K(486400K), 0.0036346 secs] [Times: user=0.01 sys=0.01, real=0.00 secs] 
2019-06-09T08:02:58.533+0300: 58.671: [GC (Allocation Failure) [PSYoungGen: 121280K->544K(149504K)] 160126K->39398K(491008K), 0.0046713 secs] [Times: user=0.03 sys=0.00, real=0.00 secs] 
08:03:07.444 [Curator-PathChildrenCache-0] ERROR o.a.c.f.r.c.PathChildrenCache  - 
java.lang.IllegalStateException: instance must be started before calling this method
	at org.apache.curator.shaded.com.google.common.base.Preconditions.checkState(Preconditions.java:444)
	at org.apache.curator.framework.imps.CuratorFrameworkImpl.getChildren(CuratorFrameworkImpl.java:456)
	at org.apache.curator.framework.recipes.cache.PathChildrenCache.refresh(PathChildrenCache.java:521)
	at org.apache.curator.framework.recipes.cache.RefreshOperation.invoke(RefreshOperation.java:35)
	at org.apache.curator.framework.recipes.cache.PathChildrenCache$9.run(PathChildrenCache.java:786)
	at java.util.concurrent.Executors$RunnableAdapter.call(Executors.java:511)
	at java.util.concurrent.FutureTask.run(FutureTask.java:266)
	at java.util.concurrent.Executors$RunnableAdapter.call(Executors.java:511)
	at java.util.concurrent.FutureTask.run(FutureTask.java:266)
	at java.util.concurrent.ThreadPoolExecutor.runWorker(ThreadPoolExecutor.java:1149)
	at java.util.concurrent.ThreadPoolExecutor$Worker.run(ThreadPoolExecutor.java:624)
	at java.lang.Thread.run(Thread.java:748)
Heap
 PSYoungGen      total 149504K, used 102342K [0x00000000f5980000, 0x0000000100000000, 0x0000000100000000)
  eden space 126976K, 80% used [0x00000000f5980000,0x00000000fbce9960,0x00000000fd580000)
  from space 22528K, 2% used [0x00000000fea00000,0x00000000fea88020,0x0000000100000000)
  to   space 20992K, 0% used [0x00000000fd580000,0x00000000fd580000,0x00000000fea00000)
 ParOldGen       total 341504K, used 38853K [0x00000000e0c00000, 0x00000000f5980000, 0x00000000f5980000)
  object space 341504K, 11% used [0x00000000e0c00000,0x00000000e31f17f8,0x00000000f5980000)
 Metaspace       used 36082K, capacity 36894K, committed 37208K, reserved 1081344K
  class space    used 4979K, capacity 5161K, committed 5248K, reserved 1048576K
