16:23:13,070 |-INFO in ch.qos.logback.classic.LoggerContext[default] - Could NOT find resource [logback-test.xml]
16:23:13,070 |-INFO in ch.qos.logback.classic.LoggerContext[default] - Could NOT find resource [logback.groovy]
16:23:13,070 |-INFO in ch.qos.logback.classic.LoggerContext[default] - Found resource [logback.xml] at [jar:file:/root/flamestream/lib/flamestream-runtime-1.0-SNAPSHOT.jar!/logback.xml]
16:23:13,071 |-WARN in ch.qos.logback.classic.LoggerContext[default] - Resource [logback.xml] occurs multiple times on the classpath.
16:23:13,071 |-WARN in ch.qos.logback.classic.LoggerContext[default] - Resource [logback.xml] occurs at [jar:file:/root/flamestream/lib/flamestream-runtime-1.0-SNAPSHOT.jar!/logback.xml]
16:23:13,071 |-WARN in ch.qos.logback.classic.LoggerContext[default] - Resource [logback.xml] occurs at [jar:file:/root/flamestream/flamestream-runtime-1.0-SNAPSHOT.jar!/logback.xml]
16:23:13,091 |-INFO in ch.qos.logback.core.joran.spi.ConfigurationWatchList@3fb6a447 - URL [jar:file:/root/flamestream/lib/flamestream-runtime-1.0-SNAPSHOT.jar!/logback.xml] is not of type file
16:23:13,156 |-INFO in ch.qos.logback.classic.joran.action.ConfigurationAction - debug attribute not set
16:23:13,156 |-INFO in ch.qos.logback.core.joran.action.AppenderAction - About to instantiate appender of type [ch.qos.logback.core.ConsoleAppender]
16:23:13,172 |-INFO in ch.qos.logback.core.joran.action.AppenderAction - Naming appender as [STDOUT]
16:23:13,186 |-INFO in ch.qos.logback.core.joran.action.NestedComplexPropertyIA - Assuming default type [ch.qos.logback.classic.encoder.PatternLayoutEncoder] for [encoder] property
16:23:13,284 |-INFO in ch.qos.logback.core.joran.action.AppenderAction - About to instantiate appender of type [ch.qos.logback.core.rolling.RollingFileAppender]
16:23:13,295 |-INFO in ch.qos.logback.core.joran.action.AppenderAction - Naming appender as [FILE]
16:23:13,327 |-INFO in c.q.l.core.rolling.TimeBasedRollingPolicy@127618319 - No compression will be used
16:23:13,328 |-INFO in c.q.l.core.rolling.TimeBasedRollingPolicy@127618319 - Will use the pattern /tmp/application_%d{yyyy-MM-dd}.%i.log for the active file
16:23:13,331 |-INFO in ch.qos.logback.core.rolling.SizeAndTimeBasedFNATP@6b2fad11 - The date pattern is 'yyyy-MM-dd' from file name pattern '/tmp/application_%d{yyyy-MM-dd}.%i.log'.
16:23:13,331 |-INFO in ch.qos.logback.core.rolling.SizeAndTimeBasedFNATP@6b2fad11 - Roll-over at midnight.
16:23:13,336 |-INFO in ch.qos.logback.core.rolling.SizeAndTimeBasedFNATP@6b2fad11 - Setting initial period to Mon Jun 10 16:21:58 UTC 2019
16:23:13,336 |-WARN in ch.qos.logback.core.rolling.SizeAndTimeBasedFNATP@6b2fad11 - SizeAndTimeBasedFNATP is deprecated. Use SizeAndTimeBasedRollingPolicy instead
16:23:13,336 |-WARN in ch.qos.logback.core.rolling.SizeAndTimeBasedFNATP@6b2fad11 - For more information see http://logback.qos.ch/manual/appenders.html#SizeAndTimeBasedRollingPolicy
16:23:13,340 |-INFO in ch.qos.logback.core.joran.action.NestedComplexPropertyIA - Assuming default type [ch.qos.logback.classic.encoder.PatternLayoutEncoder] for [encoder] property
16:23:13,345 |-INFO in ch.qos.logback.core.rolling.RollingFileAppender[FILE] - Active log file name: /tmp/application.log
16:23:13,345 |-INFO in ch.qos.logback.core.rolling.RollingFileAppender[FILE] - File property is set to [/tmp/application.log]
16:23:13,346 |-INFO in ch.qos.logback.classic.joran.action.RootLoggerAction - Setting level of ROOT logger to WARN
16:23:13,346 |-INFO in ch.qos.logback.core.joran.action.AppenderRefAction - Attaching appender named [STDOUT] to Logger[ROOT]
16:23:13,348 |-INFO in ch.qos.logback.core.joran.action.AppenderRefAction - Attaching appender named [FILE] to Logger[ROOT]
16:23:13,348 |-INFO in ch.qos.logback.classic.joran.action.ConfigurationAction - End of configuration.
16:23:13,349 |-INFO in ch.qos.logback.classic.joran.JoranConfigurator@79698539 - Registering current configuration as safe fallback point

Ama winner
Ama winner
2019-06-10T16:23:14.642+0000: 1.758: [Full GC (Metadata GC Threshold) 2019-06-10T16:23:14.642+0000: 1.758: [Tenured: 0K->15241K(341376K), 0.0389181 secs] 117750K->15241K(494976K), [Metaspace: 20731K->20731K(1067008K)], 0.0389842 secs] [Times: user=0.04 sys=0.00, real=0.04 secs] 
16:23:32.096 [Curator-PathChildrenCache-2] WARN  o.a.c.u.ZKPaths  - The version of ZooKeeper being used doesn't support Container nodes. CreateMode.PERSISTENT will be used instead.
2019-06-10T16:23:34.252+0000: 21.367: [GC (Allocation Failure) 2019-06-10T16:23:34.252+0000: 21.367: [DefNew: 136576K->17024K(153600K), 0.0264257 secs] 151817K->52831K(494976K), 0.0265062 secs] [Times: user=0.01 sys=0.01, real=0.03 secs] 
2019-06-10T16:23:34.897+0000: 22.012: [Full GC (Metadata GC Threshold) 2019-06-10T16:23:34.897+0000: 22.012: [Tenured: 35807K->44393K(341376K), 0.0361709 secs] 75890K->44393K(494976K), [Metaspace: 34596K->34596K(1079296K)], 0.0362472 secs] [Times: user=0.04 sys=0.00, real=0.03 secs] 
2019-06-10T16:23:39.636+0000: 26.751: [GC (Allocation Failure) 2019-06-10T16:23:39.636+0000: 26.751: [DefNew: 136576K->230K(153600K), 0.0022236 secs] 180969K->44624K(494976K), 0.0022809 secs] [Times: user=0.00 sys=0.00, real=0.00 secs] 
2019-06-10T16:23:44.207+0000: 31.322: [GC (Allocation Failure) 2019-06-10T16:23:44.207+0000: 31.322: [DefNew: 136806K->274K(153600K), 0.0018771 secs] 181200K->44668K(494976K), 0.0019384 secs] [Times: user=0.00 sys=0.00, real=0.00 secs] 
2019-06-10T16:23:48.775+0000: 35.891: [GC (Allocation Failure) 2019-06-10T16:23:48.775+0000: 35.891: [DefNew: 136850K->308K(153600K), 0.0020162 secs] 181244K->44701K(494976K), 0.0020791 secs] [Times: user=0.00 sys=0.00, real=0.00 secs] 
2019-06-10T16:23:53.303+0000: 40.419: [GC (Allocation Failure) 2019-06-10T16:23:53.303+0000: 40.419: [DefNew: 136884K->310K(153600K), 0.0020854 secs] 181277K->44703K(494976K), 0.0021537 secs] [Times: user=0.00 sys=0.00, real=0.01 secs] 
2019-06-10T16:23:57.925+0000: 45.041: [GC (Allocation Failure) 2019-06-10T16:23:57.926+0000: 45.041: [DefNew: 136886K->296K(153600K), 0.0020112 secs] 181279K->44690K(494976K), 0.0020723 secs] [Times: user=0.00 sys=0.00, real=0.00 secs] 
2019-06-10T16:24:02.537+0000: 49.652: [GC (Allocation Failure) 2019-06-10T16:24:02.537+0000: 49.652: [DefNew: 136872K->298K(153600K), 0.0021079 secs] 181266K->44692K(494976K), 0.0021716 secs] [Times: user=0.00 sys=0.00, real=0.00 secs] 
2019-06-10T16:24:07.171+0000: 54.286: [GC (Allocation Failure) 2019-06-10T16:24:07.171+0000: 54.286: [DefNew: 136874K->303K(153600K), 0.0021066 secs] 181268K->44697K(494976K), 0.0021672 secs] [Times: user=0.00 sys=0.00, real=0.00 secs] 
2019-06-10T16:24:11.739+0000: 58.855: [GC (Allocation Failure) 2019-06-10T16:24:11.739+0000: 58.855: [DefNew: 136879K->305K(153600K), 0.0021598 secs] 181273K->44699K(494976K), 0.0022208 secs] [Times: user=0.00 sys=0.00, real=0.00 secs] 
2019-06-10T16:24:25.380+0000: 72.496: [GC (Allocation Failure) 2019-06-10T16:24:25.380+0000: 72.496: [DefNew: 136881K->661K(153600K), 0.0026493 secs] 181275K->45055K(494976K), 0.0027114 secs] [Times: user=0.00 sys=0.00, real=0.00 secs] 
16:24:25.615 [Curator-PathChildrenCache-0] ERROR o.a.c.f.r.c.PathChildrenCache  - 
java.lang.IllegalStateException: instance must be started before calling this method
	at org.apache.curator.shaded.com.google.common.base.Preconditions.checkState(Preconditions.java:444)
	at org.apache.curator.framework.imps.CuratorFrameworkImpl.getChildren(CuratorFrameworkImpl.java:456)
	at org.apache.curator.framework.recipes.cache.PathChildrenCache.refresh(PathChildrenCache.java:521)
	at org.apache.curator.framework.recipes.cache.RefreshOperation.invoke(RefreshOperation.java:35)
	at org.apache.curator.framework.recipes.cache.PathChildrenCache$9.run(PathChildrenCache.java:786)
	at java.util.concurrent.Executors$RunnableAdapter.call(Executors.java:511)
	at java.util.concurrent.FutureTask.run(FutureTask.java:266)
	at java.util.concurrent.Executors$RunnableAdapter.call(Executors.java:511)
	at java.util.concurrent.FutureTask.run(FutureTask.java:266)
	at java.util.concurrent.ThreadPoolExecutor.runWorker(ThreadPoolExecutor.java:1149)
	at java.util.concurrent.ThreadPoolExecutor$Worker.run(ThreadPoolExecutor.java:624)
	at java.lang.Thread.run(Thread.java:748)
Heap
 def new generation   total 153600K, used 32747K [0x00000000e0c00000, 0x00000000eb2a0000, 0x00000000eb2a0000)
  eden space 136576K,  23% used [0x00000000e0c00000, 0x00000000e2b55780, 0x00000000e9160000)
  from space 17024K,   3% used [0x00000000e9160000, 0x00000000e92055d0, 0x00000000ea200000)
  to   space 17024K,   0% used [0x00000000ea200000, 0x00000000ea200000, 0x00000000eb2a0000)
 tenured generation   total 341376K, used 44393K [0x00000000eb2a0000, 0x0000000100000000, 0x0000000100000000)
   the space 341376K,  13% used [0x00000000eb2a0000, 0x00000000eddfa6a8, 0x00000000eddfa800, 0x0000000100000000)
 Metaspace       used 36394K, capacity 37377K, committed 37760K, reserved 1081344K
  class space    used 4903K, capacity 5123K, committed 5248K, reserved 1048576K
