13:23:13,006 |-INFO in ch.qos.logback.classic.LoggerContext[default] - Could NOT find resource [logback-test.xml]
13:23:13,006 |-INFO in ch.qos.logback.classic.LoggerContext[default] - Could NOT find resource [logback.groovy]
13:23:13,006 |-INFO in ch.qos.logback.classic.LoggerContext[default] - Found resource [logback.xml] at [jar:file:/root/flamestream/lib/flamestream-runtime-1.0-SNAPSHOT.jar!/logback.xml]
13:23:13,007 |-WARN in ch.qos.logback.classic.LoggerContext[default] - Resource [logback.xml] occurs multiple times on the classpath.
13:23:13,007 |-WARN in ch.qos.logback.classic.LoggerContext[default] - Resource [logback.xml] occurs at [jar:file:/root/flamestream/lib/flamestream-runtime-1.0-SNAPSHOT.jar!/logback.xml]
13:23:13,007 |-WARN in ch.qos.logback.classic.LoggerContext[default] - Resource [logback.xml] occurs at [jar:file:/root/flamestream/flamestream-runtime-1.0-SNAPSHOT.jar!/logback.xml]
13:23:13,028 |-INFO in ch.qos.logback.core.joran.spi.ConfigurationWatchList@3fb6a447 - URL [jar:file:/root/flamestream/lib/flamestream-runtime-1.0-SNAPSHOT.jar!/logback.xml] is not of type file
13:23:13,100 |-INFO in ch.qos.logback.classic.joran.action.ConfigurationAction - debug attribute not set
13:23:13,100 |-INFO in ch.qos.logback.core.joran.action.AppenderAction - About to instantiate appender of type [ch.qos.logback.core.ConsoleAppender]
13:23:13,114 |-INFO in ch.qos.logback.core.joran.action.AppenderAction - Naming appender as [STDOUT]
13:23:13,130 |-INFO in ch.qos.logback.core.joran.action.NestedComplexPropertyIA - Assuming default type [ch.qos.logback.classic.encoder.PatternLayoutEncoder] for [encoder] property
13:23:13,218 |-INFO in ch.qos.logback.core.joran.action.AppenderAction - About to instantiate appender of type [ch.qos.logback.core.rolling.RollingFileAppender]
13:23:13,223 |-INFO in ch.qos.logback.core.joran.action.AppenderAction - Naming appender as [FILE]
13:23:13,255 |-INFO in c.q.l.core.rolling.TimeBasedRollingPolicy@127618319 - No compression will be used
13:23:13,257 |-INFO in c.q.l.core.rolling.TimeBasedRollingPolicy@127618319 - Will use the pattern /tmp/application_%d{yyyy-MM-dd}.%i.log for the active file
13:23:13,260 |-INFO in ch.qos.logback.core.rolling.SizeAndTimeBasedFNATP@6b2fad11 - The date pattern is 'yyyy-MM-dd' from file name pattern '/tmp/application_%d{yyyy-MM-dd}.%i.log'.
13:23:13,260 |-INFO in ch.qos.logback.core.rolling.SizeAndTimeBasedFNATP@6b2fad11 - Roll-over at midnight.
13:23:13,265 |-INFO in ch.qos.logback.core.rolling.SizeAndTimeBasedFNATP@6b2fad11 - Setting initial period to Mon Jun 10 13:22:03 UTC 2019
13:23:13,265 |-WARN in ch.qos.logback.core.rolling.SizeAndTimeBasedFNATP@6b2fad11 - SizeAndTimeBasedFNATP is deprecated. Use SizeAndTimeBasedRollingPolicy instead
13:23:13,265 |-WARN in ch.qos.logback.core.rolling.SizeAndTimeBasedFNATP@6b2fad11 - For more information see http://logback.qos.ch/manual/appenders.html#SizeAndTimeBasedRollingPolicy
13:23:13,269 |-INFO in ch.qos.logback.core.joran.action.NestedComplexPropertyIA - Assuming default type [ch.qos.logback.classic.encoder.PatternLayoutEncoder] for [encoder] property
13:23:13,274 |-INFO in ch.qos.logback.core.rolling.RollingFileAppender[FILE] - Active log file name: /tmp/application.log
13:23:13,274 |-INFO in ch.qos.logback.core.rolling.RollingFileAppender[FILE] - File property is set to [/tmp/application.log]
13:23:13,275 |-INFO in ch.qos.logback.classic.joran.action.RootLoggerAction - Setting level of ROOT logger to WARN
13:23:13,275 |-INFO in ch.qos.logback.core.joran.action.AppenderRefAction - Attaching appender named [STDOUT] to Logger[ROOT]
13:23:13,277 |-INFO in ch.qos.logback.core.joran.action.AppenderRefAction - Attaching appender named [FILE] to Logger[ROOT]
13:23:13,277 |-INFO in ch.qos.logback.classic.joran.action.ConfigurationAction - End of configuration.
13:23:13,277 |-INFO in ch.qos.logback.classic.joran.JoranConfigurator@79698539 - Registering current configuration as safe fallback point

Ama winner
Ama winner
2019-06-10T13:23:14.869+0000: 2.048: [Full GC (Metadata GC Threshold) 2019-06-10T13:23:14.869+0000: 2.048: [Tenured: 0K->15143K(341376K), 0.0406481 secs] 117846K->15143K(494976K), [Metaspace: 20734K->20734K(1067008K)], 0.0407134 secs] [Times: user=0.04 sys=0.00, real=0.04 secs] 
13:23:32.653 [Curator-PathChildrenCache-1] WARN  o.a.c.u.ZKPaths  - The version of ZooKeeper being used doesn't support Container nodes. CreateMode.PERSISTENT will be used instead.
2019-06-10T13:23:35.280+0000: 22.460: [GC (Allocation Failure) 2019-06-10T13:23:35.280+0000: 22.460: [DefNew: 136572K->17023K(153600K), 0.0262371 secs] 151716K->52862K(494976K), 0.0263105 secs] [Times: user=0.02 sys=0.01, real=0.03 secs] 
2019-06-10T13:23:36.749+0000: 23.928: [Full GC (Metadata GC Threshold) 2019-06-10T13:23:36.749+0000: 23.928: [Tenured: 35838K->44800K(341376K), 0.0408148 secs] 87456K->44800K(494976K), [Metaspace: 34556K->34556K(1079296K)], 0.0408948 secs] [Times: user=0.04 sys=0.00, real=0.04 secs] 
2019-06-10T13:23:44.532+0000: 31.712: [GC (Allocation Failure) 2019-06-10T13:23:44.532+0000: 31.712: [DefNew: 136576K->70K(153600K), 0.0018641 secs] 181376K->44871K(494976K), 0.0019256 secs] [Times: user=0.00 sys=0.00, real=0.01 secs] 
2019-06-10T13:23:52.277+0000: 39.457: [GC (Allocation Failure) 2019-06-10T13:23:52.277+0000: 39.457: [DefNew: 136646K->70K(153600K), 0.0016960 secs] 181447K->44870K(494976K), 0.0017598 secs] [Times: user=0.00 sys=0.00, real=0.00 secs] 
2019-06-10T13:23:59.991+0000: 47.171: [GC (Allocation Failure) 2019-06-10T13:23:59.992+0000: 47.171: [DefNew: 136646K->67K(153600K), 0.0017502 secs] 181446K->44868K(494976K), 0.0018103 secs] [Times: user=0.01 sys=0.00, real=0.01 secs] 
2019-06-10T13:24:07.794+0000: 54.973: [GC (Allocation Failure) 2019-06-10T13:24:07.794+0000: 54.973: [DefNew: 136643K->65K(153600K), 0.0017077 secs] 181444K->44866K(494976K), 0.0017665 secs] [Times: user=0.00 sys=0.00, real=0.00 secs] 
2019-06-10T13:24:15.554+0000: 62.733: [GC (Allocation Failure) 2019-06-10T13:24:15.554+0000: 62.733: [DefNew: 136641K->398K(153600K), 0.0022441 secs] 181442K->45199K(494976K), 0.0023028 secs] [Times: user=0.00 sys=0.00, real=0.00 secs] 
13:24:32.616 [Curator-PathChildrenCache-0] ERROR o.a.c.f.r.c.PathChildrenCache  - 
java.lang.IllegalStateException: instance must be started before calling this method
	at org.apache.curator.shaded.com.google.common.base.Preconditions.checkState(Preconditions.java:444)
	at org.apache.curator.framework.imps.CuratorFrameworkImpl.getChildren(CuratorFrameworkImpl.java:456)
	at org.apache.curator.framework.recipes.cache.PathChildrenCache.refresh(PathChildrenCache.java:521)
	at org.apache.curator.framework.recipes.cache.RefreshOperation.invoke(RefreshOperation.java:35)
	at org.apache.curator.framework.recipes.cache.PathChildrenCache$9.run(PathChildrenCache.java:786)
	at java.util.concurrent.Executors$RunnableAdapter.call(Executors.java:511)
	at java.util.concurrent.FutureTask.run(FutureTask.java:266)
	at java.util.concurrent.Executors$RunnableAdapter.call(Executors.java:511)
	at java.util.concurrent.FutureTask.run(FutureTask.java:266)
	at java.util.concurrent.ThreadPoolExecutor.runWorker(ThreadPoolExecutor.java:1149)
	at java.util.concurrent.ThreadPoolExecutor$Worker.run(ThreadPoolExecutor.java:624)
	at java.lang.Thread.run(Thread.java:748)
Heap
 def new generation   total 153600K, used 124953K [0x00000000e0c00000, 0x00000000eb2a0000, 0x00000000eb2a0000)
  eden space 136576K,  91% used [0x00000000e0c00000, 0x00000000e85a28b0, 0x00000000e9160000)
  from space 17024K,   2% used [0x00000000e9160000, 0x00000000e91c3bd8, 0x00000000ea200000)
  to   space 17024K,   0% used [0x00000000ea200000, 0x00000000ea200000, 0x00000000eb2a0000)
 tenured generation   total 341376K, used 44800K [0x00000000eb2a0000, 0x0000000100000000, 0x0000000100000000)
   the space 341376K,  13% used [0x00000000eb2a0000, 0x00000000ede60228, 0x00000000ede60400, 0x0000000100000000)
 Metaspace       used 36081K, capacity 37048K, committed 37376K, reserved 1081344K
  class space    used 4861K, capacity 5084K, committed 5120K, reserved 1048576K
