13:23:14,601 |-INFO in ch.qos.logback.classic.LoggerContext[default] - Could NOT find resource [logback-test.xml]
13:23:14,601 |-INFO in ch.qos.logback.classic.LoggerContext[default] - Could NOT find resource [logback.groovy]
13:23:14,601 |-INFO in ch.qos.logback.classic.LoggerContext[default] - Found resource [logback.xml] at [jar:file:/root/flamestream/lib/flamestream-runtime-1.0-SNAPSHOT.jar!/logback.xml]
13:23:14,602 |-WARN in ch.qos.logback.classic.LoggerContext[default] - Resource [logback.xml] occurs multiple times on the classpath.
13:23:14,602 |-WARN in ch.qos.logback.classic.LoggerContext[default] - Resource [logback.xml] occurs at [jar:file:/root/flamestream/lib/flamestream-runtime-1.0-SNAPSHOT.jar!/logback.xml]
13:23:14,602 |-WARN in ch.qos.logback.classic.LoggerContext[default] - Resource [logback.xml] occurs at [jar:file:/root/flamestream/flamestream-runtime-1.0-SNAPSHOT.jar!/logback.xml]
13:23:14,623 |-INFO in ch.qos.logback.core.joran.spi.ConfigurationWatchList@3fb6a447 - URL [jar:file:/root/flamestream/lib/flamestream-runtime-1.0-SNAPSHOT.jar!/logback.xml] is not of type file
13:23:14,694 |-INFO in ch.qos.logback.classic.joran.action.ConfigurationAction - debug attribute not set
13:23:14,694 |-INFO in ch.qos.logback.core.joran.action.AppenderAction - About to instantiate appender of type [ch.qos.logback.core.ConsoleAppender]
13:23:14,713 |-INFO in ch.qos.logback.core.joran.action.AppenderAction - Naming appender as [STDOUT]
13:23:14,726 |-INFO in ch.qos.logback.core.joran.action.NestedComplexPropertyIA - Assuming default type [ch.qos.logback.classic.encoder.PatternLayoutEncoder] for [encoder] property
13:23:14,813 |-INFO in ch.qos.logback.core.joran.action.AppenderAction - About to instantiate appender of type [ch.qos.logback.core.rolling.RollingFileAppender]
13:23:14,818 |-INFO in ch.qos.logback.core.joran.action.AppenderAction - Naming appender as [FILE]
13:23:14,850 |-INFO in c.q.l.core.rolling.TimeBasedRollingPolicy@127618319 - No compression will be used
13:23:14,851 |-INFO in c.q.l.core.rolling.TimeBasedRollingPolicy@127618319 - Will use the pattern /tmp/application_%d{yyyy-MM-dd}.%i.log for the active file
13:23:14,854 |-INFO in ch.qos.logback.core.rolling.SizeAndTimeBasedFNATP@6b2fad11 - The date pattern is 'yyyy-MM-dd' from file name pattern '/tmp/application_%d{yyyy-MM-dd}.%i.log'.
13:23:14,854 |-INFO in ch.qos.logback.core.rolling.SizeAndTimeBasedFNATP@6b2fad11 - Roll-over at midnight.
13:23:14,859 |-INFO in ch.qos.logback.core.rolling.SizeAndTimeBasedFNATP@6b2fad11 - Setting initial period to Mon Jun 10 13:22:04 UTC 2019
13:23:14,859 |-WARN in ch.qos.logback.core.rolling.SizeAndTimeBasedFNATP@6b2fad11 - SizeAndTimeBasedFNATP is deprecated. Use SizeAndTimeBasedRollingPolicy instead
13:23:14,859 |-WARN in ch.qos.logback.core.rolling.SizeAndTimeBasedFNATP@6b2fad11 - For more information see http://logback.qos.ch/manual/appenders.html#SizeAndTimeBasedRollingPolicy
13:23:14,863 |-INFO in ch.qos.logback.core.joran.action.NestedComplexPropertyIA - Assuming default type [ch.qos.logback.classic.encoder.PatternLayoutEncoder] for [encoder] property
13:23:14,869 |-INFO in ch.qos.logback.core.rolling.RollingFileAppender[FILE] - Active log file name: /tmp/application.log
13:23:14,869 |-INFO in ch.qos.logback.core.rolling.RollingFileAppender[FILE] - File property is set to [/tmp/application.log]
13:23:14,870 |-INFO in ch.qos.logback.classic.joran.action.RootLoggerAction - Setting level of ROOT logger to WARN
13:23:14,870 |-INFO in ch.qos.logback.core.joran.action.AppenderRefAction - Attaching appender named [STDOUT] to Logger[ROOT]
13:23:14,872 |-INFO in ch.qos.logback.core.joran.action.AppenderRefAction - Attaching appender named [FILE] to Logger[ROOT]
13:23:14,872 |-INFO in ch.qos.logback.classic.joran.action.ConfigurationAction - End of configuration.
13:23:14,872 |-INFO in ch.qos.logback.classic.joran.JoranConfigurator@79698539 - Registering current configuration as safe fallback point

Ama winner
Ama winner
2019-06-10T13:23:16.514+0000: 2.099: [Full GC (Metadata GC Threshold) 2019-06-10T13:23:16.514+0000: 2.099: [Tenured: 0K->15176K(341376K), 0.0384337 secs] 117783K->15176K(494976K), [Metaspace: 20732K->20732K(1067008K)], 0.0385036 secs] [Times: user=0.04 sys=0.00, real=0.04 secs] 
13:23:32.710 [Curator-PathChildrenCache-1] WARN  o.a.c.u.ZKPaths  - The version of ZooKeeper being used doesn't support Container nodes. CreateMode.PERSISTENT will be used instead.
2019-06-10T13:23:34.917+0000: 20.502: [GC (Allocation Failure) 2019-06-10T13:23:34.917+0000: 20.502: [DefNew: 136576K->17024K(153600K), 0.0266995 secs] 151752K->52357K(494976K), 0.0267828 secs] [Times: user=0.03 sys=0.00, real=0.02 secs] 
2019-06-10T13:23:41.449+0000: 27.034: [Full GC (Metadata GC Threshold) 2019-06-10T13:23:41.449+0000: 27.034: [Tenured: 35333K->44183K(341376K), 0.1147202 secs] 169128K->44183K(494976K), [Metaspace: 34588K->34588K(1079296K)], 0.1147980 secs] [Times: user=0.12 sys=0.00, real=0.11 secs] 
2019-06-10T13:23:49.043+0000: 34.628: [GC (Allocation Failure) 2019-06-10T13:23:49.043+0000: 34.628: [DefNew: 136576K->48K(153600K), 0.0018894 secs] 180759K->44231K(494976K), 0.0019508 secs] [Times: user=0.00 sys=0.00, real=0.01 secs] 
2019-06-10T13:23:56.590+0000: 42.175: [GC (Allocation Failure) 2019-06-10T13:23:56.590+0000: 42.175: [DefNew: 136624K->50K(153600K), 0.0017405 secs] 180807K->44233K(494976K), 0.0018009 secs] [Times: user=0.00 sys=0.00, real=0.00 secs] 
2019-06-10T13:24:04.226+0000: 49.811: [GC (Allocation Failure) 2019-06-10T13:24:04.226+0000: 49.811: [DefNew: 136626K->49K(153600K), 0.0017186 secs] 180809K->44233K(494976K), 0.0017792 secs] [Times: user=0.00 sys=0.00, real=0.00 secs] 
2019-06-10T13:24:11.894+0000: 57.479: [GC (Allocation Failure) 2019-06-10T13:24:11.894+0000: 57.479: [DefNew: 136625K->52K(153600K), 0.0018684 secs] 180809K->44235K(494976K), 0.0019301 secs] [Times: user=0.01 sys=0.00, real=0.00 secs] 
2019-06-10T13:24:20.493+0000: 66.078: [GC (Allocation Failure) 2019-06-10T13:24:20.493+0000: 66.078: [DefNew: 136628K->396K(153600K), 0.0021925 secs] 180811K->44579K(494976K), 0.0022590 secs] [Times: user=0.00 sys=0.00, real=0.00 secs] 
13:24:33.289 [Curator-PathChildrenCache-0] ERROR o.a.c.f.r.c.PathChildrenCache  - 
java.lang.IllegalStateException: instance must be started before calling this method
	at org.apache.curator.shaded.com.google.common.base.Preconditions.checkState(Preconditions.java:444)
	at org.apache.curator.framework.imps.CuratorFrameworkImpl.getChildren(CuratorFrameworkImpl.java:456)
	at org.apache.curator.framework.recipes.cache.PathChildrenCache.refresh(PathChildrenCache.java:521)
	at org.apache.curator.framework.recipes.cache.RefreshOperation.invoke(RefreshOperation.java:35)
	at org.apache.curator.framework.recipes.cache.PathChildrenCache$9.run(PathChildrenCache.java:786)
	at java.util.concurrent.Executors$RunnableAdapter.call(Executors.java:511)
	at java.util.concurrent.FutureTask.run(FutureTask.java:266)
	at java.util.concurrent.Executors$RunnableAdapter.call(Executors.java:511)
	at java.util.concurrent.FutureTask.run(FutureTask.java:266)
	at java.util.concurrent.ThreadPoolExecutor.runWorker(ThreadPoolExecutor.java:1149)
	at java.util.concurrent.ThreadPoolExecutor$Worker.run(ThreadPoolExecutor.java:624)
	at java.lang.Thread.run(Thread.java:748)
Heap
 def new generation   total 153600K, used 53021K [0x00000000e0c00000, 0x00000000eb2a0000, 0x00000000eb2a0000)
  eden space 136576K,  38% used [0x00000000e0c00000, 0x00000000e3f645e0, 0x00000000e9160000)
  from space 17024K,   2% used [0x00000000e9160000, 0x00000000e91c3028, 0x00000000ea200000)
  to   space 17024K,   0% used [0x00000000ea200000, 0x00000000ea200000, 0x00000000eb2a0000)
 tenured generation   total 341376K, used 44183K [0x00000000eb2a0000, 0x0000000100000000, 0x0000000100000000)
   the space 341376K,  12% used [0x00000000eb2a0000, 0x00000000eddc5ce0, 0x00000000eddc5e00, 0x0000000100000000)
 Metaspace       used 36016K, capacity 36922K, committed 37120K, reserved 1081344K
  class space    used 4857K, capacity 5073K, committed 5120K, reserved 1048576K
