06:02:18,771 |-INFO in ch.qos.logback.classic.LoggerContext[default] - Could NOT find resource [logback-test.xml]
06:02:18,771 |-INFO in ch.qos.logback.classic.LoggerContext[default] - Could NOT find resource [logback.groovy]
06:02:18,771 |-INFO in ch.qos.logback.classic.LoggerContext[default] - Found resource [logback.xml] at [jar:file:/root/flamestream/lib/flamestream-runtime-1.0-SNAPSHOT.jar!/logback.xml]
06:02:18,772 |-WARN in ch.qos.logback.classic.LoggerContext[default] - Resource [logback.xml] occurs multiple times on the classpath.
06:02:18,772 |-WARN in ch.qos.logback.classic.LoggerContext[default] - Resource [logback.xml] occurs at [jar:file:/root/flamestream/lib/flamestream-runtime-1.0-SNAPSHOT.jar!/logback.xml]
06:02:18,772 |-WARN in ch.qos.logback.classic.LoggerContext[default] - Resource [logback.xml] occurs at [jar:file:/root/flamestream/flamestream-runtime-1.0-SNAPSHOT.jar!/logback.xml]
06:02:18,796 |-INFO in ch.qos.logback.core.joran.spi.ConfigurationWatchList@3fb6a447 - URL [jar:file:/root/flamestream/lib/flamestream-runtime-1.0-SNAPSHOT.jar!/logback.xml] is not of type file
06:02:18,869 |-INFO in ch.qos.logback.classic.joran.action.ConfigurationAction - debug attribute not set
06:02:18,870 |-INFO in ch.qos.logback.core.joran.action.AppenderAction - About to instantiate appender of type [ch.qos.logback.core.ConsoleAppender]
06:02:18,887 |-INFO in ch.qos.logback.core.joran.action.AppenderAction - Naming appender as [STDOUT]
06:02:18,907 |-INFO in ch.qos.logback.core.joran.action.NestedComplexPropertyIA - Assuming default type [ch.qos.logback.classic.encoder.PatternLayoutEncoder] for [encoder] property
06:02:18,989 |-INFO in ch.qos.logback.core.joran.action.AppenderAction - About to instantiate appender of type [ch.qos.logback.core.rolling.RollingFileAppender]
06:02:18,994 |-INFO in ch.qos.logback.core.joran.action.AppenderAction - Naming appender as [FILE]
06:02:19,025 |-INFO in c.q.l.core.rolling.TimeBasedRollingPolicy@127618319 - No compression will be used
06:02:19,026 |-INFO in c.q.l.core.rolling.TimeBasedRollingPolicy@127618319 - Will use the pattern /tmp/application_%d{yyyy-MM-dd}.%i.log for the active file
06:02:19,029 |-INFO in ch.qos.logback.core.rolling.SizeAndTimeBasedFNATP@6b2fad11 - The date pattern is 'yyyy-MM-dd' from file name pattern '/tmp/application_%d{yyyy-MM-dd}.%i.log'.
06:02:19,029 |-INFO in ch.qos.logback.core.rolling.SizeAndTimeBasedFNATP@6b2fad11 - Roll-over at midnight.
06:02:19,035 |-INFO in ch.qos.logback.core.rolling.SizeAndTimeBasedFNATP@6b2fad11 - Setting initial period to Tue Jun 11 06:00:43 UTC 2019
06:02:19,035 |-WARN in ch.qos.logback.core.rolling.SizeAndTimeBasedFNATP@6b2fad11 - SizeAndTimeBasedFNATP is deprecated. Use SizeAndTimeBasedRollingPolicy instead
06:02:19,035 |-WARN in ch.qos.logback.core.rolling.SizeAndTimeBasedFNATP@6b2fad11 - For more information see http://logback.qos.ch/manual/appenders.html#SizeAndTimeBasedRollingPolicy
06:02:19,039 |-INFO in ch.qos.logback.core.joran.action.NestedComplexPropertyIA - Assuming default type [ch.qos.logback.classic.encoder.PatternLayoutEncoder] for [encoder] property
06:02:19,043 |-INFO in ch.qos.logback.core.rolling.RollingFileAppender[FILE] - Active log file name: /tmp/application.log
06:02:19,043 |-INFO in ch.qos.logback.core.rolling.RollingFileAppender[FILE] - File property is set to [/tmp/application.log]
06:02:19,044 |-INFO in ch.qos.logback.classic.joran.action.RootLoggerAction - Setting level of ROOT logger to WARN
06:02:19,044 |-INFO in ch.qos.logback.core.joran.action.AppenderRefAction - Attaching appender named [STDOUT] to Logger[ROOT]
06:02:19,046 |-INFO in ch.qos.logback.core.joran.action.AppenderRefAction - Attaching appender named [FILE] to Logger[ROOT]
06:02:19,046 |-INFO in ch.qos.logback.classic.joran.action.ConfigurationAction - End of configuration.
06:02:19,047 |-INFO in ch.qos.logback.classic.joran.JoranConfigurator@79698539 - Registering current configuration as safe fallback point

Ama winner
Ama winner
2019-06-11T06:02:20.374+0000: 1.786: [Full GC (Metadata GC Threshold) 2019-06-11T06:02:20.374+0000: 1.786: [Tenured: 0K->15242K(341376K), 0.0354870 secs] 117750K->15242K(494976K), [Metaspace: 20738K->20738K(1067008K)], 0.0355522 secs] [Times: user=0.04 sys=0.01, real=0.04 secs] 
06:03:14.641 [Curator-PathChildrenCache-1] WARN  o.a.c.u.ZKPaths  - The version of ZooKeeper being used doesn't support Container nodes. CreateMode.PERSISTENT will be used instead.
2019-06-11T06:03:34.821+0000: 76.233: [GC (Allocation Failure) 2019-06-11T06:03:34.821+0000: 76.233: [DefNew: 136576K->16468K(153600K), 0.0168311 secs] 151818K->31710K(494976K), 0.0169045 secs] [Times: user=0.01 sys=0.01, real=0.02 secs] 
2019-06-11T06:04:02.132+0000: 103.544: [GC (Allocation Failure) 2019-06-11T06:04:02.132+0000: 103.544: [DefNew: 138834K->1466K(153600K), 0.0104641 secs] 154076K->23590K(494976K), 0.0105328 secs] [Times: user=0.00 sys=0.01, real=0.01 secs] 
2019-06-11T06:04:02.265+0000: 103.677: [Full GC (Metadata GC Threshold) 2019-06-11T06:04:02.265+0000: 103.677: [Tenured: 22123K->43208K(341376K), 0.0599294 secs] 50018K->43208K(494976K), [Metaspace: 34792K->34792K(1079296K)], 0.0600218 secs] [Times: user=0.06 sys=0.00, real=0.06 secs] 
2019-06-11T06:04:10.238+0000: 111.650: [GC (Allocation Failure) 2019-06-11T06:04:10.238+0000: 111.650: [DefNew: 136576K->290K(153600K), 0.0024915 secs] 179784K->43499K(494976K), 0.0025514 secs] [Times: user=0.00 sys=0.00, real=0.00 secs] 
2019-06-11T06:04:16.879+0000: 118.291: [GC (Allocation Failure) 2019-06-11T06:04:16.880+0000: 118.291: [DefNew: 136866K->297K(153600K), 0.0021760 secs] 180075K->43506K(494976K), 0.0022488 secs] [Times: user=0.00 sys=0.00, real=0.00 secs] 
2019-06-11T06:04:46.108+0000: 147.520: [GC (Allocation Failure) 2019-06-11T06:04:46.108+0000: 147.520: [DefNew: 136873K->397K(153600K), 0.0025743 secs] 180082K->43605K(494976K), 0.0026413 secs] [Times: user=0.00 sys=0.00, real=0.01 secs] 
2019-06-11T06:05:35.243+0000: 196.655: [GC (Allocation Failure) 2019-06-11T06:05:35.243+0000: 196.655: [DefNew: 136973K->404K(153600K), 0.0025466 secs] 180181K->43613K(494976K), 0.0026104 secs] [Times: user=0.01 sys=0.00, real=0.00 secs] 
2019-06-11T06:06:23.750+0000: 245.162: [GC (Allocation Failure) 2019-06-11T06:06:23.751+0000: 245.162: [DefNew: 136980K->403K(153600K), 0.0025444 secs] 180189K->43612K(494976K), 0.0033284 secs] [Times: user=0.00 sys=0.00, real=0.00 secs] 
2019-06-11T06:07:12.665+0000: 294.077: [GC (Allocation Failure) 2019-06-11T06:07:12.665+0000: 294.077: [DefNew: 136979K->410K(153600K), 0.0024379 secs] 180188K->43619K(494976K), 0.0025073 secs] [Times: user=0.00 sys=0.00, real=0.00 secs] 
2019-06-11T06:08:01.064+0000: 342.476: [GC (Allocation Failure) 2019-06-11T06:08:01.064+0000: 342.476: [DefNew: 136986K->409K(153600K), 0.0024622 secs] 180195K->43618K(494976K), 0.0025207 secs] [Times: user=0.00 sys=0.00, real=0.00 secs] 
2019-06-11T06:09:04.524+0000: 405.935: [GC (Allocation Failure) 2019-06-11T06:09:04.524+0000: 405.935: [DefNew: 136985K->443K(153600K), 0.0106790 secs] 180194K->43652K(494976K), 0.0107392 secs] [Times: user=0.01 sys=0.00, real=0.01 secs] 
2019-06-11T06:10:08.039+0000: 469.450: [GC (Allocation Failure) 2019-06-11T06:10:08.039+0000: 469.450: [DefNew: 137019K->446K(153600K), 0.0147470 secs] 180228K->43655K(494976K), 0.0148125 secs] [Times: user=0.02 sys=0.00, real=0.01 secs] 
2019-06-11T06:10:54.588+0000: 516.000: [GC (Allocation Failure) 2019-06-11T06:10:54.588+0000: 516.000: [DefNew: 137022K->447K(153600K), 0.0024361 secs] 180231K->43656K(494976K), 0.0024951 secs] [Times: user=0.00 sys=0.00, real=0.01 secs] 
2019-06-11T06:11:41.300+0000: 562.712: [GC (Allocation Failure) 2019-06-11T06:11:41.300+0000: 562.712: [DefNew: 137023K->448K(153600K), 0.0024142 secs] 180232K->43657K(494976K), 0.0024729 secs] [Times: user=0.00 sys=0.00, real=0.00 secs] 
2019-06-11T06:12:41.302+0000: 622.714: [GC (Allocation Failure) 2019-06-11T06:12:41.302+0000: 622.714: [DefNew: 137024K->444K(153600K), 0.0023604 secs] 180233K->43653K(494976K), 0.0024208 secs] [Times: user=0.01 sys=0.00, real=0.00 secs] 
2019-06-11T06:13:55.839+0000: 697.251: [GC (Allocation Failure) 2019-06-11T06:13:55.840+0000: 697.251: [DefNew: 137020K->444K(153600K), 0.0391658 secs] 180229K->43652K(494976K), 0.0392295 secs] [Times: user=0.02 sys=0.00, real=0.04 secs] 
2019-06-11T06:15:10.482+0000: 771.894: [GC (Allocation Failure) 2019-06-11T06:15:10.482+0000: 771.894: [DefNew: 137020K->445K(153600K), 0.0024322 secs] 180228K->43654K(494976K), 0.0024960 secs] [Times: user=0.00 sys=0.00, real=0.00 secs] 
2019-06-11T06:16:02.216+0000: 823.628: [GC (Allocation Failure) 2019-06-11T06:16:02.232+0000: 823.665: [DefNew: 137021K->447K(153600K), 0.0392225 secs] 180230K->43656K(494976K), 0.0392848 secs] [Times: user=0.01 sys=0.00, real=0.04 secs] 
2019-06-11T06:17:15.570+0000: 896.982: [GC (Allocation Failure) 2019-06-11T06:17:15.570+0000: 896.982: [DefNew: 137023K->226K(153600K), 0.0024358 secs] 180232K->43658K(494976K), 0.0025030 secs] [Times: user=0.01 sys=0.00, real=0.00 secs] 
2019-06-11T06:18:58.324+0000: 999.736: [GC (Allocation Failure) 2019-06-11T06:18:58.324+0000: 999.736: [DefNew: 136802K->209K(153600K), 0.0020393 secs] 180234K->43662K(494976K), 0.0021165 secs] [Times: user=0.00 sys=0.00, real=0.00 secs] 
2019-06-11T06:20:23.136+0000: 1084.548: [GC (Allocation Failure) 2019-06-11T06:20:23.136+0000: 1084.548: [DefNew: 136785K->107K(153600K), 0.0020893 secs] 180238K->43658K(494976K), 0.0021554 secs] [Times: user=0.01 sys=0.00, real=0.01 secs] 
2019-06-11T06:21:32.382+0000: 1153.794: [GC (Allocation Failure) 2019-06-11T06:21:32.382+0000: 1153.794: [DefNew: 136683K->100K(153600K), 0.0017744 secs] 180234K->43657K(494976K), 0.0018291 secs] [Times: user=0.00 sys=0.00, real=0.00 secs] 
2019-06-11T06:23:10.623+0000: 1252.034: [GC (Allocation Failure) 2019-06-11T06:23:10.623+0000: 1252.034: [DefNew: 136676K->103K(153600K), 0.0017473 secs] 180233K->43660K(494976K), 0.0018004 secs] [Times: user=0.00 sys=0.00, real=0.00 secs] 
2019-06-11T06:24:39.205+0000: 1340.617: [GC (Allocation Failure) 2019-06-11T06:24:39.206+0000: 1340.617: [DefNew: 136679K->105K(153600K), 0.0017982 secs] 180236K->43664K(494976K), 0.0018539 secs] [Times: user=0.00 sys=0.00, real=0.00 secs] 
2019-06-11T06:25:40.376+0000: 1401.788: [GC (Allocation Failure) 2019-06-11T06:25:40.376+0000: 1401.788: [DefNew: 136681K->106K(153600K), 0.0019031 secs] 180240K->43666K(494976K), 0.0019763 secs] [Times: user=0.00 sys=0.00, real=0.01 secs] 
2019-06-11T06:26:43.931+0000: 1465.342: [GC (Allocation Failure) 2019-06-11T06:26:43.931+0000: 1465.342: [DefNew: 136682K->74K(153600K), 0.0139884 secs] 180242K->43668K(494976K), 0.0140448 secs] [Times: user=0.01 sys=0.00, real=0.01 secs] 
2019-06-11T06:27:53.683+0000: 1535.095: [GC (Allocation Failure) 2019-06-11T06:27:53.683+0000: 1535.095: [DefNew: 136650K->74K(153600K), 0.0017721 secs] 180244K->43670K(494976K), 0.0018372 secs] [Times: user=0.00 sys=0.00, real=0.00 secs] 
2019-06-11T06:29:03.302+0000: 1604.713: [GC (Allocation Failure) 2019-06-11T06:29:03.302+0000: 1604.714: [DefNew: 136650K->75K(153600K), 0.0139831 secs] 180246K->43672K(494976K), 0.0140463 secs] [Times: user=0.00 sys=0.01, real=0.01 secs] 
2019-06-11T06:30:11.127+0000: 1672.539: [GC (Allocation Failure) 2019-06-11T06:30:11.127+0000: 1672.539: [DefNew: 136651K->78K(153600K), 0.0017653 secs] 180248K->43675K(494976K), 0.0018220 secs] [Times: user=0.00 sys=0.00, real=0.01 secs] 
2019-06-11T06:30:58.537+0000: 1719.949: [GC (Allocation Failure) 2019-06-11T06:30:58.537+0000: 1719.949: [DefNew: 136654K->79K(153600K), 0.0017546 secs] 180251K->43676K(494976K), 0.0018136 secs] [Times: user=0.00 sys=0.00, real=0.00 secs] 
2019-06-11T06:31:49.313+0000: 1770.725: [GC (Allocation Failure) 2019-06-11T06:31:49.313+0000: 1770.725: [DefNew: 136655K->79K(153600K), 0.0017576 secs] 180252K->43678K(494976K), 0.0018203 secs] [Times: user=0.01 sys=0.00, real=0.00 secs] 
2019-06-11T06:32:55.727+0000: 1837.139: [GC (Allocation Failure) 2019-06-11T06:32:55.727+0000: 1837.139: [DefNew: 136655K->80K(153600K), 0.0017433 secs] 180254K->43679K(494976K), 0.0018556 secs] [Times: user=0.00 sys=0.00, real=0.01 secs] 
2019-06-11T06:34:11.482+0000: 1912.894: [GC (Allocation Failure) 2019-06-11T06:34:11.482+0000: 1912.894: [DefNew: 136656K->81K(153600K), 0.0018065 secs] 180255K->43682K(494976K), 0.0018707 secs] [Times: user=0.00 sys=0.00, real=0.00 secs] 
2019-06-11T06:35:21.760+0000: 1983.172: [GC (Allocation Failure) 2019-06-11T06:35:21.761+0000: 1983.172: [DefNew: 136657K->81K(153600K), 0.0017230 secs] 180258K->43684K(494976K), 0.0017741 secs] [Times: user=0.00 sys=0.00, real=0.00 secs] 
2019-06-11T06:36:14.025+0000: 2035.436: [GC (Allocation Failure) 2019-06-11T06:36:14.025+0000: 2035.437: [DefNew: 136657K->80K(153600K), 0.0017158 secs] 180260K->43684K(494976K), 0.0017718 secs] [Times: user=0.00 sys=0.00, real=0.00 secs] 
2019-06-11T06:37:19.570+0000: 2100.982: [GC (Allocation Failure) 2019-06-11T06:37:19.570+0000: 2100.982: [DefNew: 136656K->63K(153600K), 0.0016996 secs] 180260K->43671K(494976K), 0.0017572 secs] [Times: user=0.00 sys=0.00, real=0.00 secs] 
2019-06-11T06:38:33.469+0000: 2174.881: [GC (Allocation Failure) 2019-06-11T06:38:33.469+0000: 2174.881: [DefNew: 136639K->65K(153600K), 0.0018862 secs] 180247K->43675K(494976K), 0.0019663 secs] [Times: user=0.00 sys=0.00, real=0.00 secs] 
2019-06-11T06:39:47.081+0000: 2248.493: [GC (Allocation Failure) 2019-06-11T06:39:47.081+0000: 2248.493: [DefNew: 136641K->66K(153600K), 0.0099749 secs] 180251K->43677K(494976K), 0.0100348 secs] [Times: user=0.01 sys=0.00, real=0.01 secs] 
2019-06-11T06:40:40.641+0000: 2302.053: [GC (Allocation Failure) 2019-06-11T06:40:40.641+0000: 2302.053: [DefNew: 136642K->64K(153600K), 0.0019289 secs] 180253K->43678K(494976K), 0.0020000 secs] [Times: user=0.00 sys=0.00, real=0.00 secs] 
2019-06-11T06:41:32.867+0000: 2354.278: [GC (Allocation Failure) 2019-06-11T06:41:32.867+0000: 2354.278: [DefNew: 136640K->65K(153600K), 0.0017356 secs] 180254K->43680K(494976K), 0.0017918 secs] [Times: user=0.00 sys=0.00, real=0.00 secs] 
2019-06-11T06:42:34.746+0000: 2416.158: [GC (Allocation Failure) 2019-06-11T06:42:34.746+0000: 2416.158: [DefNew: 136641K->65K(153600K), 0.0016613 secs] 180256K->43681K(494976K), 0.0017211 secs] [Times: user=0.00 sys=0.00, real=0.00 secs] 
2019-06-11T06:43:38.382+0000: 2479.794: [GC (Allocation Failure) 2019-06-11T06:43:38.382+0000: 2479.794: [DefNew: 136641K->66K(153600K), 0.0016557 secs] 180257K->43683K(494976K), 0.0017116 secs] [Times: user=0.00 sys=0.00, real=0.00 secs] 
2019-06-11T06:44:41.551+0000: 2542.963: [GC (Allocation Failure) 2019-06-11T06:44:41.551+0000: 2542.963: [DefNew: 136642K->67K(153600K), 0.0140543 secs] 180259K->43684K(494976K), 0.0141116 secs] [Times: user=0.02 sys=0.00, real=0.01 secs] 
2019-06-11T06:45:35.777+0000: 2597.189: [GC (Allocation Failure) 2019-06-11T06:45:35.777+0000: 2597.189: [DefNew: 136643K->66K(153600K), 0.0016796 secs] 180260K->43686K(494976K), 0.0017361 secs] [Times: user=0.00 sys=0.00, real=0.00 secs] 
2019-06-11T06:46:23.364+0000: 2644.776: [GC (Allocation Failure) 2019-06-11T06:46:23.364+0000: 2644.776: [DefNew: 136642K->68K(153600K), 0.0017158 secs] 180262K->43689K(494976K), 0.0017824 secs] [Times: user=0.00 sys=0.00, real=0.00 secs] 
2019-06-11T06:47:19.231+0000: 2700.643: [GC (Allocation Failure) 2019-06-11T06:47:19.231+0000: 2700.643: [DefNew: 136644K->68K(153600K), 0.0182310 secs] 180265K->43690K(494976K), 0.0183447 secs] [Times: user=0.01 sys=0.00, real=0.02 secs] 
2019-06-11T06:48:21.864+0000: 2763.276: [GC (Allocation Failure) 2019-06-11T06:48:21.864+0000: 2763.276: [DefNew: 136644K->69K(153600K), 0.0017259 secs] 180266K->43691K(494976K), 0.0017906 secs] [Times: user=0.00 sys=0.00, real=0.00 secs] 
2019-06-11T06:49:24.192+0000: 2825.604: [GC (Allocation Failure) 2019-06-11T06:49:24.192+0000: 2825.604: [DefNew: 136645K->71K(153600K), 0.0017639 secs] 180267K->43693K(494976K), 0.0018234 secs] [Times: user=0.00 sys=0.00, real=0.00 secs] 
2019-06-11T06:50:21.837+0000: 2883.248: [GC (Allocation Failure) 2019-06-11T06:50:21.837+0000: 2883.248: [DefNew: 136647K->71K(153600K), 0.0017593 secs] 180269K->43695K(494976K), 0.0018182 secs] [Times: user=0.01 sys=0.00, real=0.01 secs] 
2019-06-11T06:51:08.482+0000: 2929.894: [GC (Allocation Failure) 2019-06-11T06:51:08.482+0000: 2929.894: [DefNew: 136647K->71K(153600K), 0.0017463 secs] 180271K->43695K(494976K), 0.0018049 secs] [Times: user=0.00 sys=0.00, real=0.00 secs] 
2019-06-11T06:51:58.431+0000: 2979.842: [GC (Allocation Failure) 2019-06-11T06:51:58.431+0000: 2979.843: [DefNew: 136647K->71K(153600K), 0.0017048 secs] 180271K->43697K(494976K), 0.0017736 secs] [Times: user=0.00 sys=0.00, real=0.00 secs] 
2019-06-11T06:53:00.937+0000: 3042.348: [GC (Allocation Failure) 2019-06-11T06:53:00.937+0000: 3042.348: [DefNew: 136647K->71K(153600K), 0.0017637 secs] 180273K->43700K(494976K), 0.0018653 secs] [Times: user=0.00 sys=0.00, real=0.01 secs] 
2019-06-11T06:54:05.993+0000: 3107.405: [GC (Allocation Failure) 2019-06-11T06:54:05.993+0000: 3107.405: [DefNew: 136647K->59K(153600K), 0.0017835 secs] 180276K->43689K(494976K), 0.0018438 secs] [Times: user=0.00 sys=0.00, real=0.00 secs] 
2019-06-11T06:55:10.358+0000: 3171.770: [GC (Allocation Failure) 2019-06-11T06:55:10.359+0000: 3171.770: [DefNew: 136635K->60K(153600K), 0.0017119 secs] 180265K->43691K(494976K), 0.0017724 secs] [Times: user=0.01 sys=0.00, real=0.00 secs] 
2019-06-11T06:55:56.436+0000: 3217.848: [GC (Allocation Failure) 2019-06-11T06:55:56.436+0000: 3217.848: [DefNew: 136636K->60K(153600K), 0.0017453 secs] 180267K->43692K(494976K), 0.0018026 secs] [Times: user=0.00 sys=0.00, real=0.01 secs] 
2019-06-11T06:56:45.403+0000: 3266.814: [GC (Allocation Failure) 2019-06-11T06:56:45.403+0000: 3266.814: [DefNew: 136636K->62K(153600K), 0.0017245 secs] 180268K->43695K(494976K), 0.0017811 secs] [Times: user=0.00 sys=0.00, real=0.00 secs] 
2019-06-11T06:57:51.079+0000: 3332.490: [GC (Allocation Failure) 2019-06-11T06:57:51.079+0000: 3332.490: [DefNew: 136638K->64K(153600K), 0.0017706 secs] 180271K->43697K(494976K), 0.0018285 secs] [Times: user=0.00 sys=0.00, real=0.00 secs] 
2019-06-11T06:59:00.536+0000: 3401.948: [GC (Allocation Failure) 2019-06-11T06:59:00.536+0000: 3401.948: [DefNew: 136640K->64K(153600K), 0.0017765 secs] 180273K->43698K(494976K), 0.0018338 secs] [Times: user=0.01 sys=0.00, real=0.01 secs] 
2019-06-11T07:00:09.268+0000: 3470.680: [GC (Allocation Failure) 2019-06-11T07:00:09.268+0000: 3470.680: [DefNew: 136640K->66K(153600K), 0.0018149 secs] 180274K->43701K(494976K), 0.0018757 secs] [Times: user=0.00 sys=0.00, real=0.01 secs] 
2019-06-11T07:00:57.682+0000: 3519.094: [GC (Allocation Failure) 2019-06-11T07:00:57.682+0000: 3519.094: [DefNew: 136642K->65K(153600K), 0.0017679 secs] 180277K->43702K(494976K), 0.0018252 secs] [Times: user=0.01 sys=0.00, real=0.00 secs] 
2019-06-11T07:01:53.694+0000: 3575.106: [GC (Allocation Failure) 2019-06-11T07:01:53.694+0000: 3575.106: [DefNew: 136641K->67K(153600K), 0.0017634 secs] 180278K->43704K(494976K), 0.0018236 secs] [Times: user=0.00 sys=0.00, real=0.00 secs] 
2019-06-11T07:03:03.321+0000: 3644.733: [GC (Allocation Failure) 2019-06-11T07:03:03.321+0000: 3644.733: [DefNew: 136643K->123K(153600K), 0.0017927 secs] 180280K->43761K(494976K), 0.0018502 secs] [Times: user=0.00 sys=0.00, real=0.00 secs] 
07:03:46.300 [Curator-PathChildrenCache-0] ERROR o.a.c.f.r.c.PathChildrenCache  - 
java.lang.IllegalStateException: instance must be started before calling this method
	at org.apache.curator.shaded.com.google.common.base.Preconditions.checkState(Preconditions.java:444)
	at org.apache.curator.framework.imps.CuratorFrameworkImpl.getChildren(CuratorFrameworkImpl.java:456)
	at org.apache.curator.framework.recipes.cache.PathChildrenCache.refresh(PathChildrenCache.java:521)
	at org.apache.curator.framework.recipes.cache.RefreshOperation.invoke(RefreshOperation.java:35)
	at org.apache.curator.framework.recipes.cache.PathChildrenCache$9.run(PathChildrenCache.java:786)
	at java.util.concurrent.Executors$RunnableAdapter.call(Executors.java:511)
	at java.util.concurrent.FutureTask.run(FutureTask.java:266)
	at java.util.concurrent.Executors$RunnableAdapter.call(Executors.java:511)
	at java.util.concurrent.FutureTask.run(FutureTask.java:266)
	at java.util.concurrent.ThreadPoolExecutor.runWorker(ThreadPoolExecutor.java:1149)
	at java.util.concurrent.ThreadPoolExecutor$Worker.run(ThreadPoolExecutor.java:624)
	at java.lang.Thread.run(Thread.java:748)
Heap
 def new generation   total 153600K, used 104196K [0x00000000e0c00000, 0x00000000eb2a0000, 0x00000000eb2a0000)
  eden space 136576K,  76% used [0x00000000e0c00000, 0x00000000e71a2348, 0x00000000e9160000)
  from space 17024K,   0% used [0x00000000ea200000, 0x00000000ea21ef20, 0x00000000eb2a0000)
  to   space 17024K,   0% used [0x00000000e9160000, 0x00000000e9160000, 0x00000000ea200000)
 tenured generation   total 341376K, used 43637K [0x00000000eb2a0000, 0x0000000100000000, 0x0000000100000000)
   the space 341376K,  12% used [0x00000000eb2a0000, 0x00000000edd3d790, 0x00000000edd3d800, 0x0000000100000000)
 Metaspace       used 36767K, capacity 37666K, committed 37888K, reserved 1081344K
  class space    used 4897K, capacity 5091K, committed 5120K, reserved 1048576K
