15:55:43,475 |-INFO in ch.qos.logback.classic.LoggerContext[default] - Could NOT find resource [logback-test.xml]
15:55:43,475 |-INFO in ch.qos.logback.classic.LoggerContext[default] - Could NOT find resource [logback.groovy]
15:55:43,476 |-INFO in ch.qos.logback.classic.LoggerContext[default] - Found resource [logback.xml] at [jar:file:/root/flamestream/lib/flamestream-runtime-1.0-SNAPSHOT.jar!/logback.xml]
15:55:43,476 |-WARN in ch.qos.logback.classic.LoggerContext[default] - Resource [logback.xml] occurs multiple times on the classpath.
15:55:43,477 |-WARN in ch.qos.logback.classic.LoggerContext[default] - Resource [logback.xml] occurs at [jar:file:/root/flamestream/lib/flamestream-runtime-1.0-SNAPSHOT.jar!/logback.xml]
15:55:43,477 |-WARN in ch.qos.logback.classic.LoggerContext[default] - Resource [logback.xml] occurs at [jar:file:/root/flamestream/flamestream-runtime-1.0-SNAPSHOT.jar!/logback.xml]
15:55:43,497 |-INFO in ch.qos.logback.core.joran.spi.ConfigurationWatchList@3fb6a447 - URL [jar:file:/root/flamestream/lib/flamestream-runtime-1.0-SNAPSHOT.jar!/logback.xml] is not of type file
15:55:43,567 |-INFO in ch.qos.logback.classic.joran.action.ConfigurationAction - debug attribute not set
15:55:43,568 |-INFO in ch.qos.logback.core.joran.action.AppenderAction - About to instantiate appender of type [ch.qos.logback.core.ConsoleAppender]
15:55:43,586 |-INFO in ch.qos.logback.core.joran.action.AppenderAction - Naming appender as [STDOUT]
15:55:43,603 |-INFO in ch.qos.logback.core.joran.action.NestedComplexPropertyIA - Assuming default type [ch.qos.logback.classic.encoder.PatternLayoutEncoder] for [encoder] property
15:55:43,682 |-INFO in ch.qos.logback.core.joran.action.AppenderAction - About to instantiate appender of type [ch.qos.logback.core.rolling.RollingFileAppender]
15:55:43,691 |-INFO in ch.qos.logback.core.joran.action.AppenderAction - Naming appender as [FILE]
15:55:43,723 |-INFO in c.q.l.core.rolling.TimeBasedRollingPolicy@127618319 - No compression will be used
15:55:43,725 |-INFO in c.q.l.core.rolling.TimeBasedRollingPolicy@127618319 - Will use the pattern /tmp/application_%d{yyyy-MM-dd}.%i.log for the active file
15:55:43,728 |-INFO in ch.qos.logback.core.rolling.SizeAndTimeBasedFNATP@6b2fad11 - The date pattern is 'yyyy-MM-dd' from file name pattern '/tmp/application_%d{yyyy-MM-dd}.%i.log'.
15:55:43,728 |-INFO in ch.qos.logback.core.rolling.SizeAndTimeBasedFNATP@6b2fad11 - Roll-over at midnight.
15:55:43,733 |-INFO in ch.qos.logback.core.rolling.SizeAndTimeBasedFNATP@6b2fad11 - Setting initial period to Mon Jun 10 15:54:24 UTC 2019
15:55:43,733 |-WARN in ch.qos.logback.core.rolling.SizeAndTimeBasedFNATP@6b2fad11 - SizeAndTimeBasedFNATP is deprecated. Use SizeAndTimeBasedRollingPolicy instead
15:55:43,733 |-WARN in ch.qos.logback.core.rolling.SizeAndTimeBasedFNATP@6b2fad11 - For more information see http://logback.qos.ch/manual/appenders.html#SizeAndTimeBasedRollingPolicy
15:55:43,737 |-INFO in ch.qos.logback.core.joran.action.NestedComplexPropertyIA - Assuming default type [ch.qos.logback.classic.encoder.PatternLayoutEncoder] for [encoder] property
15:55:43,742 |-INFO in ch.qos.logback.core.rolling.RollingFileAppender[FILE] - Active log file name: /tmp/application.log
15:55:43,742 |-INFO in ch.qos.logback.core.rolling.RollingFileAppender[FILE] - File property is set to [/tmp/application.log]
15:55:43,742 |-INFO in ch.qos.logback.classic.joran.action.RootLoggerAction - Setting level of ROOT logger to WARN
15:55:43,742 |-INFO in ch.qos.logback.core.joran.action.AppenderRefAction - Attaching appender named [STDOUT] to Logger[ROOT]
15:55:43,744 |-INFO in ch.qos.logback.core.joran.action.AppenderRefAction - Attaching appender named [FILE] to Logger[ROOT]
15:55:43,744 |-INFO in ch.qos.logback.classic.joran.action.ConfigurationAction - End of configuration.
15:55:43,745 |-INFO in ch.qos.logback.classic.joran.JoranConfigurator@79698539 - Registering current configuration as safe fallback point

Ama winner
Ama winner
2019-06-10T15:55:45.059+0000: 1.773: [Full GC (Metadata GC Threshold) 2019-06-10T15:55:45.059+0000: 1.773: [Tenured: 0K->15209K(341376K), 0.0434434 secs] 114988K->15209K(494976K), [Metaspace: 20742K->20742K(1067008K)], 0.0435151 secs] [Times: user=0.04 sys=0.00, real=0.04 secs] 
15:56:05.107 [Curator-PathChildrenCache-1] WARN  o.a.c.u.ZKPaths  - The version of ZooKeeper being used doesn't support Container nodes. CreateMode.PERSISTENT will be used instead.
2019-06-10T15:56:07.310+0000: 24.025: [GC (Allocation Failure) 2019-06-10T15:56:07.310+0000: 24.025: [DefNew: 117061K->17023K(153600K), 0.0268485 secs] 132271K->32941K(494976K), 0.0269185 secs] [Times: user=0.02 sys=0.01, real=0.03 secs] 
2019-06-10T15:56:08.488+0000: 25.203: [Full GC (Metadata GC Threshold) 2019-06-10T15:56:08.489+0000: 25.203: [Tenured: 15917K->44399K(341376K), 0.0509994 secs] 80089K->44399K(494976K), [Metaspace: 34571K->34571K(1079296K)], 0.0510794 secs] [Times: user=0.05 sys=0.01, real=0.05 secs] 
2019-06-10T15:56:14.589+0000: 31.304: [GC (Allocation Failure) 2019-06-10T15:56:14.589+0000: 31.304: [DefNew: 136576K->105K(153600K), 0.0019919 secs] 180975K->44505K(494976K), 0.0020509 secs] [Times: user=0.00 sys=0.00, real=0.01 secs] 
2019-06-10T15:56:20.633+0000: 37.347: [GC (Allocation Failure) 2019-06-10T15:56:20.633+0000: 37.347: [DefNew: 136681K->136K(153600K), 0.0019254 secs] 181081K->44536K(494976K), 0.0019880 secs] [Times: user=0.00 sys=0.00, real=0.00 secs] 
2019-06-10T15:56:26.609+0000: 43.323: [GC (Allocation Failure) 2019-06-10T15:56:26.609+0000: 43.324: [DefNew: 136712K->170K(153600K), 0.0018973 secs] 181112K->44570K(494976K), 0.0019611 secs] [Times: user=0.00 sys=0.00, real=0.01 secs] 
2019-06-10T15:56:32.609+0000: 49.323: [GC (Allocation Failure) 2019-06-10T15:56:32.609+0000: 49.323: [DefNew: 136746K->171K(153600K), 0.0018786 secs] 181146K->44571K(494976K), 0.0019415 secs] [Times: user=0.00 sys=0.00, real=0.01 secs] 
2019-06-10T15:56:38.629+0000: 55.343: [GC (Allocation Failure) 2019-06-10T15:56:38.629+0000: 55.343: [DefNew: 136747K->173K(153600K), 0.0019659 secs] 181147K->44573K(494976K), 0.0020276 secs] [Times: user=0.00 sys=0.00, real=0.01 secs] 
15:56:52.868 [Curator-PathChildrenCache-0] ERROR o.a.c.f.r.c.PathChildrenCache  - 
java.lang.IllegalStateException: instance must be started before calling this method
	at org.apache.curator.shaded.com.google.common.base.Preconditions.checkState(Preconditions.java:444)
	at org.apache.curator.framework.imps.CuratorFrameworkImpl.getChildren(CuratorFrameworkImpl.java:456)
	at org.apache.curator.framework.recipes.cache.PathChildrenCache.refresh(PathChildrenCache.java:521)
	at org.apache.curator.framework.recipes.cache.RefreshOperation.invoke(RefreshOperation.java:35)
	at org.apache.curator.framework.recipes.cache.PathChildrenCache$9.run(PathChildrenCache.java:786)
	at java.util.concurrent.Executors$RunnableAdapter.call(Executors.java:511)
	at java.util.concurrent.FutureTask.run(FutureTask.java:266)
	at java.util.concurrent.Executors$RunnableAdapter.call(Executors.java:511)
	at java.util.concurrent.FutureTask.run(FutureTask.java:266)
	at java.util.concurrent.ThreadPoolExecutor.runWorker(ThreadPoolExecutor.java:1149)
	at java.util.concurrent.ThreadPoolExecutor$Worker.run(ThreadPoolExecutor.java:624)
	at java.lang.Thread.run(Thread.java:748)
Heap
 def new generation   total 153600K, used 100350K [0x00000000e0c00000, 0x00000000eb2a0000, 0x00000000eb2a0000)
  eden space 136576K,  73% used [0x00000000e0c00000, 0x00000000e6dd4408, 0x00000000e9160000)
  from space 17024K,   1% used [0x00000000e9160000, 0x00000000e918b5c8, 0x00000000ea200000)
  to   space 17024K,   0% used [0x00000000ea200000, 0x00000000ea200000, 0x00000000eb2a0000)
 tenured generation   total 341376K, used 44399K [0x00000000eb2a0000, 0x0000000100000000, 0x0000000100000000)
   the space 341376K,  13% used [0x00000000eb2a0000, 0x00000000eddfbfe0, 0x00000000eddfc000, 0x0000000100000000)
 Metaspace       used 36156K, capacity 37062K, committed 37376K, reserved 1081344K
  class space    used 4862K, capacity 5075K, committed 5120K, reserved 1048576K
