15:00:38,320 |-INFO in ch.qos.logback.classic.LoggerContext[default] - Could NOT find resource [logback-test.xml]
15:00:38,320 |-INFO in ch.qos.logback.classic.LoggerContext[default] - Could NOT find resource [logback.groovy]
15:00:38,320 |-INFO in ch.qos.logback.classic.LoggerContext[default] - Found resource [logback.xml] at [jar:file:/root/flamestream/lib/flamestream-runtime-1.0-SNAPSHOT.jar!/logback.xml]
15:00:38,321 |-WARN in ch.qos.logback.classic.LoggerContext[default] - Resource [logback.xml] occurs multiple times on the classpath.
15:00:38,321 |-WARN in ch.qos.logback.classic.LoggerContext[default] - Resource [logback.xml] occurs at [jar:file:/root/flamestream/lib/flamestream-runtime-1.0-SNAPSHOT.jar!/logback.xml]
15:00:38,321 |-WARN in ch.qos.logback.classic.LoggerContext[default] - Resource [logback.xml] occurs at [jar:file:/root/flamestream/flamestream-runtime-1.0-SNAPSHOT.jar!/logback.xml]
15:00:38,340 |-INFO in ch.qos.logback.core.joran.spi.ConfigurationWatchList@3fb6a447 - URL [jar:file:/root/flamestream/lib/flamestream-runtime-1.0-SNAPSHOT.jar!/logback.xml] is not of type file
15:00:38,413 |-INFO in ch.qos.logback.classic.joran.action.ConfigurationAction - debug attribute not set
15:00:38,414 |-INFO in ch.qos.logback.core.joran.action.AppenderAction - About to instantiate appender of type [ch.qos.logback.core.ConsoleAppender]
15:00:38,430 |-INFO in ch.qos.logback.core.joran.action.AppenderAction - Naming appender as [STDOUT]
15:00:38,451 |-INFO in ch.qos.logback.core.joran.action.NestedComplexPropertyIA - Assuming default type [ch.qos.logback.classic.encoder.PatternLayoutEncoder] for [encoder] property
15:00:38,518 |-INFO in ch.qos.logback.core.joran.action.AppenderAction - About to instantiate appender of type [ch.qos.logback.core.rolling.RollingFileAppender]
15:00:38,527 |-INFO in ch.qos.logback.core.joran.action.AppenderAction - Naming appender as [FILE]
15:00:38,557 |-INFO in c.q.l.core.rolling.TimeBasedRollingPolicy@127618319 - No compression will be used
15:00:38,559 |-INFO in c.q.l.core.rolling.TimeBasedRollingPolicy@127618319 - Will use the pattern /tmp/application_%d{yyyy-MM-dd}.%i.log for the active file
15:00:38,562 |-INFO in ch.qos.logback.core.rolling.SizeAndTimeBasedFNATP@6b2fad11 - The date pattern is 'yyyy-MM-dd' from file name pattern '/tmp/application_%d{yyyy-MM-dd}.%i.log'.
15:00:38,562 |-INFO in ch.qos.logback.core.rolling.SizeAndTimeBasedFNATP@6b2fad11 - Roll-over at midnight.
15:00:38,567 |-INFO in ch.qos.logback.core.rolling.SizeAndTimeBasedFNATP@6b2fad11 - Setting initial period to Mon Jun 10 14:59:17 UTC 2019
15:00:38,567 |-WARN in ch.qos.logback.core.rolling.SizeAndTimeBasedFNATP@6b2fad11 - SizeAndTimeBasedFNATP is deprecated. Use SizeAndTimeBasedRollingPolicy instead
15:00:38,567 |-WARN in ch.qos.logback.core.rolling.SizeAndTimeBasedFNATP@6b2fad11 - For more information see http://logback.qos.ch/manual/appenders.html#SizeAndTimeBasedRollingPolicy
15:00:38,571 |-INFO in ch.qos.logback.core.joran.action.NestedComplexPropertyIA - Assuming default type [ch.qos.logback.classic.encoder.PatternLayoutEncoder] for [encoder] property
15:00:38,576 |-INFO in ch.qos.logback.core.rolling.RollingFileAppender[FILE] - Active log file name: /tmp/application.log
15:00:38,576 |-INFO in ch.qos.logback.core.rolling.RollingFileAppender[FILE] - File property is set to [/tmp/application.log]
15:00:38,577 |-INFO in ch.qos.logback.classic.joran.action.RootLoggerAction - Setting level of ROOT logger to WARN
15:00:38,577 |-INFO in ch.qos.logback.core.joran.action.AppenderRefAction - Attaching appender named [STDOUT] to Logger[ROOT]
15:00:38,579 |-INFO in ch.qos.logback.core.joran.action.AppenderRefAction - Attaching appender named [FILE] to Logger[ROOT]
15:00:38,579 |-INFO in ch.qos.logback.classic.joran.action.ConfigurationAction - End of configuration.
15:00:38,579 |-INFO in ch.qos.logback.classic.joran.JoranConfigurator@79698539 - Registering current configuration as safe fallback point

Ama winner
Ama winner
2019-06-10T15:00:39.892+0000: 1.758: [Full GC (Metadata GC Threshold) 2019-06-10T15:00:39.892+0000: 1.758: [Tenured: 0K->15145K(341376K), 0.0398342 secs] 114987K->15145K(494976K), [Metaspace: 20726K->20726K(1067008K)], 0.0399037 secs] [Times: user=0.03 sys=0.01, real=0.04 secs] 
15:00:57.751 [Curator-PathChildrenCache-2] WARN  o.a.c.u.ZKPaths  - The version of ZooKeeper being used doesn't support Container nodes. CreateMode.PERSISTENT will be used instead.
2019-06-10T15:00:59.695+0000: 21.561: [GC (Allocation Failure) 2019-06-10T15:00:59.695+0000: 21.561: [DefNew: 136576K->17023K(153600K), 0.0299536 secs] 151721K->52762K(494976K), 0.0300172 secs] [Times: user=0.01 sys=0.01, real=0.03 secs] 
2019-06-10T15:01:00.315+0000: 22.180: [Full GC (Metadata GC Threshold) 2019-06-10T15:01:00.315+0000: 22.180: [Tenured: 35738K->44682K(341376K), 0.0398942 secs] 72824K->44682K(494976K), [Metaspace: 34553K->34553K(1079296K)], 0.0399720 secs] [Times: user=0.04 sys=0.00, real=0.04 secs] 
2019-06-10T15:01:02.390+0000: 24.255: [GC (Allocation Failure) 2019-06-10T15:01:02.390+0000: 24.255: [DefNew: 136576K->266K(153600K), 0.0026008 secs] 181258K->44948K(494976K), 0.0026627 secs] [Times: user=0.00 sys=0.00, real=0.01 secs] 
2019-06-10T15:01:04.032+0000: 25.898: [GC (Allocation Failure) 2019-06-10T15:01:04.032+0000: 25.898: [DefNew: 136842K->295K(153600K), 0.0022268 secs] 181524K->44977K(494976K), 0.0022855 secs] [Times: user=0.01 sys=0.00, real=0.00 secs] 
2019-06-10T15:01:05.428+0000: 27.294: [GC (Allocation Failure) 2019-06-10T15:01:05.428+0000: 27.294: [DefNew: 136871K->379K(153600K), 0.0024870 secs] 181553K->45062K(494976K), 0.0025477 secs] [Times: user=0.01 sys=0.00, real=0.01 secs] 
2019-06-10T15:01:06.792+0000: 28.657: [GC (Allocation Failure) 2019-06-10T15:01:06.792+0000: 28.657: [DefNew: 136955K->310K(153600K), 0.0022795 secs] 181638K->44993K(494976K), 0.0023383 secs] [Times: user=0.00 sys=0.00, real=0.00 secs] 
2019-06-10T15:01:08.286+0000: 30.152: [GC (Allocation Failure) 2019-06-10T15:01:08.286+0000: 30.152: [DefNew: 136886K->301K(153600K), 0.0022859 secs] 181569K->44984K(494976K), 0.0023475 secs] [Times: user=0.00 sys=0.00, real=0.00 secs] 
15:01:17.921 [Curator-PathChildrenCache-0] ERROR o.a.c.f.r.c.PathChildrenCache  - 
java.lang.IllegalStateException: instance must be started before calling this method
	at org.apache.curator.shaded.com.google.common.base.Preconditions.checkState(Preconditions.java:444)
	at org.apache.curator.framework.imps.CuratorFrameworkImpl.getChildren(CuratorFrameworkImpl.java:456)
	at org.apache.curator.framework.recipes.cache.PathChildrenCache.refresh(PathChildrenCache.java:521)
	at org.apache.curator.framework.recipes.cache.RefreshOperation.invoke(RefreshOperation.java:35)
	at org.apache.curator.framework.recipes.cache.PathChildrenCache$9.run(PathChildrenCache.java:786)
	at java.util.concurrent.Executors$RunnableAdapter.call(Executors.java:511)
	at java.util.concurrent.FutureTask.run(FutureTask.java:266)
	at java.util.concurrent.Executors$RunnableAdapter.call(Executors.java:511)
	at java.util.concurrent.FutureTask.run(FutureTask.java:266)
	at java.util.concurrent.ThreadPoolExecutor.runWorker(ThreadPoolExecutor.java:1149)
	at java.util.concurrent.ThreadPoolExecutor$Worker.run(ThreadPoolExecutor.java:624)
	at java.lang.Thread.run(Thread.java:748)
2019-06-10T15:01:18.862+0000: 40.728: [GC (Allocation Failure) 2019-06-10T15:01:18.862+0000: 40.728: [DefNew: 136877K->802K(153600K), 0.0033894 secs] 181560K->45485K(494976K), 0.0034534 secs] [Times: user=0.00 sys=0.00, real=0.00 secs] 
Heap
 def new generation   total 153600K, used 10085K [0x00000000e0c00000, 0x00000000eb2a0000, 0x00000000eb2a0000)
  eden space 136576K,   6% used [0x00000000e0c00000, 0x00000000e1510bf0, 0x00000000e9160000)
  from space 17024K,   4% used [0x00000000ea200000, 0x00000000ea2c8bc0, 0x00000000eb2a0000)
  to   space 17024K,   0% used [0x00000000e9160000, 0x00000000e9160000, 0x00000000ea200000)
 tenured generation   total 341376K, used 44682K [0x00000000eb2a0000, 0x0000000100000000, 0x0000000100000000)
   the space 341376K,  13% used [0x00000000eb2a0000, 0x00000000ede42a90, 0x00000000ede42c00, 0x0000000100000000)
 Metaspace       used 36087K, capacity 37088K, committed 37120K, reserved 1081344K
  class space    used 4865K, capacity 5092K, committed 5120K, reserved 1048576K
