08:22:46,370 |-INFO in ch.qos.logback.classic.LoggerContext[default] - Could NOT find resource [logback-test.xml]
08:22:46,370 |-INFO in ch.qos.logback.classic.LoggerContext[default] - Could NOT find resource [logback.groovy]
08:22:46,370 |-INFO in ch.qos.logback.classic.LoggerContext[default] - Found resource [logback.xml] at [jar:file:/root/flamestream/lib/flamestream-runtime-1.0-SNAPSHOT.jar!/logback.xml]
08:22:46,371 |-WARN in ch.qos.logback.classic.LoggerContext[default] - Resource [logback.xml] occurs multiple times on the classpath.
08:22:46,371 |-WARN in ch.qos.logback.classic.LoggerContext[default] - Resource [logback.xml] occurs at [jar:file:/root/flamestream/lib/flamestream-runtime-1.0-SNAPSHOT.jar!/logback.xml]
08:22:46,371 |-WARN in ch.qos.logback.classic.LoggerContext[default] - Resource [logback.xml] occurs at [jar:file:/root/flamestream/flamestream-runtime-1.0-SNAPSHOT.jar!/logback.xml]
08:22:46,392 |-INFO in ch.qos.logback.core.joran.spi.ConfigurationWatchList@3fb6a447 - URL [jar:file:/root/flamestream/lib/flamestream-runtime-1.0-SNAPSHOT.jar!/logback.xml] is not of type file
08:22:46,457 |-INFO in ch.qos.logback.classic.joran.action.ConfigurationAction - debug attribute not set
08:22:46,463 |-INFO in ch.qos.logback.core.joran.action.AppenderAction - About to instantiate appender of type [ch.qos.logback.core.ConsoleAppender]
08:22:46,474 |-INFO in ch.qos.logback.core.joran.action.AppenderAction - Naming appender as [STDOUT]
08:22:46,492 |-INFO in ch.qos.logback.core.joran.action.NestedComplexPropertyIA - Assuming default type [ch.qos.logback.classic.encoder.PatternLayoutEncoder] for [encoder] property
08:22:46,578 |-INFO in ch.qos.logback.core.joran.action.AppenderAction - About to instantiate appender of type [ch.qos.logback.core.rolling.RollingFileAppender]
08:22:46,587 |-INFO in ch.qos.logback.core.joran.action.AppenderAction - Naming appender as [FILE]
08:22:46,616 |-INFO in c.q.l.core.rolling.TimeBasedRollingPolicy@127618319 - No compression will be used
08:22:46,617 |-INFO in c.q.l.core.rolling.TimeBasedRollingPolicy@127618319 - Will use the pattern /tmp/application_%d{yyyy-MM-dd}.%i.log for the active file
08:22:46,620 |-INFO in ch.qos.logback.core.rolling.SizeAndTimeBasedFNATP@6b2fad11 - The date pattern is 'yyyy-MM-dd' from file name pattern '/tmp/application_%d{yyyy-MM-dd}.%i.log'.
08:22:46,620 |-INFO in ch.qos.logback.core.rolling.SizeAndTimeBasedFNATP@6b2fad11 - Roll-over at midnight.
08:22:46,625 |-INFO in ch.qos.logback.core.rolling.SizeAndTimeBasedFNATP@6b2fad11 - Setting initial period to Tue Jun 11 08:21:35 UTC 2019
08:22:46,625 |-WARN in ch.qos.logback.core.rolling.SizeAndTimeBasedFNATP@6b2fad11 - SizeAndTimeBasedFNATP is deprecated. Use SizeAndTimeBasedRollingPolicy instead
08:22:46,625 |-WARN in ch.qos.logback.core.rolling.SizeAndTimeBasedFNATP@6b2fad11 - For more information see http://logback.qos.ch/manual/appenders.html#SizeAndTimeBasedRollingPolicy
08:22:46,630 |-INFO in ch.qos.logback.core.joran.action.NestedComplexPropertyIA - Assuming default type [ch.qos.logback.classic.encoder.PatternLayoutEncoder] for [encoder] property
08:22:46,634 |-INFO in ch.qos.logback.core.rolling.RollingFileAppender[FILE] - Active log file name: /tmp/application.log
08:22:46,634 |-INFO in ch.qos.logback.core.rolling.RollingFileAppender[FILE] - File property is set to [/tmp/application.log]
08:22:46,635 |-INFO in ch.qos.logback.classic.joran.action.RootLoggerAction - Setting level of ROOT logger to WARN
08:22:46,635 |-INFO in ch.qos.logback.core.joran.action.AppenderRefAction - Attaching appender named [STDOUT] to Logger[ROOT]
08:22:46,637 |-INFO in ch.qos.logback.core.joran.action.AppenderRefAction - Attaching appender named [FILE] to Logger[ROOT]
08:22:46,637 |-INFO in ch.qos.logback.classic.joran.action.ConfigurationAction - End of configuration.
08:22:46,638 |-INFO in ch.qos.logback.classic.joran.JoranConfigurator@79698539 - Registering current configuration as safe fallback point

Ama winner
Ama winner
2019-06-11T08:22:47.904+0000: 1.718: [Full GC (Metadata GC Threshold) 2019-06-11T08:22:47.904+0000: 1.718: [Tenured: 0K->15159K(341376K), 0.0396847 secs] 114923K->15159K(494976K), [Metaspace: 20722K->20722K(1067008K)], 0.0397501 secs] [Times: user=0.04 sys=0.00, real=0.04 secs] 
08:23:03.155 [Curator-PathChildrenCache-1] WARN  o.a.c.u.ZKPaths  - The version of ZooKeeper being used doesn't support Container nodes. CreateMode.PERSISTENT will be used instead.
2019-06-11T08:23:05.192+0000: 19.006: [GC (Allocation Failure) 2019-06-11T08:23:05.192+0000: 19.006: [DefNew: 136576K->17024K(153600K), 0.0304810 secs] 151735K->52438K(494976K), 0.0305490 secs] [Times: user=0.02 sys=0.01, real=0.03 secs] 
2019-06-11T08:23:10.861+0000: 24.675: [GC (Allocation Failure) 2019-06-11T08:23:10.861+0000: 24.675: [DefNew: 153600K->326K(153600K), 0.0097491 secs] 189014K->43888K(494976K), 0.0098099 secs] [Times: user=0.00 sys=0.01, real=0.01 secs] 
2019-06-11T08:23:11.356+0000: 25.170: [Full GC (Metadata GC Threshold) 2019-06-11T08:23:11.356+0000: 25.170: [Tenured: 43561K->43848K(341376K), 0.0318710 secs] 59112K->43848K(494976K), [Metaspace: 34515K->34515K(1079296K)], 0.0319582 secs] [Times: user=0.03 sys=0.00, real=0.03 secs] 
2019-06-11T08:23:16.793+0000: 30.607: [GC (Allocation Failure) 2019-06-11T08:23:16.793+0000: 30.607: [DefNew: 136576K->53K(153600K), 0.0015849 secs] 180424K->43901K(494976K), 0.0016420 secs] [Times: user=0.00 sys=0.00, real=0.00 secs] 
2019-06-11T08:23:22.248+0000: 36.062: [GC (Allocation Failure) 2019-06-11T08:23:22.248+0000: 36.062: [DefNew: 136629K->51K(153600K), 0.0015543 secs] 180477K->43900K(494976K), 0.0016267 secs] [Times: user=0.00 sys=0.00, real=0.00 secs] 
2019-06-11T08:23:27.724+0000: 41.538: [GC (Allocation Failure) 2019-06-11T08:23:27.724+0000: 41.538: [DefNew: 136627K->51K(153600K), 0.0015805 secs] 180476K->43900K(494976K), 0.0016416 secs] [Times: user=0.01 sys=0.00, real=0.00 secs] 
2019-06-11T08:23:33.251+0000: 47.065: [GC (Allocation Failure) 2019-06-11T08:23:33.251+0000: 47.065: [DefNew: 136627K->52K(153600K), 0.0016281 secs] 180476K->43900K(494976K), 0.0016895 secs] [Times: user=0.00 sys=0.00, real=0.00 secs] 
08:23:43.653 [Curator-PathChildrenCache-0] ERROR o.a.c.f.r.c.PathChildrenCache  - 
java.lang.IllegalStateException: instance must be started before calling this method
	at org.apache.curator.shaded.com.google.common.base.Preconditions.checkState(Preconditions.java:444)
	at org.apache.curator.framework.imps.CuratorFrameworkImpl.getChildren(CuratorFrameworkImpl.java:456)
	at org.apache.curator.framework.recipes.cache.PathChildrenCache.refresh(PathChildrenCache.java:521)
	at org.apache.curator.framework.recipes.cache.RefreshOperation.invoke(RefreshOperation.java:35)
	at org.apache.curator.framework.recipes.cache.PathChildrenCache$9.run(PathChildrenCache.java:786)
	at java.util.concurrent.Executors$RunnableAdapter.call(Executors.java:511)
	at java.util.concurrent.FutureTask.run(FutureTask.java:266)
	at java.util.concurrent.Executors$RunnableAdapter.call(Executors.java:511)
	at java.util.concurrent.FutureTask.run(FutureTask.java:266)
	at java.util.concurrent.ThreadPoolExecutor.runWorker(ThreadPoolExecutor.java:1149)
	at java.util.concurrent.ThreadPoolExecutor$Worker.run(ThreadPoolExecutor.java:624)
	at java.lang.Thread.run(Thread.java:748)
Heap
 def new generation   total 153600K, used 98851K [0x00000000e0c00000, 0x00000000eb2a0000, 0x00000000eb2a0000)
  eden space 136576K,  72% used [0x00000000e0c00000, 0x00000000e6c7be90, 0x00000000e9160000)
  from space 17024K,   0% used [0x00000000e9160000, 0x00000000e916d010, 0x00000000ea200000)
  to   space 17024K,   0% used [0x00000000ea200000, 0x00000000ea200000, 0x00000000eb2a0000)
 tenured generation   total 341376K, used 43848K [0x00000000eb2a0000, 0x0000000100000000, 0x0000000100000000)
   the space 341376K,  12% used [0x00000000eb2a0000, 0x00000000edd721f8, 0x00000000edd72200, 0x0000000100000000)
 Metaspace       used 35744K, capacity 36666K, committed 36864K, reserved 1081344K
  class space    used 4816K, capacity 5009K, committed 5120K, reserved 1048576K
