08:20:40,495 |-INFO in ch.qos.logback.classic.LoggerContext[default] - Could NOT find resource [logback-test.xml]
08:20:40,495 |-INFO in ch.qos.logback.classic.LoggerContext[default] - Could NOT find resource [logback.groovy]
08:20:40,496 |-INFO in ch.qos.logback.classic.LoggerContext[default] - Found resource [logback.xml] at [jar:file:/root/flamestream/lib/flamestream-runtime-1.0-SNAPSHOT.jar!/logback.xml]
08:20:40,496 |-WARN in ch.qos.logback.classic.LoggerContext[default] - Resource [logback.xml] occurs multiple times on the classpath.
08:20:40,497 |-WARN in ch.qos.logback.classic.LoggerContext[default] - Resource [logback.xml] occurs at [jar:file:/root/flamestream/lib/flamestream-runtime-1.0-SNAPSHOT.jar!/logback.xml]
08:20:40,497 |-WARN in ch.qos.logback.classic.LoggerContext[default] - Resource [logback.xml] occurs at [jar:file:/root/flamestream/flamestream-runtime-1.0-SNAPSHOT.jar!/logback.xml]
08:20:40,516 |-INFO in ch.qos.logback.core.joran.spi.ConfigurationWatchList@3fb6a447 - URL [jar:file:/root/flamestream/lib/flamestream-runtime-1.0-SNAPSHOT.jar!/logback.xml] is not of type file
08:20:40,590 |-INFO in ch.qos.logback.classic.joran.action.ConfigurationAction - debug attribute not set
08:20:40,591 |-INFO in ch.qos.logback.core.joran.action.AppenderAction - About to instantiate appender of type [ch.qos.logback.core.ConsoleAppender]
08:20:40,607 |-INFO in ch.qos.logback.core.joran.action.AppenderAction - Naming appender as [STDOUT]
08:20:40,621 |-INFO in ch.qos.logback.core.joran.action.NestedComplexPropertyIA - Assuming default type [ch.qos.logback.classic.encoder.PatternLayoutEncoder] for [encoder] property
08:20:40,702 |-INFO in ch.qos.logback.core.joran.action.AppenderAction - About to instantiate appender of type [ch.qos.logback.core.rolling.RollingFileAppender]
08:20:40,707 |-INFO in ch.qos.logback.core.joran.action.AppenderAction - Naming appender as [FILE]
08:20:40,737 |-INFO in c.q.l.core.rolling.TimeBasedRollingPolicy@127618319 - No compression will be used
08:20:40,738 |-INFO in c.q.l.core.rolling.TimeBasedRollingPolicy@127618319 - Will use the pattern /tmp/application_%d{yyyy-MM-dd}.%i.log for the active file
08:20:40,741 |-INFO in ch.qos.logback.core.rolling.SizeAndTimeBasedFNATP@6b2fad11 - The date pattern is 'yyyy-MM-dd' from file name pattern '/tmp/application_%d{yyyy-MM-dd}.%i.log'.
08:20:40,741 |-INFO in ch.qos.logback.core.rolling.SizeAndTimeBasedFNATP@6b2fad11 - Roll-over at midnight.
08:20:40,746 |-INFO in ch.qos.logback.core.rolling.SizeAndTimeBasedFNATP@6b2fad11 - Setting initial period to Tue Jun 11 08:19:22 UTC 2019
08:20:40,746 |-WARN in ch.qos.logback.core.rolling.SizeAndTimeBasedFNATP@6b2fad11 - SizeAndTimeBasedFNATP is deprecated. Use SizeAndTimeBasedRollingPolicy instead
08:20:40,746 |-WARN in ch.qos.logback.core.rolling.SizeAndTimeBasedFNATP@6b2fad11 - For more information see http://logback.qos.ch/manual/appenders.html#SizeAndTimeBasedRollingPolicy
08:20:40,750 |-INFO in ch.qos.logback.core.joran.action.NestedComplexPropertyIA - Assuming default type [ch.qos.logback.classic.encoder.PatternLayoutEncoder] for [encoder] property
08:20:40,755 |-INFO in ch.qos.logback.core.rolling.RollingFileAppender[FILE] - Active log file name: /tmp/application.log
08:20:40,755 |-INFO in ch.qos.logback.core.rolling.RollingFileAppender[FILE] - File property is set to [/tmp/application.log]
08:20:40,756 |-INFO in ch.qos.logback.classic.joran.action.RootLoggerAction - Setting level of ROOT logger to WARN
08:20:40,756 |-INFO in ch.qos.logback.core.joran.action.AppenderRefAction - Attaching appender named [STDOUT] to Logger[ROOT]
08:20:40,758 |-INFO in ch.qos.logback.core.joran.action.AppenderRefAction - Attaching appender named [FILE] to Logger[ROOT]
08:20:40,758 |-INFO in ch.qos.logback.classic.joran.action.ConfigurationAction - End of configuration.
08:20:40,758 |-INFO in ch.qos.logback.classic.joran.JoranConfigurator@79698539 - Registering current configuration as safe fallback point

Ama winner
Ama winner
2019-06-11T08:20:42.029+0000: 1.718: [Full GC (Metadata GC Threshold) 2019-06-11T08:20:42.029+0000: 1.718: [Tenured: 0K->15209K(341376K), 0.0401236 secs] 114986K->15209K(494976K), [Metaspace: 20734K->20734K(1067008K)], 0.0401913 secs] [Times: user=0.04 sys=0.00, real=0.04 secs] 
08:20:58.782 [Curator-PathChildrenCache-1] WARN  o.a.c.u.ZKPaths  - The version of ZooKeeper being used doesn't support Container nodes. CreateMode.PERSISTENT will be used instead.
2019-06-11T08:21:01.244+0000: 20.933: [GC (Allocation Failure) 2019-06-11T08:21:01.244+0000: 20.933: [DefNew: 136576K->17023K(153600K), 0.0327533 secs] 151785K->52481K(494976K), 0.0328446 secs] [Times: user=0.02 sys=0.01, real=0.04 secs] 
2019-06-11T08:21:06.118+0000: 25.807: [GC (Allocation Failure) 2019-06-11T08:21:06.118+0000: 25.807: [DefNew: 153599K->134K(153600K), 0.0097994 secs] 189057K->43702K(494976K), 0.0098718 secs] [Times: user=0.01 sys=0.01, real=0.01 secs] 
2019-06-11T08:21:10.955+0000: 30.644: [GC (Allocation Failure) 2019-06-11T08:21:10.955+0000: 30.644: [DefNew: 136710K->131K(153600K), 0.0022918 secs] 180278K->43698K(494976K), 0.0023470 secs] [Times: user=0.00 sys=0.00, real=0.00 secs] 
2019-06-11T08:21:12.581+0000: 32.270: [Full GC (Metadata GC Threshold) 2019-06-11T08:21:12.581+0000: 32.270: [Tenured: 43567K->43696K(341376K), 0.0394990 secs] 90178K->43696K(494976K), [Metaspace: 34613K->34613K(1079296K)], 0.0395862 secs] [Times: user=0.04 sys=0.00, real=0.04 secs] 
2019-06-11T08:21:17.462+0000: 37.151: [GC (Allocation Failure) 2019-06-11T08:21:17.462+0000: 37.151: [DefNew: 136576K->47K(153600K), 0.0015937 secs] 180272K->43744K(494976K), 0.0016545 secs] [Times: user=0.00 sys=0.00, real=0.00 secs] 
2019-06-11T08:21:22.276+0000: 41.966: [GC (Allocation Failure) 2019-06-11T08:21:22.277+0000: 41.966: [DefNew: 136623K->53K(153600K), 0.0015084 secs] 180320K->43750K(494976K), 0.0015683 secs] [Times: user=0.00 sys=0.00, real=0.00 secs] 
2019-06-11T08:21:33.777+0000: 53.466: [GC (Allocation Failure) 2019-06-11T08:21:33.777+0000: 53.466: [DefNew: 136629K->48K(153600K), 0.0015902 secs] 180326K->43744K(494976K), 0.0016368 secs] [Times: user=0.00 sys=0.00, real=0.00 secs] 
08:21:35.985 [Curator-PathChildrenCache-0] ERROR o.a.c.f.r.c.PathChildrenCache  - 
java.lang.IllegalStateException: instance must be started before calling this method
	at org.apache.curator.shaded.com.google.common.base.Preconditions.checkState(Preconditions.java:444)
	at org.apache.curator.framework.imps.CuratorFrameworkImpl.getChildren(CuratorFrameworkImpl.java:456)
	at org.apache.curator.framework.recipes.cache.PathChildrenCache.refresh(PathChildrenCache.java:521)
	at org.apache.curator.framework.recipes.cache.RefreshOperation.invoke(RefreshOperation.java:35)
	at org.apache.curator.framework.recipes.cache.PathChildrenCache$9.run(PathChildrenCache.java:786)
	at java.util.concurrent.Executors$RunnableAdapter.call(Executors.java:511)
	at java.util.concurrent.FutureTask.run(FutureTask.java:266)
	at java.util.concurrent.Executors$RunnableAdapter.call(Executors.java:511)
	at java.util.concurrent.FutureTask.run(FutureTask.java:266)
	at java.util.concurrent.ThreadPoolExecutor.runWorker(ThreadPoolExecutor.java:1149)
	at java.util.concurrent.ThreadPoolExecutor$Worker.run(ThreadPoolExecutor.java:624)
	at java.lang.Thread.run(Thread.java:748)
Heap
 def new generation   total 153600K, used 28738K [0x00000000e0c00000, 0x00000000eb2a0000, 0x00000000eb2a0000)
  eden space 136576K,  21% used [0x00000000e0c00000, 0x00000000e2804ad0, 0x00000000e9160000)
  from space 17024K,   0% used [0x00000000e9160000, 0x00000000e916c0e8, 0x00000000ea200000)
  to   space 17024K,   0% used [0x00000000ea200000, 0x00000000ea200000, 0x00000000eb2a0000)
 tenured generation   total 341376K, used 43696K [0x00000000eb2a0000, 0x0000000100000000, 0x0000000100000000)
   the space 341376K,  12% used [0x00000000eb2a0000, 0x00000000edd4c250, 0x00000000edd4c400, 0x0000000100000000)
 Metaspace       used 35605K, capacity 36474K, committed 36864K, reserved 1081344K
  class space    used 4811K, capacity 5009K, committed 5120K, reserved 1048576K
