05:46:24,776 |-INFO in ch.qos.logback.classic.LoggerContext[default] - Could NOT find resource [logback-test.xml]
05:46:24,776 |-INFO in ch.qos.logback.classic.LoggerContext[default] - Could NOT find resource [logback.groovy]
05:46:24,776 |-INFO in ch.qos.logback.classic.LoggerContext[default] - Found resource [logback.xml] at [jar:file:/root/flamestream/lib/flamestream-runtime-1.0-SNAPSHOT.jar!/logback.xml]
05:46:24,777 |-WARN in ch.qos.logback.classic.LoggerContext[default] - Resource [logback.xml] occurs multiple times on the classpath.
05:46:24,777 |-WARN in ch.qos.logback.classic.LoggerContext[default] - Resource [logback.xml] occurs at [jar:file:/root/flamestream/lib/flamestream-runtime-1.0-SNAPSHOT.jar!/logback.xml]
05:46:24,777 |-WARN in ch.qos.logback.classic.LoggerContext[default] - Resource [logback.xml] occurs at [jar:file:/root/flamestream/flamestream-runtime-1.0-SNAPSHOT.jar!/logback.xml]
05:46:24,796 |-INFO in ch.qos.logback.core.joran.spi.ConfigurationWatchList@3fb6a447 - URL [jar:file:/root/flamestream/lib/flamestream-runtime-1.0-SNAPSHOT.jar!/logback.xml] is not of type file
05:46:24,863 |-INFO in ch.qos.logback.classic.joran.action.ConfigurationAction - debug attribute not set
05:46:24,863 |-INFO in ch.qos.logback.core.joran.action.AppenderAction - About to instantiate appender of type [ch.qos.logback.core.ConsoleAppender]
05:46:24,879 |-INFO in ch.qos.logback.core.joran.action.AppenderAction - Naming appender as [STDOUT]
05:46:24,898 |-INFO in ch.qos.logback.core.joran.action.NestedComplexPropertyIA - Assuming default type [ch.qos.logback.classic.encoder.PatternLayoutEncoder] for [encoder] property
05:46:24,981 |-INFO in ch.qos.logback.core.joran.action.AppenderAction - About to instantiate appender of type [ch.qos.logback.core.rolling.RollingFileAppender]
05:46:24,986 |-INFO in ch.qos.logback.core.joran.action.AppenderAction - Naming appender as [FILE]
05:46:25,016 |-INFO in c.q.l.core.rolling.TimeBasedRollingPolicy@127618319 - No compression will be used
05:46:25,017 |-INFO in c.q.l.core.rolling.TimeBasedRollingPolicy@127618319 - Will use the pattern /tmp/application_%d{yyyy-MM-dd}.%i.log for the active file
05:46:25,020 |-INFO in ch.qos.logback.core.rolling.SizeAndTimeBasedFNATP@6b2fad11 - The date pattern is 'yyyy-MM-dd' from file name pattern '/tmp/application_%d{yyyy-MM-dd}.%i.log'.
05:46:25,020 |-INFO in ch.qos.logback.core.rolling.SizeAndTimeBasedFNATP@6b2fad11 - Roll-over at midnight.
05:46:25,025 |-INFO in ch.qos.logback.core.rolling.SizeAndTimeBasedFNATP@6b2fad11 - Setting initial period to Tue Jun 11 05:45:08 UTC 2019
05:46:25,025 |-WARN in ch.qos.logback.core.rolling.SizeAndTimeBasedFNATP@6b2fad11 - SizeAndTimeBasedFNATP is deprecated. Use SizeAndTimeBasedRollingPolicy instead
05:46:25,025 |-WARN in ch.qos.logback.core.rolling.SizeAndTimeBasedFNATP@6b2fad11 - For more information see http://logback.qos.ch/manual/appenders.html#SizeAndTimeBasedRollingPolicy
05:46:25,029 |-INFO in ch.qos.logback.core.joran.action.NestedComplexPropertyIA - Assuming default type [ch.qos.logback.classic.encoder.PatternLayoutEncoder] for [encoder] property
05:46:25,034 |-INFO in ch.qos.logback.core.rolling.RollingFileAppender[FILE] - Active log file name: /tmp/application.log
05:46:25,034 |-INFO in ch.qos.logback.core.rolling.RollingFileAppender[FILE] - File property is set to [/tmp/application.log]
05:46:25,034 |-INFO in ch.qos.logback.classic.joran.action.RootLoggerAction - Setting level of ROOT logger to WARN
05:46:25,035 |-INFO in ch.qos.logback.core.joran.action.AppenderRefAction - Attaching appender named [STDOUT] to Logger[ROOT]
05:46:25,036 |-INFO in ch.qos.logback.core.joran.action.AppenderRefAction - Attaching appender named [FILE] to Logger[ROOT]
05:46:25,037 |-INFO in ch.qos.logback.classic.joran.action.ConfigurationAction - End of configuration.
05:46:25,038 |-INFO in ch.qos.logback.classic.joran.JoranConfigurator@79698539 - Registering current configuration as safe fallback point

Ama winner
Ama winner
2019-06-11T05:46:26.324+0000: 1.736: [Full GC (Metadata GC Threshold) 2019-06-11T05:46:26.324+0000: 1.736: [Tenured: 0K->15209K(341376K), 0.0397663 secs] 114923K->15209K(494976K), [Metaspace: 20737K->20737K(1067008K)], 0.0398327 secs] [Times: user=0.03 sys=0.01, real=0.03 secs] 
05:46:39.038 [Curator-PathChildrenCache-1] WARN  o.a.c.u.ZKPaths  - The version of ZooKeeper being used doesn't support Container nodes. CreateMode.PERSISTENT will be used instead.
2019-06-11T05:46:41.178+0000: 16.590: [GC (Allocation Failure) 2019-06-11T05:46:41.178+0000: 16.590: [DefNew: 136576K->17023K(153600K), 0.0256729 secs] 151785K->52292K(494976K), 0.0257423 secs] [Times: user=0.02 sys=0.01, real=0.02 secs] 
2019-06-11T05:46:46.931+0000: 22.343: [GC (Allocation Failure) 2019-06-11T05:46:46.931+0000: 22.343: [DefNew: 153599K->486K(153600K), 0.0097606 secs] 188868K->43762K(494976K), 0.0098218 secs] [Times: user=0.01 sys=0.00, real=0.01 secs] 
2019-06-11T05:46:47.814+0000: 23.226: [Full GC (Metadata GC Threshold) 2019-06-11T05:46:47.814+0000: 23.226: [Tenured: 43276K->43668K(341376K), 0.0351399 secs] 67389K->43668K(494976K), [Metaspace: 34616K->34616K(1079296K)], 0.0352215 secs] [Times: user=0.03 sys=0.00, real=0.04 secs] 
2019-06-11T05:46:53.505+0000: 28.917: [GC (Allocation Failure) 2019-06-11T05:46:53.505+0000: 28.917: [DefNew: 136576K->51K(153600K), 0.0017190 secs] 180244K->43719K(494976K), 0.0017783 secs] [Times: user=0.01 sys=0.00, real=0.00 secs] 
2019-06-11T05:46:59.148+0000: 34.560: [GC (Allocation Failure) 2019-06-11T05:46:59.148+0000: 34.560: [DefNew: 136627K->50K(153600K), 0.0015864 secs] 180295K->43718K(494976K), 0.0016493 secs] [Times: user=0.00 sys=0.00, real=0.00 secs] 
2019-06-11T05:47:04.842+0000: 40.254: [GC (Allocation Failure) 2019-06-11T05:47:04.842+0000: 40.254: [DefNew: 136626K->50K(153600K), 0.0016035 secs] 180294K->43719K(494976K), 0.0016744 secs] [Times: user=0.00 sys=0.00, real=0.00 secs] 
2019-06-11T05:47:13.966+0000: 49.378: [GC (Allocation Failure) 2019-06-11T05:47:13.966+0000: 49.378: [DefNew: 136626K->51K(153600K), 0.0016625 secs] 180295K->43719K(494976K), 0.0017198 secs] [Times: user=0.01 sys=0.00, real=0.00 secs] 
05:47:16.087 [Curator-PathChildrenCache-0] ERROR o.a.c.f.r.c.PathChildrenCache  - 
java.lang.IllegalStateException: instance must be started before calling this method
	at org.apache.curator.shaded.com.google.common.base.Preconditions.checkState(Preconditions.java:444)
	at org.apache.curator.framework.imps.CuratorFrameworkImpl.getChildren(CuratorFrameworkImpl.java:456)
	at org.apache.curator.framework.recipes.cache.PathChildrenCache.refresh(PathChildrenCache.java:521)
	at org.apache.curator.framework.recipes.cache.RefreshOperation.invoke(RefreshOperation.java:35)
	at org.apache.curator.framework.recipes.cache.PathChildrenCache$9.run(PathChildrenCache.java:786)
	at java.util.concurrent.Executors$RunnableAdapter.call(Executors.java:511)
	at java.util.concurrent.FutureTask.run(FutureTask.java:266)
	at java.util.concurrent.Executors$RunnableAdapter.call(Executors.java:511)
	at java.util.concurrent.FutureTask.run(FutureTask.java:266)
	at java.util.concurrent.ThreadPoolExecutor.runWorker(ThreadPoolExecutor.java:1149)
	at java.util.concurrent.ThreadPoolExecutor$Worker.run(ThreadPoolExecutor.java:624)
	at java.lang.Thread.run(Thread.java:748)
Heap
 def new generation   total 153600K, used 30125K [0x00000000e0c00000, 0x00000000eb2a0000, 0x00000000eb2a0000)
  eden space 136576K,  22% used [0x00000000e0c00000, 0x00000000e295eac8, 0x00000000e9160000)
  from space 17024K,   0% used [0x00000000e9160000, 0x00000000e916cc80, 0x00000000ea200000)
  to   space 17024K,   0% used [0x00000000ea200000, 0x00000000ea200000, 0x00000000eb2a0000)
 tenured generation   total 341376K, used 43668K [0x00000000eb2a0000, 0x0000000100000000, 0x0000000100000000)
   the space 341376K,  12% used [0x00000000eb2a0000, 0x00000000edd451f8, 0x00000000edd45200, 0x0000000100000000)
 Metaspace       used 35754K, capacity 36666K, committed 36864K, reserved 1081344K
  class space    used 4815K, capacity 5009K, committed 5120K, reserved 1048576K
