18:21:24,314 |-INFO in ch.qos.logback.classic.LoggerContext[default] - Could NOT find resource [logback-test.xml]
18:21:24,314 |-INFO in ch.qos.logback.classic.LoggerContext[default] - Could NOT find resource [logback.groovy]
18:21:24,314 |-INFO in ch.qos.logback.classic.LoggerContext[default] - Found resource [logback.xml] at [jar:file:/root/flamestream/lib/flamestream-runtime-1.0-SNAPSHOT.jar!/logback.xml]
18:21:24,315 |-WARN in ch.qos.logback.classic.LoggerContext[default] - Resource [logback.xml] occurs multiple times on the classpath.
18:21:24,319 |-WARN in ch.qos.logback.classic.LoggerContext[default] - Resource [logback.xml] occurs at [jar:file:/root/flamestream/lib/flamestream-runtime-1.0-SNAPSHOT.jar!/logback.xml]
18:21:24,319 |-WARN in ch.qos.logback.classic.LoggerContext[default] - Resource [logback.xml] occurs at [jar:file:/root/flamestream/flamestream-runtime-1.0-SNAPSHOT.jar!/logback.xml]
18:21:24,338 |-INFO in ch.qos.logback.core.joran.spi.ConfigurationWatchList@3fb6a447 - URL [jar:file:/root/flamestream/lib/flamestream-runtime-1.0-SNAPSHOT.jar!/logback.xml] is not of type file
18:21:24,411 |-INFO in ch.qos.logback.classic.joran.action.ConfigurationAction - debug attribute not set
18:21:24,412 |-INFO in ch.qos.logback.core.joran.action.AppenderAction - About to instantiate appender of type [ch.qos.logback.core.ConsoleAppender]
18:21:24,426 |-INFO in ch.qos.logback.core.joran.action.AppenderAction - Naming appender as [STDOUT]
18:21:24,444 |-INFO in ch.qos.logback.core.joran.action.NestedComplexPropertyIA - Assuming default type [ch.qos.logback.classic.encoder.PatternLayoutEncoder] for [encoder] property
18:21:24,533 |-INFO in ch.qos.logback.core.joran.action.AppenderAction - About to instantiate appender of type [ch.qos.logback.core.rolling.RollingFileAppender]
18:21:24,538 |-INFO in ch.qos.logback.core.joran.action.AppenderAction - Naming appender as [FILE]
18:21:24,567 |-INFO in c.q.l.core.rolling.TimeBasedRollingPolicy@127618319 - No compression will be used
18:21:24,568 |-INFO in c.q.l.core.rolling.TimeBasedRollingPolicy@127618319 - Will use the pattern /tmp/application_%d{yyyy-MM-dd}.%i.log for the active file
18:21:24,571 |-INFO in ch.qos.logback.core.rolling.SizeAndTimeBasedFNATP@6b2fad11 - The date pattern is 'yyyy-MM-dd' from file name pattern '/tmp/application_%d{yyyy-MM-dd}.%i.log'.
18:21:24,571 |-INFO in ch.qos.logback.core.rolling.SizeAndTimeBasedFNATP@6b2fad11 - Roll-over at midnight.
18:21:24,576 |-INFO in ch.qos.logback.core.rolling.SizeAndTimeBasedFNATP@6b2fad11 - Setting initial period to Mon Jun 10 18:19:31 UTC 2019
18:21:24,576 |-WARN in ch.qos.logback.core.rolling.SizeAndTimeBasedFNATP@6b2fad11 - SizeAndTimeBasedFNATP is deprecated. Use SizeAndTimeBasedRollingPolicy instead
18:21:24,576 |-WARN in ch.qos.logback.core.rolling.SizeAndTimeBasedFNATP@6b2fad11 - For more information see http://logback.qos.ch/manual/appenders.html#SizeAndTimeBasedRollingPolicy
18:21:24,580 |-INFO in ch.qos.logback.core.joran.action.NestedComplexPropertyIA - Assuming default type [ch.qos.logback.classic.encoder.PatternLayoutEncoder] for [encoder] property
18:21:24,585 |-INFO in ch.qos.logback.core.rolling.RollingFileAppender[FILE] - Active log file name: /tmp/application.log
18:21:24,585 |-INFO in ch.qos.logback.core.rolling.RollingFileAppender[FILE] - File property is set to [/tmp/application.log]
18:21:24,586 |-INFO in ch.qos.logback.classic.joran.action.RootLoggerAction - Setting level of ROOT logger to WARN
18:21:24,586 |-INFO in ch.qos.logback.core.joran.action.AppenderRefAction - Attaching appender named [STDOUT] to Logger[ROOT]
18:21:24,588 |-INFO in ch.qos.logback.core.joran.action.AppenderRefAction - Attaching appender named [FILE] to Logger[ROOT]
18:21:24,588 |-INFO in ch.qos.logback.classic.joran.action.ConfigurationAction - End of configuration.
18:21:24,588 |-INFO in ch.qos.logback.classic.joran.JoranConfigurator@79698539 - Registering current configuration as safe fallback point

Ama winner
Ama winner
2019-06-10T18:21:25.874+0000: 1.739: [Full GC (Metadata GC Threshold) 2019-06-10T18:21:25.874+0000: 1.739: [Tenured: 0K->15240K(341376K), 0.0388534 secs] 117750K->15240K(494976K), [Metaspace: 20728K->20728K(1067008K)], 0.0389197 secs] [Times: user=0.03 sys=0.01, real=0.04 secs] 
18:21:41.905 [Curator-PathChildrenCache-1] WARN  o.a.c.u.ZKPaths  - The version of ZooKeeper being used doesn't support Container nodes. CreateMode.PERSISTENT will be used instead.
2019-06-10T18:21:44.250+0000: 20.115: [GC (Allocation Failure) 2019-06-10T18:21:44.250+0000: 20.115: [DefNew: 136576K->17023K(153600K), 0.0259708 secs] 151816K->52565K(494976K), 0.0260497 secs] [Times: user=0.03 sys=0.00, real=0.03 secs] 
2019-06-10T18:21:46.592+0000: 22.457: [Full GC (Metadata GC Threshold) 2019-06-10T18:21:46.592+0000: 22.457: [Tenured: 35541K->44285K(341376K), 0.0441099 secs] 103634K->44285K(494976K), [Metaspace: 34631K->34631K(1079296K)], 0.0441974 secs] [Times: user=0.04 sys=0.00, real=0.04 secs] 
2019-06-10T18:21:53.525+0000: 29.390: [GC (Allocation Failure) 2019-06-10T18:21:53.525+0000: 29.390: [DefNew: 136576K->63K(153600K), 0.0017967 secs] 180861K->44348K(494976K), 0.0018539 secs] [Times: user=0.00 sys=0.00, real=0.00 secs] 
2019-06-10T18:22:00.620+0000: 36.485: [GC (Allocation Failure) 2019-06-10T18:22:00.620+0000: 36.485: [DefNew: 136639K->98K(153600K), 0.0017988 secs] 180924K->44383K(494976K), 0.0018609 secs] [Times: user=0.01 sys=0.00, real=0.00 secs] 
2019-06-10T18:22:07.779+0000: 43.644: [GC (Allocation Failure) 2019-06-10T18:22:07.779+0000: 43.644: [DefNew: 136674K->96K(153600K), 0.0017386 secs] 180959K->44381K(494976K), 0.0018081 secs] [Times: user=0.00 sys=0.00, real=0.00 secs] 
2019-06-10T18:22:14.987+0000: 50.852: [GC (Allocation Failure) 2019-06-10T18:22:14.987+0000: 50.852: [DefNew: 136672K->96K(153600K), 0.0018075 secs] 180957K->44381K(494976K), 0.0018771 secs] [Times: user=0.01 sys=0.00, real=0.00 secs] 
2019-06-10T18:22:22.190+0000: 58.055: [GC (Allocation Failure) 2019-06-10T18:22:22.190+0000: 58.055: [DefNew: 136672K->97K(153600K), 0.0018055 secs] 180957K->44382K(494976K), 0.0018765 secs] [Times: user=0.00 sys=0.00, real=0.01 secs] 
18:22:41.991 [Curator-PathChildrenCache-0] ERROR o.a.c.f.r.c.PathChildrenCache  - 
java.lang.IllegalStateException: instance must be started before calling this method
	at org.apache.curator.shaded.com.google.common.base.Preconditions.checkState(Preconditions.java:444)
	at org.apache.curator.framework.imps.CuratorFrameworkImpl.getChildren(CuratorFrameworkImpl.java:456)
	at org.apache.curator.framework.recipes.cache.PathChildrenCache.refresh(PathChildrenCache.java:521)
	at org.apache.curator.framework.recipes.cache.RefreshOperation.invoke(RefreshOperation.java:35)
	at org.apache.curator.framework.recipes.cache.PathChildrenCache$9.run(PathChildrenCache.java:786)
	at java.util.concurrent.Executors$RunnableAdapter.call(Executors.java:511)
	at java.util.concurrent.FutureTask.run(FutureTask.java:266)
	at java.util.concurrent.Executors$RunnableAdapter.call(Executors.java:511)
	at java.util.concurrent.FutureTask.run(FutureTask.java:266)
	at java.util.concurrent.ThreadPoolExecutor.runWorker(ThreadPoolExecutor.java:1149)
	at java.util.concurrent.ThreadPoolExecutor$Worker.run(ThreadPoolExecutor.java:624)
	at java.lang.Thread.run(Thread.java:748)
2019-06-10T18:22:42.538+0000: 78.403: [GC (Allocation Failure) 2019-06-10T18:22:42.538+0000: 78.403: [DefNew: 136673K->861K(153600K), 0.0032980 secs] 180958K->45146K(494976K), 0.0033616 secs] [Times: user=0.00 sys=0.00, real=0.01 secs] 
Heap
 def new generation   total 153600K, used 15252K [0x00000000e0c00000, 0x00000000eb2a0000, 0x00000000eb2a0000)
  eden space 136576K,  10% used [0x00000000e0c00000, 0x00000000e1a0d8b0, 0x00000000e9160000)
  from space 17024K,   5% used [0x00000000ea200000, 0x00000000ea2d77b0, 0x00000000eb2a0000)
  to   space 17024K,   0% used [0x00000000e9160000, 0x00000000e9160000, 0x00000000ea200000)
 tenured generation   total 341376K, used 44285K [0x00000000eb2a0000, 0x0000000100000000, 0x0000000100000000)
   the space 341376K,  12% used [0x00000000eb2a0000, 0x00000000edddf420, 0x00000000edddf600, 0x0000000100000000)
 Metaspace       used 36235K, capacity 37134K, committed 37376K, reserved 1081344K
  class space    used 4878K, capacity 5087K, committed 5120K, reserved 1048576K
