18:00:18,947 |-INFO in ch.qos.logback.classic.LoggerContext[default] - Could NOT find resource [logback-test.xml]
18:00:18,947 |-INFO in ch.qos.logback.classic.LoggerContext[default] - Could NOT find resource [logback.groovy]
18:00:18,948 |-INFO in ch.qos.logback.classic.LoggerContext[default] - Found resource [logback.xml] at [jar:file:/root/flamestream/lib/flamestream-runtime-1.0-SNAPSHOT.jar!/logback.xml]
18:00:18,948 |-WARN in ch.qos.logback.classic.LoggerContext[default] - Resource [logback.xml] occurs multiple times on the classpath.
18:00:18,948 |-WARN in ch.qos.logback.classic.LoggerContext[default] - Resource [logback.xml] occurs at [jar:file:/root/flamestream/lib/flamestream-runtime-1.0-SNAPSHOT.jar!/logback.xml]
18:00:18,948 |-WARN in ch.qos.logback.classic.LoggerContext[default] - Resource [logback.xml] occurs at [jar:file:/root/flamestream/flamestream-runtime-1.0-SNAPSHOT.jar!/logback.xml]
18:00:18,968 |-INFO in ch.qos.logback.core.joran.spi.ConfigurationWatchList@3fb6a447 - URL [jar:file:/root/flamestream/lib/flamestream-runtime-1.0-SNAPSHOT.jar!/logback.xml] is not of type file
18:00:19,041 |-INFO in ch.qos.logback.classic.joran.action.ConfigurationAction - debug attribute not set
18:00:19,041 |-INFO in ch.qos.logback.core.joran.action.AppenderAction - About to instantiate appender of type [ch.qos.logback.core.ConsoleAppender]
18:00:19,061 |-INFO in ch.qos.logback.core.joran.action.AppenderAction - Naming appender as [STDOUT]
18:00:19,079 |-INFO in ch.qos.logback.core.joran.action.NestedComplexPropertyIA - Assuming default type [ch.qos.logback.classic.encoder.PatternLayoutEncoder] for [encoder] property
18:00:19,163 |-INFO in ch.qos.logback.core.joran.action.AppenderAction - About to instantiate appender of type [ch.qos.logback.core.rolling.RollingFileAppender]
18:00:19,168 |-INFO in ch.qos.logback.core.joran.action.AppenderAction - Naming appender as [FILE]
18:00:19,199 |-INFO in c.q.l.core.rolling.TimeBasedRollingPolicy@127618319 - No compression will be used
18:00:19,200 |-INFO in c.q.l.core.rolling.TimeBasedRollingPolicy@127618319 - Will use the pattern /tmp/application_%d{yyyy-MM-dd}.%i.log for the active file
18:00:19,203 |-INFO in ch.qos.logback.core.rolling.SizeAndTimeBasedFNATP@6b2fad11 - The date pattern is 'yyyy-MM-dd' from file name pattern '/tmp/application_%d{yyyy-MM-dd}.%i.log'.
18:00:19,203 |-INFO in ch.qos.logback.core.rolling.SizeAndTimeBasedFNATP@6b2fad11 - Roll-over at midnight.
18:00:19,208 |-INFO in ch.qos.logback.core.rolling.SizeAndTimeBasedFNATP@6b2fad11 - Setting initial period to Tue Jun 11 17:59:11 UTC 2019
18:00:19,208 |-WARN in ch.qos.logback.core.rolling.SizeAndTimeBasedFNATP@6b2fad11 - SizeAndTimeBasedFNATP is deprecated. Use SizeAndTimeBasedRollingPolicy instead
18:00:19,208 |-WARN in ch.qos.logback.core.rolling.SizeAndTimeBasedFNATP@6b2fad11 - For more information see http://logback.qos.ch/manual/appenders.html#SizeAndTimeBasedRollingPolicy
18:00:19,212 |-INFO in ch.qos.logback.core.joran.action.NestedComplexPropertyIA - Assuming default type [ch.qos.logback.classic.encoder.PatternLayoutEncoder] for [encoder] property
18:00:19,216 |-INFO in ch.qos.logback.core.rolling.RollingFileAppender[FILE] - Active log file name: /tmp/application.log
18:00:19,216 |-INFO in ch.qos.logback.core.rolling.RollingFileAppender[FILE] - File property is set to [/tmp/application.log]
18:00:19,217 |-INFO in ch.qos.logback.classic.joran.action.RootLoggerAction - Setting level of ROOT logger to WARN
18:00:19,217 |-INFO in ch.qos.logback.core.joran.action.AppenderRefAction - Attaching appender named [STDOUT] to Logger[ROOT]
18:00:19,219 |-INFO in ch.qos.logback.core.joran.action.AppenderRefAction - Attaching appender named [FILE] to Logger[ROOT]
18:00:19,219 |-INFO in ch.qos.logback.classic.joran.action.ConfigurationAction - End of configuration.
18:00:19,220 |-INFO in ch.qos.logback.classic.joran.JoranConfigurator@79698539 - Registering current configuration as safe fallback point

Ama winner
Ama winner
2019-06-11T18:00:20.796+0000: 2.034: [Full GC (Metadata GC Threshold) 2019-06-11T18:00:20.796+0000: 2.034: [Tenured: 0K->15241K(341376K), 0.0497521 secs] 115050K->15241K(494976K), [Metaspace: 20744K->20744K(1067008K)], 0.0498179 secs] [Times: user=0.03 sys=0.01, real=0.05 secs] 
18:00:33.848 [Curator-PathChildrenCache-2] WARN  o.a.c.u.ZKPaths  - The version of ZooKeeper being used doesn't support Container nodes. CreateMode.PERSISTENT will be used instead.
2019-06-11T18:00:35.971+0000: 17.209: [GC (Allocation Failure) 2019-06-11T18:00:35.971+0000: 17.209: [DefNew: 136576K->13921K(153600K), 0.0253472 secs] 151817K->48694K(494976K), 0.0254136 secs] [Times: user=0.02 sys=0.01, real=0.02 secs] 
2019-06-11T18:00:39.199+0000: 20.438: [Full GC (Metadata GC Threshold) 2019-06-11T18:00:39.199+0000: 20.438: [Tenured: 34773K->39324K(341376K), 0.0403410 secs] 119853K->39324K(494976K), [Metaspace: 34632K->34632K(1079296K)], 0.0404103 secs] [Times: user=0.04 sys=0.00, real=0.04 secs] 
2019-06-11T18:00:48.851+0000: 30.089: [GC (Allocation Failure) 2019-06-11T18:00:48.851+0000: 30.089: [DefNew: 136576K->57K(153600K), 0.0016517 secs] 175900K->39382K(494976K), 0.0017089 secs] [Times: user=0.00 sys=0.00, real=0.00 secs] 
2019-06-11T18:00:58.684+0000: 39.922: [GC (Allocation Failure) 2019-06-11T18:00:58.684+0000: 39.922: [DefNew: 136633K->62K(153600K), 0.0016149 secs] 175958K->39386K(494976K), 0.0016752 secs] [Times: user=0.00 sys=0.00, real=0.00 secs] 
2019-06-11T18:01:08.608+0000: 49.847: [GC (Allocation Failure) 2019-06-11T18:01:08.608+0000: 49.847: [DefNew: 136638K->63K(153600K), 0.0016054 secs] 175962K->39387K(494976K), 0.0016622 secs] [Times: user=0.00 sys=0.00, real=0.01 secs] 
2019-06-11T18:01:18.506+0000: 59.744: [GC (Allocation Failure) 2019-06-11T18:01:18.506+0000: 59.744: [DefNew: 136639K->64K(153600K), 0.0016370 secs] 175963K->39388K(494976K), 0.0016958 secs] [Times: user=0.00 sys=0.00, real=0.00 secs] 
2019-06-11T18:01:30.644+0000: 71.883: [GC (Allocation Failure) 2019-06-11T18:01:30.644+0000: 71.883: [DefNew: 136640K->361K(153600K), 0.0020150 secs] 175964K->39685K(494976K), 0.0020740 secs] [Times: user=0.00 sys=0.00, real=0.00 secs] 
2019-06-11T18:01:43.853+0000: 85.092: [GC (Allocation Failure) 2019-06-11T18:01:43.854+0000: 85.092: [DefNew: 136937K->222K(153600K), 0.0019728 secs] 176261K->39547K(494976K), 0.0020342 secs] [Times: user=0.00 sys=0.00, real=0.00 secs] 
2019-06-11T18:01:57.143+0000: 98.381: [GC (Allocation Failure) 2019-06-11T18:01:57.143+0000: 98.381: [DefNew: 136798K->225K(153600K), 0.0019763 secs] 176123K->39549K(494976K), 0.0020484 secs] [Times: user=0.01 sys=0.00, real=0.00 secs] 
18:02:15.198 [Curator-PathChildrenCache-0] ERROR o.a.c.f.r.c.PathChildrenCache  - 
java.lang.IllegalStateException: instance must be started before calling this method
	at org.apache.curator.shaded.com.google.common.base.Preconditions.checkState(Preconditions.java:444)
	at org.apache.curator.framework.imps.CuratorFrameworkImpl.getChildren(CuratorFrameworkImpl.java:456)
	at org.apache.curator.framework.recipes.cache.PathChildrenCache.refresh(PathChildrenCache.java:521)
	at org.apache.curator.framework.recipes.cache.RefreshOperation.invoke(RefreshOperation.java:35)
	at org.apache.curator.framework.recipes.cache.PathChildrenCache$9.run(PathChildrenCache.java:786)
	at java.util.concurrent.Executors$RunnableAdapter.call(Executors.java:511)
	at java.util.concurrent.FutureTask.run(FutureTask.java:266)
	at java.util.concurrent.Executors$RunnableAdapter.call(Executors.java:511)
	at java.util.concurrent.FutureTask.run(FutureTask.java:266)
	at java.util.concurrent.ThreadPoolExecutor.runWorker(ThreadPoolExecutor.java:1149)
	at java.util.concurrent.ThreadPoolExecutor$Worker.run(ThreadPoolExecutor.java:624)
	at java.lang.Thread.run(Thread.java:748)
Heap
 def new generation   total 153600K, used 110604K [0x00000000e0c00000, 0x00000000eb2a0000, 0x00000000eb2a0000)
  eden space 136576K,  80% used [0x00000000e0c00000, 0x00000000e77caa30, 0x00000000e9160000)
  from space 17024K,   1% used [0x00000000e9160000, 0x00000000e9198658, 0x00000000ea200000)
  to   space 17024K,   0% used [0x00000000ea200000, 0x00000000ea200000, 0x00000000eb2a0000)
 tenured generation   total 341376K, used 39324K [0x00000000eb2a0000, 0x0000000100000000, 0x0000000100000000)
   the space 341376K,  11% used [0x00000000eb2a0000, 0x00000000ed907170, 0x00000000ed907200, 0x0000000100000000)
 Metaspace       used 35905K, capacity 36742K, committed 36864K, reserved 1081344K
  class space    used 4871K, capacity 5065K, committed 5120K, reserved 1048576K
