22:56:57,354 |-INFO in ch.qos.logback.classic.LoggerContext[default] - Could NOT find resource [logback-test.xml]
22:56:57,354 |-INFO in ch.qos.logback.classic.LoggerContext[default] - Could NOT find resource [logback.groovy]
22:56:57,354 |-INFO in ch.qos.logback.classic.LoggerContext[default] - Found resource [logback.xml] at [jar:file:/home/nikitasokolov/flamestream/lib/flamestream-runtime-1.0-SNAPSHOT.jar!/logback.xml]
22:56:57,355 |-WARN in ch.qos.logback.classic.LoggerContext[default] - Resource [logback.xml] occurs multiple times on the classpath.
22:56:57,355 |-WARN in ch.qos.logback.classic.LoggerContext[default] - Resource [logback.xml] occurs at [jar:file:/home/nikitasokolov/flamestream/lib/flamestream-runtime-1.0-SNAPSHOT.jar!/logback.xml]
22:56:57,355 |-WARN in ch.qos.logback.classic.LoggerContext[default] - Resource [logback.xml] occurs at [jar:file:/home/nikitasokolov/flamestream/flamestream-runtime-1.0-SNAPSHOT.jar!/logback.xml]
22:56:57,371 |-INFO in ch.qos.logback.core.joran.spi.ConfigurationWatchList@6108b2d7 - URL [jar:file:/home/nikitasokolov/flamestream/lib/flamestream-runtime-1.0-SNAPSHOT.jar!/logback.xml] is not of type file
22:56:57,421 |-INFO in ch.qos.logback.classic.joran.action.ConfigurationAction - debug attribute not set
22:56:57,422 |-INFO in ch.qos.logback.core.joran.action.AppenderAction - About to instantiate appender of type [ch.qos.logback.core.ConsoleAppender]
22:56:57,430 |-INFO in ch.qos.logback.core.joran.action.AppenderAction - Naming appender as [STDOUT]
22:56:57,438 |-INFO in ch.qos.logback.core.joran.action.NestedComplexPropertyIA - Assuming default type [ch.qos.logback.classic.encoder.PatternLayoutEncoder] for [encoder] property
22:56:57,496 |-INFO in ch.qos.logback.core.joran.action.AppenderAction - About to instantiate appender of type [ch.qos.logback.core.rolling.RollingFileAppender]
22:56:57,501 |-INFO in ch.qos.logback.core.joran.action.AppenderAction - Naming appender as [FILE]
22:56:57,523 |-INFO in c.q.l.core.rolling.TimeBasedRollingPolicy@357863579 - No compression will be used
22:56:57,525 |-INFO in c.q.l.core.rolling.TimeBasedRollingPolicy@357863579 - Will use the pattern /tmp/application_%d{yyyy-MM-dd}.%i.log for the active file
22:56:57,527 |-INFO in ch.qos.logback.core.rolling.SizeAndTimeBasedFNATP@6bf256fa - The date pattern is 'yyyy-MM-dd' from file name pattern '/tmp/application_%d{yyyy-MM-dd}.%i.log'.
22:56:57,527 |-INFO in ch.qos.logback.core.rolling.SizeAndTimeBasedFNATP@6bf256fa - Roll-over at midnight.
22:56:57,532 |-INFO in ch.qos.logback.core.rolling.SizeAndTimeBasedFNATP@6bf256fa - Setting initial period to Sat Jun 08 22:56:21 MSK 2019
22:56:57,532 |-WARN in ch.qos.logback.core.rolling.SizeAndTimeBasedFNATP@6bf256fa - SizeAndTimeBasedFNATP is deprecated. Use SizeAndTimeBasedRollingPolicy instead
22:56:57,532 |-WARN in ch.qos.logback.core.rolling.SizeAndTimeBasedFNATP@6bf256fa - For more information see http://logback.qos.ch/manual/appenders.html#SizeAndTimeBasedRollingPolicy
22:56:57,536 |-INFO in ch.qos.logback.core.joran.action.NestedComplexPropertyIA - Assuming default type [ch.qos.logback.classic.encoder.PatternLayoutEncoder] for [encoder] property
22:56:57,538 |-INFO in ch.qos.logback.core.rolling.RollingFileAppender[FILE] - Active log file name: /tmp/application.log
22:56:57,538 |-INFO in ch.qos.logback.core.rolling.RollingFileAppender[FILE] - File property is set to [/tmp/application.log]
22:56:57,539 |-INFO in ch.qos.logback.classic.joran.action.RootLoggerAction - Setting level of ROOT logger to WARN
22:56:57,539 |-INFO in ch.qos.logback.core.joran.action.AppenderRefAction - Attaching appender named [STDOUT] to Logger[ROOT]
22:56:57,540 |-INFO in ch.qos.logback.core.joran.action.AppenderRefAction - Attaching appender named [FILE] to Logger[ROOT]
22:56:57,540 |-INFO in ch.qos.logback.classic.joran.action.ConfigurationAction - End of configuration.
22:56:57,541 |-INFO in ch.qos.logback.classic.joran.JoranConfigurator@6cd8737 - Registering current configuration as safe fallback point

2019-06-08T22:56:58.539+0300: 1.381: [GC (Metadata GC Threshold) [PSYoungGen: 108152K->15667K(149504K)] 108152K->15747K(491008K), 0.0283281 secs] [Times: user=0.16 sys=0.04, real=0.02 secs] 
2019-06-08T22:56:58.567+0300: 1.409: [Full GC (Metadata GC Threshold) [PSYoungGen: 15667K->0K(149504K)] [ParOldGen: 80K->14981K(341504K)] 15747K->14981K(491008K), [Metaspace: 20802K->20802K(1067008K)], 0.0286348 secs] [Times: user=0.19 sys=0.01, real=0.03 secs] 
22:57:05.819 [Curator-PathChildrenCache-1] WARN  o.a.c.u.ZKPaths  - The version of ZooKeeper being used doesn't support Container nodes. CreateMode.PERSISTENT will be used instead.
2019-06-08T22:57:06.803+0300: 9.644: [GC (Metadata GC Threshold) [PSYoungGen: 123712K->15794K(149504K)] 138694K->50315K(491008K), 0.0304587 secs] [Times: user=0.25 sys=0.02, real=0.03 secs] 
2019-06-08T22:57:06.833+0300: 9.675: [Full GC (Metadata GC Threshold) [PSYoungGen: 15794K->0K(149504K)] [ParOldGen: 34521K->38760K(341504K)] 50315K->38760K(491008K), [Metaspace: 34569K->34569K(1079296K)], 0.0374086 secs] [Times: user=0.20 sys=0.02, real=0.04 secs] 
2019-06-08T22:57:08.764+0300: 11.606: [GC (Allocation Failure) [PSYoungGen: 128512K->544K(149504K)] 167272K->39312K(491008K), 0.0040293 secs] [Times: user=0.03 sys=0.00, real=0.00 secs] 
2019-06-08T22:57:11.110+0300: 13.952: [GC (Allocation Failure) [PSYoungGen: 129056K->544K(149504K)] 167824K->39320K(491008K), 0.0707737 secs] [Times: user=0.02 sys=0.00, real=0.07 secs] 
2019-06-08T22:57:13.275+0300: 16.117: [GC (Allocation Failure) [PSYoungGen: 129056K->512K(149504K)] 167832K->39296K(491008K), 0.0061319 secs] [Times: user=0.04 sys=0.01, real=0.01 secs] 
2019-06-08T22:57:15.551+0300: 18.393: [GC (Allocation Failure) [PSYoungGen: 129024K->608K(150016K)] 167808K->39400K(491520K), 0.0027016 secs] [Times: user=0.01 sys=0.00, real=0.00 secs] 
2019-06-08T22:57:17.814+0300: 20.656: [GC (Allocation Failure) [PSYoungGen: 129632K->512K(149504K)] 168424K->39312K(491008K), 0.0045539 secs] [Times: user=0.03 sys=0.00, real=0.01 secs] 
2019-06-08T22:57:20.096+0300: 22.938: [GC (Allocation Failure) [PSYoungGen: 129536K->576K(152064K)] 168336K->39384K(493568K), 0.0046656 secs] [Times: user=0.02 sys=0.00, real=0.01 secs] 
2019-06-08T22:57:22.435+0300: 25.277: [GC (Allocation Failure) [PSYoungGen: 133184K->512K(151040K)] 171992K->39328K(492544K), 0.0027932 secs] [Times: user=0.01 sys=0.00, real=0.01 secs] 
2019-06-08T22:57:24.802+0300: 27.644: [GC (Allocation Failure) [PSYoungGen: 133120K->480K(153600K)] 171936K->39296K(495104K), 0.0034533 secs] [Times: user=0.02 sys=0.01, real=0.00 secs] 
2019-06-08T22:57:27.214+0300: 30.055: [GC (Allocation Failure) [PSYoungGen: 136160K->672K(152576K)] 174976K->39496K(494080K), 0.0038980 secs] [Times: user=0.03 sys=0.01, real=0.01 secs] 
2019-06-08T22:57:29.632+0300: 32.474: [GC (Allocation Failure) [PSYoungGen: 136352K->736K(155136K)] 175176K->39568K(496640K), 0.0041200 secs] [Times: user=0.01 sys=0.00, real=0.00 secs] 
2019-06-08T22:57:32.105+0300: 34.947: [GC (Allocation Failure) [PSYoungGen: 139488K->640K(154112K)] 178320K->39480K(495616K), 0.0028404 secs] [Times: user=0.02 sys=0.00, real=0.00 secs] 
2019-06-08T22:57:34.570+0300: 37.412: [GC (Allocation Failure) [PSYoungGen: 139392K->672K(156672K)] 178232K->39520K(498176K), 0.0035080 secs] [Times: user=0.02 sys=0.00, real=0.00 secs] 
2019-06-08T22:57:37.078+0300: 39.920: [GC (Allocation Failure) [PSYoungGen: 142496K->704K(155648K)] 181344K->39560K(497152K), 0.0032064 secs] [Times: user=0.01 sys=0.00, real=0.00 secs] 
2019-06-08T22:57:39.610+0300: 42.452: [GC (Allocation Failure) [PSYoungGen: 142528K->640K(158208K)] 181384K->39496K(499712K), 0.0694501 secs] [Times: user=0.01 sys=0.00, real=0.07 secs] 
2019-06-08T22:57:42.187+0300: 45.029: [GC (Allocation Failure) [PSYoungGen: 145536K->640K(157184K)] 184392K->39496K(498688K), 0.0057529 secs] [Times: user=0.05 sys=0.00, real=0.01 secs] 
2019-06-08T22:57:44.776+0300: 47.617: [GC (Allocation Failure) [PSYoungGen: 145536K->512K(159744K)] 184392K->39656K(501248K), 0.0026551 secs] [Times: user=0.02 sys=0.00, real=0.01 secs] 
2019-06-08T22:57:47.392+0300: 50.234: [GC (Allocation Failure) [PSYoungGen: 148480K->512K(158720K)] 187624K->39704K(500224K), 0.0024507 secs] [Times: user=0.00 sys=0.00, real=0.00 secs] 
2019-06-08T22:57:50.046+0300: 52.888: [GC (Allocation Failure) [PSYoungGen: 148480K->480K(160768K)] 187672K->39688K(502272K), 0.0554218 secs] [Times: user=0.01 sys=0.00, real=0.06 secs] 
22:58:00.450 [Curator-PathChildrenCache-0] ERROR o.a.c.f.r.c.PathChildrenCache  - 
java.lang.IllegalStateException: instance must be started before calling this method
	at org.apache.curator.shaded.com.google.common.base.Preconditions.checkState(Preconditions.java:444)
	at org.apache.curator.framework.imps.CuratorFrameworkImpl.getChildren(CuratorFrameworkImpl.java:456)
	at org.apache.curator.framework.recipes.cache.PathChildrenCache.refresh(PathChildrenCache.java:521)
	at org.apache.curator.framework.recipes.cache.RefreshOperation.invoke(RefreshOperation.java:35)
	at org.apache.curator.framework.recipes.cache.PathChildrenCache$9.run(PathChildrenCache.java:786)
	at java.util.concurrent.Executors$RunnableAdapter.call(Executors.java:511)
	at java.util.concurrent.FutureTask.run(FutureTask.java:266)
	at java.util.concurrent.Executors$RunnableAdapter.call(Executors.java:511)
	at java.util.concurrent.FutureTask.run(FutureTask.java:266)
	at java.util.concurrent.ThreadPoolExecutor.runWorker(ThreadPoolExecutor.java:1149)
	at java.util.concurrent.ThreadPoolExecutor$Worker.run(ThreadPoolExecutor.java:624)
	at java.lang.Thread.run(Thread.java:748)
Heap
 PSYoungGen      total 160768K, used 76793K [0x00000000f5980000, 0x0000000100000000, 0x0000000100000000)
  eden space 150528K, 50% used [0x00000000f5980000,0x00000000fa406510,0x00000000fec80000)
  from space 10240K, 4% used [0x00000000ff600000,0x00000000ff678050,0x0000000100000000)
  to   space 9728K, 0% used [0x00000000fec80000,0x00000000fec80000,0x00000000ff600000)
 ParOldGen       total 341504K, used 39208K [0x00000000e0c00000, 0x00000000f5980000, 0x00000000f5980000)
  object space 341504K, 11% used [0x00000000e0c00000,0x00000000e324a248,0x00000000f5980000)
 Metaspace       used 36119K, capacity 36966K, committed 37208K, reserved 1081344K
  class space    used 4979K, capacity 5161K, committed 5248K, reserved 1048576K
