05:31:17,760 |-INFO in ch.qos.logback.classic.LoggerContext[default] - Could NOT find resource [logback-test.xml]
05:31:17,760 |-INFO in ch.qos.logback.classic.LoggerContext[default] - Could NOT find resource [logback.groovy]
05:31:17,761 |-INFO in ch.qos.logback.classic.LoggerContext[default] - Found resource [logback.xml] at [jar:file:/root/flamestream/lib/flamestream-runtime-1.0-SNAPSHOT.jar!/logback.xml]
05:31:17,761 |-WARN in ch.qos.logback.classic.LoggerContext[default] - Resource [logback.xml] occurs multiple times on the classpath.
05:31:17,762 |-WARN in ch.qos.logback.classic.LoggerContext[default] - Resource [logback.xml] occurs at [jar:file:/root/flamestream/lib/flamestream-runtime-1.0-SNAPSHOT.jar!/logback.xml]
05:31:17,762 |-WARN in ch.qos.logback.classic.LoggerContext[default] - Resource [logback.xml] occurs at [jar:file:/root/flamestream/flamestream-runtime-1.0-SNAPSHOT.jar!/logback.xml]
05:31:17,781 |-INFO in ch.qos.logback.core.joran.spi.ConfigurationWatchList@3fb6a447 - URL [jar:file:/root/flamestream/lib/flamestream-runtime-1.0-SNAPSHOT.jar!/logback.xml] is not of type file
05:31:17,846 |-INFO in ch.qos.logback.classic.joran.action.ConfigurationAction - debug attribute not set
05:31:17,847 |-INFO in ch.qos.logback.core.joran.action.AppenderAction - About to instantiate appender of type [ch.qos.logback.core.ConsoleAppender]
05:31:17,863 |-INFO in ch.qos.logback.core.joran.action.AppenderAction - Naming appender as [STDOUT]
05:31:17,881 |-INFO in ch.qos.logback.core.joran.action.NestedComplexPropertyIA - Assuming default type [ch.qos.logback.classic.encoder.PatternLayoutEncoder] for [encoder] property
05:31:17,968 |-INFO in ch.qos.logback.core.joran.action.AppenderAction - About to instantiate appender of type [ch.qos.logback.core.rolling.RollingFileAppender]
05:31:17,973 |-INFO in ch.qos.logback.core.joran.action.AppenderAction - Naming appender as [FILE]
05:31:18,002 |-INFO in c.q.l.core.rolling.TimeBasedRollingPolicy@127618319 - No compression will be used
05:31:18,003 |-INFO in c.q.l.core.rolling.TimeBasedRollingPolicy@127618319 - Will use the pattern /tmp/application_%d{yyyy-MM-dd}.%i.log for the active file
05:31:18,006 |-INFO in ch.qos.logback.core.rolling.SizeAndTimeBasedFNATP@6b2fad11 - The date pattern is 'yyyy-MM-dd' from file name pattern '/tmp/application_%d{yyyy-MM-dd}.%i.log'.
05:31:18,006 |-INFO in ch.qos.logback.core.rolling.SizeAndTimeBasedFNATP@6b2fad11 - Roll-over at midnight.
05:31:18,012 |-INFO in ch.qos.logback.core.rolling.SizeAndTimeBasedFNATP@6b2fad11 - Setting initial period to Tue Jun 11 05:29:59 UTC 2019
05:31:18,012 |-WARN in ch.qos.logback.core.rolling.SizeAndTimeBasedFNATP@6b2fad11 - SizeAndTimeBasedFNATP is deprecated. Use SizeAndTimeBasedRollingPolicy instead
05:31:18,012 |-WARN in ch.qos.logback.core.rolling.SizeAndTimeBasedFNATP@6b2fad11 - For more information see http://logback.qos.ch/manual/appenders.html#SizeAndTimeBasedRollingPolicy
05:31:18,016 |-INFO in ch.qos.logback.core.joran.action.NestedComplexPropertyIA - Assuming default type [ch.qos.logback.classic.encoder.PatternLayoutEncoder] for [encoder] property
05:31:18,020 |-INFO in ch.qos.logback.core.rolling.RollingFileAppender[FILE] - Active log file name: /tmp/application.log
05:31:18,020 |-INFO in ch.qos.logback.core.rolling.RollingFileAppender[FILE] - File property is set to [/tmp/application.log]
05:31:18,021 |-INFO in ch.qos.logback.classic.joran.action.RootLoggerAction - Setting level of ROOT logger to WARN
05:31:18,021 |-INFO in ch.qos.logback.core.joran.action.AppenderRefAction - Attaching appender named [STDOUT] to Logger[ROOT]
05:31:18,023 |-INFO in ch.qos.logback.core.joran.action.AppenderRefAction - Attaching appender named [FILE] to Logger[ROOT]
05:31:18,023 |-INFO in ch.qos.logback.classic.joran.action.ConfigurationAction - End of configuration.
05:31:18,024 |-INFO in ch.qos.logback.classic.joran.JoranConfigurator@79698539 - Registering current configuration as safe fallback point

Ama winner
Ama winner
2019-06-11T05:31:19.351+0000: 1.775: [Full GC (Metadata GC Threshold) 2019-06-11T05:31:19.351+0000: 1.775: [Tenured: 0K->15241K(341376K), 0.0404295 secs] 117750K->15241K(494976K), [Metaspace: 20732K->20732K(1067008K)], 0.0404971 secs] [Times: user=0.03 sys=0.00, real=0.04 secs] 
05:31:36.176 [Curator-PathChildrenCache-1] WARN  o.a.c.u.ZKPaths  - The version of ZooKeeper being used doesn't support Container nodes. CreateMode.PERSISTENT will be used instead.
2019-06-11T05:31:38.699+0000: 21.123: [GC (Allocation Failure) 2019-06-11T05:31:38.699+0000: 21.123: [DefNew: 136576K->17023K(153600K), 0.0317375 secs] 151817K->52526K(494976K), 0.0318074 secs] [Times: user=0.02 sys=0.01, real=0.03 secs] 
2019-06-11T05:31:42.525+0000: 24.949: [Full GC (Metadata GC Threshold) 2019-06-11T05:31:42.525+0000: 24.949: [Tenured: 35502K->43945K(341376K), 0.0503510 secs] 129263K->43945K(494976K), [Metaspace: 34579K->34579K(1079296K)], 0.0504226 secs] [Times: user=0.04 sys=0.00, real=0.05 secs] 
2019-06-11T05:31:49.821+0000: 32.245: [GC (Allocation Failure) 2019-06-11T05:31:49.821+0000: 32.245: [DefNew: 136576K->49K(153600K), 0.0017146 secs] 180521K->43994K(494976K), 0.0017742 secs] [Times: user=0.00 sys=0.00, real=0.00 secs] 
2019-06-11T05:31:57.044+0000: 39.468: [GC (Allocation Failure) 2019-06-11T05:31:57.044+0000: 39.468: [DefNew: 136625K->58K(153600K), 0.0016726 secs] 180570K->44003K(494976K), 0.0017335 secs] [Times: user=0.00 sys=0.00, real=0.00 secs] 
2019-06-11T05:32:04.313+0000: 46.737: [GC (Allocation Failure) 2019-06-11T05:32:04.313+0000: 46.737: [DefNew: 136634K->50K(153600K), 0.0016915 secs] 180579K->43996K(494976K), 0.0017521 secs] [Times: user=0.00 sys=0.00, real=0.00 secs] 
2019-06-11T05:32:11.646+0000: 54.070: [GC (Allocation Failure) 2019-06-11T05:32:11.646+0000: 54.070: [DefNew: 136626K->50K(153600K), 0.0016244 secs] 180572K->43996K(494976K), 0.0016991 secs] [Times: user=0.01 sys=0.00, real=0.00 secs] 
2019-06-11T05:32:19.003+0000: 61.427: [GC (Allocation Failure) 2019-06-11T05:32:19.003+0000: 61.427: [DefNew: 136626K->218K(153600K), 0.0019375 secs] 180572K->44163K(494976K), 0.0019988 secs] [Times: user=0.00 sys=0.00, real=0.00 secs] 
05:32:31.701 [Curator-PathChildrenCache-0] ERROR o.a.c.f.r.c.PathChildrenCache  - 
java.lang.IllegalStateException: instance must be started before calling this method
	at org.apache.curator.shaded.com.google.common.base.Preconditions.checkState(Preconditions.java:444)
	at org.apache.curator.framework.imps.CuratorFrameworkImpl.getChildren(CuratorFrameworkImpl.java:456)
	at org.apache.curator.framework.recipes.cache.PathChildrenCache.refresh(PathChildrenCache.java:521)
	at org.apache.curator.framework.recipes.cache.RefreshOperation.invoke(RefreshOperation.java:35)
	at org.apache.curator.framework.recipes.cache.PathChildrenCache$9.run(PathChildrenCache.java:786)
	at java.util.concurrent.Executors$RunnableAdapter.call(Executors.java:511)
	at java.util.concurrent.FutureTask.run(FutureTask.java:266)
	at java.util.concurrent.Executors$RunnableAdapter.call(Executors.java:511)
	at java.util.concurrent.FutureTask.run(FutureTask.java:266)
	at java.util.concurrent.ThreadPoolExecutor.runWorker(ThreadPoolExecutor.java:1149)
	at java.util.concurrent.ThreadPoolExecutor$Worker.run(ThreadPoolExecutor.java:624)
	at java.lang.Thread.run(Thread.java:748)
Heap
 def new generation   total 153600K, used 62957K [0x00000000e0c00000, 0x00000000eb2a0000, 0x00000000eb2a0000)
  eden space 136576K,  45% used [0x00000000e0c00000, 0x00000000e4944d40, 0x00000000e9160000)
  from space 17024K,   1% used [0x00000000e9160000, 0x00000000e91968a8, 0x00000000ea200000)
  to   space 17024K,   0% used [0x00000000ea200000, 0x00000000ea200000, 0x00000000eb2a0000)
 tenured generation   total 341376K, used 43945K [0x00000000eb2a0000, 0x0000000100000000, 0x0000000100000000)
   the space 341376K,  12% used [0x00000000eb2a0000, 0x00000000edd8a690, 0x00000000edd8a800, 0x0000000100000000)
 Metaspace       used 36008K, capacity 36928K, committed 37120K, reserved 1081344K
  class space    used 4860K, capacity 5074K, committed 5120K, reserved 1048576K
