00:23:23,056 |-INFO in ch.qos.logback.classic.LoggerContext[default] - Could NOT find resource [logback-test.xml]
00:23:23,056 |-INFO in ch.qos.logback.classic.LoggerContext[default] - Could NOT find resource [logback.groovy]
00:23:23,056 |-INFO in ch.qos.logback.classic.LoggerContext[default] - Found resource [logback.xml] at [jar:file:/home/nikitasokolov/flamestream/lib/flamestream-runtime-1.0-SNAPSHOT.jar!/logback.xml]
00:23:23,057 |-WARN in ch.qos.logback.classic.LoggerContext[default] - Resource [logback.xml] occurs multiple times on the classpath.
00:23:23,057 |-WARN in ch.qos.logback.classic.LoggerContext[default] - Resource [logback.xml] occurs at [jar:file:/home/nikitasokolov/flamestream/lib/flamestream-runtime-1.0-SNAPSHOT.jar!/logback.xml]
00:23:23,057 |-WARN in ch.qos.logback.classic.LoggerContext[default] - Resource [logback.xml] occurs at [jar:file:/home/nikitasokolov/flamestream/flamestream-runtime-1.0-SNAPSHOT.jar!/logback.xml]
00:23:23,073 |-INFO in ch.qos.logback.core.joran.spi.ConfigurationWatchList@6108b2d7 - URL [jar:file:/home/nikitasokolov/flamestream/lib/flamestream-runtime-1.0-SNAPSHOT.jar!/logback.xml] is not of type file
00:23:23,123 |-INFO in ch.qos.logback.classic.joran.action.ConfigurationAction - debug attribute not set
00:23:23,124 |-INFO in ch.qos.logback.core.joran.action.AppenderAction - About to instantiate appender of type [ch.qos.logback.core.ConsoleAppender]
00:23:23,132 |-INFO in ch.qos.logback.core.joran.action.AppenderAction - Naming appender as [STDOUT]
00:23:23,140 |-INFO in ch.qos.logback.core.joran.action.NestedComplexPropertyIA - Assuming default type [ch.qos.logback.classic.encoder.PatternLayoutEncoder] for [encoder] property
00:23:23,194 |-INFO in ch.qos.logback.core.joran.action.AppenderAction - About to instantiate appender of type [ch.qos.logback.core.rolling.RollingFileAppender]
00:23:23,200 |-INFO in ch.qos.logback.core.joran.action.AppenderAction - Naming appender as [FILE]
00:23:23,223 |-INFO in c.q.l.core.rolling.TimeBasedRollingPolicy@357863579 - No compression will be used
00:23:23,224 |-INFO in c.q.l.core.rolling.TimeBasedRollingPolicy@357863579 - Will use the pattern /tmp/application_%d{yyyy-MM-dd}.%i.log for the active file
00:23:23,228 |-INFO in ch.qos.logback.core.rolling.SizeAndTimeBasedFNATP@6bf256fa - The date pattern is 'yyyy-MM-dd' from file name pattern '/tmp/application_%d{yyyy-MM-dd}.%i.log'.
00:23:23,228 |-INFO in ch.qos.logback.core.rolling.SizeAndTimeBasedFNATP@6bf256fa - Roll-over at midnight.
00:23:23,233 |-INFO in ch.qos.logback.core.rolling.SizeAndTimeBasedFNATP@6bf256fa - Setting initial period to Sun Jun 09 00:22:38 MSK 2019
00:23:23,233 |-WARN in ch.qos.logback.core.rolling.SizeAndTimeBasedFNATP@6bf256fa - SizeAndTimeBasedFNATP is deprecated. Use SizeAndTimeBasedRollingPolicy instead
00:23:23,233 |-WARN in ch.qos.logback.core.rolling.SizeAndTimeBasedFNATP@6bf256fa - For more information see http://logback.qos.ch/manual/appenders.html#SizeAndTimeBasedRollingPolicy
00:23:23,237 |-INFO in ch.qos.logback.core.joran.action.NestedComplexPropertyIA - Assuming default type [ch.qos.logback.classic.encoder.PatternLayoutEncoder] for [encoder] property
00:23:23,240 |-INFO in ch.qos.logback.core.rolling.RollingFileAppender[FILE] - Active log file name: /tmp/application.log
00:23:23,240 |-INFO in ch.qos.logback.core.rolling.RollingFileAppender[FILE] - File property is set to [/tmp/application.log]
00:23:23,241 |-INFO in ch.qos.logback.classic.joran.action.RootLoggerAction - Setting level of ROOT logger to WARN
00:23:23,241 |-INFO in ch.qos.logback.core.joran.action.AppenderRefAction - Attaching appender named [STDOUT] to Logger[ROOT]
00:23:23,242 |-INFO in ch.qos.logback.core.joran.action.AppenderRefAction - Attaching appender named [FILE] to Logger[ROOT]
00:23:23,242 |-INFO in ch.qos.logback.classic.joran.action.ConfigurationAction - End of configuration.
00:23:23,243 |-INFO in ch.qos.logback.classic.joran.JoranConfigurator@6cd8737 - Registering current configuration as safe fallback point

2019-06-09T00:23:24.213+0300: 1.360: [GC (Metadata GC Threshold) [PSYoungGen: 110721K->15871K(149504K)] 110721K->15951K(491008K), 0.0188463 secs] [Times: user=0.05 sys=0.02, real=0.02 secs] 
2019-06-09T00:23:24.232+0300: 1.379: [Full GC (Metadata GC Threshold) [PSYoungGen: 15871K->0K(149504K)] [ParOldGen: 80K->15078K(341504K)] 15951K->15078K(491008K), [Metaspace: 20806K->20806K(1067008K)], 0.0308986 secs] [Times: user=0.16 sys=0.02, real=0.03 secs] 
00:23:34.981 [Curator-PathChildrenCache-1] WARN  o.a.c.u.ZKPaths  - The version of ZooKeeper being used doesn't support Container nodes. CreateMode.PERSISTENT will be used instead.
2019-06-09T00:23:36.010+0300: 13.157: [GC (Metadata GC Threshold) [PSYoungGen: 126443K->15966K(149504K)] 141522K->50584K(491008K), 0.0261149 secs] [Times: user=0.20 sys=0.01, real=0.02 secs] 
2019-06-09T00:23:36.036+0300: 13.184: [Full GC (Metadata GC Threshold) [PSYoungGen: 15966K->0K(149504K)] [ParOldGen: 34617K->39012K(341504K)] 50584K->39012K(491008K), [Metaspace: 34574K->34574K(1079296K)], 0.0358098 secs] [Times: user=0.20 sys=0.01, real=0.04 secs] 
2019-06-09T00:23:37.983+0300: 15.130: [GC (Allocation Failure) [PSYoungGen: 128512K->640K(149504K)] 167524K->39660K(491008K), 0.0034394 secs] [Times: user=0.02 sys=0.01, real=0.00 secs] 
2019-06-09T00:23:40.413+0300: 17.560: [GC (Allocation Failure) [PSYoungGen: 129152K->608K(149504K)] 168172K->39636K(491008K), 0.0034358 secs] [Times: user=0.00 sys=0.02, real=0.00 secs] 
2019-06-09T00:23:42.122+0300: 19.269: [GC (Allocation Failure) [PSYoungGen: 129120K->576K(129536K)] 168148K->39612K(471040K), 0.0063216 secs] [Times: user=0.04 sys=0.01, real=0.00 secs] 
2019-06-09T00:23:43.914+0300: 21.061: [GC (Allocation Failure) [PSYoungGen: 129088K->704K(150016K)] 168124K->39740K(491520K), 0.0026552 secs] [Times: user=0.01 sys=0.00, real=0.00 secs] 
2019-06-09T00:23:45.700+0300: 22.848: [GC (Allocation Failure) [PSYoungGen: 129216K->704K(148992K)] 168252K->39748K(490496K), 0.0037462 secs] [Times: user=0.03 sys=0.01, real=0.00 secs] 
2019-06-09T00:23:47.537+0300: 24.685: [GC (Allocation Failure) [PSYoungGen: 129216K->704K(151552K)] 168260K->39748K(493056K), 0.0041764 secs] [Times: user=0.01 sys=0.00, real=0.01 secs] 
2019-06-09T00:23:49.297+0300: 26.445: [GC (Allocation Failure) [PSYoungGen: 132800K->608K(151040K)] 171844K->39660K(492544K), 0.0027112 secs] [Times: user=0.01 sys=0.00, real=0.01 secs] 
2019-06-09T00:23:51.627+0300: 28.775: [GC (Allocation Failure) [PSYoungGen: 132704K->736K(153088K)] 171756K->39788K(494592K), 0.0036984 secs] [Times: user=0.02 sys=0.00, real=0.01 secs] 
2019-06-09T00:23:53.096+0300: 30.243: [GC (Allocation Failure) [PSYoungGen: 135904K->672K(152576K)] 174956K->39724K(494080K), 0.0030522 secs] [Times: user=0.01 sys=0.00, real=0.01 secs] 
2019-06-09T00:23:54.580+0300: 31.728: [GC (Allocation Failure) [PSYoungGen: 135840K->736K(154624K)] 174892K->39788K(496128K), 0.0808886 secs] [Times: user=0.00 sys=0.01, real=0.08 secs] 
2019-06-09T00:23:56.041+0300: 33.189: [GC (Allocation Failure) [PSYoungGen: 138976K->640K(154112K)] 178028K->39700K(495616K), 0.0046726 secs] [Times: user=0.02 sys=0.01, real=0.00 secs] 
2019-06-09T00:23:57.389+0300: 34.536: [GC (Allocation Failure) [PSYoungGen: 138880K->704K(156672K)] 177940K->39764K(498176K), 0.0035706 secs] [Times: user=0.02 sys=0.00, real=0.01 secs] 
2019-06-09T00:23:58.800+0300: 35.948: [GC (Allocation Failure) [PSYoungGen: 142528K->704K(155648K)] 181588K->39764K(497152K), 0.0042620 secs] [Times: user=0.02 sys=0.00, real=0.00 secs] 
2019-06-09T00:24:00.335+0300: 37.508: [GC (Allocation Failure) [PSYoungGen: 142528K->608K(157696K)] 181588K->39668K(499200K), 0.0306936 secs] [Times: user=0.03 sys=0.00, real=0.03 secs] 
2019-06-09T00:24:01.881+0300: 39.028: [GC (Allocation Failure) [PSYoungGen: 144992K->672K(157184K)] 184052K->39732K(498688K), 0.0036309 secs] [Times: user=0.02 sys=0.00, real=0.00 secs] 
2019-06-09T00:24:04.174+0300: 41.321: [GC (Allocation Failure) [PSYoungGen: 145056K->416K(159232K)] 184116K->39796K(500736K), 0.0034420 secs] [Times: user=0.01 sys=0.00, real=0.00 secs] 
2019-06-09T00:24:06.745+0300: 43.892: [GC (Allocation Failure) [PSYoungGen: 147872K->384K(158720K)] 187252K->39852K(500224K), 0.0027351 secs] [Times: user=0.01 sys=0.00, real=0.00 secs] 
00:24:16.916 [Curator-PathChildrenCache-0] ERROR o.a.c.f.r.c.PathChildrenCache  - 
java.lang.IllegalStateException: instance must be started before calling this method
	at org.apache.curator.shaded.com.google.common.base.Preconditions.checkState(Preconditions.java:444)
	at org.apache.curator.framework.imps.CuratorFrameworkImpl.getChildren(CuratorFrameworkImpl.java:456)
	at org.apache.curator.framework.recipes.cache.PathChildrenCache.refresh(PathChildrenCache.java:521)
	at org.apache.curator.framework.recipes.cache.RefreshOperation.invoke(RefreshOperation.java:35)
	at org.apache.curator.framework.recipes.cache.PathChildrenCache$9.run(PathChildrenCache.java:786)
	at java.util.concurrent.Executors$RunnableAdapter.call(Executors.java:511)
	at java.util.concurrent.FutureTask.run(FutureTask.java:266)
	at java.util.concurrent.Executors$RunnableAdapter.call(Executors.java:511)
	at java.util.concurrent.FutureTask.run(FutureTask.java:266)
	at java.util.concurrent.ThreadPoolExecutor.runWorker(ThreadPoolExecutor.java:1149)
	at java.util.concurrent.ThreadPoolExecutor$Worker.run(ThreadPoolExecutor.java:624)
	at java.lang.Thread.run(Thread.java:748)
Heap
 PSYoungGen      total 158720K, used 81068K [0x00000000f5980000, 0x0000000100000000, 0x0000000100000000)
  eden space 147456K, 54% used [0x00000000f5980000,0x00000000fa84b218,0x00000000fe980000)
  from space 11264K, 3% used [0x00000000fe980000,0x00000000fe9e0010,0x00000000ff480000)
  to   space 10752K, 0% used [0x00000000ff580000,0x00000000ff580000,0x0000000100000000)
 ParOldGen       total 341504K, used 39468K [0x00000000e0c00000, 0x00000000f5980000, 0x00000000f5980000)
  object space 341504K, 11% used [0x00000000e0c00000,0x00000000e328b318,0x00000000f5980000)
 Metaspace       used 35802K, capacity 36686K, committed 36952K, reserved 1081344K
  class space    used 4936K, capacity 5129K, committed 5248K, reserved 1048576K
