05:10:59,139 |-INFO in ch.qos.logback.classic.LoggerContext[default] - Could NOT find resource [logback-test.xml]
05:10:59,139 |-INFO in ch.qos.logback.classic.LoggerContext[default] - Could NOT find resource [logback.groovy]
05:10:59,139 |-INFO in ch.qos.logback.classic.LoggerContext[default] - Found resource [logback.xml] at [jar:file:/home/nikitasokolov/flamestream/lib/flamestream-runtime-1.0-SNAPSHOT.jar!/logback.xml]
05:10:59,140 |-WARN in ch.qos.logback.classic.LoggerContext[default] - Resource [logback.xml] occurs multiple times on the classpath.
05:10:59,140 |-WARN in ch.qos.logback.classic.LoggerContext[default] - Resource [logback.xml] occurs at [jar:file:/home/nikitasokolov/flamestream/lib/flamestream-runtime-1.0-SNAPSHOT.jar!/logback.xml]
05:10:59,140 |-WARN in ch.qos.logback.classic.LoggerContext[default] - Resource [logback.xml] occurs at [jar:file:/home/nikitasokolov/flamestream/flamestream-runtime-1.0-SNAPSHOT.jar!/logback.xml]
05:10:59,156 |-INFO in ch.qos.logback.core.joran.spi.ConfigurationWatchList@6108b2d7 - URL [jar:file:/home/nikitasokolov/flamestream/lib/flamestream-runtime-1.0-SNAPSHOT.jar!/logback.xml] is not of type file
05:10:59,209 |-INFO in ch.qos.logback.classic.joran.action.ConfigurationAction - debug attribute not set
05:10:59,210 |-INFO in ch.qos.logback.core.joran.action.AppenderAction - About to instantiate appender of type [ch.qos.logback.core.ConsoleAppender]
05:10:59,221 |-INFO in ch.qos.logback.core.joran.action.AppenderAction - Naming appender as [STDOUT]
05:10:59,230 |-INFO in ch.qos.logback.core.joran.action.NestedComplexPropertyIA - Assuming default type [ch.qos.logback.classic.encoder.PatternLayoutEncoder] for [encoder] property
05:10:59,287 |-INFO in ch.qos.logback.core.joran.action.AppenderAction - About to instantiate appender of type [ch.qos.logback.core.rolling.RollingFileAppender]
05:10:59,293 |-INFO in ch.qos.logback.core.joran.action.AppenderAction - Naming appender as [FILE]
05:10:59,314 |-INFO in c.q.l.core.rolling.TimeBasedRollingPolicy@357863579 - No compression will be used
05:10:59,316 |-INFO in c.q.l.core.rolling.TimeBasedRollingPolicy@357863579 - Will use the pattern /tmp/application_%d{yyyy-MM-dd}.%i.log for the active file
05:10:59,318 |-INFO in ch.qos.logback.core.rolling.SizeAndTimeBasedFNATP@6bf256fa - The date pattern is 'yyyy-MM-dd' from file name pattern '/tmp/application_%d{yyyy-MM-dd}.%i.log'.
05:10:59,318 |-INFO in ch.qos.logback.core.rolling.SizeAndTimeBasedFNATP@6bf256fa - Roll-over at midnight.
05:10:59,322 |-INFO in ch.qos.logback.core.rolling.SizeAndTimeBasedFNATP@6bf256fa - Setting initial period to Sun Jun 09 05:10:17 MSK 2019
05:10:59,322 |-WARN in ch.qos.logback.core.rolling.SizeAndTimeBasedFNATP@6bf256fa - SizeAndTimeBasedFNATP is deprecated. Use SizeAndTimeBasedRollingPolicy instead
05:10:59,322 |-WARN in ch.qos.logback.core.rolling.SizeAndTimeBasedFNATP@6bf256fa - For more information see http://logback.qos.ch/manual/appenders.html#SizeAndTimeBasedRollingPolicy
05:10:59,327 |-INFO in ch.qos.logback.core.joran.action.NestedComplexPropertyIA - Assuming default type [ch.qos.logback.classic.encoder.PatternLayoutEncoder] for [encoder] property
05:10:59,329 |-INFO in ch.qos.logback.core.rolling.RollingFileAppender[FILE] - Active log file name: /tmp/application.log
05:10:59,329 |-INFO in ch.qos.logback.core.rolling.RollingFileAppender[FILE] - File property is set to [/tmp/application.log]
05:10:59,330 |-INFO in ch.qos.logback.classic.joran.action.RootLoggerAction - Setting level of ROOT logger to WARN
05:10:59,330 |-INFO in ch.qos.logback.core.joran.action.AppenderRefAction - Attaching appender named [STDOUT] to Logger[ROOT]
05:10:59,331 |-INFO in ch.qos.logback.core.joran.action.AppenderRefAction - Attaching appender named [FILE] to Logger[ROOT]
05:10:59,331 |-INFO in ch.qos.logback.classic.joran.action.ConfigurationAction - End of configuration.
05:10:59,331 |-INFO in ch.qos.logback.classic.joran.JoranConfigurator@6cd8737 - Registering current configuration as safe fallback point

2019-06-09T05:11:00.307+0300: 1.374: [GC (Metadata GC Threshold) [PSYoungGen: 105581K->15763K(149504K)] 105581K->15843K(491008K), 0.0207184 secs] [Times: user=0.08 sys=0.02, real=0.02 secs] 
2019-06-09T05:11:00.327+0300: 1.395: [Full GC (Metadata GC Threshold) [PSYoungGen: 15763K->0K(149504K)] [ParOldGen: 80K->14981K(341504K)] 15843K->14981K(491008K), [Metaspace: 20802K->20802K(1067008K)], 0.0262834 secs] [Times: user=0.15 sys=0.01, real=0.03 secs] 
05:11:11.055 [Curator-PathChildrenCache-2] WARN  o.a.c.u.ZKPaths  - The version of ZooKeeper being used doesn't support Container nodes. CreateMode.PERSISTENT will be used instead.
2019-06-09T05:11:11.833+0300: 12.901: [GC (Metadata GC Threshold) [PSYoungGen: 128277K->16757K(149504K)] 143258K->51278K(491008K), 0.0285362 secs] [Times: user=0.20 sys=0.02, real=0.03 secs] 
2019-06-09T05:11:11.862+0300: 12.929: [Full GC (Metadata GC Threshold) [PSYoungGen: 16757K->0K(149504K)] [ParOldGen: 34520K->39740K(341504K)] 51278K->39740K(491008K), [Metaspace: 34492K->34489K(1079296K)], 0.0394840 secs] [Times: user=0.22 sys=0.01, real=0.04 secs] 
2019-06-09T05:11:16.468+0300: 17.536: [GC (Allocation Failure) [PSYoungGen: 128512K->512K(149504K)] 168252K->40260K(491008K), 0.0043945 secs] [Times: user=0.01 sys=0.02, real=0.01 secs] 
2019-06-09T05:11:21.604+0300: 22.671: [GC (Allocation Failure) [PSYoungGen: 129024K->512K(149504K)] 168772K->40260K(491008K), 0.0744094 secs] [Times: user=0.03 sys=0.00, real=0.08 secs] 
2019-06-09T05:11:26.800+0300: 27.867: [GC (Allocation Failure) [PSYoungGen: 129024K->512K(129536K)] 168772K->40268K(471040K), 0.0052557 secs] [Times: user=0.04 sys=0.00, real=0.00 secs] 
2019-06-09T05:11:32.009+0300: 33.076: [GC (Allocation Failure) [PSYoungGen: 129024K->480K(148992K)] 168780K->40244K(490496K), 0.0049457 secs] [Times: user=0.03 sys=0.00, real=0.01 secs] 
2019-06-09T05:11:37.232+0300: 38.299: [GC (Allocation Failure) [PSYoungGen: 127456K->544K(148480K)] 167220K->40316K(489984K), 0.0033567 secs] [Times: user=0.01 sys=0.00, real=0.00 secs] 
2019-06-09T05:11:42.469+0300: 43.536: [GC (Allocation Failure) [PSYoungGen: 127520K->576K(151040K)] 167292K->40356K(492544K), 0.0036867 secs] [Times: user=0.01 sys=0.01, real=0.01 secs] 
2019-06-09T05:11:47.846+0300: 48.913: [GC (Allocation Failure) [PSYoungGen: 131136K->544K(150016K)] 170916K->40332K(491520K), 0.1094591 secs] [Times: user=0.01 sys=0.00, real=0.11 secs] 
2019-06-09T05:11:53.229+0300: 54.297: [GC (Allocation Failure) [PSYoungGen: 131104K->576K(152576K)] 170892K->40372K(494080K), 0.0816462 secs] [Times: user=0.08 sys=0.01, real=0.09 secs] 
2019-06-09T05:11:58.752+0300: 59.819: [GC (Allocation Failure) [PSYoungGen: 134720K->544K(152064K)] 174516K->40340K(493568K), 0.0808012 secs] [Times: user=0.02 sys=0.00, real=0.08 secs] 
2019-06-09T05:12:04.973+0300: 66.041: [GC (Allocation Failure) [PSYoungGen: 134688K->823K(154624K)] 174484K->40627K(496128K), 0.0036091 secs] [Times: user=0.02 sys=0.00, real=0.00 secs] 
2019-06-09T05:12:12.188+0300: 73.256: [GC (Allocation Failure) [PSYoungGen: 138551K->576K(153600K)] 178355K->40388K(495104K), 0.0031998 secs] [Times: user=0.01 sys=0.00, real=0.01 secs] 
2019-06-09T05:12:19.292+0300: 80.359: [GC (Allocation Failure) [PSYoungGen: 138304K->640K(156160K)] 178116K->40460K(497664K), 0.0072582 secs] [Times: user=0.03 sys=0.01, real=0.01 secs] 
2019-06-09T05:12:26.589+0300: 87.656: [GC (Allocation Failure) [PSYoungGen: 141440K->736K(155136K)] 181260K->40564K(496640K), 0.0063761 secs] [Times: user=0.04 sys=0.00, real=0.01 secs] 
05:12:39.461 [Curator-PathChildrenCache-0] ERROR o.a.c.f.r.c.PathChildrenCache  - 
java.lang.IllegalStateException: instance must be started before calling this method
	at org.apache.curator.shaded.com.google.common.base.Preconditions.checkState(Preconditions.java:444)
	at org.apache.curator.framework.imps.CuratorFrameworkImpl.getChildren(CuratorFrameworkImpl.java:456)
	at org.apache.curator.framework.recipes.cache.PathChildrenCache.refresh(PathChildrenCache.java:521)
	at org.apache.curator.framework.recipes.cache.RefreshOperation.invoke(RefreshOperation.java:35)
	at org.apache.curator.framework.recipes.cache.PathChildrenCache$9.run(PathChildrenCache.java:786)
	at java.util.concurrent.Executors$RunnableAdapter.call(Executors.java:511)
	at java.util.concurrent.FutureTask.run(FutureTask.java:266)
	at java.util.concurrent.Executors$RunnableAdapter.call(Executors.java:511)
	at java.util.concurrent.FutureTask.run(FutureTask.java:266)
	at java.util.concurrent.ThreadPoolExecutor.runWorker(ThreadPoolExecutor.java:1149)
	at java.util.concurrent.ThreadPoolExecutor$Worker.run(ThreadPoolExecutor.java:624)
	at java.lang.Thread.run(Thread.java:748)
Heap
 PSYoungGen      total 155136K, used 119289K [0x00000000f5980000, 0x0000000100000000, 0x0000000100000000)
  eden space 140800K, 84% used [0x00000000f5980000,0x00000000fcd46508,0x00000000fe300000)
  from space 14336K, 5% used [0x00000000fe300000,0x00000000fe3b8070,0x00000000ff100000)
  to   space 13824K, 0% used [0x00000000ff280000,0x00000000ff280000,0x0000000100000000)
 ParOldGen       total 341504K, used 39828K [0x00000000e0c00000, 0x00000000f5980000, 0x00000000f5980000)
  object space 341504K, 11% used [0x00000000e0c00000,0x00000000e32e52e0,0x00000000f5980000)
 Metaspace       used 36427K, capacity 37394K, committed 37464K, reserved 1081344K
  class space    used 5017K, capacity 5219K, committed 5248K, reserved 1048576K
