12:27:21,871 |-INFO in ch.qos.logback.classic.LoggerContext[default] - Could NOT find resource [logback-test.xml]
12:27:21,871 |-INFO in ch.qos.logback.classic.LoggerContext[default] - Could NOT find resource [logback.groovy]
12:27:21,872 |-INFO in ch.qos.logback.classic.LoggerContext[default] - Found resource [logback.xml] at [jar:file:/home/ubuntu/flamestream/lib/flamestream-runtime-1.0-SNAPSHOT.jar!/logback.xml]
12:27:21,872 |-WARN in ch.qos.logback.classic.LoggerContext[default] - Resource [logback.xml] occurs multiple times on the classpath.
12:27:21,872 |-WARN in ch.qos.logback.classic.LoggerContext[default] - Resource [logback.xml] occurs at [jar:file:/home/ubuntu/flamestream/flamestream-runtime-1.0-SNAPSHOT.jar!/logback.xml]
12:27:21,872 |-WARN in ch.qos.logback.classic.LoggerContext[default] - Resource [logback.xml] occurs at [jar:file:/home/ubuntu/flamestream/lib/flamestream-runtime-1.0-SNAPSHOT.jar!/logback.xml]
12:27:21,888 |-INFO in ch.qos.logback.core.joran.spi.ConfigurationWatchList@4678c730 - URL [jar:file:/home/ubuntu/flamestream/lib/flamestream-runtime-1.0-SNAPSHOT.jar!/logback.xml] is not of type file
12:27:21,946 |-INFO in ch.qos.logback.classic.joran.action.ConfigurationAction - debug attribute not set
12:27:21,946 |-INFO in ch.qos.logback.core.joran.action.AppenderAction - About to instantiate appender of type [ch.qos.logback.core.ConsoleAppender]
12:27:21,973 |-INFO in ch.qos.logback.core.joran.action.AppenderAction - Naming appender as [STDOUT]
12:27:21,992 |-INFO in ch.qos.logback.core.joran.action.NestedComplexPropertyIA - Assuming default type [ch.qos.logback.classic.encoder.PatternLayoutEncoder] for [encoder] property
12:27:22,079 |-INFO in ch.qos.logback.core.joran.action.AppenderAction - About to instantiate appender of type [ch.qos.logback.core.rolling.RollingFileAppender]
12:27:22,087 |-INFO in ch.qos.logback.core.joran.action.AppenderAction - Naming appender as [FILE]
12:27:22,128 |-INFO in c.q.l.core.rolling.TimeBasedRollingPolicy@1734853116 - No compression will be used
12:27:22,129 |-INFO in c.q.l.core.rolling.TimeBasedRollingPolicy@1734853116 - Will use the pattern /tmp/application_%d{yyyy-MM-dd}.%i.log for the active file
12:27:22,139 |-INFO in ch.qos.logback.core.rolling.SizeAndTimeBasedFNATP@29ee9faa - The date pattern is 'yyyy-MM-dd' from file name pattern '/tmp/application_%d{yyyy-MM-dd}.%i.log'.
12:27:22,139 |-INFO in ch.qos.logback.core.rolling.SizeAndTimeBasedFNATP@29ee9faa - Roll-over at midnight.
12:27:22,145 |-INFO in ch.qos.logback.core.rolling.SizeAndTimeBasedFNATP@29ee9faa - Setting initial period to Thu Oct 10 12:26:54 UTC 2019
12:27:22,145 |-WARN in ch.qos.logback.core.rolling.SizeAndTimeBasedFNATP@29ee9faa - SizeAndTimeBasedFNATP is deprecated. Use SizeAndTimeBasedRollingPolicy instead
12:27:22,145 |-WARN in ch.qos.logback.core.rolling.SizeAndTimeBasedFNATP@29ee9faa - For more information see http://logback.qos.ch/manual/appenders.html#SizeAndTimeBasedRollingPolicy
12:27:22,150 |-INFO in ch.qos.logback.core.joran.action.NestedComplexPropertyIA - Assuming default type [ch.qos.logback.classic.encoder.PatternLayoutEncoder] for [encoder] property
12:27:22,160 |-INFO in ch.qos.logback.core.rolling.RollingFileAppender[FILE] - Active log file name: /tmp/application.log
12:27:22,160 |-INFO in ch.qos.logback.core.rolling.RollingFileAppender[FILE] - File property is set to [/tmp/application.log]
12:27:22,161 |-INFO in ch.qos.logback.classic.joran.action.RootLoggerAction - Setting level of ROOT logger to INFO
12:27:22,161 |-INFO in ch.qos.logback.core.joran.action.AppenderRefAction - Attaching appender named [STDOUT] to Logger[ROOT]
12:27:22,162 |-INFO in ch.qos.logback.core.joran.action.AppenderRefAction - Attaching appender named [FILE] to Logger[ROOT]
12:27:22,162 |-INFO in ch.qos.logback.classic.joran.action.ConfigurationAction - End of configuration.
12:27:22,163 |-INFO in ch.qos.logback.classic.joran.JoranConfigurator@c038203 - Registering current configuration as safe fallback point

12:27:22.170 [main] INFO  c.s.f.r.WorkerApplication  - Starting worker with workerConfig 'WorkerConfig{id='flamestream-benchmarks-worker-4', localAddress=flamestream-benchmarks-worker-4/10.0.0.22:5412, zkString='flamestream-benchmarks-manager:12181', snapshotPath='/home/ubuntu/flamestream/data', guarantees=AT_MOST_ONCE}'
12:27:23.994 [worker-akka.actor.default-dispatcher-6] INFO  a.e.s.Slf4jLogger  - Slf4jLogger started
2019-10-10T12:27:24.144+0000: 2.619: [Full GC (Metadata GC Threshold) 2019-10-10T12:27:24.144+0000: 2.619: [Tenured: 0K->13625K(1024000K), 0.0521962 secs] 147656K->13625K(1484800K), [Metaspace: 20221K->20221K(1067008K)], 0.0522840 secs] [Times: user=0.04 sys=0.00, real=0.06 secs] 
12:27:24.305 [worker-akka.actor.default-dispatcher-6] WARN  a.r.RemoteActorRefProvider akka.remote.RemoteActorRefProvider - Using the 'remote' ActorRefProvider directly, which is a low-level layer. For most use cases, the 'cluster' abstraction on top of remoting is more suitable instead.
12:27:24.312 [worker-akka.actor.default-dispatcher-6] WARN  a.r.RemoteActorRefProvider akka.remote.RemoteActorRefProvider - Akka Cluster not in use - Using Akka Cluster is recommended if you need remote watch and deploy.
12:27:24.438 [worker-akka.actor.default-dispatcher-6] INFO  a.r.a.a.ArteryAeronUdpTransport(akka://worker) akka.remote.artery.aeron.ArteryAeronUdpTransport(akka://worker) - Started embedded media driver in directory [/dev/shm/aeron-flamestream-benchmarks-worker-4]
12:27:24.475 [worker-akka.actor.default-dispatcher-6] WARN  a.r.a.a.ArteryAeronUdpTransport(akka://worker) akka.remote.artery.aeron.ArteryAeronUdpTransport(akka://worker) - Aeron CnC version mismatch: compiled version = 15, file version = 16
12:27:24.739 [worker-akka.actor.default-dispatcher-6] INFO  a.r.a.a.ArteryAeronUdpTransport(akka://worker) akka.remote.artery.aeron.ArteryAeronUdpTransport(akka://worker) - Remoting started with transport [Artery aeron-udp]; listening on address [akka://worker@flamestream-benchmarks-worker-4:5412] and bound to [akka://worker@0.0.0.0:5412] with UID [1879355718632016473]
12:27:25.353 [worker-akka.actor.default-dispatcher-6] WARN  a.s.Serialization(akka://worker) akka.serialization.Serialization(akka://worker) - Using serializer [com.romix.akka.serialization.kryo.KryoSerializer] for message [akka.actor.ActorSelectionMessage]. Note that this serializer is not implemented by Akka. It's not recommended to replace serializers for messages provided by Akka.
12:27:25.354 [worker-akka.actor.default-dispatcher-6] WARN  a.s.Serialization(akka://worker) akka.serialization.Serialization(akka://worker) - Using serializer [com.romix.akka.serialization.kryo.KryoSerializer] for message [akka.actor.ActorIdentity]. Note that this serializer is not implemented by Akka. It's not recommended to replace serializers for messages provided by Akka.
12:27:25.410 [worker-akka.actor.default-dispatcher-9] INFO  a.a.RepointableActorRef akka://worker/user/watcher - Starting...
12:27:25.565 [worker-akka.actor.default-dispatcher-6] INFO  o.a.c.u.Compatibility  - Running in ZooKeeper 3.4.x compatibility mode
12:27:25.639 [worker-akka.actor.default-dispatcher-6] INFO  o.a.c.f.i.CuratorFrameworkImpl  - Starting
12:27:25.683 [worker-akka.actor.default-dispatcher-6] INFO  o.a.z.ZooKeeper  - Client environment:zookeeper.version=3.4.14-4c25d480e66aadd371de8bd2fd8da255ac140bcf, built on 03/06/2019 16:18 GMT
12:27:25.685 [worker-akka.actor.default-dispatcher-6] INFO  o.a.z.ZooKeeper  - Client environment:host.name=flamestream-benchmarks-worker-4
12:27:25.686 [worker-akka.actor.default-dispatcher-6] INFO  o.a.z.ZooKeeper  - Client environment:java.version=1.8.0_222
12:27:25.686 [worker-akka.actor.default-dispatcher-6] INFO  o.a.z.ZooKeeper  - Client environment:java.vendor=Private Build
12:27:25.688 [worker-akka.actor.default-dispatcher-6] INFO  o.a.z.ZooKeeper  - Client environment:java.home=/usr/lib/jvm/java-8-openjdk-amd64/jre
12:27:25.689 [worker-akka.actor.default-dispatcher-6] INFO  o.a.z.ZooKeeper  - Client environment:java.class.path=lib/curator-framework-4.0.1.jar:lib/commons-csv-1.4.jar:lib/aeron-client-1.21.2.jar:lib/scala-library-2.12.9.jar:lib/asm-5.0.4.jar:lib/agrona-1.0.1.jar:lib/curator-recipes-4.0.1.jar:lib/akka-testkit_2.12-2.6.0-M6.jar:lib/flamestream-runtime-1.0-SNAPSHOT.jar:lib/slf4j-simple-2.0.0-alpha1.jar:lib/jsr305-3.0.2.jar:lib/trove4j-3.0.3.jar:lib/flamestream-core-1.0-SNAPSHOT.jar:lib/commons-io-2.4.jar:lib/minlog-1.3.0.jar:lib/kryonet-2.21.jar:lib/commons-1.4.9.jar:lib/jline-0.9.94.jar:lib/akka-remote_2.12-2.6.0-M6.jar:lib/leveldbjni-all-1.8.jar:lib/lz4-1.3.0.jar:lib/slf4j-api-1.7.24.jar:lib/scala-parser-combinators_2.12-1.1.2.jar:lib/flamestream-core-1.0-SNAPSHOT-tests.jar:lib/logback-core-1.2.3.jar:lib/netty-3.10.6.Final.jar:lib/protobuf-java-3.9.0.jar:lib/minlog-1.2.jar:lib/leveldb-api-0.7.jar:lib/jool-0.9.12.jar:lib/commons-cli-1.4.jar:lib/jblas-1.2.4.jar:lib/reflectasm-1.11.3.jar:lib/reflectasm-1.07-shaded.jar:lib/audience-annotations-0.5.0.jar:lib/jackson-annotations-2.9.6.jar:lib/commons-lang-2.6.jar:lib/ssl-config-core_2.12-0.3.8.jar:lib/annotations-13.0.jar:lib/logback-classic-1.2.3.jar:lib/guava-21.0.jar:lib/reactive-streams-1.0.2.jar:lib/spotbugs-annotations-3.1.9.jar:lib/leveldb-0.7.jar:lib/commons-pool2-2.4.2.jar:lib/rocksdbjni-5.5.1.jar:lib/jackson-core-2.9.9.jar:lib/jackson-databind-2.9.9.2.jar:lib/akka-protobuf-v3_2.12-2.6.0-M6.jar:lib/jackson-annotations-2.9.0.jar:lib/flamestream-examples-1.0-SNAPSHOT.jar:lib/objenesis-2.1.jar:lib/akka-kryo-serialization_2.12-0.5.2.jar:lib/scala-java8-compat_2.12-0.8.0.jar:lib/zookeeper-3.4.14.jar:lib/akka-slf4j_2.12-2.6.0-M6.jar:lib/kryo-4.0.0.jar:lib/akka-stream_2.12-2.6.0-M6.jar:lib/aeron-driver-1.21.2.jar:lib/config-1.3.1.jar:lib/annotations-12.0.jar:lib/jedis-2.9.0.jar:lib/jcommander-1.48.jar:lib/testng-6.10.jar:lib/akka-actor_2.12-2.6.0-M6.jar:lib/curator-client-4.0.1.jar:flamestream-runtime-1.0-SNAPSHOT.jar
12:27:25.693 [worker-akka.actor.default-dispatcher-6] INFO  o.a.z.ZooKeeper  - Client environment:java.library.path=/usr/java/packages/lib/amd64:/usr/lib/x86_64-linux-gnu/jni:/lib/x86_64-linux-gnu:/usr/lib/x86_64-linux-gnu:/usr/lib/jni:/lib:/usr/lib
12:27:25.694 [worker-akka.actor.default-dispatcher-6] INFO  o.a.z.ZooKeeper  - Client environment:java.io.tmpdir=/tmp
12:27:25.694 [worker-akka.actor.default-dispatcher-6] INFO  o.a.z.ZooKeeper  - Client environment:java.compiler=<NA>
12:27:25.695 [worker-akka.actor.default-dispatcher-6] INFO  o.a.z.ZooKeeper  - Client environment:os.name=Linux
12:27:25.696 [worker-akka.actor.default-dispatcher-6] INFO  o.a.z.ZooKeeper  - Client environment:os.arch=amd64
12:27:25.697 [worker-akka.actor.default-dispatcher-6] INFO  o.a.z.ZooKeeper  - Client environment:os.version=4.15.0-1040-gcp
12:27:25.697 [worker-akka.actor.default-dispatcher-6] INFO  o.a.z.ZooKeeper  - Client environment:user.name=ubuntu
12:27:25.698 [worker-akka.actor.default-dispatcher-6] INFO  o.a.z.ZooKeeper  - Client environment:user.home=/home/ubuntu
12:27:25.699 [worker-akka.actor.default-dispatcher-6] INFO  o.a.z.ZooKeeper  - Client environment:user.dir=/home/ubuntu/flamestream
12:27:25.705 [worker-akka.actor.default-dispatcher-6] INFO  o.a.z.ZooKeeper  - Initiating client connection, connectString=flamestream-benchmarks-manager:12181 sessionTimeout=60000 watcher=org.apache.curator.ConnectionState@652f61e2
12:27:25.791 [worker-akka.actor.default-dispatcher-6-SendThread(flamestream-benchmarks-manager:12181)] INFO  o.a.z.ClientCnxn  - Opening socket connection to server flamestream-benchmarks-manager/10.0.0.21:12181. Will not attempt to authenticate using SASL (unknown error)
12:27:25.795 [worker-akka.actor.default-dispatcher-6] INFO  o.a.c.f.i.CuratorFrameworkImpl  - Default schema
12:27:25.803 [worker-akka.actor.default-dispatcher-6-SendThread(flamestream-benchmarks-manager:12181)] INFO  o.a.z.ClientCnxn  - Socket connection established to flamestream-benchmarks-manager/10.0.0.21:12181, initiating session
12:27:25.823 [worker-akka.actor.default-dispatcher-6-SendThread(flamestream-benchmarks-manager:12181)] INFO  o.a.z.ClientCnxn  - Session establishment complete on server flamestream-benchmarks-manager/10.0.0.21:12181, sessionid = 0x100005c675e0004, negotiated timeout = 60000
12:27:25.841 [worker-akka.actor.default-dispatcher-6-EventThread] INFO  o.a.c.f.s.ConnectionStateManager  - State change: CONNECTED
12:27:25.846 [worker-akka.actor.default-dispatcher-9] INFO  a.a.RepointableActorRef akka://worker/user/watcher - Initializing rocksDB backend
2019-10-10T12:27:26.796+0000: 5.271: [Full GC (Metadata GC Threshold) 2019-10-10T12:27:26.797+0000: 5.271: [Tenured: 13625K->25911K(1024000K), 0.1395706 secs] 159750K->25911K(1484800K), [Metaspace: 33659K->33659K(1079296K)], 0.1396771 secs] [Times: user=0.13 sys=0.01, real=0.14 secs] 
12:27:27.023 [worker-akka.actor.default-dispatcher-6] INFO  a.a.LocalActorRef akka://worker/user/watcher/processing-watcher - Starting...
12:27:34.051 [worker-akka.actor.default-dispatcher-10] INFO  a.a.LocalActorRef akka://worker/user/watcher/processing-watcher/$a - Starting...
12:27:34.091 [worker-akka.actor.default-dispatcher-6] INFO  a.a.LocalActorRef akka://worker/user/watcher/processing-watcher/$a - Stopped
12:27:35.765 [worker-akka.actor.default-dispatcher-6] INFO  a.a.LocalActorRef akka://worker/user/watcher/processing-watcher/graph/graph - Starting...
12:27:39.577 [worker-akka.actor.default-dispatcher-6] INFO  a.a.LocalActorRef akka://worker/user/watcher/processing-watcher/graph/graph - Finishing constructor
12:27:39.582 [worker-akka.actor.default-dispatcher-12] INFO  a.a.LocalActorRef akka://worker/user/watcher/processing-watcher/graph/negotiator - Starting...
12:27:39.586 [worker-akka.actor.default-dispatcher-12] INFO  a.a.LocalActorRef akka://worker/user/watcher/processing-watcher/graph/edge - Starting...
12:27:39.593 [worker-akka.actor.default-dispatcher-6] INFO  a.a.LocalActorRef akka://worker/user/watcher/processing-watcher/graph - Starting FlameNode with config 'ClusterConfig{paths={flamestream-benchmarks-worker-1=akka://worker@flamestream-benchmarks-worker-1:5412/user/watcher/processing-watcher/graph, flamestream-benchmarks-worker-0=akka://worker@flamestream-benchmarks-worker-0:5412/user/watcher/processing-watcher/graph, flamestream-benchmarks-worker-9=akka://worker@flamestream-benchmarks-worker-9:5412/user/watcher/processing-watcher/graph, flamestream-benchmarks-worker-8=akka://worker@flamestream-benchmarks-worker-8:5412/user/watcher/processing-watcher/graph, flamestream-benchmarks-worker-7=akka://worker@flamestream-benchmarks-worker-7:5412/user/watcher/processing-watcher/graph, flamestream-benchmarks-worker-6=akka://worker@flamestream-benchmarks-worker-6:5412/user/watcher/processing-watcher/graph, flamestream-benchmarks-worker-5=akka://worker@flamestream-benchmarks-worker-5:5412/user/watcher/processing-watcher/graph, flamestream-benchmarks-worker-4=akka://worker@flamestream-benchmarks-worker-4:5412/user/watcher/processing-watcher/graph, flamestream-benchmarks-worker-3=akka://worker@flamestream-benchmarks-worker-3:5412/user/watcher/processing-watcher/graph, flamestream-benchmarks-worker-2=akka://worker@flamestream-benchmarks-worker-2:5412/user/watcher/processing-watcher/graph, flamestream-benchmarks-worker-14=akka://worker@flamestream-benchmarks-worker-14:5412/user/watcher/processing-watcher/graph, flamestream-benchmarks-worker-13=akka://worker@flamestream-benchmarks-worker-13:5412/user/watcher/processing-watcher/graph, flamestream-benchmarks-worker-12=akka://worker@flamestream-benchmarks-worker-12:5412/user/watcher/processing-watcher/graph, flamestream-benchmarks-worker-11=akka://worker@flamestream-benchmarks-worker-11:5412/user/watcher/processing-watcher/graph, flamestream-benchmarks-worker-10=akka://worker@flamestream-benchmarks-worker-10:5412/user/watcher/processing-watcher/graph}}'
12:27:39.611 [worker-akka.actor.default-dispatcher-6] INFO  a.a.LocalActorRef akka://worker/user/watcher/processing-watcher/graph/negotiator - Requesting ticket for the frontClass FlameSocketGraphDeployerFront@flamestream-benchmarks-worker-4
12:27:39.655 [worker-akka.actor.default-dispatcher-13] INFO  a.a.LocalActorRef akka://worker/user/watcher/processing-watcher/graph/graph - Received last commit 'LastCommit{globalTime=(0000000, min@min)}'
12:27:39.675 [worker-akka.actor.default-dispatcher-10] INFO  c.s.f.r.e.s.SocketRear  - FlameSocketGraphDeployerRear@flamestream-benchmarks-worker-4: connecting to flamestream-benchmarks-manager:5678
12:27:39.699 [worker-akka.actor.default-dispatcher-10] INFO  c.s.f.r.e.s.SocketRear  - FlameSocketGraphDeployerRear@flamestream-benchmarks-worker-4: connected to flamestream-benchmarks-manager:5678
12:27:39.700 [worker-akka.actor.default-dispatcher-13] INFO  a.a.LocalActorRef akka://worker/user/watcher/processing-watcher/graph/edge/FlameSocketGraphDeployerRear - Starting...
12:27:39.702 [worker-akka.actor.default-dispatcher-12] INFO  a.a.LocalActorRef akka://worker/user/watcher/processing-watcher/graph/negotiator - Ticket for the frontClass received: FrontTicket{allowedTimestamp=(0000000, FlameSocketGraphDeployerFront@flamestream-benchmarks-worker-4)}
12:27:39.703 [worker-akka.actor.default-dispatcher-12] INFO  a.a.LocalActorRef akka://worker/user/watcher/processing-watcher/graph/edge/FlameSocketGraphDeployerFront - Starting...
12:27:39.706 [worker-akka.actor.default-dispatcher-10] INFO  c.s.f.r.e.s.SocketFront  - FlameSocketGraphDeployerFront@flamestream-benchmarks-worker-4: connecting to flamestream-benchmarks-manager:4567
12:27:39.868 [worker-akka.actor.default-dispatcher-10] INFO  a.a.LocalActorRef akka://worker/user/watcher/processing-watcher/graph/graph/$a - Starting...
12:27:39.870 [worker-akka.actor.default-dispatcher-10] INFO  a.a.LocalActorRef akka://worker/user/watcher/processing-watcher/graph/graph/$b - Starting...
12:27:39.877 [worker-akka.actor.default-dispatcher-10] INFO  a.a.LocalActorRef akka://worker/user/watcher/processing-watcher/graph/graph/$c - Starting...
12:27:39.879 [worker-akka.actor.default-dispatcher-10] INFO  a.a.LocalActorRef akka://worker/user/watcher/processing-watcher/graph/graph/$d - Starting...
12:27:39.883 [worker-akka.actor.default-dispatcher-10] INFO  a.a.LocalActorRef akka://worker/user/watcher/processing-watcher/graph/graph/$e - Starting...
12:27:39.885 [worker-akka.actor.default-dispatcher-10] INFO  a.a.LocalActorRef akka://worker/user/watcher/processing-watcher/graph/graph/$f - Starting...
12:27:39.887 [worker-akka.actor.default-dispatcher-10] INFO  a.a.LocalActorRef akka://worker/user/watcher/processing-watcher/graph/graph/$g - Starting...
12:27:39.890 [worker-akka.actor.default-dispatcher-10] INFO  a.a.LocalActorRef akka://worker/user/watcher/processing-watcher/graph/graph/$h - Starting...
12:27:39.893 [worker-akka.actor.default-dispatcher-10] INFO  a.a.LocalActorRef akka://worker/user/watcher/processing-watcher/graph/graph/$i - Starting...
12:27:39.895 [worker-akka.actor.default-dispatcher-10] INFO  a.a.LocalActorRef akka://worker/user/watcher/processing-watcher/graph/graph/$j - Starting...
12:27:39.897 [worker-akka.actor.default-dispatcher-10] INFO  a.a.LocalActorRef akka://worker/user/watcher/processing-watcher/graph/graph/$k - Starting...
12:27:39.900 [worker-akka.actor.default-dispatcher-10] INFO  a.a.LocalActorRef akka://worker/user/watcher/processing-watcher/graph/graph/$l - Starting...
12:27:39.902 [worker-akka.actor.default-dispatcher-10] INFO  a.a.LocalActorRef akka://worker/user/watcher/processing-watcher/graph/graph/$m - Starting...
12:27:39.904 [worker-akka.actor.default-dispatcher-10] INFO  a.a.LocalActorRef akka://worker/user/watcher/processing-watcher/graph/graph/$n - Starting...
12:27:39.906 [worker-akka.actor.default-dispatcher-10] INFO  a.a.LocalActorRef akka://worker/user/watcher/processing-watcher/graph/graph/$o - Starting...
12:27:39.910 [worker-akka.actor.default-dispatcher-10] INFO  a.a.LocalActorRef akka://worker/user/watcher/processing-watcher/graph/graph/$p - Starting...
12:27:39.912 [worker-akka.actor.default-dispatcher-10] INFO  a.a.LocalActorRef akka://worker/user/watcher/processing-watcher/graph/graph/$q - Starting...
12:27:39.914 [worker-akka.actor.default-dispatcher-10] INFO  a.a.LocalActorRef akka://worker/user/watcher/processing-watcher/graph/graph/$r - Starting...
12:27:39.915 [worker-akka.actor.default-dispatcher-10] INFO  a.a.LocalActorRef akka://worker/user/watcher/processing-watcher/graph/graph/$s - Starting...
12:27:39.922 [worker-akka.actor.default-dispatcher-10] INFO  a.a.LocalActorRef akka://worker/user/watcher/processing-watcher/graph/graph/$t - Starting...
12:27:39.925 [worker-akka.actor.default-dispatcher-10] INFO  a.a.LocalActorRef akka://worker/user/watcher/processing-watcher/graph/graph/$u - Starting...
12:27:39.927 [worker-akka.actor.default-dispatcher-10] INFO  a.a.LocalActorRef akka://worker/user/watcher/processing-watcher/graph/graph/$v - Starting...
12:27:39.929 [worker-akka.actor.default-dispatcher-10] INFO  a.a.LocalActorRef akka://worker/user/watcher/processing-watcher/graph/graph/$w - Starting...
12:27:39.931 [worker-akka.actor.default-dispatcher-10] INFO  a.a.LocalActorRef akka://worker/user/watcher/processing-watcher/graph/graph/$x - Starting...
12:27:39.933 [worker-akka.actor.default-dispatcher-10] INFO  a.a.LocalActorRef akka://worker/user/watcher/processing-watcher/graph/graph/$y - Starting...
12:27:39.935 [worker-akka.actor.default-dispatcher-10] INFO  a.a.LocalActorRef akka://worker/user/watcher/processing-watcher/graph/graph/$z - Starting...
12:27:39.938 [worker-akka.actor.default-dispatcher-10] INFO  a.a.LocalActorRef akka://worker/user/watcher/processing-watcher/graph/graph/$A - Starting...
12:27:39.941 [worker-akka.actor.default-dispatcher-10] INFO  a.a.LocalActorRef akka://worker/user/watcher/processing-watcher/graph/graph/$B - Starting...
12:27:39.943 [worker-akka.actor.default-dispatcher-10] INFO  a.a.LocalActorRef akka://worker/user/watcher/processing-watcher/graph/graph/$C - Starting...
12:27:39.945 [worker-akka.actor.default-dispatcher-10] INFO  a.a.LocalActorRef akka://worker/user/watcher/processing-watcher/graph/graph/$D - Starting...
12:27:39.947 [worker-akka.actor.default-dispatcher-10] INFO  a.a.LocalActorRef akka://worker/user/watcher/processing-watcher/graph/graph/$E - Starting...
12:27:39.956 [worker-akka.actor.default-dispatcher-10] INFO  a.a.LocalActorRef akka://worker/user/watcher/processing-watcher/graph/graph/$F - Starting...
12:27:39.974 [worker-akka.actor.default-dispatcher-10] INFO  a.a.LocalActorRef akka://worker/user/watcher/processing-watcher/graph/graph/$G - Starting...
12:27:39.976 [worker-akka.actor.default-dispatcher-10] INFO  a.a.LocalActorRef akka://worker/user/watcher/processing-watcher/graph/graph/$H - Starting...
12:27:39.981 [worker-akka.actor.default-dispatcher-10] INFO  a.a.LocalActorRef akka://worker/user/watcher/processing-watcher/graph/graph/$F - Attached rear to graph (-9223372036854775808, min@min)
2019-10-10T12:27:52.210+0000: 30.686: [GC (Allocation Failure) 2019-10-10T12:27:52.211+0000: 30.686: [DefNew: 409600K->30475K(460800K), 0.0464684 secs] 435511K->56386K(1484800K), 0.0481256 secs] [Times: user=0.03 sys=0.02, real=0.05 secs] 
2019-10-10T12:27:59.660+0000: 38.135: [GC (Allocation Failure) 2019-10-10T12:27:59.660+0000: 38.135: [DefNew: 440075K->134K(460800K), 0.0309786 secs] 465986K->54063K(1484800K), 0.0310725 secs] [Times: user=0.02 sys=0.02, real=0.03 secs] 
2019-10-10T12:28:05.297+0000: 43.772: [GC (Allocation Failure) 2019-10-10T12:28:05.297+0000: 43.772: [DefNew: 409734K->313K(460800K), 0.0032135 secs] 463663K->54241K(1484800K), 0.0033591 secs] [Times: user=0.00 sys=0.00, real=0.00 secs] 
2019-10-10T12:28:10.075+0000: 48.550: [GC (Allocation Failure) 2019-10-10T12:28:10.075+0000: 48.550: [DefNew: 409913K->116K(460800K), 0.0026156 secs] 463841K->54044K(1484800K), 0.0026986 secs] [Times: user=0.00 sys=0.01, real=0.00 secs] 
2019-10-10T12:28:14.961+0000: 53.436: [GC (Allocation Failure) 2019-10-10T12:28:14.962+0000: 53.436: [DefNew: 409716K->98K(460800K), 0.0026672 secs] 463644K->54027K(1484800K), 0.0027595 secs] [Times: user=0.00 sys=0.00, real=0.00 secs] 
2019-10-10T12:28:19.620+0000: 58.095: [GC (Allocation Failure) 2019-10-10T12:28:19.620+0000: 58.095: [DefNew: 409698K->99K(460800K), 0.0026843 secs] 463627K->54027K(1484800K), 0.0027712 secs] [Times: user=0.01 sys=0.00, real=0.00 secs] 
2019-10-10T12:28:24.939+0000: 63.413: [GC (Allocation Failure) 2019-10-10T12:28:24.939+0000: 63.413: [DefNew: 409699K->490K(460800K), 0.0036239 secs] 463627K->54418K(1484800K), 0.0037163 secs] [Times: user=0.00 sys=0.00, real=0.00 secs] 
2019-10-10T12:28:32.406+0000: 70.881: [GC (Allocation Failure) 2019-10-10T12:28:32.406+0000: 70.881: [DefNew: 410090K->307K(460800K), 0.0033645 secs] 464018K->54236K(1484800K), 0.0034513 secs] [Times: user=0.01 sys=0.00, real=0.01 secs] 
2019-10-10T12:28:37.956+0000: 76.432: [GC (Allocation Failure) 2019-10-10T12:28:37.957+0000: 76.432: [DefNew: 409907K->292K(460800K), 0.0033494 secs] 463836K->54221K(1484800K), 0.0045295 secs] [Times: user=0.01 sys=0.00, real=0.00 secs] 
2019-10-10T12:28:43.643+0000: 82.117: [GC (Allocation Failure) 2019-10-10T12:28:43.643+0000: 82.117: [DefNew: 409892K->374K(460800K), 0.0035145 secs] 463821K->54303K(1484800K), 0.0036056 secs] [Times: user=0.00 sys=0.00, real=0.00 secs] 
2019-10-10T12:28:49.634+0000: 88.109: [GC (Allocation Failure) 2019-10-10T12:28:49.634+0000: 88.109: [DefNew: 409974K->487K(460800K), 0.0034742 secs] 463903K->54415K(1484800K), 0.0035582 secs] [Times: user=0.00 sys=0.00, real=0.01 secs] 
2019-10-10T12:28:55.230+0000: 93.706: [GC (Allocation Failure) 2019-10-10T12:28:55.231+0000: 93.706: [DefNew: 410087K->384K(460800K), 0.0035805 secs] 464015K->54313K(1484800K), 0.0051100 secs] [Times: user=0.00 sys=0.00, real=0.01 secs] 
2019-10-10T12:29:01.662+0000: 100.137: [GC (Allocation Failure) 2019-10-10T12:29:01.662+0000: 100.137: [DefNew: 409984K->351K(460800K), 0.0032440 secs] 463913K->54279K(1484800K), 0.0033534 secs] [Times: user=0.01 sys=0.00, real=0.00 secs] 
2019-10-10T12:29:07.289+0000: 105.765: [GC (Allocation Failure) 2019-10-10T12:29:07.290+0000: 105.765: [DefNew: 409951K->315K(460800K), 0.0035655 secs] 463879K->54244K(1484800K), 0.0050425 secs] [Times: user=0.00 sys=0.00, real=0.00 secs] 
2019-10-10T12:29:12.790+0000: 111.266: [GC (Allocation Failure) 2019-10-10T12:29:12.792+0000: 111.266: [DefNew: 409915K->466K(460800K), 0.0038296 secs] 463844K->54395K(1484800K), 0.0053248 secs] [Times: user=0.01 sys=0.00, real=0.01 secs] 
2019-10-10T12:29:18.235+0000: 116.711: [GC (Allocation Failure) 2019-10-10T12:29:18.237+0000: 116.712: [DefNew: 410066K->317K(460800K), 0.0036546 secs] 463995K->54246K(1484800K), 0.0050428 secs] [Times: user=0.00 sys=0.00, real=0.00 secs] 
2019-10-10T12:29:23.656+0000: 122.133: [GC (Allocation Failure) 2019-10-10T12:29:23.658+0000: 122.133: [DefNew: 409917K->317K(460800K), 0.0034406 secs] 463846K->54256K(1484800K), 0.0055334 secs] [Times: user=0.00 sys=0.00, real=0.00 secs] 
2019-10-10T12:29:30.356+0000: 128.830: [GC (Allocation Failure) 2019-10-10T12:29:30.356+0000: 128.830: [DefNew: 409917K->462K(460800K), 0.0035295 secs] 463856K->54415K(1484800K), 0.0036190 secs] [Times: user=0.00 sys=0.00, real=0.00 secs] 
2019-10-10T12:29:36.365+0000: 134.840: [GC (Allocation Failure) 2019-10-10T12:29:36.365+0000: 134.840: [DefNew: 410062K->455K(460800K), 0.0033228 secs] 464015K->54418K(1484800K), 0.0034199 secs] [Times: user=0.00 sys=0.00, real=0.01 secs] 
2019-10-10T12:29:41.620+0000: 140.096: [GC (Allocation Failure) 2019-10-10T12:29:41.621+0000: 140.096: [DefNew: 410055K->457K(460800K), 0.0034538 secs] 464018K->54420K(1484800K), 0.0049059 secs] [Times: user=0.00 sys=0.00, real=0.00 secs] 
2019-10-10T12:29:46.912+0000: 145.388: [GC (Allocation Failure) 2019-10-10T12:29:46.913+0000: 145.388: [DefNew: 410057K->456K(460800K), 0.0035828 secs] 464020K->54420K(1484800K), 0.0052508 secs] [Times: user=0.00 sys=0.00, real=0.01 secs] 
2019-10-10T12:29:52.694+0000: 151.169: [GC (Allocation Failure) 2019-10-10T12:29:52.694+0000: 151.169: [DefNew: 410056K->440K(460800K), 0.0036164 secs] 464020K->54510K(1484800K), 0.0037085 secs] [Times: user=0.00 sys=0.00, real=0.01 secs] 
2019-10-10T12:29:58.208+0000: 156.684: [GC (Allocation Failure) 2019-10-10T12:29:58.210+0000: 156.685: [DefNew: 410040K->280K(460800K), 0.0032326 secs] 464110K->54420K(1484800K), 0.0045450 secs] [Times: user=0.00 sys=0.00, real=0.00 secs] 
2019-10-10T12:30:03.845+0000: 162.320: [GC (Allocation Failure) 2019-10-10T12:30:03.845+0000: 162.320: [DefNew: 409880K->290K(460800K), 0.0027509 secs] 464020K->54430K(1484800K), 0.0028704 secs] [Times: user=0.00 sys=0.00, real=0.01 secs] 
2019-10-10T12:30:09.329+0000: 167.806: [GC (Allocation Failure) 2019-10-10T12:30:09.331+0000: 167.806: [DefNew: 409890K->282K(460800K), 0.0030497 secs] 464030K->54429K(1484800K), 0.0047286 secs] [Times: user=0.01 sys=0.00, real=0.00 secs] 
2019-10-10T12:30:14.745+0000: 173.221: [GC (Allocation Failure) 2019-10-10T12:30:14.746+0000: 173.221: [DefNew: 409882K->291K(460800K), 0.0030656 secs] 464029K->54439K(1484800K), 0.0047045 secs] [Times: user=0.00 sys=0.00, real=0.01 secs] 
2019-10-10T12:30:20.345+0000: 178.821: [GC (Allocation Failure) 2019-10-10T12:30:20.346+0000: 178.821: [DefNew: 409891K->273K(460800K), 0.0030975 secs] 464039K->54421K(1484800K), 0.0043769 secs] [Times: user=0.01 sys=0.00, real=0.01 secs] 
2019-10-10T12:30:25.973+0000: 184.449: [GC (Allocation Failure) 2019-10-10T12:30:25.974+0000: 184.449: [DefNew: 409873K->379K(460800K), 0.0032630 secs] 464021K->54540K(1484800K), 0.0044426 secs] [Times: user=0.01 sys=0.00, real=0.01 secs] 
2019-10-10T12:30:31.454+0000: 189.928: [GC (Allocation Failure) 2019-10-10T12:30:31.454+0000: 189.928: [DefNew: 409979K->306K(460800K), 0.0028936 secs] 464140K->54467K(1484800K), 0.0029885 secs] [Times: user=0.01 sys=0.00, real=0.01 secs] 
2019-10-10T12:30:36.796+0000: 195.272: [GC (Allocation Failure) 2019-10-10T12:30:36.798+0000: 195.273: [DefNew: 409906K->312K(460800K), 0.0033324 secs] 464067K->54474K(1484800K), 0.0046866 secs] [Times: user=0.00 sys=0.00, real=0.00 secs] 
2019-10-10T12:30:42.371+0000: 200.847: [GC (Allocation Failure) 2019-10-10T12:30:42.373+0000: 200.847: [DefNew: 409912K->306K(460800K), 0.0032652 secs] 464074K->54469K(1484800K), 0.0047725 secs] [Times: user=0.01 sys=0.00, real=0.01 secs] 
2019-10-10T12:30:47.769+0000: 206.245: [GC (Allocation Failure) 2019-10-10T12:30:47.770+0000: 206.245: [DefNew: 409906K->506K(460800K), 0.0036841 secs] 464069K->54669K(1484800K), 0.0049964 secs] [Times: user=0.00 sys=0.00, real=0.00 secs] 
2019-10-10T12:30:53.112+0000: 211.587: [GC (Allocation Failure) 2019-10-10T12:30:53.112+0000: 211.587: [DefNew: 410106K->197K(460800K), 0.0031451 secs] 464269K->54535K(1484800K), 0.0032506 secs] [Times: user=0.00 sys=0.00, real=0.01 secs] 
2019-10-10T12:30:58.635+0000: 217.110: [GC (Allocation Failure) 2019-10-10T12:30:58.635+0000: 217.110: [DefNew: 409797K->151K(460800K), 0.0026618 secs] 464135K->54489K(1484800K), 0.0027489 secs] [Times: user=0.00 sys=0.00, real=0.00 secs] 
2019-10-10T12:31:03.913+0000: 222.389: [GC (Allocation Failure) 2019-10-10T12:31:03.914+0000: 222.389: [DefNew: 409751K->301K(460800K), 0.0033772 secs] 464089K->54640K(1484800K), 0.0047098 secs] [Times: user=0.00 sys=0.00, real=0.01 secs] 
2019-10-10T12:31:09.683+0000: 228.158: [GC (Allocation Failure) 2019-10-10T12:31:09.683+0000: 228.158: [DefNew: 409901K->152K(460800K), 0.0027259 secs] 464240K->54491K(1484800K), 0.0028232 secs] [Times: user=0.01 sys=0.00, real=0.00 secs] 
2019-10-10T12:31:15.384+0000: 233.860: [GC (Allocation Failure) 2019-10-10T12:31:15.385+0000: 233.860: [DefNew: 409752K->126K(460800K), 0.0028291 secs] 464091K->54465K(1484800K), 0.0042725 secs] [Times: user=0.00 sys=0.00, real=0.01 secs] 
2019-10-10T12:31:21.041+0000: 239.517: [GC (Allocation Failure) 2019-10-10T12:31:21.042+0000: 239.517: [DefNew: 409726K->129K(460800K), 0.0030041 secs] 464065K->54468K(1484800K), 0.0044374 secs] [Times: user=0.00 sys=0.00, real=0.00 secs] 
2019-10-10T12:31:26.590+0000: 245.065: [GC (Allocation Failure) 2019-10-10T12:31:26.590+0000: 245.065: [DefNew: 409729K->233K(460800K), 0.0030815 secs] 464068K->54573K(1484800K), 0.0031791 secs] [Times: user=0.00 sys=0.00, real=0.00 secs] 
2019-10-10T12:31:31.933+0000: 250.409: [GC (Allocation Failure) 2019-10-10T12:31:31.935+0000: 250.409: [DefNew: 409833K->260K(460800K), 0.0032876 secs] 464173K->54600K(1484800K), 0.0047898 secs] [Times: user=0.00 sys=0.00, real=0.01 secs] 
2019-10-10T12:31:37.210+0000: 255.685: [GC (Allocation Failure) 2019-10-10T12:31:37.210+0000: 255.685: [DefNew: 409860K->182K(460800K), 0.0027447 secs] 464200K->54523K(1484800K), 0.0028328 secs] [Times: user=0.00 sys=0.00, real=0.00 secs] 
2019-10-10T12:31:42.946+0000: 261.421: [GC (Allocation Failure) 2019-10-10T12:31:42.946+0000: 261.421: [DefNew: 409782K->198K(460800K), 0.0028192 secs] 464123K->54538K(1484800K), 0.0029126 secs] [Times: user=0.00 sys=0.00, real=0.01 secs] 
2019-10-10T12:31:48.276+0000: 266.752: [GC (Allocation Failure) 2019-10-10T12:31:48.277+0000: 266.752: [DefNew: 409798K->154K(460800K), 0.0030602 secs] 464138K->54523K(1484800K), 0.0043308 secs] [Times: user=0.00 sys=0.00, real=0.00 secs] 
2019-10-10T12:31:53.904+0000: 272.380: [GC (Allocation Failure) 2019-10-10T12:31:53.905+0000: 272.380: [DefNew: 409754K->300K(460800K), 0.0034287 secs] 464123K->54684K(1484800K), 0.0048041 secs] [Times: user=0.00 sys=0.00, real=0.01 secs] 
2019-10-10T12:31:59.227+0000: 277.703: [GC (Allocation Failure) 2019-10-10T12:31:59.228+0000: 277.703: [DefNew: 409900K->139K(460800K), 0.0030200 secs] 464284K->54523K(1484800K), 0.0045390 secs] [Times: user=0.00 sys=0.00, real=0.00 secs] 
2019-10-10T12:32:04.604+0000: 283.079: [GC (Allocation Failure) 2019-10-10T12:32:04.604+0000: 283.079: [DefNew: 409739K->143K(460800K), 0.0028182 secs] 464123K->54526K(1484800K), 0.0028981 secs] [Times: user=0.01 sys=0.00, real=0.01 secs] 
2019-10-10T12:32:09.940+0000: 288.416: [GC (Allocation Failure) 2019-10-10T12:32:09.941+0000: 288.416: [DefNew: 409743K->229K(460800K), 0.0033464 secs] 464126K->54613K(1484800K), 0.0046197 secs] [Times: user=0.00 sys=0.00, real=0.00 secs] 
2019-10-10T12:32:15.157+0000: 293.631: [GC (Allocation Failure) 2019-10-10T12:32:15.157+0000: 293.631: [DefNew: 409829K->213K(460800K), 0.0028736 secs] 464213K->54597K(1484800K), 0.0029780 secs] [Times: user=0.01 sys=0.00, real=0.00 secs] 
2019-10-10T12:32:21.178+0000: 299.653: [GC (Allocation Failure) 2019-10-10T12:32:21.178+0000: 299.653: [DefNew: 409813K->138K(460800K), 0.0026641 secs] 464197K->54522K(1484800K), 0.0027507 secs] [Times: user=0.01 sys=0.00, real=0.00 secs] 
2019-10-10T12:32:26.692+0000: 305.167: [GC (Allocation Failure) 2019-10-10T12:32:26.692+0000: 305.167: [DefNew: 409738K->183K(460800K), 0.0030200 secs] 464122K->54567K(1484800K), 0.0031119 secs] [Times: user=0.00 sys=0.00, real=0.01 secs] 
2019-10-10T12:32:31.968+0000: 310.444: [GC (Allocation Failure) 2019-10-10T12:32:31.970+0000: 310.444: [DefNew: 409783K->172K(460800K), 0.0030995 secs] 464167K->54556K(1484800K), 0.0045271 secs] [Times: user=0.00 sys=0.00, real=0.00 secs] 
2019-10-10T12:32:37.303+0000: 315.779: [GC (Allocation Failure) 2019-10-10T12:32:37.304+0000: 315.779: [DefNew: 409772K->228K(460800K), 0.0033932 secs] 464156K->54612K(1484800K), 0.0048490 secs] [Times: user=0.00 sys=0.01, real=0.01 secs] 
2019-10-10T12:32:42.638+0000: 321.114: [GC (Allocation Failure) 2019-10-10T12:32:42.639+0000: 321.114: [DefNew: 409828K->199K(460800K), 0.0031131 secs] 464212K->54584K(1484800K), 0.0044488 secs] [Times: user=0.00 sys=0.00, real=0.00 secs] 
2019-10-10T12:32:47.946+0000: 326.422: [GC (Allocation Failure) 2019-10-10T12:32:47.947+0000: 326.422: [DefNew: 409799K->315K(460800K), 0.0035634 secs] 464184K->54733K(1484800K), 0.0046377 secs] [Times: user=0.00 sys=0.00, real=0.01 secs] 
2019-10-10T12:32:53.230+0000: 331.705: [GC (Allocation Failure) 2019-10-10T12:32:53.230+0000: 331.705: [DefNew: 409915K->157K(460800K), 0.0029430 secs] 464333K->54597K(1484800K), 0.0030331 secs] [Times: user=0.00 sys=0.00, real=0.00 secs] 
2019-10-10T12:32:58.899+0000: 337.375: [GC (Allocation Failure) 2019-10-10T12:32:58.900+0000: 337.375: [DefNew: 409757K->120K(460800K), 0.0027935 secs] 464197K->54560K(1484800K), 0.0041377 secs] [Times: user=0.00 sys=0.00, real=0.00 secs] 
2019-10-10T12:33:04.464+0000: 342.938: [GC (Allocation Failure) 2019-10-10T12:33:04.464+0000: 342.938: [DefNew: 409720K->106K(460800K), 0.0027338 secs] 464160K->54547K(1484800K), 0.0028413 secs] [Times: user=0.00 sys=0.00, real=0.00 secs] 
2019-10-10T12:33:09.760+0000: 348.237: [GC (Allocation Failure) 2019-10-10T12:33:09.762+0000: 348.237: [DefNew: 409706K->230K(460800K), 0.0037303 secs] 464147K->54671K(1484800K), 0.0058362 secs] [Times: user=0.00 sys=0.00, real=0.00 secs] 
2019-10-10T12:33:15.240+0000: 353.715: [GC (Allocation Failure) 2019-10-10T12:33:15.240+0000: 353.715: [DefNew: 409830K->105K(460800K), 0.0027623 secs] 464271K->54546K(1484800K), 0.0028449 secs] [Times: user=0.01 sys=0.00, real=0.00 secs] 
2019-10-10T12:33:20.530+0000: 359.006: [GC (Allocation Failure) 2019-10-10T12:33:20.531+0000: 359.006: [DefNew: 409705K->117K(460800K), 0.0028194 secs] 464146K->54557K(1484800K), 0.0042250 secs] [Times: user=0.01 sys=0.00, real=0.00 secs] 
2019-10-10T12:33:26.275+0000: 364.750: [GC (Allocation Failure) 2019-10-10T12:33:26.275+0000: 364.750: [DefNew: 409717K->122K(460800K), 0.0027387 secs] 464157K->54563K(1484800K), 0.0028394 secs] [Times: user=0.00 sys=0.00, real=0.00 secs] 
2019-10-10T12:33:31.824+0000: 370.301: [GC (Allocation Failure) 2019-10-10T12:33:31.826+0000: 370.301: [DefNew: 409722K->119K(460800K), 0.0031515 secs] 464163K->54559K(1484800K), 0.0045668 secs] [Times: user=0.01 sys=0.00, real=0.01 secs] 
2019-10-10T12:33:37.162+0000: 375.638: [GC (Allocation Failure) 2019-10-10T12:33:37.163+0000: 375.638: [DefNew: 409719K->162K(460800K), 0.0032233 secs] 464159K->54605K(1484800K), 0.0047496 secs] [Times: user=0.01 sys=0.00, real=0.00 secs] 
2019-10-10T12:33:42.444+0000: 380.919: [GC (Allocation Failure) 2019-10-10T12:33:42.444+0000: 380.919: [DefNew: 409762K->118K(460800K), 0.0026228 secs] 464205K->54560K(1484800K), 0.0027161 secs] [Times: user=0.01 sys=0.00, real=0.01 secs] 
2019-10-10T12:33:47.820+0000: 386.295: [GC (Allocation Failure) 2019-10-10T12:33:47.820+0000: 386.295: [DefNew: 409718K->171K(460800K), 0.0028699 secs] 464160K->54626K(1484800K), 0.0029847 secs] [Times: user=0.00 sys=0.00, real=0.00 secs] 
2019-10-10T12:33:53.126+0000: 391.602: [GC (Allocation Failure) 2019-10-10T12:33:53.127+0000: 391.602: [DefNew: 409771K->117K(460800K), 0.0027830 secs] 464226K->54580K(1484800K), 0.0040827 secs] [Times: user=0.00 sys=0.00, real=0.01 secs] 
2019-10-10T12:33:58.564+0000: 397.039: [GC (Allocation Failure) 2019-10-10T12:33:58.564+0000: 397.039: [DefNew: 409717K->101K(460800K), 0.0026604 secs] 464180K->54564K(1484800K), 0.0027522 secs] [Times: user=0.00 sys=0.00, real=0.00 secs] 
2019-10-10T12:34:03.893+0000: 402.369: [GC (Allocation Failure) 2019-10-10T12:34:03.894+0000: 402.369: [DefNew: 409701K->292K(460800K), 0.0032866 secs] 464164K->54755K(1484800K), 0.0047029 secs] [Times: user=0.01 sys=0.00, real=0.01 secs] 
2019-10-10T12:34:09.250+0000: 407.725: [GC (Allocation Failure) 2019-10-10T12:34:09.250+0000: 407.725: [DefNew: 409892K->102K(460800K), 0.0029335 secs] 464355K->54565K(1484800K), 0.0030305 secs] [Times: user=0.01 sys=0.00, real=0.00 secs] 
2019-10-10T12:34:14.426+0000: 412.902: [GC (Allocation Failure) 2019-10-10T12:34:14.427+0000: 412.902: [DefNew: 409702K->103K(460800K), 0.0028705 secs] 464165K->54566K(1484800K), 0.0042357 secs] [Times: user=0.00 sys=0.01, real=0.01 secs] 
2019-10-10T12:34:19.763+0000: 418.238: [GC (Allocation Failure) 2019-10-10T12:34:19.763+0000: 418.238: [DefNew: 409703K->102K(460800K), 0.0027367 secs] 464166K->54565K(1484800K), 0.0028334 secs] [Times: user=0.00 sys=0.00, real=0.00 secs] 
2019-10-10T12:34:24.933+0000: 423.409: [GC (Allocation Failure) 2019-10-10T12:34:24.934+0000: 423.409: [DefNew: 409702K->112K(460800K), 0.0029279 secs] 464165K->54575K(1484800K), 0.0043932 secs] [Times: user=0.00 sys=0.00, real=0.01 secs] 
2019-10-10T12:34:30.424+0000: 428.899: [GC (Allocation Failure) 2019-10-10T12:34:30.425+0000: 428.899: [DefNew: 409712K->106K(460800K), 0.0027354 secs] 464175K->54569K(1484800K), 0.0028219 secs] [Times: user=0.01 sys=0.00, real=0.01 secs] 
2019-10-10T12:34:36.001+0000: 434.477: [GC (Allocation Failure) 2019-10-10T12:34:36.002+0000: 434.477: [DefNew: 409706K->188K(460800K), 0.0031887 secs] 464169K->54651K(1484800K), 0.0044931 secs] [Times: user=0.00 sys=0.00, real=0.00 secs] 
2019-10-10T12:34:41.648+0000: 440.123: [GC (Allocation Failure) 2019-10-10T12:34:41.648+0000: 440.123: [DefNew: 409788K->108K(460800K), 0.0025477 secs] 464251K->54571K(1484800K), 0.0026402 secs] [Times: user=0.00 sys=0.00, real=0.00 secs] 
2019-10-10T12:34:46.836+0000: 445.312: [GC (Allocation Failure) 2019-10-10T12:34:46.837+0000: 445.312: [DefNew: 409708K->211K(460800K), 0.0032006 secs] 464171K->54688K(1484800K), 0.0041057 secs] [Times: user=0.00 sys=0.00, real=0.00 secs] 
2019-10-10T12:34:52.265+0000: 450.740: [GC (Allocation Failure) 2019-10-10T12:34:52.265+0000: 450.740: [DefNew: 409811K->100K(460800K), 0.0026317 secs] 464288K->54577K(1484800K), 0.0027168 secs] [Times: user=0.00 sys=0.00, real=0.01 secs] 
2019-10-10T12:34:57.568+0000: 456.044: [GC (Allocation Failure) 2019-10-10T12:34:57.570+0000: 456.045: [DefNew: 409700K->112K(460800K), 0.0029495 secs] 464177K->54589K(1484800K), 0.0044205 secs] [Times: user=0.01 sys=0.00, real=0.00 secs] 
2019-10-10T12:35:02.864+0000: 461.339: [GC (Allocation Failure) 2019-10-10T12:35:02.864+0000: 461.339: [DefNew: 409712K->111K(460800K), 0.0026665 secs] 464189K->54588K(1484800K), 0.0027487 secs] [Times: user=0.01 sys=0.00, real=0.01 secs] 
12:35:05.337 [worker-akka.actor.default-dispatcher-10] INFO  a.r.a.Association(akka://worker) akka.remote.artery.Association(akka://worker) - Stopping idle outbound stream [2] to [akka://worker@flamestream-benchmarks-worker-0:5412]
2019-10-10T12:35:09.174+0000: 467.649: [GC (Allocation Failure) 2019-10-10T12:35:09.174+0000: 467.649: [DefNew: 409711K->259K(460800K), 0.0032745 secs] 464188K->54736K(1484800K), 0.0033950 secs] [Times: user=0.00 sys=0.00, real=0.01 secs] 
2019-10-10T12:35:14.682+0000: 473.157: [GC (Allocation Failure) 2019-10-10T12:35:14.682+0000: 473.157: [DefNew: 409859K->185K(460800K), 0.0030400 secs] 464336K->54662K(1484800K), 0.0031388 secs] [Times: user=0.01 sys=0.00, real=0.00 secs] 
2019-10-10T12:35:19.958+0000: 478.434: [GC (Allocation Failure) 2019-10-10T12:35:19.959+0000: 478.434: [DefNew: 409785K->228K(460800K), 0.0032667 secs] 464262K->54705K(1484800K), 0.0043708 secs] [Times: user=0.01 sys=0.00, real=0.00 secs] 
2019-10-10T12:35:25.458+0000: 483.933: [GC (Allocation Failure) 2019-10-10T12:35:25.458+0000: 483.933: [DefNew: 409828K->417K(460800K), 0.0037968 secs] 464305K->54895K(1484800K), 0.0039244 secs] [Times: user=0.00 sys=0.00, real=0.00 secs] 
2019-10-10T12:35:30.907+0000: 489.383: [GC (Allocation Failure) 2019-10-10T12:35:30.908+0000: 489.383: [DefNew: 410017K->197K(460800K), 0.0032561 secs] 464495K->54675K(1484800K), 0.0047854 secs] [Times: user=0.01 sys=0.00, real=0.00 secs] 
2019-10-10T12:35:36.211+0000: 494.687: [GC (Allocation Failure) 2019-10-10T12:35:36.212+0000: 494.687: [DefNew: 409797K->193K(460800K), 0.0031336 secs] 464275K->54671K(1484800K), 0.0045407 secs] [Times: user=0.00 sys=0.00, real=0.01 secs] 
2019-10-10T12:35:41.496+0000: 499.972: [GC (Allocation Failure) 2019-10-10T12:35:41.497+0000: 499.972: [DefNew: 409793K->209K(460800K), 0.0030751 secs] 464271K->54687K(1484800K), 0.0045999 secs] [Times: user=0.00 sys=0.00, real=0.00 secs] 
2019-10-10T12:35:46.948+0000: 505.424: [GC (Allocation Failure) 2019-10-10T12:35:46.949+0000: 505.424: [DefNew: 409809K->191K(460800K), 0.0033903 secs] 464287K->54676K(1484800K), 0.0047195 secs] [Times: user=0.00 sys=0.00, real=0.00 secs] 
2019-10-10T12:35:52.624+0000: 511.099: [GC (Allocation Failure) 2019-10-10T12:35:52.624+0000: 511.099: [DefNew: 409791K->189K(460800K), 0.0031224 secs] 464276K->54677K(1484800K), 0.0032113 secs] [Times: user=0.00 sys=0.00, real=0.01 secs] 
2019-10-10T12:35:58.209+0000: 516.685: [GC (Allocation Failure) 2019-10-10T12:35:58.210+0000: 516.685: [DefNew: 409789K->191K(460800K), 0.0032198 secs] 464277K->54678K(1484800K), 0.0044590 secs] [Times: user=0.00 sys=0.00, real=0.00 secs] 
2019-10-10T12:36:03.590+0000: 522.066: [GC (Allocation Failure) 2019-10-10T12:36:03.591+0000: 522.066: [DefNew: 409791K->182K(460800K), 0.0031745 secs] 464278K->54672K(1484800K), 0.0045376 secs] [Times: user=0.00 sys=0.01, real=0.01 secs] 
2019-10-10T12:36:08.927+0000: 527.402: [GC (Allocation Failure) 2019-10-10T12:36:08.928+0000: 527.402: [DefNew: 409782K->181K(460800K), 0.0029060 secs] 464272K->54671K(1484800K), 0.0029908 secs] [Times: user=0.00 sys=0.00, real=0.00 secs] 
2019-10-10T12:36:14.148+0000: 532.624: [GC (Allocation Failure) 2019-10-10T12:36:14.149+0000: 532.624: [DefNew: 409781K->324K(460800K), 0.0035891 secs] 464271K->54815K(1484800K), 0.0050015 secs] [Times: user=0.01 sys=0.00, real=0.00 secs] 
2019-10-10T12:36:19.399+0000: 537.873: [GC (Allocation Failure) 2019-10-10T12:36:19.399+0000: 537.874: [DefNew: 409924K->201K(460800K), 0.0030108 secs] 464415K->54691K(1484800K), 0.0031314 secs] [Times: user=0.00 sys=0.00, real=0.00 secs] 
2019-10-10T12:36:24.664+0000: 543.140: [GC (Allocation Failure) 2019-10-10T12:36:24.665+0000: 543.140: [DefNew: 409801K->182K(460800K), 0.0033145 secs] 464291K->54672K(1484800K), 0.0046831 secs] [Times: user=0.00 sys=0.00, real=0.01 secs] 
2019-10-10T12:36:30.137+0000: 548.613: [GC (Allocation Failure) 2019-10-10T12:36:30.138+0000: 548.613: [DefNew: 409782K->97K(460800K), 0.0034767 secs] 464272K->54675K(1484800K), 0.0048320 secs] [Times: user=0.00 sys=0.00, real=0.00 secs] 
2019-10-10T12:36:35.645+0000: 554.120: [GC (Allocation Failure) 2019-10-10T12:36:35.645+0000: 554.120: [DefNew: 409697K->168K(460800K), 0.0028034 secs] 464275K->54747K(1484800K), 0.0028901 secs] [Times: user=0.01 sys=0.00, real=0.01 secs] 
2019-10-10T12:36:40.961+0000: 559.436: [GC (Allocation Failure) 2019-10-10T12:36:40.961+0000: 559.436: [DefNew: 409768K->155K(460800K), 0.0027990 secs] 464347K->54734K(1484800K), 0.0028792 secs] [Times: user=0.00 sys=0.00, real=0.00 secs] 
2019-10-10T12:36:46.393+0000: 564.869: [GC (Allocation Failure) 2019-10-10T12:36:46.395+0000: 564.869: [DefNew: 409755K->93K(460800K), 0.0028149 secs] 464334K->54677K(1484800K), 0.0041073 secs] [Times: user=0.01 sys=0.00, real=0.01 secs] 
2019-10-10T12:36:51.747+0000: 570.222: [GC (Allocation Failure) 2019-10-10T12:36:51.747+0000: 570.222: [DefNew: 409693K->90K(460800K), 0.0025986 secs] 464277K->54678K(1484800K), 0.0026866 secs] [Times: user=0.00 sys=0.00, real=0.00 secs] 
2019-10-10T12:36:57.052+0000: 575.528: [GC (Allocation Failure) 2019-10-10T12:36:57.053+0000: 575.528: [DefNew: 409690K->294K(460800K), 0.0032929 secs] 464278K->54882K(1484800K), 0.0046041 secs] [Times: user=0.01 sys=0.00, real=0.01 secs] 
2019-10-10T12:37:02.260+0000: 580.736: [GC (Allocation Failure) 2019-10-10T12:37:02.261+0000: 580.736: [DefNew: 409894K->90K(460800K), 0.0030632 secs] 464482K->54678K(1484800K), 0.0045429 secs] [Times: user=0.00 sys=0.00, real=0.00 secs] 
2019-10-10T12:37:07.428+0000: 585.904: [GC (Allocation Failure) 2019-10-10T12:37:07.429+0000: 585.904: [DefNew: 409690K->89K(460800K), 0.0028487 secs] 464278K->54678K(1484800K), 0.0040984 secs] [Times: user=0.00 sys=0.00, real=0.00 secs] 
2019-10-10T12:37:12.627+0000: 591.103: [GC (Allocation Failure) 2019-10-10T12:37:12.629+0000: 591.103: [DefNew: 409689K->89K(460800K), 0.0029288 secs] 464278K->54678K(1484800K), 0.0042226 secs] [Times: user=0.01 sys=0.00, real=0.00 secs] 
2019-10-10T12:37:17.809+0000: 596.285: [GC (Allocation Failure) 2019-10-10T12:37:17.811+0000: 596.285: [DefNew: 409689K->120K(460800K), 0.0029017 secs] 464278K->54708K(1484800K), 0.0042008 secs] [Times: user=0.00 sys=0.00, real=0.00 secs] 
2019-10-10T12:37:23.079+0000: 601.554: [GC (Allocation Failure) 2019-10-10T12:37:23.079+0000: 601.554: [DefNew: 409720K->93K(460800K), 0.0026358 secs] 464308K->54682K(1484800K), 0.0027130 secs] [Times: user=0.01 sys=0.00, real=0.00 secs] 
2019-10-10T12:37:28.749+0000: 607.224: [GC (Allocation Failure) 2019-10-10T12:37:28.749+0000: 607.224: [DefNew: 409693K->363K(460800K), 0.0035125 secs] 464282K->54951K(1484800K), 0.0036094 secs] [Times: user=0.01 sys=0.00, real=0.00 secs] 
2019-10-10T12:37:33.984+0000: 612.461: [GC (Allocation Failure) 2019-10-10T12:37:33.986+0000: 612.461: [DefNew: 409963K->149K(460800K), 0.0030066 secs] 464551K->54738K(1484800K), 0.0045321 secs] [Times: user=0.00 sys=0.00, real=0.01 secs] 
2019-10-10T12:37:39.350+0000: 617.826: [GC (Allocation Failure) 2019-10-10T12:37:39.351+0000: 617.826: [DefNew: 409749K->94K(460800K), 0.0029080 secs] 464338K->54683K(1484800K), 0.0041341 secs] [Times: user=0.01 sys=0.00, real=0.00 secs] 
2019-10-10T12:37:44.665+0000: 623.142: [GC (Allocation Failure) 2019-10-10T12:37:44.667+0000: 623.142: [DefNew: 409694K->94K(460800K), 0.0028971 secs] 464283K->54683K(1484800K), 0.0044737 secs] [Times: user=0.00 sys=0.00, real=0.01 secs] 
2019-10-10T12:37:50.097+0000: 628.574: [GC (Allocation Failure) 2019-10-10T12:37:50.099+0000: 628.574: [DefNew: 409694K->89K(460800K), 0.0031190 secs] 464283K->54684K(1484800K), 0.0049733 secs] [Times: user=0.00 sys=0.00, real=0.00 secs] 
2019-10-10T12:37:55.414+0000: 633.889: [GC (Allocation Failure) 2019-10-10T12:37:55.414+0000: 633.889: [DefNew: 409689K->89K(460800K), 0.0027717 secs] 464284K->54684K(1484800K), 0.0028676 secs] [Times: user=0.01 sys=0.00, real=0.01 secs] 
2019-10-10T12:38:00.781+0000: 639.257: [GC (Allocation Failure) 2019-10-10T12:38:00.783+0000: 639.257: [DefNew: 409689K->99K(460800K), 0.0029493 secs] 464284K->54694K(1484800K), 0.0044823 secs] [Times: user=0.00 sys=0.00, real=0.00 secs] 
2019-10-10T12:38:05.946+0000: 644.422: [GC (Allocation Failure) 2019-10-10T12:38:05.947+0000: 644.422: [DefNew: 409699K->91K(460800K), 0.0030236 secs] 464294K->54686K(1484800K), 0.0049024 secs] [Times: user=0.01 sys=0.00, real=0.01 secs] 
2019-10-10T12:38:11.179+0000: 649.656: [GC (Allocation Failure) 2019-10-10T12:38:11.181+0000: 649.656: [DefNew: 409691K->151K(460800K), 0.0031099 secs] 464286K->54746K(1484800K), 0.0046445 secs] [Times: user=0.00 sys=0.00, real=0.00 secs] 
2019-10-10T12:38:16.489+0000: 654.964: [GC (Allocation Failure) 2019-10-10T12:38:16.489+0000: 654.964: [DefNew: 409751K->127K(460800K), 0.0027855 secs] 464346K->54721K(1484800K), 0.0028823 secs] [Times: user=0.01 sys=0.00, real=0.00 secs] 
2019-10-10T12:38:21.754+0000: 660.229: [GC (Allocation Failure) 2019-10-10T12:38:21.754+0000: 660.229: [DefNew: 409727K->96K(460800K), 0.0025843 secs] 464321K->54690K(1484800K), 0.0026565 secs] [Times: user=0.00 sys=0.00, real=0.01 secs] 
2019-10-10T12:38:27.267+0000: 665.744: [GC (Allocation Failure) 2019-10-10T12:38:27.269+0000: 665.744: [DefNew: 409696K->257K(460800K), 0.0033807 secs] 464290K->54852K(1484800K), 0.0047954 secs] [Times: user=0.01 sys=0.00, real=0.00 secs] 
2019-10-10T12:38:32.740+0000: 671.216: [GC (Allocation Failure) 2019-10-10T12:38:32.741+0000: 671.216: [DefNew: 409857K->218K(460800K), 0.0033097 secs] 464452K->54813K(1484800K), 0.0046922 secs] [Times: user=0.00 sys=0.00, real=0.00 secs] 
2019-10-10T12:38:38.141+0000: 676.617: [GC (Allocation Failure) 2019-10-10T12:38:38.142+0000: 676.617: [DefNew: 409818K->96K(460800K), 0.0029367 secs] 464413K->54691K(1484800K), 0.0042162 secs] [Times: user=0.01 sys=0.00, real=0.00 secs] 
2019-10-10T12:38:43.402+0000: 681.878: [GC (Allocation Failure) 2019-10-10T12:38:43.404+0000: 681.878: [DefNew: 409696K->106K(460800K), 0.0028917 secs] 464291K->54701K(1484800K), 0.0042848 secs] [Times: user=0.00 sys=0.00, real=0.00 secs] 
2019-10-10T12:38:48.725+0000: 687.200: [GC (Allocation Failure) 2019-10-10T12:38:48.726+0000: 687.200: [DefNew: 409706K->89K(460800K), 0.0029482 secs] 464301K->54690K(1484800K), 0.0040766 secs] [Times: user=0.00 sys=0.00, real=0.01 secs] 
2019-10-10T12:38:54.221+0000: 692.698: [GC (Allocation Failure) 2019-10-10T12:38:54.223+0000: 692.698: [DefNew: 409689K->134K(460800K), 0.0028683 secs] 464290K->54734K(1484800K), 0.0045517 secs] [Times: user=0.00 sys=0.00, real=0.00 secs] 
2019-10-10T12:38:59.517+0000: 697.993: [GC (Allocation Failure) 2019-10-10T12:38:59.519+0000: 697.993: [DefNew: 409734K->106K(460800K), 0.0028412 secs] 464334K->54707K(1484800K), 0.0043102 secs] [Times: user=0.00 sys=0.00, real=0.00 secs] 
2019-10-10T12:39:04.856+0000: 703.333: [GC (Allocation Failure) 2019-10-10T12:39:04.858+0000: 703.333: [DefNew: 409706K->124K(460800K), 0.0032648 secs] 464307K->54724K(1484800K), 0.0046890 secs] [Times: user=0.00 sys=0.00, real=0.00 secs] 
2019-10-10T12:39:10.116+0000: 708.592: [GC (Allocation Failure) 2019-10-10T12:39:10.117+0000: 708.592: [DefNew: 409724K->140K(460800K), 0.0032394 secs] 464324K->54740K(1484800K), 0.0047485 secs] [Times: user=0.01 sys=0.00, real=0.00 secs] 
2019-10-10T12:39:15.430+0000: 713.905: [GC (Allocation Failure) 2019-10-10T12:39:15.430+0000: 713.905: [DefNew: 409740K->97K(460800K), 0.0025795 secs] 464340K->54698K(1484800K), 0.0026891 secs] [Times: user=0.00 sys=0.00, real=0.00 secs] 
2019-10-10T12:39:20.694+0000: 719.169: [GC (Allocation Failure) 2019-10-10T12:39:20.694+0000: 719.169: [DefNew: 409697K->113K(460800K), 0.0027409 secs] 464298K->54713K(1484800K), 0.0028188 secs] [Times: user=0.01 sys=0.00, real=0.01 secs] 
2019-10-10T12:39:26.017+0000: 724.495: [GC (Allocation Failure) 2019-10-10T12:39:26.020+0000: 724.495: [DefNew: 409713K->171K(460800K), 0.0032104 secs] 464313K->54772K(1484800K), 0.0057917 secs] [Times: user=0.00 sys=0.00, real=0.00 secs] 
2019-10-10T12:39:31.445+0000: 729.920: [GC (Allocation Failure) 2019-10-10T12:39:31.445+0000: 729.920: [DefNew: 409771K->125K(460800K), 0.0027526 secs] 464372K->54726K(1484800K), 0.0028454 secs] [Times: user=0.00 sys=0.00, real=0.01 secs] 
2019-10-10T12:39:36.703+0000: 735.179: [GC (Allocation Failure) 2019-10-10T12:39:36.704+0000: 735.179: [DefNew: 409725K->207K(460800K), 0.0029187 secs] 464326K->54808K(1484800K), 0.0043809 secs] [Times: user=0.01 sys=0.00, real=0.01 secs] 
2019-10-10T12:39:41.911+0000: 740.387: [GC (Allocation Failure) 2019-10-10T12:39:41.912+0000: 740.387: [DefNew: 409807K->112K(460800K), 0.0030629 secs] 464408K->54712K(1484800K), 0.0044251 secs] [Times: user=0.00 sys=0.00, real=0.01 secs] 
2019-10-10T12:39:47.277+0000: 745.753: [GC (Allocation Failure) 2019-10-10T12:39:47.278+0000: 745.753: [DefNew: 409712K->105K(460800K), 0.0029508 secs] 464312K->54712K(1484800K), 0.0044276 secs] [Times: user=0.01 sys=0.00, real=0.00 secs] 
2019-10-10T12:39:52.522+0000: 750.998: [GC (Allocation Failure) 2019-10-10T12:39:52.523+0000: 750.998: [DefNew: 409705K->104K(460800K), 0.0030796 secs] 464312K->54711K(1484800K), 0.0044297 secs] [Times: user=0.00 sys=0.00, real=0.00 secs] 
2019-10-10T12:39:57.796+0000: 756.272: [GC (Allocation Failure) 2019-10-10T12:39:57.797+0000: 756.272: [DefNew: 409704K->151K(460800K), 0.0031025 secs] 464311K->54758K(1484800K), 0.0043644 secs] [Times: user=0.00 sys=0.00, real=0.00 secs] 
2019-10-10T12:40:03.128+0000: 761.603: [GC (Allocation Failure) 2019-10-10T12:40:03.128+0000: 761.603: [DefNew: 409751K->104K(460800K), 0.0027040 secs] 464358K->54712K(1484800K), 0.0027950 secs] [Times: user=0.01 sys=0.00, real=0.00 secs] 
2019-10-10T12:40:08.490+0000: 766.965: [GC (Allocation Failure) 2019-10-10T12:40:08.490+0000: 766.965: [DefNew: 409704K->103K(460800K), 0.0028100 secs] 464312K->54711K(1484800K), 0.0029023 secs] [Times: user=0.01 sys=0.00, real=0.00 secs] 
2019-10-10T12:40:13.754+0000: 772.230: [GC (Allocation Failure) 2019-10-10T12:40:13.756+0000: 772.230: [DefNew: 409703K->239K(460800K), 0.0030911 secs] 464311K->54846K(1484800K), 0.0045657 secs] [Times: user=0.00 sys=0.00, real=0.01 secs] 
2019-10-10T12:40:19.100+0000: 777.577: [GC (Allocation Failure) 2019-10-10T12:40:19.102+0000: 777.577: [DefNew: 409839K->285K(460800K), 0.0033777 secs] 464446K->54893K(1484800K), 0.0047981 secs] [Times: user=0.00 sys=0.00, real=0.00 secs] 
2019-10-10T12:40:24.410+0000: 782.885: [GC (Allocation Failure) 2019-10-10T12:40:24.410+0000: 782.885: [DefNew: 409885K->104K(460800K), 0.0027092 secs] 464493K->54711K(1484800K), 0.0027823 secs] [Times: user=0.00 sys=0.00, real=0.00 secs] 
2019-10-10T12:40:29.919+0000: 788.395: [GC (Allocation Failure) 2019-10-10T12:40:29.920+0000: 788.395: [DefNew: 409704K->122K(460800K), 0.0032166 secs] 464311K->54729K(1484800K), 0.0044913 secs] [Times: user=0.01 sys=0.00, real=0.00 secs] 
2019-10-10T12:40:35.161+0000: 793.637: [GC (Allocation Failure) 2019-10-10T12:40:35.162+0000: 793.637: [DefNew: 409722K->207K(460800K), 0.0031097 secs] 464329K->54815K(1484800K), 0.0046452 secs] [Times: user=0.00 sys=0.00, real=0.00 secs] 
2019-10-10T12:40:40.467+0000: 798.942: [GC (Allocation Failure) 2019-10-10T12:40:40.467+0000: 798.942: [DefNew: 409807K->109K(460800K), 0.0027151 secs] 464415K->54717K(1484800K), 0.0028145 secs] [Times: user=0.00 sys=0.00, real=0.00 secs] 
2019-10-10T12:40:45.788+0000: 804.264: [GC (Allocation Failure) 2019-10-10T12:40:45.789+0000: 804.264: [DefNew: 409709K->114K(460800K), 0.0030026 secs] 464317K->54742K(1484800K), 0.0043753 secs] [Times: user=0.00 sys=0.00, real=0.00 secs] 
2019-10-10T12:40:50.995+0000: 809.470: [GC (Allocation Failure) 2019-10-10T12:40:50.995+0000: 809.470: [DefNew: 409714K->147K(460800K), 0.0027973 secs] 464342K->54776K(1484800K), 0.0028822 secs] [Times: user=0.01 sys=0.00, real=0.00 secs] 
2019-10-10T12:40:56.293+0000: 814.768: [GC (Allocation Failure) 2019-10-10T12:40:56.293+0000: 814.768: [DefNew: 409747K->176K(460800K), 0.0028904 secs] 464376K->54804K(1484800K), 0.0029801 secs] [Times: user=0.01 sys=0.00, real=0.01 secs] 
2019-10-10T12:41:01.515+0000: 819.991: [GC (Allocation Failure) 2019-10-10T12:41:01.516+0000: 819.991: [DefNew: 409776K->89K(460800K), 0.0028911 secs] 464404K->54718K(1484800K), 0.0042302 secs] [Times: user=0.00 sys=0.00, real=0.00 secs] 
2019-10-10T12:41:06.751+0000: 825.226: [GC (Allocation Failure) 2019-10-10T12:41:06.751+0000: 825.226: [DefNew: 409689K->167K(460800K), 0.0028421 secs] 464318K->54796K(1484800K), 0.0029285 secs] [Times: user=0.00 sys=0.00, real=0.00 secs] 
2019-10-10T12:41:12.011+0000: 830.487: [GC (Allocation Failure) 2019-10-10T12:41:12.013+0000: 830.487: [DefNew: 409767K->89K(460800K), 0.0029673 secs] 464396K->54717K(1484800K), 0.0048454 secs] [Times: user=0.00 sys=0.00, real=0.01 secs] 
2019-10-10T12:41:17.147+0000: 835.624: [GC (Allocation Failure) 2019-10-10T12:41:17.149+0000: 835.624: [DefNew: 409689K->92K(460800K), 0.0029566 secs] 464317K->54721K(1484800K), 0.0044654 secs] [Times: user=0.00 sys=0.00, real=0.00 secs] 
2019-10-10T12:41:22.436+0000: 840.911: [GC (Allocation Failure) 2019-10-10T12:41:22.436+0000: 840.911: [DefNew: 409692K->249K(460800K), 0.0031685 secs] 464321K->54878K(1484800K), 0.0032603 secs] [Times: user=0.00 sys=0.00, real=0.00 secs] 
2019-10-10T12:41:27.833+0000: 846.309: [GC (Allocation Failure) 2019-10-10T12:41:27.834+0000: 846.309: [DefNew: 409849K->323K(460800K), 0.0037140 secs] 464478K->54952K(1484800K), 0.0050921 secs] [Times: user=0.00 sys=0.00, real=0.01 secs] 
2019-10-10T12:41:33.133+0000: 851.610: [GC (Allocation Failure) 2019-10-10T12:41:33.135+0000: 851.610: [DefNew: 409923K->160K(460800K), 0.0029698 secs] 464552K->54789K(1484800K), 0.0044904 secs] [Times: user=0.00 sys=0.00, real=0.01 secs] 
2019-10-10T12:41:38.239+0000: 856.715: [GC (Allocation Failure) 2019-10-10T12:41:38.240+0000: 856.715: [DefNew: 409760K->109K(460800K), 0.0030794 secs] 464389K->54739K(1484800K), 0.0044829 secs] [Times: user=0.00 sys=0.00, real=0.00 secs] 
2019-10-10T12:41:43.689+0000: 862.166: [GC (Allocation Failure) 2019-10-10T12:41:43.691+0000: 862.166: [DefNew: 409709K->119K(460800K), 0.0029231 secs] 464339K->54748K(1484800K), 0.0043177 secs] [Times: user=0.00 sys=0.00, real=0.00 secs] 
2019-10-10T12:41:49.102+0000: 867.579: [GC (Allocation Failure) 2019-10-10T12:41:49.104+0000: 867.579: [DefNew: 409719K->93K(460800K), 0.0031515 secs] 464348K->54728K(1484800K), 0.0048685 secs] [Times: user=0.00 sys=0.00, real=0.01 secs] 
2019-10-10T12:41:54.400+0000: 872.875: [GC (Allocation Failure) 2019-10-10T12:41:54.400+0000: 872.875: [DefNew: 409693K->137K(460800K), 0.0030307 secs] 464328K->54772K(1484800K), 0.0031009 secs] [Times: user=0.00 sys=0.00, real=0.00 secs] 
2019-10-10T12:41:59.942+0000: 878.418: [GC (Allocation Failure) 2019-10-10T12:41:59.943+0000: 878.418: [DefNew: 409737K->87K(460800K), 0.0027644 secs] 464372K->54723K(1484800K), 0.0044896 secs] [Times: user=0.00 sys=0.00, real=0.00 secs] 
2019-10-10T12:42:05.294+0000: 883.771: [GC (Allocation Failure) 2019-10-10T12:42:05.296+0000: 883.771: [DefNew: 409687K->88K(460800K), 0.0027200 secs] 464323K->54724K(1484800K), 0.0042280 secs] [Times: user=0.01 sys=0.00, real=0.01 secs] 
2019-10-10T12:42:10.665+0000: 889.141: [GC (Allocation Failure) 2019-10-10T12:42:10.666+0000: 889.141: [DefNew: 409688K->90K(460800K), 0.0030005 secs] 464324K->54725K(1484800K), 0.0044783 secs] [Times: user=0.01 sys=0.00, real=0.01 secs] 
2019-10-10T12:42:15.951+0000: 894.428: [GC (Allocation Failure) 2019-10-10T12:42:15.953+0000: 894.428: [DefNew: 409690K->93K(460800K), 0.0030489 secs] 464325K->54729K(1484800K), 0.0046890 secs] [Times: user=0.00 sys=0.00, real=0.01 secs] 
2019-10-10T12:42:21.194+0000: 899.670: [GC (Allocation Failure) 2019-10-10T12:42:21.195+0000: 899.670: [DefNew: 409693K->88K(460800K), 0.0028432 secs] 464329K->54723K(1484800K), 0.0041682 secs] [Times: user=0.00 sys=0.00, real=0.01 secs] 
2019-10-10T12:42:26.523+0000: 904.998: [GC (Allocation Failure) 2019-10-10T12:42:26.523+0000: 904.998: [DefNew: 409688K->99K(460800K), 0.0027822 secs] 464323K->54734K(1484800K), 0.0028763 secs] [Times: user=0.00 sys=0.00, real=0.00 secs] 
2019-10-10T12:42:31.801+0000: 910.277: [GC (Allocation Failure) 2019-10-10T12:42:31.802+0000: 910.277: [DefNew: 409699K->182K(460800K), 0.0031223 secs] 464334K->54817K(1484800K), 0.0046980 secs] [Times: user=0.00 sys=0.00, real=0.00 secs] 
2019-10-10T12:42:36.904+0000: 915.380: [GC (Allocation Failure) 2019-10-10T12:42:36.906+0000: 915.380: [DefNew: 409782K->94K(460800K), 0.0029462 secs] 464417K->54730K(1484800K), 0.0044672 secs] [Times: user=0.00 sys=0.00, real=0.01 secs] 
2019-10-10T12:42:42.222+0000: 920.698: [GC (Allocation Failure) 2019-10-10T12:42:42.224+0000: 920.698: [DefNew: 409694K->105K(460800K), 0.0029460 secs] 464330K->54740K(1484800K), 0.0042956 secs] [Times: user=0.00 sys=0.00, real=0.00 secs] 
2019-10-10T12:42:47.518+0000: 925.994: [GC (Allocation Failure) 2019-10-10T12:42:47.519+0000: 925.994: [DefNew: 409705K->89K(460800K), 0.0028299 secs] 464340K->54730K(1484800K), 0.0042289 secs] [Times: user=0.00 sys=0.00, real=0.00 secs] 
2019-10-10T12:42:52.828+0000: 931.304: [GC (Allocation Failure) 2019-10-10T12:42:52.830+0000: 931.304: [DefNew: 409689K->297K(460800K), 0.0035040 secs] 464330K->54938K(1484800K), 0.0048723 secs] [Times: user=0.01 sys=0.00, real=0.00 secs] 
2019-10-10T12:42:58.125+0000: 936.602: [GC (Allocation Failure) 2019-10-10T12:42:58.127+0000: 936.602: [DefNew: 409897K->150K(460800K), 0.0031099 secs] 464538K->54791K(1484800K), 0.0045095 secs] [Times: user=0.00 sys=0.00, real=0.01 secs] 
2019-10-10T12:43:03.522+0000: 941.997: [GC (Allocation Failure) 2019-10-10T12:43:03.522+0000: 941.997: [DefNew: 409750K->89K(460800K), 0.0026758 secs] 464391K->54730K(1484800K), 0.0027687 secs] [Times: user=0.01 sys=0.00, real=0.00 secs] 
2019-10-10T12:43:08.848+0000: 947.324: [GC (Allocation Failure) 2019-10-10T12:43:08.849+0000: 947.324: [DefNew: 409689K->93K(460800K), 0.0029653 secs] 464330K->54734K(1484800K), 0.0043941 secs] [Times: user=0.01 sys=0.00, real=0.00 secs] 
2019-10-10T12:43:14.146+0000: 952.622: [GC (Allocation Failure) 2019-10-10T12:43:14.147+0000: 952.622: [DefNew: 409693K->227K(460800K), 0.0032502 secs] 464334K->54868K(1484800K), 0.0048289 secs] [Times: user=0.00 sys=0.00, real=0.01 secs] 
2019-10-10T12:43:19.393+0000: 957.868: [GC (Allocation Failure) 2019-10-10T12:43:19.393+0000: 957.868: [DefNew: 409827K->102K(460800K), 0.0026695 secs] 464468K->54743K(1484800K), 0.0027561 secs] [Times: user=0.00 sys=0.00, real=0.01 secs] 
2019-10-10T12:43:24.928+0000: 963.403: [GC (Allocation Failure) 2019-10-10T12:43:24.928+0000: 963.403: [DefNew: 409702K->350K(460800K), 0.0037003 secs] 464343K->54991K(1484800K), 0.0037922 secs] [Times: user=0.01 sys=0.00, real=0.00 secs] 
2019-10-10T12:43:30.368+0000: 968.844: [GC (Allocation Failure) 2019-10-10T12:43:30.370+0000: 968.844: [DefNew: 409950K->98K(460800K), 0.0030002 secs] 464591K->54739K(1484800K), 0.0044511 secs] [Times: user=0.01 sys=0.00, real=0.00 secs] 
2019-10-10T12:43:35.649+0000: 974.125: [GC (Allocation Failure) 2019-10-10T12:43:35.650+0000: 974.125: [DefNew: 409698K->103K(460800K), 0.0029772 secs] 464339K->54744K(1484800K), 0.0043069 secs] [Times: user=0.01 sys=0.00, real=0.00 secs] 
2019-10-10T12:43:40.881+0000: 979.357: [GC (Allocation Failure) 2019-10-10T12:43:40.882+0000: 979.357: [DefNew: 409703K->172K(460800K), 0.0030625 secs] 464344K->54813K(1484800K), 0.0045127 secs] [Times: user=0.00 sys=0.00, real=0.00 secs] 
2019-10-10T12:43:45.998+0000: 984.474: [GC (Allocation Failure) 2019-10-10T12:43:45.999+0000: 984.474: [DefNew: 409772K->93K(460800K), 0.0031251 secs] 464413K->54740K(1484800K), 0.0044317 secs] [Times: user=0.00 sys=0.00, real=0.00 secs] 
2019-10-10T12:43:51.391+0000: 989.865: [GC (Allocation Failure) 2019-10-10T12:43:51.391+0000: 989.866: [DefNew: 409693K->98K(460800K), 0.0027762 secs] 464340K->54746K(1484800K), 0.0028936 secs] [Times: user=0.01 sys=0.00, real=0.00 secs] 
2019-10-10T12:43:56.755+0000: 995.231: [GC (Allocation Failure) 2019-10-10T12:43:56.756+0000: 995.231: [DefNew: 409698K->101K(460800K), 0.0029398 secs] 464346K->54748K(1484800K), 0.0040555 secs] [Times: user=0.01 sys=0.00, real=0.00 secs] 
2019-10-10T12:44:02.028+0000: 1000.504: [GC (Allocation Failure) 2019-10-10T12:44:02.030+0000: 1000.505: [DefNew: 409701K->315K(460800K), 0.0033533 secs] 464348K->54962K(1484800K), 0.0046769 secs] [Times: user=0.01 sys=0.00, real=0.00 secs] 
2019-10-10T12:44:07.353+0000: 1005.828: [GC (Allocation Failure) 2019-10-10T12:44:07.353+0000: 1005.828: [DefNew: 409915K->170K(460800K), 0.0028198 secs] 464562K->54817K(1484800K), 0.0029291 secs] [Times: user=0.01 sys=0.00, real=0.01 secs] 
2019-10-10T12:44:12.788+0000: 1011.265: [GC (Allocation Failure) 2019-10-10T12:44:12.790+0000: 1011.265: [DefNew: 409770K->125K(460800K), 0.0029529 secs] 464417K->54772K(1484800K), 0.0044939 secs] [Times: user=0.01 sys=0.00, real=0.00 secs] 
2019-10-10T12:44:18.233+0000: 1016.710: [GC (Allocation Failure) 2019-10-10T12:44:18.235+0000: 1016.710: [DefNew: 409725K->91K(460800K), 0.0028644 secs] 464372K->54739K(1484800K), 0.0045591 secs] [Times: user=0.00 sys=0.00, real=0.01 secs] 
12:44:21.759 [Client] INFO  c.s.f.r.e.s.SocketRear  - FlameSocketGraphDeployerRear@flamestream-benchmarks-worker-4: has been disconnected from Connection 12
12:44:21.770 [Client] INFO  c.s.f.r.e.s.SocketFront  - FlameSocketGraphDeployerFront@flamestream-benchmarks-worker-4 has been disconnected from Connection 12
12:44:21.774 [worker-akka.actor.default-dispatcher-12] WARN  c.s.f.r.e.s.SocketRear  - FlameSocketGraphDeployerRear@flamestream-benchmarks-worker-4: writing to closed log
12:44:21.784 [worker-akka.actor.default-dispatcher-12] WARN  c.s.f.r.e.s.SocketRear  - FlameSocketGraphDeployerRear@flamestream-benchmarks-worker-4: writing to closed log
12:44:21.785 [worker-akka.actor.default-dispatcher-12] WARN  c.s.f.r.e.s.SocketRear  - FlameSocketGraphDeployerRear@flamestream-benchmarks-worker-4: writing to closed log
12:44:21.791 [worker-akka.actor.default-dispatcher-12] WARN  c.s.f.r.e.s.SocketRear  - FlameSocketGraphDeployerRear@flamestream-benchmarks-worker-4: writing to closed log
12:44:21.793 [worker-akka.actor.default-dispatcher-12] WARN  c.s.f.r.e.s.SocketRear  - FlameSocketGraphDeployerRear@flamestream-benchmarks-worker-4: writing to closed log
12:44:21.843 [worker-akka.actor.default-dispatcher-12] WARN  c.s.f.r.e.s.SocketRear  - FlameSocketGraphDeployerRear@flamestream-benchmarks-worker-4: writing to closed log
12:44:21.910 [worker-akka.actor.default-dispatcher-12] WARN  c.s.f.r.e.s.SocketRear  - FlameSocketGraphDeployerRear@flamestream-benchmarks-worker-4: writing to closed log
12:44:21.920 [worker-akka.actor.default-dispatcher-12] WARN  c.s.f.r.e.s.SocketRear  - FlameSocketGraphDeployerRear@flamestream-benchmarks-worker-4: writing to closed log
12:44:21.997 [worker-akka.actor.default-dispatcher-12] WARN  c.s.f.r.e.s.SocketRear  - FlameSocketGraphDeployerRear@flamestream-benchmarks-worker-4: writing to closed log
12:44:22.006 [worker-akka.actor.default-dispatcher-12] WARN  c.s.f.r.e.s.SocketRear  - FlameSocketGraphDeployerRear@flamestream-benchmarks-worker-4: writing to closed log
12:44:22.007 [worker-akka.actor.default-dispatcher-12] WARN  c.s.f.r.e.s.SocketRear  - FlameSocketGraphDeployerRear@flamestream-benchmarks-worker-4: writing to closed log
12:44:22.063 [worker-akka.actor.default-dispatcher-12] WARN  c.s.f.r.e.s.SocketRear  - FlameSocketGraphDeployerRear@flamestream-benchmarks-worker-4: writing to closed log
12:44:22.063 [worker-akka.actor.default-dispatcher-12] WARN  c.s.f.r.e.s.SocketRear  - FlameSocketGraphDeployerRear@flamestream-benchmarks-worker-4: writing to closed log
12:44:22.065 [worker-akka.actor.default-dispatcher-12] WARN  c.s.f.r.e.s.SocketRear  - FlameSocketGraphDeployerRear@flamestream-benchmarks-worker-4: writing to closed log
12:44:22.071 [worker-akka.actor.default-dispatcher-12] WARN  c.s.f.r.e.s.SocketRear  - FlameSocketGraphDeployerRear@flamestream-benchmarks-worker-4: writing to closed log
12:44:22.135 [worker-akka.actor.default-dispatcher-12] WARN  c.s.f.r.e.s.SocketRear  - FlameSocketGraphDeployerRear@flamestream-benchmarks-worker-4: writing to closed log
12:44:22.138 [worker-akka.actor.default-dispatcher-12] WARN  c.s.f.r.e.s.SocketRear  - FlameSocketGraphDeployerRear@flamestream-benchmarks-worker-4: writing to closed log
12:44:22.138 [worker-akka.actor.default-dispatcher-12] WARN  c.s.f.r.e.s.SocketRear  - FlameSocketGraphDeployerRear@flamestream-benchmarks-worker-4: writing to closed log
12:44:22.138 [worker-akka.actor.default-dispatcher-12] WARN  c.s.f.r.e.s.SocketRear  - FlameSocketGraphDeployerRear@flamestream-benchmarks-worker-4: writing to closed log
12:44:22.139 [worker-akka.actor.default-dispatcher-12] WARN  c.s.f.r.e.s.SocketRear  - FlameSocketGraphDeployerRear@flamestream-benchmarks-worker-4: writing to closed log
12:44:22.177 [worker-akka.actor.default-dispatcher-12] WARN  c.s.f.r.e.s.SocketRear  - FlameSocketGraphDeployerRear@flamestream-benchmarks-worker-4: writing to closed log
12:44:22.178 [worker-akka.actor.default-dispatcher-12] WARN  c.s.f.r.e.s.SocketRear  - FlameSocketGraphDeployerRear@flamestream-benchmarks-worker-4: writing to closed log
12:44:22.207 [worker-akka.actor.default-dispatcher-12] WARN  c.s.f.r.e.s.SocketRear  - FlameSocketGraphDeployerRear@flamestream-benchmarks-worker-4: writing to closed log
12:44:22.208 [worker-akka.actor.default-dispatcher-12] WARN  c.s.f.r.e.s.SocketRear  - FlameSocketGraphDeployerRear@flamestream-benchmarks-worker-4: writing to closed log
12:44:22.275 [worker-akka.actor.default-dispatcher-12] WARN  c.s.f.r.e.s.SocketRear  - FlameSocketGraphDeployerRear@flamestream-benchmarks-worker-4: writing to closed log
12:44:22.277 [worker-akka.actor.default-dispatcher-12] WARN  c.s.f.r.e.s.SocketRear  - FlameSocketGraphDeployerRear@flamestream-benchmarks-worker-4: writing to closed log
12:44:22.395 [worker-akka.actor.default-dispatcher-12] WARN  c.s.f.r.e.s.SocketRear  - FlameSocketGraphDeployerRear@flamestream-benchmarks-worker-4: writing to closed log
12:44:22.397 [worker-akka.actor.default-dispatcher-12] WARN  c.s.f.r.e.s.SocketRear  - FlameSocketGraphDeployerRear@flamestream-benchmarks-worker-4: writing to closed log
12:44:22.397 [worker-akka.actor.default-dispatcher-12] WARN  c.s.f.r.e.s.SocketRear  - FlameSocketGraphDeployerRear@flamestream-benchmarks-worker-4: writing to closed log
12:44:22.397 [worker-akka.actor.default-dispatcher-12] WARN  c.s.f.r.e.s.SocketRear  - FlameSocketGraphDeployerRear@flamestream-benchmarks-worker-4: writing to closed log
12:44:22.397 [worker-akka.actor.default-dispatcher-12] WARN  c.s.f.r.e.s.SocketRear  - FlameSocketGraphDeployerRear@flamestream-benchmarks-worker-4: writing to closed log
12:44:22.425 [worker-akka.actor.default-dispatcher-12] WARN  c.s.f.r.e.s.SocketRear  - FlameSocketGraphDeployerRear@flamestream-benchmarks-worker-4: writing to closed log
12:44:22.427 [worker-akka.actor.default-dispatcher-12] WARN  c.s.f.r.e.s.SocketRear  - FlameSocketGraphDeployerRear@flamestream-benchmarks-worker-4: writing to closed log
12:44:22.538 [worker-akka.actor.default-dispatcher-12] WARN  c.s.f.r.e.s.SocketRear  - FlameSocketGraphDeployerRear@flamestream-benchmarks-worker-4: writing to closed log
12:44:22.541 [worker-akka.actor.default-dispatcher-12] WARN  c.s.f.r.e.s.SocketRear  - FlameSocketGraphDeployerRear@flamestream-benchmarks-worker-4: writing to closed log
12:44:22.541 [worker-akka.actor.default-dispatcher-12] WARN  c.s.f.r.e.s.SocketRear  - FlameSocketGraphDeployerRear@flamestream-benchmarks-worker-4: writing to closed log
12:44:22.542 [worker-akka.actor.default-dispatcher-12] WARN  c.s.f.r.e.s.SocketRear  - FlameSocketGraphDeployerRear@flamestream-benchmarks-worker-4: writing to closed log
12:44:22.543 [worker-akka.actor.default-dispatcher-12] WARN  c.s.f.r.e.s.SocketRear  - FlameSocketGraphDeployerRear@flamestream-benchmarks-worker-4: writing to closed log
12:44:22.543 [worker-akka.actor.default-dispatcher-12] WARN  c.s.f.r.e.s.SocketRear  - FlameSocketGraphDeployerRear@flamestream-benchmarks-worker-4: writing to closed log
12:44:22.543 [worker-akka.actor.default-dispatcher-12] WARN  c.s.f.r.e.s.SocketRear  - FlameSocketGraphDeployerRear@flamestream-benchmarks-worker-4: writing to closed log
12:44:22.567 [worker-akka.actor.default-dispatcher-12] WARN  c.s.f.r.e.s.SocketRear  - FlameSocketGraphDeployerRear@flamestream-benchmarks-worker-4: writing to closed log
12:44:22.569 [worker-akka.actor.default-dispatcher-12] WARN  c.s.f.r.e.s.SocketRear  - FlameSocketGraphDeployerRear@flamestream-benchmarks-worker-4: writing to closed log
12:44:22.623 [worker-akka.actor.default-dispatcher-12] WARN  c.s.f.r.e.s.SocketRear  - FlameSocketGraphDeployerRear@flamestream-benchmarks-worker-4: writing to closed log
12:44:22.625 [worker-akka.actor.default-dispatcher-12] WARN  c.s.f.r.e.s.SocketRear  - FlameSocketGraphDeployerRear@flamestream-benchmarks-worker-4: writing to closed log
12:44:22.652 [worker-akka.actor.default-dispatcher-12] WARN  c.s.f.r.e.s.SocketRear  - FlameSocketGraphDeployerRear@flamestream-benchmarks-worker-4: writing to closed log
12:44:22.681 [worker-akka.actor.default-dispatcher-12] WARN  c.s.f.r.e.s.SocketRear  - FlameSocketGraphDeployerRear@flamestream-benchmarks-worker-4: writing to closed log
12:44:22.682 [worker-akka.actor.default-dispatcher-12] WARN  c.s.f.r.e.s.SocketRear  - FlameSocketGraphDeployerRear@flamestream-benchmarks-worker-4: writing to closed log
12:44:22.683 [worker-akka.actor.default-dispatcher-12] WARN  c.s.f.r.e.s.SocketRear  - FlameSocketGraphDeployerRear@flamestream-benchmarks-worker-4: writing to closed log
12:44:22.683 [worker-akka.actor.default-dispatcher-12] WARN  c.s.f.r.e.s.SocketRear  - FlameSocketGraphDeployerRear@flamestream-benchmarks-worker-4: writing to closed log
12:44:22.706 [worker-akka.actor.default-dispatcher-12] WARN  c.s.f.r.e.s.SocketRear  - FlameSocketGraphDeployerRear@flamestream-benchmarks-worker-4: writing to closed log
12:44:22.707 [worker-akka.actor.default-dispatcher-12] WARN  c.s.f.r.e.s.SocketRear  - FlameSocketGraphDeployerRear@flamestream-benchmarks-worker-4: writing to closed log
12:44:22.707 [worker-akka.actor.default-dispatcher-12] WARN  c.s.f.r.e.s.SocketRear  - FlameSocketGraphDeployerRear@flamestream-benchmarks-worker-4: writing to closed log
12:44:22.732 [worker-akka.actor.default-dispatcher-12] WARN  c.s.f.r.e.s.SocketRear  - FlameSocketGraphDeployerRear@flamestream-benchmarks-worker-4: writing to closed log
12:44:22.733 [worker-akka.actor.default-dispatcher-12] WARN  c.s.f.r.e.s.SocketRear  - FlameSocketGraphDeployerRear@flamestream-benchmarks-worker-4: writing to closed log
12:44:22.765 [worker-akka.actor.default-dispatcher-12] WARN  c.s.f.r.e.s.SocketRear  - FlameSocketGraphDeployerRear@flamestream-benchmarks-worker-4: writing to closed log
12:44:22.767 [worker-akka.actor.default-dispatcher-12] WARN  c.s.f.r.e.s.SocketRear  - FlameSocketGraphDeployerRear@flamestream-benchmarks-worker-4: writing to closed log
12:44:22.768 [worker-akka.actor.default-dispatcher-12] WARN  c.s.f.r.e.s.SocketRear  - FlameSocketGraphDeployerRear@flamestream-benchmarks-worker-4: writing to closed log
12:44:22.791 [worker-akka.actor.default-dispatcher-12] WARN  c.s.f.r.e.s.SocketRear  - FlameSocketGraphDeployerRear@flamestream-benchmarks-worker-4: writing to closed log
12:44:22.794 [worker-akka.actor.default-dispatcher-12] WARN  c.s.f.r.e.s.SocketRear  - FlameSocketGraphDeployerRear@flamestream-benchmarks-worker-4: writing to closed log
12:44:22.795 [worker-akka.actor.default-dispatcher-12] WARN  c.s.f.r.e.s.SocketRear  - FlameSocketGraphDeployerRear@flamestream-benchmarks-worker-4: writing to closed log
12:44:22.795 [worker-akka.actor.default-dispatcher-12] WARN  c.s.f.r.e.s.SocketRear  - FlameSocketGraphDeployerRear@flamestream-benchmarks-worker-4: writing to closed log
12:44:22.797 [worker-akka.actor.default-dispatcher-12] WARN  c.s.f.r.e.s.SocketRear  - FlameSocketGraphDeployerRear@flamestream-benchmarks-worker-4: writing to closed log
12:44:22.798 [worker-akka.actor.default-dispatcher-12] WARN  c.s.f.r.e.s.SocketRear  - FlameSocketGraphDeployerRear@flamestream-benchmarks-worker-4: writing to closed log
12:44:22.798 [worker-akka.actor.default-dispatcher-12] WARN  c.s.f.r.e.s.SocketRear  - FlameSocketGraphDeployerRear@flamestream-benchmarks-worker-4: writing to closed log
12:44:22.798 [worker-akka.actor.default-dispatcher-12] WARN  c.s.f.r.e.s.SocketRear  - FlameSocketGraphDeployerRear@flamestream-benchmarks-worker-4: writing to closed log
12:44:22.839 [worker-akka.actor.default-dispatcher-12] WARN  c.s.f.r.e.s.SocketRear  - FlameSocketGraphDeployerRear@flamestream-benchmarks-worker-4: writing to closed log
12:44:22.841 [worker-akka.actor.default-dispatcher-12] WARN  c.s.f.r.e.s.SocketRear  - FlameSocketGraphDeployerRear@flamestream-benchmarks-worker-4: writing to closed log
12:44:22.841 [worker-akka.actor.default-dispatcher-12] WARN  c.s.f.r.e.s.SocketRear  - FlameSocketGraphDeployerRear@flamestream-benchmarks-worker-4: writing to closed log
12:44:22.841 [worker-akka.actor.default-dispatcher-12] WARN  c.s.f.r.e.s.SocketRear  - FlameSocketGraphDeployerRear@flamestream-benchmarks-worker-4: writing to closed log
12:44:22.841 [worker-akka.actor.default-dispatcher-12] WARN  c.s.f.r.e.s.SocketRear  - FlameSocketGraphDeployerRear@flamestream-benchmarks-worker-4: writing to closed log
12:44:22.850 [worker-akka.actor.default-dispatcher-12] WARN  c.s.f.r.e.s.SocketRear  - FlameSocketGraphDeployerRear@flamestream-benchmarks-worker-4: writing to closed log
12:44:22.851 [worker-akka.actor.default-dispatcher-12] WARN  c.s.f.r.e.s.SocketRear  - FlameSocketGraphDeployerRear@flamestream-benchmarks-worker-4: writing to closed log
12:44:22.860 [worker-akka.actor.default-dispatcher-12] WARN  c.s.f.r.e.s.SocketRear  - FlameSocketGraphDeployerRear@flamestream-benchmarks-worker-4: writing to closed log
12:44:22.860 [worker-akka.actor.default-dispatcher-12] WARN  c.s.f.r.e.s.SocketRear  - FlameSocketGraphDeployerRear@flamestream-benchmarks-worker-4: writing to closed log
12:44:22.860 [worker-akka.actor.default-dispatcher-12] WARN  c.s.f.r.e.s.SocketRear  - FlameSocketGraphDeployerRear@flamestream-benchmarks-worker-4: writing to closed log
12:44:22.860 [worker-akka.actor.default-dispatcher-12] WARN  c.s.f.r.e.s.SocketRear  - FlameSocketGraphDeployerRear@flamestream-benchmarks-worker-4: writing to closed log
12:44:22.864 [worker-akka.actor.default-dispatcher-12] WARN  c.s.f.r.e.s.SocketRear  - FlameSocketGraphDeployerRear@flamestream-benchmarks-worker-4: writing to closed log
12:44:22.864 [worker-akka.actor.default-dispatcher-12] WARN  c.s.f.r.e.s.SocketRear  - FlameSocketGraphDeployerRear@flamestream-benchmarks-worker-4: writing to closed log
12:44:22.864 [worker-akka.actor.default-dispatcher-12] WARN  c.s.f.r.e.s.SocketRear  - FlameSocketGraphDeployerRear@flamestream-benchmarks-worker-4: writing to closed log
12:44:22.866 [worker-akka.actor.default-dispatcher-12] WARN  c.s.f.r.e.s.SocketRear  - FlameSocketGraphDeployerRear@flamestream-benchmarks-worker-4: writing to closed log
12:44:22.866 [worker-akka.actor.default-dispatcher-12] WARN  c.s.f.r.e.s.SocketRear  - FlameSocketGraphDeployerRear@flamestream-benchmarks-worker-4: writing to closed log
12:44:22.883 [worker-akka.actor.default-dispatcher-12] WARN  c.s.f.r.e.s.SocketRear  - FlameSocketGraphDeployerRear@flamestream-benchmarks-worker-4: writing to closed log
12:44:22.884 [worker-akka.actor.default-dispatcher-12] WARN  c.s.f.r.e.s.SocketRear  - FlameSocketGraphDeployerRear@flamestream-benchmarks-worker-4: writing to closed log
12:44:22.884 [worker-akka.actor.default-dispatcher-12] WARN  c.s.f.r.e.s.SocketRear  - FlameSocketGraphDeployerRear@flamestream-benchmarks-worker-4: writing to closed log
12:44:22.884 [worker-akka.actor.default-dispatcher-12] WARN  c.s.f.r.e.s.SocketRear  - FlameSocketGraphDeployerRear@flamestream-benchmarks-worker-4: writing to closed log
12:44:22.884 [worker-akka.actor.default-dispatcher-12] WARN  c.s.f.r.e.s.SocketRear  - FlameSocketGraphDeployerRear@flamestream-benchmarks-worker-4: writing to closed log
12:44:22.891 [worker-akka.actor.default-dispatcher-12] WARN  c.s.f.r.e.s.SocketRear  - FlameSocketGraphDeployerRear@flamestream-benchmarks-worker-4: writing to closed log
12:44:22.892 [worker-akka.actor.default-dispatcher-12] WARN  c.s.f.r.e.s.SocketRear  - FlameSocketGraphDeployerRear@flamestream-benchmarks-worker-4: writing to closed log
12:44:22.892 [worker-akka.actor.default-dispatcher-12] WARN  c.s.f.r.e.s.SocketRear  - FlameSocketGraphDeployerRear@flamestream-benchmarks-worker-4: writing to closed log
12:44:22.899 [worker-akka.actor.default-dispatcher-12] WARN  c.s.f.r.e.s.SocketRear  - FlameSocketGraphDeployerRear@flamestream-benchmarks-worker-4: writing to closed log
12:44:22.902 [worker-akka.actor.default-dispatcher-12] WARN  c.s.f.r.e.s.SocketRear  - FlameSocketGraphDeployerRear@flamestream-benchmarks-worker-4: writing to closed log
12:44:22.907 [worker-akka.actor.default-dispatcher-12] WARN  c.s.f.r.e.s.SocketRear  - FlameSocketGraphDeployerRear@flamestream-benchmarks-worker-4: writing to closed log
12:44:22.908 [worker-akka.actor.default-dispatcher-12] WARN  c.s.f.r.e.s.SocketRear  - FlameSocketGraphDeployerRear@flamestream-benchmarks-worker-4: writing to closed log
12:44:22.908 [worker-akka.actor.default-dispatcher-12] WARN  c.s.f.r.e.s.SocketRear  - FlameSocketGraphDeployerRear@flamestream-benchmarks-worker-4: writing to closed log
12:44:22.908 [worker-akka.actor.default-dispatcher-12] WARN  c.s.f.r.e.s.SocketRear  - FlameSocketGraphDeployerRear@flamestream-benchmarks-worker-4: writing to closed log
12:44:22.908 [worker-akka.actor.default-dispatcher-12] WARN  c.s.f.r.e.s.SocketRear  - FlameSocketGraphDeployerRear@flamestream-benchmarks-worker-4: writing to closed log
12:44:22.913 [worker-akka.actor.default-dispatcher-12] WARN  c.s.f.r.e.s.SocketRear  - FlameSocketGraphDeployerRear@flamestream-benchmarks-worker-4: writing to closed log
12:44:22.914 [worker-akka.actor.default-dispatcher-12] WARN  c.s.f.r.e.s.SocketRear  - FlameSocketGraphDeployerRear@flamestream-benchmarks-worker-4: writing to closed log
12:44:25.274 [worker-akka.actor.default-dispatcher-9] INFO  a.a.LocalActorRef akka://worker/user/watcher/processing-watcher/graph/negotiator - Stopped
12:44:25.279 [worker-akka.actor.default-dispatcher-6] INFO  a.a.LocalActorRef akka://worker/user/watcher/processing-watcher/graph/graph/$A - Stopped
12:44:25.279 [worker-akka.actor.default-dispatcher-6] INFO  a.a.LocalActorRef akka://worker/user/watcher/processing-watcher/graph/graph/$B - Stopped
12:44:25.279 [worker-akka.actor.default-dispatcher-6] INFO  a.a.LocalActorRef akka://worker/user/watcher/processing-watcher/graph/graph/$C - Stopped
12:44:25.279 [worker-akka.actor.default-dispatcher-6] INFO  a.a.LocalActorRef akka://worker/user/watcher/processing-watcher/graph/graph/$D - Stopped
12:44:25.279 [worker-akka.actor.default-dispatcher-6] INFO  a.a.LocalActorRef akka://worker/user/watcher/processing-watcher/graph/graph/$E - Stopped
12:44:25.279 [worker-akka.actor.default-dispatcher-9] INFO  a.a.LocalActorRef akka://worker/user/watcher/processing-watcher/graph/graph/$F - Stopped
12:44:25.279 [worker-akka.actor.default-dispatcher-9] INFO  a.a.LocalActorRef akka://worker/user/watcher/processing-watcher/graph/graph/$G - Stopped
12:44:25.280 [worker-akka.actor.default-dispatcher-9] INFO  a.a.LocalActorRef akka://worker/user/watcher/processing-watcher/graph/graph/$H - Stopped
12:44:25.280 [worker-akka.actor.default-dispatcher-9] INFO  a.a.LocalActorRef akka://worker/user/watcher/processing-watcher/graph/graph/$a - Stopped
12:44:25.280 [worker-akka.actor.default-dispatcher-9] INFO  a.a.LocalActorRef akka://worker/user/watcher/processing-watcher/graph/graph/$b - Stopped
12:44:25.280 [worker-akka.actor.default-dispatcher-12] INFO  a.a.LocalActorRef akka://worker/user/watcher/processing-watcher/graph/graph/$c - Stopped
12:44:25.280 [worker-akka.actor.default-dispatcher-12] INFO  a.a.LocalActorRef akka://worker/user/watcher/processing-watcher/graph/graph/$d - Stopped
12:44:25.280 [worker-akka.actor.default-dispatcher-12] INFO  a.a.LocalActorRef akka://worker/user/watcher/processing-watcher/graph/graph/$e - Stopped
12:44:25.280 [worker-akka.actor.default-dispatcher-12] INFO  a.a.LocalActorRef akka://worker/user/watcher/processing-watcher/graph/graph/$f - Stopped
12:44:25.280 [worker-akka.actor.default-dispatcher-12] INFO  a.a.LocalActorRef akka://worker/user/watcher/processing-watcher/graph/graph/$g - Stopped
12:44:25.286 [worker-akka.actor.default-dispatcher-16] INFO  a.a.LocalActorRef akka://worker/user/watcher/processing-watcher/graph/graph/$h - Stopped
12:44:25.287 [worker-akka.actor.default-dispatcher-16] INFO  a.a.LocalActorRef akka://worker/user/watcher/processing-watcher/graph/graph/$i - Stopped
12:44:25.287 [worker-akka.actor.default-dispatcher-16] INFO  a.a.LocalActorRef akka://worker/user/watcher/processing-watcher/graph/graph/$j - Stopped
12:44:25.287 [worker-akka.actor.default-dispatcher-16] INFO  a.a.LocalActorRef akka://worker/user/watcher/processing-watcher/graph/graph/$k - Stopped
12:44:25.287 [worker-akka.actor.default-dispatcher-16] INFO  a.a.LocalActorRef akka://worker/user/watcher/processing-watcher/graph/graph/$l - Stopped
12:44:25.291 [worker-akka.actor.default-dispatcher-17] INFO  a.a.LocalActorRef akka://worker/user/watcher/processing-watcher/graph/graph/$m - Stopped
12:44:25.291 [worker-akka.actor.default-dispatcher-17] INFO  a.a.LocalActorRef akka://worker/user/watcher/processing-watcher/graph/graph/$n - Stopped
12:44:25.291 [worker-akka.actor.default-dispatcher-17] INFO  a.a.LocalActorRef akka://worker/user/watcher/processing-watcher/graph/graph/$o - Stopped
12:44:25.292 [worker-akka.actor.default-dispatcher-17] INFO  a.a.LocalActorRef akka://worker/user/watcher/processing-watcher/graph/graph/$p - Stopped
12:44:25.292 [worker-akka.actor.default-dispatcher-17] INFO  a.a.LocalActorRef akka://worker/user/watcher/processing-watcher/graph/graph/$q - Stopped
12:44:25.303 [worker-akka.actor.default-dispatcher-13] INFO  a.a.LocalActorRef akka://worker/user/watcher/processing-watcher/graph/graph/$r - Stopped
12:44:25.304 [worker-akka.actor.default-dispatcher-13] INFO  a.a.LocalActorRef akka://worker/user/watcher/processing-watcher/graph/graph/$s - Stopped
12:44:25.304 [worker-akka.actor.default-dispatcher-13] INFO  a.a.LocalActorRef akka://worker/user/watcher/processing-watcher/graph/graph/$t - Stopped
12:44:25.304 [worker-akka.actor.default-dispatcher-13] INFO  a.a.LocalActorRef akka://worker/user/watcher/processing-watcher/graph/graph/$u - Stopped
12:44:25.304 [worker-akka.actor.default-dispatcher-13] INFO  a.a.LocalActorRef akka://worker/user/watcher/processing-watcher/graph/graph/$v - Stopped
12:44:25.308 [worker-akka.actor.default-dispatcher-13] INFO  a.a.LocalActorRef akka://worker/user/watcher/processing-watcher/graph/graph/$w - Stopped
12:44:25.309 [worker-akka.actor.default-dispatcher-13] INFO  a.a.LocalActorRef akka://worker/user/watcher/processing-watcher/graph/graph/$x - Stopped
12:44:25.309 [worker-akka.actor.default-dispatcher-13] INFO  a.a.LocalActorRef akka://worker/user/watcher/processing-watcher/graph/graph/$y - Stopped
12:44:25.309 [worker-akka.actor.default-dispatcher-13] INFO  a.a.LocalActorRef akka://worker/user/watcher/processing-watcher/graph/graph/$z - Stopped
12:44:25.309 [worker-akka.actor.default-dispatcher-13] INFO  a.a.LocalActorRef akka://worker/user/watcher/processing-watcher/graph/graph - Stopped
12:44:25.309 [worker-akka.actor.default-dispatcher-20] INFO  a.a.LocalActorRef akka://worker/user/watcher/processing-watcher/graph/edge/FlameSocketGraphDeployerRear - Stopped
12:44:25.310 [worker-akka.actor.default-dispatcher-20] INFO  a.a.LocalActorRef akka://worker/user/watcher/processing-watcher/graph/edge/FlameSocketGraphDeployerFront - Stopped
12:44:25.310 [worker-akka.actor.default-dispatcher-20] INFO  a.a.LocalActorRef akka://worker/user/watcher/processing-watcher/graph/edge - Stopped
12:44:25.327 [worker-akka.actor.default-dispatcher-10] INFO  a.a.LocalActorRef akka://worker/user/watcher/processing-watcher/graph - Stopped
12:44:25.338 [worker-akka.actor.default-dispatcher-10] INFO  a.a.LocalActorRef akka://worker/user/watcher/processing-watcher - Stopped
12:44:25.340 [Curator-Framework-0] INFO  o.a.c.f.i.CuratorFrameworkImpl  - backgroundOperationsLoop exiting
12:44:25.351 [worker-akka.actor.default-dispatcher-6-EventThread] INFO  o.a.z.ClientCnxn  - EventThread shut down for session: 0x100005c675e0004
12:44:25.351 [worker-akka.actor.default-dispatcher-18] INFO  o.a.z.ZooKeeper  - Session: 0x100005c675e0004 closed
12:44:25.353 [worker-akka.actor.default-dispatcher-28] INFO  a.a.RepointableActorRef akka://worker/user/watcher - Stopped
12:44:25.356 [Curator-PathChildrenCache-0] ERROR o.a.c.f.r.c.PathChildrenCache  - 
java.lang.IllegalStateException: instance must be started before calling this method
	at org.apache.curator.shaded.com.google.common.base.Preconditions.checkState(Preconditions.java:444)
	at org.apache.curator.framework.imps.CuratorFrameworkImpl.getChildren(CuratorFrameworkImpl.java:456)
	at org.apache.curator.framework.recipes.cache.PathChildrenCache.refresh(PathChildrenCache.java:521)
	at org.apache.curator.framework.recipes.cache.RefreshOperation.invoke(RefreshOperation.java:35)
	at org.apache.curator.framework.recipes.cache.PathChildrenCache$9.run(PathChildrenCache.java:786)
	at java.util.concurrent.Executors$RunnableAdapter.call(Executors.java:511)
	at java.util.concurrent.FutureTask.run(FutureTask.java:266)
	at java.util.concurrent.Executors$RunnableAdapter.call(Executors.java:511)
	at java.util.concurrent.FutureTask.run(FutureTask.java:266)
	at java.util.concurrent.ThreadPoolExecutor.runWorker(ThreadPoolExecutor.java:1149)
	at java.util.concurrent.ThreadPoolExecutor$Worker.run(ThreadPoolExecutor.java:624)
	at java.lang.Thread.run(Thread.java:748)
12:44:25.369 [worker-akka.actor.default-dispatcher-18] INFO  a.r.RemoteActorRefProvider$RemotingTerminator akka://worker@flamestream-benchmarks-worker-4:5412/system/remoting-terminator - Shutting down remote daemon.
12:44:25.369 [worker-akka.actor.default-dispatcher-18] INFO  a.r.RemoteActorRefProvider$RemotingTerminator akka://worker@flamestream-benchmarks-worker-4:5412/system/remoting-terminator - Remote daemon shut down; proceeding with flushing remote transports.
12:44:26.578 [worker-akka.actor.default-dispatcher-18] INFO  a.r.RemoteActorRefProvider$RemotingTerminator akka://worker@flamestream-benchmarks-worker-4:5412/system/remoting-terminator - Remoting shut down.
Heap
 def new generation   total 460800K, used 370221K [0x00000000a2400000, 0x00000000c1800000, 0x00000000c1800000)
  eden space 409600K,  90% used [0x00000000a2400000, 0x00000000b8d74790, 0x00000000bb400000)
  from space 51200K,   0% used [0x00000000be600000, 0x00000000be616f30, 0x00000000c1800000)
  to   space 51200K,   0% used [0x00000000bb400000, 0x00000000bb400000, 0x00000000be600000)
 tenured generation   total 1024000K, used 54647K [0x00000000c1800000, 0x0000000100000000, 0x0000000100000000)
   the space 1024000K,   5% used [0x00000000c1800000, 0x00000000c4d5dd98, 0x00000000c4d5de00, 0x0000000100000000)
 Metaspace       used 40625K, capacity 43482K, committed 43648K, reserved 1087488K
  class space    used 5329K, capacity 5660K, committed 5760K, reserved 1048576K
