22:41:02,405 |-INFO in ch.qos.logback.classic.LoggerContext[default] - Could NOT find resource [logback-test.xml]
22:41:02,406 |-INFO in ch.qos.logback.classic.LoggerContext[default] - Could NOT find resource [logback.groovy]
22:41:02,406 |-INFO in ch.qos.logback.classic.LoggerContext[default] - Found resource [logback.xml] at [jar:file:/home/nikitasokolov/flamestream/lib/flamestream-runtime-1.0-SNAPSHOT.jar!/logback.xml]
22:41:02,406 |-WARN in ch.qos.logback.classic.LoggerContext[default] - Resource [logback.xml] occurs multiple times on the classpath.
22:41:02,406 |-WARN in ch.qos.logback.classic.LoggerContext[default] - Resource [logback.xml] occurs at [jar:file:/home/nikitasokolov/flamestream/lib/flamestream-runtime-1.0-SNAPSHOT.jar!/logback.xml]
22:41:02,406 |-WARN in ch.qos.logback.classic.LoggerContext[default] - Resource [logback.xml] occurs at [jar:file:/home/nikitasokolov/flamestream/flamestream-runtime-1.0-SNAPSHOT.jar!/logback.xml]
22:41:02,422 |-INFO in ch.qos.logback.core.joran.spi.ConfigurationWatchList@6bf256fa - URL [jar:file:/home/nikitasokolov/flamestream/lib/flamestream-runtime-1.0-SNAPSHOT.jar!/logback.xml] is not of type file
22:41:02,473 |-INFO in ch.qos.logback.classic.joran.action.ConfigurationAction - debug attribute not set
22:41:02,474 |-INFO in ch.qos.logback.core.joran.action.AppenderAction - About to instantiate appender of type [ch.qos.logback.core.ConsoleAppender]
22:41:02,481 |-INFO in ch.qos.logback.core.joran.action.AppenderAction - Naming appender as [STDOUT]
22:41:02,488 |-INFO in ch.qos.logback.core.joran.action.NestedComplexPropertyIA - Assuming default type [ch.qos.logback.classic.encoder.PatternLayoutEncoder] for [encoder] property
22:41:02,553 |-INFO in ch.qos.logback.core.joran.action.AppenderAction - About to instantiate appender of type [ch.qos.logback.core.rolling.RollingFileAppender]
22:41:02,558 |-INFO in ch.qos.logback.core.joran.action.AppenderAction - Naming appender as [FILE]
22:41:02,580 |-INFO in c.q.l.core.rolling.TimeBasedRollingPolicy@114132791 - No compression will be used
22:41:02,581 |-INFO in c.q.l.core.rolling.TimeBasedRollingPolicy@114132791 - Will use the pattern /tmp/application_%d{yyyy-MM-dd}.%i.log for the active file
22:41:02,584 |-INFO in ch.qos.logback.core.rolling.SizeAndTimeBasedFNATP@22f71333 - The date pattern is 'yyyy-MM-dd' from file name pattern '/tmp/application_%d{yyyy-MM-dd}.%i.log'.
22:41:02,584 |-INFO in ch.qos.logback.core.rolling.SizeAndTimeBasedFNATP@22f71333 - Roll-over at midnight.
22:41:02,588 |-INFO in ch.qos.logback.core.rolling.SizeAndTimeBasedFNATP@22f71333 - Setting initial period to Tue May 28 22:39:56 MSK 2019
22:41:02,588 |-WARN in ch.qos.logback.core.rolling.SizeAndTimeBasedFNATP@22f71333 - SizeAndTimeBasedFNATP is deprecated. Use SizeAndTimeBasedRollingPolicy instead
22:41:02,588 |-WARN in ch.qos.logback.core.rolling.SizeAndTimeBasedFNATP@22f71333 - For more information see http://logback.qos.ch/manual/appenders.html#SizeAndTimeBasedRollingPolicy
22:41:02,593 |-INFO in ch.qos.logback.core.joran.action.NestedComplexPropertyIA - Assuming default type [ch.qos.logback.classic.encoder.PatternLayoutEncoder] for [encoder] property
22:41:02,595 |-INFO in ch.qos.logback.core.rolling.RollingFileAppender[FILE] - Active log file name: /tmp/application.log
22:41:02,595 |-INFO in ch.qos.logback.core.rolling.RollingFileAppender[FILE] - File property is set to [/tmp/application.log]
22:41:02,596 |-INFO in ch.qos.logback.classic.joran.action.RootLoggerAction - Setting level of ROOT logger to WARN
22:41:02,596 |-INFO in ch.qos.logback.core.joran.action.AppenderRefAction - Attaching appender named [STDOUT] to Logger[ROOT]
22:41:02,597 |-INFO in ch.qos.logback.core.joran.action.AppenderRefAction - Attaching appender named [FILE] to Logger[ROOT]
22:41:02,597 |-INFO in ch.qos.logback.classic.joran.action.ConfigurationAction - End of configuration.
22:41:02,597 |-INFO in ch.qos.logback.classic.joran.JoranConfigurator@13969fbe - Registering current configuration as safe fallback point

Ama winner
Ama winner
2019-05-28T22:41:03.592+0300: 1.376: [GC (Metadata GC Threshold) [PSYoungGen: 95242K->15845K(149504K)] 95242K->15925K(491008K), 0.0201439 secs] [Times: user=0.09 sys=0.01, real=0.02 secs] 
2019-05-28T22:41:03.612+0300: 1.396: [Full GC (Metadata GC Threshold) [PSYoungGen: 15845K->0K(149504K)] [ParOldGen: 80K->15086K(341504K)] 15925K->15086K(491008K), [Metaspace: 20800K->20800K(1067008K)], 0.0264482 secs] [Times: user=0.14 sys=0.02, real=0.02 secs] 
22:41:12.192 [Curator-PathChildrenCache-1] WARN  o.a.c.u.ZKPaths  - The version of ZooKeeper being used doesn't support Container nodes. CreateMode.PERSISTENT will be used instead.
2019-05-28T22:41:12.948+0300: 10.732: [GC (Allocation Failure) [PSYoungGen: 128512K->17283K(149504K)] 143598K->51909K(491008K), 0.0318376 secs] [Times: user=0.26 sys=0.02, real=0.04 secs] 
2019-05-28T22:41:13.000+0300: 10.784: [GC (Metadata GC Threshold) [PSYoungGen: 29335K->6914K(149504K)] 63961K->41548K(491008K), 0.0038472 secs] [Times: user=0.04 sys=0.00, real=0.00 secs] 
2019-05-28T22:41:13.004+0300: 10.788: [Full GC (Metadata GC Threshold) [PSYoungGen: 6914K->0K(149504K)] [ParOldGen: 34633K->30606K(341504K)] 41548K->30606K(491008K), [Metaspace: 34480K->34480K(1079296K)], 0.0321613 secs] [Times: user=0.15 sys=0.01, real=0.03 secs] 
2019-05-28T22:41:15.630+0300: 13.414: [GC (Allocation Failure) [PSYoungGen: 128512K->832K(149504K)] 159118K->31446K(491008K), 0.0030155 secs] [Times: user=0.01 sys=0.00, real=0.01 secs] 
2019-05-28T22:41:18.617+0300: 16.401: [GC (Allocation Failure) [PSYoungGen: 129344K->864K(129536K)] 159958K->31486K(471040K), 0.0028509 secs] [Times: user=0.01 sys=0.00, real=0.01 secs] 
2019-05-28T22:41:21.651+0300: 19.435: [GC (Allocation Failure) [PSYoungGen: 129376K->832K(147968K)] 159998K->31462K(489472K), 0.0033296 secs] [Times: user=0.01 sys=0.00, real=0.01 secs] 
2019-05-28T22:41:24.534+0300: 22.318: [GC (Allocation Failure) [PSYoungGen: 125760K->960K(147456K)] 156390K->31598K(488960K), 0.0028148 secs] [Times: user=0.01 sys=0.00, real=0.00 secs] 
2019-05-28T22:41:27.397+0300: 25.181: [GC (Allocation Failure) [PSYoungGen: 125888K->704K(149504K)] 156526K->31807K(491008K), 0.0037786 secs] [Times: user=0.03 sys=0.00, real=0.01 secs] 
2019-05-28T22:41:30.634+0300: 28.418: [GC (Allocation Failure) [PSYoungGen: 128192K->672K(148480K)] 159295K->31943K(489984K), 0.0033086 secs] [Times: user=0.01 sys=0.00, real=0.00 secs] 
2019-05-28T22:41:33.799+0300: 31.583: [GC (Allocation Failure) [PSYoungGen: 128160K->480K(151040K)] 159431K->31887K(492544K), 0.0023395 secs] [Times: user=0.01 sys=0.00, real=0.01 secs] 
22:41:38.884 [Curator-PathChildrenCache-0] ERROR o.a.c.f.r.c.PathChildrenCache  - 
java.lang.IllegalStateException: instance must be started before calling this method
	at org.apache.curator.shaded.com.google.common.base.Preconditions.checkState(Preconditions.java:444)
	at org.apache.curator.framework.imps.CuratorFrameworkImpl.getChildren(CuratorFrameworkImpl.java:456)
	at org.apache.curator.framework.recipes.cache.PathChildrenCache.refresh(PathChildrenCache.java:521)
	at org.apache.curator.framework.recipes.cache.RefreshOperation.invoke(RefreshOperation.java:35)
	at org.apache.curator.framework.recipes.cache.PathChildrenCache$9.run(PathChildrenCache.java:786)
	at java.util.concurrent.Executors$RunnableAdapter.call(Executors.java:511)
	at java.util.concurrent.FutureTask.run(FutureTask.java:266)
	at java.util.concurrent.Executors$RunnableAdapter.call(Executors.java:511)
	at java.util.concurrent.FutureTask.run(FutureTask.java:266)
	at java.util.concurrent.ThreadPoolExecutor.runWorker(ThreadPoolExecutor.java:1149)
	at java.util.concurrent.ThreadPoolExecutor$Worker.run(ThreadPoolExecutor.java:624)
	at java.lang.Thread.run(Thread.java:748)
Heap
 PSYoungGen      total 151040K, used 44093K [0x00000000f5980000, 0x0000000100000000, 0x0000000100000000)
  eden space 130560K, 33% used [0x00000000f5980000,0x00000000f84174b8,0x00000000fd900000)
  from space 20480K, 2% used [0x00000000fec00000,0x00000000fec78050,0x0000000100000000)
  to   space 19456K, 0% used [0x00000000fd900000,0x00000000fd900000,0x00000000fec00000)
 ParOldGen       total 341504K, used 31407K [0x00000000e0c00000, 0x00000000f5980000, 0x00000000f5980000)
  object space 341504K, 9% used [0x00000000e0c00000,0x00000000e2aabc98,0x00000000f5980000)
 Metaspace       used 35834K, capacity 36724K, committed 36952K, reserved 1081344K
  class space    used 4934K, capacity 5146K, committed 5248K, reserved 1048576K
