18:01:32,296 |-INFO in ch.qos.logback.classic.LoggerContext[default] - Could NOT find resource [logback-test.xml]
18:01:32,296 |-INFO in ch.qos.logback.classic.LoggerContext[default] - Could NOT find resource [logback.groovy]
18:01:32,296 |-INFO in ch.qos.logback.classic.LoggerContext[default] - Found resource [logback.xml] at [jar:file:/root/flamestream/lib/flamestream-runtime-1.0-SNAPSHOT.jar!/logback.xml]
18:01:32,297 |-WARN in ch.qos.logback.classic.LoggerContext[default] - Resource [logback.xml] occurs multiple times on the classpath.
18:01:32,297 |-WARN in ch.qos.logback.classic.LoggerContext[default] - Resource [logback.xml] occurs at [jar:file:/root/flamestream/lib/flamestream-runtime-1.0-SNAPSHOT.jar!/logback.xml]
18:01:32,297 |-WARN in ch.qos.logback.classic.LoggerContext[default] - Resource [logback.xml] occurs at [jar:file:/root/flamestream/flamestream-runtime-1.0-SNAPSHOT.jar!/logback.xml]
18:01:32,318 |-INFO in ch.qos.logback.core.joran.spi.ConfigurationWatchList@3fb6a447 - URL [jar:file:/root/flamestream/lib/flamestream-runtime-1.0-SNAPSHOT.jar!/logback.xml] is not of type file
18:01:32,390 |-INFO in ch.qos.logback.classic.joran.action.ConfigurationAction - debug attribute not set
18:01:32,391 |-INFO in ch.qos.logback.core.joran.action.AppenderAction - About to instantiate appender of type [ch.qos.logback.core.ConsoleAppender]
18:01:32,402 |-INFO in ch.qos.logback.core.joran.action.AppenderAction - Naming appender as [STDOUT]
18:01:32,420 |-INFO in ch.qos.logback.core.joran.action.NestedComplexPropertyIA - Assuming default type [ch.qos.logback.classic.encoder.PatternLayoutEncoder] for [encoder] property
18:01:32,501 |-INFO in ch.qos.logback.core.joran.action.AppenderAction - About to instantiate appender of type [ch.qos.logback.core.rolling.RollingFileAppender]
18:01:32,506 |-INFO in ch.qos.logback.core.joran.action.AppenderAction - Naming appender as [FILE]
18:01:32,536 |-INFO in c.q.l.core.rolling.TimeBasedRollingPolicy@127618319 - No compression will be used
18:01:32,538 |-INFO in c.q.l.core.rolling.TimeBasedRollingPolicy@127618319 - Will use the pattern /tmp/application_%d{yyyy-MM-dd}.%i.log for the active file
18:01:32,541 |-INFO in ch.qos.logback.core.rolling.SizeAndTimeBasedFNATP@6b2fad11 - The date pattern is 'yyyy-MM-dd' from file name pattern '/tmp/application_%d{yyyy-MM-dd}.%i.log'.
18:01:32,541 |-INFO in ch.qos.logback.core.rolling.SizeAndTimeBasedFNATP@6b2fad11 - Roll-over at midnight.
18:01:32,546 |-INFO in ch.qos.logback.core.rolling.SizeAndTimeBasedFNATP@6b2fad11 - Setting initial period to Mon Jun 10 18:00:01 UTC 2019
18:01:32,546 |-WARN in ch.qos.logback.core.rolling.SizeAndTimeBasedFNATP@6b2fad11 - SizeAndTimeBasedFNATP is deprecated. Use SizeAndTimeBasedRollingPolicy instead
18:01:32,546 |-WARN in ch.qos.logback.core.rolling.SizeAndTimeBasedFNATP@6b2fad11 - For more information see http://logback.qos.ch/manual/appenders.html#SizeAndTimeBasedRollingPolicy
18:01:32,550 |-INFO in ch.qos.logback.core.joran.action.NestedComplexPropertyIA - Assuming default type [ch.qos.logback.classic.encoder.PatternLayoutEncoder] for [encoder] property
18:01:32,554 |-INFO in ch.qos.logback.core.rolling.RollingFileAppender[FILE] - Active log file name: /tmp/application.log
18:01:32,554 |-INFO in ch.qos.logback.core.rolling.RollingFileAppender[FILE] - File property is set to [/tmp/application.log]
18:01:32,555 |-INFO in ch.qos.logback.classic.joran.action.RootLoggerAction - Setting level of ROOT logger to WARN
18:01:32,555 |-INFO in ch.qos.logback.core.joran.action.AppenderRefAction - Attaching appender named [STDOUT] to Logger[ROOT]
18:01:32,556 |-INFO in ch.qos.logback.core.joran.action.AppenderRefAction - Attaching appender named [FILE] to Logger[ROOT]
18:01:32,556 |-INFO in ch.qos.logback.classic.joran.action.ConfigurationAction - End of configuration.
18:01:32,556 |-INFO in ch.qos.logback.classic.joran.JoranConfigurator@79698539 - Registering current configuration as safe fallback point

Ama winner
Ama winner
2019-06-10T18:01:33.831+0000: 1.715: [Full GC (Metadata GC Threshold) 2019-06-10T18:01:33.831+0000: 1.715: [Tenured: 0K->15175K(341376K), 0.0359330 secs] 114923K->15175K(494976K), [Metaspace: 20724K->20724K(1067008K)], 0.0360001 secs] [Times: user=0.03 sys=0.01, real=0.04 secs] 
18:01:55.218 [Curator-PathChildrenCache-2] WARN  o.a.c.u.ZKPaths  - The version of ZooKeeper being used doesn't support Container nodes. CreateMode.PERSISTENT will be used instead.
2019-06-10T18:01:57.509+0000: 25.392: [GC (Allocation Failure) 2019-06-10T18:01:57.509+0000: 25.392: [DefNew: 136576K->17024K(153600K), 0.0254500 secs] 151751K->52916K(494976K), 0.0255172 secs] [Times: user=0.01 sys=0.01, real=0.03 secs] 
2019-06-10T18:01:57.844+0000: 25.727: [Full GC (Metadata GC Threshold) 2019-06-10T18:01:57.844+0000: 25.727: [Tenured: 35892K->44559K(341376K), 0.0404761 secs] 69490K->44559K(494976K), [Metaspace: 34527K->34527K(1079296K)], 0.0405477 secs] [Times: user=0.03 sys=0.01, real=0.04 secs] 
2019-06-10T18:01:59.829+0000: 27.712: [GC (Allocation Failure) 2019-06-10T18:01:59.829+0000: 27.712: [DefNew: 136576K->141K(153600K), 0.0020711 secs] 181135K->44701K(494976K), 0.0021338 secs] [Times: user=0.01 sys=0.00, real=0.00 secs] 
2019-06-10T18:02:01.444+0000: 29.327: [GC (Allocation Failure) 2019-06-10T18:02:01.444+0000: 29.327: [DefNew: 136717K->148K(153600K), 0.0018770 secs] 181277K->44707K(494976K), 0.0019379 secs] [Times: user=0.01 sys=0.00, real=0.01 secs] 
2019-06-10T18:02:03.099+0000: 30.982: [GC (Allocation Failure) 2019-06-10T18:02:03.099+0000: 30.982: [DefNew: 136724K->163K(153600K), 0.0018274 secs] 181283K->44722K(494976K), 0.0018842 secs] [Times: user=0.01 sys=0.00, real=0.00 secs] 
2019-06-10T18:02:04.770+0000: 32.654: [GC (Allocation Failure) 2019-06-10T18:02:04.771+0000: 32.655: [DefNew: 136739K->165K(153600K), 0.0019235 secs] 181298K->44724K(494976K), 0.0032353 secs] [Times: user=0.01 sys=0.00, real=0.01 secs] 
2019-06-10T18:02:13.863+0000: 41.746: [GC (Allocation Failure) 2019-06-10T18:02:13.863+0000: 41.746: [DefNew: 136741K->364K(153600K), 0.0039789 secs] 181300K->44923K(494976K), 0.0040360 secs] [Times: user=0.00 sys=0.00, real=0.01 secs] 
18:02:13.895 [Curator-PathChildrenCache-0] ERROR o.a.c.f.r.c.PathChildrenCache  - 
java.lang.IllegalStateException: instance must be started before calling this method
	at org.apache.curator.shaded.com.google.common.base.Preconditions.checkState(Preconditions.java:444)
	at org.apache.curator.framework.imps.CuratorFrameworkImpl.getChildren(CuratorFrameworkImpl.java:456)
	at org.apache.curator.framework.recipes.cache.PathChildrenCache.refresh(PathChildrenCache.java:521)
	at org.apache.curator.framework.recipes.cache.RefreshOperation.invoke(RefreshOperation.java:35)
	at org.apache.curator.framework.recipes.cache.PathChildrenCache$9.run(PathChildrenCache.java:786)
	at java.util.concurrent.Executors$RunnableAdapter.call(Executors.java:511)
	at java.util.concurrent.FutureTask.run(FutureTask.java:266)
	at java.util.concurrent.Executors$RunnableAdapter.call(Executors.java:511)
	at java.util.concurrent.FutureTask.run(FutureTask.java:266)
	at java.util.concurrent.ThreadPoolExecutor.runWorker(ThreadPoolExecutor.java:1149)
	at java.util.concurrent.ThreadPoolExecutor$Worker.run(ThreadPoolExecutor.java:624)
	at java.lang.Thread.run(Thread.java:748)
Heap
 def new generation   total 153600K, used 18296K [0x00000000e0c00000, 0x00000000eb2a0000, 0x00000000eb2a0000)
  eden space 136576K,  13% used [0x00000000e0c00000, 0x00000000e1d82fc8, 0x00000000e9160000)
  from space 17024K,   2% used [0x00000000e9160000, 0x00000000e91bb150, 0x00000000ea200000)
  to   space 17024K,   0% used [0x00000000ea200000, 0x00000000ea200000, 0x00000000eb2a0000)
 tenured generation   total 341376K, used 44559K [0x00000000eb2a0000, 0x0000000100000000, 0x0000000100000000)
   the space 341376K,  13% used [0x00000000eb2a0000, 0x00000000ede23e70, 0x00000000ede24000, 0x0000000100000000)
 Metaspace       used 35839K, capacity 36738K, committed 36864K, reserved 1081344K
  class space    used 4858K, capacity 5059K, committed 5120K, reserved 1048576K
