19:00:38,564 |-INFO in ch.qos.logback.classic.LoggerContext[default] - Could NOT find resource [logback-test.xml]
19:00:38,564 |-INFO in ch.qos.logback.classic.LoggerContext[default] - Could NOT find resource [logback.groovy]
19:00:38,564 |-INFO in ch.qos.logback.classic.LoggerContext[default] - Found resource [logback.xml] at [jar:file:/root/flamestream/lib/flamestream-runtime-1.0-SNAPSHOT.jar!/logback.xml]
19:00:38,567 |-WARN in ch.qos.logback.classic.LoggerContext[default] - Resource [logback.xml] occurs multiple times on the classpath.
19:00:38,567 |-WARN in ch.qos.logback.classic.LoggerContext[default] - Resource [logback.xml] occurs at [jar:file:/root/flamestream/lib/flamestream-runtime-1.0-SNAPSHOT.jar!/logback.xml]
19:00:38,567 |-WARN in ch.qos.logback.classic.LoggerContext[default] - Resource [logback.xml] occurs at [jar:file:/root/flamestream/flamestream-runtime-1.0-SNAPSHOT.jar!/logback.xml]
19:00:38,587 |-INFO in ch.qos.logback.core.joran.spi.ConfigurationWatchList@3fb6a447 - URL [jar:file:/root/flamestream/lib/flamestream-runtime-1.0-SNAPSHOT.jar!/logback.xml] is not of type file
19:00:38,655 |-INFO in ch.qos.logback.classic.joran.action.ConfigurationAction - debug attribute not set
19:00:38,655 |-INFO in ch.qos.logback.core.joran.action.AppenderAction - About to instantiate appender of type [ch.qos.logback.core.ConsoleAppender]
19:00:38,671 |-INFO in ch.qos.logback.core.joran.action.AppenderAction - Naming appender as [STDOUT]
19:00:38,691 |-INFO in ch.qos.logback.core.joran.action.NestedComplexPropertyIA - Assuming default type [ch.qos.logback.classic.encoder.PatternLayoutEncoder] for [encoder] property
19:00:38,773 |-INFO in ch.qos.logback.core.joran.action.AppenderAction - About to instantiate appender of type [ch.qos.logback.core.rolling.RollingFileAppender]
19:00:38,778 |-INFO in ch.qos.logback.core.joran.action.AppenderAction - Naming appender as [FILE]
19:00:38,808 |-INFO in c.q.l.core.rolling.TimeBasedRollingPolicy@127618319 - No compression will be used
19:00:38,809 |-INFO in c.q.l.core.rolling.TimeBasedRollingPolicy@127618319 - Will use the pattern /tmp/application_%d{yyyy-MM-dd}.%i.log for the active file
19:00:38,811 |-INFO in ch.qos.logback.core.rolling.SizeAndTimeBasedFNATP@6b2fad11 - The date pattern is 'yyyy-MM-dd' from file name pattern '/tmp/application_%d{yyyy-MM-dd}.%i.log'.
19:00:38,811 |-INFO in ch.qos.logback.core.rolling.SizeAndTimeBasedFNATP@6b2fad11 - Roll-over at midnight.
19:00:38,817 |-INFO in ch.qos.logback.core.rolling.SizeAndTimeBasedFNATP@6b2fad11 - Setting initial period to Mon Jun 10 18:59:06 UTC 2019
19:00:38,817 |-WARN in ch.qos.logback.core.rolling.SizeAndTimeBasedFNATP@6b2fad11 - SizeAndTimeBasedFNATP is deprecated. Use SizeAndTimeBasedRollingPolicy instead
19:00:38,817 |-WARN in ch.qos.logback.core.rolling.SizeAndTimeBasedFNATP@6b2fad11 - For more information see http://logback.qos.ch/manual/appenders.html#SizeAndTimeBasedRollingPolicy
19:00:38,820 |-INFO in ch.qos.logback.core.joran.action.NestedComplexPropertyIA - Assuming default type [ch.qos.logback.classic.encoder.PatternLayoutEncoder] for [encoder] property
19:00:38,825 |-INFO in ch.qos.logback.core.rolling.RollingFileAppender[FILE] - Active log file name: /tmp/application.log
19:00:38,825 |-INFO in ch.qos.logback.core.rolling.RollingFileAppender[FILE] - File property is set to [/tmp/application.log]
19:00:38,826 |-INFO in ch.qos.logback.classic.joran.action.RootLoggerAction - Setting level of ROOT logger to WARN
19:00:38,826 |-INFO in ch.qos.logback.core.joran.action.AppenderRefAction - Attaching appender named [STDOUT] to Logger[ROOT]
19:00:38,828 |-INFO in ch.qos.logback.core.joran.action.AppenderRefAction - Attaching appender named [FILE] to Logger[ROOT]
19:00:38,828 |-INFO in ch.qos.logback.classic.joran.action.ConfigurationAction - End of configuration.
19:00:38,828 |-INFO in ch.qos.logback.classic.joran.JoranConfigurator@79698539 - Registering current configuration as safe fallback point

Ama winner
Ama winner
2019-06-10T19:00:40.127+0000: 1.740: [Full GC (Metadata GC Threshold) 2019-06-10T19:00:40.127+0000: 1.740: [Tenured: 0K->15143K(341376K), 0.0408225 secs] 114987K->15143K(494976K), [Metaspace: 20731K->20731K(1067008K)], 0.0408895 secs] [Times: user=0.05 sys=0.00, real=0.04 secs] 
19:00:57.444 [Curator-PathChildrenCache-1] WARN  o.a.c.u.ZKPaths  - The version of ZooKeeper being used doesn't support Container nodes. CreateMode.PERSISTENT will be used instead.
2019-06-10T19:00:59.827+0000: 21.440: [GC (Allocation Failure) 2019-06-10T19:00:59.827+0000: 21.440: [DefNew: 136576K->17023K(153600K), 0.0253486 secs] 151719K->52634K(494976K), 0.0254227 secs] [Times: user=0.02 sys=0.00, real=0.02 secs] 
2019-06-10T19:01:01.972+0000: 23.585: [Full GC (Metadata GC Threshold) 2019-06-10T19:01:01.972+0000: 23.585: [Tenured: 35610K->44208K(341376K), 0.0477414 secs] 97006K->44208K(494976K), [Metaspace: 34600K->34600K(1079296K)], 0.0478262 secs] [Times: user=0.05 sys=0.00, real=0.05 secs] 
2019-06-10T19:01:08.644+0000: 30.257: [GC (Allocation Failure) 2019-06-10T19:01:08.644+0000: 30.257: [DefNew: 136576K->63K(153600K), 0.0018710 secs] 180784K->44272K(494976K), 0.0019321 secs] [Times: user=0.00 sys=0.00, real=0.01 secs] 
2019-06-10T19:01:15.434+0000: 37.047: [GC (Allocation Failure) 2019-06-10T19:01:15.434+0000: 37.047: [DefNew: 136639K->67K(153600K), 0.0016885 secs] 180848K->44276K(494976K), 0.0017499 secs] [Times: user=0.00 sys=0.00, real=0.00 secs] 
2019-06-10T19:01:22.280+0000: 43.893: [GC (Allocation Failure) 2019-06-10T19:01:22.280+0000: 43.893: [DefNew: 136643K->70K(153600K), 0.0016961 secs] 180852K->44279K(494976K), 0.0017581 secs] [Times: user=0.00 sys=0.00, real=0.00 secs] 
2019-06-10T19:01:29.151+0000: 50.764: [GC (Allocation Failure) 2019-06-10T19:01:29.151+0000: 50.764: [DefNew: 136646K->63K(153600K), 0.0017139 secs] 180855K->44272K(494976K), 0.0017733 secs] [Times: user=0.00 sys=0.00, real=0.00 secs] 
2019-06-10T19:01:36.009+0000: 57.622: [GC (Allocation Failure) 2019-06-10T19:01:36.009+0000: 57.622: [DefNew: 136639K->61K(153600K), 0.0016800 secs] 180848K->44269K(494976K), 0.0017409 secs] [Times: user=0.00 sys=0.00, real=0.00 secs] 
19:01:43.624 [Curator-PathChildrenCache-0] ERROR o.a.c.f.r.c.PathChildrenCache  - 
java.lang.IllegalStateException: instance must be started before calling this method
	at org.apache.curator.shaded.com.google.common.base.Preconditions.checkState(Preconditions.java:444)
	at org.apache.curator.framework.imps.CuratorFrameworkImpl.getChildren(CuratorFrameworkImpl.java:456)
	at org.apache.curator.framework.recipes.cache.PathChildrenCache.refresh(PathChildrenCache.java:521)
	at org.apache.curator.framework.recipes.cache.RefreshOperation.invoke(RefreshOperation.java:35)
	at org.apache.curator.framework.recipes.cache.PathChildrenCache$9.run(PathChildrenCache.java:786)
	at java.util.concurrent.Executors$RunnableAdapter.call(Executors.java:511)
	at java.util.concurrent.FutureTask.run(FutureTask.java:266)
	at java.util.concurrent.Executors$RunnableAdapter.call(Executors.java:511)
	at java.util.concurrent.FutureTask.run(FutureTask.java:266)
	at java.util.concurrent.ThreadPoolExecutor.runWorker(ThreadPoolExecutor.java:1149)
	at java.util.concurrent.ThreadPoolExecutor$Worker.run(ThreadPoolExecutor.java:624)
	at java.lang.Thread.run(Thread.java:748)
Heap
 def new generation   total 153600K, used 61230K [0x00000000e0c00000, 0x00000000eb2a0000, 0x00000000eb2a0000)
  eden space 136576K,  44% used [0x00000000e0c00000, 0x00000000e47bc450, 0x00000000e9160000)
  from space 17024K,   0% used [0x00000000e9160000, 0x00000000e916f5b8, 0x00000000ea200000)
  to   space 17024K,   0% used [0x00000000ea200000, 0x00000000ea200000, 0x00000000eb2a0000)
 tenured generation   total 341376K, used 44208K [0x00000000eb2a0000, 0x0000000100000000, 0x0000000100000000)
   the space 341376K,  12% used [0x00000000eb2a0000, 0x00000000eddcc230, 0x00000000eddcc400, 0x0000000100000000)
 Metaspace       used 36098K, capacity 36992K, committed 37120K, reserved 1081344K
  class space    used 4868K, capacity 5074K, committed 5120K, reserved 1048576K
