13:28:23,032 |-INFO in ch.qos.logback.classic.LoggerContext[default] - Could NOT find resource [logback-test.xml]
13:28:23,032 |-INFO in ch.qos.logback.classic.LoggerContext[default] - Could NOT find resource [logback.groovy]
13:28:23,033 |-INFO in ch.qos.logback.classic.LoggerContext[default] - Found resource [logback.xml] at [jar:file:/root/flamestream/lib/flamestream-runtime-1.0-SNAPSHOT.jar!/logback.xml]
13:28:23,038 |-WARN in ch.qos.logback.classic.LoggerContext[default] - Resource [logback.xml] occurs multiple times on the classpath.
13:28:23,038 |-WARN in ch.qos.logback.classic.LoggerContext[default] - Resource [logback.xml] occurs at [jar:file:/root/flamestream/lib/flamestream-runtime-1.0-SNAPSHOT.jar!/logback.xml]
13:28:23,038 |-WARN in ch.qos.logback.classic.LoggerContext[default] - Resource [logback.xml] occurs at [jar:file:/root/flamestream/flamestream-runtime-1.0-SNAPSHOT.jar!/logback.xml]
13:28:23,058 |-INFO in ch.qos.logback.core.joran.spi.ConfigurationWatchList@3fb6a447 - URL [jar:file:/root/flamestream/lib/flamestream-runtime-1.0-SNAPSHOT.jar!/logback.xml] is not of type file
13:28:23,133 |-INFO in ch.qos.logback.classic.joran.action.ConfigurationAction - debug attribute not set
13:28:23,134 |-INFO in ch.qos.logback.core.joran.action.AppenderAction - About to instantiate appender of type [ch.qos.logback.core.ConsoleAppender]
13:28:23,151 |-INFO in ch.qos.logback.core.joran.action.AppenderAction - Naming appender as [STDOUT]
13:28:23,169 |-INFO in ch.qos.logback.core.joran.action.NestedComplexPropertyIA - Assuming default type [ch.qos.logback.classic.encoder.PatternLayoutEncoder] for [encoder] property
13:28:23,259 |-INFO in ch.qos.logback.core.joran.action.AppenderAction - About to instantiate appender of type [ch.qos.logback.core.rolling.RollingFileAppender]
13:28:23,269 |-INFO in ch.qos.logback.core.joran.action.AppenderAction - Naming appender as [FILE]
13:28:23,299 |-INFO in c.q.l.core.rolling.TimeBasedRollingPolicy@127618319 - No compression will be used
13:28:23,300 |-INFO in c.q.l.core.rolling.TimeBasedRollingPolicy@127618319 - Will use the pattern /tmp/application_%d{yyyy-MM-dd}.%i.log for the active file
13:28:23,303 |-INFO in ch.qos.logback.core.rolling.SizeAndTimeBasedFNATP@6b2fad11 - The date pattern is 'yyyy-MM-dd' from file name pattern '/tmp/application_%d{yyyy-MM-dd}.%i.log'.
13:28:23,304 |-INFO in ch.qos.logback.core.rolling.SizeAndTimeBasedFNATP@6b2fad11 - Roll-over at midnight.
13:28:23,309 |-INFO in ch.qos.logback.core.rolling.SizeAndTimeBasedFNATP@6b2fad11 - Setting initial period to Mon Jun 10 13:27:01 UTC 2019
13:28:23,309 |-WARN in ch.qos.logback.core.rolling.SizeAndTimeBasedFNATP@6b2fad11 - SizeAndTimeBasedFNATP is deprecated. Use SizeAndTimeBasedRollingPolicy instead
13:28:23,309 |-WARN in ch.qos.logback.core.rolling.SizeAndTimeBasedFNATP@6b2fad11 - For more information see http://logback.qos.ch/manual/appenders.html#SizeAndTimeBasedRollingPolicy
13:28:23,314 |-INFO in ch.qos.logback.core.joran.action.NestedComplexPropertyIA - Assuming default type [ch.qos.logback.classic.encoder.PatternLayoutEncoder] for [encoder] property
13:28:23,319 |-INFO in ch.qos.logback.core.rolling.RollingFileAppender[FILE] - Active log file name: /tmp/application.log
13:28:23,319 |-INFO in ch.qos.logback.core.rolling.RollingFileAppender[FILE] - File property is set to [/tmp/application.log]
13:28:23,320 |-INFO in ch.qos.logback.classic.joran.action.RootLoggerAction - Setting level of ROOT logger to WARN
13:28:23,320 |-INFO in ch.qos.logback.core.joran.action.AppenderRefAction - Attaching appender named [STDOUT] to Logger[ROOT]
13:28:23,322 |-INFO in ch.qos.logback.core.joran.action.AppenderRefAction - Attaching appender named [FILE] to Logger[ROOT]
13:28:23,322 |-INFO in ch.qos.logback.classic.joran.action.ConfigurationAction - End of configuration.
13:28:23,322 |-INFO in ch.qos.logback.classic.joran.JoranConfigurator@79698539 - Registering current configuration as safe fallback point

Ama winner
Ama winner
2019-06-10T13:28:24.680+0000: 1.836: [Full GC (Metadata GC Threshold) 2019-06-10T13:28:24.680+0000: 1.836: [Tenured: 0K->15241K(341376K), 0.0418126 secs] 114987K->15241K(494976K), [Metaspace: 20737K->20737K(1067008K)], 0.0418821 secs] [Times: user=0.04 sys=0.00, real=0.04 secs] 
13:28:48.375 [Curator-PathChildrenCache-1] WARN  o.a.c.u.ZKPaths  - The version of ZooKeeper being used doesn't support Container nodes. CreateMode.PERSISTENT will be used instead.
2019-06-10T13:28:51.209+0000: 28.365: [GC (Allocation Failure) 2019-06-10T13:28:51.209+0000: 28.365: [DefNew: 136576K->17023K(153600K), 0.0358241 secs] 151817K->52837K(494976K), 0.0358968 secs] [Times: user=0.02 sys=0.01, real=0.04 secs] 
2019-06-10T13:28:52.318+0000: 29.474: [Full GC (Metadata GC Threshold) 2019-06-10T13:28:52.318+0000: 29.474: [Tenured: 35813K->44645K(341376K), 0.0393781 secs] 81291K->44645K(494976K), [Metaspace: 34600K->34600K(1079296K)], 0.0394488 secs] [Times: user=0.04 sys=0.00, real=0.04 secs] 
2019-06-10T13:28:59.179+0000: 36.334: [GC (Allocation Failure) 2019-06-10T13:28:59.179+0000: 36.334: [DefNew: 136576K->154K(153600K), 0.0020760 secs] 181221K->44800K(494976K), 0.0021409 secs] [Times: user=0.00 sys=0.00, real=0.00 secs] 
2019-06-10T13:29:06.104+0000: 43.260: [GC (Allocation Failure) 2019-06-10T13:29:06.104+0000: 43.260: [DefNew: 136730K->190K(153600K), 0.0019334 secs] 181376K->44836K(494976K), 0.0019977 secs] [Times: user=0.00 sys=0.00, real=0.01 secs] 
2019-06-10T13:29:12.919+0000: 50.075: [GC (Allocation Failure) 2019-06-10T13:29:12.919+0000: 50.075: [DefNew: 136766K->195K(153600K), 0.0019726 secs] 181412K->44841K(494976K), 0.0020396 secs] [Times: user=0.00 sys=0.00, real=0.00 secs] 
2019-06-10T13:29:19.944+0000: 57.100: [GC (Allocation Failure) 2019-06-10T13:29:19.944+0000: 57.100: [DefNew: 136771K->190K(153600K), 0.0019658 secs] 181417K->44836K(494976K), 0.0020266 secs] [Times: user=0.00 sys=0.00, real=0.01 secs] 
2019-06-10T13:29:27.220+0000: 64.376: [GC (Allocation Failure) 2019-06-10T13:29:27.220+0000: 64.376: [DefNew: 136766K->545K(153600K), 0.0025791 secs] 181412K->45191K(494976K), 0.0026570 secs] [Times: user=0.00 sys=0.00, real=0.00 secs] 
13:29:42.394 [Curator-PathChildrenCache-0] ERROR o.a.c.f.r.c.PathChildrenCache  - 
java.lang.IllegalStateException: instance must be started before calling this method
	at org.apache.curator.shaded.com.google.common.base.Preconditions.checkState(Preconditions.java:444)
	at org.apache.curator.framework.imps.CuratorFrameworkImpl.getChildren(CuratorFrameworkImpl.java:456)
	at org.apache.curator.framework.recipes.cache.PathChildrenCache.refresh(PathChildrenCache.java:521)
	at org.apache.curator.framework.recipes.cache.RefreshOperation.invoke(RefreshOperation.java:35)
	at org.apache.curator.framework.recipes.cache.PathChildrenCache$9.run(PathChildrenCache.java:786)
	at java.util.concurrent.Executors$RunnableAdapter.call(Executors.java:511)
	at java.util.concurrent.FutureTask.run(FutureTask.java:266)
	at java.util.concurrent.Executors$RunnableAdapter.call(Executors.java:511)
	at java.util.concurrent.FutureTask.run(FutureTask.java:266)
	at java.util.concurrent.ThreadPoolExecutor.runWorker(ThreadPoolExecutor.java:1149)
	at java.util.concurrent.ThreadPoolExecutor$Worker.run(ThreadPoolExecutor.java:624)
	at java.lang.Thread.run(Thread.java:748)
Heap
 def new generation   total 153600K, used 83430K [0x00000000e0c00000, 0x00000000eb2a0000, 0x00000000eb2a0000)
  eden space 136576K,  60% used [0x00000000e0c00000, 0x00000000e5cf1528, 0x00000000e9160000)
  from space 17024K,   3% used [0x00000000e9160000, 0x00000000e91e8498, 0x00000000ea200000)
  to   space 17024K,   0% used [0x00000000ea200000, 0x00000000ea200000, 0x00000000eb2a0000)
 tenured generation   total 341376K, used 44645K [0x00000000eb2a0000, 0x0000000100000000, 0x0000000100000000)
   the space 341376K,  13% used [0x00000000eb2a0000, 0x00000000ede397e0, 0x00000000ede39800, 0x0000000100000000)
 Metaspace       used 36328K, capacity 37266K, committed 37376K, reserved 1081344K
  class space    used 4870K, capacity 5077K, committed 5120K, reserved 1048576K
