16:17:18,611 |-INFO in ch.qos.logback.classic.LoggerContext[default] - Could NOT find resource [logback-test.xml]
16:17:18,611 |-INFO in ch.qos.logback.classic.LoggerContext[default] - Could NOT find resource [logback.groovy]
16:17:18,611 |-INFO in ch.qos.logback.classic.LoggerContext[default] - Found resource [logback.xml] at [jar:file:/home/nikitasokolov/flamestream/lib/flamestream-runtime-1.0-SNAPSHOT.jar!/logback.xml]
16:17:18,612 |-WARN in ch.qos.logback.classic.LoggerContext[default] - Resource [logback.xml] occurs multiple times on the classpath.
16:17:18,612 |-WARN in ch.qos.logback.classic.LoggerContext[default] - Resource [logback.xml] occurs at [jar:file:/home/nikitasokolov/flamestream/lib/flamestream-runtime-1.0-SNAPSHOT.jar!/logback.xml]
16:17:18,612 |-WARN in ch.qos.logback.classic.LoggerContext[default] - Resource [logback.xml] occurs at [jar:file:/home/nikitasokolov/flamestream/flamestream-runtime-1.0-SNAPSHOT.jar!/logback.xml]
16:17:18,628 |-INFO in ch.qos.logback.core.joran.spi.ConfigurationWatchList@6108b2d7 - URL [jar:file:/home/nikitasokolov/flamestream/lib/flamestream-runtime-1.0-SNAPSHOT.jar!/logback.xml] is not of type file
16:17:18,678 |-INFO in ch.qos.logback.classic.joran.action.ConfigurationAction - debug attribute not set
16:17:18,679 |-INFO in ch.qos.logback.core.joran.action.AppenderAction - About to instantiate appender of type [ch.qos.logback.core.ConsoleAppender]
16:17:18,688 |-INFO in ch.qos.logback.core.joran.action.AppenderAction - Naming appender as [STDOUT]
16:17:18,696 |-INFO in ch.qos.logback.core.joran.action.NestedComplexPropertyIA - Assuming default type [ch.qos.logback.classic.encoder.PatternLayoutEncoder] for [encoder] property
16:17:18,752 |-INFO in ch.qos.logback.core.joran.action.AppenderAction - About to instantiate appender of type [ch.qos.logback.core.rolling.RollingFileAppender]
16:17:18,757 |-INFO in ch.qos.logback.core.joran.action.AppenderAction - Naming appender as [FILE]
16:17:18,779 |-INFO in c.q.l.core.rolling.TimeBasedRollingPolicy@357863579 - No compression will be used
16:17:18,781 |-INFO in c.q.l.core.rolling.TimeBasedRollingPolicy@357863579 - Will use the pattern /tmp/application_%d{yyyy-MM-dd}.%i.log for the active file
16:17:18,783 |-INFO in ch.qos.logback.core.rolling.SizeAndTimeBasedFNATP@6bf256fa - The date pattern is 'yyyy-MM-dd' from file name pattern '/tmp/application_%d{yyyy-MM-dd}.%i.log'.
16:17:18,783 |-INFO in ch.qos.logback.core.rolling.SizeAndTimeBasedFNATP@6bf256fa - Roll-over at midnight.
16:17:18,787 |-INFO in ch.qos.logback.core.rolling.SizeAndTimeBasedFNATP@6bf256fa - Setting initial period to Sun Jun 09 16:16:21 MSK 2019
16:17:18,788 |-WARN in ch.qos.logback.core.rolling.SizeAndTimeBasedFNATP@6bf256fa - SizeAndTimeBasedFNATP is deprecated. Use SizeAndTimeBasedRollingPolicy instead
16:17:18,788 |-WARN in ch.qos.logback.core.rolling.SizeAndTimeBasedFNATP@6bf256fa - For more information see http://logback.qos.ch/manual/appenders.html#SizeAndTimeBasedRollingPolicy
16:17:18,792 |-INFO in ch.qos.logback.core.joran.action.NestedComplexPropertyIA - Assuming default type [ch.qos.logback.classic.encoder.PatternLayoutEncoder] for [encoder] property
16:17:18,794 |-INFO in ch.qos.logback.core.rolling.RollingFileAppender[FILE] - Active log file name: /tmp/application.log
16:17:18,794 |-INFO in ch.qos.logback.core.rolling.RollingFileAppender[FILE] - File property is set to [/tmp/application.log]
16:17:18,795 |-INFO in ch.qos.logback.classic.joran.action.RootLoggerAction - Setting level of ROOT logger to WARN
16:17:18,796 |-INFO in ch.qos.logback.core.joran.action.AppenderRefAction - Attaching appender named [STDOUT] to Logger[ROOT]
16:17:18,796 |-INFO in ch.qos.logback.core.joran.action.AppenderRefAction - Attaching appender named [FILE] to Logger[ROOT]
16:17:18,796 |-INFO in ch.qos.logback.classic.joran.action.ConfigurationAction - End of configuration.
16:17:18,797 |-INFO in ch.qos.logback.classic.joran.JoranConfigurator@6cd8737 - Registering current configuration as safe fallback point

2019-06-09T16:17:19.786+0300: 1.366: [GC (Metadata GC Threshold) [PSYoungGen: 110754K->15948K(149504K)] 110754K->16028K(491008K), 0.0245409 secs] [Times: user=0.16 sys=0.01, real=0.03 secs] 
2019-06-09T16:17:19.810+0300: 1.391: [Full GC (Metadata GC Threshold) [PSYoungGen: 15948K->0K(149504K)] [ParOldGen: 80K->15143K(341504K)] 16028K->15143K(491008K), [Metaspace: 20802K->20802K(1067008K)], 0.0269414 secs] [Times: user=0.17 sys=0.02, real=0.02 secs] 
16:17:31.197 [Curator-PathChildrenCache-2] WARN  o.a.c.u.ZKPaths  - The version of ZooKeeper being used doesn't support Container nodes. CreateMode.PERSISTENT will be used instead.
2019-06-09T16:17:31.872+0300: 13.453: [GC (Metadata GC Threshold) [PSYoungGen: 125840K->16544K(149504K)] 140983K->51226K(491008K), 0.0276720 secs] [Times: user=0.23 sys=0.01, real=0.03 secs] 
2019-06-09T16:17:31.900+0300: 13.481: [Full GC (Metadata GC Threshold) [PSYoungGen: 16544K->0K(149504K)] [ParOldGen: 34682K->39752K(341504K)] 51226K->39752K(491008K), [Metaspace: 34348K->34348K(1079296K)], 0.0359325 secs] [Times: user=0.20 sys=0.01, real=0.03 secs] 
2019-06-09T16:17:38.070+0300: 19.650: [GC (Allocation Failure) [PSYoungGen: 128512K->512K(149504K)] 168264K->40272K(491008K), 0.0074905 secs] [Times: user=0.07 sys=0.00, real=0.00 secs] 
2019-06-09T16:17:45.131+0300: 26.711: [GC (Allocation Failure) [PSYoungGen: 129024K->384K(149504K)] 168784K->40152K(491008K), 0.0037236 secs] [Times: user=0.01 sys=0.00, real=0.00 secs] 
2019-06-09T16:17:52.206+0300: 33.787: [GC (Allocation Failure) [PSYoungGen: 128896K->448K(129024K)] 168664K->40224K(470528K), 0.0072383 secs] [Times: user=0.05 sys=0.00, real=0.01 secs] 
2019-06-09T16:17:59.371+0300: 40.952: [GC (Allocation Failure) [PSYoungGen: 128960K->416K(148992K)] 168736K->40200K(490496K), 0.0043578 secs] [Times: user=0.03 sys=0.00, real=0.00 secs] 
2019-06-09T16:18:06.495+0300: 48.075: [GC (Allocation Failure) [PSYoungGen: 127392K->480K(148480K)] 167176K->40272K(489984K), 0.0041092 secs] [Times: user=0.02 sys=0.01, real=0.01 secs] 
2019-06-09T16:18:13.588+0300: 55.169: [GC (Allocation Failure) [PSYoungGen: 127456K->448K(151040K)] 167248K->40248K(492544K), 0.0045806 secs] [Times: user=0.03 sys=0.00, real=0.01 secs] 
16:18:22.006 [Curator-PathChildrenCache-0] ERROR o.a.c.f.r.c.PathChildrenCache  - 
java.lang.IllegalStateException: instance must be started before calling this method
	at org.apache.curator.shaded.com.google.common.base.Preconditions.checkState(Preconditions.java:444)
	at org.apache.curator.framework.imps.CuratorFrameworkImpl.getChildren(CuratorFrameworkImpl.java:456)
	at org.apache.curator.framework.recipes.cache.PathChildrenCache.refresh(PathChildrenCache.java:521)
	at org.apache.curator.framework.recipes.cache.RefreshOperation.invoke(RefreshOperation.java:35)
	at org.apache.curator.framework.recipes.cache.PathChildrenCache$9.run(PathChildrenCache.java:786)
	at java.util.concurrent.Executors$RunnableAdapter.call(Executors.java:511)
	at java.util.concurrent.FutureTask.run(FutureTask.java:266)
	at java.util.concurrent.Executors$RunnableAdapter.call(Executors.java:511)
	at java.util.concurrent.FutureTask.run(FutureTask.java:266)
	at java.util.concurrent.ThreadPoolExecutor.runWorker(ThreadPoolExecutor.java:1149)
	at java.util.concurrent.ThreadPoolExecutor$Worker.run(ThreadPoolExecutor.java:624)
	at java.lang.Thread.run(Thread.java:748)
Heap
 PSYoungGen      total 151040K, used 63930K [0x00000000f5980000, 0x0000000100000000, 0x0000000100000000)
  eden space 130560K, 48% used [0x00000000f5980000,0x00000000f977eba8,0x00000000fd900000)
  from space 20480K, 2% used [0x00000000fec00000,0x00000000fec70000,0x0000000100000000)
  to   space 19456K, 0% used [0x00000000fd900000,0x00000000fd900000,0x00000000fec00000)
 ParOldGen       total 341504K, used 39800K [0x00000000e0c00000, 0x00000000f5980000, 0x00000000f5980000)
  object space 341504K, 11% used [0x00000000e0c00000,0x00000000e32de1b8,0x00000000f5980000)
 Metaspace       used 36202K, capacity 37193K, committed 37464K, reserved 1081344K
  class space    used 5021K, capacity 5229K, committed 5248K, reserved 1048576K
