19:50:50,865 |-INFO in ch.qos.logback.classic.LoggerContext[default] - Could NOT find resource [logback-test.xml]
19:50:50,865 |-INFO in ch.qos.logback.classic.LoggerContext[default] - Could NOT find resource [logback.groovy]
19:50:50,866 |-INFO in ch.qos.logback.classic.LoggerContext[default] - Found resource [logback.xml] at [jar:file:/root/flamestream/lib/flamestream-runtime-1.0-SNAPSHOT.jar!/logback.xml]
19:50:50,866 |-WARN in ch.qos.logback.classic.LoggerContext[default] - Resource [logback.xml] occurs multiple times on the classpath.
19:50:50,866 |-WARN in ch.qos.logback.classic.LoggerContext[default] - Resource [logback.xml] occurs at [jar:file:/root/flamestream/lib/flamestream-runtime-1.0-SNAPSHOT.jar!/logback.xml]
19:50:50,866 |-WARN in ch.qos.logback.classic.LoggerContext[default] - Resource [logback.xml] occurs at [jar:file:/root/flamestream/flamestream-runtime-1.0-SNAPSHOT.jar!/logback.xml]
19:50:50,890 |-INFO in ch.qos.logback.core.joran.spi.ConfigurationWatchList@3fb6a447 - URL [jar:file:/root/flamestream/lib/flamestream-runtime-1.0-SNAPSHOT.jar!/logback.xml] is not of type file
19:50:50,961 |-INFO in ch.qos.logback.classic.joran.action.ConfigurationAction - debug attribute not set
19:50:50,961 |-INFO in ch.qos.logback.core.joran.action.AppenderAction - About to instantiate appender of type [ch.qos.logback.core.ConsoleAppender]
19:50:50,977 |-INFO in ch.qos.logback.core.joran.action.AppenderAction - Naming appender as [STDOUT]
19:50:50,997 |-INFO in ch.qos.logback.core.joran.action.NestedComplexPropertyIA - Assuming default type [ch.qos.logback.classic.encoder.PatternLayoutEncoder] for [encoder] property
19:50:51,074 |-INFO in ch.qos.logback.core.joran.action.AppenderAction - About to instantiate appender of type [ch.qos.logback.core.rolling.RollingFileAppender]
19:50:51,079 |-INFO in ch.qos.logback.core.joran.action.AppenderAction - Naming appender as [FILE]
19:50:51,111 |-INFO in c.q.l.core.rolling.TimeBasedRollingPolicy@127618319 - No compression will be used
19:50:51,112 |-INFO in c.q.l.core.rolling.TimeBasedRollingPolicy@127618319 - Will use the pattern /tmp/application_%d{yyyy-MM-dd}.%i.log for the active file
19:50:51,115 |-INFO in ch.qos.logback.core.rolling.SizeAndTimeBasedFNATP@6b2fad11 - The date pattern is 'yyyy-MM-dd' from file name pattern '/tmp/application_%d{yyyy-MM-dd}.%i.log'.
19:50:51,115 |-INFO in ch.qos.logback.core.rolling.SizeAndTimeBasedFNATP@6b2fad11 - Roll-over at midnight.
19:50:51,120 |-INFO in ch.qos.logback.core.rolling.SizeAndTimeBasedFNATP@6b2fad11 - Setting initial period to Mon Jun 10 19:49:21 UTC 2019
19:50:51,120 |-WARN in ch.qos.logback.core.rolling.SizeAndTimeBasedFNATP@6b2fad11 - SizeAndTimeBasedFNATP is deprecated. Use SizeAndTimeBasedRollingPolicy instead
19:50:51,120 |-WARN in ch.qos.logback.core.rolling.SizeAndTimeBasedFNATP@6b2fad11 - For more information see http://logback.qos.ch/manual/appenders.html#SizeAndTimeBasedRollingPolicy
19:50:51,124 |-INFO in ch.qos.logback.core.joran.action.NestedComplexPropertyIA - Assuming default type [ch.qos.logback.classic.encoder.PatternLayoutEncoder] for [encoder] property
19:50:51,128 |-INFO in ch.qos.logback.core.rolling.RollingFileAppender[FILE] - Active log file name: /tmp/application.log
19:50:51,128 |-INFO in ch.qos.logback.core.rolling.RollingFileAppender[FILE] - File property is set to [/tmp/application.log]
19:50:51,129 |-INFO in ch.qos.logback.classic.joran.action.RootLoggerAction - Setting level of ROOT logger to WARN
19:50:51,129 |-INFO in ch.qos.logback.core.joran.action.AppenderRefAction - Attaching appender named [STDOUT] to Logger[ROOT]
19:50:51,131 |-INFO in ch.qos.logback.core.joran.action.AppenderRefAction - Attaching appender named [FILE] to Logger[ROOT]
19:50:51,131 |-INFO in ch.qos.logback.classic.joran.action.ConfigurationAction - End of configuration.
19:50:51,132 |-INFO in ch.qos.logback.classic.joran.JoranConfigurator@79698539 - Registering current configuration as safe fallback point

Ama winner
Ama winner
2019-06-10T19:50:52.409+0000: 1.722: [Full GC (Metadata GC Threshold) 2019-06-10T19:50:52.409+0000: 1.722: [Tenured: 0K->15209K(341376K), 0.0402215 secs] 114988K->15209K(494976K), [Metaspace: 20727K->20727K(1067008K)], 0.0402912 secs] [Times: user=0.04 sys=0.00, real=0.04 secs] 
19:51:09.876 [Curator-PathChildrenCache-1] WARN  o.a.c.u.ZKPaths  - The version of ZooKeeper being used doesn't support Container nodes. CreateMode.PERSISTENT will be used instead.
2019-06-10T19:51:12.304+0000: 21.617: [GC (Allocation Failure) 2019-06-10T19:51:12.304+0000: 21.617: [DefNew: 136576K->17024K(153600K), 0.0264044 secs] 151785K->52563K(494976K), 0.0264883 secs] [Times: user=0.01 sys=0.01, real=0.03 secs] 
2019-06-10T19:51:15.498+0000: 24.812: [Full GC (Metadata GC Threshold) 2019-06-10T19:51:15.499+0000: 24.812: [Tenured: 35539K->44017K(341376K), 0.0489460 secs] 113238K->44017K(494976K), [Metaspace: 34610K->34610K(1079296K)], 0.0490218 secs] [Times: user=0.04 sys=0.00, real=0.05 secs] 
2019-06-10T19:51:23.387+0000: 32.700: [GC (Allocation Failure) 2019-06-10T19:51:23.387+0000: 32.700: [DefNew: 136576K->60K(153600K), 0.0018086 secs] 180593K->44078K(494976K), 0.0018761 secs] [Times: user=0.00 sys=0.00, real=0.00 secs] 
2019-06-10T19:51:31.395+0000: 40.709: [GC (Allocation Failure) 2019-06-10T19:51:31.396+0000: 40.709: [DefNew: 136636K->59K(153600K), 0.0017373 secs] 180654K->44077K(494976K), 0.0018022 secs] [Times: user=0.01 sys=0.00, real=0.00 secs] 
2019-06-10T19:51:39.482+0000: 48.795: [GC (Allocation Failure) 2019-06-10T19:51:39.482+0000: 48.795: [DefNew: 136635K->60K(153600K), 0.0016939 secs] 180653K->44078K(494976K), 0.0017533 secs] [Times: user=0.00 sys=0.00, real=0.00 secs] 
2019-06-10T19:51:47.627+0000: 56.940: [GC (Allocation Failure) 2019-06-10T19:51:47.627+0000: 56.940: [DefNew: 136636K->226K(153600K), 0.0018616 secs] 180654K->44244K(494976K), 0.0019199 secs] [Times: user=0.01 sys=0.00, real=0.00 secs] 
2019-06-10T19:51:56.485+0000: 65.798: [GC (Allocation Failure) 2019-06-10T19:51:56.485+0000: 65.798: [DefNew: 136802K->255K(153600K), 0.0020688 secs] 180820K->44273K(494976K), 0.0021312 secs] [Times: user=0.00 sys=0.00, real=0.01 secs] 
2019-06-10T19:52:09.607+0000: 78.920: [GC (Allocation Failure) 2019-06-10T19:52:09.607+0000: 78.920: [DefNew: 136831K->135K(153600K), 0.0019220 secs] 180849K->44153K(494976K), 0.0020042 secs] [Times: user=0.00 sys=0.00, real=0.00 secs] 
19:52:19.778 [Curator-PathChildrenCache-0] ERROR o.a.c.f.r.c.PathChildrenCache  - 
java.lang.IllegalStateException: instance must be started before calling this method
	at org.apache.curator.shaded.com.google.common.base.Preconditions.checkState(Preconditions.java:444)
	at org.apache.curator.framework.imps.CuratorFrameworkImpl.getChildren(CuratorFrameworkImpl.java:456)
	at org.apache.curator.framework.recipes.cache.PathChildrenCache.refresh(PathChildrenCache.java:521)
	at org.apache.curator.framework.recipes.cache.RefreshOperation.invoke(RefreshOperation.java:35)
	at org.apache.curator.framework.recipes.cache.PathChildrenCache$9.run(PathChildrenCache.java:786)
	at java.util.concurrent.Executors$RunnableAdapter.call(Executors.java:511)
	at java.util.concurrent.FutureTask.run(FutureTask.java:266)
	at java.util.concurrent.Executors$RunnableAdapter.call(Executors.java:511)
	at java.util.concurrent.FutureTask.run(FutureTask.java:266)
	at java.util.concurrent.ThreadPoolExecutor.runWorker(ThreadPoolExecutor.java:1149)
	at java.util.concurrent.ThreadPoolExecutor$Worker.run(ThreadPoolExecutor.java:624)
	at java.lang.Thread.run(Thread.java:748)
Heap
 def new generation   total 153600K, used 45408K [0x00000000e0c00000, 0x00000000eb2a0000, 0x00000000eb2a0000)
  eden space 136576K,  33% used [0x00000000e0c00000, 0x00000000e38360f8, 0x00000000e9160000)
  from space 17024K,   0% used [0x00000000ea200000, 0x00000000ea221f30, 0x00000000eb2a0000)
  to   space 17024K,   0% used [0x00000000e9160000, 0x00000000e9160000, 0x00000000ea200000)
 tenured generation   total 341376K, used 44017K [0x00000000eb2a0000, 0x0000000100000000, 0x0000000100000000)
   the space 341376K,  12% used [0x00000000eb2a0000, 0x00000000edd9c6b0, 0x00000000edd9c800, 0x0000000100000000)
 Metaspace       used 36085K, capacity 37006K, committed 37120K, reserved 1081344K
  class space    used 4878K, capacity 5087K, committed 5120K, reserved 1048576K
