17:51:55,095 |-INFO in ch.qos.logback.classic.LoggerContext[default] - Could NOT find resource [logback-test.xml]
17:51:55,095 |-INFO in ch.qos.logback.classic.LoggerContext[default] - Could NOT find resource [logback.groovy]
17:51:55,095 |-INFO in ch.qos.logback.classic.LoggerContext[default] - Found resource [logback.xml] at [jar:file:/root/flamestream/lib/flamestream-runtime-1.0-SNAPSHOT.jar!/logback.xml]
17:51:55,096 |-WARN in ch.qos.logback.classic.LoggerContext[default] - Resource [logback.xml] occurs multiple times on the classpath.
17:51:55,096 |-WARN in ch.qos.logback.classic.LoggerContext[default] - Resource [logback.xml] occurs at [jar:file:/root/flamestream/lib/flamestream-runtime-1.0-SNAPSHOT.jar!/logback.xml]
17:51:55,096 |-WARN in ch.qos.logback.classic.LoggerContext[default] - Resource [logback.xml] occurs at [jar:file:/root/flamestream/flamestream-runtime-1.0-SNAPSHOT.jar!/logback.xml]
17:51:55,116 |-INFO in ch.qos.logback.core.joran.spi.ConfigurationWatchList@3fb6a447 - URL [jar:file:/root/flamestream/lib/flamestream-runtime-1.0-SNAPSHOT.jar!/logback.xml] is not of type file
17:51:55,187 |-INFO in ch.qos.logback.classic.joran.action.ConfigurationAction - debug attribute not set
17:51:55,187 |-INFO in ch.qos.logback.core.joran.action.AppenderAction - About to instantiate appender of type [ch.qos.logback.core.ConsoleAppender]
17:51:55,204 |-INFO in ch.qos.logback.core.joran.action.AppenderAction - Naming appender as [STDOUT]
17:51:55,223 |-INFO in ch.qos.logback.core.joran.action.NestedComplexPropertyIA - Assuming default type [ch.qos.logback.classic.encoder.PatternLayoutEncoder] for [encoder] property
17:51:55,310 |-INFO in ch.qos.logback.core.joran.action.AppenderAction - About to instantiate appender of type [ch.qos.logback.core.rolling.RollingFileAppender]
17:51:55,315 |-INFO in ch.qos.logback.core.joran.action.AppenderAction - Naming appender as [FILE]
17:51:55,346 |-INFO in c.q.l.core.rolling.TimeBasedRollingPolicy@127618319 - No compression will be used
17:51:55,347 |-INFO in c.q.l.core.rolling.TimeBasedRollingPolicy@127618319 - Will use the pattern /tmp/application_%d{yyyy-MM-dd}.%i.log for the active file
17:51:55,350 |-INFO in ch.qos.logback.core.rolling.SizeAndTimeBasedFNATP@6b2fad11 - The date pattern is 'yyyy-MM-dd' from file name pattern '/tmp/application_%d{yyyy-MM-dd}.%i.log'.
17:51:55,350 |-INFO in ch.qos.logback.core.rolling.SizeAndTimeBasedFNATP@6b2fad11 - Roll-over at midnight.
17:51:55,355 |-INFO in ch.qos.logback.core.rolling.SizeAndTimeBasedFNATP@6b2fad11 - Setting initial period to Mon Jun 10 17:50:44 UTC 2019
17:51:55,355 |-WARN in ch.qos.logback.core.rolling.SizeAndTimeBasedFNATP@6b2fad11 - SizeAndTimeBasedFNATP is deprecated. Use SizeAndTimeBasedRollingPolicy instead
17:51:55,355 |-WARN in ch.qos.logback.core.rolling.SizeAndTimeBasedFNATP@6b2fad11 - For more information see http://logback.qos.ch/manual/appenders.html#SizeAndTimeBasedRollingPolicy
17:51:55,359 |-INFO in ch.qos.logback.core.joran.action.NestedComplexPropertyIA - Assuming default type [ch.qos.logback.classic.encoder.PatternLayoutEncoder] for [encoder] property
17:51:55,364 |-INFO in ch.qos.logback.core.rolling.RollingFileAppender[FILE] - Active log file name: /tmp/application.log
17:51:55,364 |-INFO in ch.qos.logback.core.rolling.RollingFileAppender[FILE] - File property is set to [/tmp/application.log]
17:51:55,365 |-INFO in ch.qos.logback.classic.joran.action.RootLoggerAction - Setting level of ROOT logger to WARN
17:51:55,365 |-INFO in ch.qos.logback.core.joran.action.AppenderRefAction - Attaching appender named [STDOUT] to Logger[ROOT]
17:51:55,367 |-INFO in ch.qos.logback.core.joran.action.AppenderRefAction - Attaching appender named [FILE] to Logger[ROOT]
17:51:55,367 |-INFO in ch.qos.logback.classic.joran.action.ConfigurationAction - End of configuration.
17:51:55,368 |-INFO in ch.qos.logback.classic.joran.JoranConfigurator@79698539 - Registering current configuration as safe fallback point

Ama winner
Ama winner
2019-06-10T17:51:56.632+0000: 1.728: [Full GC (Metadata GC Threshold) 2019-06-10T17:51:56.632+0000: 1.728: [Tenured: 0K->15207K(341376K), 0.0409453 secs] 114987K->15207K(494976K), [Metaspace: 20733K->20733K(1067008K)], 0.0410131 secs] [Times: user=0.04 sys=0.00, real=0.04 secs] 
17:52:13.831 [Curator-PathChildrenCache-1] WARN  o.a.c.u.ZKPaths  - The version of ZooKeeper being used doesn't support Container nodes. CreateMode.PERSISTENT will be used instead.
2019-06-10T17:52:16.133+0000: 21.228: [GC (Allocation Failure) 2019-06-10T17:52:16.133+0000: 21.228: [DefNew: 136576K->17023K(153600K), 0.0263769 secs] 151783K->52933K(494976K), 0.0264471 secs] [Times: user=0.01 sys=0.01, real=0.02 secs] 
2019-06-10T17:52:18.497+0000: 23.592: [Full GC (Metadata GC Threshold) 2019-06-10T17:52:18.497+0000: 23.593: [Tenured: 35909K->44615K(341376K), 0.0456944 secs] 100832K->44615K(494976K), [Metaspace: 34595K->34595K(1079296K)], 0.0457684 secs] [Times: user=0.04 sys=0.01, real=0.05 secs] 
2019-06-10T17:52:24.708+0000: 29.804: [GC (Allocation Failure) 2019-06-10T17:52:24.708+0000: 29.804: [DefNew: 136576K->63K(153600K), 0.0018239 secs] 181191K->44679K(494976K), 0.0018816 secs] [Times: user=0.01 sys=0.00, real=0.00 secs] 
2019-06-10T17:52:30.927+0000: 36.023: [GC (Allocation Failure) 2019-06-10T17:52:30.927+0000: 36.023: [DefNew: 136639K->68K(153600K), 0.0017675 secs] 181255K->44684K(494976K), 0.0018335 secs] [Times: user=0.01 sys=0.00, real=0.00 secs] 
2019-06-10T17:52:37.091+0000: 42.187: [GC (Allocation Failure) 2019-06-10T17:52:37.091+0000: 42.187: [DefNew: 136644K->100K(153600K), 0.0017732 secs] 181260K->44715K(494976K), 0.0018357 secs] [Times: user=0.00 sys=0.00, real=0.00 secs] 
2019-06-10T17:52:43.368+0000: 48.463: [GC (Allocation Failure) 2019-06-10T17:52:43.368+0000: 48.463: [DefNew: 136676K->98K(153600K), 0.0017739 secs] 181291K->44714K(494976K), 0.0018358 secs] [Times: user=0.00 sys=0.00, real=0.00 secs] 
2019-06-10T17:52:51.639+0000: 56.734: [GC (Allocation Failure) 2019-06-10T17:52:51.639+0000: 56.734: [DefNew: 136674K->98K(153600K), 0.0017689 secs] 181290K->44714K(494976K), 0.0018369 secs] [Times: user=0.01 sys=0.00, real=0.00 secs] 
17:52:55.236 [Curator-PathChildrenCache-0] ERROR o.a.c.f.r.c.PathChildrenCache  - 
java.lang.IllegalStateException: instance must be started before calling this method
	at org.apache.curator.shaded.com.google.common.base.Preconditions.checkState(Preconditions.java:444)
	at org.apache.curator.framework.imps.CuratorFrameworkImpl.getChildren(CuratorFrameworkImpl.java:456)
	at org.apache.curator.framework.recipes.cache.PathChildrenCache.refresh(PathChildrenCache.java:521)
	at org.apache.curator.framework.recipes.cache.RefreshOperation.invoke(RefreshOperation.java:35)
	at org.apache.curator.framework.recipes.cache.PathChildrenCache$9.run(PathChildrenCache.java:786)
	at java.util.concurrent.Executors$RunnableAdapter.call(Executors.java:511)
	at java.util.concurrent.FutureTask.run(FutureTask.java:266)
	at java.util.concurrent.Executors$RunnableAdapter.call(Executors.java:511)
	at java.util.concurrent.FutureTask.run(FutureTask.java:266)
	at java.util.concurrent.ThreadPoolExecutor.runWorker(ThreadPoolExecutor.java:1149)
	at java.util.concurrent.ThreadPoolExecutor$Worker.run(ThreadPoolExecutor.java:624)
	at java.lang.Thread.run(Thread.java:748)
Heap
 def new generation   total 153600K, used 33818K [0x00000000e0c00000, 0x00000000eb2a0000, 0x00000000eb2a0000)
  eden space 136576K,  24% used [0x00000000e0c00000, 0x00000000e2cedd58, 0x00000000e9160000)
  from space 17024K,   0% used [0x00000000e9160000, 0x00000000e9178bb0, 0x00000000ea200000)
  to   space 17024K,   0% used [0x00000000ea200000, 0x00000000ea200000, 0x00000000eb2a0000)
 tenured generation   total 341376K, used 44615K [0x00000000eb2a0000, 0x0000000100000000, 0x0000000100000000)
   the space 341376K,  13% used [0x00000000eb2a0000, 0x00000000ede31ed8, 0x00000000ede32000, 0x0000000100000000)
 Metaspace       used 35730K, capacity 36646K, committed 36864K, reserved 1081344K
  class space    used 4828K, capacity 5043K, committed 5120K, reserved 1048576K
