23:21:25,470 |-INFO in ch.qos.logback.classic.LoggerContext[default] - Could NOT find resource [logback-test.xml]
23:21:25,471 |-INFO in ch.qos.logback.classic.LoggerContext[default] - Could NOT find resource [logback.groovy]
23:21:25,471 |-INFO in ch.qos.logback.classic.LoggerContext[default] - Found resource [logback.xml] at [jar:file:/home/nikitasokolov/flamestream/lib/flamestream-runtime-1.0-SNAPSHOT.jar!/logback.xml]
23:21:25,471 |-WARN in ch.qos.logback.classic.LoggerContext[default] - Resource [logback.xml] occurs multiple times on the classpath.
23:21:25,472 |-WARN in ch.qos.logback.classic.LoggerContext[default] - Resource [logback.xml] occurs at [jar:file:/home/nikitasokolov/flamestream/lib/flamestream-runtime-1.0-SNAPSHOT.jar!/logback.xml]
23:21:25,472 |-WARN in ch.qos.logback.classic.LoggerContext[default] - Resource [logback.xml] occurs at [jar:file:/home/nikitasokolov/flamestream/flamestream-runtime-1.0-SNAPSHOT.jar!/logback.xml]
23:21:25,487 |-INFO in ch.qos.logback.core.joran.spi.ConfigurationWatchList@6aaa5eb0 - URL [jar:file:/home/nikitasokolov/flamestream/lib/flamestream-runtime-1.0-SNAPSHOT.jar!/logback.xml] is not of type file
23:21:25,538 |-INFO in ch.qos.logback.classic.joran.action.ConfigurationAction - debug attribute not set
23:21:25,539 |-INFO in ch.qos.logback.core.joran.action.AppenderAction - About to instantiate appender of type [ch.qos.logback.core.ConsoleAppender]
23:21:25,547 |-INFO in ch.qos.logback.core.joran.action.AppenderAction - Naming appender as [STDOUT]
23:21:25,554 |-INFO in ch.qos.logback.core.joran.action.NestedComplexPropertyIA - Assuming default type [ch.qos.logback.classic.encoder.PatternLayoutEncoder] for [encoder] property
23:21:25,610 |-INFO in ch.qos.logback.core.joran.action.AppenderAction - About to instantiate appender of type [ch.qos.logback.core.rolling.RollingFileAppender]
23:21:25,615 |-INFO in ch.qos.logback.core.joran.action.AppenderAction - Naming appender as [FILE]
23:21:25,637 |-INFO in c.q.l.core.rolling.TimeBasedRollingPolicy@3447021 - No compression will be used
23:21:25,638 |-INFO in c.q.l.core.rolling.TimeBasedRollingPolicy@3447021 - Will use the pattern /tmp/application_%d{yyyy-MM-dd}.%i.log for the active file
23:21:25,641 |-INFO in ch.qos.logback.core.rolling.SizeAndTimeBasedFNATP@1a407d53 - The date pattern is 'yyyy-MM-dd' from file name pattern '/tmp/application_%d{yyyy-MM-dd}.%i.log'.
23:21:25,641 |-INFO in ch.qos.logback.core.rolling.SizeAndTimeBasedFNATP@1a407d53 - Roll-over at midnight.
23:21:25,645 |-INFO in ch.qos.logback.core.rolling.SizeAndTimeBasedFNATP@1a407d53 - Setting initial period to Thu Jun 06 22:00:24 MSK 2019
23:21:25,645 |-WARN in ch.qos.logback.core.rolling.SizeAndTimeBasedFNATP@1a407d53 - SizeAndTimeBasedFNATP is deprecated. Use SizeAndTimeBasedRollingPolicy instead
23:21:25,645 |-WARN in ch.qos.logback.core.rolling.SizeAndTimeBasedFNATP@1a407d53 - For more information see http://logback.qos.ch/manual/appenders.html#SizeAndTimeBasedRollingPolicy
23:21:25,649 |-INFO in ch.qos.logback.core.joran.action.NestedComplexPropertyIA - Assuming default type [ch.qos.logback.classic.encoder.PatternLayoutEncoder] for [encoder] property
23:21:25,651 |-INFO in ch.qos.logback.core.rolling.RollingFileAppender[FILE] - Active log file name: /tmp/application.log
23:21:25,651 |-INFO in ch.qos.logback.core.rolling.RollingFileAppender[FILE] - File property is set to [/tmp/application.log]
23:21:25,652 |-ERROR in ch.qos.logback.core.rolling.RollingFileAppender[FILE] - openFile(/tmp/application.log,true) call failed. java.io.FileNotFoundException: /tmp/application.log (Permission denied)
	at java.io.FileNotFoundException: /tmp/application.log (Permission denied)
	at 	at java.io.FileOutputStream.open0(Native Method)
	at 	at java.io.FileOutputStream.open(FileOutputStream.java:270)
	at 	at java.io.FileOutputStream.<init>(FileOutputStream.java:213)
	at 	at ch.qos.logback.core.recovery.ResilientFileOutputStream.<init>(ResilientFileOutputStream.java:26)
	at 	at ch.qos.logback.core.FileAppender.openFile(FileAppender.java:204)
	at 	at ch.qos.logback.core.FileAppender.start(FileAppender.java:127)
	at 	at ch.qos.logback.core.rolling.RollingFileAppender.start(RollingFileAppender.java:100)
	at 	at ch.qos.logback.core.joran.action.AppenderAction.end(AppenderAction.java:90)
	at 	at ch.qos.logback.core.joran.spi.Interpreter.callEndAction(Interpreter.java:309)
	at 	at ch.qos.logback.core.joran.spi.Interpreter.endElement(Interpreter.java:193)
	at 	at ch.qos.logback.core.joran.spi.Interpreter.endElement(Interpreter.java:179)
	at 	at ch.qos.logback.core.joran.spi.EventPlayer.play(EventPlayer.java:62)
	at 	at ch.qos.logback.core.joran.GenericConfigurator.doConfigure(GenericConfigurator.java:165)
	at 	at ch.qos.logback.core.joran.GenericConfigurator.doConfigure(GenericConfigurator.java:152)
	at 	at ch.qos.logback.core.joran.GenericConfigurator.doConfigure(GenericConfigurator.java:110)
	at 	at ch.qos.logback.core.joran.GenericConfigurator.doConfigure(GenericConfigurator.java:53)
	at 	at ch.qos.logback.classic.util.ContextInitializer.configureByResource(ContextInitializer.java:75)
	at 	at ch.qos.logback.classic.util.ContextInitializer.autoConfig(ContextInitializer.java:150)
	at 	at org.slf4j.impl.StaticLoggerBinder.init(StaticLoggerBinder.java:84)
	at 	at org.slf4j.impl.StaticLoggerBinder.<clinit>(StaticLoggerBinder.java:55)
	at 	at org.slf4j.LoggerFactory.bind(LoggerFactory.java:150)
	at 	at org.slf4j.LoggerFactory.performInitialization(LoggerFactory.java:124)
	at 	at org.slf4j.LoggerFactory.getILoggerFactory(LoggerFactory.java:412)
	at 	at org.slf4j.LoggerFactory.getLogger(LoggerFactory.java:357)
	at 	at org.slf4j.LoggerFactory.getLogger(LoggerFactory.java:383)
	at 	at com.spbsu.flamestream.runtime.WorkerApplication.<init>(WorkerApplication.java:26)
	at 	at com.spbsu.flamestream.runtime.WorkerApplication.main(WorkerApplication.java:68)
23:21:25,653 |-INFO in ch.qos.logback.classic.joran.action.RootLoggerAction - Setting level of ROOT logger to WARN
23:21:25,653 |-INFO in ch.qos.logback.core.joran.action.AppenderRefAction - Attaching appender named [STDOUT] to Logger[ROOT]
23:21:25,653 |-INFO in ch.qos.logback.core.joran.action.AppenderRefAction - Attaching appender named [FILE] to Logger[ROOT]
23:21:25,653 |-INFO in ch.qos.logback.classic.joran.action.ConfigurationAction - End of configuration.
23:21:25,654 |-INFO in ch.qos.logback.classic.joran.JoranConfigurator@21bcffb5 - Registering current configuration as safe fallback point

Ama winner
Ama winner
2019-06-08T23:21:26.656+0300: 1.382: [GC (Metadata GC Threshold) [PSYoungGen: 95247K->15902K(149504K)] 95247K->15982K(491008K), 0.0191128 secs] [Times: user=0.10 sys=0.02, real=0.02 secs] 
2019-06-08T23:21:26.675+0300: 1.402: [Full GC (Metadata GC Threshold) [PSYoungGen: 15902K->0K(149504K)] [ParOldGen: 80K->15103K(341504K)] 15982K->15103K(491008K), [Metaspace: 20800K->20800K(1067008K)], 0.0256582 secs] [Times: user=0.16 sys=0.01, real=0.02 secs] 
23:21:37.810 [Curator-PathChildrenCache-1] WARN  o.a.c.u.ZKPaths  - The version of ZooKeeper being used doesn't support Container nodes. CreateMode.PERSISTENT will be used instead.
2019-06-08T23:21:38.747+0300: 13.473: [GC (Allocation Failure) [PSYoungGen: 128512K->15998K(149504K)] 143615K->50641K(491008K), 0.0266842 secs] [Times: user=0.22 sys=0.01, real=0.03 secs] 
2019-06-08T23:21:38.885+0300: 13.612: [GC (Metadata GC Threshold) [PSYoungGen: 25341K->5621K(149504K)] 59983K->40271K(491008K), 0.0073914 secs] [Times: user=0.08 sys=0.01, real=0.01 secs] 
2019-06-08T23:21:38.893+0300: 13.619: [Full GC (Metadata GC Threshold) [PSYoungGen: 5621K->0K(149504K)] [ParOldGen: 34650K->29386K(341504K)] 40271K->29386K(491008K), [Metaspace: 34564K->34564K(1079296K)], 0.0427063 secs] [Times: user=0.17 sys=0.01, real=0.04 secs] 
2019-06-08T23:21:40.672+0300: 15.398: [GC (Allocation Failure) [PSYoungGen: 128512K->640K(149504K)] 157898K->30034K(491008K), 0.0032328 secs] [Times: user=0.02 sys=0.00, real=0.01 secs] 
2019-06-08T23:21:42.383+0300: 17.109: [GC (Allocation Failure) [PSYoungGen: 129152K->640K(129536K)] 158546K->30034K(471040K), 0.0022127 secs] [Times: user=0.02 sys=0.00, real=0.01 secs] 
2019-06-08T23:21:43.969+0300: 18.734: [GC (Allocation Failure) [PSYoungGen: 129152K->576K(148992K)] 158546K->29978K(490496K), 0.0420369 secs] [Times: user=0.02 sys=0.00, real=0.04 secs] 
2019-06-08T23:21:44.887+0300: 19.613: [GC (Allocation Failure) [PSYoungGen: 127552K->736K(148480K)] 156954K->30138K(489984K), 0.0025608 secs] [Times: user=0.01 sys=0.01, real=0.00 secs] 
2019-06-08T23:21:46.212+0300: 20.938: [GC (Allocation Failure) [PSYoungGen: 127712K->832K(150528K)] 157114K->30242K(492032K), 0.0055680 secs] [Times: user=0.03 sys=0.01, real=0.01 secs] 
2019-06-08T23:21:47.639+0300: 22.365: [GC (Allocation Failure) [PSYoungGen: 130880K->800K(150016K)] 160290K->30218K(491520K), 0.0022930 secs] [Times: user=0.01 sys=0.00, real=0.00 secs] 
2019-06-08T23:21:48.710+0300: 23.436: [GC (Allocation Failure) [PSYoungGen: 130848K->864K(152064K)] 160266K->30282K(493568K), 0.0026677 secs] [Times: user=0.02 sys=0.01, real=0.01 secs] 
2019-06-08T23:21:49.783+0300: 24.509: [GC (Allocation Failure) [PSYoungGen: 133984K->1152K(151552K)] 163402K->30578K(493056K), 0.0030852 secs] [Times: user=0.02 sys=0.00, real=0.01 secs] 
2019-06-08T23:21:51.021+0300: 25.747: [GC (Allocation Failure) [PSYoungGen: 134272K->1280K(153600K)] 163698K->30714K(495104K), 0.0026637 secs] [Times: user=0.01 sys=0.00, real=0.00 secs] 
2019-06-08T23:21:51.883+0300: 26.609: [GC (Allocation Failure) [PSYoungGen: 137472K->1120K(153088K)] 166906K->30562K(494592K), 0.0026318 secs] [Times: user=0.02 sys=0.00, real=0.01 secs] 
2019-06-08T23:21:53.084+0300: 27.810: [GC (Allocation Failure) [PSYoungGen: 137312K->1024K(155648K)] 166754K->30474K(497152K), 0.0026602 secs] [Times: user=0.02 sys=0.00, real=0.00 secs] 
2019-06-08T23:21:54.415+0300: 29.141: [GC (Allocation Failure) [PSYoungGen: 140800K->1216K(154624K)] 170250K->30666K(496128K), 0.0026473 secs] [Times: user=0.02 sys=0.00, real=0.00 secs] 
2019-06-08T23:21:55.420+0300: 30.146: [GC (Allocation Failure) [PSYoungGen: 140992K->1472K(157184K)] 170442K->30930K(498688K), 0.0029983 secs] [Times: user=0.02 sys=0.00, real=0.00 secs] 
2019-06-08T23:21:56.850+0300: 31.576: [GC (Allocation Failure) [PSYoungGen: 144320K->1152K(156160K)] 173778K->30618K(497664K), 0.0023096 secs] [Times: user=0.01 sys=0.01, real=0.01 secs] 
2019-06-08T23:21:57.841+0300: 32.567: [GC (Allocation Failure) [PSYoungGen: 144000K->1184K(158720K)] 173466K->30658K(500224K), 0.0028718 secs] [Times: user=0.02 sys=0.00, real=0.00 secs] 
2019-06-08T23:21:59.238+0300: 33.964: [GC (Allocation Failure) [PSYoungGen: 147104K->896K(157696K)] 176578K->30666K(499200K), 0.0024642 secs] [Times: user=0.01 sys=0.01, real=0.00 secs] 
2019-06-08T23:22:00.963+0300: 35.690: [GC (Allocation Failure) [PSYoungGen: 146816K->1056K(159744K)] 176586K->30899K(501248K), 0.0025177 secs] [Times: user=0.00 sys=0.02, real=0.01 secs] 
2019-06-08T23:22:02.575+0300: 37.301: [GC (Allocation Failure) [PSYoungGen: 149536K->1056K(159232K)] 179379K->30979K(500736K), 0.0019098 secs] [Times: user=0.01 sys=0.01, real=0.00 secs] 
23:22:08.897 [Curator-PathChildrenCache-0] ERROR o.a.c.f.r.c.PathChildrenCache  - 
java.lang.IllegalStateException: instance must be started before calling this method
	at org.apache.curator.shaded.com.google.common.base.Preconditions.checkState(Preconditions.java:444)
	at org.apache.curator.framework.imps.CuratorFrameworkImpl.getChildren(CuratorFrameworkImpl.java:456)
	at org.apache.curator.framework.recipes.cache.PathChildrenCache.refresh(PathChildrenCache.java:521)
	at org.apache.curator.framework.recipes.cache.RefreshOperation.invoke(RefreshOperation.java:35)
	at org.apache.curator.framework.recipes.cache.PathChildrenCache$9.run(PathChildrenCache.java:786)
	at java.util.concurrent.Executors$RunnableAdapter.call(Executors.java:511)
	at java.util.concurrent.FutureTask.run(FutureTask.java:266)
	at java.util.concurrent.Executors$RunnableAdapter.call(Executors.java:511)
	at java.util.concurrent.FutureTask.run(FutureTask.java:266)
	at java.util.concurrent.ThreadPoolExecutor.runWorker(ThreadPoolExecutor.java:1149)
	at java.util.concurrent.ThreadPoolExecutor$Worker.run(ThreadPoolExecutor.java:624)
	at java.lang.Thread.run(Thread.java:748)
23:22:09.992 [worker-akka.actor.default-dispatcher-4] ERROR c.s.f.r.WorkerApplication  - Something went wrong during trace flush
java.nio.file.AccessDeniedException: /tmp/trace.csv
	at sun.nio.fs.UnixException.translateToIOException(UnixException.java:84)
	at sun.nio.fs.UnixException.rethrowAsIOException(UnixException.java:102)
	at sun.nio.fs.UnixException.rethrowAsIOException(UnixException.java:107)
	at sun.nio.fs.UnixFileSystemProvider.newByteChannel(UnixFileSystemProvider.java:214)
	at java.nio.file.spi.FileSystemProvider.newOutputStream(FileSystemProvider.java:434)
	at java.nio.file.Files.newOutputStream(Files.java:216)
	at java.nio.file.Files.newBufferedWriter(Files.java:2860)
	at java.nio.file.Files.newBufferedWriter(Files.java:2896)
	at com.spbsu.flamestream.runtime.utils.tracing.Tracing.flush(Tracing.java:35)
	at com.spbsu.flamestream.runtime.WorkerApplication.lambda$run$0(WorkerApplication.java:109)
	at akka.actor.ActorSystemImpl$TerminationCallbacks$$anonfun$addRec$1$1.applyOrElse(ActorSystem.scala:1036)
	at akka.actor.ActorSystemImpl$TerminationCallbacks$$anonfun$addRec$1$1.applyOrElse(ActorSystem.scala:1036)
	at scala.concurrent.Future$$anonfun$andThen$1.apply(Future.scala:436)
	at scala.concurrent.Future$$anonfun$andThen$1.apply(Future.scala:435)
	at scala.concurrent.impl.CallbackRunnable.run(Promise.scala:36)
	at akka.dispatch.BatchingExecutor$AbstractBatch.processBatch(BatchingExecutor.scala:55)
	at akka.dispatch.BatchingExecutor$BlockableBatch$$anonfun$run$1.apply$mcV$sp(BatchingExecutor.scala:91)
	at akka.dispatch.BatchingExecutor$BlockableBatch$$anonfun$run$1.apply(BatchingExecutor.scala:91)
	at akka.dispatch.BatchingExecutor$BlockableBatch$$anonfun$run$1.apply(BatchingExecutor.scala:91)
	at scala.concurrent.BlockContext$.withBlockContext(BlockContext.scala:72)
	at akka.dispatch.BatchingExecutor$BlockableBatch.run(BatchingExecutor.scala:90)
	at akka.dispatch.TaskInvocation.run(AbstractDispatcher.scala:40)
	at akka.dispatch.ForkJoinExecutorConfigurator$AkkaForkJoinTask.exec(ForkJoinExecutorConfigurator.scala:44)
	at akka.dispatch.forkjoin.ForkJoinTask.doExec(ForkJoinTask.java:260)
	at akka.dispatch.forkjoin.ForkJoinPool$WorkQueue.runTask(ForkJoinPool.java:1339)
	at akka.dispatch.forkjoin.ForkJoinPool.runWorker(ForkJoinPool.java:1979)
	at akka.dispatch.forkjoin.ForkJoinWorkerThread.run(ForkJoinWorkerThread.java:107)
Heap
 PSYoungGen      total 159232K, used 95574K [0x00000000f5980000, 0x0000000100000000, 0x0000000100000000)
  eden space 148480K, 63% used [0x00000000f5980000,0x00000000fb5cd8b8,0x00000000fea80000)
  from space 10752K, 9% used [0x00000000fea80000,0x00000000feb880f0,0x00000000ff500000)
  to   space 10240K, 0% used [0x00000000ff600000,0x00000000ff600000,0x0000000100000000)
 ParOldGen       total 341504K, used 29922K [0x00000000e0c00000, 0x00000000f5980000, 0x00000000f5980000)
  object space 341504K, 8% used [0x00000000e0c00000,0x00000000e2938b28,0x00000000f5980000)
 Metaspace       used 35849K, capacity 36752K, committed 36952K, reserved 1081344K
  class space    used 4928K, capacity 5128K, committed 5248K, reserved 1048576K
