19:18:14,419 |-INFO in ch.qos.logback.classic.LoggerContext[default] - Could NOT find resource [logback-test.xml]
19:18:14,420 |-INFO in ch.qos.logback.classic.LoggerContext[default] - Could NOT find resource [logback.groovy]
19:18:14,420 |-INFO in ch.qos.logback.classic.LoggerContext[default] - Found resource [logback.xml] at [jar:file:/root/flamestream/lib/flamestream-runtime-1.0-SNAPSHOT.jar!/logback.xml]
19:18:14,421 |-WARN in ch.qos.logback.classic.LoggerContext[default] - Resource [logback.xml] occurs multiple times on the classpath.
19:18:14,421 |-WARN in ch.qos.logback.classic.LoggerContext[default] - Resource [logback.xml] occurs at [jar:file:/root/flamestream/lib/flamestream-runtime-1.0-SNAPSHOT.jar!/logback.xml]
19:18:14,421 |-WARN in ch.qos.logback.classic.LoggerContext[default] - Resource [logback.xml] occurs at [jar:file:/root/flamestream/flamestream-runtime-1.0-SNAPSHOT.jar!/logback.xml]
19:18:14,441 |-INFO in ch.qos.logback.core.joran.spi.ConfigurationWatchList@3fb6a447 - URL [jar:file:/root/flamestream/lib/flamestream-runtime-1.0-SNAPSHOT.jar!/logback.xml] is not of type file
19:18:14,512 |-INFO in ch.qos.logback.classic.joran.action.ConfigurationAction - debug attribute not set
19:18:14,513 |-INFO in ch.qos.logback.core.joran.action.AppenderAction - About to instantiate appender of type [ch.qos.logback.core.ConsoleAppender]
19:18:14,531 |-INFO in ch.qos.logback.core.joran.action.AppenderAction - Naming appender as [STDOUT]
19:18:14,545 |-INFO in ch.qos.logback.core.joran.action.NestedComplexPropertyIA - Assuming default type [ch.qos.logback.classic.encoder.PatternLayoutEncoder] for [encoder] property
19:18:14,630 |-INFO in ch.qos.logback.core.joran.action.AppenderAction - About to instantiate appender of type [ch.qos.logback.core.rolling.RollingFileAppender]
19:18:14,635 |-INFO in ch.qos.logback.core.joran.action.AppenderAction - Naming appender as [FILE]
19:18:14,665 |-INFO in c.q.l.core.rolling.TimeBasedRollingPolicy@127618319 - No compression will be used
19:18:14,666 |-INFO in c.q.l.core.rolling.TimeBasedRollingPolicy@127618319 - Will use the pattern /tmp/application_%d{yyyy-MM-dd}.%i.log for the active file
19:18:14,669 |-INFO in ch.qos.logback.core.rolling.SizeAndTimeBasedFNATP@6b2fad11 - The date pattern is 'yyyy-MM-dd' from file name pattern '/tmp/application_%d{yyyy-MM-dd}.%i.log'.
19:18:14,669 |-INFO in ch.qos.logback.core.rolling.SizeAndTimeBasedFNATP@6b2fad11 - Roll-over at midnight.
19:18:14,674 |-INFO in ch.qos.logback.core.rolling.SizeAndTimeBasedFNATP@6b2fad11 - Setting initial period to Mon Jun 10 19:16:40 UTC 2019
19:18:14,675 |-WARN in ch.qos.logback.core.rolling.SizeAndTimeBasedFNATP@6b2fad11 - SizeAndTimeBasedFNATP is deprecated. Use SizeAndTimeBasedRollingPolicy instead
19:18:14,675 |-WARN in ch.qos.logback.core.rolling.SizeAndTimeBasedFNATP@6b2fad11 - For more information see http://logback.qos.ch/manual/appenders.html#SizeAndTimeBasedRollingPolicy
19:18:14,678 |-INFO in ch.qos.logback.core.joran.action.NestedComplexPropertyIA - Assuming default type [ch.qos.logback.classic.encoder.PatternLayoutEncoder] for [encoder] property
19:18:14,683 |-INFO in ch.qos.logback.core.rolling.RollingFileAppender[FILE] - Active log file name: /tmp/application.log
19:18:14,683 |-INFO in ch.qos.logback.core.rolling.RollingFileAppender[FILE] - File property is set to [/tmp/application.log]
19:18:14,684 |-INFO in ch.qos.logback.classic.joran.action.RootLoggerAction - Setting level of ROOT logger to WARN
19:18:14,684 |-INFO in ch.qos.logback.core.joran.action.AppenderRefAction - Attaching appender named [STDOUT] to Logger[ROOT]
19:18:14,686 |-INFO in ch.qos.logback.core.joran.action.AppenderRefAction - Attaching appender named [FILE] to Logger[ROOT]
19:18:14,686 |-INFO in ch.qos.logback.classic.joran.action.ConfigurationAction - End of configuration.
19:18:14,687 |-INFO in ch.qos.logback.classic.joran.JoranConfigurator@79698539 - Registering current configuration as safe fallback point

Ama winner
Ama winner
2019-06-10T19:18:16.009+0000: 1.776: [Full GC (Metadata GC Threshold) 2019-06-10T19:18:16.009+0000: 1.776: [Tenured: 0K->15242K(341376K), 0.0411223 secs] 117750K->15242K(494976K), [Metaspace: 20739K->20739K(1067008K)], 0.0411894 secs] [Times: user=0.03 sys=0.01, real=0.04 secs] 
19:18:37.047 [Curator-PathChildrenCache-1] WARN  o.a.c.u.ZKPaths  - The version of ZooKeeper being used doesn't support Container nodes. CreateMode.PERSISTENT will be used instead.
2019-06-10T19:18:39.151+0000: 24.919: [GC (Allocation Failure) 2019-06-10T19:18:39.151+0000: 24.919: [DefNew: 136286K->16601K(153600K), 0.0247112 secs] 151529K->51375K(494976K), 0.0247981 secs] [Times: user=0.01 sys=0.02, real=0.03 secs] 
2019-06-10T19:18:41.262+0000: 27.030: [Full GC (Metadata GC Threshold) 2019-06-10T19:18:41.262+0000: 27.030: [Tenured: 34773K->43349K(341376K), 0.0434309 secs] 88816K->43349K(494976K), [Metaspace: 34575K->34575K(1079296K)], 0.0435086 secs] [Times: user=0.03 sys=0.01, real=0.04 secs] 
2019-06-10T19:18:50.157+0000: 35.925: [GC (Allocation Failure) 2019-06-10T19:18:50.157+0000: 35.925: [DefNew: 136576K->125K(153600K), 0.0018936 secs] 179925K->43474K(494976K), 0.0019664 secs] [Times: user=0.00 sys=0.00, real=0.00 secs] 
2019-06-10T19:18:59.192+0000: 44.960: [GC (Allocation Failure) 2019-06-10T19:18:59.192+0000: 44.960: [DefNew: 136701K->125K(153600K), 0.0017636 secs] 180050K->43475K(494976K), 0.0018240 secs] [Times: user=0.00 sys=0.00, real=0.00 secs] 
2019-06-10T19:19:08.404+0000: 54.172: [GC (Allocation Failure) 2019-06-10T19:19:08.404+0000: 54.172: [DefNew: 136701K->124K(153600K), 0.0017159 secs] 180051K->43473K(494976K), 0.0017990 secs] [Times: user=0.01 sys=0.00, real=0.00 secs] 
2019-06-10T19:19:17.792+0000: 63.561: [GC (Allocation Failure) 2019-06-10T19:19:17.793+0000: 63.561: [DefNew: 136700K->453K(153600K), 0.0022433 secs] 180049K->43802K(494976K), 0.0030280 secs] [Times: user=0.00 sys=0.00, real=0.00 secs] 
2019-06-10T19:19:28.612+0000: 74.380: [GC (Allocation Failure) 2019-06-10T19:19:28.612+0000: 74.380: [DefNew: 137029K->209K(153600K), 0.0019956 secs] 180378K->43558K(494976K), 0.0020555 secs] [Times: user=0.00 sys=0.00, real=0.00 secs] 
2019-06-10T19:19:39.308+0000: 85.076: [GC (Allocation Failure) 2019-06-10T19:19:39.308+0000: 85.076: [DefNew: 136785K->210K(153600K), 0.0019344 secs] 180134K->43559K(494976K), 0.0019955 secs] [Times: user=0.00 sys=0.01, real=0.00 secs] 
19:19:50.808 [Curator-PathChildrenCache-0] ERROR o.a.c.f.r.c.PathChildrenCache  - 
java.lang.IllegalStateException: instance must be started before calling this method
	at org.apache.curator.shaded.com.google.common.base.Preconditions.checkState(Preconditions.java:444)
	at org.apache.curator.framework.imps.CuratorFrameworkImpl.getChildren(CuratorFrameworkImpl.java:456)
	at org.apache.curator.framework.recipes.cache.PathChildrenCache.refresh(PathChildrenCache.java:521)
	at org.apache.curator.framework.recipes.cache.RefreshOperation.invoke(RefreshOperation.java:35)
	at org.apache.curator.framework.recipes.cache.PathChildrenCache$9.run(PathChildrenCache.java:786)
	at java.util.concurrent.Executors$RunnableAdapter.call(Executors.java:511)
	at java.util.concurrent.FutureTask.run(FutureTask.java:266)
	at java.util.concurrent.Executors$RunnableAdapter.call(Executors.java:511)
	at java.util.concurrent.FutureTask.run(FutureTask.java:266)
	at java.util.concurrent.ThreadPoolExecutor.runWorker(ThreadPoolExecutor.java:1149)
	at java.util.concurrent.ThreadPoolExecutor$Worker.run(ThreadPoolExecutor.java:624)
	at java.lang.Thread.run(Thread.java:748)
Heap
 def new generation   total 153600K, used 56446K [0x00000000e0c00000, 0x00000000eb2a0000, 0x00000000eb2a0000)
  eden space 136576K,  41% used [0x00000000e0c00000, 0x00000000e42eb1e8, 0x00000000e9160000)
  from space 17024K,   1% used [0x00000000ea200000, 0x00000000ea234970, 0x00000000eb2a0000)
  to   space 17024K,   0% used [0x00000000e9160000, 0x00000000e9160000, 0x00000000ea200000)
 tenured generation   total 341376K, used 43349K [0x00000000eb2a0000, 0x0000000100000000, 0x0000000100000000)
   the space 341376K,  12% used [0x00000000eb2a0000, 0x00000000edcf5530, 0x00000000edcf5600, 0x0000000100000000)
 Metaspace       used 36072K, capacity 36992K, committed 37120K, reserved 1081344K
  class space    used 4868K, capacity 5074K, committed 5120K, reserved 1048576K
