11:34:50,502 |-INFO in ch.qos.logback.classic.LoggerContext[default] - Could NOT find resource [logback-test.xml]
11:34:50,502 |-INFO in ch.qos.logback.classic.LoggerContext[default] - Could NOT find resource [logback.groovy]
11:34:50,502 |-INFO in ch.qos.logback.classic.LoggerContext[default] - Found resource [logback.xml] at [jar:file:/home/ubuntu/flamestream/lib/flamestream-runtime-1.0-SNAPSHOT.jar!/logback.xml]
11:34:50,503 |-WARN in ch.qos.logback.classic.LoggerContext[default] - Resource [logback.xml] occurs multiple times on the classpath.
11:34:50,503 |-WARN in ch.qos.logback.classic.LoggerContext[default] - Resource [logback.xml] occurs at [jar:file:/home/ubuntu/flamestream/flamestream-runtime-1.0-SNAPSHOT.jar!/logback.xml]
11:34:50,503 |-WARN in ch.qos.logback.classic.LoggerContext[default] - Resource [logback.xml] occurs at [jar:file:/home/ubuntu/flamestream/lib/flamestream-runtime-1.0-SNAPSHOT.jar!/logback.xml]
11:34:50,522 |-INFO in ch.qos.logback.core.joran.spi.ConfigurationWatchList@4678c730 - URL [jar:file:/home/ubuntu/flamestream/lib/flamestream-runtime-1.0-SNAPSHOT.jar!/logback.xml] is not of type file
11:34:50,588 |-INFO in ch.qos.logback.classic.joran.action.ConfigurationAction - debug attribute not set
11:34:50,589 |-INFO in ch.qos.logback.core.joran.action.AppenderAction - About to instantiate appender of type [ch.qos.logback.core.ConsoleAppender]
11:34:50,607 |-INFO in ch.qos.logback.core.joran.action.AppenderAction - Naming appender as [STDOUT]
11:34:50,622 |-INFO in ch.qos.logback.core.joran.action.NestedComplexPropertyIA - Assuming default type [ch.qos.logback.classic.encoder.PatternLayoutEncoder] for [encoder] property
11:34:50,715 |-INFO in ch.qos.logback.core.joran.action.AppenderAction - About to instantiate appender of type [ch.qos.logback.core.rolling.RollingFileAppender]
11:34:50,726 |-INFO in ch.qos.logback.core.joran.action.AppenderAction - Naming appender as [FILE]
11:34:50,759 |-INFO in c.q.l.core.rolling.TimeBasedRollingPolicy@1734853116 - No compression will be used
11:34:50,766 |-INFO in c.q.l.core.rolling.TimeBasedRollingPolicy@1734853116 - Will use the pattern /tmp/application_%d{yyyy-MM-dd}.%i.log for the active file
11:34:50,772 |-INFO in ch.qos.logback.core.rolling.SizeAndTimeBasedFNATP@29ee9faa - The date pattern is 'yyyy-MM-dd' from file name pattern '/tmp/application_%d{yyyy-MM-dd}.%i.log'.
11:34:50,772 |-INFO in ch.qos.logback.core.rolling.SizeAndTimeBasedFNATP@29ee9faa - Roll-over at midnight.
11:34:50,777 |-INFO in ch.qos.logback.core.rolling.SizeAndTimeBasedFNATP@29ee9faa - Setting initial period to Thu Oct 10 11:34:24 UTC 2019
11:34:50,777 |-WARN in ch.qos.logback.core.rolling.SizeAndTimeBasedFNATP@29ee9faa - SizeAndTimeBasedFNATP is deprecated. Use SizeAndTimeBasedRollingPolicy instead
11:34:50,777 |-WARN in ch.qos.logback.core.rolling.SizeAndTimeBasedFNATP@29ee9faa - For more information see http://logback.qos.ch/manual/appenders.html#SizeAndTimeBasedRollingPolicy
11:34:50,783 |-INFO in ch.qos.logback.core.joran.action.NestedComplexPropertyIA - Assuming default type [ch.qos.logback.classic.encoder.PatternLayoutEncoder] for [encoder] property
11:34:50,793 |-INFO in ch.qos.logback.core.rolling.RollingFileAppender[FILE] - Active log file name: /tmp/application.log
11:34:50,793 |-INFO in ch.qos.logback.core.rolling.RollingFileAppender[FILE] - File property is set to [/tmp/application.log]
11:34:50,794 |-INFO in ch.qos.logback.classic.joran.action.RootLoggerAction - Setting level of ROOT logger to INFO
11:34:50,795 |-INFO in ch.qos.logback.core.joran.action.AppenderRefAction - Attaching appender named [STDOUT] to Logger[ROOT]
11:34:50,795 |-INFO in ch.qos.logback.core.joran.action.AppenderRefAction - Attaching appender named [FILE] to Logger[ROOT]
11:34:50,795 |-INFO in ch.qos.logback.classic.joran.action.ConfigurationAction - End of configuration.
11:34:50,796 |-INFO in ch.qos.logback.classic.joran.JoranConfigurator@c038203 - Registering current configuration as safe fallback point

11:34:50.803 [main] INFO  c.s.f.r.WorkerApplication  - Starting worker with workerConfig 'WorkerConfig{id='flamestream-benchmarks-worker-1', localAddress=flamestream-benchmarks-worker-1/10.0.0.16:5412, zkString='flamestream-benchmarks-manager:12181', snapshotPath='/home/ubuntu/flamestream/data', guarantees=AT_MOST_ONCE}'
11:34:52.222 [worker-akka.actor.default-dispatcher-6] INFO  a.e.s.Slf4jLogger  - Slf4jLogger started
2019-10-10T11:34:52.375+0000: 2.215: [Full GC (Metadata GC Threshold) 2019-10-10T11:34:52.375+0000: 2.215: [Tenured: 0K->13625K(1024000K), 0.0517271 secs] 139464K->13625K(1484800K), [Metaspace: 20230K->20230K(1067008K)], 0.0518220 secs] [Times: user=0.05 sys=0.00, real=0.06 secs] 
11:34:52.534 [worker-akka.actor.default-dispatcher-6] WARN  a.r.RemoteActorRefProvider akka.remote.RemoteActorRefProvider - Using the 'remote' ActorRefProvider directly, which is a low-level layer. For most use cases, the 'cluster' abstraction on top of remoting is more suitable instead.
11:34:52.541 [worker-akka.actor.default-dispatcher-6] WARN  a.r.RemoteActorRefProvider akka.remote.RemoteActorRefProvider - Akka Cluster not in use - Using Akka Cluster is recommended if you need remote watch and deploy.
11:34:52.661 [worker-akka.actor.default-dispatcher-6] INFO  a.r.a.a.ArteryAeronUdpTransport(akka://worker) akka.remote.artery.aeron.ArteryAeronUdpTransport(akka://worker) - Started embedded media driver in directory [/dev/shm/aeron-flamestream-benchmarks-worker-1]
11:34:52.701 [worker-akka.actor.default-dispatcher-6] WARN  a.r.a.a.ArteryAeronUdpTransport(akka://worker) akka.remote.artery.aeron.ArteryAeronUdpTransport(akka://worker) - Aeron CnC version mismatch: compiled version = 15, file version = 16
11:34:52.981 [worker-akka.actor.default-dispatcher-6] INFO  a.r.a.a.ArteryAeronUdpTransport(akka://worker) akka.remote.artery.aeron.ArteryAeronUdpTransport(akka://worker) - Remoting started with transport [Artery aeron-udp]; listening on address [akka://worker@flamestream-benchmarks-worker-1:5412] and bound to [akka://worker@0.0.0.0:5412] with UID [-1841295077369734911]
11:34:53.545 [worker-akka.actor.default-dispatcher-6] WARN  a.s.Serialization(akka://worker) akka.serialization.Serialization(akka://worker) - Using serializer [com.romix.akka.serialization.kryo.KryoSerializer] for message [akka.actor.ActorSelectionMessage]. Note that this serializer is not implemented by Akka. It's not recommended to replace serializers for messages provided by Akka.
11:34:53.546 [worker-akka.actor.default-dispatcher-6] WARN  a.s.Serialization(akka://worker) akka.serialization.Serialization(akka://worker) - Using serializer [com.romix.akka.serialization.kryo.KryoSerializer] for message [akka.actor.ActorIdentity]. Note that this serializer is not implemented by Akka. It's not recommended to replace serializers for messages provided by Akka.
11:34:53.601 [worker-akka.actor.default-dispatcher-9] INFO  a.a.RepointableActorRef akka://worker/user/watcher - Starting...
11:34:53.765 [worker-akka.actor.default-dispatcher-6] INFO  o.a.c.u.Compatibility  - Running in ZooKeeper 3.4.x compatibility mode
11:34:53.835 [worker-akka.actor.default-dispatcher-6] INFO  o.a.c.f.i.CuratorFrameworkImpl  - Starting
11:34:53.861 [worker-akka.actor.default-dispatcher-6] INFO  o.a.z.ZooKeeper  - Client environment:zookeeper.version=3.4.14-4c25d480e66aadd371de8bd2fd8da255ac140bcf, built on 03/06/2019 16:18 GMT
11:34:53.863 [worker-akka.actor.default-dispatcher-6] INFO  o.a.z.ZooKeeper  - Client environment:host.name=flamestream-benchmarks-worker-1
11:34:53.863 [worker-akka.actor.default-dispatcher-6] INFO  o.a.z.ZooKeeper  - Client environment:java.version=1.8.0_222
11:34:53.864 [worker-akka.actor.default-dispatcher-6] INFO  o.a.z.ZooKeeper  - Client environment:java.vendor=Private Build
11:34:53.866 [worker-akka.actor.default-dispatcher-6] INFO  o.a.z.ZooKeeper  - Client environment:java.home=/usr/lib/jvm/java-8-openjdk-amd64/jre
11:34:53.867 [worker-akka.actor.default-dispatcher-6] INFO  o.a.z.ZooKeeper  - Client environment:java.class.path=lib/curator-framework-4.0.1.jar:lib/commons-csv-1.4.jar:lib/aeron-client-1.21.2.jar:lib/scala-library-2.12.9.jar:lib/asm-5.0.4.jar:lib/agrona-1.0.1.jar:lib/curator-recipes-4.0.1.jar:lib/akka-testkit_2.12-2.6.0-M6.jar:lib/flamestream-runtime-1.0-SNAPSHOT.jar:lib/slf4j-simple-2.0.0-alpha1.jar:lib/jsr305-3.0.2.jar:lib/trove4j-3.0.3.jar:lib/flamestream-core-1.0-SNAPSHOT.jar:lib/commons-io-2.4.jar:lib/minlog-1.3.0.jar:lib/kryonet-2.21.jar:lib/commons-1.4.9.jar:lib/jline-0.9.94.jar:lib/akka-remote_2.12-2.6.0-M6.jar:lib/leveldbjni-all-1.8.jar:lib/lz4-1.3.0.jar:lib/slf4j-api-1.7.24.jar:lib/scala-parser-combinators_2.12-1.1.2.jar:lib/flamestream-core-1.0-SNAPSHOT-tests.jar:lib/logback-core-1.2.3.jar:lib/netty-3.10.6.Final.jar:lib/protobuf-java-3.9.0.jar:lib/minlog-1.2.jar:lib/leveldb-api-0.7.jar:lib/jool-0.9.12.jar:lib/commons-cli-1.4.jar:lib/jblas-1.2.4.jar:lib/reflectasm-1.11.3.jar:lib/reflectasm-1.07-shaded.jar:lib/audience-annotations-0.5.0.jar:lib/jackson-annotations-2.9.6.jar:lib/commons-lang-2.6.jar:lib/ssl-config-core_2.12-0.3.8.jar:lib/annotations-13.0.jar:lib/logback-classic-1.2.3.jar:lib/guava-21.0.jar:lib/reactive-streams-1.0.2.jar:lib/spotbugs-annotations-3.1.9.jar:lib/leveldb-0.7.jar:lib/commons-pool2-2.4.2.jar:lib/rocksdbjni-5.5.1.jar:lib/jackson-core-2.9.9.jar:lib/jackson-databind-2.9.9.2.jar:lib/akka-protobuf-v3_2.12-2.6.0-M6.jar:lib/jackson-annotations-2.9.0.jar:lib/flamestream-examples-1.0-SNAPSHOT.jar:lib/objenesis-2.1.jar:lib/akka-kryo-serialization_2.12-0.5.2.jar:lib/scala-java8-compat_2.12-0.8.0.jar:lib/zookeeper-3.4.14.jar:lib/akka-slf4j_2.12-2.6.0-M6.jar:lib/kryo-4.0.0.jar:lib/akka-stream_2.12-2.6.0-M6.jar:lib/aeron-driver-1.21.2.jar:lib/config-1.3.1.jar:lib/annotations-12.0.jar:lib/jedis-2.9.0.jar:lib/jcommander-1.48.jar:lib/testng-6.10.jar:lib/akka-actor_2.12-2.6.0-M6.jar:lib/curator-client-4.0.1.jar:flamestream-runtime-1.0-SNAPSHOT.jar
11:34:53.870 [worker-akka.actor.default-dispatcher-6] INFO  o.a.z.ZooKeeper  - Client environment:java.library.path=/usr/java/packages/lib/amd64:/usr/lib/x86_64-linux-gnu/jni:/lib/x86_64-linux-gnu:/usr/lib/x86_64-linux-gnu:/usr/lib/jni:/lib:/usr/lib
11:34:53.871 [worker-akka.actor.default-dispatcher-6] INFO  o.a.z.ZooKeeper  - Client environment:java.io.tmpdir=/tmp
11:34:53.871 [worker-akka.actor.default-dispatcher-6] INFO  o.a.z.ZooKeeper  - Client environment:java.compiler=<NA>
11:34:53.871 [worker-akka.actor.default-dispatcher-6] INFO  o.a.z.ZooKeeper  - Client environment:os.name=Linux
11:34:53.871 [worker-akka.actor.default-dispatcher-6] INFO  o.a.z.ZooKeeper  - Client environment:os.arch=amd64
11:34:53.872 [worker-akka.actor.default-dispatcher-6] INFO  o.a.z.ZooKeeper  - Client environment:os.version=4.15.0-1040-gcp
11:34:53.873 [worker-akka.actor.default-dispatcher-6] INFO  o.a.z.ZooKeeper  - Client environment:user.name=ubuntu
11:34:53.873 [worker-akka.actor.default-dispatcher-6] INFO  o.a.z.ZooKeeper  - Client environment:user.home=/home/ubuntu
11:34:53.873 [worker-akka.actor.default-dispatcher-6] INFO  o.a.z.ZooKeeper  - Client environment:user.dir=/home/ubuntu/flamestream
11:34:53.877 [worker-akka.actor.default-dispatcher-6] INFO  o.a.z.ZooKeeper  - Initiating client connection, connectString=flamestream-benchmarks-manager:12181 sessionTimeout=60000 watcher=org.apache.curator.ConnectionState@652f61e2
11:34:53.937 [worker-akka.actor.default-dispatcher-6-SendThread(flamestream-benchmarks-manager:12181)] INFO  o.a.z.ClientCnxn  - Opening socket connection to server flamestream-benchmarks-manager/10.0.0.21:12181. Will not attempt to authenticate using SASL (unknown error)
11:34:53.939 [worker-akka.actor.default-dispatcher-6] INFO  o.a.c.f.i.CuratorFrameworkImpl  - Default schema
11:34:53.947 [worker-akka.actor.default-dispatcher-6-SendThread(flamestream-benchmarks-manager:12181)] INFO  o.a.z.ClientCnxn  - Socket connection established to flamestream-benchmarks-manager/10.0.0.21:12181, initiating session
11:34:53.961 [worker-akka.actor.default-dispatcher-6-SendThread(flamestream-benchmarks-manager:12181)] INFO  o.a.z.ClientCnxn  - Session establishment complete on server flamestream-benchmarks-manager/10.0.0.21:12181, sessionid = 0x100002c53420001, negotiated timeout = 60000
11:34:53.977 [worker-akka.actor.default-dispatcher-6-EventThread] INFO  o.a.c.f.s.ConnectionStateManager  - State change: CONNECTED
11:34:53.981 [worker-akka.actor.default-dispatcher-9] INFO  a.a.RepointableActorRef akka://worker/user/watcher - Initializing rocksDB backend
2019-10-10T11:34:55.039+0000: 4.879: [Full GC (Metadata GC Threshold) 2019-10-10T11:34:55.039+0000: 4.879: [Tenured: 13625K->25908K(1024000K), 0.1392090 secs] 152923K->25908K(1484800K), [Metaspace: 33672K->33672K(1079296K)], 0.1393021 secs] [Times: user=0.13 sys=0.00, real=0.14 secs] 
11:34:55.271 [worker-akka.actor.default-dispatcher-6] INFO  a.a.LocalActorRef akka://worker/user/watcher/processing-watcher - Starting...
11:35:02.193 [Curator-PathChildrenCache-1] WARN  o.a.c.u.ZKPaths  - The version of ZooKeeper being used doesn't support Container nodes. CreateMode.PERSISTENT will be used instead.
11:35:02.325 [worker-akka.actor.default-dispatcher-6] INFO  a.a.LocalActorRef akka://worker/user/watcher/processing-watcher/$a - Starting...
11:35:02.362 [worker-akka.actor.default-dispatcher-6] INFO  a.a.LocalActorRef akka://worker/user/watcher/processing-watcher/$a - Stopped
11:35:03.904 [worker-akka.actor.default-dispatcher-9] INFO  a.a.LocalActorRef akka://worker/user/watcher/processing-watcher/graph/graph - Starting...
11:35:05.011 [worker-akka.actor.default-dispatcher-9] INFO  a.a.LocalActorRef akka://worker/user/watcher/processing-watcher/graph/graph - Finishing constructor
11:35:05.014 [worker-akka.actor.default-dispatcher-6] INFO  a.a.LocalActorRef akka://worker/user/watcher/processing-watcher/graph/negotiator - Starting...
11:35:05.018 [worker-akka.actor.default-dispatcher-6] INFO  a.a.LocalActorRef akka://worker/user/watcher/processing-watcher/graph/edge - Starting...
11:35:05.020 [worker-akka.actor.default-dispatcher-9] INFO  a.a.LocalActorRef akka://worker/user/watcher/processing-watcher/graph - Starting FlameNode with config 'ClusterConfig{paths={flamestream-benchmarks-worker-1=akka://worker@flamestream-benchmarks-worker-1:5412/user/watcher/processing-watcher/graph, flamestream-benchmarks-worker-0=akka://worker@flamestream-benchmarks-worker-0:5412/user/watcher/processing-watcher/graph, flamestream-benchmarks-worker-9=akka://worker@flamestream-benchmarks-worker-9:5412/user/watcher/processing-watcher/graph, flamestream-benchmarks-worker-8=akka://worker@flamestream-benchmarks-worker-8:5412/user/watcher/processing-watcher/graph, flamestream-benchmarks-worker-7=akka://worker@flamestream-benchmarks-worker-7:5412/user/watcher/processing-watcher/graph, flamestream-benchmarks-worker-6=akka://worker@flamestream-benchmarks-worker-6:5412/user/watcher/processing-watcher/graph, flamestream-benchmarks-worker-5=akka://worker@flamestream-benchmarks-worker-5:5412/user/watcher/processing-watcher/graph, flamestream-benchmarks-worker-4=akka://worker@flamestream-benchmarks-worker-4:5412/user/watcher/processing-watcher/graph, flamestream-benchmarks-worker-3=akka://worker@flamestream-benchmarks-worker-3:5412/user/watcher/processing-watcher/graph, flamestream-benchmarks-worker-2=akka://worker@flamestream-benchmarks-worker-2:5412/user/watcher/processing-watcher/graph, flamestream-benchmarks-worker-14=akka://worker@flamestream-benchmarks-worker-14:5412/user/watcher/processing-watcher/graph, flamestream-benchmarks-worker-13=akka://worker@flamestream-benchmarks-worker-13:5412/user/watcher/processing-watcher/graph, flamestream-benchmarks-worker-12=akka://worker@flamestream-benchmarks-worker-12:5412/user/watcher/processing-watcher/graph, flamestream-benchmarks-worker-11=akka://worker@flamestream-benchmarks-worker-11:5412/user/watcher/processing-watcher/graph, flamestream-benchmarks-worker-10=akka://worker@flamestream-benchmarks-worker-10:5412/user/watcher/processing-watcher/graph}}'
11:35:05.058 [worker-akka.actor.default-dispatcher-12] INFO  a.a.LocalActorRef akka://worker/user/watcher/processing-watcher/graph/negotiator - Requesting ticket for the frontClass FlameSocketGraphDeployerFront@flamestream-benchmarks-worker-1
11:35:05.087 [worker-akka.actor.default-dispatcher-6] INFO  c.s.f.r.e.s.SocketRear  - FlameSocketGraphDeployerRear@flamestream-benchmarks-worker-1: connecting to flamestream-benchmarks-manager:5678
11:35:05.094 [worker-akka.actor.default-dispatcher-13] INFO  a.a.LocalActorRef akka://worker/user/watcher/processing-watcher/graph/edge/FlameSocketGraphDeployerFront - Starting...
11:35:05.101 [worker-akka.actor.default-dispatcher-6] INFO  c.s.f.r.e.s.SocketRear  - FlameSocketGraphDeployerRear@flamestream-benchmarks-worker-1: connected to flamestream-benchmarks-manager:5678
11:35:05.102 [worker-akka.actor.default-dispatcher-9] INFO  a.a.LocalActorRef akka://worker/user/watcher/processing-watcher/graph/edge/FlameSocketGraphDeployerRear - Starting...
11:35:05.161 [worker-akka.actor.default-dispatcher-6] INFO  a.a.LocalActorRef akka://worker/user/watcher/processing-watcher/graph/graph - Received last commit 'LastCommit{globalTime=(0000000, min@min)}'
11:35:05.192 [worker-akka.actor.default-dispatcher-6] INFO  a.a.LocalActorRef akka://worker/user/watcher/processing-watcher/graph/negotiator - Ticket for the frontClass received: FrontTicket{allowedTimestamp=(0000000, FlameSocketGraphDeployerFront@flamestream-benchmarks-worker-1)}
11:35:05.193 [worker-akka.actor.default-dispatcher-6] INFO  c.s.f.r.e.s.SocketFront  - FlameSocketGraphDeployerFront@flamestream-benchmarks-worker-1: connecting to flamestream-benchmarks-manager:4567
11:35:05.553 [worker-akka.actor.default-dispatcher-6] INFO  a.a.LocalActorRef akka://worker/user/watcher/processing-watcher/graph/graph/$a - Starting...
11:35:05.554 [worker-akka.actor.default-dispatcher-6] INFO  a.a.LocalActorRef akka://worker/user/watcher/processing-watcher/graph/graph/$b - Starting...
11:35:05.555 [worker-akka.actor.default-dispatcher-6] INFO  a.a.LocalActorRef akka://worker/user/watcher/processing-watcher/graph/graph/$c - Starting...
11:35:05.557 [worker-akka.actor.default-dispatcher-6] INFO  a.a.LocalActorRef akka://worker/user/watcher/processing-watcher/graph/graph/$d - Starting...
11:35:05.558 [worker-akka.actor.default-dispatcher-6] INFO  a.a.LocalActorRef akka://worker/user/watcher/processing-watcher/graph/graph/$e - Starting...
11:35:05.559 [worker-akka.actor.default-dispatcher-6] INFO  a.a.LocalActorRef akka://worker/user/watcher/processing-watcher/graph/graph/$f - Starting...
11:35:05.561 [worker-akka.actor.default-dispatcher-6] INFO  a.a.LocalActorRef akka://worker/user/watcher/processing-watcher/graph/graph/$g - Starting...
11:35:05.563 [worker-akka.actor.default-dispatcher-6] INFO  a.a.LocalActorRef akka://worker/user/watcher/processing-watcher/graph/graph/$h - Starting...
11:35:05.564 [worker-akka.actor.default-dispatcher-6] INFO  a.a.LocalActorRef akka://worker/user/watcher/processing-watcher/graph/graph/$i - Starting...
11:35:05.566 [worker-akka.actor.default-dispatcher-6] INFO  a.a.LocalActorRef akka://worker/user/watcher/processing-watcher/graph/graph/$j - Starting...
11:35:05.567 [worker-akka.actor.default-dispatcher-6] INFO  a.a.LocalActorRef akka://worker/user/watcher/processing-watcher/graph/graph/$k - Starting...
11:35:05.573 [worker-akka.actor.default-dispatcher-6] INFO  a.a.LocalActorRef akka://worker/user/watcher/processing-watcher/graph/graph/$l - Starting...
11:35:05.575 [worker-akka.actor.default-dispatcher-6] INFO  a.a.LocalActorRef akka://worker/user/watcher/processing-watcher/graph/graph/$m - Starting...
11:35:05.577 [worker-akka.actor.default-dispatcher-6] INFO  a.a.LocalActorRef akka://worker/user/watcher/processing-watcher/graph/graph/$n - Starting...
11:35:05.578 [worker-akka.actor.default-dispatcher-6] INFO  a.a.LocalActorRef akka://worker/user/watcher/processing-watcher/graph/graph/$o - Starting...
11:35:05.588 [worker-akka.actor.default-dispatcher-6] INFO  a.a.LocalActorRef akka://worker/user/watcher/processing-watcher/graph/graph/$p - Starting...
11:35:05.608 [worker-akka.actor.default-dispatcher-6] INFO  a.a.LocalActorRef akka://worker/user/watcher/processing-watcher/graph/graph/$q - Starting...
11:35:05.611 [worker-akka.actor.default-dispatcher-6] INFO  a.a.LocalActorRef akka://worker/user/watcher/processing-watcher/graph/graph/$r - Starting...
11:35:05.614 [worker-akka.actor.default-dispatcher-6] INFO  a.a.LocalActorRef akka://worker/user/watcher/processing-watcher/graph/graph/$s - Starting...
11:35:05.627 [worker-akka.actor.default-dispatcher-6] INFO  a.a.LocalActorRef akka://worker/user/watcher/processing-watcher/graph/graph/$p - Attached rear to graph (-9223372036854775808, min@min)
11:35:05.628 [worker-akka.actor.default-dispatcher-6] INFO  a.a.LocalActorRef akka://worker/user/watcher/processing-watcher/graph/graph/$u - Starting...
11:35:05.628 [worker-akka.actor.default-dispatcher-6] INFO  a.a.LocalActorRef akka://worker/user/watcher/processing-watcher/graph/graph/$v - Starting...
11:35:05.628 [worker-akka.actor.default-dispatcher-6] INFO  a.a.LocalActorRef akka://worker/user/watcher/processing-watcher/graph/graph/$w - Starting...
11:35:05.628 [worker-akka.actor.default-dispatcher-6] INFO  a.a.LocalActorRef akka://worker/user/watcher/processing-watcher/graph/graph/$x - Starting...
11:35:05.640 [worker-akka.actor.default-dispatcher-9] INFO  a.a.LocalActorRef akka://worker/user/watcher/processing-watcher/graph/graph/$y - Starting...
11:35:05.640 [worker-akka.actor.default-dispatcher-9] INFO  a.a.LocalActorRef akka://worker/user/watcher/processing-watcher/graph/graph/$z - Starting...
11:35:05.640 [worker-akka.actor.default-dispatcher-9] INFO  a.a.LocalActorRef akka://worker/user/watcher/processing-watcher/graph/graph/$A - Starting...
11:35:05.640 [worker-akka.actor.default-dispatcher-9] INFO  a.a.LocalActorRef akka://worker/user/watcher/processing-watcher/graph/graph/$B - Starting...
11:35:05.640 [worker-akka.actor.default-dispatcher-9] INFO  a.a.LocalActorRef akka://worker/user/watcher/processing-watcher/graph/graph/$C - Starting...
11:35:05.640 [worker-akka.actor.default-dispatcher-9] INFO  a.a.LocalActorRef akka://worker/user/watcher/processing-watcher/graph/graph/$D - Starting...
11:35:05.640 [worker-akka.actor.default-dispatcher-9] INFO  a.a.LocalActorRef akka://worker/user/watcher/processing-watcher/graph/graph/$E - Starting...
11:35:05.641 [worker-akka.actor.default-dispatcher-9] INFO  a.a.LocalActorRef akka://worker/user/watcher/processing-watcher/graph/graph/$F - Starting...
11:35:05.641 [worker-akka.actor.default-dispatcher-9] INFO  a.a.LocalActorRef akka://worker/user/watcher/processing-watcher/graph/graph/$t - Starting...
11:35:05.641 [worker-akka.actor.default-dispatcher-9] INFO  a.a.LocalActorRef akka://worker/user/watcher/processing-watcher/graph/graph/$H - Starting...
11:35:05.641 [worker-akka.actor.default-dispatcher-13] INFO  a.a.LocalActorRef akka://worker/user/watcher/processing-watcher/graph/graph/$I - Starting...
11:35:05.641 [worker-akka.actor.default-dispatcher-13] INFO  a.a.LocalActorRef akka://worker/user/watcher/processing-watcher/graph/graph/$J - Starting...
11:35:05.641 [worker-akka.actor.default-dispatcher-13] INFO  a.a.LocalActorRef akka://worker/user/watcher/processing-watcher/graph/graph/$K - Starting...
11:35:05.641 [worker-akka.actor.default-dispatcher-13] INFO  a.a.LocalActorRef akka://worker/user/watcher/processing-watcher/graph/graph/$L - Starting...
11:35:05.641 [worker-akka.actor.default-dispatcher-13] INFO  a.a.LocalActorRef akka://worker/user/watcher/processing-watcher/graph/graph/$M - Starting...
11:35:05.641 [worker-akka.actor.default-dispatcher-13] INFO  a.a.LocalActorRef akka://worker/user/watcher/processing-watcher/graph/graph/$N - Starting...
11:35:05.641 [worker-akka.actor.default-dispatcher-13] INFO  a.a.LocalActorRef akka://worker/user/watcher/processing-watcher/graph/graph/$O - Starting...
11:35:05.641 [worker-akka.actor.default-dispatcher-13] INFO  a.a.LocalActorRef akka://worker/user/watcher/processing-watcher/graph/graph/$P - Starting...
11:35:05.642 [worker-akka.actor.default-dispatcher-13] INFO  a.a.LocalActorRef akka://worker/user/watcher/processing-watcher/graph/graph/$Q - Starting...
11:35:05.642 [worker-akka.actor.default-dispatcher-13] INFO  a.a.LocalActorRef akka://worker/user/watcher/processing-watcher/graph/graph/$R - Starting...
11:35:05.642 [worker-akka.actor.default-dispatcher-12] INFO  a.a.LocalActorRef akka://worker/user/watcher/processing-watcher/graph/graph/$S - Starting...
11:35:05.642 [worker-akka.actor.default-dispatcher-12] INFO  a.a.LocalActorRef akka://worker/user/watcher/processing-watcher/graph/graph/$T - Starting...
11:35:05.642 [worker-akka.actor.default-dispatcher-12] INFO  a.a.LocalActorRef akka://worker/user/watcher/processing-watcher/graph/graph/$U - Starting...
11:35:05.642 [worker-akka.actor.default-dispatcher-12] INFO  a.a.LocalActorRef akka://worker/user/watcher/processing-watcher/graph/graph/$V - Starting...
11:35:05.642 [worker-akka.actor.default-dispatcher-12] INFO  a.a.LocalActorRef akka://worker/user/watcher/processing-watcher/graph/graph/$W - Starting...
11:35:05.642 [worker-akka.actor.default-dispatcher-10] INFO  a.a.LocalActorRef akka://worker/user/watcher/processing-watcher/graph/graph/$X - Starting...
11:35:05.643 [worker-akka.actor.default-dispatcher-10] INFO  a.a.LocalActorRef akka://worker/user/watcher/processing-watcher/graph/graph/$Y - Starting...
11:35:05.643 [worker-akka.actor.default-dispatcher-10] INFO  a.a.LocalActorRef akka://worker/user/watcher/processing-watcher/graph/graph/$Z - Starting...
11:35:05.643 [worker-akka.actor.default-dispatcher-10] INFO  a.a.LocalActorRef akka://worker/user/watcher/processing-watcher/graph/graph/$0 - Starting...
11:35:05.643 [worker-akka.actor.default-dispatcher-10] INFO  a.a.LocalActorRef akka://worker/user/watcher/processing-watcher/graph/graph/$1 - Starting...
11:35:05.645 [worker-akka.actor.default-dispatcher-16] INFO  a.a.LocalActorRef akka://worker/user/watcher/processing-watcher/graph/graph/$G - Starting...
11:35:05.647 [worker-akka.actor.default-dispatcher-16] INFO  a.a.LocalActorRef akka://worker/user/watcher/processing-watcher/graph/graph/$3 - Starting...
11:35:05.647 [worker-akka.actor.default-dispatcher-16] INFO  a.a.LocalActorRef akka://worker/user/watcher/processing-watcher/graph/graph/$2 - Starting...
11:35:05.648 [worker-akka.actor.default-dispatcher-16] INFO  a.a.LocalActorRef akka://worker/user/watcher/processing-watcher/graph/graph/$5 - Starting...
11:35:05.649 [worker-akka.actor.default-dispatcher-16] INFO  a.a.LocalActorRef akka://worker/user/watcher/processing-watcher/graph/graph/$4 - Starting...
11:35:05.649 [worker-akka.actor.default-dispatcher-16] INFO  a.a.LocalActorRef akka://worker/user/watcher/processing-watcher/graph/graph/$6 - Starting...
11:35:05.650 [worker-akka.actor.default-dispatcher-16] INFO  a.a.LocalActorRef akka://worker/user/watcher/processing-watcher/graph/graph/$7 - Starting...
11:35:05.652 [worker-akka.actor.default-dispatcher-16] INFO  a.a.LocalActorRef akka://worker/user/watcher/processing-watcher/graph/graph/$8 - Starting...
11:35:05.652 [worker-akka.actor.default-dispatcher-16] INFO  a.a.LocalActorRef akka://worker/user/watcher/processing-watcher/graph/graph/$9 - Starting...
11:35:05.654 [worker-akka.actor.default-dispatcher-16] INFO  a.a.LocalActorRef akka://worker/user/watcher/processing-watcher/graph/graph/$+ - Starting...
11:35:05.655 [worker-akka.actor.default-dispatcher-12] INFO  a.a.LocalActorRef akka://worker/user/watcher/processing-watcher/graph/graph/$~ - Starting...
11:35:05.655 [worker-akka.actor.default-dispatcher-12] INFO  a.a.LocalActorRef akka://worker/user/watcher/processing-watcher/graph/graph/$ab - Starting...
11:35:05.655 [worker-akka.actor.default-dispatcher-12] INFO  a.a.LocalActorRef akka://worker/user/watcher/processing-watcher/graph/graph/$bb - Starting...
11:35:05.656 [worker-akka.actor.default-dispatcher-12] INFO  a.a.LocalActorRef akka://worker/user/watcher/processing-watcher/graph/graph/$cb - Starting...
11:35:05.656 [worker-akka.actor.default-dispatcher-12] INFO  a.a.LocalActorRef akka://worker/user/watcher/processing-watcher/graph/graph/$db - Starting...
11:35:05.657 [worker-akka.actor.default-dispatcher-16] INFO  a.a.LocalActorRef akka://worker/user/watcher/processing-watcher/graph/graph/$fb - Starting...
11:35:05.658 [worker-akka.actor.default-dispatcher-16] INFO  a.a.LocalActorRef akka://worker/user/watcher/processing-watcher/graph/graph/$eb - Starting...
11:35:05.660 [worker-akka.actor.default-dispatcher-16] INFO  a.a.LocalActorRef akka://worker/user/watcher/processing-watcher/graph/graph/$hb - Starting...
11:35:05.661 [worker-akka.actor.default-dispatcher-16] INFO  a.a.LocalActorRef akka://worker/user/watcher/processing-watcher/graph/graph/$gb - Starting...
11:35:05.663 [worker-akka.actor.default-dispatcher-16] INFO  a.a.LocalActorRef akka://worker/user/watcher/processing-watcher/graph/graph/$ib - Starting...
11:35:05.665 [worker-akka.actor.default-dispatcher-16] INFO  a.a.LocalActorRef akka://worker/user/watcher/processing-watcher/graph/graph/$kb - Starting...
11:35:05.666 [worker-akka.actor.default-dispatcher-12] INFO  a.a.LocalActorRef akka://worker/user/watcher/processing-watcher/graph/graph/$jb - Starting...
11:35:05.667 [worker-akka.actor.default-dispatcher-12] INFO  a.a.LocalActorRef akka://worker/user/watcher/processing-watcher/graph/graph/$lb - Starting...
11:35:05.668 [worker-akka.actor.default-dispatcher-16] INFO  a.a.LocalActorRef akka://worker/user/watcher/processing-watcher/graph/graph/$nb - Starting...
11:35:05.668 [worker-akka.actor.default-dispatcher-16] INFO  a.a.LocalActorRef akka://worker/user/watcher/processing-watcher/graph/graph/$mb - Starting...
11:35:05.670 [worker-akka.actor.default-dispatcher-16] INFO  a.a.LocalActorRef akka://worker/user/watcher/processing-watcher/graph/graph/$pb - Starting...
11:35:05.671 [worker-akka.actor.default-dispatcher-16] INFO  a.a.LocalActorRef akka://worker/user/watcher/processing-watcher/graph/graph/$ob - Starting...
11:35:05.672 [worker-akka.actor.default-dispatcher-16] INFO  a.a.LocalActorRef akka://worker/user/watcher/processing-watcher/graph/graph/$qb - Starting...
11:35:05.674 [worker-akka.actor.default-dispatcher-16] INFO  a.a.LocalActorRef akka://worker/user/watcher/processing-watcher/graph/graph/$sb - Starting...
11:35:05.676 [worker-akka.actor.default-dispatcher-16] INFO  a.a.LocalActorRef akka://worker/user/watcher/processing-watcher/graph/graph/$rb - Starting...
11:35:05.677 [worker-akka.actor.default-dispatcher-16] INFO  a.a.LocalActorRef akka://worker/user/watcher/processing-watcher/graph/graph/$ub - Starting...
11:35:05.678 [worker-akka.actor.default-dispatcher-12] INFO  a.a.LocalActorRef akka://worker/user/watcher/processing-watcher/graph/graph/$tb - Starting...
11:35:05.678 [worker-akka.actor.default-dispatcher-12] INFO  a.a.LocalActorRef akka://worker/user/watcher/processing-watcher/graph/graph/$vb - Starting...
11:35:05.679 [worker-akka.actor.default-dispatcher-12] INFO  a.a.LocalActorRef akka://worker/user/watcher/processing-watcher/graph/graph/$wb - Starting...
11:35:05.679 [worker-akka.actor.default-dispatcher-12] INFO  a.a.LocalActorRef akka://worker/user/watcher/processing-watcher/graph/graph/$yb - Starting...
11:35:05.679 [worker-akka.actor.default-dispatcher-12] INFO  a.a.LocalActorRef akka://worker/user/watcher/processing-watcher/graph/graph/$xb - Starting...
11:35:05.679 [worker-akka.actor.default-dispatcher-12] INFO  a.a.LocalActorRef akka://worker/user/watcher/processing-watcher/graph/graph/$zb - Starting...
11:35:05.679 [worker-akka.actor.default-dispatcher-12] INFO  a.a.LocalActorRef akka://worker/user/watcher/processing-watcher/graph/graph/$Ab - Starting...
11:35:05.680 [worker-akka.actor.default-dispatcher-16] INFO  a.a.LocalActorRef akka://worker/user/watcher/processing-watcher/graph/graph/$Bb - Starting...
11:35:05.680 [worker-akka.actor.default-dispatcher-15] INFO  a.a.LocalActorRef akka://worker/user/watcher/processing-watcher/graph/graph/$Cb - Starting...
11:35:05.681 [worker-akka.actor.default-dispatcher-16] INFO  a.a.LocalActorRef akka://worker/user/watcher/processing-watcher/graph/graph/$Db - Starting...
11:35:05.684 [worker-akka.actor.default-dispatcher-16] INFO  a.a.LocalActorRef akka://worker/user/watcher/processing-watcher/graph/graph/$Fb - Starting...
11:35:05.685 [worker-akka.actor.default-dispatcher-16] INFO  a.a.LocalActorRef akka://worker/user/watcher/processing-watcher/graph/graph/$Eb - Starting...
11:35:05.686 [worker-akka.actor.default-dispatcher-16] INFO  a.a.LocalActorRef akka://worker/user/watcher/processing-watcher/graph/graph/$Gb - Starting...
11:35:05.688 [worker-akka.actor.default-dispatcher-16] INFO  a.a.LocalActorRef akka://worker/user/watcher/processing-watcher/graph/graph/$Hb - Starting...
11:35:05.689 [worker-akka.actor.default-dispatcher-16] INFO  a.a.LocalActorRef akka://worker/user/watcher/processing-watcher/graph/graph/$Ib - Starting...
11:35:05.691 [worker-akka.actor.default-dispatcher-15] INFO  a.a.LocalActorRef akka://worker/user/watcher/processing-watcher/graph/graph/$Jb - Starting...
11:35:05.691 [worker-akka.actor.default-dispatcher-15] INFO  a.a.LocalActorRef akka://worker/user/watcher/processing-watcher/graph/graph/$Kb - Starting...
11:35:05.691 [worker-akka.actor.default-dispatcher-15] INFO  a.a.LocalActorRef akka://worker/user/watcher/processing-watcher/graph/graph/$Lb - Starting...
11:35:05.691 [worker-akka.actor.default-dispatcher-15] INFO  a.a.LocalActorRef akka://worker/user/watcher/processing-watcher/graph/graph/$Mb - Starting...
11:35:05.691 [worker-akka.actor.default-dispatcher-15] INFO  a.a.LocalActorRef akka://worker/user/watcher/processing-watcher/graph/graph/$Nb - Starting...
2019-10-10T11:35:22.993+0000: 32.833: [GC (Allocation Failure) 2019-10-10T11:35:22.993+0000: 32.833: [DefNew: 409600K->32507K(460800K), 0.0507638 secs] 435508K->58415K(1484800K), 0.0508587 secs] [Times: user=0.04 sys=0.02, real=0.06 secs] 
2019-10-10T11:35:34.952+0000: 44.792: [GC (Allocation Failure) 2019-10-10T11:35:34.952+0000: 44.792: [DefNew: 442107K->1114K(460800K), 0.0401904 secs] 468015K->56138K(1484800K), 0.0402970 secs] [Times: user=0.02 sys=0.02, real=0.04 secs] 
2019-10-10T11:35:43.506+0000: 53.346: [GC (Allocation Failure) 2019-10-10T11:35:43.506+0000: 53.346: [DefNew: 410714K->1251K(460800K), 0.0055050 secs] 465738K->56276K(1484800K), 0.0056067 secs] [Times: user=0.01 sys=0.00, real=0.00 secs] 
2019-10-10T11:35:50.116+0000: 59.956: [GC (Allocation Failure) 2019-10-10T11:35:50.116+0000: 59.956: [DefNew: 410851K->1340K(460800K), 0.0056786 secs] 465876K->56365K(1484800K), 0.0057746 secs] [Times: user=0.00 sys=0.00, real=0.00 secs] 
2019-10-10T11:35:59.550+0000: 69.390: [GC (Allocation Failure) 2019-10-10T11:35:59.550+0000: 69.390: [DefNew: 410940K->1861K(460800K), 0.0064300 secs] 465965K->56885K(1484800K), 0.0065224 secs] [Times: user=0.01 sys=0.00, real=0.01 secs] 
2019-10-10T11:36:09.007+0000: 78.847: [GC (Allocation Failure) 2019-10-10T11:36:09.007+0000: 78.847: [DefNew: 411461K->1688K(460800K), 0.0048339 secs] 466485K->56713K(1484800K), 0.0049309 secs] [Times: user=0.00 sys=0.00, real=0.00 secs] 
2019-10-10T11:36:16.762+0000: 86.602: [GC (Allocation Failure) 2019-10-10T11:36:16.762+0000: 86.602: [DefNew: 411288K->1653K(460800K), 0.0045143 secs] 466313K->56678K(1484800K), 0.0046068 secs] [Times: user=0.00 sys=0.00, real=0.01 secs] 
2019-10-10T11:36:23.933+0000: 93.773: [GC (Allocation Failure) 2019-10-10T11:36:23.933+0000: 93.773: [DefNew: 411253K->1620K(460800K), 0.0043112 secs] 466278K->56644K(1484800K), 0.0044046 secs] [Times: user=0.00 sys=0.00, real=0.01 secs] 
2019-10-10T11:36:31.214+0000: 101.054: [GC (Allocation Failure) 2019-10-10T11:36:31.214+0000: 101.054: [DefNew: 411220K->1632K(460800K), 0.0044525 secs] 466244K->56656K(1484800K), 0.0045464 secs] [Times: user=0.01 sys=0.00, real=0.01 secs] 
2019-10-10T11:36:38.411+0000: 108.251: [GC (Allocation Failure) 2019-10-10T11:36:38.411+0000: 108.251: [DefNew: 411232K->1623K(460800K), 0.0044087 secs] 466256K->56648K(1484800K), 0.0045114 secs] [Times: user=0.01 sys=0.00, real=0.00 secs] 
2019-10-10T11:36:45.649+0000: 115.489: [GC (Allocation Failure) 2019-10-10T11:36:45.649+0000: 115.489: [DefNew: 411223K->1672K(460800K), 0.0044638 secs] 466248K->56697K(1484800K), 0.0045611 secs] [Times: user=0.01 sys=0.00, real=0.00 secs] 
2019-10-10T11:36:52.725+0000: 122.565: [GC (Allocation Failure) 2019-10-10T11:36:52.726+0000: 122.566: [DefNew: 411272K->1607K(460800K), 0.0042380 secs] 466297K->56632K(1484800K), 0.0043320 secs] [Times: user=0.01 sys=0.00, real=0.00 secs] 
2019-10-10T11:37:00.550+0000: 130.390: [GC (Allocation Failure) 2019-10-10T11:37:00.550+0000: 130.390: [DefNew: 411207K->1767K(460800K), 0.0048480 secs] 466232K->56792K(1484800K), 0.0049551 secs] [Times: user=0.01 sys=0.00, real=0.00 secs] 
2019-10-10T11:37:07.786+0000: 137.626: [GC (Allocation Failure) 2019-10-10T11:37:07.786+0000: 137.626: [DefNew: 411367K->1707K(460800K), 0.0044276 secs] 466392K->56732K(1484800K), 0.0045305 secs] [Times: user=0.01 sys=0.00, real=0.00 secs] 
2019-10-10T11:37:15.017+0000: 144.857: [GC (Allocation Failure) 2019-10-10T11:37:15.017+0000: 144.857: [DefNew: 411307K->1712K(460800K), 0.0046053 secs] 466332K->56737K(1484800K), 0.0046992 secs] [Times: user=0.01 sys=0.00, real=0.00 secs] 
2019-10-10T11:37:22.777+0000: 152.617: [GC (Allocation Failure) 2019-10-10T11:37:22.777+0000: 152.617: [DefNew: 411312K->1708K(460800K), 0.0046824 secs] 466337K->56732K(1484800K), 0.0047721 secs] [Times: user=0.01 sys=0.00, real=0.00 secs] 
2019-10-10T11:37:30.057+0000: 159.897: [GC (Allocation Failure) 2019-10-10T11:37:30.057+0000: 159.897: [DefNew: 411308K->1574K(460800K), 0.0048298 secs] 466332K->56787K(1484800K), 0.0049211 secs] [Times: user=0.01 sys=0.00, real=0.00 secs] 
2019-10-10T11:37:37.333+0000: 167.173: [GC (Allocation Failure) 2019-10-10T11:37:37.333+0000: 167.173: [DefNew: 411174K->1434K(460800K), 0.0046123 secs] 466387K->56775K(1484800K), 0.0047114 secs] [Times: user=0.00 sys=0.00, real=0.01 secs] 
2019-10-10T11:37:45.192+0000: 175.032: [GC (Allocation Failure) 2019-10-10T11:37:45.193+0000: 175.033: [DefNew: 411034K->1248K(460800K), 0.0042930 secs] 466375K->56732K(1484800K), 0.0043830 secs] [Times: user=0.00 sys=0.00, real=0.01 secs] 
2019-10-10T11:37:52.488+0000: 182.328: [GC (Allocation Failure) 2019-10-10T11:37:52.488+0000: 182.328: [DefNew: 410848K->237K(460800K), 0.0054534 secs] 466332K->56732K(1484800K), 0.0055496 secs] [Times: user=0.00 sys=0.00, real=0.00 secs] 
2019-10-10T11:37:59.717+0000: 189.557: [GC (Allocation Failure) 2019-10-10T11:37:59.717+0000: 189.557: [DefNew: 409837K->269K(460800K), 0.0030613 secs] 466332K->56765K(1484800K), 0.0031512 secs] [Times: user=0.01 sys=0.00, real=0.00 secs] 
2019-10-10T11:38:07.017+0000: 196.857: [GC (Allocation Failure) 2019-10-10T11:38:07.018+0000: 196.857: [DefNew: 409869K->311K(460800K), 0.0028996 secs] 466365K->56808K(1484800K), 0.0029943 secs] [Times: user=0.00 sys=0.00, real=0.00 secs] 
2019-10-10T11:38:14.784+0000: 204.624: [GC (Allocation Failure) 2019-10-10T11:38:14.784+0000: 204.624: [DefNew: 409911K->400K(460800K), 0.0029401 secs] 466408K->56897K(1484800K), 0.0030316 secs] [Times: user=0.00 sys=0.00, real=0.00 secs] 
2019-10-10T11:38:22.156+0000: 211.996: [GC (Allocation Failure) 2019-10-10T11:38:22.156+0000: 211.996: [DefNew: 410000K->399K(460800K), 0.0029916 secs] 466497K->56896K(1484800K), 0.0030886 secs] [Times: user=0.00 sys=0.00, real=0.00 secs] 
2019-10-10T11:38:29.399+0000: 219.239: [GC (Allocation Failure) 2019-10-10T11:38:29.399+0000: 219.239: [DefNew: 409999K->443K(460800K), 0.0030374 secs] 466496K->56940K(1484800K), 0.0031360 secs] [Times: user=0.00 sys=0.00, real=0.00 secs] 
2019-10-10T11:38:37.134+0000: 226.974: [GC (Allocation Failure) 2019-10-10T11:38:37.134+0000: 226.974: [DefNew: 410043K->400K(460800K), 0.0029250 secs] 466540K->56897K(1484800K), 0.0030164 secs] [Times: user=0.00 sys=0.00, real=0.01 secs] 
2019-10-10T11:38:44.439+0000: 234.279: [GC (Allocation Failure) 2019-10-10T11:38:44.439+0000: 234.279: [DefNew: 410000K->442K(460800K), 0.0030570 secs] 466497K->56939K(1484800K), 0.0031900 secs] [Times: user=0.00 sys=0.00, real=0.00 secs] 
2019-10-10T11:38:51.715+0000: 241.555: [GC (Allocation Failure) 2019-10-10T11:38:51.715+0000: 241.555: [DefNew: 410042K->354K(460800K), 0.0032836 secs] 466539K->56948K(1484800K), 0.0033705 secs] [Times: user=0.00 sys=0.00, real=0.01 secs] 
2019-10-10T11:38:59.380+0000: 249.220: [GC (Allocation Failure) 2019-10-10T11:38:59.380+0000: 249.220: [DefNew: 409954K->394K(460800K), 0.0031253 secs] 466548K->56989K(1484800K), 0.0032143 secs] [Times: user=0.00 sys=0.00, real=0.00 secs] 
2019-10-10T11:39:06.688+0000: 256.528: [GC (Allocation Failure) 2019-10-10T11:39:06.688+0000: 256.528: [DefNew: 409994K->340K(460800K), 0.0028751 secs] 466589K->56935K(1484800K), 0.0029782 secs] [Times: user=0.00 sys=0.00, real=0.00 secs] 
2019-10-10T11:39:13.930+0000: 263.770: [GC (Allocation Failure) 2019-10-10T11:39:13.930+0000: 263.770: [DefNew: 409940K->344K(460800K), 0.0028335 secs] 466535K->56939K(1484800K), 0.0029187 secs] [Times: user=0.00 sys=0.00, real=0.00 secs] 
2019-10-10T11:39:21.188+0000: 271.028: [GC (Allocation Failure) 2019-10-10T11:39:21.189+0000: 271.028: [DefNew: 409944K->352K(460800K), 0.0028736 secs] 466539K->56947K(1484800K), 0.0029721 secs] [Times: user=0.00 sys=0.00, real=0.00 secs] 
2019-10-10T11:39:28.962+0000: 278.802: [GC (Allocation Failure) 2019-10-10T11:39:28.962+0000: 278.802: [DefNew: 409952K->345K(460800K), 0.0028583 secs] 466547K->56940K(1484800K), 0.0029548 secs] [Times: user=0.00 sys=0.00, real=0.01 secs] 
2019-10-10T11:39:36.232+0000: 286.072: [GC (Allocation Failure) 2019-10-10T11:39:36.232+0000: 286.072: [DefNew: 409945K->379K(460800K), 0.0029919 secs] 466540K->56975K(1484800K), 0.0030830 secs] [Times: user=0.00 sys=0.00, real=0.00 secs] 
2019-10-10T11:39:43.731+0000: 293.571: [GC (Allocation Failure) 2019-10-10T11:39:43.731+0000: 293.571: [DefNew: 409979K->378K(460800K), 0.0029377 secs] 466575K->56973K(1484800K), 0.0030374 secs] [Times: user=0.01 sys=0.00, real=0.00 secs] 
2019-10-10T11:39:51.301+0000: 301.141: [GC (Allocation Failure) 2019-10-10T11:39:51.301+0000: 301.141: [DefNew: 409978K->341K(460800K), 0.0031095 secs] 466573K->56968K(1484800K), 0.0031988 secs] [Times: user=0.00 sys=0.00, real=0.01 secs] 
2019-10-10T11:39:58.549+0000: 308.389: [GC (Allocation Failure) 2019-10-10T11:39:58.549+0000: 308.389: [DefNew: 409941K->344K(460800K), 0.0030142 secs] 466568K->56971K(1484800K), 0.0031378 secs] [Times: user=0.00 sys=0.00, real=0.00 secs] 
2019-10-10T11:40:05.827+0000: 315.667: [GC (Allocation Failure) 2019-10-10T11:40:05.827+0000: 315.667: [DefNew: 409944K->335K(460800K), 0.0031778 secs] 466571K->57093K(1484800K), 0.0032914 secs] [Times: user=0.00 sys=0.00, real=0.00 secs] 
2019-10-10T11:40:13.556+0000: 323.396: [GC (Allocation Failure) 2019-10-10T11:40:13.556+0000: 323.396: [DefNew: 409935K->257K(460800K), 0.0028438 secs] 466693K->57015K(1484800K), 0.0029312 secs] [Times: user=0.00 sys=0.00, real=0.00 secs] 
2019-10-10T11:40:20.927+0000: 330.767: [GC (Allocation Failure) 2019-10-10T11:40:20.927+0000: 330.767: [DefNew: 409857K->246K(460800K), 0.0028191 secs] 466615K->57004K(1484800K), 0.0029053 secs] [Times: user=0.01 sys=0.00, real=0.00 secs] 
2019-10-10T11:40:28.264+0000: 338.104: [GC (Allocation Failure) 2019-10-10T11:40:28.264+0000: 338.104: [DefNew: 409846K->247K(460800K), 0.0027282 secs] 466604K->57005K(1484800K), 0.0028494 secs] [Times: user=0.00 sys=0.00, real=0.00 secs] 
2019-10-10T11:40:35.973+0000: 345.813: [GC (Allocation Failure) 2019-10-10T11:40:35.973+0000: 345.813: [DefNew: 409847K->261K(460800K), 0.0028916 secs] 466605K->57019K(1484800K), 0.0029936 secs] [Times: user=0.01 sys=0.00, real=0.01 secs] 
2019-10-10T11:40:43.318+0000: 353.158: [GC (Allocation Failure) 2019-10-10T11:40:43.318+0000: 353.158: [DefNew: 409861K->250K(460800K), 0.0028303 secs] 466619K->57009K(1484800K), 0.0029165 secs] [Times: user=0.01 sys=0.00, real=0.00 secs] 
2019-10-10T11:40:50.599+0000: 360.439: [GC (Allocation Failure) 2019-10-10T11:40:50.599+0000: 360.439: [DefNew: 409850K->207K(460800K), 0.0029596 secs] 466609K->57005K(1484800K), 0.0030495 secs] [Times: user=0.00 sys=0.00, real=0.00 secs] 
2019-10-10T11:40:57.779+0000: 367.619: [GC (Allocation Failure) 2019-10-10T11:40:57.779+0000: 367.619: [DefNew: 409807K->223K(460800K), 0.0029559 secs] 466605K->57021K(1484800K), 0.0030619 secs] [Times: user=0.00 sys=0.00, real=0.00 secs] 
2019-10-10T11:41:05.538+0000: 375.378: [GC (Allocation Failure) 2019-10-10T11:41:05.538+0000: 375.378: [DefNew: 409823K->219K(460800K), 0.0028516 secs] 466621K->57021K(1484800K), 0.0029357 secs] [Times: user=0.00 sys=0.00, real=0.00 secs] 
2019-10-10T11:41:12.827+0000: 382.667: [GC (Allocation Failure) 2019-10-10T11:41:12.828+0000: 382.668: [DefNew: 409819K->219K(460800K), 0.0026515 secs] 466621K->57021K(1484800K), 0.0027512 secs] [Times: user=0.01 sys=0.00, real=0.00 secs] 
2019-10-10T11:41:20.128+0000: 389.968: [GC (Allocation Failure) 2019-10-10T11:41:20.128+0000: 389.968: [DefNew: 409819K->280K(460800K), 0.0028527 secs] 466621K->57082K(1484800K), 0.0029495 secs] [Times: user=0.00 sys=0.00, real=0.00 secs] 
2019-10-10T11:41:27.800+0000: 397.640: [GC (Allocation Failure) 2019-10-10T11:41:27.801+0000: 397.641: [DefNew: 409880K->277K(460800K), 0.0028822 secs] 466682K->57079K(1484800K), 0.0029833 secs] [Times: user=0.00 sys=0.00, real=0.01 secs] 
2019-10-10T11:41:35.088+0000: 404.928: [GC (Allocation Failure) 2019-10-10T11:41:35.088+0000: 404.928: [DefNew: 409877K->218K(460800K), 0.0027262 secs] 466679K->57021K(1484800K), 0.0028379 secs] [Times: user=0.00 sys=0.00, real=0.00 secs] 
2019-10-10T11:41:42.350+0000: 412.190: [GC (Allocation Failure) 2019-10-10T11:41:42.350+0000: 412.190: [DefNew: 409818K->287K(460800K), 0.0033294 secs] 466621K->57090K(1484800K), 0.0034179 secs] [Times: user=0.00 sys=0.00, real=0.00 secs] 
2019-10-10T11:41:49.590+0000: 419.430: [GC (Allocation Failure) 2019-10-10T11:41:49.590+0000: 419.430: [DefNew: 409887K->212K(460800K), 0.0030347 secs] 466690K->57045K(1484800K), 0.0031071 secs] [Times: user=0.00 sys=0.00, real=0.00 secs] 
2019-10-10T11:41:57.335+0000: 427.175: [GC (Allocation Failure) 2019-10-10T11:41:57.335+0000: 427.175: [DefNew: 409812K->166K(460800K), 0.0031001 secs] 466645K->57031K(1484800K), 0.0031909 secs] [Times: user=0.01 sys=0.00, real=0.01 secs] 
2019-10-10T11:42:04.614+0000: 434.454: [GC (Allocation Failure) 2019-10-10T11:42:04.614+0000: 434.454: [DefNew: 409766K->169K(460800K), 0.0027718 secs] 466631K->57035K(1484800K), 0.0028758 secs] [Times: user=0.00 sys=0.00, real=0.01 secs] 
2019-10-10T11:42:11.862+0000: 441.702: [GC (Allocation Failure) 2019-10-10T11:42:11.862+0000: 441.702: [DefNew: 409769K->190K(460800K), 0.0027854 secs] 466635K->57056K(1484800K), 0.0028758 secs] [Times: user=0.00 sys=0.00, real=0.01 secs] 
2019-10-10T11:42:19.648+0000: 449.488: [GC (Allocation Failure) 2019-10-10T11:42:19.648+0000: 449.488: [DefNew: 409790K->168K(460800K), 0.0027673 secs] 466656K->57035K(1484800K), 0.0028525 secs] [Times: user=0.00 sys=0.00, real=0.00 secs] 
2019-10-10T11:42:26.959+0000: 456.799: [GC (Allocation Failure) 2019-10-10T11:42:26.959+0000: 456.799: [DefNew: 409768K->167K(460800K), 0.0027722 secs] 466635K->57034K(1484800K), 0.0028639 secs] [Times: user=0.01 sys=0.00, real=0.00 secs] 
11:42:33.623 [worker-akka.actor.default-dispatcher-12] INFO  a.r.a.Association(akka://worker) akka.remote.artery.Association(akka://worker) - Stopping idle outbound stream [2] to [akka://worker@flamestream-benchmarks-worker-0:5412]
2019-10-10T11:42:34.738+0000: 464.578: [GC (Allocation Failure) 2019-10-10T11:42:34.738+0000: 464.578: [DefNew: 409767K->271K(460800K), 0.0030150 secs] 466634K->57139K(1484800K), 0.0031112 secs] [Times: user=0.01 sys=0.00, real=0.00 secs] 
2019-10-10T11:42:42.036+0000: 471.876: [GC (Allocation Failure) 2019-10-10T11:42:42.036+0000: 471.876: [DefNew: 409871K->228K(460800K), 0.0029484 secs] 466739K->57096K(1484800K), 0.0030350 secs] [Times: user=0.01 sys=0.00, real=0.00 secs] 
2019-10-10T11:42:49.334+0000: 479.174: [GC (Allocation Failure) 2019-10-10T11:42:49.334+0000: 479.174: [DefNew: 409828K->270K(460800K), 0.0032847 secs] 466696K->57153K(1484800K), 0.0033755 secs] [Times: user=0.00 sys=0.00, real=0.01 secs] 
2019-10-10T11:42:56.652+0000: 486.492: [GC (Allocation Failure) 2019-10-10T11:42:56.652+0000: 486.492: [DefNew: 409870K->314K(460800K), 0.0031904 secs] 466753K->57197K(1484800K), 0.0032913 secs] [Times: user=0.00 sys=0.00, real=0.01 secs] 
2019-10-10T11:43:04.380+0000: 494.220: [GC (Allocation Failure) 2019-10-10T11:43:04.380+0000: 494.220: [DefNew: 409914K->224K(460800K), 0.0029859 secs] 466797K->57108K(1484800K), 0.0030754 secs] [Times: user=0.00 sys=0.00, real=0.00 secs] 
2019-10-10T11:43:11.717+0000: 501.557: [GC (Allocation Failure) 2019-10-10T11:43:11.718+0000: 501.557: [DefNew: 409824K->235K(460800K), 0.0030189 secs] 466708K->57118K(1484800K), 0.0031249 secs] [Times: user=0.00 sys=0.00, real=0.00 secs] 
2019-10-10T11:43:18.919+0000: 508.759: [GC (Allocation Failure) 2019-10-10T11:43:18.919+0000: 508.759: [DefNew: 409835K->220K(460800K), 0.0055886 secs] 466718K->57103K(1484800K), 0.0056660 secs] [Times: user=0.00 sys=0.00, real=0.01 secs] 
2019-10-10T11:43:26.222+0000: 516.062: [GC (Allocation Failure) 2019-10-10T11:43:26.222+0000: 516.062: [DefNew: 409820K->242K(460800K), 0.0031507 secs] 466703K->57125K(1484800K), 0.0032552 secs] [Times: user=0.01 sys=0.00, real=0.01 secs] 
2019-10-10T11:43:33.961+0000: 523.801: [GC (Allocation Failure) 2019-10-10T11:43:33.961+0000: 523.801: [DefNew: 409842K->237K(460800K), 0.0030438 secs] 466725K->57121K(1484800K), 0.0031359 secs] [Times: user=0.00 sys=0.00, real=0.01 secs] 
2019-10-10T11:43:41.261+0000: 531.101: [GC (Allocation Failure) 2019-10-10T11:43:41.261+0000: 531.101: [DefNew: 409837K->220K(460800K), 0.0032340 secs] 466721K->57104K(1484800K), 0.0033284 secs] [Times: user=0.01 sys=0.00, real=0.01 secs] 
2019-10-10T11:43:48.499+0000: 538.339: [GC (Allocation Failure) 2019-10-10T11:43:48.499+0000: 538.339: [DefNew: 409820K->212K(460800K), 0.0031075 secs] 466704K->57106K(1484800K), 0.0031939 secs] [Times: user=0.00 sys=0.00, real=0.00 secs] 
2019-10-10T11:43:56.273+0000: 546.113: [GC (Allocation Failure) 2019-10-10T11:43:56.273+0000: 546.113: [DefNew: 409812K->238K(460800K), 0.0032432 secs] 466706K->57132K(1484800K), 0.0033359 secs] [Times: user=0.00 sys=0.00, real=0.01 secs] 
2019-10-10T11:44:03.561+0000: 553.401: [GC (Allocation Failure) 2019-10-10T11:44:03.561+0000: 553.401: [DefNew: 409838K->218K(460800K), 0.0030990 secs] 466732K->57112K(1484800K), 0.0031970 secs] [Times: user=0.00 sys=0.00, real=0.01 secs] 
2019-10-10T11:44:10.861+0000: 560.701: [GC (Allocation Failure) 2019-10-10T11:44:10.861+0000: 560.701: [DefNew: 409818K->263K(460800K), 0.0031453 secs] 466712K->57158K(1484800K), 0.0032375 secs] [Times: user=0.00 sys=0.00, real=0.01 secs] 
2019-10-10T11:44:18.516+0000: 568.356: [GC (Allocation Failure) 2019-10-10T11:44:18.516+0000: 568.356: [DefNew: 409863K->219K(460800K), 0.0031030 secs] 466758K->57114K(1484800K), 0.0032046 secs] [Times: user=0.00 sys=0.00, real=0.00 secs] 
2019-10-10T11:44:25.796+0000: 575.636: [GC (Allocation Failure) 2019-10-10T11:44:25.796+0000: 575.636: [DefNew: 409819K->185K(460800K), 0.0029926 secs] 466714K->57116K(1484800K), 0.0030814 secs] [Times: user=0.01 sys=0.00, real=0.00 secs] 
2019-10-10T11:44:33.066+0000: 582.906: [GC (Allocation Failure) 2019-10-10T11:44:33.067+0000: 582.906: [DefNew: 409785K->220K(460800K), 0.0030303 secs] 466716K->57172K(1484800K), 0.0031195 secs] [Times: user=0.00 sys=0.00, real=0.00 secs] 
2019-10-10T11:44:40.382+0000: 590.222: [GC (Allocation Failure) 2019-10-10T11:44:40.382+0000: 590.222: [DefNew: 409820K->183K(460800K), 0.0029195 secs] 466772K->57135K(1484800K), 0.0030046 secs] [Times: user=0.00 sys=0.00, real=0.01 secs] 
2019-10-10T11:44:48.135+0000: 597.975: [GC (Allocation Failure) 2019-10-10T11:44:48.135+0000: 597.975: [DefNew: 409783K->185K(460800K), 0.0027556 secs] 466735K->57150K(1484800K), 0.0028578 secs] [Times: user=0.00 sys=0.00, real=0.01 secs] 
2019-10-10T11:44:55.445+0000: 605.285: [GC (Allocation Failure) 2019-10-10T11:44:55.445+0000: 605.285: [DefNew: 409785K->170K(460800K), 0.0028919 secs] 466750K->57136K(1484800K), 0.0029764 secs] [Times: user=0.01 sys=0.00, real=0.00 secs] 
2019-10-10T11:45:02.744+0000: 612.584: [GC (Allocation Failure) 2019-10-10T11:45:02.744+0000: 612.584: [DefNew: 409770K->156K(460800K), 0.0026883 secs] 466736K->57122K(1484800K), 0.0027786 secs] [Times: user=0.01 sys=0.00, real=0.00 secs] 
2019-10-10T11:45:10.434+0000: 620.273: [GC (Allocation Failure) 2019-10-10T11:45:10.434+0000: 620.274: [DefNew: 409756K->159K(460800K), 0.0026419 secs] 466722K->57125K(1484800K), 0.0027445 secs] [Times: user=0.00 sys=0.00, real=0.01 secs] 
2019-10-10T11:45:17.798+0000: 627.638: [GC (Allocation Failure) 2019-10-10T11:45:17.798+0000: 627.638: [DefNew: 409759K->175K(460800K), 0.0027222 secs] 466725K->57141K(1484800K), 0.0028136 secs] [Times: user=0.00 sys=0.00, real=0.00 secs] 
2019-10-10T11:45:25.096+0000: 634.936: [GC (Allocation Failure) 2019-10-10T11:45:25.096+0000: 634.936: [DefNew: 409775K->157K(460800K), 0.0027012 secs] 466741K->57123K(1484800K), 0.0027949 secs] [Times: user=0.00 sys=0.00, real=0.00 secs] 
2019-10-10T11:45:32.905+0000: 642.745: [GC (Allocation Failure) 2019-10-10T11:45:32.905+0000: 642.745: [DefNew: 409757K->159K(460800K), 0.0026661 secs] 466723K->57125K(1484800K), 0.0027513 secs] [Times: user=0.00 sys=0.00, real=0.00 secs] 
2019-10-10T11:45:40.187+0000: 650.027: [GC (Allocation Failure) 2019-10-10T11:45:40.187+0000: 650.027: [DefNew: 409759K->238K(460800K), 0.0028859 secs] 466725K->57204K(1484800K), 0.0029745 secs] [Times: user=0.00 sys=0.00, real=0.00 secs] 
2019-10-10T11:45:47.442+0000: 657.282: [GC (Allocation Failure) 2019-10-10T11:45:47.442+0000: 657.282: [DefNew: 409838K->200K(460800K), 0.0029078 secs] 466804K->57175K(1484800K), 0.0029965 secs] [Times: user=0.00 sys=0.00, real=0.01 secs] 
2019-10-10T11:45:55.116+0000: 664.956: [GC (Allocation Failure) 2019-10-10T11:45:55.116+0000: 664.956: [DefNew: 409800K->169K(460800K), 0.0028775 secs] 466775K->57144K(1484800K), 0.0029698 secs] [Times: user=0.00 sys=0.00, real=0.00 secs] 
2019-10-10T11:46:02.435+0000: 672.275: [GC (Allocation Failure) 2019-10-10T11:46:02.435+0000: 672.275: [DefNew: 409769K->212K(460800K), 0.0027925 secs] 466744K->57187K(1484800K), 0.0028800 secs] [Times: user=0.00 sys=0.00, real=0.01 secs] 
2019-10-10T11:46:09.694+0000: 679.534: [GC (Allocation Failure) 2019-10-10T11:46:09.694+0000: 679.534: [DefNew: 409812K->172K(460800K), 0.0025110 secs] 466787K->57147K(1484800K), 0.0026079 secs] [Times: user=0.00 sys=0.00, real=0.01 secs] 
2019-10-10T11:46:17.033+0000: 686.873: [GC (Allocation Failure) 2019-10-10T11:46:17.033+0000: 686.873: [DefNew: 409772K->177K(460800K), 0.0027952 secs] 466747K->57151K(1484800K), 0.0028874 secs] [Times: user=0.00 sys=0.00, real=0.01 secs] 
2019-10-10T11:46:24.740+0000: 694.580: [GC (Allocation Failure) 2019-10-10T11:46:24.740+0000: 694.580: [DefNew: 409777K->172K(460800K), 0.0026820 secs] 466751K->57147K(1484800K), 0.0027560 secs] [Times: user=0.00 sys=0.00, real=0.00 secs] 
2019-10-10T11:46:32.065+0000: 701.905: [GC (Allocation Failure) 2019-10-10T11:46:32.065+0000: 701.905: [DefNew: 409772K->270K(460800K), 0.0028185 secs] 466747K->57244K(1484800K), 0.0029256 secs] [Times: user=0.00 sys=0.00, real=0.00 secs] 
2019-10-10T11:46:39.928+0000: 709.768: [GC (Allocation Failure) 2019-10-10T11:46:39.928+0000: 709.768: [DefNew: 409870K->179K(460800K), 0.0026590 secs] 466844K->57154K(1484800K), 0.0027428 secs] [Times: user=0.00 sys=0.00, real=0.00 secs] 
2019-10-10T11:46:47.296+0000: 717.136: [GC (Allocation Failure) 2019-10-10T11:46:47.297+0000: 717.137: [DefNew: 409779K->163K(460800K), 0.0028761 secs] 466754K->57147K(1484800K), 0.0029691 secs] [Times: user=0.01 sys=0.00, real=0.00 secs] 
2019-10-10T11:46:54.470+0000: 724.310: [GC (Allocation Failure) 2019-10-10T11:46:54.470+0000: 724.310: [DefNew: 409763K->240K(460800K), 0.0029602 secs] 466747K->57225K(1484800K), 0.0030471 secs] [Times: user=0.01 sys=0.00, real=0.00 secs] 
2019-10-10T11:47:01.710+0000: 731.550: [GC (Allocation Failure) 2019-10-10T11:47:01.711+0000: 731.551: [DefNew: 409840K->172K(460800K), 0.0029894 secs] 466825K->57157K(1484800K), 0.0030987 secs] [Times: user=0.00 sys=0.00, real=0.00 secs] 
2019-10-10T11:47:09.423+0000: 739.263: [GC (Allocation Failure) 2019-10-10T11:47:09.423+0000: 739.263: [DefNew: 409772K->194K(460800K), 0.0027505 secs] 466757K->57179K(1484800K), 0.0028405 secs] [Times: user=0.00 sys=0.00, real=0.01 secs] 
2019-10-10T11:47:16.700+0000: 746.540: [GC (Allocation Failure) 2019-10-10T11:47:16.700+0000: 746.540: [DefNew: 409794K->180K(460800K), 0.0026071 secs] 466779K->57165K(1484800K), 0.0026913 secs] [Times: user=0.00 sys=0.00, real=0.00 secs] 
2019-10-10T11:47:23.958+0000: 753.798: [GC (Allocation Failure) 2019-10-10T11:47:23.958+0000: 753.798: [DefNew: 409780K->189K(460800K), 0.0028519 secs] 466765K->57174K(1484800K), 0.0029280 secs] [Times: user=0.00 sys=0.00, real=0.00 secs] 
2019-10-10T11:47:31.783+0000: 761.623: [GC (Allocation Failure) 2019-10-10T11:47:31.783+0000: 761.623: [DefNew: 409789K->173K(460800K), 0.0025736 secs] 466774K->57158K(1484800K), 0.0026748 secs] [Times: user=0.00 sys=0.00, real=0.01 secs] 
2019-10-10T11:47:39.070+0000: 768.910: [GC (Allocation Failure) 2019-10-10T11:47:39.070+0000: 768.910: [DefNew: 409773K->181K(460800K), 0.0026690 secs] 466758K->57166K(1484800K), 0.0027653 secs] [Times: user=0.01 sys=0.00, real=0.00 secs] 
2019-10-10T11:47:46.372+0000: 776.212: [GC (Allocation Failure) 2019-10-10T11:47:46.372+0000: 776.212: [DefNew: 409781K->178K(460800K), 0.0028182 secs] 466766K->57176K(1484800K), 0.0029105 secs] [Times: user=0.00 sys=0.00, real=0.00 secs] 
2019-10-10T11:47:53.713+0000: 783.553: [GC (Allocation Failure) 2019-10-10T11:47:53.713+0000: 783.553: [DefNew: 409778K->179K(460800K), 0.0026956 secs] 466776K->57188K(1484800K), 0.0027825 secs] [Times: user=0.00 sys=0.00, real=0.01 secs] 
2019-10-10T11:48:01.371+0000: 791.211: [GC (Allocation Failure) 2019-10-10T11:48:01.371+0000: 791.211: [DefNew: 409779K->160K(460800K), 0.0028566 secs] 466788K->57169K(1484800K), 0.0029718 secs] [Times: user=0.00 sys=0.00, real=0.00 secs] 
2019-10-10T11:48:08.640+0000: 798.480: [GC (Allocation Failure) 2019-10-10T11:48:08.640+0000: 798.480: [DefNew: 409760K->158K(460800K), 0.0027392 secs] 466769K->57167K(1484800K), 0.0028423 secs] [Times: user=0.01 sys=0.00, real=0.00 secs] 
2019-10-10T11:48:15.971+0000: 805.811: [GC (Allocation Failure) 2019-10-10T11:48:15.971+0000: 805.811: [DefNew: 409758K->188K(460800K), 0.0026934 secs] 466767K->57197K(1484800K), 0.0027754 secs] [Times: user=0.00 sys=0.00, real=0.00 secs] 
2019-10-10T11:48:23.775+0000: 813.615: [GC (Allocation Failure) 2019-10-10T11:48:23.776+0000: 813.615: [DefNew: 409788K->158K(460800K), 0.0026330 secs] 466797K->57167K(1484800K), 0.0027583 secs] [Times: user=0.01 sys=0.00, real=0.00 secs] 
2019-10-10T11:48:31.005+0000: 820.845: [GC (Allocation Failure) 2019-10-10T11:48:31.006+0000: 820.845: [DefNew: 409758K->158K(460800K), 0.0024880 secs] 466767K->57167K(1484800K), 0.0025632 secs] [Times: user=0.00 sys=0.00, real=0.00 secs] 
2019-10-10T11:48:38.335+0000: 828.175: [GC (Allocation Failure) 2019-10-10T11:48:38.335+0000: 828.175: [DefNew: 409758K->160K(460800K), 0.0027020 secs] 466767K->57168K(1484800K), 0.0027918 secs] [Times: user=0.00 sys=0.00, real=0.01 secs] 
2019-10-10T11:48:46.134+0000: 835.974: [GC (Allocation Failure) 2019-10-10T11:48:46.134+0000: 835.974: [DefNew: 409760K->168K(460800K), 0.0026257 secs] 466768K->57185K(1484800K), 0.0027084 secs] [Times: user=0.00 sys=0.00, real=0.01 secs] 
2019-10-10T11:48:53.500+0000: 843.340: [GC (Allocation Failure) 2019-10-10T11:48:53.500+0000: 843.340: [DefNew: 409768K->182K(460800K), 0.0026878 secs] 466785K->57201K(1484800K), 0.0027742 secs] [Times: user=0.00 sys=0.00, real=0.00 secs] 
2019-10-10T11:49:00.609+0000: 850.449: [GC (Allocation Failure) 2019-10-10T11:49:00.609+0000: 850.449: [DefNew: 409782K->206K(460800K), 0.0028685 secs] 466801K->57226K(1484800K), 0.0029600 secs] [Times: user=0.01 sys=0.00, real=0.00 secs] 
2019-10-10T11:49:08.339+0000: 858.179: [GC (Allocation Failure) 2019-10-10T11:49:08.339+0000: 858.179: [DefNew: 409806K->160K(460800K), 0.0026679 secs] 466826K->57179K(1484800K), 0.0027556 secs] [Times: user=0.00 sys=0.00, real=0.00 secs] 
2019-10-10T11:49:15.638+0000: 865.478: [GC (Allocation Failure) 2019-10-10T11:49:15.638+0000: 865.478: [DefNew: 409760K->159K(460800K), 0.0027567 secs] 466779K->57178K(1484800K), 0.0028452 secs] [Times: user=0.01 sys=0.00, real=0.00 secs] 
2019-10-10T11:49:22.947+0000: 872.787: [GC (Allocation Failure) 2019-10-10T11:49:22.947+0000: 872.787: [DefNew: 409759K->199K(460800K), 0.0027690 secs] 466778K->57218K(1484800K), 0.0028848 secs] [Times: user=0.00 sys=0.00, real=0.00 secs] 
2019-10-10T11:49:30.194+0000: 880.034: [GC (Allocation Failure) 2019-10-10T11:49:30.194+0000: 880.034: [DefNew: 409799K->160K(460800K), 0.0026543 secs] 466818K->57179K(1484800K), 0.0027298 secs] [Times: user=0.00 sys=0.00, real=0.01 secs] 
2019-10-10T11:49:38.053+0000: 887.893: [GC (Allocation Failure) 2019-10-10T11:49:38.053+0000: 887.893: [DefNew: 409760K->159K(460800K), 0.0025506 secs] 466779K->57178K(1484800K), 0.0026431 secs] [Times: user=0.00 sys=0.00, real=0.01 secs] 
2019-10-10T11:49:45.337+0000: 895.177: [GC (Allocation Failure) 2019-10-10T11:49:45.337+0000: 895.177: [DefNew: 409759K->150K(460800K), 0.0026831 secs] 466778K->57178K(1484800K), 0.0027769 secs] [Times: user=0.00 sys=0.01, real=0.00 secs] 
2019-10-10T11:49:52.631+0000: 902.471: [GC (Allocation Failure) 2019-10-10T11:49:52.631+0000: 902.471: [DefNew: 409750K->149K(460800K), 0.0027051 secs] 466778K->57178K(1484800K), 0.0028007 secs] [Times: user=0.00 sys=0.00, real=0.00 secs] 
2019-10-10T11:50:00.312+0000: 910.152: [GC (Allocation Failure) 2019-10-10T11:50:00.312+0000: 910.152: [DefNew: 409749K->190K(460800K), 0.0030095 secs] 466778K->57219K(1484800K), 0.0030978 secs] [Times: user=0.01 sys=0.00, real=0.01 secs] 
2019-10-10T11:50:07.648+0000: 917.488: [GC (Allocation Failure) 2019-10-10T11:50:07.648+0000: 917.488: [DefNew: 409790K->157K(460800K), 0.0026946 secs] 466819K->57186K(1484800K), 0.0027862 secs] [Times: user=0.00 sys=0.00, real=0.00 secs] 
2019-10-10T11:50:14.920+0000: 924.760: [GC (Allocation Failure) 2019-10-10T11:50:14.920+0000: 924.760: [DefNew: 409757K->158K(460800K), 0.0028086 secs] 466786K->57187K(1484800K), 0.0029022 secs] [Times: user=0.00 sys=0.00, real=0.00 secs] 
2019-10-10T11:50:22.658+0000: 932.498: [GC (Allocation Failure) 2019-10-10T11:50:22.658+0000: 932.498: [DefNew: 409758K->186K(460800K), 0.0028975 secs] 466787K->57215K(1484800K), 0.0029856 secs] [Times: user=0.01 sys=0.00, real=0.00 secs] 
2019-10-10T11:50:29.961+0000: 939.801: [GC (Allocation Failure) 2019-10-10T11:50:29.961+0000: 939.801: [DefNew: 409786K->157K(460800K), 0.0027865 secs] 466815K->57186K(1484800K), 0.0028652 secs] [Times: user=0.00 sys=0.00, real=0.01 secs] 
2019-10-10T11:50:37.185+0000: 947.025: [GC (Allocation Failure) 2019-10-10T11:50:37.185+0000: 947.025: [DefNew: 409757K->158K(460800K), 0.0032454 secs] 466786K->57187K(1484800K), 0.0033352 secs] [Times: user=0.00 sys=0.00, real=0.00 secs] 
2019-10-10T11:50:45.073+0000: 954.913: [GC (Allocation Failure) 2019-10-10T11:50:45.073+0000: 954.913: [DefNew: 409758K->152K(460800K), 0.0027601 secs] 466787K->57188K(1484800K), 0.0028476 secs] [Times: user=0.00 sys=0.00, real=0.01 secs] 
2019-10-10T11:50:52.406+0000: 962.246: [GC (Allocation Failure) 2019-10-10T11:50:52.407+0000: 962.247: [DefNew: 409752K->148K(460800K), 0.0027191 secs] 466788K->57186K(1484800K), 0.0028136 secs] [Times: user=0.00 sys=0.00, real=0.00 secs] 
2019-10-10T11:50:59.731+0000: 969.571: [GC (Allocation Failure) 2019-10-10T11:50:59.731+0000: 969.571: [DefNew: 409748K->214K(460800K), 0.0029978 secs] 466786K->57252K(1484800K), 0.0030741 secs] [Times: user=0.00 sys=0.00, real=0.00 secs] 
2019-10-10T11:51:07.431+0000: 977.271: [GC (Allocation Failure) 2019-10-10T11:51:07.431+0000: 977.271: [DefNew: 409814K->162K(460800K), 0.0027535 secs] 466852K->57199K(1484800K), 0.0028682 secs] [Times: user=0.00 sys=0.00, real=0.00 secs] 
2019-10-10T11:51:14.701+0000: 984.541: [GC (Allocation Failure) 2019-10-10T11:51:14.701+0000: 984.541: [DefNew: 409762K->181K(460800K), 0.0026158 secs] 466799K->57219K(1484800K), 0.0027048 secs] [Times: user=0.00 sys=0.00, real=0.01 secs] 
2019-10-10T11:51:21.967+0000: 991.807: [GC (Allocation Failure) 2019-10-10T11:51:21.967+0000: 991.807: [DefNew: 409781K->213K(460800K), 0.0026903 secs] 466819K->57250K(1484800K), 0.0027834 secs] [Times: user=0.00 sys=0.00, real=0.00 secs] 
2019-10-10T11:51:29.466+0000: 999.306: [GC (Allocation Failure) 2019-10-10T11:51:29.466+0000: 999.306: [DefNew: 409813K->161K(460800K), 0.0026747 secs] 466850K->57198K(1484800K), 0.0027431 secs] [Times: user=0.00 sys=0.00, real=0.00 secs] 
2019-10-10T11:51:36.979+0000: 1006.819: [GC (Allocation Failure) 2019-10-10T11:51:36.979+0000: 1006.819: [DefNew: 409761K->160K(460800K), 0.0027597 secs] 466798K->57198K(1484800K), 0.0028506 secs] [Times: user=0.01 sys=0.00, real=0.00 secs] 
2019-10-10T11:51:44.256+0000: 1014.096: [GC (Allocation Failure) 2019-10-10T11:51:44.257+0000: 1014.096: [DefNew: 409760K->161K(460800K), 0.0027358 secs] 466798K->57199K(1484800K), 0.0028287 secs] [Times: user=0.00 sys=0.00, real=0.00 secs] 
11:51:50.323 [Client] INFO  c.s.f.r.e.s.SocketRear  - FlameSocketGraphDeployerRear@flamestream-benchmarks-worker-1: has been disconnected from Connection 2
11:51:50.330 [Client] INFO  c.s.f.r.e.s.SocketFront  - FlameSocketGraphDeployerFront@flamestream-benchmarks-worker-1 has been disconnected from Connection 2
11:51:53.556 [worker-akka.actor.default-dispatcher-13] INFO  a.a.LocalActorRef akka://worker/user/watcher/processing-watcher/graph/edge/FlameSocketGraphDeployerRear - Stopped
11:51:53.559 [worker-akka.actor.default-dispatcher-6] INFO  a.a.LocalActorRef akka://worker/user/watcher/processing-watcher/graph/graph/$+ - Stopped
11:51:53.560 [worker-akka.actor.default-dispatcher-6] INFO  a.a.LocalActorRef akka://worker/user/watcher/processing-watcher/graph/graph/$0 - Stopped
11:51:53.560 [worker-akka.actor.default-dispatcher-6] INFO  a.a.LocalActorRef akka://worker/user/watcher/processing-watcher/graph/graph/$1 - Stopped
11:51:53.560 [worker-akka.actor.default-dispatcher-6] INFO  a.a.LocalActorRef akka://worker/user/watcher/processing-watcher/graph/graph/$2 - Stopped
11:51:53.560 [worker-akka.actor.default-dispatcher-6] INFO  a.a.LocalActorRef akka://worker/user/watcher/processing-watcher/graph/graph/$3 - Stopped
11:51:53.560 [worker-akka.actor.default-dispatcher-9] INFO  a.a.LocalActorRef akka://worker/user/watcher/processing-watcher/graph/graph/$4 - Stopped
11:51:53.560 [worker-akka.actor.default-dispatcher-9] INFO  a.a.LocalActorRef akka://worker/user/watcher/processing-watcher/graph/graph/$5 - Stopped
11:51:53.560 [worker-akka.actor.default-dispatcher-9] INFO  a.a.LocalActorRef akka://worker/user/watcher/processing-watcher/graph/graph/$6 - Stopped
11:51:53.560 [worker-akka.actor.default-dispatcher-9] INFO  a.a.LocalActorRef akka://worker/user/watcher/processing-watcher/graph/graph/$7 - Stopped
11:51:53.560 [worker-akka.actor.default-dispatcher-9] INFO  a.a.LocalActorRef akka://worker/user/watcher/processing-watcher/graph/graph/$8 - Stopped
11:51:53.561 [worker-akka.actor.default-dispatcher-10] INFO  a.a.LocalActorRef akka://worker/user/watcher/processing-watcher/graph/graph/$9 - Stopped
11:51:53.561 [worker-akka.actor.default-dispatcher-10] INFO  a.a.LocalActorRef akka://worker/user/watcher/processing-watcher/graph/graph/$A - Stopped
11:51:53.561 [worker-akka.actor.default-dispatcher-10] INFO  a.a.LocalActorRef akka://worker/user/watcher/processing-watcher/graph/graph/$Ab - Stopped
11:51:53.561 [worker-akka.actor.default-dispatcher-10] INFO  a.a.LocalActorRef akka://worker/user/watcher/processing-watcher/graph/graph/$B - Stopped
11:51:53.561 [worker-akka.actor.default-dispatcher-10] INFO  a.a.LocalActorRef akka://worker/user/watcher/processing-watcher/graph/graph/$Bb - Stopped
11:51:53.561 [worker-akka.actor.default-dispatcher-13] INFO  a.a.LocalActorRef akka://worker/user/watcher/processing-watcher/graph/graph/$C - Stopped
11:51:53.561 [worker-akka.actor.default-dispatcher-13] INFO  a.a.LocalActorRef akka://worker/user/watcher/processing-watcher/graph/graph/$Cb - Stopped
11:51:53.563 [worker-akka.actor.default-dispatcher-13] INFO  a.a.LocalActorRef akka://worker/user/watcher/processing-watcher/graph/graph/$D - Stopped
11:51:53.564 [worker-akka.actor.default-dispatcher-13] INFO  a.a.LocalActorRef akka://worker/user/watcher/processing-watcher/graph/graph/$Db - Stopped
11:51:53.565 [worker-akka.actor.default-dispatcher-13] INFO  a.a.LocalActorRef akka://worker/user/watcher/processing-watcher/graph/graph/$E - Stopped
11:51:53.566 [worker-akka.actor.default-dispatcher-19] INFO  a.a.LocalActorRef akka://worker/user/watcher/processing-watcher/graph/graph/$Eb - Stopped
11:51:53.566 [worker-akka.actor.default-dispatcher-19] INFO  a.a.LocalActorRef akka://worker/user/watcher/processing-watcher/graph/negotiator - Stopped
11:51:53.568 [worker-akka.actor.default-dispatcher-13] INFO  a.a.LocalActorRef akka://worker/user/watcher/processing-watcher/graph/graph/$F - Stopped
11:51:53.569 [worker-akka.actor.default-dispatcher-13] INFO  a.a.LocalActorRef akka://worker/user/watcher/processing-watcher/graph/graph/$Fb - Stopped
11:51:53.571 [worker-akka.actor.default-dispatcher-13] INFO  a.a.LocalActorRef akka://worker/user/watcher/processing-watcher/graph/graph/$G - Stopped
11:51:53.571 [worker-akka.actor.default-dispatcher-16] INFO  a.a.LocalActorRef akka://worker/user/watcher/processing-watcher/graph/graph/$Gb - Stopped
11:51:53.574 [worker-akka.actor.default-dispatcher-13] INFO  a.a.LocalActorRef akka://worker/user/watcher/processing-watcher/graph/graph/$H - Stopped
11:51:53.575 [worker-akka.actor.default-dispatcher-13] INFO  a.a.LocalActorRef akka://worker/user/watcher/processing-watcher/graph/graph/$Hb - Stopped
11:51:53.576 [worker-akka.actor.default-dispatcher-13] INFO  a.a.LocalActorRef akka://worker/user/watcher/processing-watcher/graph/graph/$I - Stopped
11:51:53.577 [worker-akka.actor.default-dispatcher-13] INFO  a.a.LocalActorRef akka://worker/user/watcher/processing-watcher/graph/graph/$Ib - Stopped
11:51:53.577 [worker-akka.actor.default-dispatcher-10] INFO  a.a.LocalActorRef akka://worker/user/watcher/processing-watcher/graph/graph/$J - Stopped
11:51:53.579 [worker-akka.actor.default-dispatcher-13] INFO  a.a.LocalActorRef akka://worker/user/watcher/processing-watcher/graph/graph/$Jb - Stopped
11:51:53.580 [worker-akka.actor.default-dispatcher-13] INFO  a.a.LocalActorRef akka://worker/user/watcher/processing-watcher/graph/graph/$K - Stopped
11:51:53.581 [worker-akka.actor.default-dispatcher-13] INFO  a.a.LocalActorRef akka://worker/user/watcher/processing-watcher/graph/graph/$Kb - Stopped
11:51:53.582 [worker-akka.actor.default-dispatcher-13] INFO  a.a.LocalActorRef akka://worker/user/watcher/processing-watcher/graph/graph/$L - Stopped
11:51:53.582 [worker-akka.actor.default-dispatcher-9] INFO  a.a.LocalActorRef akka://worker/user/watcher/processing-watcher/graph/graph/$Lb - Stopped
11:51:53.584 [worker-akka.actor.default-dispatcher-13] INFO  a.a.LocalActorRef akka://worker/user/watcher/processing-watcher/graph/graph/$M - Stopped
11:51:53.585 [worker-akka.actor.default-dispatcher-13] INFO  a.a.LocalActorRef akka://worker/user/watcher/processing-watcher/graph/graph/$Mb - Stopped
11:51:53.586 [worker-akka.actor.default-dispatcher-13] INFO  a.a.LocalActorRef akka://worker/user/watcher/processing-watcher/graph/graph/$N - Stopped
11:51:53.587 [worker-akka.actor.default-dispatcher-13] INFO  a.a.LocalActorRef akka://worker/user/watcher/processing-watcher/graph/graph/$Nb - Stopped
11:51:53.591 [worker-akka.actor.default-dispatcher-15] INFO  a.a.LocalActorRef akka://worker/user/watcher/processing-watcher/graph/graph/$O - Stopped
11:51:53.596 [worker-akka.actor.default-dispatcher-12] INFO  a.a.LocalActorRef akka://worker/user/watcher/processing-watcher/graph/edge/FlameSocketGraphDeployerFront - Stopped
11:51:53.596 [worker-akka.actor.default-dispatcher-12] INFO  a.a.LocalActorRef akka://worker/user/watcher/processing-watcher/graph/edge - Stopped
11:51:53.597 [worker-akka.actor.default-dispatcher-22] INFO  a.a.LocalActorRef akka://worker/user/watcher/processing-watcher/graph/graph/$P - Stopped
11:51:53.597 [worker-akka.actor.default-dispatcher-22] INFO  a.a.LocalActorRef akka://worker/user/watcher/processing-watcher/graph/graph/$Q - Stopped
11:51:53.598 [worker-akka.actor.default-dispatcher-22] INFO  a.a.LocalActorRef akka://worker/user/watcher/processing-watcher/graph/graph/$R - Stopped
11:51:53.598 [worker-akka.actor.default-dispatcher-22] INFO  a.a.LocalActorRef akka://worker/user/watcher/processing-watcher/graph/graph/$S - Stopped
11:51:53.598 [worker-akka.actor.default-dispatcher-22] INFO  a.a.LocalActorRef akka://worker/user/watcher/processing-watcher/graph/graph/$T - Stopped
11:51:53.598 [worker-akka.actor.default-dispatcher-22] INFO  a.a.LocalActorRef akka://worker/user/watcher/processing-watcher/graph/graph/$U - Stopped
11:51:53.598 [worker-akka.actor.default-dispatcher-23] INFO  a.a.LocalActorRef akka://worker/user/watcher/processing-watcher/graph/graph/$V - Stopped
11:51:53.599 [worker-akka.actor.default-dispatcher-23] INFO  a.a.LocalActorRef akka://worker/user/watcher/processing-watcher/graph/graph/$W - Stopped
11:51:53.599 [worker-akka.actor.default-dispatcher-23] INFO  a.a.LocalActorRef akka://worker/user/watcher/processing-watcher/graph/graph/$X - Stopped
11:51:53.599 [worker-akka.actor.default-dispatcher-23] INFO  a.a.LocalActorRef akka://worker/user/watcher/processing-watcher/graph/graph/$Y - Stopped
11:51:53.600 [worker-akka.actor.default-dispatcher-24] INFO  a.a.LocalActorRef akka://worker/user/watcher/processing-watcher/graph/graph/$Z - Stopped
11:51:53.600 [worker-akka.actor.default-dispatcher-24] INFO  a.a.LocalActorRef akka://worker/user/watcher/processing-watcher/graph/graph/$a - Stopped
11:51:53.600 [worker-akka.actor.default-dispatcher-24] INFO  a.a.LocalActorRef akka://worker/user/watcher/processing-watcher/graph/graph/$ab - Stopped
11:51:53.600 [worker-akka.actor.default-dispatcher-24] INFO  a.a.LocalActorRef akka://worker/user/watcher/processing-watcher/graph/graph/$b - Stopped
11:51:53.600 [worker-akka.actor.default-dispatcher-24] INFO  a.a.LocalActorRef akka://worker/user/watcher/processing-watcher/graph/graph/$bb - Stopped
11:51:53.600 [worker-akka.actor.default-dispatcher-24] INFO  a.a.LocalActorRef akka://worker/user/watcher/processing-watcher/graph/graph/$c - Stopped
11:51:53.600 [worker-akka.actor.default-dispatcher-24] INFO  a.a.LocalActorRef akka://worker/user/watcher/processing-watcher/graph/graph/$cb - Stopped
11:51:53.600 [worker-akka.actor.default-dispatcher-24] INFO  a.a.LocalActorRef akka://worker/user/watcher/processing-watcher/graph/graph/$d - Stopped
11:51:53.600 [worker-akka.actor.default-dispatcher-24] INFO  a.a.LocalActorRef akka://worker/user/watcher/processing-watcher/graph/graph/$db - Stopped
11:51:53.601 [worker-akka.actor.default-dispatcher-24] INFO  a.a.LocalActorRef akka://worker/user/watcher/processing-watcher/graph/graph/$e - Stopped
11:51:53.605 [worker-akka.actor.default-dispatcher-25] INFO  a.a.LocalActorRef akka://worker/user/watcher/processing-watcher/graph/graph/$eb - Stopped
11:51:53.607 [worker-akka.actor.default-dispatcher-25] INFO  a.a.LocalActorRef akka://worker/user/watcher/processing-watcher/graph/graph/$f - Stopped
11:51:53.609 [worker-akka.actor.default-dispatcher-25] INFO  a.a.LocalActorRef akka://worker/user/watcher/processing-watcher/graph/graph/$fb - Stopped
11:51:53.610 [worker-akka.actor.default-dispatcher-25] INFO  a.a.LocalActorRef akka://worker/user/watcher/processing-watcher/graph/graph/$g - Stopped
11:51:53.611 [worker-akka.actor.default-dispatcher-25] INFO  a.a.LocalActorRef akka://worker/user/watcher/processing-watcher/graph/graph/$gb - Stopped
11:51:53.612 [worker-akka.actor.default-dispatcher-25] INFO  a.a.LocalActorRef akka://worker/user/watcher/processing-watcher/graph/graph/$h - Stopped
11:51:53.613 [worker-akka.actor.default-dispatcher-25] INFO  a.a.LocalActorRef akka://worker/user/watcher/processing-watcher/graph/graph/$hb - Stopped
11:51:53.613 [worker-akka.actor.default-dispatcher-25] INFO  a.a.LocalActorRef akka://worker/user/watcher/processing-watcher/graph/graph/$i - Stopped
11:51:53.614 [worker-akka.actor.default-dispatcher-25] INFO  a.a.LocalActorRef akka://worker/user/watcher/processing-watcher/graph/graph/$ib - Stopped
11:51:53.615 [worker-akka.actor.default-dispatcher-25] INFO  a.a.LocalActorRef akka://worker/user/watcher/processing-watcher/graph/graph/$j - Stopped
11:51:53.616 [worker-akka.actor.default-dispatcher-25] INFO  a.a.LocalActorRef akka://worker/user/watcher/processing-watcher/graph/graph/$jb - Stopped
11:51:53.617 [worker-akka.actor.default-dispatcher-25] INFO  a.a.LocalActorRef akka://worker/user/watcher/processing-watcher/graph/graph/$k - Stopped
11:51:53.618 [worker-akka.actor.default-dispatcher-25] INFO  a.a.LocalActorRef akka://worker/user/watcher/processing-watcher/graph/graph/$kb - Stopped
11:51:53.619 [worker-akka.actor.default-dispatcher-25] INFO  a.a.LocalActorRef akka://worker/user/watcher/processing-watcher/graph/graph/$l - Stopped
11:51:53.620 [worker-akka.actor.default-dispatcher-25] INFO  a.a.LocalActorRef akka://worker/user/watcher/processing-watcher/graph/graph/$lb - Stopped
11:51:53.621 [worker-akka.actor.default-dispatcher-25] INFO  a.a.LocalActorRef akka://worker/user/watcher/processing-watcher/graph/graph/$m - Stopped
11:51:53.622 [worker-akka.actor.default-dispatcher-25] INFO  a.a.LocalActorRef akka://worker/user/watcher/processing-watcher/graph/graph/$mb - Stopped
11:51:53.623 [worker-akka.actor.default-dispatcher-25] INFO  a.a.LocalActorRef akka://worker/user/watcher/processing-watcher/graph/graph/$n - Stopped
11:51:53.624 [worker-akka.actor.default-dispatcher-24] INFO  a.a.LocalActorRef akka://worker/user/watcher/processing-watcher/graph/graph/$nb - Stopped
11:51:53.625 [worker-akka.actor.default-dispatcher-24] INFO  a.a.LocalActorRef akka://worker/user/watcher/processing-watcher/graph/graph/$o - Stopped
11:51:53.625 [worker-akka.actor.default-dispatcher-24] INFO  a.a.LocalActorRef akka://worker/user/watcher/processing-watcher/graph/graph/$ob - Stopped
11:51:53.625 [worker-akka.actor.default-dispatcher-24] INFO  a.a.LocalActorRef akka://worker/user/watcher/processing-watcher/graph/graph/$p - Stopped
11:51:53.625 [worker-akka.actor.default-dispatcher-24] INFO  a.a.LocalActorRef akka://worker/user/watcher/processing-watcher/graph/graph/$pb - Stopped
11:51:53.625 [worker-akka.actor.default-dispatcher-24] INFO  a.a.LocalActorRef akka://worker/user/watcher/processing-watcher/graph/graph/$q - Stopped
11:51:53.625 [worker-akka.actor.default-dispatcher-25] INFO  a.a.LocalActorRef akka://worker/user/watcher/processing-watcher/graph/graph/$qb - Stopped
11:51:53.626 [worker-akka.actor.default-dispatcher-25] INFO  a.a.LocalActorRef akka://worker/user/watcher/processing-watcher/graph/graph/$r - Stopped
11:51:53.628 [worker-akka.actor.default-dispatcher-25] INFO  a.a.LocalActorRef akka://worker/user/watcher/processing-watcher/graph/graph/$rb - Stopped
11:51:53.629 [worker-akka.actor.default-dispatcher-25] INFO  a.a.LocalActorRef akka://worker/user/watcher/processing-watcher/graph/graph/$s - Stopped
11:51:53.629 [worker-akka.actor.default-dispatcher-25] INFO  a.a.LocalActorRef akka://worker/user/watcher/processing-watcher/graph/graph/$sb - Stopped
11:51:53.630 [worker-akka.actor.default-dispatcher-25] INFO  a.a.LocalActorRef akka://worker/user/watcher/processing-watcher/graph/graph/$t - Stopped
11:51:53.631 [worker-akka.actor.default-dispatcher-25] INFO  a.a.LocalActorRef akka://worker/user/watcher/processing-watcher/graph/graph/$tb - Stopped
11:51:53.631 [worker-akka.actor.default-dispatcher-25] INFO  a.a.LocalActorRef akka://worker/user/watcher/processing-watcher/graph/graph/$u - Stopped
11:51:53.632 [worker-akka.actor.default-dispatcher-25] INFO  a.a.LocalActorRef akka://worker/user/watcher/processing-watcher/graph/graph/$ub - Stopped
11:51:53.633 [worker-akka.actor.default-dispatcher-25] INFO  a.a.LocalActorRef akka://worker/user/watcher/processing-watcher/graph/graph/$v - Stopped
11:51:53.634 [worker-akka.actor.default-dispatcher-25] INFO  a.a.LocalActorRef akka://worker/user/watcher/processing-watcher/graph/graph/$vb - Stopped
11:51:53.635 [worker-akka.actor.default-dispatcher-25] INFO  a.a.LocalActorRef akka://worker/user/watcher/processing-watcher/graph/graph/$w - Stopped
11:51:53.636 [worker-akka.actor.default-dispatcher-25] INFO  a.a.LocalActorRef akka://worker/user/watcher/processing-watcher/graph/graph/$wb - Stopped
11:51:53.637 [worker-akka.actor.default-dispatcher-25] INFO  a.a.LocalActorRef akka://worker/user/watcher/processing-watcher/graph/graph/$x - Stopped
11:51:53.638 [worker-akka.actor.default-dispatcher-23] INFO  a.a.LocalActorRef akka://worker/user/watcher/processing-watcher/graph/graph/$xb - Stopped
11:51:53.638 [worker-akka.actor.default-dispatcher-23] INFO  a.a.LocalActorRef akka://worker/user/watcher/processing-watcher/graph/graph/$y - Stopped
11:51:53.638 [worker-akka.actor.default-dispatcher-25] INFO  a.a.LocalActorRef akka://worker/user/watcher/processing-watcher/graph/graph/$yb - Stopped
11:51:53.639 [worker-akka.actor.default-dispatcher-25] INFO  a.a.LocalActorRef akka://worker/user/watcher/processing-watcher/graph/graph/$z - Stopped
11:51:53.640 [worker-akka.actor.default-dispatcher-25] INFO  a.a.LocalActorRef akka://worker/user/watcher/processing-watcher/graph/graph/$zb - Stopped
11:51:53.641 [worker-akka.actor.default-dispatcher-25] INFO  a.a.LocalActorRef akka://worker/user/watcher/processing-watcher/graph/graph/$~ - Stopped
11:51:53.657 [worker-akka.actor.default-dispatcher-25] INFO  a.a.LocalActorRef akka://worker/user/watcher/processing-watcher/graph/graph - Stopped
11:51:53.666 [worker-akka.actor.default-dispatcher-25] INFO  a.a.LocalActorRef akka://worker/user/watcher/processing-watcher/graph - Stopped
11:51:53.667 [worker-akka.actor.default-dispatcher-22] INFO  a.a.LocalActorRef akka://worker/user/watcher/processing-watcher - Stopped
11:51:53.668 [Curator-Framework-0] INFO  o.a.c.f.i.CuratorFrameworkImpl  - backgroundOperationsLoop exiting
11:51:53.677 [worker-akka.actor.default-dispatcher-6-EventThread] INFO  o.a.z.ClientCnxn  - EventThread shut down for session: 0x100002c53420001
11:51:53.678 [worker-akka.actor.default-dispatcher-25] INFO  o.a.z.ZooKeeper  - Session: 0x100002c53420001 closed
11:51:53.677 [Curator-PathChildrenCache-0] ERROR o.a.c.f.r.c.PathChildrenCache  - 
java.lang.IllegalStateException: instance must be started before calling this method
	at org.apache.curator.shaded.com.google.common.base.Preconditions.checkState(Preconditions.java:444)
	at org.apache.curator.framework.imps.CuratorFrameworkImpl.getChildren(CuratorFrameworkImpl.java:456)
	at org.apache.curator.framework.recipes.cache.PathChildrenCache.refresh(PathChildrenCache.java:521)
	at org.apache.curator.framework.recipes.cache.RefreshOperation.invoke(RefreshOperation.java:35)
	at org.apache.curator.framework.recipes.cache.PathChildrenCache$9.run(PathChildrenCache.java:786)
	at java.util.concurrent.Executors$RunnableAdapter.call(Executors.java:511)
	at java.util.concurrent.FutureTask.run(FutureTask.java:266)
	at java.util.concurrent.Executors$RunnableAdapter.call(Executors.java:511)
	at java.util.concurrent.FutureTask.run(FutureTask.java:266)
	at java.util.concurrent.ThreadPoolExecutor.runWorker(ThreadPoolExecutor.java:1149)
	at java.util.concurrent.ThreadPoolExecutor$Worker.run(ThreadPoolExecutor.java:624)
	at java.lang.Thread.run(Thread.java:748)
11:51:53.678 [worker-akka.actor.default-dispatcher-22] INFO  a.a.RepointableActorRef akka://worker/user/watcher - Stopped
11:51:53.688 [worker-akka.actor.default-dispatcher-25] INFO  a.r.RemoteActorRefProvider$RemotingTerminator akka://worker@flamestream-benchmarks-worker-1:5412/system/remoting-terminator - Shutting down remote daemon.
11:51:53.689 [worker-akka.actor.default-dispatcher-25] INFO  a.r.RemoteActorRefProvider$RemotingTerminator akka://worker@flamestream-benchmarks-worker-1:5412/system/remoting-terminator - Remote daemon shut down; proceeding with flushing remote transports.
11:51:54.729 [worker-akka.actor.default-dispatcher-25] INFO  a.r.RemoteActorRefProvider$RemotingTerminator akka://worker@flamestream-benchmarks-worker-1:5412/system/remoting-terminator - Remoting shut down.
Heap
 def new generation   total 460800K, used 375367K [0x00000000a2400000, 0x00000000c1800000, 0x00000000c1800000)
  eden space 409600K,  91% used [0x00000000a2400000, 0x00000000b9269988, 0x00000000bb400000)
  from space 51200K,   0% used [0x00000000bb400000, 0x00000000bb428600, 0x00000000be600000)
  to   space 51200K,   0% used [0x00000000be600000, 0x00000000be600000, 0x00000000c1800000)
 tenured generation   total 1024000K, used 57037K [0x00000000c1800000, 0x0000000100000000, 0x0000000100000000)
   the space 1024000K,   5% used [0x00000000c1800000, 0x00000000c4fb3728, 0x00000000c4fb3800, 0x0000000100000000)
 Metaspace       used 40782K, capacity 43620K, committed 43904K, reserved 1087488K
  class space    used 5354K, capacity 5674K, committed 5760K, reserved 1048576K
