18:58:05,495 |-INFO in ch.qos.logback.classic.LoggerContext[default] - Could NOT find resource [logback-test.xml]
18:58:05,495 |-INFO in ch.qos.logback.classic.LoggerContext[default] - Could NOT find resource [logback.groovy]
18:58:05,496 |-INFO in ch.qos.logback.classic.LoggerContext[default] - Found resource [logback.xml] at [jar:file:/root/flamestream/lib/flamestream-runtime-1.0-SNAPSHOT.jar!/logback.xml]
18:58:05,497 |-WARN in ch.qos.logback.classic.LoggerContext[default] - Resource [logback.xml] occurs multiple times on the classpath.
18:58:05,497 |-WARN in ch.qos.logback.classic.LoggerContext[default] - Resource [logback.xml] occurs at [jar:file:/root/flamestream/lib/flamestream-runtime-1.0-SNAPSHOT.jar!/logback.xml]
18:58:05,497 |-WARN in ch.qos.logback.classic.LoggerContext[default] - Resource [logback.xml] occurs at [jar:file:/root/flamestream/flamestream-runtime-1.0-SNAPSHOT.jar!/logback.xml]
18:58:05,517 |-INFO in ch.qos.logback.core.joran.spi.ConfigurationWatchList@3fb6a447 - URL [jar:file:/root/flamestream/lib/flamestream-runtime-1.0-SNAPSHOT.jar!/logback.xml] is not of type file
18:58:05,587 |-INFO in ch.qos.logback.classic.joran.action.ConfigurationAction - debug attribute not set
18:58:05,587 |-INFO in ch.qos.logback.core.joran.action.AppenderAction - About to instantiate appender of type [ch.qos.logback.core.ConsoleAppender]
18:58:05,604 |-INFO in ch.qos.logback.core.joran.action.AppenderAction - Naming appender as [STDOUT]
18:58:05,621 |-INFO in ch.qos.logback.core.joran.action.NestedComplexPropertyIA - Assuming default type [ch.qos.logback.classic.encoder.PatternLayoutEncoder] for [encoder] property
18:58:05,703 |-INFO in ch.qos.logback.core.joran.action.AppenderAction - About to instantiate appender of type [ch.qos.logback.core.rolling.RollingFileAppender]
18:58:05,708 |-INFO in ch.qos.logback.core.joran.action.AppenderAction - Naming appender as [FILE]
18:58:05,738 |-INFO in c.q.l.core.rolling.TimeBasedRollingPolicy@127618319 - No compression will be used
18:58:05,740 |-INFO in c.q.l.core.rolling.TimeBasedRollingPolicy@127618319 - Will use the pattern /tmp/application_%d{yyyy-MM-dd}.%i.log for the active file
18:58:05,743 |-INFO in ch.qos.logback.core.rolling.SizeAndTimeBasedFNATP@6b2fad11 - The date pattern is 'yyyy-MM-dd' from file name pattern '/tmp/application_%d{yyyy-MM-dd}.%i.log'.
18:58:05,743 |-INFO in ch.qos.logback.core.rolling.SizeAndTimeBasedFNATP@6b2fad11 - Roll-over at midnight.
18:58:05,748 |-INFO in ch.qos.logback.core.rolling.SizeAndTimeBasedFNATP@6b2fad11 - Setting initial period to Mon Jun 10 18:56:33 UTC 2019
18:58:05,748 |-WARN in ch.qos.logback.core.rolling.SizeAndTimeBasedFNATP@6b2fad11 - SizeAndTimeBasedFNATP is deprecated. Use SizeAndTimeBasedRollingPolicy instead
18:58:05,748 |-WARN in ch.qos.logback.core.rolling.SizeAndTimeBasedFNATP@6b2fad11 - For more information see http://logback.qos.ch/manual/appenders.html#SizeAndTimeBasedRollingPolicy
18:58:05,752 |-INFO in ch.qos.logback.core.joran.action.NestedComplexPropertyIA - Assuming default type [ch.qos.logback.classic.encoder.PatternLayoutEncoder] for [encoder] property
18:58:05,757 |-INFO in ch.qos.logback.core.rolling.RollingFileAppender[FILE] - Active log file name: /tmp/application.log
18:58:05,757 |-INFO in ch.qos.logback.core.rolling.RollingFileAppender[FILE] - File property is set to [/tmp/application.log]
18:58:05,758 |-INFO in ch.qos.logback.classic.joran.action.RootLoggerAction - Setting level of ROOT logger to WARN
18:58:05,758 |-INFO in ch.qos.logback.core.joran.action.AppenderRefAction - Attaching appender named [STDOUT] to Logger[ROOT]
18:58:05,760 |-INFO in ch.qos.logback.core.joran.action.AppenderRefAction - Attaching appender named [FILE] to Logger[ROOT]
18:58:05,760 |-INFO in ch.qos.logback.classic.joran.action.ConfigurationAction - End of configuration.
18:58:05,760 |-INFO in ch.qos.logback.classic.joran.JoranConfigurator@79698539 - Registering current configuration as safe fallback point

Ama winner
Ama winner
2019-06-10T18:58:07.018+0000: 1.705: [Full GC (Metadata GC Threshold) 2019-06-10T18:58:07.018+0000: 1.705: [Tenured: 0K->15175K(341376K), 0.0405116 secs] 114924K->15175K(494976K), [Metaspace: 20730K->20730K(1067008K)], 0.0405785 secs] [Times: user=0.03 sys=0.01, real=0.04 secs] 
18:58:24.720 [Curator-PathChildrenCache-1] WARN  o.a.c.u.ZKPaths  - The version of ZooKeeper being used doesn't support Container nodes. CreateMode.PERSISTENT will be used instead.
2019-06-10T18:58:27.043+0000: 21.730: [GC (Allocation Failure) 2019-06-10T18:58:27.043+0000: 21.730: [DefNew: 136576K->17024K(153600K), 0.0255992 secs] 151751K->52505K(494976K), 0.0256653 secs] [Times: user=0.02 sys=0.01, real=0.03 secs] 
2019-06-10T18:58:29.083+0000: 23.770: [Full GC (Metadata GC Threshold) 2019-06-10T18:58:29.083+0000: 23.770: [Tenured: 35481K->43807K(341376K), 0.0455100 secs] 100737K->43807K(494976K), [Metaspace: 34599K->34599K(1079296K)], 0.0455868 secs] [Times: user=0.05 sys=0.00, real=0.05 secs] 
2019-06-10T18:58:35.141+0000: 29.828: [GC (Allocation Failure) 2019-06-10T18:58:35.141+0000: 29.828: [DefNew: 136576K->66K(153600K), 0.0017965 secs] 180383K->43874K(494976K), 0.0018613 secs] [Times: user=0.00 sys=0.00, real=0.00 secs] 
2019-06-10T18:58:41.210+0000: 35.897: [GC (Allocation Failure) 2019-06-10T18:58:41.210+0000: 35.897: [DefNew: 136642K->64K(153600K), 0.0017405 secs] 180450K->43872K(494976K), 0.0018132 secs] [Times: user=0.00 sys=0.00, real=0.00 secs] 
2019-06-10T18:58:47.333+0000: 42.020: [GC (Allocation Failure) 2019-06-10T18:58:47.333+0000: 42.020: [DefNew: 136640K->65K(153600K), 0.0017855 secs] 180448K->43873K(494976K), 0.0018450 secs] [Times: user=0.00 sys=0.00, real=0.01 secs] 
2019-06-10T18:58:53.477+0000: 48.165: [GC (Allocation Failure) 2019-06-10T18:58:53.478+0000: 48.165: [DefNew: 136641K->68K(153600K), 0.0018069 secs] 180449K->43876K(494976K), 0.0018908 secs] [Times: user=0.00 sys=0.00, real=0.00 secs] 
2019-06-10T18:58:59.606+0000: 54.293: [GC (Allocation Failure) 2019-06-10T18:58:59.606+0000: 54.293: [DefNew: 136644K->66K(153600K), 0.0018451 secs] 180452K->43874K(494976K), 0.0019066 secs] [Times: user=0.00 sys=0.00, real=0.01 secs] 
18:59:06.365 [Curator-PathChildrenCache-0] ERROR o.a.c.f.r.c.PathChildrenCache  - 
java.lang.IllegalStateException: instance must be started before calling this method
	at org.apache.curator.shaded.com.google.common.base.Preconditions.checkState(Preconditions.java:444)
	at org.apache.curator.framework.imps.CuratorFrameworkImpl.getChildren(CuratorFrameworkImpl.java:456)
	at org.apache.curator.framework.recipes.cache.PathChildrenCache.refresh(PathChildrenCache.java:521)
	at org.apache.curator.framework.recipes.cache.RefreshOperation.invoke(RefreshOperation.java:35)
	at org.apache.curator.framework.recipes.cache.PathChildrenCache$9.run(PathChildrenCache.java:786)
	at java.util.concurrent.Executors$RunnableAdapter.call(Executors.java:511)
	at java.util.concurrent.FutureTask.run(FutureTask.java:266)
	at java.util.concurrent.Executors$RunnableAdapter.call(Executors.java:511)
	at java.util.concurrent.FutureTask.run(FutureTask.java:266)
	at java.util.concurrent.ThreadPoolExecutor.runWorker(ThreadPoolExecutor.java:1149)
	at java.util.concurrent.ThreadPoolExecutor$Worker.run(ThreadPoolExecutor.java:624)
	at java.lang.Thread.run(Thread.java:748)
Heap
 def new generation   total 153600K, used 49229K [0x00000000e0c00000, 0x00000000eb2a0000, 0x00000000eb2a0000)
  eden space 136576K,  35% used [0x00000000e0c00000, 0x00000000e3c02c30, 0x00000000e9160000)
  from space 17024K,   0% used [0x00000000e9160000, 0x00000000e9170b18, 0x00000000ea200000)
  to   space 17024K,   0% used [0x00000000ea200000, 0x00000000ea200000, 0x00000000eb2a0000)
 tenured generation   total 341376K, used 43807K [0x00000000eb2a0000, 0x0000000100000000, 0x0000000100000000)
   the space 341376K,  12% used [0x00000000eb2a0000, 0x00000000edd67f90, 0x00000000edd68000, 0x0000000100000000)
 Metaspace       used 36015K, capacity 36934K, committed 37120K, reserved 1081344K
  class space    used 4862K, capacity 5075K, committed 5120K, reserved 1048576K
