19:11:50,275 |-INFO in ch.qos.logback.classic.LoggerContext[default] - Could NOT find resource [logback-test.xml]
19:11:50,275 |-INFO in ch.qos.logback.classic.LoggerContext[default] - Could NOT find resource [logback.groovy]
19:11:50,275 |-INFO in ch.qos.logback.classic.LoggerContext[default] - Found resource [logback.xml] at [jar:file:/root/flamestream/lib/flamestream-runtime-1.0-SNAPSHOT.jar!/logback.xml]
19:11:50,276 |-WARN in ch.qos.logback.classic.LoggerContext[default] - Resource [logback.xml] occurs multiple times on the classpath.
19:11:50,276 |-WARN in ch.qos.logback.classic.LoggerContext[default] - Resource [logback.xml] occurs at [jar:file:/root/flamestream/lib/flamestream-runtime-1.0-SNAPSHOT.jar!/logback.xml]
19:11:50,276 |-WARN in ch.qos.logback.classic.LoggerContext[default] - Resource [logback.xml] occurs at [jar:file:/root/flamestream/flamestream-runtime-1.0-SNAPSHOT.jar!/logback.xml]
19:11:50,295 |-INFO in ch.qos.logback.core.joran.spi.ConfigurationWatchList@3fb6a447 - URL [jar:file:/root/flamestream/lib/flamestream-runtime-1.0-SNAPSHOT.jar!/logback.xml] is not of type file
19:11:50,361 |-INFO in ch.qos.logback.classic.joran.action.ConfigurationAction - debug attribute not set
19:11:50,361 |-INFO in ch.qos.logback.core.joran.action.AppenderAction - About to instantiate appender of type [ch.qos.logback.core.ConsoleAppender]
19:11:50,379 |-INFO in ch.qos.logback.core.joran.action.AppenderAction - Naming appender as [STDOUT]
19:11:50,397 |-INFO in ch.qos.logback.core.joran.action.NestedComplexPropertyIA - Assuming default type [ch.qos.logback.classic.encoder.PatternLayoutEncoder] for [encoder] property
19:11:50,486 |-INFO in ch.qos.logback.core.joran.action.AppenderAction - About to instantiate appender of type [ch.qos.logback.core.rolling.RollingFileAppender]
19:11:50,499 |-INFO in ch.qos.logback.core.joran.action.AppenderAction - Naming appender as [FILE]
19:11:50,526 |-INFO in c.q.l.core.rolling.TimeBasedRollingPolicy@127618319 - No compression will be used
19:11:50,527 |-INFO in c.q.l.core.rolling.TimeBasedRollingPolicy@127618319 - Will use the pattern /tmp/application_%d{yyyy-MM-dd}.%i.log for the active file
19:11:50,530 |-INFO in ch.qos.logback.core.rolling.SizeAndTimeBasedFNATP@6b2fad11 - The date pattern is 'yyyy-MM-dd' from file name pattern '/tmp/application_%d{yyyy-MM-dd}.%i.log'.
19:11:50,530 |-INFO in ch.qos.logback.core.rolling.SizeAndTimeBasedFNATP@6b2fad11 - Roll-over at midnight.
19:11:50,535 |-INFO in ch.qos.logback.core.rolling.SizeAndTimeBasedFNATP@6b2fad11 - Setting initial period to Mon Jun 10 19:10:25 UTC 2019
19:11:50,535 |-WARN in ch.qos.logback.core.rolling.SizeAndTimeBasedFNATP@6b2fad11 - SizeAndTimeBasedFNATP is deprecated. Use SizeAndTimeBasedRollingPolicy instead
19:11:50,535 |-WARN in ch.qos.logback.core.rolling.SizeAndTimeBasedFNATP@6b2fad11 - For more information see http://logback.qos.ch/manual/appenders.html#SizeAndTimeBasedRollingPolicy
19:11:50,540 |-INFO in ch.qos.logback.core.joran.action.NestedComplexPropertyIA - Assuming default type [ch.qos.logback.classic.encoder.PatternLayoutEncoder] for [encoder] property
19:11:50,545 |-INFO in ch.qos.logback.core.rolling.RollingFileAppender[FILE] - Active log file name: /tmp/application.log
19:11:50,545 |-INFO in ch.qos.logback.core.rolling.RollingFileAppender[FILE] - File property is set to [/tmp/application.log]
19:11:50,546 |-INFO in ch.qos.logback.classic.joran.action.RootLoggerAction - Setting level of ROOT logger to WARN
19:11:50,546 |-INFO in ch.qos.logback.core.joran.action.AppenderRefAction - Attaching appender named [STDOUT] to Logger[ROOT]
19:11:50,548 |-INFO in ch.qos.logback.core.joran.action.AppenderRefAction - Attaching appender named [FILE] to Logger[ROOT]
19:11:50,548 |-INFO in ch.qos.logback.classic.joran.action.ConfigurationAction - End of configuration.
19:11:50,548 |-INFO in ch.qos.logback.classic.joran.JoranConfigurator@79698539 - Registering current configuration as safe fallback point

Ama winner
Ama winner
2019-06-10T19:11:51.823+0000: 1.733: [Full GC (Metadata GC Threshold) 2019-06-10T19:11:51.823+0000: 1.733: [Tenured: 0K->15208K(341376K), 0.0387306 secs] 114986K->15208K(494976K), [Metaspace: 20728K->20728K(1067008K)], 0.0387993 secs] [Times: user=0.03 sys=0.00, real=0.04 secs] 
19:12:10.222 [Curator-PathChildrenCache-1] WARN  o.a.c.u.ZKPaths  - The version of ZooKeeper being used doesn't support Container nodes. CreateMode.PERSISTENT will be used instead.
2019-06-10T19:12:12.555+0000: 22.465: [GC (Allocation Failure) 2019-06-10T19:12:12.555+0000: 22.465: [DefNew: 136576K->17023K(153600K), 0.0339789 secs] 151784K->52570K(494976K), 0.0340505 secs] [Times: user=0.02 sys=0.01, real=0.03 secs] 
2019-06-10T19:12:18.975+0000: 28.885: [Full GC (Metadata GC Threshold) 2019-06-10T19:12:18.975+0000: 28.885: [Tenured: 35546K->43899K(341376K), 0.1032321 secs] 160096K->43899K(494976K), [Metaspace: 34603K->34603K(1079296K)], 0.1033104 secs] [Times: user=0.10 sys=0.00, real=0.10 secs] 
2019-06-10T19:12:27.354+0000: 37.264: [GC (Allocation Failure) 2019-06-10T19:12:27.354+0000: 37.264: [DefNew: 136576K->50K(153600K), 0.0017159 secs] 180475K->43950K(494976K), 0.0017784 secs] [Times: user=0.00 sys=0.00, real=0.01 secs] 
2019-06-10T19:12:35.756+0000: 45.666: [GC (Allocation Failure) 2019-06-10T19:12:35.756+0000: 45.666: [DefNew: 136626K->52K(153600K), 0.0017540 secs] 180526K->43952K(494976K), 0.0018161 secs] [Times: user=0.00 sys=0.00, real=0.00 secs] 
2019-06-10T19:12:44.171+0000: 54.081: [GC (Allocation Failure) 2019-06-10T19:12:44.171+0000: 54.081: [DefNew: 136628K->49K(153600K), 0.0017280 secs] 180528K->43949K(494976K), 0.0017901 secs] [Times: user=0.00 sys=0.00, real=0.00 secs] 
2019-06-10T19:12:52.704+0000: 62.614: [GC (Allocation Failure) 2019-06-10T19:12:52.704+0000: 62.614: [DefNew: 136625K->374K(153600K), 0.0021103 secs] 180525K->44274K(494976K), 0.0021752 secs] [Times: user=0.01 sys=0.00, real=0.01 secs] 
2019-06-10T19:13:02.696+0000: 72.606: [GC (Allocation Failure) 2019-06-10T19:13:02.696+0000: 72.606: [DefNew: 136950K->131K(153600K), 0.0019493 secs] 180850K->44031K(494976K), 0.0020136 secs] [Times: user=0.00 sys=0.00, real=0.00 secs] 
19:13:20.137 [Curator-PathChildrenCache-0] ERROR o.a.c.f.r.c.PathChildrenCache  - 
java.lang.IllegalStateException: instance must be started before calling this method
	at org.apache.curator.shaded.com.google.common.base.Preconditions.checkState(Preconditions.java:444)
	at org.apache.curator.framework.imps.CuratorFrameworkImpl.getChildren(CuratorFrameworkImpl.java:456)
	at org.apache.curator.framework.recipes.cache.PathChildrenCache.refresh(PathChildrenCache.java:521)
	at org.apache.curator.framework.recipes.cache.RefreshOperation.invoke(RefreshOperation.java:35)
	at org.apache.curator.framework.recipes.cache.PathChildrenCache$9.run(PathChildrenCache.java:786)
	at java.util.concurrent.Executors$RunnableAdapter.call(Executors.java:511)
	at java.util.concurrent.FutureTask.run(FutureTask.java:266)
	at java.util.concurrent.Executors$RunnableAdapter.call(Executors.java:511)
	at java.util.concurrent.FutureTask.run(FutureTask.java:266)
	at java.util.concurrent.ThreadPoolExecutor.runWorker(ThreadPoolExecutor.java:1149)
	at java.util.concurrent.ThreadPoolExecutor$Worker.run(ThreadPoolExecutor.java:624)
	at java.lang.Thread.run(Thread.java:748)
Heap
 def new generation   total 153600K, used 98822K [0x00000000e0c00000, 0x00000000eb2a0000, 0x00000000eb2a0000)
  eden space 136576K,  72% used [0x00000000e0c00000, 0x00000000e6c60b48, 0x00000000e9160000)
  from space 17024K,   0% used [0x00000000e9160000, 0x00000000e9180fc0, 0x00000000ea200000)
  to   space 17024K,   0% used [0x00000000ea200000, 0x00000000ea200000, 0x00000000eb2a0000)
 tenured generation   total 341376K, used 43899K [0x00000000eb2a0000, 0x0000000100000000, 0x0000000100000000)
   the space 341376K,  12% used [0x00000000eb2a0000, 0x00000000edd7eed8, 0x00000000edd7f000, 0x0000000100000000)
 Metaspace       used 36160K, capacity 37056K, committed 37376K, reserved 1081344K
  class space    used 4860K, capacity 5074K, committed 5120K, reserved 1048576K
