08:05:14,158 |-INFO in ch.qos.logback.classic.LoggerContext[default] - Could NOT find resource [logback-test.xml]
08:05:14,158 |-INFO in ch.qos.logback.classic.LoggerContext[default] - Could NOT find resource [logback.groovy]
08:05:14,158 |-INFO in ch.qos.logback.classic.LoggerContext[default] - Found resource [logback.xml] at [jar:file:/root/flamestream/lib/flamestream-runtime-1.0-SNAPSHOT.jar!/logback.xml]
08:05:14,162 |-WARN in ch.qos.logback.classic.LoggerContext[default] - Resource [logback.xml] occurs multiple times on the classpath.
08:05:14,162 |-WARN in ch.qos.logback.classic.LoggerContext[default] - Resource [logback.xml] occurs at [jar:file:/root/flamestream/lib/flamestream-runtime-1.0-SNAPSHOT.jar!/logback.xml]
08:05:14,162 |-WARN in ch.qos.logback.classic.LoggerContext[default] - Resource [logback.xml] occurs at [jar:file:/root/flamestream/flamestream-runtime-1.0-SNAPSHOT.jar!/logback.xml]
08:05:14,184 |-INFO in ch.qos.logback.core.joran.spi.ConfigurationWatchList@3fb6a447 - URL [jar:file:/root/flamestream/lib/flamestream-runtime-1.0-SNAPSHOT.jar!/logback.xml] is not of type file
08:05:14,257 |-INFO in ch.qos.logback.classic.joran.action.ConfigurationAction - debug attribute not set
08:05:14,263 |-INFO in ch.qos.logback.core.joran.action.AppenderAction - About to instantiate appender of type [ch.qos.logback.core.ConsoleAppender]
08:05:14,274 |-INFO in ch.qos.logback.core.joran.action.AppenderAction - Naming appender as [STDOUT]
08:05:14,293 |-INFO in ch.qos.logback.core.joran.action.NestedComplexPropertyIA - Assuming default type [ch.qos.logback.classic.encoder.PatternLayoutEncoder] for [encoder] property
08:05:14,383 |-INFO in ch.qos.logback.core.joran.action.AppenderAction - About to instantiate appender of type [ch.qos.logback.core.rolling.RollingFileAppender]
08:05:14,388 |-INFO in ch.qos.logback.core.joran.action.AppenderAction - Naming appender as [FILE]
08:05:14,420 |-INFO in c.q.l.core.rolling.TimeBasedRollingPolicy@127618319 - No compression will be used
08:05:14,421 |-INFO in c.q.l.core.rolling.TimeBasedRollingPolicy@127618319 - Will use the pattern /tmp/application_%d{yyyy-MM-dd}.%i.log for the active file
08:05:14,424 |-INFO in ch.qos.logback.core.rolling.SizeAndTimeBasedFNATP@6b2fad11 - The date pattern is 'yyyy-MM-dd' from file name pattern '/tmp/application_%d{yyyy-MM-dd}.%i.log'.
08:05:14,424 |-INFO in ch.qos.logback.core.rolling.SizeAndTimeBasedFNATP@6b2fad11 - Roll-over at midnight.
08:05:14,429 |-INFO in ch.qos.logback.core.rolling.SizeAndTimeBasedFNATP@6b2fad11 - Setting initial period to Tue Jun 11 08:03:41 UTC 2019
08:05:14,430 |-WARN in ch.qos.logback.core.rolling.SizeAndTimeBasedFNATP@6b2fad11 - SizeAndTimeBasedFNATP is deprecated. Use SizeAndTimeBasedRollingPolicy instead
08:05:14,430 |-WARN in ch.qos.logback.core.rolling.SizeAndTimeBasedFNATP@6b2fad11 - For more information see http://logback.qos.ch/manual/appenders.html#SizeAndTimeBasedRollingPolicy
08:05:14,434 |-INFO in ch.qos.logback.core.joran.action.NestedComplexPropertyIA - Assuming default type [ch.qos.logback.classic.encoder.PatternLayoutEncoder] for [encoder] property
08:05:14,438 |-INFO in ch.qos.logback.core.rolling.RollingFileAppender[FILE] - Active log file name: /tmp/application.log
08:05:14,439 |-INFO in ch.qos.logback.core.rolling.RollingFileAppender[FILE] - File property is set to [/tmp/application.log]
08:05:14,439 |-INFO in ch.qos.logback.classic.joran.action.RootLoggerAction - Setting level of ROOT logger to WARN
08:05:14,440 |-INFO in ch.qos.logback.core.joran.action.AppenderRefAction - Attaching appender named [STDOUT] to Logger[ROOT]
08:05:14,441 |-INFO in ch.qos.logback.core.joran.action.AppenderRefAction - Attaching appender named [FILE] to Logger[ROOT]
08:05:14,441 |-INFO in ch.qos.logback.classic.joran.action.ConfigurationAction - End of configuration.
08:05:14,442 |-INFO in ch.qos.logback.classic.joran.JoranConfigurator@79698539 - Registering current configuration as safe fallback point

Ama winner
Ama winner
2019-06-11T08:05:15.739+0000: 1.769: [Full GC (Metadata GC Threshold) 2019-06-11T08:05:15.739+0000: 1.769: [Tenured: 0K->15240K(341376K), 0.0396869 secs] 114923K->15240K(494976K), [Metaspace: 20727K->20727K(1067008K)], 0.0397558 secs] [Times: user=0.03 sys=0.00, real=0.04 secs] 
08:05:28.092 [Curator-PathChildrenCache-1] WARN  o.a.c.u.ZKPaths  - The version of ZooKeeper being used doesn't support Container nodes. CreateMode.PERSISTENT will be used instead.
2019-06-11T08:05:30.473+0000: 16.504: [GC (Allocation Failure) 2019-06-11T08:05:30.473+0000: 16.504: [DefNew: 136576K->17023K(153600K), 0.0262257 secs] 151816K->52672K(494976K), 0.0262949 secs] [Times: user=0.02 sys=0.00, real=0.02 secs] 
2019-06-11T08:05:37.211+0000: 23.242: [GC (Allocation Failure) 2019-06-11T08:05:37.212+0000: 23.242: [DefNew: 153599K->168K(153600K), 0.0095731 secs] 189248K->44106K(494976K), 0.0096751 secs] [Times: user=0.01 sys=0.00, real=0.00 secs] 
2019-06-11T08:05:43.982+0000: 30.013: [GC (Allocation Failure) 2019-06-11T08:05:43.982+0000: 30.013: [DefNew: 136744K->162K(153600K), 0.0024118 secs] 180682K->44100K(494976K), 0.0024725 secs] [Times: user=0.00 sys=0.00, real=0.01 secs] 
2019-06-11T08:05:50.798+0000: 36.829: [GC (Allocation Failure) 2019-06-11T08:05:50.798+0000: 36.829: [DefNew: 136738K->165K(153600K), 0.0024863 secs] 180676K->44103K(494976K), 0.0025577 secs] [Times: user=0.01 sys=0.00, real=0.00 secs] 
2019-06-11T08:05:54.266+0000: 40.296: [Full GC (Metadata GC Threshold) 2019-06-11T08:05:54.266+0000: 40.297: [Tenured: 43937K->44101K(341376K), 0.0444760 secs] 114077K->44101K(494976K), [Metaspace: 34627K->34627K(1079296K)], 0.0445614 secs] [Times: user=0.04 sys=0.00, real=0.04 secs] 
2019-06-11T08:06:01.126+0000: 47.156: [GC (Allocation Failure) 2019-06-11T08:06:01.126+0000: 47.156: [DefNew: 136576K->49K(153600K), 0.0016095 secs] 180677K->44151K(494976K), 0.0016817 secs] [Times: user=0.00 sys=0.00, real=0.00 secs] 
2019-06-11T08:06:10.496+0000: 56.527: [GC (Allocation Failure) 2019-06-11T08:06:10.496+0000: 56.527: [DefNew: 136625K->211K(153600K), 0.0017493 secs] 180727K->44312K(494976K), 0.0018064 secs] [Times: user=0.00 sys=0.00, real=0.00 secs] 
08:06:20.497 [Curator-PathChildrenCache-0] ERROR o.a.c.f.r.c.PathChildrenCache  - 
java.lang.IllegalStateException: instance must be started before calling this method
	at org.apache.curator.shaded.com.google.common.base.Preconditions.checkState(Preconditions.java:444)
	at org.apache.curator.framework.imps.CuratorFrameworkImpl.getChildren(CuratorFrameworkImpl.java:456)
	at org.apache.curator.framework.recipes.cache.PathChildrenCache.refresh(PathChildrenCache.java:521)
	at org.apache.curator.framework.recipes.cache.RefreshOperation.invoke(RefreshOperation.java:35)
	at org.apache.curator.framework.recipes.cache.PathChildrenCache$9.run(PathChildrenCache.java:786)
	at java.util.concurrent.Executors$RunnableAdapter.call(Executors.java:511)
	at java.util.concurrent.FutureTask.run(FutureTask.java:266)
	at java.util.concurrent.Executors$RunnableAdapter.call(Executors.java:511)
	at java.util.concurrent.FutureTask.run(FutureTask.java:266)
	at java.util.concurrent.ThreadPoolExecutor.runWorker(ThreadPoolExecutor.java:1149)
	at java.util.concurrent.ThreadPoolExecutor$Worker.run(ThreadPoolExecutor.java:624)
	at java.lang.Thread.run(Thread.java:748)
Heap
 def new generation   total 153600K, used 54736K [0x00000000e0c00000, 0x00000000eb2a0000, 0x00000000eb2a0000)
  eden space 136576K,  39% used [0x00000000e0c00000, 0x00000000e413f428, 0x00000000e9160000)
  from space 17024K,   1% used [0x00000000e9160000, 0x00000000e9194d60, 0x00000000ea200000)
  to   space 17024K,   0% used [0x00000000ea200000, 0x00000000ea200000, 0x00000000eb2a0000)
 tenured generation   total 341376K, used 44101K [0x00000000eb2a0000, 0x0000000100000000, 0x0000000100000000)
   the space 341376K,  12% used [0x00000000eb2a0000, 0x00000000eddb1690, 0x00000000eddb1800, 0x0000000100000000)
 Metaspace       used 35937K, capacity 36858K, committed 37120K, reserved 1081344K
  class space    used 4855K, capacity 5073K, committed 5120K, reserved 1048576K
