05:41:54,695 |-INFO in ch.qos.logback.classic.LoggerContext[default] - Could NOT find resource [logback-test.xml]
05:41:54,695 |-INFO in ch.qos.logback.classic.LoggerContext[default] - Could NOT find resource [logback.groovy]
05:41:54,695 |-INFO in ch.qos.logback.classic.LoggerContext[default] - Found resource [logback.xml] at [jar:file:/root/flamestream/lib/flamestream-runtime-1.0-SNAPSHOT.jar!/logback.xml]
05:41:54,696 |-WARN in ch.qos.logback.classic.LoggerContext[default] - Resource [logback.xml] occurs multiple times on the classpath.
05:41:54,696 |-WARN in ch.qos.logback.classic.LoggerContext[default] - Resource [logback.xml] occurs at [jar:file:/root/flamestream/lib/flamestream-runtime-1.0-SNAPSHOT.jar!/logback.xml]
05:41:54,696 |-WARN in ch.qos.logback.classic.LoggerContext[default] - Resource [logback.xml] occurs at [jar:file:/root/flamestream/flamestream-runtime-1.0-SNAPSHOT.jar!/logback.xml]
05:41:54,716 |-INFO in ch.qos.logback.core.joran.spi.ConfigurationWatchList@3fb6a447 - URL [jar:file:/root/flamestream/lib/flamestream-runtime-1.0-SNAPSHOT.jar!/logback.xml] is not of type file
05:41:54,781 |-INFO in ch.qos.logback.classic.joran.action.ConfigurationAction - debug attribute not set
05:41:54,782 |-INFO in ch.qos.logback.core.joran.action.AppenderAction - About to instantiate appender of type [ch.qos.logback.core.ConsoleAppender]
05:41:54,798 |-INFO in ch.qos.logback.core.joran.action.AppenderAction - Naming appender as [STDOUT]
05:41:54,818 |-INFO in ch.qos.logback.core.joran.action.NestedComplexPropertyIA - Assuming default type [ch.qos.logback.classic.encoder.PatternLayoutEncoder] for [encoder] property
05:41:54,914 |-INFO in ch.qos.logback.core.joran.action.AppenderAction - About to instantiate appender of type [ch.qos.logback.core.rolling.RollingFileAppender]
05:41:54,921 |-INFO in ch.qos.logback.core.joran.action.AppenderAction - Naming appender as [FILE]
05:41:54,958 |-INFO in c.q.l.core.rolling.TimeBasedRollingPolicy@127618319 - No compression will be used
05:41:54,959 |-INFO in c.q.l.core.rolling.TimeBasedRollingPolicy@127618319 - Will use the pattern /tmp/application_%d{yyyy-MM-dd}.%i.log for the active file
05:41:54,962 |-INFO in ch.qos.logback.core.rolling.SizeAndTimeBasedFNATP@6b2fad11 - The date pattern is 'yyyy-MM-dd' from file name pattern '/tmp/application_%d{yyyy-MM-dd}.%i.log'.
05:41:54,962 |-INFO in ch.qos.logback.core.rolling.SizeAndTimeBasedFNATP@6b2fad11 - Roll-over at midnight.
05:41:54,967 |-INFO in ch.qos.logback.core.rolling.SizeAndTimeBasedFNATP@6b2fad11 - Setting initial period to Tue Jun 11 05:40:38 UTC 2019
05:41:54,967 |-WARN in ch.qos.logback.core.rolling.SizeAndTimeBasedFNATP@6b2fad11 - SizeAndTimeBasedFNATP is deprecated. Use SizeAndTimeBasedRollingPolicy instead
05:41:54,967 |-WARN in ch.qos.logback.core.rolling.SizeAndTimeBasedFNATP@6b2fad11 - For more information see http://logback.qos.ch/manual/appenders.html#SizeAndTimeBasedRollingPolicy
05:41:54,971 |-INFO in ch.qos.logback.core.joran.action.NestedComplexPropertyIA - Assuming default type [ch.qos.logback.classic.encoder.PatternLayoutEncoder] for [encoder] property
05:41:54,976 |-INFO in ch.qos.logback.core.rolling.RollingFileAppender[FILE] - Active log file name: /tmp/application.log
05:41:54,976 |-INFO in ch.qos.logback.core.rolling.RollingFileAppender[FILE] - File property is set to [/tmp/application.log]
05:41:54,976 |-INFO in ch.qos.logback.classic.joran.action.RootLoggerAction - Setting level of ROOT logger to WARN
05:41:54,976 |-INFO in ch.qos.logback.core.joran.action.AppenderRefAction - Attaching appender named [STDOUT] to Logger[ROOT]
05:41:54,978 |-INFO in ch.qos.logback.core.joran.action.AppenderRefAction - Attaching appender named [FILE] to Logger[ROOT]
05:41:54,978 |-INFO in ch.qos.logback.classic.joran.action.ConfigurationAction - End of configuration.
05:41:54,979 |-INFO in ch.qos.logback.classic.joran.JoranConfigurator@79698539 - Registering current configuration as safe fallback point

Ama winner
Ama winner
2019-06-11T05:41:56.230+0000: 1.719: [Full GC (Metadata GC Threshold) 2019-06-11T05:41:56.230+0000: 1.719: [Tenured: 0K->15176K(341376K), 0.0395893 secs] 114987K->15176K(494976K), [Metaspace: 20734K->20734K(1067008K)], 0.0396660 secs] [Times: user=0.03 sys=0.01, real=0.04 secs] 
05:42:17.067 [Curator-PathChildrenCache-2] WARN  o.a.c.u.ZKPaths  - The version of ZooKeeper being used doesn't support Container nodes. CreateMode.PERSISTENT will be used instead.
2019-06-11T05:42:19.189+0000: 24.679: [GC (Allocation Failure) 2019-06-11T05:42:19.190+0000: 24.679: [DefNew: 136576K->17024K(153600K), 0.0245671 secs] 151752K->52810K(494976K), 0.0246368 secs] [Times: user=0.02 sys=0.01, real=0.02 secs] 
2019-06-11T05:42:19.622+0000: 25.111: [Full GC (Metadata GC Threshold) 2019-06-11T05:42:19.622+0000: 25.111: [Tenured: 35786K->44375K(341376K), 0.0345481 secs] 71540K->44375K(494976K), [Metaspace: 34617K->34617K(1079296K)], 0.0346241 secs] [Times: user=0.03 sys=0.00, real=0.04 secs] 
2019-06-11T05:42:22.314+0000: 27.803: [GC (Allocation Failure) 2019-06-11T05:42:22.314+0000: 27.803: [DefNew: 136576K->116K(153600K), 0.0020132 secs] 180951K->44491K(494976K), 0.0020751 secs] [Times: user=0.00 sys=0.00, real=0.01 secs] 
2019-06-11T05:42:24.809+0000: 30.298: [GC (Allocation Failure) 2019-06-11T05:42:24.809+0000: 30.299: [DefNew: 136692K->131K(153600K), 0.0018792 secs] 181067K->44506K(494976K), 0.0019382 secs] [Times: user=0.00 sys=0.00, real=0.00 secs] 
2019-06-11T05:42:27.299+0000: 32.789: [GC (Allocation Failure) 2019-06-11T05:42:27.300+0000: 32.789: [DefNew: 136707K->131K(153600K), 0.0018536 secs] 181082K->44507K(494976K), 0.0029661 secs] [Times: user=0.00 sys=0.00, real=0.00 secs] 
2019-06-11T05:42:29.802+0000: 35.291: [GC (Allocation Failure) 2019-06-11T05:42:29.802+0000: 35.291: [DefNew: 136707K->130K(153600K), 0.0018121 secs] 181083K->44506K(494976K), 0.0018720 secs] [Times: user=0.00 sys=0.00, real=0.00 secs] 
2019-06-11T05:42:32.361+0000: 37.850: [GC (Allocation Failure) 2019-06-11T05:42:32.361+0000: 37.850: [DefNew: 136706K->132K(153600K), 0.0019260 secs] 181082K->44508K(494976K), 0.0019896 secs] [Times: user=0.00 sys=0.00, real=0.00 secs] 
2019-06-11T05:42:34.887+0000: 40.376: [GC (Allocation Failure) 2019-06-11T05:42:34.887+0000: 40.376: [DefNew: 136708K->131K(153600K), 0.0019570 secs] 181084K->44507K(494976K), 0.0020192 secs] [Times: user=0.01 sys=0.00, real=0.00 secs] 
2019-06-11T05:42:37.415+0000: 42.904: [GC (Allocation Failure) 2019-06-11T05:42:37.415+0000: 42.904: [DefNew: 136707K->143K(153600K), 0.0018797 secs] 181083K->44519K(494976K), 0.0019461 secs] [Times: user=0.00 sys=0.00, real=0.00 secs] 
2019-06-11T05:42:39.943+0000: 45.432: [GC (Allocation Failure) 2019-06-11T05:42:39.943+0000: 45.432: [DefNew: 136719K->131K(153600K), 0.0018731 secs] 181095K->44506K(494976K), 0.0019358 secs] [Times: user=0.01 sys=0.00, real=0.00 secs] 
05:42:47.829 [Curator-PathChildrenCache-0] ERROR o.a.c.f.r.c.PathChildrenCache  - 
java.lang.IllegalStateException: instance must be started before calling this method
	at org.apache.curator.shaded.com.google.common.base.Preconditions.checkState(Preconditions.java:444)
	at org.apache.curator.framework.imps.CuratorFrameworkImpl.getChildren(CuratorFrameworkImpl.java:456)
	at org.apache.curator.framework.recipes.cache.PathChildrenCache.refresh(PathChildrenCache.java:521)
	at org.apache.curator.framework.recipes.cache.RefreshOperation.invoke(RefreshOperation.java:35)
	at org.apache.curator.framework.recipes.cache.PathChildrenCache$9.run(PathChildrenCache.java:786)
	at java.util.concurrent.Executors$RunnableAdapter.call(Executors.java:511)
	at java.util.concurrent.FutureTask.run(FutureTask.java:266)
	at java.util.concurrent.Executors$RunnableAdapter.call(Executors.java:511)
	at java.util.concurrent.FutureTask.run(FutureTask.java:266)
	at java.util.concurrent.ThreadPoolExecutor.runWorker(ThreadPoolExecutor.java:1149)
	at java.util.concurrent.ThreadPoolExecutor$Worker.run(ThreadPoolExecutor.java:624)
	at java.lang.Thread.run(Thread.java:748)
Heap
 def new generation   total 153600K, used 67546K [0x00000000e0c00000, 0x00000000eb2a0000, 0x00000000eb2a0000)
  eden space 136576K,  49% used [0x00000000e0c00000, 0x00000000e4dd5c50, 0x00000000e9160000)
  from space 17024K,   0% used [0x00000000ea200000, 0x00000000ea220c98, 0x00000000eb2a0000)
  to   space 17024K,   0% used [0x00000000e9160000, 0x00000000e9160000, 0x00000000ea200000)
 tenured generation   total 341376K, used 44375K [0x00000000eb2a0000, 0x0000000100000000, 0x0000000100000000)
   the space 341376K,  12% used [0x00000000eb2a0000, 0x00000000eddf5ec8, 0x00000000eddf6000, 0x0000000100000000)
 Metaspace       used 36049K, capacity 37000K, committed 37120K, reserved 1081344K
  class space    used 4859K, capacity 5060K, committed 5120K, reserved 1048576K
