18:20:29,641 |-INFO in ch.qos.logback.classic.LoggerContext[default] - Could NOT find resource [logback-test.xml]
18:20:29,641 |-INFO in ch.qos.logback.classic.LoggerContext[default] - Could NOT find resource [logback.groovy]
18:20:29,641 |-INFO in ch.qos.logback.classic.LoggerContext[default] - Found resource [logback.xml] at [jar:file:/root/flamestream/lib/flamestream-runtime-1.0-SNAPSHOT.jar!/logback.xml]
18:20:29,642 |-WARN in ch.qos.logback.classic.LoggerContext[default] - Resource [logback.xml] occurs multiple times on the classpath.
18:20:29,642 |-WARN in ch.qos.logback.classic.LoggerContext[default] - Resource [logback.xml] occurs at [jar:file:/root/flamestream/lib/flamestream-runtime-1.0-SNAPSHOT.jar!/logback.xml]
18:20:29,642 |-WARN in ch.qos.logback.classic.LoggerContext[default] - Resource [logback.xml] occurs at [jar:file:/root/flamestream/flamestream-runtime-1.0-SNAPSHOT.jar!/logback.xml]
18:20:29,661 |-INFO in ch.qos.logback.core.joran.spi.ConfigurationWatchList@3fb6a447 - URL [jar:file:/root/flamestream/lib/flamestream-runtime-1.0-SNAPSHOT.jar!/logback.xml] is not of type file
18:20:29,733 |-INFO in ch.qos.logback.classic.joran.action.ConfigurationAction - debug attribute not set
18:20:29,734 |-INFO in ch.qos.logback.core.joran.action.AppenderAction - About to instantiate appender of type [ch.qos.logback.core.ConsoleAppender]
18:20:29,748 |-INFO in ch.qos.logback.core.joran.action.AppenderAction - Naming appender as [STDOUT]
18:20:29,764 |-INFO in ch.qos.logback.core.joran.action.NestedComplexPropertyIA - Assuming default type [ch.qos.logback.classic.encoder.PatternLayoutEncoder] for [encoder] property
18:20:29,845 |-INFO in ch.qos.logback.core.joran.action.AppenderAction - About to instantiate appender of type [ch.qos.logback.core.rolling.RollingFileAppender]
18:20:29,854 |-INFO in ch.qos.logback.core.joran.action.AppenderAction - Naming appender as [FILE]
18:20:29,884 |-INFO in c.q.l.core.rolling.TimeBasedRollingPolicy@127618319 - No compression will be used
18:20:29,885 |-INFO in c.q.l.core.rolling.TimeBasedRollingPolicy@127618319 - Will use the pattern /tmp/application_%d{yyyy-MM-dd}.%i.log for the active file
18:20:29,888 |-INFO in ch.qos.logback.core.rolling.SizeAndTimeBasedFNATP@6b2fad11 - The date pattern is 'yyyy-MM-dd' from file name pattern '/tmp/application_%d{yyyy-MM-dd}.%i.log'.
18:20:29,888 |-INFO in ch.qos.logback.core.rolling.SizeAndTimeBasedFNATP@6b2fad11 - Roll-over at midnight.
18:20:29,894 |-INFO in ch.qos.logback.core.rolling.SizeAndTimeBasedFNATP@6b2fad11 - Setting initial period to Tue Jun 11 18:19:27 UTC 2019
18:20:29,894 |-WARN in ch.qos.logback.core.rolling.SizeAndTimeBasedFNATP@6b2fad11 - SizeAndTimeBasedFNATP is deprecated. Use SizeAndTimeBasedRollingPolicy instead
18:20:29,894 |-WARN in ch.qos.logback.core.rolling.SizeAndTimeBasedFNATP@6b2fad11 - For more information see http://logback.qos.ch/manual/appenders.html#SizeAndTimeBasedRollingPolicy
18:20:29,898 |-INFO in ch.qos.logback.core.joran.action.NestedComplexPropertyIA - Assuming default type [ch.qos.logback.classic.encoder.PatternLayoutEncoder] for [encoder] property
18:20:29,902 |-INFO in ch.qos.logback.core.rolling.RollingFileAppender[FILE] - Active log file name: /tmp/application.log
18:20:29,902 |-INFO in ch.qos.logback.core.rolling.RollingFileAppender[FILE] - File property is set to [/tmp/application.log]
18:20:29,903 |-INFO in ch.qos.logback.classic.joran.action.RootLoggerAction - Setting level of ROOT logger to WARN
18:20:29,904 |-INFO in ch.qos.logback.core.joran.action.AppenderRefAction - Attaching appender named [STDOUT] to Logger[ROOT]
18:20:29,905 |-INFO in ch.qos.logback.core.joran.action.AppenderRefAction - Attaching appender named [FILE] to Logger[ROOT]
18:20:29,905 |-INFO in ch.qos.logback.classic.joran.action.ConfigurationAction - End of configuration.
18:20:29,906 |-INFO in ch.qos.logback.classic.joran.JoranConfigurator@79698539 - Registering current configuration as safe fallback point

Ama winner
Ama winner
2019-06-11T18:20:31.841+0000: 2.387: [Full GC (Metadata GC Threshold) 2019-06-11T18:20:31.841+0000: 2.387: [Tenured: 0K->15240K(341376K), 0.0743740 secs] 117782K->15240K(494976K), [Metaspace: 20734K->20734K(1067008K)], 0.0744398 secs] [Times: user=0.03 sys=0.01, real=0.08 secs] 
2019-06-11T18:20:46.042+0000: 16.588: [GC (Allocation Failure) 2019-06-11T18:20:46.042+0000: 16.588: [DefNew: 136576K->13939K(153600K), 0.0235650 secs] 151816K->48712K(494976K), 0.0236360 secs] [Times: user=0.02 sys=0.01, real=0.03 secs] 
2019-06-11T18:20:48.819+0000: 19.364: [GC (Allocation Failure) 2019-06-11T18:20:48.819+0000: 19.364: [DefNew: 150515K->387K(153600K), 0.0081516 secs] 185288K->39482K(494976K), 0.0082128 secs] [Times: user=0.00 sys=0.00, real=0.01 secs] 
2019-06-11T18:20:51.075+0000: 21.621: [GC (Allocation Failure) 2019-06-11T18:20:51.076+0000: 21.621: [DefNew: 136963K->312K(153600K), 0.0024899 secs] 176058K->39407K(494976K), 0.0025491 secs] [Times: user=0.00 sys=0.00, real=0.00 secs] 
2019-06-11T18:20:53.389+0000: 23.934: [GC (Allocation Failure) 2019-06-11T18:20:53.389+0000: 23.934: [DefNew: 136888K->512K(153600K), 0.0026963 secs] 175983K->39607K(494976K), 0.0027568 secs] [Times: user=0.00 sys=0.00, real=0.00 secs] 
2019-06-11T18:20:56.172+0000: 26.717: [GC (Allocation Failure) 2019-06-11T18:20:56.172+0000: 26.717: [DefNew: 137088K->636K(153600K), 0.0028260 secs] 176183K->39731K(494976K), 0.0028952 secs] [Times: user=0.01 sys=0.00, real=0.01 secs] 
2019-06-11T18:20:58.952+0000: 29.497: [GC (Allocation Failure) 2019-06-11T18:20:58.952+0000: 29.497: [DefNew: 137212K->375K(153600K), 0.0023659 secs] 176307K->39470K(494976K), 0.0024220 secs] [Times: user=0.00 sys=0.00, real=0.01 secs] 
2019-06-11T18:21:01.830+0000: 32.375: [GC (Allocation Failure) 2019-06-11T18:21:01.830+0000: 32.375: [DefNew: 136951K->431K(153600K), 0.0023636 secs] 176046K->39526K(494976K), 0.0024199 secs] [Times: user=0.00 sys=0.00, real=0.00 secs] 
2019-06-11T18:21:04.579+0000: 35.125: [GC (Allocation Failure) 2019-06-11T18:21:04.579+0000: 35.125: [DefNew: 137007K->394K(153600K), 0.0021256 secs] 176102K->39488K(494976K), 0.0021865 secs] [Times: user=0.00 sys=0.00, real=0.00 secs] 
2019-06-11T18:21:07.439+0000: 37.985: [GC (Allocation Failure) 2019-06-11T18:21:07.439+0000: 37.985: [DefNew: 136970K->552K(153600K), 0.0023157 secs] 176064K->39647K(494976K), 0.0023757 secs] [Times: user=0.00 sys=0.00, real=0.00 secs] 
2019-06-11T18:21:10.259+0000: 40.805: [GC (Allocation Failure) 2019-06-11T18:21:10.259+0000: 40.805: [DefNew: 137128K->504K(153600K), 0.0022667 secs] 176223K->39599K(494976K), 0.0023262 secs] [Times: user=0.01 sys=0.00, real=0.00 secs] 
2019-06-11T18:21:13.088+0000: 43.634: [GC (Allocation Failure) 2019-06-11T18:21:13.088+0000: 43.634: [DefNew: 137080K->446K(153600K), 0.0023141 secs] 176175K->39541K(494976K), 0.0023772 secs] [Times: user=0.00 sys=0.00, real=0.00 secs] 
2019-06-11T18:21:15.902+0000: 46.448: [GC (Allocation Failure) 2019-06-11T18:21:15.902+0000: 46.448: [DefNew: 137022K->646K(153600K), 0.0030849 secs] 176117K->39741K(494976K), 0.0031461 secs] [Times: user=0.01 sys=0.00, real=0.01 secs] 
2019-06-11T18:21:18.704+0000: 49.249: [GC (Allocation Failure) 2019-06-11T18:21:18.704+0000: 49.249: [DefNew: 137222K->507K(153600K), 0.0022947 secs] 176317K->39601K(494976K), 0.0023544 secs] [Times: user=0.00 sys=0.00, real=0.01 secs] 
2019-06-11T18:21:21.462+0000: 52.007: [GC (Allocation Failure) 2019-06-11T18:21:21.462+0000: 52.007: [DefNew: 137083K->593K(153600K), 0.0023719 secs] 176177K->39688K(494976K), 0.0024315 secs] [Times: user=0.00 sys=0.00, real=0.00 secs] 
2019-06-11T18:21:24.310+0000: 54.856: [GC (Allocation Failure) 2019-06-11T18:21:24.310+0000: 54.856: [DefNew: 137169K->498K(153600K), 0.0022690 secs] 176264K->39593K(494976K), 0.0023270 secs] [Times: user=0.00 sys=0.00, real=0.00 secs] 
2019-06-11T18:21:27.034+0000: 57.580: [GC (Allocation Failure) 2019-06-11T18:21:27.034+0000: 57.580: [DefNew: 137074K->560K(153600K), 0.0024213 secs] 176169K->39655K(494976K), 0.0024811 secs] [Times: user=0.01 sys=0.00, real=0.00 secs] 
2019-06-11T18:21:29.955+0000: 60.501: [GC (Allocation Failure) 2019-06-11T18:21:29.955+0000: 60.501: [DefNew: 137136K->401K(153600K), 0.0024736 secs] 176231K->39621K(494976K), 0.0025436 secs] [Times: user=0.00 sys=0.00, real=0.00 secs] 
2019-06-11T18:21:31.758+0000: 62.303: [Full GC (Metadata GC Threshold) 2019-06-11T18:21:31.758+0000: 62.303: [Tenured: 39219K->40047K(341376K), 0.0449336 secs] 124105K->40047K(494976K), [Metaspace: 34656K->34656K(1079296K)], 0.0450120 secs] [Times: user=0.05 sys=0.00, real=0.04 secs] 
2019-06-11T18:21:34.557+0000: 65.103: [GC (Allocation Failure) 2019-06-11T18:21:34.557+0000: 65.103: [DefNew: 136576K->325K(153600K), 0.0021526 secs] 176623K->40373K(494976K), 0.0022391 secs] [Times: user=0.00 sys=0.00, real=0.00 secs] 
2019-06-11T18:21:37.202+0000: 67.748: [GC (Allocation Failure) 2019-06-11T18:21:37.202+0000: 67.748: [DefNew: 136901K->163K(153600K), 0.0018460 secs] 176949K->40211K(494976K), 0.0019064 secs] [Times: user=0.00 sys=0.00, real=0.00 secs] 
2019-06-11T18:21:39.993+0000: 70.539: [GC (Allocation Failure) 2019-06-11T18:21:39.993+0000: 70.539: [DefNew: 136739K->204K(153600K), 0.0020994 secs] 176787K->40252K(494976K), 0.0021639 secs] [Times: user=0.00 sys=0.00, real=0.01 secs] 
2019-06-11T18:21:42.666+0000: 73.212: [GC (Allocation Failure) 2019-06-11T18:21:42.667+0000: 73.212: [DefNew: 136780K->247K(153600K), 0.0019582 secs] 176828K->40295K(494976K), 0.0020263 secs] [Times: user=0.00 sys=0.00, real=0.00 secs] 
2019-06-11T18:21:45.417+0000: 75.963: [GC (Allocation Failure) 2019-06-11T18:21:45.417+0000: 75.963: [DefNew: 136823K->160K(153600K), 0.0018224 secs] 176871K->40208K(494976K), 0.0018964 secs] [Times: user=0.00 sys=0.01, real=0.00 secs] 
2019-06-11T18:21:48.391+0000: 78.937: [GC (Allocation Failure) 2019-06-11T18:21:48.391+0000: 78.937: [DefNew: 136736K->146K(153600K), 0.0017711 secs] 176784K->40194K(494976K), 0.0018310 secs] [Times: user=0.00 sys=0.00, real=0.00 secs] 
2019-06-11T18:21:51.324+0000: 81.870: [GC (Allocation Failure) 2019-06-11T18:21:51.324+0000: 81.870: [DefNew: 136722K->155K(153600K), 0.0017083 secs] 176770K->40203K(494976K), 0.0017652 secs] [Times: user=0.00 sys=0.00, real=0.01 secs] 
2019-06-11T19:18:40.142+0000: 3490.688: [GC (Allocation Failure) 2019-06-11T19:18:40.142+0000: 3490.688: [DefNew: 136731K->223K(153600K), 0.0017726 secs] 176779K->40271K(494976K), 0.0018336 secs] [Times: user=0.00 sys=0.00, real=0.00 secs] 
19:20:50.042 [Curator-PathChildrenCache-0] ERROR o.a.c.f.r.c.PathChildrenCache  - 
java.lang.IllegalStateException: instance must be started before calling this method
	at org.apache.curator.shaded.com.google.common.base.Preconditions.checkState(Preconditions.java:444)
	at org.apache.curator.framework.imps.CuratorFrameworkImpl.getChildren(CuratorFrameworkImpl.java:456)
	at org.apache.curator.framework.recipes.cache.PathChildrenCache.refresh(PathChildrenCache.java:521)
	at org.apache.curator.framework.recipes.cache.RefreshOperation.invoke(RefreshOperation.java:35)
	at org.apache.curator.framework.recipes.cache.PathChildrenCache$9.run(PathChildrenCache.java:786)
	at java.util.concurrent.Executors$RunnableAdapter.call(Executors.java:511)
	at java.util.concurrent.FutureTask.run(FutureTask.java:266)
	at java.util.concurrent.Executors$RunnableAdapter.call(Executors.java:511)
	at java.util.concurrent.FutureTask.run(FutureTask.java:266)
	at java.util.concurrent.ThreadPoolExecutor.runWorker(ThreadPoolExecutor.java:1149)
	at java.util.concurrent.ThreadPoolExecutor$Worker.run(ThreadPoolExecutor.java:624)
	at java.lang.Thread.run(Thread.java:748)
Heap
 def new generation   total 153600K, used 19551K [0x00000000e0c00000, 0x00000000eb2a0000, 0x00000000eb2a0000)
  eden space 136576K,  14% used [0x00000000e0c00000, 0x00000000e1edfe90, 0x00000000e9160000)
  from space 17024K,   1% used [0x00000000ea200000, 0x00000000ea237f50, 0x00000000eb2a0000)
  to   space 17024K,   0% used [0x00000000e9160000, 0x00000000e9160000, 0x00000000ea200000)
 tenured generation   total 341376K, used 40047K [0x00000000eb2a0000, 0x0000000100000000, 0x0000000100000000)
   the space 341376K,  11% used [0x00000000eb2a0000, 0x00000000ed9bbf88, 0x00000000ed9bc000, 0x0000000100000000)
 Metaspace       used 35956K, capacity 36794K, committed 37120K, reserved 1081344K
  class space    used 4861K, capacity 5063K, committed 5120K, reserved 1048576K
