17:54:12,866 |-INFO in ch.qos.logback.classic.LoggerContext[default] - Could NOT find resource [logback-test.xml]
17:54:12,866 |-INFO in ch.qos.logback.classic.LoggerContext[default] - Could NOT find resource [logback.groovy]
17:54:12,866 |-INFO in ch.qos.logback.classic.LoggerContext[default] - Found resource [logback.xml] at [jar:file:/root/flamestream/lib/flamestream-runtime-1.0-SNAPSHOT.jar!/logback.xml]
17:54:12,867 |-WARN in ch.qos.logback.classic.LoggerContext[default] - Resource [logback.xml] occurs multiple times on the classpath.
17:54:12,867 |-WARN in ch.qos.logback.classic.LoggerContext[default] - Resource [logback.xml] occurs at [jar:file:/root/flamestream/lib/flamestream-runtime-1.0-SNAPSHOT.jar!/logback.xml]
17:54:12,867 |-WARN in ch.qos.logback.classic.LoggerContext[default] - Resource [logback.xml] occurs at [jar:file:/root/flamestream/flamestream-runtime-1.0-SNAPSHOT.jar!/logback.xml]
17:54:12,886 |-INFO in ch.qos.logback.core.joran.spi.ConfigurationWatchList@3fb6a447 - URL [jar:file:/root/flamestream/lib/flamestream-runtime-1.0-SNAPSHOT.jar!/logback.xml] is not of type file
17:54:12,949 |-INFO in ch.qos.logback.classic.joran.action.ConfigurationAction - debug attribute not set
17:54:12,950 |-INFO in ch.qos.logback.core.joran.action.AppenderAction - About to instantiate appender of type [ch.qos.logback.core.ConsoleAppender]
17:54:12,965 |-INFO in ch.qos.logback.core.joran.action.AppenderAction - Naming appender as [STDOUT]
17:54:12,985 |-INFO in ch.qos.logback.core.joran.action.NestedComplexPropertyIA - Assuming default type [ch.qos.logback.classic.encoder.PatternLayoutEncoder] for [encoder] property
17:54:13,068 |-INFO in ch.qos.logback.core.joran.action.AppenderAction - About to instantiate appender of type [ch.qos.logback.core.rolling.RollingFileAppender]
17:54:13,073 |-INFO in ch.qos.logback.core.joran.action.AppenderAction - Naming appender as [FILE]
17:54:13,104 |-INFO in c.q.l.core.rolling.TimeBasedRollingPolicy@127618319 - No compression will be used
17:54:13,106 |-INFO in c.q.l.core.rolling.TimeBasedRollingPolicy@127618319 - Will use the pattern /tmp/application_%d{yyyy-MM-dd}.%i.log for the active file
17:54:13,109 |-INFO in ch.qos.logback.core.rolling.SizeAndTimeBasedFNATP@6b2fad11 - The date pattern is 'yyyy-MM-dd' from file name pattern '/tmp/application_%d{yyyy-MM-dd}.%i.log'.
17:54:13,109 |-INFO in ch.qos.logback.core.rolling.SizeAndTimeBasedFNATP@6b2fad11 - Roll-over at midnight.
17:54:13,114 |-INFO in ch.qos.logback.core.rolling.SizeAndTimeBasedFNATP@6b2fad11 - Setting initial period to Mon Jun 10 17:52:54 UTC 2019
17:54:13,114 |-WARN in ch.qos.logback.core.rolling.SizeAndTimeBasedFNATP@6b2fad11 - SizeAndTimeBasedFNATP is deprecated. Use SizeAndTimeBasedRollingPolicy instead
17:54:13,114 |-WARN in ch.qos.logback.core.rolling.SizeAndTimeBasedFNATP@6b2fad11 - For more information see http://logback.qos.ch/manual/appenders.html#SizeAndTimeBasedRollingPolicy
17:54:13,118 |-INFO in ch.qos.logback.core.joran.action.NestedComplexPropertyIA - Assuming default type [ch.qos.logback.classic.encoder.PatternLayoutEncoder] for [encoder] property
17:54:13,123 |-INFO in ch.qos.logback.core.rolling.RollingFileAppender[FILE] - Active log file name: /tmp/application.log
17:54:13,123 |-INFO in ch.qos.logback.core.rolling.RollingFileAppender[FILE] - File property is set to [/tmp/application.log]
17:54:13,124 |-INFO in ch.qos.logback.classic.joran.action.RootLoggerAction - Setting level of ROOT logger to WARN
17:54:13,124 |-INFO in ch.qos.logback.core.joran.action.AppenderRefAction - Attaching appender named [STDOUT] to Logger[ROOT]
17:54:13,124 |-INFO in ch.qos.logback.core.joran.action.AppenderRefAction - Attaching appender named [FILE] to Logger[ROOT]
17:54:13,124 |-INFO in ch.qos.logback.classic.joran.action.ConfigurationAction - End of configuration.
17:54:13,125 |-INFO in ch.qos.logback.classic.joran.JoranConfigurator@79698539 - Registering current configuration as safe fallback point

Ama winner
Ama winner
2019-06-10T17:54:14.730+0000: 2.052: [Full GC (Metadata GC Threshold) 2019-06-10T17:54:14.730+0000: 2.052: [Tenured: 0K->15241K(341376K), 0.0390243 secs] 117783K->15241K(494976K), [Metaspace: 20737K->20737K(1067008K)], 0.0391091 secs] [Times: user=0.04 sys=0.00, real=0.04 secs] 
17:54:31.703 [Curator-PathChildrenCache-1] WARN  o.a.c.u.ZKPaths  - The version of ZooKeeper being used doesn't support Container nodes. CreateMode.PERSISTENT will be used instead.
2019-06-10T17:54:33.848+0000: 21.171: [GC (Allocation Failure) 2019-06-10T17:54:33.848+0000: 21.171: [DefNew: 136576K->17024K(153600K), 0.0258668 secs] 151817K->52749K(494976K), 0.0259375 secs] [Times: user=0.02 sys=0.00, real=0.02 secs] 
2019-06-10T17:54:36.351+0000: 23.673: [Full GC (Metadata GC Threshold) 2019-06-10T17:54:36.351+0000: 23.673: [Tenured: 35725K->44433K(341376K), 0.0504142 secs] 104962K->44433K(494976K), [Metaspace: 34551K->34551K(1079296K)], 0.0504896 secs] [Times: user=0.04 sys=0.01, real=0.05 secs] 
2019-06-10T17:54:42.776+0000: 30.098: [GC (Allocation Failure) 2019-06-10T17:54:42.776+0000: 30.098: [DefNew: 136576K->97K(153600K), 0.0018675 secs] 181009K->44531K(494976K), 0.0019269 secs] [Times: user=0.01 sys=0.00, real=0.00 secs] 
2019-06-10T17:54:49.134+0000: 36.456: [GC (Allocation Failure) 2019-06-10T17:54:49.134+0000: 36.456: [DefNew: 136673K->123K(153600K), 0.0017143 secs] 181107K->44557K(494976K), 0.0017781 secs] [Times: user=0.00 sys=0.00, real=0.01 secs] 
2019-06-10T17:54:55.498+0000: 42.820: [GC (Allocation Failure) 2019-06-10T17:54:55.498+0000: 42.821: [DefNew: 136699K->154K(153600K), 0.0017356 secs] 181133K->44587K(494976K), 0.0017963 secs] [Times: user=0.00 sys=0.00, real=0.00 secs] 
2019-06-10T17:55:01.953+0000: 49.276: [GC (Allocation Failure) 2019-06-10T17:55:01.953+0000: 49.276: [DefNew: 136730K->159K(153600K), 0.0018327 secs] 181163K->44592K(494976K), 0.0019102 secs] [Times: user=0.00 sys=0.00, real=0.01 secs] 
2019-06-10T17:55:08.419+0000: 55.741: [GC (Allocation Failure) 2019-06-10T17:55:08.419+0000: 55.741: [DefNew: 136735K->157K(153600K), 0.0018210 secs] 181168K->44591K(494976K), 0.0018830 secs] [Times: user=0.00 sys=0.00, real=0.00 secs] 
17:55:16.841 [Curator-PathChildrenCache-0] ERROR o.a.c.f.r.c.PathChildrenCache  - 
java.lang.IllegalStateException: instance must be started before calling this method
	at org.apache.curator.shaded.com.google.common.base.Preconditions.checkState(Preconditions.java:444)
	at org.apache.curator.framework.imps.CuratorFrameworkImpl.getChildren(CuratorFrameworkImpl.java:456)
	at org.apache.curator.framework.recipes.cache.PathChildrenCache.refresh(PathChildrenCache.java:521)
	at org.apache.curator.framework.recipes.cache.RefreshOperation.invoke(RefreshOperation.java:35)
	at org.apache.curator.framework.recipes.cache.PathChildrenCache$9.run(PathChildrenCache.java:786)
	at java.util.concurrent.Executors$RunnableAdapter.call(Executors.java:511)
	at java.util.concurrent.FutureTask.run(FutureTask.java:266)
	at java.util.concurrent.Executors$RunnableAdapter.call(Executors.java:511)
	at java.util.concurrent.FutureTask.run(FutureTask.java:266)
	at java.util.concurrent.ThreadPoolExecutor.runWorker(ThreadPoolExecutor.java:1149)
	at java.util.concurrent.ThreadPoolExecutor$Worker.run(ThreadPoolExecutor.java:624)
	at java.lang.Thread.run(Thread.java:748)
Heap
 def new generation   total 153600K, used 106836K [0x00000000e0c00000, 0x00000000eb2a0000, 0x00000000eb2a0000)
  eden space 136576K,  78% used [0x00000000e0c00000, 0x00000000e742dd28, 0x00000000e9160000)
  from space 17024K,   0% used [0x00000000e9160000, 0x00000000e9187580, 0x00000000ea200000)
  to   space 17024K,   0% used [0x00000000ea200000, 0x00000000ea200000, 0x00000000eb2a0000)
 tenured generation   total 341376K, used 44433K [0x00000000eb2a0000, 0x0000000100000000, 0x0000000100000000)
   the space 341376K,  13% used [0x00000000eb2a0000, 0x00000000ede046b8, 0x00000000ede04800, 0x0000000100000000)
 Metaspace       used 36163K, capacity 37096K, committed 37376K, reserved 1081344K
  class space    used 4854K, capacity 5054K, committed 5120K, reserved 1048576K
