19:50:45,805 |-INFO in ch.qos.logback.classic.LoggerContext[default] - Could NOT find resource [logback-test.xml]
19:50:45,805 |-INFO in ch.qos.logback.classic.LoggerContext[default] - Could NOT find resource [logback.groovy]
19:50:45,805 |-INFO in ch.qos.logback.classic.LoggerContext[default] - Found resource [logback.xml] at [jar:file:/root/flamestream/lib/flamestream-runtime-1.0-SNAPSHOT.jar!/logback.xml]
19:50:45,806 |-WARN in ch.qos.logback.classic.LoggerContext[default] - Resource [logback.xml] occurs multiple times on the classpath.
19:50:45,806 |-WARN in ch.qos.logback.classic.LoggerContext[default] - Resource [logback.xml] occurs at [jar:file:/root/flamestream/lib/flamestream-runtime-1.0-SNAPSHOT.jar!/logback.xml]
19:50:45,806 |-WARN in ch.qos.logback.classic.LoggerContext[default] - Resource [logback.xml] occurs at [jar:file:/root/flamestream/flamestream-runtime-1.0-SNAPSHOT.jar!/logback.xml]
19:50:45,825 |-INFO in ch.qos.logback.core.joran.spi.ConfigurationWatchList@3fb6a447 - URL [jar:file:/root/flamestream/lib/flamestream-runtime-1.0-SNAPSHOT.jar!/logback.xml] is not of type file
19:50:45,891 |-INFO in ch.qos.logback.classic.joran.action.ConfigurationAction - debug attribute not set
19:50:45,892 |-INFO in ch.qos.logback.core.joran.action.AppenderAction - About to instantiate appender of type [ch.qos.logback.core.ConsoleAppender]
19:50:45,908 |-INFO in ch.qos.logback.core.joran.action.AppenderAction - Naming appender as [STDOUT]
19:50:45,928 |-INFO in ch.qos.logback.core.joran.action.NestedComplexPropertyIA - Assuming default type [ch.qos.logback.classic.encoder.PatternLayoutEncoder] for [encoder] property
19:50:46,016 |-INFO in ch.qos.logback.core.joran.action.AppenderAction - About to instantiate appender of type [ch.qos.logback.core.rolling.RollingFileAppender]
19:50:46,029 |-INFO in ch.qos.logback.core.joran.action.AppenderAction - Naming appender as [FILE]
19:50:46,057 |-INFO in c.q.l.core.rolling.TimeBasedRollingPolicy@127618319 - No compression will be used
19:50:46,058 |-INFO in c.q.l.core.rolling.TimeBasedRollingPolicy@127618319 - Will use the pattern /tmp/application_%d{yyyy-MM-dd}.%i.log for the active file
19:50:46,061 |-INFO in ch.qos.logback.core.rolling.SizeAndTimeBasedFNATP@6b2fad11 - The date pattern is 'yyyy-MM-dd' from file name pattern '/tmp/application_%d{yyyy-MM-dd}.%i.log'.
19:50:46,061 |-INFO in ch.qos.logback.core.rolling.SizeAndTimeBasedFNATP@6b2fad11 - Roll-over at midnight.
19:50:46,066 |-INFO in ch.qos.logback.core.rolling.SizeAndTimeBasedFNATP@6b2fad11 - Setting initial period to Mon Jun 10 19:49:19 UTC 2019
19:50:46,067 |-WARN in ch.qos.logback.core.rolling.SizeAndTimeBasedFNATP@6b2fad11 - SizeAndTimeBasedFNATP is deprecated. Use SizeAndTimeBasedRollingPolicy instead
19:50:46,067 |-WARN in ch.qos.logback.core.rolling.SizeAndTimeBasedFNATP@6b2fad11 - For more information see http://logback.qos.ch/manual/appenders.html#SizeAndTimeBasedRollingPolicy
19:50:46,071 |-INFO in ch.qos.logback.core.joran.action.NestedComplexPropertyIA - Assuming default type [ch.qos.logback.classic.encoder.PatternLayoutEncoder] for [encoder] property
19:50:46,075 |-INFO in ch.qos.logback.core.rolling.RollingFileAppender[FILE] - Active log file name: /tmp/application.log
19:50:46,075 |-INFO in ch.qos.logback.core.rolling.RollingFileAppender[FILE] - File property is set to [/tmp/application.log]
19:50:46,077 |-INFO in ch.qos.logback.classic.joran.action.RootLoggerAction - Setting level of ROOT logger to WARN
19:50:46,077 |-INFO in ch.qos.logback.core.joran.action.AppenderRefAction - Attaching appender named [STDOUT] to Logger[ROOT]
19:50:46,079 |-INFO in ch.qos.logback.core.joran.action.AppenderRefAction - Attaching appender named [FILE] to Logger[ROOT]
19:50:46,079 |-INFO in ch.qos.logback.classic.joran.action.ConfigurationAction - End of configuration.
19:50:46,079 |-INFO in ch.qos.logback.classic.joran.JoranConfigurator@79698539 - Registering current configuration as safe fallback point

Ama winner
Ama winner
2019-06-10T19:50:47.378+0000: 1.761: [Full GC (Metadata GC Threshold) 2019-06-10T19:50:47.378+0000: 1.761: [Tenured: 0K->15208K(341376K), 0.0406896 secs] 114923K->15208K(494976K), [Metaspace: 20728K->20728K(1067008K)], 0.0407632 secs] [Times: user=0.04 sys=0.01, real=0.04 secs] 
19:51:09.822 [Curator-PathChildrenCache-1] WARN  o.a.c.u.ZKPaths  - The version of ZooKeeper being used doesn't support Container nodes. CreateMode.PERSISTENT will be used instead.
2019-06-10T19:51:12.142+0000: 26.526: [GC (Allocation Failure) 2019-06-10T19:51:12.143+0000: 26.526: [DefNew: 136576K->17023K(153600K), 0.0265135 secs] 151784K->52920K(494976K), 0.0265881 secs] [Times: user=0.02 sys=0.01, real=0.03 secs] 
2019-06-10T19:51:13.245+0000: 27.628: [Full GC (Metadata GC Threshold) 2019-06-10T19:51:13.245+0000: 27.628: [Tenured: 35896K->44792K(341376K), 0.0392441 secs] 75320K->44792K(494976K), [Metaspace: 34485K->34485K(1079296K)], 0.0393207 secs] [Times: user=0.04 sys=0.00, real=0.04 secs] 
2019-06-10T19:51:21.526+0000: 35.909: [GC (Allocation Failure) 2019-06-10T19:51:21.526+0000: 35.909: [DefNew: 136576K->80K(153600K), 0.0020100 secs] 181368K->44872K(494976K), 0.0020700 secs] [Times: user=0.00 sys=0.00, real=0.00 secs] 
2019-06-10T19:51:29.869+0000: 44.252: [GC (Allocation Failure) 2019-06-10T19:51:29.869+0000: 44.252: [DefNew: 136656K->78K(153600K), 0.0017839 secs] 181448K->44870K(494976K), 0.0018454 secs] [Times: user=0.00 sys=0.00, real=0.00 secs] 
2019-06-10T19:51:38.273+0000: 52.656: [GC (Allocation Failure) 2019-06-10T19:51:38.273+0000: 52.656: [DefNew: 136654K->111K(153600K), 0.0017880 secs] 181446K->44903K(494976K), 0.0018444 secs] [Times: user=0.01 sys=0.00, real=0.00 secs] 
2019-06-10T19:51:46.711+0000: 61.094: [GC (Allocation Failure) 2019-06-10T19:51:46.711+0000: 61.095: [DefNew: 136687K->113K(153600K), 0.0018999 secs] 181479K->44906K(494976K), 0.0019639 secs] [Times: user=0.00 sys=0.00, real=0.00 secs] 
2019-06-10T19:51:56.035+0000: 70.419: [GC (Allocation Failure) 2019-06-10T19:51:56.035+0000: 70.419: [DefNew: 136689K->440K(153600K), 0.0023515 secs] 181482K->45233K(494976K), 0.0024135 secs] [Times: user=0.01 sys=0.00, real=0.01 secs] 
2019-06-10T19:52:09.027+0000: 83.410: [GC (Allocation Failure) 2019-06-10T19:52:09.027+0000: 83.410: [DefNew: 137016K->185K(153600K), 0.0037364 secs] 181809K->44977K(494976K), 0.0038017 secs] [Times: user=0.00 sys=0.00, real=0.00 secs] 
19:52:18.850 [Curator-PathChildrenCache-0] ERROR o.a.c.f.r.c.PathChildrenCache  - 
java.lang.IllegalStateException: instance must be started before calling this method
	at org.apache.curator.shaded.com.google.common.base.Preconditions.checkState(Preconditions.java:444)
	at org.apache.curator.framework.imps.CuratorFrameworkImpl.getChildren(CuratorFrameworkImpl.java:456)
	at org.apache.curator.framework.recipes.cache.PathChildrenCache.refresh(PathChildrenCache.java:521)
	at org.apache.curator.framework.recipes.cache.RefreshOperation.invoke(RefreshOperation.java:35)
	at org.apache.curator.framework.recipes.cache.PathChildrenCache$9.run(PathChildrenCache.java:786)
	at java.util.concurrent.Executors$RunnableAdapter.call(Executors.java:511)
	at java.util.concurrent.FutureTask.run(FutureTask.java:266)
	at java.util.concurrent.Executors$RunnableAdapter.call(Executors.java:511)
	at java.util.concurrent.FutureTask.run(FutureTask.java:266)
	at java.util.concurrent.ThreadPoolExecutor.runWorker(ThreadPoolExecutor.java:1149)
	at java.util.concurrent.ThreadPoolExecutor$Worker.run(ThreadPoolExecutor.java:624)
	at java.lang.Thread.run(Thread.java:748)
Heap
 def new generation   total 153600K, used 61637K [0x00000000e0c00000, 0x00000000eb2a0000, 0x00000000eb2a0000)
  eden space 136576K,  44% used [0x00000000e0c00000, 0x00000000e4802f70, 0x00000000e9160000)
  from space 17024K,   1% used [0x00000000ea200000, 0x00000000ea22e490, 0x00000000eb2a0000)
  to   space 17024K,   0% used [0x00000000e9160000, 0x00000000e9160000, 0x00000000ea200000)
 tenured generation   total 341376K, used 44792K [0x00000000eb2a0000, 0x0000000100000000, 0x0000000100000000)
   the space 341376K,  13% used [0x00000000eb2a0000, 0x00000000ede5e268, 0x00000000ede5e400, 0x0000000100000000)
 Metaspace       used 36286K, capacity 37262K, committed 37376K, reserved 1081344K
  class space    used 4864K, capacity 5087K, committed 5120K, reserved 1048576K
