13:08:49,675 |-INFO in ch.qos.logback.classic.LoggerContext[default] - Could NOT find resource [logback-test.xml]
13:08:49,675 |-INFO in ch.qos.logback.classic.LoggerContext[default] - Could NOT find resource [logback.groovy]
13:08:49,675 |-INFO in ch.qos.logback.classic.LoggerContext[default] - Found resource [logback.xml] at [jar:file:/root/flamestream/lib/flamestream-runtime-1.0-SNAPSHOT.jar!/logback.xml]
13:08:49,676 |-WARN in ch.qos.logback.classic.LoggerContext[default] - Resource [logback.xml] occurs multiple times on the classpath.
13:08:49,676 |-WARN in ch.qos.logback.classic.LoggerContext[default] - Resource [logback.xml] occurs at [jar:file:/root/flamestream/lib/flamestream-runtime-1.0-SNAPSHOT.jar!/logback.xml]
13:08:49,676 |-WARN in ch.qos.logback.classic.LoggerContext[default] - Resource [logback.xml] occurs at [jar:file:/root/flamestream/flamestream-runtime-1.0-SNAPSHOT.jar!/logback.xml]
13:08:49,696 |-INFO in ch.qos.logback.core.joran.spi.ConfigurationWatchList@3fb6a447 - URL [jar:file:/root/flamestream/lib/flamestream-runtime-1.0-SNAPSHOT.jar!/logback.xml] is not of type file
13:08:49,769 |-INFO in ch.qos.logback.classic.joran.action.ConfigurationAction - debug attribute not set
13:08:49,770 |-INFO in ch.qos.logback.core.joran.action.AppenderAction - About to instantiate appender of type [ch.qos.logback.core.ConsoleAppender]
13:08:49,785 |-INFO in ch.qos.logback.core.joran.action.AppenderAction - Naming appender as [STDOUT]
13:08:49,806 |-INFO in ch.qos.logback.core.joran.action.NestedComplexPropertyIA - Assuming default type [ch.qos.logback.classic.encoder.PatternLayoutEncoder] for [encoder] property
13:08:49,891 |-INFO in ch.qos.logback.core.joran.action.AppenderAction - About to instantiate appender of type [ch.qos.logback.core.rolling.RollingFileAppender]
13:08:49,896 |-INFO in ch.qos.logback.core.joran.action.AppenderAction - Naming appender as [FILE]
13:08:49,928 |-INFO in c.q.l.core.rolling.TimeBasedRollingPolicy@127618319 - No compression will be used
13:08:49,930 |-INFO in c.q.l.core.rolling.TimeBasedRollingPolicy@127618319 - Will use the pattern /tmp/application_%d{yyyy-MM-dd}.%i.log for the active file
13:08:49,933 |-INFO in ch.qos.logback.core.rolling.SizeAndTimeBasedFNATP@6b2fad11 - The date pattern is 'yyyy-MM-dd' from file name pattern '/tmp/application_%d{yyyy-MM-dd}.%i.log'.
13:08:49,933 |-INFO in ch.qos.logback.core.rolling.SizeAndTimeBasedFNATP@6b2fad11 - Roll-over at midnight.
13:08:49,938 |-INFO in ch.qos.logback.core.rolling.SizeAndTimeBasedFNATP@6b2fad11 - Setting initial period to Mon Jun 10 13:07:34 UTC 2019
13:08:49,938 |-WARN in ch.qos.logback.core.rolling.SizeAndTimeBasedFNATP@6b2fad11 - SizeAndTimeBasedFNATP is deprecated. Use SizeAndTimeBasedRollingPolicy instead
13:08:49,938 |-WARN in ch.qos.logback.core.rolling.SizeAndTimeBasedFNATP@6b2fad11 - For more information see http://logback.qos.ch/manual/appenders.html#SizeAndTimeBasedRollingPolicy
13:08:49,942 |-INFO in ch.qos.logback.core.joran.action.NestedComplexPropertyIA - Assuming default type [ch.qos.logback.classic.encoder.PatternLayoutEncoder] for [encoder] property
13:08:49,947 |-INFO in ch.qos.logback.core.rolling.RollingFileAppender[FILE] - Active log file name: /tmp/application.log
13:08:49,947 |-INFO in ch.qos.logback.core.rolling.RollingFileAppender[FILE] - File property is set to [/tmp/application.log]
13:08:49,948 |-INFO in ch.qos.logback.classic.joran.action.RootLoggerAction - Setting level of ROOT logger to WARN
13:08:49,948 |-INFO in ch.qos.logback.core.joran.action.AppenderRefAction - Attaching appender named [STDOUT] to Logger[ROOT]
13:08:49,950 |-INFO in ch.qos.logback.core.joran.action.AppenderRefAction - Attaching appender named [FILE] to Logger[ROOT]
13:08:49,950 |-INFO in ch.qos.logback.classic.joran.action.ConfigurationAction - End of configuration.
13:08:49,951 |-INFO in ch.qos.logback.classic.joran.JoranConfigurator@79698539 - Registering current configuration as safe fallback point

Ama winner
Ama winner
2019-06-10T13:08:51.318+0000: 1.829: [Full GC (Metadata GC Threshold) 2019-06-10T13:08:51.318+0000: 1.829: [Tenured: 0K->15208K(341376K), 0.0412549 secs] 114988K->15208K(494976K), [Metaspace: 20737K->20737K(1067008K)], 0.0413266 secs] [Times: user=0.04 sys=0.00, real=0.04 secs] 
13:09:08.262 [Curator-PathChildrenCache-1] WARN  o.a.c.u.ZKPaths  - The version of ZooKeeper being used doesn't support Container nodes. CreateMode.PERSISTENT will be used instead.
2019-06-10T13:09:11.117+0000: 21.628: [GC (Allocation Failure) 2019-06-10T13:09:11.118+0000: 21.628: [DefNew: 136576K->17023K(153600K), 0.0266514 secs] 151784K->52917K(494976K), 0.0267322 secs] [Times: user=0.02 sys=0.01, real=0.02 secs] 
2019-06-10T13:09:12.356+0000: 22.867: [Full GC (Metadata GC Threshold) 2019-06-10T13:09:12.356+0000: 22.867: [Tenured: 35893K->44847K(341376K), 0.0619617 secs] 79067K->44847K(494976K), [Metaspace: 34577K->34577K(1079296K)], 0.0620409 secs] [Times: user=0.06 sys=0.01, real=0.06 secs] 
2019-06-10T13:09:21.354+0000: 31.865: [GC (Allocation Failure) 2019-06-10T13:09:21.354+0000: 31.865: [DefNew: 136576K->69K(153600K), 0.0017794 secs] 181423K->44916K(494976K), 0.0018353 secs] [Times: user=0.00 sys=0.00, real=0.01 secs] 
2019-06-10T13:09:30.347+0000: 40.858: [GC (Allocation Failure) 2019-06-10T13:09:30.347+0000: 40.858: [DefNew: 136645K->108K(153600K), 0.0017858 secs] 181492K->44955K(494976K), 0.0018490 secs] [Times: user=0.00 sys=0.00, real=0.00 secs] 
2019-06-10T13:09:39.496+0000: 50.007: [GC (Allocation Failure) 2019-06-10T13:09:39.496+0000: 50.007: [DefNew: 136684K->104K(153600K), 0.0017556 secs] 181531K->44951K(494976K), 0.0018155 secs] [Times: user=0.01 sys=0.00, real=0.00 secs] 
2019-06-10T13:09:48.641+0000: 59.152: [GC (Allocation Failure) 2019-06-10T13:09:48.641+0000: 59.152: [DefNew: 136680K->104K(153600K), 0.0018053 secs] 181527K->44951K(494976K), 0.0018711 secs] [Times: user=0.00 sys=0.00, real=0.00 secs] 
2019-06-10T13:09:58.818+0000: 69.329: [GC (Allocation Failure) 2019-06-10T13:09:58.818+0000: 69.329: [DefNew: 136680K->437K(153600K), 0.0022703 secs] 181527K->45285K(494976K), 0.0023539 secs] [Times: user=0.00 sys=0.00, real=0.00 secs] 
2019-06-10T13:10:09.920+0000: 80.431: [GC (Allocation Failure) 2019-06-10T13:10:09.920+0000: 80.431: [DefNew: 137013K->195K(153600K), 0.0021189 secs] 181861K->45042K(494976K), 0.0021789 secs] [Times: user=0.00 sys=0.00, real=0.00 secs] 
13:10:25.973 [Curator-PathChildrenCache-0] ERROR o.a.c.f.r.c.PathChildrenCache  - 
java.lang.IllegalStateException: instance must be started before calling this method
	at org.apache.curator.shaded.com.google.common.base.Preconditions.checkState(Preconditions.java:444)
	at org.apache.curator.framework.imps.CuratorFrameworkImpl.getChildren(CuratorFrameworkImpl.java:456)
	at org.apache.curator.framework.recipes.cache.PathChildrenCache.refresh(PathChildrenCache.java:521)
	at org.apache.curator.framework.recipes.cache.RefreshOperation.invoke(RefreshOperation.java:35)
	at org.apache.curator.framework.recipes.cache.PathChildrenCache$9.run(PathChildrenCache.java:786)
	at java.util.concurrent.Executors$RunnableAdapter.call(Executors.java:511)
	at java.util.concurrent.FutureTask.run(FutureTask.java:266)
	at java.util.concurrent.Executors$RunnableAdapter.call(Executors.java:511)
	at java.util.concurrent.FutureTask.run(FutureTask.java:266)
	at java.util.concurrent.ThreadPoolExecutor.runWorker(ThreadPoolExecutor.java:1149)
	at java.util.concurrent.ThreadPoolExecutor$Worker.run(ThreadPoolExecutor.java:624)
	at java.lang.Thread.run(Thread.java:748)
Heap
 def new generation   total 153600K, used 136145K [0x00000000e0c00000, 0x00000000eb2a0000, 0x00000000eb2a0000)
  eden space 136576K,  99% used [0x00000000e0c00000, 0x00000000e90c3898, 0x00000000e9160000)
  from space 17024K,   1% used [0x00000000ea200000, 0x00000000ea230d70, 0x00000000eb2a0000)
  to   space 17024K,   0% used [0x00000000e9160000, 0x00000000e9160000, 0x00000000ea200000)
 tenured generation   total 341376K, used 44847K [0x00000000eb2a0000, 0x0000000100000000, 0x0000000100000000)
   the space 341376K,  13% used [0x00000000eb2a0000, 0x00000000ede6bdd8, 0x00000000ede6be00, 0x0000000100000000)
 Metaspace       used 36257K, capacity 37130K, committed 37376K, reserved 1081344K
  class space    used 4869K, capacity 5075K, committed 5120K, reserved 1048576K
