15:36:53,416 |-INFO in ch.qos.logback.classic.LoggerContext[default] - Could NOT find resource [logback-test.xml]
15:36:53,416 |-INFO in ch.qos.logback.classic.LoggerContext[default] - Could NOT find resource [logback.groovy]
15:36:53,416 |-INFO in ch.qos.logback.classic.LoggerContext[default] - Found resource [logback.xml] at [jar:file:/root/flamestream/lib/flamestream-runtime-1.0-SNAPSHOT.jar!/logback.xml]
15:36:53,417 |-WARN in ch.qos.logback.classic.LoggerContext[default] - Resource [logback.xml] occurs multiple times on the classpath.
15:36:53,417 |-WARN in ch.qos.logback.classic.LoggerContext[default] - Resource [logback.xml] occurs at [jar:file:/root/flamestream/lib/flamestream-runtime-1.0-SNAPSHOT.jar!/logback.xml]
15:36:53,417 |-WARN in ch.qos.logback.classic.LoggerContext[default] - Resource [logback.xml] occurs at [jar:file:/root/flamestream/flamestream-runtime-1.0-SNAPSHOT.jar!/logback.xml]
15:36:53,437 |-INFO in ch.qos.logback.core.joran.spi.ConfigurationWatchList@3fb6a447 - URL [jar:file:/root/flamestream/lib/flamestream-runtime-1.0-SNAPSHOT.jar!/logback.xml] is not of type file
15:36:53,503 |-INFO in ch.qos.logback.classic.joran.action.ConfigurationAction - debug attribute not set
15:36:53,504 |-INFO in ch.qos.logback.core.joran.action.AppenderAction - About to instantiate appender of type [ch.qos.logback.core.ConsoleAppender]
15:36:53,519 |-INFO in ch.qos.logback.core.joran.action.AppenderAction - Naming appender as [STDOUT]
15:36:53,540 |-INFO in ch.qos.logback.core.joran.action.NestedComplexPropertyIA - Assuming default type [ch.qos.logback.classic.encoder.PatternLayoutEncoder] for [encoder] property
15:36:53,623 |-INFO in ch.qos.logback.core.joran.action.AppenderAction - About to instantiate appender of type [ch.qos.logback.core.rolling.RollingFileAppender]
15:36:53,628 |-INFO in ch.qos.logback.core.joran.action.AppenderAction - Naming appender as [FILE]
15:36:53,658 |-INFO in c.q.l.core.rolling.TimeBasedRollingPolicy@127618319 - No compression will be used
15:36:53,660 |-INFO in c.q.l.core.rolling.TimeBasedRollingPolicy@127618319 - Will use the pattern /tmp/application_%d{yyyy-MM-dd}.%i.log for the active file
15:36:53,663 |-INFO in ch.qos.logback.core.rolling.SizeAndTimeBasedFNATP@6b2fad11 - The date pattern is 'yyyy-MM-dd' from file name pattern '/tmp/application_%d{yyyy-MM-dd}.%i.log'.
15:36:53,663 |-INFO in ch.qos.logback.core.rolling.SizeAndTimeBasedFNATP@6b2fad11 - Roll-over at midnight.
15:36:53,668 |-INFO in ch.qos.logback.core.rolling.SizeAndTimeBasedFNATP@6b2fad11 - Setting initial period to Mon Jun 10 15:35:35 UTC 2019
15:36:53,668 |-WARN in ch.qos.logback.core.rolling.SizeAndTimeBasedFNATP@6b2fad11 - SizeAndTimeBasedFNATP is deprecated. Use SizeAndTimeBasedRollingPolicy instead
15:36:53,668 |-WARN in ch.qos.logback.core.rolling.SizeAndTimeBasedFNATP@6b2fad11 - For more information see http://logback.qos.ch/manual/appenders.html#SizeAndTimeBasedRollingPolicy
15:36:53,672 |-INFO in ch.qos.logback.core.joran.action.NestedComplexPropertyIA - Assuming default type [ch.qos.logback.classic.encoder.PatternLayoutEncoder] for [encoder] property
15:36:53,677 |-INFO in ch.qos.logback.core.rolling.RollingFileAppender[FILE] - Active log file name: /tmp/application.log
15:36:53,677 |-INFO in ch.qos.logback.core.rolling.RollingFileAppender[FILE] - File property is set to [/tmp/application.log]
15:36:53,678 |-INFO in ch.qos.logback.classic.joran.action.RootLoggerAction - Setting level of ROOT logger to WARN
15:36:53,678 |-INFO in ch.qos.logback.core.joran.action.AppenderRefAction - Attaching appender named [STDOUT] to Logger[ROOT]
15:36:53,680 |-INFO in ch.qos.logback.core.joran.action.AppenderRefAction - Attaching appender named [FILE] to Logger[ROOT]
15:36:53,681 |-INFO in ch.qos.logback.classic.joran.action.ConfigurationAction - End of configuration.
15:36:53,681 |-INFO in ch.qos.logback.classic.joran.JoranConfigurator@79698539 - Registering current configuration as safe fallback point

Ama winner
Ama winner
2019-06-10T15:36:54.995+0000: 1.769: [Full GC (Metadata GC Threshold) 2019-06-10T15:36:54.995+0000: 1.769: [Tenured: 0K->15144K(341376K), 0.0416939 secs] 114923K->15144K(494976K), [Metaspace: 20732K->20732K(1067008K)], 0.0417625 secs] [Times: user=0.03 sys=0.00, real=0.04 secs] 
15:37:08.603 [Curator-PathChildrenCache-1] WARN  o.a.c.u.ZKPaths  - The version of ZooKeeper being used doesn't support Container nodes. CreateMode.PERSISTENT will be used instead.
2019-06-10T15:37:10.797+0000: 17.571: [GC (Allocation Failure) 2019-06-10T15:37:10.797+0000: 17.571: [DefNew: 136576K->17023K(153600K), 0.0269676 secs] 151720K->52842K(494976K), 0.0270601 secs] [Times: user=0.02 sys=0.01, real=0.03 secs] 
2019-06-10T15:37:12.514+0000: 19.288: [Full GC (Metadata GC Threshold) 2019-06-10T15:37:12.514+0000: 19.288: [Tenured: 35818K->44782K(341376K), 0.0406532 secs] 85426K->44782K(494976K), [Metaspace: 34595K->34595K(1079296K)], 0.0407445 secs] [Times: user=0.04 sys=0.00, real=0.04 secs] 
2019-06-10T15:37:19.246+0000: 26.020: [GC (Allocation Failure) 2019-06-10T15:37:19.246+0000: 26.020: [DefNew: 136576K->90K(153600K), 0.0020212 secs] 181358K->44873K(494976K), 0.0020832 secs] [Times: user=0.00 sys=0.00, real=0.00 secs] 
2019-06-10T15:37:26.084+0000: 32.859: [GC (Allocation Failure) 2019-06-10T15:37:26.085+0000: 32.859: [DefNew: 136666K->91K(153600K), 0.0019442 secs] 181449K->44874K(494976K), 0.0032096 secs] [Times: user=0.00 sys=0.00, real=0.01 secs] 
2019-06-10T15:37:32.929+0000: 39.703: [GC (Allocation Failure) 2019-06-10T15:37:32.929+0000: 39.703: [DefNew: 136667K->90K(153600K), 0.0018239 secs] 181450K->44873K(494976K), 0.0018865 secs] [Times: user=0.00 sys=0.00, real=0.00 secs] 
2019-06-10T15:37:39.724+0000: 46.498: [GC (Allocation Failure) 2019-06-10T15:37:39.724+0000: 46.498: [DefNew: 136666K->96K(153600K), 0.0018977 secs] 181449K->44879K(494976K), 0.0019539 secs] [Times: user=0.00 sys=0.00, real=0.01 secs] 
2019-06-10T15:37:46.666+0000: 53.441: [GC (Allocation Failure) 2019-06-10T15:37:46.666+0000: 53.441: [DefNew: 136672K->96K(153600K), 0.0019115 secs] 181455K->44879K(494976K), 0.0019723 secs] [Times: user=0.00 sys=0.00, real=0.00 secs] 
15:37:56.438 [Curator-PathChildrenCache-0] ERROR o.a.c.f.r.c.PathChildrenCache  - 
java.lang.IllegalStateException: instance must be started before calling this method
	at org.apache.curator.shaded.com.google.common.base.Preconditions.checkState(Preconditions.java:444)
	at org.apache.curator.framework.imps.CuratorFrameworkImpl.getChildren(CuratorFrameworkImpl.java:456)
	at org.apache.curator.framework.recipes.cache.PathChildrenCache.refresh(PathChildrenCache.java:521)
	at org.apache.curator.framework.recipes.cache.RefreshOperation.invoke(RefreshOperation.java:35)
	at org.apache.curator.framework.recipes.cache.PathChildrenCache$9.run(PathChildrenCache.java:786)
	at java.util.concurrent.Executors$RunnableAdapter.call(Executors.java:511)
	at java.util.concurrent.FutureTask.run(FutureTask.java:266)
	at java.util.concurrent.Executors$RunnableAdapter.call(Executors.java:511)
	at java.util.concurrent.FutureTask.run(FutureTask.java:266)
	at java.util.concurrent.ThreadPoolExecutor.runWorker(ThreadPoolExecutor.java:1149)
	at java.util.concurrent.ThreadPoolExecutor$Worker.run(ThreadPoolExecutor.java:624)
	at java.lang.Thread.run(Thread.java:748)
Heap
 def new generation   total 153600K, used 94338K [0x00000000e0c00000, 0x00000000eb2a0000, 0x00000000eb2a0000)
  eden space 136576K,  69% used [0x00000000e0c00000, 0x00000000e6808b20, 0x00000000e9160000)
  from space 17024K,   0% used [0x00000000e9160000, 0x00000000e9178080, 0x00000000ea200000)
  to   space 17024K,   0% used [0x00000000ea200000, 0x00000000ea200000, 0x00000000eb2a0000)
 tenured generation   total 341376K, used 44782K [0x00000000eb2a0000, 0x0000000100000000, 0x0000000100000000)
   the space 341376K,  13% used [0x00000000eb2a0000, 0x00000000ede5bbf0, 0x00000000ede5bc00, 0x0000000100000000)
 Metaspace       used 36334K, capacity 37266K, committed 37376K, reserved 1081344K
  class space    used 4872K, capacity 5077K, committed 5120K, reserved 1048576K
