08:20:38,797 |-INFO in ch.qos.logback.classic.LoggerContext[default] - Could NOT find resource [logback-test.xml]
08:20:38,797 |-INFO in ch.qos.logback.classic.LoggerContext[default] - Could NOT find resource [logback.groovy]
08:20:38,797 |-INFO in ch.qos.logback.classic.LoggerContext[default] - Found resource [logback.xml] at [jar:file:/root/flamestream/lib/flamestream-runtime-1.0-SNAPSHOT.jar!/logback.xml]
08:20:38,798 |-WARN in ch.qos.logback.classic.LoggerContext[default] - Resource [logback.xml] occurs multiple times on the classpath.
08:20:38,798 |-WARN in ch.qos.logback.classic.LoggerContext[default] - Resource [logback.xml] occurs at [jar:file:/root/flamestream/lib/flamestream-runtime-1.0-SNAPSHOT.jar!/logback.xml]
08:20:38,798 |-WARN in ch.qos.logback.classic.LoggerContext[default] - Resource [logback.xml] occurs at [jar:file:/root/flamestream/flamestream-runtime-1.0-SNAPSHOT.jar!/logback.xml]
08:20:38,818 |-INFO in ch.qos.logback.core.joran.spi.ConfigurationWatchList@3fb6a447 - URL [jar:file:/root/flamestream/lib/flamestream-runtime-1.0-SNAPSHOT.jar!/logback.xml] is not of type file
08:20:38,889 |-INFO in ch.qos.logback.classic.joran.action.ConfigurationAction - debug attribute not set
08:20:38,893 |-INFO in ch.qos.logback.core.joran.action.AppenderAction - About to instantiate appender of type [ch.qos.logback.core.ConsoleAppender]
08:20:38,905 |-INFO in ch.qos.logback.core.joran.action.AppenderAction - Naming appender as [STDOUT]
08:20:38,928 |-INFO in ch.qos.logback.core.joran.action.NestedComplexPropertyIA - Assuming default type [ch.qos.logback.classic.encoder.PatternLayoutEncoder] for [encoder] property
08:20:39,010 |-INFO in ch.qos.logback.core.joran.action.AppenderAction - About to instantiate appender of type [ch.qos.logback.core.rolling.RollingFileAppender]
08:20:39,018 |-INFO in ch.qos.logback.core.joran.action.AppenderAction - Naming appender as [FILE]
08:20:39,048 |-INFO in c.q.l.core.rolling.TimeBasedRollingPolicy@127618319 - No compression will be used
08:20:39,049 |-INFO in c.q.l.core.rolling.TimeBasedRollingPolicy@127618319 - Will use the pattern /tmp/application_%d{yyyy-MM-dd}.%i.log for the active file
08:20:39,052 |-INFO in ch.qos.logback.core.rolling.SizeAndTimeBasedFNATP@6b2fad11 - The date pattern is 'yyyy-MM-dd' from file name pattern '/tmp/application_%d{yyyy-MM-dd}.%i.log'.
08:20:39,052 |-INFO in ch.qos.logback.core.rolling.SizeAndTimeBasedFNATP@6b2fad11 - Roll-over at midnight.
08:20:39,057 |-INFO in ch.qos.logback.core.rolling.SizeAndTimeBasedFNATP@6b2fad11 - Setting initial period to Tue Jun 11 08:19:21 UTC 2019
08:20:39,057 |-WARN in ch.qos.logback.core.rolling.SizeAndTimeBasedFNATP@6b2fad11 - SizeAndTimeBasedFNATP is deprecated. Use SizeAndTimeBasedRollingPolicy instead
08:20:39,057 |-WARN in ch.qos.logback.core.rolling.SizeAndTimeBasedFNATP@6b2fad11 - For more information see http://logback.qos.ch/manual/appenders.html#SizeAndTimeBasedRollingPolicy
08:20:39,062 |-INFO in ch.qos.logback.core.joran.action.NestedComplexPropertyIA - Assuming default type [ch.qos.logback.classic.encoder.PatternLayoutEncoder] for [encoder] property
08:20:39,066 |-INFO in ch.qos.logback.core.rolling.RollingFileAppender[FILE] - Active log file name: /tmp/application.log
08:20:39,066 |-INFO in ch.qos.logback.core.rolling.RollingFileAppender[FILE] - File property is set to [/tmp/application.log]
08:20:39,067 |-INFO in ch.qos.logback.classic.joran.action.RootLoggerAction - Setting level of ROOT logger to WARN
08:20:39,067 |-INFO in ch.qos.logback.core.joran.action.AppenderRefAction - Attaching appender named [STDOUT] to Logger[ROOT]
08:20:39,068 |-INFO in ch.qos.logback.core.joran.action.AppenderRefAction - Attaching appender named [FILE] to Logger[ROOT]
08:20:39,068 |-INFO in ch.qos.logback.classic.joran.action.ConfigurationAction - End of configuration.
08:20:39,068 |-INFO in ch.qos.logback.classic.joran.JoranConfigurator@79698539 - Registering current configuration as safe fallback point

Ama winner
Ama winner
2019-06-11T08:20:40.400+0000: 1.796: [Full GC (Metadata GC Threshold) 2019-06-11T08:20:40.400+0000: 1.796: [Tenured: 0K->15144K(341376K), 0.0401761 secs] 114987K->15144K(494976K), [Metaspace: 20733K->20733K(1067008K)], 0.0402429 secs] [Times: user=0.04 sys=0.00, real=0.04 secs] 
08:20:58.782 [Curator-PathChildrenCache-1] WARN  o.a.c.u.ZKPaths  - The version of ZooKeeper being used doesn't support Container nodes. CreateMode.PERSISTENT will be used instead.
2019-06-11T08:21:01.237+0000: 22.633: [GC (Allocation Failure) 2019-06-11T08:21:01.237+0000: 22.633: [DefNew: 136576K->17024K(153600K), 0.0275845 secs] 151720K->52610K(494976K), 0.0276546 secs] [Times: user=0.02 sys=0.01, real=0.03 secs] 
2019-06-11T08:21:03.427+0000: 24.823: [Full GC (Metadata GC Threshold) 2019-06-11T08:21:03.427+0000: 24.823: [Tenured: 35586K->44116K(341376K), 0.0465098 secs] 115840K->44116K(494976K), [Metaspace: 34618K->34618K(1079296K)], 0.0465799 secs] [Times: user=0.04 sys=0.00, real=0.04 secs] 
2019-06-11T08:21:08.140+0000: 29.535: [GC (Allocation Failure) 2019-06-11T08:21:08.140+0000: 29.535: [DefNew: 136576K->75K(153600K), 0.0019442 secs] 180692K->44191K(494976K), 0.0020128 secs] [Times: user=0.00 sys=0.00, real=0.00 secs] 
2019-06-11T08:21:12.990+0000: 34.386: [GC (Allocation Failure) 2019-06-11T08:21:12.990+0000: 34.386: [DefNew: 136651K->80K(153600K), 0.0017674 secs] 180767K->44196K(494976K), 0.0018322 secs] [Times: user=0.00 sys=0.00, real=0.00 secs] 
2019-06-11T08:21:17.852+0000: 39.247: [GC (Allocation Failure) 2019-06-11T08:21:17.852+0000: 39.247: [DefNew: 136656K->79K(153600K), 0.0018254 secs] 180772K->44195K(494976K), 0.0018849 secs] [Times: user=0.01 sys=0.00, real=0.00 secs] 
2019-06-11T08:21:22.722+0000: 44.118: [GC (Allocation Failure) 2019-06-11T08:21:22.722+0000: 44.118: [DefNew: 136655K->83K(153600K), 0.0017779 secs] 180771K->44199K(494976K), 0.0018531 secs] [Times: user=0.00 sys=0.00, real=0.00 secs] 
2019-06-11T08:21:35.416+0000: 56.812: [GC (Allocation Failure) 2019-06-11T08:21:35.416+0000: 56.812: [DefNew: 136659K->245K(153600K), 0.0027771 secs] 180775K->44361K(494976K), 0.0028483 secs] [Times: user=0.00 sys=0.00, real=0.01 secs] 
08:21:35.450 [Curator-PathChildrenCache-0] ERROR o.a.c.f.r.c.PathChildrenCache  - 
java.lang.IllegalStateException: instance must be started before calling this method
	at org.apache.curator.shaded.com.google.common.base.Preconditions.checkState(Preconditions.java:444)
	at org.apache.curator.framework.imps.CuratorFrameworkImpl.getChildren(CuratorFrameworkImpl.java:456)
	at org.apache.curator.framework.recipes.cache.PathChildrenCache.refresh(PathChildrenCache.java:521)
	at org.apache.curator.framework.recipes.cache.RefreshOperation.invoke(RefreshOperation.java:35)
	at org.apache.curator.framework.recipes.cache.PathChildrenCache$9.run(PathChildrenCache.java:786)
	at java.util.concurrent.Executors$RunnableAdapter.call(Executors.java:511)
	at java.util.concurrent.FutureTask.run(FutureTask.java:266)
	at java.util.concurrent.Executors$RunnableAdapter.call(Executors.java:511)
	at java.util.concurrent.FutureTask.run(FutureTask.java:266)
	at java.util.concurrent.ThreadPoolExecutor.runWorker(ThreadPoolExecutor.java:1149)
	at java.util.concurrent.ThreadPoolExecutor$Worker.run(ThreadPoolExecutor.java:624)
	at java.lang.Thread.run(Thread.java:748)
Heap
 def new generation   total 153600K, used 24674K [0x00000000e0c00000, 0x00000000eb2a0000, 0x00000000eb2a0000)
  eden space 136576K,  17% used [0x00000000e0c00000, 0x00000000e23db3f8, 0x00000000e9160000)
  from space 17024K,   1% used [0x00000000e9160000, 0x00000000e919d620, 0x00000000ea200000)
  to   space 17024K,   0% used [0x00000000ea200000, 0x00000000ea200000, 0x00000000eb2a0000)
 tenured generation   total 341376K, used 44116K [0x00000000eb2a0000, 0x0000000100000000, 0x0000000100000000)
   the space 341376K,  12% used [0x00000000eb2a0000, 0x00000000eddb5148, 0x00000000eddb5200, 0x0000000100000000)
 Metaspace       used 35927K, capacity 36844K, committed 37120K, reserved 1081344K
  class space    used 4829K, capacity 5044K, committed 5120K, reserved 1048576K
