17:54:12,295 |-INFO in ch.qos.logback.classic.LoggerContext[default] - Could NOT find resource [logback-test.xml]
17:54:12,295 |-INFO in ch.qos.logback.classic.LoggerContext[default] - Could NOT find resource [logback.groovy]
17:54:12,295 |-INFO in ch.qos.logback.classic.LoggerContext[default] - Found resource [logback.xml] at [jar:file:/root/flamestream/lib/flamestream-runtime-1.0-SNAPSHOT.jar!/logback.xml]
17:54:12,296 |-WARN in ch.qos.logback.classic.LoggerContext[default] - Resource [logback.xml] occurs multiple times on the classpath.
17:54:12,296 |-WARN in ch.qos.logback.classic.LoggerContext[default] - Resource [logback.xml] occurs at [jar:file:/root/flamestream/lib/flamestream-runtime-1.0-SNAPSHOT.jar!/logback.xml]
17:54:12,296 |-WARN in ch.qos.logback.classic.LoggerContext[default] - Resource [logback.xml] occurs at [jar:file:/root/flamestream/flamestream-runtime-1.0-SNAPSHOT.jar!/logback.xml]
17:54:12,319 |-INFO in ch.qos.logback.core.joran.spi.ConfigurationWatchList@3fb6a447 - URL [jar:file:/root/flamestream/lib/flamestream-runtime-1.0-SNAPSHOT.jar!/logback.xml] is not of type file
17:54:12,397 |-INFO in ch.qos.logback.classic.joran.action.ConfigurationAction - debug attribute not set
17:54:12,397 |-INFO in ch.qos.logback.core.joran.action.AppenderAction - About to instantiate appender of type [ch.qos.logback.core.ConsoleAppender]
17:54:12,412 |-INFO in ch.qos.logback.core.joran.action.AppenderAction - Naming appender as [STDOUT]
17:54:12,426 |-INFO in ch.qos.logback.core.joran.action.NestedComplexPropertyIA - Assuming default type [ch.qos.logback.classic.encoder.PatternLayoutEncoder] for [encoder] property
17:54:12,504 |-INFO in ch.qos.logback.core.joran.action.AppenderAction - About to instantiate appender of type [ch.qos.logback.core.rolling.RollingFileAppender]
17:54:12,512 |-INFO in ch.qos.logback.core.joran.action.AppenderAction - Naming appender as [FILE]
17:54:12,542 |-INFO in c.q.l.core.rolling.TimeBasedRollingPolicy@127618319 - No compression will be used
17:54:12,544 |-INFO in c.q.l.core.rolling.TimeBasedRollingPolicy@127618319 - Will use the pattern /tmp/application_%d{yyyy-MM-dd}.%i.log for the active file
17:54:12,547 |-INFO in ch.qos.logback.core.rolling.SizeAndTimeBasedFNATP@6b2fad11 - The date pattern is 'yyyy-MM-dd' from file name pattern '/tmp/application_%d{yyyy-MM-dd}.%i.log'.
17:54:12,547 |-INFO in ch.qos.logback.core.rolling.SizeAndTimeBasedFNATP@6b2fad11 - Roll-over at midnight.
17:54:12,552 |-INFO in ch.qos.logback.core.rolling.SizeAndTimeBasedFNATP@6b2fad11 - Setting initial period to Mon Jun 10 17:52:54 UTC 2019
17:54:12,552 |-WARN in ch.qos.logback.core.rolling.SizeAndTimeBasedFNATP@6b2fad11 - SizeAndTimeBasedFNATP is deprecated. Use SizeAndTimeBasedRollingPolicy instead
17:54:12,552 |-WARN in ch.qos.logback.core.rolling.SizeAndTimeBasedFNATP@6b2fad11 - For more information see http://logback.qos.ch/manual/appenders.html#SizeAndTimeBasedRollingPolicy
17:54:12,556 |-INFO in ch.qos.logback.core.joran.action.NestedComplexPropertyIA - Assuming default type [ch.qos.logback.classic.encoder.PatternLayoutEncoder] for [encoder] property
17:54:12,561 |-INFO in ch.qos.logback.core.rolling.RollingFileAppender[FILE] - Active log file name: /tmp/application.log
17:54:12,561 |-INFO in ch.qos.logback.core.rolling.RollingFileAppender[FILE] - File property is set to [/tmp/application.log]
17:54:12,562 |-INFO in ch.qos.logback.classic.joran.action.RootLoggerAction - Setting level of ROOT logger to WARN
17:54:12,562 |-INFO in ch.qos.logback.core.joran.action.AppenderRefAction - Attaching appender named [STDOUT] to Logger[ROOT]
17:54:12,564 |-INFO in ch.qos.logback.core.joran.action.AppenderRefAction - Attaching appender named [FILE] to Logger[ROOT]
17:54:12,564 |-INFO in ch.qos.logback.classic.joran.action.ConfigurationAction - End of configuration.
17:54:12,564 |-INFO in ch.qos.logback.classic.joran.JoranConfigurator@79698539 - Registering current configuration as safe fallback point

Ama winner
Ama winner
2019-06-10T17:54:13.883+0000: 1.770: [Full GC (Metadata GC Threshold) 2019-06-10T17:54:13.883+0000: 1.770: [Tenured: 0K->15176K(341376K), 0.0358780 secs] 114923K->15176K(494976K), [Metaspace: 20741K->20741K(1067008K)], 0.0359455 secs] [Times: user=0.03 sys=0.00, real=0.04 secs] 
17:54:31.746 [Curator-PathChildrenCache-1] WARN  o.a.c.u.ZKPaths  - The version of ZooKeeper being used doesn't support Container nodes. CreateMode.PERSISTENT will be used instead.
2019-06-10T17:54:34.045+0000: 21.931: [GC (Allocation Failure) 2019-06-10T17:54:34.045+0000: 21.931: [DefNew: 136576K->17023K(153600K), 0.0259113 secs] 151752K->52790K(494976K), 0.0259970 secs] [Times: user=0.02 sys=0.01, real=0.03 secs] 
2019-06-10T17:54:34.696+0000: 22.582: [Full GC (Metadata GC Threshold) 2019-06-10T17:54:34.696+0000: 22.582: [Tenured: 35767K->44486K(341376K), 0.0398021 secs] 72185K->44486K(494976K), [Metaspace: 34604K->34604K(1079296K)], 0.0398879 secs] [Times: user=0.03 sys=0.01, real=0.04 secs] 
2019-06-10T17:54:41.159+0000: 29.046: [GC (Allocation Failure) 2019-06-10T17:54:41.159+0000: 29.046: [DefNew: 136576K->79K(153600K), 0.0019980 secs] 181062K->44566K(494976K), 0.0020585 secs] [Times: user=0.00 sys=0.00, real=0.00 secs] 
2019-06-10T17:54:47.437+0000: 35.324: [GC (Allocation Failure) 2019-06-10T17:54:47.437+0000: 35.324: [DefNew: 136655K->75K(153600K), 0.0017982 secs] 181142K->44561K(494976K), 0.0018606 secs] [Times: user=0.00 sys=0.00, real=0.00 secs] 
2019-06-10T17:54:53.758+0000: 41.645: [GC (Allocation Failure) 2019-06-10T17:54:53.758+0000: 41.645: [DefNew: 136651K->76K(153600K), 0.0017934 secs] 181137K->44562K(494976K), 0.0018554 secs] [Times: user=0.00 sys=0.00, real=0.00 secs] 
2019-06-10T17:55:00.152+0000: 48.038: [GC (Allocation Failure) 2019-06-10T17:55:00.152+0000: 48.038: [DefNew: 136652K->78K(153600K), 0.0018272 secs] 181138K->44565K(494976K), 0.0018872 secs] [Times: user=0.01 sys=0.00, real=0.00 secs] 
2019-06-10T17:55:06.548+0000: 54.434: [GC (Allocation Failure) 2019-06-10T17:55:06.548+0000: 54.434: [DefNew: 136654K->82K(153600K), 0.0018923 secs] 181141K->44568K(494976K), 0.0019537 secs] [Times: user=0.00 sys=0.00, real=0.01 secs] 
17:55:16.781 [Curator-PathChildrenCache-0] ERROR o.a.c.f.r.c.PathChildrenCache  - 
java.lang.IllegalStateException: instance must be started before calling this method
	at org.apache.curator.shaded.com.google.common.base.Preconditions.checkState(Preconditions.java:444)
	at org.apache.curator.framework.imps.CuratorFrameworkImpl.getChildren(CuratorFrameworkImpl.java:456)
	at org.apache.curator.framework.recipes.cache.PathChildrenCache.refresh(PathChildrenCache.java:521)
	at org.apache.curator.framework.recipes.cache.RefreshOperation.invoke(RefreshOperation.java:35)
	at org.apache.curator.framework.recipes.cache.PathChildrenCache$9.run(PathChildrenCache.java:786)
	at java.util.concurrent.Executors$RunnableAdapter.call(Executors.java:511)
	at java.util.concurrent.FutureTask.run(FutureTask.java:266)
	at java.util.concurrent.Executors$RunnableAdapter.call(Executors.java:511)
	at java.util.concurrent.FutureTask.run(FutureTask.java:266)
	at java.util.concurrent.ThreadPoolExecutor.runWorker(ThreadPoolExecutor.java:1149)
	at java.util.concurrent.ThreadPoolExecutor$Worker.run(ThreadPoolExecutor.java:624)
	at java.lang.Thread.run(Thread.java:748)
2019-06-10T17:55:17.021+0000: 64.908: [GC (Allocation Failure) 2019-06-10T17:55:17.021+0000: 64.908: [DefNew: 136658K->1246K(153600K), 0.0039661 secs] 181144K->45732K(494976K), 0.0040203 secs] [Times: user=0.00 sys=0.00, real=0.00 secs] 
Heap
 def new generation   total 153600K, used 2527K [0x00000000e0c00000, 0x00000000eb2a0000, 0x00000000eb2a0000)
  eden space 136576K,   0% used [0x00000000e0c00000, 0x00000000e0d405d8, 0x00000000e9160000)
  from space 17024K,   7% used [0x00000000ea200000, 0x00000000ea337920, 0x00000000eb2a0000)
  to   space 17024K,   0% used [0x00000000e9160000, 0x00000000e9160000, 0x00000000ea200000)
 tenured generation   total 341376K, used 44486K [0x00000000eb2a0000, 0x0000000100000000, 0x0000000100000000)
   the space 341376K,  13% used [0x00000000eb2a0000, 0x00000000ede11940, 0x00000000ede11a00, 0x0000000100000000)
 Metaspace       used 36198K, capacity 37100K, committed 37376K, reserved 1081344K
  class space    used 4881K, capacity 5082K, committed 5120K, reserved 1048576K
