16:23:14,590 |-INFO in ch.qos.logback.classic.LoggerContext[default] - Could NOT find resource [logback-test.xml]
16:23:14,590 |-INFO in ch.qos.logback.classic.LoggerContext[default] - Could NOT find resource [logback.groovy]
16:23:14,590 |-INFO in ch.qos.logback.classic.LoggerContext[default] - Found resource [logback.xml] at [jar:file:/root/flamestream/lib/flamestream-runtime-1.0-SNAPSHOT.jar!/logback.xml]
16:23:14,591 |-WARN in ch.qos.logback.classic.LoggerContext[default] - Resource [logback.xml] occurs multiple times on the classpath.
16:23:14,591 |-WARN in ch.qos.logback.classic.LoggerContext[default] - Resource [logback.xml] occurs at [jar:file:/root/flamestream/lib/flamestream-runtime-1.0-SNAPSHOT.jar!/logback.xml]
16:23:14,591 |-WARN in ch.qos.logback.classic.LoggerContext[default] - Resource [logback.xml] occurs at [jar:file:/root/flamestream/flamestream-runtime-1.0-SNAPSHOT.jar!/logback.xml]
16:23:14,610 |-INFO in ch.qos.logback.core.joran.spi.ConfigurationWatchList@3fb6a447 - URL [jar:file:/root/flamestream/lib/flamestream-runtime-1.0-SNAPSHOT.jar!/logback.xml] is not of type file
16:23:14,682 |-INFO in ch.qos.logback.classic.joran.action.ConfigurationAction - debug attribute not set
16:23:14,683 |-INFO in ch.qos.logback.core.joran.action.AppenderAction - About to instantiate appender of type [ch.qos.logback.core.ConsoleAppender]
16:23:14,699 |-INFO in ch.qos.logback.core.joran.action.AppenderAction - Naming appender as [STDOUT]
16:23:14,713 |-INFO in ch.qos.logback.core.joran.action.NestedComplexPropertyIA - Assuming default type [ch.qos.logback.classic.encoder.PatternLayoutEncoder] for [encoder] property
16:23:14,795 |-INFO in ch.qos.logback.core.joran.action.AppenderAction - About to instantiate appender of type [ch.qos.logback.core.rolling.RollingFileAppender]
16:23:14,803 |-INFO in ch.qos.logback.core.joran.action.AppenderAction - Naming appender as [FILE]
16:23:14,835 |-INFO in c.q.l.core.rolling.TimeBasedRollingPolicy@127618319 - No compression will be used
16:23:14,836 |-INFO in c.q.l.core.rolling.TimeBasedRollingPolicy@127618319 - Will use the pattern /tmp/application_%d{yyyy-MM-dd}.%i.log for the active file
16:23:14,839 |-INFO in ch.qos.logback.core.rolling.SizeAndTimeBasedFNATP@6b2fad11 - The date pattern is 'yyyy-MM-dd' from file name pattern '/tmp/application_%d{yyyy-MM-dd}.%i.log'.
16:23:14,839 |-INFO in ch.qos.logback.core.rolling.SizeAndTimeBasedFNATP@6b2fad11 - Roll-over at midnight.
16:23:14,844 |-INFO in ch.qos.logback.core.rolling.SizeAndTimeBasedFNATP@6b2fad11 - Setting initial period to Mon Jun 10 16:21:58 UTC 2019
16:23:14,845 |-WARN in ch.qos.logback.core.rolling.SizeAndTimeBasedFNATP@6b2fad11 - SizeAndTimeBasedFNATP is deprecated. Use SizeAndTimeBasedRollingPolicy instead
16:23:14,845 |-WARN in ch.qos.logback.core.rolling.SizeAndTimeBasedFNATP@6b2fad11 - For more information see http://logback.qos.ch/manual/appenders.html#SizeAndTimeBasedRollingPolicy
16:23:14,848 |-INFO in ch.qos.logback.core.joran.action.NestedComplexPropertyIA - Assuming default type [ch.qos.logback.classic.encoder.PatternLayoutEncoder] for [encoder] property
16:23:14,853 |-INFO in ch.qos.logback.core.rolling.RollingFileAppender[FILE] - Active log file name: /tmp/application.log
16:23:14,853 |-INFO in ch.qos.logback.core.rolling.RollingFileAppender[FILE] - File property is set to [/tmp/application.log]
16:23:14,854 |-INFO in ch.qos.logback.classic.joran.action.RootLoggerAction - Setting level of ROOT logger to WARN
16:23:14,854 |-INFO in ch.qos.logback.core.joran.action.AppenderRefAction - Attaching appender named [STDOUT] to Logger[ROOT]
16:23:14,856 |-INFO in ch.qos.logback.core.joran.action.AppenderRefAction - Attaching appender named [FILE] to Logger[ROOT]
16:23:14,856 |-INFO in ch.qos.logback.classic.joran.action.ConfigurationAction - End of configuration.
16:23:14,857 |-INFO in ch.qos.logback.classic.joran.JoranConfigurator@79698539 - Registering current configuration as safe fallback point

Ama winner
Ama winner
2019-06-10T16:23:16.105+0000: 1.703: [Full GC (Metadata GC Threshold) 2019-06-10T16:23:16.105+0000: 1.703: [Tenured: 0K->15241K(341376K), 0.0401879 secs] 114988K->15241K(494976K), [Metaspace: 20738K->20738K(1067008K)], 0.0402668 secs] [Times: user=0.04 sys=0.00, real=0.04 secs] 
16:23:32.122 [Curator-PathChildrenCache-1] WARN  o.a.c.u.ZKPaths  - The version of ZooKeeper being used doesn't support Container nodes. CreateMode.PERSISTENT will be used instead.
2019-06-10T16:23:34.361+0000: 19.959: [GC (Allocation Failure) 2019-06-10T16:23:34.361+0000: 19.959: [DefNew: 136576K->17024K(153600K), 0.0268140 secs] 151817K->52462K(494976K), 0.0268917 secs] [Times: user=0.02 sys=0.01, real=0.03 secs] 
2019-06-10T16:23:35.538+0000: 21.136: [Full GC (Metadata GC Threshold) 2019-06-10T16:23:35.538+0000: 21.136: [Tenured: 35438K->44083K(341376K), 0.0424829 secs] 78940K->44083K(494976K), [Metaspace: 34594K->34594K(1079296K)], 0.0425606 secs] [Times: user=0.04 sys=0.00, real=0.04 secs] 
2019-06-10T16:23:42.530+0000: 28.128: [GC (Allocation Failure) 2019-06-10T16:23:42.530+0000: 28.128: [DefNew: 136576K->71K(153600K), 0.0019214 secs] 180659K->44154K(494976K), 0.0019815 secs] [Times: user=0.00 sys=0.00, real=0.01 secs] 
2019-06-10T16:23:49.504+0000: 35.101: [GC (Allocation Failure) 2019-06-10T16:23:49.504+0000: 35.101: [DefNew: 136647K->135K(153600K), 0.0018029 secs] 180730K->44218K(494976K), 0.0018577 secs] [Times: user=0.01 sys=0.00, real=0.00 secs] 
2019-06-10T16:23:56.522+0000: 42.119: [GC (Allocation Failure) 2019-06-10T16:23:56.522+0000: 42.119: [DefNew: 136711K->170K(153600K), 0.0018536 secs] 180794K->44253K(494976K), 0.0019118 secs] [Times: user=0.00 sys=0.00, real=0.01 secs] 
2019-06-10T16:24:03.634+0000: 49.232: [GC (Allocation Failure) 2019-06-10T16:24:03.634+0000: 49.232: [DefNew: 136746K->166K(153600K), 0.0018750 secs] 180829K->44249K(494976K), 0.0019340 secs] [Times: user=0.01 sys=0.00, real=0.00 secs] 
2019-06-10T16:24:10.717+0000: 56.315: [GC (Allocation Failure) 2019-06-10T16:24:10.717+0000: 56.315: [DefNew: 136742K->166K(153600K), 0.0019171 secs] 180825K->44249K(494976K), 0.0019787 secs] [Times: user=0.00 sys=0.00, real=0.00 secs] 
16:24:26.285 [Curator-PathChildrenCache-0] ERROR o.a.c.f.r.c.PathChildrenCache  - 
java.lang.IllegalStateException: instance must be started before calling this method
	at org.apache.curator.shaded.com.google.common.base.Preconditions.checkState(Preconditions.java:444)
	at org.apache.curator.framework.imps.CuratorFrameworkImpl.getChildren(CuratorFrameworkImpl.java:456)
	at org.apache.curator.framework.recipes.cache.PathChildrenCache.refresh(PathChildrenCache.java:521)
	at org.apache.curator.framework.recipes.cache.RefreshOperation.invoke(RefreshOperation.java:35)
	at org.apache.curator.framework.recipes.cache.PathChildrenCache$9.run(PathChildrenCache.java:786)
	at java.util.concurrent.Executors$RunnableAdapter.call(Executors.java:511)
	at java.util.concurrent.FutureTask.run(FutureTask.java:266)
	at java.util.concurrent.Executors$RunnableAdapter.call(Executors.java:511)
	at java.util.concurrent.FutureTask.run(FutureTask.java:266)
	at java.util.concurrent.ThreadPoolExecutor.runWorker(ThreadPoolExecutor.java:1149)
	at java.util.concurrent.ThreadPoolExecutor$Worker.run(ThreadPoolExecutor.java:624)
	at java.lang.Thread.run(Thread.java:748)
2019-06-10T16:24:27.331+0000: 72.928: [GC (Allocation Failure) 2019-06-10T16:24:27.331+0000: 72.928: [DefNew: 136742K->1171K(153600K), 0.0036609 secs] 180825K->45254K(494976K), 0.0037401 secs] [Times: user=0.01 sys=0.00, real=0.01 secs] 
Heap
 def new generation   total 153600K, used 6544K [0x00000000e0c00000, 0x00000000eb2a0000, 0x00000000eb2a0000)
  eden space 136576K,   3% used [0x00000000e0c00000, 0x00000000e113f388, 0x00000000e9160000)
  from space 17024K,   6% used [0x00000000ea200000, 0x00000000ea324e68, 0x00000000eb2a0000)
  to   space 17024K,   0% used [0x00000000e9160000, 0x00000000e9160000, 0x00000000ea200000)
 tenured generation   total 341376K, used 44083K [0x00000000eb2a0000, 0x0000000100000000, 0x0000000100000000)
   the space 341376K,  12% used [0x00000000eb2a0000, 0x00000000eddacc20, 0x00000000eddace00, 0x0000000100000000)
 Metaspace       used 36131K, capacity 36998K, committed 37120K, reserved 1081344K
  class space    used 4873K, capacity 5075K, committed 5120K, reserved 1048576K
