11:34:53,013 |-INFO in ch.qos.logback.classic.LoggerContext[default] - Could NOT find resource [logback-test.xml]
11:34:53,013 |-INFO in ch.qos.logback.classic.LoggerContext[default] - Could NOT find resource [logback.groovy]
11:34:53,013 |-INFO in ch.qos.logback.classic.LoggerContext[default] - Found resource [logback.xml] at [jar:file:/home/ubuntu/flamestream/lib/flamestream-runtime-1.0-SNAPSHOT.jar!/logback.xml]
11:34:53,014 |-WARN in ch.qos.logback.classic.LoggerContext[default] - Resource [logback.xml] occurs multiple times on the classpath.
11:34:53,014 |-WARN in ch.qos.logback.classic.LoggerContext[default] - Resource [logback.xml] occurs at [jar:file:/home/ubuntu/flamestream/flamestream-runtime-1.0-SNAPSHOT.jar!/logback.xml]
11:34:53,014 |-WARN in ch.qos.logback.classic.LoggerContext[default] - Resource [logback.xml] occurs at [jar:file:/home/ubuntu/flamestream/lib/flamestream-runtime-1.0-SNAPSHOT.jar!/logback.xml]
11:34:53,031 |-INFO in ch.qos.logback.core.joran.spi.ConfigurationWatchList@4678c730 - URL [jar:file:/home/ubuntu/flamestream/lib/flamestream-runtime-1.0-SNAPSHOT.jar!/logback.xml] is not of type file
11:34:53,098 |-INFO in ch.qos.logback.classic.joran.action.ConfigurationAction - debug attribute not set
11:34:53,099 |-INFO in ch.qos.logback.core.joran.action.AppenderAction - About to instantiate appender of type [ch.qos.logback.core.ConsoleAppender]
11:34:53,117 |-INFO in ch.qos.logback.core.joran.action.AppenderAction - Naming appender as [STDOUT]
11:34:53,135 |-INFO in ch.qos.logback.core.joran.action.NestedComplexPropertyIA - Assuming default type [ch.qos.logback.classic.encoder.PatternLayoutEncoder] for [encoder] property
11:34:53,241 |-INFO in ch.qos.logback.core.joran.action.AppenderAction - About to instantiate appender of type [ch.qos.logback.core.rolling.RollingFileAppender]
11:34:53,245 |-INFO in ch.qos.logback.core.joran.action.AppenderAction - Naming appender as [FILE]
11:34:53,287 |-INFO in c.q.l.core.rolling.TimeBasedRollingPolicy@1734853116 - No compression will be used
11:34:53,288 |-INFO in c.q.l.core.rolling.TimeBasedRollingPolicy@1734853116 - Will use the pattern /tmp/application_%d{yyyy-MM-dd}.%i.log for the active file
11:34:53,290 |-INFO in ch.qos.logback.core.rolling.SizeAndTimeBasedFNATP@29ee9faa - The date pattern is 'yyyy-MM-dd' from file name pattern '/tmp/application_%d{yyyy-MM-dd}.%i.log'.
11:34:53,290 |-INFO in ch.qos.logback.core.rolling.SizeAndTimeBasedFNATP@29ee9faa - Roll-over at midnight.
11:34:53,298 |-INFO in ch.qos.logback.core.rolling.SizeAndTimeBasedFNATP@29ee9faa - Setting initial period to Thu Oct 10 11:34:28 UTC 2019
11:34:53,298 |-WARN in ch.qos.logback.core.rolling.SizeAndTimeBasedFNATP@29ee9faa - SizeAndTimeBasedFNATP is deprecated. Use SizeAndTimeBasedRollingPolicy instead
11:34:53,298 |-WARN in ch.qos.logback.core.rolling.SizeAndTimeBasedFNATP@29ee9faa - For more information see http://logback.qos.ch/manual/appenders.html#SizeAndTimeBasedRollingPolicy
11:34:53,303 |-INFO in ch.qos.logback.core.joran.action.NestedComplexPropertyIA - Assuming default type [ch.qos.logback.classic.encoder.PatternLayoutEncoder] for [encoder] property
11:34:53,311 |-INFO in ch.qos.logback.core.rolling.RollingFileAppender[FILE] - Active log file name: /tmp/application.log
11:34:53,311 |-INFO in ch.qos.logback.core.rolling.RollingFileAppender[FILE] - File property is set to [/tmp/application.log]
11:34:53,314 |-INFO in ch.qos.logback.classic.joran.action.RootLoggerAction - Setting level of ROOT logger to INFO
11:34:53,314 |-INFO in ch.qos.logback.core.joran.action.AppenderRefAction - Attaching appender named [STDOUT] to Logger[ROOT]
11:34:53,315 |-INFO in ch.qos.logback.core.joran.action.AppenderRefAction - Attaching appender named [FILE] to Logger[ROOT]
11:34:53,315 |-INFO in ch.qos.logback.classic.joran.action.ConfigurationAction - End of configuration.
11:34:53,315 |-INFO in ch.qos.logback.classic.joran.JoranConfigurator@c038203 - Registering current configuration as safe fallback point

11:34:53.323 [main] INFO  c.s.f.r.WorkerApplication  - Starting worker with workerConfig 'WorkerConfig{id='flamestream-benchmarks-worker-12', localAddress=flamestream-benchmarks-worker-12/10.0.0.11:5412, zkString='flamestream-benchmarks-manager:12181', snapshotPath='/home/ubuntu/flamestream/data', guarantees=AT_MOST_ONCE}'
11:34:54.758 [worker-akka.actor.default-dispatcher-6] INFO  a.e.s.Slf4jLogger  - Slf4jLogger started
2019-10-10T11:34:54.928+0000: 2.271: [Full GC (Metadata GC Threshold) 2019-10-10T11:34:54.928+0000: 2.271: [Tenured: 0K->13624K(1024000K), 0.0519373 secs] 131275K->13624K(1484800K), [Metaspace: 20209K->20209K(1067008K)], 0.0520219 secs] [Times: user=0.04 sys=0.02, real=0.06 secs] 
11:34:55.089 [worker-akka.actor.default-dispatcher-6] WARN  a.r.RemoteActorRefProvider akka.remote.RemoteActorRefProvider - Using the 'remote' ActorRefProvider directly, which is a low-level layer. For most use cases, the 'cluster' abstraction on top of remoting is more suitable instead.
11:34:55.096 [worker-akka.actor.default-dispatcher-6] WARN  a.r.RemoteActorRefProvider akka.remote.RemoteActorRefProvider - Akka Cluster not in use - Using Akka Cluster is recommended if you need remote watch and deploy.
11:34:55.225 [worker-akka.actor.default-dispatcher-6] INFO  a.r.a.a.ArteryAeronUdpTransport(akka://worker) akka.remote.artery.aeron.ArteryAeronUdpTransport(akka://worker) - Started embedded media driver in directory [/dev/shm/aeron-flamestream-benchmarks-worker-12]
11:34:55.266 [worker-akka.actor.default-dispatcher-6] WARN  a.r.a.a.ArteryAeronUdpTransport(akka://worker) akka.remote.artery.aeron.ArteryAeronUdpTransport(akka://worker) - Aeron CnC version mismatch: compiled version = 15, file version = 16
11:34:55.562 [worker-akka.actor.default-dispatcher-6] INFO  a.r.a.a.ArteryAeronUdpTransport(akka://worker) akka.remote.artery.aeron.ArteryAeronUdpTransport(akka://worker) - Remoting started with transport [Artery aeron-udp]; listening on address [akka://worker@flamestream-benchmarks-worker-12:5412] and bound to [akka://worker@0.0.0.0:5412] with UID [216446075669459479]
11:34:56.226 [worker-akka.actor.default-dispatcher-6] WARN  a.s.Serialization(akka://worker) akka.serialization.Serialization(akka://worker) - Using serializer [com.romix.akka.serialization.kryo.KryoSerializer] for message [akka.actor.ActorSelectionMessage]. Note that this serializer is not implemented by Akka. It's not recommended to replace serializers for messages provided by Akka.
11:34:56.228 [worker-akka.actor.default-dispatcher-6] WARN  a.s.Serialization(akka://worker) akka.serialization.Serialization(akka://worker) - Using serializer [com.romix.akka.serialization.kryo.KryoSerializer] for message [akka.actor.ActorIdentity]. Note that this serializer is not implemented by Akka. It's not recommended to replace serializers for messages provided by Akka.
11:34:56.291 [worker-akka.actor.default-dispatcher-9] INFO  a.a.RepointableActorRef akka://worker/user/watcher - Starting...
11:34:56.459 [worker-akka.actor.default-dispatcher-6] INFO  o.a.c.u.Compatibility  - Running in ZooKeeper 3.4.x compatibility mode
11:34:56.519 [worker-akka.actor.default-dispatcher-6] INFO  o.a.c.f.i.CuratorFrameworkImpl  - Starting
11:34:56.544 [worker-akka.actor.default-dispatcher-6] INFO  o.a.z.ZooKeeper  - Client environment:zookeeper.version=3.4.14-4c25d480e66aadd371de8bd2fd8da255ac140bcf, built on 03/06/2019 16:18 GMT
11:34:56.545 [worker-akka.actor.default-dispatcher-6] INFO  o.a.z.ZooKeeper  - Client environment:host.name=flamestream-benchmarks-worker-12
11:34:56.546 [worker-akka.actor.default-dispatcher-6] INFO  o.a.z.ZooKeeper  - Client environment:java.version=1.8.0_222
11:34:56.546 [worker-akka.actor.default-dispatcher-6] INFO  o.a.z.ZooKeeper  - Client environment:java.vendor=Private Build
11:34:56.548 [worker-akka.actor.default-dispatcher-6] INFO  o.a.z.ZooKeeper  - Client environment:java.home=/usr/lib/jvm/java-8-openjdk-amd64/jre
11:34:56.549 [worker-akka.actor.default-dispatcher-6] INFO  o.a.z.ZooKeeper  - Client environment:java.class.path=lib/curator-framework-4.0.1.jar:lib/commons-csv-1.4.jar:lib/aeron-client-1.21.2.jar:lib/scala-library-2.12.9.jar:lib/asm-5.0.4.jar:lib/agrona-1.0.1.jar:lib/curator-recipes-4.0.1.jar:lib/akka-testkit_2.12-2.6.0-M6.jar:lib/flamestream-runtime-1.0-SNAPSHOT.jar:lib/slf4j-simple-2.0.0-alpha1.jar:lib/jsr305-3.0.2.jar:lib/trove4j-3.0.3.jar:lib/flamestream-core-1.0-SNAPSHOT.jar:lib/commons-io-2.4.jar:lib/minlog-1.3.0.jar:lib/kryonet-2.21.jar:lib/commons-1.4.9.jar:lib/jline-0.9.94.jar:lib/akka-remote_2.12-2.6.0-M6.jar:lib/leveldbjni-all-1.8.jar:lib/lz4-1.3.0.jar:lib/slf4j-api-1.7.24.jar:lib/scala-parser-combinators_2.12-1.1.2.jar:lib/flamestream-core-1.0-SNAPSHOT-tests.jar:lib/logback-core-1.2.3.jar:lib/netty-3.10.6.Final.jar:lib/protobuf-java-3.9.0.jar:lib/minlog-1.2.jar:lib/leveldb-api-0.7.jar:lib/jool-0.9.12.jar:lib/commons-cli-1.4.jar:lib/jblas-1.2.4.jar:lib/reflectasm-1.11.3.jar:lib/reflectasm-1.07-shaded.jar:lib/audience-annotations-0.5.0.jar:lib/jackson-annotations-2.9.6.jar:lib/commons-lang-2.6.jar:lib/ssl-config-core_2.12-0.3.8.jar:lib/annotations-13.0.jar:lib/logback-classic-1.2.3.jar:lib/guava-21.0.jar:lib/reactive-streams-1.0.2.jar:lib/spotbugs-annotations-3.1.9.jar:lib/leveldb-0.7.jar:lib/commons-pool2-2.4.2.jar:lib/rocksdbjni-5.5.1.jar:lib/jackson-core-2.9.9.jar:lib/jackson-databind-2.9.9.2.jar:lib/akka-protobuf-v3_2.12-2.6.0-M6.jar:lib/jackson-annotations-2.9.0.jar:lib/flamestream-examples-1.0-SNAPSHOT.jar:lib/objenesis-2.1.jar:lib/akka-kryo-serialization_2.12-0.5.2.jar:lib/scala-java8-compat_2.12-0.8.0.jar:lib/zookeeper-3.4.14.jar:lib/akka-slf4j_2.12-2.6.0-M6.jar:lib/kryo-4.0.0.jar:lib/akka-stream_2.12-2.6.0-M6.jar:lib/aeron-driver-1.21.2.jar:lib/config-1.3.1.jar:lib/annotations-12.0.jar:lib/jedis-2.9.0.jar:lib/jcommander-1.48.jar:lib/testng-6.10.jar:lib/akka-actor_2.12-2.6.0-M6.jar:lib/curator-client-4.0.1.jar:flamestream-runtime-1.0-SNAPSHOT.jar
11:34:56.552 [worker-akka.actor.default-dispatcher-6] INFO  o.a.z.ZooKeeper  - Client environment:java.library.path=/usr/java/packages/lib/amd64:/usr/lib/x86_64-linux-gnu/jni:/lib/x86_64-linux-gnu:/usr/lib/x86_64-linux-gnu:/usr/lib/jni:/lib:/usr/lib
11:34:56.553 [worker-akka.actor.default-dispatcher-6] INFO  o.a.z.ZooKeeper  - Client environment:java.io.tmpdir=/tmp
11:34:56.553 [worker-akka.actor.default-dispatcher-6] INFO  o.a.z.ZooKeeper  - Client environment:java.compiler=<NA>
11:34:56.553 [worker-akka.actor.default-dispatcher-6] INFO  o.a.z.ZooKeeper  - Client environment:os.name=Linux
11:34:56.554 [worker-akka.actor.default-dispatcher-6] INFO  o.a.z.ZooKeeper  - Client environment:os.arch=amd64
11:34:56.554 [worker-akka.actor.default-dispatcher-6] INFO  o.a.z.ZooKeeper  - Client environment:os.version=4.15.0-1040-gcp
11:34:56.554 [worker-akka.actor.default-dispatcher-6] INFO  o.a.z.ZooKeeper  - Client environment:user.name=ubuntu
11:34:56.554 [worker-akka.actor.default-dispatcher-6] INFO  o.a.z.ZooKeeper  - Client environment:user.home=/home/ubuntu
11:34:56.555 [worker-akka.actor.default-dispatcher-6] INFO  o.a.z.ZooKeeper  - Client environment:user.dir=/home/ubuntu/flamestream
11:34:56.562 [worker-akka.actor.default-dispatcher-6] INFO  o.a.z.ZooKeeper  - Initiating client connection, connectString=flamestream-benchmarks-manager:12181 sessionTimeout=60000 watcher=org.apache.curator.ConnectionState@652f61e2
11:34:56.620 [worker-akka.actor.default-dispatcher-6-SendThread(flamestream-benchmarks-manager:12181)] INFO  o.a.z.ClientCnxn  - Opening socket connection to server flamestream-benchmarks-manager/10.0.0.21:12181. Will not attempt to authenticate using SASL (unknown error)
11:34:56.622 [worker-akka.actor.default-dispatcher-6] INFO  o.a.c.f.i.CuratorFrameworkImpl  - Default schema
11:34:56.629 [worker-akka.actor.default-dispatcher-6-SendThread(flamestream-benchmarks-manager:12181)] INFO  o.a.z.ClientCnxn  - Socket connection established to flamestream-benchmarks-manager/10.0.0.21:12181, initiating session
11:34:56.643 [worker-akka.actor.default-dispatcher-6-SendThread(flamestream-benchmarks-manager:12181)] INFO  o.a.z.ClientCnxn  - Session establishment complete on server flamestream-benchmarks-manager/10.0.0.21:12181, sessionid = 0x100002c5342000c, negotiated timeout = 60000
11:34:56.654 [worker-akka.actor.default-dispatcher-6-EventThread] INFO  o.a.c.f.s.ConnectionStateManager  - State change: CONNECTED
11:34:56.658 [worker-akka.actor.default-dispatcher-9] INFO  a.a.RepointableActorRef akka://worker/user/watcher - Initializing rocksDB backend
2019-10-10T11:34:57.850+0000: 5.192: [Full GC (Metadata GC Threshold) 2019-10-10T11:34:57.850+0000: 5.192: [Tenured: 13624K->25949K(1024000K), 0.1440748 secs] 169341K->25949K(1484800K), [Metaspace: 33705K->33705K(1079296K)], 0.1441680 secs] [Times: user=0.13 sys=0.02, real=0.15 secs] 
11:34:58.097 [worker-akka.actor.default-dispatcher-6] INFO  a.a.LocalActorRef akka://worker/user/watcher/processing-watcher - Starting...
11:35:02.203 [Curator-PathChildrenCache-2] WARN  o.a.c.u.ZKPaths  - The version of ZooKeeper being used doesn't support Container nodes. CreateMode.PERSISTENT will be used instead.
11:35:02.337 [worker-akka.actor.default-dispatcher-6] INFO  a.a.LocalActorRef akka://worker/user/watcher/processing-watcher/$a - Starting...
11:35:02.381 [worker-akka.actor.default-dispatcher-6] INFO  a.a.LocalActorRef akka://worker/user/watcher/processing-watcher/$a - Stopped
11:35:04.046 [worker-akka.actor.default-dispatcher-6] INFO  a.a.LocalActorRef akka://worker/user/watcher/processing-watcher/graph/graph - Starting...
11:35:07.805 [worker-akka.actor.default-dispatcher-6] INFO  a.a.LocalActorRef akka://worker/user/watcher/processing-watcher/graph/graph - Finishing constructor
11:35:07.809 [worker-akka.actor.default-dispatcher-12] INFO  a.a.LocalActorRef akka://worker/user/watcher/processing-watcher/graph/negotiator - Starting...
11:35:07.810 [worker-akka.actor.default-dispatcher-9] INFO  a.a.LocalActorRef akka://worker/user/watcher/processing-watcher/graph - Starting FlameNode with config 'ClusterConfig{paths={flamestream-benchmarks-worker-1=akka://worker@flamestream-benchmarks-worker-1:5412/user/watcher/processing-watcher/graph, flamestream-benchmarks-worker-0=akka://worker@flamestream-benchmarks-worker-0:5412/user/watcher/processing-watcher/graph, flamestream-benchmarks-worker-9=akka://worker@flamestream-benchmarks-worker-9:5412/user/watcher/processing-watcher/graph, flamestream-benchmarks-worker-8=akka://worker@flamestream-benchmarks-worker-8:5412/user/watcher/processing-watcher/graph, flamestream-benchmarks-worker-7=akka://worker@flamestream-benchmarks-worker-7:5412/user/watcher/processing-watcher/graph, flamestream-benchmarks-worker-6=akka://worker@flamestream-benchmarks-worker-6:5412/user/watcher/processing-watcher/graph, flamestream-benchmarks-worker-5=akka://worker@flamestream-benchmarks-worker-5:5412/user/watcher/processing-watcher/graph, flamestream-benchmarks-worker-4=akka://worker@flamestream-benchmarks-worker-4:5412/user/watcher/processing-watcher/graph, flamestream-benchmarks-worker-3=akka://worker@flamestream-benchmarks-worker-3:5412/user/watcher/processing-watcher/graph, flamestream-benchmarks-worker-2=akka://worker@flamestream-benchmarks-worker-2:5412/user/watcher/processing-watcher/graph, flamestream-benchmarks-worker-14=akka://worker@flamestream-benchmarks-worker-14:5412/user/watcher/processing-watcher/graph, flamestream-benchmarks-worker-13=akka://worker@flamestream-benchmarks-worker-13:5412/user/watcher/processing-watcher/graph, flamestream-benchmarks-worker-12=akka://worker@flamestream-benchmarks-worker-12:5412/user/watcher/processing-watcher/graph, flamestream-benchmarks-worker-11=akka://worker@flamestream-benchmarks-worker-11:5412/user/watcher/processing-watcher/graph, flamestream-benchmarks-worker-10=akka://worker@flamestream-benchmarks-worker-10:5412/user/watcher/processing-watcher/graph}}'
11:35:07.811 [worker-akka.actor.default-dispatcher-9] INFO  a.a.LocalActorRef akka://worker/user/watcher/processing-watcher/graph/edge - Starting...
11:35:07.834 [worker-akka.actor.default-dispatcher-12] INFO  a.a.LocalActorRef akka://worker/user/watcher/processing-watcher/graph/negotiator - Requesting ticket for the frontClass FlameSocketGraphDeployerFront@flamestream-benchmarks-worker-12
11:35:07.880 [worker-akka.actor.default-dispatcher-14] INFO  a.a.LocalActorRef akka://worker/user/watcher/processing-watcher/graph/graph - Received last commit 'LastCommit{globalTime=(0000000, min@min)}'
11:35:07.900 [worker-akka.actor.default-dispatcher-6] INFO  c.s.f.r.e.s.SocketRear  - FlameSocketGraphDeployerRear@flamestream-benchmarks-worker-12: connecting to flamestream-benchmarks-manager:5678
11:35:07.910 [worker-akka.actor.default-dispatcher-14] INFO  a.a.LocalActorRef akka://worker/user/watcher/processing-watcher/graph/edge/FlameSocketGraphDeployerFront - Starting...
11:35:07.917 [worker-akka.actor.default-dispatcher-6] INFO  c.s.f.r.e.s.SocketRear  - FlameSocketGraphDeployerRear@flamestream-benchmarks-worker-12: connected to flamestream-benchmarks-manager:5678
11:35:07.918 [worker-akka.actor.default-dispatcher-6] INFO  a.a.LocalActorRef akka://worker/user/watcher/processing-watcher/graph/edge/FlameSocketGraphDeployerRear - Starting...
11:35:07.940 [worker-akka.actor.default-dispatcher-10] INFO  a.a.LocalActorRef akka://worker/user/watcher/processing-watcher/graph/negotiator - Ticket for the frontClass received: FrontTicket{allowedTimestamp=(0000000, FlameSocketGraphDeployerFront@flamestream-benchmarks-worker-12)}
11:35:07.942 [worker-akka.actor.default-dispatcher-10] INFO  c.s.f.r.e.s.SocketFront  - FlameSocketGraphDeployerFront@flamestream-benchmarks-worker-12: connecting to flamestream-benchmarks-manager:4567
11:35:08.333 [worker-akka.actor.default-dispatcher-10] INFO  a.a.LocalActorRef akka://worker/user/watcher/processing-watcher/graph/graph/$a - Starting...
11:35:08.366 [worker-akka.actor.default-dispatcher-10] INFO  a.a.LocalActorRef akka://worker/user/watcher/processing-watcher/graph/graph/$b - Starting...
11:35:08.375 [worker-akka.actor.default-dispatcher-10] INFO  a.a.LocalActorRef akka://worker/user/watcher/processing-watcher/graph/graph/$c - Starting...
11:35:08.387 [worker-akka.actor.default-dispatcher-10] INFO  a.a.LocalActorRef akka://worker/user/watcher/processing-watcher/graph/graph/$d - Starting...
11:35:08.390 [worker-akka.actor.default-dispatcher-10] INFO  a.a.LocalActorRef akka://worker/user/watcher/processing-watcher/graph/graph/$e - Starting...
11:35:08.393 [worker-akka.actor.default-dispatcher-10] INFO  a.a.LocalActorRef akka://worker/user/watcher/processing-watcher/graph/graph/$f - Starting...
11:35:08.401 [worker-akka.actor.default-dispatcher-10] INFO  a.a.LocalActorRef akka://worker/user/watcher/processing-watcher/graph/graph/$g - Starting...
11:35:08.406 [worker-akka.actor.default-dispatcher-10] INFO  a.a.LocalActorRef akka://worker/user/watcher/processing-watcher/graph/graph/$h - Starting...
11:35:08.412 [worker-akka.actor.default-dispatcher-10] INFO  a.a.LocalActorRef akka://worker/user/watcher/processing-watcher/graph/graph/$i - Starting...
11:35:08.416 [worker-akka.actor.default-dispatcher-10] INFO  a.a.LocalActorRef akka://worker/user/watcher/processing-watcher/graph/graph/$j - Starting...
11:35:08.422 [worker-akka.actor.default-dispatcher-10] INFO  a.a.LocalActorRef akka://worker/user/watcher/processing-watcher/graph/graph/$k - Starting...
11:35:08.426 [worker-akka.actor.default-dispatcher-10] INFO  a.a.LocalActorRef akka://worker/user/watcher/processing-watcher/graph/graph/$l - Starting...
11:35:08.431 [worker-akka.actor.default-dispatcher-10] INFO  a.a.LocalActorRef akka://worker/user/watcher/processing-watcher/graph/graph/$m - Starting...
11:35:08.434 [worker-akka.actor.default-dispatcher-10] INFO  a.a.LocalActorRef akka://worker/user/watcher/processing-watcher/graph/graph/$n - Starting...
11:35:08.446 [worker-akka.actor.default-dispatcher-10] INFO  a.a.LocalActorRef akka://worker/user/watcher/processing-watcher/graph/graph/$o - Starting...
11:35:08.479 [worker-akka.actor.default-dispatcher-10] INFO  a.a.LocalActorRef akka://worker/user/watcher/processing-watcher/graph/graph/$o - Attached rear to graph (-9223372036854775808, min@min)
11:35:08.479 [worker-akka.actor.default-dispatcher-10] INFO  a.a.LocalActorRef akka://worker/user/watcher/processing-watcher/graph/graph/$p - Starting...
11:35:08.480 [worker-akka.actor.default-dispatcher-10] INFO  a.a.LocalActorRef akka://worker/user/watcher/processing-watcher/graph/graph/$r - Starting...
11:35:08.482 [worker-akka.actor.default-dispatcher-10] INFO  a.a.LocalActorRef akka://worker/user/watcher/processing-watcher/graph/graph/$s - Starting...
11:35:08.486 [worker-akka.actor.default-dispatcher-10] INFO  a.a.LocalActorRef akka://worker/user/watcher/processing-watcher/graph/graph/$q - Starting...
11:35:08.501 [worker-akka.actor.default-dispatcher-10] INFO  a.a.LocalActorRef akka://worker/user/watcher/processing-watcher/graph/graph/$t - Starting...
11:35:08.503 [worker-akka.actor.default-dispatcher-10] INFO  a.a.LocalActorRef akka://worker/user/watcher/processing-watcher/graph/graph/$u - Starting...
11:35:08.514 [worker-akka.actor.default-dispatcher-10] INFO  a.a.LocalActorRef akka://worker/user/watcher/processing-watcher/graph/graph/$v - Starting...
11:35:08.518 [worker-akka.actor.default-dispatcher-10] INFO  a.a.LocalActorRef akka://worker/user/watcher/processing-watcher/graph/graph/$w - Starting...
11:35:08.520 [worker-akka.actor.default-dispatcher-10] INFO  a.a.LocalActorRef akka://worker/user/watcher/processing-watcher/graph/graph/$x - Starting...
11:35:08.526 [worker-akka.actor.default-dispatcher-10] INFO  a.a.LocalActorRef akka://worker/user/watcher/processing-watcher/graph/graph/$y - Starting...
11:35:08.533 [worker-akka.actor.default-dispatcher-10] INFO  a.a.LocalActorRef akka://worker/user/watcher/processing-watcher/graph/graph/$z - Starting...
11:35:08.537 [worker-akka.actor.default-dispatcher-10] INFO  a.a.LocalActorRef akka://worker/user/watcher/processing-watcher/graph/graph/$A - Starting...
11:35:08.541 [worker-akka.actor.default-dispatcher-10] INFO  a.a.LocalActorRef akka://worker/user/watcher/processing-watcher/graph/graph/$B - Starting...
11:35:08.544 [worker-akka.actor.default-dispatcher-10] INFO  a.a.LocalActorRef akka://worker/user/watcher/processing-watcher/graph/graph/$C - Starting...
11:35:08.546 [worker-akka.actor.default-dispatcher-10] INFO  a.a.LocalActorRef akka://worker/user/watcher/processing-watcher/graph/graph/$D - Starting...
11:35:08.553 [worker-akka.actor.default-dispatcher-10] INFO  a.a.LocalActorRef akka://worker/user/watcher/processing-watcher/graph/graph/$E - Starting...
11:35:08.560 [worker-akka.actor.default-dispatcher-10] INFO  a.a.LocalActorRef akka://worker/user/watcher/processing-watcher/graph/graph/$F - Starting...
11:35:08.560 [worker-akka.actor.default-dispatcher-10] INFO  a.a.LocalActorRef akka://worker/user/watcher/processing-watcher/graph/graph/$G - Starting...
11:35:08.563 [worker-akka.actor.default-dispatcher-10] INFO  a.a.LocalActorRef akka://worker/user/watcher/processing-watcher/graph/graph/$I - Starting...
11:35:08.566 [worker-akka.actor.default-dispatcher-10] INFO  a.a.LocalActorRef akka://worker/user/watcher/processing-watcher/graph/graph/$J - Starting...
11:35:08.567 [worker-akka.actor.default-dispatcher-10] INFO  a.a.LocalActorRef akka://worker/user/watcher/processing-watcher/graph/graph/$H - Starting...
11:35:08.567 [worker-akka.actor.default-dispatcher-10] INFO  a.a.LocalActorRef akka://worker/user/watcher/processing-watcher/graph/graph/$K - Starting...
11:35:08.567 [worker-akka.actor.default-dispatcher-10] INFO  a.a.LocalActorRef akka://worker/user/watcher/processing-watcher/graph/graph/$L - Starting...
11:35:08.567 [worker-akka.actor.default-dispatcher-10] INFO  a.a.LocalActorRef akka://worker/user/watcher/processing-watcher/graph/graph/$M - Starting...
11:35:08.567 [worker-akka.actor.default-dispatcher-6] INFO  a.a.LocalActorRef akka://worker/user/watcher/processing-watcher/graph/graph/$N - Starting...
11:35:08.567 [worker-akka.actor.default-dispatcher-6] INFO  a.a.LocalActorRef akka://worker/user/watcher/processing-watcher/graph/graph/$O - Starting...
11:35:08.572 [worker-akka.actor.default-dispatcher-10] INFO  a.a.LocalActorRef akka://worker/user/watcher/processing-watcher/graph/graph/$P - Starting...
11:35:08.575 [worker-akka.actor.default-dispatcher-10] INFO  a.a.LocalActorRef akka://worker/user/watcher/processing-watcher/graph/graph/$Q - Starting...
11:35:08.576 [worker-akka.actor.default-dispatcher-10] INFO  a.a.LocalActorRef akka://worker/user/watcher/processing-watcher/graph/graph/$R - Starting...
11:35:08.576 [worker-akka.actor.default-dispatcher-10] INFO  a.a.LocalActorRef akka://worker/user/watcher/processing-watcher/graph/graph/$S - Starting...
11:35:08.576 [worker-akka.actor.default-dispatcher-10] INFO  a.a.LocalActorRef akka://worker/user/watcher/processing-watcher/graph/graph/$T - Starting...
11:35:08.576 [worker-akka.actor.default-dispatcher-10] INFO  a.a.LocalActorRef akka://worker/user/watcher/processing-watcher/graph/graph/$U - Starting...
11:35:08.578 [worker-akka.actor.default-dispatcher-10] INFO  a.a.LocalActorRef akka://worker/user/watcher/processing-watcher/graph/graph/$W - Starting...
11:35:08.581 [worker-akka.actor.default-dispatcher-10] INFO  a.a.LocalActorRef akka://worker/user/watcher/processing-watcher/graph/graph/$X - Starting...
11:35:08.581 [worker-akka.actor.default-dispatcher-10] INFO  a.a.LocalActorRef akka://worker/user/watcher/processing-watcher/graph/graph/$V - Starting...
11:35:08.581 [worker-akka.actor.default-dispatcher-10] INFO  a.a.LocalActorRef akka://worker/user/watcher/processing-watcher/graph/graph/$Y - Starting...
11:35:08.584 [worker-akka.actor.default-dispatcher-10] INFO  a.a.LocalActorRef akka://worker/user/watcher/processing-watcher/graph/graph/$Z - Starting...
11:35:08.584 [worker-akka.actor.default-dispatcher-10] INFO  a.a.LocalActorRef akka://worker/user/watcher/processing-watcher/graph/graph/$0 - Starting...
11:35:08.584 [worker-akka.actor.default-dispatcher-10] INFO  a.a.LocalActorRef akka://worker/user/watcher/processing-watcher/graph/graph/$1 - Starting...
11:35:08.585 [worker-akka.actor.default-dispatcher-10] INFO  a.a.LocalActorRef akka://worker/user/watcher/processing-watcher/graph/graph/$3 - Starting...
11:35:08.586 [worker-akka.actor.default-dispatcher-10] INFO  a.a.LocalActorRef akka://worker/user/watcher/processing-watcher/graph/graph/$2 - Starting...
11:35:08.590 [worker-akka.actor.default-dispatcher-10] INFO  a.a.LocalActorRef akka://worker/user/watcher/processing-watcher/graph/graph/$4 - Starting...
11:35:08.594 [worker-akka.actor.default-dispatcher-10] INFO  a.a.LocalActorRef akka://worker/user/watcher/processing-watcher/graph/graph/$5 - Starting...
11:35:08.600 [worker-akka.actor.default-dispatcher-10] INFO  a.a.LocalActorRef akka://worker/user/watcher/processing-watcher/graph/graph/$6 - Starting...
11:35:08.608 [worker-akka.actor.default-dispatcher-10] INFO  a.a.LocalActorRef akka://worker/user/watcher/processing-watcher/graph/graph/$7 - Starting...
11:35:08.611 [worker-akka.actor.default-dispatcher-10] INFO  a.a.LocalActorRef akka://worker/user/watcher/processing-watcher/graph/graph/$8 - Starting...
11:35:08.635 [worker-akka.actor.default-dispatcher-10] INFO  a.a.LocalActorRef akka://worker/user/watcher/processing-watcher/graph/graph/$9 - Starting...
11:35:08.636 [worker-akka.actor.default-dispatcher-10] INFO  a.a.LocalActorRef akka://worker/user/watcher/processing-watcher/graph/graph/$+ - Starting...
11:35:08.636 [worker-akka.actor.default-dispatcher-10] INFO  a.a.LocalActorRef akka://worker/user/watcher/processing-watcher/graph/graph/$~ - Starting...
11:35:08.636 [worker-akka.actor.default-dispatcher-10] INFO  a.a.LocalActorRef akka://worker/user/watcher/processing-watcher/graph/graph/$ab - Starting...
11:35:08.636 [worker-akka.actor.default-dispatcher-10] INFO  a.a.LocalActorRef akka://worker/user/watcher/processing-watcher/graph/graph/$bb - Starting...
11:35:08.636 [worker-akka.actor.default-dispatcher-10] INFO  a.a.LocalActorRef akka://worker/user/watcher/processing-watcher/graph/graph/$cb - Starting...
11:35:08.636 [worker-akka.actor.default-dispatcher-10] INFO  a.a.LocalActorRef akka://worker/user/watcher/processing-watcher/graph/graph/$db - Starting...
11:35:08.636 [worker-akka.actor.default-dispatcher-10] INFO  a.a.LocalActorRef akka://worker/user/watcher/processing-watcher/graph/graph/$eb - Starting...
11:35:08.636 [worker-akka.actor.default-dispatcher-10] INFO  a.a.LocalActorRef akka://worker/user/watcher/processing-watcher/graph/graph/$fb - Starting...
11:35:08.637 [worker-akka.actor.default-dispatcher-10] INFO  a.a.LocalActorRef akka://worker/user/watcher/processing-watcher/graph/graph/$gb - Starting...
11:35:08.643 [worker-akka.actor.default-dispatcher-6] INFO  a.a.LocalActorRef akka://worker/user/watcher/processing-watcher/graph/graph/$hb - Starting...
11:35:08.649 [worker-akka.actor.default-dispatcher-6] INFO  a.a.LocalActorRef akka://worker/user/watcher/processing-watcher/graph/graph/$ib - Starting...
11:35:08.649 [worker-akka.actor.default-dispatcher-6] INFO  a.a.LocalActorRef akka://worker/user/watcher/processing-watcher/graph/graph/$kb - Starting...
11:35:08.650 [worker-akka.actor.default-dispatcher-6] INFO  a.a.LocalActorRef akka://worker/user/watcher/processing-watcher/graph/graph/$lb - Starting...
11:35:08.650 [worker-akka.actor.default-dispatcher-6] INFO  a.a.LocalActorRef akka://worker/user/watcher/processing-watcher/graph/graph/$mb - Starting...
11:35:08.650 [worker-akka.actor.default-dispatcher-6] INFO  a.a.LocalActorRef akka://worker/user/watcher/processing-watcher/graph/graph/$nb - Starting...
11:35:08.650 [worker-akka.actor.default-dispatcher-10] INFO  a.a.LocalActorRef akka://worker/user/watcher/processing-watcher/graph/graph/$ob - Starting...
11:35:08.651 [worker-akka.actor.default-dispatcher-6] INFO  a.a.LocalActorRef akka://worker/user/watcher/processing-watcher/graph/graph/$jb - Starting...
11:35:08.652 [worker-akka.actor.default-dispatcher-6] INFO  a.a.LocalActorRef akka://worker/user/watcher/processing-watcher/graph/graph/$qb - Starting...
11:35:08.653 [worker-akka.actor.default-dispatcher-6] INFO  a.a.LocalActorRef akka://worker/user/watcher/processing-watcher/graph/graph/$pb - Starting...
11:35:08.653 [worker-akka.actor.default-dispatcher-6] INFO  a.a.LocalActorRef akka://worker/user/watcher/processing-watcher/graph/graph/$rb - Starting...
11:35:08.655 [worker-akka.actor.default-dispatcher-6] INFO  a.a.LocalActorRef akka://worker/user/watcher/processing-watcher/graph/graph/$sb - Starting...
11:35:08.655 [worker-akka.actor.default-dispatcher-6] INFO  a.a.LocalActorRef akka://worker/user/watcher/processing-watcher/graph/graph/$tb - Starting...
11:35:08.659 [worker-akka.actor.default-dispatcher-6] INFO  a.a.LocalActorRef akka://worker/user/watcher/processing-watcher/graph/graph/$vb - Starting...
11:35:08.663 [worker-akka.actor.default-dispatcher-6] INFO  a.a.LocalActorRef akka://worker/user/watcher/processing-watcher/graph/graph/$ub - Starting...
11:35:08.669 [worker-akka.actor.default-dispatcher-6] INFO  a.a.LocalActorRef akka://worker/user/watcher/processing-watcher/graph/graph/$wb - Starting...
11:35:08.670 [worker-akka.actor.default-dispatcher-6] INFO  a.a.LocalActorRef akka://worker/user/watcher/processing-watcher/graph/graph/$yb - Starting...
11:35:08.670 [worker-akka.actor.default-dispatcher-6] INFO  a.a.LocalActorRef akka://worker/user/watcher/processing-watcher/graph/graph/$zb - Starting...
11:35:08.670 [worker-akka.actor.default-dispatcher-6] INFO  a.a.LocalActorRef akka://worker/user/watcher/processing-watcher/graph/graph/$Ab - Starting...
11:35:08.670 [worker-akka.actor.default-dispatcher-6] INFO  a.a.LocalActorRef akka://worker/user/watcher/processing-watcher/graph/graph/$Bb - Starting...
11:35:08.670 [worker-akka.actor.default-dispatcher-10] INFO  a.a.LocalActorRef akka://worker/user/watcher/processing-watcher/graph/graph/$Cb - Starting...
11:35:08.675 [worker-akka.actor.default-dispatcher-6] INFO  a.a.LocalActorRef akka://worker/user/watcher/processing-watcher/graph/graph/$xb - Starting...
11:35:08.675 [worker-akka.actor.default-dispatcher-6] INFO  a.a.LocalActorRef akka://worker/user/watcher/processing-watcher/graph/graph/$Db - Starting...
11:35:08.675 [worker-akka.actor.default-dispatcher-6] INFO  a.a.LocalActorRef akka://worker/user/watcher/processing-watcher/graph/graph/$Eb - Starting...
11:35:08.683 [worker-akka.actor.default-dispatcher-6] INFO  a.a.LocalActorRef akka://worker/user/watcher/processing-watcher/graph/graph/$Fb - Starting...
11:35:08.683 [worker-akka.actor.default-dispatcher-6] INFO  a.a.LocalActorRef akka://worker/user/watcher/processing-watcher/graph/graph/$Gb - Starting...
11:35:08.683 [worker-akka.actor.default-dispatcher-6] INFO  a.a.LocalActorRef akka://worker/user/watcher/processing-watcher/graph/graph/$Hb - Starting...
11:35:08.683 [worker-akka.actor.default-dispatcher-6] INFO  a.a.LocalActorRef akka://worker/user/watcher/processing-watcher/graph/graph/$Ib - Starting...
11:35:08.686 [worker-akka.actor.default-dispatcher-6] INFO  a.a.LocalActorRef akka://worker/user/watcher/processing-watcher/graph/graph/$Kb - Starting...
11:35:08.686 [worker-akka.actor.default-dispatcher-6] INFO  a.a.LocalActorRef akka://worker/user/watcher/processing-watcher/graph/graph/$Lb - Starting...
11:35:08.686 [worker-akka.actor.default-dispatcher-6] INFO  a.a.LocalActorRef akka://worker/user/watcher/processing-watcher/graph/graph/$Mb - Starting...
11:35:08.686 [worker-akka.actor.default-dispatcher-6] INFO  a.a.LocalActorRef akka://worker/user/watcher/processing-watcher/graph/graph/$Nb - Starting...
11:35:08.693 [worker-akka.actor.default-dispatcher-6] INFO  a.a.LocalActorRef akka://worker/user/watcher/processing-watcher/graph/graph/$Jb - Starting...
2019-10-10T11:35:22.728+0000: 30.070: [GC (Allocation Failure) 2019-10-10T11:35:22.728+0000: 30.070: [DefNew: 409600K->32200K(460800K), 0.0502563 secs] 435549K->58149K(1484800K), 0.0503547 secs] [Times: user=0.04 sys=0.02, real=0.05 secs] 
2019-10-10T11:35:34.684+0000: 42.026: [GC (Allocation Failure) 2019-10-10T11:35:34.684+0000: 42.026: [DefNew: 441800K->1138K(460800K), 0.0538463 secs] 467749K->55990K(1484800K), 0.0539411 secs] [Times: user=0.03 sys=0.03, real=0.05 secs] 
2019-10-10T11:35:43.259+0000: 50.601: [GC (Allocation Failure) 2019-10-10T11:35:43.259+0000: 50.602: [DefNew: 410738K->1269K(460800K), 0.0093360 secs] 465590K->56121K(1484800K), 0.0094290 secs] [Times: user=0.01 sys=0.00, real=0.01 secs] 
2019-10-10T11:35:49.743+0000: 57.086: [GC (Allocation Failure) 2019-10-10T11:35:49.744+0000: 57.086: [DefNew: 410869K->1338K(460800K), 0.0056139 secs] 465721K->56190K(1484800K), 0.0057119 secs] [Times: user=0.00 sys=0.00, real=0.00 secs] 
2019-10-10T11:35:58.839+0000: 66.181: [GC (Allocation Failure) 2019-10-10T11:35:58.839+0000: 66.181: [DefNew: 410938K->1916K(460800K), 0.0063802 secs] 465790K->56768K(1484800K), 0.0064812 secs] [Times: user=0.01 sys=0.00, real=0.01 secs] 
2019-10-10T11:36:08.491+0000: 75.834: [GC (Allocation Failure) 2019-10-10T11:36:08.491+0000: 75.834: [DefNew: 411516K->1771K(460800K), 0.0052084 secs] 466368K->56623K(1484800K), 0.0053025 secs] [Times: user=0.00 sys=0.00, real=0.01 secs] 
2019-10-10T11:36:16.301+0000: 83.644: [GC (Allocation Failure) 2019-10-10T11:36:16.301+0000: 83.644: [DefNew: 411371K->1797K(460800K), 0.0045119 secs] 466223K->56649K(1484800K), 0.0046184 secs] [Times: user=0.01 sys=0.00, real=0.00 secs] 
2019-10-10T11:36:23.118+0000: 90.461: [GC (Allocation Failure) 2019-10-10T11:36:23.118+0000: 90.461: [DefNew: 411397K->1747K(460800K), 0.0045920 secs] 466249K->56599K(1484800K), 0.0046888 secs] [Times: user=0.01 sys=0.00, real=0.01 secs] 
2019-10-10T11:36:30.362+0000: 97.705: [GC (Allocation Failure) 2019-10-10T11:36:30.362+0000: 97.705: [DefNew: 411347K->1740K(460800K), 0.0048377 secs] 466199K->56593K(1484800K), 0.0049323 secs] [Times: user=0.01 sys=0.00, real=0.00 secs] 
2019-10-10T11:36:38.020+0000: 105.363: [GC (Allocation Failure) 2019-10-10T11:36:38.020+0000: 105.363: [DefNew: 411340K->1679K(460800K), 0.0044270 secs] 466193K->56531K(1484800K), 0.0045247 secs] [Times: user=0.01 sys=0.00, real=0.00 secs] 
2019-10-10T11:36:45.282+0000: 112.624: [GC (Allocation Failure) 2019-10-10T11:36:45.282+0000: 112.624: [DefNew: 411279K->1679K(460800K), 0.0044311 secs] 466131K->56532K(1484800K), 0.0045261 secs] [Times: user=0.01 sys=0.00, real=0.00 secs] 
2019-10-10T11:36:52.520+0000: 119.863: [GC (Allocation Failure) 2019-10-10T11:36:52.520+0000: 119.863: [DefNew: 411279K->1740K(460800K), 0.0046394 secs] 466132K->56592K(1484800K), 0.0047375 secs] [Times: user=0.00 sys=0.00, real=0.00 secs] 
2019-10-10T11:37:00.376+0000: 127.718: [GC (Allocation Failure) 2019-10-10T11:37:00.376+0000: 127.718: [DefNew: 411340K->1727K(460800K), 0.0046990 secs] 466192K->56580K(1484800K), 0.0047956 secs] [Times: user=0.01 sys=0.00, real=0.01 secs] 
2019-10-10T11:37:07.629+0000: 134.972: [GC (Allocation Failure) 2019-10-10T11:37:07.629+0000: 134.972: [DefNew: 411327K->1722K(460800K), 0.0044763 secs] 466180K->56574K(1484800K), 0.0045742 secs] [Times: user=0.00 sys=0.00, real=0.01 secs] 
2019-10-10T11:37:14.907+0000: 142.250: [GC (Allocation Failure) 2019-10-10T11:37:14.907+0000: 142.250: [DefNew: 411322K->1722K(460800K), 0.0046572 secs] 466174K->56574K(1484800K), 0.0047538 secs] [Times: user=0.00 sys=0.00, real=0.01 secs] 
2019-10-10T11:37:22.682+0000: 150.025: [GC (Allocation Failure) 2019-10-10T11:37:22.682+0000: 150.025: [DefNew: 411322K->1723K(460800K), 0.0045432 secs] 466174K->56576K(1484800K), 0.0046338 secs] [Times: user=0.00 sys=0.00, real=0.00 secs] 
2019-10-10T11:37:30.007+0000: 157.349: [GC (Allocation Failure) 2019-10-10T11:37:30.007+0000: 157.349: [DefNew: 411323K->1464K(460800K), 0.0049081 secs] 466176K->56576K(1484800K), 0.0050131 secs] [Times: user=0.00 sys=0.00, real=0.01 secs] 
2019-10-10T11:37:37.306+0000: 164.649: [GC (Allocation Failure) 2019-10-10T11:37:37.306+0000: 164.649: [DefNew: 411064K->1340K(460800K), 0.0044581 secs] 466176K->56575K(1484800K), 0.0045602 secs] [Times: user=0.01 sys=0.00, real=0.00 secs] 
2019-10-10T11:37:45.164+0000: 172.506: [GC (Allocation Failure) 2019-10-10T11:37:45.164+0000: 172.506: [DefNew: 410940K->1243K(460800K), 0.0045213 secs] 466175K->56597K(1484800K), 0.0046170 secs] [Times: user=0.00 sys=0.00, real=0.00 secs] 
2019-10-10T11:37:52.458+0000: 179.800: [GC (Allocation Failure) 2019-10-10T11:37:52.458+0000: 179.800: [DefNew: 410843K->226K(460800K), 0.0054940 secs] 466197K->56623K(1484800K), 0.0055855 secs] [Times: user=0.00 sys=0.00, real=0.01 secs] 
2019-10-10T11:37:59.678+0000: 187.021: [GC (Allocation Failure) 2019-10-10T11:37:59.678+0000: 187.021: [DefNew: 409826K->321K(460800K), 0.0032732 secs] 466223K->56717K(1484800K), 0.0033673 secs] [Times: user=0.01 sys=0.00, real=0.01 secs] 
2019-10-10T11:38:06.977+0000: 194.319: [GC (Allocation Failure) 2019-10-10T11:38:06.977+0000: 194.319: [DefNew: 409921K->272K(460800K), 0.0029512 secs] 466317K->56669K(1484800K), 0.0030543 secs] [Times: user=0.00 sys=0.00, real=0.01 secs] 
2019-10-10T11:38:14.763+0000: 202.106: [GC (Allocation Failure) 2019-10-10T11:38:14.763+0000: 202.106: [DefNew: 409872K->279K(460800K), 0.0030913 secs] 466269K->56677K(1484800K), 0.0031849 secs] [Times: user=0.00 sys=0.00, real=0.00 secs] 
2019-10-10T11:38:22.159+0000: 209.502: [GC (Allocation Failure) 2019-10-10T11:38:22.159+0000: 209.502: [DefNew: 409879K->329K(460800K), 0.0028726 secs] 466277K->56727K(1484800K), 0.0029633 secs] [Times: user=0.00 sys=0.00, real=0.01 secs] 
2019-10-10T11:38:29.454+0000: 216.797: [GC (Allocation Failure) 2019-10-10T11:38:29.454+0000: 216.797: [DefNew: 409929K->282K(460800K), 0.0030085 secs] 466327K->56679K(1484800K), 0.0031063 secs] [Times: user=0.00 sys=0.00, real=0.00 secs] 
2019-10-10T11:38:37.163+0000: 224.506: [GC (Allocation Failure) 2019-10-10T11:38:37.163+0000: 224.506: [DefNew: 409882K->296K(460800K), 0.0030347 secs] 466279K->56694K(1484800K), 0.0031303 secs] [Times: user=0.00 sys=0.00, real=0.00 secs] 
2019-10-10T11:38:44.475+0000: 231.818: [GC (Allocation Failure) 2019-10-10T11:38:44.475+0000: 231.818: [DefNew: 409896K->272K(460800K), 0.0029319 secs] 466294K->56671K(1484800K), 0.0030451 secs] [Times: user=0.01 sys=0.00, real=0.00 secs] 
2019-10-10T11:38:51.760+0000: 239.102: [GC (Allocation Failure) 2019-10-10T11:38:51.760+0000: 239.102: [DefNew: 409872K->231K(460800K), 0.0028292 secs] 466271K->56670K(1484800K), 0.0029227 secs] [Times: user=0.00 sys=0.00, real=0.00 secs] 
2019-10-10T11:38:59.454+0000: 246.797: [GC (Allocation Failure) 2019-10-10T11:38:59.454+0000: 246.797: [DefNew: 409831K->281K(460800K), 0.0030017 secs] 466270K->56721K(1484800K), 0.0031034 secs] [Times: user=0.00 sys=0.00, real=0.00 secs] 
2019-10-10T11:39:06.784+0000: 254.127: [GC (Allocation Failure) 2019-10-10T11:39:06.784+0000: 254.127: [DefNew: 409881K->255K(460800K), 0.0027908 secs] 466321K->56694K(1484800K), 0.0028918 secs] [Times: user=0.00 sys=0.01, real=0.00 secs] 
2019-10-10T11:39:14.038+0000: 261.380: [GC (Allocation Failure) 2019-10-10T11:39:14.038+0000: 261.381: [DefNew: 409855K->253K(460800K), 0.0028741 secs] 466294K->56693K(1484800K), 0.0029620 secs] [Times: user=0.00 sys=0.00, real=0.01 secs] 
2019-10-10T11:39:21.770+0000: 269.113: [GC (Allocation Failure) 2019-10-10T11:39:21.770+0000: 269.113: [DefNew: 409853K->260K(460800K), 0.0028774 secs] 466293K->56699K(1484800K), 0.0029645 secs] [Times: user=0.00 sys=0.00, real=0.01 secs] 
2019-10-10T11:39:29.066+0000: 276.408: [GC (Allocation Failure) 2019-10-10T11:39:29.066+0000: 276.408: [DefNew: 409860K->256K(460800K), 0.0029085 secs] 466299K->56696K(1484800K), 0.0029944 secs] [Times: user=0.00 sys=0.00, real=0.00 secs] 
2019-10-10T11:39:36.340+0000: 283.682: [GC (Allocation Failure) 2019-10-10T11:39:36.340+0000: 283.682: [DefNew: 409856K->288K(460800K), 0.0028718 secs] 466296K->56728K(1484800K), 0.0029617 secs] [Times: user=0.00 sys=0.00, real=0.00 secs] 
2019-10-10T11:39:43.842+0000: 291.184: [GC (Allocation Failure) 2019-10-10T11:39:43.842+0000: 291.184: [DefNew: 409888K->257K(460800K), 0.0028435 secs] 466328K->56697K(1484800K), 0.0029338 secs] [Times: user=0.00 sys=0.00, real=0.00 secs] 
2019-10-10T11:39:51.329+0000: 298.671: [GC (Allocation Failure) 2019-10-10T11:39:51.329+0000: 298.671: [DefNew: 409857K->165K(460800K), 0.0031081 secs] 466297K->56699K(1484800K), 0.0031982 secs] [Times: user=0.00 sys=0.00, real=0.01 secs] 
2019-10-10T11:39:58.588+0000: 305.930: [GC (Allocation Failure) 2019-10-10T11:39:58.588+0000: 305.930: [DefNew: 409765K->199K(460800K), 0.0030203 secs] 466299K->56733K(1484800K), 0.0031227 secs] [Times: user=0.00 sys=0.00, real=0.00 secs] 
2019-10-10T11:40:05.866+0000: 313.209: [GC (Allocation Failure) 2019-10-10T11:40:05.867+0000: 313.209: [DefNew: 409799K->186K(460800K), 0.0030431 secs] 466333K->56720K(1484800K), 0.0031448 secs] [Times: user=0.00 sys=0.00, real=0.00 secs] 
2019-10-10T11:40:13.578+0000: 320.920: [GC (Allocation Failure) 2019-10-10T11:40:13.578+0000: 320.920: [DefNew: 409786K->187K(460800K), 0.0027674 secs] 466320K->56721K(1484800K), 0.0028513 secs] [Times: user=0.00 sys=0.00, real=0.01 secs] 
2019-10-10T11:40:20.933+0000: 328.275: [GC (Allocation Failure) 2019-10-10T11:40:20.933+0000: 328.275: [DefNew: 409787K->185K(460800K), 0.0027405 secs] 466321K->56719K(1484800K), 0.0028799 secs] [Times: user=0.01 sys=0.00, real=0.00 secs] 
2019-10-10T11:40:28.278+0000: 335.620: [GC (Allocation Failure) 2019-10-10T11:40:28.278+0000: 335.620: [DefNew: 409785K->187K(460800K), 0.0029622 secs] 466319K->56722K(1484800K), 0.0030562 secs] [Times: user=0.00 sys=0.00, real=0.01 secs] 
2019-10-10T11:40:35.993+0000: 343.336: [GC (Allocation Failure) 2019-10-10T11:40:35.993+0000: 343.336: [DefNew: 409787K->193K(460800K), 0.0030700 secs] 466322K->56727K(1484800K), 0.0031612 secs] [Times: user=0.00 sys=0.00, real=0.00 secs] 
2019-10-10T11:40:43.369+0000: 350.712: [GC (Allocation Failure) 2019-10-10T11:40:43.370+0000: 350.712: [DefNew: 409793K->186K(460800K), 0.0026985 secs] 466327K->56721K(1484800K), 0.0027870 secs] [Times: user=0.00 sys=0.00, real=0.01 secs] 
2019-10-10T11:40:50.639+0000: 357.982: [GC (Allocation Failure) 2019-10-10T11:40:50.639+0000: 357.982: [DefNew: 409786K->165K(460800K), 0.0029352 secs] 466321K->56722K(1484800K), 0.0030289 secs] [Times: user=0.00 sys=0.00, real=0.01 secs] 
2019-10-10T11:40:57.799+0000: 365.141: [GC (Allocation Failure) 2019-10-10T11:40:57.799+0000: 365.141: [DefNew: 409765K->233K(460800K), 0.0030304 secs] 466322K->56791K(1484800K), 0.0031224 secs] [Times: user=0.00 sys=0.00, real=0.01 secs] 
2019-10-10T11:41:05.516+0000: 372.858: [GC (Allocation Failure) 2019-10-10T11:41:05.516+0000: 372.858: [DefNew: 409833K->204K(460800K), 0.0028720 secs] 466391K->56762K(1484800K), 0.0029660 secs] [Times: user=0.01 sys=0.00, real=0.00 secs] 
2019-10-10T11:41:12.822+0000: 380.165: [GC (Allocation Failure) 2019-10-10T11:41:12.822+0000: 380.165: [DefNew: 409804K->197K(460800K), 0.0028757 secs] 466362K->56755K(1484800K), 0.0029744 secs] [Times: user=0.01 sys=0.00, real=0.00 secs] 
2019-10-10T11:41:20.147+0000: 387.489: [GC (Allocation Failure) 2019-10-10T11:41:20.147+0000: 387.489: [DefNew: 409797K->247K(460800K), 0.0029342 secs] 466355K->56805K(1484800K), 0.0030412 secs] [Times: user=0.00 sys=0.00, real=0.00 secs] 
2019-10-10T11:41:27.928+0000: 395.271: [GC (Allocation Failure) 2019-10-10T11:41:27.928+0000: 395.271: [DefNew: 409847K->228K(460800K), 0.0028518 secs] 466405K->56786K(1484800K), 0.0029411 secs] [Times: user=0.00 sys=0.00, real=0.00 secs] 
2019-10-10T11:41:35.214+0000: 402.557: [GC (Allocation Failure) 2019-10-10T11:41:35.214+0000: 402.557: [DefNew: 409828K->215K(460800K), 0.0028698 secs] 466386K->56773K(1484800K), 0.0029681 secs] [Times: user=0.00 sys=0.00, real=0.00 secs] 
2019-10-10T11:41:42.481+0000: 409.823: [GC (Allocation Failure) 2019-10-10T11:41:42.481+0000: 409.823: [DefNew: 409815K->237K(460800K), 0.0031423 secs] 466373K->56800K(1484800K), 0.0032342 secs] [Times: user=0.00 sys=0.00, real=0.00 secs] 
2019-10-10T11:41:50.248+0000: 417.590: [GC (Allocation Failure) 2019-10-10T11:41:50.248+0000: 417.590: [DefNew: 409837K->174K(460800K), 0.0029764 secs] 466400K->56758K(1484800K), 0.0030684 secs] [Times: user=0.00 sys=0.00, real=0.00 secs] 
2019-10-10T11:41:57.498+0000: 424.840: [GC (Allocation Failure) 2019-10-10T11:41:57.498+0000: 424.840: [DefNew: 409774K->255K(460800K), 0.0030352 secs] 466358K->56839K(1484800K), 0.0031271 secs] [Times: user=0.00 sys=0.00, real=0.01 secs] 
2019-10-10T11:42:04.749+0000: 432.092: [GC (Allocation Failure) 2019-10-10T11:42:04.749+0000: 432.092: [DefNew: 409855K->225K(460800K), 0.0029593 secs] 466439K->56809K(1484800K), 0.0030538 secs] [Times: user=0.00 sys=0.00, real=0.01 secs] 
2019-10-10T11:42:12.493+0000: 439.836: [GC (Allocation Failure) 2019-10-10T11:42:12.493+0000: 439.836: [DefNew: 409825K->201K(460800K), 0.0029112 secs] 466409K->56785K(1484800K), 0.0030165 secs] [Times: user=0.01 sys=0.00, real=0.00 secs] 
2019-10-10T11:42:19.810+0000: 447.153: [GC (Allocation Failure) 2019-10-10T11:42:19.810+0000: 447.153: [DefNew: 409801K->202K(460800K), 0.0029091 secs] 466385K->56787K(1484800K), 0.0029995 secs] [Times: user=0.00 sys=0.00, real=0.01 secs] 
2019-10-10T11:42:27.100+0000: 454.443: [GC (Allocation Failure) 2019-10-10T11:42:27.100+0000: 454.443: [DefNew: 409802K->260K(460800K), 0.0028370 secs] 466387K->56844K(1484800K), 0.0029390 secs] [Times: user=0.00 sys=0.00, real=0.00 secs] 
11:42:33.668 [worker-akka.actor.default-dispatcher-10] INFO  a.r.a.Association(akka://worker) akka.remote.artery.Association(akka://worker) - Stopping idle outbound stream [2] to [akka://worker@flamestream-benchmarks-worker-0:5412]
2019-10-10T11:42:34.933+0000: 462.275: [GC (Allocation Failure) 2019-10-10T11:42:34.933+0000: 462.275: [DefNew: 409860K->326K(460800K), 0.0032741 secs] 466444K->56911K(1484800K), 0.0033753 secs] [Times: user=0.01 sys=0.00, real=0.00 secs] 
2019-10-10T11:42:42.175+0000: 469.517: [GC (Allocation Failure) 2019-10-10T11:42:42.175+0000: 469.517: [DefNew: 409926K->321K(460800K), 0.0033768 secs] 466511K->56907K(1484800K), 0.0034758 secs] [Times: user=0.00 sys=0.00, real=0.00 secs] 
2019-10-10T11:42:49.488+0000: 476.831: [GC (Allocation Failure) 2019-10-10T11:42:49.488+0000: 476.831: [DefNew: 409921K->271K(460800K), 0.0032844 secs] 466507K->56890K(1484800K), 0.0033739 secs] [Times: user=0.01 sys=0.00, real=0.01 secs] 
2019-10-10T11:42:56.764+0000: 484.107: [GC (Allocation Failure) 2019-10-10T11:42:56.764+0000: 484.107: [DefNew: 409871K->435K(460800K), 0.0041693 secs] 466490K->57055K(1484800K), 0.0042561 secs] [Times: user=0.00 sys=0.00, real=0.00 secs] 
2019-10-10T11:43:04.468+0000: 491.810: [GC (Allocation Failure) 2019-10-10T11:43:04.468+0000: 491.810: [DefNew: 410035K->306K(460800K), 0.0031129 secs] 466655K->56925K(1484800K), 0.0032041 secs] [Times: user=0.00 sys=0.00, real=0.00 secs] 
2019-10-10T11:43:11.778+0000: 499.120: [GC (Allocation Failure) 2019-10-10T11:43:11.778+0000: 499.120: [DefNew: 409906K->264K(460800K), 0.0031595 secs] 466525K->56884K(1484800K), 0.0032842 secs] [Times: user=0.00 sys=0.00, real=0.01 secs] 
2019-10-10T11:43:18.988+0000: 506.330: [GC (Allocation Failure) 2019-10-10T11:43:18.988+0000: 506.330: [DefNew: 409864K->335K(460800K), 0.0032526 secs] 466484K->56955K(1484800K), 0.0033550 secs] [Times: user=0.00 sys=0.00, real=0.00 secs] 
2019-10-10T11:43:26.769+0000: 514.112: [GC (Allocation Failure) 2019-10-10T11:43:26.769+0000: 514.112: [DefNew: 409935K->285K(460800K), 0.0031095 secs] 466555K->56904K(1484800K), 0.0031926 secs] [Times: user=0.00 sys=0.00, real=0.01 secs] 
2019-10-10T11:43:34.082+0000: 521.424: [GC (Allocation Failure) 2019-10-10T11:43:34.082+0000: 521.424: [DefNew: 409885K->267K(460800K), 0.0029993 secs] 466504K->56887K(1484800K), 0.0030891 secs] [Times: user=0.00 sys=0.00, real=0.00 secs] 
2019-10-10T11:43:41.361+0000: 528.703: [GC (Allocation Failure) 2019-10-10T11:43:41.361+0000: 528.703: [DefNew: 409867K->273K(460800K), 0.0030788 secs] 466487K->56893K(1484800K), 0.0031688 secs] [Times: user=0.01 sys=0.00, real=0.00 secs] 
2019-10-10T11:43:48.758+0000: 536.100: [GC (Allocation Failure) 2019-10-10T11:43:48.758+0000: 536.100: [DefNew: 409873K->237K(460800K), 0.0030815 secs] 466493K->56885K(1484800K), 0.0031726 secs] [Times: user=0.00 sys=0.00, real=0.01 secs] 
2019-10-10T11:43:56.335+0000: 543.678: [GC (Allocation Failure) 2019-10-10T11:43:56.336+0000: 543.678: [DefNew: 409837K->254K(460800K), 0.0031940 secs] 466485K->56902K(1484800K), 0.0032837 secs] [Times: user=0.01 sys=0.00, real=0.00 secs] 
2019-10-10T11:44:03.622+0000: 550.965: [GC (Allocation Failure) 2019-10-10T11:44:03.622+0000: 550.965: [DefNew: 409854K->282K(460800K), 0.0031029 secs] 466502K->56931K(1484800K), 0.0031945 secs] [Times: user=0.00 sys=0.00, real=0.00 secs] 
2019-10-10T11:44:10.916+0000: 558.258: [GC (Allocation Failure) 2019-10-10T11:44:10.916+0000: 558.258: [DefNew: 409882K->278K(460800K), 0.0029434 secs] 466531K->56927K(1484800K), 0.0030384 secs] [Times: user=0.01 sys=0.00, real=0.00 secs] 
2019-10-10T11:44:18.679+0000: 566.021: [GC (Allocation Failure) 2019-10-10T11:44:18.679+0000: 566.021: [DefNew: 409878K->297K(460800K), 0.0030352 secs] 466527K->56947K(1484800K), 0.0031253 secs] [Times: user=0.00 sys=0.00, real=0.01 secs] 
2019-10-10T11:44:25.988+0000: 573.331: [GC (Allocation Failure) 2019-10-10T11:44:25.989+0000: 573.331: [DefNew: 409897K->185K(460800K), 0.0032225 secs] 466547K->56903K(1484800K), 0.0033095 secs] [Times: user=0.00 sys=0.00, real=0.01 secs] 
2019-10-10T11:44:33.259+0000: 580.601: [GC (Allocation Failure) 2019-10-10T11:44:33.259+0000: 580.602: [DefNew: 409785K->163K(460800K), 0.0030240 secs] 466503K->56902K(1484800K), 0.0031166 secs] [Times: user=0.01 sys=0.00, real=0.01 secs] 
2019-10-10T11:44:41.081+0000: 588.423: [GC (Allocation Failure) 2019-10-10T11:44:41.081+0000: 588.424: [DefNew: 409763K->177K(460800K), 0.0027219 secs] 466502K->56916K(1484800K), 0.0028090 secs] [Times: user=0.01 sys=0.00, real=0.00 secs] 
2019-10-10T11:44:48.345+0000: 595.687: [GC (Allocation Failure) 2019-10-10T11:44:48.345+0000: 595.687: [DefNew: 409777K->156K(460800K), 0.0029023 secs] 466516K->56904K(1484800K), 0.0029899 secs] [Times: user=0.01 sys=0.00, real=0.00 secs] 
2019-10-10T11:44:55.636+0000: 602.979: [GC (Allocation Failure) 2019-10-10T11:44:55.636+0000: 602.979: [DefNew: 409756K->155K(460800K), 0.0026644 secs] 466504K->56903K(1484800K), 0.0027732 secs] [Times: user=0.00 sys=0.00, real=0.00 secs] 
2019-10-10T11:45:02.827+0000: 610.169: [GC (Allocation Failure) 2019-10-10T11:45:02.827+0000: 610.169: [DefNew: 409755K->207K(460800K), 0.0030245 secs] 466503K->56955K(1484800K), 0.0031511 secs] [Times: user=0.00 sys=0.00, real=0.00 secs] 
2019-10-10T11:45:10.478+0000: 617.820: [GC (Allocation Failure) 2019-10-10T11:45:10.478+0000: 617.820: [DefNew: 409807K->173K(460800K), 0.0029286 secs] 466555K->56922K(1484800K), 0.0030309 secs] [Times: user=0.00 sys=0.00, real=0.01 secs] 
2019-10-10T11:45:17.810+0000: 625.152: [GC (Allocation Failure) 2019-10-10T11:45:17.810+0000: 625.152: [DefNew: 409773K->233K(460800K), 0.0029307 secs] 466522K->56982K(1484800K), 0.0030218 secs] [Times: user=0.00 sys=0.00, real=0.01 secs] 
2019-10-10T11:45:25.074+0000: 632.417: [GC (Allocation Failure) 2019-10-10T11:45:25.074+0000: 632.417: [DefNew: 409833K->226K(460800K), 0.0029087 secs] 466582K->56975K(1484800K), 0.0029909 secs] [Times: user=0.00 sys=0.00, real=0.00 secs] 
2019-10-10T11:45:32.872+0000: 640.215: [GC (Allocation Failure) 2019-10-10T11:45:32.872+0000: 640.215: [DefNew: 409826K->165K(460800K), 0.0027195 secs] 466575K->56914K(1484800K), 0.0027955 secs] [Times: user=0.00 sys=0.00, real=0.00 secs] 
2019-10-10T11:45:40.145+0000: 647.488: [GC (Allocation Failure) 2019-10-10T11:45:40.145+0000: 647.488: [DefNew: 409765K->213K(460800K), 0.0027764 secs] 466514K->56962K(1484800K), 0.0028860 secs] [Times: user=0.00 sys=0.00, real=0.00 secs] 
2019-10-10T11:45:47.410+0000: 654.753: [GC (Allocation Failure) 2019-10-10T11:45:47.410+0000: 654.753: [DefNew: 409813K->147K(460800K), 0.0029361 secs] 466562K->56913K(1484800K), 0.0030263 secs] [Times: user=0.00 sys=0.00, real=0.01 secs] 
2019-10-10T11:45:55.175+0000: 662.517: [GC (Allocation Failure) 2019-10-10T11:45:55.175+0000: 662.517: [DefNew: 409747K->151K(460800K), 0.0030463 secs] 466513K->56916K(1484800K), 0.0031502 secs] [Times: user=0.01 sys=0.00, real=0.00 secs] 
2019-10-10T11:46:02.476+0000: 669.819: [GC (Allocation Failure) 2019-10-10T11:46:02.476+0000: 669.819: [DefNew: 409751K->155K(460800K), 0.0026493 secs] 466516K->56922K(1484800K), 0.0027245 secs] [Times: user=0.01 sys=0.00, real=0.00 secs] 
2019-10-10T11:46:09.737+0000: 677.080: [GC (Allocation Failure) 2019-10-10T11:46:09.737+0000: 677.080: [DefNew: 409755K->155K(460800K), 0.0027345 secs] 466522K->56922K(1484800K), 0.0028281 secs] [Times: user=0.00 sys=0.00, real=0.01 secs] 
2019-10-10T11:46:17.533+0000: 684.875: [GC (Allocation Failure) 2019-10-10T11:46:17.533+0000: 684.875: [DefNew: 409755K->163K(460800K), 0.0028366 secs] 466522K->56929K(1484800K), 0.0029300 secs] [Times: user=0.01 sys=0.00, real=0.00 secs] 
2019-10-10T11:46:24.811+0000: 692.153: [GC (Allocation Failure) 2019-10-10T11:46:24.811+0000: 692.153: [DefNew: 409763K->156K(460800K), 0.0027614 secs] 466529K->56923K(1484800K), 0.0028403 secs] [Times: user=0.00 sys=0.00, real=0.01 secs] 
2019-10-10T11:46:32.138+0000: 699.480: [GC (Allocation Failure) 2019-10-10T11:46:32.138+0000: 699.480: [DefNew: 409756K->155K(460800K), 0.0027568 secs] 466523K->56922K(1484800K), 0.0028436 secs] [Times: user=0.01 sys=0.00, real=0.01 secs] 
2019-10-10T11:46:40.018+0000: 707.360: [GC (Allocation Failure) 2019-10-10T11:46:40.018+0000: 707.360: [DefNew: 409755K->157K(460800K), 0.0028631 secs] 466522K->56924K(1484800K), 0.0029681 secs] [Times: user=0.00 sys=0.00, real=0.01 secs] 
2019-10-10T11:46:47.428+0000: 714.770: [GC (Allocation Failure) 2019-10-10T11:46:47.428+0000: 714.770: [DefNew: 409757K->157K(460800K), 0.0026716 secs] 466524K->56924K(1484800K), 0.0027809 secs] [Times: user=0.00 sys=0.00, real=0.00 secs] 
2019-10-10T11:46:54.618+0000: 721.960: [GC (Allocation Failure) 2019-10-10T11:46:54.618+0000: 721.960: [DefNew: 409757K->192K(460800K), 0.0029245 secs] 466524K->56969K(1484800K), 0.0030042 secs] [Times: user=0.00 sys=0.00, real=0.01 secs] 
2019-10-10T11:47:01.812+0000: 729.155: [GC (Allocation Failure) 2019-10-10T11:47:01.813+0000: 729.155: [DefNew: 409792K->179K(460800K), 0.0028996 secs] 466569K->56957K(1484800K), 0.0029957 secs] [Times: user=0.01 sys=0.00, real=0.00 secs] 
2019-10-10T11:47:09.544+0000: 736.886: [GC (Allocation Failure) 2019-10-10T11:47:09.544+0000: 736.886: [DefNew: 409779K->154K(460800K), 0.0027498 secs] 466557K->56932K(1484800K), 0.0028418 secs] [Times: user=0.01 sys=0.00, real=0.00 secs] 
2019-10-10T11:47:16.851+0000: 744.194: [GC (Allocation Failure) 2019-10-10T11:47:16.851+0000: 744.194: [DefNew: 409754K->154K(460800K), 0.0026845 secs] 466532K->56932K(1484800K), 0.0028027 secs] [Times: user=0.00 sys=0.00, real=0.01 secs] 
2019-10-10T11:47:24.129+0000: 751.471: [GC (Allocation Failure) 2019-10-10T11:47:24.129+0000: 751.471: [DefNew: 409754K->195K(460800K), 0.0027699 secs] 466532K->56972K(1484800K), 0.0028679 secs] [Times: user=0.00 sys=0.00, real=0.01 secs] 
2019-10-10T11:47:31.986+0000: 759.329: [GC (Allocation Failure) 2019-10-10T11:47:31.986+0000: 759.329: [DefNew: 409795K->208K(460800K), 0.0028750 secs] 466572K->56985K(1484800K), 0.0029607 secs] [Times: user=0.00 sys=0.00, real=0.00 secs] 
2019-10-10T11:47:39.253+0000: 766.596: [GC (Allocation Failure) 2019-10-10T11:47:39.254+0000: 766.596: [DefNew: 409808K->153K(460800K), 0.0029063 secs] 466585K->56930K(1484800K), 0.0029926 secs] [Times: user=0.01 sys=0.00, real=0.00 secs] 
2019-10-10T11:47:46.561+0000: 773.904: [GC (Allocation Failure) 2019-10-10T11:47:46.561+0000: 773.904: [DefNew: 409753K->152K(460800K), 0.0027255 secs] 466530K->56930K(1484800K), 0.0028101 secs] [Times: user=0.01 sys=0.00, real=0.00 secs] 
2019-10-10T11:47:54.333+0000: 781.676: [GC (Allocation Failure) 2019-10-10T11:47:54.334+0000: 781.676: [DefNew: 409752K->173K(460800K), 0.0027921 secs] 466530K->56959K(1484800K), 0.0028772 secs] [Times: user=0.01 sys=0.00, real=0.00 secs] 
2019-10-10T11:48:01.562+0000: 788.904: [GC (Allocation Failure) 2019-10-10T11:48:01.562+0000: 788.904: [DefNew: 409773K->154K(460800K), 0.0027470 secs] 466559K->56941K(1484800K), 0.0028411 secs] [Times: user=0.00 sys=0.00, real=0.00 secs] 
2019-10-10T11:48:08.819+0000: 796.162: [GC (Allocation Failure) 2019-10-10T11:48:08.819+0000: 796.162: [DefNew: 409754K->156K(460800K), 0.0027346 secs] 466541K->56942K(1484800K), 0.0028254 secs] [Times: user=0.00 sys=0.00, real=0.00 secs] 
2019-10-10T11:48:16.620+0000: 803.963: [GC (Allocation Failure) 2019-10-10T11:48:16.620+0000: 803.963: [DefNew: 409756K->154K(460800K), 0.0025236 secs] 466542K->56940K(1484800K), 0.0026164 secs] [Times: user=0.00 sys=0.00, real=0.00 secs] 
2019-10-10T11:48:23.941+0000: 811.283: [GC (Allocation Failure) 2019-10-10T11:48:23.941+0000: 811.283: [DefNew: 409754K->155K(460800K), 0.0027416 secs] 466540K->56941K(1484800K), 0.0028189 secs] [Times: user=0.00 sys=0.00, real=0.00 secs] 
2019-10-10T11:48:31.164+0000: 818.507: [GC (Allocation Failure) 2019-10-10T11:48:31.164+0000: 818.507: [DefNew: 409755K->200K(460800K), 0.0028713 secs] 466541K->56986K(1484800K), 0.0029669 secs] [Times: user=0.01 sys=0.00, real=0.00 secs] 
2019-10-10T11:48:38.981+0000: 826.324: [GC (Allocation Failure) 2019-10-10T11:48:38.981+0000: 826.324: [DefNew: 409800K->165K(460800K), 0.0029081 secs] 466586K->56951K(1484800K), 0.0030048 secs] [Times: user=0.00 sys=0.00, real=0.00 secs] 
2019-10-10T11:48:46.304+0000: 833.647: [GC (Allocation Failure) 2019-10-10T11:48:46.304+0000: 833.647: [DefNew: 409765K->156K(460800K), 0.0027017 secs] 466551K->56942K(1484800K), 0.0027893 secs] [Times: user=0.00 sys=0.00, real=0.00 secs] 
2019-10-10T11:48:53.678+0000: 841.020: [GC (Allocation Failure) 2019-10-10T11:48:53.678+0000: 841.020: [DefNew: 409756K->145K(460800K), 0.0029101 secs] 466542K->56940K(1484800K), 0.0030017 secs] [Times: user=0.00 sys=0.00, real=0.01 secs] 
2019-10-10T11:49:00.785+0000: 848.128: [GC (Allocation Failure) 2019-10-10T11:49:00.785+0000: 848.128: [DefNew: 409745K->210K(460800K), 0.0032452 secs] 466540K->57004K(1484800K), 0.0033379 secs] [Times: user=0.00 sys=0.00, real=0.00 secs] 
2019-10-10T11:49:08.545+0000: 855.888: [GC (Allocation Failure) 2019-10-10T11:49:08.545+0000: 855.888: [DefNew: 409810K->163K(460800K), 0.0036680 secs] 466604K->56957K(1484800K), 0.0037589 secs] [Times: user=0.00 sys=0.00, real=0.00 secs] 
2019-10-10T11:49:15.801+0000: 863.144: [GC (Allocation Failure) 2019-10-10T11:49:15.801+0000: 863.144: [DefNew: 409763K->210K(460800K), 0.0028891 secs] 466557K->57004K(1484800K), 0.0030022 secs] [Times: user=0.01 sys=0.00, real=0.00 secs] 
2019-10-10T11:49:23.097+0000: 870.440: [GC (Allocation Failure) 2019-10-10T11:49:23.097+0000: 870.440: [DefNew: 409810K->176K(460800K), 0.0027864 secs] 466604K->56970K(1484800K), 0.0028696 secs] [Times: user=0.00 sys=0.00, real=0.01 secs] 
2019-10-10T11:49:30.865+0000: 878.207: [GC (Allocation Failure) 2019-10-10T11:49:30.865+0000: 878.208: [DefNew: 409776K->163K(460800K), 0.0028037 secs] 466570K->56957K(1484800K), 0.0028916 secs] [Times: user=0.01 sys=0.00, real=0.00 secs] 
2019-10-10T11:49:38.248+0000: 885.590: [GC (Allocation Failure) 2019-10-10T11:49:38.248+0000: 885.590: [DefNew: 409763K->165K(460800K), 0.0027832 secs] 466557K->56960K(1484800K), 0.0028672 secs] [Times: user=0.01 sys=0.00, real=0.00 secs] 
2019-10-10T11:49:45.499+0000: 892.842: [GC (Allocation Failure) 2019-10-10T11:49:45.500+0000: 892.842: [DefNew: 409765K->156K(460800K), 0.0026912 secs] 466560K->56951K(1484800K), 0.0027792 secs] [Times: user=0.00 sys=0.00, real=0.00 secs] 
2019-10-10T11:49:53.273+0000: 900.615: [GC (Allocation Failure) 2019-10-10T11:49:53.273+0000: 900.615: [DefNew: 409756K->146K(460800K), 0.0027042 secs] 466551K->56949K(1484800K), 0.0028175 secs] [Times: user=0.00 sys=0.00, real=0.00 secs] 
2019-10-10T11:50:00.531+0000: 907.873: [GC (Allocation Failure) 2019-10-10T11:50:00.531+0000: 907.873: [DefNew: 409746K->220K(460800K), 0.0030714 secs] 466549K->57023K(1484800K), 0.0031692 secs] [Times: user=0.01 sys=0.00, real=0.01 secs] 
2019-10-10T11:50:07.850+0000: 915.192: [GC (Allocation Failure) 2019-10-10T11:50:07.850+0000: 915.192: [DefNew: 409820K->188K(460800K), 0.0028416 secs] 466623K->56991K(1484800K), 0.0029370 secs] [Times: user=0.00 sys=0.00, real=0.01 secs] 
2019-10-10T11:50:15.567+0000: 922.909: [GC (Allocation Failure) 2019-10-10T11:50:15.567+0000: 922.909: [DefNew: 409788K->200K(460800K), 0.0027840 secs] 466591K->57003K(1484800K), 0.0028691 secs] [Times: user=0.01 sys=0.00, real=0.00 secs] 
2019-10-10T11:50:22.868+0000: 930.210: [GC (Allocation Failure) 2019-10-10T11:50:22.868+0000: 930.210: [DefNew: 409800K->232K(460800K), 0.0028468 secs] 466603K->57035K(1484800K), 0.0029371 secs] [Times: user=0.00 sys=0.00, real=0.00 secs] 
2019-10-10T11:50:30.158+0000: 937.500: [GC (Allocation Failure) 2019-10-10T11:50:30.158+0000: 937.500: [DefNew: 409832K->273K(460800K), 0.0030165 secs] 466635K->57076K(1484800K), 0.0031033 secs] [Times: user=0.00 sys=0.00, real=0.01 secs] 
2019-10-10T11:50:37.988+0000: 945.331: [GC (Allocation Failure) 2019-10-10T11:50:37.988+0000: 945.331: [DefNew: 409873K->189K(460800K), 0.0027534 secs] 466676K->56992K(1484800K), 0.0028445 secs] [Times: user=0.00 sys=0.00, real=0.00 secs] 
2019-10-10T11:50:45.291+0000: 952.634: [GC (Allocation Failure) 2019-10-10T11:50:45.291+0000: 952.634: [DefNew: 409789K->219K(460800K), 0.0028285 secs] 466592K->57022K(1484800K), 0.0029207 secs] [Times: user=0.01 sys=0.00, real=0.00 secs] 
2019-10-10T11:50:52.560+0000: 959.902: [GC (Allocation Failure) 2019-10-10T11:50:52.560+0000: 959.902: [DefNew: 409819K->178K(460800K), 0.0028392 secs] 466622K->56990K(1484800K), 0.0029302 secs] [Times: user=0.00 sys=0.00, real=0.00 secs] 
2019-10-10T11:50:59.944+0000: 967.286: [GC (Allocation Failure) 2019-10-10T11:50:59.944+0000: 967.286: [DefNew: 409778K->189K(460800K), 0.0028740 secs] 466590K->57001K(1484800K), 0.0029687 secs] [Times: user=0.00 sys=0.00, real=0.00 secs] 
2019-10-10T11:51:07.583+0000: 974.925: [GC (Allocation Failure) 2019-10-10T11:51:07.583+0000: 974.925: [DefNew: 409789K->188K(460800K), 0.0027042 secs] 466601K->57000K(1484800K), 0.0028052 secs] [Times: user=0.01 sys=0.00, real=0.00 secs] 
2019-10-10T11:51:14.842+0000: 982.184: [GC (Allocation Failure) 2019-10-10T11:51:14.842+0000: 982.184: [DefNew: 409788K->239K(460800K), 0.0028252 secs] 466600K->57052K(1484800K), 0.0029137 secs] [Times: user=0.00 sys=0.00, real=0.00 secs] 
2019-10-10T11:51:22.135+0000: 989.477: [GC (Allocation Failure) 2019-10-10T11:51:22.135+0000: 989.477: [DefNew: 409839K->196K(460800K), 0.0027055 secs] 466652K->57008K(1484800K), 0.0027963 secs] [Times: user=0.01 sys=0.00, real=0.00 secs] 
2019-10-10T11:51:29.923+0000: 997.265: [GC (Allocation Failure) 2019-10-10T11:51:29.923+0000: 997.265: [DefNew: 409796K->188K(460800K), 0.0027275 secs] 466608K->57001K(1484800K), 0.0028074 secs] [Times: user=0.00 sys=0.00, real=0.00 secs] 
2019-10-10T11:51:37.228+0000: 1004.570: [GC (Allocation Failure) 2019-10-10T11:51:37.228+0000: 1004.570: [DefNew: 409788K->219K(460800K), 0.0027100 secs] 466601K->57031K(1484800K), 0.0028007 secs] [Times: user=0.00 sys=0.00, real=0.00 secs] 
2019-10-10T11:51:44.458+0000: 1011.801: [GC (Allocation Failure) 2019-10-10T11:51:44.458+0000: 1011.801: [DefNew: 409819K->227K(460800K), 0.0027753 secs] 466631K->57040K(1484800K), 0.0028638 secs] [Times: user=0.00 sys=0.00, real=0.01 secs] 
11:51:50.320 [Client] INFO  c.s.f.r.e.s.SocketRear  - FlameSocketGraphDeployerRear@flamestream-benchmarks-worker-12: has been disconnected from Connection 14
11:51:50.324 [Client] INFO  c.s.f.r.e.s.SocketFront  - FlameSocketGraphDeployerFront@flamestream-benchmarks-worker-12 has been disconnected from Connection 14
11:51:50.419 [worker-akka.actor.default-dispatcher-10] WARN  c.s.f.r.e.s.SocketRear  - FlameSocketGraphDeployerRear@flamestream-benchmarks-worker-12: writing to closed log
11:51:50.443 [worker-akka.actor.default-dispatcher-10] WARN  c.s.f.r.e.s.SocketRear  - FlameSocketGraphDeployerRear@flamestream-benchmarks-worker-12: writing to closed log
11:51:54.747 [worker-akka.actor.default-dispatcher-10] INFO  a.r.a.Association(akka://worker) akka.remote.artery.Association(akka://worker) - Association to [akka://worker@flamestream-benchmarks-worker-1:5412] having UID [-1841295077369734911] has been stopped. All messages to this UID will be delivered to dead letters. Reason: ActorSystem terminated
11:51:54.907 [worker-akka.actor.default-dispatcher-10] INFO  a.r.a.Association(akka://worker) akka.remote.artery.Association(akka://worker) - Association to [akka://worker@flamestream-benchmarks-worker-2:5412] having UID [6444600634398261218] has been stopped. All messages to this UID will be delivered to dead letters. Reason: ActorSystem terminated
11:51:55.057 [worker-akka.actor.default-dispatcher-10] INFO  a.r.a.Association(akka://worker) akka.remote.artery.Association(akka://worker) - Association to [akka://worker@flamestream-benchmarks-worker-4:5412] having UID [8035050663617044396] has been stopped. All messages to this UID will be delivered to dead letters. Reason: ActorSystem terminated
11:51:55.087 [worker-akka.actor.default-dispatcher-10] INFO  a.r.a.Association(akka://worker) akka.remote.artery.Association(akka://worker) - Association to [akka://worker@flamestream-benchmarks-worker-3:5412] having UID [-4933178446897725924] has been stopped. All messages to this UID will be delivered to dead letters. Reason: ActorSystem terminated
11:51:55.626 [worker-akka.actor.default-dispatcher-10] INFO  a.r.a.Association(akka://worker) akka.remote.artery.Association(akka://worker) - Association to [akka://worker@flamestream-benchmarks-worker-0:5412] having UID [3620502731318403711] has been stopped. All messages to this UID will be delivered to dead letters. Reason: ActorSystem terminated
11:51:56.117 [worker-akka.actor.default-dispatcher-10] INFO  a.r.a.Association(akka://worker) akka.remote.artery.Association(akka://worker) - Association to [akka://worker@flamestream-benchmarks-worker-5:5412] having UID [4120531977976955677] has been stopped. All messages to this UID will be delivered to dead letters. Reason: ActorSystem terminated
11:51:56.146 [worker-akka.actor.default-dispatcher-10] INFO  a.r.a.Association(akka://worker) akka.remote.artery.Association(akka://worker) - Association to [akka://worker@flamestream-benchmarks-worker-6:5412] having UID [4037409460353836698] has been stopped. All messages to this UID will be delivered to dead letters. Reason: ActorSystem terminated
11:51:56.277 [worker-akka.actor.default-dispatcher-10] INFO  a.r.a.Association(akka://worker) akka.remote.artery.Association(akka://worker) - Association to [akka://worker@flamestream-benchmarks-worker-8:5412] having UID [1320043002536413206] has been stopped. All messages to this UID will be delivered to dead letters. Reason: ActorSystem terminated
11:51:56.336 [worker-akka.actor.default-dispatcher-10] INFO  a.r.a.Association(akka://worker) akka.remote.artery.Association(akka://worker) - Association to [akka://worker@flamestream-benchmarks-worker-7:5412] having UID [-5519852423143450638] has been stopped. All messages to this UID will be delivered to dead letters. Reason: ActorSystem terminated
11:51:56.372 [worker-akka.actor.default-dispatcher-9] INFO  a.a.LocalActorRef akka://worker/user/watcher/processing-watcher/graph/edge/FlameSocketGraphDeployerFront - Stopped
11:51:56.382 [worker-akka.actor.default-dispatcher-14] INFO  a.a.LocalActorRef akka://worker/user/watcher/processing-watcher/graph/negotiator - Stopped
11:51:56.383 [worker-akka.actor.default-dispatcher-6] INFO  a.a.LocalActorRef akka://worker/user/watcher/processing-watcher/graph/edge/FlameSocketGraphDeployerRear - Stopped
11:51:56.383 [worker-akka.actor.default-dispatcher-13] INFO  a.a.LocalActorRef akka://worker/user/watcher/processing-watcher/graph/edge - Stopped
11:51:56.396 [worker-akka.actor.default-dispatcher-18] INFO  a.a.LocalActorRef akka://worker/user/watcher/processing-watcher/graph/graph/$+ - Stopped
11:51:56.400 [worker-akka.actor.default-dispatcher-18] INFO  a.a.LocalActorRef akka://worker/user/watcher/processing-watcher/graph/graph/$0 - Stopped
11:51:56.402 [worker-akka.actor.default-dispatcher-18] INFO  a.a.LocalActorRef akka://worker/user/watcher/processing-watcher/graph/graph/$1 - Stopped
11:51:56.403 [worker-akka.actor.default-dispatcher-18] INFO  a.a.LocalActorRef akka://worker/user/watcher/processing-watcher/graph/graph/$2 - Stopped
11:51:56.406 [worker-akka.actor.default-dispatcher-18] INFO  a.a.LocalActorRef akka://worker/user/watcher/processing-watcher/graph/graph/$3 - Stopped
11:51:56.407 [worker-akka.actor.default-dispatcher-18] INFO  a.a.LocalActorRef akka://worker/user/watcher/processing-watcher/graph/graph/$4 - Stopped
11:51:56.409 [worker-akka.actor.default-dispatcher-18] INFO  a.a.LocalActorRef akka://worker/user/watcher/processing-watcher/graph/graph/$5 - Stopped
11:51:56.412 [worker-akka.actor.default-dispatcher-18] INFO  a.a.LocalActorRef akka://worker/user/watcher/processing-watcher/graph/graph/$6 - Stopped
11:51:56.413 [worker-akka.actor.default-dispatcher-18] INFO  a.a.LocalActorRef akka://worker/user/watcher/processing-watcher/graph/graph/$7 - Stopped
11:51:56.415 [worker-akka.actor.default-dispatcher-18] INFO  a.a.LocalActorRef akka://worker/user/watcher/processing-watcher/graph/graph/$8 - Stopped
11:51:56.416 [worker-akka.actor.default-dispatcher-18] INFO  a.a.LocalActorRef akka://worker/user/watcher/processing-watcher/graph/graph/$9 - Stopped
11:51:56.418 [worker-akka.actor.default-dispatcher-18] INFO  a.a.LocalActorRef akka://worker/user/watcher/processing-watcher/graph/graph/$A - Stopped
11:51:56.420 [worker-akka.actor.default-dispatcher-18] INFO  a.a.LocalActorRef akka://worker/user/watcher/processing-watcher/graph/graph/$Ab - Stopped
11:51:56.421 [worker-akka.actor.default-dispatcher-18] INFO  a.a.LocalActorRef akka://worker/user/watcher/processing-watcher/graph/graph/$B - Stopped
11:51:56.423 [worker-akka.actor.default-dispatcher-18] INFO  a.a.LocalActorRef akka://worker/user/watcher/processing-watcher/graph/graph/$Bb - Stopped
11:51:56.425 [worker-akka.actor.default-dispatcher-18] INFO  a.a.LocalActorRef akka://worker/user/watcher/processing-watcher/graph/graph/$C - Stopped
11:51:56.426 [worker-akka.actor.default-dispatcher-18] INFO  a.a.LocalActorRef akka://worker/user/watcher/processing-watcher/graph/graph/$Cb - Stopped
11:51:56.428 [worker-akka.actor.default-dispatcher-18] INFO  a.a.LocalActorRef akka://worker/user/watcher/processing-watcher/graph/graph/$D - Stopped
11:51:56.429 [worker-akka.actor.default-dispatcher-18] INFO  a.a.LocalActorRef akka://worker/user/watcher/processing-watcher/graph/graph/$Db - Stopped
11:51:56.431 [worker-akka.actor.default-dispatcher-18] INFO  a.a.LocalActorRef akka://worker/user/watcher/processing-watcher/graph/graph/$E - Stopped
11:51:56.432 [worker-akka.actor.default-dispatcher-18] INFO  a.a.LocalActorRef akka://worker/user/watcher/processing-watcher/graph/graph/$Eb - Stopped
11:51:56.433 [worker-akka.actor.default-dispatcher-18] INFO  a.a.LocalActorRef akka://worker/user/watcher/processing-watcher/graph/graph/$F - Stopped
11:51:56.434 [worker-akka.actor.default-dispatcher-18] INFO  a.a.LocalActorRef akka://worker/user/watcher/processing-watcher/graph/graph/$Fb - Stopped
11:51:56.435 [worker-akka.actor.default-dispatcher-18] INFO  a.a.LocalActorRef akka://worker/user/watcher/processing-watcher/graph/graph/$G - Stopped
11:51:56.436 [worker-akka.actor.default-dispatcher-18] INFO  a.a.LocalActorRef akka://worker/user/watcher/processing-watcher/graph/graph/$Gb - Stopped
11:51:56.437 [worker-akka.actor.default-dispatcher-18] INFO  a.a.LocalActorRef akka://worker/user/watcher/processing-watcher/graph/graph/$H - Stopped
11:51:56.438 [worker-akka.actor.default-dispatcher-18] INFO  a.a.LocalActorRef akka://worker/user/watcher/processing-watcher/graph/graph/$Hb - Stopped
11:51:56.439 [worker-akka.actor.default-dispatcher-18] INFO  a.a.LocalActorRef akka://worker/user/watcher/processing-watcher/graph/graph/$I - Stopped
11:51:56.440 [worker-akka.actor.default-dispatcher-18] INFO  a.a.LocalActorRef akka://worker/user/watcher/processing-watcher/graph/graph/$Ib - Stopped
11:51:56.441 [worker-akka.actor.default-dispatcher-18] INFO  a.a.LocalActorRef akka://worker/user/watcher/processing-watcher/graph/graph/$J - Stopped
11:51:56.442 [worker-akka.actor.default-dispatcher-18] INFO  a.a.LocalActorRef akka://worker/user/watcher/processing-watcher/graph/graph/$Jb - Stopped
11:51:56.442 [worker-akka.actor.default-dispatcher-18] INFO  a.a.LocalActorRef akka://worker/user/watcher/processing-watcher/graph/graph/$K - Stopped
11:51:56.443 [worker-akka.actor.default-dispatcher-18] INFO  a.a.LocalActorRef akka://worker/user/watcher/processing-watcher/graph/graph/$Kb - Stopped
11:51:56.443 [worker-akka.actor.default-dispatcher-18] INFO  a.a.LocalActorRef akka://worker/user/watcher/processing-watcher/graph/graph/$L - Stopped
11:51:56.444 [worker-akka.actor.default-dispatcher-18] INFO  a.a.LocalActorRef akka://worker/user/watcher/processing-watcher/graph/graph/$Lb - Stopped
11:51:56.445 [worker-akka.actor.default-dispatcher-18] INFO  a.a.LocalActorRef akka://worker/user/watcher/processing-watcher/graph/graph/$M - Stopped
11:51:56.446 [worker-akka.actor.default-dispatcher-18] INFO  a.a.LocalActorRef akka://worker/user/watcher/processing-watcher/graph/graph/$Mb - Stopped
11:51:56.448 [worker-akka.actor.default-dispatcher-18] INFO  a.a.LocalActorRef akka://worker/user/watcher/processing-watcher/graph/graph/$N - Stopped
11:51:56.448 [worker-akka.actor.default-dispatcher-18] INFO  a.a.LocalActorRef akka://worker/user/watcher/processing-watcher/graph/graph/$Nb - Stopped
11:51:56.449 [worker-akka.actor.default-dispatcher-18] INFO  a.a.LocalActorRef akka://worker/user/watcher/processing-watcher/graph/graph/$O - Stopped
11:51:56.449 [worker-akka.actor.default-dispatcher-18] INFO  a.a.LocalActorRef akka://worker/user/watcher/processing-watcher/graph/graph/$P - Stopped
11:51:56.450 [worker-akka.actor.default-dispatcher-18] INFO  a.a.LocalActorRef akka://worker/user/watcher/processing-watcher/graph/graph/$Q - Stopped
11:51:56.451 [worker-akka.actor.default-dispatcher-18] INFO  a.a.LocalActorRef akka://worker/user/watcher/processing-watcher/graph/graph/$R - Stopped
11:51:56.452 [worker-akka.actor.default-dispatcher-18] INFO  a.a.LocalActorRef akka://worker/user/watcher/processing-watcher/graph/graph/$S - Stopped
11:51:56.452 [worker-akka.actor.default-dispatcher-18] INFO  a.a.LocalActorRef akka://worker/user/watcher/processing-watcher/graph/graph/$T - Stopped
11:51:56.453 [worker-akka.actor.default-dispatcher-18] INFO  a.a.LocalActorRef akka://worker/user/watcher/processing-watcher/graph/graph/$U - Stopped
11:51:56.454 [worker-akka.actor.default-dispatcher-18] INFO  a.a.LocalActorRef akka://worker/user/watcher/processing-watcher/graph/graph/$V - Stopped
11:51:56.455 [worker-akka.actor.default-dispatcher-18] INFO  a.a.LocalActorRef akka://worker/user/watcher/processing-watcher/graph/graph/$W - Stopped
11:51:56.455 [worker-akka.actor.default-dispatcher-18] INFO  a.a.LocalActorRef akka://worker/user/watcher/processing-watcher/graph/graph/$X - Stopped
11:51:56.456 [worker-akka.actor.default-dispatcher-18] INFO  a.a.LocalActorRef akka://worker/user/watcher/processing-watcher/graph/graph/$Y - Stopped
11:51:56.457 [worker-akka.actor.default-dispatcher-18] INFO  a.a.LocalActorRef akka://worker/user/watcher/processing-watcher/graph/graph/$Z - Stopped
11:51:56.458 [worker-akka.actor.default-dispatcher-18] INFO  a.a.LocalActorRef akka://worker/user/watcher/processing-watcher/graph/graph/$a - Stopped
11:51:56.458 [worker-akka.actor.default-dispatcher-18] INFO  a.a.LocalActorRef akka://worker/user/watcher/processing-watcher/graph/graph/$ab - Stopped
11:51:56.459 [worker-akka.actor.default-dispatcher-18] INFO  a.a.LocalActorRef akka://worker/user/watcher/processing-watcher/graph/graph/$b - Stopped
11:51:56.460 [worker-akka.actor.default-dispatcher-18] INFO  a.a.LocalActorRef akka://worker/user/watcher/processing-watcher/graph/graph/$bb - Stopped
11:51:56.460 [worker-akka.actor.default-dispatcher-18] INFO  a.a.LocalActorRef akka://worker/user/watcher/processing-watcher/graph/graph/$c - Stopped
11:51:56.461 [worker-akka.actor.default-dispatcher-18] INFO  a.a.LocalActorRef akka://worker/user/watcher/processing-watcher/graph/graph/$cb - Stopped
11:51:56.461 [worker-akka.actor.default-dispatcher-18] INFO  a.a.LocalActorRef akka://worker/user/watcher/processing-watcher/graph/graph/$d - Stopped
11:51:56.463 [worker-akka.actor.default-dispatcher-18] INFO  a.a.LocalActorRef akka://worker/user/watcher/processing-watcher/graph/graph/$db - Stopped
11:51:56.464 [worker-akka.actor.default-dispatcher-18] INFO  a.a.LocalActorRef akka://worker/user/watcher/processing-watcher/graph/graph/$e - Stopped
11:51:56.465 [worker-akka.actor.default-dispatcher-18] INFO  a.a.LocalActorRef akka://worker/user/watcher/processing-watcher/graph/graph/$eb - Stopped
11:51:56.466 [worker-akka.actor.default-dispatcher-18] INFO  a.a.LocalActorRef akka://worker/user/watcher/processing-watcher/graph/graph/$f - Stopped
11:51:56.467 [worker-akka.actor.default-dispatcher-18] INFO  a.a.LocalActorRef akka://worker/user/watcher/processing-watcher/graph/graph/$fb - Stopped
11:51:56.468 [worker-akka.actor.default-dispatcher-18] INFO  a.a.LocalActorRef akka://worker/user/watcher/processing-watcher/graph/graph/$g - Stopped
11:51:56.468 [worker-akka.actor.default-dispatcher-18] INFO  a.a.LocalActorRef akka://worker/user/watcher/processing-watcher/graph/graph/$gb - Stopped
11:51:56.469 [worker-akka.actor.default-dispatcher-18] INFO  a.a.LocalActorRef akka://worker/user/watcher/processing-watcher/graph/graph/$h - Stopped
11:51:56.470 [worker-akka.actor.default-dispatcher-18] INFO  a.a.LocalActorRef akka://worker/user/watcher/processing-watcher/graph/graph/$hb - Stopped
11:51:56.472 [worker-akka.actor.default-dispatcher-18] INFO  a.a.LocalActorRef akka://worker/user/watcher/processing-watcher/graph/graph/$i - Stopped
11:51:56.472 [worker-akka.actor.default-dispatcher-18] INFO  a.a.LocalActorRef akka://worker/user/watcher/processing-watcher/graph/graph/$ib - Stopped
11:51:56.473 [worker-akka.actor.default-dispatcher-18] INFO  a.a.LocalActorRef akka://worker/user/watcher/processing-watcher/graph/graph/$j - Stopped
11:51:56.473 [worker-akka.actor.default-dispatcher-18] INFO  a.a.LocalActorRef akka://worker/user/watcher/processing-watcher/graph/graph/$jb - Stopped
11:51:56.474 [worker-akka.actor.default-dispatcher-18] INFO  a.a.LocalActorRef akka://worker/user/watcher/processing-watcher/graph/graph/$k - Stopped
11:51:56.474 [worker-akka.actor.default-dispatcher-18] INFO  a.a.LocalActorRef akka://worker/user/watcher/processing-watcher/graph/graph/$kb - Stopped
11:51:56.475 [worker-akka.actor.default-dispatcher-18] INFO  a.a.LocalActorRef akka://worker/user/watcher/processing-watcher/graph/graph/$l - Stopped
11:51:56.476 [worker-akka.actor.default-dispatcher-18] INFO  a.a.LocalActorRef akka://worker/user/watcher/processing-watcher/graph/graph/$lb - Stopped
11:51:56.477 [worker-akka.actor.default-dispatcher-18] INFO  a.a.LocalActorRef akka://worker/user/watcher/processing-watcher/graph/graph/$m - Stopped
11:51:56.477 [worker-akka.actor.default-dispatcher-18] INFO  a.a.LocalActorRef akka://worker/user/watcher/processing-watcher/graph/graph/$mb - Stopped
11:51:56.478 [worker-akka.actor.default-dispatcher-18] INFO  a.a.LocalActorRef akka://worker/user/watcher/processing-watcher/graph/graph/$n - Stopped
11:51:56.479 [worker-akka.actor.default-dispatcher-18] INFO  a.a.LocalActorRef akka://worker/user/watcher/processing-watcher/graph/graph/$nb - Stopped
11:51:56.479 [worker-akka.actor.default-dispatcher-18] INFO  a.a.LocalActorRef akka://worker/user/watcher/processing-watcher/graph/graph/$o - Stopped
11:51:56.481 [worker-akka.actor.default-dispatcher-18] INFO  a.a.LocalActorRef akka://worker/user/watcher/processing-watcher/graph/graph/$ob - Stopped
11:51:56.481 [worker-akka.actor.default-dispatcher-18] INFO  a.a.LocalActorRef akka://worker/user/watcher/processing-watcher/graph/graph/$p - Stopped
11:51:56.482 [worker-akka.actor.default-dispatcher-18] INFO  a.a.LocalActorRef akka://worker/user/watcher/processing-watcher/graph/graph/$pb - Stopped
11:51:56.483 [worker-akka.actor.default-dispatcher-18] INFO  a.a.LocalActorRef akka://worker/user/watcher/processing-watcher/graph/graph/$q - Stopped
11:51:56.483 [worker-akka.actor.default-dispatcher-18] INFO  a.a.LocalActorRef akka://worker/user/watcher/processing-watcher/graph/graph/$qb - Stopped
11:51:56.484 [worker-akka.actor.default-dispatcher-18] INFO  a.a.LocalActorRef akka://worker/user/watcher/processing-watcher/graph/graph/$r - Stopped
11:51:56.485 [worker-akka.actor.default-dispatcher-18] INFO  a.a.LocalActorRef akka://worker/user/watcher/processing-watcher/graph/graph/$rb - Stopped
11:51:56.485 [worker-akka.actor.default-dispatcher-18] INFO  a.a.LocalActorRef akka://worker/user/watcher/processing-watcher/graph/graph/$s - Stopped
11:51:56.486 [worker-akka.actor.default-dispatcher-18] INFO  a.a.LocalActorRef akka://worker/user/watcher/processing-watcher/graph/graph/$sb - Stopped
11:51:56.487 [worker-akka.actor.default-dispatcher-18] INFO  a.a.LocalActorRef akka://worker/user/watcher/processing-watcher/graph/graph/$t - Stopped
11:51:56.488 [worker-akka.actor.default-dispatcher-18] INFO  a.a.LocalActorRef akka://worker/user/watcher/processing-watcher/graph/graph/$tb - Stopped
11:51:56.489 [worker-akka.actor.default-dispatcher-18] INFO  a.a.LocalActorRef akka://worker/user/watcher/processing-watcher/graph/graph/$u - Stopped
11:51:56.489 [worker-akka.actor.default-dispatcher-18] INFO  a.a.LocalActorRef akka://worker/user/watcher/processing-watcher/graph/graph/$ub - Stopped
11:51:56.489 [worker-akka.actor.default-dispatcher-18] INFO  a.a.LocalActorRef akka://worker/user/watcher/processing-watcher/graph/graph/$v - Stopped
11:51:56.490 [worker-akka.actor.default-dispatcher-18] INFO  a.a.LocalActorRef akka://worker/user/watcher/processing-watcher/graph/graph/$vb - Stopped
11:51:56.490 [worker-akka.actor.default-dispatcher-18] INFO  a.a.LocalActorRef akka://worker/user/watcher/processing-watcher/graph/graph/$w - Stopped
11:51:56.492 [worker-akka.actor.default-dispatcher-18] INFO  a.a.LocalActorRef akka://worker/user/watcher/processing-watcher/graph/graph/$wb - Stopped
11:51:56.492 [worker-akka.actor.default-dispatcher-18] INFO  a.a.LocalActorRef akka://worker/user/watcher/processing-watcher/graph/graph/$x - Stopped
11:51:56.493 [worker-akka.actor.default-dispatcher-18] INFO  a.a.LocalActorRef akka://worker/user/watcher/processing-watcher/graph/graph/$xb - Stopped
11:51:56.494 [worker-akka.actor.default-dispatcher-18] INFO  a.a.LocalActorRef akka://worker/user/watcher/processing-watcher/graph/graph/$y - Stopped
11:51:56.495 [worker-akka.actor.default-dispatcher-18] INFO  a.a.LocalActorRef akka://worker/user/watcher/processing-watcher/graph/graph/$yb - Stopped
11:51:56.495 [worker-akka.actor.default-dispatcher-18] INFO  a.a.LocalActorRef akka://worker/user/watcher/processing-watcher/graph/graph/$z - Stopped
11:51:56.495 [worker-akka.actor.default-dispatcher-18] INFO  a.a.LocalActorRef akka://worker/user/watcher/processing-watcher/graph/graph/$zb - Stopped
11:51:56.496 [worker-akka.actor.default-dispatcher-18] INFO  a.a.LocalActorRef akka://worker/user/watcher/processing-watcher/graph/graph/$~ - Stopped
11:51:56.513 [worker-akka.actor.default-dispatcher-18] INFO  a.a.LocalActorRef akka://worker/user/watcher/processing-watcher/graph/graph - Stopped
11:51:56.522 [worker-akka.actor.default-dispatcher-18] INFO  a.a.LocalActorRef akka://worker/user/watcher/processing-watcher/graph - Stopped
11:51:56.523 [worker-akka.actor.default-dispatcher-17] INFO  a.a.LocalActorRef akka://worker/user/watcher/processing-watcher - Stopped
11:51:56.524 [Curator-Framework-0] INFO  o.a.c.f.i.CuratorFrameworkImpl  - backgroundOperationsLoop exiting
11:51:56.535 [Curator-PathChildrenCache-0] ERROR o.a.c.f.r.c.PathChildrenCache  - 
java.lang.IllegalStateException: instance must be started before calling this method
	at org.apache.curator.shaded.com.google.common.base.Preconditions.checkState(Preconditions.java:444)
	at org.apache.curator.framework.imps.CuratorFrameworkImpl.getChildren(CuratorFrameworkImpl.java:456)
	at org.apache.curator.framework.recipes.cache.PathChildrenCache.refresh(PathChildrenCache.java:521)
	at org.apache.curator.framework.recipes.cache.RefreshOperation.invoke(RefreshOperation.java:35)
	at org.apache.curator.framework.recipes.cache.PathChildrenCache$9.run(PathChildrenCache.java:786)
	at java.util.concurrent.Executors$RunnableAdapter.call(Executors.java:511)
	at java.util.concurrent.FutureTask.run(FutureTask.java:266)
	at java.util.concurrent.Executors$RunnableAdapter.call(Executors.java:511)
	at java.util.concurrent.FutureTask.run(FutureTask.java:266)
	at java.util.concurrent.ThreadPoolExecutor.runWorker(ThreadPoolExecutor.java:1149)
	at java.util.concurrent.ThreadPoolExecutor$Worker.run(ThreadPoolExecutor.java:624)
	at java.lang.Thread.run(Thread.java:748)
11:51:56.536 [worker-akka.actor.default-dispatcher-6-EventThread] INFO  o.a.z.ClientCnxn  - EventThread shut down for session: 0x100002c5342000c
11:51:56.536 [worker-akka.actor.default-dispatcher-14] INFO  o.a.z.ZooKeeper  - Session: 0x100002c5342000c closed
11:51:56.537 [worker-akka.actor.default-dispatcher-18] INFO  a.a.RepointableActorRef akka://worker/user/watcher - Stopped
11:51:56.551 [worker-akka.actor.default-dispatcher-14] INFO  a.r.RemoteActorRefProvider$RemotingTerminator akka://worker@flamestream-benchmarks-worker-12:5412/system/remoting-terminator - Shutting down remote daemon.
11:51:56.552 [worker-akka.actor.default-dispatcher-14] INFO  a.r.RemoteActorRefProvider$RemotingTerminator akka://worker@flamestream-benchmarks-worker-12:5412/system/remoting-terminator - Remote daemon shut down; proceeding with flushing remote transports.
11:51:57.749 [worker-akka.actor.default-dispatcher-14] INFO  a.r.RemoteActorRefProvider$RemotingTerminator akka://worker@flamestream-benchmarks-worker-12:5412/system/remoting-terminator - Remoting shut down.
Heap
 def new generation   total 460800K, used 355031K [0x00000000a2400000, 0x00000000c1800000, 0x00000000c1800000)
  eden space 409600K,  86% used [0x00000000a2400000, 0x00000000b7e7d1d0, 0x00000000bb400000)
  from space 51200K,   0% used [0x00000000bb400000, 0x00000000bb438e00, 0x00000000be600000)
  to   space 51200K,   0% used [0x00000000be600000, 0x00000000be600000, 0x00000000c1800000)
 tenured generation   total 1024000K, used 56812K [0x00000000c1800000, 0x0000000100000000, 0x0000000100000000)
   the space 1024000K,   5% used [0x00000000c1800000, 0x00000000c4f7b220, 0x00000000c4f7b400, 0x0000000100000000)
 Metaspace       used 40796K, capacity 43618K, committed 43904K, reserved 1087488K
  class space    used 5342K, capacity 5663K, committed 5760K, reserved 1048576K
