10:26:10,672 |-INFO in ch.qos.logback.classic.LoggerContext[default] - Could NOT find resource [logback-test.xml]
10:26:10,672 |-INFO in ch.qos.logback.classic.LoggerContext[default] - Could NOT find resource [logback.groovy]
10:26:10,672 |-INFO in ch.qos.logback.classic.LoggerContext[default] - Found resource [logback.xml] at [jar:file:/home/nikitasokolov/flamestream/lib/flamestream-runtime-1.0-SNAPSHOT.jar!/logback.xml]
10:26:10,673 |-WARN in ch.qos.logback.classic.LoggerContext[default] - Resource [logback.xml] occurs multiple times on the classpath.
10:26:10,673 |-WARN in ch.qos.logback.classic.LoggerContext[default] - Resource [logback.xml] occurs at [jar:file:/home/nikitasokolov/flamestream/lib/flamestream-runtime-1.0-SNAPSHOT.jar!/logback.xml]
10:26:10,673 |-WARN in ch.qos.logback.classic.LoggerContext[default] - Resource [logback.xml] occurs at [jar:file:/home/nikitasokolov/flamestream/flamestream-runtime-1.0-SNAPSHOT.jar!/logback.xml]
10:26:10,690 |-INFO in ch.qos.logback.core.joran.spi.ConfigurationWatchList@6108b2d7 - URL [jar:file:/home/nikitasokolov/flamestream/lib/flamestream-runtime-1.0-SNAPSHOT.jar!/logback.xml] is not of type file
10:26:10,740 |-INFO in ch.qos.logback.classic.joran.action.ConfigurationAction - debug attribute not set
10:26:10,740 |-INFO in ch.qos.logback.core.joran.action.AppenderAction - About to instantiate appender of type [ch.qos.logback.core.ConsoleAppender]
10:26:10,748 |-INFO in ch.qos.logback.core.joran.action.AppenderAction - Naming appender as [STDOUT]
10:26:10,756 |-INFO in ch.qos.logback.core.joran.action.NestedComplexPropertyIA - Assuming default type [ch.qos.logback.classic.encoder.PatternLayoutEncoder] for [encoder] property
10:26:10,813 |-INFO in ch.qos.logback.core.joran.action.AppenderAction - About to instantiate appender of type [ch.qos.logback.core.rolling.RollingFileAppender]
10:26:10,818 |-INFO in ch.qos.logback.core.joran.action.AppenderAction - Naming appender as [FILE]
10:26:10,839 |-INFO in c.q.l.core.rolling.TimeBasedRollingPolicy@357863579 - No compression will be used
10:26:10,840 |-INFO in c.q.l.core.rolling.TimeBasedRollingPolicy@357863579 - Will use the pattern /tmp/application_%d{yyyy-MM-dd}.%i.log for the active file
10:26:10,843 |-INFO in ch.qos.logback.core.rolling.SizeAndTimeBasedFNATP@6bf256fa - The date pattern is 'yyyy-MM-dd' from file name pattern '/tmp/application_%d{yyyy-MM-dd}.%i.log'.
10:26:10,843 |-INFO in ch.qos.logback.core.rolling.SizeAndTimeBasedFNATP@6bf256fa - Roll-over at midnight.
10:26:10,847 |-INFO in ch.qos.logback.core.rolling.SizeAndTimeBasedFNATP@6bf256fa - Setting initial period to Sun Jun 09 10:25:28 MSK 2019
10:26:10,847 |-WARN in ch.qos.logback.core.rolling.SizeAndTimeBasedFNATP@6bf256fa - SizeAndTimeBasedFNATP is deprecated. Use SizeAndTimeBasedRollingPolicy instead
10:26:10,847 |-WARN in ch.qos.logback.core.rolling.SizeAndTimeBasedFNATP@6bf256fa - For more information see http://logback.qos.ch/manual/appenders.html#SizeAndTimeBasedRollingPolicy
10:26:10,851 |-INFO in ch.qos.logback.core.joran.action.NestedComplexPropertyIA - Assuming default type [ch.qos.logback.classic.encoder.PatternLayoutEncoder] for [encoder] property
10:26:10,853 |-INFO in ch.qos.logback.core.rolling.RollingFileAppender[FILE] - Active log file name: /tmp/application.log
10:26:10,853 |-INFO in ch.qos.logback.core.rolling.RollingFileAppender[FILE] - File property is set to [/tmp/application.log]
10:26:10,854 |-INFO in ch.qos.logback.classic.joran.action.RootLoggerAction - Setting level of ROOT logger to WARN
10:26:10,854 |-INFO in ch.qos.logback.core.joran.action.AppenderRefAction - Attaching appender named [STDOUT] to Logger[ROOT]
10:26:10,855 |-INFO in ch.qos.logback.core.joran.action.AppenderRefAction - Attaching appender named [FILE] to Logger[ROOT]
10:26:10,855 |-INFO in ch.qos.logback.classic.joran.action.ConfigurationAction - End of configuration.
10:26:10,855 |-INFO in ch.qos.logback.classic.joran.JoranConfigurator@6cd8737 - Registering current configuration as safe fallback point

2019-06-09T10:26:11.846+0300: 1.386: [GC (Metadata GC Threshold) [PSYoungGen: 110722K->15914K(149504K)] 110722K->15994K(491008K), 0.0214423 secs] [Times: user=0.10 sys=0.04, real=0.02 secs] 
2019-06-09T10:26:11.868+0300: 1.407: [Full GC (Metadata GC Threshold) [PSYoungGen: 15914K->0K(149504K)] [ParOldGen: 80K->15078K(341504K)] 15994K->15078K(491008K), [Metaspace: 20802K->20802K(1067008K)], 0.0260520 secs] [Times: user=0.16 sys=0.02, real=0.03 secs] 
10:26:19.152 [Curator-PathChildrenCache-1] WARN  o.a.c.u.ZKPaths  - The version of ZooKeeper being used doesn't support Container nodes. CreateMode.PERSISTENT will be used instead.
2019-06-09T10:26:20.618+0300: 10.158: [GC (Metadata GC Threshold) [PSYoungGen: 124505K->15719K(149504K)] 139583K->50336K(491008K), 0.0316630 secs] [Times: user=0.28 sys=0.02, real=0.02 secs] 
2019-06-09T10:26:20.650+0300: 10.189: [Full GC (Metadata GC Threshold) [PSYoungGen: 15719K->0K(149504K)] [ParOldGen: 34617K->38863K(341504K)] 50336K->38863K(491008K), [Metaspace: 34560K->34560K(1079296K)], 0.0345496 secs] [Times: user=0.19 sys=0.00, real=0.03 secs] 
2019-06-09T10:26:24.223+0300: 13.762: [GC (Allocation Failure) [PSYoungGen: 128512K->384K(149504K)] 167375K->39255K(491008K), 0.0057869 secs] [Times: user=0.03 sys=0.00, real=0.00 secs] 
2019-06-09T10:26:28.177+0300: 17.716: [GC (Allocation Failure) [PSYoungGen: 128896K->512K(149504K)] 167767K->39391K(491008K), 0.0050349 secs] [Times: user=0.01 sys=0.02, real=0.01 secs] 
2019-06-09T10:26:32.150+0300: 21.690: [GC (Allocation Failure) [PSYoungGen: 129024K->480K(129024K)] 167903K->39367K(470528K), 0.0032304 secs] [Times: user=0.02 sys=0.00, real=0.00 secs] 
2019-06-09T10:26:36.196+0300: 25.735: [GC (Allocation Failure) [PSYoungGen: 128992K->416K(150016K)] 167879K->39311K(491520K), 0.0033626 secs] [Times: user=0.02 sys=0.00, real=0.01 secs] 
2019-06-09T10:26:40.230+0300: 29.769: [GC (Allocation Failure) [PSYoungGen: 128928K->512K(148992K)] 167823K->39415K(490496K), 0.0089407 secs] [Times: user=0.09 sys=0.01, real=0.01 secs] 
2019-06-09T10:26:44.304+0300: 33.843: [GC (Allocation Failure) [PSYoungGen: 129024K->416K(151552K)] 167927K->39319K(493056K), 0.0046387 secs] [Times: user=0.02 sys=0.00, real=0.00 secs] 
2019-06-09T10:26:48.501+0300: 38.041: [GC (Allocation Failure) [PSYoungGen: 132512K->448K(151040K)] 171415K->39351K(492544K), 0.0022947 secs] [Times: user=0.01 sys=0.00, real=0.00 secs] 
2019-06-09T10:26:52.714+0300: 42.254: [GC (Allocation Failure) [PSYoungGen: 132544K->480K(153088K)] 171447K->39391K(494592K), 0.0025624 secs] [Times: user=0.01 sys=0.00, real=0.00 secs] 
2019-06-09T10:26:57.006+0300: 46.546: [GC (Allocation Failure) [PSYoungGen: 135648K->480K(152576K)] 174559K->39391K(494080K), 0.0041200 secs] [Times: user=0.02 sys=0.00, real=0.01 secs] 
2019-06-09T10:27:01.248+0300: 50.788: [GC (Allocation Failure) [PSYoungGen: 135648K->416K(155136K)] 174559K->39327K(496640K), 0.0029476 secs] [Times: user=0.01 sys=0.00, real=0.01 secs] 
10:27:09.993 [Curator-PathChildrenCache-0] ERROR o.a.c.f.r.c.PathChildrenCache  - 
java.lang.IllegalStateException: instance must be started before calling this method
	at org.apache.curator.shaded.com.google.common.base.Preconditions.checkState(Preconditions.java:444)
	at org.apache.curator.framework.imps.CuratorFrameworkImpl.getChildren(CuratorFrameworkImpl.java:456)
	at org.apache.curator.framework.recipes.cache.PathChildrenCache.refresh(PathChildrenCache.java:521)
	at org.apache.curator.framework.recipes.cache.RefreshOperation.invoke(RefreshOperation.java:35)
	at org.apache.curator.framework.recipes.cache.PathChildrenCache$9.run(PathChildrenCache.java:786)
	at java.util.concurrent.Executors$RunnableAdapter.call(Executors.java:511)
	at java.util.concurrent.FutureTask.run(FutureTask.java:266)
	at java.util.concurrent.Executors$RunnableAdapter.call(Executors.java:511)
	at java.util.concurrent.FutureTask.run(FutureTask.java:266)
	at java.util.concurrent.ThreadPoolExecutor.runWorker(ThreadPoolExecutor.java:1149)
	at java.util.concurrent.ThreadPoolExecutor$Worker.run(ThreadPoolExecutor.java:624)
	at java.lang.Thread.run(Thread.java:748)
Heap
 PSYoungGen      total 155136K, used 125328K [0x00000000f5980000, 0x0000000100000000, 0x0000000100000000)
  eden space 138752K, 90% used [0x00000000f5980000,0x00000000fd37c250,0x00000000fe100000)
  from space 16384K, 2% used [0x00000000ff000000,0x00000000ff068010,0x0000000100000000)
  to   space 15360K, 0% used [0x00000000fe100000,0x00000000fe100000,0x00000000ff000000)
 ParOldGen       total 341504K, used 38911K [0x00000000e0c00000, 0x00000000f5980000, 0x00000000f5980000)
  object space 341504K, 11% used [0x00000000e0c00000,0x00000000e31ffc88,0x00000000f5980000)
 Metaspace       used 35745K, capacity 36606K, committed 36952K, reserved 1081344K
  class space    used 4936K, capacity 5129K, committed 5248K, reserved 1048576K
