04:25:14,050 |-INFO in ch.qos.logback.classic.LoggerContext[default] - Could NOT find resource [logback-test.xml]
04:25:14,050 |-INFO in ch.qos.logback.classic.LoggerContext[default] - Could NOT find resource [logback.groovy]
04:25:14,050 |-INFO in ch.qos.logback.classic.LoggerContext[default] - Found resource [logback.xml] at [jar:file:/home/nikitasokolov/flamestream/lib/flamestream-runtime-1.0-SNAPSHOT.jar!/logback.xml]
04:25:14,050 |-WARN in ch.qos.logback.classic.LoggerContext[default] - Resource [logback.xml] occurs multiple times on the classpath.
04:25:14,051 |-WARN in ch.qos.logback.classic.LoggerContext[default] - Resource [logback.xml] occurs at [jar:file:/home/nikitasokolov/flamestream/lib/flamestream-runtime-1.0-SNAPSHOT.jar!/logback.xml]
04:25:14,051 |-WARN in ch.qos.logback.classic.LoggerContext[default] - Resource [logback.xml] occurs at [jar:file:/home/nikitasokolov/flamestream/flamestream-runtime-1.0-SNAPSHOT.jar!/logback.xml]
04:25:14,067 |-INFO in ch.qos.logback.core.joran.spi.ConfigurationWatchList@6108b2d7 - URL [jar:file:/home/nikitasokolov/flamestream/lib/flamestream-runtime-1.0-SNAPSHOT.jar!/logback.xml] is not of type file
04:25:14,119 |-INFO in ch.qos.logback.classic.joran.action.ConfigurationAction - debug attribute not set
04:25:14,120 |-INFO in ch.qos.logback.core.joran.action.AppenderAction - About to instantiate appender of type [ch.qos.logback.core.ConsoleAppender]
04:25:14,131 |-INFO in ch.qos.logback.core.joran.action.AppenderAction - Naming appender as [STDOUT]
04:25:14,141 |-INFO in ch.qos.logback.core.joran.action.NestedComplexPropertyIA - Assuming default type [ch.qos.logback.classic.encoder.PatternLayoutEncoder] for [encoder] property
04:25:14,200 |-INFO in ch.qos.logback.core.joran.action.AppenderAction - About to instantiate appender of type [ch.qos.logback.core.rolling.RollingFileAppender]
04:25:14,207 |-INFO in ch.qos.logback.core.joran.action.AppenderAction - Naming appender as [FILE]
04:25:14,229 |-INFO in c.q.l.core.rolling.TimeBasedRollingPolicy@357863579 - No compression will be used
04:25:14,231 |-INFO in c.q.l.core.rolling.TimeBasedRollingPolicy@357863579 - Will use the pattern /tmp/application_%d{yyyy-MM-dd}.%i.log for the active file
04:25:14,234 |-INFO in ch.qos.logback.core.rolling.SizeAndTimeBasedFNATP@6bf256fa - The date pattern is 'yyyy-MM-dd' from file name pattern '/tmp/application_%d{yyyy-MM-dd}.%i.log'.
04:25:14,234 |-INFO in ch.qos.logback.core.rolling.SizeAndTimeBasedFNATP@6bf256fa - Roll-over at midnight.
04:25:14,237 |-INFO in ch.qos.logback.core.rolling.SizeAndTimeBasedFNATP@6bf256fa - Setting initial period to Sun Jun 09 04:24:30 MSK 2019
04:25:14,237 |-WARN in ch.qos.logback.core.rolling.SizeAndTimeBasedFNATP@6bf256fa - SizeAndTimeBasedFNATP is deprecated. Use SizeAndTimeBasedRollingPolicy instead
04:25:14,237 |-WARN in ch.qos.logback.core.rolling.SizeAndTimeBasedFNATP@6bf256fa - For more information see http://logback.qos.ch/manual/appenders.html#SizeAndTimeBasedRollingPolicy
04:25:14,242 |-INFO in ch.qos.logback.core.joran.action.NestedComplexPropertyIA - Assuming default type [ch.qos.logback.classic.encoder.PatternLayoutEncoder] for [encoder] property
04:25:14,244 |-INFO in ch.qos.logback.core.rolling.RollingFileAppender[FILE] - Active log file name: /tmp/application.log
04:25:14,244 |-INFO in ch.qos.logback.core.rolling.RollingFileAppender[FILE] - File property is set to [/tmp/application.log]
04:25:14,245 |-INFO in ch.qos.logback.classic.joran.action.RootLoggerAction - Setting level of ROOT logger to WARN
04:25:14,245 |-INFO in ch.qos.logback.core.joran.action.AppenderRefAction - Attaching appender named [STDOUT] to Logger[ROOT]
04:25:14,246 |-INFO in ch.qos.logback.core.joran.action.AppenderRefAction - Attaching appender named [FILE] to Logger[ROOT]
04:25:14,246 |-INFO in ch.qos.logback.classic.joran.action.ConfigurationAction - End of configuration.
04:25:14,247 |-INFO in ch.qos.logback.classic.joran.JoranConfigurator@6cd8737 - Registering current configuration as safe fallback point

2019-06-09T04:25:15.230+0300: 1.381: [GC (Metadata GC Threshold) [PSYoungGen: 108152K->15885K(149504K)] 108152K->15965K(491008K), 0.0197444 secs] [Times: user=0.08 sys=0.01, real=0.01 secs] 
2019-06-09T04:25:15.249+0300: 1.401: [Full GC (Metadata GC Threshold) [PSYoungGen: 15885K->0K(149504K)] [ParOldGen: 80K->15078K(341504K)] 15965K->15078K(491008K), [Metaspace: 20802K->20802K(1067008K)], 0.0274809 secs] [Times: user=0.19 sys=0.00, real=0.03 secs] 
04:25:25.472 [Curator-PathChildrenCache-1] WARN  o.a.c.u.ZKPaths  - The version of ZooKeeper being used doesn't support Container nodes. CreateMode.PERSISTENT will be used instead.
2019-06-09T04:25:26.493+0300: 12.644: [GC (Metadata GC Threshold) [PSYoungGen: 124830K->15879K(149504K)] 139908K->50497K(491008K), 0.0305645 secs] [Times: user=0.28 sys=0.02, real=0.03 secs] 
2019-06-09T04:25:26.524+0300: 12.675: [Full GC (Metadata GC Threshold) [PSYoungGen: 15879K->0K(149504K)] [ParOldGen: 34617K->39050K(341504K)] 50497K->39050K(491008K), [Metaspace: 34575K->34575K(1079296K)], 0.0366679 secs] [Times: user=0.19 sys=0.01, real=0.04 secs] 
2019-06-09T04:25:29.733+0300: 15.884: [GC (Allocation Failure) [PSYoungGen: 128512K->480K(149504K)] 167562K->39538K(491008K), 0.0032888 secs] [Times: user=0.02 sys=0.00, real=0.00 secs] 
2019-06-09T04:25:33.431+0300: 19.583: [GC (Allocation Failure) [PSYoungGen: 128992K->576K(149504K)] 168050K->39634K(491008K), 0.0047383 secs] [Times: user=0.03 sys=0.00, real=0.00 secs] 
2019-06-09T04:25:37.110+0300: 23.261: [GC (Allocation Failure) [PSYoungGen: 129088K->448K(129024K)] 168146K->39514K(470528K), 0.0030757 secs] [Times: user=0.01 sys=0.00, real=0.00 secs] 
2019-06-09T04:25:40.795+0300: 26.946: [GC (Allocation Failure) [PSYoungGen: 128960K->512K(150016K)] 168026K->39586K(491520K), 0.0033876 secs] [Times: user=0.01 sys=0.00, real=0.01 secs] 
2019-06-09T04:25:44.528+0300: 30.680: [GC (Allocation Failure) [PSYoungGen: 129024K->608K(148992K)] 168098K->39690K(490496K), 0.0057139 secs] [Times: user=0.03 sys=0.01, real=0.01 secs] 
2019-06-09T04:25:48.264+0300: 34.415: [GC (Allocation Failure) [PSYoungGen: 129120K->608K(151552K)] 168202K->39698K(493056K), 0.0031746 secs] [Times: user=0.02 sys=0.00, real=0.00 secs] 
2019-06-09T04:25:52.116+0300: 38.268: [GC (Allocation Failure) [PSYoungGen: 132704K->480K(151040K)] 171794K->39578K(492544K), 0.0029897 secs] [Times: user=0.02 sys=0.00, real=0.01 secs] 
2019-06-09T04:25:55.976+0300: 42.127: [GC (Allocation Failure) [PSYoungGen: 132576K->672K(153088K)] 171674K->39778K(494592K), 0.0029177 secs] [Times: user=0.02 sys=0.01, real=0.01 secs] 
2019-06-09T04:25:59.940+0300: 46.092: [GC (Allocation Failure) [PSYoungGen: 135840K->640K(152576K)] 174946K->39754K(494080K), 0.0099497 secs] [Times: user=0.09 sys=0.01, real=0.01 secs] 
2019-06-09T04:26:03.915+0300: 50.066: [GC (Allocation Failure) [PSYoungGen: 135808K->704K(155136K)] 174922K->39818K(496640K), 0.0040275 secs] [Times: user=0.01 sys=0.00, real=0.01 secs] 
2019-06-09T04:26:07.953+0300: 54.104: [GC (Allocation Failure) [PSYoungGen: 139456K->736K(154112K)] 178570K->39858K(495616K), 0.0033959 secs] [Times: user=0.01 sys=0.00, real=0.00 secs] 
2019-06-09T04:26:12.019+0300: 58.170: [GC (Allocation Failure) [PSYoungGen: 139488K->672K(156672K)] 178610K->39802K(498176K), 0.0027327 secs] [Times: user=0.01 sys=0.00, real=0.00 secs] 
2019-06-09T04:26:16.133+0300: 62.285: [GC (Allocation Failure) [PSYoungGen: 142496K->1111K(155648K)] 181626K->40241K(497152K), 0.0030781 secs] [Times: user=0.02 sys=0.00, real=0.00 secs] 
2019-06-09T04:26:21.388+0300: 67.539: [GC (Allocation Failure) [PSYoungGen: 142935K->704K(158208K)] 182065K->39842K(499712K), 0.0026929 secs] [Times: user=0.02 sys=0.00, real=0.01 secs] 
2019-06-09T04:26:35.748+0300: 81.900: [GC (Allocation Failure) [PSYoungGen: 145600K->704K(157184K)] 184738K->39850K(498688K), 0.0042663 secs] [Times: user=0.01 sys=0.02, real=0.01 secs] 
04:26:35.812 [Curator-PathChildrenCache-0] ERROR o.a.c.f.r.c.PathChildrenCache  - 
java.lang.IllegalStateException: instance must be started before calling this method
	at org.apache.curator.shaded.com.google.common.base.Preconditions.checkState(Preconditions.java:444)
	at org.apache.curator.framework.imps.CuratorFrameworkImpl.getChildren(CuratorFrameworkImpl.java:456)
	at org.apache.curator.framework.recipes.cache.PathChildrenCache.refresh(PathChildrenCache.java:521)
	at org.apache.curator.framework.recipes.cache.RefreshOperation.invoke(RefreshOperation.java:35)
	at org.apache.curator.framework.recipes.cache.PathChildrenCache$9.run(PathChildrenCache.java:786)
	at java.util.concurrent.Executors$RunnableAdapter.call(Executors.java:511)
	at java.util.concurrent.FutureTask.run(FutureTask.java:266)
	at java.util.concurrent.Executors$RunnableAdapter.call(Executors.java:511)
	at java.util.concurrent.FutureTask.run(FutureTask.java:266)
	at java.util.concurrent.ThreadPoolExecutor.runWorker(ThreadPoolExecutor.java:1149)
	at java.util.concurrent.ThreadPoolExecutor$Worker.run(ThreadPoolExecutor.java:624)
	at java.lang.Thread.run(Thread.java:748)
Heap
 PSYoungGen      total 157184K, used 12338K [0x00000000f5980000, 0x0000000100000000, 0x0000000100000000)
  eden space 144896K, 8% used [0x00000000f5980000,0x00000000f64dcb08,0x00000000fe700000)
  from space 12288K, 5% used [0x00000000fe700000,0x00000000fe7b0080,0x00000000ff300000)
  to   space 11776K, 0% used [0x00000000ff480000,0x00000000ff480000,0x0000000100000000)
 ParOldGen       total 341504K, used 39146K [0x00000000e0c00000, 0x00000000f5980000, 0x00000000f5980000)
  object space 341504K, 11% used [0x00000000e0c00000,0x00000000e323aa10,0x00000000f5980000)
 Metaspace       used 36208K, capacity 37030K, committed 37208K, reserved 1081344K
  class space    used 4977K, capacity 5161K, committed 5248K, reserved 1048576K
