17:27:13,540 |-INFO in ch.qos.logback.classic.LoggerContext[default] - Could NOT find resource [logback-test.xml]
17:27:13,540 |-INFO in ch.qos.logback.classic.LoggerContext[default] - Could NOT find resource [logback.groovy]
17:27:13,541 |-INFO in ch.qos.logback.classic.LoggerContext[default] - Found resource [logback.xml] at [jar:file:/root/flamestream/lib/flamestream-runtime-1.0-SNAPSHOT.jar!/logback.xml]
17:27:13,541 |-WARN in ch.qos.logback.classic.LoggerContext[default] - Resource [logback.xml] occurs multiple times on the classpath.
17:27:13,542 |-WARN in ch.qos.logback.classic.LoggerContext[default] - Resource [logback.xml] occurs at [jar:file:/root/flamestream/lib/flamestream-runtime-1.0-SNAPSHOT.jar!/logback.xml]
17:27:13,542 |-WARN in ch.qos.logback.classic.LoggerContext[default] - Resource [logback.xml] occurs at [jar:file:/root/flamestream/flamestream-runtime-1.0-SNAPSHOT.jar!/logback.xml]
17:27:13,562 |-INFO in ch.qos.logback.core.joran.spi.ConfigurationWatchList@3fb6a447 - URL [jar:file:/root/flamestream/lib/flamestream-runtime-1.0-SNAPSHOT.jar!/logback.xml] is not of type file
17:27:13,635 |-INFO in ch.qos.logback.classic.joran.action.ConfigurationAction - debug attribute not set
17:27:13,636 |-INFO in ch.qos.logback.core.joran.action.AppenderAction - About to instantiate appender of type [ch.qos.logback.core.ConsoleAppender]
17:27:13,652 |-INFO in ch.qos.logback.core.joran.action.AppenderAction - Naming appender as [STDOUT]
17:27:13,670 |-INFO in ch.qos.logback.core.joran.action.NestedComplexPropertyIA - Assuming default type [ch.qos.logback.classic.encoder.PatternLayoutEncoder] for [encoder] property
17:27:13,748 |-INFO in ch.qos.logback.core.joran.action.AppenderAction - About to instantiate appender of type [ch.qos.logback.core.rolling.RollingFileAppender]
17:27:13,757 |-INFO in ch.qos.logback.core.joran.action.AppenderAction - Naming appender as [FILE]
17:27:13,790 |-INFO in c.q.l.core.rolling.TimeBasedRollingPolicy@127618319 - No compression will be used
17:27:13,792 |-INFO in c.q.l.core.rolling.TimeBasedRollingPolicy@127618319 - Will use the pattern /tmp/application_%d{yyyy-MM-dd}.%i.log for the active file
17:27:13,795 |-INFO in ch.qos.logback.core.rolling.SizeAndTimeBasedFNATP@6b2fad11 - The date pattern is 'yyyy-MM-dd' from file name pattern '/tmp/application_%d{yyyy-MM-dd}.%i.log'.
17:27:13,795 |-INFO in ch.qos.logback.core.rolling.SizeAndTimeBasedFNATP@6b2fad11 - Roll-over at midnight.
17:27:13,800 |-INFO in ch.qos.logback.core.rolling.SizeAndTimeBasedFNATP@6b2fad11 - Setting initial period to Mon Jun 10 17:25:42 UTC 2019
17:27:13,800 |-WARN in ch.qos.logback.core.rolling.SizeAndTimeBasedFNATP@6b2fad11 - SizeAndTimeBasedFNATP is deprecated. Use SizeAndTimeBasedRollingPolicy instead
17:27:13,800 |-WARN in ch.qos.logback.core.rolling.SizeAndTimeBasedFNATP@6b2fad11 - For more information see http://logback.qos.ch/manual/appenders.html#SizeAndTimeBasedRollingPolicy
17:27:13,804 |-INFO in ch.qos.logback.core.joran.action.NestedComplexPropertyIA - Assuming default type [ch.qos.logback.classic.encoder.PatternLayoutEncoder] for [encoder] property
17:27:13,809 |-INFO in ch.qos.logback.core.rolling.RollingFileAppender[FILE] - Active log file name: /tmp/application.log
17:27:13,809 |-INFO in ch.qos.logback.core.rolling.RollingFileAppender[FILE] - File property is set to [/tmp/application.log]
17:27:13,810 |-INFO in ch.qos.logback.classic.joran.action.RootLoggerAction - Setting level of ROOT logger to WARN
17:27:13,810 |-INFO in ch.qos.logback.core.joran.action.AppenderRefAction - Attaching appender named [STDOUT] to Logger[ROOT]
17:27:13,812 |-INFO in ch.qos.logback.core.joran.action.AppenderRefAction - Attaching appender named [FILE] to Logger[ROOT]
17:27:13,812 |-INFO in ch.qos.logback.classic.joran.action.ConfigurationAction - End of configuration.
17:27:13,812 |-INFO in ch.qos.logback.classic.joran.JoranConfigurator@79698539 - Registering current configuration as safe fallback point

Ama winner
Ama winner
2019-06-10T17:27:15.140+0000: 1.787: [Full GC (Metadata GC Threshold) 2019-06-10T17:27:15.140+0000: 1.787: [Tenured: 0K->15143K(341376K), 0.0415452 secs] 114924K->15143K(494976K), [Metaspace: 20731K->20731K(1067008K)], 0.0416137 secs] [Times: user=0.03 sys=0.01, real=0.04 secs] 
17:27:32.287 [Curator-PathChildrenCache-1] WARN  o.a.c.u.ZKPaths  - The version of ZooKeeper being used doesn't support Container nodes. CreateMode.PERSISTENT will be used instead.
2019-06-10T17:27:34.655+0000: 21.302: [GC (Allocation Failure) 2019-06-10T17:27:34.655+0000: 21.302: [DefNew: 136576K->17023K(153600K), 0.0331171 secs] 151719K->52629K(494976K), 0.0331926 secs] [Times: user=0.02 sys=0.01, real=0.03 secs] 
2019-06-10T17:27:35.377+0000: 22.024: [Full GC (Metadata GC Threshold) 2019-06-10T17:27:35.377+0000: 22.024: [Tenured: 35605K->44220K(341376K), 0.0385564 secs] 73947K->44220K(494976K), [Metaspace: 34580K->34580K(1079296K)], 0.0386258 secs] [Times: user=0.03 sys=0.00, real=0.03 secs] 
2019-06-10T17:27:40.936+0000: 27.583: [GC (Allocation Failure) 2019-06-10T17:27:40.936+0000: 27.583: [DefNew: 136576K->79K(153600K), 0.0019425 secs] 180796K->44300K(494976K), 0.0020005 secs] [Times: user=0.00 sys=0.00, real=0.01 secs] 
2019-06-10T17:27:46.447+0000: 33.095: [GC (Allocation Failure) 2019-06-10T17:27:46.448+0000: 33.095: [DefNew: 136655K->73K(153600K), 0.0017934 secs] 180876K->44294K(494976K), 0.0028494 secs] [Times: user=0.01 sys=0.00, real=0.01 secs] 
2019-06-10T17:27:51.940+0000: 38.587: [GC (Allocation Failure) 2019-06-10T17:27:51.940+0000: 38.587: [DefNew: 136649K->76K(153600K), 0.0018489 secs] 180870K->44297K(494976K), 0.0019371 secs] [Times: user=0.01 sys=0.00, real=0.00 secs] 
2019-06-10T17:27:57.480+0000: 44.127: [GC (Allocation Failure) 2019-06-10T17:27:57.480+0000: 44.127: [DefNew: 136652K->75K(153600K), 0.0018271 secs] 180873K->44296K(494976K), 0.0019132 secs] [Times: user=0.00 sys=0.00, real=0.00 secs] 
2019-06-10T17:28:03.068+0000: 49.716: [GC (Allocation Failure) 2019-06-10T17:28:03.068+0000: 49.716: [DefNew: 136651K->74K(153600K), 0.0018784 secs] 180872K->44295K(494976K), 0.0019393 secs] [Times: user=0.00 sys=0.00, real=0.01 secs] 
17:28:13.068 [Curator-PathChildrenCache-0] ERROR o.a.c.f.r.c.PathChildrenCache  - 
java.lang.IllegalStateException: instance must be started before calling this method
	at org.apache.curator.shaded.com.google.common.base.Preconditions.checkState(Preconditions.java:444)
	at org.apache.curator.framework.imps.CuratorFrameworkImpl.getChildren(CuratorFrameworkImpl.java:456)
	at org.apache.curator.framework.recipes.cache.PathChildrenCache.refresh(PathChildrenCache.java:521)
	at org.apache.curator.framework.recipes.cache.RefreshOperation.invoke(RefreshOperation.java:35)
	at org.apache.curator.framework.recipes.cache.PathChildrenCache$9.run(PathChildrenCache.java:786)
	at java.util.concurrent.Executors$RunnableAdapter.call(Executors.java:511)
	at java.util.concurrent.FutureTask.run(FutureTask.java:266)
	at java.util.concurrent.Executors$RunnableAdapter.call(Executors.java:511)
	at java.util.concurrent.FutureTask.run(FutureTask.java:266)
	at java.util.concurrent.ThreadPoolExecutor.runWorker(ThreadPoolExecutor.java:1149)
	at java.util.concurrent.ThreadPoolExecutor$Worker.run(ThreadPoolExecutor.java:624)
	at java.lang.Thread.run(Thread.java:748)
Heap
 def new generation   total 153600K, used 73787K [0x00000000e0c00000, 0x00000000eb2a0000, 0x00000000eb2a0000)
  eden space 136576K,  53% used [0x00000000e0c00000, 0x00000000e53fc508, 0x00000000e9160000)
  from space 17024K,   0% used [0x00000000e9160000, 0x00000000e9172a10, 0x00000000ea200000)
  to   space 17024K,   0% used [0x00000000ea200000, 0x00000000ea200000, 0x00000000eb2a0000)
 tenured generation   total 341376K, used 44220K [0x00000000eb2a0000, 0x0000000100000000, 0x0000000100000000)
   the space 341376K,  12% used [0x00000000eb2a0000, 0x00000000eddcf2c0, 0x00000000eddcf400, 0x0000000100000000)
 Metaspace       used 35848K, capacity 36748K, committed 36864K, reserved 1081344K
  class space    used 4842K, capacity 5050K, committed 5120K, reserved 1048576K
