13:08:49,592 |-INFO in ch.qos.logback.classic.LoggerContext[default] - Could NOT find resource [logback-test.xml]
13:08:49,592 |-INFO in ch.qos.logback.classic.LoggerContext[default] - Could NOT find resource [logback.groovy]
13:08:49,592 |-INFO in ch.qos.logback.classic.LoggerContext[default] - Found resource [logback.xml] at [jar:file:/root/flamestream/lib/flamestream-runtime-1.0-SNAPSHOT.jar!/logback.xml]
13:08:49,593 |-WARN in ch.qos.logback.classic.LoggerContext[default] - Resource [logback.xml] occurs multiple times on the classpath.
13:08:49,593 |-WARN in ch.qos.logback.classic.LoggerContext[default] - Resource [logback.xml] occurs at [jar:file:/root/flamestream/lib/flamestream-runtime-1.0-SNAPSHOT.jar!/logback.xml]
13:08:49,593 |-WARN in ch.qos.logback.classic.LoggerContext[default] - Resource [logback.xml] occurs at [jar:file:/root/flamestream/flamestream-runtime-1.0-SNAPSHOT.jar!/logback.xml]
13:08:49,616 |-INFO in ch.qos.logback.core.joran.spi.ConfigurationWatchList@3fb6a447 - URL [jar:file:/root/flamestream/lib/flamestream-runtime-1.0-SNAPSHOT.jar!/logback.xml] is not of type file
13:08:49,684 |-INFO in ch.qos.logback.classic.joran.action.ConfigurationAction - debug attribute not set
13:08:49,684 |-INFO in ch.qos.logback.core.joran.action.AppenderAction - About to instantiate appender of type [ch.qos.logback.core.ConsoleAppender]
13:08:49,700 |-INFO in ch.qos.logback.core.joran.action.AppenderAction - Naming appender as [STDOUT]
13:08:49,720 |-INFO in ch.qos.logback.core.joran.action.NestedComplexPropertyIA - Assuming default type [ch.qos.logback.classic.encoder.PatternLayoutEncoder] for [encoder] property
13:08:49,805 |-INFO in ch.qos.logback.core.joran.action.AppenderAction - About to instantiate appender of type [ch.qos.logback.core.rolling.RollingFileAppender]
13:08:49,814 |-INFO in ch.qos.logback.core.joran.action.AppenderAction - Naming appender as [FILE]
13:08:49,844 |-INFO in c.q.l.core.rolling.TimeBasedRollingPolicy@127618319 - No compression will be used
13:08:49,845 |-INFO in c.q.l.core.rolling.TimeBasedRollingPolicy@127618319 - Will use the pattern /tmp/application_%d{yyyy-MM-dd}.%i.log for the active file
13:08:49,848 |-INFO in ch.qos.logback.core.rolling.SizeAndTimeBasedFNATP@6b2fad11 - The date pattern is 'yyyy-MM-dd' from file name pattern '/tmp/application_%d{yyyy-MM-dd}.%i.log'.
13:08:49,848 |-INFO in ch.qos.logback.core.rolling.SizeAndTimeBasedFNATP@6b2fad11 - Roll-over at midnight.
13:08:49,853 |-INFO in ch.qos.logback.core.rolling.SizeAndTimeBasedFNATP@6b2fad11 - Setting initial period to Mon Jun 10 13:07:34 UTC 2019
13:08:49,853 |-WARN in ch.qos.logback.core.rolling.SizeAndTimeBasedFNATP@6b2fad11 - SizeAndTimeBasedFNATP is deprecated. Use SizeAndTimeBasedRollingPolicy instead
13:08:49,853 |-WARN in ch.qos.logback.core.rolling.SizeAndTimeBasedFNATP@6b2fad11 - For more information see http://logback.qos.ch/manual/appenders.html#SizeAndTimeBasedRollingPolicy
13:08:49,858 |-INFO in ch.qos.logback.core.joran.action.NestedComplexPropertyIA - Assuming default type [ch.qos.logback.classic.encoder.PatternLayoutEncoder] for [encoder] property
13:08:49,862 |-INFO in ch.qos.logback.core.rolling.RollingFileAppender[FILE] - Active log file name: /tmp/application.log
13:08:49,862 |-INFO in ch.qos.logback.core.rolling.RollingFileAppender[FILE] - File property is set to [/tmp/application.log]
13:08:49,863 |-INFO in ch.qos.logback.classic.joran.action.RootLoggerAction - Setting level of ROOT logger to WARN
13:08:49,863 |-INFO in ch.qos.logback.core.joran.action.AppenderRefAction - Attaching appender named [STDOUT] to Logger[ROOT]
13:08:49,865 |-INFO in ch.qos.logback.core.joran.action.AppenderRefAction - Attaching appender named [FILE] to Logger[ROOT]
13:08:49,865 |-INFO in ch.qos.logback.classic.joran.action.ConfigurationAction - End of configuration.
13:08:49,866 |-INFO in ch.qos.logback.classic.joran.JoranConfigurator@79698539 - Registering current configuration as safe fallback point

Ama winner
Ama winner
2019-06-10T13:08:51.112+0000: 1.703: [Full GC (Metadata GC Threshold) 2019-06-10T13:08:51.112+0000: 1.703: [Tenured: 0K->15143K(341376K), 0.0354398 secs] 114987K->15143K(494976K), [Metaspace: 20731K->20731K(1067008K)], 0.0355051 secs] [Times: user=0.03 sys=0.00, real=0.04 secs] 
13:09:08.284 [Curator-PathChildrenCache-2] WARN  o.a.c.u.ZKPaths  - The version of ZooKeeper being used doesn't support Container nodes. CreateMode.PERSISTENT will be used instead.
2019-06-10T13:09:10.654+0000: 21.245: [GC (Allocation Failure) 2019-06-10T13:09:10.654+0000: 21.245: [DefNew: 136576K->16996K(153600K), 0.0275557 secs] 151719K->51670K(494976K), 0.0276281 secs] [Times: user=0.02 sys=0.01, real=0.02 secs] 
2019-06-10T13:09:11.589+0000: 22.179: [Full GC (Metadata GC Threshold) 2019-06-10T13:09:11.589+0000: 22.179: [Tenured: 34674K->43516K(341376K), 0.0359585 secs] 76150K->43516K(494976K), [Metaspace: 34629K->34629K(1079296K)], 0.0360352 secs] [Times: user=0.03 sys=0.00, real=0.03 secs] 
2019-06-10T13:09:17.990+0000: 28.581: [GC (Allocation Failure) 2019-06-10T13:09:17.990+0000: 28.581: [DefNew: 136576K->240K(153600K), 0.0023245 secs] 180092K->43757K(494976K), 0.0023917 secs] [Times: user=0.00 sys=0.00, real=0.00 secs] 
2019-06-10T13:09:24.245+0000: 34.835: [GC (Allocation Failure) 2019-06-10T13:09:24.245+0000: 34.835: [DefNew: 136816K->228K(153600K), 0.0019897 secs] 180333K->43744K(494976K), 0.0020528 secs] [Times: user=0.00 sys=0.00, real=0.01 secs] 
2019-06-10T13:09:30.562+0000: 41.153: [GC (Allocation Failure) 2019-06-10T13:09:30.562+0000: 41.153: [DefNew: 136804K->229K(153600K), 0.0020732 secs] 180320K->43745K(494976K), 0.0021364 secs] [Times: user=0.00 sys=0.00, real=0.00 secs] 
2019-06-10T13:09:36.833+0000: 47.423: [GC (Allocation Failure) 2019-06-10T13:09:36.833+0000: 47.424: [DefNew: 136805K->229K(153600K), 0.0021401 secs] 180321K->43745K(494976K), 0.0022008 secs] [Times: user=0.00 sys=0.00, real=0.01 secs] 
2019-06-10T13:09:43.167+0000: 53.757: [GC (Allocation Failure) 2019-06-10T13:09:43.167+0000: 53.757: [DefNew: 136805K->234K(153600K), 0.0022370 secs] 180321K->43750K(494976K), 0.0023073 secs] [Times: user=0.00 sys=0.00, real=0.00 secs] 
2019-06-10T13:09:49.484+0000: 60.075: [GC (Allocation Failure) 2019-06-10T13:09:49.484+0000: 60.075: [DefNew: 136810K->230K(153600K), 0.0021961 secs] 180326K->43746K(494976K), 0.0022582 secs] [Times: user=0.00 sys=0.00, real=0.01 secs] 
2019-06-10T13:09:56.310+0000: 66.901: [GC (Allocation Failure) 2019-06-10T13:09:56.310+0000: 66.901: [DefNew: 136806K->595K(153600K), 0.0026389 secs] 180322K->44111K(494976K), 0.0027001 secs] [Times: user=0.00 sys=0.00, real=0.00 secs] 
2019-06-10T13:10:03.530+0000: 74.121: [GC (Allocation Failure) 2019-06-10T13:10:03.530+0000: 74.121: [DefNew: 137171K->353K(153600K), 0.0025178 secs] 180687K->43869K(494976K), 0.0025913 secs] [Times: user=0.01 sys=0.00, real=0.00 secs] 
2019-06-10T13:10:10.694+0000: 81.284: [GC (Allocation Failure) 2019-06-10T13:10:10.694+0000: 81.284: [DefNew: 136929K->368K(153600K), 0.0025093 secs] 180445K->43884K(494976K), 0.0025694 secs] [Times: user=0.00 sys=0.00, real=0.00 secs] 
2019-06-10T13:10:26.391+0000: 96.981: [GC (Allocation Failure) 2019-06-10T13:10:26.391+0000: 96.982: [DefNew: 136944K->369K(153600K), 0.0026980 secs] 180460K->43885K(494976K), 0.0027472 secs] [Times: user=0.00 sys=0.00, real=0.01 secs] 
13:10:26.457 [Curator-PathChildrenCache-0] ERROR o.a.c.f.r.c.PathChildrenCache  - 
java.lang.IllegalStateException: instance must be started before calling this method
	at org.apache.curator.shaded.com.google.common.base.Preconditions.checkState(Preconditions.java:444)
	at org.apache.curator.framework.imps.CuratorFrameworkImpl.getChildren(CuratorFrameworkImpl.java:456)
	at org.apache.curator.framework.recipes.cache.PathChildrenCache.refresh(PathChildrenCache.java:521)
	at org.apache.curator.framework.recipes.cache.RefreshOperation.invoke(RefreshOperation.java:35)
	at org.apache.curator.framework.recipes.cache.PathChildrenCache$9.run(PathChildrenCache.java:786)
	at java.util.concurrent.Executors$RunnableAdapter.call(Executors.java:511)
	at java.util.concurrent.FutureTask.run(FutureTask.java:266)
	at java.util.concurrent.Executors$RunnableAdapter.call(Executors.java:511)
	at java.util.concurrent.FutureTask.run(FutureTask.java:266)
	at java.util.concurrent.ThreadPoolExecutor.runWorker(ThreadPoolExecutor.java:1149)
	at java.util.concurrent.ThreadPoolExecutor$Worker.run(ThreadPoolExecutor.java:624)
	at java.lang.Thread.run(Thread.java:748)
Heap
 def new generation   total 153600K, used 17385K [0x00000000e0c00000, 0x00000000eb2a0000, 0x00000000eb2a0000)
  eden space 136576K,  12% used [0x00000000e0c00000, 0x00000000e1c9ded0, 0x00000000e9160000)
  from space 17024K,   2% used [0x00000000ea200000, 0x00000000ea25c5d0, 0x00000000eb2a0000)
  to   space 17024K,   0% used [0x00000000e9160000, 0x00000000e9160000, 0x00000000ea200000)
 tenured generation   total 341376K, used 43516K [0x00000000eb2a0000, 0x0000000100000000, 0x0000000100000000)
   the space 341376K,  12% used [0x00000000eb2a0000, 0x00000000edd1f048, 0x00000000edd1f200, 0x0000000100000000)
 Metaspace       used 36441K, capacity 37446K, committed 37760K, reserved 1081344K
  class space    used 4902K, capacity 5123K, committed 5248K, reserved 1048576K
