08:27:15,317 |-INFO in ch.qos.logback.classic.LoggerContext[default] - Could NOT find resource [logback-test.xml]
08:27:15,317 |-INFO in ch.qos.logback.classic.LoggerContext[default] - Could NOT find resource [logback.groovy]
08:27:15,317 |-INFO in ch.qos.logback.classic.LoggerContext[default] - Found resource [logback.xml] at [jar:file:/root/flamestream/lib/flamestream-runtime-1.0-SNAPSHOT.jar!/logback.xml]
08:27:15,320 |-WARN in ch.qos.logback.classic.LoggerContext[default] - Resource [logback.xml] occurs multiple times on the classpath.
08:27:15,320 |-WARN in ch.qos.logback.classic.LoggerContext[default] - Resource [logback.xml] occurs at [jar:file:/root/flamestream/lib/flamestream-runtime-1.0-SNAPSHOT.jar!/logback.xml]
08:27:15,320 |-WARN in ch.qos.logback.classic.LoggerContext[default] - Resource [logback.xml] occurs at [jar:file:/root/flamestream/flamestream-runtime-1.0-SNAPSHOT.jar!/logback.xml]
08:27:15,340 |-INFO in ch.qos.logback.core.joran.spi.ConfigurationWatchList@3fb6a447 - URL [jar:file:/root/flamestream/lib/flamestream-runtime-1.0-SNAPSHOT.jar!/logback.xml] is not of type file
08:27:15,408 |-INFO in ch.qos.logback.classic.joran.action.ConfigurationAction - debug attribute not set
08:27:15,408 |-INFO in ch.qos.logback.core.joran.action.AppenderAction - About to instantiate appender of type [ch.qos.logback.core.ConsoleAppender]
08:27:15,424 |-INFO in ch.qos.logback.core.joran.action.AppenderAction - Naming appender as [STDOUT]
08:27:15,442 |-INFO in ch.qos.logback.core.joran.action.NestedComplexPropertyIA - Assuming default type [ch.qos.logback.classic.encoder.PatternLayoutEncoder] for [encoder] property
08:27:15,530 |-INFO in ch.qos.logback.core.joran.action.AppenderAction - About to instantiate appender of type [ch.qos.logback.core.rolling.RollingFileAppender]
08:27:15,535 |-INFO in ch.qos.logback.core.joran.action.AppenderAction - Naming appender as [FILE]
08:27:15,564 |-INFO in c.q.l.core.rolling.TimeBasedRollingPolicy@127618319 - No compression will be used
08:27:15,566 |-INFO in c.q.l.core.rolling.TimeBasedRollingPolicy@127618319 - Will use the pattern /tmp/application_%d{yyyy-MM-dd}.%i.log for the active file
08:27:15,569 |-INFO in ch.qos.logback.core.rolling.SizeAndTimeBasedFNATP@6b2fad11 - The date pattern is 'yyyy-MM-dd' from file name pattern '/tmp/application_%d{yyyy-MM-dd}.%i.log'.
08:27:15,569 |-INFO in ch.qos.logback.core.rolling.SizeAndTimeBasedFNATP@6b2fad11 - Roll-over at midnight.
08:27:15,574 |-INFO in ch.qos.logback.core.rolling.SizeAndTimeBasedFNATP@6b2fad11 - Setting initial period to Tue Jun 11 08:26:00 UTC 2019
08:27:15,574 |-WARN in ch.qos.logback.core.rolling.SizeAndTimeBasedFNATP@6b2fad11 - SizeAndTimeBasedFNATP is deprecated. Use SizeAndTimeBasedRollingPolicy instead
08:27:15,574 |-WARN in ch.qos.logback.core.rolling.SizeAndTimeBasedFNATP@6b2fad11 - For more information see http://logback.qos.ch/manual/appenders.html#SizeAndTimeBasedRollingPolicy
08:27:15,578 |-INFO in ch.qos.logback.core.joran.action.NestedComplexPropertyIA - Assuming default type [ch.qos.logback.classic.encoder.PatternLayoutEncoder] for [encoder] property
08:27:15,583 |-INFO in ch.qos.logback.core.rolling.RollingFileAppender[FILE] - Active log file name: /tmp/application.log
08:27:15,583 |-INFO in ch.qos.logback.core.rolling.RollingFileAppender[FILE] - File property is set to [/tmp/application.log]
08:27:15,583 |-INFO in ch.qos.logback.classic.joran.action.RootLoggerAction - Setting level of ROOT logger to WARN
08:27:15,583 |-INFO in ch.qos.logback.core.joran.action.AppenderRefAction - Attaching appender named [STDOUT] to Logger[ROOT]
08:27:15,585 |-INFO in ch.qos.logback.core.joran.action.AppenderRefAction - Attaching appender named [FILE] to Logger[ROOT]
08:27:15,585 |-INFO in ch.qos.logback.classic.joran.action.ConfigurationAction - End of configuration.
08:27:15,586 |-INFO in ch.qos.logback.classic.joran.JoranConfigurator@79698539 - Registering current configuration as safe fallback point

Ama winner
Ama winner
2019-06-11T08:27:16.883+0000: 1.748: [Full GC (Metadata GC Threshold) 2019-06-11T08:27:16.883+0000: 1.748: [Tenured: 0K->15176K(341376K), 0.0385290 secs] 114923K->15176K(494976K), [Metaspace: 20739K->20739K(1067008K)], 0.0385924 secs] [Times: user=0.04 sys=0.00, real=0.04 secs] 
08:27:33.550 [Curator-PathChildrenCache-2] WARN  o.a.c.u.ZKPaths  - The version of ZooKeeper being used doesn't support Container nodes. CreateMode.PERSISTENT will be used instead.
2019-06-11T08:27:35.824+0000: 20.689: [GC (Allocation Failure) 2019-06-11T08:27:35.824+0000: 20.689: [DefNew: 136576K->17024K(153600K), 0.0253334 secs] 151752K->52602K(494976K), 0.0254082 secs] [Times: user=0.02 sys=0.01, real=0.03 secs] 
2019-06-11T08:27:36.388+0000: 21.252: [Full GC (Metadata GC Threshold) 2019-06-11T08:27:36.388+0000: 21.252: [Tenured: 35578K->43878K(341376K), 0.0350007 secs] 71712K->43878K(494976K), [Metaspace: 34575K->34575K(1079296K)], 0.0350714 secs] [Times: user=0.03 sys=0.01, real=0.03 secs] 
2019-06-11T08:27:40.330+0000: 25.195: [GC (Allocation Failure) 2019-06-11T08:27:40.330+0000: 25.195: [DefNew: 136576K->89K(153600K), 0.0017348 secs] 180454K->43967K(494976K), 0.0017920 secs] [Times: user=0.00 sys=0.00, real=0.00 secs] 
2019-06-11T08:27:44.375+0000: 29.240: [GC (Allocation Failure) 2019-06-11T08:27:44.375+0000: 29.240: [DefNew: 136665K->89K(153600K), 0.0017216 secs] 180543K->43968K(494976K), 0.0017813 secs] [Times: user=0.00 sys=0.00, real=0.00 secs] 
2019-06-11T08:27:48.418+0000: 33.283: [GC (Allocation Failure) 2019-06-11T08:27:48.418+0000: 33.283: [DefNew: 136665K->98K(153600K), 0.0016981 secs] 180544K->43977K(494976K), 0.0017581 secs] [Times: user=0.00 sys=0.00, real=0.00 secs] 
2019-06-11T08:27:52.491+0000: 37.356: [GC (Allocation Failure) 2019-06-11T08:27:52.491+0000: 37.356: [DefNew: 136674K->87K(153600K), 0.0016675 secs] 180553K->43966K(494976K), 0.0017252 secs] [Times: user=0.01 sys=0.00, real=0.00 secs] 
2019-06-11T08:27:56.525+0000: 41.389: [GC (Allocation Failure) 2019-06-11T08:27:56.525+0000: 41.389: [DefNew: 136663K->101K(153600K), 0.0016556 secs] 180542K->43980K(494976K), 0.0017152 secs] [Times: user=0.01 sys=0.00, real=0.01 secs] 
2019-06-11T08:28:00.608+0000: 45.472: [GC (Allocation Failure) 2019-06-11T08:28:00.608+0000: 45.472: [DefNew: 136677K->96K(153600K), 0.0017479 secs] 180556K->43975K(494976K), 0.0018061 secs] [Times: user=0.00 sys=0.00, real=0.00 secs] 
2019-06-11T08:28:04.704+0000: 49.569: [GC (Allocation Failure) 2019-06-11T08:28:04.704+0000: 49.569: [DefNew: 136672K->91K(153600K), 0.0017955 secs] 180551K->43970K(494976K), 0.0018556 secs] [Times: user=0.01 sys=0.00, real=0.01 secs] 
2019-06-11T08:28:08.782+0000: 53.647: [GC (Allocation Failure) 2019-06-11T08:28:08.782+0000: 53.647: [DefNew: 136667K->98K(153600K), 0.0017524 secs] 180546K->43977K(494976K), 0.0018097 secs] [Times: user=0.00 sys=0.00, real=0.00 secs] 
2019-06-11T08:28:15.690+0000: 60.555: [GC (Allocation Failure) 2019-06-11T08:28:15.690+0000: 60.555: [DefNew: 136674K->89K(153600K), 0.0017535 secs] 180553K->43968K(494976K), 0.0018094 secs] [Times: user=0.00 sys=0.00, real=0.00 secs] 
08:28:18.034 [Curator-PathChildrenCache-0] ERROR o.a.c.f.r.c.PathChildrenCache  - 
java.lang.IllegalStateException: instance must be started before calling this method
	at org.apache.curator.shaded.com.google.common.base.Preconditions.checkState(Preconditions.java:444)
	at org.apache.curator.framework.imps.CuratorFrameworkImpl.getChildren(CuratorFrameworkImpl.java:456)
	at org.apache.curator.framework.recipes.cache.PathChildrenCache.refresh(PathChildrenCache.java:521)
	at org.apache.curator.framework.recipes.cache.RefreshOperation.invoke(RefreshOperation.java:35)
	at org.apache.curator.framework.recipes.cache.PathChildrenCache$9.run(PathChildrenCache.java:786)
	at java.util.concurrent.Executors$RunnableAdapter.call(Executors.java:511)
	at java.util.concurrent.FutureTask.run(FutureTask.java:266)
	at java.util.concurrent.Executors$RunnableAdapter.call(Executors.java:511)
	at java.util.concurrent.FutureTask.run(FutureTask.java:266)
	at java.util.concurrent.ThreadPoolExecutor.runWorker(ThreadPoolExecutor.java:1149)
	at java.util.concurrent.ThreadPoolExecutor$Worker.run(ThreadPoolExecutor.java:624)
	at java.lang.Thread.run(Thread.java:748)
Heap
 def new generation   total 153600K, used 35014K [0x00000000e0c00000, 0x00000000eb2a0000, 0x00000000eb2a0000)
  eden space 136576K,  25% used [0x00000000e0c00000, 0x00000000e2e1b3f0, 0x00000000e9160000)
  from space 17024K,   0% used [0x00000000e9160000, 0x00000000e9176660, 0x00000000ea200000)
  to   space 17024K,   0% used [0x00000000ea200000, 0x00000000ea200000, 0x00000000eb2a0000)
 tenured generation   total 341376K, used 43878K [0x00000000eb2a0000, 0x0000000100000000, 0x0000000100000000)
   the space 341376K,  12% used [0x00000000eb2a0000, 0x00000000edd79b00, 0x00000000edd79c00, 0x0000000100000000)
 Metaspace       used 36096K, capacity 37116K, committed 37504K, reserved 1081344K
  class space    used 4898K, capacity 5122K, committed 5248K, reserved 1048576K
