15:58:12,738 |-INFO in ch.qos.logback.classic.LoggerContext[default] - Could NOT find resource [logback-test.xml]
15:58:12,738 |-INFO in ch.qos.logback.classic.LoggerContext[default] - Could NOT find resource [logback.groovy]
15:58:12,738 |-INFO in ch.qos.logback.classic.LoggerContext[default] - Found resource [logback.xml] at [jar:file:/root/flamestream/lib/flamestream-runtime-1.0-SNAPSHOT.jar!/logback.xml]
15:58:12,741 |-WARN in ch.qos.logback.classic.LoggerContext[default] - Resource [logback.xml] occurs multiple times on the classpath.
15:58:12,742 |-WARN in ch.qos.logback.classic.LoggerContext[default] - Resource [logback.xml] occurs at [jar:file:/root/flamestream/lib/flamestream-runtime-1.0-SNAPSHOT.jar!/logback.xml]
15:58:12,742 |-WARN in ch.qos.logback.classic.LoggerContext[default] - Resource [logback.xml] occurs at [jar:file:/root/flamestream/flamestream-runtime-1.0-SNAPSHOT.jar!/logback.xml]
15:58:12,761 |-INFO in ch.qos.logback.core.joran.spi.ConfigurationWatchList@3fb6a447 - URL [jar:file:/root/flamestream/lib/flamestream-runtime-1.0-SNAPSHOT.jar!/logback.xml] is not of type file
15:58:12,832 |-INFO in ch.qos.logback.classic.joran.action.ConfigurationAction - debug attribute not set
15:58:12,832 |-INFO in ch.qos.logback.core.joran.action.AppenderAction - About to instantiate appender of type [ch.qos.logback.core.ConsoleAppender]
15:58:12,848 |-INFO in ch.qos.logback.core.joran.action.AppenderAction - Naming appender as [STDOUT]
15:58:12,868 |-INFO in ch.qos.logback.core.joran.action.NestedComplexPropertyIA - Assuming default type [ch.qos.logback.classic.encoder.PatternLayoutEncoder] for [encoder] property
15:58:12,946 |-INFO in ch.qos.logback.core.joran.action.AppenderAction - About to instantiate appender of type [ch.qos.logback.core.rolling.RollingFileAppender]
15:58:12,953 |-INFO in ch.qos.logback.core.joran.action.AppenderAction - Naming appender as [FILE]
15:58:12,982 |-INFO in c.q.l.core.rolling.TimeBasedRollingPolicy@127618319 - No compression will be used
15:58:12,983 |-INFO in c.q.l.core.rolling.TimeBasedRollingPolicy@127618319 - Will use the pattern /tmp/application_%d{yyyy-MM-dd}.%i.log for the active file
15:58:12,986 |-INFO in ch.qos.logback.core.rolling.SizeAndTimeBasedFNATP@6b2fad11 - The date pattern is 'yyyy-MM-dd' from file name pattern '/tmp/application_%d{yyyy-MM-dd}.%i.log'.
15:58:12,986 |-INFO in ch.qos.logback.core.rolling.SizeAndTimeBasedFNATP@6b2fad11 - Roll-over at midnight.
15:58:12,991 |-INFO in ch.qos.logback.core.rolling.SizeAndTimeBasedFNATP@6b2fad11 - Setting initial period to Mon Jun 10 15:56:52 UTC 2019
15:58:12,991 |-WARN in ch.qos.logback.core.rolling.SizeAndTimeBasedFNATP@6b2fad11 - SizeAndTimeBasedFNATP is deprecated. Use SizeAndTimeBasedRollingPolicy instead
15:58:12,991 |-WARN in ch.qos.logback.core.rolling.SizeAndTimeBasedFNATP@6b2fad11 - For more information see http://logback.qos.ch/manual/appenders.html#SizeAndTimeBasedRollingPolicy
15:58:12,995 |-INFO in ch.qos.logback.core.joran.action.NestedComplexPropertyIA - Assuming default type [ch.qos.logback.classic.encoder.PatternLayoutEncoder] for [encoder] property
15:58:13,000 |-INFO in ch.qos.logback.core.rolling.RollingFileAppender[FILE] - Active log file name: /tmp/application.log
15:58:13,000 |-INFO in ch.qos.logback.core.rolling.RollingFileAppender[FILE] - File property is set to [/tmp/application.log]
15:58:13,001 |-INFO in ch.qos.logback.classic.joran.action.RootLoggerAction - Setting level of ROOT logger to WARN
15:58:13,001 |-INFO in ch.qos.logback.core.joran.action.AppenderRefAction - Attaching appender named [STDOUT] to Logger[ROOT]
15:58:13,003 |-INFO in ch.qos.logback.core.joran.action.AppenderRefAction - Attaching appender named [FILE] to Logger[ROOT]
15:58:13,003 |-INFO in ch.qos.logback.classic.joran.action.ConfigurationAction - End of configuration.
15:58:13,003 |-INFO in ch.qos.logback.classic.joran.JoranConfigurator@79698539 - Registering current configuration as safe fallback point

Ama winner
Ama winner
2019-06-10T15:58:14.299+0000: 1.740: [Full GC (Metadata GC Threshold) 2019-06-10T15:58:14.299+0000: 1.740: [Tenured: 0K->15209K(341376K), 0.0397444 secs] 114923K->15209K(494976K), [Metaspace: 20740K->20740K(1067008K)], 0.0398130 secs] [Times: user=0.04 sys=0.00, real=0.04 secs] 
15:58:31.194 [Curator-PathChildrenCache-1] WARN  o.a.c.u.ZKPaths  - The version of ZooKeeper being used doesn't support Container nodes. CreateMode.PERSISTENT will be used instead.
2019-06-10T15:58:33.475+0000: 20.916: [GC (Allocation Failure) 2019-06-10T15:58:33.475+0000: 20.916: [DefNew: 136576K->17023K(153600K), 0.0258405 secs] 151785K->52748K(494976K), 0.0259121 secs] [Times: user=0.02 sys=0.01, real=0.02 secs] 
2019-06-10T15:58:35.853+0000: 23.294: [Full GC (Metadata GC Threshold) 2019-06-10T15:58:35.853+0000: 23.294: [Tenured: 35724K->44466K(341376K), 0.0432190 secs] 95339K->44466K(494976K), [Metaspace: 34614K->34614K(1079296K)], 0.0432932 secs] [Times: user=0.04 sys=0.00, real=0.05 secs] 
2019-06-10T15:58:42.601+0000: 30.042: [GC (Allocation Failure) 2019-06-10T15:58:42.601+0000: 30.042: [DefNew: 136576K->62K(153600K), 0.0018306 secs] 181042K->44528K(494976K), 0.0019046 secs] [Times: user=0.01 sys=0.00, real=0.00 secs] 
2019-06-10T15:58:49.210+0000: 36.651: [GC (Allocation Failure) 2019-06-10T15:58:49.210+0000: 36.651: [DefNew: 136638K->59K(153600K), 0.0016379 secs] 181104K->44525K(494976K), 0.0017009 secs] [Times: user=0.00 sys=0.00, real=0.00 secs] 
2019-06-10T15:58:55.910+0000: 43.351: [GC (Allocation Failure) 2019-06-10T15:58:55.910+0000: 43.351: [DefNew: 136635K->62K(153600K), 0.0017123 secs] 181101K->44528K(494976K), 0.0017740 secs] [Times: user=0.00 sys=0.00, real=0.00 secs] 
2019-06-10T15:59:02.657+0000: 50.098: [GC (Allocation Failure) 2019-06-10T15:59:02.657+0000: 50.098: [DefNew: 136638K->64K(153600K), 0.0017988 secs] 181104K->44530K(494976K), 0.0018605 secs] [Times: user=0.01 sys=0.00, real=0.00 secs] 
2019-06-10T15:59:09.434+0000: 56.875: [GC (Allocation Failure) 2019-06-10T15:59:09.434+0000: 56.875: [DefNew: 136640K->63K(153600K), 0.0017617 secs] 181106K->44529K(494976K), 0.0018390 secs] [Times: user=0.01 sys=0.00, real=0.01 secs] 
15:59:17.108 [Curator-PathChildrenCache-0] ERROR o.a.c.f.r.c.PathChildrenCache  - 
java.lang.IllegalStateException: instance must be started before calling this method
	at org.apache.curator.shaded.com.google.common.base.Preconditions.checkState(Preconditions.java:444)
	at org.apache.curator.framework.imps.CuratorFrameworkImpl.getChildren(CuratorFrameworkImpl.java:456)
	at org.apache.curator.framework.recipes.cache.PathChildrenCache.refresh(PathChildrenCache.java:521)
	at org.apache.curator.framework.recipes.cache.RefreshOperation.invoke(RefreshOperation.java:35)
	at org.apache.curator.framework.recipes.cache.PathChildrenCache$9.run(PathChildrenCache.java:786)
	at java.util.concurrent.Executors$RunnableAdapter.call(Executors.java:511)
	at java.util.concurrent.FutureTask.run(FutureTask.java:266)
	at java.util.concurrent.Executors$RunnableAdapter.call(Executors.java:511)
	at java.util.concurrent.FutureTask.run(FutureTask.java:266)
	at java.util.concurrent.ThreadPoolExecutor.runWorker(ThreadPoolExecutor.java:1149)
	at java.util.concurrent.ThreadPoolExecutor$Worker.run(ThreadPoolExecutor.java:624)
	at java.lang.Thread.run(Thread.java:748)
Heap
 def new generation   total 153600K, used 82527K [0x00000000e0c00000, 0x00000000eb2a0000, 0x00000000eb2a0000)
  eden space 136576K,  60% used [0x00000000e0c00000, 0x00000000e5c87f38, 0x00000000e9160000)
  from space 17024K,   0% used [0x00000000e9160000, 0x00000000e916fce8, 0x00000000ea200000)
  to   space 17024K,   0% used [0x00000000ea200000, 0x00000000ea200000, 0x00000000eb2a0000)
 tenured generation   total 341376K, used 44466K [0x00000000eb2a0000, 0x0000000100000000, 0x0000000100000000)
   the space 341376K,  13% used [0x00000000eb2a0000, 0x00000000ede0c848, 0x00000000ede0ca00, 0x0000000100000000)
 Metaspace       used 36166K, capacity 37056K, committed 37376K, reserved 1081344K
  class space    used 4857K, capacity 5074K, committed 5120K, reserved 1048576K
