16:09:10,264 |-INFO in ch.qos.logback.classic.LoggerContext[default] - Could NOT find resource [logback-test.xml]
16:09:10,264 |-INFO in ch.qos.logback.classic.LoggerContext[default] - Could NOT find resource [logback.groovy]
16:09:10,264 |-INFO in ch.qos.logback.classic.LoggerContext[default] - Found resource [logback.xml] at [jar:file:/home/nikitasokolov/flamestream/lib/flamestream-runtime-1.0-SNAPSHOT.jar!/logback.xml]
16:09:10,265 |-WARN in ch.qos.logback.classic.LoggerContext[default] - Resource [logback.xml] occurs multiple times on the classpath.
16:09:10,265 |-WARN in ch.qos.logback.classic.LoggerContext[default] - Resource [logback.xml] occurs at [jar:file:/home/nikitasokolov/flamestream/lib/flamestream-runtime-1.0-SNAPSHOT.jar!/logback.xml]
16:09:10,265 |-WARN in ch.qos.logback.classic.LoggerContext[default] - Resource [logback.xml] occurs at [jar:file:/home/nikitasokolov/flamestream/flamestream-runtime-1.0-SNAPSHOT.jar!/logback.xml]
16:09:10,281 |-INFO in ch.qos.logback.core.joran.spi.ConfigurationWatchList@6108b2d7 - URL [jar:file:/home/nikitasokolov/flamestream/lib/flamestream-runtime-1.0-SNAPSHOT.jar!/logback.xml] is not of type file
16:09:10,334 |-INFO in ch.qos.logback.classic.joran.action.ConfigurationAction - debug attribute not set
16:09:10,335 |-INFO in ch.qos.logback.core.joran.action.AppenderAction - About to instantiate appender of type [ch.qos.logback.core.ConsoleAppender]
16:09:10,345 |-INFO in ch.qos.logback.core.joran.action.AppenderAction - Naming appender as [STDOUT]
16:09:10,352 |-INFO in ch.qos.logback.core.joran.action.NestedComplexPropertyIA - Assuming default type [ch.qos.logback.classic.encoder.PatternLayoutEncoder] for [encoder] property
16:09:10,403 |-INFO in ch.qos.logback.core.joran.action.AppenderAction - About to instantiate appender of type [ch.qos.logback.core.rolling.RollingFileAppender]
16:09:10,408 |-INFO in ch.qos.logback.core.joran.action.AppenderAction - Naming appender as [FILE]
16:09:10,429 |-INFO in c.q.l.core.rolling.TimeBasedRollingPolicy@357863579 - No compression will be used
16:09:10,430 |-INFO in c.q.l.core.rolling.TimeBasedRollingPolicy@357863579 - Will use the pattern /tmp/application_%d{yyyy-MM-dd}.%i.log for the active file
16:09:10,432 |-INFO in ch.qos.logback.core.rolling.SizeAndTimeBasedFNATP@6bf256fa - The date pattern is 'yyyy-MM-dd' from file name pattern '/tmp/application_%d{yyyy-MM-dd}.%i.log'.
16:09:10,432 |-INFO in ch.qos.logback.core.rolling.SizeAndTimeBasedFNATP@6bf256fa - Roll-over at midnight.
16:09:10,436 |-INFO in ch.qos.logback.core.rolling.SizeAndTimeBasedFNATP@6bf256fa - Setting initial period to Sun Jun 09 16:08:22 MSK 2019
16:09:10,437 |-WARN in ch.qos.logback.core.rolling.SizeAndTimeBasedFNATP@6bf256fa - SizeAndTimeBasedFNATP is deprecated. Use SizeAndTimeBasedRollingPolicy instead
16:09:10,437 |-WARN in ch.qos.logback.core.rolling.SizeAndTimeBasedFNATP@6bf256fa - For more information see http://logback.qos.ch/manual/appenders.html#SizeAndTimeBasedRollingPolicy
16:09:10,441 |-INFO in ch.qos.logback.core.joran.action.NestedComplexPropertyIA - Assuming default type [ch.qos.logback.classic.encoder.PatternLayoutEncoder] for [encoder] property
16:09:10,443 |-INFO in ch.qos.logback.core.rolling.RollingFileAppender[FILE] - Active log file name: /tmp/application.log
16:09:10,443 |-INFO in ch.qos.logback.core.rolling.RollingFileAppender[FILE] - File property is set to [/tmp/application.log]
16:09:10,444 |-INFO in ch.qos.logback.classic.joran.action.RootLoggerAction - Setting level of ROOT logger to WARN
16:09:10,444 |-INFO in ch.qos.logback.core.joran.action.AppenderRefAction - Attaching appender named [STDOUT] to Logger[ROOT]
16:09:10,445 |-INFO in ch.qos.logback.core.joran.action.AppenderRefAction - Attaching appender named [FILE] to Logger[ROOT]
16:09:10,445 |-INFO in ch.qos.logback.classic.joran.action.ConfigurationAction - End of configuration.
16:09:10,445 |-INFO in ch.qos.logback.classic.joran.JoranConfigurator@6cd8737 - Registering current configuration as safe fallback point

2019-06-09T16:09:11.452+0300: 1.386: [GC (Metadata GC Threshold) [PSYoungGen: 110722K->15915K(149504K)] 110722K->15995K(491008K), 0.0228593 secs] [Times: user=0.07 sys=0.05, real=0.02 secs] 
2019-06-09T16:09:11.475+0300: 1.409: [Full GC (Metadata GC Threshold) [PSYoungGen: 15915K->0K(149504K)] [ParOldGen: 80K->15078K(341504K)] 15995K->15078K(491008K), [Metaspace: 20801K->20801K(1067008K)], 0.0253324 secs] [Times: user=0.19 sys=0.00, real=0.03 secs] 
16:09:24.392 [Curator-PathChildrenCache-2] WARN  o.a.c.u.ZKPaths  - The version of ZooKeeper being used doesn't support Container nodes. CreateMode.PERSISTENT will be used instead.
2019-06-09T16:09:25.420+0300: 15.355: [GC (Metadata GC Threshold) [PSYoungGen: 127439K->15896K(149504K)] 142518K->50514K(491008K), 0.0267338 secs] [Times: user=0.25 sys=0.02, real=0.02 secs] 
2019-06-09T16:09:25.447+0300: 15.382: [Full GC (Metadata GC Threshold) [PSYoungGen: 15896K->0K(149504K)] [ParOldGen: 34617K->39018K(341504K)] 50514K->39018K(491008K), [Metaspace: 34551K->34551K(1079296K)], 0.0355678 secs] [Times: user=0.18 sys=0.01, real=0.04 secs] 
2019-06-09T16:09:33.156+0300: 23.090: [GC (Allocation Failure) [PSYoungGen: 128512K->352K(149504K)] 167530K->39378K(491008K), 0.0032210 secs] [Times: user=0.01 sys=0.00, real=0.01 secs] 
2019-06-09T16:09:41.494+0300: 31.428: [GC (Allocation Failure) [PSYoungGen: 128864K->416K(149504K)] 167890K->39450K(491008K), 0.0046357 secs] [Times: user=0.03 sys=0.00, real=0.01 secs] 
2019-06-09T16:09:49.944+0300: 39.879: [GC (Allocation Failure) [PSYoungGen: 128928K->256K(129024K)] 167962K->39298K(470528K), 0.0037718 secs] [Times: user=0.03 sys=0.00, real=0.00 secs] 
2019-06-09T16:09:58.456+0300: 48.390: [GC (Allocation Failure) [PSYoungGen: 128768K->384K(150016K)] 167810K->39434K(491520K), 0.0050150 secs] [Times: user=0.03 sys=0.00, real=0.01 secs] 
2019-06-09T16:10:06.965+0300: 56.899: [GC (Allocation Failure) [PSYoungGen: 128896K->352K(148992K)] 167946K->39410K(490496K), 0.0025507 secs] [Times: user=0.01 sys=0.00, real=0.00 secs] 
2019-06-09T16:10:16.215+0300: 66.149: [GC (Allocation Failure) [PSYoungGen: 128864K->791K(151552K)] 167922K->39849K(493056K), 0.0951273 secs] [Times: user=0.02 sys=0.00, real=0.10 secs] 
16:10:28.364 [Curator-PathChildrenCache-0] ERROR o.a.c.f.r.c.PathChildrenCache  - 
java.lang.IllegalStateException: instance must be started before calling this method
	at org.apache.curator.shaded.com.google.common.base.Preconditions.checkState(Preconditions.java:444)
	at org.apache.curator.framework.imps.CuratorFrameworkImpl.getChildren(CuratorFrameworkImpl.java:456)
	at org.apache.curator.framework.recipes.cache.PathChildrenCache.refresh(PathChildrenCache.java:521)
	at org.apache.curator.framework.recipes.cache.RefreshOperation.invoke(RefreshOperation.java:35)
	at org.apache.curator.framework.recipes.cache.PathChildrenCache$9.run(PathChildrenCache.java:786)
	at java.util.concurrent.Executors$RunnableAdapter.call(Executors.java:511)
	at java.util.concurrent.FutureTask.run(FutureTask.java:266)
	at java.util.concurrent.Executors$RunnableAdapter.call(Executors.java:511)
	at java.util.concurrent.FutureTask.run(FutureTask.java:266)
	at java.util.concurrent.ThreadPoolExecutor.runWorker(ThreadPoolExecutor.java:1149)
	at java.util.concurrent.ThreadPoolExecutor$Worker.run(ThreadPoolExecutor.java:624)
	at java.lang.Thread.run(Thread.java:748)
Heap
 PSYoungGen      total 151552K, used 27839K [0x00000000f5980000, 0x0000000100000000, 0x0000000100000000)
  eden space 131584K, 20% used [0x00000000f5980000,0x00000000f73ea030,0x00000000fda00000)
  from space 19968K, 3% used [0x00000000fec80000,0x00000000fed45ce0,0x0000000100000000)
  to   space 18944K, 0% used [0x00000000fda00000,0x00000000fda00000,0x00000000fec80000)
 ParOldGen       total 341504K, used 39058K [0x00000000e0c00000, 0x00000000f5980000, 0x00000000f5980000)
  object space 341504K, 11% used [0x00000000e0c00000,0x00000000e3224a90,0x00000000f5980000)
 Metaspace       used 35972K, capacity 36830K, committed 37208K, reserved 1081344K
  class space    used 4978K, capacity 5161K, committed 5248K, reserved 1048576K
