16:34:36,220 |-INFO in ch.qos.logback.classic.LoggerContext[default] - Could NOT find resource [logback-test.xml]
16:34:36,220 |-INFO in ch.qos.logback.classic.LoggerContext[default] - Could NOT find resource [logback.groovy]
16:34:36,220 |-INFO in ch.qos.logback.classic.LoggerContext[default] - Found resource [logback.xml] at [jar:file:/home/nikitasokolov/flamestream/lib/flamestream-runtime-1.0-SNAPSHOT.jar!/logback.xml]
16:34:36,221 |-WARN in ch.qos.logback.classic.LoggerContext[default] - Resource [logback.xml] occurs multiple times on the classpath.
16:34:36,221 |-WARN in ch.qos.logback.classic.LoggerContext[default] - Resource [logback.xml] occurs at [jar:file:/home/nikitasokolov/flamestream/lib/flamestream-runtime-1.0-SNAPSHOT.jar!/logback.xml]
16:34:36,221 |-WARN in ch.qos.logback.classic.LoggerContext[default] - Resource [logback.xml] occurs at [jar:file:/home/nikitasokolov/flamestream/flamestream-runtime-1.0-SNAPSHOT.jar!/logback.xml]
16:34:36,238 |-INFO in ch.qos.logback.core.joran.spi.ConfigurationWatchList@6108b2d7 - URL [jar:file:/home/nikitasokolov/flamestream/lib/flamestream-runtime-1.0-SNAPSHOT.jar!/logback.xml] is not of type file
16:34:36,288 |-INFO in ch.qos.logback.classic.joran.action.ConfigurationAction - debug attribute not set
16:34:36,289 |-INFO in ch.qos.logback.core.joran.action.AppenderAction - About to instantiate appender of type [ch.qos.logback.core.ConsoleAppender]
16:34:36,297 |-INFO in ch.qos.logback.core.joran.action.AppenderAction - Naming appender as [STDOUT]
16:34:36,304 |-INFO in ch.qos.logback.core.joran.action.NestedComplexPropertyIA - Assuming default type [ch.qos.logback.classic.encoder.PatternLayoutEncoder] for [encoder] property
16:34:36,356 |-INFO in ch.qos.logback.core.joran.action.AppenderAction - About to instantiate appender of type [ch.qos.logback.core.rolling.RollingFileAppender]
16:34:36,361 |-INFO in ch.qos.logback.core.joran.action.AppenderAction - Naming appender as [FILE]
16:34:36,384 |-INFO in c.q.l.core.rolling.TimeBasedRollingPolicy@357863579 - No compression will be used
16:34:36,385 |-INFO in c.q.l.core.rolling.TimeBasedRollingPolicy@357863579 - Will use the pattern /tmp/application_%d{yyyy-MM-dd}.%i.log for the active file
16:34:36,388 |-INFO in ch.qos.logback.core.rolling.SizeAndTimeBasedFNATP@6bf256fa - The date pattern is 'yyyy-MM-dd' from file name pattern '/tmp/application_%d{yyyy-MM-dd}.%i.log'.
16:34:36,388 |-INFO in ch.qos.logback.core.rolling.SizeAndTimeBasedFNATP@6bf256fa - Roll-over at midnight.
16:34:36,392 |-INFO in ch.qos.logback.core.rolling.SizeAndTimeBasedFNATP@6bf256fa - Setting initial period to Sun Jun 09 16:33:45 MSK 2019
16:34:36,392 |-WARN in ch.qos.logback.core.rolling.SizeAndTimeBasedFNATP@6bf256fa - SizeAndTimeBasedFNATP is deprecated. Use SizeAndTimeBasedRollingPolicy instead
16:34:36,392 |-WARN in ch.qos.logback.core.rolling.SizeAndTimeBasedFNATP@6bf256fa - For more information see http://logback.qos.ch/manual/appenders.html#SizeAndTimeBasedRollingPolicy
16:34:36,396 |-INFO in ch.qos.logback.core.joran.action.NestedComplexPropertyIA - Assuming default type [ch.qos.logback.classic.encoder.PatternLayoutEncoder] for [encoder] property
16:34:36,400 |-INFO in ch.qos.logback.core.rolling.RollingFileAppender[FILE] - Active log file name: /tmp/application.log
16:34:36,400 |-INFO in ch.qos.logback.core.rolling.RollingFileAppender[FILE] - File property is set to [/tmp/application.log]
16:34:36,401 |-INFO in ch.qos.logback.classic.joran.action.RootLoggerAction - Setting level of ROOT logger to WARN
16:34:36,401 |-INFO in ch.qos.logback.core.joran.action.AppenderRefAction - Attaching appender named [STDOUT] to Logger[ROOT]
16:34:36,402 |-INFO in ch.qos.logback.core.joran.action.AppenderRefAction - Attaching appender named [FILE] to Logger[ROOT]
16:34:36,402 |-INFO in ch.qos.logback.classic.joran.action.ConfigurationAction - End of configuration.
16:34:36,403 |-INFO in ch.qos.logback.classic.joran.JoranConfigurator@6cd8737 - Registering current configuration as safe fallback point

2019-06-09T16:34:37.401+0300: 1.381: [GC (Metadata GC Threshold) [PSYoungGen: 108151K->15926K(149504K)] 108151K->16006K(491008K), 0.0206642 secs] [Times: user=0.09 sys=0.02, real=0.02 secs] 
2019-06-09T16:34:37.422+0300: 1.402: [Full GC (Metadata GC Threshold) [PSYoungGen: 15926K->0K(149504K)] [ParOldGen: 80K->15078K(341504K)] 16006K->15078K(491008K), [Metaspace: 20801K->20801K(1067008K)], 0.0239291 secs] [Times: user=0.15 sys=0.01, real=0.02 secs] 
16:34:44.728 [Curator-PathChildrenCache-1] WARN  o.a.c.u.ZKPaths  - The version of ZooKeeper being used doesn't support Container nodes. CreateMode.PERSISTENT will be used instead.
2019-06-09T16:34:45.888+0300: 9.867: [GC (Allocation Failure) [PSYoungGen: 128512K->20987K(149504K)] 143590K->49804K(491008K), 0.0197545 secs] [Times: user=0.24 sys=0.02, real=0.02 secs] 
2019-06-09T16:34:45.926+0300: 9.906: [GC (Metadata GC Threshold) [PSYoungGen: 26009K->20987K(149504K)] 54826K->49904K(491008K), 0.0115171 secs] [Times: user=0.13 sys=0.00, real=0.02 secs] 
2019-06-09T16:34:45.938+0300: 9.917: [Full GC (Metadata GC Threshold) [PSYoungGen: 20987K->0K(149504K)] [ParOldGen: 28917K->38625K(341504K)] 49904K->38625K(491008K), [Metaspace: 34564K->34564K(1079296K)], 0.0326592 secs] [Times: user=0.17 sys=0.03, real=0.03 secs] 
2019-06-09T16:34:49.365+0300: 13.599: [GC (Allocation Failure) [PSYoungGen: 128512K->224K(149504K)] 167137K->38857K(491008K), 0.2582668 secs] [Times: user=0.01 sys=0.00, real=0.26 secs] 
2019-06-09T16:34:53.247+0300: 17.227: [GC (Allocation Failure) [PSYoungGen: 128736K->384K(129024K)] 167369K->39025K(470528K), 0.0038501 secs] [Times: user=0.01 sys=0.00, real=0.01 secs] 
2019-06-09T16:34:57.200+0300: 21.180: [GC (Allocation Failure) [PSYoungGen: 128896K->320K(130048K)] 167537K->38969K(471552K), 0.0064292 secs] [Times: user=0.04 sys=0.00, real=0.00 secs] 
2019-06-09T16:34:59.909+0300: 23.889: [GC (Allocation Failure) [PSYoungGen: 89408K->352K(129536K)] 128057K->39009K(471040K), 0.0031962 secs] [Times: user=0.02 sys=0.00, real=0.01 secs] 
2019-06-09T16:35:02.669+0300: 26.648: [GC (Allocation Failure) [PSYoungGen: 89440K->352K(132608K)] 128097K->39081K(474112K), 0.0035766 secs] [Times: user=0.03 sys=0.00, real=0.01 secs] 
2019-06-09T16:35:05.564+0300: 29.544: [GC (Allocation Failure) [PSYoungGen: 94048K->224K(131584K)] 132777K->39017K(473088K), 0.0043981 secs] [Times: user=0.02 sys=0.00, real=0.00 secs] 
2019-06-09T16:35:08.475+0300: 32.455: [GC (Allocation Failure) [PSYoungGen: 93920K->288K(135680K)] 132713K->39129K(477184K), 0.0028705 secs] [Times: user=0.01 sys=0.00, real=0.01 secs] 
16:35:19.086 [Curator-PathChildrenCache-0] ERROR o.a.c.f.r.c.PathChildrenCache  - 
java.lang.IllegalStateException: instance must be started before calling this method
	at org.apache.curator.shaded.com.google.common.base.Preconditions.checkState(Preconditions.java:444)
	at org.apache.curator.framework.imps.CuratorFrameworkImpl.getChildren(CuratorFrameworkImpl.java:456)
	at org.apache.curator.framework.recipes.cache.PathChildrenCache.refresh(PathChildrenCache.java:521)
	at org.apache.curator.framework.recipes.cache.RefreshOperation.invoke(RefreshOperation.java:35)
	at org.apache.curator.framework.recipes.cache.PathChildrenCache$9.run(PathChildrenCache.java:786)
	at java.util.concurrent.Executors$RunnableAdapter.call(Executors.java:511)
	at java.util.concurrent.FutureTask.run(FutureTask.java:266)
	at java.util.concurrent.Executors$RunnableAdapter.call(Executors.java:511)
	at java.util.concurrent.FutureTask.run(FutureTask.java:266)
	at java.util.concurrent.ThreadPoolExecutor.runWorker(ThreadPoolExecutor.java:1149)
	at java.util.concurrent.ThreadPoolExecutor$Worker.run(ThreadPoolExecutor.java:624)
	at java.lang.Thread.run(Thread.java:748)
Heap
 PSYoungGen      total 135680K, used 55320K [0x00000000f5980000, 0x0000000100000000, 0x0000000100000000)
  eden space 99328K, 55% used [0x00000000f5980000,0x00000000f8f3e088,0x00000000fba80000)
  from space 36352K, 0% used [0x00000000fdc80000,0x00000000fdcc8000,0x0000000100000000)
  to   space 34816K, 0% used [0x00000000fba80000,0x00000000fba80000,0x00000000fdc80000)
 ParOldGen       total 341504K, used 38841K [0x00000000e0c00000, 0x00000000f5980000, 0x00000000f5980000)
  object space 341504K, 11% used [0x00000000e0c00000,0x00000000e31ee5c0,0x00000000f5980000)
 Metaspace       used 35645K, capacity 36542K, committed 36952K, reserved 1081344K
  class space    used 4936K, capacity 5129K, committed 5248K, reserved 1048576K
