13:08:49,681 |-INFO in ch.qos.logback.classic.LoggerContext[default] - Could NOT find resource [logback-test.xml]
13:08:49,681 |-INFO in ch.qos.logback.classic.LoggerContext[default] - Could NOT find resource [logback.groovy]
13:08:49,681 |-INFO in ch.qos.logback.classic.LoggerContext[default] - Found resource [logback.xml] at [jar:file:/root/flamestream/lib/flamestream-runtime-1.0-SNAPSHOT.jar!/logback.xml]
13:08:49,682 |-WARN in ch.qos.logback.classic.LoggerContext[default] - Resource [logback.xml] occurs multiple times on the classpath.
13:08:49,682 |-WARN in ch.qos.logback.classic.LoggerContext[default] - Resource [logback.xml] occurs at [jar:file:/root/flamestream/lib/flamestream-runtime-1.0-SNAPSHOT.jar!/logback.xml]
13:08:49,682 |-WARN in ch.qos.logback.classic.LoggerContext[default] - Resource [logback.xml] occurs at [jar:file:/root/flamestream/flamestream-runtime-1.0-SNAPSHOT.jar!/logback.xml]
13:08:49,702 |-INFO in ch.qos.logback.core.joran.spi.ConfigurationWatchList@3fb6a447 - URL [jar:file:/root/flamestream/lib/flamestream-runtime-1.0-SNAPSHOT.jar!/logback.xml] is not of type file
13:08:49,777 |-INFO in ch.qos.logback.classic.joran.action.ConfigurationAction - debug attribute not set
13:08:49,778 |-INFO in ch.qos.logback.core.joran.action.AppenderAction - About to instantiate appender of type [ch.qos.logback.core.ConsoleAppender]
13:08:49,798 |-INFO in ch.qos.logback.core.joran.action.AppenderAction - Naming appender as [STDOUT]
13:08:49,816 |-INFO in ch.qos.logback.core.joran.action.NestedComplexPropertyIA - Assuming default type [ch.qos.logback.classic.encoder.PatternLayoutEncoder] for [encoder] property
13:08:49,897 |-INFO in ch.qos.logback.core.joran.action.AppenderAction - About to instantiate appender of type [ch.qos.logback.core.rolling.RollingFileAppender]
13:08:49,906 |-INFO in ch.qos.logback.core.joran.action.AppenderAction - Naming appender as [FILE]
13:08:49,936 |-INFO in c.q.l.core.rolling.TimeBasedRollingPolicy@127618319 - No compression will be used
13:08:49,938 |-INFO in c.q.l.core.rolling.TimeBasedRollingPolicy@127618319 - Will use the pattern /tmp/application_%d{yyyy-MM-dd}.%i.log for the active file
13:08:49,941 |-INFO in ch.qos.logback.core.rolling.SizeAndTimeBasedFNATP@6b2fad11 - The date pattern is 'yyyy-MM-dd' from file name pattern '/tmp/application_%d{yyyy-MM-dd}.%i.log'.
13:08:49,941 |-INFO in ch.qos.logback.core.rolling.SizeAndTimeBasedFNATP@6b2fad11 - Roll-over at midnight.
13:08:49,946 |-INFO in ch.qos.logback.core.rolling.SizeAndTimeBasedFNATP@6b2fad11 - Setting initial period to Mon Jun 10 13:07:35 UTC 2019
13:08:49,946 |-WARN in ch.qos.logback.core.rolling.SizeAndTimeBasedFNATP@6b2fad11 - SizeAndTimeBasedFNATP is deprecated. Use SizeAndTimeBasedRollingPolicy instead
13:08:49,946 |-WARN in ch.qos.logback.core.rolling.SizeAndTimeBasedFNATP@6b2fad11 - For more information see http://logback.qos.ch/manual/appenders.html#SizeAndTimeBasedRollingPolicy
13:08:49,950 |-INFO in ch.qos.logback.core.joran.action.NestedComplexPropertyIA - Assuming default type [ch.qos.logback.classic.encoder.PatternLayoutEncoder] for [encoder] property
13:08:49,955 |-INFO in ch.qos.logback.core.rolling.RollingFileAppender[FILE] - Active log file name: /tmp/application.log
13:08:49,955 |-INFO in ch.qos.logback.core.rolling.RollingFileAppender[FILE] - File property is set to [/tmp/application.log]
13:08:49,956 |-INFO in ch.qos.logback.classic.joran.action.RootLoggerAction - Setting level of ROOT logger to WARN
13:08:49,956 |-INFO in ch.qos.logback.core.joran.action.AppenderRefAction - Attaching appender named [STDOUT] to Logger[ROOT]
13:08:49,958 |-INFO in ch.qos.logback.core.joran.action.AppenderRefAction - Attaching appender named [FILE] to Logger[ROOT]
13:08:49,958 |-INFO in ch.qos.logback.classic.joran.action.ConfigurationAction - End of configuration.
13:08:49,959 |-INFO in ch.qos.logback.classic.joran.JoranConfigurator@79698539 - Registering current configuration as safe fallback point

Ama winner
Ama winner
2019-06-10T13:08:51.298+0000: 1.809: [Full GC (Metadata GC Threshold) 2019-06-10T13:08:51.298+0000: 1.809: [Tenured: 0K->15144K(341376K), 0.0408988 secs] 114987K->15144K(494976K), [Metaspace: 20740K->20740K(1067008K)], 0.0409679 secs] [Times: user=0.04 sys=0.00, real=0.04 secs] 
13:09:08.295 [Curator-PathChildrenCache-1] WARN  o.a.c.u.ZKPaths  - The version of ZooKeeper being used doesn't support Container nodes. CreateMode.PERSISTENT will be used instead.
2019-06-10T13:09:10.967+0000: 21.478: [GC (Allocation Failure) 2019-06-10T13:09:10.967+0000: 21.479: [DefNew: 117621K->17023K(153600K), 0.0193119 secs] 132766K->32856K(494976K), 0.0193828 secs] [Times: user=0.02 sys=0.00, real=0.02 secs] 
2019-06-10T13:09:12.086+0000: 22.597: [Full GC (Metadata GC Threshold) 2019-06-10T13:09:12.086+0000: 22.597: [Tenured: 15832K->44357K(341376K), 0.0450855 secs] 77693K->44357K(494976K), [Metaspace: 34570K->34570K(1079296K)], 0.0451626 secs] [Times: user=0.03 sys=0.01, real=0.04 secs] 
2019-06-10T13:09:21.385+0000: 31.896: [GC (Allocation Failure) 2019-06-10T13:09:21.385+0000: 31.896: [DefNew: 136576K->88K(153600K), 0.0020670 secs] 180933K->44446K(494976K), 0.0021239 secs] [Times: user=0.00 sys=0.00, real=0.00 secs] 
2019-06-10T13:09:30.781+0000: 41.292: [GC (Allocation Failure) 2019-06-10T13:09:30.781+0000: 41.292: [DefNew: 136664K->86K(153600K), 0.0018936 secs] 181022K->44444K(494976K), 0.0019537 secs] [Times: user=0.01 sys=0.00, real=0.00 secs] 
2019-06-10T13:09:40.243+0000: 50.754: [GC (Allocation Failure) 2019-06-10T13:09:40.243+0000: 50.754: [DefNew: 136662K->86K(153600K), 0.0019815 secs] 181020K->44444K(494976K), 0.0020394 secs] [Times: user=0.00 sys=0.00, real=0.00 secs] 
2019-06-10T13:09:49.680+0000: 60.191: [GC (Allocation Failure) 2019-06-10T13:09:49.680+0000: 60.191: [DefNew: 136662K->91K(153600K), 0.0020163 secs] 181020K->44449K(494976K), 0.0020872 secs] [Times: user=0.01 sys=0.00, real=0.00 secs] 
2019-06-10T13:10:00.442+0000: 70.953: [GC (Allocation Failure) 2019-06-10T13:10:00.442+0000: 70.953: [DefNew: 136667K->427K(153600K), 0.0023679 secs] 181025K->44785K(494976K), 0.0024264 secs] [Times: user=0.00 sys=0.00, real=0.00 secs] 
2019-06-10T13:10:11.894+0000: 82.405: [GC (Allocation Failure) 2019-06-10T13:10:11.894+0000: 82.406: [DefNew: 137003K->189K(153600K), 0.0023208 secs] 181361K->44547K(494976K), 0.0023856 secs] [Times: user=0.00 sys=0.00, real=0.00 secs] 
13:10:26.001 [Curator-PathChildrenCache-0] ERROR o.a.c.f.r.c.PathChildrenCache  - 
java.lang.IllegalStateException: instance must be started before calling this method
	at org.apache.curator.shaded.com.google.common.base.Preconditions.checkState(Preconditions.java:444)
	at org.apache.curator.framework.imps.CuratorFrameworkImpl.getChildren(CuratorFrameworkImpl.java:456)
	at org.apache.curator.framework.recipes.cache.PathChildrenCache.refresh(PathChildrenCache.java:521)
	at org.apache.curator.framework.recipes.cache.RefreshOperation.invoke(RefreshOperation.java:35)
	at org.apache.curator.framework.recipes.cache.PathChildrenCache$9.run(PathChildrenCache.java:786)
	at java.util.concurrent.Executors$RunnableAdapter.call(Executors.java:511)
	at java.util.concurrent.FutureTask.run(FutureTask.java:266)
	at java.util.concurrent.Executors$RunnableAdapter.call(Executors.java:511)
	at java.util.concurrent.FutureTask.run(FutureTask.java:266)
	at java.util.concurrent.ThreadPoolExecutor.runWorker(ThreadPoolExecutor.java:1149)
	at java.util.concurrent.ThreadPoolExecutor$Worker.run(ThreadPoolExecutor.java:624)
	at java.lang.Thread.run(Thread.java:748)
Heap
 def new generation   total 153600K, used 98570K [0x00000000e0c00000, 0x00000000eb2a0000, 0x00000000eb2a0000)
  eden space 136576K,  72% used [0x00000000e0c00000, 0x00000000e6c132a8, 0x00000000e9160000)
  from space 17024K,   1% used [0x00000000ea200000, 0x00000000ea22f608, 0x00000000eb2a0000)
  to   space 17024K,   0% used [0x00000000e9160000, 0x00000000e9160000, 0x00000000ea200000)
 tenured generation   total 341376K, used 44357K [0x00000000eb2a0000, 0x0000000100000000, 0x0000000100000000)
   the space 341376K,  12% used [0x00000000eb2a0000, 0x00000000eddf16d0, 0x00000000eddf1800, 0x0000000100000000)
 Metaspace       used 36258K, capacity 37138K, committed 37376K, reserved 1081344K
  class space    used 4873K, capacity 5077K, committed 5120K, reserved 1048576K
