19:24:19,385 |-INFO in ch.qos.logback.classic.LoggerContext[default] - Could NOT find resource [logback-test.xml]
19:24:19,385 |-INFO in ch.qos.logback.classic.LoggerContext[default] - Could NOT find resource [logback.groovy]
19:24:19,385 |-INFO in ch.qos.logback.classic.LoggerContext[default] - Found resource [logback.xml] at [jar:file:/root/flamestream/lib/flamestream-runtime-1.0-SNAPSHOT.jar!/logback.xml]
19:24:19,386 |-WARN in ch.qos.logback.classic.LoggerContext[default] - Resource [logback.xml] occurs multiple times on the classpath.
19:24:19,386 |-WARN in ch.qos.logback.classic.LoggerContext[default] - Resource [logback.xml] occurs at [jar:file:/root/flamestream/lib/flamestream-runtime-1.0-SNAPSHOT.jar!/logback.xml]
19:24:19,386 |-WARN in ch.qos.logback.classic.LoggerContext[default] - Resource [logback.xml] occurs at [jar:file:/root/flamestream/flamestream-runtime-1.0-SNAPSHOT.jar!/logback.xml]
19:24:19,405 |-INFO in ch.qos.logback.core.joran.spi.ConfigurationWatchList@3fb6a447 - URL [jar:file:/root/flamestream/lib/flamestream-runtime-1.0-SNAPSHOT.jar!/logback.xml] is not of type file
19:24:19,476 |-INFO in ch.qos.logback.classic.joran.action.ConfigurationAction - debug attribute not set
19:24:19,476 |-INFO in ch.qos.logback.core.joran.action.AppenderAction - About to instantiate appender of type [ch.qos.logback.core.ConsoleAppender]
19:24:19,494 |-INFO in ch.qos.logback.core.joran.action.AppenderAction - Naming appender as [STDOUT]
19:24:19,508 |-INFO in ch.qos.logback.core.joran.action.NestedComplexPropertyIA - Assuming default type [ch.qos.logback.classic.encoder.PatternLayoutEncoder] for [encoder] property
19:24:19,591 |-INFO in ch.qos.logback.core.joran.action.AppenderAction - About to instantiate appender of type [ch.qos.logback.core.rolling.RollingFileAppender]
19:24:19,602 |-INFO in ch.qos.logback.core.joran.action.AppenderAction - Naming appender as [FILE]
19:24:19,629 |-INFO in c.q.l.core.rolling.TimeBasedRollingPolicy@127618319 - No compression will be used
19:24:19,631 |-INFO in c.q.l.core.rolling.TimeBasedRollingPolicy@127618319 - Will use the pattern /tmp/application_%d{yyyy-MM-dd}.%i.log for the active file
19:24:19,634 |-INFO in ch.qos.logback.core.rolling.SizeAndTimeBasedFNATP@6b2fad11 - The date pattern is 'yyyy-MM-dd' from file name pattern '/tmp/application_%d{yyyy-MM-dd}.%i.log'.
19:24:19,634 |-INFO in ch.qos.logback.core.rolling.SizeAndTimeBasedFNATP@6b2fad11 - Roll-over at midnight.
19:24:19,639 |-INFO in ch.qos.logback.core.rolling.SizeAndTimeBasedFNATP@6b2fad11 - Setting initial period to Tue Jun 11 19:23:12 UTC 2019
19:24:19,639 |-WARN in ch.qos.logback.core.rolling.SizeAndTimeBasedFNATP@6b2fad11 - SizeAndTimeBasedFNATP is deprecated. Use SizeAndTimeBasedRollingPolicy instead
19:24:19,639 |-WARN in ch.qos.logback.core.rolling.SizeAndTimeBasedFNATP@6b2fad11 - For more information see http://logback.qos.ch/manual/appenders.html#SizeAndTimeBasedRollingPolicy
19:24:19,643 |-INFO in ch.qos.logback.core.joran.action.NestedComplexPropertyIA - Assuming default type [ch.qos.logback.classic.encoder.PatternLayoutEncoder] for [encoder] property
19:24:19,648 |-INFO in ch.qos.logback.core.rolling.RollingFileAppender[FILE] - Active log file name: /tmp/application.log
19:24:19,648 |-INFO in ch.qos.logback.core.rolling.RollingFileAppender[FILE] - File property is set to [/tmp/application.log]
19:24:19,649 |-INFO in ch.qos.logback.classic.joran.action.RootLoggerAction - Setting level of ROOT logger to WARN
19:24:19,649 |-INFO in ch.qos.logback.core.joran.action.AppenderRefAction - Attaching appender named [STDOUT] to Logger[ROOT]
19:24:19,651 |-INFO in ch.qos.logback.core.joran.action.AppenderRefAction - Attaching appender named [FILE] to Logger[ROOT]
19:24:19,651 |-INFO in ch.qos.logback.classic.joran.action.ConfigurationAction - End of configuration.
19:24:19,652 |-INFO in ch.qos.logback.classic.joran.JoranConfigurator@79698539 - Registering current configuration as safe fallback point

Ama winner
Ama winner
2019-06-11T19:24:21.147+0000: 1.949: [Full GC (Metadata GC Threshold) 2019-06-11T19:24:21.147+0000: 1.949: [Tenured: 0K->15176K(341376K), 0.0734246 secs] 114987K->15176K(494976K), [Metaspace: 20734K->20734K(1067008K)], 0.0734870 secs] [Times: user=0.03 sys=0.01, real=0.07 secs] 
19:24:33.451 [Curator-PathChildrenCache-3] WARN  o.a.c.u.ZKPaths  - The version of ZooKeeper being used doesn't support Container nodes. CreateMode.PERSISTENT will be used instead.
2019-06-11T19:24:35.487+0000: 16.289: [Full GC (Metadata GC Threshold) 2019-06-11T19:24:35.487+0000: 16.289: [Tenured: 15176K->49869K(341376K), 0.0625865 secs] 149181K->49869K(494976K), [Metaspace: 34455K->34455K(1079296K)], 0.0626606 secs] [Times: user=0.05 sys=0.01, real=0.06 secs] 
2019-06-11T19:24:38.840+0000: 19.641: [GC (Allocation Failure) 2019-06-11T19:24:38.840+0000: 19.641: [DefNew: 136576K->185K(153600K), 0.0044327 secs] 186445K->50055K(494976K), 0.0045042 secs] [Times: user=0.01 sys=0.00, real=0.00 secs] 
2019-06-11T19:24:40.741+0000: 21.543: [GC (Allocation Failure) 2019-06-11T19:24:40.741+0000: 21.543: [DefNew: 136761K->626K(153600K), 0.0025293 secs] 186631K->50496K(494976K), 0.0025892 secs] [Times: user=0.00 sys=0.00, real=0.00 secs] 
2019-06-11T19:24:43.048+0000: 23.850: [GC (Allocation Failure) 2019-06-11T19:24:43.048+0000: 23.850: [DefNew: 137202K->448K(153600K), 0.0022157 secs] 187072K->50318K(494976K), 0.0022730 secs] [Times: user=0.01 sys=0.00, real=0.00 secs] 
2019-06-11T19:24:45.764+0000: 26.566: [GC (Allocation Failure) 2019-06-11T19:24:45.765+0000: 26.566: [DefNew: 137024K->752K(153600K), 0.0032809 secs] 186894K->50622K(494976K), 0.0033392 secs] [Times: user=0.00 sys=0.00, real=0.01 secs] 
2019-06-11T19:24:48.522+0000: 29.323: [GC (Allocation Failure) 2019-06-11T19:24:48.522+0000: 29.323: [DefNew: 137328K->1091K(153600K), 0.0034486 secs] 187198K->50961K(494976K), 0.0035067 secs] [Times: user=0.00 sys=0.00, real=0.00 secs] 
2019-06-11T19:24:51.210+0000: 32.012: [GC (Allocation Failure) 2019-06-11T19:24:51.210+0000: 32.012: [DefNew: 137667K->1717K(153600K), 0.0046142 secs] 187537K->51586K(494976K), 0.0046784 secs] [Times: user=0.00 sys=0.00, real=0.01 secs] 
2019-06-11T19:24:53.550+0000: 34.351: [GC (Allocation Failure) 2019-06-11T19:24:53.550+0000: 34.351: [DefNew: 138293K->3913K(153600K), 0.0063068 secs] 188162K->53783K(494976K), 0.0063860 secs] [Times: user=0.01 sys=0.00, real=0.01 secs] 
2019-06-11T19:24:56.154+0000: 36.956: [GC (Allocation Failure) 2019-06-11T19:24:56.154+0000: 36.956: [DefNew: 140489K->4244K(153600K), 0.0066670 secs] 190359K->54114K(494976K), 0.0067400 secs] [Times: user=0.00 sys=0.01, real=0.00 secs] 
2019-06-11T19:24:58.645+0000: 39.447: [GC (Allocation Failure) 2019-06-11T19:24:58.645+0000: 39.447: [DefNew: 140820K->4329K(153600K), 0.0110307 secs] 190690K->54199K(494976K), 0.0111058 secs] [Times: user=0.01 sys=0.00, real=0.01 secs] 
2019-06-11T19:25:01.210+0000: 42.011: [GC (Allocation Failure) 2019-06-11T19:25:01.210+0000: 42.011: [DefNew: 140905K->4337K(153600K), 0.0067925 secs] 190775K->54206K(494976K), 0.0068692 secs] [Times: user=0.00 sys=0.00, real=0.01 secs] 
2019-06-11T19:25:03.559+0000: 44.360: [GC (Allocation Failure) 2019-06-11T19:25:03.559+0000: 44.360: [DefNew: 140913K->4489K(153600K), 0.0067436 secs] 190782K->54359K(494976K), 0.0068155 secs] [Times: user=0.00 sys=0.00, real=0.01 secs] 
2019-06-11T19:25:05.970+0000: 46.771: [GC (Allocation Failure) 2019-06-11T19:25:05.970+0000: 46.771: [DefNew: 141065K->4480K(153600K), 0.0073783 secs] 190935K->54349K(494976K), 0.0074562 secs] [Times: user=0.00 sys=0.00, real=0.01 secs] 
2019-06-11T19:25:08.560+0000: 49.361: [GC (Allocation Failure) 2019-06-11T19:25:08.560+0000: 49.361: [DefNew: 141056K->4356K(153600K), 0.0103433 secs] 190925K->54226K(494976K), 0.0104385 secs] [Times: user=0.01 sys=0.00, real=0.01 secs] 
2019-06-11T19:25:10.982+0000: 51.784: [GC (Allocation Failure) 2019-06-11T19:25:10.982+0000: 51.784: [DefNew: 140932K->4428K(153600K), 0.0064353 secs] 190802K->54297K(494976K), 0.0065026 secs] [Times: user=0.00 sys=0.00, real=0.01 secs] 
2019-06-11T19:25:13.058+0000: 53.860: [GC (Allocation Failure) 2019-06-11T19:25:13.058+0000: 53.860: [DefNew: 141004K->3648K(153600K), 0.0054409 secs] 190873K->53518K(494976K), 0.0055197 secs] [Times: user=0.01 sys=0.00, real=0.00 secs] 
2019-06-11T19:25:15.814+0000: 56.616: [GC (Allocation Failure) 2019-06-11T19:25:15.814+0000: 56.616: [DefNew: 140224K->4082K(153600K), 0.0061462 secs] 190094K->54060K(494976K), 0.0062117 secs] [Times: user=0.01 sys=0.00, real=0.00 secs] 
2019-06-11T19:25:18.330+0000: 59.132: [GC (Allocation Failure) 2019-06-11T19:25:18.330+0000: 59.132: [DefNew: 140658K->4429K(153600K), 0.0069695 secs] 190636K->54446K(494976K), 0.0070363 secs] [Times: user=0.00 sys=0.00, real=0.01 secs] 
2019-06-11T19:25:20.788+0000: 61.590: [GC (Allocation Failure) 2019-06-11T19:25:20.788+0000: 61.590: [DefNew: 141005K->4171K(153600K), 0.0059450 secs] 191022K->54223K(494976K), 0.0060093 secs] [Times: user=0.01 sys=0.00, real=0.01 secs] 
2019-06-11T19:25:23.433+0000: 64.235: [GC (Allocation Failure) 2019-06-11T19:25:23.434+0000: 64.235: [DefNew: 140747K->4434K(153600K), 0.0063311 secs] 190799K->54488K(494976K), 0.0073946 secs] [Times: user=0.00 sys=0.00, real=0.01 secs] 
2019-06-11T19:25:26.021+0000: 66.822: [GC (Allocation Failure) 2019-06-11T19:25:26.021+0000: 66.822: [DefNew: 141010K->4244K(153600K), 0.0061130 secs] 191064K->54299K(494976K), 0.0061827 secs] [Times: user=0.01 sys=0.00, real=0.01 secs] 
2019-06-11T19:25:29.037+0000: 69.839: [GC (Allocation Failure) 2019-06-11T19:25:29.038+0000: 69.839: [DefNew: 140820K->3759K(153600K), 0.0052551 secs] 190875K->53814K(494976K), 0.0053257 secs] [Times: user=0.01 sys=0.00, real=0.00 secs] 
2019-06-11T19:25:31.968+0000: 72.770: [GC (Allocation Failure) 2019-06-11T19:25:31.968+0000: 72.770: [DefNew: 140335K->1191K(153600K), 0.0044443 secs] 190390K->53267K(494976K), 0.0045147 secs] [Times: user=0.00 sys=0.00, real=0.00 secs] 
2019-06-11T19:33:44.418+0000: 565.220: [GC (Allocation Failure) 2019-06-11T19:33:44.418+0000: 565.220: [DefNew: 137767K->423K(153600K), 0.0024581 secs] 189843K->52847K(494976K), 0.0025345 secs] [Times: user=0.00 sys=0.00, real=0.00 secs] 
20:24:39.801 [Curator-PathChildrenCache-0] ERROR o.a.c.f.r.c.PathChildrenCache  - 
java.lang.IllegalStateException: instance must be started before calling this method
	at org.apache.curator.shaded.com.google.common.base.Preconditions.checkState(Preconditions.java:444)
	at org.apache.curator.framework.imps.CuratorFrameworkImpl.getChildren(CuratorFrameworkImpl.java:456)
	at org.apache.curator.framework.recipes.cache.PathChildrenCache.refresh(PathChildrenCache.java:521)
	at org.apache.curator.framework.recipes.cache.RefreshOperation.invoke(RefreshOperation.java:35)
	at org.apache.curator.framework.recipes.cache.PathChildrenCache$9.run(PathChildrenCache.java:786)
	at java.util.concurrent.Executors$RunnableAdapter.call(Executors.java:511)
	at java.util.concurrent.FutureTask.run(FutureTask.java:266)
	at java.util.concurrent.Executors$RunnableAdapter.call(Executors.java:511)
	at java.util.concurrent.FutureTask.run(FutureTask.java:266)
	at java.util.concurrent.ThreadPoolExecutor.runWorker(ThreadPoolExecutor.java:1149)
	at java.util.concurrent.ThreadPoolExecutor$Worker.run(ThreadPoolExecutor.java:624)
	at java.lang.Thread.run(Thread.java:748)
Heap
 def new generation   total 153600K, used 107548K [0x00000000e0c00000, 0x00000000eb2a0000, 0x00000000eb2a0000)
  eden space 136576K,  78% used [0x00000000e0c00000, 0x00000000e749d5a8, 0x00000000e9160000)
  from space 17024K,   2% used [0x00000000ea200000, 0x00000000ea269d48, 0x00000000eb2a0000)
  to   space 17024K,   0% used [0x00000000e9160000, 0x00000000e9160000, 0x00000000ea200000)
 tenured generation   total 341376K, used 52423K [0x00000000eb2a0000, 0x0000000100000000, 0x0000000100000000)
   the space 341376K,  15% used [0x00000000eb2a0000, 0x00000000ee5d1fc8, 0x00000000ee5d2000, 0x0000000100000000)
 Metaspace       used 36367K, capacity 37370K, committed 37760K, reserved 1081344K
  class space    used 4913K, capacity 5123K, committed 5248K, reserved 1048576K
