11:30:59,288 |-INFO in ch.qos.logback.classic.LoggerContext[default] - Could NOT find resource [logback-test.xml]
11:30:59,288 |-INFO in ch.qos.logback.classic.LoggerContext[default] - Could NOT find resource [logback.groovy]
11:30:59,288 |-INFO in ch.qos.logback.classic.LoggerContext[default] - Found resource [logback.xml] at [jar:file:/home/nikitasokolov/flamestream/lib/flamestream-runtime-1.0-SNAPSHOT.jar!/logback.xml]
11:30:59,288 |-WARN in ch.qos.logback.classic.LoggerContext[default] - Resource [logback.xml] occurs multiple times on the classpath.
11:30:59,289 |-WARN in ch.qos.logback.classic.LoggerContext[default] - Resource [logback.xml] occurs at [jar:file:/home/nikitasokolov/flamestream/lib/flamestream-runtime-1.0-SNAPSHOT.jar!/logback.xml]
11:30:59,289 |-WARN in ch.qos.logback.classic.LoggerContext[default] - Resource [logback.xml] occurs at [jar:file:/home/nikitasokolov/flamestream/flamestream-runtime-1.0-SNAPSHOT.jar!/logback.xml]
11:30:59,305 |-INFO in ch.qos.logback.core.joran.spi.ConfigurationWatchList@6108b2d7 - URL [jar:file:/home/nikitasokolov/flamestream/lib/flamestream-runtime-1.0-SNAPSHOT.jar!/logback.xml] is not of type file
11:30:59,356 |-INFO in ch.qos.logback.classic.joran.action.ConfigurationAction - debug attribute not set
11:30:59,357 |-INFO in ch.qos.logback.core.joran.action.AppenderAction - About to instantiate appender of type [ch.qos.logback.core.ConsoleAppender]
11:30:59,365 |-INFO in ch.qos.logback.core.joran.action.AppenderAction - Naming appender as [STDOUT]
11:30:59,372 |-INFO in ch.qos.logback.core.joran.action.NestedComplexPropertyIA - Assuming default type [ch.qos.logback.classic.encoder.PatternLayoutEncoder] for [encoder] property
11:30:59,428 |-INFO in ch.qos.logback.core.joran.action.AppenderAction - About to instantiate appender of type [ch.qos.logback.core.rolling.RollingFileAppender]
11:30:59,435 |-INFO in ch.qos.logback.core.joran.action.AppenderAction - Naming appender as [FILE]
11:30:59,458 |-INFO in c.q.l.core.rolling.TimeBasedRollingPolicy@357863579 - No compression will be used
11:30:59,459 |-INFO in c.q.l.core.rolling.TimeBasedRollingPolicy@357863579 - Will use the pattern /tmp/application_%d{yyyy-MM-dd}.%i.log for the active file
11:30:59,462 |-INFO in ch.qos.logback.core.rolling.SizeAndTimeBasedFNATP@6bf256fa - The date pattern is 'yyyy-MM-dd' from file name pattern '/tmp/application_%d{yyyy-MM-dd}.%i.log'.
11:30:59,462 |-INFO in ch.qos.logback.core.rolling.SizeAndTimeBasedFNATP@6bf256fa - Roll-over at midnight.
11:30:59,466 |-INFO in ch.qos.logback.core.rolling.SizeAndTimeBasedFNATP@6bf256fa - Setting initial period to Sun Jun 09 11:30:16 MSK 2019
11:30:59,466 |-WARN in ch.qos.logback.core.rolling.SizeAndTimeBasedFNATP@6bf256fa - SizeAndTimeBasedFNATP is deprecated. Use SizeAndTimeBasedRollingPolicy instead
11:30:59,466 |-WARN in ch.qos.logback.core.rolling.SizeAndTimeBasedFNATP@6bf256fa - For more information see http://logback.qos.ch/manual/appenders.html#SizeAndTimeBasedRollingPolicy
11:30:59,470 |-INFO in ch.qos.logback.core.joran.action.NestedComplexPropertyIA - Assuming default type [ch.qos.logback.classic.encoder.PatternLayoutEncoder] for [encoder] property
11:30:59,473 |-INFO in ch.qos.logback.core.rolling.RollingFileAppender[FILE] - Active log file name: /tmp/application.log
11:30:59,473 |-INFO in ch.qos.logback.core.rolling.RollingFileAppender[FILE] - File property is set to [/tmp/application.log]
11:30:59,474 |-INFO in ch.qos.logback.classic.joran.action.RootLoggerAction - Setting level of ROOT logger to WARN
11:30:59,474 |-INFO in ch.qos.logback.core.joran.action.AppenderRefAction - Attaching appender named [STDOUT] to Logger[ROOT]
11:30:59,475 |-INFO in ch.qos.logback.core.joran.action.AppenderRefAction - Attaching appender named [FILE] to Logger[ROOT]
11:30:59,475 |-INFO in ch.qos.logback.classic.joran.action.ConfigurationAction - End of configuration.
11:30:59,475 |-INFO in ch.qos.logback.classic.joran.JoranConfigurator@6cd8737 - Registering current configuration as safe fallback point

2019-06-09T11:31:00.449+0300: 1.376: [GC (Metadata GC Threshold) [PSYoungGen: 110722K->15959K(149504K)] 110722K->16039K(491008K), 0.0215956 secs] [Times: user=0.10 sys=0.02, real=0.03 secs] 
2019-06-09T11:31:00.470+0300: 1.398: [Full GC (Metadata GC Threshold) [PSYoungGen: 15959K->0K(149504K)] [ParOldGen: 80K->15078K(341504K)] 16039K->15078K(491008K), [Metaspace: 20807K->20807K(1067008K)], 0.0263494 secs] [Times: user=0.17 sys=0.00, real=0.02 secs] 
11:31:11.672 [Curator-PathChildrenCache-2] WARN  o.a.c.u.ZKPaths  - The version of ZooKeeper being used doesn't support Container nodes. CreateMode.PERSISTENT will be used instead.
2019-06-09T11:31:12.331+0300: 13.258: [GC (Metadata GC Threshold) [PSYoungGen: 126407K->20971K(149504K)] 141485K->50961K(491008K), 0.0174269 secs] [Times: user=0.18 sys=0.02, real=0.01 secs] 
2019-06-09T11:31:12.348+0300: 13.275: [Full GC (Metadata GC Threshold) [PSYoungGen: 20971K->0K(149504K)] [ParOldGen: 29989K->39916K(341504K)] 50961K->39916K(491008K), [Metaspace: 34376K->34372K(1079296K)], 0.0365390 secs] [Times: user=0.17 sys=0.01, real=0.04 secs] 
2019-06-09T11:31:16.455+0300: 17.383: [GC (Allocation Failure) [PSYoungGen: 128512K->480K(149504K)] 168428K->40404K(491008K), 0.0069810 secs] [Times: user=0.06 sys=0.01, real=0.01 secs] 
2019-06-09T11:31:21.204+0300: 22.131: [GC (Allocation Failure) [PSYoungGen: 128992K->384K(149504K)] 168916K->40316K(491008K), 0.0032491 secs] [Times: user=0.02 sys=0.00, real=0.00 secs] 
2019-06-09T11:31:26.005+0300: 26.933: [GC (Allocation Failure) [PSYoungGen: 128896K->480K(129024K)] 168828K->40420K(470528K), 0.0078014 secs] [Times: user=0.06 sys=0.01, real=0.01 secs] 
2019-06-09T11:31:30.803+0300: 31.730: [GC (Allocation Failure) [PSYoungGen: 128992K->448K(132096K)] 168932K->40396K(473600K), 0.0052283 secs] [Times: user=0.03 sys=0.00, real=0.00 secs] 
2019-06-09T11:31:34.211+0300: 35.139: [GC (Allocation Failure) [PSYoungGen: 91584K->384K(129536K)] 131532K->40332K(471040K), 0.0031389 secs] [Times: user=0.01 sys=0.00, real=0.00 secs] 
2019-06-09T11:31:37.636+0300: 38.563: [GC (Allocation Failure) [PSYoungGen: 91520K->480K(136192K)] 131468K->40436K(477696K), 0.0051428 secs] [Times: user=0.03 sys=0.00, real=0.01 secs] 
2019-06-09T11:31:41.411+0300: 42.339: [GC (Allocation Failure) [PSYoungGen: 100320K->384K(134144K)] 140276K->40348K(475648K), 0.0031916 secs] [Times: user=0.01 sys=0.00, real=0.00 secs] 
2019-06-09T11:31:45.197+0300: 46.124: [GC (Allocation Failure) [PSYoungGen: 100224K->384K(139264K)] 140188K->40348K(480768K), 0.0029047 secs] [Times: user=0.01 sys=0.00, real=0.01 secs] 
2019-06-09T11:31:49.230+0300: 50.158: [GC (Allocation Failure) [PSYoungGen: 106880K->480K(137728K)] 146844K->40452K(479232K), 0.0026811 secs] [Times: user=0.01 sys=0.00, real=0.00 secs] 
2019-06-09T11:31:53.266+0300: 54.193: [GC (Allocation Failure) [PSYoungGen: 106976K->480K(142848K)] 146948K->40460K(484352K), 0.0026866 secs] [Times: user=0.01 sys=0.00, real=0.00 secs] 
2019-06-09T11:31:57.546+0300: 58.474: [GC (Allocation Failure) [PSYoungGen: 114144K->384K(141312K)] 154124K->40372K(482816K), 0.0027861 secs] [Times: user=0.01 sys=0.00, real=0.00 secs] 
11:32:13.646 [Curator-PathChildrenCache-0] ERROR o.a.c.f.r.c.PathChildrenCache  - 
java.lang.IllegalStateException: instance must be started before calling this method
	at org.apache.curator.shaded.com.google.common.base.Preconditions.checkState(Preconditions.java:444)
	at org.apache.curator.framework.imps.CuratorFrameworkImpl.getChildren(CuratorFrameworkImpl.java:456)
	at org.apache.curator.framework.recipes.cache.PathChildrenCache.refresh(PathChildrenCache.java:521)
	at org.apache.curator.framework.recipes.cache.RefreshOperation.invoke(RefreshOperation.java:35)
	at org.apache.curator.framework.recipes.cache.PathChildrenCache$9.run(PathChildrenCache.java:786)
	at java.util.concurrent.Executors$RunnableAdapter.call(Executors.java:511)
	at java.util.concurrent.FutureTask.run(FutureTask.java:266)
	at java.util.concurrent.Executors$RunnableAdapter.call(Executors.java:511)
	at java.util.concurrent.FutureTask.run(FutureTask.java:266)
	at java.util.concurrent.ThreadPoolExecutor.runWorker(ThreadPoolExecutor.java:1149)
	at java.util.concurrent.ThreadPoolExecutor$Worker.run(ThreadPoolExecutor.java:624)
	at java.lang.Thread.run(Thread.java:748)
Heap
 PSYoungGen      total 141312K, used 97647K [0x00000000f5980000, 0x0000000100000000, 0x0000000100000000)
  eden space 113664K, 85% used [0x00000000f5980000,0x00000000fb87be68,0x00000000fc880000)
  from space 27648K, 1% used [0x00000000fc880000,0x00000000fc8e0000,0x00000000fe380000)
  to   space 26112K, 0% used [0x00000000fe680000,0x00000000fe680000,0x0000000100000000)
 ParOldGen       total 341504K, used 39988K [0x00000000e0c00000, 0x00000000f5980000, 0x00000000f5980000)
  object space 341504K, 11% used [0x00000000e0c00000,0x00000000e330d110,0x00000000f5980000)
 Metaspace       used 36318K, capacity 37257K, committed 37464K, reserved 1081344K
  class space    used 5021K, capacity 5229K, committed 5248K, reserved 1048576K
