14:51:27,401 |-INFO in ch.qos.logback.classic.LoggerContext[default] - Could NOT find resource [logback-test.xml]
14:51:27,401 |-INFO in ch.qos.logback.classic.LoggerContext[default] - Could NOT find resource [logback.groovy]
14:51:27,401 |-INFO in ch.qos.logback.classic.LoggerContext[default] - Found resource [logback.xml] at [jar:file:/root/flamestream/lib/flamestream-runtime-1.0-SNAPSHOT.jar!/logback.xml]
14:51:27,402 |-WARN in ch.qos.logback.classic.LoggerContext[default] - Resource [logback.xml] occurs multiple times on the classpath.
14:51:27,402 |-WARN in ch.qos.logback.classic.LoggerContext[default] - Resource [logback.xml] occurs at [jar:file:/root/flamestream/lib/flamestream-runtime-1.0-SNAPSHOT.jar!/logback.xml]
14:51:27,402 |-WARN in ch.qos.logback.classic.LoggerContext[default] - Resource [logback.xml] occurs at [jar:file:/root/flamestream/flamestream-runtime-1.0-SNAPSHOT.jar!/logback.xml]
14:51:27,425 |-INFO in ch.qos.logback.core.joran.spi.ConfigurationWatchList@3fb6a447 - URL [jar:file:/root/flamestream/lib/flamestream-runtime-1.0-SNAPSHOT.jar!/logback.xml] is not of type file
14:51:27,496 |-INFO in ch.qos.logback.classic.joran.action.ConfigurationAction - debug attribute not set
14:51:27,497 |-INFO in ch.qos.logback.core.joran.action.AppenderAction - About to instantiate appender of type [ch.qos.logback.core.ConsoleAppender]
14:51:27,513 |-INFO in ch.qos.logback.core.joran.action.AppenderAction - Naming appender as [STDOUT]
14:51:27,530 |-INFO in ch.qos.logback.core.joran.action.NestedComplexPropertyIA - Assuming default type [ch.qos.logback.classic.encoder.PatternLayoutEncoder] for [encoder] property
14:51:27,620 |-INFO in ch.qos.logback.core.joran.action.AppenderAction - About to instantiate appender of type [ch.qos.logback.core.rolling.RollingFileAppender]
14:51:27,624 |-INFO in ch.qos.logback.core.joran.action.AppenderAction - Naming appender as [FILE]
14:51:27,656 |-INFO in c.q.l.core.rolling.TimeBasedRollingPolicy@127618319 - No compression will be used
14:51:27,658 |-INFO in c.q.l.core.rolling.TimeBasedRollingPolicy@127618319 - Will use the pattern /tmp/application_%d{yyyy-MM-dd}.%i.log for the active file
14:51:27,660 |-INFO in ch.qos.logback.core.rolling.SizeAndTimeBasedFNATP@6b2fad11 - The date pattern is 'yyyy-MM-dd' from file name pattern '/tmp/application_%d{yyyy-MM-dd}.%i.log'.
14:51:27,660 |-INFO in ch.qos.logback.core.rolling.SizeAndTimeBasedFNATP@6b2fad11 - Roll-over at midnight.
14:51:27,666 |-INFO in ch.qos.logback.core.rolling.SizeAndTimeBasedFNATP@6b2fad11 - Setting initial period to Mon Jun 10 14:50:04 UTC 2019
14:51:27,666 |-WARN in ch.qos.logback.core.rolling.SizeAndTimeBasedFNATP@6b2fad11 - SizeAndTimeBasedFNATP is deprecated. Use SizeAndTimeBasedRollingPolicy instead
14:51:27,666 |-WARN in ch.qos.logback.core.rolling.SizeAndTimeBasedFNATP@6b2fad11 - For more information see http://logback.qos.ch/manual/appenders.html#SizeAndTimeBasedRollingPolicy
14:51:27,669 |-INFO in ch.qos.logback.core.joran.action.NestedComplexPropertyIA - Assuming default type [ch.qos.logback.classic.encoder.PatternLayoutEncoder] for [encoder] property
14:51:27,674 |-INFO in ch.qos.logback.core.rolling.RollingFileAppender[FILE] - Active log file name: /tmp/application.log
14:51:27,674 |-INFO in ch.qos.logback.core.rolling.RollingFileAppender[FILE] - File property is set to [/tmp/application.log]
14:51:27,675 |-INFO in ch.qos.logback.classic.joran.action.RootLoggerAction - Setting level of ROOT logger to WARN
14:51:27,675 |-INFO in ch.qos.logback.core.joran.action.AppenderRefAction - Attaching appender named [STDOUT] to Logger[ROOT]
14:51:27,677 |-INFO in ch.qos.logback.core.joran.action.AppenderRefAction - Attaching appender named [FILE] to Logger[ROOT]
14:51:27,677 |-INFO in ch.qos.logback.classic.joran.action.ConfigurationAction - End of configuration.
14:51:27,678 |-INFO in ch.qos.logback.classic.joran.JoranConfigurator@79698539 - Registering current configuration as safe fallback point

Ama winner
Ama winner
2019-06-10T14:51:28.937+0000: 1.717: [Full GC (Metadata GC Threshold) 2019-06-10T14:51:28.937+0000: 1.717: [Tenured: 0K->15208K(341376K), 0.0354445 secs] 114988K->15208K(494976K), [Metaspace: 20737K->20737K(1067008K)], 0.0355151 secs] [Times: user=0.04 sys=0.00, real=0.04 secs] 
14:51:50.259 [Curator-PathChildrenCache-1] WARN  o.a.c.u.ZKPaths  - The version of ZooKeeper being used doesn't support Container nodes. CreateMode.PERSISTENT will be used instead.
2019-06-10T14:51:52.667+0000: 25.448: [GC (Allocation Failure) 2019-06-10T14:51:52.667+0000: 25.448: [DefNew: 136576K->17024K(153600K), 0.0257041 secs] 151784K->52665K(494976K), 0.0257849 secs] [Times: user=0.01 sys=0.01, real=0.03 secs] 
2019-06-10T14:51:53.503+0000: 26.284: [Full GC (Metadata GC Threshold) 2019-06-10T14:51:53.503+0000: 26.284: [Tenured: 35641K->44217K(341376K), 0.0400696 secs] 74219K->44217K(494976K), [Metaspace: 34553K->34553K(1079296K)], 0.0401548 secs] [Times: user=0.04 sys=0.00, real=0.04 secs] 
2019-06-10T14:51:59.792+0000: 32.573: [GC (Allocation Failure) 2019-06-10T14:51:59.793+0000: 32.573: [DefNew: 136576K->119K(153600K), 0.0019418 secs] 180793K->44337K(494976K), 0.0019981 secs] [Times: user=0.00 sys=0.00, real=0.00 secs] 
2019-06-10T14:52:06.100+0000: 38.880: [GC (Allocation Failure) 2019-06-10T14:52:06.100+0000: 38.880: [DefNew: 136695K->119K(153600K), 0.0018647 secs] 180913K->44337K(494976K), 0.0019263 secs] [Times: user=0.01 sys=0.00, real=0.00 secs] 
2019-06-10T14:52:12.386+0000: 45.166: [GC (Allocation Failure) 2019-06-10T14:52:12.386+0000: 45.166: [DefNew: 136695K->120K(153600K), 0.0018915 secs] 180913K->44337K(494976K), 0.0019563 secs] [Times: user=0.00 sys=0.00, real=0.00 secs] 
2019-06-10T14:52:18.590+0000: 51.370: [GC (Allocation Failure) 2019-06-10T14:52:18.590+0000: 51.370: [DefNew: 136696K->121K(153600K), 0.0019430 secs] 180913K->44339K(494976K), 0.0020059 secs] [Times: user=0.00 sys=0.00, real=0.01 secs] 
2019-06-10T14:52:24.829+0000: 57.609: [GC (Allocation Failure) 2019-06-10T14:52:24.829+0000: 57.609: [DefNew: 136697K->121K(153600K), 0.0018798 secs] 180915K->44338K(494976K), 0.0019403 secs] [Times: user=0.00 sys=0.00, real=0.00 secs] 
14:52:35.093 [Curator-PathChildrenCache-0] ERROR o.a.c.f.r.c.PathChildrenCache  - 
java.lang.IllegalStateException: instance must be started before calling this method
	at org.apache.curator.shaded.com.google.common.base.Preconditions.checkState(Preconditions.java:444)
	at org.apache.curator.framework.imps.CuratorFrameworkImpl.getChildren(CuratorFrameworkImpl.java:456)
	at org.apache.curator.framework.recipes.cache.PathChildrenCache.refresh(PathChildrenCache.java:521)
	at org.apache.curator.framework.recipes.cache.RefreshOperation.invoke(RefreshOperation.java:35)
	at org.apache.curator.framework.recipes.cache.PathChildrenCache$9.run(PathChildrenCache.java:786)
	at java.util.concurrent.Executors$RunnableAdapter.call(Executors.java:511)
	at java.util.concurrent.FutureTask.run(FutureTask.java:266)
	at java.util.concurrent.Executors$RunnableAdapter.call(Executors.java:511)
	at java.util.concurrent.FutureTask.run(FutureTask.java:266)
	at java.util.concurrent.ThreadPoolExecutor.runWorker(ThreadPoolExecutor.java:1149)
	at java.util.concurrent.ThreadPoolExecutor$Worker.run(ThreadPoolExecutor.java:624)
	at java.lang.Thread.run(Thread.java:748)
Heap
 def new generation   total 153600K, used 73843K [0x00000000e0c00000, 0x00000000eb2a0000, 0x00000000eb2a0000)
  eden space 136576K,  53% used [0x00000000e0c00000, 0x00000000e53fe870, 0x00000000e9160000)
  from space 17024K,   0% used [0x00000000e9160000, 0x00000000e917e410, 0x00000000ea200000)
  to   space 17024K,   0% used [0x00000000ea200000, 0x00000000ea200000, 0x00000000eb2a0000)
 tenured generation   total 341376K, used 44217K [0x00000000eb2a0000, 0x0000000100000000, 0x0000000100000000)
   the space 341376K,  12% used [0x00000000eb2a0000, 0x00000000eddce710, 0x00000000eddce800, 0x0000000100000000)
 Metaspace       used 36212K, capacity 37134K, committed 37376K, reserved 1081344K
  class space    used 4873K, capacity 5087K, committed 5120K, reserved 1048576K
