00:38:09,260 |-INFO in ch.qos.logback.classic.LoggerContext[default] - Could NOT find resource [logback-test.xml]
00:38:09,261 |-INFO in ch.qos.logback.classic.LoggerContext[default] - Could NOT find resource [logback.groovy]
00:38:09,261 |-INFO in ch.qos.logback.classic.LoggerContext[default] - Found resource [logback.xml] at [jar:file:/home/nikitasokolov/flamestream/lib/flamestream-runtime-1.0-SNAPSHOT.jar!/logback.xml]
00:38:09,261 |-WARN in ch.qos.logback.classic.LoggerContext[default] - Resource [logback.xml] occurs multiple times on the classpath.
00:38:09,262 |-WARN in ch.qos.logback.classic.LoggerContext[default] - Resource [logback.xml] occurs at [jar:file:/home/nikitasokolov/flamestream/lib/flamestream-runtime-1.0-SNAPSHOT.jar!/logback.xml]
00:38:09,262 |-WARN in ch.qos.logback.classic.LoggerContext[default] - Resource [logback.xml] occurs at [jar:file:/home/nikitasokolov/flamestream/flamestream-runtime-1.0-SNAPSHOT.jar!/logback.xml]
00:38:09,278 |-INFO in ch.qos.logback.core.joran.spi.ConfigurationWatchList@6108b2d7 - URL [jar:file:/home/nikitasokolov/flamestream/lib/flamestream-runtime-1.0-SNAPSHOT.jar!/logback.xml] is not of type file
00:38:09,328 |-INFO in ch.qos.logback.classic.joran.action.ConfigurationAction - debug attribute not set
00:38:09,328 |-INFO in ch.qos.logback.core.joran.action.AppenderAction - About to instantiate appender of type [ch.qos.logback.core.ConsoleAppender]
00:38:09,337 |-INFO in ch.qos.logback.core.joran.action.AppenderAction - Naming appender as [STDOUT]
00:38:09,345 |-INFO in ch.qos.logback.core.joran.action.NestedComplexPropertyIA - Assuming default type [ch.qos.logback.classic.encoder.PatternLayoutEncoder] for [encoder] property
00:38:09,404 |-INFO in ch.qos.logback.core.joran.action.AppenderAction - About to instantiate appender of type [ch.qos.logback.core.rolling.RollingFileAppender]
00:38:09,409 |-INFO in ch.qos.logback.core.joran.action.AppenderAction - Naming appender as [FILE]
00:38:09,434 |-INFO in c.q.l.core.rolling.TimeBasedRollingPolicy@357863579 - No compression will be used
00:38:09,436 |-INFO in c.q.l.core.rolling.TimeBasedRollingPolicy@357863579 - Will use the pattern /tmp/application_%d{yyyy-MM-dd}.%i.log for the active file
00:38:09,439 |-INFO in ch.qos.logback.core.rolling.SizeAndTimeBasedFNATP@6bf256fa - The date pattern is 'yyyy-MM-dd' from file name pattern '/tmp/application_%d{yyyy-MM-dd}.%i.log'.
00:38:09,439 |-INFO in ch.qos.logback.core.rolling.SizeAndTimeBasedFNATP@6bf256fa - Roll-over at midnight.
00:38:09,443 |-INFO in ch.qos.logback.core.rolling.SizeAndTimeBasedFNATP@6bf256fa - Setting initial period to Sun Jun 09 00:37:23 MSK 2019
00:38:09,443 |-WARN in ch.qos.logback.core.rolling.SizeAndTimeBasedFNATP@6bf256fa - SizeAndTimeBasedFNATP is deprecated. Use SizeAndTimeBasedRollingPolicy instead
00:38:09,443 |-WARN in ch.qos.logback.core.rolling.SizeAndTimeBasedFNATP@6bf256fa - For more information see http://logback.qos.ch/manual/appenders.html#SizeAndTimeBasedRollingPolicy
00:38:09,448 |-INFO in ch.qos.logback.core.joran.action.NestedComplexPropertyIA - Assuming default type [ch.qos.logback.classic.encoder.PatternLayoutEncoder] for [encoder] property
00:38:09,450 |-INFO in ch.qos.logback.core.rolling.RollingFileAppender[FILE] - Active log file name: /tmp/application.log
00:38:09,450 |-INFO in ch.qos.logback.core.rolling.RollingFileAppender[FILE] - File property is set to [/tmp/application.log]
00:38:09,451 |-INFO in ch.qos.logback.classic.joran.action.RootLoggerAction - Setting level of ROOT logger to WARN
00:38:09,451 |-INFO in ch.qos.logback.core.joran.action.AppenderRefAction - Attaching appender named [STDOUT] to Logger[ROOT]
00:38:09,452 |-INFO in ch.qos.logback.core.joran.action.AppenderRefAction - Attaching appender named [FILE] to Logger[ROOT]
00:38:09,452 |-INFO in ch.qos.logback.classic.joran.action.ConfigurationAction - End of configuration.
00:38:09,452 |-INFO in ch.qos.logback.classic.joran.JoranConfigurator@6cd8737 - Registering current configuration as safe fallback point

2019-06-09T00:38:10.433+0300: 1.379: [GC (Metadata GC Threshold) [PSYoungGen: 108120K->15846K(149504K)] 108120K->15926K(491008K), 0.0229418 secs] [Times: user=0.09 sys=0.01, real=0.02 secs] 
2019-06-09T00:38:10.456+0300: 1.402: [Full GC (Metadata GC Threshold) [PSYoungGen: 15846K->0K(149504K)] [ParOldGen: 80K->15045K(341504K)] 15926K->15045K(491008K), [Metaspace: 20799K->20799K(1067008K)], 0.0280226 secs] [Times: user=0.17 sys=0.02, real=0.03 secs] 
00:38:18.618 [Curator-PathChildrenCache-2] WARN  o.a.c.u.ZKPaths  - The version of ZooKeeper being used doesn't support Container nodes. CreateMode.PERSISTENT will be used instead.
2019-06-09T00:38:19.311+0300: 10.257: [GC (Metadata GC Threshold) [PSYoungGen: 124104K->20991K(149504K)] 139150K->50982K(491008K), 0.0241287 secs] [Times: user=0.19 sys=0.04, real=0.02 secs] 
2019-06-09T00:38:19.335+0300: 10.281: [Full GC (Metadata GC Threshold) [PSYoungGen: 20991K->0K(149504K)] [ParOldGen: 29991K->39902K(341504K)] 50982K->39902K(491008K), [Metaspace: 34380K->34368K(1079296K)], 0.0357330 secs] [Times: user=0.18 sys=0.01, real=0.04 secs] 
2019-06-09T00:38:23.519+0300: 14.465: [GC (Allocation Failure) [PSYoungGen: 128512K->608K(149504K)] 168414K->40518K(491008K), 0.0043990 secs] [Times: user=0.04 sys=0.00, real=0.00 secs] 
2019-06-09T00:38:28.135+0300: 19.081: [GC (Allocation Failure) [PSYoungGen: 129120K->640K(149504K)] 169030K->40558K(491008K), 0.0082940 secs] [Times: user=0.08 sys=0.00, real=0.01 secs] 
2019-06-09T00:38:32.719+0300: 23.665: [GC (Allocation Failure) [PSYoungGen: 129152K->608K(129536K)] 169070K->40534K(471040K), 0.0034639 secs] [Times: user=0.01 sys=0.01, real=0.00 secs] 
2019-06-09T00:38:37.324+0300: 28.269: [GC (Allocation Failure) [PSYoungGen: 129120K->544K(132096K)] 169046K->40478K(473600K), 0.0048319 secs] [Times: user=0.04 sys=0.00, real=0.00 secs] 
2019-06-09T00:38:40.576+0300: 31.521: [GC (Allocation Failure) [PSYoungGen: 91680K->704K(129536K)] 131614K->40646K(471040K), 0.0034127 secs] [Times: user=0.02 sys=0.01, real=0.01 secs] 
2019-06-09T00:38:43.878+0300: 34.824: [GC (Allocation Failure) [PSYoungGen: 91840K->640K(136192K)] 131782K->40590K(477696K), 0.0030948 secs] [Times: user=0.02 sys=0.00, real=0.00 secs] 
2019-06-09T00:38:47.499+0300: 38.445: [GC (Allocation Failure) [PSYoungGen: 100480K->864K(134144K)] 140430K->40822K(475648K), 0.0049759 secs] [Times: user=0.04 sys=0.00, real=0.00 secs] 
2019-06-09T00:38:51.113+0300: 42.059: [GC (Allocation Failure) [PSYoungGen: 100704K->800K(139776K)] 140662K->40766K(481280K), 0.0026714 secs] [Times: user=0.01 sys=0.01, real=0.00 secs] 
2019-06-09T00:38:55.016+0300: 45.962: [GC (Allocation Failure) [PSYoungGen: 107808K->800K(137728K)] 147774K->40766K(479232K), 0.0039754 secs] [Times: user=0.02 sys=0.00, real=0.01 secs] 
2019-06-09T00:38:58.882+0300: 49.828: [GC (Allocation Failure) [PSYoungGen: 107808K->768K(142848K)] 147774K->40742K(484352K), 0.0032107 secs] [Times: user=0.01 sys=0.00, real=0.00 secs] 
2019-06-09T00:39:02.984+0300: 53.930: [GC (Allocation Failure) [PSYoungGen: 114432K->928K(141312K)] 154406K->40910K(482816K), 0.0034225 secs] [Times: user=0.01 sys=0.01, real=0.00 secs] 
2019-06-09T00:39:07.109+0300: 58.055: [GC (Allocation Failure) [PSYoungGen: 114592K->928K(145920K)] 154574K->40918K(487424K), 0.0046357 secs] [Times: user=0.02 sys=0.00, real=0.01 secs] 
2019-06-09T00:39:11.412+0300: 62.358: [GC (Allocation Failure) [PSYoungGen: 120736K->1335K(144384K)] 160726K->41333K(485888K), 0.0042958 secs] [Times: user=0.02 sys=0.00, real=0.00 secs] 
2019-06-09T00:39:16.863+0300: 67.809: [GC (Allocation Failure) [PSYoungGen: 121143K->896K(148992K)] 161141K->40902K(490496K), 0.0025303 secs] [Times: user=0.01 sys=0.00, real=0.00 secs] 
2019-06-09T00:39:22.598+0300: 73.544: [GC (Allocation Failure) [PSYoungGen: 126848K->896K(147456K)] 166854K->40910K(488960K), 0.0032209 secs] [Times: user=0.01 sys=0.00, real=0.00 secs] 
2019-06-09T00:39:28.365+0300: 79.311: [GC (Allocation Failure) [PSYoungGen: 126848K->672K(151552K)] 166862K->41046K(493056K), 0.0031584 secs] [Times: user=0.00 sys=0.01, real=0.00 secs] 
2019-06-09T00:39:34.353+0300: 85.299: [GC (Allocation Failure) [PSYoungGen: 131744K->736K(150016K)] 172118K->41166K(491520K), 0.0038830 secs] [Times: user=0.02 sys=0.01, real=0.00 secs] 
00:39:47.342 [Curator-PathChildrenCache-0] ERROR o.a.c.f.r.c.PathChildrenCache  - 
java.lang.IllegalStateException: instance must be started before calling this method
	at org.apache.curator.shaded.com.google.common.base.Preconditions.checkState(Preconditions.java:444)
	at org.apache.curator.framework.imps.CuratorFrameworkImpl.getChildren(CuratorFrameworkImpl.java:456)
	at org.apache.curator.framework.recipes.cache.PathChildrenCache.refresh(PathChildrenCache.java:521)
	at org.apache.curator.framework.recipes.cache.RefreshOperation.invoke(RefreshOperation.java:35)
	at org.apache.curator.framework.recipes.cache.PathChildrenCache$9.run(PathChildrenCache.java:786)
	at java.util.concurrent.Executors$RunnableAdapter.call(Executors.java:511)
	at java.util.concurrent.FutureTask.run(FutureTask.java:266)
	at java.util.concurrent.Executors$RunnableAdapter.call(Executors.java:511)
	at java.util.concurrent.FutureTask.run(FutureTask.java:266)
	at java.util.concurrent.ThreadPoolExecutor.runWorker(ThreadPoolExecutor.java:1149)
	at java.util.concurrent.ThreadPoolExecutor$Worker.run(ThreadPoolExecutor.java:624)
	at java.lang.Thread.run(Thread.java:748)
Heap
 PSYoungGen      total 150016K, used 131285K [0x00000000f5980000, 0x0000000100000000, 0x0000000100000000)
  eden space 131072K, 99% used [0x00000000f5980000,0x00000000fd8fd390,0x00000000fd980000)
  from space 18944K, 3% used [0x00000000fd980000,0x00000000fda380a0,0x00000000fec00000)
  to   space 17920K, 0% used [0x00000000fee80000,0x00000000fee80000,0x0000000100000000)
 ParOldGen       total 341504K, used 40430K [0x00000000e0c00000, 0x00000000f5980000, 0x00000000f5980000)
  object space 341504K, 11% used [0x00000000e0c00000,0x00000000e337b998,0x00000000f5980000)
 Metaspace       used 36460K, capacity 37467K, committed 37720K, reserved 1081344K
  class space    used 5017K, capacity 5220K, committed 5248K, reserved 1048576K
