17:32:24,523 |-INFO in ch.qos.logback.classic.LoggerContext[default] - Could NOT find resource [logback-test.xml]
17:32:24,523 |-INFO in ch.qos.logback.classic.LoggerContext[default] - Could NOT find resource [logback.groovy]
17:32:24,523 |-INFO in ch.qos.logback.classic.LoggerContext[default] - Found resource [logback.xml] at [jar:file:/root/flamestream/lib/flamestream-runtime-1.0-SNAPSHOT.jar!/logback.xml]
17:32:24,527 |-WARN in ch.qos.logback.classic.LoggerContext[default] - Resource [logback.xml] occurs multiple times on the classpath.
17:32:24,527 |-WARN in ch.qos.logback.classic.LoggerContext[default] - Resource [logback.xml] occurs at [jar:file:/root/flamestream/lib/flamestream-runtime-1.0-SNAPSHOT.jar!/logback.xml]
17:32:24,527 |-WARN in ch.qos.logback.classic.LoggerContext[default] - Resource [logback.xml] occurs at [jar:file:/root/flamestream/flamestream-runtime-1.0-SNAPSHOT.jar!/logback.xml]
17:32:24,546 |-INFO in ch.qos.logback.core.joran.spi.ConfigurationWatchList@3fb6a447 - URL [jar:file:/root/flamestream/lib/flamestream-runtime-1.0-SNAPSHOT.jar!/logback.xml] is not of type file
17:32:24,616 |-INFO in ch.qos.logback.classic.joran.action.ConfigurationAction - debug attribute not set
17:32:24,617 |-INFO in ch.qos.logback.core.joran.action.AppenderAction - About to instantiate appender of type [ch.qos.logback.core.ConsoleAppender]
17:32:24,635 |-INFO in ch.qos.logback.core.joran.action.AppenderAction - Naming appender as [STDOUT]
17:32:24,653 |-INFO in ch.qos.logback.core.joran.action.NestedComplexPropertyIA - Assuming default type [ch.qos.logback.classic.encoder.PatternLayoutEncoder] for [encoder] property
17:32:24,738 |-INFO in ch.qos.logback.core.joran.action.AppenderAction - About to instantiate appender of type [ch.qos.logback.core.rolling.RollingFileAppender]
17:32:24,743 |-INFO in ch.qos.logback.core.joran.action.AppenderAction - Naming appender as [FILE]
17:32:24,774 |-INFO in c.q.l.core.rolling.TimeBasedRollingPolicy@127618319 - No compression will be used
17:32:24,775 |-INFO in c.q.l.core.rolling.TimeBasedRollingPolicy@127618319 - Will use the pattern /tmp/application_%d{yyyy-MM-dd}.%i.log for the active file
17:32:24,778 |-INFO in ch.qos.logback.core.rolling.SizeAndTimeBasedFNATP@6b2fad11 - The date pattern is 'yyyy-MM-dd' from file name pattern '/tmp/application_%d{yyyy-MM-dd}.%i.log'.
17:32:24,778 |-INFO in ch.qos.logback.core.rolling.SizeAndTimeBasedFNATP@6b2fad11 - Roll-over at midnight.
17:32:24,783 |-INFO in ch.qos.logback.core.rolling.SizeAndTimeBasedFNATP@6b2fad11 - Setting initial period to Mon Jun 10 17:30:50 UTC 2019
17:32:24,783 |-WARN in ch.qos.logback.core.rolling.SizeAndTimeBasedFNATP@6b2fad11 - SizeAndTimeBasedFNATP is deprecated. Use SizeAndTimeBasedRollingPolicy instead
17:32:24,783 |-WARN in ch.qos.logback.core.rolling.SizeAndTimeBasedFNATP@6b2fad11 - For more information see http://logback.qos.ch/manual/appenders.html#SizeAndTimeBasedRollingPolicy
17:32:24,787 |-INFO in ch.qos.logback.core.joran.action.NestedComplexPropertyIA - Assuming default type [ch.qos.logback.classic.encoder.PatternLayoutEncoder] for [encoder] property
17:32:24,792 |-INFO in ch.qos.logback.core.rolling.RollingFileAppender[FILE] - Active log file name: /tmp/application.log
17:32:24,792 |-INFO in ch.qos.logback.core.rolling.RollingFileAppender[FILE] - File property is set to [/tmp/application.log]
17:32:24,793 |-INFO in ch.qos.logback.classic.joran.action.RootLoggerAction - Setting level of ROOT logger to WARN
17:32:24,793 |-INFO in ch.qos.logback.core.joran.action.AppenderRefAction - Attaching appender named [STDOUT] to Logger[ROOT]
17:32:24,795 |-INFO in ch.qos.logback.core.joran.action.AppenderRefAction - Attaching appender named [FILE] to Logger[ROOT]
17:32:24,795 |-INFO in ch.qos.logback.classic.joran.action.ConfigurationAction - End of configuration.
17:32:24,795 |-INFO in ch.qos.logback.classic.joran.JoranConfigurator@79698539 - Registering current configuration as safe fallback point

Ama winner
Ama winner
2019-06-10T17:32:26.083+0000: 1.740: [Full GC (Metadata GC Threshold) 2019-06-10T17:32:26.083+0000: 1.740: [Tenured: 0K->15177K(341376K), 0.0396076 secs] 115023K->15177K(494976K), [Metaspace: 20733K->20733K(1067008K)], 0.0396716 secs] [Times: user=0.03 sys=0.00, real=0.04 secs] 
17:32:47.664 [Curator-PathChildrenCache-1] WARN  o.a.c.u.ZKPaths  - The version of ZooKeeper being used doesn't support Container nodes. CreateMode.PERSISTENT will be used instead.
2019-06-10T17:32:50.033+0000: 25.690: [GC (Allocation Failure) 2019-06-10T17:32:50.033+0000: 25.690: [DefNew: 136576K->16585K(153600K), 0.0252621 secs] 151753K->51293K(494976K), 0.0253487 secs] [Times: user=0.02 sys=0.01, real=0.03 secs] 
2019-06-10T17:32:51.757+0000: 27.415: [Full GC (Metadata GC Threshold) 2019-06-10T17:32:51.757+0000: 27.415: [Tenured: 34708K->43408K(341376K), 0.0421005 secs] 91635K->43408K(494976K), [Metaspace: 34589K->34589K(1079296K)], 0.0421801 secs] [Times: user=0.04 sys=0.00, real=0.04 secs] 
2019-06-10T17:32:58.534+0000: 34.191: [GC (Allocation Failure) 2019-06-10T17:32:58.534+0000: 34.191: [DefNew: 136576K->68K(153600K), 0.0019238 secs] 179984K->43476K(494976K), 0.0019922 secs] [Times: user=0.00 sys=0.00, real=0.01 secs] 
2019-06-10T17:33:05.403+0000: 41.061: [GC (Allocation Failure) 2019-06-10T17:33:05.403+0000: 41.061: [DefNew: 136644K->67K(153600K), 0.0017769 secs] 180052K->43475K(494976K), 0.0018395 secs] [Times: user=0.01 sys=0.00, real=0.00 secs] 
2019-06-10T17:33:12.274+0000: 47.932: [GC (Allocation Failure) 2019-06-10T17:33:12.274+0000: 47.932: [DefNew: 136643K->73K(153600K), 0.0018700 secs] 180051K->43481K(494976K), 0.0019307 secs] [Times: user=0.01 sys=0.00, real=0.01 secs] 
2019-06-10T17:33:19.193+0000: 54.851: [GC (Allocation Failure) 2019-06-10T17:33:19.193+0000: 54.851: [DefNew: 136649K->69K(153600K), 0.0018340 secs] 180057K->43477K(494976K), 0.0018964 secs] [Times: user=0.01 sys=0.00, real=0.00 secs] 
2019-06-10T17:33:26.118+0000: 61.776: [GC (Allocation Failure) 2019-06-10T17:33:26.118+0000: 61.776: [DefNew: 136645K->238K(153600K), 0.0020721 secs] 180053K->43646K(494976K), 0.0021441 secs] [Times: user=0.00 sys=0.00, real=0.00 secs] 
17:33:41.353 [Curator-PathChildrenCache-0] ERROR o.a.c.f.r.c.PathChildrenCache  - 
java.lang.IllegalStateException: instance must be started before calling this method
	at org.apache.curator.shaded.com.google.common.base.Preconditions.checkState(Preconditions.java:444)
	at org.apache.curator.framework.imps.CuratorFrameworkImpl.getChildren(CuratorFrameworkImpl.java:456)
	at org.apache.curator.framework.recipes.cache.PathChildrenCache.refresh(PathChildrenCache.java:521)
	at org.apache.curator.framework.recipes.cache.RefreshOperation.invoke(RefreshOperation.java:35)
	at org.apache.curator.framework.recipes.cache.PathChildrenCache$9.run(PathChildrenCache.java:786)
	at java.util.concurrent.Executors$RunnableAdapter.call(Executors.java:511)
	at java.util.concurrent.FutureTask.run(FutureTask.java:266)
	at java.util.concurrent.Executors$RunnableAdapter.call(Executors.java:511)
	at java.util.concurrent.FutureTask.run(FutureTask.java:266)
	at java.util.concurrent.ThreadPoolExecutor.runWorker(ThreadPoolExecutor.java:1149)
	at java.util.concurrent.ThreadPoolExecutor$Worker.run(ThreadPoolExecutor.java:624)
	at java.lang.Thread.run(Thread.java:748)
Heap
 def new generation   total 153600K, used 71774K [0x00000000e0c00000, 0x00000000eb2a0000, 0x00000000eb2a0000)
  eden space 136576K,  52% used [0x00000000e0c00000, 0x00000000e51dbd90, 0x00000000e9160000)
  from space 17024K,   1% used [0x00000000e9160000, 0x00000000e919bb30, 0x00000000ea200000)
  to   space 17024K,   0% used [0x00000000ea200000, 0x00000000ea200000, 0x00000000eb2a0000)
 tenured generation   total 341376K, used 43408K [0x00000000eb2a0000, 0x0000000100000000, 0x0000000100000000)
   the space 341376K,  12% used [0x00000000eb2a0000, 0x00000000edd040a8, 0x00000000edd04200, 0x0000000100000000)
 Metaspace       used 36092K, capacity 36992K, committed 37120K, reserved 1081344K
  class space    used 4870K, capacity 5074K, committed 5120K, reserved 1048576K
