05:55:20,419 |-INFO in ch.qos.logback.classic.LoggerContext[default] - Could NOT find resource [logback-test.xml]
05:55:20,419 |-INFO in ch.qos.logback.classic.LoggerContext[default] - Could NOT find resource [logback.groovy]
05:55:20,419 |-INFO in ch.qos.logback.classic.LoggerContext[default] - Found resource [logback.xml] at [jar:file:/home/nikitasokolov/flamestream/lib/flamestream-runtime-1.0-SNAPSHOT.jar!/logback.xml]
05:55:20,420 |-WARN in ch.qos.logback.classic.LoggerContext[default] - Resource [logback.xml] occurs multiple times on the classpath.
05:55:20,420 |-WARN in ch.qos.logback.classic.LoggerContext[default] - Resource [logback.xml] occurs at [jar:file:/home/nikitasokolov/flamestream/lib/flamestream-runtime-1.0-SNAPSHOT.jar!/logback.xml]
05:55:20,420 |-WARN in ch.qos.logback.classic.LoggerContext[default] - Resource [logback.xml] occurs at [jar:file:/home/nikitasokolov/flamestream/flamestream-runtime-1.0-SNAPSHOT.jar!/logback.xml]
05:55:20,436 |-INFO in ch.qos.logback.core.joran.spi.ConfigurationWatchList@6108b2d7 - URL [jar:file:/home/nikitasokolov/flamestream/lib/flamestream-runtime-1.0-SNAPSHOT.jar!/logback.xml] is not of type file
05:55:20,486 |-INFO in ch.qos.logback.classic.joran.action.ConfigurationAction - debug attribute not set
05:55:20,487 |-INFO in ch.qos.logback.core.joran.action.AppenderAction - About to instantiate appender of type [ch.qos.logback.core.ConsoleAppender]
05:55:20,495 |-INFO in ch.qos.logback.core.joran.action.AppenderAction - Naming appender as [STDOUT]
05:55:20,503 |-INFO in ch.qos.logback.core.joran.action.NestedComplexPropertyIA - Assuming default type [ch.qos.logback.classic.encoder.PatternLayoutEncoder] for [encoder] property
05:55:20,561 |-INFO in ch.qos.logback.core.joran.action.AppenderAction - About to instantiate appender of type [ch.qos.logback.core.rolling.RollingFileAppender]
05:55:20,566 |-INFO in ch.qos.logback.core.joran.action.AppenderAction - Naming appender as [FILE]
05:55:20,587 |-INFO in c.q.l.core.rolling.TimeBasedRollingPolicy@357863579 - No compression will be used
05:55:20,588 |-INFO in c.q.l.core.rolling.TimeBasedRollingPolicy@357863579 - Will use the pattern /tmp/application_%d{yyyy-MM-dd}.%i.log for the active file
05:55:20,591 |-INFO in ch.qos.logback.core.rolling.SizeAndTimeBasedFNATP@6bf256fa - The date pattern is 'yyyy-MM-dd' from file name pattern '/tmp/application_%d{yyyy-MM-dd}.%i.log'.
05:55:20,591 |-INFO in ch.qos.logback.core.rolling.SizeAndTimeBasedFNATP@6bf256fa - Roll-over at midnight.
05:55:20,595 |-INFO in ch.qos.logback.core.rolling.SizeAndTimeBasedFNATP@6bf256fa - Setting initial period to Sun Jun 09 05:54:39 MSK 2019
05:55:20,595 |-WARN in ch.qos.logback.core.rolling.SizeAndTimeBasedFNATP@6bf256fa - SizeAndTimeBasedFNATP is deprecated. Use SizeAndTimeBasedRollingPolicy instead
05:55:20,595 |-WARN in ch.qos.logback.core.rolling.SizeAndTimeBasedFNATP@6bf256fa - For more information see http://logback.qos.ch/manual/appenders.html#SizeAndTimeBasedRollingPolicy
05:55:20,599 |-INFO in ch.qos.logback.core.joran.action.NestedComplexPropertyIA - Assuming default type [ch.qos.logback.classic.encoder.PatternLayoutEncoder] for [encoder] property
05:55:20,601 |-INFO in ch.qos.logback.core.rolling.RollingFileAppender[FILE] - Active log file name: /tmp/application.log
05:55:20,601 |-INFO in ch.qos.logback.core.rolling.RollingFileAppender[FILE] - File property is set to [/tmp/application.log]
05:55:20,602 |-INFO in ch.qos.logback.classic.joran.action.RootLoggerAction - Setting level of ROOT logger to WARN
05:55:20,602 |-INFO in ch.qos.logback.core.joran.action.AppenderRefAction - Attaching appender named [STDOUT] to Logger[ROOT]
05:55:20,603 |-INFO in ch.qos.logback.core.joran.action.AppenderRefAction - Attaching appender named [FILE] to Logger[ROOT]
05:55:20,603 |-INFO in ch.qos.logback.classic.joran.action.ConfigurationAction - End of configuration.
05:55:20,604 |-INFO in ch.qos.logback.classic.joran.JoranConfigurator@6cd8737 - Registering current configuration as safe fallback point

2019-06-09T05:55:21.591+0300: 1.366: [GC (Metadata GC Threshold) [PSYoungGen: 108152K->15952K(149504K)] 108152K->16032K(491008K), 0.0223103 secs] [Times: user=0.08 sys=0.04, real=0.02 secs] 
2019-06-09T05:55:21.614+0300: 1.388: [Full GC (Metadata GC Threshold) [PSYoungGen: 15952K->0K(149504K)] [ParOldGen: 80K->15077K(341504K)] 16032K->15077K(491008K), [Metaspace: 20801K->20801K(1067008K)], 0.0301169 secs] [Times: user=0.21 sys=0.01, real=0.03 secs] 
05:55:29.999 [Curator-PathChildrenCache-1] WARN  o.a.c.u.ZKPaths  - The version of ZooKeeper being used doesn't support Container nodes. CreateMode.PERSISTENT will be used instead.
2019-06-09T05:55:30.892+0300: 10.667: [GC (Metadata GC Threshold) [PSYoungGen: 124062K->15969K(149504K)] 139140K->50586K(491008K), 0.0299280 secs] [Times: user=0.21 sys=0.03, real=0.03 secs] 
2019-06-09T05:55:30.922+0300: 10.697: [Full GC (Metadata GC Threshold) [PSYoungGen: 15969K->0K(149504K)] [ParOldGen: 34617K->39087K(341504K)] 50586K->39087K(491008K), [Metaspace: 34577K->34577K(1079296K)], 0.0390452 secs] [Times: user=0.22 sys=0.01, real=0.04 secs] 
2019-06-09T05:55:32.938+0300: 12.713: [GC (Allocation Failure) [PSYoungGen: 128512K->480K(149504K)] 167599K->39575K(491008K), 0.0025146 secs] [Times: user=0.02 sys=0.00, real=0.00 secs] 
2019-06-09T05:55:35.333+0300: 15.169: [GC (Allocation Failure) [PSYoungGen: 128992K->640K(149504K)] 168087K->39743K(491008K), 0.0662068 secs] [Times: user=0.03 sys=0.00, real=0.07 secs] 
2019-06-09T05:55:37.674+0300: 17.449: [GC (Allocation Failure) [PSYoungGen: 129152K->736K(129536K)] 168255K->39847K(471040K), 0.0036985 secs] [Times: user=0.02 sys=0.00, real=0.01 secs] 
2019-06-09T05:55:40.045+0300: 19.819: [GC (Allocation Failure) [PSYoungGen: 129248K->704K(150016K)] 168359K->39815K(491520K), 0.0030542 secs] [Times: user=0.01 sys=0.00, real=0.00 secs] 
2019-06-09T05:55:42.442+0300: 22.217: [GC (Allocation Failure) [PSYoungGen: 129216K->736K(148992K)] 168327K->39855K(490496K), 0.0103466 secs] [Times: user=0.08 sys=0.01, real=0.01 secs] 
2019-06-09T05:55:44.841+0300: 24.616: [GC (Allocation Failure) [PSYoungGen: 129248K->704K(151552K)] 168367K->39831K(493056K), 0.0066698 secs] [Times: user=0.05 sys=0.00, real=0.00 secs] 
2019-06-09T05:55:47.341+0300: 27.115: [GC (Allocation Failure) [PSYoungGen: 132800K->768K(151040K)] 171927K->39895K(492544K), 0.0041459 secs] [Times: user=0.03 sys=0.00, real=0.00 secs] 
2019-06-09T05:55:49.800+0300: 29.575: [GC (Allocation Failure) [PSYoungGen: 132864K->768K(153088K)] 171991K->39903K(494592K), 0.0053264 secs] [Times: user=0.03 sys=0.00, real=0.00 secs] 
2019-06-09T05:55:52.326+0300: 32.101: [GC (Allocation Failure) [PSYoungGen: 135936K->672K(152576K)] 175071K->39815K(494080K), 0.0889953 secs] [Times: user=0.10 sys=0.00, real=0.09 secs] 
2019-06-09T05:55:54.912+0300: 34.687: [GC (Allocation Failure) [PSYoungGen: 135840K->832K(154624K)] 174983K->39975K(496128K), 0.0031014 secs] [Times: user=0.01 sys=0.01, real=0.00 secs] 
2019-06-09T05:55:57.487+0300: 37.262: [GC (Allocation Failure) [PSYoungGen: 139072K->736K(154112K)] 178215K->39879K(495616K), 0.0725898 secs] [Times: user=0.03 sys=0.00, real=0.08 secs] 
2019-06-09T05:56:00.054+0300: 39.829: [GC (Allocation Failure) [PSYoungGen: 138976K->768K(156672K)] 178119K->39919K(498176K), 0.0030646 secs] [Times: user=0.01 sys=0.00, real=0.00 secs] 
2019-06-09T05:56:02.715+0300: 42.490: [GC (Allocation Failure) [PSYoungGen: 142592K->736K(155648K)] 181743K->39887K(497152K), 0.1001489 secs] [Times: user=0.01 sys=0.00, real=0.10 secs] 
2019-06-09T05:56:05.372+0300: 45.147: [GC (Allocation Failure) [PSYoungGen: 142560K->832K(158208K)] 181711K->39983K(499712K), 0.0029335 secs] [Times: user=0.01 sys=0.00, real=0.00 secs] 
05:56:13.007 [Curator-PathChildrenCache-0] ERROR o.a.c.f.r.c.PathChildrenCache  - 
java.lang.IllegalStateException: instance must be started before calling this method
	at org.apache.curator.shaded.com.google.common.base.Preconditions.checkState(Preconditions.java:444)
	at org.apache.curator.framework.imps.CuratorFrameworkImpl.getChildren(CuratorFrameworkImpl.java:456)
	at org.apache.curator.framework.recipes.cache.PathChildrenCache.refresh(PathChildrenCache.java:521)
	at org.apache.curator.framework.recipes.cache.RefreshOperation.invoke(RefreshOperation.java:35)
	at org.apache.curator.framework.recipes.cache.PathChildrenCache$9.run(PathChildrenCache.java:786)
	at java.util.concurrent.Executors$RunnableAdapter.call(Executors.java:511)
	at java.util.concurrent.FutureTask.run(FutureTask.java:266)
	at java.util.concurrent.Executors$RunnableAdapter.call(Executors.java:511)
	at java.util.concurrent.FutureTask.run(FutureTask.java:266)
	at java.util.concurrent.ThreadPoolExecutor.runWorker(ThreadPoolExecutor.java:1149)
	at java.util.concurrent.ThreadPoolExecutor$Worker.run(ThreadPoolExecutor.java:624)
	at java.lang.Thread.run(Thread.java:748)
Heap
 PSYoungGen      total 158208K, used 107090K [0x00000000f5980000, 0x0000000100000000, 0x0000000100000000)
  eden space 144896K, 73% used [0x00000000f5980000,0x00000000fc144ac8,0x00000000fe700000)
  from space 13312K, 6% used [0x00000000ff300000,0x00000000ff3d00a0,0x0000000100000000)
  to   space 12288K, 0% used [0x00000000fe700000,0x00000000fe700000,0x00000000ff300000)
 ParOldGen       total 341504K, used 39151K [0x00000000e0c00000, 0x00000000f5980000, 0x00000000f5980000)
  object space 341504K, 11% used [0x00000000e0c00000,0x00000000e323be00,0x00000000f5980000)
 Metaspace       used 35759K, capacity 36606K, committed 36952K, reserved 1081344K
  class space    used 4936K, capacity 5129K, committed 5248K, reserved 1048576K
