05:24:36,692 |-INFO in ch.qos.logback.classic.LoggerContext[default] - Could NOT find resource [logback-test.xml]
05:24:36,692 |-INFO in ch.qos.logback.classic.LoggerContext[default] - Could NOT find resource [logback.groovy]
05:24:36,692 |-INFO in ch.qos.logback.classic.LoggerContext[default] - Found resource [logback.xml] at [jar:file:/home/nikitasokolov/flamestream/lib/flamestream-runtime-1.0-SNAPSHOT.jar!/logback.xml]
05:24:36,693 |-WARN in ch.qos.logback.classic.LoggerContext[default] - Resource [logback.xml] occurs multiple times on the classpath.
05:24:36,693 |-WARN in ch.qos.logback.classic.LoggerContext[default] - Resource [logback.xml] occurs at [jar:file:/home/nikitasokolov/flamestream/lib/flamestream-runtime-1.0-SNAPSHOT.jar!/logback.xml]
05:24:36,693 |-WARN in ch.qos.logback.classic.LoggerContext[default] - Resource [logback.xml] occurs at [jar:file:/home/nikitasokolov/flamestream/flamestream-runtime-1.0-SNAPSHOT.jar!/logback.xml]
05:24:36,709 |-INFO in ch.qos.logback.core.joran.spi.ConfigurationWatchList@6108b2d7 - URL [jar:file:/home/nikitasokolov/flamestream/lib/flamestream-runtime-1.0-SNAPSHOT.jar!/logback.xml] is not of type file
05:24:36,759 |-INFO in ch.qos.logback.classic.joran.action.ConfigurationAction - debug attribute not set
05:24:36,760 |-INFO in ch.qos.logback.core.joran.action.AppenderAction - About to instantiate appender of type [ch.qos.logback.core.ConsoleAppender]
05:24:36,767 |-INFO in ch.qos.logback.core.joran.action.AppenderAction - Naming appender as [STDOUT]
05:24:36,776 |-INFO in ch.qos.logback.core.joran.action.NestedComplexPropertyIA - Assuming default type [ch.qos.logback.classic.encoder.PatternLayoutEncoder] for [encoder] property
05:24:36,834 |-INFO in ch.qos.logback.core.joran.action.AppenderAction - About to instantiate appender of type [ch.qos.logback.core.rolling.RollingFileAppender]
05:24:36,838 |-INFO in ch.qos.logback.core.joran.action.AppenderAction - Naming appender as [FILE]
05:24:36,861 |-INFO in c.q.l.core.rolling.TimeBasedRollingPolicy@357863579 - No compression will be used
05:24:36,862 |-INFO in c.q.l.core.rolling.TimeBasedRollingPolicy@357863579 - Will use the pattern /tmp/application_%d{yyyy-MM-dd}.%i.log for the active file
05:24:36,865 |-INFO in ch.qos.logback.core.rolling.SizeAndTimeBasedFNATP@6bf256fa - The date pattern is 'yyyy-MM-dd' from file name pattern '/tmp/application_%d{yyyy-MM-dd}.%i.log'.
05:24:36,865 |-INFO in ch.qos.logback.core.rolling.SizeAndTimeBasedFNATP@6bf256fa - Roll-over at midnight.
05:24:36,869 |-INFO in ch.qos.logback.core.rolling.SizeAndTimeBasedFNATP@6bf256fa - Setting initial period to Sun Jun 09 05:23:54 MSK 2019
05:24:36,869 |-WARN in ch.qos.logback.core.rolling.SizeAndTimeBasedFNATP@6bf256fa - SizeAndTimeBasedFNATP is deprecated. Use SizeAndTimeBasedRollingPolicy instead
05:24:36,869 |-WARN in ch.qos.logback.core.rolling.SizeAndTimeBasedFNATP@6bf256fa - For more information see http://logback.qos.ch/manual/appenders.html#SizeAndTimeBasedRollingPolicy
05:24:36,874 |-INFO in ch.qos.logback.core.joran.action.NestedComplexPropertyIA - Assuming default type [ch.qos.logback.classic.encoder.PatternLayoutEncoder] for [encoder] property
05:24:36,877 |-INFO in ch.qos.logback.core.rolling.RollingFileAppender[FILE] - Active log file name: /tmp/application.log
05:24:36,877 |-INFO in ch.qos.logback.core.rolling.RollingFileAppender[FILE] - File property is set to [/tmp/application.log]
05:24:36,878 |-INFO in ch.qos.logback.classic.joran.action.RootLoggerAction - Setting level of ROOT logger to WARN
05:24:36,878 |-INFO in ch.qos.logback.core.joran.action.AppenderRefAction - Attaching appender named [STDOUT] to Logger[ROOT]
05:24:36,879 |-INFO in ch.qos.logback.core.joran.action.AppenderRefAction - Attaching appender named [FILE] to Logger[ROOT]
05:24:36,879 |-INFO in ch.qos.logback.classic.joran.action.ConfigurationAction - End of configuration.
05:24:36,880 |-INFO in ch.qos.logback.classic.joran.JoranConfigurator@6cd8737 - Registering current configuration as safe fallback point

2019-06-09T05:24:37.873+0300: 1.383: [GC (Metadata GC Threshold) [PSYoungGen: 108152K->15889K(149504K)] 108152K->15969K(491008K), 0.0193995 secs] [Times: user=0.08 sys=0.01, real=0.02 secs] 
2019-06-09T05:24:37.893+0300: 1.402: [Full GC (Metadata GC Threshold) [PSYoungGen: 15889K->0K(149504K)] [ParOldGen: 80K->15078K(341504K)] 15969K->15078K(491008K), [Metaspace: 20802K->20802K(1067008K)], 0.0291713 secs] [Times: user=0.18 sys=0.02, real=0.03 secs] 
05:24:45.797 [Curator-PathChildrenCache-1] WARN  o.a.c.u.ZKPaths  - The version of ZooKeeper being used doesn't support Container nodes. CreateMode.PERSISTENT will be used instead.
2019-06-09T05:24:46.772+0300: 10.281: [GC (Metadata GC Threshold) [PSYoungGen: 124841K->16052K(149504K)] 139919K->50670K(491008K), 0.0279403 secs] [Times: user=0.23 sys=0.02, real=0.03 secs] 
2019-06-09T05:24:46.800+0300: 10.309: [Full GC (Metadata GC Threshold) [PSYoungGen: 16052K->0K(149504K)] [ParOldGen: 34617K->39129K(341504K)] 50670K->39129K(491008K), [Metaspace: 34570K->34570K(1079296K)], 0.0365267 secs] [Times: user=0.21 sys=0.00, real=0.03 secs] 
2019-06-09T05:24:50.646+0300: 14.155: [GC (Allocation Failure) [PSYoungGen: 128512K->544K(149504K)] 167641K->39681K(491008K), 0.0039681 secs] [Times: user=0.02 sys=0.01, real=0.01 secs] 
2019-06-09T05:24:55.072+0300: 18.581: [GC (Allocation Failure) [PSYoungGen: 129056K->608K(149504K)] 168193K->39745K(491008K), 0.0054880 secs] [Times: user=0.03 sys=0.00, real=0.00 secs] 
2019-06-09T05:24:59.531+0300: 23.040: [GC (Allocation Failure) [PSYoungGen: 129120K->576K(129536K)] 168257K->39713K(471040K), 0.0033803 secs] [Times: user=0.01 sys=0.01, real=0.00 secs] 
2019-06-09T05:25:04.005+0300: 27.515: [GC (Allocation Failure) [PSYoungGen: 129088K->704K(150016K)] 168225K->39849K(491520K), 0.0046629 secs] [Times: user=0.03 sys=0.01, real=0.01 secs] 
2019-06-09T05:25:08.477+0300: 31.986: [GC (Allocation Failure) [PSYoungGen: 129216K->608K(148992K)] 168361K->39761K(490496K), 0.0028720 secs] [Times: user=0.01 sys=0.00, real=0.01 secs] 
2019-06-09T05:25:13.005+0300: 36.515: [GC (Allocation Failure) [PSYoungGen: 129120K->640K(151552K)] 168273K->39801K(493056K), 0.0026399 secs] [Times: user=0.01 sys=0.01, real=0.00 secs] 
2019-06-09T05:25:17.642+0300: 41.151: [GC (Allocation Failure) [PSYoungGen: 132224K->640K(150528K)] 171385K->39809K(492032K), 0.0031446 secs] [Times: user=0.01 sys=0.01, real=0.00 secs] 
2019-06-09T05:25:22.251+0300: 45.760: [GC (Allocation Failure) [PSYoungGen: 132224K->640K(153088K)] 171393K->39809K(494592K), 0.0082006 secs] [Times: user=0.08 sys=0.00, real=0.01 secs] 
2019-06-09T05:25:27.013+0300: 50.523: [GC (Allocation Failure) [PSYoungGen: 135808K->736K(152576K)] 174977K->39905K(494080K), 0.0034772 secs] [Times: user=0.02 sys=0.00, real=0.00 secs] 
2019-06-09T05:25:31.743+0300: 55.252: [GC (Allocation Failure) [PSYoungGen: 135904K->640K(154624K)] 175073K->39809K(496128K), 0.0029695 secs] [Times: user=0.00 sys=0.00, real=0.00 secs] 
2019-06-09T05:25:36.586+0300: 60.095: [GC (Allocation Failure) [PSYoungGen: 138880K->608K(154112K)] 178049K->39785K(495616K), 0.0036757 secs] [Times: user=0.02 sys=0.01, real=0.01 secs] 
2019-06-09T05:25:42.278+0300: 65.787: [GC (Allocation Failure) [PSYoungGen: 138848K->983K(156672K)] 178025K->40161K(498176K), 0.0039015 secs] [Times: user=0.01 sys=0.00, real=0.00 secs] 
2019-06-09T05:25:48.561+0300: 72.071: [GC (Allocation Failure) [PSYoungGen: 142807K->704K(155648K)] 181985K->39881K(497152K), 0.0042048 secs] [Times: user=0.02 sys=0.00, real=0.00 secs] 
2019-06-09T05:25:54.877+0300: 78.387: [GC (Allocation Failure) [PSYoungGen: 142528K->768K(158208K)] 181705K->39953K(499712K), 0.0047575 secs] [Times: user=0.03 sys=0.01, real=0.01 secs] 
05:26:03.331 [Curator-PathChildrenCache-0] ERROR o.a.c.f.r.c.PathChildrenCache  - 
java.lang.IllegalStateException: instance must be started before calling this method
	at org.apache.curator.shaded.com.google.common.base.Preconditions.checkState(Preconditions.java:444)
	at org.apache.curator.framework.imps.CuratorFrameworkImpl.getChildren(CuratorFrameworkImpl.java:456)
	at org.apache.curator.framework.recipes.cache.PathChildrenCache.refresh(PathChildrenCache.java:521)
	at org.apache.curator.framework.recipes.cache.RefreshOperation.invoke(RefreshOperation.java:35)
	at org.apache.curator.framework.recipes.cache.PathChildrenCache$9.run(PathChildrenCache.java:786)
	at java.util.concurrent.Executors$RunnableAdapter.call(Executors.java:511)
	at java.util.concurrent.FutureTask.run(FutureTask.java:266)
	at java.util.concurrent.Executors$RunnableAdapter.call(Executors.java:511)
	at java.util.concurrent.FutureTask.run(FutureTask.java:266)
	at java.util.concurrent.ThreadPoolExecutor.runWorker(ThreadPoolExecutor.java:1149)
	at java.util.concurrent.ThreadPoolExecutor$Worker.run(ThreadPoolExecutor.java:624)
	at java.lang.Thread.run(Thread.java:748)
Heap
 PSYoungGen      total 158208K, used 16405K [0x00000000f5980000, 0x0000000100000000, 0x0000000100000000)
  eden space 144896K, 10% used [0x00000000f5980000,0x00000000f68c5598,0x00000000fe700000)
  from space 13312K, 5% used [0x00000000ff300000,0x00000000ff3c0090,0x0000000100000000)
  to   space 12288K, 0% used [0x00000000fe700000,0x00000000fe700000,0x00000000ff300000)
 ParOldGen       total 341504K, used 39185K [0x00000000e0c00000, 0x00000000f5980000, 0x00000000f5980000)
  object space 341504K, 11% used [0x00000000e0c00000,0x00000000e3244768,0x00000000f5980000)
 Metaspace       used 36213K, capacity 37022K, committed 37208K, reserved 1081344K
  class space    used 4978K, capacity 5161K, committed 5248K, reserved 1048576K
