20:14:48,568 |-INFO in ch.qos.logback.classic.LoggerContext[default] - Could NOT find resource [logback-test.xml]
20:14:48,568 |-INFO in ch.qos.logback.classic.LoggerContext[default] - Could NOT find resource [logback.groovy]
20:14:48,568 |-INFO in ch.qos.logback.classic.LoggerContext[default] - Found resource [logback.xml] at [jar:file:/root/flamestream/lib/flamestream-runtime-1.0-SNAPSHOT.jar!/logback.xml]
20:14:48,569 |-WARN in ch.qos.logback.classic.LoggerContext[default] - Resource [logback.xml] occurs multiple times on the classpath.
20:14:48,574 |-WARN in ch.qos.logback.classic.LoggerContext[default] - Resource [logback.xml] occurs at [jar:file:/root/flamestream/lib/flamestream-runtime-1.0-SNAPSHOT.jar!/logback.xml]
20:14:48,574 |-WARN in ch.qos.logback.classic.LoggerContext[default] - Resource [logback.xml] occurs at [jar:file:/root/flamestream/flamestream-runtime-1.0-SNAPSHOT.jar!/logback.xml]
20:14:48,593 |-INFO in ch.qos.logback.core.joran.spi.ConfigurationWatchList@3fb6a447 - URL [jar:file:/root/flamestream/lib/flamestream-runtime-1.0-SNAPSHOT.jar!/logback.xml] is not of type file
20:14:48,659 |-INFO in ch.qos.logback.classic.joran.action.ConfigurationAction - debug attribute not set
20:14:48,660 |-INFO in ch.qos.logback.core.joran.action.AppenderAction - About to instantiate appender of type [ch.qos.logback.core.ConsoleAppender]
20:14:48,677 |-INFO in ch.qos.logback.core.joran.action.AppenderAction - Naming appender as [STDOUT]
20:14:48,690 |-INFO in ch.qos.logback.core.joran.action.NestedComplexPropertyIA - Assuming default type [ch.qos.logback.classic.encoder.PatternLayoutEncoder] for [encoder] property
20:14:48,795 |-INFO in ch.qos.logback.core.joran.action.AppenderAction - About to instantiate appender of type [ch.qos.logback.core.rolling.RollingFileAppender]
20:14:48,806 |-INFO in ch.qos.logback.core.joran.action.AppenderAction - Naming appender as [FILE]
20:14:48,834 |-INFO in c.q.l.core.rolling.TimeBasedRollingPolicy@127618319 - No compression will be used
20:14:48,835 |-INFO in c.q.l.core.rolling.TimeBasedRollingPolicy@127618319 - Will use the pattern /tmp/application_%d{yyyy-MM-dd}.%i.log for the active file
20:14:48,838 |-INFO in ch.qos.logback.core.rolling.SizeAndTimeBasedFNATP@6b2fad11 - The date pattern is 'yyyy-MM-dd' from file name pattern '/tmp/application_%d{yyyy-MM-dd}.%i.log'.
20:14:48,838 |-INFO in ch.qos.logback.core.rolling.SizeAndTimeBasedFNATP@6b2fad11 - Roll-over at midnight.
20:14:48,843 |-INFO in ch.qos.logback.core.rolling.SizeAndTimeBasedFNATP@6b2fad11 - Setting initial period to Mon Jun 10 20:13:23 UTC 2019
20:14:48,843 |-WARN in ch.qos.logback.core.rolling.SizeAndTimeBasedFNATP@6b2fad11 - SizeAndTimeBasedFNATP is deprecated. Use SizeAndTimeBasedRollingPolicy instead
20:14:48,843 |-WARN in ch.qos.logback.core.rolling.SizeAndTimeBasedFNATP@6b2fad11 - For more information see http://logback.qos.ch/manual/appenders.html#SizeAndTimeBasedRollingPolicy
20:14:48,847 |-INFO in ch.qos.logback.core.joran.action.NestedComplexPropertyIA - Assuming default type [ch.qos.logback.classic.encoder.PatternLayoutEncoder] for [encoder] property
20:14:48,852 |-INFO in ch.qos.logback.core.rolling.RollingFileAppender[FILE] - Active log file name: /tmp/application.log
20:14:48,852 |-INFO in ch.qos.logback.core.rolling.RollingFileAppender[FILE] - File property is set to [/tmp/application.log]
20:14:48,853 |-INFO in ch.qos.logback.classic.joran.action.RootLoggerAction - Setting level of ROOT logger to WARN
20:14:48,853 |-INFO in ch.qos.logback.core.joran.action.AppenderRefAction - Attaching appender named [STDOUT] to Logger[ROOT]
20:14:48,855 |-INFO in ch.qos.logback.core.joran.action.AppenderRefAction - Attaching appender named [FILE] to Logger[ROOT]
20:14:48,855 |-INFO in ch.qos.logback.classic.joran.action.ConfigurationAction - End of configuration.
20:14:48,856 |-INFO in ch.qos.logback.classic.joran.JoranConfigurator@79698539 - Registering current configuration as safe fallback point

Ama winner
Ama winner
2019-06-10T20:14:50.144+0000: 1.760: [Full GC (Metadata GC Threshold) 2019-06-10T20:14:50.144+0000: 1.760: [Tenured: 0K->15240K(341376K), 0.0392208 secs] 114987K->15240K(494976K), [Metaspace: 20734K->20734K(1067008K)], 0.0392866 secs] [Times: user=0.03 sys=0.01, real=0.04 secs] 
20:15:12.693 [Curator-PathChildrenCache-1] WARN  o.a.c.u.ZKPaths  - The version of ZooKeeper being used doesn't support Container nodes. CreateMode.PERSISTENT will be used instead.
2019-06-10T20:15:14.902+0000: 26.519: [GC (Allocation Failure) 2019-06-10T20:15:14.903+0000: 26.519: [DefNew: 136576K->17023K(153600K), 0.0258708 secs] 151816K->52737K(494976K), 0.0259403 secs] [Times: user=0.01 sys=0.01, real=0.03 secs] 
2019-06-10T20:15:16.554+0000: 28.170: [Full GC (Metadata GC Threshold) 2019-06-10T20:15:16.554+0000: 28.170: [Tenured: 35713K->44306K(341376K), 0.0395348 secs] 87775K->44306K(494976K), [Metaspace: 34589K->34589K(1079296K)], 0.0396025 secs] [Times: user=0.04 sys=0.00, real=0.04 secs] 
2019-06-10T20:15:22.672+0000: 34.289: [GC (Allocation Failure) 2019-06-10T20:15:22.672+0000: 34.289: [DefNew: 136576K->123K(153600K), 0.0018639 secs] 180882K->44430K(494976K), 0.0019335 secs] [Times: user=0.00 sys=0.00, real=0.00 secs] 
2019-06-10T20:15:28.682+0000: 40.298: [GC (Allocation Failure) 2019-06-10T20:15:28.682+0000: 40.298: [DefNew: 136699K->182K(153600K), 0.0017833 secs] 181006K->44489K(494976K), 0.0018549 secs] [Times: user=0.00 sys=0.00, real=0.00 secs] 
2019-06-10T20:15:34.747+0000: 46.364: [GC (Allocation Failure) 2019-06-10T20:15:34.747+0000: 46.364: [DefNew: 136758K->186K(153600K), 0.0018778 secs] 181065K->44492K(494976K), 0.0019337 secs] [Times: user=0.01 sys=0.00, real=0.00 secs] 
2019-06-10T20:15:40.869+0000: 52.486: [GC (Allocation Failure) 2019-06-10T20:15:40.869+0000: 52.486: [DefNew: 136762K->184K(153600K), 0.0018104 secs] 181068K->44491K(494976K), 0.0018676 secs] [Times: user=0.01 sys=0.00, real=0.00 secs] 
2019-06-10T20:15:46.980+0000: 58.596: [GC (Allocation Failure) 2019-06-10T20:15:46.980+0000: 58.596: [DefNew: 136760K->184K(153600K), 0.0019327 secs] 181067K->44491K(494976K), 0.0019968 secs] [Times: user=0.00 sys=0.00, real=0.00 secs] 
20:15:57.254 [Curator-PathChildrenCache-0] ERROR o.a.c.f.r.c.PathChildrenCache  - 
java.lang.IllegalStateException: instance must be started before calling this method
	at org.apache.curator.shaded.com.google.common.base.Preconditions.checkState(Preconditions.java:444)
	at org.apache.curator.framework.imps.CuratorFrameworkImpl.getChildren(CuratorFrameworkImpl.java:456)
	at org.apache.curator.framework.recipes.cache.PathChildrenCache.refresh(PathChildrenCache.java:521)
	at org.apache.curator.framework.recipes.cache.RefreshOperation.invoke(RefreshOperation.java:35)
	at org.apache.curator.framework.recipes.cache.PathChildrenCache$9.run(PathChildrenCache.java:786)
	at java.util.concurrent.Executors$RunnableAdapter.call(Executors.java:511)
	at java.util.concurrent.FutureTask.run(FutureTask.java:266)
	at java.util.concurrent.Executors$RunnableAdapter.call(Executors.java:511)
	at java.util.concurrent.FutureTask.run(FutureTask.java:266)
	at java.util.concurrent.ThreadPoolExecutor.runWorker(ThreadPoolExecutor.java:1149)
	at java.util.concurrent.ThreadPoolExecutor$Worker.run(ThreadPoolExecutor.java:624)
	at java.lang.Thread.run(Thread.java:748)
Heap
 def new generation   total 153600K, used 85270K [0x00000000e0c00000, 0x00000000eb2a0000, 0x00000000eb2a0000)
  eden space 136576K,  62% used [0x00000000e0c00000, 0x00000000e5f17778, 0x00000000e9160000)
  from space 17024K,   1% used [0x00000000e9160000, 0x00000000e918e2e0, 0x00000000ea200000)
  to   space 17024K,   0% used [0x00000000ea200000, 0x00000000ea200000, 0x00000000eb2a0000)
 tenured generation   total 341376K, used 44306K [0x00000000eb2a0000, 0x0000000100000000, 0x0000000100000000)
   the space 341376K,  12% used [0x00000000eb2a0000, 0x00000000edde4b58, 0x00000000edde4c00, 0x0000000100000000)
 Metaspace       used 36269K, capacity 37138K, committed 37376K, reserved 1081344K
  class space    used 4872K, capacity 5077K, committed 5120K, reserved 1048576K
