07:42:21,200 |-INFO in ch.qos.logback.classic.LoggerContext[default] - Could NOT find resource [logback-test.xml]
07:42:21,200 |-INFO in ch.qos.logback.classic.LoggerContext[default] - Could NOT find resource [logback.groovy]
07:42:21,200 |-INFO in ch.qos.logback.classic.LoggerContext[default] - Found resource [logback.xml] at [jar:file:/root/flamestream/lib/flamestream-runtime-1.0-SNAPSHOT.jar!/logback.xml]
07:42:21,201 |-WARN in ch.qos.logback.classic.LoggerContext[default] - Resource [logback.xml] occurs multiple times on the classpath.
07:42:21,201 |-WARN in ch.qos.logback.classic.LoggerContext[default] - Resource [logback.xml] occurs at [jar:file:/root/flamestream/lib/flamestream-runtime-1.0-SNAPSHOT.jar!/logback.xml]
07:42:21,201 |-WARN in ch.qos.logback.classic.LoggerContext[default] - Resource [logback.xml] occurs at [jar:file:/root/flamestream/flamestream-runtime-1.0-SNAPSHOT.jar!/logback.xml]
07:42:21,225 |-INFO in ch.qos.logback.core.joran.spi.ConfigurationWatchList@3fb6a447 - URL [jar:file:/root/flamestream/lib/flamestream-runtime-1.0-SNAPSHOT.jar!/logback.xml] is not of type file
07:42:21,291 |-INFO in ch.qos.logback.classic.joran.action.ConfigurationAction - debug attribute not set
07:42:21,292 |-INFO in ch.qos.logback.core.joran.action.AppenderAction - About to instantiate appender of type [ch.qos.logback.core.ConsoleAppender]
07:42:21,308 |-INFO in ch.qos.logback.core.joran.action.AppenderAction - Naming appender as [STDOUT]
07:42:21,326 |-INFO in ch.qos.logback.core.joran.action.NestedComplexPropertyIA - Assuming default type [ch.qos.logback.classic.encoder.PatternLayoutEncoder] for [encoder] property
07:42:21,408 |-INFO in ch.qos.logback.core.joran.action.AppenderAction - About to instantiate appender of type [ch.qos.logback.core.rolling.RollingFileAppender]
07:42:21,418 |-INFO in ch.qos.logback.core.joran.action.AppenderAction - Naming appender as [FILE]
07:42:21,448 |-INFO in c.q.l.core.rolling.TimeBasedRollingPolicy@127618319 - No compression will be used
07:42:21,449 |-INFO in c.q.l.core.rolling.TimeBasedRollingPolicy@127618319 - Will use the pattern /tmp/application_%d{yyyy-MM-dd}.%i.log for the active file
07:42:21,452 |-INFO in ch.qos.logback.core.rolling.SizeAndTimeBasedFNATP@6b2fad11 - The date pattern is 'yyyy-MM-dd' from file name pattern '/tmp/application_%d{yyyy-MM-dd}.%i.log'.
07:42:21,452 |-INFO in ch.qos.logback.core.rolling.SizeAndTimeBasedFNATP@6b2fad11 - Roll-over at midnight.
07:42:21,457 |-INFO in ch.qos.logback.core.rolling.SizeAndTimeBasedFNATP@6b2fad11 - Setting initial period to Tue Jun 11 07:41:01 UTC 2019
07:42:21,457 |-WARN in ch.qos.logback.core.rolling.SizeAndTimeBasedFNATP@6b2fad11 - SizeAndTimeBasedFNATP is deprecated. Use SizeAndTimeBasedRollingPolicy instead
07:42:21,457 |-WARN in ch.qos.logback.core.rolling.SizeAndTimeBasedFNATP@6b2fad11 - For more information see http://logback.qos.ch/manual/appenders.html#SizeAndTimeBasedRollingPolicy
07:42:21,461 |-INFO in ch.qos.logback.core.joran.action.NestedComplexPropertyIA - Assuming default type [ch.qos.logback.classic.encoder.PatternLayoutEncoder] for [encoder] property
07:42:21,466 |-INFO in ch.qos.logback.core.rolling.RollingFileAppender[FILE] - Active log file name: /tmp/application.log
07:42:21,466 |-INFO in ch.qos.logback.core.rolling.RollingFileAppender[FILE] - File property is set to [/tmp/application.log]
07:42:21,467 |-INFO in ch.qos.logback.classic.joran.action.RootLoggerAction - Setting level of ROOT logger to WARN
07:42:21,467 |-INFO in ch.qos.logback.core.joran.action.AppenderRefAction - Attaching appender named [STDOUT] to Logger[ROOT]
07:42:21,469 |-INFO in ch.qos.logback.core.joran.action.AppenderRefAction - Attaching appender named [FILE] to Logger[ROOT]
07:42:21,469 |-INFO in ch.qos.logback.classic.joran.action.ConfigurationAction - End of configuration.
07:42:21,470 |-INFO in ch.qos.logback.classic.joran.JoranConfigurator@79698539 - Registering current configuration as safe fallback point

Ama winner
Ama winner
2019-06-11T07:42:22.783+0000: 1.769: [Full GC (Metadata GC Threshold) 2019-06-11T07:42:22.783+0000: 1.769: [Tenured: 0K->15241K(341376K), 0.0401838 secs] 114987K->15241K(494976K), [Metaspace: 20731K->20731K(1067008K)], 0.0402471 secs] [Times: user=0.04 sys=0.01, real=0.04 secs] 
07:42:36.104 [Curator-PathChildrenCache-1] WARN  o.a.c.u.ZKPaths  - The version of ZooKeeper being used doesn't support Container nodes. CreateMode.PERSISTENT will be used instead.
2019-06-11T07:42:38.558+0000: 17.545: [GC (Allocation Failure) 2019-06-11T07:42:38.558+0000: 17.545: [DefNew: 117407K->17023K(153600K), 0.0200052 secs] 132649K->32642K(494976K), 0.0200734 secs] [Times: user=0.02 sys=0.00, real=0.02 secs] 
2019-06-11T07:42:40.024+0000: 19.010: [Full GC (Metadata GC Threshold) 2019-06-11T07:42:40.024+0000: 19.010: [Tenured: 15618K->43631K(341376K), 0.0516524 secs] 90087K->43631K(494976K), [Metaspace: 34596K->34596K(1079296K)], 0.0517280 secs] [Times: user=0.04 sys=0.01, real=0.05 secs] 
2019-06-11T07:42:46.556+0000: 25.543: [GC (Allocation Failure) 2019-06-11T07:42:46.556+0000: 25.543: [DefNew: 136576K->249K(153600K), 0.0020977 secs] 180207K->43881K(494976K), 0.0021555 secs] [Times: user=0.00 sys=0.00, real=0.01 secs] 
2019-06-11T07:42:53.137+0000: 32.123: [GC (Allocation Failure) 2019-06-11T07:42:53.137+0000: 32.123: [DefNew: 136825K->253K(153600K), 0.0018901 secs] 180457K->43885K(494976K), 0.0019534 secs] [Times: user=0.00 sys=0.00, real=0.00 secs] 
2019-06-11T07:42:59.736+0000: 38.723: [GC (Allocation Failure) 2019-06-11T07:42:59.737+0000: 38.723: [DefNew: 136829K->283K(153600K), 0.0019997 secs] 180461K->43914K(494976K), 0.0020602 secs] [Times: user=0.00 sys=0.00, real=0.01 secs] 
2019-06-11T07:43:06.398+0000: 45.384: [GC (Allocation Failure) 2019-06-11T07:43:06.398+0000: 45.384: [DefNew: 136859K->283K(153600K), 0.0019466 secs] 180490K->43915K(494976K), 0.0020023 secs] [Times: user=0.00 sys=0.00, real=0.00 secs] 
2019-06-11T07:43:13.079+0000: 52.065: [GC (Allocation Failure) 2019-06-11T07:43:13.079+0000: 52.065: [DefNew: 136859K->287K(153600K), 0.0019350 secs] 180491K->43918K(494976K), 0.0019912 secs] [Times: user=0.00 sys=0.00, real=0.00 secs] 
07:43:23.658 [Curator-PathChildrenCache-0] ERROR o.a.c.f.r.c.PathChildrenCache  - 
java.lang.IllegalStateException: instance must be started before calling this method
	at org.apache.curator.shaded.com.google.common.base.Preconditions.checkState(Preconditions.java:444)
	at org.apache.curator.framework.imps.CuratorFrameworkImpl.getChildren(CuratorFrameworkImpl.java:456)
	at org.apache.curator.framework.recipes.cache.PathChildrenCache.refresh(PathChildrenCache.java:521)
	at org.apache.curator.framework.recipes.cache.RefreshOperation.invoke(RefreshOperation.java:35)
	at org.apache.curator.framework.recipes.cache.PathChildrenCache$9.run(PathChildrenCache.java:786)
	at java.util.concurrent.Executors$RunnableAdapter.call(Executors.java:511)
	at java.util.concurrent.FutureTask.run(FutureTask.java:266)
	at java.util.concurrent.Executors$RunnableAdapter.call(Executors.java:511)
	at java.util.concurrent.FutureTask.run(FutureTask.java:266)
	at java.util.concurrent.ThreadPoolExecutor.runWorker(ThreadPoolExecutor.java:1149)
	at java.util.concurrent.ThreadPoolExecutor$Worker.run(ThreadPoolExecutor.java:624)
	at java.lang.Thread.run(Thread.java:748)
Heap
 def new generation   total 153600K, used 109386K [0x00000000e0c00000, 0x00000000eb2a0000, 0x00000000eb2a0000)
  eden space 136576K,  79% used [0x00000000e0c00000, 0x00000000e768ac48, 0x00000000e9160000)
  from space 17024K,   1% used [0x00000000e9160000, 0x00000000e91a7ca8, 0x00000000ea200000)
  to   space 17024K,   0% used [0x00000000ea200000, 0x00000000ea200000, 0x00000000eb2a0000)
 tenured generation   total 341376K, used 43631K [0x00000000eb2a0000, 0x0000000100000000, 0x0000000100000000)
   the space 341376K,  12% used [0x00000000eb2a0000, 0x00000000edd3bf08, 0x00000000edd3c000, 0x0000000100000000)
 Metaspace       used 36304K, capacity 37198K, committed 37376K, reserved 1081344K
  class space    used 4876K, capacity 5087K, committed 5120K, reserved 1048576K
