08:27:16,946 |-INFO in ch.qos.logback.classic.LoggerContext[default] - Could NOT find resource [logback-test.xml]
08:27:16,946 |-INFO in ch.qos.logback.classic.LoggerContext[default] - Could NOT find resource [logback.groovy]
08:27:16,947 |-INFO in ch.qos.logback.classic.LoggerContext[default] - Found resource [logback.xml] at [jar:file:/root/flamestream/lib/flamestream-runtime-1.0-SNAPSHOT.jar!/logback.xml]
08:27:16,947 |-WARN in ch.qos.logback.classic.LoggerContext[default] - Resource [logback.xml] occurs multiple times on the classpath.
08:27:16,948 |-WARN in ch.qos.logback.classic.LoggerContext[default] - Resource [logback.xml] occurs at [jar:file:/root/flamestream/lib/flamestream-runtime-1.0-SNAPSHOT.jar!/logback.xml]
08:27:16,948 |-WARN in ch.qos.logback.classic.LoggerContext[default] - Resource [logback.xml] occurs at [jar:file:/root/flamestream/flamestream-runtime-1.0-SNAPSHOT.jar!/logback.xml]
08:27:16,967 |-INFO in ch.qos.logback.core.joran.spi.ConfigurationWatchList@3fb6a447 - URL [jar:file:/root/flamestream/lib/flamestream-runtime-1.0-SNAPSHOT.jar!/logback.xml] is not of type file
08:27:17,040 |-INFO in ch.qos.logback.classic.joran.action.ConfigurationAction - debug attribute not set
08:27:17,041 |-INFO in ch.qos.logback.core.joran.action.AppenderAction - About to instantiate appender of type [ch.qos.logback.core.ConsoleAppender]
08:27:17,061 |-INFO in ch.qos.logback.core.joran.action.AppenderAction - Naming appender as [STDOUT]
08:27:17,079 |-INFO in ch.qos.logback.core.joran.action.NestedComplexPropertyIA - Assuming default type [ch.qos.logback.classic.encoder.PatternLayoutEncoder] for [encoder] property
08:27:17,155 |-INFO in ch.qos.logback.core.joran.action.AppenderAction - About to instantiate appender of type [ch.qos.logback.core.rolling.RollingFileAppender]
08:27:17,164 |-INFO in ch.qos.logback.core.joran.action.AppenderAction - Naming appender as [FILE]
08:27:17,197 |-INFO in c.q.l.core.rolling.TimeBasedRollingPolicy@127618319 - No compression will be used
08:27:17,198 |-INFO in c.q.l.core.rolling.TimeBasedRollingPolicy@127618319 - Will use the pattern /tmp/application_%d{yyyy-MM-dd}.%i.log for the active file
08:27:17,201 |-INFO in ch.qos.logback.core.rolling.SizeAndTimeBasedFNATP@6b2fad11 - The date pattern is 'yyyy-MM-dd' from file name pattern '/tmp/application_%d{yyyy-MM-dd}.%i.log'.
08:27:17,201 |-INFO in ch.qos.logback.core.rolling.SizeAndTimeBasedFNATP@6b2fad11 - Roll-over at midnight.
08:27:17,206 |-INFO in ch.qos.logback.core.rolling.SizeAndTimeBasedFNATP@6b2fad11 - Setting initial period to Tue Jun 11 08:26:01 UTC 2019
08:27:17,207 |-WARN in ch.qos.logback.core.rolling.SizeAndTimeBasedFNATP@6b2fad11 - SizeAndTimeBasedFNATP is deprecated. Use SizeAndTimeBasedRollingPolicy instead
08:27:17,207 |-WARN in ch.qos.logback.core.rolling.SizeAndTimeBasedFNATP@6b2fad11 - For more information see http://logback.qos.ch/manual/appenders.html#SizeAndTimeBasedRollingPolicy
08:27:17,211 |-INFO in ch.qos.logback.core.joran.action.NestedComplexPropertyIA - Assuming default type [ch.qos.logback.classic.encoder.PatternLayoutEncoder] for [encoder] property
08:27:17,215 |-INFO in ch.qos.logback.core.rolling.RollingFileAppender[FILE] - Active log file name: /tmp/application.log
08:27:17,215 |-INFO in ch.qos.logback.core.rolling.RollingFileAppender[FILE] - File property is set to [/tmp/application.log]
08:27:17,216 |-INFO in ch.qos.logback.classic.joran.action.RootLoggerAction - Setting level of ROOT logger to WARN
08:27:17,216 |-INFO in ch.qos.logback.core.joran.action.AppenderRefAction - Attaching appender named [STDOUT] to Logger[ROOT]
08:27:17,218 |-INFO in ch.qos.logback.core.joran.action.AppenderRefAction - Attaching appender named [FILE] to Logger[ROOT]
08:27:17,218 |-INFO in ch.qos.logback.classic.joran.action.ConfigurationAction - End of configuration.
08:27:17,219 |-INFO in ch.qos.logback.classic.joran.JoranConfigurator@79698539 - Registering current configuration as safe fallback point

Ama winner
Ama winner
2019-06-11T08:27:18.564+0000: 1.809: [Full GC (Metadata GC Threshold) 2019-06-11T08:27:18.564+0000: 1.809: [Tenured: 0K->15240K(341376K), 0.0392619 secs] 114987K->15240K(494976K), [Metaspace: 20723K->20723K(1067008K)], 0.0393308 secs] [Times: user=0.03 sys=0.00, real=0.04 secs] 
08:27:33.549 [Curator-PathChildrenCache-1] WARN  o.a.c.u.ZKPaths  - The version of ZooKeeper being used doesn't support Container nodes. CreateMode.PERSISTENT will be used instead.
2019-06-11T08:27:35.914+0000: 19.158: [GC (Allocation Failure) 2019-06-11T08:27:35.914+0000: 19.158: [DefNew: 136576K->17024K(153600K), 0.0287285 secs] 151816K->52518K(494976K), 0.0288227 secs] [Times: user=0.03 sys=0.01, real=0.03 secs] 
2019-06-11T08:27:42.501+0000: 25.746: [GC (Allocation Failure) 2019-06-11T08:27:42.501+0000: 25.746: [DefNew: 153600K->361K(153600K), 0.0094975 secs] 189094K->43943K(494976K), 0.0095617 secs] [Times: user=0.00 sys=0.00, real=0.01 secs] 
2019-06-11T08:27:49.326+0000: 32.572: [GC (Allocation Failure) 2019-06-11T08:27:49.328+0000: 32.572: [DefNew: 136937K->370K(153600K), 0.0029284 secs] 180519K->43952K(494976K), 0.0040477 secs] [Times: user=0.01 sys=0.00, real=0.01 secs] 
2019-06-11T08:27:53.348+0000: 36.592: [Full GC (Metadata GC Threshold) 2019-06-11T08:27:53.348+0000: 36.592: [Tenured: 43582K->43976K(341376K), 0.0495073 secs] 123747K->43976K(494976K), [Metaspace: 34629K->34629K(1079296K)], 0.0495998 secs] [Times: user=0.05 sys=0.00, real=0.06 secs] 
2019-06-11T08:28:00.289+0000: 43.534: [GC (Allocation Failure) 2019-06-11T08:28:00.290+0000: 43.534: [DefNew: 136576K->48K(153600K), 0.0016131 secs] 180552K->44025K(494976K), 0.0016779 secs] [Times: user=0.00 sys=0.01, real=0.00 secs] 
2019-06-11T08:28:07.248+0000: 50.492: [GC (Allocation Failure) 2019-06-11T08:28:07.248+0000: 50.492: [DefNew: 136624K->50K(153600K), 0.0015940 secs] 180601K->44026K(494976K), 0.0016555 secs] [Times: user=0.00 sys=0.00, real=0.00 secs] 
2019-06-11T08:28:18.787+0000: 62.031: [GC (Allocation Failure) 2019-06-11T08:28:18.787+0000: 62.031: [DefNew: 136626K->358K(153600K), 0.0023220 secs] 180602K->44335K(494976K), 0.0023763 secs] [Times: user=0.00 sys=0.00, real=0.01 secs] 
08:28:18.847 [Curator-PathChildrenCache-0] ERROR o.a.c.f.r.c.PathChildrenCache  - 
java.lang.IllegalStateException: instance must be started before calling this method
	at org.apache.curator.shaded.com.google.common.base.Preconditions.checkState(Preconditions.java:444)
	at org.apache.curator.framework.imps.CuratorFrameworkImpl.getChildren(CuratorFrameworkImpl.java:456)
	at org.apache.curator.framework.recipes.cache.PathChildrenCache.refresh(PathChildrenCache.java:521)
	at org.apache.curator.framework.recipes.cache.RefreshOperation.invoke(RefreshOperation.java:35)
	at org.apache.curator.framework.recipes.cache.PathChildrenCache$9.run(PathChildrenCache.java:786)
	at java.util.concurrent.Executors$RunnableAdapter.call(Executors.java:511)
	at java.util.concurrent.FutureTask.run(FutureTask.java:266)
	at java.util.concurrent.Executors$RunnableAdapter.call(Executors.java:511)
	at java.util.concurrent.FutureTask.run(FutureTask.java:266)
	at java.util.concurrent.ThreadPoolExecutor.runWorker(ThreadPoolExecutor.java:1149)
	at java.util.concurrent.ThreadPoolExecutor$Worker.run(ThreadPoolExecutor.java:624)
	at java.lang.Thread.run(Thread.java:748)
Heap
 def new generation   total 153600K, used 15056K [0x00000000e0c00000, 0x00000000eb2a0000, 0x00000000eb2a0000)
  eden space 136576K,  10% used [0x00000000e0c00000, 0x00000000e1a5a788, 0x00000000e9160000)
  from space 17024K,   2% used [0x00000000e9160000, 0x00000000e91b9bf8, 0x00000000ea200000)
  to   space 17024K,   0% used [0x00000000ea200000, 0x00000000ea200000, 0x00000000eb2a0000)
 tenured generation   total 341376K, used 43976K [0x00000000eb2a0000, 0x0000000100000000, 0x0000000100000000)
   the space 341376K,  12% used [0x00000000eb2a0000, 0x00000000edd92290, 0x00000000edd92400, 0x0000000100000000)
 Metaspace       used 35888K, capacity 36794K, committed 37120K, reserved 1081344K
  class space    used 4867K, capacity 5073K, committed 5120K, reserved 1048576K
