08:29:44,070 |-INFO in ch.qos.logback.classic.LoggerContext[default] - Could NOT find resource [logback-test.xml]
08:29:44,070 |-INFO in ch.qos.logback.classic.LoggerContext[default] - Could NOT find resource [logback.groovy]
08:29:44,071 |-INFO in ch.qos.logback.classic.LoggerContext[default] - Found resource [logback.xml] at [jar:file:/root/flamestream/lib/flamestream-runtime-1.0-SNAPSHOT.jar!/logback.xml]
08:29:44,071 |-WARN in ch.qos.logback.classic.LoggerContext[default] - Resource [logback.xml] occurs multiple times on the classpath.
08:29:44,071 |-WARN in ch.qos.logback.classic.LoggerContext[default] - Resource [logback.xml] occurs at [jar:file:/root/flamestream/lib/flamestream-runtime-1.0-SNAPSHOT.jar!/logback.xml]
08:29:44,071 |-WARN in ch.qos.logback.classic.LoggerContext[default] - Resource [logback.xml] occurs at [jar:file:/root/flamestream/flamestream-runtime-1.0-SNAPSHOT.jar!/logback.xml]
08:29:44,094 |-INFO in ch.qos.logback.core.joran.spi.ConfigurationWatchList@3fb6a447 - URL [jar:file:/root/flamestream/lib/flamestream-runtime-1.0-SNAPSHOT.jar!/logback.xml] is not of type file
08:29:44,162 |-INFO in ch.qos.logback.classic.joran.action.ConfigurationAction - debug attribute not set
08:29:44,163 |-INFO in ch.qos.logback.core.joran.action.AppenderAction - About to instantiate appender of type [ch.qos.logback.core.ConsoleAppender]
08:29:44,179 |-INFO in ch.qos.logback.core.joran.action.AppenderAction - Naming appender as [STDOUT]
08:29:44,193 |-INFO in ch.qos.logback.core.joran.action.NestedComplexPropertyIA - Assuming default type [ch.qos.logback.classic.encoder.PatternLayoutEncoder] for [encoder] property
08:29:44,297 |-INFO in ch.qos.logback.core.joran.action.AppenderAction - About to instantiate appender of type [ch.qos.logback.core.rolling.RollingFileAppender]
08:29:44,306 |-INFO in ch.qos.logback.core.joran.action.AppenderAction - Naming appender as [FILE]
08:29:44,334 |-INFO in c.q.l.core.rolling.TimeBasedRollingPolicy@127618319 - No compression will be used
08:29:44,335 |-INFO in c.q.l.core.rolling.TimeBasedRollingPolicy@127618319 - Will use the pattern /tmp/application_%d{yyyy-MM-dd}.%i.log for the active file
08:29:44,338 |-INFO in ch.qos.logback.core.rolling.SizeAndTimeBasedFNATP@6b2fad11 - The date pattern is 'yyyy-MM-dd' from file name pattern '/tmp/application_%d{yyyy-MM-dd}.%i.log'.
08:29:44,338 |-INFO in ch.qos.logback.core.rolling.SizeAndTimeBasedFNATP@6b2fad11 - Roll-over at midnight.
08:29:44,343 |-INFO in ch.qos.logback.core.rolling.SizeAndTimeBasedFNATP@6b2fad11 - Setting initial period to Tue Jun 11 08:28:18 UTC 2019
08:29:44,343 |-WARN in ch.qos.logback.core.rolling.SizeAndTimeBasedFNATP@6b2fad11 - SizeAndTimeBasedFNATP is deprecated. Use SizeAndTimeBasedRollingPolicy instead
08:29:44,343 |-WARN in ch.qos.logback.core.rolling.SizeAndTimeBasedFNATP@6b2fad11 - For more information see http://logback.qos.ch/manual/appenders.html#SizeAndTimeBasedRollingPolicy
08:29:44,348 |-INFO in ch.qos.logback.core.joran.action.NestedComplexPropertyIA - Assuming default type [ch.qos.logback.classic.encoder.PatternLayoutEncoder] for [encoder] property
08:29:44,353 |-INFO in ch.qos.logback.core.rolling.RollingFileAppender[FILE] - Active log file name: /tmp/application.log
08:29:44,353 |-INFO in ch.qos.logback.core.rolling.RollingFileAppender[FILE] - File property is set to [/tmp/application.log]
08:29:44,353 |-INFO in ch.qos.logback.classic.joran.action.RootLoggerAction - Setting level of ROOT logger to WARN
08:29:44,354 |-INFO in ch.qos.logback.core.joran.action.AppenderRefAction - Attaching appender named [STDOUT] to Logger[ROOT]
08:29:44,355 |-INFO in ch.qos.logback.core.joran.action.AppenderRefAction - Attaching appender named [FILE] to Logger[ROOT]
08:29:44,355 |-INFO in ch.qos.logback.classic.joran.action.ConfigurationAction - End of configuration.
08:29:44,356 |-INFO in ch.qos.logback.classic.joran.JoranConfigurator@79698539 - Registering current configuration as safe fallback point

Ama winner
Ama winner
2019-06-11T08:29:45.948+0000: 2.056: [Full GC (Metadata GC Threshold) 2019-06-11T08:29:45.948+0000: 2.056: [Tenured: 0K->15241K(341376K), 0.0358010 secs] 117654K->15241K(494976K), [Metaspace: 20729K->20729K(1067008K)], 0.0358685 secs] [Times: user=0.03 sys=0.01, real=0.03 secs] 
08:30:02.257 [Curator-PathChildrenCache-1] WARN  o.a.c.u.ZKPaths  - The version of ZooKeeper being used doesn't support Container nodes. CreateMode.PERSISTENT will be used instead.
2019-06-11T08:30:04.842+0000: 20.951: [GC (Allocation Failure) 2019-06-11T08:30:04.842+0000: 20.951: [DefNew: 136576K->17023K(153600K), 0.0273219 secs] 151817K->52574K(494976K), 0.0273957 secs] [Times: user=0.03 sys=0.00, real=0.03 secs] 
2019-06-11T08:30:11.827+0000: 27.936: [GC (Allocation Failure) 2019-06-11T08:30:11.827+0000: 27.936: [DefNew: 153599K->135K(153600K), 0.0095462 secs] 189150K->43856K(494976K), 0.0096077 secs] [Times: user=0.01 sys=0.00, real=0.02 secs] 
2019-06-11T08:30:16.081+0000: 32.190: [Full GC (Metadata GC Threshold) 2019-06-11T08:30:16.082+0000: 32.190: [Tenured: 43720K->43853K(341376K), 0.0476058 secs] 128577K->43853K(494976K), [Metaspace: 34588K->34588K(1079296K)], 0.0476866 secs] [Times: user=0.04 sys=0.00, real=0.05 secs] 
2019-06-11T08:30:23.265+0000: 39.373: [GC (Allocation Failure) 2019-06-11T08:30:23.265+0000: 39.373: [DefNew: 136576K->83K(153600K), 0.0017157 secs] 180429K->43936K(494976K), 0.0017773 secs] [Times: user=0.00 sys=0.00, real=0.00 secs] 
2019-06-11T08:30:30.517+0000: 46.625: [GC (Allocation Failure) 2019-06-11T08:30:30.517+0000: 46.625: [DefNew: 136659K->115K(153600K), 0.0016653 secs] 180512K->43969K(494976K), 0.0017472 secs] [Times: user=0.00 sys=0.00, real=0.00 secs] 
2019-06-11T08:30:37.774+0000: 53.882: [GC (Allocation Failure) 2019-06-11T08:30:37.774+0000: 53.882: [DefNew: 136691K->114K(153600K), 0.0016167 secs] 180545K->43968K(494976K), 0.0016762 secs] [Times: user=0.00 sys=0.00, real=0.00 secs] 
2019-06-11T08:30:44.968+0000: 61.077: [GC (Allocation Failure) 2019-06-11T08:30:44.968+0000: 61.077: [DefNew: 136690K->279K(153600K), 0.0019399 secs] 180544K->44133K(494976K), 0.0020016 secs] [Times: user=0.01 sys=0.00, real=0.00 secs] 
08:30:52.053 [Curator-PathChildrenCache-0] ERROR o.a.c.f.r.c.PathChildrenCache  - 
java.lang.IllegalStateException: instance must be started before calling this method
	at org.apache.curator.shaded.com.google.common.base.Preconditions.checkState(Preconditions.java:444)
	at org.apache.curator.framework.imps.CuratorFrameworkImpl.getChildren(CuratorFrameworkImpl.java:456)
	at org.apache.curator.framework.recipes.cache.PathChildrenCache.refresh(PathChildrenCache.java:521)
	at org.apache.curator.framework.recipes.cache.RefreshOperation.invoke(RefreshOperation.java:35)
	at org.apache.curator.framework.recipes.cache.PathChildrenCache$9.run(PathChildrenCache.java:786)
	at java.util.concurrent.Executors$RunnableAdapter.call(Executors.java:511)
	at java.util.concurrent.FutureTask.run(FutureTask.java:266)
	at java.util.concurrent.Executors$RunnableAdapter.call(Executors.java:511)
	at java.util.concurrent.FutureTask.run(FutureTask.java:266)
	at java.util.concurrent.ThreadPoolExecutor.runWorker(ThreadPoolExecutor.java:1149)
	at java.util.concurrent.ThreadPoolExecutor$Worker.run(ThreadPoolExecutor.java:624)
	at java.lang.Thread.run(Thread.java:748)
Heap
 def new generation   total 153600K, used 43072K [0x00000000e0c00000, 0x00000000eb2a0000, 0x00000000eb2a0000)
  eden space 136576K,  31% used [0x00000000e0c00000, 0x00000000e35ca378, 0x00000000e9160000)
  from space 17024K,   1% used [0x00000000e9160000, 0x00000000e91a5dc8, 0x00000000ea200000)
  to   space 17024K,   0% used [0x00000000ea200000, 0x00000000ea200000, 0x00000000eb2a0000)
 tenured generation   total 341376K, used 43853K [0x00000000eb2a0000, 0x0000000100000000, 0x0000000100000000)
   the space 341376K,  12% used [0x00000000eb2a0000, 0x00000000edd736f8, 0x00000000edd73800, 0x0000000100000000)
 Metaspace       used 35891K, capacity 36852K, committed 37120K, reserved 1081344K
  class space    used 4853K, capacity 5072K, committed 5120K, reserved 1048576K
