14:05:00,266 |-INFO in ch.qos.logback.classic.LoggerContext[default] - Could NOT find resource [logback-test.xml]
14:05:00,266 |-INFO in ch.qos.logback.classic.LoggerContext[default] - Could NOT find resource [logback.groovy]
14:05:00,266 |-INFO in ch.qos.logback.classic.LoggerContext[default] - Found resource [logback.xml] at [jar:file:/home/nikitasokolov/flamestream/lib/flamestream-runtime-1.0-SNAPSHOT.jar!/logback.xml]
14:05:00,267 |-WARN in ch.qos.logback.classic.LoggerContext[default] - Resource [logback.xml] occurs multiple times on the classpath.
14:05:00,267 |-WARN in ch.qos.logback.classic.LoggerContext[default] - Resource [logback.xml] occurs at [jar:file:/home/nikitasokolov/flamestream/lib/flamestream-runtime-1.0-SNAPSHOT.jar!/logback.xml]
14:05:00,267 |-WARN in ch.qos.logback.classic.LoggerContext[default] - Resource [logback.xml] occurs at [jar:file:/home/nikitasokolov/flamestream/flamestream-runtime-1.0-SNAPSHOT.jar!/logback.xml]
14:05:00,282 |-INFO in ch.qos.logback.core.joran.spi.ConfigurationWatchList@6108b2d7 - URL [jar:file:/home/nikitasokolov/flamestream/lib/flamestream-runtime-1.0-SNAPSHOT.jar!/logback.xml] is not of type file
14:05:00,331 |-INFO in ch.qos.logback.classic.joran.action.ConfigurationAction - debug attribute not set
14:05:00,331 |-INFO in ch.qos.logback.core.joran.action.AppenderAction - About to instantiate appender of type [ch.qos.logback.core.ConsoleAppender]
14:05:00,339 |-INFO in ch.qos.logback.core.joran.action.AppenderAction - Naming appender as [STDOUT]
14:05:00,346 |-INFO in ch.qos.logback.core.joran.action.NestedComplexPropertyIA - Assuming default type [ch.qos.logback.classic.encoder.PatternLayoutEncoder] for [encoder] property
14:05:00,399 |-INFO in ch.qos.logback.core.joran.action.AppenderAction - About to instantiate appender of type [ch.qos.logback.core.rolling.RollingFileAppender]
14:05:00,404 |-INFO in ch.qos.logback.core.joran.action.AppenderAction - Naming appender as [FILE]
14:05:00,425 |-INFO in c.q.l.core.rolling.TimeBasedRollingPolicy@357863579 - No compression will be used
14:05:00,426 |-INFO in c.q.l.core.rolling.TimeBasedRollingPolicy@357863579 - Will use the pattern /tmp/application_%d{yyyy-MM-dd}.%i.log for the active file
14:05:00,429 |-INFO in ch.qos.logback.core.rolling.SizeAndTimeBasedFNATP@6bf256fa - The date pattern is 'yyyy-MM-dd' from file name pattern '/tmp/application_%d{yyyy-MM-dd}.%i.log'.
14:05:00,429 |-INFO in ch.qos.logback.core.rolling.SizeAndTimeBasedFNATP@6bf256fa - Roll-over at midnight.
14:05:00,433 |-INFO in ch.qos.logback.core.rolling.SizeAndTimeBasedFNATP@6bf256fa - Setting initial period to Sun Jun 09 14:04:13 MSK 2019
14:05:00,433 |-WARN in ch.qos.logback.core.rolling.SizeAndTimeBasedFNATP@6bf256fa - SizeAndTimeBasedFNATP is deprecated. Use SizeAndTimeBasedRollingPolicy instead
14:05:00,433 |-WARN in ch.qos.logback.core.rolling.SizeAndTimeBasedFNATP@6bf256fa - For more information see http://logback.qos.ch/manual/appenders.html#SizeAndTimeBasedRollingPolicy
14:05:00,438 |-INFO in ch.qos.logback.core.joran.action.NestedComplexPropertyIA - Assuming default type [ch.qos.logback.classic.encoder.PatternLayoutEncoder] for [encoder] property
14:05:00,440 |-INFO in ch.qos.logback.core.rolling.RollingFileAppender[FILE] - Active log file name: /tmp/application.log
14:05:00,440 |-INFO in ch.qos.logback.core.rolling.RollingFileAppender[FILE] - File property is set to [/tmp/application.log]
14:05:00,441 |-INFO in ch.qos.logback.classic.joran.action.RootLoggerAction - Setting level of ROOT logger to WARN
14:05:00,442 |-INFO in ch.qos.logback.core.joran.action.AppenderRefAction - Attaching appender named [STDOUT] to Logger[ROOT]
14:05:00,442 |-INFO in ch.qos.logback.core.joran.action.AppenderRefAction - Attaching appender named [FILE] to Logger[ROOT]
14:05:00,442 |-INFO in ch.qos.logback.classic.joran.action.ConfigurationAction - End of configuration.
14:05:00,443 |-INFO in ch.qos.logback.classic.joran.JoranConfigurator@6cd8737 - Registering current configuration as safe fallback point

2019-06-09T14:05:01.409+0300: 1.348: [GC (Metadata GC Threshold) [PSYoungGen: 110722K->15947K(149504K)] 110722K->16027K(491008K), 0.0208678 secs] [Times: user=0.12 sys=0.01, real=0.03 secs] 
2019-06-09T14:05:01.430+0300: 1.369: [Full GC (Metadata GC Threshold) [PSYoungGen: 15947K->0K(149504K)] [ParOldGen: 80K->15078K(341504K)] 16027K->15078K(491008K), [Metaspace: 20806K->20806K(1067008K)], 0.0303761 secs] [Times: user=0.19 sys=0.01, real=0.03 secs] 
14:05:09.114 [Curator-PathChildrenCache-1] WARN  o.a.c.u.ZKPaths  - The version of ZooKeeper being used doesn't support Container nodes. CreateMode.PERSISTENT will be used instead.
2019-06-09T14:05:10.045+0300: 9.984: [GC (Metadata GC Threshold) [PSYoungGen: 125652K->15539K(149504K)] 140730K->50157K(491008K), 0.0299520 secs] [Times: user=0.26 sys=0.03, real=0.03 secs] 
2019-06-09T14:05:10.075+0300: 10.014: [Full GC (Metadata GC Threshold) [PSYoungGen: 15539K->0K(149504K)] [ParOldGen: 34617K->38563K(341504K)] 50157K->38563K(491008K), [Metaspace: 34557K->34557K(1079296K)], 0.0450711 secs] [Times: user=0.32 sys=0.00, real=0.05 secs] 
2019-06-09T14:05:13.555+0300: 13.493: [GC (Allocation Failure) [PSYoungGen: 128512K->352K(149504K)] 167075K->38923K(491008K), 0.0036555 secs] [Times: user=0.01 sys=0.00, real=0.01 secs] 
2019-06-09T14:05:17.499+0300: 17.438: [GC (Allocation Failure) [PSYoungGen: 128864K->352K(149504K)] 167435K->38931K(491008K), 0.0044940 secs] [Times: user=0.03 sys=0.00, real=0.00 secs] 
2019-06-09T14:05:21.491+0300: 21.429: [GC (Allocation Failure) [PSYoungGen: 128864K->448K(129024K)] 167443K->39027K(470528K), 0.0036045 secs] [Times: user=0.02 sys=0.00, real=0.00 secs] 
2019-06-09T14:05:25.462+0300: 25.401: [GC (Allocation Failure) [PSYoungGen: 128960K->384K(150016K)] 167539K->38971K(491520K), 0.0030033 secs] [Times: user=0.01 sys=0.00, real=0.00 secs] 
2019-06-09T14:05:29.480+0300: 29.419: [GC (Allocation Failure) [PSYoungGen: 128896K->256K(148992K)] 167483K->38851K(490496K), 0.0046231 secs] [Times: user=0.02 sys=0.01, real=0.00 secs] 
2019-06-09T14:05:33.518+0300: 33.457: [GC (Allocation Failure) [PSYoungGen: 128768K->320K(151552K)] 167363K->38923K(493056K), 0.0044493 secs] [Times: user=0.02 sys=0.00, real=0.00 secs] 
2019-06-09T14:05:37.667+0300: 37.606: [GC (Allocation Failure) [PSYoungGen: 132416K->416K(151040K)] 171019K->39019K(492544K), 0.0027305 secs] [Times: user=0.01 sys=0.00, real=0.01 secs] 
2019-06-09T14:05:41.837+0300: 41.776: [GC (Allocation Failure) [PSYoungGen: 132512K->384K(153600K)] 171115K->38995K(495104K), 0.0052448 secs] [Times: user=0.02 sys=0.01, real=0.01 secs] 
14:05:52.772 [Curator-PathChildrenCache-0] ERROR o.a.c.f.r.c.PathChildrenCache  - 
java.lang.IllegalStateException: instance must be started before calling this method
	at org.apache.curator.shaded.com.google.common.base.Preconditions.checkState(Preconditions.java:444)
	at org.apache.curator.framework.imps.CuratorFrameworkImpl.getChildren(CuratorFrameworkImpl.java:456)
	at org.apache.curator.framework.recipes.cache.PathChildrenCache.refresh(PathChildrenCache.java:521)
	at org.apache.curator.framework.recipes.cache.RefreshOperation.invoke(RefreshOperation.java:35)
	at org.apache.curator.framework.recipes.cache.PathChildrenCache$9.run(PathChildrenCache.java:786)
	at java.util.concurrent.Executors$RunnableAdapter.call(Executors.java:511)
	at java.util.concurrent.FutureTask.run(FutureTask.java:266)
	at java.util.concurrent.Executors$RunnableAdapter.call(Executors.java:511)
	at java.util.concurrent.FutureTask.run(FutureTask.java:266)
	at java.util.concurrent.ThreadPoolExecutor.runWorker(ThreadPoolExecutor.java:1149)
	at java.util.concurrent.ThreadPoolExecutor$Worker.run(ThreadPoolExecutor.java:624)
	at java.lang.Thread.run(Thread.java:748)
Heap
 PSYoungGen      total 153600K, used 25894K [0x00000000f5980000, 0x0000000100000000, 0x0000000100000000)
  eden space 135680K, 18% used [0x00000000f5980000,0x00000000f72699c0,0x00000000fde00000)
  from space 17920K, 2% used [0x00000000fee80000,0x00000000feee0000,0x0000000100000000)
  to   space 16896K, 0% used [0x00000000fde00000,0x00000000fde00000,0x00000000fee80000)
 ParOldGen       total 341504K, used 38611K [0x00000000e0c00000, 0x00000000f5980000, 0x00000000f5980000)
  object space 341504K, 11% used [0x00000000e0c00000,0x00000000e31b4e30,0x00000000f5980000)
 Metaspace       used 35699K, capacity 36542K, committed 36952K, reserved 1081344K
  class space    used 4936K, capacity 5129K, committed 5248K, reserved 1048576K
