08:31:11,675 |-INFO in ch.qos.logback.classic.LoggerContext[default] - Could NOT find resource [logback-test.xml]
08:31:11,675 |-INFO in ch.qos.logback.classic.LoggerContext[default] - Could NOT find resource [logback.groovy]
08:31:11,675 |-INFO in ch.qos.logback.classic.LoggerContext[default] - Found resource [logback.xml] at [jar:file:/home/nikitasokolov/flamestream/lib/flamestream-runtime-1.0-SNAPSHOT.jar!/logback.xml]
08:31:11,676 |-WARN in ch.qos.logback.classic.LoggerContext[default] - Resource [logback.xml] occurs multiple times on the classpath.
08:31:11,676 |-WARN in ch.qos.logback.classic.LoggerContext[default] - Resource [logback.xml] occurs at [jar:file:/home/nikitasokolov/flamestream/lib/flamestream-runtime-1.0-SNAPSHOT.jar!/logback.xml]
08:31:11,676 |-WARN in ch.qos.logback.classic.LoggerContext[default] - Resource [logback.xml] occurs at [jar:file:/home/nikitasokolov/flamestream/flamestream-runtime-1.0-SNAPSHOT.jar!/logback.xml]
08:31:11,692 |-INFO in ch.qos.logback.core.joran.spi.ConfigurationWatchList@6108b2d7 - URL [jar:file:/home/nikitasokolov/flamestream/lib/flamestream-runtime-1.0-SNAPSHOT.jar!/logback.xml] is not of type file
08:31:11,744 |-INFO in ch.qos.logback.classic.joran.action.ConfigurationAction - debug attribute not set
08:31:11,745 |-INFO in ch.qos.logback.core.joran.action.AppenderAction - About to instantiate appender of type [ch.qos.logback.core.ConsoleAppender]
08:31:11,755 |-INFO in ch.qos.logback.core.joran.action.AppenderAction - Naming appender as [STDOUT]
08:31:11,764 |-INFO in ch.qos.logback.core.joran.action.NestedComplexPropertyIA - Assuming default type [ch.qos.logback.classic.encoder.PatternLayoutEncoder] for [encoder] property
08:31:11,822 |-INFO in ch.qos.logback.core.joran.action.AppenderAction - About to instantiate appender of type [ch.qos.logback.core.rolling.RollingFileAppender]
08:31:11,827 |-INFO in ch.qos.logback.core.joran.action.AppenderAction - Naming appender as [FILE]
08:31:11,850 |-INFO in c.q.l.core.rolling.TimeBasedRollingPolicy@357863579 - No compression will be used
08:31:11,851 |-INFO in c.q.l.core.rolling.TimeBasedRollingPolicy@357863579 - Will use the pattern /tmp/application_%d{yyyy-MM-dd}.%i.log for the active file
08:31:11,854 |-INFO in ch.qos.logback.core.rolling.SizeAndTimeBasedFNATP@6bf256fa - The date pattern is 'yyyy-MM-dd' from file name pattern '/tmp/application_%d{yyyy-MM-dd}.%i.log'.
08:31:11,854 |-INFO in ch.qos.logback.core.rolling.SizeAndTimeBasedFNATP@6bf256fa - Roll-over at midnight.
08:31:11,858 |-INFO in ch.qos.logback.core.rolling.SizeAndTimeBasedFNATP@6bf256fa - Setting initial period to Sun Jun 09 08:30:29 MSK 2019
08:31:11,858 |-WARN in ch.qos.logback.core.rolling.SizeAndTimeBasedFNATP@6bf256fa - SizeAndTimeBasedFNATP is deprecated. Use SizeAndTimeBasedRollingPolicy instead
08:31:11,858 |-WARN in ch.qos.logback.core.rolling.SizeAndTimeBasedFNATP@6bf256fa - For more information see http://logback.qos.ch/manual/appenders.html#SizeAndTimeBasedRollingPolicy
08:31:11,863 |-INFO in ch.qos.logback.core.joran.action.NestedComplexPropertyIA - Assuming default type [ch.qos.logback.classic.encoder.PatternLayoutEncoder] for [encoder] property
08:31:11,865 |-INFO in ch.qos.logback.core.rolling.RollingFileAppender[FILE] - Active log file name: /tmp/application.log
08:31:11,865 |-INFO in ch.qos.logback.core.rolling.RollingFileAppender[FILE] - File property is set to [/tmp/application.log]
08:31:11,866 |-INFO in ch.qos.logback.classic.joran.action.RootLoggerAction - Setting level of ROOT logger to WARN
08:31:11,866 |-INFO in ch.qos.logback.core.joran.action.AppenderRefAction - Attaching appender named [STDOUT] to Logger[ROOT]
08:31:11,867 |-INFO in ch.qos.logback.core.joran.action.AppenderRefAction - Attaching appender named [FILE] to Logger[ROOT]
08:31:11,867 |-INFO in ch.qos.logback.classic.joran.action.ConfigurationAction - End of configuration.
08:31:11,867 |-INFO in ch.qos.logback.classic.joran.JoranConfigurator@6cd8737 - Registering current configuration as safe fallback point

2019-06-09T08:31:12.847+0300: 1.373: [GC (Metadata GC Threshold) [PSYoungGen: 108152K->15944K(149504K)] 108152K->16024K(491008K), 0.0207194 secs] [Times: user=0.09 sys=0.02, real=0.02 secs] 
2019-06-09T08:31:12.868+0300: 1.394: [Full GC (Metadata GC Threshold) [PSYoungGen: 15944K->0K(149504K)] [ParOldGen: 80K->15078K(341504K)] 16024K->15078K(491008K), [Metaspace: 20801K->20801K(1067008K)], 0.0285482 secs] [Times: user=0.17 sys=0.02, real=0.03 secs] 
08:31:20.346 [Curator-PathChildrenCache-1] WARN  o.a.c.u.ZKPaths  - The version of ZooKeeper being used doesn't support Container nodes. CreateMode.PERSISTENT will be used instead.
2019-06-09T08:31:21.195+0300: 9.721: [GC (Metadata GC Threshold) [PSYoungGen: 124168K->15798K(149504K)] 139246K->50415K(491008K), 0.0334030 secs] [Times: user=0.28 sys=0.03, real=0.03 secs] 
2019-06-09T08:31:21.229+0300: 9.755: [Full GC (Metadata GC Threshold) [PSYoungGen: 15798K->0K(149504K)] [ParOldGen: 34617K->38911K(341504K)] 50415K->38911K(491008K), [Metaspace: 34540K->34540K(1079296K)], 0.0364000 secs] [Times: user=0.22 sys=0.01, real=0.04 secs] 
2019-06-09T08:31:23.154+0300: 11.680: [GC (Allocation Failure) [PSYoungGen: 128512K->512K(149504K)] 167423K->39431K(491008K), 0.0032343 secs] [Times: user=0.01 sys=0.00, real=0.00 secs] 
2019-06-09T08:31:24.927+0300: 13.453: [GC (Allocation Failure) [PSYoungGen: 129024K->608K(149504K)] 167943K->39535K(491008K), 0.0030475 secs] [Times: user=0.01 sys=0.00, real=0.01 secs] 
2019-06-09T08:31:26.402+0300: 14.928: [GC (Allocation Failure) [PSYoungGen: 129120K->704K(129536K)] 168047K->39639K(471040K), 0.0039856 secs] [Times: user=0.03 sys=0.00, real=0.00 secs] 
2019-06-09T08:31:27.890+0300: 16.416: [GC (Allocation Failure) [PSYoungGen: 129216K->608K(150016K)] 168151K->39543K(491520K), 0.0029291 secs] [Times: user=0.01 sys=0.00, real=0.00 secs] 
2019-06-09T08:31:29.006+0300: 17.532: [GC (Allocation Failure) [PSYoungGen: 129120K->672K(148992K)] 168055K->39607K(490496K), 0.0032445 secs] [Times: user=0.01 sys=0.00, real=0.00 secs] 
2019-06-09T08:31:30.293+0300: 18.819: [GC (Allocation Failure) [PSYoungGen: 129184K->672K(151552K)] 168119K->39607K(493056K), 0.0031286 secs] [Times: user=0.01 sys=0.01, real=0.00 secs] 
2019-06-09T08:31:31.591+0300: 20.117: [GC (Allocation Failure) [PSYoungGen: 132768K->576K(151040K)] 171703K->39511K(492544K), 0.0032037 secs] [Times: user=0.01 sys=0.00, real=0.00 secs] 
2019-06-09T08:31:32.658+0300: 21.184: [GC (Allocation Failure) [PSYoungGen: 132672K->704K(153088K)] 171607K->39639K(494592K), 0.0029645 secs] [Times: user=0.01 sys=0.00, real=0.00 secs] 
2019-06-09T08:31:34.028+0300: 22.554: [GC (Allocation Failure) [PSYoungGen: 135872K->704K(152576K)] 174807K->39639K(494080K), 0.0111712 secs] [Times: user=0.09 sys=0.02, real=0.02 secs] 
2019-06-09T08:31:35.420+0300: 23.946: [GC (Allocation Failure) [PSYoungGen: 135872K->704K(155136K)] 174807K->39639K(496640K), 0.0021614 secs] [Times: user=0.02 sys=0.00, real=0.00 secs] 
2019-06-09T08:31:36.440+0300: 24.966: [GC (Allocation Failure) [PSYoungGen: 139456K->640K(154112K)] 178391K->39583K(495616K), 0.0032005 secs] [Times: user=0.01 sys=0.00, real=0.00 secs] 
2019-06-09T08:31:38.265+0300: 26.791: [GC (Allocation Failure) [PSYoungGen: 139392K->672K(156672K)] 178335K->39615K(498176K), 0.0033329 secs] [Times: user=0.01 sys=0.01, real=0.00 secs] 
08:31:49.751 [Curator-PathChildrenCache-0] ERROR o.a.c.f.r.c.PathChildrenCache  - 
java.lang.IllegalStateException: instance must be started before calling this method
	at org.apache.curator.shaded.com.google.common.base.Preconditions.checkState(Preconditions.java:444)
	at org.apache.curator.framework.imps.CuratorFrameworkImpl.getChildren(CuratorFrameworkImpl.java:456)
	at org.apache.curator.framework.recipes.cache.PathChildrenCache.refresh(PathChildrenCache.java:521)
	at org.apache.curator.framework.recipes.cache.RefreshOperation.invoke(RefreshOperation.java:35)
	at org.apache.curator.framework.recipes.cache.PathChildrenCache$9.run(PathChildrenCache.java:786)
	at java.util.concurrent.Executors$RunnableAdapter.call(Executors.java:511)
	at java.util.concurrent.FutureTask.run(FutureTask.java:266)
	at java.util.concurrent.Executors$RunnableAdapter.call(Executors.java:511)
	at java.util.concurrent.FutureTask.run(FutureTask.java:266)
	at java.util.concurrent.ThreadPoolExecutor.runWorker(ThreadPoolExecutor.java:1149)
	at java.util.concurrent.ThreadPoolExecutor$Worker.run(ThreadPoolExecutor.java:624)
	at java.lang.Thread.run(Thread.java:748)
Heap
 PSYoungGen      total 156672K, used 107393K [0x00000000f5980000, 0x0000000100000000, 0x0000000100000000)
  eden space 141824K, 75% used [0x00000000f5980000,0x00000000fc1b8658,0x00000000fe400000)
  from space 14848K, 4% used [0x00000000ff180000,0x00000000ff228010,0x0000000100000000)
  to   space 13824K, 0% used [0x00000000fe400000,0x00000000fe400000,0x00000000ff180000)
 ParOldGen       total 341504K, used 38943K [0x00000000e0c00000, 0x00000000f5980000, 0x00000000f5980000)
  object space 341504K, 11% used [0x00000000e0c00000,0x00000000e3207e30,0x00000000f5980000)
 Metaspace       used 35718K, capacity 36614K, committed 36952K, reserved 1081344K
  class space    used 4934K, capacity 5129K, committed 5248K, reserved 1048576K
