16:46:31,621 |-INFO in ch.qos.logback.classic.LoggerContext[default] - Could NOT find resource [logback-test.xml]
16:46:31,622 |-INFO in ch.qos.logback.classic.LoggerContext[default] - Could NOT find resource [logback.groovy]
16:46:31,622 |-INFO in ch.qos.logback.classic.LoggerContext[default] - Found resource [logback.xml] at [jar:file:/root/flamestream/lib/flamestream-runtime-1.0-SNAPSHOT.jar!/logback.xml]
16:46:31,622 |-WARN in ch.qos.logback.classic.LoggerContext[default] - Resource [logback.xml] occurs multiple times on the classpath.
16:46:31,623 |-WARN in ch.qos.logback.classic.LoggerContext[default] - Resource [logback.xml] occurs at [jar:file:/root/flamestream/lib/flamestream-runtime-1.0-SNAPSHOT.jar!/logback.xml]
16:46:31,623 |-WARN in ch.qos.logback.classic.LoggerContext[default] - Resource [logback.xml] occurs at [jar:file:/root/flamestream/flamestream-runtime-1.0-SNAPSHOT.jar!/logback.xml]
16:46:31,646 |-INFO in ch.qos.logback.core.joran.spi.ConfigurationWatchList@3fb6a447 - URL [jar:file:/root/flamestream/lib/flamestream-runtime-1.0-SNAPSHOT.jar!/logback.xml] is not of type file
16:46:31,720 |-INFO in ch.qos.logback.classic.joran.action.ConfigurationAction - debug attribute not set
16:46:31,721 |-INFO in ch.qos.logback.core.joran.action.AppenderAction - About to instantiate appender of type [ch.qos.logback.core.ConsoleAppender]
16:46:31,732 |-INFO in ch.qos.logback.core.joran.action.AppenderAction - Naming appender as [STDOUT]
16:46:31,749 |-INFO in ch.qos.logback.core.joran.action.NestedComplexPropertyIA - Assuming default type [ch.qos.logback.classic.encoder.PatternLayoutEncoder] for [encoder] property
16:46:31,830 |-INFO in ch.qos.logback.core.joran.action.AppenderAction - About to instantiate appender of type [ch.qos.logback.core.rolling.RollingFileAppender]
16:46:31,839 |-INFO in ch.qos.logback.core.joran.action.AppenderAction - Naming appender as [FILE]
16:46:31,871 |-INFO in c.q.l.core.rolling.TimeBasedRollingPolicy@127618319 - No compression will be used
16:46:31,872 |-INFO in c.q.l.core.rolling.TimeBasedRollingPolicy@127618319 - Will use the pattern /tmp/application_%d{yyyy-MM-dd}.%i.log for the active file
16:46:31,875 |-INFO in ch.qos.logback.core.rolling.SizeAndTimeBasedFNATP@6b2fad11 - The date pattern is 'yyyy-MM-dd' from file name pattern '/tmp/application_%d{yyyy-MM-dd}.%i.log'.
16:46:31,875 |-INFO in ch.qos.logback.core.rolling.SizeAndTimeBasedFNATP@6b2fad11 - Roll-over at midnight.
16:46:31,880 |-INFO in ch.qos.logback.core.rolling.SizeAndTimeBasedFNATP@6b2fad11 - Setting initial period to Mon Jun 10 16:44:59 UTC 2019
16:46:31,880 |-WARN in ch.qos.logback.core.rolling.SizeAndTimeBasedFNATP@6b2fad11 - SizeAndTimeBasedFNATP is deprecated. Use SizeAndTimeBasedRollingPolicy instead
16:46:31,880 |-WARN in ch.qos.logback.core.rolling.SizeAndTimeBasedFNATP@6b2fad11 - For more information see http://logback.qos.ch/manual/appenders.html#SizeAndTimeBasedRollingPolicy
16:46:31,884 |-INFO in ch.qos.logback.core.joran.action.NestedComplexPropertyIA - Assuming default type [ch.qos.logback.classic.encoder.PatternLayoutEncoder] for [encoder] property
16:46:31,889 |-INFO in ch.qos.logback.core.rolling.RollingFileAppender[FILE] - Active log file name: /tmp/application.log
16:46:31,889 |-INFO in ch.qos.logback.core.rolling.RollingFileAppender[FILE] - File property is set to [/tmp/application.log]
16:46:31,890 |-INFO in ch.qos.logback.classic.joran.action.RootLoggerAction - Setting level of ROOT logger to WARN
16:46:31,890 |-INFO in ch.qos.logback.core.joran.action.AppenderRefAction - Attaching appender named [STDOUT] to Logger[ROOT]
16:46:31,891 |-INFO in ch.qos.logback.core.joran.action.AppenderRefAction - Attaching appender named [FILE] to Logger[ROOT]
16:46:31,891 |-INFO in ch.qos.logback.classic.joran.action.ConfigurationAction - End of configuration.
16:46:31,891 |-INFO in ch.qos.logback.classic.joran.JoranConfigurator@79698539 - Registering current configuration as safe fallback point

Ama winner
Ama winner
2019-06-10T16:46:33.205+0000: 1.766: [Full GC (Metadata GC Threshold) 2019-06-10T16:46:33.205+0000: 1.766: [Tenured: 0K->15241K(341376K), 0.0368888 secs] 114986K->15241K(494976K), [Metaspace: 20741K->20741K(1067008K)], 0.0369561 secs] [Times: user=0.03 sys=0.01, real=0.04 secs] 
16:46:55.859 [Curator-PathChildrenCache-1] WARN  o.a.c.u.ZKPaths  - The version of ZooKeeper being used doesn't support Container nodes. CreateMode.PERSISTENT will be used instead.
2019-06-10T16:46:58.078+0000: 26.639: [GC (Allocation Failure) 2019-06-10T16:46:58.078+0000: 26.639: [DefNew: 136576K->17024K(153600K), 0.0317214 secs] 151817K->52495K(494976K), 0.0317888 secs] [Times: user=0.01 sys=0.01, real=0.03 secs] 
2019-06-10T16:46:59.684+0000: 28.245: [Full GC (Metadata GC Threshold) 2019-06-10T16:46:59.684+0000: 28.245: [Tenured: 35471K->44060K(341376K), 0.0412638 secs] 86592K->44060K(494976K), [Metaspace: 34586K->34586K(1079296K)], 0.0413531 secs] [Times: user=0.04 sys=0.00, real=0.04 secs] 
2019-06-10T16:47:06.836+0000: 35.397: [GC (Allocation Failure) 2019-06-10T16:47:06.836+0000: 35.397: [DefNew: 136576K->135K(153600K), 0.0019420 secs] 180636K->44195K(494976K), 0.0020029 secs] [Times: user=0.00 sys=0.00, real=0.00 secs] 
2019-06-10T16:47:13.842+0000: 42.403: [GC (Allocation Failure) 2019-06-10T16:47:13.842+0000: 42.403: [DefNew: 136711K->166K(153600K), 0.0017884 secs] 180771K->44227K(494976K), 0.0018488 secs] [Times: user=0.00 sys=0.00, real=0.00 secs] 
2019-06-10T16:47:20.926+0000: 49.487: [GC (Allocation Failure) 2019-06-10T16:47:20.926+0000: 49.487: [DefNew: 136742K->172K(153600K), 0.0019125 secs] 180803K->44233K(494976K), 0.0019918 secs] [Times: user=0.00 sys=0.00, real=0.01 secs] 
2019-06-10T16:47:28.017+0000: 56.578: [GC (Allocation Failure) 2019-06-10T16:47:28.017+0000: 56.579: [DefNew: 136748K->170K(153600K), 0.0018474 secs] 180809K->44231K(494976K), 0.0019060 secs] [Times: user=0.00 sys=0.00, real=0.00 secs] 
2019-06-10T16:47:35.232+0000: 63.794: [GC (Allocation Failure) 2019-06-10T16:47:35.232+0000: 63.794: [DefNew: 136746K->516K(153600K), 0.0023931 secs] 180807K->44577K(494976K), 0.0024561 secs] [Times: user=0.00 sys=0.00, real=0.00 secs] 
16:47:54.839 [Curator-PathChildrenCache-0] ERROR o.a.c.f.r.c.PathChildrenCache  - 
java.lang.IllegalStateException: instance must be started before calling this method
	at org.apache.curator.shaded.com.google.common.base.Preconditions.checkState(Preconditions.java:444)
	at org.apache.curator.framework.imps.CuratorFrameworkImpl.getChildren(CuratorFrameworkImpl.java:456)
	at org.apache.curator.framework.recipes.cache.PathChildrenCache.refresh(PathChildrenCache.java:521)
	at org.apache.curator.framework.recipes.cache.RefreshOperation.invoke(RefreshOperation.java:35)
	at org.apache.curator.framework.recipes.cache.PathChildrenCache$9.run(PathChildrenCache.java:786)
	at java.util.concurrent.Executors$RunnableAdapter.call(Executors.java:511)
	at java.util.concurrent.FutureTask.run(FutureTask.java:266)
	at java.util.concurrent.Executors$RunnableAdapter.call(Executors.java:511)
	at java.util.concurrent.FutureTask.run(FutureTask.java:266)
	at java.util.concurrent.ThreadPoolExecutor.runWorker(ThreadPoolExecutor.java:1149)
	at java.util.concurrent.ThreadPoolExecutor$Worker.run(ThreadPoolExecutor.java:624)
	at java.lang.Thread.run(Thread.java:748)
Heap
 def new generation   total 153600K, used 126727K [0x00000000e0c00000, 0x00000000eb2a0000, 0x00000000eb2a0000)
  eden space 136576K,  92% used [0x00000000e0c00000, 0x00000000e8740b50, 0x00000000e9160000)
  from space 17024K,   3% used [0x00000000e9160000, 0x00000000e91e1348, 0x00000000ea200000)
  to   space 17024K,   0% used [0x00000000ea200000, 0x00000000ea200000, 0x00000000eb2a0000)
 tenured generation   total 341376K, used 44060K [0x00000000eb2a0000, 0x0000000100000000, 0x0000000100000000)
   the space 341376K,  12% used [0x00000000eb2a0000, 0x00000000edda71d8, 0x00000000edda7200, 0x0000000100000000)
 Metaspace       used 36135K, capacity 37062K, committed 37376K, reserved 1081344K
  class space    used 4868K, capacity 5075K, committed 5120K, reserved 1048576K
