13:17:44,709 |-INFO in ch.qos.logback.classic.LoggerContext[default] - Could NOT find resource [logback-test.xml]
13:17:44,709 |-INFO in ch.qos.logback.classic.LoggerContext[default] - Could NOT find resource [logback.groovy]
13:17:44,709 |-INFO in ch.qos.logback.classic.LoggerContext[default] - Found resource [logback.xml] at [jar:file:/root/flamestream/lib/flamestream-runtime-1.0-SNAPSHOT.jar!/logback.xml]
13:17:44,710 |-WARN in ch.qos.logback.classic.LoggerContext[default] - Resource [logback.xml] occurs multiple times on the classpath.
13:17:44,710 |-WARN in ch.qos.logback.classic.LoggerContext[default] - Resource [logback.xml] occurs at [jar:file:/root/flamestream/lib/flamestream-runtime-1.0-SNAPSHOT.jar!/logback.xml]
13:17:44,710 |-WARN in ch.qos.logback.classic.LoggerContext[default] - Resource [logback.xml] occurs at [jar:file:/root/flamestream/flamestream-runtime-1.0-SNAPSHOT.jar!/logback.xml]
13:17:44,732 |-INFO in ch.qos.logback.core.joran.spi.ConfigurationWatchList@3fb6a447 - URL [jar:file:/root/flamestream/lib/flamestream-runtime-1.0-SNAPSHOT.jar!/logback.xml] is not of type file
13:17:44,805 |-INFO in ch.qos.logback.classic.joran.action.ConfigurationAction - debug attribute not set
13:17:44,806 |-INFO in ch.qos.logback.core.joran.action.AppenderAction - About to instantiate appender of type [ch.qos.logback.core.ConsoleAppender]
13:17:44,822 |-INFO in ch.qos.logback.core.joran.action.AppenderAction - Naming appender as [STDOUT]
13:17:44,840 |-INFO in ch.qos.logback.core.joran.action.NestedComplexPropertyIA - Assuming default type [ch.qos.logback.classic.encoder.PatternLayoutEncoder] for [encoder] property
13:17:44,923 |-INFO in ch.qos.logback.core.joran.action.AppenderAction - About to instantiate appender of type [ch.qos.logback.core.rolling.RollingFileAppender]
13:17:44,928 |-INFO in ch.qos.logback.core.joran.action.AppenderAction - Naming appender as [FILE]
13:17:44,960 |-INFO in c.q.l.core.rolling.TimeBasedRollingPolicy@127618319 - No compression will be used
13:17:44,961 |-INFO in c.q.l.core.rolling.TimeBasedRollingPolicy@127618319 - Will use the pattern /tmp/application_%d{yyyy-MM-dd}.%i.log for the active file
13:17:44,964 |-INFO in ch.qos.logback.core.rolling.SizeAndTimeBasedFNATP@6b2fad11 - The date pattern is 'yyyy-MM-dd' from file name pattern '/tmp/application_%d{yyyy-MM-dd}.%i.log'.
13:17:44,964 |-INFO in ch.qos.logback.core.rolling.SizeAndTimeBasedFNATP@6b2fad11 - Roll-over at midnight.
13:17:44,969 |-INFO in ch.qos.logback.core.rolling.SizeAndTimeBasedFNATP@6b2fad11 - Setting initial period to Mon Jun 10 13:16:22 UTC 2019
13:17:44,969 |-WARN in ch.qos.logback.core.rolling.SizeAndTimeBasedFNATP@6b2fad11 - SizeAndTimeBasedFNATP is deprecated. Use SizeAndTimeBasedRollingPolicy instead
13:17:44,969 |-WARN in ch.qos.logback.core.rolling.SizeAndTimeBasedFNATP@6b2fad11 - For more information see http://logback.qos.ch/manual/appenders.html#SizeAndTimeBasedRollingPolicy
13:17:44,973 |-INFO in ch.qos.logback.core.joran.action.NestedComplexPropertyIA - Assuming default type [ch.qos.logback.classic.encoder.PatternLayoutEncoder] for [encoder] property
13:17:44,978 |-INFO in ch.qos.logback.core.rolling.RollingFileAppender[FILE] - Active log file name: /tmp/application.log
13:17:44,978 |-INFO in ch.qos.logback.core.rolling.RollingFileAppender[FILE] - File property is set to [/tmp/application.log]
13:17:44,979 |-INFO in ch.qos.logback.classic.joran.action.RootLoggerAction - Setting level of ROOT logger to WARN
13:17:44,979 |-INFO in ch.qos.logback.core.joran.action.AppenderRefAction - Attaching appender named [STDOUT] to Logger[ROOT]
13:17:44,981 |-INFO in ch.qos.logback.core.joran.action.AppenderRefAction - Attaching appender named [FILE] to Logger[ROOT]
13:17:44,981 |-INFO in ch.qos.logback.classic.joran.action.ConfigurationAction - End of configuration.
13:17:44,981 |-INFO in ch.qos.logback.classic.joran.JoranConfigurator@79698539 - Registering current configuration as safe fallback point

Ama winner
Ama winner
2019-06-10T13:17:46.262+0000: 1.732: [Full GC (Metadata GC Threshold) 2019-06-10T13:17:46.262+0000: 1.732: [Tenured: 0K->15207K(341376K), 0.0381212 secs] 115002K->15207K(494976K), [Metaspace: 20732K->20732K(1067008K)], 0.0381910 secs] [Times: user=0.03 sys=0.00, real=0.04 secs] 
2019-06-10T13:18:07.127+0000: 22.597: [GC (Allocation Failure) 2019-06-10T13:18:07.127+0000: 22.597: [DefNew: 136576K->17024K(153600K), 0.0261210 secs] 151783K->52668K(494976K), 0.0262096 secs] [Times: user=0.01 sys=0.01, real=0.03 secs] 
2019-06-10T13:18:08.125+0000: 23.595: [Full GC (Metadata GC Threshold) 2019-06-10T13:18:08.125+0000: 23.595: [Tenured: 35644K->44375K(341376K), 0.0416047 secs] 76829K->44375K(494976K), [Metaspace: 34563K->34563K(1079296K)], 0.0416869 secs] [Times: user=0.04 sys=0.00, real=0.04 secs] 
2019-06-10T13:18:16.467+0000: 31.937: [GC (Allocation Failure) 2019-06-10T13:18:16.467+0000: 31.937: [DefNew: 136576K->67K(153600K), 0.0018324 secs] 180951K->44443K(494976K), 0.0018926 secs] [Times: user=0.00 sys=0.00, real=0.00 secs] 
2019-06-10T13:18:24.663+0000: 40.133: [GC (Allocation Failure) 2019-06-10T13:18:24.663+0000: 40.133: [DefNew: 136643K->70K(153600K), 0.0018383 secs] 181019K->44446K(494976K), 0.0019020 secs] [Times: user=0.00 sys=0.00, real=0.00 secs] 
2019-06-10T13:18:32.942+0000: 48.412: [GC (Allocation Failure) 2019-06-10T13:18:32.942+0000: 48.412: [DefNew: 136646K->67K(153600K), 0.0017003 secs] 181022K->44442K(494976K), 0.0017732 secs] [Times: user=0.00 sys=0.00, real=0.00 secs] 
2019-06-10T13:18:41.289+0000: 56.759: [GC (Allocation Failure) 2019-06-10T13:18:41.289+0000: 56.759: [DefNew: 136643K->69K(153600K), 0.0017588 secs] 181018K->44444K(494976K), 0.0018288 secs] [Times: user=0.00 sys=0.00, real=0.01 secs] 
2019-06-10T13:18:49.907+0000: 65.377: [GC (Allocation Failure) 2019-06-10T13:18:49.907+0000: 65.377: [DefNew: 136645K->420K(153600K), 0.0023040 secs] 181020K->44795K(494976K), 0.0023676 secs] [Times: user=0.00 sys=0.00, real=0.00 secs] 
2019-06-10T13:18:59.874+0000: 75.344: [GC (Allocation Failure) 2019-06-10T13:18:59.874+0000: 75.344: [DefNew: 136996K->169K(153600K), 0.0020248 secs] 181371K->44544K(494976K), 0.0020896 secs] [Times: user=0.00 sys=0.00, real=0.00 secs] 
13:19:16.102 [Curator-PathChildrenCache-0] ERROR o.a.c.f.r.c.PathChildrenCache  - 
java.lang.IllegalStateException: instance must be started before calling this method
	at org.apache.curator.shaded.com.google.common.base.Preconditions.checkState(Preconditions.java:444)
	at org.apache.curator.framework.imps.CuratorFrameworkImpl.getChildren(CuratorFrameworkImpl.java:456)
	at org.apache.curator.framework.recipes.cache.PathChildrenCache.refresh(PathChildrenCache.java:521)
	at org.apache.curator.framework.recipes.cache.RefreshOperation.invoke(RefreshOperation.java:35)
	at org.apache.curator.framework.recipes.cache.PathChildrenCache$9.run(PathChildrenCache.java:786)
	at java.util.concurrent.Executors$RunnableAdapter.call(Executors.java:511)
	at java.util.concurrent.FutureTask.run(FutureTask.java:266)
	at java.util.concurrent.Executors$RunnableAdapter.call(Executors.java:511)
	at java.util.concurrent.FutureTask.run(FutureTask.java:266)
	at java.util.concurrent.ThreadPoolExecutor.runWorker(ThreadPoolExecutor.java:1149)
	at java.util.concurrent.ThreadPoolExecutor$Worker.run(ThreadPoolExecutor.java:624)
	at java.lang.Thread.run(Thread.java:748)
Heap
 def new generation   total 153600K, used 69712K [0x00000000e0c00000, 0x00000000eb2a0000, 0x00000000eb2a0000)
  eden space 136576K,  50% used [0x00000000e0c00000, 0x00000000e4fe9cf8, 0x00000000e9160000)
  from space 17024K,   0% used [0x00000000ea200000, 0x00000000ea22a448, 0x00000000eb2a0000)
  to   space 17024K,   0% used [0x00000000e9160000, 0x00000000e9160000, 0x00000000ea200000)
 tenured generation   total 341376K, used 44375K [0x00000000eb2a0000, 0x0000000100000000, 0x0000000100000000)
   the space 341376K,  12% used [0x00000000eb2a0000, 0x00000000eddf5dd8, 0x00000000eddf5e00, 0x0000000100000000)
 Metaspace       used 36167K, capacity 37134K, committed 37376K, reserved 1081344K
  class space    used 4863K, capacity 5087K, committed 5120K, reserved 1048576K
