17:32:24,379 |-INFO in ch.qos.logback.classic.LoggerContext[default] - Could NOT find resource [logback-test.xml]
17:32:24,380 |-INFO in ch.qos.logback.classic.LoggerContext[default] - Could NOT find resource [logback.groovy]
17:32:24,380 |-INFO in ch.qos.logback.classic.LoggerContext[default] - Found resource [logback.xml] at [jar:file:/root/flamestream/lib/flamestream-runtime-1.0-SNAPSHOT.jar!/logback.xml]
17:32:24,381 |-WARN in ch.qos.logback.classic.LoggerContext[default] - Resource [logback.xml] occurs multiple times on the classpath.
17:32:24,381 |-WARN in ch.qos.logback.classic.LoggerContext[default] - Resource [logback.xml] occurs at [jar:file:/root/flamestream/lib/flamestream-runtime-1.0-SNAPSHOT.jar!/logback.xml]
17:32:24,381 |-WARN in ch.qos.logback.classic.LoggerContext[default] - Resource [logback.xml] occurs at [jar:file:/root/flamestream/flamestream-runtime-1.0-SNAPSHOT.jar!/logback.xml]
17:32:24,400 |-INFO in ch.qos.logback.core.joran.spi.ConfigurationWatchList@3fb6a447 - URL [jar:file:/root/flamestream/lib/flamestream-runtime-1.0-SNAPSHOT.jar!/logback.xml] is not of type file
17:32:24,471 |-INFO in ch.qos.logback.classic.joran.action.ConfigurationAction - debug attribute not set
17:32:24,472 |-INFO in ch.qos.logback.core.joran.action.AppenderAction - About to instantiate appender of type [ch.qos.logback.core.ConsoleAppender]
17:32:24,491 |-INFO in ch.qos.logback.core.joran.action.AppenderAction - Naming appender as [STDOUT]
17:32:24,505 |-INFO in ch.qos.logback.core.joran.action.NestedComplexPropertyIA - Assuming default type [ch.qos.logback.classic.encoder.PatternLayoutEncoder] for [encoder] property
17:32:24,590 |-INFO in ch.qos.logback.core.joran.action.AppenderAction - About to instantiate appender of type [ch.qos.logback.core.rolling.RollingFileAppender]
17:32:24,595 |-INFO in ch.qos.logback.core.joran.action.AppenderAction - Naming appender as [FILE]
17:32:24,625 |-INFO in c.q.l.core.rolling.TimeBasedRollingPolicy@127618319 - No compression will be used
17:32:24,626 |-INFO in c.q.l.core.rolling.TimeBasedRollingPolicy@127618319 - Will use the pattern /tmp/application_%d{yyyy-MM-dd}.%i.log for the active file
17:32:24,629 |-INFO in ch.qos.logback.core.rolling.SizeAndTimeBasedFNATP@6b2fad11 - The date pattern is 'yyyy-MM-dd' from file name pattern '/tmp/application_%d{yyyy-MM-dd}.%i.log'.
17:32:24,629 |-INFO in ch.qos.logback.core.rolling.SizeAndTimeBasedFNATP@6b2fad11 - Roll-over at midnight.
17:32:24,634 |-INFO in ch.qos.logback.core.rolling.SizeAndTimeBasedFNATP@6b2fad11 - Setting initial period to Mon Jun 10 17:30:49 UTC 2019
17:32:24,634 |-WARN in ch.qos.logback.core.rolling.SizeAndTimeBasedFNATP@6b2fad11 - SizeAndTimeBasedFNATP is deprecated. Use SizeAndTimeBasedRollingPolicy instead
17:32:24,634 |-WARN in ch.qos.logback.core.rolling.SizeAndTimeBasedFNATP@6b2fad11 - For more information see http://logback.qos.ch/manual/appenders.html#SizeAndTimeBasedRollingPolicy
17:32:24,638 |-INFO in ch.qos.logback.core.joran.action.NestedComplexPropertyIA - Assuming default type [ch.qos.logback.classic.encoder.PatternLayoutEncoder] for [encoder] property
17:32:24,643 |-INFO in ch.qos.logback.core.rolling.RollingFileAppender[FILE] - Active log file name: /tmp/application.log
17:32:24,643 |-INFO in ch.qos.logback.core.rolling.RollingFileAppender[FILE] - File property is set to [/tmp/application.log]
17:32:24,644 |-INFO in ch.qos.logback.classic.joran.action.RootLoggerAction - Setting level of ROOT logger to WARN
17:32:24,644 |-INFO in ch.qos.logback.core.joran.action.AppenderRefAction - Attaching appender named [STDOUT] to Logger[ROOT]
17:32:24,646 |-INFO in ch.qos.logback.core.joran.action.AppenderRefAction - Attaching appender named [FILE] to Logger[ROOT]
17:32:24,646 |-INFO in ch.qos.logback.classic.joran.action.ConfigurationAction - End of configuration.
17:32:24,647 |-INFO in ch.qos.logback.classic.joran.JoranConfigurator@79698539 - Registering current configuration as safe fallback point

Ama winner
Ama winner
2019-06-10T17:32:26.283+0000: 2.088: [Full GC (Metadata GC Threshold) 2019-06-10T17:32:26.283+0000: 2.089: [Tenured: 0K->15178K(341376K), 0.0400612 secs] 120483K->15178K(494976K), [Metaspace: 20737K->20737K(1067008K)], 0.0401322 secs] [Times: user=0.04 sys=0.00, real=0.04 secs] 
17:32:47.667 [Curator-PathChildrenCache-1] WARN  o.a.c.u.ZKPaths  - The version of ZooKeeper being used doesn't support Container nodes. CreateMode.PERSISTENT will be used instead.
2019-06-10T17:32:49.992+0000: 25.797: [GC (Allocation Failure) 2019-06-10T17:32:49.992+0000: 25.797: [DefNew: 136576K->17024K(153600K), 0.0268103 secs] 151754K->52596K(494976K), 0.0268769 secs] [Times: user=0.02 sys=0.00, real=0.02 secs] 
2019-06-10T17:32:51.763+0000: 27.568: [Full GC (Metadata GC Threshold) 2019-06-10T17:32:51.763+0000: 27.568: [Tenured: 35572K->44038K(341376K), 0.0405113 secs] 89883K->44038K(494976K), [Metaspace: 34609K->34609K(1079296K)], 0.0405843 secs] [Times: user=0.04 sys=0.00, real=0.04 secs] 
2019-06-10T17:32:58.419+0000: 34.224: [GC (Allocation Failure) 2019-06-10T17:32:58.419+0000: 34.224: [DefNew: 136576K->63K(153600K), 0.0017730 secs] 180614K->44102K(494976K), 0.0018317 secs] [Times: user=0.00 sys=0.00, real=0.00 secs] 
2019-06-10T17:33:05.119+0000: 40.925: [GC (Allocation Failure) 2019-06-10T17:33:05.119+0000: 40.925: [DefNew: 136639K->63K(153600K), 0.0016920 secs] 180678K->44102K(494976K), 0.0017534 secs] [Times: user=0.00 sys=0.00, real=0.00 secs] 
2019-06-10T17:33:11.753+0000: 47.558: [GC (Allocation Failure) 2019-06-10T17:33:11.753+0000: 47.558: [DefNew: 136639K->63K(153600K), 0.0016609 secs] 180678K->44102K(494976K), 0.0017260 secs] [Times: user=0.01 sys=0.00, real=0.00 secs] 
2019-06-10T17:33:18.447+0000: 54.252: [GC (Allocation Failure) 2019-06-10T17:33:18.447+0000: 54.252: [DefNew: 136639K->65K(153600K), 0.0018233 secs] 180678K->44104K(494976K), 0.0018843 secs] [Times: user=0.00 sys=0.00, real=0.00 secs] 
2019-06-10T17:33:25.140+0000: 60.945: [GC (Allocation Failure) 2019-06-10T17:33:25.140+0000: 60.945: [DefNew: 136641K->245K(153600K), 0.0019562 secs] 180680K->44284K(494976K), 0.0020284 secs] [Times: user=0.00 sys=0.00, real=0.00 secs] 
17:33:41.352 [Curator-PathChildrenCache-0] ERROR o.a.c.f.r.c.PathChildrenCache  - 
java.lang.IllegalStateException: instance must be started before calling this method
	at org.apache.curator.shaded.com.google.common.base.Preconditions.checkState(Preconditions.java:444)
	at org.apache.curator.framework.imps.CuratorFrameworkImpl.getChildren(CuratorFrameworkImpl.java:456)
	at org.apache.curator.framework.recipes.cache.PathChildrenCache.refresh(PathChildrenCache.java:521)
	at org.apache.curator.framework.recipes.cache.RefreshOperation.invoke(RefreshOperation.java:35)
	at org.apache.curator.framework.recipes.cache.PathChildrenCache$9.run(PathChildrenCache.java:786)
	at java.util.concurrent.Executors$RunnableAdapter.call(Executors.java:511)
	at java.util.concurrent.FutureTask.run(FutureTask.java:266)
	at java.util.concurrent.Executors$RunnableAdapter.call(Executors.java:511)
	at java.util.concurrent.FutureTask.run(FutureTask.java:266)
	at java.util.concurrent.ThreadPoolExecutor.runWorker(ThreadPoolExecutor.java:1149)
	at java.util.concurrent.ThreadPoolExecutor$Worker.run(ThreadPoolExecutor.java:624)
	at java.lang.Thread.run(Thread.java:748)
Heap
 def new generation   total 153600K, used 91894K [0x00000000e0c00000, 0x00000000eb2a0000, 0x00000000eb2a0000)
  eden space 136576K,  67% used [0x00000000e0c00000, 0x00000000e6580580, 0x00000000e9160000)
  from space 17024K,   1% used [0x00000000e9160000, 0x00000000e919d548, 0x00000000ea200000)
  to   space 17024K,   0% used [0x00000000ea200000, 0x00000000ea200000, 0x00000000eb2a0000)
 tenured generation   total 341376K, used 44038K [0x00000000eb2a0000, 0x0000000100000000, 0x0000000100000000)
   the space 341376K,  12% used [0x00000000eb2a0000, 0x00000000edda1bb0, 0x00000000edda1c00, 0x0000000100000000)
 Metaspace       used 36090K, capacity 36998K, committed 37120K, reserved 1081344K
  class space    used 4871K, capacity 5075K, committed 5120K, reserved 1048576K
