12:59:25,866 |-INFO in ch.qos.logback.classic.LoggerContext[default] - Could NOT find resource [logback-test.xml]
12:59:25,867 |-INFO in ch.qos.logback.classic.LoggerContext[default] - Could NOT find resource [logback.groovy]
12:59:25,867 |-INFO in ch.qos.logback.classic.LoggerContext[default] - Found resource [logback.xml] at [jar:file:/root/flamestream/lib/flamestream-runtime-1.0-SNAPSHOT.jar!/logback.xml]
12:59:25,870 |-WARN in ch.qos.logback.classic.LoggerContext[default] - Resource [logback.xml] occurs multiple times on the classpath.
12:59:25,870 |-WARN in ch.qos.logback.classic.LoggerContext[default] - Resource [logback.xml] occurs at [jar:file:/root/flamestream/lib/flamestream-runtime-1.0-SNAPSHOT.jar!/logback.xml]
12:59:25,870 |-WARN in ch.qos.logback.classic.LoggerContext[default] - Resource [logback.xml] occurs at [jar:file:/root/flamestream/flamestream-runtime-1.0-SNAPSHOT.jar!/logback.xml]
12:59:25,890 |-INFO in ch.qos.logback.core.joran.spi.ConfigurationWatchList@3fb6a447 - URL [jar:file:/root/flamestream/lib/flamestream-runtime-1.0-SNAPSHOT.jar!/logback.xml] is not of type file
12:59:25,957 |-INFO in ch.qos.logback.classic.joran.action.ConfigurationAction - debug attribute not set
12:59:25,958 |-INFO in ch.qos.logback.core.joran.action.AppenderAction - About to instantiate appender of type [ch.qos.logback.core.ConsoleAppender]
12:59:25,974 |-INFO in ch.qos.logback.core.joran.action.AppenderAction - Naming appender as [STDOUT]
12:59:25,987 |-INFO in ch.qos.logback.core.joran.action.NestedComplexPropertyIA - Assuming default type [ch.qos.logback.classic.encoder.PatternLayoutEncoder] for [encoder] property
12:59:26,086 |-INFO in ch.qos.logback.core.joran.action.AppenderAction - About to instantiate appender of type [ch.qos.logback.core.rolling.RollingFileAppender]
12:59:26,091 |-INFO in ch.qos.logback.core.joran.action.AppenderAction - Naming appender as [FILE]
12:59:26,126 |-INFO in c.q.l.core.rolling.TimeBasedRollingPolicy@127618319 - No compression will be used
12:59:26,127 |-INFO in c.q.l.core.rolling.TimeBasedRollingPolicy@127618319 - Will use the pattern /tmp/application_%d{yyyy-MM-dd}.%i.log for the active file
12:59:26,130 |-INFO in ch.qos.logback.core.rolling.SizeAndTimeBasedFNATP@6b2fad11 - The date pattern is 'yyyy-MM-dd' from file name pattern '/tmp/application_%d{yyyy-MM-dd}.%i.log'.
12:59:26,130 |-INFO in ch.qos.logback.core.rolling.SizeAndTimeBasedFNATP@6b2fad11 - Roll-over at midnight.
12:59:26,135 |-INFO in ch.qos.logback.core.rolling.SizeAndTimeBasedFNATP@6b2fad11 - Setting initial period to Mon Jun 10 12:54:59 UTC 2019
12:59:26,135 |-WARN in ch.qos.logback.core.rolling.SizeAndTimeBasedFNATP@6b2fad11 - SizeAndTimeBasedFNATP is deprecated. Use SizeAndTimeBasedRollingPolicy instead
12:59:26,135 |-WARN in ch.qos.logback.core.rolling.SizeAndTimeBasedFNATP@6b2fad11 - For more information see http://logback.qos.ch/manual/appenders.html#SizeAndTimeBasedRollingPolicy
12:59:26,139 |-INFO in ch.qos.logback.core.joran.action.NestedComplexPropertyIA - Assuming default type [ch.qos.logback.classic.encoder.PatternLayoutEncoder] for [encoder] property
12:59:26,145 |-INFO in ch.qos.logback.core.rolling.RollingFileAppender[FILE] - Active log file name: /tmp/application.log
12:59:26,145 |-INFO in ch.qos.logback.core.rolling.RollingFileAppender[FILE] - File property is set to [/tmp/application.log]
12:59:26,145 |-INFO in ch.qos.logback.classic.joran.action.RootLoggerAction - Setting level of ROOT logger to WARN
12:59:26,145 |-INFO in ch.qos.logback.core.joran.action.AppenderRefAction - Attaching appender named [STDOUT] to Logger[ROOT]
12:59:26,147 |-INFO in ch.qos.logback.core.joran.action.AppenderRefAction - Attaching appender named [FILE] to Logger[ROOT]
12:59:26,147 |-INFO in ch.qos.logback.classic.joran.action.ConfigurationAction - End of configuration.
12:59:26,148 |-INFO in ch.qos.logback.classic.joran.JoranConfigurator@79698539 - Registering current configuration as safe fallback point

Ama winner
Ama winner
2019-06-10T12:59:27.423+0000: 1.741: [Full GC (Metadata GC Threshold) 2019-06-10T12:59:27.423+0000: 1.741: [Tenured: 0K->15145K(341376K), 0.0415982 secs] 114923K->15145K(494976K), [Metaspace: 20730K->20730K(1067008K)], 0.0416693 secs] [Times: user=0.04 sys=0.00, real=0.04 secs] 
12:59:46.694 [Curator-PathChildrenCache-1] WARN  o.a.c.u.ZKPaths  - The version of ZooKeeper being used doesn't support Container nodes. CreateMode.PERSISTENT will be used instead.
2019-06-10T12:59:48.953+0000: 23.271: [GC (Allocation Failure) 2019-06-10T12:59:48.954+0000: 23.271: [DefNew: 136576K->17023K(153600K), 0.0271131 secs] 151721K->52667K(494976K), 0.0271956 secs] [Times: user=0.02 sys=0.01, real=0.03 secs] 
2019-06-10T12:59:50.525+0000: 24.843: [Full GC (Metadata GC Threshold) 2019-06-10T12:59:50.525+0000: 24.843: [Tenured: 35643K->44403K(341376K), 0.0418163 secs] 78735K->44403K(494976K), [Metaspace: 34585K->34585K(1079296K)], 0.0418945 secs] [Times: user=0.04 sys=0.00, real=0.04 secs] 
2019-06-10T13:00:00.573+0000: 34.891: [GC (Allocation Failure) 2019-06-10T13:00:00.573+0000: 34.891: [DefNew: 136576K->69K(153600K), 0.0018585 secs] 180979K->44472K(494976K), 0.0019269 secs] [Times: user=0.00 sys=0.00, real=0.00 secs] 
2019-06-10T13:00:10.681+0000: 44.999: [GC (Allocation Failure) 2019-06-10T13:00:10.681+0000: 44.999: [DefNew: 136645K->63K(153600K), 0.0018205 secs] 181048K->44466K(494976K), 0.0018827 secs] [Times: user=0.00 sys=0.00, real=0.00 secs] 
2019-06-10T13:00:20.916+0000: 55.234: [GC (Allocation Failure) 2019-06-10T13:00:20.916+0000: 55.234: [DefNew: 136639K->64K(153600K), 0.0017523 secs] 181042K->44468K(494976K), 0.0018117 secs] [Times: user=0.00 sys=0.00, real=0.00 secs] 
2019-06-10T13:00:31.607+0000: 65.925: [GC (Allocation Failure) 2019-06-10T13:00:31.607+0000: 65.925: [DefNew: 136640K->402K(153600K), 0.0022139 secs] 181044K->44806K(494976K), 0.0022927 secs] [Times: user=0.00 sys=0.00, real=0.00 secs] 
2019-06-10T13:00:44.367+0000: 78.685: [GC (Allocation Failure) 2019-06-10T13:00:44.367+0000: 78.685: [DefNew: 136978K->157K(153600K), 0.0021364 secs] 181382K->44560K(494976K), 0.0021999 secs] [Times: user=0.01 sys=0.00, real=0.00 secs] 
2019-06-10T13:00:57.021+0000: 91.339: [GC (Allocation Failure) 2019-06-10T13:00:57.021+0000: 91.339: [DefNew: 136733K->159K(153600K), 0.0020674 secs] 181136K->44562K(494976K), 0.0021277 secs] [Times: user=0.01 sys=0.00, real=0.00 secs] 
2019-06-10T13:01:19.291+0000: 113.609: [GC (Allocation Failure) 2019-06-10T13:01:19.291+0000: 113.609: [DefNew: 136735K->160K(153600K), 0.0020968 secs] 181138K->44563K(494976K), 0.0021567 secs] [Times: user=0.00 sys=0.00, real=0.00 secs] 
13:01:19.438 [Curator-PathChildrenCache-0] ERROR o.a.c.f.r.c.PathChildrenCache  - 
java.lang.IllegalStateException: instance must be started before calling this method
	at org.apache.curator.shaded.com.google.common.base.Preconditions.checkState(Preconditions.java:444)
	at org.apache.curator.framework.imps.CuratorFrameworkImpl.getChildren(CuratorFrameworkImpl.java:456)
	at org.apache.curator.framework.recipes.cache.PathChildrenCache.refresh(PathChildrenCache.java:521)
	at org.apache.curator.framework.recipes.cache.RefreshOperation.invoke(RefreshOperation.java:35)
	at org.apache.curator.framework.recipes.cache.PathChildrenCache$9.run(PathChildrenCache.java:786)
	at java.util.concurrent.Executors$RunnableAdapter.call(Executors.java:511)
	at java.util.concurrent.FutureTask.run(FutureTask.java:266)
	at java.util.concurrent.Executors$RunnableAdapter.call(Executors.java:511)
	at java.util.concurrent.FutureTask.run(FutureTask.java:266)
	at java.util.concurrent.ThreadPoolExecutor.runWorker(ThreadPoolExecutor.java:1149)
	at java.util.concurrent.ThreadPoolExecutor$Worker.run(ThreadPoolExecutor.java:624)
	at java.lang.Thread.run(Thread.java:748)
Heap
 def new generation   total 153600K, used 26785K [0x00000000e0c00000, 0x00000000eb2a0000, 0x00000000eb2a0000)
  eden space 136576K,  19% used [0x00000000e0c00000, 0x00000000e26004c8, 0x00000000e9160000)
  from space 17024K,   0% used [0x00000000e9160000, 0x00000000e9188000, 0x00000000ea200000)
  to   space 17024K,   0% used [0x00000000ea200000, 0x00000000ea200000, 0x00000000eb2a0000)
 tenured generation   total 341376K, used 44403K [0x00000000eb2a0000, 0x0000000100000000, 0x0000000100000000)
   the space 341376K,  13% used [0x00000000eb2a0000, 0x00000000eddfcd70, 0x00000000eddfce00, 0x0000000100000000)
 Metaspace       used 36281K, capacity 37130K, committed 37376K, reserved 1081344K
  class space    used 4870K, capacity 5075K, committed 5120K, reserved 1048576K
