16:43:53,619 |-INFO in ch.qos.logback.classic.LoggerContext[default] - Could NOT find resource [logback-test.xml]
16:43:53,619 |-INFO in ch.qos.logback.classic.LoggerContext[default] - Could NOT find resource [logback.groovy]
16:43:53,620 |-INFO in ch.qos.logback.classic.LoggerContext[default] - Found resource [logback.xml] at [jar:file:/root/flamestream/lib/flamestream-runtime-1.0-SNAPSHOT.jar!/logback.xml]
16:43:53,620 |-WARN in ch.qos.logback.classic.LoggerContext[default] - Resource [logback.xml] occurs multiple times on the classpath.
16:43:53,621 |-WARN in ch.qos.logback.classic.LoggerContext[default] - Resource [logback.xml] occurs at [jar:file:/root/flamestream/lib/flamestream-runtime-1.0-SNAPSHOT.jar!/logback.xml]
16:43:53,621 |-WARN in ch.qos.logback.classic.LoggerContext[default] - Resource [logback.xml] occurs at [jar:file:/root/flamestream/flamestream-runtime-1.0-SNAPSHOT.jar!/logback.xml]
16:43:53,641 |-INFO in ch.qos.logback.core.joran.spi.ConfigurationWatchList@3fb6a447 - URL [jar:file:/root/flamestream/lib/flamestream-runtime-1.0-SNAPSHOT.jar!/logback.xml] is not of type file
16:43:53,715 |-INFO in ch.qos.logback.classic.joran.action.ConfigurationAction - debug attribute not set
16:43:53,715 |-INFO in ch.qos.logback.core.joran.action.AppenderAction - About to instantiate appender of type [ch.qos.logback.core.ConsoleAppender]
16:43:53,730 |-INFO in ch.qos.logback.core.joran.action.AppenderAction - Naming appender as [STDOUT]
16:43:53,749 |-INFO in ch.qos.logback.core.joran.action.NestedComplexPropertyIA - Assuming default type [ch.qos.logback.classic.encoder.PatternLayoutEncoder] for [encoder] property
16:43:53,837 |-INFO in ch.qos.logback.core.joran.action.AppenderAction - About to instantiate appender of type [ch.qos.logback.core.rolling.RollingFileAppender]
16:43:53,842 |-INFO in ch.qos.logback.core.joran.action.AppenderAction - Naming appender as [FILE]
16:43:53,872 |-INFO in c.q.l.core.rolling.TimeBasedRollingPolicy@127618319 - No compression will be used
16:43:53,873 |-INFO in c.q.l.core.rolling.TimeBasedRollingPolicy@127618319 - Will use the pattern /tmp/application_%d{yyyy-MM-dd}.%i.log for the active file
16:43:53,876 |-INFO in ch.qos.logback.core.rolling.SizeAndTimeBasedFNATP@6b2fad11 - The date pattern is 'yyyy-MM-dd' from file name pattern '/tmp/application_%d{yyyy-MM-dd}.%i.log'.
16:43:53,876 |-INFO in ch.qos.logback.core.rolling.SizeAndTimeBasedFNATP@6b2fad11 - Roll-over at midnight.
16:43:53,881 |-INFO in ch.qos.logback.core.rolling.SizeAndTimeBasedFNATP@6b2fad11 - Setting initial period to Mon Jun 10 16:42:25 UTC 2019
16:43:53,881 |-WARN in ch.qos.logback.core.rolling.SizeAndTimeBasedFNATP@6b2fad11 - SizeAndTimeBasedFNATP is deprecated. Use SizeAndTimeBasedRollingPolicy instead
16:43:53,881 |-WARN in ch.qos.logback.core.rolling.SizeAndTimeBasedFNATP@6b2fad11 - For more information see http://logback.qos.ch/manual/appenders.html#SizeAndTimeBasedRollingPolicy
16:43:53,885 |-INFO in ch.qos.logback.core.joran.action.NestedComplexPropertyIA - Assuming default type [ch.qos.logback.classic.encoder.PatternLayoutEncoder] for [encoder] property
16:43:53,890 |-INFO in ch.qos.logback.core.rolling.RollingFileAppender[FILE] - Active log file name: /tmp/application.log
16:43:53,890 |-INFO in ch.qos.logback.core.rolling.RollingFileAppender[FILE] - File property is set to [/tmp/application.log]
16:43:53,891 |-INFO in ch.qos.logback.classic.joran.action.RootLoggerAction - Setting level of ROOT logger to WARN
16:43:53,891 |-INFO in ch.qos.logback.core.joran.action.AppenderRefAction - Attaching appender named [STDOUT] to Logger[ROOT]
16:43:53,893 |-INFO in ch.qos.logback.core.joran.action.AppenderRefAction - Attaching appender named [FILE] to Logger[ROOT]
16:43:53,893 |-INFO in ch.qos.logback.classic.joran.action.ConfigurationAction - End of configuration.
16:43:53,894 |-INFO in ch.qos.logback.classic.joran.JoranConfigurator@79698539 - Registering current configuration as safe fallback point

Ama winner
Ama winner
2019-06-10T16:43:55.203+0000: 1.771: [Full GC (Metadata GC Threshold) 2019-06-10T16:43:55.203+0000: 1.772: [Tenured: 0K->15208K(341376K), 0.0416553 secs] 114923K->15208K(494976K), [Metaspace: 20732K->20732K(1067008K)], 0.0417258 secs] [Times: user=0.04 sys=0.01, real=0.04 secs] 
16:44:11.468 [Curator-PathChildrenCache-1] WARN  o.a.c.u.ZKPaths  - The version of ZooKeeper being used doesn't support Container nodes. CreateMode.PERSISTENT will be used instead.
2019-06-10T16:44:13.567+0000: 20.135: [GC (Allocation Failure) 2019-06-10T16:44:13.567+0000: 20.135: [DefNew: 136576K->17023K(153600K), 0.0265120 secs] 151784K->52672K(494976K), 0.0265821 secs] [Times: user=0.02 sys=0.00, real=0.03 secs] 
2019-06-10T16:44:15.565+0000: 22.134: [Full GC (Metadata GC Threshold) 2019-06-10T16:44:15.565+0000: 22.134: [Tenured: 35648K->44386K(341376K), 0.0436363 secs] 92269K->44386K(494976K), [Metaspace: 34559K->34559K(1079296K)], 0.0437113 secs] [Times: user=0.04 sys=0.00, real=0.04 secs] 
2019-06-10T16:44:22.194+0000: 28.763: [GC (Allocation Failure) 2019-06-10T16:44:22.194+0000: 28.763: [DefNew: 136576K->69K(153600K), 0.0018191 secs] 180962K->44456K(494976K), 0.0018782 secs] [Times: user=0.00 sys=0.00, real=0.00 secs] 
2019-06-10T16:44:28.892+0000: 35.461: [GC (Allocation Failure) 2019-06-10T16:44:28.892+0000: 35.461: [DefNew: 136645K->70K(153600K), 0.0017527 secs] 181032K->44457K(494976K), 0.0018193 secs] [Times: user=0.00 sys=0.00, real=0.00 secs] 
2019-06-10T16:44:35.626+0000: 42.195: [GC (Allocation Failure) 2019-06-10T16:44:35.626+0000: 42.195: [DefNew: 136646K->68K(153600K), 0.0017616 secs] 181033K->44455K(494976K), 0.0018235 secs] [Times: user=0.00 sys=0.00, real=0.00 secs] 
2019-06-10T16:44:42.347+0000: 48.915: [GC (Allocation Failure) 2019-06-10T16:44:42.347+0000: 48.915: [DefNew: 136644K->69K(153600K), 0.0018181 secs] 181031K->44456K(494976K), 0.0018983 secs] [Times: user=0.00 sys=0.00, real=0.00 secs] 
2019-06-10T16:44:49.117+0000: 55.686: [GC (Allocation Failure) 2019-06-10T16:44:49.117+0000: 55.686: [DefNew: 136645K->76K(153600K), 0.0017736 secs] 181032K->44462K(494976K), 0.0018357 secs] [Times: user=0.01 sys=0.00, real=0.00 secs] 
16:45:00.630 [Curator-PathChildrenCache-0] ERROR o.a.c.f.r.c.PathChildrenCache  - 
java.lang.IllegalStateException: instance must be started before calling this method
	at org.apache.curator.shaded.com.google.common.base.Preconditions.checkState(Preconditions.java:444)
	at org.apache.curator.framework.imps.CuratorFrameworkImpl.getChildren(CuratorFrameworkImpl.java:456)
	at org.apache.curator.framework.recipes.cache.PathChildrenCache.refresh(PathChildrenCache.java:521)
	at org.apache.curator.framework.recipes.cache.RefreshOperation.invoke(RefreshOperation.java:35)
	at org.apache.curator.framework.recipes.cache.PathChildrenCache$9.run(PathChildrenCache.java:786)
	at java.util.concurrent.Executors$RunnableAdapter.call(Executors.java:511)
	at java.util.concurrent.FutureTask.run(FutureTask.java:266)
	at java.util.concurrent.Executors$RunnableAdapter.call(Executors.java:511)
	at java.util.concurrent.FutureTask.run(FutureTask.java:266)
	at java.util.concurrent.ThreadPoolExecutor.runWorker(ThreadPoolExecutor.java:1149)
	at java.util.concurrent.ThreadPoolExecutor$Worker.run(ThreadPoolExecutor.java:624)
	at java.lang.Thread.run(Thread.java:748)
Heap
 def new generation   total 153600K, used 84125K [0x00000000e0c00000, 0x00000000eb2a0000, 0x00000000eb2a0000)
  eden space 136576K,  61% used [0x00000000e0c00000, 0x00000000e5e145c0, 0x00000000e9160000)
  from space 17024K,   0% used [0x00000000e9160000, 0x00000000e9173108, 0x00000000ea200000)
  to   space 17024K,   0% used [0x00000000ea200000, 0x00000000ea200000, 0x00000000eb2a0000)
 tenured generation   total 341376K, used 44386K [0x00000000eb2a0000, 0x0000000100000000, 0x0000000100000000)
   the space 341376K,  13% used [0x00000000eb2a0000, 0x00000000eddf8a50, 0x00000000eddf8c00, 0x0000000100000000)
 Metaspace       used 36071K, capacity 37000K, committed 37120K, reserved 1081344K
  class space    used 4865K, capacity 5086K, committed 5120K, reserved 1048576K
