06:27:59,419 |-INFO in ch.qos.logback.classic.LoggerContext[default] - Could NOT find resource [logback-test.xml]
06:27:59,419 |-INFO in ch.qos.logback.classic.LoggerContext[default] - Could NOT find resource [logback.groovy]
06:27:59,420 |-INFO in ch.qos.logback.classic.LoggerContext[default] - Found resource [logback.xml] at [jar:file:/home/nikitasokolov/flamestream/lib/flamestream-runtime-1.0-SNAPSHOT.jar!/logback.xml]
06:27:59,420 |-WARN in ch.qos.logback.classic.LoggerContext[default] - Resource [logback.xml] occurs multiple times on the classpath.
06:27:59,420 |-WARN in ch.qos.logback.classic.LoggerContext[default] - Resource [logback.xml] occurs at [jar:file:/home/nikitasokolov/flamestream/lib/flamestream-runtime-1.0-SNAPSHOT.jar!/logback.xml]
06:27:59,420 |-WARN in ch.qos.logback.classic.LoggerContext[default] - Resource [logback.xml] occurs at [jar:file:/home/nikitasokolov/flamestream/flamestream-runtime-1.0-SNAPSHOT.jar!/logback.xml]
06:27:59,437 |-INFO in ch.qos.logback.core.joran.spi.ConfigurationWatchList@6108b2d7 - URL [jar:file:/home/nikitasokolov/flamestream/lib/flamestream-runtime-1.0-SNAPSHOT.jar!/logback.xml] is not of type file
06:27:59,493 |-INFO in ch.qos.logback.classic.joran.action.ConfigurationAction - debug attribute not set
06:27:59,493 |-INFO in ch.qos.logback.core.joran.action.AppenderAction - About to instantiate appender of type [ch.qos.logback.core.ConsoleAppender]
06:27:59,504 |-INFO in ch.qos.logback.core.joran.action.AppenderAction - Naming appender as [STDOUT]
06:27:59,512 |-INFO in ch.qos.logback.core.joran.action.NestedComplexPropertyIA - Assuming default type [ch.qos.logback.classic.encoder.PatternLayoutEncoder] for [encoder] property
06:27:59,568 |-INFO in ch.qos.logback.core.joran.action.AppenderAction - About to instantiate appender of type [ch.qos.logback.core.rolling.RollingFileAppender]
06:27:59,574 |-INFO in ch.qos.logback.core.joran.action.AppenderAction - Naming appender as [FILE]
06:27:59,596 |-INFO in c.q.l.core.rolling.TimeBasedRollingPolicy@357863579 - No compression will be used
06:27:59,597 |-INFO in c.q.l.core.rolling.TimeBasedRollingPolicy@357863579 - Will use the pattern /tmp/application_%d{yyyy-MM-dd}.%i.log for the active file
06:27:59,600 |-INFO in ch.qos.logback.core.rolling.SizeAndTimeBasedFNATP@6bf256fa - The date pattern is 'yyyy-MM-dd' from file name pattern '/tmp/application_%d{yyyy-MM-dd}.%i.log'.
06:27:59,600 |-INFO in ch.qos.logback.core.rolling.SizeAndTimeBasedFNATP@6bf256fa - Roll-over at midnight.
06:27:59,604 |-INFO in ch.qos.logback.core.rolling.SizeAndTimeBasedFNATP@6bf256fa - Setting initial period to Sun Jun 09 06:27:17 MSK 2019
06:27:59,604 |-WARN in ch.qos.logback.core.rolling.SizeAndTimeBasedFNATP@6bf256fa - SizeAndTimeBasedFNATP is deprecated. Use SizeAndTimeBasedRollingPolicy instead
06:27:59,604 |-WARN in ch.qos.logback.core.rolling.SizeAndTimeBasedFNATP@6bf256fa - For more information see http://logback.qos.ch/manual/appenders.html#SizeAndTimeBasedRollingPolicy
06:27:59,609 |-INFO in ch.qos.logback.core.joran.action.NestedComplexPropertyIA - Assuming default type [ch.qos.logback.classic.encoder.PatternLayoutEncoder] for [encoder] property
06:27:59,613 |-INFO in ch.qos.logback.core.rolling.RollingFileAppender[FILE] - Active log file name: /tmp/application.log
06:27:59,613 |-INFO in ch.qos.logback.core.rolling.RollingFileAppender[FILE] - File property is set to [/tmp/application.log]
06:27:59,614 |-INFO in ch.qos.logback.classic.joran.action.RootLoggerAction - Setting level of ROOT logger to WARN
06:27:59,615 |-INFO in ch.qos.logback.core.joran.action.AppenderRefAction - Attaching appender named [STDOUT] to Logger[ROOT]
06:27:59,615 |-INFO in ch.qos.logback.core.joran.action.AppenderRefAction - Attaching appender named [FILE] to Logger[ROOT]
06:27:59,615 |-INFO in ch.qos.logback.classic.joran.action.ConfigurationAction - End of configuration.
06:27:59,616 |-INFO in ch.qos.logback.classic.joran.JoranConfigurator@6cd8737 - Registering current configuration as safe fallback point

2019-06-09T06:28:00.627+0300: 1.406: [GC (Metadata GC Threshold) [PSYoungGen: 110722K->15862K(149504K)] 110722K->15942K(491008K), 0.0195766 secs] [Times: user=0.05 sys=0.01, real=0.02 secs] 
2019-06-09T06:28:00.647+0300: 1.425: [Full GC (Metadata GC Threshold) [PSYoungGen: 15862K->0K(149504K)] [ParOldGen: 80K->15078K(341504K)] 15942K->15078K(491008K), [Metaspace: 20802K->20802K(1067008K)], 0.0247188 secs] [Times: user=0.16 sys=0.01, real=0.03 secs] 
06:28:08.892 [Curator-PathChildrenCache-1] WARN  o.a.c.u.ZKPaths  - The version of ZooKeeper being used doesn't support Container nodes. CreateMode.PERSISTENT will be used instead.
2019-06-09T06:28:09.882+0300: 10.660: [GC (Metadata GC Threshold) [PSYoungGen: 128173K->20975K(149504K)] 143251K->50039K(491008K), 0.0209876 secs] [Times: user=0.21 sys=0.03, real=0.02 secs] 
2019-06-09T06:28:09.903+0300: 10.681: [Full GC (Metadata GC Threshold) [PSYoungGen: 20975K->0K(149504K)] [ParOldGen: 29064K->39040K(341504K)] 50039K->39040K(491008K), [Metaspace: 34558K->34558K(1079296K)], 0.0341268 secs] [Times: user=0.14 sys=0.02, real=0.03 secs] 
2019-06-09T06:28:14.332+0300: 15.110: [GC (Allocation Failure) [PSYoungGen: 128512K->544K(149504K)] 167552K->39592K(491008K), 0.0045434 secs] [Times: user=0.01 sys=0.03, real=0.00 secs] 
2019-06-09T06:28:19.376+0300: 20.154: [GC (Allocation Failure) [PSYoungGen: 129056K->512K(149504K)] 168104K->39568K(491008K), 0.0859518 secs] [Times: user=0.02 sys=0.01, real=0.09 secs] 
2019-06-09T06:28:24.449+0300: 25.228: [GC (Allocation Failure) [PSYoungGen: 129024K->512K(129536K)] 168080K->39576K(471040K), 0.0746588 secs] [Times: user=0.01 sys=0.01, real=0.08 secs] 
2019-06-09T06:28:29.550+0300: 30.328: [GC (Allocation Failure) [PSYoungGen: 129024K->512K(132608K)] 168088K->39584K(474112K), 0.0761429 secs] [Times: user=0.04 sys=0.00, real=0.07 secs] 
2019-06-09T06:28:33.275+0300: 34.053: [GC (Allocation Failure) [PSYoungGen: 93184K->512K(130560K)] 132256K->39584K(472064K), 0.0031682 secs] [Times: user=0.01 sys=0.01, real=0.01 secs] 
2019-06-09T06:28:37.007+0300: 37.786: [GC (Allocation Failure) [PSYoungGen: 93184K->448K(136704K)] 132256K->39520K(478208K), 0.0032666 secs] [Times: user=0.02 sys=0.00, real=0.01 secs] 
2019-06-09T06:28:41.028+0300: 41.806: [GC (Allocation Failure) [PSYoungGen: 101312K->480K(134656K)] 140384K->39552K(476160K), 0.0026980 secs] [Times: user=0.01 sys=0.00, real=0.01 secs] 
2019-06-09T06:28:45.099+0300: 45.878: [GC (Allocation Failure) [PSYoungGen: 101344K->480K(140288K)] 140416K->39552K(481792K), 0.0091470 secs] [Times: user=0.09 sys=0.00, real=0.00 secs] 
2019-06-09T06:28:49.477+0300: 50.255: [GC (Allocation Failure) [PSYoungGen: 109024K->512K(138752K)] 148096K->39584K(480256K), 0.0035821 secs] [Times: user=0.02 sys=0.00, real=0.01 secs] 
2019-06-09T06:28:53.783+0300: 54.561: [GC (Allocation Failure) [PSYoungGen: 109056K->480K(143360K)] 148128K->39552K(484864K), 0.0035368 secs] [Times: user=0.02 sys=0.00, real=0.00 secs] 
2019-06-09T06:28:58.401+0300: 59.179: [GC (Allocation Failure) [PSYoungGen: 115168K->480K(141824K)] 154240K->39560K(483328K), 0.0059594 secs] [Times: user=0.04 sys=0.01, real=0.00 secs] 
2019-06-09T06:29:03.499+0300: 64.277: [GC (Allocation Failure) [PSYoungGen: 115168K->823K(146432K)] 154248K->39912K(487936K), 0.0033235 secs] [Times: user=0.02 sys=0.00, real=0.00 secs] 
2019-06-09T06:29:09.680+0300: 70.458: [GC (Allocation Failure) [PSYoungGen: 121655K->480K(144896K)] 160744K->39576K(486400K), 0.0047789 secs] [Times: user=0.03 sys=0.00, real=0.00 secs] 
2019-06-09T06:29:15.863+0300: 76.641: [GC (Allocation Failure) [PSYoungGen: 121312K->512K(148992K)] 160408K->39616K(490496K), 0.0039369 secs] [Times: user=0.02 sys=0.00, real=0.00 secs] 
2019-06-09T06:29:32.819+0300: 93.597: [GC (Allocation Failure) [PSYoungGen: 126976K->689K(147968K)] 166080K->39802K(489472K), 0.0034174 secs] [Times: user=0.01 sys=0.01, real=0.00 secs] 
06:29:32.871 [Curator-PathChildrenCache-0] ERROR o.a.c.f.r.c.PathChildrenCache  - 
java.lang.IllegalStateException: instance must be started before calling this method
	at org.apache.curator.shaded.com.google.common.base.Preconditions.checkState(Preconditions.java:444)
	at org.apache.curator.framework.imps.CuratorFrameworkImpl.getChildren(CuratorFrameworkImpl.java:456)
	at org.apache.curator.framework.recipes.cache.PathChildrenCache.refresh(PathChildrenCache.java:521)
	at org.apache.curator.framework.recipes.cache.RefreshOperation.invoke(RefreshOperation.java:35)
	at org.apache.curator.framework.recipes.cache.PathChildrenCache$9.run(PathChildrenCache.java:786)
	at java.util.concurrent.Executors$RunnableAdapter.call(Executors.java:511)
	at java.util.concurrent.FutureTask.run(FutureTask.java:266)
	at java.util.concurrent.Executors$RunnableAdapter.call(Executors.java:511)
	at java.util.concurrent.FutureTask.run(FutureTask.java:266)
	at java.util.concurrent.ThreadPoolExecutor.runWorker(ThreadPoolExecutor.java:1149)
	at java.util.concurrent.ThreadPoolExecutor$Worker.run(ThreadPoolExecutor.java:624)
	at java.lang.Thread.run(Thread.java:748)
Heap
 PSYoungGen      total 147968K, used 9903K [0x00000000f5980000, 0x0000000100000000, 0x0000000100000000)
  eden space 126464K, 7% used [0x00000000f5980000,0x00000000f627f8b8,0x00000000fd500000)
  from space 21504K, 3% used [0x00000000fd500000,0x00000000fd5ac480,0x00000000fea00000)
  to   space 19968K, 0% used [0x00000000fec80000,0x00000000fec80000,0x0000000100000000)
 ParOldGen       total 341504K, used 39112K [0x00000000e0c00000, 0x00000000f5980000, 0x00000000f5980000)
  object space 341504K, 11% used [0x00000000e0c00000,0x00000000e32323c0,0x00000000f5980000)
 Metaspace       used 36195K, capacity 37022K, committed 37208K, reserved 1081344K
  class space    used 4980K, capacity 5161K, committed 5248K, reserved 1048576K
