05:46:25,172 |-INFO in ch.qos.logback.classic.LoggerContext[default] - Could NOT find resource [logback-test.xml]
05:46:25,172 |-INFO in ch.qos.logback.classic.LoggerContext[default] - Could NOT find resource [logback.groovy]
05:46:25,172 |-INFO in ch.qos.logback.classic.LoggerContext[default] - Found resource [logback.xml] at [jar:file:/root/flamestream/lib/flamestream-runtime-1.0-SNAPSHOT.jar!/logback.xml]
05:46:25,173 |-WARN in ch.qos.logback.classic.LoggerContext[default] - Resource [logback.xml] occurs multiple times on the classpath.
05:46:25,173 |-WARN in ch.qos.logback.classic.LoggerContext[default] - Resource [logback.xml] occurs at [jar:file:/root/flamestream/lib/flamestream-runtime-1.0-SNAPSHOT.jar!/logback.xml]
05:46:25,173 |-WARN in ch.qos.logback.classic.LoggerContext[default] - Resource [logback.xml] occurs at [jar:file:/root/flamestream/flamestream-runtime-1.0-SNAPSHOT.jar!/logback.xml]
05:46:25,193 |-INFO in ch.qos.logback.core.joran.spi.ConfigurationWatchList@3fb6a447 - URL [jar:file:/root/flamestream/lib/flamestream-runtime-1.0-SNAPSHOT.jar!/logback.xml] is not of type file
05:46:25,266 |-INFO in ch.qos.logback.classic.joran.action.ConfigurationAction - debug attribute not set
05:46:25,267 |-INFO in ch.qos.logback.core.joran.action.AppenderAction - About to instantiate appender of type [ch.qos.logback.core.ConsoleAppender]
05:46:25,285 |-INFO in ch.qos.logback.core.joran.action.AppenderAction - Naming appender as [STDOUT]
05:46:25,298 |-INFO in ch.qos.logback.core.joran.action.NestedComplexPropertyIA - Assuming default type [ch.qos.logback.classic.encoder.PatternLayoutEncoder] for [encoder] property
05:46:25,385 |-INFO in ch.qos.logback.core.joran.action.AppenderAction - About to instantiate appender of type [ch.qos.logback.core.rolling.RollingFileAppender]
05:46:25,390 |-INFO in ch.qos.logback.core.joran.action.AppenderAction - Naming appender as [FILE]
05:46:25,420 |-INFO in c.q.l.core.rolling.TimeBasedRollingPolicy@127618319 - No compression will be used
05:46:25,421 |-INFO in c.q.l.core.rolling.TimeBasedRollingPolicy@127618319 - Will use the pattern /tmp/application_%d{yyyy-MM-dd}.%i.log for the active file
05:46:25,424 |-INFO in ch.qos.logback.core.rolling.SizeAndTimeBasedFNATP@6b2fad11 - The date pattern is 'yyyy-MM-dd' from file name pattern '/tmp/application_%d{yyyy-MM-dd}.%i.log'.
05:46:25,424 |-INFO in ch.qos.logback.core.rolling.SizeAndTimeBasedFNATP@6b2fad11 - Roll-over at midnight.
05:46:25,430 |-INFO in ch.qos.logback.core.rolling.SizeAndTimeBasedFNATP@6b2fad11 - Setting initial period to Tue Jun 11 05:45:09 UTC 2019
05:46:25,430 |-WARN in ch.qos.logback.core.rolling.SizeAndTimeBasedFNATP@6b2fad11 - SizeAndTimeBasedFNATP is deprecated. Use SizeAndTimeBasedRollingPolicy instead
05:46:25,430 |-WARN in ch.qos.logback.core.rolling.SizeAndTimeBasedFNATP@6b2fad11 - For more information see http://logback.qos.ch/manual/appenders.html#SizeAndTimeBasedRollingPolicy
05:46:25,434 |-INFO in ch.qos.logback.core.joran.action.NestedComplexPropertyIA - Assuming default type [ch.qos.logback.classic.encoder.PatternLayoutEncoder] for [encoder] property
05:46:25,438 |-INFO in ch.qos.logback.core.rolling.RollingFileAppender[FILE] - Active log file name: /tmp/application.log
05:46:25,438 |-INFO in ch.qos.logback.core.rolling.RollingFileAppender[FILE] - File property is set to [/tmp/application.log]
05:46:25,439 |-INFO in ch.qos.logback.classic.joran.action.RootLoggerAction - Setting level of ROOT logger to WARN
05:46:25,439 |-INFO in ch.qos.logback.core.joran.action.AppenderRefAction - Attaching appender named [STDOUT] to Logger[ROOT]
05:46:25,441 |-INFO in ch.qos.logback.core.joran.action.AppenderRefAction - Attaching appender named [FILE] to Logger[ROOT]
05:46:25,441 |-INFO in ch.qos.logback.classic.joran.action.ConfigurationAction - End of configuration.
05:46:25,442 |-INFO in ch.qos.logback.classic.joran.JoranConfigurator@79698539 - Registering current configuration as safe fallback point

Ama winner
Ama winner
2019-06-11T05:46:26.756+0000: 1.769: [Full GC (Metadata GC Threshold) 2019-06-11T05:46:26.756+0000: 1.769: [Tenured: 0K->15209K(341376K), 0.0395200 secs] 114923K->15209K(494976K), [Metaspace: 20738K->20738K(1067008K)], 0.0395880 secs] [Times: user=0.03 sys=0.00, real=0.04 secs] 
05:46:39.098 [Curator-PathChildrenCache-1] WARN  o.a.c.u.ZKPaths  - The version of ZooKeeper being used doesn't support Container nodes. CreateMode.PERSISTENT will be used instead.
2019-06-11T05:46:41.276+0000: 16.290: [GC (Allocation Failure) 2019-06-11T05:46:41.276+0000: 16.290: [DefNew: 136576K->17024K(153600K), 0.0255227 secs] 151785K->52515K(494976K), 0.0255915 secs] [Times: user=0.01 sys=0.01, real=0.02 secs] 
2019-06-11T05:46:46.864+0000: 21.878: [GC (Allocation Failure) 2019-06-11T05:46:46.864+0000: 21.878: [DefNew: 153600K->194K(153600K), 0.0096868 secs] 189091K->43822K(494976K), 0.0097446 secs] [Times: user=0.01 sys=0.00, real=0.01 secs] 
2019-06-11T05:46:48.828+0000: 23.841: [Full GC (Metadata GC Threshold) 2019-06-11T05:46:48.828+0000: 23.841: [Tenured: 43627K->43807K(341376K), 0.0407262 secs] 93923K->43807K(494976K), [Metaspace: 34572K->34572K(1079296K)], 0.0407985 secs] [Times: user=0.04 sys=0.00, real=0.04 secs] 
2019-06-11T05:46:54.335+0000: 29.349: [GC (Allocation Failure) 2019-06-11T05:46:54.336+0000: 29.349: [DefNew: 136576K->50K(153600K), 0.0015841 secs] 180383K->43858K(494976K), 0.0016400 secs] [Times: user=0.01 sys=0.00, real=0.01 secs] 
2019-06-11T05:46:59.878+0000: 34.891: [GC (Allocation Failure) 2019-06-11T05:46:59.878+0000: 34.891: [DefNew: 136626K->51K(153600K), 0.0015767 secs] 180434K->43858K(494976K), 0.0016400 secs] [Times: user=0.00 sys=0.00, real=0.00 secs] 
2019-06-11T05:47:05.477+0000: 40.490: [GC (Allocation Failure) 2019-06-11T05:47:05.477+0000: 40.490: [DefNew: 136627K->50K(153600K), 0.0016618 secs] 180434K->43858K(494976K), 0.0017303 secs] [Times: user=0.01 sys=0.00, real=0.00 secs] 
2019-06-11T05:47:16.208+0000: 51.221: [GC (Allocation Failure) 2019-06-11T05:47:16.208+0000: 51.221: [DefNew: 136626K->92K(153600K), 0.0016865 secs] 180434K->43900K(494976K), 0.0017477 secs] [Times: user=0.00 sys=0.00, real=0.00 secs] 
05:47:16.315 [Curator-PathChildrenCache-0] ERROR o.a.c.f.r.c.PathChildrenCache  - 
java.lang.IllegalStateException: instance must be started before calling this method
	at org.apache.curator.shaded.com.google.common.base.Preconditions.checkState(Preconditions.java:444)
	at org.apache.curator.framework.imps.CuratorFrameworkImpl.getChildren(CuratorFrameworkImpl.java:456)
	at org.apache.curator.framework.recipes.cache.PathChildrenCache.refresh(PathChildrenCache.java:521)
	at org.apache.curator.framework.recipes.cache.RefreshOperation.invoke(RefreshOperation.java:35)
	at org.apache.curator.framework.recipes.cache.PathChildrenCache$9.run(PathChildrenCache.java:786)
	at java.util.concurrent.Executors$RunnableAdapter.call(Executors.java:511)
	at java.util.concurrent.FutureTask.run(FutureTask.java:266)
	at java.util.concurrent.Executors$RunnableAdapter.call(Executors.java:511)
	at java.util.concurrent.FutureTask.run(FutureTask.java:266)
	at java.util.concurrent.ThreadPoolExecutor.runWorker(ThreadPoolExecutor.java:1149)
	at java.util.concurrent.ThreadPoolExecutor$Worker.run(ThreadPoolExecutor.java:624)
	at java.lang.Thread.run(Thread.java:748)
Heap
 def new generation   total 153600K, used 19730K [0x00000000e0c00000, 0x00000000eb2a0000, 0x00000000eb2a0000)
  eden space 136576K,  14% used [0x00000000e0c00000, 0x00000000e1f2d968, 0x00000000e9160000)
  from space 17024K,   0% used [0x00000000e9160000, 0x00000000e9177258, 0x00000000ea200000)
  to   space 17024K,   0% used [0x00000000ea200000, 0x00000000ea200000, 0x00000000eb2a0000)
 tenured generation   total 341376K, used 43807K [0x00000000eb2a0000, 0x0000000100000000, 0x0000000100000000)
   the space 341376K,  12% used [0x00000000eb2a0000, 0x00000000edd67f30, 0x00000000edd68000, 0x0000000100000000)
 Metaspace       used 35710K, capacity 36538K, committed 36864K, reserved 1081344K
  class space    used 4811K, capacity 5009K, committed 5120K, reserved 1048576K
