17:57:09,276 |-INFO in ch.qos.logback.classic.LoggerContext[default] - Could NOT find resource [logback-test.xml]
17:57:09,276 |-INFO in ch.qos.logback.classic.LoggerContext[default] - Could NOT find resource [logback.groovy]
17:57:09,276 |-INFO in ch.qos.logback.classic.LoggerContext[default] - Found resource [logback.xml] at [jar:file:/root/flamestream/lib/flamestream-runtime-1.0-SNAPSHOT.jar!/logback.xml]
17:57:09,277 |-WARN in ch.qos.logback.classic.LoggerContext[default] - Resource [logback.xml] occurs multiple times on the classpath.
17:57:09,277 |-WARN in ch.qos.logback.classic.LoggerContext[default] - Resource [logback.xml] occurs at [jar:file:/root/flamestream/lib/flamestream-runtime-1.0-SNAPSHOT.jar!/logback.xml]
17:57:09,277 |-WARN in ch.qos.logback.classic.LoggerContext[default] - Resource [logback.xml] occurs at [jar:file:/root/flamestream/flamestream-runtime-1.0-SNAPSHOT.jar!/logback.xml]
17:57:09,296 |-INFO in ch.qos.logback.core.joran.spi.ConfigurationWatchList@3fb6a447 - URL [jar:file:/root/flamestream/lib/flamestream-runtime-1.0-SNAPSHOT.jar!/logback.xml] is not of type file
17:57:09,369 |-INFO in ch.qos.logback.classic.joran.action.ConfigurationAction - debug attribute not set
17:57:09,369 |-INFO in ch.qos.logback.core.joran.action.AppenderAction - About to instantiate appender of type [ch.qos.logback.core.ConsoleAppender]
17:57:09,384 |-INFO in ch.qos.logback.core.joran.action.AppenderAction - Naming appender as [STDOUT]
17:57:09,402 |-INFO in ch.qos.logback.core.joran.action.NestedComplexPropertyIA - Assuming default type [ch.qos.logback.classic.encoder.PatternLayoutEncoder] for [encoder] property
17:57:09,489 |-INFO in ch.qos.logback.core.joran.action.AppenderAction - About to instantiate appender of type [ch.qos.logback.core.rolling.RollingFileAppender]
17:57:09,494 |-INFO in ch.qos.logback.core.joran.action.AppenderAction - Naming appender as [FILE]
17:57:09,525 |-INFO in c.q.l.core.rolling.TimeBasedRollingPolicy@127618319 - No compression will be used
17:57:09,527 |-INFO in c.q.l.core.rolling.TimeBasedRollingPolicy@127618319 - Will use the pattern /tmp/application_%d{yyyy-MM-dd}.%i.log for the active file
17:57:09,530 |-INFO in ch.qos.logback.core.rolling.SizeAndTimeBasedFNATP@6b2fad11 - The date pattern is 'yyyy-MM-dd' from file name pattern '/tmp/application_%d{yyyy-MM-dd}.%i.log'.
17:57:09,530 |-INFO in ch.qos.logback.core.rolling.SizeAndTimeBasedFNATP@6b2fad11 - Roll-over at midnight.
17:57:09,535 |-INFO in ch.qos.logback.core.rolling.SizeAndTimeBasedFNATP@6b2fad11 - Setting initial period to Tue Jun 11 17:55:59 UTC 2019
17:57:09,535 |-WARN in ch.qos.logback.core.rolling.SizeAndTimeBasedFNATP@6b2fad11 - SizeAndTimeBasedFNATP is deprecated. Use SizeAndTimeBasedRollingPolicy instead
17:57:09,535 |-WARN in ch.qos.logback.core.rolling.SizeAndTimeBasedFNATP@6b2fad11 - For more information see http://logback.qos.ch/manual/appenders.html#SizeAndTimeBasedRollingPolicy
17:57:09,539 |-INFO in ch.qos.logback.core.joran.action.NestedComplexPropertyIA - Assuming default type [ch.qos.logback.classic.encoder.PatternLayoutEncoder] for [encoder] property
17:57:09,544 |-INFO in ch.qos.logback.core.rolling.RollingFileAppender[FILE] - Active log file name: /tmp/application.log
17:57:09,544 |-INFO in ch.qos.logback.core.rolling.RollingFileAppender[FILE] - File property is set to [/tmp/application.log]
17:57:09,545 |-INFO in ch.qos.logback.classic.joran.action.RootLoggerAction - Setting level of ROOT logger to WARN
17:57:09,545 |-INFO in ch.qos.logback.core.joran.action.AppenderRefAction - Attaching appender named [STDOUT] to Logger[ROOT]
17:57:09,547 |-INFO in ch.qos.logback.core.joran.action.AppenderRefAction - Attaching appender named [FILE] to Logger[ROOT]
17:57:09,547 |-INFO in ch.qos.logback.classic.joran.action.ConfigurationAction - End of configuration.
17:57:09,548 |-INFO in ch.qos.logback.classic.joran.JoranConfigurator@79698539 - Registering current configuration as safe fallback point

Ama winner
Ama winner
2019-06-11T17:57:10.892+0000: 1.803: [Full GC (Metadata GC Threshold) 2019-06-11T17:57:10.892+0000: 1.803: [Tenured: 0K->15240K(341376K), 0.0418692 secs] 114923K->15240K(494976K), [Metaspace: 20726K->20726K(1067008K)], 0.0419401 secs] [Times: user=0.04 sys=0.01, real=0.04 secs] 
17:57:21.322 [Curator-PathChildrenCache-2] WARN  o.a.c.u.ZKPaths  - The version of ZooKeeper being used doesn't support Container nodes. CreateMode.PERSISTENT will be used instead.
2019-06-11T17:57:22.970+0000: 13.881: [Full GC (Metadata GC Threshold) 2019-06-11T17:57:22.970+0000: 13.881: [Tenured: 15240K->49825K(341376K), 0.0635846 secs] 150618K->49825K(494976K), [Metaspace: 34360K->34360K(1079296K)], 0.0636700 secs] [Times: user=0.06 sys=0.00, real=0.06 secs] 
2019-06-11T17:57:26.333+0000: 17.244: [GC (Allocation Failure) 2019-06-11T17:57:26.333+0000: 17.244: [DefNew: 136576K->302K(153600K), 0.0057459 secs] 186401K->50128K(494976K), 0.0058158 secs] [Times: user=0.00 sys=0.00, real=0.01 secs] 
2019-06-11T17:57:29.234+0000: 20.145: [GC (Allocation Failure) 2019-06-11T17:57:29.234+0000: 20.145: [DefNew: 136878K->198K(153600K), 0.0020808 secs] 186704K->50023K(494976K), 0.0021361 secs] [Times: user=0.00 sys=0.00, real=0.00 secs] 
2019-06-11T17:57:32.858+0000: 23.770: [GC (Allocation Failure) 2019-06-11T17:57:32.858+0000: 23.770: [DefNew: 136774K->193K(153600K), 0.0021318 secs] 186599K->50018K(494976K), 0.0021840 secs] [Times: user=0.00 sys=0.00, real=0.00 secs] 
2019-06-11T17:57:36.475+0000: 27.386: [GC (Allocation Failure) 2019-06-11T17:57:36.475+0000: 27.386: [DefNew: 136769K->261K(153600K), 0.0022132 secs] 186594K->50086K(494976K), 0.0022680 secs] [Times: user=0.01 sys=0.00, real=0.01 secs] 
2019-06-11T17:57:40.121+0000: 31.033: [GC (Allocation Failure) 2019-06-11T17:57:40.121+0000: 31.033: [DefNew: 136837K->263K(153600K), 0.0021689 secs] 186662K->50088K(494976K), 0.0022233 secs] [Times: user=0.00 sys=0.00, real=0.00 secs] 
2019-06-11T17:57:43.715+0000: 34.627: [GC (Allocation Failure) 2019-06-11T17:57:43.715+0000: 34.627: [DefNew: 136839K->260K(153600K), 0.0021582 secs] 186664K->50086K(494976K), 0.0022325 secs] [Times: user=0.00 sys=0.00, real=0.01 secs] 
2019-06-11T17:57:47.386+0000: 38.297: [GC (Allocation Failure) 2019-06-11T17:57:47.386+0000: 38.297: [DefNew: 136836K->260K(153600K), 0.0021527 secs] 186662K->50086K(494976K), 0.0022247 secs] [Times: user=0.00 sys=0.00, real=0.00 secs] 
2019-06-11T17:57:51.023+0000: 41.935: [GC (Allocation Failure) 2019-06-11T17:57:51.023+0000: 41.935: [DefNew: 136836K->262K(153600K), 0.0022717 secs] 186662K->50088K(494976K), 0.0023289 secs] [Times: user=0.00 sys=0.00, real=0.00 secs] 
2019-06-11T17:57:54.681+0000: 45.593: [GC (Allocation Failure) 2019-06-11T17:57:54.681+0000: 45.593: [DefNew: 136838K->262K(153600K), 0.0020190 secs] 186664K->50087K(494976K), 0.0020760 secs] [Times: user=0.00 sys=0.00, real=0.00 secs] 
2019-06-11T17:57:58.341+0000: 49.253: [GC (Allocation Failure) 2019-06-11T17:57:58.341+0000: 49.253: [DefNew: 136838K->266K(153600K), 0.0020751 secs] 186663K->50091K(494976K), 0.0021332 secs] [Times: user=0.00 sys=0.00, real=0.00 secs] 
2019-06-11T17:58:02.016+0000: 52.927: [GC (Allocation Failure) 2019-06-11T17:58:02.016+0000: 52.928: [DefNew: 136842K->265K(153600K), 0.0021332 secs] 186667K->50090K(494976K), 0.0021936 secs] [Times: user=0.00 sys=0.00, real=0.01 secs] 
2019-06-11T17:58:05.660+0000: 56.572: [GC (Allocation Failure) 2019-06-11T17:58:05.660+0000: 56.572: [DefNew: 136841K->267K(153600K), 0.0021300 secs] 186666K->50092K(494976K), 0.0021863 secs] [Times: user=0.00 sys=0.00, real=0.00 secs] 
2019-06-11T17:58:09.328+0000: 60.239: [GC (Allocation Failure) 2019-06-11T17:58:09.328+0000: 60.239: [DefNew: 136843K->275K(153600K), 0.0020804 secs] 186668K->50100K(494976K), 0.0021386 secs] [Times: user=0.00 sys=0.00, real=0.01 secs] 
2019-06-11T17:58:13.290+0000: 64.202: [GC (Allocation Failure) 2019-06-11T17:58:13.290+0000: 64.202: [DefNew: 136851K->695K(153600K), 0.0031395 secs] 186676K->50520K(494976K), 0.0031918 secs] [Times: user=0.00 sys=0.00, real=0.00 secs] 
2019-06-11T17:58:17.944+0000: 68.856: [GC (Allocation Failure) 2019-06-11T17:58:17.944+0000: 68.856: [DefNew: 137271K->447K(153600K), 0.0023846 secs] 187096K->50273K(494976K), 0.0024429 secs] [Times: user=0.00 sys=0.00, real=0.00 secs] 
2019-06-11T17:58:22.562+0000: 73.474: [GC (Allocation Failure) 2019-06-11T17:58:22.562+0000: 73.474: [DefNew: 137023K->334K(153600K), 0.0024265 secs] 186849K->50276K(494976K), 0.0024823 secs] [Times: user=0.00 sys=0.00, real=0.00 secs] 
2019-06-11T17:58:27.168+0000: 78.080: [GC (Allocation Failure) 2019-06-11T17:58:27.168+0000: 78.080: [DefNew: 136910K->311K(153600K), 0.0021350 secs] 186852K->50274K(494976K), 0.0021908 secs] [Times: user=0.01 sys=0.00, real=0.01 secs] 
2019-06-11T17:58:31.832+0000: 82.743: [GC (Allocation Failure) 2019-06-11T17:58:31.832+0000: 82.743: [DefNew: 136887K->310K(153600K), 0.0021783 secs] 186850K->50276K(494976K), 0.0022332 secs] [Times: user=0.00 sys=0.00, real=0.00 secs] 
2019-06-11T17:58:36.458+0000: 87.370: [GC (Allocation Failure) 2019-06-11T17:58:36.458+0000: 87.370: [DefNew: 136886K->240K(153600K), 0.0021062 secs] 186852K->50273K(494976K), 0.0021612 secs] [Times: user=0.01 sys=0.00, real=0.00 secs] 
2019-06-11T17:58:41.073+0000: 91.985: [GC (Allocation Failure) 2019-06-11T17:58:41.073+0000: 91.985: [DefNew: 136816K->240K(153600K), 0.0019422 secs] 186849K->50273K(494976K), 0.0020094 secs] [Times: user=0.00 sys=0.00, real=0.00 secs] 
2019-06-11T17:58:45.725+0000: 96.637: [GC (Allocation Failure) 2019-06-11T17:58:45.725+0000: 96.637: [DefNew: 136816K->246K(153600K), 0.0019987 secs] 186849K->50280K(494976K), 0.0020573 secs] [Times: user=0.00 sys=0.00, real=0.00 secs] 
2019-06-11T17:58:50.393+0000: 101.305: [GC (Allocation Failure) 2019-06-11T17:58:50.393+0000: 101.305: [DefNew: 136822K->244K(153600K), 0.0019611 secs] 186856K->50279K(494976K), 0.0020132 secs] [Times: user=0.01 sys=0.00, real=0.00 secs] 
2019-06-11T17:58:55.066+0000: 105.978: [GC (Allocation Failure) 2019-06-11T17:58:55.066+0000: 105.978: [DefNew: 136820K->242K(153600K), 0.0019271 secs] 186855K->50279K(494976K), 0.0020017 secs] [Times: user=0.00 sys=0.00, real=0.00 secs] 
2019-06-11T17:58:59.722+0000: 110.634: [GC (Allocation Failure) 2019-06-11T17:58:59.722+0000: 110.634: [DefNew: 136818K->240K(153600K), 0.0019151 secs] 186855K->50278K(494976K), 0.0019720 secs] [Times: user=0.00 sys=0.00, real=0.00 secs] 
2019-06-11T17:59:11.128+0000: 122.040: [GC (Allocation Failure) 2019-06-11T17:59:11.128+0000: 122.040: [DefNew: 136816K->218K(153600K), 0.0020929 secs] 186854K->50259K(494976K), 0.0021423 secs] [Times: user=0.00 sys=0.00, real=0.01 secs] 
17:59:11.183 [Curator-PathChildrenCache-0] ERROR o.a.c.f.r.c.PathChildrenCache  - 
java.lang.IllegalStateException: instance must be started before calling this method
	at org.apache.curator.shaded.com.google.common.base.Preconditions.checkState(Preconditions.java:444)
	at org.apache.curator.framework.imps.CuratorFrameworkImpl.getChildren(CuratorFrameworkImpl.java:456)
	at org.apache.curator.framework.recipes.cache.PathChildrenCache.refresh(PathChildrenCache.java:521)
	at org.apache.curator.framework.recipes.cache.RefreshOperation.invoke(RefreshOperation.java:35)
	at org.apache.curator.framework.recipes.cache.PathChildrenCache$9.run(PathChildrenCache.java:786)
	at java.util.concurrent.Executors$RunnableAdapter.call(Executors.java:511)
	at java.util.concurrent.FutureTask.run(FutureTask.java:266)
	at java.util.concurrent.Executors$RunnableAdapter.call(Executors.java:511)
	at java.util.concurrent.FutureTask.run(FutureTask.java:266)
	at java.util.concurrent.ThreadPoolExecutor.runWorker(ThreadPoolExecutor.java:1149)
	at java.util.concurrent.ThreadPoolExecutor$Worker.run(ThreadPoolExecutor.java:624)
	at java.lang.Thread.run(Thread.java:748)
Heap
 def new generation   total 153600K, used 13832K [0x00000000e0c00000, 0x00000000eb2a0000, 0x00000000eb2a0000)
  eden space 136576K,   9% used [0x00000000e0c00000, 0x00000000e194b7f8, 0x00000000e9160000)
  from space 17024K,   1% used [0x00000000ea200000, 0x00000000ea2368c8, 0x00000000eb2a0000)
  to   space 17024K,   0% used [0x00000000e9160000, 0x00000000e9160000, 0x00000000ea200000)
 tenured generation   total 341376K, used 50041K [0x00000000eb2a0000, 0x0000000100000000, 0x0000000100000000)
   the space 341376K,  14% used [0x00000000eb2a0000, 0x00000000ee37e400, 0x00000000ee37e400, 0x0000000100000000)
 Metaspace       used 36225K, capacity 37228K, committed 37504K, reserved 1081344K
  class space    used 4912K, capacity 5132K, committed 5248K, reserved 1048576K
