17:32:22,726 |-INFO in ch.qos.logback.classic.LoggerContext[default] - Could NOT find resource [logback-test.xml]
17:32:22,726 |-INFO in ch.qos.logback.classic.LoggerContext[default] - Could NOT find resource [logback.groovy]
17:32:22,726 |-INFO in ch.qos.logback.classic.LoggerContext[default] - Found resource [logback.xml] at [jar:file:/root/flamestream/lib/flamestream-runtime-1.0-SNAPSHOT.jar!/logback.xml]
17:32:22,727 |-WARN in ch.qos.logback.classic.LoggerContext[default] - Resource [logback.xml] occurs multiple times on the classpath.
17:32:22,727 |-WARN in ch.qos.logback.classic.LoggerContext[default] - Resource [logback.xml] occurs at [jar:file:/root/flamestream/lib/flamestream-runtime-1.0-SNAPSHOT.jar!/logback.xml]
17:32:22,727 |-WARN in ch.qos.logback.classic.LoggerContext[default] - Resource [logback.xml] occurs at [jar:file:/root/flamestream/flamestream-runtime-1.0-SNAPSHOT.jar!/logback.xml]
17:32:22,746 |-INFO in ch.qos.logback.core.joran.spi.ConfigurationWatchList@3fb6a447 - URL [jar:file:/root/flamestream/lib/flamestream-runtime-1.0-SNAPSHOT.jar!/logback.xml] is not of type file
17:32:22,812 |-INFO in ch.qos.logback.classic.joran.action.ConfigurationAction - debug attribute not set
17:32:22,812 |-INFO in ch.qos.logback.core.joran.action.AppenderAction - About to instantiate appender of type [ch.qos.logback.core.ConsoleAppender]
17:32:22,828 |-INFO in ch.qos.logback.core.joran.action.AppenderAction - Naming appender as [STDOUT]
17:32:22,841 |-INFO in ch.qos.logback.core.joran.action.NestedComplexPropertyIA - Assuming default type [ch.qos.logback.classic.encoder.PatternLayoutEncoder] for [encoder] property
17:32:22,947 |-INFO in ch.qos.logback.core.joran.action.AppenderAction - About to instantiate appender of type [ch.qos.logback.core.rolling.RollingFileAppender]
17:32:22,954 |-INFO in ch.qos.logback.core.joran.action.AppenderAction - Naming appender as [FILE]
17:32:22,985 |-INFO in c.q.l.core.rolling.TimeBasedRollingPolicy@127618319 - No compression will be used
17:32:22,986 |-INFO in c.q.l.core.rolling.TimeBasedRollingPolicy@127618319 - Will use the pattern /tmp/application_%d{yyyy-MM-dd}.%i.log for the active file
17:32:22,989 |-INFO in ch.qos.logback.core.rolling.SizeAndTimeBasedFNATP@6b2fad11 - The date pattern is 'yyyy-MM-dd' from file name pattern '/tmp/application_%d{yyyy-MM-dd}.%i.log'.
17:32:22,989 |-INFO in ch.qos.logback.core.rolling.SizeAndTimeBasedFNATP@6b2fad11 - Roll-over at midnight.
17:32:22,994 |-INFO in ch.qos.logback.core.rolling.SizeAndTimeBasedFNATP@6b2fad11 - Setting initial period to Mon Jun 10 17:30:49 UTC 2019
17:32:22,994 |-WARN in ch.qos.logback.core.rolling.SizeAndTimeBasedFNATP@6b2fad11 - SizeAndTimeBasedFNATP is deprecated. Use SizeAndTimeBasedRollingPolicy instead
17:32:22,994 |-WARN in ch.qos.logback.core.rolling.SizeAndTimeBasedFNATP@6b2fad11 - For more information see http://logback.qos.ch/manual/appenders.html#SizeAndTimeBasedRollingPolicy
17:32:22,998 |-INFO in ch.qos.logback.core.joran.action.NestedComplexPropertyIA - Assuming default type [ch.qos.logback.classic.encoder.PatternLayoutEncoder] for [encoder] property
17:32:23,002 |-INFO in ch.qos.logback.core.rolling.RollingFileAppender[FILE] - Active log file name: /tmp/application.log
17:32:23,002 |-INFO in ch.qos.logback.core.rolling.RollingFileAppender[FILE] - File property is set to [/tmp/application.log]
17:32:23,003 |-INFO in ch.qos.logback.classic.joran.action.RootLoggerAction - Setting level of ROOT logger to WARN
17:32:23,003 |-INFO in ch.qos.logback.core.joran.action.AppenderRefAction - Attaching appender named [STDOUT] to Logger[ROOT]
17:32:23,005 |-INFO in ch.qos.logback.core.joran.action.AppenderRefAction - Attaching appender named [FILE] to Logger[ROOT]
17:32:23,005 |-INFO in ch.qos.logback.classic.joran.action.ConfigurationAction - End of configuration.
17:32:23,006 |-INFO in ch.qos.logback.classic.joran.JoranConfigurator@79698539 - Registering current configuration as safe fallback point

Ama winner
Ama winner
2019-06-10T17:32:24.287+0000: 1.746: [Full GC (Metadata GC Threshold) 2019-06-10T17:32:24.287+0000: 1.746: [Tenured: 0K->15143K(341376K), 0.0386045 secs] 114987K->15143K(494976K), [Metaspace: 20733K->20733K(1067008K)], 0.0386690 secs] [Times: user=0.04 sys=0.00, real=0.04 secs] 
17:32:47.662 [Curator-PathChildrenCache-1] WARN  o.a.c.u.ZKPaths  - The version of ZooKeeper being used doesn't support Container nodes. CreateMode.PERSISTENT will be used instead.
2019-06-10T17:32:50.305+0000: 27.764: [GC (Allocation Failure) 2019-06-10T17:32:50.305+0000: 27.764: [DefNew: 136576K->17023K(153600K), 0.0269565 secs] 151719K->52614K(494976K), 0.0270377 secs] [Times: user=0.02 sys=0.00, real=0.03 secs] 
2019-06-10T17:32:52.368+0000: 29.827: [Full GC (Metadata GC Threshold) 2019-06-10T17:32:52.368+0000: 29.827: [Tenured: 35590K->44084K(341376K), 0.0413371 secs] 99004K->44084K(494976K), [Metaspace: 34605K->34605K(1079296K)], 0.0414108 secs] [Times: user=0.04 sys=0.00, real=0.04 secs] 
2019-06-10T17:32:59.098+0000: 36.557: [GC (Allocation Failure) 2019-06-10T17:32:59.098+0000: 36.557: [DefNew: 136576K->57K(153600K), 0.0017444 secs] 180660K->44141K(494976K), 0.0018053 secs] [Times: user=0.00 sys=0.00, real=0.00 secs] 
2019-06-10T17:33:05.823+0000: 43.282: [GC (Allocation Failure) 2019-06-10T17:33:05.823+0000: 43.282: [DefNew: 136633K->60K(153600K), 0.0016515 secs] 180717K->44145K(494976K), 0.0017104 secs] [Times: user=0.00 sys=0.00, real=0.00 secs] 
2019-06-10T17:33:12.603+0000: 50.062: [GC (Allocation Failure) 2019-06-10T17:33:12.603+0000: 50.062: [DefNew: 136636K->58K(153600K), 0.0016541 secs] 180721K->44143K(494976K), 0.0017158 secs] [Times: user=0.00 sys=0.00, real=0.00 secs] 
2019-06-10T17:33:19.466+0000: 56.925: [GC (Allocation Failure) 2019-06-10T17:33:19.466+0000: 56.925: [DefNew: 136634K->60K(153600K), 0.0017378 secs] 180719K->44145K(494976K), 0.0018030 secs] [Times: user=0.00 sys=0.00, real=0.00 secs] 
2019-06-10T17:33:26.278+0000: 63.737: [GC (Allocation Failure) 2019-06-10T17:33:26.278+0000: 63.738: [DefNew: 136636K->382K(153600K), 0.0020786 secs] 180721K->44467K(494976K), 0.0028690 secs] [Times: user=0.00 sys=0.00, real=0.00 secs] 
17:33:40.724 [Curator-PathChildrenCache-0] ERROR o.a.c.f.r.c.PathChildrenCache  - 
java.lang.IllegalStateException: instance must be started before calling this method
	at org.apache.curator.shaded.com.google.common.base.Preconditions.checkState(Preconditions.java:444)
	at org.apache.curator.framework.imps.CuratorFrameworkImpl.getChildren(CuratorFrameworkImpl.java:456)
	at org.apache.curator.framework.recipes.cache.PathChildrenCache.refresh(PathChildrenCache.java:521)
	at org.apache.curator.framework.recipes.cache.RefreshOperation.invoke(RefreshOperation.java:35)
	at org.apache.curator.framework.recipes.cache.PathChildrenCache$9.run(PathChildrenCache.java:786)
	at java.util.concurrent.Executors$RunnableAdapter.call(Executors.java:511)
	at java.util.concurrent.FutureTask.run(FutureTask.java:266)
	at java.util.concurrent.Executors$RunnableAdapter.call(Executors.java:511)
	at java.util.concurrent.FutureTask.run(FutureTask.java:266)
	at java.util.concurrent.ThreadPoolExecutor.runWorker(ThreadPoolExecutor.java:1149)
	at java.util.concurrent.ThreadPoolExecutor$Worker.run(ThreadPoolExecutor.java:624)
	at java.lang.Thread.run(Thread.java:748)
Heap
 def new generation   total 153600K, used 73558K [0x00000000e0c00000, 0x00000000eb2a0000, 0x00000000eb2a0000)
  eden space 136576K,  53% used [0x00000000e0c00000, 0x00000000e5375cb8, 0x00000000e9160000)
  from space 17024K,   2% used [0x00000000e9160000, 0x00000000e91bfb90, 0x00000000ea200000)
  to   space 17024K,   0% used [0x00000000ea200000, 0x00000000ea200000, 0x00000000eb2a0000)
 tenured generation   total 341376K, used 44084K [0x00000000eb2a0000, 0x0000000100000000, 0x0000000100000000)
   the space 341376K,  12% used [0x00000000eb2a0000, 0x00000000eddad318, 0x00000000eddad400, 0x0000000100000000)
 Metaspace       used 36062K, capacity 36928K, committed 37120K, reserved 1081344K
  class space    used 4872K, capacity 5074K, committed 5120K, reserved 1048576K
