22:41:02,370 |-INFO in ch.qos.logback.classic.LoggerContext[default] - Could NOT find resource [logback-test.xml]
22:41:02,370 |-INFO in ch.qos.logback.classic.LoggerContext[default] - Could NOT find resource [logback.groovy]
22:41:02,370 |-INFO in ch.qos.logback.classic.LoggerContext[default] - Found resource [logback.xml] at [jar:file:/home/nikitasokolov/flamestream/lib/flamestream-runtime-1.0-SNAPSHOT.jar!/logback.xml]
22:41:02,371 |-WARN in ch.qos.logback.classic.LoggerContext[default] - Resource [logback.xml] occurs multiple times on the classpath.
22:41:02,371 |-WARN in ch.qos.logback.classic.LoggerContext[default] - Resource [logback.xml] occurs at [jar:file:/home/nikitasokolov/flamestream/lib/flamestream-runtime-1.0-SNAPSHOT.jar!/logback.xml]
22:41:02,371 |-WARN in ch.qos.logback.classic.LoggerContext[default] - Resource [logback.xml] occurs at [jar:file:/home/nikitasokolov/flamestream/flamestream-runtime-1.0-SNAPSHOT.jar!/logback.xml]
22:41:02,388 |-INFO in ch.qos.logback.core.joran.spi.ConfigurationWatchList@2f7a2457 - URL [jar:file:/home/nikitasokolov/flamestream/lib/flamestream-runtime-1.0-SNAPSHOT.jar!/logback.xml] is not of type file
22:41:02,439 |-INFO in ch.qos.logback.classic.joran.action.ConfigurationAction - debug attribute not set
22:41:02,439 |-INFO in ch.qos.logback.core.joran.action.AppenderAction - About to instantiate appender of type [ch.qos.logback.core.ConsoleAppender]
22:41:02,447 |-INFO in ch.qos.logback.core.joran.action.AppenderAction - Naming appender as [STDOUT]
22:41:02,456 |-INFO in ch.qos.logback.core.joran.action.NestedComplexPropertyIA - Assuming default type [ch.qos.logback.classic.encoder.PatternLayoutEncoder] for [encoder] property
22:41:02,512 |-INFO in ch.qos.logback.core.joran.action.AppenderAction - About to instantiate appender of type [ch.qos.logback.core.rolling.RollingFileAppender]
22:41:02,518 |-INFO in ch.qos.logback.core.joran.action.AppenderAction - Naming appender as [FILE]
22:41:02,540 |-INFO in c.q.l.core.rolling.TimeBasedRollingPolicy@1449621165 - No compression will be used
22:41:02,541 |-INFO in c.q.l.core.rolling.TimeBasedRollingPolicy@1449621165 - Will use the pattern /tmp/application_%d{yyyy-MM-dd}.%i.log for the active file
22:41:02,544 |-INFO in ch.qos.logback.core.rolling.SizeAndTimeBasedFNATP@6108b2d7 - The date pattern is 'yyyy-MM-dd' from file name pattern '/tmp/application_%d{yyyy-MM-dd}.%i.log'.
22:41:02,544 |-INFO in ch.qos.logback.core.rolling.SizeAndTimeBasedFNATP@6108b2d7 - Roll-over at midnight.
22:41:02,548 |-INFO in ch.qos.logback.core.rolling.SizeAndTimeBasedFNATP@6108b2d7 - Setting initial period to Tue May 28 22:39:56 MSK 2019
22:41:02,548 |-WARN in ch.qos.logback.core.rolling.SizeAndTimeBasedFNATP@6108b2d7 - SizeAndTimeBasedFNATP is deprecated. Use SizeAndTimeBasedRollingPolicy instead
22:41:02,548 |-WARN in ch.qos.logback.core.rolling.SizeAndTimeBasedFNATP@6108b2d7 - For more information see http://logback.qos.ch/manual/appenders.html#SizeAndTimeBasedRollingPolicy
22:41:02,552 |-INFO in ch.qos.logback.core.joran.action.NestedComplexPropertyIA - Assuming default type [ch.qos.logback.classic.encoder.PatternLayoutEncoder] for [encoder] property
22:41:02,555 |-INFO in ch.qos.logback.core.rolling.RollingFileAppender[FILE] - Active log file name: /tmp/application.log
22:41:02,555 |-INFO in ch.qos.logback.core.rolling.RollingFileAppender[FILE] - File property is set to [/tmp/application.log]
22:41:02,556 |-INFO in ch.qos.logback.classic.joran.action.RootLoggerAction - Setting level of ROOT logger to WARN
22:41:02,556 |-INFO in ch.qos.logback.core.joran.action.AppenderRefAction - Attaching appender named [STDOUT] to Logger[ROOT]
22:41:02,557 |-INFO in ch.qos.logback.core.joran.action.AppenderRefAction - Attaching appender named [FILE] to Logger[ROOT]
22:41:02,557 |-INFO in ch.qos.logback.classic.joran.action.ConfigurationAction - End of configuration.
22:41:02,558 |-INFO in ch.qos.logback.classic.joran.JoranConfigurator@1554909b - Registering current configuration as safe fallback point

2019-05-28T22:41:03.577+0300: 1.408: [GC (Metadata GC Threshold) [PSYoungGen: 108081K->15944K(149504K)] 108081K->16024K(491008K), 0.0192685 secs] [Times: user=0.05 sys=0.01, real=0.02 secs] 
2019-05-28T22:41:03.597+0300: 1.428: [Full GC (Metadata GC Threshold) [PSYoungGen: 15944K->0K(149504K)] [ParOldGen: 80K->15081K(341504K)] 16024K->15081K(491008K), [Metaspace: 20809K->20809K(1067008K)], 0.0277940 secs] [Times: user=0.16 sys=0.02, real=0.03 secs] 
22:41:12.193 [Curator-PathChildrenCache-1] WARN  o.a.c.u.ZKPaths  - The version of ZooKeeper being used doesn't support Container nodes. CreateMode.PERSISTENT will be used instead.
2019-05-28T22:41:12.855+0300: 10.686: [GC (Metadata GC Threshold) [PSYoungGen: 126718K->16952K(149504K)] 141799K->51572K(491008K), 0.0266564 secs] [Times: user=0.20 sys=0.03, real=0.03 secs] 
2019-05-28T22:41:12.882+0300: 10.713: [Full GC (Metadata GC Threshold) [PSYoungGen: 16952K->0K(149504K)] [ParOldGen: 34620K->40004K(341504K)] 51572K->40004K(491008K), [Metaspace: 34485K->34485K(1079296K)], 0.0331325 secs] [Times: user=0.19 sys=0.00, real=0.03 secs] 
2019-05-28T22:41:15.486+0300: 13.317: [GC (Allocation Failure) [PSYoungGen: 128512K->1344K(149504K)] 168516K->41357K(491008K), 0.0039289 secs] [Times: user=0.01 sys=0.00, real=0.01 secs] 
2019-05-28T22:41:18.523+0300: 16.354: [GC (Allocation Failure) [PSYoungGen: 129856K->1280K(149504K)] 169869K->41301K(491008K), 0.0033406 secs] [Times: user=0.02 sys=0.00, real=0.00 secs] 
2019-05-28T22:41:21.503+0300: 19.334: [GC (Allocation Failure) [PSYoungGen: 129792K->1344K(130048K)] 169813K->41373K(471552K), 0.0035428 secs] [Times: user=0.01 sys=0.01, real=0.00 secs] 
2019-05-28T22:41:24.501+0300: 22.332: [GC (Allocation Failure) [PSYoungGen: 129856K->1472K(148992K)] 169885K->41501K(490496K), 0.0029242 secs] [Times: user=0.01 sys=0.00, real=0.00 secs] 
2019-05-28T22:41:27.385+0300: 25.216: [GC (Allocation Failure) [PSYoungGen: 128448K->1504K(148480K)] 168477K->41541K(489984K), 0.0032058 secs] [Times: user=0.02 sys=0.00, real=0.00 secs] 
2019-05-28T22:41:30.617+0300: 28.448: [GC (Allocation Failure) [PSYoungGen: 128480K->1664K(151040K)] 168517K->41701K(492544K), 0.0031622 secs] [Times: user=0.01 sys=0.00, real=0.01 secs] 
2019-05-28T22:41:34.141+0300: 31.972: [GC (Allocation Failure) [PSYoungGen: 132224K->1792K(150016K)] 172261K->41837K(491520K), 0.0033623 secs] [Times: user=0.00 sys=0.01, real=0.00 secs] 
22:41:38.760 [Curator-PathChildrenCache-0] ERROR o.a.c.f.r.c.PathChildrenCache  - 
java.lang.IllegalStateException: instance must be started before calling this method
	at org.apache.curator.shaded.com.google.common.base.Preconditions.checkState(Preconditions.java:444)
	at org.apache.curator.framework.imps.CuratorFrameworkImpl.getChildren(CuratorFrameworkImpl.java:456)
	at org.apache.curator.framework.recipes.cache.PathChildrenCache.refresh(PathChildrenCache.java:521)
	at org.apache.curator.framework.recipes.cache.RefreshOperation.invoke(RefreshOperation.java:35)
	at org.apache.curator.framework.recipes.cache.PathChildrenCache$9.run(PathChildrenCache.java:786)
	at java.util.concurrent.Executors$RunnableAdapter.call(Executors.java:511)
	at java.util.concurrent.FutureTask.run(FutureTask.java:266)
	at java.util.concurrent.Executors$RunnableAdapter.call(Executors.java:511)
	at java.util.concurrent.FutureTask.run(FutureTask.java:266)
	at java.util.concurrent.ThreadPoolExecutor.runWorker(ThreadPoolExecutor.java:1149)
	at java.util.concurrent.ThreadPoolExecutor$Worker.run(ThreadPoolExecutor.java:624)
	at java.lang.Thread.run(Thread.java:748)
Heap
 PSYoungGen      total 150016K, used 43322K [0x00000000f5980000, 0x0000000100000000, 0x0000000100000000)
  eden space 130560K, 31% used [0x00000000f5980000,0x00000000f820e748,0x00000000fd900000)
  from space 19456K, 9% used [0x00000000fd900000,0x00000000fdac0280,0x00000000fec00000)
  to   space 18432K, 0% used [0x00000000fee00000,0x00000000fee00000,0x0000000100000000)
 ParOldGen       total 341504K, used 40044K [0x00000000e0c00000, 0x00000000f5980000, 0x00000000f5980000)
  object space 341504K, 11% used [0x00000000e0c00000,0x00000000e331b308,0x00000000f5980000)
 Metaspace       used 35912K, capacity 36826K, committed 36952K, reserved 1081344K
  class space    used 4958K, capacity 5155K, committed 5248K, reserved 1048576K
