06:14:57,714 |-INFO in ch.qos.logback.classic.LoggerContext[default] - Could NOT find resource [logback-test.xml]
06:14:57,714 |-INFO in ch.qos.logback.classic.LoggerContext[default] - Could NOT find resource [logback.groovy]
06:14:57,715 |-INFO in ch.qos.logback.classic.LoggerContext[default] - Found resource [logback.xml] at [jar:file:/home/nikitasokolov/flamestream/lib/flamestream-runtime-1.0-SNAPSHOT.jar!/logback.xml]
06:14:57,715 |-WARN in ch.qos.logback.classic.LoggerContext[default] - Resource [logback.xml] occurs multiple times on the classpath.
06:14:57,715 |-WARN in ch.qos.logback.classic.LoggerContext[default] - Resource [logback.xml] occurs at [jar:file:/home/nikitasokolov/flamestream/lib/flamestream-runtime-1.0-SNAPSHOT.jar!/logback.xml]
06:14:57,715 |-WARN in ch.qos.logback.classic.LoggerContext[default] - Resource [logback.xml] occurs at [jar:file:/home/nikitasokolov/flamestream/flamestream-runtime-1.0-SNAPSHOT.jar!/logback.xml]
06:14:57,732 |-INFO in ch.qos.logback.core.joran.spi.ConfigurationWatchList@6108b2d7 - URL [jar:file:/home/nikitasokolov/flamestream/lib/flamestream-runtime-1.0-SNAPSHOT.jar!/logback.xml] is not of type file
06:14:57,783 |-INFO in ch.qos.logback.classic.joran.action.ConfigurationAction - debug attribute not set
06:14:57,784 |-INFO in ch.qos.logback.core.joran.action.AppenderAction - About to instantiate appender of type [ch.qos.logback.core.ConsoleAppender]
06:14:57,792 |-INFO in ch.qos.logback.core.joran.action.AppenderAction - Naming appender as [STDOUT]
06:14:57,800 |-INFO in ch.qos.logback.core.joran.action.NestedComplexPropertyIA - Assuming default type [ch.qos.logback.classic.encoder.PatternLayoutEncoder] for [encoder] property
06:14:57,858 |-INFO in ch.qos.logback.core.joran.action.AppenderAction - About to instantiate appender of type [ch.qos.logback.core.rolling.RollingFileAppender]
06:14:57,863 |-INFO in ch.qos.logback.core.joran.action.AppenderAction - Naming appender as [FILE]
06:14:57,885 |-INFO in c.q.l.core.rolling.TimeBasedRollingPolicy@357863579 - No compression will be used
06:14:57,886 |-INFO in c.q.l.core.rolling.TimeBasedRollingPolicy@357863579 - Will use the pattern /tmp/application_%d{yyyy-MM-dd}.%i.log for the active file
06:14:57,889 |-INFO in ch.qos.logback.core.rolling.SizeAndTimeBasedFNATP@6bf256fa - The date pattern is 'yyyy-MM-dd' from file name pattern '/tmp/application_%d{yyyy-MM-dd}.%i.log'.
06:14:57,889 |-INFO in ch.qos.logback.core.rolling.SizeAndTimeBasedFNATP@6bf256fa - Roll-over at midnight.
06:14:57,893 |-INFO in ch.qos.logback.core.rolling.SizeAndTimeBasedFNATP@6bf256fa - Setting initial period to Sun Jun 09 06:14:12 MSK 2019
06:14:57,893 |-WARN in ch.qos.logback.core.rolling.SizeAndTimeBasedFNATP@6bf256fa - SizeAndTimeBasedFNATP is deprecated. Use SizeAndTimeBasedRollingPolicy instead
06:14:57,893 |-WARN in ch.qos.logback.core.rolling.SizeAndTimeBasedFNATP@6bf256fa - For more information see http://logback.qos.ch/manual/appenders.html#SizeAndTimeBasedRollingPolicy
06:14:57,897 |-INFO in ch.qos.logback.core.joran.action.NestedComplexPropertyIA - Assuming default type [ch.qos.logback.classic.encoder.PatternLayoutEncoder] for [encoder] property
06:14:57,899 |-INFO in ch.qos.logback.core.rolling.RollingFileAppender[FILE] - Active log file name: /tmp/application.log
06:14:57,899 |-INFO in ch.qos.logback.core.rolling.RollingFileAppender[FILE] - File property is set to [/tmp/application.log]
06:14:57,900 |-INFO in ch.qos.logback.classic.joran.action.RootLoggerAction - Setting level of ROOT logger to WARN
06:14:57,900 |-INFO in ch.qos.logback.core.joran.action.AppenderRefAction - Attaching appender named [STDOUT] to Logger[ROOT]
06:14:57,901 |-INFO in ch.qos.logback.core.joran.action.AppenderRefAction - Attaching appender named [FILE] to Logger[ROOT]
06:14:57,901 |-INFO in ch.qos.logback.classic.joran.action.ConfigurationAction - End of configuration.
06:14:57,902 |-INFO in ch.qos.logback.classic.joran.JoranConfigurator@6cd8737 - Registering current configuration as safe fallback point

2019-06-09T06:14:58.909+0300: 1.409: [GC (Metadata GC Threshold) [PSYoungGen: 110722K->15938K(149504K)] 110722K->16018K(491008K), 0.0278650 secs] [Times: user=0.11 sys=0.03, real=0.03 secs] 
2019-06-09T06:14:58.937+0300: 1.436: [Full GC (Metadata GC Threshold) [PSYoungGen: 15938K->0K(149504K)] [ParOldGen: 80K->15086K(341504K)] 16018K->15086K(491008K), [Metaspace: 20804K->20804K(1067008K)], 0.0299520 secs] [Times: user=0.20 sys=0.01, real=0.03 secs] 
06:15:11.466 [Curator-PathChildrenCache-1] WARN  o.a.c.u.ZKPaths  - The version of ZooKeeper being used doesn't support Container nodes. CreateMode.PERSISTENT will be used instead.
2019-06-09T06:15:12.319+0300: 14.818: [GC (Metadata GC Threshold) [PSYoungGen: 127914K->15840K(149504K)] 143000K->50465K(491008K), 0.0317120 secs] [Times: user=0.29 sys=0.03, real=0.03 secs] 
2019-06-09T06:15:12.351+0300: 14.850: [Full GC (Metadata GC Threshold) [PSYoungGen: 15840K->0K(149504K)] [ParOldGen: 34625K->38886K(341504K)] 50465K->38886K(491008K), [Metaspace: 34551K->34551K(1079296K)], 0.0433622 secs] [Times: user=0.22 sys=0.01, real=0.04 secs] 
2019-06-09T06:15:14.034+0300: 16.533: [GC (Allocation Failure) [PSYoungGen: 128512K->480K(149504K)] 167398K->39374K(491008K), 0.0032451 secs] [Times: user=0.01 sys=0.00, real=0.00 secs] 
2019-06-09T06:15:15.415+0300: 17.914: [GC (Allocation Failure) [PSYoungGen: 128992K->608K(149504K)] 167886K->39510K(491008K), 0.0033346 secs] [Times: user=0.02 sys=0.01, real=0.01 secs] 
2019-06-09T06:15:16.711+0300: 19.210: [GC (Allocation Failure) [PSYoungGen: 129120K->640K(129536K)] 168022K->39550K(471040K), 0.0050269 secs] [Times: user=0.04 sys=0.00, real=0.00 secs] 
2019-06-09T06:15:18.246+0300: 20.745: [GC (Allocation Failure) [PSYoungGen: 129152K->640K(150016K)] 168062K->39550K(491520K), 0.0045297 secs] [Times: user=0.01 sys=0.01, real=0.01 secs] 
2019-06-09T06:15:19.450+0300: 21.949: [GC (Allocation Failure) [PSYoungGen: 129152K->800K(148992K)] 168062K->39710K(490496K), 0.0026470 secs] [Times: user=0.01 sys=0.00, real=0.00 secs] 
2019-06-09T06:15:20.293+0300: 22.792: [GC (Allocation Failure) [PSYoungGen: 129312K->1120K(152064K)] 168222K->40030K(493568K), 0.0045784 secs] [Times: user=0.03 sys=0.00, real=0.00 secs] 
2019-06-09T06:15:21.378+0300: 23.877: [GC (Allocation Failure) [PSYoungGen: 133728K->832K(151040K)] 172638K->39742K(492544K), 0.0050864 secs] [Times: user=0.02 sys=0.01, real=0.00 secs] 
2019-06-09T06:15:22.306+0300: 24.805: [GC (Allocation Failure) [PSYoungGen: 133440K->768K(153600K)] 172350K->39679K(495104K), 0.0032260 secs] [Times: user=0.01 sys=0.01, real=0.00 secs] 
2019-06-09T06:15:23.338+0300: 25.837: [GC (Allocation Failure) [PSYoungGen: 136448K->832K(152576K)] 175359K->39743K(494080K), 0.0045111 secs] [Times: user=0.01 sys=0.01, real=0.00 secs] 
2019-06-09T06:15:24.223+0300: 26.722: [GC (Allocation Failure) [PSYoungGen: 136512K->960K(155136K)] 175423K->39879K(496640K), 0.0028363 secs] [Times: user=0.02 sys=0.00, real=0.00 secs] 
2019-06-09T06:15:25.227+0300: 27.789: [GC (Allocation Failure) [PSYoungGen: 139712K->896K(154112K)] 178631K->39815K(495616K), 0.0729754 secs] [Times: user=0.08 sys=0.01, real=0.08 secs] 
2019-06-09T06:15:26.423+0300: 28.922: [GC (Allocation Failure) [PSYoungGen: 139648K->800K(156672K)] 178567K->39727K(498176K), 0.0044631 secs] [Times: user=0.03 sys=0.00, real=0.00 secs] 
2019-06-09T06:15:27.337+0300: 29.836: [GC (Allocation Failure) [PSYoungGen: 142624K->736K(155648K)] 181551K->39671K(497152K), 0.0051208 secs] [Times: user=0.03 sys=0.01, real=0.01 secs] 
2019-06-09T06:15:28.835+0300: 31.334: [GC (Allocation Failure) [PSYoungGen: 142560K->896K(158208K)] 181495K->39831K(499712K), 0.0033256 secs] [Times: user=0.01 sys=0.01, real=0.01 secs] 
06:15:35.025 [Curator-PathChildrenCache-0] ERROR o.a.c.f.r.c.PathChildrenCache  - 
java.lang.IllegalStateException: instance must be started before calling this method
	at org.apache.curator.shaded.com.google.common.base.Preconditions.checkState(Preconditions.java:444)
	at org.apache.curator.framework.imps.CuratorFrameworkImpl.getChildren(CuratorFrameworkImpl.java:456)
	at org.apache.curator.framework.recipes.cache.PathChildrenCache.refresh(PathChildrenCache.java:521)
	at org.apache.curator.framework.recipes.cache.RefreshOperation.invoke(RefreshOperation.java:35)
	at org.apache.curator.framework.recipes.cache.PathChildrenCache$9.run(PathChildrenCache.java:786)
	at java.util.concurrent.Executors$RunnableAdapter.call(Executors.java:511)
	at java.util.concurrent.FutureTask.run(FutureTask.java:266)
	at java.util.concurrent.Executors$RunnableAdapter.call(Executors.java:511)
	at java.util.concurrent.FutureTask.run(FutureTask.java:266)
	at java.util.concurrent.ThreadPoolExecutor.runWorker(ThreadPoolExecutor.java:1149)
	at java.util.concurrent.ThreadPoolExecutor$Worker.run(ThreadPoolExecutor.java:624)
	at java.lang.Thread.run(Thread.java:748)
Heap
 PSYoungGen      total 158208K, used 88625K [0x00000000f5980000, 0x0000000100000000, 0x0000000100000000)
  eden space 144896K, 60% used [0x00000000f5980000,0x00000000faf2c748,0x00000000fe700000)
  from space 13312K, 6% used [0x00000000ff300000,0x00000000ff3e0040,0x0000000100000000)
  to   space 12288K, 0% used [0x00000000fe700000,0x00000000fe700000,0x00000000ff300000)
 ParOldGen       total 341504K, used 38934K [0x00000000e0c00000, 0x00000000f5980000, 0x00000000f5980000)
  object space 341504K, 11% used [0x00000000e0c00000,0x00000000e3205bc0,0x00000000f5980000)
 Metaspace       used 35733K, capacity 36614K, committed 36952K, reserved 1081344K
  class space    used 4932K, capacity 5129K, committed 5248K, reserved 1048576K
