17:56:38,813 |-INFO in ch.qos.logback.classic.LoggerContext[default] - Could NOT find resource [logback-test.xml]
17:56:38,814 |-INFO in ch.qos.logback.classic.LoggerContext[default] - Could NOT find resource [logback.groovy]
17:56:38,814 |-INFO in ch.qos.logback.classic.LoggerContext[default] - Found resource [logback.xml] at [jar:file:/root/flamestream/lib/flamestream-runtime-1.0-SNAPSHOT.jar!/logback.xml]
17:56:38,814 |-WARN in ch.qos.logback.classic.LoggerContext[default] - Resource [logback.xml] occurs multiple times on the classpath.
17:56:38,819 |-WARN in ch.qos.logback.classic.LoggerContext[default] - Resource [logback.xml] occurs at [jar:file:/root/flamestream/lib/flamestream-runtime-1.0-SNAPSHOT.jar!/logback.xml]
17:56:38,819 |-WARN in ch.qos.logback.classic.LoggerContext[default] - Resource [logback.xml] occurs at [jar:file:/root/flamestream/flamestream-runtime-1.0-SNAPSHOT.jar!/logback.xml]
17:56:38,839 |-INFO in ch.qos.logback.core.joran.spi.ConfigurationWatchList@3fb6a447 - URL [jar:file:/root/flamestream/lib/flamestream-runtime-1.0-SNAPSHOT.jar!/logback.xml] is not of type file
17:56:38,910 |-INFO in ch.qos.logback.classic.joran.action.ConfigurationAction - debug attribute not set
17:56:38,911 |-INFO in ch.qos.logback.core.joran.action.AppenderAction - About to instantiate appender of type [ch.qos.logback.core.ConsoleAppender]
17:56:38,925 |-INFO in ch.qos.logback.core.joran.action.AppenderAction - Naming appender as [STDOUT]
17:56:38,943 |-INFO in ch.qos.logback.core.joran.action.NestedComplexPropertyIA - Assuming default type [ch.qos.logback.classic.encoder.PatternLayoutEncoder] for [encoder] property
17:56:39,026 |-INFO in ch.qos.logback.core.joran.action.AppenderAction - About to instantiate appender of type [ch.qos.logback.core.rolling.RollingFileAppender]
17:56:39,035 |-INFO in ch.qos.logback.core.joran.action.AppenderAction - Naming appender as [FILE]
17:56:39,066 |-INFO in c.q.l.core.rolling.TimeBasedRollingPolicy@127618319 - No compression will be used
17:56:39,067 |-INFO in c.q.l.core.rolling.TimeBasedRollingPolicy@127618319 - Will use the pattern /tmp/application_%d{yyyy-MM-dd}.%i.log for the active file
17:56:39,070 |-INFO in ch.qos.logback.core.rolling.SizeAndTimeBasedFNATP@6b2fad11 - The date pattern is 'yyyy-MM-dd' from file name pattern '/tmp/application_%d{yyyy-MM-dd}.%i.log'.
17:56:39,070 |-INFO in ch.qos.logback.core.rolling.SizeAndTimeBasedFNATP@6b2fad11 - Roll-over at midnight.
17:56:39,075 |-INFO in ch.qos.logback.core.rolling.SizeAndTimeBasedFNATP@6b2fad11 - Setting initial period to Mon Jun 10 17:55:17 UTC 2019
17:56:39,075 |-WARN in ch.qos.logback.core.rolling.SizeAndTimeBasedFNATP@6b2fad11 - SizeAndTimeBasedFNATP is deprecated. Use SizeAndTimeBasedRollingPolicy instead
17:56:39,075 |-WARN in ch.qos.logback.core.rolling.SizeAndTimeBasedFNATP@6b2fad11 - For more information see http://logback.qos.ch/manual/appenders.html#SizeAndTimeBasedRollingPolicy
17:56:39,079 |-INFO in ch.qos.logback.core.joran.action.NestedComplexPropertyIA - Assuming default type [ch.qos.logback.classic.encoder.PatternLayoutEncoder] for [encoder] property
17:56:39,084 |-INFO in ch.qos.logback.core.rolling.RollingFileAppender[FILE] - Active log file name: /tmp/application.log
17:56:39,084 |-INFO in ch.qos.logback.core.rolling.RollingFileAppender[FILE] - File property is set to [/tmp/application.log]
17:56:39,085 |-INFO in ch.qos.logback.classic.joran.action.RootLoggerAction - Setting level of ROOT logger to WARN
17:56:39,085 |-INFO in ch.qos.logback.core.joran.action.AppenderRefAction - Attaching appender named [STDOUT] to Logger[ROOT]
17:56:39,087 |-INFO in ch.qos.logback.core.joran.action.AppenderRefAction - Attaching appender named [FILE] to Logger[ROOT]
17:56:39,087 |-INFO in ch.qos.logback.classic.joran.action.ConfigurationAction - End of configuration.
17:56:39,087 |-INFO in ch.qos.logback.classic.joran.JoranConfigurator@79698539 - Registering current configuration as safe fallback point

Ama winner
Ama winner
2019-06-10T17:56:40.362+0000: 1.725: [Full GC (Metadata GC Threshold) 2019-06-10T17:56:40.362+0000: 1.725: [Tenured: 0K->15241K(341376K), 0.0392297 secs] 117751K->15241K(494976K), [Metaspace: 20734K->20734K(1067008K)], 0.0393005 secs] [Times: user=0.03 sys=0.00, real=0.04 secs] 
17:56:57.170 [Curator-PathChildrenCache-1] WARN  o.a.c.u.ZKPaths  - The version of ZooKeeper being used doesn't support Container nodes. CreateMode.PERSISTENT will be used instead.
2019-06-10T17:56:59.380+0000: 20.744: [GC (Allocation Failure) 2019-06-10T17:56:59.381+0000: 20.744: [DefNew: 136576K->17023K(153600K), 0.0251266 secs] 151817K->52585K(494976K), 0.0251956 secs] [Times: user=0.02 sys=0.00, real=0.02 secs] 
2019-06-10T17:57:02.895+0000: 24.258: [Full GC (Metadata GC Threshold) 2019-06-10T17:57:02.895+0000: 24.258: [Tenured: 35561K->44034K(341376K), 0.0488934 secs] 118474K->44034K(494976K), [Metaspace: 34581K->34581K(1079296K)], 0.0489668 secs] [Times: user=0.05 sys=0.00, real=0.04 secs] 
2019-06-10T17:57:09.860+0000: 31.223: [GC (Allocation Failure) 2019-06-10T17:57:09.860+0000: 31.223: [DefNew: 136576K->85K(153600K), 0.0018167 secs] 180610K->44119K(494976K), 0.0018764 secs] [Times: user=0.01 sys=0.00, real=0.00 secs] 
2019-06-10T17:57:16.955+0000: 38.318: [GC (Allocation Failure) 2019-06-10T17:57:16.955+0000: 38.318: [DefNew: 136661K->85K(153600K), 0.0017357 secs] 180695K->44119K(494976K), 0.0017982 secs] [Times: user=0.00 sys=0.00, real=0.00 secs] 
2019-06-10T17:57:24.081+0000: 45.444: [GC (Allocation Failure) 2019-06-10T17:57:24.081+0000: 45.444: [DefNew: 136661K->86K(153600K), 0.0017418 secs] 180695K->44120K(494976K), 0.0018123 secs] [Times: user=0.00 sys=0.00, real=0.00 secs] 
2019-06-10T17:57:31.268+0000: 52.632: [GC (Allocation Failure) 2019-06-10T17:57:31.268+0000: 52.632: [DefNew: 136662K->87K(153600K), 0.0017189 secs] 180696K->44121K(494976K), 0.0017769 secs] [Times: user=0.00 sys=0.00, real=0.00 secs] 
2019-06-10T17:57:38.639+0000: 60.003: [GC (Allocation Failure) 2019-06-10T17:57:38.639+0000: 60.003: [DefNew: 136663K->265K(153600K), 0.0019609 secs] 180697K->44299K(494976K), 0.0020206 secs] [Times: user=0.00 sys=0.00, real=0.00 secs] 
17:57:53.963 [Curator-PathChildrenCache-0] ERROR o.a.c.f.r.c.PathChildrenCache  - 
java.lang.IllegalStateException: instance must be started before calling this method
	at org.apache.curator.shaded.com.google.common.base.Preconditions.checkState(Preconditions.java:444)
	at org.apache.curator.framework.imps.CuratorFrameworkImpl.getChildren(CuratorFrameworkImpl.java:456)
	at org.apache.curator.framework.recipes.cache.PathChildrenCache.refresh(PathChildrenCache.java:521)
	at org.apache.curator.framework.recipes.cache.RefreshOperation.invoke(RefreshOperation.java:35)
	at org.apache.curator.framework.recipes.cache.PathChildrenCache$9.run(PathChildrenCache.java:786)
	at java.util.concurrent.Executors$RunnableAdapter.call(Executors.java:511)
	at java.util.concurrent.FutureTask.run(FutureTask.java:266)
	at java.util.concurrent.Executors$RunnableAdapter.call(Executors.java:511)
	at java.util.concurrent.FutureTask.run(FutureTask.java:266)
	at java.util.concurrent.ThreadPoolExecutor.runWorker(ThreadPoolExecutor.java:1149)
	at java.util.concurrent.ThreadPoolExecutor$Worker.run(ThreadPoolExecutor.java:624)
	at java.lang.Thread.run(Thread.java:748)
Heap
 def new generation   total 153600K, used 87372K [0x00000000e0c00000, 0x00000000eb2a0000, 0x00000000eb2a0000)
  eden space 136576K,  63% used [0x00000000e0c00000, 0x00000000e6110b70, 0x00000000e9160000)
  from space 17024K,   1% used [0x00000000e9160000, 0x00000000e91a2750, 0x00000000ea200000)
  to   space 17024K,   0% used [0x00000000ea200000, 0x00000000ea200000, 0x00000000eb2a0000)
 tenured generation   total 341376K, used 44034K [0x00000000eb2a0000, 0x0000000100000000, 0x0000000100000000)
   the space 341376K,  12% used [0x00000000eb2a0000, 0x00000000edda0850, 0x00000000edda0a00, 0x0000000100000000)
 Metaspace       used 36031K, capacity 36928K, committed 37120K, reserved 1081344K
  class space    used 4858K, capacity 5074K, committed 5120K, reserved 1048576K
