11:32:40,639 |-INFO in ch.qos.logback.classic.LoggerContext[default] - Could NOT find resource [logback-test.xml]
11:32:40,639 |-INFO in ch.qos.logback.classic.LoggerContext[default] - Could NOT find resource [logback.groovy]
11:32:40,640 |-INFO in ch.qos.logback.classic.LoggerContext[default] - Found resource [logback.xml] at [jar:file:/root/flamestream/lib/flamestream-runtime-1.0-SNAPSHOT.jar!/logback.xml]
11:32:40,640 |-WARN in ch.qos.logback.classic.LoggerContext[default] - Resource [logback.xml] occurs multiple times on the classpath.
11:32:40,640 |-WARN in ch.qos.logback.classic.LoggerContext[default] - Resource [logback.xml] occurs at [jar:file:/root/flamestream/lib/flamestream-runtime-1.0-SNAPSHOT.jar!/logback.xml]
11:32:40,640 |-WARN in ch.qos.logback.classic.LoggerContext[default] - Resource [logback.xml] occurs at [jar:file:/root/flamestream/flamestream-runtime-1.0-SNAPSHOT.jar!/logback.xml]
11:32:40,663 |-INFO in ch.qos.logback.core.joran.spi.ConfigurationWatchList@3fb6a447 - URL [jar:file:/root/flamestream/lib/flamestream-runtime-1.0-SNAPSHOT.jar!/logback.xml] is not of type file
11:32:40,731 |-INFO in ch.qos.logback.classic.joran.action.ConfigurationAction - debug attribute not set
11:32:40,732 |-INFO in ch.qos.logback.core.joran.action.AppenderAction - About to instantiate appender of type [ch.qos.logback.core.ConsoleAppender]
11:32:40,748 |-INFO in ch.qos.logback.core.joran.action.AppenderAction - Naming appender as [STDOUT]
11:32:40,758 |-INFO in ch.qos.logback.core.joran.action.NestedComplexPropertyIA - Assuming default type [ch.qos.logback.classic.encoder.PatternLayoutEncoder] for [encoder] property
11:32:40,868 |-INFO in ch.qos.logback.core.joran.action.AppenderAction - About to instantiate appender of type [ch.qos.logback.core.rolling.RollingFileAppender]
11:32:40,873 |-INFO in ch.qos.logback.core.joran.action.AppenderAction - Naming appender as [FILE]
11:32:40,913 |-INFO in c.q.l.core.rolling.TimeBasedRollingPolicy@127618319 - No compression will be used
11:32:40,914 |-INFO in c.q.l.core.rolling.TimeBasedRollingPolicy@127618319 - Will use the pattern /tmp/application_%d{yyyy-MM-dd}.%i.log for the active file
11:32:40,917 |-INFO in ch.qos.logback.core.rolling.SizeAndTimeBasedFNATP@6b2fad11 - The date pattern is 'yyyy-MM-dd' from file name pattern '/tmp/application_%d{yyyy-MM-dd}.%i.log'.
11:32:40,917 |-INFO in ch.qos.logback.core.rolling.SizeAndTimeBasedFNATP@6b2fad11 - Roll-over at midnight.
11:32:40,922 |-INFO in ch.qos.logback.core.rolling.SizeAndTimeBasedFNATP@6b2fad11 - Setting initial period to Tue Jun 11 11:31:27 UTC 2019
11:32:40,922 |-WARN in ch.qos.logback.core.rolling.SizeAndTimeBasedFNATP@6b2fad11 - SizeAndTimeBasedFNATP is deprecated. Use SizeAndTimeBasedRollingPolicy instead
11:32:40,922 |-WARN in ch.qos.logback.core.rolling.SizeAndTimeBasedFNATP@6b2fad11 - For more information see http://logback.qos.ch/manual/appenders.html#SizeAndTimeBasedRollingPolicy
11:32:40,926 |-INFO in ch.qos.logback.core.joran.action.NestedComplexPropertyIA - Assuming default type [ch.qos.logback.classic.encoder.PatternLayoutEncoder] for [encoder] property
11:32:40,932 |-INFO in ch.qos.logback.core.rolling.RollingFileAppender[FILE] - Active log file name: /tmp/application.log
11:32:40,932 |-INFO in ch.qos.logback.core.rolling.RollingFileAppender[FILE] - File property is set to [/tmp/application.log]
11:32:40,933 |-INFO in ch.qos.logback.classic.joran.action.RootLoggerAction - Setting level of ROOT logger to WARN
11:32:40,933 |-INFO in ch.qos.logback.core.joran.action.AppenderRefAction - Attaching appender named [STDOUT] to Logger[ROOT]
11:32:40,935 |-INFO in ch.qos.logback.core.joran.action.AppenderRefAction - Attaching appender named [FILE] to Logger[ROOT]
11:32:40,935 |-INFO in ch.qos.logback.classic.joran.action.ConfigurationAction - End of configuration.
11:32:40,935 |-INFO in ch.qos.logback.classic.joran.JoranConfigurator@79698539 - Registering current configuration as safe fallback point

Ama winner
Ama winner
2019-06-11T11:32:42.235+0000: 1.784: [Full GC (Metadata GC Threshold) 2019-06-11T11:32:42.235+0000: 1.784: [Tenured: 0K->15145K(341376K), 0.0378899 secs] 114923K->15145K(494976K), [Metaspace: 20731K->20731K(1067008K)], 0.0379607 secs] [Times: user=0.03 sys=0.01, real=0.04 secs] 
11:33:01.743 [Curator-PathChildrenCache-2] WARN  o.a.c.u.ZKPaths  - The version of ZooKeeper being used doesn't support Container nodes. CreateMode.PERSISTENT will be used instead.
2019-06-11T11:33:04.012+0000: 23.561: [GC (Allocation Failure) 2019-06-11T11:33:04.012+0000: 23.561: [DefNew: 118441K->16706K(153600K), 0.0205562 secs] 133586K->31851K(494976K), 0.0206250 secs] [Times: user=0.02 sys=0.00, real=0.02 secs] 
2019-06-11T11:33:04.418+0000: 23.966: [Full GC (Metadata GC Threshold) 2019-06-11T11:33:04.418+0000: 23.967: [Tenured: 15145K->43147K(341376K), 0.0443066 secs] 66693K->43147K(494976K), [Metaspace: 34541K->34541K(1079296K)], 0.0444020 secs] [Times: user=0.03 sys=0.02, real=0.04 secs] 
2019-06-11T11:33:06.143+0000: 25.692: [GC (Allocation Failure) 2019-06-11T11:33:06.143+0000: 25.692: [DefNew: 136576K->1406K(153600K), 0.0049163 secs] 179723K->44553K(494976K), 0.0049765 secs] [Times: user=0.01 sys=0.00, real=0.00 secs] 
2019-06-11T11:33:07.122+0000: 26.670: [GC (Allocation Failure) 2019-06-11T11:33:07.122+0000: 26.670: [DefNew: 137982K->1434K(153600K), 0.0041120 secs] 181129K->44581K(494976K), 0.0041702 secs] [Times: user=0.00 sys=0.00, real=0.00 secs] 
2019-06-11T11:33:08.083+0000: 27.631: [GC (Allocation Failure) 2019-06-11T11:33:08.083+0000: 27.632: [DefNew: 138010K->1244K(153600K), 0.0043180 secs] 181157K->44391K(494976K), 0.0043790 secs] [Times: user=0.00 sys=0.00, real=0.00 secs] 
2019-06-11T11:33:08.906+0000: 28.455: [GC (Allocation Failure) 2019-06-11T11:33:08.906+0000: 28.455: [DefNew: 137820K->793K(153600K), 0.0027839 secs] 180967K->43941K(494976K), 0.0028396 secs] [Times: user=0.00 sys=0.00, real=0.01 secs] 
2019-06-11T11:33:09.724+0000: 29.273: [GC (Allocation Failure) 2019-06-11T11:33:09.724+0000: 29.273: [DefNew: 137369K->154K(153600K), 0.0018988 secs] 180517K->43302K(494976K), 0.0019559 secs] [Times: user=0.00 sys=0.00, real=0.00 secs] 
2019-06-11T11:33:10.737+0000: 30.286: [GC (Allocation Failure) 2019-06-11T11:33:10.737+0000: 30.286: [DefNew: 136730K->110K(153600K), 0.0017690 secs] 179878K->43258K(494976K), 0.0018259 secs] [Times: user=0.00 sys=0.00, real=0.00 secs] 
2019-06-11T11:33:11.761+0000: 31.310: [GC (Allocation Failure) 2019-06-11T11:33:11.761+0000: 31.310: [DefNew: 136686K->113K(153600K), 0.0018270 secs] 179834K->43260K(494976K), 0.0018958 secs] [Times: user=0.00 sys=0.00, real=0.00 secs] 
2019-06-11T11:33:12.789+0000: 32.338: [GC (Allocation Failure) 2019-06-11T11:33:12.789+0000: 32.338: [DefNew: 136689K->116K(153600K), 0.0018469 secs] 179836K->43264K(494976K), 0.0019063 secs] [Times: user=0.01 sys=0.00, real=0.00 secs] 
11:33:18.424 [Curator-PathChildrenCache-0] ERROR o.a.c.f.r.c.PathChildrenCache  - 
java.lang.IllegalStateException: instance must be started before calling this method
	at org.apache.curator.shaded.com.google.common.base.Preconditions.checkState(Preconditions.java:444)
	at org.apache.curator.framework.imps.CuratorFrameworkImpl.getChildren(CuratorFrameworkImpl.java:456)
	at org.apache.curator.framework.recipes.cache.PathChildrenCache.refresh(PathChildrenCache.java:521)
	at org.apache.curator.framework.recipes.cache.RefreshOperation.invoke(RefreshOperation.java:35)
	at org.apache.curator.framework.recipes.cache.PathChildrenCache$9.run(PathChildrenCache.java:786)
	at java.util.concurrent.Executors$RunnableAdapter.call(Executors.java:511)
	at java.util.concurrent.FutureTask.run(FutureTask.java:266)
	at java.util.concurrent.Executors$RunnableAdapter.call(Executors.java:511)
	at java.util.concurrent.FutureTask.run(FutureTask.java:266)
	at java.util.concurrent.ThreadPoolExecutor.runWorker(ThreadPoolExecutor.java:1149)
	at java.util.concurrent.ThreadPoolExecutor$Worker.run(ThreadPoolExecutor.java:624)
	at java.lang.Thread.run(Thread.java:748)
Heap
 def new generation   total 153600K, used 52246K [0x00000000e0c00000, 0x00000000eb2a0000, 0x00000000eb2a0000)
  eden space 136576K,  38% used [0x00000000e0c00000, 0x00000000e3ee87a8, 0x00000000e9160000)
  from space 17024K,   0% used [0x00000000ea200000, 0x00000000ea21d348, 0x00000000eb2a0000)
  to   space 17024K,   0% used [0x00000000e9160000, 0x00000000e9160000, 0x00000000ea200000)
 tenured generation   total 341376K, used 43147K [0x00000000eb2a0000, 0x0000000100000000, 0x0000000100000000)
   the space 341376K,  12% used [0x00000000eb2a0000, 0x00000000edcc2e20, 0x00000000edcc3000, 0x0000000100000000)
 Metaspace       used 35885K, capacity 36880K, committed 37120K, reserved 1081344K
  class space    used 4870K, capacity 5062K, committed 5120K, reserved 1048576K
