05:15:36,351 |-INFO in ch.qos.logback.classic.LoggerContext[default] - Could NOT find resource [logback-test.xml]
05:15:36,351 |-INFO in ch.qos.logback.classic.LoggerContext[default] - Could NOT find resource [logback.groovy]
05:15:36,352 |-INFO in ch.qos.logback.classic.LoggerContext[default] - Found resource [logback.xml] at [jar:file:/home/nikitasokolov/flamestream/lib/flamestream-runtime-1.0-SNAPSHOT.jar!/logback.xml]
05:15:36,352 |-WARN in ch.qos.logback.classic.LoggerContext[default] - Resource [logback.xml] occurs multiple times on the classpath.
05:15:36,352 |-WARN in ch.qos.logback.classic.LoggerContext[default] - Resource [logback.xml] occurs at [jar:file:/home/nikitasokolov/flamestream/lib/flamestream-runtime-1.0-SNAPSHOT.jar!/logback.xml]
05:15:36,352 |-WARN in ch.qos.logback.classic.LoggerContext[default] - Resource [logback.xml] occurs at [jar:file:/home/nikitasokolov/flamestream/flamestream-runtime-1.0-SNAPSHOT.jar!/logback.xml]
05:15:36,368 |-INFO in ch.qos.logback.core.joran.spi.ConfigurationWatchList@6108b2d7 - URL [jar:file:/home/nikitasokolov/flamestream/lib/flamestream-runtime-1.0-SNAPSHOT.jar!/logback.xml] is not of type file
05:15:36,421 |-INFO in ch.qos.logback.classic.joran.action.ConfigurationAction - debug attribute not set
05:15:36,421 |-INFO in ch.qos.logback.core.joran.action.AppenderAction - About to instantiate appender of type [ch.qos.logback.core.ConsoleAppender]
05:15:36,433 |-INFO in ch.qos.logback.core.joran.action.AppenderAction - Naming appender as [STDOUT]
05:15:36,442 |-INFO in ch.qos.logback.core.joran.action.NestedComplexPropertyIA - Assuming default type [ch.qos.logback.classic.encoder.PatternLayoutEncoder] for [encoder] property
05:15:36,503 |-INFO in ch.qos.logback.core.joran.action.AppenderAction - About to instantiate appender of type [ch.qos.logback.core.rolling.RollingFileAppender]
05:15:36,509 |-INFO in ch.qos.logback.core.joran.action.AppenderAction - Naming appender as [FILE]
05:15:36,531 |-INFO in c.q.l.core.rolling.TimeBasedRollingPolicy@357863579 - No compression will be used
05:15:36,532 |-INFO in c.q.l.core.rolling.TimeBasedRollingPolicy@357863579 - Will use the pattern /tmp/application_%d{yyyy-MM-dd}.%i.log for the active file
05:15:36,535 |-INFO in ch.qos.logback.core.rolling.SizeAndTimeBasedFNATP@6bf256fa - The date pattern is 'yyyy-MM-dd' from file name pattern '/tmp/application_%d{yyyy-MM-dd}.%i.log'.
05:15:36,535 |-INFO in ch.qos.logback.core.rolling.SizeAndTimeBasedFNATP@6bf256fa - Roll-over at midnight.
05:15:36,539 |-INFO in ch.qos.logback.core.rolling.SizeAndTimeBasedFNATP@6bf256fa - Setting initial period to Sun Jun 09 05:14:58 MSK 2019
05:15:36,539 |-WARN in ch.qos.logback.core.rolling.SizeAndTimeBasedFNATP@6bf256fa - SizeAndTimeBasedFNATP is deprecated. Use SizeAndTimeBasedRollingPolicy instead
05:15:36,539 |-WARN in ch.qos.logback.core.rolling.SizeAndTimeBasedFNATP@6bf256fa - For more information see http://logback.qos.ch/manual/appenders.html#SizeAndTimeBasedRollingPolicy
05:15:36,543 |-INFO in ch.qos.logback.core.joran.action.NestedComplexPropertyIA - Assuming default type [ch.qos.logback.classic.encoder.PatternLayoutEncoder] for [encoder] property
05:15:36,545 |-INFO in ch.qos.logback.core.rolling.RollingFileAppender[FILE] - Active log file name: /tmp/application.log
05:15:36,545 |-INFO in ch.qos.logback.core.rolling.RollingFileAppender[FILE] - File property is set to [/tmp/application.log]
05:15:36,546 |-INFO in ch.qos.logback.classic.joran.action.RootLoggerAction - Setting level of ROOT logger to WARN
05:15:36,547 |-INFO in ch.qos.logback.core.joran.action.AppenderRefAction - Attaching appender named [STDOUT] to Logger[ROOT]
05:15:36,547 |-INFO in ch.qos.logback.core.joran.action.AppenderRefAction - Attaching appender named [FILE] to Logger[ROOT]
05:15:36,547 |-INFO in ch.qos.logback.classic.joran.action.ConfigurationAction - End of configuration.
05:15:36,548 |-INFO in ch.qos.logback.classic.joran.JoranConfigurator@6cd8737 - Registering current configuration as safe fallback point

2019-06-09T05:15:37.519+0300: 1.362: [GC (Metadata GC Threshold) [PSYoungGen: 110722K->15841K(149504K)] 110722K->15921K(491008K), 0.0211501 secs] [Times: user=0.05 sys=0.06, real=0.02 secs] 
2019-06-09T05:15:37.540+0300: 1.383: [Full GC (Metadata GC Threshold) [PSYoungGen: 15841K->0K(149504K)] [ParOldGen: 80K->15086K(341504K)] 15921K->15086K(491008K), [Metaspace: 20804K->20804K(1067008K)], 0.0259505 secs] [Times: user=0.14 sys=0.03, real=0.02 secs] 
05:15:49.282 [Curator-PathChildrenCache-1] WARN  o.a.c.u.ZKPaths  - The version of ZooKeeper being used doesn't support Container nodes. CreateMode.PERSISTENT will be used instead.
2019-06-09T05:15:50.330+0300: 14.173: [GC (Metadata GC Threshold) [PSYoungGen: 126536K->15933K(149504K)] 141623K->50559K(491008K), 0.0272498 secs] [Times: user=0.23 sys=0.01, real=0.02 secs] 
2019-06-09T05:15:50.357+0300: 14.200: [Full GC (Metadata GC Threshold) [PSYoungGen: 15933K->0K(149504K)] [ParOldGen: 34625K->39014K(341504K)] 50559K->39014K(491008K), [Metaspace: 34568K->34568K(1079296K)], 0.0452769 secs] [Times: user=0.29 sys=0.01, real=0.05 secs] 
2019-06-09T05:15:54.846+0300: 18.689: [GC (Allocation Failure) [PSYoungGen: 128512K->352K(149504K)] 167526K->39374K(491008K), 0.0036836 secs] [Times: user=0.02 sys=0.01, real=0.01 secs] 
2019-06-09T05:15:59.846+0300: 23.689: [GC (Allocation Failure) [PSYoungGen: 128864K->480K(149504K)] 167886K->39510K(491008K), 0.0045018 secs] [Times: user=0.02 sys=0.00, real=0.01 secs] 
2019-06-09T05:16:04.809+0300: 28.652: [GC (Allocation Failure) [PSYoungGen: 128992K->480K(129024K)] 168022K->39518K(470528K), 0.0646645 secs] [Times: user=0.00 sys=0.01, real=0.07 secs] 
2019-06-09T05:16:09.852+0300: 33.695: [GC (Allocation Failure) [PSYoungGen: 128992K->480K(150016K)] 168030K->39518K(491520K), 0.0032242 secs] [Times: user=0.01 sys=0.00, real=0.00 secs] 
2019-06-09T05:16:14.927+0300: 38.770: [GC (Allocation Failure) [PSYoungGen: 128992K->512K(148992K)] 168030K->39558K(490496K), 0.0059417 secs] [Times: user=0.03 sys=0.00, real=0.01 secs] 
2019-06-09T05:16:19.964+0300: 43.807: [GC (Allocation Failure) [PSYoungGen: 129024K->512K(151552K)] 168070K->39558K(493056K), 0.0755540 secs] [Times: user=0.01 sys=0.01, real=0.08 secs] 
2019-06-09T05:16:25.165+0300: 49.007: [GC (Allocation Failure) [PSYoungGen: 132608K->608K(151040K)] 171654K->39662K(492544K), 0.0835344 secs] [Times: user=0.01 sys=0.00, real=0.08 secs] 
2019-06-09T05:16:30.385+0300: 54.280: [GC (Allocation Failure) [PSYoungGen: 132704K->544K(153088K)] 171758K->39606K(494592K), 0.0552750 secs] [Times: user=0.02 sys=0.00, real=0.06 secs] 
2019-06-09T05:16:35.714+0300: 59.557: [GC (Allocation Failure) [PSYoungGen: 135712K->608K(152576K)] 174774K->39678K(494080K), 0.0023433 secs] [Times: user=0.01 sys=0.01, real=0.00 secs] 
2019-06-09T05:16:41.772+0300: 65.615: [GC (Allocation Failure) [PSYoungGen: 135776K->951K(155136K)] 174846K->40029K(496640K), 0.0047639 secs] [Times: user=0.02 sys=0.00, real=0.00 secs] 
2019-06-09T05:16:48.758+0300: 72.601: [GC (Allocation Failure) [PSYoungGen: 139703K->608K(154112K)] 178781K->39694K(495616K), 0.0029263 secs] [Times: user=0.01 sys=0.00, real=0.00 secs] 
2019-06-09T05:16:55.718+0300: 79.561: [GC (Allocation Failure) [PSYoungGen: 139360K->704K(156672K)] 178446K->39798K(498176K), 0.0033858 secs] [Times: user=0.02 sys=0.01, real=0.00 secs] 
2019-06-09T05:17:02.724+0300: 86.567: [GC (Allocation Failure) [PSYoungGen: 142528K->672K(155648K)] 181622K->39766K(497152K), 0.0034832 secs] [Times: user=0.02 sys=0.00, real=0.00 secs] 
05:17:15.067 [Curator-PathChildrenCache-0] ERROR o.a.c.f.r.c.PathChildrenCache  - 
java.lang.IllegalStateException: instance must be started before calling this method
	at org.apache.curator.shaded.com.google.common.base.Preconditions.checkState(Preconditions.java:444)
	at org.apache.curator.framework.imps.CuratorFrameworkImpl.getChildren(CuratorFrameworkImpl.java:456)
	at org.apache.curator.framework.recipes.cache.PathChildrenCache.refresh(PathChildrenCache.java:521)
	at org.apache.curator.framework.recipes.cache.RefreshOperation.invoke(RefreshOperation.java:35)
	at org.apache.curator.framework.recipes.cache.PathChildrenCache$9.run(PathChildrenCache.java:786)
	at java.util.concurrent.Executors$RunnableAdapter.call(Executors.java:511)
	at java.util.concurrent.FutureTask.run(FutureTask.java:266)
	at java.util.concurrent.Executors$RunnableAdapter.call(Executors.java:511)
	at java.util.concurrent.FutureTask.run(FutureTask.java:266)
	at java.util.concurrent.ThreadPoolExecutor.runWorker(ThreadPoolExecutor.java:1149)
	at java.util.concurrent.ThreadPoolExecutor$Worker.run(ThreadPoolExecutor.java:624)
	at java.lang.Thread.run(Thread.java:748)
Heap
 PSYoungGen      total 155648K, used 89425K [0x00000000f5980000, 0x0000000100000000, 0x0000000100000000)
  eden space 141824K, 62% used [0x00000000f5980000,0x00000000fb02c590,0x00000000fe400000)
  from space 13824K, 4% used [0x00000000fe400000,0x00000000fe4a8090,0x00000000ff180000)
  to   space 13312K, 0% used [0x00000000ff300000,0x00000000ff300000,0x0000000100000000)
 ParOldGen       total 341504K, used 39094K [0x00000000e0c00000, 0x00000000f5980000, 0x00000000f5980000)
  object space 341504K, 11% used [0x00000000e0c00000,0x00000000e322d900,0x00000000f5980000)
 Metaspace       used 36204K, capacity 37022K, committed 37208K, reserved 1081344K
  class space    used 4976K, capacity 5161K, committed 5248K, reserved 1048576K
