17:10:52,611 |-INFO in ch.qos.logback.classic.LoggerContext[default] - Could NOT find resource [logback-test.xml]
17:10:52,612 |-INFO in ch.qos.logback.classic.LoggerContext[default] - Could NOT find resource [logback.groovy]
17:10:52,612 |-INFO in ch.qos.logback.classic.LoggerContext[default] - Found resource [logback.xml] at [jar:file:/root/flamestream/lib/flamestream-runtime-1.0-SNAPSHOT.jar!/logback.xml]
17:10:52,612 |-WARN in ch.qos.logback.classic.LoggerContext[default] - Resource [logback.xml] occurs multiple times on the classpath.
17:10:52,612 |-WARN in ch.qos.logback.classic.LoggerContext[default] - Resource [logback.xml] occurs at [jar:file:/root/flamestream/lib/flamestream-runtime-1.0-SNAPSHOT.jar!/logback.xml]
17:10:52,612 |-WARN in ch.qos.logback.classic.LoggerContext[default] - Resource [logback.xml] occurs at [jar:file:/root/flamestream/flamestream-runtime-1.0-SNAPSHOT.jar!/logback.xml]
17:10:52,635 |-INFO in ch.qos.logback.core.joran.spi.ConfigurationWatchList@3fb6a447 - URL [jar:file:/root/flamestream/lib/flamestream-runtime-1.0-SNAPSHOT.jar!/logback.xml] is not of type file
17:10:52,709 |-INFO in ch.qos.logback.classic.joran.action.ConfigurationAction - debug attribute not set
17:10:52,710 |-INFO in ch.qos.logback.core.joran.action.AppenderAction - About to instantiate appender of type [ch.qos.logback.core.ConsoleAppender]
17:10:52,730 |-INFO in ch.qos.logback.core.joran.action.AppenderAction - Naming appender as [STDOUT]
17:10:52,748 |-INFO in ch.qos.logback.core.joran.action.NestedComplexPropertyIA - Assuming default type [ch.qos.logback.classic.encoder.PatternLayoutEncoder] for [encoder] property
17:10:52,832 |-INFO in ch.qos.logback.core.joran.action.AppenderAction - About to instantiate appender of type [ch.qos.logback.core.rolling.RollingFileAppender]
17:10:52,841 |-INFO in ch.qos.logback.core.joran.action.AppenderAction - Naming appender as [FILE]
17:10:52,872 |-INFO in c.q.l.core.rolling.TimeBasedRollingPolicy@127618319 - No compression will be used
17:10:52,873 |-INFO in c.q.l.core.rolling.TimeBasedRollingPolicy@127618319 - Will use the pattern /tmp/application_%d{yyyy-MM-dd}.%i.log for the active file
17:10:52,876 |-INFO in ch.qos.logback.core.rolling.SizeAndTimeBasedFNATP@6b2fad11 - The date pattern is 'yyyy-MM-dd' from file name pattern '/tmp/application_%d{yyyy-MM-dd}.%i.log'.
17:10:52,876 |-INFO in ch.qos.logback.core.rolling.SizeAndTimeBasedFNATP@6b2fad11 - Roll-over at midnight.
17:10:52,881 |-INFO in ch.qos.logback.core.rolling.SizeAndTimeBasedFNATP@6b2fad11 - Setting initial period to Mon Jun 10 17:09:25 UTC 2019
17:10:52,881 |-WARN in ch.qos.logback.core.rolling.SizeAndTimeBasedFNATP@6b2fad11 - SizeAndTimeBasedFNATP is deprecated. Use SizeAndTimeBasedRollingPolicy instead
17:10:52,881 |-WARN in ch.qos.logback.core.rolling.SizeAndTimeBasedFNATP@6b2fad11 - For more information see http://logback.qos.ch/manual/appenders.html#SizeAndTimeBasedRollingPolicy
17:10:52,885 |-INFO in ch.qos.logback.core.joran.action.NestedComplexPropertyIA - Assuming default type [ch.qos.logback.classic.encoder.PatternLayoutEncoder] for [encoder] property
17:10:52,890 |-INFO in ch.qos.logback.core.rolling.RollingFileAppender[FILE] - Active log file name: /tmp/application.log
17:10:52,890 |-INFO in ch.qos.logback.core.rolling.RollingFileAppender[FILE] - File property is set to [/tmp/application.log]
17:10:52,891 |-INFO in ch.qos.logback.classic.joran.action.RootLoggerAction - Setting level of ROOT logger to WARN
17:10:52,891 |-INFO in ch.qos.logback.core.joran.action.AppenderRefAction - Attaching appender named [STDOUT] to Logger[ROOT]
17:10:52,893 |-INFO in ch.qos.logback.core.joran.action.AppenderRefAction - Attaching appender named [FILE] to Logger[ROOT]
17:10:52,893 |-INFO in ch.qos.logback.classic.joran.action.ConfigurationAction - End of configuration.
17:10:52,893 |-INFO in ch.qos.logback.classic.joran.JoranConfigurator@79698539 - Registering current configuration as safe fallback point

Ama winner
Ama winner
2019-06-10T17:10:54.178+0000: 1.750: [Full GC (Metadata GC Threshold) 2019-06-10T17:10:54.178+0000: 1.750: [Tenured: 0K->15176K(341376K), 0.0363073 secs] 114957K->15176K(494976K), [Metaspace: 20725K->20725K(1067008K)], 0.0363713 secs] [Times: user=0.03 sys=0.01, real=0.03 secs] 
17:11:17.807 [Curator-PathChildrenCache-1] WARN  o.a.c.u.ZKPaths  - The version of ZooKeeper being used doesn't support Container nodes. CreateMode.PERSISTENT will be used instead.
2019-06-10T17:11:19.896+0000: 27.468: [GC (Allocation Failure) 2019-06-10T17:11:19.896+0000: 27.468: [DefNew: 136576K->17024K(153600K), 0.0262459 secs] 151752K->52679K(494976K), 0.0263122 secs] [Times: user=0.01 sys=0.01, real=0.03 secs] 
2019-06-10T17:11:21.529+0000: 29.101: [Full GC (Metadata GC Threshold) 2019-06-10T17:11:21.529+0000: 29.101: [Tenured: 35655K->44434K(341376K), 0.0518983 secs] 84455K->44434K(494976K), [Metaspace: 34605K->34605K(1079296K)], 0.0519688 secs] [Times: user=0.05 sys=0.01, real=0.05 secs] 
2019-06-10T17:11:28.467+0000: 36.039: [GC (Allocation Failure) 2019-06-10T17:11:28.467+0000: 36.039: [DefNew: 136576K->88K(153600K), 0.0020273 secs] 181010K->44523K(494976K), 0.0020843 secs] [Times: user=0.00 sys=0.00, real=0.00 secs] 
2019-06-10T17:11:35.473+0000: 43.045: [GC (Allocation Failure) 2019-06-10T17:11:35.473+0000: 43.045: [DefNew: 136664K->89K(153600K), 0.0018396 secs] 181099K->44523K(494976K), 0.0018944 secs] [Times: user=0.00 sys=0.00, real=0.00 secs] 
2019-06-10T17:11:42.498+0000: 50.070: [GC (Allocation Failure) 2019-06-10T17:11:42.498+0000: 50.070: [DefNew: 136665K->87K(153600K), 0.0017695 secs] 181099K->44522K(494976K), 0.0018285 secs] [Times: user=0.00 sys=0.00, real=0.00 secs] 
2019-06-10T17:11:49.567+0000: 57.139: [GC (Allocation Failure) 2019-06-10T17:11:49.567+0000: 57.139: [DefNew: 136663K->89K(153600K), 0.0018061 secs] 181098K->44524K(494976K), 0.0018638 secs] [Times: user=0.00 sys=0.00, real=0.00 secs] 
2019-06-10T17:11:56.778+0000: 64.351: [GC (Allocation Failure) 2019-06-10T17:11:56.779+0000: 64.351: [DefNew: 136665K->428K(153600K), 0.0024427 secs] 181100K->44862K(494976K), 0.0034278 secs] [Times: user=0.00 sys=0.00, real=0.00 secs] 
17:12:11.389 [Curator-PathChildrenCache-0] ERROR o.a.c.f.r.c.PathChildrenCache  - 
java.lang.IllegalStateException: instance must be started before calling this method
	at org.apache.curator.shaded.com.google.common.base.Preconditions.checkState(Preconditions.java:444)
	at org.apache.curator.framework.imps.CuratorFrameworkImpl.getChildren(CuratorFrameworkImpl.java:456)
	at org.apache.curator.framework.recipes.cache.PathChildrenCache.refresh(PathChildrenCache.java:521)
	at org.apache.curator.framework.recipes.cache.RefreshOperation.invoke(RefreshOperation.java:35)
	at org.apache.curator.framework.recipes.cache.PathChildrenCache$9.run(PathChildrenCache.java:786)
	at java.util.concurrent.Executors$RunnableAdapter.call(Executors.java:511)
	at java.util.concurrent.FutureTask.run(FutureTask.java:266)
	at java.util.concurrent.Executors$RunnableAdapter.call(Executors.java:511)
	at java.util.concurrent.FutureTask.run(FutureTask.java:266)
	at java.util.concurrent.ThreadPoolExecutor.runWorker(ThreadPoolExecutor.java:1149)
	at java.util.concurrent.ThreadPoolExecutor$Worker.run(ThreadPoolExecutor.java:624)
	at java.lang.Thread.run(Thread.java:748)
Heap
 def new generation   total 153600K, used 122951K [0x00000000e0c00000, 0x00000000eb2a0000, 0x00000000eb2a0000)
  eden space 136576K,  89% used [0x00000000e0c00000, 0x00000000e83a6c00, 0x00000000e9160000)
  from space 17024K,   2% used [0x00000000e9160000, 0x00000000e91cb098, 0x00000000ea200000)
  to   space 17024K,   0% used [0x00000000ea200000, 0x00000000ea200000, 0x00000000eb2a0000)
 tenured generation   total 341376K, used 44434K [0x00000000eb2a0000, 0x0000000100000000, 0x0000000100000000)
   the space 341376K,  13% used [0x00000000eb2a0000, 0x00000000ede04ae0, 0x00000000ede04c00, 0x0000000100000000)
 Metaspace       used 36326K, capacity 37266K, committed 37376K, reserved 1081344K
  class space    used 4871K, capacity 5077K, committed 5120K, reserved 1048576K
