05:21:58,664 |-INFO in ch.qos.logback.classic.LoggerContext[default] - Could NOT find resource [logback-test.xml]
05:21:58,664 |-INFO in ch.qos.logback.classic.LoggerContext[default] - Could NOT find resource [logback.groovy]
05:21:58,664 |-INFO in ch.qos.logback.classic.LoggerContext[default] - Found resource [logback.xml] at [jar:file:/root/flamestream/lib/flamestream-runtime-1.0-SNAPSHOT.jar!/logback.xml]
05:21:58,669 |-WARN in ch.qos.logback.classic.LoggerContext[default] - Resource [logback.xml] occurs multiple times on the classpath.
05:21:58,670 |-WARN in ch.qos.logback.classic.LoggerContext[default] - Resource [logback.xml] occurs at [jar:file:/root/flamestream/lib/flamestream-runtime-1.0-SNAPSHOT.jar!/logback.xml]
05:21:58,670 |-WARN in ch.qos.logback.classic.LoggerContext[default] - Resource [logback.xml] occurs at [jar:file:/root/flamestream/flamestream-runtime-1.0-SNAPSHOT.jar!/logback.xml]
05:21:58,688 |-INFO in ch.qos.logback.core.joran.spi.ConfigurationWatchList@3fb6a447 - URL [jar:file:/root/flamestream/lib/flamestream-runtime-1.0-SNAPSHOT.jar!/logback.xml] is not of type file
05:21:58,755 |-INFO in ch.qos.logback.classic.joran.action.ConfigurationAction - debug attribute not set
05:21:58,756 |-INFO in ch.qos.logback.core.joran.action.AppenderAction - About to instantiate appender of type [ch.qos.logback.core.ConsoleAppender]
05:21:58,773 |-INFO in ch.qos.logback.core.joran.action.AppenderAction - Naming appender as [STDOUT]
05:21:58,786 |-INFO in ch.qos.logback.core.joran.action.NestedComplexPropertyIA - Assuming default type [ch.qos.logback.classic.encoder.PatternLayoutEncoder] for [encoder] property
05:21:58,889 |-INFO in ch.qos.logback.core.joran.action.AppenderAction - About to instantiate appender of type [ch.qos.logback.core.rolling.RollingFileAppender]
05:21:58,900 |-INFO in ch.qos.logback.core.joran.action.AppenderAction - Naming appender as [FILE]
05:21:58,933 |-INFO in c.q.l.core.rolling.TimeBasedRollingPolicy@127618319 - No compression will be used
05:21:58,934 |-INFO in c.q.l.core.rolling.TimeBasedRollingPolicy@127618319 - Will use the pattern /tmp/application_%d{yyyy-MM-dd}.%i.log for the active file
05:21:58,937 |-INFO in ch.qos.logback.core.rolling.SizeAndTimeBasedFNATP@6b2fad11 - The date pattern is 'yyyy-MM-dd' from file name pattern '/tmp/application_%d{yyyy-MM-dd}.%i.log'.
05:21:58,937 |-INFO in ch.qos.logback.core.rolling.SizeAndTimeBasedFNATP@6b2fad11 - Roll-over at midnight.
05:21:58,942 |-INFO in ch.qos.logback.core.rolling.SizeAndTimeBasedFNATP@6b2fad11 - Setting initial period to Tue Jun 11 05:20:44 UTC 2019
05:21:58,942 |-WARN in ch.qos.logback.core.rolling.SizeAndTimeBasedFNATP@6b2fad11 - SizeAndTimeBasedFNATP is deprecated. Use SizeAndTimeBasedRollingPolicy instead
05:21:58,942 |-WARN in ch.qos.logback.core.rolling.SizeAndTimeBasedFNATP@6b2fad11 - For more information see http://logback.qos.ch/manual/appenders.html#SizeAndTimeBasedRollingPolicy
05:21:58,946 |-INFO in ch.qos.logback.core.joran.action.NestedComplexPropertyIA - Assuming default type [ch.qos.logback.classic.encoder.PatternLayoutEncoder] for [encoder] property
05:21:58,952 |-INFO in ch.qos.logback.core.rolling.RollingFileAppender[FILE] - Active log file name: /tmp/application.log
05:21:58,952 |-INFO in ch.qos.logback.core.rolling.RollingFileAppender[FILE] - File property is set to [/tmp/application.log]
05:21:58,952 |-INFO in ch.qos.logback.classic.joran.action.RootLoggerAction - Setting level of ROOT logger to WARN
05:21:58,952 |-INFO in ch.qos.logback.core.joran.action.AppenderRefAction - Attaching appender named [STDOUT] to Logger[ROOT]
05:21:58,954 |-INFO in ch.qos.logback.core.joran.action.AppenderRefAction - Attaching appender named [FILE] to Logger[ROOT]
05:21:58,955 |-INFO in ch.qos.logback.classic.joran.action.ConfigurationAction - End of configuration.
05:21:58,955 |-INFO in ch.qos.logback.classic.joran.JoranConfigurator@79698539 - Registering current configuration as safe fallback point

Ama winner
Ama winner
2019-06-11T05:22:00.280+0000: 1.801: [Full GC (Metadata GC Threshold) 2019-06-11T05:22:00.280+0000: 1.801: [Tenured: 0K->15144K(341376K), 0.0398813 secs] 114923K->15144K(494976K), [Metaspace: 20727K->20727K(1067008K)], 0.0399481 secs] [Times: user=0.04 sys=0.01, real=0.04 secs] 
05:22:17.570 [Curator-PathChildrenCache-2] WARN  o.a.c.u.ZKPaths  - The version of ZooKeeper being used doesn't support Container nodes. CreateMode.PERSISTENT will be used instead.
2019-06-11T05:22:19.895+0000: 21.415: [GC (Allocation Failure) 2019-06-11T05:22:19.895+0000: 21.416: [DefNew: 119927K->17023K(153600K), 0.0184708 secs] 135071K->33236K(494976K), 0.0185376 secs] [Times: user=0.00 sys=0.02, real=0.02 secs] 
2019-06-11T05:22:20.371+0000: 21.891: [Full GC (Metadata GC Threshold) 2019-06-11T05:22:20.371+0000: 21.892: [Tenured: 16212K->44464K(341376K), 0.0523485 secs] 70810K->44464K(494976K), [Metaspace: 34540K->34540K(1079296K)], 0.0524271 secs] [Times: user=0.04 sys=0.01, real=0.05 secs] 
2019-06-11T05:22:23.497+0000: 25.018: [GC (Allocation Failure) 2019-06-11T05:22:23.497+0000: 25.018: [DefNew: 136576K->189K(153600K), 0.0021685 secs] 181040K->44653K(494976K), 0.0022382 secs] [Times: user=0.00 sys=0.00, real=0.00 secs] 
2019-06-11T05:22:26.339+0000: 27.860: [GC (Allocation Failure) 2019-06-11T05:22:26.339+0000: 27.860: [DefNew: 136765K->200K(153600K), 0.0020460 secs] 181229K->44664K(494976K), 0.0021040 secs] [Times: user=0.01 sys=0.00, real=0.00 secs] 
2019-06-11T05:22:29.228+0000: 30.748: [GC (Allocation Failure) 2019-06-11T05:22:29.228+0000: 30.749: [DefNew: 136776K->205K(153600K), 0.0022199 secs] 181240K->44669K(494976K), 0.0022771 secs] [Times: user=0.00 sys=0.00, real=0.01 secs] 
2019-06-11T05:22:32.093+0000: 33.614: [GC (Allocation Failure) 2019-06-11T05:22:32.094+0000: 33.614: [DefNew: 136781K->201K(153600K), 0.0020656 secs] 181245K->44665K(494976K), 0.0021241 secs] [Times: user=0.00 sys=0.00, real=0.00 secs] 
2019-06-11T05:22:34.994+0000: 36.514: [GC (Allocation Failure) 2019-06-11T05:22:34.994+0000: 36.514: [DefNew: 136777K->212K(153600K), 0.0022661 secs] 181241K->44677K(494976K), 0.0023279 secs] [Times: user=0.00 sys=0.00, real=0.00 secs] 
2019-06-11T05:22:37.900+0000: 39.420: [GC (Allocation Failure) 2019-06-11T05:22:37.900+0000: 39.420: [DefNew: 136788K->204K(153600K), 0.0020482 secs] 181253K->44668K(494976K), 0.0021103 secs] [Times: user=0.01 sys=0.00, real=0.00 secs] 
2019-06-11T05:22:40.812+0000: 42.333: [GC (Allocation Failure) 2019-06-11T05:22:40.812+0000: 42.333: [DefNew: 136780K->201K(153600K), 0.0020792 secs] 181244K->44666K(494976K), 0.0021419 secs] [Times: user=0.00 sys=0.00, real=0.00 secs] 
2019-06-11T05:22:43.739+0000: 45.260: [GC (Allocation Failure) 2019-06-11T05:22:43.739+0000: 45.260: [DefNew: 136777K->203K(153600K), 0.0021414 secs] 181242K->44668K(494976K), 0.0021989 secs] [Times: user=0.00 sys=0.00, real=0.00 secs] 
05:22:50.568 [Curator-PathChildrenCache-0] ERROR o.a.c.f.r.c.PathChildrenCache  - 
java.lang.IllegalStateException: instance must be started before calling this method
	at org.apache.curator.shaded.com.google.common.base.Preconditions.checkState(Preconditions.java:444)
	at org.apache.curator.framework.imps.CuratorFrameworkImpl.getChildren(CuratorFrameworkImpl.java:456)
	at org.apache.curator.framework.recipes.cache.PathChildrenCache.refresh(PathChildrenCache.java:521)
	at org.apache.curator.framework.recipes.cache.RefreshOperation.invoke(RefreshOperation.java:35)
	at org.apache.curator.framework.recipes.cache.PathChildrenCache$9.run(PathChildrenCache.java:786)
	at java.util.concurrent.Executors$RunnableAdapter.call(Executors.java:511)
	at java.util.concurrent.FutureTask.run(FutureTask.java:266)
	at java.util.concurrent.Executors$RunnableAdapter.call(Executors.java:511)
	at java.util.concurrent.FutureTask.run(FutureTask.java:266)
	at java.util.concurrent.ThreadPoolExecutor.runWorker(ThreadPoolExecutor.java:1149)
	at java.util.concurrent.ThreadPoolExecutor$Worker.run(ThreadPoolExecutor.java:624)
	at java.lang.Thread.run(Thread.java:748)
Heap
 def new generation   total 153600K, used 99432K [0x00000000e0c00000, 0x00000000eb2a0000, 0x00000000eb2a0000)
  eden space 136576K,  72% used [0x00000000e0c00000, 0x00000000e6ce7170, 0x00000000e9160000)
  from space 17024K,   1% used [0x00000000ea200000, 0x00000000ea232ea8, 0x00000000eb2a0000)
  to   space 17024K,   0% used [0x00000000e9160000, 0x00000000e9160000, 0x00000000ea200000)
 tenured generation   total 341376K, used 44464K [0x00000000eb2a0000, 0x0000000100000000, 0x0000000100000000)
   the space 341376K,  13% used [0x00000000eb2a0000, 0x00000000ede0c1d8, 0x00000000ede0c200, 0x0000000100000000)
 Metaspace       used 36011K, capacity 36974K, committed 37120K, reserved 1081344K
  class space    used 4873K, capacity 5067K, committed 5120K, reserved 1048576K
