05:50:51,524 |-INFO in ch.qos.logback.classic.LoggerContext[default] - Could NOT find resource [logback-test.xml]
05:50:51,524 |-INFO in ch.qos.logback.classic.LoggerContext[default] - Could NOT find resource [logback.groovy]
05:50:51,524 |-INFO in ch.qos.logback.classic.LoggerContext[default] - Found resource [logback.xml] at [jar:file:/root/flamestream/lib/flamestream-runtime-1.0-SNAPSHOT.jar!/logback.xml]
05:50:51,524 |-WARN in ch.qos.logback.classic.LoggerContext[default] - Resource [logback.xml] occurs multiple times on the classpath.
05:50:51,525 |-WARN in ch.qos.logback.classic.LoggerContext[default] - Resource [logback.xml] occurs at [jar:file:/root/flamestream/lib/flamestream-runtime-1.0-SNAPSHOT.jar!/logback.xml]
05:50:51,525 |-WARN in ch.qos.logback.classic.LoggerContext[default] - Resource [logback.xml] occurs at [jar:file:/root/flamestream/flamestream-runtime-1.0-SNAPSHOT.jar!/logback.xml]
05:50:51,549 |-INFO in ch.qos.logback.core.joran.spi.ConfigurationWatchList@3fb6a447 - URL [jar:file:/root/flamestream/lib/flamestream-runtime-1.0-SNAPSHOT.jar!/logback.xml] is not of type file
05:50:51,621 |-INFO in ch.qos.logback.classic.joran.action.ConfigurationAction - debug attribute not set
05:50:51,622 |-INFO in ch.qos.logback.core.joran.action.AppenderAction - About to instantiate appender of type [ch.qos.logback.core.ConsoleAppender]
05:50:51,640 |-INFO in ch.qos.logback.core.joran.action.AppenderAction - Naming appender as [STDOUT]
05:50:51,657 |-INFO in ch.qos.logback.core.joran.action.NestedComplexPropertyIA - Assuming default type [ch.qos.logback.classic.encoder.PatternLayoutEncoder] for [encoder] property
05:50:51,747 |-INFO in ch.qos.logback.core.joran.action.AppenderAction - About to instantiate appender of type [ch.qos.logback.core.rolling.RollingFileAppender]
05:50:51,752 |-INFO in ch.qos.logback.core.joran.action.AppenderAction - Naming appender as [FILE]
05:50:51,783 |-INFO in c.q.l.core.rolling.TimeBasedRollingPolicy@127618319 - No compression will be used
05:50:51,785 |-INFO in c.q.l.core.rolling.TimeBasedRollingPolicy@127618319 - Will use the pattern /tmp/application_%d{yyyy-MM-dd}.%i.log for the active file
05:50:51,788 |-INFO in ch.qos.logback.core.rolling.SizeAndTimeBasedFNATP@6b2fad11 - The date pattern is 'yyyy-MM-dd' from file name pattern '/tmp/application_%d{yyyy-MM-dd}.%i.log'.
05:50:51,788 |-INFO in ch.qos.logback.core.rolling.SizeAndTimeBasedFNATP@6b2fad11 - Roll-over at midnight.
05:50:51,793 |-INFO in ch.qos.logback.core.rolling.SizeAndTimeBasedFNATP@6b2fad11 - Setting initial period to Tue Jun 11 05:49:32 UTC 2019
05:50:51,793 |-WARN in ch.qos.logback.core.rolling.SizeAndTimeBasedFNATP@6b2fad11 - SizeAndTimeBasedFNATP is deprecated. Use SizeAndTimeBasedRollingPolicy instead
05:50:51,793 |-WARN in ch.qos.logback.core.rolling.SizeAndTimeBasedFNATP@6b2fad11 - For more information see http://logback.qos.ch/manual/appenders.html#SizeAndTimeBasedRollingPolicy
05:50:51,797 |-INFO in ch.qos.logback.core.joran.action.NestedComplexPropertyIA - Assuming default type [ch.qos.logback.classic.encoder.PatternLayoutEncoder] for [encoder] property
05:50:51,802 |-INFO in ch.qos.logback.core.rolling.RollingFileAppender[FILE] - Active log file name: /tmp/application.log
05:50:51,802 |-INFO in ch.qos.logback.core.rolling.RollingFileAppender[FILE] - File property is set to [/tmp/application.log]
05:50:51,803 |-INFO in ch.qos.logback.classic.joran.action.RootLoggerAction - Setting level of ROOT logger to WARN
05:50:51,803 |-INFO in ch.qos.logback.core.joran.action.AppenderRefAction - Attaching appender named [STDOUT] to Logger[ROOT]
05:50:51,805 |-INFO in ch.qos.logback.core.joran.action.AppenderRefAction - Attaching appender named [FILE] to Logger[ROOT]
05:50:51,805 |-INFO in ch.qos.logback.classic.joran.action.ConfigurationAction - End of configuration.
05:50:51,805 |-INFO in ch.qos.logback.classic.joran.JoranConfigurator@79698539 - Registering current configuration as safe fallback point

Ama winner
Ama winner
2019-06-11T05:50:53.090+0000: 1.749: [Full GC (Metadata GC Threshold) 2019-06-11T05:50:53.090+0000: 1.749: [Tenured: 0K->15242K(341376K), 0.0360538 secs] 114923K->15242K(494976K), [Metaspace: 20734K->20734K(1067008K)], 0.0361356 secs] [Times: user=0.03 sys=0.00, real=0.04 secs] 
05:51:14.434 [Curator-PathChildrenCache-1] WARN  o.a.c.u.ZKPaths  - The version of ZooKeeper being used doesn't support Container nodes. CreateMode.PERSISTENT will be used instead.
2019-06-11T05:51:16.811+0000: 25.471: [GC (Allocation Failure) 2019-06-11T05:51:16.811+0000: 25.471: [DefNew: 136576K->17023K(153600K), 0.0354630 secs] 151818K->52789K(494976K), 0.0355336 secs] [Times: user=0.03 sys=0.01, real=0.04 secs] 
2019-06-11T05:51:21.013+0000: 29.673: [Full GC (Metadata GC Threshold) 2019-06-11T05:51:21.013+0000: 29.673: [Tenured: 35765K->44385K(341376K), 0.0565441 secs] 144348K->44385K(494976K), [Metaspace: 34607K->34607K(1079296K)], 0.0566159 secs] [Times: user=0.06 sys=0.00, real=0.06 secs] 
2019-06-11T05:51:27.427+0000: 36.087: [GC (Allocation Failure) 2019-06-11T05:51:27.427+0000: 36.087: [DefNew: 136576K->65K(153600K), 0.0018419 secs] 180961K->44450K(494976K), 0.0018996 secs] [Times: user=0.00 sys=0.00, real=0.00 secs] 
2019-06-11T05:51:33.963+0000: 42.623: [GC (Allocation Failure) 2019-06-11T05:51:33.963+0000: 42.623: [DefNew: 136641K->69K(153600K), 0.0017109 secs] 181026K->44455K(494976K), 0.0017645 secs] [Times: user=0.00 sys=0.00, real=0.00 secs] 
2019-06-11T05:51:40.519+0000: 49.178: [GC (Allocation Failure) 2019-06-11T05:51:40.519+0000: 49.178: [DefNew: 136645K->76K(153600K), 0.0017820 secs] 181031K->44461K(494976K), 0.0018386 secs] [Times: user=0.00 sys=0.00, real=0.00 secs] 
2019-06-11T05:51:47.096+0000: 55.756: [GC (Allocation Failure) 2019-06-11T05:51:47.096+0000: 55.756: [DefNew: 136652K->70K(153600K), 0.0017792 secs] 181037K->44455K(494976K), 0.0018442 secs] [Times: user=0.00 sys=0.00, real=0.01 secs] 
2019-06-11T05:51:54.929+0000: 63.589: [GC (Allocation Failure) 2019-06-11T05:51:54.929+0000: 63.589: [DefNew: 136646K->356K(153600K), 0.0022200 secs] 181031K->44742K(494976K), 0.0022805 secs] [Times: user=0.00 sys=0.00, real=0.00 secs] 
05:52:00.401 [Curator-PathChildrenCache-0] ERROR o.a.c.f.r.c.PathChildrenCache  - 
java.lang.IllegalStateException: instance must be started before calling this method
	at org.apache.curator.shaded.com.google.common.base.Preconditions.checkState(Preconditions.java:444)
	at org.apache.curator.framework.imps.CuratorFrameworkImpl.getChildren(CuratorFrameworkImpl.java:456)
	at org.apache.curator.framework.recipes.cache.PathChildrenCache.refresh(PathChildrenCache.java:521)
	at org.apache.curator.framework.recipes.cache.RefreshOperation.invoke(RefreshOperation.java:35)
	at org.apache.curator.framework.recipes.cache.PathChildrenCache$9.run(PathChildrenCache.java:786)
	at java.util.concurrent.Executors$RunnableAdapter.call(Executors.java:511)
	at java.util.concurrent.FutureTask.run(FutureTask.java:266)
	at java.util.concurrent.Executors$RunnableAdapter.call(Executors.java:511)
	at java.util.concurrent.FutureTask.run(FutureTask.java:266)
	at java.util.concurrent.ThreadPoolExecutor.runWorker(ThreadPoolExecutor.java:1149)
	at java.util.concurrent.ThreadPoolExecutor$Worker.run(ThreadPoolExecutor.java:624)
	at java.lang.Thread.run(Thread.java:748)
Heap
 def new generation   total 153600K, used 44094K [0x00000000e0c00000, 0x00000000eb2a0000, 0x00000000eb2a0000)
  eden space 136576K,  32% used [0x00000000e0c00000, 0x00000000e36b6548, 0x00000000e9160000)
  from space 17024K,   2% used [0x00000000e9160000, 0x00000000e91b9340, 0x00000000ea200000)
  to   space 17024K,   0% used [0x00000000ea200000, 0x00000000ea200000, 0x00000000eb2a0000)
 tenured generation   total 341376K, used 44385K [0x00000000eb2a0000, 0x0000000100000000, 0x0000000100000000)
   the space 341376K,  13% used [0x00000000eb2a0000, 0x00000000eddf8708, 0x00000000eddf8800, 0x0000000100000000)
 Metaspace       used 36169K, capacity 37068K, committed 37376K, reserved 1081344K
  class space    used 4860K, capacity 5076K, committed 5120K, reserved 1048576K
