07:09:14,063 |-INFO in ch.qos.logback.classic.LoggerContext[default] - Could NOT find resource [logback-test.xml]
07:09:14,063 |-INFO in ch.qos.logback.classic.LoggerContext[default] - Could NOT find resource [logback.groovy]
07:09:14,063 |-INFO in ch.qos.logback.classic.LoggerContext[default] - Found resource [logback.xml] at [jar:file:/home/nikitasokolov/flamestream/lib/flamestream-runtime-1.0-SNAPSHOT.jar!/logback.xml]
07:09:14,064 |-WARN in ch.qos.logback.classic.LoggerContext[default] - Resource [logback.xml] occurs multiple times on the classpath.
07:09:14,064 |-WARN in ch.qos.logback.classic.LoggerContext[default] - Resource [logback.xml] occurs at [jar:file:/home/nikitasokolov/flamestream/lib/flamestream-runtime-1.0-SNAPSHOT.jar!/logback.xml]
07:09:14,064 |-WARN in ch.qos.logback.classic.LoggerContext[default] - Resource [logback.xml] occurs at [jar:file:/home/nikitasokolov/flamestream/flamestream-runtime-1.0-SNAPSHOT.jar!/logback.xml]
07:09:14,080 |-INFO in ch.qos.logback.core.joran.spi.ConfigurationWatchList@6108b2d7 - URL [jar:file:/home/nikitasokolov/flamestream/lib/flamestream-runtime-1.0-SNAPSHOT.jar!/logback.xml] is not of type file
07:09:14,130 |-INFO in ch.qos.logback.classic.joran.action.ConfigurationAction - debug attribute not set
07:09:14,130 |-INFO in ch.qos.logback.core.joran.action.AppenderAction - About to instantiate appender of type [ch.qos.logback.core.ConsoleAppender]
07:09:14,138 |-INFO in ch.qos.logback.core.joran.action.AppenderAction - Naming appender as [STDOUT]
07:09:14,146 |-INFO in ch.qos.logback.core.joran.action.NestedComplexPropertyIA - Assuming default type [ch.qos.logback.classic.encoder.PatternLayoutEncoder] for [encoder] property
07:09:14,198 |-INFO in ch.qos.logback.core.joran.action.AppenderAction - About to instantiate appender of type [ch.qos.logback.core.rolling.RollingFileAppender]
07:09:14,203 |-INFO in ch.qos.logback.core.joran.action.AppenderAction - Naming appender as [FILE]
07:09:14,224 |-INFO in c.q.l.core.rolling.TimeBasedRollingPolicy@357863579 - No compression will be used
07:09:14,226 |-INFO in c.q.l.core.rolling.TimeBasedRollingPolicy@357863579 - Will use the pattern /tmp/application_%d{yyyy-MM-dd}.%i.log for the active file
07:09:14,228 |-INFO in ch.qos.logback.core.rolling.SizeAndTimeBasedFNATP@6bf256fa - The date pattern is 'yyyy-MM-dd' from file name pattern '/tmp/application_%d{yyyy-MM-dd}.%i.log'.
07:09:14,228 |-INFO in ch.qos.logback.core.rolling.SizeAndTimeBasedFNATP@6bf256fa - Roll-over at midnight.
07:09:14,232 |-INFO in ch.qos.logback.core.rolling.SizeAndTimeBasedFNATP@6bf256fa - Setting initial period to Sun Jun 09 07:08:25 MSK 2019
07:09:14,232 |-WARN in ch.qos.logback.core.rolling.SizeAndTimeBasedFNATP@6bf256fa - SizeAndTimeBasedFNATP is deprecated. Use SizeAndTimeBasedRollingPolicy instead
07:09:14,232 |-WARN in ch.qos.logback.core.rolling.SizeAndTimeBasedFNATP@6bf256fa - For more information see http://logback.qos.ch/manual/appenders.html#SizeAndTimeBasedRollingPolicy
07:09:14,237 |-INFO in ch.qos.logback.core.joran.action.NestedComplexPropertyIA - Assuming default type [ch.qos.logback.classic.encoder.PatternLayoutEncoder] for [encoder] property
07:09:14,239 |-INFO in ch.qos.logback.core.rolling.RollingFileAppender[FILE] - Active log file name: /tmp/application.log
07:09:14,239 |-INFO in ch.qos.logback.core.rolling.RollingFileAppender[FILE] - File property is set to [/tmp/application.log]
07:09:14,240 |-INFO in ch.qos.logback.classic.joran.action.RootLoggerAction - Setting level of ROOT logger to WARN
07:09:14,240 |-INFO in ch.qos.logback.core.joran.action.AppenderRefAction - Attaching appender named [STDOUT] to Logger[ROOT]
07:09:14,241 |-INFO in ch.qos.logback.core.joran.action.AppenderRefAction - Attaching appender named [FILE] to Logger[ROOT]
07:09:14,241 |-INFO in ch.qos.logback.classic.joran.action.ConfigurationAction - End of configuration.
07:09:14,241 |-INFO in ch.qos.logback.classic.joran.JoranConfigurator@6cd8737 - Registering current configuration as safe fallback point

2019-06-09T07:09:15.207+0300: 1.332: [GC (Metadata GC Threshold) [PSYoungGen: 110722K->15971K(149504K)] 110722K->16051K(491008K), 0.0279762 secs] [Times: user=0.08 sys=0.03, real=0.03 secs] 
2019-06-09T07:09:15.235+0300: 1.360: [Full GC (Metadata GC Threshold) [PSYoungGen: 15971K->0K(149504K)] [ParOldGen: 80K->15128K(341504K)] 16051K->15128K(491008K), [Metaspace: 20802K->20802K(1067008K)], 0.0295306 secs] [Times: user=0.20 sys=0.00, real=0.03 secs] 
07:09:23.287 [Curator-PathChildrenCache-1] WARN  o.a.c.u.ZKPaths  - The version of ZooKeeper being used doesn't support Container nodes. CreateMode.PERSISTENT will be used instead.
2019-06-09T07:09:24.224+0300: 10.350: [GC (Metadata GC Threshold) [PSYoungGen: 125895K->20971K(149504K)] 141023K->49852K(491008K), 0.0285923 secs] [Times: user=0.21 sys=0.04, real=0.03 secs] 
2019-06-09T07:09:24.253+0300: 10.379: [Full GC (Metadata GC Threshold) [PSYoungGen: 20971K->0K(149504K)] [ParOldGen: 28880K->38836K(341504K)] 49852K->38836K(491008K), [Metaspace: 34563K->34563K(1079296K)], 0.0492738 secs] [Times: user=0.19 sys=0.03, real=0.05 secs] 
2019-06-09T07:09:25.946+0300: 12.072: [GC (Allocation Failure) [PSYoungGen: 128512K->416K(149504K)] 167348K->39260K(491008K), 0.0033616 secs] [Times: user=0.01 sys=0.01, real=0.01 secs] 
2019-06-09T07:09:27.860+0300: 13.986: [GC (Allocation Failure) [PSYoungGen: 128928K->480K(149504K)] 167772K->39332K(491008K), 0.0051875 secs] [Times: user=0.05 sys=0.00, real=0.00 secs] 
2019-06-09T07:09:29.875+0300: 16.001: [GC (Allocation Failure) [PSYoungGen: 128992K->416K(129024K)] 167844K->39268K(470528K), 0.0043272 secs] [Times: user=0.02 sys=0.00, real=0.01 secs] 
2019-06-09T07:09:31.885+0300: 18.011: [GC (Allocation Failure) [PSYoungGen: 128928K->512K(133120K)] 167780K->39364K(474624K), 0.0035528 secs] [Times: user=0.01 sys=0.00, real=0.00 secs] 
2019-06-09T07:09:33.370+0300: 19.496: [GC (Allocation Failure) [PSYoungGen: 93696K->480K(130560K)] 132548K->39332K(472064K), 0.0030905 secs] [Times: user=0.01 sys=0.01, real=0.00 secs] 
2019-06-09T07:09:34.834+0300: 20.959: [GC (Allocation Failure) [PSYoungGen: 93664K->512K(136704K)] 132516K->39364K(478208K), 0.0028825 secs] [Times: user=0.01 sys=0.00, real=0.00 secs] 
2019-06-09T07:09:36.439+0300: 22.565: [GC (Allocation Failure) [PSYoungGen: 101888K->544K(135168K)] 140740K->39396K(476672K), 0.0030676 secs] [Times: user=0.01 sys=0.00, real=0.00 secs] 
2019-06-09T07:09:38.017+0300: 24.143: [GC (Allocation Failure) [PSYoungGen: 101920K->512K(140288K)] 140772K->39372K(481792K), 0.0050863 secs] [Times: user=0.04 sys=0.00, real=0.01 secs] 
2019-06-09T07:09:39.731+0300: 25.857: [GC (Allocation Failure) [PSYoungGen: 109056K->544K(138752K)] 147916K->39412K(480256K), 0.0038678 secs] [Times: user=0.01 sys=0.01, real=0.00 secs] 
2019-06-09T07:09:41.449+0300: 27.575: [GC (Allocation Failure) [PSYoungGen: 109088K->512K(143360K)] 147956K->39388K(484864K), 0.1576820 secs] [Times: user=0.02 sys=0.00, real=0.16 secs] 
2019-06-09T07:09:43.250+0300: 29.375: [GC (Allocation Failure) [PSYoungGen: 115200K->512K(141824K)] 154076K->39396K(483328K), 0.0029312 secs] [Times: user=0.01 sys=0.00, real=0.00 secs] 
2019-06-09T07:09:45.045+0300: 31.171: [GC (Allocation Failure) [PSYoungGen: 115200K->480K(146432K)] 154084K->39372K(487936K), 0.0026667 secs] [Times: user=0.01 sys=0.00, real=0.00 secs] 
2019-06-09T07:09:46.943+0300: 33.068: [GC (Allocation Failure) [PSYoungGen: 121312K->512K(144896K)] 160204K->39404K(486400K), 0.0035513 secs] [Times: user=0.02 sys=0.00, real=0.00 secs] 
2019-06-09T07:09:48.838+0300: 34.964: [GC (Allocation Failure) [PSYoungGen: 121344K->512K(148992K)] 160236K->39404K(490496K), 0.0030286 secs] [Times: user=0.01 sys=0.00, real=0.00 secs] 
2019-06-09T07:09:50.854+0300: 36.979: [GC (Allocation Failure) [PSYoungGen: 126976K->448K(147968K)] 165868K->39340K(489472K), 0.0111661 secs] [Times: user=0.09 sys=0.01, real=0.01 secs] 
07:10:01.972 [Curator-PathChildrenCache-0] ERROR o.a.c.f.r.c.PathChildrenCache  - 
java.lang.IllegalStateException: instance must be started before calling this method
	at org.apache.curator.shaded.com.google.common.base.Preconditions.checkState(Preconditions.java:444)
	at org.apache.curator.framework.imps.CuratorFrameworkImpl.getChildren(CuratorFrameworkImpl.java:456)
	at org.apache.curator.framework.recipes.cache.PathChildrenCache.refresh(PathChildrenCache.java:521)
	at org.apache.curator.framework.recipes.cache.RefreshOperation.invoke(RefreshOperation.java:35)
	at org.apache.curator.framework.recipes.cache.PathChildrenCache$9.run(PathChildrenCache.java:786)
	at java.util.concurrent.Executors$RunnableAdapter.call(Executors.java:511)
	at java.util.concurrent.FutureTask.run(FutureTask.java:266)
	at java.util.concurrent.Executors$RunnableAdapter.call(Executors.java:511)
	at java.util.concurrent.FutureTask.run(FutureTask.java:266)
	at java.util.concurrent.ThreadPoolExecutor.runWorker(ThreadPoolExecutor.java:1149)
	at java.util.concurrent.ThreadPoolExecutor$Worker.run(ThreadPoolExecutor.java:624)
	at java.lang.Thread.run(Thread.java:748)
Heap
 PSYoungGen      total 147968K, used 111499K [0x00000000f5980000, 0x0000000100000000, 0x0000000100000000)
  eden space 126464K, 87% used [0x00000000f5980000,0x00000000fc5f2d58,0x00000000fd500000)
  from space 21504K, 2% used [0x00000000fd500000,0x00000000fd570010,0x00000000fea00000)
  to   space 19968K, 0% used [0x00000000fec80000,0x00000000fec80000,0x0000000100000000)
 ParOldGen       total 341504K, used 38892K [0x00000000e0c00000, 0x00000000f5980000, 0x00000000f5980000)
  object space 341504K, 11% used [0x00000000e0c00000,0x00000000e31fb328,0x00000000f5980000)
 Metaspace       used 35750K, capacity 36606K, committed 36952K, reserved 1081344K
  class space    used 4936K, capacity 5129K, committed 5248K, reserved 1048576K
