08:20:38,708 |-INFO in ch.qos.logback.classic.LoggerContext[default] - Could NOT find resource [logback-test.xml]
08:20:38,708 |-INFO in ch.qos.logback.classic.LoggerContext[default] - Could NOT find resource [logback.groovy]
08:20:38,708 |-INFO in ch.qos.logback.classic.LoggerContext[default] - Found resource [logback.xml] at [jar:file:/root/flamestream/lib/flamestream-runtime-1.0-SNAPSHOT.jar!/logback.xml]
08:20:38,708 |-WARN in ch.qos.logback.classic.LoggerContext[default] - Resource [logback.xml] occurs multiple times on the classpath.
08:20:38,708 |-WARN in ch.qos.logback.classic.LoggerContext[default] - Resource [logback.xml] occurs at [jar:file:/root/flamestream/lib/flamestream-runtime-1.0-SNAPSHOT.jar!/logback.xml]
08:20:38,708 |-WARN in ch.qos.logback.classic.LoggerContext[default] - Resource [logback.xml] occurs at [jar:file:/root/flamestream/flamestream-runtime-1.0-SNAPSHOT.jar!/logback.xml]
08:20:38,732 |-INFO in ch.qos.logback.core.joran.spi.ConfigurationWatchList@3fb6a447 - URL [jar:file:/root/flamestream/lib/flamestream-runtime-1.0-SNAPSHOT.jar!/logback.xml] is not of type file
08:20:38,805 |-INFO in ch.qos.logback.classic.joran.action.ConfigurationAction - debug attribute not set
08:20:38,805 |-INFO in ch.qos.logback.core.joran.action.AppenderAction - About to instantiate appender of type [ch.qos.logback.core.ConsoleAppender]
08:20:38,825 |-INFO in ch.qos.logback.core.joran.action.AppenderAction - Naming appender as [STDOUT]
08:20:38,843 |-INFO in ch.qos.logback.core.joran.action.NestedComplexPropertyIA - Assuming default type [ch.qos.logback.classic.encoder.PatternLayoutEncoder] for [encoder] property
08:20:38,925 |-INFO in ch.qos.logback.core.joran.action.AppenderAction - About to instantiate appender of type [ch.qos.logback.core.rolling.RollingFileAppender]
08:20:38,930 |-INFO in ch.qos.logback.core.joran.action.AppenderAction - Naming appender as [FILE]
08:20:38,962 |-INFO in c.q.l.core.rolling.TimeBasedRollingPolicy@127618319 - No compression will be used
08:20:38,963 |-INFO in c.q.l.core.rolling.TimeBasedRollingPolicy@127618319 - Will use the pattern /tmp/application_%d{yyyy-MM-dd}.%i.log for the active file
08:20:38,966 |-INFO in ch.qos.logback.core.rolling.SizeAndTimeBasedFNATP@6b2fad11 - The date pattern is 'yyyy-MM-dd' from file name pattern '/tmp/application_%d{yyyy-MM-dd}.%i.log'.
08:20:38,966 |-INFO in ch.qos.logback.core.rolling.SizeAndTimeBasedFNATP@6b2fad11 - Roll-over at midnight.
08:20:38,972 |-INFO in ch.qos.logback.core.rolling.SizeAndTimeBasedFNATP@6b2fad11 - Setting initial period to Tue Jun 11 08:19:21 UTC 2019
08:20:38,972 |-WARN in ch.qos.logback.core.rolling.SizeAndTimeBasedFNATP@6b2fad11 - SizeAndTimeBasedFNATP is deprecated. Use SizeAndTimeBasedRollingPolicy instead
08:20:38,972 |-WARN in ch.qos.logback.core.rolling.SizeAndTimeBasedFNATP@6b2fad11 - For more information see http://logback.qos.ch/manual/appenders.html#SizeAndTimeBasedRollingPolicy
08:20:38,976 |-INFO in ch.qos.logback.core.joran.action.NestedComplexPropertyIA - Assuming default type [ch.qos.logback.classic.encoder.PatternLayoutEncoder] for [encoder] property
08:20:38,980 |-INFO in ch.qos.logback.core.rolling.RollingFileAppender[FILE] - Active log file name: /tmp/application.log
08:20:38,980 |-INFO in ch.qos.logback.core.rolling.RollingFileAppender[FILE] - File property is set to [/tmp/application.log]
08:20:38,981 |-INFO in ch.qos.logback.classic.joran.action.RootLoggerAction - Setting level of ROOT logger to WARN
08:20:38,981 |-INFO in ch.qos.logback.core.joran.action.AppenderRefAction - Attaching appender named [STDOUT] to Logger[ROOT]
08:20:38,983 |-INFO in ch.qos.logback.core.joran.action.AppenderRefAction - Attaching appender named [FILE] to Logger[ROOT]
08:20:38,983 |-INFO in ch.qos.logback.classic.joran.action.ConfigurationAction - End of configuration.
08:20:38,984 |-INFO in ch.qos.logback.classic.joran.JoranConfigurator@79698539 - Registering current configuration as safe fallback point

Ama winner
Ama winner
2019-06-11T08:20:40.285+0000: 1.761: [Full GC (Metadata GC Threshold) 2019-06-11T08:20:40.285+0000: 1.761: [Tenured: 0K->15241K(341376K), 0.0386930 secs] 117750K->15241K(494976K), [Metaspace: 20727K->20727K(1067008K)], 0.0387742 secs] [Times: user=0.02 sys=0.01, real=0.04 secs] 
08:20:58.784 [Curator-PathChildrenCache-2] WARN  o.a.c.u.ZKPaths  - The version of ZooKeeper being used doesn't support Container nodes. CreateMode.PERSISTENT will be used instead.
2019-06-11T08:21:01.009+0000: 22.485: [GC (Allocation Failure) 2019-06-11T08:21:01.009+0000: 22.486: [DefNew: 136576K->17023K(153600K), 0.0267246 secs] 151817K->52770K(494976K), 0.0267910 secs] [Times: user=0.01 sys=0.01, real=0.02 secs] 
2019-06-11T08:21:01.405+0000: 22.882: [Full GC (Metadata GC Threshold) 2019-06-11T08:21:01.405+0000: 22.882: [Tenured: 35746K->44294K(341376K), 0.0400435 secs] 68924K->44294K(494976K), [Metaspace: 34543K->34543K(1079296K)], 0.0401221 secs] [Times: user=0.04 sys=0.01, real=0.04 secs] 
2019-06-11T08:21:04.256+0000: 25.733: [GC (Allocation Failure) 2019-06-11T08:21:04.256+0000: 25.733: [DefNew: 136576K->131K(153600K), 0.0020717 secs] 180870K->44426K(494976K), 0.0021324 secs] [Times: user=0.00 sys=0.00, real=0.01 secs] 
2019-06-11T08:21:07.029+0000: 28.506: [GC (Allocation Failure) 2019-06-11T08:21:07.029+0000: 28.506: [DefNew: 136707K->133K(153600K), 0.0019887 secs] 181002K->44428K(494976K), 0.0020459 secs] [Times: user=0.00 sys=0.00, real=0.00 secs] 
2019-06-11T08:21:09.833+0000: 31.310: [GC (Allocation Failure) 2019-06-11T08:21:09.833+0000: 31.310: [DefNew: 136709K->169K(153600K), 0.0020361 secs] 181004K->44463K(494976K), 0.0020997 secs] [Times: user=0.00 sys=0.00, real=0.00 secs] 
2019-06-11T08:21:12.650+0000: 34.127: [GC (Allocation Failure) 2019-06-11T08:21:12.651+0000: 34.127: [DefNew: 136745K->174K(153600K), 0.0019780 secs] 181039K->44469K(494976K), 0.0020408 secs] [Times: user=0.01 sys=0.00, real=0.00 secs] 
2019-06-11T08:21:15.494+0000: 36.970: [GC (Allocation Failure) 2019-06-11T08:21:15.494+0000: 36.970: [DefNew: 136750K->209K(153600K), 0.0020273 secs] 181045K->44504K(494976K), 0.0021005 secs] [Times: user=0.00 sys=0.00, real=0.00 secs] 
2019-06-11T08:21:18.304+0000: 39.780: [GC (Allocation Failure) 2019-06-11T08:21:18.304+0000: 39.781: [DefNew: 136785K->212K(153600K), 0.0021765 secs] 181080K->44506K(494976K), 0.0022467 secs] [Times: user=0.00 sys=0.00, real=0.00 secs] 
2019-06-11T08:21:21.121+0000: 42.598: [GC (Allocation Failure) 2019-06-11T08:21:21.121+0000: 42.598: [DefNew: 136788K->201K(153600K), 0.0021039 secs] 181082K->44496K(494976K), 0.0021867 secs] [Times: user=0.00 sys=0.00, real=0.00 secs] 
2019-06-11T08:21:23.946+0000: 45.422: [GC (Allocation Failure) 2019-06-11T08:21:23.946+0000: 45.422: [DefNew: 136777K->209K(153600K), 0.0020233 secs] 181072K->44504K(494976K), 0.0020818 secs] [Times: user=0.00 sys=0.00, real=0.00 secs] 
2019-06-11T08:21:35.301+0000: 56.777: [GC (Allocation Failure) 2019-06-11T08:21:35.301+0000: 56.777: [DefNew: 136785K->205K(153600K), 0.0022376 secs] 181080K->44500K(494976K), 0.0023290 secs] [Times: user=0.00 sys=0.00, real=0.00 secs] 
08:21:35.374 [Curator-PathChildrenCache-0] ERROR o.a.c.f.r.c.PathChildrenCache  - 
java.lang.IllegalStateException: instance must be started before calling this method
	at org.apache.curator.shaded.com.google.common.base.Preconditions.checkState(Preconditions.java:444)
	at org.apache.curator.framework.imps.CuratorFrameworkImpl.getChildren(CuratorFrameworkImpl.java:456)
	at org.apache.curator.framework.recipes.cache.PathChildrenCache.refresh(PathChildrenCache.java:521)
	at org.apache.curator.framework.recipes.cache.RefreshOperation.invoke(RefreshOperation.java:35)
	at org.apache.curator.framework.recipes.cache.PathChildrenCache$9.run(PathChildrenCache.java:786)
	at java.util.concurrent.Executors$RunnableAdapter.call(Executors.java:511)
	at java.util.concurrent.FutureTask.run(FutureTask.java:266)
	at java.util.concurrent.Executors$RunnableAdapter.call(Executors.java:511)
	at java.util.concurrent.FutureTask.run(FutureTask.java:266)
	at java.util.concurrent.ThreadPoolExecutor.runWorker(ThreadPoolExecutor.java:1149)
	at java.util.concurrent.ThreadPoolExecutor$Worker.run(ThreadPoolExecutor.java:624)
	at java.lang.Thread.run(Thread.java:748)
Heap
 def new generation   total 153600K, used 21550K [0x00000000e0c00000, 0x00000000eb2a0000, 0x00000000eb2a0000)
  eden space 136576K,  15% used [0x00000000e0c00000, 0x00000000e20d82d0, 0x00000000e9160000)
  from space 17024K,   1% used [0x00000000e9160000, 0x00000000e9193590, 0x00000000ea200000)
  to   space 17024K,   0% used [0x00000000ea200000, 0x00000000ea200000, 0x00000000eb2a0000)
 tenured generation   total 341376K, used 44294K [0x00000000eb2a0000, 0x0000000100000000, 0x0000000100000000)
   the space 341376K,  12% used [0x00000000eb2a0000, 0x00000000edde1b10, 0x00000000edde1c00, 0x0000000100000000)
 Metaspace       used 36009K, capacity 36968K, committed 37120K, reserved 1081344K
  class space    used 4874K, capacity 5066K, committed 5120K, reserved 1048576K
