07:51:48,015 |-INFO in ch.qos.logback.classic.LoggerContext[default] - Could NOT find resource [logback-test.xml]
07:51:48,015 |-INFO in ch.qos.logback.classic.LoggerContext[default] - Could NOT find resource [logback.groovy]
07:51:48,015 |-INFO in ch.qos.logback.classic.LoggerContext[default] - Found resource [logback.xml] at [jar:file:/root/flamestream/lib/flamestream-runtime-1.0-SNAPSHOT.jar!/logback.xml]
07:51:48,016 |-WARN in ch.qos.logback.classic.LoggerContext[default] - Resource [logback.xml] occurs multiple times on the classpath.
07:51:48,016 |-WARN in ch.qos.logback.classic.LoggerContext[default] - Resource [logback.xml] occurs at [jar:file:/root/flamestream/lib/flamestream-runtime-1.0-SNAPSHOT.jar!/logback.xml]
07:51:48,016 |-WARN in ch.qos.logback.classic.LoggerContext[default] - Resource [logback.xml] occurs at [jar:file:/root/flamestream/flamestream-runtime-1.0-SNAPSHOT.jar!/logback.xml]
07:51:48,034 |-INFO in ch.qos.logback.core.joran.spi.ConfigurationWatchList@3fb6a447 - URL [jar:file:/root/flamestream/lib/flamestream-runtime-1.0-SNAPSHOT.jar!/logback.xml] is not of type file
07:51:48,100 |-INFO in ch.qos.logback.classic.joran.action.ConfigurationAction - debug attribute not set
07:51:48,100 |-INFO in ch.qos.logback.core.joran.action.AppenderAction - About to instantiate appender of type [ch.qos.logback.core.ConsoleAppender]
07:51:48,116 |-INFO in ch.qos.logback.core.joran.action.AppenderAction - Naming appender as [STDOUT]
07:51:48,134 |-INFO in ch.qos.logback.core.joran.action.NestedComplexPropertyIA - Assuming default type [ch.qos.logback.classic.encoder.PatternLayoutEncoder] for [encoder] property
07:51:48,222 |-INFO in ch.qos.logback.core.joran.action.AppenderAction - About to instantiate appender of type [ch.qos.logback.core.rolling.RollingFileAppender]
07:51:48,227 |-INFO in ch.qos.logback.core.joran.action.AppenderAction - Naming appender as [FILE]
07:51:48,256 |-INFO in c.q.l.core.rolling.TimeBasedRollingPolicy@127618319 - No compression will be used
07:51:48,258 |-INFO in c.q.l.core.rolling.TimeBasedRollingPolicy@127618319 - Will use the pattern /tmp/application_%d{yyyy-MM-dd}.%i.log for the active file
07:51:48,261 |-INFO in ch.qos.logback.core.rolling.SizeAndTimeBasedFNATP@6b2fad11 - The date pattern is 'yyyy-MM-dd' from file name pattern '/tmp/application_%d{yyyy-MM-dd}.%i.log'.
07:51:48,261 |-INFO in ch.qos.logback.core.rolling.SizeAndTimeBasedFNATP@6b2fad11 - Roll-over at midnight.
07:51:48,266 |-INFO in ch.qos.logback.core.rolling.SizeAndTimeBasedFNATP@6b2fad11 - Setting initial period to Tue Jun 11 07:50:22 UTC 2019
07:51:48,266 |-WARN in ch.qos.logback.core.rolling.SizeAndTimeBasedFNATP@6b2fad11 - SizeAndTimeBasedFNATP is deprecated. Use SizeAndTimeBasedRollingPolicy instead
07:51:48,266 |-WARN in ch.qos.logback.core.rolling.SizeAndTimeBasedFNATP@6b2fad11 - For more information see http://logback.qos.ch/manual/appenders.html#SizeAndTimeBasedRollingPolicy
07:51:48,270 |-INFO in ch.qos.logback.core.joran.action.NestedComplexPropertyIA - Assuming default type [ch.qos.logback.classic.encoder.PatternLayoutEncoder] for [encoder] property
07:51:48,275 |-INFO in ch.qos.logback.core.rolling.RollingFileAppender[FILE] - Active log file name: /tmp/application.log
07:51:48,275 |-INFO in ch.qos.logback.core.rolling.RollingFileAppender[FILE] - File property is set to [/tmp/application.log]
07:51:48,275 |-INFO in ch.qos.logback.classic.joran.action.RootLoggerAction - Setting level of ROOT logger to WARN
07:51:48,276 |-INFO in ch.qos.logback.core.joran.action.AppenderRefAction - Attaching appender named [STDOUT] to Logger[ROOT]
07:51:48,277 |-INFO in ch.qos.logback.core.joran.action.AppenderRefAction - Attaching appender named [FILE] to Logger[ROOT]
07:51:48,278 |-INFO in ch.qos.logback.classic.joran.action.ConfigurationAction - End of configuration.
07:51:48,278 |-INFO in ch.qos.logback.classic.joran.JoranConfigurator@79698539 - Registering current configuration as safe fallback point

Ama winner
Ama winner
2019-06-11T07:51:49.577+0000: 1.751: [Full GC (Metadata GC Threshold) 2019-06-11T07:51:49.577+0000: 1.751: [Tenured: 0K->15143K(341376K), 0.0381225 secs] 112159K->15143K(494976K), [Metaspace: 20732K->20732K(1067008K)], 0.0381886 secs] [Times: user=0.04 sys=0.00, real=0.04 secs] 
07:52:08.236 [Curator-PathChildrenCache-2] WARN  o.a.c.u.ZKPaths  - The version of ZooKeeper being used doesn't support Container nodes. CreateMode.PERSISTENT will be used instead.
2019-06-11T07:52:10.565+0000: 22.739: [GC (Allocation Failure) 2019-06-11T07:52:10.565+0000: 22.739: [DefNew: 120181K->17023K(153600K), 0.0201279 secs] 135325K->33233K(494976K), 0.0202000 secs] [Times: user=0.02 sys=0.00, real=0.02 secs] 
2019-06-11T07:52:10.927+0000: 23.101: [Full GC (Metadata GC Threshold) 2019-06-11T07:52:10.927+0000: 23.101: [Tenured: 16209K->44487K(341376K), 0.0482146 secs] 67254K->44487K(494976K), [Metaspace: 34558K->34558K(1079296K)], 0.0482939 secs] [Times: user=0.04 sys=0.01, real=0.05 secs] 
2019-06-11T07:52:12.912+0000: 25.085: [GC (Allocation Failure) 2019-06-11T07:52:12.912+0000: 25.085: [DefNew: 136576K->125K(153600K), 0.0021948 secs] 181063K->44612K(494976K), 0.0022533 secs] [Times: user=0.00 sys=0.00, real=0.01 secs] 
2019-06-11T07:52:14.551+0000: 26.724: [GC (Allocation Failure) 2019-06-11T07:52:14.551+0000: 26.724: [DefNew: 136701K->122K(153600K), 0.0018442 secs] 181188K->44609K(494976K), 0.0019011 secs] [Times: user=0.00 sys=0.00, real=0.00 secs] 
2019-06-11T07:52:16.104+0000: 28.277: [GC (Allocation Failure) 2019-06-11T07:52:16.104+0000: 28.277: [DefNew: 136698K->139K(153600K), 0.0018078 secs] 181185K->44627K(494976K), 0.0018655 secs] [Times: user=0.00 sys=0.00, real=0.01 secs] 
2019-06-11T07:52:17.677+0000: 29.850: [GC (Allocation Failure) 2019-06-11T07:52:17.677+0000: 29.850: [DefNew: 136715K->141K(153600K), 0.0018430 secs] 181203K->44629K(494976K), 0.0019013 secs] [Times: user=0.00 sys=0.00, real=0.00 secs] 
2019-06-11T07:52:19.245+0000: 31.419: [GC (Allocation Failure) 2019-06-11T07:52:19.245+0000: 31.419: [DefNew: 136717K->149K(153600K), 0.0018720 secs] 181205K->44636K(494976K), 0.0019289 secs] [Times: user=0.00 sys=0.00, real=0.00 secs] 
2019-06-11T07:52:20.836+0000: 33.009: [GC (Allocation Failure) 2019-06-11T07:52:20.836+0000: 33.009: [DefNew: 136725K->152K(153600K), 0.0018974 secs] 181212K->44640K(494976K), 0.0019537 secs] [Times: user=0.00 sys=0.00, real=0.00 secs] 
2019-06-11T07:52:22.477+0000: 34.650: [GC (Allocation Failure) 2019-06-11T07:52:22.477+0000: 34.650: [DefNew: 136728K->142K(153600K), 0.0019407 secs] 181216K->44630K(494976K), 0.0020017 secs] [Times: user=0.00 sys=0.00, real=0.00 secs] 
07:52:31.323 [Curator-PathChildrenCache-0] ERROR o.a.c.f.r.c.PathChildrenCache  - 
java.lang.IllegalStateException: instance must be started before calling this method
	at org.apache.curator.shaded.com.google.common.base.Preconditions.checkState(Preconditions.java:444)
	at org.apache.curator.framework.imps.CuratorFrameworkImpl.getChildren(CuratorFrameworkImpl.java:456)
	at org.apache.curator.framework.recipes.cache.PathChildrenCache.refresh(PathChildrenCache.java:521)
	at org.apache.curator.framework.recipes.cache.RefreshOperation.invoke(RefreshOperation.java:35)
	at org.apache.curator.framework.recipes.cache.PathChildrenCache$9.run(PathChildrenCache.java:786)
	at java.util.concurrent.Executors$RunnableAdapter.call(Executors.java:511)
	at java.util.concurrent.FutureTask.run(FutureTask.java:266)
	at java.util.concurrent.Executors$RunnableAdapter.call(Executors.java:511)
	at java.util.concurrent.FutureTask.run(FutureTask.java:266)
	at java.util.concurrent.ThreadPoolExecutor.runWorker(ThreadPoolExecutor.java:1149)
	at java.util.concurrent.ThreadPoolExecutor$Worker.run(ThreadPoolExecutor.java:624)
	at java.lang.Thread.run(Thread.java:748)
Heap
 def new generation   total 153600K, used 121922K [0x00000000e0c00000, 0x00000000eb2a0000, 0x00000000eb2a0000)
  eden space 136576K,  89% used [0x00000000e0c00000, 0x00000000e82ecdf0, 0x00000000e9160000)
  from space 17024K,   0% used [0x00000000e9160000, 0x00000000e9183b10, 0x00000000ea200000)
  to   space 17024K,   0% used [0x00000000ea200000, 0x00000000ea200000, 0x00000000eb2a0000)
 tenured generation   total 341376K, used 44487K [0x00000000eb2a0000, 0x0000000100000000, 0x0000000100000000)
   the space 341376K,  13% used [0x00000000eb2a0000, 0x00000000ede11dd0, 0x00000000ede11e00, 0x0000000100000000)
 Metaspace       used 35786K, capacity 36732K, committed 36864K, reserved 1081344K
  class space    used 4859K, capacity 5058K, committed 5120K, reserved 1048576K
