04:16:37,635 |-INFO in ch.qos.logback.classic.LoggerContext[default] - Could NOT find resource [logback-test.xml]
04:16:37,635 |-INFO in ch.qos.logback.classic.LoggerContext[default] - Could NOT find resource [logback.groovy]
04:16:37,636 |-INFO in ch.qos.logback.classic.LoggerContext[default] - Found resource [logback.xml] at [jar:file:/home/nikitasokolov/flamestream/lib/flamestream-runtime-1.0-SNAPSHOT.jar!/logback.xml]
04:16:37,636 |-WARN in ch.qos.logback.classic.LoggerContext[default] - Resource [logback.xml] occurs multiple times on the classpath.
04:16:37,636 |-WARN in ch.qos.logback.classic.LoggerContext[default] - Resource [logback.xml] occurs at [jar:file:/home/nikitasokolov/flamestream/lib/flamestream-runtime-1.0-SNAPSHOT.jar!/logback.xml]
04:16:37,636 |-WARN in ch.qos.logback.classic.LoggerContext[default] - Resource [logback.xml] occurs at [jar:file:/home/nikitasokolov/flamestream/flamestream-runtime-1.0-SNAPSHOT.jar!/logback.xml]
04:16:37,653 |-INFO in ch.qos.logback.core.joran.spi.ConfigurationWatchList@6108b2d7 - URL [jar:file:/home/nikitasokolov/flamestream/lib/flamestream-runtime-1.0-SNAPSHOT.jar!/logback.xml] is not of type file
04:16:37,702 |-INFO in ch.qos.logback.classic.joran.action.ConfigurationAction - debug attribute not set
04:16:37,703 |-INFO in ch.qos.logback.core.joran.action.AppenderAction - About to instantiate appender of type [ch.qos.logback.core.ConsoleAppender]
04:16:37,711 |-INFO in ch.qos.logback.core.joran.action.AppenderAction - Naming appender as [STDOUT]
04:16:37,720 |-INFO in ch.qos.logback.core.joran.action.NestedComplexPropertyIA - Assuming default type [ch.qos.logback.classic.encoder.PatternLayoutEncoder] for [encoder] property
04:16:37,780 |-INFO in ch.qos.logback.core.joran.action.AppenderAction - About to instantiate appender of type [ch.qos.logback.core.rolling.RollingFileAppender]
04:16:37,786 |-INFO in ch.qos.logback.core.joran.action.AppenderAction - Naming appender as [FILE]
04:16:37,807 |-INFO in c.q.l.core.rolling.TimeBasedRollingPolicy@357863579 - No compression will be used
04:16:37,808 |-INFO in c.q.l.core.rolling.TimeBasedRollingPolicy@357863579 - Will use the pattern /tmp/application_%d{yyyy-MM-dd}.%i.log for the active file
04:16:37,811 |-INFO in ch.qos.logback.core.rolling.SizeAndTimeBasedFNATP@6bf256fa - The date pattern is 'yyyy-MM-dd' from file name pattern '/tmp/application_%d{yyyy-MM-dd}.%i.log'.
04:16:37,811 |-INFO in ch.qos.logback.core.rolling.SizeAndTimeBasedFNATP@6bf256fa - Roll-over at midnight.
04:16:37,815 |-INFO in ch.qos.logback.core.rolling.SizeAndTimeBasedFNATP@6bf256fa - Setting initial period to Sun Jun 09 04:15:59 MSK 2019
04:16:37,815 |-WARN in ch.qos.logback.core.rolling.SizeAndTimeBasedFNATP@6bf256fa - SizeAndTimeBasedFNATP is deprecated. Use SizeAndTimeBasedRollingPolicy instead
04:16:37,815 |-WARN in ch.qos.logback.core.rolling.SizeAndTimeBasedFNATP@6bf256fa - For more information see http://logback.qos.ch/manual/appenders.html#SizeAndTimeBasedRollingPolicy
04:16:37,820 |-INFO in ch.qos.logback.core.joran.action.NestedComplexPropertyIA - Assuming default type [ch.qos.logback.classic.encoder.PatternLayoutEncoder] for [encoder] property
04:16:37,823 |-INFO in ch.qos.logback.core.rolling.RollingFileAppender[FILE] - Active log file name: /tmp/application.log
04:16:37,823 |-INFO in ch.qos.logback.core.rolling.RollingFileAppender[FILE] - File property is set to [/tmp/application.log]
04:16:37,824 |-INFO in ch.qos.logback.classic.joran.action.RootLoggerAction - Setting level of ROOT logger to WARN
04:16:37,824 |-INFO in ch.qos.logback.core.joran.action.AppenderRefAction - Attaching appender named [STDOUT] to Logger[ROOT]
04:16:37,824 |-INFO in ch.qos.logback.core.joran.action.AppenderRefAction - Attaching appender named [FILE] to Logger[ROOT]
04:16:37,824 |-INFO in ch.qos.logback.classic.joran.action.ConfigurationAction - End of configuration.
04:16:37,825 |-INFO in ch.qos.logback.classic.joran.JoranConfigurator@6cd8737 - Registering current configuration as safe fallback point

2019-06-09T04:16:38.810+0300: 1.376: [GC (Metadata GC Threshold) [PSYoungGen: 108152K->15818K(149504K)] 108152K->15898K(491008K), 0.0199686 secs] [Times: user=0.09 sys=0.02, real=0.02 secs] 
2019-06-09T04:16:38.830+0300: 1.396: [Full GC (Metadata GC Threshold) [PSYoungGen: 15818K->0K(149504K)] [ParOldGen: 80K->14981K(341504K)] 15898K->14981K(491008K), [Metaspace: 20806K->20806K(1067008K)], 0.0250720 secs] [Times: user=0.14 sys=0.02, real=0.02 secs] 
04:16:49.545 [Curator-PathChildrenCache-1] WARN  o.a.c.u.ZKPaths  - The version of ZooKeeper being used doesn't support Container nodes. CreateMode.PERSISTENT will be used instead.
2019-06-09T04:16:50.501+0300: 13.067: [GC (Metadata GC Threshold) [PSYoungGen: 125869K->20987K(149504K)] 140851K->49960K(491008K), 0.0267201 secs] [Times: user=0.27 sys=0.02, real=0.02 secs] 
2019-06-09T04:16:50.527+0300: 13.094: [Full GC (Metadata GC Threshold) [PSYoungGen: 20987K->0K(149504K)] [ParOldGen: 28972K->38907K(341504K)] 49960K->38907K(491008K), [Metaspace: 34575K->34575K(1079296K)], 0.0340273 secs] [Times: user=0.15 sys=0.02, real=0.04 secs] 
2019-06-09T04:16:54.212+0300: 16.778: [GC (Allocation Failure) [PSYoungGen: 128512K->480K(149504K)] 167419K->39395K(491008K), 0.0042476 secs] [Times: user=0.02 sys=0.01, real=0.00 secs] 
2019-06-09T04:16:58.336+0300: 20.902: [GC (Allocation Failure) [PSYoungGen: 128992K->544K(149504K)] 167907K->39467K(491008K), 0.0055589 secs] [Times: user=0.03 sys=0.01, real=0.01 secs] 
2019-06-09T04:17:02.471+0300: 25.038: [GC (Allocation Failure) [PSYoungGen: 129056K->544K(129536K)] 167979K->39475K(471040K), 0.0031547 secs] [Times: user=0.01 sys=0.00, real=0.00 secs] 
2019-06-09T04:17:06.698+0300: 29.265: [GC (Allocation Failure) [PSYoungGen: 129056K->640K(132608K)] 167987K->39579K(474112K), 0.0054944 secs] [Times: user=0.04 sys=0.00, real=0.00 secs] 
2019-06-09T04:17:09.730+0300: 32.296: [GC (Allocation Failure) [PSYoungGen: 93312K->608K(130560K)] 132251K->39555K(472064K), 0.0027782 secs] [Times: user=0.01 sys=0.01, real=0.00 secs] 
2019-06-09T04:17:12.752+0300: 35.318: [GC (Allocation Failure) [PSYoungGen: 93280K->544K(136704K)] 132227K->39499K(478208K), 0.0040045 secs] [Times: user=0.03 sys=0.01, real=0.00 secs] 
2019-06-09T04:17:16.110+0300: 38.676: [GC (Allocation Failure) [PSYoungGen: 101920K->608K(135168K)] 140875K->39563K(476672K), 0.0027757 secs] [Times: user=0.01 sys=0.00, real=0.00 secs] 
2019-06-09T04:17:19.431+0300: 41.997: [GC (Allocation Failure) [PSYoungGen: 101984K->608K(140288K)] 140939K->39571K(481792K), 0.0034153 secs] [Times: user=0.02 sys=0.01, real=0.00 secs] 
2019-06-09T04:17:23.012+0300: 45.578: [GC (Allocation Failure) [PSYoungGen: 109152K->576K(138752K)] 148115K->39539K(480256K), 0.0027502 secs] [Times: user=0.01 sys=0.00, real=0.00 secs] 
2019-06-09T04:17:26.617+0300: 49.183: [GC (Allocation Failure) [PSYoungGen: 109120K->576K(143360K)] 148083K->39539K(484864K), 0.0031869 secs] [Times: user=0.00 sys=0.02, real=0.01 secs] 
2019-06-09T04:17:30.420+0300: 52.987: [GC (Allocation Failure) [PSYoungGen: 115264K->608K(141824K)] 154227K->39571K(483328K), 0.0028992 secs] [Times: user=0.02 sys=0.00, real=0.00 secs] 
2019-06-09T04:17:34.202+0300: 56.768: [GC (Allocation Failure) [PSYoungGen: 115296K->608K(146432K)] 154259K->39579K(487936K), 0.0027142 secs] [Times: user=0.02 sys=0.00, real=0.00 secs] 
2019-06-09T04:17:38.188+0300: 60.754: [GC (Allocation Failure) [PSYoungGen: 121440K->576K(144896K)] 160411K->39547K(486400K), 0.0032003 secs] [Times: user=0.01 sys=0.00, real=0.01 secs] 
2019-06-09T04:17:42.884+0300: 65.450: [GC (Allocation Failure) [PSYoungGen: 121408K->960K(148992K)] 160379K->39939K(490496K), 0.0034775 secs] [Times: user=0.02 sys=0.00, real=0.00 secs] 
2019-06-09T04:17:48.181+0300: 70.747: [GC (Allocation Failure) [PSYoungGen: 127424K->704K(147968K)] 166403K->39683K(489472K), 0.0033912 secs] [Times: user=0.01 sys=0.02, real=0.00 secs] 
2019-06-09T04:17:53.461+0300: 76.027: [GC (Allocation Failure) [PSYoungGen: 127168K->544K(151552K)] 166147K->39803K(493056K), 0.0028304 secs] [Times: user=0.00 sys=0.00, real=0.00 secs] 
04:18:06.130 [Curator-PathChildrenCache-0] ERROR o.a.c.f.r.c.PathChildrenCache  - 
java.lang.IllegalStateException: instance must be started before calling this method
	at org.apache.curator.shaded.com.google.common.base.Preconditions.checkState(Preconditions.java:444)
	at org.apache.curator.framework.imps.CuratorFrameworkImpl.getChildren(CuratorFrameworkImpl.java:456)
	at org.apache.curator.framework.recipes.cache.PathChildrenCache.refresh(PathChildrenCache.java:521)
	at org.apache.curator.framework.recipes.cache.RefreshOperation.invoke(RefreshOperation.java:35)
	at org.apache.curator.framework.recipes.cache.PathChildrenCache$9.run(PathChildrenCache.java:786)
	at java.util.concurrent.Executors$RunnableAdapter.call(Executors.java:511)
	at java.util.concurrent.FutureTask.run(FutureTask.java:266)
	at java.util.concurrent.Executors$RunnableAdapter.call(Executors.java:511)
	at java.util.concurrent.FutureTask.run(FutureTask.java:266)
	at java.util.concurrent.ThreadPoolExecutor.runWorker(ThreadPoolExecutor.java:1149)
	at java.util.concurrent.ThreadPoolExecutor$Worker.run(ThreadPoolExecutor.java:624)
	at java.lang.Thread.run(Thread.java:748)
2019-06-09T04:18:06.138+0300: 88.704: [GC (Allocation Failure) [PSYoungGen: 132127K->1079K(150528K)] 171386K->40450K(492032K), 0.0030467 secs] [Times: user=0.02 sys=0.01, real=0.00 secs] 
Heap
 PSYoungGen      total 150528K, used 6312K [0x00000000f5980000, 0x0000000100000000, 0x0000000100000000)
  eden space 131584K, 3% used [0x00000000f5980000,0x00000000f5e9c718,0x00000000fda00000)
  from space 18944K, 5% used [0x00000000fda00000,0x00000000fdb0dc30,0x00000000fec80000)
  to   space 17408K, 0% used [0x00000000fef00000,0x00000000fef00000,0x0000000100000000)
 ParOldGen       total 341504K, used 39371K [0x00000000e0c00000, 0x00000000f5980000, 0x00000000f5980000)
  object space 341504K, 11% used [0x00000000e0c00000,0x00000000e3272eb0,0x00000000f5980000)
 Metaspace       used 36228K, capacity 37030K, committed 37208K, reserved 1081344K
  class space    used 4978K, capacity 5161K, committed 5248K, reserved 1048576K
