13:51:10,483 |-INFO in ch.qos.logback.classic.LoggerContext[default] - Could NOT find resource [logback-test.xml]
13:51:10,483 |-INFO in ch.qos.logback.classic.LoggerContext[default] - Could NOT find resource [logback.groovy]
13:51:10,483 |-INFO in ch.qos.logback.classic.LoggerContext[default] - Found resource [logback.xml] at [jar:file:/home/nikitasokolov/flamestream/lib/flamestream-runtime-1.0-SNAPSHOT.jar!/logback.xml]
13:51:10,484 |-WARN in ch.qos.logback.classic.LoggerContext[default] - Resource [logback.xml] occurs multiple times on the classpath.
13:51:10,484 |-WARN in ch.qos.logback.classic.LoggerContext[default] - Resource [logback.xml] occurs at [jar:file:/home/nikitasokolov/flamestream/lib/flamestream-runtime-1.0-SNAPSHOT.jar!/logback.xml]
13:51:10,484 |-WARN in ch.qos.logback.classic.LoggerContext[default] - Resource [logback.xml] occurs at [jar:file:/home/nikitasokolov/flamestream/flamestream-runtime-1.0-SNAPSHOT.jar!/logback.xml]
13:51:10,499 |-INFO in ch.qos.logback.core.joran.spi.ConfigurationWatchList@6108b2d7 - URL [jar:file:/home/nikitasokolov/flamestream/lib/flamestream-runtime-1.0-SNAPSHOT.jar!/logback.xml] is not of type file
13:51:10,552 |-INFO in ch.qos.logback.classic.joran.action.ConfigurationAction - debug attribute not set
13:51:10,553 |-INFO in ch.qos.logback.core.joran.action.AppenderAction - About to instantiate appender of type [ch.qos.logback.core.ConsoleAppender]
13:51:10,561 |-INFO in ch.qos.logback.core.joran.action.AppenderAction - Naming appender as [STDOUT]
13:51:10,569 |-INFO in ch.qos.logback.core.joran.action.NestedComplexPropertyIA - Assuming default type [ch.qos.logback.classic.encoder.PatternLayoutEncoder] for [encoder] property
13:51:10,621 |-INFO in ch.qos.logback.core.joran.action.AppenderAction - About to instantiate appender of type [ch.qos.logback.core.rolling.RollingFileAppender]
13:51:10,626 |-INFO in ch.qos.logback.core.joran.action.AppenderAction - Naming appender as [FILE]
13:51:10,648 |-INFO in c.q.l.core.rolling.TimeBasedRollingPolicy@357863579 - No compression will be used
13:51:10,649 |-INFO in c.q.l.core.rolling.TimeBasedRollingPolicy@357863579 - Will use the pattern /tmp/application_%d{yyyy-MM-dd}.%i.log for the active file
13:51:10,652 |-INFO in ch.qos.logback.core.rolling.SizeAndTimeBasedFNATP@6bf256fa - The date pattern is 'yyyy-MM-dd' from file name pattern '/tmp/application_%d{yyyy-MM-dd}.%i.log'.
13:51:10,652 |-INFO in ch.qos.logback.core.rolling.SizeAndTimeBasedFNATP@6bf256fa - Roll-over at midnight.
13:51:10,656 |-INFO in ch.qos.logback.core.rolling.SizeAndTimeBasedFNATP@6bf256fa - Setting initial period to Sun Jun 09 13:50:24 MSK 2019
13:51:10,656 |-WARN in ch.qos.logback.core.rolling.SizeAndTimeBasedFNATP@6bf256fa - SizeAndTimeBasedFNATP is deprecated. Use SizeAndTimeBasedRollingPolicy instead
13:51:10,656 |-WARN in ch.qos.logback.core.rolling.SizeAndTimeBasedFNATP@6bf256fa - For more information see http://logback.qos.ch/manual/appenders.html#SizeAndTimeBasedRollingPolicy
13:51:10,661 |-INFO in ch.qos.logback.core.joran.action.NestedComplexPropertyIA - Assuming default type [ch.qos.logback.classic.encoder.PatternLayoutEncoder] for [encoder] property
13:51:10,663 |-INFO in ch.qos.logback.core.rolling.RollingFileAppender[FILE] - Active log file name: /tmp/application.log
13:51:10,663 |-INFO in ch.qos.logback.core.rolling.RollingFileAppender[FILE] - File property is set to [/tmp/application.log]
13:51:10,664 |-INFO in ch.qos.logback.classic.joran.action.RootLoggerAction - Setting level of ROOT logger to WARN
13:51:10,664 |-INFO in ch.qos.logback.core.joran.action.AppenderRefAction - Attaching appender named [STDOUT] to Logger[ROOT]
13:51:10,665 |-INFO in ch.qos.logback.core.joran.action.AppenderRefAction - Attaching appender named [FILE] to Logger[ROOT]
13:51:10,665 |-INFO in ch.qos.logback.classic.joran.action.ConfigurationAction - End of configuration.
13:51:10,665 |-INFO in ch.qos.logback.classic.joran.JoranConfigurator@6cd8737 - Registering current configuration as safe fallback point

2019-06-09T13:51:11.631+0300: 1.353: [GC (Metadata GC Threshold) [PSYoungGen: 110722K->15994K(149504K)] 110722K->16074K(491008K), 0.0233072 secs] [Times: user=0.07 sys=0.03, real=0.02 secs] 
2019-06-09T13:51:11.655+0300: 1.377: [Full GC (Metadata GC Threshold) [PSYoungGen: 15994K->0K(149504K)] [ParOldGen: 80K->15078K(341504K)] 16074K->15078K(491008K), [Metaspace: 20800K->20800K(1067008K)], 0.0298005 secs] [Times: user=0.21 sys=0.01, real=0.03 secs] 
13:51:22.300 [Curator-PathChildrenCache-1] WARN  o.a.c.u.ZKPaths  - The version of ZooKeeper being used doesn't support Container nodes. CreateMode.PERSISTENT will be used instead.
2019-06-09T13:51:23.220+0300: 12.942: [GC (Metadata GC Threshold) [PSYoungGen: 124970K->15749K(149504K)] 140048K->50366K(491008K), 0.0326288 secs] [Times: user=0.30 sys=0.01, real=0.03 secs] 
2019-06-09T13:51:23.253+0300: 12.975: [Full GC (Metadata GC Threshold) [PSYoungGen: 15749K->0K(149504K)] [ParOldGen: 34617K->38693K(341504K)] 50366K->38693K(491008K), [Metaspace: 34544K->34544K(1079296K)], 0.0471733 secs] [Times: user=0.30 sys=0.01, real=0.05 secs] 
2019-06-09T13:51:28.657+0300: 18.379: [GC (Allocation Failure) [PSYoungGen: 128512K->384K(149504K)] 167205K->39085K(491008K), 0.0035674 secs] [Times: user=0.00 sys=0.02, real=0.01 secs] 
2019-06-09T13:51:34.594+0300: 24.317: [GC (Allocation Failure) [PSYoungGen: 128896K->320K(149504K)] 167597K->39029K(491008K), 0.0042125 secs] [Times: user=0.02 sys=0.00, real=0.01 secs] 
2019-06-09T13:51:40.563+0300: 30.285: [GC (Allocation Failure) [PSYoungGen: 128832K->384K(129024K)] 167541K->39101K(470528K), 0.0030837 secs] [Times: user=0.01 sys=0.01, real=0.00 secs] 
2019-06-09T13:51:46.530+0300: 36.252: [GC (Allocation Failure) [PSYoungGen: 128896K->320K(150016K)] 167613K->39045K(491520K), 0.0041400 secs] [Times: user=0.02 sys=0.01, real=0.00 secs] 
2019-06-09T13:51:52.594+0300: 42.317: [GC (Allocation Failure) [PSYoungGen: 128832K->384K(148992K)] 167557K->39109K(490496K), 0.0125441 secs] [Times: user=0.11 sys=0.01, real=0.01 secs] 
2019-06-09T13:51:58.664+0300: 48.386: [GC (Allocation Failure) [PSYoungGen: 128896K->384K(151552K)] 167621K->39109K(493056K), 0.0032993 secs] [Times: user=0.01 sys=0.00, real=0.00 secs] 
2019-06-09T13:52:04.854+0300: 54.577: [GC (Allocation Failure) [PSYoungGen: 131968K->320K(150528K)] 170693K->39053K(492032K), 0.0056034 secs] [Times: user=0.04 sys=0.00, real=0.01 secs] 
2019-06-09T13:52:11.084+0300: 60.806: [GC (Allocation Failure) [PSYoungGen: 131904K->352K(153088K)] 170637K->39085K(494592K), 0.0026942 secs] [Times: user=0.01 sys=0.00, real=0.00 secs] 
13:52:16.468 [Curator-PathChildrenCache-0] ERROR o.a.c.f.r.c.PathChildrenCache  - 
java.lang.IllegalStateException: instance must be started before calling this method
	at org.apache.curator.shaded.com.google.common.base.Preconditions.checkState(Preconditions.java:444)
	at org.apache.curator.framework.imps.CuratorFrameworkImpl.getChildren(CuratorFrameworkImpl.java:456)
	at org.apache.curator.framework.recipes.cache.PathChildrenCache.refresh(PathChildrenCache.java:521)
	at org.apache.curator.framework.recipes.cache.RefreshOperation.invoke(RefreshOperation.java:35)
	at org.apache.curator.framework.recipes.cache.PathChildrenCache$9.run(PathChildrenCache.java:786)
	at java.util.concurrent.Executors$RunnableAdapter.call(Executors.java:511)
	at java.util.concurrent.FutureTask.run(FutureTask.java:266)
	at java.util.concurrent.Executors$RunnableAdapter.call(Executors.java:511)
	at java.util.concurrent.FutureTask.run(FutureTask.java:266)
	at java.util.concurrent.ThreadPoolExecutor.runWorker(ThreadPoolExecutor.java:1149)
	at java.util.concurrent.ThreadPoolExecutor$Worker.run(ThreadPoolExecutor.java:624)
	at java.lang.Thread.run(Thread.java:748)
Heap
 PSYoungGen      total 153088K, used 23047K [0x00000000f5980000, 0x0000000100000000, 0x0000000100000000)
  eden space 135168K, 16% used [0x00000000f5980000,0x00000000f6fa9db0,0x00000000fdd80000)
  from space 17920K, 1% used [0x00000000fee80000,0x00000000feed8010,0x0000000100000000)
  to   space 17408K, 0% used [0x00000000fdd80000,0x00000000fdd80000,0x00000000fee80000)
 ParOldGen       total 341504K, used 38733K [0x00000000e0c00000, 0x00000000f5980000, 0x00000000f5980000)
  object space 341504K, 11% used [0x00000000e0c00000,0x00000000e31d3678,0x00000000f5980000)
 Metaspace       used 36008K, capacity 36894K, committed 37208K, reserved 1081344K
  class space    used 4978K, capacity 5161K, committed 5248K, reserved 1048576K
