19:00:36,500 |-INFO in ch.qos.logback.classic.LoggerContext[default] - Could NOT find resource [logback-test.xml]
19:00:36,501 |-INFO in ch.qos.logback.classic.LoggerContext[default] - Could NOT find resource [logback.groovy]
19:00:36,501 |-INFO in ch.qos.logback.classic.LoggerContext[default] - Found resource [logback.xml] at [jar:file:/root/flamestream/lib/flamestream-runtime-1.0-SNAPSHOT.jar!/logback.xml]
19:00:36,502 |-WARN in ch.qos.logback.classic.LoggerContext[default] - Resource [logback.xml] occurs multiple times on the classpath.
19:00:36,502 |-WARN in ch.qos.logback.classic.LoggerContext[default] - Resource [logback.xml] occurs at [jar:file:/root/flamestream/lib/flamestream-runtime-1.0-SNAPSHOT.jar!/logback.xml]
19:00:36,502 |-WARN in ch.qos.logback.classic.LoggerContext[default] - Resource [logback.xml] occurs at [jar:file:/root/flamestream/flamestream-runtime-1.0-SNAPSHOT.jar!/logback.xml]
19:00:36,522 |-INFO in ch.qos.logback.core.joran.spi.ConfigurationWatchList@3fb6a447 - URL [jar:file:/root/flamestream/lib/flamestream-runtime-1.0-SNAPSHOT.jar!/logback.xml] is not of type file
19:00:36,595 |-INFO in ch.qos.logback.classic.joran.action.ConfigurationAction - debug attribute not set
19:00:36,596 |-INFO in ch.qos.logback.core.joran.action.AppenderAction - About to instantiate appender of type [ch.qos.logback.core.ConsoleAppender]
19:00:36,613 |-INFO in ch.qos.logback.core.joran.action.AppenderAction - Naming appender as [STDOUT]
19:00:36,631 |-INFO in ch.qos.logback.core.joran.action.NestedComplexPropertyIA - Assuming default type [ch.qos.logback.classic.encoder.PatternLayoutEncoder] for [encoder] property
19:00:36,712 |-INFO in ch.qos.logback.core.joran.action.AppenderAction - About to instantiate appender of type [ch.qos.logback.core.rolling.RollingFileAppender]
19:00:36,717 |-INFO in ch.qos.logback.core.joran.action.AppenderAction - Naming appender as [FILE]
19:00:36,750 |-INFO in c.q.l.core.rolling.TimeBasedRollingPolicy@127618319 - No compression will be used
19:00:36,752 |-INFO in c.q.l.core.rolling.TimeBasedRollingPolicy@127618319 - Will use the pattern /tmp/application_%d{yyyy-MM-dd}.%i.log for the active file
19:00:36,755 |-INFO in ch.qos.logback.core.rolling.SizeAndTimeBasedFNATP@6b2fad11 - The date pattern is 'yyyy-MM-dd' from file name pattern '/tmp/application_%d{yyyy-MM-dd}.%i.log'.
19:00:36,755 |-INFO in ch.qos.logback.core.rolling.SizeAndTimeBasedFNATP@6b2fad11 - Roll-over at midnight.
19:00:36,760 |-INFO in ch.qos.logback.core.rolling.SizeAndTimeBasedFNATP@6b2fad11 - Setting initial period to Mon Jun 10 18:59:05 UTC 2019
19:00:36,760 |-WARN in ch.qos.logback.core.rolling.SizeAndTimeBasedFNATP@6b2fad11 - SizeAndTimeBasedFNATP is deprecated. Use SizeAndTimeBasedRollingPolicy instead
19:00:36,760 |-WARN in ch.qos.logback.core.rolling.SizeAndTimeBasedFNATP@6b2fad11 - For more information see http://logback.qos.ch/manual/appenders.html#SizeAndTimeBasedRollingPolicy
19:00:36,764 |-INFO in ch.qos.logback.core.joran.action.NestedComplexPropertyIA - Assuming default type [ch.qos.logback.classic.encoder.PatternLayoutEncoder] for [encoder] property
19:00:36,769 |-INFO in ch.qos.logback.core.rolling.RollingFileAppender[FILE] - Active log file name: /tmp/application.log
19:00:36,769 |-INFO in ch.qos.logback.core.rolling.RollingFileAppender[FILE] - File property is set to [/tmp/application.log]
19:00:36,770 |-INFO in ch.qos.logback.classic.joran.action.RootLoggerAction - Setting level of ROOT logger to WARN
19:00:36,770 |-INFO in ch.qos.logback.core.joran.action.AppenderRefAction - Attaching appender named [STDOUT] to Logger[ROOT]
19:00:36,772 |-INFO in ch.qos.logback.core.joran.action.AppenderRefAction - Attaching appender named [FILE] to Logger[ROOT]
19:00:36,772 |-INFO in ch.qos.logback.classic.joran.action.ConfigurationAction - End of configuration.
19:00:36,773 |-INFO in ch.qos.logback.classic.joran.JoranConfigurator@79698539 - Registering current configuration as safe fallback point

Ama winner
Ama winner
2019-06-10T19:00:38.129+0000: 1.819: [Full GC (Metadata GC Threshold) 2019-06-10T19:00:38.129+0000: 1.819: [Tenured: 0K->15241K(341376K), 0.0386811 secs] 117751K->15241K(494976K), [Metaspace: 20735K->20735K(1067008K)], 0.0387644 secs] [Times: user=0.03 sys=0.01, real=0.04 secs] 
19:00:57.411 [Curator-PathChildrenCache-2] WARN  o.a.c.u.ZKPaths  - The version of ZooKeeper being used doesn't support Container nodes. CreateMode.PERSISTENT will be used instead.
2019-06-10T19:00:59.710+0000: 23.401: [GC (Allocation Failure) 2019-06-10T19:00:59.711+0000: 23.401: [DefNew: 136576K->17023K(153600K), 0.0277520 secs] 151817K->52739K(494976K), 0.0278330 secs] [Times: user=0.02 sys=0.01, real=0.03 secs] 
2019-06-10T19:01:00.339+0000: 24.030: [Full GC (Metadata GC Threshold) 2019-06-10T19:01:00.339+0000: 24.030: [Tenured: 35715K->44286K(341376K), 0.0378294 secs] 72793K->44286K(494976K), [Metaspace: 34575K->34575K(1079296K)], 0.0379062 secs] [Times: user=0.03 sys=0.01, real=0.04 secs] 
2019-06-10T19:01:04.507+0000: 28.198: [GC (Allocation Failure) 2019-06-10T19:01:04.507+0000: 28.198: [DefNew: 136576K->197K(153600K), 0.0021978 secs] 180862K->44484K(494976K), 0.0022540 secs] [Times: user=0.00 sys=0.00, real=0.01 secs] 
2019-06-10T19:01:08.578+0000: 32.269: [GC (Allocation Failure) 2019-06-10T19:01:08.578+0000: 32.269: [DefNew: 136773K->243K(153600K), 0.0020385 secs] 181060K->44530K(494976K), 0.0021060 secs] [Times: user=0.00 sys=0.00, real=0.00 secs] 
2019-06-10T19:01:12.645+0000: 36.336: [GC (Allocation Failure) 2019-06-10T19:01:12.645+0000: 36.336: [DefNew: 136819K->244K(153600K), 0.0021660 secs] 181106K->44531K(494976K), 0.0022265 secs] [Times: user=0.00 sys=0.00, real=0.00 secs] 
2019-06-10T19:01:16.757+0000: 40.448: [GC (Allocation Failure) 2019-06-10T19:01:16.757+0000: 40.448: [DefNew: 136820K->240K(153600K), 0.0020716 secs] 181107K->44527K(494976K), 0.0021349 secs] [Times: user=0.00 sys=0.00, real=0.00 secs] 
2019-06-10T19:01:20.866+0000: 44.557: [GC (Allocation Failure) 2019-06-10T19:01:20.866+0000: 44.557: [DefNew: 136816K->245K(153600K), 0.0021260 secs] 181103K->44532K(494976K), 0.0021973 secs] [Times: user=0.00 sys=0.00, real=0.00 secs] 
2019-06-10T19:01:24.978+0000: 48.669: [GC (Allocation Failure) 2019-06-10T19:01:24.978+0000: 48.669: [DefNew: 136821K->242K(153600K), 0.0020608 secs] 181108K->44529K(494976K), 0.0021189 secs] [Times: user=0.00 sys=0.00, real=0.00 secs] 
2019-06-10T19:01:29.116+0000: 52.807: [GC (Allocation Failure) 2019-06-10T19:01:29.116+0000: 52.807: [DefNew: 136818K->244K(153600K), 0.0021833 secs] 181105K->44531K(494976K), 0.0022546 secs] [Times: user=0.00 sys=0.00, real=0.01 secs] 
2019-06-10T19:01:33.227+0000: 56.917: [GC (Allocation Failure) 2019-06-10T19:01:33.227+0000: 56.917: [DefNew: 136820K->243K(153600K), 0.0021799 secs] 181107K->44530K(494976K), 0.0022538 secs] [Times: user=0.00 sys=0.00, real=0.01 secs] 
2019-06-10T19:01:40.730+0000: 64.421: [GC (Allocation Failure) 2019-06-10T19:01:40.730+0000: 64.421: [DefNew: 136819K->610K(153600K), 0.0027135 secs] 181106K->44897K(494976K), 0.0027780 secs] [Times: user=0.00 sys=0.00, real=0.00 secs] 
19:01:42.986 [Curator-PathChildrenCache-0] ERROR o.a.c.f.r.c.PathChildrenCache  - 
java.lang.IllegalStateException: instance must be started before calling this method
	at org.apache.curator.shaded.com.google.common.base.Preconditions.checkState(Preconditions.java:444)
	at org.apache.curator.framework.imps.CuratorFrameworkImpl.getChildren(CuratorFrameworkImpl.java:456)
	at org.apache.curator.framework.recipes.cache.PathChildrenCache.refresh(PathChildrenCache.java:521)
	at org.apache.curator.framework.recipes.cache.RefreshOperation.invoke(RefreshOperation.java:35)
	at org.apache.curator.framework.recipes.cache.PathChildrenCache$9.run(PathChildrenCache.java:786)
	at java.util.concurrent.Executors$RunnableAdapter.call(Executors.java:511)
	at java.util.concurrent.FutureTask.run(FutureTask.java:266)
	at java.util.concurrent.Executors$RunnableAdapter.call(Executors.java:511)
	at java.util.concurrent.FutureTask.run(FutureTask.java:266)
	at java.util.concurrent.ThreadPoolExecutor.runWorker(ThreadPoolExecutor.java:1149)
	at java.util.concurrent.ThreadPoolExecutor$Worker.run(ThreadPoolExecutor.java:624)
	at java.lang.Thread.run(Thread.java:748)
Heap
 def new generation   total 153600K, used 28508K [0x00000000e0c00000, 0x00000000eb2a0000, 0x00000000eb2a0000)
  eden space 136576K,  20% used [0x00000000e0c00000, 0x00000000e273e890, 0x00000000e9160000)
  from space 17024K,   3% used [0x00000000e9160000, 0x00000000e91f8ab8, 0x00000000ea200000)
  to   space 17024K,   0% used [0x00000000ea200000, 0x00000000ea200000, 0x00000000eb2a0000)
 tenured generation   total 341376K, used 44286K [0x00000000eb2a0000, 0x0000000100000000, 0x0000000100000000)
   the space 341376K,  12% used [0x00000000eb2a0000, 0x00000000edddfba0, 0x00000000edddfc00, 0x0000000100000000)
 Metaspace       used 36392K, capacity 37358K, committed 37504K, reserved 1081344K
  class space    used 4914K, capacity 5131K, committed 5248K, reserved 1048576K
