13:08:51,503 |-INFO in ch.qos.logback.classic.LoggerContext[default] - Could NOT find resource [logback-test.xml]
13:08:51,503 |-INFO in ch.qos.logback.classic.LoggerContext[default] - Could NOT find resource [logback.groovy]
13:08:51,503 |-INFO in ch.qos.logback.classic.LoggerContext[default] - Found resource [logback.xml] at [jar:file:/home/nikitasokolov/flamestream/lib/flamestream-runtime-1.0-SNAPSHOT.jar!/logback.xml]
13:08:51,504 |-WARN in ch.qos.logback.classic.LoggerContext[default] - Resource [logback.xml] occurs multiple times on the classpath.
13:08:51,504 |-WARN in ch.qos.logback.classic.LoggerContext[default] - Resource [logback.xml] occurs at [jar:file:/home/nikitasokolov/flamestream/lib/flamestream-runtime-1.0-SNAPSHOT.jar!/logback.xml]
13:08:51,504 |-WARN in ch.qos.logback.classic.LoggerContext[default] - Resource [logback.xml] occurs at [jar:file:/home/nikitasokolov/flamestream/flamestream-runtime-1.0-SNAPSHOT.jar!/logback.xml]
13:08:51,520 |-INFO in ch.qos.logback.core.joran.spi.ConfigurationWatchList@6108b2d7 - URL [jar:file:/home/nikitasokolov/flamestream/lib/flamestream-runtime-1.0-SNAPSHOT.jar!/logback.xml] is not of type file
13:08:51,576 |-INFO in ch.qos.logback.classic.joran.action.ConfigurationAction - debug attribute not set
13:08:51,577 |-INFO in ch.qos.logback.core.joran.action.AppenderAction - About to instantiate appender of type [ch.qos.logback.core.ConsoleAppender]
13:08:51,588 |-INFO in ch.qos.logback.core.joran.action.AppenderAction - Naming appender as [STDOUT]
13:08:51,596 |-INFO in ch.qos.logback.core.joran.action.NestedComplexPropertyIA - Assuming default type [ch.qos.logback.classic.encoder.PatternLayoutEncoder] for [encoder] property
13:08:51,652 |-INFO in ch.qos.logback.core.joran.action.AppenderAction - About to instantiate appender of type [ch.qos.logback.core.rolling.RollingFileAppender]
13:08:51,658 |-INFO in ch.qos.logback.core.joran.action.AppenderAction - Naming appender as [FILE]
13:08:51,679 |-INFO in c.q.l.core.rolling.TimeBasedRollingPolicy@357863579 - No compression will be used
13:08:51,681 |-INFO in c.q.l.core.rolling.TimeBasedRollingPolicy@357863579 - Will use the pattern /tmp/application_%d{yyyy-MM-dd}.%i.log for the active file
13:08:51,684 |-INFO in ch.qos.logback.core.rolling.SizeAndTimeBasedFNATP@6bf256fa - The date pattern is 'yyyy-MM-dd' from file name pattern '/tmp/application_%d{yyyy-MM-dd}.%i.log'.
13:08:51,684 |-INFO in ch.qos.logback.core.rolling.SizeAndTimeBasedFNATP@6bf256fa - Roll-over at midnight.
13:08:51,688 |-INFO in ch.qos.logback.core.rolling.SizeAndTimeBasedFNATP@6bf256fa - Setting initial period to Sun Jun 09 13:08:00 MSK 2019
13:08:51,688 |-WARN in ch.qos.logback.core.rolling.SizeAndTimeBasedFNATP@6bf256fa - SizeAndTimeBasedFNATP is deprecated. Use SizeAndTimeBasedRollingPolicy instead
13:08:51,688 |-WARN in ch.qos.logback.core.rolling.SizeAndTimeBasedFNATP@6bf256fa - For more information see http://logback.qos.ch/manual/appenders.html#SizeAndTimeBasedRollingPolicy
13:08:51,692 |-INFO in ch.qos.logback.core.joran.action.NestedComplexPropertyIA - Assuming default type [ch.qos.logback.classic.encoder.PatternLayoutEncoder] for [encoder] property
13:08:51,695 |-INFO in ch.qos.logback.core.rolling.RollingFileAppender[FILE] - Active log file name: /tmp/application.log
13:08:51,695 |-INFO in ch.qos.logback.core.rolling.RollingFileAppender[FILE] - File property is set to [/tmp/application.log]
13:08:51,696 |-INFO in ch.qos.logback.classic.joran.action.RootLoggerAction - Setting level of ROOT logger to WARN
13:08:51,696 |-INFO in ch.qos.logback.core.joran.action.AppenderRefAction - Attaching appender named [STDOUT] to Logger[ROOT]
13:08:51,697 |-INFO in ch.qos.logback.core.joran.action.AppenderRefAction - Attaching appender named [FILE] to Logger[ROOT]
13:08:51,697 |-INFO in ch.qos.logback.classic.joran.action.ConfigurationAction - End of configuration.
13:08:51,698 |-INFO in ch.qos.logback.classic.joran.JoranConfigurator@6cd8737 - Registering current configuration as safe fallback point

2019-06-09T13:08:52.707+0300: 1.395: [GC (Metadata GC Threshold) [PSYoungGen: 108152K->15824K(149504K)] 108152K->15904K(491008K), 0.0197052 secs] [Times: user=0.05 sys=0.04, real=0.02 secs] 
2019-06-09T13:08:52.727+0300: 1.414: [Full GC (Metadata GC Threshold) [PSYoungGen: 15824K->0K(149504K)] [ParOldGen: 80K->14981K(341504K)] 15904K->14981K(491008K), [Metaspace: 20802K->20802K(1067008K)], 0.0283093 secs] [Times: user=0.17 sys=0.01, real=0.03 secs] 
13:09:01.313 [Curator-PathChildrenCache-1] WARN  o.a.c.u.ZKPaths  - The version of ZooKeeper being used doesn't support Container nodes. CreateMode.PERSISTENT will be used instead.
2019-06-09T13:09:02.306+0300: 10.993: [GC (Metadata GC Threshold) [PSYoungGen: 126161K->20987K(149504K)] 141143K->49734K(491008K), 0.0225928 secs] [Times: user=0.25 sys=0.03, real=0.02 secs] 
2019-06-09T13:09:02.328+0300: 11.016: [Full GC (Metadata GC Threshold) [PSYoungGen: 20987K->0K(149504K)] [ParOldGen: 28747K->38692K(341504K)] 49734K->38692K(491008K), [Metaspace: 34544K->34544K(1079296K)], 0.0344412 secs] [Times: user=0.15 sys=0.02, real=0.04 secs] 
2019-06-09T13:09:04.309+0300: 12.996: [GC (Allocation Failure) [PSYoungGen: 128512K->672K(149504K)] 167204K->39372K(491008K), 0.0033653 secs] [Times: user=0.01 sys=0.00, real=0.01 secs] 
2019-06-09T13:09:06.216+0300: 14.904: [GC (Allocation Failure) [PSYoungGen: 129184K->512K(149504K)] 167884K->39220K(491008K), 0.0028639 secs] [Times: user=0.02 sys=0.00, real=0.01 secs] 
2019-06-09T13:09:07.650+0300: 16.338: [GC (Allocation Failure) [PSYoungGen: 129024K->608K(129536K)] 167732K->39324K(471040K), 0.0028324 secs] [Times: user=0.02 sys=0.00, real=0.00 secs] 
2019-06-09T13:09:09.285+0300: 17.973: [GC (Allocation Failure) [PSYoungGen: 129120K->512K(133120K)] 167836K->39228K(474624K), 0.0037262 secs] [Times: user=0.02 sys=0.00, real=0.00 secs] 
2019-06-09T13:09:10.402+0300: 19.090: [GC (Allocation Failure) [PSYoungGen: 93696K->640K(130560K)] 132412K->39356K(472064K), 0.0033824 secs] [Times: user=0.02 sys=0.00, real=0.00 secs] 
2019-06-09T13:09:11.373+0300: 20.060: [GC (Allocation Failure) [PSYoungGen: 93824K->640K(137216K)] 132540K->39356K(478720K), 0.0030510 secs] [Times: user=0.01 sys=0.00, real=0.00 secs] 
2019-06-09T13:09:12.660+0300: 21.347: [GC (Allocation Failure) [PSYoungGen: 102528K->640K(135168K)] 141244K->39356K(476672K), 0.0025030 secs] [Times: user=0.01 sys=0.00, real=0.00 secs] 
2019-06-09T13:09:13.736+0300: 22.424: [GC (Allocation Failure) [PSYoungGen: 102528K->832K(140288K)] 141244K->39548K(481792K), 0.0028601 secs] [Times: user=0.01 sys=0.00, real=0.01 secs] 
2019-06-09T13:09:15.023+0300: 23.711: [GC (Allocation Failure) [PSYoungGen: 109376K->864K(138752K)] 148092K->39588K(480256K), 0.0044620 secs] [Times: user=0.04 sys=0.00, real=0.00 secs] 
2019-06-09T13:09:16.634+0300: 25.322: [GC (Allocation Failure) [PSYoungGen: 109408K->800K(143360K)] 148132K->39524K(484864K), 0.0049970 secs] [Times: user=0.01 sys=0.00, real=0.01 secs] 
13:09:24.057 [Curator-PathChildrenCache-0] ERROR o.a.c.f.r.c.PathChildrenCache  - 
java.lang.IllegalStateException: instance must be started before calling this method
	at org.apache.curator.shaded.com.google.common.base.Preconditions.checkState(Preconditions.java:444)
	at org.apache.curator.framework.imps.CuratorFrameworkImpl.getChildren(CuratorFrameworkImpl.java:456)
	at org.apache.curator.framework.recipes.cache.PathChildrenCache.refresh(PathChildrenCache.java:521)
	at org.apache.curator.framework.recipes.cache.RefreshOperation.invoke(RefreshOperation.java:35)
	at org.apache.curator.framework.recipes.cache.PathChildrenCache$9.run(PathChildrenCache.java:786)
	at java.util.concurrent.Executors$RunnableAdapter.call(Executors.java:511)
	at java.util.concurrent.FutureTask.run(FutureTask.java:266)
	at java.util.concurrent.Executors$RunnableAdapter.call(Executors.java:511)
	at java.util.concurrent.FutureTask.run(FutureTask.java:266)
	at java.util.concurrent.ThreadPoolExecutor.runWorker(ThreadPoolExecutor.java:1149)
	at java.util.concurrent.ThreadPoolExecutor$Worker.run(ThreadPoolExecutor.java:624)
	at java.lang.Thread.run(Thread.java:748)
Heap
 PSYoungGen      total 143360K, used 48718K [0x00000000f5980000, 0x0000000100000000, 0x0000000100000000)
  eden space 114688K, 41% used [0x00000000f5980000,0x00000000f884ba68,0x00000000fc980000)
  from space 28672K, 2% used [0x00000000fe400000,0x00000000fe4c8080,0x0000000100000000)
  to   space 27136K, 0% used [0x00000000fc980000,0x00000000fc980000,0x00000000fe400000)
 ParOldGen       total 341504K, used 38724K [0x00000000e0c00000, 0x00000000f5980000, 0x00000000f5980000)
  object space 341504K, 11% used [0x00000000e0c00000,0x00000000e31d10e0,0x00000000f5980000)
 Metaspace       used 35680K, capacity 36550K, committed 36952K, reserved 1081344K
  class space    used 4936K, capacity 5129K, committed 5248K, reserved 1048576K
