10:35:52,832 |-INFO in ch.qos.logback.classic.LoggerContext[default] - Could NOT find resource [logback-test.xml]
10:35:52,832 |-INFO in ch.qos.logback.classic.LoggerContext[default] - Could NOT find resource [logback.groovy]
10:35:52,832 |-INFO in ch.qos.logback.classic.LoggerContext[default] - Found resource [logback.xml] at [jar:file:/home/nikitasokolov/flamestream/lib/flamestream-runtime-1.0-SNAPSHOT.jar!/logback.xml]
10:35:52,833 |-WARN in ch.qos.logback.classic.LoggerContext[default] - Resource [logback.xml] occurs multiple times on the classpath.
10:35:52,833 |-WARN in ch.qos.logback.classic.LoggerContext[default] - Resource [logback.xml] occurs at [jar:file:/home/nikitasokolov/flamestream/lib/flamestream-runtime-1.0-SNAPSHOT.jar!/logback.xml]
10:35:52,833 |-WARN in ch.qos.logback.classic.LoggerContext[default] - Resource [logback.xml] occurs at [jar:file:/home/nikitasokolov/flamestream/flamestream-runtime-1.0-SNAPSHOT.jar!/logback.xml]
10:35:52,849 |-INFO in ch.qos.logback.core.joran.spi.ConfigurationWatchList@6108b2d7 - URL [jar:file:/home/nikitasokolov/flamestream/lib/flamestream-runtime-1.0-SNAPSHOT.jar!/logback.xml] is not of type file
10:35:52,901 |-INFO in ch.qos.logback.classic.joran.action.ConfigurationAction - debug attribute not set
10:35:52,902 |-INFO in ch.qos.logback.core.joran.action.AppenderAction - About to instantiate appender of type [ch.qos.logback.core.ConsoleAppender]
10:35:52,913 |-INFO in ch.qos.logback.core.joran.action.AppenderAction - Naming appender as [STDOUT]
10:35:52,921 |-INFO in ch.qos.logback.core.joran.action.NestedComplexPropertyIA - Assuming default type [ch.qos.logback.classic.encoder.PatternLayoutEncoder] for [encoder] property
10:35:52,978 |-INFO in ch.qos.logback.core.joran.action.AppenderAction - About to instantiate appender of type [ch.qos.logback.core.rolling.RollingFileAppender]
10:35:52,983 |-INFO in ch.qos.logback.core.joran.action.AppenderAction - Naming appender as [FILE]
10:35:53,004 |-INFO in c.q.l.core.rolling.TimeBasedRollingPolicy@357863579 - No compression will be used
10:35:53,005 |-INFO in c.q.l.core.rolling.TimeBasedRollingPolicy@357863579 - Will use the pattern /tmp/application_%d{yyyy-MM-dd}.%i.log for the active file
10:35:53,008 |-INFO in ch.qos.logback.core.rolling.SizeAndTimeBasedFNATP@6bf256fa - The date pattern is 'yyyy-MM-dd' from file name pattern '/tmp/application_%d{yyyy-MM-dd}.%i.log'.
10:35:53,008 |-INFO in ch.qos.logback.core.rolling.SizeAndTimeBasedFNATP@6bf256fa - Roll-over at midnight.
10:35:53,013 |-INFO in ch.qos.logback.core.rolling.SizeAndTimeBasedFNATP@6bf256fa - Setting initial period to Sun Jun 09 10:35:13 MSK 2019
10:35:53,013 |-WARN in ch.qos.logback.core.rolling.SizeAndTimeBasedFNATP@6bf256fa - SizeAndTimeBasedFNATP is deprecated. Use SizeAndTimeBasedRollingPolicy instead
10:35:53,013 |-WARN in ch.qos.logback.core.rolling.SizeAndTimeBasedFNATP@6bf256fa - For more information see http://logback.qos.ch/manual/appenders.html#SizeAndTimeBasedRollingPolicy
10:35:53,019 |-INFO in ch.qos.logback.core.joran.action.NestedComplexPropertyIA - Assuming default type [ch.qos.logback.classic.encoder.PatternLayoutEncoder] for [encoder] property
10:35:53,022 |-INFO in ch.qos.logback.core.rolling.RollingFileAppender[FILE] - Active log file name: /tmp/application.log
10:35:53,022 |-INFO in ch.qos.logback.core.rolling.RollingFileAppender[FILE] - File property is set to [/tmp/application.log]
10:35:53,023 |-INFO in ch.qos.logback.classic.joran.action.RootLoggerAction - Setting level of ROOT logger to WARN
10:35:53,023 |-INFO in ch.qos.logback.core.joran.action.AppenderRefAction - Attaching appender named [STDOUT] to Logger[ROOT]
10:35:53,024 |-INFO in ch.qos.logback.core.joran.action.AppenderRefAction - Attaching appender named [FILE] to Logger[ROOT]
10:35:53,024 |-INFO in ch.qos.logback.classic.joran.action.ConfigurationAction - End of configuration.
10:35:53,024 |-INFO in ch.qos.logback.classic.joran.JoranConfigurator@6cd8737 - Registering current configuration as safe fallback point

2019-06-09T10:35:54.023+0300: 1.397: [GC (Metadata GC Threshold) [PSYoungGen: 110722K->15921K(149504K)] 110722K->16001K(491008K), 0.0220419 secs] [Times: user=0.10 sys=0.04, real=0.02 secs] 
2019-06-09T10:35:54.046+0300: 1.419: [Full GC (Metadata GC Threshold) [PSYoungGen: 15921K->0K(149504K)] [ParOldGen: 80K->15078K(341504K)] 16001K->15078K(491008K), [Metaspace: 20806K->20806K(1067008K)], 0.0307706 secs] [Times: user=0.20 sys=0.02, real=0.03 secs] 
10:36:01.357 [Curator-PathChildrenCache-1] WARN  o.a.c.u.ZKPaths  - The version of ZooKeeper being used doesn't support Container nodes. CreateMode.PERSISTENT will be used instead.
2019-06-09T10:36:02.292+0300: 9.666: [GC (Metadata GC Threshold) [PSYoungGen: 127025K->15945K(149504K)] 142103K->50563K(491008K), 0.0327574 secs] [Times: user=0.30 sys=0.01, real=0.03 secs] 
2019-06-09T10:36:02.325+0300: 9.699: [Full GC (Metadata GC Threshold) [PSYoungGen: 15945K->0K(149504K)] [ParOldGen: 34617K->38980K(341504K)] 50563K->38980K(491008K), [Metaspace: 34564K->34564K(1079296K)], 0.0352137 secs] [Times: user=0.21 sys=0.01, real=0.04 secs] 
2019-06-09T10:36:04.791+0300: 12.164: [GC (Allocation Failure) [PSYoungGen: 128512K->448K(149504K)] 167492K->39436K(491008K), 0.0038942 secs] [Times: user=0.01 sys=0.00, real=0.00 secs] 
2019-06-09T10:36:07.673+0300: 15.046: [GC (Allocation Failure) [PSYoungGen: 128960K->544K(149504K)] 167948K->39540K(491008K), 0.0032279 secs] [Times: user=0.01 sys=0.00, real=0.00 secs] 
2019-06-09T10:36:10.618+0300: 17.991: [GC (Allocation Failure) [PSYoungGen: 129056K->544K(129536K)] 168052K->39548K(471040K), 0.0087944 secs] [Times: user=0.09 sys=0.00, real=0.00 secs] 
2019-06-09T10:36:13.560+0300: 20.934: [GC (Allocation Failure) [PSYoungGen: 129056K->544K(150016K)] 168060K->39548K(491520K), 0.0029392 secs] [Times: user=0.02 sys=0.00, real=0.00 secs] 
2019-06-09T10:36:16.483+0300: 23.856: [GC (Allocation Failure) [PSYoungGen: 129056K->544K(148992K)] 168060K->39556K(490496K), 0.0030015 secs] [Times: user=0.02 sys=0.01, real=0.00 secs] 
2019-06-09T10:36:19.435+0300: 26.808: [GC (Allocation Failure) [PSYoungGen: 129056K->576K(151552K)] 168068K->39588K(493056K), 0.0048751 secs] [Times: user=0.03 sys=0.00, real=0.01 secs] 
2019-06-09T10:36:22.457+0300: 29.830: [GC (Allocation Failure) [PSYoungGen: 132160K->672K(150528K)] 171172K->39692K(492032K), 0.0030585 secs] [Times: user=0.01 sys=0.01, real=0.01 secs] 
2019-06-09T10:36:25.506+0300: 32.880: [GC (Allocation Failure) [PSYoungGen: 132256K->576K(153088K)] 171276K->39596K(494592K), 0.0023631 secs] [Times: user=0.01 sys=0.01, real=0.00 secs] 
2019-06-09T10:36:28.623+0300: 35.996: [GC (Allocation Failure) [PSYoungGen: 135744K->544K(152576K)] 174764K->39564K(494080K), 0.0028784 secs] [Times: user=0.01 sys=0.00, real=0.00 secs] 
2019-06-09T10:36:31.740+0300: 39.113: [GC (Allocation Failure) [PSYoungGen: 135712K->608K(154624K)] 174732K->39636K(496128K), 0.0031674 secs] [Times: user=0.01 sys=0.01, real=0.00 secs] 
10:36:39.412 [Curator-PathChildrenCache-0] ERROR o.a.c.f.r.c.PathChildrenCache  - 
java.lang.IllegalStateException: instance must be started before calling this method
	at org.apache.curator.shaded.com.google.common.base.Preconditions.checkState(Preconditions.java:444)
	at org.apache.curator.framework.imps.CuratorFrameworkImpl.getChildren(CuratorFrameworkImpl.java:456)
	at org.apache.curator.framework.recipes.cache.PathChildrenCache.refresh(PathChildrenCache.java:521)
	at org.apache.curator.framework.recipes.cache.RefreshOperation.invoke(RefreshOperation.java:35)
	at org.apache.curator.framework.recipes.cache.PathChildrenCache$9.run(PathChildrenCache.java:786)
	at java.util.concurrent.Executors$RunnableAdapter.call(Executors.java:511)
	at java.util.concurrent.FutureTask.run(FutureTask.java:266)
	at java.util.concurrent.Executors$RunnableAdapter.call(Executors.java:511)
	at java.util.concurrent.FutureTask.run(FutureTask.java:266)
	at java.util.concurrent.ThreadPoolExecutor.runWorker(ThreadPoolExecutor.java:1149)
	at java.util.concurrent.ThreadPoolExecutor$Worker.run(ThreadPoolExecutor.java:624)
	at java.lang.Thread.run(Thread.java:748)
Heap
 PSYoungGen      total 154624K, used 130190K [0x00000000f5980000, 0x0000000100000000, 0x0000000100000000)
  eden space 138240K, 93% used [0x00000000f5980000,0x00000000fd80bb50,0x00000000fe080000)
  from space 16384K, 3% used [0x00000000ff000000,0x00000000ff098040,0x0000000100000000)
  to   space 15872K, 0% used [0x00000000fe080000,0x00000000fe080000,0x00000000ff000000)
 ParOldGen       total 341504K, used 39028K [0x00000000e0c00000, 0x00000000f5980000, 0x00000000f5980000)
  object space 341504K, 11% used [0x00000000e0c00000,0x00000000e321d270,0x00000000f5980000)
 Metaspace       used 35739K, capacity 36606K, committed 36952K, reserved 1081344K
  class space    used 4936K, capacity 5129K, committed 5248K, reserved 1048576K
