11:30:47,170 |-INFO in ch.qos.logback.classic.LoggerContext[default] - Could NOT find resource [logback-test.xml]
11:30:47,170 |-INFO in ch.qos.logback.classic.LoggerContext[default] - Could NOT find resource [logback.groovy]
11:30:47,170 |-INFO in ch.qos.logback.classic.LoggerContext[default] - Found resource [logback.xml] at [jar:file:/root/flamestream/lib/flamestream-runtime-1.0-SNAPSHOT.jar!/logback.xml]
11:30:47,171 |-WARN in ch.qos.logback.classic.LoggerContext[default] - Resource [logback.xml] occurs multiple times on the classpath.
11:30:47,171 |-WARN in ch.qos.logback.classic.LoggerContext[default] - Resource [logback.xml] occurs at [jar:file:/root/flamestream/lib/flamestream-runtime-1.0-SNAPSHOT.jar!/logback.xml]
11:30:47,171 |-WARN in ch.qos.logback.classic.LoggerContext[default] - Resource [logback.xml] occurs at [jar:file:/root/flamestream/flamestream-runtime-1.0-SNAPSHOT.jar!/logback.xml]
11:30:47,190 |-INFO in ch.qos.logback.core.joran.spi.ConfigurationWatchList@3fb6a447 - URL [jar:file:/root/flamestream/lib/flamestream-runtime-1.0-SNAPSHOT.jar!/logback.xml] is not of type file
11:30:47,259 |-INFO in ch.qos.logback.classic.joran.action.ConfigurationAction - debug attribute not set
11:30:47,260 |-INFO in ch.qos.logback.core.joran.action.AppenderAction - About to instantiate appender of type [ch.qos.logback.core.ConsoleAppender]
11:30:47,280 |-INFO in ch.qos.logback.core.joran.action.AppenderAction - Naming appender as [STDOUT]
11:30:47,293 |-INFO in ch.qos.logback.core.joran.action.NestedComplexPropertyIA - Assuming default type [ch.qos.logback.classic.encoder.PatternLayoutEncoder] for [encoder] property
11:30:47,377 |-INFO in ch.qos.logback.core.joran.action.AppenderAction - About to instantiate appender of type [ch.qos.logback.core.rolling.RollingFileAppender]
11:30:47,382 |-INFO in ch.qos.logback.core.joran.action.AppenderAction - Naming appender as [FILE]
11:30:47,414 |-INFO in c.q.l.core.rolling.TimeBasedRollingPolicy@127618319 - No compression will be used
11:30:47,415 |-INFO in c.q.l.core.rolling.TimeBasedRollingPolicy@127618319 - Will use the pattern /tmp/application_%d{yyyy-MM-dd}.%i.log for the active file
11:30:47,418 |-INFO in ch.qos.logback.core.rolling.SizeAndTimeBasedFNATP@6b2fad11 - The date pattern is 'yyyy-MM-dd' from file name pattern '/tmp/application_%d{yyyy-MM-dd}.%i.log'.
11:30:47,418 |-INFO in ch.qos.logback.core.rolling.SizeAndTimeBasedFNATP@6b2fad11 - Roll-over at midnight.
11:30:47,423 |-INFO in ch.qos.logback.core.rolling.SizeAndTimeBasedFNATP@6b2fad11 - Setting initial period to Tue Jun 11 11:29:25 UTC 2019
11:30:47,423 |-WARN in ch.qos.logback.core.rolling.SizeAndTimeBasedFNATP@6b2fad11 - SizeAndTimeBasedFNATP is deprecated. Use SizeAndTimeBasedRollingPolicy instead
11:30:47,423 |-WARN in ch.qos.logback.core.rolling.SizeAndTimeBasedFNATP@6b2fad11 - For more information see http://logback.qos.ch/manual/appenders.html#SizeAndTimeBasedRollingPolicy
11:30:47,427 |-INFO in ch.qos.logback.core.joran.action.NestedComplexPropertyIA - Assuming default type [ch.qos.logback.classic.encoder.PatternLayoutEncoder] for [encoder] property
11:30:47,431 |-INFO in ch.qos.logback.core.rolling.RollingFileAppender[FILE] - Active log file name: /tmp/application.log
11:30:47,431 |-INFO in ch.qos.logback.core.rolling.RollingFileAppender[FILE] - File property is set to [/tmp/application.log]
11:30:47,432 |-INFO in ch.qos.logback.classic.joran.action.RootLoggerAction - Setting level of ROOT logger to WARN
11:30:47,432 |-INFO in ch.qos.logback.core.joran.action.AppenderRefAction - Attaching appender named [STDOUT] to Logger[ROOT]
11:30:47,434 |-INFO in ch.qos.logback.core.joran.action.AppenderRefAction - Attaching appender named [FILE] to Logger[ROOT]
11:30:47,434 |-INFO in ch.qos.logback.classic.joran.action.ConfigurationAction - End of configuration.
11:30:47,435 |-INFO in ch.qos.logback.classic.joran.JoranConfigurator@79698539 - Registering current configuration as safe fallback point

Ama winner
Ama winner
2019-06-11T11:30:48.721+0000: 1.738: [Full GC (Metadata GC Threshold) 2019-06-11T11:30:48.721+0000: 1.738: [Tenured: 0K->15208K(341376K), 0.0391671 secs] 114987K->15208K(494976K), [Metaspace: 20734K->20734K(1067008K)], 0.0392331 secs] [Times: user=0.03 sys=0.01, real=0.04 secs] 
11:31:08.704 [Curator-PathChildrenCache-2] WARN  o.a.c.u.ZKPaths  - The version of ZooKeeper being used doesn't support Container nodes. CreateMode.PERSISTENT will be used instead.
2019-06-11T11:31:11.099+0000: 24.115: [GC (Allocation Failure) 2019-06-11T11:31:11.099+0000: 24.115: [DefNew: 119296K->17024K(153600K), 0.0202576 secs] 134505K->32928K(494976K), 0.0203367 secs] [Times: user=0.01 sys=0.01, real=0.02 secs] 
2019-06-11T11:31:11.337+0000: 24.354: [Full GC (Metadata GC Threshold) 2019-06-11T11:31:11.337+0000: 24.354: [Tenured: 15904K->44082K(341376K), 0.0468271 secs] 64408K->44082K(494976K), [Metaspace: 34507K->34507K(1079296K)], 0.0469136 secs] [Times: user=0.03 sys=0.01, real=0.04 secs] 
2019-06-11T11:31:12.848+0000: 25.864: [GC (Allocation Failure) 2019-06-11T11:31:12.848+0000: 25.864: [DefNew: 136576K->103K(153600K), 0.0020453 secs] 180658K->44186K(494976K), 0.0021021 secs] [Times: user=0.00 sys=0.00, real=0.00 secs] 
2019-06-11T11:31:14.093+0000: 27.110: [GC (Allocation Failure) 2019-06-11T11:31:14.093+0000: 27.110: [DefNew: 136679K->105K(153600K), 0.0018585 secs] 180762K->44188K(494976K), 0.0019234 secs] [Times: user=0.00 sys=0.00, real=0.01 secs] 
2019-06-11T11:31:15.362+0000: 28.378: [GC (Allocation Failure) 2019-06-11T11:31:15.362+0000: 28.378: [DefNew: 136681K->133K(153600K), 0.0018453 secs] 180764K->44216K(494976K), 0.0019039 secs] [Times: user=0.00 sys=0.00, real=0.00 secs] 
2019-06-11T11:31:16.650+0000: 29.666: [GC (Allocation Failure) 2019-06-11T11:31:16.650+0000: 29.666: [DefNew: 136709K->127K(153600K), 0.0018545 secs] 180792K->44210K(494976K), 0.0019127 secs] [Times: user=0.00 sys=0.00, real=0.00 secs] 
2019-06-11T11:31:17.917+0000: 30.934: [GC (Allocation Failure) 2019-06-11T11:31:17.917+0000: 30.934: [DefNew: 136703K->149K(153600K), 0.0018816 secs] 180786K->44232K(494976K), 0.0019396 secs] [Times: user=0.00 sys=0.00, real=0.00 secs] 
2019-06-11T11:31:19.196+0000: 32.212: [GC (Allocation Failure) 2019-06-11T11:31:19.196+0000: 32.212: [DefNew: 136725K->142K(153600K), 0.0018686 secs] 180808K->44225K(494976K), 0.0019270 secs] [Times: user=0.00 sys=0.00, real=0.00 secs] 
2019-06-11T11:31:20.469+0000: 33.486: [GC (Allocation Failure) 2019-06-11T11:31:20.469+0000: 33.486: [DefNew: 136718K->138K(153600K), 0.0019059 secs] 180801K->44221K(494976K), 0.0019677 secs] [Times: user=0.00 sys=0.00, real=0.00 secs] 
2019-06-11T11:31:27.671+0000: 40.688: [GC (Allocation Failure) 2019-06-11T11:31:27.671+0000: 40.688: [DefNew: 136714K->412K(153600K), 0.0044422 secs] 180797K->44495K(494976K), 0.0045005 secs] [Times: user=0.01 sys=0.00, real=0.01 secs] 
11:31:27.699 [Curator-PathChildrenCache-0] ERROR o.a.c.f.r.c.PathChildrenCache  - 
java.lang.IllegalStateException: instance must be started before calling this method
	at org.apache.curator.shaded.com.google.common.base.Preconditions.checkState(Preconditions.java:444)
	at org.apache.curator.framework.imps.CuratorFrameworkImpl.getChildren(CuratorFrameworkImpl.java:456)
	at org.apache.curator.framework.recipes.cache.PathChildrenCache.refresh(PathChildrenCache.java:521)
	at org.apache.curator.framework.recipes.cache.RefreshOperation.invoke(RefreshOperation.java:35)
	at org.apache.curator.framework.recipes.cache.PathChildrenCache$9.run(PathChildrenCache.java:786)
	at java.util.concurrent.Executors$RunnableAdapter.call(Executors.java:511)
	at java.util.concurrent.FutureTask.run(FutureTask.java:266)
	at java.util.concurrent.Executors$RunnableAdapter.call(Executors.java:511)
	at java.util.concurrent.FutureTask.run(FutureTask.java:266)
	at java.util.concurrent.ThreadPoolExecutor.runWorker(ThreadPoolExecutor.java:1149)
	at java.util.concurrent.ThreadPoolExecutor$Worker.run(ThreadPoolExecutor.java:624)
	at java.lang.Thread.run(Thread.java:748)
Heap
 def new generation   total 153600K, used 35996K [0x00000000e0c00000, 0x00000000eb2a0000, 0x00000000eb2a0000)
  eden space 136576K,  26% used [0x00000000e0c00000, 0x00000000e2ebfd18, 0x00000000e9160000)
  from space 17024K,   2% used [0x00000000ea200000, 0x00000000ea267378, 0x00000000eb2a0000)
  to   space 17024K,   0% used [0x00000000e9160000, 0x00000000e9160000, 0x00000000ea200000)
 tenured generation   total 341376K, used 44082K [0x00000000eb2a0000, 0x0000000100000000, 0x0000000100000000)
   the space 341376K,  12% used [0x00000000eb2a0000, 0x00000000eddacb78, 0x00000000eddacc00, 0x0000000100000000)
 Metaspace       used 35875K, capacity 36858K, committed 37120K, reserved 1081344K
  class space    used 4859K, capacity 5059K, committed 5120K, reserved 1048576K
