22:28:20,087 |-INFO in ch.qos.logback.classic.LoggerContext[default] - Could NOT find resource [logback-test.xml]
22:28:20,087 |-INFO in ch.qos.logback.classic.LoggerContext[default] - Could NOT find resource [logback.groovy]
22:28:20,088 |-INFO in ch.qos.logback.classic.LoggerContext[default] - Found resource [logback.xml] at [jar:file:/home/nikitasokolov/flamestream/lib/flamestream-runtime-1.0-SNAPSHOT.jar!/logback.xml]
22:28:20,088 |-WARN in ch.qos.logback.classic.LoggerContext[default] - Resource [logback.xml] occurs multiple times on the classpath.
22:28:20,088 |-WARN in ch.qos.logback.classic.LoggerContext[default] - Resource [logback.xml] occurs at [jar:file:/home/nikitasokolov/flamestream/lib/flamestream-runtime-1.0-SNAPSHOT.jar!/logback.xml]
22:28:20,088 |-WARN in ch.qos.logback.classic.LoggerContext[default] - Resource [logback.xml] occurs at [jar:file:/home/nikitasokolov/flamestream/flamestream-runtime-1.0-SNAPSHOT.jar!/logback.xml]
22:28:20,105 |-INFO in ch.qos.logback.core.joran.spi.ConfigurationWatchList@6108b2d7 - URL [jar:file:/home/nikitasokolov/flamestream/lib/flamestream-runtime-1.0-SNAPSHOT.jar!/logback.xml] is not of type file
22:28:20,158 |-INFO in ch.qos.logback.classic.joran.action.ConfigurationAction - debug attribute not set
22:28:20,158 |-INFO in ch.qos.logback.core.joran.action.AppenderAction - About to instantiate appender of type [ch.qos.logback.core.ConsoleAppender]
22:28:20,167 |-INFO in ch.qos.logback.core.joran.action.AppenderAction - Naming appender as [STDOUT]
22:28:20,176 |-INFO in ch.qos.logback.core.joran.action.NestedComplexPropertyIA - Assuming default type [ch.qos.logback.classic.encoder.PatternLayoutEncoder] for [encoder] property
22:28:20,234 |-INFO in ch.qos.logback.core.joran.action.AppenderAction - About to instantiate appender of type [ch.qos.logback.core.rolling.RollingFileAppender]
22:28:20,239 |-INFO in ch.qos.logback.core.joran.action.AppenderAction - Naming appender as [FILE]
22:28:20,261 |-INFO in c.q.l.core.rolling.TimeBasedRollingPolicy@357863579 - No compression will be used
22:28:20,262 |-INFO in c.q.l.core.rolling.TimeBasedRollingPolicy@357863579 - Will use the pattern /tmp/application_%d{yyyy-MM-dd}.%i.log for the active file
22:28:20,265 |-INFO in ch.qos.logback.core.rolling.SizeAndTimeBasedFNATP@6bf256fa - The date pattern is 'yyyy-MM-dd' from file name pattern '/tmp/application_%d{yyyy-MM-dd}.%i.log'.
22:28:20,265 |-INFO in ch.qos.logback.core.rolling.SizeAndTimeBasedFNATP@6bf256fa - Roll-over at midnight.
22:28:20,269 |-INFO in ch.qos.logback.core.rolling.SizeAndTimeBasedFNATP@6bf256fa - Setting initial period to Sat Jun 08 22:27:36 MSK 2019
22:28:20,269 |-WARN in ch.qos.logback.core.rolling.SizeAndTimeBasedFNATP@6bf256fa - SizeAndTimeBasedFNATP is deprecated. Use SizeAndTimeBasedRollingPolicy instead
22:28:20,269 |-WARN in ch.qos.logback.core.rolling.SizeAndTimeBasedFNATP@6bf256fa - For more information see http://logback.qos.ch/manual/appenders.html#SizeAndTimeBasedRollingPolicy
22:28:20,274 |-INFO in ch.qos.logback.core.joran.action.NestedComplexPropertyIA - Assuming default type [ch.qos.logback.classic.encoder.PatternLayoutEncoder] for [encoder] property
22:28:20,277 |-INFO in ch.qos.logback.core.rolling.RollingFileAppender[FILE] - Active log file name: /tmp/application.log
22:28:20,277 |-INFO in ch.qos.logback.core.rolling.RollingFileAppender[FILE] - File property is set to [/tmp/application.log]
22:28:20,278 |-INFO in ch.qos.logback.classic.joran.action.RootLoggerAction - Setting level of ROOT logger to WARN
22:28:20,278 |-INFO in ch.qos.logback.core.joran.action.AppenderRefAction - Attaching appender named [STDOUT] to Logger[ROOT]
22:28:20,279 |-INFO in ch.qos.logback.core.joran.action.AppenderRefAction - Attaching appender named [FILE] to Logger[ROOT]
22:28:20,279 |-INFO in ch.qos.logback.classic.joran.action.ConfigurationAction - End of configuration.
22:28:20,280 |-INFO in ch.qos.logback.classic.joran.JoranConfigurator@6cd8737 - Registering current configuration as safe fallback point

2019-06-08T22:28:21.269+0300: 1.379: [GC (Metadata GC Threshold) [PSYoungGen: 108152K->15794K(149504K)] 108152K->15875K(491008K), 0.0248919 secs] [Times: user=0.10 sys=0.01, real=0.03 secs] 
2019-06-08T22:28:21.294+0300: 1.404: [Full GC (Metadata GC Threshold) [PSYoungGen: 15794K->0K(149504K)] [ParOldGen: 80K->14982K(341504K)] 15875K->14982K(491008K), [Metaspace: 20803K->20803K(1067008K)], 0.0405021 secs] [Times: user=0.25 sys=0.02, real=0.04 secs] 
22:28:32.594 [Curator-PathChildrenCache-1] WARN  o.a.c.u.ZKPaths  - The version of ZooKeeper being used doesn't support Container nodes. CreateMode.PERSISTENT will be used instead.
2019-06-08T22:28:33.525+0300: 13.635: [GC (Allocation Failure) [PSYoungGen: 128512K->16004K(149504K)] 143494K->50525K(491008K), 0.0322663 secs] [Times: user=0.26 sys=0.02, real=0.04 secs] 
2019-06-08T22:28:33.622+0300: 13.731: [GC (Metadata GC Threshold) [PSYoungGen: 27762K->5681K(149504K)] 62283K->40210K(491008K), 0.0057154 secs] [Times: user=0.05 sys=0.00, real=0.00 secs] 
2019-06-08T22:28:33.627+0300: 13.737: [Full GC (Metadata GC Threshold) [PSYoungGen: 5681K->0K(149504K)] [ParOldGen: 34529K->29350K(341504K)] 40210K->29350K(491008K), [Metaspace: 34564K->34564K(1079296K)], 0.0340489 secs] [Times: user=0.18 sys=0.00, real=0.04 secs] 
2019-06-08T22:28:36.897+0300: 17.007: [GC (Allocation Failure) [PSYoungGen: 128512K->448K(149504K)] 157862K->29798K(491008K), 0.0042519 secs] [Times: user=0.00 sys=0.03, real=0.01 secs] 
2019-06-08T22:28:40.581+0300: 20.691: [GC (Allocation Failure) [PSYoungGen: 128960K->544K(129536K)] 158310K->29894K(471040K), 0.0045786 secs] [Times: user=0.03 sys=0.00, real=0.00 secs] 
2019-06-08T22:28:44.248+0300: 24.358: [GC (Allocation Failure) [PSYoungGen: 129056K->416K(148992K)] 158406K->29766K(490496K), 0.0037421 secs] [Times: user=0.01 sys=0.01, real=0.01 secs] 
2019-06-08T22:28:47.902+0300: 28.012: [GC (Allocation Failure) [PSYoungGen: 127392K->512K(148480K)] 156742K->29870K(489984K), 0.0044847 secs] [Times: user=0.03 sys=0.00, real=0.00 secs] 
2019-06-08T22:28:51.591+0300: 31.701: [GC (Allocation Failure) [PSYoungGen: 127488K->544K(150528K)] 156846K->29910K(492032K), 0.0038970 secs] [Times: user=0.02 sys=0.00, real=0.00 secs] 
2019-06-08T22:28:55.343+0300: 35.453: [GC (Allocation Failure) [PSYoungGen: 130592K->512K(150016K)] 159958K->29886K(491520K), 0.0669255 secs] [Times: user=0.01 sys=0.00, real=0.07 secs] 
2019-06-08T22:28:59.076+0300: 39.186: [GC (Allocation Failure) [PSYoungGen: 130560K->512K(152064K)] 159934K->29894K(493568K), 0.0031427 secs] [Times: user=0.02 sys=0.00, real=0.01 secs] 
2019-06-08T22:29:02.958+0300: 43.067: [GC (Allocation Failure) [PSYoungGen: 133632K->480K(151552K)] 163014K->29870K(493056K), 0.0042744 secs] [Times: user=0.03 sys=0.00, real=0.00 secs] 
2019-06-08T22:29:06.814+0300: 46.924: [GC (Allocation Failure) [PSYoungGen: 133600K->544K(153600K)] 162990K->29942K(495104K), 0.0032176 secs] [Times: user=0.01 sys=0.01, real=0.00 secs] 
2019-06-08T22:29:10.783+0300: 50.893: [GC (Allocation Failure) [PSYoungGen: 136736K->480K(153088K)] 166134K->29878K(494592K), 0.0028174 secs] [Times: user=0.01 sys=0.00, real=0.00 secs] 
2019-06-08T22:29:14.751+0300: 54.861: [GC (Allocation Failure) [PSYoungGen: 136672K->384K(155136K)] 166070K->29790K(496640K), 0.0029122 secs] [Times: user=0.01 sys=0.00, real=0.00 secs] 
2019-06-08T22:29:18.806+0300: 58.916: [GC (Allocation Failure) [PSYoungGen: 139648K->384K(154624K)] 169054K->29790K(496128K), 0.0034247 secs] [Times: user=0.01 sys=0.00, real=0.00 secs] 
2019-06-08T22:29:23.120+0300: 63.230: [GC (Allocation Failure) [PSYoungGen: 139648K->887K(156672K)] 169054K->30301K(498176K), 0.0036165 secs] [Times: user=0.01 sys=0.00, real=0.00 secs] 
2019-06-08T22:29:28.356+0300: 68.466: [GC (Allocation Failure) [PSYoungGen: 143223K->672K(156160K)] 172637K->30094K(497664K), 0.0036528 secs] [Times: user=0.01 sys=0.01, real=0.01 secs] 
2019-06-08T22:29:33.576+0300: 73.686: [GC (Allocation Failure) [PSYoungGen: 143008K->672K(158208K)] 172430K->30102K(499712K), 0.0048122 secs] [Times: user=0.03 sys=0.00, real=0.01 secs] 
2019-06-08T22:29:38.848+0300: 78.958: [GC (Allocation Failure) [PSYoungGen: 146080K->448K(157696K)] 175510K->30142K(499200K), 0.0029939 secs] [Times: user=0.01 sys=0.01, real=0.01 secs] 
2019-06-08T22:29:44.162+0300: 84.272: [GC (Allocation Failure) [PSYoungGen: 145856K->416K(159744K)] 175550K->30142K(501248K), 0.0032693 secs] [Times: user=0.01 sys=0.00, real=0.00 secs] 
22:29:54.307 [Curator-PathChildrenCache-0] ERROR o.a.c.f.r.c.PathChildrenCache  - 
java.lang.IllegalStateException: instance must be started before calling this method
	at org.apache.curator.shaded.com.google.common.base.Preconditions.checkState(Preconditions.java:444)
	at org.apache.curator.framework.imps.CuratorFrameworkImpl.getChildren(CuratorFrameworkImpl.java:456)
	at org.apache.curator.framework.recipes.cache.PathChildrenCache.refresh(PathChildrenCache.java:521)
	at org.apache.curator.framework.recipes.cache.RefreshOperation.invoke(RefreshOperation.java:35)
	at org.apache.curator.framework.recipes.cache.PathChildrenCache$9.run(PathChildrenCache.java:786)
	at java.util.concurrent.Executors$RunnableAdapter.call(Executors.java:511)
	at java.util.concurrent.FutureTask.run(FutureTask.java:266)
	at java.util.concurrent.Executors$RunnableAdapter.call(Executors.java:511)
	at java.util.concurrent.FutureTask.run(FutureTask.java:266)
	at java.util.concurrent.ThreadPoolExecutor.runWorker(ThreadPoolExecutor.java:1149)
	at java.util.concurrent.ThreadPoolExecutor$Worker.run(ThreadPoolExecutor.java:624)
	at java.lang.Thread.run(Thread.java:748)
Heap
 PSYoungGen      total 159744K, used 57766K [0x00000000f5980000, 0x0000000100000000, 0x0000000100000000)
  eden space 148480K, 38% used [0x00000000f5980000,0x00000000f91817d8,0x00000000fea80000)
  from space 11264K, 3% used [0x00000000ff500000,0x00000000ff568030,0x0000000100000000)
  to   space 10752K, 0% used [0x00000000fea80000,0x00000000fea80000,0x00000000ff500000)
 ParOldGen       total 341504K, used 29726K [0x00000000e0c00000, 0x00000000f5980000, 0x00000000f5980000)
  object space 341504K, 8% used [0x00000000e0c00000,0x00000000e2907a40,0x00000000f5980000)
 Metaspace       used 36238K, capacity 37094K, committed 37464K, reserved 1081344K
  class space    used 4978K, capacity 5161K, committed 5248K, reserved 1048576K
