20:20:42,063 |-INFO in ch.qos.logback.classic.LoggerContext[default] - Could NOT find resource [logback-test.xml]
20:20:42,063 |-INFO in ch.qos.logback.classic.LoggerContext[default] - Could NOT find resource [logback.groovy]
20:20:42,063 |-INFO in ch.qos.logback.classic.LoggerContext[default] - Found resource [logback.xml] at [jar:file:/home/ubuntu/flamestream/lib/flamestream-runtime-1.0-SNAPSHOT.jar!/logback.xml]
20:20:42,064 |-WARN in ch.qos.logback.classic.LoggerContext[default] - Resource [logback.xml] occurs multiple times on the classpath.
20:20:42,064 |-WARN in ch.qos.logback.classic.LoggerContext[default] - Resource [logback.xml] occurs at [jar:file:/home/ubuntu/flamestream/flamestream-runtime-1.0-SNAPSHOT.jar!/logback.xml]
20:20:42,064 |-WARN in ch.qos.logback.classic.LoggerContext[default] - Resource [logback.xml] occurs at [jar:file:/home/ubuntu/flamestream/lib/flamestream-runtime-1.0-SNAPSHOT.jar!/logback.xml]
20:20:42,098 |-INFO in ch.qos.logback.core.joran.spi.ConfigurationWatchList@4678c730 - URL [jar:file:/home/ubuntu/flamestream/lib/flamestream-runtime-1.0-SNAPSHOT.jar!/logback.xml] is not of type file
20:20:42,167 |-INFO in ch.qos.logback.classic.joran.action.ConfigurationAction - debug attribute not set
20:20:42,168 |-INFO in ch.qos.logback.core.joran.action.AppenderAction - About to instantiate appender of type [ch.qos.logback.core.ConsoleAppender]
20:20:42,188 |-INFO in ch.qos.logback.core.joran.action.AppenderAction - Naming appender as [STDOUT]
20:20:42,199 |-INFO in ch.qos.logback.core.joran.action.NestedComplexPropertyIA - Assuming default type [ch.qos.logback.classic.encoder.PatternLayoutEncoder] for [encoder] property
20:20:42,288 |-INFO in ch.qos.logback.core.joran.action.AppenderAction - About to instantiate appender of type [ch.qos.logback.core.rolling.RollingFileAppender]
20:20:42,295 |-INFO in ch.qos.logback.core.joran.action.AppenderAction - Naming appender as [FILE]
20:20:42,327 |-INFO in c.q.l.core.rolling.TimeBasedRollingPolicy@1734853116 - No compression will be used
20:20:42,333 |-INFO in c.q.l.core.rolling.TimeBasedRollingPolicy@1734853116 - Will use the pattern /tmp/application_%d{yyyy-MM-dd}.%i.log for the active file
20:20:42,337 |-INFO in ch.qos.logback.core.rolling.SizeAndTimeBasedFNATP@29ee9faa - The date pattern is 'yyyy-MM-dd' from file name pattern '/tmp/application_%d{yyyy-MM-dd}.%i.log'.
20:20:42,337 |-INFO in ch.qos.logback.core.rolling.SizeAndTimeBasedFNATP@29ee9faa - Roll-over at midnight.
20:20:42,342 |-INFO in ch.qos.logback.core.rolling.SizeAndTimeBasedFNATP@29ee9faa - Setting initial period to Fri Sep 27 20:13:19 UTC 2019
20:20:42,343 |-WARN in ch.qos.logback.core.rolling.SizeAndTimeBasedFNATP@29ee9faa - SizeAndTimeBasedFNATP is deprecated. Use SizeAndTimeBasedRollingPolicy instead
20:20:42,343 |-WARN in ch.qos.logback.core.rolling.SizeAndTimeBasedFNATP@29ee9faa - For more information see http://logback.qos.ch/manual/appenders.html#SizeAndTimeBasedRollingPolicy
20:20:42,347 |-INFO in ch.qos.logback.core.joran.action.NestedComplexPropertyIA - Assuming default type [ch.qos.logback.classic.encoder.PatternLayoutEncoder] for [encoder] property
20:20:42,355 |-INFO in ch.qos.logback.core.rolling.RollingFileAppender[FILE] - Active log file name: /tmp/application.log
20:20:42,355 |-INFO in ch.qos.logback.core.rolling.RollingFileAppender[FILE] - File property is set to [/tmp/application.log]
20:20:42,356 |-INFO in ch.qos.logback.classic.joran.action.RootLoggerAction - Setting level of ROOT logger to INFO
20:20:42,356 |-INFO in ch.qos.logback.core.joran.action.AppenderRefAction - Attaching appender named [STDOUT] to Logger[ROOT]
20:20:42,357 |-INFO in ch.qos.logback.core.joran.action.AppenderRefAction - Attaching appender named [FILE] to Logger[ROOT]
20:20:42,357 |-INFO in ch.qos.logback.classic.joran.action.ConfigurationAction - End of configuration.
20:20:42,358 |-INFO in ch.qos.logback.classic.joran.JoranConfigurator@c038203 - Registering current configuration as safe fallback point

20:20:42.364 [main] INFO  c.s.f.r.WorkerApplication  - Starting worker with workerConfig 'WorkerConfig{id='flamestream-benchmarks-worker-1', localAddress=flamestream-benchmarks-worker-1/10.0.0.10:5412, zkString='flamestream-benchmarks-manager:12181', snapshotPath='/home/ubuntu/flamestream/data', guarantees=AT_MOST_ONCE}'
20:20:43.786 [worker-akka.actor.default-dispatcher-6] INFO  a.e.s.Slf4jLogger  - Slf4jLogger started
2019-09-27T20:20:43.936+0000: 2.213: [Full GC (Metadata GC Threshold) 2019-09-27T20:20:43.936+0000: 2.213: [Tenured: 0K->13624K(1024000K), 0.0515454 secs] 139471K->13624K(1484800K), [Metaspace: 20219K->20219K(1067008K)], 0.0516570 secs] [Times: user=0.04 sys=0.01, real=0.05 secs] 
20:20:44.083 [worker-akka.actor.default-dispatcher-6] WARN  a.r.RemoteActorRefProvider akka.remote.RemoteActorRefProvider - Using the 'remote' ActorRefProvider directly, which is a low-level layer. For most use cases, the 'cluster' abstraction on top of remoting is more suitable instead.
20:20:44.089 [worker-akka.actor.default-dispatcher-6] WARN  a.r.RemoteActorRefProvider akka.remote.RemoteActorRefProvider - Akka Cluster not in use - Using Akka Cluster is recommended if you need remote watch and deploy.
20:20:44.208 [worker-akka.actor.default-dispatcher-6] INFO  a.r.a.a.ArteryAeronUdpTransport(akka://worker) akka.remote.artery.aeron.ArteryAeronUdpTransport(akka://worker) - Started embedded media driver in directory [/dev/shm/aeron-flamestream-benchmarks-worker-1]
20:20:44.236 [worker-akka.actor.default-dispatcher-6] WARN  a.r.a.a.ArteryAeronUdpTransport(akka://worker) akka.remote.artery.aeron.ArteryAeronUdpTransport(akka://worker) - Aeron CnC version mismatch: compiled version = 15, file version = 16
20:20:44.491 [worker-akka.actor.default-dispatcher-6] INFO  a.r.a.a.ArteryAeronUdpTransport(akka://worker) akka.remote.artery.aeron.ArteryAeronUdpTransport(akka://worker) - Remoting started with transport [Artery aeron-udp]; listening on address [akka://worker@flamestream-benchmarks-worker-1:5412] and bound to [akka://worker@0.0.0.0:5412] with UID [-4390488982120846134]
20:20:45.070 [worker-akka.actor.default-dispatcher-6] WARN  a.s.Serialization(akka://worker) akka.serialization.Serialization(akka://worker) - Using serializer [com.romix.akka.serialization.kryo.KryoSerializer] for message [akka.actor.ActorSelectionMessage]. Note that this serializer is not implemented by Akka. It's not recommended to replace serializers for messages provided by Akka.
20:20:45.071 [worker-akka.actor.default-dispatcher-6] WARN  a.s.Serialization(akka://worker) akka.serialization.Serialization(akka://worker) - Using serializer [com.romix.akka.serialization.kryo.KryoSerializer] for message [akka.actor.ActorIdentity]. Note that this serializer is not implemented by Akka. It's not recommended to replace serializers for messages provided by Akka.
20:20:45.121 [worker-akka.actor.default-dispatcher-9] INFO  a.a.RepointableActorRef akka://worker/user/watcher - Starting...
20:20:45.229 [worker-akka.actor.default-dispatcher-6] INFO  o.a.c.u.Compatibility  - Running in ZooKeeper 3.4.x compatibility mode
20:20:45.283 [worker-akka.actor.default-dispatcher-6] INFO  o.a.c.f.i.CuratorFrameworkImpl  - Starting
20:20:45.307 [worker-akka.actor.default-dispatcher-6] INFO  o.a.z.ZooKeeper  - Client environment:zookeeper.version=3.4.14-4c25d480e66aadd371de8bd2fd8da255ac140bcf, built on 03/06/2019 16:18 GMT
20:20:45.307 [worker-akka.actor.default-dispatcher-6] INFO  o.a.z.ZooKeeper  - Client environment:host.name=flamestream-benchmarks-worker-1
20:20:45.308 [worker-akka.actor.default-dispatcher-6] INFO  o.a.z.ZooKeeper  - Client environment:java.version=1.8.0_222
20:20:45.308 [worker-akka.actor.default-dispatcher-6] INFO  o.a.z.ZooKeeper  - Client environment:java.vendor=Private Build
20:20:45.310 [worker-akka.actor.default-dispatcher-6] INFO  o.a.z.ZooKeeper  - Client environment:java.home=/usr/lib/jvm/java-8-openjdk-amd64/jre
20:20:45.311 [worker-akka.actor.default-dispatcher-6] INFO  o.a.z.ZooKeeper  - Client environment:java.class.path=lib/curator-framework-4.0.1.jar:lib/commons-csv-1.4.jar:lib/aeron-client-1.21.2.jar:lib/scala-library-2.12.9.jar:lib/asm-5.0.4.jar:lib/agrona-1.0.1.jar:lib/curator-recipes-4.0.1.jar:lib/akka-testkit_2.12-2.6.0-M6.jar:lib/flamestream-runtime-1.0-SNAPSHOT.jar:lib/jsr305-3.0.2.jar:lib/trove4j-3.0.3.jar:lib/flamestream-core-1.0-SNAPSHOT.jar:lib/commons-io-2.4.jar:lib/minlog-1.3.0.jar:lib/kryonet-2.21.jar:lib/commons-1.4.9.jar:lib/jline-0.9.94.jar:lib/akka-remote_2.12-2.6.0-M6.jar:lib/leveldbjni-all-1.8.jar:lib/lz4-1.3.0.jar:lib/slf4j-api-1.7.24.jar:lib/scala-parser-combinators_2.12-1.1.2.jar:lib/flamestream-core-1.0-SNAPSHOT-tests.jar:lib/logback-core-1.2.3.jar:lib/netty-3.10.6.Final.jar:lib/protobuf-java-3.9.0.jar:lib/minlog-1.2.jar:lib/leveldb-api-0.7.jar:lib/jool-0.9.12.jar:lib/commons-cli-1.4.jar:lib/jblas-1.2.4.jar:lib/reflectasm-1.11.3.jar:lib/reflectasm-1.07-shaded.jar:lib/audience-annotations-0.5.0.jar:lib/jackson-annotations-2.9.6.jar:lib/commons-lang-2.6.jar:lib/ssl-config-core_2.12-0.3.8.jar:lib/annotations-13.0.jar:lib/logback-classic-1.2.3.jar:lib/guava-21.0.jar:lib/reactive-streams-1.0.2.jar:lib/spotbugs-annotations-3.1.9.jar:lib/leveldb-0.7.jar:lib/commons-pool2-2.4.2.jar:lib/rocksdbjni-5.5.1.jar:lib/jackson-core-2.9.9.jar:lib/jackson-databind-2.9.9.2.jar:lib/akka-protobuf-v3_2.12-2.6.0-M6.jar:lib/jackson-annotations-2.9.0.jar:lib/flamestream-examples-1.0-SNAPSHOT.jar:lib/objenesis-2.1.jar:lib/akka-kryo-serialization_2.12-0.5.2.jar:lib/scala-java8-compat_2.12-0.8.0.jar:lib/zookeeper-3.4.14.jar:lib/akka-slf4j_2.12-2.6.0-M6.jar:lib/kryo-4.0.0.jar:lib/akka-stream_2.12-2.6.0-M6.jar:lib/slf4j-simple-2.0.0-alpha0.jar:lib/aeron-driver-1.21.2.jar:lib/config-1.3.1.jar:lib/annotations-12.0.jar:lib/jedis-2.9.0.jar:lib/jcommander-1.48.jar:lib/testng-6.10.jar:lib/akka-actor_2.12-2.6.0-M6.jar:lib/curator-client-4.0.1.jar:flamestream-runtime-1.0-SNAPSHOT.jar
20:20:45.314 [worker-akka.actor.default-dispatcher-6] INFO  o.a.z.ZooKeeper  - Client environment:java.library.path=/usr/java/packages/lib/amd64:/usr/lib/x86_64-linux-gnu/jni:/lib/x86_64-linux-gnu:/usr/lib/x86_64-linux-gnu:/usr/lib/jni:/lib:/usr/lib
20:20:45.314 [worker-akka.actor.default-dispatcher-6] INFO  o.a.z.ZooKeeper  - Client environment:java.io.tmpdir=/tmp
20:20:45.315 [worker-akka.actor.default-dispatcher-6] INFO  o.a.z.ZooKeeper  - Client environment:java.compiler=<NA>
20:20:45.315 [worker-akka.actor.default-dispatcher-6] INFO  o.a.z.ZooKeeper  - Client environment:os.name=Linux
20:20:45.315 [worker-akka.actor.default-dispatcher-6] INFO  o.a.z.ZooKeeper  - Client environment:os.arch=amd64
20:20:45.315 [worker-akka.actor.default-dispatcher-6] INFO  o.a.z.ZooKeeper  - Client environment:os.version=4.15.0-1040-gcp
20:20:45.316 [worker-akka.actor.default-dispatcher-6] INFO  o.a.z.ZooKeeper  - Client environment:user.name=ubuntu
20:20:45.316 [worker-akka.actor.default-dispatcher-6] INFO  o.a.z.ZooKeeper  - Client environment:user.home=/home/ubuntu
20:20:45.316 [worker-akka.actor.default-dispatcher-6] INFO  o.a.z.ZooKeeper  - Client environment:user.dir=/home/ubuntu/flamestream
20:20:45.319 [worker-akka.actor.default-dispatcher-6] INFO  o.a.z.ZooKeeper  - Initiating client connection, connectString=flamestream-benchmarks-manager:12181 sessionTimeout=60000 watcher=org.apache.curator.ConnectionState@831da6f
20:20:45.369 [worker-akka.actor.default-dispatcher-6-SendThread(flamestream-benchmarks-manager:12181)] INFO  o.a.z.ClientCnxn  - Opening socket connection to server flamestream-benchmarks-manager/10.0.0.2:12181. Will not attempt to authenticate using SASL (unknown error)
20:20:45.371 [worker-akka.actor.default-dispatcher-6] INFO  o.a.c.f.i.CuratorFrameworkImpl  - Default schema
20:20:45.376 [worker-akka.actor.default-dispatcher-6-SendThread(flamestream-benchmarks-manager:12181)] INFO  o.a.z.ClientCnxn  - Socket connection established to flamestream-benchmarks-manager/10.0.0.2:12181, initiating session
20:20:45.387 [worker-akka.actor.default-dispatcher-6-SendThread(flamestream-benchmarks-manager:12181)] INFO  o.a.z.ClientCnxn  - Session establishment complete on server flamestream-benchmarks-manager/10.0.0.2:12181, sessionid = 0x100009d93da0002, negotiated timeout = 60000
20:20:45.395 [worker-akka.actor.default-dispatcher-6-EventThread] INFO  o.a.c.f.s.ConnectionStateManager  - State change: CONNECTED
20:20:45.398 [worker-akka.actor.default-dispatcher-9] INFO  a.a.RepointableActorRef akka://worker/user/watcher - Initializing rocksDB backend
2019-09-27T20:20:46.188+0000: 4.466: [Full GC (Metadata GC Threshold) 2019-09-27T20:20:46.188+0000: 4.466: [Tenured: 13624K->25935K(1024000K), 0.1411593 secs] 167668K->25935K(1484800K), [Metaspace: 33698K->33698K(1079296K)], 0.1412580 secs] [Times: user=0.13 sys=0.02, real=0.14 secs] 
20:20:46.406 [worker-akka.actor.default-dispatcher-6] INFO  a.a.LocalActorRef akka://worker/user/watcher/processing-watcher - Starting...
20:20:46.435 [worker-akka.actor.default-dispatcher-9] INFO  a.a.LocalActorRef akka://worker/user/watcher/acker - Starting...
20:20:58.220 [worker-akka.actor.default-dispatcher-11] INFO  a.a.LocalActorRef akka://worker/user/watcher/processing-watcher/$a - Starting...
20:20:58.254 [worker-akka.actor.default-dispatcher-11] INFO  a.a.LocalActorRef akka://worker/user/watcher/processing-watcher/$a - Stopped
20:20:58.378 [worker-akka.actor.default-dispatcher-13] INFO  a.a.LocalActorRef akka://worker/user/watcher/processing-watcher/$c/$a - Starting...
20:20:58.382 [worker-akka.actor.default-dispatcher-13] INFO  a.a.LocalActorRef akka://worker/user/watcher/processing-watcher/$c - Starting...
20:21:07.661 [worker-akka.actor.default-dispatcher-9] INFO  a.a.LocalActorRef akka://worker/user/watcher/processing-watcher/graph/graph - Starting...
2019-09-27T20:21:08.379+0000: 26.656: [GC (Allocation Failure) 2019-09-27T20:21:08.379+0000: 26.656: [DefNew: 409600K->11426K(460800K), 0.0432935 secs] 435535K->37362K(1484800K), 0.0433777 secs] [Times: user=0.03 sys=0.01, real=0.05 secs] 
20:21:08.961 [worker-akka.actor.default-dispatcher-14] INFO  a.a.LocalActorRef akka://worker/user/watcher/processing-watcher/graph/graph - Finishing constructor
20:21:08.966 [worker-akka.actor.default-dispatcher-11] INFO  a.a.LocalActorRef akka://worker/user/watcher/processing-watcher/graph/edge - Starting...
20:21:08.966 [worker-akka.actor.default-dispatcher-11] INFO  a.a.LocalActorRef akka://worker/user/watcher/processing-watcher/graph/negotiator - Starting...
20:21:08.973 [worker-akka.actor.default-dispatcher-9] INFO  a.a.LocalActorRef akka://worker/user/watcher/processing-watcher/graph - Starting FlameNode with config 'ClusterConfig{paths={flamestream-benchmarks-worker-1=akka://worker@flamestream-benchmarks-worker-1:5412/user/watcher/processing-watcher/graph, flamestream-benchmarks-worker-0=akka://worker@flamestream-benchmarks-worker-0:5412/user/watcher/processing-watcher/graph, flamestream-benchmarks-worker-9=akka://worker@flamestream-benchmarks-worker-9:5412/user/watcher/processing-watcher/graph, flamestream-benchmarks-worker-8=akka://worker@flamestream-benchmarks-worker-8:5412/user/watcher/processing-watcher/graph, flamestream-benchmarks-worker-7=akka://worker@flamestream-benchmarks-worker-7:5412/user/watcher/processing-watcher/graph, flamestream-benchmarks-worker-6=akka://worker@flamestream-benchmarks-worker-6:5412/user/watcher/processing-watcher/graph, flamestream-benchmarks-worker-5=akka://worker@flamestream-benchmarks-worker-5:5412/user/watcher/processing-watcher/graph, flamestream-benchmarks-worker-19=akka://worker@flamestream-benchmarks-worker-19:5412/user/watcher/processing-watcher/graph, flamestream-benchmarks-worker-4=akka://worker@flamestream-benchmarks-worker-4:5412/user/watcher/processing-watcher/graph, flamestream-benchmarks-worker-18=akka://worker@flamestream-benchmarks-worker-18:5412/user/watcher/processing-watcher/graph, flamestream-benchmarks-worker-3=akka://worker@flamestream-benchmarks-worker-3:5412/user/watcher/processing-watcher/graph, flamestream-benchmarks-worker-17=akka://worker@flamestream-benchmarks-worker-17:5412/user/watcher/processing-watcher/graph, flamestream-benchmarks-worker-2=akka://worker@flamestream-benchmarks-worker-2:5412/user/watcher/processing-watcher/graph, flamestream-benchmarks-worker-16=akka://worker@flamestream-benchmarks-worker-16:5412/user/watcher/processing-watcher/graph, flamestream-benchmarks-worker-15=akka://worker@flamestream-benchmarks-worker-15:5412/user/watcher/processing-watcher/graph, flamestream-benchmarks-worker-14=akka://worker@flamestream-benchmarks-worker-14:5412/user/watcher/processing-watcher/graph, flamestream-benchmarks-worker-13=akka://worker@flamestream-benchmarks-worker-13:5412/user/watcher/processing-watcher/graph, flamestream-benchmarks-worker-12=akka://worker@flamestream-benchmarks-worker-12:5412/user/watcher/processing-watcher/graph, flamestream-benchmarks-worker-11=akka://worker@flamestream-benchmarks-worker-11:5412/user/watcher/processing-watcher/graph, flamestream-benchmarks-worker-10=akka://worker@flamestream-benchmarks-worker-10:5412/user/watcher/processing-watcher/graph}}'
20:21:08.994 [worker-akka.actor.default-dispatcher-9] INFO  a.a.LocalActorRef akka://worker/user/watcher/processing-watcher/graph/negotiator - Requesting ticket for the frontClass FlameSocketGraphDeployerFront@flamestream-benchmarks-worker-1
20:21:09.029 [worker-akka.actor.default-dispatcher-13] INFO  c.s.f.r.e.s.SocketRear  - FlameSocketGraphDeployerRear@flamestream-benchmarks-worker-1: connecting to flamestream-benchmarks-manager:5678
20:21:09.053 [worker-akka.actor.default-dispatcher-6] INFO  a.a.LocalActorRef akka://worker/user/watcher/processing-watcher/graph/edge/FlameSocketGraphDeployerFront - Starting...
20:21:09.059 [worker-akka.actor.default-dispatcher-13] INFO  c.s.f.r.e.s.SocketRear  - FlameSocketGraphDeployerRear@flamestream-benchmarks-worker-1: connected to flamestream-benchmarks-manager:5678
20:21:09.061 [worker-akka.actor.default-dispatcher-13] INFO  a.a.LocalActorRef akka://worker/user/watcher/processing-watcher/graph/edge/FlameSocketGraphDeployerRear - Starting...
20:21:09.085 [worker-akka.actor.default-dispatcher-15] INFO  a.a.LocalActorRef akka://worker/user/watcher/processing-watcher/graph/graph - Received last commit 'LastCommit{globalTime=(0000000, min@min)}'
20:21:09.184 [worker-akka.actor.default-dispatcher-15] INFO  a.a.LocalActorRef akka://worker/user/watcher/processing-watcher/graph/graph/$a - Starting...
20:21:09.185 [worker-akka.actor.default-dispatcher-13] INFO  a.a.LocalActorRef akka://worker/user/watcher/processing-watcher/graph/graph/$b - Starting...
20:21:09.187 [worker-akka.actor.default-dispatcher-15] INFO  a.a.LocalActorRef akka://worker/user/watcher/processing-watcher/graph/graph/$c - Starting...
20:21:09.190 [worker-akka.actor.default-dispatcher-15] INFO  a.a.LocalActorRef akka://worker/user/watcher/processing-watcher/graph/graph/$d - Starting...
20:21:09.190 [worker-akka.actor.default-dispatcher-15] INFO  a.a.LocalActorRef akka://worker/user/watcher/processing-watcher/graph/graph/$e - Starting...
20:21:09.191 [worker-akka.actor.default-dispatcher-13] INFO  a.a.LocalActorRef akka://worker/user/watcher/processing-watcher/graph/graph/$f - Starting...
20:21:09.195 [worker-akka.actor.default-dispatcher-15] INFO  a.a.LocalActorRef akka://worker/user/watcher/processing-watcher/graph/graph/$g - Starting...
20:21:09.200 [worker-akka.actor.default-dispatcher-15] INFO  a.a.LocalActorRef akka://worker/user/watcher/processing-watcher/graph/graph/$h - Starting...
20:21:09.212 [worker-akka.actor.default-dispatcher-15] INFO  a.a.LocalActorRef akka://worker/user/watcher/processing-watcher/graph/graph/$i - Starting...
20:21:09.247 [worker-akka.actor.default-dispatcher-13] INFO  a.a.LocalActorRef akka://worker/user/watcher/processing-watcher/graph/graph/$i - Attached rear to graph (-9223372036854775808, min@min)
20:21:09.335 [worker-akka.actor.default-dispatcher-15] INFO  a.a.LocalActorRef akka://worker/user/watcher/processing-watcher/graph/negotiator - Ticket for the frontClass received: FrontTicket{allowedTimestamp=(0000000, FlameSocketGraphDeployerFront@flamestream-benchmarks-worker-1)}
20:21:09.338 [worker-akka.actor.default-dispatcher-13] INFO  c.s.f.r.e.s.SocketFront  - FlameSocketGraphDeployerFront@flamestream-benchmarks-worker-1: connecting to flamestream-benchmarks-manager:4567
20:21:09.345 [worker-akka.actor.default-dispatcher-15] INFO  a.a.LocalActorRef akka://worker/user/watcher/acker - Unregistering front FlameSocketGraphDeployerFront@flamestream-benchmarks-worker-0
20:21:09.444 [Client] INFO  c.s.f.r.e.s.SocketFront  - FlameSocketGraphDeployerFront@flamestream-benchmarks-worker-1 has been disconnected from Connection 2
20:21:09.451 [worker-akka.actor.default-dispatcher-13] INFO  a.a.LocalActorRef akka://worker/user/watcher/acker - Unregistering front FlameSocketGraphDeployerFront@flamestream-benchmarks-worker-1
2019-09-27T20:21:15.790+0000: 34.067: [GC (Allocation Failure) 2019-09-27T20:21:15.790+0000: 34.067: [DefNew: 421026K->30470K(460800K), 0.0355214 secs] 446962K->56406K(1484800K), 0.0356275 secs] [Times: user=0.02 sys=0.03, real=0.03 secs] 
2019-09-27T20:21:23.771+0000: 42.048: [GC (Allocation Failure) 2019-09-27T20:21:23.771+0000: 42.048: [DefNew: 440070K->21232K(460800K), 0.0379539 secs] 466006K->56290K(1484800K), 0.0380498 secs] [Times: user=0.03 sys=0.01, real=0.04 secs] 
2019-09-27T20:21:31.329+0000: 49.607: [GC (Allocation Failure) 2019-09-27T20:21:31.330+0000: 49.607: [DefNew: 430832K->21332K(460800K), 0.0091396 secs] 465890K->56390K(1484800K), 0.0092480 secs] [Times: user=0.01 sys=0.00, real=0.00 secs] 
2019-09-27T20:21:38.850+0000: 57.128: [GC (Allocation Failure) 2019-09-27T20:21:38.850+0000: 57.128: [DefNew: 430932K->21338K(460800K), 0.0092542 secs] 465990K->56396K(1484800K), 0.0093599 secs] [Times: user=0.01 sys=0.00, real=0.01 secs] 
2019-09-27T20:21:46.296+0000: 64.573: [GC (Allocation Failure) 2019-09-27T20:21:46.296+0000: 64.573: [DefNew: 430938K->21735K(460800K), 0.0101378 secs] 465996K->56793K(1484800K), 0.0102268 secs] [Times: user=0.01 sys=0.00, real=0.01 secs] 
2019-09-27T20:21:55.042+0000: 73.319: [GC (Allocation Failure) 2019-09-27T20:21:55.042+0000: 73.319: [DefNew: 431335K->21587K(460800K), 0.0106829 secs] 466393K->56645K(1484800K), 0.0107735 secs] [Times: user=0.01 sys=0.00, real=0.01 secs] 
2019-09-27T20:22:03.914+0000: 82.191: [GC (Allocation Failure) 2019-09-27T20:22:03.914+0000: 82.191: [DefNew: 431187K->21617K(460800K), 0.0099017 secs] 466245K->56674K(1484800K), 0.0100135 secs] [Times: user=0.01 sys=0.00, real=0.01 secs] 
2019-09-27T20:22:12.854+0000: 91.131: [GC (Allocation Failure) 2019-09-27T20:22:12.854+0000: 91.131: [DefNew: 431217K->21622K(460800K), 0.0111462 secs] 466274K->56680K(1484800K), 0.0112695 secs] [Times: user=0.02 sys=0.00, real=0.01 secs] 
2019-09-27T20:22:21.756+0000: 100.033: [GC (Allocation Failure) 2019-09-27T20:22:21.756+0000: 100.033: [DefNew: 431222K->21623K(460800K), 0.0100601 secs] 466280K->56680K(1484800K), 0.0101496 secs] [Times: user=0.01 sys=0.00, real=0.01 secs] 
2019-09-27T20:22:30.656+0000: 108.933: [GC (Allocation Failure) 2019-09-27T20:22:30.656+0000: 108.933: [DefNew: 431223K->21619K(460800K), 0.0096574 secs] 466280K->56676K(1484800K), 0.0097577 secs] [Times: user=0.01 sys=0.00, real=0.01 secs] 
2019-09-27T20:22:39.573+0000: 117.850: [GC (Allocation Failure) 2019-09-27T20:22:39.573+0000: 117.850: [DefNew: 431219K->21622K(460800K), 0.0096679 secs] 466276K->56680K(1484800K), 0.0097510 secs] [Times: user=0.01 sys=0.00, real=0.01 secs] 
2019-09-27T20:22:48.354+0000: 126.632: [GC (Allocation Failure) 2019-09-27T20:22:48.354+0000: 126.632: [DefNew: 431222K->21687K(460800K), 0.0101599 secs] 466280K->56745K(1484800K), 0.0102429 secs] [Times: user=0.00 sys=0.00, real=0.01 secs] 
2019-09-27T20:22:57.118+0000: 135.395: [GC (Allocation Failure) 2019-09-27T20:22:57.118+0000: 135.395: [DefNew: 431287K->21714K(460800K), 0.0097158 secs] 466345K->56772K(1484800K), 0.0098091 secs] [Times: user=0.01 sys=0.00, real=0.01 secs] 
2019-09-27T20:23:05.844+0000: 144.121: [GC (Allocation Failure) 2019-09-27T20:23:05.844+0000: 144.121: [DefNew: 431314K->21708K(460800K), 0.0096362 secs] 466372K->56766K(1484800K), 0.0097306 secs] [Times: user=0.00 sys=0.00, real=0.01 secs] 
2019-09-27T20:23:14.598+0000: 152.876: [GC (Allocation Failure) 2019-09-27T20:23:14.598+0000: 152.876: [DefNew: 431308K->21716K(460800K), 0.0092663 secs] 466366K->56773K(1484800K), 0.0093547 secs] [Times: user=0.01 sys=0.00, real=0.02 secs] 
2019-09-27T20:23:23.403+0000: 161.680: [GC (Allocation Failure) 2019-09-27T20:23:23.403+0000: 161.680: [DefNew: 431316K->600K(460800K), 0.0245801 secs] 466373K->56771K(1484800K), 0.0246751 secs] [Times: user=0.01 sys=0.01, real=0.03 secs] 
2019-09-27T20:23:32.174+0000: 170.451: [GC (Allocation Failure) 2019-09-27T20:23:32.174+0000: 170.451: [DefNew: 410200K->535K(460800K), 0.0038287 secs] 466371K->56772K(1484800K), 0.0039167 secs] [Times: user=0.00 sys=0.00, real=0.00 secs] 
2019-09-27T20:23:40.961+0000: 179.238: [GC (Allocation Failure) 2019-09-27T20:23:40.961+0000: 179.238: [DefNew: 410135K->432K(460800K), 0.0033860 secs] 466372K->56770K(1484800K), 0.0034810 secs] [Times: user=0.00 sys=0.00, real=0.00 secs] 
2019-09-27T20:23:49.702+0000: 187.979: [GC (Allocation Failure) 2019-09-27T20:23:49.702+0000: 187.979: [DefNew: 410032K->516K(460800K), 0.0036956 secs] 466370K->56857K(1484800K), 0.0037957 secs] [Times: user=0.01 sys=0.00, real=0.00 secs] 
2019-09-27T20:23:58.443+0000: 196.721: [GC (Allocation Failure) 2019-09-27T20:23:58.443+0000: 196.721: [DefNew: 410116K->353K(460800K), 0.0034118 secs] 466457K->56851K(1484800K), 0.0035000 secs] [Times: user=0.01 sys=0.00, real=0.00 secs] 
2019-09-27T20:24:07.178+0000: 205.455: [GC (Allocation Failure) 2019-09-27T20:24:07.178+0000: 205.455: [DefNew: 409953K->279K(460800K), 0.0032586 secs] 466451K->56851K(1484800K), 0.0033355 secs] [Times: user=0.01 sys=0.00, real=0.01 secs] 
2019-09-27T20:24:15.899+0000: 214.176: [GC (Allocation Failure) 2019-09-27T20:24:15.899+0000: 214.176: [DefNew: 409879K->248K(460800K), 0.0029939 secs] 466451K->56853K(1484800K), 0.0030862 secs] [Times: user=0.00 sys=0.00, real=0.01 secs] 
2019-09-27T20:24:24.674+0000: 222.951: [GC (Allocation Failure) 2019-09-27T20:24:24.674+0000: 222.951: [DefNew: 409848K->244K(460800K), 0.0028794 secs] 466453K->56851K(1484800K), 0.0029645 secs] [Times: user=0.00 sys=0.00, real=0.00 secs] 
2019-09-27T20:24:33.383+0000: 231.661: [GC (Allocation Failure) 2019-09-27T20:24:33.383+0000: 231.661: [DefNew: 409844K->244K(460800K), 0.0028285 secs] 466451K->56851K(1484800K), 0.0029072 secs] [Times: user=0.00 sys=0.00, real=0.00 secs] 
2019-09-27T20:24:42.080+0000: 240.357: [GC (Allocation Failure) 2019-09-27T20:24:42.080+0000: 240.357: [DefNew: 409844K->245K(460800K), 0.0028223 secs] 466451K->56853K(1484800K), 0.0029002 secs] [Times: user=0.00 sys=0.00, real=0.00 secs] 
2019-09-27T20:24:50.784+0000: 249.061: [GC (Allocation Failure) 2019-09-27T20:24:50.784+0000: 249.061: [DefNew: 409845K->280K(460800K), 0.0030025 secs] 466453K->56888K(1484800K), 0.0030890 secs] [Times: user=0.01 sys=0.00, real=0.00 secs] 
2019-09-27T20:24:59.444+0000: 257.721: [GC (Allocation Failure) 2019-09-27T20:24:59.444+0000: 257.721: [DefNew: 409880K->209K(460800K), 0.0029521 secs] 466488K->56885K(1484800K), 0.0030525 secs] [Times: user=0.00 sys=0.01, real=0.00 secs] 
2019-09-27T20:25:08.128+0000: 266.405: [GC (Allocation Failure) 2019-09-27T20:25:08.128+0000: 266.405: [DefNew: 409809K->187K(460800K), 0.0027320 secs] 466485K->56882K(1484800K), 0.0028162 secs] [Times: user=0.00 sys=0.00, real=0.00 secs] 
2019-09-27T20:25:16.798+0000: 275.075: [GC (Allocation Failure) 2019-09-27T20:25:16.798+0000: 275.075: [DefNew: 409787K->188K(460800K), 0.0027998 secs] 466482K->56885K(1484800K), 0.0028820 secs] [Times: user=0.01 sys=0.00, real=0.01 secs] 
2019-09-27T20:25:25.470+0000: 283.747: [GC (Allocation Failure) 2019-09-27T20:25:25.470+0000: 283.747: [DefNew: 409788K->188K(460800K), 0.0028933 secs] 466485K->56885K(1484800K), 0.0029792 secs] [Times: user=0.00 sys=0.00, real=0.00 secs] 
2019-09-27T20:25:34.140+0000: 292.417: [GC (Allocation Failure) 2019-09-27T20:25:34.140+0000: 292.417: [DefNew: 409788K->184K(460800K), 0.0027806 secs] 466485K->56882K(1484800K), 0.0028699 secs] [Times: user=0.01 sys=0.00, real=0.00 secs] 
2019-09-27T20:25:42.749+0000: 301.026: [GC (Allocation Failure) 2019-09-27T20:25:42.749+0000: 301.026: [DefNew: 409784K->187K(460800K), 0.0028428 secs] 466482K->56885K(1484800K), 0.0029375 secs] [Times: user=0.00 sys=0.00, real=0.00 secs] 
2019-09-27T20:25:51.400+0000: 309.677: [GC (Allocation Failure) 2019-09-27T20:25:51.400+0000: 309.677: [DefNew: 409787K->235K(460800K), 0.0031541 secs] 466485K->56935K(1484800K), 0.0032342 secs] [Times: user=0.00 sys=0.00, real=0.00 secs] 
2019-09-27T20:26:00.046+0000: 318.323: [GC (Allocation Failure) 2019-09-27T20:26:00.046+0000: 318.323: [DefNew: 409835K->150K(460800K), 0.0030376 secs] 466535K->56932K(1484800K), 0.0031485 secs] [Times: user=0.01 sys=0.00, real=0.01 secs] 
2019-09-27T20:26:08.672+0000: 326.949: [GC (Allocation Failure) 2019-09-27T20:26:08.672+0000: 326.949: [DefNew: 409750K->148K(460800K), 0.0026671 secs] 466532K->56930K(1484800K), 0.0027448 secs] [Times: user=0.00 sys=0.01, real=0.00 secs] 
2019-09-27T20:26:17.312+0000: 335.589: [GC (Allocation Failure) 2019-09-27T20:26:17.312+0000: 335.590: [DefNew: 409748K->149K(460800K), 0.0028041 secs] 466530K->56931K(1484800K), 0.0028996 secs] [Times: user=0.00 sys=0.00, real=0.00 secs] 
2019-09-27T20:26:25.938+0000: 344.216: [GC (Allocation Failure) 2019-09-27T20:26:25.938+0000: 344.216: [DefNew: 409749K->148K(460800K), 0.0027090 secs] 466531K->56930K(1484800K), 0.0027993 secs] [Times: user=0.01 sys=0.00, real=0.01 secs] 
2019-09-27T20:26:34.628+0000: 352.905: [GC (Allocation Failure) 2019-09-27T20:26:34.628+0000: 352.905: [DefNew: 409748K->148K(460800K), 0.0026540 secs] 466530K->56930K(1484800K), 0.0027422 secs] [Times: user=0.00 sys=0.00, real=0.00 secs] 
2019-09-27T20:26:43.303+0000: 361.580: [GC (Allocation Failure) 2019-09-27T20:26:43.303+0000: 361.580: [DefNew: 409748K->155K(460800K), 0.0028578 secs] 466530K->56938K(1484800K), 0.0029296 secs] [Times: user=0.00 sys=0.01, real=0.00 secs] 
2019-09-27T20:26:51.976+0000: 370.254: [GC (Allocation Failure) 2019-09-27T20:26:51.976+0000: 370.254: [DefNew: 409755K->197K(460800K), 0.0029075 secs] 466538K->56980K(1484800K), 0.0029939 secs] [Times: user=0.00 sys=0.00, real=0.00 secs] 
2019-09-27T20:27:00.604+0000: 378.882: [GC (Allocation Failure) 2019-09-27T20:27:00.604+0000: 378.882: [DefNew: 409797K->168K(460800K), 0.0027769 secs] 466580K->56981K(1484800K), 0.0028637 secs] [Times: user=0.00 sys=0.00, real=0.00 secs] 
2019-09-27T20:27:09.230+0000: 387.507: [GC (Allocation Failure) 2019-09-27T20:27:09.230+0000: 387.507: [DefNew: 409768K->170K(460800K), 0.0027467 secs] 466581K->56983K(1484800K), 0.0028267 secs] [Times: user=0.01 sys=0.00, real=0.00 secs] 
2019-09-27T20:27:17.886+0000: 396.163: [GC (Allocation Failure) 2019-09-27T20:27:17.886+0000: 396.163: [DefNew: 409770K->167K(460800K), 0.0026693 secs] 466583K->56980K(1484800K), 0.0027545 secs] [Times: user=0.00 sys=0.00, real=0.01 secs] 
2019-09-27T20:27:26.517+0000: 404.794: [GC (Allocation Failure) 2019-09-27T20:27:26.517+0000: 404.794: [DefNew: 409767K->167K(460800K), 0.0027106 secs] 466580K->56980K(1484800K), 0.0027980 secs] [Times: user=0.00 sys=0.00, real=0.01 secs] 
2019-09-27T20:27:35.185+0000: 413.462: [GC (Allocation Failure) 2019-09-27T20:27:35.185+0000: 413.462: [DefNew: 409767K->167K(460800K), 0.0027307 secs] 466580K->56980K(1484800K), 0.0028153 secs] [Times: user=0.00 sys=0.00, real=0.00 secs] 
2019-09-27T20:27:43.866+0000: 422.144: [GC (Allocation Failure) 2019-09-27T20:27:43.866+0000: 422.144: [DefNew: 409767K->167K(460800K), 0.0027414 secs] 466580K->56980K(1484800K), 0.0028441 secs] [Times: user=0.00 sys=0.00, real=0.01 secs] 
2019-09-27T20:27:52.492+0000: 430.769: [GC (Allocation Failure) 2019-09-27T20:27:52.492+0000: 430.769: [DefNew: 409767K->200K(460800K), 0.0028982 secs] 466580K->57014K(1484800K), 0.0029930 secs] [Times: user=0.00 sys=0.00, real=0.00 secs] 
2019-09-27T20:28:01.124+0000: 439.401: [GC (Allocation Failure) 2019-09-27T20:28:01.124+0000: 439.401: [DefNew: 409800K->153K(460800K), 0.0027973 secs] 466614K->57014K(1484800K), 0.0028935 secs] [Times: user=0.00 sys=0.01, real=0.00 secs] 
2019-09-27T20:28:09.786+0000: 448.063: [GC (Allocation Failure) 2019-09-27T20:28:09.786+0000: 448.063: [DefNew: 409753K->153K(460800K), 0.0028134 secs] 466614K->57014K(1484800K), 0.0029079 secs] [Times: user=0.00 sys=0.00, real=0.01 secs] 
2019-09-27T20:28:18.446+0000: 456.723: [GC (Allocation Failure) 2019-09-27T20:28:18.446+0000: 456.723: [DefNew: 409753K->152K(460800K), 0.0028186 secs] 466614K->57014K(1484800K), 0.0029397 secs] [Times: user=0.00 sys=0.00, real=0.01 secs] 
2019-09-27T20:28:27.068+0000: 465.346: [GC (Allocation Failure) 2019-09-27T20:28:27.068+0000: 465.346: [DefNew: 409752K->155K(460800K), 0.0026991 secs] 466614K->57016K(1484800K), 0.0027834 secs] [Times: user=0.00 sys=0.00, real=0.00 secs] 
2019-09-27T20:28:35.699+0000: 473.976: [GC (Allocation Failure) 2019-09-27T20:28:35.699+0000: 473.976: [DefNew: 409755K->160K(460800K), 0.0028463 secs] 466616K->57022K(1484800K), 0.0029358 secs] [Times: user=0.01 sys=0.00, real=0.01 secs] 
2019-09-27T20:28:44.366+0000: 482.643: [GC (Allocation Failure) 2019-09-27T20:28:44.366+0000: 482.643: [DefNew: 409760K->161K(460800K), 0.0029403 secs] 466622K->57023K(1484800K), 0.0030587 secs] [Times: user=0.00 sys=0.00, real=0.01 secs] 
2019-09-27T20:28:53.054+0000: 491.331: [GC (Allocation Failure) 2019-09-27T20:28:53.054+0000: 491.331: [DefNew: 409761K->163K(460800K), 0.0026800 secs] 466623K->57025K(1484800K), 0.0027758 secs] [Times: user=0.00 sys=0.00, real=0.00 secs] 
2019-09-27T20:29:01.740+0000: 500.018: [GC (Allocation Failure) 2019-09-27T20:29:01.740+0000: 500.018: [DefNew: 409763K->119K(460800K), 0.0026789 secs] 466625K->57030K(1484800K), 0.0027619 secs] [Times: user=0.00 sys=0.00, real=0.00 secs] 
2019-09-27T20:29:10.402+0000: 508.680: [GC (Allocation Failure) 2019-09-27T20:29:10.402+0000: 508.680: [DefNew: 409719K->114K(460800K), 0.0027578 secs] 466630K->57025K(1484800K), 0.0028560 secs] [Times: user=0.01 sys=0.00, real=0.00 secs] 
2019-09-27T20:29:19.043+0000: 517.320: [GC (Allocation Failure) 2019-09-27T20:29:19.043+0000: 517.320: [DefNew: 409714K->114K(460800K), 0.0026666 secs] 466625K->57025K(1484800K), 0.0027577 secs] [Times: user=0.00 sys=0.00, real=0.00 secs] 
2019-09-27T20:29:27.671+0000: 525.948: [GC (Allocation Failure) 2019-09-27T20:29:27.671+0000: 525.949: [DefNew: 409714K->115K(460800K), 0.0025769 secs] 466625K->57026K(1484800K), 0.0026670 secs] [Times: user=0.00 sys=0.00, real=0.00 secs] 
2019-09-27T20:29:36.347+0000: 534.625: [GC (Allocation Failure) 2019-09-27T20:29:36.348+0000: 534.625: [DefNew: 409715K->119K(460800K), 0.0025706 secs] 466626K->57030K(1484800K), 0.0026629 secs] [Times: user=0.00 sys=0.00, real=0.01 secs] 
2019-09-27T20:29:43.943+0000: 542.220: [GC (Allocation Failure) 2019-09-27T20:29:43.943+0000: 542.220: [DefNew: 409719K->118K(460800K), 0.0026881 secs] 466630K->57029K(1484800K), 0.0027632 secs] [Times: user=0.01 sys=0.00, real=0.00 secs] 
2019-09-27T20:29:47.097+0000: 545.374: [GC (Allocation Failure) 2019-09-27T20:29:47.097+0000: 545.374: [DefNew: 409718K->153K(460800K), 0.0026862 secs] 466629K->57064K(1484800K), 0.0027787 secs] [Times: user=0.00 sys=0.00, real=0.01 secs] 
2019-09-27T20:29:50.260+0000: 548.537: [GC (Allocation Failure) 2019-09-27T20:29:50.260+0000: 548.537: [DefNew: 409753K->113K(460800K), 0.0027321 secs] 466664K->57058K(1484800K), 0.0028169 secs] [Times: user=0.00 sys=0.00, real=0.00 secs] 
2019-09-27T20:29:53.365+0000: 551.643: [GC (Allocation Failure) 2019-09-27T20:29:53.365+0000: 551.643: [DefNew: 409713K->182K(460800K), 0.0030936 secs] 466658K->57127K(1484800K), 0.0031826 secs] [Times: user=0.00 sys=0.00, real=0.01 secs] 
2019-09-27T20:29:56.574+0000: 554.852: [GC (Allocation Failure) 2019-09-27T20:29:56.574+0000: 554.852: [DefNew: 409782K->257K(460800K), 0.0030267 secs] 466727K->57202K(1484800K), 0.0031112 secs] [Times: user=0.00 sys=0.00, real=0.00 secs] 
2019-09-27T20:29:59.601+0000: 557.879: [GC (Allocation Failure) 2019-09-27T20:29:59.601+0000: 557.879: [DefNew: 409857K->378K(460800K), 0.0032519 secs] 466802K->57323K(1484800K), 0.0033455 secs] [Times: user=0.01 sys=0.00, real=0.00 secs] 
20:30:02.076 [Client] INFO  c.s.f.r.e.s.SocketRear  - FlameSocketGraphDeployerRear@flamestream-benchmarks-worker-1: has been disconnected from Connection 2
20:30:02.084 [worker-akka.actor.default-dispatcher-15] INFO  a.a.LocalActorRef akka://worker/user/watcher/acker - Unregistering front FlameSocketGraphDeployerFront@flamestream-benchmarks-worker-14
20:30:02.085 [worker-akka.actor.default-dispatcher-15] INFO  a.a.LocalActorRef akka://worker/user/watcher/acker - Unregistering front FlameSocketGraphDeployerFront@flamestream-benchmarks-worker-11
20:30:02.089 [worker-akka.actor.default-dispatcher-14] INFO  a.a.LocalActorRef akka://worker/user/watcher/acker - Unregistering front FlameSocketGraphDeployerFront@flamestream-benchmarks-worker-6
20:30:02.089 [worker-akka.actor.default-dispatcher-14] INFO  a.a.LocalActorRef akka://worker/user/watcher/acker - Unregistering front FlameSocketGraphDeployerFront@flamestream-benchmarks-worker-12
20:30:02.090 [worker-akka.actor.default-dispatcher-14] INFO  a.a.LocalActorRef akka://worker/user/watcher/acker - Unregistering front FlameSocketGraphDeployerFront@flamestream-benchmarks-worker-7
20:30:02.090 [worker-akka.actor.default-dispatcher-14] INFO  a.a.LocalActorRef akka://worker/user/watcher/acker - Unregistering front FlameSocketGraphDeployerFront@flamestream-benchmarks-worker-3
20:30:02.090 [worker-akka.actor.default-dispatcher-14] INFO  a.a.LocalActorRef akka://worker/user/watcher/acker - Unregistering front FlameSocketGraphDeployerFront@flamestream-benchmarks-worker-10
20:30:02.090 [worker-akka.actor.default-dispatcher-14] INFO  a.a.LocalActorRef akka://worker/user/watcher/acker - Unregistering front FlameSocketGraphDeployerFront@flamestream-benchmarks-worker-2
20:30:02.090 [worker-akka.actor.default-dispatcher-14] INFO  a.a.LocalActorRef akka://worker/user/watcher/acker - Unregistering front FlameSocketGraphDeployerFront@flamestream-benchmarks-worker-19
20:30:02.090 [worker-akka.actor.default-dispatcher-14] INFO  a.a.LocalActorRef akka://worker/user/watcher/acker - Unregistering front FlameSocketGraphDeployerFront@flamestream-benchmarks-worker-9
20:30:02.090 [worker-akka.actor.default-dispatcher-14] INFO  a.a.LocalActorRef akka://worker/user/watcher/acker - Unregistering front FlameSocketGraphDeployerFront@flamestream-benchmarks-worker-18
20:30:02.090 [worker-akka.actor.default-dispatcher-14] INFO  a.a.LocalActorRef akka://worker/user/watcher/acker - Unregistering front FlameSocketGraphDeployerFront@flamestream-benchmarks-worker-17
20:30:02.090 [worker-akka.actor.default-dispatcher-15] INFO  a.a.LocalActorRef akka://worker/user/watcher/acker - Unregistering front FlameSocketGraphDeployerFront@flamestream-benchmarks-worker-15
20:30:02.090 [worker-akka.actor.default-dispatcher-15] INFO  a.a.LocalActorRef akka://worker/user/watcher/acker - Unregistering front FlameSocketGraphDeployerFront@flamestream-benchmarks-worker-13
20:30:02.091 [worker-akka.actor.default-dispatcher-15] INFO  a.a.LocalActorRef akka://worker/user/watcher/acker - Unregistering front FlameSocketGraphDeployerFront@flamestream-benchmarks-worker-16
20:30:02.091 [worker-akka.actor.default-dispatcher-15] INFO  a.a.LocalActorRef akka://worker/user/watcher/acker - Unregistering front FlameSocketGraphDeployerFront@flamestream-benchmarks-worker-4
20:30:02.091 [worker-akka.actor.default-dispatcher-15] INFO  a.a.LocalActorRef akka://worker/user/watcher/acker - Unregistering front FlameSocketGraphDeployerFront@flamestream-benchmarks-worker-8
20:30:02.091 [worker-akka.actor.default-dispatcher-15] WARN  c.s.f.r.e.s.SocketRear  - FlameSocketGraphDeployerRear@flamestream-benchmarks-worker-1: writing to closed log
20:30:02.097 [worker-akka.actor.default-dispatcher-14] INFO  a.a.LocalActorRef akka://worker/user/watcher/acker - Unregistering front FlameSocketGraphDeployerFront@flamestream-benchmarks-worker-5
2019-09-27T20:30:04.683+0000: 562.961: [GC (Allocation Failure) 2019-09-27T20:30:04.683+0000: 562.961: [DefNew: 409978K->219K(460800K), 0.0030431 secs] 466923K->57164K(1484800K), 0.0031346 secs] [Times: user=0.01 sys=0.00, real=0.00 secs] 
2019-09-27T20:30:14.577+0000: 572.854: [GC (Allocation Failure) 2019-09-27T20:30:14.577+0000: 572.854: [DefNew: 409819K->167K(460800K), 0.0024835 secs] 466764K->57112K(1484800K), 0.0025631 secs] [Times: user=0.00 sys=0.01, real=0.00 secs] 
2019-09-27T20:30:24.424+0000: 582.701: [GC (Allocation Failure) 2019-09-27T20:30:24.424+0000: 582.701: [DefNew: 409767K->167K(460800K), 0.0024134 secs] 466712K->57112K(1484800K), 0.0025241 secs] [Times: user=0.00 sys=0.00, real=0.00 secs] 
20:30:31.493 [worker-akka.actor.default-dispatcher-6] INFO  a.a.LocalActorRef akka://worker/user/watcher/processing-watcher/graph/negotiator - Stopped
20:30:31.495 [worker-akka.actor.default-dispatcher-14] INFO  a.a.LocalActorRef akka://worker/user/watcher/acker - Stopped
20:30:31.495 [worker-akka.actor.default-dispatcher-14] INFO  a.a.LocalActorRef akka://worker/user/watcher/processing-watcher/$c/$a - Stopped
20:30:31.495 [worker-akka.actor.default-dispatcher-11] INFO  a.a.LocalActorRef akka://worker/user/watcher/processing-watcher/graph/graph/$a - Stopped
20:30:31.496 [worker-akka.actor.default-dispatcher-6] INFO  a.a.LocalActorRef akka://worker/user/watcher/processing-watcher/graph/graph/$b - Stopped
20:30:31.497 [worker-akka.actor.default-dispatcher-6] INFO  a.a.LocalActorRef akka://worker/user/watcher/processing-watcher/graph/graph/$c - Stopped
20:30:31.497 [worker-akka.actor.default-dispatcher-6] INFO  a.a.LocalActorRef akka://worker/user/watcher/processing-watcher/$c - Stopped
20:30:31.497 [worker-akka.actor.default-dispatcher-11] INFO  a.a.LocalActorRef akka://worker/user/watcher/processing-watcher/graph/graph/$d - Stopped
20:30:31.497 [worker-akka.actor.default-dispatcher-11] INFO  a.a.LocalActorRef akka://worker/user/watcher/processing-watcher/graph/graph/$e - Stopped
20:30:31.498 [worker-akka.actor.default-dispatcher-11] INFO  a.a.LocalActorRef akka://worker/user/watcher/processing-watcher/graph/graph/$f - Stopped
20:30:31.498 [worker-akka.actor.default-dispatcher-11] INFO  a.a.LocalActorRef akka://worker/user/watcher/processing-watcher/graph/graph/$g - Stopped
20:30:31.498 [worker-akka.actor.default-dispatcher-11] INFO  a.a.LocalActorRef akka://worker/user/watcher/processing-watcher/graph/graph/$h - Stopped
20:30:31.498 [worker-akka.actor.default-dispatcher-11] INFO  a.a.LocalActorRef akka://worker/user/watcher/processing-watcher/graph/graph/$i - Stopped
20:30:31.499 [worker-akka.actor.default-dispatcher-11] INFO  a.a.LocalActorRef akka://worker/user/watcher/processing-watcher/graph/graph - Stopped
20:30:31.518 [worker-akka.actor.default-dispatcher-9] INFO  a.a.LocalActorRef akka://worker/user/watcher/processing-watcher/graph/edge/FlameSocketGraphDeployerFront - Stopped
20:30:31.518 [worker-akka.actor.default-dispatcher-9] INFO  a.a.LocalActorRef akka://worker/user/watcher/processing-watcher/graph/edge/FlameSocketGraphDeployerRear - Stopped
20:30:31.518 [worker-akka.actor.default-dispatcher-16] INFO  a.a.LocalActorRef akka://worker/user/watcher/processing-watcher/graph/edge - Stopped
20:30:31.526 [worker-akka.actor.default-dispatcher-19] INFO  a.a.LocalActorRef akka://worker/user/watcher/processing-watcher/graph - Stopped
20:30:31.527 [worker-akka.actor.default-dispatcher-19] INFO  a.a.LocalActorRef akka://worker/user/watcher/processing-watcher - Stopped
20:30:31.528 [Curator-Framework-0] INFO  o.a.c.f.i.CuratorFrameworkImpl  - backgroundOperationsLoop exiting
20:30:31.550 [Curator-PathChildrenCache-0] ERROR o.a.c.f.r.c.PathChildrenCache  - 
java.lang.IllegalStateException: instance must be started before calling this method
	at org.apache.curator.shaded.com.google.common.base.Preconditions.checkState(Preconditions.java:444)
	at org.apache.curator.framework.imps.CuratorFrameworkImpl.getChildren(CuratorFrameworkImpl.java:456)
	at org.apache.curator.framework.recipes.cache.PathChildrenCache.refresh(PathChildrenCache.java:521)
	at org.apache.curator.framework.recipes.cache.RefreshOperation.invoke(RefreshOperation.java:35)
	at org.apache.curator.framework.recipes.cache.PathChildrenCache$9.run(PathChildrenCache.java:786)
	at java.util.concurrent.Executors$RunnableAdapter.call(Executors.java:511)
	at java.util.concurrent.FutureTask.run(FutureTask.java:266)
	at java.util.concurrent.Executors$RunnableAdapter.call(Executors.java:511)
	at java.util.concurrent.FutureTask.run(FutureTask.java:266)
	at java.util.concurrent.ThreadPoolExecutor.runWorker(ThreadPoolExecutor.java:1149)
	at java.util.concurrent.ThreadPoolExecutor$Worker.run(ThreadPoolExecutor.java:624)
	at java.lang.Thread.run(Thread.java:748)
20:30:31.550 [worker-akka.actor.default-dispatcher-6-EventThread] INFO  o.a.z.ClientCnxn  - EventThread shut down for session: 0x100009d93da0002
20:30:31.551 [worker-akka.actor.default-dispatcher-19] INFO  o.a.z.ZooKeeper  - Session: 0x100009d93da0002 closed
20:30:31.552 [worker-akka.actor.default-dispatcher-20] INFO  a.a.RepointableActorRef akka://worker/user/watcher - Stopped
20:30:31.564 [worker-akka.actor.default-dispatcher-19] INFO  a.r.RemoteActorRefProvider$RemotingTerminator akka://worker@flamestream-benchmarks-worker-1:5412/system/remoting-terminator - Shutting down remote daemon.
20:30:31.569 [worker-akka.actor.default-dispatcher-19] INFO  a.r.RemoteActorRefProvider$RemotingTerminator akka://worker@flamestream-benchmarks-worker-1:5412/system/remoting-terminator - Remote daemon shut down; proceeding with flushing remote transports.
20:30:32.946 [worker-akka.actor.default-dispatcher-19] INFO  a.r.RemoteActorRefProvider$RemotingTerminator akka://worker@flamestream-benchmarks-worker-1:5412/system/remoting-terminator - Remoting shut down.
Heap
 def new generation   total 460800K, used 326691K [0x00000000a2400000, 0x00000000c1800000, 0x00000000c1800000)
  eden space 409600K,  79% used [0x00000000a2400000, 0x00000000b62df210, 0x00000000bb400000)
  from space 51200K,   0% used [0x00000000be600000, 0x00000000be629ca8, 0x00000000c1800000)
  to   space 51200K,   0% used [0x00000000bb400000, 0x00000000bb400000, 0x00000000be600000)
 tenured generation   total 1024000K, used 56945K [0x00000000c1800000, 0x0000000100000000, 0x0000000100000000)
   the space 1024000K,   5% used [0x00000000c1800000, 0x00000000c4f9c5c8, 0x00000000c4f9c600, 0x0000000100000000)
 Metaspace       used 40785K, capacity 43724K, committed 43904K, reserved 1087488K
  class space    used 5362K, capacity 5695K, committed 5760K, reserved 1048576K
