13:14:51,033 |-INFO in ch.qos.logback.classic.LoggerContext[default] - Could NOT find resource [logback-test.xml]
13:14:51,033 |-INFO in ch.qos.logback.classic.LoggerContext[default] - Could NOT find resource [logback.groovy]
13:14:51,033 |-INFO in ch.qos.logback.classic.LoggerContext[default] - Found resource [logback.xml] at [jar:file:/root/flamestream/lib/flamestream-runtime-1.0-SNAPSHOT.jar!/logback.xml]
13:14:51,034 |-WARN in ch.qos.logback.classic.LoggerContext[default] - Resource [logback.xml] occurs multiple times on the classpath.
13:14:51,034 |-WARN in ch.qos.logback.classic.LoggerContext[default] - Resource [logback.xml] occurs at [jar:file:/root/flamestream/lib/flamestream-runtime-1.0-SNAPSHOT.jar!/logback.xml]
13:14:51,034 |-WARN in ch.qos.logback.classic.LoggerContext[default] - Resource [logback.xml] occurs at [jar:file:/root/flamestream/flamestream-runtime-1.0-SNAPSHOT.jar!/logback.xml]
13:14:51,055 |-INFO in ch.qos.logback.core.joran.spi.ConfigurationWatchList@3fb6a447 - URL [jar:file:/root/flamestream/lib/flamestream-runtime-1.0-SNAPSHOT.jar!/logback.xml] is not of type file
13:14:51,127 |-INFO in ch.qos.logback.classic.joran.action.ConfigurationAction - debug attribute not set
13:14:51,127 |-INFO in ch.qos.logback.core.joran.action.AppenderAction - About to instantiate appender of type [ch.qos.logback.core.ConsoleAppender]
13:14:51,147 |-INFO in ch.qos.logback.core.joran.action.AppenderAction - Naming appender as [STDOUT]
13:14:51,161 |-INFO in ch.qos.logback.core.joran.action.NestedComplexPropertyIA - Assuming default type [ch.qos.logback.classic.encoder.PatternLayoutEncoder] for [encoder] property
13:14:51,247 |-INFO in ch.qos.logback.core.joran.action.AppenderAction - About to instantiate appender of type [ch.qos.logback.core.rolling.RollingFileAppender]
13:14:51,252 |-INFO in ch.qos.logback.core.joran.action.AppenderAction - Naming appender as [FILE]
13:14:51,284 |-INFO in c.q.l.core.rolling.TimeBasedRollingPolicy@127618319 - No compression will be used
13:14:51,285 |-INFO in c.q.l.core.rolling.TimeBasedRollingPolicy@127618319 - Will use the pattern /tmp/application_%d{yyyy-MM-dd}.%i.log for the active file
13:14:51,288 |-INFO in ch.qos.logback.core.rolling.SizeAndTimeBasedFNATP@6b2fad11 - The date pattern is 'yyyy-MM-dd' from file name pattern '/tmp/application_%d{yyyy-MM-dd}.%i.log'.
13:14:51,288 |-INFO in ch.qos.logback.core.rolling.SizeAndTimeBasedFNATP@6b2fad11 - Roll-over at midnight.
13:14:51,293 |-INFO in ch.qos.logback.core.rolling.SizeAndTimeBasedFNATP@6b2fad11 - Setting initial period to Mon Jun 10 13:13:31 UTC 2019
13:14:51,293 |-WARN in ch.qos.logback.core.rolling.SizeAndTimeBasedFNATP@6b2fad11 - SizeAndTimeBasedFNATP is deprecated. Use SizeAndTimeBasedRollingPolicy instead
13:14:51,293 |-WARN in ch.qos.logback.core.rolling.SizeAndTimeBasedFNATP@6b2fad11 - For more information see http://logback.qos.ch/manual/appenders.html#SizeAndTimeBasedRollingPolicy
13:14:51,297 |-INFO in ch.qos.logback.core.joran.action.NestedComplexPropertyIA - Assuming default type [ch.qos.logback.classic.encoder.PatternLayoutEncoder] for [encoder] property
13:14:51,302 |-INFO in ch.qos.logback.core.rolling.RollingFileAppender[FILE] - Active log file name: /tmp/application.log
13:14:51,302 |-INFO in ch.qos.logback.core.rolling.RollingFileAppender[FILE] - File property is set to [/tmp/application.log]
13:14:51,303 |-INFO in ch.qos.logback.classic.joran.action.RootLoggerAction - Setting level of ROOT logger to WARN
13:14:51,303 |-INFO in ch.qos.logback.core.joran.action.AppenderRefAction - Attaching appender named [STDOUT] to Logger[ROOT]
13:14:51,305 |-INFO in ch.qos.logback.core.joran.action.AppenderRefAction - Attaching appender named [FILE] to Logger[ROOT]
13:14:51,305 |-INFO in ch.qos.logback.classic.joran.action.ConfigurationAction - End of configuration.
13:14:51,305 |-INFO in ch.qos.logback.classic.joran.JoranConfigurator@79698539 - Registering current configuration as safe fallback point

Ama winner
Ama winner
2019-06-10T13:14:52.545+0000: 1.695: [Full GC (Metadata GC Threshold) 2019-06-10T13:14:52.545+0000: 1.695: [Tenured: 0K->15240K(341376K), 0.0393772 secs] 114988K->15240K(494976K), [Metaspace: 20722K->20722K(1067008K)], 0.0394443 secs] [Times: user=0.04 sys=0.00, real=0.04 secs] 
13:15:12.388 [Curator-PathChildrenCache-1] WARN  o.a.c.u.ZKPaths  - The version of ZooKeeper being used doesn't support Container nodes. CreateMode.PERSISTENT will be used instead.
2019-06-10T13:15:14.901+0000: 24.051: [GC (Allocation Failure) 2019-06-10T13:15:14.901+0000: 24.051: [DefNew: 136576K->17023K(153600K), 0.0247750 secs] 151816K->52907K(494976K), 0.0248447 secs] [Times: user=0.01 sys=0.01, real=0.02 secs] 
2019-06-10T13:15:17.029+0000: 26.179: [Full GC (Metadata GC Threshold) 2019-06-10T13:15:17.029+0000: 26.179: [Tenured: 35883K->44759K(341376K), 0.0457399 secs] 93236K->44759K(494976K), [Metaspace: 34634K->34634K(1079296K)], 0.0458130 secs] [Times: user=0.05 sys=0.00, real=0.05 secs] 
2019-06-10T13:15:25.246+0000: 34.396: [GC (Allocation Failure) 2019-06-10T13:15:25.246+0000: 34.396: [DefNew: 136576K->61K(153600K), 0.0017910 secs] 181335K->44820K(494976K), 0.0018617 secs] [Times: user=0.00 sys=0.00, real=0.01 secs] 
2019-06-10T13:15:33.514+0000: 42.664: [GC (Allocation Failure) 2019-06-10T13:15:33.514+0000: 42.664: [DefNew: 136637K->61K(153600K), 0.0017428 secs] 181396K->44820K(494976K), 0.0018063 secs] [Times: user=0.01 sys=0.00, real=0.01 secs] 
2019-06-10T13:15:41.753+0000: 50.903: [GC (Allocation Failure) 2019-06-10T13:15:41.753+0000: 50.903: [DefNew: 136637K->63K(153600K), 0.0017180 secs] 181396K->44822K(494976K), 0.0017778 secs] [Times: user=0.00 sys=0.00, real=0.01 secs] 
2019-06-10T13:15:49.933+0000: 59.083: [GC (Allocation Failure) 2019-06-10T13:15:49.933+0000: 59.083: [DefNew: 136639K->63K(153600K), 0.0017357 secs] 181398K->44822K(494976K), 0.0017997 secs] [Times: user=0.01 sys=0.00, real=0.01 secs] 
2019-06-10T13:15:59.195+0000: 68.345: [GC (Allocation Failure) 2019-06-10T13:15:59.195+0000: 68.345: [DefNew: 136639K->410K(153600K), 0.0021888 secs] 181398K->45169K(494976K), 0.0022517 secs] [Times: user=0.00 sys=0.00, real=0.00 secs] 
2019-06-10T13:16:09.099+0000: 78.249: [GC (Allocation Failure) 2019-06-10T13:16:09.099+0000: 78.249: [DefNew: 136986K->158K(153600K), 0.0019471 secs] 181745K->44917K(494976K), 0.0020144 secs] [Times: user=0.00 sys=0.00, real=0.00 secs] 
13:16:23.189 [Curator-PathChildrenCache-0] ERROR o.a.c.f.r.c.PathChildrenCache  - 
java.lang.IllegalStateException: instance must be started before calling this method
	at org.apache.curator.shaded.com.google.common.base.Preconditions.checkState(Preconditions.java:444)
	at org.apache.curator.framework.imps.CuratorFrameworkImpl.getChildren(CuratorFrameworkImpl.java:456)
	at org.apache.curator.framework.recipes.cache.PathChildrenCache.refresh(PathChildrenCache.java:521)
	at org.apache.curator.framework.recipes.cache.RefreshOperation.invoke(RefreshOperation.java:35)
	at org.apache.curator.framework.recipes.cache.PathChildrenCache$9.run(PathChildrenCache.java:786)
	at java.util.concurrent.Executors$RunnableAdapter.call(Executors.java:511)
	at java.util.concurrent.FutureTask.run(FutureTask.java:266)
	at java.util.concurrent.Executors$RunnableAdapter.call(Executors.java:511)
	at java.util.concurrent.FutureTask.run(FutureTask.java:266)
	at java.util.concurrent.ThreadPoolExecutor.runWorker(ThreadPoolExecutor.java:1149)
	at java.util.concurrent.ThreadPoolExecutor$Worker.run(ThreadPoolExecutor.java:624)
	at java.lang.Thread.run(Thread.java:748)
Heap
 def new generation   total 153600K, used 89768K [0x00000000e0c00000, 0x00000000eb2a0000, 0x00000000eb2a0000)
  eden space 136576K,  65% used [0x00000000e0c00000, 0x00000000e63827f0, 0x00000000e9160000)
  from space 17024K,   0% used [0x00000000ea200000, 0x00000000ea227a30, 0x00000000eb2a0000)
  to   space 17024K,   0% used [0x00000000e9160000, 0x00000000e9160000, 0x00000000ea200000)
 tenured generation   total 341376K, used 44759K [0x00000000eb2a0000, 0x0000000100000000, 0x0000000100000000)
   the space 341376K,  13% used [0x00000000eb2a0000, 0x00000000ede55c28, 0x00000000ede55e00, 0x0000000100000000)
 Metaspace       used 36226K, capacity 37130K, committed 37376K, reserved 1081344K
  class space    used 4868K, capacity 5075K, committed 5120K, reserved 1048576K
