07:14:34,146 |-INFO in ch.qos.logback.classic.LoggerContext[default] - Could NOT find resource [logback-test.xml]
07:14:34,146 |-INFO in ch.qos.logback.classic.LoggerContext[default] - Could NOT find resource [logback.groovy]
07:14:34,146 |-INFO in ch.qos.logback.classic.LoggerContext[default] - Found resource [logback.xml] at [jar:file:/root/flamestream/lib/flamestream-runtime-1.0-SNAPSHOT.jar!/logback.xml]
07:14:34,147 |-WARN in ch.qos.logback.classic.LoggerContext[default] - Resource [logback.xml] occurs multiple times on the classpath.
07:14:34,147 |-WARN in ch.qos.logback.classic.LoggerContext[default] - Resource [logback.xml] occurs at [jar:file:/root/flamestream/lib/flamestream-runtime-1.0-SNAPSHOT.jar!/logback.xml]
07:14:34,147 |-WARN in ch.qos.logback.classic.LoggerContext[default] - Resource [logback.xml] occurs at [jar:file:/root/flamestream/flamestream-runtime-1.0-SNAPSHOT.jar!/logback.xml]
07:14:34,309 |-INFO in ch.qos.logback.core.joran.spi.ConfigurationWatchList@3fb6a447 - URL [jar:file:/root/flamestream/lib/flamestream-runtime-1.0-SNAPSHOT.jar!/logback.xml] is not of type file
07:14:34,677 |-INFO in ch.qos.logback.classic.joran.action.ConfigurationAction - debug attribute not set
07:14:34,677 |-INFO in ch.qos.logback.core.joran.action.AppenderAction - About to instantiate appender of type [ch.qos.logback.core.ConsoleAppender]
07:14:34,759 |-INFO in ch.qos.logback.core.joran.action.AppenderAction - Naming appender as [STDOUT]
07:14:34,837 |-INFO in ch.qos.logback.core.joran.action.NestedComplexPropertyIA - Assuming default type [ch.qos.logback.classic.encoder.PatternLayoutEncoder] for [encoder] property
07:14:35,410 |-INFO in ch.qos.logback.core.joran.action.AppenderAction - About to instantiate appender of type [ch.qos.logback.core.rolling.RollingFileAppender]
07:14:35,451 |-INFO in ch.qos.logback.core.joran.action.AppenderAction - Naming appender as [FILE]
07:14:35,657 |-INFO in c.q.l.core.rolling.TimeBasedRollingPolicy@127618319 - No compression will be used
07:14:35,658 |-INFO in c.q.l.core.rolling.TimeBasedRollingPolicy@127618319 - Will use the pattern /tmp/application_%d{yyyy-MM-dd}.%i.log for the active file
07:14:35,677 |-INFO in ch.qos.logback.core.rolling.SizeAndTimeBasedFNATP@6b2fad11 - The date pattern is 'yyyy-MM-dd' from file name pattern '/tmp/application_%d{yyyy-MM-dd}.%i.log'.
07:14:35,677 |-INFO in ch.qos.logback.core.rolling.SizeAndTimeBasedFNATP@6b2fad11 - Roll-over at midnight.
07:14:35,716 |-INFO in ch.qos.logback.core.rolling.SizeAndTimeBasedFNATP@6b2fad11 - Setting initial period to Tue Jun 11 07:13:00 UTC 2019
07:14:35,716 |-WARN in ch.qos.logback.core.rolling.SizeAndTimeBasedFNATP@6b2fad11 - SizeAndTimeBasedFNATP is deprecated. Use SizeAndTimeBasedRollingPolicy instead
07:14:35,716 |-WARN in ch.qos.logback.core.rolling.SizeAndTimeBasedFNATP@6b2fad11 - For more information see http://logback.qos.ch/manual/appenders.html#SizeAndTimeBasedRollingPolicy
07:14:35,719 |-INFO in ch.qos.logback.core.joran.action.NestedComplexPropertyIA - Assuming default type [ch.qos.logback.classic.encoder.PatternLayoutEncoder] for [encoder] property
07:14:35,757 |-INFO in ch.qos.logback.core.rolling.RollingFileAppender[FILE] - Active log file name: /tmp/application.log
07:14:35,757 |-INFO in ch.qos.logback.core.rolling.RollingFileAppender[FILE] - File property is set to [/tmp/application.log]
07:14:35,758 |-INFO in ch.qos.logback.classic.joran.action.RootLoggerAction - Setting level of ROOT logger to WARN
07:14:35,777 |-INFO in ch.qos.logback.core.joran.action.AppenderRefAction - Attaching appender named [STDOUT] to Logger[ROOT]
07:14:35,779 |-INFO in ch.qos.logback.core.joran.action.AppenderRefAction - Attaching appender named [FILE] to Logger[ROOT]
07:14:35,779 |-INFO in ch.qos.logback.classic.joran.action.ConfigurationAction - End of configuration.
07:14:35,779 |-INFO in ch.qos.logback.classic.joran.JoranConfigurator@79698539 - Registering current configuration as safe fallback point

Ama winner
Ama winner
2019-06-11T07:14:44.882+0000: 11.695: [Full GC (Metadata GC Threshold) 2019-06-11T07:14:44.882+0000: 11.695: [Tenured: 0K->15166K(341376K), 0.2075683 secs] 115115K->15166K(494976K), [Metaspace: 20715K->20715K(1067008K)], 0.2076342 secs] [Times: user=0.20 sys=0.00, real=0.21 secs] 
2019-06-11T07:15:10.093+0000: 36.907: [GC (GCLocker Initiated GC) 2019-06-11T07:15:10.093+0000: 36.907: [DefNew: 118446K->17023K(153600K), 0.0178606 secs] 153144K->52317K(494976K), 0.0179359 secs] [Times: user=0.00 sys=0.02, real=0.02 secs] 
2019-06-11T07:15:14.719+0000: 41.532: [Full GC (Metadata GC Threshold) 2019-06-11T07:15:14.719+0000: 41.532: [Tenured: 35293K->43840K(341376K), 0.1039607 secs] 152931K->43840K(494976K), [Metaspace: 34597K->34597K(1079296K)], 0.1040423 secs] [Times: user=0.10 sys=0.00, real=0.10 secs] 
2019-06-11T07:15:20.790+0000: 47.604: [GC (Allocation Failure) 2019-06-11T07:15:20.790+0000: 47.604: [DefNew: 136576K->51K(153600K), 0.0018085 secs] 180416K->43891K(494976K), 0.0018720 secs] [Times: user=0.00 sys=0.00, real=0.00 secs] 
2019-06-11T07:15:26.785+0000: 53.599: [GC (Allocation Failure) 2019-06-11T07:15:26.785+0000: 53.599: [DefNew: 136627K->50K(153600K), 0.0016237 secs] 180467K->43890K(494976K), 0.0016824 secs] [Times: user=0.00 sys=0.00, real=0.00 secs] 
2019-06-11T07:15:32.800+0000: 59.614: [GC (Allocation Failure) 2019-06-11T07:15:32.800+0000: 59.614: [DefNew: 136626K->56K(153600K), 0.0016476 secs] 180466K->43896K(494976K), 0.0016969 secs] [Times: user=0.00 sys=0.00, real=0.00 secs] 
2019-06-11T07:15:39.223+0000: 66.037: [GC (Allocation Failure) 2019-06-11T07:15:39.223+0000: 66.037: [DefNew: 136632K->238K(153600K), 0.0027829 secs] 180472K->44078K(494976K), 0.0028313 secs] [Times: user=0.00 sys=0.00, real=0.01 secs] 
2019-06-11T07:15:59.844+0000: 86.658: [GC (Allocation Failure) 2019-06-11T07:15:59.844+0000: 86.658: [DefNew: 136814K->490K(153600K), 0.0108066 secs] 180654K->44331K(494976K), 0.0108708 secs] [Times: user=0.01 sys=0.00, real=0.01 secs] 
07:15:59.903 [Curator-PathChildrenCache-0] ERROR o.a.c.f.r.c.PathChildrenCache  - 
java.lang.IllegalStateException: instance must be started before calling this method
	at org.apache.curator.shaded.com.google.common.base.Preconditions.checkState(Preconditions.java:444)
	at org.apache.curator.framework.imps.CuratorFrameworkImpl.getChildren(CuratorFrameworkImpl.java:456)
	at org.apache.curator.framework.recipes.cache.PathChildrenCache.refresh(PathChildrenCache.java:521)
	at org.apache.curator.framework.recipes.cache.RefreshOperation.invoke(RefreshOperation.java:35)
	at org.apache.curator.framework.recipes.cache.PathChildrenCache$9.run(PathChildrenCache.java:786)
	at java.util.concurrent.Executors$RunnableAdapter.call(Executors.java:511)
	at java.util.concurrent.FutureTask.run(FutureTask.java:266)
	at java.util.concurrent.Executors$RunnableAdapter.call(Executors.java:511)
	at java.util.concurrent.FutureTask.run(FutureTask.java:266)
	at java.util.concurrent.ThreadPoolExecutor.runWorker(ThreadPoolExecutor.java:1149)
	at java.util.concurrent.ThreadPoolExecutor$Worker.run(ThreadPoolExecutor.java:624)
	at java.lang.Thread.run(Thread.java:748)
Heap
 def new generation   total 153600K, used 16044K [0x00000000e0c00000, 0x00000000eb2a0000, 0x00000000eb2a0000)
  eden space 136576K,  11% used [0x00000000e0c00000, 0x00000000e1b307b8, 0x00000000e9160000)
  from space 17024K,   2% used [0x00000000e9160000, 0x00000000e91daac0, 0x00000000ea200000)
  to   space 17024K,   0% used [0x00000000ea200000, 0x00000000ea200000, 0x00000000eb2a0000)
 tenured generation   total 341376K, used 43840K [0x00000000eb2a0000, 0x0000000100000000, 0x0000000100000000)
   the space 341376K,  12% used [0x00000000eb2a0000, 0x00000000edd70170, 0x00000000edd70200, 0x0000000100000000)
 Metaspace       used 36096K, capacity 36984K, committed 37120K, reserved 1081344K
  class space    used 4860K, capacity 5074K, committed 5120K, reserved 1048576K
