19:11:50,157 |-INFO in ch.qos.logback.classic.LoggerContext[default] - Could NOT find resource [logback-test.xml]
19:11:50,157 |-INFO in ch.qos.logback.classic.LoggerContext[default] - Could NOT find resource [logback.groovy]
19:11:50,158 |-INFO in ch.qos.logback.classic.LoggerContext[default] - Found resource [logback.xml] at [jar:file:/root/flamestream/lib/flamestream-runtime-1.0-SNAPSHOT.jar!/logback.xml]
19:11:50,159 |-WARN in ch.qos.logback.classic.LoggerContext[default] - Resource [logback.xml] occurs multiple times on the classpath.
19:11:50,159 |-WARN in ch.qos.logback.classic.LoggerContext[default] - Resource [logback.xml] occurs at [jar:file:/root/flamestream/lib/flamestream-runtime-1.0-SNAPSHOT.jar!/logback.xml]
19:11:50,159 |-WARN in ch.qos.logback.classic.LoggerContext[default] - Resource [logback.xml] occurs at [jar:file:/root/flamestream/flamestream-runtime-1.0-SNAPSHOT.jar!/logback.xml]
19:11:50,178 |-INFO in ch.qos.logback.core.joran.spi.ConfigurationWatchList@3fb6a447 - URL [jar:file:/root/flamestream/lib/flamestream-runtime-1.0-SNAPSHOT.jar!/logback.xml] is not of type file
19:11:50,253 |-INFO in ch.qos.logback.classic.joran.action.ConfigurationAction - debug attribute not set
19:11:50,254 |-INFO in ch.qos.logback.core.joran.action.AppenderAction - About to instantiate appender of type [ch.qos.logback.core.ConsoleAppender]
19:11:50,266 |-INFO in ch.qos.logback.core.joran.action.AppenderAction - Naming appender as [STDOUT]
19:11:50,284 |-INFO in ch.qos.logback.core.joran.action.NestedComplexPropertyIA - Assuming default type [ch.qos.logback.classic.encoder.PatternLayoutEncoder] for [encoder] property
19:11:50,374 |-INFO in ch.qos.logback.core.joran.action.AppenderAction - About to instantiate appender of type [ch.qos.logback.core.rolling.RollingFileAppender]
19:11:50,379 |-INFO in ch.qos.logback.core.joran.action.AppenderAction - Naming appender as [FILE]
19:11:50,410 |-INFO in c.q.l.core.rolling.TimeBasedRollingPolicy@127618319 - No compression will be used
19:11:50,411 |-INFO in c.q.l.core.rolling.TimeBasedRollingPolicy@127618319 - Will use the pattern /tmp/application_%d{yyyy-MM-dd}.%i.log for the active file
19:11:50,414 |-INFO in ch.qos.logback.core.rolling.SizeAndTimeBasedFNATP@6b2fad11 - The date pattern is 'yyyy-MM-dd' from file name pattern '/tmp/application_%d{yyyy-MM-dd}.%i.log'.
19:11:50,414 |-INFO in ch.qos.logback.core.rolling.SizeAndTimeBasedFNATP@6b2fad11 - Roll-over at midnight.
19:11:50,419 |-INFO in ch.qos.logback.core.rolling.SizeAndTimeBasedFNATP@6b2fad11 - Setting initial period to Mon Jun 10 19:10:24 UTC 2019
19:11:50,419 |-WARN in ch.qos.logback.core.rolling.SizeAndTimeBasedFNATP@6b2fad11 - SizeAndTimeBasedFNATP is deprecated. Use SizeAndTimeBasedRollingPolicy instead
19:11:50,419 |-WARN in ch.qos.logback.core.rolling.SizeAndTimeBasedFNATP@6b2fad11 - For more information see http://logback.qos.ch/manual/appenders.html#SizeAndTimeBasedRollingPolicy
19:11:50,423 |-INFO in ch.qos.logback.core.joran.action.NestedComplexPropertyIA - Assuming default type [ch.qos.logback.classic.encoder.PatternLayoutEncoder] for [encoder] property
19:11:50,428 |-INFO in ch.qos.logback.core.rolling.RollingFileAppender[FILE] - Active log file name: /tmp/application.log
19:11:50,428 |-INFO in ch.qos.logback.core.rolling.RollingFileAppender[FILE] - File property is set to [/tmp/application.log]
19:11:50,429 |-INFO in ch.qos.logback.classic.joran.action.RootLoggerAction - Setting level of ROOT logger to WARN
19:11:50,429 |-INFO in ch.qos.logback.core.joran.action.AppenderRefAction - Attaching appender named [STDOUT] to Logger[ROOT]
19:11:50,431 |-INFO in ch.qos.logback.core.joran.action.AppenderRefAction - Attaching appender named [FILE] to Logger[ROOT]
19:11:50,431 |-INFO in ch.qos.logback.classic.joran.action.ConfigurationAction - End of configuration.
19:11:50,432 |-INFO in ch.qos.logback.classic.joran.JoranConfigurator@79698539 - Registering current configuration as safe fallback point

Ama winner
Ama winner
2019-06-10T19:11:51.711+0000: 1.743: [Full GC (Metadata GC Threshold) 2019-06-10T19:11:51.711+0000: 1.743: [Tenured: 0K->15208K(341376K), 0.0410407 secs] 114987K->15208K(494976K), [Metaspace: 20733K->20733K(1067008K)], 0.0411107 secs] [Times: user=0.04 sys=0.00, real=0.04 secs] 
19:12:10.204 [Curator-PathChildrenCache-1] WARN  o.a.c.u.ZKPaths  - The version of ZooKeeper being used doesn't support Container nodes. CreateMode.PERSISTENT will be used instead.
2019-06-10T19:12:12.483+0000: 22.515: [GC (Allocation Failure) 2019-06-10T19:12:12.483+0000: 22.515: [DefNew: 136576K->17024K(153600K), 0.0312637 secs] 151784K->52658K(494976K), 0.0313472 secs] [Times: user=0.02 sys=0.01, real=0.03 secs] 
2019-06-10T19:12:14.376+0000: 24.409: [Full GC (Metadata GC Threshold) 2019-06-10T19:12:14.376+0000: 24.409: [Tenured: 35634K->44124K(341376K), 0.0431576 secs] 88540K->44124K(494976K), [Metaspace: 34598K->34598K(1079296K)], 0.0432369 secs] [Times: user=0.04 sys=0.00, real=0.04 secs] 
2019-06-10T19:12:22.813+0000: 32.845: [GC (Allocation Failure) 2019-06-10T19:12:22.813+0000: 32.845: [DefNew: 136576K->66K(153600K), 0.0018526 secs] 180700K->44191K(494976K), 0.0019077 secs] [Times: user=0.00 sys=0.00, real=0.00 secs] 
2019-06-10T19:12:31.107+0000: 41.140: [GC (Allocation Failure) 2019-06-10T19:12:31.107+0000: 41.140: [DefNew: 136642K->64K(153600K), 0.0017202 secs] 180767K->44189K(494976K), 0.0017811 secs] [Times: user=0.00 sys=0.00, real=0.00 secs] 
2019-06-10T19:12:39.547+0000: 49.579: [GC (Allocation Failure) 2019-06-10T19:12:39.547+0000: 49.579: [DefNew: 136640K->64K(153600K), 0.0016986 secs] 180765K->44189K(494976K), 0.0017742 secs] [Times: user=0.00 sys=0.00, real=0.00 secs] 
2019-06-10T19:12:48.063+0000: 58.095: [GC (Allocation Failure) 2019-06-10T19:12:48.063+0000: 58.095: [DefNew: 136640K->66K(153600K), 0.0017907 secs] 180765K->44190K(494976K), 0.0018548 secs] [Times: user=0.00 sys=0.00, real=0.00 secs] 
2019-06-10T19:12:57.408+0000: 67.441: [GC (Allocation Failure) 2019-06-10T19:12:57.408+0000: 67.441: [DefNew: 136642K->400K(153600K), 0.0022615 secs] 180766K->44525K(494976K), 0.0023258 secs] [Times: user=0.01 sys=0.00, real=0.01 secs] 
2019-06-10T19:13:14.739+0000: 84.771: [GC (Allocation Failure) 2019-06-10T19:13:14.739+0000: 84.771: [DefNew: 136976K->156K(153600K), 0.0020320 secs] 181101K->44280K(494976K), 0.0020935 secs] [Times: user=0.00 sys=0.00, real=0.00 secs] 
19:13:19.718 [Curator-PathChildrenCache-0] ERROR o.a.c.f.r.c.PathChildrenCache  - 
java.lang.IllegalStateException: instance must be started before calling this method
	at org.apache.curator.shaded.com.google.common.base.Preconditions.checkState(Preconditions.java:444)
	at org.apache.curator.framework.imps.CuratorFrameworkImpl.getChildren(CuratorFrameworkImpl.java:456)
	at org.apache.curator.framework.recipes.cache.PathChildrenCache.refresh(PathChildrenCache.java:521)
	at org.apache.curator.framework.recipes.cache.RefreshOperation.invoke(RefreshOperation.java:35)
	at org.apache.curator.framework.recipes.cache.PathChildrenCache$9.run(PathChildrenCache.java:786)
	at java.util.concurrent.Executors$RunnableAdapter.call(Executors.java:511)
	at java.util.concurrent.FutureTask.run(FutureTask.java:266)
	at java.util.concurrent.Executors$RunnableAdapter.call(Executors.java:511)
	at java.util.concurrent.FutureTask.run(FutureTask.java:266)
	at java.util.concurrent.ThreadPoolExecutor.runWorker(ThreadPoolExecutor.java:1149)
	at java.util.concurrent.ThreadPoolExecutor$Worker.run(ThreadPoolExecutor.java:624)
	at java.lang.Thread.run(Thread.java:748)
Heap
 def new generation   total 153600K, used 42973K [0x00000000e0c00000, 0x00000000eb2a0000, 0x00000000eb2a0000)
  eden space 136576K,  31% used [0x00000000e0c00000, 0x00000000e35d0740, 0x00000000e9160000)
  from space 17024K,   0% used [0x00000000ea200000, 0x00000000ea2270b0, 0x00000000eb2a0000)
  to   space 17024K,   0% used [0x00000000e9160000, 0x00000000e9160000, 0x00000000ea200000)
 tenured generation   total 341376K, used 44124K [0x00000000eb2a0000, 0x0000000100000000, 0x0000000100000000)
   the space 341376K,  12% used [0x00000000eb2a0000, 0x00000000eddb72f8, 0x00000000eddb7400, 0x0000000100000000)
 Metaspace       used 36268K, capacity 37126K, committed 37376K, reserved 1081344K
  class space    used 4874K, capacity 5075K, committed 5120K, reserved 1048576K
