08:00:18,120 |-INFO in ch.qos.logback.classic.LoggerContext[default] - Could NOT find resource [logback-test.xml]
08:00:18,120 |-INFO in ch.qos.logback.classic.LoggerContext[default] - Could NOT find resource [logback.groovy]
08:00:18,121 |-INFO in ch.qos.logback.classic.LoggerContext[default] - Found resource [logback.xml] at [jar:file:/root/flamestream/lib/flamestream-runtime-1.0-SNAPSHOT.jar!/logback.xml]
08:00:18,122 |-WARN in ch.qos.logback.classic.LoggerContext[default] - Resource [logback.xml] occurs multiple times on the classpath.
08:00:18,122 |-WARN in ch.qos.logback.classic.LoggerContext[default] - Resource [logback.xml] occurs at [jar:file:/root/flamestream/lib/flamestream-runtime-1.0-SNAPSHOT.jar!/logback.xml]
08:00:18,122 |-WARN in ch.qos.logback.classic.LoggerContext[default] - Resource [logback.xml] occurs at [jar:file:/root/flamestream/flamestream-runtime-1.0-SNAPSHOT.jar!/logback.xml]
08:00:18,142 |-INFO in ch.qos.logback.core.joran.spi.ConfigurationWatchList@3fb6a447 - URL [jar:file:/root/flamestream/lib/flamestream-runtime-1.0-SNAPSHOT.jar!/logback.xml] is not of type file
08:00:18,213 |-INFO in ch.qos.logback.classic.joran.action.ConfigurationAction - debug attribute not set
08:00:18,214 |-INFO in ch.qos.logback.core.joran.action.AppenderAction - About to instantiate appender of type [ch.qos.logback.core.ConsoleAppender]
08:00:18,229 |-INFO in ch.qos.logback.core.joran.action.AppenderAction - Naming appender as [STDOUT]
08:00:18,248 |-INFO in ch.qos.logback.core.joran.action.NestedComplexPropertyIA - Assuming default type [ch.qos.logback.classic.encoder.PatternLayoutEncoder] for [encoder] property
08:00:18,335 |-INFO in ch.qos.logback.core.joran.action.AppenderAction - About to instantiate appender of type [ch.qos.logback.core.rolling.RollingFileAppender]
08:00:18,340 |-INFO in ch.qos.logback.core.joran.action.AppenderAction - Naming appender as [FILE]
08:00:18,372 |-INFO in c.q.l.core.rolling.TimeBasedRollingPolicy@127618319 - No compression will be used
08:00:18,373 |-INFO in c.q.l.core.rolling.TimeBasedRollingPolicy@127618319 - Will use the pattern /tmp/application_%d{yyyy-MM-dd}.%i.log for the active file
08:00:18,376 |-INFO in ch.qos.logback.core.rolling.SizeAndTimeBasedFNATP@6b2fad11 - The date pattern is 'yyyy-MM-dd' from file name pattern '/tmp/application_%d{yyyy-MM-dd}.%i.log'.
08:00:18,376 |-INFO in ch.qos.logback.core.rolling.SizeAndTimeBasedFNATP@6b2fad11 - Roll-over at midnight.
08:00:18,381 |-INFO in ch.qos.logback.core.rolling.SizeAndTimeBasedFNATP@6b2fad11 - Setting initial period to Tue Jun 11 07:58:57 UTC 2019
08:00:18,381 |-WARN in ch.qos.logback.core.rolling.SizeAndTimeBasedFNATP@6b2fad11 - SizeAndTimeBasedFNATP is deprecated. Use SizeAndTimeBasedRollingPolicy instead
08:00:18,381 |-WARN in ch.qos.logback.core.rolling.SizeAndTimeBasedFNATP@6b2fad11 - For more information see http://logback.qos.ch/manual/appenders.html#SizeAndTimeBasedRollingPolicy
08:00:18,385 |-INFO in ch.qos.logback.core.joran.action.NestedComplexPropertyIA - Assuming default type [ch.qos.logback.classic.encoder.PatternLayoutEncoder] for [encoder] property
08:00:18,390 |-INFO in ch.qos.logback.core.rolling.RollingFileAppender[FILE] - Active log file name: /tmp/application.log
08:00:18,390 |-INFO in ch.qos.logback.core.rolling.RollingFileAppender[FILE] - File property is set to [/tmp/application.log]
08:00:18,391 |-INFO in ch.qos.logback.classic.joran.action.RootLoggerAction - Setting level of ROOT logger to WARN
08:00:18,391 |-INFO in ch.qos.logback.core.joran.action.AppenderRefAction - Attaching appender named [STDOUT] to Logger[ROOT]
08:00:18,393 |-INFO in ch.qos.logback.core.joran.action.AppenderRefAction - Attaching appender named [FILE] to Logger[ROOT]
08:00:18,393 |-INFO in ch.qos.logback.classic.joran.action.ConfigurationAction - End of configuration.
08:00:18,393 |-INFO in ch.qos.logback.classic.joran.JoranConfigurator@79698539 - Registering current configuration as safe fallback point

Ama winner
Ama winner
2019-06-11T08:00:19.704+0000: 1.776: [Full GC (Metadata GC Threshold) 2019-06-11T08:00:19.704+0000: 1.776: [Tenured: 0K->15145K(341376K), 0.0414076 secs] 114923K->15145K(494976K), [Metaspace: 20737K->20737K(1067008K)], 0.0414763 secs] [Times: user=0.04 sys=0.00, real=0.04 secs] 
08:00:36.900 [Curator-PathChildrenCache-1] WARN  o.a.c.u.ZKPaths  - The version of ZooKeeper being used doesn't support Container nodes. CreateMode.PERSISTENT will be used instead.
2019-06-11T08:00:39.117+0000: 21.189: [GC (Allocation Failure) 2019-06-11T08:00:39.117+0000: 21.189: [DefNew: 136576K->17023K(153600K), 0.0250330 secs] 151721K->52576K(494976K), 0.0251147 secs] [Times: user=0.02 sys=0.00, real=0.02 secs] 
2019-06-11T08:00:40.709+0000: 22.781: [Full GC (Metadata GC Threshold) 2019-06-11T08:00:40.709+0000: 22.781: [Tenured: 35552K->43929K(341376K), 0.0419624 secs] 92384K->43929K(494976K), [Metaspace: 34579K->34579K(1079296K)], 0.0420458 secs] [Times: user=0.04 sys=0.00, real=0.04 secs] 
2019-06-11T08:00:46.034+0000: 28.107: [GC (Allocation Failure) 2019-06-11T08:00:46.034+0000: 28.107: [DefNew: 136576K->71K(153600K), 0.0018397 secs] 180505K->44000K(494976K), 0.0018970 secs] [Times: user=0.00 sys=0.00, real=0.00 secs] 
2019-06-11T08:00:51.405+0000: 33.478: [GC (Allocation Failure) 2019-06-11T08:00:51.405+0000: 33.478: [DefNew: 136647K->74K(153600K), 0.0017767 secs] 180576K->44003K(494976K), 0.0018405 secs] [Times: user=0.00 sys=0.00, real=0.00 secs] 
2019-06-11T08:00:56.775+0000: 38.847: [GC (Allocation Failure) 2019-06-11T08:00:56.775+0000: 38.847: [DefNew: 136650K->76K(153600K), 0.0017800 secs] 180579K->44005K(494976K), 0.0018520 secs] [Times: user=0.00 sys=0.00, real=0.01 secs] 
2019-06-11T08:01:02.186+0000: 44.259: [GC (Allocation Failure) 2019-06-11T08:01:02.186+0000: 44.259: [DefNew: 136652K->75K(153600K), 0.0017936 secs] 180581K->44005K(494976K), 0.0018534 secs] [Times: user=0.00 sys=0.00, real=0.00 secs] 
2019-06-11T08:01:07.567+0000: 49.639: [GC (Allocation Failure) 2019-06-11T08:01:07.567+0000: 49.639: [DefNew: 136651K->72K(153600K), 0.0018334 secs] 180581K->44002K(494976K), 0.0018924 secs] [Times: user=0.00 sys=0.00, real=0.01 secs] 
08:01:16.544 [Curator-PathChildrenCache-0] ERROR o.a.c.f.r.c.PathChildrenCache  - 
java.lang.IllegalStateException: instance must be started before calling this method
	at org.apache.curator.shaded.com.google.common.base.Preconditions.checkState(Preconditions.java:444)
	at org.apache.curator.framework.imps.CuratorFrameworkImpl.getChildren(CuratorFrameworkImpl.java:456)
	at org.apache.curator.framework.recipes.cache.PathChildrenCache.refresh(PathChildrenCache.java:521)
	at org.apache.curator.framework.recipes.cache.RefreshOperation.invoke(RefreshOperation.java:35)
	at org.apache.curator.framework.recipes.cache.PathChildrenCache$9.run(PathChildrenCache.java:786)
	at java.util.concurrent.Executors$RunnableAdapter.call(Executors.java:511)
	at java.util.concurrent.FutureTask.run(FutureTask.java:266)
	at java.util.concurrent.Executors$RunnableAdapter.call(Executors.java:511)
	at java.util.concurrent.FutureTask.run(FutureTask.java:266)
	at java.util.concurrent.ThreadPoolExecutor.runWorker(ThreadPoolExecutor.java:1149)
	at java.util.concurrent.ThreadPoolExecutor$Worker.run(ThreadPoolExecutor.java:624)
	at java.lang.Thread.run(Thread.java:748)
Heap
 def new generation   total 153600K, used 67373K [0x00000000e0c00000, 0x00000000eb2a0000, 0x00000000eb2a0000)
  eden space 136576K,  49% used [0x00000000e0c00000, 0x00000000e4db9288, 0x00000000e9160000)
  from space 17024K,   0% used [0x00000000e9160000, 0x00000000e9172258, 0x00000000ea200000)
  to   space 17024K,   0% used [0x00000000ea200000, 0x00000000ea200000, 0x00000000eb2a0000)
 tenured generation   total 341376K, used 43929K [0x00000000eb2a0000, 0x0000000100000000, 0x0000000100000000)
   the space 341376K,  12% used [0x00000000eb2a0000, 0x00000000edd865a8, 0x00000000edd86600, 0x0000000100000000)
 Metaspace       used 35813K, capacity 36742K, committed 36864K, reserved 1081344K
  class space    used 4838K, capacity 5049K, committed 5120K, reserved 1048576K
