17:49:45,174 |-INFO in ch.qos.logback.classic.LoggerContext[default] - Could NOT find resource [logback-test.xml]
17:49:45,174 |-INFO in ch.qos.logback.classic.LoggerContext[default] - Could NOT find resource [logback.groovy]
17:49:45,177 |-INFO in ch.qos.logback.classic.LoggerContext[default] - Found resource [logback.xml] at [jar:file:/root/flamestream/lib/flamestream-runtime-1.0-SNAPSHOT.jar!/logback.xml]
17:49:45,178 |-WARN in ch.qos.logback.classic.LoggerContext[default] - Resource [logback.xml] occurs multiple times on the classpath.
17:49:45,178 |-WARN in ch.qos.logback.classic.LoggerContext[default] - Resource [logback.xml] occurs at [jar:file:/root/flamestream/lib/flamestream-runtime-1.0-SNAPSHOT.jar!/logback.xml]
17:49:45,178 |-WARN in ch.qos.logback.classic.LoggerContext[default] - Resource [logback.xml] occurs at [jar:file:/root/flamestream/flamestream-runtime-1.0-SNAPSHOT.jar!/logback.xml]
17:49:45,197 |-INFO in ch.qos.logback.core.joran.spi.ConfigurationWatchList@3fb6a447 - URL [jar:file:/root/flamestream/lib/flamestream-runtime-1.0-SNAPSHOT.jar!/logback.xml] is not of type file
17:49:45,266 |-INFO in ch.qos.logback.classic.joran.action.ConfigurationAction - debug attribute not set
17:49:45,267 |-INFO in ch.qos.logback.core.joran.action.AppenderAction - About to instantiate appender of type [ch.qos.logback.core.ConsoleAppender]
17:49:45,285 |-INFO in ch.qos.logback.core.joran.action.AppenderAction - Naming appender as [STDOUT]
17:49:45,303 |-INFO in ch.qos.logback.core.joran.action.NestedComplexPropertyIA - Assuming default type [ch.qos.logback.classic.encoder.PatternLayoutEncoder] for [encoder] property
17:49:45,387 |-INFO in ch.qos.logback.core.joran.action.AppenderAction - About to instantiate appender of type [ch.qos.logback.core.rolling.RollingFileAppender]
17:49:45,392 |-INFO in ch.qos.logback.core.joran.action.AppenderAction - Naming appender as [FILE]
17:49:45,424 |-INFO in c.q.l.core.rolling.TimeBasedRollingPolicy@127618319 - No compression will be used
17:49:45,425 |-INFO in c.q.l.core.rolling.TimeBasedRollingPolicy@127618319 - Will use the pattern /tmp/application_%d{yyyy-MM-dd}.%i.log for the active file
17:49:45,428 |-INFO in ch.qos.logback.core.rolling.SizeAndTimeBasedFNATP@6b2fad11 - The date pattern is 'yyyy-MM-dd' from file name pattern '/tmp/application_%d{yyyy-MM-dd}.%i.log'.
17:49:45,428 |-INFO in ch.qos.logback.core.rolling.SizeAndTimeBasedFNATP@6b2fad11 - Roll-over at midnight.
17:49:45,433 |-INFO in ch.qos.logback.core.rolling.SizeAndTimeBasedFNATP@6b2fad11 - Setting initial period to Mon Jun 10 17:48:30 UTC 2019
17:49:45,433 |-WARN in ch.qos.logback.core.rolling.SizeAndTimeBasedFNATP@6b2fad11 - SizeAndTimeBasedFNATP is deprecated. Use SizeAndTimeBasedRollingPolicy instead
17:49:45,433 |-WARN in ch.qos.logback.core.rolling.SizeAndTimeBasedFNATP@6b2fad11 - For more information see http://logback.qos.ch/manual/appenders.html#SizeAndTimeBasedRollingPolicy
17:49:45,437 |-INFO in ch.qos.logback.core.joran.action.NestedComplexPropertyIA - Assuming default type [ch.qos.logback.classic.encoder.PatternLayoutEncoder] for [encoder] property
17:49:45,442 |-INFO in ch.qos.logback.core.rolling.RollingFileAppender[FILE] - Active log file name: /tmp/application.log
17:49:45,442 |-INFO in ch.qos.logback.core.rolling.RollingFileAppender[FILE] - File property is set to [/tmp/application.log]
17:49:45,442 |-INFO in ch.qos.logback.classic.joran.action.RootLoggerAction - Setting level of ROOT logger to WARN
17:49:45,443 |-INFO in ch.qos.logback.core.joran.action.AppenderRefAction - Attaching appender named [STDOUT] to Logger[ROOT]
17:49:45,444 |-INFO in ch.qos.logback.core.joran.action.AppenderRefAction - Attaching appender named [FILE] to Logger[ROOT]
17:49:45,445 |-INFO in ch.qos.logback.classic.joran.action.ConfigurationAction - End of configuration.
17:49:45,445 |-INFO in ch.qos.logback.classic.joran.JoranConfigurator@79698539 - Registering current configuration as safe fallback point

Ama winner
Ama winner
2019-06-10T17:49:46.715+0000: 1.722: [Full GC (Metadata GC Threshold) 2019-06-10T17:49:46.715+0000: 1.722: [Tenured: 0K->15200K(341376K), 0.0391730 secs] 112224K->15200K(494976K), [Metaspace: 20726K->20726K(1067008K)], 0.0392354 secs] [Times: user=0.04 sys=0.00, real=0.04 secs] 
17:50:06.523 [Curator-PathChildrenCache-1] WARN  o.a.c.u.ZKPaths  - The version of ZooKeeper being used doesn't support Container nodes. CreateMode.PERSISTENT will be used instead.
2019-06-10T17:50:08.775+0000: 23.782: [GC (Allocation Failure) 2019-06-10T17:50:08.775+0000: 23.782: [DefNew: 136576K->17023K(153600K), 0.0298895 secs] 151776K->52514K(494976K), 0.0299599 secs] [Times: user=0.01 sys=0.02, real=0.03 secs] 
2019-06-10T17:50:09.992+0000: 24.999: [Full GC (Metadata GC Threshold) 2019-06-10T17:50:09.992+0000: 24.999: [Tenured: 35490K->44164K(341376K), 0.0381241 secs] 73102K->44164K(494976K), [Metaspace: 34529K->34529K(1079296K)], 0.0381985 secs] [Times: user=0.03 sys=0.00, real=0.03 secs] 
2019-06-10T17:50:15.900+0000: 30.907: [GC (Allocation Failure) 2019-06-10T17:50:15.900+0000: 30.907: [DefNew: 136576K->106K(153600K), 0.0018862 secs] 180740K->44271K(494976K), 0.0019467 secs] [Times: user=0.00 sys=0.00, real=0.01 secs] 
2019-06-10T17:50:21.791+0000: 36.799: [GC (Allocation Failure) 2019-06-10T17:50:21.792+0000: 36.799: [DefNew: 136682K->137K(153600K), 0.0017188 secs] 180847K->44301K(494976K), 0.0017800 secs] [Times: user=0.01 sys=0.00, real=0.00 secs] 
2019-06-10T17:50:27.669+0000: 42.676: [GC (Allocation Failure) 2019-06-10T17:50:27.669+0000: 42.676: [DefNew: 136713K->174K(153600K), 0.0017629 secs] 180877K->44338K(494976K), 0.0018395 secs] [Times: user=0.00 sys=0.00, real=0.01 secs] 
2019-06-10T17:50:33.542+0000: 48.549: [GC (Allocation Failure) 2019-06-10T17:50:33.542+0000: 48.549: [DefNew: 136750K->176K(153600K), 0.0018046 secs] 180914K->44341K(494976K), 0.0018710 secs] [Times: user=0.01 sys=0.00, real=0.00 secs] 
17:50:44.486 [Curator-PathChildrenCache-0] ERROR o.a.c.f.r.c.PathChildrenCache  - 
java.lang.IllegalStateException: instance must be started before calling this method
	at org.apache.curator.shaded.com.google.common.base.Preconditions.checkState(Preconditions.java:444)
	at org.apache.curator.framework.imps.CuratorFrameworkImpl.getChildren(CuratorFrameworkImpl.java:456)
	at org.apache.curator.framework.recipes.cache.PathChildrenCache.refresh(PathChildrenCache.java:521)
	at org.apache.curator.framework.recipes.cache.RefreshOperation.invoke(RefreshOperation.java:35)
	at org.apache.curator.framework.recipes.cache.PathChildrenCache$9.run(PathChildrenCache.java:786)
	at java.util.concurrent.Executors$RunnableAdapter.call(Executors.java:511)
	at java.util.concurrent.FutureTask.run(FutureTask.java:266)
	at java.util.concurrent.Executors$RunnableAdapter.call(Executors.java:511)
	at java.util.concurrent.FutureTask.run(FutureTask.java:266)
	at java.util.concurrent.ThreadPoolExecutor.runWorker(ThreadPoolExecutor.java:1149)
	at java.util.concurrent.ThreadPoolExecutor$Worker.run(ThreadPoolExecutor.java:624)
	at java.lang.Thread.run(Thread.java:748)
2019-06-10T17:50:44.499+0000: 59.506: [GC (Allocation Failure) 2019-06-10T17:50:44.499+0000: 59.506: [DefNew: 136752K->723K(153600K), 0.0030968 secs] 180917K->44888K(494976K), 0.0034713 secs] [Times: user=0.01 sys=0.00, real=0.01 secs] 
Heap
 def new generation   total 153600K, used 7265K [0x00000000e0c00000, 0x00000000eb2a0000, 0x00000000eb2a0000)
  eden space 136576K,   4% used [0x00000000e0c00000, 0x00000000e1263650, 0x00000000e9160000)
  from space 17024K,   4% used [0x00000000e9160000, 0x00000000e9214fd0, 0x00000000ea200000)
  to   space 17024K,   0% used [0x00000000ea200000, 0x00000000ea200000, 0x00000000eb2a0000)
 tenured generation   total 341376K, used 44164K [0x00000000eb2a0000, 0x0000000100000000, 0x0000000100000000)
   the space 341376K,  12% used [0x00000000eb2a0000, 0x00000000eddc10e0, 0x00000000eddc1200, 0x0000000100000000)
 Metaspace       used 35771K, capacity 36704K, committed 36864K, reserved 1081344K
  class space    used 4827K, capacity 5042K, committed 5120K, reserved 1048576K
