00:56:29,284 |-INFO in ch.qos.logback.classic.LoggerContext[default] - Could NOT find resource [logback-test.xml]
00:56:29,284 |-INFO in ch.qos.logback.classic.LoggerContext[default] - Could NOT find resource [logback.groovy]
00:56:29,284 |-INFO in ch.qos.logback.classic.LoggerContext[default] - Found resource [logback.xml] at [jar:file:/home/nikitasokolov/flamestream/lib/flamestream-runtime-1.0-SNAPSHOT.jar!/logback.xml]
00:56:29,285 |-WARN in ch.qos.logback.classic.LoggerContext[default] - Resource [logback.xml] occurs multiple times on the classpath.
00:56:29,285 |-WARN in ch.qos.logback.classic.LoggerContext[default] - Resource [logback.xml] occurs at [jar:file:/home/nikitasokolov/flamestream/lib/flamestream-runtime-1.0-SNAPSHOT.jar!/logback.xml]
00:56:29,285 |-WARN in ch.qos.logback.classic.LoggerContext[default] - Resource [logback.xml] occurs at [jar:file:/home/nikitasokolov/flamestream/flamestream-runtime-1.0-SNAPSHOT.jar!/logback.xml]
00:56:29,302 |-INFO in ch.qos.logback.core.joran.spi.ConfigurationWatchList@6108b2d7 - URL [jar:file:/home/nikitasokolov/flamestream/lib/flamestream-runtime-1.0-SNAPSHOT.jar!/logback.xml] is not of type file
00:56:29,352 |-INFO in ch.qos.logback.classic.joran.action.ConfigurationAction - debug attribute not set
00:56:29,352 |-INFO in ch.qos.logback.core.joran.action.AppenderAction - About to instantiate appender of type [ch.qos.logback.core.ConsoleAppender]
00:56:29,364 |-INFO in ch.qos.logback.core.joran.action.AppenderAction - Naming appender as [STDOUT]
00:56:29,374 |-INFO in ch.qos.logback.core.joran.action.NestedComplexPropertyIA - Assuming default type [ch.qos.logback.classic.encoder.PatternLayoutEncoder] for [encoder] property
00:56:29,430 |-INFO in ch.qos.logback.core.joran.action.AppenderAction - About to instantiate appender of type [ch.qos.logback.core.rolling.RollingFileAppender]
00:56:29,435 |-INFO in ch.qos.logback.core.joran.action.AppenderAction - Naming appender as [FILE]
00:56:29,459 |-INFO in c.q.l.core.rolling.TimeBasedRollingPolicy@357863579 - No compression will be used
00:56:29,460 |-INFO in c.q.l.core.rolling.TimeBasedRollingPolicy@357863579 - Will use the pattern /tmp/application_%d{yyyy-MM-dd}.%i.log for the active file
00:56:29,463 |-INFO in ch.qos.logback.core.rolling.SizeAndTimeBasedFNATP@6bf256fa - The date pattern is 'yyyy-MM-dd' from file name pattern '/tmp/application_%d{yyyy-MM-dd}.%i.log'.
00:56:29,463 |-INFO in ch.qos.logback.core.rolling.SizeAndTimeBasedFNATP@6bf256fa - Roll-over at midnight.
00:56:29,467 |-INFO in ch.qos.logback.core.rolling.SizeAndTimeBasedFNATP@6bf256fa - Setting initial period to Sun Jun 09 00:55:41 MSK 2019
00:56:29,467 |-WARN in ch.qos.logback.core.rolling.SizeAndTimeBasedFNATP@6bf256fa - SizeAndTimeBasedFNATP is deprecated. Use SizeAndTimeBasedRollingPolicy instead
00:56:29,467 |-WARN in ch.qos.logback.core.rolling.SizeAndTimeBasedFNATP@6bf256fa - For more information see http://logback.qos.ch/manual/appenders.html#SizeAndTimeBasedRollingPolicy
00:56:29,472 |-INFO in ch.qos.logback.core.joran.action.NestedComplexPropertyIA - Assuming default type [ch.qos.logback.classic.encoder.PatternLayoutEncoder] for [encoder] property
00:56:29,474 |-INFO in ch.qos.logback.core.rolling.RollingFileAppender[FILE] - Active log file name: /tmp/application.log
00:56:29,474 |-INFO in ch.qos.logback.core.rolling.RollingFileAppender[FILE] - File property is set to [/tmp/application.log]
00:56:29,475 |-INFO in ch.qos.logback.classic.joran.action.RootLoggerAction - Setting level of ROOT logger to WARN
00:56:29,475 |-INFO in ch.qos.logback.core.joran.action.AppenderRefAction - Attaching appender named [STDOUT] to Logger[ROOT]
00:56:29,476 |-INFO in ch.qos.logback.core.joran.action.AppenderRefAction - Attaching appender named [FILE] to Logger[ROOT]
00:56:29,476 |-INFO in ch.qos.logback.classic.joran.action.ConfigurationAction - End of configuration.
00:56:29,477 |-INFO in ch.qos.logback.classic.joran.JoranConfigurator@6cd8737 - Registering current configuration as safe fallback point

2019-06-09T00:56:30.450+0300: 1.364: [GC (Metadata GC Threshold) [PSYoungGen: 110721K->15920K(149504K)] 110721K->16000K(491008K), 0.0199540 secs] [Times: user=0.08 sys=0.01, real=0.02 secs] 
2019-06-09T00:56:30.470+0300: 1.384: [Full GC (Metadata GC Threshold) [PSYoungGen: 15920K->0K(149504K)] [ParOldGen: 80K->15078K(341504K)] 16000K->15078K(491008K), [Metaspace: 20802K->20802K(1067008K)], 0.0279068 secs] [Times: user=0.19 sys=0.01, real=0.03 secs] 
00:56:41.748 [Curator-PathChildrenCache-1] WARN  o.a.c.u.ZKPaths  - The version of ZooKeeper being used doesn't support Container nodes. CreateMode.PERSISTENT will be used instead.
2019-06-09T00:56:42.719+0300: 13.633: [GC (Metadata GC Threshold) [PSYoungGen: 127704K->15891K(149504K)] 142783K->50508K(491008K), 0.0251857 secs] [Times: user=0.19 sys=0.03, real=0.02 secs] 
2019-06-09T00:56:42.744+0300: 13.659: [Full GC (Metadata GC Threshold) [PSYoungGen: 15891K->0K(149504K)] [ParOldGen: 34617K->38980K(341504K)] 50508K->38980K(491008K), [Metaspace: 34570K->34570K(1079296K)], 0.0413036 secs] [Times: user=0.23 sys=0.00, real=0.04 secs] 
2019-06-09T00:56:45.969+0300: 16.883: [GC (Allocation Failure) [PSYoungGen: 128512K->512K(149504K)] 167492K->39501K(491008K), 0.0036942 secs] [Times: user=0.00 sys=0.02, real=0.01 secs] 
2019-06-09T00:56:49.647+0300: 20.561: [GC (Allocation Failure) [PSYoungGen: 129024K->576K(149504K)] 168013K->39573K(491008K), 0.0045771 secs] [Times: user=0.03 sys=0.01, real=0.01 secs] 
2019-06-09T00:56:53.331+0300: 24.245: [GC (Allocation Failure) [PSYoungGen: 129088K->576K(129536K)] 168085K->39581K(471040K), 0.0032795 secs] [Times: user=0.01 sys=0.01, real=0.00 secs] 
2019-06-09T00:56:56.994+0300: 27.909: [GC (Allocation Failure) [PSYoungGen: 129088K->576K(150016K)] 168093K->39589K(491520K), 0.0027753 secs] [Times: user=0.01 sys=0.00, real=0.00 secs] 
2019-06-09T00:57:00.747+0300: 31.661: [GC (Allocation Failure) [PSYoungGen: 129088K->544K(148992K)] 168101K->39565K(490496K), 0.0053742 secs] [Times: user=0.03 sys=0.00, real=0.01 secs] 
2019-06-09T00:57:04.461+0300: 35.376: [GC (Allocation Failure) [PSYoungGen: 129056K->544K(151552K)] 168077K->39573K(493056K), 0.0025675 secs] [Times: user=0.01 sys=0.01, real=0.00 secs] 
2019-06-09T00:57:08.326+0300: 39.240: [GC (Allocation Failure) [PSYoungGen: 132640K->512K(151040K)] 171669K->39549K(492544K), 0.0046085 secs] [Times: user=0.02 sys=0.00, real=0.01 secs] 
2019-06-09T00:57:12.187+0300: 43.102: [GC (Allocation Failure) [PSYoungGen: 132608K->480K(153088K)] 171645K->39525K(494592K), 0.0034058 secs] [Times: user=0.02 sys=0.00, real=0.01 secs] 
2019-06-09T00:57:16.119+0300: 47.034: [GC (Allocation Failure) [PSYoungGen: 135648K->544K(152576K)] 174693K->39589K(494080K), 0.0031587 secs] [Times: user=0.02 sys=0.00, real=0.00 secs] 
2019-06-09T00:57:20.062+0300: 50.976: [GC (Allocation Failure) [PSYoungGen: 135712K->512K(154624K)] 174757K->39557K(496128K), 0.0033384 secs] [Times: user=0.01 sys=0.01, real=0.00 secs] 
2019-06-09T00:57:24.051+0300: 54.965: [GC (Allocation Failure) [PSYoungGen: 138752K->544K(154112K)] 177797K->39597K(495616K), 0.0033057 secs] [Times: user=0.00 sys=0.01, real=0.00 secs] 
2019-06-09T00:57:28.083+0300: 58.997: [GC (Allocation Failure) [PSYoungGen: 138784K->448K(156160K)] 177837K->39501K(497664K), 0.0098890 secs] [Times: user=0.08 sys=0.00, real=0.01 secs] 
2019-06-09T00:57:32.484+0300: 63.398: [GC (Allocation Failure) [PSYoungGen: 141760K->887K(155648K)] 180813K->39940K(497152K), 0.0036801 secs] [Times: user=0.01 sys=0.00, real=0.00 secs] 
2019-06-09T00:57:37.687+0300: 68.601: [GC (Allocation Failure) [PSYoungGen: 142199K->512K(158208K)] 181252K->39573K(499712K), 0.0028831 secs] [Times: user=0.01 sys=0.00, real=0.01 secs] 
2019-06-09T00:57:43.033+0300: 73.947: [GC (Allocation Failure) [PSYoungGen: 145408K->640K(157184K)] 184469K->39701K(498688K), 0.0054712 secs] [Times: user=0.02 sys=0.01, real=0.01 secs] 
00:57:54.433 [Curator-PathChildrenCache-0] ERROR o.a.c.f.r.c.PathChildrenCache  - 
java.lang.IllegalStateException: instance must be started before calling this method
	at org.apache.curator.shaded.com.google.common.base.Preconditions.checkState(Preconditions.java:444)
	at org.apache.curator.framework.imps.CuratorFrameworkImpl.getChildren(CuratorFrameworkImpl.java:456)
	at org.apache.curator.framework.recipes.cache.PathChildrenCache.refresh(PathChildrenCache.java:521)
	at org.apache.curator.framework.recipes.cache.RefreshOperation.invoke(RefreshOperation.java:35)
	at org.apache.curator.framework.recipes.cache.PathChildrenCache$9.run(PathChildrenCache.java:786)
	at java.util.concurrent.Executors$RunnableAdapter.call(Executors.java:511)
	at java.util.concurrent.FutureTask.run(FutureTask.java:266)
	at java.util.concurrent.Executors$RunnableAdapter.call(Executors.java:511)
	at java.util.concurrent.FutureTask.run(FutureTask.java:266)
	at java.util.concurrent.ThreadPoolExecutor.runWorker(ThreadPoolExecutor.java:1149)
	at java.util.concurrent.ThreadPoolExecutor$Worker.run(ThreadPoolExecutor.java:624)
	at java.lang.Thread.run(Thread.java:748)
Heap
 PSYoungGen      total 157184K, used 119536K [0x00000000f5980000, 0x0000000100000000, 0x0000000100000000)
  eden space 144896K, 82% used [0x00000000f5980000,0x00000000fcd9c238,0x00000000fe700000)
  from space 12288K, 5% used [0x00000000fe700000,0x00000000fe7a0020,0x00000000ff300000)
  to   space 11776K, 0% used [0x00000000ff480000,0x00000000ff480000,0x0000000100000000)
 ParOldGen       total 341504K, used 39060K [0x00000000e0c00000, 0x00000000f5980000, 0x00000000f5980000)
  object space 341504K, 11% used [0x00000000e0c00000,0x00000000e32253f0,0x00000000f5980000)
 Metaspace       used 36222K, capacity 37030K, committed 37208K, reserved 1081344K
  class space    used 4976K, capacity 5161K, committed 5248K, reserved 1048576K
