17:32:24,348 |-INFO in ch.qos.logback.classic.LoggerContext[default] - Could NOT find resource [logback-test.xml]
17:32:24,348 |-INFO in ch.qos.logback.classic.LoggerContext[default] - Could NOT find resource [logback.groovy]
17:32:24,349 |-INFO in ch.qos.logback.classic.LoggerContext[default] - Found resource [logback.xml] at [jar:file:/root/flamestream/lib/flamestream-runtime-1.0-SNAPSHOT.jar!/logback.xml]
17:32:24,349 |-WARN in ch.qos.logback.classic.LoggerContext[default] - Resource [logback.xml] occurs multiple times on the classpath.
17:32:24,350 |-WARN in ch.qos.logback.classic.LoggerContext[default] - Resource [logback.xml] occurs at [jar:file:/root/flamestream/lib/flamestream-runtime-1.0-SNAPSHOT.jar!/logback.xml]
17:32:24,350 |-WARN in ch.qos.logback.classic.LoggerContext[default] - Resource [logback.xml] occurs at [jar:file:/root/flamestream/flamestream-runtime-1.0-SNAPSHOT.jar!/logback.xml]
17:32:24,369 |-INFO in ch.qos.logback.core.joran.spi.ConfigurationWatchList@3fb6a447 - URL [jar:file:/root/flamestream/lib/flamestream-runtime-1.0-SNAPSHOT.jar!/logback.xml] is not of type file
17:32:24,441 |-INFO in ch.qos.logback.classic.joran.action.ConfigurationAction - debug attribute not set
17:32:24,441 |-INFO in ch.qos.logback.core.joran.action.AppenderAction - About to instantiate appender of type [ch.qos.logback.core.ConsoleAppender]
17:32:24,459 |-INFO in ch.qos.logback.core.joran.action.AppenderAction - Naming appender as [STDOUT]
17:32:24,472 |-INFO in ch.qos.logback.core.joran.action.NestedComplexPropertyIA - Assuming default type [ch.qos.logback.classic.encoder.PatternLayoutEncoder] for [encoder] property
17:32:24,558 |-INFO in ch.qos.logback.core.joran.action.AppenderAction - About to instantiate appender of type [ch.qos.logback.core.rolling.RollingFileAppender]
17:32:24,563 |-INFO in ch.qos.logback.core.joran.action.AppenderAction - Naming appender as [FILE]
17:32:24,594 |-INFO in c.q.l.core.rolling.TimeBasedRollingPolicy@127618319 - No compression will be used
17:32:24,595 |-INFO in c.q.l.core.rolling.TimeBasedRollingPolicy@127618319 - Will use the pattern /tmp/application_%d{yyyy-MM-dd}.%i.log for the active file
17:32:24,598 |-INFO in ch.qos.logback.core.rolling.SizeAndTimeBasedFNATP@6b2fad11 - The date pattern is 'yyyy-MM-dd' from file name pattern '/tmp/application_%d{yyyy-MM-dd}.%i.log'.
17:32:24,598 |-INFO in ch.qos.logback.core.rolling.SizeAndTimeBasedFNATP@6b2fad11 - Roll-over at midnight.
17:32:24,603 |-INFO in ch.qos.logback.core.rolling.SizeAndTimeBasedFNATP@6b2fad11 - Setting initial period to Mon Jun 10 17:30:49 UTC 2019
17:32:24,603 |-WARN in ch.qos.logback.core.rolling.SizeAndTimeBasedFNATP@6b2fad11 - SizeAndTimeBasedFNATP is deprecated. Use SizeAndTimeBasedRollingPolicy instead
17:32:24,603 |-WARN in ch.qos.logback.core.rolling.SizeAndTimeBasedFNATP@6b2fad11 - For more information see http://logback.qos.ch/manual/appenders.html#SizeAndTimeBasedRollingPolicy
17:32:24,607 |-INFO in ch.qos.logback.core.joran.action.NestedComplexPropertyIA - Assuming default type [ch.qos.logback.classic.encoder.PatternLayoutEncoder] for [encoder] property
17:32:24,612 |-INFO in ch.qos.logback.core.rolling.RollingFileAppender[FILE] - Active log file name: /tmp/application.log
17:32:24,612 |-INFO in ch.qos.logback.core.rolling.RollingFileAppender[FILE] - File property is set to [/tmp/application.log]
17:32:24,613 |-INFO in ch.qos.logback.classic.joran.action.RootLoggerAction - Setting level of ROOT logger to WARN
17:32:24,613 |-INFO in ch.qos.logback.core.joran.action.AppenderRefAction - Attaching appender named [STDOUT] to Logger[ROOT]
17:32:24,615 |-INFO in ch.qos.logback.core.joran.action.AppenderRefAction - Attaching appender named [FILE] to Logger[ROOT]
17:32:24,615 |-INFO in ch.qos.logback.classic.joran.action.ConfigurationAction - End of configuration.
17:32:24,615 |-INFO in ch.qos.logback.classic.joran.JoranConfigurator@79698539 - Registering current configuration as safe fallback point

Ama winner
Ama winner
2019-06-10T17:32:25.891+0000: 1.731: [Full GC (Metadata GC Threshold) 2019-06-10T17:32:25.891+0000: 1.731: [Tenured: 0K->15210K(341376K), 0.0418619 secs] 114986K->15210K(494976K), [Metaspace: 20735K->20735K(1067008K)], 0.0419428 secs] [Times: user=0.05 sys=0.00, real=0.04 secs] 
17:32:47.662 [Curator-PathChildrenCache-1] WARN  o.a.c.u.ZKPaths  - The version of ZooKeeper being used doesn't support Container nodes. CreateMode.PERSISTENT will be used instead.
2019-06-10T17:32:50.052+0000: 25.891: [GC (Allocation Failure) 2019-06-10T17:32:50.052+0000: 25.891: [DefNew: 136576K->17023K(153600K), 0.0262371 secs] 151786K->52810K(494976K), 0.0263089 secs] [Times: user=0.02 sys=0.01, real=0.03 secs] 
2019-06-10T17:32:56.462+0000: 32.301: [Full GC (Metadata GC Threshold) 2019-06-10T17:32:56.462+0000: 32.301: [Tenured: 35786K->44423K(341376K), 0.0611172 secs] 183882K->44423K(494976K), [Metaspace: 34648K->34648K(1079296K)], 0.0611908 secs] [Times: user=0.05 sys=0.00, real=0.06 secs] 
2019-06-10T17:33:02.948+0000: 38.788: [GC (Allocation Failure) 2019-06-10T17:33:02.948+0000: 38.788: [DefNew: 136576K->84K(153600K), 0.0017617 secs] 180999K->44507K(494976K), 0.0018255 secs] [Times: user=0.00 sys=0.00, real=0.00 secs] 
2019-06-10T17:33:09.449+0000: 45.288: [GC (Allocation Failure) 2019-06-10T17:33:09.449+0000: 45.288: [DefNew: 136660K->117K(153600K), 0.0018311 secs] 181083K->44541K(494976K), 0.0018949 secs] [Times: user=0.00 sys=0.00, real=0.00 secs] 
2019-06-10T17:33:15.950+0000: 51.790: [GC (Allocation Failure) 2019-06-10T17:33:15.950+0000: 51.790: [DefNew: 136693K->119K(153600K), 0.0017606 secs] 181117K->44543K(494976K), 0.0018291 secs] [Times: user=0.00 sys=0.00, real=0.00 secs] 
2019-06-10T17:33:22.513+0000: 58.353: [GC (Allocation Failure) 2019-06-10T17:33:22.513+0000: 58.353: [DefNew: 136695K->125K(153600K), 0.0017560 secs] 181119K->44548K(494976K), 0.0018153 secs] [Times: user=0.00 sys=0.00, real=0.01 secs] 
2019-06-10T17:33:41.271+0000: 77.110: [GC (Allocation Failure) 2019-06-10T17:33:41.271+0000: 77.110: [DefNew: 136701K->766K(153600K), 0.0027877 secs] 181124K->45190K(494976K), 0.0028467 secs] [Times: user=0.00 sys=0.00, real=0.00 secs] 
17:33:41.297 [Curator-PathChildrenCache-0] ERROR o.a.c.f.r.c.PathChildrenCache  - 
java.lang.IllegalStateException: instance must be started before calling this method
	at org.apache.curator.shaded.com.google.common.base.Preconditions.checkState(Preconditions.java:444)
	at org.apache.curator.framework.imps.CuratorFrameworkImpl.getChildren(CuratorFrameworkImpl.java:456)
	at org.apache.curator.framework.recipes.cache.PathChildrenCache.refresh(PathChildrenCache.java:521)
	at org.apache.curator.framework.recipes.cache.RefreshOperation.invoke(RefreshOperation.java:35)
	at org.apache.curator.framework.recipes.cache.PathChildrenCache$9.run(PathChildrenCache.java:786)
	at java.util.concurrent.Executors$RunnableAdapter.call(Executors.java:511)
	at java.util.concurrent.FutureTask.run(FutureTask.java:266)
	at java.util.concurrent.Executors$RunnableAdapter.call(Executors.java:511)
	at java.util.concurrent.FutureTask.run(FutureTask.java:266)
	at java.util.concurrent.ThreadPoolExecutor.runWorker(ThreadPoolExecutor.java:1149)
	at java.util.concurrent.ThreadPoolExecutor$Worker.run(ThreadPoolExecutor.java:624)
	at java.lang.Thread.run(Thread.java:748)
Heap
 def new generation   total 153600K, used 11633K [0x00000000e0c00000, 0x00000000eb2a0000, 0x00000000eb2a0000)
  eden space 136576K,   7% used [0x00000000e0c00000, 0x00000000e169ca68, 0x00000000e9160000)
  from space 17024K,   4% used [0x00000000e9160000, 0x00000000e921faf8, 0x00000000ea200000)
  to   space 17024K,   0% used [0x00000000ea200000, 0x00000000ea200000, 0x00000000eb2a0000)
 tenured generation   total 341376K, used 44423K [0x00000000eb2a0000, 0x0000000100000000, 0x0000000100000000)
   the space 341376K,  13% used [0x00000000eb2a0000, 0x00000000ede01f58, 0x00000000ede02000, 0x0000000100000000)
 Metaspace       used 36062K, capacity 36998K, committed 37120K, reserved 1081344K
  class space    used 4870K, capacity 5075K, committed 5120K, reserved 1048576K
