08:34:01,370 |-INFO in ch.qos.logback.classic.LoggerContext[default] - Could NOT find resource [logback-test.xml]
08:34:01,371 |-INFO in ch.qos.logback.classic.LoggerContext[default] - Could NOT find resource [logback.groovy]
08:34:01,371 |-INFO in ch.qos.logback.classic.LoggerContext[default] - Found resource [logback.xml] at [jar:file:/root/flamestream/lib/flamestream-runtime-1.0-SNAPSHOT.jar!/logback.xml]
08:34:01,372 |-WARN in ch.qos.logback.classic.LoggerContext[default] - Resource [logback.xml] occurs multiple times on the classpath.
08:34:01,372 |-WARN in ch.qos.logback.classic.LoggerContext[default] - Resource [logback.xml] occurs at [jar:file:/root/flamestream/lib/flamestream-runtime-1.0-SNAPSHOT.jar!/logback.xml]
08:34:01,372 |-WARN in ch.qos.logback.classic.LoggerContext[default] - Resource [logback.xml] occurs at [jar:file:/root/flamestream/flamestream-runtime-1.0-SNAPSHOT.jar!/logback.xml]
08:34:01,391 |-INFO in ch.qos.logback.core.joran.spi.ConfigurationWatchList@3fb6a447 - URL [jar:file:/root/flamestream/lib/flamestream-runtime-1.0-SNAPSHOT.jar!/logback.xml] is not of type file
08:34:01,463 |-INFO in ch.qos.logback.classic.joran.action.ConfigurationAction - debug attribute not set
08:34:01,464 |-INFO in ch.qos.logback.core.joran.action.AppenderAction - About to instantiate appender of type [ch.qos.logback.core.ConsoleAppender]
08:34:01,482 |-INFO in ch.qos.logback.core.joran.action.AppenderAction - Naming appender as [STDOUT]
08:34:01,500 |-INFO in ch.qos.logback.core.joran.action.NestedComplexPropertyIA - Assuming default type [ch.qos.logback.classic.encoder.PatternLayoutEncoder] for [encoder] property
08:34:01,580 |-INFO in ch.qos.logback.core.joran.action.AppenderAction - About to instantiate appender of type [ch.qos.logback.core.rolling.RollingFileAppender]
08:34:01,585 |-INFO in ch.qos.logback.core.joran.action.AppenderAction - Naming appender as [FILE]
08:34:01,617 |-INFO in c.q.l.core.rolling.TimeBasedRollingPolicy@127618319 - No compression will be used
08:34:01,618 |-INFO in c.q.l.core.rolling.TimeBasedRollingPolicy@127618319 - Will use the pattern /tmp/application_%d{yyyy-MM-dd}.%i.log for the active file
08:34:01,621 |-INFO in ch.qos.logback.core.rolling.SizeAndTimeBasedFNATP@6b2fad11 - The date pattern is 'yyyy-MM-dd' from file name pattern '/tmp/application_%d{yyyy-MM-dd}.%i.log'.
08:34:01,621 |-INFO in ch.qos.logback.core.rolling.SizeAndTimeBasedFNATP@6b2fad11 - Roll-over at midnight.
08:34:01,626 |-INFO in ch.qos.logback.core.rolling.SizeAndTimeBasedFNATP@6b2fad11 - Setting initial period to Tue Jun 11 08:32:45 UTC 2019
08:34:01,626 |-WARN in ch.qos.logback.core.rolling.SizeAndTimeBasedFNATP@6b2fad11 - SizeAndTimeBasedFNATP is deprecated. Use SizeAndTimeBasedRollingPolicy instead
08:34:01,626 |-WARN in ch.qos.logback.core.rolling.SizeAndTimeBasedFNATP@6b2fad11 - For more information see http://logback.qos.ch/manual/appenders.html#SizeAndTimeBasedRollingPolicy
08:34:01,631 |-INFO in ch.qos.logback.core.joran.action.NestedComplexPropertyIA - Assuming default type [ch.qos.logback.classic.encoder.PatternLayoutEncoder] for [encoder] property
08:34:01,635 |-INFO in ch.qos.logback.core.rolling.RollingFileAppender[FILE] - Active log file name: /tmp/application.log
08:34:01,635 |-INFO in ch.qos.logback.core.rolling.RollingFileAppender[FILE] - File property is set to [/tmp/application.log]
08:34:01,636 |-INFO in ch.qos.logback.classic.joran.action.RootLoggerAction - Setting level of ROOT logger to WARN
08:34:01,636 |-INFO in ch.qos.logback.core.joran.action.AppenderRefAction - Attaching appender named [STDOUT] to Logger[ROOT]
08:34:01,638 |-INFO in ch.qos.logback.core.joran.action.AppenderRefAction - Attaching appender named [FILE] to Logger[ROOT]
08:34:01,638 |-INFO in ch.qos.logback.classic.joran.action.ConfigurationAction - End of configuration.
08:34:01,639 |-INFO in ch.qos.logback.classic.joran.JoranConfigurator@79698539 - Registering current configuration as safe fallback point

Ama winner
Ama winner
2019-06-11T08:34:02.944+0000: 1.762: [Full GC (Metadata GC Threshold) 2019-06-11T08:34:02.944+0000: 1.762: [Tenured: 0K->15176K(341376K), 0.0388880 secs] 114923K->15176K(494976K), [Metaspace: 20739K->20739K(1067008K)], 0.0389530 secs] [Times: user=0.03 sys=0.00, real=0.04 secs] 
2019-06-11T08:34:20.369+0000: 19.188: [GC (Allocation Failure) 2019-06-11T08:34:20.369+0000: 19.188: [DefNew: 136576K->17023K(153600K), 0.0266395 secs] 151752K->51771K(494976K), 0.0267216 secs] [Times: user=0.03 sys=0.00, real=0.02 secs] 
2019-06-11T08:34:23.294+0000: 22.113: [GC (Allocation Failure) 2019-06-11T08:34:23.294+0000: 22.113: [DefNew: 153599K->665K(153600K), 0.0138389 secs] 188347K->42735K(494976K), 0.0139179 secs] [Times: user=0.01 sys=0.00, real=0.02 secs] 
2019-06-11T08:34:25.933+0000: 24.752: [GC (Allocation Failure) 2019-06-11T08:34:25.933+0000: 24.752: [DefNew: 137241K->1591K(153600K), 0.0109628 secs] 179311K->43662K(494976K), 0.0110486 secs] [Times: user=0.01 sys=0.01, real=0.01 secs] 
2019-06-11T08:34:26.442+0000: 25.260: [Full GC (Metadata GC Threshold) 2019-06-11T08:34:26.442+0000: 25.260: [Tenured: 42070K->42640K(341376K), 0.0360163 secs] 69624K->42640K(494976K), [Metaspace: 34593K->34593K(1079296K)], 0.0360885 secs] [Times: user=0.03 sys=0.00, real=0.04 secs] 
2019-06-11T08:34:30.246+0000: 29.064: [GC (Allocation Failure) 2019-06-11T08:34:30.246+0000: 29.064: [DefNew: 136576K->206K(153600K), 0.0021116 secs] 179216K->42847K(494976K), 0.0021675 secs] [Times: user=0.01 sys=0.00, real=0.00 secs] 
2019-06-11T08:34:34.914+0000: 33.733: [GC (Allocation Failure) 2019-06-11T08:34:34.914+0000: 33.733: [DefNew: 136782K->287K(153600K), 0.0022559 secs] 179423K->42928K(494976K), 0.0023213 secs] [Times: user=0.00 sys=0.00, real=0.00 secs] 
2019-06-11T08:34:38.558+0000: 37.377: [GC (Allocation Failure) 2019-06-11T08:34:38.558+0000: 37.377: [DefNew: 136863K->288K(153600K), 0.0022118 secs] 179504K->42929K(494976K), 0.0022824 secs] [Times: user=0.00 sys=0.00, real=0.00 secs] 
2019-06-11T08:34:42.044+0000: 40.862: [GC (Allocation Failure) 2019-06-11T08:34:42.044+0000: 40.862: [DefNew: 136864K->679K(153600K), 0.0029285 secs] 179505K->43320K(494976K), 0.0030004 secs] [Times: user=0.00 sys=0.00, real=0.01 secs] 
2019-06-11T08:34:45.781+0000: 44.600: [GC (Allocation Failure) 2019-06-11T08:34:45.781+0000: 44.600: [DefNew: 137255K->351K(153600K), 0.0022202 secs] 179896K->42992K(494976K), 0.0022827 secs] [Times: user=0.00 sys=0.00, real=0.00 secs] 
2019-06-11T08:34:50.783+0000: 49.602: [GC (Allocation Failure) 2019-06-11T08:34:50.783+0000: 49.602: [DefNew: 136927K->623K(153600K), 0.0028556 secs] 179568K->43264K(494976K), 0.0029177 secs] [Times: user=0.00 sys=0.00, real=0.01 secs] 
2019-06-11T08:34:54.904+0000: 53.723: [GC (Allocation Failure) 2019-06-11T08:34:54.904+0000: 53.723: [DefNew: 137199K->1003K(153600K), 0.0030523 secs] 179840K->43644K(494976K), 0.0031133 secs] [Times: user=0.01 sys=0.00, real=0.01 secs] 
2019-06-11T08:34:59.083+0000: 57.902: [GC (Allocation Failure) 2019-06-11T08:34:59.083+0000: 57.902: [DefNew: 137579K->680K(153600K), 0.0188101 secs] 180220K->43321K(494976K), 0.0189009 secs] [Times: user=0.02 sys=0.00, real=0.02 secs] 
2019-06-11T08:35:02.954+0000: 61.773: [GC (Allocation Failure) 2019-06-11T08:35:02.954+0000: 61.773: [DefNew: 137256K->1124K(153600K), 0.0033755 secs] 179897K->43764K(494976K), 0.0034413 secs] [Times: user=0.01 sys=0.00, real=0.01 secs] 
2019-06-11T08:35:07.097+0000: 65.915: [GC (Allocation Failure) 2019-06-11T08:35:07.097+0000: 65.915: [DefNew: 137700K->1142K(153600K), 0.0032740 secs] 180340K->43782K(494976K), 0.0033416 secs] [Times: user=0.01 sys=0.00, real=0.01 secs] 
2019-06-11T08:35:11.844+0000: 70.663: [GC (Allocation Failure) 2019-06-11T08:35:11.844+0000: 70.663: [DefNew: 137718K->990K(153600K), 0.0030971 secs] 180358K->43631K(494976K), 0.0031681 secs] [Times: user=0.01 sys=0.00, real=0.01 secs] 
2019-06-11T08:35:16.033+0000: 74.852: [GC (Allocation Failure) 2019-06-11T08:35:16.033+0000: 74.852: [DefNew: 137566K->1016K(153600K), 0.0030304 secs] 180207K->43657K(494976K), 0.0030892 secs] [Times: user=0.00 sys=0.00, real=0.00 secs] 
2019-06-11T08:35:19.697+0000: 78.515: [GC (Allocation Failure) 2019-06-11T08:35:19.697+0000: 78.515: [DefNew: 137592K->1135K(153600K), 0.0031837 secs] 180233K->43776K(494976K), 0.0032455 secs] [Times: user=0.00 sys=0.00, real=0.01 secs] 
2019-06-11T08:35:23.338+0000: 82.156: [GC (Allocation Failure) 2019-06-11T08:35:23.338+0000: 82.157: [DefNew: 137711K->1145K(153600K), 0.0030885 secs] 180352K->43785K(494976K), 0.0031637 secs] [Times: user=0.01 sys=0.00, real=0.00 secs] 
2019-06-11T08:35:26.969+0000: 85.788: [GC (Allocation Failure) 2019-06-11T08:35:26.969+0000: 85.788: [DefNew: 137721K->1239K(153600K), 0.0031782 secs] 180361K->43880K(494976K), 0.0032374 secs] [Times: user=0.00 sys=0.00, real=0.00 secs] 
2019-06-11T08:35:31.346+0000: 90.165: [GC (Allocation Failure) 2019-06-11T08:35:31.347+0000: 90.165: [DefNew: 137815K->1255K(153600K), 0.0034650 secs] 180456K->43944K(494976K), 0.0035257 secs] [Times: user=0.00 sys=0.00, real=0.00 secs] 
2019-06-11T08:35:35.856+0000: 94.674: [GC (Allocation Failure) 2019-06-11T08:35:35.856+0000: 94.674: [DefNew: 137831K->1225K(153600K), 0.0039572 secs] 180520K->43952K(494976K), 0.0040135 secs] [Times: user=0.01 sys=0.00, real=0.01 secs] 
2019-06-11T08:35:39.757+0000: 98.575: [GC (Allocation Failure) 2019-06-11T08:35:39.757+0000: 98.575: [DefNew: 137801K->1262K(153600K), 0.0031636 secs] 180528K->44025K(494976K), 0.0032187 secs] [Times: user=0.00 sys=0.00, real=0.01 secs] 
2019-06-11T08:35:43.612+0000: 102.430: [GC (Allocation Failure) 2019-06-11T08:35:43.612+0000: 102.430: [DefNew: 137838K->1269K(153600K), 0.0032582 secs] 180601K->44077K(494976K), 0.0033148 secs] [Times: user=0.01 sys=0.00, real=0.00 secs] 
2019-06-11T08:35:48.202+0000: 107.020: [GC (Allocation Failure) 2019-06-11T08:35:48.202+0000: 107.020: [DefNew: 137845K->1268K(153600K), 0.0032216 secs] 180653K->44112K(494976K), 0.0032858 secs] [Times: user=0.00 sys=0.00, real=0.01 secs] 
2019-06-11T08:35:51.971+0000: 110.790: [GC (Allocation Failure) 2019-06-11T08:35:51.971+0000: 110.790: [DefNew: 137844K->1279K(153600K), 0.0031433 secs] 180688K->44158K(494976K), 0.0032132 secs] [Times: user=0.00 sys=0.00, real=0.00 secs] 
2019-06-11T08:35:55.689+0000: 114.508: [GC (Allocation Failure) 2019-06-11T08:35:55.689+0000: 114.508: [DefNew: 137855K->1183K(153600K), 0.0032458 secs] 180734K->44327K(494976K), 0.0033016 secs] [Times: user=0.01 sys=0.00, real=0.00 secs] 
2019-06-11T08:36:00.397+0000: 119.215: [GC (Allocation Failure) 2019-06-11T08:36:00.397+0000: 119.215: [DefNew: 137759K->1076K(153600K), 0.0032362 secs] 180903K->44259K(494976K), 0.0033363 secs] [Times: user=0.01 sys=0.00, real=0.01 secs] 
2019-06-11T08:36:04.722+0000: 123.541: [GC (Allocation Failure) 2019-06-11T08:36:04.722+0000: 123.541: [DefNew: 137652K->1273K(153600K), 0.0032012 secs] 180835K->44494K(494976K), 0.0032617 secs] [Times: user=0.01 sys=0.00, real=0.01 secs] 
2019-06-11T08:36:08.670+0000: 127.489: [GC (Allocation Failure) 2019-06-11T08:36:08.670+0000: 127.489: [DefNew: 137849K->1046K(153600K), 0.0029519 secs] 181070K->44413K(494976K), 0.0030073 secs] [Times: user=0.00 sys=0.00, real=0.00 secs] 
2019-06-11T08:36:12.527+0000: 131.346: [GC (Allocation Failure) 2019-06-11T08:36:12.528+0000: 131.346: [DefNew: 137622K->1042K(153600K), 0.0029715 secs] 180989K->44457K(494976K), 0.0030349 secs] [Times: user=0.00 sys=0.00, real=0.00 secs] 
2019-06-11T08:36:16.940+0000: 135.759: [GC (Allocation Failure) 2019-06-11T08:36:16.940+0000: 135.759: [DefNew: 137618K->1030K(153600K), 0.0030501 secs] 181033K->44548K(494976K), 0.0031170 secs] [Times: user=0.00 sys=0.00, real=0.00 secs] 
2019-06-11T08:36:21.870+0000: 140.689: [GC (Allocation Failure) 2019-06-11T08:36:21.870+0000: 140.689: [DefNew: 137606K->1087K(153600K), 0.0031458 secs] 181124K->44676K(494976K), 0.0032069 secs] [Times: user=0.00 sys=0.00, real=0.00 secs] 
2019-06-11T08:36:25.281+0000: 144.099: [GC (Allocation Failure) 2019-06-11T08:36:25.281+0000: 144.099: [DefNew: 137663K->1058K(153600K), 0.0029868 secs] 181252K->44736K(494976K), 0.0030464 secs] [Times: user=0.00 sys=0.00, real=0.00 secs] 
2019-06-11T08:36:29.905+0000: 148.724: [GC (Allocation Failure) 2019-06-11T08:36:29.905+0000: 148.724: [DefNew: 137634K->910K(153600K), 0.0028444 secs] 181312K->44645K(494976K), 0.0029179 secs] [Times: user=0.00 sys=0.00, real=0.00 secs] 
2019-06-11T08:36:34.585+0000: 153.403: [GC (Allocation Failure) 2019-06-11T08:36:34.585+0000: 153.403: [DefNew: 137486K->943K(153600K), 0.0029119 secs] 181221K->44729K(494976K), 0.0029714 secs] [Times: user=0.00 sys=0.00, real=0.01 secs] 
2019-06-11T08:36:39.254+0000: 158.072: [GC (Allocation Failure) 2019-06-11T08:36:39.254+0000: 158.072: [DefNew: 137519K->1078K(153600K), 0.0028790 secs] 181305K->44921K(494976K), 0.0029422 secs] [Times: user=0.00 sys=0.00, real=0.00 secs] 
2019-06-11T08:57:03.616+0000: 1382.434: [GC (Allocation Failure) 2019-06-11T08:57:03.616+0000: 1382.434: [DefNew: 137654K->1146K(153600K), 0.0032858 secs] 181497K->45040K(494976K), 0.0033585 secs] [Times: user=0.01 sys=0.00, real=0.01 secs] 
09:34:25.914 [Curator-PathChildrenCache-0] ERROR o.a.c.f.r.c.PathChildrenCache  - 
java.lang.IllegalStateException: instance must be started before calling this method
	at org.apache.curator.shaded.com.google.common.base.Preconditions.checkState(Preconditions.java:444)
	at org.apache.curator.framework.imps.CuratorFrameworkImpl.getChildren(CuratorFrameworkImpl.java:456)
	at org.apache.curator.framework.recipes.cache.PathChildrenCache.refresh(PathChildrenCache.java:521)
	at org.apache.curator.framework.recipes.cache.RefreshOperation.invoke(RefreshOperation.java:35)
	at org.apache.curator.framework.recipes.cache.PathChildrenCache$9.run(PathChildrenCache.java:786)
	at java.util.concurrent.Executors$RunnableAdapter.call(Executors.java:511)
	at java.util.concurrent.FutureTask.run(FutureTask.java:266)
	at java.util.concurrent.Executors$RunnableAdapter.call(Executors.java:511)
	at java.util.concurrent.FutureTask.run(FutureTask.java:266)
	at java.util.concurrent.ThreadPoolExecutor.runWorker(ThreadPoolExecutor.java:1149)
	at java.util.concurrent.ThreadPoolExecutor$Worker.run(ThreadPoolExecutor.java:624)
	at java.lang.Thread.run(Thread.java:748)
Heap
 def new generation   total 153600K, used 103155K [0x00000000e0c00000, 0x00000000eb2a0000, 0x00000000eb2a0000)
  eden space 136576K,  74% used [0x00000000e0c00000, 0x00000000e6f9e6f0, 0x00000000e9160000)
  from space 17024K,   6% used [0x00000000e9160000, 0x00000000e927e880, 0x00000000ea200000)
  to   space 17024K,   0% used [0x00000000ea200000, 0x00000000ea200000, 0x00000000eb2a0000)
 tenured generation   total 341376K, used 43894K [0x00000000eb2a0000, 0x0000000100000000, 0x0000000100000000)
   the space 341376K,  12% used [0x00000000eb2a0000, 0x00000000edd7db28, 0x00000000edd7dc00, 0x0000000100000000)
 Metaspace       used 36396K, capacity 37292K, committed 37376K, reserved 1081344K
  class space    used 4858K, capacity 5072K, committed 5120K, reserved 1048576K
