19:24:19,276 |-INFO in ch.qos.logback.classic.LoggerContext[default] - Could NOT find resource [logback-test.xml]
19:24:19,276 |-INFO in ch.qos.logback.classic.LoggerContext[default] - Could NOT find resource [logback.groovy]
19:24:19,277 |-INFO in ch.qos.logback.classic.LoggerContext[default] - Found resource [logback.xml] at [jar:file:/root/flamestream/lib/flamestream-runtime-1.0-SNAPSHOT.jar!/logback.xml]
19:24:19,278 |-WARN in ch.qos.logback.classic.LoggerContext[default] - Resource [logback.xml] occurs multiple times on the classpath.
19:24:19,278 |-WARN in ch.qos.logback.classic.LoggerContext[default] - Resource [logback.xml] occurs at [jar:file:/root/flamestream/lib/flamestream-runtime-1.0-SNAPSHOT.jar!/logback.xml]
19:24:19,278 |-WARN in ch.qos.logback.classic.LoggerContext[default] - Resource [logback.xml] occurs at [jar:file:/root/flamestream/flamestream-runtime-1.0-SNAPSHOT.jar!/logback.xml]
19:24:19,298 |-INFO in ch.qos.logback.core.joran.spi.ConfigurationWatchList@3fb6a447 - URL [jar:file:/root/flamestream/lib/flamestream-runtime-1.0-SNAPSHOT.jar!/logback.xml] is not of type file
19:24:19,363 |-INFO in ch.qos.logback.classic.joran.action.ConfigurationAction - debug attribute not set
19:24:19,364 |-INFO in ch.qos.logback.core.joran.action.AppenderAction - About to instantiate appender of type [ch.qos.logback.core.ConsoleAppender]
19:24:19,381 |-INFO in ch.qos.logback.core.joran.action.AppenderAction - Naming appender as [STDOUT]
19:24:19,395 |-INFO in ch.qos.logback.core.joran.action.NestedComplexPropertyIA - Assuming default type [ch.qos.logback.classic.encoder.PatternLayoutEncoder] for [encoder] property
19:24:19,493 |-INFO in ch.qos.logback.core.joran.action.AppenderAction - About to instantiate appender of type [ch.qos.logback.core.rolling.RollingFileAppender]
19:24:19,504 |-INFO in ch.qos.logback.core.joran.action.AppenderAction - Naming appender as [FILE]
19:24:19,534 |-INFO in c.q.l.core.rolling.TimeBasedRollingPolicy@127618319 - No compression will be used
19:24:19,535 |-INFO in c.q.l.core.rolling.TimeBasedRollingPolicy@127618319 - Will use the pattern /tmp/application_%d{yyyy-MM-dd}.%i.log for the active file
19:24:19,538 |-INFO in ch.qos.logback.core.rolling.SizeAndTimeBasedFNATP@6b2fad11 - The date pattern is 'yyyy-MM-dd' from file name pattern '/tmp/application_%d{yyyy-MM-dd}.%i.log'.
19:24:19,538 |-INFO in ch.qos.logback.core.rolling.SizeAndTimeBasedFNATP@6b2fad11 - Roll-over at midnight.
19:24:19,543 |-INFO in ch.qos.logback.core.rolling.SizeAndTimeBasedFNATP@6b2fad11 - Setting initial period to Tue Jun 11 19:23:12 UTC 2019
19:24:19,543 |-WARN in ch.qos.logback.core.rolling.SizeAndTimeBasedFNATP@6b2fad11 - SizeAndTimeBasedFNATP is deprecated. Use SizeAndTimeBasedRollingPolicy instead
19:24:19,543 |-WARN in ch.qos.logback.core.rolling.SizeAndTimeBasedFNATP@6b2fad11 - For more information see http://logback.qos.ch/manual/appenders.html#SizeAndTimeBasedRollingPolicy
19:24:19,548 |-INFO in ch.qos.logback.core.joran.action.NestedComplexPropertyIA - Assuming default type [ch.qos.logback.classic.encoder.PatternLayoutEncoder] for [encoder] property
19:24:19,552 |-INFO in ch.qos.logback.core.rolling.RollingFileAppender[FILE] - Active log file name: /tmp/application.log
19:24:19,552 |-INFO in ch.qos.logback.core.rolling.RollingFileAppender[FILE] - File property is set to [/tmp/application.log]
19:24:19,553 |-INFO in ch.qos.logback.classic.joran.action.RootLoggerAction - Setting level of ROOT logger to WARN
19:24:19,556 |-INFO in ch.qos.logback.core.joran.action.AppenderRefAction - Attaching appender named [STDOUT] to Logger[ROOT]
19:24:19,558 |-INFO in ch.qos.logback.core.joran.action.AppenderRefAction - Attaching appender named [FILE] to Logger[ROOT]
19:24:19,558 |-INFO in ch.qos.logback.classic.joran.action.ConfigurationAction - End of configuration.
19:24:19,558 |-INFO in ch.qos.logback.classic.joran.JoranConfigurator@79698539 - Registering current configuration as safe fallback point

Ama winner
Ama winner
2019-06-11T19:24:21.159+0000: 2.075: [Full GC (Metadata GC Threshold) 2019-06-11T19:24:21.159+0000: 2.075: [Tenured: 0K->15177K(341376K), 0.0404459 secs] 114987K->15177K(494976K), [Metaspace: 20736K->20736K(1067008K)], 0.0405145 secs] [Times: user=0.03 sys=0.00, real=0.04 secs] 
2019-06-11T19:24:35.583+0000: 16.499: [GC (Allocation Failure) 2019-06-11T19:24:35.584+0000: 16.499: [DefNew: 136576K->13963K(153600K), 0.0294001 secs] 151753K->48672K(494976K), 0.0294715 secs] [Times: user=0.02 sys=0.01, real=0.03 secs] 
2019-06-11T19:24:38.486+0000: 19.402: [Full GC (Metadata GC Threshold) 2019-06-11T19:24:38.486+0000: 19.402: [Tenured: 34709K->40143K(341376K), 0.0526375 secs] 170573K->40143K(494976K), [Metaspace: 34569K->34569K(1079296K)], 0.0527131 secs] [Times: user=0.05 sys=0.00, real=0.06 secs] 
2019-06-11T19:24:40.497+0000: 21.413: [GC (Allocation Failure) 2019-06-11T19:24:40.497+0000: 21.413: [DefNew: 136576K->1143K(153600K), 0.0040962 secs] 176719K->41287K(494976K), 0.0041524 secs] [Times: user=0.01 sys=0.00, real=0.00 secs] 
2019-06-11T19:24:42.849+0000: 23.765: [GC (Allocation Failure) 2019-06-11T19:24:42.849+0000: 23.765: [DefNew: 137719K->421K(153600K), 0.0022604 secs] 177863K->40565K(494976K), 0.0023280 secs] [Times: user=0.00 sys=0.00, real=0.00 secs] 
2019-06-11T19:24:45.520+0000: 26.436: [GC (Allocation Failure) 2019-06-11T19:24:45.520+0000: 26.436: [DefNew: 136997K->456K(153600K), 0.0021699 secs] 177141K->40600K(494976K), 0.0022384 secs] [Times: user=0.00 sys=0.00, real=0.00 secs] 
2019-06-11T19:24:48.334+0000: 29.250: [GC (Allocation Failure) 2019-06-11T19:24:48.335+0000: 29.250: [DefNew: 137032K->457K(153600K), 0.0020860 secs] 177176K->40601K(494976K), 0.0021462 secs] [Times: user=0.00 sys=0.00, real=0.01 secs] 
2019-06-11T19:24:51.108+0000: 32.024: [GC (Allocation Failure) 2019-06-11T19:24:51.108+0000: 32.024: [DefNew: 137033K->477K(153600K), 0.0021005 secs] 177177K->40621K(494976K), 0.0021599 secs] [Times: user=0.00 sys=0.00, real=0.01 secs] 
2019-06-11T19:24:53.909+0000: 34.825: [GC (Allocation Failure) 2019-06-11T19:24:53.909+0000: 34.825: [DefNew: 137053K->487K(153600K), 0.0021883 secs] 177197K->40631K(494976K), 0.0022527 secs] [Times: user=0.00 sys=0.00, real=0.00 secs] 
2019-06-11T19:24:56.758+0000: 37.674: [GC (Allocation Failure) 2019-06-11T19:24:56.758+0000: 37.674: [DefNew: 137063K->525K(153600K), 0.0022924 secs] 177207K->40669K(494976K), 0.0023540 secs] [Times: user=0.01 sys=0.00, real=0.00 secs] 
2019-06-11T19:24:59.467+0000: 40.383: [GC (Allocation Failure) 2019-06-11T19:24:59.467+0000: 40.383: [DefNew: 137101K->632K(153600K), 0.0023999 secs] 177245K->40775K(494976K), 0.0024619 secs] [Times: user=0.00 sys=0.00, real=0.01 secs] 
2019-06-11T19:25:02.261+0000: 43.177: [GC (Allocation Failure) 2019-06-11T19:25:02.261+0000: 43.177: [DefNew: 137208K->600K(153600K), 0.0024197 secs] 177351K->40743K(494976K), 0.0024898 secs] [Times: user=0.00 sys=0.00, real=0.00 secs] 
2019-06-11T19:25:05.040+0000: 45.956: [GC (Allocation Failure) 2019-06-11T19:25:05.040+0000: 45.956: [DefNew: 137176K->713K(153600K), 0.0025004 secs] 177319K->40857K(494976K), 0.0025786 secs] [Times: user=0.01 sys=0.00, real=0.00 secs] 
2019-06-11T19:25:07.756+0000: 48.672: [GC (Allocation Failure) 2019-06-11T19:25:07.756+0000: 48.672: [DefNew: 137289K->782K(153600K), 0.0026595 secs] 177433K->40926K(494976K), 0.0027198 secs] [Times: user=0.01 sys=0.00, real=0.01 secs] 
2019-06-11T19:25:10.566+0000: 51.481: [GC (Allocation Failure) 2019-06-11T19:25:10.566+0000: 51.481: [DefNew: 137358K->895K(153600K), 0.0027844 secs] 177502K->41038K(494976K), 0.0028598 secs] [Times: user=0.01 sys=0.00, real=0.00 secs] 
2019-06-11T19:25:13.274+0000: 54.190: [GC (Allocation Failure) 2019-06-11T19:25:13.274+0000: 54.190: [DefNew: 137471K->676K(153600K), 0.0024235 secs] 177614K->40819K(494976K), 0.0024985 secs] [Times: user=0.00 sys=0.00, real=0.01 secs] 
2019-06-11T19:25:16.056+0000: 56.972: [GC (Allocation Failure) 2019-06-11T19:25:16.056+0000: 56.972: [DefNew: 137252K->769K(153600K), 0.0026136 secs] 177395K->40912K(494976K), 0.0026693 secs] [Times: user=0.01 sys=0.00, real=0.01 secs] 
2019-06-11T19:25:18.802+0000: 59.718: [GC (Allocation Failure) 2019-06-11T19:25:18.802+0000: 59.718: [DefNew: 137345K->719K(153600K), 0.0032028 secs] 177488K->40863K(494976K), 0.0032600 secs] [Times: user=0.00 sys=0.00, real=0.00 secs] 
2019-06-11T19:25:21.509+0000: 62.425: [GC (Allocation Failure) 2019-06-11T19:25:21.509+0000: 62.425: [DefNew: 137295K->859K(153600K), 0.0031598 secs] 177439K->41140K(494976K), 0.0032157 secs] [Times: user=0.00 sys=0.00, real=0.00 secs] 
2019-06-11T19:25:24.232+0000: 65.148: [GC (Allocation Failure) 2019-06-11T19:25:24.232+0000: 65.148: [DefNew: 137435K->740K(153600K), 0.0027381 secs] 177716K->41029K(494976K), 0.0028081 secs] [Times: user=0.00 sys=0.00, real=0.00 secs] 
2019-06-11T19:25:27.003+0000: 67.919: [GC (Allocation Failure) 2019-06-11T19:25:27.003+0000: 67.919: [DefNew: 137316K->602K(153600K), 0.0031718 secs] 177605K->41054K(494976K), 0.0032504 secs] [Times: user=0.01 sys=0.00, real=0.00 secs] 
2019-06-11T19:25:29.864+0000: 70.779: [GC (Allocation Failure) 2019-06-11T19:25:29.864+0000: 70.779: [DefNew: 137178K->584K(153600K), 0.0026092 secs] 177630K->41036K(494976K), 0.0026762 secs] [Times: user=0.01 sys=0.00, real=0.00 secs] 
2019-06-11T19:25:32.881+0000: 73.797: [GC (Allocation Failure) 2019-06-11T19:25:32.881+0000: 73.797: [DefNew: 137160K->474K(153600K), 0.0024169 secs] 177612K->40928K(494976K), 0.0024805 secs] [Times: user=0.00 sys=0.00, real=0.00 secs] 
2019-06-11T19:49:20.426+0000: 1501.342: [GC (Allocation Failure) 2019-06-11T19:49:20.426+0000: 1501.342: [DefNew: 137050K->494K(153600K), 0.0023802 secs] 177504K->40952K(494976K), 0.0024561 secs] [Times: user=0.00 sys=0.00, real=0.01 secs] 
20:24:39.755 [Curator-PathChildrenCache-0] ERROR o.a.c.f.r.c.PathChildrenCache  - 
java.lang.IllegalStateException: instance must be started before calling this method
	at org.apache.curator.shaded.com.google.common.base.Preconditions.checkState(Preconditions.java:444)
	at org.apache.curator.framework.imps.CuratorFrameworkImpl.getChildren(CuratorFrameworkImpl.java:456)
	at org.apache.curator.framework.recipes.cache.PathChildrenCache.refresh(PathChildrenCache.java:521)
	at org.apache.curator.framework.recipes.cache.RefreshOperation.invoke(RefreshOperation.java:35)
	at org.apache.curator.framework.recipes.cache.PathChildrenCache$9.run(PathChildrenCache.java:786)
	at java.util.concurrent.Executors$RunnableAdapter.call(Executors.java:511)
	at java.util.concurrent.FutureTask.run(FutureTask.java:266)
	at java.util.concurrent.Executors$RunnableAdapter.call(Executors.java:511)
	at java.util.concurrent.FutureTask.run(FutureTask.java:266)
	at java.util.concurrent.ThreadPoolExecutor.runWorker(ThreadPoolExecutor.java:1149)
	at java.util.concurrent.ThreadPoolExecutor$Worker.run(ThreadPoolExecutor.java:624)
	at java.lang.Thread.run(Thread.java:748)
Heap
 def new generation   total 153600K, used 73798K [0x00000000e0c00000, 0x00000000eb2a0000, 0x00000000eb2a0000)
  eden space 136576K,  53% used [0x00000000e0c00000, 0x00000000e5396130, 0x00000000e9160000)
  from space 17024K,   2% used [0x00000000e9160000, 0x00000000e91db8b8, 0x00000000ea200000)
  to   space 17024K,   0% used [0x00000000ea200000, 0x00000000ea200000, 0x00000000eb2a0000)
 tenured generation   total 341376K, used 40458K [0x00000000eb2a0000, 0x0000000100000000, 0x0000000100000000)
   the space 341376K,  11% used [0x00000000eb2a0000, 0x00000000eda229e8, 0x00000000eda22a00, 0x0000000100000000)
 Metaspace       used 36213K, capacity 37130K, committed 37376K, reserved 1081344K
  class space    used 4877K, capacity 5077K, committed 5120K, reserved 1048576K
