10:11:04,856 |-INFO in ch.qos.logback.classic.LoggerContext[default] - Could NOT find resource [logback-test.xml]
10:11:04,856 |-INFO in ch.qos.logback.classic.LoggerContext[default] - Could NOT find resource [logback.groovy]
10:11:04,856 |-INFO in ch.qos.logback.classic.LoggerContext[default] - Found resource [logback.xml] at [jar:file:/home/nikitasokolov/flamestream/lib/flamestream-runtime-1.0-SNAPSHOT.jar!/logback.xml]
10:11:04,857 |-WARN in ch.qos.logback.classic.LoggerContext[default] - Resource [logback.xml] occurs multiple times on the classpath.
10:11:04,857 |-WARN in ch.qos.logback.classic.LoggerContext[default] - Resource [logback.xml] occurs at [jar:file:/home/nikitasokolov/flamestream/lib/flamestream-runtime-1.0-SNAPSHOT.jar!/logback.xml]
10:11:04,857 |-WARN in ch.qos.logback.classic.LoggerContext[default] - Resource [logback.xml] occurs at [jar:file:/home/nikitasokolov/flamestream/flamestream-runtime-1.0-SNAPSHOT.jar!/logback.xml]
10:11:04,873 |-INFO in ch.qos.logback.core.joran.spi.ConfigurationWatchList@6108b2d7 - URL [jar:file:/home/nikitasokolov/flamestream/lib/flamestream-runtime-1.0-SNAPSHOT.jar!/logback.xml] is not of type file
10:11:04,924 |-INFO in ch.qos.logback.classic.joran.action.ConfigurationAction - debug attribute not set
10:11:04,924 |-INFO in ch.qos.logback.core.joran.action.AppenderAction - About to instantiate appender of type [ch.qos.logback.core.ConsoleAppender]
10:11:04,932 |-INFO in ch.qos.logback.core.joran.action.AppenderAction - Naming appender as [STDOUT]
10:11:04,940 |-INFO in ch.qos.logback.core.joran.action.NestedComplexPropertyIA - Assuming default type [ch.qos.logback.classic.encoder.PatternLayoutEncoder] for [encoder] property
10:11:04,997 |-INFO in ch.qos.logback.core.joran.action.AppenderAction - About to instantiate appender of type [ch.qos.logback.core.rolling.RollingFileAppender]
10:11:05,002 |-INFO in ch.qos.logback.core.joran.action.AppenderAction - Naming appender as [FILE]
10:11:05,022 |-INFO in c.q.l.core.rolling.TimeBasedRollingPolicy@357863579 - No compression will be used
10:11:05,024 |-INFO in c.q.l.core.rolling.TimeBasedRollingPolicy@357863579 - Will use the pattern /tmp/application_%d{yyyy-MM-dd}.%i.log for the active file
10:11:05,026 |-INFO in ch.qos.logback.core.rolling.SizeAndTimeBasedFNATP@6bf256fa - The date pattern is 'yyyy-MM-dd' from file name pattern '/tmp/application_%d{yyyy-MM-dd}.%i.log'.
10:11:05,026 |-INFO in ch.qos.logback.core.rolling.SizeAndTimeBasedFNATP@6bf256fa - Roll-over at midnight.
10:11:05,030 |-INFO in ch.qos.logback.core.rolling.SizeAndTimeBasedFNATP@6bf256fa - Setting initial period to Sun Jun 09 10:10:21 MSK 2019
10:11:05,030 |-WARN in ch.qos.logback.core.rolling.SizeAndTimeBasedFNATP@6bf256fa - SizeAndTimeBasedFNATP is deprecated. Use SizeAndTimeBasedRollingPolicy instead
10:11:05,030 |-WARN in ch.qos.logback.core.rolling.SizeAndTimeBasedFNATP@6bf256fa - For more information see http://logback.qos.ch/manual/appenders.html#SizeAndTimeBasedRollingPolicy
10:11:05,035 |-INFO in ch.qos.logback.core.joran.action.NestedComplexPropertyIA - Assuming default type [ch.qos.logback.classic.encoder.PatternLayoutEncoder] for [encoder] property
10:11:05,038 |-INFO in ch.qos.logback.core.rolling.RollingFileAppender[FILE] - Active log file name: /tmp/application.log
10:11:05,038 |-INFO in ch.qos.logback.core.rolling.RollingFileAppender[FILE] - File property is set to [/tmp/application.log]
10:11:05,039 |-INFO in ch.qos.logback.classic.joran.action.RootLoggerAction - Setting level of ROOT logger to WARN
10:11:05,039 |-INFO in ch.qos.logback.core.joran.action.AppenderRefAction - Attaching appender named [STDOUT] to Logger[ROOT]
10:11:05,040 |-INFO in ch.qos.logback.core.joran.action.AppenderRefAction - Attaching appender named [FILE] to Logger[ROOT]
10:11:05,040 |-INFO in ch.qos.logback.classic.joran.action.ConfigurationAction - End of configuration.
10:11:05,040 |-INFO in ch.qos.logback.classic.joran.JoranConfigurator@6cd8737 - Registering current configuration as safe fallback point

2019-06-09T10:11:06.016+0300: 1.358: [GC (Metadata GC Threshold) [PSYoungGen: 108152K->15874K(149504K)] 108152K->15954K(491008K), 0.0203260 secs] [Times: user=0.07 sys=0.03, real=0.02 secs] 
2019-06-09T10:11:06.036+0300: 1.378: [Full GC (Metadata GC Threshold) [PSYoungGen: 15874K->0K(149504K)] [ParOldGen: 80K->15078K(341504K)] 15954K->15078K(491008K), [Metaspace: 20799K->20799K(1067008K)], 0.0260533 secs] [Times: user=0.15 sys=0.01, real=0.03 secs] 
10:11:17.019 [Curator-PathChildrenCache-1] WARN  o.a.c.u.ZKPaths  - The version of ZooKeeper being used doesn't support Container nodes. CreateMode.PERSISTENT will be used instead.
2019-06-09T10:11:17.946+0300: 13.288: [GC (Metadata GC Threshold) [PSYoungGen: 124804K->15903K(149504K)] 139882K->50521K(491008K), 0.0267727 secs] [Times: user=0.22 sys=0.04, real=0.03 secs] 
2019-06-09T10:11:17.972+0300: 13.315: [Full GC (Metadata GC Threshold) [PSYoungGen: 15903K->0K(149504K)] [ParOldGen: 34617K->38985K(341504K)] 50521K->38985K(491008K), [Metaspace: 34558K->34558K(1079296K)], 0.0341446 secs] [Times: user=0.17 sys=0.01, real=0.03 secs] 
2019-06-09T10:11:22.667+0300: 18.010: [GC (Allocation Failure) [PSYoungGen: 128512K->448K(149504K)] 167497K->39441K(491008K), 0.0034328 secs] [Times: user=0.03 sys=0.00, real=0.01 secs] 
2019-06-09T10:11:27.994+0300: 23.336: [GC (Allocation Failure) [PSYoungGen: 128960K->512K(149504K)] 167953K->39513K(491008K), 0.0052213 secs] [Times: user=0.04 sys=0.00, real=0.01 secs] 
2019-06-09T10:11:33.454+0300: 28.797: [GC (Allocation Failure) [PSYoungGen: 129024K->448K(129024K)] 168025K->39457K(470528K), 0.0037413 secs] [Times: user=0.02 sys=0.00, real=0.01 secs] 
2019-06-09T10:11:38.925+0300: 34.267: [GC (Allocation Failure) [PSYoungGen: 128960K->544K(150016K)] 167969K->39561K(491520K), 0.0049082 secs] [Times: user=0.04 sys=0.00, real=0.01 secs] 
2019-06-09T10:11:44.421+0300: 39.763: [GC (Allocation Failure) [PSYoungGen: 129056K->608K(148992K)] 168073K->39633K(490496K), 0.0035415 secs] [Times: user=0.01 sys=0.01, real=0.00 secs] 
2019-06-09T10:11:49.926+0300: 45.268: [GC (Allocation Failure) [PSYoungGen: 129120K->608K(151552K)] 168145K->39641K(493056K), 0.0048472 secs] [Times: user=0.03 sys=0.00, real=0.01 secs] 
2019-06-09T10:11:55.617+0300: 50.959: [GC (Allocation Failure) [PSYoungGen: 132704K->608K(151040K)] 171737K->39641K(492544K), 0.0043681 secs] [Times: user=0.02 sys=0.00, real=0.01 secs] 
2019-06-09T10:12:01.294+0300: 56.636: [GC (Allocation Failure) [PSYoungGen: 132704K->640K(153088K)] 171737K->39673K(494592K), 0.0036282 secs] [Times: user=0.01 sys=0.00, real=0.01 secs] 
2019-06-09T10:12:07.092+0300: 62.438: [GC (Allocation Failure) [PSYoungGen: 135808K->960K(152576K)] 174841K->40001K(494080K), 0.0065611 secs] [Times: user=0.02 sys=0.00, real=0.01 secs] 
2019-06-09T10:12:14.537+0300: 69.879: [GC (Allocation Failure) [PSYoungGen: 136128K->640K(155136K)] 175169K->39689K(496640K), 0.0071832 secs] [Times: user=0.03 sys=0.03, real=0.01 secs] 
10:12:29.001 [Curator-PathChildrenCache-0] ERROR o.a.c.f.r.c.PathChildrenCache  - 
java.lang.IllegalStateException: instance must be started before calling this method
	at org.apache.curator.shaded.com.google.common.base.Preconditions.checkState(Preconditions.java:444)
	at org.apache.curator.framework.imps.CuratorFrameworkImpl.getChildren(CuratorFrameworkImpl.java:456)
	at org.apache.curator.framework.recipes.cache.PathChildrenCache.refresh(PathChildrenCache.java:521)
	at org.apache.curator.framework.recipes.cache.RefreshOperation.invoke(RefreshOperation.java:35)
	at org.apache.curator.framework.recipes.cache.PathChildrenCache$9.run(PathChildrenCache.java:786)
	at java.util.concurrent.Executors$RunnableAdapter.call(Executors.java:511)
	at java.util.concurrent.FutureTask.run(FutureTask.java:266)
	at java.util.concurrent.Executors$RunnableAdapter.call(Executors.java:511)
	at java.util.concurrent.FutureTask.run(FutureTask.java:266)
	at java.util.concurrent.ThreadPoolExecutor.runWorker(ThreadPoolExecutor.java:1149)
	at java.util.concurrent.ThreadPoolExecutor$Worker.run(ThreadPoolExecutor.java:624)
	at java.lang.Thread.run(Thread.java:748)
Heap
 PSYoungGen      total 155136K, used 75552K [0x00000000f5980000, 0x0000000100000000, 0x0000000100000000)
  eden space 138752K, 53% used [0x00000000f5980000,0x00000000fa2a8350,0x00000000fe100000)
  from space 16384K, 3% used [0x00000000ff000000,0x00000000ff0a0070,0x0000000100000000)
  to   space 15360K, 0% used [0x00000000fe100000,0x00000000fe100000,0x00000000ff000000)
 ParOldGen       total 341504K, used 39049K [0x00000000e0c00000, 0x00000000f5980000, 0x00000000f5980000)
  object space 341504K, 11% used [0x00000000e0c00000,0x00000000e3222778,0x00000000f5980000)
 Metaspace       used 36151K, capacity 36958K, committed 37208K, reserved 1081344K
  class space    used 4978K, capacity 5161K, committed 5248K, reserved 1048576K
