05:41:21,722 |-INFO in ch.qos.logback.classic.LoggerContext[default] - Could NOT find resource [logback-test.xml]
05:41:21,722 |-INFO in ch.qos.logback.classic.LoggerContext[default] - Could NOT find resource [logback.groovy]
05:41:21,722 |-INFO in ch.qos.logback.classic.LoggerContext[default] - Found resource [logback.xml] at [jar:file:/home/nikitasokolov/flamestream/lib/flamestream-runtime-1.0-SNAPSHOT.jar!/logback.xml]
05:41:21,723 |-WARN in ch.qos.logback.classic.LoggerContext[default] - Resource [logback.xml] occurs multiple times on the classpath.
05:41:21,723 |-WARN in ch.qos.logback.classic.LoggerContext[default] - Resource [logback.xml] occurs at [jar:file:/home/nikitasokolov/flamestream/lib/flamestream-runtime-1.0-SNAPSHOT.jar!/logback.xml]
05:41:21,723 |-WARN in ch.qos.logback.classic.LoggerContext[default] - Resource [logback.xml] occurs at [jar:file:/home/nikitasokolov/flamestream/flamestream-runtime-1.0-SNAPSHOT.jar!/logback.xml]
05:41:21,738 |-INFO in ch.qos.logback.core.joran.spi.ConfigurationWatchList@6108b2d7 - URL [jar:file:/home/nikitasokolov/flamestream/lib/flamestream-runtime-1.0-SNAPSHOT.jar!/logback.xml] is not of type file
05:41:21,788 |-INFO in ch.qos.logback.classic.joran.action.ConfigurationAction - debug attribute not set
05:41:21,788 |-INFO in ch.qos.logback.core.joran.action.AppenderAction - About to instantiate appender of type [ch.qos.logback.core.ConsoleAppender]
05:41:21,796 |-INFO in ch.qos.logback.core.joran.action.AppenderAction - Naming appender as [STDOUT]
05:41:21,803 |-INFO in ch.qos.logback.core.joran.action.NestedComplexPropertyIA - Assuming default type [ch.qos.logback.classic.encoder.PatternLayoutEncoder] for [encoder] property
05:41:21,858 |-INFO in ch.qos.logback.core.joran.action.AppenderAction - About to instantiate appender of type [ch.qos.logback.core.rolling.RollingFileAppender]
05:41:21,863 |-INFO in ch.qos.logback.core.joran.action.AppenderAction - Naming appender as [FILE]
05:41:21,884 |-INFO in c.q.l.core.rolling.TimeBasedRollingPolicy@357863579 - No compression will be used
05:41:21,885 |-INFO in c.q.l.core.rolling.TimeBasedRollingPolicy@357863579 - Will use the pattern /tmp/application_%d{yyyy-MM-dd}.%i.log for the active file
05:41:21,888 |-INFO in ch.qos.logback.core.rolling.SizeAndTimeBasedFNATP@6bf256fa - The date pattern is 'yyyy-MM-dd' from file name pattern '/tmp/application_%d{yyyy-MM-dd}.%i.log'.
05:41:21,888 |-INFO in ch.qos.logback.core.rolling.SizeAndTimeBasedFNATP@6bf256fa - Roll-over at midnight.
05:41:21,891 |-INFO in ch.qos.logback.core.rolling.SizeAndTimeBasedFNATP@6bf256fa - Setting initial period to Sun Jun 09 05:40:40 MSK 2019
05:41:21,892 |-WARN in ch.qos.logback.core.rolling.SizeAndTimeBasedFNATP@6bf256fa - SizeAndTimeBasedFNATP is deprecated. Use SizeAndTimeBasedRollingPolicy instead
05:41:21,892 |-WARN in ch.qos.logback.core.rolling.SizeAndTimeBasedFNATP@6bf256fa - For more information see http://logback.qos.ch/manual/appenders.html#SizeAndTimeBasedRollingPolicy
05:41:21,896 |-INFO in ch.qos.logback.core.joran.action.NestedComplexPropertyIA - Assuming default type [ch.qos.logback.classic.encoder.PatternLayoutEncoder] for [encoder] property
05:41:21,898 |-INFO in ch.qos.logback.core.rolling.RollingFileAppender[FILE] - Active log file name: /tmp/application.log
05:41:21,898 |-INFO in ch.qos.logback.core.rolling.RollingFileAppender[FILE] - File property is set to [/tmp/application.log]
05:41:21,899 |-INFO in ch.qos.logback.classic.joran.action.RootLoggerAction - Setting level of ROOT logger to WARN
05:41:21,899 |-INFO in ch.qos.logback.core.joran.action.AppenderRefAction - Attaching appender named [STDOUT] to Logger[ROOT]
05:41:21,900 |-INFO in ch.qos.logback.core.joran.action.AppenderRefAction - Attaching appender named [FILE] to Logger[ROOT]
05:41:21,900 |-INFO in ch.qos.logback.classic.joran.action.ConfigurationAction - End of configuration.
05:41:21,901 |-INFO in ch.qos.logback.classic.joran.JoranConfigurator@6cd8737 - Registering current configuration as safe fallback point

2019-06-09T05:41:22.889+0300: 1.360: [GC (Metadata GC Threshold) [PSYoungGen: 108152K->15790K(149504K)] 108152K->15870K(491008K), 0.0315867 secs] [Times: user=0.10 sys=0.04, real=0.04 secs] 
2019-06-09T05:41:22.921+0300: 1.391: [Full GC (Metadata GC Threshold) [PSYoungGen: 15790K->0K(149504K)] [ParOldGen: 80K->14981K(341504K)] 15870K->14981K(491008K), [Metaspace: 20806K->20806K(1067008K)], 0.0296295 secs] [Times: user=0.18 sys=0.01, real=0.03 secs] 
05:41:30.487 [Curator-PathChildrenCache-1] WARN  o.a.c.u.ZKPaths  - The version of ZooKeeper being used doesn't support Container nodes. CreateMode.PERSISTENT will be used instead.
2019-06-09T05:41:31.447+0300: 9.917: [GC (Metadata GC Threshold) [PSYoungGen: 128102K->15659K(149504K)] 143084K->50179K(491008K), 0.0335903 secs] [Times: user=0.30 sys=0.01, real=0.04 secs] 
2019-06-09T05:41:31.480+0300: 9.951: [Full GC (Metadata GC Threshold) [PSYoungGen: 15659K->0K(149504K)] [ParOldGen: 34520K->38742K(341504K)] 50179K->38742K(491008K), [Metaspace: 34567K->34567K(1079296K)], 0.0386595 secs] [Times: user=0.21 sys=0.01, real=0.04 secs] 
2019-06-09T05:41:34.345+0300: 12.815: [GC (Allocation Failure) [PSYoungGen: 128512K->480K(149504K)] 167254K->39230K(491008K), 0.0046173 secs] [Times: user=0.03 sys=0.00, real=0.00 secs] 
2019-06-09T05:41:37.758+0300: 16.229: [GC (Allocation Failure) [PSYoungGen: 128992K->704K(149504K)] 167742K->39462K(491008K), 0.0031756 secs] [Times: user=0.01 sys=0.00, real=0.00 secs] 
2019-06-09T05:41:41.198+0300: 19.669: [GC (Allocation Failure) [PSYoungGen: 129216K->736K(149504K)] 167974K->39502K(491008K), 0.0787197 secs] [Times: user=0.03 sys=0.01, real=0.07 secs] 
2019-06-09T05:41:44.587+0300: 23.057: [GC (Allocation Failure) [PSYoungGen: 129248K->736K(150016K)] 168014K->39510K(491520K), 0.0034304 secs] [Times: user=0.01 sys=0.01, real=0.01 secs] 
2019-06-09T05:41:48.059+0300: 26.529: [GC (Allocation Failure) [PSYoungGen: 129760K->736K(149504K)] 168534K->39518K(491008K), 0.0048758 secs] [Times: user=0.03 sys=0.00, real=0.00 secs] 
2019-06-09T05:41:51.511+0300: 29.982: [GC (Allocation Failure) [PSYoungGen: 129760K->768K(152064K)] 168542K->39558K(493568K), 0.0030670 secs] [Times: user=0.01 sys=0.01, real=0.00 secs] 
2019-06-09T05:41:55.111+0300: 33.581: [GC (Allocation Failure) [PSYoungGen: 133376K->608K(151040K)] 172166K->39406K(492544K), 0.0036462 secs] [Times: user=0.01 sys=0.00, real=0.00 secs] 
2019-06-09T05:41:58.684+0300: 37.154: [GC (Allocation Failure) [PSYoungGen: 133216K->640K(153600K)] 172014K->39446K(495104K), 0.0051428 secs] [Times: user=0.03 sys=0.00, real=0.00 secs] 
2019-06-09T05:42:02.341+0300: 40.811: [GC (Allocation Failure) [PSYoungGen: 136320K->608K(152576K)] 175126K->39422K(494080K), 0.0036973 secs] [Times: user=0.02 sys=0.01, real=0.00 secs] 
2019-06-09T05:42:06.024+0300: 44.495: [GC (Allocation Failure) [PSYoungGen: 136288K->672K(155136K)] 175102K->39486K(496640K), 0.0113566 secs] [Times: user=0.07 sys=0.02, real=0.01 secs] 
2019-06-09T05:42:09.780+0300: 48.250: [GC (Allocation Failure) [PSYoungGen: 139424K->704K(154112K)] 178238K->39518K(495616K), 0.0078335 secs] [Times: user=0.05 sys=0.00, real=0.00 secs] 
2019-06-09T05:42:13.508+0300: 51.979: [GC (Allocation Failure) [PSYoungGen: 139456K->704K(156672K)] 178270K->39526K(498176K), 0.0087241 secs] [Times: user=0.06 sys=0.01, real=0.01 secs] 
2019-06-09T05:42:17.340+0300: 55.811: [GC (Allocation Failure) [PSYoungGen: 142528K->768K(155648K)] 181350K->39598K(497152K), 0.0027291 secs] [Times: user=0.00 sys=0.01, real=0.00 secs] 
2019-06-09T05:42:21.165+0300: 59.635: [GC (Allocation Failure) [PSYoungGen: 142592K->704K(158208K)] 181422K->39534K(499712K), 0.0043097 secs] [Times: user=0.02 sys=0.00, real=0.00 secs] 
05:42:33.995 [Curator-PathChildrenCache-0] ERROR o.a.c.f.r.c.PathChildrenCache  - 
java.lang.IllegalStateException: instance must be started before calling this method
	at org.apache.curator.shaded.com.google.common.base.Preconditions.checkState(Preconditions.java:444)
	at org.apache.curator.framework.imps.CuratorFrameworkImpl.getChildren(CuratorFrameworkImpl.java:456)
	at org.apache.curator.framework.recipes.cache.PathChildrenCache.refresh(PathChildrenCache.java:521)
	at org.apache.curator.framework.recipes.cache.RefreshOperation.invoke(RefreshOperation.java:35)
	at org.apache.curator.framework.recipes.cache.PathChildrenCache$9.run(PathChildrenCache.java:786)
	at java.util.concurrent.Executors$RunnableAdapter.call(Executors.java:511)
	at java.util.concurrent.FutureTask.run(FutureTask.java:266)
	at java.util.concurrent.Executors$RunnableAdapter.call(Executors.java:511)
	at java.util.concurrent.FutureTask.run(FutureTask.java:266)
	at java.util.concurrent.ThreadPoolExecutor.runWorker(ThreadPoolExecutor.java:1149)
	at java.util.concurrent.ThreadPoolExecutor$Worker.run(ThreadPoolExecutor.java:624)
	at java.lang.Thread.run(Thread.java:748)
Heap
 PSYoungGen      total 158208K, used 100936K [0x00000000f5980000, 0x0000000100000000, 0x0000000100000000)
  eden space 144896K, 69% used [0x00000000f5980000,0x00000000fbb61f70,0x00000000fe700000)
  from space 13312K, 5% used [0x00000000ff300000,0x00000000ff3b00a0,0x0000000100000000)
  to   space 12288K, 0% used [0x00000000fe700000,0x00000000fe700000,0x00000000ff300000)
 ParOldGen       total 341504K, used 38830K [0x00000000e0c00000, 0x00000000f5980000, 0x00000000f5980000)
  object space 341504K, 11% used [0x00000000e0c00000,0x00000000e31ebb00,0x00000000f5980000)
 Metaspace       used 36127K, capacity 36958K, committed 37208K, reserved 1081344K
  class space    used 4979K, capacity 5161K, committed 5248K, reserved 1048576K
