13:28:22,957 |-INFO in ch.qos.logback.classic.LoggerContext[default] - Could NOT find resource [logback-test.xml]
13:28:22,957 |-INFO in ch.qos.logback.classic.LoggerContext[default] - Could NOT find resource [logback.groovy]
13:28:22,957 |-INFO in ch.qos.logback.classic.LoggerContext[default] - Found resource [logback.xml] at [jar:file:/root/flamestream/lib/flamestream-runtime-1.0-SNAPSHOT.jar!/logback.xml]
13:28:22,962 |-WARN in ch.qos.logback.classic.LoggerContext[default] - Resource [logback.xml] occurs multiple times on the classpath.
13:28:22,963 |-WARN in ch.qos.logback.classic.LoggerContext[default] - Resource [logback.xml] occurs at [jar:file:/root/flamestream/lib/flamestream-runtime-1.0-SNAPSHOT.jar!/logback.xml]
13:28:22,963 |-WARN in ch.qos.logback.classic.LoggerContext[default] - Resource [logback.xml] occurs at [jar:file:/root/flamestream/flamestream-runtime-1.0-SNAPSHOT.jar!/logback.xml]
13:28:22,982 |-INFO in ch.qos.logback.core.joran.spi.ConfigurationWatchList@3fb6a447 - URL [jar:file:/root/flamestream/lib/flamestream-runtime-1.0-SNAPSHOT.jar!/logback.xml] is not of type file
13:28:23,054 |-INFO in ch.qos.logback.classic.joran.action.ConfigurationAction - debug attribute not set
13:28:23,054 |-INFO in ch.qos.logback.core.joran.action.AppenderAction - About to instantiate appender of type [ch.qos.logback.core.ConsoleAppender]
13:28:23,074 |-INFO in ch.qos.logback.core.joran.action.AppenderAction - Naming appender as [STDOUT]
13:28:23,087 |-INFO in ch.qos.logback.core.joran.action.NestedComplexPropertyIA - Assuming default type [ch.qos.logback.classic.encoder.PatternLayoutEncoder] for [encoder] property
13:28:23,176 |-INFO in ch.qos.logback.core.joran.action.AppenderAction - About to instantiate appender of type [ch.qos.logback.core.rolling.RollingFileAppender]
13:28:23,180 |-INFO in ch.qos.logback.core.joran.action.AppenderAction - Naming appender as [FILE]
13:28:23,213 |-INFO in c.q.l.core.rolling.TimeBasedRollingPolicy@127618319 - No compression will be used
13:28:23,214 |-INFO in c.q.l.core.rolling.TimeBasedRollingPolicy@127618319 - Will use the pattern /tmp/application_%d{yyyy-MM-dd}.%i.log for the active file
13:28:23,216 |-INFO in ch.qos.logback.core.rolling.SizeAndTimeBasedFNATP@6b2fad11 - The date pattern is 'yyyy-MM-dd' from file name pattern '/tmp/application_%d{yyyy-MM-dd}.%i.log'.
13:28:23,216 |-INFO in ch.qos.logback.core.rolling.SizeAndTimeBasedFNATP@6b2fad11 - Roll-over at midnight.
13:28:23,222 |-INFO in ch.qos.logback.core.rolling.SizeAndTimeBasedFNATP@6b2fad11 - Setting initial period to Mon Jun 10 13:27:01 UTC 2019
13:28:23,222 |-WARN in ch.qos.logback.core.rolling.SizeAndTimeBasedFNATP@6b2fad11 - SizeAndTimeBasedFNATP is deprecated. Use SizeAndTimeBasedRollingPolicy instead
13:28:23,222 |-WARN in ch.qos.logback.core.rolling.SizeAndTimeBasedFNATP@6b2fad11 - For more information see http://logback.qos.ch/manual/appenders.html#SizeAndTimeBasedRollingPolicy
13:28:23,226 |-INFO in ch.qos.logback.core.joran.action.NestedComplexPropertyIA - Assuming default type [ch.qos.logback.classic.encoder.PatternLayoutEncoder] for [encoder] property
13:28:23,231 |-INFO in ch.qos.logback.core.rolling.RollingFileAppender[FILE] - Active log file name: /tmp/application.log
13:28:23,231 |-INFO in ch.qos.logback.core.rolling.RollingFileAppender[FILE] - File property is set to [/tmp/application.log]
13:28:23,231 |-INFO in ch.qos.logback.classic.joran.action.RootLoggerAction - Setting level of ROOT logger to WARN
13:28:23,232 |-INFO in ch.qos.logback.core.joran.action.AppenderRefAction - Attaching appender named [STDOUT] to Logger[ROOT]
13:28:23,234 |-INFO in ch.qos.logback.core.joran.action.AppenderRefAction - Attaching appender named [FILE] to Logger[ROOT]
13:28:23,234 |-INFO in ch.qos.logback.classic.joran.action.ConfigurationAction - End of configuration.
13:28:23,234 |-INFO in ch.qos.logback.classic.joran.JoranConfigurator@79698539 - Registering current configuration as safe fallback point

Ama winner
Ama winner
2019-06-10T13:28:24.489+0000: 1.710: [Full GC (Metadata GC Threshold) 2019-06-10T13:28:24.489+0000: 1.711: [Tenured: 0K->15138K(341376K), 0.0417737 secs] 114988K->15138K(494976K), [Metaspace: 20731K->20731K(1067008K)], 0.0418372 secs] [Times: user=0.03 sys=0.00, real=0.04 secs] 
13:28:48.366 [Curator-PathChildrenCache-1] WARN  o.a.c.u.ZKPaths  - The version of ZooKeeper being used doesn't support Container nodes. CreateMode.PERSISTENT will be used instead.
2019-06-10T13:28:50.574+0000: 27.796: [GC (Allocation Failure) 2019-06-10T13:28:50.574+0000: 27.796: [DefNew: 136576K->17023K(153600K), 0.0273086 secs] 151714K->52820K(494976K), 0.0273920 secs] [Times: user=0.02 sys=0.01, real=0.02 secs] 
2019-06-10T13:28:52.016+0000: 29.238: [Full GC (Metadata GC Threshold) 2019-06-10T13:28:52.016+0000: 29.238: [Tenured: 35796K->44699K(341376K), 0.0531678 secs] 79102K->44699K(494976K), [Metaspace: 34555K->34555K(1079296K)], 0.0532399 secs] [Times: user=0.05 sys=0.00, real=0.05 secs] 
2019-06-10T13:28:58.890+0000: 36.112: [GC (Allocation Failure) 2019-06-10T13:28:58.890+0000: 36.112: [DefNew: 136576K->69K(153600K), 0.0018811 secs] 181275K->44769K(494976K), 0.0019540 secs] [Times: user=0.00 sys=0.01, real=0.00 secs] 
2019-06-10T13:29:05.873+0000: 43.095: [GC (Allocation Failure) 2019-06-10T13:29:05.873+0000: 43.095: [DefNew: 136645K->75K(153600K), 0.0018131 secs] 181345K->44775K(494976K), 0.0018758 secs] [Times: user=0.01 sys=0.00, real=0.01 secs] 
2019-06-10T13:29:12.812+0000: 50.034: [GC (Allocation Failure) 2019-06-10T13:29:12.812+0000: 50.034: [DefNew: 136651K->66K(153600K), 0.0017979 secs] 181351K->44766K(494976K), 0.0018674 secs] [Times: user=0.00 sys=0.00, real=0.01 secs] 
2019-06-10T13:29:19.845+0000: 57.067: [GC (Allocation Failure) 2019-06-10T13:29:19.845+0000: 57.067: [DefNew: 136642K->69K(153600K), 0.0018275 secs] 181342K->44769K(494976K), 0.0018899 secs] [Times: user=0.00 sys=0.00, real=0.00 secs] 
2019-06-10T13:29:27.138+0000: 64.360: [GC (Allocation Failure) 2019-06-10T13:29:27.138+0000: 64.360: [DefNew: 136645K->414K(153600K), 0.0022894 secs] 181345K->45114K(494976K), 0.0023532 secs] [Times: user=0.01 sys=0.00, real=0.00 secs] 
13:29:42.334 [Curator-PathChildrenCache-0] ERROR o.a.c.f.r.c.PathChildrenCache  - 
java.lang.IllegalStateException: instance must be started before calling this method
	at org.apache.curator.shaded.com.google.common.base.Preconditions.checkState(Preconditions.java:444)
	at org.apache.curator.framework.imps.CuratorFrameworkImpl.getChildren(CuratorFrameworkImpl.java:456)
	at org.apache.curator.framework.recipes.cache.PathChildrenCache.refresh(PathChildrenCache.java:521)
	at org.apache.curator.framework.recipes.cache.RefreshOperation.invoke(RefreshOperation.java:35)
	at org.apache.curator.framework.recipes.cache.PathChildrenCache$9.run(PathChildrenCache.java:786)
	at java.util.concurrent.Executors$RunnableAdapter.call(Executors.java:511)
	at java.util.concurrent.FutureTask.run(FutureTask.java:266)
	at java.util.concurrent.Executors$RunnableAdapter.call(Executors.java:511)
	at java.util.concurrent.FutureTask.run(FutureTask.java:266)
	at java.util.concurrent.ThreadPoolExecutor.runWorker(ThreadPoolExecutor.java:1149)
	at java.util.concurrent.ThreadPoolExecutor$Worker.run(ThreadPoolExecutor.java:624)
	at java.lang.Thread.run(Thread.java:748)
Heap
 def new generation   total 153600K, used 88312K [0x00000000e0c00000, 0x00000000eb2a0000, 0x00000000eb2a0000)
  eden space 136576K,  64% used [0x00000000e0c00000, 0x00000000e61d66c0, 0x00000000e9160000)
  from space 17024K,   2% used [0x00000000e9160000, 0x00000000e91c79c8, 0x00000000ea200000)
  to   space 17024K,   0% used [0x00000000ea200000, 0x00000000ea200000, 0x00000000eb2a0000)
 tenured generation   total 341376K, used 44699K [0x00000000eb2a0000, 0x0000000100000000, 0x0000000100000000)
   the space 341376K,  13% used [0x00000000eb2a0000, 0x00000000ede46f18, 0x00000000ede47000, 0x0000000100000000)
 Metaspace       used 36208K, capacity 37120K, committed 37376K, reserved 1081344K
  class space    used 4868K, capacity 5074K, committed 5120K, reserved 1048576K
