14:56:09,610 |-INFO in ch.qos.logback.classic.LoggerContext[default] - Could NOT find resource [logback-test.xml]
14:56:09,610 |-INFO in ch.qos.logback.classic.LoggerContext[default] - Could NOT find resource [logback.groovy]
14:56:09,610 |-INFO in ch.qos.logback.classic.LoggerContext[default] - Found resource [logback.xml] at [jar:file:/root/flamestream/lib/flamestream-runtime-1.0-SNAPSHOT.jar!/logback.xml]
14:56:09,611 |-WARN in ch.qos.logback.classic.LoggerContext[default] - Resource [logback.xml] occurs multiple times on the classpath.
14:56:09,611 |-WARN in ch.qos.logback.classic.LoggerContext[default] - Resource [logback.xml] occurs at [jar:file:/root/flamestream/lib/flamestream-runtime-1.0-SNAPSHOT.jar!/logback.xml]
14:56:09,611 |-WARN in ch.qos.logback.classic.LoggerContext[default] - Resource [logback.xml] occurs at [jar:file:/root/flamestream/flamestream-runtime-1.0-SNAPSHOT.jar!/logback.xml]
14:56:09,631 |-INFO in ch.qos.logback.core.joran.spi.ConfigurationWatchList@3fb6a447 - URL [jar:file:/root/flamestream/lib/flamestream-runtime-1.0-SNAPSHOT.jar!/logback.xml] is not of type file
14:56:09,696 |-INFO in ch.qos.logback.classic.joran.action.ConfigurationAction - debug attribute not set
14:56:09,696 |-INFO in ch.qos.logback.core.joran.action.AppenderAction - About to instantiate appender of type [ch.qos.logback.core.ConsoleAppender]
14:56:09,712 |-INFO in ch.qos.logback.core.joran.action.AppenderAction - Naming appender as [STDOUT]
14:56:09,732 |-INFO in ch.qos.logback.core.joran.action.NestedComplexPropertyIA - Assuming default type [ch.qos.logback.classic.encoder.PatternLayoutEncoder] for [encoder] property
14:56:09,815 |-INFO in ch.qos.logback.core.joran.action.AppenderAction - About to instantiate appender of type [ch.qos.logback.core.rolling.RollingFileAppender]
14:56:09,820 |-INFO in ch.qos.logback.core.joran.action.AppenderAction - Naming appender as [FILE]
14:56:09,850 |-INFO in c.q.l.core.rolling.TimeBasedRollingPolicy@127618319 - No compression will be used
14:56:09,852 |-INFO in c.q.l.core.rolling.TimeBasedRollingPolicy@127618319 - Will use the pattern /tmp/application_%d{yyyy-MM-dd}.%i.log for the active file
14:56:09,855 |-INFO in ch.qos.logback.core.rolling.SizeAndTimeBasedFNATP@6b2fad11 - The date pattern is 'yyyy-MM-dd' from file name pattern '/tmp/application_%d{yyyy-MM-dd}.%i.log'.
14:56:09,855 |-INFO in ch.qos.logback.core.rolling.SizeAndTimeBasedFNATP@6b2fad11 - Roll-over at midnight.
14:56:09,860 |-INFO in ch.qos.logback.core.rolling.SizeAndTimeBasedFNATP@6b2fad11 - Setting initial period to Mon Jun 10 14:54:53 UTC 2019
14:56:09,860 |-WARN in ch.qos.logback.core.rolling.SizeAndTimeBasedFNATP@6b2fad11 - SizeAndTimeBasedFNATP is deprecated. Use SizeAndTimeBasedRollingPolicy instead
14:56:09,860 |-WARN in ch.qos.logback.core.rolling.SizeAndTimeBasedFNATP@6b2fad11 - For more information see http://logback.qos.ch/manual/appenders.html#SizeAndTimeBasedRollingPolicy
14:56:09,864 |-INFO in ch.qos.logback.core.joran.action.NestedComplexPropertyIA - Assuming default type [ch.qos.logback.classic.encoder.PatternLayoutEncoder] for [encoder] property
14:56:09,869 |-INFO in ch.qos.logback.core.rolling.RollingFileAppender[FILE] - Active log file name: /tmp/application.log
14:56:09,869 |-INFO in ch.qos.logback.core.rolling.RollingFileAppender[FILE] - File property is set to [/tmp/application.log]
14:56:09,869 |-INFO in ch.qos.logback.classic.joran.action.RootLoggerAction - Setting level of ROOT logger to WARN
14:56:09,869 |-INFO in ch.qos.logback.core.joran.action.AppenderRefAction - Attaching appender named [STDOUT] to Logger[ROOT]
14:56:09,870 |-INFO in ch.qos.logback.core.joran.action.AppenderRefAction - Attaching appender named [FILE] to Logger[ROOT]
14:56:09,870 |-INFO in ch.qos.logback.classic.joran.action.ConfigurationAction - End of configuration.
14:56:09,870 |-INFO in ch.qos.logback.classic.joran.JoranConfigurator@79698539 - Registering current configuration as safe fallback point

Ama winner
Ama winner
2019-06-10T14:56:11.152+0000: 1.726: [Full GC (Metadata GC Threshold) 2019-06-10T14:56:11.152+0000: 1.726: [Tenured: 0K->15208K(341376K), 0.0357937 secs] 115001K->15208K(494976K), [Metaspace: 20724K->20724K(1067008K)], 0.0358583 secs] [Times: user=0.04 sys=0.00, real=0.04 secs] 
14:56:28.621 [Curator-PathChildrenCache-2] WARN  o.a.c.u.ZKPaths  - The version of ZooKeeper being used doesn't support Container nodes. CreateMode.PERSISTENT will be used instead.
2019-06-10T14:56:30.912+0000: 21.486: [GC (Allocation Failure) 2019-06-10T14:56:30.912+0000: 21.486: [DefNew: 136576K->17024K(153600K), 0.0257531 secs] 151784K->52934K(494976K), 0.0258208 secs] [Times: user=0.02 sys=0.01, real=0.03 secs] 
2019-06-10T14:56:31.288+0000: 21.862: [Full GC (Metadata GC Threshold) 2019-06-10T14:56:31.288+0000: 21.862: [Tenured: 35910K->44570K(341376K), 0.0377167 secs] 69351K->44570K(494976K), [Metaspace: 34580K->34580K(1079296K)], 0.0377864 secs] [Times: user=0.03 sys=0.01, real=0.04 secs] 
2019-06-10T14:56:36.139+0000: 26.713: [GC (Allocation Failure) 2019-06-10T14:56:36.139+0000: 26.713: [DefNew: 136576K->218K(153600K), 0.0021925 secs] 181146K->44789K(494976K), 0.0022495 secs] [Times: user=0.00 sys=0.00, real=0.00 secs] 
2019-06-10T14:56:41.040+0000: 31.614: [GC (Allocation Failure) 2019-06-10T14:56:41.040+0000: 31.614: [DefNew: 136794K->225K(153600K), 0.0021589 secs] 181365K->44796K(494976K), 0.0022205 secs] [Times: user=0.00 sys=0.00, real=0.00 secs] 
2019-06-10T14:56:46.033+0000: 36.607: [GC (Allocation Failure) 2019-06-10T14:56:46.033+0000: 36.607: [DefNew: 136801K->232K(153600K), 0.0021432 secs] 181372K->44803K(494976K), 0.0022142 secs] [Times: user=0.00 sys=0.00, real=0.01 secs] 
2019-06-10T14:56:50.817+0000: 41.391: [GC (Allocation Failure) 2019-06-10T14:56:50.817+0000: 41.391: [DefNew: 136808K->225K(153600K), 0.0020771 secs] 181379K->44796K(494976K), 0.0021367 secs] [Times: user=0.01 sys=0.00, real=0.00 secs] 
2019-06-10T14:56:55.518+0000: 46.092: [GC (Allocation Failure) 2019-06-10T14:56:55.518+0000: 46.092: [DefNew: 136801K->235K(153600K), 0.0020693 secs] 181372K->44806K(494976K), 0.0021299 secs] [Times: user=0.00 sys=0.00, real=0.00 secs] 
2019-06-10T14:57:00.153+0000: 50.727: [GC (Allocation Failure) 2019-06-10T14:57:00.153+0000: 50.727: [DefNew: 136811K->224K(153600K), 0.0020427 secs] 181382K->44795K(494976K), 0.0021077 secs] [Times: user=0.00 sys=0.00, real=0.01 secs] 
2019-06-10T14:57:04.876+0000: 55.451: [GC (Allocation Failure) 2019-06-10T14:57:04.876+0000: 55.451: [DefNew: 136800K->224K(153600K), 0.0021427 secs] 181371K->44795K(494976K), 0.0022167 secs] [Times: user=0.01 sys=0.00, real=0.00 secs] 
2019-06-10T14:57:09.597+0000: 60.171: [GC (Allocation Failure) 2019-06-10T14:57:09.597+0000: 60.171: [DefNew: 136800K->225K(153600K), 0.0021686 secs] 181371K->44796K(494976K), 0.0022246 secs] [Times: user=0.00 sys=0.00, real=0.00 secs] 
14:57:19.471 [Curator-PathChildrenCache-0] ERROR o.a.c.f.r.c.PathChildrenCache  - 
java.lang.IllegalStateException: instance must be started before calling this method
	at org.apache.curator.shaded.com.google.common.base.Preconditions.checkState(Preconditions.java:444)
	at org.apache.curator.framework.imps.CuratorFrameworkImpl.getChildren(CuratorFrameworkImpl.java:456)
	at org.apache.curator.framework.recipes.cache.PathChildrenCache.refresh(PathChildrenCache.java:521)
	at org.apache.curator.framework.recipes.cache.RefreshOperation.invoke(RefreshOperation.java:35)
	at org.apache.curator.framework.recipes.cache.PathChildrenCache$9.run(PathChildrenCache.java:786)
	at java.util.concurrent.Executors$RunnableAdapter.call(Executors.java:511)
	at java.util.concurrent.FutureTask.run(FutureTask.java:266)
	at java.util.concurrent.Executors$RunnableAdapter.call(Executors.java:511)
	at java.util.concurrent.FutureTask.run(FutureTask.java:266)
	at java.util.concurrent.ThreadPoolExecutor.runWorker(ThreadPoolExecutor.java:1149)
	at java.util.concurrent.ThreadPoolExecutor$Worker.run(ThreadPoolExecutor.java:624)
	at java.lang.Thread.run(Thread.java:748)
Heap
 def new generation   total 153600K, used 122694K [0x00000000e0c00000, 0x00000000eb2a0000, 0x00000000eb2a0000)
  eden space 136576K,  89% used [0x00000000e0c00000, 0x00000000e83994e8, 0x00000000e9160000)
  from space 17024K,   1% used [0x00000000ea200000, 0x00000000ea2385a8, 0x00000000eb2a0000)
  to   space 17024K,   0% used [0x00000000e9160000, 0x00000000e9160000, 0x00000000ea200000)
 tenured generation   total 341376K, used 44570K [0x00000000eb2a0000, 0x0000000100000000, 0x0000000100000000)
   the space 341376K,  13% used [0x00000000eb2a0000, 0x00000000ede26bd0, 0x00000000ede26c00, 0x0000000100000000)
 Metaspace       used 36343K, capacity 37314K, committed 37504K, reserved 1081344K
  class space    used 4900K, capacity 5123K, committed 5248K, reserved 1048576K
