16:16:16,122 |-INFO in ch.qos.logback.classic.LoggerContext[default] - Could NOT find resource [logback-test.xml]
16:16:16,122 |-INFO in ch.qos.logback.classic.LoggerContext[default] - Could NOT find resource [logback.groovy]
16:16:16,122 |-INFO in ch.qos.logback.classic.LoggerContext[default] - Found resource [logback.xml] at [jar:file:/root/flamestream/lib/flamestream-runtime-1.0-SNAPSHOT.jar!/logback.xml]
16:16:16,123 |-WARN in ch.qos.logback.classic.LoggerContext[default] - Resource [logback.xml] occurs multiple times on the classpath.
16:16:16,127 |-WARN in ch.qos.logback.classic.LoggerContext[default] - Resource [logback.xml] occurs at [jar:file:/root/flamestream/lib/flamestream-runtime-1.0-SNAPSHOT.jar!/logback.xml]
16:16:16,127 |-WARN in ch.qos.logback.classic.LoggerContext[default] - Resource [logback.xml] occurs at [jar:file:/root/flamestream/flamestream-runtime-1.0-SNAPSHOT.jar!/logback.xml]
16:16:16,146 |-INFO in ch.qos.logback.core.joran.spi.ConfigurationWatchList@3fb6a447 - URL [jar:file:/root/flamestream/lib/flamestream-runtime-1.0-SNAPSHOT.jar!/logback.xml] is not of type file
16:16:16,213 |-INFO in ch.qos.logback.classic.joran.action.ConfigurationAction - debug attribute not set
16:16:16,214 |-INFO in ch.qos.logback.core.joran.action.AppenderAction - About to instantiate appender of type [ch.qos.logback.core.ConsoleAppender]
16:16:16,230 |-INFO in ch.qos.logback.core.joran.action.AppenderAction - Naming appender as [STDOUT]
16:16:16,250 |-INFO in ch.qos.logback.core.joran.action.NestedComplexPropertyIA - Assuming default type [ch.qos.logback.classic.encoder.PatternLayoutEncoder] for [encoder] property
16:16:16,330 |-INFO in ch.qos.logback.core.joran.action.AppenderAction - About to instantiate appender of type [ch.qos.logback.core.rolling.RollingFileAppender]
16:16:16,339 |-INFO in ch.qos.logback.core.joran.action.AppenderAction - Naming appender as [FILE]
16:16:16,369 |-INFO in c.q.l.core.rolling.TimeBasedRollingPolicy@127618319 - No compression will be used
16:16:16,370 |-INFO in c.q.l.core.rolling.TimeBasedRollingPolicy@127618319 - Will use the pattern /tmp/application_%d{yyyy-MM-dd}.%i.log for the active file
16:16:16,373 |-INFO in ch.qos.logback.core.rolling.SizeAndTimeBasedFNATP@6b2fad11 - The date pattern is 'yyyy-MM-dd' from file name pattern '/tmp/application_%d{yyyy-MM-dd}.%i.log'.
16:16:16,373 |-INFO in ch.qos.logback.core.rolling.SizeAndTimeBasedFNATP@6b2fad11 - Roll-over at midnight.
16:16:16,378 |-INFO in ch.qos.logback.core.rolling.SizeAndTimeBasedFNATP@6b2fad11 - Setting initial period to Mon Jun 10 16:14:47 UTC 2019
16:16:16,378 |-WARN in ch.qos.logback.core.rolling.SizeAndTimeBasedFNATP@6b2fad11 - SizeAndTimeBasedFNATP is deprecated. Use SizeAndTimeBasedRollingPolicy instead
16:16:16,378 |-WARN in ch.qos.logback.core.rolling.SizeAndTimeBasedFNATP@6b2fad11 - For more information see http://logback.qos.ch/manual/appenders.html#SizeAndTimeBasedRollingPolicy
16:16:16,382 |-INFO in ch.qos.logback.core.joran.action.NestedComplexPropertyIA - Assuming default type [ch.qos.logback.classic.encoder.PatternLayoutEncoder] for [encoder] property
16:16:16,387 |-INFO in ch.qos.logback.core.rolling.RollingFileAppender[FILE] - Active log file name: /tmp/application.log
16:16:16,387 |-INFO in ch.qos.logback.core.rolling.RollingFileAppender[FILE] - File property is set to [/tmp/application.log]
16:16:16,387 |-INFO in ch.qos.logback.classic.joran.action.RootLoggerAction - Setting level of ROOT logger to WARN
16:16:16,388 |-INFO in ch.qos.logback.core.joran.action.AppenderRefAction - Attaching appender named [STDOUT] to Logger[ROOT]
16:16:16,389 |-INFO in ch.qos.logback.core.joran.action.AppenderRefAction - Attaching appender named [FILE] to Logger[ROOT]
16:16:16,389 |-INFO in ch.qos.logback.classic.joran.action.ConfigurationAction - End of configuration.
16:16:16,390 |-INFO in ch.qos.logback.classic.joran.JoranConfigurator@79698539 - Registering current configuration as safe fallback point

Ama winner
Ama winner
2019-06-10T16:16:17.738+0000: 1.795: [Full GC (Metadata GC Threshold) 2019-06-10T16:16:17.738+0000: 1.795: [Tenured: 0K->15241K(341376K), 0.0405867 secs] 117750K->15241K(494976K), [Metaspace: 20730K->20730K(1067008K)], 0.0406568 secs] [Times: user=0.03 sys=0.00, real=0.04 secs] 
16:16:30.893 [Curator-PathChildrenCache-1] WARN  o.a.c.u.ZKPaths  - The version of ZooKeeper being used doesn't support Container nodes. CreateMode.PERSISTENT will be used instead.
2019-06-10T16:16:33.127+0000: 17.184: [GC (Allocation Failure) 2019-06-10T16:16:33.127+0000: 17.184: [DefNew: 136576K->17024K(153600K), 0.0271620 secs] 151817K->52854K(494976K), 0.0272444 secs] [Times: user=0.03 sys=0.00, real=0.02 secs] 
2019-06-10T16:16:34.980+0000: 19.037: [Full GC (Metadata GC Threshold) 2019-06-10T16:16:34.980+0000: 19.037: [Tenured: 35830K->44497K(341376K), 0.0440848 secs] 91977K->44497K(494976K), [Metaspace: 34600K->34600K(1079296K)], 0.0441760 secs] [Times: user=0.04 sys=0.00, real=0.04 secs] 
2019-06-10T16:16:40.851+0000: 24.908: [GC (Allocation Failure) 2019-06-10T16:16:40.851+0000: 24.908: [DefNew: 136576K->93K(153600K), 0.0018454 secs] 181073K->44590K(494976K), 0.0019129 secs] [Times: user=0.00 sys=0.00, real=0.00 secs] 
2019-06-10T16:16:46.733+0000: 30.790: [GC (Allocation Failure) 2019-06-10T16:16:46.733+0000: 30.790: [DefNew: 136669K->99K(153600K), 0.0017411 secs] 181166K->44596K(494976K), 0.0018000 secs] [Times: user=0.00 sys=0.00, real=0.00 secs] 
2019-06-10T16:16:52.403+0000: 36.461: [GC (Allocation Failure) 2019-06-10T16:16:52.403+0000: 36.461: [DefNew: 136675K->95K(153600K), 0.0017209 secs] 181172K->44592K(494976K), 0.0017828 secs] [Times: user=0.00 sys=0.00, real=0.00 secs] 
2019-06-10T16:16:58.075+0000: 42.132: [GC (Allocation Failure) 2019-06-10T16:16:58.075+0000: 42.132: [DefNew: 136671K->127K(153600K), 0.0017784 secs] 181168K->44624K(494976K), 0.0018405 secs] [Times: user=0.01 sys=0.00, real=0.00 secs] 
2019-06-10T16:17:10.619+0000: 54.676: [GC (Allocation Failure) 2019-06-10T16:17:10.619+0000: 54.676: [DefNew: 136703K->127K(153600K), 0.0018656 secs] 181200K->44624K(494976K), 0.0019407 secs] [Times: user=0.01 sys=0.00, real=0.00 secs] 
16:17:11.330 [Curator-PathChildrenCache-0] ERROR o.a.c.f.r.c.PathChildrenCache  - 
java.lang.IllegalStateException: instance must be started before calling this method
	at org.apache.curator.shaded.com.google.common.base.Preconditions.checkState(Preconditions.java:444)
	at org.apache.curator.framework.imps.CuratorFrameworkImpl.getChildren(CuratorFrameworkImpl.java:456)
	at org.apache.curator.framework.recipes.cache.PathChildrenCache.refresh(PathChildrenCache.java:521)
	at org.apache.curator.framework.recipes.cache.RefreshOperation.invoke(RefreshOperation.java:35)
	at org.apache.curator.framework.recipes.cache.PathChildrenCache$9.run(PathChildrenCache.java:786)
	at java.util.concurrent.Executors$RunnableAdapter.call(Executors.java:511)
	at java.util.concurrent.FutureTask.run(FutureTask.java:266)
	at java.util.concurrent.Executors$RunnableAdapter.call(Executors.java:511)
	at java.util.concurrent.FutureTask.run(FutureTask.java:266)
	at java.util.concurrent.ThreadPoolExecutor.runWorker(ThreadPoolExecutor.java:1149)
	at java.util.concurrent.ThreadPoolExecutor$Worker.run(ThreadPoolExecutor.java:624)
	at java.lang.Thread.run(Thread.java:748)
Heap
 def new generation   total 153600K, used 31660K [0x00000000e0c00000, 0x00000000eb2a0000, 0x00000000eb2a0000)
  eden space 136576K,  23% used [0x00000000e0c00000, 0x00000000e2acb488, 0x00000000e9160000)
  from space 17024K,   0% used [0x00000000e9160000, 0x00000000e917fd00, 0x00000000ea200000)
  to   space 17024K,   0% used [0x00000000ea200000, 0x00000000ea200000, 0x00000000eb2a0000)
 tenured generation   total 341376K, used 44497K [0x00000000eb2a0000, 0x0000000100000000, 0x0000000100000000)
   the space 341376K,  13% used [0x00000000eb2a0000, 0x00000000ede14488, 0x00000000ede14600, 0x0000000100000000)
 Metaspace       used 35860K, capacity 36774K, committed 37120K, reserved 1081344K
  class space    used 4824K, capacity 5043K, committed 5120K, reserved 1048576K
