19:03:08,180 |-INFO in ch.qos.logback.classic.LoggerContext[default] - Could NOT find resource [logback-test.xml]
19:03:08,180 |-INFO in ch.qos.logback.classic.LoggerContext[default] - Could NOT find resource [logback.groovy]
19:03:08,180 |-INFO in ch.qos.logback.classic.LoggerContext[default] - Found resource [logback.xml] at [jar:file:/root/flamestream/lib/flamestream-runtime-1.0-SNAPSHOT.jar!/logback.xml]
19:03:08,181 |-WARN in ch.qos.logback.classic.LoggerContext[default] - Resource [logback.xml] occurs multiple times on the classpath.
19:03:08,186 |-WARN in ch.qos.logback.classic.LoggerContext[default] - Resource [logback.xml] occurs at [jar:file:/root/flamestream/lib/flamestream-runtime-1.0-SNAPSHOT.jar!/logback.xml]
19:03:08,186 |-WARN in ch.qos.logback.classic.LoggerContext[default] - Resource [logback.xml] occurs at [jar:file:/root/flamestream/flamestream-runtime-1.0-SNAPSHOT.jar!/logback.xml]
19:03:08,205 |-INFO in ch.qos.logback.core.joran.spi.ConfigurationWatchList@3fb6a447 - URL [jar:file:/root/flamestream/lib/flamestream-runtime-1.0-SNAPSHOT.jar!/logback.xml] is not of type file
19:03:08,277 |-INFO in ch.qos.logback.classic.joran.action.ConfigurationAction - debug attribute not set
19:03:08,278 |-INFO in ch.qos.logback.core.joran.action.AppenderAction - About to instantiate appender of type [ch.qos.logback.core.ConsoleAppender]
19:03:08,296 |-INFO in ch.qos.logback.core.joran.action.AppenderAction - Naming appender as [STDOUT]
19:03:08,315 |-INFO in ch.qos.logback.core.joran.action.NestedComplexPropertyIA - Assuming default type [ch.qos.logback.classic.encoder.PatternLayoutEncoder] for [encoder] property
19:03:08,402 |-INFO in ch.qos.logback.core.joran.action.AppenderAction - About to instantiate appender of type [ch.qos.logback.core.rolling.RollingFileAppender]
19:03:08,407 |-INFO in ch.qos.logback.core.joran.action.AppenderAction - Naming appender as [FILE]
19:03:08,438 |-INFO in c.q.l.core.rolling.TimeBasedRollingPolicy@127618319 - No compression will be used
19:03:08,439 |-INFO in c.q.l.core.rolling.TimeBasedRollingPolicy@127618319 - Will use the pattern /tmp/application_%d{yyyy-MM-dd}.%i.log for the active file
19:03:08,442 |-INFO in ch.qos.logback.core.rolling.SizeAndTimeBasedFNATP@6b2fad11 - The date pattern is 'yyyy-MM-dd' from file name pattern '/tmp/application_%d{yyyy-MM-dd}.%i.log'.
19:03:08,442 |-INFO in ch.qos.logback.core.rolling.SizeAndTimeBasedFNATP@6b2fad11 - Roll-over at midnight.
19:03:08,447 |-INFO in ch.qos.logback.core.rolling.SizeAndTimeBasedFNATP@6b2fad11 - Setting initial period to Mon Jun 10 19:01:43 UTC 2019
19:03:08,447 |-WARN in ch.qos.logback.core.rolling.SizeAndTimeBasedFNATP@6b2fad11 - SizeAndTimeBasedFNATP is deprecated. Use SizeAndTimeBasedRollingPolicy instead
19:03:08,447 |-WARN in ch.qos.logback.core.rolling.SizeAndTimeBasedFNATP@6b2fad11 - For more information see http://logback.qos.ch/manual/appenders.html#SizeAndTimeBasedRollingPolicy
19:03:08,451 |-INFO in ch.qos.logback.core.joran.action.NestedComplexPropertyIA - Assuming default type [ch.qos.logback.classic.encoder.PatternLayoutEncoder] for [encoder] property
19:03:08,456 |-INFO in ch.qos.logback.core.rolling.RollingFileAppender[FILE] - Active log file name: /tmp/application.log
19:03:08,456 |-INFO in ch.qos.logback.core.rolling.RollingFileAppender[FILE] - File property is set to [/tmp/application.log]
19:03:08,457 |-INFO in ch.qos.logback.classic.joran.action.RootLoggerAction - Setting level of ROOT logger to WARN
19:03:08,457 |-INFO in ch.qos.logback.core.joran.action.AppenderRefAction - Attaching appender named [STDOUT] to Logger[ROOT]
19:03:08,459 |-INFO in ch.qos.logback.core.joran.action.AppenderRefAction - Attaching appender named [FILE] to Logger[ROOT]
19:03:08,459 |-INFO in ch.qos.logback.classic.joran.action.ConfigurationAction - End of configuration.
19:03:08,460 |-INFO in ch.qos.logback.classic.joran.JoranConfigurator@79698539 - Registering current configuration as safe fallback point

Ama winner
Ama winner
2019-06-10T19:03:09.753+0000: 1.760: [Full GC (Metadata GC Threshold) 2019-06-10T19:03:09.754+0000: 1.760: [Tenured: 0K->15144K(341376K), 0.0404766 secs] 114987K->15144K(494976K), [Metaspace: 20728K->20728K(1067008K)], 0.0405454 secs] [Times: user=0.03 sys=0.00, real=0.04 secs] 
19:03:26.919 [Curator-PathChildrenCache-1] WARN  o.a.c.u.ZKPaths  - The version of ZooKeeper being used doesn't support Container nodes. CreateMode.PERSISTENT will be used instead.
2019-06-10T19:03:29.493+0000: 21.500: [GC (Allocation Failure) 2019-06-10T19:03:29.493+0000: 21.500: [DefNew: 136576K->17023K(153600K), 0.0255555 secs] 151720K->52648K(494976K), 0.0256438 secs] [Times: user=0.02 sys=0.02, real=0.03 secs] 
2019-06-10T19:03:30.896+0000: 22.903: [Full GC (Metadata GC Threshold) 2019-06-10T19:03:30.896+0000: 22.903: [Tenured: 35624K->44171K(341376K), 0.0425478 secs] 85913K->44171K(494976K), [Metaspace: 34616K->34616K(1079296K)], 0.0426251 secs] [Times: user=0.04 sys=0.00, real=0.05 secs] 
2019-06-10T19:03:37.904+0000: 29.911: [GC (Allocation Failure) 2019-06-10T19:03:37.904+0000: 29.911: [DefNew: 136576K->83K(153600K), 0.0019268 secs] 180747K->44255K(494976K), 0.0019828 secs] [Times: user=0.00 sys=0.00, real=0.01 secs] 
2019-06-10T19:03:45.106+0000: 37.113: [GC (Allocation Failure) 2019-06-10T19:03:45.106+0000: 37.113: [DefNew: 136659K->83K(153600K), 0.0018666 secs] 180831K->44255K(494976K), 0.0019230 secs] [Times: user=0.00 sys=0.00, real=0.00 secs] 
2019-06-10T19:03:52.350+0000: 44.357: [GC (Allocation Failure) 2019-06-10T19:03:52.350+0000: 44.357: [DefNew: 136659K->85K(153600K), 0.0018848 secs] 180831K->44257K(494976K), 0.0019569 secs] [Times: user=0.01 sys=0.00, real=0.00 secs] 
2019-06-10T19:03:59.647+0000: 51.653: [GC (Allocation Failure) 2019-06-10T19:03:59.647+0000: 51.654: [DefNew: 136661K->88K(153600K), 0.0018206 secs] 180833K->44260K(494976K), 0.0018820 secs] [Times: user=0.00 sys=0.00, real=0.00 secs] 
2019-06-10T19:04:06.984+0000: 58.991: [GC (Allocation Failure) 2019-06-10T19:04:06.984+0000: 58.991: [DefNew: 136664K->86K(153600K), 0.0018486 secs] 180836K->44258K(494976K), 0.0019074 secs] [Times: user=0.00 sys=0.00, real=0.01 secs] 
19:04:25.952 [Curator-PathChildrenCache-0] ERROR o.a.c.f.r.c.PathChildrenCache  - 
java.lang.IllegalStateException: instance must be started before calling this method
	at org.apache.curator.shaded.com.google.common.base.Preconditions.checkState(Preconditions.java:444)
	at org.apache.curator.framework.imps.CuratorFrameworkImpl.getChildren(CuratorFrameworkImpl.java:456)
	at org.apache.curator.framework.recipes.cache.PathChildrenCache.refresh(PathChildrenCache.java:521)
	at org.apache.curator.framework.recipes.cache.RefreshOperation.invoke(RefreshOperation.java:35)
	at org.apache.curator.framework.recipes.cache.PathChildrenCache$9.run(PathChildrenCache.java:786)
	at java.util.concurrent.Executors$RunnableAdapter.call(Executors.java:511)
	at java.util.concurrent.FutureTask.run(FutureTask.java:266)
	at java.util.concurrent.Executors$RunnableAdapter.call(Executors.java:511)
	at java.util.concurrent.FutureTask.run(FutureTask.java:266)
	at java.util.concurrent.ThreadPoolExecutor.runWorker(ThreadPoolExecutor.java:1149)
	at java.util.concurrent.ThreadPoolExecutor$Worker.run(ThreadPoolExecutor.java:624)
	at java.lang.Thread.run(Thread.java:748)
Heap
 def new generation   total 153600K, used 134054K [0x00000000e0c00000, 0x00000000eb2a0000, 0x00000000eb2a0000)
  eden space 136576K,  98% used [0x00000000e0c00000, 0x00000000e8ed4108, 0x00000000e9160000)
  from space 17024K,   0% used [0x00000000e9160000, 0x00000000e9175ab8, 0x00000000ea200000)
  to   space 17024K,   0% used [0x00000000ea200000, 0x00000000ea200000, 0x00000000eb2a0000)
 tenured generation   total 341376K, used 44171K [0x00000000eb2a0000, 0x0000000100000000, 0x0000000100000000)
   the space 341376K,  12% used [0x00000000eb2a0000, 0x00000000eddc2fc8, 0x00000000eddc3000, 0x0000000100000000)
 Metaspace       used 36294K, capacity 37202K, committed 37376K, reserved 1081344K
  class space    used 4872K, capacity 5077K, committed 5120K, reserved 1048576K
