16:23:13,074 |-INFO in ch.qos.logback.classic.LoggerContext[default] - Could NOT find resource [logback-test.xml]
16:23:13,074 |-INFO in ch.qos.logback.classic.LoggerContext[default] - Could NOT find resource [logback.groovy]
16:23:13,074 |-INFO in ch.qos.logback.classic.LoggerContext[default] - Found resource [logback.xml] at [jar:file:/root/flamestream/lib/flamestream-runtime-1.0-SNAPSHOT.jar!/logback.xml]
16:23:13,075 |-WARN in ch.qos.logback.classic.LoggerContext[default] - Resource [logback.xml] occurs multiple times on the classpath.
16:23:13,075 |-WARN in ch.qos.logback.classic.LoggerContext[default] - Resource [logback.xml] occurs at [jar:file:/root/flamestream/lib/flamestream-runtime-1.0-SNAPSHOT.jar!/logback.xml]
16:23:13,075 |-WARN in ch.qos.logback.classic.LoggerContext[default] - Resource [logback.xml] occurs at [jar:file:/root/flamestream/flamestream-runtime-1.0-SNAPSHOT.jar!/logback.xml]
16:23:13,099 |-INFO in ch.qos.logback.core.joran.spi.ConfigurationWatchList@3fb6a447 - URL [jar:file:/root/flamestream/lib/flamestream-runtime-1.0-SNAPSHOT.jar!/logback.xml] is not of type file
16:23:13,165 |-INFO in ch.qos.logback.classic.joran.action.ConfigurationAction - debug attribute not set
16:23:13,166 |-INFO in ch.qos.logback.core.joran.action.AppenderAction - About to instantiate appender of type [ch.qos.logback.core.ConsoleAppender]
16:23:13,182 |-INFO in ch.qos.logback.core.joran.action.AppenderAction - Naming appender as [STDOUT]
16:23:13,196 |-INFO in ch.qos.logback.core.joran.action.NestedComplexPropertyIA - Assuming default type [ch.qos.logback.classic.encoder.PatternLayoutEncoder] for [encoder] property
16:23:13,294 |-INFO in ch.qos.logback.core.joran.action.AppenderAction - About to instantiate appender of type [ch.qos.logback.core.rolling.RollingFileAppender]
16:23:13,299 |-INFO in ch.qos.logback.core.joran.action.AppenderAction - Naming appender as [FILE]
16:23:13,338 |-INFO in c.q.l.core.rolling.TimeBasedRollingPolicy@127618319 - No compression will be used
16:23:13,339 |-INFO in c.q.l.core.rolling.TimeBasedRollingPolicy@127618319 - Will use the pattern /tmp/application_%d{yyyy-MM-dd}.%i.log for the active file
16:23:13,342 |-INFO in ch.qos.logback.core.rolling.SizeAndTimeBasedFNATP@6b2fad11 - The date pattern is 'yyyy-MM-dd' from file name pattern '/tmp/application_%d{yyyy-MM-dd}.%i.log'.
16:23:13,342 |-INFO in ch.qos.logback.core.rolling.SizeAndTimeBasedFNATP@6b2fad11 - Roll-over at midnight.
16:23:13,348 |-INFO in ch.qos.logback.core.rolling.SizeAndTimeBasedFNATP@6b2fad11 - Setting initial period to Mon Jun 10 16:21:58 UTC 2019
16:23:13,348 |-WARN in ch.qos.logback.core.rolling.SizeAndTimeBasedFNATP@6b2fad11 - SizeAndTimeBasedFNATP is deprecated. Use SizeAndTimeBasedRollingPolicy instead
16:23:13,348 |-WARN in ch.qos.logback.core.rolling.SizeAndTimeBasedFNATP@6b2fad11 - For more information see http://logback.qos.ch/manual/appenders.html#SizeAndTimeBasedRollingPolicy
16:23:13,351 |-INFO in ch.qos.logback.core.joran.action.NestedComplexPropertyIA - Assuming default type [ch.qos.logback.classic.encoder.PatternLayoutEncoder] for [encoder] property
16:23:13,356 |-INFO in ch.qos.logback.core.rolling.RollingFileAppender[FILE] - Active log file name: /tmp/application.log
16:23:13,356 |-INFO in ch.qos.logback.core.rolling.RollingFileAppender[FILE] - File property is set to [/tmp/application.log]
16:23:13,357 |-INFO in ch.qos.logback.classic.joran.action.RootLoggerAction - Setting level of ROOT logger to WARN
16:23:13,357 |-INFO in ch.qos.logback.core.joran.action.AppenderRefAction - Attaching appender named [STDOUT] to Logger[ROOT]
16:23:13,359 |-INFO in ch.qos.logback.core.joran.action.AppenderRefAction - Attaching appender named [FILE] to Logger[ROOT]
16:23:13,359 |-INFO in ch.qos.logback.classic.joran.action.ConfigurationAction - End of configuration.
16:23:13,360 |-INFO in ch.qos.logback.classic.joran.JoranConfigurator@79698539 - Registering current configuration as safe fallback point

Ama winner
Ama winner
2019-06-10T16:23:14.665+0000: 1.769: [Full GC (Metadata GC Threshold) 2019-06-10T16:23:14.665+0000: 1.770: [Tenured: 0K->15241K(341376K), 0.0409091 secs] 114987K->15241K(494976K), [Metaspace: 20739K->20739K(1067008K)], 0.0409774 secs] [Times: user=0.03 sys=0.01, real=0.04 secs] 
16:23:32.082 [Curator-PathChildrenCache-1] WARN  o.a.c.u.ZKPaths  - The version of ZooKeeper being used doesn't support Container nodes. CreateMode.PERSISTENT will be used instead.
2019-06-10T16:23:34.500+0000: 21.604: [GC (Allocation Failure) 2019-06-10T16:23:34.500+0000: 21.604: [DefNew: 136576K->17023K(153600K), 0.0255715 secs] 151817K->52933K(494976K), 0.0256388 secs] [Times: user=0.01 sys=0.02, real=0.02 secs] 
2019-06-10T16:23:35.907+0000: 23.011: [Full GC (Metadata GC Threshold) 2019-06-10T16:23:35.907+0000: 23.011: [Tenured: 35909K->44666K(341376K), 0.0419295 secs] 81799K->44666K(494976K), [Metaspace: 34600K->34600K(1079296K)], 0.0420086 secs] [Times: user=0.03 sys=0.00, real=0.04 secs] 
2019-06-10T16:23:42.975+0000: 30.080: [GC (Allocation Failure) 2019-06-10T16:23:42.975+0000: 30.080: [DefNew: 136576K->68K(153600K), 0.0018154 secs] 181242K->44735K(494976K), 0.0018717 secs] [Times: user=0.00 sys=0.00, real=0.00 secs] 
2019-06-10T16:23:50.130+0000: 37.235: [GC (Allocation Failure) 2019-06-10T16:23:50.130+0000: 37.235: [DefNew: 136644K->65K(153600K), 0.0016818 secs] 181311K->44732K(494976K), 0.0017513 secs] [Times: user=0.00 sys=0.00, real=0.01 secs] 
2019-06-10T16:23:57.310+0000: 44.415: [GC (Allocation Failure) 2019-06-10T16:23:57.310+0000: 44.415: [DefNew: 136641K->103K(153600K), 0.0017654 secs] 181308K->44769K(494976K), 0.0018287 secs] [Times: user=0.00 sys=0.00, real=0.01 secs] 
2019-06-10T16:24:04.524+0000: 51.628: [GC (Allocation Failure) 2019-06-10T16:24:04.524+0000: 51.628: [DefNew: 136679K->103K(153600K), 0.0017785 secs] 181345K->44770K(494976K), 0.0018475 secs] [Times: user=0.00 sys=0.00, real=0.00 secs] 
2019-06-10T16:24:11.773+0000: 58.877: [GC (Allocation Failure) 2019-06-10T16:24:11.773+0000: 58.877: [DefNew: 136679K->102K(153600K), 0.0017506 secs] 181346K->44768K(494976K), 0.0018113 secs] [Times: user=0.01 sys=0.00, real=0.00 secs] 
16:24:25.698 [Curator-PathChildrenCache-0] ERROR o.a.c.f.r.c.PathChildrenCache  - 
java.lang.IllegalStateException: instance must be started before calling this method
	at org.apache.curator.shaded.com.google.common.base.Preconditions.checkState(Preconditions.java:444)
	at org.apache.curator.framework.imps.CuratorFrameworkImpl.getChildren(CuratorFrameworkImpl.java:456)
	at org.apache.curator.framework.recipes.cache.PathChildrenCache.refresh(PathChildrenCache.java:521)
	at org.apache.curator.framework.recipes.cache.RefreshOperation.invoke(RefreshOperation.java:35)
	at org.apache.curator.framework.recipes.cache.PathChildrenCache$9.run(PathChildrenCache.java:786)
	at java.util.concurrent.Executors$RunnableAdapter.call(Executors.java:511)
	at java.util.concurrent.FutureTask.run(FutureTask.java:266)
	at java.util.concurrent.Executors$RunnableAdapter.call(Executors.java:511)
	at java.util.concurrent.FutureTask.run(FutureTask.java:266)
	at java.util.concurrent.ThreadPoolExecutor.runWorker(ThreadPoolExecutor.java:1149)
	at java.util.concurrent.ThreadPoolExecutor$Worker.run(ThreadPoolExecutor.java:624)
	at java.lang.Thread.run(Thread.java:748)
Heap
 def new generation   total 153600K, used 127605K [0x00000000e0c00000, 0x00000000eb2a0000, 0x00000000eb2a0000)
  eden space 136576K,  93% used [0x00000000e0c00000, 0x00000000e8883c10, 0x00000000e9160000)
  from space 17024K,   0% used [0x00000000e9160000, 0x00000000e91798e0, 0x00000000ea200000)
  to   space 17024K,   0% used [0x00000000ea200000, 0x00000000ea200000, 0x00000000eb2a0000)
 tenured generation   total 341376K, used 44666K [0x00000000eb2a0000, 0x0000000100000000, 0x0000000100000000)
   the space 341376K,  13% used [0x00000000eb2a0000, 0x00000000ede3ea18, 0x00000000ede3ec00, 0x0000000100000000)
 Metaspace       used 36235K, capacity 37126K, committed 37376K, reserved 1081344K
  class space    used 4871K, capacity 5075K, committed 5120K, reserved 1048576K
