19:11:48,672 |-INFO in ch.qos.logback.classic.LoggerContext[default] - Could NOT find resource [logback-test.xml]
19:11:48,672 |-INFO in ch.qos.logback.classic.LoggerContext[default] - Could NOT find resource [logback.groovy]
19:11:48,672 |-INFO in ch.qos.logback.classic.LoggerContext[default] - Found resource [logback.xml] at [jar:file:/root/flamestream/lib/flamestream-runtime-1.0-SNAPSHOT.jar!/logback.xml]
19:11:48,672 |-WARN in ch.qos.logback.classic.LoggerContext[default] - Resource [logback.xml] occurs multiple times on the classpath.
19:11:48,673 |-WARN in ch.qos.logback.classic.LoggerContext[default] - Resource [logback.xml] occurs at [jar:file:/root/flamestream/lib/flamestream-runtime-1.0-SNAPSHOT.jar!/logback.xml]
19:11:48,673 |-WARN in ch.qos.logback.classic.LoggerContext[default] - Resource [logback.xml] occurs at [jar:file:/root/flamestream/flamestream-runtime-1.0-SNAPSHOT.jar!/logback.xml]
19:11:48,695 |-INFO in ch.qos.logback.core.joran.spi.ConfigurationWatchList@3fb6a447 - URL [jar:file:/root/flamestream/lib/flamestream-runtime-1.0-SNAPSHOT.jar!/logback.xml] is not of type file
19:11:48,760 |-INFO in ch.qos.logback.classic.joran.action.ConfigurationAction - debug attribute not set
19:11:48,760 |-INFO in ch.qos.logback.core.joran.action.AppenderAction - About to instantiate appender of type [ch.qos.logback.core.ConsoleAppender]
19:11:48,775 |-INFO in ch.qos.logback.core.joran.action.AppenderAction - Naming appender as [STDOUT]
19:11:48,796 |-INFO in ch.qos.logback.core.joran.action.NestedComplexPropertyIA - Assuming default type [ch.qos.logback.classic.encoder.PatternLayoutEncoder] for [encoder] property
19:11:48,876 |-INFO in ch.qos.logback.core.joran.action.AppenderAction - About to instantiate appender of type [ch.qos.logback.core.rolling.RollingFileAppender]
19:11:48,885 |-INFO in ch.qos.logback.core.joran.action.AppenderAction - Naming appender as [FILE]
19:11:48,914 |-INFO in c.q.l.core.rolling.TimeBasedRollingPolicy@127618319 - No compression will be used
19:11:48,915 |-INFO in c.q.l.core.rolling.TimeBasedRollingPolicy@127618319 - Will use the pattern /tmp/application_%d{yyyy-MM-dd}.%i.log for the active file
19:11:48,918 |-INFO in ch.qos.logback.core.rolling.SizeAndTimeBasedFNATP@6b2fad11 - The date pattern is 'yyyy-MM-dd' from file name pattern '/tmp/application_%d{yyyy-MM-dd}.%i.log'.
19:11:48,918 |-INFO in ch.qos.logback.core.rolling.SizeAndTimeBasedFNATP@6b2fad11 - Roll-over at midnight.
19:11:48,923 |-INFO in ch.qos.logback.core.rolling.SizeAndTimeBasedFNATP@6b2fad11 - Setting initial period to Mon Jun 10 19:10:24 UTC 2019
19:11:48,923 |-WARN in ch.qos.logback.core.rolling.SizeAndTimeBasedFNATP@6b2fad11 - SizeAndTimeBasedFNATP is deprecated. Use SizeAndTimeBasedRollingPolicy instead
19:11:48,923 |-WARN in ch.qos.logback.core.rolling.SizeAndTimeBasedFNATP@6b2fad11 - For more information see http://logback.qos.ch/manual/appenders.html#SizeAndTimeBasedRollingPolicy
19:11:48,928 |-INFO in ch.qos.logback.core.joran.action.NestedComplexPropertyIA - Assuming default type [ch.qos.logback.classic.encoder.PatternLayoutEncoder] for [encoder] property
19:11:48,932 |-INFO in ch.qos.logback.core.rolling.RollingFileAppender[FILE] - Active log file name: /tmp/application.log
19:11:48,932 |-INFO in ch.qos.logback.core.rolling.RollingFileAppender[FILE] - File property is set to [/tmp/application.log]
19:11:48,933 |-INFO in ch.qos.logback.classic.joran.action.RootLoggerAction - Setting level of ROOT logger to WARN
19:11:48,933 |-INFO in ch.qos.logback.core.joran.action.AppenderRefAction - Attaching appender named [STDOUT] to Logger[ROOT]
19:11:48,934 |-INFO in ch.qos.logback.core.joran.action.AppenderRefAction - Attaching appender named [FILE] to Logger[ROOT]
19:11:48,934 |-INFO in ch.qos.logback.classic.joran.action.ConfigurationAction - End of configuration.
19:11:48,935 |-INFO in ch.qos.logback.classic.joran.JoranConfigurator@79698539 - Registering current configuration as safe fallback point

Ama winner
Ama winner
2019-06-10T19:11:50.170+0000: 1.677: [Full GC (Metadata GC Threshold) 2019-06-10T19:11:50.170+0000: 1.677: [Tenured: 0K->15208K(341376K), 0.0356191 secs] 114923K->15208K(494976K), [Metaspace: 20727K->20727K(1067008K)], 0.0356903 secs] [Times: user=0.03 sys=0.01, real=0.04 secs] 
19:12:10.210 [Curator-PathChildrenCache-2] WARN  o.a.c.u.ZKPaths  - The version of ZooKeeper being used doesn't support Container nodes. CreateMode.PERSISTENT will be used instead.
2019-06-10T19:12:12.202+0000: 23.710: [GC (Allocation Failure) 2019-06-10T19:12:12.202+0000: 23.710: [DefNew: 136576K->17023K(153600K), 0.0251884 secs] 151784K->52958K(494976K), 0.0252716 secs] [Times: user=0.01 sys=0.01, real=0.03 secs] 
2019-06-10T19:12:12.840+0000: 24.347: [Full GC (Metadata GC Threshold) 2019-06-10T19:12:12.840+0000: 24.348: [Tenured: 35934K->44756K(341376K), 0.0354035 secs] 73502K->44756K(494976K), [Metaspace: 34604K->34604K(1079296K)], 0.0354848 secs] [Times: user=0.03 sys=0.01, real=0.04 secs] 
2019-06-10T19:12:18.331+0000: 29.839: [GC (Allocation Failure) 2019-06-10T19:12:18.331+0000: 29.839: [DefNew: 136576K->228K(153600K), 0.0021916 secs] 181332K->44985K(494976K), 0.0022703 secs] [Times: user=0.00 sys=0.00, real=0.01 secs] 
2019-06-10T19:12:23.762+0000: 35.269: [GC (Allocation Failure) 2019-06-10T19:12:23.762+0000: 35.269: [DefNew: 136804K->231K(153600K), 0.0019072 secs] 181561K->44988K(494976K), 0.0019674 secs] [Times: user=0.00 sys=0.00, real=0.00 secs] 
2019-06-10T19:12:29.203+0000: 40.710: [GC (Allocation Failure) 2019-06-10T19:12:29.203+0000: 40.710: [DefNew: 136807K->226K(153600K), 0.0018630 secs] 181564K->44983K(494976K), 0.0019226 secs] [Times: user=0.00 sys=0.00, real=0.00 secs] 
2019-06-10T19:12:34.672+0000: 46.179: [GC (Allocation Failure) 2019-06-10T19:12:34.672+0000: 46.179: [DefNew: 136802K->227K(153600K), 0.0019777 secs] 181559K->44984K(494976K), 0.0020378 secs] [Times: user=0.01 sys=0.00, real=0.01 secs] 
2019-06-10T19:12:40.127+0000: 51.635: [GC (Allocation Failure) 2019-06-10T19:12:40.127+0000: 51.635: [DefNew: 136803K->230K(153600K), 0.0019498 secs] 181560K->44987K(494976K), 0.0020086 secs] [Times: user=0.01 sys=0.00, real=0.00 secs] 
2019-06-10T19:12:45.618+0000: 57.126: [GC (Allocation Failure) 2019-06-10T19:12:45.619+0000: 57.126: [DefNew: 136806K->234K(153600K), 0.0020007 secs] 181563K->44991K(494976K), 0.0020586 secs] [Times: user=0.00 sys=0.00, real=0.00 secs] 
2019-06-10T19:12:51.052+0000: 62.560: [GC (Allocation Failure) 2019-06-10T19:12:51.052+0000: 62.560: [DefNew: 136810K->544K(153600K), 0.0024948 secs] 181567K->45301K(494976K), 0.0025582 secs] [Times: user=0.01 sys=0.00, real=0.01 secs] 
2019-06-10T19:12:57.082+0000: 68.589: [GC (Allocation Failure) 2019-06-10T19:12:57.082+0000: 68.589: [DefNew: 137120K->330K(153600K), 0.0023018 secs] 181877K->45086K(494976K), 0.0023616 secs] [Times: user=0.00 sys=0.00, real=0.00 secs] 
2019-06-10T19:13:03.033+0000: 74.541: [GC (Allocation Failure) 2019-06-10T19:13:03.033+0000: 74.541: [DefNew: 136906K->331K(153600K), 0.0022365 secs] 181662K->45087K(494976K), 0.0022941 secs] [Times: user=0.00 sys=0.00, real=0.01 secs] 
19:13:19.403 [Curator-PathChildrenCache-0] ERROR o.a.c.f.r.c.PathChildrenCache  - 
java.lang.IllegalStateException: instance must be started before calling this method
	at org.apache.curator.shaded.com.google.common.base.Preconditions.checkState(Preconditions.java:444)
	at org.apache.curator.framework.imps.CuratorFrameworkImpl.getChildren(CuratorFrameworkImpl.java:456)
	at org.apache.curator.framework.recipes.cache.PathChildrenCache.refresh(PathChildrenCache.java:521)
	at org.apache.curator.framework.recipes.cache.RefreshOperation.invoke(RefreshOperation.java:35)
	at org.apache.curator.framework.recipes.cache.PathChildrenCache$9.run(PathChildrenCache.java:786)
	at java.util.concurrent.Executors$RunnableAdapter.call(Executors.java:511)
	at java.util.concurrent.FutureTask.run(FutureTask.java:266)
	at java.util.concurrent.Executors$RunnableAdapter.call(Executors.java:511)
	at java.util.concurrent.FutureTask.run(FutureTask.java:266)
	at java.util.concurrent.ThreadPoolExecutor.runWorker(ThreadPoolExecutor.java:1149)
	at java.util.concurrent.ThreadPoolExecutor$Worker.run(ThreadPoolExecutor.java:624)
	at java.lang.Thread.run(Thread.java:748)
Heap
 def new generation   total 153600K, used 125011K [0x00000000e0c00000, 0x00000000eb2a0000, 0x00000000eb2a0000)
  eden space 136576K,  91% used [0x00000000e0c00000, 0x00000000e85c2108, 0x00000000e9160000)
  from space 17024K,   1% used [0x00000000e9160000, 0x00000000e91b2d00, 0x00000000ea200000)
  to   space 17024K,   0% used [0x00000000ea200000, 0x00000000ea200000, 0x00000000eb2a0000)
 tenured generation   total 341376K, used 44756K [0x00000000eb2a0000, 0x0000000100000000, 0x0000000100000000)
   the space 341376K,  13% used [0x00000000eb2a0000, 0x00000000ede552b8, 0x00000000ede55400, 0x0000000100000000)
 Metaspace       used 36423K, capacity 37378K, committed 37760K, reserved 1081344K
  class space    used 4902K, capacity 5123K, committed 5248K, reserved 1048576K
