23:41:59,144 |-INFO in ch.qos.logback.classic.LoggerContext[default] - Could NOT find resource [logback-test.xml]
23:41:59,144 |-INFO in ch.qos.logback.classic.LoggerContext[default] - Could NOT find resource [logback.groovy]
23:41:59,144 |-INFO in ch.qos.logback.classic.LoggerContext[default] - Found resource [logback.xml] at [jar:file:/home/nikitasokolov/flamestream/lib/flamestream-runtime-1.0-SNAPSHOT.jar!/logback.xml]
23:41:59,145 |-WARN in ch.qos.logback.classic.LoggerContext[default] - Resource [logback.xml] occurs multiple times on the classpath.
23:41:59,145 |-WARN in ch.qos.logback.classic.LoggerContext[default] - Resource [logback.xml] occurs at [jar:file:/home/nikitasokolov/flamestream/lib/flamestream-runtime-1.0-SNAPSHOT.jar!/logback.xml]
23:41:59,145 |-WARN in ch.qos.logback.classic.LoggerContext[default] - Resource [logback.xml] occurs at [jar:file:/home/nikitasokolov/flamestream/flamestream-runtime-1.0-SNAPSHOT.jar!/logback.xml]
23:41:59,161 |-INFO in ch.qos.logback.core.joran.spi.ConfigurationWatchList@6108b2d7 - URL [jar:file:/home/nikitasokolov/flamestream/lib/flamestream-runtime-1.0-SNAPSHOT.jar!/logback.xml] is not of type file
23:41:59,211 |-INFO in ch.qos.logback.classic.joran.action.ConfigurationAction - debug attribute not set
23:41:59,212 |-INFO in ch.qos.logback.core.joran.action.AppenderAction - About to instantiate appender of type [ch.qos.logback.core.ConsoleAppender]
23:41:59,220 |-INFO in ch.qos.logback.core.joran.action.AppenderAction - Naming appender as [STDOUT]
23:41:59,227 |-INFO in ch.qos.logback.core.joran.action.NestedComplexPropertyIA - Assuming default type [ch.qos.logback.classic.encoder.PatternLayoutEncoder] for [encoder] property
23:41:59,283 |-INFO in ch.qos.logback.core.joran.action.AppenderAction - About to instantiate appender of type [ch.qos.logback.core.rolling.RollingFileAppender]
23:41:59,288 |-INFO in ch.qos.logback.core.joran.action.AppenderAction - Naming appender as [FILE]
23:41:59,316 |-INFO in c.q.l.core.rolling.TimeBasedRollingPolicy@357863579 - No compression will be used
23:41:59,317 |-INFO in c.q.l.core.rolling.TimeBasedRollingPolicy@357863579 - Will use the pattern /tmp/application_%d{yyyy-MM-dd}.%i.log for the active file
23:41:59,320 |-INFO in ch.qos.logback.core.rolling.SizeAndTimeBasedFNATP@6bf256fa - The date pattern is 'yyyy-MM-dd' from file name pattern '/tmp/application_%d{yyyy-MM-dd}.%i.log'.
23:41:59,320 |-INFO in ch.qos.logback.core.rolling.SizeAndTimeBasedFNATP@6bf256fa - Roll-over at midnight.
23:41:59,324 |-INFO in ch.qos.logback.core.rolling.SizeAndTimeBasedFNATP@6bf256fa - Setting initial period to Sat Jun 08 23:41:16 MSK 2019
23:41:59,324 |-WARN in ch.qos.logback.core.rolling.SizeAndTimeBasedFNATP@6bf256fa - SizeAndTimeBasedFNATP is deprecated. Use SizeAndTimeBasedRollingPolicy instead
23:41:59,324 |-WARN in ch.qos.logback.core.rolling.SizeAndTimeBasedFNATP@6bf256fa - For more information see http://logback.qos.ch/manual/appenders.html#SizeAndTimeBasedRollingPolicy
23:41:59,328 |-INFO in ch.qos.logback.core.joran.action.NestedComplexPropertyIA - Assuming default type [ch.qos.logback.classic.encoder.PatternLayoutEncoder] for [encoder] property
23:41:59,331 |-INFO in ch.qos.logback.core.rolling.RollingFileAppender[FILE] - Active log file name: /tmp/application.log
23:41:59,331 |-INFO in ch.qos.logback.core.rolling.RollingFileAppender[FILE] - File property is set to [/tmp/application.log]
23:41:59,332 |-INFO in ch.qos.logback.classic.joran.action.RootLoggerAction - Setting level of ROOT logger to WARN
23:41:59,332 |-INFO in ch.qos.logback.core.joran.action.AppenderRefAction - Attaching appender named [STDOUT] to Logger[ROOT]
23:41:59,333 |-INFO in ch.qos.logback.core.joran.action.AppenderRefAction - Attaching appender named [FILE] to Logger[ROOT]
23:41:59,333 |-INFO in ch.qos.logback.classic.joran.action.ConfigurationAction - End of configuration.
23:41:59,333 |-INFO in ch.qos.logback.classic.joran.JoranConfigurator@6cd8737 - Registering current configuration as safe fallback point

2019-06-08T23:42:00.332+0300: 1.392: [GC (Metadata GC Threshold) [PSYoungGen: 110722K->15868K(149504K)] 110722K->15948K(491008K), 0.0269695 secs] [Times: user=0.08 sys=0.07, real=0.03 secs] 
2019-06-08T23:42:00.359+0300: 1.419: [Full GC (Metadata GC Threshold) [PSYoungGen: 15868K->0K(149504K)] [ParOldGen: 80K->15078K(341504K)] 15948K->15078K(491008K), [Metaspace: 20800K->20800K(1067008K)], 0.0266562 secs] [Times: user=0.14 sys=0.01, real=0.02 secs] 
23:42:11.209 [Curator-PathChildrenCache-1] WARN  o.a.c.u.ZKPaths  - The version of ZooKeeper being used doesn't support Container nodes. CreateMode.PERSISTENT will be used instead.
2019-06-08T23:42:12.201+0300: 13.262: [GC (Metadata GC Threshold) [PSYoungGen: 128512K->15940K(149504K)] 143590K->50557K(491008K), 0.0296170 secs] [Times: user=0.25 sys=0.02, real=0.03 secs] 
2019-06-08T23:42:12.230+0300: 13.291: [Full GC (Metadata GC Threshold) [PSYoungGen: 15940K->0K(149504K)] [ParOldGen: 34617K->39010K(341504K)] 50557K->39010K(491008K), [Metaspace: 34575K->34575K(1079296K)], 0.0363595 secs] [Times: user=0.20 sys=0.01, real=0.03 secs] 
2019-06-08T23:42:15.398+0300: 16.458: [GC (Allocation Failure) [PSYoungGen: 128512K->544K(149504K)] 167522K->39562K(491008K), 0.0048638 secs] [Times: user=0.02 sys=0.00, real=0.00 secs] 
2019-06-08T23:42:19.095+0300: 20.156: [GC (Allocation Failure) [PSYoungGen: 129056K->544K(149504K)] 168074K->39570K(491008K), 0.0045236 secs] [Times: user=0.03 sys=0.00, real=0.01 secs] 
2019-06-08T23:42:22.787+0300: 23.848: [GC (Allocation Failure) [PSYoungGen: 129056K->576K(129536K)] 168082K->39610K(471040K), 0.0047351 secs] [Times: user=0.02 sys=0.00, real=0.01 secs] 
2019-06-08T23:42:26.471+0300: 27.532: [GC (Allocation Failure) [PSYoungGen: 129088K->576K(150016K)] 168122K->39618K(491520K), 0.0037568 secs] [Times: user=0.01 sys=0.01, real=0.00 secs] 
2019-06-08T23:42:30.209+0300: 31.358: [GC (Allocation Failure) [PSYoungGen: 129088K->576K(148992K)] 168130K->39626K(490496K), 0.0913637 secs] [Times: user=0.01 sys=0.00, real=0.10 secs] 
2019-06-08T23:42:33.894+0300: 34.955: [GC (Allocation Failure) [PSYoungGen: 129088K->640K(151552K)] 168138K->39690K(493056K), 0.0044916 secs] [Times: user=0.03 sys=0.00, real=0.01 secs] 
2019-06-08T23:42:37.742+0300: 38.803: [GC (Allocation Failure) [PSYoungGen: 132224K->608K(150528K)] 171274K->39658K(492032K), 0.0035242 secs] [Times: user=0.01 sys=0.01, real=0.00 secs] 
2019-06-08T23:42:41.574+0300: 42.635: [GC (Allocation Failure) [PSYoungGen: 132192K->608K(153088K)] 171242K->39658K(494592K), 0.0036272 secs] [Times: user=0.02 sys=0.00, real=0.01 secs] 
2019-06-08T23:42:45.527+0300: 46.587: [GC (Allocation Failure) [PSYoungGen: 135776K->576K(152576K)] 174826K->39634K(494080K), 0.0033521 secs] [Times: user=0.02 sys=0.00, real=0.01 secs] 
2019-06-08T23:42:49.431+0300: 50.492: [GC (Allocation Failure) [PSYoungGen: 135744K->608K(154624K)] 174802K->39666K(496128K), 0.0047907 secs] [Times: user=0.04 sys=0.00, real=0.00 secs] 
2019-06-08T23:42:53.426+0300: 54.487: [GC (Allocation Failure) [PSYoungGen: 138848K->544K(154112K)] 177906K->39610K(495616K), 0.0029329 secs] [Times: user=0.01 sys=0.00, real=0.00 secs] 
2019-06-08T23:42:57.467+0300: 58.527: [GC (Allocation Failure) [PSYoungGen: 138784K->640K(156672K)] 177850K->39706K(498176K), 0.0040359 secs] [Times: user=0.01 sys=0.01, real=0.01 secs] 
2019-06-08T23:43:01.803+0300: 62.864: [GC (Allocation Failure) [PSYoungGen: 142464K->951K(155648K)] 181530K->40025K(497152K), 0.0034719 secs] [Times: user=0.02 sys=0.00, real=0.00 secs] 
2019-06-08T23:43:07.036+0300: 68.158: [GC (Allocation Failure) [PSYoungGen: 142775K->672K(158208K)] 181849K->39754K(499712K), 0.0645249 secs] [Times: user=0.01 sys=0.00, real=0.07 secs] 
2019-06-08T23:43:12.392+0300: 73.453: [GC (Allocation Failure) [PSYoungGen: 145568K->704K(157184K)] 184650K->39794K(498688K), 0.0821439 secs] [Times: user=0.08 sys=0.01, real=0.08 secs] 
2019-06-08T23:43:17.685+0300: 78.746: [GC (Allocation Failure) [PSYoungGen: 145600K->512K(159232K)] 184690K->39858K(500736K), 0.0670683 secs] [Times: user=0.10 sys=0.01, real=0.07 secs] 
23:43:31.629 [Curator-PathChildrenCache-0] ERROR o.a.c.f.r.c.PathChildrenCache  - 
java.lang.IllegalStateException: instance must be started before calling this method
	at org.apache.curator.shaded.com.google.common.base.Preconditions.checkState(Preconditions.java:444)
	at org.apache.curator.framework.imps.CuratorFrameworkImpl.getChildren(CuratorFrameworkImpl.java:456)
	at org.apache.curator.framework.recipes.cache.PathChildrenCache.refresh(PathChildrenCache.java:521)
	at org.apache.curator.framework.recipes.cache.RefreshOperation.invoke(RefreshOperation.java:35)
	at org.apache.curator.framework.recipes.cache.PathChildrenCache$9.run(PathChildrenCache.java:786)
	at java.util.concurrent.Executors$RunnableAdapter.call(Executors.java:511)
	at java.util.concurrent.FutureTask.run(FutureTask.java:266)
	at java.util.concurrent.Executors$RunnableAdapter.call(Executors.java:511)
	at java.util.concurrent.FutureTask.run(FutureTask.java:266)
	at java.util.concurrent.ThreadPoolExecutor.runWorker(ThreadPoolExecutor.java:1149)
	at java.util.concurrent.ThreadPoolExecutor$Worker.run(ThreadPoolExecutor.java:624)
	at java.lang.Thread.run(Thread.java:748)
Heap
 PSYoungGen      total 159232K, used 88534K [0x00000000f5980000, 0x0000000100000000, 0x0000000100000000)
  eden space 147456K, 59% used [0x00000000f5980000,0x00000000faf75898,0x00000000fe980000)
  from space 11776K, 4% used [0x00000000ff480000,0x00000000ff500050,0x0000000100000000)
  to   space 11264K, 0% used [0x00000000fe980000,0x00000000fe980000,0x00000000ff480000)
 ParOldGen       total 341504K, used 39346K [0x00000000e0c00000, 0x00000000f5980000, 0x00000000f5980000)
  object space 341504K, 11% used [0x00000000e0c00000,0x00000000e326c948,0x00000000f5980000)
 Metaspace       used 36197K, capacity 37030K, committed 37208K, reserved 1081344K
  class space    used 4978K, capacity 5161K, committed 5248K, reserved 1048576K
