16:43:52,182 |-INFO in ch.qos.logback.classic.LoggerContext[default] - Could NOT find resource [logback-test.xml]
16:43:52,182 |-INFO in ch.qos.logback.classic.LoggerContext[default] - Could NOT find resource [logback.groovy]
16:43:52,182 |-INFO in ch.qos.logback.classic.LoggerContext[default] - Found resource [logback.xml] at [jar:file:/root/flamestream/lib/flamestream-runtime-1.0-SNAPSHOT.jar!/logback.xml]
16:43:52,187 |-WARN in ch.qos.logback.classic.LoggerContext[default] - Resource [logback.xml] occurs multiple times on the classpath.
16:43:52,188 |-WARN in ch.qos.logback.classic.LoggerContext[default] - Resource [logback.xml] occurs at [jar:file:/root/flamestream/lib/flamestream-runtime-1.0-SNAPSHOT.jar!/logback.xml]
16:43:52,188 |-WARN in ch.qos.logback.classic.LoggerContext[default] - Resource [logback.xml] occurs at [jar:file:/root/flamestream/flamestream-runtime-1.0-SNAPSHOT.jar!/logback.xml]
16:43:52,207 |-INFO in ch.qos.logback.core.joran.spi.ConfigurationWatchList@3fb6a447 - URL [jar:file:/root/flamestream/lib/flamestream-runtime-1.0-SNAPSHOT.jar!/logback.xml] is not of type file
16:43:52,273 |-INFO in ch.qos.logback.classic.joran.action.ConfigurationAction - debug attribute not set
16:43:52,274 |-INFO in ch.qos.logback.core.joran.action.AppenderAction - About to instantiate appender of type [ch.qos.logback.core.ConsoleAppender]
16:43:52,290 |-INFO in ch.qos.logback.core.joran.action.AppenderAction - Naming appender as [STDOUT]
16:43:52,306 |-INFO in ch.qos.logback.core.joran.action.NestedComplexPropertyIA - Assuming default type [ch.qos.logback.classic.encoder.PatternLayoutEncoder] for [encoder] property
16:43:52,389 |-INFO in ch.qos.logback.core.joran.action.AppenderAction - About to instantiate appender of type [ch.qos.logback.core.rolling.RollingFileAppender]
16:43:52,394 |-INFO in ch.qos.logback.core.joran.action.AppenderAction - Naming appender as [FILE]
16:43:52,423 |-INFO in c.q.l.core.rolling.TimeBasedRollingPolicy@127618319 - No compression will be used
16:43:52,424 |-INFO in c.q.l.core.rolling.TimeBasedRollingPolicy@127618319 - Will use the pattern /tmp/application_%d{yyyy-MM-dd}.%i.log for the active file
16:43:52,427 |-INFO in ch.qos.logback.core.rolling.SizeAndTimeBasedFNATP@6b2fad11 - The date pattern is 'yyyy-MM-dd' from file name pattern '/tmp/application_%d{yyyy-MM-dd}.%i.log'.
16:43:52,427 |-INFO in ch.qos.logback.core.rolling.SizeAndTimeBasedFNATP@6b2fad11 - Roll-over at midnight.
16:43:52,433 |-INFO in ch.qos.logback.core.rolling.SizeAndTimeBasedFNATP@6b2fad11 - Setting initial period to Mon Jun 10 16:42:25 UTC 2019
16:43:52,433 |-WARN in ch.qos.logback.core.rolling.SizeAndTimeBasedFNATP@6b2fad11 - SizeAndTimeBasedFNATP is deprecated. Use SizeAndTimeBasedRollingPolicy instead
16:43:52,433 |-WARN in ch.qos.logback.core.rolling.SizeAndTimeBasedFNATP@6b2fad11 - For more information see http://logback.qos.ch/manual/appenders.html#SizeAndTimeBasedRollingPolicy
16:43:52,436 |-INFO in ch.qos.logback.core.joran.action.NestedComplexPropertyIA - Assuming default type [ch.qos.logback.classic.encoder.PatternLayoutEncoder] for [encoder] property
16:43:52,441 |-INFO in ch.qos.logback.core.rolling.RollingFileAppender[FILE] - Active log file name: /tmp/application.log
16:43:52,441 |-INFO in ch.qos.logback.core.rolling.RollingFileAppender[FILE] - File property is set to [/tmp/application.log]
16:43:52,442 |-INFO in ch.qos.logback.classic.joran.action.RootLoggerAction - Setting level of ROOT logger to WARN
16:43:52,442 |-INFO in ch.qos.logback.core.joran.action.AppenderRefAction - Attaching appender named [STDOUT] to Logger[ROOT]
16:43:52,444 |-INFO in ch.qos.logback.core.joran.action.AppenderRefAction - Attaching appender named [FILE] to Logger[ROOT]
16:43:52,444 |-INFO in ch.qos.logback.classic.joran.action.ConfigurationAction - End of configuration.
16:43:52,445 |-INFO in ch.qos.logback.classic.joran.JoranConfigurator@79698539 - Registering current configuration as safe fallback point

Ama winner
Ama winner
2019-06-10T16:43:54.054+0000: 2.052: [Full GC (Metadata GC Threshold) 2019-06-10T16:43:54.054+0000: 2.052: [Tenured: 0K->15210K(341376K), 0.0403553 secs] 117718K->15210K(494976K), [Metaspace: 20736K->20736K(1067008K)], 0.0404254 secs] [Times: user=0.04 sys=0.01, real=0.04 secs] 
16:44:11.493 [Curator-PathChildrenCache-1] WARN  o.a.c.u.ZKPaths  - The version of ZooKeeper being used doesn't support Container nodes. CreateMode.PERSISTENT will be used instead.
2019-06-10T16:44:13.689+0000: 21.686: [GC (Allocation Failure) 2019-06-10T16:44:13.689+0000: 21.686: [DefNew: 136576K->17024K(153600K), 0.0258448 secs] 151786K->52899K(494976K), 0.0259193 secs] [Times: user=0.02 sys=0.00, real=0.02 secs] 
2019-06-10T16:44:15.110+0000: 23.108: [Full GC (Metadata GC Threshold) 2019-06-10T16:44:15.110+0000: 23.108: [Tenured: 35875K->44698K(341376K), 0.0568743 secs] 83957K->44698K(494976K), [Metaspace: 34546K->34546K(1079296K)], 0.0569514 secs] [Times: user=0.05 sys=0.00, real=0.06 secs] 
2019-06-10T16:44:21.875+0000: 29.872: [GC (Allocation Failure) 2019-06-10T16:44:21.875+0000: 29.872: [DefNew: 136576K->76K(153600K), 0.0019186 secs] 181274K->44775K(494976K), 0.0019775 secs] [Times: user=0.00 sys=0.00, real=0.01 secs] 
2019-06-10T16:44:28.576+0000: 36.573: [GC (Allocation Failure) 2019-06-10T16:44:28.576+0000: 36.574: [DefNew: 136652K->71K(153600K), 0.0017784 secs] 181351K->44769K(494976K), 0.0018416 secs] [Times: user=0.00 sys=0.00, real=0.00 secs] 
2019-06-10T16:44:35.348+0000: 43.345: [GC (Allocation Failure) 2019-06-10T16:44:35.348+0000: 43.345: [DefNew: 136647K->68K(153600K), 0.0017011 secs] 181345K->44766K(494976K), 0.0017628 secs] [Times: user=0.00 sys=0.00, real=0.00 secs] 
2019-06-10T16:44:42.077+0000: 50.074: [GC (Allocation Failure) 2019-06-10T16:44:42.077+0000: 50.074: [DefNew: 136644K->70K(153600K), 0.0017428 secs] 181342K->44768K(494976K), 0.0018029 secs] [Times: user=0.00 sys=0.00, real=0.00 secs] 
2019-06-10T16:44:48.828+0000: 56.825: [GC (Allocation Failure) 2019-06-10T16:44:48.828+0000: 56.825: [DefNew: 136646K->71K(153600K), 0.0018072 secs] 181344K->44769K(494976K), 0.0018707 secs] [Times: user=0.00 sys=0.00, real=0.00 secs] 
16:44:59.761 [Curator-PathChildrenCache-0] ERROR o.a.c.f.r.c.PathChildrenCache  - 
java.lang.IllegalStateException: instance must be started before calling this method
	at org.apache.curator.shaded.com.google.common.base.Preconditions.checkState(Preconditions.java:444)
	at org.apache.curator.framework.imps.CuratorFrameworkImpl.getChildren(CuratorFrameworkImpl.java:456)
	at org.apache.curator.framework.recipes.cache.PathChildrenCache.refresh(PathChildrenCache.java:521)
	at org.apache.curator.framework.recipes.cache.RefreshOperation.invoke(RefreshOperation.java:35)
	at org.apache.curator.framework.recipes.cache.PathChildrenCache$9.run(PathChildrenCache.java:786)
	at java.util.concurrent.Executors$RunnableAdapter.call(Executors.java:511)
	at java.util.concurrent.FutureTask.run(FutureTask.java:266)
	at java.util.concurrent.Executors$RunnableAdapter.call(Executors.java:511)
	at java.util.concurrent.FutureTask.run(FutureTask.java:266)
	at java.util.concurrent.ThreadPoolExecutor.runWorker(ThreadPoolExecutor.java:1149)
	at java.util.concurrent.ThreadPoolExecutor$Worker.run(ThreadPoolExecutor.java:624)
	at java.lang.Thread.run(Thread.java:748)
Heap
 def new generation   total 153600K, used 100338K [0x00000000e0c00000, 0x00000000eb2a0000, 0x00000000eb2a0000)
  eden space 136576K,  73% used [0x00000000e0c00000, 0x00000000e6deae48, 0x00000000e9160000)
  from space 17024K,   0% used [0x00000000e9160000, 0x00000000e9171d40, 0x00000000ea200000)
  to   space 17024K,   0% used [0x00000000ea200000, 0x00000000ea200000, 0x00000000eb2a0000)
 tenured generation   total 341376K, used 44698K [0x00000000eb2a0000, 0x0000000100000000, 0x0000000100000000)
   the space 341376K,  13% used [0x00000000eb2a0000, 0x00000000ede46910, 0x00000000ede46a00, 0x0000000100000000)
 Metaspace       used 36175K, capacity 37128K, committed 37376K, reserved 1081344K
  class space    used 4861K, capacity 5086K, committed 5120K, reserved 1048576K
