06:02:22,903 |-INFO in ch.qos.logback.classic.LoggerContext[default] - Could NOT find resource [logback-test.xml]
06:02:22,903 |-INFO in ch.qos.logback.classic.LoggerContext[default] - Could NOT find resource [logback.groovy]
06:02:22,903 |-INFO in ch.qos.logback.classic.LoggerContext[default] - Found resource [logback.xml] at [jar:file:/root/flamestream/lib/flamestream-runtime-1.0-SNAPSHOT.jar!/logback.xml]
06:02:22,981 |-WARN in ch.qos.logback.classic.LoggerContext[default] - Resource [logback.xml] occurs multiple times on the classpath.
06:02:22,981 |-WARN in ch.qos.logback.classic.LoggerContext[default] - Resource [logback.xml] occurs at [jar:file:/root/flamestream/lib/flamestream-runtime-1.0-SNAPSHOT.jar!/logback.xml]
06:02:22,981 |-WARN in ch.qos.logback.classic.LoggerContext[default] - Resource [logback.xml] occurs at [jar:file:/root/flamestream/flamestream-runtime-1.0-SNAPSHOT.jar!/logback.xml]
06:02:23,190 |-INFO in ch.qos.logback.core.joran.spi.ConfigurationWatchList@3fb6a447 - URL [jar:file:/root/flamestream/lib/flamestream-runtime-1.0-SNAPSHOT.jar!/logback.xml] is not of type file
06:02:24,025 |-INFO in ch.qos.logback.classic.joran.action.ConfigurationAction - debug attribute not set
06:02:24,026 |-INFO in ch.qos.logback.core.joran.action.AppenderAction - About to instantiate appender of type [ch.qos.logback.core.ConsoleAppender]
06:02:24,151 |-INFO in ch.qos.logback.core.joran.action.AppenderAction - Naming appender as [STDOUT]
06:02:24,310 |-INFO in ch.qos.logback.core.joran.action.NestedComplexPropertyIA - Assuming default type [ch.qos.logback.classic.encoder.PatternLayoutEncoder] for [encoder] property
06:02:25,151 |-INFO in ch.qos.logback.core.joran.action.AppenderAction - About to instantiate appender of type [ch.qos.logback.core.rolling.RollingFileAppender]
06:02:25,232 |-INFO in ch.qos.logback.core.joran.action.AppenderAction - Naming appender as [FILE]
06:02:25,660 |-INFO in c.q.l.core.rolling.TimeBasedRollingPolicy@127618319 - No compression will be used
06:02:25,662 |-INFO in c.q.l.core.rolling.TimeBasedRollingPolicy@127618319 - Will use the pattern /tmp/application_%d{yyyy-MM-dd}.%i.log for the active file
06:02:25,722 |-INFO in ch.qos.logback.core.rolling.SizeAndTimeBasedFNATP@6b2fad11 - The date pattern is 'yyyy-MM-dd' from file name pattern '/tmp/application_%d{yyyy-MM-dd}.%i.log'.
06:02:25,722 |-INFO in ch.qos.logback.core.rolling.SizeAndTimeBasedFNATP@6b2fad11 - Roll-over at midnight.
06:02:25,764 |-INFO in ch.qos.logback.core.rolling.SizeAndTimeBasedFNATP@6b2fad11 - Setting initial period to Tue Jun 11 06:00:45 UTC 2019
06:02:25,764 |-WARN in ch.qos.logback.core.rolling.SizeAndTimeBasedFNATP@6b2fad11 - SizeAndTimeBasedFNATP is deprecated. Use SizeAndTimeBasedRollingPolicy instead
06:02:25,764 |-WARN in ch.qos.logback.core.rolling.SizeAndTimeBasedFNATP@6b2fad11 - For more information see http://logback.qos.ch/manual/appenders.html#SizeAndTimeBasedRollingPolicy
06:02:25,804 |-INFO in ch.qos.logback.core.joran.action.NestedComplexPropertyIA - Assuming default type [ch.qos.logback.classic.encoder.PatternLayoutEncoder] for [encoder] property
06:02:25,843 |-INFO in ch.qos.logback.core.rolling.RollingFileAppender[FILE] - Active log file name: /tmp/application.log
06:02:25,843 |-INFO in ch.qos.logback.core.rolling.RollingFileAppender[FILE] - File property is set to [/tmp/application.log]
06:02:25,844 |-INFO in ch.qos.logback.classic.joran.action.RootLoggerAction - Setting level of ROOT logger to WARN
06:02:25,844 |-INFO in ch.qos.logback.core.joran.action.AppenderRefAction - Attaching appender named [STDOUT] to Logger[ROOT]
06:02:25,845 |-INFO in ch.qos.logback.core.joran.action.AppenderRefAction - Attaching appender named [FILE] to Logger[ROOT]
06:02:25,845 |-INFO in ch.qos.logback.classic.joran.action.ConfigurationAction - End of configuration.
06:02:25,845 |-INFO in ch.qos.logback.classic.joran.JoranConfigurator@79698539 - Registering current configuration as safe fallback point

Ama winner
Ama winner
2019-06-11T06:02:45.661+0000: 24.741: [Full GC (Metadata GC Threshold) 2019-06-11T06:02:45.661+0000: 24.742: [Tenured: 0K->15179K(341376K), 0.4092815 secs] 112288K->15179K(494976K), [Metaspace: 20711K->20711K(1067008K)], 0.4093801 secs] [Times: user=0.20 sys=0.01, real=0.41 secs] 
2019-06-11T06:03:46.768+0000: 85.849: [GC (Allocation Failure) 2019-06-11T06:03:46.768+0000: 85.849: [DefNew: 136576K->16240K(153600K), 0.1678100 secs] 151755K->31419K(494976K), 0.1678849 secs] [Times: user=0.09 sys=0.00, real=0.17 secs] 
2019-06-11T06:04:11.148+0000: 110.229: [GC (Allocation Failure) 2019-06-11T06:04:11.148+0000: 110.229: [DefNew: 152816K->4354K(153600K), 0.1245504 secs] 167995K->26283K(494976K), 0.1246223 secs] [Times: user=0.07 sys=0.00, real=0.13 secs] 
2019-06-11T06:04:18.403+0000: 117.483: [Full GC (Metadata GC Threshold) 2019-06-11T06:04:18.403+0000: 117.484: [Tenured: 21929K->28825K(341376K), 0.8153459 secs] 161866K->28825K(494976K), [Metaspace: 34709K->34709K(1079296K)], 0.8154336 secs] [Times: user=0.41 sys=0.00, real=0.81 secs] 
2019-06-11T06:04:32.078+0000: 131.159: [GC (Allocation Failure) 2019-06-11T06:04:32.078+0000: 131.159: [DefNew: 136576K->1593K(153600K), 0.1653256 secs] 165401K->49949K(494976K), 0.1653961 secs] [Times: user=0.08 sys=0.01, real=0.17 secs] 
2019-06-11T06:05:26.436+0000: 185.516: [GC (Allocation Failure) 2019-06-11T06:05:26.436+0000: 185.516: [DefNew: 138169K->1460K(153600K), 0.0071171 secs] 186525K->49817K(494976K), 0.0071701 secs] [Times: user=0.00 sys=0.00, real=0.01 secs] 
2019-06-11T06:06:19.380+0000: 238.461: [GC (Allocation Failure) 2019-06-11T06:06:19.380+0000: 238.461: [DefNew: 138036K->1565K(153600K), 0.0406719 secs] 186393K->49922K(494976K), 0.0407278 secs] [Times: user=0.02 sys=0.00, real=0.04 secs] 
2019-06-11T06:07:14.556+0000: 293.637: [GC (Allocation Failure) 2019-06-11T06:07:14.556+0000: 293.637: [DefNew: 138141K->1564K(153600K), 0.0206679 secs] 186498K->49920K(494976K), 0.0207350 secs] [Times: user=0.02 sys=0.00, real=0.02 secs] 
2019-06-11T06:08:06.930+0000: 346.010: [GC (Allocation Failure) 2019-06-11T06:08:06.930+0000: 346.010: [DefNew: 138140K->1568K(153600K), 0.0204278 secs] 186496K->49925K(494976K), 0.0204980 secs] [Times: user=0.02 sys=0.00, real=0.02 secs] 
2019-06-11T06:09:10.790+0000: 409.871: [GC (Allocation Failure) 2019-06-11T06:09:10.790+0000: 409.871: [DefNew: 138144K->1577K(153600K), 0.0203689 secs] 186501K->49933K(494976K), 0.0204281 secs] [Times: user=0.02 sys=0.00, real=0.03 secs] 
2019-06-11T06:10:12.523+0000: 471.603: [GC (Allocation Failure) 2019-06-11T06:10:12.523+0000: 471.603: [DefNew: 138153K->1573K(153600K), 0.0041158 secs] 186509K->49930K(494976K), 0.0041873 secs] [Times: user=0.01 sys=0.00, real=0.00 secs] 
2019-06-11T06:10:58.911+0000: 517.992: [GC (Allocation Failure) 2019-06-11T06:10:58.911+0000: 517.992: [DefNew: 138149K->1575K(153600K), 0.0040048 secs] 186506K->49931K(494976K), 0.0040728 secs] [Times: user=0.00 sys=0.00, real=0.00 secs] 
2019-06-11T06:11:45.695+0000: 564.775: [GC (Allocation Failure) 2019-06-11T06:11:45.695+0000: 564.775: [DefNew: 138151K->1576K(153600K), 0.0202919 secs] 186507K->49933K(494976K), 0.0203456 secs] [Times: user=0.02 sys=0.00, real=0.02 secs] 
2019-06-11T06:12:47.352+0000: 626.432: [GC (Allocation Failure) 2019-06-11T06:12:47.352+0000: 626.432: [DefNew: 138152K->1578K(153600K), 0.0203837 secs] 186509K->49935K(494976K), 0.0204490 secs] [Times: user=0.02 sys=0.00, real=0.02 secs] 
2019-06-11T06:13:53.201+0000: 692.281: [GC (Allocation Failure) 2019-06-11T06:13:53.201+0000: 692.281: [DefNew: 138154K->1574K(153600K), 0.0243945 secs] 186511K->49931K(494976K), 0.0244780 secs] [Times: user=0.02 sys=0.00, real=0.03 secs] 
2019-06-11T06:14:59.610+0000: 758.690: [GC (Allocation Failure) 2019-06-11T06:14:59.610+0000: 758.690: [DefNew: 138150K->1578K(153600K), 0.0122402 secs] 186507K->49935K(494976K), 0.0122971 secs] [Times: user=0.01 sys=0.00, real=0.01 secs] 
2019-06-11T06:15:48.955+0000: 808.036: [GC (Allocation Failure) 2019-06-11T06:15:48.955+0000: 808.036: [DefNew: 138154K->1580K(153600K), 0.0041864 secs] 186511K->49937K(494976K), 0.0042523 secs] [Times: user=0.00 sys=0.00, real=0.00 secs] 
2019-06-11T06:16:43.104+0000: 862.185: [GC (Allocation Failure) 2019-06-11T06:16:43.104+0000: 862.185: [DefNew: 138156K->1581K(153600K), 0.0039729 secs] 186513K->49938K(494976K), 0.0040395 secs] [Times: user=0.01 sys=0.00, real=0.00 secs] 
2019-06-11T06:18:16.922+0000: 956.003: [GC (Allocation Failure) 2019-06-11T06:18:16.923+0000: 956.003: [DefNew: 138157K->1585K(153600K), 0.0422629 secs] 186514K->49941K(494976K), 0.0423249 secs] [Times: user=0.02 sys=0.00, real=0.05 secs] 
2019-06-11T06:19:59.426+0000: 1058.507: [GC (Allocation Failure) 2019-06-11T06:19:59.426+0000: 1058.507: [DefNew: 138161K->216K(153600K), 0.0411862 secs] 186517K->49967K(494976K), 0.0412502 secs] [Times: user=0.01 sys=0.02, real=0.04 secs] 
2019-06-11T06:20:53.541+0000: 1112.622: [GC (Allocation Failure) 2019-06-11T06:20:53.541+0000: 1112.622: [DefNew: 136792K->198K(153600K), 0.0017738 secs] 186543K->49967K(494976K), 0.0018352 secs] [Times: user=0.00 sys=0.00, real=0.01 secs] 
2019-06-11T06:22:08.925+0000: 1188.006: [GC (Allocation Failure) 2019-06-11T06:22:08.925+0000: 1188.006: [DefNew: 136774K->102K(153600K), 0.0139998 secs] 186543K->49969K(494976K), 0.0140573 secs] [Times: user=0.01 sys=0.00, real=0.01 secs] 
2019-06-11T06:23:34.754+0000: 1273.834: [GC (Allocation Failure) 2019-06-11T06:23:34.754+0000: 1273.834: [DefNew: 136678K->168K(153600K), 0.0018376 secs] 186545K->50037K(494976K), 0.0018918 secs] [Times: user=0.00 sys=0.00, real=0.00 secs] 
2019-06-11T06:25:00.946+0000: 1360.027: [GC (Allocation Failure) 2019-06-11T06:25:00.946+0000: 1360.027: [DefNew: 136744K->169K(153600K), 0.0100323 secs] 186613K->50040K(494976K), 0.0100899 secs] [Times: user=0.01 sys=0.00, real=0.01 secs] 
2019-06-11T06:25:53.271+0000: 1412.352: [GC (Allocation Failure) 2019-06-11T06:25:53.271+0000: 1412.352: [DefNew: 136745K->170K(153600K), 0.0017853 secs] 186616K->50043K(494976K), 0.0018487 secs] [Times: user=0.00 sys=0.00, real=0.00 secs] 
2019-06-11T06:26:59.913+0000: 1478.994: [GC (Allocation Failure) 2019-06-11T06:26:59.913+0000: 1478.994: [DefNew: 136746K->172K(153600K), 0.0017726 secs] 186619K->50045K(494976K), 0.0018372 secs] [Times: user=0.00 sys=0.00, real=0.00 secs] 
2019-06-11T06:28:09.511+0000: 1548.591: [GC (Allocation Failure) 2019-06-11T06:28:09.511+0000: 1548.591: [DefNew: 136748K->172K(153600K), 0.0017411 secs] 186621K->50047K(494976K), 0.0018188 secs] [Times: user=0.00 sys=0.00, real=0.01 secs] 
2019-06-11T06:29:18.888+0000: 1617.968: [GC (Allocation Failure) 2019-06-11T06:29:18.888+0000: 1617.968: [DefNew: 136748K->173K(153600K), 0.0017455 secs] 186623K->50049K(494976K), 0.0018022 secs] [Times: user=0.00 sys=0.00, real=0.00 secs] 
2019-06-11T06:30:21.561+0000: 1680.641: [GC (Allocation Failure) 2019-06-11T06:30:21.561+0000: 1680.641: [DefNew: 136749K->175K(153600K), 0.0017420 secs] 186625K->50051K(494976K), 0.0018060 secs] [Times: user=0.01 sys=0.00, real=0.00 secs] 
2019-06-11T06:31:09.890+0000: 1728.971: [GC (Allocation Failure) 2019-06-11T06:31:09.890+0000: 1728.971: [DefNew: 136751K->173K(153600K), 0.0017946 secs] 186627K->50052K(494976K), 0.0018579 secs] [Times: user=0.01 sys=0.00, real=0.01 secs] 
2019-06-11T06:32:04.904+0000: 1783.985: [GC (Allocation Failure) 2019-06-11T06:32:04.904+0000: 1783.985: [DefNew: 136749K->172K(153600K), 0.0017764 secs] 186628K->50054K(494976K), 0.0018318 secs] [Times: user=0.00 sys=0.00, real=0.00 secs] 
2019-06-11T06:33:11.224+0000: 1850.305: [GC (Allocation Failure) 2019-06-11T06:33:11.224+0000: 1850.305: [DefNew: 136748K->172K(153600K), 0.0017519 secs] 186630K->50055K(494976K), 0.0018056 secs] [Times: user=0.00 sys=0.00, real=0.00 secs] 
2019-06-11T06:34:23.053+0000: 1922.133: [GC (Allocation Failure) 2019-06-11T06:34:23.053+0000: 1922.133: [DefNew: 136748K->238K(153600K), 0.0017527 secs] 186631K->50122K(494976K), 0.0018092 secs] [Times: user=0.00 sys=0.00, real=0.00 secs] 
2019-06-11T06:35:24.240+0000: 1983.321: [GC (Allocation Failure) 2019-06-11T06:35:24.240+0000: 1983.321: [DefNew: 136814K->225K(153600K), 0.0017845 secs] 186698K->50110K(494976K), 0.0018481 secs] [Times: user=0.01 sys=0.00, real=0.00 secs] 
2019-06-11T06:36:14.955+0000: 2034.035: [GC (Allocation Failure) 2019-06-11T06:36:14.955+0000: 2034.035: [DefNew: 136801K->190K(153600K), 0.0017231 secs] 186686K->50110K(494976K), 0.0017875 secs] [Times: user=0.00 sys=0.00, real=0.00 secs] 
2019-06-11T06:37:18.304+0000: 2097.384: [GC (Allocation Failure) 2019-06-11T06:37:18.304+0000: 2097.384: [DefNew: 136766K->191K(153600K), 0.0181108 secs] 186686K->50113K(494976K), 0.0181691 secs] [Times: user=0.02 sys=0.00, real=0.01 secs] 
2019-06-11T06:38:31.579+0000: 2170.660: [GC (Allocation Failure) 2019-06-11T06:38:31.579+0000: 2170.660: [DefNew: 136767K->193K(153600K), 0.0099916 secs] 186689K->50115K(494976K), 0.0100495 secs] [Times: user=0.01 sys=0.00, real=0.01 secs] 
2019-06-11T06:39:44.948+0000: 2244.029: [GC (Allocation Failure) 2019-06-11T06:39:44.949+0000: 2244.029: [DefNew: 136769K->128K(153600K), 0.0016945 secs] 186691K->50117K(494976K), 0.0017501 secs] [Times: user=0.00 sys=0.00, real=0.00 secs] 
2019-06-11T06:40:39.763+0000: 2298.843: [GC (Allocation Failure) 2019-06-11T06:40:39.763+0000: 2298.843: [DefNew: 136704K->128K(153600K), 0.0018649 secs] 186693K->50119K(494976K), 0.0019376 secs] [Times: user=0.00 sys=0.00, real=0.01 secs] 
2019-06-11T06:41:32.006+0000: 2351.087: [GC (Allocation Failure) 2019-06-11T06:41:32.006+0000: 2351.087: [DefNew: 136704K->128K(153600K), 0.0017619 secs] 186695K->50121K(494976K), 0.0018262 secs] [Times: user=0.00 sys=0.00, real=0.00 secs] 
2019-06-11T06:42:34.351+0000: 2413.432: [GC (Allocation Failure) 2019-06-11T06:42:34.351+0000: 2413.432: [DefNew: 136704K->129K(153600K), 0.0017081 secs] 186697K->50123K(494976K), 0.0017701 secs] [Times: user=0.00 sys=0.00, real=0.00 secs] 
2019-06-11T06:43:37.813+0000: 2476.893: [GC (Allocation Failure) 2019-06-11T06:43:37.813+0000: 2476.893: [DefNew: 136705K->129K(153600K), 0.0017879 secs] 186699K->50123K(494976K), 0.0018439 secs] [Times: user=0.00 sys=0.01, real=0.00 secs] 
2019-06-11T06:44:40.832+0000: 2539.912: [GC (Allocation Failure) 2019-06-11T06:44:40.832+0000: 2539.912: [DefNew: 136705K->130K(153600K), 0.0017579 secs] 186699K->50125K(494976K), 0.0018404 secs] [Times: user=0.00 sys=0.00, real=0.00 secs] 
2019-06-11T06:45:35.033+0000: 2594.114: [GC (Allocation Failure) 2019-06-11T06:45:35.033+0000: 2594.114: [DefNew: 136706K->130K(153600K), 0.0018914 secs] 186701K->50127K(494976K), 0.0019847 secs] [Times: user=0.00 sys=0.00, real=0.00 secs] 
2019-06-11T06:46:22.642+0000: 2641.723: [GC (Allocation Failure) 2019-06-11T06:46:22.642+0000: 2641.723: [DefNew: 136706K->131K(153600K), 0.0017010 secs] 186703K->50129K(494976K), 0.0017564 secs] [Times: user=0.00 sys=0.00, real=0.01 secs] 
2019-06-11T06:47:18.045+0000: 2697.125: [GC (Allocation Failure) 2019-06-11T06:47:18.045+0000: 2697.126: [DefNew: 136707K->132K(153600K), 0.0099702 secs] 186705K->50129K(494976K), 0.0100419 secs] [Times: user=0.02 sys=0.00, real=0.01 secs] 
2019-06-11T06:48:20.166+0000: 2759.246: [GC (Allocation Failure) 2019-06-11T06:48:20.166+0000: 2759.246: [DefNew: 136708K->132K(153600K), 0.0017567 secs] 186705K->50131K(494976K), 0.0018144 secs] [Times: user=0.00 sys=0.00, real=0.00 secs] 
2019-06-11T06:49:22.183+0000: 2821.264: [GC (Allocation Failure) 2019-06-11T06:49:22.183+0000: 2821.264: [DefNew: 136708K->101K(153600K), 0.0180806 secs] 186707K->50166K(494976K), 0.0181454 secs] [Times: user=0.01 sys=0.00, real=0.01 secs] 
2019-06-11T06:50:20.001+0000: 2879.082: [GC (Allocation Failure) 2019-06-11T06:50:20.001+0000: 2879.082: [DefNew: 136677K->101K(153600K), 0.0016562 secs] 186742K->50167K(494976K), 0.0017100 secs] [Times: user=0.00 sys=0.00, real=0.01 secs] 
2019-06-11T06:51:06.472+0000: 2925.553: [GC (Allocation Failure) 2019-06-11T06:51:06.472+0000: 2925.553: [DefNew: 136677K->102K(153600K), 0.0017534 secs] 186743K->50169K(494976K), 0.0018228 secs] [Times: user=0.00 sys=0.00, real=0.00 secs] 
2019-06-11T06:51:56.034+0000: 2975.115: [GC (Allocation Failure) 2019-06-11T06:51:56.034+0000: 2975.115: [DefNew: 136678K->102K(153600K), 0.0017364 secs] 186745K->50170K(494976K), 0.0018047 secs] [Times: user=0.01 sys=0.00, real=0.00 secs] 
2019-06-11T06:52:58.053+0000: 3037.134: [GC (Allocation Failure) 2019-06-11T06:52:58.053+0000: 3037.134: [DefNew: 136678K->90K(153600K), 0.0017216 secs] 186746K->50160K(494976K), 0.0018044 secs] [Times: user=0.00 sys=0.00, real=0.00 secs] 
2019-06-11T06:54:03.201+0000: 3102.282: [GC (Allocation Failure) 2019-06-11T06:54:03.201+0000: 3102.282: [DefNew: 136666K->90K(153600K), 0.0017339 secs] 186736K->50162K(494976K), 0.0017955 secs] [Times: user=0.00 sys=0.00, real=0.01 secs] 
2019-06-11T06:55:08.293+0000: 3167.374: [GC (Allocation Failure) 2019-06-11T06:55:08.294+0000: 3167.374: [DefNew: 136666K->90K(153600K), 0.0017030 secs] 186738K->50163K(494976K), 0.0017591 secs] [Times: user=0.00 sys=0.00, real=0.00 secs] 
2019-06-11T06:55:54.534+0000: 3213.615: [GC (Allocation Failure) 2019-06-11T06:55:54.534+0000: 3213.615: [DefNew: 136666K->91K(153600K), 0.0017519 secs] 186739K->50165K(494976K), 0.0018187 secs] [Times: user=0.00 sys=0.00, real=0.00 secs] 
2019-06-11T06:56:43.324+0000: 3262.405: [GC (Allocation Failure) 2019-06-11T06:56:43.324+0000: 3262.405: [DefNew: 136667K->91K(153600K), 0.0017327 secs] 186741K->50166K(494976K), 0.0017991 secs] [Times: user=0.00 sys=0.00, real=0.00 secs] 
2019-06-11T06:57:48.205+0000: 3327.285: [GC (Allocation Failure) 2019-06-11T06:57:48.205+0000: 3327.285: [DefNew: 136667K->93K(153600K), 0.0016878 secs] 186742K->50168K(494976K), 0.0017435 secs] [Times: user=0.00 sys=0.00, real=0.00 secs] 
2019-06-11T06:58:57.080+0000: 3396.161: [GC (Allocation Failure) 2019-06-11T06:58:57.080+0000: 3396.161: [DefNew: 136669K->94K(153600K), 0.0017399 secs] 186744K->50170K(494976K), 0.0017959 secs] [Times: user=0.00 sys=0.00, real=0.00 secs] 
2019-06-11T07:00:06.340+0000: 3465.421: [GC (Allocation Failure) 2019-06-11T07:00:06.341+0000: 3465.421: [DefNew: 136670K->94K(153600K), 0.0017052 secs] 186746K->50171K(494976K), 0.0017623 secs] [Times: user=0.00 sys=0.00, real=0.00 secs] 
2019-06-11T07:00:54.360+0000: 3513.440: [GC (Allocation Failure) 2019-06-11T07:00:54.360+0000: 3513.440: [DefNew: 136670K->95K(153600K), 0.0016601 secs] 186747K->50173K(494976K), 0.0017162 secs] [Times: user=0.00 sys=0.00, real=0.00 secs] 
2019-06-11T07:01:49.387+0000: 3568.468: [GC (Allocation Failure) 2019-06-11T07:01:49.387+0000: 3568.468: [DefNew: 136671K->97K(153600K), 0.0016193 secs] 186749K->50174K(494976K), 0.0016735 secs] [Times: user=0.00 sys=0.00, real=0.00 secs] 
2019-06-11T07:02:58.353+0000: 3637.434: [GC (Allocation Failure) 2019-06-11T07:02:58.353+0000: 3637.434: [DefNew: 136673K->154K(153600K), 0.0017064 secs] 186750K->50232K(494976K), 0.0017616 secs] [Times: user=0.00 sys=0.00, real=0.00 secs] 
07:03:50.985 [Curator-PathChildrenCache-0] ERROR o.a.c.f.r.c.PathChildrenCache  - 
java.lang.IllegalStateException: instance must be started before calling this method
	at org.apache.curator.shaded.com.google.common.base.Preconditions.checkState(Preconditions.java:444)
	at org.apache.curator.framework.imps.CuratorFrameworkImpl.getChildren(CuratorFrameworkImpl.java:456)
	at org.apache.curator.framework.recipes.cache.PathChildrenCache.refresh(PathChildrenCache.java:521)
	at org.apache.curator.framework.recipes.cache.RefreshOperation.invoke(RefreshOperation.java:35)
	at org.apache.curator.framework.recipes.cache.PathChildrenCache$9.run(PathChildrenCache.java:786)
	at java.util.concurrent.Executors$RunnableAdapter.call(Executors.java:511)
	at java.util.concurrent.FutureTask.run(FutureTask.java:266)
	at java.util.concurrent.Executors$RunnableAdapter.call(Executors.java:511)
	at java.util.concurrent.FutureTask.run(FutureTask.java:266)
	at java.util.concurrent.ThreadPoolExecutor.runWorker(ThreadPoolExecutor.java:1149)
	at java.util.concurrent.ThreadPoolExecutor$Worker.run(ThreadPoolExecutor.java:624)
	at java.lang.Thread.run(Thread.java:748)
Heap
 def new generation   total 153600K, used 106873K [0x00000000e0c00000, 0x00000000eb2a0000, 0x00000000eb2a0000)
  eden space 136576K,  78% used [0x00000000e0c00000, 0x00000000e7437f20, 0x00000000e9160000)
  from space 17024K,   0% used [0x00000000e9160000, 0x00000000e9186820, 0x00000000ea200000)
  to   space 17024K,   0% used [0x00000000ea200000, 0x00000000ea200000, 0x00000000eb2a0000)
 tenured generation   total 341376K, used 50078K [0x00000000eb2a0000, 0x0000000100000000, 0x0000000100000000)
   the space 341376K,  14% used [0x00000000eb2a0000, 0x00000000ee387ae8, 0x00000000ee387c00, 0x0000000100000000)
 Metaspace       used 36657K, capacity 37550K, committed 37632K, reserved 1081344K
  class space    used 4874K, capacity 5073K, committed 5120K, reserved 1048576K
