01:22:43,535 |-INFO in ch.qos.logback.classic.LoggerContext[default] - Could NOT find resource [logback-test.xml]
01:22:43,535 |-INFO in ch.qos.logback.classic.LoggerContext[default] - Could NOT find resource [logback.groovy]
01:22:43,535 |-INFO in ch.qos.logback.classic.LoggerContext[default] - Found resource [logback.xml] at [jar:file:/home/nikitasokolov/flamestream/lib/flamestream-runtime-1.0-SNAPSHOT.jar!/logback.xml]
01:22:43,536 |-WARN in ch.qos.logback.classic.LoggerContext[default] - Resource [logback.xml] occurs multiple times on the classpath.
01:22:43,536 |-WARN in ch.qos.logback.classic.LoggerContext[default] - Resource [logback.xml] occurs at [jar:file:/home/nikitasokolov/flamestream/lib/flamestream-runtime-1.0-SNAPSHOT.jar!/logback.xml]
01:22:43,536 |-WARN in ch.qos.logback.classic.LoggerContext[default] - Resource [logback.xml] occurs at [jar:file:/home/nikitasokolov/flamestream/flamestream-runtime-1.0-SNAPSHOT.jar!/logback.xml]
01:22:43,553 |-INFO in ch.qos.logback.core.joran.spi.ConfigurationWatchList@2f7a2457 - URL [jar:file:/home/nikitasokolov/flamestream/lib/flamestream-runtime-1.0-SNAPSHOT.jar!/logback.xml] is not of type file
01:22:43,605 |-INFO in ch.qos.logback.classic.joran.action.ConfigurationAction - debug attribute not set
01:22:43,605 |-INFO in ch.qos.logback.core.joran.action.AppenderAction - About to instantiate appender of type [ch.qos.logback.core.ConsoleAppender]
01:22:43,614 |-INFO in ch.qos.logback.core.joran.action.AppenderAction - Naming appender as [STDOUT]
01:22:43,622 |-INFO in ch.qos.logback.core.joran.action.NestedComplexPropertyIA - Assuming default type [ch.qos.logback.classic.encoder.PatternLayoutEncoder] for [encoder] property
01:22:43,676 |-INFO in ch.qos.logback.core.joran.action.AppenderAction - About to instantiate appender of type [ch.qos.logback.core.rolling.RollingFileAppender]
01:22:43,682 |-INFO in ch.qos.logback.core.joran.action.AppenderAction - Naming appender as [FILE]
01:22:43,703 |-INFO in c.q.l.core.rolling.TimeBasedRollingPolicy@1449621165 - No compression will be used
01:22:43,704 |-INFO in c.q.l.core.rolling.TimeBasedRollingPolicy@1449621165 - Will use the pattern /tmp/application_%d{yyyy-MM-dd}.%i.log for the active file
01:22:43,707 |-INFO in ch.qos.logback.core.rolling.SizeAndTimeBasedFNATP@6108b2d7 - The date pattern is 'yyyy-MM-dd' from file name pattern '/tmp/application_%d{yyyy-MM-dd}.%i.log'.
01:22:43,707 |-INFO in ch.qos.logback.core.rolling.SizeAndTimeBasedFNATP@6108b2d7 - Roll-over at midnight.
01:22:43,711 |-INFO in ch.qos.logback.core.rolling.SizeAndTimeBasedFNATP@6108b2d7 - Setting initial period to Sat Jun 08 01:21:58 MSK 2019
01:22:43,711 |-WARN in ch.qos.logback.core.rolling.SizeAndTimeBasedFNATP@6108b2d7 - SizeAndTimeBasedFNATP is deprecated. Use SizeAndTimeBasedRollingPolicy instead
01:22:43,711 |-WARN in ch.qos.logback.core.rolling.SizeAndTimeBasedFNATP@6108b2d7 - For more information see http://logback.qos.ch/manual/appenders.html#SizeAndTimeBasedRollingPolicy
01:22:43,716 |-INFO in ch.qos.logback.core.joran.action.NestedComplexPropertyIA - Assuming default type [ch.qos.logback.classic.encoder.PatternLayoutEncoder] for [encoder] property
01:22:43,718 |-INFO in ch.qos.logback.core.rolling.RollingFileAppender[FILE] - Active log file name: /tmp/application.log
01:22:43,718 |-INFO in ch.qos.logback.core.rolling.RollingFileAppender[FILE] - File property is set to [/tmp/application.log]
01:22:43,719 |-INFO in ch.qos.logback.classic.joran.action.RootLoggerAction - Setting level of ROOT logger to WARN
01:22:43,719 |-INFO in ch.qos.logback.core.joran.action.AppenderRefAction - Attaching appender named [STDOUT] to Logger[ROOT]
01:22:43,720 |-INFO in ch.qos.logback.core.joran.action.AppenderRefAction - Attaching appender named [FILE] to Logger[ROOT]
01:22:43,720 |-INFO in ch.qos.logback.classic.joran.action.ConfigurationAction - End of configuration.
01:22:43,721 |-INFO in ch.qos.logback.classic.joran.JoranConfigurator@1554909b - Registering current configuration as safe fallback point

2019-06-08T01:22:44.716+0300: 1.394: [GC (Metadata GC Threshold) [PSYoungGen: 105512K->15884K(149504K)] 105512K->15964K(491008K), 0.0190043 secs] [Times: user=0.07 sys=0.03, real=0.02 secs] 
2019-06-08T01:22:44.735+0300: 1.413: [Full GC (Metadata GC Threshold) [PSYoungGen: 15884K->0K(149504K)] [ParOldGen: 80K->14984K(341504K)] 15964K->14984K(491008K), [Metaspace: 20804K->20804K(1067008K)], 0.0257225 secs] [Times: user=0.17 sys=0.00, real=0.03 secs] 
01:22:52.016 [Curator-PathChildrenCache-1] WARN  o.a.c.u.ZKPaths  - The version of ZooKeeper being used doesn't support Container nodes. CreateMode.PERSISTENT will be used instead.
2019-06-08T01:22:52.827+0300: 9.506: [GC (Metadata GC Threshold) [PSYoungGen: 123660K->20987K(149504K)] 138645K->49980K(491008K), 0.0199657 secs] [Times: user=0.21 sys=0.01, real=0.02 secs] 
2019-06-08T01:22:52.847+0300: 9.526: [Full GC (Metadata GC Threshold) [PSYoungGen: 20987K->0K(149504K)] [ParOldGen: 28993K->38909K(341504K)] 49980K->38909K(491008K), [Metaspace: 34551K->34551K(1079296K)], 0.0349829 secs] [Times: user=0.15 sys=0.03, real=0.04 secs] 
2019-06-08T01:22:54.717+0300: 11.395: [GC (Allocation Failure) [PSYoungGen: 128512K->544K(149504K)] 167421K->39461K(491008K), 0.0030336 secs] [Times: user=0.01 sys=0.00, real=0.01 secs] 
2019-06-08T01:22:56.459+0300: 13.138: [GC (Allocation Failure) [PSYoungGen: 129056K->640K(149504K)] 167973K->39565K(491008K), 0.0029669 secs] [Times: user=0.01 sys=0.00, real=0.00 secs] 
2019-06-08T01:22:57.770+0300: 14.448: [GC (Allocation Failure) [PSYoungGen: 129152K->640K(129536K)] 168077K->39573K(471040K), 0.0025085 secs] [Times: user=0.02 sys=0.00, real=0.00 secs] 
2019-06-08T01:22:59.192+0300: 15.870: [GC (Allocation Failure) [PSYoungGen: 129152K->608K(132608K)] 168085K->39549K(474112K), 0.0026702 secs] [Times: user=0.00 sys=0.00, real=0.00 secs] 
2019-06-08T01:23:00.442+0300: 17.121: [GC (Allocation Failure) [PSYoungGen: 93280K->544K(130560K)] 132221K->39493K(472064K), 0.0030387 secs] [Times: user=0.01 sys=0.00, real=0.00 secs] 
2019-06-08T01:23:01.234+0300: 17.913: [GC (Allocation Failure) [PSYoungGen: 93216K->704K(136704K)] 132165K->39661K(478208K), 0.0028187 secs] [Times: user=0.01 sys=0.00, real=0.00 secs] 
2019-06-08T01:23:02.588+0300: 19.267: [GC (Allocation Failure) [PSYoungGen: 101568K->768K(134656K)] 140525K->39725K(476160K), 0.0029596 secs] [Times: user=0.01 sys=0.00, real=0.01 secs] 
2019-06-08T01:23:03.836+0300: 20.514: [GC (Allocation Failure) [PSYoungGen: 101632K->608K(140288K)] 140589K->39565K(481792K), 0.0022502 secs] [Times: user=0.01 sys=0.00, real=0.01 secs] 
2019-06-08T01:23:05.077+0300: 21.755: [GC (Allocation Failure) [PSYoungGen: 109152K->832K(138752K)] 148109K->39789K(480256K), 0.0024168 secs] [Times: user=0.01 sys=0.01, real=0.01 secs] 
2019-06-08T01:23:06.544+0300: 23.223: [GC (Allocation Failure) [PSYoungGen: 109376K->800K(143360K)] 148333K->39765K(484864K), 0.0027364 secs] [Times: user=0.01 sys=0.00, real=0.00 secs] 
01:23:17.168 [Curator-PathChildrenCache-0] ERROR o.a.c.f.r.c.PathChildrenCache  - 
java.lang.IllegalStateException: instance must be started before calling this method
	at org.apache.curator.shaded.com.google.common.base.Preconditions.checkState(Preconditions.java:444)
	at org.apache.curator.framework.imps.CuratorFrameworkImpl.getChildren(CuratorFrameworkImpl.java:456)
	at org.apache.curator.framework.recipes.cache.PathChildrenCache.refresh(PathChildrenCache.java:521)
	at org.apache.curator.framework.recipes.cache.RefreshOperation.invoke(RefreshOperation.java:35)
	at org.apache.curator.framework.recipes.cache.PathChildrenCache$9.run(PathChildrenCache.java:786)
	at java.util.concurrent.Executors$RunnableAdapter.call(Executors.java:511)
	at java.util.concurrent.FutureTask.run(FutureTask.java:266)
	at java.util.concurrent.Executors$RunnableAdapter.call(Executors.java:511)
	at java.util.concurrent.FutureTask.run(FutureTask.java:266)
	at java.util.concurrent.ThreadPoolExecutor.runWorker(ThreadPoolExecutor.java:1149)
	at java.util.concurrent.ThreadPoolExecutor$Worker.run(ThreadPoolExecutor.java:624)
	at java.lang.Thread.run(Thread.java:748)
Heap
 PSYoungGen      total 143360K, used 62160K [0x00000000f5980000, 0x0000000100000000, 0x0000000100000000)
  eden space 114688K, 53% used [0x00000000f5980000,0x00000000f956c230,0x00000000fc980000)
  from space 28672K, 2% used [0x00000000fe400000,0x00000000fe4c8060,0x0000000100000000)
  to   space 27136K, 0% used [0x00000000fc980000,0x00000000fc980000,0x00000000fe400000)
 ParOldGen       total 341504K, used 38965K [0x00000000e0c00000, 0x00000000f5980000, 0x00000000f5980000)
  object space 341504K, 11% used [0x00000000e0c00000,0x00000000e320d610,0x00000000f5980000)
 Metaspace       used 35784K, capacity 36656K, committed 36952K, reserved 1081344K
  class space    used 4945K, capacity 5136K, committed 5248K, reserved 1048576K
