06:02:20,544 |-INFO in ch.qos.logback.classic.LoggerContext[default] - Could NOT find resource [logback-test.xml]
06:02:20,544 |-INFO in ch.qos.logback.classic.LoggerContext[default] - Could NOT find resource [logback.groovy]
06:02:20,544 |-INFO in ch.qos.logback.classic.LoggerContext[default] - Found resource [logback.xml] at [jar:file:/root/flamestream/lib/flamestream-runtime-1.0-SNAPSHOT.jar!/logback.xml]
06:02:20,545 |-WARN in ch.qos.logback.classic.LoggerContext[default] - Resource [logback.xml] occurs multiple times on the classpath.
06:02:20,545 |-WARN in ch.qos.logback.classic.LoggerContext[default] - Resource [logback.xml] occurs at [jar:file:/root/flamestream/lib/flamestream-runtime-1.0-SNAPSHOT.jar!/logback.xml]
06:02:20,545 |-WARN in ch.qos.logback.classic.LoggerContext[default] - Resource [logback.xml] occurs at [jar:file:/root/flamestream/flamestream-runtime-1.0-SNAPSHOT.jar!/logback.xml]
06:02:20,564 |-INFO in ch.qos.logback.core.joran.spi.ConfigurationWatchList@3fb6a447 - URL [jar:file:/root/flamestream/lib/flamestream-runtime-1.0-SNAPSHOT.jar!/logback.xml] is not of type file
06:02:20,636 |-INFO in ch.qos.logback.classic.joran.action.ConfigurationAction - debug attribute not set
06:02:20,637 |-INFO in ch.qos.logback.core.joran.action.AppenderAction - About to instantiate appender of type [ch.qos.logback.core.ConsoleAppender]
06:02:20,653 |-INFO in ch.qos.logback.core.joran.action.AppenderAction - Naming appender as [STDOUT]
06:02:20,677 |-INFO in ch.qos.logback.core.joran.action.NestedComplexPropertyIA - Assuming default type [ch.qos.logback.classic.encoder.PatternLayoutEncoder] for [encoder] property
06:02:20,769 |-INFO in ch.qos.logback.core.joran.action.AppenderAction - About to instantiate appender of type [ch.qos.logback.core.rolling.RollingFileAppender]
06:02:20,778 |-INFO in ch.qos.logback.core.joran.action.AppenderAction - Naming appender as [FILE]
06:02:20,811 |-INFO in c.q.l.core.rolling.TimeBasedRollingPolicy@127618319 - No compression will be used
06:02:20,812 |-INFO in c.q.l.core.rolling.TimeBasedRollingPolicy@127618319 - Will use the pattern /tmp/application_%d{yyyy-MM-dd}.%i.log for the active file
06:02:20,815 |-INFO in ch.qos.logback.core.rolling.SizeAndTimeBasedFNATP@6b2fad11 - The date pattern is 'yyyy-MM-dd' from file name pattern '/tmp/application_%d{yyyy-MM-dd}.%i.log'.
06:02:20,815 |-INFO in ch.qos.logback.core.rolling.SizeAndTimeBasedFNATP@6b2fad11 - Roll-over at midnight.
06:02:20,820 |-INFO in ch.qos.logback.core.rolling.SizeAndTimeBasedFNATP@6b2fad11 - Setting initial period to Tue Jun 11 06:00:44 UTC 2019
06:02:20,821 |-WARN in ch.qos.logback.core.rolling.SizeAndTimeBasedFNATP@6b2fad11 - SizeAndTimeBasedFNATP is deprecated. Use SizeAndTimeBasedRollingPolicy instead
06:02:20,821 |-WARN in ch.qos.logback.core.rolling.SizeAndTimeBasedFNATP@6b2fad11 - For more information see http://logback.qos.ch/manual/appenders.html#SizeAndTimeBasedRollingPolicy
06:02:20,825 |-INFO in ch.qos.logback.core.joran.action.NestedComplexPropertyIA - Assuming default type [ch.qos.logback.classic.encoder.PatternLayoutEncoder] for [encoder] property
06:02:20,830 |-INFO in ch.qos.logback.core.rolling.RollingFileAppender[FILE] - Active log file name: /tmp/application.log
06:02:20,830 |-INFO in ch.qos.logback.core.rolling.RollingFileAppender[FILE] - File property is set to [/tmp/application.log]
06:02:20,831 |-INFO in ch.qos.logback.classic.joran.action.RootLoggerAction - Setting level of ROOT logger to WARN
06:02:20,831 |-INFO in ch.qos.logback.core.joran.action.AppenderRefAction - Attaching appender named [STDOUT] to Logger[ROOT]
06:02:20,833 |-INFO in ch.qos.logback.core.joran.action.AppenderRefAction - Attaching appender named [FILE] to Logger[ROOT]
06:02:20,833 |-INFO in ch.qos.logback.classic.joran.action.ConfigurationAction - End of configuration.
06:02:20,834 |-INFO in ch.qos.logback.classic.joran.JoranConfigurator@79698539 - Registering current configuration as safe fallback point

Ama winner
Ama winner
2019-06-11T06:02:22.127+0000: 1.774: [Full GC (Metadata GC Threshold) 2019-06-11T06:02:22.127+0000: 1.774: [Tenured: 0K->15144K(341376K), 0.0410034 secs] 114988K->15144K(494976K), [Metaspace: 20725K->20725K(1067008K)], 0.0410671 secs] [Times: user=0.03 sys=0.00, real=0.04 secs] 
06:03:14.643 [Curator-PathChildrenCache-1] WARN  o.a.c.u.ZKPaths  - The version of ZooKeeper being used doesn't support Container nodes. CreateMode.PERSISTENT will be used instead.
2019-06-11T06:03:36.539+0000: 76.186: [GC (Allocation Failure) 2019-06-11T06:03:36.539+0000: 76.186: [DefNew: 136576K->16289K(153600K), 0.0171014 secs] 151720K->31434K(494976K), 0.0171856 secs] [Times: user=0.01 sys=0.01, real=0.02 secs] 
2019-06-11T06:04:02.618+0000: 102.265: [GC (Allocation Failure) 2019-06-11T06:04:02.618+0000: 102.265: [DefNew: 135053K->1593K(153600K), 0.0097136 secs] 150197K->23424K(494976K), 0.0097726 secs] [Times: user=0.00 sys=0.01, real=0.01 secs] 
2019-06-11T06:04:02.646+0000: 102.293: [Full GC (Metadata GC Threshold) 2019-06-11T06:04:02.646+0000: 102.293: [Tenured: 21830K->42877K(341376K), 0.0392268 secs] 48736K->42877K(494976K), [Metaspace: 34800K->34800K(1079296K)], 0.0393015 secs] [Times: user=0.04 sys=0.00, real=0.04 secs] 
2019-06-11T06:04:10.399+0000: 110.046: [GC (Allocation Failure) 2019-06-11T06:04:10.399+0000: 110.046: [DefNew: 136576K->237K(153600K), 0.0023212 secs] 179453K->43115K(494976K), 0.0023797 secs] [Times: user=0.00 sys=0.00, real=0.00 secs] 
2019-06-11T06:04:16.948+0000: 116.595: [GC (Allocation Failure) 2019-06-11T06:04:16.948+0000: 116.595: [DefNew: 136813K->217K(153600K), 0.0018953 secs] 179691K->43095K(494976K), 0.0019529 secs] [Times: user=0.00 sys=0.00, real=0.00 secs] 
2019-06-11T06:04:46.653+0000: 146.300: [GC (Allocation Failure) 2019-06-11T06:04:46.653+0000: 146.300: [DefNew: 136793K->284K(153600K), 0.0022714 secs] 179671K->43161K(494976K), 0.0023308 secs] [Times: user=0.00 sys=0.00, real=0.00 secs] 
2019-06-11T06:05:34.398+0000: 194.045: [GC (Allocation Failure) 2019-06-11T06:05:34.398+0000: 194.045: [DefNew: 136860K->294K(153600K), 0.0021225 secs] 179737K->43172K(494976K), 0.0021763 secs] [Times: user=0.00 sys=0.00, real=0.00 secs] 
2019-06-11T06:06:22.777+0000: 242.424: [GC (Allocation Failure) 2019-06-11T06:06:22.778+0000: 242.425: [DefNew: 136870K->293K(153600K), 0.0022532 secs] 179748K->43171K(494976K), 0.0023485 secs] [Times: user=0.00 sys=0.00, real=0.00 secs] 
2019-06-11T06:07:11.872+0000: 291.519: [GC (Allocation Failure) 2019-06-11T06:07:11.872+0000: 291.519: [DefNew: 136869K->299K(153600K), 0.0021399 secs] 179747K->43177K(494976K), 0.0021955 secs] [Times: user=0.00 sys=0.00, real=0.00 secs] 
2019-06-11T06:07:59.645+0000: 339.292: [GC (Allocation Failure) 2019-06-11T06:07:59.645+0000: 339.292: [DefNew: 136875K->297K(153600K), 0.0021528 secs] 179753K->43175K(494976K), 0.0022071 secs] [Times: user=0.00 sys=0.00, real=0.00 secs] 
2019-06-11T06:09:02.271+0000: 401.918: [GC (Allocation Failure) 2019-06-11T06:09:02.271+0000: 401.918: [DefNew: 136873K->300K(153600K), 0.0021181 secs] 179751K->43178K(494976K), 0.0021918 secs] [Times: user=0.00 sys=0.00, real=0.00 secs] 
2019-06-11T06:10:05.796+0000: 465.443: [GC (Allocation Failure) 2019-06-11T06:10:05.797+0000: 465.443: [DefNew: 136876K->302K(153600K), 0.0021850 secs] 179754K->43179K(494976K), 0.0022497 secs] [Times: user=0.00 sys=0.00, real=0.00 secs] 
2019-06-11T06:10:52.196+0000: 511.843: [GC (Allocation Failure) 2019-06-11T06:10:52.196+0000: 511.843: [DefNew: 136878K->303K(153600K), 0.0022343 secs] 179755K->43181K(494976K), 0.0022997 secs] [Times: user=0.01 sys=0.00, real=0.00 secs] 
2019-06-11T06:11:38.507+0000: 558.154: [GC (Allocation Failure) 2019-06-11T06:11:38.507+0000: 558.154: [DefNew: 136879K->305K(153600K), 0.0020747 secs] 179757K->43182K(494976K), 0.0021289 secs] [Times: user=0.01 sys=0.00, real=0.00 secs] 
2019-06-11T06:12:36.632+0000: 616.279: [GC (Allocation Failure) 2019-06-11T06:12:36.632+0000: 616.279: [DefNew: 136881K->306K(153600K), 0.0020922 secs] 179758K->43184K(494976K), 0.0021449 secs] [Times: user=0.00 sys=0.00, real=0.00 secs] 
2019-06-11T06:13:41.792+0000: 681.439: [GC (Allocation Failure) 2019-06-11T06:13:41.792+0000: 681.439: [DefNew: 136882K->303K(153600K), 0.0021001 secs] 179760K->43180K(494976K), 0.0021549 secs] [Times: user=0.00 sys=0.00, real=0.00 secs] 
2019-06-11T06:14:47.211+0000: 746.858: [GC (Allocation Failure) 2019-06-11T06:14:47.211+0000: 746.858: [DefNew: 136879K->305K(153600K), 0.0021867 secs] 179756K->43183K(494976K), 0.0022488 secs] [Times: user=0.00 sys=0.00, real=0.00 secs] 
2019-06-11T06:15:40.664+0000: 800.311: [GC (Allocation Failure) 2019-06-11T06:15:40.664+0000: 800.311: [DefNew: 136881K->308K(153600K), 0.0022228 secs] 179759K->43186K(494976K), 0.0022756 secs] [Times: user=0.00 sys=0.00, real=0.00 secs] 
2019-06-11T06:16:33.577+0000: 853.224: [GC (Allocation Failure) 2019-06-11T06:16:33.577+0000: 853.224: [DefNew: 136884K->138K(153600K), 0.0021491 secs] 179762K->43187K(494976K), 0.0022032 secs] [Times: user=0.00 sys=0.00, real=0.00 secs] 
2019-06-11T06:18:00.715+0000: 940.362: [GC (Allocation Failure) 2019-06-11T06:18:00.715+0000: 940.362: [DefNew: 136714K->138K(153600K), 0.0018849 secs] 179763K->43190K(494976K), 0.0019587 secs] [Times: user=0.00 sys=0.00, real=0.00 secs] 
2019-06-11T06:19:43.129+0000: 1042.776: [GC (Allocation Failure) 2019-06-11T06:19:43.129+0000: 1042.776: [DefNew: 136714K->201K(153600K), 0.0018195 secs] 179766K->43312K(494976K), 0.0018782 secs] [Times: user=0.00 sys=0.00, real=0.01 secs] 
2019-06-11T06:20:44.263+0000: 1103.910: [GC (Allocation Failure) 2019-06-11T06:20:44.263+0000: 1103.910: [DefNew: 136777K->194K(153600K), 0.0017123 secs] 179888K->43312K(494976K), 0.0017637 secs] [Times: user=0.00 sys=0.01, real=0.00 secs] 
2019-06-11T06:22:13.639+0000: 1193.286: [GC (Allocation Failure) 2019-06-11T06:22:13.639+0000: 1193.286: [DefNew: 136770K->196K(153600K), 0.0383238 secs] 179888K->43315K(494976K), 0.0383858 secs] [Times: user=0.02 sys=0.00, real=0.04 secs] 
2019-06-11T06:23:55.344+0000: 1294.991: [GC (Allocation Failure) 2019-06-11T06:23:55.344+0000: 1294.991: [DefNew: 136772K->199K(153600K), 0.0017889 secs] 179891K->43319K(494976K), 0.0018801 secs] [Times: user=0.00 sys=0.00, real=0.00 secs] 
2019-06-11T06:25:22.059+0000: 1381.706: [GC (Allocation Failure) 2019-06-11T06:25:22.059+0000: 1381.706: [DefNew: 136775K->202K(153600K), 0.0017411 secs] 179895K->43323K(494976K), 0.0017898 secs] [Times: user=0.00 sys=0.00, real=0.00 secs] 
2019-06-11T06:26:23.562+0000: 1443.208: [GC (Allocation Failure) 2019-06-11T06:26:23.562+0000: 1443.209: [DefNew: 136778K->203K(153600K), 0.0203163 secs] 179899K->43325K(494976K), 0.0203857 secs] [Times: user=0.02 sys=0.00, real=0.03 secs] 
2019-06-11T06:27:35.657+0000: 1515.304: [GC (Allocation Failure) 2019-06-11T06:27:35.657+0000: 1515.304: [DefNew: 136779K->204K(153600K), 0.0017480 secs] 179901K->43327K(494976K), 0.0018091 secs] [Times: user=0.00 sys=0.00, real=0.00 secs] 
2019-06-11T06:28:44.845+0000: 1584.492: [GC (Allocation Failure) 2019-06-11T06:28:44.845+0000: 1584.492: [DefNew: 136780K->269K(153600K), 0.0017879 secs] 179903K->43393K(494976K), 0.0018410 secs] [Times: user=0.00 sys=0.00, real=0.00 secs] 
2019-06-11T06:29:54.565+0000: 1654.212: [GC (Allocation Failure) 2019-06-11T06:29:54.565+0000: 1654.212: [DefNew: 136845K->337K(153600K), 0.0018319 secs] 179969K->43461K(494976K), 0.0018834 secs] [Times: user=0.00 sys=0.00, real=0.00 secs] 
2019-06-11T06:30:45.547+0000: 1705.194: [GC (Allocation Failure) 2019-06-11T06:30:45.547+0000: 1705.194: [DefNew: 136913K->337K(153600K), 0.0017608 secs] 180037K->43462K(494976K), 0.0018109 secs] [Times: user=0.00 sys=0.00, real=0.00 secs] 
2019-06-11T06:31:34.994+0000: 1754.641: [GC (Allocation Failure) 2019-06-11T06:31:34.994+0000: 1754.641: [DefNew: 136913K->338K(153600K), 0.0017679 secs] 180038K->43464K(494976K), 0.0018235 secs] [Times: user=0.00 sys=0.00, real=0.00 secs] 
2019-06-11T06:32:37.744+0000: 1817.391: [GC (Allocation Failure) 2019-06-11T06:32:37.744+0000: 1817.391: [DefNew: 136914K->402K(153600K), 0.0181171 secs] 180040K->43530K(494976K), 0.0181830 secs] [Times: user=0.01 sys=0.00, real=0.02 secs] 
2019-06-11T06:33:46.447+0000: 1886.094: [GC (Allocation Failure) 2019-06-11T06:33:46.447+0000: 1886.094: [DefNew: 136978K->402K(153600K), 0.0018126 secs] 180106K->43532K(494976K), 0.0018651 secs] [Times: user=0.00 sys=0.00, real=0.00 secs] 
2019-06-11T06:34:57.565+0000: 1957.212: [GC (Allocation Failure) 2019-06-11T06:34:57.565+0000: 1957.212: [DefNew: 136978K->403K(153600K), 0.0019050 secs] 180108K->43533K(494976K), 0.0019591 secs] [Times: user=0.00 sys=0.00, real=0.00 secs] 
2019-06-11T06:35:47.489+0000: 2007.136: [GC (Allocation Failure) 2019-06-11T06:35:47.489+0000: 2007.136: [DefNew: 136979K->389K(153600K), 0.0017586 secs] 180109K->43521K(494976K), 0.0018243 secs] [Times: user=0.00 sys=0.00, real=0.01 secs] 
2019-06-11T06:36:42.755+0000: 2062.402: [GC (Allocation Failure) 2019-06-11T06:36:42.755+0000: 2062.402: [DefNew: 136965K->259K(153600K), 0.0017632 secs] 180097K->43522K(494976K), 0.0018154 secs] [Times: user=0.00 sys=0.00, real=0.00 secs] 
2019-06-11T06:38:04.991+0000: 2144.638: [GC (Allocation Failure) 2019-06-11T06:38:04.991+0000: 2144.638: [DefNew: 136835K->259K(153600K), 0.0017279 secs] 180098K->43524K(494976K), 0.0017787 secs] [Times: user=0.00 sys=0.00, real=0.00 secs] 
2019-06-11T06:39:29.756+0000: 2229.403: [GC (Allocation Failure) 2019-06-11T06:39:29.756+0000: 2229.403: [DefNew: 136835K->262K(153600K), 0.0017367 secs] 180100K->43528K(494976K), 0.0017909 secs] [Times: user=0.01 sys=0.00, real=0.00 secs] 
2019-06-11T06:40:32.921+0000: 2292.568: [GC (Allocation Failure) 2019-06-11T06:40:32.921+0000: 2292.568: [DefNew: 136838K->260K(153600K), 0.0017871 secs] 180104K->43529K(494976K), 0.0018407 secs] [Times: user=0.00 sys=0.00, real=0.01 secs] 
2019-06-11T06:41:24.337+0000: 2343.984: [GC (Allocation Failure) 2019-06-11T06:41:24.337+0000: 2343.984: [DefNew: 136836K->259K(153600K), 0.0016825 secs] 180105K->43530K(494976K), 0.0017444 secs] [Times: user=0.00 sys=0.00, real=0.00 secs] 
2019-06-11T06:42:24.641+0000: 2404.288: [GC (Allocation Failure) 2019-06-11T06:42:24.641+0000: 2404.288: [DefNew: 136835K->260K(153600K), 0.0017133 secs] 180106K->43532K(494976K), 0.0017852 secs] [Times: user=0.00 sys=0.00, real=0.01 secs] 
2019-06-11T06:43:28.663+0000: 2468.309: [GC (Allocation Failure) 2019-06-11T06:43:28.663+0000: 2468.310: [DefNew: 136836K->261K(153600K), 0.0017565 secs] 180108K->43534K(494976K), 0.0018173 secs] [Times: user=0.00 sys=0.00, real=0.00 secs] 
2019-06-11T06:44:31.168+0000: 2530.815: [GC (Allocation Failure) 2019-06-11T06:44:31.168+0000: 2530.815: [DefNew: 136837K->196K(153600K), 0.0017223 secs] 180110K->43535K(494976K), 0.0017753 secs] [Times: user=0.00 sys=0.00, real=0.00 secs] 
2019-06-11T06:45:28.225+0000: 2587.872: [GC (Allocation Failure) 2019-06-11T06:45:28.225+0000: 2587.872: [DefNew: 136772K->131K(153600K), 0.0016953 secs] 180111K->43537K(494976K), 0.0017609 secs] [Times: user=0.01 sys=0.00, real=0.00 secs] 
2019-06-11T06:46:15.732+0000: 2635.378: [GC (Allocation Failure) 2019-06-11T06:46:15.732+0000: 2635.379: [DefNew: 136707K->132K(153600K), 0.0016370 secs] 180113K->43538K(494976K), 0.0016915 secs] [Times: user=0.00 sys=0.00, real=0.00 secs] 
2019-06-11T06:47:09.116+0000: 2688.763: [GC (Allocation Failure) 2019-06-11T06:47:09.116+0000: 2688.763: [DefNew: 136708K->133K(153600K), 0.0016412 secs] 180114K->43540K(494976K), 0.0017075 secs] [Times: user=0.01 sys=0.00, real=0.00 secs] 
2019-06-11T06:48:11.183+0000: 2750.830: [GC (Allocation Failure) 2019-06-11T06:48:11.183+0000: 2750.830: [DefNew: 136709K->69K(153600K), 0.0016474 secs] 180116K->43541K(494976K), 0.0017013 secs] [Times: user=0.00 sys=0.00, real=0.00 secs] 
2019-06-11T06:49:13.171+0000: 2812.818: [GC (Allocation Failure) 2019-06-11T06:49:13.171+0000: 2812.818: [DefNew: 136645K->71K(153600K), 0.0138718 secs] 180117K->43544K(494976K), 0.0139263 secs] [Times: user=0.01 sys=0.00, real=0.01 secs] 
2019-06-11T06:50:13.379+0000: 2873.026: [GC (Allocation Failure) 2019-06-11T06:50:13.379+0000: 2873.026: [DefNew: 136647K->72K(153600K), 0.0016709 secs] 180120K->43546K(494976K), 0.0017238 secs] [Times: user=0.00 sys=0.00, real=0.00 secs] 
2019-06-11T06:50:59.497+0000: 2919.144: [GC (Allocation Failure) 2019-06-11T06:50:59.497+0000: 2919.144: [DefNew: 136648K->73K(153600K), 0.0016931 secs] 180122K->43547K(494976K), 0.0017460 secs] [Times: user=0.00 sys=0.00, real=0.00 secs] 
2019-06-11T06:51:46.597+0000: 2966.244: [GC (Allocation Failure) 2019-06-11T06:51:46.597+0000: 2966.244: [DefNew: 136649K->73K(153600K), 0.0016765 secs] 180123K->43549K(494976K), 0.0017293 secs] [Times: user=0.00 sys=0.00, real=0.00 secs] 
2019-06-11T06:52:48.378+0000: 3028.025: [GC (Allocation Failure) 2019-06-11T06:52:48.378+0000: 3028.025: [DefNew: 136649K->73K(153600K), 0.0016650 secs] 180125K->43551K(494976K), 0.0017212 secs] [Times: user=0.00 sys=0.00, real=0.00 secs] 
2019-06-11T06:53:52.630+0000: 3092.277: [GC (Allocation Failure) 2019-06-11T06:53:52.630+0000: 3092.277: [DefNew: 136649K->60K(153600K), 0.0015967 secs] 180127K->43540K(494976K), 0.0016603 secs] [Times: user=0.00 sys=0.00, real=0.01 secs] 
2019-06-11T06:54:57.660+0000: 3157.307: [GC (Allocation Failure) 2019-06-11T06:54:57.660+0000: 3157.307: [DefNew: 136636K->61K(153600K), 0.0015897 secs] 180116K->43541K(494976K), 0.0016440 secs] [Times: user=0.00 sys=0.00, real=0.00 secs] 
2019-06-11T06:55:47.058+0000: 3206.705: [GC (Allocation Failure) 2019-06-11T06:55:47.058+0000: 3206.705: [DefNew: 136637K->63K(153600K), 0.0015916 secs] 180117K->43543K(494976K), 0.0016516 secs] [Times: user=0.00 sys=0.00, real=0.00 secs] 
2019-06-11T06:56:34.074+0000: 3253.721: [GC (Allocation Failure) 2019-06-11T06:56:34.074+0000: 3253.721: [DefNew: 136639K->65K(153600K), 0.0016380 secs] 180119K->43546K(494976K), 0.0016984 secs] [Times: user=0.00 sys=0.00, real=0.00 secs] 
2019-06-11T06:57:36.157+0000: 3315.804: [GC (Allocation Failure) 2019-06-11T06:57:36.157+0000: 3315.804: [DefNew: 136641K->65K(153600K), 0.0016499 secs] 180122K->43548K(494976K), 0.0017281 secs] [Times: user=0.00 sys=0.01, real=0.00 secs] 
2019-06-11T06:58:44.851+0000: 3384.498: [GC (Allocation Failure) 2019-06-11T06:58:44.851+0000: 3384.498: [DefNew: 136641K->67K(153600K), 0.0016631 secs] 180124K->43550K(494976K), 0.0017167 secs] [Times: user=0.01 sys=0.00, real=0.00 secs] 
2019-06-11T06:59:53.879+0000: 3453.525: [GC (Allocation Failure) 2019-06-11T06:59:53.879+0000: 3453.526: [DefNew: 136643K->67K(153600K), 0.0016776 secs] 180126K->43551K(494976K), 0.0017325 secs] [Times: user=0.00 sys=0.00, real=0.00 secs] 
2019-06-11T07:00:44.657+0000: 3504.304: [GC (Allocation Failure) 2019-06-11T07:00:44.657+0000: 3504.304: [DefNew: 136643K->68K(153600K), 0.0016660 secs] 180127K->43553K(494976K), 0.0017202 secs] [Times: user=0.00 sys=0.01, real=0.00 secs] 
2019-06-11T07:01:38.440+0000: 3558.087: [GC (Allocation Failure) 2019-06-11T07:01:38.440+0000: 3558.087: [DefNew: 136644K->68K(153600K), 0.0016876 secs] 180129K->43554K(494976K), 0.0017423 secs] [Times: user=0.00 sys=0.00, real=0.00 secs] 
2019-06-11T07:02:45.286+0000: 3624.933: [GC (Allocation Failure) 2019-06-11T07:02:45.286+0000: 3624.933: [DefNew: 136644K->125K(153600K), 0.0140130 secs] 180130K->43612K(494976K), 0.0140705 secs] [Times: user=0.01 sys=0.00, real=0.01 secs] 
07:03:50.988 [Curator-PathChildrenCache-0] ERROR o.a.c.f.r.c.PathChildrenCache  - 
java.lang.IllegalStateException: instance must be started before calling this method
	at org.apache.curator.shaded.com.google.common.base.Preconditions.checkState(Preconditions.java:444)
	at org.apache.curator.framework.imps.CuratorFrameworkImpl.getChildren(CuratorFrameworkImpl.java:456)
	at org.apache.curator.framework.recipes.cache.PathChildrenCache.refresh(PathChildrenCache.java:521)
	at org.apache.curator.framework.recipes.cache.RefreshOperation.invoke(RefreshOperation.java:35)
	at org.apache.curator.framework.recipes.cache.PathChildrenCache$9.run(PathChildrenCache.java:786)
	at java.util.concurrent.Executors$RunnableAdapter.call(Executors.java:511)
	at java.util.concurrent.FutureTask.run(FutureTask.java:266)
	at java.util.concurrent.Executors$RunnableAdapter.call(Executors.java:511)
	at java.util.concurrent.FutureTask.run(FutureTask.java:266)
	at java.util.concurrent.ThreadPoolExecutor.runWorker(ThreadPoolExecutor.java:1149)
	at java.util.concurrent.ThreadPoolExecutor$Worker.run(ThreadPoolExecutor.java:624)
	at java.lang.Thread.run(Thread.java:748)
07:03:51.110 [worker-akka.actor.default-dispatcher-19] ERROR a.r.a.Association(akka://worker) akka.remote.artery.Association(akka://worker) - Outbound control stream to [akka://worker@10.0.0.116:5412] failed after shutdown. 
akka.remote.artery.Association$OutboundStreamStopQuarantinedSignal$: 
07:03:51.172 [worker-akka.actor.default-dispatcher-11] ERROR a.r.a.Association(akka://worker) akka.remote.artery.Association(akka://worker) - Outbound message stream to [akka://worker@10.0.0.116:5412] failed after shutdown. 
akka.remote.artery.Association$OutboundStreamStopQuarantinedSignal$: 
07:03:51.209 [worker-akka.actor.default-dispatcher-11] ERROR a.r.a.Association(akka://worker) akka.remote.artery.Association(akka://worker) - Outbound control stream to [akka://worker@10.0.0.172:5412] failed after shutdown. 
akka.remote.artery.Association$OutboundStreamStopQuarantinedSignal$: 
07:03:51.210 [worker-akka.actor.default-dispatcher-11] ERROR a.r.a.Association(akka://worker) akka.remote.artery.Association(akka://worker) - Outbound message stream to [akka://worker@10.0.0.172:5412] failed after shutdown. 
akka.remote.artery.Association$OutboundStreamStopQuarantinedSignal$: 
Heap
 def new generation   total 153600K, used 130499K [0x00000000e0c00000, 0x00000000eb2a0000, 0x00000000eb2a0000)
  eden space 136576K,  95% used [0x00000000e0c00000, 0x00000000e8b51860, 0x00000000e9160000)
  from space 17024K,   0% used [0x00000000ea200000, 0x00000000ea21f708, 0x00000000eb2a0000)
  to   space 17024K,   0% used [0x00000000e9160000, 0x00000000e9160000, 0x00000000ea200000)
 tenured generation   total 341376K, used 43486K [0x00000000eb2a0000, 0x0000000100000000, 0x0000000100000000)
   the space 341376K,  12% used [0x00000000eb2a0000, 0x00000000edd17b10, 0x00000000edd17c00, 0x0000000100000000)
 Metaspace       used 36669K, capacity 37600K, committed 37632K, reserved 1081344K
  class space    used 4890K, capacity 5106K, committed 5120K, reserved 1048576K
