22:37:10,268 |-INFO in ch.qos.logback.classic.LoggerContext[default] - Could NOT find resource [logback-test.xml]
22:37:10,268 |-INFO in ch.qos.logback.classic.LoggerContext[default] - Could NOT find resource [logback.groovy]
22:37:10,268 |-INFO in ch.qos.logback.classic.LoggerContext[default] - Found resource [logback.xml] at [jar:file:/home/nikitasokolov/flamestream/lib/flamestream-runtime-1.0-SNAPSHOT.jar!/logback.xml]
22:37:10,269 |-WARN in ch.qos.logback.classic.LoggerContext[default] - Resource [logback.xml] occurs multiple times on the classpath.
22:37:10,269 |-WARN in ch.qos.logback.classic.LoggerContext[default] - Resource [logback.xml] occurs at [jar:file:/home/nikitasokolov/flamestream/lib/flamestream-runtime-1.0-SNAPSHOT.jar!/logback.xml]
22:37:10,269 |-WARN in ch.qos.logback.classic.LoggerContext[default] - Resource [logback.xml] occurs at [jar:file:/home/nikitasokolov/flamestream/flamestream-runtime-1.0-SNAPSHOT.jar!/logback.xml]
22:37:10,285 |-INFO in ch.qos.logback.core.joran.spi.ConfigurationWatchList@6108b2d7 - URL [jar:file:/home/nikitasokolov/flamestream/lib/flamestream-runtime-1.0-SNAPSHOT.jar!/logback.xml] is not of type file
22:37:10,336 |-INFO in ch.qos.logback.classic.joran.action.ConfigurationAction - debug attribute not set
22:37:10,337 |-INFO in ch.qos.logback.core.joran.action.AppenderAction - About to instantiate appender of type [ch.qos.logback.core.ConsoleAppender]
22:37:10,345 |-INFO in ch.qos.logback.core.joran.action.AppenderAction - Naming appender as [STDOUT]
22:37:10,353 |-INFO in ch.qos.logback.core.joran.action.NestedComplexPropertyIA - Assuming default type [ch.qos.logback.classic.encoder.PatternLayoutEncoder] for [encoder] property
22:37:10,408 |-INFO in ch.qos.logback.core.joran.action.AppenderAction - About to instantiate appender of type [ch.qos.logback.core.rolling.RollingFileAppender]
22:37:10,415 |-INFO in ch.qos.logback.core.joran.action.AppenderAction - Naming appender as [FILE]
22:37:10,439 |-INFO in c.q.l.core.rolling.TimeBasedRollingPolicy@357863579 - No compression will be used
22:37:10,440 |-INFO in c.q.l.core.rolling.TimeBasedRollingPolicy@357863579 - Will use the pattern /tmp/application_%d{yyyy-MM-dd}.%i.log for the active file
22:37:10,443 |-INFO in ch.qos.logback.core.rolling.SizeAndTimeBasedFNATP@6bf256fa - The date pattern is 'yyyy-MM-dd' from file name pattern '/tmp/application_%d{yyyy-MM-dd}.%i.log'.
22:37:10,443 |-INFO in ch.qos.logback.core.rolling.SizeAndTimeBasedFNATP@6bf256fa - Roll-over at midnight.
22:37:10,447 |-INFO in ch.qos.logback.core.rolling.SizeAndTimeBasedFNATP@6bf256fa - Setting initial period to Sat Jun 08 22:36:28 MSK 2019
22:37:10,447 |-WARN in ch.qos.logback.core.rolling.SizeAndTimeBasedFNATP@6bf256fa - SizeAndTimeBasedFNATP is deprecated. Use SizeAndTimeBasedRollingPolicy instead
22:37:10,447 |-WARN in ch.qos.logback.core.rolling.SizeAndTimeBasedFNATP@6bf256fa - For more information see http://logback.qos.ch/manual/appenders.html#SizeAndTimeBasedRollingPolicy
22:37:10,451 |-INFO in ch.qos.logback.core.joran.action.NestedComplexPropertyIA - Assuming default type [ch.qos.logback.classic.encoder.PatternLayoutEncoder] for [encoder] property
22:37:10,453 |-INFO in ch.qos.logback.core.rolling.RollingFileAppender[FILE] - Active log file name: /tmp/application.log
22:37:10,454 |-INFO in ch.qos.logback.core.rolling.RollingFileAppender[FILE] - File property is set to [/tmp/application.log]
22:37:10,455 |-INFO in ch.qos.logback.classic.joran.action.RootLoggerAction - Setting level of ROOT logger to WARN
22:37:10,455 |-INFO in ch.qos.logback.core.joran.action.AppenderRefAction - Attaching appender named [STDOUT] to Logger[ROOT]
22:37:10,455 |-INFO in ch.qos.logback.core.joran.action.AppenderRefAction - Attaching appender named [FILE] to Logger[ROOT]
22:37:10,455 |-INFO in ch.qos.logback.classic.joran.action.ConfigurationAction - End of configuration.
22:37:10,456 |-INFO in ch.qos.logback.classic.joran.JoranConfigurator@6cd8737 - Registering current configuration as safe fallback point

2019-06-08T22:37:11.429+0300: 1.378: [GC (Metadata GC Threshold) [PSYoungGen: 110722K->15905K(149504K)] 110722K->15985K(491008K), 0.0189488 secs] [Times: user=0.05 sys=0.02, real=0.02 secs] 
2019-06-08T22:37:11.448+0300: 1.397: [Full GC (Metadata GC Threshold) [PSYoungGen: 15905K->0K(149504K)] [ParOldGen: 80K->15086K(341504K)] 15985K->15086K(491008K), [Metaspace: 20804K->20804K(1067008K)], 0.0319347 secs] [Times: user=0.16 sys=0.01, real=0.04 secs] 
22:37:19.144 [Curator-PathChildrenCache-1] WARN  o.a.c.u.ZKPaths  - The version of ZooKeeper being used doesn't support Container nodes. CreateMode.PERSISTENT will be used instead.
2019-06-08T22:37:20.102+0300: 10.051: [GC (Metadata GC Threshold) [PSYoungGen: 126642K->16019K(149504K)] 141729K->50645K(491008K), 0.0326097 secs] [Times: user=0.26 sys=0.02, real=0.03 secs] 
2019-06-08T22:37:20.135+0300: 10.083: [Full GC (Metadata GC Threshold) [PSYoungGen: 16019K->0K(149504K)] [ParOldGen: 34625K->39157K(341504K)] 50645K->39157K(491008K), [Metaspace: 34562K->34562K(1079296K)], 0.0352519 secs] [Times: user=0.20 sys=0.01, real=0.04 secs] 
2019-06-08T22:37:22.950+0300: 12.898: [GC (Allocation Failure) [PSYoungGen: 128512K->544K(149504K)] 167669K->39709K(491008K), 0.0033302 secs] [Times: user=0.02 sys=0.00, real=0.00 secs] 
2019-06-08T22:37:26.207+0300: 16.156: [GC (Allocation Failure) [PSYoungGen: 129056K->544K(149504K)] 168221K->39709K(491008K), 0.0034683 secs] [Times: user=0.02 sys=0.00, real=0.01 secs] 
2019-06-08T22:37:29.434+0300: 19.383: [GC (Allocation Failure) [PSYoungGen: 129056K->608K(129536K)] 168221K->39781K(471040K), 0.0036747 secs] [Times: user=0.03 sys=0.00, real=0.01 secs] 
2019-06-08T22:37:32.693+0300: 22.642: [GC (Allocation Failure) [PSYoungGen: 129120K->544K(150016K)] 168293K->39725K(491520K), 0.0031179 secs] [Times: user=0.02 sys=0.00, real=0.00 secs] 
2019-06-08T22:37:35.986+0300: 25.935: [GC (Allocation Failure) [PSYoungGen: 129056K->544K(148992K)] 168237K->39733K(490496K), 0.0100429 secs] [Times: user=0.09 sys=0.01, real=0.01 secs] 
2019-06-08T22:37:39.280+0300: 29.229: [GC (Allocation Failure) [PSYoungGen: 129056K->576K(151552K)] 168245K->39773K(493056K), 0.0039309 secs] [Times: user=0.02 sys=0.00, real=0.00 secs] 
2019-06-08T22:37:42.651+0300: 32.600: [GC (Allocation Failure) [PSYoungGen: 132160K->608K(150528K)] 171357K->39813K(492032K), 0.0040788 secs] [Times: user=0.04 sys=0.00, real=0.00 secs] 
2019-06-08T22:37:46.018+0300: 35.966: [GC (Allocation Failure) [PSYoungGen: 132192K->704K(153088K)] 171397K->39909K(494592K), 0.0032555 secs] [Times: user=0.02 sys=0.00, real=0.00 secs] 
2019-06-08T22:37:49.486+0300: 39.435: [GC (Allocation Failure) [PSYoungGen: 135872K->640K(152576K)] 175077K->39845K(494080K), 0.0032207 secs] [Times: user=0.01 sys=0.00, real=0.00 secs] 
2019-06-08T22:37:52.977+0300: 42.926: [GC (Allocation Failure) [PSYoungGen: 135808K->672K(154624K)] 175013K->39885K(496128K), 0.0027598 secs] [Times: user=0.01 sys=0.01, real=0.01 secs] 
2019-06-08T22:37:56.526+0300: 46.474: [GC (Allocation Failure) [PSYoungGen: 138912K->576K(154112K)] 178125K->39797K(495616K), 0.0033076 secs] [Times: user=0.01 sys=0.00, real=0.00 secs] 
2019-06-08T22:38:00.096+0300: 50.044: [GC (Allocation Failure) [PSYoungGen: 138816K->576K(156160K)] 178037K->39805K(497664K), 0.0044984 secs] [Times: user=0.03 sys=0.00, real=0.01 secs] 
2019-06-08T22:38:03.716+0300: 53.665: [GC (Allocation Failure) [PSYoungGen: 141888K->608K(155648K)] 181117K->39845K(497152K), 0.0036806 secs] [Times: user=0.02 sys=0.00, real=0.01 secs] 
2019-06-08T22:38:07.340+0300: 57.289: [GC (Allocation Failure) [PSYoungGen: 141920K->672K(157696K)] 181157K->39909K(499200K), 0.0027332 secs] [Times: user=0.01 sys=0.01, real=0.00 secs] 
2019-06-08T22:38:11.061+0300: 61.010: [GC (Allocation Failure) [PSYoungGen: 145056K->576K(157184K)] 184293K->39821K(498688K), 0.0023966 secs] [Times: user=0.01 sys=0.00, real=0.00 secs] 
2019-06-08T22:38:15.496+0300: 65.445: [GC (Allocation Failure) [PSYoungGen: 144960K->791K(159232K)] 184205K->40292K(500736K), 0.0038039 secs] [Times: user=0.01 sys=0.00, real=0.01 secs] 
2019-06-08T22:38:20.256+0300: 70.204: [GC (Allocation Failure) [PSYoungGen: 148247K->512K(158720K)] 187748K->40085K(500224K), 0.0027623 secs] [Times: user=0.01 sys=0.00, real=0.01 secs] 
22:38:33.572 [Curator-PathChildrenCache-0] ERROR o.a.c.f.r.c.PathChildrenCache  - 
java.lang.IllegalStateException: instance must be started before calling this method
	at org.apache.curator.shaded.com.google.common.base.Preconditions.checkState(Preconditions.java:444)
	at org.apache.curator.framework.imps.CuratorFrameworkImpl.getChildren(CuratorFrameworkImpl.java:456)
	at org.apache.curator.framework.recipes.cache.PathChildrenCache.refresh(PathChildrenCache.java:521)
	at org.apache.curator.framework.recipes.cache.RefreshOperation.invoke(RefreshOperation.java:35)
	at org.apache.curator.framework.recipes.cache.PathChildrenCache$9.run(PathChildrenCache.java:786)
	at java.util.concurrent.Executors$RunnableAdapter.call(Executors.java:511)
	at java.util.concurrent.FutureTask.run(FutureTask.java:266)
	at java.util.concurrent.Executors$RunnableAdapter.call(Executors.java:511)
	at java.util.concurrent.FutureTask.run(FutureTask.java:266)
	at java.util.concurrent.ThreadPoolExecutor.runWorker(ThreadPoolExecutor.java:1149)
	at java.util.concurrent.ThreadPoolExecutor$Worker.run(ThreadPoolExecutor.java:624)
	at java.lang.Thread.run(Thread.java:748)
Heap
 PSYoungGen      total 158720K, used 139269K [0x00000000f5980000, 0x0000000100000000, 0x0000000100000000)
  eden space 147456K, 94% used [0x00000000f5980000,0x00000000fe101618,0x00000000fe980000)
  from space 11264K, 4% used [0x00000000fe980000,0x00000000fea00060,0x00000000ff480000)
  to   space 10240K, 0% used [0x00000000ff600000,0x00000000ff600000,0x0000000100000000)
 ParOldGen       total 341504K, used 39573K [0x00000000e0c00000, 0x00000000f5980000, 0x00000000f5980000)
  object space 341504K, 11% used [0x00000000e0c00000,0x00000000e32a5688,0x00000000f5980000)
 Metaspace       used 36234K, capacity 37094K, committed 37464K, reserved 1081344K
  class space    used 4979K, capacity 5161K, committed 5248K, reserved 1048576K
