15:18:00,497 |-INFO in ch.qos.logback.classic.LoggerContext[default] - Could NOT find resource [logback-test.xml]
15:18:00,497 |-INFO in ch.qos.logback.classic.LoggerContext[default] - Could NOT find resource [logback.groovy]
15:18:00,498 |-INFO in ch.qos.logback.classic.LoggerContext[default] - Found resource [logback.xml] at [jar:file:/root/flamestream/lib/flamestream-runtime-1.0-SNAPSHOT.jar!/logback.xml]
15:18:00,498 |-WARN in ch.qos.logback.classic.LoggerContext[default] - Resource [logback.xml] occurs multiple times on the classpath.
15:18:00,499 |-WARN in ch.qos.logback.classic.LoggerContext[default] - Resource [logback.xml] occurs at [jar:file:/root/flamestream/lib/flamestream-runtime-1.0-SNAPSHOT.jar!/logback.xml]
15:18:00,499 |-WARN in ch.qos.logback.classic.LoggerContext[default] - Resource [logback.xml] occurs at [jar:file:/root/flamestream/flamestream-runtime-1.0-SNAPSHOT.jar!/logback.xml]
15:18:00,519 |-INFO in ch.qos.logback.core.joran.spi.ConfigurationWatchList@3fb6a447 - URL [jar:file:/root/flamestream/lib/flamestream-runtime-1.0-SNAPSHOT.jar!/logback.xml] is not of type file
15:18:00,589 |-INFO in ch.qos.logback.classic.joran.action.ConfigurationAction - debug attribute not set
15:18:00,590 |-INFO in ch.qos.logback.core.joran.action.AppenderAction - About to instantiate appender of type [ch.qos.logback.core.ConsoleAppender]
15:18:00,611 |-INFO in ch.qos.logback.core.joran.action.AppenderAction - Naming appender as [STDOUT]
15:18:00,627 |-INFO in ch.qos.logback.core.joran.action.NestedComplexPropertyIA - Assuming default type [ch.qos.logback.classic.encoder.PatternLayoutEncoder] for [encoder] property
15:18:00,713 |-INFO in ch.qos.logback.core.joran.action.AppenderAction - About to instantiate appender of type [ch.qos.logback.core.rolling.RollingFileAppender]
15:18:00,718 |-INFO in ch.qos.logback.core.joran.action.AppenderAction - Naming appender as [FILE]
15:18:00,751 |-INFO in c.q.l.core.rolling.TimeBasedRollingPolicy@127618319 - No compression will be used
15:18:00,752 |-INFO in c.q.l.core.rolling.TimeBasedRollingPolicy@127618319 - Will use the pattern /tmp/application_%d{yyyy-MM-dd}.%i.log for the active file
15:18:00,755 |-INFO in ch.qos.logback.core.rolling.SizeAndTimeBasedFNATP@6b2fad11 - The date pattern is 'yyyy-MM-dd' from file name pattern '/tmp/application_%d{yyyy-MM-dd}.%i.log'.
15:18:00,755 |-INFO in ch.qos.logback.core.rolling.SizeAndTimeBasedFNATP@6b2fad11 - Roll-over at midnight.
15:18:00,760 |-INFO in ch.qos.logback.core.rolling.SizeAndTimeBasedFNATP@6b2fad11 - Setting initial period to Mon Jun 10 15:16:39 UTC 2019
15:18:00,760 |-WARN in ch.qos.logback.core.rolling.SizeAndTimeBasedFNATP@6b2fad11 - SizeAndTimeBasedFNATP is deprecated. Use SizeAndTimeBasedRollingPolicy instead
15:18:00,760 |-WARN in ch.qos.logback.core.rolling.SizeAndTimeBasedFNATP@6b2fad11 - For more information see http://logback.qos.ch/manual/appenders.html#SizeAndTimeBasedRollingPolicy
15:18:00,764 |-INFO in ch.qos.logback.core.joran.action.NestedComplexPropertyIA - Assuming default type [ch.qos.logback.classic.encoder.PatternLayoutEncoder] for [encoder] property
15:18:00,768 |-INFO in ch.qos.logback.core.rolling.RollingFileAppender[FILE] - Active log file name: /tmp/application.log
15:18:00,769 |-INFO in ch.qos.logback.core.rolling.RollingFileAppender[FILE] - File property is set to [/tmp/application.log]
15:18:00,769 |-INFO in ch.qos.logback.classic.joran.action.RootLoggerAction - Setting level of ROOT logger to WARN
15:18:00,769 |-INFO in ch.qos.logback.core.joran.action.AppenderRefAction - Attaching appender named [STDOUT] to Logger[ROOT]
15:18:00,771 |-INFO in ch.qos.logback.core.joran.action.AppenderRefAction - Attaching appender named [FILE] to Logger[ROOT]
15:18:00,771 |-INFO in ch.qos.logback.classic.joran.action.ConfigurationAction - End of configuration.
15:18:00,772 |-INFO in ch.qos.logback.classic.joran.JoranConfigurator@79698539 - Registering current configuration as safe fallback point

Ama winner
Ama winner
2019-06-10T15:18:02.457+0000: 2.140: [Full GC (Metadata GC Threshold) 2019-06-10T15:18:02.457+0000: 2.140: [Tenured: 0K->15241K(341376K), 0.0407773 secs] 120483K->15241K(494976K), [Metaspace: 20730K->20730K(1067008K)], 0.0408478 secs] [Times: user=0.04 sys=0.01, real=0.04 secs] 
15:18:15.778 [Curator-PathChildrenCache-1] WARN  o.a.c.u.ZKPaths  - The version of ZooKeeper being used doesn't support Container nodes. CreateMode.PERSISTENT will be used instead.
2019-06-10T15:18:18.040+0000: 17.723: [GC (Allocation Failure) 2019-06-10T15:18:18.040+0000: 17.723: [DefNew: 136576K->17023K(153600K), 0.0255589 secs] 151817K->52885K(494976K), 0.0256218 secs] [Times: user=0.01 sys=0.01, real=0.02 secs] 
2019-06-10T15:18:19.145+0000: 18.828: [Full GC (Metadata GC Threshold) 2019-06-10T15:18:19.145+0000: 18.828: [Tenured: 35861K->44660K(341376K), 0.0376164 secs] 76128K->44660K(494976K), [Metaspace: 34568K->34568K(1079296K)], 0.0376910 secs] [Times: user=0.04 sys=0.01, real=0.04 secs] 
2019-06-10T15:18:26.096+0000: 25.779: [GC (Allocation Failure) 2019-06-10T15:18:26.096+0000: 25.779: [DefNew: 136576K->108K(153600K), 0.0018805 secs] 181236K->44768K(494976K), 0.0019382 secs] [Times: user=0.00 sys=0.00, real=0.00 secs] 
2019-06-10T15:18:33.111+0000: 32.793: [GC (Allocation Failure) 2019-06-10T15:18:33.111+0000: 32.793: [DefNew: 136684K->104K(153600K), 0.0016994 secs] 181344K->44764K(494976K), 0.0017551 secs] [Times: user=0.00 sys=0.00, real=0.00 secs] 
2019-06-10T15:18:40.146+0000: 39.828: [GC (Allocation Failure) 2019-06-10T15:18:40.146+0000: 39.828: [DefNew: 136680K->106K(153600K), 0.0017766 secs] 181340K->44766K(494976K), 0.0018381 secs] [Times: user=0.00 sys=0.00, real=0.01 secs] 
2019-06-10T15:18:47.249+0000: 46.931: [GC (Allocation Failure) 2019-06-10T15:18:47.249+0000: 46.931: [DefNew: 136682K->107K(153600K), 0.0018110 secs] 181342K->44767K(494976K), 0.0018720 secs] [Times: user=0.00 sys=0.00, real=0.00 secs] 
2019-06-10T15:18:54.312+0000: 53.994: [GC (Allocation Failure) 2019-06-10T15:18:54.312+0000: 53.994: [DefNew: 136683K->106K(153600K), 0.0018528 secs] 181343K->44766K(494976K), 0.0019148 secs] [Times: user=0.01 sys=0.00, real=0.00 secs] 
2019-06-10T15:19:10.630+0000: 70.313: [GC (Allocation Failure) 2019-06-10T15:19:10.630+0000: 70.313: [DefNew: 136682K->674K(153600K), 0.0034833 secs] 181342K->45334K(494976K), 0.0035421 secs] [Times: user=0.00 sys=0.00, real=0.00 secs] 
15:19:10.730 [Curator-PathChildrenCache-0] ERROR o.a.c.f.r.c.PathChildrenCache  - 
java.lang.IllegalStateException: instance must be started before calling this method
	at org.apache.curator.shaded.com.google.common.base.Preconditions.checkState(Preconditions.java:444)
	at org.apache.curator.framework.imps.CuratorFrameworkImpl.getChildren(CuratorFrameworkImpl.java:456)
	at org.apache.curator.framework.recipes.cache.PathChildrenCache.refresh(PathChildrenCache.java:521)
	at org.apache.curator.framework.recipes.cache.RefreshOperation.invoke(RefreshOperation.java:35)
	at org.apache.curator.framework.recipes.cache.PathChildrenCache$9.run(PathChildrenCache.java:786)
	at java.util.concurrent.Executors$RunnableAdapter.call(Executors.java:511)
	at java.util.concurrent.FutureTask.run(FutureTask.java:266)
	at java.util.concurrent.Executors$RunnableAdapter.call(Executors.java:511)
	at java.util.concurrent.FutureTask.run(FutureTask.java:266)
	at java.util.concurrent.ThreadPoolExecutor.runWorker(ThreadPoolExecutor.java:1149)
	at java.util.concurrent.ThreadPoolExecutor$Worker.run(ThreadPoolExecutor.java:624)
	at java.lang.Thread.run(Thread.java:748)
Heap
 def new generation   total 153600K, used 23779K [0x00000000e0c00000, 0x00000000eb2a0000, 0x00000000eb2a0000)
  eden space 136576K,  16% used [0x00000000e0c00000, 0x00000000e2290428, 0x00000000e9160000)
  from space 17024K,   3% used [0x00000000ea200000, 0x00000000ea2a88b8, 0x00000000eb2a0000)
  to   space 17024K,   0% used [0x00000000e9160000, 0x00000000e9160000, 0x00000000ea200000)
 tenured generation   total 341376K, used 44660K [0x00000000eb2a0000, 0x0000000100000000, 0x0000000100000000)
   the space 341376K,  13% used [0x00000000eb2a0000, 0x00000000ede3d088, 0x00000000ede3d200, 0x0000000100000000)
 Metaspace       used 36270K, capacity 37126K, committed 37376K, reserved 1081344K
  class space    used 4868K, capacity 5075K, committed 5120K, reserved 1048576K
