05:26:26,700 |-INFO in ch.qos.logback.classic.LoggerContext[default] - Could NOT find resource [logback-test.xml]
05:26:26,700 |-INFO in ch.qos.logback.classic.LoggerContext[default] - Could NOT find resource [logback.groovy]
05:26:26,700 |-INFO in ch.qos.logback.classic.LoggerContext[default] - Found resource [logback.xml] at [jar:file:/root/flamestream/lib/flamestream-runtime-1.0-SNAPSHOT.jar!/logback.xml]
05:26:26,703 |-WARN in ch.qos.logback.classic.LoggerContext[default] - Resource [logback.xml] occurs multiple times on the classpath.
05:26:26,703 |-WARN in ch.qos.logback.classic.LoggerContext[default] - Resource [logback.xml] occurs at [jar:file:/root/flamestream/lib/flamestream-runtime-1.0-SNAPSHOT.jar!/logback.xml]
05:26:26,703 |-WARN in ch.qos.logback.classic.LoggerContext[default] - Resource [logback.xml] occurs at [jar:file:/root/flamestream/flamestream-runtime-1.0-SNAPSHOT.jar!/logback.xml]
05:26:26,723 |-INFO in ch.qos.logback.core.joran.spi.ConfigurationWatchList@3fb6a447 - URL [jar:file:/root/flamestream/lib/flamestream-runtime-1.0-SNAPSHOT.jar!/logback.xml] is not of type file
05:26:26,794 |-INFO in ch.qos.logback.classic.joran.action.ConfigurationAction - debug attribute not set
05:26:26,795 |-INFO in ch.qos.logback.core.joran.action.AppenderAction - About to instantiate appender of type [ch.qos.logback.core.ConsoleAppender]
05:26:26,811 |-INFO in ch.qos.logback.core.joran.action.AppenderAction - Naming appender as [STDOUT]
05:26:26,829 |-INFO in ch.qos.logback.core.joran.action.NestedComplexPropertyIA - Assuming default type [ch.qos.logback.classic.encoder.PatternLayoutEncoder] for [encoder] property
05:26:26,922 |-INFO in ch.qos.logback.core.joran.action.AppenderAction - About to instantiate appender of type [ch.qos.logback.core.rolling.RollingFileAppender]
05:26:26,927 |-INFO in ch.qos.logback.core.joran.action.AppenderAction - Naming appender as [FILE]
05:26:26,960 |-INFO in c.q.l.core.rolling.TimeBasedRollingPolicy@127618319 - No compression will be used
05:26:26,961 |-INFO in c.q.l.core.rolling.TimeBasedRollingPolicy@127618319 - Will use the pattern /tmp/application_%d{yyyy-MM-dd}.%i.log for the active file
05:26:26,964 |-INFO in ch.qos.logback.core.rolling.SizeAndTimeBasedFNATP@6b2fad11 - The date pattern is 'yyyy-MM-dd' from file name pattern '/tmp/application_%d{yyyy-MM-dd}.%i.log'.
05:26:26,964 |-INFO in ch.qos.logback.core.rolling.SizeAndTimeBasedFNATP@6b2fad11 - Roll-over at midnight.
05:26:26,969 |-INFO in ch.qos.logback.core.rolling.SizeAndTimeBasedFNATP@6b2fad11 - Setting initial period to Tue Jun 11 05:25:10 UTC 2019
05:26:26,969 |-WARN in ch.qos.logback.core.rolling.SizeAndTimeBasedFNATP@6b2fad11 - SizeAndTimeBasedFNATP is deprecated. Use SizeAndTimeBasedRollingPolicy instead
05:26:26,969 |-WARN in ch.qos.logback.core.rolling.SizeAndTimeBasedFNATP@6b2fad11 - For more information see http://logback.qos.ch/manual/appenders.html#SizeAndTimeBasedRollingPolicy
05:26:26,973 |-INFO in ch.qos.logback.core.joran.action.NestedComplexPropertyIA - Assuming default type [ch.qos.logback.classic.encoder.PatternLayoutEncoder] for [encoder] property
05:26:26,978 |-INFO in ch.qos.logback.core.rolling.RollingFileAppender[FILE] - Active log file name: /tmp/application.log
05:26:26,978 |-INFO in ch.qos.logback.core.rolling.RollingFileAppender[FILE] - File property is set to [/tmp/application.log]
05:26:26,978 |-INFO in ch.qos.logback.classic.joran.action.RootLoggerAction - Setting level of ROOT logger to WARN
05:26:26,978 |-INFO in ch.qos.logback.core.joran.action.AppenderRefAction - Attaching appender named [STDOUT] to Logger[ROOT]
05:26:26,980 |-INFO in ch.qos.logback.core.joran.action.AppenderRefAction - Attaching appender named [FILE] to Logger[ROOT]
05:26:26,980 |-INFO in ch.qos.logback.classic.joran.action.ConfigurationAction - End of configuration.
05:26:26,981 |-INFO in ch.qos.logback.classic.joran.JoranConfigurator@79698539 - Registering current configuration as safe fallback point

Ama winner
Ama winner
2019-06-11T05:26:28.307+0000: 1.792: [Full GC (Metadata GC Threshold) 2019-06-11T05:26:28.307+0000: 1.792: [Tenured: 0K->15241K(341376K), 0.0391792 secs] 114987K->15241K(494976K), [Metaspace: 20741K->20741K(1067008K)], 0.0392482 secs] [Times: user=0.03 sys=0.01, real=0.04 secs] 
05:26:40.389 [Curator-PathChildrenCache-1] WARN  o.a.c.u.ZKPaths  - The version of ZooKeeper being used doesn't support Container nodes. CreateMode.PERSISTENT will be used instead.
2019-06-11T05:26:42.411+0000: 15.895: [GC (Allocation Failure) 2019-06-11T05:26:42.411+0000: 15.895: [DefNew: 117502K->16647K(153600K), 0.0186917 secs] 132743K->31889K(494976K), 0.0187630 secs] [Times: user=0.02 sys=0.00, real=0.02 secs] 
2019-06-11T05:26:46.061+0000: 19.546: [Full GC (Metadata GC Threshold) 2019-06-11T05:26:46.061+0000: 19.546: [Tenured: 15241K->43328K(341376K), 0.0626875 secs] 128280K->43328K(494976K), [Metaspace: 34609K->34609K(1079296K)], 0.0627810 secs] [Times: user=0.05 sys=0.00, real=0.06 secs] 
2019-06-11T05:26:52.306+0000: 25.791: [GC (Allocation Failure) 2019-06-11T05:26:52.306+0000: 25.791: [DefNew: 136576K->88K(153600K), 0.0018541 secs] 179904K->43416K(494976K), 0.0019287 secs] [Times: user=0.00 sys=0.00, real=0.00 secs] 
2019-06-11T05:26:58.637+0000: 32.122: [GC (Allocation Failure) 2019-06-11T05:26:58.637+0000: 32.122: [DefNew: 136664K->128K(153600K), 0.0016965 secs] 179992K->43456K(494976K), 0.0017587 secs] [Times: user=0.00 sys=0.00, real=0.00 secs] 
2019-06-11T05:27:04.993+0000: 38.478: [GC (Allocation Failure) 2019-06-11T05:27:04.993+0000: 38.478: [DefNew: 136704K->153K(153600K), 0.0017756 secs] 180032K->43482K(494976K), 0.0018402 secs] [Times: user=0.00 sys=0.00, real=0.00 secs] 
2019-06-11T05:27:11.329+0000: 44.814: [GC (Allocation Failure) 2019-06-11T05:27:11.329+0000: 44.814: [DefNew: 136729K->187K(153600K), 0.0018426 secs] 180058K->43516K(494976K), 0.0019048 secs] [Times: user=0.01 sys=0.00, real=0.00 secs] 
2019-06-11T05:27:25.766+0000: 59.250: [GC (Allocation Failure) 2019-06-11T05:27:25.766+0000: 59.251: [DefNew: 136763K->216K(153600K), 0.0019336 secs] 180092K->43544K(494976K), 0.0019952 secs] [Times: user=0.00 sys=0.00, real=0.00 secs] 
05:27:26.778 [Curator-PathChildrenCache-0] ERROR o.a.c.f.r.c.PathChildrenCache  - 
java.lang.IllegalStateException: instance must be started before calling this method
	at org.apache.curator.shaded.com.google.common.base.Preconditions.checkState(Preconditions.java:444)
	at org.apache.curator.framework.imps.CuratorFrameworkImpl.getChildren(CuratorFrameworkImpl.java:456)
	at org.apache.curator.framework.recipes.cache.PathChildrenCache.refresh(PathChildrenCache.java:521)
	at org.apache.curator.framework.recipes.cache.RefreshOperation.invoke(RefreshOperation.java:35)
	at org.apache.curator.framework.recipes.cache.PathChildrenCache$9.run(PathChildrenCache.java:786)
	at java.util.concurrent.Executors$RunnableAdapter.call(Executors.java:511)
	at java.util.concurrent.FutureTask.run(FutureTask.java:266)
	at java.util.concurrent.Executors$RunnableAdapter.call(Executors.java:511)
	at java.util.concurrent.FutureTask.run(FutureTask.java:266)
	at java.util.concurrent.ThreadPoolExecutor.runWorker(ThreadPoolExecutor.java:1149)
	at java.util.concurrent.ThreadPoolExecutor$Worker.run(ThreadPoolExecutor.java:624)
	at java.lang.Thread.run(Thread.java:748)
Heap
 def new generation   total 153600K, used 19882K [0x00000000e0c00000, 0x00000000eb2a0000, 0x00000000eb2a0000)
  eden space 136576K,  14% used [0x00000000e0c00000, 0x00000000e1f34960, 0x00000000e9160000)
  from space 17024K,   1% used [0x00000000e9160000, 0x00000000e9196048, 0x00000000ea200000)
  to   space 17024K,   0% used [0x00000000ea200000, 0x00000000ea200000, 0x00000000eb2a0000)
 tenured generation   total 341376K, used 43328K [0x00000000eb2a0000, 0x0000000100000000, 0x0000000100000000)
   the space 341376K,  12% used [0x00000000eb2a0000, 0x00000000edcf0310, 0x00000000edcf0400, 0x0000000100000000)
 Metaspace       used 35708K, capacity 36640K, committed 36864K, reserved 1081344K
  class space    used 4828K, capacity 5042K, committed 5120K, reserved 1048576K
