16:31:58,511 |-INFO in ch.qos.logback.classic.LoggerContext[default] - Could NOT find resource [logback-test.xml]
16:31:58,511 |-INFO in ch.qos.logback.classic.LoggerContext[default] - Could NOT find resource [logback.groovy]
16:31:58,511 |-INFO in ch.qos.logback.classic.LoggerContext[default] - Found resource [logback.xml] at [jar:file:/root/flamestream/lib/flamestream-runtime-1.0-SNAPSHOT.jar!/logback.xml]
16:31:58,512 |-WARN in ch.qos.logback.classic.LoggerContext[default] - Resource [logback.xml] occurs multiple times on the classpath.
16:31:58,512 |-WARN in ch.qos.logback.classic.LoggerContext[default] - Resource [logback.xml] occurs at [jar:file:/root/flamestream/lib/flamestream-runtime-1.0-SNAPSHOT.jar!/logback.xml]
16:31:58,512 |-WARN in ch.qos.logback.classic.LoggerContext[default] - Resource [logback.xml] occurs at [jar:file:/root/flamestream/flamestream-runtime-1.0-SNAPSHOT.jar!/logback.xml]
16:31:58,533 |-INFO in ch.qos.logback.core.joran.spi.ConfigurationWatchList@3fb6a447 - URL [jar:file:/root/flamestream/lib/flamestream-runtime-1.0-SNAPSHOT.jar!/logback.xml] is not of type file
16:31:58,607 |-INFO in ch.qos.logback.classic.joran.action.ConfigurationAction - debug attribute not set
16:31:58,607 |-INFO in ch.qos.logback.core.joran.action.AppenderAction - About to instantiate appender of type [ch.qos.logback.core.ConsoleAppender]
16:31:58,624 |-INFO in ch.qos.logback.core.joran.action.AppenderAction - Naming appender as [STDOUT]
16:31:58,642 |-INFO in ch.qos.logback.core.joran.action.NestedComplexPropertyIA - Assuming default type [ch.qos.logback.classic.encoder.PatternLayoutEncoder] for [encoder] property
16:31:58,724 |-INFO in ch.qos.logback.core.joran.action.AppenderAction - About to instantiate appender of type [ch.qos.logback.core.rolling.RollingFileAppender]
16:31:58,733 |-INFO in ch.qos.logback.core.joran.action.AppenderAction - Naming appender as [FILE]
16:31:58,765 |-INFO in c.q.l.core.rolling.TimeBasedRollingPolicy@127618319 - No compression will be used
16:31:58,766 |-INFO in c.q.l.core.rolling.TimeBasedRollingPolicy@127618319 - Will use the pattern /tmp/application_%d{yyyy-MM-dd}.%i.log for the active file
16:31:58,769 |-INFO in ch.qos.logback.core.rolling.SizeAndTimeBasedFNATP@6b2fad11 - The date pattern is 'yyyy-MM-dd' from file name pattern '/tmp/application_%d{yyyy-MM-dd}.%i.log'.
16:31:58,769 |-INFO in ch.qos.logback.core.rolling.SizeAndTimeBasedFNATP@6b2fad11 - Roll-over at midnight.
16:31:58,775 |-INFO in ch.qos.logback.core.rolling.SizeAndTimeBasedFNATP@6b2fad11 - Setting initial period to Mon Jun 10 16:30:34 UTC 2019
16:31:58,775 |-WARN in ch.qos.logback.core.rolling.SizeAndTimeBasedFNATP@6b2fad11 - SizeAndTimeBasedFNATP is deprecated. Use SizeAndTimeBasedRollingPolicy instead
16:31:58,775 |-WARN in ch.qos.logback.core.rolling.SizeAndTimeBasedFNATP@6b2fad11 - For more information see http://logback.qos.ch/manual/appenders.html#SizeAndTimeBasedRollingPolicy
16:31:58,779 |-INFO in ch.qos.logback.core.joran.action.NestedComplexPropertyIA - Assuming default type [ch.qos.logback.classic.encoder.PatternLayoutEncoder] for [encoder] property
16:31:58,784 |-INFO in ch.qos.logback.core.rolling.RollingFileAppender[FILE] - Active log file name: /tmp/application.log
16:31:58,784 |-INFO in ch.qos.logback.core.rolling.RollingFileAppender[FILE] - File property is set to [/tmp/application.log]
16:31:58,784 |-INFO in ch.qos.logback.classic.joran.action.RootLoggerAction - Setting level of ROOT logger to WARN
16:31:58,785 |-INFO in ch.qos.logback.core.joran.action.AppenderRefAction - Attaching appender named [STDOUT] to Logger[ROOT]
16:31:58,787 |-INFO in ch.qos.logback.core.joran.action.AppenderRefAction - Attaching appender named [FILE] to Logger[ROOT]
16:31:58,787 |-INFO in ch.qos.logback.classic.joran.action.ConfigurationAction - End of configuration.
16:31:58,787 |-INFO in ch.qos.logback.classic.joran.JoranConfigurator@79698539 - Registering current configuration as safe fallback point

Ama winner
Ama winner
2019-06-10T16:32:00.101+0000: 1.775: [Full GC (Metadata GC Threshold) 2019-06-10T16:32:00.101+0000: 1.775: [Tenured: 0K->15240K(341376K), 0.0372557 secs] 117751K->15240K(494976K), [Metaspace: 20728K->20728K(1067008K)], 0.0373420 secs] [Times: user=0.03 sys=0.02, real=0.04 secs] 
16:32:17.809 [Curator-PathChildrenCache-2] WARN  o.a.c.u.ZKPaths  - The version of ZooKeeper being used doesn't support Container nodes. CreateMode.PERSISTENT will be used instead.
2019-06-10T16:32:20.155+0000: 21.829: [GC (Allocation Failure) 2019-06-10T16:32:20.155+0000: 21.829: [DefNew: 117879K->17024K(153600K), 0.0189645 secs] 133120K->33157K(494976K), 0.0190436 secs] [Times: user=0.02 sys=0.00, real=0.02 secs] 
2019-06-10T16:32:20.755+0000: 22.429: [Full GC (Metadata GC Threshold) 2019-06-10T16:32:20.755+0000: 22.429: [Tenured: 16133K->44459K(341376K), 0.0456977 secs] 73113K->44459K(494976K), [Metaspace: 34586K->34586K(1079296K)], 0.0457754 secs] [Times: user=0.04 sys=0.01, real=0.05 secs] 
2019-06-10T16:32:23.534+0000: 25.208: [GC (Allocation Failure) 2019-06-10T16:32:23.534+0000: 25.208: [DefNew: 136576K->225K(153600K), 0.0022794 secs] 181035K->44685K(494976K), 0.0023357 secs] [Times: user=0.00 sys=0.00, real=0.00 secs] 
2019-06-10T16:32:26.193+0000: 27.867: [GC (Allocation Failure) 2019-06-10T16:32:26.193+0000: 27.867: [DefNew: 136801K->252K(153600K), 0.0020658 secs] 181261K->44712K(494976K), 0.0021209 secs] [Times: user=0.00 sys=0.00, real=0.00 secs] 
2019-06-10T16:32:28.920+0000: 30.594: [GC (Allocation Failure) 2019-06-10T16:32:28.920+0000: 30.594: [DefNew: 136828K->280K(153600K), 0.0022002 secs] 181288K->44740K(494976K), 0.0022596 secs] [Times: user=0.01 sys=0.00, real=0.00 secs] 
2019-06-10T16:32:31.620+0000: 33.295: [GC (Allocation Failure) 2019-06-10T16:32:31.621+0000: 33.295: [DefNew: 136856K->284K(153600K), 0.0021556 secs] 181316K->44744K(494976K), 0.0033538 secs] [Times: user=0.00 sys=0.00, real=0.00 secs] 
2019-06-10T16:32:34.299+0000: 35.973: [GC (Allocation Failure) 2019-06-10T16:32:34.299+0000: 35.973: [DefNew: 136860K->312K(153600K), 0.0022410 secs] 181320K->44771K(494976K), 0.0023018 secs] [Times: user=0.01 sys=0.00, real=0.00 secs] 
2019-06-10T16:32:36.927+0000: 38.601: [GC (Allocation Failure) 2019-06-10T16:32:36.927+0000: 38.601: [DefNew: 136888K->319K(153600K), 0.0022637 secs] 181347K->44779K(494976K), 0.0023234 secs] [Times: user=0.00 sys=0.00, real=0.01 secs] 
16:32:47.987 [Curator-PathChildrenCache-0] ERROR o.a.c.f.r.c.PathChildrenCache  - 
java.lang.IllegalStateException: instance must be started before calling this method
	at org.apache.curator.shaded.com.google.common.base.Preconditions.checkState(Preconditions.java:444)
	at org.apache.curator.framework.imps.CuratorFrameworkImpl.getChildren(CuratorFrameworkImpl.java:456)
	at org.apache.curator.framework.recipes.cache.PathChildrenCache.refresh(PathChildrenCache.java:521)
	at org.apache.curator.framework.recipes.cache.RefreshOperation.invoke(RefreshOperation.java:35)
	at org.apache.curator.framework.recipes.cache.PathChildrenCache$9.run(PathChildrenCache.java:786)
	at java.util.concurrent.Executors$RunnableAdapter.call(Executors.java:511)
	at java.util.concurrent.FutureTask.run(FutureTask.java:266)
	at java.util.concurrent.Executors$RunnableAdapter.call(Executors.java:511)
	at java.util.concurrent.FutureTask.run(FutureTask.java:266)
	at java.util.concurrent.ThreadPoolExecutor.runWorker(ThreadPoolExecutor.java:1149)
	at java.util.concurrent.ThreadPoolExecutor$Worker.run(ThreadPoolExecutor.java:624)
	at java.lang.Thread.run(Thread.java:748)
Heap
 def new generation   total 153600K, used 87235K [0x00000000e0c00000, 0x00000000eb2a0000, 0x00000000eb2a0000)
  eden space 136576K,  63% used [0x00000000e0c00000, 0x00000000e60e0f18, 0x00000000e9160000)
  from space 17024K,   1% used [0x00000000ea200000, 0x00000000ea24fe30, 0x00000000eb2a0000)
  to   space 17024K,   0% used [0x00000000e9160000, 0x00000000e9160000, 0x00000000ea200000)
 tenured generation   total 341376K, used 44459K [0x00000000eb2a0000, 0x0000000100000000, 0x0000000100000000)
   the space 341376K,  13% used [0x00000000eb2a0000, 0x00000000ede0afc0, 0x00000000ede0b000, 0x0000000100000000)
 Metaspace       used 36073K, capacity 37038K, committed 37120K, reserved 1081344K
  class space    used 4874K, capacity 5067K, committed 5120K, reserved 1048576K
