05:24:08,169 |-INFO in ch.qos.logback.classic.LoggerContext[default] - Could NOT find resource [logback-test.xml]
05:24:08,169 |-INFO in ch.qos.logback.classic.LoggerContext[default] - Could NOT find resource [logback.groovy]
05:24:08,170 |-INFO in ch.qos.logback.classic.LoggerContext[default] - Found resource [logback.xml] at [jar:file:/root/flamestream/lib/flamestream-runtime-1.0-SNAPSHOT.jar!/logback.xml]
05:24:08,170 |-WARN in ch.qos.logback.classic.LoggerContext[default] - Resource [logback.xml] occurs multiple times on the classpath.
05:24:08,171 |-WARN in ch.qos.logback.classic.LoggerContext[default] - Resource [logback.xml] occurs at [jar:file:/root/flamestream/lib/flamestream-runtime-1.0-SNAPSHOT.jar!/logback.xml]
05:24:08,171 |-WARN in ch.qos.logback.classic.LoggerContext[default] - Resource [logback.xml] occurs at [jar:file:/root/flamestream/flamestream-runtime-1.0-SNAPSHOT.jar!/logback.xml]
05:24:08,190 |-INFO in ch.qos.logback.core.joran.spi.ConfigurationWatchList@3fb6a447 - URL [jar:file:/root/flamestream/lib/flamestream-runtime-1.0-SNAPSHOT.jar!/logback.xml] is not of type file
05:24:08,262 |-INFO in ch.qos.logback.classic.joran.action.ConfigurationAction - debug attribute not set
05:24:08,262 |-INFO in ch.qos.logback.core.joran.action.AppenderAction - About to instantiate appender of type [ch.qos.logback.core.ConsoleAppender]
05:24:08,282 |-INFO in ch.qos.logback.core.joran.action.AppenderAction - Naming appender as [STDOUT]
05:24:08,300 |-INFO in ch.qos.logback.core.joran.action.NestedComplexPropertyIA - Assuming default type [ch.qos.logback.classic.encoder.PatternLayoutEncoder] for [encoder] property
05:24:08,381 |-INFO in ch.qos.logback.core.joran.action.AppenderAction - About to instantiate appender of type [ch.qos.logback.core.rolling.RollingFileAppender]
05:24:08,386 |-INFO in ch.qos.logback.core.joran.action.AppenderAction - Naming appender as [FILE]
05:24:08,418 |-INFO in c.q.l.core.rolling.TimeBasedRollingPolicy@127618319 - No compression will be used
05:24:08,420 |-INFO in c.q.l.core.rolling.TimeBasedRollingPolicy@127618319 - Will use the pattern /tmp/application_%d{yyyy-MM-dd}.%i.log for the active file
05:24:08,423 |-INFO in ch.qos.logback.core.rolling.SizeAndTimeBasedFNATP@6b2fad11 - The date pattern is 'yyyy-MM-dd' from file name pattern '/tmp/application_%d{yyyy-MM-dd}.%i.log'.
05:24:08,423 |-INFO in ch.qos.logback.core.rolling.SizeAndTimeBasedFNATP@6b2fad11 - Roll-over at midnight.
05:24:08,428 |-INFO in ch.qos.logback.core.rolling.SizeAndTimeBasedFNATP@6b2fad11 - Setting initial period to Tue Jun 11 05:22:50 UTC 2019
05:24:08,428 |-WARN in ch.qos.logback.core.rolling.SizeAndTimeBasedFNATP@6b2fad11 - SizeAndTimeBasedFNATP is deprecated. Use SizeAndTimeBasedRollingPolicy instead
05:24:08,428 |-WARN in ch.qos.logback.core.rolling.SizeAndTimeBasedFNATP@6b2fad11 - For more information see http://logback.qos.ch/manual/appenders.html#SizeAndTimeBasedRollingPolicy
05:24:08,432 |-INFO in ch.qos.logback.core.joran.action.NestedComplexPropertyIA - Assuming default type [ch.qos.logback.classic.encoder.PatternLayoutEncoder] for [encoder] property
05:24:08,437 |-INFO in ch.qos.logback.core.rolling.RollingFileAppender[FILE] - Active log file name: /tmp/application.log
05:24:08,437 |-INFO in ch.qos.logback.core.rolling.RollingFileAppender[FILE] - File property is set to [/tmp/application.log]
05:24:08,438 |-INFO in ch.qos.logback.classic.joran.action.RootLoggerAction - Setting level of ROOT logger to WARN
05:24:08,438 |-INFO in ch.qos.logback.core.joran.action.AppenderRefAction - Attaching appender named [STDOUT] to Logger[ROOT]
05:24:08,440 |-INFO in ch.qos.logback.core.joran.action.AppenderRefAction - Attaching appender named [FILE] to Logger[ROOT]
05:24:08,440 |-INFO in ch.qos.logback.classic.joran.action.ConfigurationAction - End of configuration.
05:24:08,440 |-INFO in ch.qos.logback.classic.joran.JoranConfigurator@79698539 - Registering current configuration as safe fallback point

Ama winner
Ama winner
2019-06-11T05:24:09.761+0000: 1.783: [Full GC (Metadata GC Threshold) 2019-06-11T05:24:09.761+0000: 1.783: [Tenured: 0K->15209K(341376K), 0.0395819 secs] 115001K->15209K(494976K), [Metaspace: 20738K->20738K(1067008K)], 0.0396477 secs] [Times: user=0.03 sys=0.00, real=0.04 secs] 
05:24:26.137 [Curator-PathChildrenCache-2] WARN  o.a.c.u.ZKPaths  - The version of ZooKeeper being used doesn't support Container nodes. CreateMode.PERSISTENT will be used instead.
2019-06-11T05:24:28.325+0000: 20.346: [GC (Allocation Failure) 2019-06-11T05:24:28.325+0000: 20.347: [DefNew: 136576K->17023K(153600K), 0.0371423 secs] 151785K->53043K(494976K), 0.0372136 secs] [Times: user=0.03 sys=0.00, real=0.04 secs] 
2019-06-11T05:24:28.725+0000: 20.746: [Full GC (Metadata GC Threshold) 2019-06-11T05:24:28.725+0000: 20.747: [Tenured: 36019K->44755K(341376K), 0.0351659 secs] 68088K->44755K(494976K), [Metaspace: 34520K->34520K(1079296K)], 0.0352440 secs] [Times: user=0.04 sys=0.00, real=0.04 secs] 
2019-06-11T05:24:32.638+0000: 24.660: [GC (Allocation Failure) 2019-06-11T05:24:32.638+0000: 24.660: [DefNew: 136576K->131K(153600K), 0.0019898 secs] 181331K->44886K(494976K), 0.0020495 secs] [Times: user=0.00 sys=0.01, real=0.00 secs] 
2019-06-11T05:24:36.378+0000: 28.400: [GC (Allocation Failure) 2019-06-11T05:24:36.378+0000: 28.400: [DefNew: 136707K->178K(153600K), 0.0019560 secs] 181462K->44934K(494976K), 0.0020174 secs] [Times: user=0.01 sys=0.00, real=0.00 secs] 
2019-06-11T05:24:40.009+0000: 32.030: [GC (Allocation Failure) 2019-06-11T05:24:40.009+0000: 32.031: [DefNew: 136754K->210K(153600K), 0.0020273 secs] 181510K->44966K(494976K), 0.0020945 secs] [Times: user=0.00 sys=0.00, real=0.00 secs] 
2019-06-11T05:24:44.505+0000: 36.527: [GC (Allocation Failure) 2019-06-11T05:24:44.505+0000: 36.527: [DefNew: 136786K->208K(153600K), 0.0019369 secs] 181542K->44964K(494976K), 0.0020047 secs] [Times: user=0.01 sys=0.00, real=0.01 secs] 
2019-06-11T05:24:49.954+0000: 41.976: [GC (Allocation Failure) 2019-06-11T05:24:49.954+0000: 41.976: [DefNew: 136784K->210K(153600K), 0.0020180 secs] 181540K->44966K(494976K), 0.0020891 secs] [Times: user=0.01 sys=0.00, real=0.00 secs] 
2019-06-11T05:24:55.664+0000: 47.686: [GC (Allocation Failure) 2019-06-11T05:24:55.664+0000: 47.686: [DefNew: 136786K->207K(153600K), 0.0020910 secs] 181542K->44963K(494976K), 0.0021694 secs] [Times: user=0.00 sys=0.00, real=0.01 secs] 
05:25:10.310 [Curator-PathChildrenCache-0] ERROR o.a.c.f.r.c.PathChildrenCache  - 
java.lang.IllegalStateException: instance must be started before calling this method
	at org.apache.curator.shaded.com.google.common.base.Preconditions.checkState(Preconditions.java:444)
	at org.apache.curator.framework.imps.CuratorFrameworkImpl.getChildren(CuratorFrameworkImpl.java:456)
	at org.apache.curator.framework.recipes.cache.PathChildrenCache.refresh(PathChildrenCache.java:521)
	at org.apache.curator.framework.recipes.cache.RefreshOperation.invoke(RefreshOperation.java:35)
	at org.apache.curator.framework.recipes.cache.PathChildrenCache$9.run(PathChildrenCache.java:786)
	at java.util.concurrent.Executors$RunnableAdapter.call(Executors.java:511)
	at java.util.concurrent.FutureTask.run(FutureTask.java:266)
	at java.util.concurrent.Executors$RunnableAdapter.call(Executors.java:511)
	at java.util.concurrent.FutureTask.run(FutureTask.java:266)
	at java.util.concurrent.ThreadPoolExecutor.runWorker(ThreadPoolExecutor.java:1149)
	at java.util.concurrent.ThreadPoolExecutor$Worker.run(ThreadPoolExecutor.java:624)
	at java.lang.Thread.run(Thread.java:748)
Heap
 def new generation   total 153600K, used 103773K [0x00000000e0c00000, 0x00000000eb2a0000, 0x00000000eb2a0000)
  eden space 136576K,  75% used [0x00000000e0c00000, 0x00000000e71238e8, 0x00000000e9160000)
  from space 17024K,   1% used [0x00000000ea200000, 0x00000000ea233f00, 0x00000000eb2a0000)
  to   space 17024K,   0% used [0x00000000e9160000, 0x00000000e9160000, 0x00000000ea200000)
 tenured generation   total 341376K, used 44755K [0x00000000eb2a0000, 0x0000000100000000, 0x0000000100000000)
   the space 341376K,  13% used [0x00000000eb2a0000, 0x00000000ede54f90, 0x00000000ede55000, 0x0000000100000000)
 Metaspace       used 36307K, capacity 37314K, committed 37504K, reserved 1081344K
  class space    used 4899K, capacity 5123K, committed 5248K, reserved 1048576K
