07:37:32,759 |-INFO in ch.qos.logback.classic.LoggerContext[default] - Could NOT find resource [logback-test.xml]
07:37:32,759 |-INFO in ch.qos.logback.classic.LoggerContext[default] - Could NOT find resource [logback.groovy]
07:37:32,759 |-INFO in ch.qos.logback.classic.LoggerContext[default] - Found resource [logback.xml] at [jar:file:/root/flamestream/lib/flamestream-runtime-1.0-SNAPSHOT.jar!/logback.xml]
07:37:32,759 |-WARN in ch.qos.logback.classic.LoggerContext[default] - Resource [logback.xml] occurs multiple times on the classpath.
07:37:32,760 |-WARN in ch.qos.logback.classic.LoggerContext[default] - Resource [logback.xml] occurs at [jar:file:/root/flamestream/lib/flamestream-runtime-1.0-SNAPSHOT.jar!/logback.xml]
07:37:32,760 |-WARN in ch.qos.logback.classic.LoggerContext[default] - Resource [logback.xml] occurs at [jar:file:/root/flamestream/flamestream-runtime-1.0-SNAPSHOT.jar!/logback.xml]
07:37:32,784 |-INFO in ch.qos.logback.core.joran.spi.ConfigurationWatchList@3fb6a447 - URL [jar:file:/root/flamestream/lib/flamestream-runtime-1.0-SNAPSHOT.jar!/logback.xml] is not of type file
07:37:32,853 |-INFO in ch.qos.logback.classic.joran.action.ConfigurationAction - debug attribute not set
07:37:32,854 |-INFO in ch.qos.logback.core.joran.action.AppenderAction - About to instantiate appender of type [ch.qos.logback.core.ConsoleAppender]
07:37:32,871 |-INFO in ch.qos.logback.core.joran.action.AppenderAction - Naming appender as [STDOUT]
07:37:32,889 |-INFO in ch.qos.logback.core.joran.action.NestedComplexPropertyIA - Assuming default type [ch.qos.logback.classic.encoder.PatternLayoutEncoder] for [encoder] property
07:37:32,972 |-INFO in ch.qos.logback.core.joran.action.AppenderAction - About to instantiate appender of type [ch.qos.logback.core.rolling.RollingFileAppender]
07:37:32,980 |-INFO in ch.qos.logback.core.joran.action.AppenderAction - Naming appender as [FILE]
07:37:33,010 |-INFO in c.q.l.core.rolling.TimeBasedRollingPolicy@127618319 - No compression will be used
07:37:33,012 |-INFO in c.q.l.core.rolling.TimeBasedRollingPolicy@127618319 - Will use the pattern /tmp/application_%d{yyyy-MM-dd}.%i.log for the active file
07:37:33,015 |-INFO in ch.qos.logback.core.rolling.SizeAndTimeBasedFNATP@6b2fad11 - The date pattern is 'yyyy-MM-dd' from file name pattern '/tmp/application_%d{yyyy-MM-dd}.%i.log'.
07:37:33,015 |-INFO in ch.qos.logback.core.rolling.SizeAndTimeBasedFNATP@6b2fad11 - Roll-over at midnight.
07:37:33,020 |-INFO in ch.qos.logback.core.rolling.SizeAndTimeBasedFNATP@6b2fad11 - Setting initial period to Tue Jun 11 07:36:06 UTC 2019
07:37:33,020 |-WARN in ch.qos.logback.core.rolling.SizeAndTimeBasedFNATP@6b2fad11 - SizeAndTimeBasedFNATP is deprecated. Use SizeAndTimeBasedRollingPolicy instead
07:37:33,020 |-WARN in ch.qos.logback.core.rolling.SizeAndTimeBasedFNATP@6b2fad11 - For more information see http://logback.qos.ch/manual/appenders.html#SizeAndTimeBasedRollingPolicy
07:37:33,024 |-INFO in ch.qos.logback.core.joran.action.NestedComplexPropertyIA - Assuming default type [ch.qos.logback.classic.encoder.PatternLayoutEncoder] for [encoder] property
07:37:33,029 |-INFO in ch.qos.logback.core.rolling.RollingFileAppender[FILE] - Active log file name: /tmp/application.log
07:37:33,029 |-INFO in ch.qos.logback.core.rolling.RollingFileAppender[FILE] - File property is set to [/tmp/application.log]
07:37:33,030 |-INFO in ch.qos.logback.classic.joran.action.RootLoggerAction - Setting level of ROOT logger to WARN
07:37:33,030 |-INFO in ch.qos.logback.core.joran.action.AppenderRefAction - Attaching appender named [STDOUT] to Logger[ROOT]
07:37:33,032 |-INFO in ch.qos.logback.core.joran.action.AppenderRefAction - Attaching appender named [FILE] to Logger[ROOT]
07:37:33,032 |-INFO in ch.qos.logback.classic.joran.action.ConfigurationAction - End of configuration.
07:37:33,033 |-INFO in ch.qos.logback.classic.joran.JoranConfigurator@79698539 - Registering current configuration as safe fallback point

Ama winner
Ama winner
2019-06-11T07:37:34.352+0000: 1.776: [Full GC (Metadata GC Threshold) 2019-06-11T07:37:34.352+0000: 1.776: [Tenured: 0K->15176K(341376K), 0.0401779 secs] 114988K->15176K(494976K), [Metaspace: 20733K->20733K(1067008K)], 0.0402620 secs] [Times: user=0.04 sys=0.00, real=0.04 secs] 
07:37:50.402 [Curator-PathChildrenCache-1] WARN  o.a.c.u.ZKPaths  - The version of ZooKeeper being used doesn't support Container nodes. CreateMode.PERSISTENT will be used instead.
2019-06-11T07:37:52.849+0000: 20.273: [GC (Allocation Failure) 2019-06-11T07:37:52.849+0000: 20.273: [DefNew: 136576K->17024K(153600K), 0.0262354 secs] 151752K->52488K(494976K), 0.0263049 secs] [Times: user=0.02 sys=0.00, real=0.02 secs] 
2019-06-11T07:37:55.272+0000: 22.696: [Full GC (Metadata GC Threshold) 2019-06-11T07:37:55.272+0000: 22.696: [Tenured: 35464K->43657K(341376K), 0.0461105 secs] 113329K->43657K(494976K), [Metaspace: 34582K->34582K(1079296K)], 0.0461838 secs] [Times: user=0.04 sys=0.00, real=0.05 secs] 
2019-06-11T07:38:00.808+0000: 28.231: [GC (Allocation Failure) 2019-06-11T07:38:00.808+0000: 28.231: [DefNew: 136576K->64K(153600K), 0.0016890 secs] 180233K->43721K(494976K), 0.0017690 secs] [Times: user=0.00 sys=0.00, real=0.01 secs] 
2019-06-11T07:38:06.379+0000: 33.803: [GC (Allocation Failure) 2019-06-11T07:38:06.379+0000: 33.803: [DefNew: 136640K->59K(153600K), 0.0017548 secs] 180297K->43717K(494976K), 0.0018096 secs] [Times: user=0.00 sys=0.00, real=0.00 secs] 
2019-06-11T07:38:11.993+0000: 39.416: [GC (Allocation Failure) 2019-06-11T07:38:11.993+0000: 39.416: [DefNew: 136635K->61K(153600K), 0.0017768 secs] 180293K->43719K(494976K), 0.0018394 secs] [Times: user=0.00 sys=0.00, real=0.00 secs] 
2019-06-11T07:38:17.641+0000: 45.065: [GC (Allocation Failure) 2019-06-11T07:38:17.641+0000: 45.065: [DefNew: 136637K->66K(153600K), 0.0017418 secs] 180295K->43724K(494976K), 0.0018220 secs] [Times: user=0.00 sys=0.00, real=0.00 secs] 
2019-06-11T07:38:30.799+0000: 58.223: [GC (Allocation Failure) 2019-06-11T07:38:30.799+0000: 58.223: [DefNew: 136642K->60K(153600K), 0.0017607 secs] 180300K->43718K(494976K), 0.0018203 secs] [Times: user=0.00 sys=0.00, real=0.00 secs] 
07:38:33.080 [Curator-PathChildrenCache-0] ERROR o.a.c.f.r.c.PathChildrenCache  - 
java.lang.IllegalStateException: instance must be started before calling this method
	at org.apache.curator.shaded.com.google.common.base.Preconditions.checkState(Preconditions.java:444)
	at org.apache.curator.framework.imps.CuratorFrameworkImpl.getChildren(CuratorFrameworkImpl.java:456)
	at org.apache.curator.framework.recipes.cache.PathChildrenCache.refresh(PathChildrenCache.java:521)
	at org.apache.curator.framework.recipes.cache.RefreshOperation.invoke(RefreshOperation.java:35)
	at org.apache.curator.framework.recipes.cache.PathChildrenCache$9.run(PathChildrenCache.java:786)
	at java.util.concurrent.Executors$RunnableAdapter.call(Executors.java:511)
	at java.util.concurrent.FutureTask.run(FutureTask.java:266)
	at java.util.concurrent.Executors$RunnableAdapter.call(Executors.java:511)
	at java.util.concurrent.FutureTask.run(FutureTask.java:266)
	at java.util.concurrent.ThreadPoolExecutor.runWorker(ThreadPoolExecutor.java:1149)
	at java.util.concurrent.ThreadPoolExecutor$Worker.run(ThreadPoolExecutor.java:624)
	at java.lang.Thread.run(Thread.java:748)
Heap
 def new generation   total 153600K, used 28322K [0x00000000e0c00000, 0x00000000eb2a0000, 0x00000000eb2a0000)
  eden space 136576K,  20% used [0x00000000e0c00000, 0x00000000e2799530, 0x00000000e9160000)
  from space 17024K,   0% used [0x00000000e9160000, 0x00000000e916f3e0, 0x00000000ea200000)
  to   space 17024K,   0% used [0x00000000ea200000, 0x00000000ea200000, 0x00000000eb2a0000)
 tenured generation   total 341376K, used 43657K [0x00000000eb2a0000, 0x0000000100000000, 0x0000000100000000)
   the space 341376K,  12% used [0x00000000eb2a0000, 0x00000000edd426e8, 0x00000000edd42800, 0x0000000100000000)
 Metaspace       used 35697K, capacity 36640K, committed 36864K, reserved 1081344K
  class space    used 4826K, capacity 5042K, committed 5120K, reserved 1048576K
