19:44:58,874 |-INFO in ch.qos.logback.classic.LoggerContext[default] - Could NOT find resource [logback-test.xml]
19:44:58,874 |-INFO in ch.qos.logback.classic.LoggerContext[default] - Could NOT find resource [logback.groovy]
19:44:58,875 |-INFO in ch.qos.logback.classic.LoggerContext[default] - Found resource [logback.xml] at [jar:file:/root/flamestream/lib/flamestream-runtime-1.0-SNAPSHOT.jar!/logback.xml]
19:44:58,876 |-WARN in ch.qos.logback.classic.LoggerContext[default] - Resource [logback.xml] occurs multiple times on the classpath.
19:44:58,876 |-WARN in ch.qos.logback.classic.LoggerContext[default] - Resource [logback.xml] occurs at [jar:file:/root/flamestream/lib/flamestream-runtime-1.0-SNAPSHOT.jar!/logback.xml]
19:44:58,876 |-WARN in ch.qos.logback.classic.LoggerContext[default] - Resource [logback.xml] occurs at [jar:file:/root/flamestream/flamestream-runtime-1.0-SNAPSHOT.jar!/logback.xml]
19:44:58,895 |-INFO in ch.qos.logback.core.joran.spi.ConfigurationWatchList@3fb6a447 - URL [jar:file:/root/flamestream/lib/flamestream-runtime-1.0-SNAPSHOT.jar!/logback.xml] is not of type file
19:44:58,961 |-INFO in ch.qos.logback.classic.joran.action.ConfigurationAction - debug attribute not set
19:44:58,962 |-INFO in ch.qos.logback.core.joran.action.AppenderAction - About to instantiate appender of type [ch.qos.logback.core.ConsoleAppender]
19:44:58,978 |-INFO in ch.qos.logback.core.joran.action.AppenderAction - Naming appender as [STDOUT]
19:44:58,997 |-INFO in ch.qos.logback.core.joran.action.NestedComplexPropertyIA - Assuming default type [ch.qos.logback.classic.encoder.PatternLayoutEncoder] for [encoder] property
19:44:59,083 |-INFO in ch.qos.logback.core.joran.action.AppenderAction - About to instantiate appender of type [ch.qos.logback.core.rolling.RollingFileAppender]
19:44:59,088 |-INFO in ch.qos.logback.core.joran.action.AppenderAction - Naming appender as [FILE]
19:44:59,118 |-INFO in c.q.l.core.rolling.TimeBasedRollingPolicy@127618319 - No compression will be used
19:44:59,119 |-INFO in c.q.l.core.rolling.TimeBasedRollingPolicy@127618319 - Will use the pattern /tmp/application_%d{yyyy-MM-dd}.%i.log for the active file
19:44:59,122 |-INFO in ch.qos.logback.core.rolling.SizeAndTimeBasedFNATP@6b2fad11 - The date pattern is 'yyyy-MM-dd' from file name pattern '/tmp/application_%d{yyyy-MM-dd}.%i.log'.
19:44:59,122 |-INFO in ch.qos.logback.core.rolling.SizeAndTimeBasedFNATP@6b2fad11 - Roll-over at midnight.
19:44:59,127 |-INFO in ch.qos.logback.core.rolling.SizeAndTimeBasedFNATP@6b2fad11 - Setting initial period to Mon Jun 10 19:43:27 UTC 2019
19:44:59,127 |-WARN in ch.qos.logback.core.rolling.SizeAndTimeBasedFNATP@6b2fad11 - SizeAndTimeBasedFNATP is deprecated. Use SizeAndTimeBasedRollingPolicy instead
19:44:59,127 |-WARN in ch.qos.logback.core.rolling.SizeAndTimeBasedFNATP@6b2fad11 - For more information see http://logback.qos.ch/manual/appenders.html#SizeAndTimeBasedRollingPolicy
19:44:59,131 |-INFO in ch.qos.logback.core.joran.action.NestedComplexPropertyIA - Assuming default type [ch.qos.logback.classic.encoder.PatternLayoutEncoder] for [encoder] property
19:44:59,135 |-INFO in ch.qos.logback.core.rolling.RollingFileAppender[FILE] - Active log file name: /tmp/application.log
19:44:59,136 |-INFO in ch.qos.logback.core.rolling.RollingFileAppender[FILE] - File property is set to [/tmp/application.log]
19:44:59,136 |-INFO in ch.qos.logback.classic.joran.action.RootLoggerAction - Setting level of ROOT logger to WARN
19:44:59,136 |-INFO in ch.qos.logback.core.joran.action.AppenderRefAction - Attaching appender named [STDOUT] to Logger[ROOT]
19:44:59,138 |-INFO in ch.qos.logback.core.joran.action.AppenderRefAction - Attaching appender named [FILE] to Logger[ROOT]
19:44:59,138 |-INFO in ch.qos.logback.classic.joran.action.ConfigurationAction - End of configuration.
19:44:59,139 |-INFO in ch.qos.logback.classic.joran.JoranConfigurator@79698539 - Registering current configuration as safe fallback point

Ama winner
Ama winner
2019-06-10T19:45:00.406+0000: 1.718: [Full GC (Metadata GC Threshold) 2019-06-10T19:45:00.406+0000: 1.718: [Tenured: 0K->15240K(341376K), 0.0407106 secs] 114987K->15240K(494976K), [Metaspace: 20729K->20729K(1067008K)], 0.0407766 secs] [Times: user=0.04 sys=0.00, real=0.04 secs] 
19:45:23.351 [Curator-PathChildrenCache-1] WARN  o.a.c.u.ZKPaths  - The version of ZooKeeper being used doesn't support Container nodes. CreateMode.PERSISTENT will be used instead.
2019-06-10T19:45:25.679+0000: 26.992: [GC (Allocation Failure) 2019-06-10T19:45:25.679+0000: 26.992: [DefNew: 136576K->17024K(153600K), 0.0259339 secs] 151816K->52761K(494976K), 0.0260011 secs] [Times: user=0.01 sys=0.01, real=0.02 secs] 
2019-06-10T19:45:31.085+0000: 32.397: [Full GC (Metadata GC Threshold) 2019-06-10T19:45:31.085+0000: 32.397: [Tenured: 35737K->44302K(341376K), 0.0553432 secs] 151722K->44302K(494976K), [Metaspace: 34620K->34620K(1079296K)], 0.0554328 secs] [Times: user=0.05 sys=0.01, real=0.06 secs] 
2019-06-10T19:45:38.706+0000: 40.019: [GC (Allocation Failure) 2019-06-10T19:45:38.706+0000: 40.019: [DefNew: 136576K->50K(153600K), 0.0017514 secs] 180878K->44352K(494976K), 0.0018129 secs] [Times: user=0.00 sys=0.00, real=0.01 secs] 
2019-06-10T19:45:46.174+0000: 47.486: [GC (Allocation Failure) 2019-06-10T19:45:46.174+0000: 47.486: [DefNew: 136626K->84K(153600K), 0.0017186 secs] 180928K->44386K(494976K), 0.0017790 secs] [Times: user=0.00 sys=0.00, real=0.01 secs] 
2019-06-10T19:45:53.769+0000: 55.081: [GC (Allocation Failure) 2019-06-10T19:45:53.769+0000: 55.081: [DefNew: 136660K->81K(153600K), 0.0016166 secs] 180962K->44384K(494976K), 0.0016829 secs] [Times: user=0.00 sys=0.00, real=0.00 secs] 
2019-06-10T19:46:01.297+0000: 62.609: [GC (Allocation Failure) 2019-06-10T19:46:01.297+0000: 62.609: [DefNew: 136657K->395K(153600K), 0.0021288 secs] 180960K->44697K(494976K), 0.0021981 secs] [Times: user=0.00 sys=0.00, real=0.00 secs] 
2019-06-10T19:46:10.146+0000: 71.458: [GC (Allocation Failure) 2019-06-10T19:46:10.146+0000: 71.458: [DefNew: 136971K->166K(153600K), 0.0019793 secs] 181273K->44468K(494976K), 0.0020413 secs] [Times: user=0.00 sys=0.00, real=0.01 secs] 
19:46:19.814 [Curator-PathChildrenCache-0] ERROR o.a.c.f.r.c.PathChildrenCache  - 
java.lang.IllegalStateException: instance must be started before calling this method
	at org.apache.curator.shaded.com.google.common.base.Preconditions.checkState(Preconditions.java:444)
	at org.apache.curator.framework.imps.CuratorFrameworkImpl.getChildren(CuratorFrameworkImpl.java:456)
	at org.apache.curator.framework.recipes.cache.PathChildrenCache.refresh(PathChildrenCache.java:521)
	at org.apache.curator.framework.recipes.cache.RefreshOperation.invoke(RefreshOperation.java:35)
	at org.apache.curator.framework.recipes.cache.PathChildrenCache$9.run(PathChildrenCache.java:786)
	at java.util.concurrent.Executors$RunnableAdapter.call(Executors.java:511)
	at java.util.concurrent.FutureTask.run(FutureTask.java:266)
	at java.util.concurrent.Executors$RunnableAdapter.call(Executors.java:511)
	at java.util.concurrent.FutureTask.run(FutureTask.java:266)
	at java.util.concurrent.ThreadPoolExecutor.runWorker(ThreadPoolExecutor.java:1149)
	at java.util.concurrent.ThreadPoolExecutor$Worker.run(ThreadPoolExecutor.java:624)
	at java.lang.Thread.run(Thread.java:748)
Heap
 def new generation   total 153600K, used 53853K [0x00000000e0c00000, 0x00000000eb2a0000, 0x00000000eb2a0000)
  eden space 136576K,  39% used [0x00000000e0c00000, 0x00000000e406dce8, 0x00000000e9160000)
  from space 17024K,   0% used [0x00000000e9160000, 0x00000000e9189998, 0x00000000ea200000)
  to   space 17024K,   0% used [0x00000000ea200000, 0x00000000ea200000, 0x00000000eb2a0000)
 tenured generation   total 341376K, used 44302K [0x00000000eb2a0000, 0x0000000100000000, 0x0000000100000000)
   the space 341376K,  12% used [0x00000000eb2a0000, 0x00000000edde3828, 0x00000000edde3a00, 0x0000000100000000)
 Metaspace       used 36166K, capacity 37056K, committed 37376K, reserved 1081344K
  class space    used 4857K, capacity 5074K, committed 5120K, reserved 1048576K
