11:34:51,797 |-INFO in ch.qos.logback.classic.LoggerContext[default] - Could NOT find resource [logback-test.xml]
11:34:51,798 |-INFO in ch.qos.logback.classic.LoggerContext[default] - Could NOT find resource [logback.groovy]
11:34:51,798 |-INFO in ch.qos.logback.classic.LoggerContext[default] - Found resource [logback.xml] at [jar:file:/home/ubuntu/flamestream/lib/flamestream-runtime-1.0-SNAPSHOT.jar!/logback.xml]
11:34:51,798 |-WARN in ch.qos.logback.classic.LoggerContext[default] - Resource [logback.xml] occurs multiple times on the classpath.
11:34:51,799 |-WARN in ch.qos.logback.classic.LoggerContext[default] - Resource [logback.xml] occurs at [jar:file:/home/ubuntu/flamestream/flamestream-runtime-1.0-SNAPSHOT.jar!/logback.xml]
11:34:51,799 |-WARN in ch.qos.logback.classic.LoggerContext[default] - Resource [logback.xml] occurs at [jar:file:/home/ubuntu/flamestream/lib/flamestream-runtime-1.0-SNAPSHOT.jar!/logback.xml]
11:34:51,815 |-INFO in ch.qos.logback.core.joran.spi.ConfigurationWatchList@4678c730 - URL [jar:file:/home/ubuntu/flamestream/lib/flamestream-runtime-1.0-SNAPSHOT.jar!/logback.xml] is not of type file
11:34:51,882 |-INFO in ch.qos.logback.classic.joran.action.ConfigurationAction - debug attribute not set
11:34:51,882 |-INFO in ch.qos.logback.core.joran.action.AppenderAction - About to instantiate appender of type [ch.qos.logback.core.ConsoleAppender]
11:34:51,903 |-INFO in ch.qos.logback.core.joran.action.AppenderAction - Naming appender as [STDOUT]
11:34:51,919 |-INFO in ch.qos.logback.core.joran.action.NestedComplexPropertyIA - Assuming default type [ch.qos.logback.classic.encoder.PatternLayoutEncoder] for [encoder] property
11:34:52,009 |-INFO in ch.qos.logback.core.joran.action.AppenderAction - About to instantiate appender of type [ch.qos.logback.core.rolling.RollingFileAppender]
11:34:52,016 |-INFO in ch.qos.logback.core.joran.action.AppenderAction - Naming appender as [FILE]
11:34:52,061 |-INFO in c.q.l.core.rolling.TimeBasedRollingPolicy@1734853116 - No compression will be used
11:34:52,062 |-INFO in c.q.l.core.rolling.TimeBasedRollingPolicy@1734853116 - Will use the pattern /tmp/application_%d{yyyy-MM-dd}.%i.log for the active file
11:34:52,075 |-INFO in ch.qos.logback.core.rolling.SizeAndTimeBasedFNATP@29ee9faa - The date pattern is 'yyyy-MM-dd' from file name pattern '/tmp/application_%d{yyyy-MM-dd}.%i.log'.
11:34:52,075 |-INFO in ch.qos.logback.core.rolling.SizeAndTimeBasedFNATP@29ee9faa - Roll-over at midnight.
11:34:52,083 |-INFO in ch.qos.logback.core.rolling.SizeAndTimeBasedFNATP@29ee9faa - Setting initial period to Thu Oct 10 11:34:27 UTC 2019
11:34:52,083 |-WARN in ch.qos.logback.core.rolling.SizeAndTimeBasedFNATP@29ee9faa - SizeAndTimeBasedFNATP is deprecated. Use SizeAndTimeBasedRollingPolicy instead
11:34:52,083 |-WARN in ch.qos.logback.core.rolling.SizeAndTimeBasedFNATP@29ee9faa - For more information see http://logback.qos.ch/manual/appenders.html#SizeAndTimeBasedRollingPolicy
11:34:52,092 |-INFO in ch.qos.logback.core.joran.action.NestedComplexPropertyIA - Assuming default type [ch.qos.logback.classic.encoder.PatternLayoutEncoder] for [encoder] property
11:34:52,097 |-INFO in ch.qos.logback.core.rolling.RollingFileAppender[FILE] - Active log file name: /tmp/application.log
11:34:52,097 |-INFO in ch.qos.logback.core.rolling.RollingFileAppender[FILE] - File property is set to [/tmp/application.log]
11:34:52,102 |-INFO in ch.qos.logback.classic.joran.action.RootLoggerAction - Setting level of ROOT logger to INFO
11:34:52,102 |-INFO in ch.qos.logback.core.joran.action.AppenderRefAction - Attaching appender named [STDOUT] to Logger[ROOT]
11:34:52,103 |-INFO in ch.qos.logback.core.joran.action.AppenderRefAction - Attaching appender named [FILE] to Logger[ROOT]
11:34:52,103 |-INFO in ch.qos.logback.classic.joran.action.ConfigurationAction - End of configuration.
11:34:52,104 |-INFO in ch.qos.logback.classic.joran.JoranConfigurator@c038203 - Registering current configuration as safe fallback point

11:34:52.108 [main] INFO  c.s.f.r.WorkerApplication  - Starting worker with workerConfig 'WorkerConfig{id='flamestream-benchmarks-worker-7', localAddress=flamestream-benchmarks-worker-7/10.0.0.13:5412, zkString='flamestream-benchmarks-manager:12181', snapshotPath='/home/ubuntu/flamestream/data', guarantees=AT_MOST_ONCE}'
11:34:53.597 [worker-akka.actor.default-dispatcher-6] INFO  a.e.s.Slf4jLogger  - Slf4jLogger started
2019-10-10T11:34:53.752+0000: 2.303: [Full GC (Metadata GC Threshold) 2019-10-10T11:34:53.753+0000: 2.303: [Tenured: 0K->13624K(1024000K), 0.0514865 secs] 139464K->13624K(1484800K), [Metaspace: 20211K->20211K(1067008K)], 0.0515747 secs] [Times: user=0.04 sys=0.01, real=0.05 secs] 
11:34:53.911 [worker-akka.actor.default-dispatcher-6] WARN  a.r.RemoteActorRefProvider akka.remote.RemoteActorRefProvider - Using the 'remote' ActorRefProvider directly, which is a low-level layer. For most use cases, the 'cluster' abstraction on top of remoting is more suitable instead.
11:34:53.916 [worker-akka.actor.default-dispatcher-6] WARN  a.r.RemoteActorRefProvider akka.remote.RemoteActorRefProvider - Akka Cluster not in use - Using Akka Cluster is recommended if you need remote watch and deploy.
11:34:54.032 [worker-akka.actor.default-dispatcher-6] INFO  a.r.a.a.ArteryAeronUdpTransport(akka://worker) akka.remote.artery.aeron.ArteryAeronUdpTransport(akka://worker) - Started embedded media driver in directory [/dev/shm/aeron-flamestream-benchmarks-worker-7]
11:34:54.074 [worker-akka.actor.default-dispatcher-6] WARN  a.r.a.a.ArteryAeronUdpTransport(akka://worker) akka.remote.artery.aeron.ArteryAeronUdpTransport(akka://worker) - Aeron CnC version mismatch: compiled version = 15, file version = 16
11:34:54.358 [worker-akka.actor.default-dispatcher-6] INFO  a.r.a.a.ArteryAeronUdpTransport(akka://worker) akka.remote.artery.aeron.ArteryAeronUdpTransport(akka://worker) - Remoting started with transport [Artery aeron-udp]; listening on address [akka://worker@flamestream-benchmarks-worker-7:5412] and bound to [akka://worker@0.0.0.0:5412] with UID [-5519852423143450638]
11:34:55.007 [worker-akka.actor.default-dispatcher-6] WARN  a.s.Serialization(akka://worker) akka.serialization.Serialization(akka://worker) - Using serializer [com.romix.akka.serialization.kryo.KryoSerializer] for message [akka.actor.ActorSelectionMessage]. Note that this serializer is not implemented by Akka. It's not recommended to replace serializers for messages provided by Akka.
11:34:55.008 [worker-akka.actor.default-dispatcher-6] WARN  a.s.Serialization(akka://worker) akka.serialization.Serialization(akka://worker) - Using serializer [com.romix.akka.serialization.kryo.KryoSerializer] for message [akka.actor.ActorIdentity]. Note that this serializer is not implemented by Akka. It's not recommended to replace serializers for messages provided by Akka.
11:34:55.065 [worker-akka.actor.default-dispatcher-9] INFO  a.a.RepointableActorRef akka://worker/user/watcher - Starting...
11:34:55.238 [worker-akka.actor.default-dispatcher-6] INFO  o.a.c.u.Compatibility  - Running in ZooKeeper 3.4.x compatibility mode
11:34:55.278 [worker-akka.actor.default-dispatcher-6] INFO  o.a.c.f.i.CuratorFrameworkImpl  - Starting
11:34:55.289 [worker-akka.actor.default-dispatcher-6] INFO  o.a.z.ZooKeeper  - Client environment:zookeeper.version=3.4.14-4c25d480e66aadd371de8bd2fd8da255ac140bcf, built on 03/06/2019 16:18 GMT
11:34:55.289 [worker-akka.actor.default-dispatcher-6] INFO  o.a.z.ZooKeeper  - Client environment:host.name=flamestream-benchmarks-worker-7
11:34:55.290 [worker-akka.actor.default-dispatcher-6] INFO  o.a.z.ZooKeeper  - Client environment:java.version=1.8.0_222
11:34:55.290 [worker-akka.actor.default-dispatcher-6] INFO  o.a.z.ZooKeeper  - Client environment:java.vendor=Private Build
11:34:55.291 [worker-akka.actor.default-dispatcher-6] INFO  o.a.z.ZooKeeper  - Client environment:java.home=/usr/lib/jvm/java-8-openjdk-amd64/jre
11:34:55.292 [worker-akka.actor.default-dispatcher-6] INFO  o.a.z.ZooKeeper  - Client environment:java.class.path=lib/curator-framework-4.0.1.jar:lib/commons-csv-1.4.jar:lib/aeron-client-1.21.2.jar:lib/scala-library-2.12.9.jar:lib/asm-5.0.4.jar:lib/agrona-1.0.1.jar:lib/curator-recipes-4.0.1.jar:lib/akka-testkit_2.12-2.6.0-M6.jar:lib/flamestream-runtime-1.0-SNAPSHOT.jar:lib/slf4j-simple-2.0.0-alpha1.jar:lib/jsr305-3.0.2.jar:lib/trove4j-3.0.3.jar:lib/flamestream-core-1.0-SNAPSHOT.jar:lib/commons-io-2.4.jar:lib/minlog-1.3.0.jar:lib/kryonet-2.21.jar:lib/commons-1.4.9.jar:lib/jline-0.9.94.jar:lib/akka-remote_2.12-2.6.0-M6.jar:lib/leveldbjni-all-1.8.jar:lib/lz4-1.3.0.jar:lib/slf4j-api-1.7.24.jar:lib/scala-parser-combinators_2.12-1.1.2.jar:lib/flamestream-core-1.0-SNAPSHOT-tests.jar:lib/logback-core-1.2.3.jar:lib/netty-3.10.6.Final.jar:lib/protobuf-java-3.9.0.jar:lib/minlog-1.2.jar:lib/leveldb-api-0.7.jar:lib/jool-0.9.12.jar:lib/commons-cli-1.4.jar:lib/jblas-1.2.4.jar:lib/reflectasm-1.11.3.jar:lib/reflectasm-1.07-shaded.jar:lib/audience-annotations-0.5.0.jar:lib/jackson-annotations-2.9.6.jar:lib/commons-lang-2.6.jar:lib/ssl-config-core_2.12-0.3.8.jar:lib/annotations-13.0.jar:lib/logback-classic-1.2.3.jar:lib/guava-21.0.jar:lib/reactive-streams-1.0.2.jar:lib/spotbugs-annotations-3.1.9.jar:lib/leveldb-0.7.jar:lib/commons-pool2-2.4.2.jar:lib/rocksdbjni-5.5.1.jar:lib/jackson-core-2.9.9.jar:lib/jackson-databind-2.9.9.2.jar:lib/akka-protobuf-v3_2.12-2.6.0-M6.jar:lib/jackson-annotations-2.9.0.jar:lib/flamestream-examples-1.0-SNAPSHOT.jar:lib/objenesis-2.1.jar:lib/akka-kryo-serialization_2.12-0.5.2.jar:lib/scala-java8-compat_2.12-0.8.0.jar:lib/zookeeper-3.4.14.jar:lib/akka-slf4j_2.12-2.6.0-M6.jar:lib/kryo-4.0.0.jar:lib/akka-stream_2.12-2.6.0-M6.jar:lib/aeron-driver-1.21.2.jar:lib/config-1.3.1.jar:lib/annotations-12.0.jar:lib/jedis-2.9.0.jar:lib/jcommander-1.48.jar:lib/testng-6.10.jar:lib/akka-actor_2.12-2.6.0-M6.jar:lib/curator-client-4.0.1.jar:flamestream-runtime-1.0-SNAPSHOT.jar
11:34:55.293 [worker-akka.actor.default-dispatcher-6] INFO  o.a.z.ZooKeeper  - Client environment:java.library.path=/usr/java/packages/lib/amd64:/usr/lib/x86_64-linux-gnu/jni:/lib/x86_64-linux-gnu:/usr/lib/x86_64-linux-gnu:/usr/lib/jni:/lib:/usr/lib
11:34:55.295 [worker-akka.actor.default-dispatcher-6] INFO  o.a.z.ZooKeeper  - Client environment:java.io.tmpdir=/tmp
11:34:55.296 [worker-akka.actor.default-dispatcher-6] INFO  o.a.z.ZooKeeper  - Client environment:java.compiler=<NA>
11:34:55.296 [worker-akka.actor.default-dispatcher-6] INFO  o.a.z.ZooKeeper  - Client environment:os.name=Linux
11:34:55.296 [worker-akka.actor.default-dispatcher-6] INFO  o.a.z.ZooKeeper  - Client environment:os.arch=amd64
11:34:55.296 [worker-akka.actor.default-dispatcher-6] INFO  o.a.z.ZooKeeper  - Client environment:os.version=4.15.0-1040-gcp
11:34:55.296 [worker-akka.actor.default-dispatcher-6] INFO  o.a.z.ZooKeeper  - Client environment:user.name=ubuntu
11:34:55.296 [worker-akka.actor.default-dispatcher-6] INFO  o.a.z.ZooKeeper  - Client environment:user.home=/home/ubuntu
11:34:55.297 [worker-akka.actor.default-dispatcher-6] INFO  o.a.z.ZooKeeper  - Client environment:user.dir=/home/ubuntu/flamestream
11:34:55.299 [worker-akka.actor.default-dispatcher-6] INFO  o.a.z.ZooKeeper  - Initiating client connection, connectString=flamestream-benchmarks-manager:12181 sessionTimeout=60000 watcher=org.apache.curator.ConnectionState@3c5e82fa
11:34:55.329 [worker-akka.actor.default-dispatcher-6-SendThread(flamestream-benchmarks-manager:12181)] INFO  o.a.z.ClientCnxn  - Opening socket connection to server flamestream-benchmarks-manager/10.0.0.21:12181. Will not attempt to authenticate using SASL (unknown error)
11:34:55.331 [worker-akka.actor.default-dispatcher-6] INFO  o.a.c.f.i.CuratorFrameworkImpl  - Default schema
11:34:55.333 [worker-akka.actor.default-dispatcher-6-SendThread(flamestream-benchmarks-manager:12181)] INFO  o.a.z.ClientCnxn  - Socket connection established to flamestream-benchmarks-manager/10.0.0.21:12181, initiating session
11:34:55.341 [worker-akka.actor.default-dispatcher-6-SendThread(flamestream-benchmarks-manager:12181)] INFO  o.a.z.ClientCnxn  - Session establishment complete on server flamestream-benchmarks-manager/10.0.0.21:12181, sessionid = 0x100002c53420008, negotiated timeout = 60000
11:34:55.359 [worker-akka.actor.default-dispatcher-6-EventThread] INFO  o.a.c.f.s.ConnectionStateManager  - State change: CONNECTED
11:34:55.365 [worker-akka.actor.default-dispatcher-9] INFO  a.a.RepointableActorRef akka://worker/user/watcher - Initializing rocksDB backend
2019-10-10T11:34:56.371+0000: 4.922: [Full GC (Metadata GC Threshold) 2019-10-10T11:34:56.371+0000: 4.922: [Tenured: 13624K->25916K(1024000K), 0.1594229 secs] 161114K->25916K(1484800K), [Metaspace: 33673K->33673K(1079296K)], 0.1595298 secs] [Times: user=0.12 sys=0.02, real=0.16 secs] 
11:34:56.621 [worker-akka.actor.default-dispatcher-6] INFO  a.a.LocalActorRef akka://worker/user/watcher/processing-watcher - Starting...
11:35:02.204 [Curator-PathChildrenCache-2] WARN  o.a.c.u.ZKPaths  - The version of ZooKeeper being used doesn't support Container nodes. CreateMode.PERSISTENT will be used instead.
11:35:02.324 [worker-akka.actor.default-dispatcher-10] INFO  a.a.LocalActorRef akka://worker/user/watcher/processing-watcher/$a - Starting...
11:35:02.359 [worker-akka.actor.default-dispatcher-6] INFO  a.a.LocalActorRef akka://worker/user/watcher/processing-watcher/$a - Stopped
11:35:04.019 [worker-akka.actor.default-dispatcher-6] INFO  a.a.LocalActorRef akka://worker/user/watcher/processing-watcher/graph/graph - Starting...
11:35:06.520 [worker-akka.actor.default-dispatcher-12] INFO  a.a.LocalActorRef akka://worker/user/watcher/processing-watcher/graph/graph - Finishing constructor
11:35:06.524 [worker-akka.actor.default-dispatcher-6] INFO  a.a.LocalActorRef akka://worker/user/watcher/processing-watcher/graph/negotiator - Starting...
11:35:06.529 [worker-akka.actor.default-dispatcher-6] INFO  a.a.LocalActorRef akka://worker/user/watcher/processing-watcher/graph/edge - Starting...
11:35:06.533 [worker-akka.actor.default-dispatcher-12] INFO  a.a.LocalActorRef akka://worker/user/watcher/processing-watcher/graph - Starting FlameNode with config 'ClusterConfig{paths={flamestream-benchmarks-worker-1=akka://worker@flamestream-benchmarks-worker-1:5412/user/watcher/processing-watcher/graph, flamestream-benchmarks-worker-0=akka://worker@flamestream-benchmarks-worker-0:5412/user/watcher/processing-watcher/graph, flamestream-benchmarks-worker-9=akka://worker@flamestream-benchmarks-worker-9:5412/user/watcher/processing-watcher/graph, flamestream-benchmarks-worker-8=akka://worker@flamestream-benchmarks-worker-8:5412/user/watcher/processing-watcher/graph, flamestream-benchmarks-worker-7=akka://worker@flamestream-benchmarks-worker-7:5412/user/watcher/processing-watcher/graph, flamestream-benchmarks-worker-6=akka://worker@flamestream-benchmarks-worker-6:5412/user/watcher/processing-watcher/graph, flamestream-benchmarks-worker-5=akka://worker@flamestream-benchmarks-worker-5:5412/user/watcher/processing-watcher/graph, flamestream-benchmarks-worker-4=akka://worker@flamestream-benchmarks-worker-4:5412/user/watcher/processing-watcher/graph, flamestream-benchmarks-worker-3=akka://worker@flamestream-benchmarks-worker-3:5412/user/watcher/processing-watcher/graph, flamestream-benchmarks-worker-2=akka://worker@flamestream-benchmarks-worker-2:5412/user/watcher/processing-watcher/graph, flamestream-benchmarks-worker-14=akka://worker@flamestream-benchmarks-worker-14:5412/user/watcher/processing-watcher/graph, flamestream-benchmarks-worker-13=akka://worker@flamestream-benchmarks-worker-13:5412/user/watcher/processing-watcher/graph, flamestream-benchmarks-worker-12=akka://worker@flamestream-benchmarks-worker-12:5412/user/watcher/processing-watcher/graph, flamestream-benchmarks-worker-11=akka://worker@flamestream-benchmarks-worker-11:5412/user/watcher/processing-watcher/graph, flamestream-benchmarks-worker-10=akka://worker@flamestream-benchmarks-worker-10:5412/user/watcher/processing-watcher/graph}}'
11:35:06.563 [worker-akka.actor.default-dispatcher-12] INFO  a.a.LocalActorRef akka://worker/user/watcher/processing-watcher/graph/negotiator - Requesting ticket for the frontClass FlameSocketGraphDeployerFront@flamestream-benchmarks-worker-7
11:35:06.584 [worker-akka.actor.default-dispatcher-13] INFO  a.a.LocalActorRef akka://worker/user/watcher/processing-watcher/graph/graph - Received last commit 'LastCommit{globalTime=(0000000, min@min)}'
11:35:06.632 [worker-akka.actor.default-dispatcher-6] INFO  c.s.f.r.e.s.SocketRear  - FlameSocketGraphDeployerRear@flamestream-benchmarks-worker-7: connecting to flamestream-benchmarks-manager:5678
11:35:06.634 [worker-akka.actor.default-dispatcher-13] INFO  a.a.LocalActorRef akka://worker/user/watcher/processing-watcher/graph/edge/FlameSocketGraphDeployerFront - Starting...
11:35:06.650 [worker-akka.actor.default-dispatcher-6] INFO  c.s.f.r.e.s.SocketRear  - FlameSocketGraphDeployerRear@flamestream-benchmarks-worker-7: connected to flamestream-benchmarks-manager:5678
11:35:06.651 [worker-akka.actor.default-dispatcher-6] INFO  a.a.LocalActorRef akka://worker/user/watcher/processing-watcher/graph/edge/FlameSocketGraphDeployerRear - Starting...
11:35:06.656 [worker-akka.actor.default-dispatcher-6] INFO  a.a.LocalActorRef akka://worker/user/watcher/processing-watcher/graph/negotiator - Ticket for the frontClass received: FrontTicket{allowedTimestamp=(0000000, FlameSocketGraphDeployerFront@flamestream-benchmarks-worker-7)}
11:35:06.658 [worker-akka.actor.default-dispatcher-6] INFO  c.s.f.r.e.s.SocketFront  - FlameSocketGraphDeployerFront@flamestream-benchmarks-worker-7: connecting to flamestream-benchmarks-manager:4567
11:35:06.901 [worker-akka.actor.default-dispatcher-6] INFO  a.a.LocalActorRef akka://worker/user/watcher/processing-watcher/graph/graph/$a - Starting...
11:35:06.904 [worker-akka.actor.default-dispatcher-6] INFO  a.a.LocalActorRef akka://worker/user/watcher/processing-watcher/graph/graph/$b - Starting...
11:35:06.908 [worker-akka.actor.default-dispatcher-6] INFO  a.a.LocalActorRef akka://worker/user/watcher/processing-watcher/graph/graph/$c - Starting...
11:35:06.912 [worker-akka.actor.default-dispatcher-6] INFO  a.a.LocalActorRef akka://worker/user/watcher/processing-watcher/graph/graph/$d - Starting...
11:35:06.915 [worker-akka.actor.default-dispatcher-6] INFO  a.a.LocalActorRef akka://worker/user/watcher/processing-watcher/graph/graph/$e - Starting...
11:35:06.917 [worker-akka.actor.default-dispatcher-6] INFO  a.a.LocalActorRef akka://worker/user/watcher/processing-watcher/graph/graph/$f - Starting...
11:35:06.919 [worker-akka.actor.default-dispatcher-6] INFO  a.a.LocalActorRef akka://worker/user/watcher/processing-watcher/graph/graph/$g - Starting...
11:35:06.922 [worker-akka.actor.default-dispatcher-6] INFO  a.a.LocalActorRef akka://worker/user/watcher/processing-watcher/graph/graph/$h - Starting...
11:35:06.925 [worker-akka.actor.default-dispatcher-6] INFO  a.a.LocalActorRef akka://worker/user/watcher/processing-watcher/graph/graph/$i - Starting...
11:35:06.927 [worker-akka.actor.default-dispatcher-6] INFO  a.a.LocalActorRef akka://worker/user/watcher/processing-watcher/graph/graph/$j - Starting...
11:35:06.930 [worker-akka.actor.default-dispatcher-6] INFO  a.a.LocalActorRef akka://worker/user/watcher/processing-watcher/graph/graph/$k - Starting...
11:35:06.933 [worker-akka.actor.default-dispatcher-6] INFO  a.a.LocalActorRef akka://worker/user/watcher/processing-watcher/graph/graph/$l - Starting...
11:35:06.936 [worker-akka.actor.default-dispatcher-6] INFO  a.a.LocalActorRef akka://worker/user/watcher/processing-watcher/graph/graph/$m - Starting...
11:35:06.938 [worker-akka.actor.default-dispatcher-6] INFO  a.a.LocalActorRef akka://worker/user/watcher/processing-watcher/graph/graph/$n - Starting...
11:35:06.940 [worker-akka.actor.default-dispatcher-6] INFO  a.a.LocalActorRef akka://worker/user/watcher/processing-watcher/graph/graph/$o - Starting...
11:35:06.944 [worker-akka.actor.default-dispatcher-6] INFO  a.a.LocalActorRef akka://worker/user/watcher/processing-watcher/graph/graph/$p - Starting...
11:35:06.946 [worker-akka.actor.default-dispatcher-6] INFO  a.a.LocalActorRef akka://worker/user/watcher/processing-watcher/graph/graph/$q - Starting...
11:35:06.951 [worker-akka.actor.default-dispatcher-6] INFO  a.a.LocalActorRef akka://worker/user/watcher/processing-watcher/graph/graph/$r - Starting...
11:35:06.955 [worker-akka.actor.default-dispatcher-6] INFO  a.a.LocalActorRef akka://worker/user/watcher/processing-watcher/graph/graph/$s - Starting...
11:35:06.958 [worker-akka.actor.default-dispatcher-6] INFO  a.a.LocalActorRef akka://worker/user/watcher/processing-watcher/graph/graph/$t - Starting...
11:35:06.960 [worker-akka.actor.default-dispatcher-6] INFO  a.a.LocalActorRef akka://worker/user/watcher/processing-watcher/graph/graph/$u - Starting...
11:35:06.962 [worker-akka.actor.default-dispatcher-6] INFO  a.a.LocalActorRef akka://worker/user/watcher/processing-watcher/graph/graph/$v - Starting...
11:35:06.965 [worker-akka.actor.default-dispatcher-6] INFO  a.a.LocalActorRef akka://worker/user/watcher/processing-watcher/graph/graph/$w - Starting...
11:35:06.967 [worker-akka.actor.default-dispatcher-6] INFO  a.a.LocalActorRef akka://worker/user/watcher/processing-watcher/graph/graph/$x - Starting...
11:35:06.969 [worker-akka.actor.default-dispatcher-6] INFO  a.a.LocalActorRef akka://worker/user/watcher/processing-watcher/graph/graph/$y - Starting...
11:35:06.971 [worker-akka.actor.default-dispatcher-6] INFO  a.a.LocalActorRef akka://worker/user/watcher/processing-watcher/graph/graph/$z - Starting...
11:35:06.974 [worker-akka.actor.default-dispatcher-6] INFO  a.a.LocalActorRef akka://worker/user/watcher/processing-watcher/graph/graph/$A - Starting...
11:35:06.976 [worker-akka.actor.default-dispatcher-6] INFO  a.a.LocalActorRef akka://worker/user/watcher/processing-watcher/graph/graph/$B - Starting...
11:35:06.978 [worker-akka.actor.default-dispatcher-6] INFO  a.a.LocalActorRef akka://worker/user/watcher/processing-watcher/graph/graph/$C - Starting...
11:35:06.980 [worker-akka.actor.default-dispatcher-6] INFO  a.a.LocalActorRef akka://worker/user/watcher/processing-watcher/graph/graph/$D - Starting...
11:35:06.982 [worker-akka.actor.default-dispatcher-6] INFO  a.a.LocalActorRef akka://worker/user/watcher/processing-watcher/graph/graph/$E - Starting...
11:35:06.986 [worker-akka.actor.default-dispatcher-6] INFO  a.a.LocalActorRef akka://worker/user/watcher/processing-watcher/graph/graph/$F - Starting...
11:35:06.988 [worker-akka.actor.default-dispatcher-6] INFO  a.a.LocalActorRef akka://worker/user/watcher/processing-watcher/graph/graph/$G - Starting...
11:35:06.990 [worker-akka.actor.default-dispatcher-6] INFO  a.a.LocalActorRef akka://worker/user/watcher/processing-watcher/graph/graph/$H - Starting...
11:35:06.993 [worker-akka.actor.default-dispatcher-6] INFO  a.a.LocalActorRef akka://worker/user/watcher/processing-watcher/graph/graph/$I - Starting...
11:35:06.995 [worker-akka.actor.default-dispatcher-6] INFO  a.a.LocalActorRef akka://worker/user/watcher/processing-watcher/graph/graph/$J - Starting...
11:35:06.997 [worker-akka.actor.default-dispatcher-6] INFO  a.a.LocalActorRef akka://worker/user/watcher/processing-watcher/graph/graph/$K - Starting...
11:35:06.999 [worker-akka.actor.default-dispatcher-6] INFO  a.a.LocalActorRef akka://worker/user/watcher/processing-watcher/graph/graph/$L - Starting...
11:35:07.002 [worker-akka.actor.default-dispatcher-6] INFO  a.a.LocalActorRef akka://worker/user/watcher/processing-watcher/graph/graph/$M - Starting...
11:35:07.004 [worker-akka.actor.default-dispatcher-6] INFO  a.a.LocalActorRef akka://worker/user/watcher/processing-watcher/graph/graph/$N - Starting...
11:35:07.006 [worker-akka.actor.default-dispatcher-6] INFO  a.a.LocalActorRef akka://worker/user/watcher/processing-watcher/graph/graph/$O - Starting...
11:35:07.007 [worker-akka.actor.default-dispatcher-6] INFO  a.a.LocalActorRef akka://worker/user/watcher/processing-watcher/graph/graph/$P - Starting...
11:35:07.009 [worker-akka.actor.default-dispatcher-6] INFO  a.a.LocalActorRef akka://worker/user/watcher/processing-watcher/graph/graph/$Q - Starting...
11:35:07.011 [worker-akka.actor.default-dispatcher-6] INFO  a.a.LocalActorRef akka://worker/user/watcher/processing-watcher/graph/graph/$R - Starting...
11:35:07.013 [worker-akka.actor.default-dispatcher-6] INFO  a.a.LocalActorRef akka://worker/user/watcher/processing-watcher/graph/graph/$S - Starting...
11:35:07.015 [worker-akka.actor.default-dispatcher-6] INFO  a.a.LocalActorRef akka://worker/user/watcher/processing-watcher/graph/graph/$T - Starting...
11:35:07.017 [worker-akka.actor.default-dispatcher-6] INFO  a.a.LocalActorRef akka://worker/user/watcher/processing-watcher/graph/graph/$U - Starting...
11:35:07.018 [worker-akka.actor.default-dispatcher-6] INFO  a.a.LocalActorRef akka://worker/user/watcher/processing-watcher/graph/graph/$V - Starting...
11:35:07.020 [worker-akka.actor.default-dispatcher-6] INFO  a.a.LocalActorRef akka://worker/user/watcher/processing-watcher/graph/graph/$W - Starting...
11:35:07.026 [worker-akka.actor.default-dispatcher-6] INFO  a.a.LocalActorRef akka://worker/user/watcher/processing-watcher/graph/graph/$X - Starting...
11:35:07.028 [worker-akka.actor.default-dispatcher-6] INFO  a.a.LocalActorRef akka://worker/user/watcher/processing-watcher/graph/graph/$Y - Starting...
11:35:07.031 [worker-akka.actor.default-dispatcher-6] INFO  a.a.LocalActorRef akka://worker/user/watcher/processing-watcher/graph/graph/$Z - Starting...
11:35:07.033 [worker-akka.actor.default-dispatcher-6] INFO  a.a.LocalActorRef akka://worker/user/watcher/processing-watcher/graph/graph/$0 - Starting...
11:35:07.036 [worker-akka.actor.default-dispatcher-6] INFO  a.a.LocalActorRef akka://worker/user/watcher/processing-watcher/graph/graph/$1 - Starting...
11:35:07.039 [worker-akka.actor.default-dispatcher-6] INFO  a.a.LocalActorRef akka://worker/user/watcher/processing-watcher/graph/graph/$2 - Starting...
11:35:07.042 [worker-akka.actor.default-dispatcher-6] INFO  a.a.LocalActorRef akka://worker/user/watcher/processing-watcher/graph/graph/$3 - Starting...
11:35:07.043 [worker-akka.actor.default-dispatcher-6] INFO  a.a.LocalActorRef akka://worker/user/watcher/processing-watcher/graph/graph/$4 - Starting...
11:35:07.045 [worker-akka.actor.default-dispatcher-6] INFO  a.a.LocalActorRef akka://worker/user/watcher/processing-watcher/graph/graph/$5 - Starting...
11:35:07.048 [worker-akka.actor.default-dispatcher-6] INFO  a.a.LocalActorRef akka://worker/user/watcher/processing-watcher/graph/graph/$6 - Starting...
11:35:07.050 [worker-akka.actor.default-dispatcher-6] INFO  a.a.LocalActorRef akka://worker/user/watcher/processing-watcher/graph/graph/$7 - Starting...
11:35:07.053 [worker-akka.actor.default-dispatcher-6] INFO  a.a.LocalActorRef akka://worker/user/watcher/processing-watcher/graph/graph/$8 - Starting...
11:35:07.063 [worker-akka.actor.default-dispatcher-6] INFO  a.a.LocalActorRef akka://worker/user/watcher/processing-watcher/graph/graph/$9 - Starting...
11:35:07.085 [worker-akka.actor.default-dispatcher-6] INFO  a.a.LocalActorRef akka://worker/user/watcher/processing-watcher/graph/graph/$+ - Starting...
11:35:07.086 [worker-akka.actor.default-dispatcher-6] INFO  a.a.LocalActorRef akka://worker/user/watcher/processing-watcher/graph/graph/$~ - Starting...
11:35:07.088 [worker-akka.actor.default-dispatcher-6] INFO  a.a.LocalActorRef akka://worker/user/watcher/processing-watcher/graph/graph/$ab - Starting...
11:35:07.090 [worker-akka.actor.default-dispatcher-6] INFO  a.a.LocalActorRef akka://worker/user/watcher/processing-watcher/graph/graph/$bb - Starting...
11:35:07.092 [worker-akka.actor.default-dispatcher-6] INFO  a.a.LocalActorRef akka://worker/user/watcher/processing-watcher/graph/graph/$cb - Starting...
11:35:07.093 [worker-akka.actor.default-dispatcher-6] INFO  a.a.LocalActorRef akka://worker/user/watcher/processing-watcher/graph/graph/$db - Starting...
11:35:07.096 [worker-akka.actor.default-dispatcher-6] INFO  a.a.LocalActorRef akka://worker/user/watcher/processing-watcher/graph/graph/$eb - Starting...
11:35:07.098 [worker-akka.actor.default-dispatcher-6] INFO  a.a.LocalActorRef akka://worker/user/watcher/processing-watcher/graph/graph/$fb - Starting...
11:35:07.099 [worker-akka.actor.default-dispatcher-6] INFO  a.a.LocalActorRef akka://worker/user/watcher/processing-watcher/graph/graph/$gb - Starting...
11:35:07.104 [worker-akka.actor.default-dispatcher-10] INFO  a.a.LocalActorRef akka://worker/user/watcher/processing-watcher/graph/graph/$hb - Starting...
11:35:07.113 [worker-akka.actor.default-dispatcher-6] INFO  a.a.LocalActorRef akka://worker/user/watcher/processing-watcher/graph/graph/$9 - Attached rear to graph (-9223372036854775808, min@min)
11:35:07.114 [worker-akka.actor.default-dispatcher-6] INFO  a.a.LocalActorRef akka://worker/user/watcher/processing-watcher/graph/graph/$ib - Starting...
11:35:07.116 [worker-akka.actor.default-dispatcher-6] INFO  a.a.LocalActorRef akka://worker/user/watcher/processing-watcher/graph/graph/$jb - Starting...
11:35:07.120 [worker-akka.actor.default-dispatcher-6] INFO  a.a.LocalActorRef akka://worker/user/watcher/processing-watcher/graph/graph/$kb - Starting...
11:35:07.120 [worker-akka.actor.default-dispatcher-6] INFO  a.a.LocalActorRef akka://worker/user/watcher/processing-watcher/graph/graph/$lb - Starting...
11:35:07.121 [worker-akka.actor.default-dispatcher-6] INFO  a.a.LocalActorRef akka://worker/user/watcher/processing-watcher/graph/graph/$mb - Starting...
11:35:07.123 [worker-akka.actor.default-dispatcher-6] INFO  a.a.LocalActorRef akka://worker/user/watcher/processing-watcher/graph/graph/$nb - Starting...
11:35:07.123 [worker-akka.actor.default-dispatcher-6] INFO  a.a.LocalActorRef akka://worker/user/watcher/processing-watcher/graph/graph/$ob - Starting...
11:35:07.123 [worker-akka.actor.default-dispatcher-6] INFO  a.a.LocalActorRef akka://worker/user/watcher/processing-watcher/graph/graph/$pb - Starting...
11:35:07.124 [worker-akka.actor.default-dispatcher-6] INFO  a.a.LocalActorRef akka://worker/user/watcher/processing-watcher/graph/graph/$qb - Starting...
11:35:07.125 [worker-akka.actor.default-dispatcher-6] INFO  a.a.LocalActorRef akka://worker/user/watcher/processing-watcher/graph/graph/$rb - Starting...
11:35:07.126 [worker-akka.actor.default-dispatcher-10] INFO  a.a.LocalActorRef akka://worker/user/watcher/processing-watcher/graph/graph/$sb - Starting...
11:35:07.126 [worker-akka.actor.default-dispatcher-10] INFO  a.a.LocalActorRef akka://worker/user/watcher/processing-watcher/graph/graph/$ub - Starting...
11:35:07.127 [worker-akka.actor.default-dispatcher-10] INFO  a.a.LocalActorRef akka://worker/user/watcher/processing-watcher/graph/graph/$tb - Starting...
11:35:07.127 [worker-akka.actor.default-dispatcher-10] INFO  a.a.LocalActorRef akka://worker/user/watcher/processing-watcher/graph/graph/$vb - Starting...
11:35:07.127 [worker-akka.actor.default-dispatcher-10] INFO  a.a.LocalActorRef akka://worker/user/watcher/processing-watcher/graph/graph/$wb - Starting...
11:35:07.127 [worker-akka.actor.default-dispatcher-10] INFO  a.a.LocalActorRef akka://worker/user/watcher/processing-watcher/graph/graph/$xb - Starting...
11:35:07.127 [worker-akka.actor.default-dispatcher-6] INFO  a.a.LocalActorRef akka://worker/user/watcher/processing-watcher/graph/graph/$yb - Starting...
11:35:07.127 [worker-akka.actor.default-dispatcher-6] INFO  a.a.LocalActorRef akka://worker/user/watcher/processing-watcher/graph/graph/$zb - Starting...
11:35:07.128 [worker-akka.actor.default-dispatcher-6] INFO  a.a.LocalActorRef akka://worker/user/watcher/processing-watcher/graph/graph/$Ab - Starting...
11:35:07.129 [worker-akka.actor.default-dispatcher-6] INFO  a.a.LocalActorRef akka://worker/user/watcher/processing-watcher/graph/graph/$Cb - Starting...
11:35:07.130 [worker-akka.actor.default-dispatcher-6] INFO  a.a.LocalActorRef akka://worker/user/watcher/processing-watcher/graph/graph/$Bb - Starting...
11:35:07.131 [worker-akka.actor.default-dispatcher-6] INFO  a.a.LocalActorRef akka://worker/user/watcher/processing-watcher/graph/graph/$Eb - Starting...
11:35:07.132 [worker-akka.actor.default-dispatcher-6] INFO  a.a.LocalActorRef akka://worker/user/watcher/processing-watcher/graph/graph/$Db - Starting...
11:35:07.133 [worker-akka.actor.default-dispatcher-6] INFO  a.a.LocalActorRef akka://worker/user/watcher/processing-watcher/graph/graph/$Fb - Starting...
11:35:07.134 [worker-akka.actor.default-dispatcher-13] INFO  a.a.LocalActorRef akka://worker/user/watcher/processing-watcher/graph/graph/$Gb - Starting...
11:35:07.135 [worker-akka.actor.default-dispatcher-13] INFO  a.a.LocalActorRef akka://worker/user/watcher/processing-watcher/graph/graph/$Hb - Starting...
11:35:07.135 [worker-akka.actor.default-dispatcher-13] INFO  a.a.LocalActorRef akka://worker/user/watcher/processing-watcher/graph/graph/$Jb - Starting...
11:35:07.135 [worker-akka.actor.default-dispatcher-13] INFO  a.a.LocalActorRef akka://worker/user/watcher/processing-watcher/graph/graph/$Ib - Starting...
11:35:07.135 [worker-akka.actor.default-dispatcher-13] INFO  a.a.LocalActorRef akka://worker/user/watcher/processing-watcher/graph/graph/$Kb - Starting...
11:35:07.135 [worker-akka.actor.default-dispatcher-13] INFO  a.a.LocalActorRef akka://worker/user/watcher/processing-watcher/graph/graph/$Lb - Starting...
11:35:07.135 [worker-akka.actor.default-dispatcher-13] INFO  a.a.LocalActorRef akka://worker/user/watcher/processing-watcher/graph/graph/$Mb - Starting...
11:35:07.135 [worker-akka.actor.default-dispatcher-13] INFO  a.a.LocalActorRef akka://worker/user/watcher/processing-watcher/graph/graph/$Nb - Starting...
2019-10-10T11:35:22.734+0000: 31.284: [GC (Allocation Failure) 2019-10-10T11:35:22.734+0000: 31.284: [DefNew: 409600K->32124K(460800K), 0.0574912 secs] 435516K->58041K(1484800K), 0.0575826 secs] [Times: user=0.05 sys=0.01, real=0.06 secs] 
2019-10-10T11:35:34.705+0000: 43.256: [GC (Allocation Failure) 2019-10-10T11:35:34.705+0000: 43.256: [DefNew: 441724K->1221K(460800K), 0.0567934 secs] 467641K->55958K(1484800K), 0.0569663 secs] [Times: user=0.03 sys=0.02, real=0.06 secs] 
2019-10-10T11:35:43.373+0000: 51.924: [GC (Allocation Failure) 2019-10-10T11:35:43.374+0000: 51.924: [DefNew: 410821K->1310K(460800K), 0.0052522 secs] 465558K->56047K(1484800K), 0.0053566 secs] [Times: user=0.01 sys=0.00, real=0.01 secs] 
2019-10-10T11:35:49.956+0000: 58.506: [GC (Allocation Failure) 2019-10-10T11:35:49.956+0000: 58.506: [DefNew: 410910K->1369K(460800K), 0.0053263 secs] 465647K->56106K(1484800K), 0.0054279 secs] [Times: user=0.01 sys=0.00, real=0.01 secs] 
2019-10-10T11:35:59.355+0000: 67.906: [GC (Allocation Failure) 2019-10-10T11:35:59.355+0000: 67.906: [DefNew: 410969K->1995K(460800K), 0.0064091 secs] 465706K->56732K(1484800K), 0.0064988 secs] [Times: user=0.01 sys=0.00, real=0.01 secs] 
2019-10-10T11:36:08.824+0000: 77.374: [GC (Allocation Failure) 2019-10-10T11:36:08.824+0000: 77.374: [DefNew: 411595K->1741K(460800K), 0.0046243 secs] 466332K->56478K(1484800K), 0.0047287 secs] [Times: user=0.00 sys=0.00, real=0.00 secs] 
2019-10-10T11:36:16.608+0000: 85.159: [GC (Allocation Failure) 2019-10-10T11:36:16.609+0000: 85.159: [DefNew: 411341K->1709K(460800K), 0.0042590 secs] 466078K->56446K(1484800K), 0.0043551 secs] [Times: user=0.00 sys=0.00, real=0.01 secs] 
2019-10-10T11:36:23.320+0000: 91.870: [GC (Allocation Failure) 2019-10-10T11:36:23.320+0000: 91.870: [DefNew: 411309K->1710K(460800K), 0.0044101 secs] 466046K->56448K(1484800K), 0.0044997 secs] [Times: user=0.01 sys=0.00, real=0.00 secs] 
2019-10-10T11:36:31.018+0000: 99.568: [GC (Allocation Failure) 2019-10-10T11:36:31.018+0000: 99.568: [DefNew: 411310K->1739K(460800K), 0.0045591 secs] 466048K->56476K(1484800K), 0.0046500 secs] [Times: user=0.00 sys=0.00, real=0.00 secs] 
2019-10-10T11:36:38.251+0000: 106.801: [GC (Allocation Failure) 2019-10-10T11:36:38.251+0000: 106.801: [DefNew: 411339K->1775K(460800K), 0.0046721 secs] 466076K->56512K(1484800K), 0.0047644 secs] [Times: user=0.00 sys=0.00, real=0.00 secs] 
2019-10-10T11:36:45.473+0000: 114.024: [GC (Allocation Failure) 2019-10-10T11:36:45.473+0000: 114.024: [DefNew: 411375K->1750K(460800K), 0.0045764 secs] 466112K->56488K(1484800K), 0.0046908 secs] [Times: user=0.00 sys=0.00, real=0.01 secs] 
2019-10-10T11:36:52.632+0000: 121.182: [GC (Allocation Failure) 2019-10-10T11:36:52.632+0000: 121.182: [DefNew: 411350K->1719K(460800K), 0.0043605 secs] 466088K->56457K(1484800K), 0.0044506 secs] [Times: user=0.01 sys=0.00, real=0.00 secs] 
2019-10-10T11:37:00.460+0000: 129.011: [GC (Allocation Failure) 2019-10-10T11:37:00.460+0000: 129.011: [DefNew: 411319K->1820K(460800K), 0.0047047 secs] 466057K->56558K(1484800K), 0.0048246 secs] [Times: user=0.01 sys=0.00, real=0.00 secs] 
2019-10-10T11:37:07.713+0000: 136.264: [GC (Allocation Failure) 2019-10-10T11:37:07.713+0000: 136.264: [DefNew: 411420K->1812K(460800K), 0.0047237 secs] 466158K->56550K(1484800K), 0.0048185 secs] [Times: user=0.01 sys=0.00, real=0.01 secs] 
2019-10-10T11:37:14.952+0000: 143.502: [GC (Allocation Failure) 2019-10-10T11:37:14.952+0000: 143.502: [DefNew: 411412K->1815K(460800K), 0.0047633 secs] 466150K->56553K(1484800K), 0.0048647 secs] [Times: user=0.00 sys=0.00, real=0.00 secs] 
2019-10-10T11:37:22.718+0000: 151.268: [GC (Allocation Failure) 2019-10-10T11:37:22.718+0000: 151.268: [DefNew: 411415K->1814K(460800K), 0.0046529 secs] 466153K->56551K(1484800K), 0.0047370 secs] [Times: user=0.00 sys=0.00, real=0.00 secs] 
2019-10-10T11:37:30.001+0000: 158.551: [GC (Allocation Failure) 2019-10-10T11:37:30.001+0000: 158.551: [DefNew: 411414K->1572K(460800K), 0.0053870 secs] 466151K->56599K(1484800K), 0.0054840 secs] [Times: user=0.01 sys=0.00, real=0.00 secs] 
2019-10-10T11:37:37.281+0000: 165.832: [GC (Allocation Failure) 2019-10-10T11:37:37.281+0000: 165.832: [DefNew: 411172K->1367K(460800K), 0.0045215 secs] 466199K->56550K(1484800K), 0.0046186 secs] [Times: user=0.00 sys=0.00, real=0.00 secs] 
2019-10-10T11:37:45.093+0000: 173.643: [GC (Allocation Failure) 2019-10-10T11:37:45.093+0000: 173.643: [DefNew: 410967K->1222K(460800K), 0.0044125 secs] 466150K->56551K(1484800K), 0.0045110 secs] [Times: user=0.00 sys=0.00, real=0.01 secs] 
2019-10-10T11:37:52.416+0000: 180.966: [GC (Allocation Failure) 2019-10-10T11:37:52.416+0000: 180.966: [DefNew: 410822K->240K(460800K), 0.0046099 secs] 466151K->56551K(1484800K), 0.0047043 secs] [Times: user=0.01 sys=0.00, real=0.01 secs] 
2019-10-10T11:37:59.664+0000: 188.214: [GC (Allocation Failure) 2019-10-10T11:37:59.664+0000: 188.214: [DefNew: 409840K->328K(460800K), 0.0032803 secs] 466151K->56639K(1484800K), 0.0033739 secs] [Times: user=0.01 sys=0.00, real=0.00 secs] 
2019-10-10T11:38:06.955+0000: 195.505: [GC (Allocation Failure) 2019-10-10T11:38:06.955+0000: 195.505: [DefNew: 409928K->273K(460800K), 0.0028992 secs] 466239K->56585K(1484800K), 0.0029919 secs] [Times: user=0.00 sys=0.00, real=0.01 secs] 
2019-10-10T11:38:14.747+0000: 203.297: [GC (Allocation Failure) 2019-10-10T11:38:14.747+0000: 203.297: [DefNew: 409873K->272K(460800K), 0.0028649 secs] 466185K->56584K(1484800K), 0.0029624 secs] [Times: user=0.00 sys=0.00, real=0.01 secs] 
2019-10-10T11:38:22.122+0000: 210.673: [GC (Allocation Failure) 2019-10-10T11:38:22.122+0000: 210.673: [DefNew: 409872K->266K(460800K), 0.0029334 secs] 466184K->56582K(1484800K), 0.0030365 secs] [Times: user=0.00 sys=0.00, real=0.00 secs] 
2019-10-10T11:38:29.422+0000: 217.973: [GC (Allocation Failure) 2019-10-10T11:38:29.422+0000: 217.973: [DefNew: 409866K->265K(460800K), 0.0030276 secs] 466182K->56582K(1484800K), 0.0031295 secs] [Times: user=0.01 sys=0.00, real=0.00 secs] 
2019-10-10T11:38:37.148+0000: 225.698: [GC (Allocation Failure) 2019-10-10T11:38:37.148+0000: 225.699: [DefNew: 409865K->291K(460800K), 0.0030295 secs] 466182K->56607K(1484800K), 0.0031239 secs] [Times: user=0.00 sys=0.00, real=0.01 secs] 
2019-10-10T11:38:44.457+0000: 233.008: [GC (Allocation Failure) 2019-10-10T11:38:44.457+0000: 233.008: [DefNew: 409891K->266K(460800K), 0.0031893 secs] 466207K->56584K(1484800K), 0.0032826 secs] [Times: user=0.00 sys=0.00, real=0.01 secs] 
2019-10-10T11:38:51.733+0000: 240.283: [GC (Allocation Failure) 2019-10-10T11:38:51.733+0000: 240.283: [DefNew: 409866K->184K(460800K), 0.0030559 secs] 466184K->56598K(1484800K), 0.0031760 secs] [Times: user=0.01 sys=0.00, real=0.00 secs] 
2019-10-10T11:38:59.412+0000: 247.962: [GC (Allocation Failure) 2019-10-10T11:38:59.412+0000: 247.962: [DefNew: 409784K->202K(460800K), 0.0029666 secs] 466198K->56616K(1484800K), 0.0030631 secs] [Times: user=0.00 sys=0.00, real=0.00 secs] 
2019-10-10T11:39:06.712+0000: 255.262: [GC (Allocation Failure) 2019-10-10T11:39:06.712+0000: 255.262: [DefNew: 409802K->201K(460800K), 0.0027490 secs] 466216K->56615K(1484800K), 0.0028338 secs] [Times: user=0.00 sys=0.00, real=0.00 secs] 
2019-10-10T11:39:13.972+0000: 262.523: [GC (Allocation Failure) 2019-10-10T11:39:13.972+0000: 262.523: [DefNew: 409801K->223K(460800K), 0.0029669 secs] 466215K->56637K(1484800K), 0.0030583 secs] [Times: user=0.01 sys=0.00, real=0.00 secs] 
2019-10-10T11:39:21.728+0000: 270.279: [GC (Allocation Failure) 2019-10-10T11:39:21.728+0000: 270.279: [DefNew: 409823K->201K(460800K), 0.0026268 secs] 466237K->56615K(1484800K), 0.0027006 secs] [Times: user=0.00 sys=0.00, real=0.01 secs] 
2019-10-10T11:39:29.034+0000: 277.584: [GC (Allocation Failure) 2019-10-10T11:39:29.034+0000: 277.584: [DefNew: 409801K->202K(460800K), 0.0027042 secs] 466215K->56617K(1484800K), 0.0027850 secs] [Times: user=0.01 sys=0.00, real=0.00 secs] 
2019-10-10T11:39:36.287+0000: 284.838: [GC (Allocation Failure) 2019-10-10T11:39:36.288+0000: 284.838: [DefNew: 409802K->200K(460800K), 0.0027818 secs] 466217K->56614K(1484800K), 0.0028714 secs] [Times: user=0.00 sys=0.00, real=0.01 secs] 
2019-10-10T11:39:43.762+0000: 292.313: [GC (Allocation Failure) 2019-10-10T11:39:43.763+0000: 292.313: [DefNew: 409800K->263K(460800K), 0.0030288 secs] 466214K->56677K(1484800K), 0.0037422 secs] [Times: user=0.00 sys=0.00, real=0.00 secs] 
2019-10-10T11:39:51.335+0000: 299.885: [GC (Allocation Failure) 2019-10-10T11:39:51.335+0000: 299.885: [DefNew: 409863K->172K(460800K), 0.0029458 secs] 466277K->56617K(1484800K), 0.0030407 secs] [Times: user=0.01 sys=0.00, real=0.01 secs] 
2019-10-10T11:39:58.579+0000: 307.129: [GC (Allocation Failure) 2019-10-10T11:39:58.579+0000: 307.129: [DefNew: 409772K->196K(460800K), 0.0029898 secs] 466217K->56641K(1484800K), 0.0030859 secs] [Times: user=0.00 sys=0.00, real=0.00 secs] 
2019-10-10T11:40:05.844+0000: 314.395: [GC (Allocation Failure) 2019-10-10T11:40:05.844+0000: 314.395: [DefNew: 409796K->264K(460800K), 0.0028759 secs] 466241K->56710K(1484800K), 0.0029865 secs] [Times: user=0.00 sys=0.00, real=0.00 secs] 
2019-10-10T11:40:13.579+0000: 322.129: [GC (Allocation Failure) 2019-10-10T11:40:13.579+0000: 322.129: [DefNew: 409864K->278K(460800K), 0.0032190 secs] 466310K->56723K(1484800K), 0.0033342 secs] [Times: user=0.00 sys=0.00, real=0.00 secs] 
2019-10-10T11:40:20.942+0000: 329.492: [GC (Allocation Failure) 2019-10-10T11:40:20.942+0000: 329.492: [DefNew: 409878K->229K(460800K), 0.0027732 secs] 466323K->56674K(1484800K), 0.0028553 secs] [Times: user=0.00 sys=0.00, real=0.00 secs] 
2019-10-10T11:40:28.270+0000: 336.820: [GC (Allocation Failure) 2019-10-10T11:40:28.270+0000: 336.821: [DefNew: 409829K->229K(460800K), 0.0028344 secs] 466274K->56674K(1484800K), 0.0029303 secs] [Times: user=0.00 sys=0.00, real=0.00 secs] 
2019-10-10T11:40:35.970+0000: 344.521: [GC (Allocation Failure) 2019-10-10T11:40:35.970+0000: 344.521: [DefNew: 409829K->230K(460800K), 0.0030327 secs] 466274K->56675K(1484800K), 0.0031435 secs] [Times: user=0.00 sys=0.00, real=0.00 secs] 
2019-10-10T11:40:43.361+0000: 351.912: [GC (Allocation Failure) 2019-10-10T11:40:43.361+0000: 351.912: [DefNew: 409830K->234K(460800K), 0.0028341 secs] 466275K->56681K(1484800K), 0.0029347 secs] [Times: user=0.00 sys=0.00, real=0.00 secs] 
2019-10-10T11:40:50.619+0000: 359.170: [GC (Allocation Failure) 2019-10-10T11:40:50.619+0000: 359.170: [DefNew: 409834K->241K(460800K), 0.0030517 secs] 466281K->56718K(1484800K), 0.0031445 secs] [Times: user=0.00 sys=0.00, real=0.00 secs] 
2019-10-10T11:40:57.800+0000: 366.350: [GC (Allocation Failure) 2019-10-10T11:40:57.800+0000: 366.350: [DefNew: 409841K->251K(460800K), 0.0031644 secs] 466318K->56729K(1484800K), 0.0032528 secs] [Times: user=0.00 sys=0.00, real=0.00 secs] 
2019-10-10T11:41:05.568+0000: 374.119: [GC (Allocation Failure) 2019-10-10T11:41:05.568+0000: 374.119: [DefNew: 409851K->263K(460800K), 0.0029521 secs] 466329K->56741K(1484800K), 0.0030490 secs] [Times: user=0.01 sys=0.00, real=0.01 secs] 
2019-10-10T11:41:12.860+0000: 381.411: [GC (Allocation Failure) 2019-10-10T11:41:12.860+0000: 381.411: [DefNew: 409863K->267K(460800K), 0.0028971 secs] 466341K->56744K(1484800K), 0.0030026 secs] [Times: user=0.00 sys=0.00, real=0.00 secs] 
2019-10-10T11:41:20.211+0000: 388.762: [GC (Allocation Failure) 2019-10-10T11:41:20.211+0000: 388.762: [DefNew: 409867K->268K(460800K), 0.0029693 secs] 466344K->56746K(1484800K), 0.0030552 secs] [Times: user=0.00 sys=0.00, real=0.00 secs] 
2019-10-10T11:41:27.966+0000: 396.517: [GC (Allocation Failure) 2019-10-10T11:41:27.966+0000: 396.517: [DefNew: 409868K->267K(460800K), 0.0027912 secs] 466346K->56745K(1484800K), 0.0028818 secs] [Times: user=0.00 sys=0.00, real=0.00 secs] 
2019-10-10T11:41:35.256+0000: 403.807: [GC (Allocation Failure) 2019-10-10T11:41:35.256+0000: 403.807: [DefNew: 409867K->234K(460800K), 0.0028150 secs] 466345K->56712K(1484800K), 0.0029009 secs] [Times: user=0.00 sys=0.00, real=0.01 secs] 
2019-10-10T11:41:42.506+0000: 411.056: [GC (Allocation Failure) 2019-10-10T11:41:42.506+0000: 411.056: [DefNew: 409834K->299K(460800K), 0.0028721 secs] 466312K->56777K(1484800K), 0.0029558 secs] [Times: user=0.01 sys=0.00, real=0.00 secs] 
2019-10-10T11:41:50.229+0000: 418.780: [GC (Allocation Failure) 2019-10-10T11:41:50.229+0000: 418.780: [DefNew: 409899K->225K(460800K), 0.0028457 secs] 466377K->56729K(1484800K), 0.0029403 secs] [Times: user=0.01 sys=0.00, real=0.01 secs] 
2019-10-10T11:41:57.498+0000: 426.048: [GC (Allocation Failure) 2019-10-10T11:41:57.498+0000: 426.048: [DefNew: 409825K->189K(460800K), 0.0029432 secs] 466329K->56725K(1484800K), 0.0030383 secs] [Times: user=0.00 sys=0.00, real=0.00 secs] 
2019-10-10T11:42:04.751+0000: 433.301: [GC (Allocation Failure) 2019-10-10T11:42:04.751+0000: 433.301: [DefNew: 409789K->190K(460800K), 0.0027924 secs] 466325K->56727K(1484800K), 0.0028829 secs] [Times: user=0.01 sys=0.00, real=0.00 secs] 
2019-10-10T11:42:12.388+0000: 440.938: [GC (Allocation Failure) 2019-10-10T11:42:12.388+0000: 440.938: [DefNew: 409790K->190K(460800K), 0.0026796 secs] 466327K->56726K(1484800K), 0.0027700 secs] [Times: user=0.01 sys=0.00, real=0.01 secs] 
2019-10-10T11:42:19.771+0000: 448.322: [GC (Allocation Failure) 2019-10-10T11:42:19.771+0000: 448.322: [DefNew: 409790K->189K(460800K), 0.0027264 secs] 466326K->56727K(1484800K), 0.0028486 secs] [Times: user=0.00 sys=0.00, real=0.00 secs] 
2019-10-10T11:42:27.054+0000: 455.605: [GC (Allocation Failure) 2019-10-10T11:42:27.054+0000: 455.605: [DefNew: 409789K->195K(460800K), 0.0028443 secs] 466327K->56733K(1484800K), 0.0029373 secs] [Times: user=0.00 sys=0.00, real=0.00 secs] 
11:42:33.638 [worker-akka.actor.default-dispatcher-10] INFO  a.r.a.Association(akka://worker) akka.remote.artery.Association(akka://worker) - Stopping idle outbound stream [2] to [akka://worker@flamestream-benchmarks-worker-0:5412]
2019-10-10T11:42:34.842+0000: 463.392: [GC (Allocation Failure) 2019-10-10T11:42:34.842+0000: 463.392: [DefNew: 409795K->319K(460800K), 0.0032682 secs] 466333K->56858K(1484800K), 0.0033590 secs] [Times: user=0.00 sys=0.00, real=0.00 secs] 
2019-10-10T11:42:42.088+0000: 470.639: [GC (Allocation Failure) 2019-10-10T11:42:42.088+0000: 470.639: [DefNew: 409919K->250K(460800K), 0.0030824 secs] 466458K->56789K(1484800K), 0.0031722 secs] [Times: user=0.00 sys=0.00, real=0.01 secs] 
2019-10-10T11:42:49.400+0000: 477.951: [GC (Allocation Failure) 2019-10-10T11:42:49.400+0000: 477.951: [DefNew: 409850K->233K(460800K), 0.0031432 secs] 466389K->56808K(1484800K), 0.0032326 secs] [Times: user=0.01 sys=0.00, real=0.00 secs] 
2019-10-10T11:42:56.726+0000: 485.276: [GC (Allocation Failure) 2019-10-10T11:42:56.726+0000: 485.277: [DefNew: 409833K->230K(460800K), 0.0030793 secs] 466408K->56805K(1484800K), 0.0031714 secs] [Times: user=0.01 sys=0.00, real=0.00 secs] 
2019-10-10T11:43:04.449+0000: 492.999: [GC (Allocation Failure) 2019-10-10T11:43:04.449+0000: 492.999: [DefNew: 409830K->259K(460800K), 0.0031074 secs] 466405K->56834K(1484800K), 0.0032249 secs] [Times: user=0.00 sys=0.00, real=0.01 secs] 
2019-10-10T11:43:11.802+0000: 500.353: [GC (Allocation Failure) 2019-10-10T11:43:11.802+0000: 500.353: [DefNew: 409859K->232K(460800K), 0.0029849 secs] 466434K->56808K(1484800K), 0.0030725 secs] [Times: user=0.00 sys=0.00, real=0.00 secs] 
2019-10-10T11:43:18.995+0000: 507.546: [GC (Allocation Failure) 2019-10-10T11:43:18.995+0000: 507.546: [DefNew: 409832K->231K(460800K), 0.0029307 secs] 466408K->56806K(1484800K), 0.0030194 secs] [Times: user=0.00 sys=0.00, real=0.01 secs] 
2019-10-10T11:43:26.752+0000: 515.303: [GC (Allocation Failure) 2019-10-10T11:43:26.752+0000: 515.303: [DefNew: 409831K->230K(460800K), 0.0029988 secs] 466406K->56806K(1484800K), 0.0030824 secs] [Times: user=0.00 sys=0.00, real=0.00 secs] 
2019-10-10T11:43:34.051+0000: 522.602: [GC (Allocation Failure) 2019-10-10T11:43:34.051+0000: 522.602: [DefNew: 409830K->276K(460800K), 0.0031326 secs] 466406K->56851K(1484800K), 0.0032241 secs] [Times: user=0.00 sys=0.00, real=0.00 secs] 
2019-10-10T11:43:41.345+0000: 529.896: [GC (Allocation Failure) 2019-10-10T11:43:41.345+0000: 529.896: [DefNew: 409876K->232K(460800K), 0.0030050 secs] 466451K->56807K(1484800K), 0.0030902 secs] [Times: user=0.00 sys=0.00, real=0.00 secs] 
2019-10-10T11:43:48.602+0000: 537.152: [GC (Allocation Failure) 2019-10-10T11:43:48.602+0000: 537.152: [DefNew: 409832K->229K(460800K), 0.0032069 secs] 466407K->56817K(1484800K), 0.0032999 secs] [Times: user=0.00 sys=0.00, real=0.00 secs] 
2019-10-10T11:43:56.361+0000: 544.911: [GC (Allocation Failure) 2019-10-10T11:43:56.361+0000: 544.911: [DefNew: 409829K->246K(460800K), 0.0033943 secs] 466417K->56834K(1484800K), 0.0034776 secs] [Times: user=0.01 sys=0.00, real=0.00 secs] 
2019-10-10T11:44:03.640+0000: 552.190: [GC (Allocation Failure) 2019-10-10T11:44:03.640+0000: 552.190: [DefNew: 409846K->229K(460800K), 0.0030143 secs] 466434K->56818K(1484800K), 0.0031034 secs] [Times: user=0.01 sys=0.00, real=0.00 secs] 
2019-10-10T11:44:10.924+0000: 559.475: [GC (Allocation Failure) 2019-10-10T11:44:10.924+0000: 559.475: [DefNew: 409829K->299K(460800K), 0.0034078 secs] 466418K->56888K(1484800K), 0.0035000 secs] [Times: user=0.00 sys=0.01, real=0.00 secs] 
2019-10-10T11:44:18.680+0000: 567.231: [GC (Allocation Failure) 2019-10-10T11:44:18.680+0000: 567.231: [DefNew: 409899K->239K(460800K), 0.0029793 secs] 466488K->56829K(1484800K), 0.0031015 secs] [Times: user=0.01 sys=0.00, real=0.00 secs] 
2019-10-10T11:44:25.986+0000: 574.536: [GC (Allocation Failure) 2019-10-10T11:44:25.986+0000: 574.537: [DefNew: 409839K->234K(460800K), 0.0033845 secs] 466429K->56860K(1484800K), 0.0034941 secs] [Times: user=0.00 sys=0.00, real=0.01 secs] 
2019-10-10T11:44:33.226+0000: 581.777: [GC (Allocation Failure) 2019-10-10T11:44:33.226+0000: 581.777: [DefNew: 409834K->171K(460800K), 0.0029396 secs] 466460K->56818K(1484800K), 0.0030293 secs] [Times: user=0.00 sys=0.00, real=0.00 secs] 
2019-10-10T11:44:41.044+0000: 589.595: [GC (Allocation Failure) 2019-10-10T11:44:41.044+0000: 589.595: [DefNew: 409771K->191K(460800K), 0.0029012 secs] 466418K->56838K(1484800K), 0.0029918 secs] [Times: user=0.01 sys=0.00, real=0.00 secs] 
2019-10-10T11:44:48.297+0000: 596.848: [GC (Allocation Failure) 2019-10-10T11:44:48.297+0000: 596.848: [DefNew: 409791K->168K(460800K), 0.0028057 secs] 466438K->56837K(1484800K), 0.0029314 secs] [Times: user=0.00 sys=0.00, real=0.01 secs] 
2019-10-10T11:44:55.577+0000: 604.128: [GC (Allocation Failure) 2019-10-10T11:44:55.577+0000: 604.128: [DefNew: 409768K->158K(460800K), 0.0027799 secs] 466437K->56826K(1484800K), 0.0028704 secs] [Times: user=0.00 sys=0.00, real=0.01 secs] 
2019-10-10T11:45:02.914+0000: 611.464: [GC (Allocation Failure) 2019-10-10T11:45:02.914+0000: 611.464: [DefNew: 409758K->173K(460800K), 0.0027503 secs] 466426K->56841K(1484800K), 0.0028374 secs] [Times: user=0.00 sys=0.00, real=0.00 secs] 
2019-10-10T11:45:10.566+0000: 619.116: [GC (Allocation Failure) 2019-10-10T11:45:10.566+0000: 619.116: [DefNew: 409773K->193K(460800K), 0.0029862 secs] 466441K->56862K(1484800K), 0.0030785 secs] [Times: user=0.01 sys=0.00, real=0.00 secs] 
2019-10-10T11:45:17.887+0000: 626.437: [GC (Allocation Failure) 2019-10-10T11:45:17.887+0000: 626.437: [DefNew: 409793K->197K(460800K), 0.0027971 secs] 466462K->56866K(1484800K), 0.0028849 secs] [Times: user=0.00 sys=0.00, real=0.01 secs] 
2019-10-10T11:45:25.172+0000: 633.722: [GC (Allocation Failure) 2019-10-10T11:45:25.172+0000: 633.722: [DefNew: 409797K->163K(460800K), 0.0035712 secs] 466466K->56832K(1484800K), 0.0036679 secs] [Times: user=0.00 sys=0.00, real=0.00 secs] 
2019-10-10T11:45:32.915+0000: 641.466: [GC (Allocation Failure) 2019-10-10T11:45:32.915+0000: 641.466: [DefNew: 409763K->163K(460800K), 0.0026703 secs] 466432K->56832K(1484800K), 0.0027576 secs] [Times: user=0.01 sys=0.00, real=0.01 secs] 
2019-10-10T11:45:40.212+0000: 648.763: [GC (Allocation Failure) 2019-10-10T11:45:40.212+0000: 648.763: [DefNew: 409763K->162K(460800K), 0.0027508 secs] 466432K->56831K(1484800K), 0.0028401 secs] [Times: user=0.01 sys=0.00, real=0.00 secs] 
2019-10-10T11:45:47.486+0000: 656.037: [GC (Allocation Failure) 2019-10-10T11:45:47.486+0000: 656.037: [DefNew: 409762K->152K(460800K), 0.0026965 secs] 466431K->56831K(1484800K), 0.0027896 secs] [Times: user=0.00 sys=0.00, real=0.00 secs] 
2019-10-10T11:45:55.258+0000: 663.808: [GC (Allocation Failure) 2019-10-10T11:45:55.258+0000: 663.808: [DefNew: 409752K->162K(460800K), 0.0028196 secs] 466431K->56841K(1484800K), 0.0029091 secs] [Times: user=0.00 sys=0.00, real=0.00 secs] 
2019-10-10T11:46:02.548+0000: 671.099: [GC (Allocation Failure) 2019-10-10T11:46:02.548+0000: 671.099: [DefNew: 409762K->163K(460800K), 0.0028611 secs] 466441K->56841K(1484800K), 0.0029551 secs] [Times: user=0.01 sys=0.00, real=0.01 secs] 
2019-10-10T11:46:09.805+0000: 678.356: [GC (Allocation Failure) 2019-10-10T11:46:09.805+0000: 678.356: [DefNew: 409763K->170K(460800K), 0.0026315 secs] 466441K->56849K(1484800K), 0.0027188 secs] [Times: user=0.00 sys=0.00, real=0.00 secs] 
2019-10-10T11:46:17.615+0000: 686.165: [GC (Allocation Failure) 2019-10-10T11:46:17.615+0000: 686.165: [DefNew: 409770K->163K(460800K), 0.0026156 secs] 466449K->56842K(1484800K), 0.0027034 secs] [Times: user=0.00 sys=0.00, real=0.00 secs] 
2019-10-10T11:46:24.846+0000: 693.397: [GC (Allocation Failure) 2019-10-10T11:46:24.846+0000: 693.397: [DefNew: 409763K->160K(460800K), 0.0027096 secs] 466442K->56841K(1484800K), 0.0027915 secs] [Times: user=0.00 sys=0.00, real=0.00 secs] 
2019-10-10T11:46:32.169+0000: 700.719: [GC (Allocation Failure) 2019-10-10T11:46:32.169+0000: 700.719: [DefNew: 409760K->167K(460800K), 0.0029326 secs] 466441K->56848K(1484800K), 0.0030287 secs] [Times: user=0.00 sys=0.00, real=0.01 secs] 
2019-10-10T11:46:40.036+0000: 708.587: [GC (Allocation Failure) 2019-10-10T11:46:40.036+0000: 708.587: [DefNew: 409767K->177K(460800K), 0.0027701 secs] 466448K->56858K(1484800K), 0.0028755 secs] [Times: user=0.00 sys=0.00, real=0.01 secs] 
2019-10-10T11:46:47.433+0000: 715.984: [GC (Allocation Failure) 2019-10-10T11:46:47.433+0000: 715.984: [DefNew: 409777K->152K(460800K), 0.0025820 secs] 466458K->56841K(1484800K), 0.0027110 secs] [Times: user=0.00 sys=0.00, real=0.00 secs] 
2019-10-10T11:46:54.663+0000: 723.214: [GC (Allocation Failure) 2019-10-10T11:46:54.663+0000: 723.214: [DefNew: 409752K->160K(460800K), 0.0027118 secs] 466441K->56850K(1484800K), 0.0027876 secs] [Times: user=0.00 sys=0.00, real=0.00 secs] 
2019-10-10T11:47:01.838+0000: 730.388: [GC (Allocation Failure) 2019-10-10T11:47:01.838+0000: 730.388: [DefNew: 409760K->186K(460800K), 0.0027279 secs] 466450K->56880K(1484800K), 0.0028145 secs] [Times: user=0.00 sys=0.00, real=0.00 secs] 
2019-10-10T11:47:09.531+0000: 738.081: [GC (Allocation Failure) 2019-10-10T11:47:09.531+0000: 738.081: [DefNew: 409786K->156K(460800K), 0.0025682 secs] 466480K->56851K(1484800K), 0.0026658 secs] [Times: user=0.00 sys=0.00, real=0.00 secs] 
2019-10-10T11:47:16.822+0000: 745.372: [GC (Allocation Failure) 2019-10-10T11:47:16.822+0000: 745.372: [DefNew: 409756K->195K(460800K), 0.0026616 secs] 466451K->56889K(1484800K), 0.0027549 secs] [Times: user=0.00 sys=0.00, real=0.00 secs] 
2019-10-10T11:47:24.064+0000: 752.614: [GC (Allocation Failure) 2019-10-10T11:47:24.064+0000: 752.614: [DefNew: 409795K->156K(460800K), 0.0026499 secs] 466489K->56850K(1484800K), 0.0027524 secs] [Times: user=0.01 sys=0.00, real=0.00 secs] 
2019-10-10T11:47:31.908+0000: 760.458: [GC (Allocation Failure) 2019-10-10T11:47:31.908+0000: 760.458: [DefNew: 409756K->191K(460800K), 0.0025831 secs] 466450K->56885K(1484800K), 0.0026602 secs] [Times: user=0.00 sys=0.00, real=0.01 secs] 
2019-10-10T11:47:39.164+0000: 767.714: [GC (Allocation Failure) 2019-10-10T11:47:39.164+0000: 767.714: [DefNew: 409791K->156K(460800K), 0.0029558 secs] 466485K->56850K(1484800K), 0.0030482 secs] [Times: user=0.01 sys=0.00, real=0.00 secs] 
2019-10-10T11:47:46.479+0000: 775.029: [GC (Allocation Failure) 2019-10-10T11:47:46.479+0000: 775.030: [DefNew: 409756K->172K(460800K), 0.0028998 secs] 466450K->56875K(1484800K), 0.0029896 secs] [Times: user=0.01 sys=0.00, real=0.00 secs] 
2019-10-10T11:47:54.235+0000: 782.785: [GC (Allocation Failure) 2019-10-10T11:47:54.235+0000: 782.785: [DefNew: 409772K->157K(460800K), 0.0028457 secs] 466475K->56861K(1484800K), 0.0029378 secs] [Times: user=0.00 sys=0.00, real=0.01 secs] 
2019-10-10T11:48:01.480+0000: 790.030: [GC (Allocation Failure) 2019-10-10T11:48:01.480+0000: 790.031: [DefNew: 409757K->160K(460800K), 0.0027403 secs] 466461K->56864K(1484800K), 0.0028280 secs] [Times: user=0.01 sys=0.00, real=0.00 secs] 
2019-10-10T11:48:08.758+0000: 797.309: [GC (Allocation Failure) 2019-10-10T11:48:08.758+0000: 797.309: [DefNew: 409760K->171K(460800K), 0.0026309 secs] 466464K->56875K(1484800K), 0.0027264 secs] [Times: user=0.00 sys=0.00, real=0.00 secs] 
2019-10-10T11:48:16.548+0000: 805.099: [GC (Allocation Failure) 2019-10-10T11:48:16.548+0000: 805.099: [DefNew: 409771K->177K(460800K), 0.0027917 secs] 466475K->56881K(1484800K), 0.0028938 secs] [Times: user=0.00 sys=0.00, real=0.01 secs] 
2019-10-10T11:48:23.848+0000: 812.399: [GC (Allocation Failure) 2019-10-10T11:48:23.848+0000: 812.399: [DefNew: 409777K->188K(460800K), 0.0026944 secs] 466481K->56892K(1484800K), 0.0027902 secs] [Times: user=0.00 sys=0.00, real=0.01 secs] 
2019-10-10T11:48:31.067+0000: 819.618: [GC (Allocation Failure) 2019-10-10T11:48:31.067+0000: 819.618: [DefNew: 409788K->189K(460800K), 0.0028116 secs] 466492K->56893K(1484800K), 0.0029015 secs] [Times: user=0.00 sys=0.00, real=0.01 secs] 
2019-10-10T11:48:38.368+0000: 826.919: [GC (Allocation Failure) 2019-10-10T11:48:38.368+0000: 826.919: [DefNew: 409789K->227K(460800K), 0.0027268 secs] 466493K->56931K(1484800K), 0.0028321 secs] [Times: user=0.00 sys=0.00, real=0.01 secs] 
2019-10-10T11:48:46.129+0000: 834.679: [GC (Allocation Failure) 2019-10-10T11:48:46.129+0000: 834.679: [DefNew: 409827K->181K(460800K), 0.0028500 secs] 466531K->56893K(1484800K), 0.0029403 secs] [Times: user=0.00 sys=0.00, real=0.01 secs] 
2019-10-10T11:48:53.528+0000: 842.079: [GC (Allocation Failure) 2019-10-10T11:48:53.528+0000: 842.079: [DefNew: 409781K->229K(460800K), 0.0028982 secs] 466493K->56942K(1484800K), 0.0029866 secs] [Times: user=0.01 sys=0.00, real=0.01 secs] 
2019-10-10T11:49:00.666+0000: 849.217: [GC (Allocation Failure) 2019-10-10T11:49:00.666+0000: 849.217: [DefNew: 409829K->258K(460800K), 0.0029784 secs] 466542K->56971K(1484800K), 0.0030600 secs] [Times: user=0.01 sys=0.00, real=0.01 secs] 
2019-10-10T11:49:08.368+0000: 856.919: [GC (Allocation Failure) 2019-10-10T11:49:08.368+0000: 856.919: [DefNew: 409858K->211K(460800K), 0.0027418 secs] 466571K->56924K(1484800K), 0.0028427 secs] [Times: user=0.00 sys=0.00, real=0.01 secs] 
2019-10-10T11:49:15.635+0000: 864.185: [GC (Allocation Failure) 2019-10-10T11:49:15.635+0000: 864.185: [DefNew: 409811K->225K(460800K), 0.0029182 secs] 466524K->56938K(1484800K), 0.0030080 secs] [Times: user=0.01 sys=0.00, real=0.01 secs] 
2019-10-10T11:49:22.950+0000: 871.501: [GC (Allocation Failure) 2019-10-10T11:49:22.950+0000: 871.501: [DefNew: 409825K->188K(460800K), 0.0027691 secs] 466538K->56901K(1484800K), 0.0028586 secs] [Times: user=0.01 sys=0.00, real=0.00 secs] 
2019-10-10T11:49:30.217+0000: 878.768: [GC (Allocation Failure) 2019-10-10T11:49:30.217+0000: 878.768: [DefNew: 409788K->188K(460800K), 0.0025408 secs] 466501K->56901K(1484800K), 0.0026410 secs] [Times: user=0.00 sys=0.00, real=0.01 secs] 
2019-10-10T11:49:38.064+0000: 886.615: [GC (Allocation Failure) 2019-10-10T11:49:38.064+0000: 886.615: [DefNew: 409788K->232K(460800K), 0.0029533 secs] 466501K->56945K(1484800K), 0.0030368 secs] [Times: user=0.00 sys=0.00, real=0.00 secs] 
2019-10-10T11:49:45.349+0000: 893.900: [GC (Allocation Failure) 2019-10-10T11:49:45.349+0000: 893.900: [DefNew: 409832K->224K(460800K), 0.0027697 secs] 466545K->56938K(1484800K), 0.0028693 secs] [Times: user=0.00 sys=0.00, real=0.01 secs] 
2019-10-10T11:49:52.878+0000: 901.428: [GC (Allocation Failure) 2019-10-10T11:49:52.878+0000: 901.428: [DefNew: 409824K->179K(460800K), 0.0026894 secs] 466538K->56901K(1484800K), 0.0027806 secs] [Times: user=0.00 sys=0.00, real=0.00 secs] 
2019-10-10T11:50:00.351+0000: 908.901: [GC (Allocation Failure) 2019-10-10T11:50:00.351+0000: 908.901: [DefNew: 409779K->238K(460800K), 0.0029764 secs] 466501K->56960K(1484800K), 0.0030659 secs] [Times: user=0.00 sys=0.00, real=0.00 secs] 
2019-10-10T11:50:07.716+0000: 916.267: [GC (Allocation Failure) 2019-10-10T11:50:07.716+0000: 916.267: [DefNew: 409838K->187K(460800K), 0.0027421 secs] 466560K->56909K(1484800K), 0.0028319 secs] [Times: user=0.00 sys=0.00, real=0.01 secs] 
2019-10-10T11:50:15.013+0000: 923.563: [GC (Allocation Failure) 2019-10-10T11:50:15.013+0000: 923.563: [DefNew: 409787K->197K(460800K), 0.0030031 secs] 466509K->56951K(1484800K), 0.0031060 secs] [Times: user=0.01 sys=0.00, real=0.00 secs] 
2019-10-10T11:50:22.743+0000: 931.294: [GC (Allocation Failure) 2019-10-10T11:50:22.743+0000: 931.294: [DefNew: 409797K->236K(460800K), 0.0028147 secs] 466551K->56991K(1484800K), 0.0029066 secs] [Times: user=0.01 sys=0.00, real=0.00 secs] 
2019-10-10T11:50:30.035+0000: 938.586: [GC (Allocation Failure) 2019-10-10T11:50:30.035+0000: 938.586: [DefNew: 409836K->154K(460800K), 0.0028937 secs] 466591K->56909K(1484800K), 0.0029812 secs] [Times: user=0.00 sys=0.00, real=0.01 secs] 
2019-10-10T11:50:37.246+0000: 945.796: [GC (Allocation Failure) 2019-10-10T11:50:37.246+0000: 945.796: [DefNew: 409754K->156K(460800K), 0.0027584 secs] 466509K->56910K(1484800K), 0.0028497 secs] [Times: user=0.00 sys=0.00, real=0.00 secs] 
2019-10-10T11:50:45.068+0000: 953.618: [GC (Allocation Failure) 2019-10-10T11:50:45.068+0000: 953.618: [DefNew: 409756K->154K(460800K), 0.0027393 secs] 466510K->56909K(1484800K), 0.0028239 secs] [Times: user=0.01 sys=0.00, real=0.01 secs] 
2019-10-10T11:50:52.408+0000: 960.959: [GC (Allocation Failure) 2019-10-10T11:50:52.409+0000: 960.959: [DefNew: 409754K->190K(460800K), 0.0027823 secs] 466509K->56952K(1484800K), 0.0028724 secs] [Times: user=0.00 sys=0.00, real=0.01 secs] 
2019-10-10T11:50:59.729+0000: 968.280: [GC (Allocation Failure) 2019-10-10T11:50:59.729+0000: 968.280: [DefNew: 409790K->157K(460800K), 0.0028045 secs] 466552K->56920K(1484800K), 0.0029269 secs] [Times: user=0.01 sys=0.00, real=0.01 secs] 
2019-10-10T11:51:07.411+0000: 975.962: [GC (Allocation Failure) 2019-10-10T11:51:07.411+0000: 975.962: [DefNew: 409757K->155K(460800K), 0.0026474 secs] 466520K->56918K(1484800K), 0.0027395 secs] [Times: user=0.00 sys=0.00, real=0.00 secs] 
2019-10-10T11:51:14.709+0000: 983.260: [GC (Allocation Failure) 2019-10-10T11:51:14.709+0000: 983.260: [DefNew: 409755K->156K(460800K), 0.0026651 secs] 466518K->56919K(1484800K), 0.0027550 secs] [Times: user=0.00 sys=0.00, real=0.01 secs] 
2019-10-10T11:51:21.990+0000: 990.541: [GC (Allocation Failure) 2019-10-10T11:51:21.991+0000: 990.541: [DefNew: 409756K->252K(460800K), 0.0027513 secs] 466519K->57015K(1484800K), 0.0028406 secs] [Times: user=0.00 sys=0.00, real=0.00 secs] 
2019-10-10T11:51:29.728+0000: 998.278: [GC (Allocation Failure) 2019-10-10T11:51:29.728+0000: 998.278: [DefNew: 409852K->155K(460800K), 0.0027231 secs] 466615K->56918K(1484800K), 0.0028058 secs] [Times: user=0.01 sys=0.00, real=0.01 secs] 
2019-10-10T11:51:37.035+0000: 1005.585: [GC (Allocation Failure) 2019-10-10T11:51:37.035+0000: 1005.585: [DefNew: 409755K->159K(460800K), 0.0026668 secs] 466518K->56922K(1484800K), 0.0027764 secs] [Times: user=0.00 sys=0.00, real=0.01 secs] 
2019-10-10T11:51:44.304+0000: 1012.855: [GC (Allocation Failure) 2019-10-10T11:51:44.304+0000: 1012.855: [DefNew: 409759K->199K(460800K), 0.0028202 secs] 466522K->56962K(1484800K), 0.0029070 secs] [Times: user=0.00 sys=0.00, real=0.00 secs] 
11:51:50.322 [Client] INFO  c.s.f.r.e.s.SocketRear  - FlameSocketGraphDeployerRear@flamestream-benchmarks-worker-7: has been disconnected from Connection 9
11:51:50.330 [Client] INFO  c.s.f.r.e.s.SocketFront  - FlameSocketGraphDeployerFront@flamestream-benchmarks-worker-7 has been disconnected from Connection 8
11:51:50.337 [worker-akka.actor.default-dispatcher-10] WARN  c.s.f.r.e.s.SocketRear  - FlameSocketGraphDeployerRear@flamestream-benchmarks-worker-7: writing to closed log
11:51:54.746 [worker-akka.actor.default-dispatcher-10] INFO  a.r.a.Association(akka://worker) akka.remote.artery.Association(akka://worker) - Association to [akka://worker@flamestream-benchmarks-worker-1:5412] having UID [-1841295077369734911] has been stopped. All messages to this UID will be delivered to dead letters. Reason: ActorSystem terminated
11:51:54.925 [worker-akka.actor.default-dispatcher-10] INFO  a.r.a.Association(akka://worker) akka.remote.artery.Association(akka://worker) - Association to [akka://worker@flamestream-benchmarks-worker-2:5412] having UID [6444600634398261218] has been stopped. All messages to this UID will be delivered to dead letters. Reason: ActorSystem terminated
11:51:55.045 [worker-akka.actor.default-dispatcher-10] INFO  a.r.a.Association(akka://worker) akka.remote.artery.Association(akka://worker) - Association to [akka://worker@flamestream-benchmarks-worker-4:5412] having UID [8035050663617044396] has been stopped. All messages to this UID will be delivered to dead letters. Reason: ActorSystem terminated
11:51:55.074 [worker-akka.actor.default-dispatcher-10] INFO  a.r.a.Association(akka://worker) akka.remote.artery.Association(akka://worker) - Association to [akka://worker@flamestream-benchmarks-worker-3:5412] having UID [-4933178446897725924] has been stopped. All messages to this UID will be delivered to dead letters. Reason: ActorSystem terminated
11:51:55.121 [worker-akka.actor.default-dispatcher-10] INFO  a.a.LocalActorRef akka://worker/user/watcher/processing-watcher/graph/edge/FlameSocketGraphDeployerRear - Stopped
11:51:55.126 [worker-akka.actor.default-dispatcher-10] INFO  a.a.LocalActorRef akka://worker/user/watcher/processing-watcher/graph/negotiator - Stopped
11:51:55.136 [worker-akka.actor.default-dispatcher-12] INFO  a.a.LocalActorRef akka://worker/user/watcher/processing-watcher/graph/graph/$+ - Stopped
11:51:55.140 [worker-akka.actor.default-dispatcher-9] INFO  a.a.LocalActorRef akka://worker/user/watcher/processing-watcher/graph/graph/$0 - Stopped
11:51:55.141 [worker-akka.actor.default-dispatcher-9] INFO  a.a.LocalActorRef akka://worker/user/watcher/processing-watcher/graph/edge/FlameSocketGraphDeployerFront - Stopped
11:51:55.145 [worker-akka.actor.default-dispatcher-13] INFO  a.a.LocalActorRef akka://worker/user/watcher/processing-watcher/graph/edge - Stopped
11:51:55.145 [worker-akka.actor.default-dispatcher-17] INFO  a.a.LocalActorRef akka://worker/user/watcher/processing-watcher/graph/graph/$1 - Stopped
11:51:55.146 [worker-akka.actor.default-dispatcher-17] INFO  a.a.LocalActorRef akka://worker/user/watcher/processing-watcher/graph/graph/$2 - Stopped
11:51:55.147 [worker-akka.actor.default-dispatcher-19] INFO  a.a.LocalActorRef akka://worker/user/watcher/processing-watcher/graph/graph/$3 - Stopped
11:51:55.148 [worker-akka.actor.default-dispatcher-19] INFO  a.a.LocalActorRef akka://worker/user/watcher/processing-watcher/graph/graph/$4 - Stopped
11:51:55.149 [worker-akka.actor.default-dispatcher-19] INFO  a.a.LocalActorRef akka://worker/user/watcher/processing-watcher/graph/graph/$5 - Stopped
11:51:55.150 [worker-akka.actor.default-dispatcher-19] INFO  a.a.LocalActorRef akka://worker/user/watcher/processing-watcher/graph/graph/$6 - Stopped
11:51:55.152 [worker-akka.actor.default-dispatcher-19] INFO  a.a.LocalActorRef akka://worker/user/watcher/processing-watcher/graph/graph/$7 - Stopped
11:51:55.154 [worker-akka.actor.default-dispatcher-17] INFO  a.a.LocalActorRef akka://worker/user/watcher/processing-watcher/graph/graph/$8 - Stopped
11:51:55.154 [worker-akka.actor.default-dispatcher-17] INFO  a.a.LocalActorRef akka://worker/user/watcher/processing-watcher/graph/graph/$9 - Stopped
11:51:55.154 [worker-akka.actor.default-dispatcher-17] INFO  a.a.LocalActorRef akka://worker/user/watcher/processing-watcher/graph/graph/$A - Stopped
11:51:55.154 [worker-akka.actor.default-dispatcher-17] INFO  a.a.LocalActorRef akka://worker/user/watcher/processing-watcher/graph/graph/$Ab - Stopped
11:51:55.154 [worker-akka.actor.default-dispatcher-17] INFO  a.a.LocalActorRef akka://worker/user/watcher/processing-watcher/graph/graph/$B - Stopped
11:51:55.155 [worker-akka.actor.default-dispatcher-19] INFO  a.a.LocalActorRef akka://worker/user/watcher/processing-watcher/graph/graph/$Bb - Stopped
11:51:55.156 [worker-akka.actor.default-dispatcher-19] INFO  a.a.LocalActorRef akka://worker/user/watcher/processing-watcher/graph/graph/$C - Stopped
11:51:55.157 [worker-akka.actor.default-dispatcher-19] INFO  a.a.LocalActorRef akka://worker/user/watcher/processing-watcher/graph/graph/$Cb - Stopped
11:51:55.158 [worker-akka.actor.default-dispatcher-19] INFO  a.a.LocalActorRef akka://worker/user/watcher/processing-watcher/graph/graph/$D - Stopped
11:51:55.160 [worker-akka.actor.default-dispatcher-19] INFO  a.a.LocalActorRef akka://worker/user/watcher/processing-watcher/graph/graph/$Db - Stopped
11:51:55.161 [worker-akka.actor.default-dispatcher-19] INFO  a.a.LocalActorRef akka://worker/user/watcher/processing-watcher/graph/graph/$E - Stopped
11:51:55.161 [worker-akka.actor.default-dispatcher-19] INFO  a.a.LocalActorRef akka://worker/user/watcher/processing-watcher/graph/graph/$Eb - Stopped
11:51:55.162 [worker-akka.actor.default-dispatcher-19] INFO  a.a.LocalActorRef akka://worker/user/watcher/processing-watcher/graph/graph/$F - Stopped
11:51:55.163 [worker-akka.actor.default-dispatcher-19] INFO  a.a.LocalActorRef akka://worker/user/watcher/processing-watcher/graph/graph/$Fb - Stopped
11:51:55.163 [worker-akka.actor.default-dispatcher-19] INFO  a.a.LocalActorRef akka://worker/user/watcher/processing-watcher/graph/graph/$G - Stopped
11:51:55.165 [worker-akka.actor.default-dispatcher-19] INFO  a.a.LocalActorRef akka://worker/user/watcher/processing-watcher/graph/graph/$Gb - Stopped
11:51:55.166 [worker-akka.actor.default-dispatcher-19] INFO  a.a.LocalActorRef akka://worker/user/watcher/processing-watcher/graph/graph/$H - Stopped
11:51:55.167 [worker-akka.actor.default-dispatcher-19] INFO  a.a.LocalActorRef akka://worker/user/watcher/processing-watcher/graph/graph/$Hb - Stopped
11:51:55.168 [worker-akka.actor.default-dispatcher-19] INFO  a.a.LocalActorRef akka://worker/user/watcher/processing-watcher/graph/graph/$I - Stopped
11:51:55.168 [worker-akka.actor.default-dispatcher-19] INFO  a.a.LocalActorRef akka://worker/user/watcher/processing-watcher/graph/graph/$Ib - Stopped
11:51:55.169 [worker-akka.actor.default-dispatcher-19] INFO  a.a.LocalActorRef akka://worker/user/watcher/processing-watcher/graph/graph/$J - Stopped
11:51:55.171 [worker-akka.actor.default-dispatcher-19] INFO  a.a.LocalActorRef akka://worker/user/watcher/processing-watcher/graph/graph/$Jb - Stopped
11:51:55.172 [worker-akka.actor.default-dispatcher-19] INFO  a.a.LocalActorRef akka://worker/user/watcher/processing-watcher/graph/graph/$K - Stopped
11:51:55.172 [worker-akka.actor.default-dispatcher-19] INFO  a.a.LocalActorRef akka://worker/user/watcher/processing-watcher/graph/graph/$Kb - Stopped
11:51:55.172 [worker-akka.actor.default-dispatcher-19] INFO  a.a.LocalActorRef akka://worker/user/watcher/processing-watcher/graph/graph/$L - Stopped
11:51:55.173 [worker-akka.actor.default-dispatcher-19] INFO  a.a.LocalActorRef akka://worker/user/watcher/processing-watcher/graph/graph/$Lb - Stopped
11:51:55.175 [worker-akka.actor.default-dispatcher-19] INFO  a.a.LocalActorRef akka://worker/user/watcher/processing-watcher/graph/graph/$M - Stopped
11:51:55.175 [worker-akka.actor.default-dispatcher-19] INFO  a.a.LocalActorRef akka://worker/user/watcher/processing-watcher/graph/graph/$Mb - Stopped
11:51:55.176 [worker-akka.actor.default-dispatcher-19] INFO  a.a.LocalActorRef akka://worker/user/watcher/processing-watcher/graph/graph/$N - Stopped
11:51:55.177 [worker-akka.actor.default-dispatcher-19] INFO  a.a.LocalActorRef akka://worker/user/watcher/processing-watcher/graph/graph/$Nb - Stopped
11:51:55.177 [worker-akka.actor.default-dispatcher-19] INFO  a.a.LocalActorRef akka://worker/user/watcher/processing-watcher/graph/graph/$O - Stopped
11:51:55.178 [worker-akka.actor.default-dispatcher-19] INFO  a.a.LocalActorRef akka://worker/user/watcher/processing-watcher/graph/graph/$P - Stopped
11:51:55.179 [worker-akka.actor.default-dispatcher-19] INFO  a.a.LocalActorRef akka://worker/user/watcher/processing-watcher/graph/graph/$Q - Stopped
11:51:55.180 [worker-akka.actor.default-dispatcher-19] INFO  a.a.LocalActorRef akka://worker/user/watcher/processing-watcher/graph/graph/$R - Stopped
11:51:55.181 [worker-akka.actor.default-dispatcher-19] INFO  a.a.LocalActorRef akka://worker/user/watcher/processing-watcher/graph/graph/$S - Stopped
11:51:55.182 [worker-akka.actor.default-dispatcher-19] INFO  a.a.LocalActorRef akka://worker/user/watcher/processing-watcher/graph/graph/$T - Stopped
11:51:55.182 [worker-akka.actor.default-dispatcher-19] INFO  a.a.LocalActorRef akka://worker/user/watcher/processing-watcher/graph/graph/$U - Stopped
11:51:55.183 [worker-akka.actor.default-dispatcher-19] INFO  a.a.LocalActorRef akka://worker/user/watcher/processing-watcher/graph/graph/$V - Stopped
11:51:55.184 [worker-akka.actor.default-dispatcher-19] INFO  a.a.LocalActorRef akka://worker/user/watcher/processing-watcher/graph/graph/$W - Stopped
11:51:55.185 [worker-akka.actor.default-dispatcher-17] INFO  a.a.LocalActorRef akka://worker/user/watcher/processing-watcher/graph/graph/$X - Stopped
11:51:55.186 [worker-akka.actor.default-dispatcher-17] INFO  a.a.LocalActorRef akka://worker/user/watcher/processing-watcher/graph/graph/$Y - Stopped
11:51:55.186 [worker-akka.actor.default-dispatcher-17] INFO  a.a.LocalActorRef akka://worker/user/watcher/processing-watcher/graph/graph/$Z - Stopped
11:51:55.186 [worker-akka.actor.default-dispatcher-17] INFO  a.a.LocalActorRef akka://worker/user/watcher/processing-watcher/graph/graph/$a - Stopped
11:51:55.186 [worker-akka.actor.default-dispatcher-19] INFO  a.a.LocalActorRef akka://worker/user/watcher/processing-watcher/graph/graph/$ab - Stopped
11:51:55.187 [worker-akka.actor.default-dispatcher-19] INFO  a.a.LocalActorRef akka://worker/user/watcher/processing-watcher/graph/graph/$b - Stopped
11:51:55.188 [worker-akka.actor.default-dispatcher-19] INFO  a.a.LocalActorRef akka://worker/user/watcher/processing-watcher/graph/graph/$bb - Stopped
11:51:55.189 [worker-akka.actor.default-dispatcher-19] INFO  a.a.LocalActorRef akka://worker/user/watcher/processing-watcher/graph/graph/$c - Stopped
11:51:55.190 [worker-akka.actor.default-dispatcher-19] INFO  a.a.LocalActorRef akka://worker/user/watcher/processing-watcher/graph/graph/$cb - Stopped
11:51:55.190 [worker-akka.actor.default-dispatcher-19] INFO  a.a.LocalActorRef akka://worker/user/watcher/processing-watcher/graph/graph/$d - Stopped
11:51:55.191 [worker-akka.actor.default-dispatcher-19] INFO  a.a.LocalActorRef akka://worker/user/watcher/processing-watcher/graph/graph/$db - Stopped
11:51:55.192 [worker-akka.actor.default-dispatcher-19] INFO  a.a.LocalActorRef akka://worker/user/watcher/processing-watcher/graph/graph/$e - Stopped
11:51:55.193 [worker-akka.actor.default-dispatcher-19] INFO  a.a.LocalActorRef akka://worker/user/watcher/processing-watcher/graph/graph/$eb - Stopped
11:51:55.193 [worker-akka.actor.default-dispatcher-19] INFO  a.a.LocalActorRef akka://worker/user/watcher/processing-watcher/graph/graph/$f - Stopped
11:51:55.194 [worker-akka.actor.default-dispatcher-19] INFO  a.a.LocalActorRef akka://worker/user/watcher/processing-watcher/graph/graph/$fb - Stopped
11:51:55.195 [worker-akka.actor.default-dispatcher-19] INFO  a.a.LocalActorRef akka://worker/user/watcher/processing-watcher/graph/graph/$g - Stopped
11:51:55.196 [worker-akka.actor.default-dispatcher-19] INFO  a.a.LocalActorRef akka://worker/user/watcher/processing-watcher/graph/graph/$gb - Stopped
11:51:55.196 [worker-akka.actor.default-dispatcher-19] INFO  a.a.LocalActorRef akka://worker/user/watcher/processing-watcher/graph/graph/$h - Stopped
11:51:55.197 [worker-akka.actor.default-dispatcher-19] INFO  a.a.LocalActorRef akka://worker/user/watcher/processing-watcher/graph/graph/$hb - Stopped
11:51:55.198 [worker-akka.actor.default-dispatcher-19] INFO  a.a.LocalActorRef akka://worker/user/watcher/processing-watcher/graph/graph/$i - Stopped
11:51:55.198 [worker-akka.actor.default-dispatcher-19] INFO  a.a.LocalActorRef akka://worker/user/watcher/processing-watcher/graph/graph/$ib - Stopped
11:51:55.200 [worker-akka.actor.default-dispatcher-19] INFO  a.a.LocalActorRef akka://worker/user/watcher/processing-watcher/graph/graph/$j - Stopped
11:51:55.201 [worker-akka.actor.default-dispatcher-19] INFO  a.a.LocalActorRef akka://worker/user/watcher/processing-watcher/graph/graph/$jb - Stopped
11:51:55.202 [worker-akka.actor.default-dispatcher-19] INFO  a.a.LocalActorRef akka://worker/user/watcher/processing-watcher/graph/graph/$k - Stopped
11:51:55.203 [worker-akka.actor.default-dispatcher-17] INFO  a.a.LocalActorRef akka://worker/user/watcher/processing-watcher/graph/graph/$kb - Stopped
11:51:55.203 [worker-akka.actor.default-dispatcher-17] INFO  a.a.LocalActorRef akka://worker/user/watcher/processing-watcher/graph/graph/$l - Stopped
11:51:55.203 [worker-akka.actor.default-dispatcher-17] INFO  a.a.LocalActorRef akka://worker/user/watcher/processing-watcher/graph/graph/$lb - Stopped
11:51:55.203 [worker-akka.actor.default-dispatcher-17] INFO  a.a.LocalActorRef akka://worker/user/watcher/processing-watcher/graph/graph/$m - Stopped
11:51:55.204 [worker-akka.actor.default-dispatcher-19] INFO  a.a.LocalActorRef akka://worker/user/watcher/processing-watcher/graph/graph/$mb - Stopped
11:51:55.204 [worker-akka.actor.default-dispatcher-19] INFO  a.a.LocalActorRef akka://worker/user/watcher/processing-watcher/graph/graph/$n - Stopped
11:51:55.205 [worker-akka.actor.default-dispatcher-19] INFO  a.a.LocalActorRef akka://worker/user/watcher/processing-watcher/graph/graph/$nb - Stopped
11:51:55.206 [worker-akka.actor.default-dispatcher-19] INFO  a.a.LocalActorRef akka://worker/user/watcher/processing-watcher/graph/graph/$o - Stopped
11:51:55.207 [worker-akka.actor.default-dispatcher-19] INFO  a.a.LocalActorRef akka://worker/user/watcher/processing-watcher/graph/graph/$ob - Stopped
11:51:55.208 [worker-akka.actor.default-dispatcher-19] INFO  a.a.LocalActorRef akka://worker/user/watcher/processing-watcher/graph/graph/$p - Stopped
11:51:55.208 [worker-akka.actor.default-dispatcher-19] INFO  a.a.LocalActorRef akka://worker/user/watcher/processing-watcher/graph/graph/$pb - Stopped
11:51:55.209 [worker-akka.actor.default-dispatcher-19] INFO  a.a.LocalActorRef akka://worker/user/watcher/processing-watcher/graph/graph/$q - Stopped
11:51:55.210 [worker-akka.actor.default-dispatcher-19] INFO  a.a.LocalActorRef akka://worker/user/watcher/processing-watcher/graph/graph/$qb - Stopped
11:51:55.210 [worker-akka.actor.default-dispatcher-19] INFO  a.a.LocalActorRef akka://worker/user/watcher/processing-watcher/graph/graph/$r - Stopped
11:51:55.212 [worker-akka.actor.default-dispatcher-17] INFO  a.a.LocalActorRef akka://worker/user/watcher/processing-watcher/graph/graph/$rb - Stopped
11:51:55.212 [worker-akka.actor.default-dispatcher-17] INFO  a.a.LocalActorRef akka://worker/user/watcher/processing-watcher/graph/graph/$s - Stopped
11:51:55.213 [worker-akka.actor.default-dispatcher-19] INFO  a.a.LocalActorRef akka://worker/user/watcher/processing-watcher/graph/graph/$sb - Stopped
11:51:55.213 [worker-akka.actor.default-dispatcher-19] INFO  a.a.LocalActorRef akka://worker/user/watcher/processing-watcher/graph/graph/$t - Stopped
11:51:55.214 [worker-akka.actor.default-dispatcher-19] INFO  a.a.LocalActorRef akka://worker/user/watcher/processing-watcher/graph/graph/$tb - Stopped
11:51:55.215 [worker-akka.actor.default-dispatcher-19] INFO  a.a.LocalActorRef akka://worker/user/watcher/processing-watcher/graph/graph/$u - Stopped
11:51:55.216 [worker-akka.actor.default-dispatcher-19] INFO  a.a.LocalActorRef akka://worker/user/watcher/processing-watcher/graph/graph/$ub - Stopped
11:51:55.217 [worker-akka.actor.default-dispatcher-19] INFO  a.a.LocalActorRef akka://worker/user/watcher/processing-watcher/graph/graph/$v - Stopped
11:51:55.217 [worker-akka.actor.default-dispatcher-19] INFO  a.a.LocalActorRef akka://worker/user/watcher/processing-watcher/graph/graph/$vb - Stopped
11:51:55.218 [worker-akka.actor.default-dispatcher-19] INFO  a.a.LocalActorRef akka://worker/user/watcher/processing-watcher/graph/graph/$w - Stopped
11:51:55.218 [worker-akka.actor.default-dispatcher-19] INFO  a.a.LocalActorRef akka://worker/user/watcher/processing-watcher/graph/graph/$wb - Stopped
11:51:55.219 [worker-akka.actor.default-dispatcher-19] INFO  a.a.LocalActorRef akka://worker/user/watcher/processing-watcher/graph/graph/$x - Stopped
11:51:55.220 [worker-akka.actor.default-dispatcher-19] INFO  a.a.LocalActorRef akka://worker/user/watcher/processing-watcher/graph/graph/$xb - Stopped
11:51:55.221 [worker-akka.actor.default-dispatcher-17] INFO  a.a.LocalActorRef akka://worker/user/watcher/processing-watcher/graph/graph/$y - Stopped
11:51:55.221 [worker-akka.actor.default-dispatcher-17] INFO  a.a.LocalActorRef akka://worker/user/watcher/processing-watcher/graph/graph/$yb - Stopped
11:51:55.221 [worker-akka.actor.default-dispatcher-19] INFO  a.a.LocalActorRef akka://worker/user/watcher/processing-watcher/graph/graph/$z - Stopped
11:51:55.222 [worker-akka.actor.default-dispatcher-19] INFO  a.a.LocalActorRef akka://worker/user/watcher/processing-watcher/graph/graph/$zb - Stopped
11:51:55.223 [worker-akka.actor.default-dispatcher-19] INFO  a.a.LocalActorRef akka://worker/user/watcher/processing-watcher/graph/graph/$~ - Stopped
11:51:55.237 [worker-akka.actor.default-dispatcher-19] INFO  a.a.LocalActorRef akka://worker/user/watcher/processing-watcher/graph/graph - Stopped
11:51:55.247 [worker-akka.actor.default-dispatcher-19] INFO  a.a.LocalActorRef akka://worker/user/watcher/processing-watcher/graph - Stopped
11:51:55.247 [worker-akka.actor.default-dispatcher-17] INFO  a.a.LocalActorRef akka://worker/user/watcher/processing-watcher - Stopped
11:51:55.248 [Curator-Framework-0] INFO  o.a.c.f.i.CuratorFrameworkImpl  - backgroundOperationsLoop exiting
11:51:55.257 [Curator-PathChildrenCache-0] ERROR o.a.c.f.r.c.PathChildrenCache  - 
java.lang.IllegalStateException: instance must be started before calling this method
	at org.apache.curator.shaded.com.google.common.base.Preconditions.checkState(Preconditions.java:444)
	at org.apache.curator.framework.imps.CuratorFrameworkImpl.getChildren(CuratorFrameworkImpl.java:456)
	at org.apache.curator.framework.recipes.cache.PathChildrenCache.refresh(PathChildrenCache.java:521)
	at org.apache.curator.framework.recipes.cache.RefreshOperation.invoke(RefreshOperation.java:35)
	at org.apache.curator.framework.recipes.cache.PathChildrenCache$9.run(PathChildrenCache.java:786)
	at java.util.concurrent.Executors$RunnableAdapter.call(Executors.java:511)
	at java.util.concurrent.FutureTask.run(FutureTask.java:266)
	at java.util.concurrent.Executors$RunnableAdapter.call(Executors.java:511)
	at java.util.concurrent.FutureTask.run(FutureTask.java:266)
	at java.util.concurrent.ThreadPoolExecutor.runWorker(ThreadPoolExecutor.java:1149)
	at java.util.concurrent.ThreadPoolExecutor$Worker.run(ThreadPoolExecutor.java:624)
	at java.lang.Thread.run(Thread.java:748)
11:51:55.258 [worker-akka.actor.default-dispatcher-12] INFO  o.a.z.ZooKeeper  - Session: 0x100002c53420008 closed
11:51:55.258 [worker-akka.actor.default-dispatcher-6-EventThread] INFO  o.a.z.ClientCnxn  - EventThread shut down for session: 0x100002c53420008
11:51:55.259 [worker-akka.actor.default-dispatcher-19] INFO  a.a.RepointableActorRef akka://worker/user/watcher - Stopped
11:51:55.270 [worker-akka.actor.default-dispatcher-12] INFO  a.r.RemoteActorRefProvider$RemotingTerminator akka://worker@flamestream-benchmarks-worker-7:5412/system/remoting-terminator - Shutting down remote daemon.
11:51:55.272 [worker-akka.actor.default-dispatcher-12] INFO  a.r.RemoteActorRefProvider$RemotingTerminator akka://worker@flamestream-benchmarks-worker-7:5412/system/remoting-terminator - Remote daemon shut down; proceeding with flushing remote transports.
11:51:56.469 [worker-akka.actor.default-dispatcher-12] INFO  a.r.RemoteActorRefProvider$RemotingTerminator akka://worker@flamestream-benchmarks-worker-7:5412/system/remoting-terminator - Remoting shut down.
Heap
 def new generation   total 460800K, used 369731K [0x00000000a2400000, 0x00000000c1800000, 0x00000000c1800000)
  eden space 409600K,  90% used [0x00000000a2400000, 0x00000000b8cdeec8, 0x00000000bb400000)
  from space 51200K,   0% used [0x00000000bb400000, 0x00000000bb431f88, 0x00000000be600000)
  to   space 51200K,   0% used [0x00000000be600000, 0x00000000be600000, 0x00000000c1800000)
 tenured generation   total 1024000K, used 56762K [0x00000000c1800000, 0x0000000100000000, 0x0000000100000000)
   the space 1024000K,   5% used [0x00000000c1800000, 0x00000000c4f6eb28, 0x00000000c4f6ec00, 0x0000000100000000)
 Metaspace       used 40760K, capacity 43540K, committed 43648K, reserved 1087488K
  class space    used 5339K, capacity 5659K, committed 5760K, reserved 1048576K
