11:22:29,363 |-INFO in ch.qos.logback.classic.LoggerContext[default] - Could NOT find resource [logback-test.xml]
11:22:29,363 |-INFO in ch.qos.logback.classic.LoggerContext[default] - Could NOT find resource [logback.groovy]
11:22:29,364 |-INFO in ch.qos.logback.classic.LoggerContext[default] - Found resource [logback.xml] at [jar:file:/root/flamestream/lib/flamestream-runtime-1.0-SNAPSHOT.jar!/logback.xml]
11:22:29,365 |-WARN in ch.qos.logback.classic.LoggerContext[default] - Resource [logback.xml] occurs multiple times on the classpath.
11:22:29,365 |-WARN in ch.qos.logback.classic.LoggerContext[default] - Resource [logback.xml] occurs at [jar:file:/root/flamestream/lib/flamestream-runtime-1.0-SNAPSHOT.jar!/logback.xml]
11:22:29,365 |-WARN in ch.qos.logback.classic.LoggerContext[default] - Resource [logback.xml] occurs at [jar:file:/root/flamestream/flamestream-runtime-1.0-SNAPSHOT.jar!/logback.xml]
11:22:29,384 |-INFO in ch.qos.logback.core.joran.spi.ConfigurationWatchList@3fb6a447 - URL [jar:file:/root/flamestream/lib/flamestream-runtime-1.0-SNAPSHOT.jar!/logback.xml] is not of type file
11:22:29,451 |-INFO in ch.qos.logback.classic.joran.action.ConfigurationAction - debug attribute not set
11:22:29,452 |-INFO in ch.qos.logback.core.joran.action.AppenderAction - About to instantiate appender of type [ch.qos.logback.core.ConsoleAppender]
11:22:29,468 |-INFO in ch.qos.logback.core.joran.action.AppenderAction - Naming appender as [STDOUT]
11:22:29,486 |-INFO in ch.qos.logback.core.joran.action.NestedComplexPropertyIA - Assuming default type [ch.qos.logback.classic.encoder.PatternLayoutEncoder] for [encoder] property
11:22:29,577 |-INFO in ch.qos.logback.core.joran.action.AppenderAction - About to instantiate appender of type [ch.qos.logback.core.rolling.RollingFileAppender]
11:22:29,583 |-INFO in ch.qos.logback.core.joran.action.AppenderAction - Naming appender as [FILE]
11:22:29,613 |-INFO in c.q.l.core.rolling.TimeBasedRollingPolicy@127618319 - No compression will be used
11:22:29,615 |-INFO in c.q.l.core.rolling.TimeBasedRollingPolicy@127618319 - Will use the pattern /tmp/application_%d{yyyy-MM-dd}.%i.log for the active file
11:22:29,618 |-INFO in ch.qos.logback.core.rolling.SizeAndTimeBasedFNATP@6b2fad11 - The date pattern is 'yyyy-MM-dd' from file name pattern '/tmp/application_%d{yyyy-MM-dd}.%i.log'.
11:22:29,618 |-INFO in ch.qos.logback.core.rolling.SizeAndTimeBasedFNATP@6b2fad11 - Roll-over at midnight.
11:22:29,623 |-INFO in ch.qos.logback.core.rolling.SizeAndTimeBasedFNATP@6b2fad11 - Setting initial period to Tue Jun 11 11:21:12 UTC 2019
11:22:29,623 |-WARN in ch.qos.logback.core.rolling.SizeAndTimeBasedFNATP@6b2fad11 - SizeAndTimeBasedFNATP is deprecated. Use SizeAndTimeBasedRollingPolicy instead
11:22:29,623 |-WARN in ch.qos.logback.core.rolling.SizeAndTimeBasedFNATP@6b2fad11 - For more information see http://logback.qos.ch/manual/appenders.html#SizeAndTimeBasedRollingPolicy
11:22:29,627 |-INFO in ch.qos.logback.core.joran.action.NestedComplexPropertyIA - Assuming default type [ch.qos.logback.classic.encoder.PatternLayoutEncoder] for [encoder] property
11:22:29,632 |-INFO in ch.qos.logback.core.rolling.RollingFileAppender[FILE] - Active log file name: /tmp/application.log
11:22:29,632 |-INFO in ch.qos.logback.core.rolling.RollingFileAppender[FILE] - File property is set to [/tmp/application.log]
11:22:29,633 |-INFO in ch.qos.logback.classic.joran.action.RootLoggerAction - Setting level of ROOT logger to WARN
11:22:29,633 |-INFO in ch.qos.logback.core.joran.action.AppenderRefAction - Attaching appender named [STDOUT] to Logger[ROOT]
11:22:29,635 |-INFO in ch.qos.logback.core.joran.action.AppenderRefAction - Attaching appender named [FILE] to Logger[ROOT]
11:22:29,635 |-INFO in ch.qos.logback.classic.joran.action.ConfigurationAction - End of configuration.
11:22:29,636 |-INFO in ch.qos.logback.classic.joran.JoranConfigurator@79698539 - Registering current configuration as safe fallback point

Ama winner
Ama winner
2019-06-11T11:22:30.946+0000: 1.775: [Full GC (Metadata GC Threshold) 2019-06-11T11:22:30.946+0000: 1.775: [Tenured: 0K->15209K(341376K), 0.0408705 secs] 114987K->15209K(494976K), [Metaspace: 20737K->20737K(1067008K)], 0.0409396 secs] [Times: user=0.03 sys=0.00, real=0.04 secs] 
11:22:51.406 [Curator-PathChildrenCache-2] WARN  o.a.c.u.ZKPaths  - The version of ZooKeeper being used doesn't support Container nodes. CreateMode.PERSISTENT will be used instead.
2019-06-11T11:22:53.651+0000: 24.480: [GC (Allocation Failure) 2019-06-11T11:22:53.651+0000: 24.480: [DefNew: 136576K->17023K(153600K), 0.0269097 secs] 151785K->52884K(494976K), 0.0269796 secs] [Times: user=0.02 sys=0.01, real=0.03 secs] 
2019-06-11T11:22:53.947+0000: 24.777: [Full GC (Metadata GC Threshold) 2019-06-11T11:22:53.947+0000: 24.777: [Tenured: 35860K->44449K(341376K), 0.0404149 secs] 66198K->44449K(494976K), [Metaspace: 34479K->34479K(1079296K)], 0.0405073 secs] [Times: user=0.03 sys=0.01, real=0.04 secs] 
2019-06-11T11:22:56.187+0000: 27.016: [GC (Allocation Failure) 2019-06-11T11:22:56.187+0000: 27.016: [DefNew: 136576K->108K(153600K), 0.0020317 secs] 181025K->44557K(494976K), 0.0020904 secs] [Times: user=0.00 sys=0.00, real=0.01 secs] 
2019-06-11T11:22:58.419+0000: 29.248: [GC (Allocation Failure) 2019-06-11T11:22:58.419+0000: 29.248: [DefNew: 136684K->129K(153600K), 0.0019089 secs] 181133K->44578K(494976K), 0.0019684 secs] [Times: user=0.00 sys=0.00, real=0.00 secs] 
2019-06-11T11:23:00.665+0000: 31.494: [GC (Allocation Failure) 2019-06-11T11:23:00.665+0000: 31.494: [DefNew: 136705K->158K(153600K), 0.0018783 secs] 181154K->44607K(494976K), 0.0019348 secs] [Times: user=0.00 sys=0.00, real=0.00 secs] 
2019-06-11T11:23:02.838+0000: 33.667: [GC (Allocation Failure) 2019-06-11T11:23:02.838+0000: 33.667: [DefNew: 136734K->164K(153600K), 0.0019673 secs] 181183K->44613K(494976K), 0.0020409 secs] [Times: user=0.00 sys=0.00, real=0.00 secs] 
2019-06-11T11:23:05.061+0000: 35.891: [GC (Allocation Failure) 2019-06-11T11:23:05.061+0000: 35.891: [DefNew: 136740K->215K(153600K), 0.0020303 secs] 181189K->44664K(494976K), 0.0020909 secs] [Times: user=0.00 sys=0.00, real=0.00 secs] 
2019-06-11T11:23:07.305+0000: 38.134: [GC (Allocation Failure) 2019-06-11T11:23:07.305+0000: 38.134: [DefNew: 136791K->208K(153600K), 0.0020317 secs] 181240K->44657K(494976K), 0.0020915 secs] [Times: user=0.00 sys=0.00, real=0.00 secs] 
2019-06-11T11:23:09.541+0000: 40.370: [GC (Allocation Failure) 2019-06-11T11:23:09.541+0000: 40.370: [DefNew: 136784K->201K(153600K), 0.0020475 secs] 181233K->44650K(494976K), 0.0021073 secs] [Times: user=0.00 sys=0.00, real=0.00 secs] 
2019-06-11T11:23:11.801+0000: 42.630: [GC (Allocation Failure) 2019-06-11T11:23:11.801+0000: 42.630: [DefNew: 136777K->197K(153600K), 0.0020217 secs] 181226K->44646K(494976K), 0.0020913 secs] [Times: user=0.00 sys=0.00, real=0.00 secs] 
11:23:21.123 [Curator-PathChildrenCache-0] ERROR o.a.c.f.r.c.PathChildrenCache  - 
java.lang.IllegalStateException: instance must be started before calling this method
	at org.apache.curator.shaded.com.google.common.base.Preconditions.checkState(Preconditions.java:444)
	at org.apache.curator.framework.imps.CuratorFrameworkImpl.getChildren(CuratorFrameworkImpl.java:456)
	at org.apache.curator.framework.recipes.cache.PathChildrenCache.refresh(PathChildrenCache.java:521)
	at org.apache.curator.framework.recipes.cache.RefreshOperation.invoke(RefreshOperation.java:35)
	at org.apache.curator.framework.recipes.cache.PathChildrenCache$9.run(PathChildrenCache.java:786)
	at java.util.concurrent.Executors$RunnableAdapter.call(Executors.java:511)
	at java.util.concurrent.FutureTask.run(FutureTask.java:266)
	at java.util.concurrent.Executors$RunnableAdapter.call(Executors.java:511)
	at java.util.concurrent.FutureTask.run(FutureTask.java:266)
	at java.util.concurrent.ThreadPoolExecutor.runWorker(ThreadPoolExecutor.java:1149)
	at java.util.concurrent.ThreadPoolExecutor$Worker.run(ThreadPoolExecutor.java:624)
	at java.lang.Thread.run(Thread.java:748)
Heap
 def new generation   total 153600K, used 95957K [0x00000000e0c00000, 0x00000000eb2a0000, 0x00000000eb2a0000)
  eden space 136576K,  70% used [0x00000000e0c00000, 0x00000000e69840e0, 0x00000000e9160000)
  from space 17024K,   1% used [0x00000000ea200000, 0x00000000ea231568, 0x00000000eb2a0000)
  to   space 17024K,   0% used [0x00000000e9160000, 0x00000000e9160000, 0x00000000ea200000)
 tenured generation   total 341376K, used 44449K [0x00000000eb2a0000, 0x0000000100000000, 0x0000000100000000)
   the space 341376K,  13% used [0x00000000eb2a0000, 0x00000000ede08438, 0x00000000ede08600, 0x0000000100000000)
 Metaspace       used 35929K, capacity 36880K, committed 37120K, reserved 1081344K
  class space    used 4871K, capacity 5062K, committed 5120K, reserved 1048576K
