05:44:09,427 |-INFO in ch.qos.logback.classic.LoggerContext[default] - Could NOT find resource [logback-test.xml]
05:44:09,427 |-INFO in ch.qos.logback.classic.LoggerContext[default] - Could NOT find resource [logback.groovy]
05:44:09,428 |-INFO in ch.qos.logback.classic.LoggerContext[default] - Found resource [logback.xml] at [jar:file:/root/flamestream/lib/flamestream-runtime-1.0-SNAPSHOT.jar!/logback.xml]
05:44:09,428 |-WARN in ch.qos.logback.classic.LoggerContext[default] - Resource [logback.xml] occurs multiple times on the classpath.
05:44:09,429 |-WARN in ch.qos.logback.classic.LoggerContext[default] - Resource [logback.xml] occurs at [jar:file:/root/flamestream/lib/flamestream-runtime-1.0-SNAPSHOT.jar!/logback.xml]
05:44:09,429 |-WARN in ch.qos.logback.classic.LoggerContext[default] - Resource [logback.xml] occurs at [jar:file:/root/flamestream/flamestream-runtime-1.0-SNAPSHOT.jar!/logback.xml]
05:44:09,447 |-INFO in ch.qos.logback.core.joran.spi.ConfigurationWatchList@3fb6a447 - URL [jar:file:/root/flamestream/lib/flamestream-runtime-1.0-SNAPSHOT.jar!/logback.xml] is not of type file
05:44:09,517 |-INFO in ch.qos.logback.classic.joran.action.ConfigurationAction - debug attribute not set
05:44:09,517 |-INFO in ch.qos.logback.core.joran.action.AppenderAction - About to instantiate appender of type [ch.qos.logback.core.ConsoleAppender]
05:44:09,539 |-INFO in ch.qos.logback.core.joran.action.AppenderAction - Naming appender as [STDOUT]
05:44:09,557 |-INFO in ch.qos.logback.core.joran.action.NestedComplexPropertyIA - Assuming default type [ch.qos.logback.classic.encoder.PatternLayoutEncoder] for [encoder] property
05:44:09,638 |-INFO in ch.qos.logback.core.joran.action.AppenderAction - About to instantiate appender of type [ch.qos.logback.core.rolling.RollingFileAppender]
05:44:09,647 |-INFO in ch.qos.logback.core.joran.action.AppenderAction - Naming appender as [FILE]
05:44:09,677 |-INFO in c.q.l.core.rolling.TimeBasedRollingPolicy@127618319 - No compression will be used
05:44:09,678 |-INFO in c.q.l.core.rolling.TimeBasedRollingPolicy@127618319 - Will use the pattern /tmp/application_%d{yyyy-MM-dd}.%i.log for the active file
05:44:09,681 |-INFO in ch.qos.logback.core.rolling.SizeAndTimeBasedFNATP@6b2fad11 - The date pattern is 'yyyy-MM-dd' from file name pattern '/tmp/application_%d{yyyy-MM-dd}.%i.log'.
05:44:09,681 |-INFO in ch.qos.logback.core.rolling.SizeAndTimeBasedFNATP@6b2fad11 - Roll-over at midnight.
05:44:09,686 |-INFO in ch.qos.logback.core.rolling.SizeAndTimeBasedFNATP@6b2fad11 - Setting initial period to Tue Jun 11 05:42:47 UTC 2019
05:44:09,687 |-WARN in ch.qos.logback.core.rolling.SizeAndTimeBasedFNATP@6b2fad11 - SizeAndTimeBasedFNATP is deprecated. Use SizeAndTimeBasedRollingPolicy instead
05:44:09,687 |-WARN in ch.qos.logback.core.rolling.SizeAndTimeBasedFNATP@6b2fad11 - For more information see http://logback.qos.ch/manual/appenders.html#SizeAndTimeBasedRollingPolicy
05:44:09,691 |-INFO in ch.qos.logback.core.joran.action.NestedComplexPropertyIA - Assuming default type [ch.qos.logback.classic.encoder.PatternLayoutEncoder] for [encoder] property
05:44:09,695 |-INFO in ch.qos.logback.core.rolling.RollingFileAppender[FILE] - Active log file name: /tmp/application.log
05:44:09,695 |-INFO in ch.qos.logback.core.rolling.RollingFileAppender[FILE] - File property is set to [/tmp/application.log]
05:44:09,696 |-INFO in ch.qos.logback.classic.joran.action.RootLoggerAction - Setting level of ROOT logger to WARN
05:44:09,696 |-INFO in ch.qos.logback.core.joran.action.AppenderRefAction - Attaching appender named [STDOUT] to Logger[ROOT]
05:44:09,698 |-INFO in ch.qos.logback.core.joran.action.AppenderRefAction - Attaching appender named [FILE] to Logger[ROOT]
05:44:09,698 |-INFO in ch.qos.logback.classic.joran.action.ConfigurationAction - End of configuration.
05:44:09,699 |-INFO in ch.qos.logback.classic.joran.JoranConfigurator@79698539 - Registering current configuration as safe fallback point

Ama winner
Ama winner
2019-06-11T05:44:10.926+0000: 1.685: [Full GC (Metadata GC Threshold) 2019-06-11T05:44:10.926+0000: 1.685: [Tenured: 0K->15144K(341376K), 0.0361642 secs] 114987K->15144K(494976K), [Metaspace: 20730K->20730K(1067008K)], 0.0362324 secs] [Times: user=0.04 sys=0.00, real=0.04 secs] 
05:44:29.658 [Curator-PathChildrenCache-2] WARN  o.a.c.u.ZKPaths  - The version of ZooKeeper being used doesn't support Container nodes. CreateMode.PERSISTENT will be used instead.
2019-06-11T05:44:31.802+0000: 22.561: [GC (Allocation Failure) 2019-06-11T05:44:31.802+0000: 22.561: [DefNew: 136576K->17024K(153600K), 0.0281421 secs] 151720K->52878K(494976K), 0.0282105 secs] [Times: user=0.02 sys=0.01, real=0.02 secs] 
2019-06-11T05:44:32.413+0000: 23.172: [Full GC (Metadata GC Threshold) 2019-06-11T05:44:32.413+0000: 23.172: [Tenured: 35854K->44516K(341376K), 0.0372430 secs] 69362K->44516K(494976K), [Metaspace: 34540K->34540K(1079296K)], 0.0373235 secs] [Times: user=0.03 sys=0.01, real=0.03 secs] 
2019-06-11T05:44:35.555+0000: 26.315: [GC (Allocation Failure) 2019-06-11T05:44:35.555+0000: 26.315: [DefNew: 136576K->110K(153600K), 0.0019640 secs] 181092K->44626K(494976K), 0.0020229 secs] [Times: user=0.01 sys=0.00, real=0.00 secs] 
2019-06-11T05:44:38.435+0000: 29.194: [GC (Allocation Failure) 2019-06-11T05:44:38.435+0000: 29.194: [DefNew: 136686K->131K(153600K), 0.0018252 secs] 181202K->44647K(494976K), 0.0018968 secs] [Times: user=0.00 sys=0.00, real=0.00 secs] 
2019-06-11T05:44:41.410+0000: 32.169: [GC (Allocation Failure) 2019-06-11T05:44:41.410+0000: 32.169: [DefNew: 136707K->140K(153600K), 0.0018531 secs] 181223K->44657K(494976K), 0.0019159 secs] [Times: user=0.00 sys=0.00, real=0.01 secs] 
2019-06-11T05:44:44.376+0000: 35.135: [GC (Allocation Failure) 2019-06-11T05:44:44.376+0000: 35.135: [DefNew: 136716K->134K(153600K), 0.0019427 secs] 181233K->44650K(494976K), 0.0020201 secs] [Times: user=0.00 sys=0.00, real=0.00 secs] 
2019-06-11T05:44:47.322+0000: 38.081: [GC (Allocation Failure) 2019-06-11T05:44:47.322+0000: 38.081: [DefNew: 136710K->139K(153600K), 0.0020095 secs] 181226K->44655K(494976K), 0.0020728 secs] [Times: user=0.00 sys=0.00, real=0.00 secs] 
2019-06-11T05:44:50.859+0000: 41.618: [GC (Allocation Failure) 2019-06-11T05:44:50.859+0000: 41.618: [DefNew: 136715K->145K(153600K), 0.0018569 secs] 181231K->44661K(494976K), 0.0019182 secs] [Times: user=0.01 sys=0.00, real=0.00 secs] 
2019-06-11T05:44:54.653+0000: 45.412: [GC (Allocation Failure) 2019-06-11T05:44:54.653+0000: 45.412: [DefNew: 136721K->134K(153600K), 0.0019242 secs] 181237K->44650K(494976K), 0.0019873 secs] [Times: user=0.00 sys=0.00, real=0.00 secs] 
05:45:07.976 [Curator-PathChildrenCache-0] ERROR o.a.c.f.r.c.PathChildrenCache  - 
java.lang.IllegalStateException: instance must be started before calling this method
	at org.apache.curator.shaded.com.google.common.base.Preconditions.checkState(Preconditions.java:444)
	at org.apache.curator.framework.imps.CuratorFrameworkImpl.getChildren(CuratorFrameworkImpl.java:456)
	at org.apache.curator.framework.recipes.cache.PathChildrenCache.refresh(PathChildrenCache.java:521)
	at org.apache.curator.framework.recipes.cache.RefreshOperation.invoke(RefreshOperation.java:35)
	at org.apache.curator.framework.recipes.cache.PathChildrenCache$9.run(PathChildrenCache.java:786)
	at java.util.concurrent.Executors$RunnableAdapter.call(Executors.java:511)
	at java.util.concurrent.FutureTask.run(FutureTask.java:266)
	at java.util.concurrent.Executors$RunnableAdapter.call(Executors.java:511)
	at java.util.concurrent.FutureTask.run(FutureTask.java:266)
	at java.util.concurrent.ThreadPoolExecutor.runWorker(ThreadPoolExecutor.java:1149)
	at java.util.concurrent.ThreadPoolExecutor$Worker.run(ThreadPoolExecutor.java:624)
	at java.lang.Thread.run(Thread.java:748)
2019-06-11T05:45:08.294+0000: 59.053: [GC (Allocation Failure) 2019-06-11T05:45:08.294+0000: 59.053: [DefNew: 136710K->1052K(153600K), 0.0037004 secs] 181226K->45568K(494976K), 0.0037781 secs] [Times: user=0.00 sys=0.00, real=0.00 secs] 
Heap
 def new generation   total 153600K, used 3618K [0x00000000e0c00000, 0x00000000eb2a0000, 0x00000000eb2a0000)
  eden space 136576K,   1% used [0x00000000e0c00000, 0x00000000e0e81960, 0x00000000e9160000)
  from space 17024K,   6% used [0x00000000ea200000, 0x00000000ea307060, 0x00000000eb2a0000)
  to   space 17024K,   0% used [0x00000000e9160000, 0x00000000e9160000, 0x00000000ea200000)
 tenured generation   total 341376K, used 44516K [0x00000000eb2a0000, 0x0000000100000000, 0x0000000100000000)
   the space 341376K,  13% used [0x00000000eb2a0000, 0x00000000ede19198, 0x00000000ede19200, 0x0000000100000000)
 Metaspace       used 35882K, capacity 36808K, committed 37120K, reserved 1081344K
  class space    used 4859K, capacity 5060K, committed 5120K, reserved 1048576K
