17:54:14,435 |-INFO in ch.qos.logback.classic.LoggerContext[default] - Could NOT find resource [logback-test.xml]
17:54:14,436 |-INFO in ch.qos.logback.classic.LoggerContext[default] - Could NOT find resource [logback.groovy]
17:54:14,436 |-INFO in ch.qos.logback.classic.LoggerContext[default] - Found resource [logback.xml] at [jar:file:/root/flamestream/lib/flamestream-runtime-1.0-SNAPSHOT.jar!/logback.xml]
17:54:14,441 |-WARN in ch.qos.logback.classic.LoggerContext[default] - Resource [logback.xml] occurs multiple times on the classpath.
17:54:14,441 |-WARN in ch.qos.logback.classic.LoggerContext[default] - Resource [logback.xml] occurs at [jar:file:/root/flamestream/lib/flamestream-runtime-1.0-SNAPSHOT.jar!/logback.xml]
17:54:14,441 |-WARN in ch.qos.logback.classic.LoggerContext[default] - Resource [logback.xml] occurs at [jar:file:/root/flamestream/flamestream-runtime-1.0-SNAPSHOT.jar!/logback.xml]
17:54:14,462 |-INFO in ch.qos.logback.core.joran.spi.ConfigurationWatchList@3fb6a447 - URL [jar:file:/root/flamestream/lib/flamestream-runtime-1.0-SNAPSHOT.jar!/logback.xml] is not of type file
17:54:14,526 |-INFO in ch.qos.logback.classic.joran.action.ConfigurationAction - debug attribute not set
17:54:14,527 |-INFO in ch.qos.logback.core.joran.action.AppenderAction - About to instantiate appender of type [ch.qos.logback.core.ConsoleAppender]
17:54:14,547 |-INFO in ch.qos.logback.core.joran.action.AppenderAction - Naming appender as [STDOUT]
17:54:14,563 |-INFO in ch.qos.logback.core.joran.action.NestedComplexPropertyIA - Assuming default type [ch.qos.logback.classic.encoder.PatternLayoutEncoder] for [encoder] property
17:54:14,671 |-INFO in ch.qos.logback.core.joran.action.AppenderAction - About to instantiate appender of type [ch.qos.logback.core.rolling.RollingFileAppender]
17:54:14,676 |-INFO in ch.qos.logback.core.joran.action.AppenderAction - Naming appender as [FILE]
17:54:14,714 |-INFO in c.q.l.core.rolling.TimeBasedRollingPolicy@127618319 - No compression will be used
17:54:14,715 |-INFO in c.q.l.core.rolling.TimeBasedRollingPolicy@127618319 - Will use the pattern /tmp/application_%d{yyyy-MM-dd}.%i.log for the active file
17:54:14,718 |-INFO in ch.qos.logback.core.rolling.SizeAndTimeBasedFNATP@6b2fad11 - The date pattern is 'yyyy-MM-dd' from file name pattern '/tmp/application_%d{yyyy-MM-dd}.%i.log'.
17:54:14,718 |-INFO in ch.qos.logback.core.rolling.SizeAndTimeBasedFNATP@6b2fad11 - Roll-over at midnight.
17:54:14,723 |-INFO in ch.qos.logback.core.rolling.SizeAndTimeBasedFNATP@6b2fad11 - Setting initial period to Mon Jun 10 17:52:55 UTC 2019
17:54:14,723 |-WARN in ch.qos.logback.core.rolling.SizeAndTimeBasedFNATP@6b2fad11 - SizeAndTimeBasedFNATP is deprecated. Use SizeAndTimeBasedRollingPolicy instead
17:54:14,723 |-WARN in ch.qos.logback.core.rolling.SizeAndTimeBasedFNATP@6b2fad11 - For more information see http://logback.qos.ch/manual/appenders.html#SizeAndTimeBasedRollingPolicy
17:54:14,728 |-INFO in ch.qos.logback.core.joran.action.NestedComplexPropertyIA - Assuming default type [ch.qos.logback.classic.encoder.PatternLayoutEncoder] for [encoder] property
17:54:14,733 |-INFO in ch.qos.logback.core.rolling.RollingFileAppender[FILE] - Active log file name: /tmp/application.log
17:54:14,733 |-INFO in ch.qos.logback.core.rolling.RollingFileAppender[FILE] - File property is set to [/tmp/application.log]
17:54:14,734 |-INFO in ch.qos.logback.classic.joran.action.RootLoggerAction - Setting level of ROOT logger to WARN
17:54:14,734 |-INFO in ch.qos.logback.core.joran.action.AppenderRefAction - Attaching appender named [STDOUT] to Logger[ROOT]
17:54:14,736 |-INFO in ch.qos.logback.core.joran.action.AppenderRefAction - Attaching appender named [FILE] to Logger[ROOT]
17:54:14,736 |-INFO in ch.qos.logback.classic.joran.action.ConfigurationAction - End of configuration.
17:54:14,736 |-INFO in ch.qos.logback.classic.joran.JoranConfigurator@79698539 - Registering current configuration as safe fallback point

Ama winner
Ama winner
2019-06-10T17:54:16.045+0000: 1.796: [Full GC (Metadata GC Threshold) 2019-06-10T17:54:16.045+0000: 1.796: [Tenured: 0K->15241K(341376K), 0.0410561 secs] 114986K->15241K(494976K), [Metaspace: 20743K->20743K(1067008K)], 0.0411220 secs] [Times: user=0.04 sys=0.00, real=0.04 secs] 
17:54:31.724 [Curator-PathChildrenCache-1] WARN  o.a.c.u.ZKPaths  - The version of ZooKeeper being used doesn't support Container nodes. CreateMode.PERSISTENT will be used instead.
2019-06-10T17:54:33.888+0000: 19.639: [GC (Allocation Failure) 2019-06-10T17:54:33.888+0000: 19.639: [DefNew: 136576K->17023K(153600K), 0.0248224 secs] 151817K->52636K(494976K), 0.0248946 secs] [Times: user=0.02 sys=0.01, real=0.03 secs] 
2019-06-10T17:54:40.753+0000: 26.505: [GC (Allocation Failure) 2019-06-10T17:54:40.754+0000: 26.505: [DefNew: 153599K->540K(153600K), 0.0103013 secs] 189212K->44399K(494976K), 0.0103735 secs] [Times: user=0.01 sys=0.00, real=0.01 secs] 
2019-06-10T17:54:41.494+0000: 27.245: [Full GC (Metadata GC Threshold) 2019-06-10T17:54:41.494+0000: 27.246: [Tenured: 43858K->44367K(341376K), 0.0398180 secs] 62385K->44367K(494976K), [Metaspace: 34585K->34585K(1079296K)], 0.0398922 secs] [Times: user=0.04 sys=0.00, real=0.04 secs] 
2019-06-10T17:54:48.307+0000: 34.058: [GC (Allocation Failure) 2019-06-10T17:54:48.307+0000: 34.058: [DefNew: 136576K->55K(153600K), 0.0017018 secs] 180943K->44422K(494976K), 0.0017580 secs] [Times: user=0.00 sys=0.00, real=0.01 secs] 
2019-06-10T17:54:55.226+0000: 40.977: [GC (Allocation Failure) 2019-06-10T17:54:55.226+0000: 40.977: [DefNew: 136631K->51K(153600K), 0.0016531 secs] 180998K->44418K(494976K), 0.0017144 secs] [Times: user=0.01 sys=0.00, real=0.01 secs] 
2019-06-10T17:55:02.153+0000: 47.905: [GC (Allocation Failure) 2019-06-10T17:55:02.153+0000: 47.905: [DefNew: 136627K->51K(153600K), 0.0017413 secs] 180994K->44418K(494976K), 0.0018128 secs] [Times: user=0.01 sys=0.00, real=0.00 secs] 
2019-06-10T17:55:09.107+0000: 54.858: [GC (Allocation Failure) 2019-06-10T17:55:09.107+0000: 54.858: [DefNew: 136627K->52K(153600K), 0.0016947 secs] 180994K->44419K(494976K), 0.0017559 secs] [Times: user=0.00 sys=0.00, real=0.01 secs] 
17:55:17.859 [Curator-PathChildrenCache-0] ERROR o.a.c.f.r.c.PathChildrenCache  - 
java.lang.IllegalStateException: instance must be started before calling this method
	at org.apache.curator.shaded.com.google.common.base.Preconditions.checkState(Preconditions.java:444)
	at org.apache.curator.framework.imps.CuratorFrameworkImpl.getChildren(CuratorFrameworkImpl.java:456)
	at org.apache.curator.framework.recipes.cache.PathChildrenCache.refresh(PathChildrenCache.java:521)
	at org.apache.curator.framework.recipes.cache.RefreshOperation.invoke(RefreshOperation.java:35)
	at org.apache.curator.framework.recipes.cache.PathChildrenCache$9.run(PathChildrenCache.java:786)
	at java.util.concurrent.Executors$RunnableAdapter.call(Executors.java:511)
	at java.util.concurrent.FutureTask.run(FutureTask.java:266)
	at java.util.concurrent.Executors$RunnableAdapter.call(Executors.java:511)
	at java.util.concurrent.FutureTask.run(FutureTask.java:266)
	at java.util.concurrent.ThreadPoolExecutor.runWorker(ThreadPoolExecutor.java:1149)
	at java.util.concurrent.ThreadPoolExecutor$Worker.run(ThreadPoolExecutor.java:624)
	at java.lang.Thread.run(Thread.java:748)
Heap
 def new generation   total 153600K, used 79510K [0x00000000e0c00000, 0x00000000eb2a0000, 0x00000000eb2a0000)
  eden space 136576K,  58% used [0x00000000e0c00000, 0x00000000e5998a20, 0x00000000e9160000)
  from space 17024K,   0% used [0x00000000e9160000, 0x00000000e916d0d0, 0x00000000ea200000)
  to   space 17024K,   0% used [0x00000000ea200000, 0x00000000ea200000, 0x00000000eb2a0000)
 tenured generation   total 341376K, used 44367K [0x00000000eb2a0000, 0x0000000100000000, 0x0000000100000000)
   the space 341376K,  12% used [0x00000000eb2a0000, 0x00000000eddf3c18, 0x00000000eddf3e00, 0x0000000100000000)
 Metaspace       used 35982K, capacity 36858K, committed 37120K, reserved 1081344K
  class space    used 4859K, capacity 5073K, committed 5120K, reserved 1048576K
