13:08:51,167 |-INFO in ch.qos.logback.classic.LoggerContext[default] - Could NOT find resource [logback-test.xml]
13:08:51,167 |-INFO in ch.qos.logback.classic.LoggerContext[default] - Could NOT find resource [logback.groovy]
13:08:51,167 |-INFO in ch.qos.logback.classic.LoggerContext[default] - Found resource [logback.xml] at [jar:file:/root/flamestream/lib/flamestream-runtime-1.0-SNAPSHOT.jar!/logback.xml]
13:08:51,168 |-WARN in ch.qos.logback.classic.LoggerContext[default] - Resource [logback.xml] occurs multiple times on the classpath.
13:08:51,168 |-WARN in ch.qos.logback.classic.LoggerContext[default] - Resource [logback.xml] occurs at [jar:file:/root/flamestream/lib/flamestream-runtime-1.0-SNAPSHOT.jar!/logback.xml]
13:08:51,168 |-WARN in ch.qos.logback.classic.LoggerContext[default] - Resource [logback.xml] occurs at [jar:file:/root/flamestream/flamestream-runtime-1.0-SNAPSHOT.jar!/logback.xml]
13:08:51,189 |-INFO in ch.qos.logback.core.joran.spi.ConfigurationWatchList@3fb6a447 - URL [jar:file:/root/flamestream/lib/flamestream-runtime-1.0-SNAPSHOT.jar!/logback.xml] is not of type file
13:08:51,260 |-INFO in ch.qos.logback.classic.joran.action.ConfigurationAction - debug attribute not set
13:08:51,261 |-INFO in ch.qos.logback.core.joran.action.AppenderAction - About to instantiate appender of type [ch.qos.logback.core.ConsoleAppender]
13:08:51,281 |-INFO in ch.qos.logback.core.joran.action.AppenderAction - Naming appender as [STDOUT]
13:08:51,294 |-INFO in ch.qos.logback.core.joran.action.NestedComplexPropertyIA - Assuming default type [ch.qos.logback.classic.encoder.PatternLayoutEncoder] for [encoder] property
13:08:51,381 |-INFO in ch.qos.logback.core.joran.action.AppenderAction - About to instantiate appender of type [ch.qos.logback.core.rolling.RollingFileAppender]
13:08:51,386 |-INFO in ch.qos.logback.core.joran.action.AppenderAction - Naming appender as [FILE]
13:08:51,419 |-INFO in c.q.l.core.rolling.TimeBasedRollingPolicy@127618319 - No compression will be used
13:08:51,420 |-INFO in c.q.l.core.rolling.TimeBasedRollingPolicy@127618319 - Will use the pattern /tmp/application_%d{yyyy-MM-dd}.%i.log for the active file
13:08:51,423 |-INFO in ch.qos.logback.core.rolling.SizeAndTimeBasedFNATP@6b2fad11 - The date pattern is 'yyyy-MM-dd' from file name pattern '/tmp/application_%d{yyyy-MM-dd}.%i.log'.
13:08:51,423 |-INFO in ch.qos.logback.core.rolling.SizeAndTimeBasedFNATP@6b2fad11 - Roll-over at midnight.
13:08:51,428 |-INFO in ch.qos.logback.core.rolling.SizeAndTimeBasedFNATP@6b2fad11 - Setting initial period to Mon Jun 10 13:07:36 UTC 2019
13:08:51,428 |-WARN in ch.qos.logback.core.rolling.SizeAndTimeBasedFNATP@6b2fad11 - SizeAndTimeBasedFNATP is deprecated. Use SizeAndTimeBasedRollingPolicy instead
13:08:51,428 |-WARN in ch.qos.logback.core.rolling.SizeAndTimeBasedFNATP@6b2fad11 - For more information see http://logback.qos.ch/manual/appenders.html#SizeAndTimeBasedRollingPolicy
13:08:51,432 |-INFO in ch.qos.logback.core.joran.action.NestedComplexPropertyIA - Assuming default type [ch.qos.logback.classic.encoder.PatternLayoutEncoder] for [encoder] property
13:08:51,437 |-INFO in ch.qos.logback.core.rolling.RollingFileAppender[FILE] - Active log file name: /tmp/application.log
13:08:51,437 |-INFO in ch.qos.logback.core.rolling.RollingFileAppender[FILE] - File property is set to [/tmp/application.log]
13:08:51,438 |-INFO in ch.qos.logback.classic.joran.action.RootLoggerAction - Setting level of ROOT logger to WARN
13:08:51,438 |-INFO in ch.qos.logback.core.joran.action.AppenderRefAction - Attaching appender named [STDOUT] to Logger[ROOT]
13:08:51,440 |-INFO in ch.qos.logback.core.joran.action.AppenderRefAction - Attaching appender named [FILE] to Logger[ROOT]
13:08:51,440 |-INFO in ch.qos.logback.classic.joran.action.ConfigurationAction - End of configuration.
13:08:51,441 |-INFO in ch.qos.logback.classic.joran.JoranConfigurator@79698539 - Registering current configuration as safe fallback point

Ama winner
Ama winner
2019-06-10T13:08:52.695+0000: 1.711: [Full GC (Metadata GC Threshold) 2019-06-10T13:08:52.695+0000: 1.711: [Tenured: 0K->15143K(341376K), 0.0394889 secs] 114988K->15143K(494976K), [Metaspace: 20735K->20735K(1067008K)], 0.0395539 secs] [Times: user=0.04 sys=0.00, real=0.04 secs] 
13:09:08.324 [Curator-PathChildrenCache-1] WARN  o.a.c.u.ZKPaths  - The version of ZooKeeper being used doesn't support Container nodes. CreateMode.PERSISTENT will be used instead.
2019-06-10T13:09:10.612+0000: 19.628: [GC (Allocation Failure) 2019-06-10T13:09:10.612+0000: 19.628: [DefNew: 136576K->17023K(153600K), 0.0281501 secs] 151719K->52690K(494976K), 0.0282232 secs] [Times: user=0.03 sys=0.01, real=0.03 secs] 
2019-06-10T13:09:17.059+0000: 26.075: [Full GC (Metadata GC Threshold) 2019-06-10T13:09:17.059+0000: 26.075: [Tenured: 35666K->44477K(341376K), 0.0548742 secs] 143881K->44477K(494976K), [Metaspace: 34570K->34570K(1079296K)], 0.0549521 secs] [Times: user=0.06 sys=0.01, real=0.05 secs] 
2019-06-10T13:09:26.383+0000: 35.399: [GC (Allocation Failure) 2019-06-10T13:09:26.383+0000: 35.399: [DefNew: 136576K->56K(153600K), 0.0018546 secs] 181053K->44533K(494976K), 0.0019162 secs] [Times: user=0.00 sys=0.00, real=0.01 secs] 
2019-06-10T13:09:35.828+0000: 44.844: [GC (Allocation Failure) 2019-06-10T13:09:35.828+0000: 44.844: [DefNew: 136632K->52K(153600K), 0.0016647 secs] 181109K->44529K(494976K), 0.0017262 secs] [Times: user=0.00 sys=0.00, real=0.00 secs] 
2019-06-10T13:09:45.294+0000: 54.310: [GC (Allocation Failure) 2019-06-10T13:09:45.294+0000: 54.310: [DefNew: 136628K->57K(153600K), 0.0017282 secs] 181105K->44535K(494976K), 0.0017892 secs] [Times: user=0.00 sys=0.00, real=0.00 secs] 
2019-06-10T13:09:55.091+0000: 64.107: [GC (Allocation Failure) 2019-06-10T13:09:55.091+0000: 64.107: [DefNew: 136633K->393K(153600K), 0.0022150 secs] 181111K->44870K(494976K), 0.0022802 secs] [Times: user=0.00 sys=0.00, real=0.00 secs] 
2019-06-10T13:10:06.637+0000: 75.653: [GC (Allocation Failure) 2019-06-10T13:10:06.637+0000: 75.653: [DefNew: 136969K->148K(153600K), 0.0019962 secs] 181446K->44625K(494976K), 0.0020599 secs] [Times: user=0.01 sys=0.00, real=0.00 secs] 
2019-06-10T13:10:24.049+0000: 93.065: [GC (Allocation Failure) 2019-06-10T13:10:24.049+0000: 93.065: [DefNew: 136724K->147K(153600K), 0.0020093 secs] 181201K->44624K(494976K), 0.0020643 secs] [Times: user=0.00 sys=0.00, real=0.00 secs] 
13:10:26.570 [Curator-PathChildrenCache-0] ERROR o.a.c.f.r.c.PathChildrenCache  - 
java.lang.IllegalStateException: instance must be started before calling this method
	at org.apache.curator.shaded.com.google.common.base.Preconditions.checkState(Preconditions.java:444)
	at org.apache.curator.framework.imps.CuratorFrameworkImpl.getChildren(CuratorFrameworkImpl.java:456)
	at org.apache.curator.framework.recipes.cache.PathChildrenCache.refresh(PathChildrenCache.java:521)
	at org.apache.curator.framework.recipes.cache.RefreshOperation.invoke(RefreshOperation.java:35)
	at org.apache.curator.framework.recipes.cache.PathChildrenCache$9.run(PathChildrenCache.java:786)
	at java.util.concurrent.Executors$RunnableAdapter.call(Executors.java:511)
	at java.util.concurrent.FutureTask.run(FutureTask.java:266)
	at java.util.concurrent.Executors$RunnableAdapter.call(Executors.java:511)
	at java.util.concurrent.FutureTask.run(FutureTask.java:266)
	at java.util.concurrent.ThreadPoolExecutor.runWorker(ThreadPoolExecutor.java:1149)
	at java.util.concurrent.ThreadPoolExecutor$Worker.run(ThreadPoolExecutor.java:624)
	at java.lang.Thread.run(Thread.java:748)
Heap
 def new generation   total 153600K, used 27038K [0x00000000e0c00000, 0x00000000eb2a0000, 0x00000000eb2a0000)
  eden space 136576K,  19% used [0x00000000e0c00000, 0x00000000e2642cb0, 0x00000000e9160000)
  from space 17024K,   0% used [0x00000000ea200000, 0x00000000ea224da0, 0x00000000eb2a0000)
  to   space 17024K,   0% used [0x00000000e9160000, 0x00000000e9160000, 0x00000000ea200000)
 tenured generation   total 341376K, used 44477K [0x00000000eb2a0000, 0x0000000100000000, 0x0000000100000000)
   the space 341376K,  13% used [0x00000000eb2a0000, 0x00000000ede0f548, 0x00000000ede0f600, 0x0000000100000000)
 Metaspace       used 36064K, capacity 36986K, committed 37120K, reserved 1081344K
  class space    used 4854K, capacity 5073K, committed 5120K, reserved 1048576K
