13:14:56,989 |-INFO in ch.qos.logback.classic.LoggerContext[default] - Could NOT find resource [logback-test.xml]
13:14:56,989 |-INFO in ch.qos.logback.classic.LoggerContext[default] - Could NOT find resource [logback.groovy]
13:14:56,989 |-INFO in ch.qos.logback.classic.LoggerContext[default] - Found resource [logback.xml] at [jar:file:/home/nikitasokolov/flamestream/lib/flamestream-runtime-1.0-SNAPSHOT.jar!/logback.xml]
13:14:56,990 |-WARN in ch.qos.logback.classic.LoggerContext[default] - Resource [logback.xml] occurs multiple times on the classpath.
13:14:56,990 |-WARN in ch.qos.logback.classic.LoggerContext[default] - Resource [logback.xml] occurs at [jar:file:/home/nikitasokolov/flamestream/lib/flamestream-runtime-1.0-SNAPSHOT.jar!/logback.xml]
13:14:56,990 |-WARN in ch.qos.logback.classic.LoggerContext[default] - Resource [logback.xml] occurs at [jar:file:/home/nikitasokolov/flamestream/flamestream-runtime-1.0-SNAPSHOT.jar!/logback.xml]
13:14:57,006 |-INFO in ch.qos.logback.core.joran.spi.ConfigurationWatchList@6108b2d7 - URL [jar:file:/home/nikitasokolov/flamestream/lib/flamestream-runtime-1.0-SNAPSHOT.jar!/logback.xml] is not of type file
13:14:57,056 |-INFO in ch.qos.logback.classic.joran.action.ConfigurationAction - debug attribute not set
13:14:57,057 |-INFO in ch.qos.logback.core.joran.action.AppenderAction - About to instantiate appender of type [ch.qos.logback.core.ConsoleAppender]
13:14:57,068 |-INFO in ch.qos.logback.core.joran.action.AppenderAction - Naming appender as [STDOUT]
13:14:57,076 |-INFO in ch.qos.logback.core.joran.action.NestedComplexPropertyIA - Assuming default type [ch.qos.logback.classic.encoder.PatternLayoutEncoder] for [encoder] property
13:14:57,135 |-INFO in ch.qos.logback.core.joran.action.AppenderAction - About to instantiate appender of type [ch.qos.logback.core.rolling.RollingFileAppender]
13:14:57,140 |-INFO in ch.qos.logback.core.joran.action.AppenderAction - Naming appender as [FILE]
13:14:57,162 |-INFO in c.q.l.core.rolling.TimeBasedRollingPolicy@357863579 - No compression will be used
13:14:57,164 |-INFO in c.q.l.core.rolling.TimeBasedRollingPolicy@357863579 - Will use the pattern /tmp/application_%d{yyyy-MM-dd}.%i.log for the active file
13:14:57,166 |-INFO in ch.qos.logback.core.rolling.SizeAndTimeBasedFNATP@6bf256fa - The date pattern is 'yyyy-MM-dd' from file name pattern '/tmp/application_%d{yyyy-MM-dd}.%i.log'.
13:14:57,166 |-INFO in ch.qos.logback.core.rolling.SizeAndTimeBasedFNATP@6bf256fa - Roll-over at midnight.
13:14:57,171 |-INFO in ch.qos.logback.core.rolling.SizeAndTimeBasedFNATP@6bf256fa - Setting initial period to Sun Jun 09 13:14:12 MSK 2019
13:14:57,171 |-WARN in ch.qos.logback.core.rolling.SizeAndTimeBasedFNATP@6bf256fa - SizeAndTimeBasedFNATP is deprecated. Use SizeAndTimeBasedRollingPolicy instead
13:14:57,171 |-WARN in ch.qos.logback.core.rolling.SizeAndTimeBasedFNATP@6bf256fa - For more information see http://logback.qos.ch/manual/appenders.html#SizeAndTimeBasedRollingPolicy
13:14:57,175 |-INFO in ch.qos.logback.core.joran.action.NestedComplexPropertyIA - Assuming default type [ch.qos.logback.classic.encoder.PatternLayoutEncoder] for [encoder] property
13:14:57,178 |-INFO in ch.qos.logback.core.rolling.RollingFileAppender[FILE] - Active log file name: /tmp/application.log
13:14:57,178 |-INFO in ch.qos.logback.core.rolling.RollingFileAppender[FILE] - File property is set to [/tmp/application.log]
13:14:57,179 |-INFO in ch.qos.logback.classic.joran.action.RootLoggerAction - Setting level of ROOT logger to WARN
13:14:57,179 |-INFO in ch.qos.logback.core.joran.action.AppenderRefAction - Attaching appender named [STDOUT] to Logger[ROOT]
13:14:57,179 |-INFO in ch.qos.logback.core.joran.action.AppenderRefAction - Attaching appender named [FILE] to Logger[ROOT]
13:14:57,179 |-INFO in ch.qos.logback.classic.joran.action.ConfigurationAction - End of configuration.
13:14:57,180 |-INFO in ch.qos.logback.classic.joran.JoranConfigurator@6cd8737 - Registering current configuration as safe fallback point

2019-06-09T13:14:58.189+0300: 1.416: [GC (Metadata GC Threshold) [PSYoungGen: 113324K->16042K(149504K)] 113324K->16122K(491008K), 0.0243093 secs] [Times: user=0.07 sys=0.04, real=0.03 secs] 
2019-06-09T13:14:58.214+0300: 1.441: [Full GC (Metadata GC Threshold) [PSYoungGen: 16042K->0K(149504K)] [ParOldGen: 80K->15119K(341504K)] 16122K->15119K(491008K), [Metaspace: 20802K->20802K(1067008K)], 0.0266409 secs] [Times: user=0.17 sys=0.01, real=0.03 secs] 
13:15:10.321 [Curator-PathChildrenCache-1] WARN  o.a.c.u.ZKPaths  - The version of ZooKeeper being used doesn't support Container nodes. CreateMode.PERSISTENT will be used instead.
2019-06-09T13:15:11.255+0300: 14.482: [GC (Metadata GC Threshold) [PSYoungGen: 127841K->15788K(149504K)] 142961K->50447K(491008K), 0.0264595 secs] [Times: user=0.19 sys=0.01, real=0.03 secs] 
2019-06-09T13:15:11.281+0300: 14.508: [Full GC (Metadata GC Threshold) [PSYoungGen: 15788K->0K(149504K)] [ParOldGen: 34658K->39053K(341504K)] 50447K->39053K(491008K), [Metaspace: 34541K->34541K(1079296K)], 0.0397453 secs] [Times: user=0.22 sys=0.01, real=0.04 secs] 
2019-06-09T13:15:20.232+0300: 23.459: [GC (Allocation Failure) [PSYoungGen: 128512K->512K(149504K)] 167565K->39573K(491008K), 0.0054890 secs] [Times: user=0.04 sys=0.00, real=0.00 secs] 
2019-06-09T13:15:29.906+0300: 33.133: [GC (Allocation Failure) [PSYoungGen: 129024K->480K(149504K)] 168085K->39549K(491008K), 0.0054592 secs] [Times: user=0.03 sys=0.01, real=0.01 secs] 
2019-06-09T13:15:39.653+0300: 42.880: [GC (Allocation Failure) [PSYoungGen: 128992K->480K(129024K)] 168061K->39557K(470528K), 0.0048850 secs] [Times: user=0.02 sys=0.01, real=0.01 secs] 
2019-06-09T13:15:49.457+0300: 52.684: [GC (Allocation Failure) [PSYoungGen: 128992K->512K(150016K)] 168069K->39597K(491520K), 0.0053734 secs] [Times: user=0.02 sys=0.01, real=0.01 secs] 
2019-06-09T13:15:59.177+0300: 62.404: [GC (Allocation Failure) [PSYoungGen: 129024K->759K(148992K)] 168109K->39852K(490496K), 0.0036163 secs] [Times: user=0.01 sys=0.00, real=0.01 secs] 
2019-06-09T13:16:11.782+0300: 75.009: [GC (Allocation Failure) [PSYoungGen: 129271K->416K(151552K)] 168364K->39517K(493056K), 0.0025441 secs] [Times: user=0.01 sys=0.01, real=0.00 secs] 
2019-06-09T13:16:24.501+0300: 87.728: [GC (Allocation Failure) [PSYoungGen: 132000K->512K(150528K)] 171101K->39621K(492032K), 0.0045893 secs] [Times: user=0.02 sys=0.00, real=0.00 secs] 
13:16:42.891 [Curator-PathChildrenCache-0] ERROR o.a.c.f.r.c.PathChildrenCache  - 
java.lang.IllegalStateException: instance must be started before calling this method
	at org.apache.curator.shaded.com.google.common.base.Preconditions.checkState(Preconditions.java:444)
	at org.apache.curator.framework.imps.CuratorFrameworkImpl.getChildren(CuratorFrameworkImpl.java:456)
	at org.apache.curator.framework.recipes.cache.PathChildrenCache.refresh(PathChildrenCache.java:521)
	at org.apache.curator.framework.recipes.cache.RefreshOperation.invoke(RefreshOperation.java:35)
	at org.apache.curator.framework.recipes.cache.PathChildrenCache$9.run(PathChildrenCache.java:786)
	at java.util.concurrent.Executors$RunnableAdapter.call(Executors.java:511)
	at java.util.concurrent.FutureTask.run(FutureTask.java:266)
	at java.util.concurrent.Executors$RunnableAdapter.call(Executors.java:511)
	at java.util.concurrent.FutureTask.run(FutureTask.java:266)
	at java.util.concurrent.ThreadPoolExecutor.runWorker(ThreadPoolExecutor.java:1149)
	at java.util.concurrent.ThreadPoolExecutor$Worker.run(ThreadPoolExecutor.java:624)
	at java.lang.Thread.run(Thread.java:748)
Heap
 PSYoungGen      total 150528K, used 81865K [0x00000000f5980000, 0x0000000100000000, 0x0000000100000000)
  eden space 131584K, 61% used [0x00000000f5980000,0x00000000fa8f2758,0x00000000fda00000)
  from space 18944K, 2% used [0x00000000fda00000,0x00000000fda80030,0x00000000fec80000)
  to   space 17920K, 0% used [0x00000000fee80000,0x00000000fee80000,0x0000000100000000)
 ParOldGen       total 341504K, used 39109K [0x00000000e0c00000, 0x00000000f5980000, 0x00000000f5980000)
  object space 341504K, 11% used [0x00000000e0c00000,0x00000000e32316a0,0x00000000f5980000)
 Metaspace       used 36127K, capacity 36958K, committed 37208K, reserved 1081344K
  class space    used 4978K, capacity 5161K, committed 5248K, reserved 1048576K
