19:37:37,428 |-INFO in ch.qos.logback.classic.LoggerContext[default] - Could NOT find resource [logback-test.xml]
19:37:37,428 |-INFO in ch.qos.logback.classic.LoggerContext[default] - Could NOT find resource [logback.groovy]
19:37:37,429 |-INFO in ch.qos.logback.classic.LoggerContext[default] - Found resource [logback.xml] at [jar:file:/root/flamestream/lib/flamestream-runtime-1.0-SNAPSHOT.jar!/logback.xml]
19:37:37,430 |-WARN in ch.qos.logback.classic.LoggerContext[default] - Resource [logback.xml] occurs multiple times on the classpath.
19:37:37,430 |-WARN in ch.qos.logback.classic.LoggerContext[default] - Resource [logback.xml] occurs at [jar:file:/root/flamestream/lib/flamestream-runtime-1.0-SNAPSHOT.jar!/logback.xml]
19:37:37,430 |-WARN in ch.qos.logback.classic.LoggerContext[default] - Resource [logback.xml] occurs at [jar:file:/root/flamestream/flamestream-runtime-1.0-SNAPSHOT.jar!/logback.xml]
19:37:37,451 |-INFO in ch.qos.logback.core.joran.spi.ConfigurationWatchList@3fb6a447 - URL [jar:file:/root/flamestream/lib/flamestream-runtime-1.0-SNAPSHOT.jar!/logback.xml] is not of type file
19:37:37,518 |-INFO in ch.qos.logback.classic.joran.action.ConfigurationAction - debug attribute not set
19:37:37,519 |-INFO in ch.qos.logback.core.joran.action.AppenderAction - About to instantiate appender of type [ch.qos.logback.core.ConsoleAppender]
19:37:37,535 |-INFO in ch.qos.logback.core.joran.action.AppenderAction - Naming appender as [STDOUT]
19:37:37,551 |-INFO in ch.qos.logback.core.joran.action.NestedComplexPropertyIA - Assuming default type [ch.qos.logback.classic.encoder.PatternLayoutEncoder] for [encoder] property
19:37:37,648 |-INFO in ch.qos.logback.core.joran.action.AppenderAction - About to instantiate appender of type [ch.qos.logback.core.rolling.RollingFileAppender]
19:37:37,654 |-INFO in ch.qos.logback.core.joran.action.AppenderAction - Naming appender as [FILE]
19:37:37,692 |-INFO in c.q.l.core.rolling.TimeBasedRollingPolicy@127618319 - No compression will be used
19:37:37,693 |-INFO in c.q.l.core.rolling.TimeBasedRollingPolicy@127618319 - Will use the pattern /tmp/application_%d{yyyy-MM-dd}.%i.log for the active file
19:37:37,696 |-INFO in ch.qos.logback.core.rolling.SizeAndTimeBasedFNATP@6b2fad11 - The date pattern is 'yyyy-MM-dd' from file name pattern '/tmp/application_%d{yyyy-MM-dd}.%i.log'.
19:37:37,696 |-INFO in ch.qos.logback.core.rolling.SizeAndTimeBasedFNATP@6b2fad11 - Roll-over at midnight.
19:37:37,701 |-INFO in ch.qos.logback.core.rolling.SizeAndTimeBasedFNATP@6b2fad11 - Setting initial period to Mon Jun 10 19:35:59 UTC 2019
19:37:37,701 |-WARN in ch.qos.logback.core.rolling.SizeAndTimeBasedFNATP@6b2fad11 - SizeAndTimeBasedFNATP is deprecated. Use SizeAndTimeBasedRollingPolicy instead
19:37:37,701 |-WARN in ch.qos.logback.core.rolling.SizeAndTimeBasedFNATP@6b2fad11 - For more information see http://logback.qos.ch/manual/appenders.html#SizeAndTimeBasedRollingPolicy
19:37:37,705 |-INFO in ch.qos.logback.core.joran.action.NestedComplexPropertyIA - Assuming default type [ch.qos.logback.classic.encoder.PatternLayoutEncoder] for [encoder] property
19:37:37,710 |-INFO in ch.qos.logback.core.rolling.RollingFileAppender[FILE] - Active log file name: /tmp/application.log
19:37:37,710 |-INFO in ch.qos.logback.core.rolling.RollingFileAppender[FILE] - File property is set to [/tmp/application.log]
19:37:37,711 |-INFO in ch.qos.logback.classic.joran.action.RootLoggerAction - Setting level of ROOT logger to WARN
19:37:37,711 |-INFO in ch.qos.logback.core.joran.action.AppenderRefAction - Attaching appender named [STDOUT] to Logger[ROOT]
19:37:37,712 |-INFO in ch.qos.logback.core.joran.action.AppenderRefAction - Attaching appender named [FILE] to Logger[ROOT]
19:37:37,712 |-INFO in ch.qos.logback.classic.joran.action.ConfigurationAction - End of configuration.
19:37:37,712 |-INFO in ch.qos.logback.classic.joran.JoranConfigurator@79698539 - Registering current configuration as safe fallback point

Ama winner
Ama winner
2019-06-10T19:37:39.008+0000: 1.765: [Full GC (Metadata GC Threshold) 2019-06-10T19:37:39.008+0000: 1.765: [Tenured: 0K->15238K(341376K), 0.0401662 secs] 114987K->15238K(494976K), [Metaspace: 20728K->20728K(1067008K)], 0.0402331 secs] [Times: user=0.04 sys=0.00, real=0.04 secs] 
19:37:56.427 [Curator-PathChildrenCache-1] WARN  o.a.c.u.ZKPaths  - The version of ZooKeeper being used doesn't support Container nodes. CreateMode.PERSISTENT will be used instead.
2019-06-10T19:37:58.770+0000: 21.528: [GC (Allocation Failure) 2019-06-10T19:37:58.770+0000: 21.528: [DefNew: 136576K->17024K(153600K), 0.0267285 secs] 151814K->52831K(494976K), 0.0268082 secs] [Times: user=0.02 sys=0.01, real=0.03 secs] 
2019-06-10T19:37:59.920+0000: 22.677: [Full GC (Metadata GC Threshold) 2019-06-10T19:37:59.920+0000: 22.677: [Tenured: 35807K->44400K(341376K), 0.0409342 secs] 80993K->44400K(494976K), [Metaspace: 34581K->34581K(1079296K)], 0.0410120 secs] [Times: user=0.04 sys=0.01, real=0.04 secs] 
2019-06-10T19:38:06.190+0000: 28.948: [GC (Allocation Failure) 2019-06-10T19:38:06.190+0000: 28.948: [DefNew: 136576K->73K(153600K), 0.0017746 secs] 180976K->44473K(494976K), 0.0018331 secs] [Times: user=0.00 sys=0.00, real=0.00 secs] 
2019-06-10T19:38:12.374+0000: 35.131: [GC (Allocation Failure) 2019-06-10T19:38:12.374+0000: 35.131: [DefNew: 136649K->137K(153600K), 0.0019617 secs] 181049K->44537K(494976K), 0.0020183 secs] [Times: user=0.00 sys=0.00, real=0.00 secs] 
2019-06-10T19:38:18.678+0000: 41.436: [GC (Allocation Failure) 2019-06-10T19:38:18.679+0000: 41.436: [DefNew: 136713K->170K(153600K), 0.0018531 secs] 181113K->44570K(494976K), 0.0019136 secs] [Times: user=0.00 sys=0.00, real=0.00 secs] 
2019-06-10T19:38:25.015+0000: 47.773: [GC (Allocation Failure) 2019-06-10T19:38:25.015+0000: 47.773: [DefNew: 136746K->172K(153600K), 0.0018559 secs] 181146K->44573K(494976K), 0.0019163 secs] [Times: user=0.01 sys=0.00, real=0.01 secs] 
2019-06-10T19:38:31.929+0000: 54.686: [GC (Allocation Failure) 2019-06-10T19:38:31.929+0000: 54.686: [DefNew: 136748K->171K(153600K), 0.0018763 secs] 181149K->44571K(494976K), 0.0019397 secs] [Times: user=0.00 sys=0.00, real=0.00 secs] 
19:38:39.478 [Curator-PathChildrenCache-0] ERROR o.a.c.f.r.c.PathChildrenCache  - 
java.lang.IllegalStateException: instance must be started before calling this method
	at org.apache.curator.shaded.com.google.common.base.Preconditions.checkState(Preconditions.java:444)
	at org.apache.curator.framework.imps.CuratorFrameworkImpl.getChildren(CuratorFrameworkImpl.java:456)
	at org.apache.curator.framework.recipes.cache.PathChildrenCache.refresh(PathChildrenCache.java:521)
	at org.apache.curator.framework.recipes.cache.RefreshOperation.invoke(RefreshOperation.java:35)
	at org.apache.curator.framework.recipes.cache.PathChildrenCache$9.run(PathChildrenCache.java:786)
	at java.util.concurrent.Executors$RunnableAdapter.call(Executors.java:511)
	at java.util.concurrent.FutureTask.run(FutureTask.java:266)
	at java.util.concurrent.Executors$RunnableAdapter.call(Executors.java:511)
	at java.util.concurrent.FutureTask.run(FutureTask.java:266)
	at java.util.concurrent.ThreadPoolExecutor.runWorker(ThreadPoolExecutor.java:1149)
	at java.util.concurrent.ThreadPoolExecutor$Worker.run(ThreadPoolExecutor.java:624)
	at java.lang.Thread.run(Thread.java:748)
Heap
 def new generation   total 153600K, used 51447K [0x00000000e0c00000, 0x00000000eb2a0000, 0x00000000eb2a0000)
  eden space 136576K,  37% used [0x00000000e0c00000, 0x00000000e3e12ec8, 0x00000000e9160000)
  from space 17024K,   1% used [0x00000000e9160000, 0x00000000e918ad48, 0x00000000ea200000)
  to   space 17024K,   0% used [0x00000000ea200000, 0x00000000ea200000, 0x00000000eb2a0000)
 tenured generation   total 341376K, used 44400K [0x00000000eb2a0000, 0x0000000100000000, 0x0000000100000000)
   the space 341376K,  13% used [0x00000000eb2a0000, 0x00000000eddfc138, 0x00000000eddfc200, 0x0000000100000000)
 Metaspace       used 36118K, capacity 36992K, committed 37120K, reserved 1081344K
  class space    used 4873K, capacity 5074K, committed 5120K, reserved 1048576K
