05:59:56,432 |-INFO in ch.qos.logback.classic.LoggerContext[default] - Could NOT find resource [logback-test.xml]
05:59:56,433 |-INFO in ch.qos.logback.classic.LoggerContext[default] - Could NOT find resource [logback.groovy]
05:59:56,433 |-INFO in ch.qos.logback.classic.LoggerContext[default] - Found resource [logback.xml] at [jar:file:/root/flamestream/lib/flamestream-runtime-1.0-SNAPSHOT.jar!/logback.xml]
05:59:56,433 |-WARN in ch.qos.logback.classic.LoggerContext[default] - Resource [logback.xml] occurs multiple times on the classpath.
05:59:56,436 |-WARN in ch.qos.logback.classic.LoggerContext[default] - Resource [logback.xml] occurs at [jar:file:/root/flamestream/lib/flamestream-runtime-1.0-SNAPSHOT.jar!/logback.xml]
05:59:56,436 |-WARN in ch.qos.logback.classic.LoggerContext[default] - Resource [logback.xml] occurs at [jar:file:/root/flamestream/flamestream-runtime-1.0-SNAPSHOT.jar!/logback.xml]
05:59:56,456 |-INFO in ch.qos.logback.core.joran.spi.ConfigurationWatchList@3fb6a447 - URL [jar:file:/root/flamestream/lib/flamestream-runtime-1.0-SNAPSHOT.jar!/logback.xml] is not of type file
05:59:56,527 |-INFO in ch.qos.logback.classic.joran.action.ConfigurationAction - debug attribute not set
05:59:56,528 |-INFO in ch.qos.logback.core.joran.action.AppenderAction - About to instantiate appender of type [ch.qos.logback.core.ConsoleAppender]
05:59:56,544 |-INFO in ch.qos.logback.core.joran.action.AppenderAction - Naming appender as [STDOUT]
05:59:56,564 |-INFO in ch.qos.logback.core.joran.action.NestedComplexPropertyIA - Assuming default type [ch.qos.logback.classic.encoder.PatternLayoutEncoder] for [encoder] property
05:59:56,644 |-INFO in ch.qos.logback.core.joran.action.AppenderAction - About to instantiate appender of type [ch.qos.logback.core.rolling.RollingFileAppender]
05:59:56,649 |-INFO in ch.qos.logback.core.joran.action.AppenderAction - Naming appender as [FILE]
05:59:56,681 |-INFO in c.q.l.core.rolling.TimeBasedRollingPolicy@127618319 - No compression will be used
05:59:56,682 |-INFO in c.q.l.core.rolling.TimeBasedRollingPolicy@127618319 - Will use the pattern /tmp/application_%d{yyyy-MM-dd}.%i.log for the active file
05:59:56,685 |-INFO in ch.qos.logback.core.rolling.SizeAndTimeBasedFNATP@6b2fad11 - The date pattern is 'yyyy-MM-dd' from file name pattern '/tmp/application_%d{yyyy-MM-dd}.%i.log'.
05:59:56,685 |-INFO in ch.qos.logback.core.rolling.SizeAndTimeBasedFNATP@6b2fad11 - Roll-over at midnight.
05:59:56,690 |-INFO in ch.qos.logback.core.rolling.SizeAndTimeBasedFNATP@6b2fad11 - Setting initial period to Tue Jun 11 05:58:36 UTC 2019
05:59:56,690 |-WARN in ch.qos.logback.core.rolling.SizeAndTimeBasedFNATP@6b2fad11 - SizeAndTimeBasedFNATP is deprecated. Use SizeAndTimeBasedRollingPolicy instead
05:59:56,690 |-WARN in ch.qos.logback.core.rolling.SizeAndTimeBasedFNATP@6b2fad11 - For more information see http://logback.qos.ch/manual/appenders.html#SizeAndTimeBasedRollingPolicy
05:59:56,694 |-INFO in ch.qos.logback.core.joran.action.NestedComplexPropertyIA - Assuming default type [ch.qos.logback.classic.encoder.PatternLayoutEncoder] for [encoder] property
05:59:56,699 |-INFO in ch.qos.logback.core.rolling.RollingFileAppender[FILE] - Active log file name: /tmp/application.log
05:59:56,699 |-INFO in ch.qos.logback.core.rolling.RollingFileAppender[FILE] - File property is set to [/tmp/application.log]
05:59:56,700 |-INFO in ch.qos.logback.classic.joran.action.RootLoggerAction - Setting level of ROOT logger to WARN
05:59:56,700 |-INFO in ch.qos.logback.core.joran.action.AppenderRefAction - Attaching appender named [STDOUT] to Logger[ROOT]
05:59:56,702 |-INFO in ch.qos.logback.core.joran.action.AppenderRefAction - Attaching appender named [FILE] to Logger[ROOT]
05:59:56,702 |-INFO in ch.qos.logback.classic.joran.action.ConfigurationAction - End of configuration.
05:59:56,702 |-INFO in ch.qos.logback.classic.joran.JoranConfigurator@79698539 - Registering current configuration as safe fallback point

Ama winner
Ama winner
2019-06-11T05:59:57.997+0000: 1.743: [Full GC (Metadata GC Threshold) 2019-06-11T05:59:57.997+0000: 1.743: [Tenured: 0K->15207K(341376K), 0.0408061 secs] 114923K->15207K(494976K), [Metaspace: 20727K->20727K(1067008K)], 0.0408701 secs] [Times: user=0.04 sys=0.00, real=0.04 secs] 
06:00:18.716 [Curator-PathChildrenCache-3] WARN  o.a.c.u.ZKPaths  - The version of ZooKeeper being used doesn't support Container nodes. CreateMode.PERSISTENT will be used instead.
2019-06-11T06:00:20.806+0000: 24.552: [GC (Allocation Failure) 2019-06-11T06:00:20.806+0000: 24.552: [DefNew: 136576K->17023K(153600K), 0.0258779 secs] 151783K->52957K(494976K), 0.0259700 secs] [Times: user=0.01 sys=0.01, real=0.02 secs] 
2019-06-11T06:00:21.256+0000: 25.002: [Full GC (Metadata GC Threshold) 2019-06-11T06:00:21.256+0000: 25.002: [Tenured: 35933K->44507K(341376K), 0.0376840 secs] 72194K->44507K(494976K), [Metaspace: 34549K->34549K(1079296K)], 0.0377701 secs] [Times: user=0.04 sys=0.00, real=0.04 secs] 
2019-06-11T06:00:23.168+0000: 26.913: [GC (Allocation Failure) 2019-06-11T06:00:23.168+0000: 26.913: [DefNew: 136576K->97K(153600K), 0.0018772 secs] 181083K->44605K(494976K), 0.0019375 secs] [Times: user=0.01 sys=0.00, real=0.00 secs] 
2019-06-11T06:00:24.872+0000: 28.618: [GC (Allocation Failure) 2019-06-11T06:00:24.872+0000: 28.618: [DefNew: 136673K->113K(153600K), 0.0018197 secs] 181181K->44621K(494976K), 0.0018777 secs] [Times: user=0.00 sys=0.00, real=0.01 secs] 
2019-06-11T06:00:26.525+0000: 30.271: [GC (Allocation Failure) 2019-06-11T06:00:26.525+0000: 30.271: [DefNew: 136689K->126K(153600K), 0.0017925 secs] 181197K->44634K(494976K), 0.0018649 secs] [Times: user=0.00 sys=0.00, real=0.01 secs] 
2019-06-11T06:00:28.270+0000: 32.016: [GC (Allocation Failure) 2019-06-11T06:00:28.270+0000: 32.016: [DefNew: 136702K->124K(153600K), 0.0017130 secs] 181210K->44632K(494976K), 0.0017702 secs] [Times: user=0.00 sys=0.00, real=0.00 secs] 
2019-06-11T06:00:30.001+0000: 33.747: [GC (Allocation Failure) 2019-06-11T06:00:30.001+0000: 33.747: [DefNew: 136700K->132K(153600K), 0.0018771 secs] 181208K->44640K(494976K), 0.0019423 secs] [Times: user=0.01 sys=0.00, real=0.00 secs] 
2019-06-11T06:00:31.705+0000: 35.451: [GC (Allocation Failure) 2019-06-11T06:00:31.705+0000: 35.451: [DefNew: 136708K->128K(153600K), 0.0018871 secs] 181216K->44635K(494976K), 0.0019480 secs] [Times: user=0.01 sys=0.00, real=0.01 secs] 
2019-06-11T06:00:33.502+0000: 37.248: [GC (Allocation Failure) 2019-06-11T06:00:33.502+0000: 37.248: [DefNew: 136704K->126K(153600K), 0.0018458 secs] 181211K->44634K(494976K), 0.0019052 secs] [Times: user=0.00 sys=0.00, real=0.00 secs] 
06:00:43.464 [Curator-PathChildrenCache-0] ERROR o.a.c.f.r.c.PathChildrenCache  - 
java.lang.IllegalStateException: instance must be started before calling this method
	at org.apache.curator.shaded.com.google.common.base.Preconditions.checkState(Preconditions.java:444)
	at org.apache.curator.framework.imps.CuratorFrameworkImpl.getChildren(CuratorFrameworkImpl.java:456)
	at org.apache.curator.framework.recipes.cache.PathChildrenCache.refresh(PathChildrenCache.java:521)
	at org.apache.curator.framework.recipes.cache.RefreshOperation.invoke(RefreshOperation.java:35)
	at org.apache.curator.framework.recipes.cache.PathChildrenCache$9.run(PathChildrenCache.java:786)
	at java.util.concurrent.Executors$RunnableAdapter.call(Executors.java:511)
	at java.util.concurrent.FutureTask.run(FutureTask.java:266)
	at java.util.concurrent.Executors$RunnableAdapter.call(Executors.java:511)
	at java.util.concurrent.FutureTask.run(FutureTask.java:266)
	at java.util.concurrent.ThreadPoolExecutor.runWorker(ThreadPoolExecutor.java:1149)
	at java.util.concurrent.ThreadPoolExecutor$Worker.run(ThreadPoolExecutor.java:624)
	at java.lang.Thread.run(Thread.java:748)
Heap
 def new generation   total 153600K, used 88297K [0x00000000e0c00000, 0x00000000eb2a0000, 0x00000000eb2a0000)
  eden space 136576K,  64% used [0x00000000e0c00000, 0x00000000e621ac10, 0x00000000e9160000)
  from space 17024K,   0% used [0x00000000e9160000, 0x00000000e917fa90, 0x00000000ea200000)
  to   space 17024K,   0% used [0x00000000ea200000, 0x00000000ea200000, 0x00000000eb2a0000)
 tenured generation   total 341376K, used 44507K [0x00000000eb2a0000, 0x0000000100000000, 0x0000000100000000)
   the space 341376K,  13% used [0x00000000eb2a0000, 0x00000000ede16e70, 0x00000000ede17000, 0x0000000100000000)
 Metaspace       used 35948K, capacity 36930K, committed 37120K, reserved 1081344K
  class space    used 4854K, capacity 5059K, committed 5120K, reserved 1048576K
