17:54:14,389 |-INFO in ch.qos.logback.classic.LoggerContext[default] - Could NOT find resource [logback-test.xml]
17:54:14,389 |-INFO in ch.qos.logback.classic.LoggerContext[default] - Could NOT find resource [logback.groovy]
17:54:14,389 |-INFO in ch.qos.logback.classic.LoggerContext[default] - Found resource [logback.xml] at [jar:file:/root/flamestream/lib/flamestream-runtime-1.0-SNAPSHOT.jar!/logback.xml]
17:54:14,389 |-WARN in ch.qos.logback.classic.LoggerContext[default] - Resource [logback.xml] occurs multiple times on the classpath.
17:54:14,389 |-WARN in ch.qos.logback.classic.LoggerContext[default] - Resource [logback.xml] occurs at [jar:file:/root/flamestream/lib/flamestream-runtime-1.0-SNAPSHOT.jar!/logback.xml]
17:54:14,389 |-WARN in ch.qos.logback.classic.LoggerContext[default] - Resource [logback.xml] occurs at [jar:file:/root/flamestream/flamestream-runtime-1.0-SNAPSHOT.jar!/logback.xml]
17:54:14,411 |-INFO in ch.qos.logback.core.joran.spi.ConfigurationWatchList@3fb6a447 - URL [jar:file:/root/flamestream/lib/flamestream-runtime-1.0-SNAPSHOT.jar!/logback.xml] is not of type file
17:54:14,482 |-INFO in ch.qos.logback.classic.joran.action.ConfigurationAction - debug attribute not set
17:54:14,483 |-INFO in ch.qos.logback.core.joran.action.AppenderAction - About to instantiate appender of type [ch.qos.logback.core.ConsoleAppender]
17:54:14,498 |-INFO in ch.qos.logback.core.joran.action.AppenderAction - Naming appender as [STDOUT]
17:54:14,515 |-INFO in ch.qos.logback.core.joran.action.NestedComplexPropertyIA - Assuming default type [ch.qos.logback.classic.encoder.PatternLayoutEncoder] for [encoder] property
17:54:14,597 |-INFO in ch.qos.logback.core.joran.action.AppenderAction - About to instantiate appender of type [ch.qos.logback.core.rolling.RollingFileAppender]
17:54:14,605 |-INFO in ch.qos.logback.core.joran.action.AppenderAction - Naming appender as [FILE]
17:54:14,633 |-INFO in c.q.l.core.rolling.TimeBasedRollingPolicy@127618319 - No compression will be used
17:54:14,635 |-INFO in c.q.l.core.rolling.TimeBasedRollingPolicy@127618319 - Will use the pattern /tmp/application_%d{yyyy-MM-dd}.%i.log for the active file
17:54:14,637 |-INFO in ch.qos.logback.core.rolling.SizeAndTimeBasedFNATP@6b2fad11 - The date pattern is 'yyyy-MM-dd' from file name pattern '/tmp/application_%d{yyyy-MM-dd}.%i.log'.
17:54:14,637 |-INFO in ch.qos.logback.core.rolling.SizeAndTimeBasedFNATP@6b2fad11 - Roll-over at midnight.
17:54:14,643 |-INFO in ch.qos.logback.core.rolling.SizeAndTimeBasedFNATP@6b2fad11 - Setting initial period to Mon Jun 10 17:52:55 UTC 2019
17:54:14,643 |-WARN in ch.qos.logback.core.rolling.SizeAndTimeBasedFNATP@6b2fad11 - SizeAndTimeBasedFNATP is deprecated. Use SizeAndTimeBasedRollingPolicy instead
17:54:14,643 |-WARN in ch.qos.logback.core.rolling.SizeAndTimeBasedFNATP@6b2fad11 - For more information see http://logback.qos.ch/manual/appenders.html#SizeAndTimeBasedRollingPolicy
17:54:14,647 |-INFO in ch.qos.logback.core.joran.action.NestedComplexPropertyIA - Assuming default type [ch.qos.logback.classic.encoder.PatternLayoutEncoder] for [encoder] property
17:54:14,652 |-INFO in ch.qos.logback.core.rolling.RollingFileAppender[FILE] - Active log file name: /tmp/application.log
17:54:14,652 |-INFO in ch.qos.logback.core.rolling.RollingFileAppender[FILE] - File property is set to [/tmp/application.log]
17:54:14,652 |-INFO in ch.qos.logback.classic.joran.action.RootLoggerAction - Setting level of ROOT logger to WARN
17:54:14,653 |-INFO in ch.qos.logback.core.joran.action.AppenderRefAction - Attaching appender named [STDOUT] to Logger[ROOT]
17:54:14,653 |-INFO in ch.qos.logback.core.joran.action.AppenderRefAction - Attaching appender named [FILE] to Logger[ROOT]
17:54:14,653 |-INFO in ch.qos.logback.classic.joran.action.ConfigurationAction - End of configuration.
17:54:14,654 |-INFO in ch.qos.logback.classic.joran.JoranConfigurator@79698539 - Registering current configuration as safe fallback point

Ama winner
Ama winner
2019-06-10T17:54:16.256+0000: 2.045: [Full GC (Metadata GC Threshold) 2019-06-10T17:54:16.256+0000: 2.045: [Tenured: 0K->15208K(341376K), 0.0397363 secs] 114955K->15208K(494976K), [Metaspace: 20735K->20735K(1067008K)], 0.0398030 secs] [Times: user=0.04 sys=0.00, real=0.04 secs] 
17:54:31.717 [Curator-PathChildrenCache-1] WARN  o.a.c.u.ZKPaths  - The version of ZooKeeper being used doesn't support Container nodes. CreateMode.PERSISTENT will be used instead.
2019-06-10T17:54:34.033+0000: 19.822: [GC (Allocation Failure) 2019-06-10T17:54:34.033+0000: 19.822: [DefNew: 136576K->17023K(153600K), 0.0255513 secs] 151784K->52790K(494976K), 0.0256124 secs] [Times: user=0.02 sys=0.01, real=0.02 secs] 
2019-06-10T17:54:35.983+0000: 21.772: [Full GC (Metadata GC Threshold) 2019-06-10T17:54:35.983+0000: 21.772: [Tenured: 35766K->44361K(341376K), 0.0435666 secs] 95163K->44361K(494976K), [Metaspace: 34595K->34595K(1079296K)], 0.0436385 secs] [Times: user=0.04 sys=0.01, real=0.04 secs] 
2019-06-10T17:54:42.619+0000: 28.409: [GC (Allocation Failure) 2019-06-10T17:54:42.619+0000: 28.409: [DefNew: 136576K->95K(153600K), 0.0018529 secs] 180937K->44456K(494976K), 0.0019091 secs] [Times: user=0.00 sys=0.00, real=0.00 secs] 
2019-06-10T17:54:49.319+0000: 35.109: [GC (Allocation Failure) 2019-06-10T17:54:49.320+0000: 35.109: [DefNew: 136671K->127K(153600K), 0.0017593 secs] 181032K->44489K(494976K), 0.0018143 secs] [Times: user=0.01 sys=0.00, real=0.00 secs] 
2019-06-10T17:54:56.112+0000: 41.902: [GC (Allocation Failure) 2019-06-10T17:54:56.112+0000: 41.902: [DefNew: 136703K->127K(153600K), 0.0017096 secs] 181065K->44488K(494976K), 0.0017705 secs] [Times: user=0.01 sys=0.00, real=0.00 secs] 
2019-06-10T17:55:02.932+0000: 48.721: [GC (Allocation Failure) 2019-06-10T17:55:02.932+0000: 48.721: [DefNew: 136703K->161K(153600K), 0.0017473 secs] 181064K->44522K(494976K), 0.0018074 secs] [Times: user=0.01 sys=0.00, real=0.00 secs] 
2019-06-10T17:55:09.741+0000: 55.530: [GC (Allocation Failure) 2019-06-10T17:55:09.741+0000: 55.530: [DefNew: 136737K->159K(153600K), 0.0018010 secs] 181098K->44520K(494976K), 0.0018614 secs] [Times: user=0.00 sys=0.00, real=0.01 secs] 
17:55:17.855 [Curator-PathChildrenCache-0] ERROR o.a.c.f.r.c.PathChildrenCache  - 
java.lang.IllegalStateException: instance must be started before calling this method
	at org.apache.curator.shaded.com.google.common.base.Preconditions.checkState(Preconditions.java:444)
	at org.apache.curator.framework.imps.CuratorFrameworkImpl.getChildren(CuratorFrameworkImpl.java:456)
	at org.apache.curator.framework.recipes.cache.PathChildrenCache.refresh(PathChildrenCache.java:521)
	at org.apache.curator.framework.recipes.cache.RefreshOperation.invoke(RefreshOperation.java:35)
	at org.apache.curator.framework.recipes.cache.PathChildrenCache$9.run(PathChildrenCache.java:786)
	at java.util.concurrent.Executors$RunnableAdapter.call(Executors.java:511)
	at java.util.concurrent.FutureTask.run(FutureTask.java:266)
	at java.util.concurrent.Executors$RunnableAdapter.call(Executors.java:511)
	at java.util.concurrent.FutureTask.run(FutureTask.java:266)
	at java.util.concurrent.ThreadPoolExecutor.runWorker(ThreadPoolExecutor.java:1149)
	at java.util.concurrent.ThreadPoolExecutor$Worker.run(ThreadPoolExecutor.java:624)
	at java.lang.Thread.run(Thread.java:748)
Heap
 def new generation   total 153600K, used 67342K [0x00000000e0c00000, 0x00000000eb2a0000, 0x00000000eb2a0000)
  eden space 136576K,  49% used [0x00000000e0c00000, 0x00000000e4d9ba88, 0x00000000e9160000)
  from space 17024K,   0% used [0x00000000e9160000, 0x00000000e9187dc0, 0x00000000ea200000)
  to   space 17024K,   0% used [0x00000000ea200000, 0x00000000ea200000, 0x00000000eb2a0000)
 tenured generation   total 341376K, used 44361K [0x00000000eb2a0000, 0x0000000100000000, 0x0000000100000000)
   the space 341376K,  12% used [0x00000000eb2a0000, 0x00000000eddf25a8, 0x00000000eddf2600, 0x0000000100000000)
 Metaspace       used 36066K, capacity 36986K, committed 37120K, reserved 1081344K
  class space    used 4871K, capacity 5073K, committed 5120K, reserved 1048576K
