06:02:19,018 |-INFO in ch.qos.logback.classic.LoggerContext[default] - Could NOT find resource [logback-test.xml]
06:02:19,019 |-INFO in ch.qos.logback.classic.LoggerContext[default] - Could NOT find resource [logback.groovy]
06:02:19,019 |-INFO in ch.qos.logback.classic.LoggerContext[default] - Found resource [logback.xml] at [jar:file:/root/flamestream/lib/flamestream-runtime-1.0-SNAPSHOT.jar!/logback.xml]
06:02:19,022 |-WARN in ch.qos.logback.classic.LoggerContext[default] - Resource [logback.xml] occurs multiple times on the classpath.
06:02:19,022 |-WARN in ch.qos.logback.classic.LoggerContext[default] - Resource [logback.xml] occurs at [jar:file:/root/flamestream/lib/flamestream-runtime-1.0-SNAPSHOT.jar!/logback.xml]
06:02:19,022 |-WARN in ch.qos.logback.classic.LoggerContext[default] - Resource [logback.xml] occurs at [jar:file:/root/flamestream/flamestream-runtime-1.0-SNAPSHOT.jar!/logback.xml]
06:02:19,043 |-INFO in ch.qos.logback.core.joran.spi.ConfigurationWatchList@3fb6a447 - URL [jar:file:/root/flamestream/lib/flamestream-runtime-1.0-SNAPSHOT.jar!/logback.xml] is not of type file
06:02:19,115 |-INFO in ch.qos.logback.classic.joran.action.ConfigurationAction - debug attribute not set
06:02:19,116 |-INFO in ch.qos.logback.core.joran.action.AppenderAction - About to instantiate appender of type [ch.qos.logback.core.ConsoleAppender]
06:02:19,133 |-INFO in ch.qos.logback.core.joran.action.AppenderAction - Naming appender as [STDOUT]
06:02:19,152 |-INFO in ch.qos.logback.core.joran.action.NestedComplexPropertyIA - Assuming default type [ch.qos.logback.classic.encoder.PatternLayoutEncoder] for [encoder] property
06:02:19,239 |-INFO in ch.qos.logback.core.joran.action.AppenderAction - About to instantiate appender of type [ch.qos.logback.core.rolling.RollingFileAppender]
06:02:19,244 |-INFO in ch.qos.logback.core.joran.action.AppenderAction - Naming appender as [FILE]
06:02:19,277 |-INFO in c.q.l.core.rolling.TimeBasedRollingPolicy@127618319 - No compression will be used
06:02:19,278 |-INFO in c.q.l.core.rolling.TimeBasedRollingPolicy@127618319 - Will use the pattern /tmp/application_%d{yyyy-MM-dd}.%i.log for the active file
06:02:19,281 |-INFO in ch.qos.logback.core.rolling.SizeAndTimeBasedFNATP@6b2fad11 - The date pattern is 'yyyy-MM-dd' from file name pattern '/tmp/application_%d{yyyy-MM-dd}.%i.log'.
06:02:19,281 |-INFO in ch.qos.logback.core.rolling.SizeAndTimeBasedFNATP@6b2fad11 - Roll-over at midnight.
06:02:19,287 |-INFO in ch.qos.logback.core.rolling.SizeAndTimeBasedFNATP@6b2fad11 - Setting initial period to Tue Jun 11 06:00:43 UTC 2019
06:02:19,287 |-WARN in ch.qos.logback.core.rolling.SizeAndTimeBasedFNATP@6b2fad11 - SizeAndTimeBasedFNATP is deprecated. Use SizeAndTimeBasedRollingPolicy instead
06:02:19,287 |-WARN in ch.qos.logback.core.rolling.SizeAndTimeBasedFNATP@6b2fad11 - For more information see http://logback.qos.ch/manual/appenders.html#SizeAndTimeBasedRollingPolicy
06:02:19,291 |-INFO in ch.qos.logback.core.joran.action.NestedComplexPropertyIA - Assuming default type [ch.qos.logback.classic.encoder.PatternLayoutEncoder] for [encoder] property
06:02:19,296 |-INFO in ch.qos.logback.core.rolling.RollingFileAppender[FILE] - Active log file name: /tmp/application.log
06:02:19,296 |-INFO in ch.qos.logback.core.rolling.RollingFileAppender[FILE] - File property is set to [/tmp/application.log]
06:02:19,296 |-INFO in ch.qos.logback.classic.joran.action.RootLoggerAction - Setting level of ROOT logger to WARN
06:02:19,296 |-INFO in ch.qos.logback.core.joran.action.AppenderRefAction - Attaching appender named [STDOUT] to Logger[ROOT]
06:02:19,298 |-INFO in ch.qos.logback.core.joran.action.AppenderRefAction - Attaching appender named [FILE] to Logger[ROOT]
06:02:19,298 |-INFO in ch.qos.logback.classic.joran.action.ConfigurationAction - End of configuration.
06:02:19,299 |-INFO in ch.qos.logback.classic.joran.JoranConfigurator@79698539 - Registering current configuration as safe fallback point

Ama winner
Ama winner
2019-06-11T06:02:20.604+0000: 1.769: [Full GC (Metadata GC Threshold) 2019-06-11T06:02:20.604+0000: 1.769: [Tenured: 0K->15240K(341376K), 0.0409542 secs] 114986K->15240K(494976K), [Metaspace: 20724K->20724K(1067008K)], 0.0410237 secs] [Times: user=0.04 sys=0.00, real=0.04 secs] 
06:03:14.666 [Curator-PathChildrenCache-1] WARN  o.a.c.u.ZKPaths  - The version of ZooKeeper being used doesn't support Container nodes. CreateMode.PERSISTENT will be used instead.
2019-06-11T06:03:36.338+0000: 77.504: [GC (Allocation Failure) 2019-06-11T06:03:36.338+0000: 77.504: [DefNew: 136576K->16411K(153600K), 0.0171326 secs] 151816K->31651K(494976K), 0.0172063 secs] [Times: user=0.02 sys=0.00, real=0.02 secs] 
2019-06-11T06:04:02.154+0000: 103.320: [GC (Allocation Failure) 2019-06-11T06:04:02.154+0000: 103.320: [DefNew: 152987K->498K(153600K), 0.0163180 secs] 168227K->42083K(494976K), 0.0163887 secs] [Times: user=0.01 sys=0.01, real=0.02 secs] 
2019-06-11T06:04:02.317+0000: 103.483: [Full GC (Metadata GC Threshold) 2019-06-11T06:04:02.317+0000: 103.483: [Tenured: 41585K->43211K(341376K), 0.0426349 secs] 49256K->43211K(494976K), [Metaspace: 34754K->34754K(1079296K)], 0.0427124 secs] [Times: user=0.04 sys=0.01, real=0.04 secs] 
2019-06-11T06:04:10.749+0000: 111.914: [GC (Allocation Failure) 2019-06-11T06:04:10.749+0000: 111.914: [DefNew: 136576K->240K(153600K), 0.0023267 secs] 179787K->43451K(494976K), 0.0023908 secs] [Times: user=0.00 sys=0.00, real=0.00 secs] 
2019-06-11T06:04:17.762+0000: 118.928: [GC (Allocation Failure) 2019-06-11T06:04:17.762+0000: 118.928: [DefNew: 136816K->229K(153600K), 0.0019759 secs] 180027K->43440K(494976K), 0.0020347 secs] [Times: user=0.00 sys=0.00, real=0.00 secs] 
2019-06-11T06:04:51.147+0000: 152.312: [GC (Allocation Failure) 2019-06-11T06:04:51.147+0000: 152.312: [DefNew: 136805K->286K(153600K), 0.0023654 secs] 180016K->43497K(494976K), 0.0024291 secs] [Times: user=0.01 sys=0.00, real=0.01 secs] 
2019-06-11T06:05:37.839+0000: 199.005: [GC (Allocation Failure) 2019-06-11T06:05:37.839+0000: 199.005: [DefNew: 136862K->293K(153600K), 0.0022232 secs] 180073K->43505K(494976K), 0.0022849 secs] [Times: user=0.00 sys=0.00, real=0.00 secs] 
2019-06-11T06:06:25.212+0000: 246.378: [GC (Allocation Failure) 2019-06-11T06:06:25.212+0000: 246.378: [DefNew: 136869K->293K(153600K), 0.0021600 secs] 180081K->43504K(494976K), 0.0022176 secs] [Times: user=0.00 sys=0.00, real=0.00 secs] 
2019-06-11T06:07:12.797+0000: 293.962: [GC (Allocation Failure) 2019-06-11T06:07:12.797+0000: 293.962: [DefNew: 136869K->299K(153600K), 0.0022122 secs] 180080K->43510K(494976K), 0.0022772 secs] [Times: user=0.00 sys=0.00, real=0.00 secs] 
2019-06-11T06:07:59.512+0000: 340.678: [GC (Allocation Failure) 2019-06-11T06:07:59.512+0000: 340.678: [DefNew: 136875K->297K(153600K), 0.0021032 secs] 180086K->43508K(494976K), 0.0021595 secs] [Times: user=0.00 sys=0.00, real=0.00 secs] 
2019-06-11T06:09:00.133+0000: 401.299: [GC (Allocation Failure) 2019-06-11T06:09:00.133+0000: 401.299: [DefNew: 136873K->299K(153600K), 0.0021601 secs] 180084K->43511K(494976K), 0.0022166 secs] [Times: user=0.00 sys=0.00, real=0.01 secs] 
2019-06-11T06:10:01.967+0000: 463.133: [GC (Allocation Failure) 2019-06-11T06:10:01.967+0000: 463.133: [DefNew: 136875K->301K(153600K), 0.0021268 secs] 180087K->43513K(494976K), 0.0021853 secs] [Times: user=0.00 sys=0.00, real=0.00 secs] 
2019-06-11T06:10:48.499+0000: 509.665: [GC (Allocation Failure) 2019-06-11T06:10:48.499+0000: 509.665: [DefNew: 136877K->303K(153600K), 0.0021870 secs] 180089K->43514K(494976K), 0.0022998 secs] [Times: user=0.01 sys=0.00, real=0.00 secs] 
2019-06-11T06:11:33.659+0000: 554.825: [GC (Allocation Failure) 2019-06-11T06:11:33.659+0000: 554.825: [DefNew: 136879K->304K(153600K), 0.0022224 secs] 180090K->43516K(494976K), 0.0022776 secs] [Times: user=0.00 sys=0.00, real=0.00 secs] 
2019-06-11T06:12:28.446+0000: 609.612: [GC (Allocation Failure) 2019-06-11T06:12:28.446+0000: 609.612: [DefNew: 136880K->306K(153600K), 0.0021620 secs] 180092K->43518K(494976K), 0.0022193 secs] [Times: user=0.00 sys=0.00, real=0.01 secs] 
2019-06-11T06:13:31.550+0000: 672.716: [GC (Allocation Failure) 2019-06-11T06:13:31.550+0000: 672.716: [DefNew: 136882K->300K(153600K), 0.0144837 secs] 180094K->43512K(494976K), 0.0145488 secs] [Times: user=0.01 sys=0.00, real=0.01 secs] 
2019-06-11T06:14:35.398+0000: 736.564: [GC (Allocation Failure) 2019-06-11T06:14:35.398+0000: 736.564: [DefNew: 136876K->302K(153600K), 0.0021670 secs] 180088K->43514K(494976K), 0.0022240 secs] [Times: user=0.00 sys=0.00, real=0.00 secs] 
2019-06-11T06:15:30.798+0000: 791.964: [GC (Allocation Failure) 2019-06-11T06:15:30.798+0000: 791.964: [DefNew: 136878K->304K(153600K), 0.0021974 secs] 180090K->43516K(494976K), 0.0022618 secs] [Times: user=0.00 sys=0.00, real=0.00 secs] 
2019-06-11T06:16:21.273+0000: 842.439: [GC (Allocation Failure) 2019-06-11T06:16:21.273+0000: 842.439: [DefNew: 136880K->129K(153600K), 0.0022804 secs] 180092K->43518K(494976K), 0.0023698 secs] [Times: user=0.00 sys=0.00, real=0.01 secs] 
2019-06-11T06:17:27.695+0000: 908.860: [GC (Allocation Failure) 2019-06-11T06:17:27.695+0000: 908.860: [DefNew: 136705K->129K(153600K), 0.0017745 secs] 180094K->43520K(494976K), 0.0018319 secs] [Times: user=0.00 sys=0.00, real=0.01 secs] 
2019-06-11T06:18:52.115+0000: 993.280: [GC (Allocation Failure) 2019-06-11T06:18:52.115+0000: 993.280: [DefNew: 136705K->110K(153600K), 0.0018141 secs] 180096K->43555K(494976K), 0.0018697 secs] [Times: user=0.00 sys=0.00, real=0.01 secs] 
2019-06-11T06:20:13.077+0000: 1074.243: [GC (Allocation Failure) 2019-06-11T06:20:13.077+0000: 1074.243: [DefNew: 136686K->96K(153600K), 0.0016509 secs] 180131K->43547K(494976K), 0.0017146 secs] [Times: user=0.00 sys=0.00, real=0.00 secs] 
2019-06-11T06:21:11.643+0000: 1132.809: [GC (Allocation Failure) 2019-06-11T06:21:11.643+0000: 1132.809: [DefNew: 136672K->94K(153600K), 0.0016423 secs] 180123K->43547K(494976K), 0.0016975 secs] [Times: user=0.01 sys=0.00, real=0.00 secs] 
2019-06-11T06:22:43.761+0000: 1224.927: [GC (Allocation Failure) 2019-06-11T06:22:43.761+0000: 1224.927: [DefNew: 136670K->99K(153600K), 0.0016857 secs] 180123K->43552K(494976K), 0.0017466 secs] [Times: user=0.01 sys=0.00, real=0.00 secs] 
2019-06-11T06:24:22.392+0000: 1323.558: [GC (Allocation Failure) 2019-06-11T06:24:22.392+0000: 1323.558: [DefNew: 136675K->103K(153600K), 0.0017701 secs] 180128K->43558K(494976K), 0.0018312 secs] [Times: user=0.00 sys=0.00, real=0.00 secs] 
2019-06-11T06:25:33.148+0000: 1394.314: [GC (Allocation Failure) 2019-06-11T06:25:33.148+0000: 1394.314: [DefNew: 136679K->104K(153600K), 0.0016539 secs] 180134K->43560K(494976K), 0.0017101 secs] [Times: user=0.00 sys=0.00, real=0.00 secs] 
2019-06-11T06:26:42.567+0000: 1463.733: [GC (Allocation Failure) 2019-06-11T06:26:42.567+0000: 1463.733: [DefNew: 136680K->105K(153600K), 0.0383460 secs] 180136K->43562K(494976K), 0.0384036 secs] [Times: user=0.02 sys=0.00, real=0.03 secs] 
2019-06-11T06:27:59.677+0000: 1540.843: [GC (Allocation Failure) 2019-06-11T06:27:59.677+0000: 1540.843: [DefNew: 136681K->108K(153600K), 0.0210374 secs] 180138K->43566K(494976K), 0.0210926 secs] [Times: user=0.02 sys=0.00, real=0.02 secs] 
2019-06-11T06:29:16.447+0000: 1617.613: [GC (Allocation Failure) 2019-06-11T06:29:16.447+0000: 1617.613: [DefNew: 136684K->113K(153600K), 0.0016993 secs] 180142K->43571K(494976K), 0.0017518 secs] [Times: user=0.00 sys=0.00, real=0.00 secs] 
2019-06-11T06:30:22.710+0000: 1683.876: [GC (Allocation Failure) 2019-06-11T06:30:22.710+0000: 1683.876: [DefNew: 136689K->109K(153600K), 0.0017251 secs] 180147K->43568K(494976K), 0.0017899 secs] [Times: user=0.00 sys=0.00, real=0.00 secs] 
2019-06-11T06:31:09.694+0000: 1730.860: [GC (Allocation Failure) 2019-06-11T06:31:09.695+0000: 1730.860: [DefNew: 136685K->108K(153600K), 0.0016732 secs] 180144K->43568K(494976K), 0.0017303 secs] [Times: user=0.00 sys=0.00, real=0.01 secs] 
2019-06-11T06:32:03.412+0000: 1784.578: [GC (Allocation Failure) 2019-06-11T06:32:03.412+0000: 1784.578: [DefNew: 136684K->109K(153600K), 0.0016757 secs] 180144K->43571K(494976K), 0.0017353 secs] [Times: user=0.00 sys=0.00, real=0.00 secs] 
2019-06-11T06:33:08.385+0000: 1849.551: [GC (Allocation Failure) 2019-06-11T06:33:08.385+0000: 1849.551: [DefNew: 136685K->109K(153600K), 0.0016977 secs] 180147K->43571K(494976K), 0.0017560 secs] [Times: user=0.00 sys=0.00, real=0.01 secs] 
2019-06-11T06:34:18.611+0000: 1919.777: [GC (Allocation Failure) 2019-06-11T06:34:18.611+0000: 1919.777: [DefNew: 136685K->110K(153600K), 0.0016696 secs] 180147K->43574K(494976K), 0.0017235 secs] [Times: user=0.00 sys=0.00, real=0.00 secs] 
2019-06-11T06:35:20.134+0000: 1981.300: [GC (Allocation Failure) 2019-06-11T06:35:20.135+0000: 1981.300: [DefNew: 136686K->109K(153600K), 0.0017507 secs] 180150K->43574K(494976K), 0.0018089 secs] [Times: user=0.00 sys=0.00, real=0.01 secs] 
2019-06-11T06:36:08.693+0000: 2029.859: [GC (Allocation Failure) 2019-06-11T06:36:08.693+0000: 2029.859: [DefNew: 136685K->78K(153600K), 0.0017234 secs] 180150K->43577K(494976K), 0.0017799 secs] [Times: user=0.00 sys=0.00, real=0.01 secs] 
2019-06-11T06:37:08.370+0000: 2089.536: [GC (Allocation Failure) 2019-06-11T06:37:08.370+0000: 2089.536: [DefNew: 136654K->64K(153600K), 0.0016828 secs] 180153K->43565K(494976K), 0.0017413 secs] [Times: user=0.00 sys=0.00, real=0.00 secs] 
2019-06-11T06:38:19.864+0000: 2161.030: [GC (Allocation Failure) 2019-06-11T06:38:19.865+0000: 2161.030: [DefNew: 136640K->64K(153600K), 0.0016381 secs] 180141K->43565K(494976K), 0.0017151 secs] [Times: user=0.00 sys=0.00, real=0.00 secs] 
2019-06-11T06:39:31.640+0000: 2232.805: [GC (Allocation Failure) 2019-06-11T06:39:31.640+0000: 2232.805: [DefNew: 136640K->65K(153600K), 0.0016980 secs] 180141K->43569K(494976K), 0.0017662 secs] [Times: user=0.00 sys=0.00, real=0.00 secs] 
2019-06-11T06:40:30.128+0000: 2291.293: [GC (Allocation Failure) 2019-06-11T06:40:30.128+0000: 2291.293: [DefNew: 136641K->63K(153600K), 0.0017248 secs] 180145K->43570K(494976K), 0.0017809 secs] [Times: user=0.01 sys=0.00, real=0.00 secs] 
2019-06-11T06:41:24.834+0000: 2345.999: [GC (Allocation Failure) 2019-06-11T06:41:24.834+0000: 2345.999: [DefNew: 136639K->62K(153600K), 0.0017656 secs] 180146K->43572K(494976K), 0.0018312 secs] [Times: user=0.00 sys=0.00, real=0.01 secs] 
2019-06-11T06:42:24.989+0000: 2406.155: [GC (Allocation Failure) 2019-06-11T06:42:24.989+0000: 2406.155: [DefNew: 136638K->64K(153600K), 0.0015904 secs] 180148K->43574K(494976K), 0.0016541 secs] [Times: user=0.00 sys=0.00, real=0.00 secs] 
2019-06-11T06:43:26.667+0000: 2467.833: [GC (Allocation Failure) 2019-06-11T06:43:26.667+0000: 2467.833: [DefNew: 136640K->64K(153600K), 0.0016374 secs] 180150K->43575K(494976K), 0.0016953 secs] [Times: user=0.01 sys=0.00, real=0.00 secs] 
2019-06-11T06:44:27.521+0000: 2528.687: [GC (Allocation Failure) 2019-06-11T06:44:27.521+0000: 2528.687: [DefNew: 136640K->64K(153600K), 0.0016175 secs] 180151K->43576K(494976K), 0.0016901 secs] [Times: user=0.00 sys=0.00, real=0.00 secs] 
2019-06-11T06:45:24.232+0000: 2585.398: [GC (Allocation Failure) 2019-06-11T06:45:24.232+0000: 2585.398: [DefNew: 136640K->64K(153600K), 0.0016307 secs] 180152K->43578K(494976K), 0.0016865 secs] [Times: user=0.00 sys=0.00, real=0.00 secs] 
2019-06-11T06:46:10.328+0000: 2631.494: [GC (Allocation Failure) 2019-06-11T06:46:10.328+0000: 2631.494: [DefNew: 136640K->66K(153600K), 0.0016271 secs] 180154K->43580K(494976K), 0.0016832 secs] [Times: user=0.00 sys=0.00, real=0.00 secs] 
2019-06-11T06:47:00.411+0000: 2681.576: [GC (Allocation Failure) 2019-06-11T06:47:00.411+0000: 2681.576: [DefNew: 136642K->66K(153600K), 0.0016795 secs] 180156K->43581K(494976K), 0.0017389 secs] [Times: user=0.00 sys=0.00, real=0.00 secs] 
2019-06-11T06:48:00.673+0000: 2741.839: [GC (Allocation Failure) 2019-06-11T06:48:00.673+0000: 2741.839: [DefNew: 136642K->67K(153600K), 0.0016335 secs] 180157K->43582K(494976K), 0.0016878 secs] [Times: user=0.00 sys=0.01, real=0.00 secs] 
2019-06-11T06:49:01.076+0000: 2802.242: [GC (Allocation Failure) 2019-06-11T06:49:01.076+0000: 2802.242: [DefNew: 136643K->68K(153600K), 0.0016351 secs] 180158K->43585K(494976K), 0.0016943 secs] [Times: user=0.00 sys=0.00, real=0.00 secs] 
2019-06-11T06:50:01.482+0000: 2862.648: [GC (Allocation Failure) 2019-06-11T06:50:01.482+0000: 2862.648: [DefNew: 136644K->70K(153600K), 0.0017136 secs] 180161K->43587K(494976K), 0.0017723 secs] [Times: user=0.00 sys=0.00, real=0.00 secs] 
2019-06-11T06:50:48.118+0000: 2909.284: [GC (Allocation Failure) 2019-06-11T06:50:48.118+0000: 2909.284: [DefNew: 136646K->70K(153600K), 0.0016655 secs] 180163K->43588K(494976K), 0.0017209 secs] [Times: user=0.00 sys=0.00, real=0.00 secs] 
2019-06-11T06:51:33.395+0000: 2954.561: [GC (Allocation Failure) 2019-06-11T06:51:33.395+0000: 2954.561: [DefNew: 136646K->71K(153600K), 0.0016444 secs] 180164K->43590K(494976K), 0.0017017 secs] [Times: user=0.00 sys=0.01, real=0.00 secs] 
2019-06-11T06:52:29.979+0000: 3011.144: [GC (Allocation Failure) 2019-06-11T06:52:29.979+0000: 3011.144: [DefNew: 136647K->71K(153600K), 0.0016849 secs] 180166K->43591K(494976K), 0.0017464 secs] [Times: user=0.00 sys=0.00, real=0.00 secs] 
2019-06-11T06:53:32.160+0000: 3073.326: [GC (Allocation Failure) 2019-06-11T06:53:32.160+0000: 3073.326: [DefNew: 136647K->69K(153600K), 0.0017322 secs] 180167K->43593K(494976K), 0.0018019 secs] [Times: user=0.00 sys=0.00, real=0.00 secs] 
2019-06-11T06:54:35.463+0000: 3136.629: [GC (Allocation Failure) 2019-06-11T06:54:35.463+0000: 3136.629: [DefNew: 136645K->59K(153600K), 0.0016664 secs] 180169K->43584K(494976K), 0.0017360 secs] [Times: user=0.00 sys=0.00, real=0.00 secs] 
2019-06-11T06:55:29.984+0000: 3191.150: [GC (Allocation Failure) 2019-06-11T06:55:29.984+0000: 3191.150: [DefNew: 136635K->60K(153600K), 0.0016503 secs] 180160K->43585K(494976K), 0.0017168 secs] [Times: user=0.00 sys=0.00, real=0.00 secs] 
2019-06-11T06:56:15.424+0000: 3236.590: [GC (Allocation Failure) 2019-06-11T06:56:15.425+0000: 3236.590: [DefNew: 136636K->59K(153600K), 0.0015787 secs] 180161K->43585K(494976K), 0.0016417 secs] [Times: user=0.00 sys=0.00, real=0.00 secs] 
2019-06-11T06:57:09.235+0000: 3290.400: [GC (Allocation Failure) 2019-06-11T06:57:09.235+0000: 3290.400: [DefNew: 136635K->61K(153600K), 0.0016925 secs] 180161K->43588K(494976K), 0.0017500 secs] [Times: user=0.00 sys=0.00, real=0.01 secs] 
2019-06-11T06:58:13.942+0000: 3355.108: [GC (Allocation Failure) 2019-06-11T06:58:13.942+0000: 3355.108: [DefNew: 136637K->62K(153600K), 0.0098965 secs] 180164K->43590K(494976K), 0.0099562 secs] [Times: user=0.01 sys=0.00, real=0.01 secs] 
2019-06-11T06:59:21.053+0000: 3422.219: [GC (Allocation Failure) 2019-06-11T06:59:21.053+0000: 3422.219: [DefNew: 136638K->64K(153600K), 0.0099193 secs] 180166K->43592K(494976K), 0.0099796 secs] [Times: user=0.01 sys=0.00, real=0.01 secs] 
2019-06-11T07:00:21.585+0000: 3482.751: [GC (Allocation Failure) 2019-06-11T07:00:21.585+0000: 3482.751: [DefNew: 136640K->64K(153600K), 0.0016201 secs] 180168K->43594K(494976K), 0.0016927 secs] [Times: user=0.00 sys=0.00, real=0.00 secs] 
2019-06-11T07:01:10.220+0000: 3531.385: [GC (Allocation Failure) 2019-06-11T07:01:10.220+0000: 3531.386: [DefNew: 136640K->63K(153600K), 0.0016371 secs] 180170K->43594K(494976K), 0.0016934 secs] [Times: user=0.00 sys=0.00, real=0.00 secs] 
2019-06-11T07:02:07.702+0000: 3588.868: [GC (Allocation Failure) 2019-06-11T07:02:07.702+0000: 3588.868: [DefNew: 136639K->64K(153600K), 0.0016905 secs] 180170K->43596K(494976K), 0.0017471 secs] [Times: user=0.00 sys=0.00, real=0.00 secs] 
2019-06-11T07:03:14.708+0000: 3655.873: [GC (Allocation Failure) 2019-06-11T07:03:14.708+0000: 3655.873: [DefNew: 136640K->121K(153600K), 0.0017164 secs] 180172K->43654K(494976K), 0.0017741 secs] [Times: user=0.00 sys=0.01, real=0.00 secs] 
07:03:46.425 [Curator-PathChildrenCache-0] ERROR o.a.c.f.r.c.PathChildrenCache  - 
java.lang.IllegalStateException: instance must be started before calling this method
	at org.apache.curator.shaded.com.google.common.base.Preconditions.checkState(Preconditions.java:444)
	at org.apache.curator.framework.imps.CuratorFrameworkImpl.getChildren(CuratorFrameworkImpl.java:456)
	at org.apache.curator.framework.recipes.cache.PathChildrenCache.refresh(PathChildrenCache.java:521)
	at org.apache.curator.framework.recipes.cache.RefreshOperation.invoke(RefreshOperation.java:35)
	at org.apache.curator.framework.recipes.cache.PathChildrenCache$9.run(PathChildrenCache.java:786)
	at java.util.concurrent.Executors$RunnableAdapter.call(Executors.java:511)
	at java.util.concurrent.FutureTask.run(FutureTask.java:266)
	at java.util.concurrent.Executors$RunnableAdapter.call(Executors.java:511)
	at java.util.concurrent.FutureTask.run(FutureTask.java:266)
	at java.util.concurrent.ThreadPoolExecutor.runWorker(ThreadPoolExecutor.java:1149)
	at java.util.concurrent.ThreadPoolExecutor$Worker.run(ThreadPoolExecutor.java:624)
	at java.lang.Thread.run(Thread.java:748)
Heap
 def new generation   total 153600K, used 80555K [0x00000000e0c00000, 0x00000000eb2a0000, 0x00000000eb2a0000)
  eden space 136576K,  58% used [0x00000000e0c00000, 0x00000000e5a8c6f0, 0x00000000e9160000)
  from space 17024K,   0% used [0x00000000ea200000, 0x00000000ea21e5b8, 0x00000000eb2a0000)
  to   space 17024K,   0% used [0x00000000e9160000, 0x00000000e9160000, 0x00000000ea200000)
 tenured generation   total 341376K, used 43533K [0x00000000eb2a0000, 0x0000000100000000, 0x0000000100000000)
   the space 341376K,  12% used [0x00000000eb2a0000, 0x00000000edd23418, 0x00000000edd23600, 0x0000000100000000)
 Metaspace       used 36561K, capacity 37446K, committed 37632K, reserved 1081344K
  class space    used 4880K, capacity 5075K, committed 5120K, reserved 1048576K
