16:41:23,605 |-INFO in ch.qos.logback.classic.LoggerContext[default] - Could NOT find resource [logback-test.xml]
16:41:23,605 |-INFO in ch.qos.logback.classic.LoggerContext[default] - Could NOT find resource [logback.groovy]
16:41:23,605 |-INFO in ch.qos.logback.classic.LoggerContext[default] - Found resource [logback.xml] at [jar:file:/root/flamestream/lib/flamestream-runtime-1.0-SNAPSHOT.jar!/logback.xml]
16:41:23,605 |-WARN in ch.qos.logback.classic.LoggerContext[default] - Resource [logback.xml] occurs multiple times on the classpath.
16:41:23,605 |-WARN in ch.qos.logback.classic.LoggerContext[default] - Resource [logback.xml] occurs at [jar:file:/root/flamestream/lib/flamestream-runtime-1.0-SNAPSHOT.jar!/logback.xml]
16:41:23,605 |-WARN in ch.qos.logback.classic.LoggerContext[default] - Resource [logback.xml] occurs at [jar:file:/root/flamestream/flamestream-runtime-1.0-SNAPSHOT.jar!/logback.xml]
16:41:23,627 |-INFO in ch.qos.logback.core.joran.spi.ConfigurationWatchList@3fb6a447 - URL [jar:file:/root/flamestream/lib/flamestream-runtime-1.0-SNAPSHOT.jar!/logback.xml] is not of type file
16:41:23,698 |-INFO in ch.qos.logback.classic.joran.action.ConfigurationAction - debug attribute not set
16:41:23,699 |-INFO in ch.qos.logback.core.joran.action.AppenderAction - About to instantiate appender of type [ch.qos.logback.core.ConsoleAppender]
16:41:23,719 |-INFO in ch.qos.logback.core.joran.action.AppenderAction - Naming appender as [STDOUT]
16:41:23,731 |-INFO in ch.qos.logback.core.joran.action.NestedComplexPropertyIA - Assuming default type [ch.qos.logback.classic.encoder.PatternLayoutEncoder] for [encoder] property
16:41:23,819 |-INFO in ch.qos.logback.core.joran.action.AppenderAction - About to instantiate appender of type [ch.qos.logback.core.rolling.RollingFileAppender]
16:41:23,824 |-INFO in ch.qos.logback.core.joran.action.AppenderAction - Naming appender as [FILE]
16:41:23,854 |-INFO in c.q.l.core.rolling.TimeBasedRollingPolicy@127618319 - No compression will be used
16:41:23,855 |-INFO in c.q.l.core.rolling.TimeBasedRollingPolicy@127618319 - Will use the pattern /tmp/application_%d{yyyy-MM-dd}.%i.log for the active file
16:41:23,858 |-INFO in ch.qos.logback.core.rolling.SizeAndTimeBasedFNATP@6b2fad11 - The date pattern is 'yyyy-MM-dd' from file name pattern '/tmp/application_%d{yyyy-MM-dd}.%i.log'.
16:41:23,858 |-INFO in ch.qos.logback.core.rolling.SizeAndTimeBasedFNATP@6b2fad11 - Roll-over at midnight.
16:41:23,863 |-INFO in ch.qos.logback.core.rolling.SizeAndTimeBasedFNATP@6b2fad11 - Setting initial period to Mon Jun 10 16:40:00 UTC 2019
16:41:23,863 |-WARN in ch.qos.logback.core.rolling.SizeAndTimeBasedFNATP@6b2fad11 - SizeAndTimeBasedFNATP is deprecated. Use SizeAndTimeBasedRollingPolicy instead
16:41:23,863 |-WARN in ch.qos.logback.core.rolling.SizeAndTimeBasedFNATP@6b2fad11 - For more information see http://logback.qos.ch/manual/appenders.html#SizeAndTimeBasedRollingPolicy
16:41:23,866 |-INFO in ch.qos.logback.core.joran.action.NestedComplexPropertyIA - Assuming default type [ch.qos.logback.classic.encoder.PatternLayoutEncoder] for [encoder] property
16:41:23,871 |-INFO in ch.qos.logback.core.rolling.RollingFileAppender[FILE] - Active log file name: /tmp/application.log
16:41:23,871 |-INFO in ch.qos.logback.core.rolling.RollingFileAppender[FILE] - File property is set to [/tmp/application.log]
16:41:23,872 |-INFO in ch.qos.logback.classic.joran.action.RootLoggerAction - Setting level of ROOT logger to WARN
16:41:23,872 |-INFO in ch.qos.logback.core.joran.action.AppenderRefAction - Attaching appender named [STDOUT] to Logger[ROOT]
16:41:23,874 |-INFO in ch.qos.logback.core.joran.action.AppenderRefAction - Attaching appender named [FILE] to Logger[ROOT]
16:41:23,874 |-INFO in ch.qos.logback.classic.joran.action.ConfigurationAction - End of configuration.
16:41:23,875 |-INFO in ch.qos.logback.classic.joran.JoranConfigurator@79698539 - Registering current configuration as safe fallback point

Ama winner
Ama winner
2019-06-10T16:41:25.185+0000: 1.760: [Full GC (Metadata GC Threshold) 2019-06-10T16:41:25.185+0000: 1.760: [Tenured: 0K->15256K(341376K), 0.0349081 secs] 117814K->15256K(494976K), [Metaspace: 20728K->20728K(1067008K)], 0.0349763 secs] [Times: user=0.03 sys=0.01, real=0.04 secs] 
16:41:42.233 [Curator-PathChildrenCache-1] WARN  o.a.c.u.ZKPaths  - The version of ZooKeeper being used doesn't support Container nodes. CreateMode.PERSISTENT will be used instead.
2019-06-10T16:41:44.809+0000: 21.384: [GC (Allocation Failure) 2019-06-10T16:41:44.809+0000: 21.384: [DefNew: 136576K->17023K(153600K), 0.0256036 secs] 151832K->52667K(494976K), 0.0256732 secs] [Times: user=0.01 sys=0.01, real=0.03 secs] 
2019-06-10T16:41:46.894+0000: 23.469: [Full GC (Metadata GC Threshold) 2019-06-10T16:41:46.894+0000: 23.469: [Tenured: 35643K->44281K(341376K), 0.0478178 secs] 104942K->44281K(494976K), [Metaspace: 34531K->34531K(1079296K)], 0.0478948 secs] [Times: user=0.05 sys=0.00, real=0.04 secs] 
2019-06-10T16:41:53.077+0000: 29.652: [GC (Allocation Failure) 2019-06-10T16:41:53.077+0000: 29.652: [DefNew: 136576K->62K(153600K), 0.0018076 secs] 180857K->44343K(494976K), 0.0018663 secs] [Times: user=0.01 sys=0.00, real=0.00 secs] 
2019-06-10T16:41:59.179+0000: 35.754: [GC (Allocation Failure) 2019-06-10T16:41:59.179+0000: 35.754: [DefNew: 136638K->63K(153600K), 0.0016365 secs] 180919K->44344K(494976K), 0.0016983 secs] [Times: user=0.00 sys=0.00, real=0.00 secs] 
2019-06-10T16:42:05.432+0000: 42.006: [GC (Allocation Failure) 2019-06-10T16:42:05.432+0000: 42.006: [DefNew: 136639K->65K(153600K), 0.0016603 secs] 180920K->44346K(494976K), 0.0017328 secs] [Times: user=0.00 sys=0.00, real=0.00 secs] 
2019-06-10T16:42:11.704+0000: 48.278: [GC (Allocation Failure) 2019-06-10T16:42:11.704+0000: 48.278: [DefNew: 136641K->63K(153600K), 0.0016739 secs] 180922K->44345K(494976K), 0.0017524 secs] [Times: user=0.00 sys=0.00, real=0.00 secs] 
2019-06-10T16:42:20.404+0000: 56.979: [GC (Allocation Failure) 2019-06-10T16:42:20.404+0000: 56.979: [DefNew: 136639K->240K(153600K), 0.0020445 secs] 180921K->44522K(494976K), 0.0021083 secs] [Times: user=0.00 sys=0.00, real=0.00 secs] 
16:42:25.689 [Curator-PathChildrenCache-0] ERROR o.a.c.f.r.c.PathChildrenCache  - 
java.lang.IllegalStateException: instance must be started before calling this method
	at org.apache.curator.shaded.com.google.common.base.Preconditions.checkState(Preconditions.java:444)
	at org.apache.curator.framework.imps.CuratorFrameworkImpl.getChildren(CuratorFrameworkImpl.java:456)
	at org.apache.curator.framework.recipes.cache.PathChildrenCache.refresh(PathChildrenCache.java:521)
	at org.apache.curator.framework.recipes.cache.RefreshOperation.invoke(RefreshOperation.java:35)
	at org.apache.curator.framework.recipes.cache.PathChildrenCache$9.run(PathChildrenCache.java:786)
	at java.util.concurrent.Executors$RunnableAdapter.call(Executors.java:511)
	at java.util.concurrent.FutureTask.run(FutureTask.java:266)
	at java.util.concurrent.Executors$RunnableAdapter.call(Executors.java:511)
	at java.util.concurrent.FutureTask.run(FutureTask.java:266)
	at java.util.concurrent.ThreadPoolExecutor.runWorker(ThreadPoolExecutor.java:1149)
	at java.util.concurrent.ThreadPoolExecutor$Worker.run(ThreadPoolExecutor.java:624)
	at java.lang.Thread.run(Thread.java:748)
Heap
 def new generation   total 153600K, used 37923K [0x00000000e0c00000, 0x00000000eb2a0000, 0x00000000eb2a0000)
  eden space 136576K,  27% used [0x00000000e0c00000, 0x00000000e30cc988, 0x00000000e9160000)
  from space 17024K,   1% used [0x00000000e9160000, 0x00000000e919c330, 0x00000000ea200000)
  to   space 17024K,   0% used [0x00000000ea200000, 0x00000000ea200000, 0x00000000eb2a0000)
 tenured generation   total 341376K, used 44281K [0x00000000eb2a0000, 0x0000000100000000, 0x0000000100000000)
   the space 341376K,  12% used [0x00000000eb2a0000, 0x00000000eddde570, 0x00000000eddde600, 0x0000000100000000)
 Metaspace       used 36017K, capacity 36896K, committed 37120K, reserved 1081344K
  class space    used 4848K, capacity 5042K, committed 5120K, reserved 1048576K
