13:14:51,046 |-INFO in ch.qos.logback.classic.LoggerContext[default] - Could NOT find resource [logback-test.xml]
13:14:51,046 |-INFO in ch.qos.logback.classic.LoggerContext[default] - Could NOT find resource [logback.groovy]
13:14:51,046 |-INFO in ch.qos.logback.classic.LoggerContext[default] - Found resource [logback.xml] at [jar:file:/root/flamestream/lib/flamestream-runtime-1.0-SNAPSHOT.jar!/logback.xml]
13:14:51,047 |-WARN in ch.qos.logback.classic.LoggerContext[default] - Resource [logback.xml] occurs multiple times on the classpath.
13:14:51,047 |-WARN in ch.qos.logback.classic.LoggerContext[default] - Resource [logback.xml] occurs at [jar:file:/root/flamestream/lib/flamestream-runtime-1.0-SNAPSHOT.jar!/logback.xml]
13:14:51,047 |-WARN in ch.qos.logback.classic.LoggerContext[default] - Resource [logback.xml] occurs at [jar:file:/root/flamestream/flamestream-runtime-1.0-SNAPSHOT.jar!/logback.xml]
13:14:51,070 |-INFO in ch.qos.logback.core.joran.spi.ConfigurationWatchList@3fb6a447 - URL [jar:file:/root/flamestream/lib/flamestream-runtime-1.0-SNAPSHOT.jar!/logback.xml] is not of type file
13:14:51,138 |-INFO in ch.qos.logback.classic.joran.action.ConfigurationAction - debug attribute not set
13:14:51,139 |-INFO in ch.qos.logback.core.joran.action.AppenderAction - About to instantiate appender of type [ch.qos.logback.core.ConsoleAppender]
13:14:51,155 |-INFO in ch.qos.logback.core.joran.action.AppenderAction - Naming appender as [STDOUT]
13:14:51,173 |-INFO in ch.qos.logback.core.joran.action.NestedComplexPropertyIA - Assuming default type [ch.qos.logback.classic.encoder.PatternLayoutEncoder] for [encoder] property
13:14:51,256 |-INFO in ch.qos.logback.core.joran.action.AppenderAction - About to instantiate appender of type [ch.qos.logback.core.rolling.RollingFileAppender]
13:14:51,261 |-INFO in ch.qos.logback.core.joran.action.AppenderAction - Naming appender as [FILE]
13:14:51,291 |-INFO in c.q.l.core.rolling.TimeBasedRollingPolicy@127618319 - No compression will be used
13:14:51,292 |-INFO in c.q.l.core.rolling.TimeBasedRollingPolicy@127618319 - Will use the pattern /tmp/application_%d{yyyy-MM-dd}.%i.log for the active file
13:14:51,295 |-INFO in ch.qos.logback.core.rolling.SizeAndTimeBasedFNATP@6b2fad11 - The date pattern is 'yyyy-MM-dd' from file name pattern '/tmp/application_%d{yyyy-MM-dd}.%i.log'.
13:14:51,295 |-INFO in ch.qos.logback.core.rolling.SizeAndTimeBasedFNATP@6b2fad11 - Roll-over at midnight.
13:14:51,301 |-INFO in ch.qos.logback.core.rolling.SizeAndTimeBasedFNATP@6b2fad11 - Setting initial period to Mon Jun 10 13:13:31 UTC 2019
13:14:51,301 |-WARN in ch.qos.logback.core.rolling.SizeAndTimeBasedFNATP@6b2fad11 - SizeAndTimeBasedFNATP is deprecated. Use SizeAndTimeBasedRollingPolicy instead
13:14:51,301 |-WARN in ch.qos.logback.core.rolling.SizeAndTimeBasedFNATP@6b2fad11 - For more information see http://logback.qos.ch/manual/appenders.html#SizeAndTimeBasedRollingPolicy
13:14:51,304 |-INFO in ch.qos.logback.core.joran.action.NestedComplexPropertyIA - Assuming default type [ch.qos.logback.classic.encoder.PatternLayoutEncoder] for [encoder] property
13:14:51,309 |-INFO in ch.qos.logback.core.rolling.RollingFileAppender[FILE] - Active log file name: /tmp/application.log
13:14:51,309 |-INFO in ch.qos.logback.core.rolling.RollingFileAppender[FILE] - File property is set to [/tmp/application.log]
13:14:51,310 |-INFO in ch.qos.logback.classic.joran.action.RootLoggerAction - Setting level of ROOT logger to WARN
13:14:51,310 |-INFO in ch.qos.logback.core.joran.action.AppenderRefAction - Attaching appender named [STDOUT] to Logger[ROOT]
13:14:51,312 |-INFO in ch.qos.logback.core.joran.action.AppenderRefAction - Attaching appender named [FILE] to Logger[ROOT]
13:14:51,312 |-INFO in ch.qos.logback.classic.joran.action.ConfigurationAction - End of configuration.
13:14:51,313 |-INFO in ch.qos.logback.classic.joran.JoranConfigurator@79698539 - Registering current configuration as safe fallback point

Ama winner
Ama winner
2019-06-10T13:14:52.599+0000: 1.735: [Full GC (Metadata GC Threshold) 2019-06-10T13:14:52.599+0000: 1.735: [Tenured: 0K->15143K(341376K), 0.0350194 secs] 114987K->15143K(494976K), [Metaspace: 20731K->20731K(1067008K)], 0.0350857 secs] [Times: user=0.03 sys=0.00, real=0.03 secs] 
13:15:12.398 [Curator-PathChildrenCache-1] WARN  o.a.c.u.ZKPaths  - The version of ZooKeeper being used doesn't support Container nodes. CreateMode.PERSISTENT will be used instead.
2019-06-10T13:15:14.773+0000: 23.909: [GC (Allocation Failure) 2019-06-10T13:15:14.773+0000: 23.909: [DefNew: 136576K->17023K(153600K), 0.0285918 secs] 151719K->52434K(494976K), 0.0286715 secs] [Times: user=0.03 sys=0.00, real=0.03 secs] 
2019-06-10T13:15:16.065+0000: 25.202: [Full GC (Metadata GC Threshold) 2019-06-10T13:15:16.065+0000: 25.202: [Tenured: 35410K->44142K(341376K), 0.0387186 secs] 79494K->44142K(494976K), [Metaspace: 34598K->34598K(1079296K)], 0.0387940 secs] [Times: user=0.03 sys=0.01, real=0.04 secs] 
2019-06-10T13:15:24.820+0000: 33.957: [GC (Allocation Failure) 2019-06-10T13:15:24.820+0000: 33.957: [DefNew: 136576K->78K(153600K), 0.0018781 secs] 180718K->44221K(494976K), 0.0019394 secs] [Times: user=0.01 sys=0.00, real=0.00 secs] 
2019-06-10T13:15:33.658+0000: 42.795: [GC (Allocation Failure) 2019-06-10T13:15:33.658+0000: 42.795: [DefNew: 136654K->69K(153600K), 0.0016969 secs] 180797K->44212K(494976K), 0.0017558 secs] [Times: user=0.01 sys=0.00, real=0.00 secs] 
2019-06-10T13:15:42.582+0000: 51.718: [GC (Allocation Failure) 2019-06-10T13:15:42.582+0000: 51.718: [DefNew: 136645K->77K(153600K), 0.0017798 secs] 180788K->44220K(494976K), 0.0018398 secs] [Times: user=0.00 sys=0.00, real=0.00 secs] 
2019-06-10T13:15:51.461+0000: 60.598: [GC (Allocation Failure) 2019-06-10T13:15:51.461+0000: 60.598: [DefNew: 136653K->232K(153600K), 0.0020735 secs] 180796K->44375K(494976K), 0.0021321 secs] [Times: user=0.00 sys=0.00, real=0.00 secs] 
2019-06-10T13:16:01.944+0000: 71.081: [GC (Allocation Failure) 2019-06-10T13:16:01.944+0000: 71.081: [DefNew: 136808K->280K(153600K), 0.0022200 secs] 180951K->44423K(494976K), 0.0022841 secs] [Times: user=0.00 sys=0.00, real=0.00 secs] 
2019-06-10T13:16:15.545+0000: 84.681: [GC (Allocation Failure) 2019-06-10T13:16:15.545+0000: 84.681: [DefNew: 136856K->163K(153600K), 0.0021169 secs] 180999K->44306K(494976K), 0.0021756 secs] [Times: user=0.01 sys=0.00, real=0.00 secs] 
13:16:23.658 [Curator-PathChildrenCache-0] ERROR o.a.c.f.r.c.PathChildrenCache  - 
java.lang.IllegalStateException: instance must be started before calling this method
	at org.apache.curator.shaded.com.google.common.base.Preconditions.checkState(Preconditions.java:444)
	at org.apache.curator.framework.imps.CuratorFrameworkImpl.getChildren(CuratorFrameworkImpl.java:456)
	at org.apache.curator.framework.recipes.cache.PathChildrenCache.refresh(PathChildrenCache.java:521)
	at org.apache.curator.framework.recipes.cache.RefreshOperation.invoke(RefreshOperation.java:35)
	at org.apache.curator.framework.recipes.cache.PathChildrenCache$9.run(PathChildrenCache.java:786)
	at java.util.concurrent.Executors$RunnableAdapter.call(Executors.java:511)
	at java.util.concurrent.FutureTask.run(FutureTask.java:266)
	at java.util.concurrent.Executors$RunnableAdapter.call(Executors.java:511)
	at java.util.concurrent.FutureTask.run(FutureTask.java:266)
	at java.util.concurrent.ThreadPoolExecutor.runWorker(ThreadPoolExecutor.java:1149)
	at java.util.concurrent.ThreadPoolExecutor$Worker.run(ThreadPoolExecutor.java:624)
	at java.lang.Thread.run(Thread.java:748)
Heap
 def new generation   total 153600K, used 39855K [0x00000000e0c00000, 0x00000000eb2a0000, 0x00000000eb2a0000)
  eden space 136576K,  29% used [0x00000000e0c00000, 0x00000000e32c2f78, 0x00000000e9160000)
  from space 17024K,   0% used [0x00000000ea200000, 0x00000000ea228e78, 0x00000000eb2a0000)
  to   space 17024K,   0% used [0x00000000e9160000, 0x00000000e9160000, 0x00000000ea200000)
 tenured generation   total 341376K, used 44142K [0x00000000eb2a0000, 0x0000000100000000, 0x0000000100000000)
   the space 341376K,  12% used [0x00000000eb2a0000, 0x00000000eddbbb28, 0x00000000eddbbc00, 0x0000000100000000)
 Metaspace       used 36192K, capacity 37062K, committed 37376K, reserved 1081344K
  class space    used 4880K, capacity 5085K, committed 5120K, reserved 1048576K
