17:35:10,860 |-INFO in ch.qos.logback.classic.LoggerContext[default] - Could NOT find resource [logback-test.xml]
17:35:10,860 |-INFO in ch.qos.logback.classic.LoggerContext[default] - Could NOT find resource [logback.groovy]
17:35:10,860 |-INFO in ch.qos.logback.classic.LoggerContext[default] - Found resource [logback.xml] at [jar:file:/root/flamestream/lib/flamestream-runtime-1.0-SNAPSHOT.jar!/logback.xml]
17:35:10,861 |-WARN in ch.qos.logback.classic.LoggerContext[default] - Resource [logback.xml] occurs multiple times on the classpath.
17:35:10,861 |-WARN in ch.qos.logback.classic.LoggerContext[default] - Resource [logback.xml] occurs at [jar:file:/root/flamestream/lib/flamestream-runtime-1.0-SNAPSHOT.jar!/logback.xml]
17:35:10,861 |-WARN in ch.qos.logback.classic.LoggerContext[default] - Resource [logback.xml] occurs at [jar:file:/root/flamestream/flamestream-runtime-1.0-SNAPSHOT.jar!/logback.xml]
17:35:10,881 |-INFO in ch.qos.logback.core.joran.spi.ConfigurationWatchList@3fb6a447 - URL [jar:file:/root/flamestream/lib/flamestream-runtime-1.0-SNAPSHOT.jar!/logback.xml] is not of type file
17:35:10,951 |-INFO in ch.qos.logback.classic.joran.action.ConfigurationAction - debug attribute not set
17:35:10,952 |-INFO in ch.qos.logback.core.joran.action.AppenderAction - About to instantiate appender of type [ch.qos.logback.core.ConsoleAppender]
17:35:10,973 |-INFO in ch.qos.logback.core.joran.action.AppenderAction - Naming appender as [STDOUT]
17:35:10,988 |-INFO in ch.qos.logback.core.joran.action.NestedComplexPropertyIA - Assuming default type [ch.qos.logback.classic.encoder.PatternLayoutEncoder] for [encoder] property
17:35:11,077 |-INFO in ch.qos.logback.core.joran.action.AppenderAction - About to instantiate appender of type [ch.qos.logback.core.rolling.RollingFileAppender]
17:35:11,082 |-INFO in ch.qos.logback.core.joran.action.AppenderAction - Naming appender as [FILE]
17:35:11,114 |-INFO in c.q.l.core.rolling.TimeBasedRollingPolicy@127618319 - No compression will be used
17:35:11,115 |-INFO in c.q.l.core.rolling.TimeBasedRollingPolicy@127618319 - Will use the pattern /tmp/application_%d{yyyy-MM-dd}.%i.log for the active file
17:35:11,118 |-INFO in ch.qos.logback.core.rolling.SizeAndTimeBasedFNATP@6b2fad11 - The date pattern is 'yyyy-MM-dd' from file name pattern '/tmp/application_%d{yyyy-MM-dd}.%i.log'.
17:35:11,118 |-INFO in ch.qos.logback.core.rolling.SizeAndTimeBasedFNATP@6b2fad11 - Roll-over at midnight.
17:35:11,123 |-INFO in ch.qos.logback.core.rolling.SizeAndTimeBasedFNATP@6b2fad11 - Setting initial period to Mon Jun 10 17:33:41 UTC 2019
17:35:11,123 |-WARN in ch.qos.logback.core.rolling.SizeAndTimeBasedFNATP@6b2fad11 - SizeAndTimeBasedFNATP is deprecated. Use SizeAndTimeBasedRollingPolicy instead
17:35:11,123 |-WARN in ch.qos.logback.core.rolling.SizeAndTimeBasedFNATP@6b2fad11 - For more information see http://logback.qos.ch/manual/appenders.html#SizeAndTimeBasedRollingPolicy
17:35:11,127 |-INFO in ch.qos.logback.core.joran.action.NestedComplexPropertyIA - Assuming default type [ch.qos.logback.classic.encoder.PatternLayoutEncoder] for [encoder] property
17:35:11,132 |-INFO in ch.qos.logback.core.rolling.RollingFileAppender[FILE] - Active log file name: /tmp/application.log
17:35:11,132 |-INFO in ch.qos.logback.core.rolling.RollingFileAppender[FILE] - File property is set to [/tmp/application.log]
17:35:11,133 |-INFO in ch.qos.logback.classic.joran.action.RootLoggerAction - Setting level of ROOT logger to WARN
17:35:11,133 |-INFO in ch.qos.logback.core.joran.action.AppenderRefAction - Attaching appender named [STDOUT] to Logger[ROOT]
17:35:11,135 |-INFO in ch.qos.logback.core.joran.action.AppenderRefAction - Attaching appender named [FILE] to Logger[ROOT]
17:35:11,135 |-INFO in ch.qos.logback.classic.joran.action.ConfigurationAction - End of configuration.
17:35:11,136 |-INFO in ch.qos.logback.classic.joran.JoranConfigurator@79698539 - Registering current configuration as safe fallback point

Ama winner
Ama winner
2019-06-10T17:35:12.448+0000: 1.776: [Full GC (Metadata GC Threshold) 2019-06-10T17:35:12.448+0000: 1.776: [Tenured: 0K->15176K(341376K), 0.0401415 secs] 114924K->15176K(494976K), [Metaspace: 20740K->20740K(1067008K)], 0.0402085 secs] [Times: user=0.04 sys=0.00, real=0.04 secs] 
17:35:24.760 [Curator-PathChildrenCache-1] WARN  o.a.c.u.ZKPaths  - The version of ZooKeeper being used doesn't support Container nodes. CreateMode.PERSISTENT will be used instead.
2019-06-10T17:35:26.733+0000: 16.061: [GC (Allocation Failure) 2019-06-10T17:35:26.733+0000: 16.061: [DefNew: 136576K->17024K(153600K), 0.0244336 secs] 151752K->52203K(494976K), 0.0245162 secs] [Times: user=0.02 sys=0.01, real=0.03 secs] 
2019-06-10T17:35:32.240+0000: 21.568: [Full GC (Metadata GC Threshold) 2019-06-10T17:35:32.240+0000: 21.568: [Tenured: 35179K->43789K(341376K), 0.0633716 secs] 153837K->43789K(494976K), [Metaspace: 34573K->34573K(1079296K)], 0.0634679 secs] [Times: user=0.06 sys=0.00, real=0.06 secs] 
2019-06-10T17:35:39.423+0000: 28.751: [GC (Allocation Failure) 2019-06-10T17:35:39.423+0000: 28.751: [DefNew: 136576K->53K(153600K), 0.0018104 secs] 180365K->43843K(494976K), 0.0018826 secs] [Times: user=0.00 sys=0.00, real=0.01 secs] 
2019-06-10T17:35:46.618+0000: 35.946: [GC (Allocation Failure) 2019-06-10T17:35:46.618+0000: 35.946: [DefNew: 136629K->50K(153600K), 0.0017105 secs] 180419K->43839K(494976K), 0.0017895 secs] [Times: user=0.00 sys=0.00, real=0.00 secs] 
2019-06-10T17:35:53.813+0000: 43.141: [GC (Allocation Failure) 2019-06-10T17:35:53.813+0000: 43.141: [DefNew: 136626K->52K(153600K), 0.0016998 secs] 180415K->43841K(494976K), 0.0017687 secs] [Times: user=0.00 sys=0.00, real=0.00 secs] 
2019-06-10T17:36:01.027+0000: 50.356: [GC (Allocation Failure) 2019-06-10T17:36:01.027+0000: 50.356: [DefNew: 136628K->53K(153600K), 0.0016679 secs] 180417K->43843K(494976K), 0.0017289 secs] [Times: user=0.01 sys=0.00, real=0.00 secs] 
2019-06-10T17:36:09.903+0000: 59.231: [GC (Allocation Failure) 2019-06-10T17:36:09.903+0000: 59.231: [DefNew: 136629K->53K(153600K), 0.0018241 secs] 180419K->43843K(494976K), 0.0018890 secs] [Times: user=0.00 sys=0.00, real=0.01 secs] 
17:36:14.643 [Curator-PathChildrenCache-0] ERROR o.a.c.f.r.c.PathChildrenCache  - 
java.lang.IllegalStateException: instance must be started before calling this method
	at org.apache.curator.shaded.com.google.common.base.Preconditions.checkState(Preconditions.java:444)
	at org.apache.curator.framework.imps.CuratorFrameworkImpl.getChildren(CuratorFrameworkImpl.java:456)
	at org.apache.curator.framework.recipes.cache.PathChildrenCache.refresh(PathChildrenCache.java:521)
	at org.apache.curator.framework.recipes.cache.RefreshOperation.invoke(RefreshOperation.java:35)
	at org.apache.curator.framework.recipes.cache.PathChildrenCache$9.run(PathChildrenCache.java:786)
	at java.util.concurrent.Executors$RunnableAdapter.call(Executors.java:511)
	at java.util.concurrent.FutureTask.run(FutureTask.java:266)
	at java.util.concurrent.Executors$RunnableAdapter.call(Executors.java:511)
	at java.util.concurrent.FutureTask.run(FutureTask.java:266)
	at java.util.concurrent.ThreadPoolExecutor.runWorker(ThreadPoolExecutor.java:1149)
	at java.util.concurrent.ThreadPoolExecutor$Worker.run(ThreadPoolExecutor.java:624)
	at java.lang.Thread.run(Thread.java:748)
Heap
 def new generation   total 153600K, used 40204K [0x00000000e0c00000, 0x00000000eb2a0000, 0x00000000eb2a0000)
  eden space 136576K,  29% used [0x00000000e0c00000, 0x00000000e3335b08, 0x00000000e9160000)
  from space 17024K,   0% used [0x00000000e9160000, 0x00000000e916d7f0, 0x00000000ea200000)
  to   space 17024K,   0% used [0x00000000ea200000, 0x00000000ea200000, 0x00000000eb2a0000)
 tenured generation   total 341376K, used 43789K [0x00000000eb2a0000, 0x0000000100000000, 0x0000000100000000)
   the space 341376K,  12% used [0x00000000eb2a0000, 0x00000000edd63700, 0x00000000edd63800, 0x0000000100000000)
 Metaspace       used 36027K, capacity 36922K, committed 37120K, reserved 1081344K
  class space    used 4856K, capacity 5073K, committed 5120K, reserved 1048576K
