17:54:31,660 |-INFO in ch.qos.logback.classic.LoggerContext[default] - Could NOT find resource [logback-test.xml]
17:54:31,661 |-INFO in ch.qos.logback.classic.LoggerContext[default] - Could NOT find resource [logback.groovy]
17:54:31,661 |-INFO in ch.qos.logback.classic.LoggerContext[default] - Found resource [logback.xml] at [jar:file:/home/nikitasokolov/flamestream/lib/flamestream-runtime-1.0-SNAPSHOT.jar!/logback.xml]
17:54:31,661 |-WARN in ch.qos.logback.classic.LoggerContext[default] - Resource [logback.xml] occurs multiple times on the classpath.
17:54:31,662 |-WARN in ch.qos.logback.classic.LoggerContext[default] - Resource [logback.xml] occurs at [jar:file:/home/nikitasokolov/flamestream/lib/flamestream-runtime-1.0-SNAPSHOT.jar!/logback.xml]
17:54:31,662 |-WARN in ch.qos.logback.classic.LoggerContext[default] - Resource [logback.xml] occurs at [jar:file:/home/nikitasokolov/flamestream/flamestream-runtime-1.0-SNAPSHOT.jar!/logback.xml]
17:54:31,678 |-INFO in ch.qos.logback.core.joran.spi.ConfigurationWatchList@2f7a2457 - URL [jar:file:/home/nikitasokolov/flamestream/lib/flamestream-runtime-1.0-SNAPSHOT.jar!/logback.xml] is not of type file
17:54:31,729 |-INFO in ch.qos.logback.classic.joran.action.ConfigurationAction - debug attribute not set
17:54:31,729 |-INFO in ch.qos.logback.core.joran.action.AppenderAction - About to instantiate appender of type [ch.qos.logback.core.ConsoleAppender]
17:54:31,737 |-INFO in ch.qos.logback.core.joran.action.AppenderAction - Naming appender as [STDOUT]
17:54:31,745 |-INFO in ch.qos.logback.core.joran.action.NestedComplexPropertyIA - Assuming default type [ch.qos.logback.classic.encoder.PatternLayoutEncoder] for [encoder] property
17:54:31,799 |-INFO in ch.qos.logback.core.joran.action.AppenderAction - About to instantiate appender of type [ch.qos.logback.core.rolling.RollingFileAppender]
17:54:31,805 |-INFO in ch.qos.logback.core.joran.action.AppenderAction - Naming appender as [FILE]
17:54:31,826 |-INFO in c.q.l.core.rolling.TimeBasedRollingPolicy@1449621165 - No compression will be used
17:54:31,827 |-INFO in c.q.l.core.rolling.TimeBasedRollingPolicy@1449621165 - Will use the pattern /tmp/application_%d{yyyy-MM-dd}.%i.log for the active file
17:54:31,830 |-INFO in ch.qos.logback.core.rolling.SizeAndTimeBasedFNATP@6108b2d7 - The date pattern is 'yyyy-MM-dd' from file name pattern '/tmp/application_%d{yyyy-MM-dd}.%i.log'.
17:54:31,830 |-INFO in ch.qos.logback.core.rolling.SizeAndTimeBasedFNATP@6108b2d7 - Roll-over at midnight.
17:54:31,834 |-INFO in ch.qos.logback.core.rolling.SizeAndTimeBasedFNATP@6108b2d7 - Setting initial period to Wed May 29 17:53:24 MSK 2019
17:54:31,834 |-WARN in ch.qos.logback.core.rolling.SizeAndTimeBasedFNATP@6108b2d7 - SizeAndTimeBasedFNATP is deprecated. Use SizeAndTimeBasedRollingPolicy instead
17:54:31,834 |-WARN in ch.qos.logback.core.rolling.SizeAndTimeBasedFNATP@6108b2d7 - For more information see http://logback.qos.ch/manual/appenders.html#SizeAndTimeBasedRollingPolicy
17:54:31,838 |-INFO in ch.qos.logback.core.joran.action.NestedComplexPropertyIA - Assuming default type [ch.qos.logback.classic.encoder.PatternLayoutEncoder] for [encoder] property
17:54:31,840 |-INFO in ch.qos.logback.core.rolling.RollingFileAppender[FILE] - Active log file name: /tmp/application.log
17:54:31,841 |-INFO in ch.qos.logback.core.rolling.RollingFileAppender[FILE] - File property is set to [/tmp/application.log]
17:54:31,842 |-INFO in ch.qos.logback.classic.joran.action.RootLoggerAction - Setting level of ROOT logger to WARN
17:54:31,842 |-INFO in ch.qos.logback.core.joran.action.AppenderRefAction - Attaching appender named [STDOUT] to Logger[ROOT]
17:54:31,842 |-INFO in ch.qos.logback.core.joran.action.AppenderRefAction - Attaching appender named [FILE] to Logger[ROOT]
17:54:31,842 |-INFO in ch.qos.logback.classic.joran.action.ConfigurationAction - End of configuration.
17:54:31,843 |-INFO in ch.qos.logback.classic.joran.JoranConfigurator@1554909b - Registering current configuration as safe fallback point

2019-05-29T17:54:32.829+0300: 1.377: [GC (Metadata GC Threshold) [PSYoungGen: 110652K->15918K(149504K)] 110652K->15998K(491008K), 0.0267174 secs] [Times: user=0.10 sys=0.03, real=0.03 secs] 
2019-05-29T17:54:32.856+0300: 1.403: [Full GC (Metadata GC Threshold) [PSYoungGen: 15918K->0K(149504K)] [ParOldGen: 80K->15081K(341504K)] 15998K->15081K(491008K), [Metaspace: 20810K->20810K(1067008K)], 0.0295071 secs] [Times: user=0.18 sys=0.01, real=0.03 secs] 
17:54:41.882 [Curator-PathChildrenCache-2] WARN  o.a.c.u.ZKPaths  - The version of ZooKeeper being used doesn't support Container nodes. CreateMode.PERSISTENT will be used instead.
2019-05-29T17:54:42.904+0300: 11.452: [GC (Metadata GC Threshold) [PSYoungGen: 127527K->16937K(149504K)] 142608K->51558K(491008K), 0.0298106 secs] [Times: user=0.24 sys=0.02, real=0.03 secs] 
2019-05-29T17:54:42.934+0300: 11.482: [Full GC (Metadata GC Threshold) [PSYoungGen: 16937K->0K(149504K)] [ParOldGen: 34620K->40006K(341504K)] 51558K->40006K(491008K), [Metaspace: 34444K->34440K(1079296K)], 0.0377972 secs] [Times: user=0.21 sys=0.01, real=0.04 secs] 
2019-05-29T17:55:01.093+0300: 29.640: [GC (Allocation Failure) [PSYoungGen: 128512K->736K(149504K)] 168518K->40750K(491008K), 0.0074811 secs] [Times: user=0.04 sys=0.03, real=0.01 secs] 
2019-05-29T17:55:20.552+0300: 49.099: [GC (Allocation Failure) [PSYoungGen: 129248K->768K(149504K)] 169262K->40790K(491008K), 0.0040171 secs] [Times: user=0.02 sys=0.00, real=0.00 secs] 
2019-05-29T17:55:40.967+0300: 69.515: [GC (Allocation Failure) [PSYoungGen: 129280K->1120K(130048K)] 169302K->41150K(471552K), 0.0047292 secs] [Times: user=0.03 sys=0.00, real=0.01 secs] 
2019-05-29T17:56:07.396+0300: 95.944: [GC (Allocation Failure) [PSYoungGen: 129632K->832K(148992K)] 169662K->40870K(490496K), 0.0055013 secs] [Times: user=0.03 sys=0.01, real=0.01 secs] 
2019-05-29T17:56:32.745+0300: 121.293: [GC (Allocation Failure) [PSYoungGen: 127808K->928K(148480K)] 167846K->40974K(489984K), 0.0034712 secs] [Times: user=0.02 sys=0.00, real=0.00 secs] 
2019-05-29T17:57:00.085+0300: 148.633: [GC (Allocation Failure) [PSYoungGen: 127904K->864K(151040K)] 167950K->40918K(492544K), 0.0033578 secs] [Times: user=0.01 sys=0.00, real=0.00 secs] 
2019-05-29T17:57:25.429+0300: 173.977: [GC (Allocation Failure) [PSYoungGen: 131424K->896K(150016K)] 171478K->40958K(491520K), 0.0026883 secs] [Times: user=0.02 sys=0.00, real=0.01 secs] 
2019-05-29T17:57:52.874+0300: 201.421: [GC (Allocation Failure) [PSYoungGen: 131456K->800K(152576K)] 171518K->40870K(494080K), 0.0029583 secs] [Times: user=0.02 sys=0.00, real=0.00 secs] 
2019-05-29T17:58:16.808+0300: 225.355: [GC (Allocation Failure) [PSYoungGen: 134432K->768K(151552K)] 174502K->40846K(493056K), 0.0046208 secs] [Times: user=0.03 sys=0.00, real=0.01 secs] 
2019-05-29T17:58:43.478+0300: 252.026: [GC (Allocation Failure) [PSYoungGen: 134400K->864K(154112K)] 174478K->40942K(495616K), 0.0030354 secs] [Times: user=0.01 sys=0.00, real=0.00 secs] 
2019-05-29T17:59:09.034+0300: 277.581: [GC (Allocation Failure) [PSYoungGen: 138080K->800K(153600K)] 178158K->40878K(495104K), 0.0030839 secs] [Times: user=0.01 sys=0.00, real=0.00 secs] 
2019-05-29T17:59:35.248+0300: 303.795: [GC (Allocation Failure) [PSYoungGen: 138016K->832K(155648K)] 178094K->40910K(497152K), 0.0025518 secs] [Times: user=0.01 sys=0.00, real=0.01 secs] 
2019-05-29T18:00:07.346+0300: 335.894: [GC (Allocation Failure) [PSYoungGen: 141120K->864K(155136K)] 181198K->40950K(496640K), 0.0029733 secs] [Times: user=0.01 sys=0.00, real=0.00 secs] 
2019-05-29T18:00:38.694+0300: 367.242: [GC (Allocation Failure) [PSYoungGen: 141152K->832K(157184K)] 181238K->40918K(498688K), 0.0028566 secs] [Times: user=0.01 sys=0.00, real=0.00 secs] 
2019-05-29T18:01:06.546+0300: 395.093: [GC (Allocation Failure) [PSYoungGen: 144192K->928K(156672K)] 184278K->41022K(498176K), 0.0097297 secs] [Times: user=0.09 sys=0.01, real=0.01 secs] 
2019-05-29T18:01:42.102+0300: 430.650: [GC (Allocation Failure) [PSYoungGen: 144288K->544K(158720K)] 184382K->41142K(500224K), 0.0044390 secs] [Times: user=0.03 sys=0.01, real=0.00 secs] 
18:01:42.145 [Curator-PathChildrenCache-0] ERROR o.a.c.f.r.c.PathChildrenCache  - 
java.lang.IllegalStateException: instance must be started before calling this method
	at org.apache.curator.shaded.com.google.common.base.Preconditions.checkState(Preconditions.java:444)
	at org.apache.curator.framework.imps.CuratorFrameworkImpl.getChildren(CuratorFrameworkImpl.java:456)
	at org.apache.curator.framework.recipes.cache.PathChildrenCache.refresh(PathChildrenCache.java:521)
	at org.apache.curator.framework.recipes.cache.RefreshOperation.invoke(RefreshOperation.java:35)
	at org.apache.curator.framework.recipes.cache.PathChildrenCache$9.run(PathChildrenCache.java:786)
	at java.util.concurrent.Executors$RunnableAdapter.call(Executors.java:511)
	at java.util.concurrent.FutureTask.run(FutureTask.java:266)
	at java.util.concurrent.Executors$RunnableAdapter.call(Executors.java:511)
	at java.util.concurrent.FutureTask.run(FutureTask.java:266)
	at java.util.concurrent.ThreadPoolExecutor.runWorker(ThreadPoolExecutor.java:1149)
	at java.util.concurrent.ThreadPoolExecutor$Worker.run(ThreadPoolExecutor.java:624)
	at java.lang.Thread.run(Thread.java:748)
Heap
 PSYoungGen      total 158720K, used 12220K [0x00000000f5980000, 0x0000000100000000, 0x0000000100000000)
  eden space 146432K, 7% used [0x00000000f5980000,0x00000000f64e7208,0x00000000fe880000)
  from space 12288K, 4% used [0x00000000ff400000,0x00000000ff488040,0x0000000100000000)
  to   space 11776K, 0% used [0x00000000fe880000,0x00000000fe880000,0x00000000ff400000)
 ParOldGen       total 341504K, used 40598K [0x00000000e0c00000, 0x00000000f5980000, 0x00000000f5980000)
  object space 341504K, 11% used [0x00000000e0c00000,0x00000000e33a58c8,0x00000000f5980000)
 Metaspace       used 36727K, capacity 37691K, committed 37976K, reserved 1081344K
  class space    used 5023K, capacity 5226K, committed 5248K, reserved 1048576K
