19:25:38,003 |-INFO in ch.qos.logback.classic.LoggerContext[default] - Could NOT find resource [logback-test.xml]
19:25:38,003 |-INFO in ch.qos.logback.classic.LoggerContext[default] - Could NOT find resource [logback.groovy]
19:25:38,004 |-INFO in ch.qos.logback.classic.LoggerContext[default] - Found resource [logback.xml] at [jar:file:/root/flamestream/lib/flamestream-runtime-1.0-SNAPSHOT.jar!/logback.xml]
19:25:38,004 |-WARN in ch.qos.logback.classic.LoggerContext[default] - Resource [logback.xml] occurs multiple times on the classpath.
19:25:38,004 |-WARN in ch.qos.logback.classic.LoggerContext[default] - Resource [logback.xml] occurs at [jar:file:/root/flamestream/lib/flamestream-runtime-1.0-SNAPSHOT.jar!/logback.xml]
19:25:38,004 |-WARN in ch.qos.logback.classic.LoggerContext[default] - Resource [logback.xml] occurs at [jar:file:/root/flamestream/flamestream-runtime-1.0-SNAPSHOT.jar!/logback.xml]
19:25:38,024 |-INFO in ch.qos.logback.core.joran.spi.ConfigurationWatchList@3fb6a447 - URL [jar:file:/root/flamestream/lib/flamestream-runtime-1.0-SNAPSHOT.jar!/logback.xml] is not of type file
19:25:38,091 |-INFO in ch.qos.logback.classic.joran.action.ConfigurationAction - debug attribute not set
19:25:38,092 |-INFO in ch.qos.logback.core.joran.action.AppenderAction - About to instantiate appender of type [ch.qos.logback.core.ConsoleAppender]
19:25:38,108 |-INFO in ch.qos.logback.core.joran.action.AppenderAction - Naming appender as [STDOUT]
19:25:38,126 |-INFO in ch.qos.logback.core.joran.action.NestedComplexPropertyIA - Assuming default type [ch.qos.logback.classic.encoder.PatternLayoutEncoder] for [encoder] property
19:25:38,212 |-INFO in ch.qos.logback.core.joran.action.AppenderAction - About to instantiate appender of type [ch.qos.logback.core.rolling.RollingFileAppender]
19:25:38,217 |-INFO in ch.qos.logback.core.joran.action.AppenderAction - Naming appender as [FILE]
19:25:38,247 |-INFO in c.q.l.core.rolling.TimeBasedRollingPolicy@127618319 - No compression will be used
19:25:38,249 |-INFO in c.q.l.core.rolling.TimeBasedRollingPolicy@127618319 - Will use the pattern /tmp/application_%d{yyyy-MM-dd}.%i.log for the active file
19:25:38,252 |-INFO in ch.qos.logback.core.rolling.SizeAndTimeBasedFNATP@6b2fad11 - The date pattern is 'yyyy-MM-dd' from file name pattern '/tmp/application_%d{yyyy-MM-dd}.%i.log'.
19:25:38,252 |-INFO in ch.qos.logback.core.rolling.SizeAndTimeBasedFNATP@6b2fad11 - Roll-over at midnight.
19:25:38,257 |-INFO in ch.qos.logback.core.rolling.SizeAndTimeBasedFNATP@6b2fad11 - Setting initial period to Mon Jun 10 19:24:00 UTC 2019
19:25:38,257 |-WARN in ch.qos.logback.core.rolling.SizeAndTimeBasedFNATP@6b2fad11 - SizeAndTimeBasedFNATP is deprecated. Use SizeAndTimeBasedRollingPolicy instead
19:25:38,257 |-WARN in ch.qos.logback.core.rolling.SizeAndTimeBasedFNATP@6b2fad11 - For more information see http://logback.qos.ch/manual/appenders.html#SizeAndTimeBasedRollingPolicy
19:25:38,261 |-INFO in ch.qos.logback.core.joran.action.NestedComplexPropertyIA - Assuming default type [ch.qos.logback.classic.encoder.PatternLayoutEncoder] for [encoder] property
19:25:38,266 |-INFO in ch.qos.logback.core.rolling.RollingFileAppender[FILE] - Active log file name: /tmp/application.log
19:25:38,266 |-INFO in ch.qos.logback.core.rolling.RollingFileAppender[FILE] - File property is set to [/tmp/application.log]
19:25:38,267 |-INFO in ch.qos.logback.classic.joran.action.RootLoggerAction - Setting level of ROOT logger to WARN
19:25:38,267 |-INFO in ch.qos.logback.core.joran.action.AppenderRefAction - Attaching appender named [STDOUT] to Logger[ROOT]
19:25:38,269 |-INFO in ch.qos.logback.core.joran.action.AppenderRefAction - Attaching appender named [FILE] to Logger[ROOT]
19:25:38,269 |-INFO in ch.qos.logback.classic.joran.action.ConfigurationAction - End of configuration.
19:25:38,269 |-INFO in ch.qos.logback.classic.joran.JoranConfigurator@79698539 - Registering current configuration as safe fallback point

Ama winner
Ama winner
2019-06-10T19:25:39.573+0000: 1.759: [Full GC (Metadata GC Threshold) 2019-06-10T19:25:39.573+0000: 1.759: [Tenured: 0K->15241K(341376K), 0.0404255 secs] 114923K->15241K(494976K), [Metaspace: 20743K->20743K(1067008K)], 0.0405081 secs] [Times: user=0.04 sys=0.00, real=0.04 secs] 
19:25:57.153 [Curator-PathChildrenCache-2] WARN  o.a.c.u.ZKPaths  - The version of ZooKeeper being used doesn't support Container nodes. CreateMode.PERSISTENT will be used instead.
2019-06-10T19:25:59.377+0000: 21.563: [GC (Allocation Failure) 2019-06-10T19:25:59.377+0000: 21.563: [DefNew: 117186K->17024K(153600K), 0.0182240 secs] 132427K->33177K(494976K), 0.0182897 secs] [Times: user=0.01 sys=0.01, real=0.01 secs] 
2019-06-10T19:25:59.835+0000: 22.021: [Full GC (Metadata GC Threshold) 2019-06-10T19:25:59.835+0000: 22.021: [Tenured: 16153K->44405K(341376K), 0.0446452 secs] 68574K->44405K(494976K), [Metaspace: 34561K->34561K(1079296K)], 0.0447218 secs] [Times: user=0.03 sys=0.02, real=0.05 secs] 
2019-06-10T19:26:02.138+0000: 24.325: [GC (Allocation Failure) 2019-06-10T19:26:02.139+0000: 24.325: [DefNew: 136576K->165K(153600K), 0.0023900 secs] 180981K->44571K(494976K), 0.0024632 secs] [Times: user=0.00 sys=0.00, real=0.00 secs] 
2019-06-10T19:26:04.069+0000: 26.256: [GC (Allocation Failure) 2019-06-10T19:26:04.069+0000: 26.256: [DefNew: 136741K->214K(153600K), 0.0020719 secs] 181147K->44620K(494976K), 0.0021296 secs] [Times: user=0.00 sys=0.00, real=0.00 secs] 
2019-06-10T19:26:06.029+0000: 28.215: [GC (Allocation Failure) 2019-06-10T19:26:06.029+0000: 28.215: [DefNew: 136790K->218K(153600K), 0.0021499 secs] 181196K->44624K(494976K), 0.0022270 secs] [Times: user=0.00 sys=0.00, real=0.01 secs] 
2019-06-10T19:26:07.936+0000: 30.122: [GC (Allocation Failure) 2019-06-10T19:26:07.936+0000: 30.122: [DefNew: 136794K->264K(153600K), 0.0021433 secs] 181200K->44670K(494976K), 0.0022012 secs] [Times: user=0.01 sys=0.00, real=0.01 secs] 
2019-06-10T19:26:09.846+0000: 32.032: [GC (Allocation Failure) 2019-06-10T19:26:09.846+0000: 32.033: [DefNew: 136840K->262K(153600K), 0.0021634 secs] 181246K->44668K(494976K), 0.0022186 secs] [Times: user=0.00 sys=0.00, real=0.00 secs] 
2019-06-10T19:26:11.737+0000: 33.923: [GC (Allocation Failure) 2019-06-10T19:26:11.737+0000: 33.923: [DefNew: 136838K->266K(153600K), 0.0021257 secs] 181244K->44671K(494976K), 0.0021869 secs] [Times: user=0.01 sys=0.00, real=0.00 secs] 
19:26:22.821 [Curator-PathChildrenCache-0] ERROR o.a.c.f.r.c.PathChildrenCache  - 
java.lang.IllegalStateException: instance must be started before calling this method
	at org.apache.curator.shaded.com.google.common.base.Preconditions.checkState(Preconditions.java:444)
	at org.apache.curator.framework.imps.CuratorFrameworkImpl.getChildren(CuratorFrameworkImpl.java:456)
	at org.apache.curator.framework.recipes.cache.PathChildrenCache.refresh(PathChildrenCache.java:521)
	at org.apache.curator.framework.recipes.cache.RefreshOperation.invoke(RefreshOperation.java:35)
	at org.apache.curator.framework.recipes.cache.PathChildrenCache$9.run(PathChildrenCache.java:786)
	at java.util.concurrent.Executors$RunnableAdapter.call(Executors.java:511)
	at java.util.concurrent.FutureTask.run(FutureTask.java:266)
	at java.util.concurrent.Executors$RunnableAdapter.call(Executors.java:511)
	at java.util.concurrent.FutureTask.run(FutureTask.java:266)
	at java.util.concurrent.ThreadPoolExecutor.runWorker(ThreadPoolExecutor.java:1149)
	at java.util.concurrent.ThreadPoolExecutor$Worker.run(ThreadPoolExecutor.java:624)
	at java.lang.Thread.run(Thread.java:748)
Heap
 def new generation   total 153600K, used 109477K [0x00000000e0c00000, 0x00000000eb2a0000, 0x00000000eb2a0000)
  eden space 136576K,  79% used [0x00000000e0c00000, 0x00000000e76a6f80, 0x00000000e9160000)
  from space 17024K,   1% used [0x00000000ea200000, 0x00000000ea242828, 0x00000000eb2a0000)
  to   space 17024K,   0% used [0x00000000e9160000, 0x00000000e9160000, 0x00000000ea200000)
 tenured generation   total 341376K, used 44405K [0x00000000eb2a0000, 0x0000000100000000, 0x0000000100000000)
   the space 341376K,  13% used [0x00000000eb2a0000, 0x00000000eddfd7a8, 0x00000000eddfd800, 0x0000000100000000)
 Metaspace       used 35986K, capacity 36976K, committed 37120K, reserved 1081344K
  class space    used 4880K, capacity 5078K, committed 5120K, reserved 1048576K
