16:43:53,664 |-INFO in ch.qos.logback.classic.LoggerContext[default] - Could NOT find resource [logback-test.xml]
16:43:53,665 |-INFO in ch.qos.logback.classic.LoggerContext[default] - Could NOT find resource [logback.groovy]
16:43:53,665 |-INFO in ch.qos.logback.classic.LoggerContext[default] - Found resource [logback.xml] at [jar:file:/root/flamestream/lib/flamestream-runtime-1.0-SNAPSHOT.jar!/logback.xml]
16:43:53,670 |-WARN in ch.qos.logback.classic.LoggerContext[default] - Resource [logback.xml] occurs multiple times on the classpath.
16:43:53,670 |-WARN in ch.qos.logback.classic.LoggerContext[default] - Resource [logback.xml] occurs at [jar:file:/root/flamestream/lib/flamestream-runtime-1.0-SNAPSHOT.jar!/logback.xml]
16:43:53,670 |-WARN in ch.qos.logback.classic.LoggerContext[default] - Resource [logback.xml] occurs at [jar:file:/root/flamestream/flamestream-runtime-1.0-SNAPSHOT.jar!/logback.xml]
16:43:53,689 |-INFO in ch.qos.logback.core.joran.spi.ConfigurationWatchList@3fb6a447 - URL [jar:file:/root/flamestream/lib/flamestream-runtime-1.0-SNAPSHOT.jar!/logback.xml] is not of type file
16:43:53,756 |-INFO in ch.qos.logback.classic.joran.action.ConfigurationAction - debug attribute not set
16:43:53,757 |-INFO in ch.qos.logback.core.joran.action.AppenderAction - About to instantiate appender of type [ch.qos.logback.core.ConsoleAppender]
16:43:53,773 |-INFO in ch.qos.logback.core.joran.action.AppenderAction - Naming appender as [STDOUT]
16:43:53,791 |-INFO in ch.qos.logback.core.joran.action.NestedComplexPropertyIA - Assuming default type [ch.qos.logback.classic.encoder.PatternLayoutEncoder] for [encoder] property
16:43:53,874 |-INFO in ch.qos.logback.core.joran.action.AppenderAction - About to instantiate appender of type [ch.qos.logback.core.rolling.RollingFileAppender]
16:43:53,880 |-INFO in ch.qos.logback.core.joran.action.AppenderAction - Naming appender as [FILE]
16:43:53,910 |-INFO in c.q.l.core.rolling.TimeBasedRollingPolicy@127618319 - No compression will be used
16:43:53,911 |-INFO in c.q.l.core.rolling.TimeBasedRollingPolicy@127618319 - Will use the pattern /tmp/application_%d{yyyy-MM-dd}.%i.log for the active file
16:43:53,914 |-INFO in ch.qos.logback.core.rolling.SizeAndTimeBasedFNATP@6b2fad11 - The date pattern is 'yyyy-MM-dd' from file name pattern '/tmp/application_%d{yyyy-MM-dd}.%i.log'.
16:43:53,914 |-INFO in ch.qos.logback.core.rolling.SizeAndTimeBasedFNATP@6b2fad11 - Roll-over at midnight.
16:43:53,919 |-INFO in ch.qos.logback.core.rolling.SizeAndTimeBasedFNATP@6b2fad11 - Setting initial period to Mon Jun 10 16:42:25 UTC 2019
16:43:53,919 |-WARN in ch.qos.logback.core.rolling.SizeAndTimeBasedFNATP@6b2fad11 - SizeAndTimeBasedFNATP is deprecated. Use SizeAndTimeBasedRollingPolicy instead
16:43:53,919 |-WARN in ch.qos.logback.core.rolling.SizeAndTimeBasedFNATP@6b2fad11 - For more information see http://logback.qos.ch/manual/appenders.html#SizeAndTimeBasedRollingPolicy
16:43:53,923 |-INFO in ch.qos.logback.core.joran.action.NestedComplexPropertyIA - Assuming default type [ch.qos.logback.classic.encoder.PatternLayoutEncoder] for [encoder] property
16:43:53,928 |-INFO in ch.qos.logback.core.rolling.RollingFileAppender[FILE] - Active log file name: /tmp/application.log
16:43:53,928 |-INFO in ch.qos.logback.core.rolling.RollingFileAppender[FILE] - File property is set to [/tmp/application.log]
16:43:53,928 |-INFO in ch.qos.logback.classic.joran.action.RootLoggerAction - Setting level of ROOT logger to WARN
16:43:53,929 |-INFO in ch.qos.logback.core.joran.action.AppenderRefAction - Attaching appender named [STDOUT] to Logger[ROOT]
16:43:53,930 |-INFO in ch.qos.logback.core.joran.action.AppenderRefAction - Attaching appender named [FILE] to Logger[ROOT]
16:43:53,930 |-INFO in ch.qos.logback.classic.joran.action.ConfigurationAction - End of configuration.
16:43:53,931 |-INFO in ch.qos.logback.classic.joran.JoranConfigurator@79698539 - Registering current configuration as safe fallback point

Ama winner
Ama winner
2019-06-10T16:43:55.230+0000: 1.745: [Full GC (Metadata GC Threshold) 2019-06-10T16:43:55.230+0000: 1.745: [Tenured: 0K->15240K(341376K), 0.0393434 secs] 114986K->15240K(494976K), [Metaspace: 20726K->20726K(1067008K)], 0.0394232 secs] [Times: user=0.04 sys=0.00, real=0.04 secs] 
16:44:11.485 [Curator-PathChildrenCache-1] WARN  o.a.c.u.ZKPaths  - The version of ZooKeeper being used doesn't support Container nodes. CreateMode.PERSISTENT will be used instead.
2019-06-10T16:44:13.598+0000: 20.113: [GC (Allocation Failure) 2019-06-10T16:44:13.598+0000: 20.113: [DefNew: 136576K->17023K(153600K), 0.0249446 secs] 151816K->52747K(494976K), 0.0250198 secs] [Times: user=0.00 sys=0.01, real=0.03 secs] 
2019-06-10T16:44:14.943+0000: 21.458: [Full GC (Metadata GC Threshold) 2019-06-10T16:44:14.943+0000: 21.458: [Tenured: 35723K->44294K(341376K), 0.0408555 secs] 79835K->44294K(494976K), [Metaspace: 34600K->34600K(1079296K)], 0.0409322 secs] [Times: user=0.04 sys=0.01, real=0.04 secs] 
2019-06-10T16:44:21.891+0000: 28.406: [GC (Allocation Failure) 2019-06-10T16:44:21.891+0000: 28.406: [DefNew: 136576K->108K(153600K), 0.0018337 secs] 180870K->44402K(494976K), 0.0018912 secs] [Times: user=0.00 sys=0.00, real=0.00 secs] 
2019-06-10T16:44:28.852+0000: 35.367: [GC (Allocation Failure) 2019-06-10T16:44:28.852+0000: 35.367: [DefNew: 136684K->135K(153600K), 0.0017759 secs] 180978K->44429K(494976K), 0.0018607 secs] [Times: user=0.00 sys=0.00, real=0.00 secs] 
2019-06-10T16:44:35.781+0000: 42.296: [GC (Allocation Failure) 2019-06-10T16:44:35.781+0000: 42.296: [DefNew: 136711K->168K(153600K), 0.0018125 secs] 181005K->44463K(494976K), 0.0018818 secs] [Times: user=0.00 sys=0.00, real=0.01 secs] 
2019-06-10T16:44:42.695+0000: 49.210: [GC (Allocation Failure) 2019-06-10T16:44:42.695+0000: 49.210: [DefNew: 136744K->202K(153600K), 0.0018235 secs] 181039K->44496K(494976K), 0.0018830 secs] [Times: user=0.00 sys=0.00, real=0.00 secs] 
2019-06-10T16:44:49.597+0000: 56.112: [GC (Allocation Failure) 2019-06-10T16:44:49.598+0000: 56.112: [DefNew: 136778K->208K(153600K), 0.0018743 secs] 181072K->44502K(494976K), 0.0019329 secs] [Times: user=0.00 sys=0.00, real=0.00 secs] 
16:45:00.788 [Curator-PathChildrenCache-0] ERROR o.a.c.f.r.c.PathChildrenCache  - 
java.lang.IllegalStateException: instance must be started before calling this method
	at org.apache.curator.shaded.com.google.common.base.Preconditions.checkState(Preconditions.java:444)
	at org.apache.curator.framework.imps.CuratorFrameworkImpl.getChildren(CuratorFrameworkImpl.java:456)
	at org.apache.curator.framework.recipes.cache.PathChildrenCache.refresh(PathChildrenCache.java:521)
	at org.apache.curator.framework.recipes.cache.RefreshOperation.invoke(RefreshOperation.java:35)
	at org.apache.curator.framework.recipes.cache.PathChildrenCache$9.run(PathChildrenCache.java:786)
	at java.util.concurrent.Executors$RunnableAdapter.call(Executors.java:511)
	at java.util.concurrent.FutureTask.run(FutureTask.java:266)
	at java.util.concurrent.Executors$RunnableAdapter.call(Executors.java:511)
	at java.util.concurrent.FutureTask.run(FutureTask.java:266)
	at java.util.concurrent.ThreadPoolExecutor.runWorker(ThreadPoolExecutor.java:1149)
	at java.util.concurrent.ThreadPoolExecutor$Worker.run(ThreadPoolExecutor.java:624)
	at java.lang.Thread.run(Thread.java:748)
Heap
 def new generation   total 153600K, used 72466K [0x00000000e0c00000, 0x00000000eb2a0000, 0x00000000eb2a0000)
  eden space 136576K,  52% used [0x00000000e0c00000, 0x00000000e5290890, 0x00000000e9160000)
  from space 17024K,   1% used [0x00000000e9160000, 0x00000000e9194198, 0x00000000ea200000)
  to   space 17024K,   0% used [0x00000000ea200000, 0x00000000ea200000, 0x00000000eb2a0000)
 tenured generation   total 341376K, used 44294K [0x00000000eb2a0000, 0x0000000100000000, 0x0000000100000000)
   the space 341376K,  12% used [0x00000000eb2a0000, 0x00000000edde1950, 0x00000000edde1a00, 0x0000000100000000)
 Metaspace       used 36100K, capacity 36986K, committed 37120K, reserved 1081344K
  class space    used 4873K, capacity 5073K, committed 5120K, reserved 1048576K
