11:20:21,297 |-INFO in ch.qos.logback.classic.LoggerContext[default] - Could NOT find resource [logback-test.xml]
11:20:21,297 |-INFO in ch.qos.logback.classic.LoggerContext[default] - Could NOT find resource [logback.groovy]
11:20:21,297 |-INFO in ch.qos.logback.classic.LoggerContext[default] - Found resource [logback.xml] at [jar:file:/root/flamestream/lib/flamestream-runtime-1.0-SNAPSHOT.jar!/logback.xml]
11:20:21,299 |-WARN in ch.qos.logback.classic.LoggerContext[default] - Resource [logback.xml] occurs multiple times on the classpath.
11:20:21,299 |-WARN in ch.qos.logback.classic.LoggerContext[default] - Resource [logback.xml] occurs at [jar:file:/root/flamestream/lib/flamestream-runtime-1.0-SNAPSHOT.jar!/logback.xml]
11:20:21,299 |-WARN in ch.qos.logback.classic.LoggerContext[default] - Resource [logback.xml] occurs at [jar:file:/root/flamestream/flamestream-runtime-1.0-SNAPSHOT.jar!/logback.xml]
11:20:21,319 |-INFO in ch.qos.logback.core.joran.spi.ConfigurationWatchList@3fb6a447 - URL [jar:file:/root/flamestream/lib/flamestream-runtime-1.0-SNAPSHOT.jar!/logback.xml] is not of type file
11:20:21,388 |-INFO in ch.qos.logback.classic.joran.action.ConfigurationAction - debug attribute not set
11:20:21,389 |-INFO in ch.qos.logback.core.joran.action.AppenderAction - About to instantiate appender of type [ch.qos.logback.core.ConsoleAppender]
11:20:21,403 |-INFO in ch.qos.logback.core.joran.action.AppenderAction - Naming appender as [STDOUT]
11:20:21,428 |-INFO in ch.qos.logback.core.joran.action.NestedComplexPropertyIA - Assuming default type [ch.qos.logback.classic.encoder.PatternLayoutEncoder] for [encoder] property
11:20:21,515 |-INFO in ch.qos.logback.core.joran.action.AppenderAction - About to instantiate appender of type [ch.qos.logback.core.rolling.RollingFileAppender]
11:20:21,526 |-INFO in ch.qos.logback.core.joran.action.AppenderAction - Naming appender as [FILE]
11:20:21,555 |-INFO in c.q.l.core.rolling.TimeBasedRollingPolicy@127618319 - No compression will be used
11:20:21,556 |-INFO in c.q.l.core.rolling.TimeBasedRollingPolicy@127618319 - Will use the pattern /tmp/application_%d{yyyy-MM-dd}.%i.log for the active file
11:20:21,559 |-INFO in ch.qos.logback.core.rolling.SizeAndTimeBasedFNATP@6b2fad11 - The date pattern is 'yyyy-MM-dd' from file name pattern '/tmp/application_%d{yyyy-MM-dd}.%i.log'.
11:20:21,559 |-INFO in ch.qos.logback.core.rolling.SizeAndTimeBasedFNATP@6b2fad11 - Roll-over at midnight.
11:20:21,565 |-INFO in ch.qos.logback.core.rolling.SizeAndTimeBasedFNATP@6b2fad11 - Setting initial period to Tue Jun 11 09:44:48 UTC 2019
11:20:21,565 |-WARN in ch.qos.logback.core.rolling.SizeAndTimeBasedFNATP@6b2fad11 - SizeAndTimeBasedFNATP is deprecated. Use SizeAndTimeBasedRollingPolicy instead
11:20:21,565 |-WARN in ch.qos.logback.core.rolling.SizeAndTimeBasedFNATP@6b2fad11 - For more information see http://logback.qos.ch/manual/appenders.html#SizeAndTimeBasedRollingPolicy
11:20:21,570 |-INFO in ch.qos.logback.core.joran.action.NestedComplexPropertyIA - Assuming default type [ch.qos.logback.classic.encoder.PatternLayoutEncoder] for [encoder] property
11:20:21,575 |-INFO in ch.qos.logback.core.rolling.RollingFileAppender[FILE] - Active log file name: /tmp/application.log
11:20:21,575 |-INFO in ch.qos.logback.core.rolling.RollingFileAppender[FILE] - File property is set to [/tmp/application.log]
11:20:21,575 |-INFO in ch.qos.logback.classic.joran.action.RootLoggerAction - Setting level of ROOT logger to WARN
11:20:21,575 |-INFO in ch.qos.logback.core.joran.action.AppenderRefAction - Attaching appender named [STDOUT] to Logger[ROOT]
11:20:21,576 |-INFO in ch.qos.logback.core.joran.action.AppenderRefAction - Attaching appender named [FILE] to Logger[ROOT]
11:20:21,576 |-INFO in ch.qos.logback.classic.joran.action.ConfigurationAction - End of configuration.
11:20:21,576 |-INFO in ch.qos.logback.classic.joran.JoranConfigurator@79698539 - Registering current configuration as safe fallback point

Ama winner
Ama winner
2019-06-11T11:20:22.889+0000: 1.781: [Full GC (Metadata GC Threshold) 2019-06-11T11:20:22.889+0000: 1.781: [Tenured: 0K->15209K(341376K), 0.0401201 secs] 114987K->15209K(494976K), [Metaspace: 20739K->20739K(1067008K)], 0.0401879 secs] [Times: user=0.04 sys=0.00, real=0.04 secs] 
11:20:43.563 [Curator-PathChildrenCache-2] WARN  o.a.c.u.ZKPaths  - The version of ZooKeeper being used doesn't support Container nodes. CreateMode.PERSISTENT will be used instead.
2019-06-11T11:20:45.864+0000: 24.755: [GC (Allocation Failure) 2019-06-11T11:20:45.864+0000: 24.755: [DefNew: 136576K->17023K(153600K), 0.0288538 secs] 151785K->52934K(494976K), 0.0289270 secs] [Times: user=0.02 sys=0.00, real=0.03 secs] 
2019-06-11T11:20:46.117+0000: 25.009: [Full GC (Metadata GC Threshold) 2019-06-11T11:20:46.117+0000: 25.009: [Tenured: 35910K->44442K(341376K), 0.0371718 secs] 67440K->44442K(494976K), [Metaspace: 34531K->34531K(1079296K)], 0.0372480 secs] [Times: user=0.03 sys=0.01, real=0.03 secs] 
2019-06-11T11:20:48.548+0000: 27.439: [GC (Allocation Failure) 2019-06-11T11:20:48.548+0000: 27.439: [DefNew: 136576K->103K(153600K), 0.0019364 secs] 181018K->44546K(494976K), 0.0019945 secs] [Times: user=0.00 sys=0.00, real=0.00 secs] 
2019-06-11T11:20:50.963+0000: 29.854: [GC (Allocation Failure) 2019-06-11T11:20:50.963+0000: 29.854: [DefNew: 136679K->133K(153600K), 0.0017815 secs] 181122K->44575K(494976K), 0.0018466 secs] [Times: user=0.00 sys=0.00, real=0.00 secs] 
2019-06-11T11:20:53.442+0000: 32.333: [GC (Allocation Failure) 2019-06-11T11:20:53.442+0000: 32.333: [DefNew: 136709K->140K(153600K), 0.0018889 secs] 181151K->44582K(494976K), 0.0019432 secs] [Times: user=0.00 sys=0.00, real=0.00 secs] 
2019-06-11T11:20:55.894+0000: 34.785: [GC (Allocation Failure) 2019-06-11T11:20:55.894+0000: 34.785: [DefNew: 136716K->140K(153600K), 0.0019201 secs] 181158K->44583K(494976K), 0.0019817 secs] [Times: user=0.00 sys=0.00, real=0.00 secs] 
2019-06-11T11:20:58.295+0000: 37.187: [GC (Allocation Failure) 2019-06-11T11:20:58.295+0000: 37.187: [DefNew: 136716K->163K(153600K), 0.0019206 secs] 181159K->44606K(494976K), 0.0019776 secs] [Times: user=0.00 sys=0.00, real=0.01 secs] 
2019-06-11T11:21:00.756+0000: 39.647: [GC (Allocation Failure) 2019-06-11T11:21:00.756+0000: 39.647: [DefNew: 136739K->143K(153600K), 0.0019524 secs] 181182K->44586K(494976K), 0.0020088 secs] [Times: user=0.00 sys=0.00, real=0.01 secs] 
2019-06-11T11:21:03.313+0000: 42.205: [GC (Allocation Failure) 2019-06-11T11:21:03.313+0000: 42.205: [DefNew: 136719K->141K(153600K), 0.0019784 secs] 181162K->44584K(494976K), 0.0020542 secs] [Times: user=0.00 sys=0.00, real=0.00 secs] 
2019-06-11T11:21:05.770+0000: 44.662: [GC (Allocation Failure) 2019-06-11T11:21:05.770+0000: 44.662: [DefNew: 136717K->142K(153600K), 0.0019031 secs] 181160K->44585K(494976K), 0.0019605 secs] [Times: user=0.00 sys=0.00, real=0.00 secs] 
11:21:12.726 [Curator-PathChildrenCache-0] ERROR o.a.c.f.r.c.PathChildrenCache  - 
java.lang.IllegalStateException: instance must be started before calling this method
	at org.apache.curator.shaded.com.google.common.base.Preconditions.checkState(Preconditions.java:444)
	at org.apache.curator.framework.imps.CuratorFrameworkImpl.getChildren(CuratorFrameworkImpl.java:456)
	at org.apache.curator.framework.recipes.cache.PathChildrenCache.refresh(PathChildrenCache.java:521)
	at org.apache.curator.framework.recipes.cache.RefreshOperation.invoke(RefreshOperation.java:35)
	at org.apache.curator.framework.recipes.cache.PathChildrenCache$9.run(PathChildrenCache.java:786)
	at java.util.concurrent.Executors$RunnableAdapter.call(Executors.java:511)
	at java.util.concurrent.FutureTask.run(FutureTask.java:266)
	at java.util.concurrent.Executors$RunnableAdapter.call(Executors.java:511)
	at java.util.concurrent.FutureTask.run(FutureTask.java:266)
	at java.util.concurrent.ThreadPoolExecutor.runWorker(ThreadPoolExecutor.java:1149)
	at java.util.concurrent.ThreadPoolExecutor$Worker.run(ThreadPoolExecutor.java:624)
	at java.lang.Thread.run(Thread.java:748)
Heap
 def new generation   total 153600K, used 103732K [0x00000000e0c00000, 0x00000000eb2a0000, 0x00000000eb2a0000)
  eden space 136576K,  75% used [0x00000000e0c00000, 0x00000000e71294e0, 0x00000000e9160000)
  from space 17024K,   0% used [0x00000000ea200000, 0x00000000ea223bb0, 0x00000000eb2a0000)
  to   space 17024K,   0% used [0x00000000e9160000, 0x00000000e9160000, 0x00000000ea200000)
 tenured generation   total 341376K, used 44442K [0x00000000eb2a0000, 0x0000000100000000, 0x0000000100000000)
   the space 341376K,  13% used [0x00000000eb2a0000, 0x00000000ede069c8, 0x00000000ede06a00, 0x0000000100000000)
 Metaspace       used 36088K, capacity 37066K, committed 37376K, reserved 1081344K
  class space    used 4861K, capacity 5061K, committed 5120K, reserved 1048576K
