11:44:58,847 |-INFO in ch.qos.logback.classic.LoggerContext[default] - Could NOT find resource [logback-test.xml]
11:44:58,848 |-INFO in ch.qos.logback.classic.LoggerContext[default] - Could NOT find resource [logback.groovy]
11:44:58,848 |-INFO in ch.qos.logback.classic.LoggerContext[default] - Found resource [logback.xml] at [jar:file:/home/nikitasokolov/flamestream/lib/flamestream-runtime-1.0-SNAPSHOT.jar!/logback.xml]
11:44:58,848 |-WARN in ch.qos.logback.classic.LoggerContext[default] - Resource [logback.xml] occurs multiple times on the classpath.
11:44:58,849 |-WARN in ch.qos.logback.classic.LoggerContext[default] - Resource [logback.xml] occurs at [jar:file:/home/nikitasokolov/flamestream/lib/flamestream-runtime-1.0-SNAPSHOT.jar!/logback.xml]
11:44:58,849 |-WARN in ch.qos.logback.classic.LoggerContext[default] - Resource [logback.xml] occurs at [jar:file:/home/nikitasokolov/flamestream/flamestream-runtime-1.0-SNAPSHOT.jar!/logback.xml]
11:44:58,864 |-INFO in ch.qos.logback.core.joran.spi.ConfigurationWatchList@6108b2d7 - URL [jar:file:/home/nikitasokolov/flamestream/lib/flamestream-runtime-1.0-SNAPSHOT.jar!/logback.xml] is not of type file
11:44:58,915 |-INFO in ch.qos.logback.classic.joran.action.ConfigurationAction - debug attribute not set
11:44:58,915 |-INFO in ch.qos.logback.core.joran.action.AppenderAction - About to instantiate appender of type [ch.qos.logback.core.ConsoleAppender]
11:44:58,923 |-INFO in ch.qos.logback.core.joran.action.AppenderAction - Naming appender as [STDOUT]
11:44:58,931 |-INFO in ch.qos.logback.core.joran.action.NestedComplexPropertyIA - Assuming default type [ch.qos.logback.classic.encoder.PatternLayoutEncoder] for [encoder] property
11:44:58,991 |-INFO in ch.qos.logback.core.joran.action.AppenderAction - About to instantiate appender of type [ch.qos.logback.core.rolling.RollingFileAppender]
11:44:58,997 |-INFO in ch.qos.logback.core.joran.action.AppenderAction - Naming appender as [FILE]
11:44:59,019 |-INFO in c.q.l.core.rolling.TimeBasedRollingPolicy@357863579 - No compression will be used
11:44:59,021 |-INFO in c.q.l.core.rolling.TimeBasedRollingPolicy@357863579 - Will use the pattern /tmp/application_%d{yyyy-MM-dd}.%i.log for the active file
11:44:59,023 |-INFO in ch.qos.logback.core.rolling.SizeAndTimeBasedFNATP@6bf256fa - The date pattern is 'yyyy-MM-dd' from file name pattern '/tmp/application_%d{yyyy-MM-dd}.%i.log'.
11:44:59,023 |-INFO in ch.qos.logback.core.rolling.SizeAndTimeBasedFNATP@6bf256fa - Roll-over at midnight.
11:44:59,028 |-INFO in ch.qos.logback.core.rolling.SizeAndTimeBasedFNATP@6bf256fa - Setting initial period to Sun Jun 09 11:44:12 MSK 2019
11:44:59,028 |-WARN in ch.qos.logback.core.rolling.SizeAndTimeBasedFNATP@6bf256fa - SizeAndTimeBasedFNATP is deprecated. Use SizeAndTimeBasedRollingPolicy instead
11:44:59,028 |-WARN in ch.qos.logback.core.rolling.SizeAndTimeBasedFNATP@6bf256fa - For more information see http://logback.qos.ch/manual/appenders.html#SizeAndTimeBasedRollingPolicy
11:44:59,032 |-INFO in ch.qos.logback.core.joran.action.NestedComplexPropertyIA - Assuming default type [ch.qos.logback.classic.encoder.PatternLayoutEncoder] for [encoder] property
11:44:59,035 |-INFO in ch.qos.logback.core.rolling.RollingFileAppender[FILE] - Active log file name: /tmp/application.log
11:44:59,035 |-INFO in ch.qos.logback.core.rolling.RollingFileAppender[FILE] - File property is set to [/tmp/application.log]
11:44:59,037 |-INFO in ch.qos.logback.classic.joran.action.RootLoggerAction - Setting level of ROOT logger to WARN
11:44:59,037 |-INFO in ch.qos.logback.core.joran.action.AppenderRefAction - Attaching appender named [STDOUT] to Logger[ROOT]
11:44:59,038 |-INFO in ch.qos.logback.core.joran.action.AppenderRefAction - Attaching appender named [FILE] to Logger[ROOT]
11:44:59,038 |-INFO in ch.qos.logback.classic.joran.action.ConfigurationAction - End of configuration.
11:44:59,039 |-INFO in ch.qos.logback.classic.joran.JoranConfigurator@6cd8737 - Registering current configuration as safe fallback point

2019-06-09T11:45:00.013+0300: 1.365: [GC (Metadata GC Threshold) [PSYoungGen: 110722K->15835K(149504K)] 110722K->15915K(491008K), 0.0214014 secs] [Times: user=0.10 sys=0.02, real=0.02 secs] 
2019-06-09T11:45:00.035+0300: 1.386: [Full GC (Metadata GC Threshold) [PSYoungGen: 15835K->0K(149504K)] [ParOldGen: 80K->15078K(341504K)] 15915K->15078K(491008K), [Metaspace: 20805K->20805K(1067008K)], 0.0256063 secs] [Times: user=0.15 sys=0.02, real=0.03 secs] 
11:45:11.307 [Curator-PathChildrenCache-1] WARN  o.a.c.u.ZKPaths  - The version of ZooKeeper being used doesn't support Container nodes. CreateMode.PERSISTENT will be used instead.
2019-06-09T11:45:12.382+0300: 13.733: [GC (Metadata GC Threshold) [PSYoungGen: 124841K->15914K(149504K)] 139920K->50531K(491008K), 0.0339160 secs] [Times: user=0.30 sys=0.02, real=0.03 secs] 
2019-06-09T11:45:12.416+0300: 13.767: [Full GC (Metadata GC Threshold) [PSYoungGen: 15914K->0K(149504K)] [ParOldGen: 34617K->38976K(341504K)] 50531K->38976K(491008K), [Metaspace: 34552K->34552K(1079296K)], 0.0374019 secs] [Times: user=0.23 sys=0.00, real=0.04 secs] 
2019-06-09T11:45:15.070+0300: 16.421: [GC (Allocation Failure) [PSYoungGen: 128512K->480K(149504K)] 167488K->39464K(491008K), 0.0038114 secs] [Times: user=0.01 sys=0.00, real=0.01 secs] 
2019-06-09T11:45:18.143+0300: 19.494: [GC (Allocation Failure) [PSYoungGen: 128992K->448K(149504K)] 167976K->39440K(491008K), 0.0681375 secs] [Times: user=0.02 sys=0.00, real=0.07 secs] 
2019-06-09T11:45:21.376+0300: 22.728: [GC (Allocation Failure) [PSYoungGen: 128960K->512K(129536K)] 167952K->39512K(471040K), 0.0064165 secs] [Times: user=0.05 sys=0.00, real=0.01 secs] 
2019-06-09T11:45:24.598+0300: 25.950: [GC (Allocation Failure) [PSYoungGen: 129024K->480K(150016K)] 168024K->39480K(491520K), 0.0030847 secs] [Times: user=0.01 sys=0.00, real=0.00 secs] 
2019-06-09T11:45:27.851+0300: 29.203: [GC (Allocation Failure) [PSYoungGen: 128992K->416K(148992K)] 167992K->39416K(490496K), 0.0034144 secs] [Times: user=0.02 sys=0.00, real=0.00 secs] 
2019-06-09T11:45:31.101+0300: 32.452: [GC (Allocation Failure) [PSYoungGen: 128928K->480K(151552K)] 167928K->39488K(493056K), 0.0054811 secs] [Times: user=0.04 sys=0.00, real=0.00 secs] 
2019-06-09T11:45:34.397+0300: 35.748: [GC (Allocation Failure) [PSYoungGen: 132064K->480K(150528K)] 171072K->39496K(492032K), 0.0029015 secs] [Times: user=0.01 sys=0.00, real=0.01 secs] 
2019-06-09T11:45:37.755+0300: 39.107: [GC (Allocation Failure) [PSYoungGen: 132064K->448K(153088K)] 171080K->39464K(494592K), 0.0045630 secs] [Times: user=0.04 sys=0.00, real=0.01 secs] 
2019-06-09T11:45:41.189+0300: 42.541: [GC (Allocation Failure) [PSYoungGen: 135616K->448K(152576K)] 174632K->39464K(494080K), 0.0027124 secs] [Times: user=0.01 sys=0.01, real=0.01 secs] 
11:45:50.453 [Curator-PathChildrenCache-0] ERROR o.a.c.f.r.c.PathChildrenCache  - 
java.lang.IllegalStateException: instance must be started before calling this method
	at org.apache.curator.shaded.com.google.common.base.Preconditions.checkState(Preconditions.java:444)
	at org.apache.curator.framework.imps.CuratorFrameworkImpl.getChildren(CuratorFrameworkImpl.java:456)
	at org.apache.curator.framework.recipes.cache.PathChildrenCache.refresh(PathChildrenCache.java:521)
	at org.apache.curator.framework.recipes.cache.RefreshOperation.invoke(RefreshOperation.java:35)
	at org.apache.curator.framework.recipes.cache.PathChildrenCache$9.run(PathChildrenCache.java:786)
	at java.util.concurrent.Executors$RunnableAdapter.call(Executors.java:511)
	at java.util.concurrent.FutureTask.run(FutureTask.java:266)
	at java.util.concurrent.Executors$RunnableAdapter.call(Executors.java:511)
	at java.util.concurrent.FutureTask.run(FutureTask.java:266)
	at java.util.concurrent.ThreadPoolExecutor.runWorker(ThreadPoolExecutor.java:1149)
	at java.util.concurrent.ThreadPoolExecutor$Worker.run(ThreadPoolExecutor.java:624)
	at java.lang.Thread.run(Thread.java:748)
2019-06-09T11:45:51.518+0300: 52.869: [GC (Allocation Failure) [PSYoungGen: 135616K->1201K(155136K)] 174632K->40226K(496640K), 0.0038137 secs] [Times: user=0.01 sys=0.00, real=0.00 secs] 
Heap
 PSYoungGen      total 155136K, used 6941K [0x00000000f5980000, 0x0000000100000000, 0x0000000100000000)
  eden space 138752K, 4% used [0x00000000f5980000,0x00000000f5f1b2c8,0x00000000fe100000)
  from space 16384K, 7% used [0x00000000ff000000,0x00000000ff12c4c8,0x0000000100000000)
  to   space 15360K, 0% used [0x00000000fe100000,0x00000000fe100000,0x00000000ff000000)
 ParOldGen       total 341504K, used 39024K [0x00000000e0c00000, 0x00000000f5980000, 0x00000000f5980000)
  object space 341504K, 11% used [0x00000000e0c00000,0x00000000e321c368,0x00000000f5980000)
 Metaspace       used 35735K, capacity 36606K, committed 36952K, reserved 1081344K
  class space    used 4936K, capacity 5129K, committed 5248K, reserved 1048576K
