01:36:12,584 |-INFO in ch.qos.logback.classic.LoggerContext[default] - Could NOT find resource [logback-test.xml]
01:36:12,584 |-INFO in ch.qos.logback.classic.LoggerContext[default] - Could NOT find resource [logback.groovy]
01:36:12,584 |-INFO in ch.qos.logback.classic.LoggerContext[default] - Found resource [logback.xml] at [jar:file:/home/nikitasokolov/flamestream/lib/flamestream-runtime-1.0-SNAPSHOT.jar!/logback.xml]
01:36:12,585 |-WARN in ch.qos.logback.classic.LoggerContext[default] - Resource [logback.xml] occurs multiple times on the classpath.
01:36:12,585 |-WARN in ch.qos.logback.classic.LoggerContext[default] - Resource [logback.xml] occurs at [jar:file:/home/nikitasokolov/flamestream/lib/flamestream-runtime-1.0-SNAPSHOT.jar!/logback.xml]
01:36:12,585 |-WARN in ch.qos.logback.classic.LoggerContext[default] - Resource [logback.xml] occurs at [jar:file:/home/nikitasokolov/flamestream/flamestream-runtime-1.0-SNAPSHOT.jar!/logback.xml]
01:36:12,601 |-INFO in ch.qos.logback.core.joran.spi.ConfigurationWatchList@6108b2d7 - URL [jar:file:/home/nikitasokolov/flamestream/lib/flamestream-runtime-1.0-SNAPSHOT.jar!/logback.xml] is not of type file
01:36:12,652 |-INFO in ch.qos.logback.classic.joran.action.ConfigurationAction - debug attribute not set
01:36:12,653 |-INFO in ch.qos.logback.core.joran.action.AppenderAction - About to instantiate appender of type [ch.qos.logback.core.ConsoleAppender]
01:36:12,661 |-INFO in ch.qos.logback.core.joran.action.AppenderAction - Naming appender as [STDOUT]
01:36:12,669 |-INFO in ch.qos.logback.core.joran.action.NestedComplexPropertyIA - Assuming default type [ch.qos.logback.classic.encoder.PatternLayoutEncoder] for [encoder] property
01:36:12,721 |-INFO in ch.qos.logback.core.joran.action.AppenderAction - About to instantiate appender of type [ch.qos.logback.core.rolling.RollingFileAppender]
01:36:12,726 |-INFO in ch.qos.logback.core.joran.action.AppenderAction - Naming appender as [FILE]
01:36:12,747 |-INFO in c.q.l.core.rolling.TimeBasedRollingPolicy@357863579 - No compression will be used
01:36:12,748 |-INFO in c.q.l.core.rolling.TimeBasedRollingPolicy@357863579 - Will use the pattern /tmp/application_%d{yyyy-MM-dd}.%i.log for the active file
01:36:12,751 |-INFO in ch.qos.logback.core.rolling.SizeAndTimeBasedFNATP@6bf256fa - The date pattern is 'yyyy-MM-dd' from file name pattern '/tmp/application_%d{yyyy-MM-dd}.%i.log'.
01:36:12,751 |-INFO in ch.qos.logback.core.rolling.SizeAndTimeBasedFNATP@6bf256fa - Roll-over at midnight.
01:36:12,755 |-INFO in ch.qos.logback.core.rolling.SizeAndTimeBasedFNATP@6bf256fa - Setting initial period to Sun Jun 09 01:35:26 MSK 2019
01:36:12,755 |-WARN in ch.qos.logback.core.rolling.SizeAndTimeBasedFNATP@6bf256fa - SizeAndTimeBasedFNATP is deprecated. Use SizeAndTimeBasedRollingPolicy instead
01:36:12,755 |-WARN in ch.qos.logback.core.rolling.SizeAndTimeBasedFNATP@6bf256fa - For more information see http://logback.qos.ch/manual/appenders.html#SizeAndTimeBasedRollingPolicy
01:36:12,760 |-INFO in ch.qos.logback.core.joran.action.NestedComplexPropertyIA - Assuming default type [ch.qos.logback.classic.encoder.PatternLayoutEncoder] for [encoder] property
01:36:12,762 |-INFO in ch.qos.logback.core.rolling.RollingFileAppender[FILE] - Active log file name: /tmp/application.log
01:36:12,762 |-INFO in ch.qos.logback.core.rolling.RollingFileAppender[FILE] - File property is set to [/tmp/application.log]
01:36:12,763 |-INFO in ch.qos.logback.classic.joran.action.RootLoggerAction - Setting level of ROOT logger to WARN
01:36:12,763 |-INFO in ch.qos.logback.core.joran.action.AppenderRefAction - Attaching appender named [STDOUT] to Logger[ROOT]
01:36:12,764 |-INFO in ch.qos.logback.core.joran.action.AppenderRefAction - Attaching appender named [FILE] to Logger[ROOT]
01:36:12,764 |-INFO in ch.qos.logback.classic.joran.action.ConfigurationAction - End of configuration.
01:36:12,764 |-INFO in ch.qos.logback.classic.joran.JoranConfigurator@6cd8737 - Registering current configuration as safe fallback point

2019-06-09T01:36:13.759+0300: 1.387: [GC (Metadata GC Threshold) [PSYoungGen: 108152K->15732K(149504K)] 108152K->15812K(491008K), 0.0210466 secs] [Times: user=0.06 sys=0.02, real=0.02 secs] 
2019-06-09T01:36:13.780+0300: 1.408: [Full GC (Metadata GC Threshold) [PSYoungGen: 15732K->0K(149504K)] [ParOldGen: 80K->14981K(341504K)] 15812K->14981K(491008K), [Metaspace: 20798K->20798K(1067008K)], 0.0300949 secs] [Times: user=0.17 sys=0.02, real=0.03 secs] 
01:36:22.481 [Curator-PathChildrenCache-1] WARN  o.a.c.u.ZKPaths  - The version of ZooKeeper being used doesn't support Container nodes. CreateMode.PERSISTENT will be used instead.
2019-06-09T01:36:23.420+0300: 11.047: [GC (Metadata GC Threshold) [PSYoungGen: 128512K->15721K(149504K)] 143493K->50242K(491008K), 0.0253781 secs] [Times: user=0.18 sys=0.03, real=0.02 secs] 
2019-06-09T01:36:23.445+0300: 11.073: [Full GC (Metadata GC Threshold) [PSYoungGen: 15721K->0K(149504K)] [ParOldGen: 34521K->38779K(341504K)] 50242K->38779K(491008K), [Metaspace: 34563K->34563K(1079296K)], 0.0348868 secs] [Times: user=0.20 sys=0.00, real=0.04 secs] 
2019-06-09T01:36:25.678+0300: 13.305: [GC (Allocation Failure) [PSYoungGen: 128512K->640K(149504K)] 167291K->39427K(491008K), 0.0033967 secs] [Times: user=0.01 sys=0.00, real=0.00 secs] 
2019-06-09T01:36:27.544+0300: 15.172: [GC (Allocation Failure) [PSYoungGen: 129152K->608K(149504K)] 167939K->39403K(491008K), 0.0026372 secs] [Times: user=0.02 sys=0.00, real=0.00 secs] 
2019-06-09T01:36:29.059+0300: 16.687: [GC (Allocation Failure) [PSYoungGen: 129120K->640K(149504K)] 167915K->39435K(491008K), 0.0043824 secs] [Times: user=0.03 sys=0.00, real=0.00 secs] 
2019-06-09T01:36:30.771+0300: 18.399: [GC (Allocation Failure) [PSYoungGen: 129152K->608K(150016K)] 167947K->39403K(491520K), 0.0044147 secs] [Times: user=0.02 sys=0.00, real=0.00 secs] 
2019-06-09T01:36:32.583+0300: 20.211: [GC (Allocation Failure) [PSYoungGen: 129632K->704K(149504K)] 168427K->39507K(491008K), 0.0038920 secs] [Times: user=0.02 sys=0.01, real=0.00 secs] 
2019-06-09T01:36:33.887+0300: 21.514: [GC (Allocation Failure) [PSYoungGen: 129728K->544K(152064K)] 168531K->39355K(493568K), 0.0051043 secs] [Times: user=0.03 sys=0.00, real=0.01 secs] 
2019-06-09T01:36:35.186+0300: 22.813: [GC (Allocation Failure) [PSYoungGen: 133152K->608K(151040K)] 171963K->39419K(492544K), 0.0059111 secs] [Times: user=0.04 sys=0.00, real=0.01 secs] 
2019-06-09T01:36:36.992+0300: 24.620: [GC (Allocation Failure) [PSYoungGen: 133216K->544K(153600K)] 172027K->39363K(495104K), 0.0037681 secs] [Times: user=0.02 sys=0.01, real=0.00 secs] 
2019-06-09T01:36:38.639+0300: 26.266: [GC (Allocation Failure) [PSYoungGen: 136224K->640K(152576K)] 175043K->39467K(494080K), 0.0047613 secs] [Times: user=0.02 sys=0.00, real=0.00 secs] 
2019-06-09T01:36:40.169+0300: 27.797: [GC (Allocation Failure) [PSYoungGen: 136320K->640K(155136K)] 175147K->39467K(496640K), 0.0046112 secs] [Times: user=0.02 sys=0.01, real=0.01 secs] 
2019-06-09T01:36:41.404+0300: 29.032: [GC (Allocation Failure) [PSYoungGen: 139392K->672K(154112K)] 178219K->39499K(495616K), 0.0037009 secs] [Times: user=0.01 sys=0.00, real=0.00 secs] 
2019-06-09T01:36:42.530+0300: 30.157: [GC (Allocation Failure) [PSYoungGen: 139424K->704K(156672K)] 178251K->39539K(498176K), 0.0035723 secs] [Times: user=0.01 sys=0.00, real=0.00 secs] 
2019-06-09T01:36:44.283+0300: 31.911: [GC (Allocation Failure) [PSYoungGen: 142528K->608K(155648K)] 181363K->39451K(497152K), 0.0041980 secs] [Times: user=0.02 sys=0.00, real=0.00 secs] 
2019-06-09T01:36:46.041+0300: 33.668: [GC (Allocation Failure) [PSYoungGen: 142432K->832K(158208K)] 181275K->39675K(499712K), 0.0034397 secs] [Times: user=0.01 sys=0.00, real=0.00 secs] 
2019-06-09T01:36:47.993+0300: 35.620: [GC (Allocation Failure) [PSYoungGen: 145728K->800K(157184K)] 184571K->39643K(498688K), 0.0035750 secs] [Times: user=0.02 sys=0.00, real=0.00 secs] 
2019-06-09T01:36:50.661+0300: 38.289: [GC (Allocation Failure) [PSYoungGen: 145696K->352K(159232K)] 184539K->39467K(500736K), 0.0033341 secs] [Times: user=0.01 sys=0.00, real=0.00 secs] 
01:36:59.213 [Curator-PathChildrenCache-0] ERROR o.a.c.f.r.c.PathChildrenCache  - 
java.lang.IllegalStateException: instance must be started before calling this method
	at org.apache.curator.shaded.com.google.common.base.Preconditions.checkState(Preconditions.java:444)
	at org.apache.curator.framework.imps.CuratorFrameworkImpl.getChildren(CuratorFrameworkImpl.java:456)
	at org.apache.curator.framework.recipes.cache.PathChildrenCache.refresh(PathChildrenCache.java:521)
	at org.apache.curator.framework.recipes.cache.RefreshOperation.invoke(RefreshOperation.java:35)
	at org.apache.curator.framework.recipes.cache.PathChildrenCache$9.run(PathChildrenCache.java:786)
	at java.util.concurrent.Executors$RunnableAdapter.call(Executors.java:511)
	at java.util.concurrent.FutureTask.run(FutureTask.java:266)
	at java.util.concurrent.Executors$RunnableAdapter.call(Executors.java:511)
	at java.util.concurrent.FutureTask.run(FutureTask.java:266)
	at java.util.concurrent.ThreadPoolExecutor.runWorker(ThreadPoolExecutor.java:1149)
	at java.util.concurrent.ThreadPoolExecutor$Worker.run(ThreadPoolExecutor.java:624)
	at java.lang.Thread.run(Thread.java:748)
Heap
 PSYoungGen      total 159232K, used 77523K [0x00000000f5980000, 0x0000000100000000, 0x0000000100000000)
  eden space 147456K, 52% used [0x00000000f5980000,0x00000000fa4dcf68,0x00000000fe980000)
  from space 11776K, 2% used [0x00000000ff480000,0x00000000ff4d8020,0x0000000100000000)
  to   space 11264K, 0% used [0x00000000fe980000,0x00000000fe980000,0x00000000ff480000)
 ParOldGen       total 341504K, used 39115K [0x00000000e0c00000, 0x00000000f5980000, 0x00000000f5980000)
  object space 341504K, 11% used [0x00000000e0c00000,0x00000000e3232c30,0x00000000f5980000)
 Metaspace       used 35786K, capacity 36618K, committed 36952K, reserved 1081344K
  class space    used 4935K, capacity 5129K, committed 5248K, reserved 1048576K
