19:42:15,321 |-INFO in ch.qos.logback.classic.LoggerContext[default] - Could NOT find resource [logback-test.xml]
19:42:15,321 |-INFO in ch.qos.logback.classic.LoggerContext[default] - Could NOT find resource [logback.groovy]
19:42:15,322 |-INFO in ch.qos.logback.classic.LoggerContext[default] - Found resource [logback.xml] at [jar:file:/root/flamestream/lib/flamestream-runtime-1.0-SNAPSHOT.jar!/logback.xml]
19:42:15,322 |-WARN in ch.qos.logback.classic.LoggerContext[default] - Resource [logback.xml] occurs multiple times on the classpath.
19:42:15,322 |-WARN in ch.qos.logback.classic.LoggerContext[default] - Resource [logback.xml] occurs at [jar:file:/root/flamestream/lib/flamestream-runtime-1.0-SNAPSHOT.jar!/logback.xml]
19:42:15,322 |-WARN in ch.qos.logback.classic.LoggerContext[default] - Resource [logback.xml] occurs at [jar:file:/root/flamestream/flamestream-runtime-1.0-SNAPSHOT.jar!/logback.xml]
19:42:15,343 |-INFO in ch.qos.logback.core.joran.spi.ConfigurationWatchList@3fb6a447 - URL [jar:file:/root/flamestream/lib/flamestream-runtime-1.0-SNAPSHOT.jar!/logback.xml] is not of type file
19:42:15,420 |-INFO in ch.qos.logback.classic.joran.action.ConfigurationAction - debug attribute not set
19:42:15,420 |-INFO in ch.qos.logback.core.joran.action.AppenderAction - About to instantiate appender of type [ch.qos.logback.core.ConsoleAppender]
19:42:15,433 |-INFO in ch.qos.logback.core.joran.action.AppenderAction - Naming appender as [STDOUT]
19:42:15,451 |-INFO in ch.qos.logback.core.joran.action.NestedComplexPropertyIA - Assuming default type [ch.qos.logback.classic.encoder.PatternLayoutEncoder] for [encoder] property
19:42:15,537 |-INFO in ch.qos.logback.core.joran.action.AppenderAction - About to instantiate appender of type [ch.qos.logback.core.rolling.RollingFileAppender]
19:42:15,543 |-INFO in ch.qos.logback.core.joran.action.AppenderAction - Naming appender as [FILE]
19:42:15,575 |-INFO in c.q.l.core.rolling.TimeBasedRollingPolicy@127618319 - No compression will be used
19:42:15,576 |-INFO in c.q.l.core.rolling.TimeBasedRollingPolicy@127618319 - Will use the pattern /tmp/application_%d{yyyy-MM-dd}.%i.log for the active file
19:42:15,579 |-INFO in ch.qos.logback.core.rolling.SizeAndTimeBasedFNATP@6b2fad11 - The date pattern is 'yyyy-MM-dd' from file name pattern '/tmp/application_%d{yyyy-MM-dd}.%i.log'.
19:42:15,579 |-INFO in ch.qos.logback.core.rolling.SizeAndTimeBasedFNATP@6b2fad11 - Roll-over at midnight.
19:42:15,585 |-INFO in ch.qos.logback.core.rolling.SizeAndTimeBasedFNATP@6b2fad11 - Setting initial period to Mon Jun 10 19:41:00 UTC 2019
19:42:15,585 |-WARN in ch.qos.logback.core.rolling.SizeAndTimeBasedFNATP@6b2fad11 - SizeAndTimeBasedFNATP is deprecated. Use SizeAndTimeBasedRollingPolicy instead
19:42:15,585 |-WARN in ch.qos.logback.core.rolling.SizeAndTimeBasedFNATP@6b2fad11 - For more information see http://logback.qos.ch/manual/appenders.html#SizeAndTimeBasedRollingPolicy
19:42:15,589 |-INFO in ch.qos.logback.core.joran.action.NestedComplexPropertyIA - Assuming default type [ch.qos.logback.classic.encoder.PatternLayoutEncoder] for [encoder] property
19:42:15,594 |-INFO in ch.qos.logback.core.rolling.RollingFileAppender[FILE] - Active log file name: /tmp/application.log
19:42:15,594 |-INFO in ch.qos.logback.core.rolling.RollingFileAppender[FILE] - File property is set to [/tmp/application.log]
19:42:15,595 |-INFO in ch.qos.logback.classic.joran.action.RootLoggerAction - Setting level of ROOT logger to WARN
19:42:15,595 |-INFO in ch.qos.logback.core.joran.action.AppenderRefAction - Attaching appender named [STDOUT] to Logger[ROOT]
19:42:15,597 |-INFO in ch.qos.logback.core.joran.action.AppenderRefAction - Attaching appender named [FILE] to Logger[ROOT]
19:42:15,597 |-INFO in ch.qos.logback.classic.joran.action.ConfigurationAction - End of configuration.
19:42:15,598 |-INFO in ch.qos.logback.classic.joran.JoranConfigurator@79698539 - Registering current configuration as safe fallback point

Ama winner
Ama winner
2019-06-10T19:42:16.931+0000: 1.796: [Full GC (Metadata GC Threshold) 2019-06-10T19:42:16.931+0000: 1.796: [Tenured: 0K->15208K(341376K), 0.0403686 secs] 114986K->15208K(494976K), [Metaspace: 20737K->20737K(1067008K)], 0.0404413 secs] [Times: user=0.04 sys=0.00, real=0.04 secs] 
19:42:35.320 [Curator-PathChildrenCache-1] WARN  o.a.c.u.ZKPaths  - The version of ZooKeeper being used doesn't support Container nodes. CreateMode.PERSISTENT will be used instead.
2019-06-10T19:42:37.755+0000: 22.620: [GC (Allocation Failure) 2019-06-10T19:42:37.755+0000: 22.620: [DefNew: 136576K->17023K(153600K), 0.0247793 secs] 151784K->52625K(494976K), 0.0248520 secs] [Times: user=0.02 sys=0.01, real=0.02 secs] 
2019-06-10T19:42:43.064+0000: 27.929: [Full GC (Metadata GC Threshold) 2019-06-10T19:42:43.064+0000: 27.929: [Tenured: 35601K->44055K(341376K), 0.0541836 secs] 150804K->44055K(494976K), [Metaspace: 34602K->34602K(1079296K)], 0.0542657 secs] [Times: user=0.06 sys=0.00, real=0.06 secs] 
2019-06-10T19:42:50.506+0000: 35.372: [GC (Allocation Failure) 2019-06-10T19:42:50.506+0000: 35.372: [DefNew: 136576K->84K(153600K), 0.0017661 secs] 180631K->44140K(494976K), 0.0018387 secs] [Times: user=0.01 sys=0.00, real=0.00 secs] 
2019-06-10T19:42:57.966+0000: 42.831: [GC (Allocation Failure) 2019-06-10T19:42:57.966+0000: 42.831: [DefNew: 136660K->115K(153600K), 0.0016948 secs] 180716K->44171K(494976K), 0.0017582 secs] [Times: user=0.00 sys=0.00, real=0.00 secs] 
2019-06-10T19:43:05.450+0000: 50.315: [GC (Allocation Failure) 2019-06-10T19:43:05.450+0000: 50.316: [DefNew: 136691K->149K(153600K), 0.0017252 secs] 180747K->44204K(494976K), 0.0017861 secs] [Times: user=0.00 sys=0.00, real=0.00 secs] 
2019-06-10T19:43:12.989+0000: 57.855: [GC (Allocation Failure) 2019-06-10T19:43:12.989+0000: 57.855: [DefNew: 136725K->150K(153600K), 0.0016763 secs] 180780K->44206K(494976K), 0.0017364 secs] [Times: user=0.00 sys=0.00, real=0.00 secs] 
19:43:27.243 [Curator-PathChildrenCache-0] ERROR o.a.c.f.r.c.PathChildrenCache  - 
java.lang.IllegalStateException: instance must be started before calling this method
	at org.apache.curator.shaded.com.google.common.base.Preconditions.checkState(Preconditions.java:444)
	at org.apache.curator.framework.imps.CuratorFrameworkImpl.getChildren(CuratorFrameworkImpl.java:456)
	at org.apache.curator.framework.recipes.cache.PathChildrenCache.refresh(PathChildrenCache.java:521)
	at org.apache.curator.framework.recipes.cache.RefreshOperation.invoke(RefreshOperation.java:35)
	at org.apache.curator.framework.recipes.cache.PathChildrenCache$9.run(PathChildrenCache.java:786)
	at java.util.concurrent.Executors$RunnableAdapter.call(Executors.java:511)
	at java.util.concurrent.FutureTask.run(FutureTask.java:266)
	at java.util.concurrent.Executors$RunnableAdapter.call(Executors.java:511)
	at java.util.concurrent.FutureTask.run(FutureTask.java:266)
	at java.util.concurrent.ThreadPoolExecutor.runWorker(ThreadPoolExecutor.java:1149)
	at java.util.concurrent.ThreadPoolExecutor$Worker.run(ThreadPoolExecutor.java:624)
	at java.lang.Thread.run(Thread.java:748)
2019-06-10T19:43:27.279+0000: 72.144: [GC (Allocation Failure) 2019-06-10T19:43:27.279+0000: 72.144: [DefNew: 136726K->1086K(153600K), 0.0035473 secs] 180782K->45142K(494976K), 0.0036147 secs] [Times: user=0.00 sys=0.00, real=0.00 secs] 
Heap
 def new generation   total 153600K, used 10239K [0x00000000e0c00000, 0x00000000eb2a0000, 0x00000000eb2a0000)
  eden space 136576K,   6% used [0x00000000e0c00000, 0x00000000e14f0368, 0x00000000e9160000)
  from space 17024K,   6% used [0x00000000e9160000, 0x00000000e926fa98, 0x00000000ea200000)
  to   space 17024K,   0% used [0x00000000ea200000, 0x00000000ea200000, 0x00000000eb2a0000)
 tenured generation   total 341376K, used 44055K [0x00000000eb2a0000, 0x0000000100000000, 0x0000000100000000)
   the space 341376K,  12% used [0x00000000eb2a0000, 0x00000000edda5f68, 0x00000000edda6000, 0x0000000100000000)
 Metaspace       used 35928K, capacity 36858K, committed 37120K, reserved 1081344K
  class space    used 4855K, capacity 5073K, committed 5120K, reserved 1048576K
