20:12:23,303 |-INFO in ch.qos.logback.classic.LoggerContext[default] - Could NOT find resource [logback-test.xml]
20:12:23,303 |-INFO in ch.qos.logback.classic.LoggerContext[default] - Could NOT find resource [logback.groovy]
20:12:23,304 |-INFO in ch.qos.logback.classic.LoggerContext[default] - Found resource [logback.xml] at [jar:file:/root/flamestream/lib/flamestream-runtime-1.0-SNAPSHOT.jar!/logback.xml]
20:12:23,304 |-WARN in ch.qos.logback.classic.LoggerContext[default] - Resource [logback.xml] occurs multiple times on the classpath.
20:12:23,309 |-WARN in ch.qos.logback.classic.LoggerContext[default] - Resource [logback.xml] occurs at [jar:file:/root/flamestream/lib/flamestream-runtime-1.0-SNAPSHOT.jar!/logback.xml]
20:12:23,309 |-WARN in ch.qos.logback.classic.LoggerContext[default] - Resource [logback.xml] occurs at [jar:file:/root/flamestream/flamestream-runtime-1.0-SNAPSHOT.jar!/logback.xml]
20:12:23,328 |-INFO in ch.qos.logback.core.joran.spi.ConfigurationWatchList@3fb6a447 - URL [jar:file:/root/flamestream/lib/flamestream-runtime-1.0-SNAPSHOT.jar!/logback.xml] is not of type file
20:12:23,401 |-INFO in ch.qos.logback.classic.joran.action.ConfigurationAction - debug attribute not set
20:12:23,401 |-INFO in ch.qos.logback.core.joran.action.AppenderAction - About to instantiate appender of type [ch.qos.logback.core.ConsoleAppender]
20:12:23,421 |-INFO in ch.qos.logback.core.joran.action.AppenderAction - Naming appender as [STDOUT]
20:12:23,439 |-INFO in ch.qos.logback.core.joran.action.NestedComplexPropertyIA - Assuming default type [ch.qos.logback.classic.encoder.PatternLayoutEncoder] for [encoder] property
20:12:23,519 |-INFO in ch.qos.logback.core.joran.action.AppenderAction - About to instantiate appender of type [ch.qos.logback.core.rolling.RollingFileAppender]
20:12:23,524 |-INFO in ch.qos.logback.core.joran.action.AppenderAction - Naming appender as [FILE]
20:12:23,556 |-INFO in c.q.l.core.rolling.TimeBasedRollingPolicy@127618319 - No compression will be used
20:12:23,557 |-INFO in c.q.l.core.rolling.TimeBasedRollingPolicy@127618319 - Will use the pattern /tmp/application_%d{yyyy-MM-dd}.%i.log for the active file
20:12:23,560 |-INFO in ch.qos.logback.core.rolling.SizeAndTimeBasedFNATP@6b2fad11 - The date pattern is 'yyyy-MM-dd' from file name pattern '/tmp/application_%d{yyyy-MM-dd}.%i.log'.
20:12:23,560 |-INFO in ch.qos.logback.core.rolling.SizeAndTimeBasedFNATP@6b2fad11 - Roll-over at midnight.
20:12:23,565 |-INFO in ch.qos.logback.core.rolling.SizeAndTimeBasedFNATP@6b2fad11 - Setting initial period to Mon Jun 10 20:11:06 UTC 2019
20:12:23,565 |-WARN in ch.qos.logback.core.rolling.SizeAndTimeBasedFNATP@6b2fad11 - SizeAndTimeBasedFNATP is deprecated. Use SizeAndTimeBasedRollingPolicy instead
20:12:23,565 |-WARN in ch.qos.logback.core.rolling.SizeAndTimeBasedFNATP@6b2fad11 - For more information see http://logback.qos.ch/manual/appenders.html#SizeAndTimeBasedRollingPolicy
20:12:23,569 |-INFO in ch.qos.logback.core.joran.action.NestedComplexPropertyIA - Assuming default type [ch.qos.logback.classic.encoder.PatternLayoutEncoder] for [encoder] property
20:12:23,574 |-INFO in ch.qos.logback.core.rolling.RollingFileAppender[FILE] - Active log file name: /tmp/application.log
20:12:23,574 |-INFO in ch.qos.logback.core.rolling.RollingFileAppender[FILE] - File property is set to [/tmp/application.log]
20:12:23,575 |-INFO in ch.qos.logback.classic.joran.action.RootLoggerAction - Setting level of ROOT logger to WARN
20:12:23,575 |-INFO in ch.qos.logback.core.joran.action.AppenderRefAction - Attaching appender named [STDOUT] to Logger[ROOT]
20:12:23,577 |-INFO in ch.qos.logback.core.joran.action.AppenderRefAction - Attaching appender named [FILE] to Logger[ROOT]
20:12:23,577 |-INFO in ch.qos.logback.classic.joran.action.ConfigurationAction - End of configuration.
20:12:23,578 |-INFO in ch.qos.logback.classic.joran.JoranConfigurator@79698539 - Registering current configuration as safe fallback point

Ama winner
Ama winner
2019-06-10T20:12:24.882+0000: 1.762: [Full GC (Metadata GC Threshold) 2019-06-10T20:12:24.882+0000: 1.762: [Tenured: 0K->15210K(341376K), 0.0386590 secs] 114987K->15210K(494976K), [Metaspace: 20741K->20741K(1067008K)], 0.0387252 secs] [Times: user=0.04 sys=0.00, real=0.04 secs] 
20:12:41.106 [Curator-PathChildrenCache-1] WARN  o.a.c.u.ZKPaths  - The version of ZooKeeper being used doesn't support Container nodes. CreateMode.PERSISTENT will be used instead.
2019-06-10T20:12:43.093+0000: 19.973: [GC (Allocation Failure) 2019-06-10T20:12:43.093+0000: 19.973: [DefNew: 118044K->17023K(153600K), 0.0187152 secs] 133254K->32818K(494976K), 0.0187863 secs] [Times: user=0.02 sys=0.00, real=0.02 secs] 
2019-06-10T20:12:45.556+0000: 22.436: [Full GC (Metadata GC Threshold) 2019-06-10T20:12:45.556+0000: 22.436: [Tenured: 15794K->43915K(341376K), 0.0549838 secs] 109042K->43915K(494976K), [Metaspace: 34598K->34598K(1079296K)], 0.0550640 secs] [Times: user=0.05 sys=0.00, real=0.05 secs] 
2019-06-10T20:12:51.091+0000: 27.971: [GC (Allocation Failure) 2019-06-10T20:12:51.091+0000: 27.971: [DefNew: 136576K->62K(153600K), 0.0018502 secs] 180491K->43978K(494976K), 0.0019296 secs] [Times: user=0.00 sys=0.00, real=0.00 secs] 
2019-06-10T20:12:56.673+0000: 33.554: [GC (Allocation Failure) 2019-06-10T20:12:56.674+0000: 33.554: [DefNew: 136638K->61K(153600K), 0.0017222 secs] 180554K->43976K(494976K), 0.0028296 secs] [Times: user=0.00 sys=0.00, real=0.00 secs] 
2019-06-10T20:13:02.171+0000: 39.051: [GC (Allocation Failure) 2019-06-10T20:13:02.171+0000: 39.051: [DefNew: 136637K->60K(153600K), 0.0017109 secs] 180552K->43975K(494976K), 0.0017800 secs] [Times: user=0.00 sys=0.00, real=0.00 secs] 
2019-06-10T20:13:07.771+0000: 44.651: [GC (Allocation Failure) 2019-06-10T20:13:07.771+0000: 44.651: [DefNew: 136636K->60K(153600K), 0.0017566 secs] 180551K->43976K(494976K), 0.0018188 secs] [Times: user=0.00 sys=0.00, real=0.00 secs] 
2019-06-10T20:13:18.908+0000: 55.788: [GC (Allocation Failure) 2019-06-10T20:13:18.908+0000: 55.788: [DefNew: 136636K->61K(153600K), 0.0017495 secs] 180552K->43977K(494976K), 0.0018147 secs] [Times: user=0.00 sys=0.00, real=0.00 secs] 
20:13:24.551 [Curator-PathChildrenCache-0] ERROR o.a.c.f.r.c.PathChildrenCache  - 
java.lang.IllegalStateException: instance must be started before calling this method
	at org.apache.curator.shaded.com.google.common.base.Preconditions.checkState(Preconditions.java:444)
	at org.apache.curator.framework.imps.CuratorFrameworkImpl.getChildren(CuratorFrameworkImpl.java:456)
	at org.apache.curator.framework.recipes.cache.PathChildrenCache.refresh(PathChildrenCache.java:521)
	at org.apache.curator.framework.recipes.cache.RefreshOperation.invoke(RefreshOperation.java:35)
	at org.apache.curator.framework.recipes.cache.PathChildrenCache$9.run(PathChildrenCache.java:786)
	at java.util.concurrent.Executors$RunnableAdapter.call(Executors.java:511)
	at java.util.concurrent.FutureTask.run(FutureTask.java:266)
	at java.util.concurrent.Executors$RunnableAdapter.call(Executors.java:511)
	at java.util.concurrent.FutureTask.run(FutureTask.java:266)
	at java.util.concurrent.ThreadPoolExecutor.runWorker(ThreadPoolExecutor.java:1149)
	at java.util.concurrent.ThreadPoolExecutor$Worker.run(ThreadPoolExecutor.java:624)
	at java.lang.Thread.run(Thread.java:748)
Heap
 def new generation   total 153600K, used 45785K [0x00000000e0c00000, 0x00000000eb2a0000, 0x00000000eb2a0000)
  eden space 136576K,  33% used [0x00000000e0c00000, 0x00000000e38a6f58, 0x00000000e9160000)
  from space 17024K,   0% used [0x00000000e9160000, 0x00000000e916f7f8, 0x00000000ea200000)
  to   space 17024K,   0% used [0x00000000ea200000, 0x00000000ea200000, 0x00000000eb2a0000)
 tenured generation   total 341376K, used 43915K [0x00000000eb2a0000, 0x0000000100000000, 0x0000000100000000)
   the space 341376K,  12% used [0x00000000eb2a0000, 0x00000000edd82d40, 0x00000000edd82e00, 0x0000000100000000)
 Metaspace       used 36016K, capacity 36928K, committed 37120K, reserved 1081344K
  class space    used 4864K, capacity 5074K, committed 5120K, reserved 1048576K
