14:56:11,180 |-INFO in ch.qos.logback.classic.LoggerContext[default] - Could NOT find resource [logback-test.xml]
14:56:11,180 |-INFO in ch.qos.logback.classic.LoggerContext[default] - Could NOT find resource [logback.groovy]
14:56:11,181 |-INFO in ch.qos.logback.classic.LoggerContext[default] - Found resource [logback.xml] at [jar:file:/root/flamestream/lib/flamestream-runtime-1.0-SNAPSHOT.jar!/logback.xml]
14:56:11,181 |-WARN in ch.qos.logback.classic.LoggerContext[default] - Resource [logback.xml] occurs multiple times on the classpath.
14:56:11,182 |-WARN in ch.qos.logback.classic.LoggerContext[default] - Resource [logback.xml] occurs at [jar:file:/root/flamestream/lib/flamestream-runtime-1.0-SNAPSHOT.jar!/logback.xml]
14:56:11,182 |-WARN in ch.qos.logback.classic.LoggerContext[default] - Resource [logback.xml] occurs at [jar:file:/root/flamestream/flamestream-runtime-1.0-SNAPSHOT.jar!/logback.xml]
14:56:11,201 |-INFO in ch.qos.logback.core.joran.spi.ConfigurationWatchList@3fb6a447 - URL [jar:file:/root/flamestream/lib/flamestream-runtime-1.0-SNAPSHOT.jar!/logback.xml] is not of type file
14:56:11,274 |-INFO in ch.qos.logback.classic.joran.action.ConfigurationAction - debug attribute not set
14:56:11,275 |-INFO in ch.qos.logback.core.joran.action.AppenderAction - About to instantiate appender of type [ch.qos.logback.core.ConsoleAppender]
14:56:11,293 |-INFO in ch.qos.logback.core.joran.action.AppenderAction - Naming appender as [STDOUT]
14:56:11,310 |-INFO in ch.qos.logback.core.joran.action.NestedComplexPropertyIA - Assuming default type [ch.qos.logback.classic.encoder.PatternLayoutEncoder] for [encoder] property
14:56:11,389 |-INFO in ch.qos.logback.core.joran.action.AppenderAction - About to instantiate appender of type [ch.qos.logback.core.rolling.RollingFileAppender]
14:56:11,394 |-INFO in ch.qos.logback.core.joran.action.AppenderAction - Naming appender as [FILE]
14:56:11,424 |-INFO in c.q.l.core.rolling.TimeBasedRollingPolicy@127618319 - No compression will be used
14:56:11,425 |-INFO in c.q.l.core.rolling.TimeBasedRollingPolicy@127618319 - Will use the pattern /tmp/application_%d{yyyy-MM-dd}.%i.log for the active file
14:56:11,428 |-INFO in ch.qos.logback.core.rolling.SizeAndTimeBasedFNATP@6b2fad11 - The date pattern is 'yyyy-MM-dd' from file name pattern '/tmp/application_%d{yyyy-MM-dd}.%i.log'.
14:56:11,428 |-INFO in ch.qos.logback.core.rolling.SizeAndTimeBasedFNATP@6b2fad11 - Roll-over at midnight.
14:56:11,433 |-INFO in ch.qos.logback.core.rolling.SizeAndTimeBasedFNATP@6b2fad11 - Setting initial period to Mon Jun 10 14:54:54 UTC 2019
14:56:11,433 |-WARN in ch.qos.logback.core.rolling.SizeAndTimeBasedFNATP@6b2fad11 - SizeAndTimeBasedFNATP is deprecated. Use SizeAndTimeBasedRollingPolicy instead
14:56:11,433 |-WARN in ch.qos.logback.core.rolling.SizeAndTimeBasedFNATP@6b2fad11 - For more information see http://logback.qos.ch/manual/appenders.html#SizeAndTimeBasedRollingPolicy
14:56:11,437 |-INFO in ch.qos.logback.core.joran.action.NestedComplexPropertyIA - Assuming default type [ch.qos.logback.classic.encoder.PatternLayoutEncoder] for [encoder] property
14:56:11,441 |-INFO in ch.qos.logback.core.rolling.RollingFileAppender[FILE] - Active log file name: /tmp/application.log
14:56:11,442 |-INFO in ch.qos.logback.core.rolling.RollingFileAppender[FILE] - File property is set to [/tmp/application.log]
14:56:11,442 |-INFO in ch.qos.logback.classic.joran.action.RootLoggerAction - Setting level of ROOT logger to WARN
14:56:11,442 |-INFO in ch.qos.logback.core.joran.action.AppenderRefAction - Attaching appender named [STDOUT] to Logger[ROOT]
14:56:11,444 |-INFO in ch.qos.logback.core.joran.action.AppenderRefAction - Attaching appender named [FILE] to Logger[ROOT]
14:56:11,444 |-INFO in ch.qos.logback.classic.joran.action.ConfigurationAction - End of configuration.
14:56:11,445 |-INFO in ch.qos.logback.classic.joran.JoranConfigurator@79698539 - Registering current configuration as safe fallback point

Ama winner
Ama winner
2019-06-10T14:56:12.767+0000: 1.775: [Full GC (Metadata GC Threshold) 2019-06-10T14:56:12.768+0000: 1.775: [Tenured: 0K->15241K(341376K), 0.0403762 secs] 117750K->15241K(494976K), [Metaspace: 20735K->20735K(1067008K)], 0.0404422 secs] [Times: user=0.04 sys=0.00, real=0.04 secs] 
14:56:28.605 [Curator-PathChildrenCache-1] WARN  o.a.c.u.ZKPaths  - The version of ZooKeeper being used doesn't support Container nodes. CreateMode.PERSISTENT will be used instead.
2019-06-10T14:56:30.964+0000: 19.972: [GC (Allocation Failure) 2019-06-10T14:56:30.964+0000: 19.972: [DefNew: 136576K->17023K(153600K), 0.0278583 secs] 151817K->52574K(494976K), 0.0279302 secs] [Times: user=0.02 sys=0.02, real=0.03 secs] 
2019-06-10T14:56:37.409+0000: 26.417: [Full GC (Metadata GC Threshold) 2019-06-10T14:56:37.409+0000: 26.417: [Tenured: 35550K->44292K(341376K), 0.0761756 secs] 178135K->44292K(494976K), [Metaspace: 34642K->34642K(1079296K)], 0.0762491 secs] [Times: user=0.07 sys=0.00, real=0.08 secs] 
2019-06-10T14:56:45.047+0000: 34.055: [GC (Allocation Failure) 2019-06-10T14:56:45.047+0000: 34.055: [DefNew: 136576K->85K(153600K), 0.0019592 secs] 180868K->44377K(494976K), 0.0020237 secs] [Times: user=0.00 sys=0.00, real=0.00 secs] 
2019-06-10T14:56:52.455+0000: 41.463: [GC (Allocation Failure) 2019-06-10T14:56:52.455+0000: 41.463: [DefNew: 136661K->118K(153600K), 0.0017732 secs] 180953K->44410K(494976K), 0.0018363 secs] [Times: user=0.00 sys=0.00, real=0.01 secs] 
2019-06-10T14:56:59.707+0000: 48.714: [GC (Allocation Failure) 2019-06-10T14:56:59.707+0000: 48.715: [DefNew: 136694K->117K(153600K), 0.0017580 secs] 180986K->44409K(494976K), 0.0018209 secs] [Times: user=0.00 sys=0.00, real=0.00 secs] 
2019-06-10T14:57:07.068+0000: 56.076: [GC (Allocation Failure) 2019-06-10T14:57:07.068+0000: 56.076: [DefNew: 136693K->124K(153600K), 0.0017888 secs] 180985K->44416K(494976K), 0.0018508 secs] [Times: user=0.00 sys=0.00, real=0.00 secs] 
14:57:20.048 [Curator-PathChildrenCache-0] ERROR o.a.c.f.r.c.PathChildrenCache  - 
java.lang.IllegalStateException: instance must be started before calling this method
	at org.apache.curator.shaded.com.google.common.base.Preconditions.checkState(Preconditions.java:444)
	at org.apache.curator.framework.imps.CuratorFrameworkImpl.getChildren(CuratorFrameworkImpl.java:456)
	at org.apache.curator.framework.recipes.cache.PathChildrenCache.refresh(PathChildrenCache.java:521)
	at org.apache.curator.framework.recipes.cache.RefreshOperation.invoke(RefreshOperation.java:35)
	at org.apache.curator.framework.recipes.cache.PathChildrenCache$9.run(PathChildrenCache.java:786)
	at java.util.concurrent.Executors$RunnableAdapter.call(Executors.java:511)
	at java.util.concurrent.FutureTask.run(FutureTask.java:266)
	at java.util.concurrent.Executors$RunnableAdapter.call(Executors.java:511)
	at java.util.concurrent.FutureTask.run(FutureTask.java:266)
	at java.util.concurrent.ThreadPoolExecutor.runWorker(ThreadPoolExecutor.java:1149)
	at java.util.concurrent.ThreadPoolExecutor$Worker.run(ThreadPoolExecutor.java:624)
	at java.lang.Thread.run(Thread.java:748)
2019-06-10T14:57:20.997+0000: 70.005: [GC (Allocation Failure) 2019-06-10T14:57:20.997+0000: 70.005: [DefNew: 136700K->1040K(153600K), 0.0033062 secs] 180992K->45332K(494976K), 0.0033671 secs] [Times: user=0.01 sys=0.00, real=0.00 secs] 
Heap
 def new generation   total 153600K, used 7901K [0x00000000e0c00000, 0x00000000eb2a0000, 0x00000000eb2a0000)
  eden space 136576K,   5% used [0x00000000e0c00000, 0x00000000e12b35e0, 0x00000000e9160000)
  from space 17024K,   6% used [0x00000000e9160000, 0x00000000e92640b8, 0x00000000ea200000)
  to   space 17024K,   0% used [0x00000000ea200000, 0x00000000ea200000, 0x00000000eb2a0000)
 tenured generation   total 341376K, used 44292K [0x00000000eb2a0000, 0x0000000100000000, 0x0000000100000000)
   the space 341376K,  12% used [0x00000000eb2a0000, 0x00000000edde1020, 0x00000000edde1200, 0x0000000100000000)
 Metaspace       used 36163K, capacity 37056K, committed 37376K, reserved 1081344K
  class space    used 4869K, capacity 5074K, committed 5120K, reserved 1048576K
