18:53:47,603 |-INFO in ch.qos.logback.classic.LoggerContext[default] - Could NOT find resource [logback-test.xml]
18:53:47,603 |-INFO in ch.qos.logback.classic.LoggerContext[default] - Could NOT find resource [logback.groovy]
18:53:47,603 |-INFO in ch.qos.logback.classic.LoggerContext[default] - Found resource [logback.xml] at [jar:file:/home/ubuntu/flamestream/lib/flamestream-runtime-1.0-SNAPSHOT.jar!/logback.xml]
18:53:47,603 |-WARN in ch.qos.logback.classic.LoggerContext[default] - Resource [logback.xml] occurs multiple times on the classpath.
18:53:47,604 |-WARN in ch.qos.logback.classic.LoggerContext[default] - Resource [logback.xml] occurs at [jar:file:/home/ubuntu/flamestream/flamestream-runtime-1.0-SNAPSHOT.jar!/logback.xml]
18:53:47,604 |-WARN in ch.qos.logback.classic.LoggerContext[default] - Resource [logback.xml] occurs at [jar:file:/home/ubuntu/flamestream/lib/flamestream-runtime-1.0-SNAPSHOT.jar!/logback.xml]
18:53:47,619 |-INFO in ch.qos.logback.core.joran.spi.ConfigurationWatchList@4678c730 - URL [jar:file:/home/ubuntu/flamestream/lib/flamestream-runtime-1.0-SNAPSHOT.jar!/logback.xml] is not of type file
18:53:47,694 |-INFO in ch.qos.logback.classic.joran.action.ConfigurationAction - debug attribute not set
18:53:47,695 |-INFO in ch.qos.logback.core.joran.action.AppenderAction - About to instantiate appender of type [ch.qos.logback.core.ConsoleAppender]
18:53:47,715 |-INFO in ch.qos.logback.core.joran.action.AppenderAction - Naming appender as [STDOUT]
18:53:47,727 |-INFO in ch.qos.logback.core.joran.action.NestedComplexPropertyIA - Assuming default type [ch.qos.logback.classic.encoder.PatternLayoutEncoder] for [encoder] property
18:53:47,814 |-INFO in ch.qos.logback.core.joran.action.AppenderAction - About to instantiate appender of type [ch.qos.logback.core.rolling.RollingFileAppender]
18:53:47,818 |-INFO in ch.qos.logback.core.joran.action.AppenderAction - Naming appender as [FILE]
18:53:47,855 |-INFO in c.q.l.core.rolling.TimeBasedRollingPolicy@1734853116 - No compression will be used
18:53:47,857 |-INFO in c.q.l.core.rolling.TimeBasedRollingPolicy@1734853116 - Will use the pattern /tmp/application_%d{yyyy-MM-dd}.%i.log for the active file
18:53:47,861 |-INFO in ch.qos.logback.core.rolling.SizeAndTimeBasedFNATP@29ee9faa - The date pattern is 'yyyy-MM-dd' from file name pattern '/tmp/application_%d{yyyy-MM-dd}.%i.log'.
18:53:47,861 |-INFO in ch.qos.logback.core.rolling.SizeAndTimeBasedFNATP@29ee9faa - Roll-over at midnight.
18:53:47,868 |-INFO in ch.qos.logback.core.rolling.SizeAndTimeBasedFNATP@29ee9faa - Setting initial period to Sat Sep 28 18:51:59 UTC 2019
18:53:47,868 |-WARN in ch.qos.logback.core.rolling.SizeAndTimeBasedFNATP@29ee9faa - SizeAndTimeBasedFNATP is deprecated. Use SizeAndTimeBasedRollingPolicy instead
18:53:47,868 |-WARN in ch.qos.logback.core.rolling.SizeAndTimeBasedFNATP@29ee9faa - For more information see http://logback.qos.ch/manual/appenders.html#SizeAndTimeBasedRollingPolicy
18:53:47,873 |-INFO in ch.qos.logback.core.joran.action.NestedComplexPropertyIA - Assuming default type [ch.qos.logback.classic.encoder.PatternLayoutEncoder] for [encoder] property
18:53:47,876 |-INFO in ch.qos.logback.core.rolling.RollingFileAppender[FILE] - Active log file name: /tmp/application.log
18:53:47,876 |-INFO in ch.qos.logback.core.rolling.RollingFileAppender[FILE] - File property is set to [/tmp/application.log]
18:53:47,877 |-INFO in ch.qos.logback.classic.joran.action.RootLoggerAction - Setting level of ROOT logger to INFO
18:53:47,877 |-INFO in ch.qos.logback.core.joran.action.AppenderRefAction - Attaching appender named [STDOUT] to Logger[ROOT]
18:53:47,878 |-INFO in ch.qos.logback.core.joran.action.AppenderRefAction - Attaching appender named [FILE] to Logger[ROOT]
18:53:47,878 |-INFO in ch.qos.logback.classic.joran.action.ConfigurationAction - End of configuration.
18:53:47,879 |-INFO in ch.qos.logback.classic.joran.JoranConfigurator@c038203 - Registering current configuration as safe fallback point

18:53:47.885 [main] INFO  c.s.f.r.WorkerApplication  - Starting worker with workerConfig 'WorkerConfig{id='flamestream-benchmarks-worker-6', localAddress=flamestream-benchmarks-worker-6/10.0.0.11:5412, zkString='flamestream-benchmarks-manager:12181', snapshotPath='/home/ubuntu/flamestream/data', guarantees=AT_MOST_ONCE}'
18:53:49.256 [worker-akka.actor.default-dispatcher-6] INFO  a.e.s.Slf4jLogger  - Slf4jLogger started
2019-09-28T18:53:49.391+0000: 2.114: [Full GC (Metadata GC Threshold) 2019-09-28T18:53:49.391+0000: 2.114: [Tenured: 0K->13624K(1024000K), 0.0493984 secs] 139471K->13624K(1484800K), [Metaspace: 20221K->20221K(1067008K)], 0.0494851 secs] [Times: user=0.05 sys=0.00, real=0.05 secs] 
18:53:49.539 [worker-akka.actor.default-dispatcher-6] WARN  a.r.RemoteActorRefProvider akka.remote.RemoteActorRefProvider - Using the 'remote' ActorRefProvider directly, which is a low-level layer. For most use cases, the 'cluster' abstraction on top of remoting is more suitable instead.
18:53:49.546 [worker-akka.actor.default-dispatcher-6] WARN  a.r.RemoteActorRefProvider akka.remote.RemoteActorRefProvider - Akka Cluster not in use - Using Akka Cluster is recommended if you need remote watch and deploy.
18:53:49.649 [worker-akka.actor.default-dispatcher-6] INFO  a.r.a.a.ArteryAeronUdpTransport(akka://worker) akka.remote.artery.aeron.ArteryAeronUdpTransport(akka://worker) - Started embedded media driver in directory [/dev/shm/aeron-flamestream-benchmarks-worker-6]
18:53:49.686 [worker-akka.actor.default-dispatcher-6] WARN  a.r.a.a.ArteryAeronUdpTransport(akka://worker) akka.remote.artery.aeron.ArteryAeronUdpTransport(akka://worker) - Aeron CnC version mismatch: compiled version = 15, file version = 16
18:53:49.920 [worker-akka.actor.default-dispatcher-6] INFO  a.r.a.a.ArteryAeronUdpTransport(akka://worker) akka.remote.artery.aeron.ArteryAeronUdpTransport(akka://worker) - Remoting started with transport [Artery aeron-udp]; listening on address [akka://worker@flamestream-benchmarks-worker-6:5412] and bound to [akka://worker@0.0.0.0:5412] with UID [-6933879671519471457]
18:53:50.477 [worker-akka.actor.default-dispatcher-6] WARN  a.s.Serialization(akka://worker) akka.serialization.Serialization(akka://worker) - Using serializer [com.romix.akka.serialization.kryo.KryoSerializer] for message [akka.actor.ActorSelectionMessage]. Note that this serializer is not implemented by Akka. It's not recommended to replace serializers for messages provided by Akka.
18:53:50.477 [worker-akka.actor.default-dispatcher-6] WARN  a.s.Serialization(akka://worker) akka.serialization.Serialization(akka://worker) - Using serializer [com.romix.akka.serialization.kryo.KryoSerializer] for message [akka.actor.ActorIdentity]. Note that this serializer is not implemented by Akka. It's not recommended to replace serializers for messages provided by Akka.
18:53:50.528 [worker-akka.actor.default-dispatcher-9] INFO  a.a.RepointableActorRef akka://worker/user/watcher - Starting...
18:53:50.663 [worker-akka.actor.default-dispatcher-6] INFO  o.a.c.u.Compatibility  - Running in ZooKeeper 3.4.x compatibility mode
18:53:50.719 [worker-akka.actor.default-dispatcher-6] INFO  o.a.c.f.i.CuratorFrameworkImpl  - Starting
18:53:50.743 [worker-akka.actor.default-dispatcher-6] INFO  o.a.z.ZooKeeper  - Client environment:zookeeper.version=3.4.14-4c25d480e66aadd371de8bd2fd8da255ac140bcf, built on 03/06/2019 16:18 GMT
18:53:50.744 [worker-akka.actor.default-dispatcher-6] INFO  o.a.z.ZooKeeper  - Client environment:host.name=flamestream-benchmarks-worker-6
18:53:50.745 [worker-akka.actor.default-dispatcher-6] INFO  o.a.z.ZooKeeper  - Client environment:java.version=1.8.0_222
18:53:50.746 [worker-akka.actor.default-dispatcher-6] INFO  o.a.z.ZooKeeper  - Client environment:java.vendor=Private Build
18:53:50.748 [worker-akka.actor.default-dispatcher-6] INFO  o.a.z.ZooKeeper  - Client environment:java.home=/usr/lib/jvm/java-8-openjdk-amd64/jre
18:53:50.750 [worker-akka.actor.default-dispatcher-6] INFO  o.a.z.ZooKeeper  - Client environment:java.class.path=lib/curator-framework-4.0.1.jar:lib/commons-csv-1.4.jar:lib/aeron-client-1.21.2.jar:lib/scala-library-2.12.9.jar:lib/asm-5.0.4.jar:lib/agrona-1.0.1.jar:lib/curator-recipes-4.0.1.jar:lib/akka-testkit_2.12-2.6.0-M6.jar:lib/flamestream-runtime-1.0-SNAPSHOT.jar:lib/jsr305-3.0.2.jar:lib/trove4j-3.0.3.jar:lib/flamestream-core-1.0-SNAPSHOT.jar:lib/commons-io-2.4.jar:lib/minlog-1.3.0.jar:lib/kryonet-2.21.jar:lib/commons-1.4.9.jar:lib/jline-0.9.94.jar:lib/akka-remote_2.12-2.6.0-M6.jar:lib/leveldbjni-all-1.8.jar:lib/lz4-1.3.0.jar:lib/slf4j-api-1.7.24.jar:lib/scala-parser-combinators_2.12-1.1.2.jar:lib/flamestream-core-1.0-SNAPSHOT-tests.jar:lib/logback-core-1.2.3.jar:lib/netty-3.10.6.Final.jar:lib/protobuf-java-3.9.0.jar:lib/minlog-1.2.jar:lib/leveldb-api-0.7.jar:lib/jool-0.9.12.jar:lib/commons-cli-1.4.jar:lib/jblas-1.2.4.jar:lib/reflectasm-1.11.3.jar:lib/reflectasm-1.07-shaded.jar:lib/audience-annotations-0.5.0.jar:lib/jackson-annotations-2.9.6.jar:lib/commons-lang-2.6.jar:lib/ssl-config-core_2.12-0.3.8.jar:lib/annotations-13.0.jar:lib/logback-classic-1.2.3.jar:lib/guava-21.0.jar:lib/reactive-streams-1.0.2.jar:lib/spotbugs-annotations-3.1.9.jar:lib/leveldb-0.7.jar:lib/commons-pool2-2.4.2.jar:lib/rocksdbjni-5.5.1.jar:lib/jackson-core-2.9.9.jar:lib/jackson-databind-2.9.9.2.jar:lib/akka-protobuf-v3_2.12-2.6.0-M6.jar:lib/jackson-annotations-2.9.0.jar:lib/flamestream-examples-1.0-SNAPSHOT.jar:lib/objenesis-2.1.jar:lib/akka-kryo-serialization_2.12-0.5.2.jar:lib/scala-java8-compat_2.12-0.8.0.jar:lib/zookeeper-3.4.14.jar:lib/akka-slf4j_2.12-2.6.0-M6.jar:lib/kryo-4.0.0.jar:lib/akka-stream_2.12-2.6.0-M6.jar:lib/slf4j-simple-2.0.0-alpha0.jar:lib/aeron-driver-1.21.2.jar:lib/config-1.3.1.jar:lib/annotations-12.0.jar:lib/jedis-2.9.0.jar:lib/jcommander-1.48.jar:lib/testng-6.10.jar:lib/akka-actor_2.12-2.6.0-M6.jar:lib/curator-client-4.0.1.jar:flamestream-runtime-1.0-SNAPSHOT.jar
18:53:50.752 [worker-akka.actor.default-dispatcher-6] INFO  o.a.z.ZooKeeper  - Client environment:java.library.path=/usr/java/packages/lib/amd64:/usr/lib/x86_64-linux-gnu/jni:/lib/x86_64-linux-gnu:/usr/lib/x86_64-linux-gnu:/usr/lib/jni:/lib:/usr/lib
18:53:50.752 [worker-akka.actor.default-dispatcher-6] INFO  o.a.z.ZooKeeper  - Client environment:java.io.tmpdir=/tmp
18:53:50.752 [worker-akka.actor.default-dispatcher-6] INFO  o.a.z.ZooKeeper  - Client environment:java.compiler=<NA>
18:53:50.752 [worker-akka.actor.default-dispatcher-6] INFO  o.a.z.ZooKeeper  - Client environment:os.name=Linux
18:53:50.753 [worker-akka.actor.default-dispatcher-6] INFO  o.a.z.ZooKeeper  - Client environment:os.arch=amd64
18:53:50.753 [worker-akka.actor.default-dispatcher-6] INFO  o.a.z.ZooKeeper  - Client environment:os.version=4.15.0-1040-gcp
18:53:50.754 [worker-akka.actor.default-dispatcher-6] INFO  o.a.z.ZooKeeper  - Client environment:user.name=ubuntu
18:53:50.754 [worker-akka.actor.default-dispatcher-6] INFO  o.a.z.ZooKeeper  - Client environment:user.home=/home/ubuntu
18:53:50.754 [worker-akka.actor.default-dispatcher-6] INFO  o.a.z.ZooKeeper  - Client environment:user.dir=/home/ubuntu/flamestream
18:53:50.758 [worker-akka.actor.default-dispatcher-6] INFO  o.a.z.ZooKeeper  - Initiating client connection, connectString=flamestream-benchmarks-manager:12181 sessionTimeout=60000 watcher=org.apache.curator.ConnectionState@3d8ed7e5
18:53:50.807 [worker-akka.actor.default-dispatcher-6-SendThread(flamestream-benchmarks-manager:12181)] INFO  o.a.z.ClientCnxn  - Opening socket connection to server flamestream-benchmarks-manager/10.0.0.2:12181. Will not attempt to authenticate using SASL (unknown error)
18:53:50.808 [worker-akka.actor.default-dispatcher-6] INFO  o.a.c.f.i.CuratorFrameworkImpl  - Default schema
18:53:50.814 [worker-akka.actor.default-dispatcher-6-SendThread(flamestream-benchmarks-manager:12181)] INFO  o.a.z.ClientCnxn  - Socket connection established to flamestream-benchmarks-manager/10.0.0.2:12181, initiating session
18:53:50.825 [worker-akka.actor.default-dispatcher-6-SendThread(flamestream-benchmarks-manager:12181)] INFO  o.a.z.ClientCnxn  - Session establishment complete on server flamestream-benchmarks-manager/10.0.0.2:12181, sessionid = 0x100015787a40006, negotiated timeout = 60000
18:53:50.835 [worker-akka.actor.default-dispatcher-6-EventThread] INFO  o.a.c.f.s.ConnectionStateManager  - State change: CONNECTED
18:53:50.838 [worker-akka.actor.default-dispatcher-9] INFO  a.a.RepointableActorRef akka://worker/user/watcher - Initializing rocksDB backend
2019-09-28T18:53:51.735+0000: 4.457: [Full GC (Metadata GC Threshold) 2019-09-28T18:53:51.735+0000: 4.457: [Tenured: 13624K->25917K(1024000K), 0.2161836 secs] 161114K->25917K(1484800K), [Metaspace: 33683K->33683K(1079296K)], 0.2162886 secs] [Times: user=0.14 sys=0.01, real=0.22 secs] 
18:53:52.075 [worker-akka.actor.default-dispatcher-6] INFO  a.a.LocalActorRef akka://worker/user/watcher/processing-watcher - Starting...
18:54:00.534 [Curator-PathChildrenCache-1] WARN  o.a.c.u.ZKPaths  - The version of ZooKeeper being used doesn't support Container nodes. CreateMode.PERSISTENT will be used instead.
18:54:00.638 [worker-akka.actor.default-dispatcher-6] INFO  a.a.LocalActorRef akka://worker/user/watcher/processing-watcher/$a - Starting...
18:54:00.667 [worker-akka.actor.default-dispatcher-10] INFO  a.a.LocalActorRef akka://worker/user/watcher/processing-watcher/$a - Stopped
18:54:03.281 [worker-akka.actor.default-dispatcher-12] INFO  a.a.LocalActorRef akka://worker/user/watcher/processing-watcher/graph/graph - Starting...
18:54:10.483 [worker-akka.actor.default-dispatcher-10] INFO  a.a.LocalActorRef akka://worker/user/watcher/processing-watcher/graph/graph - Finishing constructor
18:54:10.485 [worker-akka.actor.default-dispatcher-10] INFO  a.a.LocalActorRef akka://worker/user/watcher/processing-watcher/graph/negotiator - Starting...
18:54:10.487 [worker-akka.actor.default-dispatcher-9] INFO  a.a.LocalActorRef akka://worker/user/watcher/processing-watcher/graph/edge - Starting...
18:54:10.488 [worker-akka.actor.default-dispatcher-12] INFO  a.a.LocalActorRef akka://worker/user/watcher/processing-watcher/graph - Starting FlameNode with config 'ClusterConfig{paths={flamestream-benchmarks-worker-1=akka://worker@flamestream-benchmarks-worker-1:5412/user/watcher/processing-watcher/graph, flamestream-benchmarks-worker-0=akka://worker@flamestream-benchmarks-worker-0:5412/user/watcher/processing-watcher/graph, flamestream-benchmarks-worker-9=akka://worker@flamestream-benchmarks-worker-9:5412/user/watcher/processing-watcher/graph, flamestream-benchmarks-worker-8=akka://worker@flamestream-benchmarks-worker-8:5412/user/watcher/processing-watcher/graph, flamestream-benchmarks-worker-7=akka://worker@flamestream-benchmarks-worker-7:5412/user/watcher/processing-watcher/graph, flamestream-benchmarks-worker-6=akka://worker@flamestream-benchmarks-worker-6:5412/user/watcher/processing-watcher/graph, flamestream-benchmarks-worker-5=akka://worker@flamestream-benchmarks-worker-5:5412/user/watcher/processing-watcher/graph, flamestream-benchmarks-worker-4=akka://worker@flamestream-benchmarks-worker-4:5412/user/watcher/processing-watcher/graph, flamestream-benchmarks-worker-3=akka://worker@flamestream-benchmarks-worker-3:5412/user/watcher/processing-watcher/graph, flamestream-benchmarks-worker-2=akka://worker@flamestream-benchmarks-worker-2:5412/user/watcher/processing-watcher/graph, flamestream-benchmarks-worker-14=akka://worker@flamestream-benchmarks-worker-14:5412/user/watcher/processing-watcher/graph, flamestream-benchmarks-worker-13=akka://worker@flamestream-benchmarks-worker-13:5412/user/watcher/processing-watcher/graph, flamestream-benchmarks-worker-12=akka://worker@flamestream-benchmarks-worker-12:5412/user/watcher/processing-watcher/graph, flamestream-benchmarks-worker-11=akka://worker@flamestream-benchmarks-worker-11:5412/user/watcher/processing-watcher/graph, flamestream-benchmarks-worker-10=akka://worker@flamestream-benchmarks-worker-10:5412/user/watcher/processing-watcher/graph}}'
18:54:10.502 [worker-akka.actor.default-dispatcher-13] INFO  a.a.LocalActorRef akka://worker/user/watcher/processing-watcher/graph/negotiator - Requesting ticket for the frontClass FlameSocketGraphDeployerFront@flamestream-benchmarks-worker-6
18:54:10.545 [worker-akka.actor.default-dispatcher-12] INFO  c.s.f.r.e.s.SocketRear  - FlameSocketGraphDeployerRear@flamestream-benchmarks-worker-6: connecting to flamestream-benchmarks-manager:5678
18:54:10.558 [worker-akka.actor.default-dispatcher-10] INFO  a.a.LocalActorRef akka://worker/user/watcher/processing-watcher/graph/edge/FlameSocketGraphDeployerFront - Starting...
18:54:10.565 [worker-akka.actor.default-dispatcher-9] INFO  a.a.LocalActorRef akka://worker/user/watcher/processing-watcher/graph/graph - Received last commit 'LastCommit{globalTime=(0000000, min@min)}'
18:54:10.573 [worker-akka.actor.default-dispatcher-12] INFO  c.s.f.r.e.s.SocketRear  - FlameSocketGraphDeployerRear@flamestream-benchmarks-worker-6: connected to flamestream-benchmarks-manager:5678
18:54:10.574 [worker-akka.actor.default-dispatcher-12] INFO  a.a.LocalActorRef akka://worker/user/watcher/processing-watcher/graph/edge/FlameSocketGraphDeployerRear - Starting...
18:54:10.589 [worker-akka.actor.default-dispatcher-9] INFO  a.a.LocalActorRef akka://worker/user/watcher/processing-watcher/graph/negotiator - Ticket for the frontClass received: FrontTicket{allowedTimestamp=(0000000, FlameSocketGraphDeployerFront@flamestream-benchmarks-worker-6)}
18:54:10.591 [worker-akka.actor.default-dispatcher-9] INFO  c.s.f.r.e.s.SocketFront  - FlameSocketGraphDeployerFront@flamestream-benchmarks-worker-6: connecting to flamestream-benchmarks-manager:4567
18:54:10.815 [worker-akka.actor.default-dispatcher-9] INFO  a.a.LocalActorRef akka://worker/user/watcher/processing-watcher/graph/graph/$a - Starting...
18:54:10.819 [worker-akka.actor.default-dispatcher-9] INFO  a.a.LocalActorRef akka://worker/user/watcher/processing-watcher/graph/graph/$b - Starting...
18:54:10.822 [worker-akka.actor.default-dispatcher-9] INFO  a.a.LocalActorRef akka://worker/user/watcher/processing-watcher/graph/graph/$c - Starting...
18:54:10.824 [worker-akka.actor.default-dispatcher-9] INFO  a.a.LocalActorRef akka://worker/user/watcher/processing-watcher/graph/graph/$d - Starting...
18:54:10.825 [worker-akka.actor.default-dispatcher-9] INFO  a.a.LocalActorRef akka://worker/user/watcher/processing-watcher/graph/graph/$e - Starting...
18:54:10.828 [worker-akka.actor.default-dispatcher-9] INFO  a.a.LocalActorRef akka://worker/user/watcher/processing-watcher/graph/graph/$f - Starting...
18:54:10.829 [worker-akka.actor.default-dispatcher-9] INFO  a.a.LocalActorRef akka://worker/user/watcher/processing-watcher/graph/graph/$g - Starting...
18:54:10.831 [worker-akka.actor.default-dispatcher-9] INFO  a.a.LocalActorRef akka://worker/user/watcher/processing-watcher/graph/graph/$h - Starting...
18:54:10.832 [worker-akka.actor.default-dispatcher-9] INFO  a.a.LocalActorRef akka://worker/user/watcher/processing-watcher/graph/graph/$i - Starting...
18:54:10.833 [worker-akka.actor.default-dispatcher-9] INFO  a.a.LocalActorRef akka://worker/user/watcher/processing-watcher/graph/graph/$j - Starting...
18:54:10.835 [worker-akka.actor.default-dispatcher-9] INFO  a.a.LocalActorRef akka://worker/user/watcher/processing-watcher/graph/graph/$k - Starting...
18:54:10.836 [worker-akka.actor.default-dispatcher-9] INFO  a.a.LocalActorRef akka://worker/user/watcher/processing-watcher/graph/graph/$l - Starting...
18:54:10.837 [worker-akka.actor.default-dispatcher-9] INFO  a.a.LocalActorRef akka://worker/user/watcher/processing-watcher/graph/graph/$m - Starting...
18:54:10.839 [worker-akka.actor.default-dispatcher-9] INFO  a.a.LocalActorRef akka://worker/user/watcher/processing-watcher/graph/graph/$n - Starting...
18:54:10.840 [worker-akka.actor.default-dispatcher-9] INFO  a.a.LocalActorRef akka://worker/user/watcher/processing-watcher/graph/graph/$o - Starting...
18:54:10.843 [worker-akka.actor.default-dispatcher-9] INFO  a.a.LocalActorRef akka://worker/user/watcher/processing-watcher/graph/graph/$p - Starting...
18:54:10.845 [worker-akka.actor.default-dispatcher-9] INFO  a.a.LocalActorRef akka://worker/user/watcher/processing-watcher/graph/graph/$q - Starting...
18:54:10.847 [worker-akka.actor.default-dispatcher-9] INFO  a.a.LocalActorRef akka://worker/user/watcher/processing-watcher/graph/graph/$r - Starting...
18:54:10.848 [worker-akka.actor.default-dispatcher-9] INFO  a.a.LocalActorRef akka://worker/user/watcher/processing-watcher/graph/graph/$s - Starting...
18:54:10.849 [worker-akka.actor.default-dispatcher-9] INFO  a.a.LocalActorRef akka://worker/user/watcher/processing-watcher/graph/graph/$t - Starting...
18:54:10.851 [worker-akka.actor.default-dispatcher-9] INFO  a.a.LocalActorRef akka://worker/user/watcher/processing-watcher/graph/graph/$u - Starting...
18:54:10.852 [worker-akka.actor.default-dispatcher-9] INFO  a.a.LocalActorRef akka://worker/user/watcher/processing-watcher/graph/graph/$v - Starting...
18:54:10.853 [worker-akka.actor.default-dispatcher-9] INFO  a.a.LocalActorRef akka://worker/user/watcher/processing-watcher/graph/graph/$w - Starting...
18:54:10.855 [worker-akka.actor.default-dispatcher-9] INFO  a.a.LocalActorRef akka://worker/user/watcher/processing-watcher/graph/graph/$x - Starting...
18:54:10.856 [worker-akka.actor.default-dispatcher-9] INFO  a.a.LocalActorRef akka://worker/user/watcher/processing-watcher/graph/graph/$y - Starting...
18:54:10.857 [worker-akka.actor.default-dispatcher-9] INFO  a.a.LocalActorRef akka://worker/user/watcher/processing-watcher/graph/graph/$z - Starting...
18:54:10.859 [worker-akka.actor.default-dispatcher-9] INFO  a.a.LocalActorRef akka://worker/user/watcher/processing-watcher/graph/graph/$A - Starting...
18:54:10.860 [worker-akka.actor.default-dispatcher-9] INFO  a.a.LocalActorRef akka://worker/user/watcher/processing-watcher/graph/graph/$B - Starting...
18:54:10.861 [worker-akka.actor.default-dispatcher-9] INFO  a.a.LocalActorRef akka://worker/user/watcher/processing-watcher/graph/graph/$C - Starting...
18:54:10.863 [worker-akka.actor.default-dispatcher-9] INFO  a.a.LocalActorRef akka://worker/user/watcher/processing-watcher/graph/graph/$D - Starting...
18:54:10.866 [worker-akka.actor.default-dispatcher-9] INFO  a.a.LocalActorRef akka://worker/user/watcher/processing-watcher/graph/graph/$E - Starting...
18:54:10.868 [worker-akka.actor.default-dispatcher-9] INFO  a.a.LocalActorRef akka://worker/user/watcher/processing-watcher/graph/graph/$F - Starting...
18:54:10.870 [worker-akka.actor.default-dispatcher-9] INFO  a.a.LocalActorRef akka://worker/user/watcher/processing-watcher/graph/graph/$G - Starting...
18:54:10.871 [worker-akka.actor.default-dispatcher-9] INFO  a.a.LocalActorRef akka://worker/user/watcher/processing-watcher/graph/graph/$H - Starting...
18:54:10.873 [worker-akka.actor.default-dispatcher-9] INFO  a.a.LocalActorRef akka://worker/user/watcher/processing-watcher/graph/graph/$I - Starting...
18:54:10.874 [worker-akka.actor.default-dispatcher-9] INFO  a.a.LocalActorRef akka://worker/user/watcher/processing-watcher/graph/graph/$J - Starting...
18:54:10.875 [worker-akka.actor.default-dispatcher-9] INFO  a.a.LocalActorRef akka://worker/user/watcher/processing-watcher/graph/graph/$K - Starting...
18:54:10.876 [worker-akka.actor.default-dispatcher-9] INFO  a.a.LocalActorRef akka://worker/user/watcher/processing-watcher/graph/graph/$L - Starting...
18:54:10.878 [worker-akka.actor.default-dispatcher-9] INFO  a.a.LocalActorRef akka://worker/user/watcher/processing-watcher/graph/graph/$M - Starting...
18:54:10.879 [worker-akka.actor.default-dispatcher-9] INFO  a.a.LocalActorRef akka://worker/user/watcher/processing-watcher/graph/graph/$N - Starting...
18:54:10.881 [worker-akka.actor.default-dispatcher-9] INFO  a.a.LocalActorRef akka://worker/user/watcher/processing-watcher/graph/graph/$O - Starting...
18:54:10.882 [worker-akka.actor.default-dispatcher-9] INFO  a.a.LocalActorRef akka://worker/user/watcher/processing-watcher/graph/graph/$P - Starting...
18:54:10.883 [worker-akka.actor.default-dispatcher-9] INFO  a.a.LocalActorRef akka://worker/user/watcher/processing-watcher/graph/graph/$Q - Starting...
18:54:10.885 [worker-akka.actor.default-dispatcher-9] INFO  a.a.LocalActorRef akka://worker/user/watcher/processing-watcher/graph/graph/$R - Starting...
18:54:10.886 [worker-akka.actor.default-dispatcher-9] INFO  a.a.LocalActorRef akka://worker/user/watcher/processing-watcher/graph/graph/$S - Starting...
18:54:10.887 [worker-akka.actor.default-dispatcher-9] INFO  a.a.LocalActorRef akka://worker/user/watcher/processing-watcher/graph/graph/$T - Starting...
18:54:10.888 [worker-akka.actor.default-dispatcher-9] INFO  a.a.LocalActorRef akka://worker/user/watcher/processing-watcher/graph/graph/$U - Starting...
18:54:10.898 [worker-akka.actor.default-dispatcher-9] INFO  a.a.LocalActorRef akka://worker/user/watcher/processing-watcher/graph/graph/$V - Starting...
18:54:10.922 [worker-akka.actor.default-dispatcher-9] INFO  a.a.LocalActorRef akka://worker/user/watcher/processing-watcher/graph/graph/$W - Starting...
18:54:10.924 [worker-akka.actor.default-dispatcher-9] INFO  a.a.LocalActorRef akka://worker/user/watcher/processing-watcher/graph/graph/$X - Starting...
18:54:10.926 [worker-akka.actor.default-dispatcher-9] INFO  a.a.LocalActorRef akka://worker/user/watcher/processing-watcher/graph/graph/$Y - Starting...
18:54:10.927 [worker-akka.actor.default-dispatcher-9] INFO  a.a.LocalActorRef akka://worker/user/watcher/processing-watcher/graph/graph/$Z - Starting...
18:54:10.929 [worker-akka.actor.default-dispatcher-9] INFO  a.a.LocalActorRef akka://worker/user/watcher/processing-watcher/graph/graph/$0 - Starting...
18:54:10.930 [worker-akka.actor.default-dispatcher-9] INFO  a.a.LocalActorRef akka://worker/user/watcher/processing-watcher/graph/graph/$1 - Starting...
18:54:10.938 [worker-akka.actor.default-dispatcher-9] INFO  a.a.LocalActorRef akka://worker/user/watcher/processing-watcher/graph/graph/$V - Attached rear to graph (-9223372036854775808, min@min)
18:54:10.938 [worker-akka.actor.default-dispatcher-9] INFO  a.a.LocalActorRef akka://worker/user/watcher/processing-watcher/graph/graph/$2 - Starting...
18:54:10.939 [worker-akka.actor.default-dispatcher-9] INFO  a.a.LocalActorRef akka://worker/user/watcher/processing-watcher/graph/graph/$3 - Starting...
18:54:10.940 [worker-akka.actor.default-dispatcher-9] INFO  a.a.LocalActorRef akka://worker/user/watcher/processing-watcher/graph/graph/$4 - Starting...
18:54:10.940 [worker-akka.actor.default-dispatcher-9] INFO  a.a.LocalActorRef akka://worker/user/watcher/processing-watcher/graph/graph/$5 - Starting...
18:54:10.941 [worker-akka.actor.default-dispatcher-9] INFO  a.a.LocalActorRef akka://worker/user/watcher/processing-watcher/graph/graph/$6 - Starting...
18:54:10.942 [worker-akka.actor.default-dispatcher-9] INFO  a.a.LocalActorRef akka://worker/user/watcher/processing-watcher/graph/graph/$7 - Starting...
18:54:10.943 [worker-akka.actor.default-dispatcher-9] INFO  a.a.LocalActorRef akka://worker/user/watcher/processing-watcher/graph/graph/$8 - Starting...
18:54:10.943 [worker-akka.actor.default-dispatcher-9] INFO  a.a.LocalActorRef akka://worker/user/watcher/processing-watcher/graph/graph/$9 - Starting...
18:54:10.945 [worker-akka.actor.default-dispatcher-9] INFO  a.a.LocalActorRef akka://worker/user/watcher/processing-watcher/graph/graph/$~ - Starting...
18:54:10.945 [worker-akka.actor.default-dispatcher-9] INFO  a.a.LocalActorRef akka://worker/user/watcher/processing-watcher/graph/graph/$+ - Starting...
18:54:10.945 [worker-akka.actor.default-dispatcher-9] INFO  a.a.LocalActorRef akka://worker/user/watcher/processing-watcher/graph/graph/$bb - Starting...
18:54:10.946 [worker-akka.actor.default-dispatcher-9] INFO  a.a.LocalActorRef akka://worker/user/watcher/processing-watcher/graph/graph/$ab - Starting...
18:54:10.947 [worker-akka.actor.default-dispatcher-9] INFO  a.a.LocalActorRef akka://worker/user/watcher/processing-watcher/graph/graph/$db - Starting...
18:54:10.948 [worker-akka.actor.default-dispatcher-9] INFO  a.a.LocalActorRef akka://worker/user/watcher/processing-watcher/graph/graph/$cb - Starting...
18:54:10.949 [worker-akka.actor.default-dispatcher-9] INFO  a.a.LocalActorRef akka://worker/user/watcher/processing-watcher/graph/graph/$eb - Starting...
18:54:10.950 [worker-akka.actor.default-dispatcher-9] INFO  a.a.LocalActorRef akka://worker/user/watcher/processing-watcher/graph/graph/$fb - Starting...
18:54:10.951 [worker-akka.actor.default-dispatcher-9] INFO  a.a.LocalActorRef akka://worker/user/watcher/processing-watcher/graph/graph/$gb - Starting...
18:54:10.952 [worker-akka.actor.default-dispatcher-9] INFO  a.a.LocalActorRef akka://worker/user/watcher/processing-watcher/graph/graph/$hb - Starting...
18:54:10.953 [worker-akka.actor.default-dispatcher-9] INFO  a.a.LocalActorRef akka://worker/user/watcher/processing-watcher/graph/graph/$ib - Starting...
18:54:10.954 [worker-akka.actor.default-dispatcher-9] INFO  a.a.LocalActorRef akka://worker/user/watcher/processing-watcher/graph/graph/$kb - Starting...
18:54:10.956 [worker-akka.actor.default-dispatcher-9] INFO  a.a.LocalActorRef akka://worker/user/watcher/processing-watcher/graph/graph/$jb - Starting...
18:54:10.957 [worker-akka.actor.default-dispatcher-9] INFO  a.a.LocalActorRef akka://worker/user/watcher/processing-watcher/graph/graph/$mb - Starting...
18:54:10.958 [worker-akka.actor.default-dispatcher-9] INFO  a.a.LocalActorRef akka://worker/user/watcher/processing-watcher/graph/graph/$lb - Starting...
18:54:10.960 [worker-akka.actor.default-dispatcher-9] INFO  a.a.LocalActorRef akka://worker/user/watcher/processing-watcher/graph/graph/$ob - Starting...
18:54:10.961 [worker-akka.actor.default-dispatcher-12] INFO  a.a.LocalActorRef akka://worker/user/watcher/processing-watcher/graph/graph/$nb - Starting...
18:54:10.962 [worker-akka.actor.default-dispatcher-12] INFO  a.a.LocalActorRef akka://worker/user/watcher/processing-watcher/graph/graph/$pb - Starting...
18:54:10.962 [worker-akka.actor.default-dispatcher-12] INFO  a.a.LocalActorRef akka://worker/user/watcher/processing-watcher/graph/graph/$qb - Starting...
18:54:10.962 [worker-akka.actor.default-dispatcher-12] INFO  a.a.LocalActorRef akka://worker/user/watcher/processing-watcher/graph/graph/$sb - Starting...
18:54:10.962 [worker-akka.actor.default-dispatcher-12] INFO  a.a.LocalActorRef akka://worker/user/watcher/processing-watcher/graph/graph/$rb - Starting...
18:54:10.962 [worker-akka.actor.default-dispatcher-12] INFO  a.a.LocalActorRef akka://worker/user/watcher/processing-watcher/graph/graph/$tb - Starting...
18:54:10.962 [worker-akka.actor.default-dispatcher-12] INFO  a.a.LocalActorRef akka://worker/user/watcher/processing-watcher/graph/graph/$ub - Starting...
18:54:10.962 [worker-akka.actor.default-dispatcher-12] INFO  a.a.LocalActorRef akka://worker/user/watcher/processing-watcher/graph/graph/$vb - Starting...
18:54:10.963 [worker-akka.actor.default-dispatcher-9] INFO  a.a.LocalActorRef akka://worker/user/watcher/processing-watcher/graph/graph/$wb - Starting...
18:54:10.964 [worker-akka.actor.default-dispatcher-9] INFO  a.a.LocalActorRef akka://worker/user/watcher/processing-watcher/graph/graph/$xb - Starting...
18:54:10.965 [worker-akka.actor.default-dispatcher-9] INFO  a.a.LocalActorRef akka://worker/user/watcher/processing-watcher/graph/graph/$yb - Starting...
18:54:10.966 [worker-akka.actor.default-dispatcher-12] INFO  a.a.LocalActorRef akka://worker/user/watcher/processing-watcher/graph/graph/$Ab - Starting...
18:54:10.967 [worker-akka.actor.default-dispatcher-9] INFO  a.a.LocalActorRef akka://worker/user/watcher/processing-watcher/graph/graph/$zb - Starting...
18:54:10.967 [worker-akka.actor.default-dispatcher-12] INFO  a.a.LocalActorRef akka://worker/user/watcher/processing-watcher/graph/graph/$Bb - Starting...
18:54:10.968 [worker-akka.actor.default-dispatcher-9] INFO  a.a.LocalActorRef akka://worker/user/watcher/processing-watcher/graph/graph/$Cb - Starting...
18:54:10.969 [worker-akka.actor.default-dispatcher-9] INFO  a.a.LocalActorRef akka://worker/user/watcher/processing-watcher/graph/graph/$Db - Starting...
18:54:10.970 [worker-akka.actor.default-dispatcher-12] INFO  a.a.LocalActorRef akka://worker/user/watcher/processing-watcher/graph/graph/$Eb - Starting...
18:54:10.971 [worker-akka.actor.default-dispatcher-9] INFO  a.a.LocalActorRef akka://worker/user/watcher/processing-watcher/graph/graph/$Fb - Starting...
18:54:10.972 [worker-akka.actor.default-dispatcher-9] INFO  a.a.LocalActorRef akka://worker/user/watcher/processing-watcher/graph/graph/$Gb - Starting...
18:54:10.973 [worker-akka.actor.default-dispatcher-9] INFO  a.a.LocalActorRef akka://worker/user/watcher/processing-watcher/graph/graph/$Hb - Starting...
18:54:10.974 [worker-akka.actor.default-dispatcher-9] INFO  a.a.LocalActorRef akka://worker/user/watcher/processing-watcher/graph/graph/$Ib - Starting...
18:54:10.975 [worker-akka.actor.default-dispatcher-9] INFO  a.a.LocalActorRef akka://worker/user/watcher/processing-watcher/graph/graph/$Jb - Starting...
18:54:10.977 [worker-akka.actor.default-dispatcher-9] INFO  a.a.LocalActorRef akka://worker/user/watcher/processing-watcher/graph/graph/$Lb - Starting...
18:54:10.978 [worker-akka.actor.default-dispatcher-12] INFO  a.a.LocalActorRef akka://worker/user/watcher/processing-watcher/graph/graph/$Kb - Starting...
18:54:10.978 [worker-akka.actor.default-dispatcher-12] INFO  a.a.LocalActorRef akka://worker/user/watcher/processing-watcher/graph/graph/$Mb - Starting...
18:54:10.978 [worker-akka.actor.default-dispatcher-12] INFO  a.a.LocalActorRef akka://worker/user/watcher/processing-watcher/graph/graph/$Nb - Starting...
2019-09-28T18:54:25.138+0000: 37.860: [GC (Allocation Failure) 2019-09-28T18:54:25.138+0000: 37.860: [DefNew: 409600K->32356K(460800K), 0.0525333 secs] 435517K->58274K(1484800K), 0.0526301 secs] [Times: user=0.04 sys=0.02, real=0.05 secs] 
2019-09-28T18:54:34.883+0000: 47.606: [GC (Allocation Failure) 2019-09-28T18:54:34.883+0000: 47.606: [DefNew: 441956K->1012K(460800K), 0.0359558 secs] 467874K->55949K(1484800K), 0.0360495 secs] [Times: user=0.03 sys=0.01, real=0.04 secs] 
2019-09-28T18:54:41.602+0000: 54.325: [GC (Allocation Failure) 2019-09-28T18:54:41.603+0000: 54.325: [DefNew: 410612K->1136K(460800K), 0.0068610 secs] 465549K->56073K(1484800K), 0.0069573 secs] [Times: user=0.00 sys=0.00, real=0.00 secs] 
2019-09-28T18:54:46.963+0000: 59.686: [GC (Allocation Failure) 2019-09-28T18:54:46.963+0000: 59.686: [DefNew: 410736K->1212K(460800K), 0.0051278 secs] 465673K->56149K(1484800K), 0.0052276 secs] [Times: user=0.01 sys=0.00, real=0.00 secs] 
2019-09-28T18:54:54.535+0000: 67.257: [GC (Allocation Failure) 2019-09-28T18:54:54.535+0000: 67.257: [DefNew: 410812K->1841K(460800K), 0.0062869 secs] 465749K->56778K(1484800K), 0.0063775 secs] [Times: user=0.00 sys=0.00, real=0.01 secs] 
2019-09-28T18:55:01.475+0000: 74.197: [GC (Allocation Failure) 2019-09-28T18:55:01.475+0000: 74.197: [DefNew: 411441K->1628K(460800K), 0.0044806 secs] 466378K->56565K(1484800K), 0.0045772 secs] [Times: user=0.00 sys=0.00, real=0.01 secs] 
2019-09-28T18:55:08.626+0000: 81.348: [GC (Allocation Failure) 2019-09-28T18:55:08.626+0000: 81.349: [DefNew: 411228K->1658K(460800K), 0.0043310 secs] 466165K->56596K(1484800K), 0.0044270 secs] [Times: user=0.01 sys=0.00, real=0.01 secs] 
2019-09-28T18:55:15.848+0000: 88.570: [GC (Allocation Failure) 2019-09-28T18:55:15.848+0000: 88.570: [DefNew: 411258K->1630K(460800K), 0.0044595 secs] 466196K->56567K(1484800K), 0.0045631 secs] [Times: user=0.01 sys=0.00, real=0.01 secs] 
2019-09-28T18:55:23.538+0000: 96.260: [GC (Allocation Failure) 2019-09-28T18:55:23.538+0000: 96.260: [DefNew: 411230K->1599K(460800K), 0.0042725 secs] 466167K->56536K(1484800K), 0.0043797 secs] [Times: user=0.01 sys=0.00, real=0.00 secs] 
2019-09-28T18:55:30.787+0000: 103.510: [GC (Allocation Failure) 2019-09-28T18:55:30.787+0000: 103.510: [DefNew: 411199K->1640K(460800K), 0.0043468 secs] 466136K->56578K(1484800K), 0.0044446 secs] [Times: user=0.01 sys=0.00, real=0.01 secs] 
2019-09-28T18:55:38.016+0000: 110.739: [GC (Allocation Failure) 2019-09-28T18:55:38.016+0000: 110.739: [DefNew: 411240K->1651K(460800K), 0.0045393 secs] 466178K->56588K(1484800K), 0.0046397 secs] [Times: user=0.01 sys=0.00, real=0.01 secs] 
2019-09-28T18:55:45.218+0000: 117.941: [GC (Allocation Failure) 2019-09-28T18:55:45.218+0000: 117.941: [DefNew: 411251K->1600K(460800K), 0.0044269 secs] 466188K->56537K(1484800K), 0.0045187 secs] [Times: user=0.00 sys=0.00, real=0.00 secs] 
2019-09-28T18:55:52.912+0000: 125.635: [GC (Allocation Failure) 2019-09-28T18:55:52.912+0000: 125.635: [DefNew: 411200K->1652K(460800K), 0.0046552 secs] 466137K->56589K(1484800K), 0.0047483 secs] [Times: user=0.00 sys=0.00, real=0.00 secs] 
2019-09-28T18:56:00.237+0000: 132.959: [GC (Allocation Failure) 2019-09-28T18:56:00.237+0000: 132.959: [DefNew: 411252K->1651K(460800K), 0.0042924 secs] 466189K->56588K(1484800K), 0.0043734 secs] [Times: user=0.00 sys=0.00, real=0.01 secs] 
2019-09-28T18:56:07.451+0000: 140.173: [GC (Allocation Failure) 2019-09-28T18:56:07.451+0000: 140.173: [DefNew: 411251K->1656K(460800K), 0.0043371 secs] 466188K->56593K(1484800K), 0.0044353 secs] [Times: user=0.00 sys=0.00, real=0.00 secs] 
2019-09-28T18:56:14.747+0000: 147.470: [GC (Allocation Failure) 2019-09-28T18:56:14.747+0000: 147.470: [DefNew: 411256K->1653K(460800K), 0.0044797 secs] 466193K->56590K(1484800K), 0.0045682 secs] [Times: user=0.01 sys=0.01, real=0.01 secs] 
2019-09-28T18:56:22.585+0000: 155.307: [GC (Allocation Failure) 2019-09-28T18:56:22.585+0000: 155.307: [DefNew: 411253K->1473K(460800K), 0.0047116 secs] 466190K->56590K(1484800K), 0.0047993 secs] [Times: user=0.00 sys=0.00, real=0.00 secs] 
2019-09-28T18:56:29.835+0000: 162.558: [GC (Allocation Failure) 2019-09-28T18:56:29.835+0000: 162.558: [DefNew: 411073K->1363K(460800K), 0.0042788 secs] 466190K->56588K(1484800K), 0.0043733 secs] [Times: user=0.01 sys=0.00, real=0.01 secs] 
2019-09-28T18:56:37.224+0000: 169.947: [GC (Allocation Failure) 2019-09-28T18:56:37.224+0000: 169.947: [DefNew: 410963K->1286K(460800K), 0.0041959 secs] 466188K->56606K(1484800K), 0.0042793 secs] [Times: user=0.00 sys=0.00, real=0.00 secs] 
2019-09-28T18:56:44.977+0000: 177.699: [GC (Allocation Failure) 2019-09-28T18:56:44.977+0000: 177.699: [DefNew: 410886K->193K(460800K), 0.0047058 secs] 466206K->56588K(1484800K), 0.0048447 secs] [Times: user=0.01 sys=0.00, real=0.01 secs] 
2019-09-28T18:56:52.126+0000: 184.848: [GC (Allocation Failure) 2019-09-28T18:56:52.126+0000: 184.848: [DefNew: 409793K->318K(460800K), 0.0031540 secs] 466188K->56715K(1484800K), 0.0032427 secs] [Times: user=0.01 sys=0.00, real=0.00 secs] 
2019-09-28T18:56:59.406+0000: 192.128: [GC (Allocation Failure) 2019-09-28T18:56:59.406+0000: 192.129: [DefNew: 409918K->281K(460800K), 0.0030028 secs] 466315K->56679K(1484800K), 0.0031173 secs] [Times: user=0.00 sys=0.01, real=0.00 secs] 
2019-09-28T18:57:07.150+0000: 199.873: [GC (Allocation Failure) 2019-09-28T18:57:07.150+0000: 199.873: [DefNew: 409881K->214K(460800K), 0.0027330 secs] 466279K->56612K(1484800K), 0.0028182 secs] [Times: user=0.00 sys=0.00, real=0.00 secs] 
2019-09-28T18:57:14.474+0000: 207.197: [GC (Allocation Failure) 2019-09-28T18:57:14.474+0000: 207.197: [DefNew: 409814K->213K(460800K), 0.0027515 secs] 466212K->56612K(1484800K), 0.0028652 secs] [Times: user=0.00 sys=0.00, real=0.00 secs] 
2019-09-28T18:57:21.712+0000: 214.435: [GC (Allocation Failure) 2019-09-28T18:57:21.712+0000: 214.435: [DefNew: 409813K->215K(460800K), 0.0027317 secs] 466212K->56613K(1484800K), 0.0028184 secs] [Times: user=0.00 sys=0.00, real=0.00 secs] 
2019-09-28T18:57:28.986+0000: 221.709: [GC (Allocation Failure) 2019-09-28T18:57:28.986+0000: 221.709: [DefNew: 409815K->257K(460800K), 0.0029236 secs] 466213K->56656K(1484800K), 0.0030080 secs] [Times: user=0.00 sys=0.01, real=0.00 secs] 
2019-09-28T18:57:36.763+0000: 229.485: [GC (Allocation Failure) 2019-09-28T18:57:36.763+0000: 229.485: [DefNew: 409857K->214K(460800K), 0.0027780 secs] 466256K->56613K(1484800K), 0.0028674 secs] [Times: user=0.00 sys=0.01, real=0.00 secs] 
2019-09-28T18:57:44.062+0000: 236.784: [GC (Allocation Failure) 2019-09-28T18:57:44.062+0000: 236.784: [DefNew: 409814K->193K(460800K), 0.0028622 secs] 466213K->56644K(1484800K), 0.0029913 secs] [Times: user=0.00 sys=0.00, real=0.00 secs] 
2019-09-28T18:57:51.207+0000: 243.930: [GC (Allocation Failure) 2019-09-28T18:57:51.207+0000: 243.930: [DefNew: 409793K->208K(460800K), 0.0029008 secs] 466244K->56659K(1484800K), 0.0029974 secs] [Times: user=0.00 sys=0.00, real=0.01 secs] 
2019-09-28T18:57:58.907+0000: 251.630: [GC (Allocation Failure) 2019-09-28T18:57:58.907+0000: 251.630: [DefNew: 409808K->186K(460800K), 0.0027026 secs] 466259K->56638K(1484800K), 0.0027997 secs] [Times: user=0.00 sys=0.00, real=0.01 secs] 
2019-09-28T18:58:06.203+0000: 258.925: [GC (Allocation Failure) 2019-09-28T18:58:06.203+0000: 258.925: [DefNew: 409786K->196K(460800K), 0.0028675 secs] 466238K->56647K(1484800K), 0.0029880 secs] [Times: user=0.00 sys=0.00, real=0.00 secs] 
2019-09-28T18:58:13.431+0000: 266.154: [GC (Allocation Failure) 2019-09-28T18:58:13.431+0000: 266.154: [DefNew: 409796K->260K(460800K), 0.0028369 secs] 466247K->56712K(1484800K), 0.0029219 secs] [Times: user=0.01 sys=0.00, real=0.00 secs] 
2019-09-28T18:58:20.686+0000: 273.408: [GC (Allocation Failure) 2019-09-28T18:58:20.686+0000: 273.408: [DefNew: 409860K->248K(460800K), 0.0035601 secs] 466312K->56699K(1484800K), 0.0036603 secs] [Times: user=0.00 sys=0.00, real=0.00 secs] 
2019-09-28T18:58:28.520+0000: 281.243: [GC (Allocation Failure) 2019-09-28T18:58:28.520+0000: 281.243: [DefNew: 409848K->186K(460800K), 0.0027885 secs] 466299K->56638K(1484800K), 0.0028663 secs] [Times: user=0.00 sys=0.00, real=0.00 secs] 
2019-09-28T18:58:35.817+0000: 288.540: [GC (Allocation Failure) 2019-09-28T18:58:35.817+0000: 288.540: [DefNew: 409786K->187K(460800K), 0.0027226 secs] 466238K->56639K(1484800K), 0.0028084 secs] [Times: user=0.00 sys=0.00, real=0.01 secs] 
2019-09-28T18:58:43.062+0000: 295.785: [GC (Allocation Failure) 2019-09-28T18:58:43.062+0000: 295.785: [DefNew: 409787K->175K(460800K), 0.0029674 secs] 466239K->56649K(1484800K), 0.0030545 secs] [Times: user=0.00 sys=0.00, real=0.00 secs] 
2019-09-28T18:58:50.807+0000: 303.529: [GC (Allocation Failure) 2019-09-28T18:58:50.807+0000: 303.529: [DefNew: 409775K->174K(460800K), 0.0028940 secs] 466249K->56648K(1484800K), 0.0029899 secs] [Times: user=0.00 sys=0.00, real=0.00 secs] 
2019-09-28T18:58:58.079+0000: 310.802: [GC (Allocation Failure) 2019-09-28T18:58:58.079+0000: 310.802: [DefNew: 409774K->202K(460800K), 0.0027773 secs] 466248K->56677K(1484800K), 0.0028897 secs] [Times: user=0.00 sys=0.00, real=0.00 secs] 
2019-09-28T18:59:05.372+0000: 318.095: [GC (Allocation Failure) 2019-09-28T18:59:05.372+0000: 318.095: [DefNew: 409802K->248K(460800K), 0.0030999 secs] 466277K->56723K(1484800K), 0.0031960 secs] [Times: user=0.00 sys=0.00, real=0.00 secs] 
2019-09-28T18:59:13.204+0000: 325.927: [GC (Allocation Failure) 2019-09-28T18:59:13.204+0000: 325.927: [DefNew: 409848K->174K(460800K), 0.0027113 secs] 466323K->56649K(1484800K), 0.0027995 secs] [Times: user=0.00 sys=0.00, real=0.00 secs] 
2019-09-28T18:59:20.489+0000: 333.212: [GC (Allocation Failure) 2019-09-28T18:59:20.489+0000: 333.212: [DefNew: 409774K->199K(460800K), 0.0027986 secs] 466249K->56674K(1484800K), 0.0028964 secs] [Times: user=0.00 sys=0.00, real=0.01 secs] 
2019-09-28T18:59:27.784+0000: 340.507: [GC (Allocation Failure) 2019-09-28T18:59:27.785+0000: 340.507: [DefNew: 409799K->205K(460800K), 0.0029597 secs] 466274K->56680K(1484800K), 0.0030485 secs] [Times: user=0.01 sys=0.00, real=0.00 secs] 
2019-09-28T18:59:35.543+0000: 348.265: [GC (Allocation Failure) 2019-09-28T18:59:35.543+0000: 348.265: [DefNew: 409805K->174K(460800K), 0.0027014 secs] 466280K->56650K(1484800K), 0.0027799 secs] [Times: user=0.00 sys=0.00, real=0.00 secs] 
2019-09-28T18:59:42.829+0000: 355.552: [GC (Allocation Failure) 2019-09-28T18:59:42.829+0000: 355.552: [DefNew: 409774K->151K(460800K), 0.0028016 secs] 466250K->56650K(1484800K), 0.0029100 secs] [Times: user=0.00 sys=0.00, real=0.01 secs] 
2019-09-28T18:59:50.152+0000: 362.874: [GC (Allocation Failure) 2019-09-28T18:59:50.152+0000: 362.874: [DefNew: 409751K->192K(460800K), 0.0028820 secs] 466250K->56692K(1484800K), 0.0029687 secs] [Times: user=0.00 sys=0.00, real=0.00 secs] 
2019-09-28T18:59:57.310+0000: 370.033: [GC (Allocation Failure) 2019-09-28T18:59:57.310+0000: 370.033: [DefNew: 409792K->239K(460800K), 0.0029728 secs] 466292K->56740K(1484800K), 0.0030531 secs] [Times: user=0.00 sys=0.00, real=0.00 secs] 
2019-09-28T19:00:05.100+0000: 377.823: [GC (Allocation Failure) 2019-09-28T19:00:05.100+0000: 377.823: [DefNew: 409839K->186K(460800K), 0.0027731 secs] 466340K->56686K(1484800K), 0.0028772 secs] [Times: user=0.01 sys=0.00, real=0.00 secs] 
2019-09-28T19:00:12.373+0000: 385.095: [GC (Allocation Failure) 2019-09-28T19:00:12.373+0000: 385.095: [DefNew: 409786K->184K(460800K), 0.0028856 secs] 466286K->56685K(1484800K), 0.0029810 secs] [Times: user=0.00 sys=0.00, real=0.00 secs] 
2019-09-28T19:00:19.667+0000: 392.390: [GC (Allocation Failure) 2019-09-28T19:00:19.667+0000: 392.390: [DefNew: 409784K->230K(460800K), 0.0028115 secs] 466285K->56731K(1484800K), 0.0028965 secs] [Times: user=0.01 sys=0.00, real=0.01 secs] 
2019-09-28T19:00:27.465+0000: 400.187: [GC (Allocation Failure) 2019-09-28T19:00:27.465+0000: 400.187: [DefNew: 409830K->217K(460800K), 0.0028328 secs] 466331K->56717K(1484800K), 0.0029122 secs] [Times: user=0.00 sys=0.00, real=0.00 secs] 
2019-09-28T19:00:34.725+0000: 407.447: [GC (Allocation Failure) 2019-09-28T19:00:34.725+0000: 407.447: [DefNew: 409817K->185K(460800K), 0.0027474 secs] 466317K->56686K(1484800K), 0.0028350 secs] [Times: user=0.00 sys=0.00, real=0.00 secs] 
2019-09-28T19:00:41.958+0000: 414.680: [GC (Allocation Failure) 2019-09-28T19:00:41.958+0000: 414.680: [DefNew: 409785K->175K(460800K), 0.0027330 secs] 466286K->56685K(1484800K), 0.0028333 secs] [Times: user=0.00 sys=0.00, real=0.01 secs] 
2019-09-28T19:00:49.788+0000: 422.510: [GC (Allocation Failure) 2019-09-28T19:00:49.788+0000: 422.510: [DefNew: 409775K->178K(460800K), 0.0028972 secs] 466285K->56688K(1484800K), 0.0029892 secs] [Times: user=0.00 sys=0.00, real=0.01 secs] 
2019-09-28T19:00:57.040+0000: 429.762: [GC (Allocation Failure) 2019-09-28T19:00:57.040+0000: 429.762: [DefNew: 409778K->187K(460800K), 0.0029573 secs] 466288K->56698K(1484800K), 0.0030411 secs] [Times: user=0.01 sys=0.00, real=0.00 secs] 
2019-09-28T19:01:04.299+0000: 437.022: [GC (Allocation Failure) 2019-09-28T19:01:04.299+0000: 437.022: [DefNew: 409787K->198K(460800K), 0.0028819 secs] 466298K->56709K(1484800K), 0.0029731 secs] [Times: user=0.00 sys=0.00, real=0.00 secs] 
2019-09-28T19:01:11.551+0000: 444.273: [GC (Allocation Failure) 2019-09-28T19:01:11.551+0000: 444.273: [DefNew: 409798K->191K(460800K), 0.0028414 secs] 466309K->56702K(1484800K), 0.0029318 secs] [Times: user=0.01 sys=0.00, real=0.00 secs] 
2019-09-28T19:01:19.301+0000: 452.023: [GC (Allocation Failure) 2019-09-28T19:01:19.301+0000: 452.023: [DefNew: 409791K->194K(460800K), 0.0027741 secs] 466302K->56705K(1484800K), 0.0028623 secs] [Times: user=0.00 sys=0.00, real=0.00 secs] 
2019-09-28T19:01:26.600+0000: 459.323: [GC (Allocation Failure) 2019-09-28T19:01:26.600+0000: 459.323: [DefNew: 409794K->200K(460800K), 0.0027716 secs] 466305K->56711K(1484800K), 0.0028556 secs] [Times: user=0.00 sys=0.00, real=0.00 secs] 
19:01:31.913 [worker-akka.actor.default-dispatcher-12] INFO  a.r.a.Association(akka://worker) akka.remote.artery.Association(akka://worker) - Stopping idle outbound stream [2] to [akka://worker@flamestream-benchmarks-worker-0:5412]
2019-09-28T19:01:33.964+0000: 466.687: [GC (Allocation Failure) 2019-09-28T19:01:33.964+0000: 466.687: [DefNew: 409800K->387K(460800K), 0.0032905 secs] 466311K->56899K(1484800K), 0.0033752 secs] [Times: user=0.00 sys=0.00, real=0.00 secs] 
2019-09-28T19:01:41.620+0000: 474.343: [GC (Allocation Failure) 2019-09-28T19:01:41.620+0000: 474.343: [DefNew: 409987K->237K(460800K), 0.0032135 secs] 466499K->56765K(1484800K), 0.0033185 secs] [Times: user=0.00 sys=0.00, real=0.00 secs] 
2019-09-28T19:01:48.998+0000: 481.721: [GC (Allocation Failure) 2019-09-28T19:01:48.998+0000: 481.721: [DefNew: 409837K->214K(460800K), 0.0031397 secs] 466365K->56761K(1484800K), 0.0032268 secs] [Times: user=0.01 sys=0.00, real=0.00 secs] 
2019-09-28T19:01:56.101+0000: 488.824: [GC (Allocation Failure) 2019-09-28T19:01:56.101+0000: 488.824: [DefNew: 409814K->269K(460800K), 0.0031469 secs] 466361K->56816K(1484800K), 0.0032378 secs] [Times: user=0.00 sys=0.00, real=0.00 secs] 
2019-09-28T19:02:04.031+0000: 496.753: [GC (Allocation Failure) 2019-09-28T19:02:04.031+0000: 496.753: [DefNew: 409869K->257K(460800K), 0.0030660 secs] 466416K->56804K(1484800K), 0.0031423 secs] [Times: user=0.00 sys=0.00, real=0.00 secs] 
2019-09-28T19:02:11.281+0000: 504.004: [GC (Allocation Failure) 2019-09-28T19:02:11.281+0000: 504.004: [DefNew: 409857K->293K(460800K), 0.0030715 secs] 466404K->56841K(1484800K), 0.0031623 secs] [Times: user=0.00 sys=0.00, real=0.00 secs] 
2019-09-28T19:02:18.561+0000: 511.284: [GC (Allocation Failure) 2019-09-28T19:02:18.561+0000: 511.284: [DefNew: 409893K->241K(460800K), 0.0029667 secs] 466441K->56788K(1484800K), 0.0030875 secs] [Times: user=0.00 sys=0.00, real=0.00 secs] 
2019-09-28T19:02:26.342+0000: 519.065: [GC (Allocation Failure) 2019-09-28T19:02:26.342+0000: 519.065: [DefNew: 409841K->244K(460800K), 0.0030088 secs] 466388K->56791K(1484800K), 0.0031092 secs] [Times: user=0.00 sys=0.00, real=0.00 secs] 
2019-09-28T19:02:33.624+0000: 526.346: [GC (Allocation Failure) 2019-09-28T19:02:33.624+0000: 526.346: [DefNew: 409844K->255K(460800K), 0.0031065 secs] 466391K->56802K(1484800K), 0.0031822 secs] [Times: user=0.00 sys=0.00, real=0.00 secs] 
2019-09-28T19:02:40.899+0000: 533.621: [GC (Allocation Failure) 2019-09-28T19:02:40.899+0000: 533.621: [DefNew: 409855K->278K(460800K), 0.0031880 secs] 466402K->56828K(1484800K), 0.0032864 secs] [Times: user=0.01 sys=0.00, real=0.00 secs] 
2019-09-28T19:02:48.135+0000: 540.857: [GC (Allocation Failure) 2019-09-28T19:02:48.135+0000: 540.857: [DefNew: 409878K->226K(460800K), 0.0029418 secs] 466428K->56787K(1484800K), 0.0030249 secs] [Times: user=0.00 sys=0.00, real=0.00 secs] 
2019-09-28T19:02:55.892+0000: 548.614: [GC (Allocation Failure) 2019-09-28T19:02:55.892+0000: 548.614: [DefNew: 409826K->275K(460800K), 0.0030377 secs] 466387K->56835K(1484800K), 0.0031260 secs] [Times: user=0.00 sys=0.00, real=0.00 secs] 
2019-09-28T19:03:03.319+0000: 556.042: [GC (Allocation Failure) 2019-09-28T19:03:03.319+0000: 556.042: [DefNew: 409875K->287K(460800K), 0.0029603 secs] 466435K->56851K(1484800K), 0.0030531 secs] [Times: user=0.01 sys=0.00, real=0.00 secs] 
2019-09-28T19:03:10.586+0000: 563.308: [GC (Allocation Failure) 2019-09-28T19:03:10.586+0000: 563.308: [DefNew: 409887K->305K(460800K), 0.0032887 secs] 466451K->56871K(1484800K), 0.0033847 secs] [Times: user=0.01 sys=0.00, real=0.00 secs] 
2019-09-28T19:03:18.362+0000: 571.084: [GC (Allocation Failure) 2019-09-28T19:03:18.362+0000: 571.084: [DefNew: 409905K->257K(460800K), 0.0029808 secs] 466471K->56824K(1484800K), 0.0030605 secs] [Times: user=0.00 sys=0.00, real=0.00 secs] 
2019-09-28T19:03:25.679+0000: 578.401: [GC (Allocation Failure) 2019-09-28T19:03:25.679+0000: 578.402: [DefNew: 409857K->208K(460800K), 0.0030409 secs] 466424K->56822K(1484800K), 0.0031346 secs] [Times: user=0.01 sys=0.00, real=0.00 secs] 
2019-09-28T19:03:32.860+0000: 585.583: [GC (Allocation Failure) 2019-09-28T19:03:32.860+0000: 585.583: [DefNew: 409808K->198K(460800K), 0.0029006 secs] 466422K->56821K(1484800K), 0.0030111 secs] [Times: user=0.00 sys=0.00, real=0.00 secs] 
2019-09-28T19:03:40.645+0000: 593.368: [GC (Allocation Failure) 2019-09-28T19:03:40.645+0000: 593.368: [DefNew: 409798K->202K(460800K), 0.0027089 secs] 466421K->56826K(1484800K), 0.0028154 secs] [Times: user=0.01 sys=0.00, real=0.00 secs] 
2019-09-28T19:03:47.910+0000: 600.633: [GC (Allocation Failure) 2019-09-28T19:03:47.911+0000: 600.633: [DefNew: 409802K->173K(460800K), 0.0027627 secs] 466426K->56822K(1484800K), 0.0028396 secs] [Times: user=0.00 sys=0.00, real=0.00 secs] 
2019-09-28T19:03:55.253+0000: 607.976: [GC (Allocation Failure) 2019-09-28T19:03:55.253+0000: 607.976: [DefNew: 409773K->247K(460800K), 0.0030115 secs] 466422K->56896K(1484800K), 0.0031152 secs] [Times: user=0.00 sys=0.00, real=0.00 secs] 
2019-09-28T19:04:03.045+0000: 615.767: [GC (Allocation Failure) 2019-09-28T19:04:03.045+0000: 615.767: [DefNew: 409847K->184K(460800K), 0.0027376 secs] 466496K->56833K(1484800K), 0.0028612 secs] [Times: user=0.01 sys=0.00, real=0.00 secs] 
2019-09-28T19:04:10.310+0000: 623.032: [GC (Allocation Failure) 2019-09-28T19:04:10.310+0000: 623.032: [DefNew: 409784K->183K(460800K), 0.0028647 secs] 466433K->56833K(1484800K), 0.0029517 secs] [Times: user=0.01 sys=0.00, real=0.01 secs] 
2019-09-28T19:04:17.603+0000: 630.325: [GC (Allocation Failure) 2019-09-28T19:04:17.603+0000: 630.325: [DefNew: 409783K->182K(460800K), 0.0026785 secs] 466433K->56832K(1484800K), 0.0027484 secs] [Times: user=0.00 sys=0.00, real=0.00 secs] 
2019-09-28T19:04:25.416+0000: 638.138: [GC (Allocation Failure) 2019-09-28T19:04:25.416+0000: 638.138: [DefNew: 409782K->183K(460800K), 0.0027645 secs] 466432K->56832K(1484800K), 0.0028468 secs] [Times: user=0.01 sys=0.00, real=0.01 secs] 
2019-09-28T19:04:32.678+0000: 645.400: [GC (Allocation Failure) 2019-09-28T19:04:32.678+0000: 645.400: [DefNew: 409783K->262K(460800K), 0.0028675 secs] 466432K->56912K(1484800K), 0.0030105 secs] [Times: user=0.00 sys=0.00, real=0.01 secs] 
2019-09-28T19:04:39.969+0000: 652.691: [GC (Allocation Failure) 2019-09-28T19:04:39.969+0000: 652.691: [DefNew: 409862K->182K(460800K), 0.0026710 secs] 466512K->56831K(1484800K), 0.0027630 secs] [Times: user=0.01 sys=0.00, real=0.01 secs] 
2019-09-28T19:04:47.433+0000: 660.155: [GC (Allocation Failure) 2019-09-28T19:04:47.433+0000: 660.155: [DefNew: 409782K->149K(460800K), 0.0028673 secs] 466431K->56832K(1484800K), 0.0029538 secs] [Times: user=0.00 sys=0.00, real=0.00 secs] 
2019-09-28T19:04:54.978+0000: 667.700: [GC (Allocation Failure) 2019-09-28T19:04:54.978+0000: 667.700: [DefNew: 409749K->161K(460800K), 0.0028237 secs] 466432K->56844K(1484800K), 0.0029149 secs] [Times: user=0.00 sys=0.00, real=0.01 secs] 
2019-09-28T19:05:02.460+0000: 675.182: [GC (Allocation Failure) 2019-09-28T19:05:02.460+0000: 675.182: [DefNew: 409761K->160K(460800K), 0.0025662 secs] 466444K->56843K(1484800K), 0.0026495 secs] [Times: user=0.00 sys=0.00, real=0.00 secs] 
2019-09-28T19:05:10.280+0000: 683.003: [GC (Allocation Failure) 2019-09-28T19:05:10.280+0000: 683.003: [DefNew: 409760K->221K(460800K), 0.0029032 secs] 466443K->56905K(1484800K), 0.0030302 secs] [Times: user=0.00 sys=0.00, real=0.00 secs] 
2019-09-28T19:05:17.577+0000: 690.299: [GC (Allocation Failure) 2019-09-28T19:05:17.577+0000: 690.299: [DefNew: 409821K->237K(460800K), 0.0029233 secs] 466505K->56920K(1484800K), 0.0030020 secs] [Times: user=0.00 sys=0.00, real=0.01 secs] 
2019-09-28T19:05:24.807+0000: 697.529: [GC (Allocation Failure) 2019-09-28T19:05:24.807+0000: 697.529: [DefNew: 409837K->169K(460800K), 0.0027936 secs] 466520K->56853K(1484800K), 0.0028860 secs] [Times: user=0.00 sys=0.00, real=0.00 secs] 
2019-09-28T19:05:32.625+0000: 705.347: [GC (Allocation Failure) 2019-09-28T19:05:32.625+0000: 705.347: [DefNew: 409769K->160K(460800K), 0.0026802 secs] 466453K->56844K(1484800K), 0.0027681 secs] [Times: user=0.01 sys=0.00, real=0.00 secs] 
2019-09-28T19:05:39.950+0000: 712.672: [GC (Allocation Failure) 2019-09-28T19:05:39.950+0000: 712.673: [DefNew: 409760K->179K(460800K), 0.0026935 secs] 466444K->56863K(1484800K), 0.0027925 secs] [Times: user=0.00 sys=0.00, real=0.00 secs] 
2019-09-28T19:05:47.119+0000: 719.841: [GC (Allocation Failure) 2019-09-28T19:05:47.119+0000: 719.841: [DefNew: 409779K->238K(460800K), 0.0026516 secs] 466463K->56931K(1484800K), 0.0027437 secs] [Times: user=0.00 sys=0.00, real=0.00 secs] 
2019-09-28T19:05:54.345+0000: 727.067: [GC (Allocation Failure) 2019-09-28T19:05:54.345+0000: 727.067: [DefNew: 409838K->269K(460800K), 0.0029896 secs] 466531K->56962K(1484800K), 0.0030727 secs] [Times: user=0.00 sys=0.00, real=0.00 secs] 
2019-09-28T19:06:02.161+0000: 734.883: [GC (Allocation Failure) 2019-09-28T19:06:02.161+0000: 734.883: [DefNew: 409869K->226K(460800K), 0.0028416 secs] 466562K->56920K(1484800K), 0.0029365 secs] [Times: user=0.00 sys=0.00, real=0.00 secs] 
2019-09-28T19:06:09.438+0000: 742.160: [GC (Allocation Failure) 2019-09-28T19:06:09.438+0000: 742.160: [DefNew: 409826K->225K(460800K), 0.0026734 secs] 466520K->56919K(1484800K), 0.0027595 secs] [Times: user=0.00 sys=0.00, real=0.00 secs] 
2019-09-28T19:06:16.672+0000: 749.394: [GC (Allocation Failure) 2019-09-28T19:06:16.672+0000: 749.394: [DefNew: 409825K->281K(460800K), 0.0028035 secs] 466519K->56975K(1484800K), 0.0029085 secs] [Times: user=0.00 sys=0.00, real=0.00 secs] 
2019-09-28T19:06:24.493+0000: 757.216: [GC (Allocation Failure) 2019-09-28T19:06:24.493+0000: 757.216: [DefNew: 409881K->225K(460800K), 0.0028661 secs] 466575K->56919K(1484800K), 0.0029587 secs] [Times: user=0.00 sys=0.00, real=0.00 secs] 
2019-09-28T19:06:31.772+0000: 764.494: [GC (Allocation Failure) 2019-09-28T19:06:31.772+0000: 764.494: [DefNew: 409825K->225K(460800K), 0.0026387 secs] 466519K->56919K(1484800K), 0.0027410 secs] [Times: user=0.00 sys=0.00, real=0.00 secs] 
2019-09-28T19:06:39.010+0000: 771.733: [GC (Allocation Failure) 2019-09-28T19:06:39.011+0000: 771.733: [DefNew: 409825K->308K(460800K), 0.0028882 secs] 466519K->57002K(1484800K), 0.0029898 secs] [Times: user=0.01 sys=0.00, real=0.00 secs] 
2019-09-28T19:06:46.805+0000: 779.528: [GC (Allocation Failure) 2019-09-28T19:06:46.805+0000: 779.528: [DefNew: 409908K->214K(460800K), 0.0027733 secs] 466602K->56920K(1484800K), 0.0028825 secs] [Times: user=0.00 sys=0.00, real=0.00 secs] 
2019-09-28T19:06:53.971+0000: 786.693: [GC (Allocation Failure) 2019-09-28T19:06:53.971+0000: 786.693: [DefNew: 409814K->270K(460800K), 0.0028996 secs] 466520K->56976K(1484800K), 0.0029894 secs] [Times: user=0.01 sys=0.00, real=0.00 secs] 
2019-09-28T19:07:01.320+0000: 794.043: [GC (Allocation Failure) 2019-09-28T19:07:01.320+0000: 794.043: [DefNew: 409870K->223K(460800K), 0.0028354 secs] 466576K->56929K(1484800K), 0.0029341 secs] [Times: user=0.01 sys=0.00, real=0.00 secs] 
2019-09-28T19:07:08.465+0000: 801.188: [GC (Allocation Failure) 2019-09-28T19:07:08.465+0000: 801.188: [DefNew: 409823K->301K(460800K), 0.0028574 secs] 466529K->57007K(1484800K), 0.0029387 secs] [Times: user=0.00 sys=0.00, real=0.00 secs] 
2019-09-28T19:07:16.214+0000: 808.936: [GC (Allocation Failure) 2019-09-28T19:07:16.214+0000: 808.936: [DefNew: 409901K->280K(460800K), 0.0029422 secs] 466607K->56986K(1484800K), 0.0030329 secs] [Times: user=0.00 sys=0.00, real=0.00 secs] 
2019-09-28T19:07:23.465+0000: 816.188: [GC (Allocation Failure) 2019-09-28T19:07:23.465+0000: 816.188: [DefNew: 409880K->224K(460800K), 0.0028748 secs] 466586K->56930K(1484800K), 0.0029592 secs] [Times: user=0.00 sys=0.00, real=0.00 secs] 
2019-09-28T19:07:30.709+0000: 823.431: [GC (Allocation Failure) 2019-09-28T19:07:30.709+0000: 823.431: [DefNew: 409824K->225K(460800K), 0.0026732 secs] 466530K->56931K(1484800K), 0.0027550 secs] [Times: user=0.00 sys=0.00, real=0.01 secs] 
2019-09-28T19:07:37.976+0000: 830.698: [GC (Allocation Failure) 2019-09-28T19:07:37.976+0000: 830.698: [DefNew: 409825K->190K(460800K), 0.0028396 secs] 466531K->56962K(1484800K), 0.0029412 secs] [Times: user=0.00 sys=0.00, real=0.01 secs] 
2019-09-28T19:07:45.746+0000: 838.468: [GC (Allocation Failure) 2019-09-28T19:07:45.746+0000: 838.468: [DefNew: 409790K->148K(460800K), 0.0026908 secs] 466562K->56930K(1484800K), 0.0027823 secs] [Times: user=0.00 sys=0.00, real=0.00 secs] 
2019-09-28T19:07:52.984+0000: 845.707: [GC (Allocation Failure) 2019-09-28T19:07:52.984+0000: 845.707: [DefNew: 409748K->182K(460800K), 0.0032669 secs] 466530K->56964K(1484800K), 0.0033578 secs] [Times: user=0.01 sys=0.00, real=0.00 secs] 
2019-09-28T19:08:00.198+0000: 852.921: [GC (Allocation Failure) 2019-09-28T19:08:00.198+0000: 852.921: [DefNew: 409782K->177K(460800K), 0.0028755 secs] 466564K->56959K(1484800K), 0.0029671 secs] [Times: user=0.01 sys=0.00, real=0.00 secs] 
2019-09-28T19:08:08.022+0000: 860.744: [GC (Allocation Failure) 2019-09-28T19:08:08.022+0000: 860.745: [DefNew: 409777K->160K(460800K), 0.0026686 secs] 466559K->56942K(1484800K), 0.0027551 secs] [Times: user=0.00 sys=0.00, real=0.00 secs] 
2019-09-28T19:08:15.298+0000: 868.021: [GC (Allocation Failure) 2019-09-28T19:08:15.298+0000: 868.021: [DefNew: 409760K->157K(460800K), 0.0027267 secs] 466542K->56938K(1484800K), 0.0028463 secs] [Times: user=0.00 sys=0.00, real=0.00 secs] 
2019-09-28T19:08:22.536+0000: 875.259: [GC (Allocation Failure) 2019-09-28T19:08:22.536+0000: 875.259: [DefNew: 409757K->156K(460800K), 0.0027705 secs] 466538K->56938K(1484800K), 0.0028794 secs] [Times: user=0.00 sys=0.00, real=0.01 secs] 
2019-09-28T19:08:30.397+0000: 883.120: [GC (Allocation Failure) 2019-09-28T19:08:30.397+0000: 883.120: [DefNew: 409756K->157K(460800K), 0.0030014 secs] 466538K->56939K(1484800K), 0.0030857 secs] [Times: user=0.00 sys=0.00, real=0.01 secs] 
2019-09-28T19:08:37.657+0000: 890.379: [GC (Allocation Failure) 2019-09-28T19:08:37.657+0000: 890.380: [DefNew: 409757K->199K(460800K), 0.0028008 secs] 466539K->56981K(1484800K), 0.0029149 secs] [Times: user=0.00 sys=0.00, real=0.01 secs] 
2019-09-28T19:08:44.925+0000: 897.647: [GC (Allocation Failure) 2019-09-28T19:08:44.925+0000: 897.647: [DefNew: 409799K->241K(460800K), 0.0031022 secs] 466581K->57032K(1484800K), 0.0031932 secs] [Times: user=0.00 sys=0.00, real=0.00 secs] 
2019-09-28T19:08:52.196+0000: 904.919: [GC (Allocation Failure) 2019-09-28T19:08:52.196+0000: 904.919: [DefNew: 409841K->156K(460800K), 0.0030410 secs] 466632K->56947K(1484800K), 0.0031555 secs] [Times: user=0.01 sys=0.00, real=0.01 secs] 
2019-09-28T19:08:59.957+0000: 912.680: [GC (Allocation Failure) 2019-09-28T19:08:59.957+0000: 912.680: [DefNew: 409756K->190K(460800K), 0.0028045 secs] 466547K->56981K(1484800K), 0.0028818 secs] [Times: user=0.01 sys=0.00, real=0.01 secs] 
2019-09-28T19:09:07.186+0000: 919.909: [GC (Allocation Failure) 2019-09-28T19:09:07.186+0000: 919.909: [DefNew: 409790K->188K(460800K), 0.0027841 secs] 466581K->56979K(1484800K), 0.0028829 secs] [Times: user=0.00 sys=0.00, real=0.00 secs] 
2019-09-28T19:09:14.451+0000: 927.173: [GC (Allocation Failure) 2019-09-28T19:09:14.451+0000: 927.173: [DefNew: 409788K->212K(460800K), 0.0028025 secs] 466579K->57003K(1484800K), 0.0028892 secs] [Times: user=0.00 sys=0.00, real=0.00 secs] 
2019-09-28T19:09:22.305+0000: 935.028: [GC (Allocation Failure) 2019-09-28T19:09:22.305+0000: 935.028: [DefNew: 409812K->201K(460800K), 0.0029543 secs] 466603K->56992K(1484800K), 0.0030483 secs] [Times: user=0.00 sys=0.00, real=0.00 secs] 
2019-09-28T19:09:29.583+0000: 942.305: [GC (Allocation Failure) 2019-09-28T19:09:29.583+0000: 942.306: [DefNew: 409801K->226K(460800K), 0.0027647 secs] 466592K->57018K(1484800K), 0.0028759 secs] [Times: user=0.00 sys=0.00, real=0.00 secs] 
2019-09-28T19:09:36.881+0000: 949.603: [GC (Allocation Failure) 2019-09-28T19:09:36.881+0000: 949.603: [DefNew: 409826K->222K(460800K), 0.0028481 secs] 466618K->57013K(1484800K), 0.0029740 secs] [Times: user=0.00 sys=0.00, real=0.00 secs] 
2019-09-28T19:09:44.653+0000: 957.376: [GC (Allocation Failure) 2019-09-28T19:09:44.653+0000: 957.376: [DefNew: 409822K->149K(460800K), 0.0028828 secs] 466613K->56949K(1484800K), 0.0029898 secs] [Times: user=0.00 sys=0.00, real=0.00 secs] 
2019-09-28T19:09:51.912+0000: 964.634: [GC (Allocation Failure) 2019-09-28T19:09:51.912+0000: 964.634: [DefNew: 409749K->163K(460800K), 0.0027363 secs] 466549K->56964K(1484800K), 0.0028277 secs] [Times: user=0.01 sys=0.00, real=0.00 secs] 
2019-09-28T19:09:59.173+0000: 971.895: [GC (Allocation Failure) 2019-09-28T19:09:59.173+0000: 971.895: [DefNew: 409763K->237K(460800K), 0.0027952 secs] 466564K->57038K(1484800K), 0.0028753 secs] [Times: user=0.00 sys=0.00, real=0.00 secs] 
2019-09-28T19:10:06.982+0000: 979.705: [GC (Allocation Failure) 2019-09-28T19:10:06.982+0000: 979.705: [DefNew: 409837K->171K(460800K), 0.0028247 secs] 466638K->56971K(1484800K), 0.0029201 secs] [Times: user=0.01 sys=0.00, real=0.00 secs] 
2019-09-28T19:10:14.244+0000: 986.966: [GC (Allocation Failure) 2019-09-28T19:10:14.244+0000: 986.966: [DefNew: 409771K->204K(460800K), 0.0026678 secs] 466571K->57005K(1484800K), 0.0027552 secs] [Times: user=0.00 sys=0.00, real=0.00 secs] 
2019-09-28T19:10:21.494+0000: 994.217: [GC (Allocation Failure) 2019-09-28T19:10:21.494+0000: 994.217: [DefNew: 409804K->163K(460800K), 0.0027372 secs] 466605K->56964K(1484800K), 0.0028346 secs] [Times: user=0.00 sys=0.00, real=0.00 secs] 
2019-09-28T19:10:28.751+0000: 1001.473: [GC (Allocation Failure) 2019-09-28T19:10:28.751+0000: 1001.473: [DefNew: 409763K->181K(460800K), 0.0026531 secs] 466564K->56981K(1484800K), 0.0027606 secs] [Times: user=0.00 sys=0.00, real=0.00 secs] 
2019-09-28T19:10:36.548+0000: 1009.271: [GC (Allocation Failure) 2019-09-28T19:10:36.548+0000: 1009.271: [DefNew: 409781K->213K(460800K), 0.0027346 secs] 466581K->57014K(1484800K), 0.0028155 secs] [Times: user=0.00 sys=0.00, real=0.01 secs] 
2019-09-28T19:10:43.791+0000: 1016.513: [GC (Allocation Failure) 2019-09-28T19:10:43.791+0000: 1016.513: [DefNew: 409813K->234K(460800K), 0.0028471 secs] 466614K->57043K(1484800K), 0.0029351 secs] [Times: user=0.01 sys=0.00, real=0.00 secs] 
2019-09-28T19:10:51.033+0000: 1023.755: [GC (Allocation Failure) 2019-09-28T19:10:51.033+0000: 1023.755: [DefNew: 409834K->299K(460800K), 0.0031684 secs] 466643K->57108K(1484800K), 0.0032738 secs] [Times: user=0.00 sys=0.00, real=0.00 secs] 
19:10:55.521 [Client] INFO  c.s.f.r.e.s.SocketRear  - FlameSocketGraphDeployerRear@flamestream-benchmarks-worker-6: has been disconnected from Connection 6
19:10:55.525 [Client] INFO  c.s.f.r.e.s.SocketFront  - FlameSocketGraphDeployerFront@flamestream-benchmarks-worker-6 has been disconnected from Connection 6
19:10:55.551 [worker-akka.actor.default-dispatcher-12] WARN  c.s.f.r.e.s.SocketRear  - FlameSocketGraphDeployerRear@flamestream-benchmarks-worker-6: writing to closed log
19:11:14.527 [worker-akka.actor.default-dispatcher-12] INFO  a.a.LocalActorRef akka://worker/user/watcher/processing-watcher/graph/edge/FlameSocketGraphDeployerRear - Stopped
19:11:14.558 [worker-akka.actor.default-dispatcher-12] INFO  a.a.LocalActorRef akka://worker/user/watcher/processing-watcher/graph/negotiator - Stopped
19:11:14.559 [worker-akka.actor.default-dispatcher-12] INFO  a.a.LocalActorRef akka://worker/user/watcher/processing-watcher/graph/graph/$+ - Stopped
19:11:14.559 [worker-akka.actor.default-dispatcher-12] INFO  a.a.LocalActorRef akka://worker/user/watcher/processing-watcher/graph/graph/$0 - Stopped
19:11:14.559 [worker-akka.actor.default-dispatcher-12] INFO  a.a.LocalActorRef akka://worker/user/watcher/processing-watcher/graph/edge/FlameSocketGraphDeployerFront - Stopped
19:11:14.559 [worker-akka.actor.default-dispatcher-12] INFO  a.a.LocalActorRef akka://worker/user/watcher/processing-watcher/graph/edge - Stopped
19:11:14.567 [worker-akka.actor.default-dispatcher-22] INFO  a.a.LocalActorRef akka://worker/user/watcher/processing-watcher/graph/graph/$1 - Stopped
19:11:14.568 [worker-akka.actor.default-dispatcher-22] INFO  a.a.LocalActorRef akka://worker/user/watcher/processing-watcher/graph/graph/$2 - Stopped
19:11:14.572 [worker-akka.actor.default-dispatcher-22] INFO  a.a.LocalActorRef akka://worker/user/watcher/processing-watcher/graph/graph/$3 - Stopped
19:11:14.573 [worker-akka.actor.default-dispatcher-22] INFO  a.a.LocalActorRef akka://worker/user/watcher/processing-watcher/graph/graph/$4 - Stopped
19:11:14.574 [worker-akka.actor.default-dispatcher-22] INFO  a.a.LocalActorRef akka://worker/user/watcher/processing-watcher/graph/graph/$5 - Stopped
19:11:14.575 [worker-akka.actor.default-dispatcher-22] INFO  a.a.LocalActorRef akka://worker/user/watcher/processing-watcher/graph/graph/$6 - Stopped
19:11:14.576 [worker-akka.actor.default-dispatcher-22] INFO  a.a.LocalActorRef akka://worker/user/watcher/processing-watcher/graph/graph/$7 - Stopped
19:11:14.577 [worker-akka.actor.default-dispatcher-22] INFO  a.a.LocalActorRef akka://worker/user/watcher/processing-watcher/graph/graph/$8 - Stopped
19:11:14.580 [worker-akka.actor.default-dispatcher-22] INFO  a.a.LocalActorRef akka://worker/user/watcher/processing-watcher/graph/graph/$9 - Stopped
19:11:14.580 [worker-akka.actor.default-dispatcher-10] INFO  a.a.LocalActorRef akka://worker/user/watcher/processing-watcher/graph/graph/$A - Stopped
19:11:14.581 [worker-akka.actor.default-dispatcher-10] INFO  a.a.LocalActorRef akka://worker/user/watcher/processing-watcher/graph/graph/$Ab - Stopped
19:11:14.581 [worker-akka.actor.default-dispatcher-10] INFO  a.a.LocalActorRef akka://worker/user/watcher/processing-watcher/graph/graph/$B - Stopped
19:11:14.581 [worker-akka.actor.default-dispatcher-22] INFO  a.a.LocalActorRef akka://worker/user/watcher/processing-watcher/graph/graph/$Bb - Stopped
19:11:14.582 [worker-akka.actor.default-dispatcher-22] INFO  a.a.LocalActorRef akka://worker/user/watcher/processing-watcher/graph/graph/$C - Stopped
19:11:14.583 [worker-akka.actor.default-dispatcher-22] INFO  a.a.LocalActorRef akka://worker/user/watcher/processing-watcher/graph/graph/$Cb - Stopped
19:11:14.584 [worker-akka.actor.default-dispatcher-22] INFO  a.a.LocalActorRef akka://worker/user/watcher/processing-watcher/graph/graph/$D - Stopped
19:11:14.585 [worker-akka.actor.default-dispatcher-22] INFO  a.a.LocalActorRef akka://worker/user/watcher/processing-watcher/graph/graph/$Db - Stopped
19:11:14.586 [worker-akka.actor.default-dispatcher-22] INFO  a.a.LocalActorRef akka://worker/user/watcher/processing-watcher/graph/graph/$E - Stopped
19:11:14.591 [worker-akka.actor.default-dispatcher-22] INFO  a.a.LocalActorRef akka://worker/user/watcher/processing-watcher/graph/graph/$Eb - Stopped
19:11:14.594 [worker-akka.actor.default-dispatcher-22] INFO  a.a.LocalActorRef akka://worker/user/watcher/processing-watcher/graph/graph/$F - Stopped
19:11:14.594 [worker-akka.actor.default-dispatcher-22] INFO  a.a.LocalActorRef akka://worker/user/watcher/processing-watcher/graph/graph/$Fb - Stopped
19:11:14.594 [worker-akka.actor.default-dispatcher-22] INFO  a.a.LocalActorRef akka://worker/user/watcher/processing-watcher/graph/graph/$G - Stopped
19:11:14.594 [worker-akka.actor.default-dispatcher-22] INFO  a.a.LocalActorRef akka://worker/user/watcher/processing-watcher/graph/graph/$Gb - Stopped
19:11:14.594 [worker-akka.actor.default-dispatcher-22] INFO  a.a.LocalActorRef akka://worker/user/watcher/processing-watcher/graph/graph/$H - Stopped
19:11:14.598 [worker-akka.actor.default-dispatcher-10] INFO  a.a.LocalActorRef akka://worker/user/watcher/processing-watcher/graph/graph/$Hb - Stopped
19:11:14.598 [worker-akka.actor.default-dispatcher-10] INFO  a.a.LocalActorRef akka://worker/user/watcher/processing-watcher/graph/graph/$I - Stopped
19:11:14.598 [worker-akka.actor.default-dispatcher-10] INFO  a.a.LocalActorRef akka://worker/user/watcher/processing-watcher/graph/graph/$Ib - Stopped
19:11:14.598 [worker-akka.actor.default-dispatcher-10] INFO  a.a.LocalActorRef akka://worker/user/watcher/processing-watcher/graph/graph/$J - Stopped
19:11:14.598 [worker-akka.actor.default-dispatcher-10] INFO  a.a.LocalActorRef akka://worker/user/watcher/processing-watcher/graph/graph/$Jb - Stopped
19:11:14.598 [worker-akka.actor.default-dispatcher-10] INFO  a.a.LocalActorRef akka://worker/user/watcher/processing-watcher/graph/graph/$K - Stopped
19:11:14.599 [worker-akka.actor.default-dispatcher-10] INFO  a.a.LocalActorRef akka://worker/user/watcher/processing-watcher/graph/graph/$Kb - Stopped
19:11:14.599 [worker-akka.actor.default-dispatcher-10] INFO  a.a.LocalActorRef akka://worker/user/watcher/processing-watcher/graph/graph/$L - Stopped
19:11:14.599 [worker-akka.actor.default-dispatcher-10] INFO  a.a.LocalActorRef akka://worker/user/watcher/processing-watcher/graph/graph/$Lb - Stopped
19:11:14.599 [worker-akka.actor.default-dispatcher-10] INFO  a.a.LocalActorRef akka://worker/user/watcher/processing-watcher/graph/graph/$M - Stopped
19:11:14.599 [worker-akka.actor.default-dispatcher-10] INFO  a.a.LocalActorRef akka://worker/user/watcher/processing-watcher/graph/graph/$Mb - Stopped
19:11:14.606 [worker-akka.actor.default-dispatcher-22] INFO  a.a.LocalActorRef akka://worker/user/watcher/processing-watcher/graph/graph/$N - Stopped
19:11:14.606 [worker-akka.actor.default-dispatcher-22] INFO  a.a.LocalActorRef akka://worker/user/watcher/processing-watcher/graph/graph/$Nb - Stopped
19:11:14.606 [worker-akka.actor.default-dispatcher-22] INFO  a.a.LocalActorRef akka://worker/user/watcher/processing-watcher/graph/graph/$O - Stopped
19:11:14.606 [worker-akka.actor.default-dispatcher-22] INFO  a.a.LocalActorRef akka://worker/user/watcher/processing-watcher/graph/graph/$P - Stopped
19:11:14.606 [worker-akka.actor.default-dispatcher-22] INFO  a.a.LocalActorRef akka://worker/user/watcher/processing-watcher/graph/graph/$Q - Stopped
19:11:14.608 [worker-akka.actor.default-dispatcher-22] INFO  a.a.LocalActorRef akka://worker/user/watcher/processing-watcher/graph/graph/$R - Stopped
19:11:14.608 [worker-akka.actor.default-dispatcher-22] INFO  a.a.LocalActorRef akka://worker/user/watcher/processing-watcher/graph/graph/$S - Stopped
19:11:14.609 [worker-akka.actor.default-dispatcher-22] INFO  a.a.LocalActorRef akka://worker/user/watcher/processing-watcher/graph/graph/$T - Stopped
19:11:14.609 [worker-akka.actor.default-dispatcher-22] INFO  a.a.LocalActorRef akka://worker/user/watcher/processing-watcher/graph/graph/$U - Stopped
19:11:14.610 [worker-akka.actor.default-dispatcher-22] INFO  a.a.LocalActorRef akka://worker/user/watcher/processing-watcher/graph/graph/$V - Stopped
19:11:14.610 [worker-akka.actor.default-dispatcher-22] INFO  a.a.LocalActorRef akka://worker/user/watcher/processing-watcher/graph/graph/$W - Stopped
19:11:14.610 [worker-akka.actor.default-dispatcher-22] INFO  a.a.LocalActorRef akka://worker/user/watcher/processing-watcher/graph/graph/$X - Stopped
19:11:14.610 [worker-akka.actor.default-dispatcher-22] INFO  a.a.LocalActorRef akka://worker/user/watcher/processing-watcher/graph/graph/$Y - Stopped
19:11:14.611 [worker-akka.actor.default-dispatcher-22] INFO  a.a.LocalActorRef akka://worker/user/watcher/processing-watcher/graph/graph/$Z - Stopped
19:11:14.612 [worker-akka.actor.default-dispatcher-22] INFO  a.a.LocalActorRef akka://worker/user/watcher/processing-watcher/graph/graph/$a - Stopped
19:11:14.612 [worker-akka.actor.default-dispatcher-22] INFO  a.a.LocalActorRef akka://worker/user/watcher/processing-watcher/graph/graph/$ab - Stopped
19:11:14.612 [worker-akka.actor.default-dispatcher-22] INFO  a.a.LocalActorRef akka://worker/user/watcher/processing-watcher/graph/graph/$b - Stopped
19:11:14.612 [worker-akka.actor.default-dispatcher-22] INFO  a.a.LocalActorRef akka://worker/user/watcher/processing-watcher/graph/graph/$bb - Stopped
19:11:14.613 [worker-akka.actor.default-dispatcher-22] INFO  a.a.LocalActorRef akka://worker/user/watcher/processing-watcher/graph/graph/$c - Stopped
19:11:14.613 [worker-akka.actor.default-dispatcher-22] INFO  a.a.LocalActorRef akka://worker/user/watcher/processing-watcher/graph/graph/$cb - Stopped
19:11:14.615 [worker-akka.actor.default-dispatcher-22] INFO  a.a.LocalActorRef akka://worker/user/watcher/processing-watcher/graph/graph/$d - Stopped
19:11:14.616 [worker-akka.actor.default-dispatcher-22] INFO  a.a.LocalActorRef akka://worker/user/watcher/processing-watcher/graph/graph/$db - Stopped
19:11:14.617 [worker-akka.actor.default-dispatcher-22] INFO  a.a.LocalActorRef akka://worker/user/watcher/processing-watcher/graph/graph/$e - Stopped
19:11:14.618 [worker-akka.actor.default-dispatcher-22] INFO  a.a.LocalActorRef akka://worker/user/watcher/processing-watcher/graph/graph/$eb - Stopped
19:11:14.618 [worker-akka.actor.default-dispatcher-22] INFO  a.a.LocalActorRef akka://worker/user/watcher/processing-watcher/graph/graph/$f - Stopped
19:11:14.619 [worker-akka.actor.default-dispatcher-22] INFO  a.a.LocalActorRef akka://worker/user/watcher/processing-watcher/graph/graph/$fb - Stopped
19:11:14.620 [worker-akka.actor.default-dispatcher-22] INFO  a.a.LocalActorRef akka://worker/user/watcher/processing-watcher/graph/graph/$g - Stopped
19:11:14.620 [worker-akka.actor.default-dispatcher-22] INFO  a.a.LocalActorRef akka://worker/user/watcher/processing-watcher/graph/graph/$gb - Stopped
19:11:14.621 [worker-akka.actor.default-dispatcher-22] INFO  a.a.LocalActorRef akka://worker/user/watcher/processing-watcher/graph/graph/$h - Stopped
19:11:14.622 [worker-akka.actor.default-dispatcher-22] INFO  a.a.LocalActorRef akka://worker/user/watcher/processing-watcher/graph/graph/$hb - Stopped
19:11:14.622 [worker-akka.actor.default-dispatcher-22] INFO  a.a.LocalActorRef akka://worker/user/watcher/processing-watcher/graph/graph/$i - Stopped
19:11:14.623 [worker-akka.actor.default-dispatcher-22] INFO  a.a.LocalActorRef akka://worker/user/watcher/processing-watcher/graph/graph/$ib - Stopped
19:11:14.624 [worker-akka.actor.default-dispatcher-22] INFO  a.a.LocalActorRef akka://worker/user/watcher/processing-watcher/graph/graph/$j - Stopped
19:11:14.626 [worker-akka.actor.default-dispatcher-22] INFO  a.a.LocalActorRef akka://worker/user/watcher/processing-watcher/graph/graph/$jb - Stopped
19:11:14.626 [worker-akka.actor.default-dispatcher-22] INFO  a.a.LocalActorRef akka://worker/user/watcher/processing-watcher/graph/graph/$k - Stopped
19:11:14.627 [worker-akka.actor.default-dispatcher-22] INFO  a.a.LocalActorRef akka://worker/user/watcher/processing-watcher/graph/graph/$kb - Stopped
19:11:14.628 [worker-akka.actor.default-dispatcher-22] INFO  a.a.LocalActorRef akka://worker/user/watcher/processing-watcher/graph/graph/$l - Stopped
19:11:14.629 [worker-akka.actor.default-dispatcher-22] INFO  a.a.LocalActorRef akka://worker/user/watcher/processing-watcher/graph/graph/$lb - Stopped
19:11:14.629 [worker-akka.actor.default-dispatcher-22] INFO  a.a.LocalActorRef akka://worker/user/watcher/processing-watcher/graph/graph/$m - Stopped
19:11:14.631 [worker-akka.actor.default-dispatcher-22] INFO  a.a.LocalActorRef akka://worker/user/watcher/processing-watcher/graph/graph/$mb - Stopped
19:11:14.632 [worker-akka.actor.default-dispatcher-22] INFO  a.a.LocalActorRef akka://worker/user/watcher/processing-watcher/graph/graph/$n - Stopped
19:11:14.633 [worker-akka.actor.default-dispatcher-22] INFO  a.a.LocalActorRef akka://worker/user/watcher/processing-watcher/graph/graph/$nb - Stopped
19:11:14.633 [worker-akka.actor.default-dispatcher-22] INFO  a.a.LocalActorRef akka://worker/user/watcher/processing-watcher/graph/graph/$o - Stopped
19:11:14.634 [worker-akka.actor.default-dispatcher-22] INFO  a.a.LocalActorRef akka://worker/user/watcher/processing-watcher/graph/graph/$ob - Stopped
19:11:14.635 [worker-akka.actor.default-dispatcher-22] INFO  a.a.LocalActorRef akka://worker/user/watcher/processing-watcher/graph/graph/$p - Stopped
19:11:14.636 [worker-akka.actor.default-dispatcher-22] INFO  a.a.LocalActorRef akka://worker/user/watcher/processing-watcher/graph/graph/$pb - Stopped
19:11:14.636 [worker-akka.actor.default-dispatcher-22] INFO  a.a.LocalActorRef akka://worker/user/watcher/processing-watcher/graph/graph/$q - Stopped
19:11:14.637 [worker-akka.actor.default-dispatcher-22] INFO  a.a.LocalActorRef akka://worker/user/watcher/processing-watcher/graph/graph/$qb - Stopped
19:11:14.638 [worker-akka.actor.default-dispatcher-22] INFO  a.a.LocalActorRef akka://worker/user/watcher/processing-watcher/graph/graph/$r - Stopped
19:11:14.639 [worker-akka.actor.default-dispatcher-22] INFO  a.a.LocalActorRef akka://worker/user/watcher/processing-watcher/graph/graph/$rb - Stopped
19:11:14.640 [worker-akka.actor.default-dispatcher-22] INFO  a.a.LocalActorRef akka://worker/user/watcher/processing-watcher/graph/graph/$s - Stopped
19:11:14.641 [worker-akka.actor.default-dispatcher-22] INFO  a.a.LocalActorRef akka://worker/user/watcher/processing-watcher/graph/graph/$sb - Stopped
19:11:14.641 [worker-akka.actor.default-dispatcher-22] INFO  a.a.LocalActorRef akka://worker/user/watcher/processing-watcher/graph/graph/$t - Stopped
19:11:14.642 [worker-akka.actor.default-dispatcher-22] INFO  a.a.LocalActorRef akka://worker/user/watcher/processing-watcher/graph/graph/$tb - Stopped
19:11:14.643 [worker-akka.actor.default-dispatcher-22] INFO  a.a.LocalActorRef akka://worker/user/watcher/processing-watcher/graph/graph/$u - Stopped
19:11:14.643 [worker-akka.actor.default-dispatcher-22] INFO  a.a.LocalActorRef akka://worker/user/watcher/processing-watcher/graph/graph/$ub - Stopped
19:11:14.644 [worker-akka.actor.default-dispatcher-22] INFO  a.a.LocalActorRef akka://worker/user/watcher/processing-watcher/graph/graph/$v - Stopped
19:11:14.645 [worker-akka.actor.default-dispatcher-22] INFO  a.a.LocalActorRef akka://worker/user/watcher/processing-watcher/graph/graph/$vb - Stopped
19:11:14.646 [worker-akka.actor.default-dispatcher-22] INFO  a.a.LocalActorRef akka://worker/user/watcher/processing-watcher/graph/graph/$w - Stopped
19:11:14.646 [worker-akka.actor.default-dispatcher-22] INFO  a.a.LocalActorRef akka://worker/user/watcher/processing-watcher/graph/graph/$wb - Stopped
19:11:14.647 [worker-akka.actor.default-dispatcher-22] INFO  a.a.LocalActorRef akka://worker/user/watcher/processing-watcher/graph/graph/$x - Stopped
19:11:14.647 [worker-akka.actor.default-dispatcher-22] INFO  a.a.LocalActorRef akka://worker/user/watcher/processing-watcher/graph/graph/$xb - Stopped
19:11:14.648 [worker-akka.actor.default-dispatcher-22] INFO  a.a.LocalActorRef akka://worker/user/watcher/processing-watcher/graph/graph/$y - Stopped
19:11:14.649 [worker-akka.actor.default-dispatcher-22] INFO  a.a.LocalActorRef akka://worker/user/watcher/processing-watcher/graph/graph/$yb - Stopped
19:11:14.650 [worker-akka.actor.default-dispatcher-22] INFO  a.a.LocalActorRef akka://worker/user/watcher/processing-watcher/graph/graph/$z - Stopped
19:11:14.650 [worker-akka.actor.default-dispatcher-22] INFO  a.a.LocalActorRef akka://worker/user/watcher/processing-watcher/graph/graph/$zb - Stopped
19:11:14.652 [worker-akka.actor.default-dispatcher-22] INFO  a.a.LocalActorRef akka://worker/user/watcher/processing-watcher/graph/graph/$~ - Stopped
19:11:14.670 [worker-akka.actor.default-dispatcher-22] INFO  a.a.LocalActorRef akka://worker/user/watcher/processing-watcher/graph/graph - Stopped
19:11:14.675 [worker-akka.actor.default-dispatcher-22] INFO  a.a.LocalActorRef akka://worker/user/watcher/processing-watcher/graph - Stopped
19:11:14.677 [Curator-Framework-0] INFO  o.a.c.f.i.CuratorFrameworkImpl  - backgroundOperationsLoop exiting
19:11:14.678 [worker-akka.actor.default-dispatcher-22] INFO  a.a.LocalActorRef akka://worker/user/watcher/processing-watcher - Stopped
19:11:14.683 [worker-akka.actor.default-dispatcher-6-EventThread] INFO  o.a.z.ClientCnxn  - EventThread shut down for session: 0x100015787a40006
19:11:14.683 [worker-akka.actor.default-dispatcher-12] INFO  o.a.z.ZooKeeper  - Session: 0x100015787a40006 closed
19:11:14.685 [worker-akka.actor.default-dispatcher-22] INFO  a.a.RepointableActorRef akka://worker/user/watcher - Stopped
19:11:14.684 [Curator-PathChildrenCache-0] ERROR o.a.c.f.r.c.PathChildrenCache  - 
java.lang.IllegalStateException: instance must be started before calling this method
	at org.apache.curator.shaded.com.google.common.base.Preconditions.checkState(Preconditions.java:444)
	at org.apache.curator.framework.imps.CuratorFrameworkImpl.getChildren(CuratorFrameworkImpl.java:456)
	at org.apache.curator.framework.recipes.cache.PathChildrenCache.refresh(PathChildrenCache.java:521)
	at org.apache.curator.framework.recipes.cache.RefreshOperation.invoke(RefreshOperation.java:35)
	at org.apache.curator.framework.recipes.cache.PathChildrenCache$9.run(PathChildrenCache.java:786)
	at java.util.concurrent.Executors$RunnableAdapter.call(Executors.java:511)
	at java.util.concurrent.FutureTask.run(FutureTask.java:266)
	at java.util.concurrent.Executors$RunnableAdapter.call(Executors.java:511)
	at java.util.concurrent.FutureTask.run(FutureTask.java:266)
	at java.util.concurrent.ThreadPoolExecutor.runWorker(ThreadPoolExecutor.java:1149)
	at java.util.concurrent.ThreadPoolExecutor$Worker.run(ThreadPoolExecutor.java:624)
	at java.lang.Thread.run(Thread.java:748)
19:11:14.691 [worker-akka.actor.default-dispatcher-12] INFO  a.r.RemoteActorRefProvider$RemotingTerminator akka://worker@flamestream-benchmarks-worker-6:5412/system/remoting-terminator - Shutting down remote daemon.
19:11:14.694 [worker-akka.actor.default-dispatcher-12] INFO  a.r.RemoteActorRefProvider$RemotingTerminator akka://worker@flamestream-benchmarks-worker-6:5412/system/remoting-terminator - Remote daemon shut down; proceeding with flushing remote transports.
19:11:15.944 [worker-akka.actor.default-dispatcher-12] INFO  a.r.RemoteActorRefProvider$RemotingTerminator akka://worker@flamestream-benchmarks-worker-6:5412/system/remoting-terminator - Remoting shut down.
Heap
 def new generation   total 460800K, used 281147K [0x00000000a2400000, 0x00000000c1800000, 0x00000000c1800000)
  eden space 409600K,  68% used [0x00000000a2400000, 0x00000000b3644218, 0x00000000bb400000)
  from space 51200K,   0% used [0x00000000bb400000, 0x00000000bb44ade0, 0x00000000be600000)
  to   space 51200K,   0% used [0x00000000be600000, 0x00000000be600000, 0x00000000c1800000)
 tenured generation   total 1024000K, used 56809K [0x00000000c1800000, 0x0000000100000000, 0x0000000100000000)
   the space 1024000K,   5% used [0x00000000c1800000, 0x00000000c4f7a420, 0x00000000c4f7a600, 0x0000000100000000)
 Metaspace       used 40717K, capacity 43538K, committed 43648K, reserved 1087488K
  class space    used 5338K, capacity 5659K, committed 5760K, reserved 1048576K
