01:30:20,642 |-INFO in ch.qos.logback.classic.LoggerContext[default] - Could NOT find resource [logback-test.xml]
01:30:20,642 |-INFO in ch.qos.logback.classic.LoggerContext[default] - Could NOT find resource [logback.groovy]
01:30:20,642 |-INFO in ch.qos.logback.classic.LoggerContext[default] - Found resource [logback.xml] at [jar:file:/home/nikitasokolov/flamestream/lib/flamestream-runtime-1.0-SNAPSHOT.jar!/logback.xml]
01:30:20,643 |-WARN in ch.qos.logback.classic.LoggerContext[default] - Resource [logback.xml] occurs multiple times on the classpath.
01:30:20,643 |-WARN in ch.qos.logback.classic.LoggerContext[default] - Resource [logback.xml] occurs at [jar:file:/home/nikitasokolov/flamestream/lib/flamestream-runtime-1.0-SNAPSHOT.jar!/logback.xml]
01:30:20,643 |-WARN in ch.qos.logback.classic.LoggerContext[default] - Resource [logback.xml] occurs at [jar:file:/home/nikitasokolov/flamestream/flamestream-runtime-1.0-SNAPSHOT.jar!/logback.xml]
01:30:20,660 |-INFO in ch.qos.logback.core.joran.spi.ConfigurationWatchList@2f7a2457 - URL [jar:file:/home/nikitasokolov/flamestream/lib/flamestream-runtime-1.0-SNAPSHOT.jar!/logback.xml] is not of type file
01:30:20,710 |-INFO in ch.qos.logback.classic.joran.action.ConfigurationAction - debug attribute not set
01:30:20,711 |-INFO in ch.qos.logback.core.joran.action.AppenderAction - About to instantiate appender of type [ch.qos.logback.core.ConsoleAppender]
01:30:20,719 |-INFO in ch.qos.logback.core.joran.action.AppenderAction - Naming appender as [STDOUT]
01:30:20,727 |-INFO in ch.qos.logback.core.joran.action.NestedComplexPropertyIA - Assuming default type [ch.qos.logback.classic.encoder.PatternLayoutEncoder] for [encoder] property
01:30:20,781 |-INFO in ch.qos.logback.core.joran.action.AppenderAction - About to instantiate appender of type [ch.qos.logback.core.rolling.RollingFileAppender]
01:30:20,788 |-INFO in ch.qos.logback.core.joran.action.AppenderAction - Naming appender as [FILE]
01:30:20,809 |-INFO in c.q.l.core.rolling.TimeBasedRollingPolicy@1449621165 - No compression will be used
01:30:20,811 |-INFO in c.q.l.core.rolling.TimeBasedRollingPolicy@1449621165 - Will use the pattern /tmp/application_%d{yyyy-MM-dd}.%i.log for the active file
01:30:20,814 |-INFO in ch.qos.logback.core.rolling.SizeAndTimeBasedFNATP@6108b2d7 - The date pattern is 'yyyy-MM-dd' from file name pattern '/tmp/application_%d{yyyy-MM-dd}.%i.log'.
01:30:20,814 |-INFO in ch.qos.logback.core.rolling.SizeAndTimeBasedFNATP@6108b2d7 - Roll-over at midnight.
01:30:20,818 |-INFO in ch.qos.logback.core.rolling.SizeAndTimeBasedFNATP@6108b2d7 - Setting initial period to Sat Jun 08 01:29:40 MSK 2019
01:30:20,818 |-WARN in ch.qos.logback.core.rolling.SizeAndTimeBasedFNATP@6108b2d7 - SizeAndTimeBasedFNATP is deprecated. Use SizeAndTimeBasedRollingPolicy instead
01:30:20,818 |-WARN in ch.qos.logback.core.rolling.SizeAndTimeBasedFNATP@6108b2d7 - For more information see http://logback.qos.ch/manual/appenders.html#SizeAndTimeBasedRollingPolicy
01:30:20,823 |-INFO in ch.qos.logback.core.joran.action.NestedComplexPropertyIA - Assuming default type [ch.qos.logback.classic.encoder.PatternLayoutEncoder] for [encoder] property
01:30:20,825 |-INFO in ch.qos.logback.core.rolling.RollingFileAppender[FILE] - Active log file name: /tmp/application.log
01:30:20,825 |-INFO in ch.qos.logback.core.rolling.RollingFileAppender[FILE] - File property is set to [/tmp/application.log]
01:30:20,826 |-INFO in ch.qos.logback.classic.joran.action.RootLoggerAction - Setting level of ROOT logger to WARN
01:30:20,827 |-INFO in ch.qos.logback.core.joran.action.AppenderRefAction - Attaching appender named [STDOUT] to Logger[ROOT]
01:30:20,827 |-INFO in ch.qos.logback.core.joran.action.AppenderRefAction - Attaching appender named [FILE] to Logger[ROOT]
01:30:20,827 |-INFO in ch.qos.logback.classic.joran.action.ConfigurationAction - End of configuration.
01:30:20,828 |-INFO in ch.qos.logback.classic.joran.JoranConfigurator@1554909b - Registering current configuration as safe fallback point

2019-06-08T01:30:21.867+0300: 1.424: [GC (Metadata GC Threshold) [PSYoungGen: 110652K->15929K(149504K)] 110652K->16009K(491008K), 0.0187377 secs] [Times: user=0.03 sys=0.03, real=0.02 secs] 
2019-06-08T01:30:21.886+0300: 1.442: [Full GC (Metadata GC Threshold) [PSYoungGen: 15929K->0K(149504K)] [ParOldGen: 80K->15081K(341504K)] 16009K->15081K(491008K), [Metaspace: 20804K->20804K(1067008K)], 0.0286577 secs] [Times: user=0.15 sys=0.00, real=0.03 secs] 
01:30:29.514 [Curator-PathChildrenCache-1] WARN  o.a.c.u.ZKPaths  - The version of ZooKeeper being used doesn't support Container nodes. CreateMode.PERSISTENT will be used instead.
2019-06-08T01:30:30.357+0300: 9.913: [GC (Metadata GC Threshold) [PSYoungGen: 127148K->15665K(149504K)] 142229K->50285K(491008K), 0.0303739 secs] [Times: user=0.26 sys=0.02, real=0.03 secs] 
2019-06-08T01:30:30.389+0300: 9.945: [Full GC (Metadata GC Threshold) [PSYoungGen: 15665K->0K(149504K)] [ParOldGen: 34620K->38690K(341504K)] 50285K->38690K(491008K), [Metaspace: 34541K->34541K(1079296K)], 0.0445503 secs] [Times: user=0.32 sys=0.00, real=0.05 secs] 
2019-06-08T01:30:32.829+0300: 12.385: [GC (Allocation Failure) [PSYoungGen: 128512K->384K(149504K)] 167202K->39082K(491008K), 0.0025278 secs] [Times: user=0.01 sys=0.01, real=0.01 secs] 
2019-06-08T01:30:35.309+0300: 14.865: [GC (Allocation Failure) [PSYoungGen: 128896K->544K(149504K)] 167594K->39250K(491008K), 0.0025570 secs] [Times: user=0.00 sys=0.01, real=0.01 secs] 
2019-06-08T01:30:37.601+0300: 17.158: [GC (Allocation Failure) [PSYoungGen: 129056K->480K(129024K)] 167762K->39194K(470528K), 0.0034731 secs] [Times: user=0.01 sys=0.01, real=0.00 secs] 
2019-06-08T01:30:40.328+0300: 19.884: [GC (Allocation Failure) [PSYoungGen: 128992K->672K(150016K)] 167706K->39386K(491520K), 0.0031663 secs] [Times: user=0.02 sys=0.00, real=0.01 secs] 
2019-06-08T01:30:42.480+0300: 22.037: [GC (Allocation Failure) [PSYoungGen: 129184K->672K(148992K)] 167898K->39386K(490496K), 0.0037595 secs] [Times: user=0.02 sys=0.00, real=0.00 secs] 
2019-06-08T01:30:44.595+0300: 24.167: [GC (Allocation Failure) [PSYoungGen: 129184K->576K(151552K)] 167898K->39298K(493056K), 0.0182654 secs] [Times: user=0.01 sys=0.00, real=0.02 secs] 
2019-06-08T01:30:47.166+0300: 26.722: [GC (Allocation Failure) [PSYoungGen: 132672K->704K(151040K)] 171394K->39426K(492544K), 0.0024242 secs] [Times: user=0.01 sys=0.00, real=0.00 secs] 
2019-06-08T01:30:49.440+0300: 28.996: [GC (Allocation Failure) [PSYoungGen: 132800K->736K(153600K)] 171522K->39466K(495104K), 0.0051539 secs] [Times: user=0.03 sys=0.01, real=0.00 secs] 
2019-06-08T01:30:58.850+0300: 38.406: [GC (Allocation Failure) [PSYoungGen: 136416K->832K(152576K)] 175146K->39570K(494080K), 0.0023228 secs] [Times: user=0.01 sys=0.00, real=0.00 secs] 
01:30:58.895 [Curator-PathChildrenCache-0] ERROR o.a.c.f.r.c.PathChildrenCache  - 
java.lang.IllegalStateException: instance must be started before calling this method
	at org.apache.curator.shaded.com.google.common.base.Preconditions.checkState(Preconditions.java:444)
	at org.apache.curator.framework.imps.CuratorFrameworkImpl.getChildren(CuratorFrameworkImpl.java:456)
	at org.apache.curator.framework.recipes.cache.PathChildrenCache.refresh(PathChildrenCache.java:521)
	at org.apache.curator.framework.recipes.cache.RefreshOperation.invoke(RefreshOperation.java:35)
	at org.apache.curator.framework.recipes.cache.PathChildrenCache$9.run(PathChildrenCache.java:786)
	at java.util.concurrent.Executors$RunnableAdapter.call(Executors.java:511)
	at java.util.concurrent.FutureTask.run(FutureTask.java:266)
	at java.util.concurrent.Executors$RunnableAdapter.call(Executors.java:511)
	at java.util.concurrent.FutureTask.run(FutureTask.java:266)
	at java.util.concurrent.ThreadPoolExecutor.runWorker(ThreadPoolExecutor.java:1149)
	at java.util.concurrent.ThreadPoolExecutor$Worker.run(ThreadPoolExecutor.java:624)
	at java.lang.Thread.run(Thread.java:748)
Heap
 PSYoungGen      total 152576K, used 12896K [0x00000000f5980000, 0x0000000100000000, 0x0000000100000000)
  eden space 135680K, 8% used [0x00000000f5980000,0x00000000f6548000,0x00000000fde00000)
  from space 16896K, 4% used [0x00000000fde00000,0x00000000fded00a0,0x00000000fee80000)
  to   space 16384K, 0% used [0x00000000ff000000,0x00000000ff000000,0x0000000100000000)
 ParOldGen       total 341504K, used 38738K [0x00000000e0c00000, 0x00000000f5980000, 0x00000000f5980000)
  object space 341504K, 11% used [0x00000000e0c00000,0x00000000e31d4af8,0x00000000f5980000)
 Metaspace       used 35824K, capacity 36720K, committed 36952K, reserved 1081344K
  class space    used 4944K, capacity 5136K, committed 5248K, reserved 1048576K
