14:57:46,711 |-INFO in ch.qos.logback.classic.LoggerContext[default] - Could NOT find resource [logback-test.xml]
14:57:46,711 |-INFO in ch.qos.logback.classic.LoggerContext[default] - Could NOT find resource [logback.groovy]
14:57:46,711 |-INFO in ch.qos.logback.classic.LoggerContext[default] - Found resource [logback.xml] at [jar:file:/home/nikitasokolov/flamestream/lib/flamestream-runtime-1.0-SNAPSHOT.jar!/logback.xml]
14:57:46,712 |-WARN in ch.qos.logback.classic.LoggerContext[default] - Resource [logback.xml] occurs multiple times on the classpath.
14:57:46,712 |-WARN in ch.qos.logback.classic.LoggerContext[default] - Resource [logback.xml] occurs at [jar:file:/home/nikitasokolov/flamestream/lib/flamestream-runtime-1.0-SNAPSHOT.jar!/logback.xml]
14:57:46,712 |-WARN in ch.qos.logback.classic.LoggerContext[default] - Resource [logback.xml] occurs at [jar:file:/home/nikitasokolov/flamestream/flamestream-runtime-1.0-SNAPSHOT.jar!/logback.xml]
14:57:46,729 |-INFO in ch.qos.logback.core.joran.spi.ConfigurationWatchList@6108b2d7 - URL [jar:file:/home/nikitasokolov/flamestream/lib/flamestream-runtime-1.0-SNAPSHOT.jar!/logback.xml] is not of type file
14:57:46,779 |-INFO in ch.qos.logback.classic.joran.action.ConfigurationAction - debug attribute not set
14:57:46,780 |-INFO in ch.qos.logback.core.joran.action.AppenderAction - About to instantiate appender of type [ch.qos.logback.core.ConsoleAppender]
14:57:46,787 |-INFO in ch.qos.logback.core.joran.action.AppenderAction - Naming appender as [STDOUT]
14:57:46,795 |-INFO in ch.qos.logback.core.joran.action.NestedComplexPropertyIA - Assuming default type [ch.qos.logback.classic.encoder.PatternLayoutEncoder] for [encoder] property
14:57:46,848 |-INFO in ch.qos.logback.core.joran.action.AppenderAction - About to instantiate appender of type [ch.qos.logback.core.rolling.RollingFileAppender]
14:57:46,853 |-INFO in ch.qos.logback.core.joran.action.AppenderAction - Naming appender as [FILE]
14:57:46,874 |-INFO in c.q.l.core.rolling.TimeBasedRollingPolicy@357863579 - No compression will be used
14:57:46,875 |-INFO in c.q.l.core.rolling.TimeBasedRollingPolicy@357863579 - Will use the pattern /tmp/application_%d{yyyy-MM-dd}.%i.log for the active file
14:57:46,878 |-INFO in ch.qos.logback.core.rolling.SizeAndTimeBasedFNATP@6bf256fa - The date pattern is 'yyyy-MM-dd' from file name pattern '/tmp/application_%d{yyyy-MM-dd}.%i.log'.
14:57:46,878 |-INFO in ch.qos.logback.core.rolling.SizeAndTimeBasedFNATP@6bf256fa - Roll-over at midnight.
14:57:46,882 |-INFO in ch.qos.logback.core.rolling.SizeAndTimeBasedFNATP@6bf256fa - Setting initial period to Sun Jun 09 14:57:06 MSK 2019
14:57:46,882 |-WARN in ch.qos.logback.core.rolling.SizeAndTimeBasedFNATP@6bf256fa - SizeAndTimeBasedFNATP is deprecated. Use SizeAndTimeBasedRollingPolicy instead
14:57:46,882 |-WARN in ch.qos.logback.core.rolling.SizeAndTimeBasedFNATP@6bf256fa - For more information see http://logback.qos.ch/manual/appenders.html#SizeAndTimeBasedRollingPolicy
14:57:46,886 |-INFO in ch.qos.logback.core.joran.action.NestedComplexPropertyIA - Assuming default type [ch.qos.logback.classic.encoder.PatternLayoutEncoder] for [encoder] property
14:57:46,888 |-INFO in ch.qos.logback.core.rolling.RollingFileAppender[FILE] - Active log file name: /tmp/application.log
14:57:46,888 |-INFO in ch.qos.logback.core.rolling.RollingFileAppender[FILE] - File property is set to [/tmp/application.log]
14:57:46,889 |-INFO in ch.qos.logback.classic.joran.action.RootLoggerAction - Setting level of ROOT logger to WARN
14:57:46,889 |-INFO in ch.qos.logback.core.joran.action.AppenderRefAction - Attaching appender named [STDOUT] to Logger[ROOT]
14:57:46,890 |-INFO in ch.qos.logback.core.joran.action.AppenderRefAction - Attaching appender named [FILE] to Logger[ROOT]
14:57:46,890 |-INFO in ch.qos.logback.classic.joran.action.ConfigurationAction - End of configuration.
14:57:46,891 |-INFO in ch.qos.logback.classic.joran.JoranConfigurator@6cd8737 - Registering current configuration as safe fallback point

2019-06-09T14:57:47.873+0300: 1.367: [GC (Metadata GC Threshold) [PSYoungGen: 110722K->15905K(149504K)] 110722K->15985K(491008K), 0.0278544 secs] [Times: user=0.09 sys=0.07, real=0.03 secs] 
2019-06-09T14:57:47.901+0300: 1.394: [Full GC (Metadata GC Threshold) [PSYoungGen: 15905K->0K(149504K)] [ParOldGen: 80K->15078K(341504K)] 15985K->15078K(491008K), [Metaspace: 20806K->20806K(1067008K)], 0.0285887 secs] [Times: user=0.19 sys=0.00, real=0.02 secs] 
14:57:55.058 [Curator-PathChildrenCache-1] WARN  o.a.c.u.ZKPaths  - The version of ZooKeeper being used doesn't support Container nodes. CreateMode.PERSISTENT will be used instead.
2019-06-09T14:57:56.252+0300: 9.746: [GC (Metadata GC Threshold) [PSYoungGen: 128159K->15776K(149504K)] 143237K->50393K(491008K), 0.0267072 secs] [Times: user=0.23 sys=0.03, real=0.03 secs] 
2019-06-09T14:57:56.279+0300: 9.773: [Full GC (Metadata GC Threshold) [PSYoungGen: 15776K->0K(149504K)] [ParOldGen: 34617K->38924K(341504K)] 50393K->38924K(491008K), [Metaspace: 34553K->34553K(1079296K)], 0.0341516 secs] [Times: user=0.21 sys=0.01, real=0.03 secs] 
2019-06-09T14:58:02.730+0300: 16.224: [GC (Allocation Failure) [PSYoungGen: 128512K->352K(149504K)] 167436K->39284K(491008K), 0.0046422 secs] [Times: user=0.02 sys=0.00, real=0.00 secs] 
2019-06-09T14:58:10.000+0300: 23.494: [GC (Allocation Failure) [PSYoungGen: 128864K->352K(149504K)] 167796K->39292K(491008K), 0.0060273 secs] [Times: user=0.05 sys=0.01, real=0.00 secs] 
2019-06-09T14:58:17.223+0300: 30.717: [GC (Allocation Failure) [PSYoungGen: 128864K->448K(129024K)] 167804K->39396K(470528K), 0.0134665 secs] [Times: user=0.14 sys=0.01, real=0.01 secs] 
2019-06-09T14:58:24.619+0300: 38.113: [GC (Allocation Failure) [PSYoungGen: 128960K->320K(150016K)] 167908K->39276K(491520K), 0.0119608 secs] [Times: user=0.10 sys=0.00, real=0.01 secs] 
2019-06-09T14:58:32.053+0300: 45.547: [GC (Allocation Failure) [PSYoungGen: 128832K->416K(148992K)] 167788K->39380K(490496K), 0.0680014 secs] [Times: user=0.02 sys=0.01, real=0.07 secs] 
2019-06-09T14:58:39.468+0300: 52.962: [GC (Allocation Failure) [PSYoungGen: 128928K->384K(151552K)] 167892K->39348K(493056K), 0.0086377 secs] [Times: user=0.06 sys=0.00, real=0.01 secs] 
2019-06-09T14:58:47.060+0300: 60.602: [GC (Allocation Failure) [PSYoungGen: 132480K->448K(151040K)] 171444K->39420K(492544K), 0.0520455 secs] [Times: user=0.00 sys=0.02, real=0.05 secs] 
14:58:56.591 [Curator-PathChildrenCache-0] ERROR o.a.c.f.r.c.PathChildrenCache  - 
java.lang.IllegalStateException: instance must be started before calling this method
	at org.apache.curator.shaded.com.google.common.base.Preconditions.checkState(Preconditions.java:444)
	at org.apache.curator.framework.imps.CuratorFrameworkImpl.getChildren(CuratorFrameworkImpl.java:456)
	at org.apache.curator.framework.recipes.cache.PathChildrenCache.refresh(PathChildrenCache.java:521)
	at org.apache.curator.framework.recipes.cache.RefreshOperation.invoke(RefreshOperation.java:35)
	at org.apache.curator.framework.recipes.cache.PathChildrenCache$9.run(PathChildrenCache.java:786)
	at java.util.concurrent.Executors$RunnableAdapter.call(Executors.java:511)
	at java.util.concurrent.FutureTask.run(FutureTask.java:266)
	at java.util.concurrent.Executors$RunnableAdapter.call(Executors.java:511)
	at java.util.concurrent.FutureTask.run(FutureTask.java:266)
	at java.util.concurrent.ThreadPoolExecutor.runWorker(ThreadPoolExecutor.java:1149)
	at java.util.concurrent.ThreadPoolExecutor$Worker.run(ThreadPoolExecutor.java:624)
	at java.lang.Thread.run(Thread.java:748)
Heap
 PSYoungGen      total 151040K, used 33033K [0x00000000f5980000, 0x0000000100000000, 0x0000000100000000)
  eden space 132096K, 24% used [0x00000000f5980000,0x00000000f7952480,0x00000000fda80000)
  from space 18944K, 2% used [0x00000000fda80000,0x00000000fdaf0030,0x00000000fed00000)
  to   space 17920K, 0% used [0x00000000fee80000,0x00000000fee80000,0x0000000100000000)
 ParOldGen       total 341504K, used 38972K [0x00000000e0c00000, 0x00000000f5980000, 0x00000000f5980000)
  object space 341504K, 11% used [0x00000000e0c00000,0x00000000e320f018,0x00000000f5980000)
 Metaspace       used 35964K, capacity 36830K, committed 37208K, reserved 1081344K
  class space    used 4979K, capacity 5161K, committed 5248K, reserved 1048576K
