16:27:53,658 |-INFO in ch.qos.logback.classic.LoggerContext[default] - Could NOT find resource [logback-test.xml]
16:27:53,658 |-INFO in ch.qos.logback.classic.LoggerContext[default] - Could NOT find resource [logback.groovy]
16:27:53,659 |-INFO in ch.qos.logback.classic.LoggerContext[default] - Found resource [logback.xml] at [jar:file:/root/flamestream/lib/flamestream-runtime-1.0-SNAPSHOT.jar!/logback.xml]
16:27:53,664 |-WARN in ch.qos.logback.classic.LoggerContext[default] - Resource [logback.xml] occurs multiple times on the classpath.
16:27:53,664 |-WARN in ch.qos.logback.classic.LoggerContext[default] - Resource [logback.xml] occurs at [jar:file:/root/flamestream/lib/flamestream-runtime-1.0-SNAPSHOT.jar!/logback.xml]
16:27:53,664 |-WARN in ch.qos.logback.classic.LoggerContext[default] - Resource [logback.xml] occurs at [jar:file:/root/flamestream/flamestream-runtime-1.0-SNAPSHOT.jar!/logback.xml]
16:27:53,684 |-INFO in ch.qos.logback.core.joran.spi.ConfigurationWatchList@3fb6a447 - URL [jar:file:/root/flamestream/lib/flamestream-runtime-1.0-SNAPSHOT.jar!/logback.xml] is not of type file
16:27:53,755 |-INFO in ch.qos.logback.classic.joran.action.ConfigurationAction - debug attribute not set
16:27:53,756 |-INFO in ch.qos.logback.core.joran.action.AppenderAction - About to instantiate appender of type [ch.qos.logback.core.ConsoleAppender]
16:27:53,770 |-INFO in ch.qos.logback.core.joran.action.AppenderAction - Naming appender as [STDOUT]
16:27:53,789 |-INFO in ch.qos.logback.core.joran.action.NestedComplexPropertyIA - Assuming default type [ch.qos.logback.classic.encoder.PatternLayoutEncoder] for [encoder] property
16:27:53,872 |-INFO in ch.qos.logback.core.joran.action.AppenderAction - About to instantiate appender of type [ch.qos.logback.core.rolling.RollingFileAppender]
16:27:53,877 |-INFO in ch.qos.logback.core.joran.action.AppenderAction - Naming appender as [FILE]
16:27:53,909 |-INFO in c.q.l.core.rolling.TimeBasedRollingPolicy@127618319 - No compression will be used
16:27:53,910 |-INFO in c.q.l.core.rolling.TimeBasedRollingPolicy@127618319 - Will use the pattern /tmp/application_%d{yyyy-MM-dd}.%i.log for the active file
16:27:53,913 |-INFO in ch.qos.logback.core.rolling.SizeAndTimeBasedFNATP@6b2fad11 - The date pattern is 'yyyy-MM-dd' from file name pattern '/tmp/application_%d{yyyy-MM-dd}.%i.log'.
16:27:53,913 |-INFO in ch.qos.logback.core.rolling.SizeAndTimeBasedFNATP@6b2fad11 - Roll-over at midnight.
16:27:53,918 |-INFO in ch.qos.logback.core.rolling.SizeAndTimeBasedFNATP@6b2fad11 - Setting initial period to Mon Jun 10 16:26:24 UTC 2019
16:27:53,918 |-WARN in ch.qos.logback.core.rolling.SizeAndTimeBasedFNATP@6b2fad11 - SizeAndTimeBasedFNATP is deprecated. Use SizeAndTimeBasedRollingPolicy instead
16:27:53,918 |-WARN in ch.qos.logback.core.rolling.SizeAndTimeBasedFNATP@6b2fad11 - For more information see http://logback.qos.ch/manual/appenders.html#SizeAndTimeBasedRollingPolicy
16:27:53,922 |-INFO in ch.qos.logback.core.joran.action.NestedComplexPropertyIA - Assuming default type [ch.qos.logback.classic.encoder.PatternLayoutEncoder] for [encoder] property
16:27:53,927 |-INFO in ch.qos.logback.core.rolling.RollingFileAppender[FILE] - Active log file name: /tmp/application.log
16:27:53,927 |-INFO in ch.qos.logback.core.rolling.RollingFileAppender[FILE] - File property is set to [/tmp/application.log]
16:27:53,928 |-INFO in ch.qos.logback.classic.joran.action.RootLoggerAction - Setting level of ROOT logger to WARN
16:27:53,928 |-INFO in ch.qos.logback.core.joran.action.AppenderRefAction - Attaching appender named [STDOUT] to Logger[ROOT]
16:27:53,930 |-INFO in ch.qos.logback.core.joran.action.AppenderRefAction - Attaching appender named [FILE] to Logger[ROOT]
16:27:53,930 |-INFO in ch.qos.logback.classic.joran.action.ConfigurationAction - End of configuration.
16:27:53,930 |-INFO in ch.qos.logback.classic.joran.JoranConfigurator@79698539 - Registering current configuration as safe fallback point

Ama winner
Ama winner
2019-06-10T16:27:55.217+0000: 1.735: [Full GC (Metadata GC Threshold) 2019-06-10T16:27:55.217+0000: 1.735: [Tenured: 0K->15143K(341376K), 0.0399577 secs] 114988K->15143K(494976K), [Metaspace: 20733K->20733K(1067008K)], 0.0400249 secs] [Times: user=0.03 sys=0.01, real=0.04 secs] 
16:28:14.971 [Curator-PathChildrenCache-2] WARN  o.a.c.u.ZKPaths  - The version of ZooKeeper being used doesn't support Container nodes. CreateMode.PERSISTENT will be used instead.
2019-06-10T16:28:16.979+0000: 23.496: [GC (Allocation Failure) 2019-06-10T16:28:16.979+0000: 23.496: [DefNew: 136576K->17024K(153600K), 0.0248015 secs] 151719K->52597K(494976K), 0.0248605 secs] [Times: user=0.01 sys=0.01, real=0.03 secs] 
2019-06-10T16:28:17.673+0000: 24.191: [Full GC (Metadata GC Threshold) 2019-06-10T16:28:17.673+0000: 24.191: [Tenured: 35573K->44222K(341376K), 0.0367620 secs] 75138K->44222K(494976K), [Metaspace: 34607K->34607K(1079296K)], 0.0368349 secs] [Times: user=0.03 sys=0.01, real=0.03 secs] 
2019-06-10T16:28:19.638+0000: 26.156: [GC (Allocation Failure) 2019-06-10T16:28:19.638+0000: 26.156: [DefNew: 136576K->172K(153600K), 0.0022035 secs] 180798K->44395K(494976K), 0.0022597 secs] [Times: user=0.01 sys=0.00, real=0.01 secs] 
2019-06-10T16:28:21.075+0000: 27.592: [GC (Allocation Failure) 2019-06-10T16:28:21.075+0000: 27.592: [DefNew: 136748K->185K(153600K), 0.0019350 secs] 180971K->44408K(494976K), 0.0019922 secs] [Times: user=0.01 sys=0.00, real=0.00 secs] 
2019-06-10T16:28:22.634+0000: 29.152: [GC (Allocation Failure) 2019-06-10T16:28:22.634+0000: 29.152: [DefNew: 136761K->190K(153600K), 0.0018970 secs] 180984K->44413K(494976K), 0.0019540 secs] [Times: user=0.00 sys=0.00, real=0.00 secs] 
2019-06-10T16:28:24.180+0000: 30.698: [GC (Allocation Failure) 2019-06-10T16:28:24.181+0000: 30.698: [DefNew: 136766K->208K(153600K), 0.0020173 secs] 180989K->44431K(494976K), 0.0020757 secs] [Times: user=0.01 sys=0.00, real=0.00 secs] 
2019-06-10T16:28:25.729+0000: 32.247: [GC (Allocation Failure) 2019-06-10T16:28:25.729+0000: 32.247: [DefNew: 136784K->196K(153600K), 0.0020516 secs] 181007K->44419K(494976K), 0.0021082 secs] [Times: user=0.00 sys=0.00, real=0.01 secs] 
16:28:32.096 [Curator-PathChildrenCache-0] ERROR o.a.c.f.r.c.PathChildrenCache  - 
java.lang.IllegalStateException: instance must be started before calling this method
	at org.apache.curator.shaded.com.google.common.base.Preconditions.checkState(Preconditions.java:444)
	at org.apache.curator.framework.imps.CuratorFrameworkImpl.getChildren(CuratorFrameworkImpl.java:456)
	at org.apache.curator.framework.recipes.cache.PathChildrenCache.refresh(PathChildrenCache.java:521)
	at org.apache.curator.framework.recipes.cache.RefreshOperation.invoke(RefreshOperation.java:35)
	at org.apache.curator.framework.recipes.cache.PathChildrenCache$9.run(PathChildrenCache.java:786)
	at java.util.concurrent.Executors$RunnableAdapter.call(Executors.java:511)
	at java.util.concurrent.FutureTask.run(FutureTask.java:266)
	at java.util.concurrent.Executors$RunnableAdapter.call(Executors.java:511)
	at java.util.concurrent.FutureTask.run(FutureTask.java:266)
	at java.util.concurrent.ThreadPoolExecutor.runWorker(ThreadPoolExecutor.java:1149)
	at java.util.concurrent.ThreadPoolExecutor$Worker.run(ThreadPoolExecutor.java:624)
	at java.lang.Thread.run(Thread.java:748)
Heap
 def new generation   total 153600K, used 59353K [0x00000000e0c00000, 0x00000000eb2a0000, 0x00000000eb2a0000)
  eden space 136576K,  43% used [0x00000000e0c00000, 0x00000000e45c53b0, 0x00000000e9160000)
  from space 17024K,   1% used [0x00000000e9160000, 0x00000000e9191220, 0x00000000ea200000)
  to   space 17024K,   0% used [0x00000000ea200000, 0x00000000ea200000, 0x00000000eb2a0000)
 tenured generation   total 341376K, used 44222K [0x00000000eb2a0000, 0x0000000100000000, 0x0000000100000000)
   the space 341376K,  12% used [0x00000000eb2a0000, 0x00000000eddcfbe0, 0x00000000eddcfc00, 0x0000000100000000)
 Metaspace       used 35841K, capacity 36808K, committed 37120K, reserved 1081344K
  class space    used 4861K, capacity 5060K, committed 5120K, reserved 1048576K
