22:42:43,156 |-INFO in ch.qos.logback.classic.LoggerContext[default] - Could NOT find resource [logback-test.xml]
22:42:43,156 |-INFO in ch.qos.logback.classic.LoggerContext[default] - Could NOT find resource [logback.groovy]
22:42:43,156 |-INFO in ch.qos.logback.classic.LoggerContext[default] - Found resource [logback.xml] at [jar:file:/home/nikitasokolov/flamestream/lib/flamestream-runtime-1.0-SNAPSHOT.jar!/logback.xml]
22:42:43,157 |-WARN in ch.qos.logback.classic.LoggerContext[default] - Resource [logback.xml] occurs multiple times on the classpath.
22:42:43,157 |-WARN in ch.qos.logback.classic.LoggerContext[default] - Resource [logback.xml] occurs at [jar:file:/home/nikitasokolov/flamestream/lib/flamestream-runtime-1.0-SNAPSHOT.jar!/logback.xml]
22:42:43,157 |-WARN in ch.qos.logback.classic.LoggerContext[default] - Resource [logback.xml] occurs at [jar:file:/home/nikitasokolov/flamestream/flamestream-runtime-1.0-SNAPSHOT.jar!/logback.xml]
22:42:43,173 |-INFO in ch.qos.logback.core.joran.spi.ConfigurationWatchList@2f7a2457 - URL [jar:file:/home/nikitasokolov/flamestream/lib/flamestream-runtime-1.0-SNAPSHOT.jar!/logback.xml] is not of type file
22:42:43,224 |-INFO in ch.qos.logback.classic.joran.action.ConfigurationAction - debug attribute not set
22:42:43,225 |-INFO in ch.qos.logback.core.joran.action.AppenderAction - About to instantiate appender of type [ch.qos.logback.core.ConsoleAppender]
22:42:43,232 |-INFO in ch.qos.logback.core.joran.action.AppenderAction - Naming appender as [STDOUT]
22:42:43,239 |-INFO in ch.qos.logback.core.joran.action.NestedComplexPropertyIA - Assuming default type [ch.qos.logback.classic.encoder.PatternLayoutEncoder] for [encoder] property
22:42:43,299 |-INFO in ch.qos.logback.core.joran.action.AppenderAction - About to instantiate appender of type [ch.qos.logback.core.rolling.RollingFileAppender]
22:42:43,306 |-INFO in ch.qos.logback.core.joran.action.AppenderAction - Naming appender as [FILE]
22:42:43,327 |-INFO in c.q.l.core.rolling.TimeBasedRollingPolicy@1449621165 - No compression will be used
22:42:43,328 |-INFO in c.q.l.core.rolling.TimeBasedRollingPolicy@1449621165 - Will use the pattern /tmp/application_%d{yyyy-MM-dd}.%i.log for the active file
22:42:43,331 |-INFO in ch.qos.logback.core.rolling.SizeAndTimeBasedFNATP@6108b2d7 - The date pattern is 'yyyy-MM-dd' from file name pattern '/tmp/application_%d{yyyy-MM-dd}.%i.log'.
22:42:43,331 |-INFO in ch.qos.logback.core.rolling.SizeAndTimeBasedFNATP@6108b2d7 - Roll-over at midnight.
22:42:43,337 |-INFO in ch.qos.logback.core.rolling.SizeAndTimeBasedFNATP@6108b2d7 - Setting initial period to Tue May 28 22:41:38 MSK 2019
22:42:43,337 |-WARN in ch.qos.logback.core.rolling.SizeAndTimeBasedFNATP@6108b2d7 - SizeAndTimeBasedFNATP is deprecated. Use SizeAndTimeBasedRollingPolicy instead
22:42:43,337 |-WARN in ch.qos.logback.core.rolling.SizeAndTimeBasedFNATP@6108b2d7 - For more information see http://logback.qos.ch/manual/appenders.html#SizeAndTimeBasedRollingPolicy
22:42:43,341 |-INFO in ch.qos.logback.core.joran.action.NestedComplexPropertyIA - Assuming default type [ch.qos.logback.classic.encoder.PatternLayoutEncoder] for [encoder] property
22:42:43,344 |-INFO in ch.qos.logback.core.rolling.RollingFileAppender[FILE] - Active log file name: /tmp/application.log
22:42:43,344 |-INFO in ch.qos.logback.core.rolling.RollingFileAppender[FILE] - File property is set to [/tmp/application.log]
22:42:43,345 |-INFO in ch.qos.logback.classic.joran.action.RootLoggerAction - Setting level of ROOT logger to WARN
22:42:43,345 |-INFO in ch.qos.logback.core.joran.action.AppenderRefAction - Attaching appender named [STDOUT] to Logger[ROOT]
22:42:43,345 |-INFO in ch.qos.logback.core.joran.action.AppenderRefAction - Attaching appender named [FILE] to Logger[ROOT]
22:42:43,345 |-INFO in ch.qos.logback.classic.joran.action.ConfigurationAction - End of configuration.
22:42:43,346 |-INFO in ch.qos.logback.classic.joran.JoranConfigurator@1554909b - Registering current configuration as safe fallback point

2019-05-28T22:42:44.360+0300: 1.402: [GC (Metadata GC Threshold) [PSYoungGen: 95239K->15799K(149504K)] 95239K->15879K(491008K), 0.0189189 secs] [Times: user=0.06 sys=0.04, real=0.02 secs] 
2019-05-28T22:42:44.379+0300: 1.421: [Full GC (Metadata GC Threshold) [PSYoungGen: 15799K->0K(149504K)] [ParOldGen: 80K->14983K(341504K)] 15879K->14983K(491008K), [Metaspace: 20802K->20802K(1067008K)], 0.0255515 secs] [Times: user=0.16 sys=0.01, real=0.03 secs] 
22:42:52.916 [Curator-PathChildrenCache-1] WARN  o.a.c.u.ZKPaths  - The version of ZooKeeper being used doesn't support Container nodes. CreateMode.PERSISTENT will be used instead.
2019-05-28T22:42:53.426+0300: 10.469: [GC (Allocation Failure) [PSYoungGen: 128512K->16994K(149504K)] 143495K->51517K(491008K), 0.0264083 secs] [Times: user=0.21 sys=0.03, real=0.03 secs] 
2019-05-28T22:42:53.795+0300: 10.837: [GC (Metadata GC Threshold) [PSYoungGen: 44961K->7875K(149504K)] 79484K->42405K(491008K), 0.0046631 secs] [Times: user=0.03 sys=0.00, real=0.00 secs] 
2019-05-28T22:42:53.800+0300: 10.842: [Full GC (Metadata GC Threshold) [PSYoungGen: 7875K->0K(149504K)] [ParOldGen: 34530K->31473K(341504K)] 42405K->31473K(491008K), [Metaspace: 34516K->34516K(1079296K)], 0.0314707 secs] [Times: user=0.14 sys=0.00, real=0.04 secs] 
2019-05-28T22:42:54.957+0300: 11.999: [GC (Allocation Failure) [PSYoungGen: 128512K->608K(149504K)] 159985K->32089K(491008K), 0.0039474 secs] [Times: user=0.01 sys=0.00, real=0.00 secs] 
2019-05-28T22:42:56.161+0300: 13.203: [GC (Allocation Failure) [PSYoungGen: 129120K->512K(129024K)] 160601K->32001K(470528K), 0.0025773 secs] [Times: user=0.01 sys=0.00, real=0.01 secs] 
2019-05-28T22:42:57.340+0300: 14.382: [GC (Allocation Failure) [PSYoungGen: 129024K->416K(147968K)] 160513K->31913K(489472K), 0.0035212 secs] [Times: user=0.01 sys=0.00, real=0.01 secs] 
2019-05-28T22:42:58.576+0300: 15.618: [GC (Allocation Failure) [PSYoungGen: 125344K->576K(147456K)] 156841K->32081K(488960K), 0.0029684 secs] [Times: user=0.01 sys=0.00, real=0.00 secs] 
2019-05-28T22:42:59.748+0300: 16.790: [GC (Allocation Failure) [PSYoungGen: 125504K->704K(149504K)] 157009K->32209K(491008K), 0.0034201 secs] [Times: user=0.01 sys=0.00, real=0.01 secs] 
2019-05-28T22:43:01.042+0300: 18.084: [GC (Allocation Failure) [PSYoungGen: 128192K->640K(148480K)] 159697K->32145K(489984K), 0.0031101 secs] [Times: user=0.00 sys=0.01, real=0.01 secs] 
2019-05-28T22:43:02.296+0300: 19.338: [GC (Allocation Failure) [PSYoungGen: 128128K->576K(151040K)] 159633K->32089K(492544K), 0.0030448 secs] [Times: user=0.01 sys=0.00, real=0.00 secs] 
2019-05-28T22:43:03.640+0300: 20.682: [GC (Allocation Failure) [PSYoungGen: 131136K->640K(150016K)] 162649K->32153K(491520K), 0.0026965 secs] [Times: user=0.01 sys=0.01, real=0.00 secs] 
2019-05-28T22:43:04.778+0300: 21.820: [GC (Allocation Failure) [PSYoungGen: 131200K->704K(152576K)] 162713K->32225K(494080K), 0.0031908 secs] [Times: user=0.01 sys=0.01, real=0.00 secs] 
2019-05-28T22:43:06.081+0300: 23.123: [GC (Allocation Failure) [PSYoungGen: 134336K->704K(151552K)] 165857K->32233K(493056K), 0.0028153 secs] [Times: user=0.01 sys=0.00, real=0.01 secs] 
2019-05-28T22:43:07.344+0300: 24.386: [GC (Allocation Failure) [PSYoungGen: 134336K->800K(154112K)] 165865K->32337K(495616K), 0.0041850 secs] [Times: user=0.02 sys=0.00, real=0.00 secs] 
2019-05-28T22:43:08.697+0300: 25.739: [GC (Allocation Failure) [PSYoungGen: 138016K->736K(153600K)] 169553K->32281K(495104K), 0.1405810 secs] [Times: user=0.01 sys=0.00, real=0.14 secs] 
2019-05-28T22:43:10.160+0300: 27.202: [GC (Allocation Failure) [PSYoungGen: 137952K->1312K(156160K)] 169497K->32857K(497664K), 0.0039767 secs] [Times: user=0.01 sys=0.00, real=0.01 secs] 
2019-05-28T22:43:11.688+0300: 28.730: [GC (Allocation Failure) [PSYoungGen: 142112K->1376K(155136K)] 173657K->32921K(496640K), 0.0035896 secs] [Times: user=0.02 sys=0.00, real=0.01 secs] 
2019-05-28T22:43:13.055+0300: 30.097: [GC (Allocation Failure) [PSYoungGen: 142176K->1312K(157696K)] 173721K->32857K(499200K), 0.0034886 secs] [Times: user=0.02 sys=0.00, real=0.00 secs] 
2019-05-28T22:43:14.456+0300: 31.498: [GC (Allocation Failure) [PSYoungGen: 145696K->1248K(157184K)] 177241K->32993K(498688K), 0.0032673 secs] [Times: user=0.01 sys=0.00, real=0.00 secs] 
22:43:19.841 [Curator-PathChildrenCache-0] ERROR o.a.c.f.r.c.PathChildrenCache  - 
java.lang.IllegalStateException: instance must be started before calling this method
	at org.apache.curator.shaded.com.google.common.base.Preconditions.checkState(Preconditions.java:444)
	at org.apache.curator.framework.imps.CuratorFrameworkImpl.getChildren(CuratorFrameworkImpl.java:456)
	at org.apache.curator.framework.recipes.cache.PathChildrenCache.refresh(PathChildrenCache.java:521)
	at org.apache.curator.framework.recipes.cache.RefreshOperation.invoke(RefreshOperation.java:35)
	at org.apache.curator.framework.recipes.cache.PathChildrenCache$9.run(PathChildrenCache.java:786)
	at java.util.concurrent.Executors$RunnableAdapter.call(Executors.java:511)
	at java.util.concurrent.FutureTask.run(FutureTask.java:266)
	at java.util.concurrent.Executors$RunnableAdapter.call(Executors.java:511)
	at java.util.concurrent.FutureTask.run(FutureTask.java:266)
	at java.util.concurrent.ThreadPoolExecutor.runWorker(ThreadPoolExecutor.java:1149)
	at java.util.concurrent.ThreadPoolExecutor$Worker.run(ThreadPoolExecutor.java:624)
	at java.lang.Thread.run(Thread.java:748)
Heap
 PSYoungGen      total 157184K, used 144809K [0x00000000f5980000, 0x0000000100000000, 0x0000000100000000)
  eden space 144384K, 99% used [0x00000000f5980000,0x00000000fe5b2520,0x00000000fe680000)
  from space 12800K, 9% used [0x00000000fe680000,0x00000000fe7b8180,0x00000000ff300000)
  to   space 11776K, 0% used [0x00000000ff480000,0x00000000ff480000,0x0000000100000000)
 ParOldGen       total 341504K, used 31745K [0x00000000e0c00000, 0x00000000f5980000, 0x00000000f5980000)
  object space 341504K, 9% used [0x00000000e0c00000,0x00000000e2b00460,0x00000000f5980000)
 Metaspace       used 35842K, capacity 36770K, committed 36992K, reserved 1081344K
  class space    used 4946K, capacity 5143K, committed 5248K, reserved 1048576K
