15:28:18,189 |-INFO in ch.qos.logback.classic.LoggerContext[default] - Could NOT find resource [logback-test.xml]
15:28:18,189 |-INFO in ch.qos.logback.classic.LoggerContext[default] - Could NOT find resource [logback.groovy]
15:28:18,190 |-INFO in ch.qos.logback.classic.LoggerContext[default] - Found resource [logback.xml] at [jar:file:/root/flamestream/lib/flamestream-runtime-1.0-SNAPSHOT.jar!/logback.xml]
15:28:18,191 |-WARN in ch.qos.logback.classic.LoggerContext[default] - Resource [logback.xml] occurs multiple times on the classpath.
15:28:18,191 |-WARN in ch.qos.logback.classic.LoggerContext[default] - Resource [logback.xml] occurs at [jar:file:/root/flamestream/lib/flamestream-runtime-1.0-SNAPSHOT.jar!/logback.xml]
15:28:18,191 |-WARN in ch.qos.logback.classic.LoggerContext[default] - Resource [logback.xml] occurs at [jar:file:/root/flamestream/flamestream-runtime-1.0-SNAPSHOT.jar!/logback.xml]
15:28:18,211 |-INFO in ch.qos.logback.core.joran.spi.ConfigurationWatchList@3fb6a447 - URL [jar:file:/root/flamestream/lib/flamestream-runtime-1.0-SNAPSHOT.jar!/logback.xml] is not of type file
15:28:18,276 |-INFO in ch.qos.logback.classic.joran.action.ConfigurationAction - debug attribute not set
15:28:18,276 |-INFO in ch.qos.logback.core.joran.action.AppenderAction - About to instantiate appender of type [ch.qos.logback.core.ConsoleAppender]
15:28:18,292 |-INFO in ch.qos.logback.core.joran.action.AppenderAction - Naming appender as [STDOUT]
15:28:18,308 |-INFO in ch.qos.logback.core.joran.action.NestedComplexPropertyIA - Assuming default type [ch.qos.logback.classic.encoder.PatternLayoutEncoder] for [encoder] property
15:28:18,403 |-INFO in ch.qos.logback.core.joran.action.AppenderAction - About to instantiate appender of type [ch.qos.logback.core.rolling.RollingFileAppender]
15:28:18,407 |-INFO in ch.qos.logback.core.joran.action.AppenderAction - Naming appender as [FILE]
15:28:18,446 |-INFO in c.q.l.core.rolling.TimeBasedRollingPolicy@127618319 - No compression will be used
15:28:18,448 |-INFO in c.q.l.core.rolling.TimeBasedRollingPolicy@127618319 - Will use the pattern /tmp/application_%d{yyyy-MM-dd}.%i.log for the active file
15:28:18,451 |-INFO in ch.qos.logback.core.rolling.SizeAndTimeBasedFNATP@6b2fad11 - The date pattern is 'yyyy-MM-dd' from file name pattern '/tmp/application_%d{yyyy-MM-dd}.%i.log'.
15:28:18,451 |-INFO in ch.qos.logback.core.rolling.SizeAndTimeBasedFNATP@6b2fad11 - Roll-over at midnight.
15:28:18,456 |-INFO in ch.qos.logback.core.rolling.SizeAndTimeBasedFNATP@6b2fad11 - Setting initial period to Mon Jun 10 15:27:03 UTC 2019
15:28:18,456 |-WARN in ch.qos.logback.core.rolling.SizeAndTimeBasedFNATP@6b2fad11 - SizeAndTimeBasedFNATP is deprecated. Use SizeAndTimeBasedRollingPolicy instead
15:28:18,456 |-WARN in ch.qos.logback.core.rolling.SizeAndTimeBasedFNATP@6b2fad11 - For more information see http://logback.qos.ch/manual/appenders.html#SizeAndTimeBasedRollingPolicy
15:28:18,460 |-INFO in ch.qos.logback.core.joran.action.NestedComplexPropertyIA - Assuming default type [ch.qos.logback.classic.encoder.PatternLayoutEncoder] for [encoder] property
15:28:18,465 |-INFO in ch.qos.logback.core.rolling.RollingFileAppender[FILE] - Active log file name: /tmp/application.log
15:28:18,465 |-INFO in ch.qos.logback.core.rolling.RollingFileAppender[FILE] - File property is set to [/tmp/application.log]
15:28:18,466 |-INFO in ch.qos.logback.classic.joran.action.RootLoggerAction - Setting level of ROOT logger to WARN
15:28:18,466 |-INFO in ch.qos.logback.core.joran.action.AppenderRefAction - Attaching appender named [STDOUT] to Logger[ROOT]
15:28:18,466 |-INFO in ch.qos.logback.core.joran.action.AppenderRefAction - Attaching appender named [FILE] to Logger[ROOT]
15:28:18,466 |-INFO in ch.qos.logback.classic.joran.action.ConfigurationAction - End of configuration.
15:28:18,467 |-INFO in ch.qos.logback.classic.joran.JoranConfigurator@79698539 - Registering current configuration as safe fallback point

Ama winner
Ama winner
2019-06-10T15:28:19.740+0000: 1.738: [Full GC (Metadata GC Threshold) 2019-06-10T15:28:19.740+0000: 1.738: [Tenured: 0K->15209K(341376K), 0.0398853 secs] 114923K->15209K(494976K), [Metaspace: 20736K->20736K(1067008K)], 0.0399549 secs] [Times: user=0.04 sys=0.00, real=0.04 secs] 
15:28:37.215 [Curator-PathChildrenCache-2] WARN  o.a.c.u.ZKPaths  - The version of ZooKeeper being used doesn't support Container nodes. CreateMode.PERSISTENT will be used instead.
2019-06-10T15:28:39.770+0000: 21.768: [GC (Allocation Failure) 2019-06-10T15:28:39.770+0000: 21.768: [DefNew: 120226K->17023K(153600K), 0.0181582 secs] 135436K->32445K(494976K), 0.0182250 secs] [Times: user=0.01 sys=0.01, real=0.02 secs] 
2019-06-10T15:28:40.113+0000: 22.111: [Full GC (Metadata GC Threshold) 2019-06-10T15:28:40.113+0000: 22.111: [Tenured: 15421K->43983K(341376K), 0.0458056 secs] 66517K->43983K(494976K), [Metaspace: 34592K->34592K(1079296K)], 0.0458810 secs] [Times: user=0.04 sys=0.01, real=0.04 secs] 
2019-06-10T15:28:43.543+0000: 25.540: [GC (Allocation Failure) 2019-06-10T15:28:43.543+0000: 25.540: [DefNew: 136576K->321K(153600K), 0.0026410 secs] 180559K->44305K(494976K), 0.0027009 secs] [Times: user=0.00 sys=0.00, real=0.01 secs] 
2019-06-10T15:28:46.879+0000: 28.876: [GC (Allocation Failure) 2019-06-10T15:28:46.879+0000: 28.876: [DefNew: 136897K->332K(153600K), 0.0022620 secs] 180881K->44316K(494976K), 0.0023230 secs] [Times: user=0.00 sys=0.00, real=0.00 secs] 
2019-06-10T15:28:50.154+0000: 32.152: [GC (Allocation Failure) 2019-06-10T15:28:50.154+0000: 32.152: [DefNew: 136908K->324K(153600K), 0.0023299 secs] 180892K->44308K(494976K), 0.0023944 secs] [Times: user=0.00 sys=0.00, real=0.00 secs] 
2019-06-10T15:28:53.398+0000: 35.396: [GC (Allocation Failure) 2019-06-10T15:28:53.398+0000: 35.396: [DefNew: 136900K->358K(153600K), 0.0023132 secs] 180884K->44342K(494976K), 0.0023791 secs] [Times: user=0.00 sys=0.00, real=0.00 secs] 
2019-06-10T15:28:56.606+0000: 38.603: [GC (Allocation Failure) 2019-06-10T15:28:56.606+0000: 38.603: [DefNew: 136934K->359K(153600K), 0.0023200 secs] 180918K->44343K(494976K), 0.0023832 secs] [Times: user=0.00 sys=0.00, real=0.00 secs] 
2019-06-10T15:28:59.766+0000: 41.764: [GC (Allocation Failure) 2019-06-10T15:28:59.766+0000: 41.764: [DefNew: 136935K->361K(153600K), 0.0021864 secs] 180919K->44345K(494976K), 0.0022455 secs] [Times: user=0.00 sys=0.00, real=0.00 secs] 
15:29:05.957 [Curator-PathChildrenCache-0] ERROR o.a.c.f.r.c.PathChildrenCache  - 
java.lang.IllegalStateException: instance must be started before calling this method
	at org.apache.curator.shaded.com.google.common.base.Preconditions.checkState(Preconditions.java:444)
	at org.apache.curator.framework.imps.CuratorFrameworkImpl.getChildren(CuratorFrameworkImpl.java:456)
	at org.apache.curator.framework.recipes.cache.PathChildrenCache.refresh(PathChildrenCache.java:521)
	at org.apache.curator.framework.recipes.cache.RefreshOperation.invoke(RefreshOperation.java:35)
	at org.apache.curator.framework.recipes.cache.PathChildrenCache$9.run(PathChildrenCache.java:786)
	at java.util.concurrent.Executors$RunnableAdapter.call(Executors.java:511)
	at java.util.concurrent.FutureTask.run(FutureTask.java:266)
	at java.util.concurrent.Executors$RunnableAdapter.call(Executors.java:511)
	at java.util.concurrent.FutureTask.run(FutureTask.java:266)
	at java.util.concurrent.ThreadPoolExecutor.runWorker(ThreadPoolExecutor.java:1149)
	at java.util.concurrent.ThreadPoolExecutor$Worker.run(ThreadPoolExecutor.java:624)
	at java.lang.Thread.run(Thread.java:748)
Heap
 def new generation   total 153600K, used 68232K [0x00000000e0c00000, 0x00000000eb2a0000, 0x00000000eb2a0000)
  eden space 136576K,  49% used [0x00000000e0c00000, 0x00000000e4e47c68, 0x00000000e9160000)
  from space 17024K,   2% used [0x00000000ea200000, 0x00000000ea25a598, 0x00000000eb2a0000)
  to   space 17024K,   0% used [0x00000000e9160000, 0x00000000e9160000, 0x00000000ea200000)
 tenured generation   total 341376K, used 43983K [0x00000000eb2a0000, 0x0000000100000000, 0x0000000100000000)
   the space 341376K,  12% used [0x00000000eb2a0000, 0x00000000edd93ff8, 0x00000000edd94000, 0x0000000100000000)
 Metaspace       used 36117K, capacity 37058K, committed 37120K, reserved 1081344K
  class space    used 4861K, capacity 5059K, committed 5120K, reserved 1048576K
