22:59:10,249 |-INFO in ch.qos.logback.classic.LoggerContext[default] - Could NOT find resource [logback-test.xml]
22:59:10,250 |-INFO in ch.qos.logback.classic.LoggerContext[default] - Could NOT find resource [logback.groovy]
22:59:10,250 |-INFO in ch.qos.logback.classic.LoggerContext[default] - Found resource [logback.xml] at [jar:file:/home/nikitasokolov/flamestream/lib/flamestream-runtime-1.0-SNAPSHOT.jar!/logback.xml]
22:59:10,250 |-WARN in ch.qos.logback.classic.LoggerContext[default] - Resource [logback.xml] occurs multiple times on the classpath.
22:59:10,250 |-WARN in ch.qos.logback.classic.LoggerContext[default] - Resource [logback.xml] occurs at [jar:file:/home/nikitasokolov/flamestream/lib/flamestream-runtime-1.0-SNAPSHOT.jar!/logback.xml]
22:59:10,251 |-WARN in ch.qos.logback.classic.LoggerContext[default] - Resource [logback.xml] occurs at [jar:file:/home/nikitasokolov/flamestream/flamestream-runtime-1.0-SNAPSHOT.jar!/logback.xml]
22:59:10,266 |-INFO in ch.qos.logback.core.joran.spi.ConfigurationWatchList@6bf256fa - URL [jar:file:/home/nikitasokolov/flamestream/lib/flamestream-runtime-1.0-SNAPSHOT.jar!/logback.xml] is not of type file
22:59:10,317 |-INFO in ch.qos.logback.classic.joran.action.ConfigurationAction - debug attribute not set
22:59:10,318 |-INFO in ch.qos.logback.core.joran.action.AppenderAction - About to instantiate appender of type [ch.qos.logback.core.ConsoleAppender]
22:59:10,325 |-INFO in ch.qos.logback.core.joran.action.AppenderAction - Naming appender as [STDOUT]
22:59:10,333 |-INFO in ch.qos.logback.core.joran.action.NestedComplexPropertyIA - Assuming default type [ch.qos.logback.classic.encoder.PatternLayoutEncoder] for [encoder] property
22:59:10,388 |-INFO in ch.qos.logback.core.joran.action.AppenderAction - About to instantiate appender of type [ch.qos.logback.core.rolling.RollingFileAppender]
22:59:10,393 |-INFO in ch.qos.logback.core.joran.action.AppenderAction - Naming appender as [FILE]
22:59:10,415 |-INFO in c.q.l.core.rolling.TimeBasedRollingPolicy@114132791 - No compression will be used
22:59:10,416 |-INFO in c.q.l.core.rolling.TimeBasedRollingPolicy@114132791 - Will use the pattern /tmp/application_%d{yyyy-MM-dd}.%i.log for the active file
22:59:10,419 |-INFO in ch.qos.logback.core.rolling.SizeAndTimeBasedFNATP@22f71333 - The date pattern is 'yyyy-MM-dd' from file name pattern '/tmp/application_%d{yyyy-MM-dd}.%i.log'.
22:59:10,419 |-INFO in ch.qos.logback.core.rolling.SizeAndTimeBasedFNATP@22f71333 - Roll-over at midnight.
22:59:10,423 |-INFO in ch.qos.logback.core.rolling.SizeAndTimeBasedFNATP@22f71333 - Setting initial period to Tue May 28 22:57:55 MSK 2019
22:59:10,423 |-WARN in ch.qos.logback.core.rolling.SizeAndTimeBasedFNATP@22f71333 - SizeAndTimeBasedFNATP is deprecated. Use SizeAndTimeBasedRollingPolicy instead
22:59:10,423 |-WARN in ch.qos.logback.core.rolling.SizeAndTimeBasedFNATP@22f71333 - For more information see http://logback.qos.ch/manual/appenders.html#SizeAndTimeBasedRollingPolicy
22:59:10,427 |-INFO in ch.qos.logback.core.joran.action.NestedComplexPropertyIA - Assuming default type [ch.qos.logback.classic.encoder.PatternLayoutEncoder] for [encoder] property
22:59:10,430 |-INFO in ch.qos.logback.core.rolling.RollingFileAppender[FILE] - Active log file name: /tmp/application.log
22:59:10,430 |-INFO in ch.qos.logback.core.rolling.RollingFileAppender[FILE] - File property is set to [/tmp/application.log]
22:59:10,431 |-INFO in ch.qos.logback.classic.joran.action.RootLoggerAction - Setting level of ROOT logger to WARN
22:59:10,431 |-INFO in ch.qos.logback.core.joran.action.AppenderRefAction - Attaching appender named [STDOUT] to Logger[ROOT]
22:59:10,431 |-INFO in ch.qos.logback.core.joran.action.AppenderRefAction - Attaching appender named [FILE] to Logger[ROOT]
22:59:10,431 |-INFO in ch.qos.logback.classic.joran.action.ConfigurationAction - End of configuration.
22:59:10,432 |-INFO in ch.qos.logback.classic.joran.JoranConfigurator@13969fbe - Registering current configuration as safe fallback point

Ama winner
Ama winner
2019-05-28T22:59:11.408+0300: 1.351: [GC (Metadata GC Threshold) [PSYoungGen: 95242K->15976K(149504K)] 95242K->16056K(491008K), 0.0204863 secs] [Times: user=0.09 sys=0.01, real=0.02 secs] 
2019-05-28T22:59:11.429+0300: 1.372: [Full GC (Metadata GC Threshold) [PSYoungGen: 15976K->0K(149504K)] [ParOldGen: 80K->15086K(341504K)] 16056K->15086K(491008K), [Metaspace: 20804K->20804K(1067008K)], 0.0250178 secs] [Times: user=0.14 sys=0.02, real=0.03 secs] 
22:59:21.159 [Curator-PathChildrenCache-1] WARN  o.a.c.u.ZKPaths  - The version of ZooKeeper being used doesn't support Container nodes. CreateMode.PERSISTENT will be used instead.
2019-05-28T22:59:21.713+0300: 11.656: [GC (Allocation Failure) [PSYoungGen: 128512K->17305K(149504K)] 143598K->51931K(491008K), 0.0295024 secs] [Times: user=0.25 sys=0.03, real=0.03 secs] 
2019-05-28T22:59:21.943+0300: 11.886: [GC (Metadata GC Threshold) [PSYoungGen: 45825K->7870K(149504K)] 80451K->42504K(491008K), 0.0042515 secs] [Times: user=0.04 sys=0.00, real=0.00 secs] 
2019-05-28T22:59:21.947+0300: 11.890: [Full GC (Metadata GC Threshold) [PSYoungGen: 7870K->0K(149504K)] [ParOldGen: 34633K->31629K(341504K)] 42504K->31629K(491008K), [Metaspace: 34504K->34504K(1079296K)], 0.0337142 secs] [Times: user=0.18 sys=0.01, real=0.04 secs] 
2019-05-28T22:59:22.759+0300: 12.702: [GC (Allocation Failure) [PSYoungGen: 128512K->1008K(149504K)] 160141K->32645K(491008K), 0.0053705 secs] [Times: user=0.05 sys=0.01, real=0.01 secs] 
2019-05-28T22:59:23.100+0300: 13.043: [GC (Allocation Failure) [PSYoungGen: 129520K->992K(129536K)] 161157K->32637K(471040K), 0.0033450 secs] [Times: user=0.02 sys=0.00, real=0.00 secs] 
2019-05-28T22:59:23.499+0300: 13.442: [GC (Allocation Failure) [PSYoungGen: 129504K->992K(147968K)] 161149K->32637K(489472K), 0.0040204 secs] [Times: user=0.02 sys=0.01, real=0.01 secs] 
2019-05-28T22:59:23.933+0300: 13.876: [GC (Allocation Failure) [PSYoungGen: 125920K->928K(147456K)] 157565K->32581K(488960K), 0.0035516 secs] [Times: user=0.01 sys=0.00, real=0.00 secs] 
2019-05-28T22:59:24.093+0300: 14.036: [GC (Allocation Failure) [PSYoungGen: 125856K->1088K(148992K)] 157509K->32749K(490496K), 0.0042048 secs] [Times: user=0.02 sys=0.00, real=0.00 secs] 
2019-05-28T22:59:24.646+0300: 14.589: [GC (Allocation Failure) [PSYoungGen: 128064K->1088K(148480K)] 159725K->32749K(489984K), 0.0034723 secs] [Times: user=0.01 sys=0.00, real=0.00 secs] 
2019-05-28T22:59:24.877+0300: 14.820: [GC (Allocation Failure) [PSYoungGen: 128064K->1296K(151040K)] 159725K->32965K(492544K), 0.0030516 secs] [Times: user=0.02 sys=0.00, real=0.01 secs] 
2019-05-28T22:59:25.347+0300: 15.290: [GC (Allocation Failure) [PSYoungGen: 131856K->896K(150016K)] 163525K->33038K(491520K), 0.0042899 secs] [Times: user=0.01 sys=0.00, real=0.01 secs] 
2019-05-28T22:59:25.814+0300: 15.758: [GC (Allocation Failure) [PSYoungGen: 131456K->928K(152576K)] 163598K->33158K(494080K), 0.0025929 secs] [Times: user=0.02 sys=0.00, real=0.00 secs] 
2019-05-28T22:59:26.157+0300: 16.100: [GC (Allocation Failure) [PSYoungGen: 134560K->1056K(151552K)] 166790K->33358K(493056K), 0.0031007 secs] [Times: user=0.01 sys=0.01, real=0.01 secs] 
2019-05-28T22:59:26.499+0300: 16.442: [GC (Allocation Failure) [PSYoungGen: 134688K->896K(154112K)] 166990K->33198K(495616K), 0.0026934 secs] [Times: user=0.01 sys=0.00, real=0.00 secs] 
2019-05-28T22:59:26.840+0300: 16.783: [GC (Allocation Failure) [PSYoungGen: 137600K->928K(153088K)] 169902K->33230K(494592K), 0.0024731 secs] [Times: user=0.01 sys=0.00, real=0.00 secs] 
2019-05-28T22:59:27.254+0300: 17.197: [GC (Allocation Failure) [PSYoungGen: 137632K->1024K(155648K)] 169934K->33334K(497152K), 0.0024124 secs] [Times: user=0.01 sys=0.00, real=0.00 secs] 
2019-05-28T22:59:27.768+0300: 17.711: [GC (Allocation Failure) [PSYoungGen: 140800K->1088K(154624K)] 173110K->33398K(496128K), 0.0033035 secs] [Times: user=0.01 sys=0.00, real=0.01 secs] 
2019-05-28T22:59:29.169+0300: 19.112: [GC (Allocation Failure) [PSYoungGen: 140864K->1088K(157184K)] 173174K->33398K(498688K), 0.0033198 secs] [Times: user=0.01 sys=0.00, real=0.01 secs] 
2019-05-28T22:59:31.358+0300: 21.302: [GC (Allocation Failure) [PSYoungGen: 144448K->1088K(156672K)] 176758K->33406K(498176K), 0.0041559 secs] [Times: user=0.03 sys=0.01, real=0.01 secs] 
22:59:32.405 [Curator-PathChildrenCache-0] ERROR o.a.c.f.r.c.PathChildrenCache  - 
java.lang.IllegalStateException: instance must be started before calling this method
	at org.apache.curator.shaded.com.google.common.base.Preconditions.checkState(Preconditions.java:444)
	at org.apache.curator.framework.imps.CuratorFrameworkImpl.getChildren(CuratorFrameworkImpl.java:456)
	at org.apache.curator.framework.recipes.cache.PathChildrenCache.refresh(PathChildrenCache.java:521)
	at org.apache.curator.framework.recipes.cache.RefreshOperation.invoke(RefreshOperation.java:35)
	at org.apache.curator.framework.recipes.cache.PathChildrenCache$9.run(PathChildrenCache.java:786)
	at java.util.concurrent.Executors$RunnableAdapter.call(Executors.java:511)
	at java.util.concurrent.FutureTask.run(FutureTask.java:266)
	at java.util.concurrent.Executors$RunnableAdapter.call(Executors.java:511)
	at java.util.concurrent.FutureTask.run(FutureTask.java:266)
	at java.util.concurrent.ThreadPoolExecutor.runWorker(ThreadPoolExecutor.java:1149)
	at java.util.concurrent.ThreadPoolExecutor$Worker.run(ThreadPoolExecutor.java:624)
	at java.lang.Thread.run(Thread.java:748)
Heap
 PSYoungGen      total 156672K, used 67044K [0x00000000f5980000, 0x0000000100000000, 0x0000000100000000)
  eden space 143360K, 46% used [0x00000000f5980000,0x00000000f99e9228,0x00000000fe580000)
  from space 13312K, 8% used [0x00000000fe580000,0x00000000fe6900e0,0x00000000ff280000)
  to   space 12288K, 0% used [0x00000000ff400000,0x00000000ff400000,0x0000000100000000)
 ParOldGen       total 341504K, used 32317K [0x00000000e0c00000, 0x00000000f5980000, 0x00000000f5980000)
  object space 341504K, 9% used [0x00000000e0c00000,0x00000000e2b8f7a0,0x00000000f5980000)
 Metaspace       used 35868K, capacity 36796K, committed 36952K, reserved 1081344K
  class space    used 4934K, capacity 5146K, committed 5248K, reserved 1048576K
