19:05:58,104 |-INFO in ch.qos.logback.classic.LoggerContext[default] - Could NOT find resource [logback-test.xml]
19:05:58,104 |-INFO in ch.qos.logback.classic.LoggerContext[default] - Could NOT find resource [logback.groovy]
19:05:58,105 |-INFO in ch.qos.logback.classic.LoggerContext[default] - Found resource [logback.xml] at [jar:file:/root/flamestream/lib/flamestream-runtime-1.0-SNAPSHOT.jar!/logback.xml]
19:05:58,106 |-WARN in ch.qos.logback.classic.LoggerContext[default] - Resource [logback.xml] occurs multiple times on the classpath.
19:05:58,106 |-WARN in ch.qos.logback.classic.LoggerContext[default] - Resource [logback.xml] occurs at [jar:file:/root/flamestream/lib/flamestream-runtime-1.0-SNAPSHOT.jar!/logback.xml]
19:05:58,106 |-WARN in ch.qos.logback.classic.LoggerContext[default] - Resource [logback.xml] occurs at [jar:file:/root/flamestream/flamestream-runtime-1.0-SNAPSHOT.jar!/logback.xml]
19:05:58,127 |-INFO in ch.qos.logback.core.joran.spi.ConfigurationWatchList@3fb6a447 - URL [jar:file:/root/flamestream/lib/flamestream-runtime-1.0-SNAPSHOT.jar!/logback.xml] is not of type file
19:05:58,195 |-INFO in ch.qos.logback.classic.joran.action.ConfigurationAction - debug attribute not set
19:05:58,195 |-INFO in ch.qos.logback.core.joran.action.AppenderAction - About to instantiate appender of type [ch.qos.logback.core.ConsoleAppender]
19:05:58,211 |-INFO in ch.qos.logback.core.joran.action.AppenderAction - Naming appender as [STDOUT]
19:05:58,231 |-INFO in ch.qos.logback.core.joran.action.NestedComplexPropertyIA - Assuming default type [ch.qos.logback.classic.encoder.PatternLayoutEncoder] for [encoder] property
19:05:58,333 |-INFO in ch.qos.logback.core.joran.action.AppenderAction - About to instantiate appender of type [ch.qos.logback.core.rolling.RollingFileAppender]
19:05:58,338 |-INFO in ch.qos.logback.core.joran.action.AppenderAction - Naming appender as [FILE]
19:05:58,368 |-INFO in c.q.l.core.rolling.TimeBasedRollingPolicy@127618319 - No compression will be used
19:05:58,370 |-INFO in c.q.l.core.rolling.TimeBasedRollingPolicy@127618319 - Will use the pattern /tmp/application_%d{yyyy-MM-dd}.%i.log for the active file
19:05:58,373 |-INFO in ch.qos.logback.core.rolling.SizeAndTimeBasedFNATP@6b2fad11 - The date pattern is 'yyyy-MM-dd' from file name pattern '/tmp/application_%d{yyyy-MM-dd}.%i.log'.
19:05:58,373 |-INFO in ch.qos.logback.core.rolling.SizeAndTimeBasedFNATP@6b2fad11 - Roll-over at midnight.
19:05:58,378 |-INFO in ch.qos.logback.core.rolling.SizeAndTimeBasedFNATP@6b2fad11 - Setting initial period to Mon Jun 10 19:04:26 UTC 2019
19:05:58,378 |-WARN in ch.qos.logback.core.rolling.SizeAndTimeBasedFNATP@6b2fad11 - SizeAndTimeBasedFNATP is deprecated. Use SizeAndTimeBasedRollingPolicy instead
19:05:58,378 |-WARN in ch.qos.logback.core.rolling.SizeAndTimeBasedFNATP@6b2fad11 - For more information see http://logback.qos.ch/manual/appenders.html#SizeAndTimeBasedRollingPolicy
19:05:58,382 |-INFO in ch.qos.logback.core.joran.action.NestedComplexPropertyIA - Assuming default type [ch.qos.logback.classic.encoder.PatternLayoutEncoder] for [encoder] property
19:05:58,387 |-INFO in ch.qos.logback.core.rolling.RollingFileAppender[FILE] - Active log file name: /tmp/application.log
19:05:58,387 |-INFO in ch.qos.logback.core.rolling.RollingFileAppender[FILE] - File property is set to [/tmp/application.log]
19:05:58,387 |-INFO in ch.qos.logback.classic.joran.action.RootLoggerAction - Setting level of ROOT logger to WARN
19:05:58,387 |-INFO in ch.qos.logback.core.joran.action.AppenderRefAction - Attaching appender named [STDOUT] to Logger[ROOT]
19:05:58,389 |-INFO in ch.qos.logback.core.joran.action.AppenderRefAction - Attaching appender named [FILE] to Logger[ROOT]
19:05:58,390 |-INFO in ch.qos.logback.classic.joran.action.ConfigurationAction - End of configuration.
19:05:58,390 |-INFO in ch.qos.logback.classic.joran.JoranConfigurator@79698539 - Registering current configuration as safe fallback point

Ama winner
Ama winner
2019-06-10T19:05:59.723+0000: 1.806: [Full GC (Metadata GC Threshold) 2019-06-10T19:05:59.723+0000: 1.806: [Tenured: 0K->15144K(341376K), 0.0406465 secs] 114987K->15144K(494976K), [Metaspace: 20729K->20729K(1067008K)], 0.0407155 secs] [Times: user=0.03 sys=0.00, real=0.04 secs] 
19:06:19.608 [Curator-PathChildrenCache-1] WARN  o.a.c.u.ZKPaths  - The version of ZooKeeper being used doesn't support Container nodes. CreateMode.PERSISTENT will be used instead.
2019-06-10T19:06:21.665+0000: 23.748: [GC (Allocation Failure) 2019-06-10T19:06:21.665+0000: 23.748: [DefNew: 136576K->17024K(153600K), 0.0255877 secs] 151720K->52263K(494976K), 0.0256543 secs] [Times: user=0.00 sys=0.01, real=0.02 secs] 
2019-06-10T19:06:24.025+0000: 26.108: [Full GC (Metadata GC Threshold) 2019-06-10T19:06:24.025+0000: 26.108: [Tenured: 35239K->43723K(341376K), 0.0439432 secs] 92119K->43723K(494976K), [Metaspace: 34595K->34595K(1079296K)], 0.0440167 secs] [Times: user=0.04 sys=0.00, real=0.04 secs] 
2019-06-10T19:06:31.843+0000: 33.926: [GC (Allocation Failure) 2019-06-10T19:06:31.843+0000: 33.926: [DefNew: 136576K->68K(153600K), 0.0018666 secs] 180299K->43792K(494976K), 0.0019291 secs] [Times: user=0.00 sys=0.00, real=0.01 secs] 
2019-06-10T19:06:39.644+0000: 41.728: [GC (Allocation Failure) 2019-06-10T19:06:39.644+0000: 41.728: [DefNew: 136644K->64K(153600K), 0.0016883 secs] 180368K->43788K(494976K), 0.0017466 secs] [Times: user=0.00 sys=0.00, real=0.00 secs] 
2019-06-10T19:06:47.618+0000: 49.701: [GC (Allocation Failure) 2019-06-10T19:06:47.618+0000: 49.701: [DefNew: 136640K->67K(153600K), 0.0017493 secs] 180364K->43790K(494976K), 0.0018083 secs] [Times: user=0.00 sys=0.00, real=0.00 secs] 
2019-06-10T19:06:55.590+0000: 57.673: [GC (Allocation Failure) 2019-06-10T19:06:55.590+0000: 57.673: [DefNew: 136643K->74K(153600K), 0.0017568 secs] 180366K->43798K(494976K), 0.0018171 secs] [Times: user=0.00 sys=0.00, real=0.00 secs] 
2019-06-10T19:07:04.123+0000: 66.206: [GC (Allocation Failure) 2019-06-10T19:07:04.123+0000: 66.206: [DefNew: 136650K->391K(153600K), 0.0022566 secs] 180374K->44114K(494976K), 0.0023225 secs] [Times: user=0.00 sys=0.00, real=0.01 secs] 
19:07:21.267 [Curator-PathChildrenCache-0] ERROR o.a.c.f.r.c.PathChildrenCache  - 
java.lang.IllegalStateException: instance must be started before calling this method
	at org.apache.curator.shaded.com.google.common.base.Preconditions.checkState(Preconditions.java:444)
	at org.apache.curator.framework.imps.CuratorFrameworkImpl.getChildren(CuratorFrameworkImpl.java:456)
	at org.apache.curator.framework.recipes.cache.PathChildrenCache.refresh(PathChildrenCache.java:521)
	at org.apache.curator.framework.recipes.cache.RefreshOperation.invoke(RefreshOperation.java:35)
	at org.apache.curator.framework.recipes.cache.PathChildrenCache$9.run(PathChildrenCache.java:786)
	at java.util.concurrent.Executors$RunnableAdapter.call(Executors.java:511)
	at java.util.concurrent.FutureTask.run(FutureTask.java:266)
	at java.util.concurrent.Executors$RunnableAdapter.call(Executors.java:511)
	at java.util.concurrent.FutureTask.run(FutureTask.java:266)
	at java.util.concurrent.ThreadPoolExecutor.runWorker(ThreadPoolExecutor.java:1149)
	at java.util.concurrent.ThreadPoolExecutor$Worker.run(ThreadPoolExecutor.java:624)
	at java.lang.Thread.run(Thread.java:748)
Heap
 def new generation   total 153600K, used 99524K [0x00000000e0c00000, 0x00000000eb2a0000, 0x00000000eb2a0000)
  eden space 136576K,  72% used [0x00000000e0c00000, 0x00000000e6ccf4b8, 0x00000000e9160000)
  from space 17024K,   2% used [0x00000000e9160000, 0x00000000e91c1c18, 0x00000000ea200000)
  to   space 17024K,   0% used [0x00000000ea200000, 0x00000000ea200000, 0x00000000eb2a0000)
 tenured generation   total 341376K, used 43723K [0x00000000eb2a0000, 0x0000000100000000, 0x0000000100000000)
   the space 341376K,  12% used [0x00000000eb2a0000, 0x00000000edd52e00, 0x00000000edd52e00, 0x0000000100000000)
 Metaspace       used 36116K, capacity 36992K, committed 37120K, reserved 1081344K
  class space    used 4870K, capacity 5074K, committed 5120K, reserved 1048576K
