19:03:08,165 |-INFO in ch.qos.logback.classic.LoggerContext[default] - Could NOT find resource [logback-test.xml]
19:03:08,165 |-INFO in ch.qos.logback.classic.LoggerContext[default] - Could NOT find resource [logback.groovy]
19:03:08,166 |-INFO in ch.qos.logback.classic.LoggerContext[default] - Found resource [logback.xml] at [jar:file:/root/flamestream/lib/flamestream-runtime-1.0-SNAPSHOT.jar!/logback.xml]
19:03:08,167 |-WARN in ch.qos.logback.classic.LoggerContext[default] - Resource [logback.xml] occurs multiple times on the classpath.
19:03:08,167 |-WARN in ch.qos.logback.classic.LoggerContext[default] - Resource [logback.xml] occurs at [jar:file:/root/flamestream/lib/flamestream-runtime-1.0-SNAPSHOT.jar!/logback.xml]
19:03:08,167 |-WARN in ch.qos.logback.classic.LoggerContext[default] - Resource [logback.xml] occurs at [jar:file:/root/flamestream/flamestream-runtime-1.0-SNAPSHOT.jar!/logback.xml]
19:03:08,186 |-INFO in ch.qos.logback.core.joran.spi.ConfigurationWatchList@3fb6a447 - URL [jar:file:/root/flamestream/lib/flamestream-runtime-1.0-SNAPSHOT.jar!/logback.xml] is not of type file
19:03:08,258 |-INFO in ch.qos.logback.classic.joran.action.ConfigurationAction - debug attribute not set
19:03:08,258 |-INFO in ch.qos.logback.core.joran.action.AppenderAction - About to instantiate appender of type [ch.qos.logback.core.ConsoleAppender]
19:03:08,278 |-INFO in ch.qos.logback.core.joran.action.AppenderAction - Naming appender as [STDOUT]
19:03:08,296 |-INFO in ch.qos.logback.core.joran.action.NestedComplexPropertyIA - Assuming default type [ch.qos.logback.classic.encoder.PatternLayoutEncoder] for [encoder] property
19:03:08,376 |-INFO in ch.qos.logback.core.joran.action.AppenderAction - About to instantiate appender of type [ch.qos.logback.core.rolling.RollingFileAppender]
19:03:08,385 |-INFO in ch.qos.logback.core.joran.action.AppenderAction - Naming appender as [FILE]
19:03:08,415 |-INFO in c.q.l.core.rolling.TimeBasedRollingPolicy@127618319 - No compression will be used
19:03:08,416 |-INFO in c.q.l.core.rolling.TimeBasedRollingPolicy@127618319 - Will use the pattern /tmp/application_%d{yyyy-MM-dd}.%i.log for the active file
19:03:08,419 |-INFO in ch.qos.logback.core.rolling.SizeAndTimeBasedFNATP@6b2fad11 - The date pattern is 'yyyy-MM-dd' from file name pattern '/tmp/application_%d{yyyy-MM-dd}.%i.log'.
19:03:08,419 |-INFO in ch.qos.logback.core.rolling.SizeAndTimeBasedFNATP@6b2fad11 - Roll-over at midnight.
19:03:08,425 |-INFO in ch.qos.logback.core.rolling.SizeAndTimeBasedFNATP@6b2fad11 - Setting initial period to Mon Jun 10 19:01:43 UTC 2019
19:03:08,425 |-WARN in ch.qos.logback.core.rolling.SizeAndTimeBasedFNATP@6b2fad11 - SizeAndTimeBasedFNATP is deprecated. Use SizeAndTimeBasedRollingPolicy instead
19:03:08,425 |-WARN in ch.qos.logback.core.rolling.SizeAndTimeBasedFNATP@6b2fad11 - For more information see http://logback.qos.ch/manual/appenders.html#SizeAndTimeBasedRollingPolicy
19:03:08,429 |-INFO in ch.qos.logback.core.joran.action.NestedComplexPropertyIA - Assuming default type [ch.qos.logback.classic.encoder.PatternLayoutEncoder] for [encoder] property
19:03:08,433 |-INFO in ch.qos.logback.core.rolling.RollingFileAppender[FILE] - Active log file name: /tmp/application.log
19:03:08,433 |-INFO in ch.qos.logback.core.rolling.RollingFileAppender[FILE] - File property is set to [/tmp/application.log]
19:03:08,434 |-INFO in ch.qos.logback.classic.joran.action.RootLoggerAction - Setting level of ROOT logger to WARN
19:03:08,434 |-INFO in ch.qos.logback.core.joran.action.AppenderRefAction - Attaching appender named [STDOUT] to Logger[ROOT]
19:03:08,436 |-INFO in ch.qos.logback.core.joran.action.AppenderRefAction - Attaching appender named [FILE] to Logger[ROOT]
19:03:08,436 |-INFO in ch.qos.logback.classic.joran.action.ConfigurationAction - End of configuration.
19:03:08,437 |-INFO in ch.qos.logback.classic.joran.JoranConfigurator@79698539 - Registering current configuration as safe fallback point

Ama winner
Ama winner
2019-06-10T19:03:09.733+0000: 1.758: [Full GC (Metadata GC Threshold) 2019-06-10T19:03:09.733+0000: 1.758: [Tenured: 0K->15241K(341376K), 0.0394143 secs] 112272K->15241K(494976K), [Metaspace: 20735K->20735K(1067008K)], 0.0394952 secs] [Times: user=0.04 sys=0.00, real=0.04 secs] 
19:03:26.967 [Curator-PathChildrenCache-2] WARN  o.a.c.u.ZKPaths  - The version of ZooKeeper being used doesn't support Container nodes. CreateMode.PERSISTENT will be used instead.
2019-06-10T19:03:29.030+0000: 21.055: [GC (Allocation Failure) 2019-06-10T19:03:29.030+0000: 21.055: [DefNew: 119981K->17024K(153600K), 0.0187170 secs] 135222K->33061K(494976K), 0.0187874 secs] [Times: user=0.01 sys=0.00, real=0.02 secs] 
2019-06-10T19:03:29.723+0000: 21.748: [Full GC (Metadata GC Threshold) 2019-06-10T19:03:29.723+0000: 21.748: [Tenured: 16037K->44142K(341376K), 0.0433568 secs] 74909K->44142K(494976K), [Metaspace: 34612K->34612K(1079296K)], 0.0434275 secs] [Times: user=0.04 sys=0.01, real=0.05 secs] 
2019-06-10T19:03:34.205+0000: 26.230: [GC (Allocation Failure) 2019-06-10T19:03:34.205+0000: 26.230: [DefNew: 136576K->154K(153600K), 0.0022058 secs] 180718K->44297K(494976K), 0.0022649 secs] [Times: user=0.01 sys=0.00, real=0.01 secs] 
2019-06-10T19:03:38.673+0000: 30.698: [GC (Allocation Failure) 2019-06-10T19:03:38.674+0000: 30.698: [DefNew: 136730K->186K(153600K), 0.0019526 secs] 180873K->44329K(494976K), 0.0020106 secs] [Times: user=0.00 sys=0.00, real=0.00 secs] 
2019-06-10T19:03:43.164+0000: 35.189: [GC (Allocation Failure) 2019-06-10T19:03:43.164+0000: 35.189: [DefNew: 136762K->221K(153600K), 0.0019688 secs] 180905K->44364K(494976K), 0.0020310 secs] [Times: user=0.00 sys=0.00, real=0.01 secs] 
2019-06-10T19:03:47.649+0000: 39.674: [GC (Allocation Failure) 2019-06-10T19:03:47.649+0000: 39.674: [DefNew: 136797K->222K(153600K), 0.0020531 secs] 180940K->44364K(494976K), 0.0021166 secs] [Times: user=0.00 sys=0.00, real=0.00 secs] 
2019-06-10T19:03:52.138+0000: 44.163: [GC (Allocation Failure) 2019-06-10T19:03:52.138+0000: 44.163: [DefNew: 136798K->254K(153600K), 0.0019707 secs] 180940K->44397K(494976K), 0.0020333 secs] [Times: user=0.00 sys=0.00, real=0.00 secs] 
2019-06-10T19:03:56.662+0000: 48.687: [GC (Allocation Failure) 2019-06-10T19:03:56.662+0000: 48.687: [DefNew: 136830K->261K(153600K), 0.0020057 secs] 180973K->44404K(494976K), 0.0020641 secs] [Times: user=0.00 sys=0.00, real=0.00 secs] 
2019-06-10T19:04:01.207+0000: 53.231: [GC (Allocation Failure) 2019-06-10T19:04:01.207+0000: 53.231: [DefNew: 136837K->253K(153600K), 0.0020744 secs] 180980K->44396K(494976K), 0.0021414 secs] [Times: user=0.01 sys=0.00, real=0.00 secs] 
2019-06-10T19:04:05.738+0000: 57.763: [GC (Allocation Failure) 2019-06-10T19:04:05.738+0000: 57.763: [DefNew: 136829K->253K(153600K), 0.0019909 secs] 180972K->44395K(494976K), 0.0020513 secs] [Times: user=0.00 sys=0.00, real=0.00 secs] 
2019-06-10T19:04:11.298+0000: 63.323: [GC (Allocation Failure) 2019-06-10T19:04:11.298+0000: 63.323: [DefNew: 136829K->568K(153600K), 0.0024139 secs] 180971K->44711K(494976K), 0.0024666 secs] [Times: user=0.01 sys=0.00, real=0.00 secs] 
19:04:25.998 [Curator-PathChildrenCache-0] ERROR o.a.c.f.r.c.PathChildrenCache  - 
java.lang.IllegalStateException: instance must be started before calling this method
	at org.apache.curator.shaded.com.google.common.base.Preconditions.checkState(Preconditions.java:444)
	at org.apache.curator.framework.imps.CuratorFrameworkImpl.getChildren(CuratorFrameworkImpl.java:456)
	at org.apache.curator.framework.recipes.cache.PathChildrenCache.refresh(PathChildrenCache.java:521)
	at org.apache.curator.framework.recipes.cache.RefreshOperation.invoke(RefreshOperation.java:35)
	at org.apache.curator.framework.recipes.cache.PathChildrenCache$9.run(PathChildrenCache.java:786)
	at java.util.concurrent.Executors$RunnableAdapter.call(Executors.java:511)
	at java.util.concurrent.FutureTask.run(FutureTask.java:266)
	at java.util.concurrent.Executors$RunnableAdapter.call(Executors.java:511)
	at java.util.concurrent.FutureTask.run(FutureTask.java:266)
	at java.util.concurrent.ThreadPoolExecutor.runWorker(ThreadPoolExecutor.java:1149)
	at java.util.concurrent.ThreadPoolExecutor$Worker.run(ThreadPoolExecutor.java:624)
	at java.lang.Thread.run(Thread.java:748)
Heap
 def new generation   total 153600K, used 70013K [0x00000000e0c00000, 0x00000000eb2a0000, 0x00000000eb2a0000)
  eden space 136576K,  50% used [0x00000000e0c00000, 0x00000000e4fd1150, 0x00000000e9160000)
  from space 17024K,   3% used [0x00000000e9160000, 0x00000000e91ee3c0, 0x00000000ea200000)
  to   space 17024K,   0% used [0x00000000ea200000, 0x00000000ea200000, 0x00000000eb2a0000)
 tenured generation   total 341376K, used 44142K [0x00000000eb2a0000, 0x0000000100000000, 0x0000000100000000)
   the space 341376K,  12% used [0x00000000eb2a0000, 0x00000000eddbbb38, 0x00000000eddbbc00, 0x0000000100000000)
 Metaspace       used 36423K, capacity 37442K, committed 37760K, reserved 1081344K
  class space    used 4902K, capacity 5123K, committed 5248K, reserved 1048576K
