08:33:46,342 |-INFO in ch.qos.logback.classic.LoggerContext[default] - Could NOT find resource [logback-test.xml]
08:33:46,342 |-INFO in ch.qos.logback.classic.LoggerContext[default] - Could NOT find resource [logback.groovy]
08:33:46,343 |-INFO in ch.qos.logback.classic.LoggerContext[default] - Found resource [logback.xml] at [jar:file:/home/nikitasokolov/flamestream/lib/flamestream-runtime-1.0-SNAPSHOT.jar!/logback.xml]
08:33:46,343 |-WARN in ch.qos.logback.classic.LoggerContext[default] - Resource [logback.xml] occurs multiple times on the classpath.
08:33:46,343 |-WARN in ch.qos.logback.classic.LoggerContext[default] - Resource [logback.xml] occurs at [jar:file:/home/nikitasokolov/flamestream/lib/flamestream-runtime-1.0-SNAPSHOT.jar!/logback.xml]
08:33:46,343 |-WARN in ch.qos.logback.classic.LoggerContext[default] - Resource [logback.xml] occurs at [jar:file:/home/nikitasokolov/flamestream/flamestream-runtime-1.0-SNAPSHOT.jar!/logback.xml]
08:33:46,359 |-INFO in ch.qos.logback.core.joran.spi.ConfigurationWatchList@6108b2d7 - URL [jar:file:/home/nikitasokolov/flamestream/lib/flamestream-runtime-1.0-SNAPSHOT.jar!/logback.xml] is not of type file
08:33:46,409 |-INFO in ch.qos.logback.classic.joran.action.ConfigurationAction - debug attribute not set
08:33:46,410 |-INFO in ch.qos.logback.core.joran.action.AppenderAction - About to instantiate appender of type [ch.qos.logback.core.ConsoleAppender]
08:33:46,419 |-INFO in ch.qos.logback.core.joran.action.AppenderAction - Naming appender as [STDOUT]
08:33:46,428 |-INFO in ch.qos.logback.core.joran.action.NestedComplexPropertyIA - Assuming default type [ch.qos.logback.classic.encoder.PatternLayoutEncoder] for [encoder] property
08:33:46,488 |-INFO in ch.qos.logback.core.joran.action.AppenderAction - About to instantiate appender of type [ch.qos.logback.core.rolling.RollingFileAppender]
08:33:46,493 |-INFO in ch.qos.logback.core.joran.action.AppenderAction - Naming appender as [FILE]
08:33:46,515 |-INFO in c.q.l.core.rolling.TimeBasedRollingPolicy@357863579 - No compression will be used
08:33:46,516 |-INFO in c.q.l.core.rolling.TimeBasedRollingPolicy@357863579 - Will use the pattern /tmp/application_%d{yyyy-MM-dd}.%i.log for the active file
08:33:46,519 |-INFO in ch.qos.logback.core.rolling.SizeAndTimeBasedFNATP@6bf256fa - The date pattern is 'yyyy-MM-dd' from file name pattern '/tmp/application_%d{yyyy-MM-dd}.%i.log'.
08:33:46,519 |-INFO in ch.qos.logback.core.rolling.SizeAndTimeBasedFNATP@6bf256fa - Roll-over at midnight.
08:33:46,523 |-INFO in ch.qos.logback.core.rolling.SizeAndTimeBasedFNATP@6bf256fa - Setting initial period to Sun Jun 09 08:33:06 MSK 2019
08:33:46,523 |-WARN in ch.qos.logback.core.rolling.SizeAndTimeBasedFNATP@6bf256fa - SizeAndTimeBasedFNATP is deprecated. Use SizeAndTimeBasedRollingPolicy instead
08:33:46,523 |-WARN in ch.qos.logback.core.rolling.SizeAndTimeBasedFNATP@6bf256fa - For more information see http://logback.qos.ch/manual/appenders.html#SizeAndTimeBasedRollingPolicy
08:33:46,527 |-INFO in ch.qos.logback.core.joran.action.NestedComplexPropertyIA - Assuming default type [ch.qos.logback.classic.encoder.PatternLayoutEncoder] for [encoder] property
08:33:46,529 |-INFO in ch.qos.logback.core.rolling.RollingFileAppender[FILE] - Active log file name: /tmp/application.log
08:33:46,529 |-INFO in ch.qos.logback.core.rolling.RollingFileAppender[FILE] - File property is set to [/tmp/application.log]
08:33:46,531 |-INFO in ch.qos.logback.classic.joran.action.RootLoggerAction - Setting level of ROOT logger to WARN
08:33:46,531 |-INFO in ch.qos.logback.core.joran.action.AppenderRefAction - Attaching appender named [STDOUT] to Logger[ROOT]
08:33:46,531 |-INFO in ch.qos.logback.core.joran.action.AppenderRefAction - Attaching appender named [FILE] to Logger[ROOT]
08:33:46,531 |-INFO in ch.qos.logback.classic.joran.action.ConfigurationAction - End of configuration.
08:33:46,532 |-INFO in ch.qos.logback.classic.joran.JoranConfigurator@6cd8737 - Registering current configuration as safe fallback point

2019-06-09T08:33:47.509+0300: 1.364: [GC (Metadata GC Threshold) [PSYoungGen: 108119K->15903K(149504K)] 108119K->15983K(491008K), 0.0193746 secs] [Times: user=0.08 sys=0.02, real=0.02 secs] 
2019-06-09T08:33:47.529+0300: 1.383: [Full GC (Metadata GC Threshold) [PSYoungGen: 15903K->0K(149504K)] [ParOldGen: 80K->15045K(341504K)] 15983K->15045K(491008K), [Metaspace: 20806K->20806K(1067008K)], 0.0264855 secs] [Times: user=0.16 sys=0.03, real=0.03 secs] 
08:33:56.023 [Curator-PathChildrenCache-1] WARN  o.a.c.u.ZKPaths  - The version of ZooKeeper being used doesn't support Container nodes. CreateMode.PERSISTENT will be used instead.
2019-06-09T08:33:56.876+0300: 10.730: [GC (Metadata GC Threshold) [PSYoungGen: 123910K->15800K(149504K)] 138956K->50385K(491008K), 0.0333508 secs] [Times: user=0.30 sys=0.01, real=0.03 secs] 
2019-06-09T08:33:56.909+0300: 10.763: [Full GC (Metadata GC Threshold) [PSYoungGen: 15800K->0K(149504K)] [ParOldGen: 34584K->38779K(341504K)] 50385K->38779K(491008K), [Metaspace: 34553K->34553K(1079296K)], 0.0489838 secs] [Times: user=0.29 sys=0.05, real=0.06 secs] 
2019-06-09T08:33:58.571+0300: 12.425: [GC (Allocation Failure) [PSYoungGen: 128512K->640K(149504K)] 167291K->39427K(491008K), 0.0024673 secs] [Times: user=0.02 sys=0.00, real=0.00 secs] 
2019-06-09T08:34:00.123+0300: 13.977: [GC (Allocation Failure) [PSYoungGen: 129152K->576K(149504K)] 167939K->39371K(491008K), 0.0045629 secs] [Times: user=0.03 sys=0.00, real=0.00 secs] 
2019-06-09T08:34:01.536+0300: 15.390: [GC (Allocation Failure) [PSYoungGen: 129088K->608K(129536K)] 167883K->39411K(471040K), 0.0028268 secs] [Times: user=0.02 sys=0.00, real=0.01 secs] 
2019-06-09T08:34:02.592+0300: 16.446: [GC (Allocation Failure) [PSYoungGen: 129120K->1056K(150016K)] 167923K->39859K(491520K), 0.0047875 secs] [Times: user=0.04 sys=0.00, real=0.00 secs] 
2019-06-09T08:34:03.786+0300: 17.640: [GC (Allocation Failure) [PSYoungGen: 129568K->992K(148992K)] 168371K->39795K(490496K), 0.0026233 secs] [Times: user=0.01 sys=0.00, real=0.00 secs] 
2019-06-09T08:34:04.784+0300: 18.638: [GC (Allocation Failure) [PSYoungGen: 129504K->736K(152064K)] 168307K->39539K(493568K), 0.0043285 secs] [Times: user=0.02 sys=0.00, real=0.00 secs] 
2019-06-09T08:34:05.626+0300: 19.481: [GC (Allocation Failure) [PSYoungGen: 133344K->672K(151040K)] 172147K->39475K(492544K), 0.0042646 secs] [Times: user=0.02 sys=0.01, real=0.01 secs] 
2019-06-09T08:34:06.681+0300: 20.535: [GC (Allocation Failure) [PSYoungGen: 133280K->736K(153600K)] 172083K->39539K(495104K), 0.0029132 secs] [Times: user=0.01 sys=0.01, real=0.00 secs] 
2019-06-09T08:34:07.830+0300: 21.685: [GC (Allocation Failure) [PSYoungGen: 136416K->672K(152576K)] 175219K->39475K(494080K), 0.0026145 secs] [Times: user=0.01 sys=0.01, real=0.00 secs] 
2019-06-09T08:34:08.991+0300: 22.845: [GC (Allocation Failure) [PSYoungGen: 136352K->640K(155136K)] 175155K->39443K(496640K), 0.0033275 secs] [Times: user=0.01 sys=0.00, real=0.00 secs] 
2019-06-09T08:34:09.988+0300: 23.843: [GC (Allocation Failure) [PSYoungGen: 139392K->576K(154112K)] 178195K->39379K(495616K), 0.0638750 secs] [Times: user=0.01 sys=0.00, real=0.07 secs] 
2019-06-09T08:34:11.605+0300: 25.459: [GC (Allocation Failure) [PSYoungGen: 139328K->608K(156160K)] 178131K->39419K(497664K), 0.0030798 secs] [Times: user=0.02 sys=0.00, real=0.00 secs] 
08:34:18.118 [Curator-PathChildrenCache-0] ERROR o.a.c.f.r.c.PathChildrenCache  - 
java.lang.IllegalStateException: instance must be started before calling this method
	at org.apache.curator.shaded.com.google.common.base.Preconditions.checkState(Preconditions.java:444)
	at org.apache.curator.framework.imps.CuratorFrameworkImpl.getChildren(CuratorFrameworkImpl.java:456)
	at org.apache.curator.framework.recipes.cache.PathChildrenCache.refresh(PathChildrenCache.java:521)
	at org.apache.curator.framework.recipes.cache.RefreshOperation.invoke(RefreshOperation.java:35)
	at org.apache.curator.framework.recipes.cache.PathChildrenCache$9.run(PathChildrenCache.java:786)
	at java.util.concurrent.Executors$RunnableAdapter.call(Executors.java:511)
	at java.util.concurrent.FutureTask.run(FutureTask.java:266)
	at java.util.concurrent.Executors$RunnableAdapter.call(Executors.java:511)
	at java.util.concurrent.FutureTask.run(FutureTask.java:266)
	at java.util.concurrent.ThreadPoolExecutor.runWorker(ThreadPoolExecutor.java:1149)
	at java.util.concurrent.ThreadPoolExecutor$Worker.run(ThreadPoolExecutor.java:624)
	at java.lang.Thread.run(Thread.java:748)
Heap
 PSYoungGen      total 156160K, used 98759K [0x00000000f5980000, 0x0000000100000000, 0x0000000100000000)
  eden space 141312K, 69% used [0x00000000f5980000,0x00000000fb959de8,0x00000000fe380000)
  from space 14848K, 4% used [0x00000000ff180000,0x00000000ff218020,0x0000000100000000)
  to   space 14336K, 0% used [0x00000000fe380000,0x00000000fe380000,0x00000000ff180000)
 ParOldGen       total 341504K, used 38811K [0x00000000e0c00000, 0x00000000f5980000, 0x00000000f5980000)
  object space 341504K, 11% used [0x00000000e0c00000,0x00000000e31e6fa8,0x00000000f5980000)
 Metaspace       used 35731K, capacity 36614K, committed 36952K, reserved 1081344K
  class space    used 4936K, capacity 5129K, committed 5248K, reserved 1048576K
