16:38:57,104 |-INFO in ch.qos.logback.classic.LoggerContext[default] - Could NOT find resource [logback-test.xml]
16:38:57,104 |-INFO in ch.qos.logback.classic.LoggerContext[default] - Could NOT find resource [logback.groovy]
16:38:57,104 |-INFO in ch.qos.logback.classic.LoggerContext[default] - Found resource [logback.xml] at [jar:file:/root/flamestream/lib/flamestream-runtime-1.0-SNAPSHOT.jar!/logback.xml]
16:38:57,105 |-WARN in ch.qos.logback.classic.LoggerContext[default] - Resource [logback.xml] occurs multiple times on the classpath.
16:38:57,105 |-WARN in ch.qos.logback.classic.LoggerContext[default] - Resource [logback.xml] occurs at [jar:file:/root/flamestream/lib/flamestream-runtime-1.0-SNAPSHOT.jar!/logback.xml]
16:38:57,105 |-WARN in ch.qos.logback.classic.LoggerContext[default] - Resource [logback.xml] occurs at [jar:file:/root/flamestream/flamestream-runtime-1.0-SNAPSHOT.jar!/logback.xml]
16:38:57,125 |-INFO in ch.qos.logback.core.joran.spi.ConfigurationWatchList@3fb6a447 - URL [jar:file:/root/flamestream/lib/flamestream-runtime-1.0-SNAPSHOT.jar!/logback.xml] is not of type file
16:38:57,196 |-INFO in ch.qos.logback.classic.joran.action.ConfigurationAction - debug attribute not set
16:38:57,197 |-INFO in ch.qos.logback.core.joran.action.AppenderAction - About to instantiate appender of type [ch.qos.logback.core.ConsoleAppender]
16:38:57,211 |-INFO in ch.qos.logback.core.joran.action.AppenderAction - Naming appender as [STDOUT]
16:38:57,229 |-INFO in ch.qos.logback.core.joran.action.NestedComplexPropertyIA - Assuming default type [ch.qos.logback.classic.encoder.PatternLayoutEncoder] for [encoder] property
16:38:57,314 |-INFO in ch.qos.logback.core.joran.action.AppenderAction - About to instantiate appender of type [ch.qos.logback.core.rolling.RollingFileAppender]
16:38:57,319 |-INFO in ch.qos.logback.core.joran.action.AppenderAction - Naming appender as [FILE]
16:38:57,351 |-INFO in c.q.l.core.rolling.TimeBasedRollingPolicy@127618319 - No compression will be used
16:38:57,352 |-INFO in c.q.l.core.rolling.TimeBasedRollingPolicy@127618319 - Will use the pattern /tmp/application_%d{yyyy-MM-dd}.%i.log for the active file
16:38:57,354 |-INFO in ch.qos.logback.core.rolling.SizeAndTimeBasedFNATP@6b2fad11 - The date pattern is 'yyyy-MM-dd' from file name pattern '/tmp/application_%d{yyyy-MM-dd}.%i.log'.
16:38:57,354 |-INFO in ch.qos.logback.core.rolling.SizeAndTimeBasedFNATP@6b2fad11 - Roll-over at midnight.
16:38:57,360 |-INFO in ch.qos.logback.core.rolling.SizeAndTimeBasedFNATP@6b2fad11 - Setting initial period to Mon Jun 10 16:37:21 UTC 2019
16:38:57,360 |-WARN in ch.qos.logback.core.rolling.SizeAndTimeBasedFNATP@6b2fad11 - SizeAndTimeBasedFNATP is deprecated. Use SizeAndTimeBasedRollingPolicy instead
16:38:57,360 |-WARN in ch.qos.logback.core.rolling.SizeAndTimeBasedFNATP@6b2fad11 - For more information see http://logback.qos.ch/manual/appenders.html#SizeAndTimeBasedRollingPolicy
16:38:57,363 |-INFO in ch.qos.logback.core.joran.action.NestedComplexPropertyIA - Assuming default type [ch.qos.logback.classic.encoder.PatternLayoutEncoder] for [encoder] property
16:38:57,368 |-INFO in ch.qos.logback.core.rolling.RollingFileAppender[FILE] - Active log file name: /tmp/application.log
16:38:57,368 |-INFO in ch.qos.logback.core.rolling.RollingFileAppender[FILE] - File property is set to [/tmp/application.log]
16:38:57,369 |-INFO in ch.qos.logback.classic.joran.action.RootLoggerAction - Setting level of ROOT logger to WARN
16:38:57,369 |-INFO in ch.qos.logback.core.joran.action.AppenderRefAction - Attaching appender named [STDOUT] to Logger[ROOT]
16:38:57,371 |-INFO in ch.qos.logback.core.joran.action.AppenderRefAction - Attaching appender named [FILE] to Logger[ROOT]
16:38:57,371 |-INFO in ch.qos.logback.classic.joran.action.ConfigurationAction - End of configuration.
16:38:57,372 |-INFO in ch.qos.logback.classic.joran.JoranConfigurator@79698539 - Registering current configuration as safe fallback point

Ama winner
Ama winner
2019-06-10T16:38:58.702+0000: 1.785: [Full GC (Metadata GC Threshold) 2019-06-10T16:38:58.702+0000: 1.785: [Tenured: 0K->15145K(341376K), 0.0399987 secs] 114988K->15145K(494976K), [Metaspace: 20731K->20731K(1067008K)], 0.0400647 secs] [Times: user=0.03 sys=0.01, real=0.04 secs] 
16:39:18.649 [Curator-PathChildrenCache-1] WARN  o.a.c.u.ZKPaths  - The version of ZooKeeper being used doesn't support Container nodes. CreateMode.PERSISTENT will be used instead.
2019-06-10T16:39:21.096+0000: 24.178: [GC (Allocation Failure) 2019-06-10T16:39:21.096+0000: 24.178: [DefNew: 136576K->17023K(153600K), 0.0267067 secs] 151721K->52608K(494976K), 0.0267909 secs] [Times: user=0.01 sys=0.02, real=0.03 secs] 
2019-06-10T16:39:22.460+0000: 25.543: [Full GC (Metadata GC Threshold) 2019-06-10T16:39:22.460+0000: 25.543: [Tenured: 35584K->44194K(341376K), 0.0553008 secs] 84439K->44194K(494976K), [Metaspace: 34593K->34593K(1079296K)], 0.0553791 secs] [Times: user=0.05 sys=0.00, real=0.05 secs] 
2019-06-10T16:39:28.276+0000: 31.359: [GC (Allocation Failure) 2019-06-10T16:39:28.276+0000: 31.359: [DefNew: 136576K->66K(153600K), 0.0018070 secs] 180770K->44260K(494976K), 0.0018652 secs] [Times: user=0.00 sys=0.00, real=0.00 secs] 
2019-06-10T16:39:34.179+0000: 37.262: [GC (Allocation Failure) 2019-06-10T16:39:34.179+0000: 37.262: [DefNew: 136642K->68K(153600K), 0.0017301 secs] 180836K->44262K(494976K), 0.0017924 secs] [Times: user=0.00 sys=0.00, real=0.00 secs] 
2019-06-10T16:39:40.101+0000: 43.184: [GC (Allocation Failure) 2019-06-10T16:39:40.101+0000: 43.184: [DefNew: 136644K->71K(153600K), 0.0017909 secs] 180838K->44265K(494976K), 0.0018488 secs] [Times: user=0.00 sys=0.00, real=0.00 secs] 
2019-06-10T16:39:45.987+0000: 49.070: [GC (Allocation Failure) 2019-06-10T16:39:45.987+0000: 49.070: [DefNew: 136647K->69K(153600K), 0.0017476 secs] 180841K->44264K(494976K), 0.0018060 secs] [Times: user=0.00 sys=0.00, real=0.00 secs] 
2019-06-10T16:39:59.619+0000: 62.701: [GC (Allocation Failure) 2019-06-10T16:39:59.619+0000: 62.702: [DefNew: 136645K->416K(153600K), 0.0022444 secs] 180840K->44611K(494976K), 0.0023047 secs] [Times: user=0.01 sys=0.00, real=0.00 secs] 
16:40:00.058 [Curator-PathChildrenCache-0] ERROR o.a.c.f.r.c.PathChildrenCache  - 
java.lang.IllegalStateException: instance must be started before calling this method
	at org.apache.curator.shaded.com.google.common.base.Preconditions.checkState(Preconditions.java:444)
	at org.apache.curator.framework.imps.CuratorFrameworkImpl.getChildren(CuratorFrameworkImpl.java:456)
	at org.apache.curator.framework.recipes.cache.PathChildrenCache.refresh(PathChildrenCache.java:521)
	at org.apache.curator.framework.recipes.cache.RefreshOperation.invoke(RefreshOperation.java:35)
	at org.apache.curator.framework.recipes.cache.PathChildrenCache$9.run(PathChildrenCache.java:786)
	at java.util.concurrent.Executors$RunnableAdapter.call(Executors.java:511)
	at java.util.concurrent.FutureTask.run(FutureTask.java:266)
	at java.util.concurrent.Executors$RunnableAdapter.call(Executors.java:511)
	at java.util.concurrent.FutureTask.run(FutureTask.java:266)
	at java.util.concurrent.ThreadPoolExecutor.runWorker(ThreadPoolExecutor.java:1149)
	at java.util.concurrent.ThreadPoolExecutor$Worker.run(ThreadPoolExecutor.java:624)
	at java.lang.Thread.run(Thread.java:748)
Heap
 def new generation   total 153600K, used 20666K [0x00000000e0c00000, 0x00000000eb2a0000, 0x00000000eb2a0000)
  eden space 136576K,  14% used [0x00000000e0c00000, 0x00000000e1fc6690, 0x00000000e9160000)
  from space 17024K,   2% used [0x00000000e9160000, 0x00000000e91c8340, 0x00000000ea200000)
  to   space 17024K,   0% used [0x00000000ea200000, 0x00000000ea200000, 0x00000000eb2a0000)
 tenured generation   total 341376K, used 44194K [0x00000000eb2a0000, 0x0000000100000000, 0x0000000100000000)
   the space 341376K,  12% used [0x00000000eb2a0000, 0x00000000eddc8a38, 0x00000000eddc8c00, 0x0000000100000000)
 Metaspace       used 36187K, capacity 37120K, committed 37376K, reserved 1081344K
  class space    used 4873K, capacity 5074K, committed 5120K, reserved 1048576K
