08:34:01,338 |-INFO in ch.qos.logback.classic.LoggerContext[default] - Could NOT find resource [logback-test.xml]
08:34:01,338 |-INFO in ch.qos.logback.classic.LoggerContext[default] - Could NOT find resource [logback.groovy]
08:34:01,338 |-INFO in ch.qos.logback.classic.LoggerContext[default] - Found resource [logback.xml] at [jar:file:/root/flamestream/lib/flamestream-runtime-1.0-SNAPSHOT.jar!/logback.xml]
08:34:01,338 |-WARN in ch.qos.logback.classic.LoggerContext[default] - Resource [logback.xml] occurs multiple times on the classpath.
08:34:01,338 |-WARN in ch.qos.logback.classic.LoggerContext[default] - Resource [logback.xml] occurs at [jar:file:/root/flamestream/lib/flamestream-runtime-1.0-SNAPSHOT.jar!/logback.xml]
08:34:01,338 |-WARN in ch.qos.logback.classic.LoggerContext[default] - Resource [logback.xml] occurs at [jar:file:/root/flamestream/flamestream-runtime-1.0-SNAPSHOT.jar!/logback.xml]
08:34:01,362 |-INFO in ch.qos.logback.core.joran.spi.ConfigurationWatchList@3fb6a447 - URL [jar:file:/root/flamestream/lib/flamestream-runtime-1.0-SNAPSHOT.jar!/logback.xml] is not of type file
08:34:01,434 |-INFO in ch.qos.logback.classic.joran.action.ConfigurationAction - debug attribute not set
08:34:01,435 |-INFO in ch.qos.logback.core.joran.action.AppenderAction - About to instantiate appender of type [ch.qos.logback.core.ConsoleAppender]
08:34:01,456 |-INFO in ch.qos.logback.core.joran.action.AppenderAction - Naming appender as [STDOUT]
08:34:01,474 |-INFO in ch.qos.logback.core.joran.action.NestedComplexPropertyIA - Assuming default type [ch.qos.logback.classic.encoder.PatternLayoutEncoder] for [encoder] property
08:34:01,562 |-INFO in ch.qos.logback.core.joran.action.AppenderAction - About to instantiate appender of type [ch.qos.logback.core.rolling.RollingFileAppender]
08:34:01,567 |-INFO in ch.qos.logback.core.joran.action.AppenderAction - Naming appender as [FILE]
08:34:01,597 |-INFO in c.q.l.core.rolling.TimeBasedRollingPolicy@127618319 - No compression will be used
08:34:01,599 |-INFO in c.q.l.core.rolling.TimeBasedRollingPolicy@127618319 - Will use the pattern /tmp/application_%d{yyyy-MM-dd}.%i.log for the active file
08:34:01,601 |-INFO in ch.qos.logback.core.rolling.SizeAndTimeBasedFNATP@6b2fad11 - The date pattern is 'yyyy-MM-dd' from file name pattern '/tmp/application_%d{yyyy-MM-dd}.%i.log'.
08:34:01,601 |-INFO in ch.qos.logback.core.rolling.SizeAndTimeBasedFNATP@6b2fad11 - Roll-over at midnight.
08:34:01,607 |-INFO in ch.qos.logback.core.rolling.SizeAndTimeBasedFNATP@6b2fad11 - Setting initial period to Tue Jun 11 08:32:45 UTC 2019
08:34:01,607 |-WARN in ch.qos.logback.core.rolling.SizeAndTimeBasedFNATP@6b2fad11 - SizeAndTimeBasedFNATP is deprecated. Use SizeAndTimeBasedRollingPolicy instead
08:34:01,607 |-WARN in ch.qos.logback.core.rolling.SizeAndTimeBasedFNATP@6b2fad11 - For more information see http://logback.qos.ch/manual/appenders.html#SizeAndTimeBasedRollingPolicy
08:34:01,611 |-INFO in ch.qos.logback.core.joran.action.NestedComplexPropertyIA - Assuming default type [ch.qos.logback.classic.encoder.PatternLayoutEncoder] for [encoder] property
08:34:01,616 |-INFO in ch.qos.logback.core.rolling.RollingFileAppender[FILE] - Active log file name: /tmp/application.log
08:34:01,616 |-INFO in ch.qos.logback.core.rolling.RollingFileAppender[FILE] - File property is set to [/tmp/application.log]
08:34:01,617 |-INFO in ch.qos.logback.classic.joran.action.RootLoggerAction - Setting level of ROOT logger to WARN
08:34:01,617 |-INFO in ch.qos.logback.core.joran.action.AppenderRefAction - Attaching appender named [STDOUT] to Logger[ROOT]
08:34:01,619 |-INFO in ch.qos.logback.core.joran.action.AppenderRefAction - Attaching appender named [FILE] to Logger[ROOT]
08:34:01,619 |-INFO in ch.qos.logback.classic.joran.action.ConfigurationAction - End of configuration.
08:34:01,619 |-INFO in ch.qos.logback.classic.joran.JoranConfigurator@79698539 - Registering current configuration as safe fallback point

Ama winner
Ama winner
2019-06-11T08:34:03.233+0000: 2.078: [Full GC (Metadata GC Threshold) 2019-06-11T08:34:03.233+0000: 2.078: [Tenured: 0K->15242K(341376K), 0.0354443 secs] 120481K->15242K(494976K), [Metaspace: 20737K->20737K(1067008K)], 0.0355112 secs] [Times: user=0.03 sys=0.01, real=0.03 secs] 
08:34:16.546 [Curator-PathChildrenCache-2] WARN  o.a.c.u.ZKPaths  - The version of ZooKeeper being used doesn't support Container nodes. CreateMode.PERSISTENT will be used instead.
2019-06-11T08:34:20.147+0000: 18.992: [GC (Allocation Failure) 2019-06-11T08:34:20.147+0000: 18.992: [DefNew: 136576K->17023K(153600K), 0.0274959 secs] 151818K->51962K(494976K), 0.0275650 secs] [Times: user=0.02 sys=0.01, real=0.03 secs] 
2019-06-11T08:34:22.513+0000: 21.358: [Full GC (Metadata GC Threshold) 2019-06-11T08:34:22.513+0000: 21.358: [Tenured: 34938K->42667K(341376K), 0.0514773 secs] 145997K->42667K(494976K), [Metaspace: 34606K->34606K(1079296K)], 0.0515538 secs] [Times: user=0.05 sys=0.00, real=0.05 secs] 
2019-06-11T08:34:25.085+0000: 23.930: [GC (Allocation Failure) 2019-06-11T08:34:25.085+0000: 23.930: [DefNew: 136576K->1662K(153600K), 0.0068238 secs] 179243K->44329K(494976K), 0.0068807 secs] [Times: user=0.01 sys=0.00, real=0.01 secs] 
2019-06-11T08:34:27.406+0000: 26.250: [GC (Allocation Failure) 2019-06-11T08:34:27.406+0000: 26.250: [DefNew: 138238K->441K(153600K), 0.0024022 secs] 180905K->43109K(494976K), 0.0024595 secs] [Times: user=0.00 sys=0.00, real=0.00 secs] 
2019-06-11T08:34:32.082+0000: 30.927: [GC (Allocation Failure) 2019-06-11T08:34:32.082+0000: 30.927: [DefNew: 137017K->529K(153600K), 0.0024517 secs] 179685K->43196K(494976K), 0.0025190 secs] [Times: user=0.00 sys=0.00, real=0.00 secs] 
2019-06-11T08:34:36.600+0000: 35.445: [GC (Allocation Failure) 2019-06-11T08:34:36.600+0000: 35.445: [DefNew: 137105K->473K(153600K), 0.0025022 secs] 179772K->43141K(494976K), 0.0025647 secs] [Times: user=0.00 sys=0.00, real=0.00 secs] 
2019-06-11T08:34:40.465+0000: 39.310: [GC (Allocation Failure) 2019-06-11T08:34:40.465+0000: 39.310: [DefNew: 137049K->550K(153600K), 0.0026316 secs] 179717K->43218K(494976K), 0.0027025 secs] [Times: user=0.00 sys=0.00, real=0.00 secs] 
2019-06-11T08:34:44.088+0000: 42.933: [GC (Allocation Failure) 2019-06-11T08:34:44.088+0000: 42.933: [DefNew: 137126K->557K(153600K), 0.0026581 secs] 179794K->43225K(494976K), 0.0027202 secs] [Times: user=0.00 sys=0.00, real=0.00 secs] 
2019-06-11T08:34:48.824+0000: 47.669: [GC (Allocation Failure) 2019-06-11T08:34:48.824+0000: 47.669: [DefNew: 137133K->720K(153600K), 0.0026588 secs] 179801K->43387K(494976K), 0.0027169 secs] [Times: user=0.00 sys=0.00, real=0.00 secs] 
2019-06-11T08:34:53.489+0000: 52.333: [GC (Allocation Failure) 2019-06-11T08:34:53.489+0000: 52.333: [DefNew: 137296K->1331K(153600K), 0.0036684 secs] 179963K->43999K(494976K), 0.0037381 secs] [Times: user=0.00 sys=0.00, real=0.01 secs] 
2019-06-11T08:34:56.888+0000: 55.733: [GC (Allocation Failure) 2019-06-11T08:34:56.888+0000: 55.733: [DefNew: 137907K->707K(153600K), 0.0026489 secs] 180575K->43374K(494976K), 0.0027100 secs] [Times: user=0.00 sys=0.00, real=0.00 secs] 
2019-06-11T08:35:01.539+0000: 60.384: [GC (Allocation Failure) 2019-06-11T08:35:01.539+0000: 60.384: [DefNew: 137283K->683K(153600K), 0.0025866 secs] 179950K->43351K(494976K), 0.0026580 secs] [Times: user=0.00 sys=0.00, real=0.00 secs] 
2019-06-11T08:35:05.475+0000: 64.321: [GC (Allocation Failure) 2019-06-11T08:35:05.476+0000: 64.321: [DefNew: 137259K->1100K(153600K), 0.0033757 secs] 179927K->43768K(494976K), 0.0042813 secs] [Times: user=0.01 sys=0.00, real=0.01 secs] 
2019-06-11T08:35:10.672+0000: 69.517: [GC (Allocation Failure) 2019-06-11T08:35:10.672+0000: 69.517: [DefNew: 137676K->3931K(153600K), 0.0085676 secs] 180344K->46598K(494976K), 0.0086401 secs] [Times: user=0.01 sys=0.00, real=0.01 secs] 
2019-06-11T08:35:13.209+0000: 72.054: [GC (Allocation Failure) 2019-06-11T08:35:13.209+0000: 72.054: [DefNew: 140507K->898K(153600K), 0.0029950 secs] 183174K->43565K(494976K), 0.0030551 secs] [Times: user=0.00 sys=0.00, real=0.01 secs] 
2019-06-11T08:35:18.598+0000: 77.443: [GC (Allocation Failure) 2019-06-11T08:35:18.598+0000: 77.443: [DefNew: 137474K->1087K(153600K), 0.0032494 secs] 180141K->43755K(494976K), 0.0033192 secs] [Times: user=0.00 sys=0.00, real=0.01 secs] 
2019-06-11T08:35:22.061+0000: 80.906: [GC (Allocation Failure) 2019-06-11T08:35:22.061+0000: 80.906: [DefNew: 137663K->1206K(153600K), 0.0031391 secs] 180331K->43874K(494976K), 0.0031985 secs] [Times: user=0.00 sys=0.00, real=0.00 secs] 
2019-06-11T08:35:25.628+0000: 84.473: [GC (Allocation Failure) 2019-06-11T08:35:25.628+0000: 84.473: [DefNew: 137782K->1323K(153600K), 0.0036403 secs] 180450K->44203K(494976K), 0.0037315 secs] [Times: user=0.00 sys=0.00, real=0.01 secs] 
2019-06-11T08:35:30.087+0000: 88.932: [GC (Allocation Failure) 2019-06-11T08:35:30.087+0000: 88.932: [DefNew: 137899K->927K(153600K), 0.0029576 secs] 180779K->43839K(494976K), 0.0030183 secs] [Times: user=0.00 sys=0.00, real=0.00 secs] 
2019-06-11T08:35:34.749+0000: 93.594: [GC (Allocation Failure) 2019-06-11T08:35:34.749+0000: 93.594: [DefNew: 137503K->949K(153600K), 0.0030080 secs] 180415K->43908K(494976K), 0.0030605 secs] [Times: user=0.01 sys=0.00, real=0.01 secs] 
2019-06-11T08:35:38.275+0000: 97.120: [GC (Allocation Failure) 2019-06-11T08:35:38.275+0000: 97.120: [DefNew: 137525K->968K(153600K), 0.0028821 secs] 180484K->43964K(494976K), 0.0029562 secs] [Times: user=0.00 sys=0.00, real=0.00 secs] 
2019-06-11T08:35:42.723+0000: 101.568: [GC (Allocation Failure) 2019-06-11T08:35:42.723+0000: 101.568: [DefNew: 137544K->989K(153600K), 0.0030712 secs] 180540K->44021K(494976K), 0.0031434 secs] [Times: user=0.00 sys=0.00, real=0.00 secs] 
2019-06-11T08:35:46.516+0000: 105.361: [GC (Allocation Failure) 2019-06-11T08:35:46.516+0000: 105.361: [DefNew: 137565K->997K(153600K), 0.0031251 secs] 180597K->44065K(494976K), 0.0031863 secs] [Times: user=0.00 sys=0.00, real=0.01 secs] 
2019-06-11T08:35:51.165+0000: 110.010: [GC (Allocation Failure) 2019-06-11T08:35:51.165+0000: 110.010: [DefNew: 137573K->1015K(153600K), 0.0030346 secs] 180641K->44120K(494976K), 0.0030967 secs] [Times: user=0.00 sys=0.00, real=0.00 secs] 
2019-06-11T08:35:54.434+0000: 113.279: [GC (Allocation Failure) 2019-06-11T08:35:54.434+0000: 113.279: [DefNew: 137591K->1207K(153600K), 0.0031517 secs] 180696K->44359K(494976K), 0.0032114 secs] [Times: user=0.00 sys=0.00, real=0.00 secs] 
2019-06-11T08:35:59.503+0000: 118.348: [GC (Allocation Failure) 2019-06-11T08:35:59.503+0000: 118.348: [DefNew: 137783K->1252K(153600K), 0.0034119 secs] 180935K->44439K(494976K), 0.0034905 secs] [Times: user=0.00 sys=0.00, real=0.00 secs] 
2019-06-11T08:36:03.453+0000: 122.298: [GC (Allocation Failure) 2019-06-11T08:36:03.453+0000: 122.298: [DefNew: 137828K->1077K(153600K), 0.0029459 secs] 181015K->44295K(494976K), 0.0029984 secs] [Times: user=0.00 sys=0.00, real=0.00 secs] 
2019-06-11T08:36:07.570+0000: 126.415: [GC (Allocation Failure) 2019-06-11T08:36:07.570+0000: 126.415: [DefNew: 137653K->1055K(153600K), 0.0030176 secs] 180871K->44372K(494976K), 0.0030766 secs] [Times: user=0.01 sys=0.00, real=0.01 secs] 
2019-06-11T08:36:11.710+0000: 130.555: [GC (Allocation Failure) 2019-06-11T08:36:11.710+0000: 130.555: [DefNew: 137631K->1057K(153600K), 0.0031008 secs] 180948K->44423K(494976K), 0.0031640 secs] [Times: user=0.00 sys=0.00, real=0.01 secs] 
2019-06-11T08:36:15.857+0000: 134.702: [GC (Allocation Failure) 2019-06-11T08:36:15.857+0000: 134.702: [DefNew: 137633K->1206K(153600K), 0.0030686 secs] 180999K->44664K(494976K), 0.0031350 secs] [Times: user=0.00 sys=0.00, real=0.01 secs] 
2019-06-11T08:36:19.926+0000: 138.771: [GC (Allocation Failure) 2019-06-11T08:36:19.927+0000: 138.771: [DefNew: 137782K->940K(153600K), 0.0028251 secs] 181240K->44474K(494976K), 0.0028877 secs] [Times: user=0.00 sys=0.00, real=0.00 secs] 
2019-06-11T08:36:24.772+0000: 143.617: [GC (Allocation Failure) 2019-06-11T08:36:24.772+0000: 143.617: [DefNew: 137516K->948K(153600K), 0.0029309 secs] 181050K->44538K(494976K), 0.0029924 secs] [Times: user=0.00 sys=0.00, real=0.00 secs] 
2019-06-11T08:36:28.286+0000: 147.131: [GC (Allocation Failure) 2019-06-11T08:36:28.286+0000: 147.131: [DefNew: 137524K->919K(153600K), 0.0028104 secs] 181114K->44566K(494976K), 0.0029045 secs] [Times: user=0.00 sys=0.00, real=0.00 secs] 
2019-06-11T08:36:33.123+0000: 151.968: [GC (Allocation Failure) 2019-06-11T08:36:33.123+0000: 151.968: [DefNew: 137495K->906K(153600K), 0.0027623 secs] 181142K->44610K(494976K), 0.0028143 secs] [Times: user=0.01 sys=0.00, real=0.00 secs] 
2019-06-11T08:36:37.411+0000: 156.256: [GC (Allocation Failure) 2019-06-11T08:36:37.411+0000: 156.256: [DefNew: 137482K->898K(153600K), 0.0027332 secs] 181186K->44661K(494976K), 0.0027935 secs] [Times: user=0.01 sys=0.00, real=0.00 secs] 
2019-06-11T08:50:50.316+0000: 1009.161: [GC (Allocation Failure) 2019-06-11T08:50:50.316+0000: 1009.161: [DefNew: 137474K->1098K(153600K), 0.0031174 secs] 181237K->44916K(494976K), 0.0031771 secs] [Times: user=0.00 sys=0.00, real=0.01 secs] 
09:34:25.859 [Curator-PathChildrenCache-0] ERROR o.a.c.f.r.c.PathChildrenCache  - 
java.lang.IllegalStateException: instance must be started before calling this method
	at org.apache.curator.shaded.com.google.common.base.Preconditions.checkState(Preconditions.java:444)
	at org.apache.curator.framework.imps.CuratorFrameworkImpl.getChildren(CuratorFrameworkImpl.java:456)
	at org.apache.curator.framework.recipes.cache.PathChildrenCache.refresh(PathChildrenCache.java:521)
	at org.apache.curator.framework.recipes.cache.RefreshOperation.invoke(RefreshOperation.java:35)
	at org.apache.curator.framework.recipes.cache.PathChildrenCache$9.run(PathChildrenCache.java:786)
	at java.util.concurrent.Executors$RunnableAdapter.call(Executors.java:511)
	at java.util.concurrent.FutureTask.run(FutureTask.java:266)
	at java.util.concurrent.Executors$RunnableAdapter.call(Executors.java:511)
	at java.util.concurrent.FutureTask.run(FutureTask.java:266)
	at java.util.concurrent.ThreadPoolExecutor.runWorker(ThreadPoolExecutor.java:1149)
	at java.util.concurrent.ThreadPoolExecutor$Worker.run(ThreadPoolExecutor.java:624)
	at java.lang.Thread.run(Thread.java:748)
Heap
 def new generation   total 153600K, used 118351K [0x00000000e0c00000, 0x00000000eb2a0000, 0x00000000eb2a0000)
  eden space 136576K,  85% used [0x00000000e0c00000, 0x00000000e7e814a8, 0x00000000e9160000)
  from space 17024K,   6% used [0x00000000ea200000, 0x00000000ea312968, 0x00000000eb2a0000)
  to   space 17024K,   0% used [0x00000000e9160000, 0x00000000e9160000, 0x00000000ea200000)
 tenured generation   total 341376K, used 43818K [0x00000000eb2a0000, 0x0000000100000000, 0x0000000100000000)
   the space 341376K,  12% used [0x00000000eb2a0000, 0x00000000edd6aa18, 0x00000000edd6ac00, 0x0000000100000000)
 Metaspace       used 36409K, capacity 37330K, committed 37632K, reserved 1081344K
  class space    used 4867K, capacity 5067K, committed 5120K, reserved 1048576K
