16:40:35,680 |-INFO in ch.qos.logback.classic.LoggerContext[default] - Could NOT find resource [logback-test.xml]
16:40:35,680 |-INFO in ch.qos.logback.classic.LoggerContext[default] - Could NOT find resource [logback.groovy]
16:40:35,680 |-INFO in ch.qos.logback.classic.LoggerContext[default] - Found resource [logback.xml] at [jar:file:/home/nikitasokolov/flamestream/lib/flamestream-runtime-1.0-SNAPSHOT.jar!/logback.xml]
16:40:35,680 |-WARN in ch.qos.logback.classic.LoggerContext[default] - Resource [logback.xml] occurs multiple times on the classpath.
16:40:35,681 |-WARN in ch.qos.logback.classic.LoggerContext[default] - Resource [logback.xml] occurs at [jar:file:/home/nikitasokolov/flamestream/lib/flamestream-runtime-1.0-SNAPSHOT.jar!/logback.xml]
16:40:35,681 |-WARN in ch.qos.logback.classic.LoggerContext[default] - Resource [logback.xml] occurs at [jar:file:/home/nikitasokolov/flamestream/flamestream-runtime-1.0-SNAPSHOT.jar!/logback.xml]
16:40:35,697 |-INFO in ch.qos.logback.core.joran.spi.ConfigurationWatchList@6108b2d7 - URL [jar:file:/home/nikitasokolov/flamestream/lib/flamestream-runtime-1.0-SNAPSHOT.jar!/logback.xml] is not of type file
16:40:35,753 |-INFO in ch.qos.logback.classic.joran.action.ConfigurationAction - debug attribute not set
16:40:35,754 |-INFO in ch.qos.logback.core.joran.action.AppenderAction - About to instantiate appender of type [ch.qos.logback.core.ConsoleAppender]
16:40:35,762 |-INFO in ch.qos.logback.core.joran.action.AppenderAction - Naming appender as [STDOUT]
16:40:35,770 |-INFO in ch.qos.logback.core.joran.action.NestedComplexPropertyIA - Assuming default type [ch.qos.logback.classic.encoder.PatternLayoutEncoder] for [encoder] property
16:40:35,827 |-INFO in ch.qos.logback.core.joran.action.AppenderAction - About to instantiate appender of type [ch.qos.logback.core.rolling.RollingFileAppender]
16:40:35,832 |-INFO in ch.qos.logback.core.joran.action.AppenderAction - Naming appender as [FILE]
16:40:35,854 |-INFO in c.q.l.core.rolling.TimeBasedRollingPolicy@357863579 - No compression will be used
16:40:35,856 |-INFO in c.q.l.core.rolling.TimeBasedRollingPolicy@357863579 - Will use the pattern /tmp/application_%d{yyyy-MM-dd}.%i.log for the active file
16:40:35,859 |-INFO in ch.qos.logback.core.rolling.SizeAndTimeBasedFNATP@6bf256fa - The date pattern is 'yyyy-MM-dd' from file name pattern '/tmp/application_%d{yyyy-MM-dd}.%i.log'.
16:40:35,859 |-INFO in ch.qos.logback.core.rolling.SizeAndTimeBasedFNATP@6bf256fa - Roll-over at midnight.
16:40:35,863 |-INFO in ch.qos.logback.core.rolling.SizeAndTimeBasedFNATP@6bf256fa - Setting initial period to Sun Jun 09 16:39:42 MSK 2019
16:40:35,863 |-WARN in ch.qos.logback.core.rolling.SizeAndTimeBasedFNATP@6bf256fa - SizeAndTimeBasedFNATP is deprecated. Use SizeAndTimeBasedRollingPolicy instead
16:40:35,863 |-WARN in ch.qos.logback.core.rolling.SizeAndTimeBasedFNATP@6bf256fa - For more information see http://logback.qos.ch/manual/appenders.html#SizeAndTimeBasedRollingPolicy
16:40:35,867 |-INFO in ch.qos.logback.core.joran.action.NestedComplexPropertyIA - Assuming default type [ch.qos.logback.classic.encoder.PatternLayoutEncoder] for [encoder] property
16:40:35,870 |-INFO in ch.qos.logback.core.rolling.RollingFileAppender[FILE] - Active log file name: /tmp/application.log
16:40:35,870 |-INFO in ch.qos.logback.core.rolling.RollingFileAppender[FILE] - File property is set to [/tmp/application.log]
16:40:35,871 |-INFO in ch.qos.logback.classic.joran.action.RootLoggerAction - Setting level of ROOT logger to WARN
16:40:35,871 |-INFO in ch.qos.logback.core.joran.action.AppenderRefAction - Attaching appender named [STDOUT] to Logger[ROOT]
16:40:35,872 |-INFO in ch.qos.logback.core.joran.action.AppenderRefAction - Attaching appender named [FILE] to Logger[ROOT]
16:40:35,872 |-INFO in ch.qos.logback.classic.joran.action.ConfigurationAction - End of configuration.
16:40:35,872 |-INFO in ch.qos.logback.classic.joran.JoranConfigurator@6cd8737 - Registering current configuration as safe fallback point

2019-06-09T16:40:36.857+0300: 1.385: [GC (Metadata GC Threshold) [PSYoungGen: 108152K->15849K(149504K)] 108152K->15929K(491008K), 0.0220234 secs] [Times: user=0.11 sys=0.02, real=0.03 secs] 
2019-06-09T16:40:36.880+0300: 1.408: [Full GC (Metadata GC Threshold) [PSYoungGen: 15849K->0K(149504K)] [ParOldGen: 80K->15078K(341504K)] 15929K->15078K(491008K), [Metaspace: 20802K->20802K(1067008K)], 0.0279766 secs] [Times: user=0.18 sys=0.02, real=0.02 secs] 
16:40:45.476 [Curator-PathChildrenCache-1] WARN  o.a.c.u.ZKPaths  - The version of ZooKeeper being used doesn't support Container nodes. CreateMode.PERSISTENT will be used instead.
2019-06-09T16:40:46.638+0300: 11.166: [GC (Allocation Failure) [PSYoungGen: 128512K->20971K(149504K)] 143590K->49999K(491008K), 0.0209967 secs] [Times: user=0.22 sys=0.04, real=0.02 secs] 
2019-06-09T16:40:46.682+0300: 11.210: [GC (Metadata GC Threshold) [PSYoungGen: 26927K->20971K(149504K)] 55955K->50078K(491008K), 0.0123395 secs] [Times: user=0.15 sys=0.00, real=0.01 secs] 
2019-06-09T16:40:46.695+0300: 11.223: [Full GC (Metadata GC Threshold) [PSYoungGen: 20971K->0K(149504K)] [ParOldGen: 29107K->38955K(341504K)] 50078K->38955K(491008K), [Metaspace: 34561K->34561K(1079296K)], 0.0366136 secs] [Times: user=0.19 sys=0.02, real=0.04 secs] 
2019-06-09T16:40:48.754+0300: 13.282: [GC (Allocation Failure) [PSYoungGen: 128512K->320K(149504K)] 167467K->39283K(491008K), 0.0033562 secs] [Times: user=0.01 sys=0.00, real=0.00 secs] 
2019-06-09T16:40:51.391+0300: 15.919: [GC (Allocation Failure) [PSYoungGen: 128832K->384K(129024K)] 167795K->39355K(470528K), 0.0023295 secs] [Times: user=0.01 sys=0.00, real=0.00 secs] 
2019-06-09T16:40:54.071+0300: 18.599: [GC (Allocation Failure) [PSYoungGen: 128896K->448K(130048K)] 167867K->39427K(471552K), 0.0048026 secs] [Times: user=0.03 sys=0.01, real=0.00 secs] 
2019-06-09T16:40:55.924+0300: 20.452: [GC (Allocation Failure) [PSYoungGen: 89024K->416K(129024K)] 128003K->39403K(470528K), 0.0029360 secs] [Times: user=0.01 sys=0.00, real=0.00 secs] 
2019-06-09T16:40:57.766+0300: 22.294: [GC (Allocation Failure) [PSYoungGen: 88992K->448K(132608K)] 127979K->39539K(474112K), 0.0046130 secs] [Times: user=0.03 sys=0.00, real=0.01 secs] 
2019-06-09T16:40:59.723+0300: 24.251: [GC (Allocation Failure) [PSYoungGen: 93632K->352K(131072K)] 132723K->39587K(472576K), 0.0050415 secs] [Times: user=0.04 sys=0.00, real=0.00 secs] 
2019-06-09T16:41:01.712+0300: 26.240: [GC (Allocation Failure) [PSYoungGen: 93536K->384K(135680K)] 132771K->39707K(477184K), 0.0106979 secs] [Times: user=0.10 sys=0.01, real=0.01 secs] 
16:41:12.609 [Curator-PathChildrenCache-0] ERROR o.a.c.f.r.c.PathChildrenCache  - 
java.lang.IllegalStateException: instance must be started before calling this method
	at org.apache.curator.shaded.com.google.common.base.Preconditions.checkState(Preconditions.java:444)
	at org.apache.curator.framework.imps.CuratorFrameworkImpl.getChildren(CuratorFrameworkImpl.java:456)
	at org.apache.curator.framework.recipes.cache.PathChildrenCache.refresh(PathChildrenCache.java:521)
	at org.apache.curator.framework.recipes.cache.RefreshOperation.invoke(RefreshOperation.java:35)
	at org.apache.curator.framework.recipes.cache.PathChildrenCache$9.run(PathChildrenCache.java:786)
	at java.util.concurrent.Executors$RunnableAdapter.call(Executors.java:511)
	at java.util.concurrent.FutureTask.run(FutureTask.java:266)
	at java.util.concurrent.Executors$RunnableAdapter.call(Executors.java:511)
	at java.util.concurrent.FutureTask.run(FutureTask.java:266)
	at java.util.concurrent.ThreadPoolExecutor.runWorker(ThreadPoolExecutor.java:1149)
	at java.util.concurrent.ThreadPoolExecutor$Worker.run(ThreadPoolExecutor.java:624)
	at java.lang.Thread.run(Thread.java:748)
Heap
 PSYoungGen      total 135680K, used 51243K [0x00000000f5980000, 0x0000000100000000, 0x0000000100000000)
  eden space 99328K, 51% used [0x00000000f5980000,0x00000000f8b2ac30,0x00000000fba80000)
  from space 36352K, 1% used [0x00000000fdc80000,0x00000000fdce0000,0x0000000100000000)
  to   space 34816K, 0% used [0x00000000fba80000,0x00000000fba80000,0x00000000fdc80000)
 ParOldGen       total 341504K, used 39323K [0x00000000e0c00000, 0x00000000f5980000, 0x00000000f5980000)
  object space 341504K, 11% used [0x00000000e0c00000,0x00000000e3266cc8,0x00000000f5980000)
 Metaspace       used 35628K, capacity 36478K, committed 36696K, reserved 1081344K
  class space    used 4936K, capacity 5129K, committed 5248K, reserved 1048576K
