13:02:46,125 |-INFO in ch.qos.logback.classic.LoggerContext[default] - Could NOT find resource [logback-test.xml]
13:02:46,125 |-INFO in ch.qos.logback.classic.LoggerContext[default] - Could NOT find resource [logback.groovy]
13:02:46,125 |-INFO in ch.qos.logback.classic.LoggerContext[default] - Found resource [logback.xml] at [jar:file:/root/flamestream/lib/flamestream-runtime-1.0-SNAPSHOT.jar!/logback.xml]
13:02:46,126 |-WARN in ch.qos.logback.classic.LoggerContext[default] - Resource [logback.xml] occurs multiple times on the classpath.
13:02:46,126 |-WARN in ch.qos.logback.classic.LoggerContext[default] - Resource [logback.xml] occurs at [jar:file:/root/flamestream/lib/flamestream-runtime-1.0-SNAPSHOT.jar!/logback.xml]
13:02:46,126 |-WARN in ch.qos.logback.classic.LoggerContext[default] - Resource [logback.xml] occurs at [jar:file:/root/flamestream/flamestream-runtime-1.0-SNAPSHOT.jar!/logback.xml]
13:02:46,145 |-INFO in ch.qos.logback.core.joran.spi.ConfigurationWatchList@3fb6a447 - URL [jar:file:/root/flamestream/lib/flamestream-runtime-1.0-SNAPSHOT.jar!/logback.xml] is not of type file
13:02:46,212 |-INFO in ch.qos.logback.classic.joran.action.ConfigurationAction - debug attribute not set
13:02:46,212 |-INFO in ch.qos.logback.core.joran.action.AppenderAction - About to instantiate appender of type [ch.qos.logback.core.ConsoleAppender]
13:02:46,228 |-INFO in ch.qos.logback.core.joran.action.AppenderAction - Naming appender as [STDOUT]
13:02:46,246 |-INFO in ch.qos.logback.core.joran.action.NestedComplexPropertyIA - Assuming default type [ch.qos.logback.classic.encoder.PatternLayoutEncoder] for [encoder] property
13:02:46,332 |-INFO in ch.qos.logback.core.joran.action.AppenderAction - About to instantiate appender of type [ch.qos.logback.core.rolling.RollingFileAppender]
13:02:46,337 |-INFO in ch.qos.logback.core.joran.action.AppenderAction - Naming appender as [FILE]
13:02:46,367 |-INFO in c.q.l.core.rolling.TimeBasedRollingPolicy@127618319 - No compression will be used
13:02:46,368 |-INFO in c.q.l.core.rolling.TimeBasedRollingPolicy@127618319 - Will use the pattern /tmp/application_%d{yyyy-MM-dd}.%i.log for the active file
13:02:46,371 |-INFO in ch.qos.logback.core.rolling.SizeAndTimeBasedFNATP@6b2fad11 - The date pattern is 'yyyy-MM-dd' from file name pattern '/tmp/application_%d{yyyy-MM-dd}.%i.log'.
13:02:46,371 |-INFO in ch.qos.logback.core.rolling.SizeAndTimeBasedFNATP@6b2fad11 - Roll-over at midnight.
13:02:46,377 |-INFO in ch.qos.logback.core.rolling.SizeAndTimeBasedFNATP@6b2fad11 - Setting initial period to Mon Jun 10 13:01:19 UTC 2019
13:02:46,377 |-WARN in ch.qos.logback.core.rolling.SizeAndTimeBasedFNATP@6b2fad11 - SizeAndTimeBasedFNATP is deprecated. Use SizeAndTimeBasedRollingPolicy instead
13:02:46,377 |-WARN in ch.qos.logback.core.rolling.SizeAndTimeBasedFNATP@6b2fad11 - For more information see http://logback.qos.ch/manual/appenders.html#SizeAndTimeBasedRollingPolicy
13:02:46,381 |-INFO in ch.qos.logback.core.joran.action.NestedComplexPropertyIA - Assuming default type [ch.qos.logback.classic.encoder.PatternLayoutEncoder] for [encoder] property
13:02:46,386 |-INFO in ch.qos.logback.core.rolling.RollingFileAppender[FILE] - Active log file name: /tmp/application.log
13:02:46,386 |-INFO in ch.qos.logback.core.rolling.RollingFileAppender[FILE] - File property is set to [/tmp/application.log]
13:02:46,387 |-INFO in ch.qos.logback.classic.joran.action.RootLoggerAction - Setting level of ROOT logger to WARN
13:02:46,387 |-INFO in ch.qos.logback.core.joran.action.AppenderRefAction - Attaching appender named [STDOUT] to Logger[ROOT]
13:02:46,389 |-INFO in ch.qos.logback.core.joran.action.AppenderRefAction - Attaching appender named [FILE] to Logger[ROOT]
13:02:46,389 |-INFO in ch.qos.logback.classic.joran.action.ConfigurationAction - End of configuration.
13:02:46,389 |-INFO in ch.qos.logback.classic.joran.JoranConfigurator@79698539 - Registering current configuration as safe fallback point

Ama winner
Ama winner
2019-06-10T13:02:48.015+0000: 2.079: [Full GC (Metadata GC Threshold) 2019-06-10T13:02:48.015+0000: 2.079: [Tenured: 0K->15240K(341376K), 0.0414615 secs] 120546K->15240K(494976K), [Metaspace: 20731K->20731K(1067008K)], 0.0415312 secs] [Times: user=0.04 sys=0.01, real=0.04 secs] 
13:03:05.765 [Curator-PathChildrenCache-1] WARN  o.a.c.u.ZKPaths  - The version of ZooKeeper being used doesn't support Container nodes. CreateMode.PERSISTENT will be used instead.
2019-06-10T13:03:08.173+0000: 22.236: [GC (Allocation Failure) 2019-06-10T13:03:08.173+0000: 22.236: [DefNew: 136576K->17023K(153600K), 0.0272314 secs] 151816K->52492K(494976K), 0.0273088 secs] [Times: user=0.01 sys=0.02, real=0.03 secs] 
2019-06-10T13:03:10.448+0000: 24.512: [Full GC (Metadata GC Threshold) 2019-06-10T13:03:10.448+0000: 24.512: [Tenured: 35468K->44218K(341376K), 0.0751062 secs] 91874K->44218K(494976K), [Metaspace: 34614K->34614K(1079296K)], 0.0751791 secs] [Times: user=0.07 sys=0.00, real=0.07 secs] 
2019-06-10T13:03:20.600+0000: 34.663: [GC (Allocation Failure) 2019-06-10T13:03:20.600+0000: 34.663: [DefNew: 136576K->90K(153600K), 0.0019000 secs] 180794K->44309K(494976K), 0.0019639 secs] [Times: user=0.00 sys=0.00, real=0.00 secs] 
2019-06-10T13:03:30.889+0000: 44.952: [GC (Allocation Failure) 2019-06-10T13:03:30.889+0000: 44.952: [DefNew: 136666K->122K(153600K), 0.0017975 secs] 180885K->44341K(494976K), 0.0018758 secs] [Times: user=0.00 sys=0.00, real=0.00 secs] 
2019-06-10T13:03:41.185+0000: 55.248: [GC (Allocation Failure) 2019-06-10T13:03:41.185+0000: 55.248: [DefNew: 136698K->130K(153600K), 0.0018292 secs] 180917K->44349K(494976K), 0.0018894 secs] [Times: user=0.00 sys=0.00, real=0.01 secs] 
2019-06-10T13:03:52.114+0000: 66.177: [GC (Allocation Failure) 2019-06-10T13:03:52.114+0000: 66.177: [DefNew: 136706K->468K(153600K), 0.0024224 secs] 180925K->44687K(494976K), 0.0024955 secs] [Times: user=0.00 sys=0.00, real=0.00 secs] 
2019-06-10T13:04:04.795+0000: 78.858: [GC (Allocation Failure) 2019-06-10T13:04:04.795+0000: 78.858: [DefNew: 137044K->223K(153600K), 0.0022108 secs] 181263K->44442K(494976K), 0.0022706 secs] [Times: user=0.00 sys=0.00, real=0.00 secs] 
2019-06-10T13:04:17.378+0000: 91.442: [GC (Allocation Failure) 2019-06-10T13:04:17.378+0000: 91.442: [DefNew: 136799K->223K(153600K), 0.0020864 secs] 181018K->44442K(494976K), 0.0021489 secs] [Times: user=0.01 sys=0.00, real=0.00 secs] 
13:04:31.171 [Curator-PathChildrenCache-0] ERROR o.a.c.f.r.c.PathChildrenCache  - 
java.lang.IllegalStateException: instance must be started before calling this method
	at org.apache.curator.shaded.com.google.common.base.Preconditions.checkState(Preconditions.java:444)
	at org.apache.curator.framework.imps.CuratorFrameworkImpl.getChildren(CuratorFrameworkImpl.java:456)
	at org.apache.curator.framework.recipes.cache.PathChildrenCache.refresh(PathChildrenCache.java:521)
	at org.apache.curator.framework.recipes.cache.RefreshOperation.invoke(RefreshOperation.java:35)
	at org.apache.curator.framework.recipes.cache.PathChildrenCache$9.run(PathChildrenCache.java:786)
	at java.util.concurrent.Executors$RunnableAdapter.call(Executors.java:511)
	at java.util.concurrent.FutureTask.run(FutureTask.java:266)
	at java.util.concurrent.Executors$RunnableAdapter.call(Executors.java:511)
	at java.util.concurrent.FutureTask.run(FutureTask.java:266)
	at java.util.concurrent.ThreadPoolExecutor.runWorker(ThreadPoolExecutor.java:1149)
	at java.util.concurrent.ThreadPoolExecutor$Worker.run(ThreadPoolExecutor.java:624)
	at java.lang.Thread.run(Thread.java:748)
Heap
 def new generation   total 153600K, used 90637K [0x00000000e0c00000, 0x00000000eb2a0000, 0x00000000eb2a0000)
  eden space 136576K,  66% used [0x00000000e0c00000, 0x00000000e644b730, 0x00000000e9160000)
  from space 17024K,   1% used [0x00000000ea200000, 0x00000000ea237fe0, 0x00000000eb2a0000)
  to   space 17024K,   0% used [0x00000000e9160000, 0x00000000e9160000, 0x00000000ea200000)
 tenured generation   total 341376K, used 44218K [0x00000000eb2a0000, 0x0000000100000000, 0x0000000100000000)
   the space 341376K,  12% used [0x00000000eb2a0000, 0x00000000eddcebc8, 0x00000000eddcec00, 0x0000000100000000)
 Metaspace       used 36116K, capacity 36996K, committed 37120K, reserved 1081344K
  class space    used 4870K, capacity 5074K, committed 5120K, reserved 1048576K
