12:27:24,017 |-INFO in ch.qos.logback.classic.LoggerContext[default] - Could NOT find resource [logback-test.xml]
12:27:24,017 |-INFO in ch.qos.logback.classic.LoggerContext[default] - Could NOT find resource [logback.groovy]
12:27:24,017 |-INFO in ch.qos.logback.classic.LoggerContext[default] - Found resource [logback.xml] at [jar:file:/home/ubuntu/flamestream/lib/flamestream-runtime-1.0-SNAPSHOT.jar!/logback.xml]
12:27:24,018 |-WARN in ch.qos.logback.classic.LoggerContext[default] - Resource [logback.xml] occurs multiple times on the classpath.
12:27:24,018 |-WARN in ch.qos.logback.classic.LoggerContext[default] - Resource [logback.xml] occurs at [jar:file:/home/ubuntu/flamestream/flamestream-runtime-1.0-SNAPSHOT.jar!/logback.xml]
12:27:24,018 |-WARN in ch.qos.logback.classic.LoggerContext[default] - Resource [logback.xml] occurs at [jar:file:/home/ubuntu/flamestream/lib/flamestream-runtime-1.0-SNAPSHOT.jar!/logback.xml]
12:27:24,037 |-INFO in ch.qos.logback.core.joran.spi.ConfigurationWatchList@4678c730 - URL [jar:file:/home/ubuntu/flamestream/lib/flamestream-runtime-1.0-SNAPSHOT.jar!/logback.xml] is not of type file
12:27:24,093 |-INFO in ch.qos.logback.classic.joran.action.ConfigurationAction - debug attribute not set
12:27:24,094 |-INFO in ch.qos.logback.core.joran.action.AppenderAction - About to instantiate appender of type [ch.qos.logback.core.ConsoleAppender]
12:27:24,118 |-INFO in ch.qos.logback.core.joran.action.AppenderAction - Naming appender as [STDOUT]
12:27:24,136 |-INFO in ch.qos.logback.core.joran.action.NestedComplexPropertyIA - Assuming default type [ch.qos.logback.classic.encoder.PatternLayoutEncoder] for [encoder] property
12:27:24,224 |-INFO in ch.qos.logback.core.joran.action.AppenderAction - About to instantiate appender of type [ch.qos.logback.core.rolling.RollingFileAppender]
12:27:24,234 |-INFO in ch.qos.logback.core.joran.action.AppenderAction - Naming appender as [FILE]
12:27:24,271 |-INFO in c.q.l.core.rolling.TimeBasedRollingPolicy@1734853116 - No compression will be used
12:27:24,277 |-INFO in c.q.l.core.rolling.TimeBasedRollingPolicy@1734853116 - Will use the pattern /tmp/application_%d{yyyy-MM-dd}.%i.log for the active file
12:27:24,280 |-INFO in ch.qos.logback.core.rolling.SizeAndTimeBasedFNATP@29ee9faa - The date pattern is 'yyyy-MM-dd' from file name pattern '/tmp/application_%d{yyyy-MM-dd}.%i.log'.
12:27:24,280 |-INFO in ch.qos.logback.core.rolling.SizeAndTimeBasedFNATP@29ee9faa - Roll-over at midnight.
12:27:24,289 |-INFO in ch.qos.logback.core.rolling.SizeAndTimeBasedFNATP@29ee9faa - Setting initial period to Thu Oct 10 12:26:55 UTC 2019
12:27:24,289 |-WARN in ch.qos.logback.core.rolling.SizeAndTimeBasedFNATP@29ee9faa - SizeAndTimeBasedFNATP is deprecated. Use SizeAndTimeBasedRollingPolicy instead
12:27:24,289 |-WARN in ch.qos.logback.core.rolling.SizeAndTimeBasedFNATP@29ee9faa - For more information see http://logback.qos.ch/manual/appenders.html#SizeAndTimeBasedRollingPolicy
12:27:24,294 |-INFO in ch.qos.logback.core.joran.action.NestedComplexPropertyIA - Assuming default type [ch.qos.logback.classic.encoder.PatternLayoutEncoder] for [encoder] property
12:27:24,301 |-INFO in ch.qos.logback.core.rolling.RollingFileAppender[FILE] - Active log file name: /tmp/application.log
12:27:24,301 |-INFO in ch.qos.logback.core.rolling.RollingFileAppender[FILE] - File property is set to [/tmp/application.log]
12:27:24,303 |-INFO in ch.qos.logback.classic.joran.action.RootLoggerAction - Setting level of ROOT logger to INFO
12:27:24,303 |-INFO in ch.qos.logback.core.joran.action.AppenderRefAction - Attaching appender named [STDOUT] to Logger[ROOT]
12:27:24,303 |-INFO in ch.qos.logback.core.joran.action.AppenderRefAction - Attaching appender named [FILE] to Logger[ROOT]
12:27:24,303 |-INFO in ch.qos.logback.classic.joran.action.ConfigurationAction - End of configuration.
12:27:24,304 |-INFO in ch.qos.logback.classic.joran.JoranConfigurator@c038203 - Registering current configuration as safe fallback point

12:27:24.311 [main] INFO  c.s.f.r.WorkerApplication  - Starting worker with workerConfig 'WorkerConfig{id='flamestream-benchmarks-worker-10', localAddress=flamestream-benchmarks-worker-10/10.0.0.5:5412, zkString='flamestream-benchmarks-manager:12181', snapshotPath='/home/ubuntu/flamestream/data', guarantees=AT_MOST_ONCE}'
12:27:25.715 [worker-akka.actor.default-dispatcher-5] INFO  a.e.s.Slf4jLogger  - Slf4jLogger started
2019-10-10T12:27:25.865+0000: 2.179: [Full GC (Metadata GC Threshold) 2019-10-10T12:27:25.865+0000: 2.179: [Tenured: 0K->13592K(1024000K), 0.0495436 secs] 131240K->13592K(1484800K), [Metaspace: 20223K->20223K(1067008K)], 0.0496288 secs] [Times: user=0.04 sys=0.01, real=0.06 secs] 
12:27:26.013 [worker-akka.actor.default-dispatcher-5] WARN  a.r.RemoteActorRefProvider akka.remote.RemoteActorRefProvider - Using the 'remote' ActorRefProvider directly, which is a low-level layer. For most use cases, the 'cluster' abstraction on top of remoting is more suitable instead.
12:27:26.017 [worker-akka.actor.default-dispatcher-5] WARN  a.r.RemoteActorRefProvider akka.remote.RemoteActorRefProvider - Akka Cluster not in use - Using Akka Cluster is recommended if you need remote watch and deploy.
12:27:26.142 [worker-akka.actor.default-dispatcher-5] INFO  a.r.a.a.ArteryAeronUdpTransport(akka://worker) akka.remote.artery.aeron.ArteryAeronUdpTransport(akka://worker) - Started embedded media driver in directory [/dev/shm/aeron-flamestream-benchmarks-worker-10]
12:27:26.182 [worker-akka.actor.default-dispatcher-5] WARN  a.r.a.a.ArteryAeronUdpTransport(akka://worker) akka.remote.artery.aeron.ArteryAeronUdpTransport(akka://worker) - Aeron CnC version mismatch: compiled version = 15, file version = 16
12:27:26.438 [worker-akka.actor.default-dispatcher-5] INFO  a.r.a.a.ArteryAeronUdpTransport(akka://worker) akka.remote.artery.aeron.ArteryAeronUdpTransport(akka://worker) - Remoting started with transport [Artery aeron-udp]; listening on address [akka://worker@flamestream-benchmarks-worker-10:5412] and bound to [akka://worker@0.0.0.0:5412] with UID [-5005501282348099180]
12:27:27.027 [worker-akka.actor.default-dispatcher-5] WARN  a.s.Serialization(akka://worker) akka.serialization.Serialization(akka://worker) - Using serializer [com.romix.akka.serialization.kryo.KryoSerializer] for message [akka.actor.ActorSelectionMessage]. Note that this serializer is not implemented by Akka. It's not recommended to replace serializers for messages provided by Akka.
12:27:27.028 [worker-akka.actor.default-dispatcher-5] WARN  a.s.Serialization(akka://worker) akka.serialization.Serialization(akka://worker) - Using serializer [com.romix.akka.serialization.kryo.KryoSerializer] for message [akka.actor.ActorIdentity]. Note that this serializer is not implemented by Akka. It's not recommended to replace serializers for messages provided by Akka.
12:27:27.080 [worker-akka.actor.default-dispatcher-8] INFO  a.a.RepointableActorRef akka://worker/user/watcher - Starting...
12:27:27.205 [worker-akka.actor.default-dispatcher-5] INFO  o.a.c.u.Compatibility  - Running in ZooKeeper 3.4.x compatibility mode
12:27:27.261 [worker-akka.actor.default-dispatcher-5] INFO  o.a.c.f.i.CuratorFrameworkImpl  - Starting
12:27:27.285 [worker-akka.actor.default-dispatcher-5] INFO  o.a.z.ZooKeeper  - Client environment:zookeeper.version=3.4.14-4c25d480e66aadd371de8bd2fd8da255ac140bcf, built on 03/06/2019 16:18 GMT
12:27:27.287 [worker-akka.actor.default-dispatcher-5] INFO  o.a.z.ZooKeeper  - Client environment:host.name=flamestream-benchmarks-worker-10
12:27:27.287 [worker-akka.actor.default-dispatcher-5] INFO  o.a.z.ZooKeeper  - Client environment:java.version=1.8.0_222
12:27:27.287 [worker-akka.actor.default-dispatcher-5] INFO  o.a.z.ZooKeeper  - Client environment:java.vendor=Private Build
12:27:27.289 [worker-akka.actor.default-dispatcher-5] INFO  o.a.z.ZooKeeper  - Client environment:java.home=/usr/lib/jvm/java-8-openjdk-amd64/jre
12:27:27.290 [worker-akka.actor.default-dispatcher-5] INFO  o.a.z.ZooKeeper  - Client environment:java.class.path=lib/curator-framework-4.0.1.jar:lib/commons-csv-1.4.jar:lib/aeron-client-1.21.2.jar:lib/scala-library-2.12.9.jar:lib/asm-5.0.4.jar:lib/agrona-1.0.1.jar:lib/curator-recipes-4.0.1.jar:lib/akka-testkit_2.12-2.6.0-M6.jar:lib/flamestream-runtime-1.0-SNAPSHOT.jar:lib/slf4j-simple-2.0.0-alpha1.jar:lib/jsr305-3.0.2.jar:lib/trove4j-3.0.3.jar:lib/flamestream-core-1.0-SNAPSHOT.jar:lib/commons-io-2.4.jar:lib/minlog-1.3.0.jar:lib/kryonet-2.21.jar:lib/commons-1.4.9.jar:lib/jline-0.9.94.jar:lib/akka-remote_2.12-2.6.0-M6.jar:lib/leveldbjni-all-1.8.jar:lib/lz4-1.3.0.jar:lib/slf4j-api-1.7.24.jar:lib/scala-parser-combinators_2.12-1.1.2.jar:lib/flamestream-core-1.0-SNAPSHOT-tests.jar:lib/logback-core-1.2.3.jar:lib/netty-3.10.6.Final.jar:lib/protobuf-java-3.9.0.jar:lib/minlog-1.2.jar:lib/leveldb-api-0.7.jar:lib/jool-0.9.12.jar:lib/commons-cli-1.4.jar:lib/jblas-1.2.4.jar:lib/reflectasm-1.11.3.jar:lib/reflectasm-1.07-shaded.jar:lib/audience-annotations-0.5.0.jar:lib/jackson-annotations-2.9.6.jar:lib/commons-lang-2.6.jar:lib/ssl-config-core_2.12-0.3.8.jar:lib/annotations-13.0.jar:lib/logback-classic-1.2.3.jar:lib/guava-21.0.jar:lib/reactive-streams-1.0.2.jar:lib/spotbugs-annotations-3.1.9.jar:lib/leveldb-0.7.jar:lib/commons-pool2-2.4.2.jar:lib/rocksdbjni-5.5.1.jar:lib/jackson-core-2.9.9.jar:lib/jackson-databind-2.9.9.2.jar:lib/akka-protobuf-v3_2.12-2.6.0-M6.jar:lib/jackson-annotations-2.9.0.jar:lib/flamestream-examples-1.0-SNAPSHOT.jar:lib/objenesis-2.1.jar:lib/akka-kryo-serialization_2.12-0.5.2.jar:lib/scala-java8-compat_2.12-0.8.0.jar:lib/zookeeper-3.4.14.jar:lib/akka-slf4j_2.12-2.6.0-M6.jar:lib/kryo-4.0.0.jar:lib/akka-stream_2.12-2.6.0-M6.jar:lib/aeron-driver-1.21.2.jar:lib/config-1.3.1.jar:lib/annotations-12.0.jar:lib/jedis-2.9.0.jar:lib/jcommander-1.48.jar:lib/testng-6.10.jar:lib/akka-actor_2.12-2.6.0-M6.jar:lib/curator-client-4.0.1.jar:flamestream-runtime-1.0-SNAPSHOT.jar
12:27:27.290 [worker-akka.actor.default-dispatcher-5] INFO  o.a.z.ZooKeeper  - Client environment:java.library.path=/usr/java/packages/lib/amd64:/usr/lib/x86_64-linux-gnu/jni:/lib/x86_64-linux-gnu:/usr/lib/x86_64-linux-gnu:/usr/lib/jni:/lib:/usr/lib
12:27:27.290 [worker-akka.actor.default-dispatcher-5] INFO  o.a.z.ZooKeeper  - Client environment:java.io.tmpdir=/tmp
12:27:27.290 [worker-akka.actor.default-dispatcher-5] INFO  o.a.z.ZooKeeper  - Client environment:java.compiler=<NA>
12:27:27.291 [worker-akka.actor.default-dispatcher-5] INFO  o.a.z.ZooKeeper  - Client environment:os.name=Linux
12:27:27.294 [worker-akka.actor.default-dispatcher-5] INFO  o.a.z.ZooKeeper  - Client environment:os.arch=amd64
12:27:27.295 [worker-akka.actor.default-dispatcher-5] INFO  o.a.z.ZooKeeper  - Client environment:os.version=4.15.0-1040-gcp
12:27:27.295 [worker-akka.actor.default-dispatcher-5] INFO  o.a.z.ZooKeeper  - Client environment:user.name=ubuntu
12:27:27.296 [worker-akka.actor.default-dispatcher-5] INFO  o.a.z.ZooKeeper  - Client environment:user.home=/home/ubuntu
12:27:27.296 [worker-akka.actor.default-dispatcher-5] INFO  o.a.z.ZooKeeper  - Client environment:user.dir=/home/ubuntu/flamestream
12:27:27.299 [worker-akka.actor.default-dispatcher-5] INFO  o.a.z.ZooKeeper  - Initiating client connection, connectString=flamestream-benchmarks-manager:12181 sessionTimeout=60000 watcher=org.apache.curator.ConnectionState@a0aa5e0
12:27:27.350 [worker-akka.actor.default-dispatcher-5-SendThread(flamestream-benchmarks-manager:12181)] INFO  o.a.z.ClientCnxn  - Opening socket connection to server flamestream-benchmarks-manager/10.0.0.21:12181. Will not attempt to authenticate using SASL (unknown error)
12:27:27.354 [worker-akka.actor.default-dispatcher-5] INFO  o.a.c.f.i.CuratorFrameworkImpl  - Default schema
12:27:27.358 [worker-akka.actor.default-dispatcher-5-SendThread(flamestream-benchmarks-manager:12181)] INFO  o.a.z.ClientCnxn  - Socket connection established to flamestream-benchmarks-manager/10.0.0.21:12181, initiating session
12:27:27.371 [worker-akka.actor.default-dispatcher-5-SendThread(flamestream-benchmarks-manager:12181)] INFO  o.a.z.ClientCnxn  - Session establishment complete on server flamestream-benchmarks-manager/10.0.0.21:12181, sessionid = 0x100005c675e000a, negotiated timeout = 60000
12:27:27.379 [worker-akka.actor.default-dispatcher-5-EventThread] INFO  o.a.c.f.s.ConnectionStateManager  - State change: CONNECTED
12:27:27.384 [worker-akka.actor.default-dispatcher-8] INFO  a.a.RepointableActorRef akka://worker/user/watcher - Initializing rocksDB backend
2019-10-10T12:27:28.295+0000: 4.609: [Full GC (Metadata GC Threshold) 2019-10-10T12:27:28.295+0000: 4.609: [Tenured: 13592K->25885K(1024000K), 0.1847415 secs] 161082K->25885K(1484800K), [Metaspace: 33702K->33702K(1079296K)], 0.1848476 secs] [Times: user=0.14 sys=0.00, real=0.18 secs] 
12:27:28.574 [worker-akka.actor.default-dispatcher-5] INFO  a.a.LocalActorRef akka://worker/user/watcher/processing-watcher - Starting...
12:27:33.946 [Curator-PathChildrenCache-2] WARN  o.a.c.u.ZKPaths  - The version of ZooKeeper being used doesn't support Container nodes. CreateMode.PERSISTENT will be used instead.
12:27:34.054 [worker-akka.actor.default-dispatcher-9] INFO  a.a.LocalActorRef akka://worker/user/watcher/processing-watcher/$a - Starting...
12:27:34.097 [worker-akka.actor.default-dispatcher-5] INFO  a.a.LocalActorRef akka://worker/user/watcher/processing-watcher/$a - Stopped
12:27:35.641 [worker-akka.actor.default-dispatcher-5] INFO  a.a.LocalActorRef akka://worker/user/watcher/processing-watcher/graph/graph - Starting...
12:27:37.634 [worker-akka.actor.default-dispatcher-5] INFO  a.a.LocalActorRef akka://worker/user/watcher/processing-watcher/graph/graph - Finishing constructor
12:27:37.636 [worker-akka.actor.default-dispatcher-8] INFO  a.a.LocalActorRef akka://worker/user/watcher/processing-watcher/graph/negotiator - Starting...
12:27:37.640 [worker-akka.actor.default-dispatcher-8] INFO  a.a.LocalActorRef akka://worker/user/watcher/processing-watcher/graph/edge - Starting...
12:27:37.650 [worker-akka.actor.default-dispatcher-5] INFO  a.a.LocalActorRef akka://worker/user/watcher/processing-watcher/graph - Starting FlameNode with config 'ClusterConfig{paths={flamestream-benchmarks-worker-1=akka://worker@flamestream-benchmarks-worker-1:5412/user/watcher/processing-watcher/graph, flamestream-benchmarks-worker-0=akka://worker@flamestream-benchmarks-worker-0:5412/user/watcher/processing-watcher/graph, flamestream-benchmarks-worker-9=akka://worker@flamestream-benchmarks-worker-9:5412/user/watcher/processing-watcher/graph, flamestream-benchmarks-worker-8=akka://worker@flamestream-benchmarks-worker-8:5412/user/watcher/processing-watcher/graph, flamestream-benchmarks-worker-7=akka://worker@flamestream-benchmarks-worker-7:5412/user/watcher/processing-watcher/graph, flamestream-benchmarks-worker-6=akka://worker@flamestream-benchmarks-worker-6:5412/user/watcher/processing-watcher/graph, flamestream-benchmarks-worker-5=akka://worker@flamestream-benchmarks-worker-5:5412/user/watcher/processing-watcher/graph, flamestream-benchmarks-worker-4=akka://worker@flamestream-benchmarks-worker-4:5412/user/watcher/processing-watcher/graph, flamestream-benchmarks-worker-3=akka://worker@flamestream-benchmarks-worker-3:5412/user/watcher/processing-watcher/graph, flamestream-benchmarks-worker-2=akka://worker@flamestream-benchmarks-worker-2:5412/user/watcher/processing-watcher/graph, flamestream-benchmarks-worker-14=akka://worker@flamestream-benchmarks-worker-14:5412/user/watcher/processing-watcher/graph, flamestream-benchmarks-worker-13=akka://worker@flamestream-benchmarks-worker-13:5412/user/watcher/processing-watcher/graph, flamestream-benchmarks-worker-12=akka://worker@flamestream-benchmarks-worker-12:5412/user/watcher/processing-watcher/graph, flamestream-benchmarks-worker-11=akka://worker@flamestream-benchmarks-worker-11:5412/user/watcher/processing-watcher/graph, flamestream-benchmarks-worker-10=akka://worker@flamestream-benchmarks-worker-10:5412/user/watcher/processing-watcher/graph}}'
12:27:37.689 [worker-akka.actor.default-dispatcher-9] INFO  a.a.LocalActorRef akka://worker/user/watcher/processing-watcher/graph/negotiator - Requesting ticket for the frontClass FlameSocketGraphDeployerFront@flamestream-benchmarks-worker-10
12:27:37.706 [worker-akka.actor.default-dispatcher-13] INFO  a.a.LocalActorRef akka://worker/user/watcher/processing-watcher/graph/graph - Received last commit 'LastCommit{globalTime=(0000000, min@min)}'
12:27:37.718 [worker-akka.actor.default-dispatcher-8] INFO  c.s.f.r.e.s.SocketRear  - FlameSocketGraphDeployerRear@flamestream-benchmarks-worker-10: connecting to flamestream-benchmarks-manager:5678
12:27:37.746 [worker-akka.actor.default-dispatcher-13] INFO  a.a.LocalActorRef akka://worker/user/watcher/processing-watcher/graph/edge/FlameSocketGraphDeployerFront - Starting...
12:27:37.750 [worker-akka.actor.default-dispatcher-8] INFO  c.s.f.r.e.s.SocketRear  - FlameSocketGraphDeployerRear@flamestream-benchmarks-worker-10: connected to flamestream-benchmarks-manager:5678
12:27:37.756 [worker-akka.actor.default-dispatcher-8] INFO  a.a.LocalActorRef akka://worker/user/watcher/processing-watcher/graph/edge/FlameSocketGraphDeployerRear - Starting...
12:27:37.768 [worker-akka.actor.default-dispatcher-5] INFO  a.a.LocalActorRef akka://worker/user/watcher/processing-watcher/graph/negotiator - Ticket for the frontClass received: FrontTicket{allowedTimestamp=(0000000, FlameSocketGraphDeployerFront@flamestream-benchmarks-worker-10)}
12:27:37.769 [worker-akka.actor.default-dispatcher-5] INFO  c.s.f.r.e.s.SocketFront  - FlameSocketGraphDeployerFront@flamestream-benchmarks-worker-10: connecting to flamestream-benchmarks-manager:4567
12:27:37.905 [worker-akka.actor.default-dispatcher-5] INFO  a.a.LocalActorRef akka://worker/user/watcher/processing-watcher/graph/graph/$a - Starting...
12:27:37.907 [worker-akka.actor.default-dispatcher-5] INFO  a.a.LocalActorRef akka://worker/user/watcher/processing-watcher/graph/graph/$b - Starting...
12:27:37.910 [worker-akka.actor.default-dispatcher-5] INFO  a.a.LocalActorRef akka://worker/user/watcher/processing-watcher/graph/graph/$c - Starting...
12:27:37.913 [worker-akka.actor.default-dispatcher-5] INFO  a.a.LocalActorRef akka://worker/user/watcher/processing-watcher/graph/graph/$d - Starting...
12:27:37.914 [worker-akka.actor.default-dispatcher-5] INFO  a.a.LocalActorRef akka://worker/user/watcher/processing-watcher/graph/graph/$e - Starting...
12:27:37.915 [worker-akka.actor.default-dispatcher-5] INFO  a.a.LocalActorRef akka://worker/user/watcher/processing-watcher/graph/graph/$f - Starting...
12:27:37.916 [worker-akka.actor.default-dispatcher-5] INFO  a.a.LocalActorRef akka://worker/user/watcher/processing-watcher/graph/graph/$g - Starting...
12:27:37.918 [worker-akka.actor.default-dispatcher-5] INFO  a.a.LocalActorRef akka://worker/user/watcher/processing-watcher/graph/graph/$h - Starting...
12:27:37.921 [worker-akka.actor.default-dispatcher-5] INFO  a.a.LocalActorRef akka://worker/user/watcher/processing-watcher/graph/graph/$i - Starting...
12:27:37.923 [worker-akka.actor.default-dispatcher-5] INFO  a.a.LocalActorRef akka://worker/user/watcher/processing-watcher/graph/graph/$j - Starting...
12:27:37.925 [worker-akka.actor.default-dispatcher-5] INFO  a.a.LocalActorRef akka://worker/user/watcher/processing-watcher/graph/graph/$k - Starting...
12:27:37.926 [worker-akka.actor.default-dispatcher-5] INFO  a.a.LocalActorRef akka://worker/user/watcher/processing-watcher/graph/graph/$l - Starting...
12:27:37.928 [worker-akka.actor.default-dispatcher-5] INFO  a.a.LocalActorRef akka://worker/user/watcher/processing-watcher/graph/graph/$m - Starting...
12:27:37.932 [worker-akka.actor.default-dispatcher-5] INFO  a.a.LocalActorRef akka://worker/user/watcher/processing-watcher/graph/graph/$n - Starting...
12:27:37.934 [worker-akka.actor.default-dispatcher-5] INFO  a.a.LocalActorRef akka://worker/user/watcher/processing-watcher/graph/graph/$o - Starting...
12:27:37.937 [worker-akka.actor.default-dispatcher-5] INFO  a.a.LocalActorRef akka://worker/user/watcher/processing-watcher/graph/graph/$p - Starting...
12:27:37.939 [worker-akka.actor.default-dispatcher-5] INFO  a.a.LocalActorRef akka://worker/user/watcher/processing-watcher/graph/graph/$q - Starting...
12:27:37.941 [worker-akka.actor.default-dispatcher-5] INFO  a.a.LocalActorRef akka://worker/user/watcher/processing-watcher/graph/graph/$r - Starting...
12:27:37.943 [worker-akka.actor.default-dispatcher-5] INFO  a.a.LocalActorRef akka://worker/user/watcher/processing-watcher/graph/graph/$s - Starting...
12:27:37.944 [worker-akka.actor.default-dispatcher-5] INFO  a.a.LocalActorRef akka://worker/user/watcher/processing-watcher/graph/graph/$t - Starting...
12:27:37.946 [worker-akka.actor.default-dispatcher-5] INFO  a.a.LocalActorRef akka://worker/user/watcher/processing-watcher/graph/graph/$u - Starting...
12:27:37.955 [worker-akka.actor.default-dispatcher-5] INFO  a.a.LocalActorRef akka://worker/user/watcher/processing-watcher/graph/graph/$v - Starting...
12:27:37.981 [worker-akka.actor.default-dispatcher-5] INFO  a.a.LocalActorRef akka://worker/user/watcher/processing-watcher/graph/graph/$w - Starting...
12:27:37.983 [worker-akka.actor.default-dispatcher-5] INFO  a.a.LocalActorRef akka://worker/user/watcher/processing-watcher/graph/graph/$x - Starting...
12:27:37.984 [worker-akka.actor.default-dispatcher-5] INFO  a.a.LocalActorRef akka://worker/user/watcher/processing-watcher/graph/graph/$y - Starting...
12:27:37.985 [worker-akka.actor.default-dispatcher-5] INFO  a.a.LocalActorRef akka://worker/user/watcher/processing-watcher/graph/graph/$z - Starting...
12:27:37.987 [worker-akka.actor.default-dispatcher-5] INFO  a.a.LocalActorRef akka://worker/user/watcher/processing-watcher/graph/graph/$A - Starting...
12:27:37.988 [worker-akka.actor.default-dispatcher-5] INFO  a.a.LocalActorRef akka://worker/user/watcher/processing-watcher/graph/graph/$v - Attached rear to graph (-9223372036854775808, min@min)
12:27:37.988 [worker-akka.actor.default-dispatcher-5] INFO  a.a.LocalActorRef akka://worker/user/watcher/processing-watcher/graph/graph/$B - Starting...
12:27:37.989 [worker-akka.actor.default-dispatcher-5] INFO  a.a.LocalActorRef akka://worker/user/watcher/processing-watcher/graph/graph/$C - Starting...
12:27:37.990 [worker-akka.actor.default-dispatcher-5] INFO  a.a.LocalActorRef akka://worker/user/watcher/processing-watcher/graph/graph/$D - Starting...
12:27:37.991 [worker-akka.actor.default-dispatcher-5] INFO  a.a.LocalActorRef akka://worker/user/watcher/processing-watcher/graph/graph/$E - Starting...
12:27:37.992 [worker-akka.actor.default-dispatcher-5] INFO  a.a.LocalActorRef akka://worker/user/watcher/processing-watcher/graph/graph/$F - Starting...
12:27:37.992 [worker-akka.actor.default-dispatcher-5] INFO  a.a.LocalActorRef akka://worker/user/watcher/processing-watcher/graph/graph/$G - Starting...
12:27:37.993 [worker-akka.actor.default-dispatcher-5] INFO  a.a.LocalActorRef akka://worker/user/watcher/processing-watcher/graph/graph/$H - Starting...
2019-10-10T12:27:52.031+0000: 28.344: [GC (Allocation Failure) 2019-10-10T12:27:52.031+0000: 28.344: [DefNew: 409600K->30515K(460800K), 0.0418743 secs] 435485K->56401K(1484800K), 0.0419754 secs] [Times: user=0.03 sys=0.01, real=0.04 secs] 
2019-10-10T12:27:59.676+0000: 35.990: [GC (Allocation Failure) 2019-10-10T12:27:59.676+0000: 35.990: [DefNew: 440115K->50K(460800K), 0.0310586 secs] 466001K->53965K(1484800K), 0.0311592 secs] [Times: user=0.03 sys=0.01, real=0.03 secs] 
2019-10-10T12:28:05.312+0000: 41.627: [GC (Allocation Failure) 2019-10-10T12:28:05.313+0000: 41.627: [DefNew: 409650K->71K(460800K), 0.0028340 secs] 463565K->53987K(1484800K), 0.0040030 secs] [Times: user=0.00 sys=0.00, real=0.01 secs] 
2019-10-10T12:28:10.250+0000: 46.564: [GC (Allocation Failure) 2019-10-10T12:28:10.250+0000: 46.564: [DefNew: 409671K->175K(460800K), 0.0029020 secs] 463587K->54091K(1484800K), 0.0029853 secs] [Times: user=0.00 sys=0.00, real=0.00 secs] 
2019-10-10T12:28:15.046+0000: 51.360: [GC (Allocation Failure) 2019-10-10T12:28:15.046+0000: 51.360: [DefNew: 409775K->280K(460800K), 0.0029911 secs] 463691K->54195K(1484800K), 0.0030714 secs] [Times: user=0.00 sys=0.00, real=0.00 secs] 
2019-10-10T12:28:19.704+0000: 56.017: [GC (Allocation Failure) 2019-10-10T12:28:19.704+0000: 56.017: [DefNew: 409880K->141K(460800K), 0.0028082 secs] 463795K->54056K(1484800K), 0.0028930 secs] [Times: user=0.01 sys=0.00, real=0.01 secs] 
2019-10-10T12:28:25.229+0000: 61.544: [GC (Allocation Failure) 2019-10-10T12:28:25.230+0000: 61.544: [DefNew: 409741K->441K(460800K), 0.0037151 secs] 463656K->54357K(1484800K), 0.0052011 secs] [Times: user=0.00 sys=0.00, real=0.00 secs] 
2019-10-10T12:28:32.641+0000: 68.955: [GC (Allocation Failure) 2019-10-10T12:28:32.642+0000: 68.955: [DefNew: 410041K->392K(460800K), 0.0037286 secs] 463957K->54307K(1484800K), 0.0038242 secs] [Times: user=0.01 sys=0.00, real=0.00 secs] 
2019-10-10T12:28:38.290+0000: 74.604: [GC (Allocation Failure) 2019-10-10T12:28:38.290+0000: 74.604: [DefNew: 409992K->465K(460800K), 0.0035445 secs] 463907K->54380K(1484800K), 0.0036348 secs] [Times: user=0.01 sys=0.00, real=0.00 secs] 
2019-10-10T12:28:44.076+0000: 80.390: [GC (Allocation Failure) 2019-10-10T12:28:44.076+0000: 80.390: [DefNew: 410065K->342K(460800K), 0.0032565 secs] 463980K->54258K(1484800K), 0.0033419 secs] [Times: user=0.01 sys=0.00, real=0.00 secs] 
2019-10-10T12:28:50.059+0000: 86.373: [GC (Allocation Failure) 2019-10-10T12:28:50.059+0000: 86.373: [DefNew: 409942K->324K(460800K), 0.0031205 secs] 463858K->54239K(1484800K), 0.0032156 secs] [Times: user=0.00 sys=0.00, real=0.00 secs] 
2019-10-10T12:28:55.759+0000: 92.074: [GC (Allocation Failure) 2019-10-10T12:28:55.760+0000: 92.074: [DefNew: 409924K->285K(460800K), 0.0033267 secs] 463839K->54201K(1484800K), 0.0047580 secs] [Times: user=0.01 sys=0.00, real=0.00 secs] 
2019-10-10T12:29:02.228+0000: 98.541: [GC (Allocation Failure) 2019-10-10T12:29:02.228+0000: 98.542: [DefNew: 409885K->474K(460800K), 0.0038717 secs] 463801K->54389K(1484800K), 0.0039652 secs] [Times: user=0.01 sys=0.00, real=0.00 secs] 
2019-10-10T12:29:07.914+0000: 104.228: [GC (Allocation Failure) 2019-10-10T12:29:07.914+0000: 104.228: [DefNew: 410074K->402K(460800K), 0.0036780 secs] 463989K->54317K(1484800K), 0.0038169 secs] [Times: user=0.00 sys=0.00, real=0.00 secs] 
2019-10-10T12:29:13.441+0000: 109.756: [GC (Allocation Failure) 2019-10-10T12:29:13.443+0000: 109.756: [DefNew: 410002K->286K(460800K), 0.0033521 secs] 463917K->54201K(1484800K), 0.0046129 secs] [Times: user=0.00 sys=0.00, real=0.00 secs] 
2019-10-10T12:29:18.927+0000: 115.241: [GC (Allocation Failure) 2019-10-10T12:29:18.927+0000: 115.241: [DefNew: 409886K->288K(460800K), 0.0031891 secs] 463801K->54203K(1484800K), 0.0032759 secs] [Times: user=0.01 sys=0.00, real=0.00 secs] 
2019-10-10T12:29:24.584+0000: 120.899: [GC (Allocation Failure) 2019-10-10T12:29:24.586+0000: 120.900: [DefNew: 409888K->278K(460800K), 0.0036356 secs] 463803K->54204K(1484800K), 0.0049963 secs] [Times: user=0.00 sys=0.00, real=0.01 secs] 
2019-10-10T12:29:31.374+0000: 127.688: [GC (Allocation Failure) 2019-10-10T12:29:31.374+0000: 127.688: [DefNew: 409878K->321K(460800K), 0.0036789 secs] 463804K->54258K(1484800K), 0.0037906 secs] [Times: user=0.00 sys=0.00, real=0.01 secs] 
2019-10-10T12:29:37.309+0000: 133.623: [GC (Allocation Failure) 2019-10-10T12:29:37.310+0000: 133.623: [DefNew: 409921K->312K(460800K), 0.0033215 secs] 463858K->54250K(1484800K), 0.0034289 secs] [Times: user=0.00 sys=0.00, real=0.00 secs] 
2019-10-10T12:29:42.685+0000: 139.000: [GC (Allocation Failure) 2019-10-10T12:29:42.686+0000: 139.000: [DefNew: 409912K->359K(460800K), 0.0035348 secs] 463850K->54297K(1484800K), 0.0049516 secs] [Times: user=0.00 sys=0.00, real=0.01 secs] 
2019-10-10T12:29:48.122+0000: 144.438: [GC (Allocation Failure) 2019-10-10T12:29:48.124+0000: 144.438: [DefNew: 409959K->368K(460800K), 0.0037391 secs] 463897K->54312K(1484800K), 0.0052163 secs] [Times: user=0.01 sys=0.00, real=0.01 secs] 
2019-10-10T12:29:54.037+0000: 150.351: [GC (Allocation Failure) 2019-10-10T12:29:54.038+0000: 150.351: [DefNew: 409968K->206K(460800K), 0.0034632 secs] 463912K->54246K(1484800K), 0.0035413 secs] [Times: user=0.01 sys=0.00, real=0.00 secs] 
2019-10-10T12:29:59.507+0000: 155.821: [GC (Allocation Failure) 2019-10-10T12:29:59.507+0000: 155.821: [DefNew: 409806K->138K(460800K), 0.0031660 secs] 463846K->54254K(1484800K), 0.0032577 secs] [Times: user=0.00 sys=0.00, real=0.00 secs] 
2019-10-10T12:30:05.180+0000: 161.494: [GC (Allocation Failure) 2019-10-10T12:30:05.181+0000: 161.494: [DefNew: 409738K->141K(460800K), 0.0029241 secs] 463854K->54259K(1484800K), 0.0030347 secs] [Times: user=0.01 sys=0.00, real=0.00 secs] 
2019-10-10T12:30:10.683+0000: 166.998: [GC (Allocation Failure) 2019-10-10T12:30:10.685+0000: 166.998: [DefNew: 409741K->180K(460800K), 0.0029266 secs] 463859K->54299K(1484800K), 0.0043168 secs] [Times: user=0.00 sys=0.00, real=0.01 secs] 
2019-10-10T12:30:16.294+0000: 172.609: [GC (Allocation Failure) 2019-10-10T12:30:16.296+0000: 172.609: [DefNew: 409780K->296K(460800K), 0.0032958 secs] 463899K->54416K(1484800K), 0.0049444 secs] [Times: user=0.00 sys=0.00, real=0.01 secs] 
2019-10-10T12:30:21.777+0000: 178.092: [GC (Allocation Failure) 2019-10-10T12:30:21.778+0000: 178.092: [DefNew: 409896K->128K(460800K), 0.0029217 secs] 464016K->54249K(1484800K), 0.0045060 secs] [Times: user=0.00 sys=0.00, real=0.00 secs] 
2019-10-10T12:30:27.601+0000: 183.916: [GC (Allocation Failure) 2019-10-10T12:30:27.602+0000: 183.916: [DefNew: 409728K->215K(460800K), 0.0030855 secs] 463849K->54337K(1484800K), 0.0044718 secs] [Times: user=0.00 sys=0.01, real=0.00 secs] 
2019-10-10T12:30:32.985+0000: 189.299: [GC (Allocation Failure) 2019-10-10T12:30:32.986+0000: 189.299: [DefNew: 409815K->353K(460800K), 0.0030800 secs] 463937K->54475K(1484800K), 0.0031646 secs] [Times: user=0.00 sys=0.00, real=0.01 secs] 
2019-10-10T12:30:38.367+0000: 194.682: [GC (Allocation Failure) 2019-10-10T12:30:38.369+0000: 194.682: [DefNew: 409953K->216K(460800K), 0.0028732 secs] 464075K->54338K(1484800K), 0.0046912 secs] [Times: user=0.01 sys=0.00, real=0.00 secs] 
2019-10-10T12:30:44.026+0000: 200.340: [GC (Allocation Failure) 2019-10-10T12:30:44.026+0000: 200.340: [DefNew: 409816K->349K(460800K), 0.0031461 secs] 463938K->54472K(1484800K), 0.0032378 secs] [Times: user=0.01 sys=0.00, real=0.01 secs] 
2019-10-10T12:30:49.483+0000: 205.798: [GC (Allocation Failure) 2019-10-10T12:30:49.485+0000: 205.799: [DefNew: 409949K->216K(460800K), 0.0029004 secs] 464072K->54340K(1484800K), 0.0044368 secs] [Times: user=0.00 sys=0.00, real=0.01 secs] 
2019-10-10T12:30:55.062+0000: 211.376: [GC (Allocation Failure) 2019-10-10T12:30:55.062+0000: 211.376: [DefNew: 409816K->326K(460800K), 0.0033137 secs] 463940K->54491K(1484800K), 0.0033919 secs] [Times: user=0.01 sys=0.00, real=0.00 secs] 
2019-10-10T12:31:00.433+0000: 216.748: [GC (Allocation Failure) 2019-10-10T12:31:00.434+0000: 216.748: [DefNew: 409926K->222K(460800K), 0.0030255 secs] 464091K->54388K(1484800K), 0.0044672 secs] [Times: user=0.00 sys=0.00, real=0.01 secs] 
2019-10-10T12:31:06.024+0000: 222.337: [GC (Allocation Failure) 2019-10-10T12:31:06.024+0000: 222.337: [DefNew: 409822K->224K(460800K), 0.0029220 secs] 463988K->54390K(1484800K), 0.0030162 secs] [Times: user=0.00 sys=0.00, real=0.01 secs] 
2019-10-10T12:31:11.602+0000: 227.917: [GC (Allocation Failure) 2019-10-10T12:31:11.604+0000: 227.917: [DefNew: 409824K->184K(460800K), 0.0028593 secs] 463990K->54351K(1484800K), 0.0040961 secs] [Times: user=0.00 sys=0.00, real=0.01 secs] 
2019-10-10T12:31:17.362+0000: 233.676: [GC (Allocation Failure) 2019-10-10T12:31:17.362+0000: 233.676: [DefNew: 409784K->172K(460800K), 0.0028188 secs] 463951K->54340K(1484800K), 0.0029075 secs] [Times: user=0.00 sys=0.00, real=0.00 secs] 
2019-10-10T12:31:23.075+0000: 239.389: [GC (Allocation Failure) 2019-10-10T12:31:23.075+0000: 239.389: [DefNew: 409772K->223K(460800K), 0.0029879 secs] 463940K->54391K(1484800K), 0.0031000 secs] [Times: user=0.00 sys=0.00, real=0.00 secs] 
2019-10-10T12:31:28.767+0000: 245.082: [GC (Allocation Failure) 2019-10-10T12:31:28.768+0000: 245.082: [DefNew: 409823K->259K(460800K), 0.0031420 secs] 463991K->54428K(1484800K), 0.0045905 secs] [Times: user=0.00 sys=0.00, real=0.00 secs] 
2019-10-10T12:31:34.025+0000: 250.340: [GC (Allocation Failure) 2019-10-10T12:31:34.027+0000: 250.340: [DefNew: 409859K->213K(460800K), 0.0027792 secs] 464028K->54382K(1484800K), 0.0041717 secs] [Times: user=0.00 sys=0.00, real=0.01 secs] 
2019-10-10T12:31:39.808+0000: 256.123: [GC (Allocation Failure) 2019-10-10T12:31:39.809+0000: 256.123: [DefNew: 409813K->211K(460800K), 0.0029417 secs] 463982K->54380K(1484800K), 0.0042755 secs] [Times: user=0.00 sys=0.00, real=0.00 secs] 
2019-10-10T12:31:45.146+0000: 261.461: [GC (Allocation Failure) 2019-10-10T12:31:45.147+0000: 261.461: [DefNew: 409811K->214K(460800K), 0.0030125 secs] 463980K->54383K(1484800K), 0.0042687 secs] [Times: user=0.00 sys=0.00, real=0.01 secs] 
2019-10-10T12:31:50.685+0000: 267.000: [GC (Allocation Failure) 2019-10-10T12:31:50.686+0000: 267.000: [DefNew: 409814K->127K(460800K), 0.0032607 secs] 463983K->54385K(1484800K), 0.0049173 secs] [Times: user=0.00 sys=0.01, real=0.01 secs] 
2019-10-10T12:31:56.336+0000: 272.650: [GC (Allocation Failure) 2019-10-10T12:31:56.337+0000: 272.650: [DefNew: 409727K->253K(460800K), 0.0028096 secs] 463985K->54511K(1484800K), 0.0028911 secs] [Times: user=0.00 sys=0.00, real=0.00 secs] 
2019-10-10T12:32:01.588+0000: 277.903: [GC (Allocation Failure) 2019-10-10T12:32:01.590+0000: 277.903: [DefNew: 409853K->254K(460800K), 0.0029178 secs] 464111K->54511K(1484800K), 0.0042046 secs] [Times: user=0.00 sys=0.00, real=0.00 secs] 
2019-10-10T12:32:06.923+0000: 283.237: [GC (Allocation Failure) 2019-10-10T12:32:06.923+0000: 283.237: [DefNew: 409854K->328K(460800K), 0.0028191 secs] 464111K->54585K(1484800K), 0.0029147 secs] [Times: user=0.00 sys=0.00, real=0.00 secs] 
2019-10-10T12:32:12.325+0000: 288.640: [GC (Allocation Failure) 2019-10-10T12:32:12.326+0000: 288.640: [DefNew: 409928K->385K(460800K), 0.0031845 secs] 464185K->54643K(1484800K), 0.0045568 secs] [Times: user=0.00 sys=0.00, real=0.01 secs] 
2019-10-10T12:32:17.805+0000: 294.119: [GC (Allocation Failure) 2019-10-10T12:32:17.805+0000: 294.119: [DefNew: 409985K->276K(460800K), 0.0028571 secs] 464243K->54534K(1484800K), 0.0029377 secs] [Times: user=0.00 sys=0.00, real=0.01 secs] 
2019-10-10T12:32:23.904+0000: 300.218: [GC (Allocation Failure) 2019-10-10T12:32:23.904+0000: 300.218: [DefNew: 409876K->473K(460800K), 0.0034833 secs] 464134K->54730K(1484800K), 0.0035824 secs] [Times: user=0.00 sys=0.00, real=0.01 secs] 
2019-10-10T12:32:29.349+0000: 305.664: [GC (Allocation Failure) 2019-10-10T12:32:29.350+0000: 305.664: [DefNew: 410073K->337K(460800K), 0.0033024 secs] 464330K->54595K(1484800K), 0.0048200 secs] [Times: user=0.01 sys=0.00, real=0.00 secs] 
2019-10-10T12:32:34.707+0000: 311.020: [GC (Allocation Failure) 2019-10-10T12:32:34.707+0000: 311.020: [DefNew: 409937K->366K(460800K), 0.0030476 secs] 464195K->54624K(1484800K), 0.0031383 secs] [Times: user=0.00 sys=0.00, real=0.00 secs] 
2019-10-10T12:32:40.100+0000: 316.415: [GC (Allocation Failure) 2019-10-10T12:32:40.101+0000: 316.415: [DefNew: 409966K->274K(460800K), 0.0029992 secs] 464224K->54532K(1484800K), 0.0043041 secs] [Times: user=0.00 sys=0.00, real=0.00 secs] 
2019-10-10T12:32:45.518+0000: 321.833: [GC (Allocation Failure) 2019-10-10T12:32:45.520+0000: 321.833: [DefNew: 409874K->275K(460800K), 0.0028162 secs] 464132K->54533K(1484800K), 0.0043374 secs] [Times: user=0.01 sys=0.00, real=0.00 secs] 
2019-10-10T12:32:50.800+0000: 327.114: [GC (Allocation Failure) 2019-10-10T12:32:50.800+0000: 327.114: [DefNew: 409875K->233K(460800K), 0.0029295 secs] 464133K->54533K(1484800K), 0.0030154 secs] [Times: user=0.00 sys=0.00, real=0.00 secs] 
2019-10-10T12:32:56.174+0000: 332.490: [GC (Allocation Failure) 2019-10-10T12:32:56.176+0000: 332.490: [DefNew: 409833K->232K(460800K), 0.0029136 secs] 464133K->54532K(1484800K), 0.0044647 secs] [Times: user=0.00 sys=0.00, real=0.00 secs] 
2019-10-10T12:33:02.059+0000: 338.373: [GC (Allocation Failure) 2019-10-10T12:33:02.059+0000: 338.373: [DefNew: 409832K->327K(460800K), 0.0029605 secs] 464132K->54627K(1484800K), 0.0030472 secs] [Times: user=0.00 sys=0.00, real=0.00 secs] 
2019-10-10T12:33:07.435+0000: 343.750: [GC (Allocation Failure) 2019-10-10T12:33:07.436+0000: 343.750: [DefNew: 409927K->233K(460800K), 0.0028146 secs] 464227K->54533K(1484800K), 0.0042724 secs] [Times: user=0.01 sys=0.00, real=0.00 secs] 
2019-10-10T12:33:12.940+0000: 349.254: [GC (Allocation Failure) 2019-10-10T12:33:12.940+0000: 349.254: [DefNew: 409833K->237K(460800K), 0.0026959 secs] 464133K->54537K(1484800K), 0.0027991 secs] [Times: user=0.00 sys=0.00, real=0.00 secs] 
2019-10-10T12:33:18.319+0000: 354.633: [GC (Allocation Failure) 2019-10-10T12:33:18.320+0000: 354.634: [DefNew: 409837K->145K(460800K), 0.0032654 secs] 464137K->54575K(1484800K), 0.0044606 secs] [Times: user=0.00 sys=0.00, real=0.00 secs] 
2019-10-10T12:33:23.786+0000: 360.102: [GC (Allocation Failure) 2019-10-10T12:33:23.788+0000: 360.102: [DefNew: 409745K->281K(460800K), 0.0033206 secs] 464175K->54711K(1484800K), 0.0049234 secs] [Times: user=0.00 sys=0.00, real=0.00 secs] 
2019-10-10T12:33:29.672+0000: 365.986: [GC (Allocation Failure) 2019-10-10T12:33:29.672+0000: 365.986: [DefNew: 409881K->152K(460800K), 0.0028957 secs] 464311K->54583K(1484800K), 0.0029955 secs] [Times: user=0.00 sys=0.00, real=0.01 secs] 
2019-10-10T12:33:35.155+0000: 371.471: [GC (Allocation Failure) 2019-10-10T12:33:35.157+0000: 371.471: [DefNew: 409752K->287K(460800K), 0.0033303 secs] 464183K->54717K(1484800K), 0.0049301 secs] [Times: user=0.01 sys=0.00, real=0.00 secs] 
2019-10-10T12:33:40.455+0000: 376.769: [GC (Allocation Failure) 2019-10-10T12:33:40.455+0000: 376.769: [DefNew: 409887K->113K(460800K), 0.0027266 secs] 464317K->54544K(1484800K), 0.0028045 secs] [Times: user=0.00 sys=0.00, real=0.00 secs] 
2019-10-10T12:33:45.934+0000: 382.248: [GC (Allocation Failure) 2019-10-10T12:33:45.935+0000: 382.248: [DefNew: 409713K->214K(460800K), 0.0029116 secs] 464144K->54647K(1484800K), 0.0031424 secs] [Times: user=0.00 sys=0.00, real=0.00 secs] 
2019-10-10T12:33:51.287+0000: 387.602: [GC (Allocation Failure) 2019-10-10T12:33:51.288+0000: 387.602: [DefNew: 409814K->94K(460800K), 0.0028599 secs] 464247K->54544K(1484800K), 0.0043125 secs] [Times: user=0.01 sys=0.00, real=0.00 secs] 
2019-10-10T12:33:56.813+0000: 393.128: [GC (Allocation Failure) 2019-10-10T12:33:56.814+0000: 393.128: [DefNew: 409694K->309K(460800K), 0.0033787 secs] 464144K->54759K(1484800K), 0.0047388 secs] [Times: user=0.00 sys=0.00, real=0.01 secs] 
2019-10-10T12:34:02.061+0000: 398.376: [GC (Allocation Failure) 2019-10-10T12:34:02.062+0000: 398.376: [DefNew: 409909K->94K(460800K), 0.0028071 secs] 464359K->54545K(1484800K), 0.0043067 secs] [Times: user=0.00 sys=0.00, real=0.00 secs] 
2019-10-10T12:34:07.557+0000: 403.873: [GC (Allocation Failure) 2019-10-10T12:34:07.559+0000: 403.873: [DefNew: 409694K->112K(460800K), 0.0030327 secs] 464145K->54563K(1484800K), 0.0046912 secs] [Times: user=0.00 sys=0.00, real=0.00 secs] 
2019-10-10T12:34:12.771+0000: 409.085: [GC (Allocation Failure) 2019-10-10T12:34:12.771+0000: 409.085: [DefNew: 409712K->330K(460800K), 0.0031190 secs] 464163K->54781K(1484800K), 0.0032002 secs] [Times: user=0.00 sys=0.00, real=0.01 secs] 
2019-10-10T12:34:18.249+0000: 414.564: [GC (Allocation Failure) 2019-10-10T12:34:18.250+0000: 414.564: [DefNew: 409930K->131K(460800K), 0.0028825 secs] 464381K->54582K(1484800K), 0.0042141 secs] [Times: user=0.00 sys=0.00, real=0.00 secs] 
2019-10-10T12:34:23.425+0000: 419.740: [GC (Allocation Failure) 2019-10-10T12:34:23.426+0000: 419.740: [DefNew: 409731K->94K(460800K), 0.0030155 secs] 464182K->54545K(1484800K), 0.0045547 secs] [Times: user=0.00 sys=0.00, real=0.01 secs] 
2019-10-10T12:34:28.948+0000: 425.262: [GC (Allocation Failure) 2019-10-10T12:34:28.948+0000: 425.262: [DefNew: 409694K->107K(460800K), 0.0027113 secs] 464145K->54558K(1484800K), 0.0027978 secs] [Times: user=0.00 sys=0.00, real=0.00 secs] 
2019-10-10T12:34:34.558+0000: 430.873: [GC (Allocation Failure) 2019-10-10T12:34:34.560+0000: 430.873: [DefNew: 409707K->155K(460800K), 0.0028440 secs] 464158K->54606K(1484800K), 0.0044852 secs] [Times: user=0.00 sys=0.00, real=0.00 secs] 
2019-10-10T12:34:40.122+0000: 436.436: [GC (Allocation Failure) 2019-10-10T12:34:40.122+0000: 436.436: [DefNew: 409755K->107K(460800K), 0.0026212 secs] 464206K->54558K(1484800K), 0.0027017 secs] [Times: user=0.00 sys=0.00, real=0.00 secs] 
2019-10-10T12:34:45.502+0000: 441.817: [GC (Allocation Failure) 2019-10-10T12:34:45.503+0000: 441.817: [DefNew: 409707K->124K(460800K), 0.0028681 secs] 464158K->54575K(1484800K), 0.0042950 secs] [Times: user=0.00 sys=0.01, real=0.01 secs] 
2019-10-10T12:34:50.953+0000: 447.267: [GC (Allocation Failure) 2019-10-10T12:34:50.953+0000: 447.267: [DefNew: 409724K->184K(460800K), 0.0029207 secs] 464175K->54647K(1484800K), 0.0030211 secs] [Times: user=0.01 sys=0.00, real=0.01 secs] 
2019-10-10T12:34:56.277+0000: 452.592: [GC (Allocation Failure) 2019-10-10T12:34:56.279+0000: 452.592: [DefNew: 409784K->287K(460800K), 0.0034294 secs] 464247K->54750K(1484800K), 0.0047434 secs] [Times: user=0.00 sys=0.00, real=0.00 secs] 
2019-10-10T12:35:01.669+0000: 457.983: [GC (Allocation Failure) 2019-10-10T12:35:01.669+0000: 457.983: [DefNew: 409887K->147K(460800K), 0.0027728 secs] 464350K->54610K(1484800K), 0.0028556 secs] [Times: user=0.01 sys=0.00, real=0.00 secs] 
12:35:05.327 [worker-akka.actor.default-dispatcher-13] INFO  a.r.a.Association(akka://worker) akka.remote.artery.Association(akka://worker) - Stopping idle outbound stream [2] to [akka://worker@flamestream-benchmarks-worker-0:5412]
2019-10-10T12:35:07.942+0000: 464.256: [GC (Allocation Failure) 2019-10-10T12:35:07.942+0000: 464.256: [DefNew: 409747K->281K(460800K), 0.0034356 secs] 464210K->54744K(1484800K), 0.0035296 secs] [Times: user=0.00 sys=0.00, real=0.00 secs] 
2019-10-10T12:35:13.561+0000: 469.876: [GC (Allocation Failure) 2019-10-10T12:35:13.562+0000: 469.876: [DefNew: 409881K->155K(460800K), 0.0030618 secs] 464344K->54618K(1484800K), 0.0042421 secs] [Times: user=0.01 sys=0.00, real=0.00 secs] 
2019-10-10T12:35:18.914+0000: 475.227: [GC (Allocation Failure) 2019-10-10T12:35:18.914+0000: 475.227: [DefNew: 409755K->407K(460800K), 0.0036099 secs] 464218K->54870K(1484800K), 0.0037053 secs] [Times: user=0.00 sys=0.00, real=0.01 secs] 
2019-10-10T12:35:24.438+0000: 480.753: [GC (Allocation Failure) 2019-10-10T12:35:24.440+0000: 480.753: [DefNew: 410007K->157K(460800K), 0.0030775 secs] 464470K->54620K(1484800K), 0.0044316 secs] [Times: user=0.00 sys=0.00, real=0.00 secs] 
2019-10-10T12:35:29.957+0000: 486.271: [GC (Allocation Failure) 2019-10-10T12:35:29.957+0000: 486.271: [DefNew: 409757K->168K(460800K), 0.0032851 secs] 464220K->54632K(1484800K), 0.0033746 secs] [Times: user=0.00 sys=0.00, real=0.00 secs] 
2019-10-10T12:35:35.244+0000: 491.559: [GC (Allocation Failure) 2019-10-10T12:35:35.245+0000: 491.559: [DefNew: 409768K->159K(460800K), 0.0030851 secs] 464232K->54623K(1484800K), 0.0045030 secs] [Times: user=0.00 sys=0.00, real=0.01 secs] 
2019-10-10T12:35:40.615+0000: 496.930: [GC (Allocation Failure) 2019-10-10T12:35:40.616+0000: 496.930: [DefNew: 409759K->161K(460800K), 0.0030321 secs] 464223K->54625K(1484800K), 0.0043819 secs] [Times: user=0.01 sys=0.00, real=0.00 secs] 
2019-10-10T12:35:46.065+0000: 502.381: [GC (Allocation Failure) 2019-10-10T12:35:46.067+0000: 502.381: [DefNew: 409761K->162K(460800K), 0.0032988 secs] 464225K->54625K(1484800K), 0.0049050 secs] [Times: user=0.01 sys=0.00, real=0.01 secs] 
2019-10-10T12:35:51.772+0000: 508.086: [GC (Allocation Failure) 2019-10-10T12:35:51.772+0000: 508.086: [DefNew: 409762K->331K(460800K), 0.0036256 secs] 464225K->54808K(1484800K), 0.0037063 secs] [Times: user=0.00 sys=0.00, real=0.01 secs] 
2019-10-10T12:35:57.282+0000: 513.596: [GC (Allocation Failure) 2019-10-10T12:35:57.282+0000: 513.596: [DefNew: 409931K->295K(460800K), 0.0033091 secs] 464408K->54772K(1484800K), 0.0033961 secs] [Times: user=0.00 sys=0.00, real=0.00 secs] 
2019-10-10T12:36:02.859+0000: 519.173: [GC (Allocation Failure) 2019-10-10T12:36:02.859+0000: 519.173: [DefNew: 409895K->151K(460800K), 0.0030998 secs] 464372K->54628K(1484800K), 0.0031904 secs] [Times: user=0.00 sys=0.00, real=0.00 secs] 
2019-10-10T12:36:08.281+0000: 524.597: [GC (Allocation Failure) 2019-10-10T12:36:08.283+0000: 524.597: [DefNew: 409751K->198K(460800K), 0.0032166 secs] 464228K->54675K(1484800K), 0.0048428 secs] [Times: user=0.00 sys=0.00, real=0.01 secs] 
2019-10-10T12:36:13.587+0000: 529.902: [GC (Allocation Failure) 2019-10-10T12:36:13.588+0000: 529.902: [DefNew: 409798K->146K(460800K), 0.0031712 secs] 464275K->54623K(1484800K), 0.0042184 secs] [Times: user=0.00 sys=0.00, real=0.00 secs] 
2019-10-10T12:36:18.873+0000: 535.187: [GC (Allocation Failure) 2019-10-10T12:36:18.873+0000: 535.187: [DefNew: 409746K->229K(460800K), 0.0031387 secs] 464223K->54706K(1484800K), 0.0032231 secs] [Times: user=0.00 sys=0.00, real=0.01 secs] 
2019-10-10T12:36:24.211+0000: 540.526: [GC (Allocation Failure) 2019-10-10T12:36:24.213+0000: 540.526: [DefNew: 409829K->162K(460800K), 0.0033578 secs] 464306K->54639K(1484800K), 0.0049679 secs] [Times: user=0.00 sys=0.00, real=0.01 secs] 
2019-10-10T12:36:29.667+0000: 545.981: [GC (Allocation Failure) 2019-10-10T12:36:29.667+0000: 545.981: [DefNew: 409762K->106K(460800K), 0.0029678 secs] 464239K->54630K(1484800K), 0.0030757 secs] [Times: user=0.00 sys=0.00, real=0.00 secs] 
2019-10-10T12:36:35.268+0000: 551.583: [GC (Allocation Failure) 2019-10-10T12:36:35.270+0000: 551.583: [DefNew: 409706K->97K(460800K), 0.0028000 secs] 464230K->54631K(1484800K), 0.0043999 secs] [Times: user=0.00 sys=0.00, real=0.00 secs] 
2019-10-10T12:36:40.603+0000: 556.918: [GC (Allocation Failure) 2019-10-10T12:36:40.605+0000: 556.918: [DefNew: 409697K->104K(460800K), 0.0028351 secs] 464231K->54638K(1484800K), 0.0041444 secs] [Times: user=0.00 sys=0.00, real=0.01 secs] 
2019-10-10T12:36:45.943+0000: 562.256: [GC (Allocation Failure) 2019-10-10T12:36:45.943+0000: 562.256: [DefNew: 409704K->255K(460800K), 0.0029369 secs] 464238K->54789K(1484800K), 0.0030043 secs] [Times: user=0.00 sys=0.00, real=0.00 secs] 
2019-10-10T12:36:51.458+0000: 567.773: [GC (Allocation Failure) 2019-10-10T12:36:51.459+0000: 567.773: [DefNew: 409855K->132K(460800K), 0.0028400 secs] 464389K->54674K(1484800K), 0.0040014 secs] [Times: user=0.01 sys=0.00, real=0.00 secs] 
2019-10-10T12:36:56.921+0000: 573.235: [GC (Allocation Failure) 2019-10-10T12:36:56.921+0000: 573.235: [DefNew: 409732K->89K(460800K), 0.0027859 secs] 464274K->54631K(1484800K), 0.0028945 secs] [Times: user=0.00 sys=0.00, real=0.00 secs] 
2019-10-10T12:37:02.197+0000: 578.512: [GC (Allocation Failure) 2019-10-10T12:37:02.199+0000: 578.512: [DefNew: 409689K->100K(460800K), 0.0030611 secs] 464231K->54642K(1484800K), 0.0047003 secs] [Times: user=0.00 sys=0.00, real=0.00 secs] 
2019-10-10T12:37:07.413+0000: 583.728: [GC (Allocation Failure) 2019-10-10T12:37:07.414+0000: 583.728: [DefNew: 409700K->279K(460800K), 0.0033227 secs] 464242K->54822K(1484800K), 0.0046042 secs] [Times: user=0.01 sys=0.00, real=0.01 secs] 
2019-10-10T12:37:12.652+0000: 588.967: [GC (Allocation Failure) 2019-10-10T12:37:12.653+0000: 588.967: [DefNew: 409879K->122K(460800K), 0.0030036 secs] 464422K->54665K(1484800K), 0.0043566 secs] [Times: user=0.00 sys=0.00, real=0.01 secs] 
2019-10-10T12:37:17.889+0000: 594.202: [GC (Allocation Failure) 2019-10-10T12:37:17.889+0000: 594.202: [DefNew: 409722K->199K(460800K), 0.0029106 secs] 464265K->54742K(1484800K), 0.0030162 secs] [Times: user=0.00 sys=0.00, real=0.00 secs] 
2019-10-10T12:37:23.236+0000: 599.551: [GC (Allocation Failure) 2019-10-10T12:37:23.237+0000: 599.551: [DefNew: 409799K->122K(460800K), 0.0030497 secs] 464342K->54665K(1484800K), 0.0044863 secs] [Times: user=0.00 sys=0.00, real=0.00 secs] 
2019-10-10T12:37:28.846+0000: 605.160: [GC (Allocation Failure) 2019-10-10T12:37:28.846+0000: 605.160: [DefNew: 409722K->94K(460800K), 0.0028130 secs] 464265K->54637K(1484800K), 0.0029002 secs] [Times: user=0.00 sys=0.00, real=0.01 secs] 
2019-10-10T12:37:34.173+0000: 610.488: [GC (Allocation Failure) 2019-10-10T12:37:34.174+0000: 610.488: [DefNew: 409694K->95K(460800K), 0.0029482 secs] 464237K->54638K(1484800K), 0.0044460 secs] [Times: user=0.01 sys=0.00, real=0.01 secs] 
2019-10-10T12:37:39.567+0000: 615.881: [GC (Allocation Failure) 2019-10-10T12:37:39.567+0000: 615.881: [DefNew: 409695K->106K(460800K), 0.0027682 secs] 464238K->54649K(1484800K), 0.0028606 secs] [Times: user=0.01 sys=0.00, real=0.00 secs] 
2019-10-10T12:37:44.937+0000: 621.251: [GC (Allocation Failure) 2019-10-10T12:37:44.937+0000: 621.251: [DefNew: 409706K->104K(460800K), 0.0026471 secs] 464249K->54647K(1484800K), 0.0027188 secs] [Times: user=0.00 sys=0.00, real=0.00 secs] 
2019-10-10T12:37:50.430+0000: 626.745: [GC (Allocation Failure) 2019-10-10T12:37:50.431+0000: 626.745: [DefNew: 409704K->121K(460800K), 0.0029267 secs] 464247K->54670K(1484800K), 0.0042360 secs] [Times: user=0.00 sys=0.00, real=0.01 secs] 
2019-10-10T12:37:55.799+0000: 632.113: [GC (Allocation Failure) 2019-10-10T12:37:55.799+0000: 632.113: [DefNew: 409721K->112K(460800K), 0.0027979 secs] 464270K->54661K(1484800K), 0.0028783 secs] [Times: user=0.01 sys=0.00, real=0.00 secs] 
2019-10-10T12:38:01.215+0000: 637.530: [GC (Allocation Failure) 2019-10-10T12:38:01.217+0000: 637.531: [DefNew: 409712K->115K(460800K), 0.0029919 secs] 464261K->54664K(1484800K), 0.0044349 secs] [Times: user=0.00 sys=0.00, real=0.00 secs] 
2019-10-10T12:38:06.421+0000: 642.736: [GC (Allocation Failure) 2019-10-10T12:38:06.423+0000: 642.736: [DefNew: 409715K->124K(460800K), 0.0030556 secs] 464264K->54673K(1484800K), 0.0044911 secs] [Times: user=0.01 sys=0.00, real=0.00 secs] 
2019-10-10T12:38:11.735+0000: 648.050: [GC (Allocation Failure) 2019-10-10T12:38:11.737+0000: 648.050: [DefNew: 409724K->90K(460800K), 0.0027395 secs] 464273K->54639K(1484800K), 0.0043907 secs] [Times: user=0.00 sys=0.00, real=0.00 secs] 
2019-10-10T12:38:17.149+0000: 653.463: [GC (Allocation Failure) 2019-10-10T12:38:17.149+0000: 653.463: [DefNew: 409690K->265K(460800K), 0.0031933 secs] 464239K->54815K(1484800K), 0.0032807 secs] [Times: user=0.01 sys=0.00, real=0.00 secs] 
2019-10-10T12:38:22.444+0000: 658.759: [GC (Allocation Failure) 2019-10-10T12:38:22.445+0000: 658.759: [DefNew: 409865K->89K(460800K), 0.0029024 secs] 464415K->54639K(1484800K), 0.0046258 secs] [Times: user=0.00 sys=0.00, real=0.01 secs] 
2019-10-10T12:38:28.012+0000: 664.326: [GC (Allocation Failure) 2019-10-10T12:38:28.012+0000: 664.326: [DefNew: 409689K->113K(460800K), 0.0028255 secs] 464239K->54662K(1484800K), 0.0029119 secs] [Times: user=0.00 sys=0.00, real=0.01 secs] 
2019-10-10T12:38:33.563+0000: 669.878: [GC (Allocation Failure) 2019-10-10T12:38:33.564+0000: 669.878: [DefNew: 409713K->180K(460800K), 0.0031126 secs] 464262K->54729K(1484800K), 0.0044695 secs] [Times: user=0.00 sys=0.00, real=0.01 secs] 
2019-10-10T12:38:38.977+0000: 675.291: [GC (Allocation Failure) 2019-10-10T12:38:38.977+0000: 675.291: [DefNew: 409780K->101K(460800K), 0.0027125 secs] 464329K->54650K(1484800K), 0.0027958 secs] [Times: user=0.01 sys=0.00, real=0.00 secs] 
2019-10-10T12:38:44.304+0000: 680.619: [GC (Allocation Failure) 2019-10-10T12:38:44.306+0000: 680.619: [DefNew: 409701K->102K(460800K), 0.0027834 secs] 464250K->54652K(1484800K), 0.0040158 secs] [Times: user=0.00 sys=0.00, real=0.01 secs] 
2019-10-10T12:38:49.795+0000: 686.109: [GC (Allocation Failure) 2019-10-10T12:38:49.795+0000: 686.109: [DefNew: 409702K->150K(460800K), 0.0028486 secs] 464252K->54707K(1484800K), 0.0029282 secs] [Times: user=0.00 sys=0.00, real=0.00 secs] 
2019-10-10T12:38:55.254+0000: 691.569: [GC (Allocation Failure) 2019-10-10T12:38:55.255+0000: 691.569: [DefNew: 409750K->160K(460800K), 0.0029511 secs] 464307K->54717K(1484800K), 0.0041076 secs] [Times: user=0.00 sys=0.00, real=0.01 secs] 
2019-10-10T12:39:00.508+0000: 696.823: [GC (Allocation Failure) 2019-10-10T12:39:00.510+0000: 696.823: [DefNew: 409760K->94K(460800K), 0.0029210 secs] 464317K->54652K(1484800K), 0.0044028 secs] [Times: user=0.00 sys=0.00, real=0.00 secs] 
2019-10-10T12:39:05.905+0000: 702.219: [GC (Allocation Failure) 2019-10-10T12:39:05.905+0000: 702.219: [DefNew: 409694K->94K(460800K), 0.0027048 secs] 464252K->54652K(1484800K), 0.0027921 secs] [Times: user=0.00 sys=0.00, real=0.01 secs] 
2019-10-10T12:39:11.265+0000: 707.580: [GC (Allocation Failure) 2019-10-10T12:39:11.266+0000: 707.580: [DefNew: 409694K->381K(460800K), 0.0036034 secs] 464252K->54939K(1484800K), 0.0049459 secs] [Times: user=0.01 sys=0.00, real=0.01 secs] 
2019-10-10T12:39:16.556+0000: 712.871: [GC (Allocation Failure) 2019-10-10T12:39:16.557+0000: 712.871: [DefNew: 409981K->134K(460800K), 0.0031358 secs] 464539K->54692K(1484800K), 0.0045863 secs] [Times: user=0.00 sys=0.00, real=0.00 secs] 
2019-10-10T12:39:21.893+0000: 718.207: [GC (Allocation Failure) 2019-10-10T12:39:21.893+0000: 718.207: [DefNew: 409734K->93K(460800K), 0.0026310 secs] 464292K->54651K(1484800K), 0.0027109 secs] [Times: user=0.00 sys=0.00, real=0.01 secs] 
2019-10-10T12:39:27.389+0000: 723.704: [GC (Allocation Failure) 2019-10-10T12:39:27.391+0000: 723.704: [DefNew: 409693K->179K(460800K), 0.0033836 secs] 464251K->54737K(1484800K), 0.0050033 secs] [Times: user=0.01 sys=0.00, real=0.00 secs] 
2019-10-10T12:39:32.773+0000: 729.087: [GC (Allocation Failure) 2019-10-10T12:39:32.774+0000: 729.087: [DefNew: 409779K->103K(460800K), 0.0028323 secs] 464337K->54661K(1484800K), 0.0029266 secs] [Times: user=0.00 sys=0.00, real=0.01 secs] 
2019-10-10T12:39:38.031+0000: 734.346: [GC (Allocation Failure) 2019-10-10T12:39:38.033+0000: 734.346: [DefNew: 409703K->141K(460800K), 0.0029571 secs] 464261K->54698K(1484800K), 0.0044196 secs] [Times: user=0.00 sys=0.00, real=0.01 secs] 
2019-10-10T12:39:43.264+0000: 739.579: [GC (Allocation Failure) 2019-10-10T12:39:43.265+0000: 739.579: [DefNew: 409741K->192K(460800K), 0.0033468 secs] 464298K->54750K(1484800K), 0.0048374 secs] [Times: user=0.01 sys=0.00, real=0.01 secs] 
2019-10-10T12:39:48.709+0000: 745.024: [GC (Allocation Failure) 2019-10-10T12:39:48.710+0000: 745.024: [DefNew: 409792K->91K(460800K), 0.0027595 secs] 464350K->54661K(1484800K), 0.0040409 secs] [Times: user=0.01 sys=0.00, real=0.00 secs] 
2019-10-10T12:39:54.031+0000: 750.346: [GC (Allocation Failure) 2019-10-10T12:39:54.032+0000: 750.346: [DefNew: 409691K->91K(460800K), 0.0027608 secs] 464261K->54661K(1484800K), 0.0041243 secs] [Times: user=0.00 sys=0.00, real=0.01 secs] 
2019-10-10T12:39:59.327+0000: 755.642: [GC (Allocation Failure) 2019-10-10T12:39:59.328+0000: 755.642: [DefNew: 409691K->92K(460800K), 0.0028002 secs] 464261K->54662K(1484800K), 0.0043109 secs] [Times: user=0.00 sys=0.00, real=0.00 secs] 
2019-10-10T12:40:04.707+0000: 761.021: [GC (Allocation Failure) 2019-10-10T12:40:04.707+0000: 761.021: [DefNew: 409692K->90K(460800K), 0.0025483 secs] 464262K->54660K(1484800K), 0.0026236 secs] [Times: user=0.00 sys=0.00, real=0.00 secs] 
2019-10-10T12:40:10.081+0000: 766.395: [GC (Allocation Failure) 2019-10-10T12:40:10.081+0000: 766.395: [DefNew: 409690K->92K(460800K), 0.0027354 secs] 464260K->54662K(1484800K), 0.0028249 secs] [Times: user=0.00 sys=0.00, real=0.00 secs] 
2019-10-10T12:40:15.532+0000: 771.847: [GC (Allocation Failure) 2019-10-10T12:40:15.534+0000: 771.847: [DefNew: 409692K->92K(460800K), 0.0032021 secs] 464262K->54662K(1484800K), 0.0046828 secs] [Times: user=0.00 sys=0.00, real=0.01 secs] 
2019-10-10T12:40:20.816+0000: 777.131: [GC (Allocation Failure) 2019-10-10T12:40:20.817+0000: 777.131: [DefNew: 409692K->132K(460800K), 0.0029079 secs] 464262K->54702K(1484800K), 0.0043537 secs] [Times: user=0.01 sys=0.00, real=0.00 secs] 
2019-10-10T12:40:26.238+0000: 782.553: [GC (Allocation Failure) 2019-10-10T12:40:26.239+0000: 782.553: [DefNew: 409732K->99K(460800K), 0.0028228 secs] 464302K->54669K(1484800K), 0.0044542 secs] [Times: user=0.00 sys=0.00, real=0.00 secs] 
2019-10-10T12:40:31.705+0000: 788.019: [GC (Allocation Failure) 2019-10-10T12:40:31.706+0000: 788.020: [DefNew: 409699K->98K(460800K), 0.0028773 secs] 464269K->54669K(1484800K), 0.0042012 secs] [Times: user=0.00 sys=0.00, real=0.01 secs] 
2019-10-10T12:40:37.071+0000: 793.384: [GC (Allocation Failure) 2019-10-10T12:40:37.071+0000: 793.384: [DefNew: 409698K->102K(460800K), 0.0026617 secs] 464269K->54673K(1484800K), 0.0027359 secs] [Times: user=0.00 sys=0.00, real=0.00 secs] 
2019-10-10T12:40:42.335+0000: 798.650: [GC (Allocation Failure) 2019-10-10T12:40:42.336+0000: 798.650: [DefNew: 409702K->138K(460800K), 0.0030222 secs] 464273K->54708K(1484800K), 0.0044075 secs] [Times: user=0.01 sys=0.00, real=0.00 secs] 
2019-10-10T12:40:47.781+0000: 804.095: [GC (Allocation Failure) 2019-10-10T12:40:47.781+0000: 804.095: [DefNew: 409738K->90K(460800K), 0.0026457 secs] 464308K->54669K(1484800K), 0.0027377 secs] [Times: user=0.00 sys=0.00, real=0.00 secs] 
2019-10-10T12:40:52.966+0000: 809.281: [GC (Allocation Failure) 2019-10-10T12:40:52.967+0000: 809.281: [DefNew: 409690K->89K(460800K), 0.0028950 secs] 464269K->54668K(1484800K), 0.0042088 secs] [Times: user=0.00 sys=0.00, real=0.01 secs] 
2019-10-10T12:40:58.259+0000: 814.575: [GC (Allocation Failure) 2019-10-10T12:40:58.261+0000: 814.575: [DefNew: 409689K->183K(460800K), 0.0030061 secs] 464268K->54763K(1484800K), 0.0046465 secs] [Times: user=0.00 sys=0.00, real=0.00 secs] 
2019-10-10T12:41:03.543+0000: 819.858: [GC (Allocation Failure) 2019-10-10T12:41:03.544+0000: 819.858: [DefNew: 409783K->128K(460800K), 0.0029965 secs] 464363K->54707K(1484800K), 0.0043967 secs] [Times: user=0.00 sys=0.00, real=0.01 secs] 
2019-10-10T12:41:08.891+0000: 825.205: [GC (Allocation Failure) 2019-10-10T12:41:08.891+0000: 825.205: [DefNew: 409728K->227K(460800K), 0.0031860 secs] 464307K->54806K(1484800K), 0.0032727 secs] [Times: user=0.00 sys=0.00, real=0.01 secs] 
2019-10-10T12:41:14.099+0000: 830.415: [GC (Allocation Failure) 2019-10-10T12:41:14.101+0000: 830.415: [DefNew: 409827K->188K(460800K), 0.0031927 secs] 464406K->54767K(1484800K), 0.0049359 secs] [Times: user=0.00 sys=0.00, real=0.00 secs] 
2019-10-10T12:41:19.402+0000: 835.718: [GC (Allocation Failure) 2019-10-10T12:41:19.404+0000: 835.718: [DefNew: 409788K->93K(460800K), 0.0031487 secs] 464367K->54673K(1484800K), 0.0049429 secs] [Times: user=0.00 sys=0.00, real=0.01 secs] 
2019-10-10T12:41:24.917+0000: 841.230: [GC (Allocation Failure) 2019-10-10T12:41:24.917+0000: 841.230: [DefNew: 409693K->88K(460800K), 0.0025917 secs] 464273K->54668K(1484800K), 0.0026822 secs] [Times: user=0.01 sys=0.00, real=0.00 secs] 
2019-10-10T12:41:30.317+0000: 846.632: [GC (Allocation Failure) 2019-10-10T12:41:30.318+0000: 846.632: [DefNew: 409688K->182K(460800K), 0.0032115 secs] 464268K->54762K(1484800K), 0.0046354 secs] [Times: user=0.00 sys=0.00, real=0.00 secs] 
2019-10-10T12:41:35.616+0000: 851.930: [GC (Allocation Failure) 2019-10-10T12:41:35.616+0000: 851.930: [DefNew: 409782K->93K(460800K), 0.0027083 secs] 464362K->54673K(1484800K), 0.0027969 secs] [Times: user=0.00 sys=0.00, real=0.00 secs] 
2019-10-10T12:41:40.871+0000: 857.186: [GC (Allocation Failure) 2019-10-10T12:41:40.872+0000: 857.186: [DefNew: 409693K->318K(460800K), 0.0035895 secs] 464273K->54898K(1484800K), 0.0047943 secs] [Times: user=0.00 sys=0.00, real=0.01 secs] 
2019-10-10T12:41:46.441+0000: 862.756: [GC (Allocation Failure) 2019-10-10T12:41:46.443+0000: 862.756: [DefNew: 409918K->99K(460800K), 0.0030218 secs] 464498K->54680K(1484800K), 0.0047492 secs] [Times: user=0.00 sys=0.00, real=0.00 secs] 
2019-10-10T12:41:51.747+0000: 868.061: [GC (Allocation Failure) 2019-10-10T12:41:51.747+0000: 868.061: [DefNew: 409699K->88K(460800K), 0.0026903 secs] 464280K->54674K(1484800K), 0.0027800 secs] [Times: user=0.00 sys=0.00, real=0.00 secs] 
2019-10-10T12:41:57.239+0000: 873.554: [GC (Allocation Failure) 2019-10-10T12:41:57.241+0000: 873.554: [DefNew: 409688K->91K(460800K), 0.0028411 secs] 464274K->54676K(1484800K), 0.0045299 secs] [Times: user=0.00 sys=0.00, real=0.00 secs] 
2019-10-10T12:42:02.805+0000: 879.118: [GC (Allocation Failure) 2019-10-10T12:42:02.805+0000: 879.119: [DefNew: 409691K->86K(460800K), 0.0026168 secs] 464276K->54672K(1484800K), 0.0026992 secs] [Times: user=0.00 sys=0.00, real=0.01 secs] 
2019-10-10T12:42:08.126+0000: 884.441: [GC (Allocation Failure) 2019-10-10T12:42:08.128+0000: 884.442: [DefNew: 409686K->88K(460800K), 0.0031106 secs] 464272K->54674K(1484800K), 0.0047525 secs] [Times: user=0.00 sys=0.00, real=0.01 secs] 
2019-10-10T12:42:13.539+0000: 889.854: [GC (Allocation Failure) 2019-10-10T12:42:13.540+0000: 889.854: [DefNew: 409688K->117K(460800K), 0.0031277 secs] 464274K->54703K(1484800K), 0.0045899 secs] [Times: user=0.01 sys=0.00, real=0.00 secs] 
2019-10-10T12:42:18.887+0000: 895.201: [GC (Allocation Failure) 2019-10-10T12:42:18.887+0000: 895.201: [DefNew: 409717K->88K(460800K), 0.0026418 secs] 464303K->54674K(1484800K), 0.0027550 secs] [Times: user=0.00 sys=0.00, real=0.00 secs] 
2019-10-10T12:42:24.249+0000: 900.564: [GC (Allocation Failure) 2019-10-10T12:42:24.250+0000: 900.564: [DefNew: 409688K->284K(460800K), 0.0030904 secs] 464274K->54869K(1484800K), 0.0044851 secs] [Times: user=0.01 sys=0.00, real=0.00 secs] 
2019-10-10T12:42:29.601+0000: 905.917: [GC (Allocation Failure) 2019-10-10T12:42:29.603+0000: 905.917: [DefNew: 409884K->244K(460800K), 0.0030922 secs] 464469K->54830K(1484800K), 0.0047996 secs] [Times: user=0.01 sys=0.00, real=0.00 secs] 
2019-10-10T12:42:34.812+0000: 911.126: [GC (Allocation Failure) 2019-10-10T12:42:34.812+0000: 911.126: [DefNew: 409844K->93K(460800K), 0.0025625 secs] 464430K->54679K(1484800K), 0.0026471 secs] [Times: user=0.01 sys=0.00, real=0.01 secs] 
2019-10-10T12:42:40.171+0000: 916.486: [GC (Allocation Failure) 2019-10-10T12:42:40.173+0000: 916.487: [DefNew: 409693K->142K(460800K), 0.0029717 secs] 464279K->54728K(1484800K), 0.0044365 secs] [Times: user=0.00 sys=0.00, real=0.01 secs] 
2019-10-10T12:42:45.520+0000: 921.835: [GC (Allocation Failure) 2019-10-10T12:42:45.521+0000: 921.835: [DefNew: 409742K->93K(460800K), 0.0028606 secs] 464328K->54680K(1484800K), 0.0043331 secs] [Times: user=0.00 sys=0.00, real=0.00 secs] 
2019-10-10T12:42:50.753+0000: 927.067: [GC (Allocation Failure) 2019-10-10T12:42:50.753+0000: 927.067: [DefNew: 409693K->164K(460800K), 0.0029460 secs] 464280K->54756K(1484800K), 0.0030274 secs] [Times: user=0.00 sys=0.00, real=0.01 secs] 
2019-10-10T12:42:56.231+0000: 932.546: [GC (Allocation Failure) 2019-10-10T12:42:56.233+0000: 932.546: [DefNew: 409764K->87K(460800K), 0.0028959 secs] 464356K->54679K(1484800K), 0.0041449 secs] [Times: user=0.00 sys=0.00, real=0.01 secs] 
2019-10-10T12:43:01.659+0000: 937.974: [GC (Allocation Failure) 2019-10-10T12:43:01.660+0000: 937.974: [DefNew: 409687K->89K(460800K), 0.0028374 secs] 464279K->54681K(1484800K), 0.0042442 secs] [Times: user=0.01 sys=0.00, real=0.00 secs] 
2019-10-10T12:43:07.097+0000: 943.412: [GC (Allocation Failure) 2019-10-10T12:43:07.098+0000: 943.412: [DefNew: 409689K->173K(460800K), 0.0029166 secs] 464281K->54765K(1484800K), 0.0043730 secs] [Times: user=0.00 sys=0.00, real=0.00 secs] 
2019-10-10T12:43:12.455+0000: 948.770: [GC (Allocation Failure) 2019-10-10T12:43:12.456+0000: 948.770: [DefNew: 409773K->100K(460800K), 0.0029322 secs] 464365K->54691K(1484800K), 0.0042894 secs] [Times: user=0.00 sys=0.00, real=0.00 secs] 
2019-10-10T12:43:17.791+0000: 954.105: [GC (Allocation Failure) 2019-10-10T12:43:17.791+0000: 954.105: [DefNew: 409700K->146K(460800K), 0.0027267 secs] 464291K->54738K(1484800K), 0.0028012 secs] [Times: user=0.01 sys=0.00, real=0.00 secs] 
2019-10-10T12:43:23.280+0000: 959.596: [GC (Allocation Failure) 2019-10-10T12:43:23.282+0000: 959.596: [DefNew: 409746K->96K(460800K), 0.0027902 secs] 464338K->54688K(1484800K), 0.0043356 secs] [Times: user=0.00 sys=0.00, real=0.00 secs] 
2019-10-10T12:43:28.827+0000: 965.141: [GC (Allocation Failure) 2019-10-10T12:43:28.827+0000: 965.141: [DefNew: 409696K->123K(460800K), 0.0027632 secs] 464288K->54715K(1484800K), 0.0028504 secs] [Times: user=0.01 sys=0.00, real=0.00 secs] 
2019-10-10T12:43:34.160+0000: 970.475: [GC (Allocation Failure) 2019-10-10T12:43:34.161+0000: 970.475: [DefNew: 409723K->98K(460800K), 0.0028977 secs] 464315K->54690K(1484800K), 0.0044197 secs] [Times: user=0.01 sys=0.00, real=0.00 secs] 
2019-10-10T12:43:39.449+0000: 975.764: [GC (Allocation Failure) 2019-10-10T12:43:39.451+0000: 975.764: [DefNew: 409698K->159K(460800K), 0.0029391 secs] 464290K->54751K(1484800K), 0.0045441 secs] [Times: user=0.01 sys=0.00, real=0.00 secs] 
2019-10-10T12:43:44.638+0000: 980.953: [GC (Allocation Failure) 2019-10-10T12:43:44.639+0000: 980.953: [DefNew: 409759K->97K(460800K), 0.0026514 secs] 464351K->54688K(1484800K), 0.0040217 secs] [Times: user=0.00 sys=0.00, real=0.00 secs] 
2019-10-10T12:43:50.055+0000: 986.370: [GC (Allocation Failure) 2019-10-10T12:43:50.056+0000: 986.370: [DefNew: 409697K->142K(460800K), 0.0030372 secs] 464288K->54740K(1484800K), 0.0039909 secs] [Times: user=0.01 sys=0.00, real=0.00 secs] 
2019-10-10T12:43:55.437+0000: 991.753: [GC (Allocation Failure) 2019-10-10T12:43:55.439+0000: 991.753: [DefNew: 409742K->88K(460800K), 0.0028403 secs] 464340K->54686K(1484800K), 0.0045889 secs] [Times: user=0.00 sys=0.00, real=0.00 secs] 
2019-10-10T12:44:00.786+0000: 997.099: [GC (Allocation Failure) 2019-10-10T12:44:00.786+0000: 997.099: [DefNew: 409688K->88K(460800K), 0.0026652 secs] 464286K->54686K(1484800K), 0.0027893 secs] [Times: user=0.01 sys=0.00, real=0.01 secs] 
2019-10-10T12:44:06.200+0000: 1002.515: [GC (Allocation Failure) 2019-10-10T12:44:06.201+0000: 1002.515: [DefNew: 409688K->100K(460800K), 0.0027950 secs] 464286K->54698K(1484800K), 0.0043574 secs] [Times: user=0.00 sys=0.00, real=0.00 secs] 
2019-10-10T12:44:11.691+0000: 1008.007: [GC (Allocation Failure) 2019-10-10T12:44:11.693+0000: 1008.007: [DefNew: 409700K->108K(460800K), 0.0028932 secs] 464298K->54706K(1484800K), 0.0043070 secs] [Times: user=0.00 sys=0.00, real=0.01 secs] 
2019-10-10T12:44:17.197+0000: 1013.512: [GC (Allocation Failure) 2019-10-10T12:44:17.198+0000: 1013.512: [DefNew: 409708K->231K(460800K), 0.0031529 secs] 464306K->54829K(1484800K), 0.0049284 secs] [Times: user=0.01 sys=0.00, real=0.00 secs] 
12:44:21.768 [Client] INFO  c.s.f.r.e.s.SocketRear  - FlameSocketGraphDeployerRear@flamestream-benchmarks-worker-10: has been disconnected from Connection 3
12:44:21.772 [Client] INFO  c.s.f.r.e.s.SocketFront  - FlameSocketGraphDeployerFront@flamestream-benchmarks-worker-10 has been disconnected from Connection 3
12:44:21.783 [worker-akka.actor.default-dispatcher-13] WARN  c.s.f.r.e.s.SocketRear  - FlameSocketGraphDeployerRear@flamestream-benchmarks-worker-10: writing to closed log
12:44:21.785 [worker-akka.actor.default-dispatcher-13] WARN  c.s.f.r.e.s.SocketRear  - FlameSocketGraphDeployerRear@flamestream-benchmarks-worker-10: writing to closed log
12:44:21.797 [worker-akka.actor.default-dispatcher-13] WARN  c.s.f.r.e.s.SocketRear  - FlameSocketGraphDeployerRear@flamestream-benchmarks-worker-10: writing to closed log
12:44:21.797 [worker-akka.actor.default-dispatcher-13] WARN  c.s.f.r.e.s.SocketRear  - FlameSocketGraphDeployerRear@flamestream-benchmarks-worker-10: writing to closed log
12:44:21.853 [worker-akka.actor.default-dispatcher-13] WARN  c.s.f.r.e.s.SocketRear  - FlameSocketGraphDeployerRear@flamestream-benchmarks-worker-10: writing to closed log
12:44:21.867 [worker-akka.actor.default-dispatcher-13] WARN  c.s.f.r.e.s.SocketRear  - FlameSocketGraphDeployerRear@flamestream-benchmarks-worker-10: writing to closed log
12:44:21.900 [worker-akka.actor.default-dispatcher-13] WARN  c.s.f.r.e.s.SocketRear  - FlameSocketGraphDeployerRear@flamestream-benchmarks-worker-10: writing to closed log
12:44:21.949 [worker-akka.actor.default-dispatcher-13] WARN  c.s.f.r.e.s.SocketRear  - FlameSocketGraphDeployerRear@flamestream-benchmarks-worker-10: writing to closed log
12:44:22.012 [worker-akka.actor.default-dispatcher-13] WARN  c.s.f.r.e.s.SocketRear  - FlameSocketGraphDeployerRear@flamestream-benchmarks-worker-10: writing to closed log
12:44:22.014 [worker-akka.actor.default-dispatcher-13] WARN  c.s.f.r.e.s.SocketRear  - FlameSocketGraphDeployerRear@flamestream-benchmarks-worker-10: writing to closed log
12:44:22.015 [worker-akka.actor.default-dispatcher-13] WARN  c.s.f.r.e.s.SocketRear  - FlameSocketGraphDeployerRear@flamestream-benchmarks-worker-10: writing to closed log
12:44:22.060 [worker-akka.actor.default-dispatcher-13] WARN  c.s.f.r.e.s.SocketRear  - FlameSocketGraphDeployerRear@flamestream-benchmarks-worker-10: writing to closed log
12:44:22.061 [worker-akka.actor.default-dispatcher-13] WARN  c.s.f.r.e.s.SocketRear  - FlameSocketGraphDeployerRear@flamestream-benchmarks-worker-10: writing to closed log
12:44:22.061 [worker-akka.actor.default-dispatcher-13] WARN  c.s.f.r.e.s.SocketRear  - FlameSocketGraphDeployerRear@flamestream-benchmarks-worker-10: writing to closed log
12:44:22.074 [worker-akka.actor.default-dispatcher-13] WARN  c.s.f.r.e.s.SocketRear  - FlameSocketGraphDeployerRear@flamestream-benchmarks-worker-10: writing to closed log
12:44:22.113 [worker-akka.actor.default-dispatcher-13] WARN  c.s.f.r.e.s.SocketRear  - FlameSocketGraphDeployerRear@flamestream-benchmarks-worker-10: writing to closed log
12:44:22.118 [worker-akka.actor.default-dispatcher-13] WARN  c.s.f.r.e.s.SocketRear  - FlameSocketGraphDeployerRear@flamestream-benchmarks-worker-10: writing to closed log
12:44:22.120 [worker-akka.actor.default-dispatcher-13] WARN  c.s.f.r.e.s.SocketRear  - FlameSocketGraphDeployerRear@flamestream-benchmarks-worker-10: writing to closed log
12:44:22.121 [worker-akka.actor.default-dispatcher-13] WARN  c.s.f.r.e.s.SocketRear  - FlameSocketGraphDeployerRear@flamestream-benchmarks-worker-10: writing to closed log
12:44:22.121 [worker-akka.actor.default-dispatcher-13] WARN  c.s.f.r.e.s.SocketRear  - FlameSocketGraphDeployerRear@flamestream-benchmarks-worker-10: writing to closed log
12:44:22.186 [worker-akka.actor.default-dispatcher-13] WARN  c.s.f.r.e.s.SocketRear  - FlameSocketGraphDeployerRear@flamestream-benchmarks-worker-10: writing to closed log
12:44:22.188 [worker-akka.actor.default-dispatcher-13] WARN  c.s.f.r.e.s.SocketRear  - FlameSocketGraphDeployerRear@flamestream-benchmarks-worker-10: writing to closed log
12:44:22.189 [worker-akka.actor.default-dispatcher-13] WARN  c.s.f.r.e.s.SocketRear  - FlameSocketGraphDeployerRear@flamestream-benchmarks-worker-10: writing to closed log
12:44:22.189 [worker-akka.actor.default-dispatcher-13] WARN  c.s.f.r.e.s.SocketRear  - FlameSocketGraphDeployerRear@flamestream-benchmarks-worker-10: writing to closed log
12:44:22.310 [worker-akka.actor.default-dispatcher-13] WARN  c.s.f.r.e.s.SocketRear  - FlameSocketGraphDeployerRear@flamestream-benchmarks-worker-10: writing to closed log
12:44:22.312 [worker-akka.actor.default-dispatcher-13] WARN  c.s.f.r.e.s.SocketRear  - FlameSocketGraphDeployerRear@flamestream-benchmarks-worker-10: writing to closed log
12:44:22.400 [worker-akka.actor.default-dispatcher-13] WARN  c.s.f.r.e.s.SocketRear  - FlameSocketGraphDeployerRear@flamestream-benchmarks-worker-10: writing to closed log
12:44:22.402 [worker-akka.actor.default-dispatcher-13] WARN  c.s.f.r.e.s.SocketRear  - FlameSocketGraphDeployerRear@flamestream-benchmarks-worker-10: writing to closed log
12:44:22.402 [worker-akka.actor.default-dispatcher-13] WARN  c.s.f.r.e.s.SocketRear  - FlameSocketGraphDeployerRear@flamestream-benchmarks-worker-10: writing to closed log
12:44:22.402 [worker-akka.actor.default-dispatcher-13] WARN  c.s.f.r.e.s.SocketRear  - FlameSocketGraphDeployerRear@flamestream-benchmarks-worker-10: writing to closed log
12:44:22.405 [worker-akka.actor.default-dispatcher-13] WARN  c.s.f.r.e.s.SocketRear  - FlameSocketGraphDeployerRear@flamestream-benchmarks-worker-10: writing to closed log
12:44:22.517 [worker-akka.actor.default-dispatcher-13] WARN  c.s.f.r.e.s.SocketRear  - FlameSocketGraphDeployerRear@flamestream-benchmarks-worker-10: writing to closed log
12:44:22.518 [worker-akka.actor.default-dispatcher-13] WARN  c.s.f.r.e.s.SocketRear  - FlameSocketGraphDeployerRear@flamestream-benchmarks-worker-10: writing to closed log
12:44:22.538 [worker-akka.actor.default-dispatcher-13] WARN  c.s.f.r.e.s.SocketRear  - FlameSocketGraphDeployerRear@flamestream-benchmarks-worker-10: writing to closed log
12:44:22.539 [worker-akka.actor.default-dispatcher-13] WARN  c.s.f.r.e.s.SocketRear  - FlameSocketGraphDeployerRear@flamestream-benchmarks-worker-10: writing to closed log
12:44:22.539 [worker-akka.actor.default-dispatcher-13] WARN  c.s.f.r.e.s.SocketRear  - FlameSocketGraphDeployerRear@flamestream-benchmarks-worker-10: writing to closed log
12:44:22.540 [worker-akka.actor.default-dispatcher-13] WARN  c.s.f.r.e.s.SocketRear  - FlameSocketGraphDeployerRear@flamestream-benchmarks-worker-10: writing to closed log
12:44:22.541 [worker-akka.actor.default-dispatcher-13] WARN  c.s.f.r.e.s.SocketRear  - FlameSocketGraphDeployerRear@flamestream-benchmarks-worker-10: writing to closed log
12:44:22.542 [worker-akka.actor.default-dispatcher-13] WARN  c.s.f.r.e.s.SocketRear  - FlameSocketGraphDeployerRear@flamestream-benchmarks-worker-10: writing to closed log
12:44:22.543 [worker-akka.actor.default-dispatcher-13] WARN  c.s.f.r.e.s.SocketRear  - FlameSocketGraphDeployerRear@flamestream-benchmarks-worker-10: writing to closed log
12:44:22.572 [worker-akka.actor.default-dispatcher-13] WARN  c.s.f.r.e.s.SocketRear  - FlameSocketGraphDeployerRear@flamestream-benchmarks-worker-10: writing to closed log
12:44:22.573 [worker-akka.actor.default-dispatcher-13] WARN  c.s.f.r.e.s.SocketRear  - FlameSocketGraphDeployerRear@flamestream-benchmarks-worker-10: writing to closed log
12:44:22.628 [worker-akka.actor.default-dispatcher-13] WARN  c.s.f.r.e.s.SocketRear  - FlameSocketGraphDeployerRear@flamestream-benchmarks-worker-10: writing to closed log
12:44:22.630 [worker-akka.actor.default-dispatcher-13] WARN  c.s.f.r.e.s.SocketRear  - FlameSocketGraphDeployerRear@flamestream-benchmarks-worker-10: writing to closed log
12:44:22.672 [worker-akka.actor.default-dispatcher-13] WARN  c.s.f.r.e.s.SocketRear  - FlameSocketGraphDeployerRear@flamestream-benchmarks-worker-10: writing to closed log
12:44:22.679 [worker-akka.actor.default-dispatcher-13] WARN  c.s.f.r.e.s.SocketRear  - FlameSocketGraphDeployerRear@flamestream-benchmarks-worker-10: writing to closed log
12:44:22.680 [worker-akka.actor.default-dispatcher-13] WARN  c.s.f.r.e.s.SocketRear  - FlameSocketGraphDeployerRear@flamestream-benchmarks-worker-10: writing to closed log
12:44:22.681 [worker-akka.actor.default-dispatcher-13] WARN  c.s.f.r.e.s.SocketRear  - FlameSocketGraphDeployerRear@flamestream-benchmarks-worker-10: writing to closed log
12:44:22.681 [worker-akka.actor.default-dispatcher-13] WARN  c.s.f.r.e.s.SocketRear  - FlameSocketGraphDeployerRear@flamestream-benchmarks-worker-10: writing to closed log
12:44:22.711 [worker-akka.actor.default-dispatcher-13] WARN  c.s.f.r.e.s.SocketRear  - FlameSocketGraphDeployerRear@flamestream-benchmarks-worker-10: writing to closed log
12:44:22.712 [worker-akka.actor.default-dispatcher-13] WARN  c.s.f.r.e.s.SocketRear  - FlameSocketGraphDeployerRear@flamestream-benchmarks-worker-10: writing to closed log
12:44:22.712 [worker-akka.actor.default-dispatcher-13] WARN  c.s.f.r.e.s.SocketRear  - FlameSocketGraphDeployerRear@flamestream-benchmarks-worker-10: writing to closed log
12:44:22.750 [worker-akka.actor.default-dispatcher-13] WARN  c.s.f.r.e.s.SocketRear  - FlameSocketGraphDeployerRear@flamestream-benchmarks-worker-10: writing to closed log
12:44:22.750 [worker-akka.actor.default-dispatcher-13] WARN  c.s.f.r.e.s.SocketRear  - FlameSocketGraphDeployerRear@flamestream-benchmarks-worker-10: writing to closed log
12:44:22.762 [worker-akka.actor.default-dispatcher-13] WARN  c.s.f.r.e.s.SocketRear  - FlameSocketGraphDeployerRear@flamestream-benchmarks-worker-10: writing to closed log
12:44:22.763 [worker-akka.actor.default-dispatcher-13] WARN  c.s.f.r.e.s.SocketRear  - FlameSocketGraphDeployerRear@flamestream-benchmarks-worker-10: writing to closed log
12:44:22.765 [worker-akka.actor.default-dispatcher-13] WARN  c.s.f.r.e.s.SocketRear  - FlameSocketGraphDeployerRear@flamestream-benchmarks-worker-10: writing to closed log
12:44:22.791 [worker-akka.actor.default-dispatcher-13] WARN  c.s.f.r.e.s.SocketRear  - FlameSocketGraphDeployerRear@flamestream-benchmarks-worker-10: writing to closed log
12:44:22.792 [worker-akka.actor.default-dispatcher-13] WARN  c.s.f.r.e.s.SocketRear  - FlameSocketGraphDeployerRear@flamestream-benchmarks-worker-10: writing to closed log
12:44:22.792 [worker-akka.actor.default-dispatcher-13] WARN  c.s.f.r.e.s.SocketRear  - FlameSocketGraphDeployerRear@flamestream-benchmarks-worker-10: writing to closed log
12:44:22.793 [worker-akka.actor.default-dispatcher-13] WARN  c.s.f.r.e.s.SocketRear  - FlameSocketGraphDeployerRear@flamestream-benchmarks-worker-10: writing to closed log
12:44:22.794 [worker-akka.actor.default-dispatcher-13] WARN  c.s.f.r.e.s.SocketRear  - FlameSocketGraphDeployerRear@flamestream-benchmarks-worker-10: writing to closed log
12:44:22.795 [worker-akka.actor.default-dispatcher-13] WARN  c.s.f.r.e.s.SocketRear  - FlameSocketGraphDeployerRear@flamestream-benchmarks-worker-10: writing to closed log
12:44:22.795 [worker-akka.actor.default-dispatcher-13] WARN  c.s.f.r.e.s.SocketRear  - FlameSocketGraphDeployerRear@flamestream-benchmarks-worker-10: writing to closed log
12:44:22.795 [worker-akka.actor.default-dispatcher-13] WARN  c.s.f.r.e.s.SocketRear  - FlameSocketGraphDeployerRear@flamestream-benchmarks-worker-10: writing to closed log
2019-10-10T12:44:22.823+0000: 1019.137: [GC (Allocation Failure) 2019-10-10T12:44:22.823+0000: 1019.137: [DefNew: 409831K->168K(460800K), 0.0027936 secs] 464429K->54766K(1484800K), 0.0028723 secs] [Times: user=0.00 sys=0.00, real=0.00 secs] 
12:44:22.833 [worker-akka.actor.default-dispatcher-13] WARN  c.s.f.r.e.s.SocketRear  - FlameSocketGraphDeployerRear@flamestream-benchmarks-worker-10: writing to closed log
12:44:22.834 [worker-akka.actor.default-dispatcher-13] WARN  c.s.f.r.e.s.SocketRear  - FlameSocketGraphDeployerRear@flamestream-benchmarks-worker-10: writing to closed log
12:44:22.834 [worker-akka.actor.default-dispatcher-13] WARN  c.s.f.r.e.s.SocketRear  - FlameSocketGraphDeployerRear@flamestream-benchmarks-worker-10: writing to closed log
12:44:22.834 [worker-akka.actor.default-dispatcher-13] WARN  c.s.f.r.e.s.SocketRear  - FlameSocketGraphDeployerRear@flamestream-benchmarks-worker-10: writing to closed log
12:44:22.834 [worker-akka.actor.default-dispatcher-13] WARN  c.s.f.r.e.s.SocketRear  - FlameSocketGraphDeployerRear@flamestream-benchmarks-worker-10: writing to closed log
12:44:22.852 [worker-akka.actor.default-dispatcher-13] WARN  c.s.f.r.e.s.SocketRear  - FlameSocketGraphDeployerRear@flamestream-benchmarks-worker-10: writing to closed log
12:44:22.853 [worker-akka.actor.default-dispatcher-13] WARN  c.s.f.r.e.s.SocketRear  - FlameSocketGraphDeployerRear@flamestream-benchmarks-worker-10: writing to closed log
12:44:22.859 [worker-akka.actor.default-dispatcher-13] WARN  c.s.f.r.e.s.SocketRear  - FlameSocketGraphDeployerRear@flamestream-benchmarks-worker-10: writing to closed log
12:44:22.859 [worker-akka.actor.default-dispatcher-13] WARN  c.s.f.r.e.s.SocketRear  - FlameSocketGraphDeployerRear@flamestream-benchmarks-worker-10: writing to closed log
12:44:22.859 [worker-akka.actor.default-dispatcher-13] WARN  c.s.f.r.e.s.SocketRear  - FlameSocketGraphDeployerRear@flamestream-benchmarks-worker-10: writing to closed log
12:44:22.859 [worker-akka.actor.default-dispatcher-13] WARN  c.s.f.r.e.s.SocketRear  - FlameSocketGraphDeployerRear@flamestream-benchmarks-worker-10: writing to closed log
12:44:22.871 [worker-akka.actor.default-dispatcher-13] WARN  c.s.f.r.e.s.SocketRear  - FlameSocketGraphDeployerRear@flamestream-benchmarks-worker-10: writing to closed log
12:44:22.871 [worker-akka.actor.default-dispatcher-13] WARN  c.s.f.r.e.s.SocketRear  - FlameSocketGraphDeployerRear@flamestream-benchmarks-worker-10: writing to closed log
12:44:22.871 [worker-akka.actor.default-dispatcher-13] WARN  c.s.f.r.e.s.SocketRear  - FlameSocketGraphDeployerRear@flamestream-benchmarks-worker-10: writing to closed log
12:44:22.872 [worker-akka.actor.default-dispatcher-13] WARN  c.s.f.r.e.s.SocketRear  - FlameSocketGraphDeployerRear@flamestream-benchmarks-worker-10: writing to closed log
12:44:22.872 [worker-akka.actor.default-dispatcher-13] WARN  c.s.f.r.e.s.SocketRear  - FlameSocketGraphDeployerRear@flamestream-benchmarks-worker-10: writing to closed log
12:44:22.884 [worker-akka.actor.default-dispatcher-13] WARN  c.s.f.r.e.s.SocketRear  - FlameSocketGraphDeployerRear@flamestream-benchmarks-worker-10: writing to closed log
12:44:22.885 [worker-akka.actor.default-dispatcher-13] WARN  c.s.f.r.e.s.SocketRear  - FlameSocketGraphDeployerRear@flamestream-benchmarks-worker-10: writing to closed log
12:44:22.886 [worker-akka.actor.default-dispatcher-13] WARN  c.s.f.r.e.s.SocketRear  - FlameSocketGraphDeployerRear@flamestream-benchmarks-worker-10: writing to closed log
12:44:22.886 [worker-akka.actor.default-dispatcher-13] WARN  c.s.f.r.e.s.SocketRear  - FlameSocketGraphDeployerRear@flamestream-benchmarks-worker-10: writing to closed log
12:44:22.886 [worker-akka.actor.default-dispatcher-13] WARN  c.s.f.r.e.s.SocketRear  - FlameSocketGraphDeployerRear@flamestream-benchmarks-worker-10: writing to closed log
12:44:22.890 [worker-akka.actor.default-dispatcher-13] WARN  c.s.f.r.e.s.SocketRear  - FlameSocketGraphDeployerRear@flamestream-benchmarks-worker-10: writing to closed log
12:44:22.890 [worker-akka.actor.default-dispatcher-13] WARN  c.s.f.r.e.s.SocketRear  - FlameSocketGraphDeployerRear@flamestream-benchmarks-worker-10: writing to closed log
12:44:22.891 [worker-akka.actor.default-dispatcher-13] WARN  c.s.f.r.e.s.SocketRear  - FlameSocketGraphDeployerRear@flamestream-benchmarks-worker-10: writing to closed log
12:44:22.898 [worker-akka.actor.default-dispatcher-13] WARN  c.s.f.r.e.s.SocketRear  - FlameSocketGraphDeployerRear@flamestream-benchmarks-worker-10: writing to closed log
12:44:22.899 [worker-akka.actor.default-dispatcher-13] WARN  c.s.f.r.e.s.SocketRear  - FlameSocketGraphDeployerRear@flamestream-benchmarks-worker-10: writing to closed log
12:44:22.908 [worker-akka.actor.default-dispatcher-13] WARN  c.s.f.r.e.s.SocketRear  - FlameSocketGraphDeployerRear@flamestream-benchmarks-worker-10: writing to closed log
12:44:22.908 [worker-akka.actor.default-dispatcher-13] WARN  c.s.f.r.e.s.SocketRear  - FlameSocketGraphDeployerRear@flamestream-benchmarks-worker-10: writing to closed log
12:44:22.908 [worker-akka.actor.default-dispatcher-13] WARN  c.s.f.r.e.s.SocketRear  - FlameSocketGraphDeployerRear@flamestream-benchmarks-worker-10: writing to closed log
12:44:22.908 [worker-akka.actor.default-dispatcher-13] WARN  c.s.f.r.e.s.SocketRear  - FlameSocketGraphDeployerRear@flamestream-benchmarks-worker-10: writing to closed log
12:44:22.909 [worker-akka.actor.default-dispatcher-13] WARN  c.s.f.r.e.s.SocketRear  - FlameSocketGraphDeployerRear@flamestream-benchmarks-worker-10: writing to closed log
12:44:22.913 [worker-akka.actor.default-dispatcher-13] WARN  c.s.f.r.e.s.SocketRear  - FlameSocketGraphDeployerRear@flamestream-benchmarks-worker-10: writing to closed log
12:44:22.914 [worker-akka.actor.default-dispatcher-13] WARN  c.s.f.r.e.s.SocketRear  - FlameSocketGraphDeployerRear@flamestream-benchmarks-worker-10: writing to closed log
12:44:26.158 [worker-akka.actor.default-dispatcher-13] INFO  a.r.a.Association(akka://worker) akka.remote.artery.Association(akka://worker) - Association to [akka://worker@flamestream-benchmarks-worker-1:5412] having UID [2164622050406865559] has been stopped. All messages to this UID will be delivered to dead letters. Reason: ActorSystem terminated
12:44:26.247 [worker-akka.actor.default-dispatcher-13] INFO  a.r.a.Association(akka://worker) akka.remote.artery.Association(akka://worker) - Association to [akka://worker@flamestream-benchmarks-worker-2:5412] having UID [-4547469165035349574] has been stopped. All messages to this UID will be delivered to dead letters. Reason: ActorSystem terminated
12:44:26.427 [worker-akka.actor.default-dispatcher-13] INFO  a.r.a.Association(akka://worker) akka.remote.artery.Association(akka://worker) - Association to [akka://worker@flamestream-benchmarks-worker-4:5412] having UID [1879355718632016473] has been stopped. All messages to this UID will be delivered to dead letters. Reason: ActorSystem terminated
12:44:26.566 [worker-akka.actor.default-dispatcher-13] INFO  a.r.a.Association(akka://worker) akka.remote.artery.Association(akka://worker) - Association to [akka://worker@flamestream-benchmarks-worker-3:5412] having UID [5124950119994697808] has been stopped. All messages to this UID will be delivered to dead letters. Reason: ActorSystem terminated
12:44:26.946 [worker-akka.actor.default-dispatcher-13] INFO  a.r.a.Association(akka://worker) akka.remote.artery.Association(akka://worker) - Association to [akka://worker@flamestream-benchmarks-worker-0:5412] having UID [4919455313476746688] has been stopped. All messages to this UID will be delivered to dead letters. Reason: ActorSystem terminated
12:44:27.348 [worker-akka.actor.default-dispatcher-12] INFO  a.a.LocalActorRef akka://worker/user/watcher/processing-watcher/graph/negotiator - Stopped
12:44:27.350 [worker-akka.actor.default-dispatcher-9] INFO  a.a.LocalActorRef akka://worker/user/watcher/processing-watcher/graph/graph/$A - Stopped
12:44:27.350 [worker-akka.actor.default-dispatcher-9] INFO  a.a.LocalActorRef akka://worker/user/watcher/processing-watcher/graph/graph/$B - Stopped
12:44:27.351 [worker-akka.actor.default-dispatcher-9] INFO  a.a.LocalActorRef akka://worker/user/watcher/processing-watcher/graph/graph/$C - Stopped
12:44:27.351 [worker-akka.actor.default-dispatcher-9] INFO  a.a.LocalActorRef akka://worker/user/watcher/processing-watcher/graph/graph/$D - Stopped
12:44:27.351 [worker-akka.actor.default-dispatcher-9] INFO  a.a.LocalActorRef akka://worker/user/watcher/processing-watcher/graph/graph/$E - Stopped
12:44:27.351 [worker-akka.actor.default-dispatcher-12] INFO  a.a.LocalActorRef akka://worker/user/watcher/processing-watcher/graph/graph/$F - Stopped
12:44:27.351 [worker-akka.actor.default-dispatcher-12] INFO  a.a.LocalActorRef akka://worker/user/watcher/processing-watcher/graph/graph/$G - Stopped
12:44:27.351 [worker-akka.actor.default-dispatcher-12] INFO  a.a.LocalActorRef akka://worker/user/watcher/processing-watcher/graph/graph/$H - Stopped
12:44:27.351 [worker-akka.actor.default-dispatcher-12] INFO  a.a.LocalActorRef akka://worker/user/watcher/processing-watcher/graph/graph/$a - Stopped
12:44:27.351 [worker-akka.actor.default-dispatcher-12] INFO  a.a.LocalActorRef akka://worker/user/watcher/processing-watcher/graph/graph/$b - Stopped
12:44:27.351 [worker-akka.actor.default-dispatcher-13] INFO  a.a.LocalActorRef akka://worker/user/watcher/processing-watcher/graph/graph/$c - Stopped
12:44:27.351 [worker-akka.actor.default-dispatcher-13] INFO  a.a.LocalActorRef akka://worker/user/watcher/processing-watcher/graph/graph/$d - Stopped
12:44:27.352 [worker-akka.actor.default-dispatcher-13] INFO  a.a.LocalActorRef akka://worker/user/watcher/processing-watcher/graph/graph/$e - Stopped
12:44:27.352 [worker-akka.actor.default-dispatcher-13] INFO  a.a.LocalActorRef akka://worker/user/watcher/processing-watcher/graph/graph/$f - Stopped
12:44:27.352 [worker-akka.actor.default-dispatcher-13] INFO  a.a.LocalActorRef akka://worker/user/watcher/processing-watcher/graph/graph/$g - Stopped
12:44:27.352 [worker-akka.actor.default-dispatcher-13] INFO  a.a.LocalActorRef akka://worker/user/watcher/processing-watcher/graph/graph/$h - Stopped
12:44:27.353 [worker-akka.actor.default-dispatcher-13] INFO  a.a.LocalActorRef akka://worker/user/watcher/processing-watcher/graph/graph/$i - Stopped
12:44:27.353 [worker-akka.actor.default-dispatcher-13] INFO  a.a.LocalActorRef akka://worker/user/watcher/processing-watcher/graph/graph/$j - Stopped
12:44:27.353 [worker-akka.actor.default-dispatcher-13] INFO  a.a.LocalActorRef akka://worker/user/watcher/processing-watcher/graph/graph/$k - Stopped
12:44:27.353 [worker-akka.actor.default-dispatcher-13] INFO  a.a.LocalActorRef akka://worker/user/watcher/processing-watcher/graph/graph/$l - Stopped
12:44:27.353 [worker-akka.actor.default-dispatcher-13] INFO  a.a.LocalActorRef akka://worker/user/watcher/processing-watcher/graph/graph/$m - Stopped
12:44:27.353 [worker-akka.actor.default-dispatcher-13] INFO  a.a.LocalActorRef akka://worker/user/watcher/processing-watcher/graph/graph/$n - Stopped
12:44:27.354 [worker-akka.actor.default-dispatcher-13] INFO  a.a.LocalActorRef akka://worker/user/watcher/processing-watcher/graph/graph/$o - Stopped
12:44:27.357 [worker-akka.actor.default-dispatcher-13] INFO  a.a.LocalActorRef akka://worker/user/watcher/processing-watcher/graph/graph/$p - Stopped
12:44:27.358 [worker-akka.actor.default-dispatcher-13] INFO  a.a.LocalActorRef akka://worker/user/watcher/processing-watcher/graph/graph/$q - Stopped
12:44:27.364 [worker-akka.actor.default-dispatcher-8] INFO  a.a.LocalActorRef akka://worker/user/watcher/processing-watcher/graph/edge/FlameSocketGraphDeployerRear - Stopped
12:44:27.365 [worker-akka.actor.default-dispatcher-8] INFO  a.a.LocalActorRef akka://worker/user/watcher/processing-watcher/graph/graph/$r - Stopped
12:44:27.365 [worker-akka.actor.default-dispatcher-8] INFO  a.a.LocalActorRef akka://worker/user/watcher/processing-watcher/graph/graph/$s - Stopped
12:44:27.365 [worker-akka.actor.default-dispatcher-8] INFO  a.a.LocalActorRef akka://worker/user/watcher/processing-watcher/graph/graph/$t - Stopped
12:44:27.365 [worker-akka.actor.default-dispatcher-8] INFO  a.a.LocalActorRef akka://worker/user/watcher/processing-watcher/graph/graph/$u - Stopped
12:44:27.371 [worker-akka.actor.default-dispatcher-17] INFO  a.a.LocalActorRef akka://worker/user/watcher/processing-watcher/graph/graph/$v - Stopped
12:44:27.372 [worker-akka.actor.default-dispatcher-17] INFO  a.a.LocalActorRef akka://worker/user/watcher/processing-watcher/graph/graph/$w - Stopped
12:44:27.372 [worker-akka.actor.default-dispatcher-17] INFO  a.a.LocalActorRef akka://worker/user/watcher/processing-watcher/graph/graph/$x - Stopped
12:44:27.372 [worker-akka.actor.default-dispatcher-17] INFO  a.a.LocalActorRef akka://worker/user/watcher/processing-watcher/graph/graph/$y - Stopped
12:44:27.372 [worker-akka.actor.default-dispatcher-17] INFO  a.a.LocalActorRef akka://worker/user/watcher/processing-watcher/graph/graph/$z - Stopped
12:44:27.380 [worker-akka.actor.default-dispatcher-9] INFO  a.r.a.Association(akka://worker) akka.remote.artery.Association(akka://worker) - Association to [akka://worker@flamestream-benchmarks-worker-5:5412] having UID [508567141056831333] has been stopped. All messages to this UID will be delivered to dead letters. Reason: ActorSystem terminated
12:44:27.380 [worker-akka.actor.default-dispatcher-9] INFO  a.a.LocalActorRef akka://worker/user/watcher/processing-watcher/graph/graph - Stopped
12:44:27.394 [worker-akka.actor.default-dispatcher-13] INFO  a.a.LocalActorRef akka://worker/user/watcher/processing-watcher/graph/edge/FlameSocketGraphDeployerFront - Stopped
12:44:27.395 [worker-akka.actor.default-dispatcher-13] INFO  a.a.LocalActorRef akka://worker/user/watcher/processing-watcher/graph/edge - Stopped
12:44:27.396 [worker-akka.actor.default-dispatcher-13] INFO  a.a.LocalActorRef akka://worker/user/watcher/processing-watcher/graph - Stopped
12:44:27.397 [worker-akka.actor.default-dispatcher-20] INFO  a.a.LocalActorRef akka://worker/user/watcher/processing-watcher - Stopped
12:44:27.398 [Curator-Framework-0] INFO  o.a.c.f.i.CuratorFrameworkImpl  - backgroundOperationsLoop exiting
12:44:27.412 [Curator-PathChildrenCache-0] ERROR o.a.c.f.r.c.PathChildrenCache  - 
java.lang.IllegalStateException: instance must be started before calling this method
	at org.apache.curator.shaded.com.google.common.base.Preconditions.checkState(Preconditions.java:444)
	at org.apache.curator.framework.imps.CuratorFrameworkImpl.getChildren(CuratorFrameworkImpl.java:456)
	at org.apache.curator.framework.recipes.cache.PathChildrenCache.refresh(PathChildrenCache.java:521)
	at org.apache.curator.framework.recipes.cache.RefreshOperation.invoke(RefreshOperation.java:35)
	at org.apache.curator.framework.recipes.cache.PathChildrenCache$9.run(PathChildrenCache.java:786)
	at java.util.concurrent.Executors$RunnableAdapter.call(Executors.java:511)
	at java.util.concurrent.FutureTask.run(FutureTask.java:266)
	at java.util.concurrent.Executors$RunnableAdapter.call(Executors.java:511)
	at java.util.concurrent.FutureTask.run(FutureTask.java:266)
	at java.util.concurrent.ThreadPoolExecutor.runWorker(ThreadPoolExecutor.java:1149)
	at java.util.concurrent.ThreadPoolExecutor$Worker.run(ThreadPoolExecutor.java:624)
	at java.lang.Thread.run(Thread.java:748)
12:44:27.412 [worker-akka.actor.default-dispatcher-5-EventThread] INFO  o.a.z.ClientCnxn  - EventThread shut down for session: 0x100005c675e000a
12:44:27.412 [worker-akka.actor.default-dispatcher-13] INFO  o.a.z.ZooKeeper  - Session: 0x100005c675e000a closed
12:44:27.414 [worker-akka.actor.default-dispatcher-23] INFO  a.a.RepointableActorRef akka://worker/user/watcher - Stopped
12:44:27.424 [worker-akka.actor.default-dispatcher-13] INFO  a.r.RemoteActorRefProvider$RemotingTerminator akka://worker@flamestream-benchmarks-worker-10:5412/system/remoting-terminator - Shutting down remote daemon.
12:44:27.424 [worker-akka.actor.default-dispatcher-13] INFO  a.r.RemoteActorRefProvider$RemotingTerminator akka://worker@flamestream-benchmarks-worker-10:5412/system/remoting-terminator - Remote daemon shut down; proceeding with flushing remote transports.
12:44:28.600 [worker-akka.actor.default-dispatcher-13] INFO  a.r.RemoteActorRefProvider$RemotingTerminator akka://worker@flamestream-benchmarks-worker-10:5412/system/remoting-terminator - Remoting shut down.
Heap
 def new generation   total 460800K, used 36329K [0x00000000a2400000, 0x00000000c1800000, 0x00000000c1800000)
  eden space 409600K,   8% used [0x00000000a2400000, 0x00000000a47505b0, 0x00000000bb400000)
  from space 51200K,   0% used [0x00000000bb400000, 0x00000000bb42a088, 0x00000000be600000)
  to   space 51200K,   0% used [0x00000000be600000, 0x00000000be600000, 0x00000000c1800000)
 tenured generation   total 1024000K, used 54598K [0x00000000c1800000, 0x0000000100000000, 0x0000000100000000)
   the space 1024000K,   5% used [0x00000000c1800000, 0x00000000c4d51960, 0x00000000c4d51a00, 0x0000000100000000)
 Metaspace       used 40690K, capacity 43498K, committed 43648K, reserved 1087488K
  class space    used 5344K, capacity 5665K, committed 5760K, reserved 1048576K
