13:06:05,419 |-INFO in ch.qos.logback.classic.LoggerContext[default] - Could NOT find resource [logback-test.xml]
13:06:05,420 |-INFO in ch.qos.logback.classic.LoggerContext[default] - Could NOT find resource [logback.groovy]
13:06:05,420 |-INFO in ch.qos.logback.classic.LoggerContext[default] - Found resource [logback.xml] at [jar:file:/home/nikitasokolov/flamestream/lib/flamestream-runtime-1.0-SNAPSHOT.jar!/logback.xml]
13:06:05,420 |-WARN in ch.qos.logback.classic.LoggerContext[default] - Resource [logback.xml] occurs multiple times on the classpath.
13:06:05,420 |-WARN in ch.qos.logback.classic.LoggerContext[default] - Resource [logback.xml] occurs at [jar:file:/home/nikitasokolov/flamestream/lib/flamestream-runtime-1.0-SNAPSHOT.jar!/logback.xml]
13:06:05,421 |-WARN in ch.qos.logback.classic.LoggerContext[default] - Resource [logback.xml] occurs at [jar:file:/home/nikitasokolov/flamestream/flamestream-runtime-1.0-SNAPSHOT.jar!/logback.xml]
13:06:05,437 |-INFO in ch.qos.logback.core.joran.spi.ConfigurationWatchList@6108b2d7 - URL [jar:file:/home/nikitasokolov/flamestream/lib/flamestream-runtime-1.0-SNAPSHOT.jar!/logback.xml] is not of type file
13:06:05,487 |-INFO in ch.qos.logback.classic.joran.action.ConfigurationAction - debug attribute not set
13:06:05,488 |-INFO in ch.qos.logback.core.joran.action.AppenderAction - About to instantiate appender of type [ch.qos.logback.core.ConsoleAppender]
13:06:05,495 |-INFO in ch.qos.logback.core.joran.action.AppenderAction - Naming appender as [STDOUT]
13:06:05,503 |-INFO in ch.qos.logback.core.joran.action.NestedComplexPropertyIA - Assuming default type [ch.qos.logback.classic.encoder.PatternLayoutEncoder] for [encoder] property
13:06:05,559 |-INFO in ch.qos.logback.core.joran.action.AppenderAction - About to instantiate appender of type [ch.qos.logback.core.rolling.RollingFileAppender]
13:06:05,564 |-INFO in ch.qos.logback.core.joran.action.AppenderAction - Naming appender as [FILE]
13:06:05,587 |-INFO in c.q.l.core.rolling.TimeBasedRollingPolicy@357863579 - No compression will be used
13:06:05,588 |-INFO in c.q.l.core.rolling.TimeBasedRollingPolicy@357863579 - Will use the pattern /tmp/application_%d{yyyy-MM-dd}.%i.log for the active file
13:06:05,591 |-INFO in ch.qos.logback.core.rolling.SizeAndTimeBasedFNATP@6bf256fa - The date pattern is 'yyyy-MM-dd' from file name pattern '/tmp/application_%d{yyyy-MM-dd}.%i.log'.
13:06:05,591 |-INFO in ch.qos.logback.core.rolling.SizeAndTimeBasedFNATP@6bf256fa - Roll-over at midnight.
13:06:05,595 |-INFO in ch.qos.logback.core.rolling.SizeAndTimeBasedFNATP@6bf256fa - Setting initial period to Sun Jun 09 13:05:27 MSK 2019
13:06:05,595 |-WARN in ch.qos.logback.core.rolling.SizeAndTimeBasedFNATP@6bf256fa - SizeAndTimeBasedFNATP is deprecated. Use SizeAndTimeBasedRollingPolicy instead
13:06:05,595 |-WARN in ch.qos.logback.core.rolling.SizeAndTimeBasedFNATP@6bf256fa - For more information see http://logback.qos.ch/manual/appenders.html#SizeAndTimeBasedRollingPolicy
13:06:05,599 |-INFO in ch.qos.logback.core.joran.action.NestedComplexPropertyIA - Assuming default type [ch.qos.logback.classic.encoder.PatternLayoutEncoder] for [encoder] property
13:06:05,602 |-INFO in ch.qos.logback.core.rolling.RollingFileAppender[FILE] - Active log file name: /tmp/application.log
13:06:05,602 |-INFO in ch.qos.logback.core.rolling.RollingFileAppender[FILE] - File property is set to [/tmp/application.log]
13:06:05,604 |-INFO in ch.qos.logback.classic.joran.action.RootLoggerAction - Setting level of ROOT logger to WARN
13:06:05,604 |-INFO in ch.qos.logback.core.joran.action.AppenderRefAction - Attaching appender named [STDOUT] to Logger[ROOT]
13:06:05,605 |-INFO in ch.qos.logback.core.joran.action.AppenderRefAction - Attaching appender named [FILE] to Logger[ROOT]
13:06:05,605 |-INFO in ch.qos.logback.classic.joran.action.ConfigurationAction - End of configuration.
13:06:05,606 |-INFO in ch.qos.logback.classic.joran.JoranConfigurator@6cd8737 - Registering current configuration as safe fallback point

2019-06-09T13:06:06.571+0300: 1.360: [GC (Metadata GC Threshold) [PSYoungGen: 110722K->15974K(149504K)] 110722K->16054K(491008K), 0.0221126 secs] [Times: user=0.10 sys=0.01, real=0.02 secs] 
2019-06-09T13:06:06.593+0300: 1.382: [Full GC (Metadata GC Threshold) [PSYoungGen: 15974K->0K(149504K)] [ParOldGen: 80K->15078K(341504K)] 16054K->15078K(491008K), [Metaspace: 20806K->20806K(1067008K)], 0.0276275 secs] [Times: user=0.15 sys=0.02, real=0.03 secs] 
13:06:18.934 [Curator-PathChildrenCache-1] WARN  o.a.c.u.ZKPaths  - The version of ZooKeeper being used doesn't support Container nodes. CreateMode.PERSISTENT will be used instead.
2019-06-09T13:06:19.895+0300: 14.684: [GC (Metadata GC Threshold) [PSYoungGen: 124448K->20971K(149504K)] 139526K->50079K(491008K), 0.0242329 secs] [Times: user=0.26 sys=0.04, real=0.03 secs] 
2019-06-09T13:06:19.919+0300: 14.708: [Full GC (Metadata GC Threshold) [PSYoungGen: 20971K->0K(149504K)] [ParOldGen: 29108K->38951K(341504K)] 50079K->38951K(491008K), [Metaspace: 34560K->34560K(1079296K)], 0.0361781 secs] [Times: user=0.15 sys=0.01, real=0.03 secs] 
2019-06-09T13:06:22.011+0300: 16.800: [GC (Allocation Failure) [PSYoungGen: 128512K->544K(149504K)] 167463K->39503K(491008K), 0.0033618 secs] [Times: user=0.01 sys=0.00, real=0.00 secs] 
2019-06-09T13:06:24.388+0300: 19.177: [GC (Allocation Failure) [PSYoungGen: 129056K->512K(149504K)] 168015K->39479K(491008K), 0.0039331 secs] [Times: user=0.02 sys=0.00, real=0.01 secs] 
2019-06-09T13:06:26.234+0300: 21.023: [GC (Allocation Failure) [PSYoungGen: 129024K->448K(129024K)] 167991K->39415K(470528K), 0.0034723 secs] [Times: user=0.02 sys=0.00, real=0.00 secs] 
2019-06-09T13:06:28.057+0300: 22.846: [GC (Allocation Failure) [PSYoungGen: 128960K->512K(132608K)] 167927K->39479K(474112K), 0.0032377 secs] [Times: user=0.01 sys=0.00, real=0.01 secs] 
2019-06-09T13:06:29.581+0300: 24.370: [GC (Allocation Failure) [PSYoungGen: 93184K->608K(130560K)] 132151K->39575K(472064K), 0.0707728 secs] [Times: user=0.00 sys=0.02, real=0.07 secs] 
2019-06-09T13:06:30.724+0300: 25.513: [GC (Allocation Failure) [PSYoungGen: 93280K->544K(136704K)] 132247K->39519K(478208K), 0.0028087 secs] [Times: user=0.02 sys=0.00, real=0.00 secs] 
2019-06-09T13:06:32.210+0300: 26.999: [GC (Allocation Failure) [PSYoungGen: 101408K->704K(134656K)] 140383K->39679K(476160K), 0.0051720 secs] [Times: user=0.04 sys=0.00, real=0.00 secs] 
2019-06-09T13:06:33.629+0300: 28.418: [GC (Allocation Failure) [PSYoungGen: 101568K->512K(140288K)] 140543K->39487K(481792K), 0.0034681 secs] [Times: user=0.01 sys=0.00, real=0.01 secs] 
2019-06-09T13:06:35.255+0300: 30.044: [GC (Allocation Failure) [PSYoungGen: 109056K->416K(138752K)] 148031K->39391K(480256K), 0.0037379 secs] [Times: user=0.01 sys=0.01, real=0.01 secs] 
2019-06-09T13:06:37.108+0300: 31.897: [GC (Allocation Failure) [PSYoungGen: 108960K->576K(143360K)] 147935K->39559K(484864K), 0.0030341 secs] [Times: user=0.02 sys=0.01, real=0.01 secs] 
13:06:43.127 [Curator-PathChildrenCache-0] ERROR o.a.c.f.r.c.PathChildrenCache  - 
java.lang.IllegalStateException: instance must be started before calling this method
	at org.apache.curator.shaded.com.google.common.base.Preconditions.checkState(Preconditions.java:444)
	at org.apache.curator.framework.imps.CuratorFrameworkImpl.getChildren(CuratorFrameworkImpl.java:456)
	at org.apache.curator.framework.recipes.cache.PathChildrenCache.refresh(PathChildrenCache.java:521)
	at org.apache.curator.framework.recipes.cache.RefreshOperation.invoke(RefreshOperation.java:35)
	at org.apache.curator.framework.recipes.cache.PathChildrenCache$9.run(PathChildrenCache.java:786)
	at java.util.concurrent.Executors$RunnableAdapter.call(Executors.java:511)
	at java.util.concurrent.FutureTask.run(FutureTask.java:266)
	at java.util.concurrent.Executors$RunnableAdapter.call(Executors.java:511)
	at java.util.concurrent.FutureTask.run(FutureTask.java:266)
	at java.util.concurrent.ThreadPoolExecutor.runWorker(ThreadPoolExecutor.java:1149)
	at java.util.concurrent.ThreadPoolExecutor$Worker.run(ThreadPoolExecutor.java:624)
	at java.lang.Thread.run(Thread.java:748)
Heap
 PSYoungGen      total 143360K, used 55525K [0x00000000f5980000, 0x0000000100000000, 0x0000000100000000)
  eden space 114688K, 47% used [0x00000000f5980000,0x00000000f8f296b8,0x00000000fc980000)
  from space 28672K, 2% used [0x00000000fe400000,0x00000000fe490010,0x0000000100000000)
  to   space 27136K, 0% used [0x00000000fc980000,0x00000000fc980000,0x00000000fe400000)
 ParOldGen       total 341504K, used 38983K [0x00000000e0c00000, 0x00000000f5980000, 0x00000000f5980000)
  object space 341504K, 11% used [0x00000000e0c00000,0x00000000e3211e40,0x00000000f5980000)
 Metaspace       used 35700K, capacity 36550K, committed 36952K, reserved 1081344K
  class space    used 4933K, capacity 5129K, committed 5248K, reserved 1048576K
