05:26:24,968 |-INFO in ch.qos.logback.classic.LoggerContext[default] - Could NOT find resource [logback-test.xml]
05:26:24,968 |-INFO in ch.qos.logback.classic.LoggerContext[default] - Could NOT find resource [logback.groovy]
05:26:24,968 |-INFO in ch.qos.logback.classic.LoggerContext[default] - Found resource [logback.xml] at [jar:file:/root/flamestream/lib/flamestream-runtime-1.0-SNAPSHOT.jar!/logback.xml]
05:26:24,969 |-WARN in ch.qos.logback.classic.LoggerContext[default] - Resource [logback.xml] occurs multiple times on the classpath.
05:26:24,969 |-WARN in ch.qos.logback.classic.LoggerContext[default] - Resource [logback.xml] occurs at [jar:file:/root/flamestream/lib/flamestream-runtime-1.0-SNAPSHOT.jar!/logback.xml]
05:26:24,969 |-WARN in ch.qos.logback.classic.LoggerContext[default] - Resource [logback.xml] occurs at [jar:file:/root/flamestream/flamestream-runtime-1.0-SNAPSHOT.jar!/logback.xml]
05:26:24,988 |-INFO in ch.qos.logback.core.joran.spi.ConfigurationWatchList@3fb6a447 - URL [jar:file:/root/flamestream/lib/flamestream-runtime-1.0-SNAPSHOT.jar!/logback.xml] is not of type file
05:26:25,053 |-INFO in ch.qos.logback.classic.joran.action.ConfigurationAction - debug attribute not set
05:26:25,053 |-INFO in ch.qos.logback.core.joran.action.AppenderAction - About to instantiate appender of type [ch.qos.logback.core.ConsoleAppender]
05:26:25,071 |-INFO in ch.qos.logback.core.joran.action.AppenderAction - Naming appender as [STDOUT]
05:26:25,092 |-INFO in ch.qos.logback.core.joran.action.NestedComplexPropertyIA - Assuming default type [ch.qos.logback.classic.encoder.PatternLayoutEncoder] for [encoder] property
05:26:25,177 |-INFO in ch.qos.logback.core.joran.action.AppenderAction - About to instantiate appender of type [ch.qos.logback.core.rolling.RollingFileAppender]
05:26:25,182 |-INFO in ch.qos.logback.core.joran.action.AppenderAction - Naming appender as [FILE]
05:26:25,213 |-INFO in c.q.l.core.rolling.TimeBasedRollingPolicy@127618319 - No compression will be used
05:26:25,214 |-INFO in c.q.l.core.rolling.TimeBasedRollingPolicy@127618319 - Will use the pattern /tmp/application_%d{yyyy-MM-dd}.%i.log for the active file
05:26:25,217 |-INFO in ch.qos.logback.core.rolling.SizeAndTimeBasedFNATP@6b2fad11 - The date pattern is 'yyyy-MM-dd' from file name pattern '/tmp/application_%d{yyyy-MM-dd}.%i.log'.
05:26:25,217 |-INFO in ch.qos.logback.core.rolling.SizeAndTimeBasedFNATP@6b2fad11 - Roll-over at midnight.
05:26:25,222 |-INFO in ch.qos.logback.core.rolling.SizeAndTimeBasedFNATP@6b2fad11 - Setting initial period to Tue Jun 11 05:25:10 UTC 2019
05:26:25,222 |-WARN in ch.qos.logback.core.rolling.SizeAndTimeBasedFNATP@6b2fad11 - SizeAndTimeBasedFNATP is deprecated. Use SizeAndTimeBasedRollingPolicy instead
05:26:25,222 |-WARN in ch.qos.logback.core.rolling.SizeAndTimeBasedFNATP@6b2fad11 - For more information see http://logback.qos.ch/manual/appenders.html#SizeAndTimeBasedRollingPolicy
05:26:25,226 |-INFO in ch.qos.logback.core.joran.action.NestedComplexPropertyIA - Assuming default type [ch.qos.logback.classic.encoder.PatternLayoutEncoder] for [encoder] property
05:26:25,231 |-INFO in ch.qos.logback.core.rolling.RollingFileAppender[FILE] - Active log file name: /tmp/application.log
05:26:25,231 |-INFO in ch.qos.logback.core.rolling.RollingFileAppender[FILE] - File property is set to [/tmp/application.log]
05:26:25,232 |-INFO in ch.qos.logback.classic.joran.action.RootLoggerAction - Setting level of ROOT logger to WARN
05:26:25,232 |-INFO in ch.qos.logback.core.joran.action.AppenderRefAction - Attaching appender named [STDOUT] to Logger[ROOT]
05:26:25,234 |-INFO in ch.qos.logback.core.joran.action.AppenderRefAction - Attaching appender named [FILE] to Logger[ROOT]
05:26:25,234 |-INFO in ch.qos.logback.classic.joran.action.ConfigurationAction - End of configuration.
05:26:25,235 |-INFO in ch.qos.logback.classic.joran.JoranConfigurator@79698539 - Registering current configuration as safe fallback point

Ama winner
Ama winner
2019-06-11T05:26:26.600+0000: 1.826: [Full GC (Metadata GC Threshold) 2019-06-11T05:26:26.600+0000: 1.826: [Tenured: 0K->15239K(341376K), 0.0415086 secs] 114986K->15239K(494976K), [Metaspace: 20729K->20729K(1067008K)], 0.0416001 secs] [Times: user=0.04 sys=0.00, real=0.04 secs] 
05:26:40.390 [Curator-PathChildrenCache-1] WARN  o.a.c.u.ZKPaths  - The version of ZooKeeper being used doesn't support Container nodes. CreateMode.PERSISTENT will be used instead.
2019-06-11T05:26:42.737+0000: 17.963: [GC (Allocation Failure) 2019-06-11T05:26:42.737+0000: 17.963: [DefNew: 136576K->17023K(153600K), 0.0257847 secs] 151815K->52636K(494976K), 0.0258679 secs] [Times: user=0.02 sys=0.01, real=0.02 secs] 
2019-06-11T05:26:45.087+0000: 20.312: [Full GC (Metadata GC Threshold) 2019-06-11T05:26:45.087+0000: 20.312: [Tenured: 35612K->44319K(341376K), 0.0462998 secs] 107294K->44319K(494976K), [Metaspace: 34602K->34602K(1079296K)], 0.0463763 secs] [Times: user=0.04 sys=0.00, real=0.04 secs] 
2019-06-11T05:26:51.126+0000: 26.351: [GC (Allocation Failure) 2019-06-11T05:26:51.126+0000: 26.351: [DefNew: 136576K->76K(153600K), 0.0019134 secs] 180895K->44396K(494976K), 0.0019804 secs] [Times: user=0.00 sys=0.00, real=0.00 secs] 
2019-06-11T05:26:57.191+0000: 32.417: [GC (Allocation Failure) 2019-06-11T05:26:57.191+0000: 32.417: [DefNew: 136652K->81K(153600K), 0.0019160 secs] 180972K->44400K(494976K), 0.0019729 secs] [Times: user=0.00 sys=0.00, real=0.00 secs] 
2019-06-11T05:27:03.289+0000: 38.514: [GC (Allocation Failure) 2019-06-11T05:27:03.289+0000: 38.514: [DefNew: 136657K->82K(153600K), 0.0018154 secs] 180976K->44401K(494976K), 0.0018724 secs] [Times: user=0.01 sys=0.00, real=0.00 secs] 
2019-06-11T05:27:09.379+0000: 44.605: [GC (Allocation Failure) 2019-06-11T05:27:09.379+0000: 44.605: [DefNew: 136658K->79K(153600K), 0.0019185 secs] 180977K->44398K(494976K), 0.0019781 secs] [Times: user=0.00 sys=0.00, real=0.00 secs] 
2019-06-11T05:27:15.707+0000: 50.933: [GC (Allocation Failure) 2019-06-11T05:27:15.707+0000: 50.933: [DefNew: 136655K->79K(153600K), 0.0018952 secs] 180974K->44398K(494976K), 0.0019580 secs] [Times: user=0.01 sys=0.00, real=0.00 secs] 
05:27:25.778 [Curator-PathChildrenCache-0] ERROR o.a.c.f.r.c.PathChildrenCache  - 
java.lang.IllegalStateException: instance must be started before calling this method
	at org.apache.curator.shaded.com.google.common.base.Preconditions.checkState(Preconditions.java:444)
	at org.apache.curator.framework.imps.CuratorFrameworkImpl.getChildren(CuratorFrameworkImpl.java:456)
	at org.apache.curator.framework.recipes.cache.PathChildrenCache.refresh(PathChildrenCache.java:521)
	at org.apache.curator.framework.recipes.cache.RefreshOperation.invoke(RefreshOperation.java:35)
	at org.apache.curator.framework.recipes.cache.PathChildrenCache$9.run(PathChildrenCache.java:786)
	at java.util.concurrent.Executors$RunnableAdapter.call(Executors.java:511)
	at java.util.concurrent.FutureTask.run(FutureTask.java:266)
	at java.util.concurrent.Executors$RunnableAdapter.call(Executors.java:511)
	at java.util.concurrent.FutureTask.run(FutureTask.java:266)
	at java.util.concurrent.ThreadPoolExecutor.runWorker(ThreadPoolExecutor.java:1149)
	at java.util.concurrent.ThreadPoolExecutor$Worker.run(ThreadPoolExecutor.java:624)
	at java.lang.Thread.run(Thread.java:748)
Heap
 def new generation   total 153600K, used 81054K [0x00000000e0c00000, 0x00000000eb2a0000, 0x00000000eb2a0000)
  eden space 136576K,  59% used [0x00000000e0c00000, 0x00000000e5b13db0, 0x00000000e9160000)
  from space 17024K,   0% used [0x00000000e9160000, 0x00000000e9173d58, 0x00000000ea200000)
  to   space 17024K,   0% used [0x00000000ea200000, 0x00000000ea200000, 0x00000000eb2a0000)
 tenured generation   total 341376K, used 44319K [0x00000000eb2a0000, 0x0000000100000000, 0x0000000100000000)
   the space 341376K,  12% used [0x00000000eb2a0000, 0x00000000edde7c50, 0x00000000edde7e00, 0x0000000100000000)
 Metaspace       used 36054K, capacity 36978K, committed 37120K, reserved 1081344K
  class space    used 4840K, capacity 5045K, committed 5120K, reserved 1048576K
