13:14:49,295 |-INFO in ch.qos.logback.classic.LoggerContext[default] - Could NOT find resource [logback-test.xml]
13:14:49,295 |-INFO in ch.qos.logback.classic.LoggerContext[default] - Could NOT find resource [logback.groovy]
13:14:49,295 |-INFO in ch.qos.logback.classic.LoggerContext[default] - Found resource [logback.xml] at [jar:file:/root/flamestream/lib/flamestream-runtime-1.0-SNAPSHOT.jar!/logback.xml]
13:14:49,296 |-WARN in ch.qos.logback.classic.LoggerContext[default] - Resource [logback.xml] occurs multiple times on the classpath.
13:14:49,296 |-WARN in ch.qos.logback.classic.LoggerContext[default] - Resource [logback.xml] occurs at [jar:file:/root/flamestream/lib/flamestream-runtime-1.0-SNAPSHOT.jar!/logback.xml]
13:14:49,296 |-WARN in ch.qos.logback.classic.LoggerContext[default] - Resource [logback.xml] occurs at [jar:file:/root/flamestream/flamestream-runtime-1.0-SNAPSHOT.jar!/logback.xml]
13:14:49,315 |-INFO in ch.qos.logback.core.joran.spi.ConfigurationWatchList@3fb6a447 - URL [jar:file:/root/flamestream/lib/flamestream-runtime-1.0-SNAPSHOT.jar!/logback.xml] is not of type file
13:14:49,381 |-INFO in ch.qos.logback.classic.joran.action.ConfigurationAction - debug attribute not set
13:14:49,382 |-INFO in ch.qos.logback.core.joran.action.AppenderAction - About to instantiate appender of type [ch.qos.logback.core.ConsoleAppender]
13:14:49,398 |-INFO in ch.qos.logback.core.joran.action.AppenderAction - Naming appender as [STDOUT]
13:14:49,417 |-INFO in ch.qos.logback.core.joran.action.NestedComplexPropertyIA - Assuming default type [ch.qos.logback.classic.encoder.PatternLayoutEncoder] for [encoder] property
13:14:49,504 |-INFO in ch.qos.logback.core.joran.action.AppenderAction - About to instantiate appender of type [ch.qos.logback.core.rolling.RollingFileAppender]
13:14:49,509 |-INFO in ch.qos.logback.core.joran.action.AppenderAction - Naming appender as [FILE]
13:14:49,539 |-INFO in c.q.l.core.rolling.TimeBasedRollingPolicy@127618319 - No compression will be used
13:14:49,541 |-INFO in c.q.l.core.rolling.TimeBasedRollingPolicy@127618319 - Will use the pattern /tmp/application_%d{yyyy-MM-dd}.%i.log for the active file
13:14:49,544 |-INFO in ch.qos.logback.core.rolling.SizeAndTimeBasedFNATP@6b2fad11 - The date pattern is 'yyyy-MM-dd' from file name pattern '/tmp/application_%d{yyyy-MM-dd}.%i.log'.
13:14:49,544 |-INFO in ch.qos.logback.core.rolling.SizeAndTimeBasedFNATP@6b2fad11 - Roll-over at midnight.
13:14:49,549 |-INFO in ch.qos.logback.core.rolling.SizeAndTimeBasedFNATP@6b2fad11 - Setting initial period to Mon Jun 10 13:13:30 UTC 2019
13:14:49,549 |-WARN in ch.qos.logback.core.rolling.SizeAndTimeBasedFNATP@6b2fad11 - SizeAndTimeBasedFNATP is deprecated. Use SizeAndTimeBasedRollingPolicy instead
13:14:49,549 |-WARN in ch.qos.logback.core.rolling.SizeAndTimeBasedFNATP@6b2fad11 - For more information see http://logback.qos.ch/manual/appenders.html#SizeAndTimeBasedRollingPolicy
13:14:49,553 |-INFO in ch.qos.logback.core.joran.action.NestedComplexPropertyIA - Assuming default type [ch.qos.logback.classic.encoder.PatternLayoutEncoder] for [encoder] property
13:14:49,558 |-INFO in ch.qos.logback.core.rolling.RollingFileAppender[FILE] - Active log file name: /tmp/application.log
13:14:49,558 |-INFO in ch.qos.logback.core.rolling.RollingFileAppender[FILE] - File property is set to [/tmp/application.log]
13:14:49,559 |-INFO in ch.qos.logback.classic.joran.action.RootLoggerAction - Setting level of ROOT logger to WARN
13:14:49,559 |-INFO in ch.qos.logback.core.joran.action.AppenderRefAction - Attaching appender named [STDOUT] to Logger[ROOT]
13:14:49,561 |-INFO in ch.qos.logback.core.joran.action.AppenderRefAction - Attaching appender named [FILE] to Logger[ROOT]
13:14:49,561 |-INFO in ch.qos.logback.classic.joran.action.ConfigurationAction - End of configuration.
13:14:49,561 |-INFO in ch.qos.logback.classic.joran.JoranConfigurator@79698539 - Registering current configuration as safe fallback point

Ama winner
Ama winner
2019-06-10T13:14:51.171+0000: 2.063: [Full GC (Metadata GC Threshold) 2019-06-10T13:14:51.171+0000: 2.063: [Tenured: 0K->15144K(341376K), 0.0397200 secs] 117719K->15144K(494976K), [Metaspace: 20732K->20732K(1067008K)], 0.0397908 secs] [Times: user=0.03 sys=0.01, real=0.04 secs] 
13:15:12.339 [Curator-PathChildrenCache-1] WARN  o.a.c.u.ZKPaths  - The version of ZooKeeper being used doesn't support Container nodes. CreateMode.PERSISTENT will be used instead.
2019-06-10T13:15:14.844+0000: 25.736: [GC (Allocation Failure) 2019-06-10T13:15:14.844+0000: 25.736: [DefNew: 136576K->17023K(153600K), 0.0278295 secs] 151720K->52891K(494976K), 0.0279132 secs] [Times: user=0.02 sys=0.01, real=0.03 secs] 
2019-06-10T13:15:16.356+0000: 27.248: [Full GC (Metadata GC Threshold) 2019-06-10T13:15:16.356+0000: 27.248: [Tenured: 35867K->44854K(341376K), 0.0502255 secs] 83358K->44854K(494976K), [Metaspace: 34605K->34605K(1079296K)], 0.0503102 secs] [Times: user=0.05 sys=0.00, real=0.05 secs] 
2019-06-10T13:15:24.752+0000: 35.644: [GC (Allocation Failure) 2019-06-10T13:15:24.752+0000: 35.644: [DefNew: 136576K->67K(153600K), 0.0018676 secs] 181430K->44921K(494976K), 0.0019289 secs] [Times: user=0.00 sys=0.00, real=0.00 secs] 
2019-06-10T13:15:33.265+0000: 44.157: [GC (Allocation Failure) 2019-06-10T13:15:33.265+0000: 44.157: [DefNew: 136643K->66K(153600K), 0.0017652 secs] 181497K->44920K(494976K), 0.0018263 secs] [Times: user=0.01 sys=0.00, real=0.00 secs] 
2019-06-10T13:15:41.786+0000: 52.678: [GC (Allocation Failure) 2019-06-10T13:15:41.786+0000: 52.678: [DefNew: 136642K->65K(153600K), 0.0017768 secs] 181496K->44920K(494976K), 0.0018378 secs] [Times: user=0.00 sys=0.00, real=0.00 secs] 
2019-06-10T13:15:50.320+0000: 61.212: [GC (Allocation Failure) 2019-06-10T13:15:50.320+0000: 61.212: [DefNew: 136641K->66K(153600K), 0.0017744 secs] 181496K->44920K(494976K), 0.0018351 secs] [Times: user=0.00 sys=0.00, real=0.00 secs] 
2019-06-10T13:16:00.076+0000: 70.968: [GC (Allocation Failure) 2019-06-10T13:16:00.076+0000: 70.968: [DefNew: 136642K->400K(153600K), 0.0023864 secs] 181496K->45254K(494976K), 0.0024522 secs] [Times: user=0.00 sys=0.00, real=0.01 secs] 
2019-06-10T13:16:10.190+0000: 81.082: [GC (Allocation Failure) 2019-06-10T13:16:10.190+0000: 81.082: [DefNew: 136976K->160K(153600K), 0.0020834 secs] 181830K->45014K(494976K), 0.0021448 secs] [Times: user=0.00 sys=0.00, real=0.01 secs] 
13:16:22.488 [Curator-PathChildrenCache-0] ERROR o.a.c.f.r.c.PathChildrenCache  - 
java.lang.IllegalStateException: instance must be started before calling this method
	at org.apache.curator.shaded.com.google.common.base.Preconditions.checkState(Preconditions.java:444)
	at org.apache.curator.framework.imps.CuratorFrameworkImpl.getChildren(CuratorFrameworkImpl.java:456)
	at org.apache.curator.framework.recipes.cache.PathChildrenCache.refresh(PathChildrenCache.java:521)
	at org.apache.curator.framework.recipes.cache.RefreshOperation.invoke(RefreshOperation.java:35)
	at org.apache.curator.framework.recipes.cache.PathChildrenCache$9.run(PathChildrenCache.java:786)
	at java.util.concurrent.Executors$RunnableAdapter.call(Executors.java:511)
	at java.util.concurrent.FutureTask.run(FutureTask.java:266)
	at java.util.concurrent.Executors$RunnableAdapter.call(Executors.java:511)
	at java.util.concurrent.FutureTask.run(FutureTask.java:266)
	at java.util.concurrent.ThreadPoolExecutor.runWorker(ThreadPoolExecutor.java:1149)
	at java.util.concurrent.ThreadPoolExecutor$Worker.run(ThreadPoolExecutor.java:624)
	at java.lang.Thread.run(Thread.java:748)
Heap
 def new generation   total 153600K, used 85014K [0x00000000e0c00000, 0x00000000eb2a0000, 0x00000000eb2a0000)
  eden space 136576K,  62% used [0x00000000e0c00000, 0x00000000e5edd7e8, 0x00000000e9160000)
  from space 17024K,   0% used [0x00000000ea200000, 0x00000000ea2281e0, 0x00000000eb2a0000)
  to   space 17024K,   0% used [0x00000000e9160000, 0x00000000e9160000, 0x00000000ea200000)
 tenured generation   total 341376K, used 44854K [0x00000000eb2a0000, 0x0000000100000000, 0x0000000100000000)
   the space 341376K,  13% used [0x00000000eb2a0000, 0x00000000ede6d8d8, 0x00000000ede6da00, 0x0000000100000000)
 Metaspace       used 36243K, capacity 37120K, committed 37376K, reserved 1081344K
  class space    used 4872K, capacity 5074K, committed 5120K, reserved 1048576K
