12:50:57,040 |-INFO in ch.qos.logback.classic.LoggerContext[default] - Could NOT find resource [logback-test.xml]
12:50:57,040 |-INFO in ch.qos.logback.classic.LoggerContext[default] - Could NOT find resource [logback.groovy]
12:50:57,040 |-INFO in ch.qos.logback.classic.LoggerContext[default] - Found resource [logback.xml] at [jar:file:/home/nikitasokolov/flamestream/lib/flamestream-runtime-1.0-SNAPSHOT.jar!/logback.xml]
12:50:57,041 |-WARN in ch.qos.logback.classic.LoggerContext[default] - Resource [logback.xml] occurs multiple times on the classpath.
12:50:57,041 |-WARN in ch.qos.logback.classic.LoggerContext[default] - Resource [logback.xml] occurs at [jar:file:/home/nikitasokolov/flamestream/lib/flamestream-runtime-1.0-SNAPSHOT.jar!/logback.xml]
12:50:57,041 |-WARN in ch.qos.logback.classic.LoggerContext[default] - Resource [logback.xml] occurs at [jar:file:/home/nikitasokolov/flamestream/flamestream-runtime-1.0-SNAPSHOT.jar!/logback.xml]
12:50:57,057 |-INFO in ch.qos.logback.core.joran.spi.ConfigurationWatchList@6108b2d7 - URL [jar:file:/home/nikitasokolov/flamestream/lib/flamestream-runtime-1.0-SNAPSHOT.jar!/logback.xml] is not of type file
12:50:57,109 |-INFO in ch.qos.logback.classic.joran.action.ConfigurationAction - debug attribute not set
12:50:57,110 |-INFO in ch.qos.logback.core.joran.action.AppenderAction - About to instantiate appender of type [ch.qos.logback.core.ConsoleAppender]
12:50:57,120 |-INFO in ch.qos.logback.core.joran.action.AppenderAction - Naming appender as [STDOUT]
12:50:57,128 |-INFO in ch.qos.logback.core.joran.action.NestedComplexPropertyIA - Assuming default type [ch.qos.logback.classic.encoder.PatternLayoutEncoder] for [encoder] property
12:50:57,186 |-INFO in ch.qos.logback.core.joran.action.AppenderAction - About to instantiate appender of type [ch.qos.logback.core.rolling.RollingFileAppender]
12:50:57,192 |-INFO in ch.qos.logback.core.joran.action.AppenderAction - Naming appender as [FILE]
12:50:57,214 |-INFO in c.q.l.core.rolling.TimeBasedRollingPolicy@357863579 - No compression will be used
12:50:57,215 |-INFO in c.q.l.core.rolling.TimeBasedRollingPolicy@357863579 - Will use the pattern /tmp/application_%d{yyyy-MM-dd}.%i.log for the active file
12:50:57,218 |-INFO in ch.qos.logback.core.rolling.SizeAndTimeBasedFNATP@6bf256fa - The date pattern is 'yyyy-MM-dd' from file name pattern '/tmp/application_%d{yyyy-MM-dd}.%i.log'.
12:50:57,218 |-INFO in ch.qos.logback.core.rolling.SizeAndTimeBasedFNATP@6bf256fa - Roll-over at midnight.
12:50:57,222 |-INFO in ch.qos.logback.core.rolling.SizeAndTimeBasedFNATP@6bf256fa - Setting initial period to Sun Jun 09 12:50:14 MSK 2019
12:50:57,222 |-WARN in ch.qos.logback.core.rolling.SizeAndTimeBasedFNATP@6bf256fa - SizeAndTimeBasedFNATP is deprecated. Use SizeAndTimeBasedRollingPolicy instead
12:50:57,222 |-WARN in ch.qos.logback.core.rolling.SizeAndTimeBasedFNATP@6bf256fa - For more information see http://logback.qos.ch/manual/appenders.html#SizeAndTimeBasedRollingPolicy
12:50:57,227 |-INFO in ch.qos.logback.core.joran.action.NestedComplexPropertyIA - Assuming default type [ch.qos.logback.classic.encoder.PatternLayoutEncoder] for [encoder] property
12:50:57,229 |-INFO in ch.qos.logback.core.rolling.RollingFileAppender[FILE] - Active log file name: /tmp/application.log
12:50:57,229 |-INFO in ch.qos.logback.core.rolling.RollingFileAppender[FILE] - File property is set to [/tmp/application.log]
12:50:57,230 |-INFO in ch.qos.logback.classic.joran.action.RootLoggerAction - Setting level of ROOT logger to WARN
12:50:57,230 |-INFO in ch.qos.logback.core.joran.action.AppenderRefAction - Attaching appender named [STDOUT] to Logger[ROOT]
12:50:57,231 |-INFO in ch.qos.logback.core.joran.action.AppenderRefAction - Attaching appender named [FILE] to Logger[ROOT]
12:50:57,231 |-INFO in ch.qos.logback.classic.joran.action.ConfigurationAction - End of configuration.
12:50:57,231 |-INFO in ch.qos.logback.classic.joran.JoranConfigurator@6cd8737 - Registering current configuration as safe fallback point

2019-06-09T12:50:58.242+0300: 1.420: [GC (Metadata GC Threshold) [PSYoungGen: 110721K->15890K(149504K)] 110721K->15970K(491008K), 0.0305464 secs] [Times: user=0.13 sys=0.04, real=0.03 secs] 
2019-06-09T12:50:58.273+0300: 1.450: [Full GC (Metadata GC Threshold) [PSYoungGen: 15890K->0K(149504K)] [ParOldGen: 80K->15078K(341504K)] 15970K->15078K(491008K), [Metaspace: 20800K->20800K(1067008K)], 0.0258644 secs] [Times: user=0.16 sys=0.02, real=0.03 secs] 
12:51:09.165 [Curator-PathChildrenCache-1] WARN  o.a.c.u.ZKPaths  - The version of ZooKeeper being used doesn't support Container nodes. CreateMode.PERSISTENT will be used instead.
2019-06-09T12:51:10.087+0300: 13.265: [GC (Metadata GC Threshold) [PSYoungGen: 126753K->15588K(149504K)] 141831K->50206K(491008K), 0.0228081 secs] [Times: user=0.18 sys=0.01, real=0.03 secs] 
2019-06-09T12:51:10.110+0300: 13.287: [Full GC (Metadata GC Threshold) [PSYoungGen: 15588K->0K(149504K)] [ParOldGen: 34617K->38780K(341504K)] 50206K->38780K(491008K), [Metaspace: 34548K->34548K(1079296K)], 0.0363901 secs] [Times: user=0.20 sys=0.01, real=0.03 secs] 
2019-06-09T12:51:13.657+0300: 16.835: [GC (Allocation Failure) [PSYoungGen: 128512K->512K(149504K)] 167292K->39300K(491008K), 0.0047592 secs] [Times: user=0.02 sys=0.01, real=0.01 secs] 
2019-06-09T12:51:17.720+0300: 20.898: [GC (Allocation Failure) [PSYoungGen: 129024K->544K(149504K)] 167812K->39340K(491008K), 0.0051534 secs] [Times: user=0.02 sys=0.00, real=0.00 secs] 
2019-06-09T12:51:21.735+0300: 24.913: [GC (Allocation Failure) [PSYoungGen: 129056K->512K(129536K)] 167852K->39308K(471040K), 0.0037210 secs] [Times: user=0.03 sys=0.01, real=0.01 secs] 
2019-06-09T12:51:25.764+0300: 28.942: [GC (Allocation Failure) [PSYoungGen: 129024K->480K(150016K)] 167820K->39276K(491520K), 0.0039892 secs] [Times: user=0.02 sys=0.00, real=0.00 secs] 
2019-06-09T12:51:29.811+0300: 32.989: [GC (Allocation Failure) [PSYoungGen: 128992K->544K(148992K)] 167788K->39348K(490496K), 0.0085807 secs] [Times: user=0.07 sys=0.01, real=0.01 secs] 
2019-06-09T12:51:33.907+0300: 37.084: [GC (Allocation Failure) [PSYoungGen: 129056K->576K(151552K)] 167860K->39380K(493056K), 0.0036582 secs] [Times: user=0.02 sys=0.00, real=0.01 secs] 
2019-06-09T12:51:38.071+0300: 41.249: [GC (Allocation Failure) [PSYoungGen: 132672K->512K(151040K)] 171476K->39316K(492544K), 0.0027686 secs] [Times: user=0.01 sys=0.00, real=0.00 secs] 
2019-06-09T12:51:42.277+0300: 45.455: [GC (Allocation Failure) [PSYoungGen: 132608K->544K(153600K)] 171412K->39356K(495104K), 0.0027474 secs] [Times: user=0.00 sys=0.01, real=0.01 secs] 
12:51:52.473 [Curator-PathChildrenCache-0] ERROR o.a.c.f.r.c.PathChildrenCache  - 
java.lang.IllegalStateException: instance must be started before calling this method
	at org.apache.curator.shaded.com.google.common.base.Preconditions.checkState(Preconditions.java:444)
	at org.apache.curator.framework.imps.CuratorFrameworkImpl.getChildren(CuratorFrameworkImpl.java:456)
	at org.apache.curator.framework.recipes.cache.PathChildrenCache.refresh(PathChildrenCache.java:521)
	at org.apache.curator.framework.recipes.cache.RefreshOperation.invoke(RefreshOperation.java:35)
	at org.apache.curator.framework.recipes.cache.PathChildrenCache$9.run(PathChildrenCache.java:786)
	at java.util.concurrent.Executors$RunnableAdapter.call(Executors.java:511)
	at java.util.concurrent.FutureTask.run(FutureTask.java:266)
	at java.util.concurrent.Executors$RunnableAdapter.call(Executors.java:511)
	at java.util.concurrent.FutureTask.run(FutureTask.java:266)
	at java.util.concurrent.ThreadPoolExecutor.runWorker(ThreadPoolExecutor.java:1149)
	at java.util.concurrent.ThreadPoolExecutor$Worker.run(ThreadPoolExecutor.java:624)
	at java.lang.Thread.run(Thread.java:748)
2019-06-09T12:51:53.526+0300: 56.703: [GC (Allocation Failure) [PSYoungGen: 136224K->1393K(152576K)] 175036K->40213K(494080K), 0.0040262 secs] [Times: user=0.01 sys=0.00, real=0.01 secs] 
Heap
 PSYoungGen      total 152576K, used 6487K [0x00000000f5980000, 0x0000000100000000, 0x0000000100000000)
  eden space 135680K, 3% used [0x00000000f5980000,0x00000000f5e79a40,0x00000000fde00000)
  from space 16896K, 8% used [0x00000000fde00000,0x00000000fdf5c558,0x00000000fee80000)
  to   space 16384K, 0% used [0x00000000ff000000,0x00000000ff000000,0x0000000100000000)
 ParOldGen       total 341504K, used 38820K [0x00000000e0c00000, 0x00000000f5980000, 0x00000000f5980000)
  object space 341504K, 11% used [0x00000000e0c00000,0x00000000e31e91a0,0x00000000f5980000)
 Metaspace       used 35713K, capacity 36542K, committed 36952K, reserved 1081344K
  class space    used 4936K, capacity 5129K, committed 5248K, reserved 1048576K
