00:10:08,946 |-INFO in ch.qos.logback.classic.LoggerContext[default] - Could NOT find resource [logback-test.xml]
00:10:08,946 |-INFO in ch.qos.logback.classic.LoggerContext[default] - Could NOT find resource [logback.groovy]
00:10:08,946 |-INFO in ch.qos.logback.classic.LoggerContext[default] - Found resource [logback.xml] at [jar:file:/home/nikitasokolov/flamestream/lib/flamestream-runtime-1.0-SNAPSHOT.jar!/logback.xml]
00:10:08,947 |-WARN in ch.qos.logback.classic.LoggerContext[default] - Resource [logback.xml] occurs multiple times on the classpath.
00:10:08,947 |-WARN in ch.qos.logback.classic.LoggerContext[default] - Resource [logback.xml] occurs at [jar:file:/home/nikitasokolov/flamestream/lib/flamestream-runtime-1.0-SNAPSHOT.jar!/logback.xml]
00:10:08,947 |-WARN in ch.qos.logback.classic.LoggerContext[default] - Resource [logback.xml] occurs at [jar:file:/home/nikitasokolov/flamestream/flamestream-runtime-1.0-SNAPSHOT.jar!/logback.xml]
00:10:08,962 |-INFO in ch.qos.logback.core.joran.spi.ConfigurationWatchList@6108b2d7 - URL [jar:file:/home/nikitasokolov/flamestream/lib/flamestream-runtime-1.0-SNAPSHOT.jar!/logback.xml] is not of type file
00:10:09,014 |-INFO in ch.qos.logback.classic.joran.action.ConfigurationAction - debug attribute not set
00:10:09,015 |-INFO in ch.qos.logback.core.joran.action.AppenderAction - About to instantiate appender of type [ch.qos.logback.core.ConsoleAppender]
00:10:09,026 |-INFO in ch.qos.logback.core.joran.action.AppenderAction - Naming appender as [STDOUT]
00:10:09,035 |-INFO in ch.qos.logback.core.joran.action.NestedComplexPropertyIA - Assuming default type [ch.qos.logback.classic.encoder.PatternLayoutEncoder] for [encoder] property
00:10:09,087 |-INFO in ch.qos.logback.core.joran.action.AppenderAction - About to instantiate appender of type [ch.qos.logback.core.rolling.RollingFileAppender]
00:10:09,091 |-INFO in ch.qos.logback.core.joran.action.AppenderAction - Naming appender as [FILE]
00:10:09,113 |-INFO in c.q.l.core.rolling.TimeBasedRollingPolicy@357863579 - No compression will be used
00:10:09,115 |-INFO in c.q.l.core.rolling.TimeBasedRollingPolicy@357863579 - Will use the pattern /tmp/application_%d{yyyy-MM-dd}.%i.log for the active file
00:10:09,118 |-INFO in ch.qos.logback.core.rolling.SizeAndTimeBasedFNATP@6bf256fa - The date pattern is 'yyyy-MM-dd' from file name pattern '/tmp/application_%d{yyyy-MM-dd}.%i.log'.
00:10:09,118 |-INFO in ch.qos.logback.core.rolling.SizeAndTimeBasedFNATP@6bf256fa - Roll-over at midnight.
00:10:09,122 |-INFO in ch.qos.logback.core.rolling.SizeAndTimeBasedFNATP@6bf256fa - Setting initial period to Sun Jun 09 00:09:20 MSK 2019
00:10:09,122 |-WARN in ch.qos.logback.core.rolling.SizeAndTimeBasedFNATP@6bf256fa - SizeAndTimeBasedFNATP is deprecated. Use SizeAndTimeBasedRollingPolicy instead
00:10:09,122 |-WARN in ch.qos.logback.core.rolling.SizeAndTimeBasedFNATP@6bf256fa - For more information see http://logback.qos.ch/manual/appenders.html#SizeAndTimeBasedRollingPolicy
00:10:09,126 |-INFO in ch.qos.logback.core.joran.action.NestedComplexPropertyIA - Assuming default type [ch.qos.logback.classic.encoder.PatternLayoutEncoder] for [encoder] property
00:10:09,128 |-INFO in ch.qos.logback.core.rolling.RollingFileAppender[FILE] - Active log file name: /tmp/application.log
00:10:09,128 |-INFO in ch.qos.logback.core.rolling.RollingFileAppender[FILE] - File property is set to [/tmp/application.log]
00:10:09,129 |-INFO in ch.qos.logback.classic.joran.action.RootLoggerAction - Setting level of ROOT logger to WARN
00:10:09,129 |-INFO in ch.qos.logback.core.joran.action.AppenderRefAction - Attaching appender named [STDOUT] to Logger[ROOT]
00:10:09,130 |-INFO in ch.qos.logback.core.joran.action.AppenderRefAction - Attaching appender named [FILE] to Logger[ROOT]
00:10:09,130 |-INFO in ch.qos.logback.classic.joran.action.ConfigurationAction - End of configuration.
00:10:09,130 |-INFO in ch.qos.logback.classic.joran.JoranConfigurator@6cd8737 - Registering current configuration as safe fallback point

2019-06-09T00:10:10.107+0300: 1.362: [GC (Metadata GC Threshold) [PSYoungGen: 108151K->15867K(149504K)] 108151K->15947K(491008K), 0.0204392 secs] [Times: user=0.08 sys=0.03, real=0.02 secs] 
2019-06-09T00:10:10.127+0300: 1.383: [Full GC (Metadata GC Threshold) [PSYoungGen: 15867K->0K(149504K)] [ParOldGen: 80K->14981K(341504K)] 15947K->14981K(491008K), [Metaspace: 20801K->20801K(1067008K)], 0.0295072 secs] [Times: user=0.18 sys=0.02, real=0.03 secs] 
00:10:19.354 [Curator-PathChildrenCache-1] WARN  o.a.c.u.ZKPaths  - The version of ZooKeeper being used doesn't support Container nodes. CreateMode.PERSISTENT will be used instead.
2019-06-09T00:10:20.327+0300: 11.582: [GC (Metadata GC Threshold) [PSYoungGen: 126797K->15903K(149504K)] 141779K->50424K(491008K), 0.0273268 secs] [Times: user=0.23 sys=0.01, real=0.03 secs] 
2019-06-09T00:10:20.354+0300: 11.609: [Full GC (Metadata GC Threshold) [PSYoungGen: 15903K->0K(149504K)] [ParOldGen: 34521K->38925K(341504K)] 50424K->38925K(491008K), [Metaspace: 34564K->34564K(1079296K)], 0.0379807 secs] [Times: user=0.20 sys=0.00, real=0.04 secs] 
2019-06-09T00:10:22.771+0300: 14.027: [GC (Allocation Failure) [PSYoungGen: 128512K->544K(149504K)] 167437K->39477K(491008K), 0.0027713 secs] [Times: user=0.02 sys=0.00, real=0.00 secs] 
2019-06-09T00:10:25.283+0300: 16.539: [GC (Allocation Failure) [PSYoungGen: 129056K->448K(149504K)] 167989K->39389K(491008K), 0.0071658 secs] [Times: user=0.06 sys=0.00, real=0.01 secs] 
2019-06-09T00:10:27.346+0300: 18.601: [GC (Allocation Failure) [PSYoungGen: 128960K->640K(129536K)] 167901K->39589K(471040K), 0.0047838 secs] [Times: user=0.03 sys=0.00, real=0.01 secs] 
2019-06-09T00:10:29.410+0300: 20.666: [GC (Allocation Failure) [PSYoungGen: 129152K->576K(150016K)] 168101K->39533K(491520K), 0.0048060 secs] [Times: user=0.02 sys=0.01, real=0.00 secs] 
2019-06-09T00:10:32.063+0300: 23.318: [GC (Allocation Failure) [PSYoungGen: 129088K->576K(148992K)] 168045K->39541K(490496K), 0.0043126 secs] [Times: user=0.03 sys=0.00, real=0.00 secs] 
2019-06-09T00:10:34.420+0300: 25.675: [GC (Allocation Failure) [PSYoungGen: 129088K->640K(151552K)] 168053K->39613K(493056K), 0.0031039 secs] [Times: user=0.01 sys=0.01, real=0.00 secs] 
2019-06-09T00:10:37.321+0300: 28.576: [GC (Allocation Failure) [PSYoungGen: 132736K->608K(151040K)] 171709K->39589K(492544K), 0.0760184 secs] [Times: user=0.01 sys=0.00, real=0.07 secs] 
2019-06-09T00:10:39.810+0300: 31.066: [GC (Allocation Failure) [PSYoungGen: 132704K->672K(153088K)] 171685K->39661K(494592K), 0.0044749 secs] [Times: user=0.03 sys=0.01, real=0.00 secs] 
2019-06-09T00:10:42.450+0300: 33.706: [GC (Allocation Failure) [PSYoungGen: 135840K->608K(152576K)] 174829K->39605K(494080K), 0.0029852 secs] [Times: user=0.01 sys=0.00, real=0.00 secs] 
2019-06-09T00:10:44.834+0300: 36.089: [GC (Allocation Failure) [PSYoungGen: 135776K->640K(155136K)] 174773K->39637K(496640K), 0.0039789 secs] [Times: user=0.02 sys=0.00, real=0.01 secs] 
2019-06-09T00:10:47.407+0300: 38.662: [GC (Allocation Failure) [PSYoungGen: 139392K->576K(154112K)] 178389K->39581K(495616K), 0.0035417 secs] [Times: user=0.02 sys=0.00, real=0.01 secs] 
2019-06-09T00:10:50.187+0300: 41.442: [GC (Allocation Failure) [PSYoungGen: 139328K->704K(156672K)] 178333K->39717K(498176K), 0.0030155 secs] [Times: user=0.02 sys=0.00, real=0.01 secs] 
2019-06-09T00:10:52.757+0300: 44.013: [GC (Allocation Failure) [PSYoungGen: 142528K->576K(155648K)] 181541K->39589K(497152K), 0.0043019 secs] [Times: user=0.03 sys=0.00, real=0.01 secs] 
2019-06-09T00:10:55.017+0300: 46.272: [GC (Allocation Failure) [PSYoungGen: 142400K->608K(158208K)] 181413K->39629K(499712K), 0.0039437 secs] [Times: user=0.02 sys=0.00, real=0.01 secs] 
2019-06-09T00:10:57.610+0300: 48.865: [GC (Allocation Failure) [PSYoungGen: 145504K->576K(157184K)] 184525K->39597K(498688K), 0.0027811 secs] [Times: user=0.01 sys=0.01, real=0.00 secs] 
2019-06-09T00:11:00.108+0300: 51.363: [GC (Allocation Failure) [PSYoungGen: 145472K->448K(159232K)] 184493K->39781K(500736K), 0.0031388 secs] [Times: user=0.02 sys=0.00, real=0.01 secs] 
2019-06-09T00:11:03.000+0300: 54.255: [GC (Allocation Failure) [PSYoungGen: 147904K->352K(158720K)] 187237K->39757K(500224K), 0.0033786 secs] [Times: user=0.00 sys=0.00, real=0.00 secs] 
00:11:10.780 [Curator-PathChildrenCache-0] ERROR o.a.c.f.r.c.PathChildrenCache  - 
java.lang.IllegalStateException: instance must be started before calling this method
	at org.apache.curator.shaded.com.google.common.base.Preconditions.checkState(Preconditions.java:444)
	at org.apache.curator.framework.imps.CuratorFrameworkImpl.getChildren(CuratorFrameworkImpl.java:456)
	at org.apache.curator.framework.recipes.cache.PathChildrenCache.refresh(PathChildrenCache.java:521)
	at org.apache.curator.framework.recipes.cache.RefreshOperation.invoke(RefreshOperation.java:35)
	at org.apache.curator.framework.recipes.cache.PathChildrenCache$9.run(PathChildrenCache.java:786)
	at java.util.concurrent.Executors$RunnableAdapter.call(Executors.java:511)
	at java.util.concurrent.FutureTask.run(FutureTask.java:266)
	at java.util.concurrent.Executors$RunnableAdapter.call(Executors.java:511)
	at java.util.concurrent.FutureTask.run(FutureTask.java:266)
	at java.util.concurrent.ThreadPoolExecutor.runWorker(ThreadPoolExecutor.java:1149)
	at java.util.concurrent.ThreadPoolExecutor$Worker.run(ThreadPoolExecutor.java:624)
	at java.lang.Thread.run(Thread.java:748)
Heap
 PSYoungGen      total 158720K, used 85415K [0x00000000f5980000, 0x0000000100000000, 0x0000000100000000)
  eden space 147456K, 57% used [0x00000000f5980000,0x00000000fac91f28,0x00000000fe980000)
  from space 11264K, 3% used [0x00000000fe980000,0x00000000fe9d8000,0x00000000ff480000)
  to   space 10752K, 0% used [0x00000000ff580000,0x00000000ff580000,0x0000000100000000)
 ParOldGen       total 341504K, used 39405K [0x00000000e0c00000, 0x00000000f5980000, 0x00000000f5980000)
  object space 341504K, 11% used [0x00000000e0c00000,0x00000000e327b5c0,0x00000000f5980000)
 Metaspace       used 36124K, capacity 36974K, committed 37208K, reserved 1081344K
  class space    used 4979K, capacity 5161K, committed 5248K, reserved 1048576K
