14:48:58,944 |-INFO in ch.qos.logback.classic.LoggerContext[default] - Could NOT find resource [logback-test.xml]
14:48:58,944 |-INFO in ch.qos.logback.classic.LoggerContext[default] - Could NOT find resource [logback.groovy]
14:48:58,944 |-INFO in ch.qos.logback.classic.LoggerContext[default] - Found resource [logback.xml] at [jar:file:/root/flamestream/lib/flamestream-runtime-1.0-SNAPSHOT.jar!/logback.xml]
14:48:58,949 |-WARN in ch.qos.logback.classic.LoggerContext[default] - Resource [logback.xml] occurs multiple times on the classpath.
14:48:58,949 |-WARN in ch.qos.logback.classic.LoggerContext[default] - Resource [logback.xml] occurs at [jar:file:/root/flamestream/lib/flamestream-runtime-1.0-SNAPSHOT.jar!/logback.xml]
14:48:58,949 |-WARN in ch.qos.logback.classic.LoggerContext[default] - Resource [logback.xml] occurs at [jar:file:/root/flamestream/flamestream-runtime-1.0-SNAPSHOT.jar!/logback.xml]
14:48:58,969 |-INFO in ch.qos.logback.core.joran.spi.ConfigurationWatchList@3fb6a447 - URL [jar:file:/root/flamestream/lib/flamestream-runtime-1.0-SNAPSHOT.jar!/logback.xml] is not of type file
14:48:59,035 |-INFO in ch.qos.logback.classic.joran.action.ConfigurationAction - debug attribute not set
14:48:59,035 |-INFO in ch.qos.logback.core.joran.action.AppenderAction - About to instantiate appender of type [ch.qos.logback.core.ConsoleAppender]
14:48:59,051 |-INFO in ch.qos.logback.core.joran.action.AppenderAction - Naming appender as [STDOUT]
14:48:59,069 |-INFO in ch.qos.logback.core.joran.action.NestedComplexPropertyIA - Assuming default type [ch.qos.logback.classic.encoder.PatternLayoutEncoder] for [encoder] property
14:48:59,154 |-INFO in ch.qos.logback.core.joran.action.AppenderAction - About to instantiate appender of type [ch.qos.logback.core.rolling.RollingFileAppender]
14:48:59,164 |-INFO in ch.qos.logback.core.joran.action.AppenderAction - Naming appender as [FILE]
14:48:59,192 |-INFO in c.q.l.core.rolling.TimeBasedRollingPolicy@127618319 - No compression will be used
14:48:59,193 |-INFO in c.q.l.core.rolling.TimeBasedRollingPolicy@127618319 - Will use the pattern /tmp/application_%d{yyyy-MM-dd}.%i.log for the active file
14:48:59,196 |-INFO in ch.qos.logback.core.rolling.SizeAndTimeBasedFNATP@6b2fad11 - The date pattern is 'yyyy-MM-dd' from file name pattern '/tmp/application_%d{yyyy-MM-dd}.%i.log'.
14:48:59,196 |-INFO in ch.qos.logback.core.rolling.SizeAndTimeBasedFNATP@6b2fad11 - Roll-over at midnight.
14:48:59,202 |-INFO in ch.qos.logback.core.rolling.SizeAndTimeBasedFNATP@6b2fad11 - Setting initial period to Mon Jun 10 14:47:42 UTC 2019
14:48:59,202 |-WARN in ch.qos.logback.core.rolling.SizeAndTimeBasedFNATP@6b2fad11 - SizeAndTimeBasedFNATP is deprecated. Use SizeAndTimeBasedRollingPolicy instead
14:48:59,202 |-WARN in ch.qos.logback.core.rolling.SizeAndTimeBasedFNATP@6b2fad11 - For more information see http://logback.qos.ch/manual/appenders.html#SizeAndTimeBasedRollingPolicy
14:48:59,206 |-INFO in ch.qos.logback.core.joran.action.NestedComplexPropertyIA - Assuming default type [ch.qos.logback.classic.encoder.PatternLayoutEncoder] for [encoder] property
14:48:59,211 |-INFO in ch.qos.logback.core.rolling.RollingFileAppender[FILE] - Active log file name: /tmp/application.log
14:48:59,211 |-INFO in ch.qos.logback.core.rolling.RollingFileAppender[FILE] - File property is set to [/tmp/application.log]
14:48:59,212 |-INFO in ch.qos.logback.classic.joran.action.RootLoggerAction - Setting level of ROOT logger to WARN
14:48:59,212 |-INFO in ch.qos.logback.core.joran.action.AppenderRefAction - Attaching appender named [STDOUT] to Logger[ROOT]
14:48:59,214 |-INFO in ch.qos.logback.core.joran.action.AppenderRefAction - Attaching appender named [FILE] to Logger[ROOT]
14:48:59,214 |-INFO in ch.qos.logback.classic.joran.action.ConfigurationAction - End of configuration.
14:48:59,215 |-INFO in ch.qos.logback.classic.joran.JoranConfigurator@79698539 - Registering current configuration as safe fallback point

Ama winner
Ama winner
2019-06-10T14:49:00.536+0000: 1.773: [Full GC (Metadata GC Threshold) 2019-06-10T14:49:00.536+0000: 1.773: [Tenured: 0K->15144K(341376K), 0.0391850 secs] 114923K->15144K(494976K), [Metaspace: 20732K->20732K(1067008K)], 0.0392518 secs] [Times: user=0.03 sys=0.01, real=0.04 secs] 
14:49:21.580 [Curator-PathChildrenCache-1] WARN  o.a.c.u.ZKPaths  - The version of ZooKeeper being used doesn't support Container nodes. CreateMode.PERSISTENT will be used instead.
2019-06-10T14:49:23.778+0000: 25.015: [GC (Allocation Failure) 2019-06-10T14:49:23.778+0000: 25.015: [DefNew: 136576K->17023K(153600K), 0.0262496 secs] 151720K->52708K(494976K), 0.0263167 secs] [Times: user=0.02 sys=0.01, real=0.03 secs] 
2019-06-10T14:49:25.442+0000: 26.679: [Full GC (Metadata GC Threshold) 2019-06-10T14:49:25.442+0000: 26.680: [Tenured: 35684K->44489K(341376K), 0.0477047 secs] 83276K->44489K(494976K), [Metaspace: 34585K->34585K(1079296K)], 0.0477841 secs] [Times: user=0.04 sys=0.00, real=0.05 secs] 
2019-06-10T14:49:31.605+0000: 32.843: [GC (Allocation Failure) 2019-06-10T14:49:31.606+0000: 32.843: [DefNew: 136576K->86K(153600K), 0.0019504 secs] 181065K->44576K(494976K), 0.0030574 secs] [Times: user=0.00 sys=0.00, real=0.00 secs] 
2019-06-10T14:49:37.671+0000: 38.908: [GC (Allocation Failure) 2019-06-10T14:49:37.671+0000: 38.908: [DefNew: 136662K->86K(153600K), 0.0017317 secs] 181152K->44576K(494976K), 0.0017926 secs] [Times: user=0.00 sys=0.00, real=0.00 secs] 
2019-06-10T14:49:43.788+0000: 45.025: [GC (Allocation Failure) 2019-06-10T14:49:43.788+0000: 45.025: [DefNew: 136662K->90K(153600K), 0.0018275 secs] 181152K->44580K(494976K), 0.0018985 secs] [Times: user=0.00 sys=0.00, real=0.00 secs] 
2019-06-10T14:49:49.801+0000: 51.038: [GC (Allocation Failure) 2019-06-10T14:49:49.801+0000: 51.038: [DefNew: 136666K->86K(153600K), 0.0017742 secs] 181156K->44576K(494976K), 0.0018358 secs] [Times: user=0.01 sys=0.00, real=0.00 secs] 
14:50:04.133 [Curator-PathChildrenCache-0] ERROR o.a.c.f.r.c.PathChildrenCache  - 
java.lang.IllegalStateException: instance must be started before calling this method
	at org.apache.curator.shaded.com.google.common.base.Preconditions.checkState(Preconditions.java:444)
	at org.apache.curator.framework.imps.CuratorFrameworkImpl.getChildren(CuratorFrameworkImpl.java:456)
	at org.apache.curator.framework.recipes.cache.PathChildrenCache.refresh(PathChildrenCache.java:521)
	at org.apache.curator.framework.recipes.cache.RefreshOperation.invoke(RefreshOperation.java:35)
	at org.apache.curator.framework.recipes.cache.PathChildrenCache$9.run(PathChildrenCache.java:786)
	at java.util.concurrent.Executors$RunnableAdapter.call(Executors.java:511)
	at java.util.concurrent.FutureTask.run(FutureTask.java:266)
	at java.util.concurrent.Executors$RunnableAdapter.call(Executors.java:511)
	at java.util.concurrent.FutureTask.run(FutureTask.java:266)
	at java.util.concurrent.ThreadPoolExecutor.runWorker(ThreadPoolExecutor.java:1149)
	at java.util.concurrent.ThreadPoolExecutor$Worker.run(ThreadPoolExecutor.java:624)
	at java.lang.Thread.run(Thread.java:748)
2019-06-10T14:50:05.320+0000: 66.557: [GC (Allocation Failure) 2019-06-10T14:50:05.320+0000: 66.557: [DefNew: 136662K->1237K(153600K), 0.0045975 secs] 181152K->45726K(494976K), 0.0046770 secs] [Times: user=0.00 sys=0.00, real=0.01 secs] 
Heap
 def new generation   total 153600K, used 2557K [0x00000000e0c00000, 0x00000000eb2a0000, 0x00000000eb2a0000)
  eden space 136576K,   0% used [0x00000000e0c00000, 0x00000000e0d4a0f0, 0x00000000e9160000)
  from space 17024K,   7% used [0x00000000e9160000, 0x00000000e9295410, 0x00000000ea200000)
  to   space 17024K,   0% used [0x00000000ea200000, 0x00000000ea200000, 0x00000000eb2a0000)
 tenured generation   total 341376K, used 44489K [0x00000000eb2a0000, 0x0000000100000000, 0x0000000100000000)
   the space 341376K,  13% used [0x00000000eb2a0000, 0x00000000ede12700, 0x00000000ede12800, 0x0000000100000000)
 Metaspace       used 36204K, capacity 37114K, committed 37376K, reserved 1081344K
  class space    used 4859K, capacity 5073K, committed 5120K, reserved 1048576K
