18:58:05,567 |-INFO in ch.qos.logback.classic.LoggerContext[default] - Could NOT find resource [logback-test.xml]
18:58:05,567 |-INFO in ch.qos.logback.classic.LoggerContext[default] - Could NOT find resource [logback.groovy]
18:58:05,568 |-INFO in ch.qos.logback.classic.LoggerContext[default] - Found resource [logback.xml] at [jar:file:/root/flamestream/lib/flamestream-runtime-1.0-SNAPSHOT.jar!/logback.xml]
18:58:05,568 |-WARN in ch.qos.logback.classic.LoggerContext[default] - Resource [logback.xml] occurs multiple times on the classpath.
18:58:05,569 |-WARN in ch.qos.logback.classic.LoggerContext[default] - Resource [logback.xml] occurs at [jar:file:/root/flamestream/lib/flamestream-runtime-1.0-SNAPSHOT.jar!/logback.xml]
18:58:05,569 |-WARN in ch.qos.logback.classic.LoggerContext[default] - Resource [logback.xml] occurs at [jar:file:/root/flamestream/flamestream-runtime-1.0-SNAPSHOT.jar!/logback.xml]
18:58:05,588 |-INFO in ch.qos.logback.core.joran.spi.ConfigurationWatchList@3fb6a447 - URL [jar:file:/root/flamestream/lib/flamestream-runtime-1.0-SNAPSHOT.jar!/logback.xml] is not of type file
18:58:05,654 |-INFO in ch.qos.logback.classic.joran.action.ConfigurationAction - debug attribute not set
18:58:05,655 |-INFO in ch.qos.logback.core.joran.action.AppenderAction - About to instantiate appender of type [ch.qos.logback.core.ConsoleAppender]
18:58:05,671 |-INFO in ch.qos.logback.core.joran.action.AppenderAction - Naming appender as [STDOUT]
18:58:05,691 |-INFO in ch.qos.logback.core.joran.action.NestedComplexPropertyIA - Assuming default type [ch.qos.logback.classic.encoder.PatternLayoutEncoder] for [encoder] property
18:58:05,776 |-INFO in ch.qos.logback.core.joran.action.AppenderAction - About to instantiate appender of type [ch.qos.logback.core.rolling.RollingFileAppender]
18:58:05,781 |-INFO in ch.qos.logback.core.joran.action.AppenderAction - Naming appender as [FILE]
18:58:05,811 |-INFO in c.q.l.core.rolling.TimeBasedRollingPolicy@127618319 - No compression will be used
18:58:05,812 |-INFO in c.q.l.core.rolling.TimeBasedRollingPolicy@127618319 - Will use the pattern /tmp/application_%d{yyyy-MM-dd}.%i.log for the active file
18:58:05,815 |-INFO in ch.qos.logback.core.rolling.SizeAndTimeBasedFNATP@6b2fad11 - The date pattern is 'yyyy-MM-dd' from file name pattern '/tmp/application_%d{yyyy-MM-dd}.%i.log'.
18:58:05,815 |-INFO in ch.qos.logback.core.rolling.SizeAndTimeBasedFNATP@6b2fad11 - Roll-over at midnight.
18:58:05,821 |-INFO in ch.qos.logback.core.rolling.SizeAndTimeBasedFNATP@6b2fad11 - Setting initial period to Mon Jun 10 18:56:32 UTC 2019
18:58:05,821 |-WARN in ch.qos.logback.core.rolling.SizeAndTimeBasedFNATP@6b2fad11 - SizeAndTimeBasedFNATP is deprecated. Use SizeAndTimeBasedRollingPolicy instead
18:58:05,821 |-WARN in ch.qos.logback.core.rolling.SizeAndTimeBasedFNATP@6b2fad11 - For more information see http://logback.qos.ch/manual/appenders.html#SizeAndTimeBasedRollingPolicy
18:58:05,825 |-INFO in ch.qos.logback.core.joran.action.NestedComplexPropertyIA - Assuming default type [ch.qos.logback.classic.encoder.PatternLayoutEncoder] for [encoder] property
18:58:05,830 |-INFO in ch.qos.logback.core.rolling.RollingFileAppender[FILE] - Active log file name: /tmp/application.log
18:58:05,830 |-INFO in ch.qos.logback.core.rolling.RollingFileAppender[FILE] - File property is set to [/tmp/application.log]
18:58:05,831 |-INFO in ch.qos.logback.classic.joran.action.RootLoggerAction - Setting level of ROOT logger to WARN
18:58:05,831 |-INFO in ch.qos.logback.core.joran.action.AppenderRefAction - Attaching appender named [STDOUT] to Logger[ROOT]
18:58:05,833 |-INFO in ch.qos.logback.core.joran.action.AppenderRefAction - Attaching appender named [FILE] to Logger[ROOT]
18:58:05,833 |-INFO in ch.qos.logback.classic.joran.action.ConfigurationAction - End of configuration.
18:58:05,833 |-INFO in ch.qos.logback.classic.joran.JoranConfigurator@79698539 - Registering current configuration as safe fallback point

Ama winner
Ama winner
2019-06-10T18:58:07.161+0000: 1.783: [Full GC (Metadata GC Threshold) 2019-06-10T18:58:07.161+0000: 1.783: [Tenured: 0K->15177K(341376K), 0.0397318 secs] 114923K->15177K(494976K), [Metaspace: 20736K->20736K(1067008K)], 0.0397996 secs] [Times: user=0.04 sys=0.01, real=0.04 secs] 
18:58:24.670 [Curator-PathChildrenCache-1] WARN  o.a.c.u.ZKPaths  - The version of ZooKeeper being used doesn't support Container nodes. CreateMode.PERSISTENT will be used instead.
2019-06-10T18:58:26.826+0000: 21.448: [GC (Allocation Failure) 2019-06-10T18:58:26.826+0000: 21.448: [DefNew: 135652K->16576K(153600K), 0.0253546 secs] 150829K->51285K(494976K), 0.0254225 secs] [Times: user=0.01 sys=0.01, real=0.03 secs] 
2019-06-10T18:58:33.185+0000: 27.807: [GC (Allocation Failure) 2019-06-10T18:58:33.185+0000: 27.807: [DefNew: 153152K->1624K(153600K), 0.0102135 secs] 187861K->43247K(494976K), 0.0102781 secs] [Times: user=0.01 sys=0.00, real=0.01 secs] 
2019-06-10T18:58:34.459+0000: 29.081: [Full GC (Metadata GC Threshold) 2019-06-10T18:58:34.459+0000: 29.081: [Tenured: 41622K->43201K(341376K), 0.0379392 secs] 73058K->43201K(494976K), [Metaspace: 34633K->34633K(1079296K)], 0.0380164 secs] [Times: user=0.04 sys=0.00, real=0.04 secs] 
2019-06-10T18:58:40.797+0000: 35.419: [GC (Allocation Failure) 2019-06-10T18:58:40.797+0000: 35.419: [DefNew: 136576K->50K(153600K), 0.0017013 secs] 179777K->43252K(494976K), 0.0017616 secs] [Times: user=0.00 sys=0.00, real=0.00 secs] 
2019-06-10T18:58:47.121+0000: 41.743: [GC (Allocation Failure) 2019-06-10T18:58:47.121+0000: 41.743: [DefNew: 136626K->51K(153600K), 0.0016536 secs] 179828K->43253K(494976K), 0.0017156 secs] [Times: user=0.00 sys=0.00, real=0.00 secs] 
2019-06-10T18:58:53.506+0000: 48.128: [GC (Allocation Failure) 2019-06-10T18:58:53.506+0000: 48.128: [DefNew: 136627K->54K(153600K), 0.0017105 secs] 179829K->43256K(494976K), 0.0017710 secs] [Times: user=0.00 sys=0.00, real=0.01 secs] 
2019-06-10T18:59:01.082+0000: 55.704: [GC (Allocation Failure) 2019-06-10T18:59:01.082+0000: 55.704: [DefNew: 136630K->51K(153600K), 0.0016953 secs] 179832K->43253K(494976K), 0.0017654 secs] [Times: user=0.00 sys=0.00, real=0.00 secs] 
18:59:06.365 [Curator-PathChildrenCache-0] ERROR o.a.c.f.r.c.PathChildrenCache  - 
java.lang.IllegalStateException: instance must be started before calling this method
	at org.apache.curator.shaded.com.google.common.base.Preconditions.checkState(Preconditions.java:444)
	at org.apache.curator.framework.imps.CuratorFrameworkImpl.getChildren(CuratorFrameworkImpl.java:456)
	at org.apache.curator.framework.recipes.cache.PathChildrenCache.refresh(PathChildrenCache.java:521)
	at org.apache.curator.framework.recipes.cache.RefreshOperation.invoke(RefreshOperation.java:35)
	at org.apache.curator.framework.recipes.cache.PathChildrenCache$9.run(PathChildrenCache.java:786)
	at java.util.concurrent.Executors$RunnableAdapter.call(Executors.java:511)
	at java.util.concurrent.FutureTask.run(FutureTask.java:266)
	at java.util.concurrent.Executors$RunnableAdapter.call(Executors.java:511)
	at java.util.concurrent.FutureTask.run(FutureTask.java:266)
	at java.util.concurrent.ThreadPoolExecutor.runWorker(ThreadPoolExecutor.java:1149)
	at java.util.concurrent.ThreadPoolExecutor$Worker.run(ThreadPoolExecutor.java:624)
	at java.lang.Thread.run(Thread.java:748)
Heap
 def new generation   total 153600K, used 40342K [0x00000000e0c00000, 0x00000000eb2a0000, 0x00000000eb2a0000)
  eden space 136576K,  29% used [0x00000000e0c00000, 0x00000000e3358b60, 0x00000000e9160000)
  from space 17024K,   0% used [0x00000000e9160000, 0x00000000e916cd70, 0x00000000ea200000)
  to   space 17024K,   0% used [0x00000000ea200000, 0x00000000ea200000, 0x00000000eb2a0000)
 tenured generation   total 341376K, used 43201K [0x00000000eb2a0000, 0x0000000100000000, 0x0000000100000000)
   the space 341376K,  12% used [0x00000000eb2a0000, 0x00000000edcd0778, 0x00000000edcd0800, 0x0000000100000000)
 Metaspace       used 35941K, capacity 36864K, committed 37120K, reserved 1081344K
  class space    used 4862K, capacity 5074K, committed 5120K, reserved 1048576K
