19:32:38,333 |-INFO in ch.qos.logback.classic.LoggerContext[default] - Could NOT find resource [logback-test.xml]
19:32:38,333 |-INFO in ch.qos.logback.classic.LoggerContext[default] - Could NOT find resource [logback.groovy]
19:32:38,333 |-INFO in ch.qos.logback.classic.LoggerContext[default] - Found resource [logback.xml] at [jar:file:/root/flamestream/lib/flamestream-runtime-1.0-SNAPSHOT.jar!/logback.xml]
19:32:38,334 |-WARN in ch.qos.logback.classic.LoggerContext[default] - Resource [logback.xml] occurs multiple times on the classpath.
19:32:38,334 |-WARN in ch.qos.logback.classic.LoggerContext[default] - Resource [logback.xml] occurs at [jar:file:/root/flamestream/lib/flamestream-runtime-1.0-SNAPSHOT.jar!/logback.xml]
19:32:38,334 |-WARN in ch.qos.logback.classic.LoggerContext[default] - Resource [logback.xml] occurs at [jar:file:/root/flamestream/flamestream-runtime-1.0-SNAPSHOT.jar!/logback.xml]
19:32:38,359 |-INFO in ch.qos.logback.core.joran.spi.ConfigurationWatchList@3fb6a447 - URL [jar:file:/root/flamestream/lib/flamestream-runtime-1.0-SNAPSHOT.jar!/logback.xml] is not of type file
19:32:38,437 |-INFO in ch.qos.logback.classic.joran.action.ConfigurationAction - debug attribute not set
19:32:38,437 |-INFO in ch.qos.logback.core.joran.action.AppenderAction - About to instantiate appender of type [ch.qos.logback.core.ConsoleAppender]
19:32:38,455 |-INFO in ch.qos.logback.core.joran.action.AppenderAction - Naming appender as [STDOUT]
19:32:38,473 |-INFO in ch.qos.logback.core.joran.action.NestedComplexPropertyIA - Assuming default type [ch.qos.logback.classic.encoder.PatternLayoutEncoder] for [encoder] property
19:32:38,546 |-INFO in ch.qos.logback.core.joran.action.AppenderAction - About to instantiate appender of type [ch.qos.logback.core.rolling.RollingFileAppender]
19:32:38,555 |-INFO in ch.qos.logback.core.joran.action.AppenderAction - Naming appender as [FILE]
19:32:38,587 |-INFO in c.q.l.core.rolling.TimeBasedRollingPolicy@127618319 - No compression will be used
19:32:38,589 |-INFO in c.q.l.core.rolling.TimeBasedRollingPolicy@127618319 - Will use the pattern /tmp/application_%d{yyyy-MM-dd}.%i.log for the active file
19:32:38,592 |-INFO in ch.qos.logback.core.rolling.SizeAndTimeBasedFNATP@6b2fad11 - The date pattern is 'yyyy-MM-dd' from file name pattern '/tmp/application_%d{yyyy-MM-dd}.%i.log'.
19:32:38,592 |-INFO in ch.qos.logback.core.rolling.SizeAndTimeBasedFNATP@6b2fad11 - Roll-over at midnight.
19:32:38,597 |-INFO in ch.qos.logback.core.rolling.SizeAndTimeBasedFNATP@6b2fad11 - Setting initial period to Mon Jun 10 19:31:10 UTC 2019
19:32:38,597 |-WARN in ch.qos.logback.core.rolling.SizeAndTimeBasedFNATP@6b2fad11 - SizeAndTimeBasedFNATP is deprecated. Use SizeAndTimeBasedRollingPolicy instead
19:32:38,597 |-WARN in ch.qos.logback.core.rolling.SizeAndTimeBasedFNATP@6b2fad11 - For more information see http://logback.qos.ch/manual/appenders.html#SizeAndTimeBasedRollingPolicy
19:32:38,601 |-INFO in ch.qos.logback.core.joran.action.NestedComplexPropertyIA - Assuming default type [ch.qos.logback.classic.encoder.PatternLayoutEncoder] for [encoder] property
19:32:38,606 |-INFO in ch.qos.logback.core.rolling.RollingFileAppender[FILE] - Active log file name: /tmp/application.log
19:32:38,606 |-INFO in ch.qos.logback.core.rolling.RollingFileAppender[FILE] - File property is set to [/tmp/application.log]
19:32:38,607 |-INFO in ch.qos.logback.classic.joran.action.RootLoggerAction - Setting level of ROOT logger to WARN
19:32:38,607 |-INFO in ch.qos.logback.core.joran.action.AppenderRefAction - Attaching appender named [STDOUT] to Logger[ROOT]
19:32:38,609 |-INFO in ch.qos.logback.core.joran.action.AppenderRefAction - Attaching appender named [FILE] to Logger[ROOT]
19:32:38,609 |-INFO in ch.qos.logback.classic.joran.action.ConfigurationAction - End of configuration.
19:32:38,609 |-INFO in ch.qos.logback.classic.joran.JoranConfigurator@79698539 - Registering current configuration as safe fallback point

Ama winner
Ama winner
2019-06-10T19:32:39.947+0000: 1.798: [Full GC (Metadata GC Threshold) 2019-06-10T19:32:39.947+0000: 1.798: [Tenured: 0K->15208K(341376K), 0.0370347 secs] 114924K->15208K(494976K), [Metaspace: 20724K->20724K(1067008K)], 0.0371046 secs] [Times: user=0.04 sys=0.00, real=0.03 secs] 
19:32:52.308 [Curator-PathChildrenCache-1] WARN  o.a.c.u.ZKPaths  - The version of ZooKeeper being used doesn't support Container nodes. CreateMode.PERSISTENT will be used instead.
2019-06-10T19:32:54.652+0000: 16.504: [GC (Allocation Failure) 2019-06-10T19:32:54.652+0000: 16.504: [DefNew: 136576K->17023K(153600K), 0.0261038 secs] 151784K->52468K(494976K), 0.0261874 secs] [Times: user=0.02 sys=0.01, real=0.03 secs] 
2019-06-10T19:33:00.095+0000: 21.947: [GC (Allocation Failure) 2019-06-10T19:33:00.095+0000: 21.947: [DefNew: 153599K->202K(153600K), 0.0098180 secs] 189044K->43782K(494976K), 0.0098858 secs] [Times: user=0.00 sys=0.00, real=0.00 secs] 
2019-06-10T19:33:05.173+0000: 27.025: [GC (Allocation Failure) 2019-06-10T19:33:05.173+0000: 27.025: [DefNew: 136778K->190K(153600K), 0.0027260 secs] 180358K->43770K(494976K), 0.0027844 secs] [Times: user=0.00 sys=0.00, real=0.01 secs] 
2019-06-10T19:33:06.165+0000: 28.017: [Full GC (Metadata GC Threshold) 2019-06-10T19:33:06.165+0000: 28.017: [Tenured: 43579K->43769K(341376K), 0.0381594 secs] 72549K->43769K(494976K), [Metaspace: 34594K->34594K(1079296K)], 0.0382482 secs] [Times: user=0.04 sys=0.00, real=0.04 secs] 
2019-06-10T19:33:11.223+0000: 33.074: [GC (Allocation Failure) 2019-06-10T19:33:11.223+0000: 33.074: [DefNew: 136576K->53K(153600K), 0.0017854 secs] 180345K->43822K(494976K), 0.0018486 secs] [Times: user=0.00 sys=0.00, real=0.00 secs] 
2019-06-10T19:33:16.215+0000: 38.067: [GC (Allocation Failure) 2019-06-10T19:33:16.215+0000: 38.067: [DefNew: 136629K->51K(153600K), 0.0016081 secs] 180398K->43821K(494976K), 0.0016684 secs] [Times: user=0.01 sys=0.00, real=0.00 secs] 
2019-06-10T19:33:31.133+0000: 52.985: [GC (Allocation Failure) 2019-06-10T19:33:31.133+0000: 52.985: [DefNew: 136627K->88K(153600K), 0.0018830 secs] 180397K->43857K(494976K), 0.0019343 secs] [Times: user=0.00 sys=0.00, real=0.01 secs] 
19:33:31.205 [Curator-PathChildrenCache-0] ERROR o.a.c.f.r.c.PathChildrenCache  - 
java.lang.IllegalStateException: instance must be started before calling this method
	at org.apache.curator.shaded.com.google.common.base.Preconditions.checkState(Preconditions.java:444)
	at org.apache.curator.framework.imps.CuratorFrameworkImpl.getChildren(CuratorFrameworkImpl.java:456)
	at org.apache.curator.framework.recipes.cache.PathChildrenCache.refresh(PathChildrenCache.java:521)
	at org.apache.curator.framework.recipes.cache.RefreshOperation.invoke(RefreshOperation.java:35)
	at org.apache.curator.framework.recipes.cache.PathChildrenCache$9.run(PathChildrenCache.java:786)
	at java.util.concurrent.Executors$RunnableAdapter.call(Executors.java:511)
	at java.util.concurrent.FutureTask.run(FutureTask.java:266)
	at java.util.concurrent.Executors$RunnableAdapter.call(Executors.java:511)
	at java.util.concurrent.FutureTask.run(FutureTask.java:266)
	at java.util.concurrent.ThreadPoolExecutor.runWorker(ThreadPoolExecutor.java:1149)
	at java.util.concurrent.ThreadPoolExecutor$Worker.run(ThreadPoolExecutor.java:624)
	at java.lang.Thread.run(Thread.java:748)
Heap
 def new generation   total 153600K, used 16578K [0x00000000e0c00000, 0x00000000eb2a0000, 0x00000000eb2a0000)
  eden space 136576K,  12% used [0x00000000e0c00000, 0x00000000e1c1aa28, 0x00000000e9160000)
  from space 17024K,   0% used [0x00000000e9160000, 0x00000000e9176070, 0x00000000ea200000)
  to   space 17024K,   0% used [0x00000000ea200000, 0x00000000ea200000, 0x00000000eb2a0000)
 tenured generation   total 341376K, used 43769K [0x00000000eb2a0000, 0x0000000100000000, 0x0000000100000000)
   the space 341376K,  12% used [0x00000000eb2a0000, 0x00000000edd5e6b0, 0x00000000edd5e800, 0x0000000100000000)
 Metaspace       used 35603K, capacity 36480K, committed 36864K, reserved 1081344K
  class space    used 4801K, capacity 5010K, committed 5120K, reserved 1048576K
