09:23:57,078 |-INFO in ch.qos.logback.classic.LoggerContext[default] - Could NOT find resource [logback-test.xml]
09:23:57,078 |-INFO in ch.qos.logback.classic.LoggerContext[default] - Could NOT find resource [logback.groovy]
09:23:57,078 |-INFO in ch.qos.logback.classic.LoggerContext[default] - Found resource [logback.xml] at [jar:file:/home/nikitasokolov/flamestream/lib/flamestream-runtime-1.0-SNAPSHOT.jar!/logback.xml]
09:23:57,079 |-WARN in ch.qos.logback.classic.LoggerContext[default] - Resource [logback.xml] occurs multiple times on the classpath.
09:23:57,079 |-WARN in ch.qos.logback.classic.LoggerContext[default] - Resource [logback.xml] occurs at [jar:file:/home/nikitasokolov/flamestream/lib/flamestream-runtime-1.0-SNAPSHOT.jar!/logback.xml]
09:23:57,079 |-WARN in ch.qos.logback.classic.LoggerContext[default] - Resource [logback.xml] occurs at [jar:file:/home/nikitasokolov/flamestream/flamestream-runtime-1.0-SNAPSHOT.jar!/logback.xml]
09:23:57,094 |-INFO in ch.qos.logback.core.joran.spi.ConfigurationWatchList@6108b2d7 - URL [jar:file:/home/nikitasokolov/flamestream/lib/flamestream-runtime-1.0-SNAPSHOT.jar!/logback.xml] is not of type file
09:23:57,143 |-INFO in ch.qos.logback.classic.joran.action.ConfigurationAction - debug attribute not set
09:23:57,143 |-INFO in ch.qos.logback.core.joran.action.AppenderAction - About to instantiate appender of type [ch.qos.logback.core.ConsoleAppender]
09:23:57,151 |-INFO in ch.qos.logback.core.joran.action.AppenderAction - Naming appender as [STDOUT]
09:23:57,158 |-INFO in ch.qos.logback.core.joran.action.NestedComplexPropertyIA - Assuming default type [ch.qos.logback.classic.encoder.PatternLayoutEncoder] for [encoder] property
09:23:57,209 |-INFO in ch.qos.logback.core.joran.action.AppenderAction - About to instantiate appender of type [ch.qos.logback.core.rolling.RollingFileAppender]
09:23:57,214 |-INFO in ch.qos.logback.core.joran.action.AppenderAction - Naming appender as [FILE]
09:23:57,234 |-INFO in c.q.l.core.rolling.TimeBasedRollingPolicy@357863579 - No compression will be used
09:23:57,236 |-INFO in c.q.l.core.rolling.TimeBasedRollingPolicy@357863579 - Will use the pattern /tmp/application_%d{yyyy-MM-dd}.%i.log for the active file
09:23:57,239 |-INFO in ch.qos.logback.core.rolling.SizeAndTimeBasedFNATP@6bf256fa - The date pattern is 'yyyy-MM-dd' from file name pattern '/tmp/application_%d{yyyy-MM-dd}.%i.log'.
09:23:57,239 |-INFO in ch.qos.logback.core.rolling.SizeAndTimeBasedFNATP@6bf256fa - Roll-over at midnight.
09:23:57,242 |-INFO in ch.qos.logback.core.rolling.SizeAndTimeBasedFNATP@6bf256fa - Setting initial period to Sun Jun 09 09:23:09 MSK 2019
09:23:57,242 |-WARN in ch.qos.logback.core.rolling.SizeAndTimeBasedFNATP@6bf256fa - SizeAndTimeBasedFNATP is deprecated. Use SizeAndTimeBasedRollingPolicy instead
09:23:57,242 |-WARN in ch.qos.logback.core.rolling.SizeAndTimeBasedFNATP@6bf256fa - For more information see http://logback.qos.ch/manual/appenders.html#SizeAndTimeBasedRollingPolicy
09:23:57,247 |-INFO in ch.qos.logback.core.joran.action.NestedComplexPropertyIA - Assuming default type [ch.qos.logback.classic.encoder.PatternLayoutEncoder] for [encoder] property
09:23:57,249 |-INFO in ch.qos.logback.core.rolling.RollingFileAppender[FILE] - Active log file name: /tmp/application.log
09:23:57,249 |-INFO in ch.qos.logback.core.rolling.RollingFileAppender[FILE] - File property is set to [/tmp/application.log]
09:23:57,250 |-INFO in ch.qos.logback.classic.joran.action.RootLoggerAction - Setting level of ROOT logger to WARN
09:23:57,250 |-INFO in ch.qos.logback.core.joran.action.AppenderRefAction - Attaching appender named [STDOUT] to Logger[ROOT]
09:23:57,250 |-INFO in ch.qos.logback.core.joran.action.AppenderRefAction - Attaching appender named [FILE] to Logger[ROOT]
09:23:57,250 |-INFO in ch.qos.logback.classic.joran.action.ConfigurationAction - End of configuration.
09:23:57,251 |-INFO in ch.qos.logback.classic.joran.JoranConfigurator@6cd8737 - Registering current configuration as safe fallback point

2019-06-09T09:23:58.257+0300: 1.362: [GC (Metadata GC Threshold) [PSYoungGen: 110722K->15898K(149504K)] 110722K->15978K(491008K), 0.0301754 secs] [Times: user=0.17 sys=0.06, real=0.03 secs] 
2019-06-09T09:23:58.287+0300: 1.392: [Full GC (Metadata GC Threshold) [PSYoungGen: 15898K->0K(149504K)] [ParOldGen: 80K->15086K(341504K)] 15978K->15086K(491008K), [Metaspace: 20802K->20802K(1067008K)], 0.0302675 secs] [Times: user=0.17 sys=0.03, real=0.03 secs] 
09:24:10.975 [Curator-PathChildrenCache-1] WARN  o.a.c.u.ZKPaths  - The version of ZooKeeper being used doesn't support Container nodes. CreateMode.PERSISTENT will be used instead.
2019-06-09T09:24:11.955+0300: 15.060: [GC (Metadata GC Threshold) [PSYoungGen: 124896K->15681K(149504K)] 139982K->50307K(491008K), 0.0337971 secs] [Times: user=0.26 sys=0.05, real=0.03 secs] 
2019-06-09T09:24:11.989+0300: 15.094: [Full GC (Metadata GC Threshold) [PSYoungGen: 15681K->0K(149504K)] [ParOldGen: 34625K->38681K(341504K)] 50307K->38681K(491008K), [Metaspace: 34558K->34558K(1079296K)], 0.0536893 secs] [Times: user=0.37 sys=0.00, real=0.06 secs] 
2019-06-09T09:24:14.558+0300: 17.664: [GC (Allocation Failure) [PSYoungGen: 128512K->544K(149504K)] 167193K->39233K(491008K), 0.0028007 secs] [Times: user=0.01 sys=0.00, real=0.00 secs] 
2019-06-09T09:24:17.538+0300: 20.643: [GC (Allocation Failure) [PSYoungGen: 129056K->384K(149504K)] 167745K->39081K(491008K), 0.0038052 secs] [Times: user=0.01 sys=0.00, real=0.00 secs] 
2019-06-09T09:24:20.545+0300: 23.650: [GC (Allocation Failure) [PSYoungGen: 128896K->480K(129024K)] 167593K->39185K(470528K), 0.0053778 secs] [Times: user=0.01 sys=0.02, real=0.01 secs] 
2019-06-09T09:24:23.570+0300: 26.676: [GC (Allocation Failure) [PSYoungGen: 128992K->544K(150016K)] 167697K->39257K(491520K), 0.0032421 secs] [Times: user=0.01 sys=0.00, real=0.00 secs] 
2019-06-09T09:24:26.606+0300: 29.712: [GC (Allocation Failure) [PSYoungGen: 129056K->640K(148992K)] 167769K->39361K(490496K), 0.0029548 secs] [Times: user=0.02 sys=0.01, real=0.00 secs] 
2019-06-09T09:24:29.663+0300: 32.769: [GC (Allocation Failure) [PSYoungGen: 129152K->640K(151552K)] 167873K->39369K(493056K), 0.0043693 secs] [Times: user=0.03 sys=0.00, real=0.00 secs] 
2019-06-09T09:24:32.769+0300: 35.875: [GC (Allocation Failure) [PSYoungGen: 132736K->480K(151040K)] 171465K->39217K(492544K), 0.0032350 secs] [Times: user=0.01 sys=0.00, real=0.01 secs] 
2019-06-09T09:24:35.905+0300: 39.010: [GC (Allocation Failure) [PSYoungGen: 132576K->576K(153600K)] 171313K->39313K(495104K), 0.0028752 secs] [Times: user=0.02 sys=0.01, real=0.00 secs] 
2019-06-09T09:24:39.136+0300: 42.242: [GC (Allocation Failure) [PSYoungGen: 136256K->512K(152576K)] 174993K->39249K(494080K), 0.0027884 secs] [Times: user=0.01 sys=0.00, real=0.01 secs] 
2019-06-09T09:24:42.373+0300: 45.478: [GC (Allocation Failure) [PSYoungGen: 136192K->576K(155136K)] 174929K->39321K(496640K), 0.0023652 secs] [Times: user=0.01 sys=0.00, real=0.00 secs] 
2019-06-09T09:24:45.643+0300: 48.748: [GC (Allocation Failure) [PSYoungGen: 139328K->608K(154112K)] 178073K->39353K(495616K), 0.0047688 secs] [Times: user=0.02 sys=0.01, real=0.00 secs] 
09:24:57.046 [Curator-PathChildrenCache-0] ERROR o.a.c.f.r.c.PathChildrenCache  - 
java.lang.IllegalStateException: instance must be started before calling this method
	at org.apache.curator.shaded.com.google.common.base.Preconditions.checkState(Preconditions.java:444)
	at org.apache.curator.framework.imps.CuratorFrameworkImpl.getChildren(CuratorFrameworkImpl.java:456)
	at org.apache.curator.framework.recipes.cache.PathChildrenCache.refresh(PathChildrenCache.java:521)
	at org.apache.curator.framework.recipes.cache.RefreshOperation.invoke(RefreshOperation.java:35)
	at org.apache.curator.framework.recipes.cache.PathChildrenCache$9.run(PathChildrenCache.java:786)
	at java.util.concurrent.Executors$RunnableAdapter.call(Executors.java:511)
	at java.util.concurrent.FutureTask.run(FutureTask.java:266)
	at java.util.concurrent.Executors$RunnableAdapter.call(Executors.java:511)
	at java.util.concurrent.FutureTask.run(FutureTask.java:266)
	at java.util.concurrent.ThreadPoolExecutor.runWorker(ThreadPoolExecutor.java:1149)
	at java.util.concurrent.ThreadPoolExecutor$Worker.run(ThreadPoolExecutor.java:624)
	at java.lang.Thread.run(Thread.java:748)
Heap
 PSYoungGen      total 154112K, used 118948K [0x00000000f5980000, 0x0000000100000000, 0x0000000100000000)
  eden space 138752K, 85% used [0x00000000f5980000,0x00000000fcd112a0,0x00000000fe100000)
  from space 15360K, 3% used [0x00000000fe100000,0x00000000fe198060,0x00000000ff000000)
  to   space 14848K, 0% used [0x00000000ff180000,0x00000000ff180000,0x0000000100000000)
 ParOldGen       total 341504K, used 38745K [0x00000000e0c00000, 0x00000000f5980000, 0x00000000f5980000)
  object space 341504K, 11% used [0x00000000e0c00000,0x00000000e31d6550,0x00000000f5980000)
 Metaspace       used 35745K, capacity 36606K, committed 36952K, reserved 1081344K
  class space    used 4936K, capacity 5129K, committed 5248K, reserved 1048576K
