13:30:57,582 |-INFO in ch.qos.logback.classic.LoggerContext[default] - Could NOT find resource [logback-test.xml]
13:30:57,582 |-INFO in ch.qos.logback.classic.LoggerContext[default] - Could NOT find resource [logback.groovy]
13:30:57,582 |-INFO in ch.qos.logback.classic.LoggerContext[default] - Found resource [logback.xml] at [jar:file:/root/flamestream/lib/flamestream-runtime-1.0-SNAPSHOT.jar!/logback.xml]
13:30:57,583 |-WARN in ch.qos.logback.classic.LoggerContext[default] - Resource [logback.xml] occurs multiple times on the classpath.
13:30:57,585 |-WARN in ch.qos.logback.classic.LoggerContext[default] - Resource [logback.xml] occurs at [jar:file:/root/flamestream/lib/flamestream-runtime-1.0-SNAPSHOT.jar!/logback.xml]
13:30:57,585 |-WARN in ch.qos.logback.classic.LoggerContext[default] - Resource [logback.xml] occurs at [jar:file:/root/flamestream/flamestream-runtime-1.0-SNAPSHOT.jar!/logback.xml]
13:30:57,605 |-INFO in ch.qos.logback.core.joran.spi.ConfigurationWatchList@3fb6a447 - URL [jar:file:/root/flamestream/lib/flamestream-runtime-1.0-SNAPSHOT.jar!/logback.xml] is not of type file
13:30:57,675 |-INFO in ch.qos.logback.classic.joran.action.ConfigurationAction - debug attribute not set
13:30:57,676 |-INFO in ch.qos.logback.core.joran.action.AppenderAction - About to instantiate appender of type [ch.qos.logback.core.ConsoleAppender]
13:30:57,694 |-INFO in ch.qos.logback.core.joran.action.AppenderAction - Naming appender as [STDOUT]
13:30:57,712 |-INFO in ch.qos.logback.core.joran.action.NestedComplexPropertyIA - Assuming default type [ch.qos.logback.classic.encoder.PatternLayoutEncoder] for [encoder] property
13:30:57,797 |-INFO in ch.qos.logback.core.joran.action.AppenderAction - About to instantiate appender of type [ch.qos.logback.core.rolling.RollingFileAppender]
13:30:57,802 |-INFO in ch.qos.logback.core.joran.action.AppenderAction - Naming appender as [FILE]
13:30:57,834 |-INFO in c.q.l.core.rolling.TimeBasedRollingPolicy@127618319 - No compression will be used
13:30:57,835 |-INFO in c.q.l.core.rolling.TimeBasedRollingPolicy@127618319 - Will use the pattern /tmp/application_%d{yyyy-MM-dd}.%i.log for the active file
13:30:57,838 |-INFO in ch.qos.logback.core.rolling.SizeAndTimeBasedFNATP@6b2fad11 - The date pattern is 'yyyy-MM-dd' from file name pattern '/tmp/application_%d{yyyy-MM-dd}.%i.log'.
13:30:57,838 |-INFO in ch.qos.logback.core.rolling.SizeAndTimeBasedFNATP@6b2fad11 - Roll-over at midnight.
13:30:57,843 |-INFO in ch.qos.logback.core.rolling.SizeAndTimeBasedFNATP@6b2fad11 - Setting initial period to Mon Jun 10 13:29:42 UTC 2019
13:30:57,843 |-WARN in ch.qos.logback.core.rolling.SizeAndTimeBasedFNATP@6b2fad11 - SizeAndTimeBasedFNATP is deprecated. Use SizeAndTimeBasedRollingPolicy instead
13:30:57,843 |-WARN in ch.qos.logback.core.rolling.SizeAndTimeBasedFNATP@6b2fad11 - For more information see http://logback.qos.ch/manual/appenders.html#SizeAndTimeBasedRollingPolicy
13:30:57,847 |-INFO in ch.qos.logback.core.joran.action.NestedComplexPropertyIA - Assuming default type [ch.qos.logback.classic.encoder.PatternLayoutEncoder] for [encoder] property
13:30:57,852 |-INFO in ch.qos.logback.core.rolling.RollingFileAppender[FILE] - Active log file name: /tmp/application.log
13:30:57,852 |-INFO in ch.qos.logback.core.rolling.RollingFileAppender[FILE] - File property is set to [/tmp/application.log]
13:30:57,852 |-INFO in ch.qos.logback.classic.joran.action.RootLoggerAction - Setting level of ROOT logger to WARN
13:30:57,853 |-INFO in ch.qos.logback.core.joran.action.AppenderRefAction - Attaching appender named [STDOUT] to Logger[ROOT]
13:30:57,854 |-INFO in ch.qos.logback.core.joran.action.AppenderRefAction - Attaching appender named [FILE] to Logger[ROOT]
13:30:57,854 |-INFO in ch.qos.logback.classic.joran.action.ConfigurationAction - End of configuration.
13:30:57,855 |-INFO in ch.qos.logback.classic.joran.JoranConfigurator@79698539 - Registering current configuration as safe fallback point

Ama winner
Ama winner
2019-06-10T13:30:59.154+0000: 1.753: [Full GC (Metadata GC Threshold) 2019-06-10T13:30:59.154+0000: 1.753: [Tenured: 0K->15208K(341376K), 0.0395632 secs] 114988K->15208K(494976K), [Metaspace: 20737K->20737K(1067008K)], 0.0396303 secs] [Times: user=0.03 sys=0.00, real=0.04 secs] 
13:31:12.533 [Curator-PathChildrenCache-1] WARN  o.a.c.u.ZKPaths  - The version of ZooKeeper being used doesn't support Container nodes. CreateMode.PERSISTENT will be used instead.
2019-06-10T13:31:14.700+0000: 17.299: [GC (Allocation Failure) 2019-06-10T13:31:14.700+0000: 17.299: [DefNew: 136576K->17024K(153600K), 0.0285326 secs] 151784K->52746K(494976K), 0.0286022 secs] [Times: user=0.02 sys=0.01, real=0.02 secs] 
2019-06-10T13:31:15.912+0000: 18.512: [Full GC (Metadata GC Threshold) 2019-06-10T13:31:15.912+0000: 18.512: [Tenured: 35722K->44508K(341376K), 0.0404681 secs] 79893K->44508K(494976K), [Metaspace: 34593K->34593K(1079296K)], 0.0405427 secs] [Times: user=0.04 sys=0.00, real=0.04 secs] 
2019-06-10T13:31:22.130+0000: 24.730: [GC (Allocation Failure) 2019-06-10T13:31:22.130+0000: 24.730: [DefNew: 136576K->66K(153600K), 0.0018726 secs] 181084K->44574K(494976K), 0.0019335 secs] [Times: user=0.00 sys=0.00, real=0.01 secs] 
2019-06-10T13:31:28.324+0000: 30.923: [GC (Allocation Failure) 2019-06-10T13:31:28.324+0000: 30.923: [DefNew: 136642K->73K(153600K), 0.0017776 secs] 181150K->44581K(494976K), 0.0018503 secs] [Times: user=0.00 sys=0.01, real=0.00 secs] 
2019-06-10T13:31:34.514+0000: 37.113: [GC (Allocation Failure) 2019-06-10T13:31:34.514+0000: 37.113: [DefNew: 136649K->72K(153600K), 0.0017887 secs] 181157K->44580K(494976K), 0.0018676 secs] [Times: user=0.01 sys=0.00, real=0.00 secs] 
2019-06-10T13:31:40.670+0000: 43.270: [GC (Allocation Failure) 2019-06-10T13:31:40.670+0000: 43.270: [DefNew: 136648K->76K(153600K), 0.0017776 secs] 181156K->44584K(494976K), 0.0018394 secs] [Times: user=0.00 sys=0.00, real=0.01 secs] 
2019-06-10T13:31:46.878+0000: 49.478: [GC (Allocation Failure) 2019-06-10T13:31:46.878+0000: 49.478: [DefNew: 136652K->78K(153600K), 0.0018016 secs] 181160K->44586K(494976K), 0.0018635 secs] [Times: user=0.00 sys=0.00, real=0.01 secs] 
13:31:53.259 [Curator-PathChildrenCache-0] ERROR o.a.c.f.r.c.PathChildrenCache  - 
java.lang.IllegalStateException: instance must be started before calling this method
	at org.apache.curator.shaded.com.google.common.base.Preconditions.checkState(Preconditions.java:444)
	at org.apache.curator.framework.imps.CuratorFrameworkImpl.getChildren(CuratorFrameworkImpl.java:456)
	at org.apache.curator.framework.recipes.cache.PathChildrenCache.refresh(PathChildrenCache.java:521)
	at org.apache.curator.framework.recipes.cache.RefreshOperation.invoke(RefreshOperation.java:35)
	at org.apache.curator.framework.recipes.cache.PathChildrenCache$9.run(PathChildrenCache.java:786)
	at java.util.concurrent.Executors$RunnableAdapter.call(Executors.java:511)
	at java.util.concurrent.FutureTask.run(FutureTask.java:266)
	at java.util.concurrent.Executors$RunnableAdapter.call(Executors.java:511)
	at java.util.concurrent.FutureTask.run(FutureTask.java:266)
	at java.util.concurrent.ThreadPoolExecutor.runWorker(ThreadPoolExecutor.java:1149)
	at java.util.concurrent.ThreadPoolExecutor$Worker.run(ThreadPoolExecutor.java:624)
	at java.lang.Thread.run(Thread.java:748)
Heap
 def new generation   total 153600K, used 69333K [0x00000000e0c00000, 0x00000000eb2a0000, 0x00000000eb2a0000)
  eden space 136576K,  50% used [0x00000000e0c00000, 0x00000000e4fa1d78, 0x00000000e9160000)
  from space 17024K,   0% used [0x00000000e9160000, 0x00000000e9173958, 0x00000000ea200000)
  to   space 17024K,   0% used [0x00000000ea200000, 0x00000000ea200000, 0x00000000eb2a0000)
 tenured generation   total 341376K, used 44508K [0x00000000eb2a0000, 0x0000000100000000, 0x0000000100000000)
   the space 341376K,  13% used [0x00000000eb2a0000, 0x00000000ede17000, 0x00000000ede17000, 0x0000000100000000)
 Metaspace       used 35914K, capacity 36772K, committed 37120K, reserved 1081344K
  class space    used 4831K, capacity 5042K, committed 5120K, reserved 1048576K
