15:43:21,537 |-INFO in ch.qos.logback.classic.LoggerContext[default] - Could NOT find resource [logback-test.xml]
15:43:21,538 |-INFO in ch.qos.logback.classic.LoggerContext[default] - Could NOT find resource [logback.groovy]
15:43:21,538 |-INFO in ch.qos.logback.classic.LoggerContext[default] - Found resource [logback.xml] at [jar:file:/root/flamestream/lib/flamestream-runtime-1.0-SNAPSHOT.jar!/logback.xml]
15:43:21,538 |-WARN in ch.qos.logback.classic.LoggerContext[default] - Resource [logback.xml] occurs multiple times on the classpath.
15:43:21,538 |-WARN in ch.qos.logback.classic.LoggerContext[default] - Resource [logback.xml] occurs at [jar:file:/root/flamestream/lib/flamestream-runtime-1.0-SNAPSHOT.jar!/logback.xml]
15:43:21,538 |-WARN in ch.qos.logback.classic.LoggerContext[default] - Resource [logback.xml] occurs at [jar:file:/root/flamestream/flamestream-runtime-1.0-SNAPSHOT.jar!/logback.xml]
15:43:21,562 |-INFO in ch.qos.logback.core.joran.spi.ConfigurationWatchList@3fb6a447 - URL [jar:file:/root/flamestream/lib/flamestream-runtime-1.0-SNAPSHOT.jar!/logback.xml] is not of type file
15:43:21,629 |-INFO in ch.qos.logback.classic.joran.action.ConfigurationAction - debug attribute not set
15:43:21,630 |-INFO in ch.qos.logback.core.joran.action.AppenderAction - About to instantiate appender of type [ch.qos.logback.core.ConsoleAppender]
15:43:21,646 |-INFO in ch.qos.logback.core.joran.action.AppenderAction - Naming appender as [STDOUT]
15:43:21,664 |-INFO in ch.qos.logback.core.joran.action.NestedComplexPropertyIA - Assuming default type [ch.qos.logback.classic.encoder.PatternLayoutEncoder] for [encoder] property
15:43:21,747 |-INFO in ch.qos.logback.core.joran.action.AppenderAction - About to instantiate appender of type [ch.qos.logback.core.rolling.RollingFileAppender]
15:43:21,755 |-INFO in ch.qos.logback.core.joran.action.AppenderAction - Naming appender as [FILE]
15:43:21,785 |-INFO in c.q.l.core.rolling.TimeBasedRollingPolicy@127618319 - No compression will be used
15:43:21,786 |-INFO in c.q.l.core.rolling.TimeBasedRollingPolicy@127618319 - Will use the pattern /tmp/application_%d{yyyy-MM-dd}.%i.log for the active file
15:43:21,789 |-INFO in ch.qos.logback.core.rolling.SizeAndTimeBasedFNATP@6b2fad11 - The date pattern is 'yyyy-MM-dd' from file name pattern '/tmp/application_%d{yyyy-MM-dd}.%i.log'.
15:43:21,789 |-INFO in ch.qos.logback.core.rolling.SizeAndTimeBasedFNATP@6b2fad11 - Roll-over at midnight.
15:43:21,794 |-INFO in ch.qos.logback.core.rolling.SizeAndTimeBasedFNATP@6b2fad11 - Setting initial period to Mon Jun 10 15:42:07 UTC 2019
15:43:21,794 |-WARN in ch.qos.logback.core.rolling.SizeAndTimeBasedFNATP@6b2fad11 - SizeAndTimeBasedFNATP is deprecated. Use SizeAndTimeBasedRollingPolicy instead
15:43:21,794 |-WARN in ch.qos.logback.core.rolling.SizeAndTimeBasedFNATP@6b2fad11 - For more information see http://logback.qos.ch/manual/appenders.html#SizeAndTimeBasedRollingPolicy
15:43:21,798 |-INFO in ch.qos.logback.core.joran.action.NestedComplexPropertyIA - Assuming default type [ch.qos.logback.classic.encoder.PatternLayoutEncoder] for [encoder] property
15:43:21,803 |-INFO in ch.qos.logback.core.rolling.RollingFileAppender[FILE] - Active log file name: /tmp/application.log
15:43:21,803 |-INFO in ch.qos.logback.core.rolling.RollingFileAppender[FILE] - File property is set to [/tmp/application.log]
15:43:21,804 |-INFO in ch.qos.logback.classic.joran.action.RootLoggerAction - Setting level of ROOT logger to WARN
15:43:21,804 |-INFO in ch.qos.logback.core.joran.action.AppenderRefAction - Attaching appender named [STDOUT] to Logger[ROOT]
15:43:21,806 |-INFO in ch.qos.logback.core.joran.action.AppenderRefAction - Attaching appender named [FILE] to Logger[ROOT]
15:43:21,806 |-INFO in ch.qos.logback.classic.joran.action.ConfigurationAction - End of configuration.
15:43:21,806 |-INFO in ch.qos.logback.classic.joran.JoranConfigurator@79698539 - Registering current configuration as safe fallback point

Ama winner
Ama winner
2019-06-10T15:43:23.060+0000: 1.704: [Full GC (Metadata GC Threshold) 2019-06-10T15:43:23.060+0000: 1.704: [Tenured: 0K->15146K(341376K), 0.0348563 secs] 114987K->15146K(494976K), [Metaspace: 20732K->20732K(1067008K)], 0.0349232 secs] [Times: user=0.03 sys=0.00, real=0.04 secs] 
15:43:36.465 [Curator-PathChildrenCache-2] WARN  o.a.c.u.ZKPaths  - The version of ZooKeeper being used doesn't support Container nodes. CreateMode.PERSISTENT will be used instead.
2019-06-10T15:43:38.748+0000: 17.392: [GC (Allocation Failure) 2019-06-10T15:43:38.749+0000: 17.392: [DefNew: 136576K->17023K(153600K), 0.0280135 secs] 151722K->52833K(494976K), 0.0280835 secs] [Times: user=0.02 sys=0.01, real=0.03 secs] 
2019-06-10T15:43:39.283+0000: 17.926: [Full GC (Metadata GC Threshold) 2019-06-10T15:43:39.283+0000: 17.926: [Tenured: 35809K->44427K(341376K), 0.0444462 secs] 73291K->44427K(494976K), [Metaspace: 34626K->34626K(1079296K)], 0.0445259 secs] [Times: user=0.04 sys=0.00, real=0.05 secs] 
2019-06-10T15:43:41.451+0000: 20.095: [GC (Allocation Failure) 2019-06-10T15:43:41.451+0000: 20.095: [DefNew: 136576K->207K(153600K), 0.0021668 secs] 181003K->44635K(494976K), 0.0022262 secs] [Times: user=0.01 sys=0.00, real=0.00 secs] 
2019-06-10T15:43:43.024+0000: 21.668: [GC (Allocation Failure) 2019-06-10T15:43:43.024+0000: 21.668: [DefNew: 136783K->215K(153600K), 0.0019666 secs] 181211K->44643K(494976K), 0.0020319 secs] [Times: user=0.00 sys=0.00, real=0.00 secs] 
2019-06-10T15:43:44.446+0000: 23.089: [GC (Allocation Failure) 2019-06-10T15:43:44.446+0000: 23.089: [DefNew: 136791K->197K(153600K), 0.0019018 secs] 181219K->44625K(494976K), 0.0019690 secs] [Times: user=0.00 sys=0.00, real=0.01 secs] 
2019-06-10T15:43:45.967+0000: 24.611: [GC (Allocation Failure) 2019-06-10T15:43:45.967+0000: 24.611: [DefNew: 136773K->221K(153600K), 0.0019205 secs] 181201K->44649K(494976K), 0.0019781 secs] [Times: user=0.01 sys=0.00, real=0.00 secs] 
2019-06-10T15:43:47.499+0000: 26.143: [GC (Allocation Failure) 2019-06-10T15:43:47.499+0000: 26.143: [DefNew: 136797K->204K(153600K), 0.0019285 secs] 181225K->44632K(494976K), 0.0019872 secs] [Times: user=0.00 sys=0.00, real=0.00 secs] 
15:43:53.187 [Curator-PathChildrenCache-0] ERROR o.a.c.f.r.c.PathChildrenCache  - 
java.lang.IllegalStateException: instance must be started before calling this method
	at org.apache.curator.shaded.com.google.common.base.Preconditions.checkState(Preconditions.java:444)
	at org.apache.curator.framework.imps.CuratorFrameworkImpl.getChildren(CuratorFrameworkImpl.java:456)
	at org.apache.curator.framework.recipes.cache.PathChildrenCache.refresh(PathChildrenCache.java:521)
	at org.apache.curator.framework.recipes.cache.RefreshOperation.invoke(RefreshOperation.java:35)
	at org.apache.curator.framework.recipes.cache.PathChildrenCache$9.run(PathChildrenCache.java:786)
	at java.util.concurrent.Executors$RunnableAdapter.call(Executors.java:511)
	at java.util.concurrent.FutureTask.run(FutureTask.java:266)
	at java.util.concurrent.Executors$RunnableAdapter.call(Executors.java:511)
	at java.util.concurrent.FutureTask.run(FutureTask.java:266)
	at java.util.concurrent.ThreadPoolExecutor.runWorker(ThreadPoolExecutor.java:1149)
	at java.util.concurrent.ThreadPoolExecutor$Worker.run(ThreadPoolExecutor.java:624)
	at java.lang.Thread.run(Thread.java:748)
Heap
 def new generation   total 153600K, used 63308K [0x00000000e0c00000, 0x00000000eb2a0000, 0x00000000eb2a0000)
  eden space 136576K,  46% used [0x00000000e0c00000, 0x00000000e499ffa8, 0x00000000e9160000)
  from space 17024K,   1% used [0x00000000e9160000, 0x00000000e9193268, 0x00000000ea200000)
  to   space 17024K,   0% used [0x00000000ea200000, 0x00000000ea200000, 0x00000000eb2a0000)
 tenured generation   total 341376K, used 44427K [0x00000000eb2a0000, 0x0000000100000000, 0x0000000100000000)
   the space 341376K,  13% used [0x00000000eb2a0000, 0x00000000ede02f90, 0x00000000ede03000, 0x0000000100000000)
 Metaspace       used 35966K, capacity 36936K, committed 37120K, reserved 1081344K
  class space    used 4859K, capacity 5060K, committed 5120K, reserved 1048576K
