18:12:10,933 |-INFO in ch.qos.logback.classic.LoggerContext[default] - Could NOT find resource [logback-test.xml]
18:12:10,933 |-INFO in ch.qos.logback.classic.LoggerContext[default] - Could NOT find resource [logback.groovy]
18:12:10,933 |-INFO in ch.qos.logback.classic.LoggerContext[default] - Found resource [logback.xml] at [jar:file:/root/flamestream/lib/flamestream-runtime-1.0-SNAPSHOT.jar!/logback.xml]
18:12:10,938 |-WARN in ch.qos.logback.classic.LoggerContext[default] - Resource [logback.xml] occurs multiple times on the classpath.
18:12:10,939 |-WARN in ch.qos.logback.classic.LoggerContext[default] - Resource [logback.xml] occurs at [jar:file:/root/flamestream/lib/flamestream-runtime-1.0-SNAPSHOT.jar!/logback.xml]
18:12:10,939 |-WARN in ch.qos.logback.classic.LoggerContext[default] - Resource [logback.xml] occurs at [jar:file:/root/flamestream/flamestream-runtime-1.0-SNAPSHOT.jar!/logback.xml]
18:12:10,958 |-INFO in ch.qos.logback.core.joran.spi.ConfigurationWatchList@3fb6a447 - URL [jar:file:/root/flamestream/lib/flamestream-runtime-1.0-SNAPSHOT.jar!/logback.xml] is not of type file
18:12:11,024 |-INFO in ch.qos.logback.classic.joran.action.ConfigurationAction - debug attribute not set
18:12:11,024 |-INFO in ch.qos.logback.core.joran.action.AppenderAction - About to instantiate appender of type [ch.qos.logback.core.ConsoleAppender]
18:12:11,040 |-INFO in ch.qos.logback.core.joran.action.AppenderAction - Naming appender as [STDOUT]
18:12:11,054 |-INFO in ch.qos.logback.core.joran.action.NestedComplexPropertyIA - Assuming default type [ch.qos.logback.classic.encoder.PatternLayoutEncoder] for [encoder] property
18:12:11,158 |-INFO in ch.qos.logback.core.joran.action.AppenderAction - About to instantiate appender of type [ch.qos.logback.core.rolling.RollingFileAppender]
18:12:11,169 |-INFO in ch.qos.logback.core.joran.action.AppenderAction - Naming appender as [FILE]
18:12:11,199 |-INFO in c.q.l.core.rolling.TimeBasedRollingPolicy@127618319 - No compression will be used
18:12:11,200 |-INFO in c.q.l.core.rolling.TimeBasedRollingPolicy@127618319 - Will use the pattern /tmp/application_%d{yyyy-MM-dd}.%i.log for the active file
18:12:11,203 |-INFO in ch.qos.logback.core.rolling.SizeAndTimeBasedFNATP@6b2fad11 - The date pattern is 'yyyy-MM-dd' from file name pattern '/tmp/application_%d{yyyy-MM-dd}.%i.log'.
18:12:11,203 |-INFO in ch.qos.logback.core.rolling.SizeAndTimeBasedFNATP@6b2fad11 - Roll-over at midnight.
18:12:11,208 |-INFO in ch.qos.logback.core.rolling.SizeAndTimeBasedFNATP@6b2fad11 - Setting initial period to Tue Jun 11 18:11:01 UTC 2019
18:12:11,208 |-WARN in ch.qos.logback.core.rolling.SizeAndTimeBasedFNATP@6b2fad11 - SizeAndTimeBasedFNATP is deprecated. Use SizeAndTimeBasedRollingPolicy instead
18:12:11,208 |-WARN in ch.qos.logback.core.rolling.SizeAndTimeBasedFNATP@6b2fad11 - For more information see http://logback.qos.ch/manual/appenders.html#SizeAndTimeBasedRollingPolicy
18:12:11,213 |-INFO in ch.qos.logback.core.joran.action.NestedComplexPropertyIA - Assuming default type [ch.qos.logback.classic.encoder.PatternLayoutEncoder] for [encoder] property
18:12:11,218 |-INFO in ch.qos.logback.core.rolling.RollingFileAppender[FILE] - Active log file name: /tmp/application.log
18:12:11,218 |-INFO in ch.qos.logback.core.rolling.RollingFileAppender[FILE] - File property is set to [/tmp/application.log]
18:12:11,219 |-INFO in ch.qos.logback.classic.joran.action.RootLoggerAction - Setting level of ROOT logger to WARN
18:12:11,219 |-INFO in ch.qos.logback.core.joran.action.AppenderRefAction - Attaching appender named [STDOUT] to Logger[ROOT]
18:12:11,221 |-INFO in ch.qos.logback.core.joran.action.AppenderRefAction - Attaching appender named [FILE] to Logger[ROOT]
18:12:11,221 |-INFO in ch.qos.logback.classic.joran.action.ConfigurationAction - End of configuration.
18:12:11,221 |-INFO in ch.qos.logback.classic.joran.JoranConfigurator@79698539 - Registering current configuration as safe fallback point

Ama winner
Ama winner
2019-06-11T18:12:12.688+0000: 1.936: [Full GC (Metadata GC Threshold) 2019-06-11T18:12:12.688+0000: 1.936: [Tenured: 0K->15240K(341376K), 0.0739275 secs] 117751K->15240K(494976K), [Metaspace: 20728K->20728K(1067008K)], 0.0739960 secs] [Times: user=0.04 sys=0.00, real=0.07 secs] 
18:12:23.716 [Curator-PathChildrenCache-3] WARN  o.a.c.u.ZKPaths  - The version of ZooKeeper being used doesn't support Container nodes. CreateMode.PERSISTENT will be used instead.
2019-06-11T18:12:25.408+0000: 14.655: [Full GC (Metadata GC Threshold) 2019-06-11T18:12:25.408+0000: 14.655: [Tenured: 15240K->49807K(341376K), 0.0599249 secs] 146274K->49807K(494976K), [Metaspace: 34387K->34387K(1079296K)], 0.0600012 secs] [Times: user=0.05 sys=0.02, real=0.06 secs] 
2019-06-11T18:12:31.450+0000: 20.697: [GC (Allocation Failure) 2019-06-11T18:12:31.450+0000: 20.697: [DefNew: 136576K->99K(153600K), 0.0040289 secs] 186383K->49906K(494976K), 0.0040877 secs] [Times: user=0.00 sys=0.00, real=0.01 secs] 
2019-06-11T18:12:39.125+0000: 28.372: [GC (Allocation Failure) 2019-06-11T18:12:39.125+0000: 28.372: [DefNew: 136675K->99K(153600K), 0.0016382 secs] 186482K->49906K(494976K), 0.0016941 secs] [Times: user=0.01 sys=0.00, real=0.01 secs] 
2019-06-11T18:12:46.712+0000: 35.959: [GC (Allocation Failure) 2019-06-11T18:12:46.712+0000: 35.959: [DefNew: 136675K->101K(153600K), 0.0016194 secs] 186482K->49908K(494976K), 0.0016980 secs] [Times: user=0.00 sys=0.00, real=0.01 secs] 
2019-06-11T18:12:54.535+0000: 43.782: [GC (Allocation Failure) 2019-06-11T18:12:54.535+0000: 43.782: [DefNew: 136677K->101K(153600K), 0.0016750 secs] 186484K->49908K(494976K), 0.0017344 secs] [Times: user=0.01 sys=0.00, real=0.00 secs] 
2019-06-11T18:13:02.397+0000: 51.644: [GC (Allocation Failure) 2019-06-11T18:13:02.397+0000: 51.644: [DefNew: 136677K->101K(153600K), 0.0016859 secs] 186484K->49908K(494976K), 0.0017469 secs] [Times: user=0.01 sys=0.00, real=0.00 secs] 
2019-06-11T18:13:10.195+0000: 59.443: [GC (Allocation Failure) 2019-06-11T18:13:10.195+0000: 59.443: [DefNew: 136677K->103K(153600K), 0.0016955 secs] 186484K->49910K(494976K), 0.0017563 secs] [Times: user=0.00 sys=0.00, real=0.00 secs] 
2019-06-11T18:13:19.425+0000: 68.672: [GC (Allocation Failure) 2019-06-11T18:13:19.425+0000: 68.672: [DefNew: 136679K->403K(153600K), 0.0020443 secs] 186486K->50210K(494976K), 0.0021085 secs] [Times: user=0.01 sys=0.00, real=0.01 secs] 
2019-06-11T18:13:29.756+0000: 79.004: [GC (Allocation Failure) 2019-06-11T18:13:29.756+0000: 79.004: [DefNew: 136979K->155K(153600K), 0.0018819 secs] 186786K->49962K(494976K), 0.0019457 secs] [Times: user=0.00 sys=0.00, real=0.00 secs] 
18:13:43.783 [Curator-PathChildrenCache-0] ERROR o.a.c.f.r.c.PathChildrenCache  - 
java.lang.IllegalStateException: instance must be started before calling this method
	at org.apache.curator.shaded.com.google.common.base.Preconditions.checkState(Preconditions.java:444)
	at org.apache.curator.framework.imps.CuratorFrameworkImpl.getChildren(CuratorFrameworkImpl.java:456)
	at org.apache.curator.framework.recipes.cache.PathChildrenCache.refresh(PathChildrenCache.java:521)
	at org.apache.curator.framework.recipes.cache.RefreshOperation.invoke(RefreshOperation.java:35)
	at org.apache.curator.framework.recipes.cache.PathChildrenCache$9.run(PathChildrenCache.java:786)
	at java.util.concurrent.Executors$RunnableAdapter.call(Executors.java:511)
	at java.util.concurrent.FutureTask.run(FutureTask.java:266)
	at java.util.concurrent.Executors$RunnableAdapter.call(Executors.java:511)
	at java.util.concurrent.FutureTask.run(FutureTask.java:266)
	at java.util.concurrent.ThreadPoolExecutor.runWorker(ThreadPoolExecutor.java:1149)
	at java.util.concurrent.ThreadPoolExecutor$Worker.run(ThreadPoolExecutor.java:624)
	at java.lang.Thread.run(Thread.java:748)
Heap
 def new generation   total 153600K, used 109089K [0x00000000e0c00000, 0x00000000eb2a0000, 0x00000000eb2a0000)
  eden space 136576K,  79% used [0x00000000e0c00000, 0x00000000e7661698, 0x00000000e9160000)
  from space 17024K,   0% used [0x00000000e9160000, 0x00000000e9186eb0, 0x00000000ea200000)
  to   space 17024K,   0% used [0x00000000ea200000, 0x00000000ea200000, 0x00000000eb2a0000)
 tenured generation   total 341376K, used 49807K [0x00000000eb2a0000, 0x0000000100000000, 0x0000000100000000)
   the space 341376K,  14% used [0x00000000eb2a0000, 0x00000000ee343c20, 0x00000000ee343e00, 0x0000000100000000)
 Metaspace       used 35891K, capacity 36802K, committed 36864K, reserved 1081344K
  class space    used 4892K, capacity 5113K, committed 5120K, reserved 1048576K
