19:47:46,836 |-INFO in ch.qos.logback.classic.LoggerContext[default] - Could NOT find resource [logback-test.xml]
19:47:46,837 |-INFO in ch.qos.logback.classic.LoggerContext[default] - Could NOT find resource [logback.groovy]
19:47:46,837 |-INFO in ch.qos.logback.classic.LoggerContext[default] - Found resource [logback.xml] at [jar:file:/root/flamestream/lib/flamestream-runtime-1.0-SNAPSHOT.jar!/logback.xml]
19:47:46,838 |-WARN in ch.qos.logback.classic.LoggerContext[default] - Resource [logback.xml] occurs multiple times on the classpath.
19:47:46,838 |-WARN in ch.qos.logback.classic.LoggerContext[default] - Resource [logback.xml] occurs at [jar:file:/root/flamestream/lib/flamestream-runtime-1.0-SNAPSHOT.jar!/logback.xml]
19:47:46,838 |-WARN in ch.qos.logback.classic.LoggerContext[default] - Resource [logback.xml] occurs at [jar:file:/root/flamestream/flamestream-runtime-1.0-SNAPSHOT.jar!/logback.xml]
19:47:46,857 |-INFO in ch.qos.logback.core.joran.spi.ConfigurationWatchList@3fb6a447 - URL [jar:file:/root/flamestream/lib/flamestream-runtime-1.0-SNAPSHOT.jar!/logback.xml] is not of type file
19:47:46,924 |-INFO in ch.qos.logback.classic.joran.action.ConfigurationAction - debug attribute not set
19:47:46,924 |-INFO in ch.qos.logback.core.joran.action.AppenderAction - About to instantiate appender of type [ch.qos.logback.core.ConsoleAppender]
19:47:46,940 |-INFO in ch.qos.logback.core.joran.action.AppenderAction - Naming appender as [STDOUT]
19:47:46,959 |-INFO in ch.qos.logback.core.joran.action.NestedComplexPropertyIA - Assuming default type [ch.qos.logback.classic.encoder.PatternLayoutEncoder] for [encoder] property
19:47:47,042 |-INFO in ch.qos.logback.core.joran.action.AppenderAction - About to instantiate appender of type [ch.qos.logback.core.rolling.RollingFileAppender]
19:47:47,047 |-INFO in ch.qos.logback.core.joran.action.AppenderAction - Naming appender as [FILE]
19:47:47,077 |-INFO in c.q.l.core.rolling.TimeBasedRollingPolicy@127618319 - No compression will be used
19:47:47,078 |-INFO in c.q.l.core.rolling.TimeBasedRollingPolicy@127618319 - Will use the pattern /tmp/application_%d{yyyy-MM-dd}.%i.log for the active file
19:47:47,081 |-INFO in ch.qos.logback.core.rolling.SizeAndTimeBasedFNATP@6b2fad11 - The date pattern is 'yyyy-MM-dd' from file name pattern '/tmp/application_%d{yyyy-MM-dd}.%i.log'.
19:47:47,081 |-INFO in ch.qos.logback.core.rolling.SizeAndTimeBasedFNATP@6b2fad11 - Roll-over at midnight.
19:47:47,086 |-INFO in ch.qos.logback.core.rolling.SizeAndTimeBasedFNATP@6b2fad11 - Setting initial period to Mon Jun 10 19:46:19 UTC 2019
19:47:47,086 |-WARN in ch.qos.logback.core.rolling.SizeAndTimeBasedFNATP@6b2fad11 - SizeAndTimeBasedFNATP is deprecated. Use SizeAndTimeBasedRollingPolicy instead
19:47:47,086 |-WARN in ch.qos.logback.core.rolling.SizeAndTimeBasedFNATP@6b2fad11 - For more information see http://logback.qos.ch/manual/appenders.html#SizeAndTimeBasedRollingPolicy
19:47:47,090 |-INFO in ch.qos.logback.core.joran.action.NestedComplexPropertyIA - Assuming default type [ch.qos.logback.classic.encoder.PatternLayoutEncoder] for [encoder] property
19:47:47,095 |-INFO in ch.qos.logback.core.rolling.RollingFileAppender[FILE] - Active log file name: /tmp/application.log
19:47:47,095 |-INFO in ch.qos.logback.core.rolling.RollingFileAppender[FILE] - File property is set to [/tmp/application.log]
19:47:47,096 |-INFO in ch.qos.logback.classic.joran.action.RootLoggerAction - Setting level of ROOT logger to WARN
19:47:47,096 |-INFO in ch.qos.logback.core.joran.action.AppenderRefAction - Attaching appender named [STDOUT] to Logger[ROOT]
19:47:47,098 |-INFO in ch.qos.logback.core.joran.action.AppenderRefAction - Attaching appender named [FILE] to Logger[ROOT]
19:47:47,098 |-INFO in ch.qos.logback.classic.joran.action.ConfigurationAction - End of configuration.
19:47:47,098 |-INFO in ch.qos.logback.classic.joran.JoranConfigurator@79698539 - Registering current configuration as safe fallback point

Ama winner
Ama winner
2019-06-10T19:47:48.392+0000: 1.745: [Full GC (Metadata GC Threshold) 2019-06-10T19:47:48.392+0000: 1.745: [Tenured: 0K->15144K(341376K), 0.0408902 secs] 114987K->15144K(494976K), [Metaspace: 20741K->20741K(1067008K)], 0.0409588 secs] [Times: user=0.04 sys=0.01, real=0.04 secs] 
19:48:10.799 [Curator-PathChildrenCache-2] WARN  o.a.c.u.ZKPaths  - The version of ZooKeeper being used doesn't support Container nodes. CreateMode.PERSISTENT will be used instead.
2019-06-10T19:48:13.092+0000: 26.445: [GC (Allocation Failure) 2019-06-10T19:48:13.092+0000: 26.445: [DefNew: 120767K->17023K(153600K), 0.0190802 secs] 135911K->32973K(494976K), 0.0191490 secs] [Times: user=0.01 sys=0.00, real=0.02 secs] 
2019-06-10T19:48:13.628+0000: 26.981: [Full GC (Metadata GC Threshold) 2019-06-10T19:48:13.628+0000: 26.981: [Tenured: 15949K->44207K(341376K), 0.0447527 secs] 70872K->44207K(494976K), [Metaspace: 34629K->34629K(1079296K)], 0.0448307 secs] [Times: user=0.03 sys=0.01, real=0.04 secs] 
2019-06-10T19:48:18.597+0000: 31.950: [GC (Allocation Failure) 2019-06-10T19:48:18.597+0000: 31.950: [DefNew: 136576K->186K(153600K), 0.0022437 secs] 180783K->44393K(494976K), 0.0023087 secs] [Times: user=0.00 sys=0.00, real=0.00 secs] 
2019-06-10T19:48:23.636+0000: 36.989: [GC (Allocation Failure) 2019-06-10T19:48:23.636+0000: 36.989: [DefNew: 136762K->188K(153600K), 0.0020584 secs] 180969K->44395K(494976K), 0.0021182 secs] [Times: user=0.00 sys=0.00, real=0.01 secs] 
2019-06-10T19:48:28.626+0000: 41.979: [GC (Allocation Failure) 2019-06-10T19:48:28.626+0000: 41.979: [DefNew: 136764K->188K(153600K), 0.0020146 secs] 180971K->44395K(494976K), 0.0020718 secs] [Times: user=0.00 sys=0.00, real=0.00 secs] 
2019-06-10T19:48:33.622+0000: 46.975: [GC (Allocation Failure) 2019-06-10T19:48:33.622+0000: 46.975: [DefNew: 136764K->194K(153600K), 0.0020613 secs] 180971K->44401K(494976K), 0.0021201 secs] [Times: user=0.00 sys=0.00, real=0.00 secs] 
2019-06-10T19:48:38.611+0000: 51.964: [GC (Allocation Failure) 2019-06-10T19:48:38.611+0000: 51.964: [DefNew: 136770K->197K(153600K), 0.0020955 secs] 180977K->44404K(494976K), 0.0021521 secs] [Times: user=0.00 sys=0.00, real=0.00 secs] 
2019-06-10T19:48:43.624+0000: 56.977: [GC (Allocation Failure) 2019-06-10T19:48:43.624+0000: 56.977: [DefNew: 136773K->192K(153600K), 0.0021095 secs] 180980K->44399K(494976K), 0.0021694 secs] [Times: user=0.00 sys=0.00, real=0.01 secs] 
2019-06-10T19:48:48.636+0000: 61.989: [GC (Allocation Failure) 2019-06-10T19:48:48.636+0000: 61.989: [DefNew: 136768K->496K(153600K), 0.0025458 secs] 180975K->44703K(494976K), 0.0026058 secs] [Times: user=0.00 sys=0.00, real=0.01 secs] 
2019-06-10T19:48:54.025+0000: 67.378: [GC (Allocation Failure) 2019-06-10T19:48:54.025+0000: 67.378: [DefNew: 137072K->289K(153600K), 0.0025102 secs] 181279K->44496K(494976K), 0.0025732 secs] [Times: user=0.00 sys=0.00, real=0.01 secs] 
2019-06-10T19:48:59.510+0000: 72.863: [GC (Allocation Failure) 2019-06-10T19:48:59.510+0000: 72.863: [DefNew: 136865K->291K(153600K), 0.0024132 secs] 181072K->44498K(494976K), 0.0024719 secs] [Times: user=0.00 sys=0.00, real=0.00 secs] 
19:49:19.990 [Curator-PathChildrenCache-0] ERROR o.a.c.f.r.c.PathChildrenCache  - 
java.lang.IllegalStateException: instance must be started before calling this method
	at org.apache.curator.shaded.com.google.common.base.Preconditions.checkState(Preconditions.java:444)
	at org.apache.curator.framework.imps.CuratorFrameworkImpl.getChildren(CuratorFrameworkImpl.java:456)
	at org.apache.curator.framework.recipes.cache.PathChildrenCache.refresh(PathChildrenCache.java:521)
	at org.apache.curator.framework.recipes.cache.RefreshOperation.invoke(RefreshOperation.java:35)
	at org.apache.curator.framework.recipes.cache.PathChildrenCache$9.run(PathChildrenCache.java:786)
	at java.util.concurrent.Executors$RunnableAdapter.call(Executors.java:511)
	at java.util.concurrent.FutureTask.run(FutureTask.java:266)
	at java.util.concurrent.Executors$RunnableAdapter.call(Executors.java:511)
	at java.util.concurrent.FutureTask.run(FutureTask.java:266)
	at java.util.concurrent.ThreadPoolExecutor.runWorker(ThreadPoolExecutor.java:1149)
	at java.util.concurrent.ThreadPoolExecutor$Worker.run(ThreadPoolExecutor.java:624)
	at java.lang.Thread.run(Thread.java:748)
2019-06-10T19:49:20.428+0000: 93.781: [GC (Allocation Failure) 2019-06-10T19:49:20.428+0000: 93.781: [DefNew: 136867K->836K(153600K), 0.0090141 secs] 181074K->45043K(494976K), 0.0090830 secs] [Times: user=0.00 sys=0.00, real=0.01 secs] 
Heap
 def new generation   total 153600K, used 7671K [0x00000000e0c00000, 0x00000000eb2a0000, 0x00000000eb2a0000)
  eden space 136576K,   5% used [0x00000000e0c00000, 0x00000000e12acce8, 0x00000000e9160000)
  from space 17024K,   4% used [0x00000000ea200000, 0x00000000ea2d12f0, 0x00000000eb2a0000)
  to   space 17024K,   0% used [0x00000000e9160000, 0x00000000e9160000, 0x00000000ea200000)
 tenured generation   total 341376K, used 44207K [0x00000000eb2a0000, 0x0000000100000000, 0x0000000100000000)
   the space 341376K,  12% used [0x00000000eb2a0000, 0x00000000eddcbc78, 0x00000000eddcbe00, 0x0000000100000000)
 Metaspace       used 36553K, capacity 37524K, committed 37760K, reserved 1081344K
  class space    used 4904K, capacity 5126K, committed 5248K, reserved 1048576K
