08:34:01,398 |-INFO in ch.qos.logback.classic.LoggerContext[default] - Could NOT find resource [logback-test.xml]
08:34:01,398 |-INFO in ch.qos.logback.classic.LoggerContext[default] - Could NOT find resource [logback.groovy]
08:34:01,398 |-INFO in ch.qos.logback.classic.LoggerContext[default] - Found resource [logback.xml] at [jar:file:/root/flamestream/lib/flamestream-runtime-1.0-SNAPSHOT.jar!/logback.xml]
08:34:01,399 |-WARN in ch.qos.logback.classic.LoggerContext[default] - Resource [logback.xml] occurs multiple times on the classpath.
08:34:01,403 |-WARN in ch.qos.logback.classic.LoggerContext[default] - Resource [logback.xml] occurs at [jar:file:/root/flamestream/lib/flamestream-runtime-1.0-SNAPSHOT.jar!/logback.xml]
08:34:01,403 |-WARN in ch.qos.logback.classic.LoggerContext[default] - Resource [logback.xml] occurs at [jar:file:/root/flamestream/flamestream-runtime-1.0-SNAPSHOT.jar!/logback.xml]
08:34:01,423 |-INFO in ch.qos.logback.core.joran.spi.ConfigurationWatchList@3fb6a447 - URL [jar:file:/root/flamestream/lib/flamestream-runtime-1.0-SNAPSHOT.jar!/logback.xml] is not of type file
08:34:01,489 |-INFO in ch.qos.logback.classic.joran.action.ConfigurationAction - debug attribute not set
08:34:01,490 |-INFO in ch.qos.logback.core.joran.action.AppenderAction - About to instantiate appender of type [ch.qos.logback.core.ConsoleAppender]
08:34:01,505 |-INFO in ch.qos.logback.core.joran.action.AppenderAction - Naming appender as [STDOUT]
08:34:01,518 |-INFO in ch.qos.logback.core.joran.action.NestedComplexPropertyIA - Assuming default type [ch.qos.logback.classic.encoder.PatternLayoutEncoder] for [encoder] property
08:34:01,618 |-INFO in ch.qos.logback.core.joran.action.AppenderAction - About to instantiate appender of type [ch.qos.logback.core.rolling.RollingFileAppender]
08:34:01,629 |-INFO in ch.qos.logback.core.joran.action.AppenderAction - Naming appender as [FILE]
08:34:01,661 |-INFO in c.q.l.core.rolling.TimeBasedRollingPolicy@127618319 - No compression will be used
08:34:01,662 |-INFO in c.q.l.core.rolling.TimeBasedRollingPolicy@127618319 - Will use the pattern /tmp/application_%d{yyyy-MM-dd}.%i.log for the active file
08:34:01,665 |-INFO in ch.qos.logback.core.rolling.SizeAndTimeBasedFNATP@6b2fad11 - The date pattern is 'yyyy-MM-dd' from file name pattern '/tmp/application_%d{yyyy-MM-dd}.%i.log'.
08:34:01,665 |-INFO in ch.qos.logback.core.rolling.SizeAndTimeBasedFNATP@6b2fad11 - Roll-over at midnight.
08:34:01,670 |-INFO in ch.qos.logback.core.rolling.SizeAndTimeBasedFNATP@6b2fad11 - Setting initial period to Tue Jun 11 08:32:45 UTC 2019
08:34:01,670 |-WARN in ch.qos.logback.core.rolling.SizeAndTimeBasedFNATP@6b2fad11 - SizeAndTimeBasedFNATP is deprecated. Use SizeAndTimeBasedRollingPolicy instead
08:34:01,670 |-WARN in ch.qos.logback.core.rolling.SizeAndTimeBasedFNATP@6b2fad11 - For more information see http://logback.qos.ch/manual/appenders.html#SizeAndTimeBasedRollingPolicy
08:34:01,675 |-INFO in ch.qos.logback.core.joran.action.NestedComplexPropertyIA - Assuming default type [ch.qos.logback.classic.encoder.PatternLayoutEncoder] for [encoder] property
08:34:01,680 |-INFO in ch.qos.logback.core.rolling.RollingFileAppender[FILE] - Active log file name: /tmp/application.log
08:34:01,680 |-INFO in ch.qos.logback.core.rolling.RollingFileAppender[FILE] - File property is set to [/tmp/application.log]
08:34:01,680 |-INFO in ch.qos.logback.classic.joran.action.RootLoggerAction - Setting level of ROOT logger to WARN
08:34:01,681 |-INFO in ch.qos.logback.core.joran.action.AppenderRefAction - Attaching appender named [STDOUT] to Logger[ROOT]
08:34:01,681 |-INFO in ch.qos.logback.core.joran.action.AppenderRefAction - Attaching appender named [FILE] to Logger[ROOT]
08:34:01,681 |-INFO in ch.qos.logback.classic.joran.action.ConfigurationAction - End of configuration.
08:34:01,682 |-INFO in ch.qos.logback.classic.joran.JoranConfigurator@79698539 - Registering current configuration as safe fallback point

Ama winner
Ama winner
2019-06-11T08:34:03.004+0000: 1.790: [Full GC (Metadata GC Threshold) 2019-06-11T08:34:03.004+0000: 1.790: [Tenured: 0K->15144K(341376K), 0.0414178 secs] 115051K->15144K(494976K), [Metaspace: 20730K->20730K(1067008K)], 0.0414869 secs] [Times: user=0.04 sys=0.01, real=0.04 secs] 
08:34:16.542 [Curator-PathChildrenCache-2] WARN  o.a.c.u.ZKPaths  - The version of ZooKeeper being used doesn't support Container nodes. CreateMode.PERSISTENT will be used instead.
2019-06-11T08:34:20.536+0000: 19.322: [GC (Allocation Failure) 2019-06-11T08:34:20.536+0000: 19.322: [DefNew: 136576K->17023K(153600K), 0.0269129 secs] 151720K->52686K(494976K), 0.0269785 secs] [Times: user=0.02 sys=0.01, real=0.02 secs] 
2019-06-11T08:34:23.642+0000: 22.428: [GC (Allocation Failure) 2019-06-11T08:34:23.642+0000: 22.428: [DefNew: 153599K->1456K(153600K), 0.0146731 secs] 189262K->44416K(494976K), 0.0147350 secs] [Times: user=0.01 sys=0.00, real=0.02 secs] 
2019-06-11T08:34:24.730+0000: 23.516: [Full GC (Metadata GC Threshold) 2019-06-11T08:34:24.730+0000: 23.516: [Tenured: 42960K->44643K(341376K), 0.0455121 secs] 107430K->44643K(494976K), [Metaspace: 34652K->34652K(1079296K)], 0.0455834 secs] [Times: user=0.05 sys=0.01, real=0.05 secs] 
2019-06-11T08:34:26.993+0000: 25.780: [GC (Allocation Failure) 2019-06-11T08:34:26.993+0000: 25.780: [DefNew: 136576K->230K(153600K), 0.0028521 secs] 181219K->44873K(494976K), 0.0029128 secs] [Times: user=0.00 sys=0.00, real=0.01 secs] 
2019-06-11T08:34:30.517+0000: 29.303: [GC (Allocation Failure) 2019-06-11T08:34:30.517+0000: 29.303: [DefNew: 136806K->424K(153600K), 0.0025747 secs] 181449K->45067K(494976K), 0.0026344 secs] [Times: user=0.01 sys=0.00, real=0.00 secs] 
2019-06-11T08:34:35.279+0000: 34.066: [GC (Allocation Failure) 2019-06-11T08:34:35.279+0000: 34.066: [DefNew: 137000K->813K(153600K), 0.0034829 secs] 181643K->45456K(494976K), 0.0035580 secs] [Times: user=0.00 sys=0.00, real=0.00 secs] 
2019-06-11T08:34:39.244+0000: 38.030: [GC (Allocation Failure) 2019-06-11T08:34:39.244+0000: 38.030: [DefNew: 137389K->789K(153600K), 0.0033786 secs] 182032K->45432K(494976K), 0.0034476 secs] [Times: user=0.00 sys=0.00, real=0.01 secs] 
2019-06-11T08:34:42.701+0000: 41.488: [GC (Allocation Failure) 2019-06-11T08:34:42.701+0000: 41.488: [DefNew: 137365K->950K(153600K), 0.0037058 secs] 182008K->45593K(494976K), 0.0037754 secs] [Times: user=0.00 sys=0.00, real=0.00 secs] 
2019-06-11T08:34:47.506+0000: 46.292: [GC (Allocation Failure) 2019-06-11T08:34:47.506+0000: 46.292: [DefNew: 137526K->1612K(153600K), 0.0059842 secs] 182169K->46255K(494976K), 0.0060422 secs] [Times: user=0.01 sys=0.00, real=0.01 secs] 
2019-06-11T08:34:52.150+0000: 50.937: [GC (Allocation Failure) 2019-06-11T08:34:52.150+0000: 50.937: [DefNew: 138188K->1729K(153600K), 0.0053141 secs] 182831K->46372K(494976K), 0.0053828 secs] [Times: user=0.00 sys=0.00, real=0.01 secs] 
2019-06-11T08:34:55.249+0000: 54.036: [GC (Allocation Failure) 2019-06-11T08:34:55.249+0000: 54.036: [DefNew: 138305K->1619K(153600K), 0.0049166 secs] 182948K->46262K(494976K), 0.0049752 secs] [Times: user=0.00 sys=0.00, real=0.00 secs] 
2019-06-11T08:35:00.234+0000: 59.021: [GC (Allocation Failure) 2019-06-11T08:35:00.234+0000: 59.021: [DefNew: 138195K->2003K(153600K), 0.0052689 secs] 182838K->46646K(494976K), 0.0053258 secs] [Times: user=0.00 sys=0.00, real=0.01 secs] 
2019-06-11T08:35:04.061+0000: 62.848: [GC (Allocation Failure) 2019-06-11T08:35:04.061+0000: 62.848: [DefNew: 138579K->1624K(153600K), 0.0045403 secs] 183222K->46267K(494976K), 0.0046073 secs] [Times: user=0.00 sys=0.00, real=0.00 secs] 
2019-06-11T08:35:08.838+0000: 67.624: [GC (Allocation Failure) 2019-06-11T08:35:08.838+0000: 67.624: [DefNew: 138200K->753K(153600K), 0.0030062 secs] 182843K->45396K(494976K), 0.0030909 secs] [Times: user=0.01 sys=0.00, real=0.00 secs] 
2019-06-11T08:35:12.575+0000: 71.362: [GC (Allocation Failure) 2019-06-11T08:35:12.575+0000: 71.362: [DefNew: 137329K->783K(153600K), 0.0029512 secs] 181972K->45426K(494976K), 0.0030127 secs] [Times: user=0.01 sys=0.00, real=0.00 secs] 
2019-06-11T08:35:17.311+0000: 76.097: [GC (Allocation Failure) 2019-06-11T08:35:17.311+0000: 76.097: [DefNew: 137359K->888K(153600K), 0.0031163 secs] 182002K->45531K(494976K), 0.0031767 secs] [Times: user=0.00 sys=0.00, real=0.00 secs] 
2019-06-11T08:35:21.247+0000: 80.033: [GC (Allocation Failure) 2019-06-11T08:35:21.247+0000: 80.033: [DefNew: 137464K->1051K(153600K), 0.0032220 secs] 182107K->45694K(494976K), 0.0032938 secs] [Times: user=0.00 sys=0.00, real=0.01 secs] 
2019-06-11T08:35:25.143+0000: 83.929: [GC (Allocation Failure) 2019-06-11T08:35:25.143+0000: 83.929: [DefNew: 137627K->954K(153600K), 0.0030522 secs] 182270K->45597K(494976K), 0.0031279 secs] [Times: user=0.00 sys=0.00, real=0.00 secs] 
2019-06-11T08:35:28.655+0000: 87.442: [GC (Allocation Failure) 2019-06-11T08:35:28.656+0000: 87.442: [DefNew: 137530K->960K(153600K), 0.0031646 secs] 182173K->45721K(494976K), 0.0032212 secs] [Times: user=0.00 sys=0.00, real=0.00 secs] 
2019-06-11T08:35:32.918+0000: 91.704: [GC (Allocation Failure) 2019-06-11T08:35:32.918+0000: 91.704: [DefNew: 137536K->903K(153600K), 0.0031512 secs] 182297K->45716K(494976K), 0.0032177 secs] [Times: user=0.01 sys=0.00, real=0.00 secs] 
2019-06-11T08:35:37.287+0000: 96.073: [GC (Allocation Failure) 2019-06-11T08:35:37.287+0000: 96.073: [DefNew: 137479K->1228K(153600K), 0.0031695 secs] 182292K->46073K(494976K), 0.0032257 secs] [Times: user=0.01 sys=0.00, real=0.00 secs] 
2019-06-11T08:35:41.062+0000: 99.848: [GC (Allocation Failure) 2019-06-11T08:35:41.062+0000: 99.849: [DefNew: 137804K->935K(153600K), 0.0030586 secs] 182649K->45820K(494976K), 0.0031178 secs] [Times: user=0.01 sys=0.00, real=0.00 secs] 
2019-06-11T08:35:44.908+0000: 103.694: [GC (Allocation Failure) 2019-06-11T08:35:44.908+0000: 103.694: [DefNew: 137511K->944K(153600K), 0.0028527 secs] 182396K->45872K(494976K), 0.0029436 secs] [Times: user=0.01 sys=0.00, real=0.00 secs] 
2019-06-11T08:35:49.529+0000: 108.316: [GC (Allocation Failure) 2019-06-11T08:35:49.529+0000: 108.316: [DefNew: 137520K->954K(153600K), 0.0028617 secs] 182448K->45926K(494976K), 0.0029376 secs] [Times: user=0.00 sys=0.00, real=0.00 secs] 
2019-06-11T08:35:53.553+0000: 112.340: [GC (Allocation Failure) 2019-06-11T08:35:53.553+0000: 112.340: [DefNew: 137530K->1008K(153600K), 0.0031786 secs] 182502K->46021K(494976K), 0.0032474 secs] [Times: user=0.00 sys=0.00, real=0.01 secs] 
2019-06-11T08:35:57.680+0000: 116.466: [GC (Allocation Failure) 2019-06-11T08:35:57.680+0000: 116.466: [DefNew: 137584K->1046K(153600K), 0.0030823 secs] 182597K->46090K(494976K), 0.0031381 secs] [Times: user=0.00 sys=0.00, real=0.00 secs] 
2019-06-11T08:36:02.136+0000: 120.922: [GC (Allocation Failure) 2019-06-11T08:36:02.136+0000: 120.922: [DefNew: 137622K->1044K(153600K), 0.0032797 secs] 182666K->46125K(494976K), 0.0033605 secs] [Times: user=0.01 sys=0.00, real=0.00 secs] 
2019-06-11T08:36:06.243+0000: 125.030: [GC (Allocation Failure) 2019-06-11T08:36:06.243+0000: 125.030: [DefNew: 137620K->1111K(153600K), 0.0030942 secs] 182701K->46263K(494976K), 0.0031516 secs] [Times: user=0.01 sys=0.00, real=0.00 secs] 
2019-06-11T08:36:10.090+0000: 128.876: [GC (Allocation Failure) 2019-06-11T08:36:10.090+0000: 128.876: [DefNew: 137687K->1135K(153600K), 0.0031313 secs] 182839K->46354K(494976K), 0.0031899 secs] [Times: user=0.00 sys=0.00, real=0.00 secs] 
2019-06-11T08:36:15.520+0000: 134.306: [GC (Allocation Failure) 2019-06-11T08:36:15.520+0000: 134.306: [DefNew: 137711K->1027K(153600K), 0.0032301 secs] 182930K->46330K(494976K), 0.0032924 secs] [Times: user=0.00 sys=0.00, real=0.00 secs] 
2019-06-11T08:36:19.705+0000: 138.492: [GC (Allocation Failure) 2019-06-11T08:36:19.705+0000: 138.492: [DefNew: 137603K->1001K(153600K), 0.0028743 secs] 182906K->46371K(494976K), 0.0029331 secs] [Times: user=0.00 sys=0.00, real=0.01 secs] 
2019-06-11T08:36:24.300+0000: 143.087: [GC (Allocation Failure) 2019-06-11T08:36:24.300+0000: 143.087: [DefNew: 137577K->1070K(153600K), 0.0030912 secs] 182947K->46503K(494976K), 0.0031616 secs] [Times: user=0.00 sys=0.00, real=0.00 secs] 
2019-06-11T08:36:27.606+0000: 146.392: [GC (Allocation Failure) 2019-06-11T08:36:27.606+0000: 146.392: [DefNew: 137646K->971K(153600K), 0.0029348 secs] 183079K->46458K(494976K), 0.0030083 secs] [Times: user=0.00 sys=0.00, real=0.01 secs] 
2019-06-11T08:36:32.512+0000: 151.298: [GC (Allocation Failure) 2019-06-11T08:36:32.512+0000: 151.298: [DefNew: 137547K->1022K(153600K), 0.0029469 secs] 183034K->46566K(494976K), 0.0030132 secs] [Times: user=0.00 sys=0.00, real=0.01 secs] 
2019-06-11T08:36:36.653+0000: 155.439: [GC (Allocation Failure) 2019-06-11T08:36:36.653+0000: 155.439: [DefNew: 137598K->953K(153600K), 0.0029826 secs] 183142K->46553K(494976K), 0.0030424 secs] [Times: user=0.01 sys=0.00, real=0.01 secs] 
2019-06-11T08:38:53.301+0000: 292.087: [GC (Allocation Failure) 2019-06-11T08:38:53.301+0000: 292.087: [DefNew: 137529K->866K(153600K), 0.0027871 secs] 183129K->46519K(494976K), 0.0028444 secs] [Times: user=0.00 sys=0.00, real=0.00 secs] 
2019-06-11T09:34:25.876+0000: 3624.662: [GC (Allocation Failure) 2019-06-11T09:34:25.876+0000: 3624.662: [DefNew: 137442K->1200K(153600K), 0.0030377 secs] 183095K->46908K(494976K), 0.0030865 secs] [Times: user=0.00 sys=0.00, real=0.00 secs] 
09:34:25.965 [Curator-PathChildrenCache-0] ERROR o.a.c.f.r.c.PathChildrenCache  - 
java.lang.IllegalStateException: instance must be started before calling this method
	at org.apache.curator.shaded.com.google.common.base.Preconditions.checkState(Preconditions.java:444)
	at org.apache.curator.framework.imps.CuratorFrameworkImpl.getChildren(CuratorFrameworkImpl.java:456)
	at org.apache.curator.framework.recipes.cache.PathChildrenCache.refresh(PathChildrenCache.java:521)
	at org.apache.curator.framework.recipes.cache.RefreshOperation.invoke(RefreshOperation.java:35)
	at org.apache.curator.framework.recipes.cache.PathChildrenCache$9.run(PathChildrenCache.java:786)
	at java.util.concurrent.Executors$RunnableAdapter.call(Executors.java:511)
	at java.util.concurrent.FutureTask.run(FutureTask.java:266)
	at java.util.concurrent.Executors$RunnableAdapter.call(Executors.java:511)
	at java.util.concurrent.FutureTask.run(FutureTask.java:266)
	at java.util.concurrent.ThreadPoolExecutor.runWorker(ThreadPoolExecutor.java:1149)
	at java.util.concurrent.ThreadPoolExecutor$Worker.run(ThreadPoolExecutor.java:624)
	at java.lang.Thread.run(Thread.java:748)
Heap
 def new generation   total 153600K, used 14274K [0x00000000e0c00000, 0x00000000eb2a0000, 0x00000000eb2a0000)
  eden space 136576K,   9% used [0x00000000e0c00000, 0x00000000e18c4528, 0x00000000e9160000)
  from space 17024K,   7% used [0x00000000e9160000, 0x00000000e928c310, 0x00000000ea200000)
  to   space 17024K,   0% used [0x00000000ea200000, 0x00000000ea200000, 0x00000000eb2a0000)
 tenured generation   total 341376K, used 45708K [0x00000000eb2a0000, 0x0000000100000000, 0x0000000100000000)
   the space 341376K,  13% used [0x00000000eb2a0000, 0x00000000edf43098, 0x00000000edf43200, 0x0000000100000000)
 Metaspace       used 36447K, capacity 37320K, committed 37632K, reserved 1081344K
  class space    used 4873K, capacity 5076K, committed 5120K, reserved 1048576K
