13:20:44,655 |-INFO in ch.qos.logback.classic.LoggerContext[default] - Could NOT find resource [logback-test.xml]
13:20:44,655 |-INFO in ch.qos.logback.classic.LoggerContext[default] - Could NOT find resource [logback.groovy]
13:20:44,655 |-INFO in ch.qos.logback.classic.LoggerContext[default] - Found resource [logback.xml] at [jar:file:/root/flamestream/lib/flamestream-runtime-1.0-SNAPSHOT.jar!/logback.xml]
13:20:44,656 |-WARN in ch.qos.logback.classic.LoggerContext[default] - Resource [logback.xml] occurs multiple times on the classpath.
13:20:44,656 |-WARN in ch.qos.logback.classic.LoggerContext[default] - Resource [logback.xml] occurs at [jar:file:/root/flamestream/lib/flamestream-runtime-1.0-SNAPSHOT.jar!/logback.xml]
13:20:44,656 |-WARN in ch.qos.logback.classic.LoggerContext[default] - Resource [logback.xml] occurs at [jar:file:/root/flamestream/flamestream-runtime-1.0-SNAPSHOT.jar!/logback.xml]
13:20:44,676 |-INFO in ch.qos.logback.core.joran.spi.ConfigurationWatchList@3fb6a447 - URL [jar:file:/root/flamestream/lib/flamestream-runtime-1.0-SNAPSHOT.jar!/logback.xml] is not of type file
13:20:44,749 |-INFO in ch.qos.logback.classic.joran.action.ConfigurationAction - debug attribute not set
13:20:44,749 |-INFO in ch.qos.logback.core.joran.action.AppenderAction - About to instantiate appender of type [ch.qos.logback.core.ConsoleAppender]
13:20:44,767 |-INFO in ch.qos.logback.core.joran.action.AppenderAction - Naming appender as [STDOUT]
13:20:44,781 |-INFO in ch.qos.logback.core.joran.action.NestedComplexPropertyIA - Assuming default type [ch.qos.logback.classic.encoder.PatternLayoutEncoder] for [encoder] property
13:20:44,864 |-INFO in ch.qos.logback.core.joran.action.AppenderAction - About to instantiate appender of type [ch.qos.logback.core.rolling.RollingFileAppender]
13:20:44,869 |-INFO in ch.qos.logback.core.joran.action.AppenderAction - Naming appender as [FILE]
13:20:44,902 |-INFO in c.q.l.core.rolling.TimeBasedRollingPolicy@127618319 - No compression will be used
13:20:44,903 |-INFO in c.q.l.core.rolling.TimeBasedRollingPolicy@127618319 - Will use the pattern /tmp/application_%d{yyyy-MM-dd}.%i.log for the active file
13:20:44,906 |-INFO in ch.qos.logback.core.rolling.SizeAndTimeBasedFNATP@6b2fad11 - The date pattern is 'yyyy-MM-dd' from file name pattern '/tmp/application_%d{yyyy-MM-dd}.%i.log'.
13:20:44,906 |-INFO in ch.qos.logback.core.rolling.SizeAndTimeBasedFNATP@6b2fad11 - Roll-over at midnight.
13:20:44,911 |-INFO in ch.qos.logback.core.rolling.SizeAndTimeBasedFNATP@6b2fad11 - Setting initial period to Mon Jun 10 13:19:16 UTC 2019
13:20:44,911 |-WARN in ch.qos.logback.core.rolling.SizeAndTimeBasedFNATP@6b2fad11 - SizeAndTimeBasedFNATP is deprecated. Use SizeAndTimeBasedRollingPolicy instead
13:20:44,911 |-WARN in ch.qos.logback.core.rolling.SizeAndTimeBasedFNATP@6b2fad11 - For more information see http://logback.qos.ch/manual/appenders.html#SizeAndTimeBasedRollingPolicy
13:20:44,915 |-INFO in ch.qos.logback.core.joran.action.NestedComplexPropertyIA - Assuming default type [ch.qos.logback.classic.encoder.PatternLayoutEncoder] for [encoder] property
13:20:44,920 |-INFO in ch.qos.logback.core.rolling.RollingFileAppender[FILE] - Active log file name: /tmp/application.log
13:20:44,920 |-INFO in ch.qos.logback.core.rolling.RollingFileAppender[FILE] - File property is set to [/tmp/application.log]
13:20:44,921 |-INFO in ch.qos.logback.classic.joran.action.RootLoggerAction - Setting level of ROOT logger to WARN
13:20:44,921 |-INFO in ch.qos.logback.core.joran.action.AppenderRefAction - Attaching appender named [STDOUT] to Logger[ROOT]
13:20:44,923 |-INFO in ch.qos.logback.core.joran.action.AppenderRefAction - Attaching appender named [FILE] to Logger[ROOT]
13:20:44,923 |-INFO in ch.qos.logback.classic.joran.action.ConfigurationAction - End of configuration.
13:20:44,924 |-INFO in ch.qos.logback.classic.joran.JoranConfigurator@79698539 - Registering current configuration as safe fallback point

Ama winner
Ama winner
2019-06-10T13:20:46.219+0000: 1.748: [Full GC (Metadata GC Threshold) 2019-06-10T13:20:46.219+0000: 1.748: [Tenured: 0K->15208K(341376K), 0.0356653 secs] 114988K->15208K(494976K), [Metaspace: 20727K->20727K(1067008K)], 0.0357323 secs] [Times: user=0.02 sys=0.00, real=0.04 secs] 
13:21:02.737 [Curator-PathChildrenCache-1] WARN  o.a.c.u.ZKPaths  - The version of ZooKeeper being used doesn't support Container nodes. CreateMode.PERSISTENT will be used instead.
2019-06-10T13:21:05.010+0000: 20.539: [GC (Allocation Failure) 2019-06-10T13:21:05.010+0000: 20.539: [DefNew: 118028K->17023K(153600K), 0.0207597 secs] 133236K->32855K(494976K), 0.0208320 secs] [Times: user=0.01 sys=0.01, real=0.02 secs] 
2019-06-10T13:21:08.756+0000: 24.286: [Full GC (Metadata GC Threshold) 2019-06-10T13:21:08.757+0000: 24.286: [Tenured: 15831K->44184K(341376K), 0.0580973 secs] 114264K->44184K(494976K), [Metaspace: 34637K->34637K(1079296K)], 0.0581778 secs] [Times: user=0.05 sys=0.00, real=0.06 secs] 
2019-06-10T13:21:16.456+0000: 31.986: [GC (Allocation Failure) 2019-06-10T13:21:16.456+0000: 31.986: [DefNew: 136576K->57K(153600K), 0.0017870 secs] 180760K->44241K(494976K), 0.0018444 secs] [Times: user=0.00 sys=0.00, real=0.00 secs] 
2019-06-10T13:21:24.050+0000: 39.580: [GC (Allocation Failure) 2019-06-10T13:21:24.051+0000: 39.580: [DefNew: 136633K->60K(153600K), 0.0017555 secs] 180817K->44245K(494976K), 0.0018328 secs] [Times: user=0.00 sys=0.00, real=0.00 secs] 
2019-06-10T13:21:31.758+0000: 47.287: [GC (Allocation Failure) 2019-06-10T13:21:31.758+0000: 47.287: [DefNew: 136636K->59K(153600K), 0.0018099 secs] 180821K->44243K(494976K), 0.0018706 secs] [Times: user=0.00 sys=0.00, real=0.00 secs] 
2019-06-10T13:21:39.495+0000: 55.024: [GC (Allocation Failure) 2019-06-10T13:21:39.495+0000: 55.024: [DefNew: 136635K->59K(153600K), 0.0017268 secs] 180819K->44243K(494976K), 0.0017844 secs] [Times: user=0.00 sys=0.00, real=0.00 secs] 
2019-06-10T13:21:47.226+0000: 62.756: [GC (Allocation Failure) 2019-06-10T13:21:47.226+0000: 62.756: [DefNew: 136635K->406K(153600K), 0.0022728 secs] 180819K->44590K(494976K), 0.0023327 secs] [Times: user=0.01 sys=0.00, real=0.01 secs] 
2019-06-10T13:22:04.141+0000: 79.671: [GC (Allocation Failure) 2019-06-10T13:22:04.141+0000: 79.671: [DefNew: 136982K->181K(153600K), 0.0020953 secs] 181166K->44365K(494976K), 0.0021579 secs] [Times: user=0.00 sys=0.00, real=0.00 secs] 
13:22:04.644 [Curator-PathChildrenCache-0] ERROR o.a.c.f.r.c.PathChildrenCache  - 
java.lang.IllegalStateException: instance must be started before calling this method
	at org.apache.curator.shaded.com.google.common.base.Preconditions.checkState(Preconditions.java:444)
	at org.apache.curator.framework.imps.CuratorFrameworkImpl.getChildren(CuratorFrameworkImpl.java:456)
	at org.apache.curator.framework.recipes.cache.PathChildrenCache.refresh(PathChildrenCache.java:521)
	at org.apache.curator.framework.recipes.cache.RefreshOperation.invoke(RefreshOperation.java:35)
	at org.apache.curator.framework.recipes.cache.PathChildrenCache$9.run(PathChildrenCache.java:786)
	at java.util.concurrent.Executors$RunnableAdapter.call(Executors.java:511)
	at java.util.concurrent.FutureTask.run(FutureTask.java:266)
	at java.util.concurrent.Executors$RunnableAdapter.call(Executors.java:511)
	at java.util.concurrent.FutureTask.run(FutureTask.java:266)
	at java.util.concurrent.ThreadPoolExecutor.runWorker(ThreadPoolExecutor.java:1149)
	at java.util.concurrent.ThreadPoolExecutor$Worker.run(ThreadPoolExecutor.java:624)
	at java.lang.Thread.run(Thread.java:748)
Heap
 def new generation   total 153600K, used 16420K [0x00000000e0c00000, 0x00000000eb2a0000, 0x00000000eb2a0000)
  eden space 136576K,  11% used [0x00000000e0c00000, 0x00000000e1bdbd60, 0x00000000e9160000)
  from space 17024K,   1% used [0x00000000ea200000, 0x00000000ea22d578, 0x00000000eb2a0000)
  to   space 17024K,   0% used [0x00000000e9160000, 0x00000000e9160000, 0x00000000ea200000)
 tenured generation   total 341376K, used 44184K [0x00000000eb2a0000, 0x0000000100000000, 0x0000000100000000)
   the space 341376K,  12% used [0x00000000eb2a0000, 0x00000000eddc6118, 0x00000000eddc6200, 0x0000000100000000)
 Metaspace       used 36076K, capacity 36998K, committed 37120K, reserved 1081344K
  class space    used 4869K, capacity 5075K, committed 5120K, reserved 1048576K
