13:37:54,173 |-INFO in ch.qos.logback.classic.LoggerContext[default] - Could NOT find resource [logback-test.xml]
13:37:54,173 |-INFO in ch.qos.logback.classic.LoggerContext[default] - Could NOT find resource [logback.groovy]
13:37:54,174 |-INFO in ch.qos.logback.classic.LoggerContext[default] - Found resource [logback.xml] at [jar:file:/root/flamestream/lib/flamestream-runtime-1.0-SNAPSHOT.jar!/logback.xml]
13:37:54,174 |-WARN in ch.qos.logback.classic.LoggerContext[default] - Resource [logback.xml] occurs multiple times on the classpath.
13:37:54,174 |-WARN in ch.qos.logback.classic.LoggerContext[default] - Resource [logback.xml] occurs at [jar:file:/root/flamestream/lib/flamestream-runtime-1.0-SNAPSHOT.jar!/logback.xml]
13:37:54,175 |-WARN in ch.qos.logback.classic.LoggerContext[default] - Resource [logback.xml] occurs at [jar:file:/root/flamestream/flamestream-runtime-1.0-SNAPSHOT.jar!/logback.xml]
13:37:54,193 |-INFO in ch.qos.logback.core.joran.spi.ConfigurationWatchList@3fb6a447 - URL [jar:file:/root/flamestream/lib/flamestream-runtime-1.0-SNAPSHOT.jar!/logback.xml] is not of type file
13:37:54,260 |-INFO in ch.qos.logback.classic.joran.action.ConfigurationAction - debug attribute not set
13:37:54,260 |-INFO in ch.qos.logback.core.joran.action.AppenderAction - About to instantiate appender of type [ch.qos.logback.core.ConsoleAppender]
13:37:54,276 |-INFO in ch.qos.logback.core.joran.action.AppenderAction - Naming appender as [STDOUT]
13:37:54,296 |-INFO in ch.qos.logback.core.joran.action.NestedComplexPropertyIA - Assuming default type [ch.qos.logback.classic.encoder.PatternLayoutEncoder] for [encoder] property
13:37:54,377 |-INFO in ch.qos.logback.core.joran.action.AppenderAction - About to instantiate appender of type [ch.qos.logback.core.rolling.RollingFileAppender]
13:37:54,385 |-INFO in ch.qos.logback.core.joran.action.AppenderAction - Naming appender as [FILE]
13:37:54,415 |-INFO in c.q.l.core.rolling.TimeBasedRollingPolicy@127618319 - No compression will be used
13:37:54,417 |-INFO in c.q.l.core.rolling.TimeBasedRollingPolicy@127618319 - Will use the pattern /tmp/application_%d{yyyy-MM-dd}.%i.log for the active file
13:37:54,420 |-INFO in ch.qos.logback.core.rolling.SizeAndTimeBasedFNATP@6b2fad11 - The date pattern is 'yyyy-MM-dd' from file name pattern '/tmp/application_%d{yyyy-MM-dd}.%i.log'.
13:37:54,420 |-INFO in ch.qos.logback.core.rolling.SizeAndTimeBasedFNATP@6b2fad11 - Roll-over at midnight.
13:37:54,425 |-INFO in ch.qos.logback.core.rolling.SizeAndTimeBasedFNATP@6b2fad11 - Setting initial period to Mon Jun 10 13:36:35 UTC 2019
13:37:54,425 |-WARN in ch.qos.logback.core.rolling.SizeAndTimeBasedFNATP@6b2fad11 - SizeAndTimeBasedFNATP is deprecated. Use SizeAndTimeBasedRollingPolicy instead
13:37:54,425 |-WARN in ch.qos.logback.core.rolling.SizeAndTimeBasedFNATP@6b2fad11 - For more information see http://logback.qos.ch/manual/appenders.html#SizeAndTimeBasedRollingPolicy
13:37:54,429 |-INFO in ch.qos.logback.core.joran.action.NestedComplexPropertyIA - Assuming default type [ch.qos.logback.classic.encoder.PatternLayoutEncoder] for [encoder] property
13:37:54,434 |-INFO in ch.qos.logback.core.rolling.RollingFileAppender[FILE] - Active log file name: /tmp/application.log
13:37:54,434 |-INFO in ch.qos.logback.core.rolling.RollingFileAppender[FILE] - File property is set to [/tmp/application.log]
13:37:54,435 |-INFO in ch.qos.logback.classic.joran.action.RootLoggerAction - Setting level of ROOT logger to WARN
13:37:54,435 |-INFO in ch.qos.logback.core.joran.action.AppenderRefAction - Attaching appender named [STDOUT] to Logger[ROOT]
13:37:54,437 |-INFO in ch.qos.logback.core.joran.action.AppenderRefAction - Attaching appender named [FILE] to Logger[ROOT]
13:37:54,438 |-INFO in ch.qos.logback.classic.joran.action.ConfigurationAction - End of configuration.
13:37:54,438 |-INFO in ch.qos.logback.classic.joran.JoranConfigurator@79698539 - Registering current configuration as safe fallback point

Ama winner
Ama winner
2019-06-10T13:37:55.709+0000: 1.725: [Full GC (Metadata GC Threshold) 2019-06-10T13:37:55.709+0000: 1.725: [Tenured: 0K->15142K(341376K), 0.0393985 secs] 112159K->15142K(494976K), [Metaspace: 20729K->20729K(1067008K)], 0.0394637 secs] [Times: user=0.04 sys=0.00, real=0.04 secs] 
13:38:13.365 [Curator-PathChildrenCache-2] WARN  o.a.c.u.ZKPaths  - The version of ZooKeeper being used doesn't support Container nodes. CreateMode.PERSISTENT will be used instead.
2019-06-10T13:38:15.514+0000: 21.531: [GC (Allocation Failure) 2019-06-10T13:38:15.514+0000: 21.531: [DefNew: 118371K->17023K(153600K), 0.0179608 secs] 133513K->33157K(494976K), 0.0180258 secs] [Times: user=0.00 sys=0.01, real=0.01 secs] 
2019-06-10T13:38:16.085+0000: 22.101: [Full GC (Metadata GC Threshold) 2019-06-10T13:38:16.085+0000: 22.101: [Tenured: 16133K->44623K(341376K), 0.0456656 secs] 75690K->44623K(494976K), [Metaspace: 34606K->34606K(1079296K)], 0.0457384 secs] [Times: user=0.03 sys=0.01, real=0.05 secs] 
2019-06-10T13:38:19.568+0000: 25.585: [GC (Allocation Failure) 2019-06-10T13:38:19.568+0000: 25.585: [DefNew: 136576K->279K(153600K), 0.0024534 secs] 181199K->44903K(494976K), 0.0025092 secs] [Times: user=0.01 sys=0.00, real=0.00 secs] 
2019-06-10T13:38:22.955+0000: 28.971: [GC (Allocation Failure) 2019-06-10T13:38:22.955+0000: 28.971: [DefNew: 136855K->285K(153600K), 0.0022680 secs] 181479K->44908K(494976K), 0.0023265 secs] [Times: user=0.01 sys=0.00, real=0.00 secs] 
2019-06-10T13:38:26.360+0000: 32.377: [GC (Allocation Failure) 2019-06-10T13:38:26.360+0000: 32.377: [DefNew: 136861K->287K(153600K), 0.0022708 secs] 181484K->44910K(494976K), 0.0023318 secs] [Times: user=0.01 sys=0.00, real=0.00 secs] 
2019-06-10T13:38:29.797+0000: 35.813: [GC (Allocation Failure) 2019-06-10T13:38:29.797+0000: 35.813: [DefNew: 136863K->288K(153600K), 0.0022582 secs] 181486K->44911K(494976K), 0.0023209 secs] [Times: user=0.00 sys=0.00, real=0.00 secs] 
2019-06-10T13:38:33.279+0000: 39.295: [GC (Allocation Failure) 2019-06-10T13:38:33.279+0000: 39.295: [DefNew: 136864K->286K(153600K), 0.0022927 secs] 181487K->44909K(494976K), 0.0023542 secs] [Times: user=0.00 sys=0.00, real=0.00 secs] 
2019-06-10T13:38:38.250+0000: 44.267: [GC (Allocation Failure) 2019-06-10T13:38:38.250+0000: 44.267: [DefNew: 136862K->286K(153600K), 0.0023419 secs] 181485K->44909K(494976K), 0.0024039 secs] [Times: user=0.00 sys=0.00, real=0.00 secs] 
13:38:47.962 [Curator-PathChildrenCache-0] ERROR o.a.c.f.r.c.PathChildrenCache  - 
java.lang.IllegalStateException: instance must be started before calling this method
	at org.apache.curator.shaded.com.google.common.base.Preconditions.checkState(Preconditions.java:444)
	at org.apache.curator.framework.imps.CuratorFrameworkImpl.getChildren(CuratorFrameworkImpl.java:456)
	at org.apache.curator.framework.recipes.cache.PathChildrenCache.refresh(PathChildrenCache.java:521)
	at org.apache.curator.framework.recipes.cache.RefreshOperation.invoke(RefreshOperation.java:35)
	at org.apache.curator.framework.recipes.cache.PathChildrenCache$9.run(PathChildrenCache.java:786)
	at java.util.concurrent.Executors$RunnableAdapter.call(Executors.java:511)
	at java.util.concurrent.FutureTask.run(FutureTask.java:266)
	at java.util.concurrent.Executors$RunnableAdapter.call(Executors.java:511)
	at java.util.concurrent.FutureTask.run(FutureTask.java:266)
	at java.util.concurrent.ThreadPoolExecutor.runWorker(ThreadPoolExecutor.java:1149)
	at java.util.concurrent.ThreadPoolExecutor$Worker.run(ThreadPoolExecutor.java:624)
	at java.lang.Thread.run(Thread.java:748)
Heap
 def new generation   total 153600K, used 75084K [0x00000000e0c00000, 0x00000000eb2a0000, 0x00000000eb2a0000)
  eden space 136576K,  54% used [0x00000000e0c00000, 0x00000000e550b8d8, 0x00000000e9160000)
  from space 17024K,   1% used [0x00000000ea200000, 0x00000000ea247920, 0x00000000eb2a0000)
  to   space 17024K,   0% used [0x00000000e9160000, 0x00000000e9160000, 0x00000000ea200000)
 tenured generation   total 341376K, used 44623K [0x00000000eb2a0000, 0x0000000100000000, 0x0000000100000000)
   the space 341376K,  13% used [0x00000000eb2a0000, 0x00000000ede33cc0, 0x00000000ede33e00, 0x0000000100000000)
 Metaspace       used 36111K, capacity 37122K, committed 37376K, reserved 1081344K
  class space    used 4858K, capacity 5059K, committed 5120K, reserved 1048576K
