13:28:23,429 |-INFO in ch.qos.logback.classic.LoggerContext[default] - Could NOT find resource [logback-test.xml]
13:28:23,429 |-INFO in ch.qos.logback.classic.LoggerContext[default] - Could NOT find resource [logback.groovy]
13:28:23,429 |-INFO in ch.qos.logback.classic.LoggerContext[default] - Found resource [logback.xml] at [jar:file:/root/flamestream/lib/flamestream-runtime-1.0-SNAPSHOT.jar!/logback.xml]
13:28:23,430 |-WARN in ch.qos.logback.classic.LoggerContext[default] - Resource [logback.xml] occurs multiple times on the classpath.
13:28:23,430 |-WARN in ch.qos.logback.classic.LoggerContext[default] - Resource [logback.xml] occurs at [jar:file:/root/flamestream/lib/flamestream-runtime-1.0-SNAPSHOT.jar!/logback.xml]
13:28:23,430 |-WARN in ch.qos.logback.classic.LoggerContext[default] - Resource [logback.xml] occurs at [jar:file:/root/flamestream/flamestream-runtime-1.0-SNAPSHOT.jar!/logback.xml]
13:28:23,449 |-INFO in ch.qos.logback.core.joran.spi.ConfigurationWatchList@3fb6a447 - URL [jar:file:/root/flamestream/lib/flamestream-runtime-1.0-SNAPSHOT.jar!/logback.xml] is not of type file
13:28:23,523 |-INFO in ch.qos.logback.classic.joran.action.ConfigurationAction - debug attribute not set
13:28:23,524 |-INFO in ch.qos.logback.core.joran.action.AppenderAction - About to instantiate appender of type [ch.qos.logback.core.ConsoleAppender]
13:28:23,538 |-INFO in ch.qos.logback.core.joran.action.AppenderAction - Naming appender as [STDOUT]
13:28:23,556 |-INFO in ch.qos.logback.core.joran.action.NestedComplexPropertyIA - Assuming default type [ch.qos.logback.classic.encoder.PatternLayoutEncoder] for [encoder] property
13:28:23,638 |-INFO in ch.qos.logback.core.joran.action.AppenderAction - About to instantiate appender of type [ch.qos.logback.core.rolling.RollingFileAppender]
13:28:23,645 |-INFO in ch.qos.logback.core.joran.action.AppenderAction - Naming appender as [FILE]
13:28:23,674 |-INFO in c.q.l.core.rolling.TimeBasedRollingPolicy@127618319 - No compression will be used
13:28:23,676 |-INFO in c.q.l.core.rolling.TimeBasedRollingPolicy@127618319 - Will use the pattern /tmp/application_%d{yyyy-MM-dd}.%i.log for the active file
13:28:23,679 |-INFO in ch.qos.logback.core.rolling.SizeAndTimeBasedFNATP@6b2fad11 - The date pattern is 'yyyy-MM-dd' from file name pattern '/tmp/application_%d{yyyy-MM-dd}.%i.log'.
13:28:23,679 |-INFO in ch.qos.logback.core.rolling.SizeAndTimeBasedFNATP@6b2fad11 - Roll-over at midnight.
13:28:23,684 |-INFO in ch.qos.logback.core.rolling.SizeAndTimeBasedFNATP@6b2fad11 - Setting initial period to Mon Jun 10 13:27:01 UTC 2019
13:28:23,684 |-WARN in ch.qos.logback.core.rolling.SizeAndTimeBasedFNATP@6b2fad11 - SizeAndTimeBasedFNATP is deprecated. Use SizeAndTimeBasedRollingPolicy instead
13:28:23,684 |-WARN in ch.qos.logback.core.rolling.SizeAndTimeBasedFNATP@6b2fad11 - For more information see http://logback.qos.ch/manual/appenders.html#SizeAndTimeBasedRollingPolicy
13:28:23,688 |-INFO in ch.qos.logback.core.joran.action.NestedComplexPropertyIA - Assuming default type [ch.qos.logback.classic.encoder.PatternLayoutEncoder] for [encoder] property
13:28:23,693 |-INFO in ch.qos.logback.core.rolling.RollingFileAppender[FILE] - Active log file name: /tmp/application.log
13:28:23,693 |-INFO in ch.qos.logback.core.rolling.RollingFileAppender[FILE] - File property is set to [/tmp/application.log]
13:28:23,694 |-INFO in ch.qos.logback.classic.joran.action.RootLoggerAction - Setting level of ROOT logger to WARN
13:28:23,694 |-INFO in ch.qos.logback.core.joran.action.AppenderRefAction - Attaching appender named [STDOUT] to Logger[ROOT]
13:28:23,696 |-INFO in ch.qos.logback.core.joran.action.AppenderRefAction - Attaching appender named [FILE] to Logger[ROOT]
13:28:23,696 |-INFO in ch.qos.logback.classic.joran.action.ConfigurationAction - End of configuration.
13:28:23,696 |-INFO in ch.qos.logback.classic.joran.JoranConfigurator@79698539 - Registering current configuration as safe fallback point

Ama winner
Ama winner
2019-06-10T13:28:24.970+0000: 1.728: [Full GC (Metadata GC Threshold) 2019-06-10T13:28:24.970+0000: 1.728: [Tenured: 0K->15240K(341376K), 0.0407073 secs] 114987K->15240K(494976K), [Metaspace: 20730K->20730K(1067008K)], 0.0407761 secs] [Times: user=0.03 sys=0.01, real=0.04 secs] 
13:28:48.357 [Curator-PathChildrenCache-1] WARN  o.a.c.u.ZKPaths  - The version of ZooKeeper being used doesn't support Container nodes. CreateMode.PERSISTENT will be used instead.
2019-06-10T13:28:50.663+0000: 27.421: [GC (Allocation Failure) 2019-06-10T13:28:50.663+0000: 27.421: [DefNew: 136576K->17023K(153600K), 0.0263483 secs] 151816K->52931K(494976K), 0.0264144 secs] [Times: user=0.01 sys=0.02, real=0.03 secs] 
2019-06-10T13:28:53.265+0000: 30.023: [Full GC (Metadata GC Threshold) 2019-06-10T13:28:53.265+0000: 30.023: [Tenured: 35907K->44782K(341376K), 0.0434464 secs] 100496K->44782K(494976K), [Metaspace: 34625K->34625K(1079296K)], 0.0435292 secs] [Times: user=0.04 sys=0.01, real=0.05 secs] 
2019-06-10T13:28:59.788+0000: 36.546: [GC (Allocation Failure) 2019-06-10T13:28:59.788+0000: 36.546: [DefNew: 136576K->61K(153600K), 0.0018542 secs] 181358K->44843K(494976K), 0.0019275 secs] [Times: user=0.01 sys=0.00, real=0.00 secs] 
2019-06-10T13:29:06.362+0000: 43.120: [GC (Allocation Failure) 2019-06-10T13:29:06.362+0000: 43.120: [DefNew: 136637K->60K(153600K), 0.0017469 secs] 181419K->44842K(494976K), 0.0018050 secs] [Times: user=0.00 sys=0.00, real=0.00 secs] 
2019-06-10T13:29:12.963+0000: 49.721: [GC (Allocation Failure) 2019-06-10T13:29:12.963+0000: 49.721: [DefNew: 136636K->92K(153600K), 0.0017217 secs] 181418K->44874K(494976K), 0.0017808 secs] [Times: user=0.00 sys=0.00, real=0.00 secs] 
2019-06-10T13:29:19.651+0000: 56.409: [GC (Allocation Failure) 2019-06-10T13:29:19.651+0000: 56.409: [DefNew: 136668K->93K(153600K), 0.0018534 secs] 181450K->44876K(494976K), 0.0019163 secs] [Times: user=0.00 sys=0.00, real=0.00 secs] 
2019-06-10T13:29:26.377+0000: 63.135: [GC (Allocation Failure) 2019-06-10T13:29:26.377+0000: 63.135: [DefNew: 136669K->392K(153600K), 0.0021108 secs] 181452K->45175K(494976K), 0.0021711 secs] [Times: user=0.00 sys=0.00, real=0.00 secs] 
13:29:42.425 [Curator-PathChildrenCache-0] ERROR o.a.c.f.r.c.PathChildrenCache  - 
java.lang.IllegalStateException: instance must be started before calling this method
	at org.apache.curator.shaded.com.google.common.base.Preconditions.checkState(Preconditions.java:444)
	at org.apache.curator.framework.imps.CuratorFrameworkImpl.getChildren(CuratorFrameworkImpl.java:456)
	at org.apache.curator.framework.recipes.cache.PathChildrenCache.refresh(PathChildrenCache.java:521)
	at org.apache.curator.framework.recipes.cache.RefreshOperation.invoke(RefreshOperation.java:35)
	at org.apache.curator.framework.recipes.cache.PathChildrenCache$9.run(PathChildrenCache.java:786)
	at java.util.concurrent.Executors$RunnableAdapter.call(Executors.java:511)
	at java.util.concurrent.FutureTask.run(FutureTask.java:266)
	at java.util.concurrent.Executors$RunnableAdapter.call(Executors.java:511)
	at java.util.concurrent.FutureTask.run(FutureTask.java:266)
	at java.util.concurrent.ThreadPoolExecutor.runWorker(ThreadPoolExecutor.java:1149)
	at java.util.concurrent.ThreadPoolExecutor$Worker.run(ThreadPoolExecutor.java:624)
	at java.lang.Thread.run(Thread.java:748)
Heap
 def new generation   total 153600K, used 97299K [0x00000000e0c00000, 0x00000000eb2a0000, 0x00000000eb2a0000)
  eden space 136576K,  70% used [0x00000000e0c00000, 0x00000000e6aa2990, 0x00000000e9160000)
  from space 17024K,   2% used [0x00000000e9160000, 0x00000000e91c2388, 0x00000000ea200000)
  to   space 17024K,   0% used [0x00000000ea200000, 0x00000000ea200000, 0x00000000eb2a0000)
 tenured generation   total 341376K, used 44782K [0x00000000eb2a0000, 0x0000000100000000, 0x0000000100000000)
   the space 341376K,  13% used [0x00000000eb2a0000, 0x00000000ede5ba60, 0x00000000ede5bc00, 0x0000000100000000)
 Metaspace       used 36183K, capacity 37060K, committed 37376K, reserved 1081344K
  class space    used 4859K, capacity 5074K, committed 5120K, reserved 1048576K
