07:14:31,528 |-INFO in ch.qos.logback.classic.LoggerContext[default] - Could NOT find resource [logback-test.xml]
07:14:31,529 |-INFO in ch.qos.logback.classic.LoggerContext[default] - Could NOT find resource [logback.groovy]
07:14:31,529 |-INFO in ch.qos.logback.classic.LoggerContext[default] - Found resource [logback.xml] at [jar:file:/root/flamestream/lib/flamestream-runtime-1.0-SNAPSHOT.jar!/logback.xml]
07:14:31,529 |-WARN in ch.qos.logback.classic.LoggerContext[default] - Resource [logback.xml] occurs multiple times on the classpath.
07:14:31,532 |-WARN in ch.qos.logback.classic.LoggerContext[default] - Resource [logback.xml] occurs at [jar:file:/root/flamestream/lib/flamestream-runtime-1.0-SNAPSHOT.jar!/logback.xml]
07:14:31,532 |-WARN in ch.qos.logback.classic.LoggerContext[default] - Resource [logback.xml] occurs at [jar:file:/root/flamestream/flamestream-runtime-1.0-SNAPSHOT.jar!/logback.xml]
07:14:31,551 |-INFO in ch.qos.logback.core.joran.spi.ConfigurationWatchList@3fb6a447 - URL [jar:file:/root/flamestream/lib/flamestream-runtime-1.0-SNAPSHOT.jar!/logback.xml] is not of type file
07:14:31,622 |-INFO in ch.qos.logback.classic.joran.action.ConfigurationAction - debug attribute not set
07:14:31,622 |-INFO in ch.qos.logback.core.joran.action.AppenderAction - About to instantiate appender of type [ch.qos.logback.core.ConsoleAppender]
07:14:31,642 |-INFO in ch.qos.logback.core.joran.action.AppenderAction - Naming appender as [STDOUT]
07:14:31,656 |-INFO in ch.qos.logback.core.joran.action.NestedComplexPropertyIA - Assuming default type [ch.qos.logback.classic.encoder.PatternLayoutEncoder] for [encoder] property
07:14:31,742 |-INFO in ch.qos.logback.core.joran.action.AppenderAction - About to instantiate appender of type [ch.qos.logback.core.rolling.RollingFileAppender]
07:14:31,746 |-INFO in ch.qos.logback.core.joran.action.AppenderAction - Naming appender as [FILE]
07:14:31,777 |-INFO in c.q.l.core.rolling.TimeBasedRollingPolicy@127618319 - No compression will be used
07:14:31,778 |-INFO in c.q.l.core.rolling.TimeBasedRollingPolicy@127618319 - Will use the pattern /tmp/application_%d{yyyy-MM-dd}.%i.log for the active file
07:14:31,781 |-INFO in ch.qos.logback.core.rolling.SizeAndTimeBasedFNATP@6b2fad11 - The date pattern is 'yyyy-MM-dd' from file name pattern '/tmp/application_%d{yyyy-MM-dd}.%i.log'.
07:14:31,781 |-INFO in ch.qos.logback.core.rolling.SizeAndTimeBasedFNATP@6b2fad11 - Roll-over at midnight.
07:14:31,787 |-INFO in ch.qos.logback.core.rolling.SizeAndTimeBasedFNATP@6b2fad11 - Setting initial period to Tue Jun 11 07:12:56 UTC 2019
07:14:31,787 |-WARN in ch.qos.logback.core.rolling.SizeAndTimeBasedFNATP@6b2fad11 - SizeAndTimeBasedFNATP is deprecated. Use SizeAndTimeBasedRollingPolicy instead
07:14:31,787 |-WARN in ch.qos.logback.core.rolling.SizeAndTimeBasedFNATP@6b2fad11 - For more information see http://logback.qos.ch/manual/appenders.html#SizeAndTimeBasedRollingPolicy
07:14:31,791 |-INFO in ch.qos.logback.core.joran.action.NestedComplexPropertyIA - Assuming default type [ch.qos.logback.classic.encoder.PatternLayoutEncoder] for [encoder] property
07:14:31,795 |-INFO in ch.qos.logback.core.rolling.RollingFileAppender[FILE] - Active log file name: /tmp/application.log
07:14:31,795 |-INFO in ch.qos.logback.core.rolling.RollingFileAppender[FILE] - File property is set to [/tmp/application.log]
07:14:31,796 |-INFO in ch.qos.logback.classic.joran.action.RootLoggerAction - Setting level of ROOT logger to WARN
07:14:31,796 |-INFO in ch.qos.logback.core.joran.action.AppenderRefAction - Attaching appender named [STDOUT] to Logger[ROOT]
07:14:31,798 |-INFO in ch.qos.logback.core.joran.action.AppenderRefAction - Attaching appender named [FILE] to Logger[ROOT]
07:14:31,798 |-INFO in ch.qos.logback.classic.joran.action.ConfigurationAction - End of configuration.
07:14:31,799 |-INFO in ch.qos.logback.classic.joran.JoranConfigurator@79698539 - Registering current configuration as safe fallback point

Ama winner
Ama winner
2019-06-11T07:14:33.116+0000: 1.772: [Full GC (Metadata GC Threshold) 2019-06-11T07:14:33.116+0000: 1.772: [Tenured: 0K->15175K(341376K), 0.0401038 secs] 114924K->15175K(494976K), [Metaspace: 20737K->20737K(1067008K)], 0.0401712 secs] [Times: user=0.04 sys=0.01, real=0.04 secs] 
07:15:01.484 [Curator-PathChildrenCache-2] WARN  o.a.c.u.ZKPaths  - The version of ZooKeeper being used doesn't support Container nodes. CreateMode.PERSISTENT will be used instead.
2019-06-11T07:15:10.057+0000: 38.713: [GC (Allocation Failure) 2019-06-11T07:15:10.058+0000: 38.713: [DefNew: 122945K->17023K(153600K), 0.0187928 secs] 138121K->32937K(494976K), 0.0188660 secs] [Times: user=0.01 sys=0.01, real=0.02 secs] 
2019-06-11T07:15:10.466+0000: 39.122: [Full GC (Metadata GC Threshold) 2019-06-11T07:15:10.466+0000: 39.122: [Tenured: 15913K->43958K(341376K), 0.0484787 secs] 68788K->43958K(494976K), [Metaspace: 34606K->34606K(1079296K)], 0.0485743 secs] [Times: user=0.05 sys=0.00, real=0.05 secs] 
2019-06-11T07:15:14.374+0000: 43.030: [GC (Allocation Failure) 2019-06-11T07:15:14.374+0000: 43.030: [DefNew: 136576K->152K(153600K), 0.0021720 secs] 180534K->44110K(494976K), 0.0022301 secs] [Times: user=0.00 sys=0.00, real=0.00 secs] 
2019-06-11T07:15:18.007+0000: 46.663: [GC (Allocation Failure) 2019-06-11T07:15:18.007+0000: 46.663: [DefNew: 136728K->143K(153600K), 0.0018875 secs] 180686K->44101K(494976K), 0.0019583 secs] [Times: user=0.01 sys=0.00, real=0.00 secs] 
2019-06-11T07:15:21.553+0000: 50.209: [GC (Allocation Failure) 2019-06-11T07:15:21.553+0000: 50.209: [DefNew: 136719K->146K(153600K), 0.0019028 secs] 180677K->44104K(494976K), 0.0019753 secs] [Times: user=0.00 sys=0.00, real=0.00 secs] 
2019-06-11T07:15:25.148+0000: 53.804: [GC (Allocation Failure) 2019-06-11T07:15:25.148+0000: 53.804: [DefNew: 136722K->148K(153600K), 0.0019480 secs] 180680K->44106K(494976K), 0.0020070 secs] [Times: user=0.00 sys=0.00, real=0.00 secs] 
2019-06-11T07:15:28.735+0000: 57.390: [GC (Allocation Failure) 2019-06-11T07:15:28.735+0000: 57.390: [DefNew: 136724K->140K(153600K), 0.0019269 secs] 180682K->44099K(494976K), 0.0019940 secs] [Times: user=0.00 sys=0.00, real=0.00 secs] 
2019-06-11T07:15:32.331+0000: 60.986: [GC (Allocation Failure) 2019-06-11T07:15:32.331+0000: 60.986: [DefNew: 136716K->146K(153600K), 0.0019059 secs] 180675K->44104K(494976K), 0.0019680 secs] [Times: user=0.00 sys=0.00, real=0.00 secs] 
2019-06-11T07:15:36.153+0000: 64.808: [GC (Allocation Failure) 2019-06-11T07:15:36.153+0000: 64.808: [DefNew: 136722K->464K(153600K), 0.0023938 secs] 180680K->44423K(494976K), 0.0024572 secs] [Times: user=0.01 sys=0.00, real=0.01 secs] 
2019-06-11T07:15:40.027+0000: 68.683: [GC (Allocation Failure) 2019-06-11T07:15:40.027+0000: 68.683: [DefNew: 137040K->220K(153600K), 0.0021926 secs] 180999K->44179K(494976K), 0.0022548 secs] [Times: user=0.00 sys=0.00, real=0.00 secs] 
2019-06-11T07:15:54.048+0000: 82.703: [GC (Allocation Failure) 2019-06-11T07:15:54.048+0000: 82.703: [DefNew: 136796K->231K(153600K), 0.0023016 secs] 180755K->44189K(494976K), 0.0023716 secs] [Times: user=0.00 sys=0.00, real=0.00 secs] 
07:15:58.801 [Curator-PathChildrenCache-0] ERROR o.a.c.f.r.c.PathChildrenCache  - 
java.lang.IllegalStateException: instance must be started before calling this method
	at org.apache.curator.shaded.com.google.common.base.Preconditions.checkState(Preconditions.java:444)
	at org.apache.curator.framework.imps.CuratorFrameworkImpl.getChildren(CuratorFrameworkImpl.java:456)
	at org.apache.curator.framework.recipes.cache.PathChildrenCache.refresh(PathChildrenCache.java:521)
	at org.apache.curator.framework.recipes.cache.RefreshOperation.invoke(RefreshOperation.java:35)
	at org.apache.curator.framework.recipes.cache.PathChildrenCache$9.run(PathChildrenCache.java:786)
	at java.util.concurrent.Executors$RunnableAdapter.call(Executors.java:511)
	at java.util.concurrent.FutureTask.run(FutureTask.java:266)
	at java.util.concurrent.Executors$RunnableAdapter.call(Executors.java:511)
	at java.util.concurrent.FutureTask.run(FutureTask.java:266)
	at java.util.concurrent.ThreadPoolExecutor.runWorker(ThreadPoolExecutor.java:1149)
	at java.util.concurrent.ThreadPoolExecutor$Worker.run(ThreadPoolExecutor.java:624)
	at java.lang.Thread.run(Thread.java:748)
Heap
 def new generation   total 153600K, used 38031K [0x00000000e0c00000, 0x00000000eb2a0000, 0x00000000eb2a0000)
  eden space 136576K,  27% used [0x00000000e0c00000, 0x00000000e30ea2c8, 0x00000000e9160000)
  from space 17024K,   1% used [0x00000000e9160000, 0x00000000e9199c38, 0x00000000ea200000)
  to   space 17024K,   0% used [0x00000000ea200000, 0x00000000ea200000, 0x00000000eb2a0000)
 tenured generation   total 341376K, used 43958K [0x00000000eb2a0000, 0x0000000100000000, 0x0000000100000000)
   the space 341376K,  12% used [0x00000000eb2a0000, 0x00000000edd8d980, 0x00000000edd8da00, 0x0000000100000000)
 Metaspace       used 36241K, capacity 37186K, committed 37504K, reserved 1081344K
  class space    used 4900K, capacity 5123K, committed 5248K, reserved 1048576K
