07:35:11,538 |-INFO in ch.qos.logback.classic.LoggerContext[default] - Could NOT find resource [logback-test.xml]
07:35:11,538 |-INFO in ch.qos.logback.classic.LoggerContext[default] - Could NOT find resource [logback.groovy]
07:35:11,538 |-INFO in ch.qos.logback.classic.LoggerContext[default] - Found resource [logback.xml] at [jar:file:/root/flamestream/lib/flamestream-runtime-1.0-SNAPSHOT.jar!/logback.xml]
07:35:11,538 |-WARN in ch.qos.logback.classic.LoggerContext[default] - Resource [logback.xml] occurs multiple times on the classpath.
07:35:11,539 |-WARN in ch.qos.logback.classic.LoggerContext[default] - Resource [logback.xml] occurs at [jar:file:/root/flamestream/lib/flamestream-runtime-1.0-SNAPSHOT.jar!/logback.xml]
07:35:11,539 |-WARN in ch.qos.logback.classic.LoggerContext[default] - Resource [logback.xml] occurs at [jar:file:/root/flamestream/flamestream-runtime-1.0-SNAPSHOT.jar!/logback.xml]
07:35:11,561 |-INFO in ch.qos.logback.core.joran.spi.ConfigurationWatchList@3fb6a447 - URL [jar:file:/root/flamestream/lib/flamestream-runtime-1.0-SNAPSHOT.jar!/logback.xml] is not of type file
07:35:11,631 |-INFO in ch.qos.logback.classic.joran.action.ConfigurationAction - debug attribute not set
07:35:11,632 |-INFO in ch.qos.logback.core.joran.action.AppenderAction - About to instantiate appender of type [ch.qos.logback.core.ConsoleAppender]
07:35:11,650 |-INFO in ch.qos.logback.core.joran.action.AppenderAction - Naming appender as [STDOUT]
07:35:11,668 |-INFO in ch.qos.logback.core.joran.action.NestedComplexPropertyIA - Assuming default type [ch.qos.logback.classic.encoder.PatternLayoutEncoder] for [encoder] property
07:35:11,753 |-INFO in ch.qos.logback.core.joran.action.AppenderAction - About to instantiate appender of type [ch.qos.logback.core.rolling.RollingFileAppender]
07:35:11,758 |-INFO in ch.qos.logback.core.joran.action.AppenderAction - Naming appender as [FILE]
07:35:11,790 |-INFO in c.q.l.core.rolling.TimeBasedRollingPolicy@127618319 - No compression will be used
07:35:11,791 |-INFO in c.q.l.core.rolling.TimeBasedRollingPolicy@127618319 - Will use the pattern /tmp/application_%d{yyyy-MM-dd}.%i.log for the active file
07:35:11,794 |-INFO in ch.qos.logback.core.rolling.SizeAndTimeBasedFNATP@6b2fad11 - The date pattern is 'yyyy-MM-dd' from file name pattern '/tmp/application_%d{yyyy-MM-dd}.%i.log'.
07:35:11,794 |-INFO in ch.qos.logback.core.rolling.SizeAndTimeBasedFNATP@6b2fad11 - Roll-over at midnight.
07:35:11,799 |-INFO in ch.qos.logback.core.rolling.SizeAndTimeBasedFNATP@6b2fad11 - Setting initial period to Tue Jun 11 07:33:43 UTC 2019
07:35:11,800 |-WARN in ch.qos.logback.core.rolling.SizeAndTimeBasedFNATP@6b2fad11 - SizeAndTimeBasedFNATP is deprecated. Use SizeAndTimeBasedRollingPolicy instead
07:35:11,800 |-WARN in ch.qos.logback.core.rolling.SizeAndTimeBasedFNATP@6b2fad11 - For more information see http://logback.qos.ch/manual/appenders.html#SizeAndTimeBasedRollingPolicy
07:35:11,803 |-INFO in ch.qos.logback.core.joran.action.NestedComplexPropertyIA - Assuming default type [ch.qos.logback.classic.encoder.PatternLayoutEncoder] for [encoder] property
07:35:11,808 |-INFO in ch.qos.logback.core.rolling.RollingFileAppender[FILE] - Active log file name: /tmp/application.log
07:35:11,808 |-INFO in ch.qos.logback.core.rolling.RollingFileAppender[FILE] - File property is set to [/tmp/application.log]
07:35:11,809 |-INFO in ch.qos.logback.classic.joran.action.RootLoggerAction - Setting level of ROOT logger to WARN
07:35:11,809 |-INFO in ch.qos.logback.core.joran.action.AppenderRefAction - Attaching appender named [STDOUT] to Logger[ROOT]
07:35:11,811 |-INFO in ch.qos.logback.core.joran.action.AppenderRefAction - Attaching appender named [FILE] to Logger[ROOT]
07:35:11,811 |-INFO in ch.qos.logback.classic.joran.action.ConfigurationAction - End of configuration.
07:35:11,812 |-INFO in ch.qos.logback.classic.joran.JoranConfigurator@79698539 - Registering current configuration as safe fallback point

Ama winner
Ama winner
2019-06-11T07:35:13.046+0000: 1.689: [Full GC (Metadata GC Threshold) 2019-06-11T07:35:13.046+0000: 1.689: [Tenured: 0K->15176K(341376K), 0.0365763 secs] 114923K->15176K(494976K), [Metaspace: 20733K->20733K(1067008K)], 0.0366591 secs] [Times: user=0.03 sys=0.00, real=0.04 secs] 
07:35:33.164 [Curator-PathChildrenCache-1] WARN  o.a.c.u.ZKPaths  - The version of ZooKeeper being used doesn't support Container nodes. CreateMode.PERSISTENT will be used instead.
2019-06-11T07:35:35.332+0000: 23.975: [GC (Allocation Failure) 2019-06-11T07:35:35.332+0000: 23.975: [DefNew: 136576K->17024K(153600K), 0.0254812 secs] 151752K->52406K(494976K), 0.0255529 secs] [Times: user=0.02 sys=0.00, real=0.02 secs] 
2019-06-11T07:35:40.324+0000: 28.967: [GC (Allocation Failure) 2019-06-11T07:35:40.324+0000: 28.967: [DefNew: 153600K->261K(153600K), 0.0096803 secs] 188982K->43721K(494976K), 0.0097405 secs] [Times: user=0.01 sys=0.00, real=0.01 secs] 
2019-06-11T07:35:45.234+0000: 33.877: [GC (Allocation Failure) 2019-06-11T07:35:45.234+0000: 33.877: [DefNew: 136837K->248K(153600K), 0.0028202 secs] 180297K->43708K(494976K), 0.0028803 secs] [Times: user=0.01 sys=0.00, real=0.00 secs] 
2019-06-11T07:35:46.968+0000: 35.611: [Full GC (Metadata GC Threshold) 2019-06-11T07:35:46.968+0000: 35.611: [Tenured: 43459K->43700K(341376K), 0.0444389 secs] 93858K->43700K(494976K), [Metaspace: 34611K->34611K(1079296K)], 0.0445336 secs] [Times: user=0.05 sys=0.00, real=0.05 secs] 
2019-06-11T07:35:51.883+0000: 40.526: [GC (Allocation Failure) 2019-06-11T07:35:51.883+0000: 40.526: [DefNew: 136576K->48K(153600K), 0.0017694 secs] 180276K->43748K(494976K), 0.0018514 secs] [Times: user=0.00 sys=0.00, real=0.00 secs] 
2019-06-11T07:35:56.830+0000: 45.473: [GC (Allocation Failure) 2019-06-11T07:35:56.830+0000: 45.473: [DefNew: 136624K->48K(153600K), 0.0016048 secs] 180324K->43749K(494976K), 0.0016673 secs] [Times: user=0.01 sys=0.00, real=0.01 secs] 
07:36:05.724 [Curator-PathChildrenCache-0] ERROR o.a.c.f.r.c.PathChildrenCache  - 
java.lang.IllegalStateException: instance must be started before calling this method
	at org.apache.curator.shaded.com.google.common.base.Preconditions.checkState(Preconditions.java:444)
	at org.apache.curator.framework.imps.CuratorFrameworkImpl.getChildren(CuratorFrameworkImpl.java:456)
	at org.apache.curator.framework.recipes.cache.PathChildrenCache.refresh(PathChildrenCache.java:521)
	at org.apache.curator.framework.recipes.cache.RefreshOperation.invoke(RefreshOperation.java:35)
	at org.apache.curator.framework.recipes.cache.PathChildrenCache$9.run(PathChildrenCache.java:786)
	at java.util.concurrent.Executors$RunnableAdapter.call(Executors.java:511)
	at java.util.concurrent.FutureTask.run(FutureTask.java:266)
	at java.util.concurrent.Executors$RunnableAdapter.call(Executors.java:511)
	at java.util.concurrent.FutureTask.run(FutureTask.java:266)
	at java.util.concurrent.ThreadPoolExecutor.runWorker(ThreadPoolExecutor.java:1149)
	at java.util.concurrent.ThreadPoolExecutor$Worker.run(ThreadPoolExecutor.java:624)
	at java.lang.Thread.run(Thread.java:748)
2019-06-11T07:36:06.849+0000: 55.492: [GC (Allocation Failure) 2019-06-11T07:36:06.849+0000: 55.492: [DefNew: 136624K->874K(153600K), 0.0032589 secs] 180325K->44575K(494976K), 0.0033096 secs] [Times: user=0.00 sys=0.00, real=0.01 secs] 
Heap
 def new generation   total 153600K, used 3501K [0x00000000e0c00000, 0x00000000eb2a0000, 0x00000000eb2a0000)
  eden space 136576K,   1% used [0x00000000e0c00000, 0x00000000e0e90c38, 0x00000000e9160000)
  from space 17024K,   5% used [0x00000000e9160000, 0x00000000e923aac8, 0x00000000ea200000)
  to   space 17024K,   0% used [0x00000000ea200000, 0x00000000ea200000, 0x00000000eb2a0000)
 tenured generation   total 341376K, used 43700K [0x00000000eb2a0000, 0x0000000100000000, 0x0000000100000000)
   the space 341376K,  12% used [0x00000000eb2a0000, 0x00000000edd4d2b0, 0x00000000edd4d400, 0x0000000100000000)
 Metaspace       used 35708K, capacity 36608K, committed 36864K, reserved 1081344K
  class space    used 4811K, capacity 5010K, committed 5120K, reserved 1048576K
