12:02:17,647 |-INFO in ch.qos.logback.classic.LoggerContext[default] - Could NOT find resource [logback-test.xml]
12:02:17,648 |-INFO in ch.qos.logback.classic.LoggerContext[default] - Could NOT find resource [logback.groovy]
12:02:17,648 |-INFO in ch.qos.logback.classic.LoggerContext[default] - Found resource [logback.xml] at [jar:file:/home/nikitasokolov/flamestream/lib/flamestream-runtime-1.0-SNAPSHOT.jar!/logback.xml]
12:02:17,648 |-WARN in ch.qos.logback.classic.LoggerContext[default] - Resource [logback.xml] occurs multiple times on the classpath.
12:02:17,649 |-WARN in ch.qos.logback.classic.LoggerContext[default] - Resource [logback.xml] occurs at [jar:file:/home/nikitasokolov/flamestream/lib/flamestream-runtime-1.0-SNAPSHOT.jar!/logback.xml]
12:02:17,649 |-WARN in ch.qos.logback.classic.LoggerContext[default] - Resource [logback.xml] occurs at [jar:file:/home/nikitasokolov/flamestream/flamestream-runtime-1.0-SNAPSHOT.jar!/logback.xml]
12:02:17,664 |-INFO in ch.qos.logback.core.joran.spi.ConfigurationWatchList@6108b2d7 - URL [jar:file:/home/nikitasokolov/flamestream/lib/flamestream-runtime-1.0-SNAPSHOT.jar!/logback.xml] is not of type file
12:02:17,718 |-INFO in ch.qos.logback.classic.joran.action.ConfigurationAction - debug attribute not set
12:02:17,719 |-INFO in ch.qos.logback.core.joran.action.AppenderAction - About to instantiate appender of type [ch.qos.logback.core.ConsoleAppender]
12:02:17,728 |-INFO in ch.qos.logback.core.joran.action.AppenderAction - Naming appender as [STDOUT]
12:02:17,736 |-INFO in ch.qos.logback.core.joran.action.NestedComplexPropertyIA - Assuming default type [ch.qos.logback.classic.encoder.PatternLayoutEncoder] for [encoder] property
12:02:17,792 |-INFO in ch.qos.logback.core.joran.action.AppenderAction - About to instantiate appender of type [ch.qos.logback.core.rolling.RollingFileAppender]
12:02:17,797 |-INFO in ch.qos.logback.core.joran.action.AppenderAction - Naming appender as [FILE]
12:02:17,818 |-INFO in c.q.l.core.rolling.TimeBasedRollingPolicy@357863579 - No compression will be used
12:02:17,819 |-INFO in c.q.l.core.rolling.TimeBasedRollingPolicy@357863579 - Will use the pattern /tmp/application_%d{yyyy-MM-dd}.%i.log for the active file
12:02:17,822 |-INFO in ch.qos.logback.core.rolling.SizeAndTimeBasedFNATP@6bf256fa - The date pattern is 'yyyy-MM-dd' from file name pattern '/tmp/application_%d{yyyy-MM-dd}.%i.log'.
12:02:17,822 |-INFO in ch.qos.logback.core.rolling.SizeAndTimeBasedFNATP@6bf256fa - Roll-over at midnight.
12:02:17,826 |-INFO in ch.qos.logback.core.rolling.SizeAndTimeBasedFNATP@6bf256fa - Setting initial period to Sun Jun 09 12:01:25 MSK 2019
12:02:17,826 |-WARN in ch.qos.logback.core.rolling.SizeAndTimeBasedFNATP@6bf256fa - SizeAndTimeBasedFNATP is deprecated. Use SizeAndTimeBasedRollingPolicy instead
12:02:17,826 |-WARN in ch.qos.logback.core.rolling.SizeAndTimeBasedFNATP@6bf256fa - For more information see http://logback.qos.ch/manual/appenders.html#SizeAndTimeBasedRollingPolicy
12:02:17,831 |-INFO in ch.qos.logback.core.joran.action.NestedComplexPropertyIA - Assuming default type [ch.qos.logback.classic.encoder.PatternLayoutEncoder] for [encoder] property
12:02:17,833 |-INFO in ch.qos.logback.core.rolling.RollingFileAppender[FILE] - Active log file name: /tmp/application.log
12:02:17,833 |-INFO in ch.qos.logback.core.rolling.RollingFileAppender[FILE] - File property is set to [/tmp/application.log]
12:02:17,834 |-INFO in ch.qos.logback.classic.joran.action.RootLoggerAction - Setting level of ROOT logger to WARN
12:02:17,834 |-INFO in ch.qos.logback.core.joran.action.AppenderRefAction - Attaching appender named [STDOUT] to Logger[ROOT]
12:02:17,835 |-INFO in ch.qos.logback.core.joran.action.AppenderRefAction - Attaching appender named [FILE] to Logger[ROOT]
12:02:17,835 |-INFO in ch.qos.logback.classic.joran.action.ConfigurationAction - End of configuration.
12:02:17,836 |-INFO in ch.qos.logback.classic.joran.JoranConfigurator@6cd8737 - Registering current configuration as safe fallback point

2019-06-09T12:02:18.793+0300: 1.349: [GC (Metadata GC Threshold) [PSYoungGen: 108151K->15700K(149504K)] 108151K->15781K(491008K), 0.0201614 secs] [Times: user=0.06 sys=0.02, real=0.02 secs] 
2019-06-09T12:02:18.814+0300: 1.369: [Full GC (Metadata GC Threshold) [PSYoungGen: 15700K->0K(149504K)] [ParOldGen: 80K->14981K(341504K)] 15781K->14981K(491008K), [Metaspace: 20800K->20800K(1067008K)], 0.0287166 secs] [Times: user=0.19 sys=0.01, real=0.03 secs] 
12:02:30.901 [Curator-PathChildrenCache-2] WARN  o.a.c.u.ZKPaths  - The version of ZooKeeper being used doesn't support Container nodes. CreateMode.PERSISTENT will be used instead.
2019-06-09T12:02:31.604+0300: 14.159: [GC (Metadata GC Threshold) [PSYoungGen: 126696K->20971K(149504K)] 141678K->50718K(491008K), 0.0204650 secs] [Times: user=0.22 sys=0.02, real=0.02 secs] 
2019-06-09T12:02:31.624+0300: 14.180: [Full GC (Metadata GC Threshold) [PSYoungGen: 20971K->0K(149504K)] [ParOldGen: 29747K->39621K(341504K)] 50718K->39621K(491008K), [Metaspace: 34489K->34486K(1079296K)], 0.0369692 secs] [Times: user=0.17 sys=0.00, real=0.04 secs] 
2019-06-09T12:02:33.329+0300: 15.885: [GC (Allocation Failure) [PSYoungGen: 128512K->640K(149504K)] 168133K->40261K(491008K), 0.0030410 secs] [Times: user=0.01 sys=0.00, real=0.01 secs] 
2019-06-09T12:02:34.972+0300: 17.527: [GC (Allocation Failure) [PSYoungGen: 129152K->512K(149504K)] 168773K->40133K(491008K), 0.0039545 secs] [Times: user=0.03 sys=0.00, real=0.00 secs] 
2019-06-09T12:02:36.437+0300: 18.993: [GC (Allocation Failure) [PSYoungGen: 129024K->608K(129536K)] 168645K->40229K(471040K), 0.0038396 secs] [Times: user=0.01 sys=0.01, real=0.01 secs] 
2019-06-09T12:02:37.755+0300: 20.311: [GC (Allocation Failure) [PSYoungGen: 129120K->704K(132096K)] 168741K->40325K(473600K), 0.0036986 secs] [Times: user=0.01 sys=0.00, real=0.01 secs] 
2019-06-09T12:02:38.523+0300: 21.079: [GC (Allocation Failure) [PSYoungGen: 92352K->576K(130048K)] 131973K->40197K(471552K), 0.0046192 secs] [Times: user=0.03 sys=0.00, real=0.00 secs] 
2019-06-09T12:02:39.146+0300: 21.702: [GC (Allocation Failure) [PSYoungGen: 92224K->640K(136192K)] 131845K->40261K(477696K), 0.0034210 secs] [Times: user=0.01 sys=0.00, real=0.00 secs] 
2019-06-09T12:02:40.001+0300: 22.557: [GC (Allocation Failure) [PSYoungGen: 100480K->640K(134144K)] 140101K->40261K(475648K), 0.0034446 secs] [Times: user=0.01 sys=0.00, real=0.00 secs] 
2019-06-09T12:02:41.239+0300: 23.794: [GC (Allocation Failure) [PSYoungGen: 100480K->608K(139776K)] 140101K->40237K(481280K), 0.0031763 secs] [Times: user=0.01 sys=0.00, real=0.00 secs] 
2019-06-09T12:02:42.513+0300: 25.068: [GC (Allocation Failure) [PSYoungGen: 108128K->640K(138240K)] 147757K->40269K(479744K), 0.0049978 secs] [Times: user=0.03 sys=0.00, real=0.01 secs] 
2019-06-09T12:02:43.772+0300: 26.328: [GC (Allocation Failure) [PSYoungGen: 108160K->672K(142848K)] 147789K->40309K(484352K), 0.0032239 secs] [Times: user=0.02 sys=0.00, real=0.00 secs] 
2019-06-09T12:02:45.021+0300: 27.577: [GC (Allocation Failure) [PSYoungGen: 114336K->608K(141312K)] 153973K->40245K(482816K), 0.0046215 secs] [Times: user=0.02 sys=0.01, real=0.00 secs] 
12:02:52.380 [Curator-PathChildrenCache-0] ERROR o.a.c.f.r.c.PathChildrenCache  - 
java.lang.IllegalStateException: instance must be started before calling this method
	at org.apache.curator.shaded.com.google.common.base.Preconditions.checkState(Preconditions.java:444)
	at org.apache.curator.framework.imps.CuratorFrameworkImpl.getChildren(CuratorFrameworkImpl.java:456)
	at org.apache.curator.framework.recipes.cache.PathChildrenCache.refresh(PathChildrenCache.java:521)
	at org.apache.curator.framework.recipes.cache.RefreshOperation.invoke(RefreshOperation.java:35)
	at org.apache.curator.framework.recipes.cache.PathChildrenCache$9.run(PathChildrenCache.java:786)
	at java.util.concurrent.Executors$RunnableAdapter.call(Executors.java:511)
	at java.util.concurrent.FutureTask.run(FutureTask.java:266)
	at java.util.concurrent.Executors$RunnableAdapter.call(Executors.java:511)
	at java.util.concurrent.FutureTask.run(FutureTask.java:266)
	at java.util.concurrent.ThreadPoolExecutor.runWorker(ThreadPoolExecutor.java:1149)
	at java.util.concurrent.ThreadPoolExecutor$Worker.run(ThreadPoolExecutor.java:624)
	at java.lang.Thread.run(Thread.java:748)
Heap
 PSYoungGen      total 141312K, used 84987K [0x00000000f5980000, 0x0000000100000000, 0x0000000100000000)
  eden space 113664K, 74% used [0x00000000f5980000,0x00000000fabe6e70,0x00000000fc880000)
  from space 27648K, 2% used [0x00000000fc880000,0x00000000fc918010,0x00000000fe380000)
  to   space 26112K, 0% used [0x00000000fe680000,0x00000000fe680000,0x0000000100000000)
 ParOldGen       total 341504K, used 39637K [0x00000000e0c00000, 0x00000000f5980000, 0x00000000f5980000)
  object space 341504K, 11% used [0x00000000e0c00000,0x00000000e32b56f8,0x00000000f5980000)
 Metaspace       used 35926K, capacity 36858K, committed 36952K, reserved 1081344K
  class space    used 4971K, capacity 5187K, committed 5248K, reserved 1048576K
