01:00:54,861 |-INFO in ch.qos.logback.classic.LoggerContext[default] - Could NOT find resource [logback-test.xml]
01:00:54,861 |-INFO in ch.qos.logback.classic.LoggerContext[default] - Could NOT find resource [logback.groovy]
01:00:54,862 |-INFO in ch.qos.logback.classic.LoggerContext[default] - Found resource [logback.xml] at [jar:file:/home/nikitasokolov/flamestream/lib/flamestream-runtime-1.0-SNAPSHOT.jar!/logback.xml]
01:00:54,862 |-WARN in ch.qos.logback.classic.LoggerContext[default] - Resource [logback.xml] occurs multiple times on the classpath.
01:00:54,862 |-WARN in ch.qos.logback.classic.LoggerContext[default] - Resource [logback.xml] occurs at [jar:file:/home/nikitasokolov/flamestream/lib/flamestream-runtime-1.0-SNAPSHOT.jar!/logback.xml]
01:00:54,862 |-WARN in ch.qos.logback.classic.LoggerContext[default] - Resource [logback.xml] occurs at [jar:file:/home/nikitasokolov/flamestream/flamestream-runtime-1.0-SNAPSHOT.jar!/logback.xml]
01:00:54,878 |-INFO in ch.qos.logback.core.joran.spi.ConfigurationWatchList@6108b2d7 - URL [jar:file:/home/nikitasokolov/flamestream/lib/flamestream-runtime-1.0-SNAPSHOT.jar!/logback.xml] is not of type file
01:00:54,929 |-INFO in ch.qos.logback.classic.joran.action.ConfigurationAction - debug attribute not set
01:00:54,930 |-INFO in ch.qos.logback.core.joran.action.AppenderAction - About to instantiate appender of type [ch.qos.logback.core.ConsoleAppender]
01:00:54,938 |-INFO in ch.qos.logback.core.joran.action.AppenderAction - Naming appender as [STDOUT]
01:00:54,945 |-INFO in ch.qos.logback.core.joran.action.NestedComplexPropertyIA - Assuming default type [ch.qos.logback.classic.encoder.PatternLayoutEncoder] for [encoder] property
01:00:55,001 |-INFO in ch.qos.logback.core.joran.action.AppenderAction - About to instantiate appender of type [ch.qos.logback.core.rolling.RollingFileAppender]
01:00:55,006 |-INFO in ch.qos.logback.core.joran.action.AppenderAction - Naming appender as [FILE]
01:00:55,028 |-INFO in c.q.l.core.rolling.TimeBasedRollingPolicy@357863579 - No compression will be used
01:00:55,029 |-INFO in c.q.l.core.rolling.TimeBasedRollingPolicy@357863579 - Will use the pattern /tmp/application_%d{yyyy-MM-dd}.%i.log for the active file
01:00:55,032 |-INFO in ch.qos.logback.core.rolling.SizeAndTimeBasedFNATP@6bf256fa - The date pattern is 'yyyy-MM-dd' from file name pattern '/tmp/application_%d{yyyy-MM-dd}.%i.log'.
01:00:55,032 |-INFO in ch.qos.logback.core.rolling.SizeAndTimeBasedFNATP@6bf256fa - Roll-over at midnight.
01:00:55,037 |-INFO in ch.qos.logback.core.rolling.SizeAndTimeBasedFNATP@6bf256fa - Setting initial period to Sun Jun 09 01:00:05 MSK 2019
01:00:55,037 |-WARN in ch.qos.logback.core.rolling.SizeAndTimeBasedFNATP@6bf256fa - SizeAndTimeBasedFNATP is deprecated. Use SizeAndTimeBasedRollingPolicy instead
01:00:55,037 |-WARN in ch.qos.logback.core.rolling.SizeAndTimeBasedFNATP@6bf256fa - For more information see http://logback.qos.ch/manual/appenders.html#SizeAndTimeBasedRollingPolicy
01:00:55,043 |-INFO in ch.qos.logback.core.joran.action.NestedComplexPropertyIA - Assuming default type [ch.qos.logback.classic.encoder.PatternLayoutEncoder] for [encoder] property
01:00:55,045 |-INFO in ch.qos.logback.core.rolling.RollingFileAppender[FILE] - Active log file name: /tmp/application.log
01:00:55,046 |-INFO in ch.qos.logback.core.rolling.RollingFileAppender[FILE] - File property is set to [/tmp/application.log]
01:00:55,047 |-INFO in ch.qos.logback.classic.joran.action.RootLoggerAction - Setting level of ROOT logger to WARN
01:00:55,047 |-INFO in ch.qos.logback.core.joran.action.AppenderRefAction - Attaching appender named [STDOUT] to Logger[ROOT]
01:00:55,047 |-INFO in ch.qos.logback.core.joran.action.AppenderRefAction - Attaching appender named [FILE] to Logger[ROOT]
01:00:55,048 |-INFO in ch.qos.logback.classic.joran.action.ConfigurationAction - End of configuration.
01:00:55,048 |-INFO in ch.qos.logback.classic.joran.JoranConfigurator@6cd8737 - Registering current configuration as safe fallback point

2019-06-09T01:00:56.038+0300: 1.377: [GC (Metadata GC Threshold) [PSYoungGen: 108151K->15819K(149504K)] 108151K->15899K(491008K), 0.0245779 secs] [Times: user=0.14 sys=0.01, real=0.02 secs] 
2019-06-09T01:00:56.062+0300: 1.401: [Full GC (Metadata GC Threshold) [PSYoungGen: 15819K->0K(149504K)] [ParOldGen: 80K->14981K(341504K)] 15899K->14981K(491008K), [Metaspace: 20799K->20799K(1067008K)], 0.0280744 secs] [Times: user=0.17 sys=0.02, real=0.03 secs] 
01:01:08.481 [Curator-PathChildrenCache-2] WARN  o.a.c.u.ZKPaths  - The version of ZooKeeper being used doesn't support Container nodes. CreateMode.PERSISTENT will be used instead.
2019-06-09T01:01:09.335+0300: 14.703: [GC (Metadata GC Threshold) [PSYoungGen: 123812K->16739K(149504K)] 138794K->51260K(491008K), 0.0616556 secs] [Times: user=0.28 sys=0.02, real=0.06 secs] 
2019-06-09T01:01:09.396+0300: 14.736: [Full GC (Metadata GC Threshold) [PSYoungGen: 16739K->0K(149504K)] [ParOldGen: 34521K->39789K(341504K)] 51260K->39789K(491008K), [Metaspace: 34499K->34495K(1079296K)], 0.0416747 secs] [Times: user=0.21 sys=0.02, real=0.05 secs] 
2019-06-09T01:01:12.334+0300: 17.673: [GC (Allocation Failure) [PSYoungGen: 128512K->544K(149504K)] 168301K->40341K(491008K), 0.0036524 secs] [Times: user=0.02 sys=0.01, real=0.01 secs] 
2019-06-09T01:01:15.728+0300: 21.068: [GC (Allocation Failure) [PSYoungGen: 129056K->512K(149504K)] 168853K->40317K(491008K), 0.0047773 secs] [Times: user=0.03 sys=0.00, real=0.01 secs] 
2019-06-09T01:01:19.152+0300: 24.492: [GC (Allocation Failure) [PSYoungGen: 129024K->512K(129024K)] 168829K->40325K(470528K), 0.0865329 secs] [Times: user=0.02 sys=0.00, real=0.09 secs] 
2019-06-09T01:01:22.618+0300: 27.957: [GC (Allocation Failure) [PSYoungGen: 129024K->480K(148992K)] 168837K->40301K(490496K), 0.0061660 secs] [Times: user=0.04 sys=0.00, real=0.00 secs] 
2019-06-09T01:01:25.953+0300: 31.293: [GC (Allocation Failure) [PSYoungGen: 127456K->512K(148480K)] 167277K->40333K(489984K), 0.0035084 secs] [Times: user=0.01 sys=0.00, real=0.00 secs] 
2019-06-09T01:01:29.375+0300: 34.714: [GC (Allocation Failure) [PSYoungGen: 127488K->512K(151040K)] 167309K->40341K(492544K), 0.0047135 secs] [Times: user=0.02 sys=0.00, real=0.01 secs] 
2019-06-09T01:01:32.926+0300: 38.265: [GC (Allocation Failure) [PSYoungGen: 131072K->448K(150016K)] 170901K->40277K(491520K), 0.0037031 secs] [Times: user=0.02 sys=0.00, real=0.01 secs] 
2019-06-09T01:01:36.472+0300: 41.811: [GC (Allocation Failure) [PSYoungGen: 131008K->480K(152576K)] 170837K->40309K(494080K), 0.0035982 secs] [Times: user=0.02 sys=0.00, real=0.00 secs] 
2019-06-09T01:01:40.132+0300: 45.471: [GC (Allocation Failure) [PSYoungGen: 134624K->640K(152064K)] 174453K->40469K(493568K), 0.0048131 secs] [Times: user=0.04 sys=0.00, real=0.00 secs] 
2019-06-09T01:01:43.797+0300: 49.136: [GC (Allocation Failure) [PSYoungGen: 134784K->608K(154624K)] 174613K->40445K(496128K), 0.0039303 secs] [Times: user=0.01 sys=0.00, real=0.01 secs] 
2019-06-09T01:01:47.509+0300: 52.848: [GC (Allocation Failure) [PSYoungGen: 138336K->576K(153600K)] 178173K->40413K(495104K), 0.0026874 secs] [Times: user=0.00 sys=0.01, real=0.01 secs] 
2019-06-09T01:01:51.232+0300: 56.865: [GC (Allocation Failure) [PSYoungGen: 138304K->640K(156160K)] 178141K->40485K(497664K), 0.2985217 secs] [Times: user=0.02 sys=0.01, real=0.30 secs] 
2019-06-09T01:01:55.062+0300: 60.401: [GC (Allocation Failure) [PSYoungGen: 141440K->640K(155136K)] 181285K->40485K(496640K), 0.0027953 secs] [Times: user=0.01 sys=0.00, real=0.00 secs] 
2019-06-09T01:01:59.437+0300: 64.777: [GC (Allocation Failure) [PSYoungGen: 141440K->1015K(157696K)] 181285K->40868K(499200K), 0.0038300 secs] [Times: user=0.01 sys=0.01, real=0.01 secs] 
2019-06-09T01:02:04.369+0300: 69.708: [GC (Allocation Failure) [PSYoungGen: 144887K->704K(156672K)] 184740K->40565K(498176K), 0.0031083 secs] [Times: user=0.02 sys=0.00, real=0.01 secs] 
2019-06-09T01:02:09.300+0300: 74.639: [GC (Allocation Failure) [PSYoungGen: 144576K->576K(159232K)] 184437K->40749K(500736K), 0.0030675 secs] [Times: user=0.02 sys=0.00, real=0.00 secs] 
01:02:17.074 [Curator-PathChildrenCache-0] ERROR o.a.c.f.r.c.PathChildrenCache  - 
java.lang.IllegalStateException: instance must be started before calling this method
	at org.apache.curator.shaded.com.google.common.base.Preconditions.checkState(Preconditions.java:444)
	at org.apache.curator.framework.imps.CuratorFrameworkImpl.getChildren(CuratorFrameworkImpl.java:456)
	at org.apache.curator.framework.recipes.cache.PathChildrenCache.refresh(PathChildrenCache.java:521)
	at org.apache.curator.framework.recipes.cache.RefreshOperation.invoke(RefreshOperation.java:35)
	at org.apache.curator.framework.recipes.cache.PathChildrenCache$9.run(PathChildrenCache.java:786)
	at java.util.concurrent.Executors$RunnableAdapter.call(Executors.java:511)
	at java.util.concurrent.FutureTask.run(FutureTask.java:266)
	at java.util.concurrent.Executors$RunnableAdapter.call(Executors.java:511)
	at java.util.concurrent.FutureTask.run(FutureTask.java:266)
	at java.util.concurrent.ThreadPoolExecutor.runWorker(ThreadPoolExecutor.java:1149)
	at java.util.concurrent.ThreadPoolExecutor$Worker.run(ThreadPoolExecutor.java:624)
	at java.lang.Thread.run(Thread.java:748)
Heap
 PSYoungGen      total 159232K, used 24398K [0x00000000f5980000, 0x0000000100000000, 0x0000000100000000)
  eden space 146944K, 16% used [0x00000000f5980000,0x00000000f70c3a40,0x00000000fe900000)
  from space 12288K, 4% used [0x00000000ff400000,0x00000000ff490060,0x0000000100000000)
  to   space 11264K, 0% used [0x00000000fe900000,0x00000000fe900000,0x00000000ff400000)
 ParOldGen       total 341504K, used 40173K [0x00000000e0c00000, 0x00000000f5980000, 0x00000000f5980000)
  object space 341504K, 11% used [0x00000000e0c00000,0x00000000e333b528,0x00000000f5980000)
 Metaspace       used 36426K, capacity 37402K, committed 37464K, reserved 1081344K
  class space    used 5016K, capacity 5219K, committed 5248K, reserved 1048576K
