16:18:26,961 |-INFO in ch.qos.logback.classic.LoggerContext[default] - Could NOT find resource [logback-test.xml]
16:18:26,962 |-INFO in ch.qos.logback.classic.LoggerContext[default] - Could NOT find resource [logback.groovy]
16:18:26,962 |-INFO in ch.qos.logback.classic.LoggerContext[default] - Found resource [logback.xml] at [jar:file:/root/flamestream/lib/flamestream-runtime-1.0-SNAPSHOT.jar!/logback.xml]
16:18:26,963 |-WARN in ch.qos.logback.classic.LoggerContext[default] - Resource [logback.xml] occurs multiple times on the classpath.
16:18:26,963 |-WARN in ch.qos.logback.classic.LoggerContext[default] - Resource [logback.xml] occurs at [jar:file:/root/flamestream/lib/flamestream-runtime-1.0-SNAPSHOT.jar!/logback.xml]
16:18:26,963 |-WARN in ch.qos.logback.classic.LoggerContext[default] - Resource [logback.xml] occurs at [jar:file:/root/flamestream/flamestream-runtime-1.0-SNAPSHOT.jar!/logback.xml]
16:18:26,983 |-INFO in ch.qos.logback.core.joran.spi.ConfigurationWatchList@3fb6a447 - URL [jar:file:/root/flamestream/lib/flamestream-runtime-1.0-SNAPSHOT.jar!/logback.xml] is not of type file
16:18:27,061 |-INFO in ch.qos.logback.classic.joran.action.ConfigurationAction - debug attribute not set
16:18:27,062 |-INFO in ch.qos.logback.core.joran.action.AppenderAction - About to instantiate appender of type [ch.qos.logback.core.ConsoleAppender]
16:18:27,076 |-INFO in ch.qos.logback.core.joran.action.AppenderAction - Naming appender as [STDOUT]
16:18:27,095 |-INFO in ch.qos.logback.core.joran.action.NestedComplexPropertyIA - Assuming default type [ch.qos.logback.classic.encoder.PatternLayoutEncoder] for [encoder] property
16:18:27,187 |-INFO in ch.qos.logback.core.joran.action.AppenderAction - About to instantiate appender of type [ch.qos.logback.core.rolling.RollingFileAppender]
16:18:27,194 |-INFO in ch.qos.logback.core.joran.action.AppenderAction - Naming appender as [FILE]
16:18:27,225 |-INFO in c.q.l.core.rolling.TimeBasedRollingPolicy@127618319 - No compression will be used
16:18:27,227 |-INFO in c.q.l.core.rolling.TimeBasedRollingPolicy@127618319 - Will use the pattern /tmp/application_%d{yyyy-MM-dd}.%i.log for the active file
16:18:27,230 |-INFO in ch.qos.logback.core.rolling.SizeAndTimeBasedFNATP@6b2fad11 - The date pattern is 'yyyy-MM-dd' from file name pattern '/tmp/application_%d{yyyy-MM-dd}.%i.log'.
16:18:27,230 |-INFO in ch.qos.logback.core.rolling.SizeAndTimeBasedFNATP@6b2fad11 - Roll-over at midnight.
16:18:27,235 |-INFO in ch.qos.logback.core.rolling.SizeAndTimeBasedFNATP@6b2fad11 - Setting initial period to Mon Jun 10 16:17:11 UTC 2019
16:18:27,236 |-WARN in ch.qos.logback.core.rolling.SizeAndTimeBasedFNATP@6b2fad11 - SizeAndTimeBasedFNATP is deprecated. Use SizeAndTimeBasedRollingPolicy instead
16:18:27,236 |-WARN in ch.qos.logback.core.rolling.SizeAndTimeBasedFNATP@6b2fad11 - For more information see http://logback.qos.ch/manual/appenders.html#SizeAndTimeBasedRollingPolicy
16:18:27,239 |-INFO in ch.qos.logback.core.joran.action.NestedComplexPropertyIA - Assuming default type [ch.qos.logback.classic.encoder.PatternLayoutEncoder] for [encoder] property
16:18:27,244 |-INFO in ch.qos.logback.core.rolling.RollingFileAppender[FILE] - Active log file name: /tmp/application.log
16:18:27,244 |-INFO in ch.qos.logback.core.rolling.RollingFileAppender[FILE] - File property is set to [/tmp/application.log]
16:18:27,245 |-INFO in ch.qos.logback.classic.joran.action.RootLoggerAction - Setting level of ROOT logger to WARN
16:18:27,245 |-INFO in ch.qos.logback.core.joran.action.AppenderRefAction - Attaching appender named [STDOUT] to Logger[ROOT]
16:18:27,247 |-INFO in ch.qos.logback.core.joran.action.AppenderRefAction - Attaching appender named [FILE] to Logger[ROOT]
16:18:27,248 |-INFO in ch.qos.logback.classic.joran.action.ConfigurationAction - End of configuration.
16:18:27,248 |-INFO in ch.qos.logback.classic.joran.JoranConfigurator@79698539 - Registering current configuration as safe fallback point

Ama winner
Ama winner
2019-06-10T16:18:28.545+0000: 1.772: [Full GC (Metadata GC Threshold) 2019-06-10T16:18:28.545+0000: 1.772: [Tenured: 0K->15146K(341376K), 0.0406287 secs] 115115K->15146K(494976K), [Metaspace: 20736K->20736K(1067008K)], 0.0406980 secs] [Times: user=0.03 sys=0.01, real=0.04 secs] 
16:18:42.307 [Curator-PathChildrenCache-1] WARN  o.a.c.u.ZKPaths  - The version of ZooKeeper being used doesn't support Container nodes. CreateMode.PERSISTENT will be used instead.
2019-06-10T16:18:44.727+0000: 17.953: [GC (Allocation Failure) 2019-06-10T16:18:44.727+0000: 17.954: [DefNew: 136576K->17023K(153600K), 0.0258379 secs] 151722K->52620K(494976K), 0.0259186 secs] [Times: user=0.02 sys=0.01, real=0.03 secs] 
2019-06-10T16:18:46.539+0000: 19.765: [Full GC (Metadata GC Threshold) 2019-06-10T16:18:46.539+0000: 19.766: [Tenured: 35596K->44373K(341376K), 0.0690566 secs] 97658K->44373K(494976K), [Metaspace: 34576K->34576K(1079296K)], 0.0691506 secs] [Times: user=0.06 sys=0.00, real=0.06 secs] 
2019-06-10T16:18:52.380+0000: 25.607: [GC (Allocation Failure) 2019-06-10T16:18:52.380+0000: 25.607: [DefNew: 136576K->64K(153600K), 0.0018612 secs] 180949K->44438K(494976K), 0.0019183 secs] [Times: user=0.00 sys=0.00, real=0.00 secs] 
2019-06-10T16:18:58.208+0000: 31.435: [GC (Allocation Failure) 2019-06-10T16:18:58.208+0000: 31.435: [DefNew: 136640K->67K(153600K), 0.0017782 secs] 181014K->44440K(494976K), 0.0018382 secs] [Times: user=0.00 sys=0.00, real=0.01 secs] 
2019-06-10T16:19:04.063+0000: 37.290: [GC (Allocation Failure) 2019-06-10T16:19:04.063+0000: 37.290: [DefNew: 136643K->67K(153600K), 0.0018066 secs] 181016K->44441K(494976K), 0.0018713 secs] [Times: user=0.00 sys=0.00, real=0.00 secs] 
2019-06-10T16:19:09.926+0000: 43.153: [GC (Allocation Failure) 2019-06-10T16:19:09.926+0000: 43.153: [DefNew: 136643K->67K(153600K), 0.0017733 secs] 181017K->44441K(494976K), 0.0018500 secs] [Times: user=0.00 sys=0.00, real=0.00 secs] 
2019-06-10T16:19:15.842+0000: 49.069: [GC (Allocation Failure) 2019-06-10T16:19:15.842+0000: 49.069: [DefNew: 136643K->65K(153600K), 0.0017831 secs] 181017K->44439K(494976K), 0.0018448 secs] [Times: user=0.00 sys=0.00, real=0.00 secs] 
16:19:23.046 [Curator-PathChildrenCache-0] ERROR o.a.c.f.r.c.PathChildrenCache  - 
java.lang.IllegalStateException: instance must be started before calling this method
	at org.apache.curator.shaded.com.google.common.base.Preconditions.checkState(Preconditions.java:444)
	at org.apache.curator.framework.imps.CuratorFrameworkImpl.getChildren(CuratorFrameworkImpl.java:456)
	at org.apache.curator.framework.recipes.cache.PathChildrenCache.refresh(PathChildrenCache.java:521)
	at org.apache.curator.framework.recipes.cache.RefreshOperation.invoke(RefreshOperation.java:35)
	at org.apache.curator.framework.recipes.cache.PathChildrenCache$9.run(PathChildrenCache.java:786)
	at java.util.concurrent.Executors$RunnableAdapter.call(Executors.java:511)
	at java.util.concurrent.FutureTask.run(FutureTask.java:266)
	at java.util.concurrent.Executors$RunnableAdapter.call(Executors.java:511)
	at java.util.concurrent.FutureTask.run(FutureTask.java:266)
	at java.util.concurrent.ThreadPoolExecutor.runWorker(ThreadPoolExecutor.java:1149)
	at java.util.concurrent.ThreadPoolExecutor$Worker.run(ThreadPoolExecutor.java:624)
	at java.lang.Thread.run(Thread.java:748)
Heap
 def new generation   total 153600K, used 84084K [0x00000000e0c00000, 0x00000000eb2a0000, 0x00000000eb2a0000)
  eden space 136576K,  61% used [0x00000000e0c00000, 0x00000000e5e0cd68, 0x00000000e9160000)
  from space 17024K,   0% used [0x00000000e9160000, 0x00000000e91705a8, 0x00000000ea200000)
  to   space 17024K,   0% used [0x00000000ea200000, 0x00000000ea200000, 0x00000000eb2a0000)
 tenured generation   total 341376K, used 44373K [0x00000000eb2a0000, 0x0000000100000000, 0x0000000100000000)
   the space 341376K,  12% used [0x00000000eb2a0000, 0x00000000eddf5708, 0x00000000eddf5800, 0x0000000100000000)
 Metaspace       used 35765K, capacity 36646K, committed 36864K, reserved 1081344K
  class space    used 4826K, capacity 5017K, committed 5120K, reserved 1048576K
