16:23:14,629 |-INFO in ch.qos.logback.classic.LoggerContext[default] - Could NOT find resource [logback-test.xml]
16:23:14,630 |-INFO in ch.qos.logback.classic.LoggerContext[default] - Could NOT find resource [logback.groovy]
16:23:14,630 |-INFO in ch.qos.logback.classic.LoggerContext[default] - Found resource [logback.xml] at [jar:file:/root/flamestream/lib/flamestream-runtime-1.0-SNAPSHOT.jar!/logback.xml]
16:23:14,630 |-WARN in ch.qos.logback.classic.LoggerContext[default] - Resource [logback.xml] occurs multiple times on the classpath.
16:23:14,635 |-WARN in ch.qos.logback.classic.LoggerContext[default] - Resource [logback.xml] occurs at [jar:file:/root/flamestream/lib/flamestream-runtime-1.0-SNAPSHOT.jar!/logback.xml]
16:23:14,635 |-WARN in ch.qos.logback.classic.LoggerContext[default] - Resource [logback.xml] occurs at [jar:file:/root/flamestream/flamestream-runtime-1.0-SNAPSHOT.jar!/logback.xml]
16:23:14,655 |-INFO in ch.qos.logback.core.joran.spi.ConfigurationWatchList@3fb6a447 - URL [jar:file:/root/flamestream/lib/flamestream-runtime-1.0-SNAPSHOT.jar!/logback.xml] is not of type file
16:23:14,721 |-INFO in ch.qos.logback.classic.joran.action.ConfigurationAction - debug attribute not set
16:23:14,721 |-INFO in ch.qos.logback.core.joran.action.AppenderAction - About to instantiate appender of type [ch.qos.logback.core.ConsoleAppender]
16:23:14,737 |-INFO in ch.qos.logback.core.joran.action.AppenderAction - Naming appender as [STDOUT]
16:23:14,755 |-INFO in ch.qos.logback.core.joran.action.NestedComplexPropertyIA - Assuming default type [ch.qos.logback.classic.encoder.PatternLayoutEncoder] for [encoder] property
16:23:14,842 |-INFO in ch.qos.logback.core.joran.action.AppenderAction - About to instantiate appender of type [ch.qos.logback.core.rolling.RollingFileAppender]
16:23:14,847 |-INFO in ch.qos.logback.core.joran.action.AppenderAction - Naming appender as [FILE]
16:23:14,877 |-INFO in c.q.l.core.rolling.TimeBasedRollingPolicy@127618319 - No compression will be used
16:23:14,879 |-INFO in c.q.l.core.rolling.TimeBasedRollingPolicy@127618319 - Will use the pattern /tmp/application_%d{yyyy-MM-dd}.%i.log for the active file
16:23:14,881 |-INFO in ch.qos.logback.core.rolling.SizeAndTimeBasedFNATP@6b2fad11 - The date pattern is 'yyyy-MM-dd' from file name pattern '/tmp/application_%d{yyyy-MM-dd}.%i.log'.
16:23:14,881 |-INFO in ch.qos.logback.core.rolling.SizeAndTimeBasedFNATP@6b2fad11 - Roll-over at midnight.
16:23:14,887 |-INFO in ch.qos.logback.core.rolling.SizeAndTimeBasedFNATP@6b2fad11 - Setting initial period to Mon Jun 10 16:21:58 UTC 2019
16:23:14,887 |-WARN in ch.qos.logback.core.rolling.SizeAndTimeBasedFNATP@6b2fad11 - SizeAndTimeBasedFNATP is deprecated. Use SizeAndTimeBasedRollingPolicy instead
16:23:14,887 |-WARN in ch.qos.logback.core.rolling.SizeAndTimeBasedFNATP@6b2fad11 - For more information see http://logback.qos.ch/manual/appenders.html#SizeAndTimeBasedRollingPolicy
16:23:14,890 |-INFO in ch.qos.logback.core.joran.action.NestedComplexPropertyIA - Assuming default type [ch.qos.logback.classic.encoder.PatternLayoutEncoder] for [encoder] property
16:23:14,895 |-INFO in ch.qos.logback.core.rolling.RollingFileAppender[FILE] - Active log file name: /tmp/application.log
16:23:14,895 |-INFO in ch.qos.logback.core.rolling.RollingFileAppender[FILE] - File property is set to [/tmp/application.log]
16:23:14,896 |-INFO in ch.qos.logback.classic.joran.action.RootLoggerAction - Setting level of ROOT logger to WARN
16:23:14,896 |-INFO in ch.qos.logback.core.joran.action.AppenderRefAction - Attaching appender named [STDOUT] to Logger[ROOT]
16:23:14,898 |-INFO in ch.qos.logback.core.joran.action.AppenderRefAction - Attaching appender named [FILE] to Logger[ROOT]
16:23:14,898 |-INFO in ch.qos.logback.classic.joran.action.ConfigurationAction - End of configuration.
16:23:14,899 |-INFO in ch.qos.logback.classic.joran.JoranConfigurator@79698539 - Registering current configuration as safe fallback point

Ama winner
Ama winner
2019-06-10T16:23:16.181+0000: 1.729: [Full GC (Metadata GC Threshold) 2019-06-10T16:23:16.181+0000: 1.729: [Tenured: 0K->15241K(341376K), 0.0392928 secs] 114923K->15241K(494976K), [Metaspace: 20730K->20730K(1067008K)], 0.0393609 secs] [Times: user=0.03 sys=0.00, real=0.04 secs] 
16:23:32.097 [Curator-PathChildrenCache-1] WARN  o.a.c.u.ZKPaths  - The version of ZooKeeper being used doesn't support Container nodes. CreateMode.PERSISTENT will be used instead.
2019-06-10T16:23:34.282+0000: 19.830: [GC (Allocation Failure) 2019-06-10T16:23:34.282+0000: 19.830: [DefNew: 117120K->16679K(153600K), 0.0166773 secs] 132361K->31921K(494976K), 0.0167436 secs] [Times: user=0.02 sys=0.01, real=0.02 secs] 
2019-06-10T16:23:36.215+0000: 21.763: [Full GC (Metadata GC Threshold) 2019-06-10T16:23:36.215+0000: 21.763: [Tenured: 15241K->43757K(341376K), 0.0493723 secs] 93683K->43757K(494976K), [Metaspace: 34621K->34621K(1079296K)], 0.0494604 secs] [Times: user=0.04 sys=0.02, real=0.04 secs] 
2019-06-10T16:23:43.393+0000: 28.941: [GC (Allocation Failure) 2019-06-10T16:23:43.393+0000: 28.941: [DefNew: 136576K->59K(153600K), 0.0020038 secs] 180333K->43816K(494976K), 0.0020652 secs] [Times: user=0.00 sys=0.00, real=0.01 secs] 
2019-06-10T16:23:50.431+0000: 35.979: [GC (Allocation Failure) 2019-06-10T16:23:50.431+0000: 35.979: [DefNew: 136635K->59K(153600K), 0.0018334 secs] 180392K->43816K(494976K), 0.0018961 secs] [Times: user=0.00 sys=0.00, real=0.00 secs] 
2019-06-10T16:23:57.578+0000: 43.126: [GC (Allocation Failure) 2019-06-10T16:23:57.578+0000: 43.126: [DefNew: 136635K->91K(153600K), 0.0017958 secs] 180392K->43848K(494976K), 0.0018574 secs] [Times: user=0.01 sys=0.00, real=0.00 secs] 
2019-06-10T16:24:04.768+0000: 50.316: [GC (Allocation Failure) 2019-06-10T16:24:04.768+0000: 50.316: [DefNew: 136667K->91K(153600K), 0.0017993 secs] 180424K->43848K(494976K), 0.0018605 secs] [Times: user=0.00 sys=0.00, real=0.00 secs] 
2019-06-10T16:24:11.939+0000: 57.487: [GC (Allocation Failure) 2019-06-10T16:24:11.939+0000: 57.487: [DefNew: 136667K->93K(153600K), 0.0018620 secs] 180424K->43850K(494976K), 0.0019240 secs] [Times: user=0.01 sys=0.00, real=0.00 secs] 
16:24:26.355 [Curator-PathChildrenCache-0] ERROR o.a.c.f.r.c.PathChildrenCache  - 
java.lang.IllegalStateException: instance must be started before calling this method
	at org.apache.curator.shaded.com.google.common.base.Preconditions.checkState(Preconditions.java:444)
	at org.apache.curator.framework.imps.CuratorFrameworkImpl.getChildren(CuratorFrameworkImpl.java:456)
	at org.apache.curator.framework.recipes.cache.PathChildrenCache.refresh(PathChildrenCache.java:521)
	at org.apache.curator.framework.recipes.cache.RefreshOperation.invoke(RefreshOperation.java:35)
	at org.apache.curator.framework.recipes.cache.PathChildrenCache$9.run(PathChildrenCache.java:786)
	at java.util.concurrent.Executors$RunnableAdapter.call(Executors.java:511)
	at java.util.concurrent.FutureTask.run(FutureTask.java:266)
	at java.util.concurrent.Executors$RunnableAdapter.call(Executors.java:511)
	at java.util.concurrent.FutureTask.run(FutureTask.java:266)
	at java.util.concurrent.ThreadPoolExecutor.runWorker(ThreadPoolExecutor.java:1149)
	at java.util.concurrent.ThreadPoolExecutor$Worker.run(ThreadPoolExecutor.java:624)
	at java.lang.Thread.run(Thread.java:748)
Heap
 def new generation   total 153600K, used 114143K [0x00000000e0c00000, 0x00000000eb2a0000, 0x00000000eb2a0000)
  eden space 136576K,  83% used [0x00000000e0c00000, 0x00000000e7b60988, 0x00000000e9160000)
  from space 17024K,   0% used [0x00000000e9160000, 0x00000000e91774c0, 0x00000000ea200000)
  to   space 17024K,   0% used [0x00000000ea200000, 0x00000000ea200000, 0x00000000eb2a0000)
 tenured generation   total 341376K, used 43757K [0x00000000eb2a0000, 0x0000000100000000, 0x0000000100000000)
   the space 341376K,  12% used [0x00000000eb2a0000, 0x00000000edd5b618, 0x00000000edd5b800, 0x0000000100000000)
 Metaspace       used 36116K, capacity 37070K, committed 37376K, reserved 1081344K
  class space    used 4875K, capacity 5087K, committed 5120K, reserved 1048576K
