14:35:38,407 |-INFO in ch.qos.logback.classic.LoggerContext[default] - Could NOT find resource [logback-test.xml]
14:35:38,408 |-INFO in ch.qos.logback.classic.LoggerContext[default] - Could NOT find resource [logback.groovy]
14:35:38,408 |-INFO in ch.qos.logback.classic.LoggerContext[default] - Found resource [logback.xml] at [jar:file:/home/nikitasokolov/flamestream/lib/flamestream-runtime-1.0-SNAPSHOT.jar!/logback.xml]
14:35:38,408 |-WARN in ch.qos.logback.classic.LoggerContext[default] - Resource [logback.xml] occurs multiple times on the classpath.
14:35:38,409 |-WARN in ch.qos.logback.classic.LoggerContext[default] - Resource [logback.xml] occurs at [jar:file:/home/nikitasokolov/flamestream/lib/flamestream-runtime-1.0-SNAPSHOT.jar!/logback.xml]
14:35:38,409 |-WARN in ch.qos.logback.classic.LoggerContext[default] - Resource [logback.xml] occurs at [jar:file:/home/nikitasokolov/flamestream/flamestream-runtime-1.0-SNAPSHOT.jar!/logback.xml]
14:35:38,425 |-INFO in ch.qos.logback.core.joran.spi.ConfigurationWatchList@6108b2d7 - URL [jar:file:/home/nikitasokolov/flamestream/lib/flamestream-runtime-1.0-SNAPSHOT.jar!/logback.xml] is not of type file
14:35:38,475 |-INFO in ch.qos.logback.classic.joran.action.ConfigurationAction - debug attribute not set
14:35:38,476 |-INFO in ch.qos.logback.core.joran.action.AppenderAction - About to instantiate appender of type [ch.qos.logback.core.ConsoleAppender]
14:35:38,484 |-INFO in ch.qos.logback.core.joran.action.AppenderAction - Naming appender as [STDOUT]
14:35:38,493 |-INFO in ch.qos.logback.core.joran.action.NestedComplexPropertyIA - Assuming default type [ch.qos.logback.classic.encoder.PatternLayoutEncoder] for [encoder] property
14:35:38,547 |-INFO in ch.qos.logback.core.joran.action.AppenderAction - About to instantiate appender of type [ch.qos.logback.core.rolling.RollingFileAppender]
14:35:38,553 |-INFO in ch.qos.logback.core.joran.action.AppenderAction - Naming appender as [FILE]
14:35:38,574 |-INFO in c.q.l.core.rolling.TimeBasedRollingPolicy@357863579 - No compression will be used
14:35:38,576 |-INFO in c.q.l.core.rolling.TimeBasedRollingPolicy@357863579 - Will use the pattern /tmp/application_%d{yyyy-MM-dd}.%i.log for the active file
14:35:38,578 |-INFO in ch.qos.logback.core.rolling.SizeAndTimeBasedFNATP@6bf256fa - The date pattern is 'yyyy-MM-dd' from file name pattern '/tmp/application_%d{yyyy-MM-dd}.%i.log'.
14:35:38,578 |-INFO in ch.qos.logback.core.rolling.SizeAndTimeBasedFNATP@6bf256fa - Roll-over at midnight.
14:35:38,582 |-INFO in ch.qos.logback.core.rolling.SizeAndTimeBasedFNATP@6bf256fa - Setting initial period to Sun Jun 09 14:34:50 MSK 2019
14:35:38,582 |-WARN in ch.qos.logback.core.rolling.SizeAndTimeBasedFNATP@6bf256fa - SizeAndTimeBasedFNATP is deprecated. Use SizeAndTimeBasedRollingPolicy instead
14:35:38,582 |-WARN in ch.qos.logback.core.rolling.SizeAndTimeBasedFNATP@6bf256fa - For more information see http://logback.qos.ch/manual/appenders.html#SizeAndTimeBasedRollingPolicy
14:35:38,587 |-INFO in ch.qos.logback.core.joran.action.NestedComplexPropertyIA - Assuming default type [ch.qos.logback.classic.encoder.PatternLayoutEncoder] for [encoder] property
14:35:38,590 |-INFO in ch.qos.logback.core.rolling.RollingFileAppender[FILE] - Active log file name: /tmp/application.log
14:35:38,590 |-INFO in ch.qos.logback.core.rolling.RollingFileAppender[FILE] - File property is set to [/tmp/application.log]
14:35:38,591 |-INFO in ch.qos.logback.classic.joran.action.RootLoggerAction - Setting level of ROOT logger to WARN
14:35:38,591 |-INFO in ch.qos.logback.core.joran.action.AppenderRefAction - Attaching appender named [STDOUT] to Logger[ROOT]
14:35:38,591 |-INFO in ch.qos.logback.core.joran.action.AppenderRefAction - Attaching appender named [FILE] to Logger[ROOT]
14:35:38,591 |-INFO in ch.qos.logback.classic.joran.action.ConfigurationAction - End of configuration.
14:35:38,592 |-INFO in ch.qos.logback.classic.joran.JoranConfigurator@6cd8737 - Registering current configuration as safe fallback point

2019-06-09T14:35:39.551+0300: 1.342: [GC (Metadata GC Threshold) [PSYoungGen: 110722K->16062K(149504K)] 110722K->16142K(491008K), 0.0183171 secs] [Times: user=0.08 sys=0.00, real=0.01 secs] 
2019-06-09T14:35:39.569+0300: 1.360: [Full GC (Metadata GC Threshold) [PSYoungGen: 16062K->0K(149504K)] [ParOldGen: 80K->15078K(341504K)] 16142K->15078K(491008K), [Metaspace: 20800K->20800K(1067008K)], 0.0246828 secs] [Times: user=0.14 sys=0.02, real=0.03 secs] 
14:35:47.042 [Curator-PathChildrenCache-1] WARN  o.a.c.u.ZKPaths  - The version of ZooKeeper being used doesn't support Container nodes. CreateMode.PERSISTENT will be used instead.
2019-06-09T14:35:47.941+0300: 9.733: [GC (Metadata GC Threshold) [PSYoungGen: 123813K->15699K(149504K)] 138892K->50316K(491008K), 0.0264052 secs] [Times: user=0.20 sys=0.03, real=0.02 secs] 
2019-06-09T14:35:47.968+0300: 9.759: [Full GC (Metadata GC Threshold) [PSYoungGen: 15699K->0K(149504K)] [ParOldGen: 34617K->38696K(341504K)] 50316K->38696K(491008K), [Metaspace: 34513K->34513K(1079296K)], 0.0480202 secs] [Times: user=0.36 sys=0.01, real=0.05 secs] 
2019-06-09T14:35:56.793+0300: 18.584: [GC (Allocation Failure) [PSYoungGen: 128512K->512K(149504K)] 167208K->39216K(491008K), 0.0049588 secs] [Times: user=0.02 sys=0.02, real=0.00 secs] 
2019-06-09T14:36:06.788+0300: 28.580: [GC (Allocation Failure) [PSYoungGen: 129024K->512K(149504K)] 167728K->39224K(491008K), 0.0078499 secs] [Times: user=0.05 sys=0.02, real=0.01 secs] 
2019-06-09T14:36:16.781+0300: 38.573: [GC (Allocation Failure) [PSYoungGen: 129024K->544K(129536K)] 167736K->39264K(471040K), 0.0032883 secs] [Times: user=0.00 sys=0.01, real=0.00 secs] 
2019-06-09T14:36:26.934+0300: 48.726: [GC (Allocation Failure) [PSYoungGen: 129056K->544K(150016K)] 167776K->39264K(491520K), 0.0042998 secs] [Times: user=0.02 sys=0.01, real=0.01 secs] 
2019-06-09T14:36:37.073+0300: 58.865: [GC (Allocation Failure) [PSYoungGen: 129056K->576K(148992K)] 167776K->39304K(490496K), 0.0043671 secs] [Times: user=0.02 sys=0.01, real=0.01 secs] 
2019-06-09T14:36:49.086+0300: 70.877: [GC (Allocation Failure) [PSYoungGen: 129088K->951K(151552K)] 167816K->39687K(493056K), 0.0040339 secs] [Times: user=0.02 sys=0.00, real=0.01 secs] 
14:37:11.775 [Curator-PathChildrenCache-0] ERROR o.a.c.f.r.c.PathChildrenCache  - 
java.lang.IllegalStateException: instance must be started before calling this method
	at org.apache.curator.shaded.com.google.common.base.Preconditions.checkState(Preconditions.java:444)
	at org.apache.curator.framework.imps.CuratorFrameworkImpl.getChildren(CuratorFrameworkImpl.java:456)
	at org.apache.curator.framework.recipes.cache.PathChildrenCache.refresh(PathChildrenCache.java:521)
	at org.apache.curator.framework.recipes.cache.RefreshOperation.invoke(RefreshOperation.java:35)
	at org.apache.curator.framework.recipes.cache.PathChildrenCache$9.run(PathChildrenCache.java:786)
	at java.util.concurrent.Executors$RunnableAdapter.call(Executors.java:511)
	at java.util.concurrent.FutureTask.run(FutureTask.java:266)
	at java.util.concurrent.Executors$RunnableAdapter.call(Executors.java:511)
	at java.util.concurrent.FutureTask.run(FutureTask.java:266)
	at java.util.concurrent.ThreadPoolExecutor.runWorker(ThreadPoolExecutor.java:1149)
	at java.util.concurrent.ThreadPoolExecutor$Worker.run(ThreadPoolExecutor.java:624)
	at java.lang.Thread.run(Thread.java:748)
Heap
 PSYoungGen      total 151552K, used 121726K [0x00000000f5980000, 0x0000000100000000, 0x0000000100000000)
  eden space 131584K, 91% used [0x00000000f5980000,0x00000000fcf71ba8,0x00000000fda00000)
  from space 19968K, 4% used [0x00000000fec80000,0x00000000fed6dd20,0x0000000100000000)
  to   space 18944K, 0% used [0x00000000fda00000,0x00000000fda00000,0x00000000fec80000)
 ParOldGen       total 341504K, used 38736K [0x00000000e0c00000, 0x00000000f5980000, 0x00000000f5980000)
  object space 341504K, 11% used [0x00000000e0c00000,0x00000000e31d4218,0x00000000f5980000)
 Metaspace       used 36117K, capacity 37012K, committed 37208K, reserved 1081344K
  class space    used 4983K, capacity 5170K, committed 5248K, reserved 1048576K
