17:10:54,081 |-INFO in ch.qos.logback.classic.LoggerContext[default] - Could NOT find resource [logback-test.xml]
17:10:54,081 |-INFO in ch.qos.logback.classic.LoggerContext[default] - Could NOT find resource [logback.groovy]
17:10:54,081 |-INFO in ch.qos.logback.classic.LoggerContext[default] - Found resource [logback.xml] at [jar:file:/root/flamestream/lib/flamestream-runtime-1.0-SNAPSHOT.jar!/logback.xml]
17:10:54,082 |-WARN in ch.qos.logback.classic.LoggerContext[default] - Resource [logback.xml] occurs multiple times on the classpath.
17:10:54,082 |-WARN in ch.qos.logback.classic.LoggerContext[default] - Resource [logback.xml] occurs at [jar:file:/root/flamestream/lib/flamestream-runtime-1.0-SNAPSHOT.jar!/logback.xml]
17:10:54,082 |-WARN in ch.qos.logback.classic.LoggerContext[default] - Resource [logback.xml] occurs at [jar:file:/root/flamestream/flamestream-runtime-1.0-SNAPSHOT.jar!/logback.xml]
17:10:54,103 |-INFO in ch.qos.logback.core.joran.spi.ConfigurationWatchList@3fb6a447 - URL [jar:file:/root/flamestream/lib/flamestream-runtime-1.0-SNAPSHOT.jar!/logback.xml] is not of type file
17:10:54,171 |-INFO in ch.qos.logback.classic.joran.action.ConfigurationAction - debug attribute not set
17:10:54,171 |-INFO in ch.qos.logback.core.joran.action.AppenderAction - About to instantiate appender of type [ch.qos.logback.core.ConsoleAppender]
17:10:54,187 |-INFO in ch.qos.logback.core.joran.action.AppenderAction - Naming appender as [STDOUT]
17:10:54,207 |-INFO in ch.qos.logback.core.joran.action.NestedComplexPropertyIA - Assuming default type [ch.qos.logback.classic.encoder.PatternLayoutEncoder] for [encoder] property
17:10:54,293 |-INFO in ch.qos.logback.core.joran.action.AppenderAction - About to instantiate appender of type [ch.qos.logback.core.rolling.RollingFileAppender]
17:10:54,298 |-INFO in ch.qos.logback.core.joran.action.AppenderAction - Naming appender as [FILE]
17:10:54,329 |-INFO in c.q.l.core.rolling.TimeBasedRollingPolicy@127618319 - No compression will be used
17:10:54,330 |-INFO in c.q.l.core.rolling.TimeBasedRollingPolicy@127618319 - Will use the pattern /tmp/application_%d{yyyy-MM-dd}.%i.log for the active file
17:10:54,333 |-INFO in ch.qos.logback.core.rolling.SizeAndTimeBasedFNATP@6b2fad11 - The date pattern is 'yyyy-MM-dd' from file name pattern '/tmp/application_%d{yyyy-MM-dd}.%i.log'.
17:10:54,333 |-INFO in ch.qos.logback.core.rolling.SizeAndTimeBasedFNATP@6b2fad11 - Roll-over at midnight.
17:10:54,339 |-INFO in ch.qos.logback.core.rolling.SizeAndTimeBasedFNATP@6b2fad11 - Setting initial period to Mon Jun 10 17:09:26 UTC 2019
17:10:54,339 |-WARN in ch.qos.logback.core.rolling.SizeAndTimeBasedFNATP@6b2fad11 - SizeAndTimeBasedFNATP is deprecated. Use SizeAndTimeBasedRollingPolicy instead
17:10:54,339 |-WARN in ch.qos.logback.core.rolling.SizeAndTimeBasedFNATP@6b2fad11 - For more information see http://logback.qos.ch/manual/appenders.html#SizeAndTimeBasedRollingPolicy
17:10:54,343 |-INFO in ch.qos.logback.core.joran.action.NestedComplexPropertyIA - Assuming default type [ch.qos.logback.classic.encoder.PatternLayoutEncoder] for [encoder] property
17:10:54,348 |-INFO in ch.qos.logback.core.rolling.RollingFileAppender[FILE] - Active log file name: /tmp/application.log
17:10:54,348 |-INFO in ch.qos.logback.core.rolling.RollingFileAppender[FILE] - File property is set to [/tmp/application.log]
17:10:54,348 |-INFO in ch.qos.logback.classic.joran.action.RootLoggerAction - Setting level of ROOT logger to WARN
17:10:54,349 |-INFO in ch.qos.logback.core.joran.action.AppenderRefAction - Attaching appender named [STDOUT] to Logger[ROOT]
17:10:54,351 |-INFO in ch.qos.logback.core.joran.action.AppenderRefAction - Attaching appender named [FILE] to Logger[ROOT]
17:10:54,351 |-INFO in ch.qos.logback.classic.joran.action.ConfigurationAction - End of configuration.
17:10:54,351 |-INFO in ch.qos.logback.classic.joran.JoranConfigurator@79698539 - Registering current configuration as safe fallback point

Ama winner
Ama winner
2019-06-10T17:10:55.668+0000: 1.778: [Full GC (Metadata GC Threshold) 2019-06-10T17:10:55.668+0000: 1.778: [Tenured: 0K->15241K(341376K), 0.0400220 secs] 114986K->15241K(494976K), [Metaspace: 20738K->20738K(1067008K)], 0.0400897 secs] [Times: user=0.03 sys=0.01, real=0.04 secs] 
17:11:17.818 [Curator-PathChildrenCache-1] WARN  o.a.c.u.ZKPaths  - The version of ZooKeeper being used doesn't support Container nodes. CreateMode.PERSISTENT will be used instead.
2019-06-10T17:11:19.963+0000: 26.073: [GC (Allocation Failure) 2019-06-10T17:11:19.963+0000: 26.073: [DefNew: 136576K->17023K(153600K), 0.0264603 secs] 151817K->52918K(494976K), 0.0265308 secs] [Times: user=0.02 sys=0.01, real=0.03 secs] 
2019-06-10T17:11:23.598+0000: 29.708: [Full GC (Metadata GC Threshold) 2019-06-10T17:11:23.598+0000: 29.708: [Tenured: 35894K->44808K(341376K), 0.0532301 secs] 120330K->44808K(494976K), [Metaspace: 34586K->34586K(1079296K)], 0.0533149 secs] [Times: user=0.05 sys=0.01, real=0.05 secs] 
2019-06-10T17:11:30.792+0000: 36.902: [GC (Allocation Failure) 2019-06-10T17:11:30.792+0000: 36.902: [DefNew: 136576K->61K(153600K), 0.0017997 secs] 181384K->44870K(494976K), 0.0018612 secs] [Times: user=0.00 sys=0.00, real=0.00 secs] 
2019-06-10T17:11:37.970+0000: 44.080: [GC (Allocation Failure) 2019-06-10T17:11:37.970+0000: 44.080: [DefNew: 136637K->56K(153600K), 0.0016233 secs] 181446K->44864K(494976K), 0.0016929 secs] [Times: user=0.00 sys=0.00, real=0.00 secs] 
2019-06-10T17:11:45.113+0000: 51.224: [GC (Allocation Failure) 2019-06-10T17:11:45.113+0000: 51.224: [DefNew: 136632K->61K(153600K), 0.0017573 secs] 181440K->44869K(494976K), 0.0018295 secs] [Times: user=0.00 sys=0.00, real=0.00 secs] 
2019-06-10T17:11:52.345+0000: 58.456: [GC (Allocation Failure) 2019-06-10T17:11:52.345+0000: 58.456: [DefNew: 136637K->57K(153600K), 0.0016588 secs] 181445K->44866K(494976K), 0.0017189 secs] [Times: user=0.00 sys=0.00, real=0.00 secs] 
2019-06-10T17:12:00.203+0000: 66.313: [GC (Allocation Failure) 2019-06-10T17:12:00.203+0000: 66.313: [DefNew: 136633K->393K(153600K), 0.0022729 secs] 181442K->45202K(494976K), 0.0023388 secs] [Times: user=0.00 sys=0.00, real=0.01 secs] 
17:12:11.967 [Curator-PathChildrenCache-0] ERROR o.a.c.f.r.c.PathChildrenCache  - 
java.lang.IllegalStateException: instance must be started before calling this method
	at org.apache.curator.shaded.com.google.common.base.Preconditions.checkState(Preconditions.java:444)
	at org.apache.curator.framework.imps.CuratorFrameworkImpl.getChildren(CuratorFrameworkImpl.java:456)
	at org.apache.curator.framework.recipes.cache.PathChildrenCache.refresh(PathChildrenCache.java:521)
	at org.apache.curator.framework.recipes.cache.RefreshOperation.invoke(RefreshOperation.java:35)
	at org.apache.curator.framework.recipes.cache.PathChildrenCache$9.run(PathChildrenCache.java:786)
	at java.util.concurrent.Executors$RunnableAdapter.call(Executors.java:511)
	at java.util.concurrent.FutureTask.run(FutureTask.java:266)
	at java.util.concurrent.Executors$RunnableAdapter.call(Executors.java:511)
	at java.util.concurrent.FutureTask.run(FutureTask.java:266)
	at java.util.concurrent.ThreadPoolExecutor.runWorker(ThreadPoolExecutor.java:1149)
	at java.util.concurrent.ThreadPoolExecutor$Worker.run(ThreadPoolExecutor.java:624)
	at java.lang.Thread.run(Thread.java:748)
Heap
 def new generation   total 153600K, used 61003K [0x00000000e0c00000, 0x00000000eb2a0000, 0x00000000eb2a0000)
  eden space 136576K,  44% used [0x00000000e0c00000, 0x00000000e47304e0, 0x00000000e9160000)
  from space 17024K,   2% used [0x00000000e9160000, 0x00000000e91c2778, 0x00000000ea200000)
  to   space 17024K,   0% used [0x00000000ea200000, 0x00000000ea200000, 0x00000000eb2a0000)
 tenured generation   total 341376K, used 44808K [0x00000000eb2a0000, 0x0000000100000000, 0x0000000100000000)
   the space 341376K,  13% used [0x00000000eb2a0000, 0x00000000ede622f8, 0x00000000ede62400, 0x0000000100000000)
 Metaspace       used 36023K, capacity 36922K, committed 37120K, reserved 1081344K
  class space    used 4858K, capacity 5073K, committed 5120K, reserved 1048576K
