14:53:50,513 |-INFO in ch.qos.logback.classic.LoggerContext[default] - Could NOT find resource [logback-test.xml]
14:53:50,513 |-INFO in ch.qos.logback.classic.LoggerContext[default] - Could NOT find resource [logback.groovy]
14:53:50,518 |-INFO in ch.qos.logback.classic.LoggerContext[default] - Found resource [logback.xml] at [jar:file:/root/flamestream/lib/flamestream-runtime-1.0-SNAPSHOT.jar!/logback.xml]
14:53:50,518 |-WARN in ch.qos.logback.classic.LoggerContext[default] - Resource [logback.xml] occurs multiple times on the classpath.
14:53:50,519 |-WARN in ch.qos.logback.classic.LoggerContext[default] - Resource [logback.xml] occurs at [jar:file:/root/flamestream/lib/flamestream-runtime-1.0-SNAPSHOT.jar!/logback.xml]
14:53:50,519 |-WARN in ch.qos.logback.classic.LoggerContext[default] - Resource [logback.xml] occurs at [jar:file:/root/flamestream/flamestream-runtime-1.0-SNAPSHOT.jar!/logback.xml]
14:53:50,538 |-INFO in ch.qos.logback.core.joran.spi.ConfigurationWatchList@3fb6a447 - URL [jar:file:/root/flamestream/lib/flamestream-runtime-1.0-SNAPSHOT.jar!/logback.xml] is not of type file
14:53:50,604 |-INFO in ch.qos.logback.classic.joran.action.ConfigurationAction - debug attribute not set
14:53:50,604 |-INFO in ch.qos.logback.core.joran.action.AppenderAction - About to instantiate appender of type [ch.qos.logback.core.ConsoleAppender]
14:53:50,620 |-INFO in ch.qos.logback.core.joran.action.AppenderAction - Naming appender as [STDOUT]
14:53:50,631 |-INFO in ch.qos.logback.core.joran.action.NestedComplexPropertyIA - Assuming default type [ch.qos.logback.classic.encoder.PatternLayoutEncoder] for [encoder] property
14:53:50,733 |-INFO in ch.qos.logback.core.joran.action.AppenderAction - About to instantiate appender of type [ch.qos.logback.core.rolling.RollingFileAppender]
14:53:50,747 |-INFO in ch.qos.logback.core.joran.action.AppenderAction - Naming appender as [FILE]
14:53:50,773 |-INFO in c.q.l.core.rolling.TimeBasedRollingPolicy@127618319 - No compression will be used
14:53:50,774 |-INFO in c.q.l.core.rolling.TimeBasedRollingPolicy@127618319 - Will use the pattern /tmp/application_%d{yyyy-MM-dd}.%i.log for the active file
14:53:50,777 |-INFO in ch.qos.logback.core.rolling.SizeAndTimeBasedFNATP@6b2fad11 - The date pattern is 'yyyy-MM-dd' from file name pattern '/tmp/application_%d{yyyy-MM-dd}.%i.log'.
14:53:50,777 |-INFO in ch.qos.logback.core.rolling.SizeAndTimeBasedFNATP@6b2fad11 - Roll-over at midnight.
14:53:50,783 |-INFO in ch.qos.logback.core.rolling.SizeAndTimeBasedFNATP@6b2fad11 - Setting initial period to Mon Jun 10 14:52:34 UTC 2019
14:53:50,783 |-WARN in ch.qos.logback.core.rolling.SizeAndTimeBasedFNATP@6b2fad11 - SizeAndTimeBasedFNATP is deprecated. Use SizeAndTimeBasedRollingPolicy instead
14:53:50,783 |-WARN in ch.qos.logback.core.rolling.SizeAndTimeBasedFNATP@6b2fad11 - For more information see http://logback.qos.ch/manual/appenders.html#SizeAndTimeBasedRollingPolicy
14:53:50,787 |-INFO in ch.qos.logback.core.joran.action.NestedComplexPropertyIA - Assuming default type [ch.qos.logback.classic.encoder.PatternLayoutEncoder] for [encoder] property
14:53:50,792 |-INFO in ch.qos.logback.core.rolling.RollingFileAppender[FILE] - Active log file name: /tmp/application.log
14:53:50,792 |-INFO in ch.qos.logback.core.rolling.RollingFileAppender[FILE] - File property is set to [/tmp/application.log]
14:53:50,793 |-INFO in ch.qos.logback.classic.joran.action.RootLoggerAction - Setting level of ROOT logger to WARN
14:53:50,793 |-INFO in ch.qos.logback.core.joran.action.AppenderRefAction - Attaching appender named [STDOUT] to Logger[ROOT]
14:53:50,793 |-INFO in ch.qos.logback.core.joran.action.AppenderRefAction - Attaching appender named [FILE] to Logger[ROOT]
14:53:50,793 |-INFO in ch.qos.logback.classic.joran.action.ConfigurationAction - End of configuration.
14:53:50,794 |-INFO in ch.qos.logback.classic.joran.JoranConfigurator@79698539 - Registering current configuration as safe fallback point

Ama winner
Ama winner
2019-06-10T14:53:52.060+0000: 1.729: [Full GC (Metadata GC Threshold) 2019-06-10T14:53:52.060+0000: 1.729: [Tenured: 0K->15240K(341376K), 0.0406453 secs] 114987K->15240K(494976K), [Metaspace: 20734K->20734K(1067008K)], 0.0407137 secs] [Times: user=0.04 sys=0.00, real=0.04 secs] 
14:54:06.199 [Curator-PathChildrenCache-1] WARN  o.a.c.u.ZKPaths  - The version of ZooKeeper being used doesn't support Container nodes. CreateMode.PERSISTENT will be used instead.
2019-06-10T14:54:08.490+0000: 18.159: [GC (Allocation Failure) 2019-06-10T14:54:08.490+0000: 18.159: [DefNew: 136576K->17023K(153600K), 0.0260874 secs] 151816K->52893K(494976K), 0.0261704 secs] [Times: user=0.01 sys=0.02, real=0.03 secs] 
2019-06-10T14:54:09.736+0000: 19.404: [Full GC (Metadata GC Threshold) 2019-06-10T14:54:09.736+0000: 19.404: [Tenured: 35869K->44581K(341376K), 0.0398139 secs] 77945K->44581K(494976K), [Metaspace: 34577K->34577K(1079296K)], 0.0398965 secs] [Times: user=0.04 sys=0.01, real=0.04 secs] 
2019-06-10T14:54:16.815+0000: 26.483: [GC (Allocation Failure) 2019-06-10T14:54:16.815+0000: 26.483: [DefNew: 136576K->102K(153600K), 0.0020126 secs] 181157K->44683K(494976K), 0.0020762 secs] [Times: user=0.01 sys=0.00, real=0.00 secs] 
2019-06-10T14:54:23.678+0000: 33.346: [GC (Allocation Failure) 2019-06-10T14:54:23.678+0000: 33.346: [DefNew: 136678K->134K(153600K), 0.0017560 secs] 181259K->44715K(494976K), 0.0018172 secs] [Times: user=0.00 sys=0.00, real=0.00 secs] 
2019-06-10T14:54:30.633+0000: 40.301: [GC (Allocation Failure) 2019-06-10T14:54:30.633+0000: 40.301: [DefNew: 136710K->199K(153600K), 0.0018496 secs] 181291K->44781K(494976K), 0.0019083 secs] [Times: user=0.00 sys=0.00, real=0.01 secs] 
2019-06-10T14:54:37.606+0000: 47.274: [GC (Allocation Failure) 2019-06-10T14:54:37.606+0000: 47.274: [DefNew: 136775K->201K(153600K), 0.0019025 secs] 181357K->44782K(494976K), 0.0019591 secs] [Times: user=0.00 sys=0.00, real=0.00 secs] 
2019-06-10T14:54:44.585+0000: 54.253: [GC (Allocation Failure) 2019-06-10T14:54:44.585+0000: 54.253: [DefNew: 136777K->204K(153600K), 0.0019114 secs] 181358K->44786K(494976K), 0.0019697 secs] [Times: user=0.01 sys=0.00, real=0.01 secs] 
14:54:53.591 [Curator-PathChildrenCache-0] ERROR o.a.c.f.r.c.PathChildrenCache  - 
java.lang.IllegalStateException: instance must be started before calling this method
	at org.apache.curator.shaded.com.google.common.base.Preconditions.checkState(Preconditions.java:444)
	at org.apache.curator.framework.imps.CuratorFrameworkImpl.getChildren(CuratorFrameworkImpl.java:456)
	at org.apache.curator.framework.recipes.cache.PathChildrenCache.refresh(PathChildrenCache.java:521)
	at org.apache.curator.framework.recipes.cache.RefreshOperation.invoke(RefreshOperation.java:35)
	at org.apache.curator.framework.recipes.cache.PathChildrenCache$9.run(PathChildrenCache.java:786)
	at java.util.concurrent.Executors$RunnableAdapter.call(Executors.java:511)
	at java.util.concurrent.FutureTask.run(FutureTask.java:266)
	at java.util.concurrent.Executors$RunnableAdapter.call(Executors.java:511)
	at java.util.concurrent.FutureTask.run(FutureTask.java:266)
	at java.util.concurrent.ThreadPoolExecutor.runWorker(ThreadPoolExecutor.java:1149)
	at java.util.concurrent.ThreadPoolExecutor$Worker.run(ThreadPoolExecutor.java:624)
	at java.lang.Thread.run(Thread.java:748)
Heap
 def new generation   total 153600K, used 82337K [0x00000000e0c00000, 0x00000000eb2a0000, 0x00000000eb2a0000)
  eden space 136576K,  60% used [0x00000000e0c00000, 0x00000000e5c352a0, 0x00000000e9160000)
  from space 17024K,   1% used [0x00000000e9160000, 0x00000000e91933e0, 0x00000000ea200000)
  to   space 17024K,   0% used [0x00000000ea200000, 0x00000000ea200000, 0x00000000eb2a0000)
 tenured generation   total 341376K, used 44581K [0x00000000eb2a0000, 0x0000000100000000, 0x0000000100000000)
   the space 341376K,  13% used [0x00000000eb2a0000, 0x00000000ede294c8, 0x00000000ede29600, 0x0000000100000000)
 Metaspace       used 36051K, capacity 36928K, committed 37120K, reserved 1081344K
  class space    used 4870K, capacity 5074K, committed 5120K, reserved 1048576K
