12:52:03,337 |-INFO in ch.qos.logback.classic.LoggerContext[default] - Could NOT find resource [logback-test.xml]
12:52:03,337 |-INFO in ch.qos.logback.classic.LoggerContext[default] - Could NOT find resource [logback.groovy]
12:52:03,342 |-INFO in ch.qos.logback.classic.LoggerContext[default] - Found resource [logback.xml] at [jar:file:/root/flamestream/lib/flamestream-runtime-1.0-SNAPSHOT.jar!/logback.xml]
12:52:03,343 |-WARN in ch.qos.logback.classic.LoggerContext[default] - Resource [logback.xml] occurs multiple times on the classpath.
12:52:03,343 |-WARN in ch.qos.logback.classic.LoggerContext[default] - Resource [logback.xml] occurs at [jar:file:/root/flamestream/lib/flamestream-runtime-1.0-SNAPSHOT.jar!/logback.xml]
12:52:03,343 |-WARN in ch.qos.logback.classic.LoggerContext[default] - Resource [logback.xml] occurs at [jar:file:/root/flamestream/flamestream-runtime-1.0-SNAPSHOT.jar!/logback.xml]
12:52:03,363 |-INFO in ch.qos.logback.core.joran.spi.ConfigurationWatchList@3fb6a447 - URL [jar:file:/root/flamestream/lib/flamestream-runtime-1.0-SNAPSHOT.jar!/logback.xml] is not of type file
12:52:03,438 |-INFO in ch.qos.logback.classic.joran.action.ConfigurationAction - debug attribute not set
12:52:03,438 |-INFO in ch.qos.logback.core.joran.action.AppenderAction - About to instantiate appender of type [ch.qos.logback.core.ConsoleAppender]
12:52:03,452 |-INFO in ch.qos.logback.core.joran.action.AppenderAction - Naming appender as [STDOUT]
12:52:03,472 |-INFO in ch.qos.logback.core.joran.action.NestedComplexPropertyIA - Assuming default type [ch.qos.logback.classic.encoder.PatternLayoutEncoder] for [encoder] property
12:52:03,573 |-INFO in ch.qos.logback.core.joran.action.AppenderAction - About to instantiate appender of type [ch.qos.logback.core.rolling.RollingFileAppender]
12:52:03,578 |-INFO in ch.qos.logback.core.joran.action.AppenderAction - Naming appender as [FILE]
12:52:03,609 |-INFO in c.q.l.core.rolling.TimeBasedRollingPolicy@127618319 - No compression will be used
12:52:03,610 |-INFO in c.q.l.core.rolling.TimeBasedRollingPolicy@127618319 - Will use the pattern /tmp/application_%d{yyyy-MM-dd}.%i.log for the active file
12:52:03,614 |-INFO in ch.qos.logback.core.rolling.SizeAndTimeBasedFNATP@6b2fad11 - The date pattern is 'yyyy-MM-dd' from file name pattern '/tmp/application_%d{yyyy-MM-dd}.%i.log'.
12:52:03,614 |-INFO in ch.qos.logback.core.rolling.SizeAndTimeBasedFNATP@6b2fad11 - Roll-over at midnight.
12:52:03,620 |-INFO in ch.qos.logback.core.rolling.SizeAndTimeBasedFNATP@6b2fad11 - Setting initial period to Mon Jun 10 12:52:03 UTC 2019
12:52:03,620 |-WARN in ch.qos.logback.core.rolling.SizeAndTimeBasedFNATP@6b2fad11 - SizeAndTimeBasedFNATP is deprecated. Use SizeAndTimeBasedRollingPolicy instead
12:52:03,620 |-WARN in ch.qos.logback.core.rolling.SizeAndTimeBasedFNATP@6b2fad11 - For more information see http://logback.qos.ch/manual/appenders.html#SizeAndTimeBasedRollingPolicy
12:52:03,624 |-INFO in ch.qos.logback.core.joran.action.NestedComplexPropertyIA - Assuming default type [ch.qos.logback.classic.encoder.PatternLayoutEncoder] for [encoder] property
12:52:03,629 |-INFO in ch.qos.logback.core.rolling.RollingFileAppender[FILE] - Active log file name: /tmp/application.log
12:52:03,629 |-INFO in ch.qos.logback.core.rolling.RollingFileAppender[FILE] - File property is set to [/tmp/application.log]
12:52:03,629 |-INFO in ch.qos.logback.classic.joran.action.RootLoggerAction - Setting level of ROOT logger to WARN
12:52:03,630 |-INFO in ch.qos.logback.core.joran.action.AppenderRefAction - Attaching appender named [STDOUT] to Logger[ROOT]
12:52:03,632 |-INFO in ch.qos.logback.core.joran.action.AppenderRefAction - Attaching appender named [FILE] to Logger[ROOT]
12:52:03,632 |-INFO in ch.qos.logback.classic.joran.action.ConfigurationAction - End of configuration.
12:52:03,632 |-INFO in ch.qos.logback.classic.joran.JoranConfigurator@79698539 - Registering current configuration as safe fallback point

Ama winner
Ama winner
2019-06-10T12:52:04.945+0000: 1.794: [Full GC (Metadata GC Threshold) 2019-06-10T12:52:04.945+0000: 1.794: [Tenured: 0K->15240K(341376K), 0.0386723 secs] 117751K->15240K(494976K), [Metaspace: 20734K->20734K(1067008K)], 0.0387391 secs] [Times: user=0.04 sys=0.00, real=0.04 secs] 
12:52:05.926 [Curator-PathChildrenCache-0] WARN  o.a.c.u.ZKPaths  - The version of ZooKeeper being used doesn't support Container nodes. CreateMode.PERSISTENT will be used instead.
2019-06-10T12:53:01.534+0000: 58.383: [GC (Allocation Failure) 2019-06-10T12:53:01.534+0000: 58.383: [DefNew: 136395K->16890K(153600K), 0.0282280 secs] 151636K->51663K(494976K), 0.0283174 secs] [Times: user=0.02 sys=0.01, real=0.02 secs] 
2019-06-10T12:53:02.259+0000: 59.108: [Full GC (Metadata GC Threshold) 2019-06-10T12:53:02.259+0000: 59.108: [Tenured: 34772K->43690K(341376K), 0.0460748 secs] 74118K->43690K(494976K), [Metaspace: 34594K->34594K(1079296K)], 0.0461670 secs] [Times: user=0.05 sys=0.00, real=0.04 secs] 
2019-06-10T12:53:09.930+0000: 66.779: [GC (Allocation Failure) 2019-06-10T12:53:09.930+0000: 66.779: [DefNew: 136576K->584K(153600K), 0.0029543 secs] 180266K->44275K(494976K), 0.0030397 secs] [Times: user=0.01 sys=0.00, real=0.00 secs] 
2019-06-10T12:53:18.190+0000: 75.040: [GC (Allocation Failure) 2019-06-10T12:53:18.191+0000: 75.040: [DefNew: 137160K->361K(153600K), 0.0024680 secs] 180851K->44051K(494976K), 0.0025285 secs] [Times: user=0.00 sys=0.01, real=0.00 secs] 
2019-06-10T12:53:26.546+0000: 83.395: [GC (Allocation Failure) 2019-06-10T12:53:26.546+0000: 83.395: [DefNew: 136937K->355K(153600K), 0.0024532 secs] 180627K->44045K(494976K), 0.0025236 secs] [Times: user=0.01 sys=0.00, real=0.00 secs] 
2019-06-10T12:53:35.021+0000: 91.870: [GC (Allocation Failure) 2019-06-10T12:53:35.021+0000: 91.870: [DefNew: 136931K->360K(153600K), 0.0026850 secs] 180621K->44051K(494976K), 0.0027544 secs] [Times: user=0.00 sys=0.00, real=0.00 secs] 
2019-06-10T12:53:43.483+0000: 100.332: [GC (Allocation Failure) 2019-06-10T12:53:43.483+0000: 100.332: [DefNew: 136936K->359K(153600K), 0.0024031 secs] 180627K->44050K(494976K), 0.0024674 secs] [Times: user=0.00 sys=0.00, real=0.01 secs] 
2019-06-10T12:53:52.014+0000: 108.863: [GC (Allocation Failure) 2019-06-10T12:53:52.014+0000: 108.863: [DefNew: 136935K->357K(153600K), 0.0025536 secs] 180626K->44047K(494976K), 0.0026142 secs] [Times: user=0.00 sys=0.00, real=0.00 secs] 
2019-06-10T12:54:00.458+0000: 117.307: [GC (Allocation Failure) 2019-06-10T12:54:00.458+0000: 117.307: [DefNew: 136933K->357K(153600K), 0.0025143 secs] 180623K->44047K(494976K), 0.0025741 secs] [Times: user=0.00 sys=0.00, real=0.00 secs] 
2019-06-10T12:54:08.911+0000: 125.761: [GC (Allocation Failure) 2019-06-10T12:54:08.911+0000: 125.761: [DefNew: 136933K->383K(153600K), 0.0026753 secs] 180623K->44073K(494976K), 0.0027387 secs] [Times: user=0.01 sys=0.00, real=0.01 secs] 
2019-06-10T12:54:17.500+0000: 134.349: [GC (Allocation Failure) 2019-06-10T12:54:17.500+0000: 134.349: [DefNew: 136959K->382K(153600K), 0.0026016 secs] 180649K->44073K(494976K), 0.0026637 secs] [Times: user=0.01 sys=0.00, real=0.00 secs] 
2019-06-10T12:54:39.372+0000: 156.222: [GC (Allocation Failure) 2019-06-10T12:54:39.372+0000: 156.222: [DefNew: 136958K->383K(153600K), 0.0025866 secs] 180649K->44074K(494976K), 0.0026509 secs] [Times: user=0.01 sys=0.00, real=0.01 secs] 
12:54:59.542 [Curator-PathChildrenCache-0] ERROR o.a.c.f.r.c.PathChildrenCache  - 
java.lang.IllegalStateException: instance must be started before calling this method
	at org.apache.curator.shaded.com.google.common.base.Preconditions.checkState(Preconditions.java:444)
	at org.apache.curator.framework.imps.CuratorFrameworkImpl.getChildren(CuratorFrameworkImpl.java:456)
	at org.apache.curator.framework.recipes.cache.PathChildrenCache.refresh(PathChildrenCache.java:521)
	at org.apache.curator.framework.recipes.cache.RefreshOperation.invoke(RefreshOperation.java:35)
	at org.apache.curator.framework.recipes.cache.PathChildrenCache$9.run(PathChildrenCache.java:786)
	at java.util.concurrent.Executors$RunnableAdapter.call(Executors.java:511)
	at java.util.concurrent.FutureTask.run(FutureTask.java:266)
	at java.util.concurrent.Executors$RunnableAdapter.call(Executors.java:511)
	at java.util.concurrent.FutureTask.run(FutureTask.java:266)
	at java.util.concurrent.ThreadPoolExecutor.runWorker(ThreadPoolExecutor.java:1149)
	at java.util.concurrent.ThreadPoolExecutor$Worker.run(ThreadPoolExecutor.java:624)
	at java.lang.Thread.run(Thread.java:748)
Heap
 def new generation   total 153600K, used 79997K [0x00000000e0c00000, 0x00000000eb2a0000, 0x00000000eb2a0000)
  eden space 136576K,  58% used [0x00000000e0c00000, 0x00000000e59bf6f0, 0x00000000e9160000)
  from space 17024K,   2% used [0x00000000ea200000, 0x00000000ea25fea8, 0x00000000eb2a0000)
  to   space 17024K,   0% used [0x00000000e9160000, 0x00000000e9160000, 0x00000000ea200000)
 tenured generation   total 341376K, used 43690K [0x00000000eb2a0000, 0x0000000100000000, 0x0000000100000000)
   the space 341376K,  12% used [0x00000000eb2a0000, 0x00000000edd4aa58, 0x00000000edd4ac00, 0x0000000100000000)
 Metaspace       used 36407K, capacity 37389K, committed 37760K, reserved 1081344K
  class space    used 4901K, capacity 5123K, committed 5248K, reserved 1048576K
