16:41:23,522 |-INFO in ch.qos.logback.classic.LoggerContext[default] - Could NOT find resource [logback-test.xml]
16:41:23,522 |-INFO in ch.qos.logback.classic.LoggerContext[default] - Could NOT find resource [logback.groovy]
16:41:23,522 |-INFO in ch.qos.logback.classic.LoggerContext[default] - Found resource [logback.xml] at [jar:file:/root/flamestream/lib/flamestream-runtime-1.0-SNAPSHOT.jar!/logback.xml]
16:41:23,523 |-WARN in ch.qos.logback.classic.LoggerContext[default] - Resource [logback.xml] occurs multiple times on the classpath.
16:41:23,523 |-WARN in ch.qos.logback.classic.LoggerContext[default] - Resource [logback.xml] occurs at [jar:file:/root/flamestream/lib/flamestream-runtime-1.0-SNAPSHOT.jar!/logback.xml]
16:41:23,523 |-WARN in ch.qos.logback.classic.LoggerContext[default] - Resource [logback.xml] occurs at [jar:file:/root/flamestream/flamestream-runtime-1.0-SNAPSHOT.jar!/logback.xml]
16:41:23,543 |-INFO in ch.qos.logback.core.joran.spi.ConfigurationWatchList@3fb6a447 - URL [jar:file:/root/flamestream/lib/flamestream-runtime-1.0-SNAPSHOT.jar!/logback.xml] is not of type file
16:41:23,609 |-INFO in ch.qos.logback.classic.joran.action.ConfigurationAction - debug attribute not set
16:41:23,610 |-INFO in ch.qos.logback.core.joran.action.AppenderAction - About to instantiate appender of type [ch.qos.logback.core.ConsoleAppender]
16:41:23,626 |-INFO in ch.qos.logback.core.joran.action.AppenderAction - Naming appender as [STDOUT]
16:41:23,645 |-INFO in ch.qos.logback.core.joran.action.NestedComplexPropertyIA - Assuming default type [ch.qos.logback.classic.encoder.PatternLayoutEncoder] for [encoder] property
16:41:23,742 |-INFO in ch.qos.logback.core.joran.action.AppenderAction - About to instantiate appender of type [ch.qos.logback.core.rolling.RollingFileAppender]
16:41:23,747 |-INFO in ch.qos.logback.core.joran.action.AppenderAction - Naming appender as [FILE]
16:41:23,783 |-INFO in c.q.l.core.rolling.TimeBasedRollingPolicy@127618319 - No compression will be used
16:41:23,784 |-INFO in c.q.l.core.rolling.TimeBasedRollingPolicy@127618319 - Will use the pattern /tmp/application_%d{yyyy-MM-dd}.%i.log for the active file
16:41:23,787 |-INFO in ch.qos.logback.core.rolling.SizeAndTimeBasedFNATP@6b2fad11 - The date pattern is 'yyyy-MM-dd' from file name pattern '/tmp/application_%d{yyyy-MM-dd}.%i.log'.
16:41:23,787 |-INFO in ch.qos.logback.core.rolling.SizeAndTimeBasedFNATP@6b2fad11 - Roll-over at midnight.
16:41:23,792 |-INFO in ch.qos.logback.core.rolling.SizeAndTimeBasedFNATP@6b2fad11 - Setting initial period to Mon Jun 10 16:39:59 UTC 2019
16:41:23,792 |-WARN in ch.qos.logback.core.rolling.SizeAndTimeBasedFNATP@6b2fad11 - SizeAndTimeBasedFNATP is deprecated. Use SizeAndTimeBasedRollingPolicy instead
16:41:23,792 |-WARN in ch.qos.logback.core.rolling.SizeAndTimeBasedFNATP@6b2fad11 - For more information see http://logback.qos.ch/manual/appenders.html#SizeAndTimeBasedRollingPolicy
16:41:23,796 |-INFO in ch.qos.logback.core.joran.action.NestedComplexPropertyIA - Assuming default type [ch.qos.logback.classic.encoder.PatternLayoutEncoder] for [encoder] property
16:41:23,801 |-INFO in ch.qos.logback.core.rolling.RollingFileAppender[FILE] - Active log file name: /tmp/application.log
16:41:23,801 |-INFO in ch.qos.logback.core.rolling.RollingFileAppender[FILE] - File property is set to [/tmp/application.log]
16:41:23,802 |-INFO in ch.qos.logback.classic.joran.action.RootLoggerAction - Setting level of ROOT logger to WARN
16:41:23,802 |-INFO in ch.qos.logback.core.joran.action.AppenderRefAction - Attaching appender named [STDOUT] to Logger[ROOT]
16:41:23,804 |-INFO in ch.qos.logback.core.joran.action.AppenderRefAction - Attaching appender named [FILE] to Logger[ROOT]
16:41:23,804 |-INFO in ch.qos.logback.classic.joran.action.ConfigurationAction - End of configuration.
16:41:23,804 |-INFO in ch.qos.logback.classic.joran.JoranConfigurator@79698539 - Registering current configuration as safe fallback point

Ama winner
Ama winner
2019-06-10T16:41:25.101+0000: 1.766: [Full GC (Metadata GC Threshold) 2019-06-10T16:41:25.102+0000: 1.766: [Tenured: 0K->15209K(341376K), 0.0400201 secs] 114923K->15209K(494976K), [Metaspace: 20738K->20738K(1067008K)], 0.0400905 secs] [Times: user=0.03 sys=0.01, real=0.04 secs] 
16:41:42.289 [Curator-PathChildrenCache-1] WARN  o.a.c.u.ZKPaths  - The version of ZooKeeper being used doesn't support Container nodes. CreateMode.PERSISTENT will be used instead.
2019-06-10T16:41:44.476+0000: 21.141: [GC (Allocation Failure) 2019-06-10T16:41:44.476+0000: 21.141: [DefNew: 136576K->17024K(153600K), 0.0260524 secs] 151785K->52762K(494976K), 0.0261393 secs] [Times: user=0.03 sys=0.00, real=0.02 secs] 
2019-06-10T16:41:48.048+0000: 24.713: [Full GC (Metadata GC Threshold) 2019-06-10T16:41:48.048+0000: 24.713: [Tenured: 35738K->44507K(341376K), 0.0515247 secs] 126715K->44507K(494976K), [Metaspace: 34597K->34597K(1079296K)], 0.0516019 secs] [Times: user=0.04 sys=0.02, real=0.05 secs] 
2019-06-10T16:41:54.179+0000: 30.844: [GC (Allocation Failure) 2019-06-10T16:41:54.179+0000: 30.844: [DefNew: 136576K->92K(153600K), 0.0018211 secs] 181083K->44599K(494976K), 0.0018817 secs] [Times: user=0.00 sys=0.00, real=0.00 secs] 
2019-06-10T16:42:00.425+0000: 37.090: [GC (Allocation Failure) 2019-06-10T16:42:00.425+0000: 37.090: [DefNew: 136668K->123K(153600K), 0.0017540 secs] 181175K->44631K(494976K), 0.0018184 secs] [Times: user=0.00 sys=0.00, real=0.00 secs] 
2019-06-10T16:42:06.741+0000: 43.405: [GC (Allocation Failure) 2019-06-10T16:42:06.741+0000: 43.405: [DefNew: 136699K->155K(153600K), 0.0017657 secs] 181207K->44663K(494976K), 0.0018289 secs] [Times: user=0.00 sys=0.00, real=0.00 secs] 
2019-06-10T16:42:13.028+0000: 49.693: [GC (Allocation Failure) 2019-06-10T16:42:13.028+0000: 49.693: [DefNew: 136731K->188K(153600K), 0.0017442 secs] 181239K->44695K(494976K), 0.0018045 secs] [Times: user=0.00 sys=0.00, real=0.00 secs] 
2019-06-10T16:42:25.559+0000: 62.224: [GC (Allocation Failure) 2019-06-10T16:42:25.559+0000: 62.224: [DefNew: 136764K->786K(153600K), 0.0050219 secs] 181271K->45294K(494976K), 0.0050825 secs] [Times: user=0.00 sys=0.00, real=0.01 secs] 
16:42:25.600 [Curator-PathChildrenCache-0] ERROR o.a.c.f.r.c.PathChildrenCache  - 
java.lang.IllegalStateException: instance must be started before calling this method
	at org.apache.curator.shaded.com.google.common.base.Preconditions.checkState(Preconditions.java:444)
	at org.apache.curator.framework.imps.CuratorFrameworkImpl.getChildren(CuratorFrameworkImpl.java:456)
	at org.apache.curator.framework.recipes.cache.PathChildrenCache.refresh(PathChildrenCache.java:521)
	at org.apache.curator.framework.recipes.cache.RefreshOperation.invoke(RefreshOperation.java:35)
	at org.apache.curator.framework.recipes.cache.PathChildrenCache$9.run(PathChildrenCache.java:786)
	at java.util.concurrent.Executors$RunnableAdapter.call(Executors.java:511)
	at java.util.concurrent.FutureTask.run(FutureTask.java:266)
	at java.util.concurrent.Executors$RunnableAdapter.call(Executors.java:511)
	at java.util.concurrent.FutureTask.run(FutureTask.java:266)
	at java.util.concurrent.ThreadPoolExecutor.runWorker(ThreadPoolExecutor.java:1149)
	at java.util.concurrent.ThreadPoolExecutor$Worker.run(ThreadPoolExecutor.java:624)
	at java.lang.Thread.run(Thread.java:748)
Heap
 def new generation   total 153600K, used 14172K [0x00000000e0c00000, 0x00000000eb2a0000, 0x00000000eb2a0000)
  eden space 136576K,   9% used [0x00000000e0c00000, 0x00000000e1912578, 0x00000000e9160000)
  from space 17024K,   4% used [0x00000000e9160000, 0x00000000e9224ac8, 0x00000000ea200000)
  to   space 17024K,   0% used [0x00000000ea200000, 0x00000000ea200000, 0x00000000eb2a0000)
 tenured generation   total 341376K, used 44507K [0x00000000eb2a0000, 0x0000000100000000, 0x0000000100000000)
   the space 341376K,  13% used [0x00000000eb2a0000, 0x00000000ede16d48, 0x00000000ede16e00, 0x0000000100000000)
 Metaspace       used 36070K, capacity 36992K, committed 37120K, reserved 1081344K
  class space    used 4859K, capacity 5074K, committed 5120K, reserved 1048576K
