13:20:43,011 |-INFO in ch.qos.logback.classic.LoggerContext[default] - Could NOT find resource [logback-test.xml]
13:20:43,011 |-INFO in ch.qos.logback.classic.LoggerContext[default] - Could NOT find resource [logback.groovy]
13:20:43,011 |-INFO in ch.qos.logback.classic.LoggerContext[default] - Found resource [logback.xml] at [jar:file:/root/flamestream/lib/flamestream-runtime-1.0-SNAPSHOT.jar!/logback.xml]
13:20:43,012 |-WARN in ch.qos.logback.classic.LoggerContext[default] - Resource [logback.xml] occurs multiple times on the classpath.
13:20:43,012 |-WARN in ch.qos.logback.classic.LoggerContext[default] - Resource [logback.xml] occurs at [jar:file:/root/flamestream/lib/flamestream-runtime-1.0-SNAPSHOT.jar!/logback.xml]
13:20:43,012 |-WARN in ch.qos.logback.classic.LoggerContext[default] - Resource [logback.xml] occurs at [jar:file:/root/flamestream/flamestream-runtime-1.0-SNAPSHOT.jar!/logback.xml]
13:20:43,032 |-INFO in ch.qos.logback.core.joran.spi.ConfigurationWatchList@3fb6a447 - URL [jar:file:/root/flamestream/lib/flamestream-runtime-1.0-SNAPSHOT.jar!/logback.xml] is not of type file
13:20:43,100 |-INFO in ch.qos.logback.classic.joran.action.ConfigurationAction - debug attribute not set
13:20:43,100 |-INFO in ch.qos.logback.core.joran.action.AppenderAction - About to instantiate appender of type [ch.qos.logback.core.ConsoleAppender]
13:20:43,116 |-INFO in ch.qos.logback.core.joran.action.AppenderAction - Naming appender as [STDOUT]
13:20:43,136 |-INFO in ch.qos.logback.core.joran.action.NestedComplexPropertyIA - Assuming default type [ch.qos.logback.classic.encoder.PatternLayoutEncoder] for [encoder] property
13:20:43,220 |-INFO in ch.qos.logback.core.joran.action.AppenderAction - About to instantiate appender of type [ch.qos.logback.core.rolling.RollingFileAppender]
13:20:43,225 |-INFO in ch.qos.logback.core.joran.action.AppenderAction - Naming appender as [FILE]
13:20:43,255 |-INFO in c.q.l.core.rolling.TimeBasedRollingPolicy@127618319 - No compression will be used
13:20:43,256 |-INFO in c.q.l.core.rolling.TimeBasedRollingPolicy@127618319 - Will use the pattern /tmp/application_%d{yyyy-MM-dd}.%i.log for the active file
13:20:43,259 |-INFO in ch.qos.logback.core.rolling.SizeAndTimeBasedFNATP@6b2fad11 - The date pattern is 'yyyy-MM-dd' from file name pattern '/tmp/application_%d{yyyy-MM-dd}.%i.log'.
13:20:43,259 |-INFO in ch.qos.logback.core.rolling.SizeAndTimeBasedFNATP@6b2fad11 - Roll-over at midnight.
13:20:43,265 |-INFO in ch.qos.logback.core.rolling.SizeAndTimeBasedFNATP@6b2fad11 - Setting initial period to Mon Jun 10 13:19:16 UTC 2019
13:20:43,265 |-WARN in ch.qos.logback.core.rolling.SizeAndTimeBasedFNATP@6b2fad11 - SizeAndTimeBasedFNATP is deprecated. Use SizeAndTimeBasedRollingPolicy instead
13:20:43,265 |-WARN in ch.qos.logback.core.rolling.SizeAndTimeBasedFNATP@6b2fad11 - For more information see http://logback.qos.ch/manual/appenders.html#SizeAndTimeBasedRollingPolicy
13:20:43,269 |-INFO in ch.qos.logback.core.joran.action.NestedComplexPropertyIA - Assuming default type [ch.qos.logback.classic.encoder.PatternLayoutEncoder] for [encoder] property
13:20:43,273 |-INFO in ch.qos.logback.core.rolling.RollingFileAppender[FILE] - Active log file name: /tmp/application.log
13:20:43,273 |-INFO in ch.qos.logback.core.rolling.RollingFileAppender[FILE] - File property is set to [/tmp/application.log]
13:20:43,274 |-INFO in ch.qos.logback.classic.joran.action.RootLoggerAction - Setting level of ROOT logger to WARN
13:20:43,274 |-INFO in ch.qos.logback.core.joran.action.AppenderRefAction - Attaching appender named [STDOUT] to Logger[ROOT]
13:20:43,276 |-INFO in ch.qos.logback.core.joran.action.AppenderRefAction - Attaching appender named [FILE] to Logger[ROOT]
13:20:43,277 |-INFO in ch.qos.logback.classic.joran.action.ConfigurationAction - End of configuration.
13:20:43,277 |-INFO in ch.qos.logback.classic.joran.JoranConfigurator@79698539 - Registering current configuration as safe fallback point

Ama winner
Ama winner
2019-06-10T13:20:44.580+0000: 1.753: [Full GC (Metadata GC Threshold) 2019-06-10T13:20:44.580+0000: 1.753: [Tenured: 0K->15175K(341376K), 0.0380425 secs] 112223K->15175K(494976K), [Metaspace: 20733K->20733K(1067008K)], 0.0381215 secs] [Times: user=0.03 sys=0.00, real=0.04 secs] 
13:21:02.680 [Curator-PathChildrenCache-2] WARN  o.a.c.u.ZKPaths  - The version of ZooKeeper being used doesn't support Container nodes. CreateMode.PERSISTENT will be used instead.
2019-06-10T13:21:05.435+0000: 22.608: [GC (Allocation Failure) 2019-06-10T13:21:05.435+0000: 22.608: [DefNew: 122059K->17023K(153600K), 0.0189456 secs] 137235K->33414K(494976K), 0.0190357 secs] [Times: user=0.02 sys=0.01, real=0.02 secs] 
2019-06-10T13:21:05.885+0000: 23.058: [Full GC (Metadata GC Threshold) 2019-06-10T13:21:05.885+0000: 23.058: [Tenured: 16390K->45063K(341376K), 0.0807882 secs] 71088K->45063K(494976K), [Metaspace: 34588K->34588K(1079296K)], 0.0808614 secs] [Times: user=0.07 sys=0.01, real=0.09 secs] 
2019-06-10T13:21:11.572+0000: 28.745: [GC (Allocation Failure) 2019-06-10T13:21:11.572+0000: 28.745: [DefNew: 136576K->350K(153600K), 0.0026486 secs] 181639K->45414K(494976K), 0.0027091 secs] [Times: user=0.00 sys=0.00, real=0.01 secs] 
2019-06-10T13:21:16.953+0000: 34.126: [GC (Allocation Failure) 2019-06-10T13:21:16.954+0000: 34.126: [DefNew: 136926K->384K(153600K), 0.0024621 secs] 181990K->45448K(494976K), 0.0025232 secs] [Times: user=0.00 sys=0.00, real=0.00 secs] 
2019-06-10T13:21:22.299+0000: 39.472: [GC (Allocation Failure) 2019-06-10T13:21:22.299+0000: 39.472: [DefNew: 136960K->412K(153600K), 0.0023470 secs] 182024K->45476K(494976K), 0.0024100 secs] [Times: user=0.00 sys=0.00, real=0.00 secs] 
2019-06-10T13:21:27.599+0000: 44.772: [GC (Allocation Failure) 2019-06-10T13:21:27.599+0000: 44.772: [DefNew: 136988K->418K(153600K), 0.0023664 secs] 182052K->45481K(494976K), 0.0024406 secs] [Times: user=0.00 sys=0.00, real=0.00 secs] 
2019-06-10T13:21:32.975+0000: 50.148: [GC (Allocation Failure) 2019-06-10T13:21:32.975+0000: 50.148: [DefNew: 136994K->418K(153600K), 0.0022633 secs] 182057K->45481K(494976K), 0.0023230 secs] [Times: user=0.00 sys=0.00, real=0.00 secs] 
2019-06-10T13:21:38.367+0000: 55.540: [GC (Allocation Failure) 2019-06-10T13:21:38.367+0000: 55.540: [DefNew: 136994K->418K(153600K), 0.0025093 secs] 182057K->45481K(494976K), 0.0025709 secs] [Times: user=0.00 sys=0.00, real=0.00 secs] 
2019-06-10T13:21:43.731+0000: 60.904: [GC (Allocation Failure) 2019-06-10T13:21:43.731+0000: 60.904: [DefNew: 136994K->419K(153600K), 0.0024490 secs] 182057K->45483K(494976K), 0.0025201 secs] [Times: user=0.00 sys=0.00, real=0.01 secs] 
2019-06-10T13:21:49.551+0000: 66.724: [GC (Allocation Failure) 2019-06-10T13:21:49.551+0000: 66.724: [DefNew: 136995K->773K(153600K), 0.0028296 secs] 182059K->45837K(494976K), 0.0028868 secs] [Times: user=0.00 sys=0.00, real=0.01 secs] 
2019-06-10T13:22:03.756+0000: 80.929: [GC (Allocation Failure) 2019-06-10T13:22:03.756+0000: 80.929: [DefNew: 137349K->529K(153600K), 0.0028182 secs] 182413K->45592K(494976K), 0.0028891 secs] [Times: user=0.01 sys=0.00, real=0.00 secs] 
13:22:03.856 [Curator-PathChildrenCache-0] ERROR o.a.c.f.r.c.PathChildrenCache  - 
java.lang.IllegalStateException: instance must be started before calling this method
	at org.apache.curator.shaded.com.google.common.base.Preconditions.checkState(Preconditions.java:444)
	at org.apache.curator.framework.imps.CuratorFrameworkImpl.getChildren(CuratorFrameworkImpl.java:456)
	at org.apache.curator.framework.recipes.cache.PathChildrenCache.refresh(PathChildrenCache.java:521)
	at org.apache.curator.framework.recipes.cache.RefreshOperation.invoke(RefreshOperation.java:35)
	at org.apache.curator.framework.recipes.cache.PathChildrenCache$9.run(PathChildrenCache.java:786)
	at java.util.concurrent.Executors$RunnableAdapter.call(Executors.java:511)
	at java.util.concurrent.FutureTask.run(FutureTask.java:266)
	at java.util.concurrent.Executors$RunnableAdapter.call(Executors.java:511)
	at java.util.concurrent.FutureTask.run(FutureTask.java:266)
	at java.util.concurrent.ThreadPoolExecutor.runWorker(ThreadPoolExecutor.java:1149)
	at java.util.concurrent.ThreadPoolExecutor$Worker.run(ThreadPoolExecutor.java:624)
	at java.lang.Thread.run(Thread.java:748)
Heap
 def new generation   total 153600K, used 30002K [0x00000000e0c00000, 0x00000000eb2a0000, 0x00000000eb2a0000)
  eden space 136576K,  21% used [0x00000000e0c00000, 0x00000000e28c8658, 0x00000000e9160000)
  from space 17024K,   3% used [0x00000000e9160000, 0x00000000e91e4548, 0x00000000ea200000)
  to   space 17024K,   0% used [0x00000000ea200000, 0x00000000ea200000, 0x00000000eb2a0000)
 tenured generation   total 341376K, used 45063K [0x00000000eb2a0000, 0x0000000100000000, 0x0000000100000000)
   the space 341376K,  13% used [0x00000000eb2a0000, 0x00000000edea1e30, 0x00000000edea2000, 0x0000000100000000)
 Metaspace       used 36470K, capacity 37450K, committed 37760K, reserved 1081344K
  class space    used 4908K, capacity 5135K, committed 5248K, reserved 1048576K
