05:48:37,933 |-INFO in ch.qos.logback.classic.LoggerContext[default] - Could NOT find resource [logback-test.xml]
05:48:37,933 |-INFO in ch.qos.logback.classic.LoggerContext[default] - Could NOT find resource [logback.groovy]
05:48:37,933 |-INFO in ch.qos.logback.classic.LoggerContext[default] - Found resource [logback.xml] at [jar:file:/home/nikitasokolov/flamestream/lib/flamestream-runtime-1.0-SNAPSHOT.jar!/logback.xml]
05:48:37,933 |-WARN in ch.qos.logback.classic.LoggerContext[default] - Resource [logback.xml] occurs multiple times on the classpath.
05:48:37,934 |-WARN in ch.qos.logback.classic.LoggerContext[default] - Resource [logback.xml] occurs at [jar:file:/home/nikitasokolov/flamestream/lib/flamestream-runtime-1.0-SNAPSHOT.jar!/logback.xml]
05:48:37,934 |-WARN in ch.qos.logback.classic.LoggerContext[default] - Resource [logback.xml] occurs at [jar:file:/home/nikitasokolov/flamestream/flamestream-runtime-1.0-SNAPSHOT.jar!/logback.xml]
05:48:37,950 |-INFO in ch.qos.logback.core.joran.spi.ConfigurationWatchList@6108b2d7 - URL [jar:file:/home/nikitasokolov/flamestream/lib/flamestream-runtime-1.0-SNAPSHOT.jar!/logback.xml] is not of type file
05:48:38,003 |-INFO in ch.qos.logback.classic.joran.action.ConfigurationAction - debug attribute not set
05:48:38,004 |-INFO in ch.qos.logback.core.joran.action.AppenderAction - About to instantiate appender of type [ch.qos.logback.core.ConsoleAppender]
05:48:38,011 |-INFO in ch.qos.logback.core.joran.action.AppenderAction - Naming appender as [STDOUT]
05:48:38,020 |-INFO in ch.qos.logback.core.joran.action.NestedComplexPropertyIA - Assuming default type [ch.qos.logback.classic.encoder.PatternLayoutEncoder] for [encoder] property
05:48:38,077 |-INFO in ch.qos.logback.core.joran.action.AppenderAction - About to instantiate appender of type [ch.qos.logback.core.rolling.RollingFileAppender]
05:48:38,082 |-INFO in ch.qos.logback.core.joran.action.AppenderAction - Naming appender as [FILE]
05:48:38,106 |-INFO in c.q.l.core.rolling.TimeBasedRollingPolicy@357863579 - No compression will be used
05:48:38,107 |-INFO in c.q.l.core.rolling.TimeBasedRollingPolicy@357863579 - Will use the pattern /tmp/application_%d{yyyy-MM-dd}.%i.log for the active file
05:48:38,110 |-INFO in ch.qos.logback.core.rolling.SizeAndTimeBasedFNATP@6bf256fa - The date pattern is 'yyyy-MM-dd' from file name pattern '/tmp/application_%d{yyyy-MM-dd}.%i.log'.
05:48:38,110 |-INFO in ch.qos.logback.core.rolling.SizeAndTimeBasedFNATP@6bf256fa - Roll-over at midnight.
05:48:38,117 |-INFO in ch.qos.logback.core.rolling.SizeAndTimeBasedFNATP@6bf256fa - Setting initial period to Sun Jun 09 05:47:51 MSK 2019
05:48:38,117 |-WARN in ch.qos.logback.core.rolling.SizeAndTimeBasedFNATP@6bf256fa - SizeAndTimeBasedFNATP is deprecated. Use SizeAndTimeBasedRollingPolicy instead
05:48:38,117 |-WARN in ch.qos.logback.core.rolling.SizeAndTimeBasedFNATP@6bf256fa - For more information see http://logback.qos.ch/manual/appenders.html#SizeAndTimeBasedRollingPolicy
05:48:38,122 |-INFO in ch.qos.logback.core.joran.action.NestedComplexPropertyIA - Assuming default type [ch.qos.logback.classic.encoder.PatternLayoutEncoder] for [encoder] property
05:48:38,125 |-INFO in ch.qos.logback.core.rolling.RollingFileAppender[FILE] - Active log file name: /tmp/application.log
05:48:38,125 |-INFO in ch.qos.logback.core.rolling.RollingFileAppender[FILE] - File property is set to [/tmp/application.log]
05:48:38,126 |-INFO in ch.qos.logback.classic.joran.action.RootLoggerAction - Setting level of ROOT logger to WARN
05:48:38,126 |-INFO in ch.qos.logback.core.joran.action.AppenderRefAction - Attaching appender named [STDOUT] to Logger[ROOT]
05:48:38,126 |-INFO in ch.qos.logback.core.joran.action.AppenderRefAction - Attaching appender named [FILE] to Logger[ROOT]
05:48:38,126 |-INFO in ch.qos.logback.classic.joran.action.ConfigurationAction - End of configuration.
05:48:38,127 |-INFO in ch.qos.logback.classic.joran.JoranConfigurator@6cd8737 - Registering current configuration as safe fallback point

2019-06-09T05:48:39.109+0300: 1.378: [GC (Metadata GC Threshold) [PSYoungGen: 110722K->15923K(149504K)] 110722K->16003K(491008K), 0.0214079 secs] [Times: user=0.10 sys=0.03, real=0.03 secs] 
2019-06-09T05:48:39.131+0300: 1.400: [Full GC (Metadata GC Threshold) [PSYoungGen: 15923K->0K(149504K)] [ParOldGen: 80K->15078K(341504K)] 16003K->15078K(491008K), [Metaspace: 20800K->20800K(1067008K)], 0.0276193 secs] [Times: user=0.19 sys=0.00, real=0.03 secs] 
05:48:46.383 [Curator-PathChildrenCache-1] WARN  o.a.c.u.ZKPaths  - The version of ZooKeeper being used doesn't support Container nodes. CreateMode.PERSISTENT will be used instead.
2019-06-09T05:48:47.284+0300: 9.553: [GC (Metadata GC Threshold) [PSYoungGen: 128253K->15917K(149504K)] 143332K->50534K(491008K), 0.0326356 secs] [Times: user=0.29 sys=0.02, real=0.03 secs] 
2019-06-09T05:48:47.317+0300: 9.586: [Full GC (Metadata GC Threshold) [PSYoungGen: 15917K->0K(149504K)] [ParOldGen: 34617K->39120K(341504K)] 50534K->39120K(491008K), [Metaspace: 34559K->34559K(1079296K)], 0.0353563 secs] [Times: user=0.19 sys=0.02, real=0.04 secs] 
2019-06-09T05:48:49.747+0300: 12.016: [GC (Allocation Failure) [PSYoungGen: 128512K->544K(149504K)] 167632K->39672K(491008K), 0.0047499 secs] [Times: user=0.02 sys=0.00, real=0.01 secs] 
2019-06-09T05:48:52.619+0300: 14.888: [GC (Allocation Failure) [PSYoungGen: 129056K->480K(149504K)] 168184K->39616K(491008K), 0.0033193 secs] [Times: user=0.01 sys=0.00, real=0.00 secs] 
2019-06-09T05:48:55.542+0300: 17.812: [GC (Allocation Failure) [PSYoungGen: 128992K->608K(129536K)] 168128K->39752K(471040K), 0.0050853 secs] [Times: user=0.04 sys=0.00, real=0.00 secs] 
2019-06-09T05:48:58.447+0300: 20.716: [GC (Allocation Failure) [PSYoungGen: 129120K->800K(150016K)] 168264K->39952K(491520K), 0.0034628 secs] [Times: user=0.01 sys=0.00, real=0.01 secs] 
2019-06-09T05:49:01.361+0300: 23.630: [GC (Allocation Failure) [PSYoungGen: 129312K->832K(148992K)] 168464K->39992K(490496K), 0.0050801 secs] [Times: user=0.03 sys=0.01, real=0.00 secs] 
2019-06-09T05:49:04.290+0300: 26.559: [GC (Allocation Failure) [PSYoungGen: 129344K->864K(151552K)] 168504K->40032K(493056K), 0.0763199 secs] [Times: user=0.01 sys=0.01, real=0.07 secs] 
2019-06-09T05:49:07.289+0300: 29.558: [GC (Allocation Failure) [PSYoungGen: 132960K->800K(151040K)] 172128K->39976K(492544K), 0.0030883 secs] [Times: user=0.02 sys=0.00, real=0.01 secs] 
2019-06-09T05:49:10.318+0300: 32.646: [GC (Allocation Failure) [PSYoungGen: 132896K->832K(153600K)] 172072K->40016K(495104K), 0.0671385 secs] [Times: user=0.06 sys=0.01, real=0.06 secs] 
2019-06-09T05:49:13.439+0300: 35.708: [GC (Allocation Failure) [PSYoungGen: 136512K->832K(152576K)] 175696K->40016K(494080K), 0.0035387 secs] [Times: user=0.02 sys=0.01, real=0.00 secs] 
2019-06-09T05:49:16.552+0300: 38.821: [GC (Allocation Failure) [PSYoungGen: 136512K->800K(155136K)] 175696K->39984K(496640K), 0.0031277 secs] [Times: user=0.01 sys=0.01, real=0.00 secs] 
2019-06-09T05:49:19.716+0300: 41.985: [GC (Allocation Failure) [PSYoungGen: 139552K->800K(154112K)] 178736K->39984K(495616K), 0.0030132 secs] [Times: user=0.01 sys=0.00, real=0.01 secs] 
2019-06-09T05:49:22.876+0300: 45.145: [GC (Allocation Failure) [PSYoungGen: 139552K->800K(156672K)] 178736K->39984K(498176K), 0.0038048 secs] [Times: user=0.03 sys=0.01, real=0.01 secs] 
2019-06-09T05:49:26.108+0300: 48.377: [GC (Allocation Failure) [PSYoungGen: 142624K->896K(155648K)] 181808K->40080K(497152K), 0.0044125 secs] [Times: user=0.02 sys=0.00, real=0.01 secs] 
2019-06-09T05:49:29.348+0300: 51.617: [GC (Allocation Failure) [PSYoungGen: 142720K->736K(158208K)] 181904K->39928K(499712K), 0.0035810 secs] [Times: user=0.01 sys=0.00, real=0.01 secs] 
05:49:39.980 [Curator-PathChildrenCache-0] ERROR o.a.c.f.r.c.PathChildrenCache  - 
java.lang.IllegalStateException: instance must be started before calling this method
	at org.apache.curator.shaded.com.google.common.base.Preconditions.checkState(Preconditions.java:444)
	at org.apache.curator.framework.imps.CuratorFrameworkImpl.getChildren(CuratorFrameworkImpl.java:456)
	at org.apache.curator.framework.recipes.cache.PathChildrenCache.refresh(PathChildrenCache.java:521)
	at org.apache.curator.framework.recipes.cache.RefreshOperation.invoke(RefreshOperation.java:35)
	at org.apache.curator.framework.recipes.cache.PathChildrenCache$9.run(PathChildrenCache.java:786)
	at java.util.concurrent.Executors$RunnableAdapter.call(Executors.java:511)
	at java.util.concurrent.FutureTask.run(FutureTask.java:266)
	at java.util.concurrent.Executors$RunnableAdapter.call(Executors.java:511)
	at java.util.concurrent.FutureTask.run(FutureTask.java:266)
	at java.util.concurrent.ThreadPoolExecutor.runWorker(ThreadPoolExecutor.java:1149)
	at java.util.concurrent.ThreadPoolExecutor$Worker.run(ThreadPoolExecutor.java:624)
	at java.lang.Thread.run(Thread.java:748)
Heap
 PSYoungGen      total 158208K, used 104501K [0x00000000f5980000, 0x0000000100000000, 0x0000000100000000)
  eden space 144896K, 71% used [0x00000000f5980000,0x00000000fbed53c8,0x00000000fe700000)
  from space 13312K, 5% used [0x00000000ff300000,0x00000000ff3b80c0,0x0000000100000000)
  to   space 12288K, 0% used [0x00000000fe700000,0x00000000fe700000,0x00000000ff300000)
 ParOldGen       total 341504K, used 39192K [0x00000000e0c00000, 0x00000000f5980000, 0x00000000f5980000)
  object space 341504K, 11% used [0x00000000e0c00000,0x00000000e3246260,0x00000000f5980000)
 Metaspace       used 36088K, capacity 36894K, committed 37208K, reserved 1081344K
  class space    used 4978K, capacity 5161K, committed 5248K, reserved 1048576K
