13:08:49,634 |-INFO in ch.qos.logback.classic.LoggerContext[default] - Could NOT find resource [logback-test.xml]
13:08:49,634 |-INFO in ch.qos.logback.classic.LoggerContext[default] - Could NOT find resource [logback.groovy]
13:08:49,634 |-INFO in ch.qos.logback.classic.LoggerContext[default] - Found resource [logback.xml] at [jar:file:/root/flamestream/lib/flamestream-runtime-1.0-SNAPSHOT.jar!/logback.xml]
13:08:49,634 |-WARN in ch.qos.logback.classic.LoggerContext[default] - Resource [logback.xml] occurs multiple times on the classpath.
13:08:49,635 |-WARN in ch.qos.logback.classic.LoggerContext[default] - Resource [logback.xml] occurs at [jar:file:/root/flamestream/lib/flamestream-runtime-1.0-SNAPSHOT.jar!/logback.xml]
13:08:49,635 |-WARN in ch.qos.logback.classic.LoggerContext[default] - Resource [logback.xml] occurs at [jar:file:/root/flamestream/flamestream-runtime-1.0-SNAPSHOT.jar!/logback.xml]
13:08:49,657 |-INFO in ch.qos.logback.core.joran.spi.ConfigurationWatchList@3fb6a447 - URL [jar:file:/root/flamestream/lib/flamestream-runtime-1.0-SNAPSHOT.jar!/logback.xml] is not of type file
13:08:49,727 |-INFO in ch.qos.logback.classic.joran.action.ConfigurationAction - debug attribute not set
13:08:49,728 |-INFO in ch.qos.logback.core.joran.action.AppenderAction - About to instantiate appender of type [ch.qos.logback.core.ConsoleAppender]
13:08:49,746 |-INFO in ch.qos.logback.core.joran.action.AppenderAction - Naming appender as [STDOUT]
13:08:49,764 |-INFO in ch.qos.logback.core.joran.action.NestedComplexPropertyIA - Assuming default type [ch.qos.logback.classic.encoder.PatternLayoutEncoder] for [encoder] property
13:08:49,853 |-INFO in ch.qos.logback.core.joran.action.AppenderAction - About to instantiate appender of type [ch.qos.logback.core.rolling.RollingFileAppender]
13:08:49,858 |-INFO in ch.qos.logback.core.joran.action.AppenderAction - Naming appender as [FILE]
13:08:49,890 |-INFO in c.q.l.core.rolling.TimeBasedRollingPolicy@127618319 - No compression will be used
13:08:49,891 |-INFO in c.q.l.core.rolling.TimeBasedRollingPolicy@127618319 - Will use the pattern /tmp/application_%d{yyyy-MM-dd}.%i.log for the active file
13:08:49,894 |-INFO in ch.qos.logback.core.rolling.SizeAndTimeBasedFNATP@6b2fad11 - The date pattern is 'yyyy-MM-dd' from file name pattern '/tmp/application_%d{yyyy-MM-dd}.%i.log'.
13:08:49,894 |-INFO in ch.qos.logback.core.rolling.SizeAndTimeBasedFNATP@6b2fad11 - Roll-over at midnight.
13:08:49,899 |-INFO in ch.qos.logback.core.rolling.SizeAndTimeBasedFNATP@6b2fad11 - Setting initial period to Mon Jun 10 13:07:34 UTC 2019
13:08:49,899 |-WARN in ch.qos.logback.core.rolling.SizeAndTimeBasedFNATP@6b2fad11 - SizeAndTimeBasedFNATP is deprecated. Use SizeAndTimeBasedRollingPolicy instead
13:08:49,899 |-WARN in ch.qos.logback.core.rolling.SizeAndTimeBasedFNATP@6b2fad11 - For more information see http://logback.qos.ch/manual/appenders.html#SizeAndTimeBasedRollingPolicy
13:08:49,903 |-INFO in ch.qos.logback.core.joran.action.NestedComplexPropertyIA - Assuming default type [ch.qos.logback.classic.encoder.PatternLayoutEncoder] for [encoder] property
13:08:49,908 |-INFO in ch.qos.logback.core.rolling.RollingFileAppender[FILE] - Active log file name: /tmp/application.log
13:08:49,908 |-INFO in ch.qos.logback.core.rolling.RollingFileAppender[FILE] - File property is set to [/tmp/application.log]
13:08:49,908 |-INFO in ch.qos.logback.classic.joran.action.RootLoggerAction - Setting level of ROOT logger to WARN
13:08:49,908 |-INFO in ch.qos.logback.core.joran.action.AppenderRefAction - Attaching appender named [STDOUT] to Logger[ROOT]
13:08:49,910 |-INFO in ch.qos.logback.core.joran.action.AppenderRefAction - Attaching appender named [FILE] to Logger[ROOT]
13:08:49,910 |-INFO in ch.qos.logback.classic.joran.action.ConfigurationAction - End of configuration.
13:08:49,911 |-INFO in ch.qos.logback.classic.joran.JoranConfigurator@79698539 - Registering current configuration as safe fallback point

Ama winner
Ama winner
2019-06-10T13:08:51.536+0000: 2.086: [Full GC (Metadata GC Threshold) 2019-06-10T13:08:51.536+0000: 2.086: [Tenured: 0K->15240K(341376K), 0.0357946 secs] 120482K->15240K(494976K), [Metaspace: 20737K->20737K(1067008K)], 0.0358632 secs] [Times: user=0.03 sys=0.01, real=0.04 secs] 
13:09:08.298 [Curator-PathChildrenCache-1] WARN  o.a.c.u.ZKPaths  - The version of ZooKeeper being used doesn't support Container nodes. CreateMode.PERSISTENT will be used instead.
2019-06-10T13:09:10.985+0000: 21.535: [GC (Allocation Failure) 2019-06-10T13:09:10.985+0000: 21.535: [DefNew: 136576K->17023K(153600K), 0.0262570 secs] 151816K->52422K(494976K), 0.0263354 secs] [Times: user=0.02 sys=0.00, real=0.03 secs] 
2019-06-10T13:09:12.540+0000: 23.090: [Full GC (Metadata GC Threshold) 2019-06-10T13:09:12.540+0000: 23.090: [Tenured: 35398K->44174K(341376K), 0.0675401 secs] 82800K->44174K(494976K), [Metaspace: 34598K->34598K(1079296K)], 0.0676190 secs] [Times: user=0.07 sys=0.00, real=0.06 secs] 
2019-06-10T13:09:21.410+0000: 31.960: [GC (Allocation Failure) 2019-06-10T13:09:21.410+0000: 31.960: [DefNew: 136576K->99K(153600K), 0.0020083 secs] 180750K->44273K(494976K), 0.0020793 secs] [Times: user=0.01 sys=0.00, real=0.01 secs] 
2019-06-10T13:09:30.362+0000: 40.912: [GC (Allocation Failure) 2019-06-10T13:09:30.362+0000: 40.912: [DefNew: 136675K->162K(153600K), 0.0019027 secs] 180849K->44336K(494976K), 0.0019642 secs] [Times: user=0.00 sys=0.00, real=0.00 secs] 
2019-06-10T13:09:39.379+0000: 49.929: [GC (Allocation Failure) 2019-06-10T13:09:39.379+0000: 49.929: [DefNew: 136738K->168K(153600K), 0.0019781 secs] 180912K->44342K(494976K), 0.0020390 secs] [Times: user=0.01 sys=0.00, real=0.01 secs] 
2019-06-10T13:09:48.388+0000: 58.938: [GC (Allocation Failure) 2019-06-10T13:09:48.388+0000: 58.938: [DefNew: 136744K->162K(153600K), 0.0018608 secs] 180918K->44337K(494976K), 0.0019211 secs] [Times: user=0.00 sys=0.00, real=0.00 secs] 
2019-06-10T13:09:58.451+0000: 69.001: [GC (Allocation Failure) 2019-06-10T13:09:58.451+0000: 69.001: [DefNew: 136738K->506K(153600K), 0.0022218 secs] 180913K->44681K(494976K), 0.0022920 secs] [Times: user=0.00 sys=0.00, real=0.00 secs] 
2019-06-10T13:10:09.412+0000: 79.962: [GC (Allocation Failure) 2019-06-10T13:10:09.412+0000: 79.962: [DefNew: 137082K->257K(153600K), 0.0021747 secs] 181257K->44432K(494976K), 0.0022366 secs] [Times: user=0.00 sys=0.00, real=0.00 secs] 
13:10:25.972 [Curator-PathChildrenCache-0] ERROR o.a.c.f.r.c.PathChildrenCache  - 
java.lang.IllegalStateException: instance must be started before calling this method
	at org.apache.curator.shaded.com.google.common.base.Preconditions.checkState(Preconditions.java:444)
	at org.apache.curator.framework.imps.CuratorFrameworkImpl.getChildren(CuratorFrameworkImpl.java:456)
	at org.apache.curator.framework.recipes.cache.PathChildrenCache.refresh(PathChildrenCache.java:521)
	at org.apache.curator.framework.recipes.cache.RefreshOperation.invoke(RefreshOperation.java:35)
	at org.apache.curator.framework.recipes.cache.PathChildrenCache$9.run(PathChildrenCache.java:786)
	at java.util.concurrent.Executors$RunnableAdapter.call(Executors.java:511)
	at java.util.concurrent.FutureTask.run(FutureTask.java:266)
	at java.util.concurrent.Executors$RunnableAdapter.call(Executors.java:511)
	at java.util.concurrent.FutureTask.run(FutureTask.java:266)
	at java.util.concurrent.ThreadPoolExecutor.runWorker(ThreadPoolExecutor.java:1149)
	at java.util.concurrent.ThreadPoolExecutor$Worker.run(ThreadPoolExecutor.java:624)
	at java.lang.Thread.run(Thread.java:748)
Heap
 def new generation   total 153600K, used 133421K [0x00000000e0c00000, 0x00000000eb2a0000, 0x00000000eb2a0000)
  eden space 136576K,  97% used [0x00000000e0c00000, 0x00000000e8e0b018, 0x00000000e9160000)
  from space 17024K,   1% used [0x00000000ea200000, 0x00000000ea240530, 0x00000000eb2a0000)
  to   space 17024K,   0% used [0x00000000e9160000, 0x00000000e9160000, 0x00000000ea200000)
 tenured generation   total 341376K, used 44174K [0x00000000eb2a0000, 0x0000000100000000, 0x0000000100000000)
   the space 341376K,  12% used [0x00000000eb2a0000, 0x00000000eddc3af0, 0x00000000eddc3c00, 0x0000000100000000)
 Metaspace       used 36180K, capacity 37070K, committed 37376K, reserved 1081344K
  class space    used 4871K, capacity 5075K, committed 5120K, reserved 1048576K
