17:32:24,300 |-INFO in ch.qos.logback.classic.LoggerContext[default] - Could NOT find resource [logback-test.xml]
17:32:24,300 |-INFO in ch.qos.logback.classic.LoggerContext[default] - Could NOT find resource [logback.groovy]
17:32:24,301 |-INFO in ch.qos.logback.classic.LoggerContext[default] - Found resource [logback.xml] at [jar:file:/root/flamestream/lib/flamestream-runtime-1.0-SNAPSHOT.jar!/logback.xml]
17:32:24,301 |-WARN in ch.qos.logback.classic.LoggerContext[default] - Resource [logback.xml] occurs multiple times on the classpath.
17:32:24,302 |-WARN in ch.qos.logback.classic.LoggerContext[default] - Resource [logback.xml] occurs at [jar:file:/root/flamestream/lib/flamestream-runtime-1.0-SNAPSHOT.jar!/logback.xml]
17:32:24,302 |-WARN in ch.qos.logback.classic.LoggerContext[default] - Resource [logback.xml] occurs at [jar:file:/root/flamestream/flamestream-runtime-1.0-SNAPSHOT.jar!/logback.xml]
17:32:24,321 |-INFO in ch.qos.logback.core.joran.spi.ConfigurationWatchList@3fb6a447 - URL [jar:file:/root/flamestream/lib/flamestream-runtime-1.0-SNAPSHOT.jar!/logback.xml] is not of type file
17:32:24,393 |-INFO in ch.qos.logback.classic.joran.action.ConfigurationAction - debug attribute not set
17:32:24,393 |-INFO in ch.qos.logback.core.joran.action.AppenderAction - About to instantiate appender of type [ch.qos.logback.core.ConsoleAppender]
17:32:24,411 |-INFO in ch.qos.logback.core.joran.action.AppenderAction - Naming appender as [STDOUT]
17:32:24,430 |-INFO in ch.qos.logback.core.joran.action.NestedComplexPropertyIA - Assuming default type [ch.qos.logback.classic.encoder.PatternLayoutEncoder] for [encoder] property
17:32:24,520 |-INFO in ch.qos.logback.core.joran.action.AppenderAction - About to instantiate appender of type [ch.qos.logback.core.rolling.RollingFileAppender]
17:32:24,525 |-INFO in ch.qos.logback.core.joran.action.AppenderAction - Naming appender as [FILE]
17:32:24,559 |-INFO in c.q.l.core.rolling.TimeBasedRollingPolicy@127618319 - No compression will be used
17:32:24,560 |-INFO in c.q.l.core.rolling.TimeBasedRollingPolicy@127618319 - Will use the pattern /tmp/application_%d{yyyy-MM-dd}.%i.log for the active file
17:32:24,563 |-INFO in ch.qos.logback.core.rolling.SizeAndTimeBasedFNATP@6b2fad11 - The date pattern is 'yyyy-MM-dd' from file name pattern '/tmp/application_%d{yyyy-MM-dd}.%i.log'.
17:32:24,563 |-INFO in ch.qos.logback.core.rolling.SizeAndTimeBasedFNATP@6b2fad11 - Roll-over at midnight.
17:32:24,569 |-INFO in ch.qos.logback.core.rolling.SizeAndTimeBasedFNATP@6b2fad11 - Setting initial period to Mon Jun 10 17:30:50 UTC 2019
17:32:24,569 |-WARN in ch.qos.logback.core.rolling.SizeAndTimeBasedFNATP@6b2fad11 - SizeAndTimeBasedFNATP is deprecated. Use SizeAndTimeBasedRollingPolicy instead
17:32:24,569 |-WARN in ch.qos.logback.core.rolling.SizeAndTimeBasedFNATP@6b2fad11 - For more information see http://logback.qos.ch/manual/appenders.html#SizeAndTimeBasedRollingPolicy
17:32:24,573 |-INFO in ch.qos.logback.core.joran.action.NestedComplexPropertyIA - Assuming default type [ch.qos.logback.classic.encoder.PatternLayoutEncoder] for [encoder] property
17:32:24,578 |-INFO in ch.qos.logback.core.rolling.RollingFileAppender[FILE] - Active log file name: /tmp/application.log
17:32:24,578 |-INFO in ch.qos.logback.core.rolling.RollingFileAppender[FILE] - File property is set to [/tmp/application.log]
17:32:24,578 |-INFO in ch.qos.logback.classic.joran.action.RootLoggerAction - Setting level of ROOT logger to WARN
17:32:24,579 |-INFO in ch.qos.logback.core.joran.action.AppenderRefAction - Attaching appender named [STDOUT] to Logger[ROOT]
17:32:24,581 |-INFO in ch.qos.logback.core.joran.action.AppenderRefAction - Attaching appender named [FILE] to Logger[ROOT]
17:32:24,581 |-INFO in ch.qos.logback.classic.joran.action.ConfigurationAction - End of configuration.
17:32:24,581 |-INFO in ch.qos.logback.classic.joran.JoranConfigurator@79698539 - Registering current configuration as safe fallback point

Ama winner
Ama winner
2019-06-10T17:32:25.893+0000: 1.785: [Full GC (Metadata GC Threshold) 2019-06-10T17:32:25.893+0000: 1.785: [Tenured: 0K->15144K(341376K), 0.0407768 secs] 114988K->15144K(494976K), [Metaspace: 20733K->20733K(1067008K)], 0.0408634 secs] [Times: user=0.04 sys=0.01, real=0.04 secs] 
17:32:47.658 [Curator-PathChildrenCache-1] WARN  o.a.c.u.ZKPaths  - The version of ZooKeeper being used doesn't support Container nodes. CreateMode.PERSISTENT will be used instead.
2019-06-10T17:32:49.886+0000: 25.777: [GC (Allocation Failure) 2019-06-10T17:32:49.886+0000: 25.777: [DefNew: 136576K->17023K(153600K), 0.0263695 secs] 151720K->52651K(494976K), 0.0264402 secs] [Times: user=0.02 sys=0.00, real=0.02 secs] 
2019-06-10T17:32:52.267+0000: 28.159: [Full GC (Metadata GC Threshold) 2019-06-10T17:32:52.267+0000: 28.159: [Tenured: 35627K->44336K(341376K), 0.0525125 secs] 99993K->44336K(494976K), [Metaspace: 34595K->34595K(1079296K)], 0.0525932 secs] [Times: user=0.06 sys=0.00, real=0.05 secs] 
2019-06-10T17:32:58.835+0000: 34.727: [GC (Allocation Failure) 2019-06-10T17:32:58.835+0000: 34.727: [DefNew: 136576K->73K(153600K), 0.0018371 secs] 180912K->44409K(494976K), 0.0019010 secs] [Times: user=0.00 sys=0.00, real=0.01 secs] 
2019-06-10T17:33:05.576+0000: 41.467: [GC (Allocation Failure) 2019-06-10T17:33:05.576+0000: 41.467: [DefNew: 136649K->65K(153600K), 0.0016510 secs] 180985K->44402K(494976K), 0.0017124 secs] [Times: user=0.00 sys=0.00, real=0.01 secs] 
2019-06-10T17:33:12.241+0000: 48.133: [GC (Allocation Failure) 2019-06-10T17:33:12.241+0000: 48.133: [DefNew: 136641K->67K(153600K), 0.0016517 secs] 180978K->44403K(494976K), 0.0017247 secs] [Times: user=0.00 sys=0.00, real=0.00 secs] 
2019-06-10T17:33:19.004+0000: 54.896: [GC (Allocation Failure) 2019-06-10T17:33:19.004+0000: 54.896: [DefNew: 136643K->68K(153600K), 0.0017595 secs] 180979K->44405K(494976K), 0.0018231 secs] [Times: user=0.00 sys=0.00, real=0.01 secs] 
2019-06-10T17:33:25.797+0000: 61.689: [GC (Allocation Failure) 2019-06-10T17:33:25.797+0000: 61.689: [DefNew: 136644K->242K(153600K), 0.0019670 secs] 180981K->44579K(494976K), 0.0020261 secs] [Times: user=0.00 sys=0.00, real=0.00 secs] 
17:33:41.279 [Curator-PathChildrenCache-0] ERROR o.a.c.f.r.c.PathChildrenCache  - 
java.lang.IllegalStateException: instance must be started before calling this method
	at org.apache.curator.shaded.com.google.common.base.Preconditions.checkState(Preconditions.java:444)
	at org.apache.curator.framework.imps.CuratorFrameworkImpl.getChildren(CuratorFrameworkImpl.java:456)
	at org.apache.curator.framework.recipes.cache.PathChildrenCache.refresh(PathChildrenCache.java:521)
	at org.apache.curator.framework.recipes.cache.RefreshOperation.invoke(RefreshOperation.java:35)
	at org.apache.curator.framework.recipes.cache.PathChildrenCache$9.run(PathChildrenCache.java:786)
	at java.util.concurrent.Executors$RunnableAdapter.call(Executors.java:511)
	at java.util.concurrent.FutureTask.run(FutureTask.java:266)
	at java.util.concurrent.Executors$RunnableAdapter.call(Executors.java:511)
	at java.util.concurrent.FutureTask.run(FutureTask.java:266)
	at java.util.concurrent.ThreadPoolExecutor.runWorker(ThreadPoolExecutor.java:1149)
	at java.util.concurrent.ThreadPoolExecutor$Worker.run(ThreadPoolExecutor.java:624)
	at java.lang.Thread.run(Thread.java:748)
Heap
 def new generation   total 153600K, used 77499K [0x00000000e0c00000, 0x00000000eb2a0000, 0x00000000eb2a0000)
  eden space 136576K,  56% used [0x00000000e0c00000, 0x00000000e57722d0, 0x00000000e9160000)
  from space 17024K,   1% used [0x00000000e9160000, 0x00000000e919cb98, 0x00000000ea200000)
  to   space 17024K,   0% used [0x00000000ea200000, 0x00000000ea200000, 0x00000000eb2a0000)
 tenured generation   total 341376K, used 44336K [0x00000000eb2a0000, 0x0000000100000000, 0x0000000100000000)
   the space 341376K,  12% used [0x00000000eb2a0000, 0x00000000eddec358, 0x00000000eddec400, 0x0000000100000000)
 Metaspace       used 36057K, capacity 36986K, committed 37120K, reserved 1081344K
  class space    used 4868K, capacity 5073K, committed 5120K, reserved 1048576K
