05:48:29,899 |-INFO in ch.qos.logback.classic.LoggerContext[default] - Could NOT find resource [logback-test.xml]
05:48:29,900 |-INFO in ch.qos.logback.classic.LoggerContext[default] - Could NOT find resource [logback.groovy]
05:48:29,900 |-INFO in ch.qos.logback.classic.LoggerContext[default] - Found resource [logback.xml] at [jar:file:/root/flamestream/lib/flamestream-runtime-1.0-SNAPSHOT.jar!/logback.xml]
05:48:29,901 |-WARN in ch.qos.logback.classic.LoggerContext[default] - Resource [logback.xml] occurs multiple times on the classpath.
05:48:29,901 |-WARN in ch.qos.logback.classic.LoggerContext[default] - Resource [logback.xml] occurs at [jar:file:/root/flamestream/lib/flamestream-runtime-1.0-SNAPSHOT.jar!/logback.xml]
05:48:29,901 |-WARN in ch.qos.logback.classic.LoggerContext[default] - Resource [logback.xml] occurs at [jar:file:/root/flamestream/flamestream-runtime-1.0-SNAPSHOT.jar!/logback.xml]
05:48:29,921 |-INFO in ch.qos.logback.core.joran.spi.ConfigurationWatchList@3fb6a447 - URL [jar:file:/root/flamestream/lib/flamestream-runtime-1.0-SNAPSHOT.jar!/logback.xml] is not of type file
05:48:29,993 |-INFO in ch.qos.logback.classic.joran.action.ConfigurationAction - debug attribute not set
05:48:29,994 |-INFO in ch.qos.logback.core.joran.action.AppenderAction - About to instantiate appender of type [ch.qos.logback.core.ConsoleAppender]
05:48:30,012 |-INFO in ch.qos.logback.core.joran.action.AppenderAction - Naming appender as [STDOUT]
05:48:30,025 |-INFO in ch.qos.logback.core.joran.action.NestedComplexPropertyIA - Assuming default type [ch.qos.logback.classic.encoder.PatternLayoutEncoder] for [encoder] property
05:48:30,111 |-INFO in ch.qos.logback.core.joran.action.AppenderAction - About to instantiate appender of type [ch.qos.logback.core.rolling.RollingFileAppender]
05:48:30,118 |-INFO in ch.qos.logback.core.joran.action.AppenderAction - Naming appender as [FILE]
05:48:30,150 |-INFO in c.q.l.core.rolling.TimeBasedRollingPolicy@127618319 - No compression will be used
05:48:30,151 |-INFO in c.q.l.core.rolling.TimeBasedRollingPolicy@127618319 - Will use the pattern /tmp/application_%d{yyyy-MM-dd}.%i.log for the active file
05:48:30,154 |-INFO in ch.qos.logback.core.rolling.SizeAndTimeBasedFNATP@6b2fad11 - The date pattern is 'yyyy-MM-dd' from file name pattern '/tmp/application_%d{yyyy-MM-dd}.%i.log'.
05:48:30,154 |-INFO in ch.qos.logback.core.rolling.SizeAndTimeBasedFNATP@6b2fad11 - Roll-over at midnight.
05:48:30,159 |-INFO in ch.qos.logback.core.rolling.SizeAndTimeBasedFNATP@6b2fad11 - Setting initial period to Tue Jun 11 05:47:15 UTC 2019
05:48:30,159 |-WARN in ch.qos.logback.core.rolling.SizeAndTimeBasedFNATP@6b2fad11 - SizeAndTimeBasedFNATP is deprecated. Use SizeAndTimeBasedRollingPolicy instead
05:48:30,159 |-WARN in ch.qos.logback.core.rolling.SizeAndTimeBasedFNATP@6b2fad11 - For more information see http://logback.qos.ch/manual/appenders.html#SizeAndTimeBasedRollingPolicy
05:48:30,163 |-INFO in ch.qos.logback.core.joran.action.NestedComplexPropertyIA - Assuming default type [ch.qos.logback.classic.encoder.PatternLayoutEncoder] for [encoder] property
05:48:30,168 |-INFO in ch.qos.logback.core.rolling.RollingFileAppender[FILE] - Active log file name: /tmp/application.log
05:48:30,168 |-INFO in ch.qos.logback.core.rolling.RollingFileAppender[FILE] - File property is set to [/tmp/application.log]
05:48:30,168 |-INFO in ch.qos.logback.classic.joran.action.RootLoggerAction - Setting level of ROOT logger to WARN
05:48:30,168 |-INFO in ch.qos.logback.core.joran.action.AppenderRefAction - Attaching appender named [STDOUT] to Logger[ROOT]
05:48:30,170 |-INFO in ch.qos.logback.core.joran.action.AppenderRefAction - Attaching appender named [FILE] to Logger[ROOT]
05:48:30,170 |-INFO in ch.qos.logback.classic.joran.action.ConfigurationAction - End of configuration.
05:48:30,171 |-INFO in ch.qos.logback.classic.joran.JoranConfigurator@79698539 - Registering current configuration as safe fallback point

Ama winner
Ama winner
2019-06-11T05:48:31.472+0000: 1.757: [Full GC (Metadata GC Threshold) 2019-06-11T05:48:31.472+0000: 1.757: [Tenured: 0K->15240K(341376K), 0.0389146 secs] 117750K->15240K(494976K), [Metaspace: 20730K->20730K(1067008K)], 0.0389803 secs] [Times: user=0.04 sys=0.00, real=0.04 secs] 
05:48:48.634 [Curator-PathChildrenCache-1] WARN  o.a.c.u.ZKPaths  - The version of ZooKeeper being used doesn't support Container nodes. CreateMode.PERSISTENT will be used instead.
2019-06-11T05:48:50.716+0000: 21.001: [GC (Allocation Failure) 2019-06-11T05:48:50.716+0000: 21.002: [DefNew: 136576K->17024K(153600K), 0.0353980 secs] 151816K->52728K(494976K), 0.0354682 secs] [Times: user=0.03 sys=0.01, real=0.03 secs] 
2019-06-11T05:48:54.028+0000: 24.314: [Full GC (Metadata GC Threshold) 2019-06-11T05:48:54.028+0000: 24.314: [Tenured: 35704K->44281K(341376K), 0.0501102 secs] 123829K->44281K(494976K), [Metaspace: 34576K->34576K(1079296K)], 0.0501840 secs] [Times: user=0.03 sys=0.01, real=0.05 secs] 
2019-06-11T05:49:00.039+0000: 30.324: [GC (Allocation Failure) 2019-06-11T05:49:00.039+0000: 30.324: [DefNew: 136576K->55K(153600K), 0.0017855 secs] 180857K->44337K(494976K), 0.0018431 secs] [Times: user=0.00 sys=0.00, real=0.00 secs] 
2019-06-11T05:49:05.994+0000: 36.279: [GC (Allocation Failure) 2019-06-11T05:49:05.994+0000: 36.279: [DefNew: 136631K->55K(153600K), 0.0016354 secs] 180913K->44337K(494976K), 0.0017068 secs] [Times: user=0.00 sys=0.00, real=0.01 secs] 
2019-06-11T05:49:11.972+0000: 42.257: [GC (Allocation Failure) 2019-06-11T05:49:11.972+0000: 42.257: [DefNew: 136631K->86K(153600K), 0.0016502 secs] 180913K->44368K(494976K), 0.0017312 secs] [Times: user=0.00 sys=0.00, real=0.00 secs] 
2019-06-11T05:49:18.022+0000: 48.307: [GC (Allocation Failure) 2019-06-11T05:49:18.022+0000: 48.307: [DefNew: 136662K->89K(153600K), 0.0017306 secs] 180944K->44371K(494976K), 0.0017971 secs] [Times: user=0.00 sys=0.00, real=0.00 secs] 
2019-06-11T05:49:26.468+0000: 56.753: [GC (Allocation Failure) 2019-06-11T05:49:26.468+0000: 56.753: [DefNew: 136665K->88K(153600K), 0.0017126 secs] 180947K->44370K(494976K), 0.0017724 secs] [Times: user=0.01 sys=0.00, real=0.00 secs] 
05:49:31.460 [Curator-PathChildrenCache-0] ERROR o.a.c.f.r.c.PathChildrenCache  - 
java.lang.IllegalStateException: instance must be started before calling this method
	at org.apache.curator.shaded.com.google.common.base.Preconditions.checkState(Preconditions.java:444)
	at org.apache.curator.framework.imps.CuratorFrameworkImpl.getChildren(CuratorFrameworkImpl.java:456)
	at org.apache.curator.framework.recipes.cache.PathChildrenCache.refresh(PathChildrenCache.java:521)
	at org.apache.curator.framework.recipes.cache.RefreshOperation.invoke(RefreshOperation.java:35)
	at org.apache.curator.framework.recipes.cache.PathChildrenCache$9.run(PathChildrenCache.java:786)
	at java.util.concurrent.Executors$RunnableAdapter.call(Executors.java:511)
	at java.util.concurrent.FutureTask.run(FutureTask.java:266)
	at java.util.concurrent.Executors$RunnableAdapter.call(Executors.java:511)
	at java.util.concurrent.FutureTask.run(FutureTask.java:266)
	at java.util.concurrent.ThreadPoolExecutor.runWorker(ThreadPoolExecutor.java:1149)
	at java.util.concurrent.ThreadPoolExecutor$Worker.run(ThreadPoolExecutor.java:624)
	at java.lang.Thread.run(Thread.java:748)
Heap
 def new generation   total 153600K, used 50389K [0x00000000e0c00000, 0x00000000eb2a0000, 0x00000000eb2a0000)
  eden space 136576K,  36% used [0x00000000e0c00000, 0x00000000e3d1f0b0, 0x00000000e9160000)
  from space 17024K,   0% used [0x00000000e9160000, 0x00000000e91763e8, 0x00000000ea200000)
  to   space 17024K,   0% used [0x00000000ea200000, 0x00000000ea200000, 0x00000000eb2a0000)
 tenured generation   total 341376K, used 44281K [0x00000000eb2a0000, 0x0000000100000000, 0x0000000100000000)
   the space 341376K,  12% used [0x00000000eb2a0000, 0x00000000eddde7e8, 0x00000000eddde800, 0x0000000100000000)
 Metaspace       used 36011K, capacity 36902K, committed 37120K, reserved 1081344K
  class space    used 4844K, capacity 5043K, committed 5120K, reserved 1048576K
