13:08:49,644 |-INFO in ch.qos.logback.classic.LoggerContext[default] - Could NOT find resource [logback-test.xml]
13:08:49,644 |-INFO in ch.qos.logback.classic.LoggerContext[default] - Could NOT find resource [logback.groovy]
13:08:49,644 |-INFO in ch.qos.logback.classic.LoggerContext[default] - Found resource [logback.xml] at [jar:file:/root/flamestream/lib/flamestream-runtime-1.0-SNAPSHOT.jar!/logback.xml]
13:08:49,646 |-WARN in ch.qos.logback.classic.LoggerContext[default] - Resource [logback.xml] occurs multiple times on the classpath.
13:08:49,646 |-WARN in ch.qos.logback.classic.LoggerContext[default] - Resource [logback.xml] occurs at [jar:file:/root/flamestream/lib/flamestream-runtime-1.0-SNAPSHOT.jar!/logback.xml]
13:08:49,646 |-WARN in ch.qos.logback.classic.LoggerContext[default] - Resource [logback.xml] occurs at [jar:file:/root/flamestream/flamestream-runtime-1.0-SNAPSHOT.jar!/logback.xml]
13:08:49,667 |-INFO in ch.qos.logback.core.joran.spi.ConfigurationWatchList@3fb6a447 - URL [jar:file:/root/flamestream/lib/flamestream-runtime-1.0-SNAPSHOT.jar!/logback.xml] is not of type file
13:08:49,743 |-INFO in ch.qos.logback.classic.joran.action.ConfigurationAction - debug attribute not set
13:08:49,744 |-INFO in ch.qos.logback.core.joran.action.AppenderAction - About to instantiate appender of type [ch.qos.logback.core.ConsoleAppender]
13:08:49,756 |-INFO in ch.qos.logback.core.joran.action.AppenderAction - Naming appender as [STDOUT]
13:08:49,775 |-INFO in ch.qos.logback.core.joran.action.NestedComplexPropertyIA - Assuming default type [ch.qos.logback.classic.encoder.PatternLayoutEncoder] for [encoder] property
13:08:49,858 |-INFO in ch.qos.logback.core.joran.action.AppenderAction - About to instantiate appender of type [ch.qos.logback.core.rolling.RollingFileAppender]
13:08:49,863 |-INFO in ch.qos.logback.core.joran.action.AppenderAction - Naming appender as [FILE]
13:08:49,896 |-INFO in c.q.l.core.rolling.TimeBasedRollingPolicy@127618319 - No compression will be used
13:08:49,897 |-INFO in c.q.l.core.rolling.TimeBasedRollingPolicy@127618319 - Will use the pattern /tmp/application_%d{yyyy-MM-dd}.%i.log for the active file
13:08:49,900 |-INFO in ch.qos.logback.core.rolling.SizeAndTimeBasedFNATP@6b2fad11 - The date pattern is 'yyyy-MM-dd' from file name pattern '/tmp/application_%d{yyyy-MM-dd}.%i.log'.
13:08:49,900 |-INFO in ch.qos.logback.core.rolling.SizeAndTimeBasedFNATP@6b2fad11 - Roll-over at midnight.
13:08:49,905 |-INFO in ch.qos.logback.core.rolling.SizeAndTimeBasedFNATP@6b2fad11 - Setting initial period to Mon Jun 10 13:07:34 UTC 2019
13:08:49,905 |-WARN in ch.qos.logback.core.rolling.SizeAndTimeBasedFNATP@6b2fad11 - SizeAndTimeBasedFNATP is deprecated. Use SizeAndTimeBasedRollingPolicy instead
13:08:49,905 |-WARN in ch.qos.logback.core.rolling.SizeAndTimeBasedFNATP@6b2fad11 - For more information see http://logback.qos.ch/manual/appenders.html#SizeAndTimeBasedRollingPolicy
13:08:49,909 |-INFO in ch.qos.logback.core.joran.action.NestedComplexPropertyIA - Assuming default type [ch.qos.logback.classic.encoder.PatternLayoutEncoder] for [encoder] property
13:08:49,915 |-INFO in ch.qos.logback.core.rolling.RollingFileAppender[FILE] - Active log file name: /tmp/application.log
13:08:49,915 |-INFO in ch.qos.logback.core.rolling.RollingFileAppender[FILE] - File property is set to [/tmp/application.log]
13:08:49,915 |-INFO in ch.qos.logback.classic.joran.action.RootLoggerAction - Setting level of ROOT logger to WARN
13:08:49,916 |-INFO in ch.qos.logback.core.joran.action.AppenderRefAction - Attaching appender named [STDOUT] to Logger[ROOT]
13:08:49,918 |-INFO in ch.qos.logback.core.joran.action.AppenderRefAction - Attaching appender named [FILE] to Logger[ROOT]
13:08:49,918 |-INFO in ch.qos.logback.classic.joran.action.ConfigurationAction - End of configuration.
13:08:49,918 |-INFO in ch.qos.logback.classic.joran.JoranConfigurator@79698539 - Registering current configuration as safe fallback point

Ama winner
Ama winner
2019-06-10T13:08:51.233+0000: 1.774: [Full GC (Metadata GC Threshold) 2019-06-10T13:08:51.233+0000: 1.774: [Tenured: 0K->15176K(341376K), 0.0393351 secs] 114924K->15176K(494976K), [Metaspace: 20733K->20733K(1067008K)], 0.0394169 secs] [Times: user=0.04 sys=0.01, real=0.04 secs] 
13:09:08.363 [Curator-PathChildrenCache-1] WARN  o.a.c.u.ZKPaths  - The version of ZooKeeper being used doesn't support Container nodes. CreateMode.PERSISTENT will be used instead.
2019-06-10T13:09:11.040+0000: 21.582: [GC (Allocation Failure) 2019-06-10T13:09:11.040+0000: 21.582: [DefNew: 117571K->17024K(153600K), 0.0209288 secs] 132748K->32773K(494976K), 0.0210002 secs] [Times: user=0.02 sys=0.00, real=0.02 secs] 
2019-06-10T13:09:12.255+0000: 22.796: [Full GC (Metadata GC Threshold) 2019-06-10T13:09:12.255+0000: 22.796: [Tenured: 15749K->44038K(341376K), 0.0953244 secs] 78469K->44038K(494976K), [Metaspace: 34634K->34634K(1079296K)], 0.0954093 secs] [Times: user=0.08 sys=0.01, real=0.10 secs] 
2019-06-10T13:09:21.064+0000: 31.606: [GC (Allocation Failure) 2019-06-10T13:09:21.064+0000: 31.606: [DefNew: 136576K->79K(153600K), 0.0020813 secs] 180614K->44117K(494976K), 0.0021410 secs] [Times: user=0.00 sys=0.00, real=0.00 secs] 
2019-06-10T13:09:29.909+0000: 40.451: [GC (Allocation Failure) 2019-06-10T13:09:29.909+0000: 40.451: [DefNew: 136655K->71K(153600K), 0.0018754 secs] 180693K->44109K(494976K), 0.0019357 secs] [Times: user=0.00 sys=0.00, real=0.00 secs] 
2019-06-10T13:09:38.798+0000: 49.340: [GC (Allocation Failure) 2019-06-10T13:09:38.798+0000: 49.340: [DefNew: 136647K->71K(153600K), 0.0018628 secs] 180685K->44109K(494976K), 0.0019210 secs] [Times: user=0.00 sys=0.00, real=0.00 secs] 
2019-06-10T13:09:47.719+0000: 58.260: [GC (Allocation Failure) 2019-06-10T13:09:47.719+0000: 58.260: [DefNew: 136647K->68K(153600K), 0.0018794 secs] 180685K->44106K(494976K), 0.0019381 secs] [Times: user=0.01 sys=0.00, real=0.00 secs] 
2019-06-10T13:09:57.515+0000: 68.057: [GC (Allocation Failure) 2019-06-10T13:09:57.515+0000: 68.057: [DefNew: 136644K->408K(153600K), 0.0024264 secs] 180682K->44447K(494976K), 0.0024889 secs] [Times: user=0.00 sys=0.00, real=0.01 secs] 
2019-06-10T13:10:08.514+0000: 79.055: [GC (Allocation Failure) 2019-06-10T13:10:08.514+0000: 79.055: [DefNew: 136984K->162K(153600K), 0.0022613 secs] 181023K->44200K(494976K), 0.0023250 secs] [Times: user=0.01 sys=0.00, real=0.00 secs] 
13:10:26.602 [Curator-PathChildrenCache-0] ERROR o.a.c.f.r.c.PathChildrenCache  - 
java.lang.IllegalStateException: instance must be started before calling this method
	at org.apache.curator.shaded.com.google.common.base.Preconditions.checkState(Preconditions.java:444)
	at org.apache.curator.framework.imps.CuratorFrameworkImpl.getChildren(CuratorFrameworkImpl.java:456)
	at org.apache.curator.framework.recipes.cache.PathChildrenCache.refresh(PathChildrenCache.java:521)
	at org.apache.curator.framework.recipes.cache.RefreshOperation.invoke(RefreshOperation.java:35)
	at org.apache.curator.framework.recipes.cache.PathChildrenCache$9.run(PathChildrenCache.java:786)
	at java.util.concurrent.Executors$RunnableAdapter.call(Executors.java:511)
	at java.util.concurrent.FutureTask.run(FutureTask.java:266)
	at java.util.concurrent.Executors$RunnableAdapter.call(Executors.java:511)
	at java.util.concurrent.FutureTask.run(FutureTask.java:266)
	at java.util.concurrent.ThreadPoolExecutor.runWorker(ThreadPoolExecutor.java:1149)
	at java.util.concurrent.ThreadPoolExecutor$Worker.run(ThreadPoolExecutor.java:624)
	at java.lang.Thread.run(Thread.java:748)
2019-06-10T13:10:26.605+0000: 97.146: [GC (Allocation Failure) 2019-06-10T13:10:26.605+0000: 97.146: [DefNew: 136738K->618K(153600K), 0.0046291 secs] 180776K->44656K(494976K), 0.0046781 secs] [Times: user=0.01 sys=0.00, real=0.01 secs] 
Heap
 def new generation   total 153600K, used 10133K [0x00000000e0c00000, 0x00000000eb2a0000, 0x00000000eb2a0000)
  eden space 136576K,   6% used [0x00000000e0c00000, 0x00000000e154ad08, 0x00000000e9160000)
  from space 17024K,   3% used [0x00000000e9160000, 0x00000000e91fa9c0, 0x00000000ea200000)
  to   space 17024K,   0% used [0x00000000ea200000, 0x00000000ea200000, 0x00000000eb2a0000)
 tenured generation   total 341376K, used 44038K [0x00000000eb2a0000, 0x0000000100000000, 0x0000000100000000)
   the space 341376K,  12% used [0x00000000eb2a0000, 0x00000000edda18c0, 0x00000000edda1a00, 0x0000000100000000)
 Metaspace       used 36342K, capacity 37292K, committed 37376K, reserved 1081344K
  class space    used 4885K, capacity 5082K, committed 5120K, reserved 1048576K
