09:12:50,248 |-INFO in ch.qos.logback.classic.LoggerContext[default] - Could NOT find resource [logback-test.xml]
09:12:50,248 |-INFO in ch.qos.logback.classic.LoggerContext[default] - Could NOT find resource [logback.groovy]
09:12:50,248 |-INFO in ch.qos.logback.classic.LoggerContext[default] - Found resource [logback.xml] at [jar:file:/home/nikitasokolov/flamestream/lib/flamestream-runtime-1.0-SNAPSHOT.jar!/logback.xml]
09:12:50,249 |-WARN in ch.qos.logback.classic.LoggerContext[default] - Resource [logback.xml] occurs multiple times on the classpath.
09:12:50,249 |-WARN in ch.qos.logback.classic.LoggerContext[default] - Resource [logback.xml] occurs at [jar:file:/home/nikitasokolov/flamestream/lib/flamestream-runtime-1.0-SNAPSHOT.jar!/logback.xml]
09:12:50,249 |-WARN in ch.qos.logback.classic.LoggerContext[default] - Resource [logback.xml] occurs at [jar:file:/home/nikitasokolov/flamestream/flamestream-runtime-1.0-SNAPSHOT.jar!/logback.xml]
09:12:50,266 |-INFO in ch.qos.logback.core.joran.spi.ConfigurationWatchList@6108b2d7 - URL [jar:file:/home/nikitasokolov/flamestream/lib/flamestream-runtime-1.0-SNAPSHOT.jar!/logback.xml] is not of type file
09:12:50,315 |-INFO in ch.qos.logback.classic.joran.action.ConfigurationAction - debug attribute not set
09:12:50,316 |-INFO in ch.qos.logback.core.joran.action.AppenderAction - About to instantiate appender of type [ch.qos.logback.core.ConsoleAppender]
09:12:50,327 |-INFO in ch.qos.logback.core.joran.action.AppenderAction - Naming appender as [STDOUT]
09:12:50,337 |-INFO in ch.qos.logback.core.joran.action.NestedComplexPropertyIA - Assuming default type [ch.qos.logback.classic.encoder.PatternLayoutEncoder] for [encoder] property
09:12:50,395 |-INFO in ch.qos.logback.core.joran.action.AppenderAction - About to instantiate appender of type [ch.qos.logback.core.rolling.RollingFileAppender]
09:12:50,401 |-INFO in ch.qos.logback.core.joran.action.AppenderAction - Naming appender as [FILE]
09:12:50,424 |-INFO in c.q.l.core.rolling.TimeBasedRollingPolicy@357863579 - No compression will be used
09:12:50,425 |-INFO in c.q.l.core.rolling.TimeBasedRollingPolicy@357863579 - Will use the pattern /tmp/application_%d{yyyy-MM-dd}.%i.log for the active file
09:12:50,428 |-INFO in ch.qos.logback.core.rolling.SizeAndTimeBasedFNATP@6bf256fa - The date pattern is 'yyyy-MM-dd' from file name pattern '/tmp/application_%d{yyyy-MM-dd}.%i.log'.
09:12:50,428 |-INFO in ch.qos.logback.core.rolling.SizeAndTimeBasedFNATP@6bf256fa - Roll-over at midnight.
09:12:50,432 |-INFO in ch.qos.logback.core.rolling.SizeAndTimeBasedFNATP@6bf256fa - Setting initial period to Sun Jun 09 09:11:59 MSK 2019
09:12:50,432 |-WARN in ch.qos.logback.core.rolling.SizeAndTimeBasedFNATP@6bf256fa - SizeAndTimeBasedFNATP is deprecated. Use SizeAndTimeBasedRollingPolicy instead
09:12:50,432 |-WARN in ch.qos.logback.core.rolling.SizeAndTimeBasedFNATP@6bf256fa - For more information see http://logback.qos.ch/manual/appenders.html#SizeAndTimeBasedRollingPolicy
09:12:50,436 |-INFO in ch.qos.logback.core.joran.action.NestedComplexPropertyIA - Assuming default type [ch.qos.logback.classic.encoder.PatternLayoutEncoder] for [encoder] property
09:12:50,438 |-INFO in ch.qos.logback.core.rolling.RollingFileAppender[FILE] - Active log file name: /tmp/application.log
09:12:50,438 |-INFO in ch.qos.logback.core.rolling.RollingFileAppender[FILE] - File property is set to [/tmp/application.log]
09:12:50,439 |-INFO in ch.qos.logback.classic.joran.action.RootLoggerAction - Setting level of ROOT logger to WARN
09:12:50,440 |-INFO in ch.qos.logback.core.joran.action.AppenderRefAction - Attaching appender named [STDOUT] to Logger[ROOT]
09:12:50,440 |-INFO in ch.qos.logback.core.joran.action.AppenderRefAction - Attaching appender named [FILE] to Logger[ROOT]
09:12:50,440 |-INFO in ch.qos.logback.classic.joran.action.ConfigurationAction - End of configuration.
09:12:50,441 |-INFO in ch.qos.logback.classic.joran.JoranConfigurator@6cd8737 - Registering current configuration as safe fallback point

2019-06-09T09:12:51.432+0300: 1.382: [GC (Metadata GC Threshold) [PSYoungGen: 108152K->15868K(149504K)] 108152K->15948K(491008K), 0.0204779 secs] [Times: user=0.09 sys=0.03, real=0.02 secs] 
2019-06-09T09:12:51.453+0300: 1.402: [Full GC (Metadata GC Threshold) [PSYoungGen: 15868K->0K(149504K)] [ParOldGen: 80K->15078K(341504K)] 15948K->15078K(491008K), [Metaspace: 20802K->20802K(1067008K)], 0.0255884 secs] [Times: user=0.15 sys=0.01, real=0.03 secs] 
09:13:03.350 [Curator-PathChildrenCache-1] WARN  o.a.c.u.ZKPaths  - The version of ZooKeeper being used doesn't support Container nodes. CreateMode.PERSISTENT will be used instead.
2019-06-09T09:13:04.339+0300: 14.289: [GC (Metadata GC Threshold) [PSYoungGen: 126008K->20987K(149504K)] 141086K->50124K(491008K), 0.0263317 secs] [Times: user=0.19 sys=0.03, real=0.02 secs] 
2019-06-09T09:13:04.366+0300: 14.315: [Full GC (Metadata GC Threshold) [PSYoungGen: 20987K->0K(149504K)] [ParOldGen: 29137K->39079K(341504K)] 50124K->39079K(491008K), [Metaspace: 34568K->34568K(1079296K)], 0.0369732 secs] [Times: user=0.21 sys=0.02, real=0.04 secs] 
2019-06-09T09:13:07.683+0300: 17.632: [GC (Allocation Failure) [PSYoungGen: 128512K->512K(149504K)] 167591K->39599K(491008K), 0.0030584 secs] [Times: user=0.02 sys=0.00, real=0.00 secs] 
2019-06-09T09:13:11.661+0300: 21.610: [GC (Allocation Failure) [PSYoungGen: 129024K->544K(149504K)] 168111K->39639K(491008K), 0.0033870 secs] [Times: user=0.01 sys=0.01, real=0.00 secs] 
2019-06-09T09:13:15.598+0300: 25.547: [GC (Allocation Failure) [PSYoungGen: 129056K->448K(129024K)] 168151K->39551K(470528K), 0.0725165 secs] [Times: user=0.03 sys=0.00, real=0.07 secs] 
2019-06-09T09:13:19.594+0300: 29.544: [GC (Allocation Failure) [PSYoungGen: 128960K->512K(132608K)] 168063K->39623K(474112K), 0.0039324 secs] [Times: user=0.02 sys=0.00, real=0.01 secs] 
2019-06-09T09:13:22.489+0300: 32.438: [GC (Allocation Failure) [PSYoungGen: 93184K->480K(130560K)] 132295K->39599K(472064K), 0.0036103 secs] [Times: user=0.00 sys=0.01, real=0.01 secs] 
2019-06-09T09:13:25.358+0300: 35.308: [GC (Allocation Failure) [PSYoungGen: 93152K->608K(136704K)] 132271K->39735K(478208K), 0.0041027 secs] [Times: user=0.02 sys=0.01, real=0.00 secs] 
2019-06-09T09:13:28.532+0300: 38.482: [GC (Allocation Failure) [PSYoungGen: 101472K->512K(134656K)] 140599K->39639K(476160K), 0.0035356 secs] [Times: user=0.01 sys=0.01, real=0.00 secs] 
2019-06-09T09:13:31.710+0300: 41.659: [GC (Allocation Failure) [PSYoungGen: 101376K->608K(140288K)] 140503K->39735K(481792K), 0.0963933 secs] [Times: user=0.01 sys=0.00, real=0.09 secs] 
2019-06-09T09:13:35.123+0300: 45.072: [GC (Allocation Failure) [PSYoungGen: 108640K->576K(138240K)] 147767K->39711K(479744K), 0.0026261 secs] [Times: user=0.01 sys=0.01, real=0.00 secs] 
2019-06-09T09:13:38.528+0300: 48.477: [GC (Allocation Failure) [PSYoungGen: 108608K->512K(143360K)] 147743K->39647K(484864K), 0.0028348 secs] [Times: user=0.01 sys=0.00, real=0.01 secs] 
2019-06-09T09:13:42.158+0300: 52.107: [GC (Allocation Failure) [PSYoungGen: 115200K->544K(141824K)] 154335K->39679K(483328K), 0.0782442 secs] [Times: user=0.01 sys=0.00, real=0.07 secs] 
2019-06-09T09:13:45.770+0300: 55.720: [GC (Allocation Failure) [PSYoungGen: 115232K->480K(146432K)] 154367K->39615K(487936K), 0.0029513 secs] [Times: user=0.02 sys=0.00, real=0.00 secs] 
2019-06-09T09:13:49.572+0300: 59.522: [GC (Allocation Failure) [PSYoungGen: 121312K->576K(144896K)] 160447K->39719K(486400K), 0.0045734 secs] [Times: user=0.03 sys=0.00, real=0.00 secs] 
09:13:59.913 [Curator-PathChildrenCache-0] ERROR o.a.c.f.r.c.PathChildrenCache  - 
java.lang.IllegalStateException: instance must be started before calling this method
	at org.apache.curator.shaded.com.google.common.base.Preconditions.checkState(Preconditions.java:444)
	at org.apache.curator.framework.imps.CuratorFrameworkImpl.getChildren(CuratorFrameworkImpl.java:456)
	at org.apache.curator.framework.recipes.cache.PathChildrenCache.refresh(PathChildrenCache.java:521)
	at org.apache.curator.framework.recipes.cache.RefreshOperation.invoke(RefreshOperation.java:35)
	at org.apache.curator.framework.recipes.cache.PathChildrenCache$9.run(PathChildrenCache.java:786)
	at java.util.concurrent.Executors$RunnableAdapter.call(Executors.java:511)
	at java.util.concurrent.FutureTask.run(FutureTask.java:266)
	at java.util.concurrent.Executors$RunnableAdapter.call(Executors.java:511)
	at java.util.concurrent.FutureTask.run(FutureTask.java:266)
	at java.util.concurrent.ThreadPoolExecutor.runWorker(ThreadPoolExecutor.java:1149)
	at java.util.concurrent.ThreadPoolExecutor$Worker.run(ThreadPoolExecutor.java:624)
	at java.lang.Thread.run(Thread.java:748)
Heap
 PSYoungGen      total 144896K, used 96817K [0x00000000f5980000, 0x0000000100000000, 0x0000000100000000)
  eden space 120832K, 79% used [0x00000000f5980000,0x00000000fb77c678,0x00000000fcf80000)
  from space 24064K, 2% used [0x00000000fcf80000,0x00000000fd010030,0x00000000fe700000)
  to   space 23040K, 0% used [0x00000000fe980000,0x00000000fe980000,0x0000000100000000)
 ParOldGen       total 341504K, used 39143K [0x00000000e0c00000, 0x00000000f5980000, 0x00000000f5980000)
  object space 341504K, 11% used [0x00000000e0c00000,0x00000000e3239fa0,0x00000000f5980000)
 Metaspace       used 36071K, capacity 36894K, committed 37208K, reserved 1081344K
  class space    used 4979K, capacity 5161K, committed 5248K, reserved 1048576K
