17:51:53,673 |-INFO in ch.qos.logback.classic.LoggerContext[default] - Could NOT find resource [logback-test.xml]
17:51:53,673 |-INFO in ch.qos.logback.classic.LoggerContext[default] - Could NOT find resource [logback.groovy]
17:51:53,673 |-INFO in ch.qos.logback.classic.LoggerContext[default] - Found resource [logback.xml] at [jar:file:/root/flamestream/lib/flamestream-runtime-1.0-SNAPSHOT.jar!/logback.xml]
17:51:53,674 |-WARN in ch.qos.logback.classic.LoggerContext[default] - Resource [logback.xml] occurs multiple times on the classpath.
17:51:53,674 |-WARN in ch.qos.logback.classic.LoggerContext[default] - Resource [logback.xml] occurs at [jar:file:/root/flamestream/lib/flamestream-runtime-1.0-SNAPSHOT.jar!/logback.xml]
17:51:53,674 |-WARN in ch.qos.logback.classic.LoggerContext[default] - Resource [logback.xml] occurs at [jar:file:/root/flamestream/flamestream-runtime-1.0-SNAPSHOT.jar!/logback.xml]
17:51:53,695 |-INFO in ch.qos.logback.core.joran.spi.ConfigurationWatchList@3fb6a447 - URL [jar:file:/root/flamestream/lib/flamestream-runtime-1.0-SNAPSHOT.jar!/logback.xml] is not of type file
17:51:53,759 |-INFO in ch.qos.logback.classic.joran.action.ConfigurationAction - debug attribute not set
17:51:53,760 |-INFO in ch.qos.logback.core.joran.action.AppenderAction - About to instantiate appender of type [ch.qos.logback.core.ConsoleAppender]
17:51:53,775 |-INFO in ch.qos.logback.core.joran.action.AppenderAction - Naming appender as [STDOUT]
17:51:53,796 |-INFO in ch.qos.logback.core.joran.action.NestedComplexPropertyIA - Assuming default type [ch.qos.logback.classic.encoder.PatternLayoutEncoder] for [encoder] property
17:51:53,883 |-INFO in ch.qos.logback.core.joran.action.AppenderAction - About to instantiate appender of type [ch.qos.logback.core.rolling.RollingFileAppender]
17:51:53,887 |-INFO in ch.qos.logback.core.joran.action.AppenderAction - Naming appender as [FILE]
17:51:53,918 |-INFO in c.q.l.core.rolling.TimeBasedRollingPolicy@127618319 - No compression will be used
17:51:53,919 |-INFO in c.q.l.core.rolling.TimeBasedRollingPolicy@127618319 - Will use the pattern /tmp/application_%d{yyyy-MM-dd}.%i.log for the active file
17:51:53,921 |-INFO in ch.qos.logback.core.rolling.SizeAndTimeBasedFNATP@6b2fad11 - The date pattern is 'yyyy-MM-dd' from file name pattern '/tmp/application_%d{yyyy-MM-dd}.%i.log'.
17:51:53,921 |-INFO in ch.qos.logback.core.rolling.SizeAndTimeBasedFNATP@6b2fad11 - Roll-over at midnight.
17:51:53,927 |-INFO in ch.qos.logback.core.rolling.SizeAndTimeBasedFNATP@6b2fad11 - Setting initial period to Mon Jun 10 17:50:43 UTC 2019
17:51:53,927 |-WARN in ch.qos.logback.core.rolling.SizeAndTimeBasedFNATP@6b2fad11 - SizeAndTimeBasedFNATP is deprecated. Use SizeAndTimeBasedRollingPolicy instead
17:51:53,927 |-WARN in ch.qos.logback.core.rolling.SizeAndTimeBasedFNATP@6b2fad11 - For more information see http://logback.qos.ch/manual/appenders.html#SizeAndTimeBasedRollingPolicy
17:51:53,931 |-INFO in ch.qos.logback.core.joran.action.NestedComplexPropertyIA - Assuming default type [ch.qos.logback.classic.encoder.PatternLayoutEncoder] for [encoder] property
17:51:53,935 |-INFO in ch.qos.logback.core.rolling.RollingFileAppender[FILE] - Active log file name: /tmp/application.log
17:51:53,935 |-INFO in ch.qos.logback.core.rolling.RollingFileAppender[FILE] - File property is set to [/tmp/application.log]
17:51:53,936 |-INFO in ch.qos.logback.classic.joran.action.RootLoggerAction - Setting level of ROOT logger to WARN
17:51:53,936 |-INFO in ch.qos.logback.core.joran.action.AppenderRefAction - Attaching appender named [STDOUT] to Logger[ROOT]
17:51:53,938 |-INFO in ch.qos.logback.core.joran.action.AppenderRefAction - Attaching appender named [FILE] to Logger[ROOT]
17:51:53,938 |-INFO in ch.qos.logback.classic.joran.action.ConfigurationAction - End of configuration.
17:51:53,939 |-INFO in ch.qos.logback.classic.joran.JoranConfigurator@79698539 - Registering current configuration as safe fallback point

Ama winner
Ama winner
2019-06-10T17:51:55.250+0000: 1.761: [Full GC (Metadata GC Threshold) 2019-06-10T17:51:55.250+0000: 1.761: [Tenured: 0K->15240K(341376K), 0.0413434 secs] 114987K->15240K(494976K), [Metaspace: 20733K->20733K(1067008K)], 0.0414119 secs] [Times: user=0.03 sys=0.01, real=0.04 secs] 
17:52:13.827 [Curator-PathChildrenCache-1] WARN  o.a.c.u.ZKPaths  - The version of ZooKeeper being used doesn't support Container nodes. CreateMode.PERSISTENT will be used instead.
2019-06-10T17:52:16.135+0000: 22.646: [GC (Allocation Failure) 2019-06-10T17:52:16.135+0000: 22.646: [DefNew: 136576K->17023K(153600K), 0.0344361 secs] 151816K->52561K(494976K), 0.0345050 secs] [Times: user=0.03 sys=0.01, real=0.04 secs] 
2019-06-10T17:52:19.481+0000: 25.992: [Full GC (Metadata GC Threshold) 2019-06-10T17:52:19.481+0000: 25.992: [Tenured: 35537K->44063K(341376K), 0.0488476 secs] 121880K->44063K(494976K), [Metaspace: 34577K->34577K(1079296K)], 0.0489272 secs] [Times: user=0.05 sys=0.00, real=0.05 secs] 
2019-06-10T17:52:25.757+0000: 32.269: [GC (Allocation Failure) 2019-06-10T17:52:25.757+0000: 32.269: [DefNew: 136576K->76K(153600K), 0.0018568 secs] 180639K->44140K(494976K), 0.0019407 secs] [Times: user=0.00 sys=0.00, real=0.01 secs] 
2019-06-10T17:52:32.015+0000: 38.527: [GC (Allocation Failure) 2019-06-10T17:52:32.015+0000: 38.527: [DefNew: 136652K->114K(153600K), 0.0018718 secs] 180716K->44177K(494976K), 0.0019325 secs] [Times: user=0.00 sys=0.00, real=0.00 secs] 
2019-06-10T17:52:38.272+0000: 44.784: [GC (Allocation Failure) 2019-06-10T17:52:38.272+0000: 44.784: [DefNew: 136690K->182K(153600K), 0.0018297 secs] 180753K->44245K(494976K), 0.0018851 secs] [Times: user=0.01 sys=0.00, real=0.00 secs] 
2019-06-10T17:52:44.543+0000: 51.054: [GC (Allocation Failure) 2019-06-10T17:52:44.543+0000: 51.054: [DefNew: 136758K->179K(153600K), 0.0017826 secs] 180821K->44243K(494976K), 0.0018457 secs] [Times: user=0.00 sys=0.00, real=0.00 secs] 
2019-06-10T17:52:54.647+0000: 61.158: [GC (Allocation Failure) 2019-06-10T17:52:54.647+0000: 61.158: [DefNew: 136755K->506K(153600K), 0.0030092 secs] 180819K->44569K(494976K), 0.0030792 secs] [Times: user=0.01 sys=0.00, real=0.00 secs] 
17:52:54.689 [Curator-PathChildrenCache-0] ERROR o.a.c.f.r.c.PathChildrenCache  - 
java.lang.IllegalStateException: instance must be started before calling this method
	at org.apache.curator.shaded.com.google.common.base.Preconditions.checkState(Preconditions.java:444)
	at org.apache.curator.framework.imps.CuratorFrameworkImpl.getChildren(CuratorFrameworkImpl.java:456)
	at org.apache.curator.framework.recipes.cache.PathChildrenCache.refresh(PathChildrenCache.java:521)
	at org.apache.curator.framework.recipes.cache.RefreshOperation.invoke(RefreshOperation.java:35)
	at org.apache.curator.framework.recipes.cache.PathChildrenCache$9.run(PathChildrenCache.java:786)
	at java.util.concurrent.Executors$RunnableAdapter.call(Executors.java:511)
	at java.util.concurrent.FutureTask.run(FutureTask.java:266)
	at java.util.concurrent.Executors$RunnableAdapter.call(Executors.java:511)
	at java.util.concurrent.FutureTask.run(FutureTask.java:266)
	at java.util.concurrent.ThreadPoolExecutor.runWorker(ThreadPoolExecutor.java:1149)
	at java.util.concurrent.ThreadPoolExecutor$Worker.run(ThreadPoolExecutor.java:624)
	at java.lang.Thread.run(Thread.java:748)
Heap
 def new generation   total 153600K, used 21085K [0x00000000e0c00000, 0x00000000eb2a0000, 0x00000000eb2a0000)
  eden space 136576K,  15% used [0x00000000e0c00000, 0x00000000e2018d30, 0x00000000e9160000)
  from space 17024K,   2% used [0x00000000e9160000, 0x00000000e91de890, 0x00000000ea200000)
  to   space 17024K,   0% used [0x00000000ea200000, 0x00000000ea200000, 0x00000000eb2a0000)
 tenured generation   total 341376K, used 44063K [0x00000000eb2a0000, 0x0000000100000000, 0x0000000100000000)
   the space 341376K,  12% used [0x00000000eb2a0000, 0x00000000edda7d80, 0x00000000edda7e00, 0x0000000100000000)
 Metaspace       used 35960K, capacity 36844K, committed 37120K, reserved 1081344K
  class space    used 4825K, capacity 5044K, committed 5120K, reserved 1048576K
