07:06:08,904 |-INFO in ch.qos.logback.classic.LoggerContext[default] - Could NOT find resource [logback-test.xml]
07:06:08,904 |-INFO in ch.qos.logback.classic.LoggerContext[default] - Could NOT find resource [logback.groovy]
07:06:08,904 |-INFO in ch.qos.logback.classic.LoggerContext[default] - Found resource [logback.xml] at [jar:file:/home/nikitasokolov/flamestream/lib/flamestream-runtime-1.0-SNAPSHOT.jar!/logback.xml]
07:06:08,905 |-WARN in ch.qos.logback.classic.LoggerContext[default] - Resource [logback.xml] occurs multiple times on the classpath.
07:06:08,905 |-WARN in ch.qos.logback.classic.LoggerContext[default] - Resource [logback.xml] occurs at [jar:file:/home/nikitasokolov/flamestream/lib/flamestream-runtime-1.0-SNAPSHOT.jar!/logback.xml]
07:06:08,905 |-WARN in ch.qos.logback.classic.LoggerContext[default] - Resource [logback.xml] occurs at [jar:file:/home/nikitasokolov/flamestream/flamestream-runtime-1.0-SNAPSHOT.jar!/logback.xml]
07:06:08,920 |-INFO in ch.qos.logback.core.joran.spi.ConfigurationWatchList@6108b2d7 - URL [jar:file:/home/nikitasokolov/flamestream/lib/flamestream-runtime-1.0-SNAPSHOT.jar!/logback.xml] is not of type file
07:06:08,970 |-INFO in ch.qos.logback.classic.joran.action.ConfigurationAction - debug attribute not set
07:06:08,970 |-INFO in ch.qos.logback.core.joran.action.AppenderAction - About to instantiate appender of type [ch.qos.logback.core.ConsoleAppender]
07:06:08,978 |-INFO in ch.qos.logback.core.joran.action.AppenderAction - Naming appender as [STDOUT]
07:06:08,986 |-INFO in ch.qos.logback.core.joran.action.NestedComplexPropertyIA - Assuming default type [ch.qos.logback.classic.encoder.PatternLayoutEncoder] for [encoder] property
07:06:09,039 |-INFO in ch.qos.logback.core.joran.action.AppenderAction - About to instantiate appender of type [ch.qos.logback.core.rolling.RollingFileAppender]
07:06:09,044 |-INFO in ch.qos.logback.core.joran.action.AppenderAction - Naming appender as [FILE]
07:06:09,065 |-INFO in c.q.l.core.rolling.TimeBasedRollingPolicy@357863579 - No compression will be used
07:06:09,067 |-INFO in c.q.l.core.rolling.TimeBasedRollingPolicy@357863579 - Will use the pattern /tmp/application_%d{yyyy-MM-dd}.%i.log for the active file
07:06:09,070 |-INFO in ch.qos.logback.core.rolling.SizeAndTimeBasedFNATP@6bf256fa - The date pattern is 'yyyy-MM-dd' from file name pattern '/tmp/application_%d{yyyy-MM-dd}.%i.log'.
07:06:09,070 |-INFO in ch.qos.logback.core.rolling.SizeAndTimeBasedFNATP@6bf256fa - Roll-over at midnight.
07:06:09,073 |-INFO in ch.qos.logback.core.rolling.SizeAndTimeBasedFNATP@6bf256fa - Setting initial period to Sun Jun 09 07:05:29 MSK 2019
07:06:09,073 |-WARN in ch.qos.logback.core.rolling.SizeAndTimeBasedFNATP@6bf256fa - SizeAndTimeBasedFNATP is deprecated. Use SizeAndTimeBasedRollingPolicy instead
07:06:09,073 |-WARN in ch.qos.logback.core.rolling.SizeAndTimeBasedFNATP@6bf256fa - For more information see http://logback.qos.ch/manual/appenders.html#SizeAndTimeBasedRollingPolicy
07:06:09,078 |-INFO in ch.qos.logback.core.joran.action.NestedComplexPropertyIA - Assuming default type [ch.qos.logback.classic.encoder.PatternLayoutEncoder] for [encoder] property
07:06:09,081 |-INFO in ch.qos.logback.core.rolling.RollingFileAppender[FILE] - Active log file name: /tmp/application.log
07:06:09,081 |-INFO in ch.qos.logback.core.rolling.RollingFileAppender[FILE] - File property is set to [/tmp/application.log]
07:06:09,082 |-INFO in ch.qos.logback.classic.joran.action.RootLoggerAction - Setting level of ROOT logger to WARN
07:06:09,083 |-INFO in ch.qos.logback.core.joran.action.AppenderRefAction - Attaching appender named [STDOUT] to Logger[ROOT]
07:06:09,083 |-INFO in ch.qos.logback.core.joran.action.AppenderRefAction - Attaching appender named [FILE] to Logger[ROOT]
07:06:09,083 |-INFO in ch.qos.logback.classic.joran.action.ConfigurationAction - End of configuration.
07:06:09,084 |-INFO in ch.qos.logback.classic.joran.JoranConfigurator@6cd8737 - Registering current configuration as safe fallback point

2019-06-09T07:06:10.051+0300: 1.350: [GC (Metadata GC Threshold) [PSYoungGen: 110722K->15884K(149504K)] 110722K->15964K(491008K), 0.0211019 secs] [Times: user=0.06 sys=0.05, real=0.02 secs] 
2019-06-09T07:06:10.072+0300: 1.371: [Full GC (Metadata GC Threshold) [PSYoungGen: 15884K->0K(149504K)] [ParOldGen: 80K->15078K(341504K)] 15964K->15078K(491008K), [Metaspace: 20800K->20800K(1067008K)], 0.0284839 secs] [Times: user=0.19 sys=0.01, real=0.03 secs] 
07:06:17.229 [Curator-PathChildrenCache-1] WARN  o.a.c.u.ZKPaths  - The version of ZooKeeper being used doesn't support Container nodes. CreateMode.PERSISTENT will be used instead.
2019-06-09T07:06:18.226+0300: 9.526: [GC (Metadata GC Threshold) [PSYoungGen: 126610K->15691K(149504K)] 141688K->50308K(491008K), 0.0318945 secs] [Times: user=0.26 sys=0.02, real=0.04 secs] 
2019-06-09T07:06:18.258+0300: 9.558: [Full GC (Metadata GC Threshold) [PSYoungGen: 15691K->0K(149504K)] [ParOldGen: 34617K->38696K(341504K)] 50308K->38696K(491008K), [Metaspace: 34570K->34570K(1079296K)], 0.0447966 secs] [Times: user=0.26 sys=0.01, real=0.04 secs] 
2019-06-09T07:06:20.079+0300: 11.378: [GC (Allocation Failure) [PSYoungGen: 128512K->640K(149504K)] 167208K->39344K(491008K), 0.0032346 secs] [Times: user=0.01 sys=0.00, real=0.00 secs] 
2019-06-09T07:06:22.402+0300: 13.701: [GC (Allocation Failure) [PSYoungGen: 129152K->640K(149504K)] 167856K->39352K(491008K), 0.0820121 secs] [Times: user=0.03 sys=0.01, real=0.08 secs] 
2019-06-09T07:06:24.607+0300: 15.906: [GC (Allocation Failure) [PSYoungGen: 129152K->704K(129536K)] 167864K->39417K(471040K), 0.0032740 secs] [Times: user=0.01 sys=0.00, real=0.01 secs] 
2019-06-09T07:06:26.918+0300: 18.217: [GC (Allocation Failure) [PSYoungGen: 129216K->672K(150016K)] 167929K->39393K(491520K), 0.0039362 secs] [Times: user=0.03 sys=0.00, real=0.00 secs] 
2019-06-09T07:06:29.208+0300: 20.507: [GC (Allocation Failure) [PSYoungGen: 129184K->704K(148992K)] 167905K->39425K(490496K), 0.0029445 secs] [Times: user=0.02 sys=0.00, real=0.01 secs] 
2019-06-09T07:06:31.529+0300: 22.828: [GC (Allocation Failure) [PSYoungGen: 129216K->704K(151552K)] 167937K->39425K(493056K), 0.0040017 secs] [Times: user=0.00 sys=0.01, real=0.01 secs] 
2019-06-09T07:06:33.889+0300: 25.188: [GC (Allocation Failure) [PSYoungGen: 132800K->736K(151040K)] 171521K->39465K(492544K), 0.0022262 secs] [Times: user=0.01 sys=0.00, real=0.01 secs] 
2019-06-09T07:06:36.274+0300: 27.574: [GC (Allocation Failure) [PSYoungGen: 132832K->672K(153600K)] 171561K->39409K(495104K), 0.0025578 secs] [Times: user=0.01 sys=0.00, real=0.00 secs] 
2019-06-09T07:06:38.707+0300: 30.006: [GC (Allocation Failure) [PSYoungGen: 136352K->800K(152576K)] 175089K->39545K(494080K), 0.0027605 secs] [Times: user=0.01 sys=0.00, real=0.01 secs] 
2019-06-09T07:06:41.166+0300: 32.465: [GC (Allocation Failure) [PSYoungGen: 136480K->832K(155136K)] 175225K->39577K(496640K), 0.0045643 secs] [Times: user=0.02 sys=0.01, real=0.01 secs] 
2019-06-09T07:06:43.655+0300: 34.954: [GC (Allocation Failure) [PSYoungGen: 139584K->864K(154112K)] 178329K->39609K(495616K), 0.0032801 secs] [Times: user=0.01 sys=0.00, real=0.01 secs] 
2019-06-09T07:06:46.134+0300: 37.433: [GC (Allocation Failure) [PSYoungGen: 139616K->704K(156672K)] 178361K->39449K(498176K), 0.0040351 secs] [Times: user=0.01 sys=0.01, real=0.01 secs] 
2019-06-09T07:06:48.680+0300: 39.980: [GC (Allocation Failure) [PSYoungGen: 142528K->800K(155648K)] 181273K->39545K(497152K), 0.0028533 secs] [Times: user=0.01 sys=0.00, real=0.00 secs] 
07:06:56.297 [Curator-PathChildrenCache-0] ERROR o.a.c.f.r.c.PathChildrenCache  - 
java.lang.IllegalStateException: instance must be started before calling this method
	at org.apache.curator.shaded.com.google.common.base.Preconditions.checkState(Preconditions.java:444)
	at org.apache.curator.framework.imps.CuratorFrameworkImpl.getChildren(CuratorFrameworkImpl.java:456)
	at org.apache.curator.framework.recipes.cache.PathChildrenCache.refresh(PathChildrenCache.java:521)
	at org.apache.curator.framework.recipes.cache.RefreshOperation.invoke(RefreshOperation.java:35)
	at org.apache.curator.framework.recipes.cache.PathChildrenCache$9.run(PathChildrenCache.java:786)
	at java.util.concurrent.Executors$RunnableAdapter.call(Executors.java:511)
	at java.util.concurrent.FutureTask.run(FutureTask.java:266)
	at java.util.concurrent.Executors$RunnableAdapter.call(Executors.java:511)
	at java.util.concurrent.FutureTask.run(FutureTask.java:266)
	at java.util.concurrent.ThreadPoolExecutor.runWorker(ThreadPoolExecutor.java:1149)
	at java.util.concurrent.ThreadPoolExecutor$Worker.run(ThreadPoolExecutor.java:624)
	at java.lang.Thread.run(Thread.java:748)
Heap
 PSYoungGen      total 155648K, used 107404K [0x00000000f5980000, 0x0000000100000000, 0x0000000100000000)
  eden space 141824K, 75% used [0x00000000f5980000,0x00000000fc19aff0,0x00000000fe400000)
  from space 13824K, 5% used [0x00000000fe400000,0x00000000fe4c8090,0x00000000ff180000)
  to   space 13312K, 0% used [0x00000000ff300000,0x00000000ff300000,0x0000000100000000)
 ParOldGen       total 341504K, used 38744K [0x00000000e0c00000, 0x00000000f5980000, 0x00000000f5980000)
  object space 341504K, 11% used [0x00000000e0c00000,0x00000000e31d63b0,0x00000000f5980000)
 Metaspace       used 35755K, capacity 36606K, committed 36952K, reserved 1081344K
  class space    used 4936K, capacity 5129K, committed 5248K, reserved 1048576K
