17:49:43,601 |-INFO in ch.qos.logback.classic.LoggerContext[default] - Could NOT find resource [logback-test.xml]
17:49:43,601 |-INFO in ch.qos.logback.classic.LoggerContext[default] - Could NOT find resource [logback.groovy]
17:49:43,602 |-INFO in ch.qos.logback.classic.LoggerContext[default] - Found resource [logback.xml] at [jar:file:/root/flamestream/lib/flamestream-runtime-1.0-SNAPSHOT.jar!/logback.xml]
17:49:43,603 |-WARN in ch.qos.logback.classic.LoggerContext[default] - Resource [logback.xml] occurs multiple times on the classpath.
17:49:43,603 |-WARN in ch.qos.logback.classic.LoggerContext[default] - Resource [logback.xml] occurs at [jar:file:/root/flamestream/lib/flamestream-runtime-1.0-SNAPSHOT.jar!/logback.xml]
17:49:43,603 |-WARN in ch.qos.logback.classic.LoggerContext[default] - Resource [logback.xml] occurs at [jar:file:/root/flamestream/flamestream-runtime-1.0-SNAPSHOT.jar!/logback.xml]
17:49:43,622 |-INFO in ch.qos.logback.core.joran.spi.ConfigurationWatchList@3fb6a447 - URL [jar:file:/root/flamestream/lib/flamestream-runtime-1.0-SNAPSHOT.jar!/logback.xml] is not of type file
17:49:43,693 |-INFO in ch.qos.logback.classic.joran.action.ConfigurationAction - debug attribute not set
17:49:43,694 |-INFO in ch.qos.logback.core.joran.action.AppenderAction - About to instantiate appender of type [ch.qos.logback.core.ConsoleAppender]
17:49:43,712 |-INFO in ch.qos.logback.core.joran.action.AppenderAction - Naming appender as [STDOUT]
17:49:43,725 |-INFO in ch.qos.logback.core.joran.action.NestedComplexPropertyIA - Assuming default type [ch.qos.logback.classic.encoder.PatternLayoutEncoder] for [encoder] property
17:49:43,810 |-INFO in ch.qos.logback.core.joran.action.AppenderAction - About to instantiate appender of type [ch.qos.logback.core.rolling.RollingFileAppender]
17:49:43,815 |-INFO in ch.qos.logback.core.joran.action.AppenderAction - Naming appender as [FILE]
17:49:43,847 |-INFO in c.q.l.core.rolling.TimeBasedRollingPolicy@127618319 - No compression will be used
17:49:43,848 |-INFO in c.q.l.core.rolling.TimeBasedRollingPolicy@127618319 - Will use the pattern /tmp/application_%d{yyyy-MM-dd}.%i.log for the active file
17:49:43,851 |-INFO in ch.qos.logback.core.rolling.SizeAndTimeBasedFNATP@6b2fad11 - The date pattern is 'yyyy-MM-dd' from file name pattern '/tmp/application_%d{yyyy-MM-dd}.%i.log'.
17:49:43,851 |-INFO in ch.qos.logback.core.rolling.SizeAndTimeBasedFNATP@6b2fad11 - Roll-over at midnight.
17:49:43,856 |-INFO in ch.qos.logback.core.rolling.SizeAndTimeBasedFNATP@6b2fad11 - Setting initial period to Mon Jun 10 17:48:29 UTC 2019
17:49:43,856 |-WARN in ch.qos.logback.core.rolling.SizeAndTimeBasedFNATP@6b2fad11 - SizeAndTimeBasedFNATP is deprecated. Use SizeAndTimeBasedRollingPolicy instead
17:49:43,856 |-WARN in ch.qos.logback.core.rolling.SizeAndTimeBasedFNATP@6b2fad11 - For more information see http://logback.qos.ch/manual/appenders.html#SizeAndTimeBasedRollingPolicy
17:49:43,860 |-INFO in ch.qos.logback.core.joran.action.NestedComplexPropertyIA - Assuming default type [ch.qos.logback.classic.encoder.PatternLayoutEncoder] for [encoder] property
17:49:43,865 |-INFO in ch.qos.logback.core.rolling.RollingFileAppender[FILE] - Active log file name: /tmp/application.log
17:49:43,865 |-INFO in ch.qos.logback.core.rolling.RollingFileAppender[FILE] - File property is set to [/tmp/application.log]
17:49:43,866 |-INFO in ch.qos.logback.classic.joran.action.RootLoggerAction - Setting level of ROOT logger to WARN
17:49:43,866 |-INFO in ch.qos.logback.core.joran.action.AppenderRefAction - Attaching appender named [STDOUT] to Logger[ROOT]
17:49:43,868 |-INFO in ch.qos.logback.core.joran.action.AppenderRefAction - Attaching appender named [FILE] to Logger[ROOT]
17:49:43,868 |-INFO in ch.qos.logback.classic.joran.action.ConfigurationAction - End of configuration.
17:49:43,868 |-INFO in ch.qos.logback.classic.joran.JoranConfigurator@79698539 - Registering current configuration as safe fallback point

Ama winner
Ama winner
2019-06-10T17:49:45.113+0000: 1.699: [Full GC (Metadata GC Threshold) 2019-06-10T17:49:45.113+0000: 1.699: [Tenured: 0K->15241K(341376K), 0.0393176 secs] 114924K->15241K(494976K), [Metaspace: 20735K->20735K(1067008K)], 0.0393876 secs] [Times: user=0.03 sys=0.01, real=0.04 secs] 
17:50:06.522 [Curator-PathChildrenCache-1] WARN  o.a.c.u.ZKPaths  - The version of ZooKeeper being used doesn't support Container nodes. CreateMode.PERSISTENT will be used instead.
2019-06-10T17:50:08.621+0000: 25.207: [GC (Allocation Failure) 2019-06-10T17:50:08.621+0000: 25.207: [DefNew: 136576K->17023K(153600K), 0.0260957 secs] 151817K->52424K(494976K), 0.0261646 secs] [Times: user=0.01 sys=0.02, real=0.02 secs] 
2019-06-10T17:50:10.707+0000: 27.293: [Full GC (Metadata GC Threshold) 2019-06-10T17:50:10.707+0000: 27.293: [Tenured: 35400K->44086K(341376K), 0.0423847 secs] 90406K->44086K(494976K), [Metaspace: 34599K->34599K(1079296K)], 0.0424593 secs] [Times: user=0.04 sys=0.01, real=0.04 secs] 
2019-06-10T17:50:16.522+0000: 33.108: [GC (Allocation Failure) 2019-06-10T17:50:16.522+0000: 33.108: [DefNew: 136576K->98K(153600K), 0.0018519 secs] 180662K->44184K(494976K), 0.0019080 secs] [Times: user=0.00 sys=0.00, real=0.00 secs] 
2019-06-10T17:50:22.257+0000: 38.842: [GC (Allocation Failure) 2019-06-10T17:50:22.257+0000: 38.842: [DefNew: 136674K->130K(153600K), 0.0017766 secs] 180760K->44216K(494976K), 0.0018388 secs] [Times: user=0.00 sys=0.00, real=0.00 secs] 
2019-06-10T17:50:27.956+0000: 44.541: [GC (Allocation Failure) 2019-06-10T17:50:27.956+0000: 44.541: [DefNew: 136706K->134K(153600K), 0.0018241 secs] 180792K->44220K(494976K), 0.0018862 secs] [Times: user=0.00 sys=0.00, real=0.00 secs] 
2019-06-10T17:50:33.699+0000: 50.285: [GC (Allocation Failure) 2019-06-10T17:50:33.699+0000: 50.285: [DefNew: 136710K->129K(153600K), 0.0016934 secs] 180796K->44216K(494976K), 0.0017544 secs] [Times: user=0.01 sys=0.00, real=0.00 secs] 
17:50:43.800 [Curator-PathChildrenCache-0] ERROR o.a.c.f.r.c.PathChildrenCache  - 
java.lang.IllegalStateException: instance must be started before calling this method
	at org.apache.curator.shaded.com.google.common.base.Preconditions.checkState(Preconditions.java:444)
	at org.apache.curator.framework.imps.CuratorFrameworkImpl.getChildren(CuratorFrameworkImpl.java:456)
	at org.apache.curator.framework.recipes.cache.PathChildrenCache.refresh(PathChildrenCache.java:521)
	at org.apache.curator.framework.recipes.cache.RefreshOperation.invoke(RefreshOperation.java:35)
	at org.apache.curator.framework.recipes.cache.PathChildrenCache$9.run(PathChildrenCache.java:786)
	at java.util.concurrent.Executors$RunnableAdapter.call(Executors.java:511)
	at java.util.concurrent.FutureTask.run(FutureTask.java:266)
	at java.util.concurrent.Executors$RunnableAdapter.call(Executors.java:511)
	at java.util.concurrent.FutureTask.run(FutureTask.java:266)
	at java.util.concurrent.ThreadPoolExecutor.runWorker(ThreadPoolExecutor.java:1149)
	at java.util.concurrent.ThreadPoolExecutor$Worker.run(ThreadPoolExecutor.java:624)
	at java.lang.Thread.run(Thread.java:748)
2019-06-10T17:50:43.942+0000: 60.527: [GC (Allocation Failure) 2019-06-10T17:50:43.942+0000: 60.527: [DefNew: 136705K->741K(153600K), 0.0029915 secs] 180792K->44827K(494976K), 0.0030555 secs] [Times: user=0.01 sys=0.00, real=0.00 secs] 
Heap
 def new generation   total 153600K, used 14266K [0x00000000e0c00000, 0x00000000eb2a0000, 0x00000000eb2a0000)
  eden space 136576K,   9% used [0x00000000e0c00000, 0x00000000e19355b8, 0x00000000e9160000)
  from space 17024K,   4% used [0x00000000e9160000, 0x00000000e9219590, 0x00000000ea200000)
  to   space 17024K,   0% used [0x00000000ea200000, 0x00000000ea200000, 0x00000000eb2a0000)
 tenured generation   total 341376K, used 44086K [0x00000000eb2a0000, 0x0000000100000000, 0x0000000100000000)
   the space 341376K,  12% used [0x00000000eb2a0000, 0x00000000eddad920, 0x00000000eddada00, 0x0000000100000000)
 Metaspace       used 35898K, capacity 36838K, committed 37120K, reserved 1081344K
  class space    used 4825K, capacity 5043K, committed 5120K, reserved 1048576K
