00:26:18,471 |-INFO in ch.qos.logback.classic.LoggerContext[default] - Could NOT find resource [logback-test.xml]
00:26:18,471 |-INFO in ch.qos.logback.classic.LoggerContext[default] - Could NOT find resource [logback.groovy]
00:26:18,471 |-INFO in ch.qos.logback.classic.LoggerContext[default] - Found resource [logback.xml] at [jar:file:/home/nikitasokolov/flamestream/lib/flamestream-runtime-1.0-SNAPSHOT.jar!/logback.xml]
00:26:18,471 |-WARN in ch.qos.logback.classic.LoggerContext[default] - Resource [logback.xml] occurs multiple times on the classpath.
00:26:18,472 |-WARN in ch.qos.logback.classic.LoggerContext[default] - Resource [logback.xml] occurs at [jar:file:/home/nikitasokolov/flamestream/lib/flamestream-runtime-1.0-SNAPSHOT.jar!/logback.xml]
00:26:18,472 |-WARN in ch.qos.logback.classic.LoggerContext[default] - Resource [logback.xml] occurs at [jar:file:/home/nikitasokolov/flamestream/flamestream-runtime-1.0-SNAPSHOT.jar!/logback.xml]
00:26:18,488 |-INFO in ch.qos.logback.core.joran.spi.ConfigurationWatchList@6108b2d7 - URL [jar:file:/home/nikitasokolov/flamestream/lib/flamestream-runtime-1.0-SNAPSHOT.jar!/logback.xml] is not of type file
00:26:18,538 |-INFO in ch.qos.logback.classic.joran.action.ConfigurationAction - debug attribute not set
00:26:18,538 |-INFO in ch.qos.logback.core.joran.action.AppenderAction - About to instantiate appender of type [ch.qos.logback.core.ConsoleAppender]
00:26:18,546 |-INFO in ch.qos.logback.core.joran.action.AppenderAction - Naming appender as [STDOUT]
00:26:18,554 |-INFO in ch.qos.logback.core.joran.action.NestedComplexPropertyIA - Assuming default type [ch.qos.logback.classic.encoder.PatternLayoutEncoder] for [encoder] property
00:26:18,610 |-INFO in ch.qos.logback.core.joran.action.AppenderAction - About to instantiate appender of type [ch.qos.logback.core.rolling.RollingFileAppender]
00:26:18,615 |-INFO in ch.qos.logback.core.joran.action.AppenderAction - Naming appender as [FILE]
00:26:18,638 |-INFO in c.q.l.core.rolling.TimeBasedRollingPolicy@357863579 - No compression will be used
00:26:18,639 |-INFO in c.q.l.core.rolling.TimeBasedRollingPolicy@357863579 - Will use the pattern /tmp/application_%d{yyyy-MM-dd}.%i.log for the active file
00:26:18,642 |-INFO in ch.qos.logback.core.rolling.SizeAndTimeBasedFNATP@6bf256fa - The date pattern is 'yyyy-MM-dd' from file name pattern '/tmp/application_%d{yyyy-MM-dd}.%i.log'.
00:26:18,642 |-INFO in ch.qos.logback.core.rolling.SizeAndTimeBasedFNATP@6bf256fa - Roll-over at midnight.
00:26:18,646 |-INFO in ch.qos.logback.core.rolling.SizeAndTimeBasedFNATP@6bf256fa - Setting initial period to Sun Jun 09 00:25:35 MSK 2019
00:26:18,646 |-WARN in ch.qos.logback.core.rolling.SizeAndTimeBasedFNATP@6bf256fa - SizeAndTimeBasedFNATP is deprecated. Use SizeAndTimeBasedRollingPolicy instead
00:26:18,646 |-WARN in ch.qos.logback.core.rolling.SizeAndTimeBasedFNATP@6bf256fa - For more information see http://logback.qos.ch/manual/appenders.html#SizeAndTimeBasedRollingPolicy
00:26:18,650 |-INFO in ch.qos.logback.core.joran.action.NestedComplexPropertyIA - Assuming default type [ch.qos.logback.classic.encoder.PatternLayoutEncoder] for [encoder] property
00:26:18,653 |-INFO in ch.qos.logback.core.rolling.RollingFileAppender[FILE] - Active log file name: /tmp/application.log
00:26:18,653 |-INFO in ch.qos.logback.core.rolling.RollingFileAppender[FILE] - File property is set to [/tmp/application.log]
00:26:18,654 |-INFO in ch.qos.logback.classic.joran.action.RootLoggerAction - Setting level of ROOT logger to WARN
00:26:18,654 |-INFO in ch.qos.logback.core.joran.action.AppenderRefAction - Attaching appender named [STDOUT] to Logger[ROOT]
00:26:18,655 |-INFO in ch.qos.logback.core.joran.action.AppenderRefAction - Attaching appender named [FILE] to Logger[ROOT]
00:26:18,655 |-INFO in ch.qos.logback.classic.joran.action.ConfigurationAction - End of configuration.
00:26:18,655 |-INFO in ch.qos.logback.classic.joran.JoranConfigurator@6cd8737 - Registering current configuration as safe fallback point

2019-06-09T00:26:19.633+0300: 1.363: [GC (Metadata GC Threshold) [PSYoungGen: 108151K->15844K(149504K)] 108151K->15924K(491008K), 0.0209911 secs] [Times: user=0.10 sys=0.01, real=0.02 secs] 
2019-06-09T00:26:19.655+0300: 1.384: [Full GC (Metadata GC Threshold) [PSYoungGen: 15844K->0K(149504K)] [ParOldGen: 80K->14981K(341504K)] 15924K->14981K(491008K), [Metaspace: 20800K->20800K(1067008K)], 0.0297571 secs] [Times: user=0.20 sys=0.01, real=0.03 secs] 
00:26:28.742 [Curator-PathChildrenCache-1] WARN  o.a.c.u.ZKPaths  - The version of ZooKeeper being used doesn't support Container nodes. CreateMode.PERSISTENT will be used instead.
2019-06-09T00:26:29.678+0300: 11.407: [GC (Metadata GC Threshold) [PSYoungGen: 126001K->15948K(149504K)] 140983K->50469K(491008K), 0.0317415 secs] [Times: user=0.28 sys=0.01, real=0.02 secs] 
2019-06-09T00:26:29.710+0300: 11.439: [Full GC (Metadata GC Threshold) [PSYoungGen: 15948K->0K(149504K)] [ParOldGen: 34521K->38997K(341504K)] 50469K->38997K(491008K), [Metaspace: 34569K->34569K(1079296K)], 0.0330865 secs] [Times: user=0.18 sys=0.01, real=0.03 secs] 
2019-06-09T00:26:31.687+0300: 13.417: [GC (Allocation Failure) [PSYoungGen: 128512K->640K(149504K)] 167509K->39645K(491008K), 0.0033705 secs] [Times: user=0.02 sys=0.00, real=0.01 secs] 
2019-06-09T00:26:33.731+0300: 15.461: [GC (Allocation Failure) [PSYoungGen: 129152K->576K(149504K)] 168157K->39589K(491008K), 0.0036655 secs] [Times: user=0.01 sys=0.00, real=0.00 secs] 
2019-06-09T00:26:35.626+0300: 17.355: [GC (Allocation Failure) [PSYoungGen: 129088K->672K(129536K)] 168101K->39693K(471040K), 0.0039109 secs] [Times: user=0.03 sys=0.00, real=0.01 secs] 
2019-06-09T00:26:37.299+0300: 19.028: [GC (Allocation Failure) [PSYoungGen: 129184K->640K(150016K)] 168205K->39661K(491520K), 0.0033567 secs] [Times: user=0.02 sys=0.01, real=0.00 secs] 
2019-06-09T00:26:38.788+0300: 20.518: [GC (Allocation Failure) [PSYoungGen: 129152K->576K(148992K)] 168173K->39605K(490496K), 0.0547367 secs] [Times: user=0.01 sys=0.01, real=0.06 secs] 
2019-06-09T00:26:40.021+0300: 21.751: [GC (Allocation Failure) [PSYoungGen: 129088K->576K(151552K)] 168117K->39613K(493056K), 0.0034386 secs] [Times: user=0.01 sys=0.01, real=0.00 secs] 
2019-06-09T00:26:41.973+0300: 23.703: [GC (Allocation Failure) [PSYoungGen: 132160K->640K(150528K)] 171197K->39685K(492032K), 0.0050390 secs] [Times: user=0.03 sys=0.00, real=0.01 secs] 
2019-06-09T00:26:43.143+0300: 24.873: [GC (Allocation Failure) [PSYoungGen: 132224K->640K(153088K)] 171269K->39693K(494592K), 0.0026316 secs] [Times: user=0.02 sys=0.00, real=0.00 secs] 
2019-06-09T00:26:44.770+0300: 26.500: [GC (Allocation Failure) [PSYoungGen: 135808K->576K(152576K)] 174861K->39629K(494080K), 0.0032763 secs] [Times: user=0.02 sys=0.01, real=0.00 secs] 
2019-06-09T00:26:46.302+0300: 28.032: [GC (Allocation Failure) [PSYoungGen: 135744K->544K(154624K)] 174797K->39597K(496128K), 0.0021541 secs] [Times: user=0.01 sys=0.00, real=0.00 secs] 
2019-06-09T00:26:47.480+0300: 29.210: [GC (Allocation Failure) [PSYoungGen: 138784K->640K(154112K)] 177837K->39701K(495616K), 0.0039770 secs] [Times: user=0.02 sys=0.00, real=0.00 secs] 
2019-06-09T00:26:48.899+0300: 30.629: [GC (Allocation Failure) [PSYoungGen: 138880K->896K(156672K)] 177941K->39965K(498176K), 0.0037966 secs] [Times: user=0.02 sys=0.00, real=0.00 secs] 
2019-06-09T00:26:50.132+0300: 31.861: [GC (Allocation Failure) [PSYoungGen: 142720K->1024K(155648K)] 181789K->40101K(497152K), 0.0036247 secs] [Times: user=0.02 sys=0.00, real=0.00 secs] 
2019-06-09T00:26:51.721+0300: 33.451: [GC (Allocation Failure) [PSYoungGen: 142848K->928K(158208K)] 181925K->40005K(499712K), 0.0031704 secs] [Times: user=0.01 sys=0.00, real=0.00 secs] 
2019-06-09T00:26:53.370+0300: 35.100: [GC (Allocation Failure) [PSYoungGen: 145824K->928K(157184K)] 184901K->40005K(498688K), 0.0028289 secs] [Times: user=0.01 sys=0.00, real=0.00 secs] 
2019-06-09T00:26:55.133+0300: 36.862: [GC (Allocation Failure) [PSYoungGen: 145824K->832K(159232K)] 184901K->40205K(500736K), 0.0609316 secs] [Times: user=0.01 sys=0.02, real=0.06 secs] 
2019-06-09T00:26:57.470+0300: 39.200: [GC (Allocation Failure) [PSYoungGen: 148288K->704K(158720K)] 187661K->40125K(500224K), 0.0029135 secs] [Times: user=0.01 sys=0.00, real=0.00 secs] 
00:27:04.873 [Curator-PathChildrenCache-0] ERROR o.a.c.f.r.c.PathChildrenCache  - 
java.lang.IllegalStateException: instance must be started before calling this method
	at org.apache.curator.shaded.com.google.common.base.Preconditions.checkState(Preconditions.java:444)
	at org.apache.curator.framework.imps.CuratorFrameworkImpl.getChildren(CuratorFrameworkImpl.java:456)
	at org.apache.curator.framework.recipes.cache.PathChildrenCache.refresh(PathChildrenCache.java:521)
	at org.apache.curator.framework.recipes.cache.RefreshOperation.invoke(RefreshOperation.java:35)
	at org.apache.curator.framework.recipes.cache.PathChildrenCache$9.run(PathChildrenCache.java:786)
	at java.util.concurrent.Executors$RunnableAdapter.call(Executors.java:511)
	at java.util.concurrent.FutureTask.run(FutureTask.java:266)
	at java.util.concurrent.Executors$RunnableAdapter.call(Executors.java:511)
	at java.util.concurrent.FutureTask.run(FutureTask.java:266)
	at java.util.concurrent.ThreadPoolExecutor.runWorker(ThreadPoolExecutor.java:1149)
	at java.util.concurrent.ThreadPoolExecutor$Worker.run(ThreadPoolExecutor.java:624)
	at java.lang.Thread.run(Thread.java:748)
Heap
 PSYoungGen      total 158720K, used 80059K [0x00000000f5980000, 0x0000000100000000, 0x0000000100000000)
  eden space 147456K, 53% used [0x00000000f5980000,0x00000000fa6fec50,0x00000000fe980000)
  from space 11264K, 6% used [0x00000000fe980000,0x00000000fea300a0,0x00000000ff480000)
  to   space 10240K, 0% used [0x00000000ff600000,0x00000000ff600000,0x0000000100000000)
 ParOldGen       total 341504K, used 39421K [0x00000000e0c00000, 0x00000000f5980000, 0x00000000f5980000)
  object space 341504K, 11% used [0x00000000e0c00000,0x00000000e327f4f0,0x00000000f5980000)
 Metaspace       used 35789K, capacity 36622K, committed 36952K, reserved 1081344K
  class space    used 4935K, capacity 5129K, committed 5248K, reserved 1048576K
