09:00:31,127 |-INFO in ch.qos.logback.classic.LoggerContext[default] - Could NOT find resource [logback-test.xml]
09:00:31,127 |-INFO in ch.qos.logback.classic.LoggerContext[default] - Could NOT find resource [logback.groovy]
09:00:31,127 |-INFO in ch.qos.logback.classic.LoggerContext[default] - Found resource [logback.xml] at [jar:file:/home/nikitasokolov/flamestream/lib/flamestream-runtime-1.0-SNAPSHOT.jar!/logback.xml]
09:00:31,128 |-WARN in ch.qos.logback.classic.LoggerContext[default] - Resource [logback.xml] occurs multiple times on the classpath.
09:00:31,128 |-WARN in ch.qos.logback.classic.LoggerContext[default] - Resource [logback.xml] occurs at [jar:file:/home/nikitasokolov/flamestream/lib/flamestream-runtime-1.0-SNAPSHOT.jar!/logback.xml]
09:00:31,128 |-WARN in ch.qos.logback.classic.LoggerContext[default] - Resource [logback.xml] occurs at [jar:file:/home/nikitasokolov/flamestream/flamestream-runtime-1.0-SNAPSHOT.jar!/logback.xml]
09:00:31,146 |-INFO in ch.qos.logback.core.joran.spi.ConfigurationWatchList@6108b2d7 - URL [jar:file:/home/nikitasokolov/flamestream/lib/flamestream-runtime-1.0-SNAPSHOT.jar!/logback.xml] is not of type file
09:00:31,197 |-INFO in ch.qos.logback.classic.joran.action.ConfigurationAction - debug attribute not set
09:00:31,198 |-INFO in ch.qos.logback.core.joran.action.AppenderAction - About to instantiate appender of type [ch.qos.logback.core.ConsoleAppender]
09:00:31,206 |-INFO in ch.qos.logback.core.joran.action.AppenderAction - Naming appender as [STDOUT]
09:00:31,215 |-INFO in ch.qos.logback.core.joran.action.NestedComplexPropertyIA - Assuming default type [ch.qos.logback.classic.encoder.PatternLayoutEncoder] for [encoder] property
09:00:31,271 |-INFO in ch.qos.logback.core.joran.action.AppenderAction - About to instantiate appender of type [ch.qos.logback.core.rolling.RollingFileAppender]
09:00:31,277 |-INFO in ch.qos.logback.core.joran.action.AppenderAction - Naming appender as [FILE]
09:00:31,301 |-INFO in c.q.l.core.rolling.TimeBasedRollingPolicy@357863579 - No compression will be used
09:00:31,303 |-INFO in c.q.l.core.rolling.TimeBasedRollingPolicy@357863579 - Will use the pattern /tmp/application_%d{yyyy-MM-dd}.%i.log for the active file
09:00:31,306 |-INFO in ch.qos.logback.core.rolling.SizeAndTimeBasedFNATP@6bf256fa - The date pattern is 'yyyy-MM-dd' from file name pattern '/tmp/application_%d{yyyy-MM-dd}.%i.log'.
09:00:31,306 |-INFO in ch.qos.logback.core.rolling.SizeAndTimeBasedFNATP@6bf256fa - Roll-over at midnight.
09:00:31,311 |-INFO in ch.qos.logback.core.rolling.SizeAndTimeBasedFNATP@6bf256fa - Setting initial period to Sun Jun 09 08:59:41 MSK 2019
09:00:31,311 |-WARN in ch.qos.logback.core.rolling.SizeAndTimeBasedFNATP@6bf256fa - SizeAndTimeBasedFNATP is deprecated. Use SizeAndTimeBasedRollingPolicy instead
09:00:31,311 |-WARN in ch.qos.logback.core.rolling.SizeAndTimeBasedFNATP@6bf256fa - For more information see http://logback.qos.ch/manual/appenders.html#SizeAndTimeBasedRollingPolicy
09:00:31,317 |-INFO in ch.qos.logback.core.joran.action.NestedComplexPropertyIA - Assuming default type [ch.qos.logback.classic.encoder.PatternLayoutEncoder] for [encoder] property
09:00:31,321 |-INFO in ch.qos.logback.core.rolling.RollingFileAppender[FILE] - Active log file name: /tmp/application.log
09:00:31,321 |-INFO in ch.qos.logback.core.rolling.RollingFileAppender[FILE] - File property is set to [/tmp/application.log]
09:00:31,322 |-INFO in ch.qos.logback.classic.joran.action.RootLoggerAction - Setting level of ROOT logger to WARN
09:00:31,322 |-INFO in ch.qos.logback.core.joran.action.AppenderRefAction - Attaching appender named [STDOUT] to Logger[ROOT]
09:00:31,323 |-INFO in ch.qos.logback.core.joran.action.AppenderRefAction - Attaching appender named [FILE] to Logger[ROOT]
09:00:31,323 |-INFO in ch.qos.logback.classic.joran.action.ConfigurationAction - End of configuration.
09:00:31,324 |-INFO in ch.qos.logback.classic.joran.JoranConfigurator@6cd8737 - Registering current configuration as safe fallback point

2019-06-09T09:00:32.307+0300: 1.383: [GC (Metadata GC Threshold) [PSYoungGen: 105581K->15723K(149504K)] 105581K->15803K(491008K), 0.0211331 secs] [Times: user=0.09 sys=0.03, real=0.02 secs] 
2019-06-09T09:00:32.328+0300: 1.404: [Full GC (Metadata GC Threshold) [PSYoungGen: 15723K->0K(149504K)] [ParOldGen: 80K->14981K(341504K)] 15803K->14981K(491008K), [Metaspace: 20800K->20800K(1067008K)], 0.0248797 secs] [Times: user=0.16 sys=0.01, real=0.03 secs] 
09:00:43.088 [Curator-PathChildrenCache-1] WARN  o.a.c.u.ZKPaths  - The version of ZooKeeper being used doesn't support Container nodes. CreateMode.PERSISTENT will be used instead.
2019-06-09T09:00:44.017+0300: 13.093: [GC (Metadata GC Threshold) [PSYoungGen: 125662K->15773K(149504K)] 140644K->50294K(491008K), 0.0333802 secs] [Times: user=0.27 sys=0.03, real=0.04 secs] 
2019-06-09T09:00:44.051+0300: 13.127: [Full GC (Metadata GC Threshold) [PSYoungGen: 15773K->0K(149504K)] [ParOldGen: 34520K->38642K(341504K)] 50294K->38642K(491008K), [Metaspace: 34543K->34543K(1079296K)], 0.0523409 secs] [Times: user=0.35 sys=0.02, real=0.05 secs] 
2019-06-09T09:00:48.365+0300: 17.440: [GC (Allocation Failure) [PSYoungGen: 128512K->416K(149504K)] 167154K->39066K(491008K), 0.0061309 secs] [Times: user=0.05 sys=0.01, real=0.01 secs] 
2019-06-09T09:00:53.346+0300: 22.422: [GC (Allocation Failure) [PSYoungGen: 128928K->512K(149504K)] 167578K->39170K(491008K), 0.0044857 secs] [Times: user=0.02 sys=0.01, real=0.01 secs] 
2019-06-09T09:00:58.348+0300: 27.424: [GC (Allocation Failure) [PSYoungGen: 129024K->448K(129024K)] 167682K->39114K(470528K), 0.0045615 secs] [Times: user=0.03 sys=0.00, real=0.01 secs] 
2019-06-09T09:01:03.376+0300: 32.452: [GC (Allocation Failure) [PSYoungGen: 128960K->480K(150016K)] 167626K->39154K(491520K), 0.0044716 secs] [Times: user=0.01 sys=0.00, real=0.01 secs] 
2019-06-09T09:01:08.419+0300: 37.495: [GC (Allocation Failure) [PSYoungGen: 128992K->544K(148992K)] 167666K->39226K(490496K), 0.0023335 secs] [Times: user=0.01 sys=0.00, real=0.00 secs] 
2019-06-09T09:01:13.471+0300: 42.547: [GC (Allocation Failure) [PSYoungGen: 129056K->544K(152064K)] 167738K->39234K(493568K), 0.0042527 secs] [Times: user=0.03 sys=0.00, real=0.00 secs] 
2019-06-09T09:01:18.703+0300: 47.778: [GC (Allocation Failure) [PSYoungGen: 133152K->512K(151040K)] 171842K->39210K(492544K), 0.0705804 secs] [Times: user=0.02 sys=0.01, real=0.07 secs] 
2019-06-09T09:01:23.929+0300: 53.004: [GC (Allocation Failure) [PSYoungGen: 133120K->672K(153600K)] 171818K->39378K(495104K), 0.0030516 secs] [Times: user=0.01 sys=0.01, real=0.01 secs] 
2019-06-09T09:01:29.287+0300: 58.386: [GC (Allocation Failure) [PSYoungGen: 136352K->640K(152576K)] 175058K->39354K(494080K), 0.0261760 secs] [Times: user=0.02 sys=0.00, real=0.03 secs] 
2019-06-09T09:01:35.093+0300: 64.174: [GC (Allocation Failure) [PSYoungGen: 136320K->1015K(155136K)] 175034K->39737K(496640K), 0.0092207 secs] [Times: user=0.01 sys=0.01, real=0.01 secs] 
2019-06-09T09:01:42.031+0300: 71.107: [GC (Allocation Failure) [PSYoungGen: 139767K->640K(154112K)] 178489K->39370K(495616K), 0.0028843 secs] [Times: user=0.02 sys=0.00, real=0.00 secs] 
09:01:55.643 [Curator-PathChildrenCache-0] ERROR o.a.c.f.r.c.PathChildrenCache  - 
java.lang.IllegalStateException: instance must be started before calling this method
	at org.apache.curator.shaded.com.google.common.base.Preconditions.checkState(Preconditions.java:444)
	at org.apache.curator.framework.imps.CuratorFrameworkImpl.getChildren(CuratorFrameworkImpl.java:456)
	at org.apache.curator.framework.recipes.cache.PathChildrenCache.refresh(PathChildrenCache.java:521)
	at org.apache.curator.framework.recipes.cache.RefreshOperation.invoke(RefreshOperation.java:35)
	at org.apache.curator.framework.recipes.cache.PathChildrenCache$9.run(PathChildrenCache.java:786)
	at java.util.concurrent.Executors$RunnableAdapter.call(Executors.java:511)
	at java.util.concurrent.FutureTask.run(FutureTask.java:266)
	at java.util.concurrent.Executors$RunnableAdapter.call(Executors.java:511)
	at java.util.concurrent.FutureTask.run(FutureTask.java:266)
	at java.util.concurrent.ThreadPoolExecutor.runWorker(ThreadPoolExecutor.java:1149)
	at java.util.concurrent.ThreadPoolExecutor$Worker.run(ThreadPoolExecutor.java:624)
	at java.lang.Thread.run(Thread.java:748)
Heap
 PSYoungGen      total 154112K, used 56313K [0x00000000f5980000, 0x0000000100000000, 0x0000000100000000)
  eden space 138752K, 40% used [0x00000000f5980000,0x00000000f8fde538,0x00000000fe100000)
  from space 15360K, 4% used [0x00000000fe100000,0x00000000fe1a0080,0x00000000ff000000)
  to   space 14336K, 0% used [0x00000000ff200000,0x00000000ff200000,0x0000000100000000)
 ParOldGen       total 341504K, used 38730K [0x00000000e0c00000, 0x00000000f5980000, 0x00000000f5980000)
  object space 341504K, 11% used [0x00000000e0c00000,0x00000000e31d2848,0x00000000f5980000)
 Metaspace       used 36156K, capacity 37022K, committed 37208K, reserved 1081344K
  class space    used 4978K, capacity 5161K, committed 5248K, reserved 1048576K
