12:59:25,896 |-INFO in ch.qos.logback.classic.LoggerContext[default] - Could NOT find resource [logback-test.xml]
12:59:25,896 |-INFO in ch.qos.logback.classic.LoggerContext[default] - Could NOT find resource [logback.groovy]
12:59:25,896 |-INFO in ch.qos.logback.classic.LoggerContext[default] - Found resource [logback.xml] at [jar:file:/root/flamestream/lib/flamestream-runtime-1.0-SNAPSHOT.jar!/logback.xml]
12:59:25,897 |-WARN in ch.qos.logback.classic.LoggerContext[default] - Resource [logback.xml] occurs multiple times on the classpath.
12:59:25,897 |-WARN in ch.qos.logback.classic.LoggerContext[default] - Resource [logback.xml] occurs at [jar:file:/root/flamestream/lib/flamestream-runtime-1.0-SNAPSHOT.jar!/logback.xml]
12:59:25,897 |-WARN in ch.qos.logback.classic.LoggerContext[default] - Resource [logback.xml] occurs at [jar:file:/root/flamestream/flamestream-runtime-1.0-SNAPSHOT.jar!/logback.xml]
12:59:25,917 |-INFO in ch.qos.logback.core.joran.spi.ConfigurationWatchList@3fb6a447 - URL [jar:file:/root/flamestream/lib/flamestream-runtime-1.0-SNAPSHOT.jar!/logback.xml] is not of type file
12:59:25,993 |-INFO in ch.qos.logback.classic.joran.action.ConfigurationAction - debug attribute not set
12:59:25,993 |-INFO in ch.qos.logback.core.joran.action.AppenderAction - About to instantiate appender of type [ch.qos.logback.core.ConsoleAppender]
12:59:26,008 |-INFO in ch.qos.logback.core.joran.action.AppenderAction - Naming appender as [STDOUT]
12:59:26,026 |-INFO in ch.qos.logback.core.joran.action.NestedComplexPropertyIA - Assuming default type [ch.qos.logback.classic.encoder.PatternLayoutEncoder] for [encoder] property
12:59:26,113 |-INFO in ch.qos.logback.core.joran.action.AppenderAction - About to instantiate appender of type [ch.qos.logback.core.rolling.RollingFileAppender]
12:59:26,118 |-INFO in ch.qos.logback.core.joran.action.AppenderAction - Naming appender as [FILE]
12:59:26,150 |-INFO in c.q.l.core.rolling.TimeBasedRollingPolicy@127618319 - No compression will be used
12:59:26,151 |-INFO in c.q.l.core.rolling.TimeBasedRollingPolicy@127618319 - Will use the pattern /tmp/application_%d{yyyy-MM-dd}.%i.log for the active file
12:59:26,154 |-INFO in ch.qos.logback.core.rolling.SizeAndTimeBasedFNATP@6b2fad11 - The date pattern is 'yyyy-MM-dd' from file name pattern '/tmp/application_%d{yyyy-MM-dd}.%i.log'.
12:59:26,154 |-INFO in ch.qos.logback.core.rolling.SizeAndTimeBasedFNATP@6b2fad11 - Roll-over at midnight.
12:59:26,159 |-INFO in ch.qos.logback.core.rolling.SizeAndTimeBasedFNATP@6b2fad11 - Setting initial period to Mon Jun 10 12:55:02 UTC 2019
12:59:26,160 |-WARN in ch.qos.logback.core.rolling.SizeAndTimeBasedFNATP@6b2fad11 - SizeAndTimeBasedFNATP is deprecated. Use SizeAndTimeBasedRollingPolicy instead
12:59:26,160 |-WARN in ch.qos.logback.core.rolling.SizeAndTimeBasedFNATP@6b2fad11 - For more information see http://logback.qos.ch/manual/appenders.html#SizeAndTimeBasedRollingPolicy
12:59:26,163 |-INFO in ch.qos.logback.core.joran.action.NestedComplexPropertyIA - Assuming default type [ch.qos.logback.classic.encoder.PatternLayoutEncoder] for [encoder] property
12:59:26,168 |-INFO in ch.qos.logback.core.rolling.RollingFileAppender[FILE] - Active log file name: /tmp/application.log
12:59:26,168 |-INFO in ch.qos.logback.core.rolling.RollingFileAppender[FILE] - File property is set to [/tmp/application.log]
12:59:26,169 |-INFO in ch.qos.logback.classic.joran.action.RootLoggerAction - Setting level of ROOT logger to WARN
12:59:26,169 |-INFO in ch.qos.logback.core.joran.action.AppenderRefAction - Attaching appender named [STDOUT] to Logger[ROOT]
12:59:26,171 |-INFO in ch.qos.logback.core.joran.action.AppenderRefAction - Attaching appender named [FILE] to Logger[ROOT]
12:59:26,171 |-INFO in ch.qos.logback.classic.joran.action.ConfigurationAction - End of configuration.
12:59:26,172 |-INFO in ch.qos.logback.classic.joran.JoranConfigurator@79698539 - Registering current configuration as safe fallback point

Ama winner
Ama winner
2019-06-10T12:59:27.534+0000: 1.831: [Full GC (Metadata GC Threshold) 2019-06-10T12:59:27.534+0000: 1.831: [Tenured: 0K->15209K(341376K), 0.0409383 secs] 114987K->15209K(494976K), [Metaspace: 20738K->20738K(1067008K)], 0.0410053 secs] [Times: user=0.04 sys=0.00, real=0.04 secs] 
12:59:46.772 [Curator-PathChildrenCache-1] WARN  o.a.c.u.ZKPaths  - The version of ZooKeeper being used doesn't support Container nodes. CreateMode.PERSISTENT will be used instead.
2019-06-10T12:59:48.777+0000: 23.075: [GC (Allocation Failure) 2019-06-10T12:59:48.777+0000: 23.075: [DefNew: 117117K->17024K(153600K), 0.0178448 secs] 132326K->32770K(494976K), 0.0179085 secs] [Times: user=0.01 sys=0.01, real=0.01 secs] 
2019-06-10T12:59:50.457+0000: 24.754: [Full GC (Metadata GC Threshold) 2019-06-10T12:59:50.457+0000: 24.754: [Tenured: 15746K->44114K(341376K), 0.0746373 secs] 79119K->44114K(494976K), [Metaspace: 34646K->34646K(1079296K)], 0.0747147 secs] [Times: user=0.07 sys=0.00, real=0.07 secs] 
2019-06-10T13:00:00.077+0000: 34.375: [GC (Allocation Failure) 2019-06-10T13:00:00.077+0000: 34.375: [DefNew: 136576K->72K(153600K), 0.0021386 secs] 180690K->44187K(494976K), 0.0022098 secs] [Times: user=0.01 sys=0.00, real=0.00 secs] 
2019-06-10T13:00:09.891+0000: 44.189: [GC (Allocation Failure) 2019-06-10T13:00:09.891+0000: 44.189: [DefNew: 136648K->71K(153600K), 0.0019935 secs] 180763K->44186K(494976K), 0.0020526 secs] [Times: user=0.00 sys=0.00, real=0.00 secs] 
2019-06-10T13:00:19.764+0000: 54.062: [GC (Allocation Failure) 2019-06-10T13:00:19.764+0000: 54.062: [DefNew: 136647K->71K(153600K), 0.0019107 secs] 180762K->44186K(494976K), 0.0019721 secs] [Times: user=0.00 sys=0.00, real=0.00 secs] 
2019-06-10T13:00:29.719+0000: 64.017: [GC (Allocation Failure) 2019-06-10T13:00:29.720+0000: 64.017: [DefNew: 136647K->414K(153600K), 0.0023398 secs] 180762K->44529K(494976K), 0.0031489 secs] [Times: user=0.00 sys=0.00, real=0.00 secs] 
2019-06-10T13:00:41.915+0000: 76.213: [GC (Allocation Failure) 2019-06-10T13:00:41.915+0000: 76.213: [DefNew: 136990K->168K(153600K), 0.0022222 secs] 181105K->44283K(494976K), 0.0022967 secs] [Times: user=0.01 sys=0.00, real=0.01 secs] 
2019-06-10T13:00:54.177+0000: 88.474: [GC (Allocation Failure) 2019-06-10T13:00:54.177+0000: 88.474: [DefNew: 136744K->163K(153600K), 0.0021189 secs] 180859K->44278K(494976K), 0.0021781 secs] [Times: user=0.00 sys=0.00, real=0.00 secs] 
2019-06-10T13:01:07.742+0000: 102.040: [GC (Allocation Failure) 2019-06-10T13:01:07.742+0000: 102.040: [DefNew: 136739K->165K(153600K), 0.0023446 secs] 180854K->44280K(494976K), 0.0024108 secs] [Times: user=0.00 sys=0.00, real=0.00 secs] 
13:01:19.450 [Curator-PathChildrenCache-0] ERROR o.a.c.f.r.c.PathChildrenCache  - 
java.lang.IllegalStateException: instance must be started before calling this method
	at org.apache.curator.shaded.com.google.common.base.Preconditions.checkState(Preconditions.java:444)
	at org.apache.curator.framework.imps.CuratorFrameworkImpl.getChildren(CuratorFrameworkImpl.java:456)
	at org.apache.curator.framework.recipes.cache.PathChildrenCache.refresh(PathChildrenCache.java:521)
	at org.apache.curator.framework.recipes.cache.RefreshOperation.invoke(RefreshOperation.java:35)
	at org.apache.curator.framework.recipes.cache.PathChildrenCache$9.run(PathChildrenCache.java:786)
	at java.util.concurrent.Executors$RunnableAdapter.call(Executors.java:511)
	at java.util.concurrent.FutureTask.run(FutureTask.java:266)
	at java.util.concurrent.Executors$RunnableAdapter.call(Executors.java:511)
	at java.util.concurrent.FutureTask.run(FutureTask.java:266)
	at java.util.concurrent.ThreadPoolExecutor.runWorker(ThreadPoolExecutor.java:1149)
	at java.util.concurrent.ThreadPoolExecutor$Worker.run(ThreadPoolExecutor.java:624)
	at java.lang.Thread.run(Thread.java:748)
Heap
 def new generation   total 153600K, used 55815K [0x00000000e0c00000, 0x00000000eb2a0000, 0x00000000eb2a0000)
  eden space 136576K,  40% used [0x00000000e0c00000, 0x00000000e4258a58, 0x00000000e9160000)
  from space 17024K,   0% used [0x00000000e9160000, 0x00000000e91894c0, 0x00000000ea200000)
  to   space 17024K,   0% used [0x00000000ea200000, 0x00000000ea200000, 0x00000000eb2a0000)
 tenured generation   total 341376K, used 44114K [0x00000000eb2a0000, 0x0000000100000000, 0x0000000100000000)
   the space 341376K,  12% used [0x00000000eb2a0000, 0x00000000eddb4bc8, 0x00000000eddb4c00, 0x0000000100000000)
 Metaspace       used 36286K, capacity 37232K, committed 37376K, reserved 1081344K
  class space    used 4883K, capacity 5082K, committed 5120K, reserved 1048576K
