08:07:47,401 |-INFO in ch.qos.logback.classic.LoggerContext[default] - Could NOT find resource [logback-test.xml]
08:07:47,401 |-INFO in ch.qos.logback.classic.LoggerContext[default] - Could NOT find resource [logback.groovy]
08:07:47,401 |-INFO in ch.qos.logback.classic.LoggerContext[default] - Found resource [logback.xml] at [jar:file:/root/flamestream/lib/flamestream-runtime-1.0-SNAPSHOT.jar!/logback.xml]
08:07:47,402 |-WARN in ch.qos.logback.classic.LoggerContext[default] - Resource [logback.xml] occurs multiple times on the classpath.
08:07:47,402 |-WARN in ch.qos.logback.classic.LoggerContext[default] - Resource [logback.xml] occurs at [jar:file:/root/flamestream/lib/flamestream-runtime-1.0-SNAPSHOT.jar!/logback.xml]
08:07:47,402 |-WARN in ch.qos.logback.classic.LoggerContext[default] - Resource [logback.xml] occurs at [jar:file:/root/flamestream/flamestream-runtime-1.0-SNAPSHOT.jar!/logback.xml]
08:07:47,423 |-INFO in ch.qos.logback.core.joran.spi.ConfigurationWatchList@3fb6a447 - URL [jar:file:/root/flamestream/lib/flamestream-runtime-1.0-SNAPSHOT.jar!/logback.xml] is not of type file
08:07:47,489 |-INFO in ch.qos.logback.classic.joran.action.ConfigurationAction - debug attribute not set
08:07:47,490 |-INFO in ch.qos.logback.core.joran.action.AppenderAction - About to instantiate appender of type [ch.qos.logback.core.ConsoleAppender]
08:07:47,506 |-INFO in ch.qos.logback.core.joran.action.AppenderAction - Naming appender as [STDOUT]
08:07:47,519 |-INFO in ch.qos.logback.core.joran.action.NestedComplexPropertyIA - Assuming default type [ch.qos.logback.classic.encoder.PatternLayoutEncoder] for [encoder] property
08:07:47,622 |-INFO in ch.qos.logback.core.joran.action.AppenderAction - About to instantiate appender of type [ch.qos.logback.core.rolling.RollingFileAppender]
08:07:47,627 |-INFO in ch.qos.logback.core.joran.action.AppenderAction - Naming appender as [FILE]
08:07:47,663 |-INFO in c.q.l.core.rolling.TimeBasedRollingPolicy@127618319 - No compression will be used
08:07:47,664 |-INFO in c.q.l.core.rolling.TimeBasedRollingPolicy@127618319 - Will use the pattern /tmp/application_%d{yyyy-MM-dd}.%i.log for the active file
08:07:47,667 |-INFO in ch.qos.logback.core.rolling.SizeAndTimeBasedFNATP@6b2fad11 - The date pattern is 'yyyy-MM-dd' from file name pattern '/tmp/application_%d{yyyy-MM-dd}.%i.log'.
08:07:47,667 |-INFO in ch.qos.logback.core.rolling.SizeAndTimeBasedFNATP@6b2fad11 - Roll-over at midnight.
08:07:47,672 |-INFO in ch.qos.logback.core.rolling.SizeAndTimeBasedFNATP@6b2fad11 - Setting initial period to Tue Jun 11 08:06:20 UTC 2019
08:07:47,672 |-WARN in ch.qos.logback.core.rolling.SizeAndTimeBasedFNATP@6b2fad11 - SizeAndTimeBasedFNATP is deprecated. Use SizeAndTimeBasedRollingPolicy instead
08:07:47,672 |-WARN in ch.qos.logback.core.rolling.SizeAndTimeBasedFNATP@6b2fad11 - For more information see http://logback.qos.ch/manual/appenders.html#SizeAndTimeBasedRollingPolicy
08:07:47,676 |-INFO in ch.qos.logback.core.joran.action.NestedComplexPropertyIA - Assuming default type [ch.qos.logback.classic.encoder.PatternLayoutEncoder] for [encoder] property
08:07:47,681 |-INFO in ch.qos.logback.core.rolling.RollingFileAppender[FILE] - Active log file name: /tmp/application.log
08:07:47,681 |-INFO in ch.qos.logback.core.rolling.RollingFileAppender[FILE] - File property is set to [/tmp/application.log]
08:07:47,682 |-INFO in ch.qos.logback.classic.joran.action.RootLoggerAction - Setting level of ROOT logger to WARN
08:07:47,682 |-INFO in ch.qos.logback.core.joran.action.AppenderRefAction - Attaching appender named [STDOUT] to Logger[ROOT]
08:07:47,684 |-INFO in ch.qos.logback.core.joran.action.AppenderRefAction - Attaching appender named [FILE] to Logger[ROOT]
08:07:47,684 |-INFO in ch.qos.logback.classic.joran.action.ConfigurationAction - End of configuration.
08:07:47,684 |-INFO in ch.qos.logback.classic.joran.JoranConfigurator@79698539 - Registering current configuration as safe fallback point

Ama winner
Ama winner
2019-06-11T08:07:48.961+0000: 1.740: [Full GC (Metadata GC Threshold) 2019-06-11T08:07:48.961+0000: 1.740: [Tenured: 0K->15176K(341376K), 0.0353893 secs] 114923K->15176K(494976K), [Metaspace: 20731K->20731K(1067008K)], 0.0354546 secs] [Times: user=0.03 sys=0.01, real=0.04 secs] 
08:08:05.762 [Curator-PathChildrenCache-1] WARN  o.a.c.u.ZKPaths  - The version of ZooKeeper being used doesn't support Container nodes. CreateMode.PERSISTENT will be used instead.
2019-06-11T08:08:07.878+0000: 20.657: [GC (Allocation Failure) 2019-06-11T08:08:07.878+0000: 20.657: [DefNew: 136576K->17023K(153600K), 0.0261453 secs] 151752K->52405K(494976K), 0.0262249 secs] [Times: user=0.02 sys=0.01, real=0.03 secs] 
2019-06-11T08:08:15.092+0000: 27.871: [GC (Allocation Failure) 2019-06-11T08:08:15.092+0000: 27.871: [DefNew: 153599K->325K(153600K), 0.0096759 secs] 188981K->43776K(494976K), 0.0097462 secs] [Times: user=0.01 sys=0.01, real=0.00 secs] 
2019-06-11T08:08:15.480+0000: 28.259: [Full GC (Metadata GC Threshold) 2019-06-11T08:08:15.480+0000: 28.259: [Tenured: 43451K->43740K(341376K), 0.0327083 secs] 54827K->43740K(494976K), [Metaspace: 34582K->34582K(1079296K)], 0.0327837 secs] [Times: user=0.04 sys=0.00, real=0.04 secs] 
2019-06-11T08:08:22.537+0000: 35.316: [GC (Allocation Failure) 2019-06-11T08:08:22.537+0000: 35.316: [DefNew: 136576K->51K(153600K), 0.0016919 secs] 180316K->43792K(494976K), 0.0017555 secs] [Times: user=0.00 sys=0.00, real=0.00 secs] 
2019-06-11T08:08:29.658+0000: 42.437: [GC (Allocation Failure) 2019-06-11T08:08:29.658+0000: 42.437: [DefNew: 136627K->51K(153600K), 0.0015937 secs] 180368K->43792K(494976K), 0.0016544 secs] [Times: user=0.00 sys=0.00, real=0.00 secs] 
2019-06-11T08:08:36.846+0000: 49.626: [GC (Allocation Failure) 2019-06-11T08:08:36.846+0000: 49.626: [DefNew: 136627K->50K(153600K), 0.0016232 secs] 180368K->43790K(494976K), 0.0016824 secs] [Times: user=0.00 sys=0.00, real=0.00 secs] 
2019-06-11T08:08:44.046+0000: 56.825: [GC (Allocation Failure) 2019-06-11T08:08:44.046+0000: 56.825: [DefNew: 136626K->53K(153600K), 0.0017301 secs] 180366K->43794K(494976K), 0.0017931 secs] [Times: user=0.00 sys=0.00, real=0.00 secs] 
2019-06-11T08:09:00.213+0000: 72.992: [GC (Allocation Failure) 2019-06-11T08:09:00.213+0000: 72.992: [DefNew: 136629K->661K(153600K), 0.0042732 secs] 180370K->44402K(494976K), 0.0043220 secs] [Times: user=0.01 sys=0.00, real=0.00 secs] 
08:09:00.236 [Curator-PathChildrenCache-0] ERROR o.a.c.f.r.c.PathChildrenCache  - 
java.lang.IllegalStateException: instance must be started before calling this method
	at org.apache.curator.shaded.com.google.common.base.Preconditions.checkState(Preconditions.java:444)
	at org.apache.curator.framework.imps.CuratorFrameworkImpl.getChildren(CuratorFrameworkImpl.java:456)
	at org.apache.curator.framework.recipes.cache.PathChildrenCache.refresh(PathChildrenCache.java:521)
	at org.apache.curator.framework.recipes.cache.RefreshOperation.invoke(RefreshOperation.java:35)
	at org.apache.curator.framework.recipes.cache.PathChildrenCache$9.run(PathChildrenCache.java:786)
	at java.util.concurrent.Executors$RunnableAdapter.call(Executors.java:511)
	at java.util.concurrent.FutureTask.run(FutureTask.java:266)
	at java.util.concurrent.Executors$RunnableAdapter.call(Executors.java:511)
	at java.util.concurrent.FutureTask.run(FutureTask.java:266)
	at java.util.concurrent.ThreadPoolExecutor.runWorker(ThreadPoolExecutor.java:1149)
	at java.util.concurrent.ThreadPoolExecutor$Worker.run(ThreadPoolExecutor.java:624)
	at java.lang.Thread.run(Thread.java:748)
Heap
 def new generation   total 153600K, used 16548K [0x00000000e0c00000, 0x00000000eb2a0000, 0x00000000eb2a0000)
  eden space 136576K,  11% used [0x00000000e0c00000, 0x00000000e1b839c8, 0x00000000e9160000)
  from space 17024K,   3% used [0x00000000ea200000, 0x00000000ea2a5638, 0x00000000eb2a0000)
  to   space 17024K,   0% used [0x00000000e9160000, 0x00000000e9160000, 0x00000000ea200000)
 tenured generation   total 341376K, used 43740K [0x00000000eb2a0000, 0x0000000100000000, 0x0000000100000000)
   the space 341376K,  12% used [0x00000000eb2a0000, 0x00000000edd57380, 0x00000000edd57400, 0x0000000100000000)
 Metaspace       used 36043K, capacity 36986K, committed 37120K, reserved 1081344K
  class space    used 4857K, capacity 5073K, committed 5120K, reserved 1048576K
