07:44:46,016 |-INFO in ch.qos.logback.classic.LoggerContext[default] - Could NOT find resource [logback-test.xml]
07:44:46,017 |-INFO in ch.qos.logback.classic.LoggerContext[default] - Could NOT find resource [logback.groovy]
07:44:46,017 |-INFO in ch.qos.logback.classic.LoggerContext[default] - Found resource [logback.xml] at [jar:file:/root/flamestream/lib/flamestream-runtime-1.0-SNAPSHOT.jar!/logback.xml]
07:44:46,036 |-WARN in ch.qos.logback.classic.LoggerContext[default] - Resource [logback.xml] occurs multiple times on the classpath.
07:44:46,037 |-WARN in ch.qos.logback.classic.LoggerContext[default] - Resource [logback.xml] occurs at [jar:file:/root/flamestream/lib/flamestream-runtime-1.0-SNAPSHOT.jar!/logback.xml]
07:44:46,037 |-WARN in ch.qos.logback.classic.LoggerContext[default] - Resource [logback.xml] occurs at [jar:file:/root/flamestream/flamestream-runtime-1.0-SNAPSHOT.jar!/logback.xml]
07:44:46,140 |-INFO in ch.qos.logback.core.joran.spi.ConfigurationWatchList@3fb6a447 - URL [jar:file:/root/flamestream/lib/flamestream-runtime-1.0-SNAPSHOT.jar!/logback.xml] is not of type file
07:44:46,469 |-INFO in ch.qos.logback.classic.joran.action.ConfigurationAction - debug attribute not set
07:44:46,469 |-INFO in ch.qos.logback.core.joran.action.AppenderAction - About to instantiate appender of type [ch.qos.logback.core.ConsoleAppender]
07:44:46,551 |-INFO in ch.qos.logback.core.joran.action.AppenderAction - Naming appender as [STDOUT]
07:44:46,651 |-INFO in ch.qos.logback.core.joran.action.NestedComplexPropertyIA - Assuming default type [ch.qos.logback.classic.encoder.PatternLayoutEncoder] for [encoder] property
07:44:47,228 |-INFO in ch.qos.logback.core.joran.action.AppenderAction - About to instantiate appender of type [ch.qos.logback.core.rolling.RollingFileAppender]
07:44:47,288 |-INFO in ch.qos.logback.core.joran.action.AppenderAction - Naming appender as [FILE]
07:44:47,515 |-INFO in c.q.l.core.rolling.TimeBasedRollingPolicy@127618319 - No compression will be used
07:44:47,516 |-INFO in c.q.l.core.rolling.TimeBasedRollingPolicy@127618319 - Will use the pattern /tmp/application_%d{yyyy-MM-dd}.%i.log for the active file
07:44:47,536 |-INFO in ch.qos.logback.core.rolling.SizeAndTimeBasedFNATP@6b2fad11 - The date pattern is 'yyyy-MM-dd' from file name pattern '/tmp/application_%d{yyyy-MM-dd}.%i.log'.
07:44:47,536 |-INFO in ch.qos.logback.core.rolling.SizeAndTimeBasedFNATP@6b2fad11 - Roll-over at midnight.
07:44:47,574 |-INFO in ch.qos.logback.core.rolling.SizeAndTimeBasedFNATP@6b2fad11 - Setting initial period to Tue Jun 11 07:43:23 UTC 2019
07:44:47,574 |-WARN in ch.qos.logback.core.rolling.SizeAndTimeBasedFNATP@6b2fad11 - SizeAndTimeBasedFNATP is deprecated. Use SizeAndTimeBasedRollingPolicy instead
07:44:47,574 |-WARN in ch.qos.logback.core.rolling.SizeAndTimeBasedFNATP@6b2fad11 - For more information see http://logback.qos.ch/manual/appenders.html#SizeAndTimeBasedRollingPolicy
07:44:47,597 |-INFO in ch.qos.logback.core.joran.action.NestedComplexPropertyIA - Assuming default type [ch.qos.logback.classic.encoder.PatternLayoutEncoder] for [encoder] property
07:44:47,617 |-INFO in ch.qos.logback.core.rolling.RollingFileAppender[FILE] - Active log file name: /tmp/application.log
07:44:47,617 |-INFO in ch.qos.logback.core.rolling.RollingFileAppender[FILE] - File property is set to [/tmp/application.log]
07:44:47,618 |-INFO in ch.qos.logback.classic.joran.action.RootLoggerAction - Setting level of ROOT logger to WARN
07:44:47,635 |-INFO in ch.qos.logback.core.joran.action.AppenderRefAction - Attaching appender named [STDOUT] to Logger[ROOT]
07:44:47,636 |-INFO in ch.qos.logback.core.joran.action.AppenderRefAction - Attaching appender named [FILE] to Logger[ROOT]
07:44:47,636 |-INFO in ch.qos.logback.classic.joran.action.ConfigurationAction - End of configuration.
07:44:47,636 |-INFO in ch.qos.logback.classic.joran.JoranConfigurator@79698539 - Registering current configuration as safe fallback point

Ama winner
Ama winner
2019-06-11T07:44:57.212+0000: 12.241: [Full GC (Metadata GC Threshold) 2019-06-11T07:44:57.212+0000: 12.241: [Tenured: 0K->15144K(341376K), 0.2845925 secs] 115051K->15144K(494976K), [Metaspace: 20739K->20739K(1067008K)], 0.2846592 secs] [Times: user=0.23 sys=0.01, real=0.28 secs] 
07:45:14.089 [Curator-PathChildrenCache-2] WARN  o.a.c.u.ZKPaths  - The version of ZooKeeper being used doesn't support Container nodes. CreateMode.PERSISTENT will be used instead.
2019-06-11T07:45:16.150+0000: 31.180: [GC (Allocation Failure) 2019-06-11T07:45:16.151+0000: 31.180: [DefNew: 136576K->17023K(153600K), 0.0295262 secs] 151720K->52779K(494976K), 0.0296095 secs] [Times: user=0.00 sys=0.03, real=0.03 secs] 
2019-06-11T07:45:20.148+0000: 35.177: [Full GC (Metadata GC Threshold) 2019-06-11T07:45:20.148+0000: 35.177: [Tenured: 35755K->44419K(341376K), 0.0501591 secs] 132721K->44419K(494976K), [Metaspace: 34621K->34621K(1079296K)], 0.0502382 secs] [Times: user=0.05 sys=0.01, real=0.05 secs] 
2019-06-11T07:45:27.180+0000: 42.209: [GC (Allocation Failure) 2019-06-11T07:45:27.180+0000: 42.209: [DefNew: 136576K->49K(153600K), 0.0017330 secs] 180995K->44468K(494976K), 0.0017960 secs] [Times: user=0.00 sys=0.00, real=0.00 secs] 
2019-06-11T07:45:34.305+0000: 49.335: [GC (Allocation Failure) 2019-06-11T07:45:34.306+0000: 49.335: [DefNew: 136625K->50K(153600K), 0.0016260 secs] 181044K->44469K(494976K), 0.0017080 secs] [Times: user=0.00 sys=0.00, real=0.00 secs] 
2019-06-11T07:45:41.406+0000: 56.436: [GC (Allocation Failure) 2019-06-11T07:45:41.406+0000: 56.436: [DefNew: 136626K->52K(153600K), 0.0017626 secs] 181045K->44472K(494976K), 0.0018250 secs] [Times: user=0.00 sys=0.00, real=0.00 secs] 
2019-06-11T07:45:48.589+0000: 63.618: [GC (Allocation Failure) 2019-06-11T07:45:48.589+0000: 63.619: [DefNew: 136628K->234K(153600K), 0.0019490 secs] 181048K->44654K(494976K), 0.0020070 secs] [Times: user=0.00 sys=0.00, real=0.00 secs] 
2019-06-11T07:45:56.324+0000: 71.353: [GC (Allocation Failure) 2019-06-11T07:45:56.324+0000: 71.353: [DefNew: 136810K->112K(153600K), 0.0019023 secs] 181230K->44532K(494976K), 0.0019647 secs] [Times: user=0.00 sys=0.00, real=0.01 secs] 
07:46:09.415 [Curator-PathChildrenCache-0] ERROR o.a.c.f.r.c.PathChildrenCache  - 
java.lang.IllegalStateException: instance must be started before calling this method
	at org.apache.curator.shaded.com.google.common.base.Preconditions.checkState(Preconditions.java:444)
	at org.apache.curator.framework.imps.CuratorFrameworkImpl.getChildren(CuratorFrameworkImpl.java:456)
	at org.apache.curator.framework.recipes.cache.PathChildrenCache.refresh(PathChildrenCache.java:521)
	at org.apache.curator.framework.recipes.cache.RefreshOperation.invoke(RefreshOperation.java:35)
	at org.apache.curator.framework.recipes.cache.PathChildrenCache$9.run(PathChildrenCache.java:786)
	at java.util.concurrent.Executors$RunnableAdapter.call(Executors.java:511)
	at java.util.concurrent.FutureTask.run(FutureTask.java:266)
	at java.util.concurrent.Executors$RunnableAdapter.call(Executors.java:511)
	at java.util.concurrent.FutureTask.run(FutureTask.java:266)
	at java.util.concurrent.ThreadPoolExecutor.runWorker(ThreadPoolExecutor.java:1149)
	at java.util.concurrent.ThreadPoolExecutor$Worker.run(ThreadPoolExecutor.java:624)
	at java.lang.Thread.run(Thread.java:748)
Heap
 def new generation   total 153600K, used 77102K [0x00000000e0c00000, 0x00000000eb2a0000, 0x00000000eb2a0000)
  eden space 136576K,  56% used [0x00000000e0c00000, 0x00000000e572f600, 0x00000000e9160000)
  from space 17024K,   0% used [0x00000000e9160000, 0x00000000e917c260, 0x00000000ea200000)
  to   space 17024K,   0% used [0x00000000ea200000, 0x00000000ea200000, 0x00000000eb2a0000)
 tenured generation   total 341376K, used 44419K [0x00000000eb2a0000, 0x0000000100000000, 0x0000000100000000)
   the space 341376K,  13% used [0x00000000eb2a0000, 0x00000000ede00de8, 0x00000000ede00e00, 0x0000000100000000)
 Metaspace       used 36159K, capacity 37062K, committed 37376K, reserved 1081344K
  class space    used 4871K, capacity 5075K, committed 5120K, reserved 1048576K
