08:00:18,325 |-INFO in ch.qos.logback.classic.LoggerContext[default] - Could NOT find resource [logback-test.xml]
08:00:18,325 |-INFO in ch.qos.logback.classic.LoggerContext[default] - Could NOT find resource [logback.groovy]
08:00:18,325 |-INFO in ch.qos.logback.classic.LoggerContext[default] - Found resource [logback.xml] at [jar:file:/root/flamestream/lib/flamestream-runtime-1.0-SNAPSHOT.jar!/logback.xml]
08:00:18,326 |-WARN in ch.qos.logback.classic.LoggerContext[default] - Resource [logback.xml] occurs multiple times on the classpath.
08:00:18,326 |-WARN in ch.qos.logback.classic.LoggerContext[default] - Resource [logback.xml] occurs at [jar:file:/root/flamestream/lib/flamestream-runtime-1.0-SNAPSHOT.jar!/logback.xml]
08:00:18,326 |-WARN in ch.qos.logback.classic.LoggerContext[default] - Resource [logback.xml] occurs at [jar:file:/root/flamestream/flamestream-runtime-1.0-SNAPSHOT.jar!/logback.xml]
08:00:18,346 |-INFO in ch.qos.logback.core.joran.spi.ConfigurationWatchList@3fb6a447 - URL [jar:file:/root/flamestream/lib/flamestream-runtime-1.0-SNAPSHOT.jar!/logback.xml] is not of type file
08:00:18,411 |-INFO in ch.qos.logback.classic.joran.action.ConfigurationAction - debug attribute not set
08:00:18,412 |-INFO in ch.qos.logback.core.joran.action.AppenderAction - About to instantiate appender of type [ch.qos.logback.core.ConsoleAppender]
08:00:18,428 |-INFO in ch.qos.logback.core.joran.action.AppenderAction - Naming appender as [STDOUT]
08:00:18,448 |-INFO in ch.qos.logback.core.joran.action.NestedComplexPropertyIA - Assuming default type [ch.qos.logback.classic.encoder.PatternLayoutEncoder] for [encoder] property
08:00:18,549 |-INFO in ch.qos.logback.core.joran.action.AppenderAction - About to instantiate appender of type [ch.qos.logback.core.rolling.RollingFileAppender]
08:00:18,559 |-INFO in ch.qos.logback.core.joran.action.AppenderAction - Naming appender as [FILE]
08:00:18,586 |-INFO in c.q.l.core.rolling.TimeBasedRollingPolicy@127618319 - No compression will be used
08:00:18,587 |-INFO in c.q.l.core.rolling.TimeBasedRollingPolicy@127618319 - Will use the pattern /tmp/application_%d{yyyy-MM-dd}.%i.log for the active file
08:00:18,590 |-INFO in ch.qos.logback.core.rolling.SizeAndTimeBasedFNATP@6b2fad11 - The date pattern is 'yyyy-MM-dd' from file name pattern '/tmp/application_%d{yyyy-MM-dd}.%i.log'.
08:00:18,590 |-INFO in ch.qos.logback.core.rolling.SizeAndTimeBasedFNATP@6b2fad11 - Roll-over at midnight.
08:00:18,595 |-INFO in ch.qos.logback.core.rolling.SizeAndTimeBasedFNATP@6b2fad11 - Setting initial period to Tue Jun 11 07:58:57 UTC 2019
08:00:18,595 |-WARN in ch.qos.logback.core.rolling.SizeAndTimeBasedFNATP@6b2fad11 - SizeAndTimeBasedFNATP is deprecated. Use SizeAndTimeBasedRollingPolicy instead
08:00:18,595 |-WARN in ch.qos.logback.core.rolling.SizeAndTimeBasedFNATP@6b2fad11 - For more information see http://logback.qos.ch/manual/appenders.html#SizeAndTimeBasedRollingPolicy
08:00:18,599 |-INFO in ch.qos.logback.core.joran.action.NestedComplexPropertyIA - Assuming default type [ch.qos.logback.classic.encoder.PatternLayoutEncoder] for [encoder] property
08:00:18,604 |-INFO in ch.qos.logback.core.rolling.RollingFileAppender[FILE] - Active log file name: /tmp/application.log
08:00:18,604 |-INFO in ch.qos.logback.core.rolling.RollingFileAppender[FILE] - File property is set to [/tmp/application.log]
08:00:18,605 |-INFO in ch.qos.logback.classic.joran.action.RootLoggerAction - Setting level of ROOT logger to WARN
08:00:18,605 |-INFO in ch.qos.logback.core.joran.action.AppenderRefAction - Attaching appender named [STDOUT] to Logger[ROOT]
08:00:18,607 |-INFO in ch.qos.logback.core.joran.action.AppenderRefAction - Attaching appender named [FILE] to Logger[ROOT]
08:00:18,607 |-INFO in ch.qos.logback.classic.joran.action.ConfigurationAction - End of configuration.
08:00:18,607 |-INFO in ch.qos.logback.classic.joran.JoranConfigurator@79698539 - Registering current configuration as safe fallback point

Ama winner
Ama winner
2019-06-11T08:00:19.925+0000: 1.783: [Full GC (Metadata GC Threshold) 2019-06-11T08:00:19.925+0000: 1.783: [Tenured: 0K->15178K(341376K), 0.0401922 secs] 117814K->15178K(494976K), [Metaspace: 20736K->20736K(1067008K)], 0.0402655 secs] [Times: user=0.04 sys=0.00, real=0.04 secs] 
08:00:36.900 [Curator-PathChildrenCache-1] WARN  o.a.c.u.ZKPaths  - The version of ZooKeeper being used doesn't support Container nodes. CreateMode.PERSISTENT will be used instead.
2019-06-11T08:00:39.305+0000: 21.163: [GC (Allocation Failure) 2019-06-11T08:00:39.305+0000: 21.163: [DefNew: 136576K->17023K(153600K), 0.0316262 secs] 151754K->52498K(494976K), 0.0317182 secs] [Times: user=0.03 sys=0.01, real=0.03 secs] 
2019-06-11T08:00:40.802+0000: 22.660: [Full GC (Metadata GC Threshold) 2019-06-11T08:00:40.802+0000: 22.660: [Tenured: 35474K->44020K(341376K), 0.0457834 secs] 95733K->44020K(494976K), [Metaspace: 34595K->34595K(1079296K)], 0.0458649 secs] [Times: user=0.04 sys=0.00, real=0.05 secs] 
2019-06-11T08:00:46.052+0000: 27.909: [GC (Allocation Failure) 2019-06-11T08:00:46.052+0000: 27.909: [DefNew: 136576K->79K(153600K), 0.0019181 secs] 180596K->44100K(494976K), 0.0019755 secs] [Times: user=0.00 sys=0.00, real=0.00 secs] 
2019-06-11T08:00:51.331+0000: 33.189: [GC (Allocation Failure) 2019-06-11T08:00:51.332+0000: 33.189: [DefNew: 136655K->86K(153600K), 0.0018265 secs] 180676K->44107K(494976K), 0.0018856 secs] [Times: user=0.00 sys=0.00, real=0.00 secs] 
2019-06-11T08:00:56.571+0000: 38.429: [GC (Allocation Failure) 2019-06-11T08:00:56.571+0000: 38.429: [DefNew: 136662K->87K(153600K), 0.0018290 secs] 180683K->44107K(494976K), 0.0018863 secs] [Times: user=0.00 sys=0.00, real=0.00 secs] 
2019-06-11T08:01:01.897+0000: 43.755: [GC (Allocation Failure) 2019-06-11T08:01:01.897+0000: 43.755: [DefNew: 136663K->82K(153600K), 0.0017836 secs] 180683K->44103K(494976K), 0.0018416 secs] [Times: user=0.00 sys=0.00, real=0.00 secs] 
2019-06-11T08:01:07.242+0000: 49.099: [GC (Allocation Failure) 2019-06-11T08:01:07.242+0000: 49.099: [DefNew: 136658K->88K(153600K), 0.0018438 secs] 180679K->44109K(494976K), 0.0019121 secs] [Times: user=0.00 sys=0.00, real=0.00 secs] 
08:01:16.640 [Curator-PathChildrenCache-0] ERROR o.a.c.f.r.c.PathChildrenCache  - 
java.lang.IllegalStateException: instance must be started before calling this method
	at org.apache.curator.shaded.com.google.common.base.Preconditions.checkState(Preconditions.java:444)
	at org.apache.curator.framework.imps.CuratorFrameworkImpl.getChildren(CuratorFrameworkImpl.java:456)
	at org.apache.curator.framework.recipes.cache.PathChildrenCache.refresh(PathChildrenCache.java:521)
	at org.apache.curator.framework.recipes.cache.RefreshOperation.invoke(RefreshOperation.java:35)
	at org.apache.curator.framework.recipes.cache.PathChildrenCache$9.run(PathChildrenCache.java:786)
	at java.util.concurrent.Executors$RunnableAdapter.call(Executors.java:511)
	at java.util.concurrent.FutureTask.run(FutureTask.java:266)
	at java.util.concurrent.Executors$RunnableAdapter.call(Executors.java:511)
	at java.util.concurrent.FutureTask.run(FutureTask.java:266)
	at java.util.concurrent.ThreadPoolExecutor.runWorker(ThreadPoolExecutor.java:1149)
	at java.util.concurrent.ThreadPoolExecutor$Worker.run(ThreadPoolExecutor.java:624)
	at java.lang.Thread.run(Thread.java:748)
Heap
 def new generation   total 153600K, used 79863K [0x00000000e0c00000, 0x00000000eb2a0000, 0x00000000eb2a0000)
  eden space 136576K,  58% used [0x00000000e0c00000, 0x00000000e59e7aa0, 0x00000000e9160000)
  from space 17024K,   0% used [0x00000000e9160000, 0x00000000e9176210, 0x00000000ea200000)
  to   space 17024K,   0% used [0x00000000ea200000, 0x00000000ea200000, 0x00000000eb2a0000)
 tenured generation   total 341376K, used 44020K [0x00000000eb2a0000, 0x0000000100000000, 0x0000000100000000)
   the space 341376K,  12% used [0x00000000eb2a0000, 0x00000000edd9d260, 0x00000000edd9d400, 0x0000000100000000)
 Metaspace       used 35905K, capacity 36780K, committed 37120K, reserved 1081344K
  class space    used 4829K, capacity 5044K, committed 5120K, reserved 1048576K
