08:34:02,794 |-INFO in ch.qos.logback.classic.LoggerContext[default] - Could NOT find resource [logback-test.xml]
08:34:02,794 |-INFO in ch.qos.logback.classic.LoggerContext[default] - Could NOT find resource [logback.groovy]
08:34:02,795 |-INFO in ch.qos.logback.classic.LoggerContext[default] - Found resource [logback.xml] at [jar:file:/root/flamestream/lib/flamestream-runtime-1.0-SNAPSHOT.jar!/logback.xml]
08:34:02,796 |-WARN in ch.qos.logback.classic.LoggerContext[default] - Resource [logback.xml] occurs multiple times on the classpath.
08:34:02,796 |-WARN in ch.qos.logback.classic.LoggerContext[default] - Resource [logback.xml] occurs at [jar:file:/root/flamestream/lib/flamestream-runtime-1.0-SNAPSHOT.jar!/logback.xml]
08:34:02,796 |-WARN in ch.qos.logback.classic.LoggerContext[default] - Resource [logback.xml] occurs at [jar:file:/root/flamestream/flamestream-runtime-1.0-SNAPSHOT.jar!/logback.xml]
08:34:02,815 |-INFO in ch.qos.logback.core.joran.spi.ConfigurationWatchList@3fb6a447 - URL [jar:file:/root/flamestream/lib/flamestream-runtime-1.0-SNAPSHOT.jar!/logback.xml] is not of type file
08:34:02,881 |-INFO in ch.qos.logback.classic.joran.action.ConfigurationAction - debug attribute not set
08:34:02,882 |-INFO in ch.qos.logback.core.joran.action.AppenderAction - About to instantiate appender of type [ch.qos.logback.core.ConsoleAppender]
08:34:02,898 |-INFO in ch.qos.logback.core.joran.action.AppenderAction - Naming appender as [STDOUT]
08:34:02,916 |-INFO in ch.qos.logback.core.joran.action.NestedComplexPropertyIA - Assuming default type [ch.qos.logback.classic.encoder.PatternLayoutEncoder] for [encoder] property
08:34:03,006 |-INFO in ch.qos.logback.core.joran.action.AppenderAction - About to instantiate appender of type [ch.qos.logback.core.rolling.RollingFileAppender]
08:34:03,015 |-INFO in ch.qos.logback.core.joran.action.AppenderAction - Naming appender as [FILE]
08:34:03,047 |-INFO in c.q.l.core.rolling.TimeBasedRollingPolicy@127618319 - No compression will be used
08:34:03,048 |-INFO in c.q.l.core.rolling.TimeBasedRollingPolicy@127618319 - Will use the pattern /tmp/application_%d{yyyy-MM-dd}.%i.log for the active file
08:34:03,052 |-INFO in ch.qos.logback.core.rolling.SizeAndTimeBasedFNATP@6b2fad11 - The date pattern is 'yyyy-MM-dd' from file name pattern '/tmp/application_%d{yyyy-MM-dd}.%i.log'.
08:34:03,052 |-INFO in ch.qos.logback.core.rolling.SizeAndTimeBasedFNATP@6b2fad11 - Roll-over at midnight.
08:34:03,057 |-INFO in ch.qos.logback.core.rolling.SizeAndTimeBasedFNATP@6b2fad11 - Setting initial period to Tue Jun 11 08:32:45 UTC 2019
08:34:03,057 |-WARN in ch.qos.logback.core.rolling.SizeAndTimeBasedFNATP@6b2fad11 - SizeAndTimeBasedFNATP is deprecated. Use SizeAndTimeBasedRollingPolicy instead
08:34:03,057 |-WARN in ch.qos.logback.core.rolling.SizeAndTimeBasedFNATP@6b2fad11 - For more information see http://logback.qos.ch/manual/appenders.html#SizeAndTimeBasedRollingPolicy
08:34:03,061 |-INFO in ch.qos.logback.core.joran.action.NestedComplexPropertyIA - Assuming default type [ch.qos.logback.classic.encoder.PatternLayoutEncoder] for [encoder] property
08:34:03,066 |-INFO in ch.qos.logback.core.rolling.RollingFileAppender[FILE] - Active log file name: /tmp/application.log
08:34:03,066 |-INFO in ch.qos.logback.core.rolling.RollingFileAppender[FILE] - File property is set to [/tmp/application.log]
08:34:03,067 |-INFO in ch.qos.logback.classic.joran.action.RootLoggerAction - Setting level of ROOT logger to WARN
08:34:03,067 |-INFO in ch.qos.logback.core.joran.action.AppenderRefAction - Attaching appender named [STDOUT] to Logger[ROOT]
08:34:03,069 |-INFO in ch.qos.logback.core.joran.action.AppenderRefAction - Attaching appender named [FILE] to Logger[ROOT]
08:34:03,069 |-INFO in ch.qos.logback.classic.joran.action.ConfigurationAction - End of configuration.
08:34:03,070 |-INFO in ch.qos.logback.classic.joran.JoranConfigurator@79698539 - Registering current configuration as safe fallback point

Ama winner
Ama winner
2019-06-11T08:34:04.365+0000: 1.758: [Full GC (Metadata GC Threshold) 2019-06-11T08:34:04.365+0000: 1.758: [Tenured: 0K->15241K(341376K), 0.0412748 secs] 114986K->15241K(494976K), [Metaspace: 20725K->20725K(1067008K)], 0.0413452 secs] [Times: user=0.03 sys=0.01, real=0.04 secs] 
08:34:16.545 [Curator-PathChildrenCache-2] WARN  o.a.c.u.ZKPaths  - The version of ZooKeeper being used doesn't support Container nodes. CreateMode.PERSISTENT will be used instead.
2019-06-11T08:34:20.484+0000: 17.877: [GC (Allocation Failure) 2019-06-11T08:34:20.484+0000: 17.877: [DefNew: 136576K->17023K(153600K), 0.0280150 secs] 151817K->52078K(494976K), 0.0280931 secs] [Times: user=0.02 sys=0.01, real=0.03 secs] 
2019-06-11T08:34:23.279+0000: 20.672: [GC (Allocation Failure) 2019-06-11T08:34:23.279+0000: 20.672: [DefNew: 153599K->1231K(153600K), 0.0135831 secs] 188654K->43673K(494976K), 0.0136520 secs] [Times: user=0.01 sys=0.00, real=0.02 secs] 
2019-06-11T08:34:25.905+0000: 23.298: [GC (Allocation Failure) 2019-06-11T08:34:25.905+0000: 23.298: [DefNew: 137807K->580K(153600K), 0.0032929 secs] 180249K->43023K(494976K), 0.0033497 secs] [Times: user=0.00 sys=0.00, real=0.00 secs] 
2019-06-11T08:34:26.212+0000: 23.605: [Full GC (Metadata GC Threshold) 2019-06-11T08:34:26.212+0000: 23.605: [Tenured: 42442K->43104K(341376K), 0.0338926 secs] 63966K->43104K(494976K), [Metaspace: 34603K->34603K(1079296K)], 0.0339653 secs] [Times: user=0.03 sys=0.00, real=0.03 secs] 
2019-06-11T08:34:29.659+0000: 27.052: [GC (Allocation Failure) 2019-06-11T08:34:29.659+0000: 27.052: [DefNew: 136576K->201K(153600K), 0.0022265 secs] 179680K->43305K(494976K), 0.0022847 secs] [Times: user=0.00 sys=0.00, real=0.00 secs] 
2019-06-11T08:34:33.489+0000: 30.882: [GC (Allocation Failure) 2019-06-11T08:34:33.489+0000: 30.882: [DefNew: 136777K->286K(153600K), 0.0021209 secs] 179881K->43390K(494976K), 0.0021808 secs] [Times: user=0.00 sys=0.00, real=0.01 secs] 
2019-06-11T08:34:38.133+0000: 35.526: [GC (Allocation Failure) 2019-06-11T08:34:38.133+0000: 35.526: [DefNew: 136862K->318K(153600K), 0.0022641 secs] 179966K->43423K(494976K), 0.0023301 secs] [Times: user=0.00 sys=0.00, real=0.00 secs] 
2019-06-11T08:34:42.005+0000: 39.398: [GC (Allocation Failure) 2019-06-11T08:34:42.005+0000: 39.398: [DefNew: 136894K->405K(153600K), 0.0023899 secs] 179999K->43510K(494976K), 0.0024472 secs] [Times: user=0.01 sys=0.00, real=0.00 secs] 
2019-06-11T08:34:45.593+0000: 42.986: [GC (Allocation Failure) 2019-06-11T08:34:45.593+0000: 42.986: [DefNew: 136981K->477K(153600K), 0.0024760 secs] 180086K->43582K(494976K), 0.0025349 secs] [Times: user=0.00 sys=0.00, real=0.00 secs] 
2019-06-11T08:34:50.630+0000: 48.023: [GC (Allocation Failure) 2019-06-11T08:34:50.630+0000: 48.023: [DefNew: 137053K->488K(153600K), 0.0024537 secs] 180158K->43593K(494976K), 0.0025127 secs] [Times: user=0.00 sys=0.00, real=0.01 secs] 
2019-06-11T08:34:54.038+0000: 51.431: [GC (Allocation Failure) 2019-06-11T08:34:54.038+0000: 51.431: [DefNew: 137064K->519K(153600K), 0.0026711 secs] 180169K->43623K(494976K), 0.0027311 secs] [Times: user=0.00 sys=0.00, real=0.00 secs] 
2019-06-11T08:34:58.799+0000: 56.192: [GC (Allocation Failure) 2019-06-11T08:34:58.799+0000: 56.192: [DefNew: 137095K->549K(153600K), 0.0024041 secs] 180199K->43653K(494976K), 0.0024700 secs] [Times: user=0.00 sys=0.00, real=0.00 secs] 
2019-06-11T08:35:02.787+0000: 60.180: [GC (Allocation Failure) 2019-06-11T08:35:02.787+0000: 60.180: [DefNew: 137125K->672K(153600K), 0.0025943 secs] 180229K->43777K(494976K), 0.0026525 secs] [Times: user=0.00 sys=0.00, real=0.00 secs] 
2019-06-11T08:35:06.875+0000: 64.268: [GC (Allocation Failure) 2019-06-11T08:35:06.876+0000: 64.268: [DefNew: 137248K->964K(153600K), 0.0030265 secs] 180353K->44068K(494976K), 0.0030917 secs] [Times: user=0.00 sys=0.00, real=0.00 secs] 
2019-06-11T08:35:11.405+0000: 68.798: [GC (Allocation Failure) 2019-06-11T08:35:11.405+0000: 68.798: [DefNew: 137540K->832K(153600K), 0.0027816 secs] 180644K->43937K(494976K), 0.0028415 secs] [Times: user=0.00 sys=0.00, real=0.00 secs] 
2019-06-11T08:35:15.806+0000: 73.199: [GC (Allocation Failure) 2019-06-11T08:35:15.806+0000: 73.199: [DefNew: 137408K->921K(153600K), 0.0030954 secs] 180513K->44025K(494976K), 0.0031814 secs] [Times: user=0.00 sys=0.00, real=0.00 secs] 
2019-06-11T08:35:19.793+0000: 77.186: [GC (Allocation Failure) 2019-06-11T08:35:19.793+0000: 77.186: [DefNew: 137497K->897K(153600K), 0.0030146 secs] 180601K->44001K(494976K), 0.0030723 secs] [Times: user=0.00 sys=0.00, real=0.00 secs] 
2019-06-11T08:35:23.797+0000: 81.190: [GC (Allocation Failure) 2019-06-11T08:35:23.797+0000: 81.190: [DefNew: 137473K->962K(153600K), 0.0027625 secs] 180577K->44067K(494976K), 0.0028220 secs] [Times: user=0.00 sys=0.00, real=0.00 secs] 
2019-06-11T08:35:27.335+0000: 84.728: [GC (Allocation Failure) 2019-06-11T08:35:27.335+0000: 84.728: [DefNew: 137538K->1041K(153600K), 0.0029645 secs] 180643K->44146K(494976K), 0.0030272 secs] [Times: user=0.00 sys=0.01, real=0.00 secs] 
2019-06-11T08:35:31.829+0000: 89.222: [GC (Allocation Failure) 2019-06-11T08:35:31.829+0000: 89.222: [DefNew: 137617K->1031K(153600K), 0.0029951 secs] 180722K->44219K(494976K), 0.0030624 secs] [Times: user=0.01 sys=0.00, real=0.01 secs] 
2019-06-11T08:35:35.983+0000: 93.376: [GC (Allocation Failure) 2019-06-11T08:35:35.984+0000: 93.376: [DefNew: 137607K->1183K(153600K), 0.0031717 secs] 180795K->44401K(494976K), 0.0032407 secs] [Times: user=0.00 sys=0.00, real=0.00 secs] 
2019-06-11T08:35:39.668+0000: 97.061: [GC (Allocation Failure) 2019-06-11T08:35:39.668+0000: 97.061: [DefNew: 137759K->970K(153600K), 0.0031206 secs] 180977K->44265K(494976K), 0.0031831 secs] [Times: user=0.01 sys=0.00, real=0.01 secs] 
2019-06-11T08:35:43.477+0000: 100.870: [GC (Allocation Failure) 2019-06-11T08:35:43.477+0000: 100.870: [DefNew: 137546K->974K(153600K), 0.0028897 secs] 180841K->44316K(494976K), 0.0029475 secs] [Times: user=0.00 sys=0.00, real=0.00 secs] 
2019-06-11T08:35:48.204+0000: 105.597: [GC (Allocation Failure) 2019-06-11T08:35:48.204+0000: 105.597: [DefNew: 137550K->953K(153600K), 0.0028947 secs] 180892K->44365K(494976K), 0.0029892 secs] [Times: user=0.01 sys=0.00, real=0.00 secs] 
2019-06-11T08:35:52.160+0000: 109.553: [GC (Allocation Failure) 2019-06-11T08:35:52.160+0000: 109.553: [DefNew: 137529K->1028K(153600K), 0.0029497 secs] 180941K->44473K(494976K), 0.0030116 secs] [Times: user=0.01 sys=0.00, real=0.01 secs] 
2019-06-11T08:35:55.925+0000: 113.318: [GC (Allocation Failure) 2019-06-11T08:35:55.925+0000: 113.318: [DefNew: 137604K->1276K(153600K), 0.0032138 secs] 181049K->44759K(494976K), 0.0032730 secs] [Times: user=0.00 sys=0.00, real=0.00 secs] 
2019-06-11T08:36:00.465+0000: 117.858: [GC (Allocation Failure) 2019-06-11T08:36:00.465+0000: 117.858: [DefNew: 137852K->1005K(153600K), 0.0031664 secs] 181335K->44525K(494976K), 0.0032285 secs] [Times: user=0.00 sys=0.00, real=0.00 secs] 
2019-06-11T08:36:04.744+0000: 122.136: [GC (Allocation Failure) 2019-06-11T08:36:04.744+0000: 122.137: [DefNew: 137581K->1055K(153600K), 0.0030378 secs] 181101K->44615K(494976K), 0.0031116 secs] [Times: user=0.01 sys=0.00, real=0.00 secs] 
2019-06-11T08:36:08.684+0000: 126.077: [GC (Allocation Failure) 2019-06-11T08:36:08.684+0000: 126.077: [DefNew: 137631K->1007K(153600K), 0.0032414 secs] 181191K->44672K(494976K), 0.0033203 secs] [Times: user=0.00 sys=0.00, real=0.00 secs] 
2019-06-11T08:36:12.550+0000: 129.943: [GC (Allocation Failure) 2019-06-11T08:36:12.550+0000: 129.943: [DefNew: 137583K->1006K(153600K), 0.0028154 secs] 181248K->44714K(494976K), 0.0028782 secs] [Times: user=0.00 sys=0.00, real=0.01 secs] 
2019-06-11T08:36:17.011+0000: 134.404: [GC (Allocation Failure) 2019-06-11T08:36:17.011+0000: 134.404: [DefNew: 137582K->979K(153600K), 0.0028863 secs] 181290K->44786K(494976K), 0.0029444 secs] [Times: user=0.00 sys=0.00, real=0.00 secs] 
2019-06-11T08:36:21.994+0000: 139.387: [GC (Allocation Failure) 2019-06-11T08:36:21.994+0000: 139.387: [DefNew: 137555K->1005K(153600K), 0.0029732 secs] 181362K->44880K(494976K), 0.0030449 secs] [Times: user=0.00 sys=0.00, real=0.00 secs] 
2019-06-11T08:36:25.487+0000: 142.880: [GC (Allocation Failure) 2019-06-11T08:36:25.487+0000: 142.880: [DefNew: 137581K->999K(153600K), 0.0028215 secs] 181456K->44928K(494976K), 0.0029134 secs] [Times: user=0.01 sys=0.00, real=0.00 secs] 
2019-06-11T08:36:29.958+0000: 147.351: [GC (Allocation Failure) 2019-06-11T08:36:29.958+0000: 147.351: [DefNew: 137575K->913K(153600K), 0.0027788 secs] 181504K->44904K(494976K), 0.0028371 secs] [Times: user=0.00 sys=0.00, real=0.00 secs] 
2019-06-11T08:36:34.819+0000: 152.212: [GC (Allocation Failure) 2019-06-11T08:36:34.819+0000: 152.212: [DefNew: 137489K->985K(153600K), 0.0027579 secs] 181480K->45029K(494976K), 0.0028101 secs] [Times: user=0.00 sys=0.00, real=0.00 secs] 
2019-06-11T08:36:39.363+0000: 156.756: [GC (Allocation Failure) 2019-06-11T08:36:39.363+0000: 156.756: [DefNew: 137561K->1120K(153600K), 0.0030690 secs] 181605K->45214K(494976K), 0.0031505 secs] [Times: user=0.01 sys=0.00, real=0.00 secs] 
2019-06-11T09:10:09.535+0000: 2166.928: [GC (Allocation Failure) 2019-06-11T09:10:09.535+0000: 2166.928: [DefNew: 137696K->1091K(153600K), 0.0030150 secs] 181790K->45241K(494976K), 0.0030855 secs] [Times: user=0.00 sys=0.01, real=0.00 secs] 
09:34:26.362 [Curator-PathChildrenCache-0] ERROR o.a.c.f.r.c.PathChildrenCache  - 
java.lang.IllegalStateException: instance must be started before calling this method
	at org.apache.curator.shaded.com.google.common.base.Preconditions.checkState(Preconditions.java:444)
	at org.apache.curator.framework.imps.CuratorFrameworkImpl.getChildren(CuratorFrameworkImpl.java:456)
	at org.apache.curator.framework.recipes.cache.PathChildrenCache.refresh(PathChildrenCache.java:521)
	at org.apache.curator.framework.recipes.cache.RefreshOperation.invoke(RefreshOperation.java:35)
	at org.apache.curator.framework.recipes.cache.PathChildrenCache$9.run(PathChildrenCache.java:786)
	at java.util.concurrent.Executors$RunnableAdapter.call(Executors.java:511)
	at java.util.concurrent.FutureTask.run(FutureTask.java:266)
	at java.util.concurrent.Executors$RunnableAdapter.call(Executors.java:511)
	at java.util.concurrent.FutureTask.run(FutureTask.java:266)
	at java.util.concurrent.ThreadPoolExecutor.runWorker(ThreadPoolExecutor.java:1149)
	at java.util.concurrent.ThreadPoolExecutor$Worker.run(ThreadPoolExecutor.java:624)
	at java.lang.Thread.run(Thread.java:748)
Heap
 def new generation   total 153600K, used 73572K [0x00000000e0c00000, 0x00000000eb2a0000, 0x00000000eb2a0000)
  eden space 136576K,  53% used [0x00000000e0c00000, 0x00000000e52c8660, 0x00000000e9160000)
  from space 17024K,   6% used [0x00000000e9160000, 0x00000000e9270d98, 0x00000000ea200000)
  to   space 17024K,   0% used [0x00000000ea200000, 0x00000000ea200000, 0x00000000eb2a0000)
 tenured generation   total 341376K, used 44150K [0x00000000eb2a0000, 0x0000000100000000, 0x0000000100000000)
   the space 341376K,  12% used [0x00000000eb2a0000, 0x00000000eddbd978, 0x00000000eddbda00, 0x0000000100000000)
 Metaspace       used 36357K, capacity 37202K, committed 37376K, reserved 1081344K
  class space    used 4865K, capacity 5067K, committed 5120K, reserved 1048576K
