07:14:31,577 |-INFO in ch.qos.logback.classic.LoggerContext[default] - Could NOT find resource [logback-test.xml]
07:14:31,578 |-INFO in ch.qos.logback.classic.LoggerContext[default] - Could NOT find resource [logback.groovy]
07:14:31,578 |-INFO in ch.qos.logback.classic.LoggerContext[default] - Found resource [logback.xml] at [jar:file:/root/flamestream/lib/flamestream-runtime-1.0-SNAPSHOT.jar!/logback.xml]
07:14:31,578 |-WARN in ch.qos.logback.classic.LoggerContext[default] - Resource [logback.xml] occurs multiple times on the classpath.
07:14:31,578 |-WARN in ch.qos.logback.classic.LoggerContext[default] - Resource [logback.xml] occurs at [jar:file:/root/flamestream/lib/flamestream-runtime-1.0-SNAPSHOT.jar!/logback.xml]
07:14:31,578 |-WARN in ch.qos.logback.classic.LoggerContext[default] - Resource [logback.xml] occurs at [jar:file:/root/flamestream/flamestream-runtime-1.0-SNAPSHOT.jar!/logback.xml]
07:14:31,600 |-INFO in ch.qos.logback.core.joran.spi.ConfigurationWatchList@3fb6a447 - URL [jar:file:/root/flamestream/lib/flamestream-runtime-1.0-SNAPSHOT.jar!/logback.xml] is not of type file
07:14:31,671 |-INFO in ch.qos.logback.classic.joran.action.ConfigurationAction - debug attribute not set
07:14:31,672 |-INFO in ch.qos.logback.core.joran.action.AppenderAction - About to instantiate appender of type [ch.qos.logback.core.ConsoleAppender]
07:14:31,692 |-INFO in ch.qos.logback.core.joran.action.AppenderAction - Naming appender as [STDOUT]
07:14:31,705 |-INFO in ch.qos.logback.core.joran.action.NestedComplexPropertyIA - Assuming default type [ch.qos.logback.classic.encoder.PatternLayoutEncoder] for [encoder] property
07:14:31,795 |-INFO in ch.qos.logback.core.joran.action.AppenderAction - About to instantiate appender of type [ch.qos.logback.core.rolling.RollingFileAppender]
07:14:31,801 |-INFO in ch.qos.logback.core.joran.action.AppenderAction - Naming appender as [FILE]
07:14:31,831 |-INFO in c.q.l.core.rolling.TimeBasedRollingPolicy@127618319 - No compression will be used
07:14:31,832 |-INFO in c.q.l.core.rolling.TimeBasedRollingPolicy@127618319 - Will use the pattern /tmp/application_%d{yyyy-MM-dd}.%i.log for the active file
07:14:31,835 |-INFO in ch.qos.logback.core.rolling.SizeAndTimeBasedFNATP@6b2fad11 - The date pattern is 'yyyy-MM-dd' from file name pattern '/tmp/application_%d{yyyy-MM-dd}.%i.log'.
07:14:31,835 |-INFO in ch.qos.logback.core.rolling.SizeAndTimeBasedFNATP@6b2fad11 - Roll-over at midnight.
07:14:31,840 |-INFO in ch.qos.logback.core.rolling.SizeAndTimeBasedFNATP@6b2fad11 - Setting initial period to Tue Jun 11 07:12:56 UTC 2019
07:14:31,840 |-WARN in ch.qos.logback.core.rolling.SizeAndTimeBasedFNATP@6b2fad11 - SizeAndTimeBasedFNATP is deprecated. Use SizeAndTimeBasedRollingPolicy instead
07:14:31,840 |-WARN in ch.qos.logback.core.rolling.SizeAndTimeBasedFNATP@6b2fad11 - For more information see http://logback.qos.ch/manual/appenders.html#SizeAndTimeBasedRollingPolicy
07:14:31,844 |-INFO in ch.qos.logback.core.joran.action.NestedComplexPropertyIA - Assuming default type [ch.qos.logback.classic.encoder.PatternLayoutEncoder] for [encoder] property
07:14:31,849 |-INFO in ch.qos.logback.core.rolling.RollingFileAppender[FILE] - Active log file name: /tmp/application.log
07:14:31,849 |-INFO in ch.qos.logback.core.rolling.RollingFileAppender[FILE] - File property is set to [/tmp/application.log]
07:14:31,850 |-INFO in ch.qos.logback.classic.joran.action.RootLoggerAction - Setting level of ROOT logger to WARN
07:14:31,850 |-INFO in ch.qos.logback.core.joran.action.AppenderRefAction - Attaching appender named [STDOUT] to Logger[ROOT]
07:14:31,852 |-INFO in ch.qos.logback.core.joran.action.AppenderRefAction - Attaching appender named [FILE] to Logger[ROOT]
07:14:31,852 |-INFO in ch.qos.logback.classic.joran.action.ConfigurationAction - End of configuration.
07:14:31,852 |-INFO in ch.qos.logback.classic.joran.JoranConfigurator@79698539 - Registering current configuration as safe fallback point

Ama winner
Ama winner
2019-06-11T07:14:33.137+0000: 1.740: [Full GC (Metadata GC Threshold) 2019-06-11T07:14:33.137+0000: 1.740: [Tenured: 0K->15177K(341376K), 0.0350871 secs] 114923K->15177K(494976K), [Metaspace: 20733K->20733K(1067008K)], 0.0351507 secs] [Times: user=0.03 sys=0.01, real=0.03 secs] 
2019-06-11T07:15:10.040+0000: 38.642: [GC (Allocation Failure) 2019-06-11T07:15:10.040+0000: 38.642: [DefNew: 136117K->16380K(153600K), 0.0249715 secs] 151294K->51089K(494976K), 0.0250442 secs] [Times: user=0.02 sys=0.01, real=0.02 secs] 
2019-06-11T07:15:14.608+0000: 43.210: [Full GC (Metadata GC Threshold) 2019-06-11T07:15:14.608+0000: 43.210: [Tenured: 34708K->43042K(341376K), 0.0538985 secs] 153115K->43042K(494976K), [Metaspace: 34589K->34589K(1079296K)], 0.0539733 secs] [Times: user=0.05 sys=0.00, real=0.05 secs] 
2019-06-11T07:15:20.583+0000: 49.185: [GC (Allocation Failure) 2019-06-11T07:15:20.583+0000: 49.185: [DefNew: 136576K->55K(153600K), 0.0018724 secs] 179618K->43098K(494976K), 0.0019429 secs] [Times: user=0.00 sys=0.00, real=0.00 secs] 
2019-06-11T07:15:26.515+0000: 55.117: [GC (Allocation Failure) 2019-06-11T07:15:26.515+0000: 55.117: [DefNew: 136631K->58K(153600K), 0.0016935 secs] 179674K->43101K(494976K), 0.0017564 secs] [Times: user=0.01 sys=0.00, real=0.01 secs] 
2019-06-11T07:15:32.429+0000: 61.031: [GC (Allocation Failure) 2019-06-11T07:15:32.429+0000: 61.031: [DefNew: 136634K->57K(153600K), 0.0016680 secs] 179677K->43100K(494976K), 0.0017281 secs] [Times: user=0.00 sys=0.00, real=0.00 secs] 
2019-06-11T07:15:38.862+0000: 67.464: [GC (Allocation Failure) 2019-06-11T07:15:38.862+0000: 67.465: [DefNew: 136633K->371K(153600K), 0.0021445 secs] 179676K->43414K(494976K), 0.0022078 secs] [Times: user=0.00 sys=0.00, real=0.00 secs] 
2019-06-11T07:15:58.840+0000: 87.443: [GC (Allocation Failure) 2019-06-11T07:15:58.840+0000: 87.443: [DefNew: 136947K->252K(153600K), 0.0028209 secs] 179990K->43295K(494976K), 0.0028707 secs] [Times: user=0.00 sys=0.00, real=0.00 secs] 
07:15:58.884 [Curator-PathChildrenCache-0] ERROR o.a.c.f.r.c.PathChildrenCache  - 
java.lang.IllegalStateException: instance must be started before calling this method
	at org.apache.curator.shaded.com.google.common.base.Preconditions.checkState(Preconditions.java:444)
	at org.apache.curator.framework.imps.CuratorFrameworkImpl.getChildren(CuratorFrameworkImpl.java:456)
	at org.apache.curator.framework.recipes.cache.PathChildrenCache.refresh(PathChildrenCache.java:521)
	at org.apache.curator.framework.recipes.cache.RefreshOperation.invoke(RefreshOperation.java:35)
	at org.apache.curator.framework.recipes.cache.PathChildrenCache$9.run(PathChildrenCache.java:786)
	at java.util.concurrent.Executors$RunnableAdapter.call(Executors.java:511)
	at java.util.concurrent.FutureTask.run(FutureTask.java:266)
	at java.util.concurrent.Executors$RunnableAdapter.call(Executors.java:511)
	at java.util.concurrent.FutureTask.run(FutureTask.java:266)
	at java.util.concurrent.ThreadPoolExecutor.runWorker(ThreadPoolExecutor.java:1149)
	at java.util.concurrent.ThreadPoolExecutor$Worker.run(ThreadPoolExecutor.java:624)
	at java.lang.Thread.run(Thread.java:748)
Heap
 def new generation   total 153600K, used 24975K [0x00000000e0c00000, 0x00000000eb2a0000, 0x00000000eb2a0000)
  eden space 136576K,  18% used [0x00000000e0c00000, 0x00000000e2424a10, 0x00000000e9160000)
  from space 17024K,   1% used [0x00000000e9160000, 0x00000000e919f1f8, 0x00000000ea200000)
  to   space 17024K,   0% used [0x00000000ea200000, 0x00000000ea200000, 0x00000000eb2a0000)
 tenured generation   total 341376K, used 43042K [0x00000000eb2a0000, 0x0000000100000000, 0x0000000100000000)
   the space 341376K,  12% used [0x00000000eb2a0000, 0x00000000edca8bc8, 0x00000000edca8c00, 0x0000000100000000)
 Metaspace       used 36145K, capacity 37062K, committed 37376K, reserved 1081344K
  class space    used 4861K, capacity 5075K, committed 5120K, reserved 1048576K
