17:10:54,003 |-INFO in ch.qos.logback.classic.LoggerContext[default] - Could NOT find resource [logback-test.xml]
17:10:54,003 |-INFO in ch.qos.logback.classic.LoggerContext[default] - Could NOT find resource [logback.groovy]
17:10:54,004 |-INFO in ch.qos.logback.classic.LoggerContext[default] - Found resource [logback.xml] at [jar:file:/root/flamestream/lib/flamestream-runtime-1.0-SNAPSHOT.jar!/logback.xml]
17:10:54,004 |-WARN in ch.qos.logback.classic.LoggerContext[default] - Resource [logback.xml] occurs multiple times on the classpath.
17:10:54,005 |-WARN in ch.qos.logback.classic.LoggerContext[default] - Resource [logback.xml] occurs at [jar:file:/root/flamestream/lib/flamestream-runtime-1.0-SNAPSHOT.jar!/logback.xml]
17:10:54,005 |-WARN in ch.qos.logback.classic.LoggerContext[default] - Resource [logback.xml] occurs at [jar:file:/root/flamestream/flamestream-runtime-1.0-SNAPSHOT.jar!/logback.xml]
17:10:54,024 |-INFO in ch.qos.logback.core.joran.spi.ConfigurationWatchList@3fb6a447 - URL [jar:file:/root/flamestream/lib/flamestream-runtime-1.0-SNAPSHOT.jar!/logback.xml] is not of type file
17:10:54,095 |-INFO in ch.qos.logback.classic.joran.action.ConfigurationAction - debug attribute not set
17:10:54,096 |-INFO in ch.qos.logback.core.joran.action.AppenderAction - About to instantiate appender of type [ch.qos.logback.core.ConsoleAppender]
17:10:54,115 |-INFO in ch.qos.logback.core.joran.action.AppenderAction - Naming appender as [STDOUT]
17:10:54,129 |-INFO in ch.qos.logback.core.joran.action.NestedComplexPropertyIA - Assuming default type [ch.qos.logback.classic.encoder.PatternLayoutEncoder] for [encoder] property
17:10:54,210 |-INFO in ch.qos.logback.core.joran.action.AppenderAction - About to instantiate appender of type [ch.qos.logback.core.rolling.RollingFileAppender]
17:10:54,216 |-INFO in ch.qos.logback.core.joran.action.AppenderAction - Naming appender as [FILE]
17:10:54,247 |-INFO in c.q.l.core.rolling.TimeBasedRollingPolicy@127618319 - No compression will be used
17:10:54,248 |-INFO in c.q.l.core.rolling.TimeBasedRollingPolicy@127618319 - Will use the pattern /tmp/application_%d{yyyy-MM-dd}.%i.log for the active file
17:10:54,251 |-INFO in ch.qos.logback.core.rolling.SizeAndTimeBasedFNATP@6b2fad11 - The date pattern is 'yyyy-MM-dd' from file name pattern '/tmp/application_%d{yyyy-MM-dd}.%i.log'.
17:10:54,251 |-INFO in ch.qos.logback.core.rolling.SizeAndTimeBasedFNATP@6b2fad11 - Roll-over at midnight.
17:10:54,256 |-INFO in ch.qos.logback.core.rolling.SizeAndTimeBasedFNATP@6b2fad11 - Setting initial period to Mon Jun 10 17:09:26 UTC 2019
17:10:54,257 |-WARN in ch.qos.logback.core.rolling.SizeAndTimeBasedFNATP@6b2fad11 - SizeAndTimeBasedFNATP is deprecated. Use SizeAndTimeBasedRollingPolicy instead
17:10:54,257 |-WARN in ch.qos.logback.core.rolling.SizeAndTimeBasedFNATP@6b2fad11 - For more information see http://logback.qos.ch/manual/appenders.html#SizeAndTimeBasedRollingPolicy
17:10:54,260 |-INFO in ch.qos.logback.core.joran.action.NestedComplexPropertyIA - Assuming default type [ch.qos.logback.classic.encoder.PatternLayoutEncoder] for [encoder] property
17:10:54,265 |-INFO in ch.qos.logback.core.rolling.RollingFileAppender[FILE] - Active log file name: /tmp/application.log
17:10:54,265 |-INFO in ch.qos.logback.core.rolling.RollingFileAppender[FILE] - File property is set to [/tmp/application.log]
17:10:54,266 |-INFO in ch.qos.logback.classic.joran.action.RootLoggerAction - Setting level of ROOT logger to WARN
17:10:54,266 |-INFO in ch.qos.logback.core.joran.action.AppenderRefAction - Attaching appender named [STDOUT] to Logger[ROOT]
17:10:54,268 |-INFO in ch.qos.logback.core.joran.action.AppenderRefAction - Attaching appender named [FILE] to Logger[ROOT]
17:10:54,268 |-INFO in ch.qos.logback.classic.joran.action.ConfigurationAction - End of configuration.
17:10:54,268 |-INFO in ch.qos.logback.classic.joran.JoranConfigurator@79698539 - Registering current configuration as safe fallback point

Ama winner
Ama winner
2019-06-10T17:10:55.532+0000: 1.713: [Full GC (Metadata GC Threshold) 2019-06-10T17:10:55.533+0000: 1.713: [Tenured: 0K->15255K(341376K), 0.0392306 secs] 115051K->15255K(494976K), [Metaspace: 20729K->20729K(1067008K)], 0.0392976 secs] [Times: user=0.03 sys=0.00, real=0.04 secs] 
17:11:17.793 [Curator-PathChildrenCache-1] WARN  o.a.c.u.ZKPaths  - The version of ZooKeeper being used doesn't support Container nodes. CreateMode.PERSISTENT will be used instead.
2019-06-10T17:11:19.988+0000: 26.168: [GC (Allocation Failure) 2019-06-10T17:11:19.988+0000: 26.168: [DefNew: 136576K->17023K(153600K), 0.0265320 secs] 151831K->52917K(494976K), 0.0266037 secs] [Times: user=0.02 sys=0.00, real=0.03 secs] 
2019-06-10T17:11:22.236+0000: 28.416: [Full GC (Metadata GC Threshold) 2019-06-10T17:11:22.236+0000: 28.416: [Tenured: 35893K->44693K(341376K), 0.0432977 secs] 93425K->44693K(494976K), [Metaspace: 34522K->34522K(1079296K)], 0.0433731 secs] [Times: user=0.04 sys=0.01, real=0.04 secs] 
2019-06-10T17:11:29.168+0000: 35.348: [GC (Allocation Failure) 2019-06-10T17:11:29.168+0000: 35.348: [DefNew: 136576K->69K(153600K), 0.0018372 secs] 181269K->44762K(494976K), 0.0018926 secs] [Times: user=0.00 sys=0.00, real=0.00 secs] 
2019-06-10T17:11:36.030+0000: 42.210: [GC (Allocation Failure) 2019-06-10T17:11:36.030+0000: 42.210: [DefNew: 136645K->62K(153600K), 0.0017227 secs] 181338K->44756K(494976K), 0.0017846 secs] [Times: user=0.00 sys=0.00, real=0.01 secs] 
2019-06-10T17:11:42.930+0000: 49.110: [GC (Allocation Failure) 2019-06-10T17:11:42.930+0000: 49.110: [DefNew: 136638K->67K(153600K), 0.0017790 secs] 181332K->44760K(494976K), 0.0018510 secs] [Times: user=0.00 sys=0.00, real=0.01 secs] 
2019-06-10T17:11:49.852+0000: 56.032: [GC (Allocation Failure) 2019-06-10T17:11:49.852+0000: 56.032: [DefNew: 136643K->64K(153600K), 0.0018431 secs] 181336K->44758K(494976K), 0.0019075 secs] [Times: user=0.00 sys=0.00, real=0.00 secs] 
2019-06-10T17:11:56.925+0000: 63.106: [GC (Allocation Failure) 2019-06-10T17:11:56.925+0000: 63.106: [DefNew: 136640K->400K(153600K), 0.0022258 secs] 181334K->45094K(494976K), 0.0022881 secs] [Times: user=0.00 sys=0.00, real=0.00 secs] 
17:12:11.834 [Curator-PathChildrenCache-0] ERROR o.a.c.f.r.c.PathChildrenCache  - 
java.lang.IllegalStateException: instance must be started before calling this method
	at org.apache.curator.shaded.com.google.common.base.Preconditions.checkState(Preconditions.java:444)
	at org.apache.curator.framework.imps.CuratorFrameworkImpl.getChildren(CuratorFrameworkImpl.java:456)
	at org.apache.curator.framework.recipes.cache.PathChildrenCache.refresh(PathChildrenCache.java:521)
	at org.apache.curator.framework.recipes.cache.RefreshOperation.invoke(RefreshOperation.java:35)
	at org.apache.curator.framework.recipes.cache.PathChildrenCache$9.run(PathChildrenCache.java:786)
	at java.util.concurrent.Executors$RunnableAdapter.call(Executors.java:511)
	at java.util.concurrent.FutureTask.run(FutureTask.java:266)
	at java.util.concurrent.Executors$RunnableAdapter.call(Executors.java:511)
	at java.util.concurrent.FutureTask.run(FutureTask.java:266)
	at java.util.concurrent.ThreadPoolExecutor.runWorker(ThreadPoolExecutor.java:1149)
	at java.util.concurrent.ThreadPoolExecutor$Worker.run(ThreadPoolExecutor.java:624)
	at java.lang.Thread.run(Thread.java:748)
Heap
 def new generation   total 153600K, used 114489K [0x00000000e0c00000, 0x00000000eb2a0000, 0x00000000eb2a0000)
  eden space 136576K,  83% used [0x00000000e0c00000, 0x00000000e7b6a0e0, 0x00000000e9160000)
  from space 17024K,   2% used [0x00000000e9160000, 0x00000000e91c4350, 0x00000000ea200000)
  to   space 17024K,   0% used [0x00000000ea200000, 0x00000000ea200000, 0x00000000eb2a0000)
 tenured generation   total 341376K, used 44693K [0x00000000eb2a0000, 0x0000000100000000, 0x0000000100000000)
   the space 341376K,  13% used [0x00000000eb2a0000, 0x00000000ede456d8, 0x00000000ede45800, 0x0000000100000000)
 Metaspace       used 36039K, capacity 36928K, committed 37120K, reserved 1081344K
  class space    used 4858K, capacity 5074K, committed 5120K, reserved 1048576K
