08:07:45,871 |-INFO in ch.qos.logback.classic.LoggerContext[default] - Could NOT find resource [logback-test.xml]
08:07:45,872 |-INFO in ch.qos.logback.classic.LoggerContext[default] - Could NOT find resource [logback.groovy]
08:07:45,872 |-INFO in ch.qos.logback.classic.LoggerContext[default] - Found resource [logback.xml] at [jar:file:/root/flamestream/lib/flamestream-runtime-1.0-SNAPSHOT.jar!/logback.xml]
08:07:45,872 |-WARN in ch.qos.logback.classic.LoggerContext[default] - Resource [logback.xml] occurs multiple times on the classpath.
08:07:45,872 |-WARN in ch.qos.logback.classic.LoggerContext[default] - Resource [logback.xml] occurs at [jar:file:/root/flamestream/lib/flamestream-runtime-1.0-SNAPSHOT.jar!/logback.xml]
08:07:45,872 |-WARN in ch.qos.logback.classic.LoggerContext[default] - Resource [logback.xml] occurs at [jar:file:/root/flamestream/flamestream-runtime-1.0-SNAPSHOT.jar!/logback.xml]
08:07:45,896 |-INFO in ch.qos.logback.core.joran.spi.ConfigurationWatchList@3fb6a447 - URL [jar:file:/root/flamestream/lib/flamestream-runtime-1.0-SNAPSHOT.jar!/logback.xml] is not of type file
08:07:45,969 |-INFO in ch.qos.logback.classic.joran.action.ConfigurationAction - debug attribute not set
08:07:45,969 |-INFO in ch.qos.logback.core.joran.action.AppenderAction - About to instantiate appender of type [ch.qos.logback.core.ConsoleAppender]
08:07:45,989 |-INFO in ch.qos.logback.core.joran.action.AppenderAction - Naming appender as [STDOUT]
08:07:46,007 |-INFO in ch.qos.logback.core.joran.action.NestedComplexPropertyIA - Assuming default type [ch.qos.logback.classic.encoder.PatternLayoutEncoder] for [encoder] property
08:07:46,093 |-INFO in ch.qos.logback.core.joran.action.AppenderAction - About to instantiate appender of type [ch.qos.logback.core.rolling.RollingFileAppender]
08:07:46,098 |-INFO in ch.qos.logback.core.joran.action.AppenderAction - Naming appender as [FILE]
08:07:46,128 |-INFO in c.q.l.core.rolling.TimeBasedRollingPolicy@127618319 - No compression will be used
08:07:46,129 |-INFO in c.q.l.core.rolling.TimeBasedRollingPolicy@127618319 - Will use the pattern /tmp/application_%d{yyyy-MM-dd}.%i.log for the active file
08:07:46,132 |-INFO in ch.qos.logback.core.rolling.SizeAndTimeBasedFNATP@6b2fad11 - The date pattern is 'yyyy-MM-dd' from file name pattern '/tmp/application_%d{yyyy-MM-dd}.%i.log'.
08:07:46,132 |-INFO in ch.qos.logback.core.rolling.SizeAndTimeBasedFNATP@6b2fad11 - Roll-over at midnight.
08:07:46,137 |-INFO in ch.qos.logback.core.rolling.SizeAndTimeBasedFNATP@6b2fad11 - Setting initial period to Tue Jun 11 08:06:19 UTC 2019
08:07:46,137 |-WARN in ch.qos.logback.core.rolling.SizeAndTimeBasedFNATP@6b2fad11 - SizeAndTimeBasedFNATP is deprecated. Use SizeAndTimeBasedRollingPolicy instead
08:07:46,137 |-WARN in ch.qos.logback.core.rolling.SizeAndTimeBasedFNATP@6b2fad11 - For more information see http://logback.qos.ch/manual/appenders.html#SizeAndTimeBasedRollingPolicy
08:07:46,142 |-INFO in ch.qos.logback.core.joran.action.NestedComplexPropertyIA - Assuming default type [ch.qos.logback.classic.encoder.PatternLayoutEncoder] for [encoder] property
08:07:46,146 |-INFO in ch.qos.logback.core.rolling.RollingFileAppender[FILE] - Active log file name: /tmp/application.log
08:07:46,146 |-INFO in ch.qos.logback.core.rolling.RollingFileAppender[FILE] - File property is set to [/tmp/application.log]
08:07:46,147 |-INFO in ch.qos.logback.classic.joran.action.RootLoggerAction - Setting level of ROOT logger to WARN
08:07:46,147 |-INFO in ch.qos.logback.core.joran.action.AppenderRefAction - Attaching appender named [STDOUT] to Logger[ROOT]
08:07:46,149 |-INFO in ch.qos.logback.core.joran.action.AppenderRefAction - Attaching appender named [FILE] to Logger[ROOT]
08:07:46,149 |-INFO in ch.qos.logback.classic.joran.action.ConfigurationAction - End of configuration.
08:07:46,150 |-INFO in ch.qos.logback.classic.joran.JoranConfigurator@79698539 - Registering current configuration as safe fallback point

Ama winner
Ama winner
2019-06-11T08:07:47.740+0000: 2.052: [Full GC (Metadata GC Threshold) 2019-06-11T08:07:47.740+0000: 2.053: [Tenured: 0K->15242K(341376K), 0.0352511 secs] 117718K->15242K(494976K), [Metaspace: 20739K->20739K(1067008K)], 0.0353199 secs] [Times: user=0.04 sys=0.00, real=0.03 secs] 
08:08:05.784 [Curator-PathChildrenCache-1] WARN  o.a.c.u.ZKPaths  - The version of ZooKeeper being used doesn't support Container nodes. CreateMode.PERSISTENT will be used instead.
2019-06-11T08:08:08.344+0000: 22.657: [GC (Allocation Failure) 2019-06-11T08:08:08.344+0000: 22.657: [DefNew: 136576K->17023K(153600K), 0.0265623 secs] 151818K->52656K(494976K), 0.0266426 secs] [Times: user=0.01 sys=0.01, real=0.03 secs] 
2019-06-11T08:08:09.630+0000: 23.943: [Full GC (Metadata GC Threshold) 2019-06-11T08:08:09.630+0000: 23.943: [Tenured: 35632K->43990K(341376K), 0.0399897 secs] 84372K->43990K(494976K), [Metaspace: 34582K->34582K(1079296K)], 0.0400675 secs] [Times: user=0.04 sys=0.00, real=0.04 secs] 
2019-06-11T08:08:16.464+0000: 30.776: [GC (Allocation Failure) 2019-06-11T08:08:16.464+0000: 30.776: [DefNew: 136576K->95K(153600K), 0.0018549 secs] 180566K->44085K(494976K), 0.0019162 secs] [Times: user=0.01 sys=0.00, real=0.00 secs] 
2019-06-11T08:08:23.529+0000: 37.842: [GC (Allocation Failure) 2019-06-11T08:08:23.529+0000: 37.842: [DefNew: 136671K->128K(153600K), 0.0017040 secs] 180661K->44118K(494976K), 0.0017664 secs] [Times: user=0.00 sys=0.00, real=0.00 secs] 
2019-06-11T08:08:30.695+0000: 45.008: [GC (Allocation Failure) 2019-06-11T08:08:30.695+0000: 45.008: [DefNew: 136704K->129K(153600K), 0.0017357 secs] 180694K->44119K(494976K), 0.0018066 secs] [Times: user=0.00 sys=0.00, real=0.01 secs] 
2019-06-11T08:08:37.878+0000: 52.190: [GC (Allocation Failure) 2019-06-11T08:08:37.878+0000: 52.190: [DefNew: 136705K->130K(153600K), 0.0018219 secs] 180695K->44121K(494976K), 0.0018898 secs] [Times: user=0.00 sys=0.00, real=0.00 secs] 
2019-06-11T08:08:45.107+0000: 59.420: [GC (Allocation Failure) 2019-06-11T08:08:45.107+0000: 59.420: [DefNew: 136706K->131K(153600K), 0.0018042 secs] 180697K->44121K(494976K), 0.0018630 secs] [Times: user=0.00 sys=0.00, real=0.01 secs] 
08:08:59.814 [Curator-PathChildrenCache-0] ERROR o.a.c.f.r.c.PathChildrenCache  - 
java.lang.IllegalStateException: instance must be started before calling this method
	at org.apache.curator.shaded.com.google.common.base.Preconditions.checkState(Preconditions.java:444)
	at org.apache.curator.framework.imps.CuratorFrameworkImpl.getChildren(CuratorFrameworkImpl.java:456)
	at org.apache.curator.framework.recipes.cache.PathChildrenCache.refresh(PathChildrenCache.java:521)
	at org.apache.curator.framework.recipes.cache.RefreshOperation.invoke(RefreshOperation.java:35)
	at org.apache.curator.framework.recipes.cache.PathChildrenCache$9.run(PathChildrenCache.java:786)
	at java.util.concurrent.Executors$RunnableAdapter.call(Executors.java:511)
	at java.util.concurrent.FutureTask.run(FutureTask.java:266)
	at java.util.concurrent.Executors$RunnableAdapter.call(Executors.java:511)
	at java.util.concurrent.FutureTask.run(FutureTask.java:266)
	at java.util.concurrent.ThreadPoolExecutor.runWorker(ThreadPoolExecutor.java:1149)
	at java.util.concurrent.ThreadPoolExecutor$Worker.run(ThreadPoolExecutor.java:624)
	at java.lang.Thread.run(Thread.java:748)
Heap
 def new generation   total 153600K, used 135061K [0x00000000e0c00000, 0x00000000eb2a0000, 0x00000000eb2a0000)
  eden space 136576K,  98% used [0x00000000e0c00000, 0x00000000e8fc4770, 0x00000000e9160000)
  from space 17024K,   0% used [0x00000000e9160000, 0x00000000e9180cb8, 0x00000000ea200000)
  to   space 17024K,   0% used [0x00000000ea200000, 0x00000000ea200000, 0x00000000eb2a0000)
 tenured generation   total 341376K, used 43990K [0x00000000eb2a0000, 0x0000000100000000, 0x0000000100000000)
   the space 341376K,  12% used [0x00000000eb2a0000, 0x00000000edd95838, 0x00000000edd95a00, 0x0000000100000000)
 Metaspace       used 36247K, capacity 37158K, committed 37376K, reserved 1081344K
  class space    used 4885K, capacity 5081K, committed 5120K, reserved 1048576K
