12:25:12,884 |-INFO in ch.qos.logback.classic.LoggerContext[default] - Could NOT find resource [logback-test.xml]
12:25:12,884 |-INFO in ch.qos.logback.classic.LoggerContext[default] - Could NOT find resource [logback.groovy]
12:25:12,884 |-INFO in ch.qos.logback.classic.LoggerContext[default] - Found resource [logback.xml] at [jar:file:/home/nikitasokolov/flamestream/lib/flamestream-runtime-1.0-SNAPSHOT.jar!/logback.xml]
12:25:12,885 |-WARN in ch.qos.logback.classic.LoggerContext[default] - Resource [logback.xml] occurs multiple times on the classpath.
12:25:12,885 |-WARN in ch.qos.logback.classic.LoggerContext[default] - Resource [logback.xml] occurs at [jar:file:/home/nikitasokolov/flamestream/lib/flamestream-runtime-1.0-SNAPSHOT.jar!/logback.xml]
12:25:12,885 |-WARN in ch.qos.logback.classic.LoggerContext[default] - Resource [logback.xml] occurs at [jar:file:/home/nikitasokolov/flamestream/flamestream-runtime-1.0-SNAPSHOT.jar!/logback.xml]
12:25:12,900 |-INFO in ch.qos.logback.core.joran.spi.ConfigurationWatchList@6108b2d7 - URL [jar:file:/home/nikitasokolov/flamestream/lib/flamestream-runtime-1.0-SNAPSHOT.jar!/logback.xml] is not of type file
12:25:12,950 |-INFO in ch.qos.logback.classic.joran.action.ConfigurationAction - debug attribute not set
12:25:12,951 |-INFO in ch.qos.logback.core.joran.action.AppenderAction - About to instantiate appender of type [ch.qos.logback.core.ConsoleAppender]
12:25:12,959 |-INFO in ch.qos.logback.core.joran.action.AppenderAction - Naming appender as [STDOUT]
12:25:12,966 |-INFO in ch.qos.logback.core.joran.action.NestedComplexPropertyIA - Assuming default type [ch.qos.logback.classic.encoder.PatternLayoutEncoder] for [encoder] property
12:25:13,019 |-INFO in ch.qos.logback.core.joran.action.AppenderAction - About to instantiate appender of type [ch.qos.logback.core.rolling.RollingFileAppender]
12:25:13,024 |-INFO in ch.qos.logback.core.joran.action.AppenderAction - Naming appender as [FILE]
12:25:13,044 |-INFO in c.q.l.core.rolling.TimeBasedRollingPolicy@357863579 - No compression will be used
12:25:13,046 |-INFO in c.q.l.core.rolling.TimeBasedRollingPolicy@357863579 - Will use the pattern /tmp/application_%d{yyyy-MM-dd}.%i.log for the active file
12:25:13,048 |-INFO in ch.qos.logback.core.rolling.SizeAndTimeBasedFNATP@6bf256fa - The date pattern is 'yyyy-MM-dd' from file name pattern '/tmp/application_%d{yyyy-MM-dd}.%i.log'.
12:25:13,048 |-INFO in ch.qos.logback.core.rolling.SizeAndTimeBasedFNATP@6bf256fa - Roll-over at midnight.
12:25:13,052 |-INFO in ch.qos.logback.core.rolling.SizeAndTimeBasedFNATP@6bf256fa - Setting initial period to Sun Jun 09 12:24:25 MSK 2019
12:25:13,052 |-WARN in ch.qos.logback.core.rolling.SizeAndTimeBasedFNATP@6bf256fa - SizeAndTimeBasedFNATP is deprecated. Use SizeAndTimeBasedRollingPolicy instead
12:25:13,052 |-WARN in ch.qos.logback.core.rolling.SizeAndTimeBasedFNATP@6bf256fa - For more information see http://logback.qos.ch/manual/appenders.html#SizeAndTimeBasedRollingPolicy
12:25:13,057 |-INFO in ch.qos.logback.core.joran.action.NestedComplexPropertyIA - Assuming default type [ch.qos.logback.classic.encoder.PatternLayoutEncoder] for [encoder] property
12:25:13,059 |-INFO in ch.qos.logback.core.rolling.RollingFileAppender[FILE] - Active log file name: /tmp/application.log
12:25:13,059 |-INFO in ch.qos.logback.core.rolling.RollingFileAppender[FILE] - File property is set to [/tmp/application.log]
12:25:13,060 |-INFO in ch.qos.logback.classic.joran.action.RootLoggerAction - Setting level of ROOT logger to WARN
12:25:13,060 |-INFO in ch.qos.logback.core.joran.action.AppenderRefAction - Attaching appender named [STDOUT] to Logger[ROOT]
12:25:13,061 |-INFO in ch.qos.logback.core.joran.action.AppenderRefAction - Attaching appender named [FILE] to Logger[ROOT]
12:25:13,061 |-INFO in ch.qos.logback.classic.joran.action.ConfigurationAction - End of configuration.
12:25:13,061 |-INFO in ch.qos.logback.classic.joran.JoranConfigurator@6cd8737 - Registering current configuration as safe fallback point

2019-06-09T12:25:14.026+0300: 1.351: [GC (Metadata GC Threshold) [PSYoungGen: 110722K->15907K(149504K)] 110722K->15987K(491008K), 0.0287918 secs] [Times: user=0.08 sys=0.03, real=0.03 secs] 
2019-06-09T12:25:14.055+0300: 1.380: [Full GC (Metadata GC Threshold) [PSYoungGen: 15907K->0K(149504K)] [ParOldGen: 80K->15078K(341504K)] 15987K->15078K(491008K), [Metaspace: 20800K->20800K(1067008K)], 0.0292692 secs] [Times: user=0.18 sys=0.00, real=0.03 secs] 
12:25:24.586 [Curator-PathChildrenCache-1] WARN  o.a.c.u.ZKPaths  - The version of ZooKeeper being used doesn't support Container nodes. CreateMode.PERSISTENT will be used instead.
2019-06-09T12:25:25.523+0300: 12.849: [GC (Metadata GC Threshold) [PSYoungGen: 127987K->15815K(149504K)] 143066K->50433K(491008K), 0.0270940 secs] [Times: user=0.22 sys=0.02, real=0.03 secs] 
2019-06-09T12:25:25.550+0300: 12.876: [Full GC (Metadata GC Threshold) [PSYoungGen: 15815K->0K(149504K)] [ParOldGen: 34617K->38886K(341504K)] 50433K->38886K(491008K), [Metaspace: 34550K->34550K(1079296K)], 0.0338141 secs] [Times: user=0.19 sys=0.01, real=0.03 secs] 
2019-06-09T12:25:31.922+0300: 19.247: [GC (Allocation Failure) [PSYoungGen: 128512K->576K(149504K)] 167398K->39470K(491008K), 0.0038234 secs] [Times: user=0.02 sys=0.00, real=0.00 secs] 
2019-06-09T12:25:38.914+0300: 26.239: [GC (Allocation Failure) [PSYoungGen: 129088K->576K(149504K)] 167982K->39478K(491008K), 0.0049694 secs] [Times: user=0.03 sys=0.01, real=0.01 secs] 
2019-06-09T12:25:45.878+0300: 33.204: [GC (Allocation Failure) [PSYoungGen: 129088K->544K(129536K)] 167990K->39454K(471040K), 0.0026614 secs] [Times: user=0.01 sys=0.00, real=0.00 secs] 
2019-06-09T12:25:53.000+0300: 40.325: [GC (Allocation Failure) [PSYoungGen: 129056K->608K(150016K)] 167966K->39526K(491520K), 0.0059299 secs] [Times: user=0.03 sys=0.00, real=0.00 secs] 
2019-06-09T12:26:00.109+0300: 47.434: [GC (Allocation Failure) [PSYoungGen: 129120K->576K(148992K)] 168038K->39502K(490496K), 0.0051651 secs] [Times: user=0.03 sys=0.01, real=0.01 secs] 
2019-06-09T12:26:07.246+0300: 54.571: [GC (Allocation Failure) [PSYoungGen: 129088K->608K(151552K)] 168014K->39542K(493056K), 0.0051218 secs] [Times: user=0.04 sys=0.01, real=0.01 secs] 
2019-06-09T12:26:14.464+0300: 61.790: [GC (Allocation Failure) [PSYoungGen: 132704K->855K(151040K)] 171638K->39797K(492544K), 0.0036555 secs] [Times: user=0.02 sys=0.00, real=0.00 secs] 
2019-06-09T12:26:23.829+0300: 71.154: [GC (Allocation Failure) [PSYoungGen: 132951K->640K(153088K)] 171893K->39590K(494592K), 0.0047718 secs] [Times: user=0.04 sys=0.00, real=0.01 secs] 
12:26:40.610 [Curator-PathChildrenCache-0] ERROR o.a.c.f.r.c.PathChildrenCache  - 
java.lang.IllegalStateException: instance must be started before calling this method
	at org.apache.curator.shaded.com.google.common.base.Preconditions.checkState(Preconditions.java:444)
	at org.apache.curator.framework.imps.CuratorFrameworkImpl.getChildren(CuratorFrameworkImpl.java:456)
	at org.apache.curator.framework.recipes.cache.PathChildrenCache.refresh(PathChildrenCache.java:521)
	at org.apache.curator.framework.recipes.cache.RefreshOperation.invoke(RefreshOperation.java:35)
	at org.apache.curator.framework.recipes.cache.PathChildrenCache$9.run(PathChildrenCache.java:786)
	at java.util.concurrent.Executors$RunnableAdapter.call(Executors.java:511)
	at java.util.concurrent.FutureTask.run(FutureTask.java:266)
	at java.util.concurrent.Executors$RunnableAdapter.call(Executors.java:511)
	at java.util.concurrent.FutureTask.run(FutureTask.java:266)
	at java.util.concurrent.ThreadPoolExecutor.runWorker(ThreadPoolExecutor.java:1149)
	at java.util.concurrent.ThreadPoolExecutor$Worker.run(ThreadPoolExecutor.java:624)
	at java.lang.Thread.run(Thread.java:748)
Heap
 PSYoungGen      total 153088K, used 94917K [0x00000000f5980000, 0x0000000100000000, 0x0000000100000000)
  eden space 135168K, 69% used [0x00000000f5980000,0x00000000fb591508,0x00000000fdd80000)
  from space 17920K, 3% used [0x00000000fee80000,0x00000000fef20070,0x0000000100000000)
  to   space 17408K, 0% used [0x00000000fdd80000,0x00000000fdd80000,0x00000000fee80000)
 ParOldGen       total 341504K, used 38950K [0x00000000e0c00000, 0x00000000f5980000, 0x00000000f5980000)
  object space 341504K, 11% used [0x00000000e0c00000,0x00000000e3209858,0x00000000f5980000)
 Metaspace       used 36152K, capacity 37022K, committed 37208K, reserved 1081344K
  class space    used 4979K, capacity 5161K, committed 5248K, reserved 1048576K
