01:16:49,354 |-INFO in ch.qos.logback.classic.LoggerContext[default] - Could NOT find resource [logback-test.xml]
01:16:49,354 |-INFO in ch.qos.logback.classic.LoggerContext[default] - Could NOT find resource [logback.groovy]
01:16:49,354 |-INFO in ch.qos.logback.classic.LoggerContext[default] - Found resource [logback.xml] at [jar:file:/home/nikitasokolov/flamestream/lib/flamestream-runtime-1.0-SNAPSHOT.jar!/logback.xml]
01:16:49,355 |-WARN in ch.qos.logback.classic.LoggerContext[default] - Resource [logback.xml] occurs multiple times on the classpath.
01:16:49,355 |-WARN in ch.qos.logback.classic.LoggerContext[default] - Resource [logback.xml] occurs at [jar:file:/home/nikitasokolov/flamestream/lib/flamestream-runtime-1.0-SNAPSHOT.jar!/logback.xml]
01:16:49,355 |-WARN in ch.qos.logback.classic.LoggerContext[default] - Resource [logback.xml] occurs at [jar:file:/home/nikitasokolov/flamestream/flamestream-runtime-1.0-SNAPSHOT.jar!/logback.xml]
01:16:49,372 |-INFO in ch.qos.logback.core.joran.spi.ConfigurationWatchList@6aaa5eb0 - URL [jar:file:/home/nikitasokolov/flamestream/lib/flamestream-runtime-1.0-SNAPSHOT.jar!/logback.xml] is not of type file
01:16:49,425 |-INFO in ch.qos.logback.classic.joran.action.ConfigurationAction - debug attribute not set
01:16:49,425 |-INFO in ch.qos.logback.core.joran.action.AppenderAction - About to instantiate appender of type [ch.qos.logback.core.ConsoleAppender]
01:16:49,433 |-INFO in ch.qos.logback.core.joran.action.AppenderAction - Naming appender as [STDOUT]
01:16:49,441 |-INFO in ch.qos.logback.core.joran.action.NestedComplexPropertyIA - Assuming default type [ch.qos.logback.classic.encoder.PatternLayoutEncoder] for [encoder] property
01:16:49,499 |-INFO in ch.qos.logback.core.joran.action.AppenderAction - About to instantiate appender of type [ch.qos.logback.core.rolling.RollingFileAppender]
01:16:49,504 |-INFO in ch.qos.logback.core.joran.action.AppenderAction - Naming appender as [FILE]
01:16:49,525 |-INFO in c.q.l.core.rolling.TimeBasedRollingPolicy@3447021 - No compression will be used
01:16:49,526 |-INFO in c.q.l.core.rolling.TimeBasedRollingPolicy@3447021 - Will use the pattern /tmp/application_%d{yyyy-MM-dd}.%i.log for the active file
01:16:49,529 |-INFO in ch.qos.logback.core.rolling.SizeAndTimeBasedFNATP@1a407d53 - The date pattern is 'yyyy-MM-dd' from file name pattern '/tmp/application_%d{yyyy-MM-dd}.%i.log'.
01:16:49,529 |-INFO in ch.qos.logback.core.rolling.SizeAndTimeBasedFNATP@1a407d53 - Roll-over at midnight.
01:16:49,534 |-INFO in ch.qos.logback.core.rolling.SizeAndTimeBasedFNATP@1a407d53 - Setting initial period to Thu Jun 06 22:00:24 MSK 2019
01:16:49,534 |-WARN in ch.qos.logback.core.rolling.SizeAndTimeBasedFNATP@1a407d53 - SizeAndTimeBasedFNATP is deprecated. Use SizeAndTimeBasedRollingPolicy instead
01:16:49,534 |-WARN in ch.qos.logback.core.rolling.SizeAndTimeBasedFNATP@1a407d53 - For more information see http://logback.qos.ch/manual/appenders.html#SizeAndTimeBasedRollingPolicy
01:16:49,537 |-INFO in ch.qos.logback.core.joran.action.NestedComplexPropertyIA - Assuming default type [ch.qos.logback.classic.encoder.PatternLayoutEncoder] for [encoder] property
01:16:49,539 |-INFO in ch.qos.logback.core.rolling.RollingFileAppender[FILE] - Active log file name: /tmp/application.log
01:16:49,539 |-INFO in ch.qos.logback.core.rolling.RollingFileAppender[FILE] - File property is set to [/tmp/application.log]
01:16:49,541 |-ERROR in ch.qos.logback.core.rolling.RollingFileAppender[FILE] - openFile(/tmp/application.log,true) call failed. java.io.FileNotFoundException: /tmp/application.log (Permission denied)
	at java.io.FileNotFoundException: /tmp/application.log (Permission denied)
	at 	at java.io.FileOutputStream.open0(Native Method)
	at 	at java.io.FileOutputStream.open(FileOutputStream.java:270)
	at 	at java.io.FileOutputStream.<init>(FileOutputStream.java:213)
	at 	at ch.qos.logback.core.recovery.ResilientFileOutputStream.<init>(ResilientFileOutputStream.java:26)
	at 	at ch.qos.logback.core.FileAppender.openFile(FileAppender.java:204)
	at 	at ch.qos.logback.core.FileAppender.start(FileAppender.java:127)
	at 	at ch.qos.logback.core.rolling.RollingFileAppender.start(RollingFileAppender.java:100)
	at 	at ch.qos.logback.core.joran.action.AppenderAction.end(AppenderAction.java:90)
	at 	at ch.qos.logback.core.joran.spi.Interpreter.callEndAction(Interpreter.java:309)
	at 	at ch.qos.logback.core.joran.spi.Interpreter.endElement(Interpreter.java:193)
	at 	at ch.qos.logback.core.joran.spi.Interpreter.endElement(Interpreter.java:179)
	at 	at ch.qos.logback.core.joran.spi.EventPlayer.play(EventPlayer.java:62)
	at 	at ch.qos.logback.core.joran.GenericConfigurator.doConfigure(GenericConfigurator.java:165)
	at 	at ch.qos.logback.core.joran.GenericConfigurator.doConfigure(GenericConfigurator.java:152)
	at 	at ch.qos.logback.core.joran.GenericConfigurator.doConfigure(GenericConfigurator.java:110)
	at 	at ch.qos.logback.core.joran.GenericConfigurator.doConfigure(GenericConfigurator.java:53)
	at 	at ch.qos.logback.classic.util.ContextInitializer.configureByResource(ContextInitializer.java:75)
	at 	at ch.qos.logback.classic.util.ContextInitializer.autoConfig(ContextInitializer.java:150)
	at 	at org.slf4j.impl.StaticLoggerBinder.init(StaticLoggerBinder.java:84)
	at 	at org.slf4j.impl.StaticLoggerBinder.<clinit>(StaticLoggerBinder.java:55)
	at 	at org.slf4j.LoggerFactory.bind(LoggerFactory.java:150)
	at 	at org.slf4j.LoggerFactory.performInitialization(LoggerFactory.java:124)
	at 	at org.slf4j.LoggerFactory.getILoggerFactory(LoggerFactory.java:412)
	at 	at org.slf4j.LoggerFactory.getLogger(LoggerFactory.java:357)
	at 	at org.slf4j.LoggerFactory.getLogger(LoggerFactory.java:383)
	at 	at com.spbsu.flamestream.runtime.WorkerApplication.<init>(WorkerApplication.java:26)
	at 	at com.spbsu.flamestream.runtime.WorkerApplication.main(WorkerApplication.java:68)
01:16:49,541 |-INFO in ch.qos.logback.classic.joran.action.RootLoggerAction - Setting level of ROOT logger to WARN
01:16:49,541 |-INFO in ch.qos.logback.core.joran.action.AppenderRefAction - Attaching appender named [STDOUT] to Logger[ROOT]
01:16:49,541 |-INFO in ch.qos.logback.core.joran.action.AppenderRefAction - Attaching appender named [FILE] to Logger[ROOT]
01:16:49,541 |-INFO in ch.qos.logback.classic.joran.action.ConfigurationAction - End of configuration.
01:16:49,542 |-INFO in ch.qos.logback.classic.joran.JoranConfigurator@21bcffb5 - Registering current configuration as safe fallback point

Ama winner
Ama winner
2019-06-09T01:16:50.551+0300: 1.394: [GC (Metadata GC Threshold) [PSYoungGen: 95247K->15930K(149504K)] 95247K->16010K(491008K), 0.0237085 secs] [Times: user=0.10 sys=0.08, real=0.03 secs] 
2019-06-09T01:16:50.575+0300: 1.418: [Full GC (Metadata GC Threshold) [PSYoungGen: 15930K->0K(149504K)] [ParOldGen: 80K->15103K(341504K)] 16010K->15103K(491008K), [Metaspace: 20801K->20801K(1067008K)], 0.0259559 secs] [Times: user=0.15 sys=0.01, real=0.02 secs] 
01:16:58.690 [Curator-PathChildrenCache-2] WARN  o.a.c.u.ZKPaths  - The version of ZooKeeper being used doesn't support Container nodes. CreateMode.PERSISTENT will be used instead.
2019-06-09T01:16:59.431+0300: 10.274: [GC (Metadata GC Threshold) [PSYoungGen: 128512K->20987K(149504K)] 143615K->51045K(491008K), 0.0173942 secs] [Times: user=0.20 sys=0.00, real=0.02 secs] 
2019-06-09T01:16:59.448+0300: 10.291: [Full GC (Metadata GC Threshold) [PSYoungGen: 20987K->0K(149504K)] [ParOldGen: 30058K->40026K(341504K)] 51045K->40026K(491008K), [Metaspace: 34495K->34495K(1079296K)], 0.0348001 secs] [Times: user=0.17 sys=0.00, real=0.03 secs] 
2019-06-09T01:17:01.551+0300: 12.394: [GC (Allocation Failure) [PSYoungGen: 128512K->576K(149504K)] 168538K->40611K(491008K), 0.0027838 secs] [Times: user=0.01 sys=0.00, real=0.01 secs] 
2019-06-09T01:17:04.069+0300: 14.912: [GC (Allocation Failure) [PSYoungGen: 129088K->704K(149504K)] 169123K->40747K(491008K), 0.0072924 secs] [Times: user=0.06 sys=0.01, real=0.01 secs] 
2019-06-09T01:17:06.585+0300: 17.428: [GC (Allocation Failure) [PSYoungGen: 129216K->640K(129536K)] 169259K->40691K(471040K), 0.0031266 secs] [Times: user=0.01 sys=0.00, real=0.00 secs] 
2019-06-09T01:17:09.122+0300: 19.965: [GC (Allocation Failure) [PSYoungGen: 129152K->672K(132096K)] 169203K->40731K(473600K), 0.0040001 secs] [Times: user=0.03 sys=0.01, real=0.01 secs] 
2019-06-09T01:17:10.913+0300: 21.756: [GC (Allocation Failure) [PSYoungGen: 91808K->640K(129536K)] 131867K->40707K(471040K), 0.0034213 secs] [Times: user=0.01 sys=0.01, real=0.00 secs] 
2019-06-09T01:17:12.706+0300: 23.549: [GC (Allocation Failure) [PSYoungGen: 91776K->640K(136192K)] 131843K->40715K(477696K), 0.0025734 secs] [Times: user=0.01 sys=0.00, real=0.00 secs] 
2019-06-09T01:17:14.750+0300: 25.593: [GC (Allocation Failure) [PSYoungGen: 100480K->672K(134144K)] 140555K->40755K(475648K), 0.0027316 secs] [Times: user=0.01 sys=0.00, real=0.01 secs] 
2019-06-09T01:17:16.676+0300: 27.519: [GC (Allocation Failure) [PSYoungGen: 100512K->672K(139264K)] 140595K->40763K(480768K), 0.0026507 secs] [Times: user=0.01 sys=0.00, real=0.00 secs] 
2019-06-09T01:17:18.791+0300: 29.634: [GC (Allocation Failure) [PSYoungGen: 107168K->736K(137728K)] 147259K->40835K(479232K), 0.0026663 secs] [Times: user=0.01 sys=0.01, real=0.01 secs] 
2019-06-09T01:17:20.897+0300: 31.740: [GC (Allocation Failure) [PSYoungGen: 107232K->896K(142848K)] 147331K->41003K(484352K), 0.0035872 secs] [Times: user=0.03 sys=0.01, real=0.00 secs] 
2019-06-09T01:17:23.152+0300: 33.995: [GC (Allocation Failure) [PSYoungGen: 114560K->928K(141312K)] 154667K->41035K(482816K), 0.0023224 secs] [Times: user=0.01 sys=0.00, real=0.01 secs] 
2019-06-09T01:17:25.433+0300: 36.276: [GC (Allocation Failure) [PSYoungGen: 114592K->960K(145920K)] 154699K->41067K(487424K), 0.0029577 secs] [Times: user=0.01 sys=0.00, real=0.00 secs] 
2019-06-09T01:17:27.801+0300: 38.645: [GC (Allocation Failure) [PSYoungGen: 120768K->928K(144384K)] 160875K->41035K(485888K), 0.0024800 secs] [Times: user=0.01 sys=0.00, real=0.00 secs] 
2019-06-09T01:17:30.158+0300: 41.001: [GC (Allocation Failure) [PSYoungGen: 120736K->992K(148992K)] 160843K->41099K(490496K), 0.0024805 secs] [Times: user=0.01 sys=0.01, real=0.00 secs] 
2019-06-09T01:17:32.661+0300: 43.504: [GC (Allocation Failure) [PSYoungGen: 126944K->928K(147456K)] 167051K->41043K(488960K), 0.0026163 secs] [Times: user=0.01 sys=0.01, real=0.00 secs] 
2019-06-09T01:17:35.153+0300: 45.996: [GC (Allocation Failure) [PSYoungGen: 126880K->672K(151552K)] 166995K->41203K(493056K), 0.0025976 secs] [Times: user=0.01 sys=0.00, real=0.00 secs] 
2019-06-09T01:17:37.783+0300: 48.626: [GC (Allocation Failure) [PSYoungGen: 131744K->704K(150016K)] 172275K->41291K(491520K), 0.0081318 secs] [Times: user=0.08 sys=0.01, real=0.01 secs] 
2019-06-09T01:17:40.383+0300: 51.226: [GC (Allocation Failure) [PSYoungGen: 131776K->736K(153600K)] 172363K->41347K(495104K), 0.0032518 secs] [Times: user=0.02 sys=0.00, real=0.01 secs] 
2019-06-09T01:17:43.076+0300: 53.965: [GC (Allocation Failure) [PSYoungGen: 136416K->672K(152576K)] 177027K->41339K(494080K), 0.0497263 secs] [Times: user=0.01 sys=0.00, real=0.05 secs] 
01:17:51.895 [Curator-PathChildrenCache-0] ERROR o.a.c.f.r.c.PathChildrenCache  - 
java.lang.IllegalStateException: instance must be started before calling this method
	at org.apache.curator.shaded.com.google.common.base.Preconditions.checkState(Preconditions.java:444)
	at org.apache.curator.framework.imps.CuratorFrameworkImpl.getChildren(CuratorFrameworkImpl.java:456)
	at org.apache.curator.framework.recipes.cache.PathChildrenCache.refresh(PathChildrenCache.java:521)
	at org.apache.curator.framework.recipes.cache.RefreshOperation.invoke(RefreshOperation.java:35)
	at org.apache.curator.framework.recipes.cache.PathChildrenCache$9.run(PathChildrenCache.java:786)
	at java.util.concurrent.Executors$RunnableAdapter.call(Executors.java:511)
	at java.util.concurrent.FutureTask.run(FutureTask.java:266)
	at java.util.concurrent.Executors$RunnableAdapter.call(Executors.java:511)
	at java.util.concurrent.FutureTask.run(FutureTask.java:266)
	at java.util.concurrent.ThreadPoolExecutor.runWorker(ThreadPoolExecutor.java:1149)
	at java.util.concurrent.ThreadPoolExecutor$Worker.run(ThreadPoolExecutor.java:624)
	at java.lang.Thread.run(Thread.java:748)
01:17:52.988 [worker-akka.actor.default-dispatcher-3] ERROR c.s.f.r.WorkerApplication  - Something went wrong during trace flush
java.nio.file.AccessDeniedException: /tmp/trace.csv
	at sun.nio.fs.UnixException.translateToIOException(UnixException.java:84)
	at sun.nio.fs.UnixException.rethrowAsIOException(UnixException.java:102)
	at sun.nio.fs.UnixException.rethrowAsIOException(UnixException.java:107)
	at sun.nio.fs.UnixFileSystemProvider.newByteChannel(UnixFileSystemProvider.java:214)
	at java.nio.file.spi.FileSystemProvider.newOutputStream(FileSystemProvider.java:434)
	at java.nio.file.Files.newOutputStream(Files.java:216)
	at java.nio.file.Files.newBufferedWriter(Files.java:2860)
	at java.nio.file.Files.newBufferedWriter(Files.java:2896)
	at com.spbsu.flamestream.runtime.utils.tracing.Tracing.flush(Tracing.java:35)
	at com.spbsu.flamestream.runtime.WorkerApplication.lambda$run$0(WorkerApplication.java:109)
	at akka.actor.ActorSystemImpl$TerminationCallbacks$$anonfun$addRec$1$1.applyOrElse(ActorSystem.scala:1036)
	at akka.actor.ActorSystemImpl$TerminationCallbacks$$anonfun$addRec$1$1.applyOrElse(ActorSystem.scala:1036)
	at scala.concurrent.Future$$anonfun$andThen$1.apply(Future.scala:436)
	at scala.concurrent.Future$$anonfun$andThen$1.apply(Future.scala:435)
	at scala.concurrent.impl.CallbackRunnable.run(Promise.scala:36)
	at akka.dispatch.BatchingExecutor$AbstractBatch.processBatch(BatchingExecutor.scala:55)
	at akka.dispatch.BatchingExecutor$BlockableBatch$$anonfun$run$1.apply$mcV$sp(BatchingExecutor.scala:91)
	at akka.dispatch.BatchingExecutor$BlockableBatch$$anonfun$run$1.apply(BatchingExecutor.scala:91)
	at akka.dispatch.BatchingExecutor$BlockableBatch$$anonfun$run$1.apply(BatchingExecutor.scala:91)
	at scala.concurrent.BlockContext$.withBlockContext(BlockContext.scala:72)
	at akka.dispatch.BatchingExecutor$BlockableBatch.run(BatchingExecutor.scala:90)
	at akka.dispatch.TaskInvocation.run(AbstractDispatcher.scala:40)
	at akka.dispatch.ForkJoinExecutorConfigurator$AkkaForkJoinTask.exec(ForkJoinExecutorConfigurator.scala:44)
	at akka.dispatch.forkjoin.ForkJoinTask.doExec(ForkJoinTask.java:260)
	at akka.dispatch.forkjoin.ForkJoinPool$WorkQueue.runTask(ForkJoinPool.java:1339)
	at akka.dispatch.forkjoin.ForkJoinPool.runWorker(ForkJoinPool.java:1979)
	at akka.dispatch.forkjoin.ForkJoinWorkerThread.run(ForkJoinWorkerThread.java:107)
Heap
 PSYoungGen      total 152576K, used 46039K [0x00000000f5980000, 0x0000000100000000, 0x0000000100000000)
  eden space 135680K, 33% used [0x00000000f5980000,0x00000000f862b140,0x00000000fde00000)
  from space 16896K, 3% used [0x00000000fde00000,0x00000000fdea8090,0x00000000fee80000)
  to   space 15872K, 0% used [0x00000000ff080000,0x00000000ff080000,0x0000000100000000)
 ParOldGen       total 341504K, used 40667K [0x00000000e0c00000, 0x00000000f5980000, 0x00000000f5980000)
  object space 341504K, 11% used [0x00000000e0c00000,0x00000000e33b6c08,0x00000000f5980000)
 Metaspace       used 36503K, capacity 37462K, committed 37720K, reserved 1081344K
  class space    used 5029K, capacity 5227K, committed 5248K, reserved 1048576K
