00:42:55,248 |-INFO in ch.qos.logback.classic.LoggerContext[default] - Could NOT find resource [logback-test.xml]
00:42:55,248 |-INFO in ch.qos.logback.classic.LoggerContext[default] - Could NOT find resource [logback.groovy]
00:42:55,248 |-INFO in ch.qos.logback.classic.LoggerContext[default] - Found resource [logback.xml] at [jar:file:/home/nikitasokolov/flamestream/lib/flamestream-runtime-1.0-SNAPSHOT.jar!/logback.xml]
00:42:55,249 |-WARN in ch.qos.logback.classic.LoggerContext[default] - Resource [logback.xml] occurs multiple times on the classpath.
00:42:55,249 |-WARN in ch.qos.logback.classic.LoggerContext[default] - Resource [logback.xml] occurs at [jar:file:/home/nikitasokolov/flamestream/lib/flamestream-runtime-1.0-SNAPSHOT.jar!/logback.xml]
00:42:55,249 |-WARN in ch.qos.logback.classic.LoggerContext[default] - Resource [logback.xml] occurs at [jar:file:/home/nikitasokolov/flamestream/flamestream-runtime-1.0-SNAPSHOT.jar!/logback.xml]
00:42:55,265 |-INFO in ch.qos.logback.core.joran.spi.ConfigurationWatchList@6108b2d7 - URL [jar:file:/home/nikitasokolov/flamestream/lib/flamestream-runtime-1.0-SNAPSHOT.jar!/logback.xml] is not of type file
00:42:55,315 |-INFO in ch.qos.logback.classic.joran.action.ConfigurationAction - debug attribute not set
00:42:55,316 |-INFO in ch.qos.logback.core.joran.action.AppenderAction - About to instantiate appender of type [ch.qos.logback.core.ConsoleAppender]
00:42:55,324 |-INFO in ch.qos.logback.core.joran.action.AppenderAction - Naming appender as [STDOUT]
00:42:55,332 |-INFO in ch.qos.logback.core.joran.action.NestedComplexPropertyIA - Assuming default type [ch.qos.logback.classic.encoder.PatternLayoutEncoder] for [encoder] property
00:42:55,387 |-INFO in ch.qos.logback.core.joran.action.AppenderAction - About to instantiate appender of type [ch.qos.logback.core.rolling.RollingFileAppender]
00:42:55,392 |-INFO in ch.qos.logback.core.joran.action.AppenderAction - Naming appender as [FILE]
00:42:55,414 |-INFO in c.q.l.core.rolling.TimeBasedRollingPolicy@357863579 - No compression will be used
00:42:55,415 |-INFO in c.q.l.core.rolling.TimeBasedRollingPolicy@357863579 - Will use the pattern /tmp/application_%d{yyyy-MM-dd}.%i.log for the active file
00:42:55,418 |-INFO in ch.qos.logback.core.rolling.SizeAndTimeBasedFNATP@6bf256fa - The date pattern is 'yyyy-MM-dd' from file name pattern '/tmp/application_%d{yyyy-MM-dd}.%i.log'.
00:42:55,418 |-INFO in ch.qos.logback.core.rolling.SizeAndTimeBasedFNATP@6bf256fa - Roll-over at midnight.
00:42:55,422 |-INFO in ch.qos.logback.core.rolling.SizeAndTimeBasedFNATP@6bf256fa - Setting initial period to Sun Jun 09 00:42:11 MSK 2019
00:42:55,422 |-WARN in ch.qos.logback.core.rolling.SizeAndTimeBasedFNATP@6bf256fa - SizeAndTimeBasedFNATP is deprecated. Use SizeAndTimeBasedRollingPolicy instead
00:42:55,422 |-WARN in ch.qos.logback.core.rolling.SizeAndTimeBasedFNATP@6bf256fa - For more information see http://logback.qos.ch/manual/appenders.html#SizeAndTimeBasedRollingPolicy
00:42:55,427 |-INFO in ch.qos.logback.core.joran.action.NestedComplexPropertyIA - Assuming default type [ch.qos.logback.classic.encoder.PatternLayoutEncoder] for [encoder] property
00:42:55,430 |-INFO in ch.qos.logback.core.rolling.RollingFileAppender[FILE] - Active log file name: /tmp/application.log
00:42:55,430 |-INFO in ch.qos.logback.core.rolling.RollingFileAppender[FILE] - File property is set to [/tmp/application.log]
00:42:55,431 |-INFO in ch.qos.logback.classic.joran.action.RootLoggerAction - Setting level of ROOT logger to WARN
00:42:55,431 |-INFO in ch.qos.logback.core.joran.action.AppenderRefAction - Attaching appender named [STDOUT] to Logger[ROOT]
00:42:55,432 |-INFO in ch.qos.logback.core.joran.action.AppenderRefAction - Attaching appender named [FILE] to Logger[ROOT]
00:42:55,432 |-INFO in ch.qos.logback.classic.joran.action.ConfigurationAction - End of configuration.
00:42:55,433 |-INFO in ch.qos.logback.classic.joran.JoranConfigurator@6cd8737 - Registering current configuration as safe fallback point

2019-06-09T00:42:56.462+0300: 1.415: [GC (Metadata GC Threshold) [PSYoungGen: 108152K->15913K(149504K)] 108152K->15993K(491008K), 0.0243847 secs] [Times: user=0.09 sys=0.03, real=0.02 secs] 
2019-06-09T00:42:56.486+0300: 1.439: [Full GC (Metadata GC Threshold) [PSYoungGen: 15913K->0K(149504K)] [ParOldGen: 80K->14981K(341504K)] 15993K->14981K(491008K), [Metaspace: 20803K->20803K(1067008K)], 0.0288128 secs] [Times: user=0.20 sys=0.01, real=0.03 secs] 
00:43:04.729 [Curator-PathChildrenCache-1] WARN  o.a.c.u.ZKPaths  - The version of ZooKeeper being used doesn't support Container nodes. CreateMode.PERSISTENT will be used instead.
2019-06-09T00:43:05.658+0300: 10.610: [GC (Metadata GC Threshold) [PSYoungGen: 125934K->15877K(149504K)] 140916K->50399K(491008K), 0.0288066 secs] [Times: user=0.21 sys=0.02, real=0.02 secs] 
2019-06-09T00:43:05.686+0300: 10.639: [Full GC (Metadata GC Threshold) [PSYoungGen: 15877K->0K(149504K)] [ParOldGen: 34521K->38669K(341504K)] 50399K->38669K(491008K), [Metaspace: 34544K->34544K(1079296K)], 0.0646855 secs] [Times: user=0.38 sys=0.03, real=0.07 secs] 
2019-06-09T00:43:09.517+0300: 14.475: [GC (Allocation Failure) [PSYoungGen: 128512K->512K(149504K)] 167181K->39189K(491008K), 0.0083019 secs] [Times: user=0.02 sys=0.00, real=0.01 secs] 
2019-06-09T00:43:13.913+0300: 18.866: [GC (Allocation Failure) [PSYoungGen: 129024K->384K(149504K)] 167701K->39069K(491008K), 0.0043373 secs] [Times: user=0.02 sys=0.01, real=0.00 secs] 
2019-06-09T00:43:18.213+0300: 23.166: [GC (Allocation Failure) [PSYoungGen: 128896K->576K(129536K)] 167581K->39269K(471040K), 0.0039802 secs] [Times: user=0.02 sys=0.00, real=0.00 secs] 
2019-06-09T00:43:22.597+0300: 27.550: [GC (Allocation Failure) [PSYoungGen: 129088K->544K(150016K)] 167781K->39245K(491520K), 0.0031548 secs] [Times: user=0.01 sys=0.00, real=0.01 secs] 
2019-06-09T00:43:26.967+0300: 31.920: [GC (Allocation Failure) [PSYoungGen: 129056K->480K(148992K)] 167757K->39189K(490496K), 0.0054332 secs] [Times: user=0.03 sys=0.00, real=0.01 secs] 
2019-06-09T00:43:31.404+0300: 36.357: [GC (Allocation Failure) [PSYoungGen: 128992K->544K(151552K)] 167701K->39253K(493056K), 0.0048194 secs] [Times: user=0.03 sys=0.00, real=0.00 secs] 
2019-06-09T00:43:35.968+0300: 40.920: [GC (Allocation Failure) [PSYoungGen: 132640K->864K(151040K)] 171349K->39573K(492544K), 0.0029795 secs] [Times: user=0.01 sys=0.00, real=0.01 secs] 
2019-06-09T00:43:40.566+0300: 45.518: [GC (Allocation Failure) [PSYoungGen: 132960K->736K(153600K)] 171669K->39453K(495104K), 0.0026209 secs] [Times: user=0.01 sys=0.00, real=0.00 secs] 
2019-06-09T00:43:45.239+0300: 50.192: [GC (Allocation Failure) [PSYoungGen: 136416K->768K(152576K)] 175133K->39485K(494080K), 0.0038643 secs] [Times: user=0.03 sys=0.01, real=0.00 secs] 
2019-06-09T00:43:49.883+0300: 54.835: [GC (Allocation Failure) [PSYoungGen: 136448K->832K(155136K)] 175165K->39549K(496640K), 0.0031103 secs] [Times: user=0.01 sys=0.00, real=0.00 secs] 
2019-06-09T00:43:54.674+0300: 59.627: [GC (Allocation Failure) [PSYoungGen: 139584K->736K(154112K)] 178301K->39453K(495616K), 0.0036539 secs] [Times: user=0.02 sys=0.00, real=0.01 secs] 
2019-06-09T00:43:59.999+0300: 64.952: [GC (Allocation Failure) [PSYoungGen: 139488K->1079K(156672K)] 178205K->39804K(498176K), 0.0032621 secs] [Times: user=0.01 sys=0.00, real=0.00 secs] 
2019-06-09T00:44:06.231+0300: 71.184: [GC (Allocation Failure) [PSYoungGen: 142903K->800K(155648K)] 181628K->39533K(497152K), 0.0037734 secs] [Times: user=0.01 sys=0.00, real=0.00 secs] 
2019-06-09T00:44:12.438+0300: 77.391: [GC (Allocation Failure) [PSYoungGen: 142624K->832K(158208K)] 181357K->39573K(499712K), 0.0046746 secs] [Times: user=0.02 sys=0.00, real=0.00 secs] 
2019-06-09T00:44:18.712+0300: 83.665: [GC (Allocation Failure) [PSYoungGen: 145728K->768K(157184K)] 184469K->39517K(498688K), 0.0038053 secs] [Times: user=0.02 sys=0.00, real=0.00 secs] 
00:44:33.103 [Curator-PathChildrenCache-0] ERROR o.a.c.f.r.c.PathChildrenCache  - 
java.lang.IllegalStateException: instance must be started before calling this method
	at org.apache.curator.shaded.com.google.common.base.Preconditions.checkState(Preconditions.java:444)
	at org.apache.curator.framework.imps.CuratorFrameworkImpl.getChildren(CuratorFrameworkImpl.java:456)
	at org.apache.curator.framework.recipes.cache.PathChildrenCache.refresh(PathChildrenCache.java:521)
	at org.apache.curator.framework.recipes.cache.RefreshOperation.invoke(RefreshOperation.java:35)
	at org.apache.curator.framework.recipes.cache.PathChildrenCache$9.run(PathChildrenCache.java:786)
	at java.util.concurrent.Executors$RunnableAdapter.call(Executors.java:511)
	at java.util.concurrent.FutureTask.run(FutureTask.java:266)
	at java.util.concurrent.Executors$RunnableAdapter.call(Executors.java:511)
	at java.util.concurrent.FutureTask.run(FutureTask.java:266)
	at java.util.concurrent.ThreadPoolExecutor.runWorker(ThreadPoolExecutor.java:1149)
	at java.util.concurrent.ThreadPoolExecutor$Worker.run(ThreadPoolExecutor.java:624)
	at java.lang.Thread.run(Thread.java:748)
Heap
 PSYoungGen      total 157184K, used 85117K [0x00000000f5980000, 0x0000000100000000, 0x0000000100000000)
  eden space 144896K, 58% used [0x00000000f5980000,0x00000000fabdf590,0x00000000fe700000)
  from space 12288K, 6% used [0x00000000fe700000,0x00000000fe7c00a0,0x00000000ff300000)
  to   space 11776K, 0% used [0x00000000ff480000,0x00000000ff480000,0x0000000100000000)
 ParOldGen       total 341504K, used 38749K [0x00000000e0c00000, 0x00000000f5980000, 0x00000000f5980000)
  object space 341504K, 11% used [0x00000000e0c00000,0x00000000e31d74f8,0x00000000f5980000)
 Metaspace       used 36275K, capacity 37148K, committed 37464K, reserved 1081344K
  class space    used 4984K, capacity 5170K, committed 5248K, reserved 1048576K
