14:08:13,599 |-INFO in ch.qos.logback.classic.LoggerContext[default] - Could NOT find resource [logback-test.xml]
14:08:13,599 |-INFO in ch.qos.logback.classic.LoggerContext[default] - Could NOT find resource [logback.groovy]
14:08:13,599 |-INFO in ch.qos.logback.classic.LoggerContext[default] - Found resource [logback.xml] at [jar:file:/home/nikitasokolov/flamestream/lib/flamestream-runtime-1.0-SNAPSHOT.jar!/logback.xml]
14:08:13,599 |-WARN in ch.qos.logback.classic.LoggerContext[default] - Resource [logback.xml] occurs multiple times on the classpath.
14:08:13,600 |-WARN in ch.qos.logback.classic.LoggerContext[default] - Resource [logback.xml] occurs at [jar:file:/home/nikitasokolov/flamestream/lib/flamestream-runtime-1.0-SNAPSHOT.jar!/logback.xml]
14:08:13,600 |-WARN in ch.qos.logback.classic.LoggerContext[default] - Resource [logback.xml] occurs at [jar:file:/home/nikitasokolov/flamestream/flamestream-runtime-1.0-SNAPSHOT.jar!/logback.xml]
14:08:13,615 |-INFO in ch.qos.logback.core.joran.spi.ConfigurationWatchList@6108b2d7 - URL [jar:file:/home/nikitasokolov/flamestream/lib/flamestream-runtime-1.0-SNAPSHOT.jar!/logback.xml] is not of type file
14:08:13,665 |-INFO in ch.qos.logback.classic.joran.action.ConfigurationAction - debug attribute not set
14:08:13,666 |-INFO in ch.qos.logback.core.joran.action.AppenderAction - About to instantiate appender of type [ch.qos.logback.core.ConsoleAppender]
14:08:13,674 |-INFO in ch.qos.logback.core.joran.action.AppenderAction - Naming appender as [STDOUT]
14:08:13,682 |-INFO in ch.qos.logback.core.joran.action.NestedComplexPropertyIA - Assuming default type [ch.qos.logback.classic.encoder.PatternLayoutEncoder] for [encoder] property
14:08:13,736 |-INFO in ch.qos.logback.core.joran.action.AppenderAction - About to instantiate appender of type [ch.qos.logback.core.rolling.RollingFileAppender]
14:08:13,742 |-INFO in ch.qos.logback.core.joran.action.AppenderAction - Naming appender as [FILE]
14:08:13,763 |-INFO in c.q.l.core.rolling.TimeBasedRollingPolicy@357863579 - No compression will be used
14:08:13,765 |-INFO in c.q.l.core.rolling.TimeBasedRollingPolicy@357863579 - Will use the pattern /tmp/application_%d{yyyy-MM-dd}.%i.log for the active file
14:08:13,768 |-INFO in ch.qos.logback.core.rolling.SizeAndTimeBasedFNATP@6bf256fa - The date pattern is 'yyyy-MM-dd' from file name pattern '/tmp/application_%d{yyyy-MM-dd}.%i.log'.
14:08:13,768 |-INFO in ch.qos.logback.core.rolling.SizeAndTimeBasedFNATP@6bf256fa - Roll-over at midnight.
14:08:13,772 |-INFO in ch.qos.logback.core.rolling.SizeAndTimeBasedFNATP@6bf256fa - Setting initial period to Sun Jun 09 14:07:28 MSK 2019
14:08:13,772 |-WARN in ch.qos.logback.core.rolling.SizeAndTimeBasedFNATP@6bf256fa - SizeAndTimeBasedFNATP is deprecated. Use SizeAndTimeBasedRollingPolicy instead
14:08:13,772 |-WARN in ch.qos.logback.core.rolling.SizeAndTimeBasedFNATP@6bf256fa - For more information see http://logback.qos.ch/manual/appenders.html#SizeAndTimeBasedRollingPolicy
14:08:13,776 |-INFO in ch.qos.logback.core.joran.action.NestedComplexPropertyIA - Assuming default type [ch.qos.logback.classic.encoder.PatternLayoutEncoder] for [encoder] property
14:08:13,779 |-INFO in ch.qos.logback.core.rolling.RollingFileAppender[FILE] - Active log file name: /tmp/application.log
14:08:13,779 |-INFO in ch.qos.logback.core.rolling.RollingFileAppender[FILE] - File property is set to [/tmp/application.log]
14:08:13,780 |-INFO in ch.qos.logback.classic.joran.action.RootLoggerAction - Setting level of ROOT logger to WARN
14:08:13,780 |-INFO in ch.qos.logback.core.joran.action.AppenderRefAction - Attaching appender named [STDOUT] to Logger[ROOT]
14:08:13,780 |-INFO in ch.qos.logback.core.joran.action.AppenderRefAction - Attaching appender named [FILE] to Logger[ROOT]
14:08:13,780 |-INFO in ch.qos.logback.classic.joran.action.ConfigurationAction - End of configuration.
14:08:13,781 |-INFO in ch.qos.logback.classic.joran.JoranConfigurator@6cd8737 - Registering current configuration as safe fallback point

2019-06-09T14:08:14.747+0300: 1.342: [GC (Metadata GC Threshold) [PSYoungGen: 108120K->15917K(149504K)] 108120K->15997K(491008K), 0.0206217 secs] [Times: user=0.05 sys=0.06, real=0.02 secs] 
2019-06-09T14:08:14.768+0300: 1.363: [Full GC (Metadata GC Threshold) [PSYoungGen: 15917K->0K(149504K)] [ParOldGen: 80K->15045K(341504K)] 15997K->15045K(491008K), [Metaspace: 20802K->20802K(1067008K)], 0.0288646 secs] [Times: user=0.16 sys=0.04, real=0.03 secs] 
14:08:22.382 [Curator-PathChildrenCache-1] WARN  o.a.c.u.ZKPaths  - The version of ZooKeeper being used doesn't support Container nodes. CreateMode.PERSISTENT will be used instead.
2019-06-09T14:08:23.276+0300: 9.871: [GC (Metadata GC Threshold) [PSYoungGen: 122203K->15809K(149504K)] 137249K->50394K(491008K), 0.0334287 secs] [Times: user=0.27 sys=0.03, real=0.04 secs] 
2019-06-09T14:08:23.310+0300: 9.904: [Full GC (Metadata GC Threshold) [PSYoungGen: 15809K->0K(149504K)] [ParOldGen: 34584K->38728K(341504K)] 50394K->38728K(491008K), [Metaspace: 34555K->34555K(1079296K)], 0.0496169 secs] [Times: user=0.34 sys=0.00, real=0.05 secs] 
2019-06-09T14:08:26.288+0300: 12.883: [GC (Allocation Failure) [PSYoungGen: 128512K->448K(149504K)] 167240K->39184K(491008K), 0.0032226 secs] [Times: user=0.01 sys=0.00, real=0.01 secs] 
2019-06-09T14:08:29.742+0300: 16.337: [GC (Allocation Failure) [PSYoungGen: 128960K->480K(149504K)] 167696K->39224K(491008K), 0.0030132 secs] [Times: user=0.02 sys=0.00, real=0.00 secs] 
2019-06-09T14:08:33.228+0300: 19.822: [GC (Allocation Failure) [PSYoungGen: 128992K->544K(129536K)] 167736K->39296K(471040K), 0.0041526 secs] [Times: user=0.03 sys=0.00, real=0.01 secs] 
2019-06-09T14:08:36.762+0300: 23.357: [GC (Allocation Failure) [PSYoungGen: 129056K->512K(150016K)] 167808K->39272K(491520K), 0.0042328 secs] [Times: user=0.02 sys=0.00, real=0.00 secs] 
2019-06-09T14:08:40.295+0300: 26.889: [GC (Allocation Failure) [PSYoungGen: 129024K->544K(148992K)] 167784K->39312K(490496K), 0.0032529 secs] [Times: user=0.01 sys=0.00, real=0.01 secs] 
2019-06-09T14:08:43.821+0300: 30.415: [GC (Allocation Failure) [PSYoungGen: 129056K->608K(151552K)] 167824K->39384K(493056K), 0.0041622 secs] [Times: user=0.02 sys=0.01, real=0.00 secs] 
2019-06-09T14:08:47.479+0300: 34.130: [GC (Allocation Failure) [PSYoungGen: 132704K->544K(151040K)] 171480K->39328K(492544K), 0.0585672 secs] [Times: user=0.01 sys=0.00, real=0.06 secs] 
2019-06-09T14:08:51.114+0300: 37.709: [GC (Allocation Failure) [PSYoungGen: 132640K->608K(153088K)] 171424K->39392K(494592K), 0.0032866 secs] [Times: user=0.02 sys=0.00, real=0.01 secs] 
14:08:56.658 [Curator-PathChildrenCache-0] ERROR o.a.c.f.r.c.PathChildrenCache  - 
java.lang.IllegalStateException: instance must be started before calling this method
	at org.apache.curator.shaded.com.google.common.base.Preconditions.checkState(Preconditions.java:444)
	at org.apache.curator.framework.imps.CuratorFrameworkImpl.getChildren(CuratorFrameworkImpl.java:456)
	at org.apache.curator.framework.recipes.cache.PathChildrenCache.refresh(PathChildrenCache.java:521)
	at org.apache.curator.framework.recipes.cache.RefreshOperation.invoke(RefreshOperation.java:35)
	at org.apache.curator.framework.recipes.cache.PathChildrenCache$9.run(PathChildrenCache.java:786)
	at java.util.concurrent.Executors$RunnableAdapter.call(Executors.java:511)
	at java.util.concurrent.FutureTask.run(FutureTask.java:266)
	at java.util.concurrent.Executors$RunnableAdapter.call(Executors.java:511)
	at java.util.concurrent.FutureTask.run(FutureTask.java:266)
	at java.util.concurrent.ThreadPoolExecutor.runWorker(ThreadPoolExecutor.java:1149)
	at java.util.concurrent.ThreadPoolExecutor$Worker.run(ThreadPoolExecutor.java:624)
	at java.lang.Thread.run(Thread.java:748)
Heap
 PSYoungGen      total 153088K, used 22219K [0x00000000f5980000, 0x0000000100000000, 0x0000000100000000)
  eden space 135168K, 15% used [0x00000000f5980000,0x00000000f6e9ae10,0x00000000fdd80000)
  from space 17920K, 3% used [0x00000000fee80000,0x00000000fef18040,0x0000000100000000)
  to   space 17408K, 0% used [0x00000000fdd80000,0x00000000fdd80000,0x00000000fee80000)
 ParOldGen       total 341504K, used 38784K [0x00000000e0c00000, 0x00000000f5980000, 0x00000000f5980000)
  object space 341504K, 11% used [0x00000000e0c00000,0x00000000e31e0068,0x00000000f5980000)
 Metaspace       used 35705K, capacity 36542K, committed 36952K, reserved 1081344K
  class space    used 4936K, capacity 5129K, committed 5248K, reserved 1048576K
