08:29:42,442 |-INFO in ch.qos.logback.classic.LoggerContext[default] - Could NOT find resource [logback-test.xml]
08:29:42,442 |-INFO in ch.qos.logback.classic.LoggerContext[default] - Could NOT find resource [logback.groovy]
08:29:42,442 |-INFO in ch.qos.logback.classic.LoggerContext[default] - Found resource [logback.xml] at [jar:file:/root/flamestream/lib/flamestream-runtime-1.0-SNAPSHOT.jar!/logback.xml]
08:29:42,443 |-WARN in ch.qos.logback.classic.LoggerContext[default] - Resource [logback.xml] occurs multiple times on the classpath.
08:29:42,443 |-WARN in ch.qos.logback.classic.LoggerContext[default] - Resource [logback.xml] occurs at [jar:file:/root/flamestream/lib/flamestream-runtime-1.0-SNAPSHOT.jar!/logback.xml]
08:29:42,443 |-WARN in ch.qos.logback.classic.LoggerContext[default] - Resource [logback.xml] occurs at [jar:file:/root/flamestream/flamestream-runtime-1.0-SNAPSHOT.jar!/logback.xml]
08:29:42,464 |-INFO in ch.qos.logback.core.joran.spi.ConfigurationWatchList@3fb6a447 - URL [jar:file:/root/flamestream/lib/flamestream-runtime-1.0-SNAPSHOT.jar!/logback.xml] is not of type file
08:29:42,529 |-INFO in ch.qos.logback.classic.joran.action.ConfigurationAction - debug attribute not set
08:29:42,530 |-INFO in ch.qos.logback.core.joran.action.AppenderAction - About to instantiate appender of type [ch.qos.logback.core.ConsoleAppender]
08:29:42,545 |-INFO in ch.qos.logback.core.joran.action.AppenderAction - Naming appender as [STDOUT]
08:29:42,566 |-INFO in ch.qos.logback.core.joran.action.NestedComplexPropertyIA - Assuming default type [ch.qos.logback.classic.encoder.PatternLayoutEncoder] for [encoder] property
08:29:42,645 |-INFO in ch.qos.logback.core.joran.action.AppenderAction - About to instantiate appender of type [ch.qos.logback.core.rolling.RollingFileAppender]
08:29:42,651 |-INFO in ch.qos.logback.core.joran.action.AppenderAction - Naming appender as [FILE]
08:29:42,681 |-INFO in c.q.l.core.rolling.TimeBasedRollingPolicy@127618319 - No compression will be used
08:29:42,683 |-INFO in c.q.l.core.rolling.TimeBasedRollingPolicy@127618319 - Will use the pattern /tmp/application_%d{yyyy-MM-dd}.%i.log for the active file
08:29:42,685 |-INFO in ch.qos.logback.core.rolling.SizeAndTimeBasedFNATP@6b2fad11 - The date pattern is 'yyyy-MM-dd' from file name pattern '/tmp/application_%d{yyyy-MM-dd}.%i.log'.
08:29:42,686 |-INFO in ch.qos.logback.core.rolling.SizeAndTimeBasedFNATP@6b2fad11 - Roll-over at midnight.
08:29:42,691 |-INFO in ch.qos.logback.core.rolling.SizeAndTimeBasedFNATP@6b2fad11 - Setting initial period to Tue Jun 11 08:28:18 UTC 2019
08:29:42,691 |-WARN in ch.qos.logback.core.rolling.SizeAndTimeBasedFNATP@6b2fad11 - SizeAndTimeBasedFNATP is deprecated. Use SizeAndTimeBasedRollingPolicy instead
08:29:42,691 |-WARN in ch.qos.logback.core.rolling.SizeAndTimeBasedFNATP@6b2fad11 - For more information see http://logback.qos.ch/manual/appenders.html#SizeAndTimeBasedRollingPolicy
08:29:42,695 |-INFO in ch.qos.logback.core.joran.action.NestedComplexPropertyIA - Assuming default type [ch.qos.logback.classic.encoder.PatternLayoutEncoder] for [encoder] property
08:29:42,700 |-INFO in ch.qos.logback.core.rolling.RollingFileAppender[FILE] - Active log file name: /tmp/application.log
08:29:42,700 |-INFO in ch.qos.logback.core.rolling.RollingFileAppender[FILE] - File property is set to [/tmp/application.log]
08:29:42,701 |-INFO in ch.qos.logback.classic.joran.action.RootLoggerAction - Setting level of ROOT logger to WARN
08:29:42,701 |-INFO in ch.qos.logback.core.joran.action.AppenderRefAction - Attaching appender named [STDOUT] to Logger[ROOT]
08:29:42,701 |-INFO in ch.qos.logback.core.joran.action.AppenderRefAction - Attaching appender named [FILE] to Logger[ROOT]
08:29:42,701 |-INFO in ch.qos.logback.classic.joran.action.ConfigurationAction - End of configuration.
08:29:42,702 |-INFO in ch.qos.logback.classic.joran.JoranConfigurator@79698539 - Registering current configuration as safe fallback point

Ama winner
Ama winner
2019-06-11T08:29:44.011+0000: 1.753: [Full GC (Metadata GC Threshold) 2019-06-11T08:29:44.011+0000: 1.753: [Tenured: 0K->15240K(341376K), 0.0401715 secs] 114923K->15240K(494976K), [Metaspace: 20734K->20734K(1067008K)], 0.0402546 secs] [Times: user=0.04 sys=0.00, real=0.04 secs] 
08:30:02.225 [Curator-PathChildrenCache-2] WARN  o.a.c.u.ZKPaths  - The version of ZooKeeper being used doesn't support Container nodes. CreateMode.PERSISTENT will be used instead.
2019-06-11T08:30:04.198+0000: 21.939: [GC (Allocation Failure) 2019-06-11T08:30:04.198+0000: 21.939: [DefNew: 117387K->17023K(153600K), 0.0184885 secs] 132628K->32970K(494976K), 0.0185580 secs] [Times: user=0.01 sys=0.01, real=0.02 secs] 
2019-06-11T08:30:04.834+0000: 22.576: [Full GC (Metadata GC Threshold) 2019-06-11T08:30:04.834+0000: 22.576: [Tenured: 15946K->43849K(341376K), 0.0541080 secs] 70963K->43849K(494976K), [Metaspace: 34535K->34535K(1079296K)], 0.0541908 secs] [Times: user=0.04 sys=0.01, real=0.05 secs] 
2019-06-11T08:30:09.101+0000: 26.842: [GC (Allocation Failure) 2019-06-11T08:30:09.101+0000: 26.842: [DefNew: 136576K->130K(153600K), 0.0019401 secs] 180425K->43979K(494976K), 0.0020130 secs] [Times: user=0.00 sys=0.00, real=0.00 secs] 
2019-06-11T08:30:13.470+0000: 31.211: [GC (Allocation Failure) 2019-06-11T08:30:13.470+0000: 31.211: [DefNew: 136706K->173K(153600K), 0.0018325 secs] 180555K->44022K(494976K), 0.0018906 secs] [Times: user=0.00 sys=0.00, real=0.01 secs] 
2019-06-11T08:30:17.894+0000: 35.636: [GC (Allocation Failure) 2019-06-11T08:30:17.894+0000: 35.636: [DefNew: 136749K->200K(153600K), 0.0019328 secs] 180598K->44049K(494976K), 0.0020159 secs] [Times: user=0.01 sys=0.00, real=0.00 secs] 
2019-06-11T08:30:22.261+0000: 40.003: [GC (Allocation Failure) 2019-06-11T08:30:22.261+0000: 40.003: [DefNew: 136776K->209K(153600K), 0.0018864 secs] 180625K->44058K(494976K), 0.0019466 secs] [Times: user=0.01 sys=0.00, real=0.00 secs] 
2019-06-11T08:30:26.688+0000: 44.429: [GC (Allocation Failure) 2019-06-11T08:30:26.688+0000: 44.429: [DefNew: 136785K->199K(153600K), 0.0018557 secs] 180634K->44048K(494976K), 0.0019134 secs] [Times: user=0.00 sys=0.00, real=0.00 secs] 
2019-06-11T08:30:31.133+0000: 48.874: [GC (Allocation Failure) 2019-06-11T08:30:31.133+0000: 48.874: [DefNew: 136775K->209K(153600K), 0.0019439 secs] 180624K->44058K(494976K), 0.0020068 secs] [Times: user=0.01 sys=0.00, real=0.00 secs] 
2019-06-11T08:30:35.581+0000: 53.323: [GC (Allocation Failure) 2019-06-11T08:30:35.581+0000: 53.323: [DefNew: 136785K->203K(153600K), 0.0018803 secs] 180634K->44052K(494976K), 0.0019378 secs] [Times: user=0.00 sys=0.00, real=0.00 secs] 
2019-06-11T08:30:40.040+0000: 57.782: [GC (Allocation Failure) 2019-06-11T08:30:40.040+0000: 57.782: [DefNew: 136779K->198K(153600K), 0.0019615 secs] 180628K->44047K(494976K), 0.0020237 secs] [Times: user=0.00 sys=0.00, real=0.00 secs] 
2019-06-11T08:30:44.385+0000: 62.126: [GC (Allocation Failure) 2019-06-11T08:30:44.385+0000: 62.126: [DefNew: 136774K->504K(153600K), 0.0023625 secs] 180623K->44353K(494976K), 0.0024223 secs] [Times: user=0.00 sys=0.00, real=0.00 secs] 
08:30:51.356 [Curator-PathChildrenCache-0] ERROR o.a.c.f.r.c.PathChildrenCache  - 
java.lang.IllegalStateException: instance must be started before calling this method
	at org.apache.curator.shaded.com.google.common.base.Preconditions.checkState(Preconditions.java:444)
	at org.apache.curator.framework.imps.CuratorFrameworkImpl.getChildren(CuratorFrameworkImpl.java:456)
	at org.apache.curator.framework.recipes.cache.PathChildrenCache.refresh(PathChildrenCache.java:521)
	at org.apache.curator.framework.recipes.cache.RefreshOperation.invoke(RefreshOperation.java:35)
	at org.apache.curator.framework.recipes.cache.PathChildrenCache$9.run(PathChildrenCache.java:786)
	at java.util.concurrent.Executors$RunnableAdapter.call(Executors.java:511)
	at java.util.concurrent.FutureTask.run(FutureTask.java:266)
	at java.util.concurrent.Executors$RunnableAdapter.call(Executors.java:511)
	at java.util.concurrent.FutureTask.run(FutureTask.java:266)
	at java.util.concurrent.ThreadPoolExecutor.runWorker(ThreadPoolExecutor.java:1149)
	at java.util.concurrent.ThreadPoolExecutor$Worker.run(ThreadPoolExecutor.java:624)
	at java.lang.Thread.run(Thread.java:748)
Heap
 def new generation   total 153600K, used 71335K [0x00000000e0c00000, 0x00000000eb2a0000, 0x00000000eb2a0000)
  eden space 136576K,  51% used [0x00000000e0c00000, 0x00000000e512bb58, 0x00000000e9160000)
  from space 17024K,   2% used [0x00000000e9160000, 0x00000000e91de318, 0x00000000ea200000)
  to   space 17024K,   0% used [0x00000000ea200000, 0x00000000ea200000, 0x00000000eb2a0000)
 tenured generation   total 341376K, used 43849K [0x00000000eb2a0000, 0x0000000100000000, 0x0000000100000000)
   the space 341376K,  12% used [0x00000000eb2a0000, 0x00000000edd72478, 0x00000000edd72600, 0x0000000100000000)
 Metaspace       used 36296K, capacity 37250K, committed 37504K, reserved 1081344K
  class space    used 4898K, capacity 5123K, committed 5248K, reserved 1048576K
