11:26:41,300 |-INFO in ch.qos.logback.classic.LoggerContext[default] - Could NOT find resource [logback-test.xml]
11:26:41,301 |-INFO in ch.qos.logback.classic.LoggerContext[default] - Could NOT find resource [logback.groovy]
11:26:41,301 |-INFO in ch.qos.logback.classic.LoggerContext[default] - Found resource [logback.xml] at [jar:file:/root/flamestream/lib/flamestream-runtime-1.0-SNAPSHOT.jar!/logback.xml]
11:26:41,302 |-WARN in ch.qos.logback.classic.LoggerContext[default] - Resource [logback.xml] occurs multiple times on the classpath.
11:26:41,302 |-WARN in ch.qos.logback.classic.LoggerContext[default] - Resource [logback.xml] occurs at [jar:file:/root/flamestream/lib/flamestream-runtime-1.0-SNAPSHOT.jar!/logback.xml]
11:26:41,302 |-WARN in ch.qos.logback.classic.LoggerContext[default] - Resource [logback.xml] occurs at [jar:file:/root/flamestream/flamestream-runtime-1.0-SNAPSHOT.jar!/logback.xml]
11:26:41,321 |-INFO in ch.qos.logback.core.joran.spi.ConfigurationWatchList@3fb6a447 - URL [jar:file:/root/flamestream/lib/flamestream-runtime-1.0-SNAPSHOT.jar!/logback.xml] is not of type file
11:26:41,388 |-INFO in ch.qos.logback.classic.joran.action.ConfigurationAction - debug attribute not set
11:26:41,388 |-INFO in ch.qos.logback.core.joran.action.AppenderAction - About to instantiate appender of type [ch.qos.logback.core.ConsoleAppender]
11:26:41,404 |-INFO in ch.qos.logback.core.joran.action.AppenderAction - Naming appender as [STDOUT]
11:26:41,423 |-INFO in ch.qos.logback.core.joran.action.NestedComplexPropertyIA - Assuming default type [ch.qos.logback.classic.encoder.PatternLayoutEncoder] for [encoder] property
11:26:41,508 |-INFO in ch.qos.logback.core.joran.action.AppenderAction - About to instantiate appender of type [ch.qos.logback.core.rolling.RollingFileAppender]
11:26:41,513 |-INFO in ch.qos.logback.core.joran.action.AppenderAction - Naming appender as [FILE]
11:26:41,543 |-INFO in c.q.l.core.rolling.TimeBasedRollingPolicy@127618319 - No compression will be used
11:26:41,544 |-INFO in c.q.l.core.rolling.TimeBasedRollingPolicy@127618319 - Will use the pattern /tmp/application_%d{yyyy-MM-dd}.%i.log for the active file
11:26:41,547 |-INFO in ch.qos.logback.core.rolling.SizeAndTimeBasedFNATP@6b2fad11 - The date pattern is 'yyyy-MM-dd' from file name pattern '/tmp/application_%d{yyyy-MM-dd}.%i.log'.
11:26:41,547 |-INFO in ch.qos.logback.core.rolling.SizeAndTimeBasedFNATP@6b2fad11 - Roll-over at midnight.
11:26:41,552 |-INFO in ch.qos.logback.core.rolling.SizeAndTimeBasedFNATP@6b2fad11 - Setting initial period to Tue Jun 11 11:25:29 UTC 2019
11:26:41,552 |-WARN in ch.qos.logback.core.rolling.SizeAndTimeBasedFNATP@6b2fad11 - SizeAndTimeBasedFNATP is deprecated. Use SizeAndTimeBasedRollingPolicy instead
11:26:41,552 |-WARN in ch.qos.logback.core.rolling.SizeAndTimeBasedFNATP@6b2fad11 - For more information see http://logback.qos.ch/manual/appenders.html#SizeAndTimeBasedRollingPolicy
11:26:41,557 |-INFO in ch.qos.logback.core.joran.action.NestedComplexPropertyIA - Assuming default type [ch.qos.logback.classic.encoder.PatternLayoutEncoder] for [encoder] property
11:26:41,561 |-INFO in ch.qos.logback.core.rolling.RollingFileAppender[FILE] - Active log file name: /tmp/application.log
11:26:41,561 |-INFO in ch.qos.logback.core.rolling.RollingFileAppender[FILE] - File property is set to [/tmp/application.log]
11:26:41,562 |-INFO in ch.qos.logback.classic.joran.action.RootLoggerAction - Setting level of ROOT logger to WARN
11:26:41,562 |-INFO in ch.qos.logback.core.joran.action.AppenderRefAction - Attaching appender named [STDOUT] to Logger[ROOT]
11:26:41,563 |-INFO in ch.qos.logback.core.joran.action.AppenderRefAction - Attaching appender named [FILE] to Logger[ROOT]
11:26:41,563 |-INFO in ch.qos.logback.classic.joran.action.ConfigurationAction - End of configuration.
11:26:41,563 |-INFO in ch.qos.logback.classic.joran.JoranConfigurator@79698539 - Registering current configuration as safe fallback point

Ama winner
Ama winner
2019-06-11T11:26:42.849+0000: 1.736: [Full GC (Metadata GC Threshold) 2019-06-11T11:26:42.849+0000: 1.736: [Tenured: 0K->15233K(341376K), 0.0394928 secs] 117815K->15233K(494976K), [Metaspace: 20727K->20727K(1067008K)], 0.0395625 secs] [Times: user=0.03 sys=0.01, real=0.04 secs] 
11:27:03.582 [Curator-PathChildrenCache-2] WARN  o.a.c.u.ZKPaths  - The version of ZooKeeper being used doesn't support Container nodes. CreateMode.PERSISTENT will be used instead.
2019-06-11T11:27:06.004+0000: 24.891: [GC (Allocation Failure) 2019-06-11T11:27:06.004+0000: 24.891: [DefNew: 121913K->17023K(153600K), 0.0324118 secs] 137146K->33221K(494976K), 0.0324833 secs] [Times: user=0.03 sys=0.01, real=0.04 secs] 
2019-06-11T11:27:06.251+0000: 25.138: [Full GC (Metadata GC Threshold) 2019-06-11T11:27:06.251+0000: 25.138: [Tenured: 16197K->44392K(341376K), 0.0473781 secs] 62998K->44392K(494976K), [Metaspace: 34512K->34512K(1079296K)], 0.0474842 secs] [Times: user=0.05 sys=0.00, real=0.05 secs] 
2019-06-11T11:27:08.180+0000: 27.067: [GC (Allocation Failure) 2019-06-11T11:27:08.180+0000: 27.067: [DefNew: 136576K->73K(153600K), 0.0018897 secs] 180968K->44465K(494976K), 0.0019581 secs] [Times: user=0.00 sys=0.00, real=0.00 secs] 
2019-06-11T11:27:09.960+0000: 28.847: [GC (Allocation Failure) 2019-06-11T11:27:09.960+0000: 28.847: [DefNew: 136649K->101K(153600K), 0.0018057 secs] 181041K->44493K(494976K), 0.0018644 secs] [Times: user=0.00 sys=0.00, real=0.00 secs] 
2019-06-11T11:27:11.728+0000: 30.615: [GC (Allocation Failure) 2019-06-11T11:27:11.728+0000: 30.615: [DefNew: 136677K->130K(153600K), 0.0018889 secs] 181069K->44522K(494976K), 0.0019507 secs] [Times: user=0.00 sys=0.00, real=0.00 secs] 
2019-06-11T11:27:13.524+0000: 32.411: [GC (Allocation Failure) 2019-06-11T11:27:13.524+0000: 32.411: [DefNew: 136706K->138K(153600K), 0.0018085 secs] 181098K->44530K(494976K), 0.0018678 secs] [Times: user=0.01 sys=0.00, real=0.01 secs] 
2019-06-11T11:27:15.289+0000: 34.176: [GC (Allocation Failure) 2019-06-11T11:27:15.289+0000: 34.176: [DefNew: 136714K->138K(153600K), 0.0018489 secs] 181106K->44530K(494976K), 0.0019206 secs] [Times: user=0.00 sys=0.00, real=0.00 secs] 
2019-06-11T11:27:17.032+0000: 35.919: [GC (Allocation Failure) 2019-06-11T11:27:17.032+0000: 35.919: [DefNew: 136714K->171K(153600K), 0.0018773 secs] 181106K->44563K(494976K), 0.0019381 secs] [Times: user=0.00 sys=0.00, real=0.01 secs] 
2019-06-11T11:27:18.819+0000: 37.706: [GC (Allocation Failure) 2019-06-11T11:27:18.819+0000: 37.706: [DefNew: 136747K->169K(153600K), 0.0019006 secs] 181139K->44561K(494976K), 0.0019722 secs] [Times: user=0.00 sys=0.00, real=0.00 secs] 
2019-06-11T11:27:25.899+0000: 44.786: [GC (Allocation Failure) 2019-06-11T11:27:25.899+0000: 44.786: [DefNew: 136745K->170K(153600K), 0.0019214 secs] 181137K->44562K(494976K), 0.0019836 secs] [Times: user=0.01 sys=0.00, real=0.00 secs] 
11:27:26.791 [Curator-PathChildrenCache-0] ERROR o.a.c.f.r.c.PathChildrenCache  - 
java.lang.IllegalStateException: instance must be started before calling this method
	at org.apache.curator.shaded.com.google.common.base.Preconditions.checkState(Preconditions.java:444)
	at org.apache.curator.framework.imps.CuratorFrameworkImpl.getChildren(CuratorFrameworkImpl.java:456)
	at org.apache.curator.framework.recipes.cache.PathChildrenCache.refresh(PathChildrenCache.java:521)
	at org.apache.curator.framework.recipes.cache.RefreshOperation.invoke(RefreshOperation.java:35)
	at org.apache.curator.framework.recipes.cache.PathChildrenCache$9.run(PathChildrenCache.java:786)
	at java.util.concurrent.Executors$RunnableAdapter.call(Executors.java:511)
	at java.util.concurrent.FutureTask.run(FutureTask.java:266)
	at java.util.concurrent.Executors$RunnableAdapter.call(Executors.java:511)
	at java.util.concurrent.FutureTask.run(FutureTask.java:266)
	at java.util.concurrent.ThreadPoolExecutor.runWorker(ThreadPoolExecutor.java:1149)
	at java.util.concurrent.ThreadPoolExecutor$Worker.run(ThreadPoolExecutor.java:624)
	at java.lang.Thread.run(Thread.java:748)
Heap
 def new generation   total 153600K, used 28518K [0x00000000e0c00000, 0x00000000eb2a0000, 0x00000000eb2a0000)
  eden space 136576K,  20% used [0x00000000e0c00000, 0x00000000e27aefa0, 0x00000000e9160000)
  from space 17024K,   1% used [0x00000000ea200000, 0x00000000ea22aa50, 0x00000000eb2a0000)
  to   space 17024K,   0% used [0x00000000e9160000, 0x00000000e9160000, 0x00000000ea200000)
 tenured generation   total 341376K, used 44392K [0x00000000eb2a0000, 0x0000000100000000, 0x0000000100000000)
   the space 341376K,  13% used [0x00000000eb2a0000, 0x00000000eddfa058, 0x00000000eddfa200, 0x0000000100000000)
 Metaspace       used 35771K, capacity 36724K, committed 36864K, reserved 1081344K
  class space    used 4858K, capacity 5058K, committed 5120K, reserved 1048576K
