17:49:43,641 |-INFO in ch.qos.logback.classic.LoggerContext[default] - Could NOT find resource [logback-test.xml]
17:49:43,641 |-INFO in ch.qos.logback.classic.LoggerContext[default] - Could NOT find resource [logback.groovy]
17:49:43,642 |-INFO in ch.qos.logback.classic.LoggerContext[default] - Found resource [logback.xml] at [jar:file:/root/flamestream/lib/flamestream-runtime-1.0-SNAPSHOT.jar!/logback.xml]
17:49:43,642 |-WARN in ch.qos.logback.classic.LoggerContext[default] - Resource [logback.xml] occurs multiple times on the classpath.
17:49:43,643 |-WARN in ch.qos.logback.classic.LoggerContext[default] - Resource [logback.xml] occurs at [jar:file:/root/flamestream/lib/flamestream-runtime-1.0-SNAPSHOT.jar!/logback.xml]
17:49:43,643 |-WARN in ch.qos.logback.classic.LoggerContext[default] - Resource [logback.xml] occurs at [jar:file:/root/flamestream/flamestream-runtime-1.0-SNAPSHOT.jar!/logback.xml]
17:49:43,663 |-INFO in ch.qos.logback.core.joran.spi.ConfigurationWatchList@3fb6a447 - URL [jar:file:/root/flamestream/lib/flamestream-runtime-1.0-SNAPSHOT.jar!/logback.xml] is not of type file
17:49:43,732 |-INFO in ch.qos.logback.classic.joran.action.ConfigurationAction - debug attribute not set
17:49:43,732 |-INFO in ch.qos.logback.core.joran.action.AppenderAction - About to instantiate appender of type [ch.qos.logback.core.ConsoleAppender]
17:49:43,748 |-INFO in ch.qos.logback.core.joran.action.AppenderAction - Naming appender as [STDOUT]
17:49:43,766 |-INFO in ch.qos.logback.core.joran.action.NestedComplexPropertyIA - Assuming default type [ch.qos.logback.classic.encoder.PatternLayoutEncoder] for [encoder] property
17:49:43,858 |-INFO in ch.qos.logback.core.joran.action.AppenderAction - About to instantiate appender of type [ch.qos.logback.core.rolling.RollingFileAppender]
17:49:43,863 |-INFO in ch.qos.logback.core.joran.action.AppenderAction - Naming appender as [FILE]
17:49:43,895 |-INFO in c.q.l.core.rolling.TimeBasedRollingPolicy@127618319 - No compression will be used
17:49:43,897 |-INFO in c.q.l.core.rolling.TimeBasedRollingPolicy@127618319 - Will use the pattern /tmp/application_%d{yyyy-MM-dd}.%i.log for the active file
17:49:43,900 |-INFO in ch.qos.logback.core.rolling.SizeAndTimeBasedFNATP@6b2fad11 - The date pattern is 'yyyy-MM-dd' from file name pattern '/tmp/application_%d{yyyy-MM-dd}.%i.log'.
17:49:43,900 |-INFO in ch.qos.logback.core.rolling.SizeAndTimeBasedFNATP@6b2fad11 - Roll-over at midnight.
17:49:43,905 |-INFO in ch.qos.logback.core.rolling.SizeAndTimeBasedFNATP@6b2fad11 - Setting initial period to Mon Jun 10 17:48:30 UTC 2019
17:49:43,905 |-WARN in ch.qos.logback.core.rolling.SizeAndTimeBasedFNATP@6b2fad11 - SizeAndTimeBasedFNATP is deprecated. Use SizeAndTimeBasedRollingPolicy instead
17:49:43,905 |-WARN in ch.qos.logback.core.rolling.SizeAndTimeBasedFNATP@6b2fad11 - For more information see http://logback.qos.ch/manual/appenders.html#SizeAndTimeBasedRollingPolicy
17:49:43,909 |-INFO in ch.qos.logback.core.joran.action.NestedComplexPropertyIA - Assuming default type [ch.qos.logback.classic.encoder.PatternLayoutEncoder] for [encoder] property
17:49:43,914 |-INFO in ch.qos.logback.core.rolling.RollingFileAppender[FILE] - Active log file name: /tmp/application.log
17:49:43,914 |-INFO in ch.qos.logback.core.rolling.RollingFileAppender[FILE] - File property is set to [/tmp/application.log]
17:49:43,915 |-INFO in ch.qos.logback.classic.joran.action.RootLoggerAction - Setting level of ROOT logger to WARN
17:49:43,915 |-INFO in ch.qos.logback.core.joran.action.AppenderRefAction - Attaching appender named [STDOUT] to Logger[ROOT]
17:49:43,917 |-INFO in ch.qos.logback.core.joran.action.AppenderRefAction - Attaching appender named [FILE] to Logger[ROOT]
17:49:43,918 |-INFO in ch.qos.logback.classic.joran.action.ConfigurationAction - End of configuration.
17:49:43,918 |-INFO in ch.qos.logback.classic.joran.JoranConfigurator@79698539 - Registering current configuration as safe fallback point

Ama winner
Ama winner
2019-06-10T17:49:45.245+0000: 1.792: [Full GC (Metadata GC Threshold) 2019-06-10T17:49:45.245+0000: 1.792: [Tenured: 0K->15144K(341376K), 0.0408011 secs] 114987K->15144K(494976K), [Metaspace: 20739K->20739K(1067008K)], 0.0408710 secs] [Times: user=0.04 sys=0.00, real=0.05 secs] 
17:50:06.519 [Curator-PathChildrenCache-1] WARN  o.a.c.u.ZKPaths  - The version of ZooKeeper being used doesn't support Container nodes. CreateMode.PERSISTENT will be used instead.
2019-06-10T17:50:09.123+0000: 25.669: [GC (Allocation Failure) 2019-06-10T17:50:09.123+0000: 25.669: [DefNew: 136576K->17024K(153600K), 0.0265349 secs] 151720K->52569K(494976K), 0.0266174 secs] [Times: user=0.03 sys=0.00, real=0.03 secs] 
2019-06-10T17:50:10.390+0000: 26.937: [Full GC (Metadata GC Threshold) 2019-06-10T17:50:10.390+0000: 26.937: [Tenured: 35545K->44169K(341376K), 0.0391411 secs] 81878K->44169K(494976K), [Metaspace: 34586K->34586K(1079296K)], 0.0392409 secs] [Times: user=0.04 sys=0.00, real=0.04 secs] 
2019-06-10T17:50:16.233+0000: 32.780: [GC (Allocation Failure) 2019-06-10T17:50:16.233+0000: 32.780: [DefNew: 136576K->87K(153600K), 0.0021128 secs] 180745K->44256K(494976K), 0.0021652 secs] [Times: user=0.00 sys=0.00, real=0.00 secs] 
2019-06-10T17:50:22.026+0000: 38.573: [GC (Allocation Failure) 2019-06-10T17:50:22.026+0000: 38.573: [DefNew: 136663K->84K(153600K), 0.0017995 secs] 180832K->44253K(494976K), 0.0018571 secs] [Times: user=0.00 sys=0.00, real=0.00 secs] 
2019-06-10T17:50:27.879+0000: 44.426: [GC (Allocation Failure) 2019-06-10T17:50:27.879+0000: 44.426: [DefNew: 136660K->93K(153600K), 0.0018717 secs] 180829K->44262K(494976K), 0.0019274 secs] [Times: user=0.00 sys=0.00, real=0.00 secs] 
2019-06-10T17:50:33.675+0000: 50.222: [GC (Allocation Failure) 2019-06-10T17:50:33.675+0000: 50.222: [DefNew: 136669K->97K(153600K), 0.0019362 secs] 180838K->44266K(494976K), 0.0019943 secs] [Times: user=0.00 sys=0.00, real=0.01 secs] 
17:50:43.847 [Curator-PathChildrenCache-0] ERROR o.a.c.f.r.c.PathChildrenCache  - 
java.lang.IllegalStateException: instance must be started before calling this method
	at org.apache.curator.shaded.com.google.common.base.Preconditions.checkState(Preconditions.java:444)
	at org.apache.curator.framework.imps.CuratorFrameworkImpl.getChildren(CuratorFrameworkImpl.java:456)
	at org.apache.curator.framework.recipes.cache.PathChildrenCache.refresh(PathChildrenCache.java:521)
	at org.apache.curator.framework.recipes.cache.RefreshOperation.invoke(RefreshOperation.java:35)
	at org.apache.curator.framework.recipes.cache.PathChildrenCache$9.run(PathChildrenCache.java:786)
	at java.util.concurrent.Executors$RunnableAdapter.call(Executors.java:511)
	at java.util.concurrent.FutureTask.run(FutureTask.java:266)
	at java.util.concurrent.Executors$RunnableAdapter.call(Executors.java:511)
	at java.util.concurrent.FutureTask.run(FutureTask.java:266)
	at java.util.concurrent.ThreadPoolExecutor.runWorker(ThreadPoolExecutor.java:1149)
	at java.util.concurrent.ThreadPoolExecutor$Worker.run(ThreadPoolExecutor.java:624)
	at java.lang.Thread.run(Thread.java:748)
2019-06-10T17:50:44.061+0000: 60.607: [GC (Allocation Failure) 2019-06-10T17:50:44.061+0000: 60.607: [DefNew: 136673K->749K(153600K), 0.0030029 secs] 180842K->44918K(494976K), 0.0030799 secs] [Times: user=0.00 sys=0.00, real=0.00 secs] 
Heap
 def new generation   total 153600K, used 11726K [0x00000000e0c00000, 0x00000000eb2a0000, 0x00000000eb2a0000)
  eden space 136576K,   8% used [0x00000000e0c00000, 0x00000000e16b82b8, 0x00000000e9160000)
  from space 17024K,   4% used [0x00000000e9160000, 0x00000000e921b7b0, 0x00000000ea200000)
  to   space 17024K,   0% used [0x00000000ea200000, 0x00000000ea200000, 0x00000000eb2a0000)
 tenured generation   total 341376K, used 44169K [0x00000000eb2a0000, 0x0000000100000000, 0x0000000100000000)
   the space 341376K,  12% used [0x00000000eb2a0000, 0x00000000eddc2440, 0x00000000eddc2600, 0x0000000100000000)
 Metaspace       used 35999K, capacity 36914K, committed 37120K, reserved 1081344K
  class space    used 4828K, capacity 5045K, committed 5120K, reserved 1048576K
