09:36:16,092 |-INFO in ch.qos.logback.classic.LoggerContext[default] - Could NOT find resource [logback-test.xml]
09:36:16,092 |-INFO in ch.qos.logback.classic.LoggerContext[default] - Could NOT find resource [logback.groovy]
09:36:16,092 |-INFO in ch.qos.logback.classic.LoggerContext[default] - Found resource [logback.xml] at [jar:file:/home/nikitasokolov/flamestream/lib/flamestream-runtime-1.0-SNAPSHOT.jar!/logback.xml]
09:36:16,093 |-WARN in ch.qos.logback.classic.LoggerContext[default] - Resource [logback.xml] occurs multiple times on the classpath.
09:36:16,093 |-WARN in ch.qos.logback.classic.LoggerContext[default] - Resource [logback.xml] occurs at [jar:file:/home/nikitasokolov/flamestream/lib/flamestream-runtime-1.0-SNAPSHOT.jar!/logback.xml]
09:36:16,093 |-WARN in ch.qos.logback.classic.LoggerContext[default] - Resource [logback.xml] occurs at [jar:file:/home/nikitasokolov/flamestream/flamestream-runtime-1.0-SNAPSHOT.jar!/logback.xml]
09:36:16,110 |-INFO in ch.qos.logback.core.joran.spi.ConfigurationWatchList@6108b2d7 - URL [jar:file:/home/nikitasokolov/flamestream/lib/flamestream-runtime-1.0-SNAPSHOT.jar!/logback.xml] is not of type file
09:36:16,160 |-INFO in ch.qos.logback.classic.joran.action.ConfigurationAction - debug attribute not set
09:36:16,160 |-INFO in ch.qos.logback.core.joran.action.AppenderAction - About to instantiate appender of type [ch.qos.logback.core.ConsoleAppender]
09:36:16,168 |-INFO in ch.qos.logback.core.joran.action.AppenderAction - Naming appender as [STDOUT]
09:36:16,176 |-INFO in ch.qos.logback.core.joran.action.NestedComplexPropertyIA - Assuming default type [ch.qos.logback.classic.encoder.PatternLayoutEncoder] for [encoder] property
09:36:16,231 |-INFO in ch.qos.logback.core.joran.action.AppenderAction - About to instantiate appender of type [ch.qos.logback.core.rolling.RollingFileAppender]
09:36:16,236 |-INFO in ch.qos.logback.core.joran.action.AppenderAction - Naming appender as [FILE]
09:36:16,259 |-INFO in c.q.l.core.rolling.TimeBasedRollingPolicy@357863579 - No compression will be used
09:36:16,260 |-INFO in c.q.l.core.rolling.TimeBasedRollingPolicy@357863579 - Will use the pattern /tmp/application_%d{yyyy-MM-dd}.%i.log for the active file
09:36:16,263 |-INFO in ch.qos.logback.core.rolling.SizeAndTimeBasedFNATP@6bf256fa - The date pattern is 'yyyy-MM-dd' from file name pattern '/tmp/application_%d{yyyy-MM-dd}.%i.log'.
09:36:16,263 |-INFO in ch.qos.logback.core.rolling.SizeAndTimeBasedFNATP@6bf256fa - Roll-over at midnight.
09:36:16,267 |-INFO in ch.qos.logback.core.rolling.SizeAndTimeBasedFNATP@6bf256fa - Setting initial period to Sun Jun 09 09:35:32 MSK 2019
09:36:16,267 |-WARN in ch.qos.logback.core.rolling.SizeAndTimeBasedFNATP@6bf256fa - SizeAndTimeBasedFNATP is deprecated. Use SizeAndTimeBasedRollingPolicy instead
09:36:16,267 |-WARN in ch.qos.logback.core.rolling.SizeAndTimeBasedFNATP@6bf256fa - For more information see http://logback.qos.ch/manual/appenders.html#SizeAndTimeBasedRollingPolicy
09:36:16,272 |-INFO in ch.qos.logback.core.joran.action.NestedComplexPropertyIA - Assuming default type [ch.qos.logback.classic.encoder.PatternLayoutEncoder] for [encoder] property
09:36:16,274 |-INFO in ch.qos.logback.core.rolling.RollingFileAppender[FILE] - Active log file name: /tmp/application.log
09:36:16,274 |-INFO in ch.qos.logback.core.rolling.RollingFileAppender[FILE] - File property is set to [/tmp/application.log]
09:36:16,275 |-INFO in ch.qos.logback.classic.joran.action.RootLoggerAction - Setting level of ROOT logger to WARN
09:36:16,275 |-INFO in ch.qos.logback.core.joran.action.AppenderRefAction - Attaching appender named [STDOUT] to Logger[ROOT]
09:36:16,276 |-INFO in ch.qos.logback.core.joran.action.AppenderRefAction - Attaching appender named [FILE] to Logger[ROOT]
09:36:16,276 |-INFO in ch.qos.logback.classic.joran.action.ConfigurationAction - End of configuration.
09:36:16,276 |-INFO in ch.qos.logback.classic.joran.JoranConfigurator@6cd8737 - Registering current configuration as safe fallback point

2019-06-09T09:36:17.249+0300: 1.364: [GC (Metadata GC Threshold) [PSYoungGen: 110722K->15819K(149504K)] 110722K->15899K(491008K), 0.0200549 secs] [Times: user=0.06 sys=0.01, real=0.02 secs] 
2019-06-09T09:36:17.269+0300: 1.384: [Full GC (Metadata GC Threshold) [PSYoungGen: 15819K->0K(149504K)] [ParOldGen: 80K->15078K(341504K)] 15899K->15078K(491008K), [Metaspace: 20802K->20802K(1067008K)], 0.0267787 secs] [Times: user=0.16 sys=0.02, real=0.03 secs] 
09:36:28.930 [Curator-PathChildrenCache-1] WARN  o.a.c.u.ZKPaths  - The version of ZooKeeper being used doesn't support Container nodes. CreateMode.PERSISTENT will be used instead.
2019-06-09T09:36:29.805+0300: 13.920: [GC (Metadata GC Threshold) [PSYoungGen: 127476K->15971K(149504K)] 142554K->50589K(491008K), 0.0265565 secs] [Times: user=0.22 sys=0.02, real=0.03 secs] 
2019-06-09T09:36:29.832+0300: 13.947: [Full GC (Metadata GC Threshold) [PSYoungGen: 15971K->0K(149504K)] [ParOldGen: 34617K->38875K(341504K)] 50589K->38875K(491008K), [Metaspace: 34553K->34553K(1079296K)], 0.0481893 secs] [Times: user=0.35 sys=0.00, real=0.05 secs] 
2019-06-09T09:36:31.802+0300: 15.917: [GC (Allocation Failure) [PSYoungGen: 128512K->704K(149504K)] 167387K->39587K(491008K), 0.0034755 secs] [Times: user=0.02 sys=0.00, real=0.00 secs] 
2019-06-09T09:36:34.426+0300: 18.541: [GC (Allocation Failure) [PSYoungGen: 129216K->576K(149504K)] 168099K->39467K(491008K), 0.0034406 secs] [Times: user=0.02 sys=0.00, real=0.01 secs] 
2019-06-09T09:36:36.517+0300: 20.631: [GC (Allocation Failure) [PSYoungGen: 129088K->640K(129536K)] 167979K->39539K(471040K), 0.0037809 secs] [Times: user=0.03 sys=0.00, real=0.01 secs] 
2019-06-09T09:36:38.748+0300: 22.863: [GC (Allocation Failure) [PSYoungGen: 129152K->768K(150016K)] 168051K->39667K(491520K), 0.0033935 secs] [Times: user=0.02 sys=0.00, real=0.01 secs] 
2019-06-09T09:36:40.366+0300: 24.481: [GC (Allocation Failure) [PSYoungGen: 129280K->640K(148992K)] 168179K->39539K(490496K), 0.0030378 secs] [Times: user=0.01 sys=0.00, real=0.00 secs] 
2019-06-09T09:36:41.931+0300: 26.046: [GC (Allocation Failure) [PSYoungGen: 129152K->672K(151552K)] 168051K->39571K(493056K), 0.0044095 secs] [Times: user=0.03 sys=0.00, real=0.00 secs] 
2019-06-09T09:36:43.663+0300: 27.777: [GC (Allocation Failure) [PSYoungGen: 132768K->640K(151040K)] 171667K->39547K(492544K), 0.0044830 secs] [Times: user=0.03 sys=0.00, real=0.00 secs] 
2019-06-09T09:36:45.608+0300: 29.723: [GC (Allocation Failure) [PSYoungGen: 132736K->704K(153088K)] 171643K->39611K(494592K), 0.0036348 secs] [Times: user=0.01 sys=0.02, real=0.01 secs] 
2019-06-09T09:36:47.806+0300: 31.921: [GC (Allocation Failure) [PSYoungGen: 135872K->608K(152576K)] 174779K->39523K(494080K), 0.0028307 secs] [Times: user=0.01 sys=0.00, real=0.00 secs] 
2019-06-09T09:36:49.547+0300: 33.662: [GC (Allocation Failure) [PSYoungGen: 135776K->640K(154624K)] 174691K->39563K(496128K), 0.0029740 secs] [Times: user=0.01 sys=0.00, real=0.01 secs] 
2019-06-09T09:36:51.630+0300: 35.745: [GC (Allocation Failure) [PSYoungGen: 138880K->608K(154112K)] 177803K->39539K(495616K), 0.0032393 secs] [Times: user=0.02 sys=0.00, real=0.00 secs] 
09:36:59.808 [Curator-PathChildrenCache-0] ERROR o.a.c.f.r.c.PathChildrenCache  - 
java.lang.IllegalStateException: instance must be started before calling this method
	at org.apache.curator.shaded.com.google.common.base.Preconditions.checkState(Preconditions.java:444)
	at org.apache.curator.framework.imps.CuratorFrameworkImpl.getChildren(CuratorFrameworkImpl.java:456)
	at org.apache.curator.framework.recipes.cache.PathChildrenCache.refresh(PathChildrenCache.java:521)
	at org.apache.curator.framework.recipes.cache.RefreshOperation.invoke(RefreshOperation.java:35)
	at org.apache.curator.framework.recipes.cache.PathChildrenCache$9.run(PathChildrenCache.java:786)
	at java.util.concurrent.Executors$RunnableAdapter.call(Executors.java:511)
	at java.util.concurrent.FutureTask.run(FutureTask.java:266)
	at java.util.concurrent.Executors$RunnableAdapter.call(Executors.java:511)
	at java.util.concurrent.FutureTask.run(FutureTask.java:266)
	at java.util.concurrent.ThreadPoolExecutor.runWorker(ThreadPoolExecutor.java:1149)
	at java.util.concurrent.ThreadPoolExecutor$Worker.run(ThreadPoolExecutor.java:624)
	at java.lang.Thread.run(Thread.java:748)
Heap
 PSYoungGen      total 154112K, used 113626K [0x00000000f5980000, 0x0000000100000000, 0x0000000100000000)
  eden space 138240K, 81% used [0x00000000f5980000,0x00000000fc7de8b0,0x00000000fe080000)
  from space 15872K, 3% used [0x00000000fe080000,0x00000000fe118050,0x00000000ff000000)
  to   space 14848K, 0% used [0x00000000ff180000,0x00000000ff180000,0x0000000100000000)
 ParOldGen       total 341504K, used 38931K [0x00000000e0c00000, 0x00000000f5980000, 0x00000000f5980000)
  object space 341504K, 11% used [0x00000000e0c00000,0x00000000e3204f98,0x00000000f5980000)
 Metaspace       used 35739K, capacity 36614K, committed 36952K, reserved 1081344K
  class space    used 4936K, capacity 5129K, committed 5248K, reserved 1048576K
