18:55:29,101 |-INFO in ch.qos.logback.classic.LoggerContext[default] - Could NOT find resource [logback-test.xml]
18:55:29,101 |-INFO in ch.qos.logback.classic.LoggerContext[default] - Could NOT find resource [logback.groovy]
18:55:29,101 |-INFO in ch.qos.logback.classic.LoggerContext[default] - Found resource [logback.xml] at [jar:file:/root/flamestream/lib/flamestream-runtime-1.0-SNAPSHOT.jar!/logback.xml]
18:55:29,102 |-WARN in ch.qos.logback.classic.LoggerContext[default] - Resource [logback.xml] occurs multiple times on the classpath.
18:55:29,102 |-WARN in ch.qos.logback.classic.LoggerContext[default] - Resource [logback.xml] occurs at [jar:file:/root/flamestream/lib/flamestream-runtime-1.0-SNAPSHOT.jar!/logback.xml]
18:55:29,102 |-WARN in ch.qos.logback.classic.LoggerContext[default] - Resource [logback.xml] occurs at [jar:file:/root/flamestream/flamestream-runtime-1.0-SNAPSHOT.jar!/logback.xml]
18:55:29,121 |-INFO in ch.qos.logback.core.joran.spi.ConfigurationWatchList@3fb6a447 - URL [jar:file:/root/flamestream/lib/flamestream-runtime-1.0-SNAPSHOT.jar!/logback.xml] is not of type file
18:55:29,186 |-INFO in ch.qos.logback.classic.joran.action.ConfigurationAction - debug attribute not set
18:55:29,187 |-INFO in ch.qos.logback.core.joran.action.AppenderAction - About to instantiate appender of type [ch.qos.logback.core.ConsoleAppender]
18:55:29,203 |-INFO in ch.qos.logback.core.joran.action.AppenderAction - Naming appender as [STDOUT]
18:55:29,223 |-INFO in ch.qos.logback.core.joran.action.NestedComplexPropertyIA - Assuming default type [ch.qos.logback.classic.encoder.PatternLayoutEncoder] for [encoder] property
18:55:29,315 |-INFO in ch.qos.logback.core.joran.action.AppenderAction - About to instantiate appender of type [ch.qos.logback.core.rolling.RollingFileAppender]
18:55:29,328 |-INFO in ch.qos.logback.core.joran.action.AppenderAction - Naming appender as [FILE]
18:55:29,355 |-INFO in c.q.l.core.rolling.TimeBasedRollingPolicy@127618319 - No compression will be used
18:55:29,356 |-INFO in c.q.l.core.rolling.TimeBasedRollingPolicy@127618319 - Will use the pattern /tmp/application_%d{yyyy-MM-dd}.%i.log for the active file
18:55:29,359 |-INFO in ch.qos.logback.core.rolling.SizeAndTimeBasedFNATP@6b2fad11 - The date pattern is 'yyyy-MM-dd' from file name pattern '/tmp/application_%d{yyyy-MM-dd}.%i.log'.
18:55:29,359 |-INFO in ch.qos.logback.core.rolling.SizeAndTimeBasedFNATP@6b2fad11 - Roll-over at midnight.
18:55:29,364 |-INFO in ch.qos.logback.core.rolling.SizeAndTimeBasedFNATP@6b2fad11 - Setting initial period to Mon Jun 10 18:53:52 UTC 2019
18:55:29,364 |-WARN in ch.qos.logback.core.rolling.SizeAndTimeBasedFNATP@6b2fad11 - SizeAndTimeBasedFNATP is deprecated. Use SizeAndTimeBasedRollingPolicy instead
18:55:29,364 |-WARN in ch.qos.logback.core.rolling.SizeAndTimeBasedFNATP@6b2fad11 - For more information see http://logback.qos.ch/manual/appenders.html#SizeAndTimeBasedRollingPolicy
18:55:29,367 |-INFO in ch.qos.logback.core.joran.action.NestedComplexPropertyIA - Assuming default type [ch.qos.logback.classic.encoder.PatternLayoutEncoder] for [encoder] property
18:55:29,372 |-INFO in ch.qos.logback.core.rolling.RollingFileAppender[FILE] - Active log file name: /tmp/application.log
18:55:29,372 |-INFO in ch.qos.logback.core.rolling.RollingFileAppender[FILE] - File property is set to [/tmp/application.log]
18:55:29,373 |-INFO in ch.qos.logback.classic.joran.action.RootLoggerAction - Setting level of ROOT logger to WARN
18:55:29,373 |-INFO in ch.qos.logback.core.joran.action.AppenderRefAction - Attaching appender named [STDOUT] to Logger[ROOT]
18:55:29,375 |-INFO in ch.qos.logback.core.joran.action.AppenderRefAction - Attaching appender named [FILE] to Logger[ROOT]
18:55:29,375 |-INFO in ch.qos.logback.classic.joran.action.ConfigurationAction - End of configuration.
18:55:29,376 |-INFO in ch.qos.logback.classic.joran.JoranConfigurator@79698539 - Registering current configuration as safe fallback point

Ama winner
Ama winner
2019-06-10T18:55:30.633+0000: 1.718: [Full GC (Metadata GC Threshold) 2019-06-10T18:55:30.633+0000: 1.718: [Tenured: 0K->15144K(341376K), 0.0403856 secs] 114987K->15144K(494976K), [Metaspace: 20730K->20730K(1067008K)], 0.0404635 secs] [Times: user=0.03 sys=0.01, real=0.04 secs] 
18:55:51.300 [Curator-PathChildrenCache-1] WARN  o.a.c.u.ZKPaths  - The version of ZooKeeper being used doesn't support Container nodes. CreateMode.PERSISTENT will be used instead.
2019-06-10T18:55:53.437+0000: 24.522: [GC (Allocation Failure) 2019-06-10T18:55:53.437+0000: 24.522: [DefNew: 136576K->17023K(153600K), 0.0289094 secs] 151720K->52388K(494976K), 0.0289889 secs] [Times: user=0.03 sys=0.00, real=0.02 secs] 
2019-06-10T18:55:55.894+0000: 26.979: [Full GC (Metadata GC Threshold) 2019-06-10T18:55:55.894+0000: 26.979: [Tenured: 35364K->44068K(341376K), 0.0491680 secs] 111783K->44068K(494976K), [Metaspace: 34546K->34546K(1079296K)], 0.0492421 secs] [Times: user=0.04 sys=0.01, real=0.05 secs] 
2019-06-10T18:56:01.564+0000: 32.650: [GC (Allocation Failure) 2019-06-10T18:56:01.565+0000: 32.650: [DefNew: 136576K->63K(153600K), 0.0019523 secs] 180644K->44131K(494976K), 0.0031739 secs] [Times: user=0.00 sys=0.00, real=0.00 secs] 
2019-06-10T18:56:07.297+0000: 38.382: [GC (Allocation Failure) 2019-06-10T18:56:07.297+0000: 38.382: [DefNew: 136639K->60K(153600K), 0.0016381 secs] 180707K->44128K(494976K), 0.0017006 secs] [Times: user=0.00 sys=0.00, real=0.00 secs] 
2019-06-10T18:56:12.988+0000: 44.073: [GC (Allocation Failure) 2019-06-10T18:56:12.988+0000: 44.073: [DefNew: 136636K->64K(153600K), 0.0017373 secs] 180704K->44133K(494976K), 0.0017996 secs] [Times: user=0.00 sys=0.00, real=0.00 secs] 
2019-06-10T18:56:18.713+0000: 49.798: [GC (Allocation Failure) 2019-06-10T18:56:18.713+0000: 49.798: [DefNew: 136640K->62K(153600K), 0.0016657 secs] 180709K->44131K(494976K), 0.0017266 secs] [Times: user=0.00 sys=0.00, real=0.00 secs] 
2019-06-10T18:56:32.891+0000: 63.975: [GC (Allocation Failure) 2019-06-10T18:56:32.891+0000: 63.975: [DefNew: 136638K->759K(153600K), 0.0032666 secs] 180707K->44828K(494976K), 0.0033584 secs] [Times: user=0.00 sys=0.00, real=0.00 secs] 
18:56:32.912 [Curator-PathChildrenCache-0] ERROR o.a.c.f.r.c.PathChildrenCache  - 
java.lang.IllegalStateException: instance must be started before calling this method
	at org.apache.curator.shaded.com.google.common.base.Preconditions.checkState(Preconditions.java:444)
	at org.apache.curator.framework.imps.CuratorFrameworkImpl.getChildren(CuratorFrameworkImpl.java:456)
	at org.apache.curator.framework.recipes.cache.PathChildrenCache.refresh(PathChildrenCache.java:521)
	at org.apache.curator.framework.recipes.cache.RefreshOperation.invoke(RefreshOperation.java:35)
	at org.apache.curator.framework.recipes.cache.PathChildrenCache$9.run(PathChildrenCache.java:786)
	at java.util.concurrent.Executors$RunnableAdapter.call(Executors.java:511)
	at java.util.concurrent.FutureTask.run(FutureTask.java:266)
	at java.util.concurrent.Executors$RunnableAdapter.call(Executors.java:511)
	at java.util.concurrent.FutureTask.run(FutureTask.java:266)
	at java.util.concurrent.ThreadPoolExecutor.runWorker(ThreadPoolExecutor.java:1149)
	at java.util.concurrent.ThreadPoolExecutor$Worker.run(ThreadPoolExecutor.java:624)
	at java.lang.Thread.run(Thread.java:748)
Heap
 def new generation   total 153600K, used 12785K [0x00000000e0c00000, 0x00000000eb2a0000, 0x00000000eb2a0000)
  eden space 136576K,   8% used [0x00000000e0c00000, 0x00000000e17be710, 0x00000000e9160000)
  from space 17024K,   4% used [0x00000000e9160000, 0x00000000e921df70, 0x00000000ea200000)
  to   space 17024K,   0% used [0x00000000ea200000, 0x00000000ea200000, 0x00000000eb2a0000)
 tenured generation   total 341376K, used 44068K [0x00000000eb2a0000, 0x0000000100000000, 0x0000000100000000)
   the space 341376K,  12% used [0x00000000eb2a0000, 0x00000000edda9228, 0x00000000edda9400, 0x0000000100000000)
 Metaspace       used 36080K, capacity 36988K, committed 37120K, reserved 1081344K
  class space    used 4867K, capacity 5084K, committed 5120K, reserved 1048576K
