19:14:56,134 |-INFO in ch.qos.logback.classic.LoggerContext[default] - Could NOT find resource [logback-test.xml]
19:14:56,135 |-INFO in ch.qos.logback.classic.LoggerContext[default] - Could NOT find resource [logback.groovy]
19:14:56,135 |-INFO in ch.qos.logback.classic.LoggerContext[default] - Found resource [logback.xml] at [jar:file:/root/flamestream/lib/flamestream-runtime-1.0-SNAPSHOT.jar!/logback.xml]
19:14:56,136 |-WARN in ch.qos.logback.classic.LoggerContext[default] - Resource [logback.xml] occurs multiple times on the classpath.
19:14:56,136 |-WARN in ch.qos.logback.classic.LoggerContext[default] - Resource [logback.xml] occurs at [jar:file:/root/flamestream/lib/flamestream-runtime-1.0-SNAPSHOT.jar!/logback.xml]
19:14:56,136 |-WARN in ch.qos.logback.classic.LoggerContext[default] - Resource [logback.xml] occurs at [jar:file:/root/flamestream/flamestream-runtime-1.0-SNAPSHOT.jar!/logback.xml]
19:14:56,157 |-INFO in ch.qos.logback.core.joran.spi.ConfigurationWatchList@3fb6a447 - URL [jar:file:/root/flamestream/lib/flamestream-runtime-1.0-SNAPSHOT.jar!/logback.xml] is not of type file
19:14:56,227 |-INFO in ch.qos.logback.classic.joran.action.ConfigurationAction - debug attribute not set
19:14:56,227 |-INFO in ch.qos.logback.core.joran.action.AppenderAction - About to instantiate appender of type [ch.qos.logback.core.ConsoleAppender]
19:14:56,244 |-INFO in ch.qos.logback.core.joran.action.AppenderAction - Naming appender as [STDOUT]
19:14:56,267 |-INFO in ch.qos.logback.core.joran.action.NestedComplexPropertyIA - Assuming default type [ch.qos.logback.classic.encoder.PatternLayoutEncoder] for [encoder] property
19:14:56,349 |-INFO in ch.qos.logback.core.joran.action.AppenderAction - About to instantiate appender of type [ch.qos.logback.core.rolling.RollingFileAppender]
19:14:56,354 |-INFO in ch.qos.logback.core.joran.action.AppenderAction - Naming appender as [FILE]
19:14:56,386 |-INFO in c.q.l.core.rolling.TimeBasedRollingPolicy@127618319 - No compression will be used
19:14:56,387 |-INFO in c.q.l.core.rolling.TimeBasedRollingPolicy@127618319 - Will use the pattern /tmp/application_%d{yyyy-MM-dd}.%i.log for the active file
19:14:56,390 |-INFO in ch.qos.logback.core.rolling.SizeAndTimeBasedFNATP@6b2fad11 - The date pattern is 'yyyy-MM-dd' from file name pattern '/tmp/application_%d{yyyy-MM-dd}.%i.log'.
19:14:56,390 |-INFO in ch.qos.logback.core.rolling.SizeAndTimeBasedFNATP@6b2fad11 - Roll-over at midnight.
19:14:56,396 |-INFO in ch.qos.logback.core.rolling.SizeAndTimeBasedFNATP@6b2fad11 - Setting initial period to Mon Jun 10 19:13:18 UTC 2019
19:14:56,396 |-WARN in ch.qos.logback.core.rolling.SizeAndTimeBasedFNATP@6b2fad11 - SizeAndTimeBasedFNATP is deprecated. Use SizeAndTimeBasedRollingPolicy instead
19:14:56,396 |-WARN in ch.qos.logback.core.rolling.SizeAndTimeBasedFNATP@6b2fad11 - For more information see http://logback.qos.ch/manual/appenders.html#SizeAndTimeBasedRollingPolicy
19:14:56,400 |-INFO in ch.qos.logback.core.joran.action.NestedComplexPropertyIA - Assuming default type [ch.qos.logback.classic.encoder.PatternLayoutEncoder] for [encoder] property
19:14:56,405 |-INFO in ch.qos.logback.core.rolling.RollingFileAppender[FILE] - Active log file name: /tmp/application.log
19:14:56,405 |-INFO in ch.qos.logback.core.rolling.RollingFileAppender[FILE] - File property is set to [/tmp/application.log]
19:14:56,406 |-INFO in ch.qos.logback.classic.joran.action.RootLoggerAction - Setting level of ROOT logger to WARN
19:14:56,406 |-INFO in ch.qos.logback.core.joran.action.AppenderRefAction - Attaching appender named [STDOUT] to Logger[ROOT]
19:14:56,408 |-INFO in ch.qos.logback.core.joran.action.AppenderRefAction - Attaching appender named [FILE] to Logger[ROOT]
19:14:56,408 |-INFO in ch.qos.logback.classic.joran.action.ConfigurationAction - End of configuration.
19:14:56,408 |-INFO in ch.qos.logback.classic.joran.JoranConfigurator@79698539 - Registering current configuration as safe fallback point

Ama winner
Ama winner
2019-06-10T19:14:57.722+0000: 1.776: [Full GC (Metadata GC Threshold) 2019-06-10T19:14:57.722+0000: 1.776: [Tenured: 0K->15240K(341376K), 0.0413343 secs] 114988K->15240K(494976K), [Metaspace: 20731K->20731K(1067008K)], 0.0414004 secs] [Times: user=0.03 sys=0.01, real=0.04 secs] 
19:15:30.219 [Curator-PathChildrenCache-1] WARN  o.a.c.u.ZKPaths  - The version of ZooKeeper being used doesn't support Container nodes. CreateMode.PERSISTENT will be used instead.
2019-06-10T19:15:32.647+0000: 36.701: [GC (Allocation Failure) 2019-06-10T19:15:32.647+0000: 36.702: [DefNew: 136576K->17023K(153600K), 0.0263093 secs] 151816K->52679K(494976K), 0.0263941 secs] [Times: user=0.02 sys=0.02, real=0.03 secs] 
2019-06-10T19:15:33.657+0000: 37.711: [Full GC (Metadata GC Threshold) 2019-06-10T19:15:33.657+0000: 37.711: [Tenured: 35655K->44113K(341376K), 0.0399049 secs] 75341K->44113K(494976K), [Metaspace: 34576K->34576K(1079296K)], 0.0399849 secs] [Times: user=0.04 sys=0.00, real=0.04 secs] 
2019-06-10T19:15:42.017+0000: 46.071: [GC (Allocation Failure) 2019-06-10T19:15:42.017+0000: 46.071: [DefNew: 136576K->101K(153600K), 0.0018105 secs] 180689K->44215K(494976K), 0.0018699 secs] [Times: user=0.00 sys=0.00, real=0.00 secs] 
2019-06-10T19:15:50.335+0000: 54.389: [GC (Allocation Failure) 2019-06-10T19:15:50.335+0000: 54.389: [DefNew: 136677K->104K(153600K), 0.0017664 secs] 180791K->44217K(494976K), 0.0018229 secs] [Times: user=0.00 sys=0.00, real=0.01 secs] 
2019-06-10T19:15:58.738+0000: 62.792: [GC (Allocation Failure) 2019-06-10T19:15:58.738+0000: 62.792: [DefNew: 136680K->398K(153600K), 0.0022498 secs] 180793K->44511K(494976K), 0.0023051 secs] [Times: user=0.00 sys=0.00, real=0.00 secs] 
2019-06-10T19:16:08.713+0000: 72.767: [GC (Allocation Failure) 2019-06-10T19:16:08.713+0000: 72.767: [DefNew: 136974K->180K(153600K), 0.0021636 secs] 181087K->44294K(494976K), 0.0022400 secs] [Times: user=0.00 sys=0.00, real=0.00 secs] 
2019-06-10T19:16:18.845+0000: 82.899: [GC (Allocation Failure) 2019-06-10T19:16:18.845+0000: 82.899: [DefNew: 136756K->185K(153600K), 0.0021120 secs] 180870K->44299K(494976K), 0.0021856 secs] [Times: user=0.00 sys=0.00, real=0.00 secs] 
2019-06-10T19:16:29.018+0000: 93.072: [GC (Allocation Failure) 2019-06-10T19:16:29.018+0000: 93.072: [DefNew: 136761K->183K(153600K), 0.0022017 secs] 180875K->44296K(494976K), 0.0022551 secs] [Times: user=0.00 sys=0.00, real=0.00 secs] 
19:16:39.593 [Curator-PathChildrenCache-0] ERROR o.a.c.f.r.c.PathChildrenCache  - 
java.lang.IllegalStateException: instance must be started before calling this method
	at org.apache.curator.shaded.com.google.common.base.Preconditions.checkState(Preconditions.java:444)
	at org.apache.curator.framework.imps.CuratorFrameworkImpl.getChildren(CuratorFrameworkImpl.java:456)
	at org.apache.curator.framework.recipes.cache.PathChildrenCache.refresh(PathChildrenCache.java:521)
	at org.apache.curator.framework.recipes.cache.RefreshOperation.invoke(RefreshOperation.java:35)
	at org.apache.curator.framework.recipes.cache.PathChildrenCache$9.run(PathChildrenCache.java:786)
	at java.util.concurrent.Executors$RunnableAdapter.call(Executors.java:511)
	at java.util.concurrent.FutureTask.run(FutureTask.java:266)
	at java.util.concurrent.Executors$RunnableAdapter.call(Executors.java:511)
	at java.util.concurrent.FutureTask.run(FutureTask.java:266)
	at java.util.concurrent.ThreadPoolExecutor.runWorker(ThreadPoolExecutor.java:1149)
	at java.util.concurrent.ThreadPoolExecutor$Worker.run(ThreadPoolExecutor.java:624)
	at java.lang.Thread.run(Thread.java:748)
Heap
 def new generation   total 153600K, used 53737K [0x00000000e0c00000, 0x00000000eb2a0000, 0x00000000eb2a0000)
  eden space 136576K,  39% used [0x00000000e0c00000, 0x00000000e404c7b0, 0x00000000e9160000)
  from space 17024K,   1% used [0x00000000ea200000, 0x00000000ea22dd30, 0x00000000eb2a0000)
  to   space 17024K,   0% used [0x00000000e9160000, 0x00000000e9160000, 0x00000000ea200000)
 tenured generation   total 341376K, used 44113K [0x00000000eb2a0000, 0x0000000100000000, 0x0000000100000000)
   the space 341376K,  12% used [0x00000000eb2a0000, 0x00000000eddb4600, 0x00000000eddb4600, 0x0000000100000000)
 Metaspace       used 36196K, capacity 37094K, committed 37376K, reserved 1081344K
  class space    used 4871K, capacity 5081K, committed 5120K, reserved 1048576K
