13:11:17,066 |-INFO in ch.qos.logback.classic.LoggerContext[default] - Could NOT find resource [logback-test.xml]
13:11:17,066 |-INFO in ch.qos.logback.classic.LoggerContext[default] - Could NOT find resource [logback.groovy]
13:11:17,067 |-INFO in ch.qos.logback.classic.LoggerContext[default] - Found resource [logback.xml] at [jar:file:/home/nikitasokolov/flamestream/lib/flamestream-runtime-1.0-SNAPSHOT.jar!/logback.xml]
13:11:17,067 |-WARN in ch.qos.logback.classic.LoggerContext[default] - Resource [logback.xml] occurs multiple times on the classpath.
13:11:17,067 |-WARN in ch.qos.logback.classic.LoggerContext[default] - Resource [logback.xml] occurs at [jar:file:/home/nikitasokolov/flamestream/lib/flamestream-runtime-1.0-SNAPSHOT.jar!/logback.xml]
13:11:17,067 |-WARN in ch.qos.logback.classic.LoggerContext[default] - Resource [logback.xml] occurs at [jar:file:/home/nikitasokolov/flamestream/flamestream-runtime-1.0-SNAPSHOT.jar!/logback.xml]
13:11:17,083 |-INFO in ch.qos.logback.core.joran.spi.ConfigurationWatchList@6108b2d7 - URL [jar:file:/home/nikitasokolov/flamestream/lib/flamestream-runtime-1.0-SNAPSHOT.jar!/logback.xml] is not of type file
13:11:17,133 |-INFO in ch.qos.logback.classic.joran.action.ConfigurationAction - debug attribute not set
13:11:17,134 |-INFO in ch.qos.logback.core.joran.action.AppenderAction - About to instantiate appender of type [ch.qos.logback.core.ConsoleAppender]
13:11:17,142 |-INFO in ch.qos.logback.core.joran.action.AppenderAction - Naming appender as [STDOUT]
13:11:17,150 |-INFO in ch.qos.logback.core.joran.action.NestedComplexPropertyIA - Assuming default type [ch.qos.logback.classic.encoder.PatternLayoutEncoder] for [encoder] property
13:11:17,211 |-INFO in ch.qos.logback.core.joran.action.AppenderAction - About to instantiate appender of type [ch.qos.logback.core.rolling.RollingFileAppender]
13:11:17,216 |-INFO in ch.qos.logback.core.joran.action.AppenderAction - Naming appender as [FILE]
13:11:17,238 |-INFO in c.q.l.core.rolling.TimeBasedRollingPolicy@357863579 - No compression will be used
13:11:17,240 |-INFO in c.q.l.core.rolling.TimeBasedRollingPolicy@357863579 - Will use the pattern /tmp/application_%d{yyyy-MM-dd}.%i.log for the active file
13:11:17,243 |-INFO in ch.qos.logback.core.rolling.SizeAndTimeBasedFNATP@6bf256fa - The date pattern is 'yyyy-MM-dd' from file name pattern '/tmp/application_%d{yyyy-MM-dd}.%i.log'.
13:11:17,243 |-INFO in ch.qos.logback.core.rolling.SizeAndTimeBasedFNATP@6bf256fa - Roll-over at midnight.
13:11:17,247 |-INFO in ch.qos.logback.core.rolling.SizeAndTimeBasedFNATP@6bf256fa - Setting initial period to Sun Jun 09 13:10:35 MSK 2019
13:11:17,247 |-WARN in ch.qos.logback.core.rolling.SizeAndTimeBasedFNATP@6bf256fa - SizeAndTimeBasedFNATP is deprecated. Use SizeAndTimeBasedRollingPolicy instead
13:11:17,247 |-WARN in ch.qos.logback.core.rolling.SizeAndTimeBasedFNATP@6bf256fa - For more information see http://logback.qos.ch/manual/appenders.html#SizeAndTimeBasedRollingPolicy
13:11:17,251 |-INFO in ch.qos.logback.core.joran.action.NestedComplexPropertyIA - Assuming default type [ch.qos.logback.classic.encoder.PatternLayoutEncoder] for [encoder] property
13:11:17,253 |-INFO in ch.qos.logback.core.rolling.RollingFileAppender[FILE] - Active log file name: /tmp/application.log
13:11:17,253 |-INFO in ch.qos.logback.core.rolling.RollingFileAppender[FILE] - File property is set to [/tmp/application.log]
13:11:17,254 |-INFO in ch.qos.logback.classic.joran.action.RootLoggerAction - Setting level of ROOT logger to WARN
13:11:17,254 |-INFO in ch.qos.logback.core.joran.action.AppenderRefAction - Attaching appender named [STDOUT] to Logger[ROOT]
13:11:17,255 |-INFO in ch.qos.logback.core.joran.action.AppenderRefAction - Attaching appender named [FILE] to Logger[ROOT]
13:11:17,255 |-INFO in ch.qos.logback.classic.joran.action.ConfigurationAction - End of configuration.
13:11:17,255 |-INFO in ch.qos.logback.classic.joran.JoranConfigurator@6cd8737 - Registering current configuration as safe fallback point

2019-06-09T13:11:18.293+0300: 1.438: [GC (Metadata GC Threshold) [PSYoungGen: 110722K->15824K(149504K)] 110722K->15904K(491008K), 0.0261689 secs] [Times: user=0.15 sys=0.04, real=0.03 secs] 
2019-06-09T13:11:18.319+0300: 1.464: [Full GC (Metadata GC Threshold) [PSYoungGen: 15824K->0K(149504K)] [ParOldGen: 80K->15078K(341504K)] 15904K->15078K(491008K), [Metaspace: 20800K->20800K(1067008K)], 0.0249587 secs] [Times: user=0.17 sys=0.00, real=0.02 secs] 
13:11:25.660 [Curator-PathChildrenCache-1] WARN  o.a.c.u.ZKPaths  - The version of ZooKeeper being used doesn't support Container nodes. CreateMode.PERSISTENT will be used instead.
2019-06-09T13:11:26.470+0300: 9.615: [GC (Metadata GC Threshold) [PSYoungGen: 123197K->15687K(149504K)] 138276K->50305K(491008K), 0.0303797 secs] [Times: user=0.27 sys=0.01, real=0.03 secs] 
2019-06-09T13:11:26.501+0300: 9.646: [Full GC (Metadata GC Threshold) [PSYoungGen: 15687K->0K(149504K)] [ParOldGen: 34617K->38708K(341504K)] 50305K->38708K(491008K), [Metaspace: 34523K->34523K(1079296K)], 0.0466984 secs] [Times: user=0.30 sys=0.01, real=0.04 secs] 
2019-06-09T13:11:28.289+0300: 11.434: [GC (Allocation Failure) [PSYoungGen: 128512K->672K(149504K)] 167220K->39388K(491008K), 0.0028351 secs] [Times: user=0.02 sys=0.01, real=0.01 secs] 
2019-06-09T13:11:29.657+0300: 12.802: [GC (Allocation Failure) [PSYoungGen: 129184K->640K(149504K)] 167900K->39364K(491008K), 0.0028541 secs] [Times: user=0.01 sys=0.01, real=0.01 secs] 
2019-06-09T13:11:31.072+0300: 14.217: [GC (Allocation Failure) [PSYoungGen: 129152K->704K(149504K)] 167876K->39436K(491008K), 0.0028084 secs] [Times: user=0.01 sys=0.00, real=0.00 secs] 
2019-06-09T13:11:32.197+0300: 15.342: [GC (Allocation Failure) [PSYoungGen: 129216K->768K(150016K)] 167948K->39508K(491520K), 0.0030498 secs] [Times: user=0.01 sys=0.01, real=0.01 secs] 
2019-06-09T13:11:33.469+0300: 16.614: [GC (Allocation Failure) [PSYoungGen: 129792K->736K(149504K)] 168532K->39476K(491008K), 0.0045149 secs] [Times: user=0.03 sys=0.00, real=0.01 secs] 
2019-06-09T13:11:34.524+0300: 17.669: [GC (Allocation Failure) [PSYoungGen: 129760K->704K(152064K)] 168500K->39452K(493568K), 0.0032462 secs] [Times: user=0.01 sys=0.00, real=0.00 secs] 
2019-06-09T13:11:35.589+0300: 18.733: [GC (Allocation Failure) [PSYoungGen: 133312K->672K(151040K)] 172060K->39428K(492544K), 0.0036837 secs] [Times: user=0.01 sys=0.00, real=0.01 secs] 
2019-06-09T13:11:37.029+0300: 20.174: [GC (Allocation Failure) [PSYoungGen: 133280K->768K(153600K)] 172036K->39532K(495104K), 0.0024659 secs] [Times: user=0.01 sys=0.00, real=0.01 secs] 
13:11:45.065 [Curator-PathChildrenCache-0] ERROR o.a.c.f.r.c.PathChildrenCache  - 
java.lang.IllegalStateException: instance must be started before calling this method
	at org.apache.curator.shaded.com.google.common.base.Preconditions.checkState(Preconditions.java:444)
	at org.apache.curator.framework.imps.CuratorFrameworkImpl.getChildren(CuratorFrameworkImpl.java:456)
	at org.apache.curator.framework.recipes.cache.PathChildrenCache.refresh(PathChildrenCache.java:521)
	at org.apache.curator.framework.recipes.cache.RefreshOperation.invoke(RefreshOperation.java:35)
	at org.apache.curator.framework.recipes.cache.PathChildrenCache$9.run(PathChildrenCache.java:786)
	at java.util.concurrent.Executors$RunnableAdapter.call(Executors.java:511)
	at java.util.concurrent.FutureTask.run(FutureTask.java:266)
	at java.util.concurrent.Executors$RunnableAdapter.call(Executors.java:511)
	at java.util.concurrent.FutureTask.run(FutureTask.java:266)
	at java.util.concurrent.ThreadPoolExecutor.runWorker(ThreadPoolExecutor.java:1149)
	at java.util.concurrent.ThreadPoolExecutor$Worker.run(ThreadPoolExecutor.java:624)
	at java.lang.Thread.run(Thread.java:748)
Heap
 PSYoungGen      total 153600K, used 136380K [0x00000000f5980000, 0x0000000100000000, 0x0000000100000000)
  eden space 135680K, 99% used [0x00000000f5980000,0x00000000fddef140,0x00000000fde00000)
  from space 17920K, 4% used [0x00000000fee80000,0x00000000fef40050,0x0000000100000000)
  to   space 16896K, 0% used [0x00000000fde00000,0x00000000fde00000,0x00000000fee80000)
 ParOldGen       total 341504K, used 38764K [0x00000000e0c00000, 0x00000000f5980000, 0x00000000f5980000)
  object space 341504K, 11% used [0x00000000e0c00000,0x00000000e31db200,0x00000000f5980000)
 Metaspace       used 35723K, capacity 36604K, committed 36992K, reserved 1081344K
  class space    used 4942K, capacity 5138K, committed 5248K, reserved 1048576K
