18:18:04,131 |-INFO in ch.qos.logback.classic.LoggerContext[default] - Could NOT find resource [logback-test.xml]
18:18:04,131 |-INFO in ch.qos.logback.classic.LoggerContext[default] - Could NOT find resource [logback.groovy]
18:18:04,131 |-INFO in ch.qos.logback.classic.LoggerContext[default] - Found resource [logback.xml] at [jar:file:/root/flamestream/lib/flamestream-runtime-1.0-SNAPSHOT.jar!/logback.xml]
18:18:04,132 |-WARN in ch.qos.logback.classic.LoggerContext[default] - Resource [logback.xml] occurs multiple times on the classpath.
18:18:04,132 |-WARN in ch.qos.logback.classic.LoggerContext[default] - Resource [logback.xml] occurs at [jar:file:/root/flamestream/lib/flamestream-runtime-1.0-SNAPSHOT.jar!/logback.xml]
18:18:04,132 |-WARN in ch.qos.logback.classic.LoggerContext[default] - Resource [logback.xml] occurs at [jar:file:/root/flamestream/flamestream-runtime-1.0-SNAPSHOT.jar!/logback.xml]
18:18:04,154 |-INFO in ch.qos.logback.core.joran.spi.ConfigurationWatchList@3fb6a447 - URL [jar:file:/root/flamestream/lib/flamestream-runtime-1.0-SNAPSHOT.jar!/logback.xml] is not of type file
18:18:04,228 |-INFO in ch.qos.logback.classic.joran.action.ConfigurationAction - debug attribute not set
18:18:04,228 |-INFO in ch.qos.logback.core.joran.action.AppenderAction - About to instantiate appender of type [ch.qos.logback.core.ConsoleAppender]
18:18:04,244 |-INFO in ch.qos.logback.core.joran.action.AppenderAction - Naming appender as [STDOUT]
18:18:04,263 |-INFO in ch.qos.logback.core.joran.action.NestedComplexPropertyIA - Assuming default type [ch.qos.logback.classic.encoder.PatternLayoutEncoder] for [encoder] property
18:18:04,344 |-INFO in ch.qos.logback.core.joran.action.AppenderAction - About to instantiate appender of type [ch.qos.logback.core.rolling.RollingFileAppender]
18:18:04,353 |-INFO in ch.qos.logback.core.joran.action.AppenderAction - Naming appender as [FILE]
18:18:04,386 |-INFO in c.q.l.core.rolling.TimeBasedRollingPolicy@127618319 - No compression will be used
18:18:04,387 |-INFO in c.q.l.core.rolling.TimeBasedRollingPolicy@127618319 - Will use the pattern /tmp/application_%d{yyyy-MM-dd}.%i.log for the active file
18:18:04,390 |-INFO in ch.qos.logback.core.rolling.SizeAndTimeBasedFNATP@6b2fad11 - The date pattern is 'yyyy-MM-dd' from file name pattern '/tmp/application_%d{yyyy-MM-dd}.%i.log'.
18:18:04,390 |-INFO in ch.qos.logback.core.rolling.SizeAndTimeBasedFNATP@6b2fad11 - Roll-over at midnight.
18:18:04,395 |-INFO in ch.qos.logback.core.rolling.SizeAndTimeBasedFNATP@6b2fad11 - Setting initial period to Tue Jun 11 18:16:59 UTC 2019
18:18:04,395 |-WARN in ch.qos.logback.core.rolling.SizeAndTimeBasedFNATP@6b2fad11 - SizeAndTimeBasedFNATP is deprecated. Use SizeAndTimeBasedRollingPolicy instead
18:18:04,395 |-WARN in ch.qos.logback.core.rolling.SizeAndTimeBasedFNATP@6b2fad11 - For more information see http://logback.qos.ch/manual/appenders.html#SizeAndTimeBasedRollingPolicy
18:18:04,399 |-INFO in ch.qos.logback.core.joran.action.NestedComplexPropertyIA - Assuming default type [ch.qos.logback.classic.encoder.PatternLayoutEncoder] for [encoder] property
18:18:04,405 |-INFO in ch.qos.logback.core.rolling.RollingFileAppender[FILE] - Active log file name: /tmp/application.log
18:18:04,405 |-INFO in ch.qos.logback.core.rolling.RollingFileAppender[FILE] - File property is set to [/tmp/application.log]
18:18:04,406 |-INFO in ch.qos.logback.classic.joran.action.RootLoggerAction - Setting level of ROOT logger to WARN
18:18:04,406 |-INFO in ch.qos.logback.core.joran.action.AppenderRefAction - Attaching appender named [STDOUT] to Logger[ROOT]
18:18:04,408 |-INFO in ch.qos.logback.core.joran.action.AppenderRefAction - Attaching appender named [FILE] to Logger[ROOT]
18:18:04,408 |-INFO in ch.qos.logback.classic.joran.action.ConfigurationAction - End of configuration.
18:18:04,408 |-INFO in ch.qos.logback.classic.joran.JoranConfigurator@79698539 - Registering current configuration as safe fallback point

Ama winner
Ama winner
2019-06-11T18:18:05.911+0000: 1.968: [Full GC (Metadata GC Threshold) 2019-06-11T18:18:05.911+0000: 1.968: [Tenured: 0K->15143K(341376K), 0.0729349 secs] 112224K->15143K(494976K), [Metaspace: 20744K->20744K(1067008K)], 0.0729993 secs] [Times: user=0.02 sys=0.01, real=0.07 secs] 
18:18:16.776 [Curator-PathChildrenCache-2] WARN  o.a.c.u.ZKPaths  - The version of ZooKeeper being used doesn't support Container nodes. CreateMode.PERSISTENT will be used instead.
2019-06-11T18:18:18.408+0000: 14.464: [Full GC (Metadata GC Threshold) 2019-06-11T18:18:18.408+0000: 14.464: [Tenured: 15143K->49901K(341376K), 0.0607112 secs] 148363K->49901K(494976K), [Metaspace: 34408K->34408K(1079296K)], 0.0607877 secs] [Times: user=0.05 sys=0.01, real=0.06 secs] 
2019-06-11T18:18:23.309+0000: 19.366: [GC (Allocation Failure) 2019-06-11T18:18:23.309+0000: 19.366: [DefNew: 136576K->226K(153600K), 0.0044135 secs] 186477K->50128K(494976K), 0.0044678 secs] [Times: user=0.01 sys=0.00, real=0.00 secs] 
2019-06-11T18:18:29.699+0000: 25.756: [GC (Allocation Failure) 2019-06-11T18:18:29.700+0000: 25.756: [DefNew: 136802K->275K(153600K), 0.0020553 secs] 186704K->50177K(494976K), 0.0021112 secs] [Times: user=0.00 sys=0.00, real=0.00 secs] 
2019-06-11T18:18:36.275+0000: 32.332: [GC (Allocation Failure) 2019-06-11T18:18:36.276+0000: 32.332: [DefNew: 136851K->274K(153600K), 0.0021281 secs] 186753K->50176K(494976K), 0.0022004 secs] [Times: user=0.00 sys=0.00, real=0.01 secs] 
2019-06-11T18:18:42.829+0000: 38.885: [GC (Allocation Failure) 2019-06-11T18:18:42.829+0000: 38.885: [DefNew: 136850K->279K(153600K), 0.0021923 secs] 186752K->50181K(494976K), 0.0022525 secs] [Times: user=0.00 sys=0.00, real=0.01 secs] 
2019-06-11T18:18:49.437+0000: 45.494: [GC (Allocation Failure) 2019-06-11T18:18:49.438+0000: 45.494: [DefNew: 136855K->278K(153600K), 0.0020955 secs] 186757K->50180K(494976K), 0.0021497 secs] [Times: user=0.00 sys=0.00, real=0.00 secs] 
2019-06-11T18:18:55.995+0000: 52.051: [GC (Allocation Failure) 2019-06-11T18:18:55.995+0000: 52.051: [DefNew: 136854K->282K(153600K), 0.0020593 secs] 186756K->50183K(494976K), 0.0021195 secs] [Times: user=0.00 sys=0.00, real=0.01 secs] 
2019-06-11T18:19:02.546+0000: 58.602: [GC (Allocation Failure) 2019-06-11T18:19:02.546+0000: 58.602: [DefNew: 136858K->283K(153600K), 0.0020089 secs] 186759K->50185K(494976K), 0.0020666 secs] [Times: user=0.00 sys=0.00, real=0.00 secs] 
2019-06-11T18:19:09.850+0000: 65.906: [GC (Allocation Failure) 2019-06-11T18:19:09.850+0000: 65.906: [DefNew: 136859K->686K(153600K), 0.0029921 secs] 186761K->50588K(494976K), 0.0030519 secs] [Times: user=0.00 sys=0.00, real=0.00 secs] 
2019-06-11T18:19:18.482+0000: 74.538: [GC (Allocation Failure) 2019-06-11T18:19:18.482+0000: 74.538: [DefNew: 137262K->446K(153600K), 0.0022881 secs] 187164K->50348K(494976K), 0.0023520 secs] [Times: user=0.00 sys=0.00, real=0.00 secs] 
18:19:27.304 [Curator-PathChildrenCache-0] ERROR o.a.c.f.r.c.PathChildrenCache  - 
java.lang.IllegalStateException: instance must be started before calling this method
	at org.apache.curator.shaded.com.google.common.base.Preconditions.checkState(Preconditions.java:444)
	at org.apache.curator.framework.imps.CuratorFrameworkImpl.getChildren(CuratorFrameworkImpl.java:456)
	at org.apache.curator.framework.recipes.cache.PathChildrenCache.refresh(PathChildrenCache.java:521)
	at org.apache.curator.framework.recipes.cache.RefreshOperation.invoke(RefreshOperation.java:35)
	at org.apache.curator.framework.recipes.cache.PathChildrenCache$9.run(PathChildrenCache.java:786)
	at java.util.concurrent.Executors$RunnableAdapter.call(Executors.java:511)
	at java.util.concurrent.FutureTask.run(FutureTask.java:266)
	at java.util.concurrent.Executors$RunnableAdapter.call(Executors.java:511)
	at java.util.concurrent.FutureTask.run(FutureTask.java:266)
	at java.util.concurrent.ThreadPoolExecutor.runWorker(ThreadPoolExecutor.java:1149)
	at java.util.concurrent.ThreadPoolExecutor$Worker.run(ThreadPoolExecutor.java:624)
	at java.lang.Thread.run(Thread.java:748)
Heap
 def new generation   total 153600K, used 37209K [0x00000000e0c00000, 0x00000000eb2a0000, 0x00000000eb2a0000)
  eden space 136576K,  26% used [0x00000000e0c00000, 0x00000000e2fe6c20, 0x00000000e9160000)
  from space 17024K,   2% used [0x00000000ea200000, 0x00000000ea26f8e8, 0x00000000eb2a0000)
  to   space 17024K,   0% used [0x00000000e9160000, 0x00000000e9160000, 0x00000000ea200000)
 tenured generation   total 341376K, used 49901K [0x00000000eb2a0000, 0x0000000100000000, 0x0000000100000000)
   the space 341376K,  14% used [0x00000000eb2a0000, 0x00000000ee35b760, 0x00000000ee35b800, 0x0000000100000000)
 Metaspace       used 36179K, capacity 37178K, committed 37504K, reserved 1081344K
  class space    used 4905K, capacity 5123K, committed 5248K, reserved 1048576K
