16:20:50,167 |-INFO in ch.qos.logback.classic.LoggerContext[default] - Could NOT find resource [logback-test.xml]
16:20:50,167 |-INFO in ch.qos.logback.classic.LoggerContext[default] - Could NOT find resource [logback.groovy]
16:20:50,167 |-INFO in ch.qos.logback.classic.LoggerContext[default] - Found resource [logback.xml] at [jar:file:/root/flamestream/lib/flamestream-runtime-1.0-SNAPSHOT.jar!/logback.xml]
16:20:50,167 |-WARN in ch.qos.logback.classic.LoggerContext[default] - Resource [logback.xml] occurs multiple times on the classpath.
16:20:50,168 |-WARN in ch.qos.logback.classic.LoggerContext[default] - Resource [logback.xml] occurs at [jar:file:/root/flamestream/lib/flamestream-runtime-1.0-SNAPSHOT.jar!/logback.xml]
16:20:50,168 |-WARN in ch.qos.logback.classic.LoggerContext[default] - Resource [logback.xml] occurs at [jar:file:/root/flamestream/flamestream-runtime-1.0-SNAPSHOT.jar!/logback.xml]
16:20:50,189 |-INFO in ch.qos.logback.core.joran.spi.ConfigurationWatchList@3fb6a447 - URL [jar:file:/root/flamestream/lib/flamestream-runtime-1.0-SNAPSHOT.jar!/logback.xml] is not of type file
16:20:50,255 |-INFO in ch.qos.logback.classic.joran.action.ConfigurationAction - debug attribute not set
16:20:50,255 |-INFO in ch.qos.logback.core.joran.action.AppenderAction - About to instantiate appender of type [ch.qos.logback.core.ConsoleAppender]
16:20:50,271 |-INFO in ch.qos.logback.core.joran.action.AppenderAction - Naming appender as [STDOUT]
16:20:50,291 |-INFO in ch.qos.logback.core.joran.action.NestedComplexPropertyIA - Assuming default type [ch.qos.logback.classic.encoder.PatternLayoutEncoder] for [encoder] property
16:20:50,380 |-INFO in ch.qos.logback.core.joran.action.AppenderAction - About to instantiate appender of type [ch.qos.logback.core.rolling.RollingFileAppender]
16:20:50,386 |-INFO in ch.qos.logback.core.joran.action.AppenderAction - Naming appender as [FILE]
16:20:50,416 |-INFO in c.q.l.core.rolling.TimeBasedRollingPolicy@127618319 - No compression will be used
16:20:50,417 |-INFO in c.q.l.core.rolling.TimeBasedRollingPolicy@127618319 - Will use the pattern /tmp/application_%d{yyyy-MM-dd}.%i.log for the active file
16:20:50,420 |-INFO in ch.qos.logback.core.rolling.SizeAndTimeBasedFNATP@6b2fad11 - The date pattern is 'yyyy-MM-dd' from file name pattern '/tmp/application_%d{yyyy-MM-dd}.%i.log'.
16:20:50,420 |-INFO in ch.qos.logback.core.rolling.SizeAndTimeBasedFNATP@6b2fad11 - Roll-over at midnight.
16:20:50,425 |-INFO in ch.qos.logback.core.rolling.SizeAndTimeBasedFNATP@6b2fad11 - Setting initial period to Mon Jun 10 16:19:28 UTC 2019
16:20:50,425 |-WARN in ch.qos.logback.core.rolling.SizeAndTimeBasedFNATP@6b2fad11 - SizeAndTimeBasedFNATP is deprecated. Use SizeAndTimeBasedRollingPolicy instead
16:20:50,425 |-WARN in ch.qos.logback.core.rolling.SizeAndTimeBasedFNATP@6b2fad11 - For more information see http://logback.qos.ch/manual/appenders.html#SizeAndTimeBasedRollingPolicy
16:20:50,429 |-INFO in ch.qos.logback.core.joran.action.NestedComplexPropertyIA - Assuming default type [ch.qos.logback.classic.encoder.PatternLayoutEncoder] for [encoder] property
16:20:50,434 |-INFO in ch.qos.logback.core.rolling.RollingFileAppender[FILE] - Active log file name: /tmp/application.log
16:20:50,434 |-INFO in ch.qos.logback.core.rolling.RollingFileAppender[FILE] - File property is set to [/tmp/application.log]
16:20:50,435 |-INFO in ch.qos.logback.classic.joran.action.RootLoggerAction - Setting level of ROOT logger to WARN
16:20:50,435 |-INFO in ch.qos.logback.core.joran.action.AppenderRefAction - Attaching appender named [STDOUT] to Logger[ROOT]
16:20:50,437 |-INFO in ch.qos.logback.core.joran.action.AppenderRefAction - Attaching appender named [FILE] to Logger[ROOT]
16:20:50,437 |-INFO in ch.qos.logback.classic.joran.action.ConfigurationAction - End of configuration.
16:20:50,438 |-INFO in ch.qos.logback.classic.joran.JoranConfigurator@79698539 - Registering current configuration as safe fallback point

Ama winner
Ama winner
2019-06-10T16:20:51.701+0000: 1.715: [Full GC (Metadata GC Threshold) 2019-06-10T16:20:51.701+0000: 1.715: [Tenured: 0K->15143K(341376K), 0.0347316 secs] 114987K->15143K(494976K), [Metaspace: 20733K->20733K(1067008K)], 0.0347999 secs] [Times: user=0.03 sys=0.01, real=0.03 secs] 
16:21:07.899 [Curator-PathChildrenCache-1] WARN  o.a.c.u.ZKPaths  - The version of ZooKeeper being used doesn't support Container nodes. CreateMode.PERSISTENT will be used instead.
2019-06-10T16:21:10.044+0000: 20.059: [GC (Allocation Failure) 2019-06-10T16:21:10.044+0000: 20.059: [DefNew: 136576K->17023K(153600K), 0.0291166 secs] 151719K->52625K(494976K), 0.0291984 secs] [Times: user=0.02 sys=0.02, real=0.02 secs] 
2019-06-10T16:21:11.736+0000: 21.750: [Full GC (Metadata GC Threshold) 2019-06-10T16:21:11.736+0000: 21.750: [Tenured: 35601K->44260K(341376K), 0.0606138 secs] 85053K->44260K(494976K), [Metaspace: 34615K->34615K(1079296K)], 0.0606934 secs] [Times: user=0.06 sys=0.01, real=0.07 secs] 
2019-06-10T16:21:18.525+0000: 28.540: [GC (Allocation Failure) 2019-06-10T16:21:18.525+0000: 28.540: [DefNew: 136576K->77K(153600K), 0.0018643 secs] 180836K->44337K(494976K), 0.0019219 secs] [Times: user=0.01 sys=0.00, real=0.00 secs] 
2019-06-10T16:21:25.358+0000: 35.372: [GC (Allocation Failure) 2019-06-10T16:21:25.358+0000: 35.372: [DefNew: 136653K->74K(153600K), 0.0016947 secs] 180913K->44334K(494976K), 0.0017629 secs] [Times: user=0.01 sys=0.00, real=0.00 secs] 
2019-06-10T16:21:32.186+0000: 42.200: [GC (Allocation Failure) 2019-06-10T16:21:32.186+0000: 42.200: [DefNew: 136650K->73K(153600K), 0.0016963 secs] 180910K->44333K(494976K), 0.0017665 secs] [Times: user=0.00 sys=0.00, real=0.00 secs] 
2019-06-10T16:21:39.108+0000: 49.122: [GC (Allocation Failure) 2019-06-10T16:21:39.108+0000: 49.122: [DefNew: 136649K->73K(153600K), 0.0017771 secs] 180909K->44333K(494976K), 0.0018370 secs] [Times: user=0.00 sys=0.00, real=0.00 secs] 
2019-06-10T16:21:46.083+0000: 56.097: [GC (Allocation Failure) 2019-06-10T16:21:46.083+0000: 56.097: [DefNew: 136649K->73K(153600K), 0.0017297 secs] 180909K->44333K(494976K), 0.0017936 secs] [Times: user=0.00 sys=0.00, real=0.01 secs] 
16:21:58.910 [Curator-PathChildrenCache-0] ERROR o.a.c.f.r.c.PathChildrenCache  - 
java.lang.IllegalStateException: instance must be started before calling this method
	at org.apache.curator.shaded.com.google.common.base.Preconditions.checkState(Preconditions.java:444)
	at org.apache.curator.framework.imps.CuratorFrameworkImpl.getChildren(CuratorFrameworkImpl.java:456)
	at org.apache.curator.framework.recipes.cache.PathChildrenCache.refresh(PathChildrenCache.java:521)
	at org.apache.curator.framework.recipes.cache.RefreshOperation.invoke(RefreshOperation.java:35)
	at org.apache.curator.framework.recipes.cache.PathChildrenCache$9.run(PathChildrenCache.java:786)
	at java.util.concurrent.Executors$RunnableAdapter.call(Executors.java:511)
	at java.util.concurrent.FutureTask.run(FutureTask.java:266)
	at java.util.concurrent.Executors$RunnableAdapter.call(Executors.java:511)
	at java.util.concurrent.FutureTask.run(FutureTask.java:266)
	at java.util.concurrent.ThreadPoolExecutor.runWorker(ThreadPoolExecutor.java:1149)
	at java.util.concurrent.ThreadPoolExecutor$Worker.run(ThreadPoolExecutor.java:624)
	at java.lang.Thread.run(Thread.java:748)
Heap
 def new generation   total 153600K, used 77737K [0x00000000e0c00000, 0x00000000eb2a0000, 0x00000000eb2a0000)
  eden space 136576K,  56% used [0x00000000e0c00000, 0x00000000e57d7e30, 0x00000000e9160000)
  from space 17024K,   0% used [0x00000000e9160000, 0x00000000e9172628, 0x00000000ea200000)
  to   space 17024K,   0% used [0x00000000ea200000, 0x00000000ea200000, 0x00000000eb2a0000)
 tenured generation   total 341376K, used 44260K [0x00000000eb2a0000, 0x0000000100000000, 0x0000000100000000)
   the space 341376K,  12% used [0x00000000eb2a0000, 0x00000000eddd9038, 0x00000000eddd9200, 0x0000000100000000)
 Metaspace       used 36092K, capacity 36992K, committed 37120K, reserved 1081344K
  class space    used 4867K, capacity 5074K, committed 5120K, reserved 1048576K
