13:11:52,277 |-INFO in ch.qos.logback.classic.LoggerContext[default] - Could NOT find resource [logback-test.xml]
13:11:52,277 |-INFO in ch.qos.logback.classic.LoggerContext[default] - Could NOT find resource [logback.groovy]
13:11:52,277 |-INFO in ch.qos.logback.classic.LoggerContext[default] - Found resource [logback.xml] at [jar:file:/root/flamestream/lib/flamestream-runtime-1.0-SNAPSHOT.jar!/logback.xml]
13:11:52,278 |-WARN in ch.qos.logback.classic.LoggerContext[default] - Resource [logback.xml] occurs multiple times on the classpath.
13:11:52,278 |-WARN in ch.qos.logback.classic.LoggerContext[default] - Resource [logback.xml] occurs at [jar:file:/root/flamestream/lib/flamestream-runtime-1.0-SNAPSHOT.jar!/logback.xml]
13:11:52,278 |-WARN in ch.qos.logback.classic.LoggerContext[default] - Resource [logback.xml] occurs at [jar:file:/root/flamestream/flamestream-runtime-1.0-SNAPSHOT.jar!/logback.xml]
13:11:52,297 |-INFO in ch.qos.logback.core.joran.spi.ConfigurationWatchList@3fb6a447 - URL [jar:file:/root/flamestream/lib/flamestream-runtime-1.0-SNAPSHOT.jar!/logback.xml] is not of type file
13:11:52,369 |-INFO in ch.qos.logback.classic.joran.action.ConfigurationAction - debug attribute not set
13:11:52,370 |-INFO in ch.qos.logback.core.joran.action.AppenderAction - About to instantiate appender of type [ch.qos.logback.core.ConsoleAppender]
13:11:52,388 |-INFO in ch.qos.logback.core.joran.action.AppenderAction - Naming appender as [STDOUT]
13:11:52,400 |-INFO in ch.qos.logback.core.joran.action.NestedComplexPropertyIA - Assuming default type [ch.qos.logback.classic.encoder.PatternLayoutEncoder] for [encoder] property
13:11:52,482 |-INFO in ch.qos.logback.core.joran.action.AppenderAction - About to instantiate appender of type [ch.qos.logback.core.rolling.RollingFileAppender]
13:11:52,487 |-INFO in ch.qos.logback.core.joran.action.AppenderAction - Naming appender as [FILE]
13:11:52,517 |-INFO in c.q.l.core.rolling.TimeBasedRollingPolicy@127618319 - No compression will be used
13:11:52,519 |-INFO in c.q.l.core.rolling.TimeBasedRollingPolicy@127618319 - Will use the pattern /tmp/application_%d{yyyy-MM-dd}.%i.log for the active file
13:11:52,522 |-INFO in ch.qos.logback.core.rolling.SizeAndTimeBasedFNATP@6b2fad11 - The date pattern is 'yyyy-MM-dd' from file name pattern '/tmp/application_%d{yyyy-MM-dd}.%i.log'.
13:11:52,522 |-INFO in ch.qos.logback.core.rolling.SizeAndTimeBasedFNATP@6b2fad11 - Roll-over at midnight.
13:11:52,527 |-INFO in ch.qos.logback.core.rolling.SizeAndTimeBasedFNATP@6b2fad11 - Setting initial period to Mon Jun 10 13:10:25 UTC 2019
13:11:52,527 |-WARN in ch.qos.logback.core.rolling.SizeAndTimeBasedFNATP@6b2fad11 - SizeAndTimeBasedFNATP is deprecated. Use SizeAndTimeBasedRollingPolicy instead
13:11:52,527 |-WARN in ch.qos.logback.core.rolling.SizeAndTimeBasedFNATP@6b2fad11 - For more information see http://logback.qos.ch/manual/appenders.html#SizeAndTimeBasedRollingPolicy
13:11:52,531 |-INFO in ch.qos.logback.core.joran.action.NestedComplexPropertyIA - Assuming default type [ch.qos.logback.classic.encoder.PatternLayoutEncoder] for [encoder] property
13:11:52,535 |-INFO in ch.qos.logback.core.rolling.RollingFileAppender[FILE] - Active log file name: /tmp/application.log
13:11:52,535 |-INFO in ch.qos.logback.core.rolling.RollingFileAppender[FILE] - File property is set to [/tmp/application.log]
13:11:52,536 |-INFO in ch.qos.logback.classic.joran.action.RootLoggerAction - Setting level of ROOT logger to WARN
13:11:52,536 |-INFO in ch.qos.logback.core.joran.action.AppenderRefAction - Attaching appender named [STDOUT] to Logger[ROOT]
13:11:52,538 |-INFO in ch.qos.logback.core.joran.action.AppenderRefAction - Attaching appender named [FILE] to Logger[ROOT]
13:11:52,538 |-INFO in ch.qos.logback.classic.joran.action.ConfigurationAction - End of configuration.
13:11:52,539 |-INFO in ch.qos.logback.classic.joran.JoranConfigurator@79698539 - Registering current configuration as safe fallback point

Ama winner
Ama winner
2019-06-10T13:11:53.844+0000: 1.755: [Full GC (Metadata GC Threshold) 2019-06-10T13:11:53.844+0000: 1.755: [Tenured: 0K->15112K(341376K), 0.0418606 secs] 112223K->15112K(494976K), [Metaspace: 20734K->20734K(1067008K)], 0.0419307 secs] [Times: user=0.04 sys=0.00, real=0.04 secs] 
13:12:12.983 [Curator-PathChildrenCache-1] WARN  o.a.c.u.ZKPaths  - The version of ZooKeeper being used doesn't support Container nodes. CreateMode.PERSISTENT will be used instead.
2019-06-10T13:12:15.015+0000: 22.926: [GC (Allocation Failure) 2019-06-10T13:12:15.015+0000: 22.926: [DefNew: 118039K->17023K(153600K), 0.0187105 secs] 133152K->32952K(494976K), 0.0187790 secs] [Times: user=0.01 sys=0.01, real=0.01 secs] 
2019-06-10T13:12:16.993+0000: 24.904: [Full GC (Metadata GC Threshold) 2019-06-10T13:12:16.993+0000: 24.904: [Tenured: 15928K->44533K(341376K), 0.0593106 secs] 85594K->44533K(494976K), [Metaspace: 34609K->34609K(1079296K)], 0.0593849 secs] [Times: user=0.05 sys=0.00, real=0.06 secs] 
2019-06-10T13:12:25.604+0000: 33.514: [GC (Allocation Failure) 2019-06-10T13:12:25.604+0000: 33.514: [DefNew: 136576K->68K(153600K), 0.0019291 secs] 181109K->44602K(494976K), 0.0020039 secs] [Times: user=0.00 sys=0.00, real=0.00 secs] 
2019-06-10T13:12:34.138+0000: 42.049: [GC (Allocation Failure) 2019-06-10T13:12:34.138+0000: 42.049: [DefNew: 136644K->66K(153600K), 0.0018735 secs] 181178K->44600K(494976K), 0.0019391 secs] [Times: user=0.01 sys=0.00, real=0.00 secs] 
2019-06-10T13:12:42.790+0000: 50.701: [GC (Allocation Failure) 2019-06-10T13:12:42.791+0000: 50.701: [DefNew: 136642K->71K(153600K), 0.0018589 secs] 181176K->44605K(494976K), 0.0019180 secs] [Times: user=0.00 sys=0.00, real=0.00 secs] 
2019-06-10T13:12:51.443+0000: 59.354: [GC (Allocation Failure) 2019-06-10T13:12:51.443+0000: 59.354: [DefNew: 136647K->68K(153600K), 0.0017910 secs] 181181K->44601K(494976K), 0.0018512 secs] [Times: user=0.00 sys=0.00, real=0.00 secs] 
2019-06-10T13:13:01.121+0000: 69.031: [GC (Allocation Failure) 2019-06-10T13:13:01.121+0000: 69.031: [DefNew: 136644K->411K(153600K), 0.0023756 secs] 181177K->44945K(494976K), 0.0024490 secs] [Times: user=0.00 sys=0.00, real=0.00 secs] 
2019-06-10T13:13:11.659+0000: 79.569: [GC (Allocation Failure) 2019-06-10T13:13:11.659+0000: 79.569: [DefNew: 136987K->165K(153600K), 0.0020731 secs] 181521K->44699K(494976K), 0.0021359 secs] [Times: user=0.00 sys=0.00, real=0.00 secs] 
13:13:30.431 [Curator-PathChildrenCache-0] ERROR o.a.c.f.r.c.PathChildrenCache  - 
java.lang.IllegalStateException: instance must be started before calling this method
	at org.apache.curator.shaded.com.google.common.base.Preconditions.checkState(Preconditions.java:444)
	at org.apache.curator.framework.imps.CuratorFrameworkImpl.getChildren(CuratorFrameworkImpl.java:456)
	at org.apache.curator.framework.recipes.cache.PathChildrenCache.refresh(PathChildrenCache.java:521)
	at org.apache.curator.framework.recipes.cache.RefreshOperation.invoke(RefreshOperation.java:35)
	at org.apache.curator.framework.recipes.cache.PathChildrenCache$9.run(PathChildrenCache.java:786)
	at java.util.concurrent.Executors$RunnableAdapter.call(Executors.java:511)
	at java.util.concurrent.FutureTask.run(FutureTask.java:266)
	at java.util.concurrent.Executors$RunnableAdapter.call(Executors.java:511)
	at java.util.concurrent.FutureTask.run(FutureTask.java:266)
	at java.util.concurrent.ThreadPoolExecutor.runWorker(ThreadPoolExecutor.java:1149)
	at java.util.concurrent.ThreadPoolExecutor$Worker.run(ThreadPoolExecutor.java:624)
	at java.lang.Thread.run(Thread.java:748)
Heap
 def new generation   total 153600K, used 126131K [0x00000000e0c00000, 0x00000000eb2a0000, 0x00000000eb2a0000)
  eden space 136576K,  92% used [0x00000000e0c00000, 0x00000000e87039c0, 0x00000000e9160000)
  from space 17024K,   0% used [0x00000000ea200000, 0x00000000ea229618, 0x00000000eb2a0000)
  to   space 17024K,   0% used [0x00000000e9160000, 0x00000000e9160000, 0x00000000ea200000)
 tenured generation   total 341376K, used 44533K [0x00000000eb2a0000, 0x0000000100000000, 0x0000000100000000)
   the space 341376K,  13% used [0x00000000eb2a0000, 0x00000000ede1d788, 0x00000000ede1d800, 0x0000000100000000)
 Metaspace       used 36145K, capacity 37066K, committed 37376K, reserved 1081344K
  class space    used 4868K, capacity 5075K, committed 5120K, reserved 1048576K
