13:54:49,982 |-INFO in ch.qos.logback.classic.LoggerContext[default] - Could NOT find resource [logback-test.xml]
13:54:49,982 |-INFO in ch.qos.logback.classic.LoggerContext[default] - Could NOT find resource [logback.groovy]
13:54:49,982 |-INFO in ch.qos.logback.classic.LoggerContext[default] - Found resource [logback.xml] at [jar:file:/home/nikitasokolov/flamestream/lib/flamestream-runtime-1.0-SNAPSHOT.jar!/logback.xml]
13:54:49,983 |-WARN in ch.qos.logback.classic.LoggerContext[default] - Resource [logback.xml] occurs multiple times on the classpath.
13:54:49,983 |-WARN in ch.qos.logback.classic.LoggerContext[default] - Resource [logback.xml] occurs at [jar:file:/home/nikitasokolov/flamestream/lib/flamestream-runtime-1.0-SNAPSHOT.jar!/logback.xml]
13:54:49,983 |-WARN in ch.qos.logback.classic.LoggerContext[default] - Resource [logback.xml] occurs at [jar:file:/home/nikitasokolov/flamestream/flamestream-runtime-1.0-SNAPSHOT.jar!/logback.xml]
13:54:49,999 |-INFO in ch.qos.logback.core.joran.spi.ConfigurationWatchList@6108b2d7 - URL [jar:file:/home/nikitasokolov/flamestream/lib/flamestream-runtime-1.0-SNAPSHOT.jar!/logback.xml] is not of type file
13:54:50,048 |-INFO in ch.qos.logback.classic.joran.action.ConfigurationAction - debug attribute not set
13:54:50,049 |-INFO in ch.qos.logback.core.joran.action.AppenderAction - About to instantiate appender of type [ch.qos.logback.core.ConsoleAppender]
13:54:50,057 |-INFO in ch.qos.logback.core.joran.action.AppenderAction - Naming appender as [STDOUT]
13:54:50,064 |-INFO in ch.qos.logback.core.joran.action.NestedComplexPropertyIA - Assuming default type [ch.qos.logback.classic.encoder.PatternLayoutEncoder] for [encoder] property
13:54:50,118 |-INFO in ch.qos.logback.core.joran.action.AppenderAction - About to instantiate appender of type [ch.qos.logback.core.rolling.RollingFileAppender]
13:54:50,123 |-INFO in ch.qos.logback.core.joran.action.AppenderAction - Naming appender as [FILE]
13:54:50,146 |-INFO in c.q.l.core.rolling.TimeBasedRollingPolicy@357863579 - No compression will be used
13:54:50,147 |-INFO in c.q.l.core.rolling.TimeBasedRollingPolicy@357863579 - Will use the pattern /tmp/application_%d{yyyy-MM-dd}.%i.log for the active file
13:54:50,150 |-INFO in ch.qos.logback.core.rolling.SizeAndTimeBasedFNATP@6bf256fa - The date pattern is 'yyyy-MM-dd' from file name pattern '/tmp/application_%d{yyyy-MM-dd}.%i.log'.
13:54:50,150 |-INFO in ch.qos.logback.core.rolling.SizeAndTimeBasedFNATP@6bf256fa - Roll-over at midnight.
13:54:50,154 |-INFO in ch.qos.logback.core.rolling.SizeAndTimeBasedFNATP@6bf256fa - Setting initial period to Sun Jun 09 13:54:06 MSK 2019
13:54:50,154 |-WARN in ch.qos.logback.core.rolling.SizeAndTimeBasedFNATP@6bf256fa - SizeAndTimeBasedFNATP is deprecated. Use SizeAndTimeBasedRollingPolicy instead
13:54:50,154 |-WARN in ch.qos.logback.core.rolling.SizeAndTimeBasedFNATP@6bf256fa - For more information see http://logback.qos.ch/manual/appenders.html#SizeAndTimeBasedRollingPolicy
13:54:50,159 |-INFO in ch.qos.logback.core.joran.action.NestedComplexPropertyIA - Assuming default type [ch.qos.logback.classic.encoder.PatternLayoutEncoder] for [encoder] property
13:54:50,161 |-INFO in ch.qos.logback.core.rolling.RollingFileAppender[FILE] - Active log file name: /tmp/application.log
13:54:50,161 |-INFO in ch.qos.logback.core.rolling.RollingFileAppender[FILE] - File property is set to [/tmp/application.log]
13:54:50,162 |-INFO in ch.qos.logback.classic.joran.action.RootLoggerAction - Setting level of ROOT logger to WARN
13:54:50,162 |-INFO in ch.qos.logback.core.joran.action.AppenderRefAction - Attaching appender named [STDOUT] to Logger[ROOT]
13:54:50,163 |-INFO in ch.qos.logback.core.joran.action.AppenderRefAction - Attaching appender named [FILE] to Logger[ROOT]
13:54:50,163 |-INFO in ch.qos.logback.classic.joran.action.ConfigurationAction - End of configuration.
13:54:50,164 |-INFO in ch.qos.logback.classic.joran.JoranConfigurator@6cd8737 - Registering current configuration as safe fallback point

2019-06-09T13:54:51.154+0300: 1.373: [GC (Metadata GC Threshold) [PSYoungGen: 110721K->15939K(149504K)] 110721K->16019K(491008K), 0.0210852 secs] [Times: user=0.06 sys=0.07, real=0.02 secs] 
2019-06-09T13:54:51.176+0300: 1.394: [Full GC (Metadata GC Threshold) [PSYoungGen: 15939K->0K(149504K)] [ParOldGen: 80K->15078K(341504K)] 16019K->15078K(491008K), [Metaspace: 20800K->20800K(1067008K)], 0.0294939 secs] [Times: user=0.20 sys=0.00, real=0.03 secs] 
13:54:59.727 [Curator-PathChildrenCache-2] WARN  o.a.c.u.ZKPaths  - The version of ZooKeeper being used doesn't support Container nodes. CreateMode.PERSISTENT will be used instead.
2019-06-09T13:55:00.452+0300: 10.670: [GC (Metadata GC Threshold) [PSYoungGen: 126458K->20971K(149504K)] 141536K->50811K(491008K), 0.0185708 secs] [Times: user=0.20 sys=0.02, real=0.02 secs] 
2019-06-09T13:55:00.470+0300: 10.689: [Full GC (Metadata GC Threshold) [PSYoungGen: 20971K->0K(149504K)] [ParOldGen: 29840K->39805K(341504K)] 50811K->39805K(491008K), [Metaspace: 34481K->34479K(1079296K)], 0.0339120 secs] [Times: user=0.14 sys=0.01, real=0.03 secs] 
2019-06-09T13:55:05.181+0300: 15.399: [GC (Allocation Failure) [PSYoungGen: 128512K->576K(149504K)] 168317K->40389K(491008K), 0.0523482 secs] [Times: user=0.01 sys=0.02, real=0.05 secs] 
2019-06-09T13:55:10.552+0300: 20.785: [GC (Allocation Failure) [PSYoungGen: 129088K->608K(149504K)] 168901K->40429K(491008K), 0.0195325 secs] [Times: user=0.03 sys=0.01, real=0.02 secs] 
2019-06-09T13:55:16.030+0300: 26.248: [GC (Allocation Failure) [PSYoungGen: 129120K->576K(129536K)] 168941K->40405K(471040K), 0.0669840 secs] [Times: user=0.01 sys=0.00, real=0.06 secs] 
2019-06-09T13:55:21.513+0300: 31.732: [GC (Allocation Failure) [PSYoungGen: 129088K->608K(132096K)] 168917K->40445K(473600K), 0.0059290 secs] [Times: user=0.03 sys=0.00, real=0.01 secs] 
2019-06-09T13:55:25.429+0300: 35.648: [GC (Allocation Failure) [PSYoungGen: 91744K->704K(129536K)] 131581K->40549K(471040K), 0.0057051 secs] [Times: user=0.03 sys=0.01, real=0.01 secs] 
2019-06-09T13:55:29.346+0300: 39.564: [GC (Allocation Failure) [PSYoungGen: 91840K->640K(136192K)] 131685K->40493K(477696K), 0.0030457 secs] [Times: user=0.01 sys=0.00, real=0.00 secs] 
2019-06-09T13:55:33.657+0300: 43.875: [GC (Allocation Failure) [PSYoungGen: 100480K->608K(134144K)] 140333K->40469K(475648K), 0.0056390 secs] [Times: user=0.03 sys=0.01, real=0.01 secs] 
2019-06-09T13:55:37.910+0300: 48.129: [GC (Allocation Failure) [PSYoungGen: 100448K->640K(139776K)] 140309K->40509K(481280K), 0.0032415 secs] [Times: user=0.01 sys=0.00, real=0.00 secs] 
2019-06-09T13:55:42.523+0300: 52.742: [GC (Allocation Failure) [PSYoungGen: 108160K->704K(138240K)] 148029K->40581K(479744K), 0.0032926 secs] [Times: user=0.02 sys=0.01, real=0.00 secs] 
13:55:50.994 [Curator-PathChildrenCache-0] ERROR o.a.c.f.r.c.PathChildrenCache  - 
java.lang.IllegalStateException: instance must be started before calling this method
	at org.apache.curator.shaded.com.google.common.base.Preconditions.checkState(Preconditions.java:444)
	at org.apache.curator.framework.imps.CuratorFrameworkImpl.getChildren(CuratorFrameworkImpl.java:456)
	at org.apache.curator.framework.recipes.cache.PathChildrenCache.refresh(PathChildrenCache.java:521)
	at org.apache.curator.framework.recipes.cache.RefreshOperation.invoke(RefreshOperation.java:35)
	at org.apache.curator.framework.recipes.cache.PathChildrenCache$9.run(PathChildrenCache.java:786)
	at java.util.concurrent.Executors$RunnableAdapter.call(Executors.java:511)
	at java.util.concurrent.FutureTask.run(FutureTask.java:266)
	at java.util.concurrent.Executors$RunnableAdapter.call(Executors.java:511)
	at java.util.concurrent.FutureTask.run(FutureTask.java:266)
	at java.util.concurrent.ThreadPoolExecutor.runWorker(ThreadPoolExecutor.java:1149)
	at java.util.concurrent.ThreadPoolExecutor$Worker.run(ThreadPoolExecutor.java:624)
	at java.lang.Thread.run(Thread.java:748)
Heap
 PSYoungGen      total 138240K, used 65842K [0x00000000f5980000, 0x0000000100000000, 0x0000000100000000)
  eden space 107520K, 60% used [0x00000000f5980000,0x00000000f991c890,0x00000000fc280000)
  from space 30720K, 2% used [0x00000000fc280000,0x00000000fc330070,0x00000000fe080000)
  to   space 29184K, 0% used [0x00000000fe380000,0x00000000fe380000,0x0000000100000000)
 ParOldGen       total 341504K, used 39877K [0x00000000e0c00000, 0x00000000f5980000, 0x00000000f5980000)
  object space 341504K, 11% used [0x00000000e0c00000,0x00000000e32f1600,0x00000000f5980000)
 Metaspace       used 36019K, capacity 36978K, committed 37208K, reserved 1081344K
  class space    used 4982K, capacity 5187K, committed 5248K, reserved 1048576K
