13:36:23,350 |-INFO in ch.qos.logback.classic.LoggerContext[default] - Could NOT find resource [logback-test.xml]
13:36:23,350 |-INFO in ch.qos.logback.classic.LoggerContext[default] - Could NOT find resource [logback.groovy]
13:36:23,350 |-INFO in ch.qos.logback.classic.LoggerContext[default] - Found resource [logback.xml] at [jar:file:/home/nikitasokolov/flamestream/lib/flamestream-runtime-1.0-SNAPSHOT.jar!/logback.xml]
13:36:23,351 |-WARN in ch.qos.logback.classic.LoggerContext[default] - Resource [logback.xml] occurs multiple times on the classpath.
13:36:23,351 |-WARN in ch.qos.logback.classic.LoggerContext[default] - Resource [logback.xml] occurs at [jar:file:/home/nikitasokolov/flamestream/lib/flamestream-runtime-1.0-SNAPSHOT.jar!/logback.xml]
13:36:23,351 |-WARN in ch.qos.logback.classic.LoggerContext[default] - Resource [logback.xml] occurs at [jar:file:/home/nikitasokolov/flamestream/flamestream-runtime-1.0-SNAPSHOT.jar!/logback.xml]
13:36:23,366 |-INFO in ch.qos.logback.core.joran.spi.ConfigurationWatchList@6bf256fa - URL [jar:file:/home/nikitasokolov/flamestream/lib/flamestream-runtime-1.0-SNAPSHOT.jar!/logback.xml] is not of type file
13:36:23,417 |-INFO in ch.qos.logback.classic.joran.action.ConfigurationAction - debug attribute not set
13:36:23,418 |-INFO in ch.qos.logback.core.joran.action.AppenderAction - About to instantiate appender of type [ch.qos.logback.core.ConsoleAppender]
13:36:23,425 |-INFO in ch.qos.logback.core.joran.action.AppenderAction - Naming appender as [STDOUT]
13:36:23,433 |-INFO in ch.qos.logback.core.joran.action.NestedComplexPropertyIA - Assuming default type [ch.qos.logback.classic.encoder.PatternLayoutEncoder] for [encoder] property
13:36:23,492 |-INFO in ch.qos.logback.core.joran.action.AppenderAction - About to instantiate appender of type [ch.qos.logback.core.rolling.RollingFileAppender]
13:36:23,499 |-INFO in ch.qos.logback.core.joran.action.AppenderAction - Naming appender as [FILE]
13:36:23,522 |-INFO in c.q.l.core.rolling.TimeBasedRollingPolicy@114132791 - No compression will be used
13:36:23,523 |-INFO in c.q.l.core.rolling.TimeBasedRollingPolicy@114132791 - Will use the pattern /tmp/application_%d{yyyy-MM-dd}.%i.log for the active file
13:36:23,526 |-INFO in ch.qos.logback.core.rolling.SizeAndTimeBasedFNATP@22f71333 - The date pattern is 'yyyy-MM-dd' from file name pattern '/tmp/application_%d{yyyy-MM-dd}.%i.log'.
13:36:23,526 |-INFO in ch.qos.logback.core.rolling.SizeAndTimeBasedFNATP@22f71333 - Roll-over at midnight.
13:36:23,530 |-INFO in ch.qos.logback.core.rolling.SizeAndTimeBasedFNATP@22f71333 - Setting initial period to Thu May 30 13:33:25 MSK 2019
13:36:23,530 |-WARN in ch.qos.logback.core.rolling.SizeAndTimeBasedFNATP@22f71333 - SizeAndTimeBasedFNATP is deprecated. Use SizeAndTimeBasedRollingPolicy instead
13:36:23,530 |-WARN in ch.qos.logback.core.rolling.SizeAndTimeBasedFNATP@22f71333 - For more information see http://logback.qos.ch/manual/appenders.html#SizeAndTimeBasedRollingPolicy
13:36:23,534 |-INFO in ch.qos.logback.core.joran.action.NestedComplexPropertyIA - Assuming default type [ch.qos.logback.classic.encoder.PatternLayoutEncoder] for [encoder] property
13:36:23,537 |-INFO in ch.qos.logback.core.rolling.RollingFileAppender[FILE] - Active log file name: /tmp/application.log
13:36:23,537 |-INFO in ch.qos.logback.core.rolling.RollingFileAppender[FILE] - File property is set to [/tmp/application.log]
13:36:23,538 |-INFO in ch.qos.logback.classic.joran.action.RootLoggerAction - Setting level of ROOT logger to WARN
13:36:23,538 |-INFO in ch.qos.logback.core.joran.action.AppenderRefAction - Attaching appender named [STDOUT] to Logger[ROOT]
13:36:23,538 |-INFO in ch.qos.logback.core.joran.action.AppenderRefAction - Attaching appender named [FILE] to Logger[ROOT]
13:36:23,538 |-INFO in ch.qos.logback.classic.joran.action.ConfigurationAction - End of configuration.
13:36:23,539 |-INFO in ch.qos.logback.classic.joran.JoranConfigurator@13969fbe - Registering current configuration as safe fallback point

Ama winner
Ama winner
2019-05-30T13:36:24.562+0300: 1.403: [GC (Metadata GC Threshold) [PSYoungGen: 92672K->15861K(149504K)] 92672K->15941K(491008K), 0.0207296 secs] [Times: user=0.08 sys=0.03, real=0.02 secs] 
2019-05-30T13:36:24.583+0300: 1.424: [Full GC (Metadata GC Threshold) [PSYoungGen: 15861K->0K(149504K)] [ParOldGen: 80K->14989K(341504K)] 15941K->14989K(491008K), [Metaspace: 20804K->20804K(1067008K)], 0.0276255 secs] [Times: user=0.13 sys=0.04, real=0.02 secs] 
13:36:33.892 [Curator-PathChildrenCache-2] WARN  o.a.c.u.ZKPaths  - The version of ZooKeeper being used doesn't support Container nodes. CreateMode.PERSISTENT will be used instead.
2019-05-30T13:36:34.628+0300: 11.469: [GC (Allocation Failure) [PSYoungGen: 128512K->17032K(149504K)] 143501K->51561K(491008K), 0.0282869 secs] [Times: user=0.23 sys=0.01, real=0.03 secs] 
2019-05-30T13:36:34.911+0300: 11.751: [GC (Metadata GC Threshold) [PSYoungGen: 30672K->6594K(149504K)] 65201K->41131K(491008K), 0.0046290 secs] [Times: user=0.05 sys=0.00, real=0.01 secs] 
2019-05-30T13:36:34.915+0300: 11.756: [Full GC (Metadata GC Threshold) [PSYoungGen: 6594K->0K(149504K)] [ParOldGen: 34537K->30211K(341504K)] 41131K->30211K(491008K), [Metaspace: 34500K->34499K(1079296K)], 0.0371447 secs] [Times: user=0.22 sys=0.00, real=0.04 secs] 
2019-05-30T13:37:52.152+0300: 88.993: [GC (Allocation Failure) [PSYoungGen: 128512K->1175K(149504K)] 158723K->31394K(491008K), 0.0073905 secs] [Times: user=0.06 sys=0.01, real=0.01 secs] 
2019-05-30T13:39:39.341+0300: 196.182: [GC (Allocation Failure) [PSYoungGen: 129687K->852K(129536K)] 159906K->31079K(471040K), 0.0045846 secs] [Times: user=0.03 sys=0.00, real=0.00 secs] 
2019-05-30T13:41:26.742+0300: 303.582: [GC (Allocation Failure) [PSYoungGen: 129364K->916K(147968K)] 159591K->31151K(489472K), 0.0063580 secs] [Times: user=0.05 sys=0.00, real=0.00 secs] 
2019-05-30T13:43:13.776+0300: 410.616: [GC (Allocation Failure) [PSYoungGen: 126356K->884K(147968K)] 156591K->31127K(489472K), 0.0041301 secs] [Times: user=0.01 sys=0.01, real=0.01 secs] 
2019-05-30T13:44:54.760+0300: 511.601: [GC (Allocation Failure) [PSYoungGen: 126324K->884K(149504K)] 156567K->31127K(491008K), 0.0036305 secs] [Times: user=0.01 sys=0.01, real=0.00 secs] 
2019-05-30T13:46:43.785+0300: 620.625: [GC (Allocation Failure) [PSYoungGen: 128884K->1344K(148992K)] 159127K->31595K(490496K), 0.0028465 secs] [Times: user=0.01 sys=0.00, real=0.00 secs] 
2019-05-30T13:48:44.646+0300: 741.486: [GC (Allocation Failure) [PSYoungGen: 129344K->1344K(151552K)] 159595K->31595K(493056K), 0.0039829 secs] [Times: user=0.02 sys=0.00, real=0.00 secs] 
13:50:24.003 [Curator-PathChildrenCache-0] ERROR o.a.c.f.r.c.PathChildrenCache  - 
java.lang.IllegalStateException: instance must be started before calling this method
	at org.apache.curator.shaded.com.google.common.base.Preconditions.checkState(Preconditions.java:444)
	at org.apache.curator.framework.imps.CuratorFrameworkImpl.getChildren(CuratorFrameworkImpl.java:456)
	at org.apache.curator.framework.recipes.cache.PathChildrenCache.refresh(PathChildrenCache.java:521)
	at org.apache.curator.framework.recipes.cache.RefreshOperation.invoke(RefreshOperation.java:35)
	at org.apache.curator.framework.recipes.cache.PathChildrenCache$9.run(PathChildrenCache.java:786)
	at java.util.concurrent.Executors$RunnableAdapter.call(Executors.java:511)
	at java.util.concurrent.FutureTask.run(FutureTask.java:266)
	at java.util.concurrent.Executors$RunnableAdapter.call(Executors.java:511)
	at java.util.concurrent.FutureTask.run(FutureTask.java:266)
	at java.util.concurrent.ThreadPoolExecutor.runWorker(ThreadPoolExecutor.java:1149)
	at java.util.concurrent.ThreadPoolExecutor$Worker.run(ThreadPoolExecutor.java:624)
	at java.lang.Thread.run(Thread.java:748)
Heap
 PSYoungGen      total 151552K, used 131771K [0x00000000f5980000, 0x0000000100000000, 0x0000000100000000)
  eden space 131584K, 99% used [0x00000000f5980000,0x00000000fd8debb0,0x00000000fda00000)
  from space 19968K, 6% used [0x00000000fec80000,0x00000000fedd0140,0x0000000100000000)
  to   space 18944K, 0% used [0x00000000fda00000,0x00000000fda00000,0x00000000fec80000)
 ParOldGen       total 341504K, used 30251K [0x00000000e0c00000, 0x00000000f5980000, 0x00000000f5980000)
  object space 341504K, 8% used [0x00000000e0c00000,0x00000000e298ae00,0x00000000f5980000)
 Metaspace       used 36776K, capacity 37764K, committed 37976K, reserved 1081344K
  class space    used 5007K, capacity 5210K, committed 5248K, reserved 1048576K
