15:58:14,472 |-INFO in ch.qos.logback.classic.LoggerContext[default] - Could NOT find resource [logback-test.xml]
15:58:14,472 |-INFO in ch.qos.logback.classic.LoggerContext[default] - Could NOT find resource [logback.groovy]
15:58:14,473 |-INFO in ch.qos.logback.classic.LoggerContext[default] - Found resource [logback.xml] at [jar:file:/root/flamestream/lib/flamestream-runtime-1.0-SNAPSHOT.jar!/logback.xml]
15:58:14,473 |-WARN in ch.qos.logback.classic.LoggerContext[default] - Resource [logback.xml] occurs multiple times on the classpath.
15:58:14,474 |-WARN in ch.qos.logback.classic.LoggerContext[default] - Resource [logback.xml] occurs at [jar:file:/root/flamestream/lib/flamestream-runtime-1.0-SNAPSHOT.jar!/logback.xml]
15:58:14,474 |-WARN in ch.qos.logback.classic.LoggerContext[default] - Resource [logback.xml] occurs at [jar:file:/root/flamestream/flamestream-runtime-1.0-SNAPSHOT.jar!/logback.xml]
15:58:14,494 |-INFO in ch.qos.logback.core.joran.spi.ConfigurationWatchList@3fb6a447 - URL [jar:file:/root/flamestream/lib/flamestream-runtime-1.0-SNAPSHOT.jar!/logback.xml] is not of type file
15:58:14,568 |-INFO in ch.qos.logback.classic.joran.action.ConfigurationAction - debug attribute not set
15:58:14,568 |-INFO in ch.qos.logback.core.joran.action.AppenderAction - About to instantiate appender of type [ch.qos.logback.core.ConsoleAppender]
15:58:14,579 |-INFO in ch.qos.logback.core.joran.action.AppenderAction - Naming appender as [STDOUT]
15:58:14,595 |-INFO in ch.qos.logback.core.joran.action.NestedComplexPropertyIA - Assuming default type [ch.qos.logback.classic.encoder.PatternLayoutEncoder] for [encoder] property
15:58:14,690 |-INFO in ch.qos.logback.core.joran.action.AppenderAction - About to instantiate appender of type [ch.qos.logback.core.rolling.RollingFileAppender]
15:58:14,696 |-INFO in ch.qos.logback.core.joran.action.AppenderAction - Naming appender as [FILE]
15:58:14,733 |-INFO in c.q.l.core.rolling.TimeBasedRollingPolicy@127618319 - No compression will be used
15:58:14,734 |-INFO in c.q.l.core.rolling.TimeBasedRollingPolicy@127618319 - Will use the pattern /tmp/application_%d{yyyy-MM-dd}.%i.log for the active file
15:58:14,737 |-INFO in ch.qos.logback.core.rolling.SizeAndTimeBasedFNATP@6b2fad11 - The date pattern is 'yyyy-MM-dd' from file name pattern '/tmp/application_%d{yyyy-MM-dd}.%i.log'.
15:58:14,737 |-INFO in ch.qos.logback.core.rolling.SizeAndTimeBasedFNATP@6b2fad11 - Roll-over at midnight.
15:58:14,742 |-INFO in ch.qos.logback.core.rolling.SizeAndTimeBasedFNATP@6b2fad11 - Setting initial period to Mon Jun 10 15:56:53 UTC 2019
15:58:14,742 |-WARN in ch.qos.logback.core.rolling.SizeAndTimeBasedFNATP@6b2fad11 - SizeAndTimeBasedFNATP is deprecated. Use SizeAndTimeBasedRollingPolicy instead
15:58:14,742 |-WARN in ch.qos.logback.core.rolling.SizeAndTimeBasedFNATP@6b2fad11 - For more information see http://logback.qos.ch/manual/appenders.html#SizeAndTimeBasedRollingPolicy
15:58:14,746 |-INFO in ch.qos.logback.core.joran.action.NestedComplexPropertyIA - Assuming default type [ch.qos.logback.classic.encoder.PatternLayoutEncoder] for [encoder] property
15:58:14,751 |-INFO in ch.qos.logback.core.rolling.RollingFileAppender[FILE] - Active log file name: /tmp/application.log
15:58:14,751 |-INFO in ch.qos.logback.core.rolling.RollingFileAppender[FILE] - File property is set to [/tmp/application.log]
15:58:14,751 |-INFO in ch.qos.logback.classic.joran.action.RootLoggerAction - Setting level of ROOT logger to WARN
15:58:14,752 |-INFO in ch.qos.logback.core.joran.action.AppenderRefAction - Attaching appender named [STDOUT] to Logger[ROOT]
15:58:14,753 |-INFO in ch.qos.logback.core.joran.action.AppenderRefAction - Attaching appender named [FILE] to Logger[ROOT]
15:58:14,753 |-INFO in ch.qos.logback.classic.joran.action.ConfigurationAction - End of configuration.
15:58:14,754 |-INFO in ch.qos.logback.classic.joran.JoranConfigurator@79698539 - Registering current configuration as safe fallback point

Ama winner
Ama winner
2019-06-10T15:58:16.046+0000: 1.756: [Full GC (Metadata GC Threshold) 2019-06-10T15:58:16.046+0000: 1.756: [Tenured: 0K->15191K(341376K), 0.0403107 secs] 115051K->15191K(494976K), [Metaspace: 20718K->20718K(1067008K)], 0.0403769 secs] [Times: user=0.04 sys=0.00, real=0.04 secs] 
15:58:31.196 [Curator-PathChildrenCache-1] WARN  o.a.c.u.ZKPaths  - The version of ZooKeeper being used doesn't support Container nodes. CreateMode.PERSISTENT will be used instead.
2019-06-10T15:58:33.426+0000: 19.136: [GC (Allocation Failure) 2019-06-10T15:58:33.426+0000: 19.136: [DefNew: 136576K->17024K(153600K), 0.0334112 secs] 151767K->52762K(494976K), 0.0334887 secs] [Times: user=0.03 sys=0.00, real=0.03 secs] 
2019-06-10T15:58:34.682+0000: 20.392: [Full GC (Metadata GC Threshold) 2019-06-10T15:58:34.682+0000: 20.392: [Tenured: 35738K->44519K(341376K), 0.0442906 secs] 76510K->44519K(494976K), [Metaspace: 34563K->34563K(1079296K)], 0.0443703 secs] [Times: user=0.04 sys=0.00, real=0.04 secs] 
2019-06-10T15:58:41.673+0000: 27.382: [GC (Allocation Failure) 2019-06-10T15:58:41.673+0000: 27.382: [DefNew: 136576K->71K(153600K), 0.0018200 secs] 181095K->44591K(494976K), 0.0018794 secs] [Times: user=0.00 sys=0.00, real=0.00 secs] 
2019-06-10T15:58:48.313+0000: 34.023: [GC (Allocation Failure) 2019-06-10T15:58:48.313+0000: 34.023: [DefNew: 136647K->69K(153600K), 0.0017710 secs] 181167K->44589K(494976K), 0.0018288 secs] [Times: user=0.00 sys=0.00, real=0.00 secs] 
2019-06-10T15:58:55.169+0000: 40.879: [GC (Allocation Failure) 2019-06-10T15:58:55.169+0000: 40.879: [DefNew: 136645K->71K(153600K), 0.0017820 secs] 181165K->44591K(494976K), 0.0018429 secs] [Times: user=0.00 sys=0.00, real=0.01 secs] 
2019-06-10T15:59:02.056+0000: 47.766: [GC (Allocation Failure) 2019-06-10T15:59:02.056+0000: 47.766: [DefNew: 136647K->73K(153600K), 0.0018472 secs] 181167K->44592K(494976K), 0.0019182 secs] [Times: user=0.00 sys=0.00, real=0.00 secs] 
2019-06-10T15:59:08.956+0000: 54.666: [GC (Allocation Failure) 2019-06-10T15:59:08.956+0000: 54.666: [DefNew: 136649K->70K(153600K), 0.0017900 secs] 181168K->44590K(494976K), 0.0018518 secs] [Times: user=0.00 sys=0.00, real=0.00 secs] 
15:59:17.591 [Curator-PathChildrenCache-0] ERROR o.a.c.f.r.c.PathChildrenCache  - 
java.lang.IllegalStateException: instance must be started before calling this method
	at org.apache.curator.shaded.com.google.common.base.Preconditions.checkState(Preconditions.java:444)
	at org.apache.curator.framework.imps.CuratorFrameworkImpl.getChildren(CuratorFrameworkImpl.java:456)
	at org.apache.curator.framework.recipes.cache.PathChildrenCache.refresh(PathChildrenCache.java:521)
	at org.apache.curator.framework.recipes.cache.RefreshOperation.invoke(RefreshOperation.java:35)
	at org.apache.curator.framework.recipes.cache.PathChildrenCache$9.run(PathChildrenCache.java:786)
	at java.util.concurrent.Executors$RunnableAdapter.call(Executors.java:511)
	at java.util.concurrent.FutureTask.run(FutureTask.java:266)
	at java.util.concurrent.Executors$RunnableAdapter.call(Executors.java:511)
	at java.util.concurrent.FutureTask.run(FutureTask.java:266)
	at java.util.concurrent.ThreadPoolExecutor.runWorker(ThreadPoolExecutor.java:1149)
	at java.util.concurrent.ThreadPoolExecutor$Worker.run(ThreadPoolExecutor.java:624)
	at java.lang.Thread.run(Thread.java:748)
Heap
 def new generation   total 153600K, used 80854K [0x00000000e0c00000, 0x00000000eb2a0000, 0x00000000eb2a0000)
  eden space 136576K,  59% used [0x00000000e0c00000, 0x00000000e5ae4000, 0x00000000e9160000)
  from space 17024K,   0% used [0x00000000e9160000, 0x00000000e9171ad0, 0x00000000ea200000)
  to   space 17024K,   0% used [0x00000000ea200000, 0x00000000ea200000, 0x00000000eb2a0000)
 tenured generation   total 341376K, used 44519K [0x00000000eb2a0000, 0x0000000100000000, 0x0000000100000000)
   the space 341376K,  13% used [0x00000000eb2a0000, 0x00000000ede19e48, 0x00000000ede1a000, 0x0000000100000000)
 Metaspace       used 36112K, capacity 36986K, committed 37120K, reserved 1081344K
  class space    used 4869K, capacity 5073K, committed 5120K, reserved 1048576K
