06:44:55,263 |-INFO in ch.qos.logback.classic.LoggerContext[default] - Could NOT find resource [logback-test.xml]
06:44:55,263 |-INFO in ch.qos.logback.classic.LoggerContext[default] - Could NOT find resource [logback.groovy]
06:44:55,263 |-INFO in ch.qos.logback.classic.LoggerContext[default] - Found resource [logback.xml] at [jar:file:/home/nikitasokolov/flamestream/lib/flamestream-runtime-1.0-SNAPSHOT.jar!/logback.xml]
06:44:55,264 |-WARN in ch.qos.logback.classic.LoggerContext[default] - Resource [logback.xml] occurs multiple times on the classpath.
06:44:55,264 |-WARN in ch.qos.logback.classic.LoggerContext[default] - Resource [logback.xml] occurs at [jar:file:/home/nikitasokolov/flamestream/lib/flamestream-runtime-1.0-SNAPSHOT.jar!/logback.xml]
06:44:55,264 |-WARN in ch.qos.logback.classic.LoggerContext[default] - Resource [logback.xml] occurs at [jar:file:/home/nikitasokolov/flamestream/flamestream-runtime-1.0-SNAPSHOT.jar!/logback.xml]
06:44:55,280 |-INFO in ch.qos.logback.core.joran.spi.ConfigurationWatchList@6108b2d7 - URL [jar:file:/home/nikitasokolov/flamestream/lib/flamestream-runtime-1.0-SNAPSHOT.jar!/logback.xml] is not of type file
06:44:55,331 |-INFO in ch.qos.logback.classic.joran.action.ConfigurationAction - debug attribute not set
06:44:55,332 |-INFO in ch.qos.logback.core.joran.action.AppenderAction - About to instantiate appender of type [ch.qos.logback.core.ConsoleAppender]
06:44:55,342 |-INFO in ch.qos.logback.core.joran.action.AppenderAction - Naming appender as [STDOUT]
06:44:55,350 |-INFO in ch.qos.logback.core.joran.action.NestedComplexPropertyIA - Assuming default type [ch.qos.logback.classic.encoder.PatternLayoutEncoder] for [encoder] property
06:44:55,405 |-INFO in ch.qos.logback.core.joran.action.AppenderAction - About to instantiate appender of type [ch.qos.logback.core.rolling.RollingFileAppender]
06:44:55,411 |-INFO in ch.qos.logback.core.joran.action.AppenderAction - Naming appender as [FILE]
06:44:55,433 |-INFO in c.q.l.core.rolling.TimeBasedRollingPolicy@357863579 - No compression will be used
06:44:55,435 |-INFO in c.q.l.core.rolling.TimeBasedRollingPolicy@357863579 - Will use the pattern /tmp/application_%d{yyyy-MM-dd}.%i.log for the active file
06:44:55,437 |-INFO in ch.qos.logback.core.rolling.SizeAndTimeBasedFNATP@6bf256fa - The date pattern is 'yyyy-MM-dd' from file name pattern '/tmp/application_%d{yyyy-MM-dd}.%i.log'.
06:44:55,437 |-INFO in ch.qos.logback.core.rolling.SizeAndTimeBasedFNATP@6bf256fa - Roll-over at midnight.
06:44:55,441 |-INFO in ch.qos.logback.core.rolling.SizeAndTimeBasedFNATP@6bf256fa - Setting initial period to Sun Jun 09 06:44:16 MSK 2019
06:44:55,442 |-WARN in ch.qos.logback.core.rolling.SizeAndTimeBasedFNATP@6bf256fa - SizeAndTimeBasedFNATP is deprecated. Use SizeAndTimeBasedRollingPolicy instead
06:44:55,442 |-WARN in ch.qos.logback.core.rolling.SizeAndTimeBasedFNATP@6bf256fa - For more information see http://logback.qos.ch/manual/appenders.html#SizeAndTimeBasedRollingPolicy
06:44:55,446 |-INFO in ch.qos.logback.core.joran.action.NestedComplexPropertyIA - Assuming default type [ch.qos.logback.classic.encoder.PatternLayoutEncoder] for [encoder] property
06:44:55,449 |-INFO in ch.qos.logback.core.rolling.RollingFileAppender[FILE] - Active log file name: /tmp/application.log
06:44:55,449 |-INFO in ch.qos.logback.core.rolling.RollingFileAppender[FILE] - File property is set to [/tmp/application.log]
06:44:55,450 |-INFO in ch.qos.logback.classic.joran.action.RootLoggerAction - Setting level of ROOT logger to WARN
06:44:55,450 |-INFO in ch.qos.logback.core.joran.action.AppenderRefAction - Attaching appender named [STDOUT] to Logger[ROOT]
06:44:55,450 |-INFO in ch.qos.logback.core.joran.action.AppenderRefAction - Attaching appender named [FILE] to Logger[ROOT]
06:44:55,450 |-INFO in ch.qos.logback.classic.joran.action.ConfigurationAction - End of configuration.
06:44:55,451 |-INFO in ch.qos.logback.classic.joran.JoranConfigurator@6cd8737 - Registering current configuration as safe fallback point

2019-06-09T06:44:56.419+0300: 1.352: [GC (Metadata GC Threshold) [PSYoungGen: 108151K->15859K(149504K)] 108151K->15939K(491008K), 0.0191486 secs] [Times: user=0.06 sys=0.03, real=0.02 secs] 
2019-06-09T06:44:56.439+0300: 1.372: [Full GC (Metadata GC Threshold) [PSYoungGen: 15859K->0K(149504K)] [ParOldGen: 80K->14981K(341504K)] 15939K->14981K(491008K), [Metaspace: 20802K->20802K(1067008K)], 0.0245369 secs] [Times: user=0.16 sys=0.00, real=0.02 secs] 
06:45:03.620 [Curator-PathChildrenCache-1] WARN  o.a.c.u.ZKPaths  - The version of ZooKeeper being used doesn't support Container nodes. CreateMode.PERSISTENT will be used instead.
2019-06-09T06:45:04.786+0300: 9.719: [GC (Allocation Failure) [PSYoungGen: 128512K->15878K(149504K)] 143493K->50399K(491008K), 0.0313918 secs] [Times: user=0.28 sys=0.02, real=0.04 secs] 
2019-06-09T06:45:04.831+0300: 9.764: [GC (Metadata GC Threshold) [PSYoungGen: 25461K->5653K(149504K)] 59982K->40182K(491008K), 0.0039719 secs] [Times: user=0.03 sys=0.01, real=0.00 secs] 
2019-06-09T06:45:04.835+0300: 9.768: [Full GC (Metadata GC Threshold) [PSYoungGen: 5653K->0K(149504K)] [ParOldGen: 34529K->29233K(341504K)] 40182K->29233K(491008K), [Metaspace: 34571K->34571K(1079296K)], 0.0329043 secs] [Times: user=0.16 sys=0.00, real=0.03 secs] 
2019-06-09T06:45:08.313+0300: 13.247: [GC (Allocation Failure) [PSYoungGen: 128512K->384K(149504K)] 157745K->29625K(491008K), 0.0030087 secs] [Times: user=0.01 sys=0.00, real=0.00 secs] 
2019-06-09T06:45:12.253+0300: 17.186: [GC (Allocation Failure) [PSYoungGen: 128896K->480K(129024K)] 158137K->29729K(470528K), 0.0026300 secs] [Times: user=0.01 sys=0.00, real=0.00 secs] 
2019-06-09T06:45:16.179+0300: 21.112: [GC (Allocation Failure) [PSYoungGen: 128992K->512K(148992K)] 158241K->29769K(490496K), 0.0766995 secs] [Times: user=0.05 sys=0.01, real=0.07 secs] 
2019-06-09T06:45:20.108+0300: 25.041: [GC (Allocation Failure) [PSYoungGen: 127488K->448K(148480K)] 156745K->29705K(489984K), 0.0057252 secs] [Times: user=0.04 sys=0.00, real=0.01 secs] 
2019-06-09T06:45:24.069+0300: 29.003: [GC (Allocation Failure) [PSYoungGen: 127424K->384K(150528K)] 156681K->29833K(492032K), 0.0031257 secs] [Times: user=0.00 sys=0.00, real=0.01 secs] 
2019-06-09T06:45:28.074+0300: 33.081: [GC (Allocation Failure) [PSYoungGen: 130432K->352K(150016K)] 159881K->29857K(491520K), 0.0787642 secs] [Times: user=0.02 sys=0.01, real=0.08 secs] 
2019-06-09T06:45:32.192+0300: 37.125: [GC (Allocation Failure) [PSYoungGen: 130400K->288K(152064K)] 159905K->29929K(493568K), 0.0027686 secs] [Times: user=0.00 sys=0.01, real=0.00 secs] 
2019-06-09T06:45:36.298+0300: 41.231: [GC (Allocation Failure) [PSYoungGen: 133408K->320K(151552K)] 163049K->30017K(493056K), 0.0043334 secs] [Times: user=0.03 sys=0.00, real=0.00 secs] 
2019-06-09T06:45:40.455+0300: 45.388: [GC (Allocation Failure) [PSYoungGen: 133440K->192K(153600K)] 163137K->29889K(495104K), 0.0036410 secs] [Times: user=0.02 sys=0.00, real=0.01 secs] 
2019-06-09T06:45:44.728+0300: 49.661: [GC (Allocation Failure) [PSYoungGen: 136384K->320K(153088K)] 166081K->30017K(494592K), 0.0027337 secs] [Times: user=0.01 sys=0.01, real=0.01 secs] 
2019-06-09T06:45:48.960+0300: 53.893: [GC (Allocation Failure) [PSYoungGen: 136512K->224K(155136K)] 166209K->29921K(496640K), 0.0028466 secs] [Times: user=0.01 sys=0.00, real=0.00 secs] 
2019-06-09T06:45:53.291+0300: 58.224: [GC (Allocation Failure) [PSYoungGen: 139488K->192K(154624K)] 169185K->29889K(496128K), 0.0137297 secs] [Times: user=0.14 sys=0.01, real=0.01 secs] 
2019-06-09T06:45:57.673+0300: 62.606: [GC (Allocation Failure) [PSYoungGen: 139456K->727K(156672K)] 169153K->30433K(498176K), 0.0032216 secs] [Times: user=0.01 sys=0.01, real=0.00 secs] 
06:46:11.247 [Curator-PathChildrenCache-0] ERROR o.a.c.f.r.c.PathChildrenCache  - 
java.lang.IllegalStateException: instance must be started before calling this method
	at org.apache.curator.shaded.com.google.common.base.Preconditions.checkState(Preconditions.java:444)
	at org.apache.curator.framework.imps.CuratorFrameworkImpl.getChildren(CuratorFrameworkImpl.java:456)
	at org.apache.curator.framework.recipes.cache.PathChildrenCache.refresh(PathChildrenCache.java:521)
	at org.apache.curator.framework.recipes.cache.RefreshOperation.invoke(RefreshOperation.java:35)
	at org.apache.curator.framework.recipes.cache.PathChildrenCache$9.run(PathChildrenCache.java:786)
	at java.util.concurrent.Executors$RunnableAdapter.call(Executors.java:511)
	at java.util.concurrent.FutureTask.run(FutureTask.java:266)
	at java.util.concurrent.Executors$RunnableAdapter.call(Executors.java:511)
	at java.util.concurrent.FutureTask.run(FutureTask.java:266)
	at java.util.concurrent.ThreadPoolExecutor.runWorker(ThreadPoolExecutor.java:1149)
	at java.util.concurrent.ThreadPoolExecutor$Worker.run(ThreadPoolExecutor.java:624)
	at java.lang.Thread.run(Thread.java:748)
Heap
 PSYoungGen      total 156672K, used 94118K [0x00000000f5980000, 0x0000000100000000, 0x0000000100000000)
  eden space 142336K, 65% used [0x00000000f5980000,0x00000000fb4b3f18,0x00000000fe480000)
  from space 14336K, 5% used [0x00000000ff200000,0x00000000ff2b5cd0,0x0000000100000000)
  to   space 13824K, 0% used [0x00000000fe480000,0x00000000fe480000,0x00000000ff200000)
 ParOldGen       total 341504K, used 29705K [0x00000000e0c00000, 0x00000000f5980000, 0x00000000f5980000)
  object space 341504K, 8% used [0x00000000e0c00000,0x00000000e29027c0,0x00000000f5980000)
 Metaspace       used 36121K, capacity 36958K, committed 37208K, reserved 1081344K
  class space    used 4979K, capacity 5161K, committed 5248K, reserved 1048576K
