18:55:27,393 |-INFO in ch.qos.logback.classic.LoggerContext[default] - Could NOT find resource [logback-test.xml]
18:55:27,393 |-INFO in ch.qos.logback.classic.LoggerContext[default] - Could NOT find resource [logback.groovy]
18:55:27,393 |-INFO in ch.qos.logback.classic.LoggerContext[default] - Found resource [logback.xml] at [jar:file:/root/flamestream/lib/flamestream-runtime-1.0-SNAPSHOT.jar!/logback.xml]
18:55:27,398 |-WARN in ch.qos.logback.classic.LoggerContext[default] - Resource [logback.xml] occurs multiple times on the classpath.
18:55:27,398 |-WARN in ch.qos.logback.classic.LoggerContext[default] - Resource [logback.xml] occurs at [jar:file:/root/flamestream/lib/flamestream-runtime-1.0-SNAPSHOT.jar!/logback.xml]
18:55:27,398 |-WARN in ch.qos.logback.classic.LoggerContext[default] - Resource [logback.xml] occurs at [jar:file:/root/flamestream/flamestream-runtime-1.0-SNAPSHOT.jar!/logback.xml]
18:55:27,417 |-INFO in ch.qos.logback.core.joran.spi.ConfigurationWatchList@3fb6a447 - URL [jar:file:/root/flamestream/lib/flamestream-runtime-1.0-SNAPSHOT.jar!/logback.xml] is not of type file
18:55:27,484 |-INFO in ch.qos.logback.classic.joran.action.ConfigurationAction - debug attribute not set
18:55:27,484 |-INFO in ch.qos.logback.core.joran.action.AppenderAction - About to instantiate appender of type [ch.qos.logback.core.ConsoleAppender]
18:55:27,500 |-INFO in ch.qos.logback.core.joran.action.AppenderAction - Naming appender as [STDOUT]
18:55:27,518 |-INFO in ch.qos.logback.core.joran.action.NestedComplexPropertyIA - Assuming default type [ch.qos.logback.classic.encoder.PatternLayoutEncoder] for [encoder] property
18:55:27,600 |-INFO in ch.qos.logback.core.joran.action.AppenderAction - About to instantiate appender of type [ch.qos.logback.core.rolling.RollingFileAppender]
18:55:27,609 |-INFO in ch.qos.logback.core.joran.action.AppenderAction - Naming appender as [FILE]
18:55:27,637 |-INFO in c.q.l.core.rolling.TimeBasedRollingPolicy@127618319 - No compression will be used
18:55:27,639 |-INFO in c.q.l.core.rolling.TimeBasedRollingPolicy@127618319 - Will use the pattern /tmp/application_%d{yyyy-MM-dd}.%i.log for the active file
18:55:27,642 |-INFO in ch.qos.logback.core.rolling.SizeAndTimeBasedFNATP@6b2fad11 - The date pattern is 'yyyy-MM-dd' from file name pattern '/tmp/application_%d{yyyy-MM-dd}.%i.log'.
18:55:27,642 |-INFO in ch.qos.logback.core.rolling.SizeAndTimeBasedFNATP@6b2fad11 - Roll-over at midnight.
18:55:27,647 |-INFO in ch.qos.logback.core.rolling.SizeAndTimeBasedFNATP@6b2fad11 - Setting initial period to Mon Jun 10 18:53:52 UTC 2019
18:55:27,647 |-WARN in ch.qos.logback.core.rolling.SizeAndTimeBasedFNATP@6b2fad11 - SizeAndTimeBasedFNATP is deprecated. Use SizeAndTimeBasedRollingPolicy instead
18:55:27,647 |-WARN in ch.qos.logback.core.rolling.SizeAndTimeBasedFNATP@6b2fad11 - For more information see http://logback.qos.ch/manual/appenders.html#SizeAndTimeBasedRollingPolicy
18:55:27,652 |-INFO in ch.qos.logback.core.joran.action.NestedComplexPropertyIA - Assuming default type [ch.qos.logback.classic.encoder.PatternLayoutEncoder] for [encoder] property
18:55:27,656 |-INFO in ch.qos.logback.core.rolling.RollingFileAppender[FILE] - Active log file name: /tmp/application.log
18:55:27,656 |-INFO in ch.qos.logback.core.rolling.RollingFileAppender[FILE] - File property is set to [/tmp/application.log]
18:55:27,657 |-INFO in ch.qos.logback.classic.joran.action.RootLoggerAction - Setting level of ROOT logger to WARN
18:55:27,657 |-INFO in ch.qos.logback.core.joran.action.AppenderRefAction - Attaching appender named [STDOUT] to Logger[ROOT]
18:55:27,657 |-INFO in ch.qos.logback.core.joran.action.AppenderRefAction - Attaching appender named [FILE] to Logger[ROOT]
18:55:27,657 |-INFO in ch.qos.logback.classic.joran.action.ConfigurationAction - End of configuration.
18:55:27,658 |-INFO in ch.qos.logback.classic.joran.JoranConfigurator@79698539 - Registering current configuration as safe fallback point

Ama winner
Ama winner
2019-06-10T18:55:28.981+0000: 1.770: [Full GC (Metadata GC Threshold) 2019-06-10T18:55:28.981+0000: 1.770: [Tenured: 0K->15177K(341376K), 0.0419182 secs] 117815K->15177K(494976K), [Metaspace: 20735K->20735K(1067008K)], 0.0419868 secs] [Times: user=0.04 sys=0.00, real=0.04 secs] 
18:55:51.382 [Curator-PathChildrenCache-1] WARN  o.a.c.u.ZKPaths  - The version of ZooKeeper being used doesn't support Container nodes. CreateMode.PERSISTENT will be used instead.
2019-06-10T18:55:53.764+0000: 26.553: [GC (Allocation Failure) 2019-06-10T18:55:53.764+0000: 26.553: [DefNew: 136576K->17023K(153600K), 0.0275679 secs] 151753K->52659K(494976K), 0.0276282 secs] [Times: user=0.01 sys=0.01, real=0.03 secs] 
2019-06-10T18:55:54.613+0000: 27.402: [Full GC (Metadata GC Threshold) 2019-06-10T18:55:54.613+0000: 27.402: [Tenured: 35635K->44048K(341376K), 0.0377428 secs] 77750K->44048K(494976K), [Metaspace: 34559K->34559K(1079296K)], 0.0378171 secs] [Times: user=0.04 sys=0.01, real=0.04 secs] 
2019-06-10T18:56:00.421+0000: 33.210: [GC (Allocation Failure) 2019-06-10T18:56:00.421+0000: 33.210: [DefNew: 136576K->68K(153600K), 0.0018986 secs] 180624K->44116K(494976K), 0.0019776 secs] [Times: user=0.00 sys=0.00, real=0.00 secs] 
2019-06-10T18:56:06.253+0000: 39.042: [GC (Allocation Failure) 2019-06-10T18:56:06.253+0000: 39.042: [DefNew: 136644K->69K(153600K), 0.0016821 secs] 180692K->44117K(494976K), 0.0017443 secs] [Times: user=0.00 sys=0.00, real=0.01 secs] 
2019-06-10T18:56:11.997+0000: 44.786: [GC (Allocation Failure) 2019-06-10T18:56:11.997+0000: 44.786: [DefNew: 136645K->69K(153600K), 0.0017189 secs] 180693K->44118K(494976K), 0.0017860 secs] [Times: user=0.00 sys=0.00, real=0.00 secs] 
2019-06-10T18:56:17.736+0000: 50.525: [GC (Allocation Failure) 2019-06-10T18:56:17.736+0000: 50.525: [DefNew: 136645K->70K(153600K), 0.0018792 secs] 180694K->44119K(494976K), 0.0019391 secs] [Times: user=0.00 sys=0.00, real=0.00 secs] 
2019-06-10T18:56:29.129+0000: 61.918: [GC (Allocation Failure) 2019-06-10T18:56:29.129+0000: 61.918: [DefNew: 136646K->110K(153600K), 0.0018790 secs] 180695K->44158K(494976K), 0.0019368 secs] [Times: user=0.00 sys=0.00, real=0.00 secs] 
18:56:31.817 [Curator-PathChildrenCache-0] ERROR o.a.c.f.r.c.PathChildrenCache  - 
java.lang.IllegalStateException: instance must be started before calling this method
	at org.apache.curator.shaded.com.google.common.base.Preconditions.checkState(Preconditions.java:444)
	at org.apache.curator.framework.imps.CuratorFrameworkImpl.getChildren(CuratorFrameworkImpl.java:456)
	at org.apache.curator.framework.recipes.cache.PathChildrenCache.refresh(PathChildrenCache.java:521)
	at org.apache.curator.framework.recipes.cache.RefreshOperation.invoke(RefreshOperation.java:35)
	at org.apache.curator.framework.recipes.cache.PathChildrenCache$9.run(PathChildrenCache.java:786)
	at java.util.concurrent.Executors$RunnableAdapter.call(Executors.java:511)
	at java.util.concurrent.FutureTask.run(FutureTask.java:266)
	at java.util.concurrent.Executors$RunnableAdapter.call(Executors.java:511)
	at java.util.concurrent.FutureTask.run(FutureTask.java:266)
	at java.util.concurrent.ThreadPoolExecutor.runWorker(ThreadPoolExecutor.java:1149)
	at java.util.concurrent.ThreadPoolExecutor$Worker.run(ThreadPoolExecutor.java:624)
	at java.lang.Thread.run(Thread.java:748)
Heap
 def new generation   total 153600K, used 45454K [0x00000000e0c00000, 0x00000000eb2a0000, 0x00000000eb2a0000)
  eden space 136576K,  33% used [0x00000000e0c00000, 0x00000000e3848288, 0x00000000e9160000)
  from space 17024K,   0% used [0x00000000e9160000, 0x00000000e917b860, 0x00000000ea200000)
  to   space 17024K,   0% used [0x00000000ea200000, 0x00000000ea200000, 0x00000000eb2a0000)
 tenured generation   total 341376K, used 44048K [0x00000000eb2a0000, 0x0000000100000000, 0x0000000100000000)
   the space 341376K,  12% used [0x00000000eb2a0000, 0x00000000edda4208, 0x00000000edda4400, 0x0000000100000000)
 Metaspace       used 36204K, capacity 37122K, committed 37376K, reserved 1081344K
  class space    used 4875K, capacity 5085K, committed 5120K, reserved 1048576K
