17:54:12,862 |-INFO in ch.qos.logback.classic.LoggerContext[default] - Could NOT find resource [logback-test.xml]
17:54:12,862 |-INFO in ch.qos.logback.classic.LoggerContext[default] - Could NOT find resource [logback.groovy]
17:54:12,862 |-INFO in ch.qos.logback.classic.LoggerContext[default] - Found resource [logback.xml] at [jar:file:/root/flamestream/lib/flamestream-runtime-1.0-SNAPSHOT.jar!/logback.xml]
17:54:12,863 |-WARN in ch.qos.logback.classic.LoggerContext[default] - Resource [logback.xml] occurs multiple times on the classpath.
17:54:12,863 |-WARN in ch.qos.logback.classic.LoggerContext[default] - Resource [logback.xml] occurs at [jar:file:/root/flamestream/lib/flamestream-runtime-1.0-SNAPSHOT.jar!/logback.xml]
17:54:12,863 |-WARN in ch.qos.logback.classic.LoggerContext[default] - Resource [logback.xml] occurs at [jar:file:/root/flamestream/flamestream-runtime-1.0-SNAPSHOT.jar!/logback.xml]
17:54:12,883 |-INFO in ch.qos.logback.core.joran.spi.ConfigurationWatchList@3fb6a447 - URL [jar:file:/root/flamestream/lib/flamestream-runtime-1.0-SNAPSHOT.jar!/logback.xml] is not of type file
17:54:12,951 |-INFO in ch.qos.logback.classic.joran.action.ConfigurationAction - debug attribute not set
17:54:12,952 |-INFO in ch.qos.logback.core.joran.action.AppenderAction - About to instantiate appender of type [ch.qos.logback.core.ConsoleAppender]
17:54:12,967 |-INFO in ch.qos.logback.core.joran.action.AppenderAction - Naming appender as [STDOUT]
17:54:12,984 |-INFO in ch.qos.logback.core.joran.action.NestedComplexPropertyIA - Assuming default type [ch.qos.logback.classic.encoder.PatternLayoutEncoder] for [encoder] property
17:54:13,088 |-INFO in ch.qos.logback.core.joran.action.AppenderAction - About to instantiate appender of type [ch.qos.logback.core.rolling.RollingFileAppender]
17:54:13,099 |-INFO in ch.qos.logback.core.joran.action.AppenderAction - Naming appender as [FILE]
17:54:13,130 |-INFO in c.q.l.core.rolling.TimeBasedRollingPolicy@127618319 - No compression will be used
17:54:13,131 |-INFO in c.q.l.core.rolling.TimeBasedRollingPolicy@127618319 - Will use the pattern /tmp/application_%d{yyyy-MM-dd}.%i.log for the active file
17:54:13,134 |-INFO in ch.qos.logback.core.rolling.SizeAndTimeBasedFNATP@6b2fad11 - The date pattern is 'yyyy-MM-dd' from file name pattern '/tmp/application_%d{yyyy-MM-dd}.%i.log'.
17:54:13,134 |-INFO in ch.qos.logback.core.rolling.SizeAndTimeBasedFNATP@6b2fad11 - Roll-over at midnight.
17:54:13,140 |-INFO in ch.qos.logback.core.rolling.SizeAndTimeBasedFNATP@6b2fad11 - Setting initial period to Mon Jun 10 17:52:54 UTC 2019
17:54:13,140 |-WARN in ch.qos.logback.core.rolling.SizeAndTimeBasedFNATP@6b2fad11 - SizeAndTimeBasedFNATP is deprecated. Use SizeAndTimeBasedRollingPolicy instead
17:54:13,140 |-WARN in ch.qos.logback.core.rolling.SizeAndTimeBasedFNATP@6b2fad11 - For more information see http://logback.qos.ch/manual/appenders.html#SizeAndTimeBasedRollingPolicy
17:54:13,144 |-INFO in ch.qos.logback.core.joran.action.NestedComplexPropertyIA - Assuming default type [ch.qos.logback.classic.encoder.PatternLayoutEncoder] for [encoder] property
17:54:13,149 |-INFO in ch.qos.logback.core.rolling.RollingFileAppender[FILE] - Active log file name: /tmp/application.log
17:54:13,149 |-INFO in ch.qos.logback.core.rolling.RollingFileAppender[FILE] - File property is set to [/tmp/application.log]
17:54:13,150 |-INFO in ch.qos.logback.classic.joran.action.RootLoggerAction - Setting level of ROOT logger to WARN
17:54:13,150 |-INFO in ch.qos.logback.core.joran.action.AppenderRefAction - Attaching appender named [STDOUT] to Logger[ROOT]
17:54:13,150 |-INFO in ch.qos.logback.core.joran.action.AppenderRefAction - Attaching appender named [FILE] to Logger[ROOT]
17:54:13,150 |-INFO in ch.qos.logback.classic.joran.action.ConfigurationAction - End of configuration.
17:54:13,151 |-INFO in ch.qos.logback.classic.joran.JoranConfigurator@79698539 - Registering current configuration as safe fallback point

Ama winner
Ama winner
2019-06-10T17:54:14.800+0000: 2.126: [Full GC (Metadata GC Threshold) 2019-06-10T17:54:14.800+0000: 2.126: [Tenured: 0K->15208K(341376K), 0.0398458 secs] 117718K->15208K(494976K), [Metaspace: 20732K->20732K(1067008K)], 0.0399127 secs] [Times: user=0.04 sys=0.00, real=0.04 secs] 
17:54:31.707 [Curator-PathChildrenCache-1] WARN  o.a.c.u.ZKPaths  - The version of ZooKeeper being used doesn't support Container nodes. CreateMode.PERSISTENT will be used instead.
2019-06-10T17:54:34.210+0000: 21.536: [GC (Allocation Failure) 2019-06-10T17:54:34.210+0000: 21.536: [DefNew: 136576K->17024K(153600K), 0.0275436 secs] 151784K->52682K(494976K), 0.0276110 secs] [Times: user=0.02 sys=0.01, real=0.03 secs] 
2019-06-10T17:54:36.363+0000: 23.689: [Full GC (Metadata GC Threshold) 2019-06-10T17:54:36.363+0000: 23.689: [Tenured: 35658K->44129K(341376K), 0.0431744 secs] 101665K->44129K(494976K), [Metaspace: 34590K->34590K(1079296K)], 0.0432440 secs] [Times: user=0.04 sys=0.00, real=0.05 secs] 
2019-06-10T17:54:42.917+0000: 30.243: [GC (Allocation Failure) 2019-06-10T17:54:42.917+0000: 30.243: [DefNew: 136576K->82K(153600K), 0.0019742 secs] 180705K->44212K(494976K), 0.0020302 secs] [Times: user=0.00 sys=0.00, real=0.00 secs] 
2019-06-10T17:54:49.546+0000: 36.872: [GC (Allocation Failure) 2019-06-10T17:54:49.546+0000: 36.872: [DefNew: 136658K->83K(153600K), 0.0017727 secs] 180788K->44213K(494976K), 0.0018275 secs] [Times: user=0.00 sys=0.00, real=0.00 secs] 
2019-06-10T17:54:56.270+0000: 43.596: [GC (Allocation Failure) 2019-06-10T17:54:56.270+0000: 43.596: [DefNew: 136659K->82K(153600K), 0.0018889 secs] 180789K->44211K(494976K), 0.0019490 secs] [Times: user=0.00 sys=0.00, real=0.00 secs] 
2019-06-10T17:55:03.025+0000: 50.351: [GC (Allocation Failure) 2019-06-10T17:55:03.025+0000: 50.351: [DefNew: 136658K->118K(153600K), 0.0019032 secs] 180787K->44248K(494976K), 0.0019628 secs] [Times: user=0.00 sys=0.00, real=0.01 secs] 
2019-06-10T17:55:09.763+0000: 57.089: [GC (Allocation Failure) 2019-06-10T17:55:09.763+0000: 57.089: [DefNew: 136694K->120K(153600K), 0.0018827 secs] 180824K->44250K(494976K), 0.0019403 secs] [Times: user=0.00 sys=0.00, real=0.00 secs] 
17:55:16.819 [Curator-PathChildrenCache-0] ERROR o.a.c.f.r.c.PathChildrenCache  - 
java.lang.IllegalStateException: instance must be started before calling this method
	at org.apache.curator.shaded.com.google.common.base.Preconditions.checkState(Preconditions.java:444)
	at org.apache.curator.framework.imps.CuratorFrameworkImpl.getChildren(CuratorFrameworkImpl.java:456)
	at org.apache.curator.framework.recipes.cache.PathChildrenCache.refresh(PathChildrenCache.java:521)
	at org.apache.curator.framework.recipes.cache.RefreshOperation.invoke(RefreshOperation.java:35)
	at org.apache.curator.framework.recipes.cache.PathChildrenCache$9.run(PathChildrenCache.java:786)
	at java.util.concurrent.Executors$RunnableAdapter.call(Executors.java:511)
	at java.util.concurrent.FutureTask.run(FutureTask.java:266)
	at java.util.concurrent.Executors$RunnableAdapter.call(Executors.java:511)
	at java.util.concurrent.FutureTask.run(FutureTask.java:266)
	at java.util.concurrent.ThreadPoolExecutor.runWorker(ThreadPoolExecutor.java:1149)
	at java.util.concurrent.ThreadPoolExecutor$Worker.run(ThreadPoolExecutor.java:624)
	at java.lang.Thread.run(Thread.java:748)
Heap
 def new generation   total 153600K, used 78660K [0x00000000e0c00000, 0x00000000eb2a0000, 0x00000000eb2a0000)
  eden space 136576K,  57% used [0x00000000e0c00000, 0x00000000e58b3250, 0x00000000e9160000)
  from space 17024K,   0% used [0x00000000e9160000, 0x00000000e917e140, 0x00000000ea200000)
  to   space 17024K,   0% used [0x00000000ea200000, 0x00000000ea200000, 0x00000000eb2a0000)
 tenured generation   total 341376K, used 44129K [0x00000000eb2a0000, 0x0000000100000000, 0x0000000100000000)
   the space 341376K,  12% used [0x00000000eb2a0000, 0x00000000eddb8770, 0x00000000eddb8800, 0x0000000100000000)
 Metaspace       used 36216K, capacity 37132K, committed 37376K, reserved 1081344K
  class space    used 4857K, capacity 5076K, committed 5120K, reserved 1048576K
