13:23:13,062 |-INFO in ch.qos.logback.classic.LoggerContext[default] - Could NOT find resource [logback-test.xml]
13:23:13,063 |-INFO in ch.qos.logback.classic.LoggerContext[default] - Could NOT find resource [logback.groovy]
13:23:13,063 |-INFO in ch.qos.logback.classic.LoggerContext[default] - Found resource [logback.xml] at [jar:file:/root/flamestream/lib/flamestream-runtime-1.0-SNAPSHOT.jar!/logback.xml]
13:23:13,064 |-WARN in ch.qos.logback.classic.LoggerContext[default] - Resource [logback.xml] occurs multiple times on the classpath.
13:23:13,064 |-WARN in ch.qos.logback.classic.LoggerContext[default] - Resource [logback.xml] occurs at [jar:file:/root/flamestream/lib/flamestream-runtime-1.0-SNAPSHOT.jar!/logback.xml]
13:23:13,064 |-WARN in ch.qos.logback.classic.LoggerContext[default] - Resource [logback.xml] occurs at [jar:file:/root/flamestream/flamestream-runtime-1.0-SNAPSHOT.jar!/logback.xml]
13:23:13,084 |-INFO in ch.qos.logback.core.joran.spi.ConfigurationWatchList@3fb6a447 - URL [jar:file:/root/flamestream/lib/flamestream-runtime-1.0-SNAPSHOT.jar!/logback.xml] is not of type file
13:23:13,149 |-INFO in ch.qos.logback.classic.joran.action.ConfigurationAction - debug attribute not set
13:23:13,150 |-INFO in ch.qos.logback.core.joran.action.AppenderAction - About to instantiate appender of type [ch.qos.logback.core.ConsoleAppender]
13:23:13,166 |-INFO in ch.qos.logback.core.joran.action.AppenderAction - Naming appender as [STDOUT]
13:23:13,185 |-INFO in ch.qos.logback.core.joran.action.NestedComplexPropertyIA - Assuming default type [ch.qos.logback.classic.encoder.PatternLayoutEncoder] for [encoder] property
13:23:13,270 |-INFO in ch.qos.logback.core.joran.action.AppenderAction - About to instantiate appender of type [ch.qos.logback.core.rolling.RollingFileAppender]
13:23:13,279 |-INFO in ch.qos.logback.core.joran.action.AppenderAction - Naming appender as [FILE]
13:23:13,310 |-INFO in c.q.l.core.rolling.TimeBasedRollingPolicy@127618319 - No compression will be used
13:23:13,311 |-INFO in c.q.l.core.rolling.TimeBasedRollingPolicy@127618319 - Will use the pattern /tmp/application_%d{yyyy-MM-dd}.%i.log for the active file
13:23:13,314 |-INFO in ch.qos.logback.core.rolling.SizeAndTimeBasedFNATP@6b2fad11 - The date pattern is 'yyyy-MM-dd' from file name pattern '/tmp/application_%d{yyyy-MM-dd}.%i.log'.
13:23:13,314 |-INFO in ch.qos.logback.core.rolling.SizeAndTimeBasedFNATP@6b2fad11 - Roll-over at midnight.
13:23:13,320 |-INFO in ch.qos.logback.core.rolling.SizeAndTimeBasedFNATP@6b2fad11 - Setting initial period to Mon Jun 10 13:22:03 UTC 2019
13:23:13,320 |-WARN in ch.qos.logback.core.rolling.SizeAndTimeBasedFNATP@6b2fad11 - SizeAndTimeBasedFNATP is deprecated. Use SizeAndTimeBasedRollingPolicy instead
13:23:13,320 |-WARN in ch.qos.logback.core.rolling.SizeAndTimeBasedFNATP@6b2fad11 - For more information see http://logback.qos.ch/manual/appenders.html#SizeAndTimeBasedRollingPolicy
13:23:13,323 |-INFO in ch.qos.logback.core.joran.action.NestedComplexPropertyIA - Assuming default type [ch.qos.logback.classic.encoder.PatternLayoutEncoder] for [encoder] property
13:23:13,328 |-INFO in ch.qos.logback.core.rolling.RollingFileAppender[FILE] - Active log file name: /tmp/application.log
13:23:13,328 |-INFO in ch.qos.logback.core.rolling.RollingFileAppender[FILE] - File property is set to [/tmp/application.log]
13:23:13,329 |-INFO in ch.qos.logback.classic.joran.action.RootLoggerAction - Setting level of ROOT logger to WARN
13:23:13,329 |-INFO in ch.qos.logback.core.joran.action.AppenderRefAction - Attaching appender named [STDOUT] to Logger[ROOT]
13:23:13,331 |-INFO in ch.qos.logback.core.joran.action.AppenderRefAction - Attaching appender named [FILE] to Logger[ROOT]
13:23:13,331 |-INFO in ch.qos.logback.classic.joran.action.ConfigurationAction - End of configuration.
13:23:13,332 |-INFO in ch.qos.logback.classic.joran.JoranConfigurator@79698539 - Registering current configuration as safe fallback point

Ama winner
Ama winner
2019-06-10T13:23:14.651+0000: 1.779: [Full GC (Metadata GC Threshold) 2019-06-10T13:23:14.651+0000: 1.779: [Tenured: 0K->15176K(341376K), 0.0407285 secs] 114923K->15176K(494976K), [Metaspace: 20739K->20739K(1067008K)], 0.0407947 secs] [Times: user=0.03 sys=0.01, real=0.04 secs] 
13:23:32.667 [Curator-PathChildrenCache-2] WARN  o.a.c.u.ZKPaths  - The version of ZooKeeper being used doesn't support Container nodes. CreateMode.PERSISTENT will be used instead.
2019-06-10T13:23:34.586+0000: 21.714: [GC (Allocation Failure) 2019-06-10T13:23:34.586+0000: 21.714: [DefNew: 136576K->17023K(153600K), 0.0261471 secs] 151752K->52496K(494976K), 0.0262144 secs] [Times: user=0.02 sys=0.01, real=0.03 secs] 
2019-06-10T13:23:35.313+0000: 22.440: [Full GC (Metadata GC Threshold) 2019-06-10T13:23:35.313+0000: 22.440: [Tenured: 35472K->44113K(341376K), 0.0384845 secs] 71934K->44113K(494976K), [Metaspace: 34577K->34577K(1079296K)], 0.0385566 secs] [Times: user=0.04 sys=0.00, real=0.04 secs] 
2019-06-10T13:23:40.567+0000: 27.694: [GC (Allocation Failure) 2019-06-10T13:23:40.567+0000: 27.694: [DefNew: 136576K->260K(153600K), 0.0024593 secs] 180689K->44373K(494976K), 0.0025182 secs] [Times: user=0.00 sys=0.00, real=0.00 secs] 
2019-06-10T13:23:45.541+0000: 32.670: [GC (Allocation Failure) 2019-06-10T13:23:45.543+0000: 32.670: [DefNew: 136836K->249K(153600K), 0.0021843 secs] 180949K->44362K(494976K), 0.0034023 secs] [Times: user=0.00 sys=0.00, real=0.00 secs] 
2019-06-10T13:23:50.430+0000: 37.558: [GC (Allocation Failure) 2019-06-10T13:23:50.430+0000: 37.558: [DefNew: 136825K->250K(153600K), 0.0021774 secs] 180938K->44363K(494976K), 0.0022381 secs] [Times: user=0.00 sys=0.00, real=0.01 secs] 
2019-06-10T13:23:55.381+0000: 42.508: [GC (Allocation Failure) 2019-06-10T13:23:55.381+0000: 42.509: [DefNew: 136826K->248K(153600K), 0.0022465 secs] 180939K->44362K(494976K), 0.0023084 secs] [Times: user=0.00 sys=0.00, real=0.00 secs] 
2019-06-10T13:24:00.341+0000: 47.468: [GC (Allocation Failure) 2019-06-10T13:24:00.341+0000: 47.468: [DefNew: 136824K->251K(153600K), 0.0022922 secs] 180938K->44364K(494976K), 0.0023687 secs] [Times: user=0.00 sys=0.00, real=0.00 secs] 
2019-06-10T13:24:05.328+0000: 52.455: [GC (Allocation Failure) 2019-06-10T13:24:05.328+0000: 52.455: [DefNew: 136827K->251K(153600K), 0.0022912 secs] 180940K->44364K(494976K), 0.0023542 secs] [Times: user=0.00 sys=0.00, real=0.00 secs] 
2019-06-10T13:24:10.341+0000: 57.468: [GC (Allocation Failure) 2019-06-10T13:24:10.341+0000: 57.468: [DefNew: 136827K->252K(153600K), 0.0023631 secs] 180940K->44365K(494976K), 0.0024237 secs] [Times: user=0.00 sys=0.00, real=0.00 secs] 
2019-06-10T13:24:15.286+0000: 62.413: [GC (Allocation Failure) 2019-06-10T13:24:15.286+0000: 62.413: [DefNew: 136828K->561K(153600K), 0.0027088 secs] 180941K->44674K(494976K), 0.0027725 secs] [Times: user=0.00 sys=0.00, real=0.00 secs] 
2019-06-10T13:24:27.126+0000: 74.253: [GC (Allocation Failure) 2019-06-10T13:24:27.126+0000: 74.253: [DefNew: 137137K->377K(153600K), 0.0026816 secs] 181250K->44490K(494976K), 0.0027347 secs] [Times: user=0.00 sys=0.00, real=0.00 secs] 
13:24:32.590 [Curator-PathChildrenCache-0] ERROR o.a.c.f.r.c.PathChildrenCache  - 
java.lang.IllegalStateException: instance must be started before calling this method
	at org.apache.curator.shaded.com.google.common.base.Preconditions.checkState(Preconditions.java:444)
	at org.apache.curator.framework.imps.CuratorFrameworkImpl.getChildren(CuratorFrameworkImpl.java:456)
	at org.apache.curator.framework.recipes.cache.PathChildrenCache.refresh(PathChildrenCache.java:521)
	at org.apache.curator.framework.recipes.cache.RefreshOperation.invoke(RefreshOperation.java:35)
	at org.apache.curator.framework.recipes.cache.PathChildrenCache$9.run(PathChildrenCache.java:786)
	at java.util.concurrent.Executors$RunnableAdapter.call(Executors.java:511)
	at java.util.concurrent.FutureTask.run(FutureTask.java:266)
	at java.util.concurrent.Executors$RunnableAdapter.call(Executors.java:511)
	at java.util.concurrent.FutureTask.run(FutureTask.java:266)
	at java.util.concurrent.ThreadPoolExecutor.runWorker(ThreadPoolExecutor.java:1149)
	at java.util.concurrent.ThreadPoolExecutor$Worker.run(ThreadPoolExecutor.java:624)
	at java.lang.Thread.run(Thread.java:748)
Heap
 def new generation   total 153600K, used 39351K [0x00000000e0c00000, 0x00000000eb2a0000, 0x00000000eb2a0000)
  eden space 136576K,  28% used [0x00000000e0c00000, 0x00000000e320f630, 0x00000000e9160000)
  from space 17024K,   2% used [0x00000000e9160000, 0x00000000e91be720, 0x00000000ea200000)
  to   space 17024K,   0% used [0x00000000ea200000, 0x00000000ea200000, 0x00000000eb2a0000)
 tenured generation   total 341376K, used 44113K [0x00000000eb2a0000, 0x0000000100000000, 0x0000000100000000)
   the space 341376K,  12% used [0x00000000eb2a0000, 0x00000000eddb4490, 0x00000000eddb4600, 0x0000000100000000)
 Metaspace       used 36330K, capacity 37324K, committed 37504K, reserved 1081344K
  class space    used 4901K, capacity 5124K, committed 5248K, reserved 1048576K
