15:18:02,018 |-INFO in ch.qos.logback.classic.LoggerContext[default] - Could NOT find resource [logback-test.xml]
15:18:02,018 |-INFO in ch.qos.logback.classic.LoggerContext[default] - Could NOT find resource [logback.groovy]
15:18:02,019 |-INFO in ch.qos.logback.classic.LoggerContext[default] - Found resource [logback.xml] at [jar:file:/root/flamestream/lib/flamestream-runtime-1.0-SNAPSHOT.jar!/logback.xml]
15:18:02,019 |-WARN in ch.qos.logback.classic.LoggerContext[default] - Resource [logback.xml] occurs multiple times on the classpath.
15:18:02,020 |-WARN in ch.qos.logback.classic.LoggerContext[default] - Resource [logback.xml] occurs at [jar:file:/root/flamestream/lib/flamestream-runtime-1.0-SNAPSHOT.jar!/logback.xml]
15:18:02,020 |-WARN in ch.qos.logback.classic.LoggerContext[default] - Resource [logback.xml] occurs at [jar:file:/root/flamestream/flamestream-runtime-1.0-SNAPSHOT.jar!/logback.xml]
15:18:02,039 |-INFO in ch.qos.logback.core.joran.spi.ConfigurationWatchList@3fb6a447 - URL [jar:file:/root/flamestream/lib/flamestream-runtime-1.0-SNAPSHOT.jar!/logback.xml] is not of type file
15:18:02,109 |-INFO in ch.qos.logback.classic.joran.action.ConfigurationAction - debug attribute not set
15:18:02,109 |-INFO in ch.qos.logback.core.joran.action.AppenderAction - About to instantiate appender of type [ch.qos.logback.core.ConsoleAppender]
15:18:02,129 |-INFO in ch.qos.logback.core.joran.action.AppenderAction - Naming appender as [STDOUT]
15:18:02,149 |-INFO in ch.qos.logback.core.joran.action.NestedComplexPropertyIA - Assuming default type [ch.qos.logback.classic.encoder.PatternLayoutEncoder] for [encoder] property
15:18:02,239 |-INFO in ch.qos.logback.core.joran.action.AppenderAction - About to instantiate appender of type [ch.qos.logback.core.rolling.RollingFileAppender]
15:18:02,247 |-INFO in ch.qos.logback.core.joran.action.AppenderAction - Naming appender as [FILE]
15:18:02,278 |-INFO in c.q.l.core.rolling.TimeBasedRollingPolicy@127618319 - No compression will be used
15:18:02,280 |-INFO in c.q.l.core.rolling.TimeBasedRollingPolicy@127618319 - Will use the pattern /tmp/application_%d{yyyy-MM-dd}.%i.log for the active file
15:18:02,283 |-INFO in ch.qos.logback.core.rolling.SizeAndTimeBasedFNATP@6b2fad11 - The date pattern is 'yyyy-MM-dd' from file name pattern '/tmp/application_%d{yyyy-MM-dd}.%i.log'.
15:18:02,283 |-INFO in ch.qos.logback.core.rolling.SizeAndTimeBasedFNATP@6b2fad11 - Roll-over at midnight.
15:18:02,288 |-INFO in ch.qos.logback.core.rolling.SizeAndTimeBasedFNATP@6b2fad11 - Setting initial period to Mon Jun 10 15:16:39 UTC 2019
15:18:02,288 |-WARN in ch.qos.logback.core.rolling.SizeAndTimeBasedFNATP@6b2fad11 - SizeAndTimeBasedFNATP is deprecated. Use SizeAndTimeBasedRollingPolicy instead
15:18:02,288 |-WARN in ch.qos.logback.core.rolling.SizeAndTimeBasedFNATP@6b2fad11 - For more information see http://logback.qos.ch/manual/appenders.html#SizeAndTimeBasedRollingPolicy
15:18:02,293 |-INFO in ch.qos.logback.core.joran.action.NestedComplexPropertyIA - Assuming default type [ch.qos.logback.classic.encoder.PatternLayoutEncoder] for [encoder] property
15:18:02,298 |-INFO in ch.qos.logback.core.rolling.RollingFileAppender[FILE] - Active log file name: /tmp/application.log
15:18:02,298 |-INFO in ch.qos.logback.core.rolling.RollingFileAppender[FILE] - File property is set to [/tmp/application.log]
15:18:02,299 |-INFO in ch.qos.logback.classic.joran.action.RootLoggerAction - Setting level of ROOT logger to WARN
15:18:02,299 |-INFO in ch.qos.logback.core.joran.action.AppenderRefAction - Attaching appender named [STDOUT] to Logger[ROOT]
15:18:02,301 |-INFO in ch.qos.logback.core.joran.action.AppenderRefAction - Attaching appender named [FILE] to Logger[ROOT]
15:18:02,301 |-INFO in ch.qos.logback.classic.joran.action.ConfigurationAction - End of configuration.
15:18:02,302 |-INFO in ch.qos.logback.classic.joran.JoranConfigurator@79698539 - Registering current configuration as safe fallback point

Ama winner
Ama winner
2019-06-10T15:18:03.589+0000: 1.762: [Full GC (Metadata GC Threshold) 2019-06-10T15:18:03.589+0000: 1.762: [Tenured: 0K->15206K(341376K), 0.0407291 secs] 114987K->15206K(494976K), [Metaspace: 20727K->20727K(1067008K)], 0.0407974 secs] [Times: user=0.04 sys=0.00, real=0.04 secs] 
15:18:15.776 [Curator-PathChildrenCache-1] WARN  o.a.c.u.ZKPaths  - The version of ZooKeeper being used doesn't support Container nodes. CreateMode.PERSISTENT will be used instead.
2019-06-10T15:18:18.037+0000: 16.210: [GC (Allocation Failure) 2019-06-10T15:18:18.037+0000: 16.210: [DefNew: 136576K->17024K(153600K), 0.0372796 secs] 151782K->52801K(494976K), 0.0373644 secs] [Times: user=0.03 sys=0.00, real=0.04 secs] 
2019-06-10T15:18:19.534+0000: 17.707: [Full GC (Metadata GC Threshold) 2019-06-10T15:18:19.534+0000: 17.707: [Tenured: 35777K->44535K(341376K), 0.0441213 secs] 81890K->44535K(494976K), [Metaspace: 34581K->34581K(1079296K)], 0.0442030 secs] [Times: user=0.04 sys=0.00, real=0.04 secs] 
2019-06-10T15:18:26.824+0000: 24.997: [GC (Allocation Failure) 2019-06-10T15:18:26.824+0000: 24.997: [DefNew: 136576K->144K(153600K), 0.0019173 secs] 181111K->44679K(494976K), 0.0019774 secs] [Times: user=0.00 sys=0.00, real=0.00 secs] 
2019-06-10T15:18:34.005+0000: 32.178: [GC (Allocation Failure) 2019-06-10T15:18:34.005+0000: 32.178: [DefNew: 136720K->136K(153600K), 0.0018477 secs] 181255K->44672K(494976K), 0.0019260 secs] [Times: user=0.00 sys=0.00, real=0.00 secs] 
2019-06-10T15:18:41.315+0000: 39.488: [GC (Allocation Failure) 2019-06-10T15:18:41.315+0000: 39.488: [DefNew: 136712K->169K(153600K), 0.0018402 secs] 181248K->44704K(494976K), 0.0019039 secs] [Times: user=0.00 sys=0.00, real=0.00 secs] 
2019-06-10T15:18:48.663+0000: 46.836: [GC (Allocation Failure) 2019-06-10T15:18:48.663+0000: 46.836: [DefNew: 136745K->240K(153600K), 0.0018349 secs] 181280K->44775K(494976K), 0.0018960 secs] [Times: user=0.00 sys=0.00, real=0.00 secs] 
2019-06-10T15:18:56.023+0000: 54.196: [GC (Allocation Failure) 2019-06-10T15:18:56.023+0000: 54.196: [DefNew: 136816K->235K(153600K), 0.0018957 secs] 181351K->44771K(494976K), 0.0019553 secs] [Times: user=0.01 sys=0.00, real=0.00 secs] 
15:19:11.569 [Curator-PathChildrenCache-0] ERROR o.a.c.f.r.c.PathChildrenCache  - 
java.lang.IllegalStateException: instance must be started before calling this method
	at org.apache.curator.shaded.com.google.common.base.Preconditions.checkState(Preconditions.java:444)
	at org.apache.curator.framework.imps.CuratorFrameworkImpl.getChildren(CuratorFrameworkImpl.java:456)
	at org.apache.curator.framework.recipes.cache.PathChildrenCache.refresh(PathChildrenCache.java:521)
	at org.apache.curator.framework.recipes.cache.RefreshOperation.invoke(RefreshOperation.java:35)
	at org.apache.curator.framework.recipes.cache.PathChildrenCache$9.run(PathChildrenCache.java:786)
	at java.util.concurrent.Executors$RunnableAdapter.call(Executors.java:511)
	at java.util.concurrent.FutureTask.run(FutureTask.java:266)
	at java.util.concurrent.Executors$RunnableAdapter.call(Executors.java:511)
	at java.util.concurrent.FutureTask.run(FutureTask.java:266)
	at java.util.concurrent.ThreadPoolExecutor.runWorker(ThreadPoolExecutor.java:1149)
	at java.util.concurrent.ThreadPoolExecutor$Worker.run(ThreadPoolExecutor.java:624)
	at java.lang.Thread.run(Thread.java:748)
Heap
 def new generation   total 153600K, used 113902K [0x00000000e0c00000, 0x00000000eb2a0000, 0x00000000eb2a0000)
  eden space 136576K,  83% used [0x00000000e0c00000, 0x00000000e7b00a98, 0x00000000e9160000)
  from space 17024K,   1% used [0x00000000e9160000, 0x00000000e919aee0, 0x00000000ea200000)
  to   space 17024K,   0% used [0x00000000ea200000, 0x00000000ea200000, 0x00000000eb2a0000)
 tenured generation   total 341376K, used 44535K [0x00000000eb2a0000, 0x0000000100000000, 0x0000000100000000)
   the space 341376K,  13% used [0x00000000eb2a0000, 0x00000000ede1dd60, 0x00000000ede1de00, 0x0000000100000000)
 Metaspace       used 36113K, capacity 36986K, committed 37120K, reserved 1081344K
  class space    used 4871K, capacity 5073K, committed 5120K, reserved 1048576K
