22:59:10,208 |-INFO in ch.qos.logback.classic.LoggerContext[default] - Could NOT find resource [logback-test.xml]
22:59:10,208 |-INFO in ch.qos.logback.classic.LoggerContext[default] - Could NOT find resource [logback.groovy]
22:59:10,208 |-INFO in ch.qos.logback.classic.LoggerContext[default] - Found resource [logback.xml] at [jar:file:/home/nikitasokolov/flamestream/lib/flamestream-runtime-1.0-SNAPSHOT.jar!/logback.xml]
22:59:10,209 |-WARN in ch.qos.logback.classic.LoggerContext[default] - Resource [logback.xml] occurs multiple times on the classpath.
22:59:10,209 |-WARN in ch.qos.logback.classic.LoggerContext[default] - Resource [logback.xml] occurs at [jar:file:/home/nikitasokolov/flamestream/lib/flamestream-runtime-1.0-SNAPSHOT.jar!/logback.xml]
22:59:10,209 |-WARN in ch.qos.logback.classic.LoggerContext[default] - Resource [logback.xml] occurs at [jar:file:/home/nikitasokolov/flamestream/flamestream-runtime-1.0-SNAPSHOT.jar!/logback.xml]
22:59:10,225 |-INFO in ch.qos.logback.core.joran.spi.ConfigurationWatchList@2f7a2457 - URL [jar:file:/home/nikitasokolov/flamestream/lib/flamestream-runtime-1.0-SNAPSHOT.jar!/logback.xml] is not of type file
22:59:10,277 |-INFO in ch.qos.logback.classic.joran.action.ConfigurationAction - debug attribute not set
22:59:10,277 |-INFO in ch.qos.logback.core.joran.action.AppenderAction - About to instantiate appender of type [ch.qos.logback.core.ConsoleAppender]
22:59:10,285 |-INFO in ch.qos.logback.core.joran.action.AppenderAction - Naming appender as [STDOUT]
22:59:10,292 |-INFO in ch.qos.logback.core.joran.action.NestedComplexPropertyIA - Assuming default type [ch.qos.logback.classic.encoder.PatternLayoutEncoder] for [encoder] property
22:59:10,351 |-INFO in ch.qos.logback.core.joran.action.AppenderAction - About to instantiate appender of type [ch.qos.logback.core.rolling.RollingFileAppender]
22:59:10,356 |-INFO in ch.qos.logback.core.joran.action.AppenderAction - Naming appender as [FILE]
22:59:10,379 |-INFO in c.q.l.core.rolling.TimeBasedRollingPolicy@1449621165 - No compression will be used
22:59:10,380 |-INFO in c.q.l.core.rolling.TimeBasedRollingPolicy@1449621165 - Will use the pattern /tmp/application_%d{yyyy-MM-dd}.%i.log for the active file
22:59:10,383 |-INFO in ch.qos.logback.core.rolling.SizeAndTimeBasedFNATP@6108b2d7 - The date pattern is 'yyyy-MM-dd' from file name pattern '/tmp/application_%d{yyyy-MM-dd}.%i.log'.
22:59:10,383 |-INFO in ch.qos.logback.core.rolling.SizeAndTimeBasedFNATP@6108b2d7 - Roll-over at midnight.
22:59:10,387 |-INFO in ch.qos.logback.core.rolling.SizeAndTimeBasedFNATP@6108b2d7 - Setting initial period to Tue May 28 22:57:55 MSK 2019
22:59:10,388 |-WARN in ch.qos.logback.core.rolling.SizeAndTimeBasedFNATP@6108b2d7 - SizeAndTimeBasedFNATP is deprecated. Use SizeAndTimeBasedRollingPolicy instead
22:59:10,388 |-WARN in ch.qos.logback.core.rolling.SizeAndTimeBasedFNATP@6108b2d7 - For more information see http://logback.qos.ch/manual/appenders.html#SizeAndTimeBasedRollingPolicy
22:59:10,392 |-INFO in ch.qos.logback.core.joran.action.NestedComplexPropertyIA - Assuming default type [ch.qos.logback.classic.encoder.PatternLayoutEncoder] for [encoder] property
22:59:10,394 |-INFO in ch.qos.logback.core.rolling.RollingFileAppender[FILE] - Active log file name: /tmp/application.log
22:59:10,394 |-INFO in ch.qos.logback.core.rolling.RollingFileAppender[FILE] - File property is set to [/tmp/application.log]
22:59:10,395 |-INFO in ch.qos.logback.classic.joran.action.RootLoggerAction - Setting level of ROOT logger to WARN
22:59:10,395 |-INFO in ch.qos.logback.core.joran.action.AppenderRefAction - Attaching appender named [STDOUT] to Logger[ROOT]
22:59:10,396 |-INFO in ch.qos.logback.core.joran.action.AppenderRefAction - Attaching appender named [FILE] to Logger[ROOT]
22:59:10,396 |-INFO in ch.qos.logback.classic.joran.action.ConfigurationAction - End of configuration.
22:59:10,396 |-INFO in ch.qos.logback.classic.joran.JoranConfigurator@1554909b - Registering current configuration as safe fallback point

2019-05-28T22:59:11.422+0300: 1.414: [GC (Metadata GC Threshold) [PSYoungGen: 97810K->15863K(149504K)] 97810K->15943K(491008K), 0.0220573 secs] [Times: user=0.06 sys=0.05, real=0.03 secs] 
2019-05-28T22:59:11.445+0300: 1.436: [Full GC (Metadata GC Threshold) [PSYoungGen: 15863K->0K(149504K)] [ParOldGen: 80K->14983K(341504K)] 15943K->14983K(491008K), [Metaspace: 20802K->20802K(1067008K)], 0.0268163 secs] [Times: user=0.14 sys=0.02, real=0.03 secs] 
22:59:21.161 [Curator-PathChildrenCache-1] WARN  o.a.c.u.ZKPaths  - The version of ZooKeeper being used doesn't support Container nodes. CreateMode.PERSISTENT will be used instead.
2019-05-28T22:59:21.706+0300: 11.698: [GC (Allocation Failure) [PSYoungGen: 128512K->17020K(149504K)] 143495K->51543K(491008K), 0.0263000 secs] [Times: user=0.21 sys=0.02, real=0.03 secs] 
2019-05-28T22:59:21.948+0300: 11.940: [GC (Metadata GC Threshold) [PSYoungGen: 51842K->8563K(149504K)] 86365K->43094K(491008K), 0.0046713 secs] [Times: user=0.03 sys=0.00, real=0.01 secs] 
2019-05-28T22:59:21.953+0300: 11.944: [Full GC (Metadata GC Threshold) [PSYoungGen: 8563K->0K(149504K)] [ParOldGen: 34530K->32249K(341504K)] 43094K->32249K(491008K), [Metaspace: 34554K->34554K(1079296K)], 0.0318116 secs] [Times: user=0.15 sys=0.00, real=0.03 secs] 
2019-05-28T22:59:22.757+0300: 12.748: [GC (Allocation Failure) [PSYoungGen: 128512K->736K(149504K)] 160761K->32993K(491008K), 0.0035991 secs] [Times: user=0.03 sys=0.00, real=0.00 secs] 
2019-05-28T22:59:23.098+0300: 13.090: [GC (Allocation Failure) [PSYoungGen: 129248K->736K(129536K)] 161505K->33001K(471040K), 0.0028177 secs] [Times: user=0.01 sys=0.00, real=0.00 secs] 
2019-05-28T22:59:23.506+0300: 13.497: [GC (Allocation Failure) [PSYoungGen: 129248K->800K(147968K)] 161513K->33073K(489472K), 0.0033104 secs] [Times: user=0.02 sys=0.00, real=0.00 secs] 
2019-05-28T22:59:23.904+0300: 13.896: [GC (Allocation Failure) [PSYoungGen: 125728K->832K(147456K)] 158001K->33113K(488960K), 0.0032666 secs] [Times: user=0.01 sys=0.01, real=0.00 secs] 
2019-05-28T22:59:24.099+0300: 14.090: [GC (Allocation Failure) [PSYoungGen: 125760K->928K(149504K)] 158041K->33217K(491008K), 0.0031095 secs] [Times: user=0.01 sys=0.00, real=0.00 secs] 
2019-05-28T22:59:24.650+0300: 14.642: [GC (Allocation Failure) [PSYoungGen: 128416K->800K(148480K)] 160705K->33089K(489984K), 0.0028197 secs] [Times: user=0.02 sys=0.00, real=0.01 secs] 
2019-05-28T22:59:24.871+0300: 14.863: [GC (Allocation Failure) [PSYoungGen: 128288K->752K(151040K)] 160577K->33041K(492544K), 0.0028015 secs] [Times: user=0.01 sys=0.00, real=0.00 secs] 
2019-05-28T22:59:25.337+0300: 15.329: [GC (Allocation Failure) [PSYoungGen: 131312K->1024K(150016K)] 163601K->33321K(491520K), 0.0032008 secs] [Times: user=0.01 sys=0.00, real=0.00 secs] 
2019-05-28T22:59:25.807+0300: 15.799: [GC (Allocation Failure) [PSYoungGen: 131584K->832K(152576K)] 163881K->33137K(494080K), 0.0031527 secs] [Times: user=0.01 sys=0.01, real=0.00 secs] 
2019-05-28T22:59:26.072+0300: 16.064: [GC (Allocation Failure) [PSYoungGen: 134464K->832K(151552K)] 166769K->33145K(493056K), 0.0026890 secs] [Times: user=0.01 sys=0.00, real=0.00 secs] 
2019-05-28T22:59:26.525+0300: 16.517: [GC (Allocation Failure) [PSYoungGen: 134464K->960K(154112K)] 166777K->33273K(495616K), 0.0038269 secs] [Times: user=0.02 sys=0.00, real=0.00 secs] 
2019-05-28T22:59:26.922+0300: 16.914: [GC (Allocation Failure) [PSYoungGen: 137664K->864K(153088K)] 169977K->33177K(494592K), 0.0030407 secs] [Times: user=0.02 sys=0.00, real=0.01 secs] 
2019-05-28T22:59:27.278+0300: 17.270: [GC (Allocation Failure) [PSYoungGen: 137568K->896K(155648K)] 169881K->33217K(497152K), 0.0028111 secs] [Times: user=0.01 sys=0.00, real=0.00 secs] 
2019-05-28T22:59:27.822+0300: 17.814: [GC (Allocation Failure) [PSYoungGen: 141184K->800K(155136K)] 173505K->33121K(496640K), 0.0029025 secs] [Times: user=0.02 sys=0.00, real=0.01 secs] 
2019-05-28T22:59:29.410+0300: 19.401: [GC (Allocation Failure) [PSYoungGen: 141088K->800K(157184K)] 173409K->33129K(498688K), 0.0035917 secs] [Times: user=0.01 sys=0.00, real=0.01 secs] 
2019-05-28T22:59:31.598+0300: 21.590: [GC (Allocation Failure) [PSYoungGen: 144160K->768K(156672K)] 176489K->33353K(498176K), 0.0042607 secs] [Times: user=0.02 sys=0.01, real=0.00 secs] 
22:59:32.141 [Curator-PathChildrenCache-0] ERROR o.a.c.f.r.c.PathChildrenCache  - 
java.lang.IllegalStateException: instance must be started before calling this method
	at org.apache.curator.shaded.com.google.common.base.Preconditions.checkState(Preconditions.java:444)
	at org.apache.curator.framework.imps.CuratorFrameworkImpl.getChildren(CuratorFrameworkImpl.java:456)
	at org.apache.curator.framework.recipes.cache.PathChildrenCache.refresh(PathChildrenCache.java:521)
	at org.apache.curator.framework.recipes.cache.RefreshOperation.invoke(RefreshOperation.java:35)
	at org.apache.curator.framework.recipes.cache.PathChildrenCache$9.run(PathChildrenCache.java:786)
	at java.util.concurrent.Executors$RunnableAdapter.call(Executors.java:511)
	at java.util.concurrent.FutureTask.run(FutureTask.java:266)
	at java.util.concurrent.Executors$RunnableAdapter.call(Executors.java:511)
	at java.util.concurrent.FutureTask.run(FutureTask.java:266)
	at java.util.concurrent.ThreadPoolExecutor.runWorker(ThreadPoolExecutor.java:1149)
	at java.util.concurrent.ThreadPoolExecutor$Worker.run(ThreadPoolExecutor.java:624)
	at java.lang.Thread.run(Thread.java:748)
Heap
 PSYoungGen      total 156672K, used 51989K [0x00000000f5980000, 0x0000000100000000, 0x0000000100000000)
  eden space 143360K, 35% used [0x00000000f5980000,0x00000000f8b855a0,0x00000000fe580000)
  from space 13312K, 5% used [0x00000000fe580000,0x00000000fe640030,0x00000000ff280000)
  to   space 12288K, 0% used [0x00000000ff400000,0x00000000ff400000,0x0000000100000000)
 ParOldGen       total 341504K, used 32585K [0x00000000e0c00000, 0x00000000f5980000, 0x00000000f5980000)
  object space 341504K, 9% used [0x00000000e0c00000,0x00000000e2bd2610,0x00000000f5980000)
 Metaspace       used 35936K, capacity 36902K, committed 37208K, reserved 1081344K
  class space    used 4933K, capacity 5143K, committed 5248K, reserved 1048576K
