17:08:18,500 |-INFO in ch.qos.logback.classic.LoggerContext[default] - Could NOT find resource [logback-test.xml]
17:08:18,500 |-INFO in ch.qos.logback.classic.LoggerContext[default] - Could NOT find resource [logback.groovy]
17:08:18,500 |-INFO in ch.qos.logback.classic.LoggerContext[default] - Found resource [logback.xml] at [jar:file:/root/flamestream/lib/flamestream-runtime-1.0-SNAPSHOT.jar!/logback.xml]
17:08:18,505 |-WARN in ch.qos.logback.classic.LoggerContext[default] - Resource [logback.xml] occurs multiple times on the classpath.
17:08:18,505 |-WARN in ch.qos.logback.classic.LoggerContext[default] - Resource [logback.xml] occurs at [jar:file:/root/flamestream/lib/flamestream-runtime-1.0-SNAPSHOT.jar!/logback.xml]
17:08:18,505 |-WARN in ch.qos.logback.classic.LoggerContext[default] - Resource [logback.xml] occurs at [jar:file:/root/flamestream/flamestream-runtime-1.0-SNAPSHOT.jar!/logback.xml]
17:08:18,526 |-INFO in ch.qos.logback.core.joran.spi.ConfigurationWatchList@3fb6a447 - URL [jar:file:/root/flamestream/lib/flamestream-runtime-1.0-SNAPSHOT.jar!/logback.xml] is not of type file
17:08:18,600 |-INFO in ch.qos.logback.classic.joran.action.ConfigurationAction - debug attribute not set
17:08:18,601 |-INFO in ch.qos.logback.core.joran.action.AppenderAction - About to instantiate appender of type [ch.qos.logback.core.ConsoleAppender]
17:08:18,620 |-INFO in ch.qos.logback.core.joran.action.AppenderAction - Naming appender as [STDOUT]
17:08:18,639 |-INFO in ch.qos.logback.core.joran.action.NestedComplexPropertyIA - Assuming default type [ch.qos.logback.classic.encoder.PatternLayoutEncoder] for [encoder] property
17:08:18,724 |-INFO in ch.qos.logback.core.joran.action.AppenderAction - About to instantiate appender of type [ch.qos.logback.core.rolling.RollingFileAppender]
17:08:18,729 |-INFO in ch.qos.logback.core.joran.action.AppenderAction - Naming appender as [FILE]
17:08:18,759 |-INFO in c.q.l.core.rolling.TimeBasedRollingPolicy@127618319 - No compression will be used
17:08:18,760 |-INFO in c.q.l.core.rolling.TimeBasedRollingPolicy@127618319 - Will use the pattern /tmp/application_%d{yyyy-MM-dd}.%i.log for the active file
17:08:18,763 |-INFO in ch.qos.logback.core.rolling.SizeAndTimeBasedFNATP@6b2fad11 - The date pattern is 'yyyy-MM-dd' from file name pattern '/tmp/application_%d{yyyy-MM-dd}.%i.log'.
17:08:18,763 |-INFO in ch.qos.logback.core.rolling.SizeAndTimeBasedFNATP@6b2fad11 - Roll-over at midnight.
17:08:18,769 |-INFO in ch.qos.logback.core.rolling.SizeAndTimeBasedFNATP@6b2fad11 - Setting initial period to Mon Jun 10 17:06:55 UTC 2019
17:08:18,769 |-WARN in ch.qos.logback.core.rolling.SizeAndTimeBasedFNATP@6b2fad11 - SizeAndTimeBasedFNATP is deprecated. Use SizeAndTimeBasedRollingPolicy instead
17:08:18,769 |-WARN in ch.qos.logback.core.rolling.SizeAndTimeBasedFNATP@6b2fad11 - For more information see http://logback.qos.ch/manual/appenders.html#SizeAndTimeBasedRollingPolicy
17:08:18,772 |-INFO in ch.qos.logback.core.joran.action.NestedComplexPropertyIA - Assuming default type [ch.qos.logback.classic.encoder.PatternLayoutEncoder] for [encoder] property
17:08:18,777 |-INFO in ch.qos.logback.core.rolling.RollingFileAppender[FILE] - Active log file name: /tmp/application.log
17:08:18,777 |-INFO in ch.qos.logback.core.rolling.RollingFileAppender[FILE] - File property is set to [/tmp/application.log]
17:08:18,778 |-INFO in ch.qos.logback.classic.joran.action.RootLoggerAction - Setting level of ROOT logger to WARN
17:08:18,778 |-INFO in ch.qos.logback.core.joran.action.AppenderRefAction - Attaching appender named [STDOUT] to Logger[ROOT]
17:08:18,780 |-INFO in ch.qos.logback.core.joran.action.AppenderRefAction - Attaching appender named [FILE] to Logger[ROOT]
17:08:18,780 |-INFO in ch.qos.logback.classic.joran.action.ConfigurationAction - End of configuration.
17:08:18,781 |-INFO in ch.qos.logback.classic.joran.JoranConfigurator@79698539 - Registering current configuration as safe fallback point

Ama winner
Ama winner
2019-06-10T17:08:20.046+0000: 1.729: [Full GC (Metadata GC Threshold) 2019-06-10T17:08:20.046+0000: 1.729: [Tenured: 0K->15209K(341376K), 0.0388719 secs] 114987K->15209K(494976K), [Metaspace: 20738K->20738K(1067008K)], 0.0389406 secs] [Times: user=0.03 sys=0.00, real=0.04 secs] 
17:08:36.330 [Curator-PathChildrenCache-1] WARN  o.a.c.u.ZKPaths  - The version of ZooKeeper being used doesn't support Container nodes. CreateMode.PERSISTENT will be used instead.
2019-06-10T17:08:38.438+0000: 20.120: [GC (Allocation Failure) 2019-06-10T17:08:38.438+0000: 20.120: [DefNew: 136576K->17024K(153600K), 0.0332582 secs] 151785K->52587K(494976K), 0.0333375 secs] [Times: user=0.02 sys=0.01, real=0.03 secs] 
2019-06-10T17:08:40.959+0000: 22.642: [Full GC (Metadata GC Threshold) 2019-06-10T17:08:40.959+0000: 22.642: [Tenured: 35563K->44229K(341376K), 0.0449350 secs] 97364K->44229K(494976K), [Metaspace: 34598K->34598K(1079296K)], 0.0450147 secs] [Times: user=0.04 sys=0.00, real=0.04 secs] 
2019-06-10T17:08:47.672+0000: 29.355: [GC (Allocation Failure) 2019-06-10T17:08:47.672+0000: 29.355: [DefNew: 136576K->66K(153600K), 0.0017934 secs] 180805K->44296K(494976K), 0.0018513 secs] [Times: user=0.00 sys=0.00, real=0.00 secs] 
2019-06-10T17:08:54.373+0000: 36.055: [GC (Allocation Failure) 2019-06-10T17:08:54.373+0000: 36.055: [DefNew: 136642K->126K(153600K), 0.0016972 secs] 180872K->44355K(494976K), 0.0017546 secs] [Times: user=0.00 sys=0.00, real=0.00 secs] 
2019-06-10T17:09:01.149+0000: 42.831: [GC (Allocation Failure) 2019-06-10T17:09:01.149+0000: 42.831: [DefNew: 136702K->163K(153600K), 0.0018637 secs] 180931K->44393K(494976K), 0.0019373 secs] [Times: user=0.00 sys=0.00, real=0.00 secs] 
2019-06-10T17:09:08.041+0000: 49.723: [GC (Allocation Failure) 2019-06-10T17:09:08.041+0000: 49.723: [DefNew: 136739K->157K(153600K), 0.0018051 secs] 180969K->44387K(494976K), 0.0018671 secs] [Times: user=0.00 sys=0.00, real=0.00 secs] 
2019-06-10T17:09:14.854+0000: 56.537: [GC (Allocation Failure) 2019-06-10T17:09:14.854+0000: 56.537: [DefNew: 136733K->157K(153600K), 0.0017681 secs] 180963K->44387K(494976K), 0.0018276 secs] [Times: user=0.01 sys=0.00, real=0.00 secs] 
17:09:26.599 [Curator-PathChildrenCache-0] ERROR o.a.c.f.r.c.PathChildrenCache  - 
java.lang.IllegalStateException: instance must be started before calling this method
	at org.apache.curator.shaded.com.google.common.base.Preconditions.checkState(Preconditions.java:444)
	at org.apache.curator.framework.imps.CuratorFrameworkImpl.getChildren(CuratorFrameworkImpl.java:456)
	at org.apache.curator.framework.recipes.cache.PathChildrenCache.refresh(PathChildrenCache.java:521)
	at org.apache.curator.framework.recipes.cache.RefreshOperation.invoke(RefreshOperation.java:35)
	at org.apache.curator.framework.recipes.cache.PathChildrenCache$9.run(PathChildrenCache.java:786)
	at java.util.concurrent.Executors$RunnableAdapter.call(Executors.java:511)
	at java.util.concurrent.FutureTask.run(FutureTask.java:266)
	at java.util.concurrent.Executors$RunnableAdapter.call(Executors.java:511)
	at java.util.concurrent.FutureTask.run(FutureTask.java:266)
	at java.util.concurrent.ThreadPoolExecutor.runWorker(ThreadPoolExecutor.java:1149)
	at java.util.concurrent.ThreadPoolExecutor$Worker.run(ThreadPoolExecutor.java:624)
	at java.lang.Thread.run(Thread.java:748)
Heap
 def new generation   total 153600K, used 75921K [0x00000000e0c00000, 0x00000000eb2a0000, 0x00000000eb2a0000)
  eden space 136576K,  55% used [0x00000000e0c00000, 0x00000000e55fd200, 0x00000000e9160000)
  from space 17024K,   0% used [0x00000000e9160000, 0x00000000e9187508, 0x00000000ea200000)
  to   space 17024K,   0% used [0x00000000ea200000, 0x00000000ea200000, 0x00000000eb2a0000)
 tenured generation   total 341376K, used 44229K [0x00000000eb2a0000, 0x0000000100000000, 0x0000000100000000)
   the space 341376K,  12% used [0x00000000eb2a0000, 0x00000000eddd1790, 0x00000000eddd1800, 0x0000000100000000)
 Metaspace       used 36116K, capacity 36992K, committed 37120K, reserved 1081344K
  class space    used 4869K, capacity 5074K, committed 5120K, reserved 1048576K
