01:16:49,418 |-INFO in ch.qos.logback.classic.LoggerContext[default] - Could NOT find resource [logback-test.xml]
01:16:49,419 |-INFO in ch.qos.logback.classic.LoggerContext[default] - Could NOT find resource [logback.groovy]
01:16:49,419 |-INFO in ch.qos.logback.classic.LoggerContext[default] - Found resource [logback.xml] at [jar:file:/home/nikitasokolov/flamestream/lib/flamestream-runtime-1.0-SNAPSHOT.jar!/logback.xml]
01:16:49,419 |-WARN in ch.qos.logback.classic.LoggerContext[default] - Resource [logback.xml] occurs multiple times on the classpath.
01:16:49,420 |-WARN in ch.qos.logback.classic.LoggerContext[default] - Resource [logback.xml] occurs at [jar:file:/home/nikitasokolov/flamestream/lib/flamestream-runtime-1.0-SNAPSHOT.jar!/logback.xml]
01:16:49,420 |-WARN in ch.qos.logback.classic.LoggerContext[default] - Resource [logback.xml] occurs at [jar:file:/home/nikitasokolov/flamestream/flamestream-runtime-1.0-SNAPSHOT.jar!/logback.xml]
01:16:49,436 |-INFO in ch.qos.logback.core.joran.spi.ConfigurationWatchList@6108b2d7 - URL [jar:file:/home/nikitasokolov/flamestream/lib/flamestream-runtime-1.0-SNAPSHOT.jar!/logback.xml] is not of type file
01:16:49,486 |-INFO in ch.qos.logback.classic.joran.action.ConfigurationAction - debug attribute not set
01:16:49,487 |-INFO in ch.qos.logback.core.joran.action.AppenderAction - About to instantiate appender of type [ch.qos.logback.core.ConsoleAppender]
01:16:49,495 |-INFO in ch.qos.logback.core.joran.action.AppenderAction - Naming appender as [STDOUT]
01:16:49,504 |-INFO in ch.qos.logback.core.joran.action.NestedComplexPropertyIA - Assuming default type [ch.qos.logback.classic.encoder.PatternLayoutEncoder] for [encoder] property
01:16:49,559 |-INFO in ch.qos.logback.core.joran.action.AppenderAction - About to instantiate appender of type [ch.qos.logback.core.rolling.RollingFileAppender]
01:16:49,564 |-INFO in ch.qos.logback.core.joran.action.AppenderAction - Naming appender as [FILE]
01:16:49,586 |-INFO in c.q.l.core.rolling.TimeBasedRollingPolicy@357863579 - No compression will be used
01:16:49,587 |-INFO in c.q.l.core.rolling.TimeBasedRollingPolicy@357863579 - Will use the pattern /tmp/application_%d{yyyy-MM-dd}.%i.log for the active file
01:16:49,590 |-INFO in ch.qos.logback.core.rolling.SizeAndTimeBasedFNATP@6bf256fa - The date pattern is 'yyyy-MM-dd' from file name pattern '/tmp/application_%d{yyyy-MM-dd}.%i.log'.
01:16:49,590 |-INFO in ch.qos.logback.core.rolling.SizeAndTimeBasedFNATP@6bf256fa - Roll-over at midnight.
01:16:49,594 |-INFO in ch.qos.logback.core.rolling.SizeAndTimeBasedFNATP@6bf256fa - Setting initial period to Sun Jun 09 01:16:06 MSK 2019
01:16:49,594 |-WARN in ch.qos.logback.core.rolling.SizeAndTimeBasedFNATP@6bf256fa - SizeAndTimeBasedFNATP is deprecated. Use SizeAndTimeBasedRollingPolicy instead
01:16:49,594 |-WARN in ch.qos.logback.core.rolling.SizeAndTimeBasedFNATP@6bf256fa - For more information see http://logback.qos.ch/manual/appenders.html#SizeAndTimeBasedRollingPolicy
01:16:49,600 |-INFO in ch.qos.logback.core.joran.action.NestedComplexPropertyIA - Assuming default type [ch.qos.logback.classic.encoder.PatternLayoutEncoder] for [encoder] property
01:16:49,602 |-INFO in ch.qos.logback.core.rolling.RollingFileAppender[FILE] - Active log file name: /tmp/application.log
01:16:49,602 |-INFO in ch.qos.logback.core.rolling.RollingFileAppender[FILE] - File property is set to [/tmp/application.log]
01:16:49,603 |-INFO in ch.qos.logback.classic.joran.action.RootLoggerAction - Setting level of ROOT logger to WARN
01:16:49,603 |-INFO in ch.qos.logback.core.joran.action.AppenderRefAction - Attaching appender named [STDOUT] to Logger[ROOT]
01:16:49,604 |-INFO in ch.qos.logback.core.joran.action.AppenderRefAction - Attaching appender named [FILE] to Logger[ROOT]
01:16:49,604 |-INFO in ch.qos.logback.classic.joran.action.ConfigurationAction - End of configuration.
01:16:49,605 |-INFO in ch.qos.logback.classic.joran.JoranConfigurator@6cd8737 - Registering current configuration as safe fallback point

2019-06-09T01:16:50.585+0300: 1.370: [GC (Metadata GC Threshold) [PSYoungGen: 110722K->15895K(149504K)] 110722K->15975K(491008K), 0.0205973 secs] [Times: user=0.08 sys=0.01, real=0.02 secs] 
2019-06-09T01:16:50.606+0300: 1.391: [Full GC (Metadata GC Threshold) [PSYoungGen: 15895K->0K(149504K)] [ParOldGen: 80K->15078K(341504K)] 15975K->15078K(491008K), [Metaspace: 20802K->20802K(1067008K)], 0.0293482 secs] [Times: user=0.20 sys=0.01, real=0.03 secs] 
01:16:58.681 [Curator-PathChildrenCache-1] WARN  o.a.c.u.ZKPaths  - The version of ZooKeeper being used doesn't support Container nodes. CreateMode.PERSISTENT will be used instead.
2019-06-09T01:16:59.606+0300: 10.391: [GC (Metadata GC Threshold) [PSYoungGen: 125704K->15794K(149504K)] 140783K->50411K(491008K), 0.0265132 secs] [Times: user=0.18 sys=0.03, real=0.03 secs] 
2019-06-09T01:16:59.633+0300: 10.417: [Full GC (Metadata GC Threshold) [PSYoungGen: 15794K->0K(149504K)] [ParOldGen: 34617K->38965K(341504K)] 50411K->38965K(491008K), [Metaspace: 34537K->34537K(1079296K)], 0.0356143 secs] [Times: user=0.20 sys=0.00, real=0.03 secs] 
2019-06-09T01:17:01.644+0300: 12.429: [GC (Allocation Failure) [PSYoungGen: 128512K->608K(149504K)] 167477K->39581K(491008K), 0.0032805 secs] [Times: user=0.01 sys=0.01, real=0.00 secs] 
2019-06-09T01:17:04.197+0300: 14.981: [GC (Allocation Failure) [PSYoungGen: 129120K->608K(149504K)] 168093K->39589K(491008K), 0.0031613 secs] [Times: user=0.02 sys=0.00, real=0.01 secs] 
2019-06-09T01:17:06.751+0300: 17.536: [GC (Allocation Failure) [PSYoungGen: 129120K->576K(129536K)] 168101K->39565K(471040K), 0.0050622 secs] [Times: user=0.04 sys=0.00, real=0.00 secs] 
2019-06-09T01:17:09.318+0300: 20.103: [GC (Allocation Failure) [PSYoungGen: 129088K->576K(150016K)] 168077K->39573K(491520K), 0.0031690 secs] [Times: user=0.01 sys=0.00, real=0.00 secs] 
2019-06-09T01:17:11.879+0300: 22.664: [GC (Allocation Failure) [PSYoungGen: 129088K->640K(148992K)] 168085K->39637K(490496K), 0.0031046 secs] [Times: user=0.01 sys=0.01, real=0.00 secs] 
2019-06-09T01:17:14.412+0300: 25.197: [GC (Allocation Failure) [PSYoungGen: 129152K->544K(151552K)] 168149K->39549K(493056K), 0.0677702 secs] [Times: user=0.02 sys=0.00, real=0.07 secs] 
2019-06-09T01:17:17.074+0300: 27.858: [GC (Allocation Failure) [PSYoungGen: 132640K->608K(151040K)] 171645K->39621K(492544K), 0.0045885 secs] [Times: user=0.03 sys=0.00, real=0.01 secs] 
2019-06-09T01:17:19.681+0300: 30.465: [GC (Allocation Failure) [PSYoungGen: 132704K->576K(153088K)] 171717K->39589K(494592K), 0.0767819 secs] [Times: user=0.01 sys=0.02, real=0.07 secs] 
2019-06-09T01:17:22.405+0300: 33.189: [GC (Allocation Failure) [PSYoungGen: 135744K->544K(152576K)] 174757K->39565K(494080K), 0.0035393 secs] [Times: user=0.01 sys=0.00, real=0.00 secs] 
2019-06-09T01:17:25.157+0300: 35.997: [GC (Allocation Failure) [PSYoungGen: 135712K->576K(154624K)] 174733K->39597K(496128K), 0.0585696 secs] [Times: user=0.02 sys=0.00, real=0.06 secs] 
2019-06-09T01:17:27.872+0300: 38.657: [GC (Allocation Failure) [PSYoungGen: 138816K->608K(154112K)] 177837K->39629K(495616K), 0.0033893 secs] [Times: user=0.01 sys=0.00, real=0.00 secs] 
2019-06-09T01:17:30.663+0300: 41.448: [GC (Allocation Failure) [PSYoungGen: 138848K->576K(156672K)] 177869K->39597K(498176K), 0.0043032 secs] [Times: user=0.03 sys=0.00, real=0.00 secs] 
2019-06-09T01:17:33.451+0300: 44.236: [GC (Allocation Failure) [PSYoungGen: 142400K->576K(155648K)] 181421K->39597K(497152K), 0.0034176 secs] [Times: user=0.01 sys=0.00, real=0.00 secs] 
2019-06-09T01:17:36.309+0300: 47.094: [GC (Allocation Failure) [PSYoungGen: 142400K->576K(158208K)] 181421K->39597K(499712K), 0.0648384 secs] [Times: user=0.02 sys=0.00, real=0.07 secs] 
2019-06-09T01:17:39.219+0300: 50.004: [GC (Allocation Failure) [PSYoungGen: 145472K->544K(157184K)] 184493K->39565K(498688K), 0.0027644 secs] [Times: user=0.01 sys=0.00, real=0.00 secs] 
2019-06-09T01:17:42.160+0300: 52.944: [GC (Allocation Failure) [PSYoungGen: 145440K->320K(159232K)] 184461K->39637K(500736K), 0.0039110 secs] [Times: user=0.02 sys=0.00, real=0.00 secs] 
01:17:51.972 [Curator-PathChildrenCache-0] ERROR o.a.c.f.r.c.PathChildrenCache  - 
java.lang.IllegalStateException: instance must be started before calling this method
	at org.apache.curator.shaded.com.google.common.base.Preconditions.checkState(Preconditions.java:444)
	at org.apache.curator.framework.imps.CuratorFrameworkImpl.getChildren(CuratorFrameworkImpl.java:456)
	at org.apache.curator.framework.recipes.cache.PathChildrenCache.refresh(PathChildrenCache.java:521)
	at org.apache.curator.framework.recipes.cache.RefreshOperation.invoke(RefreshOperation.java:35)
	at org.apache.curator.framework.recipes.cache.PathChildrenCache$9.run(PathChildrenCache.java:786)
	at java.util.concurrent.Executors$RunnableAdapter.call(Executors.java:511)
	at java.util.concurrent.FutureTask.run(FutureTask.java:266)
	at java.util.concurrent.Executors$RunnableAdapter.call(Executors.java:511)
	at java.util.concurrent.FutureTask.run(FutureTask.java:266)
	at java.util.concurrent.ThreadPoolExecutor.runWorker(ThreadPoolExecutor.java:1149)
	at java.util.concurrent.ThreadPoolExecutor$Worker.run(ThreadPoolExecutor.java:624)
	at java.lang.Thread.run(Thread.java:748)
Heap
 PSYoungGen      total 159232K, used 96304K [0x00000000f5980000, 0x0000000100000000, 0x0000000100000000)
  eden space 147456K, 65% used [0x00000000f5980000,0x00000000fb73c3d8,0x00000000fe980000)
  from space 11776K, 2% used [0x00000000ff480000,0x00000000ff4d0010,0x0000000100000000)
  to   space 11264K, 0% used [0x00000000fe980000,0x00000000fe980000,0x00000000ff480000)
 ParOldGen       total 341504K, used 39317K [0x00000000e0c00000, 0x00000000f5980000, 0x00000000f5980000)
  object space 341504K, 11% used [0x00000000e0c00000,0x00000000e3265678,0x00000000f5980000)
 Metaspace       used 36154K, capacity 37016K, committed 37208K, reserved 1081344K
  class space    used 4984K, capacity 5170K, committed 5248K, reserved 1048576K
