19:47:46,914 |-INFO in ch.qos.logback.classic.LoggerContext[default] - Could NOT find resource [logback-test.xml]
19:47:46,914 |-INFO in ch.qos.logback.classic.LoggerContext[default] - Could NOT find resource [logback.groovy]
19:47:46,914 |-INFO in ch.qos.logback.classic.LoggerContext[default] - Found resource [logback.xml] at [jar:file:/root/flamestream/lib/flamestream-runtime-1.0-SNAPSHOT.jar!/logback.xml]
19:47:46,919 |-WARN in ch.qos.logback.classic.LoggerContext[default] - Resource [logback.xml] occurs multiple times on the classpath.
19:47:46,920 |-WARN in ch.qos.logback.classic.LoggerContext[default] - Resource [logback.xml] occurs at [jar:file:/root/flamestream/lib/flamestream-runtime-1.0-SNAPSHOT.jar!/logback.xml]
19:47:46,920 |-WARN in ch.qos.logback.classic.LoggerContext[default] - Resource [logback.xml] occurs at [jar:file:/root/flamestream/flamestream-runtime-1.0-SNAPSHOT.jar!/logback.xml]
19:47:46,939 |-INFO in ch.qos.logback.core.joran.spi.ConfigurationWatchList@3fb6a447 - URL [jar:file:/root/flamestream/lib/flamestream-runtime-1.0-SNAPSHOT.jar!/logback.xml] is not of type file
19:47:47,005 |-INFO in ch.qos.logback.classic.joran.action.ConfigurationAction - debug attribute not set
19:47:47,006 |-INFO in ch.qos.logback.core.joran.action.AppenderAction - About to instantiate appender of type [ch.qos.logback.core.ConsoleAppender]
19:47:47,022 |-INFO in ch.qos.logback.core.joran.action.AppenderAction - Naming appender as [STDOUT]
19:47:47,042 |-INFO in ch.qos.logback.core.joran.action.NestedComplexPropertyIA - Assuming default type [ch.qos.logback.classic.encoder.PatternLayoutEncoder] for [encoder] property
19:47:47,125 |-INFO in ch.qos.logback.core.joran.action.AppenderAction - About to instantiate appender of type [ch.qos.logback.core.rolling.RollingFileAppender]
19:47:47,130 |-INFO in ch.qos.logback.core.joran.action.AppenderAction - Naming appender as [FILE]
19:47:47,160 |-INFO in c.q.l.core.rolling.TimeBasedRollingPolicy@127618319 - No compression will be used
19:47:47,162 |-INFO in c.q.l.core.rolling.TimeBasedRollingPolicy@127618319 - Will use the pattern /tmp/application_%d{yyyy-MM-dd}.%i.log for the active file
19:47:47,164 |-INFO in ch.qos.logback.core.rolling.SizeAndTimeBasedFNATP@6b2fad11 - The date pattern is 'yyyy-MM-dd' from file name pattern '/tmp/application_%d{yyyy-MM-dd}.%i.log'.
19:47:47,164 |-INFO in ch.qos.logback.core.rolling.SizeAndTimeBasedFNATP@6b2fad11 - Roll-over at midnight.
19:47:47,170 |-INFO in ch.qos.logback.core.rolling.SizeAndTimeBasedFNATP@6b2fad11 - Setting initial period to Mon Jun 10 19:46:19 UTC 2019
19:47:47,170 |-WARN in ch.qos.logback.core.rolling.SizeAndTimeBasedFNATP@6b2fad11 - SizeAndTimeBasedFNATP is deprecated. Use SizeAndTimeBasedRollingPolicy instead
19:47:47,170 |-WARN in ch.qos.logback.core.rolling.SizeAndTimeBasedFNATP@6b2fad11 - For more information see http://logback.qos.ch/manual/appenders.html#SizeAndTimeBasedRollingPolicy
19:47:47,174 |-INFO in ch.qos.logback.core.joran.action.NestedComplexPropertyIA - Assuming default type [ch.qos.logback.classic.encoder.PatternLayoutEncoder] for [encoder] property
19:47:47,178 |-INFO in ch.qos.logback.core.rolling.RollingFileAppender[FILE] - Active log file name: /tmp/application.log
19:47:47,178 |-INFO in ch.qos.logback.core.rolling.RollingFileAppender[FILE] - File property is set to [/tmp/application.log]
19:47:47,179 |-INFO in ch.qos.logback.classic.joran.action.RootLoggerAction - Setting level of ROOT logger to WARN
19:47:47,179 |-INFO in ch.qos.logback.core.joran.action.AppenderRefAction - Attaching appender named [STDOUT] to Logger[ROOT]
19:47:47,181 |-INFO in ch.qos.logback.core.joran.action.AppenderRefAction - Attaching appender named [FILE] to Logger[ROOT]
19:47:47,181 |-INFO in ch.qos.logback.classic.joran.action.ConfigurationAction - End of configuration.
19:47:47,182 |-INFO in ch.qos.logback.classic.joran.JoranConfigurator@79698539 - Registering current configuration as safe fallback point

Ama winner
Ama winner
2019-06-10T19:47:48.787+0000: 2.053: [Full GC (Metadata GC Threshold) 2019-06-10T19:47:48.787+0000: 2.053: [Tenured: 0K->15209K(341376K), 0.0399577 secs] 117718K->15209K(494976K), [Metaspace: 20738K->20738K(1067008K)], 0.0400258 secs] [Times: user=0.04 sys=0.00, real=0.04 secs] 
19:48:10.846 [Curator-PathChildrenCache-1] WARN  o.a.c.u.ZKPaths  - The version of ZooKeeper being used doesn't support Container nodes. CreateMode.PERSISTENT will be used instead.
2019-06-10T19:48:13.035+0000: 26.302: [GC (Allocation Failure) 2019-06-10T19:48:13.035+0000: 26.302: [DefNew: 136576K->17024K(153600K), 0.0251558 secs] 151785K->52595K(494976K), 0.0252279 secs] [Times: user=0.02 sys=0.00, real=0.02 secs] 
2019-06-10T19:48:16.443+0000: 29.709: [Full GC (Metadata GC Threshold) 2019-06-10T19:48:16.443+0000: 29.709: [Tenured: 35571K->44032K(341376K), 0.0474323 secs] 111283K->44032K(494976K), [Metaspace: 34595K->34595K(1079296K)], 0.0475130 secs] [Times: user=0.05 sys=0.00, real=0.05 secs] 
2019-06-10T19:48:24.244+0000: 37.510: [GC (Allocation Failure) 2019-06-10T19:48:24.244+0000: 37.510: [DefNew: 136576K->59K(153600K), 0.0017281 secs] 180608K->44092K(494976K), 0.0017867 secs] [Times: user=0.00 sys=0.00, real=0.00 secs] 
2019-06-10T19:48:31.971+0000: 45.237: [GC (Allocation Failure) 2019-06-10T19:48:31.971+0000: 45.237: [DefNew: 136635K->60K(153600K), 0.0016873 secs] 180668K->44092K(494976K), 0.0017513 secs] [Times: user=0.00 sys=0.00, real=0.00 secs] 
2019-06-10T19:48:39.803+0000: 53.069: [GC (Allocation Failure) 2019-06-10T19:48:39.803+0000: 53.069: [DefNew: 136636K->60K(153600K), 0.0016550 secs] 180668K->44092K(494976K), 0.0017229 secs] [Times: user=0.00 sys=0.00, real=0.00 secs] 
2019-06-10T19:48:47.698+0000: 60.964: [GC (Allocation Failure) 2019-06-10T19:48:47.698+0000: 60.964: [DefNew: 136636K->62K(153600K), 0.0018239 secs] 180668K->44094K(494976K), 0.0018860 secs] [Times: user=0.00 sys=0.00, real=0.00 secs] 
2019-06-10T19:48:56.349+0000: 69.615: [GC (Allocation Failure) 2019-06-10T19:48:56.349+0000: 69.615: [DefNew: 136638K->384K(153600K), 0.0022167 secs] 180670K->44416K(494976K), 0.0022813 secs] [Times: user=0.00 sys=0.00, real=0.00 secs] 
2019-06-10T19:49:18.728+0000: 91.995: [GC (Allocation Failure) 2019-06-10T19:49:18.728+0000: 91.995: [DefNew: 136960K->170K(153600K), 0.0021217 secs] 180992K->44202K(494976K), 0.0021863 secs] [Times: user=0.01 sys=0.00, real=0.00 secs] 
19:49:19.937 [Curator-PathChildrenCache-0] ERROR o.a.c.f.r.c.PathChildrenCache  - 
java.lang.IllegalStateException: instance must be started before calling this method
	at org.apache.curator.shaded.com.google.common.base.Preconditions.checkState(Preconditions.java:444)
	at org.apache.curator.framework.imps.CuratorFrameworkImpl.getChildren(CuratorFrameworkImpl.java:456)
	at org.apache.curator.framework.recipes.cache.PathChildrenCache.refresh(PathChildrenCache.java:521)
	at org.apache.curator.framework.recipes.cache.RefreshOperation.invoke(RefreshOperation.java:35)
	at org.apache.curator.framework.recipes.cache.PathChildrenCache$9.run(PathChildrenCache.java:786)
	at java.util.concurrent.Executors$RunnableAdapter.call(Executors.java:511)
	at java.util.concurrent.FutureTask.run(FutureTask.java:266)
	at java.util.concurrent.Executors$RunnableAdapter.call(Executors.java:511)
	at java.util.concurrent.FutureTask.run(FutureTask.java:266)
	at java.util.concurrent.ThreadPoolExecutor.runWorker(ThreadPoolExecutor.java:1149)
	at java.util.concurrent.ThreadPoolExecutor$Worker.run(ThreadPoolExecutor.java:624)
	at java.lang.Thread.run(Thread.java:748)
Heap
 def new generation   total 153600K, used 29317K [0x00000000e0c00000, 0x00000000eb2a0000, 0x00000000eb2a0000)
  eden space 136576K,  21% used [0x00000000e0c00000, 0x00000000e2876a98, 0x00000000e9160000)
  from space 17024K,   1% used [0x00000000ea200000, 0x00000000ea22a990, 0x00000000eb2a0000)
  to   space 17024K,   0% used [0x00000000e9160000, 0x00000000e9160000, 0x00000000ea200000)
 tenured generation   total 341376K, used 44032K [0x00000000eb2a0000, 0x0000000100000000, 0x0000000100000000)
   the space 341376K,  12% used [0x00000000eb2a0000, 0x00000000edda00a8, 0x00000000edda0200, 0x0000000100000000)
 Metaspace       used 36176K, capacity 37056K, committed 37376K, reserved 1081344K
  class space    used 4859K, capacity 5074K, committed 5120K, reserved 1048576K
