07:58:04,811 |-INFO in ch.qos.logback.classic.LoggerContext[default] - Could NOT find resource [logback-test.xml]
07:58:04,811 |-INFO in ch.qos.logback.classic.LoggerContext[default] - Could NOT find resource [logback.groovy]
07:58:04,811 |-INFO in ch.qos.logback.classic.LoggerContext[default] - Found resource [logback.xml] at [jar:file:/home/nikitasokolov/flamestream/lib/flamestream-runtime-1.0-SNAPSHOT.jar!/logback.xml]
07:58:04,812 |-WARN in ch.qos.logback.classic.LoggerContext[default] - Resource [logback.xml] occurs multiple times on the classpath.
07:58:04,812 |-WARN in ch.qos.logback.classic.LoggerContext[default] - Resource [logback.xml] occurs at [jar:file:/home/nikitasokolov/flamestream/lib/flamestream-runtime-1.0-SNAPSHOT.jar!/logback.xml]
07:58:04,812 |-WARN in ch.qos.logback.classic.LoggerContext[default] - Resource [logback.xml] occurs at [jar:file:/home/nikitasokolov/flamestream/flamestream-runtime-1.0-SNAPSHOT.jar!/logback.xml]
07:58:04,828 |-INFO in ch.qos.logback.core.joran.spi.ConfigurationWatchList@6108b2d7 - URL [jar:file:/home/nikitasokolov/flamestream/lib/flamestream-runtime-1.0-SNAPSHOT.jar!/logback.xml] is not of type file
07:58:04,877 |-INFO in ch.qos.logback.classic.joran.action.ConfigurationAction - debug attribute not set
07:58:04,878 |-INFO in ch.qos.logback.core.joran.action.AppenderAction - About to instantiate appender of type [ch.qos.logback.core.ConsoleAppender]
07:58:04,886 |-INFO in ch.qos.logback.core.joran.action.AppenderAction - Naming appender as [STDOUT]
07:58:04,894 |-INFO in ch.qos.logback.core.joran.action.NestedComplexPropertyIA - Assuming default type [ch.qos.logback.classic.encoder.PatternLayoutEncoder] for [encoder] property
07:58:04,946 |-INFO in ch.qos.logback.core.joran.action.AppenderAction - About to instantiate appender of type [ch.qos.logback.core.rolling.RollingFileAppender]
07:58:04,951 |-INFO in ch.qos.logback.core.joran.action.AppenderAction - Naming appender as [FILE]
07:58:04,972 |-INFO in c.q.l.core.rolling.TimeBasedRollingPolicy@357863579 - No compression will be used
07:58:04,974 |-INFO in c.q.l.core.rolling.TimeBasedRollingPolicy@357863579 - Will use the pattern /tmp/application_%d{yyyy-MM-dd}.%i.log for the active file
07:58:04,977 |-INFO in ch.qos.logback.core.rolling.SizeAndTimeBasedFNATP@6bf256fa - The date pattern is 'yyyy-MM-dd' from file name pattern '/tmp/application_%d{yyyy-MM-dd}.%i.log'.
07:58:04,977 |-INFO in ch.qos.logback.core.rolling.SizeAndTimeBasedFNATP@6bf256fa - Roll-over at midnight.
07:58:04,980 |-INFO in ch.qos.logback.core.rolling.SizeAndTimeBasedFNATP@6bf256fa - Setting initial period to Sun Jun 09 07:57:22 MSK 2019
07:58:04,981 |-WARN in ch.qos.logback.core.rolling.SizeAndTimeBasedFNATP@6bf256fa - SizeAndTimeBasedFNATP is deprecated. Use SizeAndTimeBasedRollingPolicy instead
07:58:04,981 |-WARN in ch.qos.logback.core.rolling.SizeAndTimeBasedFNATP@6bf256fa - For more information see http://logback.qos.ch/manual/appenders.html#SizeAndTimeBasedRollingPolicy
07:58:04,985 |-INFO in ch.qos.logback.core.joran.action.NestedComplexPropertyIA - Assuming default type [ch.qos.logback.classic.encoder.PatternLayoutEncoder] for [encoder] property
07:58:04,987 |-INFO in ch.qos.logback.core.rolling.RollingFileAppender[FILE] - Active log file name: /tmp/application.log
07:58:04,987 |-INFO in ch.qos.logback.core.rolling.RollingFileAppender[FILE] - File property is set to [/tmp/application.log]
07:58:04,988 |-INFO in ch.qos.logback.classic.joran.action.RootLoggerAction - Setting level of ROOT logger to WARN
07:58:04,988 |-INFO in ch.qos.logback.core.joran.action.AppenderRefAction - Attaching appender named [STDOUT] to Logger[ROOT]
07:58:04,989 |-INFO in ch.qos.logback.core.joran.action.AppenderRefAction - Attaching appender named [FILE] to Logger[ROOT]
07:58:04,989 |-INFO in ch.qos.logback.classic.joran.action.ConfigurationAction - End of configuration.
07:58:04,990 |-INFO in ch.qos.logback.classic.joran.JoranConfigurator@6cd8737 - Registering current configuration as safe fallback point

2019-06-09T07:58:05.960+0300: 1.342: [GC (Metadata GC Threshold) [PSYoungGen: 110722K->15846K(149504K)] 110722K->15926K(491008K), 0.0198553 secs] [Times: user=0.06 sys=0.04, real=0.02 secs] 
2019-06-09T07:58:05.980+0300: 1.362: [Full GC (Metadata GC Threshold) [PSYoungGen: 15846K->0K(149504K)] [ParOldGen: 80K->15078K(341504K)] 15926K->15078K(491008K), [Metaspace: 20800K->20800K(1067008K)], 0.0262998 secs] [Times: user=0.18 sys=0.00, real=0.02 secs] 
07:58:14.806 [Curator-PathChildrenCache-1] WARN  o.a.c.u.ZKPaths  - The version of ZooKeeper being used doesn't support Container nodes. CreateMode.PERSISTENT will be used instead.
2019-06-09T07:58:15.760+0300: 11.142: [GC (Metadata GC Threshold) [PSYoungGen: 128220K->20971K(149504K)] 143299K->50023K(491008K), 0.0249218 secs] [Times: user=0.22 sys=0.00, real=0.02 secs] 
2019-06-09T07:58:15.786+0300: 11.167: [Full GC (Metadata GC Threshold) [PSYoungGen: 20971K->0K(149504K)] [ParOldGen: 29052K->38967K(341504K)] 50023K->38967K(491008K), [Metaspace: 34552K->34552K(1079296K)], 0.0346155 secs] [Times: user=0.17 sys=0.01, real=0.04 secs] 
2019-06-09T07:58:19.229+0300: 14.611: [GC (Allocation Failure) [PSYoungGen: 128512K->512K(149504K)] 167479K->39487K(491008K), 0.0044167 secs] [Times: user=0.01 sys=0.02, real=0.01 secs] 
2019-06-09T07:58:23.194+0300: 18.576: [GC (Allocation Failure) [PSYoungGen: 129024K->480K(149504K)] 167999K->39463K(491008K), 0.0040353 secs] [Times: user=0.02 sys=0.01, real=0.01 secs] 
2019-06-09T07:58:27.161+0300: 22.543: [GC (Allocation Failure) [PSYoungGen: 128992K->576K(129536K)] 167975K->39567K(471040K), 0.0045334 secs] [Times: user=0.03 sys=0.00, real=0.00 secs] 
2019-06-09T07:58:31.177+0300: 26.558: [GC (Allocation Failure) [PSYoungGen: 129088K->576K(132608K)] 168079K->39575K(474112K), 0.0030760 secs] [Times: user=0.00 sys=0.01, real=0.01 secs] 
2019-06-09T07:58:34.085+0300: 29.466: [GC (Allocation Failure) [PSYoungGen: 93248K->640K(130560K)] 132247K->39647K(472064K), 0.0040013 secs] [Times: user=0.01 sys=0.01, real=0.00 secs] 
2019-06-09T07:58:36.979+0300: 32.360: [GC (Allocation Failure) [PSYoungGen: 93312K->544K(136704K)] 132319K->39551K(478208K), 0.0030270 secs] [Times: user=0.01 sys=0.01, real=0.00 secs] 
2019-06-09T07:58:40.170+0300: 35.551: [GC (Allocation Failure) [PSYoungGen: 101920K->672K(135168K)] 140927K->39679K(476672K), 0.0076323 secs] [Times: user=0.06 sys=0.00, real=0.01 secs] 
2019-06-09T07:58:43.356+0300: 38.737: [GC (Allocation Failure) [PSYoungGen: 102048K->704K(140288K)] 141055K->39711K(481792K), 0.0032929 secs] [Times: user=0.01 sys=0.01, real=0.01 secs] 
2019-06-09T07:58:46.769+0300: 42.151: [GC (Allocation Failure) [PSYoungGen: 109248K->704K(138752K)] 148255K->39711K(480256K), 0.0034142 secs] [Times: user=0.01 sys=0.00, real=0.01 secs] 
2019-06-09T07:58:50.183+0300: 45.565: [GC (Allocation Failure) [PSYoungGen: 109248K->608K(143360K)] 148255K->39615K(484864K), 0.0039246 secs] [Times: user=0.02 sys=0.00, real=0.00 secs] 
2019-06-09T07:58:53.803+0300: 49.185: [GC (Allocation Failure) [PSYoungGen: 115296K->640K(141824K)] 154303K->39647K(483328K), 0.0035524 secs] [Times: user=0.01 sys=0.00, real=0.00 secs] 
2019-06-09T07:58:57.391+0300: 52.773: [GC (Allocation Failure) [PSYoungGen: 115328K->640K(146432K)] 154335K->39655K(487936K), 0.0027600 secs] [Times: user=0.01 sys=0.00, real=0.00 secs] 
2019-06-09T07:59:01.189+0300: 56.570: [GC (Allocation Failure) [PSYoungGen: 121472K->672K(144896K)] 160487K->39687K(486400K), 0.0033694 secs] [Times: user=0.01 sys=0.00, real=0.01 secs] 
2019-06-09T07:59:04.981+0300: 60.363: [GC (Allocation Failure) [PSYoungGen: 121504K->736K(148992K)] 160519K->39759K(490496K), 0.0033160 secs] [Times: user=0.01 sys=0.01, real=0.00 secs] 
07:59:20.292 [Curator-PathChildrenCache-0] ERROR o.a.c.f.r.c.PathChildrenCache  - 
java.lang.IllegalStateException: instance must be started before calling this method
	at org.apache.curator.shaded.com.google.common.base.Preconditions.checkState(Preconditions.java:444)
	at org.apache.curator.framework.imps.CuratorFrameworkImpl.getChildren(CuratorFrameworkImpl.java:456)
	at org.apache.curator.framework.recipes.cache.PathChildrenCache.refresh(PathChildrenCache.java:521)
	at org.apache.curator.framework.recipes.cache.RefreshOperation.invoke(RefreshOperation.java:35)
	at org.apache.curator.framework.recipes.cache.PathChildrenCache$9.run(PathChildrenCache.java:786)
	at java.util.concurrent.Executors$RunnableAdapter.call(Executors.java:511)
	at java.util.concurrent.FutureTask.run(FutureTask.java:266)
	at java.util.concurrent.Executors$RunnableAdapter.call(Executors.java:511)
	at java.util.concurrent.FutureTask.run(FutureTask.java:266)
	at java.util.concurrent.ThreadPoolExecutor.runWorker(ThreadPoolExecutor.java:1149)
	at java.util.concurrent.ThreadPoolExecutor$Worker.run(ThreadPoolExecutor.java:624)
	at java.lang.Thread.run(Thread.java:748)
Heap
 PSYoungGen      total 148992K, used 96266K [0x00000000f5980000, 0x0000000100000000, 0x0000000100000000)
  eden space 126464K, 75% used [0x00000000f5980000,0x00000000fb6ca980,0x00000000fd500000)
  from space 22528K, 3% used [0x00000000fea00000,0x00000000feab8060,0x0000000100000000)
  to   space 21504K, 0% used [0x00000000fd500000,0x00000000fd500000,0x00000000fea00000)
 ParOldGen       total 341504K, used 39023K [0x00000000e0c00000, 0x00000000f5980000, 0x00000000f5980000)
  object space 341504K, 11% used [0x00000000e0c00000,0x00000000e321bed8,0x00000000f5980000)
 Metaspace       used 36121K, capacity 36958K, committed 37208K, reserved 1081344K
  class space    used 4979K, capacity 5161K, committed 5248K, reserved 1048576K
