20:12:21,699 |-INFO in ch.qos.logback.classic.LoggerContext[default] - Could NOT find resource [logback-test.xml]
20:12:21,699 |-INFO in ch.qos.logback.classic.LoggerContext[default] - Could NOT find resource [logback.groovy]
20:12:21,699 |-INFO in ch.qos.logback.classic.LoggerContext[default] - Found resource [logback.xml] at [jar:file:/root/flamestream/lib/flamestream-runtime-1.0-SNAPSHOT.jar!/logback.xml]
20:12:21,700 |-WARN in ch.qos.logback.classic.LoggerContext[default] - Resource [logback.xml] occurs multiple times on the classpath.
20:12:21,700 |-WARN in ch.qos.logback.classic.LoggerContext[default] - Resource [logback.xml] occurs at [jar:file:/root/flamestream/lib/flamestream-runtime-1.0-SNAPSHOT.jar!/logback.xml]
20:12:21,700 |-WARN in ch.qos.logback.classic.LoggerContext[default] - Resource [logback.xml] occurs at [jar:file:/root/flamestream/flamestream-runtime-1.0-SNAPSHOT.jar!/logback.xml]
20:12:21,720 |-INFO in ch.qos.logback.core.joran.spi.ConfigurationWatchList@3fb6a447 - URL [jar:file:/root/flamestream/lib/flamestream-runtime-1.0-SNAPSHOT.jar!/logback.xml] is not of type file
20:12:21,787 |-INFO in ch.qos.logback.classic.joran.action.ConfigurationAction - debug attribute not set
20:12:21,788 |-INFO in ch.qos.logback.core.joran.action.AppenderAction - About to instantiate appender of type [ch.qos.logback.core.ConsoleAppender]
20:12:21,804 |-INFO in ch.qos.logback.core.joran.action.AppenderAction - Naming appender as [STDOUT]
20:12:21,820 |-INFO in ch.qos.logback.core.joran.action.NestedComplexPropertyIA - Assuming default type [ch.qos.logback.classic.encoder.PatternLayoutEncoder] for [encoder] property
20:12:21,921 |-INFO in ch.qos.logback.core.joran.action.AppenderAction - About to instantiate appender of type [ch.qos.logback.core.rolling.RollingFileAppender]
20:12:21,926 |-INFO in ch.qos.logback.core.joran.action.AppenderAction - Naming appender as [FILE]
20:12:21,957 |-INFO in c.q.l.core.rolling.TimeBasedRollingPolicy@127618319 - No compression will be used
20:12:21,958 |-INFO in c.q.l.core.rolling.TimeBasedRollingPolicy@127618319 - Will use the pattern /tmp/application_%d{yyyy-MM-dd}.%i.log for the active file
20:12:21,961 |-INFO in ch.qos.logback.core.rolling.SizeAndTimeBasedFNATP@6b2fad11 - The date pattern is 'yyyy-MM-dd' from file name pattern '/tmp/application_%d{yyyy-MM-dd}.%i.log'.
20:12:21,961 |-INFO in ch.qos.logback.core.rolling.SizeAndTimeBasedFNATP@6b2fad11 - Roll-over at midnight.
20:12:21,967 |-INFO in ch.qos.logback.core.rolling.SizeAndTimeBasedFNATP@6b2fad11 - Setting initial period to Mon Jun 10 20:11:06 UTC 2019
20:12:21,967 |-WARN in ch.qos.logback.core.rolling.SizeAndTimeBasedFNATP@6b2fad11 - SizeAndTimeBasedFNATP is deprecated. Use SizeAndTimeBasedRollingPolicy instead
20:12:21,967 |-WARN in ch.qos.logback.core.rolling.SizeAndTimeBasedFNATP@6b2fad11 - For more information see http://logback.qos.ch/manual/appenders.html#SizeAndTimeBasedRollingPolicy
20:12:21,971 |-INFO in ch.qos.logback.core.joran.action.NestedComplexPropertyIA - Assuming default type [ch.qos.logback.classic.encoder.PatternLayoutEncoder] for [encoder] property
20:12:21,976 |-INFO in ch.qos.logback.core.rolling.RollingFileAppender[FILE] - Active log file name: /tmp/application.log
20:12:21,976 |-INFO in ch.qos.logback.core.rolling.RollingFileAppender[FILE] - File property is set to [/tmp/application.log]
20:12:21,977 |-INFO in ch.qos.logback.classic.joran.action.RootLoggerAction - Setting level of ROOT logger to WARN
20:12:21,977 |-INFO in ch.qos.logback.core.joran.action.AppenderRefAction - Attaching appender named [STDOUT] to Logger[ROOT]
20:12:21,979 |-INFO in ch.qos.logback.core.joran.action.AppenderRefAction - Attaching appender named [FILE] to Logger[ROOT]
20:12:21,979 |-INFO in ch.qos.logback.classic.joran.action.ConfigurationAction - End of configuration.
20:12:21,979 |-INFO in ch.qos.logback.classic.joran.JoranConfigurator@79698539 - Registering current configuration as safe fallback point

Ama winner
Ama winner
2019-06-10T20:12:23.290+0000: 1.777: [Full GC (Metadata GC Threshold) 2019-06-10T20:12:23.290+0000: 1.777: [Tenured: 0K->15144K(341376K), 0.0410038 secs] 114923K->15144K(494976K), [Metaspace: 20732K->20732K(1067008K)], 0.0410723 secs] [Times: user=0.03 sys=0.01, real=0.04 secs] 
20:12:41.055 [Curator-PathChildrenCache-1] WARN  o.a.c.u.ZKPaths  - The version of ZooKeeper being used doesn't support Container nodes. CreateMode.PERSISTENT will be used instead.
2019-06-10T20:12:43.494+0000: 21.981: [GC (Allocation Failure) 2019-06-10T20:12:43.494+0000: 21.981: [DefNew: 136576K->17023K(153600K), 0.0373312 secs] 151720K->52597K(494976K), 0.0374141 secs] [Times: user=0.03 sys=0.01, real=0.04 secs] 
2019-06-10T20:12:44.778+0000: 23.264: [Full GC (Metadata GC Threshold) 2019-06-10T20:12:44.778+0000: 23.265: [Tenured: 35573K->43972K(341376K), 0.0423827 secs] 92106K->43972K(494976K), [Metaspace: 34602K->34602K(1079296K)], 0.0424578 secs] [Times: user=0.04 sys=0.01, real=0.04 secs] 
2019-06-10T20:12:50.183+0000: 28.670: [GC (Allocation Failure) 2019-06-10T20:12:50.183+0000: 28.670: [DefNew: 136576K->66K(153600K), 0.0018321 secs] 180548K->44038K(494976K), 0.0018926 secs] [Times: user=0.00 sys=0.00, real=0.00 secs] 
2019-06-10T20:12:55.668+0000: 34.155: [GC (Allocation Failure) 2019-06-10T20:12:55.668+0000: 34.155: [DefNew: 136642K->69K(153600K), 0.0017383 secs] 180614K->44041K(494976K), 0.0017998 secs] [Times: user=0.01 sys=0.00, real=0.01 secs] 
2019-06-10T20:13:01.142+0000: 39.629: [GC (Allocation Failure) 2019-06-10T20:13:01.142+0000: 39.629: [DefNew: 136645K->70K(153600K), 0.0017637 secs] 180617K->44042K(494976K), 0.0018323 secs] [Times: user=0.01 sys=0.00, real=0.00 secs] 
2019-06-10T20:13:06.646+0000: 45.132: [GC (Allocation Failure) 2019-06-10T20:13:06.646+0000: 45.133: [DefNew: 136646K->68K(153600K), 0.0017508 secs] 180618K->44041K(494976K), 0.0018163 secs] [Times: user=0.00 sys=0.00, real=0.00 secs] 
2019-06-10T20:13:12.606+0000: 51.093: [GC (Allocation Failure) 2019-06-10T20:13:12.606+0000: 51.093: [DefNew: 136644K->71K(153600K), 0.0018863 secs] 180617K->44044K(494976K), 0.0019469 secs] [Times: user=0.00 sys=0.00, real=0.00 secs] 
20:13:23.364 [Curator-PathChildrenCache-0] ERROR o.a.c.f.r.c.PathChildrenCache  - 
java.lang.IllegalStateException: instance must be started before calling this method
	at org.apache.curator.shaded.com.google.common.base.Preconditions.checkState(Preconditions.java:444)
	at org.apache.curator.framework.imps.CuratorFrameworkImpl.getChildren(CuratorFrameworkImpl.java:456)
	at org.apache.curator.framework.recipes.cache.PathChildrenCache.refresh(PathChildrenCache.java:521)
	at org.apache.curator.framework.recipes.cache.RefreshOperation.invoke(RefreshOperation.java:35)
	at org.apache.curator.framework.recipes.cache.PathChildrenCache$9.run(PathChildrenCache.java:786)
	at java.util.concurrent.Executors$RunnableAdapter.call(Executors.java:511)
	at java.util.concurrent.FutureTask.run(FutureTask.java:266)
	at java.util.concurrent.Executors$RunnableAdapter.call(Executors.java:511)
	at java.util.concurrent.FutureTask.run(FutureTask.java:266)
	at java.util.concurrent.ThreadPoolExecutor.runWorker(ThreadPoolExecutor.java:1149)
	at java.util.concurrent.ThreadPoolExecutor$Worker.run(ThreadPoolExecutor.java:624)
	at java.lang.Thread.run(Thread.java:748)
Heap
 def new generation   total 153600K, used 76247K [0x00000000e0c00000, 0x00000000eb2a0000, 0x00000000eb2a0000)
  eden space 136576K,  55% used [0x00000000e0c00000, 0x00000000e5664040, 0x00000000e9160000)
  from space 17024K,   0% used [0x00000000e9160000, 0x00000000e9171e28, 0x00000000ea200000)
  to   space 17024K,   0% used [0x00000000ea200000, 0x00000000ea200000, 0x00000000eb2a0000)
 tenured generation   total 341376K, used 43972K [0x00000000eb2a0000, 0x0000000100000000, 0x0000000100000000)
   the space 341376K,  12% used [0x00000000eb2a0000, 0x00000000edd911e8, 0x00000000edd91200, 0x0000000100000000)
 Metaspace       used 35873K, capacity 36748K, committed 36864K, reserved 1081344K
  class space    used 4846K, capacity 5050K, committed 5120K, reserved 1048576K
