08:07:45,926 |-INFO in ch.qos.logback.classic.LoggerContext[default] - Could NOT find resource [logback-test.xml]
08:07:45,926 |-INFO in ch.qos.logback.classic.LoggerContext[default] - Could NOT find resource [logback.groovy]
08:07:45,926 |-INFO in ch.qos.logback.classic.LoggerContext[default] - Found resource [logback.xml] at [jar:file:/root/flamestream/lib/flamestream-runtime-1.0-SNAPSHOT.jar!/logback.xml]
08:07:45,927 |-WARN in ch.qos.logback.classic.LoggerContext[default] - Resource [logback.xml] occurs multiple times on the classpath.
08:07:45,927 |-WARN in ch.qos.logback.classic.LoggerContext[default] - Resource [logback.xml] occurs at [jar:file:/root/flamestream/lib/flamestream-runtime-1.0-SNAPSHOT.jar!/logback.xml]
08:07:45,927 |-WARN in ch.qos.logback.classic.LoggerContext[default] - Resource [logback.xml] occurs at [jar:file:/root/flamestream/flamestream-runtime-1.0-SNAPSHOT.jar!/logback.xml]
08:07:45,947 |-INFO in ch.qos.logback.core.joran.spi.ConfigurationWatchList@3fb6a447 - URL [jar:file:/root/flamestream/lib/flamestream-runtime-1.0-SNAPSHOT.jar!/logback.xml] is not of type file
08:07:46,020 |-INFO in ch.qos.logback.classic.joran.action.ConfigurationAction - debug attribute not set
08:07:46,020 |-INFO in ch.qos.logback.core.joran.action.AppenderAction - About to instantiate appender of type [ch.qos.logback.core.ConsoleAppender]
08:07:46,038 |-INFO in ch.qos.logback.core.joran.action.AppenderAction - Naming appender as [STDOUT]
08:07:46,053 |-INFO in ch.qos.logback.core.joran.action.NestedComplexPropertyIA - Assuming default type [ch.qos.logback.classic.encoder.PatternLayoutEncoder] for [encoder] property
08:07:46,140 |-INFO in ch.qos.logback.core.joran.action.AppenderAction - About to instantiate appender of type [ch.qos.logback.core.rolling.RollingFileAppender]
08:07:46,145 |-INFO in ch.qos.logback.core.joran.action.AppenderAction - Naming appender as [FILE]
08:07:46,177 |-INFO in c.q.l.core.rolling.TimeBasedRollingPolicy@127618319 - No compression will be used
08:07:46,178 |-INFO in c.q.l.core.rolling.TimeBasedRollingPolicy@127618319 - Will use the pattern /tmp/application_%d{yyyy-MM-dd}.%i.log for the active file
08:07:46,181 |-INFO in ch.qos.logback.core.rolling.SizeAndTimeBasedFNATP@6b2fad11 - The date pattern is 'yyyy-MM-dd' from file name pattern '/tmp/application_%d{yyyy-MM-dd}.%i.log'.
08:07:46,181 |-INFO in ch.qos.logback.core.rolling.SizeAndTimeBasedFNATP@6b2fad11 - Roll-over at midnight.
08:07:46,186 |-INFO in ch.qos.logback.core.rolling.SizeAndTimeBasedFNATP@6b2fad11 - Setting initial period to Tue Jun 11 08:06:19 UTC 2019
08:07:46,186 |-WARN in ch.qos.logback.core.rolling.SizeAndTimeBasedFNATP@6b2fad11 - SizeAndTimeBasedFNATP is deprecated. Use SizeAndTimeBasedRollingPolicy instead
08:07:46,186 |-WARN in ch.qos.logback.core.rolling.SizeAndTimeBasedFNATP@6b2fad11 - For more information see http://logback.qos.ch/manual/appenders.html#SizeAndTimeBasedRollingPolicy
08:07:46,190 |-INFO in ch.qos.logback.core.joran.action.NestedComplexPropertyIA - Assuming default type [ch.qos.logback.classic.encoder.PatternLayoutEncoder] for [encoder] property
08:07:46,195 |-INFO in ch.qos.logback.core.rolling.RollingFileAppender[FILE] - Active log file name: /tmp/application.log
08:07:46,195 |-INFO in ch.qos.logback.core.rolling.RollingFileAppender[FILE] - File property is set to [/tmp/application.log]
08:07:46,196 |-INFO in ch.qos.logback.classic.joran.action.RootLoggerAction - Setting level of ROOT logger to WARN
08:07:46,196 |-INFO in ch.qos.logback.core.joran.action.AppenderRefAction - Attaching appender named [STDOUT] to Logger[ROOT]
08:07:46,198 |-INFO in ch.qos.logback.core.joran.action.AppenderRefAction - Attaching appender named [FILE] to Logger[ROOT]
08:07:46,198 |-INFO in ch.qos.logback.classic.joran.action.ConfigurationAction - End of configuration.
08:07:46,199 |-INFO in ch.qos.logback.classic.joran.JoranConfigurator@79698539 - Registering current configuration as safe fallback point

Ama winner
Ama winner
2019-06-11T08:07:47.478+0000: 1.738: [Full GC (Metadata GC Threshold) 2019-06-11T08:07:47.478+0000: 1.738: [Tenured: 0K->15241K(341376K), 0.0361097 secs] 117750K->15241K(494976K), [Metaspace: 20735K->20735K(1067008K)], 0.0361774 secs] [Times: user=0.03 sys=0.00, real=0.04 secs] 
08:08:05.792 [Curator-PathChildrenCache-2] WARN  o.a.c.u.ZKPaths  - The version of ZooKeeper being used doesn't support Container nodes. CreateMode.PERSISTENT will be used instead.
2019-06-11T08:08:08.234+0000: 22.494: [GC (Allocation Failure) 2019-06-11T08:08:08.234+0000: 22.494: [DefNew: 136366K->17010K(153600K), 0.0257936 secs] 151607K->51783K(494976K), 0.0258743 secs] [Times: user=0.00 sys=0.02, real=0.02 secs] 
2019-06-11T08:08:08.635+0000: 22.895: [Full GC (Metadata GC Threshold) 2019-06-11T08:08:08.635+0000: 22.895: [Tenured: 34772K->43501K(341376K), 0.0358159 secs] 68358K->43501K(494976K), [Metaspace: 34575K->34575K(1079296K)], 0.0358990 secs] [Times: user=0.03 sys=0.01, real=0.03 secs] 
2019-06-11T08:08:12.792+0000: 27.052: [GC (Allocation Failure) 2019-06-11T08:08:12.792+0000: 27.052: [DefNew: 136576K->112K(153600K), 0.0020423 secs] 180077K->43613K(494976K), 0.0021148 secs] [Times: user=0.01 sys=0.00, real=0.01 secs] 
2019-06-11T08:08:17.047+0000: 31.307: [GC (Allocation Failure) 2019-06-11T08:08:17.047+0000: 31.307: [DefNew: 136688K->123K(153600K), 0.0019648 secs] 180189K->43624K(494976K), 0.0020259 secs] [Times: user=0.00 sys=0.00, real=0.00 secs] 
2019-06-11T08:08:21.293+0000: 35.553: [GC (Allocation Failure) 2019-06-11T08:08:21.293+0000: 35.553: [DefNew: 136699K->116K(153600K), 0.0018362 secs] 180200K->43617K(494976K), 0.0018987 secs] [Times: user=0.00 sys=0.00, real=0.01 secs] 
2019-06-11T08:08:25.580+0000: 39.840: [GC (Allocation Failure) 2019-06-11T08:08:25.580+0000: 39.840: [DefNew: 136692K->135K(153600K), 0.0019105 secs] 180193K->43636K(494976K), 0.0019702 secs] [Times: user=0.00 sys=0.00, real=0.00 secs] 
2019-06-11T08:08:29.884+0000: 44.143: [GC (Allocation Failure) 2019-06-11T08:08:29.884+0000: 44.143: [DefNew: 136711K->123K(153600K), 0.0018360 secs] 180212K->43624K(494976K), 0.0018967 secs] [Times: user=0.00 sys=0.00, real=0.01 secs] 
2019-06-11T08:08:34.190+0000: 48.450: [GC (Allocation Failure) 2019-06-11T08:08:34.190+0000: 48.450: [DefNew: 136699K->124K(153600K), 0.0018624 secs] 180200K->43625K(494976K), 0.0019329 secs] [Times: user=0.00 sys=0.00, real=0.00 secs] 
2019-06-11T08:08:38.514+0000: 52.774: [GC (Allocation Failure) 2019-06-11T08:08:38.514+0000: 52.774: [DefNew: 136700K->132K(153600K), 0.0018671 secs] 180201K->43633K(494976K), 0.0019336 secs] [Times: user=0.00 sys=0.00, real=0.00 secs] 
2019-06-11T08:08:42.808+0000: 57.068: [GC (Allocation Failure) 2019-06-11T08:08:42.808+0000: 57.068: [DefNew: 136708K->119K(153600K), 0.0018807 secs] 180209K->43620K(494976K), 0.0019391 secs] [Times: user=0.00 sys=0.00, real=0.00 secs] 
2019-06-11T08:08:47.128+0000: 61.388: [GC (Allocation Failure) 2019-06-11T08:08:47.129+0000: 61.388: [DefNew: 136695K->118K(153600K), 0.0019033 secs] 180196K->43619K(494976K), 0.0019801 secs] [Times: user=0.00 sys=0.00, real=0.00 secs] 
08:08:59.374 [Curator-PathChildrenCache-0] ERROR o.a.c.f.r.c.PathChildrenCache  - 
java.lang.IllegalStateException: instance must be started before calling this method
	at org.apache.curator.shaded.com.google.common.base.Preconditions.checkState(Preconditions.java:444)
	at org.apache.curator.framework.imps.CuratorFrameworkImpl.getChildren(CuratorFrameworkImpl.java:456)
	at org.apache.curator.framework.recipes.cache.PathChildrenCache.refresh(PathChildrenCache.java:521)
	at org.apache.curator.framework.recipes.cache.RefreshOperation.invoke(RefreshOperation.java:35)
	at org.apache.curator.framework.recipes.cache.PathChildrenCache$9.run(PathChildrenCache.java:786)
	at java.util.concurrent.Executors$RunnableAdapter.call(Executors.java:511)
	at java.util.concurrent.FutureTask.run(FutureTask.java:266)
	at java.util.concurrent.Executors$RunnableAdapter.call(Executors.java:511)
	at java.util.concurrent.FutureTask.run(FutureTask.java:266)
	at java.util.concurrent.ThreadPoolExecutor.runWorker(ThreadPoolExecutor.java:1149)
	at java.util.concurrent.ThreadPoolExecutor$Worker.run(ThreadPoolExecutor.java:624)
	at java.lang.Thread.run(Thread.java:748)
Heap
 def new generation   total 153600K, used 110786K [0x00000000e0c00000, 0x00000000eb2a0000, 0x00000000eb2a0000)
  eden space 136576K,  81% used [0x00000000e0c00000, 0x00000000e78132e0, 0x00000000e9160000)
  from space 17024K,   0% used [0x00000000e9160000, 0x00000000e917d908, 0x00000000ea200000)
  to   space 17024K,   0% used [0x00000000ea200000, 0x00000000ea200000, 0x00000000eb2a0000)
 tenured generation   total 341376K, used 43501K [0x00000000eb2a0000, 0x0000000100000000, 0x0000000100000000)
   the space 341376K,  12% used [0x00000000eb2a0000, 0x00000000edd1b488, 0x00000000edd1b600, 0x0000000100000000)
 Metaspace       used 36159K, capacity 37116K, committed 37504K, reserved 1081344K
  class space    used 4897K, capacity 5122K, committed 5248K, reserved 1048576K
