15:15:35,239 |-INFO in ch.qos.logback.classic.LoggerContext[default] - Could NOT find resource [logback-test.xml]
15:15:35,239 |-INFO in ch.qos.logback.classic.LoggerContext[default] - Could NOT find resource [logback.groovy]
15:15:35,242 |-INFO in ch.qos.logback.classic.LoggerContext[default] - Found resource [logback.xml] at [jar:file:/root/flamestream/lib/flamestream-runtime-1.0-SNAPSHOT.jar!/logback.xml]
15:15:35,242 |-WARN in ch.qos.logback.classic.LoggerContext[default] - Resource [logback.xml] occurs multiple times on the classpath.
15:15:35,243 |-WARN in ch.qos.logback.classic.LoggerContext[default] - Resource [logback.xml] occurs at [jar:file:/root/flamestream/lib/flamestream-runtime-1.0-SNAPSHOT.jar!/logback.xml]
15:15:35,243 |-WARN in ch.qos.logback.classic.LoggerContext[default] - Resource [logback.xml] occurs at [jar:file:/root/flamestream/flamestream-runtime-1.0-SNAPSHOT.jar!/logback.xml]
15:15:35,262 |-INFO in ch.qos.logback.core.joran.spi.ConfigurationWatchList@3fb6a447 - URL [jar:file:/root/flamestream/lib/flamestream-runtime-1.0-SNAPSHOT.jar!/logback.xml] is not of type file
15:15:35,333 |-INFO in ch.qos.logback.classic.joran.action.ConfigurationAction - debug attribute not set
15:15:35,333 |-INFO in ch.qos.logback.core.joran.action.AppenderAction - About to instantiate appender of type [ch.qos.logback.core.ConsoleAppender]
15:15:35,349 |-INFO in ch.qos.logback.core.joran.action.AppenderAction - Naming appender as [STDOUT]
15:15:35,369 |-INFO in ch.qos.logback.core.joran.action.NestedComplexPropertyIA - Assuming default type [ch.qos.logback.classic.encoder.PatternLayoutEncoder] for [encoder] property
15:15:35,452 |-INFO in ch.qos.logback.core.joran.action.AppenderAction - About to instantiate appender of type [ch.qos.logback.core.rolling.RollingFileAppender]
15:15:35,457 |-INFO in ch.qos.logback.core.joran.action.AppenderAction - Naming appender as [FILE]
15:15:35,489 |-INFO in c.q.l.core.rolling.TimeBasedRollingPolicy@127618319 - No compression will be used
15:15:35,491 |-INFO in c.q.l.core.rolling.TimeBasedRollingPolicy@127618319 - Will use the pattern /tmp/application_%d{yyyy-MM-dd}.%i.log for the active file
15:15:35,493 |-INFO in ch.qos.logback.core.rolling.SizeAndTimeBasedFNATP@6b2fad11 - The date pattern is 'yyyy-MM-dd' from file name pattern '/tmp/application_%d{yyyy-MM-dd}.%i.log'.
15:15:35,493 |-INFO in ch.qos.logback.core.rolling.SizeAndTimeBasedFNATP@6b2fad11 - Roll-over at midnight.
15:15:35,499 |-INFO in ch.qos.logback.core.rolling.SizeAndTimeBasedFNATP@6b2fad11 - Setting initial period to Mon Jun 10 15:14:16 UTC 2019
15:15:35,499 |-WARN in ch.qos.logback.core.rolling.SizeAndTimeBasedFNATP@6b2fad11 - SizeAndTimeBasedFNATP is deprecated. Use SizeAndTimeBasedRollingPolicy instead
15:15:35,499 |-WARN in ch.qos.logback.core.rolling.SizeAndTimeBasedFNATP@6b2fad11 - For more information see http://logback.qos.ch/manual/appenders.html#SizeAndTimeBasedRollingPolicy
15:15:35,503 |-INFO in ch.qos.logback.core.joran.action.NestedComplexPropertyIA - Assuming default type [ch.qos.logback.classic.encoder.PatternLayoutEncoder] for [encoder] property
15:15:35,508 |-INFO in ch.qos.logback.core.rolling.RollingFileAppender[FILE] - Active log file name: /tmp/application.log
15:15:35,508 |-INFO in ch.qos.logback.core.rolling.RollingFileAppender[FILE] - File property is set to [/tmp/application.log]
15:15:35,509 |-INFO in ch.qos.logback.classic.joran.action.RootLoggerAction - Setting level of ROOT logger to WARN
15:15:35,509 |-INFO in ch.qos.logback.core.joran.action.AppenderRefAction - Attaching appender named [STDOUT] to Logger[ROOT]
15:15:35,511 |-INFO in ch.qos.logback.core.joran.action.AppenderRefAction - Attaching appender named [FILE] to Logger[ROOT]
15:15:35,511 |-INFO in ch.qos.logback.classic.joran.action.ConfigurationAction - End of configuration.
15:15:35,511 |-INFO in ch.qos.logback.classic.joran.JoranConfigurator@79698539 - Registering current configuration as safe fallback point

Ama winner
Ama winner
2019-06-10T15:15:36.800+0000: 1.741: [Full GC (Metadata GC Threshold) 2019-06-10T15:15:36.800+0000: 1.741: [Tenured: 0K->15176K(341376K), 0.0405669 secs] 114924K->15176K(494976K), [Metaspace: 20730K->20730K(1067008K)], 0.0406341 secs] [Times: user=0.04 sys=0.00, real=0.04 secs] 
15:15:51.360 [Curator-PathChildrenCache-2] WARN  o.a.c.u.ZKPaths  - The version of ZooKeeper being used doesn't support Container nodes. CreateMode.PERSISTENT will be used instead.
2019-06-10T15:15:53.526+0000: 18.468: [GC (Allocation Failure) 2019-06-10T15:15:53.526+0000: 18.468: [DefNew: 118934K->17023K(153600K), 0.0239679 secs] 134111K->33042K(494976K), 0.0240379 secs] [Times: user=0.02 sys=0.01, real=0.02 secs] 
2019-06-10T15:15:54.104+0000: 19.046: [Full GC (Metadata GC Threshold) 2019-06-10T15:15:54.104+0000: 19.046: [Tenured: 16018K->44359K(341376K), 0.0477824 secs] 71237K->44359K(494976K), [Metaspace: 34566K->34566K(1079296K)], 0.0478547 secs] [Times: user=0.04 sys=0.00, real=0.05 secs] 
2019-06-10T15:15:58.782+0000: 23.723: [GC (Allocation Failure) 2019-06-10T15:15:58.782+0000: 23.723: [DefNew: 136576K->205K(153600K), 0.0022682 secs] 180935K->44564K(494976K), 0.0023271 secs] [Times: user=0.01 sys=0.00, real=0.00 secs] 
2019-06-10T15:16:03.220+0000: 28.161: [GC (Allocation Failure) 2019-06-10T15:16:03.220+0000: 28.161: [DefNew: 136781K->203K(153600K), 0.0020169 secs] 181140K->44562K(494976K), 0.0020850 secs] [Times: user=0.01 sys=0.00, real=0.00 secs] 
2019-06-10T15:16:07.598+0000: 32.540: [GC (Allocation Failure) 2019-06-10T15:16:07.599+0000: 32.540: [DefNew: 136779K->211K(153600K), 0.0021135 secs] 181138K->44570K(494976K), 0.0033082 secs] [Times: user=0.00 sys=0.00, real=0.01 secs] 
2019-06-10T15:16:11.953+0000: 36.894: [GC (Allocation Failure) 2019-06-10T15:16:11.953+0000: 36.894: [DefNew: 136787K->206K(153600K), 0.0020604 secs] 181146K->44565K(494976K), 0.0021200 secs] [Times: user=0.00 sys=0.00, real=0.00 secs] 
2019-06-10T15:16:16.265+0000: 41.206: [GC (Allocation Failure) 2019-06-10T15:16:16.265+0000: 41.206: [DefNew: 136782K->211K(153600K), 0.0020994 secs] 181141K->44570K(494976K), 0.0021598 secs] [Times: user=0.00 sys=0.00, real=0.00 secs] 
2019-06-10T15:16:20.542+0000: 45.483: [GC (Allocation Failure) 2019-06-10T15:16:20.542+0000: 45.483: [DefNew: 136787K->209K(153600K), 0.0021616 secs] 181146K->44568K(494976K), 0.0022240 secs] [Times: user=0.00 sys=0.00, real=0.00 secs] 
2019-06-10T15:16:24.848+0000: 49.790: [GC (Allocation Failure) 2019-06-10T15:16:24.848+0000: 49.790: [DefNew: 136785K->213K(153600K), 0.0021500 secs] 181144K->44572K(494976K), 0.0022358 secs] [Times: user=0.00 sys=0.00, real=0.00 secs] 
2019-06-10T15:16:29.133+0000: 54.074: [GC (Allocation Failure) 2019-06-10T15:16:29.133+0000: 54.074: [DefNew: 136789K->207K(153600K), 0.0021904 secs] 181148K->44566K(494976K), 0.0022546 secs] [Times: user=0.01 sys=0.00, real=0.00 secs] 
15:16:38.984 [Curator-PathChildrenCache-0] ERROR o.a.c.f.r.c.PathChildrenCache  - 
java.lang.IllegalStateException: instance must be started before calling this method
	at org.apache.curator.shaded.com.google.common.base.Preconditions.checkState(Preconditions.java:444)
	at org.apache.curator.framework.imps.CuratorFrameworkImpl.getChildren(CuratorFrameworkImpl.java:456)
	at org.apache.curator.framework.recipes.cache.PathChildrenCache.refresh(PathChildrenCache.java:521)
	at org.apache.curator.framework.recipes.cache.RefreshOperation.invoke(RefreshOperation.java:35)
	at org.apache.curator.framework.recipes.cache.PathChildrenCache$9.run(PathChildrenCache.java:786)
	at java.util.concurrent.Executors$RunnableAdapter.call(Executors.java:511)
	at java.util.concurrent.FutureTask.run(FutureTask.java:266)
	at java.util.concurrent.Executors$RunnableAdapter.call(Executors.java:511)
	at java.util.concurrent.FutureTask.run(FutureTask.java:266)
	at java.util.concurrent.ThreadPoolExecutor.runWorker(ThreadPoolExecutor.java:1149)
	at java.util.concurrent.ThreadPoolExecutor$Worker.run(ThreadPoolExecutor.java:624)
	at java.lang.Thread.run(Thread.java:748)
Heap
 def new generation   total 153600K, used 113249K [0x00000000e0c00000, 0x00000000eb2a0000, 0x00000000eb2a0000)
  eden space 136576K,  82% used [0x00000000e0c00000, 0x00000000e7a64508, 0x00000000e9160000)
  from space 17024K,   1% used [0x00000000ea200000, 0x00000000ea233f50, 0x00000000eb2a0000)
  to   space 17024K,   0% used [0x00000000e9160000, 0x00000000e9160000, 0x00000000ea200000)
 tenured generation   total 341376K, used 44359K [0x00000000eb2a0000, 0x0000000100000000, 0x0000000100000000)
   the space 341376K,  12% used [0x00000000eb2a0000, 0x00000000eddf1c80, 0x00000000eddf1e00, 0x0000000100000000)
 Metaspace       used 36376K, capacity 37320K, committed 37504K, reserved 1081344K
  class space    used 4900K, capacity 5124K, committed 5248K, reserved 1048576K
