04:12:11,885 |-INFO in ch.qos.logback.classic.LoggerContext[default] - Could NOT find resource [logback-test.xml]
04:12:11,885 |-INFO in ch.qos.logback.classic.LoggerContext[default] - Could NOT find resource [logback.groovy]
04:12:11,885 |-INFO in ch.qos.logback.classic.LoggerContext[default] - Found resource [logback.xml] at [jar:file:/home/nikitasokolov/flamestream/lib/flamestream-runtime-1.0-SNAPSHOT.jar!/logback.xml]
04:12:11,886 |-WARN in ch.qos.logback.classic.LoggerContext[default] - Resource [logback.xml] occurs multiple times on the classpath.
04:12:11,886 |-WARN in ch.qos.logback.classic.LoggerContext[default] - Resource [logback.xml] occurs at [jar:file:/home/nikitasokolov/flamestream/lib/flamestream-runtime-1.0-SNAPSHOT.jar!/logback.xml]
04:12:11,886 |-WARN in ch.qos.logback.classic.LoggerContext[default] - Resource [logback.xml] occurs at [jar:file:/home/nikitasokolov/flamestream/flamestream-runtime-1.0-SNAPSHOT.jar!/logback.xml]
04:12:11,902 |-INFO in ch.qos.logback.core.joran.spi.ConfigurationWatchList@6108b2d7 - URL [jar:file:/home/nikitasokolov/flamestream/lib/flamestream-runtime-1.0-SNAPSHOT.jar!/logback.xml] is not of type file
04:12:11,955 |-INFO in ch.qos.logback.classic.joran.action.ConfigurationAction - debug attribute not set
04:12:11,955 |-INFO in ch.qos.logback.core.joran.action.AppenderAction - About to instantiate appender of type [ch.qos.logback.core.ConsoleAppender]
04:12:11,963 |-INFO in ch.qos.logback.core.joran.action.AppenderAction - Naming appender as [STDOUT]
04:12:11,972 |-INFO in ch.qos.logback.core.joran.action.NestedComplexPropertyIA - Assuming default type [ch.qos.logback.classic.encoder.PatternLayoutEncoder] for [encoder] property
04:12:12,030 |-INFO in ch.qos.logback.core.joran.action.AppenderAction - About to instantiate appender of type [ch.qos.logback.core.rolling.RollingFileAppender]
04:12:12,036 |-INFO in ch.qos.logback.core.joran.action.AppenderAction - Naming appender as [FILE]
04:12:12,059 |-INFO in c.q.l.core.rolling.TimeBasedRollingPolicy@357863579 - No compression will be used
04:12:12,060 |-INFO in c.q.l.core.rolling.TimeBasedRollingPolicy@357863579 - Will use the pattern /tmp/application_%d{yyyy-MM-dd}.%i.log for the active file
04:12:12,063 |-INFO in ch.qos.logback.core.rolling.SizeAndTimeBasedFNATP@6bf256fa - The date pattern is 'yyyy-MM-dd' from file name pattern '/tmp/application_%d{yyyy-MM-dd}.%i.log'.
04:12:12,063 |-INFO in ch.qos.logback.core.rolling.SizeAndTimeBasedFNATP@6bf256fa - Roll-over at midnight.
04:12:12,068 |-INFO in ch.qos.logback.core.rolling.SizeAndTimeBasedFNATP@6bf256fa - Setting initial period to Sun Jun 09 04:11:32 MSK 2019
04:12:12,068 |-WARN in ch.qos.logback.core.rolling.SizeAndTimeBasedFNATP@6bf256fa - SizeAndTimeBasedFNATP is deprecated. Use SizeAndTimeBasedRollingPolicy instead
04:12:12,068 |-WARN in ch.qos.logback.core.rolling.SizeAndTimeBasedFNATP@6bf256fa - For more information see http://logback.qos.ch/manual/appenders.html#SizeAndTimeBasedRollingPolicy
04:12:12,072 |-INFO in ch.qos.logback.core.joran.action.NestedComplexPropertyIA - Assuming default type [ch.qos.logback.classic.encoder.PatternLayoutEncoder] for [encoder] property
04:12:12,075 |-INFO in ch.qos.logback.core.rolling.RollingFileAppender[FILE] - Active log file name: /tmp/application.log
04:12:12,075 |-INFO in ch.qos.logback.core.rolling.RollingFileAppender[FILE] - File property is set to [/tmp/application.log]
04:12:12,076 |-INFO in ch.qos.logback.classic.joran.action.RootLoggerAction - Setting level of ROOT logger to WARN
04:12:12,076 |-INFO in ch.qos.logback.core.joran.action.AppenderRefAction - Attaching appender named [STDOUT] to Logger[ROOT]
04:12:12,077 |-INFO in ch.qos.logback.core.joran.action.AppenderRefAction - Attaching appender named [FILE] to Logger[ROOT]
04:12:12,077 |-INFO in ch.qos.logback.classic.joran.action.ConfigurationAction - End of configuration.
04:12:12,078 |-INFO in ch.qos.logback.classic.joran.JoranConfigurator@6cd8737 - Registering current configuration as safe fallback point

2019-06-09T04:12:13.070+0300: 1.389: [GC (Metadata GC Threshold) [PSYoungGen: 110722K->15934K(149504K)] 110722K->16014K(491008K), 0.0219424 secs] [Times: user=0.08 sys=0.03, real=0.02 secs] 
2019-06-09T04:12:13.092+0300: 1.411: [Full GC (Metadata GC Threshold) [PSYoungGen: 15934K->0K(149504K)] [ParOldGen: 80K->15078K(341504K)] 16014K->15078K(491008K), [Metaspace: 20802K->20802K(1067008K)], 0.0294414 secs] [Times: user=0.18 sys=0.01, real=0.03 secs] 
04:12:21.208 [Curator-PathChildrenCache-2] WARN  o.a.c.u.ZKPaths  - The version of ZooKeeper being used doesn't support Container nodes. CreateMode.PERSISTENT will be used instead.
2019-06-09T04:12:22.193+0300: 10.512: [GC (Metadata GC Threshold) [PSYoungGen: 126293K->20987K(149504K)] 141372K->50116K(491008K), 0.0271403 secs] [Times: user=0.28 sys=0.01, real=0.03 secs] 
2019-06-09T04:12:22.220+0300: 10.539: [Full GC (Metadata GC Threshold) [PSYoungGen: 20987K->0K(149504K)] [ParOldGen: 29129K->39134K(341504K)] 50116K->39134K(491008K), [Metaspace: 34565K->34565K(1079296K)], 0.0371486 secs] [Times: user=0.15 sys=0.02, real=0.03 secs] 
2019-06-09T04:12:25.942+0300: 14.261: [GC (Allocation Failure) [PSYoungGen: 128512K->512K(149504K)] 167646K->39654K(491008K), 0.0028869 secs] [Times: user=0.02 sys=0.01, real=0.00 secs] 
2019-06-09T04:12:30.333+0300: 18.652: [GC (Allocation Failure) [PSYoungGen: 129024K->448K(149504K)] 168166K->39598K(491008K), 0.0044735 secs] [Times: user=0.03 sys=0.01, real=0.01 secs] 
2019-06-09T04:12:34.720+0300: 23.039: [GC (Allocation Failure) [PSYoungGen: 128960K->544K(129536K)] 168110K->39702K(471040K), 0.0043539 secs] [Times: user=0.01 sys=0.01, real=0.00 secs] 
2019-06-09T04:12:39.148+0300: 27.467: [GC (Allocation Failure) [PSYoungGen: 129056K->480K(132608K)] 168214K->39646K(474112K), 0.0102922 secs] [Times: user=0.09 sys=0.00, real=0.02 secs] 
2019-06-09T04:12:42.339+0300: 30.658: [GC (Allocation Failure) [PSYoungGen: 93152K->480K(130560K)] 132318K->39654K(472064K), 0.0033580 secs] [Times: user=0.02 sys=0.00, real=0.00 secs] 
2019-06-09T04:12:45.557+0300: 33.876: [GC (Allocation Failure) [PSYoungGen: 93152K->544K(136704K)] 132326K->39726K(478208K), 0.0030866 secs] [Times: user=0.00 sys=0.01, real=0.01 secs] 
2019-06-09T04:12:49.072+0300: 37.391: [GC (Allocation Failure) [PSYoungGen: 101408K->512K(134656K)] 140590K->39694K(476160K), 0.0041767 secs] [Times: user=0.03 sys=0.00, real=0.00 secs] 
2019-06-09T04:12:52.551+0300: 40.870: [GC (Allocation Failure) [PSYoungGen: 101376K->512K(140288K)] 140558K->39694K(481792K), 0.0030732 secs] [Times: user=0.01 sys=0.00, real=0.00 secs] 
2019-06-09T04:12:56.310+0300: 44.629: [GC (Allocation Failure) [PSYoungGen: 108544K->512K(138240K)] 147726K->39702K(479744K), 0.0040450 secs] [Times: user=0.02 sys=0.01, real=0.00 secs] 
2019-06-09T04:13:00.058+0300: 48.377: [GC (Allocation Failure) [PSYoungGen: 108544K->544K(143360K)] 147734K->39742K(484864K), 0.0022810 secs] [Times: user=0.01 sys=0.00, real=0.00 secs] 
2019-06-09T04:13:04.034+0300: 52.353: [GC (Allocation Failure) [PSYoungGen: 115232K->544K(141824K)] 154430K->39750K(483328K), 0.0029030 secs] [Times: user=0.01 sys=0.00, real=0.00 secs] 
2019-06-09T04:13:07.985+0300: 56.304: [GC (Allocation Failure) [PSYoungGen: 115232K->448K(146432K)] 154438K->39662K(487936K), 0.0041743 secs] [Times: user=0.01 sys=0.01, real=0.00 secs] 
2019-06-09T04:13:12.184+0300: 60.503: [GC (Allocation Failure) [PSYoungGen: 121280K->480K(144896K)] 160494K->39694K(486400K), 0.0029580 secs] [Times: user=0.01 sys=0.00, real=0.00 secs] 
2019-06-09T04:13:17.092+0300: 65.412: [GC (Allocation Failure) [PSYoungGen: 121312K->791K(148992K)] 160526K->40013K(490496K), 0.0034062 secs] [Times: user=0.02 sys=0.00, real=0.00 secs] 
2019-06-09T04:13:22.564+0300: 70.883: [GC (Allocation Failure) [PSYoungGen: 126743K->480K(147456K)] 165965K->39710K(488960K), 0.0024104 secs] [Times: user=0.02 sys=0.00, real=0.00 secs] 
2019-06-09T04:13:28.073+0300: 76.392: [GC (Allocation Failure) [PSYoungGen: 126432K->352K(151552K)] 165662K->39830K(493056K), 0.0037067 secs] [Times: user=0.01 sys=0.00, real=0.00 secs] 
2019-06-09T04:13:33.860+0300: 82.179: [GC (Allocation Failure) [PSYoungGen: 131936K->352K(150528K)] 171414K->39942K(492032K), 0.0031724 secs] [Times: user=0.02 sys=0.00, real=0.00 secs] 
04:13:46.693 [Curator-PathChildrenCache-0] ERROR o.a.c.f.r.c.PathChildrenCache  - 
java.lang.IllegalStateException: instance must be started before calling this method
	at org.apache.curator.shaded.com.google.common.base.Preconditions.checkState(Preconditions.java:444)
	at org.apache.curator.framework.imps.CuratorFrameworkImpl.getChildren(CuratorFrameworkImpl.java:456)
	at org.apache.curator.framework.recipes.cache.PathChildrenCache.refresh(PathChildrenCache.java:521)
	at org.apache.curator.framework.recipes.cache.RefreshOperation.invoke(RefreshOperation.java:35)
	at org.apache.curator.framework.recipes.cache.PathChildrenCache$9.run(PathChildrenCache.java:786)
	at java.util.concurrent.Executors$RunnableAdapter.call(Executors.java:511)
	at java.util.concurrent.FutureTask.run(FutureTask.java:266)
	at java.util.concurrent.Executors$RunnableAdapter.call(Executors.java:511)
	at java.util.concurrent.FutureTask.run(FutureTask.java:266)
	at java.util.concurrent.ThreadPoolExecutor.runWorker(ThreadPoolExecutor.java:1149)
	at java.util.concurrent.ThreadPoolExecutor$Worker.run(ThreadPoolExecutor.java:624)
	at java.lang.Thread.run(Thread.java:748)
Heap
 PSYoungGen      total 150528K, used 21070K [0x00000000f5980000, 0x0000000100000000, 0x0000000100000000)
  eden space 131584K, 15% used [0x00000000f5980000,0x00000000f6dbb980,0x00000000fda00000)
  from space 18944K, 1% used [0x00000000fda00000,0x00000000fda58000,0x00000000fec80000)
  to   space 17408K, 0% used [0x00000000fef00000,0x00000000fef00000,0x0000000100000000)
 ParOldGen       total 341504K, used 39590K [0x00000000e0c00000, 0x00000000f5980000, 0x00000000f5980000)
  object space 341504K, 11% used [0x00000000e0c00000,0x00000000e32a98a8,0x00000000f5980000)
 Metaspace       used 36205K, capacity 37030K, committed 37208K, reserved 1081344K
  class space    used 4978K, capacity 5161K, committed 5248K, reserved 1048576K
