22:41:02,365 |-INFO in ch.qos.logback.classic.LoggerContext[default] - Could NOT find resource [logback-test.xml]
22:41:02,365 |-INFO in ch.qos.logback.classic.LoggerContext[default] - Could NOT find resource [logback.groovy]
22:41:02,365 |-INFO in ch.qos.logback.classic.LoggerContext[default] - Found resource [logback.xml] at [jar:file:/home/nikitasokolov/flamestream/lib/flamestream-runtime-1.0-SNAPSHOT.jar!/logback.xml]
22:41:02,366 |-WARN in ch.qos.logback.classic.LoggerContext[default] - Resource [logback.xml] occurs multiple times on the classpath.
22:41:02,366 |-WARN in ch.qos.logback.classic.LoggerContext[default] - Resource [logback.xml] occurs at [jar:file:/home/nikitasokolov/flamestream/lib/flamestream-runtime-1.0-SNAPSHOT.jar!/logback.xml]
22:41:02,366 |-WARN in ch.qos.logback.classic.LoggerContext[default] - Resource [logback.xml] occurs at [jar:file:/home/nikitasokolov/flamestream/flamestream-runtime-1.0-SNAPSHOT.jar!/logback.xml]
22:41:02,382 |-INFO in ch.qos.logback.core.joran.spi.ConfigurationWatchList@2f7a2457 - URL [jar:file:/home/nikitasokolov/flamestream/lib/flamestream-runtime-1.0-SNAPSHOT.jar!/logback.xml] is not of type file
22:41:02,435 |-INFO in ch.qos.logback.classic.joran.action.ConfigurationAction - debug attribute not set
22:41:02,436 |-INFO in ch.qos.logback.core.joran.action.AppenderAction - About to instantiate appender of type [ch.qos.logback.core.ConsoleAppender]
22:41:02,443 |-INFO in ch.qos.logback.core.joran.action.AppenderAction - Naming appender as [STDOUT]
22:41:02,451 |-INFO in ch.qos.logback.core.joran.action.NestedComplexPropertyIA - Assuming default type [ch.qos.logback.classic.encoder.PatternLayoutEncoder] for [encoder] property
22:41:02,511 |-INFO in ch.qos.logback.core.joran.action.AppenderAction - About to instantiate appender of type [ch.qos.logback.core.rolling.RollingFileAppender]
22:41:02,517 |-INFO in ch.qos.logback.core.joran.action.AppenderAction - Naming appender as [FILE]
22:41:02,540 |-INFO in c.q.l.core.rolling.TimeBasedRollingPolicy@1449621165 - No compression will be used
22:41:02,541 |-INFO in c.q.l.core.rolling.TimeBasedRollingPolicy@1449621165 - Will use the pattern /tmp/application_%d{yyyy-MM-dd}.%i.log for the active file
22:41:02,544 |-INFO in ch.qos.logback.core.rolling.SizeAndTimeBasedFNATP@6108b2d7 - The date pattern is 'yyyy-MM-dd' from file name pattern '/tmp/application_%d{yyyy-MM-dd}.%i.log'.
22:41:02,544 |-INFO in ch.qos.logback.core.rolling.SizeAndTimeBasedFNATP@6108b2d7 - Roll-over at midnight.
22:41:02,549 |-INFO in ch.qos.logback.core.rolling.SizeAndTimeBasedFNATP@6108b2d7 - Setting initial period to Tue May 28 22:39:56 MSK 2019
22:41:02,549 |-WARN in ch.qos.logback.core.rolling.SizeAndTimeBasedFNATP@6108b2d7 - SizeAndTimeBasedFNATP is deprecated. Use SizeAndTimeBasedRollingPolicy instead
22:41:02,549 |-WARN in ch.qos.logback.core.rolling.SizeAndTimeBasedFNATP@6108b2d7 - For more information see http://logback.qos.ch/manual/appenders.html#SizeAndTimeBasedRollingPolicy
22:41:02,553 |-INFO in ch.qos.logback.core.joran.action.NestedComplexPropertyIA - Assuming default type [ch.qos.logback.classic.encoder.PatternLayoutEncoder] for [encoder] property
22:41:02,556 |-INFO in ch.qos.logback.core.rolling.RollingFileAppender[FILE] - Active log file name: /tmp/application.log
22:41:02,556 |-INFO in ch.qos.logback.core.rolling.RollingFileAppender[FILE] - File property is set to [/tmp/application.log]
22:41:02,557 |-INFO in ch.qos.logback.classic.joran.action.RootLoggerAction - Setting level of ROOT logger to WARN
22:41:02,557 |-INFO in ch.qos.logback.core.joran.action.AppenderRefAction - Attaching appender named [STDOUT] to Logger[ROOT]
22:41:02,558 |-INFO in ch.qos.logback.core.joran.action.AppenderRefAction - Attaching appender named [FILE] to Logger[ROOT]
22:41:02,558 |-INFO in ch.qos.logback.classic.joran.action.ConfigurationAction - End of configuration.
22:41:02,558 |-INFO in ch.qos.logback.classic.joran.JoranConfigurator@1554909b - Registering current configuration as safe fallback point

2019-05-28T22:41:03.559+0300: 1.387: [GC (Metadata GC Threshold) [PSYoungGen: 97810K->15927K(149504K)] 97810K->16007K(491008K), 0.0201084 secs] [Times: user=0.08 sys=0.03, real=0.02 secs] 
2019-05-28T22:41:03.579+0300: 1.407: [Full GC (Metadata GC Threshold) [PSYoungGen: 15927K->0K(149504K)] [ParOldGen: 80K->15080K(341504K)] 16007K->15080K(491008K), [Metaspace: 20804K->20804K(1067008K)], 0.0239961 secs] [Times: user=0.15 sys=0.00, real=0.02 secs] 
22:41:12.199 [Curator-PathChildrenCache-2] WARN  o.a.c.u.ZKPaths  - The version of ZooKeeper being used doesn't support Container nodes. CreateMode.PERSISTENT will be used instead.
2019-05-28T22:41:12.764+0300: 10.592: [GC (Metadata GC Threshold) [PSYoungGen: 125797K->16677K(149504K)] 140877K->51296K(491008K), 0.0250808 secs] [Times: user=0.19 sys=0.02, real=0.02 secs] 
2019-05-28T22:41:12.790+0300: 10.618: [Full GC (Metadata GC Threshold) [PSYoungGen: 16677K->0K(149504K)] [ParOldGen: 34619K->39693K(341504K)] 51296K->39693K(491008K), [Metaspace: 34445K->34445K(1079296K)], 0.0430630 secs] [Times: user=0.27 sys=0.02, real=0.05 secs] 
2019-05-28T22:41:15.552+0300: 13.380: [GC (Allocation Failure) [PSYoungGen: 128512K->1120K(149504K)] 168205K->40813K(491008K), 0.0031037 secs] [Times: user=0.02 sys=0.00, real=0.00 secs] 
2019-05-28T22:41:18.549+0300: 16.377: [GC (Allocation Failure) [PSYoungGen: 129632K->1184K(149504K)] 169325K->40885K(491008K), 0.0035993 secs] [Times: user=0.02 sys=0.00, real=0.01 secs] 
2019-05-28T22:41:21.629+0300: 19.457: [GC (Allocation Failure) [PSYoungGen: 129696K->1184K(130048K)] 169397K->40893K(471552K), 0.0046423 secs] [Times: user=0.03 sys=0.00, real=0.01 secs] 
2019-05-28T22:41:24.636+0300: 22.464: [GC (Allocation Failure) [PSYoungGen: 129696K->1216K(149504K)] 169405K->40933K(491008K), 0.0034106 secs] [Times: user=0.01 sys=0.00, real=0.00 secs] 
2019-05-28T22:41:27.608+0300: 25.436: [GC (Allocation Failure) [PSYoungGen: 128704K->1216K(148480K)] 168421K->40941K(489984K), 0.0038389 secs] [Times: user=0.01 sys=0.00, real=0.01 secs] 
2019-05-28T22:41:30.881+0300: 28.709: [GC (Allocation Failure) [PSYoungGen: 128704K->1248K(151040K)] 168429K->40981K(492544K), 0.0031244 secs] [Times: user=0.01 sys=0.00, real=0.01 secs] 
2019-05-28T22:41:36.043+0300: 33.957: [GC (Allocation Failure) [PSYoungGen: 132320K->1280K(150528K)] 172053K->41021K(492032K), 0.0896701 secs] [Times: user=0.01 sys=0.01, real=0.10 secs] 
22:41:38.784 [Curator-PathChildrenCache-0] ERROR o.a.c.f.r.c.PathChildrenCache  - 
java.lang.IllegalStateException: instance must be started before calling this method
	at org.apache.curator.shaded.com.google.common.base.Preconditions.checkState(Preconditions.java:444)
	at org.apache.curator.framework.imps.CuratorFrameworkImpl.getChildren(CuratorFrameworkImpl.java:456)
	at org.apache.curator.framework.recipes.cache.PathChildrenCache.refresh(PathChildrenCache.java:521)
	at org.apache.curator.framework.recipes.cache.RefreshOperation.invoke(RefreshOperation.java:35)
	at org.apache.curator.framework.recipes.cache.PathChildrenCache$9.run(PathChildrenCache.java:786)
	at java.util.concurrent.Executors$RunnableAdapter.call(Executors.java:511)
	at java.util.concurrent.FutureTask.run(FutureTask.java:266)
	at java.util.concurrent.Executors$RunnableAdapter.call(Executors.java:511)
	at java.util.concurrent.FutureTask.run(FutureTask.java:266)
	at java.util.concurrent.ThreadPoolExecutor.runWorker(ThreadPoolExecutor.java:1149)
	at java.util.concurrent.ThreadPoolExecutor$Worker.run(ThreadPoolExecutor.java:624)
	at java.lang.Thread.run(Thread.java:748)
Heap
 PSYoungGen      total 150528K, used 31520K [0x00000000f5980000, 0x0000000100000000, 0x0000000100000000)
  eden space 131072K, 23% used [0x00000000f5980000,0x00000000f7708060,0x00000000fd980000)
  from space 19456K, 6% used [0x00000000fd980000,0x00000000fdac0190,0x00000000fec80000)
  to   space 18432K, 0% used [0x00000000fee00000,0x00000000fee00000,0x0000000100000000)
 ParOldGen       total 341504K, used 39741K [0x00000000e0c00000, 0x00000000f5980000, 0x00000000f5980000)
  object space 341504K, 11% used [0x00000000e0c00000,0x00000000e32cf438,0x00000000f5980000)
 Metaspace       used 36031K, capacity 37049K, committed 37208K, reserved 1081344K
  class space    used 4983K, capacity 5207K, committed 5248K, reserved 1048576K
