20:12:23,373 |-INFO in ch.qos.logback.classic.LoggerContext[default] - Could NOT find resource [logback-test.xml]
20:12:23,373 |-INFO in ch.qos.logback.classic.LoggerContext[default] - Could NOT find resource [logback.groovy]
20:12:23,373 |-INFO in ch.qos.logback.classic.LoggerContext[default] - Found resource [logback.xml] at [jar:file:/root/flamestream/lib/flamestream-runtime-1.0-SNAPSHOT.jar!/logback.xml]
20:12:23,374 |-WARN in ch.qos.logback.classic.LoggerContext[default] - Resource [logback.xml] occurs multiple times on the classpath.
20:12:23,374 |-WARN in ch.qos.logback.classic.LoggerContext[default] - Resource [logback.xml] occurs at [jar:file:/root/flamestream/lib/flamestream-runtime-1.0-SNAPSHOT.jar!/logback.xml]
20:12:23,374 |-WARN in ch.qos.logback.classic.LoggerContext[default] - Resource [logback.xml] occurs at [jar:file:/root/flamestream/flamestream-runtime-1.0-SNAPSHOT.jar!/logback.xml]
20:12:23,395 |-INFO in ch.qos.logback.core.joran.spi.ConfigurationWatchList@3fb6a447 - URL [jar:file:/root/flamestream/lib/flamestream-runtime-1.0-SNAPSHOT.jar!/logback.xml] is not of type file
20:12:23,462 |-INFO in ch.qos.logback.classic.joran.action.ConfigurationAction - debug attribute not set
20:12:23,463 |-INFO in ch.qos.logback.core.joran.action.AppenderAction - About to instantiate appender of type [ch.qos.logback.core.ConsoleAppender]
20:12:23,478 |-INFO in ch.qos.logback.core.joran.action.AppenderAction - Naming appender as [STDOUT]
20:12:23,495 |-INFO in ch.qos.logback.core.joran.action.NestedComplexPropertyIA - Assuming default type [ch.qos.logback.classic.encoder.PatternLayoutEncoder] for [encoder] property
20:12:23,586 |-INFO in ch.qos.logback.core.joran.action.AppenderAction - About to instantiate appender of type [ch.qos.logback.core.rolling.RollingFileAppender]
20:12:23,591 |-INFO in ch.qos.logback.core.joran.action.AppenderAction - Naming appender as [FILE]
20:12:23,622 |-INFO in c.q.l.core.rolling.TimeBasedRollingPolicy@127618319 - No compression will be used
20:12:23,623 |-INFO in c.q.l.core.rolling.TimeBasedRollingPolicy@127618319 - Will use the pattern /tmp/application_%d{yyyy-MM-dd}.%i.log for the active file
20:12:23,626 |-INFO in ch.qos.logback.core.rolling.SizeAndTimeBasedFNATP@6b2fad11 - The date pattern is 'yyyy-MM-dd' from file name pattern '/tmp/application_%d{yyyy-MM-dd}.%i.log'.
20:12:23,626 |-INFO in ch.qos.logback.core.rolling.SizeAndTimeBasedFNATP@6b2fad11 - Roll-over at midnight.
20:12:23,631 |-INFO in ch.qos.logback.core.rolling.SizeAndTimeBasedFNATP@6b2fad11 - Setting initial period to Mon Jun 10 20:11:06 UTC 2019
20:12:23,631 |-WARN in ch.qos.logback.core.rolling.SizeAndTimeBasedFNATP@6b2fad11 - SizeAndTimeBasedFNATP is deprecated. Use SizeAndTimeBasedRollingPolicy instead
20:12:23,631 |-WARN in ch.qos.logback.core.rolling.SizeAndTimeBasedFNATP@6b2fad11 - For more information see http://logback.qos.ch/manual/appenders.html#SizeAndTimeBasedRollingPolicy
20:12:23,635 |-INFO in ch.qos.logback.core.joran.action.NestedComplexPropertyIA - Assuming default type [ch.qos.logback.classic.encoder.PatternLayoutEncoder] for [encoder] property
20:12:23,640 |-INFO in ch.qos.logback.core.rolling.RollingFileAppender[FILE] - Active log file name: /tmp/application.log
20:12:23,640 |-INFO in ch.qos.logback.core.rolling.RollingFileAppender[FILE] - File property is set to [/tmp/application.log]
20:12:23,641 |-INFO in ch.qos.logback.classic.joran.action.RootLoggerAction - Setting level of ROOT logger to WARN
20:12:23,641 |-INFO in ch.qos.logback.core.joran.action.AppenderRefAction - Attaching appender named [STDOUT] to Logger[ROOT]
20:12:23,643 |-INFO in ch.qos.logback.core.joran.action.AppenderRefAction - Attaching appender named [FILE] to Logger[ROOT]
20:12:23,644 |-INFO in ch.qos.logback.classic.joran.action.ConfigurationAction - End of configuration.
20:12:23,644 |-INFO in ch.qos.logback.classic.joran.JoranConfigurator@79698539 - Registering current configuration as safe fallback point

Ama winner
Ama winner
2019-06-10T20:12:25.297+0000: 2.113: [Full GC (Metadata GC Threshold) 2019-06-10T20:12:25.297+0000: 2.113: [Tenured: 0K->15240K(341376K), 0.0402937 secs] 117718K->15240K(494976K), [Metaspace: 20730K->20730K(1067008K)], 0.0403588 secs] [Times: user=0.04 sys=0.00, real=0.04 secs] 
20:12:41.065 [Curator-PathChildrenCache-1] WARN  o.a.c.u.ZKPaths  - The version of ZooKeeper being used doesn't support Container nodes. CreateMode.PERSISTENT will be used instead.
2019-06-10T20:12:43.437+0000: 20.253: [GC (Allocation Failure) 2019-06-10T20:12:43.437+0000: 20.253: [DefNew: 136576K->17024K(153600K), 0.0267935 secs] 151816K->52769K(494976K), 0.0268818 secs] [Times: user=0.02 sys=0.01, real=0.02 secs] 
2019-06-10T20:12:49.276+0000: 26.091: [GC (Allocation Failure) 2019-06-10T20:12:49.276+0000: 26.091: [DefNew: 153600K->245K(153600K), 0.0106067 secs] 189345K->44356K(494976K), 0.0106828 secs] [Times: user=0.00 sys=0.00, real=0.01 secs] 
2019-06-10T20:12:51.090+0000: 27.906: [Full GC (Metadata GC Threshold) 2019-06-10T20:12:51.090+0000: 27.906: [Tenured: 44111K->44347K(341376K), 0.0390202 secs] 89777K->44347K(494976K), [Metaspace: 34591K->34591K(1079296K)], 0.0390901 secs] [Times: user=0.04 sys=0.00, real=0.04 secs] 
2019-06-10T20:12:56.874+0000: 33.690: [GC (Allocation Failure) 2019-06-10T20:12:56.874+0000: 33.690: [DefNew: 136576K->54K(153600K), 0.0016935 secs] 180923K->44401K(494976K), 0.0017501 secs] [Times: user=0.00 sys=0.00, real=0.01 secs] 
2019-06-10T20:13:02.621+0000: 39.437: [GC (Allocation Failure) 2019-06-10T20:13:02.621+0000: 39.437: [DefNew: 136630K->81K(153600K), 0.0015956 secs] 180977K->44429K(494976K), 0.0016750 secs] [Times: user=0.00 sys=0.00, real=0.00 secs] 
2019-06-10T20:13:08.446+0000: 45.262: [GC (Allocation Failure) 2019-06-10T20:13:08.446+0000: 45.262: [DefNew: 136657K->147K(153600K), 0.0016441 secs] 181005K->44494K(494976K), 0.0017345 secs] [Times: user=0.00 sys=0.00, real=0.01 secs] 
2019-06-10T20:13:23.324+0000: 60.140: [GC (Allocation Failure) 2019-06-10T20:13:23.324+0000: 60.140: [DefNew: 136723K->147K(153600K), 0.0017529 secs] 181070K->44494K(494976K), 0.0018139 secs] [Times: user=0.00 sys=0.00, real=0.00 secs] 
20:13:24.769 [Curator-PathChildrenCache-0] ERROR o.a.c.f.r.c.PathChildrenCache  - 
java.lang.IllegalStateException: instance must be started before calling this method
	at org.apache.curator.shaded.com.google.common.base.Preconditions.checkState(Preconditions.java:444)
	at org.apache.curator.framework.imps.CuratorFrameworkImpl.getChildren(CuratorFrameworkImpl.java:456)
	at org.apache.curator.framework.recipes.cache.PathChildrenCache.refresh(PathChildrenCache.java:521)
	at org.apache.curator.framework.recipes.cache.RefreshOperation.invoke(RefreshOperation.java:35)
	at org.apache.curator.framework.recipes.cache.PathChildrenCache$9.run(PathChildrenCache.java:786)
	at java.util.concurrent.Executors$RunnableAdapter.call(Executors.java:511)
	at java.util.concurrent.FutureTask.run(FutureTask.java:266)
	at java.util.concurrent.Executors$RunnableAdapter.call(Executors.java:511)
	at java.util.concurrent.FutureTask.run(FutureTask.java:266)
	at java.util.concurrent.ThreadPoolExecutor.runWorker(ThreadPoolExecutor.java:1149)
	at java.util.concurrent.ThreadPoolExecutor$Worker.run(ThreadPoolExecutor.java:624)
	at java.lang.Thread.run(Thread.java:748)
Heap
 def new generation   total 153600K, used 21597K [0x00000000e0c00000, 0x00000000eb2a0000, 0x00000000eb2a0000)
  eden space 136576K,  15% used [0x00000000e0c00000, 0x00000000e20f2940, 0x00000000e9160000)
  from space 17024K,   0% used [0x00000000e9160000, 0x00000000e9184e70, 0x00000000ea200000)
  to   space 17024K,   0% used [0x00000000ea200000, 0x00000000ea200000, 0x00000000eb2a0000)
 tenured generation   total 341376K, used 44347K [0x00000000eb2a0000, 0x0000000100000000, 0x0000000100000000)
   the space 341376K,  12% used [0x00000000eb2a0000, 0x00000000eddeed60, 0x00000000eddeee00, 0x0000000100000000)
 Metaspace       used 35884K, capacity 36762K, committed 37120K, reserved 1081344K
  class space    used 4849K, capacity 5041K, committed 5120K, reserved 1048576K
