07:14:33,138 |-INFO in ch.qos.logback.classic.LoggerContext[default] - Could NOT find resource [logback-test.xml]
07:14:33,138 |-INFO in ch.qos.logback.classic.LoggerContext[default] - Could NOT find resource [logback.groovy]
07:14:33,138 |-INFO in ch.qos.logback.classic.LoggerContext[default] - Found resource [logback.xml] at [jar:file:/root/flamestream/lib/flamestream-runtime-1.0-SNAPSHOT.jar!/logback.xml]
07:14:33,139 |-WARN in ch.qos.logback.classic.LoggerContext[default] - Resource [logback.xml] occurs multiple times on the classpath.
07:14:33,139 |-WARN in ch.qos.logback.classic.LoggerContext[default] - Resource [logback.xml] occurs at [jar:file:/root/flamestream/lib/flamestream-runtime-1.0-SNAPSHOT.jar!/logback.xml]
07:14:33,139 |-WARN in ch.qos.logback.classic.LoggerContext[default] - Resource [logback.xml] occurs at [jar:file:/root/flamestream/flamestream-runtime-1.0-SNAPSHOT.jar!/logback.xml]
07:14:33,159 |-INFO in ch.qos.logback.core.joran.spi.ConfigurationWatchList@3fb6a447 - URL [jar:file:/root/flamestream/lib/flamestream-runtime-1.0-SNAPSHOT.jar!/logback.xml] is not of type file
07:14:33,225 |-INFO in ch.qos.logback.classic.joran.action.ConfigurationAction - debug attribute not set
07:14:33,225 |-INFO in ch.qos.logback.core.joran.action.AppenderAction - About to instantiate appender of type [ch.qos.logback.core.ConsoleAppender]
07:14:33,242 |-INFO in ch.qos.logback.core.joran.action.AppenderAction - Naming appender as [STDOUT]
07:14:33,260 |-INFO in ch.qos.logback.core.joran.action.NestedComplexPropertyIA - Assuming default type [ch.qos.logback.classic.encoder.PatternLayoutEncoder] for [encoder] property
07:14:33,348 |-INFO in ch.qos.logback.core.joran.action.AppenderAction - About to instantiate appender of type [ch.qos.logback.core.rolling.RollingFileAppender]
07:14:33,353 |-INFO in ch.qos.logback.core.joran.action.AppenderAction - Naming appender as [FILE]
07:14:33,384 |-INFO in c.q.l.core.rolling.TimeBasedRollingPolicy@127618319 - No compression will be used
07:14:33,386 |-INFO in c.q.l.core.rolling.TimeBasedRollingPolicy@127618319 - Will use the pattern /tmp/application_%d{yyyy-MM-dd}.%i.log for the active file
07:14:33,389 |-INFO in ch.qos.logback.core.rolling.SizeAndTimeBasedFNATP@6b2fad11 - The date pattern is 'yyyy-MM-dd' from file name pattern '/tmp/application_%d{yyyy-MM-dd}.%i.log'.
07:14:33,389 |-INFO in ch.qos.logback.core.rolling.SizeAndTimeBasedFNATP@6b2fad11 - Roll-over at midnight.
07:14:33,395 |-INFO in ch.qos.logback.core.rolling.SizeAndTimeBasedFNATP@6b2fad11 - Setting initial period to Tue Jun 11 07:13:00 UTC 2019
07:14:33,395 |-WARN in ch.qos.logback.core.rolling.SizeAndTimeBasedFNATP@6b2fad11 - SizeAndTimeBasedFNATP is deprecated. Use SizeAndTimeBasedRollingPolicy instead
07:14:33,395 |-WARN in ch.qos.logback.core.rolling.SizeAndTimeBasedFNATP@6b2fad11 - For more information see http://logback.qos.ch/manual/appenders.html#SizeAndTimeBasedRollingPolicy
07:14:33,399 |-INFO in ch.qos.logback.core.joran.action.NestedComplexPropertyIA - Assuming default type [ch.qos.logback.classic.encoder.PatternLayoutEncoder] for [encoder] property
07:14:33,404 |-INFO in ch.qos.logback.core.rolling.RollingFileAppender[FILE] - Active log file name: /tmp/application.log
07:14:33,404 |-INFO in ch.qos.logback.core.rolling.RollingFileAppender[FILE] - File property is set to [/tmp/application.log]
07:14:33,405 |-INFO in ch.qos.logback.classic.joran.action.RootLoggerAction - Setting level of ROOT logger to WARN
07:14:33,405 |-INFO in ch.qos.logback.core.joran.action.AppenderRefAction - Attaching appender named [STDOUT] to Logger[ROOT]
07:14:33,407 |-INFO in ch.qos.logback.core.joran.action.AppenderRefAction - Attaching appender named [FILE] to Logger[ROOT]
07:14:33,407 |-INFO in ch.qos.logback.classic.joran.action.ConfigurationAction - End of configuration.
07:14:33,407 |-INFO in ch.qos.logback.classic.joran.JoranConfigurator@79698539 - Registering current configuration as safe fallback point

Ama winner
Ama winner
2019-06-11T07:14:34.766+0000: 1.821: [Full GC (Metadata GC Threshold) 2019-06-11T07:14:34.766+0000: 1.821: [Tenured: 0K->15240K(341376K), 0.0413377 secs] 114923K->15240K(494976K), [Metaspace: 20732K->20732K(1067008K)], 0.0414018 secs] [Times: user=0.04 sys=0.00, real=0.05 secs] 
2019-06-11T07:15:10.096+0000: 37.151: [GC (Allocation Failure) 2019-06-11T07:15:10.096+0000: 37.151: [DefNew: 136575K->16648K(153600K), 0.0260816 secs] 151816K->51420K(494976K), 0.0261575 secs] [Times: user=0.01 sys=0.01, real=0.02 secs] 
2019-06-11T07:15:14.284+0000: 41.339: [Full GC (Metadata GC Threshold) 2019-06-11T07:15:14.284+0000: 41.339: [Tenured: 34772K->43390K(341376K), 0.0524218 secs] 144472K->43390K(494976K), [Metaspace: 34581K->34581K(1079296K)], 0.0524976 secs] [Times: user=0.05 sys=0.00, real=0.06 secs] 
2019-06-11T07:15:20.322+0000: 47.377: [GC (Allocation Failure) 2019-06-11T07:15:20.322+0000: 47.377: [DefNew: 136576K->48K(153600K), 0.0017641 secs] 179966K->43439K(494976K), 0.0018268 secs] [Times: user=0.00 sys=0.00, real=0.00 secs] 
2019-06-11T07:15:26.334+0000: 53.389: [GC (Allocation Failure) 2019-06-11T07:15:26.334+0000: 53.389: [DefNew: 136624K->49K(153600K), 0.0016737 secs] 180015K->43439K(494976K), 0.0017434 secs] [Times: user=0.00 sys=0.00, real=0.00 secs] 
2019-06-11T07:15:32.331+0000: 59.386: [GC (Allocation Failure) 2019-06-11T07:15:32.331+0000: 59.386: [DefNew: 136625K->51K(153600K), 0.0016030 secs] 180015K->43441K(494976K), 0.0016644 secs] [Times: user=0.00 sys=0.00, real=0.00 secs] 
2019-06-11T07:15:38.779+0000: 65.834: [GC (Allocation Failure) 2019-06-11T07:15:38.779+0000: 65.834: [DefNew: 136627K->365K(153600K), 0.0021538 secs] 180017K->43756K(494976K), 0.0022181 secs] [Times: user=0.00 sys=0.00, real=0.00 secs] 
2019-06-11T07:15:59.446+0000: 86.501: [GC (Allocation Failure) 2019-06-11T07:15:59.446+0000: 86.501: [DefNew: 136941K->144K(153600K), 0.0020301 secs] 180332K->43534K(494976K), 0.0020930 secs] [Times: user=0.01 sys=0.00, real=0.01 secs] 
07:15:59.521 [Curator-PathChildrenCache-0] ERROR o.a.c.f.r.c.PathChildrenCache  - 
java.lang.IllegalStateException: instance must be started before calling this method
	at org.apache.curator.shaded.com.google.common.base.Preconditions.checkState(Preconditions.java:444)
	at org.apache.curator.framework.imps.CuratorFrameworkImpl.getChildren(CuratorFrameworkImpl.java:456)
	at org.apache.curator.framework.recipes.cache.PathChildrenCache.refresh(PathChildrenCache.java:521)
	at org.apache.curator.framework.recipes.cache.RefreshOperation.invoke(RefreshOperation.java:35)
	at org.apache.curator.framework.recipes.cache.PathChildrenCache$9.run(PathChildrenCache.java:786)
	at java.util.concurrent.Executors$RunnableAdapter.call(Executors.java:511)
	at java.util.concurrent.FutureTask.run(FutureTask.java:266)
	at java.util.concurrent.Executors$RunnableAdapter.call(Executors.java:511)
	at java.util.concurrent.FutureTask.run(FutureTask.java:266)
	at java.util.concurrent.ThreadPoolExecutor.runWorker(ThreadPoolExecutor.java:1149)
	at java.util.concurrent.ThreadPoolExecutor$Worker.run(ThreadPoolExecutor.java:624)
	at java.lang.Thread.run(Thread.java:748)
Heap
 def new generation   total 153600K, used 22102K [0x00000000e0c00000, 0x00000000eb2a0000, 0x00000000eb2a0000)
  eden space 136576K,  16% used [0x00000000e0c00000, 0x00000000e21718c0, 0x00000000e9160000)
  from space 17024K,   0% used [0x00000000e9160000, 0x00000000e9184160, 0x00000000ea200000)
  to   space 17024K,   0% used [0x00000000ea200000, 0x00000000ea200000, 0x00000000eb2a0000)
 tenured generation   total 341376K, used 43390K [0x00000000eb2a0000, 0x0000000100000000, 0x0000000100000000)
   the space 341376K,  12% used [0x00000000eb2a0000, 0x00000000edcff988, 0x00000000edcffa00, 0x0000000100000000)
 Metaspace       used 36126K, capacity 37062K, committed 37376K, reserved 1081344K
  class space    used 4861K, capacity 5075K, committed 5120K, reserved 1048576K
