17:56:33,159 |-INFO in ch.qos.logback.classic.LoggerContext[default] - Could NOT find resource [logback-test.xml]
17:56:33,159 |-INFO in ch.qos.logback.classic.LoggerContext[default] - Could NOT find resource [logback.groovy]
17:56:33,159 |-INFO in ch.qos.logback.classic.LoggerContext[default] - Found resource [logback.xml] at [jar:file:/root/flamestream/lib/flamestream-runtime-1.0-SNAPSHOT.jar!/logback.xml]
17:56:33,160 |-WARN in ch.qos.logback.classic.LoggerContext[default] - Resource [logback.xml] occurs multiple times on the classpath.
17:56:33,160 |-WARN in ch.qos.logback.classic.LoggerContext[default] - Resource [logback.xml] occurs at [jar:file:/root/flamestream/lib/flamestream-runtime-1.0-SNAPSHOT.jar!/logback.xml]
17:56:33,160 |-WARN in ch.qos.logback.classic.LoggerContext[default] - Resource [logback.xml] occurs at [jar:file:/root/flamestream/flamestream-runtime-1.0-SNAPSHOT.jar!/logback.xml]
17:56:33,184 |-INFO in ch.qos.logback.core.joran.spi.ConfigurationWatchList@3fb6a447 - URL [jar:file:/root/flamestream/lib/flamestream-runtime-1.0-SNAPSHOT.jar!/logback.xml] is not of type file
17:56:33,260 |-INFO in ch.qos.logback.classic.joran.action.ConfigurationAction - debug attribute not set
17:56:33,265 |-INFO in ch.qos.logback.core.joran.action.AppenderAction - About to instantiate appender of type [ch.qos.logback.core.ConsoleAppender]
17:56:33,277 |-INFO in ch.qos.logback.core.joran.action.AppenderAction - Naming appender as [STDOUT]
17:56:33,298 |-INFO in ch.qos.logback.core.joran.action.NestedComplexPropertyIA - Assuming default type [ch.qos.logback.classic.encoder.PatternLayoutEncoder] for [encoder] property
17:56:33,385 |-INFO in ch.qos.logback.core.joran.action.AppenderAction - About to instantiate appender of type [ch.qos.logback.core.rolling.RollingFileAppender]
17:56:33,390 |-INFO in ch.qos.logback.core.joran.action.AppenderAction - Naming appender as [FILE]
17:56:33,421 |-INFO in c.q.l.core.rolling.TimeBasedRollingPolicy@127618319 - No compression will be used
17:56:33,423 |-INFO in c.q.l.core.rolling.TimeBasedRollingPolicy@127618319 - Will use the pattern /tmp/application_%d{yyyy-MM-dd}.%i.log for the active file
17:56:33,426 |-INFO in ch.qos.logback.core.rolling.SizeAndTimeBasedFNATP@6b2fad11 - The date pattern is 'yyyy-MM-dd' from file name pattern '/tmp/application_%d{yyyy-MM-dd}.%i.log'.
17:56:33,426 |-INFO in ch.qos.logback.core.rolling.SizeAndTimeBasedFNATP@6b2fad11 - Roll-over at midnight.
17:56:33,431 |-INFO in ch.qos.logback.core.rolling.SizeAndTimeBasedFNATP@6b2fad11 - Setting initial period to Mon Jun 10 17:55:16 UTC 2019
17:56:33,431 |-WARN in ch.qos.logback.core.rolling.SizeAndTimeBasedFNATP@6b2fad11 - SizeAndTimeBasedFNATP is deprecated. Use SizeAndTimeBasedRollingPolicy instead
17:56:33,431 |-WARN in ch.qos.logback.core.rolling.SizeAndTimeBasedFNATP@6b2fad11 - For more information see http://logback.qos.ch/manual/appenders.html#SizeAndTimeBasedRollingPolicy
17:56:33,435 |-INFO in ch.qos.logback.core.joran.action.NestedComplexPropertyIA - Assuming default type [ch.qos.logback.classic.encoder.PatternLayoutEncoder] for [encoder] property
17:56:33,439 |-INFO in ch.qos.logback.core.rolling.RollingFileAppender[FILE] - Active log file name: /tmp/application.log
17:56:33,439 |-INFO in ch.qos.logback.core.rolling.RollingFileAppender[FILE] - File property is set to [/tmp/application.log]
17:56:33,440 |-INFO in ch.qos.logback.classic.joran.action.RootLoggerAction - Setting level of ROOT logger to WARN
17:56:33,440 |-INFO in ch.qos.logback.core.joran.action.AppenderRefAction - Attaching appender named [STDOUT] to Logger[ROOT]
17:56:33,442 |-INFO in ch.qos.logback.core.joran.action.AppenderRefAction - Attaching appender named [FILE] to Logger[ROOT]
17:56:33,442 |-INFO in ch.qos.logback.classic.joran.action.ConfigurationAction - End of configuration.
17:56:33,443 |-INFO in ch.qos.logback.classic.joran.JoranConfigurator@79698539 - Registering current configuration as safe fallback point

Ama winner
Ama winner
2019-06-10T17:56:34.735+0000: 1.762: [Full GC (Metadata GC Threshold) 2019-06-10T17:56:34.735+0000: 1.762: [Tenured: 0K->15240K(341376K), 0.0357253 secs] 114987K->15240K(494976K), [Metaspace: 20729K->20729K(1067008K)], 0.0358094 secs] [Times: user=0.03 sys=0.01, real=0.04 secs] 
17:56:57.192 [Curator-PathChildrenCache-1] WARN  o.a.c.u.ZKPaths  - The version of ZooKeeper being used doesn't support Container nodes. CreateMode.PERSISTENT will be used instead.
2019-06-10T17:56:59.532+0000: 26.559: [GC (Allocation Failure) 2019-06-10T17:56:59.532+0000: 26.559: [DefNew: 136576K->17023K(153600K), 0.0352961 secs] 151816K->52832K(494976K), 0.0353764 secs] [Times: user=0.02 sys=0.01, real=0.03 secs] 
2019-06-10T17:57:00.553+0000: 27.580: [Full GC (Metadata GC Threshold) 2019-06-10T17:57:00.553+0000: 27.580: [Tenured: 35808K->44459K(341376K), 0.0392037 secs] 77609K->44459K(494976K), [Metaspace: 34550K->34550K(1079296K)], 0.0392804 secs] [Times: user=0.04 sys=0.01, real=0.04 secs] 
2019-06-10T17:57:07.456+0000: 34.483: [GC (Allocation Failure) 2019-06-10T17:57:07.456+0000: 34.483: [DefNew: 136576K->104K(153600K), 0.0019459 secs] 181035K->44564K(494976K), 0.0020108 secs] [Times: user=0.00 sys=0.00, real=0.01 secs] 
2019-06-10T17:57:14.310+0000: 41.337: [GC (Allocation Failure) 2019-06-10T17:57:14.310+0000: 41.337: [DefNew: 136680K->168K(153600K), 0.0017656 secs] 181140K->44628K(494976K), 0.0018272 secs] [Times: user=0.01 sys=0.00, real=0.00 secs] 
2019-06-10T17:57:21.139+0000: 48.166: [GC (Allocation Failure) 2019-06-10T17:57:21.139+0000: 48.166: [DefNew: 136744K->169K(153600K), 0.0018283 secs] 181204K->44629K(494976K), 0.0018892 secs] [Times: user=0.00 sys=0.00, real=0.00 secs] 
2019-06-10T17:57:28.094+0000: 55.120: [GC (Allocation Failure) 2019-06-10T17:57:28.094+0000: 55.121: [DefNew: 136745K->173K(153600K), 0.0018767 secs] 181205K->44632K(494976K), 0.0019379 secs] [Times: user=0.00 sys=0.00, real=0.00 secs] 
2019-06-10T17:57:34.961+0000: 61.988: [GC (Allocation Failure) 2019-06-10T17:57:34.962+0000: 61.988: [DefNew: 136749K->358K(153600K), 0.0021626 secs] 181208K->44818K(494976K), 0.0022306 secs] [Times: user=0.00 sys=0.00, real=0.00 secs] 
2019-06-10T17:57:52.717+0000: 79.744: [GC (Allocation Failure) 2019-06-10T17:57:52.717+0000: 79.744: [DefNew: 136934K->343K(153600K), 0.0023830 secs] 181394K->44803K(494976K), 0.0024458 secs] [Times: user=0.00 sys=0.00, real=0.00 secs] 
17:57:52.880 [Curator-PathChildrenCache-0] ERROR o.a.c.f.r.c.PathChildrenCache  - 
java.lang.IllegalStateException: instance must be started before calling this method
	at org.apache.curator.shaded.com.google.common.base.Preconditions.checkState(Preconditions.java:444)
	at org.apache.curator.framework.imps.CuratorFrameworkImpl.getChildren(CuratorFrameworkImpl.java:456)
	at org.apache.curator.framework.recipes.cache.PathChildrenCache.refresh(PathChildrenCache.java:521)
	at org.apache.curator.framework.recipes.cache.RefreshOperation.invoke(RefreshOperation.java:35)
	at org.apache.curator.framework.recipes.cache.PathChildrenCache$9.run(PathChildrenCache.java:786)
	at java.util.concurrent.Executors$RunnableAdapter.call(Executors.java:511)
	at java.util.concurrent.FutureTask.run(FutureTask.java:266)
	at java.util.concurrent.Executors$RunnableAdapter.call(Executors.java:511)
	at java.util.concurrent.FutureTask.run(FutureTask.java:266)
	at java.util.concurrent.ThreadPoolExecutor.runWorker(ThreadPoolExecutor.java:1149)
	at java.util.concurrent.ThreadPoolExecutor$Worker.run(ThreadPoolExecutor.java:624)
	at java.lang.Thread.run(Thread.java:748)
Heap
 def new generation   total 153600K, used 24688K [0x00000000e0c00000, 0x00000000eb2a0000, 0x00000000eb2a0000)
  eden space 136576K,  17% used [0x00000000e0c00000, 0x00000000e23c6440, 0x00000000e9160000)
  from space 17024K,   2% used [0x00000000ea200000, 0x00000000ea255ee8, 0x00000000eb2a0000)
  to   space 17024K,   0% used [0x00000000e9160000, 0x00000000e9160000, 0x00000000ea200000)
 tenured generation   total 341376K, used 44459K [0x00000000eb2a0000, 0x0000000100000000, 0x0000000100000000)
   the space 341376K,  13% used [0x00000000eb2a0000, 0x00000000ede0ae00, 0x00000000ede0ae00, 0x0000000100000000)
 Metaspace       used 36108K, capacity 37036K, committed 37120K, reserved 1081344K
  class space    used 4883K, capacity 5082K, committed 5120K, reserved 1048576K
