07:58:01,545 |-INFO in ch.qos.logback.classic.LoggerContext[default] - Could NOT find resource [logback-test.xml]
07:58:01,545 |-INFO in ch.qos.logback.classic.LoggerContext[default] - Could NOT find resource [logback.groovy]
07:58:01,548 |-INFO in ch.qos.logback.classic.LoggerContext[default] - Found resource [logback.xml] at [jar:file:/root/flamestream/lib/flamestream-runtime-1.0-SNAPSHOT.jar!/logback.xml]
07:58:01,549 |-WARN in ch.qos.logback.classic.LoggerContext[default] - Resource [logback.xml] occurs multiple times on the classpath.
07:58:01,549 |-WARN in ch.qos.logback.classic.LoggerContext[default] - Resource [logback.xml] occurs at [jar:file:/root/flamestream/lib/flamestream-runtime-1.0-SNAPSHOT.jar!/logback.xml]
07:58:01,549 |-WARN in ch.qos.logback.classic.LoggerContext[default] - Resource [logback.xml] occurs at [jar:file:/root/flamestream/flamestream-runtime-1.0-SNAPSHOT.jar!/logback.xml]
07:58:01,571 |-INFO in ch.qos.logback.core.joran.spi.ConfigurationWatchList@3fb6a447 - URL [jar:file:/root/flamestream/lib/flamestream-runtime-1.0-SNAPSHOT.jar!/logback.xml] is not of type file
07:58:01,645 |-INFO in ch.qos.logback.classic.joran.action.ConfigurationAction - debug attribute not set
07:58:01,646 |-INFO in ch.qos.logback.core.joran.action.AppenderAction - About to instantiate appender of type [ch.qos.logback.core.ConsoleAppender]
07:58:01,666 |-INFO in ch.qos.logback.core.joran.action.AppenderAction - Naming appender as [STDOUT]
07:58:01,678 |-INFO in ch.qos.logback.core.joran.action.NestedComplexPropertyIA - Assuming default type [ch.qos.logback.classic.encoder.PatternLayoutEncoder] for [encoder] property
07:58:01,777 |-INFO in ch.qos.logback.core.joran.action.AppenderAction - About to instantiate appender of type [ch.qos.logback.core.rolling.RollingFileAppender]
07:58:01,786 |-INFO in ch.qos.logback.core.joran.action.AppenderAction - Naming appender as [FILE]
07:58:01,817 |-INFO in c.q.l.core.rolling.TimeBasedRollingPolicy@127618319 - No compression will be used
07:58:01,818 |-INFO in c.q.l.core.rolling.TimeBasedRollingPolicy@127618319 - Will use the pattern /tmp/application_%d{yyyy-MM-dd}.%i.log for the active file
07:58:01,821 |-INFO in ch.qos.logback.core.rolling.SizeAndTimeBasedFNATP@6b2fad11 - The date pattern is 'yyyy-MM-dd' from file name pattern '/tmp/application_%d{yyyy-MM-dd}.%i.log'.
07:58:01,821 |-INFO in ch.qos.logback.core.rolling.SizeAndTimeBasedFNATP@6b2fad11 - Roll-over at midnight.
07:58:01,827 |-INFO in ch.qos.logback.core.rolling.SizeAndTimeBasedFNATP@6b2fad11 - Setting initial period to Tue Jun 11 07:56:47 UTC 2019
07:58:01,827 |-WARN in ch.qos.logback.core.rolling.SizeAndTimeBasedFNATP@6b2fad11 - SizeAndTimeBasedFNATP is deprecated. Use SizeAndTimeBasedRollingPolicy instead
07:58:01,827 |-WARN in ch.qos.logback.core.rolling.SizeAndTimeBasedFNATP@6b2fad11 - For more information see http://logback.qos.ch/manual/appenders.html#SizeAndTimeBasedRollingPolicy
07:58:01,831 |-INFO in ch.qos.logback.core.joran.action.NestedComplexPropertyIA - Assuming default type [ch.qos.logback.classic.encoder.PatternLayoutEncoder] for [encoder] property
07:58:01,836 |-INFO in ch.qos.logback.core.rolling.RollingFileAppender[FILE] - Active log file name: /tmp/application.log
07:58:01,836 |-INFO in ch.qos.logback.core.rolling.RollingFileAppender[FILE] - File property is set to [/tmp/application.log]
07:58:01,837 |-INFO in ch.qos.logback.classic.joran.action.RootLoggerAction - Setting level of ROOT logger to WARN
07:58:01,837 |-INFO in ch.qos.logback.core.joran.action.AppenderRefAction - Attaching appender named [STDOUT] to Logger[ROOT]
07:58:01,839 |-INFO in ch.qos.logback.core.joran.action.AppenderRefAction - Attaching appender named [FILE] to Logger[ROOT]
07:58:01,839 |-INFO in ch.qos.logback.classic.joran.action.ConfigurationAction - End of configuration.
07:58:01,840 |-INFO in ch.qos.logback.classic.joran.JoranConfigurator@79698539 - Registering current configuration as safe fallback point

Ama winner
Ama winner
2019-06-11T07:58:03.503+0000: 2.145: [Full GC (Metadata GC Threshold) 2019-06-11T07:58:03.503+0000: 2.145: [Tenured: 0K->15144K(341376K), 0.0414147 secs] 117718K->15144K(494976K), [Metaspace: 20730K->20730K(1067008K)], 0.0414876 secs] [Times: user=0.03 sys=0.01, real=0.04 secs] 
07:58:20.411 [Curator-PathChildrenCache-1] WARN  o.a.c.u.ZKPaths  - The version of ZooKeeper being used doesn't support Container nodes. CreateMode.PERSISTENT will be used instead.
2019-06-11T07:58:22.715+0000: 21.357: [GC (Allocation Failure) 2019-06-11T07:58:22.715+0000: 21.357: [DefNew: 136576K->17024K(153600K), 0.0266471 secs] 151720K->52687K(494976K), 0.0267332 secs] [Times: user=0.02 sys=0.00, real=0.03 secs] 
2019-06-11T07:58:23.869+0000: 22.511: [Full GC (Metadata GC Threshold) 2019-06-11T07:58:23.869+0000: 22.511: [Tenured: 35663K->44299K(341376K), 0.0422019 secs] 89783K->44299K(494976K), [Metaspace: 34569K->34569K(1079296K)], 0.0422738 secs] [Times: user=0.04 sys=0.00, real=0.04 secs] 
2019-06-11T07:58:28.767+0000: 27.410: [GC (Allocation Failure) 2019-06-11T07:58:28.767+0000: 27.410: [DefNew: 136576K->92K(153600K), 0.0019703 secs] 180875K->44391K(494976K), 0.0020287 secs] [Times: user=0.00 sys=0.00, real=0.00 secs] 
2019-06-11T07:58:33.650+0000: 32.292: [GC (Allocation Failure) 2019-06-11T07:58:33.650+0000: 32.292: [DefNew: 136668K->96K(153600K), 0.0018274 secs] 180967K->44395K(494976K), 0.0018832 secs] [Times: user=0.01 sys=0.00, real=0.00 secs] 
2019-06-11T07:58:38.569+0000: 37.211: [GC (Allocation Failure) 2019-06-11T07:58:38.569+0000: 37.211: [DefNew: 136672K->96K(153600K), 0.0018602 secs] 180971K->44395K(494976K), 0.0019206 secs] [Times: user=0.00 sys=0.00, real=0.00 secs] 
2019-06-11T07:58:43.523+0000: 42.166: [GC (Allocation Failure) 2019-06-11T07:58:43.523+0000: 42.166: [DefNew: 136672K->97K(153600K), 0.0019036 secs] 180971K->44397K(494976K), 0.0019619 secs] [Times: user=0.00 sys=0.00, real=0.01 secs] 
2019-06-11T07:58:54.837+0000: 53.480: [GC (Allocation Failure) 2019-06-11T07:58:54.837+0000: 53.480: [DefNew: 136673K->79K(153600K), 0.0018319 secs] 180973K->44378K(494976K), 0.0018968 secs] [Times: user=0.01 sys=0.00, real=0.00 secs] 
07:58:57.016 [Curator-PathChildrenCache-0] ERROR o.a.c.f.r.c.PathChildrenCache  - 
java.lang.IllegalStateException: instance must be started before calling this method
	at org.apache.curator.shaded.com.google.common.base.Preconditions.checkState(Preconditions.java:444)
	at org.apache.curator.framework.imps.CuratorFrameworkImpl.getChildren(CuratorFrameworkImpl.java:456)
	at org.apache.curator.framework.recipes.cache.PathChildrenCache.refresh(PathChildrenCache.java:521)
	at org.apache.curator.framework.recipes.cache.RefreshOperation.invoke(RefreshOperation.java:35)
	at org.apache.curator.framework.recipes.cache.PathChildrenCache$9.run(PathChildrenCache.java:786)
	at java.util.concurrent.Executors$RunnableAdapter.call(Executors.java:511)
	at java.util.concurrent.FutureTask.run(FutureTask.java:266)
	at java.util.concurrent.Executors$RunnableAdapter.call(Executors.java:511)
	at java.util.concurrent.FutureTask.run(FutureTask.java:266)
	at java.util.concurrent.ThreadPoolExecutor.runWorker(ThreadPoolExecutor.java:1149)
	at java.util.concurrent.ThreadPoolExecutor$Worker.run(ThreadPoolExecutor.java:624)
	at java.lang.Thread.run(Thread.java:748)
Heap
 def new generation   total 153600K, used 31306K [0x00000000e0c00000, 0x00000000eb2a0000, 0x00000000eb2a0000)
  eden space 136576K,  22% used [0x00000000e0c00000, 0x00000000e2a7ee48, 0x00000000e9160000)
  from space 17024K,   0% used [0x00000000e9160000, 0x00000000e9173d98, 0x00000000ea200000)
  to   space 17024K,   0% used [0x00000000ea200000, 0x00000000ea200000, 0x00000000eb2a0000)
 tenured generation   total 341376K, used 44299K [0x00000000eb2a0000, 0x0000000100000000, 0x0000000100000000)
   the space 341376K,  12% used [0x00000000eb2a0000, 0x00000000edde2c20, 0x00000000edde2e00, 0x0000000100000000)
 Metaspace       used 35788K, capacity 36718K, committed 36864K, reserved 1081344K
  class space    used 4831K, capacity 5055K, committed 5120K, reserved 1048576K
