19:21:59,468 |-INFO in ch.qos.logback.classic.LoggerContext[default] - Could NOT find resource [logback-test.xml]
19:21:59,468 |-INFO in ch.qos.logback.classic.LoggerContext[default] - Could NOT find resource [logback.groovy]
19:21:59,469 |-INFO in ch.qos.logback.classic.LoggerContext[default] - Found resource [logback.xml] at [jar:file:/root/flamestream/lib/flamestream-runtime-1.0-SNAPSHOT.jar!/logback.xml]
19:21:59,470 |-WARN in ch.qos.logback.classic.LoggerContext[default] - Resource [logback.xml] occurs multiple times on the classpath.
19:21:59,470 |-WARN in ch.qos.logback.classic.LoggerContext[default] - Resource [logback.xml] occurs at [jar:file:/root/flamestream/lib/flamestream-runtime-1.0-SNAPSHOT.jar!/logback.xml]
19:21:59,470 |-WARN in ch.qos.logback.classic.LoggerContext[default] - Resource [logback.xml] occurs at [jar:file:/root/flamestream/flamestream-runtime-1.0-SNAPSHOT.jar!/logback.xml]
19:21:59,489 |-INFO in ch.qos.logback.core.joran.spi.ConfigurationWatchList@3fb6a447 - URL [jar:file:/root/flamestream/lib/flamestream-runtime-1.0-SNAPSHOT.jar!/logback.xml] is not of type file
19:21:59,562 |-INFO in ch.qos.logback.classic.joran.action.ConfigurationAction - debug attribute not set
19:21:59,563 |-INFO in ch.qos.logback.core.joran.action.AppenderAction - About to instantiate appender of type [ch.qos.logback.core.ConsoleAppender]
19:21:59,576 |-INFO in ch.qos.logback.core.joran.action.AppenderAction - Naming appender as [STDOUT]
19:21:59,593 |-INFO in ch.qos.logback.core.joran.action.NestedComplexPropertyIA - Assuming default type [ch.qos.logback.classic.encoder.PatternLayoutEncoder] for [encoder] property
19:21:59,677 |-INFO in ch.qos.logback.core.joran.action.AppenderAction - About to instantiate appender of type [ch.qos.logback.core.rolling.RollingFileAppender]
19:21:59,682 |-INFO in ch.qos.logback.core.joran.action.AppenderAction - Naming appender as [FILE]
19:21:59,713 |-INFO in c.q.l.core.rolling.TimeBasedRollingPolicy@127618319 - No compression will be used
19:21:59,715 |-INFO in c.q.l.core.rolling.TimeBasedRollingPolicy@127618319 - Will use the pattern /tmp/application_%d{yyyy-MM-dd}.%i.log for the active file
19:21:59,718 |-INFO in ch.qos.logback.core.rolling.SizeAndTimeBasedFNATP@6b2fad11 - The date pattern is 'yyyy-MM-dd' from file name pattern '/tmp/application_%d{yyyy-MM-dd}.%i.log'.
19:21:59,718 |-INFO in ch.qos.logback.core.rolling.SizeAndTimeBasedFNATP@6b2fad11 - Roll-over at midnight.
19:21:59,723 |-INFO in ch.qos.logback.core.rolling.SizeAndTimeBasedFNATP@6b2fad11 - Setting initial period to Tue Jun 11 19:20:50 UTC 2019
19:21:59,723 |-WARN in ch.qos.logback.core.rolling.SizeAndTimeBasedFNATP@6b2fad11 - SizeAndTimeBasedFNATP is deprecated. Use SizeAndTimeBasedRollingPolicy instead
19:21:59,723 |-WARN in ch.qos.logback.core.rolling.SizeAndTimeBasedFNATP@6b2fad11 - For more information see http://logback.qos.ch/manual/appenders.html#SizeAndTimeBasedRollingPolicy
19:21:59,727 |-INFO in ch.qos.logback.core.joran.action.NestedComplexPropertyIA - Assuming default type [ch.qos.logback.classic.encoder.PatternLayoutEncoder] for [encoder] property
19:21:59,732 |-INFO in ch.qos.logback.core.rolling.RollingFileAppender[FILE] - Active log file name: /tmp/application.log
19:21:59,732 |-INFO in ch.qos.logback.core.rolling.RollingFileAppender[FILE] - File property is set to [/tmp/application.log]
19:21:59,733 |-INFO in ch.qos.logback.classic.joran.action.RootLoggerAction - Setting level of ROOT logger to WARN
19:21:59,733 |-INFO in ch.qos.logback.core.joran.action.AppenderRefAction - Attaching appender named [STDOUT] to Logger[ROOT]
19:21:59,735 |-INFO in ch.qos.logback.core.joran.action.AppenderRefAction - Attaching appender named [FILE] to Logger[ROOT]
19:21:59,735 |-INFO in ch.qos.logback.classic.joran.action.ConfigurationAction - End of configuration.
19:21:59,735 |-INFO in ch.qos.logback.classic.joran.JoranConfigurator@79698539 - Registering current configuration as safe fallback point

Ama winner
Ama winner
2019-06-11T19:22:01.606+0000: 2.323: [Full GC (Metadata GC Threshold) 2019-06-11T19:22:01.606+0000: 2.323: [Tenured: 0K->15176K(341376K), 0.0406067 secs] 120483K->15176K(494976K), [Metaspace: 20737K->20737K(1067008K)], 0.0406766 secs] [Times: user=0.04 sys=0.00, real=0.04 secs] 
19:22:13.180 [Curator-PathChildrenCache-2] WARN  o.a.c.u.ZKPaths  - The version of ZooKeeper being used doesn't support Container nodes. CreateMode.PERSISTENT will be used instead.
2019-06-11T19:22:15.302+0000: 16.019: [GC (Allocation Failure) 2019-06-11T19:22:15.302+0000: 16.019: [DefNew: 136576K->14899K(153600K), 0.0259680 secs] 151752K->49606K(494976K), 0.0260379 secs] [Times: user=0.02 sys=0.00, real=0.03 secs] 
2019-06-11T19:22:16.433+0000: 17.151: [Full GC (Metadata GC Threshold) 2019-06-11T19:22:16.433+0000: 17.151: [Tenured: 34707K->39871K(341376K), 0.0378320 secs] 87250K->39871K(494976K), [Metaspace: 34436K->34436K(1079296K)], 0.0379166 secs] [Times: user=0.03 sys=0.00, real=0.03 secs] 
2019-06-11T19:22:19.900+0000: 20.617: [GC (Allocation Failure) 2019-06-11T19:22:19.900+0000: 20.617: [DefNew: 136576K->49K(153600K), 0.0016060 secs] 176447K->39921K(494976K), 0.0016645 secs] [Times: user=0.00 sys=0.00, real=0.00 secs] 
2019-06-11T19:22:25.353+0000: 26.070: [GC (Allocation Failure) 2019-06-11T19:22:25.353+0000: 26.070: [DefNew: 136625K->61K(153600K), 0.0014813 secs] 176497K->39933K(494976K), 0.0015546 secs] [Times: user=0.00 sys=0.00, real=0.01 secs] 
2019-06-11T19:22:30.937+0000: 31.654: [GC (Allocation Failure) 2019-06-11T19:22:30.937+0000: 31.654: [DefNew: 136637K->65K(153600K), 0.0015435 secs] 176509K->39936K(494976K), 0.0016174 secs] [Times: user=0.00 sys=0.00, real=0.00 secs] 
2019-06-11T19:22:36.580+0000: 37.297: [GC (Allocation Failure) 2019-06-11T19:22:36.580+0000: 37.297: [DefNew: 136641K->60K(153600K), 0.0015234 secs] 176512K->39931K(494976K), 0.0015908 secs] [Times: user=0.00 sys=0.00, real=0.00 secs] 
2019-06-11T19:22:42.254+0000: 42.971: [GC (Allocation Failure) 2019-06-11T19:22:42.254+0000: 42.971: [DefNew: 136636K->62K(153600K), 0.0015343 secs] 176507K->39933K(494976K), 0.0015952 secs] [Times: user=0.00 sys=0.00, real=0.00 secs] 
2019-06-11T19:22:47.955+0000: 48.672: [GC (Allocation Failure) 2019-06-11T19:22:47.955+0000: 48.672: [DefNew: 136638K->61K(153600K), 0.0014957 secs] 176509K->39933K(494976K), 0.0015569 secs] [Times: user=0.00 sys=0.00, real=0.00 secs] 
2019-06-11T19:22:53.632+0000: 54.349: [GC (Allocation Failure) 2019-06-11T19:22:53.632+0000: 54.349: [DefNew: 136637K->65K(153600K), 0.0015119 secs] 176509K->39937K(494976K), 0.0015726 secs] [Times: user=0.00 sys=0.00, real=0.00 secs] 
2019-06-11T19:22:59.276+0000: 59.993: [GC (Allocation Failure) 2019-06-11T19:22:59.276+0000: 59.993: [DefNew: 136641K->66K(153600K), 0.0015719 secs] 176513K->39938K(494976K), 0.0016355 secs] [Times: user=0.00 sys=0.00, real=0.00 secs] 
2019-06-11T19:23:07.705+0000: 68.422: [GC (Allocation Failure) 2019-06-11T19:23:07.705+0000: 68.422: [DefNew: 136642K->365K(153600K), 0.0019551 secs] 176514K->40236K(494976K), 0.0020211 secs] [Times: user=0.01 sys=0.00, real=0.01 secs] 
19:23:12.692 [Curator-PathChildrenCache-0] ERROR o.a.c.f.r.c.PathChildrenCache  - 
java.lang.IllegalStateException: instance must be started before calling this method
	at org.apache.curator.shaded.com.google.common.base.Preconditions.checkState(Preconditions.java:444)
	at org.apache.curator.framework.imps.CuratorFrameworkImpl.getChildren(CuratorFrameworkImpl.java:456)
	at org.apache.curator.framework.recipes.cache.PathChildrenCache.refresh(PathChildrenCache.java:521)
	at org.apache.curator.framework.recipes.cache.RefreshOperation.invoke(RefreshOperation.java:35)
	at org.apache.curator.framework.recipes.cache.PathChildrenCache$9.run(PathChildrenCache.java:786)
	at java.util.concurrent.Executors$RunnableAdapter.call(Executors.java:511)
	at java.util.concurrent.FutureTask.run(FutureTask.java:266)
	at java.util.concurrent.Executors$RunnableAdapter.call(Executors.java:511)
	at java.util.concurrent.FutureTask.run(FutureTask.java:266)
	at java.util.concurrent.ThreadPoolExecutor.runWorker(ThreadPoolExecutor.java:1149)
	at java.util.concurrent.ThreadPoolExecutor$Worker.run(ThreadPoolExecutor.java:624)
	at java.lang.Thread.run(Thread.java:748)
Heap
 def new generation   total 153600K, used 18912K [0x00000000e0c00000, 0x00000000eb2a0000, 0x00000000eb2a0000)
  eden space 136576K,  13% used [0x00000000e0c00000, 0x00000000e1e1cb20, 0x00000000e9160000)
  from space 17024K,   2% used [0x00000000e9160000, 0x00000000e91bb5d0, 0x00000000ea200000)
  to   space 17024K,   0% used [0x00000000ea200000, 0x00000000ea200000, 0x00000000eb2a0000)
 tenured generation   total 341376K, used 39871K [0x00000000eb2a0000, 0x0000000100000000, 0x0000000100000000)
   the space 341376K,  11% used [0x00000000eb2a0000, 0x00000000ed98fde0, 0x00000000ed98fe00, 0x0000000100000000)
 Metaspace       used 35803K, capacity 36738K, committed 36864K, reserved 1081344K
  class space    used 4893K, capacity 5113K, committed 5120K, reserved 1048576K
