16:46:32,977 |-INFO in ch.qos.logback.classic.LoggerContext[default] - Could NOT find resource [logback-test.xml]
16:46:32,977 |-INFO in ch.qos.logback.classic.LoggerContext[default] - Could NOT find resource [logback.groovy]
16:46:32,978 |-INFO in ch.qos.logback.classic.LoggerContext[default] - Found resource [logback.xml] at [jar:file:/root/flamestream/lib/flamestream-runtime-1.0-SNAPSHOT.jar!/logback.xml]
16:46:32,979 |-WARN in ch.qos.logback.classic.LoggerContext[default] - Resource [logback.xml] occurs multiple times on the classpath.
16:46:32,979 |-WARN in ch.qos.logback.classic.LoggerContext[default] - Resource [logback.xml] occurs at [jar:file:/root/flamestream/lib/flamestream-runtime-1.0-SNAPSHOT.jar!/logback.xml]
16:46:32,979 |-WARN in ch.qos.logback.classic.LoggerContext[default] - Resource [logback.xml] occurs at [jar:file:/root/flamestream/flamestream-runtime-1.0-SNAPSHOT.jar!/logback.xml]
16:46:32,999 |-INFO in ch.qos.logback.core.joran.spi.ConfigurationWatchList@3fb6a447 - URL [jar:file:/root/flamestream/lib/flamestream-runtime-1.0-SNAPSHOT.jar!/logback.xml] is not of type file
16:46:33,068 |-INFO in ch.qos.logback.classic.joran.action.ConfigurationAction - debug attribute not set
16:46:33,069 |-INFO in ch.qos.logback.core.joran.action.AppenderAction - About to instantiate appender of type [ch.qos.logback.core.ConsoleAppender]
16:46:33,091 |-INFO in ch.qos.logback.core.joran.action.AppenderAction - Naming appender as [STDOUT]
16:46:33,102 |-INFO in ch.qos.logback.core.joran.action.NestedComplexPropertyIA - Assuming default type [ch.qos.logback.classic.encoder.PatternLayoutEncoder] for [encoder] property
16:46:33,199 |-INFO in ch.qos.logback.core.joran.action.AppenderAction - About to instantiate appender of type [ch.qos.logback.core.rolling.RollingFileAppender]
16:46:33,204 |-INFO in ch.qos.logback.core.joran.action.AppenderAction - Naming appender as [FILE]
16:46:33,235 |-INFO in c.q.l.core.rolling.TimeBasedRollingPolicy@127618319 - No compression will be used
16:46:33,236 |-INFO in c.q.l.core.rolling.TimeBasedRollingPolicy@127618319 - Will use the pattern /tmp/application_%d{yyyy-MM-dd}.%i.log for the active file
16:46:33,239 |-INFO in ch.qos.logback.core.rolling.SizeAndTimeBasedFNATP@6b2fad11 - The date pattern is 'yyyy-MM-dd' from file name pattern '/tmp/application_%d{yyyy-MM-dd}.%i.log'.
16:46:33,239 |-INFO in ch.qos.logback.core.rolling.SizeAndTimeBasedFNATP@6b2fad11 - Roll-over at midnight.
16:46:33,244 |-INFO in ch.qos.logback.core.rolling.SizeAndTimeBasedFNATP@6b2fad11 - Setting initial period to Mon Jun 10 16:45:00 UTC 2019
16:46:33,244 |-WARN in ch.qos.logback.core.rolling.SizeAndTimeBasedFNATP@6b2fad11 - SizeAndTimeBasedFNATP is deprecated. Use SizeAndTimeBasedRollingPolicy instead
16:46:33,244 |-WARN in ch.qos.logback.core.rolling.SizeAndTimeBasedFNATP@6b2fad11 - For more information see http://logback.qos.ch/manual/appenders.html#SizeAndTimeBasedRollingPolicy
16:46:33,248 |-INFO in ch.qos.logback.core.joran.action.NestedComplexPropertyIA - Assuming default type [ch.qos.logback.classic.encoder.PatternLayoutEncoder] for [encoder] property
16:46:33,253 |-INFO in ch.qos.logback.core.rolling.RollingFileAppender[FILE] - Active log file name: /tmp/application.log
16:46:33,253 |-INFO in ch.qos.logback.core.rolling.RollingFileAppender[FILE] - File property is set to [/tmp/application.log]
16:46:33,254 |-INFO in ch.qos.logback.classic.joran.action.RootLoggerAction - Setting level of ROOT logger to WARN
16:46:33,254 |-INFO in ch.qos.logback.core.joran.action.AppenderRefAction - Attaching appender named [STDOUT] to Logger[ROOT]
16:46:33,256 |-INFO in ch.qos.logback.core.joran.action.AppenderRefAction - Attaching appender named [FILE] to Logger[ROOT]
16:46:33,256 |-INFO in ch.qos.logback.classic.joran.action.ConfigurationAction - End of configuration.
16:46:33,256 |-INFO in ch.qos.logback.classic.joran.JoranConfigurator@79698539 - Registering current configuration as safe fallback point

Ama winner
Ama winner
2019-06-10T16:46:34.880+0000: 2.089: [Full GC (Metadata GC Threshold) 2019-06-10T16:46:34.880+0000: 2.089: [Tenured: 0K->15240K(341376K), 0.0396930 secs] 117719K->15240K(494976K), [Metaspace: 20738K->20738K(1067008K)], 0.0397602 secs] [Times: user=0.03 sys=0.01, real=0.04 secs] 
16:46:55.836 [Curator-PathChildrenCache-1] WARN  o.a.c.u.ZKPaths  - The version of ZooKeeper being used doesn't support Container nodes. CreateMode.PERSISTENT will be used instead.
2019-06-10T16:46:58.240+0000: 25.449: [GC (Allocation Failure) 2019-06-10T16:46:58.241+0000: 25.449: [DefNew: 136576K->17023K(153600K), 0.0259195 secs] 151816K->52738K(494976K), 0.0259915 secs] [Times: user=0.02 sys=0.01, real=0.03 secs] 
2019-06-10T16:46:59.445+0000: 26.653: [Full GC (Metadata GC Threshold) 2019-06-10T16:46:59.445+0000: 26.653: [Tenured: 35714K->44255K(341376K), 0.0581542 secs] 77043K->44255K(494976K), [Metaspace: 34571K->34571K(1079296K)], 0.0582288 secs] [Times: user=0.06 sys=0.00, real=0.06 secs] 
2019-06-10T16:47:06.796+0000: 34.004: [GC (Allocation Failure) 2019-06-10T16:47:06.796+0000: 34.004: [DefNew: 136576K->64K(153600K), 0.0019159 secs] 180831K->44320K(494976K), 0.0019815 secs] [Times: user=0.00 sys=0.00, real=0.00 secs] 
2019-06-10T16:47:14.023+0000: 41.231: [GC (Allocation Failure) 2019-06-10T16:47:14.023+0000: 41.231: [DefNew: 136640K->134K(153600K), 0.0017347 secs] 180896K->44390K(494976K), 0.0017983 secs] [Times: user=0.00 sys=0.00, real=0.00 secs] 
2019-06-10T16:47:21.148+0000: 48.357: [GC (Allocation Failure) 2019-06-10T16:47:21.148+0000: 48.357: [DefNew: 136710K->130K(153600K), 0.0017597 secs] 180966K->44386K(494976K), 0.0018226 secs] [Times: user=0.00 sys=0.00, real=0.00 secs] 
2019-06-10T16:47:28.320+0000: 55.529: [GC (Allocation Failure) 2019-06-10T16:47:28.320+0000: 55.529: [DefNew: 136706K->136K(153600K), 0.0018689 secs] 180962K->44392K(494976K), 0.0019299 secs] [Times: user=0.00 sys=0.00, real=0.00 secs] 
2019-06-10T16:47:35.640+0000: 62.849: [GC (Allocation Failure) 2019-06-10T16:47:35.640+0000: 62.849: [DefNew: 136712K->481K(153600K), 0.0023517 secs] 180968K->44737K(494976K), 0.0024117 secs] [Times: user=0.00 sys=0.00, real=0.01 secs] 
16:47:55.488 [Curator-PathChildrenCache-0] ERROR o.a.c.f.r.c.PathChildrenCache  - 
java.lang.IllegalStateException: instance must be started before calling this method
	at org.apache.curator.shaded.com.google.common.base.Preconditions.checkState(Preconditions.java:444)
	at org.apache.curator.framework.imps.CuratorFrameworkImpl.getChildren(CuratorFrameworkImpl.java:456)
	at org.apache.curator.framework.recipes.cache.PathChildrenCache.refresh(PathChildrenCache.java:521)
	at org.apache.curator.framework.recipes.cache.RefreshOperation.invoke(RefreshOperation.java:35)
	at org.apache.curator.framework.recipes.cache.PathChildrenCache$9.run(PathChildrenCache.java:786)
	at java.util.concurrent.Executors$RunnableAdapter.call(Executors.java:511)
	at java.util.concurrent.FutureTask.run(FutureTask.java:266)
	at java.util.concurrent.Executors$RunnableAdapter.call(Executors.java:511)
	at java.util.concurrent.FutureTask.run(FutureTask.java:266)
	at java.util.concurrent.ThreadPoolExecutor.runWorker(ThreadPoolExecutor.java:1149)
	at java.util.concurrent.ThreadPoolExecutor$Worker.run(ThreadPoolExecutor.java:624)
	at java.lang.Thread.run(Thread.java:748)
Heap
 def new generation   total 153600K, used 117969K [0x00000000e0c00000, 0x00000000eb2a0000, 0x00000000eb2a0000)
  eden space 136576K,  86% used [0x00000000e0c00000, 0x00000000e7ebbf10, 0x00000000e9160000)
  from space 17024K,   2% used [0x00000000e9160000, 0x00000000e91d8528, 0x00000000ea200000)
  to   space 17024K,   0% used [0x00000000ea200000, 0x00000000ea200000, 0x00000000eb2a0000)
 tenured generation   total 341376K, used 44255K [0x00000000eb2a0000, 0x0000000100000000, 0x0000000100000000)
   the space 341376K,  12% used [0x00000000eb2a0000, 0x00000000eddd7fe8, 0x00000000eddd8000, 0x0000000100000000)
 Metaspace       used 36090K, capacity 36998K, committed 37120K, reserved 1081344K
  class space    used 4869K, capacity 5075K, committed 5120K, reserved 1048576K
