11:53:58,495 |-INFO in ch.qos.logback.classic.LoggerContext[default] - Could NOT find resource [logback-test.xml]
11:53:58,495 |-INFO in ch.qos.logback.classic.LoggerContext[default] - Could NOT find resource [logback.groovy]
11:53:58,495 |-INFO in ch.qos.logback.classic.LoggerContext[default] - Found resource [logback.xml] at [jar:file:/home/nikitasokolov/flamestream/lib/flamestream-runtime-1.0-SNAPSHOT.jar!/logback.xml]
11:53:58,496 |-WARN in ch.qos.logback.classic.LoggerContext[default] - Resource [logback.xml] occurs multiple times on the classpath.
11:53:58,496 |-WARN in ch.qos.logback.classic.LoggerContext[default] - Resource [logback.xml] occurs at [jar:file:/home/nikitasokolov/flamestream/lib/flamestream-runtime-1.0-SNAPSHOT.jar!/logback.xml]
11:53:58,496 |-WARN in ch.qos.logback.classic.LoggerContext[default] - Resource [logback.xml] occurs at [jar:file:/home/nikitasokolov/flamestream/flamestream-runtime-1.0-SNAPSHOT.jar!/logback.xml]
11:53:58,512 |-INFO in ch.qos.logback.core.joran.spi.ConfigurationWatchList@6108b2d7 - URL [jar:file:/home/nikitasokolov/flamestream/lib/flamestream-runtime-1.0-SNAPSHOT.jar!/logback.xml] is not of type file
11:53:58,562 |-INFO in ch.qos.logback.classic.joran.action.ConfigurationAction - debug attribute not set
11:53:58,563 |-INFO in ch.qos.logback.core.joran.action.AppenderAction - About to instantiate appender of type [ch.qos.logback.core.ConsoleAppender]
11:53:58,574 |-INFO in ch.qos.logback.core.joran.action.AppenderAction - Naming appender as [STDOUT]
11:53:58,584 |-INFO in ch.qos.logback.core.joran.action.NestedComplexPropertyIA - Assuming default type [ch.qos.logback.classic.encoder.PatternLayoutEncoder] for [encoder] property
11:53:58,643 |-INFO in ch.qos.logback.core.joran.action.AppenderAction - About to instantiate appender of type [ch.qos.logback.core.rolling.RollingFileAppender]
11:53:58,649 |-INFO in ch.qos.logback.core.joran.action.AppenderAction - Naming appender as [FILE]
11:53:58,670 |-INFO in c.q.l.core.rolling.TimeBasedRollingPolicy@357863579 - No compression will be used
11:53:58,671 |-INFO in c.q.l.core.rolling.TimeBasedRollingPolicy@357863579 - Will use the pattern /tmp/application_%d{yyyy-MM-dd}.%i.log for the active file
11:53:58,674 |-INFO in ch.qos.logback.core.rolling.SizeAndTimeBasedFNATP@6bf256fa - The date pattern is 'yyyy-MM-dd' from file name pattern '/tmp/application_%d{yyyy-MM-dd}.%i.log'.
11:53:58,674 |-INFO in ch.qos.logback.core.rolling.SizeAndTimeBasedFNATP@6bf256fa - Roll-over at midnight.
11:53:58,678 |-INFO in ch.qos.logback.core.rolling.SizeAndTimeBasedFNATP@6bf256fa - Setting initial period to Sun Jun 09 11:53:15 MSK 2019
11:53:58,678 |-WARN in ch.qos.logback.core.rolling.SizeAndTimeBasedFNATP@6bf256fa - SizeAndTimeBasedFNATP is deprecated. Use SizeAndTimeBasedRollingPolicy instead
11:53:58,678 |-WARN in ch.qos.logback.core.rolling.SizeAndTimeBasedFNATP@6bf256fa - For more information see http://logback.qos.ch/manual/appenders.html#SizeAndTimeBasedRollingPolicy
11:53:58,682 |-INFO in ch.qos.logback.core.joran.action.NestedComplexPropertyIA - Assuming default type [ch.qos.logback.classic.encoder.PatternLayoutEncoder] for [encoder] property
11:53:58,684 |-INFO in ch.qos.logback.core.rolling.RollingFileAppender[FILE] - Active log file name: /tmp/application.log
11:53:58,684 |-INFO in ch.qos.logback.core.rolling.RollingFileAppender[FILE] - File property is set to [/tmp/application.log]
11:53:58,685 |-INFO in ch.qos.logback.classic.joran.action.RootLoggerAction - Setting level of ROOT logger to WARN
11:53:58,686 |-INFO in ch.qos.logback.core.joran.action.AppenderRefAction - Attaching appender named [STDOUT] to Logger[ROOT]
11:53:58,686 |-INFO in ch.qos.logback.core.joran.action.AppenderRefAction - Attaching appender named [FILE] to Logger[ROOT]
11:53:58,686 |-INFO in ch.qos.logback.classic.joran.action.ConfigurationAction - End of configuration.
11:53:58,687 |-INFO in ch.qos.logback.classic.joran.JoranConfigurator@6cd8737 - Registering current configuration as safe fallback point

2019-06-09T11:53:59.698+0300: 1.404: [GC (Metadata GC Threshold) [PSYoungGen: 110722K->15926K(149504K)] 110722K->16006K(491008K), 0.0230609 secs] [Times: user=0.06 sys=0.05, real=0.02 secs] 
2019-06-09T11:53:59.721+0300: 1.427: [Full GC (Metadata GC Threshold) [PSYoungGen: 15926K->0K(149504K)] [ParOldGen: 80K->15078K(341504K)] 16006K->15078K(491008K), [Metaspace: 20802K->20802K(1067008K)], 0.0282947 secs] [Times: user=0.16 sys=0.02, real=0.03 secs] 
11:54:11.018 [Curator-PathChildrenCache-1] WARN  o.a.c.u.ZKPaths  - The version of ZooKeeper being used doesn't support Container nodes. CreateMode.PERSISTENT will be used instead.
2019-06-09T11:54:11.902+0300: 13.608: [GC (Metadata GC Threshold) [PSYoungGen: 124515K->15890K(149504K)] 139594K->50507K(491008K), 0.0327945 secs] [Times: user=0.29 sys=0.01, real=0.03 secs] 
2019-06-09T11:54:11.935+0300: 13.641: [Full GC (Metadata GC Threshold) [PSYoungGen: 15890K->0K(149504K)] [ParOldGen: 34617K->38995K(341504K)] 50507K->38995K(491008K), [Metaspace: 34559K->34559K(1079296K)], 0.0374730 secs] [Times: user=0.19 sys=0.01, real=0.04 secs] 
2019-06-09T11:54:13.936+0300: 15.642: [GC (Allocation Failure) [PSYoungGen: 128512K->576K(149504K)] 167507K->39579K(491008K), 0.0032771 secs] [Times: user=0.02 sys=0.00, real=0.01 secs] 
2019-06-09T11:54:16.054+0300: 17.760: [GC (Allocation Failure) [PSYoungGen: 129088K->544K(149504K)] 168091K->39555K(491008K), 0.0034495 secs] [Times: user=0.03 sys=0.01, real=0.01 secs] 
2019-06-09T11:54:18.451+0300: 20.157: [GC (Allocation Failure) [PSYoungGen: 129056K->544K(129536K)] 168067K->39563K(471040K), 0.0040721 secs] [Times: user=0.02 sys=0.00, real=0.00 secs] 
2019-06-09T11:54:20.837+0300: 22.543: [GC (Allocation Failure) [PSYoungGen: 129056K->544K(150016K)] 168075K->39571K(491520K), 0.0034510 secs] [Times: user=0.01 sys=0.00, real=0.01 secs] 
2019-06-09T11:54:22.987+0300: 24.693: [GC (Allocation Failure) [PSYoungGen: 129056K->544K(148992K)] 168083K->39571K(490496K), 0.0026970 secs] [Times: user=0.01 sys=0.00, real=0.01 secs] 
2019-06-09T11:54:25.145+0300: 26.851: [GC (Allocation Failure) [PSYoungGen: 129056K->608K(151552K)] 168083K->39643K(493056K), 0.0030111 secs] [Times: user=0.02 sys=0.00, real=0.00 secs] 
2019-06-09T11:54:27.391+0300: 29.097: [GC (Allocation Failure) [PSYoungGen: 132192K->608K(150528K)] 171227K->39643K(492032K), 0.0043028 secs] [Times: user=0.03 sys=0.00, real=0.00 secs] 
2019-06-09T11:54:29.462+0300: 31.168: [GC (Allocation Failure) [PSYoungGen: 132192K->576K(153088K)] 171227K->39619K(494592K), 0.0032482 secs] [Times: user=0.01 sys=0.00, real=0.00 secs] 
2019-06-09T11:54:31.790+0300: 33.496: [GC (Allocation Failure) [PSYoungGen: 135744K->480K(152576K)] 174787K->39531K(494080K), 0.0024685 secs] [Times: user=0.01 sys=0.00, real=0.00 secs] 
11:54:40.714 [Curator-PathChildrenCache-0] ERROR o.a.c.f.r.c.PathChildrenCache  - 
java.lang.IllegalStateException: instance must be started before calling this method
	at org.apache.curator.shaded.com.google.common.base.Preconditions.checkState(Preconditions.java:444)
	at org.apache.curator.framework.imps.CuratorFrameworkImpl.getChildren(CuratorFrameworkImpl.java:456)
	at org.apache.curator.framework.recipes.cache.PathChildrenCache.refresh(PathChildrenCache.java:521)
	at org.apache.curator.framework.recipes.cache.RefreshOperation.invoke(RefreshOperation.java:35)
	at org.apache.curator.framework.recipes.cache.PathChildrenCache$9.run(PathChildrenCache.java:786)
	at java.util.concurrent.Executors$RunnableAdapter.call(Executors.java:511)
	at java.util.concurrent.FutureTask.run(FutureTask.java:266)
	at java.util.concurrent.Executors$RunnableAdapter.call(Executors.java:511)
	at java.util.concurrent.FutureTask.run(FutureTask.java:266)
	at java.util.concurrent.ThreadPoolExecutor.runWorker(ThreadPoolExecutor.java:1149)
	at java.util.concurrent.ThreadPoolExecutor$Worker.run(ThreadPoolExecutor.java:624)
	at java.lang.Thread.run(Thread.java:748)
Heap
 PSYoungGen      total 152576K, used 125376K [0x00000000f5980000, 0x0000000100000000, 0x0000000100000000)
  eden space 135168K, 92% used [0x00000000f5980000,0x00000000fd378200,0x00000000fdd80000)
  from space 17408K, 2% used [0x00000000fdd80000,0x00000000fddf8010,0x00000000fee80000)
  to   space 16384K, 0% used [0x00000000ff000000,0x00000000ff000000,0x0000000100000000)
 ParOldGen       total 341504K, used 39051K [0x00000000e0c00000, 0x00000000f5980000, 0x00000000f5980000)
  object space 341504K, 11% used [0x00000000e0c00000,0x00000000e3222fe8,0x00000000f5980000)
 Metaspace       used 35726K, capacity 36614K, committed 36952K, reserved 1081344K
  class space    used 4935K, capacity 5129K, committed 5248K, reserved 1048576K
