08:34:02,900 |-INFO in ch.qos.logback.classic.LoggerContext[default] - Could NOT find resource [logback-test.xml]
08:34:02,900 |-INFO in ch.qos.logback.classic.LoggerContext[default] - Could NOT find resource [logback.groovy]
08:34:02,900 |-INFO in ch.qos.logback.classic.LoggerContext[default] - Found resource [logback.xml] at [jar:file:/root/flamestream/lib/flamestream-runtime-1.0-SNAPSHOT.jar!/logback.xml]
08:34:02,903 |-WARN in ch.qos.logback.classic.LoggerContext[default] - Resource [logback.xml] occurs multiple times on the classpath.
08:34:02,903 |-WARN in ch.qos.logback.classic.LoggerContext[default] - Resource [logback.xml] occurs at [jar:file:/root/flamestream/lib/flamestream-runtime-1.0-SNAPSHOT.jar!/logback.xml]
08:34:02,903 |-WARN in ch.qos.logback.classic.LoggerContext[default] - Resource [logback.xml] occurs at [jar:file:/root/flamestream/flamestream-runtime-1.0-SNAPSHOT.jar!/logback.xml]
08:34:02,923 |-INFO in ch.qos.logback.core.joran.spi.ConfigurationWatchList@3fb6a447 - URL [jar:file:/root/flamestream/lib/flamestream-runtime-1.0-SNAPSHOT.jar!/logback.xml] is not of type file
08:34:02,991 |-INFO in ch.qos.logback.classic.joran.action.ConfigurationAction - debug attribute not set
08:34:02,991 |-INFO in ch.qos.logback.core.joran.action.AppenderAction - About to instantiate appender of type [ch.qos.logback.core.ConsoleAppender]
08:34:03,008 |-INFO in ch.qos.logback.core.joran.action.AppenderAction - Naming appender as [STDOUT]
08:34:03,020 |-INFO in ch.qos.logback.core.joran.action.NestedComplexPropertyIA - Assuming default type [ch.qos.logback.classic.encoder.PatternLayoutEncoder] for [encoder] property
08:34:03,124 |-INFO in ch.qos.logback.core.joran.action.AppenderAction - About to instantiate appender of type [ch.qos.logback.core.rolling.RollingFileAppender]
08:34:03,129 |-INFO in ch.qos.logback.core.joran.action.AppenderAction - Naming appender as [FILE]
08:34:03,165 |-INFO in c.q.l.core.rolling.TimeBasedRollingPolicy@127618319 - No compression will be used
08:34:03,166 |-INFO in c.q.l.core.rolling.TimeBasedRollingPolicy@127618319 - Will use the pattern /tmp/application_%d{yyyy-MM-dd}.%i.log for the active file
08:34:03,169 |-INFO in ch.qos.logback.core.rolling.SizeAndTimeBasedFNATP@6b2fad11 - The date pattern is 'yyyy-MM-dd' from file name pattern '/tmp/application_%d{yyyy-MM-dd}.%i.log'.
08:34:03,169 |-INFO in ch.qos.logback.core.rolling.SizeAndTimeBasedFNATP@6b2fad11 - Roll-over at midnight.
08:34:03,174 |-INFO in ch.qos.logback.core.rolling.SizeAndTimeBasedFNATP@6b2fad11 - Setting initial period to Tue Jun 11 08:32:45 UTC 2019
08:34:03,174 |-WARN in ch.qos.logback.core.rolling.SizeAndTimeBasedFNATP@6b2fad11 - SizeAndTimeBasedFNATP is deprecated. Use SizeAndTimeBasedRollingPolicy instead
08:34:03,174 |-WARN in ch.qos.logback.core.rolling.SizeAndTimeBasedFNATP@6b2fad11 - For more information see http://logback.qos.ch/manual/appenders.html#SizeAndTimeBasedRollingPolicy
08:34:03,178 |-INFO in ch.qos.logback.core.joran.action.NestedComplexPropertyIA - Assuming default type [ch.qos.logback.classic.encoder.PatternLayoutEncoder] for [encoder] property
08:34:03,183 |-INFO in ch.qos.logback.core.rolling.RollingFileAppender[FILE] - Active log file name: /tmp/application.log
08:34:03,183 |-INFO in ch.qos.logback.core.rolling.RollingFileAppender[FILE] - File property is set to [/tmp/application.log]
08:34:03,184 |-INFO in ch.qos.logback.classic.joran.action.RootLoggerAction - Setting level of ROOT logger to WARN
08:34:03,184 |-INFO in ch.qos.logback.core.joran.action.AppenderRefAction - Attaching appender named [STDOUT] to Logger[ROOT]
08:34:03,186 |-INFO in ch.qos.logback.core.joran.action.AppenderRefAction - Attaching appender named [FILE] to Logger[ROOT]
08:34:03,186 |-INFO in ch.qos.logback.classic.joran.action.ConfigurationAction - End of configuration.
08:34:03,186 |-INFO in ch.qos.logback.classic.joran.JoranConfigurator@79698539 - Registering current configuration as safe fallback point

Ama winner
Ama winner
2019-06-11T08:34:04.478+0000: 1.760: [Full GC (Metadata GC Threshold) 2019-06-11T08:34:04.478+0000: 1.760: [Tenured: 0K->15143K(341376K), 0.0408126 secs] 114987K->15143K(494976K), [Metaspace: 20730K->20730K(1067008K)], 0.0408822 secs] [Times: user=0.04 sys=0.00, real=0.04 secs] 
08:34:16.624 [Curator-PathChildrenCache-2] WARN  o.a.c.u.ZKPaths  - The version of ZooKeeper being used doesn't support Container nodes. CreateMode.PERSISTENT will be used instead.
2019-06-11T08:34:20.381+0000: 17.663: [GC (Allocation Failure) 2019-06-11T08:34:20.381+0000: 17.663: [DefNew: 136576K->17024K(153600K), 0.0261384 secs] 151719K->52332K(494976K), 0.0262031 secs] [Times: user=0.02 sys=0.01, real=0.03 secs] 
2019-06-11T08:34:22.427+0000: 19.709: [Full GC (Metadata GC Threshold) 2019-06-11T08:34:22.427+0000: 19.709: [Tenured: 35308K->43373K(341376K), 0.0460561 secs] 124415K->43373K(494976K), [Metaspace: 34598K->34598K(1079296K)], 0.0461299 secs] [Times: user=0.05 sys=0.00, real=0.04 secs] 
2019-06-11T08:34:24.911+0000: 22.193: [GC (Allocation Failure) 2019-06-11T08:34:24.911+0000: 22.193: [DefNew: 136576K->2976K(153600K), 0.0096201 secs] 179949K->46349K(494976K), 0.0096844 secs] [Times: user=0.01 sys=0.00, real=0.01 secs] 
2019-06-11T08:34:27.204+0000: 24.486: [GC (Allocation Failure) 2019-06-11T08:34:27.204+0000: 24.486: [DefNew: 139552K->791K(153600K), 0.0067678 secs] 182925K->44164K(494976K), 0.0068326 secs] [Times: user=0.01 sys=0.00, real=0.01 secs] 
2019-06-11T08:34:31.117+0000: 28.399: [GC (Allocation Failure) 2019-06-11T08:34:31.117+0000: 28.399: [DefNew: 137367K->564K(153600K), 0.0027329 secs] 180740K->43937K(494976K), 0.0027967 secs] [Times: user=0.00 sys=0.00, real=0.00 secs] 
2019-06-11T08:34:35.540+0000: 32.823: [GC (Allocation Failure) 2019-06-11T08:34:35.542+0000: 32.824: [DefNew: 137140K->500K(153600K), 0.0026740 secs] 180513K->43873K(494976K), 0.0038978 secs] [Times: user=0.01 sys=0.00, real=0.01 secs] 
2019-06-11T08:34:39.663+0000: 36.945: [GC (Allocation Failure) 2019-06-11T08:34:39.663+0000: 36.945: [DefNew: 137076K->855K(153600K), 0.0034316 secs] 180449K->44228K(494976K), 0.0034941 secs] [Times: user=0.01 sys=0.00, real=0.01 secs] 
2019-06-11T08:34:43.251+0000: 40.533: [GC (Allocation Failure) 2019-06-11T08:34:43.251+0000: 40.533: [DefNew: 137431K->718K(153600K), 0.0031476 secs] 180804K->44091K(494976K), 0.0032092 secs] [Times: user=0.00 sys=0.00, real=0.00 secs] 
2019-06-11T08:34:47.865+0000: 45.147: [GC (Allocation Failure) 2019-06-11T08:34:47.865+0000: 45.147: [DefNew: 137294K->579K(153600K), 0.0027255 secs] 180667K->43952K(494976K), 0.0027855 secs] [Times: user=0.00 sys=0.00, real=0.00 secs] 
2019-06-11T08:34:52.396+0000: 49.678: [GC (Allocation Failure) 2019-06-11T08:34:52.396+0000: 49.678: [DefNew: 137155K->631K(153600K), 0.0027631 secs] 180528K->44004K(494976K), 0.0028292 secs] [Times: user=0.01 sys=0.00, real=0.01 secs] 
2019-06-11T08:34:55.587+0000: 52.869: [GC (Allocation Failure) 2019-06-11T08:34:55.587+0000: 52.869: [DefNew: 137207K->664K(153600K), 0.0026659 secs] 180580K->44037K(494976K), 0.0027249 secs] [Times: user=0.00 sys=0.00, real=0.00 secs] 
2019-06-11T08:35:00.451+0000: 57.733: [GC (Allocation Failure) 2019-06-11T08:35:00.451+0000: 57.733: [DefNew: 137240K->732K(153600K), 0.0029538 secs] 180613K->44105K(494976K), 0.0030143 secs] [Times: user=0.00 sys=0.00, real=0.00 secs] 
2019-06-11T08:35:04.411+0000: 61.693: [GC (Allocation Failure) 2019-06-11T08:35:04.411+0000: 61.693: [DefNew: 137308K->896K(153600K), 0.0032474 secs] 180681K->44269K(494976K), 0.0033053 secs] [Times: user=0.00 sys=0.01, real=0.00 secs] 
2019-06-11T08:35:08.740+0000: 66.022: [GC (Allocation Failure) 2019-06-11T08:35:08.740+0000: 66.022: [DefNew: 137472K->2034K(153600K), 0.0050088 secs] 180845K->45407K(494976K), 0.0050829 secs] [Times: user=0.01 sys=0.00, real=0.01 secs] 
2019-06-11T08:35:12.728+0000: 70.010: [GC (Allocation Failure) 2019-06-11T08:35:12.728+0000: 70.010: [DefNew: 138610K->936K(153600K), 0.0032835 secs] 181983K->44309K(494976K), 0.0033576 secs] [Times: user=0.00 sys=0.00, real=0.00 secs] 
2019-06-11T08:35:17.445+0000: 74.727: [GC (Allocation Failure) 2019-06-11T08:35:17.445+0000: 74.727: [DefNew: 137512K->1167K(153600K), 0.0035298 secs] 180885K->44540K(494976K), 0.0035901 secs] [Times: user=0.00 sys=0.01, real=0.00 secs] 
2019-06-11T08:35:21.181+0000: 78.463: [GC (Allocation Failure) 2019-06-11T08:35:21.181+0000: 78.463: [DefNew: 137743K->1028K(153600K), 0.0032957 secs] 181116K->44401K(494976K), 0.0033533 secs] [Times: user=0.00 sys=0.00, real=0.01 secs] 
2019-06-11T08:35:25.057+0000: 82.339: [GC (Allocation Failure) 2019-06-11T08:35:25.057+0000: 82.339: [DefNew: 137604K->1014K(153600K), 0.0035573 secs] 180977K->44553K(494976K), 0.0036160 secs] [Times: user=0.01 sys=0.00, real=0.00 secs] 
2019-06-11T08:35:28.850+0000: 86.132: [GC (Allocation Failure) 2019-06-11T08:35:28.850+0000: 86.132: [DefNew: 137590K->945K(153600K), 0.0033146 secs] 181129K->44574K(494976K), 0.0033743 secs] [Times: user=0.00 sys=0.00, real=0.00 secs] 
2019-06-11T08:35:32.704+0000: 89.986: [GC (Allocation Failure) 2019-06-11T08:35:32.704+0000: 89.986: [DefNew: 137521K->906K(153600K), 0.0029332 secs] 181150K->44574K(494976K), 0.0029896 secs] [Times: user=0.00 sys=0.00, real=0.00 secs] 
2019-06-11T08:35:37.173+0000: 94.455: [GC (Allocation Failure) 2019-06-11T08:35:37.173+0000: 94.455: [DefNew: 137482K->927K(153600K), 0.0030457 secs] 181150K->44629K(494976K), 0.0031142 secs] [Times: user=0.00 sys=0.00, real=0.01 secs] 
2019-06-11T08:35:41.070+0000: 98.352: [GC (Allocation Failure) 2019-06-11T08:35:41.070+0000: 98.352: [DefNew: 137503K->1032K(153600K), 0.0031677 secs] 181205K->44774K(494976K), 0.0032403 secs] [Times: user=0.00 sys=0.00, real=0.00 secs] 
2019-06-11T08:35:45.062+0000: 102.344: [GC (Allocation Failure) 2019-06-11T08:35:45.062+0000: 102.344: [DefNew: 137608K->974K(153600K), 0.0031146 secs] 181350K->44751K(494976K), 0.0031793 secs] [Times: user=0.00 sys=0.00, real=0.01 secs] 
2019-06-11T08:35:49.573+0000: 106.855: [GC (Allocation Failure) 2019-06-11T08:35:49.573+0000: 106.855: [DefNew: 137550K->971K(153600K), 0.0031598 secs] 181327K->44793K(494976K), 0.0032187 secs] [Times: user=0.00 sys=0.00, real=0.01 secs] 
2019-06-11T08:35:53.450+0000: 110.732: [GC (Allocation Failure) 2019-06-11T08:35:53.450+0000: 110.732: [DefNew: 137547K->1301K(153600K), 0.0034965 secs] 181369K->45163K(494976K), 0.0035562 secs] [Times: user=0.00 sys=0.00, real=0.00 secs] 
2019-06-11T08:35:57.525+0000: 114.807: [GC (Allocation Failure) 2019-06-11T08:35:57.525+0000: 114.807: [DefNew: 137877K->993K(153600K), 0.0030689 secs] 181739K->44892K(494976K), 0.0031391 secs] [Times: user=0.00 sys=0.00, real=0.00 secs] 
2019-06-11T08:36:01.825+0000: 119.107: [GC (Allocation Failure) 2019-06-11T08:36:01.825+0000: 119.107: [DefNew: 137569K->1016K(153600K), 0.0031482 secs] 181468K->44945K(494976K), 0.0032113 secs] [Times: user=0.00 sys=0.00, real=0.00 secs] 
2019-06-11T08:36:05.822+0000: 123.104: [GC (Allocation Failure) 2019-06-11T08:36:05.822+0000: 123.104: [DefNew: 137592K->1040K(153600K), 0.0030872 secs] 181521K->45034K(494976K), 0.0031473 secs] [Times: user=0.00 sys=0.00, real=0.01 secs] 
2019-06-11T08:36:09.565+0000: 126.847: [GC (Allocation Failure) 2019-06-11T08:36:09.565+0000: 126.847: [DefNew: 137616K->1005K(153600K), 0.0031150 secs] 181610K->45084K(494976K), 0.0031713 secs] [Times: user=0.01 sys=0.00, real=0.00 secs] 
2019-06-11T08:36:14.284+0000: 131.566: [GC (Allocation Failure) 2019-06-11T08:36:14.284+0000: 131.566: [DefNew: 137581K->962K(153600K), 0.0029097 secs] 181660K->45132K(494976K), 0.0029713 secs] [Times: user=0.01 sys=0.00, real=0.00 secs] 
2019-06-11T08:36:18.900+0000: 136.182: [GC (Allocation Failure) 2019-06-11T08:36:18.900+0000: 136.182: [DefNew: 137538K->1049K(153600K), 0.0031820 secs] 181708K->45287K(494976K), 0.0032445 secs] [Times: user=0.00 sys=0.00, real=0.00 secs] 
2019-06-11T08:36:23.303+0000: 140.585: [GC (Allocation Failure) 2019-06-11T08:36:23.303+0000: 140.585: [DefNew: 137625K->926K(153600K), 0.0029642 secs] 181863K->45224K(494976K), 0.0030284 secs] [Times: user=0.01 sys=0.00, real=0.01 secs] 
2019-06-11T08:36:26.965+0000: 144.247: [GC (Allocation Failure) 2019-06-11T08:36:26.966+0000: 144.247: [DefNew: 137502K->952K(153600K), 0.0028655 secs] 181800K->45304K(494976K), 0.0029328 secs] [Times: user=0.01 sys=0.00, real=0.00 secs] 
2019-06-11T08:36:31.367+0000: 148.649: [GC (Allocation Failure) 2019-06-11T08:36:31.367+0000: 148.649: [DefNew: 137528K->958K(153600K), 0.0031727 secs] 181880K->45369K(494976K), 0.0032671 secs] [Times: user=0.01 sys=0.00, real=0.00 secs] 
2019-06-11T08:36:36.089+0000: 153.371: [GC (Allocation Failure) 2019-06-11T08:36:36.089+0000: 153.371: [DefNew: 137534K->896K(153600K), 0.0034273 secs] 181945K->45363K(494976K), 0.0035029 secs] [Times: user=0.00 sys=0.00, real=0.00 secs] 
2019-06-11T08:36:41.152+0000: 158.434: [GC (Allocation Failure) 2019-06-11T08:36:41.152+0000: 158.434: [DefNew: 137472K->846K(153600K), 0.0028825 secs] 181939K->45369K(494976K), 0.0029513 secs] [Times: user=0.00 sys=0.00, real=0.00 secs] 
2019-06-11T09:26:43.663+0000: 3160.945: [GC (Allocation Failure) 2019-06-11T09:26:43.663+0000: 3160.945: [DefNew: 137422K->1064K(153600K), 0.0029784 secs] 181945K->45643K(494976K), 0.0030356 secs] [Times: user=0.00 sys=0.00, real=0.01 secs] 
09:34:26.409 [Curator-PathChildrenCache-0] ERROR o.a.c.f.r.c.PathChildrenCache  - 
java.lang.IllegalStateException: instance must be started before calling this method
	at org.apache.curator.shaded.com.google.common.base.Preconditions.checkState(Preconditions.java:444)
	at org.apache.curator.framework.imps.CuratorFrameworkImpl.getChildren(CuratorFrameworkImpl.java:456)
	at org.apache.curator.framework.recipes.cache.PathChildrenCache.refresh(PathChildrenCache.java:521)
	at org.apache.curator.framework.recipes.cache.RefreshOperation.invoke(RefreshOperation.java:35)
	at org.apache.curator.framework.recipes.cache.PathChildrenCache$9.run(PathChildrenCache.java:786)
	at java.util.concurrent.Executors$RunnableAdapter.call(Executors.java:511)
	at java.util.concurrent.FutureTask.run(FutureTask.java:266)
	at java.util.concurrent.Executors$RunnableAdapter.call(Executors.java:511)
	at java.util.concurrent.FutureTask.run(FutureTask.java:266)
	at java.util.concurrent.ThreadPoolExecutor.runWorker(ThreadPoolExecutor.java:1149)
	at java.util.concurrent.ThreadPoolExecutor$Worker.run(ThreadPoolExecutor.java:624)
	at java.lang.Thread.run(Thread.java:748)
Heap
 def new generation   total 153600K, used 35520K [0x00000000e0c00000, 0x00000000eb2a0000, 0x00000000eb2a0000)
  eden space 136576K,  25% used [0x00000000e0c00000, 0x00000000e2da5f50, 0x00000000e9160000)
  from space 17024K,   6% used [0x00000000e9160000, 0x00000000e926a2a0, 0x00000000ea200000)
  to   space 17024K,   0% used [0x00000000ea200000, 0x00000000ea200000, 0x00000000eb2a0000)
 tenured generation   total 341376K, used 44579K [0x00000000eb2a0000, 0x0000000100000000, 0x0000000100000000)
   the space 341376K,  13% used [0x00000000eb2a0000, 0x00000000ede28c58, 0x00000000ede28e00, 0x0000000100000000)
 Metaspace       used 36435K, capacity 37320K, committed 37632K, reserved 1081344K
  class space    used 4872K, capacity 5076K, committed 5120K, reserved 1048576K
