17:00:40,557 |-INFO in ch.qos.logback.classic.LoggerContext[default] - Could NOT find resource [logback-test.xml]
17:00:40,557 |-INFO in ch.qos.logback.classic.LoggerContext[default] - Could NOT find resource [logback.groovy]
17:00:40,557 |-INFO in ch.qos.logback.classic.LoggerContext[default] - Found resource [logback.xml] at [jar:file:/root/flamestream/lib/flamestream-runtime-1.0-SNAPSHOT.jar!/logback.xml]
17:00:40,558 |-WARN in ch.qos.logback.classic.LoggerContext[default] - Resource [logback.xml] occurs multiple times on the classpath.
17:00:40,558 |-WARN in ch.qos.logback.classic.LoggerContext[default] - Resource [logback.xml] occurs at [jar:file:/root/flamestream/lib/flamestream-runtime-1.0-SNAPSHOT.jar!/logback.xml]
17:00:40,558 |-WARN in ch.qos.logback.classic.LoggerContext[default] - Resource [logback.xml] occurs at [jar:file:/root/flamestream/flamestream-runtime-1.0-SNAPSHOT.jar!/logback.xml]
17:00:40,578 |-INFO in ch.qos.logback.core.joran.spi.ConfigurationWatchList@3fb6a447 - URL [jar:file:/root/flamestream/lib/flamestream-runtime-1.0-SNAPSHOT.jar!/logback.xml] is not of type file
17:00:40,651 |-INFO in ch.qos.logback.classic.joran.action.ConfigurationAction - debug attribute not set
17:00:40,652 |-INFO in ch.qos.logback.core.joran.action.AppenderAction - About to instantiate appender of type [ch.qos.logback.core.ConsoleAppender]
17:00:40,667 |-INFO in ch.qos.logback.core.joran.action.AppenderAction - Naming appender as [STDOUT]
17:00:40,687 |-INFO in ch.qos.logback.core.joran.action.NestedComplexPropertyIA - Assuming default type [ch.qos.logback.classic.encoder.PatternLayoutEncoder] for [encoder] property
17:00:40,773 |-INFO in ch.qos.logback.core.joran.action.AppenderAction - About to instantiate appender of type [ch.qos.logback.core.rolling.RollingFileAppender]
17:00:40,778 |-INFO in ch.qos.logback.core.joran.action.AppenderAction - Naming appender as [FILE]
17:00:40,809 |-INFO in c.q.l.core.rolling.TimeBasedRollingPolicy@127618319 - No compression will be used
17:00:40,810 |-INFO in c.q.l.core.rolling.TimeBasedRollingPolicy@127618319 - Will use the pattern /tmp/application_%d{yyyy-MM-dd}.%i.log for the active file
17:00:40,813 |-INFO in ch.qos.logback.core.rolling.SizeAndTimeBasedFNATP@6b2fad11 - The date pattern is 'yyyy-MM-dd' from file name pattern '/tmp/application_%d{yyyy-MM-dd}.%i.log'.
17:00:40,813 |-INFO in ch.qos.logback.core.rolling.SizeAndTimeBasedFNATP@6b2fad11 - Roll-over at midnight.
17:00:40,819 |-INFO in ch.qos.logback.core.rolling.SizeAndTimeBasedFNATP@6b2fad11 - Setting initial period to Mon Jun 10 16:59:21 UTC 2019
17:00:40,819 |-WARN in ch.qos.logback.core.rolling.SizeAndTimeBasedFNATP@6b2fad11 - SizeAndTimeBasedFNATP is deprecated. Use SizeAndTimeBasedRollingPolicy instead
17:00:40,819 |-WARN in ch.qos.logback.core.rolling.SizeAndTimeBasedFNATP@6b2fad11 - For more information see http://logback.qos.ch/manual/appenders.html#SizeAndTimeBasedRollingPolicy
17:00:40,823 |-INFO in ch.qos.logback.core.joran.action.NestedComplexPropertyIA - Assuming default type [ch.qos.logback.classic.encoder.PatternLayoutEncoder] for [encoder] property
17:00:40,828 |-INFO in ch.qos.logback.core.rolling.RollingFileAppender[FILE] - Active log file name: /tmp/application.log
17:00:40,828 |-INFO in ch.qos.logback.core.rolling.RollingFileAppender[FILE] - File property is set to [/tmp/application.log]
17:00:40,828 |-INFO in ch.qos.logback.classic.joran.action.RootLoggerAction - Setting level of ROOT logger to WARN
17:00:40,829 |-INFO in ch.qos.logback.core.joran.action.AppenderRefAction - Attaching appender named [STDOUT] to Logger[ROOT]
17:00:40,831 |-INFO in ch.qos.logback.core.joran.action.AppenderRefAction - Attaching appender named [FILE] to Logger[ROOT]
17:00:40,831 |-INFO in ch.qos.logback.classic.joran.action.ConfigurationAction - End of configuration.
17:00:40,831 |-INFO in ch.qos.logback.classic.joran.JoranConfigurator@79698539 - Registering current configuration as safe fallback point

Ama winner
Ama winner
2019-06-10T17:00:42.138+0000: 1.770: [Full GC (Metadata GC Threshold) 2019-06-10T17:00:42.138+0000: 1.770: [Tenured: 0K->15208K(341376K), 0.0402588 secs] 114986K->15208K(494976K), [Metaspace: 20737K->20737K(1067008K)], 0.0403260 secs] [Times: user=0.04 sys=0.00, real=0.04 secs] 
17:01:04.937 [Curator-PathChildrenCache-1] WARN  o.a.c.u.ZKPaths  - The version of ZooKeeper being used doesn't support Container nodes. CreateMode.PERSISTENT will be used instead.
2019-06-10T17:01:07.409+0000: 27.041: [GC (Allocation Failure) 2019-06-10T17:01:07.409+0000: 27.041: [DefNew: 119362K->17023K(153600K), 0.0248248 secs] 134571K->32850K(494976K), 0.0249095 secs] [Times: user=0.01 sys=0.01, real=0.03 secs] 
2019-06-10T17:01:08.186+0000: 27.818: [Full GC (Metadata GC Threshold) 2019-06-10T17:01:08.186+0000: 27.818: [Tenured: 15826K->44165K(341376K), 0.0624372 secs] 74405K->44165K(494976K), [Metaspace: 34545K->34545K(1079296K)], 0.0625176 secs] [Times: user=0.05 sys=0.02, real=0.06 secs] 
2019-06-10T17:01:13.405+0000: 33.038: [GC (Allocation Failure) 2019-06-10T17:01:13.405+0000: 33.038: [DefNew: 136576K->69K(153600K), 0.0019409 secs] 180741K->44235K(494976K), 0.0020033 secs] [Times: user=0.00 sys=0.00, real=0.00 secs] 
2019-06-10T17:01:18.425+0000: 38.057: [GC (Allocation Failure) 2019-06-10T17:01:18.425+0000: 38.057: [DefNew: 136645K->74K(153600K), 0.0018657 secs] 180811K->44239K(494976K), 0.0019287 secs] [Times: user=0.00 sys=0.00, real=0.00 secs] 
2019-06-10T17:01:23.455+0000: 43.088: [GC (Allocation Failure) 2019-06-10T17:01:23.455+0000: 43.088: [DefNew: 136650K->72K(153600K), 0.0018665 secs] 180815K->44238K(494976K), 0.0019271 secs] [Times: user=0.00 sys=0.00, real=0.01 secs] 
2019-06-10T17:01:28.482+0000: 48.115: [GC (Allocation Failure) 2019-06-10T17:01:28.482+0000: 48.115: [DefNew: 136648K->80K(153600K), 0.0018784 secs] 180814K->44246K(494976K), 0.0019365 secs] [Times: user=0.00 sys=0.00, real=0.00 secs] 
2019-06-10T17:01:38.424+0000: 58.056: [GC (Allocation Failure) 2019-06-10T17:01:38.424+0000: 58.056: [DefNew: 136656K->495K(153600K), 0.0033601 secs] 180822K->44661K(494976K), 0.0034252 secs] [Times: user=0.00 sys=0.00, real=0.00 secs] 
17:01:38.467 [Curator-PathChildrenCache-0] ERROR o.a.c.f.r.c.PathChildrenCache  - 
java.lang.IllegalStateException: instance must be started before calling this method
	at org.apache.curator.shaded.com.google.common.base.Preconditions.checkState(Preconditions.java:444)
	at org.apache.curator.framework.imps.CuratorFrameworkImpl.getChildren(CuratorFrameworkImpl.java:456)
	at org.apache.curator.framework.recipes.cache.PathChildrenCache.refresh(PathChildrenCache.java:521)
	at org.apache.curator.framework.recipes.cache.RefreshOperation.invoke(RefreshOperation.java:35)
	at org.apache.curator.framework.recipes.cache.PathChildrenCache$9.run(PathChildrenCache.java:786)
	at java.util.concurrent.Executors$RunnableAdapter.call(Executors.java:511)
	at java.util.concurrent.FutureTask.run(FutureTask.java:266)
	at java.util.concurrent.Executors$RunnableAdapter.call(Executors.java:511)
	at java.util.concurrent.FutureTask.run(FutureTask.java:266)
	at java.util.concurrent.ThreadPoolExecutor.runWorker(ThreadPoolExecutor.java:1149)
	at java.util.concurrent.ThreadPoolExecutor$Worker.run(ThreadPoolExecutor.java:624)
	at java.lang.Thread.run(Thread.java:748)
Heap
 def new generation   total 153600K, used 18131K [0x00000000e0c00000, 0x00000000eb2a0000, 0x00000000eb2a0000)
  eden space 136576K,  12% used [0x00000000e0c00000, 0x00000000e1d38f88, 0x00000000e9160000)
  from space 17024K,   2% used [0x00000000e9160000, 0x00000000e91dbeb8, 0x00000000ea200000)
  to   space 17024K,   0% used [0x00000000ea200000, 0x00000000ea200000, 0x00000000eb2a0000)
 tenured generation   total 341376K, used 44165K [0x00000000eb2a0000, 0x0000000100000000, 0x0000000100000000)
   the space 341376K,  12% used [0x00000000eb2a0000, 0x00000000eddc17f0, 0x00000000eddc1800, 0x0000000100000000)
 Metaspace       used 35833K, capacity 36748K, committed 36864K, reserved 1081344K
  class space    used 4842K, capacity 5050K, committed 5120K, reserved 1048576K
