19:05:56,614 |-INFO in ch.qos.logback.classic.LoggerContext[default] - Could NOT find resource [logback-test.xml]
19:05:56,614 |-INFO in ch.qos.logback.classic.LoggerContext[default] - Could NOT find resource [logback.groovy]
19:05:56,614 |-INFO in ch.qos.logback.classic.LoggerContext[default] - Found resource [logback.xml] at [jar:file:/root/flamestream/lib/flamestream-runtime-1.0-SNAPSHOT.jar!/logback.xml]
19:05:56,614 |-WARN in ch.qos.logback.classic.LoggerContext[default] - Resource [logback.xml] occurs multiple times on the classpath.
19:05:56,614 |-WARN in ch.qos.logback.classic.LoggerContext[default] - Resource [logback.xml] occurs at [jar:file:/root/flamestream/lib/flamestream-runtime-1.0-SNAPSHOT.jar!/logback.xml]
19:05:56,614 |-WARN in ch.qos.logback.classic.LoggerContext[default] - Resource [logback.xml] occurs at [jar:file:/root/flamestream/flamestream-runtime-1.0-SNAPSHOT.jar!/logback.xml]
19:05:56,636 |-INFO in ch.qos.logback.core.joran.spi.ConfigurationWatchList@3fb6a447 - URL [jar:file:/root/flamestream/lib/flamestream-runtime-1.0-SNAPSHOT.jar!/logback.xml] is not of type file
19:05:56,701 |-INFO in ch.qos.logback.classic.joran.action.ConfigurationAction - debug attribute not set
19:05:56,702 |-INFO in ch.qos.logback.core.joran.action.AppenderAction - About to instantiate appender of type [ch.qos.logback.core.ConsoleAppender]
19:05:56,717 |-INFO in ch.qos.logback.core.joran.action.AppenderAction - Naming appender as [STDOUT]
19:05:56,738 |-INFO in ch.qos.logback.core.joran.action.NestedComplexPropertyIA - Assuming default type [ch.qos.logback.classic.encoder.PatternLayoutEncoder] for [encoder] property
19:05:56,822 |-INFO in ch.qos.logback.core.joran.action.AppenderAction - About to instantiate appender of type [ch.qos.logback.core.rolling.RollingFileAppender]
19:05:56,827 |-INFO in ch.qos.logback.core.joran.action.AppenderAction - Naming appender as [FILE]
19:05:56,857 |-INFO in c.q.l.core.rolling.TimeBasedRollingPolicy@127618319 - No compression will be used
19:05:56,858 |-INFO in c.q.l.core.rolling.TimeBasedRollingPolicy@127618319 - Will use the pattern /tmp/application_%d{yyyy-MM-dd}.%i.log for the active file
19:05:56,861 |-INFO in ch.qos.logback.core.rolling.SizeAndTimeBasedFNATP@6b2fad11 - The date pattern is 'yyyy-MM-dd' from file name pattern '/tmp/application_%d{yyyy-MM-dd}.%i.log'.
19:05:56,861 |-INFO in ch.qos.logback.core.rolling.SizeAndTimeBasedFNATP@6b2fad11 - Roll-over at midnight.
19:05:56,866 |-INFO in ch.qos.logback.core.rolling.SizeAndTimeBasedFNATP@6b2fad11 - Setting initial period to Mon Jun 10 19:04:26 UTC 2019
19:05:56,866 |-WARN in ch.qos.logback.core.rolling.SizeAndTimeBasedFNATP@6b2fad11 - SizeAndTimeBasedFNATP is deprecated. Use SizeAndTimeBasedRollingPolicy instead
19:05:56,866 |-WARN in ch.qos.logback.core.rolling.SizeAndTimeBasedFNATP@6b2fad11 - For more information see http://logback.qos.ch/manual/appenders.html#SizeAndTimeBasedRollingPolicy
19:05:56,870 |-INFO in ch.qos.logback.core.joran.action.NestedComplexPropertyIA - Assuming default type [ch.qos.logback.classic.encoder.PatternLayoutEncoder] for [encoder] property
19:05:56,874 |-INFO in ch.qos.logback.core.rolling.RollingFileAppender[FILE] - Active log file name: /tmp/application.log
19:05:56,874 |-INFO in ch.qos.logback.core.rolling.RollingFileAppender[FILE] - File property is set to [/tmp/application.log]
19:05:56,875 |-INFO in ch.qos.logback.classic.joran.action.RootLoggerAction - Setting level of ROOT logger to WARN
19:05:56,875 |-INFO in ch.qos.logback.core.joran.action.AppenderRefAction - Attaching appender named [STDOUT] to Logger[ROOT]
19:05:56,877 |-INFO in ch.qos.logback.core.joran.action.AppenderRefAction - Attaching appender named [FILE] to Logger[ROOT]
19:05:56,877 |-INFO in ch.qos.logback.classic.joran.action.ConfigurationAction - End of configuration.
19:05:56,878 |-INFO in ch.qos.logback.classic.joran.JoranConfigurator@79698539 - Registering current configuration as safe fallback point

Ama winner
Ama winner
2019-06-10T19:05:58.149+0000: 1.716: [Full GC (Metadata GC Threshold) 2019-06-10T19:05:58.149+0000: 1.716: [Tenured: 0K->15176K(341376K), 0.0352348 secs] 117751K->15176K(494976K), [Metaspace: 20727K->20727K(1067008K)], 0.0353039 secs] [Times: user=0.03 sys=0.01, real=0.04 secs] 
19:06:19.610 [Curator-PathChildrenCache-1] WARN  o.a.c.u.ZKPaths  - The version of ZooKeeper being used doesn't support Container nodes. CreateMode.PERSISTENT will be used instead.
2019-06-10T19:06:21.848+0000: 25.415: [GC (Allocation Failure) 2019-06-10T19:06:21.848+0000: 25.415: [DefNew: 136576K->17024K(153600K), 0.0256292 secs] 151752K->52569K(494976K), 0.0256978 secs] [Times: user=0.02 sys=0.01, real=0.03 secs] 
2019-06-10T19:06:24.321+0000: 27.888: [Full GC (Metadata GC Threshold) 2019-06-10T19:06:24.321+0000: 27.888: [Tenured: 35545K->44050K(341376K), 0.0439182 secs] 95685K->44050K(494976K), [Metaspace: 34591K->34591K(1079296K)], 0.0440002 secs] [Times: user=0.04 sys=0.00, real=0.04 secs] 
2019-06-10T19:06:31.596+0000: 35.162: [GC (Allocation Failure) 2019-06-10T19:06:31.596+0000: 35.162: [DefNew: 136576K->61K(153600K), 0.0017997 secs] 180626K->44111K(494976K), 0.0018706 secs] [Times: user=0.00 sys=0.00, real=0.00 secs] 
2019-06-10T19:06:38.979+0000: 42.546: [GC (Allocation Failure) 2019-06-10T19:06:38.979+0000: 42.546: [DefNew: 136637K->60K(153600K), 0.0016435 secs] 180687K->44111K(494976K), 0.0017201 secs] [Times: user=0.00 sys=0.00, real=0.01 secs] 
2019-06-10T19:06:46.481+0000: 50.047: [GC (Allocation Failure) 2019-06-10T19:06:46.481+0000: 50.048: [DefNew: 136636K->60K(153600K), 0.0017843 secs] 180687K->44111K(494976K), 0.0018453 secs] [Times: user=0.00 sys=0.00, real=0.00 secs] 
2019-06-10T19:06:53.989+0000: 57.556: [GC (Allocation Failure) 2019-06-10T19:06:53.989+0000: 57.556: [DefNew: 136636K->66K(153600K), 0.0017546 secs] 180687K->44117K(494976K), 0.0018170 secs] [Times: user=0.00 sys=0.00, real=0.01 secs] 
2019-06-10T19:07:01.691+0000: 65.257: [GC (Allocation Failure) 2019-06-10T19:07:01.691+0000: 65.257: [DefNew: 136642K->390K(153600K), 0.0022318 secs] 180693K->44441K(494976K), 0.0022904 secs] [Times: user=0.01 sys=0.00, real=0.01 secs] 
2019-06-10T19:07:20.701+0000: 84.268: [GC (Allocation Failure) 2019-06-10T19:07:20.701+0000: 84.268: [DefNew: 136966K->656K(153600K), 0.0038966 secs] 181017K->44707K(494976K), 0.0039636 secs] [Times: user=0.01 sys=0.00, real=0.00 secs] 
19:07:20.731 [Curator-PathChildrenCache-0] ERROR o.a.c.f.r.c.PathChildrenCache  - 
java.lang.IllegalStateException: instance must be started before calling this method
	at org.apache.curator.shaded.com.google.common.base.Preconditions.checkState(Preconditions.java:444)
	at org.apache.curator.framework.imps.CuratorFrameworkImpl.getChildren(CuratorFrameworkImpl.java:456)
	at org.apache.curator.framework.recipes.cache.PathChildrenCache.refresh(PathChildrenCache.java:521)
	at org.apache.curator.framework.recipes.cache.RefreshOperation.invoke(RefreshOperation.java:35)
	at org.apache.curator.framework.recipes.cache.PathChildrenCache$9.run(PathChildrenCache.java:786)
	at java.util.concurrent.Executors$RunnableAdapter.call(Executors.java:511)
	at java.util.concurrent.FutureTask.run(FutureTask.java:266)
	at java.util.concurrent.Executors$RunnableAdapter.call(Executors.java:511)
	at java.util.concurrent.FutureTask.run(FutureTask.java:266)
	at java.util.concurrent.ThreadPoolExecutor.runWorker(ThreadPoolExecutor.java:1149)
	at java.util.concurrent.ThreadPoolExecutor$Worker.run(ThreadPoolExecutor.java:624)
	at java.lang.Thread.run(Thread.java:748)
Heap
 def new generation   total 153600K, used 13857K [0x00000000e0c00000, 0x00000000eb2a0000, 0x00000000eb2a0000)
  eden space 136576K,   9% used [0x00000000e0c00000, 0x00000000e18e4478, 0x00000000e9160000)
  from space 17024K,   3% used [0x00000000ea200000, 0x00000000ea2a4280, 0x00000000eb2a0000)
  to   space 17024K,   0% used [0x00000000e9160000, 0x00000000e9160000, 0x00000000ea200000)
 tenured generation   total 341376K, used 44050K [0x00000000eb2a0000, 0x0000000100000000, 0x0000000100000000)
   the space 341376K,  12% used [0x00000000eb2a0000, 0x00000000edda4a68, 0x00000000edda4c00, 0x0000000100000000)
 Metaspace       used 36044K, capacity 36998K, committed 37120K, reserved 1081344K
  class space    used 4868K, capacity 5075K, committed 5120K, reserved 1048576K
