01:09:21,108 |-INFO in ch.qos.logback.classic.LoggerContext[default] - Could NOT find resource [logback-test.xml]
01:09:21,108 |-INFO in ch.qos.logback.classic.LoggerContext[default] - Could NOT find resource [logback.groovy]
01:09:21,108 |-INFO in ch.qos.logback.classic.LoggerContext[default] - Found resource [logback.xml] at [jar:file:/home/nikitasokolov/flamestream/lib/flamestream-runtime-1.0-SNAPSHOT.jar!/logback.xml]
01:09:21,109 |-WARN in ch.qos.logback.classic.LoggerContext[default] - Resource [logback.xml] occurs multiple times on the classpath.
01:09:21,109 |-WARN in ch.qos.logback.classic.LoggerContext[default] - Resource [logback.xml] occurs at [jar:file:/home/nikitasokolov/flamestream/lib/flamestream-runtime-1.0-SNAPSHOT.jar!/logback.xml]
01:09:21,109 |-WARN in ch.qos.logback.classic.LoggerContext[default] - Resource [logback.xml] occurs at [jar:file:/home/nikitasokolov/flamestream/flamestream-runtime-1.0-SNAPSHOT.jar!/logback.xml]
01:09:21,125 |-INFO in ch.qos.logback.core.joran.spi.ConfigurationWatchList@6bf256fa - URL [jar:file:/home/nikitasokolov/flamestream/lib/flamestream-runtime-1.0-SNAPSHOT.jar!/logback.xml] is not of type file
01:09:21,176 |-INFO in ch.qos.logback.classic.joran.action.ConfigurationAction - debug attribute not set
01:09:21,177 |-INFO in ch.qos.logback.core.joran.action.AppenderAction - About to instantiate appender of type [ch.qos.logback.core.ConsoleAppender]
01:09:21,184 |-INFO in ch.qos.logback.core.joran.action.AppenderAction - Naming appender as [STDOUT]
01:09:21,192 |-INFO in ch.qos.logback.core.joran.action.NestedComplexPropertyIA - Assuming default type [ch.qos.logback.classic.encoder.PatternLayoutEncoder] for [encoder] property
01:09:21,248 |-INFO in ch.qos.logback.core.joran.action.AppenderAction - About to instantiate appender of type [ch.qos.logback.core.rolling.RollingFileAppender]
01:09:21,253 |-INFO in ch.qos.logback.core.joran.action.AppenderAction - Naming appender as [FILE]
01:09:21,276 |-INFO in c.q.l.core.rolling.TimeBasedRollingPolicy@114132791 - No compression will be used
01:09:21,277 |-INFO in c.q.l.core.rolling.TimeBasedRollingPolicy@114132791 - Will use the pattern /tmp/application_%d{yyyy-MM-dd}.%i.log for the active file
01:09:21,280 |-INFO in ch.qos.logback.core.rolling.SizeAndTimeBasedFNATP@22f71333 - The date pattern is 'yyyy-MM-dd' from file name pattern '/tmp/application_%d{yyyy-MM-dd}.%i.log'.
01:09:21,280 |-INFO in ch.qos.logback.core.rolling.SizeAndTimeBasedFNATP@22f71333 - Roll-over at midnight.
01:09:21,284 |-INFO in ch.qos.logback.core.rolling.SizeAndTimeBasedFNATP@22f71333 - Setting initial period to Thu Jun 06 22:00:24 MSK 2019
01:09:21,284 |-WARN in ch.qos.logback.core.rolling.SizeAndTimeBasedFNATP@22f71333 - SizeAndTimeBasedFNATP is deprecated. Use SizeAndTimeBasedRollingPolicy instead
01:09:21,284 |-WARN in ch.qos.logback.core.rolling.SizeAndTimeBasedFNATP@22f71333 - For more information see http://logback.qos.ch/manual/appenders.html#SizeAndTimeBasedRollingPolicy
01:09:21,288 |-INFO in ch.qos.logback.core.joran.action.NestedComplexPropertyIA - Assuming default type [ch.qos.logback.classic.encoder.PatternLayoutEncoder] for [encoder] property
01:09:21,290 |-INFO in ch.qos.logback.core.rolling.RollingFileAppender[FILE] - Active log file name: /tmp/application.log
01:09:21,290 |-INFO in ch.qos.logback.core.rolling.RollingFileAppender[FILE] - File property is set to [/tmp/application.log]
01:09:21,292 |-ERROR in ch.qos.logback.core.rolling.RollingFileAppender[FILE] - openFile(/tmp/application.log,true) call failed. java.io.FileNotFoundException: /tmp/application.log (Permission denied)
	at java.io.FileNotFoundException: /tmp/application.log (Permission denied)
	at 	at java.io.FileOutputStream.open0(Native Method)
	at 	at java.io.FileOutputStream.open(FileOutputStream.java:270)
	at 	at java.io.FileOutputStream.<init>(FileOutputStream.java:213)
	at 	at ch.qos.logback.core.recovery.ResilientFileOutputStream.<init>(ResilientFileOutputStream.java:26)
	at 	at ch.qos.logback.core.FileAppender.openFile(FileAppender.java:204)
	at 	at ch.qos.logback.core.FileAppender.start(FileAppender.java:127)
	at 	at ch.qos.logback.core.rolling.RollingFileAppender.start(RollingFileAppender.java:100)
	at 	at ch.qos.logback.core.joran.action.AppenderAction.end(AppenderAction.java:90)
	at 	at ch.qos.logback.core.joran.spi.Interpreter.callEndAction(Interpreter.java:309)
	at 	at ch.qos.logback.core.joran.spi.Interpreter.endElement(Interpreter.java:193)
	at 	at ch.qos.logback.core.joran.spi.Interpreter.endElement(Interpreter.java:179)
	at 	at ch.qos.logback.core.joran.spi.EventPlayer.play(EventPlayer.java:62)
	at 	at ch.qos.logback.core.joran.GenericConfigurator.doConfigure(GenericConfigurator.java:165)
	at 	at ch.qos.logback.core.joran.GenericConfigurator.doConfigure(GenericConfigurator.java:152)
	at 	at ch.qos.logback.core.joran.GenericConfigurator.doConfigure(GenericConfigurator.java:110)
	at 	at ch.qos.logback.core.joran.GenericConfigurator.doConfigure(GenericConfigurator.java:53)
	at 	at ch.qos.logback.classic.util.ContextInitializer.configureByResource(ContextInitializer.java:75)
	at 	at ch.qos.logback.classic.util.ContextInitializer.autoConfig(ContextInitializer.java:150)
	at 	at org.slf4j.impl.StaticLoggerBinder.init(StaticLoggerBinder.java:84)
	at 	at org.slf4j.impl.StaticLoggerBinder.<clinit>(StaticLoggerBinder.java:55)
	at 	at org.slf4j.LoggerFactory.bind(LoggerFactory.java:150)
	at 	at org.slf4j.LoggerFactory.performInitialization(LoggerFactory.java:124)
	at 	at org.slf4j.LoggerFactory.getILoggerFactory(LoggerFactory.java:412)
	at 	at org.slf4j.LoggerFactory.getLogger(LoggerFactory.java:357)
	at 	at org.slf4j.LoggerFactory.getLogger(LoggerFactory.java:383)
	at 	at com.spbsu.flamestream.runtime.WorkerApplication.<init>(WorkerApplication.java:26)
	at 	at com.spbsu.flamestream.runtime.WorkerApplication.main(WorkerApplication.java:68)
01:09:21,292 |-INFO in ch.qos.logback.classic.joran.action.RootLoggerAction - Setting level of ROOT logger to WARN
01:09:21,292 |-INFO in ch.qos.logback.core.joran.action.AppenderRefAction - Attaching appender named [STDOUT] to Logger[ROOT]
01:09:21,292 |-INFO in ch.qos.logback.core.joran.action.AppenderRefAction - Attaching appender named [FILE] to Logger[ROOT]
01:09:21,292 |-INFO in ch.qos.logback.classic.joran.action.ConfigurationAction - End of configuration.
01:09:21,293 |-INFO in ch.qos.logback.classic.joran.JoranConfigurator@3498ed - Registering current configuration as safe fallback point

2019-06-09T01:09:22.324+0300: 1.414: [GC (Metadata GC Threshold) [PSYoungGen: 97801K->15792K(149504K)] 97801K->15872K(491008K), 0.0258981 secs] [Times: user=0.09 sys=0.04, real=0.02 secs] 
2019-06-09T01:09:22.350+0300: 1.440: [Full GC (Metadata GC Threshold) [PSYoungGen: 15792K->0K(149504K)] [ParOldGen: 80K->14984K(341504K)] 15872K->14984K(491008K), [Metaspace: 20803K->20803K(1067008K)], 0.0276182 secs] [Times: user=0.17 sys=0.01, real=0.03 secs] 
01:09:33.341 [Curator-PathChildrenCache-2] WARN  o.a.c.u.ZKPaths  - The version of ZooKeeper being used doesn't support Container nodes. CreateMode.PERSISTENT will be used instead.
2019-06-09T01:09:34.055+0300: 13.145: [GC (Metadata GC Threshold) [PSYoungGen: 128504K->20975K(149504K)] 143489K->50780K(491008K), 0.0789989 secs] [Times: user=0.19 sys=0.03, real=0.08 secs] 
2019-06-09T01:09:34.134+0300: 13.224: [Full GC (Metadata GC Threshold) [PSYoungGen: 20975K->0K(149504K)] [ParOldGen: 29804K->39726K(341504K)] 50780K->39726K(491008K), [Metaspace: 34480K->34480K(1079296K)], 0.0318212 secs] [Times: user=0.15 sys=0.01, real=0.03 secs] 
2019-06-09T01:09:36.699+0300: 15.789: [GC (Allocation Failure) [PSYoungGen: 128512K->608K(149504K)] 168238K->40342K(491008K), 0.0037855 secs] [Times: user=0.02 sys=0.00, real=0.01 secs] 
2019-06-09T01:09:39.680+0300: 18.770: [GC (Allocation Failure) [PSYoungGen: 129120K->608K(149504K)] 168854K->40350K(491008K), 0.0648912 secs] [Times: user=0.02 sys=0.00, real=0.07 secs] 
2019-06-09T01:09:42.651+0300: 21.741: [GC (Allocation Failure) [PSYoungGen: 129120K->608K(129536K)] 168862K->40358K(471040K), 0.0039694 secs] [Times: user=0.03 sys=0.00, real=0.01 secs] 
2019-06-09T01:09:45.599+0300: 24.689: [GC (Allocation Failure) [PSYoungGen: 129120K->608K(132096K)] 168870K->40366K(473600K), 0.0027938 secs] [Times: user=0.01 sys=0.00, real=0.00 secs] 
2019-06-09T01:09:47.725+0300: 26.815: [GC (Allocation Failure) [PSYoungGen: 91744K->576K(129536K)] 131502K->40342K(471040K), 0.0029351 secs] [Times: user=0.01 sys=0.00, real=0.00 secs] 
2019-06-09T01:09:49.880+0300: 28.970: [GC (Allocation Failure) [PSYoungGen: 91712K->576K(136192K)] 131478K->40350K(477696K), 0.0050199 secs] [Times: user=0.03 sys=0.00, real=0.01 secs] 
2019-06-09T01:09:52.201+0300: 31.291: [GC (Allocation Failure) [PSYoungGen: 100416K->704K(134144K)] 140190K->40478K(475648K), 0.0032464 secs] [Times: user=0.01 sys=0.00, real=0.01 secs] 
2019-06-09T01:09:54.502+0300: 33.592: [GC (Allocation Failure) [PSYoungGen: 100544K->768K(139776K)] 140318K->40550K(481280K), 0.0034098 secs] [Times: user=0.01 sys=0.00, real=0.01 secs] 
2019-06-09T01:09:57.013+0300: 36.103: [GC (Allocation Failure) [PSYoungGen: 108288K->800K(138240K)] 148070K->40590K(479744K), 0.0027231 secs] [Times: user=0.01 sys=0.00, real=0.01 secs] 
2019-06-09T01:09:59.543+0300: 38.633: [GC (Allocation Failure) [PSYoungGen: 108320K->800K(142848K)] 148110K->40598K(484352K), 0.0032930 secs] [Times: user=0.01 sys=0.01, real=0.00 secs] 
2019-06-09T01:10:02.230+0300: 41.320: [GC (Allocation Failure) [PSYoungGen: 114464K->864K(141312K)] 154262K->40670K(482816K), 0.0027149 secs] [Times: user=0.01 sys=0.00, real=0.00 secs] 
2019-06-09T01:10:04.903+0300: 43.993: [GC (Allocation Failure) [PSYoungGen: 114528K->832K(145920K)] 154334K->40638K(487424K), 0.0082725 secs] [Times: user=0.09 sys=0.00, real=0.00 secs] 
2019-06-09T01:10:07.698+0300: 46.789: [GC (Allocation Failure) [PSYoungGen: 120640K->800K(144384K)] 160446K->40606K(485888K), 0.0034460 secs] [Times: user=0.02 sys=0.00, real=0.01 secs] 
2019-06-09T01:10:10.522+0300: 49.612: [GC (Allocation Failure) [PSYoungGen: 120608K->800K(148992K)] 160414K->40606K(490496K), 0.0024803 secs] [Times: user=0.01 sys=0.01, real=0.00 secs] 
2019-06-09T01:10:13.498+0300: 52.588: [GC (Allocation Failure) [PSYoungGen: 126752K->832K(147456K)] 166558K->40638K(488960K), 0.0025606 secs] [Times: user=0.01 sys=0.00, real=0.00 secs] 
2019-06-09T01:10:16.464+0300: 55.555: [GC (Allocation Failure) [PSYoungGen: 126784K->544K(151552K)] 166590K->40678K(493056K), 0.0029450 secs] [Times: user=0.02 sys=0.00, real=0.00 secs] 
2019-06-09T01:10:19.527+0300: 58.617: [GC (Allocation Failure) [PSYoungGen: 131616K->512K(150016K)] 171750K->40694K(491520K), 0.0026250 secs] [Times: user=0.01 sys=0.00, real=0.00 secs] 
2019-06-09T01:10:22.601+0300: 61.691: [GC (Allocation Failure) [PSYoungGen: 131584K->1015K(153600K)] 171766K->41269K(495104K), 0.0027705 secs] [Times: user=0.03 sys=0.01, real=0.01 secs] 
2019-06-09T01:10:40.755+0300: 79.845: [GC (Allocation Failure) [PSYoungGen: 136677K->1137K(152576K)] 176931K->41423K(494080K), 0.0034734 secs] [Times: user=0.02 sys=0.01, real=0.00 secs] 
01:10:40.786 [Curator-PathChildrenCache-0] ERROR o.a.c.f.r.c.PathChildrenCache  - 
java.lang.IllegalStateException: instance must be started before calling this method
	at org.apache.curator.shaded.com.google.common.base.Preconditions.checkState(Preconditions.java:444)
	at org.apache.curator.framework.imps.CuratorFrameworkImpl.getChildren(CuratorFrameworkImpl.java:456)
	at org.apache.curator.framework.recipes.cache.PathChildrenCache.refresh(PathChildrenCache.java:521)
	at org.apache.curator.framework.recipes.cache.RefreshOperation.invoke(RefreshOperation.java:35)
	at org.apache.curator.framework.recipes.cache.PathChildrenCache$9.run(PathChildrenCache.java:786)
	at java.util.concurrent.Executors$RunnableAdapter.call(Executors.java:511)
	at java.util.concurrent.FutureTask.run(FutureTask.java:266)
	at java.util.concurrent.Executors$RunnableAdapter.call(Executors.java:511)
	at java.util.concurrent.FutureTask.run(FutureTask.java:266)
	at java.util.concurrent.ThreadPoolExecutor.runWorker(ThreadPoolExecutor.java:1149)
	at java.util.concurrent.ThreadPoolExecutor$Worker.run(ThreadPoolExecutor.java:624)
	at java.lang.Thread.run(Thread.java:748)
01:10:40.884 [worker-akka.actor.default-dispatcher-3] ERROR c.s.f.r.WorkerApplication  - Something went wrong during trace flush
java.nio.file.AccessDeniedException: /tmp/trace.csv
	at sun.nio.fs.UnixException.translateToIOException(UnixException.java:84)
	at sun.nio.fs.UnixException.rethrowAsIOException(UnixException.java:102)
	at sun.nio.fs.UnixException.rethrowAsIOException(UnixException.java:107)
	at sun.nio.fs.UnixFileSystemProvider.newByteChannel(UnixFileSystemProvider.java:214)
	at java.nio.file.spi.FileSystemProvider.newOutputStream(FileSystemProvider.java:434)
	at java.nio.file.Files.newOutputStream(Files.java:216)
	at java.nio.file.Files.newBufferedWriter(Files.java:2860)
	at java.nio.file.Files.newBufferedWriter(Files.java:2896)
	at com.spbsu.flamestream.runtime.utils.tracing.Tracing.flush(Tracing.java:35)
	at com.spbsu.flamestream.runtime.WorkerApplication.lambda$run$0(WorkerApplication.java:109)
	at akka.actor.ActorSystemImpl$TerminationCallbacks$$anonfun$addRec$1$1.applyOrElse(ActorSystem.scala:1036)
	at akka.actor.ActorSystemImpl$TerminationCallbacks$$anonfun$addRec$1$1.applyOrElse(ActorSystem.scala:1036)
	at scala.concurrent.Future$$anonfun$andThen$1.apply(Future.scala:436)
	at scala.concurrent.Future$$anonfun$andThen$1.apply(Future.scala:435)
	at scala.concurrent.impl.CallbackRunnable.run(Promise.scala:36)
	at akka.dispatch.BatchingExecutor$AbstractBatch.processBatch(BatchingExecutor.scala:55)
	at akka.dispatch.BatchingExecutor$BlockableBatch$$anonfun$run$1.apply$mcV$sp(BatchingExecutor.scala:91)
	at akka.dispatch.BatchingExecutor$BlockableBatch$$anonfun$run$1.apply(BatchingExecutor.scala:91)
	at akka.dispatch.BatchingExecutor$BlockableBatch$$anonfun$run$1.apply(BatchingExecutor.scala:91)
	at scala.concurrent.BlockContext$.withBlockContext(BlockContext.scala:72)
	at akka.dispatch.BatchingExecutor$BlockableBatch.run(BatchingExecutor.scala:90)
	at akka.dispatch.TaskInvocation.run(AbstractDispatcher.scala:40)
	at akka.dispatch.ForkJoinExecutorConfigurator$AkkaForkJoinTask.exec(ForkJoinExecutorConfigurator.scala:44)
	at akka.dispatch.forkjoin.ForkJoinTask.doExec(ForkJoinTask.java:260)
	at akka.dispatch.forkjoin.ForkJoinPool$WorkQueue.runTask(ForkJoinPool.java:1339)
	at akka.dispatch.forkjoin.ForkJoinPool.runWorker(ForkJoinPool.java:1979)
	at akka.dispatch.forkjoin.ForkJoinWorkerThread.run(ForkJoinWorkerThread.java:107)
Heap
 PSYoungGen      total 152576K, used 9439K [0x00000000f5980000, 0x0000000100000000, 0x0000000100000000)
  eden space 135680K, 6% used [0x00000000f5980000,0x00000000f619b7d8,0x00000000fde00000)
  from space 16896K, 6% used [0x00000000fde00000,0x00000000fdf1c550,0x00000000fee80000)
  to   space 15360K, 0% used [0x00000000ff100000,0x00000000ff100000,0x0000000100000000)
 ParOldGen       total 341504K, used 40286K [0x00000000e0c00000, 0x00000000f5980000, 0x00000000f5980000)
  object space 341504K, 11% used [0x00000000e0c00000,0x00000000e3357800,0x00000000f5980000)
 Metaspace       used 36475K, capacity 37488K, committed 37720K, reserved 1081344K
  class space    used 5030K, capacity 5220K, committed 5248K, reserved 1048576K
