01:09:21,207 |-INFO in ch.qos.logback.classic.LoggerContext[default] - Could NOT find resource [logback-test.xml]
01:09:21,207 |-INFO in ch.qos.logback.classic.LoggerContext[default] - Could NOT find resource [logback.groovy]
01:09:21,207 |-INFO in ch.qos.logback.classic.LoggerContext[default] - Found resource [logback.xml] at [jar:file:/home/nikitasokolov/flamestream/lib/flamestream-runtime-1.0-SNAPSHOT.jar!/logback.xml]
01:09:21,208 |-WARN in ch.qos.logback.classic.LoggerContext[default] - Resource [logback.xml] occurs multiple times on the classpath.
01:09:21,208 |-WARN in ch.qos.logback.classic.LoggerContext[default] - Resource [logback.xml] occurs at [jar:file:/home/nikitasokolov/flamestream/lib/flamestream-runtime-1.0-SNAPSHOT.jar!/logback.xml]
01:09:21,208 |-WARN in ch.qos.logback.classic.LoggerContext[default] - Resource [logback.xml] occurs at [jar:file:/home/nikitasokolov/flamestream/flamestream-runtime-1.0-SNAPSHOT.jar!/logback.xml]
01:09:21,224 |-INFO in ch.qos.logback.core.joran.spi.ConfigurationWatchList@6108b2d7 - URL [jar:file:/home/nikitasokolov/flamestream/lib/flamestream-runtime-1.0-SNAPSHOT.jar!/logback.xml] is not of type file
01:09:21,273 |-INFO in ch.qos.logback.classic.joran.action.ConfigurationAction - debug attribute not set
01:09:21,274 |-INFO in ch.qos.logback.core.joran.action.AppenderAction - About to instantiate appender of type [ch.qos.logback.core.ConsoleAppender]
01:09:21,281 |-INFO in ch.qos.logback.core.joran.action.AppenderAction - Naming appender as [STDOUT]
01:09:21,289 |-INFO in ch.qos.logback.core.joran.action.NestedComplexPropertyIA - Assuming default type [ch.qos.logback.classic.encoder.PatternLayoutEncoder] for [encoder] property
01:09:21,341 |-INFO in ch.qos.logback.core.joran.action.AppenderAction - About to instantiate appender of type [ch.qos.logback.core.rolling.RollingFileAppender]
01:09:21,346 |-INFO in ch.qos.logback.core.joran.action.AppenderAction - Naming appender as [FILE]
01:09:21,371 |-INFO in c.q.l.core.rolling.TimeBasedRollingPolicy@357863579 - No compression will be used
01:09:21,373 |-INFO in c.q.l.core.rolling.TimeBasedRollingPolicy@357863579 - Will use the pattern /tmp/application_%d{yyyy-MM-dd}.%i.log for the active file
01:09:21,376 |-INFO in ch.qos.logback.core.rolling.SizeAndTimeBasedFNATP@6bf256fa - The date pattern is 'yyyy-MM-dd' from file name pattern '/tmp/application_%d{yyyy-MM-dd}.%i.log'.
01:09:21,376 |-INFO in ch.qos.logback.core.rolling.SizeAndTimeBasedFNATP@6bf256fa - Roll-over at midnight.
01:09:21,381 |-INFO in ch.qos.logback.core.rolling.SizeAndTimeBasedFNATP@6bf256fa - Setting initial period to Sun Jun 09 01:08:29 MSK 2019
01:09:21,381 |-WARN in ch.qos.logback.core.rolling.SizeAndTimeBasedFNATP@6bf256fa - SizeAndTimeBasedFNATP is deprecated. Use SizeAndTimeBasedRollingPolicy instead
01:09:21,381 |-WARN in ch.qos.logback.core.rolling.SizeAndTimeBasedFNATP@6bf256fa - For more information see http://logback.qos.ch/manual/appenders.html#SizeAndTimeBasedRollingPolicy
01:09:21,386 |-INFO in ch.qos.logback.core.joran.action.NestedComplexPropertyIA - Assuming default type [ch.qos.logback.classic.encoder.PatternLayoutEncoder] for [encoder] property
01:09:21,389 |-INFO in ch.qos.logback.core.rolling.RollingFileAppender[FILE] - Active log file name: /tmp/application.log
01:09:21,389 |-INFO in ch.qos.logback.core.rolling.RollingFileAppender[FILE] - File property is set to [/tmp/application.log]
01:09:21,390 |-INFO in ch.qos.logback.classic.joran.action.RootLoggerAction - Setting level of ROOT logger to WARN
01:09:21,390 |-INFO in ch.qos.logback.core.joran.action.AppenderRefAction - Attaching appender named [STDOUT] to Logger[ROOT]
01:09:21,390 |-INFO in ch.qos.logback.core.joran.action.AppenderRefAction - Attaching appender named [FILE] to Logger[ROOT]
01:09:21,390 |-INFO in ch.qos.logback.classic.joran.action.ConfigurationAction - End of configuration.
01:09:21,391 |-INFO in ch.qos.logback.classic.joran.JoranConfigurator@6cd8737 - Registering current configuration as safe fallback point

2019-06-09T01:09:22.383+0300: 1.374: [GC (Metadata GC Threshold) [PSYoungGen: 110722K->15864K(149504K)] 110722K->15944K(491008K), 0.0331631 secs] [Times: user=0.13 sys=0.04, real=0.03 secs] 
2019-06-09T01:09:22.416+0300: 1.408: [Full GC (Metadata GC Threshold) [PSYoungGen: 15864K->0K(149504K)] [ParOldGen: 80K->15078K(341504K)] 15944K->15078K(491008K), [Metaspace: 20801K->20801K(1067008K)], 0.0290837 secs] [Times: user=0.17 sys=0.03, real=0.03 secs] 
01:09:33.339 [Curator-PathChildrenCache-1] WARN  o.a.c.u.ZKPaths  - The version of ZooKeeper being used doesn't support Container nodes. CreateMode.PERSISTENT will be used instead.
2019-06-09T01:09:34.354+0300: 13.345: [GC (Allocation Failure) [PSYoungGen: 128512K->15796K(149504K)] 143590K->50414K(491008K), 0.0262363 secs] [Times: user=0.21 sys=0.02, real=0.03 secs] 
2019-06-09T01:09:34.419+0300: 13.410: [GC (Metadata GC Threshold) [PSYoungGen: 26663K->5461K(149504K)] 61281K->40086K(491008K), 0.0038640 secs] [Times: user=0.02 sys=0.00, real=0.00 secs] 
2019-06-09T01:09:34.423+0300: 13.414: [Full GC (Metadata GC Threshold) [PSYoungGen: 5461K->0K(149504K)] [ParOldGen: 34625K->29104K(341504K)] 40086K->29104K(491008K), [Metaspace: 34573K->34573K(1079296K)], 0.0419508 secs] [Times: user=0.28 sys=0.00, real=0.04 secs] 
2019-06-09T01:09:36.941+0300: 15.933: [GC (Allocation Failure) [PSYoungGen: 128512K->544K(149504K)] 157616K->29656K(491008K), 0.0037544 secs] [Times: user=0.01 sys=0.00, real=0.00 secs] 
2019-06-09T01:09:39.960+0300: 18.952: [GC (Allocation Failure) [PSYoungGen: 129056K->640K(129536K)] 158168K->29760K(471040K), 0.0032047 secs] [Times: user=0.02 sys=0.00, real=0.00 secs] 
2019-06-09T01:09:42.940+0300: 21.932: [GC (Allocation Failure) [PSYoungGen: 129152K->672K(149504K)] 158272K->29800K(491008K), 0.0068257 secs] [Times: user=0.06 sys=0.00, real=0.00 secs] 
2019-06-09T01:09:45.949+0300: 24.940: [GC (Allocation Failure) [PSYoungGen: 128672K->640K(148992K)] 157800K->29776K(490496K), 0.0039136 secs] [Times: user=0.01 sys=0.00, real=0.01 secs] 
2019-06-09T01:09:48.913+0300: 27.904: [GC (Allocation Failure) [PSYoungGen: 128640K->608K(150528K)] 157776K->29752K(492032K), 0.0050472 secs] [Times: user=0.02 sys=0.01, real=0.01 secs] 
2019-06-09T01:09:51.981+0300: 30.973: [GC (Allocation Failure) [PSYoungGen: 130656K->640K(150016K)] 159800K->29784K(491520K), 0.0032084 secs] [Times: user=0.01 sys=0.00, real=0.00 secs] 
2019-06-09T01:09:55.021+0300: 34.013: [GC (Allocation Failure) [PSYoungGen: 130688K->640K(152064K)] 159832K->29792K(493568K), 0.0029881 secs] [Times: user=0.01 sys=0.00, real=0.00 secs] 
2019-06-09T01:09:58.172+0300: 37.163: [GC (Allocation Failure) [PSYoungGen: 133760K->544K(151552K)] 162912K->29696K(493056K), 0.0043603 secs] [Times: user=0.02 sys=0.01, real=0.00 secs] 
2019-06-09T01:10:01.316+0300: 40.308: [GC (Allocation Failure) [PSYoungGen: 133664K->544K(153600K)] 162816K->29696K(495104K), 0.0032649 secs] [Times: user=0.02 sys=0.00, real=0.01 secs] 
2019-06-09T01:10:04.546+0300: 43.537: [GC (Allocation Failure) [PSYoungGen: 136736K->704K(153088K)] 165888K->29856K(494592K), 0.0039951 secs] [Times: user=0.02 sys=0.01, real=0.01 secs] 
2019-06-09T01:10:07.749+0300: 46.741: [GC (Allocation Failure) [PSYoungGen: 136896K->672K(155648K)] 166048K->29832K(497152K), 0.0027866 secs] [Times: user=0.02 sys=0.00, real=0.01 secs] 
2019-06-09T01:10:11.029+0300: 50.021: [GC (Allocation Failure) [PSYoungGen: 140448K->672K(154624K)] 169608K->29832K(496128K), 0.0030672 secs] [Times: user=0.01 sys=0.00, real=0.01 secs] 
2019-06-09T01:10:14.313+0300: 53.305: [GC (Allocation Failure) [PSYoungGen: 140448K->544K(157184K)] 169608K->29712K(498688K), 0.0030905 secs] [Times: user=0.00 sys=0.02, real=0.00 secs] 
2019-06-09T01:10:17.676+0300: 56.667: [GC (Allocation Failure) [PSYoungGen: 143392K->704K(156160K)] 172560K->29880K(497664K), 0.0025686 secs] [Times: user=0.01 sys=0.00, real=0.01 secs] 
2019-06-09T01:10:21.068+0300: 60.059: [GC (Allocation Failure) [PSYoungGen: 143552K->576K(158208K)] 172728K->29752K(499712K), 0.0039369 secs] [Times: user=0.03 sys=0.00, real=0.01 secs] 
2019-06-09T01:10:24.940+0300: 63.931: [GC (Allocation Failure) [PSYoungGen: 145984K->727K(157696K)] 175160K->30256K(499200K), 0.0034415 secs] [Times: user=0.01 sys=0.00, real=0.00 secs] 
01:10:40.891 [Curator-PathChildrenCache-0] ERROR o.a.c.f.r.c.PathChildrenCache  - 
java.lang.IllegalStateException: instance must be started before calling this method
	at org.apache.curator.shaded.com.google.common.base.Preconditions.checkState(Preconditions.java:444)
	at org.apache.curator.framework.imps.CuratorFrameworkImpl.getChildren(CuratorFrameworkImpl.java:456)
	at org.apache.curator.framework.recipes.cache.PathChildrenCache.refresh(PathChildrenCache.java:521)
	at org.apache.curator.framework.recipes.cache.RefreshOperation.invoke(RefreshOperation.java:35)
	at org.apache.curator.framework.recipes.cache.PathChildrenCache$9.run(PathChildrenCache.java:786)
	at java.util.concurrent.Executors$RunnableAdapter.call(Executors.java:511)
	at java.util.concurrent.FutureTask.run(FutureTask.java:266)
	at java.util.concurrent.Executors$RunnableAdapter.call(Executors.java:511)
	at java.util.concurrent.FutureTask.run(FutureTask.java:266)
	at java.util.concurrent.ThreadPoolExecutor.runWorker(ThreadPoolExecutor.java:1149)
	at java.util.concurrent.ThreadPoolExecutor$Worker.run(ThreadPoolExecutor.java:624)
	at java.lang.Thread.run(Thread.java:748)
Heap
 PSYoungGen      total 157696K, used 62654K [0x00000000f5980000, 0x0000000100000000, 0x0000000100000000)
  eden space 145408K, 42% used [0x00000000f5980000,0x00000000f95f9e30,0x00000000fe780000)
  from space 12288K, 5% used [0x00000000fe780000,0x00000000fe835ce0,0x00000000ff380000)
  to   space 11264K, 0% used [0x00000000ff500000,0x00000000ff500000,0x0000000100000000)
 ParOldGen       total 341504K, used 29528K [0x00000000e0c00000, 0x00000000f5980000, 0x00000000f5980000)
  object space 341504K, 8% used [0x00000000e0c00000,0x00000000e28d6328,0x00000000f5980000)
 Metaspace       used 36146K, capacity 36966K, committed 37208K, reserved 1081344K
  class space    used 4978K, capacity 5161K, committed 5248K, reserved 1048576K
