08:02:35,317 |-INFO in ch.qos.logback.classic.LoggerContext[default] - Could NOT find resource [logback-test.xml]
08:02:35,317 |-INFO in ch.qos.logback.classic.LoggerContext[default] - Could NOT find resource [logback.groovy]
08:02:35,317 |-INFO in ch.qos.logback.classic.LoggerContext[default] - Found resource [logback.xml] at [jar:file:/root/flamestream/lib/flamestream-runtime-1.0-SNAPSHOT.jar!/logback.xml]
08:02:35,318 |-WARN in ch.qos.logback.classic.LoggerContext[default] - Resource [logback.xml] occurs multiple times on the classpath.
08:02:35,318 |-WARN in ch.qos.logback.classic.LoggerContext[default] - Resource [logback.xml] occurs at [jar:file:/root/flamestream/lib/flamestream-runtime-1.0-SNAPSHOT.jar!/logback.xml]
08:02:35,318 |-WARN in ch.qos.logback.classic.LoggerContext[default] - Resource [logback.xml] occurs at [jar:file:/root/flamestream/flamestream-runtime-1.0-SNAPSHOT.jar!/logback.xml]
08:02:35,337 |-INFO in ch.qos.logback.core.joran.spi.ConfigurationWatchList@3fb6a447 - URL [jar:file:/root/flamestream/lib/flamestream-runtime-1.0-SNAPSHOT.jar!/logback.xml] is not of type file
08:02:35,404 |-INFO in ch.qos.logback.classic.joran.action.ConfigurationAction - debug attribute not set
08:02:35,405 |-INFO in ch.qos.logback.core.joran.action.AppenderAction - About to instantiate appender of type [ch.qos.logback.core.ConsoleAppender]
08:02:35,422 |-INFO in ch.qos.logback.core.joran.action.AppenderAction - Naming appender as [STDOUT]
08:02:35,440 |-INFO in ch.qos.logback.core.joran.action.NestedComplexPropertyIA - Assuming default type [ch.qos.logback.classic.encoder.PatternLayoutEncoder] for [encoder] property
08:02:35,519 |-INFO in ch.qos.logback.core.joran.action.AppenderAction - About to instantiate appender of type [ch.qos.logback.core.rolling.RollingFileAppender]
08:02:35,527 |-INFO in ch.qos.logback.core.joran.action.AppenderAction - Naming appender as [FILE]
08:02:35,557 |-INFO in c.q.l.core.rolling.TimeBasedRollingPolicy@127618319 - No compression will be used
08:02:35,558 |-INFO in c.q.l.core.rolling.TimeBasedRollingPolicy@127618319 - Will use the pattern /tmp/application_%d{yyyy-MM-dd}.%i.log for the active file
08:02:35,561 |-INFO in ch.qos.logback.core.rolling.SizeAndTimeBasedFNATP@6b2fad11 - The date pattern is 'yyyy-MM-dd' from file name pattern '/tmp/application_%d{yyyy-MM-dd}.%i.log'.
08:02:35,561 |-INFO in ch.qos.logback.core.rolling.SizeAndTimeBasedFNATP@6b2fad11 - Roll-over at midnight.
08:02:35,566 |-INFO in ch.qos.logback.core.rolling.SizeAndTimeBasedFNATP@6b2fad11 - Setting initial period to Tue Jun 11 08:01:16 UTC 2019
08:02:35,566 |-WARN in ch.qos.logback.core.rolling.SizeAndTimeBasedFNATP@6b2fad11 - SizeAndTimeBasedFNATP is deprecated. Use SizeAndTimeBasedRollingPolicy instead
08:02:35,566 |-WARN in ch.qos.logback.core.rolling.SizeAndTimeBasedFNATP@6b2fad11 - For more information see http://logback.qos.ch/manual/appenders.html#SizeAndTimeBasedRollingPolicy
08:02:35,571 |-INFO in ch.qos.logback.core.joran.action.NestedComplexPropertyIA - Assuming default type [ch.qos.logback.classic.encoder.PatternLayoutEncoder] for [encoder] property
08:02:35,575 |-INFO in ch.qos.logback.core.rolling.RollingFileAppender[FILE] - Active log file name: /tmp/application.log
08:02:35,575 |-INFO in ch.qos.logback.core.rolling.RollingFileAppender[FILE] - File property is set to [/tmp/application.log]
08:02:35,576 |-INFO in ch.qos.logback.classic.joran.action.RootLoggerAction - Setting level of ROOT logger to WARN
08:02:35,576 |-INFO in ch.qos.logback.core.joran.action.AppenderRefAction - Attaching appender named [STDOUT] to Logger[ROOT]
08:02:35,578 |-INFO in ch.qos.logback.core.joran.action.AppenderRefAction - Attaching appender named [FILE] to Logger[ROOT]
08:02:35,578 |-INFO in ch.qos.logback.classic.joran.action.ConfigurationAction - End of configuration.
08:02:35,579 |-INFO in ch.qos.logback.classic.joran.JoranConfigurator@79698539 - Registering current configuration as safe fallback point

Ama winner
Ama winner
2019-06-11T08:02:36.855+0000: 1.725: [Full GC (Metadata GC Threshold) 2019-06-11T08:02:36.855+0000: 1.725: [Tenured: 0K->15242K(341376K), 0.0389648 secs] 114987K->15242K(494976K), [Metaspace: 20736K->20736K(1067008K)], 0.0390331 secs] [Times: user=0.02 sys=0.01, real=0.04 secs] 
08:02:59.489 [Curator-PathChildrenCache-1] WARN  o.a.c.u.ZKPaths  - The version of ZooKeeper being used doesn't support Container nodes. CreateMode.PERSISTENT will be used instead.
2019-06-11T08:03:01.825+0000: 26.694: [GC (Allocation Failure) 2019-06-11T08:03:01.825+0000: 26.694: [DefNew: 136576K->17023K(153600K), 0.0258332 secs] 151818K->52635K(494976K), 0.0259051 secs] [Times: user=0.01 sys=0.01, real=0.02 secs] 
2019-06-11T08:03:05.339+0000: 30.208: [Full GC (Metadata GC Threshold) 2019-06-11T08:03:05.339+0000: 30.208: [Tenured: 35611K->44052K(341376K), 0.0518534 secs] 130900K->44052K(494976K), [Metaspace: 34582K->34582K(1079296K)], 0.0519370 secs] [Times: user=0.05 sys=0.00, real=0.05 secs] 
2019-06-11T08:03:11.461+0000: 36.331: [GC (Allocation Failure) 2019-06-11T08:03:11.461+0000: 36.331: [DefNew: 136576K->95K(153600K), 0.0018002 secs] 180628K->44148K(494976K), 0.0018639 secs] [Times: user=0.00 sys=0.00, real=0.00 secs] 
2019-06-11T08:03:17.589+0000: 42.458: [GC (Allocation Failure) 2019-06-11T08:03:17.589+0000: 42.458: [DefNew: 136671K->122K(153600K), 0.0016920 secs] 180724K->44175K(494976K), 0.0017517 secs] [Times: user=0.00 sys=0.01, real=0.01 secs] 
2019-06-11T08:03:23.693+0000: 48.563: [GC (Allocation Failure) 2019-06-11T08:03:23.693+0000: 48.563: [DefNew: 136698K->124K(153600K), 0.0017416 secs] 180751K->44177K(494976K), 0.0018035 secs] [Times: user=0.00 sys=0.00, real=0.00 secs] 
2019-06-11T08:03:29.865+0000: 54.735: [GC (Allocation Failure) 2019-06-11T08:03:29.865+0000: 54.735: [DefNew: 136700K->121K(153600K), 0.0017107 secs] 180753K->44174K(494976K), 0.0017714 secs] [Times: user=0.00 sys=0.00, real=0.00 secs] 
2019-06-11T08:03:40.836+0000: 65.706: [GC (Allocation Failure) 2019-06-11T08:03:40.836+0000: 65.706: [DefNew: 136697K->416K(153600K), 0.0021912 secs] 180750K->44469K(494976K), 0.0022509 secs] [Times: user=0.00 sys=0.00, real=0.00 secs] 
08:03:40.887 [Curator-PathChildrenCache-0] ERROR o.a.c.f.r.c.PathChildrenCache  - 
java.lang.IllegalStateException: instance must be started before calling this method
	at org.apache.curator.shaded.com.google.common.base.Preconditions.checkState(Preconditions.java:444)
	at org.apache.curator.framework.imps.CuratorFrameworkImpl.getChildren(CuratorFrameworkImpl.java:456)
	at org.apache.curator.framework.recipes.cache.PathChildrenCache.refresh(PathChildrenCache.java:521)
	at org.apache.curator.framework.recipes.cache.RefreshOperation.invoke(RefreshOperation.java:35)
	at org.apache.curator.framework.recipes.cache.PathChildrenCache$9.run(PathChildrenCache.java:786)
	at java.util.concurrent.Executors$RunnableAdapter.call(Executors.java:511)
	at java.util.concurrent.FutureTask.run(FutureTask.java:266)
	at java.util.concurrent.Executors$RunnableAdapter.call(Executors.java:511)
	at java.util.concurrent.FutureTask.run(FutureTask.java:266)
	at java.util.concurrent.ThreadPoolExecutor.runWorker(ThreadPoolExecutor.java:1149)
	at java.util.concurrent.ThreadPoolExecutor$Worker.run(ThreadPoolExecutor.java:624)
	at java.lang.Thread.run(Thread.java:748)
Heap
 def new generation   total 153600K, used 23905K [0x00000000e0c00000, 0x00000000eb2a0000, 0x00000000eb2a0000)
  eden space 136576K,  17% used [0x00000000e0c00000, 0x00000000e22f02f0, 0x00000000e9160000)
  from space 17024K,   2% used [0x00000000e9160000, 0x00000000e91c81e0, 0x00000000ea200000)
  to   space 17024K,   0% used [0x00000000ea200000, 0x00000000ea200000, 0x00000000eb2a0000)
 tenured generation   total 341376K, used 44052K [0x00000000eb2a0000, 0x0000000100000000, 0x0000000100000000)
   the space 341376K,  12% used [0x00000000eb2a0000, 0x00000000edda5320, 0x00000000edda5400, 0x0000000100000000)
 Metaspace       used 36089K, capacity 36992K, committed 37120K, reserved 1081344K
  class space    used 4868K, capacity 5074K, committed 5120K, reserved 1048576K
