11:34:51,882 |-INFO in ch.qos.logback.classic.LoggerContext[default] - Could NOT find resource [logback-test.xml]
11:34:51,882 |-INFO in ch.qos.logback.classic.LoggerContext[default] - Could NOT find resource [logback.groovy]
11:34:51,882 |-INFO in ch.qos.logback.classic.LoggerContext[default] - Found resource [logback.xml] at [jar:file:/home/ubuntu/flamestream/lib/flamestream-runtime-1.0-SNAPSHOT.jar!/logback.xml]
11:34:51,887 |-WARN in ch.qos.logback.classic.LoggerContext[default] - Resource [logback.xml] occurs multiple times on the classpath.
11:34:51,887 |-WARN in ch.qos.logback.classic.LoggerContext[default] - Resource [logback.xml] occurs at [jar:file:/home/ubuntu/flamestream/flamestream-runtime-1.0-SNAPSHOT.jar!/logback.xml]
11:34:51,887 |-WARN in ch.qos.logback.classic.LoggerContext[default] - Resource [logback.xml] occurs at [jar:file:/home/ubuntu/flamestream/lib/flamestream-runtime-1.0-SNAPSHOT.jar!/logback.xml]
11:34:51,902 |-INFO in ch.qos.logback.core.joran.spi.ConfigurationWatchList@4678c730 - URL [jar:file:/home/ubuntu/flamestream/lib/flamestream-runtime-1.0-SNAPSHOT.jar!/logback.xml] is not of type file
11:34:51,966 |-INFO in ch.qos.logback.classic.joran.action.ConfigurationAction - debug attribute not set
11:34:51,967 |-INFO in ch.qos.logback.core.joran.action.AppenderAction - About to instantiate appender of type [ch.qos.logback.core.ConsoleAppender]
11:34:51,984 |-INFO in ch.qos.logback.core.joran.action.AppenderAction - Naming appender as [STDOUT]
11:34:51,996 |-INFO in ch.qos.logback.core.joran.action.NestedComplexPropertyIA - Assuming default type [ch.qos.logback.classic.encoder.PatternLayoutEncoder] for [encoder] property
11:34:52,086 |-INFO in ch.qos.logback.core.joran.action.AppenderAction - About to instantiate appender of type [ch.qos.logback.core.rolling.RollingFileAppender]
11:34:52,095 |-INFO in ch.qos.logback.core.joran.action.AppenderAction - Naming appender as [FILE]
11:34:52,130 |-INFO in c.q.l.core.rolling.TimeBasedRollingPolicy@1734853116 - No compression will be used
11:34:52,137 |-INFO in c.q.l.core.rolling.TimeBasedRollingPolicy@1734853116 - Will use the pattern /tmp/application_%d{yyyy-MM-dd}.%i.log for the active file
11:34:52,143 |-INFO in ch.qos.logback.core.rolling.SizeAndTimeBasedFNATP@29ee9faa - The date pattern is 'yyyy-MM-dd' from file name pattern '/tmp/application_%d{yyyy-MM-dd}.%i.log'.
11:34:52,143 |-INFO in ch.qos.logback.core.rolling.SizeAndTimeBasedFNATP@29ee9faa - Roll-over at midnight.
11:34:52,148 |-INFO in ch.qos.logback.core.rolling.SizeAndTimeBasedFNATP@29ee9faa - Setting initial period to Thu Oct 10 11:34:27 UTC 2019
11:34:52,148 |-WARN in ch.qos.logback.core.rolling.SizeAndTimeBasedFNATP@29ee9faa - SizeAndTimeBasedFNATP is deprecated. Use SizeAndTimeBasedRollingPolicy instead
11:34:52,148 |-WARN in ch.qos.logback.core.rolling.SizeAndTimeBasedFNATP@29ee9faa - For more information see http://logback.qos.ch/manual/appenders.html#SizeAndTimeBasedRollingPolicy
11:34:52,154 |-INFO in ch.qos.logback.core.joran.action.NestedComplexPropertyIA - Assuming default type [ch.qos.logback.classic.encoder.PatternLayoutEncoder] for [encoder] property
11:34:52,168 |-INFO in ch.qos.logback.core.rolling.RollingFileAppender[FILE] - Active log file name: /tmp/application.log
11:34:52,168 |-INFO in ch.qos.logback.core.rolling.RollingFileAppender[FILE] - File property is set to [/tmp/application.log]
11:34:52,172 |-INFO in ch.qos.logback.classic.joran.action.RootLoggerAction - Setting level of ROOT logger to INFO
11:34:52,172 |-INFO in ch.qos.logback.core.joran.action.AppenderRefAction - Attaching appender named [STDOUT] to Logger[ROOT]
11:34:52,173 |-INFO in ch.qos.logback.core.joran.action.AppenderRefAction - Attaching appender named [FILE] to Logger[ROOT]
11:34:52,173 |-INFO in ch.qos.logback.classic.joran.action.ConfigurationAction - End of configuration.
11:34:52,174 |-INFO in ch.qos.logback.classic.joran.JoranConfigurator@c038203 - Registering current configuration as safe fallback point

11:34:52.182 [main] INFO  c.s.f.r.WorkerApplication  - Starting worker with workerConfig 'WorkerConfig{id='flamestream-benchmarks-worker-8', localAddress=flamestream-benchmarks-worker-8/10.0.0.18:5412, zkString='flamestream-benchmarks-manager:12181', snapshotPath='/home/ubuntu/flamestream/data', guarantees=AT_MOST_ONCE}'
11:34:53.649 [worker-akka.actor.default-dispatcher-6] INFO  a.e.s.Slf4jLogger  - Slf4jLogger started
2019-10-10T11:34:53.808+0000: 2.264: [Full GC (Metadata GC Threshold) 2019-10-10T11:34:53.808+0000: 2.264: [Tenured: 0K->13633K(1024000K), 0.0508148 secs] 139464K->13633K(1484800K), [Metaspace: 20234K->20234K(1067008K)], 0.0509053 secs] [Times: user=0.04 sys=0.01, real=0.05 secs] 
11:34:53.963 [worker-akka.actor.default-dispatcher-6] WARN  a.r.RemoteActorRefProvider akka.remote.RemoteActorRefProvider - Using the 'remote' ActorRefProvider directly, which is a low-level layer. For most use cases, the 'cluster' abstraction on top of remoting is more suitable instead.
11:34:53.969 [worker-akka.actor.default-dispatcher-6] WARN  a.r.RemoteActorRefProvider akka.remote.RemoteActorRefProvider - Akka Cluster not in use - Using Akka Cluster is recommended if you need remote watch and deploy.
11:34:54.078 [worker-akka.actor.default-dispatcher-6] INFO  a.r.a.a.ArteryAeronUdpTransport(akka://worker) akka.remote.artery.aeron.ArteryAeronUdpTransport(akka://worker) - Started embedded media driver in directory [/dev/shm/aeron-flamestream-benchmarks-worker-8]
11:34:54.119 [worker-akka.actor.default-dispatcher-6] WARN  a.r.a.a.ArteryAeronUdpTransport(akka://worker) akka.remote.artery.aeron.ArteryAeronUdpTransport(akka://worker) - Aeron CnC version mismatch: compiled version = 15, file version = 16
11:34:54.384 [worker-akka.actor.default-dispatcher-6] INFO  a.r.a.a.ArteryAeronUdpTransport(akka://worker) akka.remote.artery.aeron.ArteryAeronUdpTransport(akka://worker) - Remoting started with transport [Artery aeron-udp]; listening on address [akka://worker@flamestream-benchmarks-worker-8:5412] and bound to [akka://worker@0.0.0.0:5412] with UID [1320043002536413206]
11:34:54.877 [worker-akka.actor.default-dispatcher-6] WARN  a.s.Serialization(akka://worker) akka.serialization.Serialization(akka://worker) - Using serializer [com.romix.akka.serialization.kryo.KryoSerializer] for message [akka.actor.ActorSelectionMessage]. Note that this serializer is not implemented by Akka. It's not recommended to replace serializers for messages provided by Akka.
11:34:54.878 [worker-akka.actor.default-dispatcher-6] WARN  a.s.Serialization(akka://worker) akka.serialization.Serialization(akka://worker) - Using serializer [com.romix.akka.serialization.kryo.KryoSerializer] for message [akka.actor.ActorIdentity]. Note that this serializer is not implemented by Akka. It's not recommended to replace serializers for messages provided by Akka.
11:34:54.931 [worker-akka.actor.default-dispatcher-9] INFO  a.a.RepointableActorRef akka://worker/user/watcher - Starting...
11:34:55.058 [worker-akka.actor.default-dispatcher-6] INFO  o.a.c.u.Compatibility  - Running in ZooKeeper 3.4.x compatibility mode
11:34:55.085 [worker-akka.actor.default-dispatcher-6] INFO  o.a.c.f.i.CuratorFrameworkImpl  - Starting
11:34:55.095 [worker-akka.actor.default-dispatcher-6] INFO  o.a.z.ZooKeeper  - Client environment:zookeeper.version=3.4.14-4c25d480e66aadd371de8bd2fd8da255ac140bcf, built on 03/06/2019 16:18 GMT
11:34:55.095 [worker-akka.actor.default-dispatcher-6] INFO  o.a.z.ZooKeeper  - Client environment:host.name=flamestream-benchmarks-worker-8
11:34:55.096 [worker-akka.actor.default-dispatcher-6] INFO  o.a.z.ZooKeeper  - Client environment:java.version=1.8.0_222
11:34:55.096 [worker-akka.actor.default-dispatcher-6] INFO  o.a.z.ZooKeeper  - Client environment:java.vendor=Private Build
11:34:55.097 [worker-akka.actor.default-dispatcher-6] INFO  o.a.z.ZooKeeper  - Client environment:java.home=/usr/lib/jvm/java-8-openjdk-amd64/jre
11:34:55.098 [worker-akka.actor.default-dispatcher-6] INFO  o.a.z.ZooKeeper  - Client environment:java.class.path=lib/curator-framework-4.0.1.jar:lib/commons-csv-1.4.jar:lib/aeron-client-1.21.2.jar:lib/scala-library-2.12.9.jar:lib/asm-5.0.4.jar:lib/agrona-1.0.1.jar:lib/curator-recipes-4.0.1.jar:lib/akka-testkit_2.12-2.6.0-M6.jar:lib/flamestream-runtime-1.0-SNAPSHOT.jar:lib/slf4j-simple-2.0.0-alpha1.jar:lib/jsr305-3.0.2.jar:lib/trove4j-3.0.3.jar:lib/flamestream-core-1.0-SNAPSHOT.jar:lib/commons-io-2.4.jar:lib/minlog-1.3.0.jar:lib/kryonet-2.21.jar:lib/commons-1.4.9.jar:lib/jline-0.9.94.jar:lib/akka-remote_2.12-2.6.0-M6.jar:lib/leveldbjni-all-1.8.jar:lib/lz4-1.3.0.jar:lib/slf4j-api-1.7.24.jar:lib/scala-parser-combinators_2.12-1.1.2.jar:lib/flamestream-core-1.0-SNAPSHOT-tests.jar:lib/logback-core-1.2.3.jar:lib/netty-3.10.6.Final.jar:lib/protobuf-java-3.9.0.jar:lib/minlog-1.2.jar:lib/leveldb-api-0.7.jar:lib/jool-0.9.12.jar:lib/commons-cli-1.4.jar:lib/jblas-1.2.4.jar:lib/reflectasm-1.11.3.jar:lib/reflectasm-1.07-shaded.jar:lib/audience-annotations-0.5.0.jar:lib/jackson-annotations-2.9.6.jar:lib/commons-lang-2.6.jar:lib/ssl-config-core_2.12-0.3.8.jar:lib/annotations-13.0.jar:lib/logback-classic-1.2.3.jar:lib/guava-21.0.jar:lib/reactive-streams-1.0.2.jar:lib/spotbugs-annotations-3.1.9.jar:lib/leveldb-0.7.jar:lib/commons-pool2-2.4.2.jar:lib/rocksdbjni-5.5.1.jar:lib/jackson-core-2.9.9.jar:lib/jackson-databind-2.9.9.2.jar:lib/akka-protobuf-v3_2.12-2.6.0-M6.jar:lib/jackson-annotations-2.9.0.jar:lib/flamestream-examples-1.0-SNAPSHOT.jar:lib/objenesis-2.1.jar:lib/akka-kryo-serialization_2.12-0.5.2.jar:lib/scala-java8-compat_2.12-0.8.0.jar:lib/zookeeper-3.4.14.jar:lib/akka-slf4j_2.12-2.6.0-M6.jar:lib/kryo-4.0.0.jar:lib/akka-stream_2.12-2.6.0-M6.jar:lib/aeron-driver-1.21.2.jar:lib/config-1.3.1.jar:lib/annotations-12.0.jar:lib/jedis-2.9.0.jar:lib/jcommander-1.48.jar:lib/testng-6.10.jar:lib/akka-actor_2.12-2.6.0-M6.jar:lib/curator-client-4.0.1.jar:flamestream-runtime-1.0-SNAPSHOT.jar
11:34:55.099 [worker-akka.actor.default-dispatcher-6] INFO  o.a.z.ZooKeeper  - Client environment:java.library.path=/usr/java/packages/lib/amd64:/usr/lib/x86_64-linux-gnu/jni:/lib/x86_64-linux-gnu:/usr/lib/x86_64-linux-gnu:/usr/lib/jni:/lib:/usr/lib
11:34:55.101 [worker-akka.actor.default-dispatcher-6] INFO  o.a.z.ZooKeeper  - Client environment:java.io.tmpdir=/tmp
11:34:55.101 [worker-akka.actor.default-dispatcher-6] INFO  o.a.z.ZooKeeper  - Client environment:java.compiler=<NA>
11:34:55.101 [worker-akka.actor.default-dispatcher-6] INFO  o.a.z.ZooKeeper  - Client environment:os.name=Linux
11:34:55.102 [worker-akka.actor.default-dispatcher-6] INFO  o.a.z.ZooKeeper  - Client environment:os.arch=amd64
11:34:55.102 [worker-akka.actor.default-dispatcher-6] INFO  o.a.z.ZooKeeper  - Client environment:os.version=4.15.0-1040-gcp
11:34:55.102 [worker-akka.actor.default-dispatcher-6] INFO  o.a.z.ZooKeeper  - Client environment:user.name=ubuntu
11:34:55.102 [worker-akka.actor.default-dispatcher-6] INFO  o.a.z.ZooKeeper  - Client environment:user.home=/home/ubuntu
11:34:55.102 [worker-akka.actor.default-dispatcher-6] INFO  o.a.z.ZooKeeper  - Client environment:user.dir=/home/ubuntu/flamestream
11:34:55.105 [worker-akka.actor.default-dispatcher-6] INFO  o.a.z.ZooKeeper  - Initiating client connection, connectString=flamestream-benchmarks-manager:12181 sessionTimeout=60000 watcher=org.apache.curator.ConnectionState@3d8ed7e5
11:34:55.132 [worker-akka.actor.default-dispatcher-6-SendThread(flamestream-benchmarks-manager:12181)] INFO  o.a.z.ClientCnxn  - Opening socket connection to server flamestream-benchmarks-manager/10.0.0.21:12181. Will not attempt to authenticate using SASL (unknown error)
11:34:55.134 [worker-akka.actor.default-dispatcher-6] INFO  o.a.c.f.i.CuratorFrameworkImpl  - Default schema
11:34:55.136 [worker-akka.actor.default-dispatcher-6-SendThread(flamestream-benchmarks-manager:12181)] INFO  o.a.z.ClientCnxn  - Socket connection established to flamestream-benchmarks-manager/10.0.0.21:12181, initiating session
11:34:55.151 [worker-akka.actor.default-dispatcher-6-SendThread(flamestream-benchmarks-manager:12181)] INFO  o.a.z.ClientCnxn  - Session establishment complete on server flamestream-benchmarks-manager/10.0.0.21:12181, sessionid = 0x100002c53420005, negotiated timeout = 60000
11:34:55.159 [worker-akka.actor.default-dispatcher-6-EventThread] INFO  o.a.c.f.s.ConnectionStateManager  - State change: CONNECTED
11:34:55.163 [worker-akka.actor.default-dispatcher-9] INFO  a.a.RepointableActorRef akka://worker/user/watcher - Initializing rocksDB backend
2019-10-10T11:34:55.964+0000: 4.419: [Full GC (Metadata GC Threshold) 2019-10-10T11:34:55.964+0000: 4.419: [Tenured: 13633K->25936K(1024000K), 0.0774214 secs] 161123K->25936K(1484800K), [Metaspace: 33684K->33684K(1079296K)], 0.0775126 secs] [Times: user=0.08 sys=0.00, real=0.08 secs] 
11:34:56.174 [worker-akka.actor.default-dispatcher-6] INFO  a.a.LocalActorRef akka://worker/user/watcher/processing-watcher - Starting...
11:35:02.200 [Curator-PathChildrenCache-1] WARN  o.a.c.u.ZKPaths  - The version of ZooKeeper being used doesn't support Container nodes. CreateMode.PERSISTENT will be used instead.
11:35:02.316 [worker-akka.actor.default-dispatcher-10] INFO  a.a.LocalActorRef akka://worker/user/watcher/processing-watcher/$a - Starting...
11:35:02.355 [worker-akka.actor.default-dispatcher-6] INFO  a.a.LocalActorRef akka://worker/user/watcher/processing-watcher/$a - Stopped
11:35:04.023 [worker-akka.actor.default-dispatcher-6] INFO  a.a.LocalActorRef akka://worker/user/watcher/processing-watcher/graph/graph - Starting...
11:35:06.516 [worker-akka.actor.default-dispatcher-6] INFO  a.a.LocalActorRef akka://worker/user/watcher/processing-watcher/graph/graph - Finishing constructor
11:35:06.519 [worker-akka.actor.default-dispatcher-6] INFO  a.a.LocalActorRef akka://worker/user/watcher/processing-watcher/graph/negotiator - Starting...
11:35:06.522 [worker-akka.actor.default-dispatcher-12] INFO  a.a.LocalActorRef akka://worker/user/watcher/processing-watcher/graph/edge - Starting...
11:35:06.523 [worker-akka.actor.default-dispatcher-6] INFO  a.a.LocalActorRef akka://worker/user/watcher/processing-watcher/graph - Starting FlameNode with config 'ClusterConfig{paths={flamestream-benchmarks-worker-1=akka://worker@flamestream-benchmarks-worker-1:5412/user/watcher/processing-watcher/graph, flamestream-benchmarks-worker-0=akka://worker@flamestream-benchmarks-worker-0:5412/user/watcher/processing-watcher/graph, flamestream-benchmarks-worker-9=akka://worker@flamestream-benchmarks-worker-9:5412/user/watcher/processing-watcher/graph, flamestream-benchmarks-worker-8=akka://worker@flamestream-benchmarks-worker-8:5412/user/watcher/processing-watcher/graph, flamestream-benchmarks-worker-7=akka://worker@flamestream-benchmarks-worker-7:5412/user/watcher/processing-watcher/graph, flamestream-benchmarks-worker-6=akka://worker@flamestream-benchmarks-worker-6:5412/user/watcher/processing-watcher/graph, flamestream-benchmarks-worker-5=akka://worker@flamestream-benchmarks-worker-5:5412/user/watcher/processing-watcher/graph, flamestream-benchmarks-worker-4=akka://worker@flamestream-benchmarks-worker-4:5412/user/watcher/processing-watcher/graph, flamestream-benchmarks-worker-3=akka://worker@flamestream-benchmarks-worker-3:5412/user/watcher/processing-watcher/graph, flamestream-benchmarks-worker-2=akka://worker@flamestream-benchmarks-worker-2:5412/user/watcher/processing-watcher/graph, flamestream-benchmarks-worker-14=akka://worker@flamestream-benchmarks-worker-14:5412/user/watcher/processing-watcher/graph, flamestream-benchmarks-worker-13=akka://worker@flamestream-benchmarks-worker-13:5412/user/watcher/processing-watcher/graph, flamestream-benchmarks-worker-12=akka://worker@flamestream-benchmarks-worker-12:5412/user/watcher/processing-watcher/graph, flamestream-benchmarks-worker-11=akka://worker@flamestream-benchmarks-worker-11:5412/user/watcher/processing-watcher/graph, flamestream-benchmarks-worker-10=akka://worker@flamestream-benchmarks-worker-10:5412/user/watcher/processing-watcher/graph}}'
11:35:06.534 [worker-akka.actor.default-dispatcher-10] INFO  a.a.LocalActorRef akka://worker/user/watcher/processing-watcher/graph/negotiator - Requesting ticket for the frontClass FlameSocketGraphDeployerFront@flamestream-benchmarks-worker-8
11:35:06.603 [worker-akka.actor.default-dispatcher-6] INFO  a.a.LocalActorRef akka://worker/user/watcher/processing-watcher/graph/graph - Received last commit 'LastCommit{globalTime=(0000000, min@min)}'
11:35:06.616 [worker-akka.actor.default-dispatcher-13] INFO  c.s.f.r.e.s.SocketRear  - FlameSocketGraphDeployerRear@flamestream-benchmarks-worker-8: connecting to flamestream-benchmarks-manager:5678
11:35:06.627 [worker-akka.actor.default-dispatcher-6] INFO  a.a.LocalActorRef akka://worker/user/watcher/processing-watcher/graph/edge/FlameSocketGraphDeployerFront - Starting...
11:35:06.630 [worker-akka.actor.default-dispatcher-13] INFO  c.s.f.r.e.s.SocketRear  - FlameSocketGraphDeployerRear@flamestream-benchmarks-worker-8: connected to flamestream-benchmarks-manager:5678
11:35:06.631 [worker-akka.actor.default-dispatcher-13] INFO  a.a.LocalActorRef akka://worker/user/watcher/processing-watcher/graph/edge/FlameSocketGraphDeployerRear - Starting...
11:35:06.637 [worker-akka.actor.default-dispatcher-12] INFO  a.a.LocalActorRef akka://worker/user/watcher/processing-watcher/graph/negotiator - Ticket for the frontClass received: FrontTicket{allowedTimestamp=(0000000, FlameSocketGraphDeployerFront@flamestream-benchmarks-worker-8)}
11:35:06.639 [worker-akka.actor.default-dispatcher-12] INFO  c.s.f.r.e.s.SocketFront  - FlameSocketGraphDeployerFront@flamestream-benchmarks-worker-8: connecting to flamestream-benchmarks-manager:4567
11:35:06.873 [worker-akka.actor.default-dispatcher-12] INFO  a.a.LocalActorRef akka://worker/user/watcher/processing-watcher/graph/graph/$a - Starting...
11:35:06.875 [worker-akka.actor.default-dispatcher-12] INFO  a.a.LocalActorRef akka://worker/user/watcher/processing-watcher/graph/graph/$b - Starting...
11:35:06.877 [worker-akka.actor.default-dispatcher-12] INFO  a.a.LocalActorRef akka://worker/user/watcher/processing-watcher/graph/graph/$c - Starting...
11:35:06.880 [worker-akka.actor.default-dispatcher-12] INFO  a.a.LocalActorRef akka://worker/user/watcher/processing-watcher/graph/graph/$d - Starting...
11:35:06.882 [worker-akka.actor.default-dispatcher-12] INFO  a.a.LocalActorRef akka://worker/user/watcher/processing-watcher/graph/graph/$e - Starting...
11:35:06.883 [worker-akka.actor.default-dispatcher-12] INFO  a.a.LocalActorRef akka://worker/user/watcher/processing-watcher/graph/graph/$f - Starting...
11:35:06.885 [worker-akka.actor.default-dispatcher-12] INFO  a.a.LocalActorRef akka://worker/user/watcher/processing-watcher/graph/graph/$g - Starting...
11:35:06.888 [worker-akka.actor.default-dispatcher-12] INFO  a.a.LocalActorRef akka://worker/user/watcher/processing-watcher/graph/graph/$h - Starting...
11:35:06.889 [worker-akka.actor.default-dispatcher-12] INFO  a.a.LocalActorRef akka://worker/user/watcher/processing-watcher/graph/graph/$i - Starting...
11:35:06.891 [worker-akka.actor.default-dispatcher-12] INFO  a.a.LocalActorRef akka://worker/user/watcher/processing-watcher/graph/graph/$j - Starting...
11:35:06.893 [worker-akka.actor.default-dispatcher-12] INFO  a.a.LocalActorRef akka://worker/user/watcher/processing-watcher/graph/graph/$k - Starting...
11:35:06.895 [worker-akka.actor.default-dispatcher-12] INFO  a.a.LocalActorRef akka://worker/user/watcher/processing-watcher/graph/graph/$l - Starting...
11:35:06.897 [worker-akka.actor.default-dispatcher-12] INFO  a.a.LocalActorRef akka://worker/user/watcher/processing-watcher/graph/graph/$m - Starting...
11:35:06.898 [worker-akka.actor.default-dispatcher-12] INFO  a.a.LocalActorRef akka://worker/user/watcher/processing-watcher/graph/graph/$n - Starting...
11:35:06.899 [worker-akka.actor.default-dispatcher-12] INFO  a.a.LocalActorRef akka://worker/user/watcher/processing-watcher/graph/graph/$o - Starting...
11:35:06.904 [worker-akka.actor.default-dispatcher-12] INFO  a.a.LocalActorRef akka://worker/user/watcher/processing-watcher/graph/graph/$p - Starting...
11:35:06.906 [worker-akka.actor.default-dispatcher-12] INFO  a.a.LocalActorRef akka://worker/user/watcher/processing-watcher/graph/graph/$q - Starting...
11:35:06.910 [worker-akka.actor.default-dispatcher-12] INFO  a.a.LocalActorRef akka://worker/user/watcher/processing-watcher/graph/graph/$r - Starting...
11:35:06.912 [worker-akka.actor.default-dispatcher-12] INFO  a.a.LocalActorRef akka://worker/user/watcher/processing-watcher/graph/graph/$s - Starting...
11:35:06.914 [worker-akka.actor.default-dispatcher-12] INFO  a.a.LocalActorRef akka://worker/user/watcher/processing-watcher/graph/graph/$t - Starting...
11:35:06.916 [worker-akka.actor.default-dispatcher-12] INFO  a.a.LocalActorRef akka://worker/user/watcher/processing-watcher/graph/graph/$u - Starting...
11:35:06.918 [worker-akka.actor.default-dispatcher-12] INFO  a.a.LocalActorRef akka://worker/user/watcher/processing-watcher/graph/graph/$v - Starting...
11:35:06.920 [worker-akka.actor.default-dispatcher-12] INFO  a.a.LocalActorRef akka://worker/user/watcher/processing-watcher/graph/graph/$w - Starting...
11:35:06.923 [worker-akka.actor.default-dispatcher-12] INFO  a.a.LocalActorRef akka://worker/user/watcher/processing-watcher/graph/graph/$x - Starting...
11:35:06.925 [worker-akka.actor.default-dispatcher-12] INFO  a.a.LocalActorRef akka://worker/user/watcher/processing-watcher/graph/graph/$y - Starting...
11:35:06.927 [worker-akka.actor.default-dispatcher-12] INFO  a.a.LocalActorRef akka://worker/user/watcher/processing-watcher/graph/graph/$z - Starting...
11:35:06.929 [worker-akka.actor.default-dispatcher-12] INFO  a.a.LocalActorRef akka://worker/user/watcher/processing-watcher/graph/graph/$A - Starting...
11:35:06.931 [worker-akka.actor.default-dispatcher-12] INFO  a.a.LocalActorRef akka://worker/user/watcher/processing-watcher/graph/graph/$B - Starting...
11:35:06.933 [worker-akka.actor.default-dispatcher-12] INFO  a.a.LocalActorRef akka://worker/user/watcher/processing-watcher/graph/graph/$C - Starting...
11:35:06.935 [worker-akka.actor.default-dispatcher-12] INFO  a.a.LocalActorRef akka://worker/user/watcher/processing-watcher/graph/graph/$D - Starting...
11:35:06.937 [worker-akka.actor.default-dispatcher-12] INFO  a.a.LocalActorRef akka://worker/user/watcher/processing-watcher/graph/graph/$E - Starting...
11:35:06.938 [worker-akka.actor.default-dispatcher-12] INFO  a.a.LocalActorRef akka://worker/user/watcher/processing-watcher/graph/graph/$F - Starting...
11:35:06.940 [worker-akka.actor.default-dispatcher-12] INFO  a.a.LocalActorRef akka://worker/user/watcher/processing-watcher/graph/graph/$G - Starting...
11:35:06.942 [worker-akka.actor.default-dispatcher-12] INFO  a.a.LocalActorRef akka://worker/user/watcher/processing-watcher/graph/graph/$H - Starting...
11:35:06.943 [worker-akka.actor.default-dispatcher-12] INFO  a.a.LocalActorRef akka://worker/user/watcher/processing-watcher/graph/graph/$I - Starting...
11:35:06.946 [worker-akka.actor.default-dispatcher-12] INFO  a.a.LocalActorRef akka://worker/user/watcher/processing-watcher/graph/graph/$J - Starting...
11:35:06.947 [worker-akka.actor.default-dispatcher-12] INFO  a.a.LocalActorRef akka://worker/user/watcher/processing-watcher/graph/graph/$K - Starting...
11:35:06.949 [worker-akka.actor.default-dispatcher-12] INFO  a.a.LocalActorRef akka://worker/user/watcher/processing-watcher/graph/graph/$L - Starting...
11:35:06.950 [worker-akka.actor.default-dispatcher-12] INFO  a.a.LocalActorRef akka://worker/user/watcher/processing-watcher/graph/graph/$M - Starting...
11:35:06.951 [worker-akka.actor.default-dispatcher-12] INFO  a.a.LocalActorRef akka://worker/user/watcher/processing-watcher/graph/graph/$N - Starting...
11:35:06.952 [worker-akka.actor.default-dispatcher-12] INFO  a.a.LocalActorRef akka://worker/user/watcher/processing-watcher/graph/graph/$O - Starting...
11:35:06.955 [worker-akka.actor.default-dispatcher-12] INFO  a.a.LocalActorRef akka://worker/user/watcher/processing-watcher/graph/graph/$P - Starting...
11:35:06.957 [worker-akka.actor.default-dispatcher-12] INFO  a.a.LocalActorRef akka://worker/user/watcher/processing-watcher/graph/graph/$Q - Starting...
11:35:06.959 [worker-akka.actor.default-dispatcher-12] INFO  a.a.LocalActorRef akka://worker/user/watcher/processing-watcher/graph/graph/$R - Starting...
11:35:06.960 [worker-akka.actor.default-dispatcher-12] INFO  a.a.LocalActorRef akka://worker/user/watcher/processing-watcher/graph/graph/$S - Starting...
11:35:06.966 [worker-akka.actor.default-dispatcher-12] INFO  a.a.LocalActorRef akka://worker/user/watcher/processing-watcher/graph/graph/$T - Starting...
11:35:06.968 [worker-akka.actor.default-dispatcher-12] INFO  a.a.LocalActorRef akka://worker/user/watcher/processing-watcher/graph/graph/$U - Starting...
11:35:06.970 [worker-akka.actor.default-dispatcher-12] INFO  a.a.LocalActorRef akka://worker/user/watcher/processing-watcher/graph/graph/$V - Starting...
11:35:06.973 [worker-akka.actor.default-dispatcher-12] INFO  a.a.LocalActorRef akka://worker/user/watcher/processing-watcher/graph/graph/$W - Starting...
11:35:06.975 [worker-akka.actor.default-dispatcher-12] INFO  a.a.LocalActorRef akka://worker/user/watcher/processing-watcher/graph/graph/$X - Starting...
11:35:06.976 [worker-akka.actor.default-dispatcher-12] INFO  a.a.LocalActorRef akka://worker/user/watcher/processing-watcher/graph/graph/$Y - Starting...
11:35:06.978 [worker-akka.actor.default-dispatcher-12] INFO  a.a.LocalActorRef akka://worker/user/watcher/processing-watcher/graph/graph/$Z - Starting...
11:35:06.979 [worker-akka.actor.default-dispatcher-12] INFO  a.a.LocalActorRef akka://worker/user/watcher/processing-watcher/graph/graph/$0 - Starting...
11:35:06.980 [worker-akka.actor.default-dispatcher-12] INFO  a.a.LocalActorRef akka://worker/user/watcher/processing-watcher/graph/graph/$1 - Starting...
11:35:06.981 [worker-akka.actor.default-dispatcher-12] INFO  a.a.LocalActorRef akka://worker/user/watcher/processing-watcher/graph/graph/$2 - Starting...
11:35:06.983 [worker-akka.actor.default-dispatcher-12] INFO  a.a.LocalActorRef akka://worker/user/watcher/processing-watcher/graph/graph/$3 - Starting...
11:35:06.984 [worker-akka.actor.default-dispatcher-12] INFO  a.a.LocalActorRef akka://worker/user/watcher/processing-watcher/graph/graph/$4 - Starting...
11:35:06.986 [worker-akka.actor.default-dispatcher-12] INFO  a.a.LocalActorRef akka://worker/user/watcher/processing-watcher/graph/graph/$5 - Starting...
11:35:06.989 [worker-akka.actor.default-dispatcher-12] INFO  a.a.LocalActorRef akka://worker/user/watcher/processing-watcher/graph/graph/$6 - Starting...
11:35:06.990 [worker-akka.actor.default-dispatcher-12] INFO  a.a.LocalActorRef akka://worker/user/watcher/processing-watcher/graph/graph/$7 - Starting...
11:35:06.992 [worker-akka.actor.default-dispatcher-12] INFO  a.a.LocalActorRef akka://worker/user/watcher/processing-watcher/graph/graph/$8 - Starting...
11:35:06.994 [worker-akka.actor.default-dispatcher-12] INFO  a.a.LocalActorRef akka://worker/user/watcher/processing-watcher/graph/graph/$9 - Starting...
11:35:07.001 [worker-akka.actor.default-dispatcher-12] INFO  a.a.LocalActorRef akka://worker/user/watcher/processing-watcher/graph/graph/$+ - Starting...
11:35:07.026 [worker-akka.actor.default-dispatcher-12] INFO  a.a.LocalActorRef akka://worker/user/watcher/processing-watcher/graph/graph/$~ - Starting...
11:35:07.028 [worker-akka.actor.default-dispatcher-12] INFO  a.a.LocalActorRef akka://worker/user/watcher/processing-watcher/graph/graph/$ab - Starting...
11:35:07.031 [worker-akka.actor.default-dispatcher-12] INFO  a.a.LocalActorRef akka://worker/user/watcher/processing-watcher/graph/graph/$bb - Starting...
11:35:07.033 [worker-akka.actor.default-dispatcher-12] INFO  a.a.LocalActorRef akka://worker/user/watcher/processing-watcher/graph/graph/$cb - Starting...
11:35:07.036 [worker-akka.actor.default-dispatcher-12] INFO  a.a.LocalActorRef akka://worker/user/watcher/processing-watcher/graph/graph/$db - Starting...
11:35:07.040 [worker-akka.actor.default-dispatcher-12] INFO  a.a.LocalActorRef akka://worker/user/watcher/processing-watcher/graph/graph/$eb - Starting...
11:35:07.042 [worker-akka.actor.default-dispatcher-12] INFO  a.a.LocalActorRef akka://worker/user/watcher/processing-watcher/graph/graph/$fb - Starting...
11:35:07.049 [worker-akka.actor.default-dispatcher-12] INFO  a.a.LocalActorRef akka://worker/user/watcher/processing-watcher/graph/graph/$+ - Attached rear to graph (-9223372036854775808, min@min)
11:35:07.049 [worker-akka.actor.default-dispatcher-12] INFO  a.a.LocalActorRef akka://worker/user/watcher/processing-watcher/graph/graph/$gb - Starting...
11:35:07.050 [worker-akka.actor.default-dispatcher-12] INFO  a.a.LocalActorRef akka://worker/user/watcher/processing-watcher/graph/graph/$ib - Starting...
11:35:07.051 [worker-akka.actor.default-dispatcher-12] INFO  a.a.LocalActorRef akka://worker/user/watcher/processing-watcher/graph/graph/$hb - Starting...
11:35:07.053 [worker-akka.actor.default-dispatcher-12] INFO  a.a.LocalActorRef akka://worker/user/watcher/processing-watcher/graph/graph/$kb - Starting...
11:35:07.053 [worker-akka.actor.default-dispatcher-12] INFO  a.a.LocalActorRef akka://worker/user/watcher/processing-watcher/graph/graph/$jb - Starting...
11:35:07.054 [worker-akka.actor.default-dispatcher-12] INFO  a.a.LocalActorRef akka://worker/user/watcher/processing-watcher/graph/graph/$mb - Starting...
11:35:07.054 [worker-akka.actor.default-dispatcher-12] INFO  a.a.LocalActorRef akka://worker/user/watcher/processing-watcher/graph/graph/$nb - Starting...
11:35:07.055 [worker-akka.actor.default-dispatcher-12] INFO  a.a.LocalActorRef akka://worker/user/watcher/processing-watcher/graph/graph/$lb - Starting...
11:35:07.056 [worker-akka.actor.default-dispatcher-12] INFO  a.a.LocalActorRef akka://worker/user/watcher/processing-watcher/graph/graph/$ob - Starting...
11:35:07.057 [worker-akka.actor.default-dispatcher-12] INFO  a.a.LocalActorRef akka://worker/user/watcher/processing-watcher/graph/graph/$pb - Starting...
11:35:07.057 [worker-akka.actor.default-dispatcher-12] INFO  a.a.LocalActorRef akka://worker/user/watcher/processing-watcher/graph/graph/$qb - Starting...
11:35:07.058 [worker-akka.actor.default-dispatcher-12] INFO  a.a.LocalActorRef akka://worker/user/watcher/processing-watcher/graph/graph/$rb - Starting...
11:35:07.059 [worker-akka.actor.default-dispatcher-12] INFO  a.a.LocalActorRef akka://worker/user/watcher/processing-watcher/graph/graph/$sb - Starting...
11:35:07.060 [worker-akka.actor.default-dispatcher-12] INFO  a.a.LocalActorRef akka://worker/user/watcher/processing-watcher/graph/graph/$tb - Starting...
11:35:07.061 [worker-akka.actor.default-dispatcher-12] INFO  a.a.LocalActorRef akka://worker/user/watcher/processing-watcher/graph/graph/$ub - Starting...
11:35:07.062 [worker-akka.actor.default-dispatcher-12] INFO  a.a.LocalActorRef akka://worker/user/watcher/processing-watcher/graph/graph/$vb - Starting...
11:35:07.064 [worker-akka.actor.default-dispatcher-12] INFO  a.a.LocalActorRef akka://worker/user/watcher/processing-watcher/graph/graph/$wb - Starting...
11:35:07.064 [worker-akka.actor.default-dispatcher-12] INFO  a.a.LocalActorRef akka://worker/user/watcher/processing-watcher/graph/graph/$xb - Starting...
11:35:07.065 [worker-akka.actor.default-dispatcher-12] INFO  a.a.LocalActorRef akka://worker/user/watcher/processing-watcher/graph/graph/$yb - Starting...
11:35:07.066 [worker-akka.actor.default-dispatcher-12] INFO  a.a.LocalActorRef akka://worker/user/watcher/processing-watcher/graph/graph/$zb - Starting...
11:35:07.067 [worker-akka.actor.default-dispatcher-12] INFO  a.a.LocalActorRef akka://worker/user/watcher/processing-watcher/graph/graph/$Ab - Starting...
11:35:07.069 [worker-akka.actor.default-dispatcher-13] INFO  a.a.LocalActorRef akka://worker/user/watcher/processing-watcher/graph/graph/$Bb - Starting...
11:35:07.069 [worker-akka.actor.default-dispatcher-13] INFO  a.a.LocalActorRef akka://worker/user/watcher/processing-watcher/graph/graph/$Cb - Starting...
11:35:07.069 [worker-akka.actor.default-dispatcher-13] INFO  a.a.LocalActorRef akka://worker/user/watcher/processing-watcher/graph/graph/$Db - Starting...
11:35:07.069 [worker-akka.actor.default-dispatcher-13] INFO  a.a.LocalActorRef akka://worker/user/watcher/processing-watcher/graph/graph/$Eb - Starting...
11:35:07.069 [worker-akka.actor.default-dispatcher-12] INFO  a.a.LocalActorRef akka://worker/user/watcher/processing-watcher/graph/graph/$Fb - Starting...
11:35:07.070 [worker-akka.actor.default-dispatcher-12] INFO  a.a.LocalActorRef akka://worker/user/watcher/processing-watcher/graph/graph/$Gb - Starting...
11:35:07.071 [worker-akka.actor.default-dispatcher-12] INFO  a.a.LocalActorRef akka://worker/user/watcher/processing-watcher/graph/graph/$Hb - Starting...
11:35:07.072 [worker-akka.actor.default-dispatcher-12] INFO  a.a.LocalActorRef akka://worker/user/watcher/processing-watcher/graph/graph/$Ib - Starting...
11:35:07.074 [worker-akka.actor.default-dispatcher-12] INFO  a.a.LocalActorRef akka://worker/user/watcher/processing-watcher/graph/graph/$Kb - Starting...
11:35:07.075 [worker-akka.actor.default-dispatcher-12] INFO  a.a.LocalActorRef akka://worker/user/watcher/processing-watcher/graph/graph/$Jb - Starting...
11:35:07.075 [worker-akka.actor.default-dispatcher-12] INFO  a.a.LocalActorRef akka://worker/user/watcher/processing-watcher/graph/graph/$Mb - Starting...
11:35:07.076 [worker-akka.actor.default-dispatcher-13] INFO  a.a.LocalActorRef akka://worker/user/watcher/processing-watcher/graph/graph/$Lb - Starting...
11:35:07.076 [worker-akka.actor.default-dispatcher-13] INFO  a.a.LocalActorRef akka://worker/user/watcher/processing-watcher/graph/graph/$Nb - Starting...
2019-10-10T11:35:22.560+0000: 31.015: [GC (Allocation Failure) 2019-10-10T11:35:22.560+0000: 31.015: [DefNew: 409600K->32187K(460800K), 0.0957643 secs] 435536K->58124K(1484800K), 0.0958645 secs] [Times: user=0.08 sys=0.01, real=0.10 secs] 
2019-10-10T11:35:34.596+0000: 43.051: [GC (Allocation Failure) 2019-10-10T11:35:34.596+0000: 43.051: [DefNew: 441787K->1456K(460800K), 0.0823823 secs] 467724K->56216K(1484800K), 0.0824809 secs] [Times: user=0.06 sys=0.03, real=0.08 secs] 
2019-10-10T11:35:43.058+0000: 51.513: [GC (Allocation Failure) 2019-10-10T11:35:43.058+0000: 51.513: [DefNew: 411056K->1369K(460800K), 0.0093490 secs] 465816K->56129K(1484800K), 0.0094450 secs] [Times: user=0.01 sys=0.00, real=0.01 secs] 
2019-10-10T11:35:49.539+0000: 57.994: [GC (Allocation Failure) 2019-10-10T11:35:49.539+0000: 57.994: [DefNew: 410969K->1619K(460800K), 0.0057311 secs] 465729K->56379K(1484800K), 0.0058292 secs] [Times: user=0.01 sys=0.00, real=0.00 secs] 
2019-10-10T11:35:58.644+0000: 67.099: [GC (Allocation Failure) 2019-10-10T11:35:58.644+0000: 67.099: [DefNew: 411219K->2220K(460800K), 0.0093980 secs] 465979K->56980K(1484800K), 0.0094824 secs] [Times: user=0.01 sys=0.00, real=0.01 secs] 
2019-10-10T11:36:08.341+0000: 76.796: [GC (Allocation Failure) 2019-10-10T11:36:08.341+0000: 76.797: [DefNew: 411820K->1803K(460800K), 0.0045512 secs] 466580K->56563K(1484800K), 0.0046426 secs] [Times: user=0.00 sys=0.00, real=0.00 secs] 
2019-10-10T11:36:16.164+0000: 84.619: [GC (Allocation Failure) 2019-10-10T11:36:16.164+0000: 84.620: [DefNew: 411403K->1808K(460800K), 0.0043375 secs] 466163K->56568K(1484800K), 0.0044350 secs] [Times: user=0.01 sys=0.00, real=0.01 secs] 
2019-10-10T11:36:23.060+0000: 91.515: [GC (Allocation Failure) 2019-10-10T11:36:23.060+0000: 91.515: [DefNew: 411408K->1857K(460800K), 0.0045683 secs] 466168K->56616K(1484800K), 0.0046581 secs] [Times: user=0.01 sys=0.00, real=0.00 secs] 
2019-10-10T11:36:30.320+0000: 98.776: [GC (Allocation Failure) 2019-10-10T11:36:30.320+0000: 98.776: [DefNew: 411457K->1881K(460800K), 0.0047057 secs] 466216K->56640K(1484800K), 0.0048038 secs] [Times: user=0.00 sys=0.00, real=0.00 secs] 
2019-10-10T11:36:37.991+0000: 106.446: [GC (Allocation Failure) 2019-10-10T11:36:37.991+0000: 106.446: [DefNew: 411481K->1835K(460800K), 0.0044448 secs] 466240K->56594K(1484800K), 0.0045459 secs] [Times: user=0.01 sys=0.00, real=0.01 secs] 
2019-10-10T11:36:45.264+0000: 113.719: [GC (Allocation Failure) 2019-10-10T11:36:45.264+0000: 113.719: [DefNew: 411435K->1807K(460800K), 0.0044704 secs] 466194K->56566K(1484800K), 0.0045576 secs] [Times: user=0.01 sys=0.00, real=0.01 secs] 
2019-10-10T11:36:52.518+0000: 120.973: [GC (Allocation Failure) 2019-10-10T11:36:52.518+0000: 120.974: [DefNew: 411407K->1812K(460800K), 0.0045967 secs] 466166K->56572K(1484800K), 0.0046976 secs] [Times: user=0.00 sys=0.00, real=0.00 secs] 
2019-10-10T11:37:00.355+0000: 128.810: [GC (Allocation Failure) 2019-10-10T11:37:00.355+0000: 128.811: [DefNew: 411412K->1859K(460800K), 0.0049455 secs] 466172K->56618K(1484800K), 0.0050280 secs] [Times: user=0.01 sys=0.00, real=0.00 secs] 
2019-10-10T11:37:07.606+0000: 136.061: [GC (Allocation Failure) 2019-10-10T11:37:07.606+0000: 136.061: [DefNew: 411459K->1855K(460800K), 0.0046296 secs] 466218K->56615K(1484800K), 0.0047317 secs] [Times: user=0.00 sys=0.00, real=0.01 secs] 
2019-10-10T11:37:14.891+0000: 143.346: [GC (Allocation Failure) 2019-10-10T11:37:14.891+0000: 143.346: [DefNew: 411455K->1855K(460800K), 0.0045284 secs] 466215K->56615K(1484800K), 0.0046241 secs] [Times: user=0.01 sys=0.00, real=0.01 secs] 
2019-10-10T11:37:22.295+0000: 150.750: [GC (Allocation Failure) 2019-10-10T11:37:22.295+0000: 150.750: [DefNew: 411455K->1861K(460800K), 0.0043997 secs] 466215K->56621K(1484800K), 0.0045070 secs] [Times: user=0.00 sys=0.01, real=0.01 secs] 
2019-10-10T11:37:29.997+0000: 158.452: [GC (Allocation Failure) 2019-10-10T11:37:29.997+0000: 158.452: [DefNew: 411461K->1606K(460800K), 0.0051334 secs] 466221K->56657K(1484800K), 0.0052263 secs] [Times: user=0.00 sys=0.00, real=0.00 secs] 
2019-10-10T11:37:37.300+0000: 165.755: [GC (Allocation Failure) 2019-10-10T11:37:37.300+0000: 165.755: [DefNew: 411206K->1403K(460800K), 0.0045022 secs] 466257K->56624K(1484800K), 0.0045914 secs] [Times: user=0.01 sys=0.00, real=0.00 secs] 
2019-10-10T11:37:44.927+0000: 173.382: [GC (Allocation Failure) 2019-10-10T11:37:44.927+0000: 173.382: [DefNew: 411003K->1252K(460800K), 0.0041789 secs] 466224K->56616K(1484800K), 0.0042645 secs] [Times: user=0.01 sys=0.00, real=0.00 secs] 
2019-10-10T11:37:52.390+0000: 180.845: [GC (Allocation Failure) 2019-10-10T11:37:52.390+0000: 180.845: [DefNew: 410852K->239K(460800K), 0.0054167 secs] 466216K->56659K(1484800K), 0.0055174 secs] [Times: user=0.00 sys=0.00, real=0.01 secs] 
2019-10-10T11:37:59.641+0000: 188.097: [GC (Allocation Failure) 2019-10-10T11:37:59.641+0000: 188.097: [DefNew: 409839K->278K(460800K), 0.0030818 secs] 466259K->56704K(1484800K), 0.0031736 secs] [Times: user=0.00 sys=0.00, real=0.00 secs] 
2019-10-10T11:38:06.930+0000: 195.385: [GC (Allocation Failure) 2019-10-10T11:38:06.930+0000: 195.385: [DefNew: 409878K->207K(460800K), 0.0026495 secs] 466304K->56638K(1484800K), 0.0027325 secs] [Times: user=0.01 sys=0.00, real=0.00 secs] 
2019-10-10T11:38:14.731+0000: 203.186: [GC (Allocation Failure) 2019-10-10T11:38:14.731+0000: 203.187: [DefNew: 409807K->207K(460800K), 0.0027041 secs] 466238K->56638K(1484800K), 0.0027943 secs] [Times: user=0.00 sys=0.00, real=0.00 secs] 
2019-10-10T11:38:22.074+0000: 210.529: [GC (Allocation Failure) 2019-10-10T11:38:22.074+0000: 210.529: [DefNew: 409807K->264K(460800K), 0.0027962 secs] 466238K->56695K(1484800K), 0.0028928 secs] [Times: user=0.00 sys=0.00, real=0.01 secs] 
2019-10-10T11:38:29.330+0000: 217.785: [GC (Allocation Failure) 2019-10-10T11:38:29.330+0000: 217.786: [DefNew: 409864K->273K(460800K), 0.0028395 secs] 466295K->56704K(1484800K), 0.0029342 secs] [Times: user=0.00 sys=0.00, real=0.00 secs] 
2019-10-10T11:38:37.081+0000: 225.536: [GC (Allocation Failure) 2019-10-10T11:38:37.081+0000: 225.536: [DefNew: 409873K->236K(460800K), 0.0027696 secs] 466304K->56667K(1484800K), 0.0028596 secs] [Times: user=0.00 sys=0.00, real=0.00 secs] 
2019-10-10T11:38:44.393+0000: 232.849: [GC (Allocation Failure) 2019-10-10T11:38:44.394+0000: 232.849: [DefNew: 409836K->251K(460800K), 0.0029284 secs] 466267K->56682K(1484800K), 0.0030182 secs] [Times: user=0.00 sys=0.00, real=0.01 secs] 
2019-10-10T11:38:51.657+0000: 240.113: [GC (Allocation Failure) 2019-10-10T11:38:51.657+0000: 240.113: [DefNew: 409851K->244K(460800K), 0.0029410 secs] 466282K->56722K(1484800K), 0.0030219 secs] [Times: user=0.00 sys=0.00, real=0.00 secs] 
2019-10-10T11:38:59.352+0000: 247.807: [GC (Allocation Failure) 2019-10-10T11:38:59.352+0000: 247.807: [DefNew: 409844K->198K(460800K), 0.0028585 secs] 466322K->56675K(1484800K), 0.0029411 secs] [Times: user=0.00 sys=0.00, real=0.00 secs] 
2019-10-10T11:39:06.693+0000: 255.148: [GC (Allocation Failure) 2019-10-10T11:39:06.693+0000: 255.148: [DefNew: 409798K->198K(460800K), 0.0027930 secs] 466275K->56676K(1484800K), 0.0028897 secs] [Times: user=0.00 sys=0.00, real=0.01 secs] 
2019-10-10T11:39:13.943+0000: 262.399: [GC (Allocation Failure) 2019-10-10T11:39:13.943+0000: 262.399: [DefNew: 409798K->196K(460800K), 0.0026926 secs] 466276K->56674K(1484800K), 0.0027887 secs] [Times: user=0.00 sys=0.00, real=0.00 secs] 
2019-10-10T11:39:21.200+0000: 269.655: [GC (Allocation Failure) 2019-10-10T11:39:21.200+0000: 269.656: [DefNew: 409796K->195K(460800K), 0.0028882 secs] 466274K->56674K(1484800K), 0.0029871 secs] [Times: user=0.00 sys=0.00, real=0.00 secs] 
2019-10-10T11:39:28.980+0000: 277.435: [GC (Allocation Failure) 2019-10-10T11:39:28.980+0000: 277.435: [DefNew: 409795K->214K(460800K), 0.0027603 secs] 466274K->56693K(1484800K), 0.0028564 secs] [Times: user=0.01 sys=0.00, real=0.00 secs] 
2019-10-10T11:39:36.251+0000: 284.706: [GC (Allocation Failure) 2019-10-10T11:39:36.251+0000: 284.706: [DefNew: 409814K->194K(460800K), 0.0027797 secs] 466293K->56673K(1484800K), 0.0028762 secs] [Times: user=0.00 sys=0.00, real=0.00 secs] 
2019-10-10T11:39:43.710+0000: 292.165: [GC (Allocation Failure) 2019-10-10T11:39:43.710+0000: 292.165: [DefNew: 409794K->235K(460800K), 0.0028160 secs] 466273K->56714K(1484800K), 0.0029017 secs] [Times: user=0.00 sys=0.00, real=0.00 secs] 
2019-10-10T11:39:51.262+0000: 299.718: [GC (Allocation Failure) 2019-10-10T11:39:51.262+0000: 299.718: [DefNew: 409835K->209K(460800K), 0.0029016 secs] 466314K->56709K(1484800K), 0.0030072 secs] [Times: user=0.00 sys=0.00, real=0.00 secs] 
2019-10-10T11:39:58.548+0000: 307.003: [GC (Allocation Failure) 2019-10-10T11:39:58.548+0000: 307.003: [DefNew: 409809K->193K(460800K), 0.0028654 secs] 466309K->56693K(1484800K), 0.0029686 secs] [Times: user=0.00 sys=0.00, real=0.00 secs] 
2019-10-10T11:40:05.827+0000: 314.282: [GC (Allocation Failure) 2019-10-10T11:40:05.827+0000: 314.282: [DefNew: 409793K->196K(460800K), 0.0027827 secs] 466293K->56696K(1484800K), 0.0028706 secs] [Times: user=0.00 sys=0.00, real=0.01 secs] 
2019-10-10T11:40:13.563+0000: 322.019: [GC (Allocation Failure) 2019-10-10T11:40:13.563+0000: 322.019: [DefNew: 409796K->195K(460800K), 0.0026771 secs] 466296K->56695K(1484800K), 0.0027840 secs] [Times: user=0.00 sys=0.00, real=0.00 secs] 
2019-10-10T11:40:20.929+0000: 329.385: [GC (Allocation Failure) 2019-10-10T11:40:20.929+0000: 329.385: [DefNew: 409795K->191K(460800K), 0.0026389 secs] 466295K->56691K(1484800K), 0.0027335 secs] [Times: user=0.01 sys=0.00, real=0.00 secs] 
2019-10-10T11:40:28.265+0000: 336.720: [GC (Allocation Failure) 2019-10-10T11:40:28.265+0000: 336.720: [DefNew: 409791K->191K(460800K), 0.0027347 secs] 466291K->56691K(1484800K), 0.0028299 secs] [Times: user=0.00 sys=0.00, real=0.01 secs] 
2019-10-10T11:40:35.977+0000: 344.432: [GC (Allocation Failure) 2019-10-10T11:40:35.977+0000: 344.432: [DefNew: 409791K->203K(460800K), 0.0027851 secs] 466291K->56704K(1484800K), 0.0028781 secs] [Times: user=0.00 sys=0.00, real=0.00 secs] 
2019-10-10T11:40:43.349+0000: 351.805: [GC (Allocation Failure) 2019-10-10T11:40:43.349+0000: 351.805: [DefNew: 409803K->206K(460800K), 0.0027890 secs] 466304K->56707K(1484800K), 0.0028858 secs] [Times: user=0.00 sys=0.00, real=0.00 secs] 
2019-10-10T11:40:50.630+0000: 359.085: [GC (Allocation Failure) 2019-10-10T11:40:50.630+0000: 359.085: [DefNew: 409806K->158K(460800K), 0.0026629 secs] 466307K->56693K(1484800K), 0.0027379 secs] [Times: user=0.00 sys=0.00, real=0.00 secs] 
2019-10-10T11:40:57.747+0000: 366.202: [GC (Allocation Failure) 2019-10-10T11:40:57.747+0000: 366.202: [DefNew: 409758K->174K(460800K), 0.0028964 secs] 466293K->56710K(1484800K), 0.0029826 secs] [Times: user=0.00 sys=0.00, real=0.01 secs] 
2019-10-10T11:41:05.468+0000: 373.923: [GC (Allocation Failure) 2019-10-10T11:41:05.468+0000: 373.923: [DefNew: 409774K->181K(460800K), 0.0028061 secs] 466310K->56717K(1484800K), 0.0029029 secs] [Times: user=0.01 sys=0.00, real=0.00 secs] 
2019-10-10T11:41:12.764+0000: 381.219: [GC (Allocation Failure) 2019-10-10T11:41:12.764+0000: 381.219: [DefNew: 409781K->171K(460800K), 0.0028815 secs] 466317K->56707K(1484800K), 0.0030281 secs] [Times: user=0.00 sys=0.00, real=0.01 secs] 
2019-10-10T11:41:20.081+0000: 388.536: [GC (Allocation Failure) 2019-10-10T11:41:20.081+0000: 388.536: [DefNew: 409771K->174K(460800K), 0.0027875 secs] 466307K->56710K(1484800K), 0.0028735 secs] [Times: user=0.00 sys=0.00, real=0.00 secs] 
2019-10-10T11:41:27.864+0000: 396.319: [GC (Allocation Failure) 2019-10-10T11:41:27.864+0000: 396.319: [DefNew: 409774K->202K(460800K), 0.0028255 secs] 466310K->56738K(1484800K), 0.0029174 secs] [Times: user=0.00 sys=0.00, real=0.00 secs] 
2019-10-10T11:41:35.171+0000: 403.626: [GC (Allocation Failure) 2019-10-10T11:41:35.171+0000: 403.626: [DefNew: 409802K->228K(460800K), 0.0026491 secs] 466338K->56765K(1484800K), 0.0027788 secs] [Times: user=0.00 sys=0.01, real=0.00 secs] 
2019-10-10T11:41:42.418+0000: 410.873: [GC (Allocation Failure) 2019-10-10T11:41:42.418+0000: 410.873: [DefNew: 409828K->172K(460800K), 0.0026828 secs] 466365K->56709K(1484800K), 0.0027726 secs] [Times: user=0.00 sys=0.00, real=0.00 secs] 
2019-10-10T11:41:50.189+0000: 418.644: [GC (Allocation Failure) 2019-10-10T11:41:50.189+0000: 418.644: [DefNew: 409772K->157K(460800K), 0.0027829 secs] 466309K->56711K(1484800K), 0.0028729 secs] [Times: user=0.00 sys=0.00, real=0.00 secs] 
2019-10-10T11:41:57.414+0000: 425.870: [GC (Allocation Failure) 2019-10-10T11:41:57.414+0000: 425.870: [DefNew: 409757K->176K(460800K), 0.0028026 secs] 466311K->56729K(1484800K), 0.0028922 secs] [Times: user=0.00 sys=0.00, real=0.01 secs] 
2019-10-10T11:42:04.677+0000: 433.132: [GC (Allocation Failure) 2019-10-10T11:42:04.677+0000: 433.132: [DefNew: 409776K->168K(460800K), 0.0027608 secs] 466329K->56722K(1484800K), 0.0028518 secs] [Times: user=0.00 sys=0.00, real=0.00 secs] 
2019-10-10T11:42:11.915+0000: 440.371: [GC (Allocation Failure) 2019-10-10T11:42:11.915+0000: 440.371: [DefNew: 409768K->167K(460800K), 0.0027311 secs] 466322K->56721K(1484800K), 0.0028212 secs] [Times: user=0.00 sys=0.00, real=0.00 secs] 
2019-10-10T11:42:19.717+0000: 448.172: [GC (Allocation Failure) 2019-10-10T11:42:19.717+0000: 448.172: [DefNew: 409767K->181K(460800K), 0.0029229 secs] 466321K->56735K(1484800K), 0.0030151 secs] [Times: user=0.01 sys=0.00, real=0.00 secs] 
2019-10-10T11:42:27.007+0000: 455.463: [GC (Allocation Failure) 2019-10-10T11:42:27.008+0000: 455.463: [DefNew: 409781K->168K(460800K), 0.0027060 secs] 466335K->56722K(1484800K), 0.0027931 secs] [Times: user=0.00 sys=0.00, real=0.00 secs] 
11:42:33.601 [worker-akka.actor.default-dispatcher-6] INFO  a.r.a.Association(akka://worker) akka.remote.artery.Association(akka://worker) - Stopping idle outbound stream [2] to [akka://worker@flamestream-benchmarks-worker-0:5412]
2019-10-10T11:42:34.759+0000: 463.214: [GC (Allocation Failure) 2019-10-10T11:42:34.759+0000: 463.214: [DefNew: 409768K->355K(460800K), 0.0030659 secs] 466322K->56909K(1484800K), 0.0031520 secs] [Times: user=0.00 sys=0.00, real=0.00 secs] 
2019-10-10T11:42:42.036+0000: 470.491: [GC (Allocation Failure) 2019-10-10T11:42:42.036+0000: 470.491: [DefNew: 409955K->229K(460800K), 0.0030357 secs] 466509K->56783K(1484800K), 0.0031246 secs] [Times: user=0.00 sys=0.00, real=0.00 secs] 
2019-10-10T11:42:49.330+0000: 477.786: [GC (Allocation Failure) 2019-10-10T11:42:49.330+0000: 477.786: [DefNew: 409829K->209K(460800K), 0.0029434 secs] 466383K->56778K(1484800K), 0.0030474 secs] [Times: user=0.01 sys=0.00, real=0.00 secs] 
2019-10-10T11:42:56.679+0000: 485.135: [GC (Allocation Failure) 2019-10-10T11:42:56.679+0000: 485.135: [DefNew: 409809K->220K(460800K), 0.0029991 secs] 466378K->56789K(1484800K), 0.0030847 secs] [Times: user=0.01 sys=0.00, real=0.00 secs] 
2019-10-10T11:43:04.398+0000: 492.853: [GC (Allocation Failure) 2019-10-10T11:43:04.398+0000: 492.853: [DefNew: 409820K->233K(460800K), 0.0030588 secs] 466389K->56803K(1484800K), 0.0031466 secs] [Times: user=0.00 sys=0.00, real=0.00 secs] 
2019-10-10T11:43:11.747+0000: 500.203: [GC (Allocation Failure) 2019-10-10T11:43:11.747+0000: 500.203: [DefNew: 409833K->254K(460800K), 0.0029994 secs] 466403K->56823K(1484800K), 0.0031046 secs] [Times: user=0.01 sys=0.00, real=0.00 secs] 
2019-10-10T11:43:18.955+0000: 507.410: [GC (Allocation Failure) 2019-10-10T11:43:18.955+0000: 507.410: [DefNew: 409854K->221K(460800K), 0.0029753 secs] 466423K->56790K(1484800K), 0.0030614 secs] [Times: user=0.00 sys=0.00, real=0.01 secs] 
2019-10-10T11:43:26.596+0000: 515.051: [GC (Allocation Failure) 2019-10-10T11:43:26.596+0000: 515.051: [DefNew: 409821K->219K(460800K), 0.0028640 secs] 466390K->56790K(1484800K), 0.0029638 secs] [Times: user=0.01 sys=0.00, real=0.00 secs] 
2019-10-10T11:43:33.954+0000: 522.409: [GC (Allocation Failure) 2019-10-10T11:43:33.954+0000: 522.409: [DefNew: 409819K->255K(460800K), 0.0029697 secs] 466390K->56826K(1484800K), 0.0030602 secs] [Times: user=0.01 sys=0.00, real=0.01 secs] 
2019-10-10T11:43:41.261+0000: 529.717: [GC (Allocation Failure) 2019-10-10T11:43:41.261+0000: 529.717: [DefNew: 409855K->218K(460800K), 0.0030424 secs] 466426K->56789K(1484800K), 0.0031321 secs] [Times: user=0.00 sys=0.00, real=0.00 secs] 
2019-10-10T11:43:48.498+0000: 536.953: [GC (Allocation Failure) 2019-10-10T11:43:48.498+0000: 536.953: [DefNew: 409818K->262K(460800K), 0.0030718 secs] 466389K->56844K(1484800K), 0.0031602 secs] [Times: user=0.00 sys=0.00, real=0.00 secs] 
2019-10-10T11:43:56.257+0000: 544.713: [GC (Allocation Failure) 2019-10-10T11:43:56.257+0000: 544.713: [DefNew: 409862K->220K(460800K), 0.0030756 secs] 466444K->56802K(1484800K), 0.0031601 secs] [Times: user=0.00 sys=0.00, real=0.00 secs] 
2019-10-10T11:44:03.555+0000: 552.011: [GC (Allocation Failure) 2019-10-10T11:44:03.555+0000: 552.011: [DefNew: 409820K->223K(460800K), 0.0033275 secs] 466402K->56805K(1484800K), 0.0034241 secs] [Times: user=0.01 sys=0.00, real=0.00 secs] 
2019-10-10T11:44:10.833+0000: 559.288: [GC (Allocation Failure) 2019-10-10T11:44:10.833+0000: 559.288: [DefNew: 409823K->320K(460800K), 0.0030692 secs] 466405K->56903K(1484800K), 0.0031592 secs] [Times: user=0.00 sys=0.00, real=0.01 secs] 
2019-10-10T11:44:18.554+0000: 567.009: [GC (Allocation Failure) 2019-10-10T11:44:18.554+0000: 567.009: [DefNew: 409920K->221K(460800K), 0.0028792 secs] 466503K->56805K(1484800K), 0.0029535 secs] [Times: user=0.00 sys=0.00, real=0.01 secs] 
2019-10-10T11:44:25.862+0000: 574.317: [GC (Allocation Failure) 2019-10-10T11:44:25.862+0000: 574.318: [DefNew: 409821K->194K(460800K), 0.0031001 secs] 466405K->56814K(1484800K), 0.0031856 secs] [Times: user=0.01 sys=0.00, real=0.00 secs] 
2019-10-10T11:44:33.150+0000: 581.605: [GC (Allocation Failure) 2019-10-10T11:44:33.150+0000: 581.605: [DefNew: 409794K->167K(460800K), 0.0028670 secs] 466414K->56808K(1484800K), 0.0029559 secs] [Times: user=0.00 sys=0.00, real=0.00 secs] 
2019-10-10T11:44:40.948+0000: 589.403: [GC (Allocation Failure) 2019-10-10T11:44:40.948+0000: 589.403: [DefNew: 409767K->167K(460800K), 0.0027122 secs] 466408K->56807K(1484800K), 0.0028038 secs] [Times: user=0.00 sys=0.00, real=0.00 secs] 
2019-10-10T11:44:48.196+0000: 596.651: [GC (Allocation Failure) 2019-10-10T11:44:48.196+0000: 596.651: [DefNew: 409767K->157K(460800K), 0.0027077 secs] 466407K->56807K(1484800K), 0.0027828 secs] [Times: user=0.00 sys=0.00, real=0.00 secs] 
2019-10-10T11:44:55.522+0000: 603.977: [GC (Allocation Failure) 2019-10-10T11:44:55.522+0000: 603.977: [DefNew: 409757K->165K(460800K), 0.0027751 secs] 466407K->56815K(1484800K), 0.0028636 secs] [Times: user=0.00 sys=0.00, real=0.00 secs] 
2019-10-10T11:45:02.828+0000: 611.283: [GC (Allocation Failure) 2019-10-10T11:45:02.828+0000: 611.283: [DefNew: 409765K->166K(460800K), 0.0028134 secs] 466415K->56816K(1484800K), 0.0028993 secs] [Times: user=0.00 sys=0.00, real=0.00 secs] 
2019-10-10T11:45:10.485+0000: 618.940: [GC (Allocation Failure) 2019-10-10T11:45:10.485+0000: 618.940: [DefNew: 409766K->193K(460800K), 0.0028420 secs] 466416K->56844K(1484800K), 0.0029261 secs] [Times: user=0.00 sys=0.00, real=0.01 secs] 
2019-10-10T11:45:17.850+0000: 626.305: [GC (Allocation Failure) 2019-10-10T11:45:17.850+0000: 626.305: [DefNew: 409793K->166K(460800K), 0.0027408 secs] 466444K->56817K(1484800K), 0.0028431 secs] [Times: user=0.01 sys=0.00, real=0.00 secs] 
2019-10-10T11:45:25.147+0000: 633.602: [GC (Allocation Failure) 2019-10-10T11:45:25.147+0000: 633.603: [DefNew: 409766K->168K(460800K), 0.0026945 secs] 466417K->56819K(1484800K), 0.0027758 secs] [Times: user=0.00 sys=0.00, real=0.00 secs] 
2019-10-10T11:45:32.930+0000: 641.385: [GC (Allocation Failure) 2019-10-10T11:45:32.930+0000: 641.385: [DefNew: 409768K->166K(460800K), 0.0026463 secs] 466419K->56817K(1484800K), 0.0027289 secs] [Times: user=0.00 sys=0.01, real=0.00 secs] 
2019-10-10T11:45:40.195+0000: 648.650: [GC (Allocation Failure) 2019-10-10T11:45:40.195+0000: 648.650: [DefNew: 409766K->165K(460800K), 0.0030665 secs] 466417K->56817K(1484800K), 0.0031503 secs] [Times: user=0.01 sys=0.00, real=0.01 secs] 
2019-10-10T11:45:47.476+0000: 655.931: [GC (Allocation Failure) 2019-10-10T11:45:47.476+0000: 655.931: [DefNew: 409765K->153K(460800K), 0.0028596 secs] 466417K->56818K(1484800K), 0.0029334 secs] [Times: user=0.00 sys=0.00, real=0.00 secs] 
2019-10-10T11:45:55.205+0000: 663.661: [GC (Allocation Failure) 2019-10-10T11:45:55.205+0000: 663.661: [DefNew: 409753K->162K(460800K), 0.0031882 secs] 466418K->56827K(1484800K), 0.0032876 secs] [Times: user=0.01 sys=0.00, real=0.01 secs] 
2019-10-10T11:46:02.507+0000: 670.963: [GC (Allocation Failure) 2019-10-10T11:46:02.507+0000: 670.963: [DefNew: 409762K->180K(460800K), 0.0028251 secs] 466427K->56846K(1484800K), 0.0029102 secs] [Times: user=0.00 sys=0.00, real=0.00 secs] 
2019-10-10T11:46:09.772+0000: 678.228: [GC (Allocation Failure) 2019-10-10T11:46:09.772+0000: 678.228: [DefNew: 409780K->214K(460800K), 0.0028097 secs] 466446K->56881K(1484800K), 0.0029007 secs] [Times: user=0.00 sys=0.00, real=0.01 secs] 
2019-10-10T11:46:17.579+0000: 686.034: [GC (Allocation Failure) 2019-10-10T11:46:17.579+0000: 686.034: [DefNew: 409814K->164K(460800K), 0.0026660 secs] 466481K->56831K(1484800K), 0.0027532 secs] [Times: user=0.01 sys=0.00, real=0.00 secs] 
2019-10-10T11:46:24.844+0000: 693.300: [GC (Allocation Failure) 2019-10-10T11:46:24.844+0000: 693.300: [DefNew: 409764K->174K(460800K), 0.0027981 secs] 466431K->56843K(1484800K), 0.0029014 secs] [Times: user=0.00 sys=0.00, real=0.01 secs] 
2019-10-10T11:46:32.160+0000: 700.615: [GC (Allocation Failure) 2019-10-10T11:46:32.160+0000: 700.616: [DefNew: 409774K->185K(460800K), 0.0028358 secs] 466443K->56854K(1484800K), 0.0029260 secs] [Times: user=0.00 sys=0.00, real=0.00 secs] 
2019-10-10T11:46:39.988+0000: 708.443: [GC (Allocation Failure) 2019-10-10T11:46:39.988+0000: 708.443: [DefNew: 409785K->158K(460800K), 0.0024728 secs] 466454K->56827K(1484800K), 0.0025625 secs] [Times: user=0.00 sys=0.00, real=0.00 secs] 
2019-10-10T11:46:47.349+0000: 715.805: [GC (Allocation Failure) 2019-10-10T11:46:47.349+0000: 715.805: [DefNew: 409758K->150K(460800K), 0.0026617 secs] 466427K->56828K(1484800K), 0.0027496 secs] [Times: user=0.00 sys=0.00, real=0.00 secs] 
2019-10-10T11:46:54.565+0000: 723.021: [GC (Allocation Failure) 2019-10-10T11:46:54.565+0000: 723.021: [DefNew: 409750K->192K(460800K), 0.0028470 secs] 466428K->56870K(1484800K), 0.0029186 secs] [Times: user=0.00 sys=0.00, real=0.01 secs] 
2019-10-10T11:47:01.794+0000: 730.250: [GC (Allocation Failure) 2019-10-10T11:47:01.795+0000: 730.250: [DefNew: 409792K->165K(460800K), 0.0028173 secs] 466470K->56843K(1484800K), 0.0029056 secs] [Times: user=0.00 sys=0.00, real=0.01 secs] 
2019-10-10T11:47:09.514+0000: 737.969: [GC (Allocation Failure) 2019-10-10T11:47:09.514+0000: 737.969: [DefNew: 409765K->164K(460800K), 0.0027063 secs] 466443K->56843K(1484800K), 0.0027955 secs] [Times: user=0.00 sys=0.00, real=0.01 secs] 
2019-10-10T11:47:16.820+0000: 745.275: [GC (Allocation Failure) 2019-10-10T11:47:16.820+0000: 745.275: [DefNew: 409764K->232K(460800K), 0.0027142 secs] 466443K->56911K(1484800K), 0.0028024 secs] [Times: user=0.00 sys=0.00, real=0.00 secs] 
2019-10-10T11:47:24.087+0000: 752.542: [GC (Allocation Failure) 2019-10-10T11:47:24.087+0000: 752.542: [DefNew: 409832K->164K(460800K), 0.0028928 secs] 466511K->56843K(1484800K), 0.0029965 secs] [Times: user=0.00 sys=0.00, real=0.01 secs] 
2019-10-10T11:47:31.932+0000: 760.387: [GC (Allocation Failure) 2019-10-10T11:47:31.932+0000: 760.387: [DefNew: 409764K->165K(460800K), 0.0026484 secs] 466443K->56843K(1484800K), 0.0027351 secs] [Times: user=0.00 sys=0.00, real=0.00 secs] 
2019-10-10T11:47:39.209+0000: 767.664: [GC (Allocation Failure) 2019-10-10T11:47:39.209+0000: 767.665: [DefNew: 409765K->164K(460800K), 0.0026111 secs] 466443K->56842K(1484800K), 0.0026845 secs] [Times: user=0.01 sys=0.00, real=0.00 secs] 
2019-10-10T11:47:46.531+0000: 774.986: [GC (Allocation Failure) 2019-10-10T11:47:46.531+0000: 774.986: [DefNew: 409764K->156K(460800K), 0.0026082 secs] 466442K->56845K(1484800K), 0.0026823 secs] [Times: user=0.00 sys=0.00, real=0.00 secs] 
2019-10-10T11:47:54.295+0000: 782.751: [GC (Allocation Failure) 2019-10-10T11:47:54.295+0000: 782.751: [DefNew: 409756K->158K(460800K), 0.0026242 secs] 466445K->56847K(1484800K), 0.0027125 secs] [Times: user=0.01 sys=0.00, real=0.00 secs] 
2019-10-10T11:48:01.512+0000: 789.967: [GC (Allocation Failure) 2019-10-10T11:48:01.512+0000: 789.967: [DefNew: 409758K->166K(460800K), 0.0028173 secs] 466447K->56855K(1484800K), 0.0029283 secs] [Times: user=0.00 sys=0.00, real=0.00 secs] 
2019-10-10T11:48:08.791+0000: 797.246: [GC (Allocation Failure) 2019-10-10T11:48:08.791+0000: 797.246: [DefNew: 409766K->243K(460800K), 0.0026941 secs] 466455K->56932K(1484800K), 0.0027873 secs] [Times: user=0.00 sys=0.00, real=0.00 secs] 
2019-10-10T11:48:16.609+0000: 805.065: [GC (Allocation Failure) 2019-10-10T11:48:16.609+0000: 805.065: [DefNew: 409843K->168K(460800K), 0.0026748 secs] 466532K->56857K(1484800K), 0.0027546 secs] [Times: user=0.00 sys=0.00, real=0.00 secs] 
2019-10-10T11:48:23.925+0000: 812.381: [GC (Allocation Failure) 2019-10-10T11:48:23.925+0000: 812.381: [DefNew: 409768K->207K(460800K), 0.0029370 secs] 466457K->56896K(1484800K), 0.0030263 secs] [Times: user=0.01 sys=0.00, real=0.01 secs] 
2019-10-10T11:48:31.142+0000: 819.597: [GC (Allocation Failure) 2019-10-10T11:48:31.142+0000: 819.597: [DefNew: 409807K->167K(460800K), 0.0024731 secs] 466496K->56856K(1484800K), 0.0025820 secs] [Times: user=0.00 sys=0.00, real=0.00 secs] 
2019-10-10T11:48:38.892+0000: 827.348: [GC (Allocation Failure) 2019-10-10T11:48:38.892+0000: 827.348: [DefNew: 409767K->167K(460800K), 0.0026228 secs] 466456K->56856K(1484800K), 0.0027194 secs] [Times: user=0.00 sys=0.00, real=0.01 secs] 
2019-10-10T11:48:46.199+0000: 834.654: [GC (Allocation Failure) 2019-10-10T11:48:46.199+0000: 834.654: [DefNew: 409767K->162K(460800K), 0.0027402 secs] 466456K->56858K(1484800K), 0.0028339 secs] [Times: user=0.00 sys=0.00, real=0.00 secs] 
2019-10-10T11:48:53.618+0000: 842.073: [GC (Allocation Failure) 2019-10-10T11:48:53.618+0000: 842.073: [DefNew: 409762K->232K(460800K), 0.0027764 secs] 466458K->56937K(1484800K), 0.0028561 secs] [Times: user=0.00 sys=0.00, real=0.00 secs] 
2019-10-10T11:49:00.739+0000: 849.194: [GC (Allocation Failure) 2019-10-10T11:49:00.739+0000: 849.194: [DefNew: 409832K->211K(460800K), 0.0028853 secs] 466537K->56916K(1484800K), 0.0029710 secs] [Times: user=0.01 sys=0.00, real=0.00 secs] 
2019-10-10T11:49:08.459+0000: 856.914: [GC (Allocation Failure) 2019-10-10T11:49:08.459+0000: 856.914: [DefNew: 409811K->163K(460800K), 0.0025812 secs] 466516K->56868K(1484800K), 0.0026683 secs] [Times: user=0.01 sys=0.00, real=0.00 secs] 
2019-10-10T11:49:15.731+0000: 864.187: [GC (Allocation Failure) 2019-10-10T11:49:15.731+0000: 864.187: [DefNew: 409763K->230K(460800K), 0.0027017 secs] 466468K->56935K(1484800K), 0.0027883 secs] [Times: user=0.01 sys=0.00, real=0.00 secs] 
2019-10-10T11:49:23.029+0000: 871.484: [GC (Allocation Failure) 2019-10-10T11:49:23.029+0000: 871.484: [DefNew: 409830K->164K(460800K), 0.0026154 secs] 466535K->56869K(1484800K), 0.0026897 secs] [Times: user=0.00 sys=0.00, real=0.00 secs] 
2019-10-10T11:49:30.782+0000: 879.238: [GC (Allocation Failure) 2019-10-10T11:49:30.782+0000: 879.238: [DefNew: 409764K->163K(460800K), 0.0028023 secs] 466469K->56869K(1484800K), 0.0029113 secs] [Times: user=0.00 sys=0.00, real=0.00 secs] 
2019-10-10T11:49:38.148+0000: 886.603: [GC (Allocation Failure) 2019-10-10T11:49:38.148+0000: 886.603: [DefNew: 409763K->162K(460800K), 0.0024876 secs] 466469K->56868K(1484800K), 0.0025903 secs] [Times: user=0.01 sys=0.00, real=0.00 secs] 
2019-10-10T11:49:45.432+0000: 893.887: [GC (Allocation Failure) 2019-10-10T11:49:45.432+0000: 893.887: [DefNew: 409762K->199K(460800K), 0.0027540 secs] 466468K->56908K(1484800K), 0.0029116 secs] [Times: user=0.00 sys=0.00, real=0.01 secs] 
2019-10-10T11:49:53.197+0000: 901.652: [GC (Allocation Failure) 2019-10-10T11:49:53.197+0000: 901.652: [DefNew: 409799K->151K(460800K), 0.0028873 secs] 466508K->56868K(1484800K), 0.0029687 secs] [Times: user=0.00 sys=0.00, real=0.00 secs] 
2019-10-10T11:50:00.455+0000: 908.911: [GC (Allocation Failure) 2019-10-10T11:50:00.455+0000: 908.911: [DefNew: 409751K->188K(460800K), 0.0028655 secs] 466468K->56905K(1484800K), 0.0029645 secs] [Times: user=0.01 sys=0.00, real=0.00 secs] 
2019-10-10T11:50:07.735+0000: 916.190: [GC (Allocation Failure) 2019-10-10T11:50:07.735+0000: 916.190: [DefNew: 409788K->159K(460800K), 0.0027849 secs] 466505K->56876K(1484800K), 0.0028716 secs] [Times: user=0.00 sys=0.00, real=0.01 secs] 
2019-10-10T11:50:15.011+0000: 923.467: [GC (Allocation Failure) 2019-10-10T11:50:15.011+0000: 923.467: [DefNew: 409759K->196K(460800K), 0.0026656 secs] 466476K->56913K(1484800K), 0.0027550 secs] [Times: user=0.01 sys=0.00, real=0.00 secs] 
2019-10-10T11:50:22.729+0000: 931.184: [GC (Allocation Failure) 2019-10-10T11:50:22.729+0000: 931.184: [DefNew: 409796K->200K(460800K), 0.0027258 secs] 466513K->56917K(1484800K), 0.0028206 secs] [Times: user=0.00 sys=0.00, real=0.00 secs] 
2019-10-10T11:50:30.025+0000: 938.480: [GC (Allocation Failure) 2019-10-10T11:50:30.025+0000: 938.480: [DefNew: 409800K->167K(460800K), 0.0027145 secs] 466517K->56884K(1484800K), 0.0028052 secs] [Times: user=0.00 sys=0.00, real=0.01 secs] 
2019-10-10T11:50:37.262+0000: 945.717: [GC (Allocation Failure) 2019-10-10T11:50:37.262+0000: 945.717: [DefNew: 409767K->170K(460800K), 0.0029944 secs] 466484K->56887K(1484800K), 0.0030791 secs] [Times: user=0.00 sys=0.00, real=0.00 secs] 
2019-10-10T11:50:45.130+0000: 953.585: [GC (Allocation Failure) 2019-10-10T11:50:45.130+0000: 953.585: [DefNew: 409770K->162K(460800K), 0.0026609 secs] 466487K->56883K(1484800K), 0.0027462 secs] [Times: user=0.00 sys=0.00, real=0.00 secs] 
2019-10-10T11:50:52.466+0000: 960.921: [GC (Allocation Failure) 2019-10-10T11:50:52.466+0000: 960.921: [DefNew: 409762K->163K(460800K), 0.0026854 secs] 466483K->56894K(1484800K), 0.0027889 secs] [Times: user=0.00 sys=0.00, real=0.01 secs] 
2019-10-10T11:50:59.756+0000: 968.211: [GC (Allocation Failure) 2019-10-10T11:50:59.756+0000: 968.211: [DefNew: 409763K->197K(460800K), 0.0029801 secs] 466494K->56927K(1484800K), 0.0030761 secs] [Times: user=0.00 sys=0.00, real=0.00 secs] 
2019-10-10T11:51:07.434+0000: 975.889: [GC (Allocation Failure) 2019-10-10T11:51:07.434+0000: 975.889: [DefNew: 409797K->158K(460800K), 0.0026199 secs] 466527K->56888K(1484800K), 0.0027079 secs] [Times: user=0.00 sys=0.00, real=0.01 secs] 
2019-10-10T11:51:14.722+0000: 983.177: [GC (Allocation Failure) 2019-10-10T11:51:14.722+0000: 983.177: [DefNew: 409758K->157K(460800K), 0.0027000 secs] 466488K->56887K(1484800K), 0.0027915 secs] [Times: user=0.00 sys=0.00, real=0.00 secs] 
2019-10-10T11:51:22.013+0000: 990.469: [GC (Allocation Failure) 2019-10-10T11:51:22.013+0000: 990.469: [DefNew: 409757K->160K(460800K), 0.0026581 secs] 466487K->56891K(1484800K), 0.0027337 secs] [Times: user=0.00 sys=0.00, real=0.01 secs] 
2019-10-10T11:51:29.782+0000: 998.238: [GC (Allocation Failure) 2019-10-10T11:51:29.782+0000: 998.238: [DefNew: 409760K->157K(460800K), 0.0026772 secs] 466491K->56887K(1484800K), 0.0027809 secs] [Times: user=0.00 sys=0.00, real=0.00 secs] 
2019-10-10T11:51:37.105+0000: 1005.560: [GC (Allocation Failure) 2019-10-10T11:51:37.105+0000: 1005.560: [DefNew: 409757K->179K(460800K), 0.0026143 secs] 466487K->56909K(1484800K), 0.0027294 secs] [Times: user=0.01 sys=0.00, real=0.01 secs] 
2019-10-10T11:51:44.355+0000: 1012.811: [GC (Allocation Failure) 2019-10-10T11:51:44.355+0000: 1012.811: [DefNew: 409779K->156K(460800K), 0.0026276 secs] 466509K->56886K(1484800K), 0.0027435 secs] [Times: user=0.00 sys=0.00, real=0.00 secs] 
11:51:50.322 [Client] INFO  c.s.f.r.e.s.SocketRear  - FlameSocketGraphDeployerRear@flamestream-benchmarks-worker-8: has been disconnected from Connection 7
11:51:50.330 [Client] INFO  c.s.f.r.e.s.SocketFront  - FlameSocketGraphDeployerFront@flamestream-benchmarks-worker-8 has been disconnected from Connection 7
11:51:54.739 [worker-akka.actor.default-dispatcher-6] INFO  a.r.a.Association(akka://worker) akka.remote.artery.Association(akka://worker) - Association to [akka://worker@flamestream-benchmarks-worker-1:5412] having UID [-1841295077369734911] has been stopped. All messages to this UID will be delivered to dead letters. Reason: ActorSystem terminated
11:51:54.928 [worker-akka.actor.default-dispatcher-6] INFO  a.r.a.Association(akka://worker) akka.remote.artery.Association(akka://worker) - Association to [akka://worker@flamestream-benchmarks-worker-2:5412] having UID [6444600634398261218] has been stopped. All messages to this UID will be delivered to dead letters. Reason: ActorSystem terminated
11:51:55.048 [worker-akka.actor.default-dispatcher-12] INFO  a.r.a.Association(akka://worker) akka.remote.artery.Association(akka://worker) - Association to [akka://worker@flamestream-benchmarks-worker-4:5412] having UID [8035050663617044396] has been stopped. All messages to this UID will be delivered to dead letters. Reason: ActorSystem terminated
11:51:55.078 [worker-akka.actor.default-dispatcher-10] INFO  a.a.LocalActorRef akka://worker/user/watcher/processing-watcher/graph/edge/FlameSocketGraphDeployerRear - Stopped
11:51:55.079 [worker-akka.actor.default-dispatcher-10] INFO  a.r.a.Association(akka://worker) akka.remote.artery.Association(akka://worker) - Association to [akka://worker@flamestream-benchmarks-worker-3:5412] having UID [-4933178446897725924] has been stopped. All messages to this UID will be delivered to dead letters. Reason: ActorSystem terminated
11:51:55.083 [worker-akka.actor.default-dispatcher-10] INFO  a.a.LocalActorRef akka://worker/user/watcher/processing-watcher/graph/negotiator - Stopped
11:51:55.097 [worker-akka.actor.default-dispatcher-13] INFO  a.a.LocalActorRef akka://worker/user/watcher/processing-watcher/graph/graph/$+ - Stopped
11:51:55.097 [worker-akka.actor.default-dispatcher-13] INFO  a.a.LocalActorRef akka://worker/user/watcher/processing-watcher/graph/edge/FlameSocketGraphDeployerFront - Stopped
11:51:55.101 [worker-akka.actor.default-dispatcher-12] INFO  a.a.LocalActorRef akka://worker/user/watcher/processing-watcher/graph/edge - Stopped
11:51:55.101 [worker-akka.actor.default-dispatcher-9] INFO  a.a.LocalActorRef akka://worker/user/watcher/processing-watcher/graph/graph/$0 - Stopped
11:51:55.102 [worker-akka.actor.default-dispatcher-9] INFO  a.a.LocalActorRef akka://worker/user/watcher/processing-watcher/graph/graph/$1 - Stopped
11:51:55.102 [worker-akka.actor.default-dispatcher-17] INFO  a.a.LocalActorRef akka://worker/user/watcher/processing-watcher/graph/graph/$2 - Stopped
11:51:55.102 [worker-akka.actor.default-dispatcher-9] INFO  a.a.LocalActorRef akka://worker/user/watcher/processing-watcher/graph/graph/$3 - Stopped
11:51:55.103 [worker-akka.actor.default-dispatcher-9] INFO  a.a.LocalActorRef akka://worker/user/watcher/processing-watcher/graph/graph/$4 - Stopped
11:51:55.103 [worker-akka.actor.default-dispatcher-9] INFO  a.a.LocalActorRef akka://worker/user/watcher/processing-watcher/graph/graph/$5 - Stopped
11:51:55.104 [worker-akka.actor.default-dispatcher-19] INFO  a.a.LocalActorRef akka://worker/user/watcher/processing-watcher/graph/graph/$6 - Stopped
11:51:55.105 [worker-akka.actor.default-dispatcher-19] INFO  a.a.LocalActorRef akka://worker/user/watcher/processing-watcher/graph/graph/$7 - Stopped
11:51:55.106 [worker-akka.actor.default-dispatcher-19] INFO  a.a.LocalActorRef akka://worker/user/watcher/processing-watcher/graph/graph/$8 - Stopped
11:51:55.107 [worker-akka.actor.default-dispatcher-19] INFO  a.a.LocalActorRef akka://worker/user/watcher/processing-watcher/graph/graph/$9 - Stopped
11:51:55.107 [worker-akka.actor.default-dispatcher-19] INFO  a.a.LocalActorRef akka://worker/user/watcher/processing-watcher/graph/graph/$A - Stopped
11:51:55.108 [worker-akka.actor.default-dispatcher-19] INFO  a.a.LocalActorRef akka://worker/user/watcher/processing-watcher/graph/graph/$Ab - Stopped
11:51:55.110 [worker-akka.actor.default-dispatcher-9] INFO  a.a.LocalActorRef akka://worker/user/watcher/processing-watcher/graph/graph/$B - Stopped
11:51:55.110 [worker-akka.actor.default-dispatcher-9] INFO  a.a.LocalActorRef akka://worker/user/watcher/processing-watcher/graph/graph/$Bb - Stopped
11:51:55.110 [worker-akka.actor.default-dispatcher-9] INFO  a.a.LocalActorRef akka://worker/user/watcher/processing-watcher/graph/graph/$C - Stopped
11:51:55.111 [worker-akka.actor.default-dispatcher-19] INFO  a.a.LocalActorRef akka://worker/user/watcher/processing-watcher/graph/graph/$Cb - Stopped
11:51:55.112 [worker-akka.actor.default-dispatcher-19] INFO  a.a.LocalActorRef akka://worker/user/watcher/processing-watcher/graph/graph/$D - Stopped
11:51:55.113 [worker-akka.actor.default-dispatcher-19] INFO  a.a.LocalActorRef akka://worker/user/watcher/processing-watcher/graph/graph/$Db - Stopped
11:51:55.114 [worker-akka.actor.default-dispatcher-19] INFO  a.a.LocalActorRef akka://worker/user/watcher/processing-watcher/graph/graph/$E - Stopped
11:51:55.114 [worker-akka.actor.default-dispatcher-19] INFO  a.a.LocalActorRef akka://worker/user/watcher/processing-watcher/graph/graph/$Eb - Stopped
11:51:55.116 [worker-akka.actor.default-dispatcher-19] INFO  a.a.LocalActorRef akka://worker/user/watcher/processing-watcher/graph/graph/$F - Stopped
11:51:55.117 [worker-akka.actor.default-dispatcher-19] INFO  a.a.LocalActorRef akka://worker/user/watcher/processing-watcher/graph/graph/$Fb - Stopped
11:51:55.117 [worker-akka.actor.default-dispatcher-19] INFO  a.a.LocalActorRef akka://worker/user/watcher/processing-watcher/graph/graph/$G - Stopped
11:51:55.118 [worker-akka.actor.default-dispatcher-19] INFO  a.a.LocalActorRef akka://worker/user/watcher/processing-watcher/graph/graph/$Gb - Stopped
11:51:55.120 [worker-akka.actor.default-dispatcher-19] INFO  a.a.LocalActorRef akka://worker/user/watcher/processing-watcher/graph/graph/$H - Stopped
11:51:55.120 [worker-akka.actor.default-dispatcher-19] INFO  a.a.LocalActorRef akka://worker/user/watcher/processing-watcher/graph/graph/$Hb - Stopped
11:51:55.121 [worker-akka.actor.default-dispatcher-19] INFO  a.a.LocalActorRef akka://worker/user/watcher/processing-watcher/graph/graph/$I - Stopped
11:51:55.122 [worker-akka.actor.default-dispatcher-19] INFO  a.a.LocalActorRef akka://worker/user/watcher/processing-watcher/graph/graph/$Ib - Stopped
11:51:55.122 [worker-akka.actor.default-dispatcher-19] INFO  a.a.LocalActorRef akka://worker/user/watcher/processing-watcher/graph/graph/$J - Stopped
11:51:55.123 [worker-akka.actor.default-dispatcher-19] INFO  a.a.LocalActorRef akka://worker/user/watcher/processing-watcher/graph/graph/$Jb - Stopped
11:51:55.124 [worker-akka.actor.default-dispatcher-19] INFO  a.a.LocalActorRef akka://worker/user/watcher/processing-watcher/graph/graph/$K - Stopped
11:51:55.125 [worker-akka.actor.default-dispatcher-19] INFO  a.a.LocalActorRef akka://worker/user/watcher/processing-watcher/graph/graph/$Kb - Stopped
11:51:55.126 [worker-akka.actor.default-dispatcher-9] INFO  a.a.LocalActorRef akka://worker/user/watcher/processing-watcher/graph/graph/$L - Stopped
11:51:55.126 [worker-akka.actor.default-dispatcher-9] INFO  a.a.LocalActorRef akka://worker/user/watcher/processing-watcher/graph/graph/$Lb - Stopped
11:51:55.127 [worker-akka.actor.default-dispatcher-19] INFO  a.a.LocalActorRef akka://worker/user/watcher/processing-watcher/graph/graph/$M - Stopped
11:51:55.128 [worker-akka.actor.default-dispatcher-19] INFO  a.a.LocalActorRef akka://worker/user/watcher/processing-watcher/graph/graph/$Mb - Stopped
11:51:55.128 [worker-akka.actor.default-dispatcher-19] INFO  a.a.LocalActorRef akka://worker/user/watcher/processing-watcher/graph/graph/$N - Stopped
11:51:55.128 [worker-akka.actor.default-dispatcher-19] INFO  a.a.LocalActorRef akka://worker/user/watcher/processing-watcher/graph/graph/$Nb - Stopped
11:51:55.129 [worker-akka.actor.default-dispatcher-19] INFO  a.a.LocalActorRef akka://worker/user/watcher/processing-watcher/graph/graph/$O - Stopped
11:51:55.130 [worker-akka.actor.default-dispatcher-19] INFO  a.a.LocalActorRef akka://worker/user/watcher/processing-watcher/graph/graph/$P - Stopped
11:51:55.130 [worker-akka.actor.default-dispatcher-19] INFO  a.a.LocalActorRef akka://worker/user/watcher/processing-watcher/graph/graph/$Q - Stopped
11:51:55.131 [worker-akka.actor.default-dispatcher-19] INFO  a.a.LocalActorRef akka://worker/user/watcher/processing-watcher/graph/graph/$R - Stopped
11:51:55.132 [worker-akka.actor.default-dispatcher-19] INFO  a.a.LocalActorRef akka://worker/user/watcher/processing-watcher/graph/graph/$S - Stopped
11:51:55.133 [worker-akka.actor.default-dispatcher-19] INFO  a.a.LocalActorRef akka://worker/user/watcher/processing-watcher/graph/graph/$T - Stopped
11:51:55.134 [worker-akka.actor.default-dispatcher-19] INFO  a.a.LocalActorRef akka://worker/user/watcher/processing-watcher/graph/graph/$U - Stopped
11:51:55.135 [worker-akka.actor.default-dispatcher-19] INFO  a.a.LocalActorRef akka://worker/user/watcher/processing-watcher/graph/graph/$V - Stopped
11:51:55.135 [worker-akka.actor.default-dispatcher-19] INFO  a.a.LocalActorRef akka://worker/user/watcher/processing-watcher/graph/graph/$W - Stopped
11:51:55.137 [worker-akka.actor.default-dispatcher-19] INFO  a.a.LocalActorRef akka://worker/user/watcher/processing-watcher/graph/graph/$X - Stopped
11:51:55.137 [worker-akka.actor.default-dispatcher-19] INFO  a.a.LocalActorRef akka://worker/user/watcher/processing-watcher/graph/graph/$Y - Stopped
11:51:55.138 [worker-akka.actor.default-dispatcher-19] INFO  a.a.LocalActorRef akka://worker/user/watcher/processing-watcher/graph/graph/$Z - Stopped
11:51:55.139 [worker-akka.actor.default-dispatcher-19] INFO  a.a.LocalActorRef akka://worker/user/watcher/processing-watcher/graph/graph/$a - Stopped
11:51:55.139 [worker-akka.actor.default-dispatcher-19] INFO  a.a.LocalActorRef akka://worker/user/watcher/processing-watcher/graph/graph/$ab - Stopped
11:51:55.140 [worker-akka.actor.default-dispatcher-19] INFO  a.a.LocalActorRef akka://worker/user/watcher/processing-watcher/graph/graph/$b - Stopped
11:51:55.141 [worker-akka.actor.default-dispatcher-19] INFO  a.a.LocalActorRef akka://worker/user/watcher/processing-watcher/graph/graph/$bb - Stopped
11:51:55.142 [worker-akka.actor.default-dispatcher-19] INFO  a.a.LocalActorRef akka://worker/user/watcher/processing-watcher/graph/graph/$c - Stopped
11:51:55.142 [worker-akka.actor.default-dispatcher-19] INFO  a.a.LocalActorRef akka://worker/user/watcher/processing-watcher/graph/graph/$cb - Stopped
11:51:55.144 [worker-akka.actor.default-dispatcher-9] INFO  a.a.LocalActorRef akka://worker/user/watcher/processing-watcher/graph/graph/$d - Stopped
11:51:55.144 [worker-akka.actor.default-dispatcher-9] INFO  a.a.LocalActorRef akka://worker/user/watcher/processing-watcher/graph/graph/$db - Stopped
11:51:55.144 [worker-akka.actor.default-dispatcher-19] INFO  a.a.LocalActorRef akka://worker/user/watcher/processing-watcher/graph/graph/$e - Stopped
11:51:55.144 [worker-akka.actor.default-dispatcher-19] INFO  a.a.LocalActorRef akka://worker/user/watcher/processing-watcher/graph/graph/$eb - Stopped
11:51:55.145 [worker-akka.actor.default-dispatcher-19] INFO  a.a.LocalActorRef akka://worker/user/watcher/processing-watcher/graph/graph/$f - Stopped
11:51:55.146 [worker-akka.actor.default-dispatcher-19] INFO  a.a.LocalActorRef akka://worker/user/watcher/processing-watcher/graph/graph/$fb - Stopped
11:51:55.147 [worker-akka.actor.default-dispatcher-19] INFO  a.a.LocalActorRef akka://worker/user/watcher/processing-watcher/graph/graph/$g - Stopped
11:51:55.148 [worker-akka.actor.default-dispatcher-19] INFO  a.a.LocalActorRef akka://worker/user/watcher/processing-watcher/graph/graph/$gb - Stopped
11:51:55.149 [worker-akka.actor.default-dispatcher-19] INFO  a.a.LocalActorRef akka://worker/user/watcher/processing-watcher/graph/graph/$h - Stopped
11:51:55.149 [worker-akka.actor.default-dispatcher-19] INFO  a.a.LocalActorRef akka://worker/user/watcher/processing-watcher/graph/graph/$hb - Stopped
11:51:55.150 [worker-akka.actor.default-dispatcher-19] INFO  a.a.LocalActorRef akka://worker/user/watcher/processing-watcher/graph/graph/$i - Stopped
11:51:55.150 [worker-akka.actor.default-dispatcher-19] INFO  a.a.LocalActorRef akka://worker/user/watcher/processing-watcher/graph/graph/$ib - Stopped
11:51:55.151 [worker-akka.actor.default-dispatcher-19] INFO  a.a.LocalActorRef akka://worker/user/watcher/processing-watcher/graph/graph/$j - Stopped
11:51:55.152 [worker-akka.actor.default-dispatcher-19] INFO  a.a.LocalActorRef akka://worker/user/watcher/processing-watcher/graph/graph/$jb - Stopped
11:51:55.153 [worker-akka.actor.default-dispatcher-19] INFO  a.a.LocalActorRef akka://worker/user/watcher/processing-watcher/graph/graph/$k - Stopped
11:51:55.154 [worker-akka.actor.default-dispatcher-19] INFO  a.a.LocalActorRef akka://worker/user/watcher/processing-watcher/graph/graph/$kb - Stopped
11:51:55.154 [worker-akka.actor.default-dispatcher-19] INFO  a.a.LocalActorRef akka://worker/user/watcher/processing-watcher/graph/graph/$l - Stopped
11:51:55.156 [worker-akka.actor.default-dispatcher-9] INFO  a.a.LocalActorRef akka://worker/user/watcher/processing-watcher/graph/graph/$lb - Stopped
11:51:55.156 [worker-akka.actor.default-dispatcher-9] INFO  a.a.LocalActorRef akka://worker/user/watcher/processing-watcher/graph/graph/$m - Stopped
11:51:55.157 [worker-akka.actor.default-dispatcher-19] INFO  a.a.LocalActorRef akka://worker/user/watcher/processing-watcher/graph/graph/$mb - Stopped
11:51:55.157 [worker-akka.actor.default-dispatcher-19] INFO  a.a.LocalActorRef akka://worker/user/watcher/processing-watcher/graph/graph/$n - Stopped
11:51:55.157 [worker-akka.actor.default-dispatcher-19] INFO  a.a.LocalActorRef akka://worker/user/watcher/processing-watcher/graph/graph/$nb - Stopped
11:51:55.158 [worker-akka.actor.default-dispatcher-19] INFO  a.a.LocalActorRef akka://worker/user/watcher/processing-watcher/graph/graph/$o - Stopped
11:51:55.159 [worker-akka.actor.default-dispatcher-19] INFO  a.a.LocalActorRef akka://worker/user/watcher/processing-watcher/graph/graph/$ob - Stopped
11:51:55.159 [worker-akka.actor.default-dispatcher-19] INFO  a.a.LocalActorRef akka://worker/user/watcher/processing-watcher/graph/graph/$p - Stopped
11:51:55.160 [worker-akka.actor.default-dispatcher-19] INFO  a.a.LocalActorRef akka://worker/user/watcher/processing-watcher/graph/graph/$pb - Stopped
11:51:55.161 [worker-akka.actor.default-dispatcher-19] INFO  a.a.LocalActorRef akka://worker/user/watcher/processing-watcher/graph/graph/$q - Stopped
11:51:55.161 [worker-akka.actor.default-dispatcher-19] INFO  a.a.LocalActorRef akka://worker/user/watcher/processing-watcher/graph/graph/$qb - Stopped
11:51:55.161 [worker-akka.actor.default-dispatcher-19] INFO  a.a.LocalActorRef akka://worker/user/watcher/processing-watcher/graph/graph/$r - Stopped
11:51:55.162 [worker-akka.actor.default-dispatcher-19] INFO  a.a.LocalActorRef akka://worker/user/watcher/processing-watcher/graph/graph/$rb - Stopped
11:51:55.163 [worker-akka.actor.default-dispatcher-19] INFO  a.a.LocalActorRef akka://worker/user/watcher/processing-watcher/graph/graph/$s - Stopped
11:51:55.164 [worker-akka.actor.default-dispatcher-19] INFO  a.a.LocalActorRef akka://worker/user/watcher/processing-watcher/graph/graph/$sb - Stopped
11:51:55.167 [worker-akka.actor.default-dispatcher-9] INFO  a.a.LocalActorRef akka://worker/user/watcher/processing-watcher/graph/graph/$t - Stopped
11:51:55.167 [worker-akka.actor.default-dispatcher-9] INFO  a.a.LocalActorRef akka://worker/user/watcher/processing-watcher/graph/graph/$tb - Stopped
11:51:55.167 [worker-akka.actor.default-dispatcher-9] INFO  a.a.LocalActorRef akka://worker/user/watcher/processing-watcher/graph/graph/$u - Stopped
11:51:55.167 [worker-akka.actor.default-dispatcher-9] INFO  a.a.LocalActorRef akka://worker/user/watcher/processing-watcher/graph/graph/$ub - Stopped
11:51:55.167 [worker-akka.actor.default-dispatcher-19] INFO  a.a.LocalActorRef akka://worker/user/watcher/processing-watcher/graph/graph/$v - Stopped
11:51:55.168 [worker-akka.actor.default-dispatcher-19] INFO  a.a.LocalActorRef akka://worker/user/watcher/processing-watcher/graph/graph/$vb - Stopped
11:51:55.169 [worker-akka.actor.default-dispatcher-19] INFO  a.a.LocalActorRef akka://worker/user/watcher/processing-watcher/graph/graph/$w - Stopped
11:51:55.170 [worker-akka.actor.default-dispatcher-19] INFO  a.a.LocalActorRef akka://worker/user/watcher/processing-watcher/graph/graph/$wb - Stopped
11:51:55.170 [worker-akka.actor.default-dispatcher-19] INFO  a.a.LocalActorRef akka://worker/user/watcher/processing-watcher/graph/graph/$x - Stopped
11:51:55.171 [worker-akka.actor.default-dispatcher-19] INFO  a.a.LocalActorRef akka://worker/user/watcher/processing-watcher/graph/graph/$xb - Stopped
11:51:55.171 [worker-akka.actor.default-dispatcher-19] INFO  a.a.LocalActorRef akka://worker/user/watcher/processing-watcher/graph/graph/$y - Stopped
11:51:55.172 [worker-akka.actor.default-dispatcher-19] INFO  a.a.LocalActorRef akka://worker/user/watcher/processing-watcher/graph/graph/$yb - Stopped
11:51:55.173 [worker-akka.actor.default-dispatcher-19] INFO  a.a.LocalActorRef akka://worker/user/watcher/processing-watcher/graph/graph/$z - Stopped
11:51:55.174 [worker-akka.actor.default-dispatcher-19] INFO  a.a.LocalActorRef akka://worker/user/watcher/processing-watcher/graph/graph/$zb - Stopped
11:51:55.175 [worker-akka.actor.default-dispatcher-19] INFO  a.a.LocalActorRef akka://worker/user/watcher/processing-watcher/graph/graph/$~ - Stopped
11:51:55.193 [worker-akka.actor.default-dispatcher-19] INFO  a.a.LocalActorRef akka://worker/user/watcher/processing-watcher/graph/graph - Stopped
11:51:55.202 [worker-akka.actor.default-dispatcher-19] INFO  a.a.LocalActorRef akka://worker/user/watcher/processing-watcher/graph - Stopped
11:51:55.203 [worker-akka.actor.default-dispatcher-17] INFO  a.a.LocalActorRef akka://worker/user/watcher/processing-watcher - Stopped
11:51:55.204 [Curator-Framework-0] INFO  o.a.c.f.i.CuratorFrameworkImpl  - backgroundOperationsLoop exiting
11:51:55.213 [worker-akka.actor.default-dispatcher-6-EventThread] INFO  o.a.z.ClientCnxn  - EventThread shut down for session: 0x100002c53420005
11:51:55.213 [worker-akka.actor.default-dispatcher-19] INFO  o.a.z.ZooKeeper  - Session: 0x100002c53420005 closed
11:51:55.213 [Curator-PathChildrenCache-0] ERROR o.a.c.f.r.c.PathChildrenCache  - 
java.lang.IllegalStateException: instance must be started before calling this method
	at org.apache.curator.shaded.com.google.common.base.Preconditions.checkState(Preconditions.java:444)
	at org.apache.curator.framework.imps.CuratorFrameworkImpl.getChildren(CuratorFrameworkImpl.java:456)
	at org.apache.curator.framework.recipes.cache.PathChildrenCache.refresh(PathChildrenCache.java:521)
	at org.apache.curator.framework.recipes.cache.RefreshOperation.invoke(RefreshOperation.java:35)
	at org.apache.curator.framework.recipes.cache.PathChildrenCache$9.run(PathChildrenCache.java:786)
	at java.util.concurrent.Executors$RunnableAdapter.call(Executors.java:511)
	at java.util.concurrent.FutureTask.run(FutureTask.java:266)
	at java.util.concurrent.Executors$RunnableAdapter.call(Executors.java:511)
	at java.util.concurrent.FutureTask.run(FutureTask.java:266)
	at java.util.concurrent.ThreadPoolExecutor.runWorker(ThreadPoolExecutor.java:1149)
	at java.util.concurrent.ThreadPoolExecutor$Worker.run(ThreadPoolExecutor.java:624)
	at java.lang.Thread.run(Thread.java:748)
11:51:55.214 [worker-akka.actor.default-dispatcher-17] INFO  a.a.RepointableActorRef akka://worker/user/watcher - Stopped
11:51:55.227 [worker-akka.actor.default-dispatcher-19] INFO  a.r.RemoteActorRefProvider$RemotingTerminator akka://worker@flamestream-benchmarks-worker-8:5412/system/remoting-terminator - Shutting down remote daemon.
11:51:55.228 [worker-akka.actor.default-dispatcher-19] INFO  a.r.RemoteActorRefProvider$RemotingTerminator akka://worker@flamestream-benchmarks-worker-8:5412/system/remoting-terminator - Remote daemon shut down; proceeding with flushing remote transports.
11:51:56.416 [worker-akka.actor.default-dispatcher-19] INFO  a.r.RemoteActorRefProvider$RemotingTerminator akka://worker@flamestream-benchmarks-worker-8:5412/system/remoting-terminator - Remoting shut down.
Heap
 def new generation   total 460800K, used 364326K [0x00000000a2400000, 0x00000000c1800000, 0x00000000c1800000)
  eden space 409600K,  88% used [0x00000000a2400000, 0x00000000b87a2870, 0x00000000bb400000)
  from space 51200K,   0% used [0x00000000bb400000, 0x00000000bb427240, 0x00000000be600000)
  to   space 51200K,   0% used [0x00000000be600000, 0x00000000be600000, 0x00000000c1800000)
 tenured generation   total 1024000K, used 56730K [0x00000000c1800000, 0x0000000100000000, 0x0000000100000000)
   the space 1024000K,   5% used [0x00000000c1800000, 0x00000000c4f66980, 0x00000000c4f66a00, 0x0000000100000000)
 Metaspace       used 40809K, capacity 43616K, committed 43904K, reserved 1087488K
  class space    used 5347K, capacity 5671K, committed 5760K, reserved 1048576K
