12:27:23,155 |-INFO in ch.qos.logback.classic.LoggerContext[default] - Could NOT find resource [logback-test.xml]
12:27:23,155 |-INFO in ch.qos.logback.classic.LoggerContext[default] - Could NOT find resource [logback.groovy]
12:27:23,155 |-INFO in ch.qos.logback.classic.LoggerContext[default] - Found resource [logback.xml] at [jar:file:/home/ubuntu/flamestream/lib/flamestream-runtime-1.0-SNAPSHOT.jar!/logback.xml]
12:27:23,159 |-WARN in ch.qos.logback.classic.LoggerContext[default] - Resource [logback.xml] occurs multiple times on the classpath.
12:27:23,159 |-WARN in ch.qos.logback.classic.LoggerContext[default] - Resource [logback.xml] occurs at [jar:file:/home/ubuntu/flamestream/flamestream-runtime-1.0-SNAPSHOT.jar!/logback.xml]
12:27:23,159 |-WARN in ch.qos.logback.classic.LoggerContext[default] - Resource [logback.xml] occurs at [jar:file:/home/ubuntu/flamestream/lib/flamestream-runtime-1.0-SNAPSHOT.jar!/logback.xml]
12:27:23,176 |-INFO in ch.qos.logback.core.joran.spi.ConfigurationWatchList@4678c730 - URL [jar:file:/home/ubuntu/flamestream/lib/flamestream-runtime-1.0-SNAPSHOT.jar!/logback.xml] is not of type file
12:27:23,244 |-INFO in ch.qos.logback.classic.joran.action.ConfigurationAction - debug attribute not set
12:27:23,245 |-INFO in ch.qos.logback.core.joran.action.AppenderAction - About to instantiate appender of type [ch.qos.logback.core.ConsoleAppender]
12:27:23,262 |-INFO in ch.qos.logback.core.joran.action.AppenderAction - Naming appender as [STDOUT]
12:27:23,279 |-INFO in ch.qos.logback.core.joran.action.NestedComplexPropertyIA - Assuming default type [ch.qos.logback.classic.encoder.PatternLayoutEncoder] for [encoder] property
12:27:23,380 |-INFO in ch.qos.logback.core.joran.action.AppenderAction - About to instantiate appender of type [ch.qos.logback.core.rolling.RollingFileAppender]
12:27:23,384 |-INFO in ch.qos.logback.core.joran.action.AppenderAction - Naming appender as [FILE]
12:27:23,427 |-INFO in c.q.l.core.rolling.TimeBasedRollingPolicy@1734853116 - No compression will be used
12:27:23,432 |-INFO in c.q.l.core.rolling.TimeBasedRollingPolicy@1734853116 - Will use the pattern /tmp/application_%d{yyyy-MM-dd}.%i.log for the active file
12:27:23,439 |-INFO in ch.qos.logback.core.rolling.SizeAndTimeBasedFNATP@29ee9faa - The date pattern is 'yyyy-MM-dd' from file name pattern '/tmp/application_%d{yyyy-MM-dd}.%i.log'.
12:27:23,439 |-INFO in ch.qos.logback.core.rolling.SizeAndTimeBasedFNATP@29ee9faa - Roll-over at midnight.
12:27:23,445 |-INFO in ch.qos.logback.core.rolling.SizeAndTimeBasedFNATP@29ee9faa - Setting initial period to Thu Oct 10 12:26:55 UTC 2019
12:27:23,445 |-WARN in ch.qos.logback.core.rolling.SizeAndTimeBasedFNATP@29ee9faa - SizeAndTimeBasedFNATP is deprecated. Use SizeAndTimeBasedRollingPolicy instead
12:27:23,445 |-WARN in ch.qos.logback.core.rolling.SizeAndTimeBasedFNATP@29ee9faa - For more information see http://logback.qos.ch/manual/appenders.html#SizeAndTimeBasedRollingPolicy
12:27:23,451 |-INFO in ch.qos.logback.core.joran.action.NestedComplexPropertyIA - Assuming default type [ch.qos.logback.classic.encoder.PatternLayoutEncoder] for [encoder] property
12:27:23,458 |-INFO in ch.qos.logback.core.rolling.RollingFileAppender[FILE] - Active log file name: /tmp/application.log
12:27:23,458 |-INFO in ch.qos.logback.core.rolling.RollingFileAppender[FILE] - File property is set to [/tmp/application.log]
12:27:23,460 |-INFO in ch.qos.logback.classic.joran.action.RootLoggerAction - Setting level of ROOT logger to INFO
12:27:23,460 |-INFO in ch.qos.logback.core.joran.action.AppenderRefAction - Attaching appender named [STDOUT] to Logger[ROOT]
12:27:23,460 |-INFO in ch.qos.logback.core.joran.action.AppenderRefAction - Attaching appender named [FILE] to Logger[ROOT]
12:27:23,460 |-INFO in ch.qos.logback.classic.joran.action.ConfigurationAction - End of configuration.
12:27:23,461 |-INFO in ch.qos.logback.classic.joran.JoranConfigurator@c038203 - Registering current configuration as safe fallback point

12:27:23.469 [main] INFO  c.s.f.r.WorkerApplication  - Starting worker with workerConfig 'WorkerConfig{id='flamestream-benchmarks-worker-9', localAddress=flamestream-benchmarks-worker-9/10.0.0.6:5412, zkString='flamestream-benchmarks-manager:12181', snapshotPath='/home/ubuntu/flamestream/data', guarantees=AT_MOST_ONCE}'
12:27:25.344 [worker-akka.actor.default-dispatcher-6] INFO  a.e.s.Slf4jLogger  - Slf4jLogger started
2019-10-10T12:27:25.522+0000: 2.719: [Full GC (Metadata GC Threshold) 2019-10-10T12:27:25.522+0000: 2.719: [Tenured: 0K->13624K(1024000K), 0.0526585 secs] 147656K->13624K(1484800K), [Metaspace: 20218K->20218K(1067008K)], 0.0527614 secs] [Times: user=0.05 sys=0.00, real=0.05 secs] 
12:27:25.689 [worker-akka.actor.default-dispatcher-6] WARN  a.r.RemoteActorRefProvider akka.remote.RemoteActorRefProvider - Using the 'remote' ActorRefProvider directly, which is a low-level layer. For most use cases, the 'cluster' abstraction on top of remoting is more suitable instead.
12:27:25.696 [worker-akka.actor.default-dispatcher-6] WARN  a.r.RemoteActorRefProvider akka.remote.RemoteActorRefProvider - Akka Cluster not in use - Using Akka Cluster is recommended if you need remote watch and deploy.
12:27:25.810 [worker-akka.actor.default-dispatcher-6] INFO  a.r.a.a.ArteryAeronUdpTransport(akka://worker) akka.remote.artery.aeron.ArteryAeronUdpTransport(akka://worker) - Started embedded media driver in directory [/dev/shm/aeron-flamestream-benchmarks-worker-9]
12:27:25.848 [worker-akka.actor.default-dispatcher-6] WARN  a.r.a.a.ArteryAeronUdpTransport(akka://worker) akka.remote.artery.aeron.ArteryAeronUdpTransport(akka://worker) - Aeron CnC version mismatch: compiled version = 15, file version = 16
12:27:26.130 [worker-akka.actor.default-dispatcher-6] INFO  a.r.a.a.ArteryAeronUdpTransport(akka://worker) akka.remote.artery.aeron.ArteryAeronUdpTransport(akka://worker) - Remoting started with transport [Artery aeron-udp]; listening on address [akka://worker@flamestream-benchmarks-worker-9:5412] and bound to [akka://worker@0.0.0.0:5412] with UID [-5388617219761033332]
12:27:26.853 [worker-akka.actor.default-dispatcher-6] WARN  a.s.Serialization(akka://worker) akka.serialization.Serialization(akka://worker) - Using serializer [com.romix.akka.serialization.kryo.KryoSerializer] for message [akka.actor.ActorSelectionMessage]. Note that this serializer is not implemented by Akka. It's not recommended to replace serializers for messages provided by Akka.
12:27:26.854 [worker-akka.actor.default-dispatcher-6] WARN  a.s.Serialization(akka://worker) akka.serialization.Serialization(akka://worker) - Using serializer [com.romix.akka.serialization.kryo.KryoSerializer] for message [akka.actor.ActorIdentity]. Note that this serializer is not implemented by Akka. It's not recommended to replace serializers for messages provided by Akka.
12:27:26.920 [worker-akka.actor.default-dispatcher-9] INFO  a.a.RepointableActorRef akka://worker/user/watcher - Starting...
12:27:27.146 [worker-akka.actor.default-dispatcher-6] INFO  o.a.c.u.Compatibility  - Running in ZooKeeper 3.4.x compatibility mode
12:27:27.215 [worker-akka.actor.default-dispatcher-6] INFO  o.a.c.f.i.CuratorFrameworkImpl  - Starting
12:27:27.242 [worker-akka.actor.default-dispatcher-6] INFO  o.a.z.ZooKeeper  - Client environment:zookeeper.version=3.4.14-4c25d480e66aadd371de8bd2fd8da255ac140bcf, built on 03/06/2019 16:18 GMT
12:27:27.243 [worker-akka.actor.default-dispatcher-6] INFO  o.a.z.ZooKeeper  - Client environment:host.name=flamestream-benchmarks-worker-9
12:27:27.244 [worker-akka.actor.default-dispatcher-6] INFO  o.a.z.ZooKeeper  - Client environment:java.version=1.8.0_222
12:27:27.245 [worker-akka.actor.default-dispatcher-6] INFO  o.a.z.ZooKeeper  - Client environment:java.vendor=Private Build
12:27:27.248 [worker-akka.actor.default-dispatcher-6] INFO  o.a.z.ZooKeeper  - Client environment:java.home=/usr/lib/jvm/java-8-openjdk-amd64/jre
12:27:27.250 [worker-akka.actor.default-dispatcher-6] INFO  o.a.z.ZooKeeper  - Client environment:java.class.path=lib/curator-framework-4.0.1.jar:lib/commons-csv-1.4.jar:lib/aeron-client-1.21.2.jar:lib/scala-library-2.12.9.jar:lib/asm-5.0.4.jar:lib/agrona-1.0.1.jar:lib/curator-recipes-4.0.1.jar:lib/akka-testkit_2.12-2.6.0-M6.jar:lib/flamestream-runtime-1.0-SNAPSHOT.jar:lib/slf4j-simple-2.0.0-alpha1.jar:lib/jsr305-3.0.2.jar:lib/trove4j-3.0.3.jar:lib/flamestream-core-1.0-SNAPSHOT.jar:lib/commons-io-2.4.jar:lib/minlog-1.3.0.jar:lib/kryonet-2.21.jar:lib/commons-1.4.9.jar:lib/jline-0.9.94.jar:lib/akka-remote_2.12-2.6.0-M6.jar:lib/leveldbjni-all-1.8.jar:lib/lz4-1.3.0.jar:lib/slf4j-api-1.7.24.jar:lib/scala-parser-combinators_2.12-1.1.2.jar:lib/flamestream-core-1.0-SNAPSHOT-tests.jar:lib/logback-core-1.2.3.jar:lib/netty-3.10.6.Final.jar:lib/protobuf-java-3.9.0.jar:lib/minlog-1.2.jar:lib/leveldb-api-0.7.jar:lib/jool-0.9.12.jar:lib/commons-cli-1.4.jar:lib/jblas-1.2.4.jar:lib/reflectasm-1.11.3.jar:lib/reflectasm-1.07-shaded.jar:lib/audience-annotations-0.5.0.jar:lib/jackson-annotations-2.9.6.jar:lib/commons-lang-2.6.jar:lib/ssl-config-core_2.12-0.3.8.jar:lib/annotations-13.0.jar:lib/logback-classic-1.2.3.jar:lib/guava-21.0.jar:lib/reactive-streams-1.0.2.jar:lib/spotbugs-annotations-3.1.9.jar:lib/leveldb-0.7.jar:lib/commons-pool2-2.4.2.jar:lib/rocksdbjni-5.5.1.jar:lib/jackson-core-2.9.9.jar:lib/jackson-databind-2.9.9.2.jar:lib/akka-protobuf-v3_2.12-2.6.0-M6.jar:lib/jackson-annotations-2.9.0.jar:lib/flamestream-examples-1.0-SNAPSHOT.jar:lib/objenesis-2.1.jar:lib/akka-kryo-serialization_2.12-0.5.2.jar:lib/scala-java8-compat_2.12-0.8.0.jar:lib/zookeeper-3.4.14.jar:lib/akka-slf4j_2.12-2.6.0-M6.jar:lib/kryo-4.0.0.jar:lib/akka-stream_2.12-2.6.0-M6.jar:lib/aeron-driver-1.21.2.jar:lib/config-1.3.1.jar:lib/annotations-12.0.jar:lib/jedis-2.9.0.jar:lib/jcommander-1.48.jar:lib/testng-6.10.jar:lib/akka-actor_2.12-2.6.0-M6.jar:lib/curator-client-4.0.1.jar:flamestream-runtime-1.0-SNAPSHOT.jar
12:27:27.250 [worker-akka.actor.default-dispatcher-6] INFO  o.a.z.ZooKeeper  - Client environment:java.library.path=/usr/java/packages/lib/amd64:/usr/lib/x86_64-linux-gnu/jni:/lib/x86_64-linux-gnu:/usr/lib/x86_64-linux-gnu:/usr/lib/jni:/lib:/usr/lib
12:27:27.250 [worker-akka.actor.default-dispatcher-6] INFO  o.a.z.ZooKeeper  - Client environment:java.io.tmpdir=/tmp
12:27:27.250 [worker-akka.actor.default-dispatcher-6] INFO  o.a.z.ZooKeeper  - Client environment:java.compiler=<NA>
12:27:27.251 [worker-akka.actor.default-dispatcher-6] INFO  o.a.z.ZooKeeper  - Client environment:os.name=Linux
12:27:27.251 [worker-akka.actor.default-dispatcher-6] INFO  o.a.z.ZooKeeper  - Client environment:os.arch=amd64
12:27:27.252 [worker-akka.actor.default-dispatcher-6] INFO  o.a.z.ZooKeeper  - Client environment:os.version=4.15.0-1040-gcp
12:27:27.252 [worker-akka.actor.default-dispatcher-6] INFO  o.a.z.ZooKeeper  - Client environment:user.name=ubuntu
12:27:27.253 [worker-akka.actor.default-dispatcher-6] INFO  o.a.z.ZooKeeper  - Client environment:user.home=/home/ubuntu
12:27:27.253 [worker-akka.actor.default-dispatcher-6] INFO  o.a.z.ZooKeeper  - Client environment:user.dir=/home/ubuntu/flamestream
12:27:27.256 [worker-akka.actor.default-dispatcher-6] INFO  o.a.z.ZooKeeper  - Initiating client connection, connectString=flamestream-benchmarks-manager:12181 sessionTimeout=60000 watcher=org.apache.curator.ConnectionState@652f61e2
12:27:27.309 [worker-akka.actor.default-dispatcher-6-SendThread(flamestream-benchmarks-manager:12181)] INFO  o.a.z.ClientCnxn  - Opening socket connection to server flamestream-benchmarks-manager/10.0.0.21:12181. Will not attempt to authenticate using SASL (unknown error)
12:27:27.309 [worker-akka.actor.default-dispatcher-6] INFO  o.a.c.f.i.CuratorFrameworkImpl  - Default schema
12:27:27.317 [worker-akka.actor.default-dispatcher-6-SendThread(flamestream-benchmarks-manager:12181)] INFO  o.a.z.ClientCnxn  - Socket connection established to flamestream-benchmarks-manager/10.0.0.21:12181, initiating session
12:27:27.331 [worker-akka.actor.default-dispatcher-6-SendThread(flamestream-benchmarks-manager:12181)] INFO  o.a.z.ClientCnxn  - Session establishment complete on server flamestream-benchmarks-manager/10.0.0.21:12181, sessionid = 0x100005c675e0009, negotiated timeout = 60000
12:27:27.343 [worker-akka.actor.default-dispatcher-6-EventThread] INFO  o.a.c.f.s.ConnectionStateManager  - State change: CONNECTED
12:27:27.347 [worker-akka.actor.default-dispatcher-9] INFO  a.a.RepointableActorRef akka://worker/user/watcher - Initializing rocksDB backend
2019-10-10T12:27:28.481+0000: 5.679: [Full GC (Metadata GC Threshold) 2019-10-10T12:27:28.482+0000: 5.679: [Tenured: 13624K->25921K(1024000K), 0.0942244 secs] 151557K->25921K(1484800K), [Metaspace: 33664K->33664K(1079296K)], 0.0943356 secs] [Times: user=0.09 sys=0.00, real=0.10 secs] 
12:27:28.683 [worker-akka.actor.default-dispatcher-6] INFO  a.a.LocalActorRef akka://worker/user/watcher/processing-watcher - Starting...
12:27:33.940 [Curator-PathChildrenCache-1] WARN  o.a.c.u.ZKPaths  - The version of ZooKeeper being used doesn't support Container nodes. CreateMode.PERSISTENT will be used instead.
12:27:34.090 [worker-akka.actor.default-dispatcher-6] INFO  a.a.LocalActorRef akka://worker/user/watcher/processing-watcher/$a - Starting...
12:27:34.131 [worker-akka.actor.default-dispatcher-10] INFO  a.a.LocalActorRef akka://worker/user/watcher/processing-watcher/$a - Stopped
12:27:35.782 [worker-akka.actor.default-dispatcher-10] INFO  a.a.LocalActorRef akka://worker/user/watcher/processing-watcher/graph/graph - Starting...
12:27:37.651 [worker-akka.actor.default-dispatcher-12] INFO  a.a.LocalActorRef akka://worker/user/watcher/processing-watcher/graph/graph - Finishing constructor
12:27:37.655 [worker-akka.actor.default-dispatcher-10] INFO  a.a.LocalActorRef akka://worker/user/watcher/processing-watcher/graph/negotiator - Starting...
12:27:37.663 [worker-akka.actor.default-dispatcher-10] INFO  a.a.LocalActorRef akka://worker/user/watcher/processing-watcher/graph/edge - Starting...
12:27:37.672 [worker-akka.actor.default-dispatcher-12] INFO  a.a.LocalActorRef akka://worker/user/watcher/processing-watcher/graph - Starting FlameNode with config 'ClusterConfig{paths={flamestream-benchmarks-worker-1=akka://worker@flamestream-benchmarks-worker-1:5412/user/watcher/processing-watcher/graph, flamestream-benchmarks-worker-0=akka://worker@flamestream-benchmarks-worker-0:5412/user/watcher/processing-watcher/graph, flamestream-benchmarks-worker-9=akka://worker@flamestream-benchmarks-worker-9:5412/user/watcher/processing-watcher/graph, flamestream-benchmarks-worker-8=akka://worker@flamestream-benchmarks-worker-8:5412/user/watcher/processing-watcher/graph, flamestream-benchmarks-worker-7=akka://worker@flamestream-benchmarks-worker-7:5412/user/watcher/processing-watcher/graph, flamestream-benchmarks-worker-6=akka://worker@flamestream-benchmarks-worker-6:5412/user/watcher/processing-watcher/graph, flamestream-benchmarks-worker-5=akka://worker@flamestream-benchmarks-worker-5:5412/user/watcher/processing-watcher/graph, flamestream-benchmarks-worker-4=akka://worker@flamestream-benchmarks-worker-4:5412/user/watcher/processing-watcher/graph, flamestream-benchmarks-worker-3=akka://worker@flamestream-benchmarks-worker-3:5412/user/watcher/processing-watcher/graph, flamestream-benchmarks-worker-2=akka://worker@flamestream-benchmarks-worker-2:5412/user/watcher/processing-watcher/graph, flamestream-benchmarks-worker-14=akka://worker@flamestream-benchmarks-worker-14:5412/user/watcher/processing-watcher/graph, flamestream-benchmarks-worker-13=akka://worker@flamestream-benchmarks-worker-13:5412/user/watcher/processing-watcher/graph, flamestream-benchmarks-worker-12=akka://worker@flamestream-benchmarks-worker-12:5412/user/watcher/processing-watcher/graph, flamestream-benchmarks-worker-11=akka://worker@flamestream-benchmarks-worker-11:5412/user/watcher/processing-watcher/graph, flamestream-benchmarks-worker-10=akka://worker@flamestream-benchmarks-worker-10:5412/user/watcher/processing-watcher/graph}}'
12:27:37.697 [worker-akka.actor.default-dispatcher-6] INFO  a.a.LocalActorRef akka://worker/user/watcher/processing-watcher/graph/negotiator - Requesting ticket for the frontClass FlameSocketGraphDeployerFront@flamestream-benchmarks-worker-9
12:27:37.735 [worker-akka.actor.default-dispatcher-13] INFO  a.a.LocalActorRef akka://worker/user/watcher/processing-watcher/graph/graph - Received last commit 'LastCommit{globalTime=(0000000, min@min)}'
12:27:37.758 [worker-akka.actor.default-dispatcher-10] INFO  c.s.f.r.e.s.SocketRear  - FlameSocketGraphDeployerRear@flamestream-benchmarks-worker-9: connecting to flamestream-benchmarks-manager:5678
12:27:37.764 [worker-akka.actor.default-dispatcher-13] INFO  a.a.LocalActorRef akka://worker/user/watcher/processing-watcher/graph/edge/FlameSocketGraphDeployerFront - Starting...
12:27:37.783 [worker-akka.actor.default-dispatcher-12] INFO  a.a.LocalActorRef akka://worker/user/watcher/processing-watcher/graph/negotiator - Ticket for the frontClass received: FrontTicket{allowedTimestamp=(0000000, FlameSocketGraphDeployerFront@flamestream-benchmarks-worker-9)}
12:27:37.785 [worker-akka.actor.default-dispatcher-10] INFO  c.s.f.r.e.s.SocketRear  - FlameSocketGraphDeployerRear@flamestream-benchmarks-worker-9: connected to flamestream-benchmarks-manager:5678
12:27:37.788 [worker-akka.actor.default-dispatcher-13] INFO  a.a.LocalActorRef akka://worker/user/watcher/processing-watcher/graph/edge/FlameSocketGraphDeployerRear - Starting...
12:27:37.788 [worker-akka.actor.default-dispatcher-12] INFO  c.s.f.r.e.s.SocketFront  - FlameSocketGraphDeployerFront@flamestream-benchmarks-worker-9: connecting to flamestream-benchmarks-manager:4567
12:27:37.993 [worker-akka.actor.default-dispatcher-12] INFO  a.a.LocalActorRef akka://worker/user/watcher/processing-watcher/graph/graph/$a - Starting...
12:27:37.995 [worker-akka.actor.default-dispatcher-12] INFO  a.a.LocalActorRef akka://worker/user/watcher/processing-watcher/graph/graph/$b - Starting...
12:27:37.998 [worker-akka.actor.default-dispatcher-12] INFO  a.a.LocalActorRef akka://worker/user/watcher/processing-watcher/graph/graph/$c - Starting...
12:27:38.001 [worker-akka.actor.default-dispatcher-12] INFO  a.a.LocalActorRef akka://worker/user/watcher/processing-watcher/graph/graph/$d - Starting...
12:27:38.006 [worker-akka.actor.default-dispatcher-12] INFO  a.a.LocalActorRef akka://worker/user/watcher/processing-watcher/graph/graph/$e - Starting...
12:27:38.009 [worker-akka.actor.default-dispatcher-12] INFO  a.a.LocalActorRef akka://worker/user/watcher/processing-watcher/graph/graph/$f - Starting...
12:27:38.016 [worker-akka.actor.default-dispatcher-12] INFO  a.a.LocalActorRef akka://worker/user/watcher/processing-watcher/graph/graph/$g - Starting...
12:27:38.019 [worker-akka.actor.default-dispatcher-12] INFO  a.a.LocalActorRef akka://worker/user/watcher/processing-watcher/graph/graph/$h - Starting...
12:27:38.023 [worker-akka.actor.default-dispatcher-12] INFO  a.a.LocalActorRef akka://worker/user/watcher/processing-watcher/graph/graph/$i - Starting...
12:27:38.026 [worker-akka.actor.default-dispatcher-12] INFO  a.a.LocalActorRef akka://worker/user/watcher/processing-watcher/graph/graph/$j - Starting...
12:27:38.029 [worker-akka.actor.default-dispatcher-12] INFO  a.a.LocalActorRef akka://worker/user/watcher/processing-watcher/graph/graph/$k - Starting...
12:27:38.033 [worker-akka.actor.default-dispatcher-12] INFO  a.a.LocalActorRef akka://worker/user/watcher/processing-watcher/graph/graph/$l - Starting...
12:27:38.036 [worker-akka.actor.default-dispatcher-12] INFO  a.a.LocalActorRef akka://worker/user/watcher/processing-watcher/graph/graph/$m - Starting...
12:27:38.039 [worker-akka.actor.default-dispatcher-12] INFO  a.a.LocalActorRef akka://worker/user/watcher/processing-watcher/graph/graph/$n - Starting...
12:27:38.042 [worker-akka.actor.default-dispatcher-12] INFO  a.a.LocalActorRef akka://worker/user/watcher/processing-watcher/graph/graph/$o - Starting...
12:27:38.047 [worker-akka.actor.default-dispatcher-12] INFO  a.a.LocalActorRef akka://worker/user/watcher/processing-watcher/graph/graph/$p - Starting...
12:27:38.050 [worker-akka.actor.default-dispatcher-12] INFO  a.a.LocalActorRef akka://worker/user/watcher/processing-watcher/graph/graph/$q - Starting...
12:27:38.053 [worker-akka.actor.default-dispatcher-12] INFO  a.a.LocalActorRef akka://worker/user/watcher/processing-watcher/graph/graph/$r - Starting...
12:27:38.056 [worker-akka.actor.default-dispatcher-12] INFO  a.a.LocalActorRef akka://worker/user/watcher/processing-watcher/graph/graph/$s - Starting...
12:27:38.058 [worker-akka.actor.default-dispatcher-12] INFO  a.a.LocalActorRef akka://worker/user/watcher/processing-watcher/graph/graph/$t - Starting...
12:27:38.067 [worker-akka.actor.default-dispatcher-12] INFO  a.a.LocalActorRef akka://worker/user/watcher/processing-watcher/graph/graph/$u - Starting...
12:27:38.085 [worker-akka.actor.default-dispatcher-12] INFO  a.a.LocalActorRef akka://worker/user/watcher/processing-watcher/graph/graph/$v - Starting...
12:27:38.094 [worker-akka.actor.default-dispatcher-12] INFO  a.a.LocalActorRef akka://worker/user/watcher/processing-watcher/graph/graph/$w - Starting...
12:27:38.102 [worker-akka.actor.default-dispatcher-12] INFO  a.a.LocalActorRef akka://worker/user/watcher/processing-watcher/graph/graph/$x - Starting...
12:27:38.111 [worker-akka.actor.default-dispatcher-12] INFO  a.a.LocalActorRef akka://worker/user/watcher/processing-watcher/graph/graph/$y - Starting...
12:27:38.112 [worker-akka.actor.default-dispatcher-12] INFO  a.a.LocalActorRef akka://worker/user/watcher/processing-watcher/graph/graph/$u - Attached rear to graph (-9223372036854775808, min@min)
12:27:38.114 [worker-akka.actor.default-dispatcher-12] INFO  a.a.LocalActorRef akka://worker/user/watcher/processing-watcher/graph/graph/$z - Starting...
12:27:38.115 [worker-akka.actor.default-dispatcher-12] INFO  a.a.LocalActorRef akka://worker/user/watcher/processing-watcher/graph/graph/$A - Starting...
12:27:38.117 [worker-akka.actor.default-dispatcher-12] INFO  a.a.LocalActorRef akka://worker/user/watcher/processing-watcher/graph/graph/$B - Starting...
12:27:38.117 [worker-akka.actor.default-dispatcher-12] INFO  a.a.LocalActorRef akka://worker/user/watcher/processing-watcher/graph/graph/$C - Starting...
12:27:38.118 [worker-akka.actor.default-dispatcher-12] INFO  a.a.LocalActorRef akka://worker/user/watcher/processing-watcher/graph/graph/$D - Starting...
12:27:38.120 [worker-akka.actor.default-dispatcher-12] INFO  a.a.LocalActorRef akka://worker/user/watcher/processing-watcher/graph/graph/$E - Starting...
12:27:38.121 [worker-akka.actor.default-dispatcher-12] INFO  a.a.LocalActorRef akka://worker/user/watcher/processing-watcher/graph/graph/$F - Starting...
12:27:38.122 [worker-akka.actor.default-dispatcher-12] INFO  a.a.LocalActorRef akka://worker/user/watcher/processing-watcher/graph/graph/$H - Starting...
12:27:38.123 [worker-akka.actor.default-dispatcher-12] INFO  a.a.LocalActorRef akka://worker/user/watcher/processing-watcher/graph/graph/$G - Starting...
2019-10-10T12:27:52.194+0000: 29.392: [GC (Allocation Failure) 2019-10-10T12:27:52.194+0000: 29.392: [DefNew: 409600K->30728K(460800K), 0.0457203 secs] 435521K->56649K(1484800K), 0.0458238 secs] [Times: user=0.03 sys=0.01, real=0.05 secs] 
2019-10-10T12:27:59.735+0000: 36.933: [GC (Allocation Failure) 2019-10-10T12:27:59.735+0000: 36.933: [DefNew: 440328K->52K(460800K), 0.0317497 secs] 466249K->54060K(1484800K), 0.0318459 secs] [Times: user=0.02 sys=0.01, real=0.03 secs] 
2019-10-10T12:28:05.389+0000: 42.586: [GC (Allocation Failure) 2019-10-10T12:28:05.389+0000: 42.586: [DefNew: 409652K->79K(460800K), 0.0027821 secs] 463660K->54087K(1484800K), 0.0028830 secs] [Times: user=0.00 sys=0.00, real=0.00 secs] 
2019-10-10T12:28:10.238+0000: 47.436: [GC (Allocation Failure) 2019-10-10T12:28:10.238+0000: 47.436: [DefNew: 409679K->84K(460800K), 0.0027644 secs] 463687K->54092K(1484800K), 0.0028569 secs] [Times: user=0.00 sys=0.00, real=0.00 secs] 
2019-10-10T12:28:14.950+0000: 52.147: [GC (Allocation Failure) 2019-10-10T12:28:14.950+0000: 52.147: [DefNew: 409684K->103K(460800K), 0.0027318 secs] 463692K->54111K(1484800K), 0.0028420 secs] [Times: user=0.00 sys=0.00, real=0.00 secs] 
2019-10-10T12:28:19.537+0000: 56.734: [GC (Allocation Failure) 2019-10-10T12:28:19.537+0000: 56.734: [DefNew: 409703K->138K(460800K), 0.0029727 secs] 463711K->54145K(1484800K), 0.0030618 secs] [Times: user=0.01 sys=0.00, real=0.00 secs] 
2019-10-10T12:28:24.735+0000: 61.932: [GC (Allocation Failure) 2019-10-10T12:28:24.735+0000: 61.932: [DefNew: 409738K->274K(460800K), 0.0033609 secs] 463745K->54282K(1484800K), 0.0034669 secs] [Times: user=0.00 sys=0.00, real=0.01 secs] 
2019-10-10T12:28:32.245+0000: 69.443: [GC (Allocation Failure) 2019-10-10T12:28:32.245+0000: 69.443: [DefNew: 409874K->430K(460800K), 0.0038317 secs] 463882K->54438K(1484800K), 0.0039286 secs] [Times: user=0.01 sys=0.00, real=0.01 secs] 
2019-10-10T12:28:37.811+0000: 75.009: [GC (Allocation Failure) 2019-10-10T12:28:37.811+0000: 75.009: [DefNew: 410030K->384K(460800K), 0.0033540 secs] 464038K->54392K(1484800K), 0.0034594 secs] [Times: user=0.00 sys=0.00, real=0.00 secs] 
2019-10-10T12:28:43.454+0000: 80.651: [GC (Allocation Failure) 2019-10-10T12:28:43.454+0000: 80.651: [DefNew: 409984K->598K(460800K), 0.0044304 secs] 463992K->54606K(1484800K), 0.0045534 secs] [Times: user=0.00 sys=0.01, real=0.01 secs] 
2019-10-10T12:28:49.535+0000: 86.733: [GC (Allocation Failure) 2019-10-10T12:28:49.536+0000: 86.733: [DefNew: 410198K->448K(460800K), 0.0035143 secs] 464206K->54456K(1484800K), 0.0036196 secs] [Times: user=0.00 sys=0.01, real=0.00 secs] 
2019-10-10T12:28:55.118+0000: 92.315: [GC (Allocation Failure) 2019-10-10T12:28:55.118+0000: 92.315: [DefNew: 410048K->389K(460800K), 0.0035823 secs] 464056K->54397K(1484800K), 0.0036906 secs] [Times: user=0.00 sys=0.00, real=0.00 secs] 
2019-10-10T12:29:01.593+0000: 98.790: [GC (Allocation Failure) 2019-10-10T12:29:01.593+0000: 98.790: [DefNew: 409989K->612K(460800K), 0.0040177 secs] 463997K->54620K(1484800K), 0.0041124 secs] [Times: user=0.00 sys=0.00, real=0.01 secs] 
2019-10-10T12:29:07.204+0000: 104.401: [GC (Allocation Failure) 2019-10-10T12:29:07.204+0000: 104.401: [DefNew: 410212K->414K(460800K), 0.0034327 secs] 464220K->54422K(1484800K), 0.0035334 secs] [Times: user=0.01 sys=0.00, real=0.01 secs] 
2019-10-10T12:29:12.723+0000: 109.921: [GC (Allocation Failure) 2019-10-10T12:29:12.724+0000: 109.921: [DefNew: 410014K->392K(460800K), 0.0036450 secs] 464022K->54400K(1484800K), 0.0051876 secs] [Times: user=0.00 sys=0.00, real=0.01 secs] 
2019-10-10T12:29:18.188+0000: 115.385: [GC (Allocation Failure) 2019-10-10T12:29:18.188+0000: 115.385: [DefNew: 409992K->387K(460800K), 0.0033875 secs] 464000K->54395K(1484800K), 0.0034955 secs] [Times: user=0.00 sys=0.00, real=0.00 secs] 
2019-10-10T12:29:23.669+0000: 120.866: [GC (Allocation Failure) 2019-10-10T12:29:23.669+0000: 120.866: [DefNew: 409987K->377K(460800K), 0.0034640 secs] 463995K->54397K(1484800K), 0.0035916 secs] [Times: user=0.00 sys=0.00, real=0.00 secs] 
2019-10-10T12:29:30.365+0000: 127.563: [GC (Allocation Failure) 2019-10-10T12:29:30.365+0000: 127.563: [DefNew: 409977K->427K(460800K), 0.0036079 secs] 463997K->54451K(1484800K), 0.0037176 secs] [Times: user=0.00 sys=0.00, real=0.01 secs] 
2019-10-10T12:29:36.398+0000: 133.595: [GC (Allocation Failure) 2019-10-10T12:29:36.398+0000: 133.595: [DefNew: 410027K->446K(460800K), 0.0034327 secs] 464051K->54469K(1484800K), 0.0035314 secs] [Times: user=0.01 sys=0.00, real=0.00 secs] 
2019-10-10T12:29:41.679+0000: 138.878: [GC (Allocation Failure) 2019-10-10T12:29:41.680+0000: 138.878: [DefNew: 410046K->642K(460800K), 0.0039555 secs] 464069K->54666K(1484800K), 0.0053921 secs] [Times: user=0.01 sys=0.00, real=0.00 secs] 
2019-10-10T12:29:47.007+0000: 144.206: [GC (Allocation Failure) 2019-10-10T12:29:47.009+0000: 144.206: [DefNew: 410242K->429K(460800K), 0.0035728 secs] 464266K->54455K(1484800K), 0.0050488 secs] [Times: user=0.01 sys=0.00, real=0.00 secs] 
2019-10-10T12:29:52.829+0000: 150.026: [GC (Allocation Failure) 2019-10-10T12:29:52.829+0000: 150.026: [DefNew: 410029K->493K(460800K), 0.0047534 secs] 464055K->54580K(1484800K), 0.0048579 secs] [Times: user=0.00 sys=0.00, real=0.00 secs] 
2019-10-10T12:29:58.327+0000: 155.524: [GC (Allocation Failure) 2019-10-10T12:29:58.327+0000: 155.524: [DefNew: 410093K->312K(460800K), 0.0036264 secs] 464180K->54521K(1484800K), 0.0037247 secs] [Times: user=0.00 sys=0.00, real=0.01 secs] 
2019-10-10T12:30:03.956+0000: 161.153: [GC (Allocation Failure) 2019-10-10T12:30:03.956+0000: 161.153: [DefNew: 409912K->240K(460800K), 0.0031945 secs] 464121K->54547K(1484800K), 0.0033158 secs] [Times: user=0.01 sys=0.00, real=0.00 secs] 
2019-10-10T12:30:09.472+0000: 166.669: [GC (Allocation Failure) 2019-10-10T12:30:09.472+0000: 166.669: [DefNew: 409840K->144K(460800K), 0.0027975 secs] 464147K->54451K(1484800K), 0.0028820 secs] [Times: user=0.00 sys=0.00, real=0.00 secs] 
2019-10-10T12:30:14.884+0000: 172.082: [GC (Allocation Failure) 2019-10-10T12:30:14.885+0000: 172.083: [DefNew: 409744K->167K(460800K), 0.0031388 secs] 464051K->54476K(1484800K), 0.0048616 secs] [Times: user=0.00 sys=0.00, real=0.01 secs] 
2019-10-10T12:30:20.507+0000: 177.704: [GC (Allocation Failure) 2019-10-10T12:30:20.507+0000: 177.704: [DefNew: 409767K->142K(460800K), 0.0028025 secs] 464076K->54450K(1484800K), 0.0028964 secs] [Times: user=0.00 sys=0.00, real=0.01 secs] 
2019-10-10T12:30:26.183+0000: 183.380: [GC (Allocation Failure) 2019-10-10T12:30:26.183+0000: 183.381: [DefNew: 409742K->236K(460800K), 0.0030490 secs] 464050K->54546K(1484800K), 0.0031466 secs] [Times: user=0.01 sys=0.00, real=0.00 secs] 
2019-10-10T12:30:31.615+0000: 188.813: [GC (Allocation Failure) 2019-10-10T12:30:31.616+0000: 188.813: [DefNew: 409836K->244K(460800K), 0.0033823 secs] 464146K->54554K(1484800K), 0.0049201 secs] [Times: user=0.00 sys=0.00, real=0.01 secs] 
2019-10-10T12:30:36.980+0000: 194.179: [GC (Allocation Failure) 2019-10-10T12:30:36.982+0000: 194.179: [DefNew: 409844K->334K(460800K), 0.0037567 secs] 464154K->54645K(1484800K), 0.0053021 secs] [Times: user=0.00 sys=0.00, real=0.00 secs] 
2019-10-10T12:30:42.530+0000: 199.727: [GC (Allocation Failure) 2019-10-10T12:30:42.530+0000: 199.727: [DefNew: 409934K->208K(460800K), 0.0029092 secs] 464245K->54520K(1484800K), 0.0030050 secs] [Times: user=0.00 sys=0.00, real=0.00 secs] 
2019-10-10T12:30:47.985+0000: 205.184: [GC (Allocation Failure) 2019-10-10T12:30:47.987+0000: 205.184: [DefNew: 409808K->211K(460800K), 0.0032915 secs] 464120K->54526K(1484800K), 0.0049004 secs] [Times: user=0.00 sys=0.00, real=0.01 secs] 
2019-10-10T12:30:53.447+0000: 210.646: [GC (Allocation Failure) 2019-10-10T12:30:53.449+0000: 210.646: [DefNew: 409811K->186K(460800K), 0.0034390 secs] 464126K->54550K(1484800K), 0.0048617 secs] [Times: user=0.00 sys=0.00, real=0.00 secs] 
2019-10-10T12:30:58.911+0000: 216.110: [GC (Allocation Failure) 2019-10-10T12:30:58.912+0000: 216.110: [DefNew: 409786K->405K(460800K), 0.0038192 secs] 464150K->54772K(1484800K), 0.0055574 secs] [Times: user=0.00 sys=0.00, real=0.01 secs] 
2019-10-10T12:31:04.174+0000: 221.371: [GC (Allocation Failure) 2019-10-10T12:31:04.174+0000: 221.371: [DefNew: 410005K->231K(460800K), 0.0030348 secs] 464372K->54598K(1484800K), 0.0031337 secs] [Times: user=0.00 sys=0.00, real=0.01 secs] 
2019-10-10T12:31:09.950+0000: 227.148: [GC (Allocation Failure) 2019-10-10T12:31:09.951+0000: 227.148: [DefNew: 409831K->219K(460800K), 0.0034834 secs] 464198K->54586K(1484800K), 0.0047759 secs] [Times: user=0.00 sys=0.00, real=0.00 secs] 
2019-10-10T12:31:15.647+0000: 232.844: [GC (Allocation Failure) 2019-10-10T12:31:15.647+0000: 232.844: [DefNew: 409819K->237K(460800K), 0.0030055 secs] 464186K->54604K(1484800K), 0.0030957 secs] [Times: user=0.01 sys=0.00, real=0.01 secs] 
2019-10-10T12:31:21.326+0000: 238.523: [GC (Allocation Failure) 2019-10-10T12:31:21.326+0000: 238.523: [DefNew: 409837K->207K(460800K), 0.0029618 secs] 464204K->54574K(1484800K), 0.0030633 secs] [Times: user=0.00 sys=0.00, real=0.01 secs] 
2019-10-10T12:31:26.800+0000: 243.999: [GC (Allocation Failure) 2019-10-10T12:31:26.802+0000: 243.999: [DefNew: 409807K->147K(460800K), 0.0030297 secs] 464174K->54514K(1484800K), 0.0045414 secs] [Times: user=0.00 sys=0.00, real=0.00 secs] 
2019-10-10T12:31:32.140+0000: 249.338: [GC (Allocation Failure) 2019-10-10T12:31:32.140+0000: 249.338: [DefNew: 409747K->194K(460800K), 0.0032242 secs] 464114K->54562K(1484800K), 0.0033620 secs] [Times: user=0.00 sys=0.00, real=0.00 secs] 
2019-10-10T12:31:37.475+0000: 254.674: [GC (Allocation Failure) 2019-10-10T12:31:37.476+0000: 254.674: [DefNew: 409794K->164K(460800K), 0.0030167 secs] 464162K->54532K(1484800K), 0.0046163 secs] [Times: user=0.01 sys=0.00, real=0.01 secs] 
2019-10-10T12:31:43.156+0000: 260.353: [GC (Allocation Failure) 2019-10-10T12:31:43.156+0000: 260.353: [DefNew: 409764K->163K(460800K), 0.0027972 secs] 464132K->54531K(1484800K), 0.0028911 secs] [Times: user=0.00 sys=0.01, real=0.00 secs] 
2019-10-10T12:31:48.523+0000: 265.722: [GC (Allocation Failure) 2019-10-10T12:31:48.525+0000: 265.722: [DefNew: 409763K->272K(460800K), 0.0032878 secs] 464131K->54648K(1484800K), 0.0046653 secs] [Times: user=0.00 sys=0.00, real=0.01 secs] 
2019-10-10T12:31:54.163+0000: 271.361: [GC (Allocation Failure) 2019-10-10T12:31:54.163+0000: 271.361: [DefNew: 409872K->117K(460800K), 0.0029899 secs] 464248K->54532K(1484800K), 0.0030866 secs] [Times: user=0.00 sys=0.00, real=0.00 secs] 
2019-10-10T12:31:59.500+0000: 276.699: [GC (Allocation Failure) 2019-10-10T12:31:59.502+0000: 276.699: [DefNew: 409717K->118K(460800K), 0.0029217 secs] 464132K->54532K(1484800K), 0.0041788 secs] [Times: user=0.01 sys=0.00, real=0.00 secs] 
2019-10-10T12:32:04.859+0000: 282.058: [GC (Allocation Failure) 2019-10-10T12:32:04.861+0000: 282.058: [DefNew: 409718K->333K(460800K), 0.0034687 secs] 464132K->54747K(1484800K), 0.0051695 secs] [Times: user=0.00 sys=0.00, real=0.00 secs] 
2019-10-10T12:32:10.210+0000: 287.407: [GC (Allocation Failure) 2019-10-10T12:32:10.210+0000: 287.407: [DefNew: 409933K->119K(460800K), 0.0029262 secs] 464347K->54534K(1484800K), 0.0030104 secs] [Times: user=0.00 sys=0.00, real=0.00 secs] 
2019-10-10T12:32:15.454+0000: 292.653: [GC (Allocation Failure) 2019-10-10T12:32:15.455+0000: 292.653: [DefNew: 409719K->123K(460800K), 0.0029553 secs] 464134K->54539K(1484800K), 0.0045479 secs] [Times: user=0.00 sys=0.00, real=0.01 secs] 
2019-10-10T12:32:21.595+0000: 298.792: [GC (Allocation Failure) 2019-10-10T12:32:21.595+0000: 298.792: [DefNew: 409723K->156K(460800K), 0.0028900 secs] 464139K->54571K(1484800K), 0.0030200 secs] [Times: user=0.01 sys=0.00, real=0.01 secs] 
2019-10-10T12:32:27.108+0000: 304.305: [GC (Allocation Failure) 2019-10-10T12:32:27.108+0000: 304.305: [DefNew: 409756K->190K(460800K), 0.0030946 secs] 464171K->54606K(1484800K), 0.0031959 secs] [Times: user=0.00 sys=0.00, real=0.00 secs] 
2019-10-10T12:32:32.382+0000: 309.581: [GC (Allocation Failure) 2019-10-10T12:32:32.384+0000: 309.581: [DefNew: 409790K->153K(460800K), 0.0029806 secs] 464206K->54568K(1484800K), 0.0045077 secs] [Times: user=0.00 sys=0.00, real=0.00 secs] 
2019-10-10T12:32:37.764+0000: 314.963: [GC (Allocation Failure) 2019-10-10T12:32:37.766+0000: 314.963: [DefNew: 409753K->151K(460800K), 0.0029473 secs] 464168K->54567K(1484800K), 0.0044566 secs] [Times: user=0.00 sys=0.00, real=0.01 secs] 
2019-10-10T12:32:42.995+0000: 320.193: [GC (Allocation Failure) 2019-10-10T12:32:42.995+0000: 320.193: [DefNew: 409751K->172K(460800K), 0.0029188 secs] 464167K->54588K(1484800K), 0.0030114 secs] [Times: user=0.00 sys=0.00, real=0.00 secs] 
2019-10-10T12:32:48.302+0000: 325.501: [GC (Allocation Failure) 2019-10-10T12:32:48.304+0000: 325.501: [DefNew: 409772K->375K(460800K), 0.0039131 secs] 464188K->54802K(1484800K), 0.0053319 secs] [Times: user=0.00 sys=0.00, real=0.01 secs] 
2019-10-10T12:32:53.550+0000: 330.749: [GC (Allocation Failure) 2019-10-10T12:32:53.552+0000: 330.749: [DefNew: 409975K->295K(460800K), 0.0035579 secs] 464402K->54742K(1484800K), 0.0050017 secs] [Times: user=0.00 sys=0.00, real=0.01 secs] 
2019-10-10T12:32:59.266+0000: 336.463: [GC (Allocation Failure) 2019-10-10T12:32:59.266+0000: 336.463: [DefNew: 409895K->154K(460800K), 0.0027930 secs] 464342K->54601K(1484800K), 0.0028850 secs] [Times: user=0.00 sys=0.00, real=0.01 secs] 
2019-10-10T12:33:04.834+0000: 342.032: [GC (Allocation Failure) 2019-10-10T12:33:04.835+0000: 342.032: [DefNew: 409754K->204K(460800K), 0.0034512 secs] 464201K->54651K(1484800K), 0.0048470 secs] [Times: user=0.00 sys=0.00, real=0.01 secs] 
2019-10-10T12:33:10.117+0000: 347.314: [GC (Allocation Failure) 2019-10-10T12:33:10.117+0000: 347.314: [DefNew: 409804K->183K(460800K), 0.0029638 secs] 464251K->54631K(1484800K), 0.0030811 secs] [Times: user=0.01 sys=0.00, real=0.00 secs] 
2019-10-10T12:33:15.586+0000: 352.785: [GC (Allocation Failure) 2019-10-10T12:33:15.587+0000: 352.785: [DefNew: 409783K->123K(460800K), 0.0029710 secs] 464231K->54571K(1484800K), 0.0044874 secs] [Times: user=0.00 sys=0.00, real=0.01 secs] 
2019-10-10T12:33:20.882+0000: 358.081: [GC (Allocation Failure) 2019-10-10T12:33:20.884+0000: 358.081: [DefNew: 409723K->136K(460800K), 0.0029857 secs] 464171K->54584K(1484800K), 0.0044357 secs] [Times: user=0.01 sys=0.00, real=0.00 secs] 
2019-10-10T12:33:26.705+0000: 363.902: [GC (Allocation Failure) 2019-10-10T12:33:26.705+0000: 363.902: [DefNew: 409736K->286K(460800K), 0.0032987 secs] 464184K->54734K(1484800K), 0.0033875 secs] [Times: user=0.01 sys=0.00, real=0.01 secs] 
2019-10-10T12:33:32.240+0000: 369.437: [GC (Allocation Failure) 2019-10-10T12:33:32.240+0000: 369.437: [DefNew: 409886K->312K(460800K), 0.0034198 secs] 464334K->54760K(1484800K), 0.0035034 secs] [Times: user=0.00 sys=0.00, real=0.00 secs] 
2019-10-10T12:33:37.561+0000: 374.760: [GC (Allocation Failure) 2019-10-10T12:33:37.562+0000: 374.760: [DefNew: 409912K->139K(460800K), 0.0031401 secs] 464360K->54587K(1484800K), 0.0046552 secs] [Times: user=0.00 sys=0.00, real=0.00 secs] 
2019-10-10T12:33:42.875+0000: 380.073: [GC (Allocation Failure) 2019-10-10T12:33:42.876+0000: 380.073: [DefNew: 409739K->145K(460800K), 0.0030246 secs] 464187K->54593K(1484800K), 0.0041193 secs] [Times: user=0.00 sys=0.01, real=0.01 secs] 
2019-10-10T12:33:48.234+0000: 385.432: [GC (Allocation Failure) 2019-10-10T12:33:48.234+0000: 385.432: [DefNew: 409745K->267K(460800K), 0.0031834 secs] 464193K->54751K(1484800K), 0.0032744 secs] [Times: user=0.00 sys=0.00, real=0.01 secs] 
2019-10-10T12:33:53.630+0000: 390.828: [GC (Allocation Failure) 2019-10-10T12:33:53.631+0000: 390.828: [DefNew: 409867K->221K(460800K), 0.0032762 secs] 464351K->54706K(1484800K), 0.0046679 secs] [Times: user=0.00 sys=0.00, real=0.00 secs] 
2019-10-10T12:33:59.014+0000: 396.212: [GC (Allocation Failure) 2019-10-10T12:33:59.015+0000: 396.213: [DefNew: 409821K->214K(460800K), 0.0033861 secs] 464306K->54699K(1484800K), 0.0049127 secs] [Times: user=0.01 sys=0.00, real=0.01 secs] 
2019-10-10T12:34:04.343+0000: 401.542: [GC (Allocation Failure) 2019-10-10T12:34:04.345+0000: 401.542: [DefNew: 409814K->264K(460800K), 0.0032812 secs] 464299K->54749K(1484800K), 0.0050418 secs] [Times: user=0.01 sys=0.00, real=0.01 secs] 
2019-10-10T12:34:09.698+0000: 406.896: [GC (Allocation Failure) 2019-10-10T12:34:09.699+0000: 406.896: [DefNew: 409864K->247K(460800K), 0.0033731 secs] 464349K->54732K(1484800K), 0.0049099 secs] [Times: user=0.00 sys=0.01, real=0.00 secs] 
2019-10-10T12:34:14.899+0000: 412.098: [GC (Allocation Failure) 2019-10-10T12:34:14.901+0000: 412.098: [DefNew: 409847K->295K(460800K), 0.0034118 secs] 464332K->54780K(1484800K), 0.0048826 secs] [Times: user=0.00 sys=0.00, real=0.00 secs] 
2019-10-10T12:34:20.274+0000: 417.472: [GC (Allocation Failure) 2019-10-10T12:34:20.274+0000: 417.472: [DefNew: 409895K->182K(460800K), 0.0029910 secs] 464380K->54667K(1484800K), 0.0030903 secs] [Times: user=0.00 sys=0.00, real=0.01 secs] 
2019-10-10T12:34:25.471+0000: 422.670: [GC (Allocation Failure) 2019-10-10T12:34:25.472+0000: 422.670: [DefNew: 409782K->144K(460800K), 0.0031247 secs] 464267K->54630K(1484800K), 0.0046992 secs] [Times: user=0.00 sys=0.01, real=0.01 secs] 
2019-10-10T12:34:31.034+0000: 428.233: [GC (Allocation Failure) 2019-10-10T12:34:31.036+0000: 428.233: [DefNew: 409744K->242K(460800K), 0.0034495 secs] 464230K->54727K(1484800K), 0.0050544 secs] [Times: user=0.00 sys=0.00, real=0.01 secs] 
2019-10-10T12:34:36.558+0000: 433.757: [GC (Allocation Failure) 2019-10-10T12:34:36.560+0000: 433.757: [DefNew: 409842K->125K(460800K), 0.0028850 secs] 464327K->54610K(1484800K), 0.0043042 secs] [Times: user=0.01 sys=0.00, real=0.00 secs] 
2019-10-10T12:34:42.179+0000: 439.377: [GC (Allocation Failure) 2019-10-10T12:34:42.179+0000: 439.377: [DefNew: 409725K->239K(460800K), 0.0032817 secs] 464210K->54725K(1484800K), 0.0033970 secs] [Times: user=0.00 sys=0.00, real=0.00 secs] 
2019-10-10T12:34:47.345+0000: 444.542: [GC (Allocation Failure) 2019-10-10T12:34:47.345+0000: 444.542: [DefNew: 409839K->118K(460800K), 0.0028641 secs] 464325K->54623K(1484800K), 0.0029555 secs] [Times: user=0.00 sys=0.00, real=0.01 secs] 
2019-10-10T12:34:52.753+0000: 449.952: [GC (Allocation Failure) 2019-10-10T12:34:52.754+0000: 449.952: [DefNew: 409718K->140K(460800K), 0.0031233 secs] 464223K->54644K(1484800K), 0.0047009 secs] [Times: user=0.00 sys=0.00, real=0.01 secs] 
2019-10-10T12:34:58.068+0000: 455.266: [GC (Allocation Failure) 2019-10-10T12:34:58.069+0000: 455.266: [DefNew: 409740K->101K(460800K), 0.0030409 secs] 464244K->54605K(1484800K), 0.0046104 secs] [Times: user=0.01 sys=0.00, real=0.00 secs] 
2019-10-10T12:35:03.360+0000: 460.557: [GC (Allocation Failure) 2019-10-10T12:35:03.360+0000: 460.558: [DefNew: 409701K->100K(460800K), 0.0027385 secs] 464205K->54605K(1484800K), 0.0028451 secs] [Times: user=0.00 sys=0.00, real=0.00 secs] 
12:35:05.403 [worker-akka.actor.default-dispatcher-12] INFO  a.r.a.Association(akka://worker) akka.remote.artery.Association(akka://worker) - Stopping idle outbound stream [2] to [akka://worker@flamestream-benchmarks-worker-0:5412]
2019-10-10T12:35:09.804+0000: 467.001: [GC (Allocation Failure) 2019-10-10T12:35:09.804+0000: 467.001: [DefNew: 409700K->445K(460800K), 0.0036790 secs] 464205K->54949K(1484800K), 0.0037772 secs] [Times: user=0.01 sys=0.00, real=0.01 secs] 
2019-10-10T12:35:15.245+0000: 472.442: [GC (Allocation Failure) 2019-10-10T12:35:15.245+0000: 472.442: [DefNew: 410045K->236K(460800K), 0.0032836 secs] 464549K->54740K(1484800K), 0.0033668 secs] [Times: user=0.00 sys=0.01, real=0.01 secs] 
2019-10-10T12:35:20.647+0000: 477.846: [GC (Allocation Failure) 2019-10-10T12:35:20.649+0000: 477.846: [DefNew: 409836K->454K(460800K), 0.0040399 secs] 464340K->54959K(1484800K), 0.0054009 secs] [Times: user=0.01 sys=0.00, real=0.00 secs] 
2019-10-10T12:35:26.179+0000: 483.376: [GC (Allocation Failure) 2019-10-10T12:35:26.179+0000: 483.376: [DefNew: 410054K->189K(460800K), 0.0031098 secs] 464559K->54694K(1484800K), 0.0032329 secs] [Times: user=0.00 sys=0.00, real=0.00 secs] 
2019-10-10T12:35:31.505+0000: 488.704: [GC (Allocation Failure) 2019-10-10T12:35:31.506+0000: 488.704: [DefNew: 409789K->204K(460800K), 0.0034171 secs] 464294K->54709K(1484800K), 0.0049412 secs] [Times: user=0.00 sys=0.00, real=0.01 secs] 
2019-10-10T12:35:36.768+0000: 493.967: [GC (Allocation Failure) 2019-10-10T12:35:36.769+0000: 493.967: [DefNew: 409804K->396K(460800K), 0.0038005 secs] 464309K->54901K(1484800K), 0.0053065 secs] [Times: user=0.01 sys=0.00, real=0.00 secs] 
2019-10-10T12:35:42.077+0000: 499.276: [GC (Allocation Failure) 2019-10-10T12:35:42.079+0000: 499.276: [DefNew: 409996K->372K(460800K), 0.0038348 secs] 464501K->54877K(1484800K), 0.0054230 secs] [Times: user=0.00 sys=0.00, real=0.00 secs] 
2019-10-10T12:35:47.504+0000: 504.702: [GC (Allocation Failure) 2019-10-10T12:35:47.505+0000: 504.702: [DefNew: 409972K->228K(460800K), 0.0034979 secs] 464477K->54734K(1484800K), 0.0045996 secs] [Times: user=0.00 sys=0.00, real=0.01 secs] 
2019-10-10T12:35:53.179+0000: 510.376: [GC (Allocation Failure) 2019-10-10T12:35:53.179+0000: 510.376: [DefNew: 409828K->180K(460800K), 0.0032042 secs] 464334K->54701K(1484800K), 0.0033030 secs] [Times: user=0.00 sys=0.00, real=0.00 secs] 
2019-10-10T12:35:58.721+0000: 515.919: [GC (Allocation Failure) 2019-10-10T12:35:58.722+0000: 515.920: [DefNew: 409780K->542K(460800K), 0.0043440 secs] 464301K->55062K(1484800K), 0.0058466 secs] [Times: user=0.01 sys=0.00, real=0.00 secs] 
2019-10-10T12:36:04.311+0000: 521.509: [GC (Allocation Failure) 2019-10-10T12:36:04.311+0000: 521.509: [DefNew: 410142K->339K(460800K), 0.0035052 secs] 464662K->54860K(1484800K), 0.0036015 secs] [Times: user=0.01 sys=0.00, real=0.00 secs] 
2019-10-10T12:36:09.415+0000: 526.613: [GC (Allocation Failure) 2019-10-10T12:36:09.416+0000: 526.614: [DefNew: 409939K->200K(460800K), 0.0033058 secs] 464460K->54721K(1484800K), 0.0044770 secs] [Times: user=0.01 sys=0.00, real=0.00 secs] 
2019-10-10T12:36:14.738+0000: 531.937: [GC (Allocation Failure) 2019-10-10T12:36:14.739+0000: 531.937: [DefNew: 409800K->178K(460800K), 0.0034883 secs] 464321K->54700K(1484800K), 0.0050857 secs] [Times: user=0.00 sys=0.01, real=0.00 secs] 
2019-10-10T12:36:19.959+0000: 537.158: [GC (Allocation Failure) 2019-10-10T12:36:19.961+0000: 537.158: [DefNew: 409778K->180K(460800K), 0.0031533 secs] 464300K->54701K(1484800K), 0.0047216 secs] [Times: user=0.00 sys=0.00, real=0.00 secs] 
2019-10-10T12:36:25.312+0000: 542.509: [GC (Allocation Failure) 2019-10-10T12:36:25.312+0000: 542.509: [DefNew: 409780K->203K(460800K), 0.0032309 secs] 464301K->54725K(1484800K), 0.0033270 secs] [Times: user=0.01 sys=0.01, real=0.00 secs] 
2019-10-10T12:36:30.738+0000: 547.937: [GC (Allocation Failure) 2019-10-10T12:36:30.740+0000: 547.937: [DefNew: 409803K->208K(460800K), 0.0038371 secs] 464325K->54819K(1484800K), 0.0054211 secs] [Times: user=0.01 sys=0.00, real=0.00 secs] 
2019-10-10T12:36:36.238+0000: 553.435: [GC (Allocation Failure) 2019-10-10T12:36:36.238+0000: 553.435: [DefNew: 409808K->95K(460800K), 0.0027704 secs] 464419K->54706K(1484800K), 0.0028710 secs] [Times: user=0.01 sys=0.00, real=0.00 secs] 
2019-10-10T12:36:41.587+0000: 558.786: [GC (Allocation Failure) 2019-10-10T12:36:41.589+0000: 558.786: [DefNew: 409695K->96K(460800K), 0.0030320 secs] 464306K->54707K(1484800K), 0.0045491 secs] [Times: user=0.00 sys=0.00, real=0.00 secs] 
2019-10-10T12:36:47.031+0000: 564.229: [GC (Allocation Failure) 2019-10-10T12:36:47.032+0000: 564.229: [DefNew: 409696K->126K(460800K), 0.0032186 secs] 464307K->54738K(1484800K), 0.0043879 secs] [Times: user=0.00 sys=0.00, real=0.01 secs] 
2019-10-10T12:36:52.427+0000: 569.625: [GC (Allocation Failure) 2019-10-10T12:36:52.428+0000: 569.626: [DefNew: 409726K->90K(460800K), 0.0028562 secs] 464338K->54707K(1484800K), 0.0043427 secs] [Times: user=0.00 sys=0.00, real=0.01 secs] 
2019-10-10T12:36:57.757+0000: 574.955: [GC (Allocation Failure) 2019-10-10T12:36:57.758+0000: 574.955: [DefNew: 409690K->168K(460800K), 0.0032018 secs] 464307K->54785K(1484800K), 0.0048053 secs] [Times: user=0.00 sys=0.00, real=0.00 secs] 
2019-10-10T12:37:02.921+0000: 580.120: [GC (Allocation Failure) 2019-10-10T12:37:02.922+0000: 580.120: [DefNew: 409768K->105K(460800K), 0.0029878 secs] 464385K->54723K(1484800K), 0.0045495 secs] [Times: user=0.01 sys=0.00, real=0.00 secs] 
2019-10-10T12:37:08.053+0000: 585.252: [GC (Allocation Failure) 2019-10-10T12:37:08.055+0000: 585.252: [DefNew: 409705K->115K(460800K), 0.0029829 secs] 464323K->54733K(1484800K), 0.0045113 secs] [Times: user=0.00 sys=0.00, real=0.01 secs] 
2019-10-10T12:37:13.245+0000: 590.443: [GC (Allocation Failure) 2019-10-10T12:37:13.246+0000: 590.443: [DefNew: 409715K->132K(460800K), 0.0031998 secs] 464333K->54749K(1484800K), 0.0049575 secs] [Times: user=0.01 sys=0.00, real=0.01 secs] 
2019-10-10T12:37:18.448+0000: 595.645: [GC (Allocation Failure) 2019-10-10T12:37:18.448+0000: 595.645: [DefNew: 409732K->93K(460800K), 0.0029999 secs] 464349K->54710K(1484800K), 0.0031156 secs] [Times: user=0.00 sys=0.00, real=0.00 secs] 
2019-10-10T12:37:23.754+0000: 600.952: [GC (Allocation Failure) 2019-10-10T12:37:23.755+0000: 600.952: [DefNew: 409693K->94K(460800K), 0.0028757 secs] 464310K->54711K(1484800K), 0.0044779 secs] [Times: user=0.00 sys=0.01, real=0.01 secs] 
2019-10-10T12:37:29.348+0000: 606.545: [GC (Allocation Failure) 2019-10-10T12:37:29.348+0000: 606.545: [DefNew: 409694K->102K(460800K), 0.0029894 secs] 464311K->54720K(1484800K), 0.0030946 secs] [Times: user=0.00 sys=0.00, real=0.00 secs] 
2019-10-10T12:37:34.628+0000: 611.826: [GC (Allocation Failure) 2019-10-10T12:37:34.629+0000: 611.826: [DefNew: 409702K->186K(460800K), 0.0030142 secs] 464320K->54804K(1484800K), 0.0044176 secs] [Times: user=0.00 sys=0.00, real=0.00 secs] 
2019-10-10T12:37:39.934+0000: 617.133: [GC (Allocation Failure) 2019-10-10T12:37:39.935+0000: 617.133: [DefNew: 409786K->113K(460800K), 0.0029988 secs] 464404K->54731K(1484800K), 0.0043951 secs] [Times: user=0.01 sys=0.00, real=0.01 secs] 
2019-10-10T12:37:45.247+0000: 622.444: [GC (Allocation Failure) 2019-10-10T12:37:45.247+0000: 622.444: [DefNew: 409713K->104K(460800K), 0.0027291 secs] 464331K->54722K(1484800K), 0.0028340 secs] [Times: user=0.00 sys=0.00, real=0.01 secs] 
2019-10-10T12:37:50.655+0000: 627.852: [GC (Allocation Failure) 2019-10-10T12:37:50.655+0000: 627.852: [DefNew: 409704K->161K(460800K), 0.0028499 secs] 464322K->54785K(1484800K), 0.0029378 secs] [Times: user=0.00 sys=0.00, real=0.00 secs] 
2019-10-10T12:37:55.974+0000: 633.173: [GC (Allocation Failure) 2019-10-10T12:37:55.976+0000: 633.173: [DefNew: 409761K->229K(460800K), 0.0032578 secs] 464385K->54853K(1484800K), 0.0048106 secs] [Times: user=0.00 sys=0.00, real=0.01 secs] 
2019-10-10T12:38:01.343+0000: 638.540: [GC (Allocation Failure) 2019-10-10T12:38:01.343+0000: 638.540: [DefNew: 409829K->98K(460800K), 0.0027873 secs] 464453K->54722K(1484800K), 0.0029159 secs] [Times: user=0.00 sys=0.00, real=0.00 secs] 
2019-10-10T12:38:06.490+0000: 643.689: [GC (Allocation Failure) 2019-10-10T12:38:06.492+0000: 643.689: [DefNew: 409698K->157K(460800K), 0.0034409 secs] 464322K->54781K(1484800K), 0.0049392 secs] [Times: user=0.00 sys=0.00, real=0.01 secs] 
2019-10-10T12:38:11.745+0000: 648.943: [GC (Allocation Failure) 2019-10-10T12:38:11.746+0000: 648.943: [DefNew: 409757K->98K(460800K), 0.0030124 secs] 464381K->54722K(1484800K), 0.0044847 secs] [Times: user=0.00 sys=0.00, real=0.01 secs] 
2019-10-10T12:38:17.111+0000: 654.309: [GC (Allocation Failure) 2019-10-10T12:38:17.111+0000: 654.309: [DefNew: 409698K->101K(460800K), 0.0028735 secs] 464322K->54725K(1484800K), 0.0029688 secs] [Times: user=0.00 sys=0.00, real=0.00 secs] 
2019-10-10T12:38:22.345+0000: 659.542: [GC (Allocation Failure) 2019-10-10T12:38:22.345+0000: 659.542: [DefNew: 409701K->319K(460800K), 0.0033126 secs] 464325K->54943K(1484800K), 0.0034019 secs] [Times: user=0.01 sys=0.00, real=0.01 secs] 
2019-10-10T12:38:27.883+0000: 665.082: [GC (Allocation Failure) 2019-10-10T12:38:27.884+0000: 665.082: [DefNew: 409919K->222K(460800K), 0.0032909 secs] 464543K->54846K(1484800K), 0.0049844 secs] [Times: user=0.00 sys=0.00, real=0.01 secs] 
2019-10-10T12:38:33.378+0000: 670.576: [GC (Allocation Failure) 2019-10-10T12:38:33.378+0000: 670.576: [DefNew: 409822K->151K(460800K), 0.0028242 secs] 464446K->54775K(1484800K), 0.0029180 secs] [Times: user=0.00 sys=0.00, real=0.00 secs] 
2019-10-10T12:38:38.767+0000: 675.966: [GC (Allocation Failure) 2019-10-10T12:38:38.769+0000: 675.966: [DefNew: 409751K->104K(460800K), 0.0030594 secs] 464375K->54728K(1484800K), 0.0043234 secs] [Times: user=0.01 sys=0.00, real=0.00 secs] 
2019-10-10T12:38:44.003+0000: 681.202: [GC (Allocation Failure) 2019-10-10T12:38:44.005+0000: 681.202: [DefNew: 409704K->134K(460800K), 0.0036065 secs] 464328K->54758K(1484800K), 0.0050413 secs] [Times: user=0.00 sys=0.00, real=0.01 secs] 
2019-10-10T12:38:49.449+0000: 686.647: [GC (Allocation Failure) 2019-10-10T12:38:49.449+0000: 686.647: [DefNew: 409734K->165K(460800K), 0.0032298 secs] 464358K->54803K(1484800K), 0.0033272 secs] [Times: user=0.00 sys=0.00, real=0.00 secs] 
2019-10-10T12:38:54.934+0000: 692.132: [GC (Allocation Failure) 2019-10-10T12:38:54.935+0000: 692.132: [DefNew: 409765K->90K(460800K), 0.0029493 secs] 464403K->54728K(1484800K), 0.0044211 secs] [Times: user=0.00 sys=0.00, real=0.01 secs] 
2019-10-10T12:39:00.127+0000: 697.324: [GC (Allocation Failure) 2019-10-10T12:39:00.127+0000: 697.324: [DefNew: 409690K->343K(460800K), 0.0034766 secs] 464328K->54982K(1484800K), 0.0035718 secs] [Times: user=0.00 sys=0.00, real=0.01 secs] 
2019-10-10T12:39:05.502+0000: 702.701: [GC (Allocation Failure) 2019-10-10T12:39:05.504+0000: 702.701: [DefNew: 409943K->90K(460800K), 0.0029103 secs] 464582K->54729K(1484800K), 0.0042463 secs] [Times: user=0.00 sys=0.00, real=0.00 secs] 
2019-10-10T12:39:10.827+0000: 708.026: [GC (Allocation Failure) 2019-10-10T12:39:10.829+0000: 708.026: [DefNew: 409690K->110K(460800K), 0.0031212 secs] 464329K->54749K(1484800K), 0.0047505 secs] [Times: user=0.00 sys=0.00, real=0.00 secs] 
2019-10-10T12:39:16.053+0000: 713.251: [GC (Allocation Failure) 2019-10-10T12:39:16.054+0000: 713.251: [DefNew: 409710K->173K(460800K), 0.0030819 secs] 464349K->54812K(1484800K), 0.0043933 secs] [Times: user=0.01 sys=0.00, real=0.01 secs] 
2019-10-10T12:39:21.344+0000: 718.541: [GC (Allocation Failure) 2019-10-10T12:39:21.344+0000: 718.541: [DefNew: 409773K->89K(460800K), 0.0026547 secs] 464412K->54728K(1484800K), 0.0027388 secs] [Times: user=0.00 sys=0.00, real=0.00 secs] 
2019-10-10T12:39:26.720+0000: 723.919: [GC (Allocation Failure) 2019-10-10T12:39:26.721+0000: 723.919: [DefNew: 409689K->189K(460800K), 0.0031552 secs] 464328K->54828K(1484800K), 0.0046178 secs] [Times: user=0.00 sys=0.00, real=0.00 secs] 
2019-10-10T12:39:32.133+0000: 729.330: [GC (Allocation Failure) 2019-10-10T12:39:32.133+0000: 729.330: [DefNew: 409789K->97K(460800K), 0.0029204 secs] 464428K->54736K(1484800K), 0.0030086 secs] [Times: user=0.00 sys=0.00, real=0.01 secs] 
2019-10-10T12:39:37.363+0000: 734.561: [GC (Allocation Failure) 2019-10-10T12:39:37.364+0000: 734.561: [DefNew: 409697K->96K(460800K), 0.0030735 secs] 464336K->54735K(1484800K), 0.0045439 secs] [Times: user=0.00 sys=0.00, real=0.01 secs] 
2019-10-10T12:39:42.598+0000: 739.796: [GC (Allocation Failure) 2019-10-10T12:39:42.599+0000: 739.797: [DefNew: 409696K->97K(460800K), 0.0029000 secs] 464335K->54736K(1484800K), 0.0042807 secs] [Times: user=0.00 sys=0.00, real=0.00 secs] 
2019-10-10T12:39:47.937+0000: 745.136: [GC (Allocation Failure) 2019-10-10T12:39:47.939+0000: 745.136: [DefNew: 409697K->269K(460800K), 0.0036130 secs] 464336K->54914K(1484800K), 0.0053427 secs] [Times: user=0.00 sys=0.00, real=0.00 secs] 
2019-10-10T12:39:53.183+0000: 750.380: [GC (Allocation Failure) 2019-10-10T12:39:53.183+0000: 750.380: [DefNew: 409869K->227K(460800K), 0.0032448 secs] 464514K->54872K(1484800K), 0.0033295 secs] [Times: user=0.00 sys=0.00, real=0.00 secs] 
2019-10-10T12:39:58.481+0000: 755.680: [GC (Allocation Failure) 2019-10-10T12:39:58.483+0000: 755.680: [DefNew: 409827K->93K(460800K), 0.0028814 secs] 464472K->54739K(1484800K), 0.0044002 secs] [Times: user=0.00 sys=0.00, real=0.00 secs] 
2019-10-10T12:40:03.806+0000: 761.004: [GC (Allocation Failure) 2019-10-10T12:40:03.806+0000: 761.004: [DefNew: 409693K->341K(460800K), 0.0033946 secs] 464339K->54987K(1484800K), 0.0034921 secs] [Times: user=0.00 sys=0.00, real=0.01 secs] 
2019-10-10T12:40:09.170+0000: 766.367: [GC (Allocation Failure) 2019-10-10T12:40:09.170+0000: 766.367: [DefNew: 409941K->334K(460800K), 0.0033246 secs] 464587K->54979K(1484800K), 0.0034291 secs] [Times: user=0.01 sys=0.00, real=0.00 secs] 
2019-10-10T12:40:14.464+0000: 771.663: [GC (Allocation Failure) 2019-10-10T12:40:14.466+0000: 771.663: [DefNew: 409934K->159K(460800K), 0.0033433 secs] 464579K->54805K(1484800K), 0.0051017 secs] [Times: user=0.00 sys=0.00, real=0.01 secs] 
2019-10-10T12:40:19.799+0000: 776.997: [GC (Allocation Failure) 2019-10-10T12:40:19.800+0000: 776.998: [DefNew: 409759K->126K(460800K), 0.0030118 secs] 464405K->54771K(1484800K), 0.0046134 secs] [Times: user=0.00 sys=0.00, real=0.00 secs] 
2019-10-10T12:40:25.219+0000: 782.416: [GC (Allocation Failure) 2019-10-10T12:40:25.219+0000: 782.416: [DefNew: 409726K->179K(460800K), 0.0031444 secs] 464371K->54824K(1484800K), 0.0032397 secs] [Times: user=0.01 sys=0.00, real=0.00 secs] 
2019-10-10T12:40:30.680+0000: 787.879: [GC (Allocation Failure) 2019-10-10T12:40:30.682+0000: 787.879: [DefNew: 409779K->134K(460800K), 0.0031632 secs] 464424K->54779K(1484800K), 0.0045828 secs] [Times: user=0.00 sys=0.00, real=0.00 secs] 
2019-10-10T12:40:36.014+0000: 793.213: [GC (Allocation Failure) 2019-10-10T12:40:36.016+0000: 793.213: [DefNew: 409734K->96K(460800K), 0.0029909 secs] 464379K->54742K(1484800K), 0.0046669 secs] [Times: user=0.01 sys=0.00, real=0.01 secs] 
2019-10-10T12:40:41.256+0000: 798.455: [GC (Allocation Failure) 2019-10-10T12:40:41.258+0000: 798.455: [DefNew: 409696K->96K(460800K), 0.0029628 secs] 464342K->54741K(1484800K), 0.0043805 secs] [Times: user=0.00 sys=0.00, real=0.00 secs] 
2019-10-10T12:40:46.568+0000: 803.766: [GC (Allocation Failure) 2019-10-10T12:40:46.569+0000: 803.767: [DefNew: 409696K->120K(460800K), 0.0030575 secs] 464341K->54771K(1484800K), 0.0044712 secs] [Times: user=0.00 sys=0.00, real=0.00 secs] 
2019-10-10T12:40:51.768+0000: 808.966: [GC (Allocation Failure) 2019-10-10T12:40:51.768+0000: 808.966: [DefNew: 409720K->98K(460800K), 0.0027098 secs] 464371K->54750K(1484800K), 0.0027905 secs] [Times: user=0.00 sys=0.00, real=0.00 secs] 
2019-10-10T12:40:57.028+0000: 814.225: [GC (Allocation Failure) 2019-10-10T12:40:57.028+0000: 814.225: [DefNew: 409698K->90K(460800K), 0.0026201 secs] 464350K->54742K(1484800K), 0.0027169 secs] [Times: user=0.00 sys=0.00, real=0.00 secs] 
2019-10-10T12:41:02.294+0000: 819.491: [GC (Allocation Failure) 2019-10-10T12:41:02.294+0000: 819.491: [DefNew: 409690K->95K(460800K), 0.0027011 secs] 464342K->54746K(1484800K), 0.0027882 secs] [Times: user=0.00 sys=0.00, real=0.01 secs] 
2019-10-10T12:41:07.466+0000: 824.665: [GC (Allocation Failure) 2019-10-10T12:41:07.467+0000: 824.665: [DefNew: 409695K->97K(460800K), 0.0028442 secs] 464346K->54748K(1484800K), 0.0042216 secs] [Times: user=0.01 sys=0.00, real=0.01 secs] 
2019-10-10T12:41:12.738+0000: 829.937: [GC (Allocation Failure) 2019-10-10T12:41:12.740+0000: 829.937: [DefNew: 409697K->90K(460800K), 0.0031826 secs] 464348K->54742K(1484800K), 0.0050237 secs] [Times: user=0.00 sys=0.00, real=0.00 secs] 
2019-10-10T12:41:17.928+0000: 835.126: [GC (Allocation Failure) 2019-10-10T12:41:17.929+0000: 835.126: [DefNew: 409690K->89K(460800K), 0.0033545 secs] 464342K->54741K(1484800K), 0.0048118 secs] [Times: user=0.00 sys=0.00, real=0.00 secs] 
2019-10-10T12:41:23.316+0000: 840.513: [GC (Allocation Failure) 2019-10-10T12:41:23.316+0000: 840.513: [DefNew: 409689K->129K(460800K), 0.0027966 secs] 464341K->54781K(1484800K), 0.0028894 secs] [Times: user=0.00 sys=0.00, real=0.00 secs] 
2019-10-10T12:41:28.716+0000: 845.915: [GC (Allocation Failure) 2019-10-10T12:41:28.718+0000: 845.915: [DefNew: 409729K->97K(460800K), 0.0036448 secs] 464381K->54749K(1484800K), 0.0052473 secs] [Times: user=0.01 sys=0.00, real=0.00 secs] 
2019-10-10T12:41:34.026+0000: 851.225: [GC (Allocation Failure) 2019-10-10T12:41:34.028+0000: 851.225: [DefNew: 409697K->97K(460800K), 0.0030063 secs] 464349K->54749K(1484800K), 0.0042995 secs] [Times: user=0.00 sys=0.00, real=0.01 secs] 
2019-10-10T12:41:39.266+0000: 856.465: [GC (Allocation Failure) 2019-10-10T12:41:39.268+0000: 856.465: [DefNew: 409697K->334K(460800K), 0.0033175 secs] 464349K->54986K(1484800K), 0.0047164 secs] [Times: user=0.00 sys=0.00, real=0.01 secs] 
2019-10-10T12:41:44.768+0000: 861.967: [GC (Allocation Failure) 2019-10-10T12:41:44.770+0000: 861.967: [DefNew: 409934K->143K(460800K), 0.0029976 secs] 464586K->54795K(1484800K), 0.0043255 secs] [Times: user=0.00 sys=0.00, real=0.00 secs] 
2019-10-10T12:41:50.082+0000: 867.279: [GC (Allocation Failure) 2019-10-10T12:41:50.082+0000: 867.279: [DefNew: 409743K->93K(460800K), 0.0027773 secs] 464395K->54750K(1484800K), 0.0028701 secs] [Times: user=0.01 sys=0.00, real=0.00 secs] 
2019-10-10T12:41:55.418+0000: 872.616: [GC (Allocation Failure) 2019-10-10T12:41:55.419+0000: 872.616: [DefNew: 409693K->92K(460800K), 0.0028842 secs] 464350K->54750K(1484800K), 0.0041840 secs] [Times: user=0.00 sys=0.00, real=0.00 secs] 
2019-10-10T12:42:00.951+0000: 878.150: [GC (Allocation Failure) 2019-10-10T12:42:00.953+0000: 878.150: [DefNew: 409692K->90K(460800K), 0.0031917 secs] 464350K->54748K(1484800K), 0.0047041 secs] [Times: user=0.01 sys=0.00, real=0.01 secs] 
2019-10-10T12:42:06.309+0000: 883.507: [GC (Allocation Failure) 2019-10-10T12:42:06.309+0000: 883.507: [DefNew: 409690K->165K(460800K), 0.0028986 secs] 464348K->54823K(1484800K), 0.0029834 secs] [Times: user=0.00 sys=0.00, real=0.00 secs] 
2019-10-10T12:42:11.625+0000: 888.824: [GC (Allocation Failure) 2019-10-10T12:42:11.627+0000: 888.824: [DefNew: 409765K->156K(460800K), 0.0032593 secs] 464423K->54814K(1484800K), 0.0047379 secs] [Times: user=0.00 sys=0.00, real=0.01 secs] 
2019-10-10T12:42:16.971+0000: 894.169: [GC (Allocation Failure) 2019-10-10T12:42:16.972+0000: 894.169: [DefNew: 409756K->91K(460800K), 0.0031413 secs] 464414K->54749K(1484800K), 0.0045171 secs] [Times: user=0.00 sys=0.00, real=0.01 secs] 
2019-10-10T12:42:22.269+0000: 899.467: [GC (Allocation Failure) 2019-10-10T12:42:22.269+0000: 899.467: [DefNew: 409691K->92K(460800K), 0.0030221 secs] 464349K->54750K(1484800K), 0.0031261 secs] [Times: user=0.01 sys=0.00, real=0.00 secs] 
2019-10-10T12:42:27.596+0000: 904.795: [GC (Allocation Failure) 2019-10-10T12:42:27.598+0000: 904.795: [DefNew: 409692K->125K(460800K), 0.0033835 secs] 464350K->54783K(1484800K), 0.0052419 secs] [Times: user=0.01 sys=0.00, real=0.00 secs] 
2019-10-10T12:42:32.808+0000: 910.006: [GC (Allocation Failure) 2019-10-10T12:42:32.809+0000: 910.006: [DefNew: 409725K->362K(460800K), 0.0036780 secs] 464383K->55020K(1484800K), 0.0054076 secs] [Times: user=0.01 sys=0.00, real=0.00 secs] 
2019-10-10T12:42:37.955+0000: 915.154: [GC (Allocation Failure) 2019-10-10T12:42:37.957+0000: 915.154: [DefNew: 409962K->108K(460800K), 0.0030198 secs] 464620K->54766K(1484800K), 0.0047374 secs] [Times: user=0.00 sys=0.00, real=0.00 secs] 
2019-10-10T12:42:43.310+0000: 920.508: [GC (Allocation Failure) 2019-10-10T12:42:43.310+0000: 920.508: [DefNew: 409708K->116K(460800K), 0.0027386 secs] 464366K->54774K(1484800K), 0.0028458 secs] [Times: user=0.01 sys=0.00, real=0.00 secs] 
2019-10-10T12:42:48.490+0000: 925.687: [GC (Allocation Failure) 2019-10-10T12:42:48.490+0000: 925.687: [DefNew: 409716K->124K(460800K), 0.0028564 secs] 464374K->54789K(1484800K), 0.0029434 secs] [Times: user=0.00 sys=0.00, real=0.00 secs] 
2019-10-10T12:42:53.845+0000: 931.044: [GC (Allocation Failure) 2019-10-10T12:42:53.847+0000: 931.044: [DefNew: 409724K->90K(460800K), 0.0027897 secs] 464389K->54755K(1484800K), 0.0042374 secs] [Times: user=0.00 sys=0.00, real=0.01 secs] 
2019-10-10T12:42:59.181+0000: 936.378: [GC (Allocation Failure) 2019-10-10T12:42:59.181+0000: 936.378: [DefNew: 409690K->90K(460800K), 0.0027195 secs] 464355K->54755K(1484800K), 0.0028108 secs] [Times: user=0.00 sys=0.00, real=0.00 secs] 
2019-10-10T12:43:04.516+0000: 941.715: [GC (Allocation Failure) 2019-10-10T12:43:04.517+0000: 941.715: [DefNew: 409690K->91K(460800K), 0.0031281 secs] 464355K->54756K(1484800K), 0.0044916 secs] [Times: user=0.00 sys=0.00, real=0.00 secs] 
2019-10-10T12:43:09.892+0000: 947.091: [GC (Allocation Failure) 2019-10-10T12:43:09.894+0000: 947.091: [DefNew: 409691K->103K(460800K), 0.0031997 secs] 464356K->54768K(1484800K), 0.0046542 secs] [Times: user=0.00 sys=0.00, real=0.01 secs] 
2019-10-10T12:43:15.176+0000: 952.373: [GC (Allocation Failure) 2019-10-10T12:43:15.176+0000: 952.373: [DefNew: 409703K->91K(460800K), 0.0026894 secs] 464368K->54756K(1484800K), 0.0027831 secs] [Times: user=0.00 sys=0.00, real=0.00 secs] 
2019-10-10T12:43:20.446+0000: 957.643: [GC (Allocation Failure) 2019-10-10T12:43:20.446+0000: 957.643: [DefNew: 409691K->92K(460800K), 0.0027329 secs] 464356K->54757K(1484800K), 0.0028344 secs] [Times: user=0.00 sys=0.00, real=0.01 secs] 
2019-10-10T12:43:26.080+0000: 963.277: [GC (Allocation Failure) 2019-10-10T12:43:26.080+0000: 963.277: [DefNew: 409692K->183K(460800K), 0.0030053 secs] 464357K->54848K(1484800K), 0.0030987 secs] [Times: user=0.00 sys=0.00, real=0.00 secs] 
2019-10-10T12:43:31.447+0000: 968.646: [GC (Allocation Failure) 2019-10-10T12:43:31.449+0000: 968.646: [DefNew: 409783K->98K(460800K), 0.0030922 secs] 464448K->54763K(1484800K), 0.0043851 secs] [Times: user=0.00 sys=0.00, real=0.00 secs] 
2019-10-10T12:43:36.633+0000: 973.831: [GC (Allocation Failure) 2019-10-10T12:43:36.634+0000: 973.831: [DefNew: 409698K->318K(460800K), 0.0035817 secs] 464363K->54983K(1484800K), 0.0051315 secs] [Times: user=0.00 sys=0.00, real=0.01 secs] 
2019-10-10T12:43:41.889+0000: 979.087: [GC (Allocation Failure) 2019-10-10T12:43:41.890+0000: 979.087: [DefNew: 409918K->312K(460800K), 0.0034940 secs] 464583K->54977K(1484800K), 0.0047463 secs] [Times: user=0.00 sys=0.00, real=0.00 secs] 
2019-10-10T12:43:47.179+0000: 984.376: [GC (Allocation Failure) 2019-10-10T12:43:47.179+0000: 984.376: [DefNew: 409912K->93K(460800K), 0.0028132 secs] 464577K->54765K(1484800K), 0.0028977 secs] [Times: user=0.00 sys=0.00, real=0.00 secs] 
2019-10-10T12:43:52.426+0000: 989.625: [GC (Allocation Failure) 2019-10-10T12:43:52.428+0000: 989.625: [DefNew: 409693K->135K(460800K), 0.0029609 secs] 464365K->54807K(1484800K), 0.0048406 secs] [Times: user=0.00 sys=0.00, real=0.01 secs] 
2019-10-10T12:43:57.842+0000: 995.040: [GC (Allocation Failure) 2019-10-10T12:43:57.843+0000: 995.040: [DefNew: 409735K->155K(460800K), 0.0032074 secs] 464407K->54827K(1484800K), 0.0046219 secs] [Times: user=0.00 sys=0.00, real=0.00 secs] 
2019-10-10T12:44:03.157+0000: 1000.355: [GC (Allocation Failure) 2019-10-10T12:44:03.157+0000: 1000.355: [DefNew: 409755K->98K(460800K), 0.0027703 secs] 464427K->54770K(1484800K), 0.0028652 secs] [Times: user=0.01 sys=0.00, real=0.00 secs] 
2019-10-10T12:44:08.483+0000: 1005.682: [GC (Allocation Failure) 2019-10-10T12:44:08.485+0000: 1005.682: [DefNew: 409698K->179K(460800K), 0.0029507 secs] 464370K->54851K(1484800K), 0.0043906 secs] [Times: user=0.00 sys=0.00, real=0.01 secs] 
2019-10-10T12:44:13.983+0000: 1011.182: [GC (Allocation Failure) 2019-10-10T12:44:13.984+0000: 1011.182: [DefNew: 409779K->90K(460800K), 0.0029734 secs] 464451K->54762K(1484800K), 0.0044405 secs] [Times: user=0.00 sys=0.00, real=0.01 secs] 
2019-10-10T12:44:19.339+0000: 1016.538: [GC (Allocation Failure) 2019-10-10T12:44:19.340+0000: 1016.538: [DefNew: 409690K->169K(460800K), 0.0033330 secs] 464362K->54842K(1484800K), 0.0050420 secs] [Times: user=0.01 sys=0.00, real=0.00 secs] 
12:44:21.767 [Client] INFO  c.s.f.r.e.s.SocketRear  - FlameSocketGraphDeployerRear@flamestream-benchmarks-worker-9: has been disconnected from Connection 4
12:44:21.771 [Client] INFO  c.s.f.r.e.s.SocketFront  - FlameSocketGraphDeployerFront@flamestream-benchmarks-worker-9 has been disconnected from Connection 4
12:44:21.779 [worker-akka.actor.default-dispatcher-10] WARN  c.s.f.r.e.s.SocketRear  - FlameSocketGraphDeployerRear@flamestream-benchmarks-worker-9: writing to closed log
12:44:21.781 [worker-akka.actor.default-dispatcher-10] WARN  c.s.f.r.e.s.SocketRear  - FlameSocketGraphDeployerRear@flamestream-benchmarks-worker-9: writing to closed log
12:44:21.799 [worker-akka.actor.default-dispatcher-10] WARN  c.s.f.r.e.s.SocketRear  - FlameSocketGraphDeployerRear@flamestream-benchmarks-worker-9: writing to closed log
12:44:21.799 [worker-akka.actor.default-dispatcher-10] WARN  c.s.f.r.e.s.SocketRear  - FlameSocketGraphDeployerRear@flamestream-benchmarks-worker-9: writing to closed log
12:44:21.849 [worker-akka.actor.default-dispatcher-10] WARN  c.s.f.r.e.s.SocketRear  - FlameSocketGraphDeployerRear@flamestream-benchmarks-worker-9: writing to closed log
12:44:21.881 [worker-akka.actor.default-dispatcher-10] WARN  c.s.f.r.e.s.SocketRear  - FlameSocketGraphDeployerRear@flamestream-benchmarks-worker-9: writing to closed log
12:44:21.906 [worker-akka.actor.default-dispatcher-10] WARN  c.s.f.r.e.s.SocketRear  - FlameSocketGraphDeployerRear@flamestream-benchmarks-worker-9: writing to closed log
12:44:21.944 [worker-akka.actor.default-dispatcher-10] WARN  c.s.f.r.e.s.SocketRear  - FlameSocketGraphDeployerRear@flamestream-benchmarks-worker-9: writing to closed log
12:44:21.948 [worker-akka.actor.default-dispatcher-10] WARN  c.s.f.r.e.s.SocketRear  - FlameSocketGraphDeployerRear@flamestream-benchmarks-worker-9: writing to closed log
12:44:22.006 [worker-akka.actor.default-dispatcher-10] WARN  c.s.f.r.e.s.SocketRear  - FlameSocketGraphDeployerRear@flamestream-benchmarks-worker-9: writing to closed log
12:44:22.013 [worker-akka.actor.default-dispatcher-10] WARN  c.s.f.r.e.s.SocketRear  - FlameSocketGraphDeployerRear@flamestream-benchmarks-worker-9: writing to closed log
12:44:22.014 [worker-akka.actor.default-dispatcher-10] WARN  c.s.f.r.e.s.SocketRear  - FlameSocketGraphDeployerRear@flamestream-benchmarks-worker-9: writing to closed log
12:44:22.059 [worker-akka.actor.default-dispatcher-10] WARN  c.s.f.r.e.s.SocketRear  - FlameSocketGraphDeployerRear@flamestream-benchmarks-worker-9: writing to closed log
12:44:22.061 [worker-akka.actor.default-dispatcher-10] WARN  c.s.f.r.e.s.SocketRear  - FlameSocketGraphDeployerRear@flamestream-benchmarks-worker-9: writing to closed log
12:44:22.062 [worker-akka.actor.default-dispatcher-10] WARN  c.s.f.r.e.s.SocketRear  - FlameSocketGraphDeployerRear@flamestream-benchmarks-worker-9: writing to closed log
12:44:22.121 [worker-akka.actor.default-dispatcher-10] WARN  c.s.f.r.e.s.SocketRear  - FlameSocketGraphDeployerRear@flamestream-benchmarks-worker-9: writing to closed log
12:44:22.122 [worker-akka.actor.default-dispatcher-10] WARN  c.s.f.r.e.s.SocketRear  - FlameSocketGraphDeployerRear@flamestream-benchmarks-worker-9: writing to closed log
12:44:22.122 [worker-akka.actor.default-dispatcher-10] WARN  c.s.f.r.e.s.SocketRear  - FlameSocketGraphDeployerRear@flamestream-benchmarks-worker-9: writing to closed log
12:44:22.122 [worker-akka.actor.default-dispatcher-10] WARN  c.s.f.r.e.s.SocketRear  - FlameSocketGraphDeployerRear@flamestream-benchmarks-worker-9: writing to closed log
12:44:22.122 [worker-akka.actor.default-dispatcher-10] WARN  c.s.f.r.e.s.SocketRear  - FlameSocketGraphDeployerRear@flamestream-benchmarks-worker-9: writing to closed log
12:44:22.122 [worker-akka.actor.default-dispatcher-10] WARN  c.s.f.r.e.s.SocketRear  - FlameSocketGraphDeployerRear@flamestream-benchmarks-worker-9: writing to closed log
12:44:22.185 [worker-akka.actor.default-dispatcher-10] WARN  c.s.f.r.e.s.SocketRear  - FlameSocketGraphDeployerRear@flamestream-benchmarks-worker-9: writing to closed log
12:44:22.186 [worker-akka.actor.default-dispatcher-10] WARN  c.s.f.r.e.s.SocketRear  - FlameSocketGraphDeployerRear@flamestream-benchmarks-worker-9: writing to closed log
12:44:22.187 [worker-akka.actor.default-dispatcher-10] WARN  c.s.f.r.e.s.SocketRear  - FlameSocketGraphDeployerRear@flamestream-benchmarks-worker-9: writing to closed log
12:44:22.188 [worker-akka.actor.default-dispatcher-10] WARN  c.s.f.r.e.s.SocketRear  - FlameSocketGraphDeployerRear@flamestream-benchmarks-worker-9: writing to closed log
12:44:22.302 [worker-akka.actor.default-dispatcher-10] WARN  c.s.f.r.e.s.SocketRear  - FlameSocketGraphDeployerRear@flamestream-benchmarks-worker-9: writing to closed log
12:44:22.303 [worker-akka.actor.default-dispatcher-10] WARN  c.s.f.r.e.s.SocketRear  - FlameSocketGraphDeployerRear@flamestream-benchmarks-worker-9: writing to closed log
12:44:22.401 [worker-akka.actor.default-dispatcher-10] WARN  c.s.f.r.e.s.SocketRear  - FlameSocketGraphDeployerRear@flamestream-benchmarks-worker-9: writing to closed log
12:44:22.402 [worker-akka.actor.default-dispatcher-10] WARN  c.s.f.r.e.s.SocketRear  - FlameSocketGraphDeployerRear@flamestream-benchmarks-worker-9: writing to closed log
12:44:22.402 [worker-akka.actor.default-dispatcher-10] WARN  c.s.f.r.e.s.SocketRear  - FlameSocketGraphDeployerRear@flamestream-benchmarks-worker-9: writing to closed log
12:44:22.403 [worker-akka.actor.default-dispatcher-10] WARN  c.s.f.r.e.s.SocketRear  - FlameSocketGraphDeployerRear@flamestream-benchmarks-worker-9: writing to closed log
12:44:22.403 [worker-akka.actor.default-dispatcher-10] WARN  c.s.f.r.e.s.SocketRear  - FlameSocketGraphDeployerRear@flamestream-benchmarks-worker-9: writing to closed log
12:44:22.509 [worker-akka.actor.default-dispatcher-10] WARN  c.s.f.r.e.s.SocketRear  - FlameSocketGraphDeployerRear@flamestream-benchmarks-worker-9: writing to closed log
12:44:22.512 [worker-akka.actor.default-dispatcher-10] WARN  c.s.f.r.e.s.SocketRear  - FlameSocketGraphDeployerRear@flamestream-benchmarks-worker-9: writing to closed log
12:44:22.538 [worker-akka.actor.default-dispatcher-10] WARN  c.s.f.r.e.s.SocketRear  - FlameSocketGraphDeployerRear@flamestream-benchmarks-worker-9: writing to closed log
12:44:22.539 [worker-akka.actor.default-dispatcher-10] WARN  c.s.f.r.e.s.SocketRear  - FlameSocketGraphDeployerRear@flamestream-benchmarks-worker-9: writing to closed log
12:44:22.541 [worker-akka.actor.default-dispatcher-10] WARN  c.s.f.r.e.s.SocketRear  - FlameSocketGraphDeployerRear@flamestream-benchmarks-worker-9: writing to closed log
12:44:22.542 [worker-akka.actor.default-dispatcher-10] WARN  c.s.f.r.e.s.SocketRear  - FlameSocketGraphDeployerRear@flamestream-benchmarks-worker-9: writing to closed log
12:44:22.542 [worker-akka.actor.default-dispatcher-10] WARN  c.s.f.r.e.s.SocketRear  - FlameSocketGraphDeployerRear@flamestream-benchmarks-worker-9: writing to closed log
12:44:22.542 [worker-akka.actor.default-dispatcher-10] WARN  c.s.f.r.e.s.SocketRear  - FlameSocketGraphDeployerRear@flamestream-benchmarks-worker-9: writing to closed log
12:44:22.542 [worker-akka.actor.default-dispatcher-10] WARN  c.s.f.r.e.s.SocketRear  - FlameSocketGraphDeployerRear@flamestream-benchmarks-worker-9: writing to closed log
12:44:22.569 [worker-akka.actor.default-dispatcher-10] WARN  c.s.f.r.e.s.SocketRear  - FlameSocketGraphDeployerRear@flamestream-benchmarks-worker-9: writing to closed log
12:44:22.570 [worker-akka.actor.default-dispatcher-10] WARN  c.s.f.r.e.s.SocketRear  - FlameSocketGraphDeployerRear@flamestream-benchmarks-worker-9: writing to closed log
12:44:22.627 [worker-akka.actor.default-dispatcher-10] WARN  c.s.f.r.e.s.SocketRear  - FlameSocketGraphDeployerRear@flamestream-benchmarks-worker-9: writing to closed log
12:44:22.629 [worker-akka.actor.default-dispatcher-10] WARN  c.s.f.r.e.s.SocketRear  - FlameSocketGraphDeployerRear@flamestream-benchmarks-worker-9: writing to closed log
12:44:22.671 [worker-akka.actor.default-dispatcher-10] WARN  c.s.f.r.e.s.SocketRear  - FlameSocketGraphDeployerRear@flamestream-benchmarks-worker-9: writing to closed log
12:44:22.680 [worker-akka.actor.default-dispatcher-10] WARN  c.s.f.r.e.s.SocketRear  - FlameSocketGraphDeployerRear@flamestream-benchmarks-worker-9: writing to closed log
12:44:22.681 [worker-akka.actor.default-dispatcher-10] WARN  c.s.f.r.e.s.SocketRear  - FlameSocketGraphDeployerRear@flamestream-benchmarks-worker-9: writing to closed log
12:44:22.681 [worker-akka.actor.default-dispatcher-10] WARN  c.s.f.r.e.s.SocketRear  - FlameSocketGraphDeployerRear@flamestream-benchmarks-worker-9: writing to closed log
12:44:22.681 [worker-akka.actor.default-dispatcher-10] WARN  c.s.f.r.e.s.SocketRear  - FlameSocketGraphDeployerRear@flamestream-benchmarks-worker-9: writing to closed log
12:44:22.712 [worker-akka.actor.default-dispatcher-10] WARN  c.s.f.r.e.s.SocketRear  - FlameSocketGraphDeployerRear@flamestream-benchmarks-worker-9: writing to closed log
12:44:22.713 [worker-akka.actor.default-dispatcher-10] WARN  c.s.f.r.e.s.SocketRear  - FlameSocketGraphDeployerRear@flamestream-benchmarks-worker-9: writing to closed log
12:44:22.715 [worker-akka.actor.default-dispatcher-10] WARN  c.s.f.r.e.s.SocketRear  - FlameSocketGraphDeployerRear@flamestream-benchmarks-worker-9: writing to closed log
12:44:22.755 [worker-akka.actor.default-dispatcher-10] WARN  c.s.f.r.e.s.SocketRear  - FlameSocketGraphDeployerRear@flamestream-benchmarks-worker-9: writing to closed log
12:44:22.755 [worker-akka.actor.default-dispatcher-10] WARN  c.s.f.r.e.s.SocketRear  - FlameSocketGraphDeployerRear@flamestream-benchmarks-worker-9: writing to closed log
12:44:22.763 [worker-akka.actor.default-dispatcher-10] WARN  c.s.f.r.e.s.SocketRear  - FlameSocketGraphDeployerRear@flamestream-benchmarks-worker-9: writing to closed log
12:44:22.764 [worker-akka.actor.default-dispatcher-10] WARN  c.s.f.r.e.s.SocketRear  - FlameSocketGraphDeployerRear@flamestream-benchmarks-worker-9: writing to closed log
12:44:22.766 [worker-akka.actor.default-dispatcher-10] WARN  c.s.f.r.e.s.SocketRear  - FlameSocketGraphDeployerRear@flamestream-benchmarks-worker-9: writing to closed log
12:44:22.791 [worker-akka.actor.default-dispatcher-10] WARN  c.s.f.r.e.s.SocketRear  - FlameSocketGraphDeployerRear@flamestream-benchmarks-worker-9: writing to closed log
12:44:22.795 [worker-akka.actor.default-dispatcher-10] WARN  c.s.f.r.e.s.SocketRear  - FlameSocketGraphDeployerRear@flamestream-benchmarks-worker-9: writing to closed log
12:44:22.795 [worker-akka.actor.default-dispatcher-10] WARN  c.s.f.r.e.s.SocketRear  - FlameSocketGraphDeployerRear@flamestream-benchmarks-worker-9: writing to closed log
12:44:22.798 [worker-akka.actor.default-dispatcher-10] WARN  c.s.f.r.e.s.SocketRear  - FlameSocketGraphDeployerRear@flamestream-benchmarks-worker-9: writing to closed log
12:44:22.798 [worker-akka.actor.default-dispatcher-10] WARN  c.s.f.r.e.s.SocketRear  - FlameSocketGraphDeployerRear@flamestream-benchmarks-worker-9: writing to closed log
12:44:22.798 [worker-akka.actor.default-dispatcher-10] WARN  c.s.f.r.e.s.SocketRear  - FlameSocketGraphDeployerRear@flamestream-benchmarks-worker-9: writing to closed log
12:44:22.798 [worker-akka.actor.default-dispatcher-10] WARN  c.s.f.r.e.s.SocketRear  - FlameSocketGraphDeployerRear@flamestream-benchmarks-worker-9: writing to closed log
12:44:22.799 [worker-akka.actor.default-dispatcher-10] WARN  c.s.f.r.e.s.SocketRear  - FlameSocketGraphDeployerRear@flamestream-benchmarks-worker-9: writing to closed log
12:44:22.843 [worker-akka.actor.default-dispatcher-10] WARN  c.s.f.r.e.s.SocketRear  - FlameSocketGraphDeployerRear@flamestream-benchmarks-worker-9: writing to closed log
12:44:22.844 [worker-akka.actor.default-dispatcher-10] WARN  c.s.f.r.e.s.SocketRear  - FlameSocketGraphDeployerRear@flamestream-benchmarks-worker-9: writing to closed log
12:44:22.845 [worker-akka.actor.default-dispatcher-10] WARN  c.s.f.r.e.s.SocketRear  - FlameSocketGraphDeployerRear@flamestream-benchmarks-worker-9: writing to closed log
12:44:22.845 [worker-akka.actor.default-dispatcher-10] WARN  c.s.f.r.e.s.SocketRear  - FlameSocketGraphDeployerRear@flamestream-benchmarks-worker-9: writing to closed log
12:44:22.845 [worker-akka.actor.default-dispatcher-10] WARN  c.s.f.r.e.s.SocketRear  - FlameSocketGraphDeployerRear@flamestream-benchmarks-worker-9: writing to closed log
12:44:22.849 [worker-akka.actor.default-dispatcher-10] WARN  c.s.f.r.e.s.SocketRear  - FlameSocketGraphDeployerRear@flamestream-benchmarks-worker-9: writing to closed log
12:44:22.851 [worker-akka.actor.default-dispatcher-10] WARN  c.s.f.r.e.s.SocketRear  - FlameSocketGraphDeployerRear@flamestream-benchmarks-worker-9: writing to closed log
12:44:22.859 [worker-akka.actor.default-dispatcher-10] WARN  c.s.f.r.e.s.SocketRear  - FlameSocketGraphDeployerRear@flamestream-benchmarks-worker-9: writing to closed log
12:44:22.860 [worker-akka.actor.default-dispatcher-10] WARN  c.s.f.r.e.s.SocketRear  - FlameSocketGraphDeployerRear@flamestream-benchmarks-worker-9: writing to closed log
12:44:22.861 [worker-akka.actor.default-dispatcher-10] WARN  c.s.f.r.e.s.SocketRear  - FlameSocketGraphDeployerRear@flamestream-benchmarks-worker-9: writing to closed log
12:44:22.861 [worker-akka.actor.default-dispatcher-10] WARN  c.s.f.r.e.s.SocketRear  - FlameSocketGraphDeployerRear@flamestream-benchmarks-worker-9: writing to closed log
12:44:22.864 [worker-akka.actor.default-dispatcher-10] WARN  c.s.f.r.e.s.SocketRear  - FlameSocketGraphDeployerRear@flamestream-benchmarks-worker-9: writing to closed log
12:44:22.865 [worker-akka.actor.default-dispatcher-10] WARN  c.s.f.r.e.s.SocketRear  - FlameSocketGraphDeployerRear@flamestream-benchmarks-worker-9: writing to closed log
12:44:22.865 [worker-akka.actor.default-dispatcher-10] WARN  c.s.f.r.e.s.SocketRear  - FlameSocketGraphDeployerRear@flamestream-benchmarks-worker-9: writing to closed log
12:44:22.869 [worker-akka.actor.default-dispatcher-10] WARN  c.s.f.r.e.s.SocketRear  - FlameSocketGraphDeployerRear@flamestream-benchmarks-worker-9: writing to closed log
12:44:22.870 [worker-akka.actor.default-dispatcher-10] WARN  c.s.f.r.e.s.SocketRear  - FlameSocketGraphDeployerRear@flamestream-benchmarks-worker-9: writing to closed log
12:44:22.883 [worker-akka.actor.default-dispatcher-10] WARN  c.s.f.r.e.s.SocketRear  - FlameSocketGraphDeployerRear@flamestream-benchmarks-worker-9: writing to closed log
12:44:22.884 [worker-akka.actor.default-dispatcher-10] WARN  c.s.f.r.e.s.SocketRear  - FlameSocketGraphDeployerRear@flamestream-benchmarks-worker-9: writing to closed log
12:44:22.884 [worker-akka.actor.default-dispatcher-10] WARN  c.s.f.r.e.s.SocketRear  - FlameSocketGraphDeployerRear@flamestream-benchmarks-worker-9: writing to closed log
12:44:22.884 [worker-akka.actor.default-dispatcher-10] WARN  c.s.f.r.e.s.SocketRear  - FlameSocketGraphDeployerRear@flamestream-benchmarks-worker-9: writing to closed log
12:44:22.885 [worker-akka.actor.default-dispatcher-10] WARN  c.s.f.r.e.s.SocketRear  - FlameSocketGraphDeployerRear@flamestream-benchmarks-worker-9: writing to closed log
12:44:22.890 [worker-akka.actor.default-dispatcher-10] WARN  c.s.f.r.e.s.SocketRear  - FlameSocketGraphDeployerRear@flamestream-benchmarks-worker-9: writing to closed log
12:44:22.890 [worker-akka.actor.default-dispatcher-10] WARN  c.s.f.r.e.s.SocketRear  - FlameSocketGraphDeployerRear@flamestream-benchmarks-worker-9: writing to closed log
12:44:22.890 [worker-akka.actor.default-dispatcher-10] WARN  c.s.f.r.e.s.SocketRear  - FlameSocketGraphDeployerRear@flamestream-benchmarks-worker-9: writing to closed log
12:44:22.897 [worker-akka.actor.default-dispatcher-10] WARN  c.s.f.r.e.s.SocketRear  - FlameSocketGraphDeployerRear@flamestream-benchmarks-worker-9: writing to closed log
12:44:22.899 [worker-akka.actor.default-dispatcher-10] WARN  c.s.f.r.e.s.SocketRear  - FlameSocketGraphDeployerRear@flamestream-benchmarks-worker-9: writing to closed log
12:44:22.906 [worker-akka.actor.default-dispatcher-10] WARN  c.s.f.r.e.s.SocketRear  - FlameSocketGraphDeployerRear@flamestream-benchmarks-worker-9: writing to closed log
12:44:22.907 [worker-akka.actor.default-dispatcher-10] WARN  c.s.f.r.e.s.SocketRear  - FlameSocketGraphDeployerRear@flamestream-benchmarks-worker-9: writing to closed log
12:44:22.908 [worker-akka.actor.default-dispatcher-10] WARN  c.s.f.r.e.s.SocketRear  - FlameSocketGraphDeployerRear@flamestream-benchmarks-worker-9: writing to closed log
12:44:22.908 [worker-akka.actor.default-dispatcher-10] WARN  c.s.f.r.e.s.SocketRear  - FlameSocketGraphDeployerRear@flamestream-benchmarks-worker-9: writing to closed log
12:44:22.908 [worker-akka.actor.default-dispatcher-10] WARN  c.s.f.r.e.s.SocketRear  - FlameSocketGraphDeployerRear@flamestream-benchmarks-worker-9: writing to closed log
12:44:22.914 [worker-akka.actor.default-dispatcher-10] WARN  c.s.f.r.e.s.SocketRear  - FlameSocketGraphDeployerRear@flamestream-benchmarks-worker-9: writing to closed log
12:44:22.914 [worker-akka.actor.default-dispatcher-10] WARN  c.s.f.r.e.s.SocketRear  - FlameSocketGraphDeployerRear@flamestream-benchmarks-worker-9: writing to closed log
12:44:26.155 [worker-akka.actor.default-dispatcher-10] INFO  a.r.a.Association(akka://worker) akka.remote.artery.Association(akka://worker) - Association to [akka://worker@flamestream-benchmarks-worker-1:5412] having UID [2164622050406865559] has been stopped. All messages to this UID will be delivered to dead letters. Reason: ActorSystem terminated
12:44:26.243 [worker-akka.actor.default-dispatcher-10] INFO  a.r.a.Association(akka://worker) akka.remote.artery.Association(akka://worker) - Association to [akka://worker@flamestream-benchmarks-worker-2:5412] having UID [-4547469165035349574] has been stopped. All messages to this UID will be delivered to dead letters. Reason: ActorSystem terminated
12:44:26.423 [worker-akka.actor.default-dispatcher-10] INFO  a.r.a.Association(akka://worker) akka.remote.artery.Association(akka://worker) - Association to [akka://worker@flamestream-benchmarks-worker-4:5412] having UID [1879355718632016473] has been stopped. All messages to this UID will be delivered to dead letters. Reason: ActorSystem terminated
12:44:26.574 [worker-akka.actor.default-dispatcher-10] INFO  a.r.a.Association(akka://worker) akka.remote.artery.Association(akka://worker) - Association to [akka://worker@flamestream-benchmarks-worker-3:5412] having UID [5124950119994697808] has been stopped. All messages to this UID will be delivered to dead letters. Reason: ActorSystem terminated
12:44:26.973 [worker-akka.actor.default-dispatcher-10] INFO  a.r.a.Association(akka://worker) akka.remote.artery.Association(akka://worker) - Association to [akka://worker@flamestream-benchmarks-worker-0:5412] having UID [4919455313476746688] has been stopped. All messages to this UID will be delivered to dead letters. Reason: ActorSystem terminated
12:44:27.182 [worker-akka.actor.default-dispatcher-13] INFO  a.a.LocalActorRef akka://worker/user/watcher/processing-watcher/graph/negotiator - Stopped
12:44:27.187 [worker-akka.actor.default-dispatcher-6] INFO  a.a.LocalActorRef akka://worker/user/watcher/processing-watcher/graph/graph/$A - Stopped
12:44:27.187 [worker-akka.actor.default-dispatcher-6] INFO  a.a.LocalActorRef akka://worker/user/watcher/processing-watcher/graph/graph/$B - Stopped
12:44:27.187 [worker-akka.actor.default-dispatcher-6] INFO  a.a.LocalActorRef akka://worker/user/watcher/processing-watcher/graph/graph/$C - Stopped
12:44:27.187 [worker-akka.actor.default-dispatcher-6] INFO  a.a.LocalActorRef akka://worker/user/watcher/processing-watcher/graph/graph/$D - Stopped
12:44:27.187 [worker-akka.actor.default-dispatcher-6] INFO  a.a.LocalActorRef akka://worker/user/watcher/processing-watcher/graph/graph/$E - Stopped
12:44:27.188 [worker-akka.actor.default-dispatcher-6] INFO  a.a.LocalActorRef akka://worker/user/watcher/processing-watcher/graph/graph/$F - Stopped
12:44:27.188 [worker-akka.actor.default-dispatcher-6] INFO  a.a.LocalActorRef akka://worker/user/watcher/processing-watcher/graph/graph/$G - Stopped
12:44:27.188 [worker-akka.actor.default-dispatcher-6] INFO  a.a.LocalActorRef akka://worker/user/watcher/processing-watcher/graph/graph/$H - Stopped
12:44:27.188 [worker-akka.actor.default-dispatcher-6] INFO  a.a.LocalActorRef akka://worker/user/watcher/processing-watcher/graph/graph/$a - Stopped
12:44:27.188 [worker-akka.actor.default-dispatcher-6] INFO  a.a.LocalActorRef akka://worker/user/watcher/processing-watcher/graph/graph/$b - Stopped
12:44:27.188 [worker-akka.actor.default-dispatcher-9] INFO  a.a.LocalActorRef akka://worker/user/watcher/processing-watcher/graph/graph/$c - Stopped
12:44:27.188 [worker-akka.actor.default-dispatcher-9] INFO  a.a.LocalActorRef akka://worker/user/watcher/processing-watcher/graph/graph/$d - Stopped
12:44:27.188 [worker-akka.actor.default-dispatcher-9] INFO  a.a.LocalActorRef akka://worker/user/watcher/processing-watcher/graph/graph/$e - Stopped
12:44:27.188 [worker-akka.actor.default-dispatcher-9] INFO  a.a.LocalActorRef akka://worker/user/watcher/processing-watcher/graph/graph/$f - Stopped
12:44:27.188 [worker-akka.actor.default-dispatcher-9] INFO  a.a.LocalActorRef akka://worker/user/watcher/processing-watcher/graph/graph/$g - Stopped
12:44:27.190 [worker-akka.actor.default-dispatcher-13] INFO  a.a.LocalActorRef akka://worker/user/watcher/processing-watcher/graph/graph/$h - Stopped
12:44:27.190 [worker-akka.actor.default-dispatcher-13] INFO  a.a.LocalActorRef akka://worker/user/watcher/processing-watcher/graph/graph/$i - Stopped
12:44:27.190 [worker-akka.actor.default-dispatcher-13] INFO  a.a.LocalActorRef akka://worker/user/watcher/processing-watcher/graph/graph/$j - Stopped
12:44:27.190 [worker-akka.actor.default-dispatcher-13] INFO  a.a.LocalActorRef akka://worker/user/watcher/processing-watcher/graph/graph/$k - Stopped
12:44:27.190 [worker-akka.actor.default-dispatcher-13] INFO  a.a.LocalActorRef akka://worker/user/watcher/processing-watcher/graph/graph/$l - Stopped
12:44:27.195 [worker-akka.actor.default-dispatcher-16] INFO  a.a.LocalActorRef akka://worker/user/watcher/processing-watcher/graph/graph/$m - Stopped
12:44:27.196 [worker-akka.actor.default-dispatcher-16] INFO  a.a.LocalActorRef akka://worker/user/watcher/processing-watcher/graph/graph/$n - Stopped
12:44:27.197 [worker-akka.actor.default-dispatcher-16] INFO  a.a.LocalActorRef akka://worker/user/watcher/processing-watcher/graph/graph/$o - Stopped
12:44:27.203 [worker-akka.actor.default-dispatcher-16] INFO  a.a.LocalActorRef akka://worker/user/watcher/processing-watcher/graph/graph/$p - Stopped
12:44:27.203 [worker-akka.actor.default-dispatcher-16] INFO  a.a.LocalActorRef akka://worker/user/watcher/processing-watcher/graph/graph/$q - Stopped
12:44:27.206 [worker-akka.actor.default-dispatcher-10] INFO  a.a.LocalActorRef akka://worker/user/watcher/processing-watcher/graph/graph/$r - Stopped
12:44:27.207 [worker-akka.actor.default-dispatcher-10] INFO  a.a.LocalActorRef akka://worker/user/watcher/processing-watcher/graph/graph/$s - Stopped
12:44:27.207 [worker-akka.actor.default-dispatcher-10] INFO  a.a.LocalActorRef akka://worker/user/watcher/processing-watcher/graph/graph/$t - Stopped
12:44:27.207 [worker-akka.actor.default-dispatcher-10] INFO  a.a.LocalActorRef akka://worker/user/watcher/processing-watcher/graph/graph/$u - Stopped
12:44:27.207 [worker-akka.actor.default-dispatcher-10] INFO  a.a.LocalActorRef akka://worker/user/watcher/processing-watcher/graph/graph/$v - Stopped
12:44:27.211 [worker-akka.actor.default-dispatcher-10] INFO  a.a.LocalActorRef akka://worker/user/watcher/processing-watcher/graph/graph/$w - Stopped
12:44:27.211 [worker-akka.actor.default-dispatcher-10] INFO  a.a.LocalActorRef akka://worker/user/watcher/processing-watcher/graph/graph/$x - Stopped
12:44:27.211 [worker-akka.actor.default-dispatcher-10] INFO  a.a.LocalActorRef akka://worker/user/watcher/processing-watcher/graph/graph/$y - Stopped
12:44:27.211 [worker-akka.actor.default-dispatcher-10] INFO  a.a.LocalActorRef akka://worker/user/watcher/processing-watcher/graph/graph/$z - Stopped
12:44:27.211 [worker-akka.actor.default-dispatcher-10] INFO  a.a.LocalActorRef akka://worker/user/watcher/processing-watcher/graph/graph - Stopped
12:44:27.234 [worker-akka.actor.default-dispatcher-18] INFO  a.a.LocalActorRef akka://worker/user/watcher/processing-watcher/graph/edge/FlameSocketGraphDeployerRear - Stopped
12:44:27.241 [worker-akka.actor.default-dispatcher-17] INFO  a.a.LocalActorRef akka://worker/user/watcher/processing-watcher/graph/edge/FlameSocketGraphDeployerFront - Stopped
12:44:27.243 [Curator-Framework-0] INFO  o.a.c.f.i.CuratorFrameworkImpl  - backgroundOperationsLoop exiting
12:44:27.244 [worker-akka.actor.default-dispatcher-17] INFO  a.a.LocalActorRef akka://worker/user/watcher/processing-watcher/graph/edge - Stopped
12:44:27.244 [worker-akka.actor.default-dispatcher-17] INFO  a.a.LocalActorRef akka://worker/user/watcher/processing-watcher/graph - Stopped
12:44:27.244 [worker-akka.actor.default-dispatcher-17] INFO  a.a.LocalActorRef akka://worker/user/watcher/processing-watcher - Stopped
12:44:27.257 [Curator-PathChildrenCache-0] ERROR o.a.c.f.r.c.PathChildrenCache  - 
java.lang.IllegalStateException: instance must be started before calling this method
	at org.apache.curator.shaded.com.google.common.base.Preconditions.checkState(Preconditions.java:444)
	at org.apache.curator.framework.imps.CuratorFrameworkImpl.getChildren(CuratorFrameworkImpl.java:456)
	at org.apache.curator.framework.recipes.cache.PathChildrenCache.refresh(PathChildrenCache.java:521)
	at org.apache.curator.framework.recipes.cache.RefreshOperation.invoke(RefreshOperation.java:35)
	at org.apache.curator.framework.recipes.cache.PathChildrenCache$9.run(PathChildrenCache.java:786)
	at java.util.concurrent.Executors$RunnableAdapter.call(Executors.java:511)
	at java.util.concurrent.FutureTask.run(FutureTask.java:266)
	at java.util.concurrent.Executors$RunnableAdapter.call(Executors.java:511)
	at java.util.concurrent.FutureTask.run(FutureTask.java:266)
	at java.util.concurrent.ThreadPoolExecutor.runWorker(ThreadPoolExecutor.java:1149)
	at java.util.concurrent.ThreadPoolExecutor$Worker.run(ThreadPoolExecutor.java:624)
	at java.lang.Thread.run(Thread.java:748)
12:44:27.258 [worker-akka.actor.default-dispatcher-6-EventThread] INFO  o.a.z.ClientCnxn  - EventThread shut down for session: 0x100005c675e0009
12:44:27.258 [worker-akka.actor.default-dispatcher-16] INFO  o.a.z.ZooKeeper  - Session: 0x100005c675e0009 closed
12:44:27.259 [worker-akka.actor.default-dispatcher-25] INFO  a.a.RepointableActorRef akka://worker/user/watcher - Stopped
12:44:27.273 [worker-akka.actor.default-dispatcher-16] INFO  a.r.RemoteActorRefProvider$RemotingTerminator akka://worker@flamestream-benchmarks-worker-9:5412/system/remoting-terminator - Shutting down remote daemon.
12:44:27.276 [worker-akka.actor.default-dispatcher-16] INFO  a.r.RemoteActorRefProvider$RemotingTerminator akka://worker@flamestream-benchmarks-worker-9:5412/system/remoting-terminator - Remote daemon shut down; proceeding with flushing remote transports.
12:44:28.504 [worker-akka.actor.default-dispatcher-16] INFO  a.r.RemoteActorRefProvider$RemotingTerminator akka://worker@flamestream-benchmarks-worker-9:5412/system/remoting-terminator - Remoting shut down.
Heap
 def new generation   total 460800K, used 287548K [0x00000000a2400000, 0x00000000c1800000, 0x00000000c1800000)
  eden space 409600K,  70% used [0x00000000a2400000, 0x00000000b3ca4a70, 0x00000000bb400000)
  from space 51200K,   0% used [0x00000000be600000, 0x00000000be62a780, 0x00000000c1800000)
  to   space 51200K,   0% used [0x00000000bb400000, 0x00000000bb400000, 0x00000000be600000)
 tenured generation   total 1024000K, used 54672K [0x00000000c1800000, 0x0000000100000000, 0x0000000100000000)
   the space 1024000K,   5% used [0x00000000c1800000, 0x00000000c4d64168, 0x00000000c4d64200, 0x0000000100000000)
 Metaspace       used 40725K, capacity 43550K, committed 43648K, reserved 1087488K
  class space    used 5343K, capacity 5672K, committed 5760K, reserved 1048576K
