17:29:39,566 |-INFO in ch.qos.logback.classic.LoggerContext[default] - Could NOT find resource [logback-test.xml]
17:29:39,566 |-INFO in ch.qos.logback.classic.LoggerContext[default] - Could NOT find resource [logback.groovy]
17:29:39,566 |-INFO in ch.qos.logback.classic.LoggerContext[default] - Found resource [logback.xml] at [jar:file:/root/flamestream/lib/flamestream-runtime-1.0-SNAPSHOT.jar!/logback.xml]
17:29:39,567 |-WARN in ch.qos.logback.classic.LoggerContext[default] - Resource [logback.xml] occurs multiple times on the classpath.
17:29:39,567 |-WARN in ch.qos.logback.classic.LoggerContext[default] - Resource [logback.xml] occurs at [jar:file:/root/flamestream/lib/flamestream-runtime-1.0-SNAPSHOT.jar!/logback.xml]
17:29:39,567 |-WARN in ch.qos.logback.classic.LoggerContext[default] - Resource [logback.xml] occurs at [jar:file:/root/flamestream/flamestream-runtime-1.0-SNAPSHOT.jar!/logback.xml]
17:29:39,589 |-INFO in ch.qos.logback.core.joran.spi.ConfigurationWatchList@3fb6a447 - URL [jar:file:/root/flamestream/lib/flamestream-runtime-1.0-SNAPSHOT.jar!/logback.xml] is not of type file
17:29:39,661 |-INFO in ch.qos.logback.classic.joran.action.ConfigurationAction - debug attribute not set
17:29:39,661 |-INFO in ch.qos.logback.core.joran.action.AppenderAction - About to instantiate appender of type [ch.qos.logback.core.ConsoleAppender]
17:29:39,680 |-INFO in ch.qos.logback.core.joran.action.AppenderAction - Naming appender as [STDOUT]
17:29:39,694 |-INFO in ch.qos.logback.core.joran.action.NestedComplexPropertyIA - Assuming default type [ch.qos.logback.classic.encoder.PatternLayoutEncoder] for [encoder] property
17:29:39,777 |-INFO in ch.qos.logback.core.joran.action.AppenderAction - About to instantiate appender of type [ch.qos.logback.core.rolling.RollingFileAppender]
17:29:39,782 |-INFO in ch.qos.logback.core.joran.action.AppenderAction - Naming appender as [FILE]
17:29:39,813 |-INFO in c.q.l.core.rolling.TimeBasedRollingPolicy@127618319 - No compression will be used
17:29:39,814 |-INFO in c.q.l.core.rolling.TimeBasedRollingPolicy@127618319 - Will use the pattern /tmp/application_%d{yyyy-MM-dd}.%i.log for the active file
17:29:39,817 |-INFO in ch.qos.logback.core.rolling.SizeAndTimeBasedFNATP@6b2fad11 - The date pattern is 'yyyy-MM-dd' from file name pattern '/tmp/application_%d{yyyy-MM-dd}.%i.log'.
17:29:39,817 |-INFO in ch.qos.logback.core.rolling.SizeAndTimeBasedFNATP@6b2fad11 - Roll-over at midnight.
17:29:39,822 |-INFO in ch.qos.logback.core.rolling.SizeAndTimeBasedFNATP@6b2fad11 - Setting initial period to Mon Jun 10 17:28:13 UTC 2019
17:29:39,822 |-WARN in ch.qos.logback.core.rolling.SizeAndTimeBasedFNATP@6b2fad11 - SizeAndTimeBasedFNATP is deprecated. Use SizeAndTimeBasedRollingPolicy instead
17:29:39,822 |-WARN in ch.qos.logback.core.rolling.SizeAndTimeBasedFNATP@6b2fad11 - For more information see http://logback.qos.ch/manual/appenders.html#SizeAndTimeBasedRollingPolicy
17:29:39,826 |-INFO in ch.qos.logback.core.joran.action.NestedComplexPropertyIA - Assuming default type [ch.qos.logback.classic.encoder.PatternLayoutEncoder] for [encoder] property
17:29:39,831 |-INFO in ch.qos.logback.core.rolling.RollingFileAppender[FILE] - Active log file name: /tmp/application.log
17:29:39,831 |-INFO in ch.qos.logback.core.rolling.RollingFileAppender[FILE] - File property is set to [/tmp/application.log]
17:29:39,831 |-INFO in ch.qos.logback.classic.joran.action.RootLoggerAction - Setting level of ROOT logger to WARN
17:29:39,831 |-INFO in ch.qos.logback.core.joran.action.AppenderRefAction - Attaching appender named [STDOUT] to Logger[ROOT]
17:29:39,833 |-INFO in ch.qos.logback.core.joran.action.AppenderRefAction - Attaching appender named [FILE] to Logger[ROOT]
17:29:39,833 |-INFO in ch.qos.logback.classic.joran.action.ConfigurationAction - End of configuration.
17:29:39,834 |-INFO in ch.qos.logback.classic.joran.JoranConfigurator@79698539 - Registering current configuration as safe fallback point

Ama winner
Ama winner
2019-06-10T17:29:41.105+0000: 1.721: [Full GC (Metadata GC Threshold) 2019-06-10T17:29:41.105+0000: 1.721: [Tenured: 0K->15141K(341376K), 0.0388183 secs] 114987K->15141K(494976K), [Metaspace: 20733K->20733K(1067008K)], 0.0388844 secs] [Times: user=0.04 sys=0.00, real=0.04 secs] 
17:30:05.401 [Curator-PathChildrenCache-2] WARN  o.a.c.u.ZKPaths  - The version of ZooKeeper being used doesn't support Container nodes. CreateMode.PERSISTENT will be used instead.
2019-06-10T17:30:07.346+0000: 27.961: [GC (Allocation Failure) 2019-06-10T17:30:07.346+0000: 27.961: [DefNew: 119009K->17024K(153600K), 0.0183397 secs] 134151K->33178K(494976K), 0.0184216 secs] [Times: user=0.01 sys=0.00, real=0.02 secs] 
2019-06-10T17:30:07.855+0000: 28.470: [Full GC (Metadata GC Threshold) 2019-06-10T17:30:07.855+0000: 28.470: [Tenured: 16154K->44598K(341376K), 0.0443732 secs] 72517K->44598K(494976K), [Metaspace: 34529K->34529K(1079296K)], 0.0444479 secs] [Times: user=0.05 sys=0.00, real=0.05 secs] 
2019-06-10T17:30:12.006+0000: 32.623: [GC (Allocation Failure) 2019-06-10T17:30:12.008+0000: 32.623: [DefNew: 136576K->173K(153600K), 0.0022320 secs] 181174K->44772K(494976K), 0.0038978 secs] [Times: user=0.00 sys=0.00, real=0.00 secs] 
2019-06-10T17:30:16.000+0000: 36.615: [GC (Allocation Failure) 2019-06-10T17:30:16.000+0000: 36.615: [DefNew: 136749K->177K(153600K), 0.0019899 secs] 181348K->44776K(494976K), 0.0020610 secs] [Times: user=0.00 sys=0.00, real=0.00 secs] 
2019-06-10T17:30:19.871+0000: 40.486: [GC (Allocation Failure) 2019-06-10T17:30:19.871+0000: 40.486: [DefNew: 136753K->176K(153600K), 0.0019592 secs] 181352K->44774K(494976K), 0.0020205 secs] [Times: user=0.00 sys=0.00, real=0.00 secs] 
2019-06-10T17:30:23.787+0000: 44.402: [GC (Allocation Failure) 2019-06-10T17:30:23.787+0000: 44.402: [DefNew: 136752K->176K(153600K), 0.0020023 secs] 181350K->44774K(494976K), 0.0020618 secs] [Times: user=0.01 sys=0.00, real=0.00 secs] 
2019-06-10T17:30:27.702+0000: 48.317: [GC (Allocation Failure) 2019-06-10T17:30:27.702+0000: 48.317: [DefNew: 136752K->185K(153600K), 0.0020357 secs] 181350K->44784K(494976K), 0.0020974 secs] [Times: user=0.01 sys=0.00, real=0.00 secs] 
2019-06-10T17:30:31.612+0000: 52.227: [GC (Allocation Failure) 2019-06-10T17:30:31.612+0000: 52.227: [DefNew: 136761K->176K(153600K), 0.0020518 secs] 181360K->44774K(494976K), 0.0021123 secs] [Times: user=0.00 sys=0.00, real=0.00 secs] 
2019-06-10T17:30:35.500+0000: 56.116: [GC (Allocation Failure) 2019-06-10T17:30:35.500+0000: 56.116: [DefNew: 136752K->184K(153600K), 0.0020482 secs] 181350K->44782K(494976K), 0.0021076 secs] [Times: user=0.01 sys=0.00, real=0.00 secs] 
2019-06-10T17:30:39.391+0000: 60.007: [GC (Allocation Failure) 2019-06-10T17:30:39.391+0000: 60.007: [DefNew: 136760K->176K(153600K), 0.0020287 secs] 181358K->44775K(494976K), 0.0020925 secs] [Times: user=0.00 sys=0.01, real=0.00 secs] 
17:30:49.413 [Curator-PathChildrenCache-0] ERROR o.a.c.f.r.c.PathChildrenCache  - 
java.lang.IllegalStateException: instance must be started before calling this method
	at org.apache.curator.shaded.com.google.common.base.Preconditions.checkState(Preconditions.java:444)
	at org.apache.curator.framework.imps.CuratorFrameworkImpl.getChildren(CuratorFrameworkImpl.java:456)
	at org.apache.curator.framework.recipes.cache.PathChildrenCache.refresh(PathChildrenCache.java:521)
	at org.apache.curator.framework.recipes.cache.RefreshOperation.invoke(RefreshOperation.java:35)
	at org.apache.curator.framework.recipes.cache.PathChildrenCache$9.run(PathChildrenCache.java:786)
	at java.util.concurrent.Executors$RunnableAdapter.call(Executors.java:511)
	at java.util.concurrent.FutureTask.run(FutureTask.java:266)
	at java.util.concurrent.Executors$RunnableAdapter.call(Executors.java:511)
	at java.util.concurrent.FutureTask.run(FutureTask.java:266)
	at java.util.concurrent.ThreadPoolExecutor.runWorker(ThreadPoolExecutor.java:1149)
	at java.util.concurrent.ThreadPoolExecutor$Worker.run(ThreadPoolExecutor.java:624)
	at java.lang.Thread.run(Thread.java:748)
Heap
 def new generation   total 153600K, used 91595K [0x00000000e0c00000, 0x00000000eb2a0000, 0x00000000eb2a0000)
  eden space 136576K,  66% used [0x00000000e0c00000, 0x00000000e6546c50, 0x00000000e9160000)
  from space 17024K,   1% used [0x00000000ea200000, 0x00000000ea22c178, 0x00000000eb2a0000)
  to   space 17024K,   0% used [0x00000000e9160000, 0x00000000e9160000, 0x00000000ea200000)
 tenured generation   total 341376K, used 44598K [0x00000000eb2a0000, 0x0000000100000000, 0x0000000100000000)
   the space 341376K,  13% used [0x00000000eb2a0000, 0x00000000ede2daf0, 0x00000000ede2dc00, 0x0000000100000000)
 Metaspace       used 36347K, capacity 37320K, committed 37504K, reserved 1081344K
  class space    used 4904K, capacity 5124K, committed 5248K, reserved 1048576K
