00:42:55,135 |-INFO in ch.qos.logback.classic.LoggerContext[default] - Could NOT find resource [logback-test.xml]
00:42:55,136 |-INFO in ch.qos.logback.classic.LoggerContext[default] - Could NOT find resource [logback.groovy]
00:42:55,136 |-INFO in ch.qos.logback.classic.LoggerContext[default] - Found resource [logback.xml] at [jar:file:/home/nikitasokolov/flamestream/lib/flamestream-runtime-1.0-SNAPSHOT.jar!/logback.xml]
00:42:55,136 |-WARN in ch.qos.logback.classic.LoggerContext[default] - Resource [logback.xml] occurs multiple times on the classpath.
00:42:55,137 |-WARN in ch.qos.logback.classic.LoggerContext[default] - Resource [logback.xml] occurs at [jar:file:/home/nikitasokolov/flamestream/lib/flamestream-runtime-1.0-SNAPSHOT.jar!/logback.xml]
00:42:55,137 |-WARN in ch.qos.logback.classic.LoggerContext[default] - Resource [logback.xml] occurs at [jar:file:/home/nikitasokolov/flamestream/flamestream-runtime-1.0-SNAPSHOT.jar!/logback.xml]
00:42:55,153 |-INFO in ch.qos.logback.core.joran.spi.ConfigurationWatchList@6bf256fa - URL [jar:file:/home/nikitasokolov/flamestream/lib/flamestream-runtime-1.0-SNAPSHOT.jar!/logback.xml] is not of type file
00:42:55,205 |-INFO in ch.qos.logback.classic.joran.action.ConfigurationAction - debug attribute not set
00:42:55,206 |-INFO in ch.qos.logback.core.joran.action.AppenderAction - About to instantiate appender of type [ch.qos.logback.core.ConsoleAppender]
00:42:55,213 |-INFO in ch.qos.logback.core.joran.action.AppenderAction - Naming appender as [STDOUT]
00:42:55,221 |-INFO in ch.qos.logback.core.joran.action.NestedComplexPropertyIA - Assuming default type [ch.qos.logback.classic.encoder.PatternLayoutEncoder] for [encoder] property
00:42:55,290 |-INFO in ch.qos.logback.core.joran.action.AppenderAction - About to instantiate appender of type [ch.qos.logback.core.rolling.RollingFileAppender]
00:42:55,295 |-INFO in ch.qos.logback.core.joran.action.AppenderAction - Naming appender as [FILE]
00:42:55,318 |-INFO in c.q.l.core.rolling.TimeBasedRollingPolicy@114132791 - No compression will be used
00:42:55,319 |-INFO in c.q.l.core.rolling.TimeBasedRollingPolicy@114132791 - Will use the pattern /tmp/application_%d{yyyy-MM-dd}.%i.log for the active file
00:42:55,322 |-INFO in ch.qos.logback.core.rolling.SizeAndTimeBasedFNATP@22f71333 - The date pattern is 'yyyy-MM-dd' from file name pattern '/tmp/application_%d{yyyy-MM-dd}.%i.log'.
00:42:55,322 |-INFO in ch.qos.logback.core.rolling.SizeAndTimeBasedFNATP@22f71333 - Roll-over at midnight.
00:42:55,326 |-INFO in ch.qos.logback.core.rolling.SizeAndTimeBasedFNATP@22f71333 - Setting initial period to Thu Jun 06 22:00:24 MSK 2019
00:42:55,326 |-WARN in ch.qos.logback.core.rolling.SizeAndTimeBasedFNATP@22f71333 - SizeAndTimeBasedFNATP is deprecated. Use SizeAndTimeBasedRollingPolicy instead
00:42:55,326 |-WARN in ch.qos.logback.core.rolling.SizeAndTimeBasedFNATP@22f71333 - For more information see http://logback.qos.ch/manual/appenders.html#SizeAndTimeBasedRollingPolicy
00:42:55,330 |-INFO in ch.qos.logback.core.joran.action.NestedComplexPropertyIA - Assuming default type [ch.qos.logback.classic.encoder.PatternLayoutEncoder] for [encoder] property
00:42:55,333 |-INFO in ch.qos.logback.core.rolling.RollingFileAppender[FILE] - Active log file name: /tmp/application.log
00:42:55,333 |-INFO in ch.qos.logback.core.rolling.RollingFileAppender[FILE] - File property is set to [/tmp/application.log]
00:42:55,334 |-ERROR in ch.qos.logback.core.rolling.RollingFileAppender[FILE] - openFile(/tmp/application.log,true) call failed. java.io.FileNotFoundException: /tmp/application.log (Permission denied)
	at java.io.FileNotFoundException: /tmp/application.log (Permission denied)
	at 	at java.io.FileOutputStream.open0(Native Method)
	at 	at java.io.FileOutputStream.open(FileOutputStream.java:270)
	at 	at java.io.FileOutputStream.<init>(FileOutputStream.java:213)
	at 	at ch.qos.logback.core.recovery.ResilientFileOutputStream.<init>(ResilientFileOutputStream.java:26)
	at 	at ch.qos.logback.core.FileAppender.openFile(FileAppender.java:204)
	at 	at ch.qos.logback.core.FileAppender.start(FileAppender.java:127)
	at 	at ch.qos.logback.core.rolling.RollingFileAppender.start(RollingFileAppender.java:100)
	at 	at ch.qos.logback.core.joran.action.AppenderAction.end(AppenderAction.java:90)
	at 	at ch.qos.logback.core.joran.spi.Interpreter.callEndAction(Interpreter.java:309)
	at 	at ch.qos.logback.core.joran.spi.Interpreter.endElement(Interpreter.java:193)
	at 	at ch.qos.logback.core.joran.spi.Interpreter.endElement(Interpreter.java:179)
	at 	at ch.qos.logback.core.joran.spi.EventPlayer.play(EventPlayer.java:62)
	at 	at ch.qos.logback.core.joran.GenericConfigurator.doConfigure(GenericConfigurator.java:165)
	at 	at ch.qos.logback.core.joran.GenericConfigurator.doConfigure(GenericConfigurator.java:152)
	at 	at ch.qos.logback.core.joran.GenericConfigurator.doConfigure(GenericConfigurator.java:110)
	at 	at ch.qos.logback.core.joran.GenericConfigurator.doConfigure(GenericConfigurator.java:53)
	at 	at ch.qos.logback.classic.util.ContextInitializer.configureByResource(ContextInitializer.java:75)
	at 	at ch.qos.logback.classic.util.ContextInitializer.autoConfig(ContextInitializer.java:150)
	at 	at org.slf4j.impl.StaticLoggerBinder.init(StaticLoggerBinder.java:84)
	at 	at org.slf4j.impl.StaticLoggerBinder.<clinit>(StaticLoggerBinder.java:55)
	at 	at org.slf4j.LoggerFactory.bind(LoggerFactory.java:150)
	at 	at org.slf4j.LoggerFactory.performInitialization(LoggerFactory.java:124)
	at 	at org.slf4j.LoggerFactory.getILoggerFactory(LoggerFactory.java:412)
	at 	at org.slf4j.LoggerFactory.getLogger(LoggerFactory.java:357)
	at 	at org.slf4j.LoggerFactory.getLogger(LoggerFactory.java:383)
	at 	at com.spbsu.flamestream.runtime.WorkerApplication.<init>(WorkerApplication.java:26)
	at 	at com.spbsu.flamestream.runtime.WorkerApplication.main(WorkerApplication.java:68)
00:42:55,334 |-INFO in ch.qos.logback.classic.joran.action.RootLoggerAction - Setting level of ROOT logger to WARN
00:42:55,334 |-INFO in ch.qos.logback.core.joran.action.AppenderRefAction - Attaching appender named [STDOUT] to Logger[ROOT]
00:42:55,335 |-INFO in ch.qos.logback.core.joran.action.AppenderRefAction - Attaching appender named [FILE] to Logger[ROOT]
00:42:55,335 |-INFO in ch.qos.logback.classic.joran.action.ConfigurationAction - End of configuration.
00:42:55,335 |-INFO in ch.qos.logback.classic.joran.JoranConfigurator@3498ed - Registering current configuration as safe fallback point

2019-06-09T00:42:56.406+0300: 1.456: [GC (Metadata GC Threshold) [PSYoungGen: 97801K->15787K(149504K)] 97801K->15867K(491008K), 0.0246241 secs] [Times: user=0.11 sys=0.03, real=0.02 secs] 
2019-06-09T00:42:56.431+0300: 1.480: [Full GC (Metadata GC Threshold) [PSYoungGen: 15787K->0K(149504K)] [ParOldGen: 80K->14984K(341504K)] 15867K->14984K(491008K), [Metaspace: 20804K->20804K(1067008K)], 0.0258434 secs] [Times: user=0.16 sys=0.01, real=0.03 secs] 
00:43:04.726 [Curator-PathChildrenCache-2] WARN  o.a.c.u.ZKPaths  - The version of ZooKeeper being used doesn't support Container nodes. CreateMode.PERSISTENT will be used instead.
2019-06-09T00:43:05.337+0300: 10.387: [GC (Allocation Failure) [PSYoungGen: 128512K->20975K(149504K)] 143496K->50679K(491008K), 0.0190588 secs] [Times: user=0.20 sys=0.02, real=0.02 secs] 
2019-06-09T00:43:05.426+0300: 10.476: [GC (Metadata GC Threshold) [PSYoungGen: 31609K->20987K(149504K)] 61313K->50871K(491008K), 0.0109669 secs] [Times: user=0.12 sys=0.01, real=0.01 secs] 
2019-06-09T00:43:05.437+0300: 10.487: [Full GC (Metadata GC Threshold) [PSYoungGen: 20987K->0K(149504K)] [ParOldGen: 29883K->39777K(341504K)] 50871K->39777K(491008K), [Metaspace: 34463K->34462K(1079296K)], 0.0336387 secs] [Times: user=0.17 sys=0.01, real=0.03 secs] 
2019-06-09T00:43:09.489+0300: 14.539: [GC (Allocation Failure) [PSYoungGen: 128512K->672K(149504K)] 168289K->40449K(491008K), 0.0034759 secs] [Times: user=0.02 sys=0.00, real=0.00 secs] 
2019-06-09T00:43:13.814+0300: 18.864: [GC (Allocation Failure) [PSYoungGen: 129184K->672K(129536K)] 168961K->40457K(471040K), 0.0046453 secs] [Times: user=0.02 sys=0.01, real=0.01 secs] 
2019-06-09T00:43:18.112+0300: 23.162: [GC (Allocation Failure) [PSYoungGen: 129184K->608K(129536K)] 168969K->40401K(471040K), 0.0024527 secs] [Times: user=0.01 sys=0.01, real=0.01 secs] 
2019-06-09T00:43:21.130+0300: 26.180: [GC (Allocation Failure) [PSYoungGen: 89184K->672K(129536K)] 128977K->40473K(471040K), 0.0044490 secs] [Times: user=0.02 sys=0.00, real=0.01 secs] 
2019-06-09T00:43:24.171+0300: 29.221: [GC (Allocation Failure) [PSYoungGen: 89248K->320K(132096K)] 129049K->40537K(473600K), 0.0733697 secs] [Times: user=0.02 sys=0.01, real=0.08 secs] 
2019-06-09T00:43:27.291+0300: 32.341: [GC (Allocation Failure) [PSYoungGen: 92480K->224K(130560K)] 132697K->40529K(472064K), 0.0020178 secs] [Times: user=0.01 sys=0.01, real=0.00 secs] 
2019-06-09T00:43:30.464+0300: 35.514: [GC (Allocation Failure) [PSYoungGen: 92384K->192K(134656K)] 132689K->40513K(476160K), 0.0027616 secs] [Times: user=0.01 sys=0.00, real=0.00 secs] 
2019-06-09T00:43:33.844+0300: 38.894: [GC (Allocation Failure) [PSYoungGen: 97984K->384K(133632K)] 138305K->40706K(475136K), 0.0037730 secs] [Times: user=0.03 sys=0.00, real=0.00 secs] 
2019-06-09T00:43:37.200+0300: 42.250: [GC (Allocation Failure) [PSYoungGen: 98176K->288K(137728K)] 138498K->40610K(479232K), 0.0037291 secs] [Times: user=0.02 sys=0.00, real=0.01 secs] 
2019-06-09T00:43:40.772+0300: 45.822: [GC (Allocation Failure) [PSYoungGen: 103712K->320K(136192K)] 144034K->40642K(477696K), 0.0058417 secs] [Times: user=0.04 sys=0.01, real=0.01 secs] 
2019-06-09T00:43:44.337+0300: 49.387: [GC (Allocation Failure) [PSYoungGen: 103744K->288K(141312K)] 144066K->40610K(482816K), 0.0033109 secs] [Times: user=0.01 sys=0.01, real=0.00 secs] 
2019-06-09T00:43:48.120+0300: 53.170: [GC (Allocation Failure) [PSYoungGen: 110368K->288K(139264K)] 150690K->40618K(480768K), 0.0039290 secs] [Times: user=0.02 sys=0.00, real=0.01 secs] 
2019-06-09T00:43:51.901+0300: 56.951: [GC (Allocation Failure) [PSYoungGen: 110368K->288K(144384K)] 150698K->40626K(485888K), 0.0026625 secs] [Times: user=0.02 sys=0.00, real=0.01 secs] 
2019-06-09T00:43:55.911+0300: 60.961: [GC (Allocation Failure) [PSYoungGen: 117024K->288K(142848K)] 157362K->40626K(484352K), 0.0026417 secs] [Times: user=0.01 sys=0.00, real=0.00 secs] 
2019-06-09T00:44:00.695+0300: 65.745: [GC (Allocation Failure) [PSYoungGen: 117024K->663K(147456K)] 157362K->41009K(488960K), 0.0029341 secs] [Times: user=0.01 sys=0.01, real=0.00 secs] 
2019-06-09T00:44:06.001+0300: 71.051: [GC (Allocation Failure) [PSYoungGen: 123543K->352K(145920K)] 163889K->40706K(487424K), 0.0041298 secs] [Times: user=0.02 sys=0.00, real=0.01 secs] 
2019-06-09T00:44:11.319+0300: 76.369: [GC (Allocation Failure) [PSYoungGen: 123232K->448K(150016K)] 163586K->40810K(491520K), 0.0096657 secs] [Times: user=0.09 sys=0.01, real=0.01 secs] 
2019-06-09T00:44:16.893+0300: 81.943: [GC (Allocation Failure) [PSYoungGen: 128448K->480K(148480K)] 168810K->40850K(489984K), 0.0608743 secs] [Times: user=0.01 sys=0.00, real=0.07 secs] 
00:44:33.043 [Curator-PathChildrenCache-0] ERROR o.a.c.f.r.c.PathChildrenCache  - 
java.lang.IllegalStateException: instance must be started before calling this method
	at org.apache.curator.shaded.com.google.common.base.Preconditions.checkState(Preconditions.java:444)
	at org.apache.curator.framework.imps.CuratorFrameworkImpl.getChildren(CuratorFrameworkImpl.java:456)
	at org.apache.curator.framework.recipes.cache.PathChildrenCache.refresh(PathChildrenCache.java:521)
	at org.apache.curator.framework.recipes.cache.RefreshOperation.invoke(RefreshOperation.java:35)
	at org.apache.curator.framework.recipes.cache.PathChildrenCache$9.run(PathChildrenCache.java:786)
	at java.util.concurrent.Executors$RunnableAdapter.call(Executors.java:511)
	at java.util.concurrent.FutureTask.run(FutureTask.java:266)
	at java.util.concurrent.Executors$RunnableAdapter.call(Executors.java:511)
	at java.util.concurrent.FutureTask.run(FutureTask.java:266)
	at java.util.concurrent.ThreadPoolExecutor.runWorker(ThreadPoolExecutor.java:1149)
	at java.util.concurrent.ThreadPoolExecutor$Worker.run(ThreadPoolExecutor.java:624)
	at java.lang.Thread.run(Thread.java:748)
00:44:33.138 [worker-akka.actor.default-dispatcher-4] ERROR c.s.f.r.WorkerApplication  - Something went wrong during trace flush
java.nio.file.AccessDeniedException: /tmp/trace.csv
	at sun.nio.fs.UnixException.translateToIOException(UnixException.java:84)
	at sun.nio.fs.UnixException.rethrowAsIOException(UnixException.java:102)
	at sun.nio.fs.UnixException.rethrowAsIOException(UnixException.java:107)
	at sun.nio.fs.UnixFileSystemProvider.newByteChannel(UnixFileSystemProvider.java:214)
	at java.nio.file.spi.FileSystemProvider.newOutputStream(FileSystemProvider.java:434)
	at java.nio.file.Files.newOutputStream(Files.java:216)
	at java.nio.file.Files.newBufferedWriter(Files.java:2860)
	at java.nio.file.Files.newBufferedWriter(Files.java:2896)
	at com.spbsu.flamestream.runtime.utils.tracing.Tracing.flush(Tracing.java:35)
	at com.spbsu.flamestream.runtime.WorkerApplication.lambda$run$0(WorkerApplication.java:109)
	at akka.actor.ActorSystemImpl$TerminationCallbacks$$anonfun$addRec$1$1.applyOrElse(ActorSystem.scala:1036)
	at akka.actor.ActorSystemImpl$TerminationCallbacks$$anonfun$addRec$1$1.applyOrElse(ActorSystem.scala:1036)
	at scala.concurrent.Future$$anonfun$andThen$1.apply(Future.scala:436)
	at scala.concurrent.Future$$anonfun$andThen$1.apply(Future.scala:435)
	at scala.concurrent.impl.CallbackRunnable.run(Promise.scala:36)
	at akka.dispatch.BatchingExecutor$AbstractBatch.processBatch(BatchingExecutor.scala:55)
	at akka.dispatch.BatchingExecutor$BlockableBatch$$anonfun$run$1.apply$mcV$sp(BatchingExecutor.scala:91)
	at akka.dispatch.BatchingExecutor$BlockableBatch$$anonfun$run$1.apply(BatchingExecutor.scala:91)
	at akka.dispatch.BatchingExecutor$BlockableBatch$$anonfun$run$1.apply(BatchingExecutor.scala:91)
	at scala.concurrent.BlockContext$.withBlockContext(BlockContext.scala:72)
	at akka.dispatch.BatchingExecutor$BlockableBatch.run(BatchingExecutor.scala:90)
	at akka.dispatch.TaskInvocation.run(AbstractDispatcher.scala:40)
	at akka.dispatch.ForkJoinExecutorConfigurator$AkkaForkJoinTask.exec(ForkJoinExecutorConfigurator.scala:44)
	at akka.dispatch.forkjoin.ForkJoinTask.doExec(ForkJoinTask.java:260)
	at akka.dispatch.forkjoin.ForkJoinPool$WorkQueue.runTask(ForkJoinPool.java:1339)
	at akka.dispatch.forkjoin.ForkJoinPool.runWorker(ForkJoinPool.java:1979)
	at akka.dispatch.forkjoin.ForkJoinWorkerThread.run(ForkJoinWorkerThread.java:107)
Heap
 PSYoungGen      total 148480K, used 126757K [0x00000000f5980000, 0x0000000100000000, 0x0000000100000000)
  eden space 128000K, 98% used [0x00000000f5980000,0x00000000fd4d1428,0x00000000fd680000)
  from space 20480K, 2% used [0x00000000fd680000,0x00000000fd6f8020,0x00000000fea80000)
  to   space 18944K, 0% used [0x00000000fed80000,0x00000000fed80000,0x0000000100000000)
 ParOldGen       total 341504K, used 40369K [0x00000000e0c00000, 0x00000000f5980000, 0x00000000f5980000)
  object space 341504K, 11% used [0x00000000e0c00000,0x00000000e336c7e0,0x00000000f5980000)
 Metaspace       used 36558K, capacity 37552K, committed 37720K, reserved 1081344K
  class space    used 5028K, capacity 5220K, committed 5248K, reserved 1048576K
