19:35:01,772 |-INFO in ch.qos.logback.classic.LoggerContext[default] - Could NOT find resource [logback-test.xml]
19:35:01,772 |-INFO in ch.qos.logback.classic.LoggerContext[default] - Could NOT find resource [logback.groovy]
19:35:01,772 |-INFO in ch.qos.logback.classic.LoggerContext[default] - Found resource [logback.xml] at [jar:file:/root/flamestream/lib/flamestream-runtime-1.0-SNAPSHOT.jar!/logback.xml]
19:35:01,773 |-WARN in ch.qos.logback.classic.LoggerContext[default] - Resource [logback.xml] occurs multiple times on the classpath.
19:35:01,773 |-WARN in ch.qos.logback.classic.LoggerContext[default] - Resource [logback.xml] occurs at [jar:file:/root/flamestream/lib/flamestream-runtime-1.0-SNAPSHOT.jar!/logback.xml]
19:35:01,773 |-WARN in ch.qos.logback.classic.LoggerContext[default] - Resource [logback.xml] occurs at [jar:file:/root/flamestream/flamestream-runtime-1.0-SNAPSHOT.jar!/logback.xml]
19:35:01,796 |-INFO in ch.qos.logback.core.joran.spi.ConfigurationWatchList@3fb6a447 - URL [jar:file:/root/flamestream/lib/flamestream-runtime-1.0-SNAPSHOT.jar!/logback.xml] is not of type file
19:35:01,878 |-INFO in ch.qos.logback.classic.joran.action.ConfigurationAction - debug attribute not set
19:35:01,878 |-INFO in ch.qos.logback.core.joran.action.AppenderAction - About to instantiate appender of type [ch.qos.logback.core.ConsoleAppender]
19:35:01,892 |-INFO in ch.qos.logback.core.joran.action.AppenderAction - Naming appender as [STDOUT]
19:35:01,912 |-INFO in ch.qos.logback.core.joran.action.NestedComplexPropertyIA - Assuming default type [ch.qos.logback.classic.encoder.PatternLayoutEncoder] for [encoder] property
19:35:02,000 |-INFO in ch.qos.logback.core.joran.action.AppenderAction - About to instantiate appender of type [ch.qos.logback.core.rolling.RollingFileAppender]
19:35:02,005 |-INFO in ch.qos.logback.core.joran.action.AppenderAction - Naming appender as [FILE]
19:35:02,037 |-INFO in c.q.l.core.rolling.TimeBasedRollingPolicy@127618319 - No compression will be used
19:35:02,038 |-INFO in c.q.l.core.rolling.TimeBasedRollingPolicy@127618319 - Will use the pattern /tmp/application_%d{yyyy-MM-dd}.%i.log for the active file
19:35:02,041 |-INFO in ch.qos.logback.core.rolling.SizeAndTimeBasedFNATP@6b2fad11 - The date pattern is 'yyyy-MM-dd' from file name pattern '/tmp/application_%d{yyyy-MM-dd}.%i.log'.
19:35:02,041 |-INFO in ch.qos.logback.core.rolling.SizeAndTimeBasedFNATP@6b2fad11 - Roll-over at midnight.
19:35:02,047 |-INFO in ch.qos.logback.core.rolling.SizeAndTimeBasedFNATP@6b2fad11 - Setting initial period to Mon Jun 10 19:33:30 UTC 2019
19:35:02,047 |-WARN in ch.qos.logback.core.rolling.SizeAndTimeBasedFNATP@6b2fad11 - SizeAndTimeBasedFNATP is deprecated. Use SizeAndTimeBasedRollingPolicy instead
19:35:02,047 |-WARN in ch.qos.logback.core.rolling.SizeAndTimeBasedFNATP@6b2fad11 - For more information see http://logback.qos.ch/manual/appenders.html#SizeAndTimeBasedRollingPolicy
19:35:02,051 |-INFO in ch.qos.logback.core.joran.action.NestedComplexPropertyIA - Assuming default type [ch.qos.logback.classic.encoder.PatternLayoutEncoder] for [encoder] property
19:35:02,056 |-INFO in ch.qos.logback.core.rolling.RollingFileAppender[FILE] - Active log file name: /tmp/application.log
19:35:02,056 |-INFO in ch.qos.logback.core.rolling.RollingFileAppender[FILE] - File property is set to [/tmp/application.log]
19:35:02,057 |-INFO in ch.qos.logback.classic.joran.action.RootLoggerAction - Setting level of ROOT logger to WARN
19:35:02,057 |-INFO in ch.qos.logback.core.joran.action.AppenderRefAction - Attaching appender named [STDOUT] to Logger[ROOT]
19:35:02,059 |-INFO in ch.qos.logback.core.joran.action.AppenderRefAction - Attaching appender named [FILE] to Logger[ROOT]
19:35:02,059 |-INFO in ch.qos.logback.classic.joran.action.ConfigurationAction - End of configuration.
19:35:02,059 |-INFO in ch.qos.logback.classic.joran.JoranConfigurator@79698539 - Registering current configuration as safe fallback point

Ama winner
Ama winner
2019-06-10T19:35:03.371+0000: 1.785: [Full GC (Metadata GC Threshold) 2019-06-10T19:35:03.371+0000: 1.785: [Tenured: 0K->15144K(341376K), 0.0396760 secs] 114923K->15144K(494976K), [Metaspace: 20734K->20734K(1067008K)], 0.0397457 secs] [Times: user=0.04 sys=0.00, real=0.04 secs] 
19:35:20.956 [Curator-PathChildrenCache-1] WARN  o.a.c.u.ZKPaths  - The version of ZooKeeper being used doesn't support Container nodes. CreateMode.PERSISTENT will be used instead.
2019-06-10T19:35:23.432+0000: 21.846: [GC (Allocation Failure) 2019-06-10T19:35:23.432+0000: 21.846: [DefNew: 136576K->17023K(153600K), 0.0264039 secs] 151720K->52548K(494976K), 0.0265224 secs] [Times: user=0.02 sys=0.00, real=0.03 secs] 
2019-06-10T19:35:24.777+0000: 23.191: [Full GC (Metadata GC Threshold) 2019-06-10T19:35:24.777+0000: 23.191: [Tenured: 35524K->44134K(341376K), 0.0569564 secs] 91524K->44134K(494976K), [Metaspace: 34571K->34571K(1079296K)], 0.0570272 secs] [Times: user=0.06 sys=0.00, real=0.06 secs] 
2019-06-10T19:35:30.364+0000: 28.778: [GC (Allocation Failure) 2019-06-10T19:35:30.364+0000: 28.778: [DefNew: 136576K->83K(153600K), 0.0020157 secs] 180710K->44217K(494976K), 0.0020697 secs] [Times: user=0.00 sys=0.00, real=0.01 secs] 
2019-06-10T19:35:35.989+0000: 34.403: [GC (Allocation Failure) 2019-06-10T19:35:35.989+0000: 34.403: [DefNew: 136659K->85K(153600K), 0.0018780 secs] 180793K->44219K(494976K), 0.0019380 secs] [Times: user=0.01 sys=0.00, real=0.00 secs] 
2019-06-10T19:35:41.541+0000: 39.955: [GC (Allocation Failure) 2019-06-10T19:35:41.541+0000: 39.955: [DefNew: 136661K->94K(153600K), 0.0019137 secs] 180795K->44228K(494976K), 0.0019745 secs] [Times: user=0.00 sys=0.00, real=0.00 secs] 
2019-06-10T19:35:47.193+0000: 45.607: [GC (Allocation Failure) 2019-06-10T19:35:47.193+0000: 45.608: [DefNew: 136670K->92K(153600K), 0.0018887 secs] 180804K->44226K(494976K), 0.0019563 secs] [Times: user=0.00 sys=0.00, real=0.00 secs] 
2019-06-10T19:35:56.749+0000: 55.163: [GC (Allocation Failure) 2019-06-10T19:35:56.749+0000: 55.163: [DefNew: 136668K->71K(153600K), 0.0018767 secs] 180802K->44206K(494976K), 0.0019397 secs] [Times: user=0.00 sys=0.00, real=0.00 secs] 
19:35:59.291 [Curator-PathChildrenCache-0] ERROR o.a.c.f.r.c.PathChildrenCache  - 
java.lang.IllegalStateException: instance must be started before calling this method
	at org.apache.curator.shaded.com.google.common.base.Preconditions.checkState(Preconditions.java:444)
	at org.apache.curator.framework.imps.CuratorFrameworkImpl.getChildren(CuratorFrameworkImpl.java:456)
	at org.apache.curator.framework.recipes.cache.PathChildrenCache.refresh(PathChildrenCache.java:521)
	at org.apache.curator.framework.recipes.cache.RefreshOperation.invoke(RefreshOperation.java:35)
	at org.apache.curator.framework.recipes.cache.PathChildrenCache$9.run(PathChildrenCache.java:786)
	at java.util.concurrent.Executors$RunnableAdapter.call(Executors.java:511)
	at java.util.concurrent.FutureTask.run(FutureTask.java:266)
	at java.util.concurrent.Executors$RunnableAdapter.call(Executors.java:511)
	at java.util.concurrent.FutureTask.run(FutureTask.java:266)
	at java.util.concurrent.ThreadPoolExecutor.runWorker(ThreadPoolExecutor.java:1149)
	at java.util.concurrent.ThreadPoolExecutor$Worker.run(ThreadPoolExecutor.java:624)
	at java.lang.Thread.run(Thread.java:748)
Heap
 def new generation   total 153600K, used 38865K [0x00000000e0c00000, 0x00000000eb2a0000, 0x00000000eb2a0000)
  eden space 136576K,  28% used [0x00000000e0c00000, 0x00000000e31e27b8, 0x00000000e9160000)
  from space 17024K,   0% used [0x00000000e9160000, 0x00000000e9171f20, 0x00000000ea200000)
  to   space 17024K,   0% used [0x00000000ea200000, 0x00000000ea200000, 0x00000000eb2a0000)
 tenured generation   total 341376K, used 44134K [0x00000000eb2a0000, 0x0000000100000000, 0x0000000100000000)
   the space 341376K,  12% used [0x00000000eb2a0000, 0x00000000eddb98e0, 0x00000000eddb9a00, 0x0000000100000000)
 Metaspace       used 35931K, capacity 36808K, committed 37120K, reserved 1081344K
  class space    used 4823K, capacity 5022K, committed 5120K, reserved 1048576K
