19:44:58,802 |-INFO in ch.qos.logback.classic.LoggerContext[default] - Could NOT find resource [logback-test.xml]
19:44:58,802 |-INFO in ch.qos.logback.classic.LoggerContext[default] - Could NOT find resource [logback.groovy]
19:44:58,802 |-INFO in ch.qos.logback.classic.LoggerContext[default] - Found resource [logback.xml] at [jar:file:/root/flamestream/lib/flamestream-runtime-1.0-SNAPSHOT.jar!/logback.xml]
19:44:58,803 |-WARN in ch.qos.logback.classic.LoggerContext[default] - Resource [logback.xml] occurs multiple times on the classpath.
19:44:58,803 |-WARN in ch.qos.logback.classic.LoggerContext[default] - Resource [logback.xml] occurs at [jar:file:/root/flamestream/lib/flamestream-runtime-1.0-SNAPSHOT.jar!/logback.xml]
19:44:58,803 |-WARN in ch.qos.logback.classic.LoggerContext[default] - Resource [logback.xml] occurs at [jar:file:/root/flamestream/flamestream-runtime-1.0-SNAPSHOT.jar!/logback.xml]
19:44:58,824 |-INFO in ch.qos.logback.core.joran.spi.ConfigurationWatchList@3fb6a447 - URL [jar:file:/root/flamestream/lib/flamestream-runtime-1.0-SNAPSHOT.jar!/logback.xml] is not of type file
19:44:58,897 |-INFO in ch.qos.logback.classic.joran.action.ConfigurationAction - debug attribute not set
19:44:58,898 |-INFO in ch.qos.logback.core.joran.action.AppenderAction - About to instantiate appender of type [ch.qos.logback.core.ConsoleAppender]
19:44:58,910 |-INFO in ch.qos.logback.core.joran.action.AppenderAction - Naming appender as [STDOUT]
19:44:58,928 |-INFO in ch.qos.logback.core.joran.action.NestedComplexPropertyIA - Assuming default type [ch.qos.logback.classic.encoder.PatternLayoutEncoder] for [encoder] property
19:44:59,009 |-INFO in ch.qos.logback.core.joran.action.AppenderAction - About to instantiate appender of type [ch.qos.logback.core.rolling.RollingFileAppender]
19:44:59,013 |-INFO in ch.qos.logback.core.joran.action.AppenderAction - Naming appender as [FILE]
19:44:59,043 |-INFO in c.q.l.core.rolling.TimeBasedRollingPolicy@127618319 - No compression will be used
19:44:59,044 |-INFO in c.q.l.core.rolling.TimeBasedRollingPolicy@127618319 - Will use the pattern /tmp/application_%d{yyyy-MM-dd}.%i.log for the active file
19:44:59,047 |-INFO in ch.qos.logback.core.rolling.SizeAndTimeBasedFNATP@6b2fad11 - The date pattern is 'yyyy-MM-dd' from file name pattern '/tmp/application_%d{yyyy-MM-dd}.%i.log'.
19:44:59,047 |-INFO in ch.qos.logback.core.rolling.SizeAndTimeBasedFNATP@6b2fad11 - Roll-over at midnight.
19:44:59,052 |-INFO in ch.qos.logback.core.rolling.SizeAndTimeBasedFNATP@6b2fad11 - Setting initial period to Mon Jun 10 19:43:27 UTC 2019
19:44:59,052 |-WARN in ch.qos.logback.core.rolling.SizeAndTimeBasedFNATP@6b2fad11 - SizeAndTimeBasedFNATP is deprecated. Use SizeAndTimeBasedRollingPolicy instead
19:44:59,052 |-WARN in ch.qos.logback.core.rolling.SizeAndTimeBasedFNATP@6b2fad11 - For more information see http://logback.qos.ch/manual/appenders.html#SizeAndTimeBasedRollingPolicy
19:44:59,056 |-INFO in ch.qos.logback.core.joran.action.NestedComplexPropertyIA - Assuming default type [ch.qos.logback.classic.encoder.PatternLayoutEncoder] for [encoder] property
19:44:59,061 |-INFO in ch.qos.logback.core.rolling.RollingFileAppender[FILE] - Active log file name: /tmp/application.log
19:44:59,061 |-INFO in ch.qos.logback.core.rolling.RollingFileAppender[FILE] - File property is set to [/tmp/application.log]
19:44:59,062 |-INFO in ch.qos.logback.classic.joran.action.RootLoggerAction - Setting level of ROOT logger to WARN
19:44:59,062 |-INFO in ch.qos.logback.core.joran.action.AppenderRefAction - Attaching appender named [STDOUT] to Logger[ROOT]
19:44:59,064 |-INFO in ch.qos.logback.core.joran.action.AppenderRefAction - Attaching appender named [FILE] to Logger[ROOT]
19:44:59,064 |-INFO in ch.qos.logback.classic.joran.action.ConfigurationAction - End of configuration.
19:44:59,064 |-INFO in ch.qos.logback.classic.joran.JoranConfigurator@79698539 - Registering current configuration as safe fallback point

Ama winner
Ama winner
2019-06-10T19:45:00.375+0000: 1.756: [Full GC (Metadata GC Threshold) 2019-06-10T19:45:00.375+0000: 1.756: [Tenured: 0K->15176K(341376K), 0.0403411 secs] 112223K->15176K(494976K), [Metaspace: 20737K->20737K(1067008K)], 0.0404089 secs] [Times: user=0.04 sys=0.00, real=0.04 secs] 
19:45:23.361 [Curator-PathChildrenCache-1] WARN  o.a.c.u.ZKPaths  - The version of ZooKeeper being used doesn't support Container nodes. CreateMode.PERSISTENT will be used instead.
2019-06-10T19:45:25.547+0000: 26.928: [GC (Allocation Failure) 2019-06-10T19:45:25.547+0000: 26.928: [DefNew: 136576K->17024K(153600K), 0.0450773 secs] 151752K->52580K(494976K), 0.0451489 secs] [Times: user=0.02 sys=0.03, real=0.05 secs] 
2019-06-10T19:45:33.144+0000: 34.524: [GC (Allocation Failure) 2019-06-10T19:45:33.144+0000: 34.524: [DefNew: 153600K->421K(153600K), 0.0101761 secs] 189156K->44249K(494976K), 0.0102569 secs] [Times: user=0.01 sys=0.00, real=0.01 secs] 
2019-06-10T19:45:34.538+0000: 35.919: [Full GC (Metadata GC Threshold) 2019-06-10T19:45:34.538+0000: 35.919: [Tenured: 43828K->44246K(341376K), 0.0358875 secs] 71355K->44246K(494976K), [Metaspace: 34615K->34615K(1079296K)], 0.0359653 secs] [Times: user=0.03 sys=0.00, real=0.04 secs] 
2019-06-10T19:45:42.049+0000: 43.430: [GC (Allocation Failure) 2019-06-10T19:45:42.049+0000: 43.430: [DefNew: 136576K->82K(153600K), 0.0017768 secs] 180822K->44329K(494976K), 0.0018394 secs] [Times: user=0.00 sys=0.00, real=0.01 secs] 
2019-06-10T19:45:49.671+0000: 51.052: [GC (Allocation Failure) 2019-06-10T19:45:49.671+0000: 51.052: [DefNew: 136658K->80K(153600K), 0.0016321 secs] 180905K->44326K(494976K), 0.0017039 secs] [Times: user=0.00 sys=0.00, real=0.00 secs] 
2019-06-10T19:45:57.329+0000: 58.710: [GC (Allocation Failure) 2019-06-10T19:45:57.329+0000: 58.710: [DefNew: 136656K->80K(153600K), 0.0015823 secs] 180902K->44326K(494976K), 0.0016368 secs] [Times: user=0.00 sys=0.00, real=0.00 secs] 
2019-06-10T19:46:05.381+0000: 66.762: [GC (Allocation Failure) 2019-06-10T19:46:05.381+0000: 66.762: [DefNew: 136656K->414K(153600K), 0.0021803 secs] 180902K->44660K(494976K), 0.0022424 secs] [Times: user=0.01 sys=0.00, real=0.00 secs] 
19:46:19.756 [Curator-PathChildrenCache-0] ERROR o.a.c.f.r.c.PathChildrenCache  - 
java.lang.IllegalStateException: instance must be started before calling this method
	at org.apache.curator.shaded.com.google.common.base.Preconditions.checkState(Preconditions.java:444)
	at org.apache.curator.framework.imps.CuratorFrameworkImpl.getChildren(CuratorFrameworkImpl.java:456)
	at org.apache.curator.framework.recipes.cache.PathChildrenCache.refresh(PathChildrenCache.java:521)
	at org.apache.curator.framework.recipes.cache.RefreshOperation.invoke(RefreshOperation.java:35)
	at org.apache.curator.framework.recipes.cache.PathChildrenCache$9.run(PathChildrenCache.java:786)
	at java.util.concurrent.Executors$RunnableAdapter.call(Executors.java:511)
	at java.util.concurrent.FutureTask.run(FutureTask.java:266)
	at java.util.concurrent.Executors$RunnableAdapter.call(Executors.java:511)
	at java.util.concurrent.FutureTask.run(FutureTask.java:266)
	at java.util.concurrent.ThreadPoolExecutor.runWorker(ThreadPoolExecutor.java:1149)
	at java.util.concurrent.ThreadPoolExecutor$Worker.run(ThreadPoolExecutor.java:624)
	at java.lang.Thread.run(Thread.java:748)
Heap
 def new generation   total 153600K, used 119105K [0x00000000e0c00000, 0x00000000eb2a0000, 0x00000000eb2a0000)
  eden space 136576K,  86% used [0x00000000e0c00000, 0x00000000e7fe89e0, 0x00000000e9160000)
  from space 17024K,   2% used [0x00000000e9160000, 0x00000000e91c7a58, 0x00000000ea200000)
  to   space 17024K,   0% used [0x00000000ea200000, 0x00000000ea200000, 0x00000000eb2a0000)
 tenured generation   total 341376K, used 44246K [0x00000000eb2a0000, 0x0000000100000000, 0x0000000100000000)
   the space 341376K,  12% used [0x00000000eb2a0000, 0x00000000eddd5868, 0x00000000eddd5a00, 0x0000000100000000)
 Metaspace       used 35992K, capacity 36928K, committed 37120K, reserved 1081344K
  class space    used 4855K, capacity 5074K, committed 5120K, reserved 1048576K
