17:27:15,145 |-INFO in ch.qos.logback.classic.LoggerContext[default] - Could NOT find resource [logback-test.xml]
17:27:15,145 |-INFO in ch.qos.logback.classic.LoggerContext[default] - Could NOT find resource [logback.groovy]
17:27:15,145 |-INFO in ch.qos.logback.classic.LoggerContext[default] - Found resource [logback.xml] at [jar:file:/root/flamestream/lib/flamestream-runtime-1.0-SNAPSHOT.jar!/logback.xml]
17:27:15,146 |-WARN in ch.qos.logback.classic.LoggerContext[default] - Resource [logback.xml] occurs multiple times on the classpath.
17:27:15,146 |-WARN in ch.qos.logback.classic.LoggerContext[default] - Resource [logback.xml] occurs at [jar:file:/root/flamestream/lib/flamestream-runtime-1.0-SNAPSHOT.jar!/logback.xml]
17:27:15,146 |-WARN in ch.qos.logback.classic.LoggerContext[default] - Resource [logback.xml] occurs at [jar:file:/root/flamestream/flamestream-runtime-1.0-SNAPSHOT.jar!/logback.xml]
17:27:15,166 |-INFO in ch.qos.logback.core.joran.spi.ConfigurationWatchList@3fb6a447 - URL [jar:file:/root/flamestream/lib/flamestream-runtime-1.0-SNAPSHOT.jar!/logback.xml] is not of type file
17:27:15,233 |-INFO in ch.qos.logback.classic.joran.action.ConfigurationAction - debug attribute not set
17:27:15,233 |-INFO in ch.qos.logback.core.joran.action.AppenderAction - About to instantiate appender of type [ch.qos.logback.core.ConsoleAppender]
17:27:15,251 |-INFO in ch.qos.logback.core.joran.action.AppenderAction - Naming appender as [STDOUT]
17:27:15,263 |-INFO in ch.qos.logback.core.joran.action.NestedComplexPropertyIA - Assuming default type [ch.qos.logback.classic.encoder.PatternLayoutEncoder] for [encoder] property
17:27:15,368 |-INFO in ch.qos.logback.core.joran.action.AppenderAction - About to instantiate appender of type [ch.qos.logback.core.rolling.RollingFileAppender]
17:27:15,372 |-INFO in ch.qos.logback.core.joran.action.AppenderAction - Naming appender as [FILE]
17:27:15,409 |-INFO in c.q.l.core.rolling.TimeBasedRollingPolicy@127618319 - No compression will be used
17:27:15,410 |-INFO in c.q.l.core.rolling.TimeBasedRollingPolicy@127618319 - Will use the pattern /tmp/application_%d{yyyy-MM-dd}.%i.log for the active file
17:27:15,413 |-INFO in ch.qos.logback.core.rolling.SizeAndTimeBasedFNATP@6b2fad11 - The date pattern is 'yyyy-MM-dd' from file name pattern '/tmp/application_%d{yyyy-MM-dd}.%i.log'.
17:27:15,413 |-INFO in ch.qos.logback.core.rolling.SizeAndTimeBasedFNATP@6b2fad11 - Roll-over at midnight.
17:27:15,419 |-INFO in ch.qos.logback.core.rolling.SizeAndTimeBasedFNATP@6b2fad11 - Setting initial period to Mon Jun 10 17:25:47 UTC 2019
17:27:15,419 |-WARN in ch.qos.logback.core.rolling.SizeAndTimeBasedFNATP@6b2fad11 - SizeAndTimeBasedFNATP is deprecated. Use SizeAndTimeBasedRollingPolicy instead
17:27:15,419 |-WARN in ch.qos.logback.core.rolling.SizeAndTimeBasedFNATP@6b2fad11 - For more information see http://logback.qos.ch/manual/appenders.html#SizeAndTimeBasedRollingPolicy
17:27:15,423 |-INFO in ch.qos.logback.core.joran.action.NestedComplexPropertyIA - Assuming default type [ch.qos.logback.classic.encoder.PatternLayoutEncoder] for [encoder] property
17:27:15,428 |-INFO in ch.qos.logback.core.rolling.RollingFileAppender[FILE] - Active log file name: /tmp/application.log
17:27:15,428 |-INFO in ch.qos.logback.core.rolling.RollingFileAppender[FILE] - File property is set to [/tmp/application.log]
17:27:15,429 |-INFO in ch.qos.logback.classic.joran.action.RootLoggerAction - Setting level of ROOT logger to WARN
17:27:15,429 |-INFO in ch.qos.logback.core.joran.action.AppenderRefAction - Attaching appender named [STDOUT] to Logger[ROOT]
17:27:15,431 |-INFO in ch.qos.logback.core.joran.action.AppenderRefAction - Attaching appender named [FILE] to Logger[ROOT]
17:27:15,431 |-INFO in ch.qos.logback.classic.joran.action.ConfigurationAction - End of configuration.
17:27:15,432 |-INFO in ch.qos.logback.classic.joran.JoranConfigurator@79698539 - Registering current configuration as safe fallback point

Ama winner
Ama winner
2019-06-10T17:27:16.751+0000: 1.793: [Full GC (Metadata GC Threshold) 2019-06-10T17:27:16.751+0000: 1.793: [Tenured: 0K->15144K(341376K), 0.0409130 secs] 112258K->15144K(494976K), [Metaspace: 20736K->20736K(1067008K)], 0.0409822 secs] [Times: user=0.04 sys=0.00, real=0.04 secs] 
17:27:32.297 [Curator-PathChildrenCache-1] WARN  o.a.c.u.ZKPaths  - The version of ZooKeeper being used doesn't support Container nodes. CreateMode.PERSISTENT will be used instead.
2019-06-10T17:27:34.443+0000: 19.485: [GC (Allocation Failure) 2019-06-10T17:27:34.443+0000: 19.485: [DefNew: 136576K->17023K(153600K), 0.0257607 secs] 151720K->52484K(494976K), 0.0258408 secs] [Times: user=0.02 sys=0.01, real=0.03 secs] 
2019-06-10T17:27:36.124+0000: 21.166: [Full GC (Metadata GC Threshold) 2019-06-10T17:27:36.124+0000: 21.166: [Tenured: 35460K->43940K(341376K), 0.0433069 secs] 92003K->43940K(494976K), [Metaspace: 34553K->34553K(1079296K)], 0.0433872 secs] [Times: user=0.04 sys=0.01, real=0.05 secs] 
2019-06-10T17:27:41.658+0000: 26.700: [GC (Allocation Failure) 2019-06-10T17:27:41.658+0000: 26.700: [DefNew: 136576K->72K(153600K), 0.0017267 secs] 180516K->44013K(494976K), 0.0018053 secs] [Times: user=0.00 sys=0.00, real=0.00 secs] 
2019-06-10T17:27:47.212+0000: 32.254: [GC (Allocation Failure) 2019-06-10T17:27:47.212+0000: 32.254: [DefNew: 136648K->73K(153600K), 0.0017215 secs] 180589K->44014K(494976K), 0.0017823 secs] [Times: user=0.00 sys=0.00, real=0.00 secs] 
2019-06-10T17:27:52.766+0000: 37.808: [GC (Allocation Failure) 2019-06-10T17:27:52.766+0000: 37.808: [DefNew: 136649K->77K(153600K), 0.0017100 secs] 180590K->44018K(494976K), 0.0017715 secs] [Times: user=0.00 sys=0.00, real=0.01 secs] 
2019-06-10T17:27:58.348+0000: 43.389: [GC (Allocation Failure) 2019-06-10T17:27:58.348+0000: 43.389: [DefNew: 136653K->80K(153600K), 0.0016933 secs] 180594K->44021K(494976K), 0.0017521 secs] [Times: user=0.00 sys=0.00, real=0.00 secs] 
2019-06-10T17:28:06.449+0000: 51.490: [GC (Allocation Failure) 2019-06-10T17:28:06.449+0000: 51.490: [DefNew: 136656K->75K(153600K), 0.0018326 secs] 180597K->44016K(494976K), 0.0018954 secs] [Times: user=0.00 sys=0.00, real=0.00 secs] 
17:28:14.143 [Curator-PathChildrenCache-0] ERROR o.a.c.f.r.c.PathChildrenCache  - 
java.lang.IllegalStateException: instance must be started before calling this method
	at org.apache.curator.shaded.com.google.common.base.Preconditions.checkState(Preconditions.java:444)
	at org.apache.curator.framework.imps.CuratorFrameworkImpl.getChildren(CuratorFrameworkImpl.java:456)
	at org.apache.curator.framework.recipes.cache.PathChildrenCache.refresh(PathChildrenCache.java:521)
	at org.apache.curator.framework.recipes.cache.RefreshOperation.invoke(RefreshOperation.java:35)
	at org.apache.curator.framework.recipes.cache.PathChildrenCache$9.run(PathChildrenCache.java:786)
	at java.util.concurrent.Executors$RunnableAdapter.call(Executors.java:511)
	at java.util.concurrent.FutureTask.run(FutureTask.java:266)
	at java.util.concurrent.Executors$RunnableAdapter.call(Executors.java:511)
	at java.util.concurrent.FutureTask.run(FutureTask.java:266)
	at java.util.concurrent.ThreadPoolExecutor.runWorker(ThreadPoolExecutor.java:1149)
	at java.util.concurrent.ThreadPoolExecutor$Worker.run(ThreadPoolExecutor.java:624)
	at java.lang.Thread.run(Thread.java:748)
Heap
 def new generation   total 153600K, used 53860K [0x00000000e0c00000, 0x00000000eb2a0000, 0x00000000eb2a0000)
  eden space 136576K,  39% used [0x00000000e0c00000, 0x00000000e4086520, 0x00000000e9160000)
  from space 17024K,   0% used [0x00000000e9160000, 0x00000000e9172d58, 0x00000000ea200000)
  to   space 17024K,   0% used [0x00000000ea200000, 0x00000000ea200000, 0x00000000eb2a0000)
 tenured generation   total 341376K, used 43940K [0x00000000eb2a0000, 0x0000000100000000, 0x0000000100000000)
   the space 341376K,  12% used [0x00000000eb2a0000, 0x00000000edd893c8, 0x00000000edd89400, 0x0000000100000000)
 Metaspace       used 35760K, capacity 36712K, committed 36864K, reserved 1081344K
  class space    used 4827K, capacity 5054K, committed 5120K, reserved 1048576K
