19:18:14,365 |-INFO in ch.qos.logback.classic.LoggerContext[default] - Could NOT find resource [logback-test.xml]
19:18:14,365 |-INFO in ch.qos.logback.classic.LoggerContext[default] - Could NOT find resource [logback.groovy]
19:18:14,365 |-INFO in ch.qos.logback.classic.LoggerContext[default] - Found resource [logback.xml] at [jar:file:/root/flamestream/lib/flamestream-runtime-1.0-SNAPSHOT.jar!/logback.xml]
19:18:14,366 |-WARN in ch.qos.logback.classic.LoggerContext[default] - Resource [logback.xml] occurs multiple times on the classpath.
19:18:14,366 |-WARN in ch.qos.logback.classic.LoggerContext[default] - Resource [logback.xml] occurs at [jar:file:/root/flamestream/lib/flamestream-runtime-1.0-SNAPSHOT.jar!/logback.xml]
19:18:14,366 |-WARN in ch.qos.logback.classic.LoggerContext[default] - Resource [logback.xml] occurs at [jar:file:/root/flamestream/flamestream-runtime-1.0-SNAPSHOT.jar!/logback.xml]
19:18:14,389 |-INFO in ch.qos.logback.core.joran.spi.ConfigurationWatchList@3fb6a447 - URL [jar:file:/root/flamestream/lib/flamestream-runtime-1.0-SNAPSHOT.jar!/logback.xml] is not of type file
19:18:14,458 |-INFO in ch.qos.logback.classic.joran.action.ConfigurationAction - debug attribute not set
19:18:14,459 |-INFO in ch.qos.logback.core.joran.action.AppenderAction - About to instantiate appender of type [ch.qos.logback.core.ConsoleAppender]
19:18:14,479 |-INFO in ch.qos.logback.core.joran.action.AppenderAction - Naming appender as [STDOUT]
19:18:14,497 |-INFO in ch.qos.logback.core.joran.action.NestedComplexPropertyIA - Assuming default type [ch.qos.logback.classic.encoder.PatternLayoutEncoder] for [encoder] property
19:18:14,580 |-INFO in ch.qos.logback.core.joran.action.AppenderAction - About to instantiate appender of type [ch.qos.logback.core.rolling.RollingFileAppender]
19:18:14,585 |-INFO in ch.qos.logback.core.joran.action.AppenderAction - Naming appender as [FILE]
19:18:14,617 |-INFO in c.q.l.core.rolling.TimeBasedRollingPolicy@127618319 - No compression will be used
19:18:14,618 |-INFO in c.q.l.core.rolling.TimeBasedRollingPolicy@127618319 - Will use the pattern /tmp/application_%d{yyyy-MM-dd}.%i.log for the active file
19:18:14,621 |-INFO in ch.qos.logback.core.rolling.SizeAndTimeBasedFNATP@6b2fad11 - The date pattern is 'yyyy-MM-dd' from file name pattern '/tmp/application_%d{yyyy-MM-dd}.%i.log'.
19:18:14,621 |-INFO in ch.qos.logback.core.rolling.SizeAndTimeBasedFNATP@6b2fad11 - Roll-over at midnight.
19:18:14,626 |-INFO in ch.qos.logback.core.rolling.SizeAndTimeBasedFNATP@6b2fad11 - Setting initial period to Mon Jun 10 19:16:40 UTC 2019
19:18:14,626 |-WARN in ch.qos.logback.core.rolling.SizeAndTimeBasedFNATP@6b2fad11 - SizeAndTimeBasedFNATP is deprecated. Use SizeAndTimeBasedRollingPolicy instead
19:18:14,626 |-WARN in ch.qos.logback.core.rolling.SizeAndTimeBasedFNATP@6b2fad11 - For more information see http://logback.qos.ch/manual/appenders.html#SizeAndTimeBasedRollingPolicy
19:18:14,630 |-INFO in ch.qos.logback.core.joran.action.NestedComplexPropertyIA - Assuming default type [ch.qos.logback.classic.encoder.PatternLayoutEncoder] for [encoder] property
19:18:14,635 |-INFO in ch.qos.logback.core.rolling.RollingFileAppender[FILE] - Active log file name: /tmp/application.log
19:18:14,635 |-INFO in ch.qos.logback.core.rolling.RollingFileAppender[FILE] - File property is set to [/tmp/application.log]
19:18:14,636 |-INFO in ch.qos.logback.classic.joran.action.RootLoggerAction - Setting level of ROOT logger to WARN
19:18:14,636 |-INFO in ch.qos.logback.core.joran.action.AppenderRefAction - Attaching appender named [STDOUT] to Logger[ROOT]
19:18:14,638 |-INFO in ch.qos.logback.core.joran.action.AppenderRefAction - Attaching appender named [FILE] to Logger[ROOT]
19:18:14,638 |-INFO in ch.qos.logback.classic.joran.action.ConfigurationAction - End of configuration.
19:18:14,639 |-INFO in ch.qos.logback.classic.joran.JoranConfigurator@79698539 - Registering current configuration as safe fallback point

Ama winner
Ama winner
2019-06-10T19:18:15.882+0000: 1.696: [Full GC (Metadata GC Threshold) 2019-06-10T19:18:15.882+0000: 1.696: [Tenured: 0K->15241K(341376K), 0.0346371 secs] 117751K->15241K(494976K), [Metaspace: 20738K->20738K(1067008K)], 0.0347031 secs] [Times: user=0.03 sys=0.01, real=0.04 secs] 
19:18:37.085 [Curator-PathChildrenCache-1] WARN  o.a.c.u.ZKPaths  - The version of ZooKeeper being used doesn't support Container nodes. CreateMode.PERSISTENT will be used instead.
2019-06-10T19:18:39.397+0000: 25.210: [GC (Allocation Failure) 2019-06-10T19:18:39.397+0000: 25.210: [DefNew: 136576K->17024K(153600K), 0.0253722 secs] 151817K->52681K(494976K), 0.0254438 secs] [Times: user=0.02 sys=0.01, real=0.02 secs] 
2019-06-10T19:18:43.806+0000: 29.620: [Full GC (Metadata GC Threshold) 2019-06-10T19:18:43.806+0000: 29.620: [Tenured: 35657K->44179K(341376K), 0.0511983 secs] 125775K->44179K(494976K), [Metaspace: 34587K->34587K(1079296K)], 0.0512794 secs] [Times: user=0.05 sys=0.00, real=0.06 secs] 
2019-06-10T19:18:52.614+0000: 38.428: [GC (Allocation Failure) 2019-06-10T19:18:52.615+0000: 38.428: [DefNew: 136576K->88K(153600K), 0.0018180 secs] 180755K->44268K(494976K), 0.0018790 secs] [Times: user=0.00 sys=0.00, real=0.00 secs] 
2019-06-10T19:19:01.352+0000: 47.166: [GC (Allocation Failure) 2019-06-10T19:19:01.352+0000: 47.166: [DefNew: 136664K->157K(153600K), 0.0017877 secs] 180844K->44336K(494976K), 0.0018518 secs] [Times: user=0.01 sys=0.00, real=0.00 secs] 
2019-06-10T19:19:10.331+0000: 56.144: [GC (Allocation Failure) 2019-06-10T19:19:10.331+0000: 56.144: [DefNew: 136733K->154K(153600K), 0.0017318 secs] 180912K->44334K(494976K), 0.0017950 secs] [Times: user=0.00 sys=0.00, real=0.00 secs] 
2019-06-10T19:19:19.817+0000: 65.631: [GC (Allocation Failure) 2019-06-10T19:19:19.817+0000: 65.631: [DefNew: 136730K->483K(153600K), 0.0021622 secs] 180910K->44662K(494976K), 0.0022251 secs] [Times: user=0.00 sys=0.00, real=0.00 secs] 
2019-06-10T19:19:30.406+0000: 76.220: [GC (Allocation Failure) 2019-06-10T19:19:30.406+0000: 76.220: [DefNew: 137059K->235K(153600K), 0.0020075 secs] 181238K->44414K(494976K), 0.0020706 secs] [Times: user=0.00 sys=0.00, real=0.01 secs] 
2019-06-10T19:19:43.813+0000: 89.627: [GC (Allocation Failure) 2019-06-10T19:19:43.813+0000: 89.627: [DefNew: 136811K->238K(153600K), 0.0019715 secs] 180990K->44417K(494976K), 0.0020328 secs] [Times: user=0.00 sys=0.00, real=0.01 secs] 
19:19:50.796 [Curator-PathChildrenCache-0] ERROR o.a.c.f.r.c.PathChildrenCache  - 
java.lang.IllegalStateException: instance must be started before calling this method
	at org.apache.curator.shaded.com.google.common.base.Preconditions.checkState(Preconditions.java:444)
	at org.apache.curator.framework.imps.CuratorFrameworkImpl.getChildren(CuratorFrameworkImpl.java:456)
	at org.apache.curator.framework.recipes.cache.PathChildrenCache.refresh(PathChildrenCache.java:521)
	at org.apache.curator.framework.recipes.cache.RefreshOperation.invoke(RefreshOperation.java:35)
	at org.apache.curator.framework.recipes.cache.PathChildrenCache$9.run(PathChildrenCache.java:786)
	at java.util.concurrent.Executors$RunnableAdapter.call(Executors.java:511)
	at java.util.concurrent.FutureTask.run(FutureTask.java:266)
	at java.util.concurrent.Executors$RunnableAdapter.call(Executors.java:511)
	at java.util.concurrent.FutureTask.run(FutureTask.java:266)
	at java.util.concurrent.ThreadPoolExecutor.runWorker(ThreadPoolExecutor.java:1149)
	at java.util.concurrent.ThreadPoolExecutor$Worker.run(ThreadPoolExecutor.java:624)
	at java.lang.Thread.run(Thread.java:748)
Heap
 def new generation   total 153600K, used 37173K [0x00000000e0c00000, 0x00000000eb2a0000, 0x00000000eb2a0000)
  eden space 136576K,  27% used [0x00000000e0c00000, 0x00000000e3011d90, 0x00000000e9160000)
  from space 17024K,   1% used [0x00000000ea200000, 0x00000000ea23b9c0, 0x00000000eb2a0000)
  to   space 17024K,   0% used [0x00000000e9160000, 0x00000000e9160000, 0x00000000ea200000)
 tenured generation   total 341376K, used 44179K [0x00000000eb2a0000, 0x0000000100000000, 0x0000000100000000)
   the space 341376K,  12% used [0x00000000eb2a0000, 0x00000000eddc4dd8, 0x00000000eddc4e00, 0x0000000100000000)
 Metaspace       used 36020K, capacity 36928K, committed 37120K, reserved 1081344K
  class space    used 4856K, capacity 5074K, committed 5120K, reserved 1048576K
