17:29:39,528 |-INFO in ch.qos.logback.classic.LoggerContext[default] - Could NOT find resource [logback-test.xml]
17:29:39,528 |-INFO in ch.qos.logback.classic.LoggerContext[default] - Could NOT find resource [logback.groovy]
17:29:39,529 |-INFO in ch.qos.logback.classic.LoggerContext[default] - Found resource [logback.xml] at [jar:file:/root/flamestream/lib/flamestream-runtime-1.0-SNAPSHOT.jar!/logback.xml]
17:29:39,529 |-WARN in ch.qos.logback.classic.LoggerContext[default] - Resource [logback.xml] occurs multiple times on the classpath.
17:29:39,530 |-WARN in ch.qos.logback.classic.LoggerContext[default] - Resource [logback.xml] occurs at [jar:file:/root/flamestream/lib/flamestream-runtime-1.0-SNAPSHOT.jar!/logback.xml]
17:29:39,530 |-WARN in ch.qos.logback.classic.LoggerContext[default] - Resource [logback.xml] occurs at [jar:file:/root/flamestream/flamestream-runtime-1.0-SNAPSHOT.jar!/logback.xml]
17:29:39,549 |-INFO in ch.qos.logback.core.joran.spi.ConfigurationWatchList@3fb6a447 - URL [jar:file:/root/flamestream/lib/flamestream-runtime-1.0-SNAPSHOT.jar!/logback.xml] is not of type file
17:29:39,623 |-INFO in ch.qos.logback.classic.joran.action.ConfigurationAction - debug attribute not set
17:29:39,624 |-INFO in ch.qos.logback.core.joran.action.AppenderAction - About to instantiate appender of type [ch.qos.logback.core.ConsoleAppender]
17:29:39,636 |-INFO in ch.qos.logback.core.joran.action.AppenderAction - Naming appender as [STDOUT]
17:29:39,654 |-INFO in ch.qos.logback.core.joran.action.NestedComplexPropertyIA - Assuming default type [ch.qos.logback.classic.encoder.PatternLayoutEncoder] for [encoder] property
17:29:39,737 |-INFO in ch.qos.logback.core.joran.action.AppenderAction - About to instantiate appender of type [ch.qos.logback.core.rolling.RollingFileAppender]
17:29:39,742 |-INFO in ch.qos.logback.core.joran.action.AppenderAction - Naming appender as [FILE]
17:29:39,771 |-INFO in c.q.l.core.rolling.TimeBasedRollingPolicy@127618319 - No compression will be used
17:29:39,773 |-INFO in c.q.l.core.rolling.TimeBasedRollingPolicy@127618319 - Will use the pattern /tmp/application_%d{yyyy-MM-dd}.%i.log for the active file
17:29:39,776 |-INFO in ch.qos.logback.core.rolling.SizeAndTimeBasedFNATP@6b2fad11 - The date pattern is 'yyyy-MM-dd' from file name pattern '/tmp/application_%d{yyyy-MM-dd}.%i.log'.
17:29:39,776 |-INFO in ch.qos.logback.core.rolling.SizeAndTimeBasedFNATP@6b2fad11 - Roll-over at midnight.
17:29:39,781 |-INFO in ch.qos.logback.core.rolling.SizeAndTimeBasedFNATP@6b2fad11 - Setting initial period to Mon Jun 10 17:28:13 UTC 2019
17:29:39,781 |-WARN in ch.qos.logback.core.rolling.SizeAndTimeBasedFNATP@6b2fad11 - SizeAndTimeBasedFNATP is deprecated. Use SizeAndTimeBasedRollingPolicy instead
17:29:39,781 |-WARN in ch.qos.logback.core.rolling.SizeAndTimeBasedFNATP@6b2fad11 - For more information see http://logback.qos.ch/manual/appenders.html#SizeAndTimeBasedRollingPolicy
17:29:39,784 |-INFO in ch.qos.logback.core.joran.action.NestedComplexPropertyIA - Assuming default type [ch.qos.logback.classic.encoder.PatternLayoutEncoder] for [encoder] property
17:29:39,789 |-INFO in ch.qos.logback.core.rolling.RollingFileAppender[FILE] - Active log file name: /tmp/application.log
17:29:39,789 |-INFO in ch.qos.logback.core.rolling.RollingFileAppender[FILE] - File property is set to [/tmp/application.log]
17:29:39,790 |-INFO in ch.qos.logback.classic.joran.action.RootLoggerAction - Setting level of ROOT logger to WARN
17:29:39,790 |-INFO in ch.qos.logback.core.joran.action.AppenderRefAction - Attaching appender named [STDOUT] to Logger[ROOT]
17:29:39,792 |-INFO in ch.qos.logback.core.joran.action.AppenderRefAction - Attaching appender named [FILE] to Logger[ROOT]
17:29:39,792 |-INFO in ch.qos.logback.classic.joran.action.ConfigurationAction - End of configuration.
17:29:39,793 |-INFO in ch.qos.logback.classic.joran.JoranConfigurator@79698539 - Registering current configuration as safe fallback point

Ama winner
Ama winner
2019-06-10T17:29:41.110+0000: 1.769: [Full GC (Metadata GC Threshold) 2019-06-10T17:29:41.110+0000: 1.769: [Tenured: 0K->15242K(341376K), 0.0399283 secs] 117764K->15242K(494976K), [Metaspace: 20737K->20737K(1067008K)], 0.0399996 secs] [Times: user=0.03 sys=0.00, real=0.04 secs] 
17:30:05.330 [Curator-PathChildrenCache-1] WARN  o.a.c.u.ZKPaths  - The version of ZooKeeper being used doesn't support Container nodes. CreateMode.PERSISTENT will be used instead.
2019-06-10T17:30:07.441+0000: 28.100: [GC (Allocation Failure) 2019-06-10T17:30:07.442+0000: 28.100: [DefNew: 136576K->17023K(153600K), 0.0265546 secs] 151818K->52764K(494976K), 0.0266394 secs] [Times: user=0.02 sys=0.01, real=0.03 secs] 
2019-06-10T17:30:08.678+0000: 29.337: [Full GC (Metadata GC Threshold) 2019-06-10T17:30:08.678+0000: 29.337: [Tenured: 35740K->44514K(341376K), 0.0416592 secs] 81616K->44514K(494976K), [Metaspace: 34615K->34615K(1079296K)], 0.0417331 secs] [Times: user=0.04 sys=0.00, real=0.04 secs] 
2019-06-10T17:30:14.941+0000: 35.600: [GC (Allocation Failure) 2019-06-10T17:30:14.941+0000: 35.600: [DefNew: 136576K->155K(153600K), 0.0020033 secs] 181090K->44669K(494976K), 0.0020627 secs] [Times: user=0.00 sys=0.00, real=0.00 secs] 
2019-06-10T17:30:21.113+0000: 41.772: [GC (Allocation Failure) 2019-06-10T17:30:21.114+0000: 41.772: [DefNew: 136731K->163K(153600K), 0.0018897 secs] 181245K->44677K(494976K), 0.0019461 secs] [Times: user=0.00 sys=0.00, real=0.00 secs] 
2019-06-10T17:30:27.246+0000: 47.905: [GC (Allocation Failure) 2019-06-10T17:30:27.246+0000: 47.905: [DefNew: 136739K->159K(153600K), 0.0019175 secs] 181253K->44673K(494976K), 0.0019828 secs] [Times: user=0.00 sys=0.00, real=0.00 secs] 
2019-06-10T17:30:33.420+0000: 54.079: [GC (Allocation Failure) 2019-06-10T17:30:33.420+0000: 54.079: [DefNew: 136735K->159K(153600K), 0.0019489 secs] 181249K->44673K(494976K), 0.0020078 secs] [Times: user=0.00 sys=0.00, real=0.00 secs] 
2019-06-10T17:30:39.600+0000: 60.258: [GC (Allocation Failure) 2019-06-10T17:30:39.600+0000: 60.258: [DefNew: 136735K->159K(153600K), 0.0018548 secs] 181249K->44673K(494976K), 0.0019103 secs] [Times: user=0.00 sys=0.00, real=0.00 secs] 
17:30:49.446 [Curator-PathChildrenCache-0] ERROR o.a.c.f.r.c.PathChildrenCache  - 
java.lang.IllegalStateException: instance must be started before calling this method
	at org.apache.curator.shaded.com.google.common.base.Preconditions.checkState(Preconditions.java:444)
	at org.apache.curator.framework.imps.CuratorFrameworkImpl.getChildren(CuratorFrameworkImpl.java:456)
	at org.apache.curator.framework.recipes.cache.PathChildrenCache.refresh(PathChildrenCache.java:521)
	at org.apache.curator.framework.recipes.cache.RefreshOperation.invoke(RefreshOperation.java:35)
	at org.apache.curator.framework.recipes.cache.PathChildrenCache$9.run(PathChildrenCache.java:786)
	at java.util.concurrent.Executors$RunnableAdapter.call(Executors.java:511)
	at java.util.concurrent.FutureTask.run(FutureTask.java:266)
	at java.util.concurrent.Executors$RunnableAdapter.call(Executors.java:511)
	at java.util.concurrent.FutureTask.run(FutureTask.java:266)
	at java.util.concurrent.ThreadPoolExecutor.runWorker(ThreadPoolExecutor.java:1149)
	at java.util.concurrent.ThreadPoolExecutor$Worker.run(ThreadPoolExecutor.java:624)
	at java.lang.Thread.run(Thread.java:748)
Heap
 def new generation   total 153600K, used 71873K [0x00000000e0c00000, 0x00000000eb2a0000, 0x00000000eb2a0000)
  eden space 136576K,  52% used [0x00000000e0c00000, 0x00000000e52084c8, 0x00000000e9160000)
  from space 17024K,   0% used [0x00000000e9160000, 0x00000000e9187fd8, 0x00000000ea200000)
  to   space 17024K,   0% used [0x00000000ea200000, 0x00000000ea200000, 0x00000000eb2a0000)
 tenured generation   total 341376K, used 44514K [0x00000000eb2a0000, 0x0000000100000000, 0x0000000100000000)
   the space 341376K,  13% used [0x00000000eb2a0000, 0x00000000ede18810, 0x00000000ede18a00, 0x0000000100000000)
 Metaspace       used 36302K, capacity 37202K, committed 37376K, reserved 1081344K
  class space    used 4871K, capacity 5077K, committed 5120K, reserved 1048576K
