01:19:15,530 |-INFO in ch.qos.logback.classic.LoggerContext[default] - Could NOT find resource [logback-test.xml]
01:19:15,530 |-INFO in ch.qos.logback.classic.LoggerContext[default] - Could NOT find resource [logback.groovy]
01:19:15,530 |-INFO in ch.qos.logback.classic.LoggerContext[default] - Found resource [logback.xml] at [jar:file:/home/nikitasokolov/flamestream/lib/flamestream-runtime-1.0-SNAPSHOT.jar!/logback.xml]
01:19:15,531 |-WARN in ch.qos.logback.classic.LoggerContext[default] - Resource [logback.xml] occurs multiple times on the classpath.
01:19:15,531 |-WARN in ch.qos.logback.classic.LoggerContext[default] - Resource [logback.xml] occurs at [jar:file:/home/nikitasokolov/flamestream/lib/flamestream-runtime-1.0-SNAPSHOT.jar!/logback.xml]
01:19:15,531 |-WARN in ch.qos.logback.classic.LoggerContext[default] - Resource [logback.xml] occurs at [jar:file:/home/nikitasokolov/flamestream/flamestream-runtime-1.0-SNAPSHOT.jar!/logback.xml]
01:19:15,549 |-INFO in ch.qos.logback.core.joran.spi.ConfigurationWatchList@2f7a2457 - URL [jar:file:/home/nikitasokolov/flamestream/lib/flamestream-runtime-1.0-SNAPSHOT.jar!/logback.xml] is not of type file
01:19:15,601 |-INFO in ch.qos.logback.classic.joran.action.ConfigurationAction - debug attribute not set
01:19:15,601 |-INFO in ch.qos.logback.core.joran.action.AppenderAction - About to instantiate appender of type [ch.qos.logback.core.ConsoleAppender]
01:19:15,609 |-INFO in ch.qos.logback.core.joran.action.AppenderAction - Naming appender as [STDOUT]
01:19:15,618 |-INFO in ch.qos.logback.core.joran.action.NestedComplexPropertyIA - Assuming default type [ch.qos.logback.classic.encoder.PatternLayoutEncoder] for [encoder] property
01:19:15,675 |-INFO in ch.qos.logback.core.joran.action.AppenderAction - About to instantiate appender of type [ch.qos.logback.core.rolling.RollingFileAppender]
01:19:15,680 |-INFO in ch.qos.logback.core.joran.action.AppenderAction - Naming appender as [FILE]
01:19:15,703 |-INFO in c.q.l.core.rolling.TimeBasedRollingPolicy@1449621165 - No compression will be used
01:19:15,704 |-INFO in c.q.l.core.rolling.TimeBasedRollingPolicy@1449621165 - Will use the pattern /tmp/application_%d{yyyy-MM-dd}.%i.log for the active file
01:19:15,707 |-INFO in ch.qos.logback.core.rolling.SizeAndTimeBasedFNATP@6108b2d7 - The date pattern is 'yyyy-MM-dd' from file name pattern '/tmp/application_%d{yyyy-MM-dd}.%i.log'.
01:19:15,707 |-INFO in ch.qos.logback.core.rolling.SizeAndTimeBasedFNATP@6108b2d7 - Roll-over at midnight.
01:19:15,712 |-INFO in ch.qos.logback.core.rolling.SizeAndTimeBasedFNATP@6108b2d7 - Setting initial period to Sat Jun 08 01:18:28 MSK 2019
01:19:15,712 |-WARN in ch.qos.logback.core.rolling.SizeAndTimeBasedFNATP@6108b2d7 - SizeAndTimeBasedFNATP is deprecated. Use SizeAndTimeBasedRollingPolicy instead
01:19:15,712 |-WARN in ch.qos.logback.core.rolling.SizeAndTimeBasedFNATP@6108b2d7 - For more information see http://logback.qos.ch/manual/appenders.html#SizeAndTimeBasedRollingPolicy
01:19:15,717 |-INFO in ch.qos.logback.core.joran.action.NestedComplexPropertyIA - Assuming default type [ch.qos.logback.classic.encoder.PatternLayoutEncoder] for [encoder] property
01:19:15,719 |-INFO in ch.qos.logback.core.rolling.RollingFileAppender[FILE] - Active log file name: /tmp/application.log
01:19:15,719 |-INFO in ch.qos.logback.core.rolling.RollingFileAppender[FILE] - File property is set to [/tmp/application.log]
01:19:15,721 |-INFO in ch.qos.logback.classic.joran.action.RootLoggerAction - Setting level of ROOT logger to WARN
01:19:15,721 |-INFO in ch.qos.logback.core.joran.action.AppenderRefAction - Attaching appender named [STDOUT] to Logger[ROOT]
01:19:15,721 |-INFO in ch.qos.logback.core.joran.action.AppenderRefAction - Attaching appender named [FILE] to Logger[ROOT]
01:19:15,721 |-INFO in ch.qos.logback.classic.joran.action.ConfigurationAction - End of configuration.
01:19:15,722 |-INFO in ch.qos.logback.classic.joran.JoranConfigurator@1554909b - Registering current configuration as safe fallback point

2019-06-08T01:19:16.749+0300: 1.406: [GC (Metadata GC Threshold) [PSYoungGen: 110652K->15938K(149504K)] 110652K->16018K(491008K), 0.0187417 secs] [Times: user=0.06 sys=0.04, real=0.02 secs] 
2019-06-08T01:19:16.768+0300: 1.424: [Full GC (Metadata GC Threshold) [PSYoungGen: 15938K->0K(149504K)] [ParOldGen: 80K->15123K(341504K)] 16018K->15123K(491008K), [Metaspace: 20805K->20805K(1067008K)], 0.0253264 secs] [Times: user=0.16 sys=0.01, real=0.03 secs] 
01:19:24.972 [Curator-PathChildrenCache-1] WARN  o.a.c.u.ZKPaths  - The version of ZooKeeper being used doesn't support Container nodes. CreateMode.PERSISTENT will be used instead.
2019-06-08T01:19:25.687+0300: 10.343: [GC (Metadata GC Threshold) [PSYoungGen: 121680K->15629K(149504K)] 136803K->50292K(491008K), 0.0265430 secs] [Times: user=0.19 sys=0.03, real=0.03 secs] 
2019-06-08T01:19:25.713+0300: 10.370: [Full GC (Metadata GC Threshold) [PSYoungGen: 15629K->0K(149504K)] [ParOldGen: 34662K->38816K(341504K)] 50292K->38816K(491008K), [Metaspace: 34495K->34495K(1079296K)], 0.0382849 secs] [Times: user=0.18 sys=0.01, real=0.04 secs] 
2019-06-08T01:19:27.493+0300: 12.149: [GC (Allocation Failure) [PSYoungGen: 128512K->512K(149504K)] 167328K->39336K(491008K), 0.0026966 secs] [Times: user=0.02 sys=0.00, real=0.00 secs] 
2019-06-08T01:19:28.958+0300: 13.614: [GC (Allocation Failure) [PSYoungGen: 129024K->672K(149504K)] 167848K->39504K(491008K), 0.0026980 secs] [Times: user=0.01 sys=0.00, real=0.00 secs] 
2019-06-08T01:19:30.368+0300: 15.024: [GC (Allocation Failure) [PSYoungGen: 129184K->672K(129536K)] 168016K->39512K(471040K), 0.0024525 secs] [Times: user=0.01 sys=0.00, real=0.01 secs] 
2019-06-08T01:19:31.902+0300: 16.558: [GC (Allocation Failure) [PSYoungGen: 129184K->928K(150016K)] 168024K->39776K(491520K), 0.0032937 secs] [Times: user=0.01 sys=0.00, real=0.00 secs] 
2019-06-08T01:19:33.280+0300: 17.936: [GC (Allocation Failure) [PSYoungGen: 129440K->992K(148992K)] 168288K->39848K(490496K), 0.0029894 secs] [Times: user=0.01 sys=0.01, real=0.00 secs] 
2019-06-08T01:19:34.240+0300: 18.896: [GC (Allocation Failure) [PSYoungGen: 129504K->1024K(152064K)] 168360K->39880K(493568K), 0.0032445 secs] [Times: user=0.02 sys=0.00, real=0.00 secs] 
2019-06-08T01:19:35.540+0300: 20.196: [GC (Allocation Failure) [PSYoungGen: 133632K->928K(151040K)] 172488K->39792K(492544K), 0.0035581 secs] [Times: user=0.02 sys=0.00, real=0.00 secs] 
2019-06-08T01:19:36.948+0300: 21.604: [GC (Allocation Failure) [PSYoungGen: 133536K->1024K(153600K)] 172400K->39888K(495104K), 0.0035591 secs] [Times: user=0.01 sys=0.01, real=0.01 secs] 
2019-06-08T01:19:46.419+0300: 31.076: [GC (Allocation Failure) [PSYoungGen: 136704K->960K(152576K)] 175568K->39832K(494080K), 0.0023731 secs] [Times: user=0.01 sys=0.00, real=0.00 secs] 
01:19:46.468 [Curator-PathChildrenCache-0] ERROR o.a.c.f.r.c.PathChildrenCache  - 
java.lang.IllegalStateException: instance must be started before calling this method
	at org.apache.curator.shaded.com.google.common.base.Preconditions.checkState(Preconditions.java:444)
	at org.apache.curator.framework.imps.CuratorFrameworkImpl.getChildren(CuratorFrameworkImpl.java:456)
	at org.apache.curator.framework.recipes.cache.PathChildrenCache.refresh(PathChildrenCache.java:521)
	at org.apache.curator.framework.recipes.cache.RefreshOperation.invoke(RefreshOperation.java:35)
	at org.apache.curator.framework.recipes.cache.PathChildrenCache$9.run(PathChildrenCache.java:786)
	at java.util.concurrent.Executors$RunnableAdapter.call(Executors.java:511)
	at java.util.concurrent.FutureTask.run(FutureTask.java:266)
	at java.util.concurrent.Executors$RunnableAdapter.call(Executors.java:511)
	at java.util.concurrent.FutureTask.run(FutureTask.java:266)
	at java.util.concurrent.ThreadPoolExecutor.runWorker(ThreadPoolExecutor.java:1149)
	at java.util.concurrent.ThreadPoolExecutor$Worker.run(ThreadPoolExecutor.java:624)
	at java.lang.Thread.run(Thread.java:748)
Heap
 PSYoungGen      total 152576K, used 13944K [0x00000000f5980000, 0x0000000100000000, 0x0000000100000000)
  eden space 135680K, 9% used [0x00000000f5980000,0x00000000f662e000,0x00000000fde00000)
  from space 16896K, 5% used [0x00000000fde00000,0x00000000fdef00e0,0x00000000fee80000)
  to   space 16384K, 0% used [0x00000000ff000000,0x00000000ff000000,0x0000000100000000)
 ParOldGen       total 341504K, used 38872K [0x00000000e0c00000, 0x00000000f5980000, 0x00000000f5980000)
  object space 341504K, 11% used [0x00000000e0c00000,0x00000000e31f60f8,0x00000000f5980000)
 Metaspace       used 35857K, capacity 36774K, committed 36952K, reserved 1081344K
  class space    used 4950K, capacity 5145K, committed 5248K, reserved 1048576K
