08:55:58,707 |-INFO in ch.qos.logback.classic.LoggerContext[default] - Could NOT find resource [logback-test.xml]
08:55:58,707 |-INFO in ch.qos.logback.classic.LoggerContext[default] - Could NOT find resource [logback.groovy]
08:55:58,707 |-INFO in ch.qos.logback.classic.LoggerContext[default] - Found resource [logback.xml] at [jar:file:/home/nikitasokolov/flamestream/lib/flamestream-runtime-1.0-SNAPSHOT.jar!/logback.xml]
08:55:58,708 |-WARN in ch.qos.logback.classic.LoggerContext[default] - Resource [logback.xml] occurs multiple times on the classpath.
08:55:58,708 |-WARN in ch.qos.logback.classic.LoggerContext[default] - Resource [logback.xml] occurs at [jar:file:/home/nikitasokolov/flamestream/lib/flamestream-runtime-1.0-SNAPSHOT.jar!/logback.xml]
08:55:58,708 |-WARN in ch.qos.logback.classic.LoggerContext[default] - Resource [logback.xml] occurs at [jar:file:/home/nikitasokolov/flamestream/flamestream-runtime-1.0-SNAPSHOT.jar!/logback.xml]
08:55:58,725 |-INFO in ch.qos.logback.core.joran.spi.ConfigurationWatchList@6108b2d7 - URL [jar:file:/home/nikitasokolov/flamestream/lib/flamestream-runtime-1.0-SNAPSHOT.jar!/logback.xml] is not of type file
08:55:58,777 |-INFO in ch.qos.logback.classic.joran.action.ConfigurationAction - debug attribute not set
08:55:58,778 |-INFO in ch.qos.logback.core.joran.action.AppenderAction - About to instantiate appender of type [ch.qos.logback.core.ConsoleAppender]
08:55:58,789 |-INFO in ch.qos.logback.core.joran.action.AppenderAction - Naming appender as [STDOUT]
08:55:58,799 |-INFO in ch.qos.logback.core.joran.action.NestedComplexPropertyIA - Assuming default type [ch.qos.logback.classic.encoder.PatternLayoutEncoder] for [encoder] property
08:55:58,856 |-INFO in ch.qos.logback.core.joran.action.AppenderAction - About to instantiate appender of type [ch.qos.logback.core.rolling.RollingFileAppender]
08:55:58,862 |-INFO in ch.qos.logback.core.joran.action.AppenderAction - Naming appender as [FILE]
08:55:58,885 |-INFO in c.q.l.core.rolling.TimeBasedRollingPolicy@357863579 - No compression will be used
08:55:58,887 |-INFO in c.q.l.core.rolling.TimeBasedRollingPolicy@357863579 - Will use the pattern /tmp/application_%d{yyyy-MM-dd}.%i.log for the active file
08:55:58,889 |-INFO in ch.qos.logback.core.rolling.SizeAndTimeBasedFNATP@6bf256fa - The date pattern is 'yyyy-MM-dd' from file name pattern '/tmp/application_%d{yyyy-MM-dd}.%i.log'.
08:55:58,889 |-INFO in ch.qos.logback.core.rolling.SizeAndTimeBasedFNATP@6bf256fa - Roll-over at midnight.
08:55:58,893 |-INFO in ch.qos.logback.core.rolling.SizeAndTimeBasedFNATP@6bf256fa - Setting initial period to Sun Jun 09 08:55:12 MSK 2019
08:55:58,893 |-WARN in ch.qos.logback.core.rolling.SizeAndTimeBasedFNATP@6bf256fa - SizeAndTimeBasedFNATP is deprecated. Use SizeAndTimeBasedRollingPolicy instead
08:55:58,893 |-WARN in ch.qos.logback.core.rolling.SizeAndTimeBasedFNATP@6bf256fa - For more information see http://logback.qos.ch/manual/appenders.html#SizeAndTimeBasedRollingPolicy
08:55:58,898 |-INFO in ch.qos.logback.core.joran.action.NestedComplexPropertyIA - Assuming default type [ch.qos.logback.classic.encoder.PatternLayoutEncoder] for [encoder] property
08:55:58,900 |-INFO in ch.qos.logback.core.rolling.RollingFileAppender[FILE] - Active log file name: /tmp/application.log
08:55:58,900 |-INFO in ch.qos.logback.core.rolling.RollingFileAppender[FILE] - File property is set to [/tmp/application.log]
08:55:58,901 |-INFO in ch.qos.logback.classic.joran.action.RootLoggerAction - Setting level of ROOT logger to WARN
08:55:58,901 |-INFO in ch.qos.logback.core.joran.action.AppenderRefAction - Attaching appender named [STDOUT] to Logger[ROOT]
08:55:58,902 |-INFO in ch.qos.logback.core.joran.action.AppenderRefAction - Attaching appender named [FILE] to Logger[ROOT]
08:55:58,902 |-INFO in ch.qos.logback.classic.joran.action.ConfigurationAction - End of configuration.
08:55:58,902 |-INFO in ch.qos.logback.classic.joran.JoranConfigurator@6cd8737 - Registering current configuration as safe fallback point

2019-06-09T08:55:59.893+0300: 1.392: [GC (Metadata GC Threshold) [PSYoungGen: 110722K->15879K(149504K)] 110722K->15959K(491008K), 0.0200293 secs] [Times: user=0.08 sys=0.02, real=0.02 secs] 
2019-06-09T08:55:59.913+0300: 1.412: [Full GC (Metadata GC Threshold) [PSYoungGen: 15879K->0K(149504K)] [ParOldGen: 80K->15078K(341504K)] 15959K->15078K(491008K), [Metaspace: 20802K->20802K(1067008K)], 0.0283413 secs] [Times: user=0.16 sys=0.03, real=0.03 secs] 
08:56:12.013 [Curator-PathChildrenCache-1] WARN  o.a.c.u.ZKPaths  - The version of ZooKeeper being used doesn't support Container nodes. CreateMode.PERSISTENT will be used instead.
2019-06-09T08:56:13.012+0300: 14.511: [GC (Metadata GC Threshold) [PSYoungGen: 124928K->15953K(149504K)] 140006K->50571K(491008K), 0.0264023 secs] [Times: user=0.21 sys=0.02, real=0.03 secs] 
2019-06-09T08:56:13.039+0300: 14.538: [Full GC (Metadata GC Threshold) [PSYoungGen: 15953K->0K(149504K)] [ParOldGen: 34617K->39109K(341504K)] 50571K->39109K(491008K), [Metaspace: 34559K->34559K(1079296K)], 0.0358599 secs] [Times: user=0.19 sys=0.02, real=0.03 secs] 
2019-06-09T08:56:17.730+0300: 19.229: [GC (Allocation Failure) [PSYoungGen: 128512K->416K(149504K)] 167621K->39533K(491008K), 0.0047300 secs] [Times: user=0.03 sys=0.01, real=0.00 secs] 
2019-06-09T08:56:23.061+0300: 24.559: [GC (Allocation Failure) [PSYoungGen: 128928K->544K(149504K)] 168045K->39669K(491008K), 0.0871442 secs] [Times: user=0.07 sys=0.00, real=0.08 secs] 
2019-06-09T08:56:28.328+0300: 29.827: [GC (Allocation Failure) [PSYoungGen: 129056K->448K(129024K)] 168181K->39581K(470528K), 0.0046515 secs] [Times: user=0.03 sys=0.00, real=0.01 secs] 
2019-06-09T08:56:33.736+0300: 35.235: [GC (Allocation Failure) [PSYoungGen: 128960K->448K(150016K)] 168093K->39589K(491520K), 0.0036131 secs] [Times: user=0.01 sys=0.00, real=0.01 secs] 
2019-06-09T08:56:39.064+0300: 40.562: [GC (Allocation Failure) [PSYoungGen: 128960K->608K(148992K)] 168101K->39757K(490496K), 0.0044775 secs] [Times: user=0.03 sys=0.00, real=0.00 secs] 
2019-06-09T08:56:44.472+0300: 45.970: [GC (Allocation Failure) [PSYoungGen: 129120K->512K(151552K)] 168269K->39669K(493056K), 0.0036456 secs] [Times: user=0.01 sys=0.00, real=0.00 secs] 
2019-06-09T08:56:49.946+0300: 51.444: [GC (Allocation Failure) [PSYoungGen: 132096K->480K(150528K)] 171253K->39637K(492032K), 0.0027761 secs] [Times: user=0.01 sys=0.00, real=0.00 secs] 
2019-06-09T08:56:55.418+0300: 56.917: [GC (Allocation Failure) [PSYoungGen: 132064K->544K(153088K)] 171221K->39709K(494592K), 0.0048796 secs] [Times: user=0.03 sys=0.01, real=0.00 secs] 
2019-06-09T08:57:01.155+0300: 62.653: [GC (Allocation Failure) [PSYoungGen: 135712K->951K(152576K)] 174877K->40124K(494080K), 0.1180518 secs] [Times: user=0.02 sys=0.00, real=0.12 secs] 
2019-06-09T08:57:08.311+0300: 69.810: [GC (Allocation Failure) [PSYoungGen: 136119K->576K(155136K)] 175292K->39757K(496640K), 0.0041936 secs] [Times: user=0.02 sys=0.00, real=0.00 secs] 
2019-06-09T08:57:15.692+0300: 77.191: [GC (Allocation Failure) [PSYoungGen: 139328K->576K(154112K)] 178509K->39765K(495616K), 0.0024925 secs] [Times: user=0.01 sys=0.00, real=0.00 secs] 
08:57:24.750 [Curator-PathChildrenCache-0] ERROR o.a.c.f.r.c.PathChildrenCache  - 
java.lang.IllegalStateException: instance must be started before calling this method
	at org.apache.curator.shaded.com.google.common.base.Preconditions.checkState(Preconditions.java:444)
	at org.apache.curator.framework.imps.CuratorFrameworkImpl.getChildren(CuratorFrameworkImpl.java:456)
	at org.apache.curator.framework.recipes.cache.PathChildrenCache.refresh(PathChildrenCache.java:521)
	at org.apache.curator.framework.recipes.cache.RefreshOperation.invoke(RefreshOperation.java:35)
	at org.apache.curator.framework.recipes.cache.PathChildrenCache$9.run(PathChildrenCache.java:786)
	at java.util.concurrent.Executors$RunnableAdapter.call(Executors.java:511)
	at java.util.concurrent.FutureTask.run(FutureTask.java:266)
	at java.util.concurrent.Executors$RunnableAdapter.call(Executors.java:511)
	at java.util.concurrent.FutureTask.run(FutureTask.java:266)
	at java.util.concurrent.ThreadPoolExecutor.runWorker(ThreadPoolExecutor.java:1149)
	at java.util.concurrent.ThreadPoolExecutor$Worker.run(ThreadPoolExecutor.java:624)
	at java.lang.Thread.run(Thread.java:748)
Heap
 PSYoungGen      total 154112K, used 40908K [0x00000000f5980000, 0x0000000100000000, 0x0000000100000000)
  eden space 138752K, 29% used [0x00000000f5980000,0x00000000f80e2fa8,0x00000000fe100000)
  from space 15360K, 3% used [0x00000000fe100000,0x00000000fe190060,0x00000000ff000000)
  to   space 14848K, 0% used [0x00000000ff180000,0x00000000ff180000,0x0000000100000000)
 ParOldGen       total 341504K, used 39189K [0x00000000e0c00000, 0x00000000f5980000, 0x00000000f5980000)
  object space 341504K, 11% used [0x00000000e0c00000,0x00000000e3245468,0x00000000f5980000)
 Metaspace       used 36173K, capacity 37022K, committed 37208K, reserved 1081344K
  class space    used 4977K, capacity 5161K, committed 5248K, reserved 1048576K
