18:15:24,708 |-INFO in ch.qos.logback.classic.LoggerContext[default] - Could NOT find resource [logback-test.xml]
18:15:24,708 |-INFO in ch.qos.logback.classic.LoggerContext[default] - Could NOT find resource [logback.groovy]
18:15:24,709 |-INFO in ch.qos.logback.classic.LoggerContext[default] - Found resource [logback.xml] at [jar:file:/root/flamestream/lib/flamestream-runtime-1.0-SNAPSHOT.jar!/logback.xml]
18:15:24,714 |-WARN in ch.qos.logback.classic.LoggerContext[default] - Resource [logback.xml] occurs multiple times on the classpath.
18:15:24,714 |-WARN in ch.qos.logback.classic.LoggerContext[default] - Resource [logback.xml] occurs at [jar:file:/root/flamestream/lib/flamestream-runtime-1.0-SNAPSHOT.jar!/logback.xml]
18:15:24,714 |-WARN in ch.qos.logback.classic.LoggerContext[default] - Resource [logback.xml] occurs at [jar:file:/root/flamestream/flamestream-runtime-1.0-SNAPSHOT.jar!/logback.xml]
18:15:24,734 |-INFO in ch.qos.logback.core.joran.spi.ConfigurationWatchList@3fb6a447 - URL [jar:file:/root/flamestream/lib/flamestream-runtime-1.0-SNAPSHOT.jar!/logback.xml] is not of type file
18:15:24,807 |-INFO in ch.qos.logback.classic.joran.action.ConfigurationAction - debug attribute not set
18:15:24,808 |-INFO in ch.qos.logback.core.joran.action.AppenderAction - About to instantiate appender of type [ch.qos.logback.core.ConsoleAppender]
18:15:24,824 |-INFO in ch.qos.logback.core.joran.action.AppenderAction - Naming appender as [STDOUT]
18:15:24,842 |-INFO in ch.qos.logback.core.joran.action.NestedComplexPropertyIA - Assuming default type [ch.qos.logback.classic.encoder.PatternLayoutEncoder] for [encoder] property
18:15:24,924 |-INFO in ch.qos.logback.core.joran.action.AppenderAction - About to instantiate appender of type [ch.qos.logback.core.rolling.RollingFileAppender]
18:15:24,933 |-INFO in ch.qos.logback.core.joran.action.AppenderAction - Naming appender as [FILE]
18:15:24,963 |-INFO in c.q.l.core.rolling.TimeBasedRollingPolicy@127618319 - No compression will be used
18:15:24,964 |-INFO in c.q.l.core.rolling.TimeBasedRollingPolicy@127618319 - Will use the pattern /tmp/application_%d{yyyy-MM-dd}.%i.log for the active file
18:15:24,967 |-INFO in ch.qos.logback.core.rolling.SizeAndTimeBasedFNATP@6b2fad11 - The date pattern is 'yyyy-MM-dd' from file name pattern '/tmp/application_%d{yyyy-MM-dd}.%i.log'.
18:15:24,967 |-INFO in ch.qos.logback.core.rolling.SizeAndTimeBasedFNATP@6b2fad11 - Roll-over at midnight.
18:15:24,972 |-INFO in ch.qos.logback.core.rolling.SizeAndTimeBasedFNATP@6b2fad11 - Setting initial period to Tue Jun 11 18:13:43 UTC 2019
18:15:24,972 |-WARN in ch.qos.logback.core.rolling.SizeAndTimeBasedFNATP@6b2fad11 - SizeAndTimeBasedFNATP is deprecated. Use SizeAndTimeBasedRollingPolicy instead
18:15:24,972 |-WARN in ch.qos.logback.core.rolling.SizeAndTimeBasedFNATP@6b2fad11 - For more information see http://logback.qos.ch/manual/appenders.html#SizeAndTimeBasedRollingPolicy
18:15:24,976 |-INFO in ch.qos.logback.core.joran.action.NestedComplexPropertyIA - Assuming default type [ch.qos.logback.classic.encoder.PatternLayoutEncoder] for [encoder] property
18:15:24,981 |-INFO in ch.qos.logback.core.rolling.RollingFileAppender[FILE] - Active log file name: /tmp/application.log
18:15:24,981 |-INFO in ch.qos.logback.core.rolling.RollingFileAppender[FILE] - File property is set to [/tmp/application.log]
18:15:24,982 |-INFO in ch.qos.logback.classic.joran.action.RootLoggerAction - Setting level of ROOT logger to WARN
18:15:24,982 |-INFO in ch.qos.logback.core.joran.action.AppenderRefAction - Attaching appender named [STDOUT] to Logger[ROOT]
18:15:24,984 |-INFO in ch.qos.logback.core.joran.action.AppenderRefAction - Attaching appender named [FILE] to Logger[ROOT]
18:15:24,984 |-INFO in ch.qos.logback.classic.joran.action.ConfigurationAction - End of configuration.
18:15:24,985 |-INFO in ch.qos.logback.classic.joran.JoranConfigurator@79698539 - Registering current configuration as safe fallback point

Ama winner
Ama winner
2019-06-11T18:15:26.559+0000: 2.035: [Full GC (Metadata GC Threshold) 2019-06-11T18:15:26.559+0000: 2.035: [Tenured: 0K->15243K(341376K), 0.0393980 secs] 117750K->15243K(494976K), [Metaspace: 20736K->20736K(1067008K)], 0.0394704 secs] [Times: user=0.04 sys=0.01, real=0.04 secs] 
18:15:38.996 [Curator-PathChildrenCache-2] WARN  o.a.c.u.ZKPaths  - The version of ZooKeeper being used doesn't support Container nodes. CreateMode.PERSISTENT will be used instead.
2019-06-11T18:15:40.673+0000: 16.148: [Full GC (Metadata GC Threshold) 2019-06-11T18:15:40.673+0000: 16.148: [Tenured: 15243K->49806K(341376K), 0.0624304 secs] 149648K->49806K(494976K), [Metaspace: 34357K->34357K(1079296K)], 0.0625084 secs] [Times: user=0.06 sys=0.00, real=0.06 secs] 
2019-06-11T18:15:44.301+0000: 19.777: [GC (Allocation Failure) 2019-06-11T18:15:44.301+0000: 19.777: [DefNew: 136576K->229K(153600K), 0.0069231 secs] 186382K->50035K(494976K), 0.0069825 secs] [Times: user=0.01 sys=0.00, real=0.00 secs] 
2019-06-11T18:15:46.769+0000: 22.244: [GC (Allocation Failure) 2019-06-11T18:15:46.769+0000: 22.244: [DefNew: 136805K->534K(153600K), 0.0024691 secs] 186611K->50340K(494976K), 0.0025390 secs] [Times: user=0.00 sys=0.00, real=0.00 secs] 
2019-06-11T18:15:49.191+0000: 24.667: [GC (Allocation Failure) 2019-06-11T18:15:49.191+0000: 24.667: [DefNew: 137110K->464K(153600K), 0.0023796 secs] 186916K->50270K(494976K), 0.0024356 secs] [Times: user=0.00 sys=0.00, real=0.00 secs] 
2019-06-11T18:15:52.094+0000: 27.570: [GC (Allocation Failure) 2019-06-11T18:15:52.095+0000: 27.570: [DefNew: 137040K->349K(153600K), 0.0022974 secs] 186846K->50155K(494976K), 0.0023703 secs] [Times: user=0.00 sys=0.00, real=0.01 secs] 
2019-06-11T18:15:54.886+0000: 30.361: [GC (Allocation Failure) 2019-06-11T18:15:54.886+0000: 30.361: [DefNew: 136925K->446K(153600K), 0.0023378 secs] 186731K->50252K(494976K), 0.0023902 secs] [Times: user=0.01 sys=0.00, real=0.00 secs] 
2019-06-11T18:15:57.701+0000: 33.178: [GC (Allocation Failure) 2019-06-11T18:15:57.703+0000: 33.178: [DefNew: 137022K->548K(153600K), 0.0024228 secs] 186828K->50354K(494976K), 0.0036432 secs] [Times: user=0.00 sys=0.00, real=0.00 secs] 
2019-06-11T18:16:00.569+0000: 36.044: [GC (Allocation Failure) 2019-06-11T18:16:00.569+0000: 36.044: [DefNew: 137124K->340K(153600K), 0.0023327 secs] 186930K->50147K(494976K), 0.0024257 secs] [Times: user=0.00 sys=0.00, real=0.01 secs] 
2019-06-11T18:16:03.242+0000: 38.717: [GC (Allocation Failure) 2019-06-11T18:16:03.242+0000: 38.717: [DefNew: 136916K->422K(153600K), 0.0023436 secs] 186723K->50228K(494976K), 0.0023992 secs] [Times: user=0.00 sys=0.00, real=0.00 secs] 
2019-06-11T18:16:05.977+0000: 41.452: [GC (Allocation Failure) 2019-06-11T18:16:05.977+0000: 41.452: [DefNew: 136998K->465K(153600K), 0.0022283 secs] 186804K->50271K(494976K), 0.0022842 secs] [Times: user=0.00 sys=0.00, real=0.00 secs] 
2019-06-11T18:16:08.770+0000: 44.245: [GC (Allocation Failure) 2019-06-11T18:16:08.770+0000: 44.245: [DefNew: 137041K->358K(153600K), 0.0022203 secs] 186847K->50164K(494976K), 0.0022892 secs] [Times: user=0.00 sys=0.00, real=0.00 secs] 
2019-06-11T18:16:11.425+0000: 46.900: [GC (Allocation Failure) 2019-06-11T18:16:11.425+0000: 46.900: [DefNew: 136934K->538K(153600K), 0.0023901 secs] 186740K->50344K(494976K), 0.0024461 secs] [Times: user=0.00 sys=0.00, real=0.00 secs] 
2019-06-11T18:16:14.101+0000: 49.576: [GC (Allocation Failure) 2019-06-11T18:16:14.101+0000: 49.576: [DefNew: 137114K->359K(153600K), 0.0021777 secs] 186920K->50165K(494976K), 0.0022382 secs] [Times: user=0.00 sys=0.00, real=0.00 secs] 
2019-06-11T18:16:16.803+0000: 52.279: [GC (Allocation Failure) 2019-06-11T18:16:16.803+0000: 52.279: [DefNew: 136935K->395K(153600K), 0.0022597 secs] 186741K->50201K(494976K), 0.0023193 secs] [Times: user=0.01 sys=0.00, real=0.00 secs] 
2019-06-11T18:16:19.605+0000: 55.081: [GC (Allocation Failure) 2019-06-11T18:16:19.606+0000: 55.081: [DefNew: 136971K->451K(153600K), 0.0022908 secs] 186777K->50258K(494976K), 0.0023485 secs] [Times: user=0.00 sys=0.00, real=0.00 secs] 
2019-06-11T18:16:22.333+0000: 57.808: [GC (Allocation Failure) 2019-06-11T18:16:22.333+0000: 57.808: [DefNew: 137027K->486K(153600K), 0.0025193 secs] 186834K->50292K(494976K), 0.0025932 secs] [Times: user=0.00 sys=0.00, real=0.00 secs] 
2019-06-11T18:16:25.027+0000: 60.503: [GC (Allocation Failure) 2019-06-11T18:16:25.027+0000: 60.503: [DefNew: 137062K->418K(153600K), 0.0026474 secs] 186868K->50385K(494976K), 0.0026997 secs] [Times: user=0.00 sys=0.00, real=0.01 secs] 
2019-06-11T18:16:27.911+0000: 63.387: [GC (Allocation Failure) 2019-06-11T18:16:27.912+0000: 63.387: [DefNew: 136994K->539K(153600K), 0.0024716 secs] 186961K->50545K(494976K), 0.0033572 secs] [Times: user=0.00 sys=0.00, real=0.00 secs] 
2019-06-11T18:16:30.777+0000: 66.252: [GC (Allocation Failure) 2019-06-11T18:16:30.777+0000: 66.252: [DefNew: 137115K->287K(153600K), 0.0021532 secs] 187121K->50307K(494976K), 0.0022162 secs] [Times: user=0.00 sys=0.00, real=0.00 secs] 
2019-06-11T18:16:33.737+0000: 69.213: [GC (Allocation Failure) 2019-06-11T18:16:33.737+0000: 69.213: [DefNew: 136863K->298K(153600K), 0.0021624 secs] 186883K->50318K(494976K), 0.0022344 secs] [Times: user=0.00 sys=0.00, real=0.00 secs] 
2019-06-11T18:16:36.536+0000: 72.011: [GC (Allocation Failure) 2019-06-11T18:16:36.536+0000: 72.011: [DefNew: 136874K->378K(153600K), 0.0023331 secs] 186894K->50400K(494976K), 0.0023948 secs] [Times: user=0.00 sys=0.00, real=0.01 secs] 
2019-06-11T18:16:39.488+0000: 74.963: [GC (Allocation Failure) 2019-06-11T18:16:39.488+0000: 74.963: [DefNew: 136954K->437K(153600K), 0.0023393 secs] 186976K->50460K(494976K), 0.0023965 secs] [Times: user=0.00 sys=0.00, real=0.01 secs] 
2019-06-11T18:16:42.399+0000: 77.874: [GC (Allocation Failure) 2019-06-11T18:16:42.399+0000: 77.874: [DefNew: 137013K->427K(153600K), 0.0023343 secs] 187036K->50450K(494976K), 0.0024028 secs] [Times: user=0.00 sys=0.00, real=0.00 secs] 
2019-06-11T18:16:45.292+0000: 80.768: [GC (Allocation Failure) 2019-06-11T18:16:45.292+0000: 80.768: [DefNew: 137003K->471K(153600K), 0.0022804 secs] 187026K->50494K(494976K), 0.0023605 secs] [Times: user=0.01 sys=0.00, real=0.00 secs] 
2019-06-11T18:16:48.174+0000: 83.649: [GC (Allocation Failure) 2019-06-11T18:16:48.174+0000: 83.649: [DefNew: 137047K->441K(153600K), 0.0022427 secs] 187070K->50499K(494976K), 0.0022998 secs] [Times: user=0.01 sys=0.00, real=0.00 secs] 
2019-06-11T18:16:51.107+0000: 86.582: [GC (Allocation Failure) 2019-06-11T18:16:51.107+0000: 86.582: [DefNew: 137017K->345K(153600K), 0.0021340 secs] 187075K->50405K(494976K), 0.0021937 secs] [Times: user=0.00 sys=0.00, real=0.01 secs] 
18:16:59.550 [Curator-PathChildrenCache-0] ERROR o.a.c.f.r.c.PathChildrenCache  - 
java.lang.IllegalStateException: instance must be started before calling this method
	at org.apache.curator.shaded.com.google.common.base.Preconditions.checkState(Preconditions.java:444)
	at org.apache.curator.framework.imps.CuratorFrameworkImpl.getChildren(CuratorFrameworkImpl.java:456)
	at org.apache.curator.framework.recipes.cache.PathChildrenCache.refresh(PathChildrenCache.java:521)
	at org.apache.curator.framework.recipes.cache.RefreshOperation.invoke(RefreshOperation.java:35)
	at org.apache.curator.framework.recipes.cache.PathChildrenCache$9.run(PathChildrenCache.java:786)
	at java.util.concurrent.Executors$RunnableAdapter.call(Executors.java:511)
	at java.util.concurrent.FutureTask.run(FutureTask.java:266)
	at java.util.concurrent.Executors$RunnableAdapter.call(Executors.java:511)
	at java.util.concurrent.FutureTask.run(FutureTask.java:266)
	at java.util.concurrent.ThreadPoolExecutor.runWorker(ThreadPoolExecutor.java:1149)
	at java.util.concurrent.ThreadPoolExecutor$Worker.run(ThreadPoolExecutor.java:624)
	at java.lang.Thread.run(Thread.java:748)
Heap
 def new generation   total 153600K, used 99259K [0x00000000e0c00000, 0x00000000eb2a0000, 0x00000000eb2a0000)
  eden space 136576K,  72% used [0x00000000e0c00000, 0x00000000e6c98890, 0x00000000e9160000)
  from space 17024K,   2% used [0x00000000ea200000, 0x00000000ea2565a0, 0x00000000eb2a0000)
  to   space 17024K,   0% used [0x00000000e9160000, 0x00000000e9160000, 0x00000000ea200000)
 tenured generation   total 341376K, used 50060K [0x00000000eb2a0000, 0x0000000100000000, 0x0000000100000000)
   the space 341376K,  14% used [0x00000000eb2a0000, 0x00000000ee383200, 0x00000000ee383200, 0x0000000100000000)
 Metaspace       used 36188K, capacity 37228K, committed 37504K, reserved 1081344K
  class space    used 4911K, capacity 5132K, committed 5248K, reserved 1048576K
