08:34:01,281 |-INFO in ch.qos.logback.classic.LoggerContext[default] - Could NOT find resource [logback-test.xml]
08:34:01,281 |-INFO in ch.qos.logback.classic.LoggerContext[default] - Could NOT find resource [logback.groovy]
08:34:01,281 |-INFO in ch.qos.logback.classic.LoggerContext[default] - Found resource [logback.xml] at [jar:file:/root/flamestream/lib/flamestream-runtime-1.0-SNAPSHOT.jar!/logback.xml]
08:34:01,282 |-WARN in ch.qos.logback.classic.LoggerContext[default] - Resource [logback.xml] occurs multiple times on the classpath.
08:34:01,282 |-WARN in ch.qos.logback.classic.LoggerContext[default] - Resource [logback.xml] occurs at [jar:file:/root/flamestream/lib/flamestream-runtime-1.0-SNAPSHOT.jar!/logback.xml]
08:34:01,282 |-WARN in ch.qos.logback.classic.LoggerContext[default] - Resource [logback.xml] occurs at [jar:file:/root/flamestream/flamestream-runtime-1.0-SNAPSHOT.jar!/logback.xml]
08:34:01,302 |-INFO in ch.qos.logback.core.joran.spi.ConfigurationWatchList@3fb6a447 - URL [jar:file:/root/flamestream/lib/flamestream-runtime-1.0-SNAPSHOT.jar!/logback.xml] is not of type file
08:34:01,374 |-INFO in ch.qos.logback.classic.joran.action.ConfigurationAction - debug attribute not set
08:34:01,374 |-INFO in ch.qos.logback.core.joran.action.AppenderAction - About to instantiate appender of type [ch.qos.logback.core.ConsoleAppender]
08:34:01,397 |-INFO in ch.qos.logback.core.joran.action.AppenderAction - Naming appender as [STDOUT]
08:34:01,409 |-INFO in ch.qos.logback.core.joran.action.NestedComplexPropertyIA - Assuming default type [ch.qos.logback.classic.encoder.PatternLayoutEncoder] for [encoder] property
08:34:01,492 |-INFO in ch.qos.logback.core.joran.action.AppenderAction - About to instantiate appender of type [ch.qos.logback.core.rolling.RollingFileAppender]
08:34:01,501 |-INFO in ch.qos.logback.core.joran.action.AppenderAction - Naming appender as [FILE]
08:34:01,533 |-INFO in c.q.l.core.rolling.TimeBasedRollingPolicy@127618319 - No compression will be used
08:34:01,535 |-INFO in c.q.l.core.rolling.TimeBasedRollingPolicy@127618319 - Will use the pattern /tmp/application_%d{yyyy-MM-dd}.%i.log for the active file
08:34:01,538 |-INFO in ch.qos.logback.core.rolling.SizeAndTimeBasedFNATP@6b2fad11 - The date pattern is 'yyyy-MM-dd' from file name pattern '/tmp/application_%d{yyyy-MM-dd}.%i.log'.
08:34:01,538 |-INFO in ch.qos.logback.core.rolling.SizeAndTimeBasedFNATP@6b2fad11 - Roll-over at midnight.
08:34:01,543 |-INFO in ch.qos.logback.core.rolling.SizeAndTimeBasedFNATP@6b2fad11 - Setting initial period to Tue Jun 11 08:32:44 UTC 2019
08:34:01,543 |-WARN in ch.qos.logback.core.rolling.SizeAndTimeBasedFNATP@6b2fad11 - SizeAndTimeBasedFNATP is deprecated. Use SizeAndTimeBasedRollingPolicy instead
08:34:01,543 |-WARN in ch.qos.logback.core.rolling.SizeAndTimeBasedFNATP@6b2fad11 - For more information see http://logback.qos.ch/manual/appenders.html#SizeAndTimeBasedRollingPolicy
08:34:01,548 |-INFO in ch.qos.logback.core.joran.action.NestedComplexPropertyIA - Assuming default type [ch.qos.logback.classic.encoder.PatternLayoutEncoder] for [encoder] property
08:34:01,552 |-INFO in ch.qos.logback.core.rolling.RollingFileAppender[FILE] - Active log file name: /tmp/application.log
08:34:01,552 |-INFO in ch.qos.logback.core.rolling.RollingFileAppender[FILE] - File property is set to [/tmp/application.log]
08:34:01,553 |-INFO in ch.qos.logback.classic.joran.action.RootLoggerAction - Setting level of ROOT logger to WARN
08:34:01,553 |-INFO in ch.qos.logback.core.joran.action.AppenderRefAction - Attaching appender named [STDOUT] to Logger[ROOT]
08:34:01,555 |-INFO in ch.qos.logback.core.joran.action.AppenderRefAction - Attaching appender named [FILE] to Logger[ROOT]
08:34:01,555 |-INFO in ch.qos.logback.classic.joran.action.ConfigurationAction - End of configuration.
08:34:01,556 |-INFO in ch.qos.logback.classic.joran.JoranConfigurator@79698539 - Registering current configuration as safe fallback point

Ama winner
Ama winner
2019-06-11T08:34:02.870+0000: 1.780: [Full GC (Metadata GC Threshold) 2019-06-11T08:34:02.870+0000: 1.780: [Tenured: 0K->15241K(341376K), 0.0399446 secs] 117750K->15241K(494976K), [Metaspace: 20737K->20737K(1067008K)], 0.0400317 secs] [Times: user=0.03 sys=0.01, real=0.04 secs] 
08:34:16.554 [Curator-PathChildrenCache-2] WARN  o.a.c.u.ZKPaths  - The version of ZooKeeper being used doesn't support Container nodes. CreateMode.PERSISTENT will be used instead.
2019-06-11T08:34:19.892+0000: 18.802: [GC (Allocation Failure) 2019-06-11T08:34:19.892+0000: 18.802: [DefNew: 136576K->17023K(153600K), 0.0287678 secs] 151817K->52501K(494976K), 0.0288337 secs] [Times: user=0.01 sys=0.02, real=0.03 secs] 
2019-06-11T08:34:22.230+0000: 21.140: [Full GC (Metadata GC Threshold) 2019-06-11T08:34:22.230+0000: 21.140: [Tenured: 35477K->44111K(341376K), 0.0589861 secs] 142972K->44111K(494976K), [Metaspace: 34616K->34616K(1079296K)], 0.0590624 secs] [Times: user=0.06 sys=0.00, real=0.06 secs] 
2019-06-11T08:34:24.536+0000: 23.445: [GC (Allocation Failure) 2019-06-11T08:34:24.536+0000: 23.445: [DefNew: 136576K->1397K(153600K), 0.0058359 secs] 180687K->45509K(494976K), 0.0058956 secs] [Times: user=0.00 sys=0.00, real=0.01 secs] 
2019-06-11T08:34:27.074+0000: 25.984: [GC (Allocation Failure) 2019-06-11T08:34:27.074+0000: 25.984: [DefNew: 137973K->1959K(153600K), 0.0064965 secs] 182085K->46070K(494976K), 0.0065506 secs] [Times: user=0.01 sys=0.00, real=0.01 secs] 
2019-06-11T08:34:31.156+0000: 30.066: [GC (Allocation Failure) 2019-06-11T08:34:31.156+0000: 30.066: [DefNew: 138535K->432K(153600K), 0.0023702 secs] 182646K->44544K(494976K), 0.0024268 secs] [Times: user=0.00 sys=0.00, real=0.01 secs] 
2019-06-11T08:34:36.195+0000: 35.104: [GC (Allocation Failure) 2019-06-11T08:34:36.195+0000: 35.105: [DefNew: 137008K->520K(153600K), 0.0026030 secs] 181120K->44632K(494976K), 0.0026683 secs] [Times: user=0.00 sys=0.00, real=0.01 secs] 
2019-06-11T08:34:40.260+0000: 39.169: [GC (Allocation Failure) 2019-06-11T08:34:40.260+0000: 39.169: [DefNew: 137096K->565K(153600K), 0.0028173 secs] 181208K->44676K(494976K), 0.0028755 secs] [Times: user=0.00 sys=0.00, real=0.00 secs] 
2019-06-11T08:34:44.067+0000: 42.977: [GC (Allocation Failure) 2019-06-11T08:34:44.068+0000: 42.977: [DefNew: 137141K->651K(153600K), 0.0030269 secs] 181252K->44763K(494976K), 0.0030862 secs] [Times: user=0.00 sys=0.00, real=0.01 secs] 
2019-06-11T08:34:47.567+0000: 46.477: [GC (Allocation Failure) 2019-06-11T08:34:47.567+0000: 46.477: [DefNew: 137227K->637K(153600K), 0.0027242 secs] 181339K->44748K(494976K), 0.0027826 secs] [Times: user=0.00 sys=0.00, real=0.01 secs] 
2019-06-11T08:34:52.050+0000: 50.960: [GC (Allocation Failure) 2019-06-11T08:34:52.050+0000: 50.960: [DefNew: 137213K->607K(153600K), 0.0027500 secs] 181324K->44718K(494976K), 0.0028095 secs] [Times: user=0.00 sys=0.00, real=0.00 secs] 
2019-06-11T08:34:55.158+0000: 54.068: [GC (Allocation Failure) 2019-06-11T08:34:55.158+0000: 54.068: [DefNew: 137183K->743K(153600K), 0.0191867 secs] 181294K->44854K(494976K), 0.0192591 secs] [Times: user=0.02 sys=0.00, real=0.02 secs] 
2019-06-11T08:35:00.218+0000: 59.128: [GC (Allocation Failure) 2019-06-11T08:35:00.218+0000: 59.128: [DefNew: 137319K->1252K(153600K), 0.0202916 secs] 181430K->45363K(494976K), 0.0203573 secs] [Times: user=0.01 sys=0.00, real=0.02 secs] 
2019-06-11T08:35:04.434+0000: 63.344: [GC (Allocation Failure) 2019-06-11T08:35:04.434+0000: 63.344: [DefNew: 137828K->3536K(153600K), 0.0577225 secs] 181939K->47647K(494976K), 0.0578008 secs] [Times: user=0.05 sys=0.00, real=0.06 secs] 
2019-06-11T08:35:09.825+0000: 68.735: [GC (Allocation Failure) 2019-06-11T08:35:09.825+0000: 68.735: [DefNew: 140112K->5607K(153600K), 0.0119766 secs] 184223K->49719K(494976K), 0.0120592 secs] [Times: user=0.02 sys=0.00, real=0.02 secs] 
2019-06-11T08:35:11.126+0000: 70.036: [GC (Allocation Failure) 2019-06-11T08:35:11.126+0000: 70.036: [DefNew: 142183K->5458K(153600K), 0.0109343 secs] 186295K->49570K(494976K), 0.0110257 secs] [Times: user=0.01 sys=0.00, real=0.02 secs] 
2019-06-11T08:35:14.371+0000: 73.280: [GC (Allocation Failure) 2019-06-11T08:35:14.371+0000: 73.280: [DefNew: 142034K->4217K(153600K), 0.0049452 secs] 186146K->48328K(494976K), 0.0050215 secs] [Times: user=0.00 sys=0.00, real=0.00 secs] 
2019-06-11T08:35:18.969+0000: 77.878: [GC (Allocation Failure) 2019-06-11T08:35:18.969+0000: 77.878: [DefNew: 140793K->4272K(153600K), 0.0049572 secs] 184904K->48383K(494976K), 0.0050258 secs] [Times: user=0.01 sys=0.00, real=0.00 secs] 
2019-06-11T08:35:22.644+0000: 81.553: [GC (Allocation Failure) 2019-06-11T08:35:22.644+0000: 81.553: [DefNew: 140848K->4231K(153600K), 0.0046445 secs] 184959K->48463K(494976K), 0.0047160 secs] [Times: user=0.00 sys=0.00, real=0.01 secs] 
2019-06-11T08:35:25.915+0000: 84.824: [GC (Allocation Failure) 2019-06-11T08:35:25.915+0000: 84.824: [DefNew: 140807K->4225K(153600K), 0.0046758 secs] 185039K->48498K(494976K), 0.0047468 secs] [Times: user=0.00 sys=0.00, real=0.01 secs] 
2019-06-11T08:35:30.479+0000: 89.389: [GC (Allocation Failure) 2019-06-11T08:35:30.479+0000: 89.389: [DefNew: 140801K->4238K(153600K), 0.0048633 secs] 185074K->48552K(494976K), 0.0049394 secs] [Times: user=0.01 sys=0.00, real=0.00 secs] 
2019-06-11T08:35:34.827+0000: 93.737: [GC (Allocation Failure) 2019-06-11T08:35:34.827+0000: 93.737: [DefNew: 140814K->4438K(153600K), 0.0050619 secs] 185128K->48795K(494976K), 0.0051312 secs] [Times: user=0.01 sys=0.00, real=0.01 secs] 
2019-06-11T08:35:38.855+0000: 97.765: [GC (Allocation Failure) 2019-06-11T08:35:38.855+0000: 97.765: [DefNew: 141014K->4331K(153600K), 0.0047769 secs] 185371K->48725K(494976K), 0.0048428 secs] [Times: user=0.01 sys=0.00, real=0.01 secs] 
2019-06-11T08:35:42.970+0000: 101.879: [GC (Allocation Failure) 2019-06-11T08:35:42.970+0000: 101.879: [DefNew: 140907K->4329K(153600K), 0.0055614 secs] 185301K->48765K(494976K), 0.0056407 secs] [Times: user=0.00 sys=0.00, real=0.00 secs] 
2019-06-11T08:35:46.820+0000: 105.730: [GC (Allocation Failure) 2019-06-11T08:35:46.820+0000: 105.730: [DefNew: 140905K->4301K(153600K), 0.0045451 secs] 185341K->48769K(494976K), 0.0046176 secs] [Times: user=0.00 sys=0.00, real=0.00 secs] 
2019-06-11T08:35:51.346+0000: 110.255: [GC (Allocation Failure) 2019-06-11T08:35:51.346+0000: 110.255: [DefNew: 140877K->4330K(153600K), 0.0048921 secs] 185345K->48837K(494976K), 0.0049627 secs] [Times: user=0.01 sys=0.00, real=0.01 secs] 
2019-06-11T08:35:54.606+0000: 113.515: [GC (Allocation Failure) 2019-06-11T08:35:54.606+0000: 113.515: [DefNew: 140906K->4332K(153600K), 0.0051892 secs] 185413K->48873K(494976K), 0.0052636 secs] [Times: user=0.01 sys=0.00, real=0.01 secs] 
2019-06-11T08:35:59.537+0000: 118.447: [GC (Allocation Failure) 2019-06-11T08:35:59.538+0000: 118.447: [DefNew: 140908K->4684K(153600K), 0.0050253 secs] 185449K->49265K(494976K), 0.0050966 secs] [Times: user=0.00 sys=0.00, real=0.00 secs] 
2019-06-11T08:36:03.611+0000: 122.520: [GC (Allocation Failure) 2019-06-11T08:36:03.611+0000: 122.520: [DefNew: 141260K->4355K(153600K), 0.0047363 secs] 185841K->48994K(494976K), 0.0048064 secs] [Times: user=0.00 sys=0.00, real=0.00 secs] 
2019-06-11T08:36:07.647+0000: 126.556: [GC (Allocation Failure) 2019-06-11T08:36:07.647+0000: 126.556: [DefNew: 140931K->4317K(153600K), 0.0047355 secs] 185570K->49070K(494976K), 0.0048116 secs] [Times: user=0.00 sys=0.00, real=0.01 secs] 
2019-06-11T08:36:11.718+0000: 130.627: [GC (Allocation Failure) 2019-06-11T08:36:11.718+0000: 130.627: [DefNew: 140893K->1020K(153600K), 0.0051095 secs] 185646K->49137K(494976K), 0.0051835 secs] [Times: user=0.01 sys=0.00, real=0.00 secs] 
2019-06-11T08:36:16.374+0000: 135.283: [GC (Allocation Failure) 2019-06-11T08:36:16.374+0000: 135.283: [DefNew: 137596K->1295K(153600K), 0.0035398 secs] 185713K->49502K(494976K), 0.0036343 secs] [Times: user=0.00 sys=0.00, real=0.01 secs] 
2019-06-11T08:36:20.829+0000: 139.738: [GC (Allocation Failure) 2019-06-11T08:36:20.829+0000: 139.738: [DefNew: 137871K->1222K(153600K), 0.0035156 secs] 186078K->49499K(494976K), 0.0035879 secs] [Times: user=0.01 sys=0.00, real=0.00 secs] 
2019-06-11T08:36:25.034+0000: 143.944: [GC (Allocation Failure) 2019-06-11T08:36:25.034+0000: 143.944: [DefNew: 137798K->929K(153600K), 0.0030005 secs] 186075K->49261K(494976K), 0.0030855 secs] [Times: user=0.01 sys=0.00, real=0.01 secs] 
2019-06-11T08:36:29.103+0000: 148.012: [GC (Allocation Failure) 2019-06-11T08:36:29.103+0000: 148.012: [DefNew: 137505K->914K(153600K), 0.0032033 secs] 185837K->49304K(494976K), 0.0032752 secs] [Times: user=0.00 sys=0.00, real=0.00 secs] 
2019-06-11T08:36:33.609+0000: 152.518: [GC (Allocation Failure) 2019-06-11T08:36:33.609+0000: 152.518: [DefNew: 137490K->909K(153600K), 0.0030247 secs] 185880K->49353K(494976K), 0.0030936 secs] [Times: user=0.01 sys=0.00, real=0.00 secs] 
2019-06-11T08:36:38.148+0000: 157.057: [GC (Allocation Failure) 2019-06-11T08:36:38.148+0000: 157.057: [DefNew: 137485K->992K(153600K), 0.0031398 secs] 185929K->49487K(494976K), 0.0032047 secs] [Times: user=0.00 sys=0.00, real=0.01 secs] 
2019-06-11T08:58:49.310+0000: 1488.219: [GC (Allocation Failure) 2019-06-11T08:58:49.310+0000: 1488.219: [DefNew: 137568K->1099K(153600K), 0.0036325 secs] 186063K->49650K(494976K), 0.0037085 secs] [Times: user=0.00 sys=0.00, real=0.00 secs] 
09:34:25.781 [Curator-PathChildrenCache-0] ERROR o.a.c.f.r.c.PathChildrenCache  - 
java.lang.IllegalStateException: instance must be started before calling this method
	at org.apache.curator.shaded.com.google.common.base.Preconditions.checkState(Preconditions.java:444)
	at org.apache.curator.framework.imps.CuratorFrameworkImpl.getChildren(CuratorFrameworkImpl.java:456)
	at org.apache.curator.framework.recipes.cache.PathChildrenCache.refresh(PathChildrenCache.java:521)
	at org.apache.curator.framework.recipes.cache.RefreshOperation.invoke(RefreshOperation.java:35)
	at org.apache.curator.framework.recipes.cache.PathChildrenCache$9.run(PathChildrenCache.java:786)
	at java.util.concurrent.Executors$RunnableAdapter.call(Executors.java:511)
	at java.util.concurrent.FutureTask.run(FutureTask.java:266)
	at java.util.concurrent.Executors$RunnableAdapter.call(Executors.java:511)
	at java.util.concurrent.FutureTask.run(FutureTask.java:266)
	at java.util.concurrent.ThreadPoolExecutor.runWorker(ThreadPoolExecutor.java:1149)
	at java.util.concurrent.ThreadPoolExecutor$Worker.run(ThreadPoolExecutor.java:624)
	at java.lang.Thread.run(Thread.java:748)
Heap
 def new generation   total 153600K, used 91789K [0x00000000e0c00000, 0x00000000eb2a0000, 0x00000000eb2a0000)
  eden space 136576K,  66% used [0x00000000e0c00000, 0x00000000e64908d0, 0x00000000e9160000)
  from space 17024K,   6% used [0x00000000e9160000, 0x00000000e9272e20, 0x00000000ea200000)
  to   space 17024K,   0% used [0x00000000ea200000, 0x00000000ea200000, 0x00000000eb2a0000)
 tenured generation   total 341376K, used 48551K [0x00000000eb2a0000, 0x0000000100000000, 0x0000000100000000)
   the space 341376K,  14% used [0x00000000eb2a0000, 0x00000000ee209d50, 0x00000000ee209e00, 0x0000000100000000)
 Metaspace       used 36570K, capacity 37490K, committed 37632K, reserved 1081344K
  class space    used 4882K, capacity 5083K, committed 5120K, reserved 1048576K
