23:12:55,610 |-INFO in ch.qos.logback.classic.LoggerContext[default] - Could NOT find resource [logback-test.xml]
23:12:55,610 |-INFO in ch.qos.logback.classic.LoggerContext[default] - Could NOT find resource [logback.groovy]
23:12:55,611 |-INFO in ch.qos.logback.classic.LoggerContext[default] - Found resource [logback.xml] at [jar:file:/home/nikitasokolov/flamestream/lib/flamestream-runtime-1.0-SNAPSHOT.jar!/logback.xml]
23:12:55,611 |-WARN in ch.qos.logback.classic.LoggerContext[default] - Resource [logback.xml] occurs multiple times on the classpath.
23:12:55,611 |-WARN in ch.qos.logback.classic.LoggerContext[default] - Resource [logback.xml] occurs at [jar:file:/home/nikitasokolov/flamestream/lib/flamestream-runtime-1.0-SNAPSHOT.jar!/logback.xml]
23:12:55,611 |-WARN in ch.qos.logback.classic.LoggerContext[default] - Resource [logback.xml] occurs at [jar:file:/home/nikitasokolov/flamestream/flamestream-runtime-1.0-SNAPSHOT.jar!/logback.xml]
23:12:55,627 |-INFO in ch.qos.logback.core.joran.spi.ConfigurationWatchList@6bf256fa - URL [jar:file:/home/nikitasokolov/flamestream/lib/flamestream-runtime-1.0-SNAPSHOT.jar!/logback.xml] is not of type file
23:12:55,678 |-INFO in ch.qos.logback.classic.joran.action.ConfigurationAction - debug attribute not set
23:12:55,679 |-INFO in ch.qos.logback.core.joran.action.AppenderAction - About to instantiate appender of type [ch.qos.logback.core.ConsoleAppender]
23:12:55,686 |-INFO in ch.qos.logback.core.joran.action.AppenderAction - Naming appender as [STDOUT]
23:12:55,694 |-INFO in ch.qos.logback.core.joran.action.NestedComplexPropertyIA - Assuming default type [ch.qos.logback.classic.encoder.PatternLayoutEncoder] for [encoder] property
23:12:55,749 |-INFO in ch.qos.logback.core.joran.action.AppenderAction - About to instantiate appender of type [ch.qos.logback.core.rolling.RollingFileAppender]
23:12:55,754 |-INFO in ch.qos.logback.core.joran.action.AppenderAction - Naming appender as [FILE]
23:12:55,776 |-INFO in c.q.l.core.rolling.TimeBasedRollingPolicy@114132791 - No compression will be used
23:12:55,777 |-INFO in c.q.l.core.rolling.TimeBasedRollingPolicy@114132791 - Will use the pattern /tmp/application_%d{yyyy-MM-dd}.%i.log for the active file
23:12:55,780 |-INFO in ch.qos.logback.core.rolling.SizeAndTimeBasedFNATP@22f71333 - The date pattern is 'yyyy-MM-dd' from file name pattern '/tmp/application_%d{yyyy-MM-dd}.%i.log'.
23:12:55,780 |-INFO in ch.qos.logback.core.rolling.SizeAndTimeBasedFNATP@22f71333 - Roll-over at midnight.
23:12:55,784 |-INFO in ch.qos.logback.core.rolling.SizeAndTimeBasedFNATP@22f71333 - Setting initial period to Thu Jun 06 22:00:24 MSK 2019
23:12:55,784 |-WARN in ch.qos.logback.core.rolling.SizeAndTimeBasedFNATP@22f71333 - SizeAndTimeBasedFNATP is deprecated. Use SizeAndTimeBasedRollingPolicy instead
23:12:55,784 |-WARN in ch.qos.logback.core.rolling.SizeAndTimeBasedFNATP@22f71333 - For more information see http://logback.qos.ch/manual/appenders.html#SizeAndTimeBasedRollingPolicy
23:12:55,787 |-INFO in ch.qos.logback.core.joran.action.NestedComplexPropertyIA - Assuming default type [ch.qos.logback.classic.encoder.PatternLayoutEncoder] for [encoder] property
23:12:55,790 |-INFO in ch.qos.logback.core.rolling.RollingFileAppender[FILE] - Active log file name: /tmp/application.log
23:12:55,790 |-INFO in ch.qos.logback.core.rolling.RollingFileAppender[FILE] - File property is set to [/tmp/application.log]
23:12:55,791 |-ERROR in ch.qos.logback.core.rolling.RollingFileAppender[FILE] - openFile(/tmp/application.log,true) call failed. java.io.FileNotFoundException: /tmp/application.log (Permission denied)
	at java.io.FileNotFoundException: /tmp/application.log (Permission denied)
	at 	at java.io.FileOutputStream.open0(Native Method)
	at 	at java.io.FileOutputStream.open(FileOutputStream.java:270)
	at 	at java.io.FileOutputStream.<init>(FileOutputStream.java:213)
	at 	at ch.qos.logback.core.recovery.ResilientFileOutputStream.<init>(ResilientFileOutputStream.java:26)
	at 	at ch.qos.logback.core.FileAppender.openFile(FileAppender.java:204)
	at 	at ch.qos.logback.core.FileAppender.start(FileAppender.java:127)
	at 	at ch.qos.logback.core.rolling.RollingFileAppender.start(RollingFileAppender.java:100)
	at 	at ch.qos.logback.core.joran.action.AppenderAction.end(AppenderAction.java:90)
	at 	at ch.qos.logback.core.joran.spi.Interpreter.callEndAction(Interpreter.java:309)
	at 	at ch.qos.logback.core.joran.spi.Interpreter.endElement(Interpreter.java:193)
	at 	at ch.qos.logback.core.joran.spi.Interpreter.endElement(Interpreter.java:179)
	at 	at ch.qos.logback.core.joran.spi.EventPlayer.play(EventPlayer.java:62)
	at 	at ch.qos.logback.core.joran.GenericConfigurator.doConfigure(GenericConfigurator.java:165)
	at 	at ch.qos.logback.core.joran.GenericConfigurator.doConfigure(GenericConfigurator.java:152)
	at 	at ch.qos.logback.core.joran.GenericConfigurator.doConfigure(GenericConfigurator.java:110)
	at 	at ch.qos.logback.core.joran.GenericConfigurator.doConfigure(GenericConfigurator.java:53)
	at 	at ch.qos.logback.classic.util.ContextInitializer.configureByResource(ContextInitializer.java:75)
	at 	at ch.qos.logback.classic.util.ContextInitializer.autoConfig(ContextInitializer.java:150)
	at 	at org.slf4j.impl.StaticLoggerBinder.init(StaticLoggerBinder.java:84)
	at 	at org.slf4j.impl.StaticLoggerBinder.<clinit>(StaticLoggerBinder.java:55)
	at 	at org.slf4j.LoggerFactory.bind(LoggerFactory.java:150)
	at 	at org.slf4j.LoggerFactory.performInitialization(LoggerFactory.java:124)
	at 	at org.slf4j.LoggerFactory.getILoggerFactory(LoggerFactory.java:412)
	at 	at org.slf4j.LoggerFactory.getLogger(LoggerFactory.java:357)
	at 	at org.slf4j.LoggerFactory.getLogger(LoggerFactory.java:383)
	at 	at com.spbsu.flamestream.runtime.WorkerApplication.<init>(WorkerApplication.java:26)
	at 	at com.spbsu.flamestream.runtime.WorkerApplication.main(WorkerApplication.java:68)
23:12:55,791 |-INFO in ch.qos.logback.classic.joran.action.RootLoggerAction - Setting level of ROOT logger to WARN
23:12:55,791 |-INFO in ch.qos.logback.core.joran.action.AppenderRefAction - Attaching appender named [STDOUT] to Logger[ROOT]
23:12:55,792 |-INFO in ch.qos.logback.core.joran.action.AppenderRefAction - Attaching appender named [FILE] to Logger[ROOT]
23:12:55,792 |-INFO in ch.qos.logback.classic.joran.action.ConfigurationAction - End of configuration.
23:12:55,792 |-INFO in ch.qos.logback.classic.joran.JoranConfigurator@3498ed - Registering current configuration as safe fallback point

2019-06-08T23:12:56.797+0300: 1.388: [GC (Metadata GC Threshold) [PSYoungGen: 97865K->15969K(149504K)] 97865K->16049K(491008K), 0.0211974 secs] [Times: user=0.11 sys=0.01, real=0.02 secs] 
2019-06-08T23:12:56.819+0300: 1.409: [Full GC (Metadata GC Threshold) [PSYoungGen: 15969K->0K(149504K)] [ParOldGen: 80K->15081K(341504K)] 16049K->15081K(491008K), [Metaspace: 20803K->20803K(1067008K)], 0.0266835 secs] [Times: user=0.17 sys=0.01, real=0.03 secs] 
23:13:08.166 [Curator-PathChildrenCache-1] WARN  o.a.c.u.ZKPaths  - The version of ZooKeeper being used doesn't support Container nodes. CreateMode.PERSISTENT will be used instead.
2019-06-08T23:13:08.727+0300: 13.317: [GC (Allocation Failure) [PSYoungGen: 128512K->15934K(149504K)] 143593K->50554K(491008K), 0.0270071 secs] [Times: user=0.21 sys=0.02, real=0.03 secs] 
2019-06-08T23:13:09.059+0300: 13.649: [GC (Metadata GC Threshold) [PSYoungGen: 28568K->5681K(149504K)] 63188K->40309K(491008K), 0.0051695 secs] [Times: user=0.05 sys=0.00, real=0.01 secs] 
2019-06-08T23:13:09.064+0300: 13.654: [Full GC (Metadata GC Threshold) [PSYoungGen: 5681K->0K(149504K)] [ParOldGen: 34628K->29459K(341504K)] 40309K->29459K(491008K), [Metaspace: 34542K->34542K(1079296K)], 0.0303532 secs] [Times: user=0.16 sys=0.01, real=0.03 secs] 
2019-06-08T23:13:11.162+0300: 15.753: [GC (Allocation Failure) [PSYoungGen: 128512K->640K(149504K)] 157971K->30099K(491008K), 0.0035851 secs] [Times: user=0.02 sys=0.00, real=0.00 secs] 
2019-06-08T23:13:13.720+0300: 18.310: [GC (Allocation Failure) [PSYoungGen: 129152K->672K(129536K)] 158611K->30139K(471040K), 0.0026710 secs] [Times: user=0.01 sys=0.00, real=0.01 secs] 
2019-06-08T23:13:15.415+0300: 20.005: [GC (Allocation Failure) [PSYoungGen: 129184K->640K(148992K)] 158651K->30115K(490496K), 0.0024986 secs] [Times: user=0.01 sys=0.00, real=0.00 secs] 
2019-06-08T23:13:17.211+0300: 21.801: [GC (Allocation Failure) [PSYoungGen: 127616K->864K(148480K)] 157091K->30347K(489984K), 0.0035221 secs] [Times: user=0.02 sys=0.00, real=0.01 secs] 
2019-06-08T23:13:18.930+0300: 23.520: [GC (Allocation Failure) [PSYoungGen: 127840K->896K(150528K)] 157323K->30387K(492032K), 0.0607888 secs] [Times: user=0.01 sys=0.00, real=0.06 secs] 
2019-06-08T23:13:20.397+0300: 24.987: [GC (Allocation Failure) [PSYoungGen: 130944K->896K(150016K)] 160435K->30395K(491520K), 0.0043809 secs] [Times: user=0.02 sys=0.00, real=0.00 secs] 
2019-06-08T23:13:21.961+0300: 26.551: [GC (Allocation Failure) [PSYoungGen: 130944K->832K(152064K)] 160443K->30331K(493568K), 0.0048933 secs] [Times: user=0.03 sys=0.00, real=0.01 secs] 
2019-06-08T23:13:23.304+0300: 27.894: [GC (Allocation Failure) [PSYoungGen: 133952K->1088K(151552K)] 163451K->30587K(493056K), 0.0032557 secs] [Times: user=0.01 sys=0.01, real=0.00 secs] 
2019-06-08T23:13:24.592+0300: 29.182: [GC (Allocation Failure) [PSYoungGen: 134208K->928K(153600K)] 163707K->30435K(495104K), 0.0024619 secs] [Times: user=0.01 sys=0.00, real=0.01 secs] 
2019-06-08T23:13:26.146+0300: 30.736: [GC (Allocation Failure) [PSYoungGen: 137120K->1088K(153088K)] 166627K->30596K(494592K), 0.0029647 secs] [Times: user=0.01 sys=0.00, real=0.00 secs] 
2019-06-08T23:13:27.525+0300: 32.115: [GC (Allocation Failure) [PSYoungGen: 137280K->1152K(155648K)] 166788K->30668K(497152K), 0.0028786 secs] [Times: user=0.01 sys=0.00, real=0.00 secs] 
2019-06-08T23:13:29.321+0300: 33.911: [GC (Allocation Failure) [PSYoungGen: 140928K->1184K(154624K)] 170444K->30708K(496128K), 0.0020422 secs] [Times: user=0.01 sys=0.00, real=0.01 secs] 
2019-06-08T23:13:30.623+0300: 35.213: [GC (Allocation Failure) [PSYoungGen: 140960K->1248K(157184K)] 170484K->30772K(498688K), 0.0053271 secs] [Times: user=0.05 sys=0.00, real=0.00 secs] 
2019-06-08T23:13:32.172+0300: 36.763: [GC (Allocation Failure) [PSYoungGen: 144096K->1152K(156160K)] 173620K->30676K(497664K), 0.0021152 secs] [Times: user=0.01 sys=0.00, real=0.01 secs] 
2019-06-08T23:13:33.589+0300: 38.179: [GC (Allocation Failure) [PSYoungGen: 144000K->1248K(158720K)] 173524K->30780K(500224K), 0.0040314 secs] [Times: user=0.02 sys=0.00, real=0.00 secs] 
2019-06-08T23:13:35.171+0300: 39.762: [GC (Allocation Failure) [PSYoungGen: 147168K->1056K(157696K)] 176700K->30924K(499200K), 0.0023614 secs] [Times: user=0.01 sys=0.00, real=0.00 secs] 
2019-06-08T23:13:37.439+0300: 42.029: [GC (Allocation Failure) [PSYoungGen: 146976K->992K(159744K)] 176844K->30908K(501248K), 0.0025490 secs] [Times: user=0.01 sys=0.00, real=0.00 secs] 
2019-06-08T23:13:39.892+0300: 44.482: [GC (Allocation Failure) [PSYoungGen: 149472K->864K(159232K)] 179388K->30828K(500736K), 0.0029940 secs] [Times: user=0.01 sys=0.00, real=0.01 secs] 
23:13:46.770 [Curator-PathChildrenCache-0] ERROR o.a.c.f.r.c.PathChildrenCache  - 
java.lang.IllegalStateException: instance must be started before calling this method
	at org.apache.curator.shaded.com.google.common.base.Preconditions.checkState(Preconditions.java:444)
	at org.apache.curator.framework.imps.CuratorFrameworkImpl.getChildren(CuratorFrameworkImpl.java:456)
	at org.apache.curator.framework.recipes.cache.PathChildrenCache.refresh(PathChildrenCache.java:521)
	at org.apache.curator.framework.recipes.cache.RefreshOperation.invoke(RefreshOperation.java:35)
	at org.apache.curator.framework.recipes.cache.PathChildrenCache$9.run(PathChildrenCache.java:786)
	at java.util.concurrent.Executors$RunnableAdapter.call(Executors.java:511)
	at java.util.concurrent.FutureTask.run(FutureTask.java:266)
	at java.util.concurrent.Executors$RunnableAdapter.call(Executors.java:511)
	at java.util.concurrent.FutureTask.run(FutureTask.java:266)
	at java.util.concurrent.ThreadPoolExecutor.runWorker(ThreadPoolExecutor.java:1149)
	at java.util.concurrent.ThreadPoolExecutor$Worker.run(ThreadPoolExecutor.java:624)
	at java.lang.Thread.run(Thread.java:748)
23:13:46.859 [worker-akka.actor.default-dispatcher-9] ERROR c.s.f.r.WorkerApplication  - Something went wrong during trace flush
java.nio.file.AccessDeniedException: /tmp/trace.csv
	at sun.nio.fs.UnixException.translateToIOException(UnixException.java:84)
	at sun.nio.fs.UnixException.rethrowAsIOException(UnixException.java:102)
	at sun.nio.fs.UnixException.rethrowAsIOException(UnixException.java:107)
	at sun.nio.fs.UnixFileSystemProvider.newByteChannel(UnixFileSystemProvider.java:214)
	at java.nio.file.spi.FileSystemProvider.newOutputStream(FileSystemProvider.java:434)
	at java.nio.file.Files.newOutputStream(Files.java:216)
	at java.nio.file.Files.newBufferedWriter(Files.java:2860)
	at java.nio.file.Files.newBufferedWriter(Files.java:2896)
	at com.spbsu.flamestream.runtime.utils.tracing.Tracing.flush(Tracing.java:35)
	at com.spbsu.flamestream.runtime.WorkerApplication.lambda$run$0(WorkerApplication.java:109)
	at akka.actor.ActorSystemImpl$TerminationCallbacks$$anonfun$addRec$1$1.applyOrElse(ActorSystem.scala:1036)
	at akka.actor.ActorSystemImpl$TerminationCallbacks$$anonfun$addRec$1$1.applyOrElse(ActorSystem.scala:1036)
	at scala.concurrent.Future$$anonfun$andThen$1.apply(Future.scala:436)
	at scala.concurrent.Future$$anonfun$andThen$1.apply(Future.scala:435)
	at scala.concurrent.impl.CallbackRunnable.run(Promise.scala:36)
	at akka.dispatch.BatchingExecutor$AbstractBatch.processBatch(BatchingExecutor.scala:55)
	at akka.dispatch.BatchingExecutor$BlockableBatch$$anonfun$run$1.apply$mcV$sp(BatchingExecutor.scala:91)
	at akka.dispatch.BatchingExecutor$BlockableBatch$$anonfun$run$1.apply(BatchingExecutor.scala:91)
	at akka.dispatch.BatchingExecutor$BlockableBatch$$anonfun$run$1.apply(BatchingExecutor.scala:91)
	at scala.concurrent.BlockContext$.withBlockContext(BlockContext.scala:72)
	at akka.dispatch.BatchingExecutor$BlockableBatch.run(BatchingExecutor.scala:90)
	at akka.dispatch.TaskInvocation.run(AbstractDispatcher.scala:40)
	at akka.dispatch.ForkJoinExecutorConfigurator$AkkaForkJoinTask.exec(ForkJoinExecutorConfigurator.scala:44)
	at akka.dispatch.forkjoin.ForkJoinTask.doExec(ForkJoinTask.java:260)
	at akka.dispatch.forkjoin.ForkJoinPool$WorkQueue.runTask(ForkJoinPool.java:1339)
	at akka.dispatch.forkjoin.ForkJoinPool.runWorker(ForkJoinPool.java:1979)
	at akka.dispatch.forkjoin.ForkJoinWorkerThread.run(ForkJoinWorkerThread.java:107)
Heap
 PSYoungGen      total 159232K, used 82698K [0x00000000f5980000, 0x0000000100000000, 0x0000000100000000)
  eden space 148480K, 55% used [0x00000000f5980000,0x00000000fa96aa00,0x00000000fea80000)
  from space 10752K, 8% used [0x00000000fea80000,0x00000000feb58100,0x00000000ff500000)
  to   space 10240K, 0% used [0x00000000ff600000,0x00000000ff600000,0x0000000100000000)
 ParOldGen       total 341504K, used 29963K [0x00000000e0c00000, 0x00000000f5980000, 0x00000000f5980000)
  object space 341504K, 8% used [0x00000000e0c00000,0x00000000e2942f68,0x00000000f5980000)
 Metaspace       used 35924K, capacity 36768K, committed 36952K, reserved 1081344K
  class space    used 4948K, capacity 5130K, committed 5248K, reserved 1048576K
