19:08:57,326 |-INFO in ch.qos.logback.classic.LoggerContext[default] - Could NOT find resource [logback-test.xml]
19:08:57,326 |-INFO in ch.qos.logback.classic.LoggerContext[default] - Could NOT find resource [logback.groovy]
19:08:57,326 |-INFO in ch.qos.logback.classic.LoggerContext[default] - Found resource [logback.xml] at [jar:file:/root/flamestream/lib/flamestream-runtime-1.0-SNAPSHOT.jar!/logback.xml]
19:08:57,327 |-WARN in ch.qos.logback.classic.LoggerContext[default] - Resource [logback.xml] occurs multiple times on the classpath.
19:08:57,327 |-WARN in ch.qos.logback.classic.LoggerContext[default] - Resource [logback.xml] occurs at [jar:file:/root/flamestream/lib/flamestream-runtime-1.0-SNAPSHOT.jar!/logback.xml]
19:08:57,327 |-WARN in ch.qos.logback.classic.LoggerContext[default] - Resource [logback.xml] occurs at [jar:file:/root/flamestream/flamestream-runtime-1.0-SNAPSHOT.jar!/logback.xml]
19:08:57,346 |-INFO in ch.qos.logback.core.joran.spi.ConfigurationWatchList@3fb6a447 - URL [jar:file:/root/flamestream/lib/flamestream-runtime-1.0-SNAPSHOT.jar!/logback.xml] is not of type file
19:08:57,412 |-INFO in ch.qos.logback.classic.joran.action.ConfigurationAction - debug attribute not set
19:08:57,413 |-INFO in ch.qos.logback.core.joran.action.AppenderAction - About to instantiate appender of type [ch.qos.logback.core.ConsoleAppender]
19:08:57,435 |-INFO in ch.qos.logback.core.joran.action.AppenderAction - Naming appender as [STDOUT]
19:08:57,450 |-INFO in ch.qos.logback.core.joran.action.NestedComplexPropertyIA - Assuming default type [ch.qos.logback.classic.encoder.PatternLayoutEncoder] for [encoder] property
19:08:57,534 |-INFO in ch.qos.logback.core.joran.action.AppenderAction - About to instantiate appender of type [ch.qos.logback.core.rolling.RollingFileAppender]
19:08:57,539 |-INFO in ch.qos.logback.core.joran.action.AppenderAction - Naming appender as [FILE]
19:08:57,569 |-INFO in c.q.l.core.rolling.TimeBasedRollingPolicy@127618319 - No compression will be used
19:08:57,570 |-INFO in c.q.l.core.rolling.TimeBasedRollingPolicy@127618319 - Will use the pattern /tmp/application_%d{yyyy-MM-dd}.%i.log for the active file
19:08:57,573 |-INFO in ch.qos.logback.core.rolling.SizeAndTimeBasedFNATP@6b2fad11 - The date pattern is 'yyyy-MM-dd' from file name pattern '/tmp/application_%d{yyyy-MM-dd}.%i.log'.
19:08:57,573 |-INFO in ch.qos.logback.core.rolling.SizeAndTimeBasedFNATP@6b2fad11 - Roll-over at midnight.
19:08:57,578 |-INFO in ch.qos.logback.core.rolling.SizeAndTimeBasedFNATP@6b2fad11 - Setting initial period to Mon Jun 10 19:07:21 UTC 2019
19:08:57,578 |-WARN in ch.qos.logback.core.rolling.SizeAndTimeBasedFNATP@6b2fad11 - SizeAndTimeBasedFNATP is deprecated. Use SizeAndTimeBasedRollingPolicy instead
19:08:57,578 |-WARN in ch.qos.logback.core.rolling.SizeAndTimeBasedFNATP@6b2fad11 - For more information see http://logback.qos.ch/manual/appenders.html#SizeAndTimeBasedRollingPolicy
19:08:57,582 |-INFO in ch.qos.logback.core.joran.action.NestedComplexPropertyIA - Assuming default type [ch.qos.logback.classic.encoder.PatternLayoutEncoder] for [encoder] property
19:08:57,586 |-INFO in ch.qos.logback.core.rolling.RollingFileAppender[FILE] - Active log file name: /tmp/application.log
19:08:57,586 |-INFO in ch.qos.logback.core.rolling.RollingFileAppender[FILE] - File property is set to [/tmp/application.log]
19:08:57,587 |-INFO in ch.qos.logback.classic.joran.action.RootLoggerAction - Setting level of ROOT logger to WARN
19:08:57,587 |-INFO in ch.qos.logback.core.joran.action.AppenderRefAction - Attaching appender named [STDOUT] to Logger[ROOT]
19:08:57,589 |-INFO in ch.qos.logback.core.joran.action.AppenderRefAction - Attaching appender named [FILE] to Logger[ROOT]
19:08:57,589 |-INFO in ch.qos.logback.classic.joran.action.ConfigurationAction - End of configuration.
19:08:57,590 |-INFO in ch.qos.logback.classic.joran.JoranConfigurator@79698539 - Registering current configuration as safe fallback point

Ama winner
Ama winner
2019-06-10T19:08:58.830+0000: 1.689: [Full GC (Metadata GC Threshold) 2019-06-10T19:08:58.830+0000: 1.689: [Tenured: 0K->15241K(341376K), 0.0385855 secs] 117750K->15241K(494976K), [Metaspace: 20727K->20727K(1067008K)], 0.0386491 secs] [Times: user=0.03 sys=0.00, real=0.04 secs] 
19:09:19.587 [Curator-PathChildrenCache-1] WARN  o.a.c.u.ZKPaths  - The version of ZooKeeper being used doesn't support Container nodes. CreateMode.PERSISTENT will be used instead.
2019-06-10T19:09:21.780+0000: 24.640: [GC (Allocation Failure) 2019-06-10T19:09:21.780+0000: 24.640: [DefNew: 136576K->17024K(153600K), 0.0306580 secs] 151817K->52732K(494976K), 0.0307262 secs] [Times: user=0.02 sys=0.01, real=0.03 secs] 
2019-06-10T19:09:24.225+0000: 27.085: [Full GC (Metadata GC Threshold) 2019-06-10T19:09:24.225+0000: 27.085: [Tenured: 35708K->44204K(341376K), 0.0443584 secs] 96485K->44204K(494976K), [Metaspace: 34604K->34604K(1079296K)], 0.0444324 secs] [Times: user=0.04 sys=0.00, real=0.05 secs] 
2019-06-10T19:09:32.160+0000: 35.019: [GC (Allocation Failure) 2019-06-10T19:09:32.160+0000: 35.020: [DefNew: 136576K->125K(153600K), 0.0018367 secs] 180780K->44329K(494976K), 0.0019092 secs] [Times: user=0.00 sys=0.00, real=0.00 secs] 
2019-06-10T19:09:40.199+0000: 43.059: [GC (Allocation Failure) 2019-06-10T19:09:40.199+0000: 43.059: [DefNew: 136701K->158K(153600K), 0.0017516 secs] 180905K->44363K(494976K), 0.0018209 secs] [Times: user=0.00 sys=0.00, real=0.00 secs] 
2019-06-10T19:09:48.337+0000: 51.196: [GC (Allocation Failure) 2019-06-10T19:09:48.337+0000: 51.196: [DefNew: 136734K->159K(153600K), 0.0018443 secs] 180939K->44364K(494976K), 0.0019190 secs] [Times: user=0.00 sys=0.00, real=0.00 secs] 
2019-06-10T19:09:56.424+0000: 59.283: [GC (Allocation Failure) 2019-06-10T19:09:56.424+0000: 59.283: [DefNew: 136735K->159K(153600K), 0.0017880 secs] 180940K->44364K(494976K), 0.0018486 secs] [Times: user=0.01 sys=0.00, real=0.00 secs] 
2019-06-10T19:10:05.448+0000: 68.307: [GC (Allocation Failure) 2019-06-10T19:10:05.448+0000: 68.307: [DefNew: 136735K->491K(153600K), 0.0023043 secs] 180940K->44696K(494976K), 0.0023673 secs] [Times: user=0.00 sys=0.00, real=0.00 secs] 
19:10:25.724 [Curator-PathChildrenCache-0] ERROR o.a.c.f.r.c.PathChildrenCache  - 
java.lang.IllegalStateException: instance must be started before calling this method
	at org.apache.curator.shaded.com.google.common.base.Preconditions.checkState(Preconditions.java:444)
	at org.apache.curator.framework.imps.CuratorFrameworkImpl.getChildren(CuratorFrameworkImpl.java:456)
	at org.apache.curator.framework.recipes.cache.PathChildrenCache.refresh(PathChildrenCache.java:521)
	at org.apache.curator.framework.recipes.cache.RefreshOperation.invoke(RefreshOperation.java:35)
	at org.apache.curator.framework.recipes.cache.PathChildrenCache$9.run(PathChildrenCache.java:786)
	at java.util.concurrent.Executors$RunnableAdapter.call(Executors.java:511)
	at java.util.concurrent.FutureTask.run(FutureTask.java:266)
	at java.util.concurrent.Executors$RunnableAdapter.call(Executors.java:511)
	at java.util.concurrent.FutureTask.run(FutureTask.java:266)
	at java.util.concurrent.ThreadPoolExecutor.runWorker(ThreadPoolExecutor.java:1149)
	at java.util.concurrent.ThreadPoolExecutor$Worker.run(ThreadPoolExecutor.java:624)
	at java.lang.Thread.run(Thread.java:748)
Heap
 def new generation   total 153600K, used 132773K [0x00000000e0c00000, 0x00000000eb2a0000, 0x00000000eb2a0000)
  eden space 136576K,  96% used [0x00000000e0c00000, 0x00000000e8d2e520, 0x00000000e9160000)
  from space 17024K,   2% used [0x00000000e9160000, 0x00000000e91daf50, 0x00000000ea200000)
  to   space 17024K,   0% used [0x00000000ea200000, 0x00000000ea200000, 0x00000000eb2a0000)
 tenured generation   total 341376K, used 44204K [0x00000000eb2a0000, 0x0000000100000000, 0x0000000100000000)
   the space 341376K,  12% used [0x00000000eb2a0000, 0x00000000eddcb1f8, 0x00000000eddcb200, 0x0000000100000000)
 Metaspace       used 36073K, capacity 36934K, committed 37120K, reserved 1081344K
  class space    used 4872K, capacity 5075K, committed 5120K, reserved 1048576K
