13:28:24,677 |-INFO in ch.qos.logback.classic.LoggerContext[default] - Could NOT find resource [logback-test.xml]
13:28:24,677 |-INFO in ch.qos.logback.classic.LoggerContext[default] - Could NOT find resource [logback.groovy]
13:28:24,678 |-INFO in ch.qos.logback.classic.LoggerContext[default] - Found resource [logback.xml] at [jar:file:/root/flamestream/lib/flamestream-runtime-1.0-SNAPSHOT.jar!/logback.xml]
13:28:24,679 |-WARN in ch.qos.logback.classic.LoggerContext[default] - Resource [logback.xml] occurs multiple times on the classpath.
13:28:24,679 |-WARN in ch.qos.logback.classic.LoggerContext[default] - Resource [logback.xml] occurs at [jar:file:/root/flamestream/lib/flamestream-runtime-1.0-SNAPSHOT.jar!/logback.xml]
13:28:24,679 |-WARN in ch.qos.logback.classic.LoggerContext[default] - Resource [logback.xml] occurs at [jar:file:/root/flamestream/flamestream-runtime-1.0-SNAPSHOT.jar!/logback.xml]
13:28:24,697 |-INFO in ch.qos.logback.core.joran.spi.ConfigurationWatchList@3fb6a447 - URL [jar:file:/root/flamestream/lib/flamestream-runtime-1.0-SNAPSHOT.jar!/logback.xml] is not of type file
13:28:24,768 |-INFO in ch.qos.logback.classic.joran.action.ConfigurationAction - debug attribute not set
13:28:24,769 |-INFO in ch.qos.logback.core.joran.action.AppenderAction - About to instantiate appender of type [ch.qos.logback.core.ConsoleAppender]
13:28:24,787 |-INFO in ch.qos.logback.core.joran.action.AppenderAction - Naming appender as [STDOUT]
13:28:24,800 |-INFO in ch.qos.logback.core.joran.action.NestedComplexPropertyIA - Assuming default type [ch.qos.logback.classic.encoder.PatternLayoutEncoder] for [encoder] property
13:28:24,885 |-INFO in ch.qos.logback.core.joran.action.AppenderAction - About to instantiate appender of type [ch.qos.logback.core.rolling.RollingFileAppender]
13:28:24,890 |-INFO in ch.qos.logback.core.joran.action.AppenderAction - Naming appender as [FILE]
13:28:24,922 |-INFO in c.q.l.core.rolling.TimeBasedRollingPolicy@127618319 - No compression will be used
13:28:24,923 |-INFO in c.q.l.core.rolling.TimeBasedRollingPolicy@127618319 - Will use the pattern /tmp/application_%d{yyyy-MM-dd}.%i.log for the active file
13:28:24,926 |-INFO in ch.qos.logback.core.rolling.SizeAndTimeBasedFNATP@6b2fad11 - The date pattern is 'yyyy-MM-dd' from file name pattern '/tmp/application_%d{yyyy-MM-dd}.%i.log'.
13:28:24,926 |-INFO in ch.qos.logback.core.rolling.SizeAndTimeBasedFNATP@6b2fad11 - Roll-over at midnight.
13:28:24,931 |-INFO in ch.qos.logback.core.rolling.SizeAndTimeBasedFNATP@6b2fad11 - Setting initial period to Mon Jun 10 13:27:02 UTC 2019
13:28:24,932 |-WARN in ch.qos.logback.core.rolling.SizeAndTimeBasedFNATP@6b2fad11 - SizeAndTimeBasedFNATP is deprecated. Use SizeAndTimeBasedRollingPolicy instead
13:28:24,932 |-WARN in ch.qos.logback.core.rolling.SizeAndTimeBasedFNATP@6b2fad11 - For more information see http://logback.qos.ch/manual/appenders.html#SizeAndTimeBasedRollingPolicy
13:28:24,935 |-INFO in ch.qos.logback.core.joran.action.NestedComplexPropertyIA - Assuming default type [ch.qos.logback.classic.encoder.PatternLayoutEncoder] for [encoder] property
13:28:24,940 |-INFO in ch.qos.logback.core.rolling.RollingFileAppender[FILE] - Active log file name: /tmp/application.log
13:28:24,940 |-INFO in ch.qos.logback.core.rolling.RollingFileAppender[FILE] - File property is set to [/tmp/application.log]
13:28:24,941 |-INFO in ch.qos.logback.classic.joran.action.RootLoggerAction - Setting level of ROOT logger to WARN
13:28:24,941 |-INFO in ch.qos.logback.core.joran.action.AppenderRefAction - Attaching appender named [STDOUT] to Logger[ROOT]
13:28:24,943 |-INFO in ch.qos.logback.core.joran.action.AppenderRefAction - Attaching appender named [FILE] to Logger[ROOT]
13:28:24,943 |-INFO in ch.qos.logback.classic.joran.action.ConfigurationAction - End of configuration.
13:28:24,944 |-INFO in ch.qos.logback.classic.joran.JoranConfigurator@79698539 - Registering current configuration as safe fallback point

Ama winner
Ama winner
2019-06-10T13:28:26.217+0000: 1.727: [Full GC (Metadata GC Threshold) 2019-06-10T13:28:26.217+0000: 1.727: [Tenured: 0K->15143K(341376K), 0.0393223 secs] 114988K->15143K(494976K), [Metaspace: 20728K->20728K(1067008K)], 0.0393853 secs] [Times: user=0.04 sys=0.01, real=0.04 secs] 
13:28:48.380 [Curator-PathChildrenCache-1] WARN  o.a.c.u.ZKPaths  - The version of ZooKeeper being used doesn't support Container nodes. CreateMode.PERSISTENT will be used instead.
2019-06-10T13:28:50.591+0000: 26.101: [GC (Allocation Failure) 2019-06-10T13:28:50.591+0000: 26.101: [DefNew: 136576K->17024K(153600K), 0.0254040 secs] 151719K->52668K(494976K), 0.0255118 secs] [Times: user=0.02 sys=0.00, real=0.02 secs] 
2019-06-10T13:28:52.150+0000: 27.660: [Full GC (Metadata GC Threshold) 2019-06-10T13:28:52.150+0000: 27.660: [Tenured: 35644K->44320K(341376K), 0.0391002 secs] 80231K->44320K(494976K), [Metaspace: 34620K->34620K(1079296K)], 0.0391716 secs] [Times: user=0.04 sys=0.00, real=0.03 secs] 
2019-06-10T13:28:59.101+0000: 34.611: [GC (Allocation Failure) 2019-06-10T13:28:59.101+0000: 34.611: [DefNew: 136576K->71K(153600K), 0.0017905 secs] 180896K->44391K(494976K), 0.0018500 secs] [Times: user=0.01 sys=0.00, real=0.01 secs] 
2019-06-10T13:29:06.110+0000: 41.620: [GC (Allocation Failure) 2019-06-10T13:29:06.110+0000: 41.620: [DefNew: 136647K->73K(153600K), 0.0016294 secs] 180967K->44393K(494976K), 0.0016902 secs] [Times: user=0.00 sys=0.01, real=0.00 secs] 
2019-06-10T13:29:13.100+0000: 48.610: [GC (Allocation Failure) 2019-06-10T13:29:13.101+0000: 48.610: [DefNew: 136649K->69K(153600K), 0.0017473 secs] 180969K->44389K(494976K), 0.0018158 secs] [Times: user=0.00 sys=0.00, real=0.01 secs] 
2019-06-10T13:29:20.216+0000: 55.726: [GC (Allocation Failure) 2019-06-10T13:29:20.216+0000: 55.726: [DefNew: 136645K->74K(153600K), 0.0018307 secs] 180965K->44394K(494976K), 0.0018976 secs] [Times: user=0.01 sys=0.00, real=0.00 secs] 
2019-06-10T13:29:27.615+0000: 63.124: [GC (Allocation Failure) 2019-06-10T13:29:27.615+0000: 63.124: [DefNew: 136650K->415K(153600K), 0.0021867 secs] 180970K->44735K(494976K), 0.0022499 secs] [Times: user=0.00 sys=0.00, real=0.00 secs] 
13:29:42.995 [Curator-PathChildrenCache-0] ERROR o.a.c.f.r.c.PathChildrenCache  - 
java.lang.IllegalStateException: instance must be started before calling this method
	at org.apache.curator.shaded.com.google.common.base.Preconditions.checkState(Preconditions.java:444)
	at org.apache.curator.framework.imps.CuratorFrameworkImpl.getChildren(CuratorFrameworkImpl.java:456)
	at org.apache.curator.framework.recipes.cache.PathChildrenCache.refresh(PathChildrenCache.java:521)
	at org.apache.curator.framework.recipes.cache.RefreshOperation.invoke(RefreshOperation.java:35)
	at org.apache.curator.framework.recipes.cache.PathChildrenCache$9.run(PathChildrenCache.java:786)
	at java.util.concurrent.Executors$RunnableAdapter.call(Executors.java:511)
	at java.util.concurrent.FutureTask.run(FutureTask.java:266)
	at java.util.concurrent.Executors$RunnableAdapter.call(Executors.java:511)
	at java.util.concurrent.FutureTask.run(FutureTask.java:266)
	at java.util.concurrent.ThreadPoolExecutor.runWorker(ThreadPoolExecutor.java:1149)
	at java.util.concurrent.ThreadPoolExecutor$Worker.run(ThreadPoolExecutor.java:624)
	at java.lang.Thread.run(Thread.java:748)
Heap
 def new generation   total 153600K, used 67923K [0x00000000e0c00000, 0x00000000eb2a0000, 0x00000000eb2a0000)
  eden space 136576K,  49% used [0x00000000e0c00000, 0x00000000e4ded098, 0x00000000e9160000)
  from space 17024K,   2% used [0x00000000e9160000, 0x00000000e91c7d60, 0x00000000ea200000)
  to   space 17024K,   0% used [0x00000000ea200000, 0x00000000ea200000, 0x00000000eb2a0000)
 tenured generation   total 341376K, used 44320K [0x00000000eb2a0000, 0x0000000100000000, 0x0000000100000000)
   the space 341376K,  12% used [0x00000000eb2a0000, 0x00000000edde80c8, 0x00000000edde8200, 0x0000000100000000)
 Metaspace       used 36136K, capacity 36986K, committed 37120K, reserved 1081344K
  class space    used 4868K, capacity 5073K, committed 5120K, reserved 1048576K
