15:08:41,349 |-INFO in ch.qos.logback.classic.LoggerContext[default] - Could NOT find resource [logback-test.xml]
15:08:41,354 |-INFO in ch.qos.logback.classic.LoggerContext[default] - Could NOT find resource [logback.groovy]
15:08:41,354 |-INFO in ch.qos.logback.classic.LoggerContext[default] - Found resource [logback.xml] at [jar:file:/root/flamestream/lib/flamestream-runtime-1.0-SNAPSHOT.jar!/logback.xml]
15:08:41,355 |-WARN in ch.qos.logback.classic.LoggerContext[default] - Resource [logback.xml] occurs multiple times on the classpath.
15:08:41,355 |-WARN in ch.qos.logback.classic.LoggerContext[default] - Resource [logback.xml] occurs at [jar:file:/root/flamestream/lib/flamestream-runtime-1.0-SNAPSHOT.jar!/logback.xml]
15:08:41,355 |-WARN in ch.qos.logback.classic.LoggerContext[default] - Resource [logback.xml] occurs at [jar:file:/root/flamestream/flamestream-runtime-1.0-SNAPSHOT.jar!/logback.xml]
15:08:41,374 |-INFO in ch.qos.logback.core.joran.spi.ConfigurationWatchList@3fb6a447 - URL [jar:file:/root/flamestream/lib/flamestream-runtime-1.0-SNAPSHOT.jar!/logback.xml] is not of type file
15:08:41,440 |-INFO in ch.qos.logback.classic.joran.action.ConfigurationAction - debug attribute not set
15:08:41,440 |-INFO in ch.qos.logback.core.joran.action.AppenderAction - About to instantiate appender of type [ch.qos.logback.core.ConsoleAppender]
15:08:41,456 |-INFO in ch.qos.logback.core.joran.action.AppenderAction - Naming appender as [STDOUT]
15:08:41,474 |-INFO in ch.qos.logback.core.joran.action.NestedComplexPropertyIA - Assuming default type [ch.qos.logback.classic.encoder.PatternLayoutEncoder] for [encoder] property
15:08:41,563 |-INFO in ch.qos.logback.core.joran.action.AppenderAction - About to instantiate appender of type [ch.qos.logback.core.rolling.RollingFileAppender]
15:08:41,568 |-INFO in ch.qos.logback.core.joran.action.AppenderAction - Naming appender as [FILE]
15:08:41,599 |-INFO in c.q.l.core.rolling.TimeBasedRollingPolicy@127618319 - No compression will be used
15:08:41,600 |-INFO in c.q.l.core.rolling.TimeBasedRollingPolicy@127618319 - Will use the pattern /tmp/application_%d{yyyy-MM-dd}.%i.log for the active file
15:08:41,603 |-INFO in ch.qos.logback.core.rolling.SizeAndTimeBasedFNATP@6b2fad11 - The date pattern is 'yyyy-MM-dd' from file name pattern '/tmp/application_%d{yyyy-MM-dd}.%i.log'.
15:08:41,603 |-INFO in ch.qos.logback.core.rolling.SizeAndTimeBasedFNATP@6b2fad11 - Roll-over at midnight.
15:08:41,608 |-INFO in ch.qos.logback.core.rolling.SizeAndTimeBasedFNATP@6b2fad11 - Setting initial period to Mon Jun 10 15:07:24 UTC 2019
15:08:41,608 |-WARN in ch.qos.logback.core.rolling.SizeAndTimeBasedFNATP@6b2fad11 - SizeAndTimeBasedFNATP is deprecated. Use SizeAndTimeBasedRollingPolicy instead
15:08:41,608 |-WARN in ch.qos.logback.core.rolling.SizeAndTimeBasedFNATP@6b2fad11 - For more information see http://logback.qos.ch/manual/appenders.html#SizeAndTimeBasedRollingPolicy
15:08:41,613 |-INFO in ch.qos.logback.core.joran.action.NestedComplexPropertyIA - Assuming default type [ch.qos.logback.classic.encoder.PatternLayoutEncoder] for [encoder] property
15:08:41,617 |-INFO in ch.qos.logback.core.rolling.RollingFileAppender[FILE] - Active log file name: /tmp/application.log
15:08:41,617 |-INFO in ch.qos.logback.core.rolling.RollingFileAppender[FILE] - File property is set to [/tmp/application.log]
15:08:41,618 |-INFO in ch.qos.logback.classic.joran.action.RootLoggerAction - Setting level of ROOT logger to WARN
15:08:41,618 |-INFO in ch.qos.logback.core.joran.action.AppenderRefAction - Attaching appender named [STDOUT] to Logger[ROOT]
15:08:41,620 |-INFO in ch.qos.logback.core.joran.action.AppenderRefAction - Attaching appender named [FILE] to Logger[ROOT]
15:08:41,620 |-INFO in ch.qos.logback.classic.joran.action.ConfigurationAction - End of configuration.
15:08:41,621 |-INFO in ch.qos.logback.classic.joran.JoranConfigurator@79698539 - Registering current configuration as safe fallback point

Ama winner
Ama winner
2019-06-10T15:08:42.921+0000: 1.753: [Full GC (Metadata GC Threshold) 2019-06-10T15:08:42.921+0000: 1.753: [Tenured: 0K->15177K(341376K), 0.0413022 secs] 114987K->15177K(494976K), [Metaspace: 20746K->20746K(1067008K)], 0.0413690 secs] [Times: user=0.03 sys=0.01, real=0.04 secs] 
15:08:56.650 [Curator-PathChildrenCache-2] WARN  o.a.c.u.ZKPaths  - The version of ZooKeeper being used doesn't support Container nodes. CreateMode.PERSISTENT will be used instead.
2019-06-10T15:08:58.996+0000: 17.828: [GC (Allocation Failure) 2019-06-10T15:08:58.996+0000: 17.828: [DefNew: 136576K->17024K(153600K), 0.0267012 secs] 151753K->52656K(494976K), 0.0267732 secs] [Times: user=0.03 sys=0.00, real=0.02 secs] 
2019-06-10T15:08:59.496+0000: 18.328: [Full GC (Metadata GC Threshold) 2019-06-10T15:08:59.496+0000: 18.328: [Tenured: 35632K->44284K(341376K), 0.0367430 secs] 71265K->44284K(494976K), [Metaspace: 34620K->34620K(1079296K)], 0.0368151 secs] [Times: user=0.04 sys=0.00, real=0.03 secs] 
2019-06-10T15:09:03.418+0000: 22.250: [GC (Allocation Failure) 2019-06-10T15:09:03.418+0000: 22.250: [DefNew: 136576K->206K(153600K), 0.0023185 secs] 180860K->44491K(494976K), 0.0023781 secs] [Times: user=0.00 sys=0.00, real=0.00 secs] 
2019-06-10T15:09:07.267+0000: 26.099: [GC (Allocation Failure) 2019-06-10T15:09:07.267+0000: 26.099: [DefNew: 136782K->221K(153600K), 0.0020014 secs] 181067K->44505K(494976K), 0.0020592 secs] [Times: user=0.00 sys=0.00, real=0.00 secs] 
2019-06-10T15:09:10.937+0000: 29.769: [GC (Allocation Failure) 2019-06-10T15:09:10.937+0000: 29.769: [DefNew: 136797K->213K(153600K), 0.0019947 secs] 181081K->44498K(494976K), 0.0020629 secs] [Times: user=0.00 sys=0.00, real=0.00 secs] 
2019-06-10T15:09:14.592+0000: 33.424: [GC (Allocation Failure) 2019-06-10T15:09:14.592+0000: 33.424: [DefNew: 136789K->219K(153600K), 0.0020439 secs] 181074K->44503K(494976K), 0.0021104 secs] [Times: user=0.00 sys=0.00, real=0.01 secs] 
2019-06-10T15:09:18.172+0000: 37.004: [GC (Allocation Failure) 2019-06-10T15:09:18.172+0000: 37.004: [DefNew: 136795K->217K(153600K), 0.0020341 secs] 181079K->44502K(494976K), 0.0020950 secs] [Times: user=0.00 sys=0.00, real=0.01 secs] 
2019-06-10T15:09:21.692+0000: 40.524: [GC (Allocation Failure) 2019-06-10T15:09:21.692+0000: 40.524: [DefNew: 136793K->212K(153600K), 0.0020485 secs] 181078K->44497K(494976K), 0.0021101 secs] [Times: user=0.00 sys=0.00, real=0.01 secs] 
15:09:32.173 [Curator-PathChildrenCache-0] ERROR o.a.c.f.r.c.PathChildrenCache  - 
java.lang.IllegalStateException: instance must be started before calling this method
	at org.apache.curator.shaded.com.google.common.base.Preconditions.checkState(Preconditions.java:444)
	at org.apache.curator.framework.imps.CuratorFrameworkImpl.getChildren(CuratorFrameworkImpl.java:456)
	at org.apache.curator.framework.recipes.cache.PathChildrenCache.refresh(PathChildrenCache.java:521)
	at org.apache.curator.framework.recipes.cache.RefreshOperation.invoke(RefreshOperation.java:35)
	at org.apache.curator.framework.recipes.cache.PathChildrenCache$9.run(PathChildrenCache.java:786)
	at java.util.concurrent.Executors$RunnableAdapter.call(Executors.java:511)
	at java.util.concurrent.FutureTask.run(FutureTask.java:266)
	at java.util.concurrent.Executors$RunnableAdapter.call(Executors.java:511)
	at java.util.concurrent.FutureTask.run(FutureTask.java:266)
	at java.util.concurrent.ThreadPoolExecutor.runWorker(ThreadPoolExecutor.java:1149)
	at java.util.concurrent.ThreadPoolExecutor$Worker.run(ThreadPoolExecutor.java:624)
	at java.lang.Thread.run(Thread.java:748)
2019-06-10T15:09:32.395+0000: 51.227: [GC (Allocation Failure) 2019-06-10T15:09:32.395+0000: 51.227: [DefNew: 136788K->1285K(153600K), 0.0038071 secs] 181073K->45569K(494976K), 0.0038654 secs] [Times: user=0.00 sys=0.00, real=0.00 secs] 
Heap
 def new generation   total 153600K, used 5896K [0x00000000e0c00000, 0x00000000eb2a0000, 0x00000000eb2a0000)
  eden space 136576K,   3% used [0x00000000e0c00000, 0x00000000e1080dc0, 0x00000000e9160000)
  from space 17024K,   7% used [0x00000000e9160000, 0x00000000e92a1530, 0x00000000ea200000)
  to   space 17024K,   0% used [0x00000000ea200000, 0x00000000ea200000, 0x00000000eb2a0000)
 tenured generation   total 341376K, used 44284K [0x00000000eb2a0000, 0x0000000100000000, 0x0000000100000000)
   the space 341376K,  12% used [0x00000000eb2a0000, 0x00000000edddf278, 0x00000000edddf400, 0x0000000100000000)
 Metaspace       used 35937K, capacity 36933K, committed 37120K, reserved 1081344K
  class space    used 4856K, capacity 5059K, committed 5120K, reserved 1048576K
