11:34:51,661 |-INFO in ch.qos.logback.classic.LoggerContext[default] - Could NOT find resource [logback-test.xml]
11:34:51,661 |-INFO in ch.qos.logback.classic.LoggerContext[default] - Could NOT find resource [logback.groovy]
11:34:51,662 |-INFO in ch.qos.logback.classic.LoggerContext[default] - Found resource [logback.xml] at [jar:file:/home/ubuntu/flamestream/lib/flamestream-runtime-1.0-SNAPSHOT.jar!/logback.xml]
11:34:51,662 |-WARN in ch.qos.logback.classic.LoggerContext[default] - Resource [logback.xml] occurs multiple times on the classpath.
11:34:51,663 |-WARN in ch.qos.logback.classic.LoggerContext[default] - Resource [logback.xml] occurs at [jar:file:/home/ubuntu/flamestream/flamestream-runtime-1.0-SNAPSHOT.jar!/logback.xml]
11:34:51,663 |-WARN in ch.qos.logback.classic.LoggerContext[default] - Resource [logback.xml] occurs at [jar:file:/home/ubuntu/flamestream/lib/flamestream-runtime-1.0-SNAPSHOT.jar!/logback.xml]
11:34:51,679 |-INFO in ch.qos.logback.core.joran.spi.ConfigurationWatchList@4678c730 - URL [jar:file:/home/ubuntu/flamestream/lib/flamestream-runtime-1.0-SNAPSHOT.jar!/logback.xml] is not of type file
11:34:51,745 |-INFO in ch.qos.logback.classic.joran.action.ConfigurationAction - debug attribute not set
11:34:51,745 |-INFO in ch.qos.logback.core.joran.action.AppenderAction - About to instantiate appender of type [ch.qos.logback.core.ConsoleAppender]
11:34:51,766 |-INFO in ch.qos.logback.core.joran.action.AppenderAction - Naming appender as [STDOUT]
11:34:51,789 |-INFO in ch.qos.logback.core.joran.action.NestedComplexPropertyIA - Assuming default type [ch.qos.logback.classic.encoder.PatternLayoutEncoder] for [encoder] property
11:34:51,881 |-INFO in ch.qos.logback.core.joran.action.AppenderAction - About to instantiate appender of type [ch.qos.logback.core.rolling.RollingFileAppender]
11:34:51,885 |-INFO in ch.qos.logback.core.joran.action.AppenderAction - Naming appender as [FILE]
11:34:51,927 |-INFO in c.q.l.core.rolling.TimeBasedRollingPolicy@1734853116 - No compression will be used
11:34:51,928 |-INFO in c.q.l.core.rolling.TimeBasedRollingPolicy@1734853116 - Will use the pattern /tmp/application_%d{yyyy-MM-dd}.%i.log for the active file
11:34:51,931 |-INFO in ch.qos.logback.core.rolling.SizeAndTimeBasedFNATP@29ee9faa - The date pattern is 'yyyy-MM-dd' from file name pattern '/tmp/application_%d{yyyy-MM-dd}.%i.log'.
11:34:51,931 |-INFO in ch.qos.logback.core.rolling.SizeAndTimeBasedFNATP@29ee9faa - Roll-over at midnight.
11:34:51,943 |-INFO in ch.qos.logback.core.rolling.SizeAndTimeBasedFNATP@29ee9faa - Setting initial period to Thu Oct 10 11:34:26 UTC 2019
11:34:51,943 |-WARN in ch.qos.logback.core.rolling.SizeAndTimeBasedFNATP@29ee9faa - SizeAndTimeBasedFNATP is deprecated. Use SizeAndTimeBasedRollingPolicy instead
11:34:51,943 |-WARN in ch.qos.logback.core.rolling.SizeAndTimeBasedFNATP@29ee9faa - For more information see http://logback.qos.ch/manual/appenders.html#SizeAndTimeBasedRollingPolicy
11:34:51,948 |-INFO in ch.qos.logback.core.joran.action.NestedComplexPropertyIA - Assuming default type [ch.qos.logback.classic.encoder.PatternLayoutEncoder] for [encoder] property
11:34:51,956 |-INFO in ch.qos.logback.core.rolling.RollingFileAppender[FILE] - Active log file name: /tmp/application.log
11:34:51,956 |-INFO in ch.qos.logback.core.rolling.RollingFileAppender[FILE] - File property is set to [/tmp/application.log]
11:34:51,957 |-INFO in ch.qos.logback.classic.joran.action.RootLoggerAction - Setting level of ROOT logger to INFO
11:34:51,957 |-INFO in ch.qos.logback.core.joran.action.AppenderRefAction - Attaching appender named [STDOUT] to Logger[ROOT]
11:34:51,957 |-INFO in ch.qos.logback.core.joran.action.AppenderRefAction - Attaching appender named [FILE] to Logger[ROOT]
11:34:51,957 |-INFO in ch.qos.logback.classic.joran.action.ConfigurationAction - End of configuration.
11:34:51,958 |-INFO in ch.qos.logback.classic.joran.JoranConfigurator@c038203 - Registering current configuration as safe fallback point

11:34:51.966 [main] INFO  c.s.f.r.WorkerApplication  - Starting worker with workerConfig 'WorkerConfig{id='flamestream-benchmarks-worker-5', localAddress=flamestream-benchmarks-worker-5/10.0.0.4:5412, zkString='flamestream-benchmarks-manager:12181', snapshotPath='/home/ubuntu/flamestream/data', guarantees=AT_MOST_ONCE}'
11:34:53.490 [worker-akka.actor.default-dispatcher-6] INFO  a.e.s.Slf4jLogger  - Slf4jLogger started
2019-10-10T11:34:53.663+0000: 2.363: [Full GC (Metadata GC Threshold) 2019-10-10T11:34:53.663+0000: 2.363: [Tenured: 0K->13624K(1024000K), 0.0524912 secs] 139464K->13624K(1484800K), [Metaspace: 20221K->20221K(1067008K)], 0.0525923 secs] [Times: user=0.04 sys=0.02, real=0.05 secs] 
11:34:53.821 [worker-akka.actor.default-dispatcher-6] WARN  a.r.RemoteActorRefProvider akka.remote.RemoteActorRefProvider - Using the 'remote' ActorRefProvider directly, which is a low-level layer. For most use cases, the 'cluster' abstraction on top of remoting is more suitable instead.
11:34:53.824 [worker-akka.actor.default-dispatcher-6] WARN  a.r.RemoteActorRefProvider akka.remote.RemoteActorRefProvider - Akka Cluster not in use - Using Akka Cluster is recommended if you need remote watch and deploy.
11:34:53.948 [worker-akka.actor.default-dispatcher-8] INFO  a.r.a.a.ArteryAeronUdpTransport(akka://worker) akka.remote.artery.aeron.ArteryAeronUdpTransport(akka://worker) - Started embedded media driver in directory [/dev/shm/aeron-flamestream-benchmarks-worker-5]
11:34:53.984 [worker-akka.actor.default-dispatcher-8] WARN  a.r.a.a.ArteryAeronUdpTransport(akka://worker) akka.remote.artery.aeron.ArteryAeronUdpTransport(akka://worker) - Aeron CnC version mismatch: compiled version = 15, file version = 16
11:34:54.273 [worker-akka.actor.default-dispatcher-8] INFO  a.r.a.a.ArteryAeronUdpTransport(akka://worker) akka.remote.artery.aeron.ArteryAeronUdpTransport(akka://worker) - Remoting started with transport [Artery aeron-udp]; listening on address [akka://worker@flamestream-benchmarks-worker-5:5412] and bound to [akka://worker@0.0.0.0:5412] with UID [4120531977976955677]
11:34:54.915 [worker-akka.actor.default-dispatcher-8] WARN  a.s.Serialization(akka://worker) akka.serialization.Serialization(akka://worker) - Using serializer [com.romix.akka.serialization.kryo.KryoSerializer] for message [akka.actor.ActorSelectionMessage]. Note that this serializer is not implemented by Akka. It's not recommended to replace serializers for messages provided by Akka.
11:34:54.916 [worker-akka.actor.default-dispatcher-8] WARN  a.s.Serialization(akka://worker) akka.serialization.Serialization(akka://worker) - Using serializer [com.romix.akka.serialization.kryo.KryoSerializer] for message [akka.actor.ActorIdentity]. Note that this serializer is not implemented by Akka. It's not recommended to replace serializers for messages provided by Akka.
11:34:54.970 [worker-akka.actor.default-dispatcher-6] INFO  a.a.RepointableActorRef akka://worker/user/watcher - Starting...
11:34:55.159 [worker-akka.actor.default-dispatcher-8] INFO  o.a.c.u.Compatibility  - Running in ZooKeeper 3.4.x compatibility mode
11:34:55.228 [worker-akka.actor.default-dispatcher-8] INFO  o.a.c.f.i.CuratorFrameworkImpl  - Starting
11:34:55.255 [worker-akka.actor.default-dispatcher-8] INFO  o.a.z.ZooKeeper  - Client environment:zookeeper.version=3.4.14-4c25d480e66aadd371de8bd2fd8da255ac140bcf, built on 03/06/2019 16:18 GMT
11:34:55.256 [worker-akka.actor.default-dispatcher-8] INFO  o.a.z.ZooKeeper  - Client environment:host.name=flamestream-benchmarks-worker-5
11:34:55.256 [worker-akka.actor.default-dispatcher-8] INFO  o.a.z.ZooKeeper  - Client environment:java.version=1.8.0_222
11:34:55.256 [worker-akka.actor.default-dispatcher-8] INFO  o.a.z.ZooKeeper  - Client environment:java.vendor=Private Build
11:34:55.258 [worker-akka.actor.default-dispatcher-8] INFO  o.a.z.ZooKeeper  - Client environment:java.home=/usr/lib/jvm/java-8-openjdk-amd64/jre
11:34:55.259 [worker-akka.actor.default-dispatcher-8] INFO  o.a.z.ZooKeeper  - Client environment:java.class.path=lib/curator-framework-4.0.1.jar:lib/commons-csv-1.4.jar:lib/aeron-client-1.21.2.jar:lib/scala-library-2.12.9.jar:lib/asm-5.0.4.jar:lib/agrona-1.0.1.jar:lib/curator-recipes-4.0.1.jar:lib/akka-testkit_2.12-2.6.0-M6.jar:lib/flamestream-runtime-1.0-SNAPSHOT.jar:lib/slf4j-simple-2.0.0-alpha1.jar:lib/jsr305-3.0.2.jar:lib/trove4j-3.0.3.jar:lib/flamestream-core-1.0-SNAPSHOT.jar:lib/commons-io-2.4.jar:lib/minlog-1.3.0.jar:lib/kryonet-2.21.jar:lib/commons-1.4.9.jar:lib/jline-0.9.94.jar:lib/akka-remote_2.12-2.6.0-M6.jar:lib/leveldbjni-all-1.8.jar:lib/lz4-1.3.0.jar:lib/slf4j-api-1.7.24.jar:lib/scala-parser-combinators_2.12-1.1.2.jar:lib/flamestream-core-1.0-SNAPSHOT-tests.jar:lib/logback-core-1.2.3.jar:lib/netty-3.10.6.Final.jar:lib/protobuf-java-3.9.0.jar:lib/minlog-1.2.jar:lib/leveldb-api-0.7.jar:lib/jool-0.9.12.jar:lib/commons-cli-1.4.jar:lib/jblas-1.2.4.jar:lib/reflectasm-1.11.3.jar:lib/reflectasm-1.07-shaded.jar:lib/audience-annotations-0.5.0.jar:lib/jackson-annotations-2.9.6.jar:lib/commons-lang-2.6.jar:lib/ssl-config-core_2.12-0.3.8.jar:lib/annotations-13.0.jar:lib/logback-classic-1.2.3.jar:lib/guava-21.0.jar:lib/reactive-streams-1.0.2.jar:lib/spotbugs-annotations-3.1.9.jar:lib/leveldb-0.7.jar:lib/commons-pool2-2.4.2.jar:lib/rocksdbjni-5.5.1.jar:lib/jackson-core-2.9.9.jar:lib/jackson-databind-2.9.9.2.jar:lib/akka-protobuf-v3_2.12-2.6.0-M6.jar:lib/jackson-annotations-2.9.0.jar:lib/flamestream-examples-1.0-SNAPSHOT.jar:lib/objenesis-2.1.jar:lib/akka-kryo-serialization_2.12-0.5.2.jar:lib/scala-java8-compat_2.12-0.8.0.jar:lib/zookeeper-3.4.14.jar:lib/akka-slf4j_2.12-2.6.0-M6.jar:lib/kryo-4.0.0.jar:lib/akka-stream_2.12-2.6.0-M6.jar:lib/aeron-driver-1.21.2.jar:lib/config-1.3.1.jar:lib/annotations-12.0.jar:lib/jedis-2.9.0.jar:lib/jcommander-1.48.jar:lib/testng-6.10.jar:lib/akka-actor_2.12-2.6.0-M6.jar:lib/curator-client-4.0.1.jar:flamestream-runtime-1.0-SNAPSHOT.jar
11:34:55.260 [worker-akka.actor.default-dispatcher-8] INFO  o.a.z.ZooKeeper  - Client environment:java.library.path=/usr/java/packages/lib/amd64:/usr/lib/x86_64-linux-gnu/jni:/lib/x86_64-linux-gnu:/usr/lib/x86_64-linux-gnu:/usr/lib/jni:/lib:/usr/lib
11:34:55.263 [worker-akka.actor.default-dispatcher-8] INFO  o.a.z.ZooKeeper  - Client environment:java.io.tmpdir=/tmp
11:34:55.264 [worker-akka.actor.default-dispatcher-8] INFO  o.a.z.ZooKeeper  - Client environment:java.compiler=<NA>
11:34:55.264 [worker-akka.actor.default-dispatcher-8] INFO  o.a.z.ZooKeeper  - Client environment:os.name=Linux
11:34:55.264 [worker-akka.actor.default-dispatcher-8] INFO  o.a.z.ZooKeeper  - Client environment:os.arch=amd64
11:34:55.264 [worker-akka.actor.default-dispatcher-8] INFO  o.a.z.ZooKeeper  - Client environment:os.version=4.15.0-1040-gcp
11:34:55.264 [worker-akka.actor.default-dispatcher-8] INFO  o.a.z.ZooKeeper  - Client environment:user.name=ubuntu
11:34:55.265 [worker-akka.actor.default-dispatcher-8] INFO  o.a.z.ZooKeeper  - Client environment:user.home=/home/ubuntu
11:34:55.265 [worker-akka.actor.default-dispatcher-8] INFO  o.a.z.ZooKeeper  - Client environment:user.dir=/home/ubuntu/flamestream
11:34:55.271 [worker-akka.actor.default-dispatcher-8] INFO  o.a.z.ZooKeeper  - Initiating client connection, connectString=flamestream-benchmarks-manager:12181 sessionTimeout=60000 watcher=org.apache.curator.ConnectionState@7c2ee65
11:34:55.332 [worker-akka.actor.default-dispatcher-8-SendThread(flamestream-benchmarks-manager:12181)] INFO  o.a.z.ClientCnxn  - Opening socket connection to server flamestream-benchmarks-manager/10.0.0.21:12181. Will not attempt to authenticate using SASL (unknown error)
11:34:55.332 [worker-akka.actor.default-dispatcher-8] INFO  o.a.c.f.i.CuratorFrameworkImpl  - Default schema
11:34:55.336 [worker-akka.actor.default-dispatcher-8-SendThread(flamestream-benchmarks-manager:12181)] INFO  o.a.z.ClientCnxn  - Socket connection established to flamestream-benchmarks-manager/10.0.0.21:12181, initiating session
11:34:55.344 [worker-akka.actor.default-dispatcher-8-SendThread(flamestream-benchmarks-manager:12181)] INFO  o.a.z.ClientCnxn  - Session establishment complete on server flamestream-benchmarks-manager/10.0.0.21:12181, sessionid = 0x100002c53420009, negotiated timeout = 60000
11:34:55.352 [worker-akka.actor.default-dispatcher-8-EventThread] INFO  o.a.c.f.s.ConnectionStateManager  - State change: CONNECTED
11:34:55.356 [worker-akka.actor.default-dispatcher-6] INFO  a.a.RepointableActorRef akka://worker/user/watcher - Initializing rocksDB backend
2019-10-10T11:34:56.462+0000: 5.162: [Full GC (Metadata GC Threshold) 2019-10-10T11:34:56.462+0000: 5.162: [Tenured: 13624K->25945K(1024000K), 0.1412246 secs] 167723K->25945K(1484800K), [Metaspace: 33699K->33699K(1079296K)], 0.1413231 secs] [Times: user=0.12 sys=0.02, real=0.14 secs] 
11:34:56.695 [worker-akka.actor.default-dispatcher-8] INFO  a.a.LocalActorRef akka://worker/user/watcher/processing-watcher - Starting...
11:35:02.342 [worker-akka.actor.default-dispatcher-10] INFO  a.a.LocalActorRef akka://worker/user/watcher/processing-watcher/$a - Starting...
11:35:02.385 [worker-akka.actor.default-dispatcher-8] INFO  a.a.LocalActorRef akka://worker/user/watcher/processing-watcher/$a - Stopped
11:35:04.021 [worker-akka.actor.default-dispatcher-8] INFO  a.a.LocalActorRef akka://worker/user/watcher/processing-watcher/graph/graph - Starting...
11:35:06.577 [worker-akka.actor.default-dispatcher-8] INFO  a.a.LocalActorRef akka://worker/user/watcher/processing-watcher/graph/graph - Finishing constructor
11:35:06.582 [worker-akka.actor.default-dispatcher-12] INFO  a.a.LocalActorRef akka://worker/user/watcher/processing-watcher/graph/negotiator - Starting...
11:35:06.590 [worker-akka.actor.default-dispatcher-12] INFO  a.a.LocalActorRef akka://worker/user/watcher/processing-watcher/graph/edge - Starting...
11:35:06.595 [worker-akka.actor.default-dispatcher-12] INFO  a.a.LocalActorRef akka://worker/user/watcher/processing-watcher/graph - Starting FlameNode with config 'ClusterConfig{paths={flamestream-benchmarks-worker-1=akka://worker@flamestream-benchmarks-worker-1:5412/user/watcher/processing-watcher/graph, flamestream-benchmarks-worker-0=akka://worker@flamestream-benchmarks-worker-0:5412/user/watcher/processing-watcher/graph, flamestream-benchmarks-worker-9=akka://worker@flamestream-benchmarks-worker-9:5412/user/watcher/processing-watcher/graph, flamestream-benchmarks-worker-8=akka://worker@flamestream-benchmarks-worker-8:5412/user/watcher/processing-watcher/graph, flamestream-benchmarks-worker-7=akka://worker@flamestream-benchmarks-worker-7:5412/user/watcher/processing-watcher/graph, flamestream-benchmarks-worker-6=akka://worker@flamestream-benchmarks-worker-6:5412/user/watcher/processing-watcher/graph, flamestream-benchmarks-worker-5=akka://worker@flamestream-benchmarks-worker-5:5412/user/watcher/processing-watcher/graph, flamestream-benchmarks-worker-4=akka://worker@flamestream-benchmarks-worker-4:5412/user/watcher/processing-watcher/graph, flamestream-benchmarks-worker-3=akka://worker@flamestream-benchmarks-worker-3:5412/user/watcher/processing-watcher/graph, flamestream-benchmarks-worker-2=akka://worker@flamestream-benchmarks-worker-2:5412/user/watcher/processing-watcher/graph, flamestream-benchmarks-worker-14=akka://worker@flamestream-benchmarks-worker-14:5412/user/watcher/processing-watcher/graph, flamestream-benchmarks-worker-13=akka://worker@flamestream-benchmarks-worker-13:5412/user/watcher/processing-watcher/graph, flamestream-benchmarks-worker-12=akka://worker@flamestream-benchmarks-worker-12:5412/user/watcher/processing-watcher/graph, flamestream-benchmarks-worker-11=akka://worker@flamestream-benchmarks-worker-11:5412/user/watcher/processing-watcher/graph, flamestream-benchmarks-worker-10=akka://worker@flamestream-benchmarks-worker-10:5412/user/watcher/processing-watcher/graph}}'
11:35:06.627 [worker-akka.actor.default-dispatcher-10] INFO  a.a.LocalActorRef akka://worker/user/watcher/processing-watcher/graph/negotiator - Requesting ticket for the frontClass FlameSocketGraphDeployerFront@flamestream-benchmarks-worker-5
11:35:06.636 [worker-akka.actor.default-dispatcher-10] INFO  a.a.LocalActorRef akka://worker/user/watcher/processing-watcher/graph/graph - Received last commit 'LastCommit{globalTime=(0000000, min@min)}'
11:35:06.696 [worker-akka.actor.default-dispatcher-8] INFO  c.s.f.r.e.s.SocketRear  - FlameSocketGraphDeployerRear@flamestream-benchmarks-worker-5: connecting to flamestream-benchmarks-manager:5678
11:35:06.712 [worker-akka.actor.default-dispatcher-13] INFO  a.a.LocalActorRef akka://worker/user/watcher/processing-watcher/graph/edge/FlameSocketGraphDeployerFront - Starting...
11:35:06.733 [worker-akka.actor.default-dispatcher-8] INFO  c.s.f.r.e.s.SocketRear  - FlameSocketGraphDeployerRear@flamestream-benchmarks-worker-5: connected to flamestream-benchmarks-manager:5678
11:35:06.734 [worker-akka.actor.default-dispatcher-8] INFO  a.a.LocalActorRef akka://worker/user/watcher/processing-watcher/graph/edge/FlameSocketGraphDeployerRear - Starting...
11:35:06.735 [worker-akka.actor.default-dispatcher-6] INFO  a.a.LocalActorRef akka://worker/user/watcher/processing-watcher/graph/negotiator - Ticket for the frontClass received: FrontTicket{allowedTimestamp=(0000000, FlameSocketGraphDeployerFront@flamestream-benchmarks-worker-5)}
11:35:06.736 [worker-akka.actor.default-dispatcher-6] INFO  c.s.f.r.e.s.SocketFront  - FlameSocketGraphDeployerFront@flamestream-benchmarks-worker-5: connecting to flamestream-benchmarks-manager:4567
11:35:07.065 [worker-akka.actor.default-dispatcher-6] INFO  a.a.LocalActorRef akka://worker/user/watcher/processing-watcher/graph/graph/$a - Starting...
11:35:07.075 [worker-akka.actor.default-dispatcher-6] INFO  a.a.LocalActorRef akka://worker/user/watcher/processing-watcher/graph/graph/$b - Starting...
11:35:07.078 [worker-akka.actor.default-dispatcher-6] INFO  a.a.LocalActorRef akka://worker/user/watcher/processing-watcher/graph/graph/$c - Starting...
11:35:07.081 [worker-akka.actor.default-dispatcher-6] INFO  a.a.LocalActorRef akka://worker/user/watcher/processing-watcher/graph/graph/$d - Starting...
11:35:07.083 [worker-akka.actor.default-dispatcher-6] INFO  a.a.LocalActorRef akka://worker/user/watcher/processing-watcher/graph/graph/$e - Starting...
11:35:07.084 [worker-akka.actor.default-dispatcher-6] INFO  a.a.LocalActorRef akka://worker/user/watcher/processing-watcher/graph/graph/$f - Starting...
11:35:07.087 [worker-akka.actor.default-dispatcher-6] INFO  a.a.LocalActorRef akka://worker/user/watcher/processing-watcher/graph/graph/$g - Starting...
11:35:07.091 [worker-akka.actor.default-dispatcher-6] INFO  a.a.LocalActorRef akka://worker/user/watcher/processing-watcher/graph/graph/$h - Starting...
11:35:07.094 [worker-akka.actor.default-dispatcher-6] INFO  a.a.LocalActorRef akka://worker/user/watcher/processing-watcher/graph/graph/$i - Starting...
11:35:07.098 [worker-akka.actor.default-dispatcher-6] INFO  a.a.LocalActorRef akka://worker/user/watcher/processing-watcher/graph/graph/$j - Starting...
11:35:07.101 [worker-akka.actor.default-dispatcher-6] INFO  a.a.LocalActorRef akka://worker/user/watcher/processing-watcher/graph/graph/$k - Starting...
11:35:07.103 [worker-akka.actor.default-dispatcher-6] INFO  a.a.LocalActorRef akka://worker/user/watcher/processing-watcher/graph/graph/$l - Starting...
11:35:07.112 [worker-akka.actor.default-dispatcher-6] INFO  a.a.LocalActorRef akka://worker/user/watcher/processing-watcher/graph/graph/$m - Starting...
11:35:07.144 [worker-akka.actor.default-dispatcher-8] INFO  a.a.LocalActorRef akka://worker/user/watcher/processing-watcher/graph/graph/$n - Starting...
11:35:07.147 [worker-akka.actor.default-dispatcher-6] INFO  a.a.LocalActorRef akka://worker/user/watcher/processing-watcher/graph/graph/$o - Starting...
11:35:07.151 [worker-akka.actor.default-dispatcher-6] INFO  a.a.LocalActorRef akka://worker/user/watcher/processing-watcher/graph/graph/$p - Starting...
11:35:07.151 [worker-akka.actor.default-dispatcher-6] INFO  a.a.LocalActorRef akka://worker/user/watcher/processing-watcher/graph/graph/$m - Attached rear to graph (-9223372036854775808, min@min)
11:35:07.153 [worker-akka.actor.default-dispatcher-6] INFO  a.a.LocalActorRef akka://worker/user/watcher/processing-watcher/graph/graph/$q - Starting...
11:35:07.153 [worker-akka.actor.default-dispatcher-6] INFO  a.a.LocalActorRef akka://worker/user/watcher/processing-watcher/graph/graph/$r - Starting...
11:35:07.155 [worker-akka.actor.default-dispatcher-6] INFO  a.a.LocalActorRef akka://worker/user/watcher/processing-watcher/graph/graph/$t - Starting...
11:35:07.156 [worker-akka.actor.default-dispatcher-6] INFO  a.a.LocalActorRef akka://worker/user/watcher/processing-watcher/graph/graph/$s - Starting...
11:35:07.156 [worker-akka.actor.default-dispatcher-6] INFO  a.a.LocalActorRef akka://worker/user/watcher/processing-watcher/graph/graph/$u - Starting...
11:35:07.158 [worker-akka.actor.default-dispatcher-6] INFO  a.a.LocalActorRef akka://worker/user/watcher/processing-watcher/graph/graph/$v - Starting...
11:35:07.159 [worker-akka.actor.default-dispatcher-6] INFO  a.a.LocalActorRef akka://worker/user/watcher/processing-watcher/graph/graph/$w - Starting...
11:35:07.161 [worker-akka.actor.default-dispatcher-6] INFO  a.a.LocalActorRef akka://worker/user/watcher/processing-watcher/graph/graph/$x - Starting...
11:35:07.162 [worker-akka.actor.default-dispatcher-6] INFO  a.a.LocalActorRef akka://worker/user/watcher/processing-watcher/graph/graph/$y - Starting...
11:35:07.165 [worker-akka.actor.default-dispatcher-6] INFO  a.a.LocalActorRef akka://worker/user/watcher/processing-watcher/graph/graph/$z - Starting...
11:35:07.167 [worker-akka.actor.default-dispatcher-8] INFO  a.a.LocalActorRef akka://worker/user/watcher/processing-watcher/graph/graph/$B - Starting...
11:35:07.168 [worker-akka.actor.default-dispatcher-8] INFO  a.a.LocalActorRef akka://worker/user/watcher/processing-watcher/graph/graph/$A - Starting...
11:35:07.168 [worker-akka.actor.default-dispatcher-8] INFO  a.a.LocalActorRef akka://worker/user/watcher/processing-watcher/graph/graph/$D - Starting...
11:35:07.168 [worker-akka.actor.default-dispatcher-8] INFO  a.a.LocalActorRef akka://worker/user/watcher/processing-watcher/graph/graph/$C - Starting...
11:35:07.168 [worker-akka.actor.default-dispatcher-8] INFO  a.a.LocalActorRef akka://worker/user/watcher/processing-watcher/graph/graph/$F - Starting...
11:35:07.168 [worker-akka.actor.default-dispatcher-8] INFO  a.a.LocalActorRef akka://worker/user/watcher/processing-watcher/graph/graph/$E - Starting...
11:35:07.168 [worker-akka.actor.default-dispatcher-6] INFO  a.a.LocalActorRef akka://worker/user/watcher/processing-watcher/graph/graph/$G - Starting...
11:35:07.170 [worker-akka.actor.default-dispatcher-6] INFO  a.a.LocalActorRef akka://worker/user/watcher/processing-watcher/graph/graph/$I - Starting...
11:35:07.171 [worker-akka.actor.default-dispatcher-6] INFO  a.a.LocalActorRef akka://worker/user/watcher/processing-watcher/graph/graph/$H - Starting...
11:35:07.173 [worker-akka.actor.default-dispatcher-6] INFO  a.a.LocalActorRef akka://worker/user/watcher/processing-watcher/graph/graph/$J - Starting...
11:35:07.174 [worker-akka.actor.default-dispatcher-6] INFO  a.a.LocalActorRef akka://worker/user/watcher/processing-watcher/graph/graph/$K - Starting...
11:35:07.175 [worker-akka.actor.default-dispatcher-6] INFO  a.a.LocalActorRef akka://worker/user/watcher/processing-watcher/graph/graph/$M - Starting...
11:35:07.177 [worker-akka.actor.default-dispatcher-13] INFO  a.a.LocalActorRef akka://worker/user/watcher/processing-watcher/graph/graph/$L - Starting...
11:35:07.178 [worker-akka.actor.default-dispatcher-13] INFO  a.a.LocalActorRef akka://worker/user/watcher/processing-watcher/graph/graph/$N - Starting...
11:35:07.178 [worker-akka.actor.default-dispatcher-13] INFO  a.a.LocalActorRef akka://worker/user/watcher/processing-watcher/graph/graph/$O - Starting...
11:35:07.178 [worker-akka.actor.default-dispatcher-13] INFO  a.a.LocalActorRef akka://worker/user/watcher/processing-watcher/graph/graph/$P - Starting...
11:35:07.178 [worker-akka.actor.default-dispatcher-13] INFO  a.a.LocalActorRef akka://worker/user/watcher/processing-watcher/graph/graph/$Q - Starting...
11:35:07.179 [worker-akka.actor.default-dispatcher-6] INFO  a.a.LocalActorRef akka://worker/user/watcher/processing-watcher/graph/graph/$R - Starting...
11:35:07.180 [worker-akka.actor.default-dispatcher-6] INFO  a.a.LocalActorRef akka://worker/user/watcher/processing-watcher/graph/graph/$S - Starting...
11:35:07.182 [worker-akka.actor.default-dispatcher-6] INFO  a.a.LocalActorRef akka://worker/user/watcher/processing-watcher/graph/graph/$T - Starting...
11:35:07.183 [worker-akka.actor.default-dispatcher-6] INFO  a.a.LocalActorRef akka://worker/user/watcher/processing-watcher/graph/graph/$U - Starting...
11:35:07.185 [worker-akka.actor.default-dispatcher-6] INFO  a.a.LocalActorRef akka://worker/user/watcher/processing-watcher/graph/graph/$V - Starting...
11:35:07.186 [worker-akka.actor.default-dispatcher-6] INFO  a.a.LocalActorRef akka://worker/user/watcher/processing-watcher/graph/graph/$W - Starting...
11:35:07.187 [worker-akka.actor.default-dispatcher-6] INFO  a.a.LocalActorRef akka://worker/user/watcher/processing-watcher/graph/graph/$X - Starting...
11:35:07.190 [worker-akka.actor.default-dispatcher-13] INFO  a.a.LocalActorRef akka://worker/user/watcher/processing-watcher/graph/graph/$Y - Starting...
11:35:07.190 [worker-akka.actor.default-dispatcher-13] INFO  a.a.LocalActorRef akka://worker/user/watcher/processing-watcher/graph/graph/$Z - Starting...
11:35:07.190 [worker-akka.actor.default-dispatcher-13] INFO  a.a.LocalActorRef akka://worker/user/watcher/processing-watcher/graph/graph/$1 - Starting...
11:35:07.190 [worker-akka.actor.default-dispatcher-13] INFO  a.a.LocalActorRef akka://worker/user/watcher/processing-watcher/graph/graph/$0 - Starting...
11:35:07.190 [worker-akka.actor.default-dispatcher-13] INFO  a.a.LocalActorRef akka://worker/user/watcher/processing-watcher/graph/graph/$2 - Starting...
11:35:07.191 [worker-akka.actor.default-dispatcher-13] INFO  a.a.LocalActorRef akka://worker/user/watcher/processing-watcher/graph/graph/$3 - Starting...
11:35:07.191 [worker-akka.actor.default-dispatcher-6] INFO  a.a.LocalActorRef akka://worker/user/watcher/processing-watcher/graph/graph/$4 - Starting...
11:35:07.192 [worker-akka.actor.default-dispatcher-6] INFO  a.a.LocalActorRef akka://worker/user/watcher/processing-watcher/graph/graph/$6 - Starting...
11:35:07.193 [worker-akka.actor.default-dispatcher-6] INFO  a.a.LocalActorRef akka://worker/user/watcher/processing-watcher/graph/graph/$5 - Starting...
11:35:07.194 [worker-akka.actor.default-dispatcher-6] INFO  a.a.LocalActorRef akka://worker/user/watcher/processing-watcher/graph/graph/$7 - Starting...
11:35:07.196 [worker-akka.actor.default-dispatcher-6] INFO  a.a.LocalActorRef akka://worker/user/watcher/processing-watcher/graph/graph/$8 - Starting...
11:35:07.197 [worker-akka.actor.default-dispatcher-6] INFO  a.a.LocalActorRef akka://worker/user/watcher/processing-watcher/graph/graph/$9 - Starting...
11:35:07.199 [worker-akka.actor.default-dispatcher-8] INFO  a.a.LocalActorRef akka://worker/user/watcher/processing-watcher/graph/graph/$+ - Starting...
11:35:07.199 [worker-akka.actor.default-dispatcher-8] INFO  a.a.LocalActorRef akka://worker/user/watcher/processing-watcher/graph/graph/$~ - Starting...
11:35:07.199 [worker-akka.actor.default-dispatcher-8] INFO  a.a.LocalActorRef akka://worker/user/watcher/processing-watcher/graph/graph/$ab - Starting...
11:35:07.199 [worker-akka.actor.default-dispatcher-8] INFO  a.a.LocalActorRef akka://worker/user/watcher/processing-watcher/graph/graph/$bb - Starting...
11:35:07.200 [worker-akka.actor.default-dispatcher-6] INFO  a.a.LocalActorRef akka://worker/user/watcher/processing-watcher/graph/graph/$cb - Starting...
11:35:07.201 [worker-akka.actor.default-dispatcher-6] INFO  a.a.LocalActorRef akka://worker/user/watcher/processing-watcher/graph/graph/$db - Starting...
11:35:07.203 [worker-akka.actor.default-dispatcher-6] INFO  a.a.LocalActorRef akka://worker/user/watcher/processing-watcher/graph/graph/$eb - Starting...
11:35:07.204 [worker-akka.actor.default-dispatcher-6] INFO  a.a.LocalActorRef akka://worker/user/watcher/processing-watcher/graph/graph/$fb - Starting...
11:35:07.205 [worker-akka.actor.default-dispatcher-6] INFO  a.a.LocalActorRef akka://worker/user/watcher/processing-watcher/graph/graph/$hb - Starting...
11:35:07.207 [worker-akka.actor.default-dispatcher-6] INFO  a.a.LocalActorRef akka://worker/user/watcher/processing-watcher/graph/graph/$gb - Starting...
11:35:07.208 [worker-akka.actor.default-dispatcher-8] INFO  a.a.LocalActorRef akka://worker/user/watcher/processing-watcher/graph/graph/$jb - Starting...
11:35:07.209 [worker-akka.actor.default-dispatcher-8] INFO  a.a.LocalActorRef akka://worker/user/watcher/processing-watcher/graph/graph/$ib - Starting...
11:35:07.209 [worker-akka.actor.default-dispatcher-8] INFO  a.a.LocalActorRef akka://worker/user/watcher/processing-watcher/graph/graph/$lb - Starting...
11:35:07.209 [worker-akka.actor.default-dispatcher-8] INFO  a.a.LocalActorRef akka://worker/user/watcher/processing-watcher/graph/graph/$kb - Starting...
11:35:07.210 [worker-akka.actor.default-dispatcher-8] INFO  a.a.LocalActorRef akka://worker/user/watcher/processing-watcher/graph/graph/$mb - Starting...
11:35:07.210 [worker-akka.actor.default-dispatcher-8] INFO  a.a.LocalActorRef akka://worker/user/watcher/processing-watcher/graph/graph/$nb - Starting...
11:35:07.210 [worker-akka.actor.default-dispatcher-8] INFO  a.a.LocalActorRef akka://worker/user/watcher/processing-watcher/graph/graph/$ob - Starting...
11:35:07.211 [worker-akka.actor.default-dispatcher-6] INFO  a.a.LocalActorRef akka://worker/user/watcher/processing-watcher/graph/graph/$pb - Starting...
11:35:07.211 [worker-akka.actor.default-dispatcher-6] INFO  a.a.LocalActorRef akka://worker/user/watcher/processing-watcher/graph/graph/$qb - Starting...
11:35:07.213 [worker-akka.actor.default-dispatcher-6] INFO  a.a.LocalActorRef akka://worker/user/watcher/processing-watcher/graph/graph/$rb - Starting...
11:35:07.214 [worker-akka.actor.default-dispatcher-6] INFO  a.a.LocalActorRef akka://worker/user/watcher/processing-watcher/graph/graph/$sb - Starting...
11:35:07.215 [worker-akka.actor.default-dispatcher-6] INFO  a.a.LocalActorRef akka://worker/user/watcher/processing-watcher/graph/graph/$tb - Starting...
11:35:07.216 [worker-akka.actor.default-dispatcher-6] INFO  a.a.LocalActorRef akka://worker/user/watcher/processing-watcher/graph/graph/$ub - Starting...
11:35:07.218 [worker-akka.actor.default-dispatcher-6] INFO  a.a.LocalActorRef akka://worker/user/watcher/processing-watcher/graph/graph/$wb - Starting...
11:35:07.219 [worker-akka.actor.default-dispatcher-8] INFO  a.a.LocalActorRef akka://worker/user/watcher/processing-watcher/graph/graph/$vb - Starting...
11:35:07.219 [worker-akka.actor.default-dispatcher-8] INFO  a.a.LocalActorRef akka://worker/user/watcher/processing-watcher/graph/graph/$xb - Starting...
11:35:07.219 [worker-akka.actor.default-dispatcher-8] INFO  a.a.LocalActorRef akka://worker/user/watcher/processing-watcher/graph/graph/$yb - Starting...
11:35:07.219 [worker-akka.actor.default-dispatcher-8] INFO  a.a.LocalActorRef akka://worker/user/watcher/processing-watcher/graph/graph/$zb - Starting...
11:35:07.219 [worker-akka.actor.default-dispatcher-6] INFO  a.a.LocalActorRef akka://worker/user/watcher/processing-watcher/graph/graph/$Ab - Starting...
11:35:07.221 [worker-akka.actor.default-dispatcher-6] INFO  a.a.LocalActorRef akka://worker/user/watcher/processing-watcher/graph/graph/$Bb - Starting...
11:35:07.222 [worker-akka.actor.default-dispatcher-6] INFO  a.a.LocalActorRef akka://worker/user/watcher/processing-watcher/graph/graph/$Cb - Starting...
11:35:07.223 [worker-akka.actor.default-dispatcher-6] INFO  a.a.LocalActorRef akka://worker/user/watcher/processing-watcher/graph/graph/$Db - Starting...
11:35:07.226 [worker-akka.actor.default-dispatcher-6] INFO  a.a.LocalActorRef akka://worker/user/watcher/processing-watcher/graph/graph/$Eb - Starting...
11:35:07.227 [worker-akka.actor.default-dispatcher-6] INFO  a.a.LocalActorRef akka://worker/user/watcher/processing-watcher/graph/graph/$Fb - Starting...
11:35:07.230 [worker-akka.actor.default-dispatcher-6] INFO  a.a.LocalActorRef akka://worker/user/watcher/processing-watcher/graph/graph/$Gb - Starting...
11:35:07.232 [worker-akka.actor.default-dispatcher-8] INFO  a.a.LocalActorRef akka://worker/user/watcher/processing-watcher/graph/graph/$Ib - Starting...
11:35:07.233 [worker-akka.actor.default-dispatcher-8] INFO  a.a.LocalActorRef akka://worker/user/watcher/processing-watcher/graph/graph/$Hb - Starting...
11:35:07.233 [worker-akka.actor.default-dispatcher-8] INFO  a.a.LocalActorRef akka://worker/user/watcher/processing-watcher/graph/graph/$Kb - Starting...
11:35:07.233 [worker-akka.actor.default-dispatcher-8] INFO  a.a.LocalActorRef akka://worker/user/watcher/processing-watcher/graph/graph/$Jb - Starting...
11:35:07.233 [worker-akka.actor.default-dispatcher-8] INFO  a.a.LocalActorRef akka://worker/user/watcher/processing-watcher/graph/graph/$Lb - Starting...
11:35:07.233 [worker-akka.actor.default-dispatcher-8] INFO  a.a.LocalActorRef akka://worker/user/watcher/processing-watcher/graph/graph/$Mb - Starting...
11:35:07.233 [worker-akka.actor.default-dispatcher-8] INFO  a.a.LocalActorRef akka://worker/user/watcher/processing-watcher/graph/graph/$Nb - Starting...
2019-10-10T11:35:22.973+0000: 31.673: [GC (Allocation Failure) 2019-10-10T11:35:22.973+0000: 31.673: [DefNew: 409600K->32035K(460800K), 0.0485514 secs] 435545K->57981K(1484800K), 0.0486563 secs] [Times: user=0.03 sys=0.02, real=0.05 secs] 
2019-10-10T11:35:34.938+0000: 43.638: [GC (Allocation Failure) 2019-10-10T11:35:34.938+0000: 43.638: [DefNew: 441635K->1194K(460800K), 0.0388520 secs] 467581K->55905K(1484800K), 0.0389700 secs] [Times: user=0.02 sys=0.01, real=0.04 secs] 
2019-10-10T11:35:43.551+0000: 52.250: [GC (Allocation Failure) 2019-10-10T11:35:43.551+0000: 52.250: [DefNew: 410794K->1396K(460800K), 0.0058390 secs] 465505K->56107K(1484800K), 0.0059401 secs] [Times: user=0.00 sys=0.00, real=0.00 secs] 
2019-10-10T11:35:50.091+0000: 58.791: [GC (Allocation Failure) 2019-10-10T11:35:50.091+0000: 58.791: [DefNew: 410996K->1553K(460800K), 0.0059116 secs] 465707K->56264K(1484800K), 0.0060099 secs] [Times: user=0.00 sys=0.00, real=0.00 secs] 
2019-10-10T11:35:59.538+0000: 68.238: [GC (Allocation Failure) 2019-10-10T11:35:59.538+0000: 68.238: [DefNew: 411153K->2190K(460800K), 0.0075510 secs] 465864K->56901K(1484800K), 0.0076458 secs] [Times: user=0.01 sys=0.00, real=0.01 secs] 
2019-10-10T11:36:09.039+0000: 77.739: [GC (Allocation Failure) 2019-10-10T11:36:09.039+0000: 77.739: [DefNew: 411790K->1930K(460800K), 0.0050281 secs] 466501K->56641K(1484800K), 0.0051291 secs] [Times: user=0.00 sys=0.00, real=0.01 secs] 
2019-10-10T11:36:16.885+0000: 85.584: [GC (Allocation Failure) 2019-10-10T11:36:16.885+0000: 85.584: [DefNew: 411530K->1825K(460800K), 0.0044289 secs] 466241K->56536K(1484800K), 0.0045335 secs] [Times: user=0.01 sys=0.00, real=0.01 secs] 
2019-10-10T11:36:24.042+0000: 92.742: [GC (Allocation Failure) 2019-10-10T11:36:24.042+0000: 92.742: [DefNew: 411425K->1814K(460800K), 0.0045308 secs] 466136K->56525K(1484800K), 0.0046335 secs] [Times: user=0.00 sys=0.00, real=0.00 secs] 
2019-10-10T11:36:31.410+0000: 100.110: [GC (Allocation Failure) 2019-10-10T11:36:31.411+0000: 100.110: [DefNew: 411414K->1880K(460800K), 0.0047266 secs] 466125K->56591K(1484800K), 0.0048296 secs] [Times: user=0.00 sys=0.00, real=0.00 secs] 
2019-10-10T11:36:38.586+0000: 107.286: [GC (Allocation Failure) 2019-10-10T11:36:38.586+0000: 107.286: [DefNew: 411480K->1812K(460800K), 0.0046519 secs] 466191K->56523K(1484800K), 0.0047487 secs] [Times: user=0.00 sys=0.00, real=0.01 secs] 
2019-10-10T11:36:46.172+0000: 114.871: [GC (Allocation Failure) 2019-10-10T11:36:46.172+0000: 114.871: [DefNew: 411412K->1813K(460800K), 0.0049768 secs] 466123K->56524K(1484800K), 0.0050776 secs] [Times: user=0.01 sys=0.00, real=0.00 secs] 
2019-10-10T11:36:53.792+0000: 122.492: [GC (Allocation Failure) 2019-10-10T11:36:53.792+0000: 122.492: [DefNew: 411413K->1830K(460800K), 0.0046625 secs] 466124K->56541K(1484800K), 0.0047984 secs] [Times: user=0.00 sys=0.00, real=0.00 secs] 
2019-10-10T11:37:01.008+0000: 129.707: [GC (Allocation Failure) 2019-10-10T11:37:01.008+0000: 129.707: [DefNew: 411430K->1850K(460800K), 0.0050263 secs] 466141K->56561K(1484800K), 0.0051276 secs] [Times: user=0.01 sys=0.00, real=0.01 secs] 
2019-10-10T11:37:08.706+0000: 137.405: [GC (Allocation Failure) 2019-10-10T11:37:08.706+0000: 137.405: [DefNew: 411450K->1851K(460800K), 0.0047077 secs] 466161K->56562K(1484800K), 0.0048188 secs] [Times: user=0.01 sys=0.00, real=0.01 secs] 
2019-10-10T11:37:16.062+0000: 144.762: [GC (Allocation Failure) 2019-10-10T11:37:16.062+0000: 144.762: [DefNew: 411451K->1907K(460800K), 0.0047630 secs] 466162K->56618K(1484800K), 0.0048666 secs] [Times: user=0.00 sys=0.00, real=0.00 secs] 
2019-10-10T11:37:23.465+0000: 152.164: [GC (Allocation Failure) 2019-10-10T11:37:23.465+0000: 152.164: [DefNew: 411507K->1940K(460800K), 0.0049311 secs] 466218K->56651K(1484800K), 0.0050298 secs] [Times: user=0.01 sys=0.00, real=0.01 secs] 
2019-10-10T11:37:31.200+0000: 159.900: [GC (Allocation Failure) 2019-10-10T11:37:31.200+0000: 159.900: [DefNew: 411540K->1619K(460800K), 0.0052329 secs] 466251K->56634K(1484800K), 0.0053422 secs] [Times: user=0.00 sys=0.00, real=0.00 secs] 
2019-10-10T11:37:38.530+0000: 167.230: [GC (Allocation Failure) 2019-10-10T11:37:38.530+0000: 167.230: [DefNew: 411219K->1363K(460800K), 0.0047038 secs] 466234K->56562K(1484800K), 0.0048032 secs] [Times: user=0.01 sys=0.00, real=0.00 secs] 
2019-10-10T11:37:45.992+0000: 174.692: [GC (Allocation Failure) 2019-10-10T11:37:45.992+0000: 174.692: [DefNew: 410963K->1225K(460800K), 0.0043384 secs] 466162K->56588K(1484800K), 0.0044500 secs] [Times: user=0.00 sys=0.00, real=0.00 secs] 
2019-10-10T11:37:53.906+0000: 182.606: [GC (Allocation Failure) 2019-10-10T11:37:53.906+0000: 182.606: [DefNew: 410825K->233K(460800K), 0.0055246 secs] 466188K->56614K(1484800K), 0.0056219 secs] [Times: user=0.00 sys=0.00, real=0.01 secs] 
2019-10-10T11:38:01.074+0000: 189.774: [GC (Allocation Failure) 2019-10-10T11:38:01.074+0000: 189.774: [DefNew: 409833K->223K(460800K), 0.0033681 secs] 466214K->56608K(1484800K), 0.0034657 secs] [Times: user=0.00 sys=0.00, real=0.00 secs] 
2019-10-10T11:38:08.453+0000: 197.153: [GC (Allocation Failure) 2019-10-10T11:38:08.453+0000: 197.153: [DefNew: 409823K->243K(460800K), 0.0028733 secs] 466208K->56628K(1484800K), 0.0029631 secs] [Times: user=0.00 sys=0.00, real=0.00 secs] 
2019-10-10T11:38:16.253+0000: 204.952: [GC (Allocation Failure) 2019-10-10T11:38:16.253+0000: 204.952: [DefNew: 409843K->224K(460800K), 0.0030878 secs] 466228K->56610K(1484800K), 0.0032032 secs] [Times: user=0.01 sys=0.00, real=0.00 secs] 
2019-10-10T11:38:23.628+0000: 212.327: [GC (Allocation Failure) 2019-10-10T11:38:23.628+0000: 212.327: [DefNew: 409824K->241K(460800K), 0.0029612 secs] 466210K->56628K(1484800K), 0.0030505 secs] [Times: user=0.00 sys=0.00, real=0.01 secs] 
2019-10-10T11:38:31.429+0000: 220.128: [GC (Allocation Failure) 2019-10-10T11:38:31.429+0000: 220.128: [DefNew: 409841K->224K(460800K), 0.0030825 secs] 466228K->56610K(1484800K), 0.0031838 secs] [Times: user=0.00 sys=0.01, real=0.00 secs] 
2019-10-10T11:38:38.768+0000: 227.468: [GC (Allocation Failure) 2019-10-10T11:38:38.768+0000: 227.468: [DefNew: 409824K->229K(460800K), 0.0028933 secs] 466210K->56615K(1484800K), 0.0029889 secs] [Times: user=0.00 sys=0.00, real=0.00 secs] 
2019-10-10T11:38:46.168+0000: 234.868: [GC (Allocation Failure) 2019-10-10T11:38:46.168+0000: 234.868: [DefNew: 409829K->213K(460800K), 0.0029874 secs] 466215K->56612K(1484800K), 0.0030824 secs] [Times: user=0.00 sys=0.00, real=0.00 secs] 
2019-10-10T11:38:53.980+0000: 242.680: [GC (Allocation Failure) 2019-10-10T11:38:53.980+0000: 242.680: [DefNew: 409813K->192K(460800K), 0.0028557 secs] 466212K->56615K(1484800K), 0.0029457 secs] [Times: user=0.00 sys=0.00, real=0.00 secs] 
2019-10-10T11:39:01.187+0000: 249.886: [GC (Allocation Failure) 2019-10-10T11:39:01.187+0000: 249.886: [DefNew: 409792K->236K(460800K), 0.0030375 secs] 466215K->56659K(1484800K), 0.0031159 secs] [Times: user=0.01 sys=0.00, real=0.01 secs] 
2019-10-10T11:39:08.457+0000: 257.157: [GC (Allocation Failure) 2019-10-10T11:39:08.457+0000: 257.157: [DefNew: 409836K->246K(460800K), 0.0028751 secs] 466259K->56669K(1484800K), 0.0029708 secs] [Times: user=0.00 sys=0.00, real=0.01 secs] 
2019-10-10T11:39:16.308+0000: 265.008: [GC (Allocation Failure) 2019-10-10T11:39:16.308+0000: 265.008: [DefNew: 409846K->221K(460800K), 0.0028070 secs] 466269K->56644K(1484800K), 0.0029292 secs] [Times: user=0.00 sys=0.00, real=0.00 secs] 
2019-10-10T11:39:23.672+0000: 272.372: [GC (Allocation Failure) 2019-10-10T11:39:23.672+0000: 272.372: [DefNew: 409821K->258K(460800K), 0.0029771 secs] 466244K->56681K(1484800K), 0.0030656 secs] [Times: user=0.01 sys=0.00, real=0.00 secs] 
2019-10-10T11:39:30.930+0000: 279.629: [GC (Allocation Failure) 2019-10-10T11:39:30.930+0000: 279.629: [DefNew: 409858K->226K(460800K), 0.0029464 secs] 466281K->56649K(1484800K), 0.0030544 secs] [Times: user=0.00 sys=0.00, real=0.00 secs] 
2019-10-10T11:39:38.714+0000: 287.414: [GC (Allocation Failure) 2019-10-10T11:39:38.714+0000: 287.414: [DefNew: 409826K->276K(460800K), 0.0030769 secs] 466249K->56699K(1484800K), 0.0031572 secs] [Times: user=0.00 sys=0.00, real=0.00 secs] 
2019-10-10T11:39:46.039+0000: 294.739: [GC (Allocation Failure) 2019-10-10T11:39:46.039+0000: 294.739: [DefNew: 409876K->215K(460800K), 0.0028354 secs] 466299K->56651K(1484800K), 0.0029408 secs] [Times: user=0.00 sys=0.00, real=0.01 secs] 
2019-10-10T11:39:53.547+0000: 302.247: [GC (Allocation Failure) 2019-10-10T11:39:53.547+0000: 302.247: [DefNew: 409815K->197K(460800K), 0.0030634 secs] 466251K->56666K(1484800K), 0.0031622 secs] [Times: user=0.00 sys=0.00, real=0.01 secs] 
2019-10-10T11:40:01.098+0000: 309.798: [GC (Allocation Failure) 2019-10-10T11:40:01.098+0000: 309.798: [DefNew: 409797K->178K(460800K), 0.0030107 secs] 466266K->56647K(1484800K), 0.0031026 secs] [Times: user=0.00 sys=0.00, real=0.01 secs] 
2019-10-10T11:40:08.429+0000: 317.129: [GC (Allocation Failure) 2019-10-10T11:40:08.430+0000: 317.129: [DefNew: 409778K->178K(460800K), 0.0027690 secs] 466247K->56647K(1484800K), 0.0028577 secs] [Times: user=0.00 sys=0.00, real=0.00 secs] 
2019-10-10T11:40:15.814+0000: 324.514: [GC (Allocation Failure) 2019-10-10T11:40:15.814+0000: 324.514: [DefNew: 409778K->196K(460800K), 0.0028167 secs] 466247K->56665K(1484800K), 0.0029111 secs] [Times: user=0.00 sys=0.00, real=0.00 secs] 
2019-10-10T11:40:23.612+0000: 332.311: [GC (Allocation Failure) 2019-10-10T11:40:23.612+0000: 332.311: [DefNew: 409796K->186K(460800K), 0.0027402 secs] 466265K->56656K(1484800K), 0.0028522 secs] [Times: user=0.01 sys=0.00, real=0.00 secs] 
2019-10-10T11:40:30.930+0000: 339.630: [GC (Allocation Failure) 2019-10-10T11:40:30.930+0000: 339.630: [DefNew: 409786K->179K(460800K), 0.0031632 secs] 466256K->56649K(1484800K), 0.0032679 secs] [Times: user=0.00 sys=0.00, real=0.00 secs] 
2019-10-10T11:40:38.719+0000: 347.419: [GC (Allocation Failure) 2019-10-10T11:40:38.719+0000: 347.419: [DefNew: 409779K->179K(460800K), 0.0028673 secs] 466249K->56650K(1484800K), 0.0029569 secs] [Times: user=0.00 sys=0.00, real=0.01 secs] 
2019-10-10T11:40:46.039+0000: 354.738: [GC (Allocation Failure) 2019-10-10T11:40:46.039+0000: 354.738: [DefNew: 409779K->232K(460800K), 0.0029581 secs] 466250K->56707K(1484800K), 0.0030486 secs] [Times: user=0.00 sys=0.00, real=0.01 secs] 
2019-10-10T11:40:53.524+0000: 362.224: [GC (Allocation Failure) 2019-10-10T11:40:53.524+0000: 362.224: [DefNew: 409832K->160K(460800K), 0.0028727 secs] 466307K->56651K(1484800K), 0.0029661 secs] [Times: user=0.00 sys=0.00, real=0.00 secs] 
2019-10-10T11:41:00.606+0000: 369.305: [GC (Allocation Failure) 2019-10-10T11:41:00.606+0000: 369.305: [DefNew: 409760K->190K(460800K), 0.0030032 secs] 466251K->56682K(1484800K), 0.0030980 secs] [Times: user=0.00 sys=0.00, real=0.01 secs] 
2019-10-10T11:41:08.377+0000: 377.077: [GC (Allocation Failure) 2019-10-10T11:41:08.377+0000: 377.077: [DefNew: 409790K->184K(460800K), 0.0027915 secs] 466282K->56676K(1484800K), 0.0028852 secs] [Times: user=0.01 sys=0.00, real=0.01 secs] 
2019-10-10T11:41:15.734+0000: 384.434: [GC (Allocation Failure) 2019-10-10T11:41:15.734+0000: 384.434: [DefNew: 409784K->184K(460800K), 0.0028284 secs] 466276K->56676K(1484800K), 0.0029185 secs] [Times: user=0.00 sys=0.00, real=0.00 secs] 
2019-10-10T11:41:23.552+0000: 392.252: [GC (Allocation Failure) 2019-10-10T11:41:23.552+0000: 392.252: [DefNew: 409784K->186K(460800K), 0.0027964 secs] 466276K->56678K(1484800K), 0.0029134 secs] [Times: user=0.00 sys=0.00, real=0.00 secs] 
2019-10-10T11:41:30.880+0000: 399.580: [GC (Allocation Failure) 2019-10-10T11:41:30.880+0000: 399.580: [DefNew: 409786K->219K(460800K), 0.0028954 secs] 466278K->56711K(1484800K), 0.0029971 secs] [Times: user=0.00 sys=0.00, real=0.00 secs] 
2019-10-10T11:41:38.150+0000: 406.850: [GC (Allocation Failure) 2019-10-10T11:41:38.150+0000: 406.850: [DefNew: 409819K->218K(460800K), 0.0028556 secs] 466311K->56711K(1484800K), 0.0029402 secs] [Times: user=0.00 sys=0.00, real=0.00 secs] 
2019-10-10T11:41:46.011+0000: 414.710: [GC (Allocation Failure) 2019-10-10T11:41:46.011+0000: 414.710: [DefNew: 409818K->181K(460800K), 0.0029380 secs] 466311K->56677K(1484800K), 0.0030277 secs] [Times: user=0.01 sys=0.00, real=0.00 secs] 
2019-10-10T11:41:53.511+0000: 422.210: [GC (Allocation Failure) 2019-10-10T11:41:53.511+0000: 422.210: [DefNew: 409781K->173K(460800K), 0.0030317 secs] 466277K->56680K(1484800K), 0.0031473 secs] [Times: user=0.00 sys=0.00, real=0.00 secs] 
2019-10-10T11:42:00.661+0000: 429.361: [GC (Allocation Failure) 2019-10-10T11:42:00.661+0000: 429.361: [DefNew: 409773K->235K(460800K), 0.0031521 secs] 466280K->56743K(1484800K), 0.0032428 secs] [Times: user=0.00 sys=0.00, real=0.00 secs] 
2019-10-10T11:42:08.444+0000: 437.144: [GC (Allocation Failure) 2019-10-10T11:42:08.444+0000: 437.144: [DefNew: 409835K->206K(460800K), 0.0035648 secs] 466343K->56713K(1484800K), 0.0036757 secs] [Times: user=0.00 sys=0.00, real=0.00 secs] 
2019-10-10T11:42:15.849+0000: 444.549: [GC (Allocation Failure) 2019-10-10T11:42:15.849+0000: 444.549: [DefNew: 409806K->184K(460800K), 0.0026616 secs] 466313K->56692K(1484800K), 0.0027500 secs] [Times: user=0.00 sys=0.00, real=0.00 secs] 
2019-10-10T11:42:23.087+0000: 451.787: [GC (Allocation Failure) 2019-10-10T11:42:23.087+0000: 451.787: [DefNew: 409784K->272K(460800K), 0.0030084 secs] 466292K->56781K(1484800K), 0.0031064 secs] [Times: user=0.00 sys=0.00, real=0.01 secs] 
2019-10-10T11:42:30.844+0000: 459.544: [GC (Allocation Failure) 2019-10-10T11:42:30.844+0000: 459.544: [DefNew: 409872K->219K(460800K), 0.0029700 secs] 466381K->56729K(1484800K), 0.0030775 secs] [Times: user=0.00 sys=0.00, real=0.00 secs] 
11:42:33.669 [worker-akka.actor.default-dispatcher-8] INFO  a.r.a.Association(akka://worker) akka.remote.artery.Association(akka://worker) - Stopping idle outbound stream [2] to [akka://worker@flamestream-benchmarks-worker-0:5412]
2019-10-10T11:42:38.221+0000: 466.920: [GC (Allocation Failure) 2019-10-10T11:42:38.221+0000: 466.920: [DefNew: 409819K->322K(460800K), 0.0033844 secs] 466329K->56832K(1484800K), 0.0034774 secs] [Times: user=0.01 sys=0.00, real=0.00 secs] 
2019-10-10T11:42:45.483+0000: 474.183: [GC (Allocation Failure) 2019-10-10T11:42:45.484+0000: 474.183: [DefNew: 409922K->256K(460800K), 0.0032133 secs] 466432K->56766K(1484800K), 0.0033103 secs] [Times: user=0.01 sys=0.00, real=0.00 secs] 
2019-10-10T11:42:53.484+0000: 482.183: [GC (Allocation Failure) 2019-10-10T11:42:53.484+0000: 482.183: [DefNew: 409856K->216K(460800K), 0.0031635 secs] 466366K->56753K(1484800K), 0.0032540 secs] [Times: user=0.00 sys=0.00, real=0.00 secs] 
2019-10-10T11:43:00.693+0000: 489.393: [GC (Allocation Failure) 2019-10-10T11:43:00.693+0000: 489.393: [DefNew: 409816K->222K(460800K), 0.0031253 secs] 466353K->56759K(1484800K), 0.0032175 secs] [Times: user=0.01 sys=0.00, real=0.00 secs] 
2019-10-10T11:43:07.976+0000: 496.676: [GC (Allocation Failure) 2019-10-10T11:43:07.976+0000: 496.676: [DefNew: 409822K->261K(460800K), 0.0031483 secs] 466359K->56798K(1484800K), 0.0032289 secs] [Times: user=0.00 sys=0.00, real=0.00 secs] 
2019-10-10T11:43:15.773+0000: 504.473: [GC (Allocation Failure) 2019-10-10T11:43:15.773+0000: 504.473: [DefNew: 409861K->222K(460800K), 0.0030906 secs] 466398K->56760K(1484800K), 0.0031881 secs] [Times: user=0.01 sys=0.00, real=0.00 secs] 
2019-10-10T11:43:23.097+0000: 511.797: [GC (Allocation Failure) 2019-10-10T11:43:23.098+0000: 511.797: [DefNew: 409822K->226K(460800K), 0.0030073 secs] 466360K->56763K(1484800K), 0.0031152 secs] [Times: user=0.01 sys=0.00, real=0.01 secs] 
2019-10-10T11:43:30.900+0000: 519.599: [GC (Allocation Failure) 2019-10-10T11:43:30.900+0000: 519.599: [DefNew: 409826K->223K(460800K), 0.0031911 secs] 466363K->56761K(1484800K), 0.0032873 secs] [Times: user=0.01 sys=0.00, real=0.01 secs] 
2019-10-10T11:43:38.231+0000: 526.931: [GC (Allocation Failure) 2019-10-10T11:43:38.231+0000: 526.931: [DefNew: 409823K->234K(460800K), 0.0029892 secs] 466361K->56772K(1484800K), 0.0030740 secs] [Times: user=0.00 sys=0.00, real=0.00 secs] 
2019-10-10T11:43:45.534+0000: 534.234: [GC (Allocation Failure) 2019-10-10T11:43:45.534+0000: 534.234: [DefNew: 409834K->218K(460800K), 0.0030750 secs] 466372K->56759K(1484800K), 0.0031717 secs] [Times: user=0.00 sys=0.00, real=0.00 secs] 
2019-10-10T11:43:53.392+0000: 542.091: [GC (Allocation Failure) 2019-10-10T11:43:53.392+0000: 542.091: [DefNew: 409818K->206K(460800K), 0.0029961 secs] 466359K->56760K(1484800K), 0.0031013 secs] [Times: user=0.01 sys=0.00, real=0.00 secs] 
2019-10-10T11:44:00.667+0000: 549.367: [GC (Allocation Failure) 2019-10-10T11:44:00.667+0000: 549.367: [DefNew: 409806K->217K(460800K), 0.0030670 secs] 466360K->56770K(1484800K), 0.0031636 secs] [Times: user=0.00 sys=0.00, real=0.01 secs] 
2019-10-10T11:44:08.010+0000: 556.709: [GC (Allocation Failure) 2019-10-10T11:44:08.010+0000: 556.710: [DefNew: 409817K->218K(460800K), 0.0030561 secs] 466370K->56773K(1484800K), 0.0031696 secs] [Times: user=0.01 sys=0.00, real=0.00 secs] 
2019-10-10T11:44:15.750+0000: 564.450: [GC (Allocation Failure) 2019-10-10T11:44:15.750+0000: 564.450: [DefNew: 409818K->230K(460800K), 0.0030663 secs] 466373K->56785K(1484800K), 0.0031581 secs] [Times: user=0.00 sys=0.00, real=0.00 secs] 
2019-10-10T11:44:23.097+0000: 571.797: [GC (Allocation Failure) 2019-10-10T11:44:23.097+0000: 571.797: [DefNew: 409830K->219K(460800K), 0.0031246 secs] 466385K->56774K(1484800K), 0.0032458 secs] [Times: user=0.01 sys=0.00, real=0.01 secs] 
2019-10-10T11:44:30.442+0000: 579.142: [GC (Allocation Failure) 2019-10-10T11:44:30.442+0000: 579.142: [DefNew: 409819K->160K(460800K), 0.0030849 secs] 466374K->56771K(1484800K), 0.0031807 secs] [Times: user=0.00 sys=0.00, real=0.00 secs] 
2019-10-10T11:44:38.245+0000: 586.944: [GC (Allocation Failure) 2019-10-10T11:44:38.245+0000: 586.944: [DefNew: 409760K->216K(460800K), 0.0027987 secs] 466371K->56828K(1484800K), 0.0029137 secs] [Times: user=0.00 sys=0.00, real=0.00 secs] 
2019-10-10T11:44:45.628+0000: 594.328: [GC (Allocation Failure) 2019-10-10T11:44:45.628+0000: 594.328: [DefNew: 409816K->208K(460800K), 0.0029285 secs] 466428K->56820K(1484800K), 0.0030058 secs] [Times: user=0.00 sys=0.00, real=0.00 secs] 
2019-10-10T11:44:52.878+0000: 601.578: [GC (Allocation Failure) 2019-10-10T11:44:52.879+0000: 601.578: [DefNew: 409808K->223K(460800K), 0.0029616 secs] 466420K->56843K(1484800K), 0.0030404 secs] [Times: user=0.01 sys=0.00, real=0.01 secs] 
2019-10-10T11:45:00.649+0000: 609.349: [GC (Allocation Failure) 2019-10-10T11:45:00.649+0000: 609.349: [DefNew: 409823K->161K(460800K), 0.0028903 secs] 466443K->56781K(1484800K), 0.0029821 secs] [Times: user=0.01 sys=0.00, real=0.00 secs] 
2019-10-10T11:45:07.970+0000: 616.670: [GC (Allocation Failure) 2019-10-10T11:45:07.970+0000: 616.670: [DefNew: 409761K->162K(460800K), 0.0029258 secs] 466381K->56783K(1484800K), 0.0030119 secs] [Times: user=0.01 sys=0.00, real=0.00 secs] 
2019-10-10T11:45:15.344+0000: 624.044: [GC (Allocation Failure) 2019-10-10T11:45:15.344+0000: 624.044: [DefNew: 409762K->161K(460800K), 0.0027923 secs] 466383K->56782K(1484800K), 0.0028988 secs] [Times: user=0.01 sys=0.00, real=0.00 secs] 
2019-10-10T11:45:23.223+0000: 631.922: [GC (Allocation Failure) 2019-10-10T11:45:23.223+0000: 631.922: [DefNew: 409761K->160K(460800K), 0.0028177 secs] 466382K->56781K(1484800K), 0.0029213 secs] [Times: user=0.01 sys=0.00, real=0.00 secs] 
2019-10-10T11:45:30.559+0000: 639.258: [GC (Allocation Failure) 2019-10-10T11:45:30.559+0000: 639.258: [DefNew: 409760K->161K(460800K), 0.0026213 secs] 466381K->56782K(1484800K), 0.0027100 secs] [Times: user=0.00 sys=0.00, real=0.01 secs] 
2019-10-10T11:45:38.337+0000: 647.037: [GC (Allocation Failure) 2019-10-10T11:45:38.337+0000: 647.037: [DefNew: 409761K->173K(460800K), 0.0028937 secs] 466382K->56793K(1484800K), 0.0029684 secs] [Times: user=0.01 sys=0.00, real=0.01 secs] 
2019-10-10T11:45:45.676+0000: 654.376: [GC (Allocation Failure) 2019-10-10T11:45:45.676+0000: 654.376: [DefNew: 409773K->161K(460800K), 0.0026966 secs] 466393K->56782K(1484800K), 0.0028036 secs] [Times: user=0.00 sys=0.00, real=0.00 secs] 
2019-10-10T11:45:53.081+0000: 661.781: [GC (Allocation Failure) 2019-10-10T11:45:53.081+0000: 661.781: [DefNew: 409761K->149K(460800K), 0.0025885 secs] 466382K->56781K(1484800K), 0.0026723 secs] [Times: user=0.00 sys=0.00, real=0.00 secs] 
2019-10-10T11:46:00.718+0000: 669.418: [GC (Allocation Failure) 2019-10-10T11:46:00.718+0000: 669.418: [DefNew: 409749K->158K(460800K), 0.0029456 secs] 466381K->56790K(1484800K), 0.0030339 secs] [Times: user=0.01 sys=0.00, real=0.01 secs] 
2019-10-10T11:46:08.089+0000: 676.788: [GC (Allocation Failure) 2019-10-10T11:46:08.089+0000: 676.788: [DefNew: 409758K->157K(460800K), 0.0025368 secs] 466390K->56789K(1484800K), 0.0026255 secs] [Times: user=0.00 sys=0.00, real=0.00 secs] 
2019-10-10T11:46:15.401+0000: 684.101: [GC (Allocation Failure) 2019-10-10T11:46:15.401+0000: 684.101: [DefNew: 409757K->225K(460800K), 0.0029381 secs] 466389K->56857K(1484800K), 0.0030277 secs] [Times: user=0.01 sys=0.00, real=0.00 secs] 
2019-10-10T11:46:23.194+0000: 691.894: [GC (Allocation Failure) 2019-10-10T11:46:23.194+0000: 691.894: [DefNew: 409825K->174K(460800K), 0.0027307 secs] 466457K->56806K(1484800K), 0.0028056 secs] [Times: user=0.01 sys=0.00, real=0.00 secs] 
2019-10-10T11:46:30.625+0000: 699.325: [GC (Allocation Failure) 2019-10-10T11:46:30.625+0000: 699.325: [DefNew: 409774K->183K(460800K), 0.0026898 secs] 466406K->56815K(1484800K), 0.0027790 secs] [Times: user=0.00 sys=0.00, real=0.00 secs] 
2019-10-10T11:46:37.880+0000: 706.580: [GC (Allocation Failure) 2019-10-10T11:46:37.880+0000: 706.580: [DefNew: 409783K->158K(460800K), 0.0026188 secs] 466415K->56790K(1484800K), 0.0027126 secs] [Times: user=0.00 sys=0.00, real=0.00 secs] 
2019-10-10T11:46:45.788+0000: 714.488: [GC (Allocation Failure) 2019-10-10T11:46:45.788+0000: 714.488: [DefNew: 409758K->160K(460800K), 0.0027269 secs] 466390K->56792K(1484800K), 0.0028355 secs] [Times: user=0.01 sys=0.00, real=0.00 secs] 
2019-10-10T11:46:53.116+0000: 721.816: [GC (Allocation Failure) 2019-10-10T11:46:53.116+0000: 721.816: [DefNew: 409760K->149K(460800K), 0.0027331 secs] 466392K->56791K(1484800K), 0.0028104 secs] [Times: user=0.00 sys=0.00, real=0.00 secs] 
2019-10-10T11:47:00.390+0000: 729.089: [GC (Allocation Failure) 2019-10-10T11:47:00.390+0000: 729.089: [DefNew: 409749K->158K(460800K), 0.0029193 secs] 466391K->56800K(1484800K), 0.0030229 secs] [Times: user=0.01 sys=0.00, real=0.00 secs] 
2019-10-10T11:47:08.207+0000: 736.906: [GC (Allocation Failure) 2019-10-10T11:47:08.207+0000: 736.906: [DefNew: 409758K->158K(460800K), 0.0026357 secs] 466400K->56800K(1484800K), 0.0027319 secs] [Times: user=0.00 sys=0.00, real=0.01 secs] 
2019-10-10T11:47:15.533+0000: 744.233: [GC (Allocation Failure) 2019-10-10T11:47:15.533+0000: 744.233: [DefNew: 409758K->223K(460800K), 0.0028510 secs] 466400K->56866K(1484800K), 0.0029429 secs] [Times: user=0.01 sys=0.00, real=0.00 secs] 
2019-10-10T11:47:23.314+0000: 752.013: [GC (Allocation Failure) 2019-10-10T11:47:23.314+0000: 752.013: [DefNew: 409823K->158K(460800K), 0.0028100 secs] 466466K->56800K(1484800K), 0.0028934 secs] [Times: user=0.00 sys=0.00, real=0.00 secs] 
2019-10-10T11:47:30.694+0000: 759.394: [GC (Allocation Failure) 2019-10-10T11:47:30.694+0000: 759.394: [DefNew: 409758K->157K(460800K), 0.0026700 secs] 466400K->56799K(1484800K), 0.0027695 secs] [Times: user=0.00 sys=0.00, real=0.00 secs] 
2019-10-10T11:47:37.998+0000: 766.698: [GC (Allocation Failure) 2019-10-10T11:47:37.998+0000: 766.698: [DefNew: 409757K->239K(460800K), 0.0030674 secs] 466399K->56881K(1484800K), 0.0031764 secs] [Times: user=0.00 sys=0.00, real=0.01 secs] 
2019-10-10T11:47:45.780+0000: 774.480: [GC (Allocation Failure) 2019-10-10T11:47:45.780+0000: 774.480: [DefNew: 409839K->158K(460800K), 0.0025836 secs] 466481K->56800K(1484800K), 0.0026792 secs] [Times: user=0.01 sys=0.00, real=0.00 secs] 
2019-10-10T11:47:53.105+0000: 781.804: [GC (Allocation Failure) 2019-10-10T11:47:53.105+0000: 781.804: [DefNew: 409758K->182K(460800K), 0.0026799 secs] 466400K->56833K(1484800K), 0.0027705 secs] [Times: user=0.00 sys=0.01, real=0.00 secs] 
2019-10-10T11:48:00.351+0000: 789.050: [GC (Allocation Failure) 2019-10-10T11:48:00.351+0000: 789.050: [DefNew: 409782K->225K(460800K), 0.0031065 secs] 466433K->56876K(1484800K), 0.0031980 secs] [Times: user=0.00 sys=0.00, real=0.00 secs] 
2019-10-10T11:48:08.118+0000: 796.818: [GC (Allocation Failure) 2019-10-10T11:48:08.118+0000: 796.818: [DefNew: 409825K->158K(460800K), 0.0026294 secs] 466476K->56809K(1484800K), 0.0027152 secs] [Times: user=0.00 sys=0.00, real=0.01 secs] 
2019-10-10T11:48:15.530+0000: 804.230: [GC (Allocation Failure) 2019-10-10T11:48:15.531+0000: 804.230: [DefNew: 409758K->205K(460800K), 0.0028234 secs] 466409K->56857K(1484800K), 0.0029096 secs] [Times: user=0.00 sys=0.00, real=0.00 secs] 
2019-10-10T11:48:22.825+0000: 811.525: [GC (Allocation Failure) 2019-10-10T11:48:22.825+0000: 811.525: [DefNew: 409805K->159K(460800K), 0.0026411 secs] 466457K->56810K(1484800K), 0.0027317 secs] [Times: user=0.01 sys=0.00, real=0.01 secs] 
2019-10-10T11:48:30.627+0000: 819.327: [GC (Allocation Failure) 2019-10-10T11:48:30.627+0000: 819.327: [DefNew: 409759K->187K(460800K), 0.0027467 secs] 466410K->56838K(1484800K), 0.0028321 secs] [Times: user=0.00 sys=0.00, real=0.01 secs] 
2019-10-10T11:48:37.984+0000: 826.684: [GC (Allocation Failure) 2019-10-10T11:48:37.984+0000: 826.684: [DefNew: 409787K->235K(460800K), 0.0028191 secs] 466438K->56886K(1484800K), 0.0029141 secs] [Times: user=0.01 sys=0.00, real=0.00 secs] 
2019-10-10T11:48:45.321+0000: 834.020: [GC (Allocation Failure) 2019-10-10T11:48:45.321+0000: 834.020: [DefNew: 409835K->190K(460800K), 0.0026433 secs] 466486K->56841K(1484800K), 0.0027342 secs] [Times: user=0.01 sys=0.00, real=0.00 secs] 
2019-10-10T11:48:53.108+0000: 841.808: [GC (Allocation Failure) 2019-10-10T11:48:53.108+0000: 841.808: [DefNew: 409790K->164K(460800K), 0.0026462 secs] 466441K->56824K(1484800K), 0.0027381 secs] [Times: user=0.00 sys=0.00, real=0.00 secs] 
2019-10-10T11:49:00.372+0000: 849.072: [GC (Allocation Failure) 2019-10-10T11:49:00.372+0000: 849.072: [DefNew: 409764K->157K(460800K), 0.0028098 secs] 466424K->56817K(1484800K), 0.0029028 secs] [Times: user=0.00 sys=0.00, real=0.00 secs] 
2019-10-10T11:49:07.662+0000: 856.362: [GC (Allocation Failure) 2019-10-10T11:49:07.662+0000: 856.362: [DefNew: 409757K->174K(460800K), 0.0027493 secs] 466417K->56834K(1484800K), 0.0028447 secs] [Times: user=0.00 sys=0.00, real=0.00 secs] 
2019-10-10T11:49:15.422+0000: 864.122: [GC (Allocation Failure) 2019-10-10T11:49:15.422+0000: 864.122: [DefNew: 409774K->186K(460800K), 0.0029621 secs] 466434K->56846K(1484800K), 0.0030531 secs] [Times: user=0.00 sys=0.01, real=0.00 secs] 
2019-10-10T11:49:22.757+0000: 871.457: [GC (Allocation Failure) 2019-10-10T11:49:22.757+0000: 871.457: [DefNew: 409786K->158K(460800K), 0.0025788 secs] 466446K->56818K(1484800K), 0.0026678 secs] [Times: user=0.00 sys=0.00, real=0.00 secs] 
2019-10-10T11:49:30.041+0000: 878.741: [GC (Allocation Failure) 2019-10-10T11:49:30.041+0000: 878.741: [DefNew: 409758K->220K(460800K), 0.0029140 secs] 466418K->56881K(1484800K), 0.0030041 secs] [Times: user=0.00 sys=0.00, real=0.00 secs] 
2019-10-10T11:49:37.918+0000: 886.617: [GC (Allocation Failure) 2019-10-10T11:49:37.918+0000: 886.617: [DefNew: 409820K->166K(460800K), 0.0027183 secs] 466481K->56827K(1484800K), 0.0028232 secs] [Times: user=0.01 sys=0.00, real=0.01 secs] 
2019-10-10T11:49:45.265+0000: 893.964: [GC (Allocation Failure) 2019-10-10T11:49:45.265+0000: 893.964: [DefNew: 409766K->158K(460800K), 0.0029164 secs] 466427K->56818K(1484800K), 0.0030087 secs] [Times: user=0.01 sys=0.00, real=0.00 secs] 
2019-10-10T11:49:52.531+0000: 901.230: [GC (Allocation Failure) 2019-10-10T11:49:52.531+0000: 901.230: [DefNew: 409758K->149K(460800K), 0.0026651 secs] 466418K->56817K(1484800K), 0.0027507 secs] [Times: user=0.01 sys=0.00, real=0.00 secs] 
2019-10-10T11:50:00.333+0000: 909.032: [GC (Allocation Failure) 2019-10-10T11:50:00.333+0000: 909.032: [DefNew: 409749K->171K(460800K), 0.0030320 secs] 466417K->56839K(1484800K), 0.0031200 secs] [Times: user=0.01 sys=0.00, real=0.00 secs] 
2019-10-10T11:50:07.730+0000: 916.430: [GC (Allocation Failure) 2019-10-10T11:50:07.731+0000: 916.430: [DefNew: 409771K->175K(460800K), 0.0026695 secs] 466439K->56843K(1484800K), 0.0027750 secs] [Times: user=0.00 sys=0.00, real=0.00 secs] 
2019-10-10T11:50:15.088+0000: 923.788: [GC (Allocation Failure) 2019-10-10T11:50:15.088+0000: 923.788: [DefNew: 409775K->159K(460800K), 0.0026108 secs] 466443K->56828K(1484800K), 0.0027041 secs] [Times: user=0.00 sys=0.00, real=0.00 secs] 
2019-10-10T11:50:22.788+0000: 931.488: [GC (Allocation Failure) 2019-10-10T11:50:22.788+0000: 931.488: [DefNew: 409759K->159K(460800K), 0.0027091 secs] 466428K->56828K(1484800K), 0.0028051 secs] [Times: user=0.01 sys=0.00, real=0.00 secs] 
2019-10-10T11:50:30.124+0000: 938.824: [GC (Allocation Failure) 2019-10-10T11:50:30.124+0000: 938.824: [DefNew: 409759K->185K(460800K), 0.0031012 secs] 466428K->56853K(1484800K), 0.0031992 secs] [Times: user=0.00 sys=0.00, real=0.00 secs] 
2019-10-10T11:50:37.963+0000: 946.663: [GC (Allocation Failure) 2019-10-10T11:50:37.963+0000: 946.663: [DefNew: 409785K->175K(460800K), 0.0028314 secs] 466453K->56843K(1484800K), 0.0029293 secs] [Times: user=0.00 sys=0.00, real=0.00 secs] 
2019-10-10T11:50:45.271+0000: 953.971: [GC (Allocation Failure) 2019-10-10T11:50:45.271+0000: 953.971: [DefNew: 409775K->178K(460800K), 0.0027341 secs] 466443K->56847K(1484800K), 0.0028264 secs] [Times: user=0.00 sys=0.00, real=0.00 secs] 
2019-10-10T11:50:52.619+0000: 961.319: [GC (Allocation Failure) 2019-10-10T11:50:52.620+0000: 961.319: [DefNew: 409778K->149K(460800K), 0.0027233 secs] 466447K->56828K(1484800K), 0.0028246 secs] [Times: user=0.01 sys=0.00, real=0.01 secs] 
2019-10-10T11:51:00.386+0000: 969.085: [GC (Allocation Failure) 2019-10-10T11:51:00.386+0000: 969.085: [DefNew: 409749K->159K(460800K), 0.0029364 secs] 466428K->56837K(1484800K), 0.0030287 secs] [Times: user=0.00 sys=0.00, real=0.01 secs] 
2019-10-10T11:51:07.711+0000: 976.411: [GC (Allocation Failure) 2019-10-10T11:51:07.711+0000: 976.411: [DefNew: 409759K->157K(460800K), 0.0028592 secs] 466437K->56836K(1484800K), 0.0029596 secs] [Times: user=0.00 sys=0.00, real=0.00 secs] 
2019-10-10T11:51:14.979+0000: 983.678: [GC (Allocation Failure) 2019-10-10T11:51:14.979+0000: 983.678: [DefNew: 409757K->239K(460800K), 0.0028048 secs] 466436K->56917K(1484800K), 0.0028922 secs] [Times: user=0.00 sys=0.00, real=0.01 secs] 
2019-10-10T11:51:22.798+0000: 991.498: [GC (Allocation Failure) 2019-10-10T11:51:22.798+0000: 991.498: [DefNew: 409839K->200K(460800K), 0.0028038 secs] 466517K->56879K(1484800K), 0.0028800 secs] [Times: user=0.00 sys=0.00, real=0.01 secs] 
2019-10-10T11:51:30.147+0000: 998.847: [GC (Allocation Failure) 2019-10-10T11:51:30.147+0000: 998.847: [DefNew: 409800K->158K(460800K), 0.0030390 secs] 466479K->56837K(1484800K), 0.0031338 secs] [Times: user=0.01 sys=0.00, real=0.01 secs] 
2019-10-10T11:51:37.459+0000: 1006.159: [GC (Allocation Failure) 2019-10-10T11:51:37.459+0000: 1006.159: [DefNew: 409758K->157K(460800K), 0.0026729 secs] 466437K->56836K(1484800K), 0.0027652 secs] [Times: user=0.01 sys=0.00, real=0.01 secs] 
2019-10-10T11:51:45.233+0000: 1013.933: [GC (Allocation Failure) 2019-10-10T11:51:45.233+0000: 1013.933: [DefNew: 409757K->189K(460800K), 0.0028990 secs] 466436K->56868K(1484800K), 0.0030018 secs] [Times: user=0.00 sys=0.00, real=0.00 secs] 
11:51:50.322 [Client] INFO  c.s.f.r.e.s.SocketRear  - FlameSocketGraphDeployerRear@flamestream-benchmarks-worker-5: has been disconnected from Connection 10
11:51:50.330 [Client] INFO  c.s.f.r.e.s.SocketFront  - FlameSocketGraphDeployerFront@flamestream-benchmarks-worker-5 has been disconnected from Connection 10
11:51:50.452 [worker-akka.actor.default-dispatcher-13] WARN  c.s.f.r.e.s.SocketRear  - FlameSocketGraphDeployerRear@flamestream-benchmarks-worker-5: writing to closed log
11:51:54.738 [worker-akka.actor.default-dispatcher-13] INFO  a.r.a.Association(akka://worker) akka.remote.artery.Association(akka://worker) - Association to [akka://worker@flamestream-benchmarks-worker-1:5412] having UID [-1841295077369734911] has been stopped. All messages to this UID will be delivered to dead letters. Reason: ActorSystem terminated
11:51:54.901 [worker-akka.actor.default-dispatcher-13] INFO  a.a.LocalActorRef akka://worker/user/watcher/processing-watcher/graph/edge/FlameSocketGraphDeployerRear - Stopped
11:51:54.905 [worker-akka.actor.default-dispatcher-13] INFO  a.a.LocalActorRef akka://worker/user/watcher/processing-watcher/graph/negotiator - Stopped
11:51:54.920 [worker-akka.actor.default-dispatcher-12] INFO  a.a.LocalActorRef akka://worker/user/watcher/processing-watcher/graph/edge/FlameSocketGraphDeployerFront - Stopped
11:51:54.925 [worker-akka.actor.default-dispatcher-6] INFO  a.a.LocalActorRef akka://worker/user/watcher/processing-watcher/graph/graph/$+ - Stopped
11:51:54.926 [worker-akka.actor.default-dispatcher-6] INFO  a.a.LocalActorRef akka://worker/user/watcher/processing-watcher/graph/edge - Stopped
11:51:54.926 [worker-akka.actor.default-dispatcher-17] INFO  a.a.LocalActorRef akka://worker/user/watcher/processing-watcher/graph/graph/$0 - Stopped
11:51:54.928 [worker-akka.actor.default-dispatcher-18] INFO  a.a.LocalActorRef akka://worker/user/watcher/processing-watcher/graph/graph/$1 - Stopped
11:51:54.928 [worker-akka.actor.default-dispatcher-18] INFO  a.r.a.Association(akka://worker) akka.remote.artery.Association(akka://worker) - Association to [akka://worker@flamestream-benchmarks-worker-2:5412] having UID [6444600634398261218] has been stopped. All messages to this UID will be delivered to dead letters. Reason: ActorSystem terminated
11:51:54.928 [worker-akka.actor.default-dispatcher-18] INFO  a.a.LocalActorRef akka://worker/user/watcher/processing-watcher/graph/graph/$2 - Stopped
11:51:54.928 [worker-akka.actor.default-dispatcher-18] INFO  a.a.LocalActorRef akka://worker/user/watcher/processing-watcher/graph/graph/$3 - Stopped
11:51:54.928 [worker-akka.actor.default-dispatcher-18] INFO  a.a.LocalActorRef akka://worker/user/watcher/processing-watcher/graph/graph/$4 - Stopped
11:51:54.929 [worker-akka.actor.default-dispatcher-17] INFO  a.a.LocalActorRef akka://worker/user/watcher/processing-watcher/graph/graph/$5 - Stopped
11:51:54.929 [worker-akka.actor.default-dispatcher-17] INFO  a.a.LocalActorRef akka://worker/user/watcher/processing-watcher/graph/graph/$6 - Stopped
11:51:54.929 [worker-akka.actor.default-dispatcher-17] INFO  a.a.LocalActorRef akka://worker/user/watcher/processing-watcher/graph/graph/$7 - Stopped
11:51:54.931 [worker-akka.actor.default-dispatcher-18] INFO  a.a.LocalActorRef akka://worker/user/watcher/processing-watcher/graph/graph/$8 - Stopped
11:51:54.933 [worker-akka.actor.default-dispatcher-18] INFO  a.a.LocalActorRef akka://worker/user/watcher/processing-watcher/graph/graph/$9 - Stopped
11:51:54.935 [worker-akka.actor.default-dispatcher-18] INFO  a.a.LocalActorRef akka://worker/user/watcher/processing-watcher/graph/graph/$A - Stopped
11:51:54.937 [worker-akka.actor.default-dispatcher-18] INFO  a.a.LocalActorRef akka://worker/user/watcher/processing-watcher/graph/graph/$Ab - Stopped
11:51:54.938 [worker-akka.actor.default-dispatcher-18] INFO  a.a.LocalActorRef akka://worker/user/watcher/processing-watcher/graph/graph/$B - Stopped
11:51:54.940 [worker-akka.actor.default-dispatcher-18] INFO  a.a.LocalActorRef akka://worker/user/watcher/processing-watcher/graph/graph/$Bb - Stopped
11:51:54.942 [worker-akka.actor.default-dispatcher-18] INFO  a.a.LocalActorRef akka://worker/user/watcher/processing-watcher/graph/graph/$C - Stopped
11:51:54.944 [worker-akka.actor.default-dispatcher-18] INFO  a.a.LocalActorRef akka://worker/user/watcher/processing-watcher/graph/graph/$Cb - Stopped
11:51:54.945 [worker-akka.actor.default-dispatcher-18] INFO  a.a.LocalActorRef akka://worker/user/watcher/processing-watcher/graph/graph/$D - Stopped
11:51:54.946 [worker-akka.actor.default-dispatcher-18] INFO  a.a.LocalActorRef akka://worker/user/watcher/processing-watcher/graph/graph/$Db - Stopped
11:51:54.948 [worker-akka.actor.default-dispatcher-18] INFO  a.a.LocalActorRef akka://worker/user/watcher/processing-watcher/graph/graph/$E - Stopped
11:51:54.949 [worker-akka.actor.default-dispatcher-18] INFO  a.a.LocalActorRef akka://worker/user/watcher/processing-watcher/graph/graph/$Eb - Stopped
11:51:54.951 [worker-akka.actor.default-dispatcher-18] INFO  a.a.LocalActorRef akka://worker/user/watcher/processing-watcher/graph/graph/$F - Stopped
11:51:54.952 [worker-akka.actor.default-dispatcher-18] INFO  a.a.LocalActorRef akka://worker/user/watcher/processing-watcher/graph/graph/$Fb - Stopped
11:51:54.953 [worker-akka.actor.default-dispatcher-18] INFO  a.a.LocalActorRef akka://worker/user/watcher/processing-watcher/graph/graph/$G - Stopped
11:51:54.956 [worker-akka.actor.default-dispatcher-18] INFO  a.a.LocalActorRef akka://worker/user/watcher/processing-watcher/graph/graph/$Gb - Stopped
11:51:54.957 [worker-akka.actor.default-dispatcher-18] INFO  a.a.LocalActorRef akka://worker/user/watcher/processing-watcher/graph/graph/$H - Stopped
11:51:54.960 [worker-akka.actor.default-dispatcher-18] INFO  a.a.LocalActorRef akka://worker/user/watcher/processing-watcher/graph/graph/$Hb - Stopped
11:51:54.961 [worker-akka.actor.default-dispatcher-18] INFO  a.a.LocalActorRef akka://worker/user/watcher/processing-watcher/graph/graph/$I - Stopped
11:51:54.962 [worker-akka.actor.default-dispatcher-18] INFO  a.a.LocalActorRef akka://worker/user/watcher/processing-watcher/graph/graph/$Ib - Stopped
11:51:54.965 [worker-akka.actor.default-dispatcher-19] INFO  a.a.LocalActorRef akka://worker/user/watcher/processing-watcher/graph/graph/$J - Stopped
11:51:54.965 [worker-akka.actor.default-dispatcher-19] INFO  a.a.LocalActorRef akka://worker/user/watcher/processing-watcher/graph/graph/$Jb - Stopped
11:51:54.965 [worker-akka.actor.default-dispatcher-19] INFO  a.a.LocalActorRef akka://worker/user/watcher/processing-watcher/graph/graph/$K - Stopped
11:51:54.965 [worker-akka.actor.default-dispatcher-18] INFO  a.a.LocalActorRef akka://worker/user/watcher/processing-watcher/graph/graph/$Kb - Stopped
11:51:54.967 [worker-akka.actor.default-dispatcher-18] INFO  a.a.LocalActorRef akka://worker/user/watcher/processing-watcher/graph/graph/$L - Stopped
11:51:54.967 [worker-akka.actor.default-dispatcher-18] INFO  a.a.LocalActorRef akka://worker/user/watcher/processing-watcher/graph/graph/$Lb - Stopped
11:51:54.968 [worker-akka.actor.default-dispatcher-18] INFO  a.a.LocalActorRef akka://worker/user/watcher/processing-watcher/graph/graph/$M - Stopped
11:51:54.969 [worker-akka.actor.default-dispatcher-18] INFO  a.a.LocalActorRef akka://worker/user/watcher/processing-watcher/graph/graph/$Mb - Stopped
11:51:54.970 [worker-akka.actor.default-dispatcher-18] INFO  a.a.LocalActorRef akka://worker/user/watcher/processing-watcher/graph/graph/$N - Stopped
11:51:54.971 [worker-akka.actor.default-dispatcher-18] INFO  a.a.LocalActorRef akka://worker/user/watcher/processing-watcher/graph/graph/$Nb - Stopped
11:51:54.972 [worker-akka.actor.default-dispatcher-18] INFO  a.a.LocalActorRef akka://worker/user/watcher/processing-watcher/graph/graph/$O - Stopped
11:51:54.973 [worker-akka.actor.default-dispatcher-18] INFO  a.a.LocalActorRef akka://worker/user/watcher/processing-watcher/graph/graph/$P - Stopped
11:51:54.974 [worker-akka.actor.default-dispatcher-19] INFO  a.a.LocalActorRef akka://worker/user/watcher/processing-watcher/graph/graph/$Q - Stopped
11:51:54.975 [worker-akka.actor.default-dispatcher-18] INFO  a.a.LocalActorRef akka://worker/user/watcher/processing-watcher/graph/graph/$R - Stopped
11:51:54.976 [worker-akka.actor.default-dispatcher-18] INFO  a.a.LocalActorRef akka://worker/user/watcher/processing-watcher/graph/graph/$S - Stopped
11:51:54.976 [worker-akka.actor.default-dispatcher-18] INFO  a.a.LocalActorRef akka://worker/user/watcher/processing-watcher/graph/graph/$T - Stopped
11:51:54.977 [worker-akka.actor.default-dispatcher-18] INFO  a.a.LocalActorRef akka://worker/user/watcher/processing-watcher/graph/graph/$U - Stopped
11:51:54.977 [worker-akka.actor.default-dispatcher-18] INFO  a.a.LocalActorRef akka://worker/user/watcher/processing-watcher/graph/graph/$V - Stopped
11:51:54.979 [worker-akka.actor.default-dispatcher-19] INFO  a.a.LocalActorRef akka://worker/user/watcher/processing-watcher/graph/graph/$W - Stopped
11:51:54.979 [worker-akka.actor.default-dispatcher-19] INFO  a.a.LocalActorRef akka://worker/user/watcher/processing-watcher/graph/graph/$X - Stopped
11:51:54.979 [worker-akka.actor.default-dispatcher-19] INFO  a.a.LocalActorRef akka://worker/user/watcher/processing-watcher/graph/graph/$Y - Stopped
11:51:54.980 [worker-akka.actor.default-dispatcher-18] INFO  a.a.LocalActorRef akka://worker/user/watcher/processing-watcher/graph/graph/$Z - Stopped
11:51:54.980 [worker-akka.actor.default-dispatcher-18] INFO  a.a.LocalActorRef akka://worker/user/watcher/processing-watcher/graph/graph/$a - Stopped
11:51:54.981 [worker-akka.actor.default-dispatcher-18] INFO  a.a.LocalActorRef akka://worker/user/watcher/processing-watcher/graph/graph/$ab - Stopped
11:51:54.982 [worker-akka.actor.default-dispatcher-18] INFO  a.a.LocalActorRef akka://worker/user/watcher/processing-watcher/graph/graph/$b - Stopped
11:51:54.983 [worker-akka.actor.default-dispatcher-18] INFO  a.a.LocalActorRef akka://worker/user/watcher/processing-watcher/graph/graph/$bb - Stopped
11:51:54.984 [worker-akka.actor.default-dispatcher-18] INFO  a.a.LocalActorRef akka://worker/user/watcher/processing-watcher/graph/graph/$c - Stopped
11:51:54.985 [worker-akka.actor.default-dispatcher-18] INFO  a.a.LocalActorRef akka://worker/user/watcher/processing-watcher/graph/graph/$cb - Stopped
11:51:54.985 [worker-akka.actor.default-dispatcher-18] INFO  a.a.LocalActorRef akka://worker/user/watcher/processing-watcher/graph/graph/$d - Stopped
11:51:54.986 [worker-akka.actor.default-dispatcher-18] INFO  a.a.LocalActorRef akka://worker/user/watcher/processing-watcher/graph/graph/$db - Stopped
11:51:54.988 [worker-akka.actor.default-dispatcher-18] INFO  a.a.LocalActorRef akka://worker/user/watcher/processing-watcher/graph/graph/$e - Stopped
11:51:54.989 [worker-akka.actor.default-dispatcher-19] INFO  a.a.LocalActorRef akka://worker/user/watcher/processing-watcher/graph/graph/$eb - Stopped
11:51:54.989 [worker-akka.actor.default-dispatcher-19] INFO  a.a.LocalActorRef akka://worker/user/watcher/processing-watcher/graph/graph/$f - Stopped
11:51:54.989 [worker-akka.actor.default-dispatcher-19] INFO  a.a.LocalActorRef akka://worker/user/watcher/processing-watcher/graph/graph/$fb - Stopped
11:51:54.989 [worker-akka.actor.default-dispatcher-19] INFO  a.a.LocalActorRef akka://worker/user/watcher/processing-watcher/graph/graph/$g - Stopped
11:51:54.989 [worker-akka.actor.default-dispatcher-19] INFO  a.a.LocalActorRef akka://worker/user/watcher/processing-watcher/graph/graph/$gb - Stopped
11:51:54.990 [worker-akka.actor.default-dispatcher-18] INFO  a.a.LocalActorRef akka://worker/user/watcher/processing-watcher/graph/graph/$h - Stopped
11:51:54.990 [worker-akka.actor.default-dispatcher-18] INFO  a.a.LocalActorRef akka://worker/user/watcher/processing-watcher/graph/graph/$hb - Stopped
11:51:54.991 [worker-akka.actor.default-dispatcher-18] INFO  a.a.LocalActorRef akka://worker/user/watcher/processing-watcher/graph/graph/$i - Stopped
11:51:54.992 [worker-akka.actor.default-dispatcher-18] INFO  a.a.LocalActorRef akka://worker/user/watcher/processing-watcher/graph/graph/$ib - Stopped
11:51:54.993 [worker-akka.actor.default-dispatcher-18] INFO  a.a.LocalActorRef akka://worker/user/watcher/processing-watcher/graph/graph/$j - Stopped
11:51:54.994 [worker-akka.actor.default-dispatcher-18] INFO  a.a.LocalActorRef akka://worker/user/watcher/processing-watcher/graph/graph/$jb - Stopped
11:51:54.995 [worker-akka.actor.default-dispatcher-18] INFO  a.a.LocalActorRef akka://worker/user/watcher/processing-watcher/graph/graph/$k - Stopped
11:51:54.995 [worker-akka.actor.default-dispatcher-18] INFO  a.a.LocalActorRef akka://worker/user/watcher/processing-watcher/graph/graph/$kb - Stopped
11:51:54.997 [worker-akka.actor.default-dispatcher-19] INFO  a.a.LocalActorRef akka://worker/user/watcher/processing-watcher/graph/graph/$l - Stopped
11:51:54.997 [worker-akka.actor.default-dispatcher-19] INFO  a.a.LocalActorRef akka://worker/user/watcher/processing-watcher/graph/graph/$lb - Stopped
11:51:54.997 [worker-akka.actor.default-dispatcher-19] INFO  a.a.LocalActorRef akka://worker/user/watcher/processing-watcher/graph/graph/$m - Stopped
11:51:54.997 [worker-akka.actor.default-dispatcher-19] INFO  a.a.LocalActorRef akka://worker/user/watcher/processing-watcher/graph/graph/$mb - Stopped
11:51:54.998 [worker-akka.actor.default-dispatcher-19] INFO  a.a.LocalActorRef akka://worker/user/watcher/processing-watcher/graph/graph/$n - Stopped
11:51:54.999 [worker-akka.actor.default-dispatcher-19] INFO  a.a.LocalActorRef akka://worker/user/watcher/processing-watcher/graph/graph/$nb - Stopped
11:51:55.000 [worker-akka.actor.default-dispatcher-19] INFO  a.a.LocalActorRef akka://worker/user/watcher/processing-watcher/graph/graph/$o - Stopped
11:51:55.001 [worker-akka.actor.default-dispatcher-19] INFO  a.a.LocalActorRef akka://worker/user/watcher/processing-watcher/graph/graph/$ob - Stopped
11:51:55.002 [worker-akka.actor.default-dispatcher-19] INFO  a.a.LocalActorRef akka://worker/user/watcher/processing-watcher/graph/graph/$p - Stopped
11:51:55.002 [worker-akka.actor.default-dispatcher-19] INFO  a.a.LocalActorRef akka://worker/user/watcher/processing-watcher/graph/graph/$pb - Stopped
11:51:55.003 [worker-akka.actor.default-dispatcher-19] INFO  a.a.LocalActorRef akka://worker/user/watcher/processing-watcher/graph/graph/$q - Stopped
11:51:55.004 [worker-akka.actor.default-dispatcher-19] INFO  a.a.LocalActorRef akka://worker/user/watcher/processing-watcher/graph/graph/$qb - Stopped
11:51:55.004 [worker-akka.actor.default-dispatcher-19] INFO  a.a.LocalActorRef akka://worker/user/watcher/processing-watcher/graph/graph/$r - Stopped
11:51:55.005 [worker-akka.actor.default-dispatcher-19] INFO  a.a.LocalActorRef akka://worker/user/watcher/processing-watcher/graph/graph/$rb - Stopped
11:51:55.006 [worker-akka.actor.default-dispatcher-19] INFO  a.a.LocalActorRef akka://worker/user/watcher/processing-watcher/graph/graph/$s - Stopped
11:51:55.006 [worker-akka.actor.default-dispatcher-19] INFO  a.a.LocalActorRef akka://worker/user/watcher/processing-watcher/graph/graph/$sb - Stopped
11:51:55.007 [worker-akka.actor.default-dispatcher-19] INFO  a.a.LocalActorRef akka://worker/user/watcher/processing-watcher/graph/graph/$t - Stopped
11:51:55.008 [worker-akka.actor.default-dispatcher-19] INFO  a.a.LocalActorRef akka://worker/user/watcher/processing-watcher/graph/graph/$tb - Stopped
11:51:55.009 [worker-akka.actor.default-dispatcher-19] INFO  a.a.LocalActorRef akka://worker/user/watcher/processing-watcher/graph/graph/$u - Stopped
11:51:55.010 [worker-akka.actor.default-dispatcher-19] INFO  a.a.LocalActorRef akka://worker/user/watcher/processing-watcher/graph/graph/$ub - Stopped
11:51:55.011 [worker-akka.actor.default-dispatcher-19] INFO  a.a.LocalActorRef akka://worker/user/watcher/processing-watcher/graph/graph/$v - Stopped
11:51:55.011 [worker-akka.actor.default-dispatcher-19] INFO  a.a.LocalActorRef akka://worker/user/watcher/processing-watcher/graph/graph/$vb - Stopped
11:51:55.012 [worker-akka.actor.default-dispatcher-19] INFO  a.a.LocalActorRef akka://worker/user/watcher/processing-watcher/graph/graph/$w - Stopped
11:51:55.013 [worker-akka.actor.default-dispatcher-19] INFO  a.a.LocalActorRef akka://worker/user/watcher/processing-watcher/graph/graph/$wb - Stopped
11:51:55.014 [worker-akka.actor.default-dispatcher-19] INFO  a.a.LocalActorRef akka://worker/user/watcher/processing-watcher/graph/graph/$x - Stopped
11:51:55.015 [worker-akka.actor.default-dispatcher-19] INFO  a.a.LocalActorRef akka://worker/user/watcher/processing-watcher/graph/graph/$xb - Stopped
11:51:55.015 [worker-akka.actor.default-dispatcher-19] INFO  a.a.LocalActorRef akka://worker/user/watcher/processing-watcher/graph/graph/$y - Stopped
11:51:55.016 [worker-akka.actor.default-dispatcher-19] INFO  a.a.LocalActorRef akka://worker/user/watcher/processing-watcher/graph/graph/$yb - Stopped
11:51:55.017 [worker-akka.actor.default-dispatcher-19] INFO  a.a.LocalActorRef akka://worker/user/watcher/processing-watcher/graph/graph/$z - Stopped
11:51:55.019 [worker-akka.actor.default-dispatcher-19] INFO  a.a.LocalActorRef akka://worker/user/watcher/processing-watcher/graph/graph/$zb - Stopped
11:51:55.020 [worker-akka.actor.default-dispatcher-19] INFO  a.a.LocalActorRef akka://worker/user/watcher/processing-watcher/graph/graph/$~ - Stopped
11:51:55.035 [worker-akka.actor.default-dispatcher-19] INFO  a.a.LocalActorRef akka://worker/user/watcher/processing-watcher/graph/graph - Stopped
11:51:55.037 [worker-akka.actor.default-dispatcher-19] INFO  a.r.a.Association(akka://worker) akka.remote.artery.Association(akka://worker) - Association to [akka://worker@flamestream-benchmarks-worker-4:5412] having UID [8035050663617044396] has been stopped. All messages to this UID will be delivered to dead letters. Reason: ActorSystem terminated
11:51:55.043 [worker-akka.actor.default-dispatcher-19] INFO  a.a.LocalActorRef akka://worker/user/watcher/processing-watcher/graph - Stopped
11:51:55.044 [worker-akka.actor.default-dispatcher-6] INFO  a.a.LocalActorRef akka://worker/user/watcher/processing-watcher - Stopped
11:51:55.045 [Curator-Framework-0] INFO  o.a.c.f.i.CuratorFrameworkImpl  - backgroundOperationsLoop exiting
11:51:55.054 [Curator-PathChildrenCache-0] ERROR o.a.c.f.r.c.PathChildrenCache  - 
java.lang.IllegalStateException: instance must be started before calling this method
	at org.apache.curator.shaded.com.google.common.base.Preconditions.checkState(Preconditions.java:444)
	at org.apache.curator.framework.imps.CuratorFrameworkImpl.getChildren(CuratorFrameworkImpl.java:456)
	at org.apache.curator.framework.recipes.cache.PathChildrenCache.refresh(PathChildrenCache.java:521)
	at org.apache.curator.framework.recipes.cache.RefreshOperation.invoke(RefreshOperation.java:35)
	at org.apache.curator.framework.recipes.cache.PathChildrenCache$9.run(PathChildrenCache.java:786)
	at java.util.concurrent.Executors$RunnableAdapter.call(Executors.java:511)
	at java.util.concurrent.FutureTask.run(FutureTask.java:266)
	at java.util.concurrent.Executors$RunnableAdapter.call(Executors.java:511)
	at java.util.concurrent.FutureTask.run(FutureTask.java:266)
	at java.util.concurrent.ThreadPoolExecutor.runWorker(ThreadPoolExecutor.java:1149)
	at java.util.concurrent.ThreadPoolExecutor$Worker.run(ThreadPoolExecutor.java:624)
	at java.lang.Thread.run(Thread.java:748)
11:51:55.056 [worker-akka.actor.default-dispatcher-8-EventThread] INFO  o.a.z.ClientCnxn  - EventThread shut down for session: 0x100002c53420009
11:51:55.057 [worker-akka.actor.default-dispatcher-6] INFO  o.a.z.ZooKeeper  - Session: 0x100002c53420009 closed
11:51:55.059 [worker-akka.actor.default-dispatcher-19] INFO  a.a.RepointableActorRef akka://worker/user/watcher - Stopped
11:51:55.066 [worker-akka.actor.default-dispatcher-19] INFO  a.r.RemoteActorRefProvider$RemotingTerminator akka://worker@flamestream-benchmarks-worker-5:5412/system/remoting-terminator - Shutting down remote daemon.
11:51:55.067 [worker-akka.actor.default-dispatcher-19] INFO  a.r.RemoteActorRefProvider$RemotingTerminator akka://worker@flamestream-benchmarks-worker-5:5412/system/remoting-terminator - Remote daemon shut down; proceeding with flushing remote transports.
11:51:56.268 [worker-akka.actor.default-dispatcher-6] INFO  a.r.RemoteActorRefProvider$RemotingTerminator akka://worker@flamestream-benchmarks-worker-5:5412/system/remoting-terminator - Remoting shut down.
Heap
 def new generation   total 460800K, used 336846K [0x00000000a2400000, 0x00000000c1800000, 0x00000000c1800000)
  eden space 409600K,  82% used [0x00000000a2400000, 0x00000000b6cc4158, 0x00000000bb400000)
  from space 51200K,   0% used [0x00000000be600000, 0x00000000be62f780, 0x00000000c1800000)
  to   space 51200K,   0% used [0x00000000bb400000, 0x00000000bb400000, 0x00000000be600000)
 tenured generation   total 1024000K, used 56678K [0x00000000c1800000, 0x0000000100000000, 0x0000000100000000)
   the space 1024000K,   5% used [0x00000000c1800000, 0x00000000c4f59a90, 0x00000000c4f59c00, 0x0000000100000000)
 Metaspace       used 40748K, capacity 43548K, committed 43648K, reserved 1087488K
  class space    used 5330K, capacity 5662K, committed 5760K, reserved 1048576K
