12:06:05,978 |-INFO in ch.qos.logback.classic.LoggerContext[default] - Could NOT find resource [logback-test.xml]
12:06:05,978 |-INFO in ch.qos.logback.classic.LoggerContext[default] - Could NOT find resource [logback.groovy]
12:06:05,978 |-INFO in ch.qos.logback.classic.LoggerContext[default] - Found resource [logback.xml] at [jar:file:/home/nikitasokolov/flamestream/lib/flamestream-runtime-1.0-SNAPSHOT.jar!/logback.xml]
12:06:05,979 |-WARN in ch.qos.logback.classic.LoggerContext[default] - Resource [logback.xml] occurs multiple times on the classpath.
12:06:05,979 |-WARN in ch.qos.logback.classic.LoggerContext[default] - Resource [logback.xml] occurs at [jar:file:/home/nikitasokolov/flamestream/lib/flamestream-runtime-1.0-SNAPSHOT.jar!/logback.xml]
12:06:05,979 |-WARN in ch.qos.logback.classic.LoggerContext[default] - Resource [logback.xml] occurs at [jar:file:/home/nikitasokolov/flamestream/flamestream-runtime-1.0-SNAPSHOT.jar!/logback.xml]
12:06:05,995 |-INFO in ch.qos.logback.core.joran.spi.ConfigurationWatchList@6108b2d7 - URL [jar:file:/home/nikitasokolov/flamestream/lib/flamestream-runtime-1.0-SNAPSHOT.jar!/logback.xml] is not of type file
12:06:06,048 |-INFO in ch.qos.logback.classic.joran.action.ConfigurationAction - debug attribute not set
12:06:06,049 |-INFO in ch.qos.logback.core.joran.action.AppenderAction - About to instantiate appender of type [ch.qos.logback.core.ConsoleAppender]
12:06:06,060 |-INFO in ch.qos.logback.core.joran.action.AppenderAction - Naming appender as [STDOUT]
12:06:06,070 |-INFO in ch.qos.logback.core.joran.action.NestedComplexPropertyIA - Assuming default type [ch.qos.logback.classic.encoder.PatternLayoutEncoder] for [encoder] property
12:06:06,130 |-INFO in ch.qos.logback.core.joran.action.AppenderAction - About to instantiate appender of type [ch.qos.logback.core.rolling.RollingFileAppender]
12:06:06,135 |-INFO in ch.qos.logback.core.joran.action.AppenderAction - Naming appender as [FILE]
12:06:06,156 |-INFO in c.q.l.core.rolling.TimeBasedRollingPolicy@357863579 - No compression will be used
12:06:06,157 |-INFO in c.q.l.core.rolling.TimeBasedRollingPolicy@357863579 - Will use the pattern /tmp/application_%d{yyyy-MM-dd}.%i.log for the active file
12:06:06,160 |-INFO in ch.qos.logback.core.rolling.SizeAndTimeBasedFNATP@6bf256fa - The date pattern is 'yyyy-MM-dd' from file name pattern '/tmp/application_%d{yyyy-MM-dd}.%i.log'.
12:06:06,160 |-INFO in ch.qos.logback.core.rolling.SizeAndTimeBasedFNATP@6bf256fa - Roll-over at midnight.
12:06:06,164 |-INFO in ch.qos.logback.core.rolling.SizeAndTimeBasedFNATP@6bf256fa - Setting initial period to Sun Jun 09 12:05:19 MSK 2019
12:06:06,164 |-WARN in ch.qos.logback.core.rolling.SizeAndTimeBasedFNATP@6bf256fa - SizeAndTimeBasedFNATP is deprecated. Use SizeAndTimeBasedRollingPolicy instead
12:06:06,164 |-WARN in ch.qos.logback.core.rolling.SizeAndTimeBasedFNATP@6bf256fa - For more information see http://logback.qos.ch/manual/appenders.html#SizeAndTimeBasedRollingPolicy
12:06:06,168 |-INFO in ch.qos.logback.core.joran.action.NestedComplexPropertyIA - Assuming default type [ch.qos.logback.classic.encoder.PatternLayoutEncoder] for [encoder] property
12:06:06,170 |-INFO in ch.qos.logback.core.rolling.RollingFileAppender[FILE] - Active log file name: /tmp/application.log
12:06:06,170 |-INFO in ch.qos.logback.core.rolling.RollingFileAppender[FILE] - File property is set to [/tmp/application.log]
12:06:06,171 |-INFO in ch.qos.logback.classic.joran.action.RootLoggerAction - Setting level of ROOT logger to WARN
12:06:06,171 |-INFO in ch.qos.logback.core.joran.action.AppenderRefAction - Attaching appender named [STDOUT] to Logger[ROOT]
12:06:06,172 |-INFO in ch.qos.logback.core.joran.action.AppenderRefAction - Attaching appender named [FILE] to Logger[ROOT]
12:06:06,172 |-INFO in ch.qos.logback.classic.joran.action.ConfigurationAction - End of configuration.
12:06:06,172 |-INFO in ch.qos.logback.classic.joran.JoranConfigurator@6cd8737 - Registering current configuration as safe fallback point

2019-06-09T12:06:07.153+0300: 1.380: [GC (Metadata GC Threshold) [PSYoungGen: 110722K->15859K(149504K)] 110722K->15939K(491008K), 0.0265190 secs] [Times: user=0.05 sys=0.05, real=0.03 secs] 
2019-06-09T12:06:07.179+0300: 1.406: [Full GC (Metadata GC Threshold) [PSYoungGen: 15859K->0K(149504K)] [ParOldGen: 80K->15078K(341504K)] 15939K->15078K(491008K), [Metaspace: 20804K->20804K(1067008K)], 0.0323325 secs] [Times: user=0.18 sys=0.00, real=0.03 secs] 
12:06:18.076 [Curator-PathChildrenCache-1] WARN  o.a.c.u.ZKPaths  - The version of ZooKeeper being used doesn't support Container nodes. CreateMode.PERSISTENT will be used instead.
2019-06-09T12:06:19.012+0300: 13.291: [GC (Metadata GC Threshold) [PSYoungGen: 123965K->15791K(149504K)] 139043K->50408K(491008K), 0.0784717 secs] [Times: user=0.21 sys=0.02, real=0.08 secs] 
2019-06-09T12:06:19.091+0300: 13.318: [Full GC (Metadata GC Threshold) [PSYoungGen: 15791K->0K(149504K)] [ParOldGen: 34617K->39006K(341504K)] 50408K->39006K(491008K), [Metaspace: 34547K->34543K(1079296K)], 0.0358005 secs] [Times: user=0.18 sys=0.01, real=0.03 secs] 
2019-06-09T12:06:27.059+0300: 21.286: [GC (Allocation Failure) [PSYoungGen: 128512K->448K(149504K)] 167518K->39462K(491008K), 0.0053176 secs] [Times: user=0.04 sys=0.00, real=0.00 secs] 
2019-06-09T12:06:35.767+0300: 29.994: [GC (Allocation Failure) [PSYoungGen: 128960K->448K(149504K)] 167974K->39470K(491008K), 0.0053955 secs] [Times: user=0.05 sys=0.00, real=0.01 secs] 
2019-06-09T12:06:44.553+0300: 38.781: [GC (Allocation Failure) [PSYoungGen: 128960K->416K(129024K)] 167982K->39446K(470528K), 0.0026597 secs] [Times: user=0.01 sys=0.01, real=0.00 secs] 
2019-06-09T12:06:53.455+0300: 47.682: [GC (Allocation Failure) [PSYoungGen: 128928K->352K(150016K)] 167958K->39390K(491520K), 0.0050948 secs] [Times: user=0.03 sys=0.01, real=0.01 secs] 
2019-06-09T12:07:02.283+0300: 56.511: [GC (Allocation Failure) [PSYoungGen: 128864K->448K(148992K)] 167902K->39494K(490496K), 0.0042577 secs] [Times: user=0.02 sys=0.00, real=0.00 secs] 
2019-06-09T12:07:12.011+0300: 66.238: [GC (Allocation Failure) [PSYoungGen: 128960K->663K(151552K)] 168006K->39717K(493056K), 0.0042447 secs] [Times: user=0.01 sys=0.00, real=0.00 secs] 
2019-06-09T12:07:23.708+0300: 77.936: [GC (Allocation Failure) [PSYoungGen: 132759K->512K(151040K)] 171813K->39574K(492544K), 0.0074813 secs] [Times: user=0.03 sys=0.02, real=0.01 secs] 
2019-06-09T12:07:35.387+0300: 89.614: [GC (Allocation Failure) [PSYoungGen: 132608K->512K(153600K)] 171670K->39574K(495104K), 0.0041985 secs] [Times: user=0.01 sys=0.00, real=0.01 secs] 
12:07:46.991 [Curator-PathChildrenCache-0] ERROR o.a.c.f.r.c.PathChildrenCache  - 
java.lang.IllegalStateException: instance must be started before calling this method
	at org.apache.curator.shaded.com.google.common.base.Preconditions.checkState(Preconditions.java:444)
	at org.apache.curator.framework.imps.CuratorFrameworkImpl.getChildren(CuratorFrameworkImpl.java:456)
	at org.apache.curator.framework.recipes.cache.PathChildrenCache.refresh(PathChildrenCache.java:521)
	at org.apache.curator.framework.recipes.cache.RefreshOperation.invoke(RefreshOperation.java:35)
	at org.apache.curator.framework.recipes.cache.PathChildrenCache$9.run(PathChildrenCache.java:786)
	at java.util.concurrent.Executors$RunnableAdapter.call(Executors.java:511)
	at java.util.concurrent.FutureTask.run(FutureTask.java:266)
	at java.util.concurrent.Executors$RunnableAdapter.call(Executors.java:511)
	at java.util.concurrent.FutureTask.run(FutureTask.java:266)
	at java.util.concurrent.ThreadPoolExecutor.runWorker(ThreadPoolExecutor.java:1149)
	at java.util.concurrent.ThreadPoolExecutor$Worker.run(ThreadPoolExecutor.java:624)
	at java.lang.Thread.run(Thread.java:748)
Heap
 PSYoungGen      total 153600K, used 56305K [0x00000000f5980000, 0x0000000100000000, 0x0000000100000000)
  eden space 135680K, 41% used [0x00000000f5980000,0x00000000f8ffc428,0x00000000fde00000)
  from space 17920K, 2% used [0x00000000fee80000,0x00000000fef00030,0x0000000100000000)
  to   space 16896K, 0% used [0x00000000fde00000,0x00000000fde00000,0x00000000fee80000)
 ParOldGen       total 341504K, used 39062K [0x00000000e0c00000, 0x00000000f5980000, 0x00000000f5980000)
  object space 341504K, 11% used [0x00000000e0c00000,0x00000000e3225a10,0x00000000f5980000)
 Metaspace       used 36152K, capacity 37022K, committed 37208K, reserved 1081344K
  class space    used 4979K, capacity 5161K, committed 5248K, reserved 1048576K
