19:18:14,405 |-INFO in ch.qos.logback.classic.LoggerContext[default] - Could NOT find resource [logback-test.xml]
19:18:14,405 |-INFO in ch.qos.logback.classic.LoggerContext[default] - Could NOT find resource [logback.groovy]
19:18:14,405 |-INFO in ch.qos.logback.classic.LoggerContext[default] - Found resource [logback.xml] at [jar:file:/root/flamestream/lib/flamestream-runtime-1.0-SNAPSHOT.jar!/logback.xml]
19:18:14,405 |-WARN in ch.qos.logback.classic.LoggerContext[default] - Resource [logback.xml] occurs multiple times on the classpath.
19:18:14,405 |-WARN in ch.qos.logback.classic.LoggerContext[default] - Resource [logback.xml] occurs at [jar:file:/root/flamestream/lib/flamestream-runtime-1.0-SNAPSHOT.jar!/logback.xml]
19:18:14,405 |-WARN in ch.qos.logback.classic.LoggerContext[default] - Resource [logback.xml] occurs at [jar:file:/root/flamestream/flamestream-runtime-1.0-SNAPSHOT.jar!/logback.xml]
19:18:14,429 |-INFO in ch.qos.logback.core.joran.spi.ConfigurationWatchList@3fb6a447 - URL [jar:file:/root/flamestream/lib/flamestream-runtime-1.0-SNAPSHOT.jar!/logback.xml] is not of type file
19:18:14,496 |-INFO in ch.qos.logback.classic.joran.action.ConfigurationAction - debug attribute not set
19:18:14,497 |-INFO in ch.qos.logback.core.joran.action.AppenderAction - About to instantiate appender of type [ch.qos.logback.core.ConsoleAppender]
19:18:14,513 |-INFO in ch.qos.logback.core.joran.action.AppenderAction - Naming appender as [STDOUT]
19:18:14,531 |-INFO in ch.qos.logback.core.joran.action.NestedComplexPropertyIA - Assuming default type [ch.qos.logback.classic.encoder.PatternLayoutEncoder] for [encoder] property
19:18:14,618 |-INFO in ch.qos.logback.core.joran.action.AppenderAction - About to instantiate appender of type [ch.qos.logback.core.rolling.RollingFileAppender]
19:18:14,623 |-INFO in ch.qos.logback.core.joran.action.AppenderAction - Naming appender as [FILE]
19:18:14,654 |-INFO in c.q.l.core.rolling.TimeBasedRollingPolicy@127618319 - No compression will be used
19:18:14,655 |-INFO in c.q.l.core.rolling.TimeBasedRollingPolicy@127618319 - Will use the pattern /tmp/application_%d{yyyy-MM-dd}.%i.log for the active file
19:18:14,658 |-INFO in ch.qos.logback.core.rolling.SizeAndTimeBasedFNATP@6b2fad11 - The date pattern is 'yyyy-MM-dd' from file name pattern '/tmp/application_%d{yyyy-MM-dd}.%i.log'.
19:18:14,658 |-INFO in ch.qos.logback.core.rolling.SizeAndTimeBasedFNATP@6b2fad11 - Roll-over at midnight.
19:18:14,663 |-INFO in ch.qos.logback.core.rolling.SizeAndTimeBasedFNATP@6b2fad11 - Setting initial period to Mon Jun 10 19:16:40 UTC 2019
19:18:14,663 |-WARN in ch.qos.logback.core.rolling.SizeAndTimeBasedFNATP@6b2fad11 - SizeAndTimeBasedFNATP is deprecated. Use SizeAndTimeBasedRollingPolicy instead
19:18:14,663 |-WARN in ch.qos.logback.core.rolling.SizeAndTimeBasedFNATP@6b2fad11 - For more information see http://logback.qos.ch/manual/appenders.html#SizeAndTimeBasedRollingPolicy
19:18:14,667 |-INFO in ch.qos.logback.core.joran.action.NestedComplexPropertyIA - Assuming default type [ch.qos.logback.classic.encoder.PatternLayoutEncoder] for [encoder] property
19:18:14,672 |-INFO in ch.qos.logback.core.rolling.RollingFileAppender[FILE] - Active log file name: /tmp/application.log
19:18:14,672 |-INFO in ch.qos.logback.core.rolling.RollingFileAppender[FILE] - File property is set to [/tmp/application.log]
19:18:14,673 |-INFO in ch.qos.logback.classic.joran.action.RootLoggerAction - Setting level of ROOT logger to WARN
19:18:14,673 |-INFO in ch.qos.logback.core.joran.action.AppenderRefAction - Attaching appender named [STDOUT] to Logger[ROOT]
19:18:14,675 |-INFO in ch.qos.logback.core.joran.action.AppenderRefAction - Attaching appender named [FILE] to Logger[ROOT]
19:18:14,675 |-INFO in ch.qos.logback.classic.joran.action.ConfigurationAction - End of configuration.
19:18:14,675 |-INFO in ch.qos.logback.classic.joran.JoranConfigurator@79698539 - Registering current configuration as safe fallback point

Ama winner
Ama winner
2019-06-10T19:18:15.932+0000: 1.709: [Full GC (Metadata GC Threshold) 2019-06-10T19:18:15.932+0000: 1.709: [Tenured: 0K->15240K(341376K), 0.0352299 secs] 114986K->15240K(494976K), [Metaspace: 20731K->20731K(1067008K)], 0.0352952 secs] [Times: user=0.03 sys=0.01, real=0.03 secs] 
19:18:37.077 [Curator-PathChildrenCache-1] WARN  o.a.c.u.ZKPaths  - The version of ZooKeeper being used doesn't support Container nodes. CreateMode.PERSISTENT will be used instead.
2019-06-10T19:18:39.627+0000: 25.404: [GC (Allocation Failure) 2019-06-10T19:18:39.627+0000: 25.404: [DefNew: 136576K->17024K(153600K), 0.0263416 secs] 151816K->52781K(494976K), 0.0264088 secs] [Times: user=0.02 sys=0.01, real=0.03 secs] 
2019-06-10T19:18:42.919+0000: 28.696: [Full GC (Metadata GC Threshold) 2019-06-10T19:18:42.919+0000: 28.696: [Tenured: 35757K->44222K(341376K), 0.0471764 secs] 111550K->44222K(494976K), [Metaspace: 34601K->34601K(1079296K)], 0.0472533 secs] [Times: user=0.05 sys=0.00, real=0.05 secs] 
2019-06-10T19:18:51.973+0000: 37.750: [GC (Allocation Failure) 2019-06-10T19:18:51.973+0000: 37.750: [DefNew: 136576K->122K(153600K), 0.0017828 secs] 180798K->44344K(494976K), 0.0018443 secs] [Times: user=0.00 sys=0.00, real=0.00 secs] 
2019-06-10T19:19:01.166+0000: 46.943: [GC (Allocation Failure) 2019-06-10T19:19:01.166+0000: 46.943: [DefNew: 136698K->118K(153600K), 0.0016594 secs] 180920K->44341K(494976K), 0.0017319 secs] [Times: user=0.00 sys=0.00, real=0.00 secs] 
2019-06-10T19:19:10.538+0000: 56.315: [GC (Allocation Failure) 2019-06-10T19:19:10.538+0000: 56.315: [DefNew: 136694K->121K(153600K), 0.0016747 secs] 180917K->44344K(494976K), 0.0017715 secs] [Times: user=0.00 sys=0.00, real=0.00 secs] 
2019-06-10T19:19:20.454+0000: 66.232: [GC (Allocation Failure) 2019-06-10T19:19:20.454+0000: 66.232: [DefNew: 136697K->453K(153600K), 0.0022174 secs] 180920K->44676K(494976K), 0.0022884 secs] [Times: user=0.00 sys=0.00, real=0.00 secs] 
2019-06-10T19:19:31.521+0000: 77.298: [GC (Allocation Failure) 2019-06-10T19:19:31.521+0000: 77.298: [DefNew: 137029K->213K(153600K), 0.0021257 secs] 181252K->44435K(494976K), 0.0021952 secs] [Times: user=0.00 sys=0.00, real=0.01 secs] 
2019-06-10T19:19:50.218+0000: 95.995: [GC (Allocation Failure) 2019-06-10T19:19:50.218+0000: 95.995: [DefNew: 136789K->211K(153600K), 0.0020061 secs] 181011K->44434K(494976K), 0.0020560 secs] [Times: user=0.00 sys=0.00, real=0.00 secs] 
19:19:50.813 [Curator-PathChildrenCache-0] ERROR o.a.c.f.r.c.PathChildrenCache  - 
java.lang.IllegalStateException: instance must be started before calling this method
	at org.apache.curator.shaded.com.google.common.base.Preconditions.checkState(Preconditions.java:444)
	at org.apache.curator.framework.imps.CuratorFrameworkImpl.getChildren(CuratorFrameworkImpl.java:456)
	at org.apache.curator.framework.recipes.cache.PathChildrenCache.refresh(PathChildrenCache.java:521)
	at org.apache.curator.framework.recipes.cache.RefreshOperation.invoke(RefreshOperation.java:35)
	at org.apache.curator.framework.recipes.cache.PathChildrenCache$9.run(PathChildrenCache.java:786)
	at java.util.concurrent.Executors$RunnableAdapter.call(Executors.java:511)
	at java.util.concurrent.FutureTask.run(FutureTask.java:266)
	at java.util.concurrent.Executors$RunnableAdapter.call(Executors.java:511)
	at java.util.concurrent.FutureTask.run(FutureTask.java:266)
	at java.util.concurrent.ThreadPoolExecutor.runWorker(ThreadPoolExecutor.java:1149)
	at java.util.concurrent.ThreadPoolExecutor$Worker.run(ThreadPoolExecutor.java:624)
	at java.lang.Thread.run(Thread.java:748)
Heap
 def new generation   total 153600K, used 17041K [0x00000000e0c00000, 0x00000000eb2a0000, 0x00000000eb2a0000)
  eden space 136576K,  12% used [0x00000000e0c00000, 0x00000000e1c6f708, 0x00000000e9160000)
  from space 17024K,   1% used [0x00000000ea200000, 0x00000000ea234e78, 0x00000000eb2a0000)
  to   space 17024K,   0% used [0x00000000e9160000, 0x00000000e9160000, 0x00000000ea200000)
 tenured generation   total 341376K, used 44222K [0x00000000eb2a0000, 0x0000000100000000, 0x0000000100000000)
   the space 341376K,  12% used [0x00000000eb2a0000, 0x00000000eddcfa20, 0x00000000eddcfc00, 0x0000000100000000)
 Metaspace       used 36041K, capacity 36928K, committed 37120K, reserved 1081344K
  class space    used 4861K, capacity 5074K, committed 5120K, reserved 1048576K
