00:06:34,270 |-INFO in ch.qos.logback.classic.LoggerContext[default] - Could NOT find resource [logback-test.xml]
00:06:34,270 |-INFO in ch.qos.logback.classic.LoggerContext[default] - Could NOT find resource [logback.groovy]
00:06:34,270 |-INFO in ch.qos.logback.classic.LoggerContext[default] - Found resource [logback.xml] at [jar:file:/home/nikitasokolov/flamestream/lib/flamestream-runtime-1.0-SNAPSHOT.jar!/logback.xml]
00:06:34,271 |-WARN in ch.qos.logback.classic.LoggerContext[default] - Resource [logback.xml] occurs multiple times on the classpath.
00:06:34,271 |-WARN in ch.qos.logback.classic.LoggerContext[default] - Resource [logback.xml] occurs at [jar:file:/home/nikitasokolov/flamestream/lib/flamestream-runtime-1.0-SNAPSHOT.jar!/logback.xml]
00:06:34,271 |-WARN in ch.qos.logback.classic.LoggerContext[default] - Resource [logback.xml] occurs at [jar:file:/home/nikitasokolov/flamestream/flamestream-runtime-1.0-SNAPSHOT.jar!/logback.xml]
00:06:34,286 |-INFO in ch.qos.logback.core.joran.spi.ConfigurationWatchList@6108b2d7 - URL [jar:file:/home/nikitasokolov/flamestream/lib/flamestream-runtime-1.0-SNAPSHOT.jar!/logback.xml] is not of type file
00:06:34,335 |-INFO in ch.qos.logback.classic.joran.action.ConfigurationAction - debug attribute not set
00:06:34,336 |-INFO in ch.qos.logback.core.joran.action.AppenderAction - About to instantiate appender of type [ch.qos.logback.core.ConsoleAppender]
00:06:34,343 |-INFO in ch.qos.logback.core.joran.action.AppenderAction - Naming appender as [STDOUT]
00:06:34,351 |-INFO in ch.qos.logback.core.joran.action.NestedComplexPropertyIA - Assuming default type [ch.qos.logback.classic.encoder.PatternLayoutEncoder] for [encoder] property
00:06:34,402 |-INFO in ch.qos.logback.core.joran.action.AppenderAction - About to instantiate appender of type [ch.qos.logback.core.rolling.RollingFileAppender]
00:06:34,407 |-INFO in ch.qos.logback.core.joran.action.AppenderAction - Naming appender as [FILE]
00:06:34,428 |-INFO in c.q.l.core.rolling.TimeBasedRollingPolicy@357863579 - No compression will be used
00:06:34,429 |-INFO in c.q.l.core.rolling.TimeBasedRollingPolicy@357863579 - Will use the pattern /tmp/application_%d{yyyy-MM-dd}.%i.log for the active file
00:06:34,432 |-INFO in ch.qos.logback.core.rolling.SizeAndTimeBasedFNATP@6bf256fa - The date pattern is 'yyyy-MM-dd' from file name pattern '/tmp/application_%d{yyyy-MM-dd}.%i.log'.
00:06:34,432 |-INFO in ch.qos.logback.core.rolling.SizeAndTimeBasedFNATP@6bf256fa - Roll-over at midnight.
00:06:34,436 |-INFO in ch.qos.logback.core.rolling.SizeAndTimeBasedFNATP@6bf256fa - Setting initial period to Sun Jun 09 00:05:51 MSK 2019
00:06:34,436 |-WARN in ch.qos.logback.core.rolling.SizeAndTimeBasedFNATP@6bf256fa - SizeAndTimeBasedFNATP is deprecated. Use SizeAndTimeBasedRollingPolicy instead
00:06:34,436 |-WARN in ch.qos.logback.core.rolling.SizeAndTimeBasedFNATP@6bf256fa - For more information see http://logback.qos.ch/manual/appenders.html#SizeAndTimeBasedRollingPolicy
00:06:34,440 |-INFO in ch.qos.logback.core.joran.action.NestedComplexPropertyIA - Assuming default type [ch.qos.logback.classic.encoder.PatternLayoutEncoder] for [encoder] property
00:06:34,443 |-INFO in ch.qos.logback.core.rolling.RollingFileAppender[FILE] - Active log file name: /tmp/application.log
00:06:34,443 |-INFO in ch.qos.logback.core.rolling.RollingFileAppender[FILE] - File property is set to [/tmp/application.log]
00:06:34,444 |-INFO in ch.qos.logback.classic.joran.action.RootLoggerAction - Setting level of ROOT logger to WARN
00:06:34,445 |-INFO in ch.qos.logback.core.joran.action.AppenderRefAction - Attaching appender named [STDOUT] to Logger[ROOT]
00:06:34,445 |-INFO in ch.qos.logback.core.joran.action.AppenderRefAction - Attaching appender named [FILE] to Logger[ROOT]
00:06:34,445 |-INFO in ch.qos.logback.classic.joran.action.ConfigurationAction - End of configuration.
00:06:34,446 |-INFO in ch.qos.logback.classic.joran.JoranConfigurator@6cd8737 - Registering current configuration as safe fallback point

2019-06-09T00:06:35.440+0300: 1.365: [GC (Metadata GC Threshold) [PSYoungGen: 110722K->15922K(149504K)] 110722K->16002K(491008K), 0.0296404 secs] [Times: user=0.12 sys=0.04, real=0.02 secs] 
2019-06-09T00:06:35.469+0300: 1.395: [Full GC (Metadata GC Threshold) [PSYoungGen: 15922K->0K(149504K)] [ParOldGen: 80K->15078K(341504K)] 16002K->15078K(491008K), [Metaspace: 20801K->20801K(1067008K)], 0.0310300 secs] [Times: user=0.19 sys=0.02, real=0.04 secs] 
00:06:43.044 [Curator-PathChildrenCache-2] WARN  o.a.c.u.ZKPaths  - The version of ZooKeeper being used doesn't support Container nodes. CreateMode.PERSISTENT will be used instead.
2019-06-09T00:06:43.824+0300: 9.749: [GC (Metadata GC Threshold) [PSYoungGen: 127814K->16727K(149504K)] 142892K->51345K(491008K), 0.0326623 secs] [Times: user=0.28 sys=0.04, real=0.03 secs] 
2019-06-09T00:06:43.856+0300: 9.782: [Full GC (Metadata GC Threshold) [PSYoungGen: 16727K->0K(149504K)] [ParOldGen: 34617K->39853K(341504K)] 51345K->39853K(491008K), [Metaspace: 34483K->34482K(1079296K)], 0.0378995 secs] [Times: user=0.21 sys=0.00, real=0.04 secs] 
2019-06-09T00:06:45.825+0300: 11.750: [GC (Allocation Failure) [PSYoungGen: 128512K->544K(149504K)] 168365K->40405K(491008K), 0.0040738 secs] [Times: user=0.02 sys=0.00, real=0.00 secs] 
2019-06-09T00:06:48.228+0300: 14.153: [GC (Allocation Failure) [PSYoungGen: 129056K->544K(149504K)] 168917K->40413K(491008K), 0.0675374 secs] [Times: user=0.08 sys=0.01, real=0.07 secs] 
2019-06-09T00:06:50.579+0300: 16.505: [GC (Allocation Failure) [PSYoungGen: 129056K->640K(129536K)] 168925K->40517K(471040K), 0.0038569 secs] [Times: user=0.02 sys=0.00, real=0.00 secs] 
2019-06-09T00:06:52.996+0300: 18.921: [GC (Allocation Failure) [PSYoungGen: 129152K->576K(148992K)] 169029K->40461K(490496K), 0.0057712 secs] [Times: user=0.03 sys=0.00, real=0.01 secs] 
2019-06-09T00:06:55.370+0300: 21.295: [GC (Allocation Failure) [PSYoungGen: 127552K->512K(148480K)] 167437K->40405K(489984K), 0.0032683 secs] [Times: user=0.01 sys=0.00, real=0.00 secs] 
2019-06-09T00:06:57.758+0300: 23.683: [GC (Allocation Failure) [PSYoungGen: 127488K->480K(151040K)] 167381K->40381K(492544K), 0.0045400 secs] [Times: user=0.02 sys=0.01, real=0.00 secs] 
2019-06-09T00:07:00.191+0300: 26.116: [GC (Allocation Failure) [PSYoungGen: 131040K->544K(150016K)] 170941K->40453K(491520K), 0.0030975 secs] [Times: user=0.02 sys=0.00, real=0.00 secs] 
2019-06-09T00:07:02.647+0300: 28.572: [GC (Allocation Failure) [PSYoungGen: 131104K->576K(152576K)] 171013K->40493K(494080K), 0.0030168 secs] [Times: user=0.02 sys=0.00, real=0.01 secs] 
2019-06-09T00:07:05.144+0300: 31.069: [GC (Allocation Failure) [PSYoungGen: 134720K->608K(152064K)] 174637K->40533K(493568K), 0.0033540 secs] [Times: user=0.02 sys=0.00, real=0.00 secs] 
2019-06-09T00:07:07.677+0300: 33.602: [GC (Allocation Failure) [PSYoungGen: 134752K->640K(154112K)] 174677K->40573K(495616K), 0.0035152 secs] [Times: user=0.01 sys=0.01, real=0.01 secs] 
2019-06-09T00:07:10.234+0300: 36.159: [GC (Allocation Failure) [PSYoungGen: 137856K->576K(153600K)] 177789K->40517K(495104K), 0.0032658 secs] [Times: user=0.02 sys=0.00, real=0.00 secs] 
2019-06-09T00:07:12.820+0300: 38.745: [GC (Allocation Failure) [PSYoungGen: 137792K->608K(156160K)] 177733K->40549K(497664K), 0.0637212 secs] [Times: user=0.01 sys=0.00, real=0.06 secs] 
2019-06-09T00:07:15.470+0300: 41.395: [GC (Allocation Failure) [PSYoungGen: 141408K->608K(155136K)] 181349K->40557K(496640K), 0.0034134 secs] [Times: user=0.01 sys=0.00, real=0.00 secs] 
2019-06-09T00:07:18.113+0300: 44.038: [GC (Allocation Failure) [PSYoungGen: 141408K->480K(157696K)] 181357K->40437K(499200K), 0.0038083 secs] [Times: user=0.01 sys=0.01, real=0.00 secs] 
2019-06-09T00:07:20.818+0300: 46.743: [GC (Allocation Failure) [PSYoungGen: 144352K->512K(156672K)] 184309K->40477K(498176K), 0.0835141 secs] [Times: user=0.04 sys=0.00, real=0.08 secs] 
2019-06-09T00:07:23.524+0300: 49.449: [GC (Allocation Failure) [PSYoungGen: 144384K->288K(158720K)] 184349K->40581K(500224K), 0.0039982 secs] [Times: user=0.02 sys=0.00, real=0.00 secs] 
2019-06-09T00:07:26.274+0300: 52.230: [GC (Allocation Failure) [PSYoungGen: 146720K->288K(158208K)] 187013K->40637K(499712K), 0.0335576 secs] [Times: user=0.01 sys=0.00, real=0.03 secs] 
00:07:38.399 [Curator-PathChildrenCache-0] ERROR o.a.c.f.r.c.PathChildrenCache  - 
java.lang.IllegalStateException: instance must be started before calling this method
	at org.apache.curator.shaded.com.google.common.base.Preconditions.checkState(Preconditions.java:444)
	at org.apache.curator.framework.imps.CuratorFrameworkImpl.getChildren(CuratorFrameworkImpl.java:456)
	at org.apache.curator.framework.recipes.cache.PathChildrenCache.refresh(PathChildrenCache.java:521)
	at org.apache.curator.framework.recipes.cache.RefreshOperation.invoke(RefreshOperation.java:35)
	at org.apache.curator.framework.recipes.cache.PathChildrenCache$9.run(PathChildrenCache.java:786)
	at java.util.concurrent.Executors$RunnableAdapter.call(Executors.java:511)
	at java.util.concurrent.FutureTask.run(FutureTask.java:266)
	at java.util.concurrent.Executors$RunnableAdapter.call(Executors.java:511)
	at java.util.concurrent.FutureTask.run(FutureTask.java:266)
	at java.util.concurrent.ThreadPoolExecutor.runWorker(ThreadPoolExecutor.java:1149)
	at java.util.concurrent.ThreadPoolExecutor$Worker.run(ThreadPoolExecutor.java:624)
	at java.lang.Thread.run(Thread.java:748)
Heap
 PSYoungGen      total 158208K, used 112734K [0x00000000f5980000, 0x0000000100000000, 0x0000000100000000)
  eden space 146432K, 76% used [0x00000000f5980000,0x00000000fc74f8c8,0x00000000fe880000)
  from space 11776K, 2% used [0x00000000fe880000,0x00000000fe8c8010,0x00000000ff400000)
  to   space 10752K, 0% used [0x00000000ff580000,0x00000000ff580000,0x0000000100000000)
 ParOldGen       total 341504K, used 40349K [0x00000000e0c00000, 0x00000000f5980000, 0x00000000f5980000)
  object space 341504K, 11% used [0x00000000e0c00000,0x00000000e33675d0,0x00000000f5980000)
 Metaspace       used 36324K, capacity 37338K, committed 37464K, reserved 1081344K
  class space    used 5015K, capacity 5219K, committed 5248K, reserved 1048576K
