01:34:52,221 |-INFO in ch.qos.logback.classic.LoggerContext[default] - Could NOT find resource [logback-test.xml]
01:34:52,221 |-INFO in ch.qos.logback.classic.LoggerContext[default] - Could NOT find resource [logback.groovy]
01:34:52,221 |-INFO in ch.qos.logback.classic.LoggerContext[default] - Found resource [logback.xml] at [jar:file:/home/nikitasokolov/flamestream/lib/flamestream-runtime-1.0-SNAPSHOT.jar!/logback.xml]
01:34:52,222 |-WARN in ch.qos.logback.classic.LoggerContext[default] - Resource [logback.xml] occurs multiple times on the classpath.
01:34:52,223 |-WARN in ch.qos.logback.classic.LoggerContext[default] - Resource [logback.xml] occurs at [jar:file:/home/nikitasokolov/flamestream/lib/flamestream-runtime-1.0-SNAPSHOT.jar!/logback.xml]
01:34:52,223 |-WARN in ch.qos.logback.classic.LoggerContext[default] - Resource [logback.xml] occurs at [jar:file:/home/nikitasokolov/flamestream/flamestream-runtime-1.0-SNAPSHOT.jar!/logback.xml]
01:34:52,241 |-INFO in ch.qos.logback.core.joran.spi.ConfigurationWatchList@2f7a2457 - URL [jar:file:/home/nikitasokolov/flamestream/lib/flamestream-runtime-1.0-SNAPSHOT.jar!/logback.xml] is not of type file
01:34:52,292 |-INFO in ch.qos.logback.classic.joran.action.ConfigurationAction - debug attribute not set
01:34:52,293 |-INFO in ch.qos.logback.core.joran.action.AppenderAction - About to instantiate appender of type [ch.qos.logback.core.ConsoleAppender]
01:34:52,304 |-INFO in ch.qos.logback.core.joran.action.AppenderAction - Naming appender as [STDOUT]
01:34:52,312 |-INFO in ch.qos.logback.core.joran.action.NestedComplexPropertyIA - Assuming default type [ch.qos.logback.classic.encoder.PatternLayoutEncoder] for [encoder] property
01:34:52,368 |-INFO in ch.qos.logback.core.joran.action.AppenderAction - About to instantiate appender of type [ch.qos.logback.core.rolling.RollingFileAppender]
01:34:52,373 |-INFO in ch.qos.logback.core.joran.action.AppenderAction - Naming appender as [FILE]
01:34:52,395 |-INFO in c.q.l.core.rolling.TimeBasedRollingPolicy@1449621165 - No compression will be used
01:34:52,397 |-INFO in c.q.l.core.rolling.TimeBasedRollingPolicy@1449621165 - Will use the pattern /tmp/application_%d{yyyy-MM-dd}.%i.log for the active file
01:34:52,400 |-INFO in ch.qos.logback.core.rolling.SizeAndTimeBasedFNATP@6108b2d7 - The date pattern is 'yyyy-MM-dd' from file name pattern '/tmp/application_%d{yyyy-MM-dd}.%i.log'.
01:34:52,400 |-INFO in ch.qos.logback.core.rolling.SizeAndTimeBasedFNATP@6108b2d7 - Roll-over at midnight.
01:34:52,404 |-INFO in ch.qos.logback.core.rolling.SizeAndTimeBasedFNATP@6108b2d7 - Setting initial period to Sat Jun 08 01:34:07 MSK 2019
01:34:52,404 |-WARN in ch.qos.logback.core.rolling.SizeAndTimeBasedFNATP@6108b2d7 - SizeAndTimeBasedFNATP is deprecated. Use SizeAndTimeBasedRollingPolicy instead
01:34:52,404 |-WARN in ch.qos.logback.core.rolling.SizeAndTimeBasedFNATP@6108b2d7 - For more information see http://logback.qos.ch/manual/appenders.html#SizeAndTimeBasedRollingPolicy
01:34:52,408 |-INFO in ch.qos.logback.core.joran.action.NestedComplexPropertyIA - Assuming default type [ch.qos.logback.classic.encoder.PatternLayoutEncoder] for [encoder] property
01:34:52,411 |-INFO in ch.qos.logback.core.rolling.RollingFileAppender[FILE] - Active log file name: /tmp/application.log
01:34:52,411 |-INFO in ch.qos.logback.core.rolling.RollingFileAppender[FILE] - File property is set to [/tmp/application.log]
01:34:52,412 |-INFO in ch.qos.logback.classic.joran.action.RootLoggerAction - Setting level of ROOT logger to WARN
01:34:52,412 |-INFO in ch.qos.logback.core.joran.action.AppenderRefAction - Attaching appender named [STDOUT] to Logger[ROOT]
01:34:52,412 |-INFO in ch.qos.logback.core.joran.action.AppenderRefAction - Attaching appender named [FILE] to Logger[ROOT]
01:34:52,412 |-INFO in ch.qos.logback.classic.joran.action.ConfigurationAction - End of configuration.
01:34:52,413 |-INFO in ch.qos.logback.classic.joran.JoranConfigurator@1554909b - Registering current configuration as safe fallback point

2019-06-08T01:34:53.448+0300: 1.457: [GC (Metadata GC Threshold) [PSYoungGen: 105512K->15770K(149504K)] 105512K->15850K(491008K), 0.0199708 secs] [Times: user=0.08 sys=0.03, real=0.02 secs] 
2019-06-08T01:34:53.468+0300: 1.478: [Full GC (Metadata GC Threshold) [PSYoungGen: 15770K->0K(149504K)] [ParOldGen: 80K->14984K(341504K)] 15850K->14984K(491008K), [Metaspace: 20805K->20805K(1067008K)], 0.0276318 secs] [Times: user=0.14 sys=0.03, real=0.03 secs] 
01:35:02.205 [Curator-PathChildrenCache-1] WARN  o.a.c.u.ZKPaths  - The version of ZooKeeper being used doesn't support Container nodes. CreateMode.PERSISTENT will be used instead.
2019-06-08T01:35:03.036+0300: 11.046: [GC (Metadata GC Threshold) [PSYoungGen: 123181K->20971K(149504K)] 138165K->50015K(491008K), 0.0226140 secs] [Times: user=0.22 sys=0.03, real=0.03 secs] 
2019-06-08T01:35:03.059+0300: 11.069: [Full GC (Metadata GC Threshold) [PSYoungGen: 20971K->0K(149504K)] [ParOldGen: 29043K->38995K(341504K)] 50015K->38995K(491008K), [Metaspace: 34600K->34600K(1079296K)], 0.0418621 secs] [Times: user=0.17 sys=0.01, real=0.04 secs] 
2019-06-08T01:35:05.799+0300: 14.119: [GC (Allocation Failure) [PSYoungGen: 128512K->576K(149504K)] 167507K->39579K(491008K), 0.3131205 secs] [Times: user=0.01 sys=0.00, real=0.31 secs] 
2019-06-08T01:35:09.244+0300: 17.254: [GC (Allocation Failure) [PSYoungGen: 129088K->512K(149504K)] 168091K->39523K(491008K), 0.0029233 secs] [Times: user=0.02 sys=0.00, real=0.00 secs] 
2019-06-08T01:35:12.716+0300: 20.726: [GC (Allocation Failure) [PSYoungGen: 129024K->480K(129024K)] 168035K->39499K(470528K), 0.0043160 secs] [Times: user=0.03 sys=0.00, real=0.01 secs] 
2019-06-08T01:35:16.638+0300: 24.648: [GC (Allocation Failure) [PSYoungGen: 128992K->576K(132608K)] 168011K->39603K(474112K), 0.0030494 secs] [Times: user=0.01 sys=0.00, real=0.00 secs] 
2019-06-08T01:35:18.482+0300: 26.492: [GC (Allocation Failure) [PSYoungGen: 93248K->704K(130560K)] 132275K->39731K(472064K), 0.0026974 secs] [Times: user=0.01 sys=0.00, real=0.00 secs] 
2019-06-08T01:35:20.962+0300: 28.972: [GC (Allocation Failure) [PSYoungGen: 93376K->704K(136704K)] 132403K->39739K(478208K), 0.0020277 secs] [Times: user=0.01 sys=0.00, real=0.00 secs] 
2019-06-08T01:35:23.499+0300: 31.583: [GC (Allocation Failure) [PSYoungGen: 102080K->864K(135168K)] 141115K->39907K(476672K), 0.0768979 secs] [Times: user=0.01 sys=0.00, real=0.07 secs] 
2019-06-08T01:35:26.334+0300: 34.343: [GC (Allocation Failure) [PSYoungGen: 102240K->736K(140288K)] 141283K->39787K(481792K), 0.0033146 secs] [Times: user=0.01 sys=0.00, real=0.00 secs] 
2019-06-08T01:35:29.643+0300: 37.653: [GC (Allocation Failure) [PSYoungGen: 109280K->736K(138752K)] 148331K->39787K(480256K), 0.0028813 secs] [Times: user=0.01 sys=0.00, real=0.00 secs] 
2019-06-08T01:35:32.575+0300: 40.585: [GC (Allocation Failure) [PSYoungGen: 109280K->864K(143360K)] 148331K->39915K(484864K), 0.0024140 secs] [Times: user=0.01 sys=0.00, real=0.00 secs] 
01:35:39.287 [Curator-PathChildrenCache-0] ERROR o.a.c.f.r.c.PathChildrenCache  - 
java.lang.IllegalStateException: instance must be started before calling this method
	at org.apache.curator.shaded.com.google.common.base.Preconditions.checkState(Preconditions.java:444)
	at org.apache.curator.framework.imps.CuratorFrameworkImpl.getChildren(CuratorFrameworkImpl.java:456)
	at org.apache.curator.framework.recipes.cache.PathChildrenCache.refresh(PathChildrenCache.java:521)
	at org.apache.curator.framework.recipes.cache.RefreshOperation.invoke(RefreshOperation.java:35)
	at org.apache.curator.framework.recipes.cache.PathChildrenCache$9.run(PathChildrenCache.java:786)
	at java.util.concurrent.Executors$RunnableAdapter.call(Executors.java:511)
	at java.util.concurrent.FutureTask.run(FutureTask.java:266)
	at java.util.concurrent.Executors$RunnableAdapter.call(Executors.java:511)
	at java.util.concurrent.FutureTask.run(FutureTask.java:266)
	at java.util.concurrent.ThreadPoolExecutor.runWorker(ThreadPoolExecutor.java:1149)
	at java.util.concurrent.ThreadPoolExecutor$Worker.run(ThreadPoolExecutor.java:624)
	at java.lang.Thread.run(Thread.java:748)
Heap
 PSYoungGen      total 143360K, used 68710K [0x00000000f5980000, 0x0000000100000000, 0x0000000100000000)
  eden space 114688K, 59% used [0x00000000f5980000,0x00000000f9bc1778,0x00000000fc980000)
  from space 28672K, 3% used [0x00000000fe400000,0x00000000fe4d80c0,0x0000000100000000)
  to   space 27136K, 0% used [0x00000000fc980000,0x00000000fc980000,0x00000000fe400000)
 ParOldGen       total 341504K, used 39051K [0x00000000e0c00000, 0x00000000f5980000, 0x00000000f5980000)
  object space 341504K, 11% used [0x00000000e0c00000,0x00000000e3222c88,0x00000000f5980000)
 Metaspace       used 35805K, capacity 36648K, committed 36952K, reserved 1081344K
  class space    used 4945K, capacity 5136K, committed 5248K, reserved 1048576K
