07:32:47,765 |-INFO in ch.qos.logback.classic.LoggerContext[default] - Could NOT find resource [logback-test.xml]
07:32:47,765 |-INFO in ch.qos.logback.classic.LoggerContext[default] - Could NOT find resource [logback.groovy]
07:32:47,766 |-INFO in ch.qos.logback.classic.LoggerContext[default] - Found resource [logback.xml] at [jar:file:/root/flamestream/lib/flamestream-runtime-1.0-SNAPSHOT.jar!/logback.xml]
07:32:47,766 |-WARN in ch.qos.logback.classic.LoggerContext[default] - Resource [logback.xml] occurs multiple times on the classpath.
07:32:47,767 |-WARN in ch.qos.logback.classic.LoggerContext[default] - Resource [logback.xml] occurs at [jar:file:/root/flamestream/lib/flamestream-runtime-1.0-SNAPSHOT.jar!/logback.xml]
07:32:47,767 |-WARN in ch.qos.logback.classic.LoggerContext[default] - Resource [logback.xml] occurs at [jar:file:/root/flamestream/flamestream-runtime-1.0-SNAPSHOT.jar!/logback.xml]
07:32:47,786 |-INFO in ch.qos.logback.core.joran.spi.ConfigurationWatchList@3fb6a447 - URL [jar:file:/root/flamestream/lib/flamestream-runtime-1.0-SNAPSHOT.jar!/logback.xml] is not of type file
07:32:47,851 |-INFO in ch.qos.logback.classic.joran.action.ConfigurationAction - debug attribute not set
07:32:47,852 |-INFO in ch.qos.logback.core.joran.action.AppenderAction - About to instantiate appender of type [ch.qos.logback.core.ConsoleAppender]
07:32:47,868 |-INFO in ch.qos.logback.core.joran.action.AppenderAction - Naming appender as [STDOUT]
07:32:47,878 |-INFO in ch.qos.logback.core.joran.action.NestedComplexPropertyIA - Assuming default type [ch.qos.logback.classic.encoder.PatternLayoutEncoder] for [encoder] property
07:32:47,982 |-INFO in ch.qos.logback.core.joran.action.AppenderAction - About to instantiate appender of type [ch.qos.logback.core.rolling.RollingFileAppender]
07:32:47,993 |-INFO in ch.qos.logback.core.joran.action.AppenderAction - Naming appender as [FILE]
07:32:48,022 |-INFO in c.q.l.core.rolling.TimeBasedRollingPolicy@127618319 - No compression will be used
07:32:48,024 |-INFO in c.q.l.core.rolling.TimeBasedRollingPolicy@127618319 - Will use the pattern /tmp/application_%d{yyyy-MM-dd}.%i.log for the active file
07:32:48,027 |-INFO in ch.qos.logback.core.rolling.SizeAndTimeBasedFNATP@6b2fad11 - The date pattern is 'yyyy-MM-dd' from file name pattern '/tmp/application_%d{yyyy-MM-dd}.%i.log'.
07:32:48,027 |-INFO in ch.qos.logback.core.rolling.SizeAndTimeBasedFNATP@6b2fad11 - Roll-over at midnight.
07:32:48,032 |-INFO in ch.qos.logback.core.rolling.SizeAndTimeBasedFNATP@6b2fad11 - Setting initial period to Tue Jun 11 07:31:22 UTC 2019
07:32:48,032 |-WARN in ch.qos.logback.core.rolling.SizeAndTimeBasedFNATP@6b2fad11 - SizeAndTimeBasedFNATP is deprecated. Use SizeAndTimeBasedRollingPolicy instead
07:32:48,032 |-WARN in ch.qos.logback.core.rolling.SizeAndTimeBasedFNATP@6b2fad11 - For more information see http://logback.qos.ch/manual/appenders.html#SizeAndTimeBasedRollingPolicy
07:32:48,036 |-INFO in ch.qos.logback.core.joran.action.NestedComplexPropertyIA - Assuming default type [ch.qos.logback.classic.encoder.PatternLayoutEncoder] for [encoder] property
07:32:48,041 |-INFO in ch.qos.logback.core.rolling.RollingFileAppender[FILE] - Active log file name: /tmp/application.log
07:32:48,041 |-INFO in ch.qos.logback.core.rolling.RollingFileAppender[FILE] - File property is set to [/tmp/application.log]
07:32:48,042 |-INFO in ch.qos.logback.classic.joran.action.RootLoggerAction - Setting level of ROOT logger to WARN
07:32:48,042 |-INFO in ch.qos.logback.core.joran.action.AppenderRefAction - Attaching appender named [STDOUT] to Logger[ROOT]
07:32:48,044 |-INFO in ch.qos.logback.core.joran.action.AppenderRefAction - Attaching appender named [FILE] to Logger[ROOT]
07:32:48,044 |-INFO in ch.qos.logback.classic.joran.action.ConfigurationAction - End of configuration.
07:32:48,044 |-INFO in ch.qos.logback.classic.joran.JoranConfigurator@79698539 - Registering current configuration as safe fallback point

Ama winner
Ama winner
2019-06-11T07:32:49.333+0000: 1.756: [Full GC (Metadata GC Threshold) 2019-06-11T07:32:49.333+0000: 1.756: [Tenured: 0K->15242K(341376K), 0.0407755 secs] 114923K->15242K(494976K), [Metaspace: 20728K->20728K(1067008K)], 0.0408496 secs] [Times: user=0.04 sys=0.01, real=0.04 secs] 
07:33:12.097 [Curator-PathChildrenCache-2] WARN  o.a.c.u.ZKPaths  - The version of ZooKeeper being used doesn't support Container nodes. CreateMode.PERSISTENT will be used instead.
2019-06-11T07:33:14.220+0000: 26.643: [GC (Allocation Failure) 2019-06-11T07:33:14.220+0000: 26.643: [DefNew: 117562K->17023K(153600K), 0.0186424 secs] 132804K->33150K(494976K), 0.0187122 secs] [Times: user=0.01 sys=0.01, real=0.02 secs] 
2019-06-11T07:33:14.572+0000: 26.995: [Full GC (Metadata GC Threshold) 2019-06-11T07:33:14.572+0000: 26.995: [Tenured: 16126K->44373K(341376K), 0.0440771 secs] 69421K->44373K(494976K), [Metaspace: 34495K->34495K(1079296K)], 0.0441785 secs] [Times: user=0.04 sys=0.01, real=0.04 secs] 
2019-06-11T07:33:17.147+0000: 29.570: [GC (Allocation Failure) 2019-06-11T07:33:17.147+0000: 29.570: [DefNew: 136576K->150K(153600K), 0.0022317 secs] 180949K->44524K(494976K), 0.0022899 secs] [Times: user=0.00 sys=0.00, real=0.01 secs] 
2019-06-11T07:33:19.569+0000: 31.992: [GC (Allocation Failure) 2019-06-11T07:33:19.569+0000: 31.992: [DefNew: 136726K->183K(153600K), 0.0020914 secs] 181100K->44557K(494976K), 0.0021528 secs] [Times: user=0.00 sys=0.00, real=0.00 secs] 
2019-06-11T07:33:21.859+0000: 34.282: [GC (Allocation Failure) 2019-06-11T07:33:21.859+0000: 34.282: [DefNew: 136759K->188K(153600K), 0.0020878 secs] 181133K->44562K(494976K), 0.0021501 secs] [Times: user=0.00 sys=0.00, real=0.00 secs] 
2019-06-11T07:33:24.203+0000: 36.626: [GC (Allocation Failure) 2019-06-11T07:33:24.203+0000: 36.626: [DefNew: 136764K->191K(153600K), 0.0020291 secs] 181138K->44565K(494976K), 0.0020884 secs] [Times: user=0.00 sys=0.00, real=0.00 secs] 
2019-06-11T07:33:26.547+0000: 38.970: [GC (Allocation Failure) 2019-06-11T07:33:26.547+0000: 38.970: [DefNew: 136767K->189K(153600K), 0.0021425 secs] 181141K->44563K(494976K), 0.0022183 secs] [Times: user=0.00 sys=0.00, real=0.01 secs] 
2019-06-11T07:33:28.896+0000: 41.319: [GC (Allocation Failure) 2019-06-11T07:33:28.896+0000: 41.319: [DefNew: 136765K->184K(153600K), 0.0020532 secs] 181139K->44558K(494976K), 0.0021140 secs] [Times: user=0.00 sys=0.00, real=0.01 secs] 
2019-06-11T07:33:31.277+0000: 43.700: [GC (Allocation Failure) 2019-06-11T07:33:31.277+0000: 43.700: [DefNew: 136760K->195K(153600K), 0.0021819 secs] 181134K->44569K(494976K), 0.0022402 secs] [Times: user=0.01 sys=0.00, real=0.00 secs] 
2019-06-11T07:33:33.597+0000: 46.020: [GC (Allocation Failure) 2019-06-11T07:33:33.597+0000: 46.020: [DefNew: 136771K->186K(153600K), 0.0021442 secs] 181145K->44560K(494976K), 0.0022197 secs] [Times: user=0.00 sys=0.00, real=0.00 secs] 
07:33:43.318 [Curator-PathChildrenCache-0] ERROR o.a.c.f.r.c.PathChildrenCache  - 
java.lang.IllegalStateException: instance must be started before calling this method
	at org.apache.curator.shaded.com.google.common.base.Preconditions.checkState(Preconditions.java:444)
	at org.apache.curator.framework.imps.CuratorFrameworkImpl.getChildren(CuratorFrameworkImpl.java:456)
	at org.apache.curator.framework.recipes.cache.PathChildrenCache.refresh(PathChildrenCache.java:521)
	at org.apache.curator.framework.recipes.cache.RefreshOperation.invoke(RefreshOperation.java:35)
	at org.apache.curator.framework.recipes.cache.PathChildrenCache$9.run(PathChildrenCache.java:786)
	at java.util.concurrent.Executors$RunnableAdapter.call(Executors.java:511)
	at java.util.concurrent.FutureTask.run(FutureTask.java:266)
	at java.util.concurrent.Executors$RunnableAdapter.call(Executors.java:511)
	at java.util.concurrent.FutureTask.run(FutureTask.java:266)
	at java.util.concurrent.ThreadPoolExecutor.runWorker(ThreadPoolExecutor.java:1149)
	at java.util.concurrent.ThreadPoolExecutor$Worker.run(ThreadPoolExecutor.java:624)
	at java.lang.Thread.run(Thread.java:748)
Heap
 def new generation   total 153600K, used 136154K [0x00000000e0c00000, 0x00000000eb2a0000, 0x00000000eb2a0000)
  eden space 136576K,  99% used [0x00000000e0c00000, 0x00000000e90c7f28, 0x00000000e9160000)
  from space 17024K,   1% used [0x00000000ea200000, 0x00000000ea22e910, 0x00000000eb2a0000)
  to   space 17024K,   0% used [0x00000000e9160000, 0x00000000e9160000, 0x00000000ea200000)
 tenured generation   total 341376K, used 44373K [0x00000000eb2a0000, 0x0000000100000000, 0x0000000100000000)
   the space 341376K,  12% used [0x00000000eb2a0000, 0x00000000eddf57b0, 0x00000000eddf5800, 0x0000000100000000)
 Metaspace       used 35988K, capacity 36974K, committed 37120K, reserved 1081344K
  class space    used 4871K, capacity 5067K, committed 5120K, reserved 1048576K
