13:08:51,295 |-INFO in ch.qos.logback.classic.LoggerContext[default] - Could NOT find resource [logback-test.xml]
13:08:51,295 |-INFO in ch.qos.logback.classic.LoggerContext[default] - Could NOT find resource [logback.groovy]
13:08:51,295 |-INFO in ch.qos.logback.classic.LoggerContext[default] - Found resource [logback.xml] at [jar:file:/root/flamestream/lib/flamestream-runtime-1.0-SNAPSHOT.jar!/logback.xml]
13:08:51,296 |-WARN in ch.qos.logback.classic.LoggerContext[default] - Resource [logback.xml] occurs multiple times on the classpath.
13:08:51,300 |-WARN in ch.qos.logback.classic.LoggerContext[default] - Resource [logback.xml] occurs at [jar:file:/root/flamestream/lib/flamestream-runtime-1.0-SNAPSHOT.jar!/logback.xml]
13:08:51,300 |-WARN in ch.qos.logback.classic.LoggerContext[default] - Resource [logback.xml] occurs at [jar:file:/root/flamestream/flamestream-runtime-1.0-SNAPSHOT.jar!/logback.xml]
13:08:51,320 |-INFO in ch.qos.logback.core.joran.spi.ConfigurationWatchList@3fb6a447 - URL [jar:file:/root/flamestream/lib/flamestream-runtime-1.0-SNAPSHOT.jar!/logback.xml] is not of type file
13:08:51,386 |-INFO in ch.qos.logback.classic.joran.action.ConfigurationAction - debug attribute not set
13:08:51,387 |-INFO in ch.qos.logback.core.joran.action.AppenderAction - About to instantiate appender of type [ch.qos.logback.core.ConsoleAppender]
13:08:51,403 |-INFO in ch.qos.logback.core.joran.action.AppenderAction - Naming appender as [STDOUT]
13:08:51,421 |-INFO in ch.qos.logback.core.joran.action.NestedComplexPropertyIA - Assuming default type [ch.qos.logback.classic.encoder.PatternLayoutEncoder] for [encoder] property
13:08:51,509 |-INFO in ch.qos.logback.core.joran.action.AppenderAction - About to instantiate appender of type [ch.qos.logback.core.rolling.RollingFileAppender]
13:08:51,514 |-INFO in ch.qos.logback.core.joran.action.AppenderAction - Naming appender as [FILE]
13:08:51,544 |-INFO in c.q.l.core.rolling.TimeBasedRollingPolicy@127618319 - No compression will be used
13:08:51,545 |-INFO in c.q.l.core.rolling.TimeBasedRollingPolicy@127618319 - Will use the pattern /tmp/application_%d{yyyy-MM-dd}.%i.log for the active file
13:08:51,548 |-INFO in ch.qos.logback.core.rolling.SizeAndTimeBasedFNATP@6b2fad11 - The date pattern is 'yyyy-MM-dd' from file name pattern '/tmp/application_%d{yyyy-MM-dd}.%i.log'.
13:08:51,548 |-INFO in ch.qos.logback.core.rolling.SizeAndTimeBasedFNATP@6b2fad11 - Roll-over at midnight.
13:08:51,553 |-INFO in ch.qos.logback.core.rolling.SizeAndTimeBasedFNATP@6b2fad11 - Setting initial period to Mon Jun 10 13:07:36 UTC 2019
13:08:51,553 |-WARN in ch.qos.logback.core.rolling.SizeAndTimeBasedFNATP@6b2fad11 - SizeAndTimeBasedFNATP is deprecated. Use SizeAndTimeBasedRollingPolicy instead
13:08:51,553 |-WARN in ch.qos.logback.core.rolling.SizeAndTimeBasedFNATP@6b2fad11 - For more information see http://logback.qos.ch/manual/appenders.html#SizeAndTimeBasedRollingPolicy
13:08:51,557 |-INFO in ch.qos.logback.core.joran.action.NestedComplexPropertyIA - Assuming default type [ch.qos.logback.classic.encoder.PatternLayoutEncoder] for [encoder] property
13:08:51,562 |-INFO in ch.qos.logback.core.rolling.RollingFileAppender[FILE] - Active log file name: /tmp/application.log
13:08:51,562 |-INFO in ch.qos.logback.core.rolling.RollingFileAppender[FILE] - File property is set to [/tmp/application.log]
13:08:51,563 |-INFO in ch.qos.logback.classic.joran.action.RootLoggerAction - Setting level of ROOT logger to WARN
13:08:51,563 |-INFO in ch.qos.logback.core.joran.action.AppenderRefAction - Attaching appender named [STDOUT] to Logger[ROOT]
13:08:51,565 |-INFO in ch.qos.logback.core.joran.action.AppenderRefAction - Attaching appender named [FILE] to Logger[ROOT]
13:08:51,565 |-INFO in ch.qos.logback.classic.joran.action.ConfigurationAction - End of configuration.
13:08:51,566 |-INFO in ch.qos.logback.classic.joran.JoranConfigurator@79698539 - Registering current configuration as safe fallback point

Ama winner
Ama winner
2019-06-10T13:08:52.893+0000: 1.780: [Full GC (Metadata GC Threshold) 2019-06-10T13:08:52.893+0000: 1.780: [Tenured: 0K->15241K(341376K), 0.0384412 secs] 117750K->15241K(494976K), [Metaspace: 20732K->20732K(1067008K)], 0.0385077 secs] [Times: user=0.04 sys=0.00, real=0.04 secs] 
13:09:08.347 [Curator-PathChildrenCache-1] WARN  o.a.c.u.ZKPaths  - The version of ZooKeeper being used doesn't support Container nodes. CreateMode.PERSISTENT will be used instead.
2019-06-10T13:09:10.684+0000: 19.571: [GC (Allocation Failure) 2019-06-10T13:09:10.684+0000: 19.571: [DefNew: 117390K->16692K(153600K), 0.0174223 secs] 132631K->31933K(494976K), 0.0174903 secs] [Times: user=0.02 sys=0.00, real=0.02 secs] 
2019-06-10T13:09:13.297+0000: 22.184: [Full GC (Metadata GC Threshold) 2019-06-10T13:09:13.297+0000: 22.184: [Tenured: 15241K->43790K(341376K), 0.1072839 secs] 92819K->43790K(494976K), [Metaspace: 34604K->34604K(1079296K)], 0.1073624 secs] [Times: user=0.11 sys=0.00, real=0.10 secs] 
2019-06-10T13:09:22.634+0000: 31.521: [GC (Allocation Failure) 2019-06-10T13:09:22.634+0000: 31.521: [DefNew: 136576K->68K(153600K), 0.0020130 secs] 180366K->43859K(494976K), 0.0020800 secs] [Times: user=0.01 sys=0.00, real=0.01 secs] 
2019-06-10T13:09:32.117+0000: 41.004: [GC (Allocation Failure) 2019-06-10T13:09:32.117+0000: 41.004: [DefNew: 136644K->70K(153600K), 0.0018606 secs] 180435K->43861K(494976K), 0.0019317 secs] [Times: user=0.00 sys=0.00, real=0.00 secs] 
2019-06-10T13:09:41.684+0000: 50.571: [GC (Allocation Failure) 2019-06-10T13:09:41.684+0000: 50.571: [DefNew: 136646K->74K(153600K), 0.0018138 secs] 180437K->43865K(494976K), 0.0018742 secs] [Times: user=0.00 sys=0.00, real=0.00 secs] 
2019-06-10T13:09:51.316+0000: 60.203: [GC (Allocation Failure) 2019-06-10T13:09:51.316+0000: 60.203: [DefNew: 136650K->70K(153600K), 0.0018494 secs] 180441K->43861K(494976K), 0.0019117 secs] [Times: user=0.00 sys=0.00, real=0.00 secs] 
2019-06-10T13:10:02.530+0000: 71.417: [GC (Allocation Failure) 2019-06-10T13:10:02.530+0000: 71.418: [DefNew: 136646K->398K(153600K), 0.0023764 secs] 180437K->44189K(494976K), 0.0024501 secs] [Times: user=0.00 sys=0.00, real=0.00 secs] 
2019-06-10T13:10:14.035+0000: 82.922: [GC (Allocation Failure) 2019-06-10T13:10:14.035+0000: 82.922: [DefNew: 136974K->157K(153600K), 0.0020633 secs] 180765K->43948K(494976K), 0.0021247 secs] [Times: user=0.00 sys=0.00, real=0.01 secs] 
13:10:27.106 [Curator-PathChildrenCache-0] ERROR o.a.c.f.r.c.PathChildrenCache  - 
java.lang.IllegalStateException: instance must be started before calling this method
	at org.apache.curator.shaded.com.google.common.base.Preconditions.checkState(Preconditions.java:444)
	at org.apache.curator.framework.imps.CuratorFrameworkImpl.getChildren(CuratorFrameworkImpl.java:456)
	at org.apache.curator.framework.recipes.cache.PathChildrenCache.refresh(PathChildrenCache.java:521)
	at org.apache.curator.framework.recipes.cache.RefreshOperation.invoke(RefreshOperation.java:35)
	at org.apache.curator.framework.recipes.cache.PathChildrenCache$9.run(PathChildrenCache.java:786)
	at java.util.concurrent.Executors$RunnableAdapter.call(Executors.java:511)
	at java.util.concurrent.FutureTask.run(FutureTask.java:266)
	at java.util.concurrent.Executors$RunnableAdapter.call(Executors.java:511)
	at java.util.concurrent.FutureTask.run(FutureTask.java:266)
	at java.util.concurrent.ThreadPoolExecutor.runWorker(ThreadPoolExecutor.java:1149)
	at java.util.concurrent.ThreadPoolExecutor$Worker.run(ThreadPoolExecutor.java:624)
	at java.lang.Thread.run(Thread.java:748)
Heap
 def new generation   total 153600K, used 71642K [0x00000000e0c00000, 0x00000000eb2a0000, 0x00000000eb2a0000)
  eden space 136576K,  52% used [0x00000000e0c00000, 0x00000000e51cf300, 0x00000000e9160000)
  from space 17024K,   0% used [0x00000000ea200000, 0x00000000ea2277c0, 0x00000000eb2a0000)
  to   space 17024K,   0% used [0x00000000e9160000, 0x00000000e9160000, 0x00000000ea200000)
 tenured generation   total 341376K, used 43790K [0x00000000eb2a0000, 0x0000000100000000, 0x0000000100000000)
   the space 341376K,  12% used [0x00000000eb2a0000, 0x00000000edd63bb0, 0x00000000edd63c00, 0x0000000100000000)
 Metaspace       used 36106K, capacity 36992K, committed 37120K, reserved 1081344K
  class space    used 4874K, capacity 5074K, committed 5120K, reserved 1048576K
