08:02:40,282 |-INFO in ch.qos.logback.classic.LoggerContext[default] - Could NOT find resource [logback-test.xml]
08:02:40,287 |-INFO in ch.qos.logback.classic.LoggerContext[default] - Could NOT find resource [logback.groovy]
08:02:40,287 |-INFO in ch.qos.logback.classic.LoggerContext[default] - Found resource [logback.xml] at [jar:file:/root/flamestream/lib/flamestream-runtime-1.0-SNAPSHOT.jar!/logback.xml]
08:02:40,288 |-WARN in ch.qos.logback.classic.LoggerContext[default] - Resource [logback.xml] occurs multiple times on the classpath.
08:02:40,288 |-WARN in ch.qos.logback.classic.LoggerContext[default] - Resource [logback.xml] occurs at [jar:file:/root/flamestream/lib/flamestream-runtime-1.0-SNAPSHOT.jar!/logback.xml]
08:02:40,288 |-WARN in ch.qos.logback.classic.LoggerContext[default] - Resource [logback.xml] occurs at [jar:file:/root/flamestream/flamestream-runtime-1.0-SNAPSHOT.jar!/logback.xml]
08:02:40,308 |-INFO in ch.qos.logback.core.joran.spi.ConfigurationWatchList@3fb6a447 - URL [jar:file:/root/flamestream/lib/flamestream-runtime-1.0-SNAPSHOT.jar!/logback.xml] is not of type file
08:02:40,384 |-INFO in ch.qos.logback.classic.joran.action.ConfigurationAction - debug attribute not set
08:02:40,384 |-INFO in ch.qos.logback.core.joran.action.AppenderAction - About to instantiate appender of type [ch.qos.logback.core.ConsoleAppender]
08:02:40,393 |-INFO in ch.qos.logback.core.joran.action.AppenderAction - Naming appender as [STDOUT]
08:02:40,413 |-INFO in ch.qos.logback.core.joran.action.NestedComplexPropertyIA - Assuming default type [ch.qos.logback.classic.encoder.PatternLayoutEncoder] for [encoder] property
08:02:40,486 |-INFO in ch.qos.logback.core.joran.action.AppenderAction - About to instantiate appender of type [ch.qos.logback.core.rolling.RollingFileAppender]
08:02:40,495 |-INFO in ch.qos.logback.core.joran.action.AppenderAction - Naming appender as [FILE]
08:02:40,526 |-INFO in c.q.l.core.rolling.TimeBasedRollingPolicy@127618319 - No compression will be used
08:02:40,527 |-INFO in c.q.l.core.rolling.TimeBasedRollingPolicy@127618319 - Will use the pattern /tmp/application_%d{yyyy-MM-dd}.%i.log for the active file
08:02:40,530 |-INFO in ch.qos.logback.core.rolling.SizeAndTimeBasedFNATP@6b2fad11 - The date pattern is 'yyyy-MM-dd' from file name pattern '/tmp/application_%d{yyyy-MM-dd}.%i.log'.
08:02:40,530 |-INFO in ch.qos.logback.core.rolling.SizeAndTimeBasedFNATP@6b2fad11 - Roll-over at midnight.
08:02:40,536 |-INFO in ch.qos.logback.core.rolling.SizeAndTimeBasedFNATP@6b2fad11 - Setting initial period to Tue Jun 11 08:01:17 UTC 2019
08:02:40,536 |-WARN in ch.qos.logback.core.rolling.SizeAndTimeBasedFNATP@6b2fad11 - SizeAndTimeBasedFNATP is deprecated. Use SizeAndTimeBasedRollingPolicy instead
08:02:40,536 |-WARN in ch.qos.logback.core.rolling.SizeAndTimeBasedFNATP@6b2fad11 - For more information see http://logback.qos.ch/manual/appenders.html#SizeAndTimeBasedRollingPolicy
08:02:40,540 |-INFO in ch.qos.logback.core.joran.action.NestedComplexPropertyIA - Assuming default type [ch.qos.logback.classic.encoder.PatternLayoutEncoder] for [encoder] property
08:02:40,545 |-INFO in ch.qos.logback.core.rolling.RollingFileAppender[FILE] - Active log file name: /tmp/application.log
08:02:40,545 |-INFO in ch.qos.logback.core.rolling.RollingFileAppender[FILE] - File property is set to [/tmp/application.log]
08:02:40,546 |-INFO in ch.qos.logback.classic.joran.action.RootLoggerAction - Setting level of ROOT logger to WARN
08:02:40,546 |-INFO in ch.qos.logback.core.joran.action.AppenderRefAction - Attaching appender named [STDOUT] to Logger[ROOT]
08:02:40,546 |-INFO in ch.qos.logback.core.joran.action.AppenderRefAction - Attaching appender named [FILE] to Logger[ROOT]
08:02:40,546 |-INFO in ch.qos.logback.classic.joran.action.ConfigurationAction - End of configuration.
08:02:40,547 |-INFO in ch.qos.logback.classic.joran.JoranConfigurator@79698539 - Registering current configuration as safe fallback point

Ama winner
Ama winner
2019-06-11T08:02:42.205+0000: 2.109: [Full GC (Metadata GC Threshold) 2019-06-11T08:02:42.205+0000: 2.109: [Tenured: 0K->15176K(341376K), 0.0398841 secs] 120483K->15176K(494976K), [Metaspace: 20732K->20732K(1067008K)], 0.0399497 secs] [Times: user=0.03 sys=0.01, real=0.04 secs] 
08:02:59.524 [Curator-PathChildrenCache-1] WARN  o.a.c.u.ZKPaths  - The version of ZooKeeper being used doesn't support Container nodes. CreateMode.PERSISTENT will be used instead.
2019-06-11T08:03:01.855+0000: 21.759: [GC (Allocation Failure) 2019-06-11T08:03:01.855+0000: 21.759: [DefNew: 136576K->17024K(153600K), 0.0267755 secs] 151752K->52474K(494976K), 0.0268610 secs] [Times: user=0.01 sys=0.02, real=0.02 secs] 
2019-06-11T08:03:08.190+0000: 28.094: [GC (Allocation Failure) 2019-06-11T08:03:08.190+0000: 28.094: [DefNew: 153600K->164K(153600K), 0.0095695 secs] 189050K->43704K(494976K), 0.0096298 secs] [Times: user=0.01 sys=0.01, real=0.01 secs] 
2019-06-11T08:03:08.322+0000: 28.226: [Full GC (Metadata GC Threshold) 2019-06-11T08:03:08.322+0000: 28.226: [Tenured: 43539K->43687K(341376K), 0.0299540 secs] 49164K->43687K(494976K), [Metaspace: 34615K->34615K(1079296K)], 0.0300371 secs] [Times: user=0.03 sys=0.00, real=0.03 secs] 
2019-06-11T08:03:14.410+0000: 34.314: [GC (Allocation Failure) 2019-06-11T08:03:14.410+0000: 34.314: [DefNew: 136576K->53K(153600K), 0.0016462 secs] 180263K->43741K(494976K), 0.0017202 secs] [Times: user=0.00 sys=0.00, real=0.00 secs] 
2019-06-11T08:03:20.444+0000: 40.348: [GC (Allocation Failure) 2019-06-11T08:03:20.444+0000: 40.348: [DefNew: 136629K->50K(153600K), 0.0015545 secs] 180317K->43738K(494976K), 0.0016182 secs] [Times: user=0.00 sys=0.00, real=0.00 secs] 
2019-06-11T08:03:26.553+0000: 46.457: [GC (Allocation Failure) 2019-06-11T08:03:26.553+0000: 46.457: [DefNew: 136626K->50K(153600K), 0.0016392 secs] 180314K->43738K(494976K), 0.0017010 secs] [Times: user=0.00 sys=0.00, real=0.01 secs] 
2019-06-11T08:03:32.699+0000: 52.604: [GC (Allocation Failure) 2019-06-11T08:03:32.700+0000: 52.604: [DefNew: 136626K->53K(153600K), 0.0016382 secs] 180314K->43741K(494976K), 0.0016953 secs] [Times: user=0.00 sys=0.01, real=0.00 secs] 
08:03:41.562 [Curator-PathChildrenCache-0] ERROR o.a.c.f.r.c.PathChildrenCache  - 
java.lang.IllegalStateException: instance must be started before calling this method
	at org.apache.curator.shaded.com.google.common.base.Preconditions.checkState(Preconditions.java:444)
	at org.apache.curator.framework.imps.CuratorFrameworkImpl.getChildren(CuratorFrameworkImpl.java:456)
	at org.apache.curator.framework.recipes.cache.PathChildrenCache.refresh(PathChildrenCache.java:521)
	at org.apache.curator.framework.recipes.cache.RefreshOperation.invoke(RefreshOperation.java:35)
	at org.apache.curator.framework.recipes.cache.PathChildrenCache$9.run(PathChildrenCache.java:786)
	at java.util.concurrent.Executors$RunnableAdapter.call(Executors.java:511)
	at java.util.concurrent.FutureTask.run(FutureTask.java:266)
	at java.util.concurrent.Executors$RunnableAdapter.call(Executors.java:511)
	at java.util.concurrent.FutureTask.run(FutureTask.java:266)
	at java.util.concurrent.ThreadPoolExecutor.runWorker(ThreadPoolExecutor.java:1149)
	at java.util.concurrent.ThreadPoolExecutor$Worker.run(ThreadPoolExecutor.java:624)
	at java.lang.Thread.run(Thread.java:748)
Heap
 def new generation   total 153600K, used 89813K [0x00000000e0c00000, 0x00000000eb2a0000, 0x00000000eb2a0000)
  eden space 136576K,  65% used [0x00000000e0c00000, 0x00000000e63a7e38, 0x00000000e9160000)
  from space 17024K,   0% used [0x00000000e9160000, 0x00000000e916d748, 0x00000000ea200000)
  to   space 17024K,   0% used [0x00000000ea200000, 0x00000000ea200000, 0x00000000eb2a0000)
 tenured generation   total 341376K, used 43687K [0x00000000eb2a0000, 0x0000000100000000, 0x0000000100000000)
   the space 341376K,  12% used [0x00000000eb2a0000, 0x00000000edd49f90, 0x00000000edd4a000, 0x0000000100000000)
 Metaspace       used 35934K, capacity 36856K, committed 37120K, reserved 1081344K
  class space    used 4862K, capacity 5074K, committed 5120K, reserved 1048576K
