11:20:21,190 |-INFO in ch.qos.logback.classic.LoggerContext[default] - Could NOT find resource [logback-test.xml]
11:20:21,190 |-INFO in ch.qos.logback.classic.LoggerContext[default] - Could NOT find resource [logback.groovy]
11:20:21,191 |-INFO in ch.qos.logback.classic.LoggerContext[default] - Found resource [logback.xml] at [jar:file:/root/flamestream/lib/flamestream-runtime-1.0-SNAPSHOT.jar!/logback.xml]
11:20:21,191 |-WARN in ch.qos.logback.classic.LoggerContext[default] - Resource [logback.xml] occurs multiple times on the classpath.
11:20:21,192 |-WARN in ch.qos.logback.classic.LoggerContext[default] - Resource [logback.xml] occurs at [jar:file:/root/flamestream/lib/flamestream-runtime-1.0-SNAPSHOT.jar!/logback.xml]
11:20:21,192 |-WARN in ch.qos.logback.classic.LoggerContext[default] - Resource [logback.xml] occurs at [jar:file:/root/flamestream/flamestream-runtime-1.0-SNAPSHOT.jar!/logback.xml]
11:20:21,212 |-INFO in ch.qos.logback.core.joran.spi.ConfigurationWatchList@3fb6a447 - URL [jar:file:/root/flamestream/lib/flamestream-runtime-1.0-SNAPSHOT.jar!/logback.xml] is not of type file
11:20:21,279 |-INFO in ch.qos.logback.classic.joran.action.ConfigurationAction - debug attribute not set
11:20:21,280 |-INFO in ch.qos.logback.core.joran.action.AppenderAction - About to instantiate appender of type [ch.qos.logback.core.ConsoleAppender]
11:20:21,295 |-INFO in ch.qos.logback.core.joran.action.AppenderAction - Naming appender as [STDOUT]
11:20:21,304 |-INFO in ch.qos.logback.core.joran.action.NestedComplexPropertyIA - Assuming default type [ch.qos.logback.classic.encoder.PatternLayoutEncoder] for [encoder] property
11:20:21,412 |-INFO in ch.qos.logback.core.joran.action.AppenderAction - About to instantiate appender of type [ch.qos.logback.core.rolling.RollingFileAppender]
11:20:21,419 |-INFO in ch.qos.logback.core.joran.action.AppenderAction - Naming appender as [FILE]
11:20:21,457 |-INFO in c.q.l.core.rolling.TimeBasedRollingPolicy@127618319 - No compression will be used
11:20:21,458 |-INFO in c.q.l.core.rolling.TimeBasedRollingPolicy@127618319 - Will use the pattern /tmp/application_%d{yyyy-MM-dd}.%i.log for the active file
11:20:21,461 |-INFO in ch.qos.logback.core.rolling.SizeAndTimeBasedFNATP@6b2fad11 - The date pattern is 'yyyy-MM-dd' from file name pattern '/tmp/application_%d{yyyy-MM-dd}.%i.log'.
11:20:21,461 |-INFO in ch.qos.logback.core.rolling.SizeAndTimeBasedFNATP@6b2fad11 - Roll-over at midnight.
11:20:21,466 |-INFO in ch.qos.logback.core.rolling.SizeAndTimeBasedFNATP@6b2fad11 - Setting initial period to Tue Jun 11 11:18:02 UTC 2019
11:20:21,466 |-WARN in ch.qos.logback.core.rolling.SizeAndTimeBasedFNATP@6b2fad11 - SizeAndTimeBasedFNATP is deprecated. Use SizeAndTimeBasedRollingPolicy instead
11:20:21,466 |-WARN in ch.qos.logback.core.rolling.SizeAndTimeBasedFNATP@6b2fad11 - For more information see http://logback.qos.ch/manual/appenders.html#SizeAndTimeBasedRollingPolicy
11:20:21,470 |-INFO in ch.qos.logback.core.joran.action.NestedComplexPropertyIA - Assuming default type [ch.qos.logback.classic.encoder.PatternLayoutEncoder] for [encoder] property
11:20:21,475 |-INFO in ch.qos.logback.core.rolling.RollingFileAppender[FILE] - Active log file name: /tmp/application.log
11:20:21,475 |-INFO in ch.qos.logback.core.rolling.RollingFileAppender[FILE] - File property is set to [/tmp/application.log]
11:20:21,476 |-INFO in ch.qos.logback.classic.joran.action.RootLoggerAction - Setting level of ROOT logger to WARN
11:20:21,476 |-INFO in ch.qos.logback.core.joran.action.AppenderRefAction - Attaching appender named [STDOUT] to Logger[ROOT]
11:20:21,478 |-INFO in ch.qos.logback.core.joran.action.AppenderRefAction - Attaching appender named [FILE] to Logger[ROOT]
11:20:21,478 |-INFO in ch.qos.logback.classic.joran.action.ConfigurationAction - End of configuration.
11:20:21,479 |-INFO in ch.qos.logback.classic.joran.JoranConfigurator@79698539 - Registering current configuration as safe fallback point

Ama winner
Ama winner
2019-06-11T11:20:23.106+0000: 2.107: [Full GC (Metadata GC Threshold) 2019-06-11T11:20:23.106+0000: 2.107: [Tenured: 0K->15240K(341376K), 0.0406543 secs] 117718K->15240K(494976K), [Metaspace: 20731K->20731K(1067008K)], 0.0407240 secs] [Times: user=0.04 sys=0.00, real=0.04 secs] 
11:20:43.565 [Curator-PathChildrenCache-1] WARN  o.a.c.u.ZKPaths  - The version of ZooKeeper being used doesn't support Container nodes. CreateMode.PERSISTENT will be used instead.
2019-06-11T11:20:45.921+0000: 24.922: [GC (Allocation Failure) 2019-06-11T11:20:45.921+0000: 24.922: [DefNew: 136576K->17023K(153600K), 0.0275656 secs] 151816K->52730K(494976K), 0.0276358 secs] [Times: user=0.02 sys=0.01, real=0.03 secs] 
2019-06-11T11:20:47.452+0000: 26.453: [Full GC (Metadata GC Threshold) 2019-06-11T11:20:47.452+0000: 26.453: [Tenured: 35706K->44134K(341376K), 0.0746805 secs] 103186K->44134K(494976K), [Metaspace: 34592K->34592K(1079296K)], 0.0747602 secs] [Times: user=0.07 sys=0.01, real=0.07 secs] 
2019-06-11T11:20:51.461+0000: 30.462: [GC (Allocation Failure) 2019-06-11T11:20:51.461+0000: 30.462: [DefNew: 136576K->91K(153600K), 0.0017212 secs] 180710K->44226K(494976K), 0.0017785 secs] [Times: user=0.00 sys=0.00, real=0.00 secs] 
2019-06-11T11:20:55.551+0000: 34.552: [GC (Allocation Failure) 2019-06-11T11:20:55.552+0000: 34.552: [DefNew: 136667K->99K(153600K), 0.0017791 secs] 180802K->44234K(494976K), 0.0018449 secs] [Times: user=0.00 sys=0.00, real=0.00 secs] 
2019-06-11T11:20:59.664+0000: 38.664: [GC (Allocation Failure) 2019-06-11T11:20:59.664+0000: 38.664: [DefNew: 136675K->134K(153600K), 0.0017708 secs] 180810K->44269K(494976K), 0.0018311 secs] [Times: user=0.00 sys=0.00, real=0.00 secs] 
2019-06-11T11:21:03.821+0000: 42.821: [GC (Allocation Failure) 2019-06-11T11:21:03.821+0000: 42.821: [DefNew: 136710K->132K(153600K), 0.0017333 secs] 180845K->44267K(494976K), 0.0017942 secs] [Times: user=0.00 sys=0.00, real=0.00 secs] 
11:21:12.635 [Curator-PathChildrenCache-0] ERROR o.a.c.f.r.c.PathChildrenCache  - 
java.lang.IllegalStateException: instance must be started before calling this method
	at org.apache.curator.shaded.com.google.common.base.Preconditions.checkState(Preconditions.java:444)
	at org.apache.curator.framework.imps.CuratorFrameworkImpl.getChildren(CuratorFrameworkImpl.java:456)
	at org.apache.curator.framework.recipes.cache.PathChildrenCache.refresh(PathChildrenCache.java:521)
	at org.apache.curator.framework.recipes.cache.RefreshOperation.invoke(RefreshOperation.java:35)
	at org.apache.curator.framework.recipes.cache.PathChildrenCache$9.run(PathChildrenCache.java:786)
	at java.util.concurrent.Executors$RunnableAdapter.call(Executors.java:511)
	at java.util.concurrent.FutureTask.run(FutureTask.java:266)
	at java.util.concurrent.Executors$RunnableAdapter.call(Executors.java:511)
	at java.util.concurrent.FutureTask.run(FutureTask.java:266)
	at java.util.concurrent.ThreadPoolExecutor.runWorker(ThreadPoolExecutor.java:1149)
	at java.util.concurrent.ThreadPoolExecutor$Worker.run(ThreadPoolExecutor.java:624)
	at java.lang.Thread.run(Thread.java:748)
2019-06-11T11:21:12.842+0000: 51.842: [GC (Allocation Failure) 2019-06-11T11:21:12.842+0000: 51.842: [DefNew: 136708K->958K(153600K), 0.0038227 secs] 180843K->45093K(494976K), 0.0038861 secs] [Times: user=0.01 sys=0.00, real=0.00 secs] 
Heap
 def new generation   total 153600K, used 5844K [0x00000000e0c00000, 0x00000000eb2a0000, 0x00000000eb2a0000)
  eden space 136576K,   3% used [0x00000000e0c00000, 0x00000000e10c56b0, 0x00000000e9160000)
  from space 17024K,   5% used [0x00000000e9160000, 0x00000000e924fbc0, 0x00000000ea200000)
  to   space 17024K,   0% used [0x00000000ea200000, 0x00000000ea200000, 0x00000000eb2a0000)
 tenured generation   total 341376K, used 44134K [0x00000000eb2a0000, 0x0000000100000000, 0x0000000100000000)
   the space 341376K,  12% used [0x00000000eb2a0000, 0x00000000eddb9bb0, 0x00000000eddb9c00, 0x0000000100000000)
 Metaspace       used 35723K, capacity 36654K, committed 36864K, reserved 1081344K
  class space    used 4836K, capacity 5045K, committed 5120K, reserved 1048576K
