07:44:46,468 |-INFO in ch.qos.logback.classic.LoggerContext[default] - Could NOT find resource [logback-test.xml]
07:44:46,468 |-INFO in ch.qos.logback.classic.LoggerContext[default] - Could NOT find resource [logback.groovy]
07:44:46,468 |-INFO in ch.qos.logback.classic.LoggerContext[default] - Found resource [logback.xml] at [jar:file:/root/flamestream/lib/flamestream-runtime-1.0-SNAPSHOT.jar!/logback.xml]
07:44:46,469 |-WARN in ch.qos.logback.classic.LoggerContext[default] - Resource [logback.xml] occurs multiple times on the classpath.
07:44:46,469 |-WARN in ch.qos.logback.classic.LoggerContext[default] - Resource [logback.xml] occurs at [jar:file:/root/flamestream/lib/flamestream-runtime-1.0-SNAPSHOT.jar!/logback.xml]
07:44:46,469 |-WARN in ch.qos.logback.classic.LoggerContext[default] - Resource [logback.xml] occurs at [jar:file:/root/flamestream/flamestream-runtime-1.0-SNAPSHOT.jar!/logback.xml]
07:44:46,491 |-INFO in ch.qos.logback.core.joran.spi.ConfigurationWatchList@3fb6a447 - URL [jar:file:/root/flamestream/lib/flamestream-runtime-1.0-SNAPSHOT.jar!/logback.xml] is not of type file
07:44:46,560 |-INFO in ch.qos.logback.classic.joran.action.ConfigurationAction - debug attribute not set
07:44:46,561 |-INFO in ch.qos.logback.core.joran.action.AppenderAction - About to instantiate appender of type [ch.qos.logback.core.ConsoleAppender]
07:44:46,577 |-INFO in ch.qos.logback.core.joran.action.AppenderAction - Naming appender as [STDOUT]
07:44:46,595 |-INFO in ch.qos.logback.core.joran.action.NestedComplexPropertyIA - Assuming default type [ch.qos.logback.classic.encoder.PatternLayoutEncoder] for [encoder] property
07:44:46,681 |-INFO in ch.qos.logback.core.joran.action.AppenderAction - About to instantiate appender of type [ch.qos.logback.core.rolling.RollingFileAppender]
07:44:46,690 |-INFO in ch.qos.logback.core.joran.action.AppenderAction - Naming appender as [FILE]
07:44:46,721 |-INFO in c.q.l.core.rolling.TimeBasedRollingPolicy@127618319 - No compression will be used
07:44:46,723 |-INFO in c.q.l.core.rolling.TimeBasedRollingPolicy@127618319 - Will use the pattern /tmp/application_%d{yyyy-MM-dd}.%i.log for the active file
07:44:46,726 |-INFO in ch.qos.logback.core.rolling.SizeAndTimeBasedFNATP@6b2fad11 - The date pattern is 'yyyy-MM-dd' from file name pattern '/tmp/application_%d{yyyy-MM-dd}.%i.log'.
07:44:46,726 |-INFO in ch.qos.logback.core.rolling.SizeAndTimeBasedFNATP@6b2fad11 - Roll-over at midnight.
07:44:46,731 |-INFO in ch.qos.logback.core.rolling.SizeAndTimeBasedFNATP@6b2fad11 - Setting initial period to Tue Jun 11 07:43:24 UTC 2019
07:44:46,731 |-WARN in ch.qos.logback.core.rolling.SizeAndTimeBasedFNATP@6b2fad11 - SizeAndTimeBasedFNATP is deprecated. Use SizeAndTimeBasedRollingPolicy instead
07:44:46,731 |-WARN in ch.qos.logback.core.rolling.SizeAndTimeBasedFNATP@6b2fad11 - For more information see http://logback.qos.ch/manual/appenders.html#SizeAndTimeBasedRollingPolicy
07:44:46,735 |-INFO in ch.qos.logback.core.joran.action.NestedComplexPropertyIA - Assuming default type [ch.qos.logback.classic.encoder.PatternLayoutEncoder] for [encoder] property
07:44:46,740 |-INFO in ch.qos.logback.core.rolling.RollingFileAppender[FILE] - Active log file name: /tmp/application.log
07:44:46,740 |-INFO in ch.qos.logback.core.rolling.RollingFileAppender[FILE] - File property is set to [/tmp/application.log]
07:44:46,741 |-INFO in ch.qos.logback.classic.joran.action.RootLoggerAction - Setting level of ROOT logger to WARN
07:44:46,741 |-INFO in ch.qos.logback.core.joran.action.AppenderRefAction - Attaching appender named [STDOUT] to Logger[ROOT]
07:44:46,743 |-INFO in ch.qos.logback.core.joran.action.AppenderRefAction - Attaching appender named [FILE] to Logger[ROOT]
07:44:46,743 |-INFO in ch.qos.logback.classic.joran.action.ConfigurationAction - End of configuration.
07:44:46,743 |-INFO in ch.qos.logback.classic.joran.JoranConfigurator@79698539 - Registering current configuration as safe fallback point

Ama winner
Ama winner
2019-06-11T07:44:48.045+0000: 1.764: [Full GC (Metadata GC Threshold) 2019-06-11T07:44:48.045+0000: 1.764: [Tenured: 0K->15208K(341376K), 0.0354970 secs] 114923K->15208K(494976K), [Metaspace: 20734K->20734K(1067008K)], 0.0355620 secs] [Times: user=0.03 sys=0.00, real=0.03 secs] 
07:45:14.092 [Curator-PathChildrenCache-2] WARN  o.a.c.u.ZKPaths  - The version of ZooKeeper being used doesn't support Container nodes. CreateMode.PERSISTENT will be used instead.
2019-06-11T07:45:16.242+0000: 29.962: [GC (Allocation Failure) 2019-06-11T07:45:16.242+0000: 29.962: [DefNew: 136576K->17023K(153600K), 0.0261312 secs] 151784K->52707K(494976K), 0.0262030 secs] [Times: user=0.02 sys=0.01, real=0.02 secs] 
2019-06-11T07:45:21.000+0000: 34.719: [Full GC (Metadata GC Threshold) 2019-06-11T07:45:21.000+0000: 34.719: [Tenured: 35683K->44153K(341376K), 0.0545206 secs] 143933K->44153K(494976K), [Metaspace: 34583K->34583K(1079296K)], 0.0546037 secs] [Times: user=0.06 sys=0.01, real=0.06 secs] 
2019-06-11T07:45:28.176+0000: 41.896: [GC (Allocation Failure) 2019-06-11T07:45:28.176+0000: 41.896: [DefNew: 136576K->57K(153600K), 0.0017318 secs] 180729K->44211K(494976K), 0.0017927 secs] [Times: user=0.00 sys=0.00, real=0.00 secs] 
2019-06-11T07:45:35.451+0000: 49.170: [GC (Allocation Failure) 2019-06-11T07:45:35.451+0000: 49.170: [DefNew: 136633K->54K(153600K), 0.0016080 secs] 180787K->44207K(494976K), 0.0016681 secs] [Times: user=0.00 sys=0.00, real=0.00 secs] 
2019-06-11T07:45:42.749+0000: 56.468: [GC (Allocation Failure) 2019-06-11T07:45:42.749+0000: 56.468: [DefNew: 136630K->54K(153600K), 0.0016751 secs] 180783K->44207K(494976K), 0.0017365 secs] [Times: user=0.00 sys=0.00, real=0.01 secs] 
2019-06-11T07:45:50.105+0000: 63.825: [GC (Allocation Failure) 2019-06-11T07:45:50.105+0000: 63.825: [DefNew: 136630K->374K(153600K), 0.0020941 secs] 180783K->44527K(494976K), 0.0021549 secs] [Times: user=0.00 sys=0.00, real=0.00 secs] 
2019-06-11T07:46:03.499+0000: 77.219: [GC (Allocation Failure) 2019-06-11T07:46:03.499+0000: 77.219: [DefNew: 136950K->127K(153600K), 0.0019536 secs] 181103K->44280K(494976K), 0.0020162 secs] [Times: user=0.00 sys=0.00, real=0.00 secs] 
07:46:09.909 [Curator-PathChildrenCache-0] ERROR o.a.c.f.r.c.PathChildrenCache  - 
java.lang.IllegalStateException: instance must be started before calling this method
	at org.apache.curator.shaded.com.google.common.base.Preconditions.checkState(Preconditions.java:444)
	at org.apache.curator.framework.imps.CuratorFrameworkImpl.getChildren(CuratorFrameworkImpl.java:456)
	at org.apache.curator.framework.recipes.cache.PathChildrenCache.refresh(PathChildrenCache.java:521)
	at org.apache.curator.framework.recipes.cache.RefreshOperation.invoke(RefreshOperation.java:35)
	at org.apache.curator.framework.recipes.cache.PathChildrenCache$9.run(PathChildrenCache.java:786)
	at java.util.concurrent.Executors$RunnableAdapter.call(Executors.java:511)
	at java.util.concurrent.FutureTask.run(FutureTask.java:266)
	at java.util.concurrent.Executors$RunnableAdapter.call(Executors.java:511)
	at java.util.concurrent.FutureTask.run(FutureTask.java:266)
	at java.util.concurrent.ThreadPoolExecutor.runWorker(ThreadPoolExecutor.java:1149)
	at java.util.concurrent.ThreadPoolExecutor$Worker.run(ThreadPoolExecutor.java:624)
	at java.lang.Thread.run(Thread.java:748)
Heap
 def new generation   total 153600K, used 34335K [0x00000000e0c00000, 0x00000000eb2a0000, 0x00000000eb2a0000)
  eden space 136576K,  25% used [0x00000000e0c00000, 0x00000000e2d68058, 0x00000000e9160000)
  from space 17024K,   0% used [0x00000000e9160000, 0x00000000e917fe88, 0x00000000ea200000)
  to   space 17024K,   0% used [0x00000000ea200000, 0x00000000ea200000, 0x00000000eb2a0000)
 tenured generation   total 341376K, used 44153K [0x00000000eb2a0000, 0x0000000100000000, 0x0000000100000000)
   the space 341376K,  12% used [0x00000000eb2a0000, 0x00000000eddbe458, 0x00000000eddbe600, 0x0000000100000000)
 Metaspace       used 35958K, capacity 36794K, committed 37120K, reserved 1081344K
  class space    used 4869K, capacity 5073K, committed 5120K, reserved 1048576K
