13:25:50,720 |-INFO in ch.qos.logback.classic.LoggerContext[default] - Could NOT find resource [logback-test.xml]
13:25:50,720 |-INFO in ch.qos.logback.classic.LoggerContext[default] - Could NOT find resource [logback.groovy]
13:25:50,720 |-INFO in ch.qos.logback.classic.LoggerContext[default] - Found resource [logback.xml] at [jar:file:/root/flamestream/lib/flamestream-runtime-1.0-SNAPSHOT.jar!/logback.xml]
13:25:50,721 |-WARN in ch.qos.logback.classic.LoggerContext[default] - Resource [logback.xml] occurs multiple times on the classpath.
13:25:50,721 |-WARN in ch.qos.logback.classic.LoggerContext[default] - Resource [logback.xml] occurs at [jar:file:/root/flamestream/lib/flamestream-runtime-1.0-SNAPSHOT.jar!/logback.xml]
13:25:50,721 |-WARN in ch.qos.logback.classic.LoggerContext[default] - Resource [logback.xml] occurs at [jar:file:/root/flamestream/flamestream-runtime-1.0-SNAPSHOT.jar!/logback.xml]
13:25:50,741 |-INFO in ch.qos.logback.core.joran.spi.ConfigurationWatchList@3fb6a447 - URL [jar:file:/root/flamestream/lib/flamestream-runtime-1.0-SNAPSHOT.jar!/logback.xml] is not of type file
13:25:50,807 |-INFO in ch.qos.logback.classic.joran.action.ConfigurationAction - debug attribute not set
13:25:50,808 |-INFO in ch.qos.logback.core.joran.action.AppenderAction - About to instantiate appender of type [ch.qos.logback.core.ConsoleAppender]
13:25:50,824 |-INFO in ch.qos.logback.core.joran.action.AppenderAction - Naming appender as [STDOUT]
13:25:50,842 |-INFO in ch.qos.logback.core.joran.action.NestedComplexPropertyIA - Assuming default type [ch.qos.logback.classic.encoder.PatternLayoutEncoder] for [encoder] property
13:25:50,936 |-INFO in ch.qos.logback.core.joran.action.AppenderAction - About to instantiate appender of type [ch.qos.logback.core.rolling.RollingFileAppender]
13:25:50,944 |-INFO in ch.qos.logback.core.joran.action.AppenderAction - Naming appender as [FILE]
13:25:50,978 |-INFO in c.q.l.core.rolling.TimeBasedRollingPolicy@127618319 - No compression will be used
13:25:50,979 |-INFO in c.q.l.core.rolling.TimeBasedRollingPolicy@127618319 - Will use the pattern /tmp/application_%d{yyyy-MM-dd}.%i.log for the active file
13:25:50,982 |-INFO in ch.qos.logback.core.rolling.SizeAndTimeBasedFNATP@6b2fad11 - The date pattern is 'yyyy-MM-dd' from file name pattern '/tmp/application_%d{yyyy-MM-dd}.%i.log'.
13:25:50,982 |-INFO in ch.qos.logback.core.rolling.SizeAndTimeBasedFNATP@6b2fad11 - Roll-over at midnight.
13:25:50,988 |-INFO in ch.qos.logback.core.rolling.SizeAndTimeBasedFNATP@6b2fad11 - Setting initial period to Mon Jun 10 13:24:32 UTC 2019
13:25:50,988 |-WARN in ch.qos.logback.core.rolling.SizeAndTimeBasedFNATP@6b2fad11 - SizeAndTimeBasedFNATP is deprecated. Use SizeAndTimeBasedRollingPolicy instead
13:25:50,988 |-WARN in ch.qos.logback.core.rolling.SizeAndTimeBasedFNATP@6b2fad11 - For more information see http://logback.qos.ch/manual/appenders.html#SizeAndTimeBasedRollingPolicy
13:25:50,991 |-INFO in ch.qos.logback.core.joran.action.NestedComplexPropertyIA - Assuming default type [ch.qos.logback.classic.encoder.PatternLayoutEncoder] for [encoder] property
13:25:50,997 |-INFO in ch.qos.logback.core.rolling.RollingFileAppender[FILE] - Active log file name: /tmp/application.log
13:25:50,997 |-INFO in ch.qos.logback.core.rolling.RollingFileAppender[FILE] - File property is set to [/tmp/application.log]
13:25:50,998 |-INFO in ch.qos.logback.classic.joran.action.RootLoggerAction - Setting level of ROOT logger to WARN
13:25:50,998 |-INFO in ch.qos.logback.core.joran.action.AppenderRefAction - Attaching appender named [STDOUT] to Logger[ROOT]
13:25:51,000 |-INFO in ch.qos.logback.core.joran.action.AppenderRefAction - Attaching appender named [FILE] to Logger[ROOT]
13:25:51,000 |-INFO in ch.qos.logback.classic.joran.action.ConfigurationAction - End of configuration.
13:25:51,001 |-INFO in ch.qos.logback.classic.joran.JoranConfigurator@79698539 - Registering current configuration as safe fallback point

Ama winner
Ama winner
2019-06-10T13:25:52.303+0000: 1.768: [Full GC (Metadata GC Threshold) 2019-06-10T13:25:52.303+0000: 1.768: [Tenured: 0K->15240K(341376K), 0.0409740 secs] 117750K->15240K(494976K), [Metaspace: 20725K->20725K(1067008K)], 0.0410461 secs] [Times: user=0.03 sys=0.02, real=0.04 secs] 
13:26:10.578 [Curator-PathChildrenCache-1] WARN  o.a.c.u.ZKPaths  - The version of ZooKeeper being used doesn't support Container nodes. CreateMode.PERSISTENT will be used instead.
2019-06-10T13:26:13.111+0000: 22.576: [GC (Allocation Failure) 2019-06-10T13:26:13.111+0000: 22.576: [DefNew: 136576K->17023K(153600K), 0.0299452 secs] 151816K->52876K(494976K), 0.0300225 secs] [Times: user=0.03 sys=0.01, real=0.03 secs] 
2019-06-10T13:26:14.175+0000: 23.640: [Full GC (Metadata GC Threshold) 2019-06-10T13:26:14.175+0000: 23.640: [Tenured: 35852K->44635K(341376K), 0.0385741 secs] 76206K->44635K(494976K), [Metaspace: 34571K->34571K(1079296K)], 0.0386424 secs] [Times: user=0.04 sys=0.00, real=0.04 secs] 
2019-06-10T13:26:21.279+0000: 30.744: [GC (Allocation Failure) 2019-06-10T13:26:21.279+0000: 30.744: [DefNew: 136576K->155K(153600K), 0.0020461 secs] 181211K->44791K(494976K), 0.0021069 secs] [Times: user=0.01 sys=0.00, real=0.00 secs] 
2019-06-10T13:26:28.398+0000: 37.863: [GC (Allocation Failure) 2019-06-10T13:26:28.398+0000: 37.863: [DefNew: 136731K->187K(153600K), 0.0020215 secs] 181367K->44823K(494976K), 0.0020795 secs] [Times: user=0.01 sys=0.00, real=0.00 secs] 
2019-06-10T13:26:35.413+0000: 44.878: [GC (Allocation Failure) 2019-06-10T13:26:35.413+0000: 44.878: [DefNew: 136763K->189K(153600K), 0.0020008 secs] 181399K->44825K(494976K), 0.0020677 secs] [Times: user=0.00 sys=0.00, real=0.00 secs] 
2019-06-10T13:26:42.509+0000: 51.974: [GC (Allocation Failure) 2019-06-10T13:26:42.509+0000: 51.974: [DefNew: 136765K->192K(153600K), 0.0020540 secs] 181401K->44827K(494976K), 0.0021120 secs] [Times: user=0.00 sys=0.00, real=0.00 secs] 
2019-06-10T13:26:49.572+0000: 59.037: [GC (Allocation Failure) 2019-06-10T13:26:49.572+0000: 59.037: [DefNew: 136768K->190K(153600K), 0.0019428 secs] 181403K->44825K(494976K), 0.0019989 secs] [Times: user=0.00 sys=0.00, real=0.00 secs] 
13:27:01.623 [Curator-PathChildrenCache-0] ERROR o.a.c.f.r.c.PathChildrenCache  - 
java.lang.IllegalStateException: instance must be started before calling this method
	at org.apache.curator.shaded.com.google.common.base.Preconditions.checkState(Preconditions.java:444)
	at org.apache.curator.framework.imps.CuratorFrameworkImpl.getChildren(CuratorFrameworkImpl.java:456)
	at org.apache.curator.framework.recipes.cache.PathChildrenCache.refresh(PathChildrenCache.java:521)
	at org.apache.curator.framework.recipes.cache.RefreshOperation.invoke(RefreshOperation.java:35)
	at org.apache.curator.framework.recipes.cache.PathChildrenCache$9.run(PathChildrenCache.java:786)
	at java.util.concurrent.Executors$RunnableAdapter.call(Executors.java:511)
	at java.util.concurrent.FutureTask.run(FutureTask.java:266)
	at java.util.concurrent.Executors$RunnableAdapter.call(Executors.java:511)
	at java.util.concurrent.FutureTask.run(FutureTask.java:266)
	at java.util.concurrent.ThreadPoolExecutor.runWorker(ThreadPoolExecutor.java:1149)
	at java.util.concurrent.ThreadPoolExecutor$Worker.run(ThreadPoolExecutor.java:624)
	at java.lang.Thread.run(Thread.java:748)
Heap
 def new generation   total 153600K, used 129561K [0x00000000e0c00000, 0x00000000eb2a0000, 0x00000000eb2a0000)
  eden space 136576K,  94% used [0x00000000e0c00000, 0x00000000e8a56db0, 0x00000000e9160000)
  from space 17024K,   1% used [0x00000000e9160000, 0x00000000e918f988, 0x00000000ea200000)
  to   space 17024K,   0% used [0x00000000ea200000, 0x00000000ea200000, 0x00000000eb2a0000)
 tenured generation   total 341376K, used 44635K [0x00000000eb2a0000, 0x0000000100000000, 0x0000000100000000)
   the space 341376K,  13% used [0x00000000eb2a0000, 0x00000000ede36e28, 0x00000000ede37000, 0x0000000100000000)
 Metaspace       used 36353K, capacity 37266K, committed 37376K, reserved 1081344K
  class space    used 4871K, capacity 5077K, committed 5120K, reserved 1048576K
