15:53:26,032 |-INFO in ch.qos.logback.classic.LoggerContext[default] - Could NOT find resource [logback-test.xml]
15:53:26,032 |-INFO in ch.qos.logback.classic.LoggerContext[default] - Could NOT find resource [logback.groovy]
15:53:26,032 |-INFO in ch.qos.logback.classic.LoggerContext[default] - Found resource [logback.xml] at [jar:file:/root/flamestream/lib/flamestream-runtime-1.0-SNAPSHOT.jar!/logback.xml]
15:53:26,033 |-WARN in ch.qos.logback.classic.LoggerContext[default] - Resource [logback.xml] occurs multiple times on the classpath.
15:53:26,033 |-WARN in ch.qos.logback.classic.LoggerContext[default] - Resource [logback.xml] occurs at [jar:file:/root/flamestream/lib/flamestream-runtime-1.0-SNAPSHOT.jar!/logback.xml]
15:53:26,033 |-WARN in ch.qos.logback.classic.LoggerContext[default] - Resource [logback.xml] occurs at [jar:file:/root/flamestream/flamestream-runtime-1.0-SNAPSHOT.jar!/logback.xml]
15:53:26,052 |-INFO in ch.qos.logback.core.joran.spi.ConfigurationWatchList@3fb6a447 - URL [jar:file:/root/flamestream/lib/flamestream-runtime-1.0-SNAPSHOT.jar!/logback.xml] is not of type file
15:53:26,123 |-INFO in ch.qos.logback.classic.joran.action.ConfigurationAction - debug attribute not set
15:53:26,123 |-INFO in ch.qos.logback.core.joran.action.AppenderAction - About to instantiate appender of type [ch.qos.logback.core.ConsoleAppender]
15:53:26,144 |-INFO in ch.qos.logback.core.joran.action.AppenderAction - Naming appender as [STDOUT]
15:53:26,161 |-INFO in ch.qos.logback.core.joran.action.NestedComplexPropertyIA - Assuming default type [ch.qos.logback.classic.encoder.PatternLayoutEncoder] for [encoder] property
15:53:26,244 |-INFO in ch.qos.logback.core.joran.action.AppenderAction - About to instantiate appender of type [ch.qos.logback.core.rolling.RollingFileAppender]
15:53:26,249 |-INFO in ch.qos.logback.core.joran.action.AppenderAction - Naming appender as [FILE]
15:53:26,279 |-INFO in c.q.l.core.rolling.TimeBasedRollingPolicy@127618319 - No compression will be used
15:53:26,280 |-INFO in c.q.l.core.rolling.TimeBasedRollingPolicy@127618319 - Will use the pattern /tmp/application_%d{yyyy-MM-dd}.%i.log for the active file
15:53:26,283 |-INFO in ch.qos.logback.core.rolling.SizeAndTimeBasedFNATP@6b2fad11 - The date pattern is 'yyyy-MM-dd' from file name pattern '/tmp/application_%d{yyyy-MM-dd}.%i.log'.
15:53:26,283 |-INFO in ch.qos.logback.core.rolling.SizeAndTimeBasedFNATP@6b2fad11 - Roll-over at midnight.
15:53:26,288 |-INFO in ch.qos.logback.core.rolling.SizeAndTimeBasedFNATP@6b2fad11 - Setting initial period to Mon Jun 10 15:52:16 UTC 2019
15:53:26,288 |-WARN in ch.qos.logback.core.rolling.SizeAndTimeBasedFNATP@6b2fad11 - SizeAndTimeBasedFNATP is deprecated. Use SizeAndTimeBasedRollingPolicy instead
15:53:26,288 |-WARN in ch.qos.logback.core.rolling.SizeAndTimeBasedFNATP@6b2fad11 - For more information see http://logback.qos.ch/manual/appenders.html#SizeAndTimeBasedRollingPolicy
15:53:26,292 |-INFO in ch.qos.logback.core.joran.action.NestedComplexPropertyIA - Assuming default type [ch.qos.logback.classic.encoder.PatternLayoutEncoder] for [encoder] property
15:53:26,297 |-INFO in ch.qos.logback.core.rolling.RollingFileAppender[FILE] - Active log file name: /tmp/application.log
15:53:26,297 |-INFO in ch.qos.logback.core.rolling.RollingFileAppender[FILE] - File property is set to [/tmp/application.log]
15:53:26,298 |-INFO in ch.qos.logback.classic.joran.action.RootLoggerAction - Setting level of ROOT logger to WARN
15:53:26,298 |-INFO in ch.qos.logback.core.joran.action.AppenderRefAction - Attaching appender named [STDOUT] to Logger[ROOT]
15:53:26,300 |-INFO in ch.qos.logback.core.joran.action.AppenderRefAction - Attaching appender named [FILE] to Logger[ROOT]
15:53:26,300 |-INFO in ch.qos.logback.classic.joran.action.ConfigurationAction - End of configuration.
15:53:26,300 |-INFO in ch.qos.logback.classic.joran.JoranConfigurator@79698539 - Registering current configuration as safe fallback point

Ama winner
Ama winner
2019-06-10T15:53:27.897+0000: 2.050: [Full GC (Metadata GC Threshold) 2019-06-10T15:53:27.897+0000: 2.050: [Tenured: 0K->15177K(341376K), 0.0390646 secs] 117718K->15177K(494976K), [Metaspace: 20735K->20735K(1067008K)], 0.0391311 secs] [Times: user=0.03 sys=0.00, real=0.04 secs] 
15:53:47.827 [Curator-PathChildrenCache-1] WARN  o.a.c.u.ZKPaths  - The version of ZooKeeper being used doesn't support Container nodes. CreateMode.PERSISTENT will be used instead.
2019-06-10T15:53:50.529+0000: 24.683: [GC (Allocation Failure) 2019-06-10T15:53:50.529+0000: 24.683: [DefNew: 135983K->16778K(153600K), 0.0256348 secs] 151161K->51487K(494976K), 0.0257038 secs] [Times: user=0.02 sys=0.00, real=0.03 secs] 
2019-06-10T15:53:51.593+0000: 25.747: [Full GC (Metadata GC Threshold) 2019-06-10T15:53:51.593+0000: 25.747: [Tenured: 34708K->43524K(341376K), 0.0407274 secs] 83709K->43524K(494976K), [Metaspace: 34597K->34597K(1079296K)], 0.0408070 secs] [Times: user=0.04 sys=0.00, real=0.04 secs] 
2019-06-10T15:53:57.325+0000: 31.478: [GC (Allocation Failure) 2019-06-10T15:53:57.325+0000: 31.478: [DefNew: 136576K->78K(153600K), 0.0019285 secs] 180100K->43602K(494976K), 0.0019863 secs] [Times: user=0.00 sys=0.00, real=0.00 secs] 
2019-06-10T15:54:03.036+0000: 37.189: [GC (Allocation Failure) 2019-06-10T15:54:03.036+0000: 37.189: [DefNew: 136654K->71K(153600K), 0.0017802 secs] 180178K->43595K(494976K), 0.0018420 secs] [Times: user=0.00 sys=0.00, real=0.00 secs] 
2019-06-10T15:54:08.703+0000: 42.857: [GC (Allocation Failure) 2019-06-10T15:54:08.703+0000: 42.857: [DefNew: 136647K->73K(153600K), 0.0018300 secs] 180171K->43598K(494976K), 0.0018900 secs] [Times: user=0.00 sys=0.00, real=0.00 secs] 
2019-06-10T15:54:14.355+0000: 48.509: [GC (Allocation Failure) 2019-06-10T15:54:14.356+0000: 48.509: [DefNew: 136649K->71K(153600K), 0.0017858 secs] 180174K->43596K(494976K), 0.0018451 secs] [Times: user=0.00 sys=0.00, real=0.00 secs] 
2019-06-10T15:54:24.357+0000: 58.510: [GC (Allocation Failure) 2019-06-10T15:54:24.357+0000: 58.510: [DefNew: 136647K->122K(153600K), 0.0023010 secs] 180172K->43647K(494976K), 0.0023549 secs] [Times: user=0.00 sys=0.00, real=0.01 secs] 
15:54:24.456 [Curator-PathChildrenCache-0] ERROR o.a.c.f.r.c.PathChildrenCache  - 
java.lang.IllegalStateException: instance must be started before calling this method
	at org.apache.curator.shaded.com.google.common.base.Preconditions.checkState(Preconditions.java:444)
	at org.apache.curator.framework.imps.CuratorFrameworkImpl.getChildren(CuratorFrameworkImpl.java:456)
	at org.apache.curator.framework.recipes.cache.PathChildrenCache.refresh(PathChildrenCache.java:521)
	at org.apache.curator.framework.recipes.cache.RefreshOperation.invoke(RefreshOperation.java:35)
	at org.apache.curator.framework.recipes.cache.PathChildrenCache$9.run(PathChildrenCache.java:786)
	at java.util.concurrent.Executors$RunnableAdapter.call(Executors.java:511)
	at java.util.concurrent.FutureTask.run(FutureTask.java:266)
	at java.util.concurrent.Executors$RunnableAdapter.call(Executors.java:511)
	at java.util.concurrent.FutureTask.run(FutureTask.java:266)
	at java.util.concurrent.ThreadPoolExecutor.runWorker(ThreadPoolExecutor.java:1149)
	at java.util.concurrent.ThreadPoolExecutor$Worker.run(ThreadPoolExecutor.java:624)
	at java.lang.Thread.run(Thread.java:748)
Heap
 def new generation   total 153600K, used 23025K [0x00000000e0c00000, 0x00000000eb2a0000, 0x00000000eb2a0000)
  eden space 136576K,  16% used [0x00000000e0c00000, 0x00000000e225da50, 0x00000000e9160000)
  from space 17024K,   0% used [0x00000000e9160000, 0x00000000e917eaa0, 0x00000000ea200000)
  to   space 17024K,   0% used [0x00000000ea200000, 0x00000000ea200000, 0x00000000eb2a0000)
 tenured generation   total 341376K, used 43524K [0x00000000eb2a0000, 0x0000000100000000, 0x0000000100000000)
   the space 341376K,  12% used [0x00000000eb2a0000, 0x00000000edd212f0, 0x00000000edd21400, 0x0000000100000000)
 Metaspace       used 35913K, capacity 36838K, committed 37120K, reserved 1081344K
  class space    used 4826K, capacity 5043K, committed 5120K, reserved 1048576K
