09:58:02,844 |-INFO in ch.qos.logback.classic.LoggerContext[default] - Could NOT find resource [logback-test.xml]
09:58:02,844 |-INFO in ch.qos.logback.classic.LoggerContext[default] - Could NOT find resource [logback.groovy]
09:58:02,844 |-INFO in ch.qos.logback.classic.LoggerContext[default] - Found resource [logback.xml] at [jar:file:/home/nikitasokolov/flamestream/lib/flamestream-runtime-1.0-SNAPSHOT.jar!/logback.xml]
09:58:02,845 |-WARN in ch.qos.logback.classic.LoggerContext[default] - Resource [logback.xml] occurs multiple times on the classpath.
09:58:02,845 |-WARN in ch.qos.logback.classic.LoggerContext[default] - Resource [logback.xml] occurs at [jar:file:/home/nikitasokolov/flamestream/lib/flamestream-runtime-1.0-SNAPSHOT.jar!/logback.xml]
09:58:02,845 |-WARN in ch.qos.logback.classic.LoggerContext[default] - Resource [logback.xml] occurs at [jar:file:/home/nikitasokolov/flamestream/flamestream-runtime-1.0-SNAPSHOT.jar!/logback.xml]
09:58:02,860 |-INFO in ch.qos.logback.core.joran.spi.ConfigurationWatchList@6108b2d7 - URL [jar:file:/home/nikitasokolov/flamestream/lib/flamestream-runtime-1.0-SNAPSHOT.jar!/logback.xml] is not of type file
09:58:02,909 |-INFO in ch.qos.logback.classic.joran.action.ConfigurationAction - debug attribute not set
09:58:02,909 |-INFO in ch.qos.logback.core.joran.action.AppenderAction - About to instantiate appender of type [ch.qos.logback.core.ConsoleAppender]
09:58:02,917 |-INFO in ch.qos.logback.core.joran.action.AppenderAction - Naming appender as [STDOUT]
09:58:02,924 |-INFO in ch.qos.logback.core.joran.action.NestedComplexPropertyIA - Assuming default type [ch.qos.logback.classic.encoder.PatternLayoutEncoder] for [encoder] property
09:58:02,978 |-INFO in ch.qos.logback.core.joran.action.AppenderAction - About to instantiate appender of type [ch.qos.logback.core.rolling.RollingFileAppender]
09:58:02,984 |-INFO in ch.qos.logback.core.joran.action.AppenderAction - Naming appender as [FILE]
09:58:03,008 |-INFO in c.q.l.core.rolling.TimeBasedRollingPolicy@357863579 - No compression will be used
09:58:03,010 |-INFO in c.q.l.core.rolling.TimeBasedRollingPolicy@357863579 - Will use the pattern /tmp/application_%d{yyyy-MM-dd}.%i.log for the active file
09:58:03,014 |-INFO in ch.qos.logback.core.rolling.SizeAndTimeBasedFNATP@6bf256fa - The date pattern is 'yyyy-MM-dd' from file name pattern '/tmp/application_%d{yyyy-MM-dd}.%i.log'.
09:58:03,014 |-INFO in ch.qos.logback.core.rolling.SizeAndTimeBasedFNATP@6bf256fa - Roll-over at midnight.
09:58:03,019 |-INFO in ch.qos.logback.core.rolling.SizeAndTimeBasedFNATP@6bf256fa - Setting initial period to Sun Jun 09 09:57:19 MSK 2019
09:58:03,019 |-WARN in ch.qos.logback.core.rolling.SizeAndTimeBasedFNATP@6bf256fa - SizeAndTimeBasedFNATP is deprecated. Use SizeAndTimeBasedRollingPolicy instead
09:58:03,019 |-WARN in ch.qos.logback.core.rolling.SizeAndTimeBasedFNATP@6bf256fa - For more information see http://logback.qos.ch/manual/appenders.html#SizeAndTimeBasedRollingPolicy
09:58:03,023 |-INFO in ch.qos.logback.core.joran.action.NestedComplexPropertyIA - Assuming default type [ch.qos.logback.classic.encoder.PatternLayoutEncoder] for [encoder] property
09:58:03,025 |-INFO in ch.qos.logback.core.rolling.RollingFileAppender[FILE] - Active log file name: /tmp/application.log
09:58:03,025 |-INFO in ch.qos.logback.core.rolling.RollingFileAppender[FILE] - File property is set to [/tmp/application.log]
09:58:03,026 |-INFO in ch.qos.logback.classic.joran.action.RootLoggerAction - Setting level of ROOT logger to WARN
09:58:03,026 |-INFO in ch.qos.logback.core.joran.action.AppenderRefAction - Attaching appender named [STDOUT] to Logger[ROOT]
09:58:03,027 |-INFO in ch.qos.logback.core.joran.action.AppenderRefAction - Attaching appender named [FILE] to Logger[ROOT]
09:58:03,027 |-INFO in ch.qos.logback.classic.joran.action.ConfigurationAction - End of configuration.
09:58:03,028 |-INFO in ch.qos.logback.classic.joran.JoranConfigurator@6cd8737 - Registering current configuration as safe fallback point

2019-06-09T09:58:04.013+0300: 1.367: [GC (Metadata GC Threshold) [PSYoungGen: 110722K->15809K(149504K)] 110722K->15889K(491008K), 0.0269633 secs] [Times: user=0.08 sys=0.03, real=0.03 secs] 
2019-06-09T09:58:04.040+0300: 1.394: [Full GC (Metadata GC Threshold) [PSYoungGen: 15809K->0K(149504K)] [ParOldGen: 80K->15078K(341504K)] 15889K->15078K(491008K), [Metaspace: 20800K->20800K(1067008K)], 0.0299880 secs] [Times: user=0.19 sys=0.02, real=0.03 secs] 
09:58:15.570 [Curator-PathChildrenCache-1] WARN  o.a.c.u.ZKPaths  - The version of ZooKeeper being used doesn't support Container nodes. CreateMode.PERSISTENT will be used instead.
2019-06-09T09:58:16.633+0300: 13.987: [GC (Metadata GC Threshold) [PSYoungGen: 127852K->20987K(149504K)] 142931K->50051K(491008K), 0.0175319 secs] [Times: user=0.18 sys=0.03, real=0.02 secs] 
2019-06-09T09:58:16.650+0300: 14.004: [Full GC (Metadata GC Threshold) [PSYoungGen: 20987K->0K(149504K)] [ParOldGen: 29064K->39068K(341504K)] 50051K->39068K(491008K), [Metaspace: 34551K->34551K(1079296K)], 0.0424029 secs] [Times: user=0.15 sys=0.01, real=0.04 secs] 
2019-06-09T09:58:22.489+0300: 19.843: [GC (Allocation Failure) [PSYoungGen: 128512K->384K(149504K)] 167580K->39460K(491008K), 0.0039495 secs] [Times: user=0.00 sys=0.03, real=0.01 secs] 
2019-06-09T09:58:28.952+0300: 26.306: [GC (Allocation Failure) [PSYoungGen: 128896K->512K(149504K)] 167972K->39596K(491008K), 0.0056798 secs] [Times: user=0.04 sys=0.00, real=0.01 secs] 
2019-06-09T09:58:35.450+0300: 32.804: [GC (Allocation Failure) [PSYoungGen: 129024K->480K(129024K)] 168108K->39572K(470528K), 0.0058889 secs] [Times: user=0.03 sys=0.01, real=0.00 secs] 
2019-06-09T09:58:41.934+0300: 39.288: [GC (Allocation Failure) [PSYoungGen: 128992K->480K(132608K)] 168084K->39580K(474112K), 0.0117782 secs] [Times: user=0.13 sys=0.02, real=0.01 secs] 
2019-06-09T09:58:46.705+0300: 44.059: [GC (Allocation Failure) [PSYoungGen: 93152K->480K(130560K)] 132252K->39588K(472064K), 0.0036569 secs] [Times: user=0.01 sys=0.00, real=0.00 secs] 
2019-06-09T09:58:51.476+0300: 48.830: [GC (Allocation Failure) [PSYoungGen: 93152K->416K(136704K)] 132260K->39524K(478208K), 0.0024924 secs] [Times: user=0.02 sys=0.00, real=0.01 secs] 
2019-06-09T09:58:56.641+0300: 53.995: [GC (Allocation Failure) [PSYoungGen: 101792K->480K(135168K)] 140900K->39588K(476672K), 0.0050988 secs] [Times: user=0.02 sys=0.02, real=0.00 secs] 
2019-06-09T09:59:01.848+0300: 59.202: [GC (Allocation Failure) [PSYoungGen: 101856K->416K(140288K)] 140964K->39532K(481792K), 0.0024602 secs] [Times: user=0.02 sys=0.00, real=0.01 secs] 
2019-06-09T09:59:08.133+0300: 65.487: [GC (Allocation Failure) [PSYoungGen: 108960K->951K(138752K)] 148076K->40075K(480256K), 0.0032197 secs] [Times: user=0.02 sys=0.00, real=0.00 secs] 
2019-06-09T09:59:15.313+0300: 72.667: [GC (Allocation Failure) [PSYoungGen: 109495K->640K(143360K)] 148619K->39772K(484864K), 0.0043935 secs] [Times: user=0.03 sys=0.00, real=0.00 secs] 
2019-06-09T09:59:22.830+0300: 80.184: [GC (Allocation Failure) [PSYoungGen: 115328K->672K(141824K)] 154460K->39812K(483328K), 0.0040737 secs] [Times: user=0.01 sys=0.01, real=0.01 secs] 
09:59:40.263 [Curator-PathChildrenCache-0] ERROR o.a.c.f.r.c.PathChildrenCache  - 
java.lang.IllegalStateException: instance must be started before calling this method
	at org.apache.curator.shaded.com.google.common.base.Preconditions.checkState(Preconditions.java:444)
	at org.apache.curator.framework.imps.CuratorFrameworkImpl.getChildren(CuratorFrameworkImpl.java:456)
	at org.apache.curator.framework.recipes.cache.PathChildrenCache.refresh(PathChildrenCache.java:521)
	at org.apache.curator.framework.recipes.cache.RefreshOperation.invoke(RefreshOperation.java:35)
	at org.apache.curator.framework.recipes.cache.PathChildrenCache$9.run(PathChildrenCache.java:786)
	at java.util.concurrent.Executors$RunnableAdapter.call(Executors.java:511)
	at java.util.concurrent.FutureTask.run(FutureTask.java:266)
	at java.util.concurrent.Executors$RunnableAdapter.call(Executors.java:511)
	at java.util.concurrent.FutureTask.run(FutureTask.java:266)
	at java.util.concurrent.ThreadPoolExecutor.runWorker(ThreadPoolExecutor.java:1149)
	at java.util.concurrent.ThreadPoolExecutor$Worker.run(ThreadPoolExecutor.java:624)
	at java.lang.Thread.run(Thread.java:748)
Heap
 PSYoungGen      total 141824K, used 101460K [0x00000000f5980000, 0x0000000100000000, 0x0000000100000000)
  eden space 114688K, 87% used [0x00000000f5980000,0x00000000fbbed310,0x00000000fc980000)
  from space 27136K, 2% used [0x00000000fc980000,0x00000000fca28050,0x00000000fe400000)
  to   space 25600K, 0% used [0x00000000fe700000,0x00000000fe700000,0x0000000100000000)
 ParOldGen       total 341504K, used 39140K [0x00000000e0c00000, 0x00000000f5980000, 0x00000000f5980000)
  object space 341504K, 11% used [0x00000000e0c00000,0x00000000e32392a0,0x00000000f5980000)
 Metaspace       used 36132K, capacity 36958K, committed 37208K, reserved 1081344K
  class space    used 4979K, capacity 5161K, committed 5248K, reserved 1048576K
