05:46:25,098 |-INFO in ch.qos.logback.classic.LoggerContext[default] - Could NOT find resource [logback-test.xml]
05:46:25,098 |-INFO in ch.qos.logback.classic.LoggerContext[default] - Could NOT find resource [logback.groovy]
05:46:25,098 |-INFO in ch.qos.logback.classic.LoggerContext[default] - Found resource [logback.xml] at [jar:file:/root/flamestream/lib/flamestream-runtime-1.0-SNAPSHOT.jar!/logback.xml]
05:46:25,099 |-WARN in ch.qos.logback.classic.LoggerContext[default] - Resource [logback.xml] occurs multiple times on the classpath.
05:46:25,099 |-WARN in ch.qos.logback.classic.LoggerContext[default] - Resource [logback.xml] occurs at [jar:file:/root/flamestream/lib/flamestream-runtime-1.0-SNAPSHOT.jar!/logback.xml]
05:46:25,099 |-WARN in ch.qos.logback.classic.LoggerContext[default] - Resource [logback.xml] occurs at [jar:file:/root/flamestream/flamestream-runtime-1.0-SNAPSHOT.jar!/logback.xml]
05:46:25,120 |-INFO in ch.qos.logback.core.joran.spi.ConfigurationWatchList@3fb6a447 - URL [jar:file:/root/flamestream/lib/flamestream-runtime-1.0-SNAPSHOT.jar!/logback.xml] is not of type file
05:46:25,188 |-INFO in ch.qos.logback.classic.joran.action.ConfigurationAction - debug attribute not set
05:46:25,189 |-INFO in ch.qos.logback.core.joran.action.AppenderAction - About to instantiate appender of type [ch.qos.logback.core.ConsoleAppender]
05:46:25,205 |-INFO in ch.qos.logback.core.joran.action.AppenderAction - Naming appender as [STDOUT]
05:46:25,221 |-INFO in ch.qos.logback.core.joran.action.NestedComplexPropertyIA - Assuming default type [ch.qos.logback.classic.encoder.PatternLayoutEncoder] for [encoder] property
05:46:25,320 |-INFO in ch.qos.logback.core.joran.action.AppenderAction - About to instantiate appender of type [ch.qos.logback.core.rolling.RollingFileAppender]
05:46:25,325 |-INFO in ch.qos.logback.core.joran.action.AppenderAction - Naming appender as [FILE]
05:46:25,363 |-INFO in c.q.l.core.rolling.TimeBasedRollingPolicy@127618319 - No compression will be used
05:46:25,364 |-INFO in c.q.l.core.rolling.TimeBasedRollingPolicy@127618319 - Will use the pattern /tmp/application_%d{yyyy-MM-dd}.%i.log for the active file
05:46:25,367 |-INFO in ch.qos.logback.core.rolling.SizeAndTimeBasedFNATP@6b2fad11 - The date pattern is 'yyyy-MM-dd' from file name pattern '/tmp/application_%d{yyyy-MM-dd}.%i.log'.
05:46:25,367 |-INFO in ch.qos.logback.core.rolling.SizeAndTimeBasedFNATP@6b2fad11 - Roll-over at midnight.
05:46:25,372 |-INFO in ch.qos.logback.core.rolling.SizeAndTimeBasedFNATP@6b2fad11 - Setting initial period to Tue Jun 11 05:45:09 UTC 2019
05:46:25,373 |-WARN in ch.qos.logback.core.rolling.SizeAndTimeBasedFNATP@6b2fad11 - SizeAndTimeBasedFNATP is deprecated. Use SizeAndTimeBasedRollingPolicy instead
05:46:25,373 |-WARN in ch.qos.logback.core.rolling.SizeAndTimeBasedFNATP@6b2fad11 - For more information see http://logback.qos.ch/manual/appenders.html#SizeAndTimeBasedRollingPolicy
05:46:25,377 |-INFO in ch.qos.logback.core.joran.action.NestedComplexPropertyIA - Assuming default type [ch.qos.logback.classic.encoder.PatternLayoutEncoder] for [encoder] property
05:46:25,382 |-INFO in ch.qos.logback.core.rolling.RollingFileAppender[FILE] - Active log file name: /tmp/application.log
05:46:25,382 |-INFO in ch.qos.logback.core.rolling.RollingFileAppender[FILE] - File property is set to [/tmp/application.log]
05:46:25,382 |-INFO in ch.qos.logback.classic.joran.action.RootLoggerAction - Setting level of ROOT logger to WARN
05:46:25,382 |-INFO in ch.qos.logback.core.joran.action.AppenderRefAction - Attaching appender named [STDOUT] to Logger[ROOT]
05:46:25,384 |-INFO in ch.qos.logback.core.joran.action.AppenderRefAction - Attaching appender named [FILE] to Logger[ROOT]
05:46:25,384 |-INFO in ch.qos.logback.classic.joran.action.ConfigurationAction - End of configuration.
05:46:25,385 |-INFO in ch.qos.logback.classic.joran.JoranConfigurator@79698539 - Registering current configuration as safe fallback point

Ama winner
Ama winner
2019-06-11T05:46:26.680+0000: 1.771: [Full GC (Metadata GC Threshold) 2019-06-11T05:46:26.681+0000: 1.771: [Tenured: 0K->15241K(341376K), 0.0401555 secs] 115021K->15241K(494976K), [Metaspace: 20735K->20735K(1067008K)], 0.0402361 secs] [Times: user=0.04 sys=0.00, real=0.04 secs] 
05:46:39.037 [Curator-PathChildrenCache-1] WARN  o.a.c.u.ZKPaths  - The version of ZooKeeper being used doesn't support Container nodes. CreateMode.PERSISTENT will be used instead.
2019-06-11T05:46:41.041+0000: 16.131: [GC (Allocation Failure) 2019-06-11T05:46:41.041+0000: 16.131: [DefNew: 136576K->17024K(153600K), 0.0263997 secs] 151817K->52531K(494976K), 0.0264852 secs] [Times: user=0.01 sys=0.01, real=0.03 secs] 
2019-06-11T05:46:42.367+0000: 17.457: [Full GC (Metadata GC Threshold) 2019-06-11T05:46:42.367+0000: 17.458: [Tenured: 35507K->44019K(341376K), 0.0420275 secs] 87888K->44019K(494976K), [Metaspace: 34562K->34562K(1079296K)], 0.0421068 secs] [Times: user=0.04 sys=0.00, real=0.04 secs] 
2019-06-11T05:46:48.013+0000: 23.104: [GC (Allocation Failure) 2019-06-11T05:46:48.013+0000: 23.104: [DefNew: 136576K->104K(153600K), 0.0020031 secs] 180595K->44124K(494976K), 0.0020646 secs] [Times: user=0.00 sys=0.00, real=0.00 secs] 
2019-06-11T05:46:53.593+0000: 28.683: [GC (Allocation Failure) 2019-06-11T05:46:53.593+0000: 28.683: [DefNew: 136680K->110K(153600K), 0.0017237 secs] 180700K->44130K(494976K), 0.0017814 secs] [Times: user=0.00 sys=0.00, real=0.00 secs] 
2019-06-11T05:46:59.226+0000: 34.316: [GC (Allocation Failure) 2019-06-11T05:46:59.226+0000: 34.317: [DefNew: 136686K->136K(153600K), 0.0018707 secs] 180706K->44156K(494976K), 0.0019313 secs] [Times: user=0.00 sys=0.00, real=0.00 secs] 
2019-06-11T05:47:04.884+0000: 39.975: [GC (Allocation Failure) 2019-06-11T05:47:04.884+0000: 39.975: [DefNew: 136712K->175K(153600K), 0.0017860 secs] 180732K->44195K(494976K), 0.0018439 secs] [Times: user=0.00 sys=0.00, real=0.00 secs] 
2019-06-11T05:47:13.741+0000: 48.832: [GC (Allocation Failure) 2019-06-11T05:47:13.741+0000: 48.832: [DefNew: 136751K->169K(153600K), 0.0018348 secs] 180771K->44189K(494976K), 0.0018917 secs] [Times: user=0.00 sys=0.00, real=0.01 secs] 
05:47:16.108 [Curator-PathChildrenCache-0] ERROR o.a.c.f.r.c.PathChildrenCache  - 
java.lang.IllegalStateException: instance must be started before calling this method
	at org.apache.curator.shaded.com.google.common.base.Preconditions.checkState(Preconditions.java:444)
	at org.apache.curator.framework.imps.CuratorFrameworkImpl.getChildren(CuratorFrameworkImpl.java:456)
	at org.apache.curator.framework.recipes.cache.PathChildrenCache.refresh(PathChildrenCache.java:521)
	at org.apache.curator.framework.recipes.cache.RefreshOperation.invoke(RefreshOperation.java:35)
	at org.apache.curator.framework.recipes.cache.PathChildrenCache$9.run(PathChildrenCache.java:786)
	at java.util.concurrent.Executors$RunnableAdapter.call(Executors.java:511)
	at java.util.concurrent.FutureTask.run(FutureTask.java:266)
	at java.util.concurrent.Executors$RunnableAdapter.call(Executors.java:511)
	at java.util.concurrent.FutureTask.run(FutureTask.java:266)
	at java.util.concurrent.ThreadPoolExecutor.runWorker(ThreadPoolExecutor.java:1149)
	at java.util.concurrent.ThreadPoolExecutor$Worker.run(ThreadPoolExecutor.java:624)
	at java.lang.Thread.run(Thread.java:748)
Heap
 def new generation   total 153600K, used 30509K [0x00000000e0c00000, 0x00000000eb2a0000, 0x00000000eb2a0000)
  eden space 136576K,  22% used [0x00000000e0c00000, 0x00000000e29a0f78, 0x00000000e9160000)
  from space 17024K,   0% used [0x00000000e9160000, 0x00000000e918a678, 0x00000000ea200000)
  to   space 17024K,   0% used [0x00000000ea200000, 0x00000000ea200000, 0x00000000eb2a0000)
 tenured generation   total 341376K, used 44019K [0x00000000eb2a0000, 0x0000000100000000, 0x0000000100000000)
   the space 341376K,  12% used [0x00000000eb2a0000, 0x00000000edd9cf90, 0x00000000edd9d000, 0x0000000100000000)
 Metaspace       used 35856K, capacity 36770K, committed 37120K, reserved 1081344K
  class space    used 4834K, capacity 5053K, committed 5120K, reserved 1048576K
