13:23:13,072 |-INFO in ch.qos.logback.classic.LoggerContext[default] - Could NOT find resource [logback-test.xml]
13:23:13,073 |-INFO in ch.qos.logback.classic.LoggerContext[default] - Could NOT find resource [logback.groovy]
13:23:13,073 |-INFO in ch.qos.logback.classic.LoggerContext[default] - Found resource [logback.xml] at [jar:file:/root/flamestream/lib/flamestream-runtime-1.0-SNAPSHOT.jar!/logback.xml]
13:23:13,074 |-WARN in ch.qos.logback.classic.LoggerContext[default] - Resource [logback.xml] occurs multiple times on the classpath.
13:23:13,074 |-WARN in ch.qos.logback.classic.LoggerContext[default] - Resource [logback.xml] occurs at [jar:file:/root/flamestream/lib/flamestream-runtime-1.0-SNAPSHOT.jar!/logback.xml]
13:23:13,074 |-WARN in ch.qos.logback.classic.LoggerContext[default] - Resource [logback.xml] occurs at [jar:file:/root/flamestream/flamestream-runtime-1.0-SNAPSHOT.jar!/logback.xml]
13:23:13,094 |-INFO in ch.qos.logback.core.joran.spi.ConfigurationWatchList@3fb6a447 - URL [jar:file:/root/flamestream/lib/flamestream-runtime-1.0-SNAPSHOT.jar!/logback.xml] is not of type file
13:23:13,169 |-INFO in ch.qos.logback.classic.joran.action.ConfigurationAction - debug attribute not set
13:23:13,169 |-INFO in ch.qos.logback.core.joran.action.AppenderAction - About to instantiate appender of type [ch.qos.logback.core.ConsoleAppender]
13:23:13,183 |-INFO in ch.qos.logback.core.joran.action.AppenderAction - Naming appender as [STDOUT]
13:23:13,203 |-INFO in ch.qos.logback.core.joran.action.NestedComplexPropertyIA - Assuming default type [ch.qos.logback.classic.encoder.PatternLayoutEncoder] for [encoder] property
13:23:13,289 |-INFO in ch.qos.logback.core.joran.action.AppenderAction - About to instantiate appender of type [ch.qos.logback.core.rolling.RollingFileAppender]
13:23:13,300 |-INFO in ch.qos.logback.core.joran.action.AppenderAction - Naming appender as [FILE]
13:23:13,329 |-INFO in c.q.l.core.rolling.TimeBasedRollingPolicy@127618319 - No compression will be used
13:23:13,330 |-INFO in c.q.l.core.rolling.TimeBasedRollingPolicy@127618319 - Will use the pattern /tmp/application_%d{yyyy-MM-dd}.%i.log for the active file
13:23:13,333 |-INFO in ch.qos.logback.core.rolling.SizeAndTimeBasedFNATP@6b2fad11 - The date pattern is 'yyyy-MM-dd' from file name pattern '/tmp/application_%d{yyyy-MM-dd}.%i.log'.
13:23:13,333 |-INFO in ch.qos.logback.core.rolling.SizeAndTimeBasedFNATP@6b2fad11 - Roll-over at midnight.
13:23:13,339 |-INFO in ch.qos.logback.core.rolling.SizeAndTimeBasedFNATP@6b2fad11 - Setting initial period to Mon Jun 10 13:22:03 UTC 2019
13:23:13,339 |-WARN in ch.qos.logback.core.rolling.SizeAndTimeBasedFNATP@6b2fad11 - SizeAndTimeBasedFNATP is deprecated. Use SizeAndTimeBasedRollingPolicy instead
13:23:13,339 |-WARN in ch.qos.logback.core.rolling.SizeAndTimeBasedFNATP@6b2fad11 - For more information see http://logback.qos.ch/manual/appenders.html#SizeAndTimeBasedRollingPolicy
13:23:13,343 |-INFO in ch.qos.logback.core.joran.action.NestedComplexPropertyIA - Assuming default type [ch.qos.logback.classic.encoder.PatternLayoutEncoder] for [encoder] property
13:23:13,348 |-INFO in ch.qos.logback.core.rolling.RollingFileAppender[FILE] - Active log file name: /tmp/application.log
13:23:13,348 |-INFO in ch.qos.logback.core.rolling.RollingFileAppender[FILE] - File property is set to [/tmp/application.log]
13:23:13,349 |-INFO in ch.qos.logback.classic.joran.action.RootLoggerAction - Setting level of ROOT logger to WARN
13:23:13,349 |-INFO in ch.qos.logback.core.joran.action.AppenderRefAction - Attaching appender named [STDOUT] to Logger[ROOT]
13:23:13,351 |-INFO in ch.qos.logback.core.joran.action.AppenderRefAction - Attaching appender named [FILE] to Logger[ROOT]
13:23:13,351 |-INFO in ch.qos.logback.classic.joran.action.ConfigurationAction - End of configuration.
13:23:13,352 |-INFO in ch.qos.logback.classic.joran.JoranConfigurator@79698539 - Registering current configuration as safe fallback point

Ama winner
Ama winner
2019-06-10T13:23:14.686+0000: 1.804: [Full GC (Metadata GC Threshold) 2019-06-10T13:23:14.686+0000: 1.804: [Tenured: 0K->15208K(341376K), 0.0401941 secs] 114924K->15208K(494976K), [Metaspace: 20732K->20732K(1067008K)], 0.0402656 secs] [Times: user=0.03 sys=0.01, real=0.04 secs] 
13:23:32.747 [Curator-PathChildrenCache-1] WARN  o.a.c.u.ZKPaths  - The version of ZooKeeper being used doesn't support Container nodes. CreateMode.PERSISTENT will be used instead.
2019-06-10T13:23:35.078+0000: 22.195: [GC (Allocation Failure) 2019-06-10T13:23:35.078+0000: 22.195: [DefNew: 136576K->17023K(153600K), 0.0256653 secs] 151784K->52680K(494976K), 0.0257393 secs] [Times: user=0.02 sys=0.00, real=0.02 secs] 
2019-06-10T13:23:35.976+0000: 23.094: [Full GC (Metadata GC Threshold) 2019-06-10T13:23:35.976+0000: 23.094: [Tenured: 35656K->44588K(341376K), 0.0402899 secs] 75992K->44588K(494976K), [Metaspace: 34581K->34581K(1079296K)], 0.0403685 secs] [Times: user=0.04 sys=0.00, real=0.05 secs] 
2019-06-10T13:23:43.035+0000: 30.152: [GC (Allocation Failure) 2019-06-10T13:23:43.035+0000: 30.152: [DefNew: 136576K->114K(153600K), 0.0020800 secs] 181164K->44702K(494976K), 0.0021391 secs] [Times: user=0.00 sys=0.00, real=0.01 secs] 
2019-06-10T13:23:50.061+0000: 37.178: [GC (Allocation Failure) 2019-06-10T13:23:50.061+0000: 37.178: [DefNew: 136690K->140K(153600K), 0.0018111 secs] 181278K->44728K(494976K), 0.0018716 secs] [Times: user=0.00 sys=0.00, real=0.00 secs] 
2019-06-10T13:23:57.080+0000: 44.197: [GC (Allocation Failure) 2019-06-10T13:23:57.080+0000: 44.197: [DefNew: 136716K->174K(153600K), 0.0019285 secs] 181304K->44762K(494976K), 0.0019907 secs] [Times: user=0.00 sys=0.00, real=0.00 secs] 
2019-06-10T13:24:04.216+0000: 51.333: [GC (Allocation Failure) 2019-06-10T13:24:04.216+0000: 51.334: [DefNew: 136750K->207K(153600K), 0.0019538 secs] 181338K->44795K(494976K), 0.0020153 secs] [Times: user=0.00 sys=0.00, real=0.01 secs] 
2019-06-10T13:24:11.377+0000: 58.494: [GC (Allocation Failure) 2019-06-10T13:24:11.377+0000: 58.494: [DefNew: 136783K->207K(153600K), 0.0019417 secs] 181371K->44795K(494976K), 0.0020018 secs] [Times: user=0.00 sys=0.00, real=0.00 secs] 
2019-06-10T13:24:19.018+0000: 66.136: [GC (Allocation Failure) 2019-06-10T13:24:19.018+0000: 66.136: [DefNew: 136783K->551K(153600K), 0.0024535 secs] 181371K->45140K(494976K), 0.0025267 secs] [Times: user=0.00 sys=0.00, real=0.00 secs] 
13:24:32.678 [Curator-PathChildrenCache-0] ERROR o.a.c.f.r.c.PathChildrenCache  - 
java.lang.IllegalStateException: instance must be started before calling this method
	at org.apache.curator.shaded.com.google.common.base.Preconditions.checkState(Preconditions.java:444)
	at org.apache.curator.framework.imps.CuratorFrameworkImpl.getChildren(CuratorFrameworkImpl.java:456)
	at org.apache.curator.framework.recipes.cache.PathChildrenCache.refresh(PathChildrenCache.java:521)
	at org.apache.curator.framework.recipes.cache.RefreshOperation.invoke(RefreshOperation.java:35)
	at org.apache.curator.framework.recipes.cache.PathChildrenCache$9.run(PathChildrenCache.java:786)
	at java.util.concurrent.Executors$RunnableAdapter.call(Executors.java:511)
	at java.util.concurrent.FutureTask.run(FutureTask.java:266)
	at java.util.concurrent.Executors$RunnableAdapter.call(Executors.java:511)
	at java.util.concurrent.FutureTask.run(FutureTask.java:266)
	at java.util.concurrent.ThreadPoolExecutor.runWorker(ThreadPoolExecutor.java:1149)
	at java.util.concurrent.ThreadPoolExecutor$Worker.run(ThreadPoolExecutor.java:624)
	at java.lang.Thread.run(Thread.java:748)
Heap
 def new generation   total 153600K, used 78168K [0x00000000e0c00000, 0x00000000eb2a0000, 0x00000000eb2a0000)
  eden space 136576K,  56% used [0x00000000e0c00000, 0x00000000e57cc248, 0x00000000e9160000)
  from space 17024K,   3% used [0x00000000ea200000, 0x00000000ea289f00, 0x00000000eb2a0000)
  to   space 17024K,   0% used [0x00000000e9160000, 0x00000000e9160000, 0x00000000ea200000)
 tenured generation   total 341376K, used 44588K [0x00000000eb2a0000, 0x0000000100000000, 0x0000000100000000)
   the space 341376K,  13% used [0x00000000eb2a0000, 0x00000000ede2b140, 0x00000000ede2b200, 0x0000000100000000)
 Metaspace       used 36239K, capacity 37158K, committed 37376K, reserved 1081344K
  class space    used 4872K, capacity 5081K, committed 5120K, reserved 1048576K
