19:40:00,748 |-INFO in ch.qos.logback.classic.LoggerContext[default] - Could NOT find resource [logback-test.xml]
19:40:00,748 |-INFO in ch.qos.logback.classic.LoggerContext[default] - Could NOT find resource [logback.groovy]
19:40:00,748 |-INFO in ch.qos.logback.classic.LoggerContext[default] - Found resource [logback.xml] at [jar:file:/root/flamestream/lib/flamestream-runtime-1.0-SNAPSHOT.jar!/logback.xml]
19:40:00,749 |-WARN in ch.qos.logback.classic.LoggerContext[default] - Resource [logback.xml] occurs multiple times on the classpath.
19:40:00,749 |-WARN in ch.qos.logback.classic.LoggerContext[default] - Resource [logback.xml] occurs at [jar:file:/root/flamestream/lib/flamestream-runtime-1.0-SNAPSHOT.jar!/logback.xml]
19:40:00,749 |-WARN in ch.qos.logback.classic.LoggerContext[default] - Resource [logback.xml] occurs at [jar:file:/root/flamestream/flamestream-runtime-1.0-SNAPSHOT.jar!/logback.xml]
19:40:00,772 |-INFO in ch.qos.logback.core.joran.spi.ConfigurationWatchList@3fb6a447 - URL [jar:file:/root/flamestream/lib/flamestream-runtime-1.0-SNAPSHOT.jar!/logback.xml] is not of type file
19:40:00,840 |-INFO in ch.qos.logback.classic.joran.action.ConfigurationAction - debug attribute not set
19:40:00,840 |-INFO in ch.qos.logback.core.joran.action.AppenderAction - About to instantiate appender of type [ch.qos.logback.core.ConsoleAppender]
19:40:00,856 |-INFO in ch.qos.logback.core.joran.action.AppenderAction - Naming appender as [STDOUT]
19:40:00,876 |-INFO in ch.qos.logback.core.joran.action.NestedComplexPropertyIA - Assuming default type [ch.qos.logback.classic.encoder.PatternLayoutEncoder] for [encoder] property
19:40:00,961 |-INFO in ch.qos.logback.core.joran.action.AppenderAction - About to instantiate appender of type [ch.qos.logback.core.rolling.RollingFileAppender]
19:40:00,970 |-INFO in ch.qos.logback.core.joran.action.AppenderAction - Naming appender as [FILE]
19:40:00,999 |-INFO in c.q.l.core.rolling.TimeBasedRollingPolicy@127618319 - No compression will be used
19:40:01,000 |-INFO in c.q.l.core.rolling.TimeBasedRollingPolicy@127618319 - Will use the pattern /tmp/application_%d{yyyy-MM-dd}.%i.log for the active file
19:40:01,003 |-INFO in ch.qos.logback.core.rolling.SizeAndTimeBasedFNATP@6b2fad11 - The date pattern is 'yyyy-MM-dd' from file name pattern '/tmp/application_%d{yyyy-MM-dd}.%i.log'.
19:40:01,003 |-INFO in ch.qos.logback.core.rolling.SizeAndTimeBasedFNATP@6b2fad11 - Roll-over at midnight.
19:40:01,009 |-INFO in ch.qos.logback.core.rolling.SizeAndTimeBasedFNATP@6b2fad11 - Setting initial period to Mon Jun 10 19:38:38 UTC 2019
19:40:01,009 |-WARN in ch.qos.logback.core.rolling.SizeAndTimeBasedFNATP@6b2fad11 - SizeAndTimeBasedFNATP is deprecated. Use SizeAndTimeBasedRollingPolicy instead
19:40:01,009 |-WARN in ch.qos.logback.core.rolling.SizeAndTimeBasedFNATP@6b2fad11 - For more information see http://logback.qos.ch/manual/appenders.html#SizeAndTimeBasedRollingPolicy
19:40:01,013 |-INFO in ch.qos.logback.core.joran.action.NestedComplexPropertyIA - Assuming default type [ch.qos.logback.classic.encoder.PatternLayoutEncoder] for [encoder] property
19:40:01,017 |-INFO in ch.qos.logback.core.rolling.RollingFileAppender[FILE] - Active log file name: /tmp/application.log
19:40:01,017 |-INFO in ch.qos.logback.core.rolling.RollingFileAppender[FILE] - File property is set to [/tmp/application.log]
19:40:01,018 |-INFO in ch.qos.logback.classic.joran.action.RootLoggerAction - Setting level of ROOT logger to WARN
19:40:01,018 |-INFO in ch.qos.logback.core.joran.action.AppenderRefAction - Attaching appender named [STDOUT] to Logger[ROOT]
19:40:01,020 |-INFO in ch.qos.logback.core.joran.action.AppenderRefAction - Attaching appender named [FILE] to Logger[ROOT]
19:40:01,020 |-INFO in ch.qos.logback.classic.joran.action.ConfigurationAction - End of configuration.
19:40:01,021 |-INFO in ch.qos.logback.classic.joran.JoranConfigurator@79698539 - Registering current configuration as safe fallback point

Ama winner
Ama winner
2019-06-10T19:40:02.359+0000: 1.790: [Full GC (Metadata GC Threshold) 2019-06-10T19:40:02.359+0000: 1.790: [Tenured: 0K->15240K(341376K), 0.0367085 secs] 114987K->15240K(494976K), [Metaspace: 20731K->20731K(1067008K)], 0.0367781 secs] [Times: user=0.03 sys=0.01, real=0.04 secs] 
19:40:15.866 [Curator-PathChildrenCache-1] WARN  o.a.c.u.ZKPaths  - The version of ZooKeeper being used doesn't support Container nodes. CreateMode.PERSISTENT will be used instead.
2019-06-10T19:40:18.152+0000: 17.583: [GC (Allocation Failure) 2019-06-10T19:40:18.152+0000: 17.583: [DefNew: 136576K->17023K(153600K), 0.0258224 secs] 151816K->52804K(494976K), 0.0258862 secs] [Times: user=0.03 sys=0.01, real=0.03 secs] 
2019-06-10T19:40:19.894+0000: 19.325: [Full GC (Metadata GC Threshold) 2019-06-10T19:40:19.894+0000: 19.325: [Tenured: 35780K->44440K(341376K), 0.0407008 secs] 88046K->44440K(494976K), [Metaspace: 34553K->34553K(1079296K)], 0.0407773 secs] [Times: user=0.04 sys=0.01, real=0.04 secs] 
2019-06-10T19:40:26.800+0000: 26.231: [GC (Allocation Failure) 2019-06-10T19:40:26.800+0000: 26.231: [DefNew: 136576K->102K(153600K), 0.0018202 secs] 181016K->44543K(494976K), 0.0018806 secs] [Times: user=0.00 sys=0.00, real=0.00 secs] 
2019-06-10T19:40:33.575+0000: 33.006: [GC (Allocation Failure) 2019-06-10T19:40:33.575+0000: 33.006: [DefNew: 136678K->138K(153600K), 0.0017483 secs] 181119K->44579K(494976K), 0.0018165 secs] [Times: user=0.00 sys=0.00, real=0.00 secs] 
2019-06-10T19:40:40.468+0000: 39.900: [GC (Allocation Failure) 2019-06-10T19:40:40.468+0000: 39.900: [DefNew: 136714K->167K(153600K), 0.0017455 secs] 181155K->44608K(494976K), 0.0018125 secs] [Times: user=0.00 sys=0.00, real=0.00 secs] 
2019-06-10T19:40:47.424+0000: 46.855: [GC (Allocation Failure) 2019-06-10T19:40:47.424+0000: 46.855: [DefNew: 136743K->171K(153600K), 0.0017631 secs] 181184K->44612K(494976K), 0.0018231 secs] [Times: user=0.01 sys=0.00, real=0.01 secs] 
2019-06-10T19:40:54.380+0000: 53.811: [GC (Allocation Failure) 2019-06-10T19:40:54.380+0000: 53.811: [DefNew: 136747K->170K(153600K), 0.0017905 secs] 181188K->44611K(494976K), 0.0018513 secs] [Times: user=0.00 sys=0.00, real=0.00 secs] 
19:41:00.736 [Curator-PathChildrenCache-0] ERROR o.a.c.f.r.c.PathChildrenCache  - 
java.lang.IllegalStateException: instance must be started before calling this method
	at org.apache.curator.shaded.com.google.common.base.Preconditions.checkState(Preconditions.java:444)
	at org.apache.curator.framework.imps.CuratorFrameworkImpl.getChildren(CuratorFrameworkImpl.java:456)
	at org.apache.curator.framework.recipes.cache.PathChildrenCache.refresh(PathChildrenCache.java:521)
	at org.apache.curator.framework.recipes.cache.RefreshOperation.invoke(RefreshOperation.java:35)
	at org.apache.curator.framework.recipes.cache.PathChildrenCache$9.run(PathChildrenCache.java:786)
	at java.util.concurrent.Executors$RunnableAdapter.call(Executors.java:511)
	at java.util.concurrent.FutureTask.run(FutureTask.java:266)
	at java.util.concurrent.Executors$RunnableAdapter.call(Executors.java:511)
	at java.util.concurrent.FutureTask.run(FutureTask.java:266)
	at java.util.concurrent.ThreadPoolExecutor.runWorker(ThreadPoolExecutor.java:1149)
	at java.util.concurrent.ThreadPoolExecutor$Worker.run(ThreadPoolExecutor.java:624)
	at java.lang.Thread.run(Thread.java:748)
Heap
 def new generation   total 153600K, used 59243K [0x00000000e0c00000, 0x00000000eb2a0000, 0x00000000eb2a0000)
  eden space 136576K,  43% used [0x00000000e0c00000, 0x00000000e45b01e8, 0x00000000e9160000)
  from space 17024K,   1% used [0x00000000e9160000, 0x00000000e918aa90, 0x00000000ea200000)
  to   space 17024K,   0% used [0x00000000ea200000, 0x00000000ea200000, 0x00000000eb2a0000)
 tenured generation   total 341376K, used 44440K [0x00000000eb2a0000, 0x0000000100000000, 0x0000000100000000)
   the space 341376K,  13% used [0x00000000eb2a0000, 0x00000000ede06398, 0x00000000ede06400, 0x0000000100000000)
 Metaspace       used 35679K, capacity 36642K, committed 36864K, reserved 1081344K
  class space    used 4830K, capacity 5053K, committed 5120K, reserved 1048576K
