06:52:38,211 |-INFO in ch.qos.logback.classic.LoggerContext[default] - Could NOT find resource [logback-test.xml]
06:52:38,211 |-INFO in ch.qos.logback.classic.LoggerContext[default] - Could NOT find resource [logback.groovy]
06:52:38,211 |-INFO in ch.qos.logback.classic.LoggerContext[default] - Found resource [logback.xml] at [jar:file:/home/nikitasokolov/flamestream/lib/flamestream-runtime-1.0-SNAPSHOT.jar!/logback.xml]
06:52:38,212 |-WARN in ch.qos.logback.classic.LoggerContext[default] - Resource [logback.xml] occurs multiple times on the classpath.
06:52:38,212 |-WARN in ch.qos.logback.classic.LoggerContext[default] - Resource [logback.xml] occurs at [jar:file:/home/nikitasokolov/flamestream/lib/flamestream-runtime-1.0-SNAPSHOT.jar!/logback.xml]
06:52:38,212 |-WARN in ch.qos.logback.classic.LoggerContext[default] - Resource [logback.xml] occurs at [jar:file:/home/nikitasokolov/flamestream/flamestream-runtime-1.0-SNAPSHOT.jar!/logback.xml]
06:52:38,228 |-INFO in ch.qos.logback.core.joran.spi.ConfigurationWatchList@6108b2d7 - URL [jar:file:/home/nikitasokolov/flamestream/lib/flamestream-runtime-1.0-SNAPSHOT.jar!/logback.xml] is not of type file
06:52:38,278 |-INFO in ch.qos.logback.classic.joran.action.ConfigurationAction - debug attribute not set
06:52:38,279 |-INFO in ch.qos.logback.core.joran.action.AppenderAction - About to instantiate appender of type [ch.qos.logback.core.ConsoleAppender]
06:52:38,290 |-INFO in ch.qos.logback.core.joran.action.AppenderAction - Naming appender as [STDOUT]
06:52:38,300 |-INFO in ch.qos.logback.core.joran.action.NestedComplexPropertyIA - Assuming default type [ch.qos.logback.classic.encoder.PatternLayoutEncoder] for [encoder] property
06:52:38,360 |-INFO in ch.qos.logback.core.joran.action.AppenderAction - About to instantiate appender of type [ch.qos.logback.core.rolling.RollingFileAppender]
06:52:38,365 |-INFO in ch.qos.logback.core.joran.action.AppenderAction - Naming appender as [FILE]
06:52:38,387 |-INFO in c.q.l.core.rolling.TimeBasedRollingPolicy@357863579 - No compression will be used
06:52:38,388 |-INFO in c.q.l.core.rolling.TimeBasedRollingPolicy@357863579 - Will use the pattern /tmp/application_%d{yyyy-MM-dd}.%i.log for the active file
06:52:38,391 |-INFO in ch.qos.logback.core.rolling.SizeAndTimeBasedFNATP@6bf256fa - The date pattern is 'yyyy-MM-dd' from file name pattern '/tmp/application_%d{yyyy-MM-dd}.%i.log'.
06:52:38,391 |-INFO in ch.qos.logback.core.rolling.SizeAndTimeBasedFNATP@6bf256fa - Roll-over at midnight.
06:52:38,395 |-INFO in ch.qos.logback.core.rolling.SizeAndTimeBasedFNATP@6bf256fa - Setting initial period to Sun Jun 09 06:51:57 MSK 2019
06:52:38,395 |-WARN in ch.qos.logback.core.rolling.SizeAndTimeBasedFNATP@6bf256fa - SizeAndTimeBasedFNATP is deprecated. Use SizeAndTimeBasedRollingPolicy instead
06:52:38,395 |-WARN in ch.qos.logback.core.rolling.SizeAndTimeBasedFNATP@6bf256fa - For more information see http://logback.qos.ch/manual/appenders.html#SizeAndTimeBasedRollingPolicy
06:52:38,400 |-INFO in ch.qos.logback.core.joran.action.NestedComplexPropertyIA - Assuming default type [ch.qos.logback.classic.encoder.PatternLayoutEncoder] for [encoder] property
06:52:38,402 |-INFO in ch.qos.logback.core.rolling.RollingFileAppender[FILE] - Active log file name: /tmp/application.log
06:52:38,402 |-INFO in ch.qos.logback.core.rolling.RollingFileAppender[FILE] - File property is set to [/tmp/application.log]
06:52:38,403 |-INFO in ch.qos.logback.classic.joran.action.RootLoggerAction - Setting level of ROOT logger to WARN
06:52:38,404 |-INFO in ch.qos.logback.core.joran.action.AppenderRefAction - Attaching appender named [STDOUT] to Logger[ROOT]
06:52:38,404 |-INFO in ch.qos.logback.core.joran.action.AppenderRefAction - Attaching appender named [FILE] to Logger[ROOT]
06:52:38,404 |-INFO in ch.qos.logback.classic.joran.action.ConfigurationAction - End of configuration.
06:52:38,405 |-INFO in ch.qos.logback.classic.joran.JoranConfigurator@6cd8737 - Registering current configuration as safe fallback point

2019-06-09T06:52:39.381+0300: 1.379: [GC (Metadata GC Threshold) [PSYoungGen: 108152K->15896K(149504K)] 108152K->15976K(491008K), 0.0230573 secs] [Times: user=0.12 sys=0.02, real=0.02 secs] 
2019-06-09T06:52:39.404+0300: 1.402: [Full GC (Metadata GC Threshold) [PSYoungGen: 15896K->0K(149504K)] [ParOldGen: 80K->15078K(341504K)] 15976K->15078K(491008K), [Metaspace: 20801K->20801K(1067008K)], 0.0278227 secs] [Times: user=0.16 sys=0.01, real=0.03 secs] 
06:52:47.489 [Curator-PathChildrenCache-1] WARN  o.a.c.u.ZKPaths  - The version of ZooKeeper being used doesn't support Container nodes. CreateMode.PERSISTENT will be used instead.
2019-06-09T06:52:48.413+0300: 10.411: [GC (Metadata GC Threshold) [PSYoungGen: 123664K->15930K(149504K)] 138742K->50547K(491008K), 0.0318292 secs] [Times: user=0.29 sys=0.00, real=0.03 secs] 
2019-06-09T06:52:48.444+0300: 10.442: [Full GC (Metadata GC Threshold) [PSYoungGen: 15930K->0K(149504K)] [ParOldGen: 34617K->39135K(341504K)] 50547K->39135K(491008K), [Metaspace: 34558K->34558K(1079296K)], 0.0369891 secs] [Times: user=0.20 sys=0.01, real=0.04 secs] 
2019-06-09T06:52:51.365+0300: 13.363: [GC (Allocation Failure) [PSYoungGen: 128512K->416K(149504K)] 167647K->39559K(491008K), 0.0037901 secs] [Times: user=0.01 sys=0.01, real=0.00 secs] 
2019-06-09T06:52:54.723+0300: 16.721: [GC (Allocation Failure) [PSYoungGen: 128928K->576K(149504K)] 168071K->39727K(491008K), 0.0049171 secs] [Times: user=0.04 sys=0.00, real=0.00 secs] 
2019-06-09T06:52:58.118+0300: 20.116: [GC (Allocation Failure) [PSYoungGen: 129088K->544K(129536K)] 168239K->39703K(471040K), 0.0052215 secs] [Times: user=0.03 sys=0.01, real=0.00 secs] 
2019-06-09T06:53:01.548+0300: 23.546: [GC (Allocation Failure) [PSYoungGen: 129056K->640K(150016K)] 168215K->39799K(491520K), 0.0039895 secs] [Times: user=0.01 sys=0.00, real=0.01 secs] 
2019-06-09T06:53:04.989+0300: 26.987: [GC (Allocation Failure) [PSYoungGen: 129152K->544K(148992K)] 168311K->39711K(490496K), 0.0032860 secs] [Times: user=0.01 sys=0.00, real=0.01 secs] 
2019-06-09T06:53:08.404+0300: 30.402: [GC (Allocation Failure) [PSYoungGen: 129056K->576K(151552K)] 168223K->39751K(493056K), 0.0044669 secs] [Times: user=0.03 sys=0.00, real=0.00 secs] 
2019-06-09T06:53:11.955+0300: 33.953: [GC (Allocation Failure) [PSYoungGen: 132672K->640K(151040K)] 171847K->39815K(492544K), 0.0033634 secs] [Times: user=0.01 sys=0.00, real=0.01 secs] 
2019-06-09T06:53:15.485+0300: 37.483: [GC (Allocation Failure) [PSYoungGen: 132736K->512K(153088K)] 171911K->39687K(494592K), 0.0034047 secs] [Times: user=0.02 sys=0.00, real=0.00 secs] 
2019-06-09T06:53:19.107+0300: 41.105: [GC (Allocation Failure) [PSYoungGen: 135680K->704K(152576K)] 174855K->39887K(494080K), 0.0031102 secs] [Times: user=0.01 sys=0.00, real=0.01 secs] 
2019-06-09T06:53:22.737+0300: 44.735: [GC (Allocation Failure) [PSYoungGen: 135872K->608K(155136K)] 175055K->39791K(496640K), 0.0027649 secs] [Times: user=0.02 sys=0.00, real=0.01 secs] 
2019-06-09T06:53:26.487+0300: 48.485: [GC (Allocation Failure) [PSYoungGen: 139360K->544K(154112K)] 178543K->39727K(495616K), 0.0040654 secs] [Times: user=0.02 sys=0.00, real=0.01 secs] 
2019-06-09T06:53:30.200+0300: 52.198: [GC (Allocation Failure) [PSYoungGen: 139296K->672K(156672K)] 178479K->39863K(498176K), 0.0028107 secs] [Times: user=0.02 sys=0.00, real=0.00 secs] 
2019-06-09T06:53:34.004+0300: 56.002: [GC (Allocation Failure) [PSYoungGen: 142496K->704K(155648K)] 181687K->39903K(497152K), 0.0039076 secs] [Times: user=0.02 sys=0.00, real=0.00 secs] 
06:53:48.930 [Curator-PathChildrenCache-0] ERROR o.a.c.f.r.c.PathChildrenCache  - 
java.lang.IllegalStateException: instance must be started before calling this method
	at org.apache.curator.shaded.com.google.common.base.Preconditions.checkState(Preconditions.java:444)
	at org.apache.curator.framework.imps.CuratorFrameworkImpl.getChildren(CuratorFrameworkImpl.java:456)
	at org.apache.curator.framework.recipes.cache.PathChildrenCache.refresh(PathChildrenCache.java:521)
	at org.apache.curator.framework.recipes.cache.RefreshOperation.invoke(RefreshOperation.java:35)
	at org.apache.curator.framework.recipes.cache.PathChildrenCache$9.run(PathChildrenCache.java:786)
	at java.util.concurrent.Executors$RunnableAdapter.call(Executors.java:511)
	at java.util.concurrent.FutureTask.run(FutureTask.java:266)
	at java.util.concurrent.Executors$RunnableAdapter.call(Executors.java:511)
	at java.util.concurrent.FutureTask.run(FutureTask.java:266)
	at java.util.concurrent.ThreadPoolExecutor.runWorker(ThreadPoolExecutor.java:1149)
	at java.util.concurrent.ThreadPoolExecutor$Worker.run(ThreadPoolExecutor.java:624)
	at java.lang.Thread.run(Thread.java:748)
Heap
 PSYoungGen      total 155648K, used 112514K [0x00000000f5980000, 0x0000000100000000, 0x0000000100000000)
  eden space 141824K, 78% used [0x00000000f5980000,0x00000000fc6b0ab8,0x00000000fe400000)
  from space 13824K, 5% used [0x00000000fe400000,0x00000000fe4b0060,0x00000000ff180000)
  to   space 13312K, 0% used [0x00000000ff300000,0x00000000ff300000,0x0000000100000000)
 ParOldGen       total 341504K, used 39199K [0x00000000e0c00000, 0x00000000f5980000, 0x00000000f5980000)
  object space 341504K, 11% used [0x00000000e0c00000,0x00000000e3247cf0,0x00000000f5980000)
 Metaspace       used 36098K, capacity 36894K, committed 37208K, reserved 1081344K
  class space    used 4978K, capacity 5161K, committed 5248K, reserved 1048576K
