15:15:37,077 |-INFO in ch.qos.logback.classic.LoggerContext[default] - Could NOT find resource [logback-test.xml]
15:15:37,077 |-INFO in ch.qos.logback.classic.LoggerContext[default] - Could NOT find resource [logback.groovy]
15:15:37,078 |-INFO in ch.qos.logback.classic.LoggerContext[default] - Found resource [logback.xml] at [jar:file:/root/flamestream/lib/flamestream-runtime-1.0-SNAPSHOT.jar!/logback.xml]
15:15:37,079 |-WARN in ch.qos.logback.classic.LoggerContext[default] - Resource [logback.xml] occurs multiple times on the classpath.
15:15:37,079 |-WARN in ch.qos.logback.classic.LoggerContext[default] - Resource [logback.xml] occurs at [jar:file:/root/flamestream/lib/flamestream-runtime-1.0-SNAPSHOT.jar!/logback.xml]
15:15:37,079 |-WARN in ch.qos.logback.classic.LoggerContext[default] - Resource [logback.xml] occurs at [jar:file:/root/flamestream/flamestream-runtime-1.0-SNAPSHOT.jar!/logback.xml]
15:15:37,098 |-INFO in ch.qos.logback.core.joran.spi.ConfigurationWatchList@3fb6a447 - URL [jar:file:/root/flamestream/lib/flamestream-runtime-1.0-SNAPSHOT.jar!/logback.xml] is not of type file
15:15:37,164 |-INFO in ch.qos.logback.classic.joran.action.ConfigurationAction - debug attribute not set
15:15:37,165 |-INFO in ch.qos.logback.core.joran.action.AppenderAction - About to instantiate appender of type [ch.qos.logback.core.ConsoleAppender]
15:15:37,181 |-INFO in ch.qos.logback.core.joran.action.AppenderAction - Naming appender as [STDOUT]
15:15:37,199 |-INFO in ch.qos.logback.core.joran.action.NestedComplexPropertyIA - Assuming default type [ch.qos.logback.classic.encoder.PatternLayoutEncoder] for [encoder] property
15:15:37,283 |-INFO in ch.qos.logback.core.joran.action.AppenderAction - About to instantiate appender of type [ch.qos.logback.core.rolling.RollingFileAppender]
15:15:37,288 |-INFO in ch.qos.logback.core.joran.action.AppenderAction - Naming appender as [FILE]
15:15:37,318 |-INFO in c.q.l.core.rolling.TimeBasedRollingPolicy@127618319 - No compression will be used
15:15:37,319 |-INFO in c.q.l.core.rolling.TimeBasedRollingPolicy@127618319 - Will use the pattern /tmp/application_%d{yyyy-MM-dd}.%i.log for the active file
15:15:37,322 |-INFO in ch.qos.logback.core.rolling.SizeAndTimeBasedFNATP@6b2fad11 - The date pattern is 'yyyy-MM-dd' from file name pattern '/tmp/application_%d{yyyy-MM-dd}.%i.log'.
15:15:37,322 |-INFO in ch.qos.logback.core.rolling.SizeAndTimeBasedFNATP@6b2fad11 - Roll-over at midnight.
15:15:37,327 |-INFO in ch.qos.logback.core.rolling.SizeAndTimeBasedFNATP@6b2fad11 - Setting initial period to Mon Jun 10 15:14:17 UTC 2019
15:15:37,327 |-WARN in ch.qos.logback.core.rolling.SizeAndTimeBasedFNATP@6b2fad11 - SizeAndTimeBasedFNATP is deprecated. Use SizeAndTimeBasedRollingPolicy instead
15:15:37,327 |-WARN in ch.qos.logback.core.rolling.SizeAndTimeBasedFNATP@6b2fad11 - For more information see http://logback.qos.ch/manual/appenders.html#SizeAndTimeBasedRollingPolicy
15:15:37,331 |-INFO in ch.qos.logback.core.joran.action.NestedComplexPropertyIA - Assuming default type [ch.qos.logback.classic.encoder.PatternLayoutEncoder] for [encoder] property
15:15:37,336 |-INFO in ch.qos.logback.core.rolling.RollingFileAppender[FILE] - Active log file name: /tmp/application.log
15:15:37,336 |-INFO in ch.qos.logback.core.rolling.RollingFileAppender[FILE] - File property is set to [/tmp/application.log]
15:15:37,337 |-INFO in ch.qos.logback.classic.joran.action.RootLoggerAction - Setting level of ROOT logger to WARN
15:15:37,337 |-INFO in ch.qos.logback.core.joran.action.AppenderRefAction - Attaching appender named [STDOUT] to Logger[ROOT]
15:15:37,339 |-INFO in ch.qos.logback.core.joran.action.AppenderRefAction - Attaching appender named [FILE] to Logger[ROOT]
15:15:37,339 |-INFO in ch.qos.logback.classic.joran.action.ConfigurationAction - End of configuration.
15:15:37,339 |-INFO in ch.qos.logback.classic.joran.JoranConfigurator@79698539 - Registering current configuration as safe fallback point

Ama winner
Ama winner
2019-06-10T15:15:38.644+0000: 1.752: [Full GC (Metadata GC Threshold) 2019-06-10T15:15:38.644+0000: 1.752: [Tenured: 0K->15240K(341376K), 0.0394548 secs] 117751K->15240K(494976K), [Metaspace: 20732K->20732K(1067008K)], 0.0395230 secs] [Times: user=0.03 sys=0.01, real=0.04 secs] 
15:15:51.419 [Curator-PathChildrenCache-1] WARN  o.a.c.u.ZKPaths  - The version of ZooKeeper being used doesn't support Container nodes. CreateMode.PERSISTENT will be used instead.
2019-06-10T15:15:53.641+0000: 16.750: [GC (Allocation Failure) 2019-06-10T15:15:53.641+0000: 16.750: [DefNew: 136576K->17023K(153600K), 0.0269035 secs] 151816K->52566K(494976K), 0.0269868 secs] [Times: user=0.02 sys=0.00, real=0.03 secs] 
2019-06-10T15:15:57.278+0000: 20.386: [Full GC (Metadata GC Threshold) 2019-06-10T15:15:57.278+0000: 20.387: [Tenured: 35542K->44330K(341376K), 0.0492129 secs] 122620K->44330K(494976K), [Metaspace: 34617K->34617K(1079296K)], 0.0492896 secs] [Times: user=0.04 sys=0.00, real=0.05 secs] 
2019-06-10T15:16:04.226+0000: 27.335: [GC (Allocation Failure) 2019-06-10T15:16:04.226+0000: 27.335: [DefNew: 136576K->86K(153600K), 0.0019033 secs] 180906K->44416K(494976K), 0.0019634 secs] [Times: user=0.00 sys=0.00, real=0.00 secs] 
2019-06-10T15:16:11.193+0000: 34.302: [GC (Allocation Failure) 2019-06-10T15:16:11.193+0000: 34.302: [DefNew: 136662K->84K(153600K), 0.0017752 secs] 180992K->44414K(494976K), 0.0018396 secs] [Times: user=0.00 sys=0.00, real=0.00 secs] 
2019-06-10T15:16:18.065+0000: 41.174: [GC (Allocation Failure) 2019-06-10T15:16:18.065+0000: 41.174: [DefNew: 136660K->151K(153600K), 0.0018257 secs] 180990K->44481K(494976K), 0.0018888 secs] [Times: user=0.00 sys=0.00, real=0.00 secs] 
2019-06-10T15:16:24.927+0000: 48.036: [GC (Allocation Failure) 2019-06-10T15:16:24.927+0000: 48.036: [DefNew: 136727K->151K(153600K), 0.0017892 secs] 181057K->44481K(494976K), 0.0018494 secs] [Times: user=0.00 sys=0.00, real=0.00 secs] 
2019-06-10T15:16:35.780+0000: 58.889: [GC (Allocation Failure) 2019-06-10T15:16:35.780+0000: 58.889: [DefNew: 136727K->150K(153600K), 0.0019162 secs] 181057K->44480K(494976K), 0.0019790 secs] [Times: user=0.01 sys=0.00, real=0.01 secs] 
15:16:39.693 [Curator-PathChildrenCache-0] ERROR o.a.c.f.r.c.PathChildrenCache  - 
java.lang.IllegalStateException: instance must be started before calling this method
	at org.apache.curator.shaded.com.google.common.base.Preconditions.checkState(Preconditions.java:444)
	at org.apache.curator.framework.imps.CuratorFrameworkImpl.getChildren(CuratorFrameworkImpl.java:456)
	at org.apache.curator.framework.recipes.cache.PathChildrenCache.refresh(PathChildrenCache.java:521)
	at org.apache.curator.framework.recipes.cache.RefreshOperation.invoke(RefreshOperation.java:35)
	at org.apache.curator.framework.recipes.cache.PathChildrenCache$9.run(PathChildrenCache.java:786)
	at java.util.concurrent.Executors$RunnableAdapter.call(Executors.java:511)
	at java.util.concurrent.FutureTask.run(FutureTask.java:266)
	at java.util.concurrent.Executors$RunnableAdapter.call(Executors.java:511)
	at java.util.concurrent.FutureTask.run(FutureTask.java:266)
	at java.util.concurrent.ThreadPoolExecutor.runWorker(ThreadPoolExecutor.java:1149)
	at java.util.concurrent.ThreadPoolExecutor$Worker.run(ThreadPoolExecutor.java:624)
	at java.lang.Thread.run(Thread.java:748)
Heap
 def new generation   total 153600K, used 36518K [0x00000000e0c00000, 0x00000000eb2a0000, 0x00000000eb2a0000)
  eden space 136576K,  26% used [0x00000000e0c00000, 0x00000000e2f84330, 0x00000000e9160000)
  from space 17024K,   0% used [0x00000000e9160000, 0x00000000e9185818, 0x00000000ea200000)
  to   space 17024K,   0% used [0x00000000ea200000, 0x00000000ea200000, 0x00000000eb2a0000)
 tenured generation   total 341376K, used 44330K [0x00000000eb2a0000, 0x0000000100000000, 0x0000000100000000)
   the space 341376K,  12% used [0x00000000eb2a0000, 0x00000000eddea818, 0x00000000eddeaa00, 0x0000000100000000)
 Metaspace       used 36084K, capacity 36986K, committed 37120K, reserved 1081344K
  class space    used 4872K, capacity 5073K, committed 5120K, reserved 1048576K
