17:56:38,346 |-INFO in ch.qos.logback.classic.LoggerContext[default] - Could NOT find resource [logback-test.xml]
17:56:38,346 |-INFO in ch.qos.logback.classic.LoggerContext[default] - Could NOT find resource [logback.groovy]
17:56:38,346 |-INFO in ch.qos.logback.classic.LoggerContext[default] - Found resource [logback.xml] at [jar:file:/root/flamestream/lib/flamestream-runtime-1.0-SNAPSHOT.jar!/logback.xml]
17:56:38,346 |-WARN in ch.qos.logback.classic.LoggerContext[default] - Resource [logback.xml] occurs multiple times on the classpath.
17:56:38,351 |-WARN in ch.qos.logback.classic.LoggerContext[default] - Resource [logback.xml] occurs at [jar:file:/root/flamestream/lib/flamestream-runtime-1.0-SNAPSHOT.jar!/logback.xml]
17:56:38,351 |-WARN in ch.qos.logback.classic.LoggerContext[default] - Resource [logback.xml] occurs at [jar:file:/root/flamestream/flamestream-runtime-1.0-SNAPSHOT.jar!/logback.xml]
17:56:38,370 |-INFO in ch.qos.logback.core.joran.spi.ConfigurationWatchList@3fb6a447 - URL [jar:file:/root/flamestream/lib/flamestream-runtime-1.0-SNAPSHOT.jar!/logback.xml] is not of type file
17:56:38,442 |-INFO in ch.qos.logback.classic.joran.action.ConfigurationAction - debug attribute not set
17:56:38,443 |-INFO in ch.qos.logback.core.joran.action.AppenderAction - About to instantiate appender of type [ch.qos.logback.core.ConsoleAppender]
17:56:38,463 |-INFO in ch.qos.logback.core.joran.action.AppenderAction - Naming appender as [STDOUT]
17:56:38,477 |-INFO in ch.qos.logback.core.joran.action.NestedComplexPropertyIA - Assuming default type [ch.qos.logback.classic.encoder.PatternLayoutEncoder] for [encoder] property
17:56:38,554 |-INFO in ch.qos.logback.core.joran.action.AppenderAction - About to instantiate appender of type [ch.qos.logback.core.rolling.RollingFileAppender]
17:56:38,563 |-INFO in ch.qos.logback.core.joran.action.AppenderAction - Naming appender as [FILE]
17:56:38,593 |-INFO in c.q.l.core.rolling.TimeBasedRollingPolicy@127618319 - No compression will be used
17:56:38,594 |-INFO in c.q.l.core.rolling.TimeBasedRollingPolicy@127618319 - Will use the pattern /tmp/application_%d{yyyy-MM-dd}.%i.log for the active file
17:56:38,597 |-INFO in ch.qos.logback.core.rolling.SizeAndTimeBasedFNATP@6b2fad11 - The date pattern is 'yyyy-MM-dd' from file name pattern '/tmp/application_%d{yyyy-MM-dd}.%i.log'.
17:56:38,597 |-INFO in ch.qos.logback.core.rolling.SizeAndTimeBasedFNATP@6b2fad11 - Roll-over at midnight.
17:56:38,602 |-INFO in ch.qos.logback.core.rolling.SizeAndTimeBasedFNATP@6b2fad11 - Setting initial period to Mon Jun 10 17:55:17 UTC 2019
17:56:38,603 |-WARN in ch.qos.logback.core.rolling.SizeAndTimeBasedFNATP@6b2fad11 - SizeAndTimeBasedFNATP is deprecated. Use SizeAndTimeBasedRollingPolicy instead
17:56:38,603 |-WARN in ch.qos.logback.core.rolling.SizeAndTimeBasedFNATP@6b2fad11 - For more information see http://logback.qos.ch/manual/appenders.html#SizeAndTimeBasedRollingPolicy
17:56:38,606 |-INFO in ch.qos.logback.core.joran.action.NestedComplexPropertyIA - Assuming default type [ch.qos.logback.classic.encoder.PatternLayoutEncoder] for [encoder] property
17:56:38,611 |-INFO in ch.qos.logback.core.rolling.RollingFileAppender[FILE] - Active log file name: /tmp/application.log
17:56:38,611 |-INFO in ch.qos.logback.core.rolling.RollingFileAppender[FILE] - File property is set to [/tmp/application.log]
17:56:38,612 |-INFO in ch.qos.logback.classic.joran.action.RootLoggerAction - Setting level of ROOT logger to WARN
17:56:38,612 |-INFO in ch.qos.logback.core.joran.action.AppenderRefAction - Attaching appender named [STDOUT] to Logger[ROOT]
17:56:38,614 |-INFO in ch.qos.logback.core.joran.action.AppenderRefAction - Attaching appender named [FILE] to Logger[ROOT]
17:56:38,614 |-INFO in ch.qos.logback.classic.joran.action.ConfigurationAction - End of configuration.
17:56:38,615 |-INFO in ch.qos.logback.classic.joran.JoranConfigurator@79698539 - Registering current configuration as safe fallback point

Ama winner
Ama winner
2019-06-10T17:56:39.901+0000: 1.734: [Full GC (Metadata GC Threshold) 2019-06-10T17:56:39.902+0000: 1.734: [Tenured: 0K->15241K(341376K), 0.0416862 secs] 114923K->15241K(494976K), [Metaspace: 20735K->20735K(1067008K)], 0.0417575 secs] [Times: user=0.03 sys=0.00, real=0.05 secs] 
17:56:57.150 [Curator-PathChildrenCache-1] WARN  o.a.c.u.ZKPaths  - The version of ZooKeeper being used doesn't support Container nodes. CreateMode.PERSISTENT will be used instead.
2019-06-10T17:56:59.456+0000: 21.289: [GC (Allocation Failure) 2019-06-10T17:56:59.456+0000: 21.289: [DefNew: 136576K->17023K(153600K), 0.0277103 secs] 151817K->52719K(494976K), 0.0277803 secs] [Times: user=0.01 sys=0.02, real=0.03 secs] 
2019-06-10T17:57:01.712+0000: 23.544: [Full GC (Metadata GC Threshold) 2019-06-10T17:57:01.712+0000: 23.544: [Tenured: 35695K->44285K(341376K), 0.0466164 secs] 98667K->44285K(494976K), [Metaspace: 34589K->34589K(1079296K)], 0.0467044 secs] [Times: user=0.04 sys=0.01, real=0.04 secs] 
2019-06-10T17:57:08.544+0000: 30.377: [GC (Allocation Failure) 2019-06-10T17:57:08.544+0000: 30.377: [DefNew: 136576K->96K(153600K), 0.0018476 secs] 180861K->44381K(494976K), 0.0019103 secs] [Times: user=0.00 sys=0.00, real=0.00 secs] 
2019-06-10T17:57:15.483+0000: 37.316: [GC (Allocation Failure) 2019-06-10T17:57:15.483+0000: 37.316: [DefNew: 136672K->131K(153600K), 0.0017430 secs] 180957K->44416K(494976K), 0.0018178 secs] [Times: user=0.00 sys=0.00, real=0.00 secs] 
2019-06-10T17:57:22.468+0000: 44.300: [GC (Allocation Failure) 2019-06-10T17:57:22.468+0000: 44.300: [DefNew: 136707K->161K(153600K), 0.0017776 secs] 180992K->44447K(494976K), 0.0018395 secs] [Times: user=0.00 sys=0.00, real=0.00 secs] 
2019-06-10T17:57:29.510+0000: 51.343: [GC (Allocation Failure) 2019-06-10T17:57:29.510+0000: 51.343: [DefNew: 136737K->162K(153600K), 0.0018320 secs] 181023K->44448K(494976K), 0.0019168 secs] [Times: user=0.00 sys=0.00, real=0.01 secs] 
2019-06-10T17:57:36.567+0000: 58.400: [GC (Allocation Failure) 2019-06-10T17:57:36.567+0000: 58.400: [DefNew: 136738K->335K(153600K), 0.0019852 secs] 181024K->44621K(494976K), 0.0020479 secs] [Times: user=0.00 sys=0.00, real=0.00 secs] 
17:57:53.386 [Curator-PathChildrenCache-0] ERROR o.a.c.f.r.c.PathChildrenCache  - 
java.lang.IllegalStateException: instance must be started before calling this method
	at org.apache.curator.shaded.com.google.common.base.Preconditions.checkState(Preconditions.java:444)
	at org.apache.curator.framework.imps.CuratorFrameworkImpl.getChildren(CuratorFrameworkImpl.java:456)
	at org.apache.curator.framework.recipes.cache.PathChildrenCache.refresh(PathChildrenCache.java:521)
	at org.apache.curator.framework.recipes.cache.RefreshOperation.invoke(RefreshOperation.java:35)
	at org.apache.curator.framework.recipes.cache.PathChildrenCache$9.run(PathChildrenCache.java:786)
	at java.util.concurrent.Executors$RunnableAdapter.call(Executors.java:511)
	at java.util.concurrent.FutureTask.run(FutureTask.java:266)
	at java.util.concurrent.Executors$RunnableAdapter.call(Executors.java:511)
	at java.util.concurrent.FutureTask.run(FutureTask.java:266)
	at java.util.concurrent.ThreadPoolExecutor.runWorker(ThreadPoolExecutor.java:1149)
	at java.util.concurrent.ThreadPoolExecutor$Worker.run(ThreadPoolExecutor.java:624)
	at java.lang.Thread.run(Thread.java:748)
Heap
 def new generation   total 153600K, used 128375K [0x00000000e0c00000, 0x00000000eb2a0000, 0x00000000eb2a0000)
  eden space 136576K,  93% used [0x00000000e0c00000, 0x00000000e8909f98, 0x00000000e9160000)
  from space 17024K,   1% used [0x00000000e9160000, 0x00000000e91b3f98, 0x00000000ea200000)
  to   space 17024K,   0% used [0x00000000ea200000, 0x00000000ea200000, 0x00000000eb2a0000)
 tenured generation   total 341376K, used 44285K [0x00000000eb2a0000, 0x0000000100000000, 0x0000000100000000)
   the space 341376K,  12% used [0x00000000eb2a0000, 0x00000000edddf6f0, 0x00000000edddf800, 0x0000000100000000)
 Metaspace       used 36182K, capacity 37062K, committed 37376K, reserved 1081344K
  class space    used 4873K, capacity 5075K, committed 5120K, reserved 1048576K
