19:11:50,326 |-INFO in ch.qos.logback.classic.LoggerContext[default] - Could NOT find resource [logback-test.xml]
19:11:50,330 |-INFO in ch.qos.logback.classic.LoggerContext[default] - Could NOT find resource [logback.groovy]
19:11:50,331 |-INFO in ch.qos.logback.classic.LoggerContext[default] - Found resource [logback.xml] at [jar:file:/root/flamestream/lib/flamestream-runtime-1.0-SNAPSHOT.jar!/logback.xml]
19:11:50,332 |-WARN in ch.qos.logback.classic.LoggerContext[default] - Resource [logback.xml] occurs multiple times on the classpath.
19:11:50,332 |-WARN in ch.qos.logback.classic.LoggerContext[default] - Resource [logback.xml] occurs at [jar:file:/root/flamestream/lib/flamestream-runtime-1.0-SNAPSHOT.jar!/logback.xml]
19:11:50,332 |-WARN in ch.qos.logback.classic.LoggerContext[default] - Resource [logback.xml] occurs at [jar:file:/root/flamestream/flamestream-runtime-1.0-SNAPSHOT.jar!/logback.xml]
19:11:50,352 |-INFO in ch.qos.logback.core.joran.spi.ConfigurationWatchList@3fb6a447 - URL [jar:file:/root/flamestream/lib/flamestream-runtime-1.0-SNAPSHOT.jar!/logback.xml] is not of type file
19:11:50,422 |-INFO in ch.qos.logback.classic.joran.action.ConfigurationAction - debug attribute not set
19:11:50,423 |-INFO in ch.qos.logback.core.joran.action.AppenderAction - About to instantiate appender of type [ch.qos.logback.core.ConsoleAppender]
19:11:50,441 |-INFO in ch.qos.logback.core.joran.action.AppenderAction - Naming appender as [STDOUT]
19:11:50,459 |-INFO in ch.qos.logback.core.joran.action.NestedComplexPropertyIA - Assuming default type [ch.qos.logback.classic.encoder.PatternLayoutEncoder] for [encoder] property
19:11:50,544 |-INFO in ch.qos.logback.core.joran.action.AppenderAction - About to instantiate appender of type [ch.qos.logback.core.rolling.RollingFileAppender]
19:11:50,549 |-INFO in ch.qos.logback.core.joran.action.AppenderAction - Naming appender as [FILE]
19:11:50,579 |-INFO in c.q.l.core.rolling.TimeBasedRollingPolicy@127618319 - No compression will be used
19:11:50,580 |-INFO in c.q.l.core.rolling.TimeBasedRollingPolicy@127618319 - Will use the pattern /tmp/application_%d{yyyy-MM-dd}.%i.log for the active file
19:11:50,583 |-INFO in ch.qos.logback.core.rolling.SizeAndTimeBasedFNATP@6b2fad11 - The date pattern is 'yyyy-MM-dd' from file name pattern '/tmp/application_%d{yyyy-MM-dd}.%i.log'.
19:11:50,583 |-INFO in ch.qos.logback.core.rolling.SizeAndTimeBasedFNATP@6b2fad11 - Roll-over at midnight.
19:11:50,588 |-INFO in ch.qos.logback.core.rolling.SizeAndTimeBasedFNATP@6b2fad11 - Setting initial period to Mon Jun 10 19:10:25 UTC 2019
19:11:50,588 |-WARN in ch.qos.logback.core.rolling.SizeAndTimeBasedFNATP@6b2fad11 - SizeAndTimeBasedFNATP is deprecated. Use SizeAndTimeBasedRollingPolicy instead
19:11:50,588 |-WARN in ch.qos.logback.core.rolling.SizeAndTimeBasedFNATP@6b2fad11 - For more information see http://logback.qos.ch/manual/appenders.html#SizeAndTimeBasedRollingPolicy
19:11:50,592 |-INFO in ch.qos.logback.core.joran.action.NestedComplexPropertyIA - Assuming default type [ch.qos.logback.classic.encoder.PatternLayoutEncoder] for [encoder] property
19:11:50,597 |-INFO in ch.qos.logback.core.rolling.RollingFileAppender[FILE] - Active log file name: /tmp/application.log
19:11:50,597 |-INFO in ch.qos.logback.core.rolling.RollingFileAppender[FILE] - File property is set to [/tmp/application.log]
19:11:50,598 |-INFO in ch.qos.logback.classic.joran.action.RootLoggerAction - Setting level of ROOT logger to WARN
19:11:50,598 |-INFO in ch.qos.logback.core.joran.action.AppenderRefAction - Attaching appender named [STDOUT] to Logger[ROOT]
19:11:50,600 |-INFO in ch.qos.logback.core.joran.action.AppenderRefAction - Attaching appender named [FILE] to Logger[ROOT]
19:11:50,600 |-INFO in ch.qos.logback.classic.joran.action.ConfigurationAction - End of configuration.
19:11:50,600 |-INFO in ch.qos.logback.classic.joran.JoranConfigurator@79698539 - Registering current configuration as safe fallback point

Ama winner
Ama winner
2019-06-10T19:11:51.853+0000: 1.706: [Full GC (Metadata GC Threshold) 2019-06-10T19:11:51.853+0000: 1.706: [Tenured: 0K->15143K(341376K), 0.0391085 secs] 114923K->15143K(494976K), [Metaspace: 20727K->20727K(1067008K)], 0.0391857 secs] [Times: user=0.03 sys=0.01, real=0.04 secs] 
19:12:10.208 [Curator-PathChildrenCache-1] WARN  o.a.c.u.ZKPaths  - The version of ZooKeeper being used doesn't support Container nodes. CreateMode.PERSISTENT will be used instead.
2019-06-10T19:12:12.432+0000: 22.286: [GC (Allocation Failure) 2019-06-10T19:12:12.432+0000: 22.286: [DefNew: 136576K->17023K(153600K), 0.0364975 secs] 151719K->52809K(494976K), 0.0365739 secs] [Times: user=0.02 sys=0.02, real=0.03 secs] 
2019-06-10T19:12:15.662+0000: 25.515: [Full GC (Metadata GC Threshold) 2019-06-10T19:12:15.662+0000: 25.515: [Tenured: 35785K->44438K(341376K), 0.0471887 secs] 108450K->44438K(494976K), [Metaspace: 34589K->34589K(1079296K)], 0.0472638 secs] [Times: user=0.04 sys=0.01, real=0.04 secs] 
2019-06-10T19:12:24.020+0000: 33.873: [GC (Allocation Failure) 2019-06-10T19:12:24.020+0000: 33.873: [DefNew: 136576K->54K(153600K), 0.0017470 secs] 181014K->44492K(494976K), 0.0018067 secs] [Times: user=0.01 sys=0.00, real=0.01 secs] 
2019-06-10T19:12:32.308+0000: 42.161: [GC (Allocation Failure) 2019-06-10T19:12:32.308+0000: 42.161: [DefNew: 136630K->90K(153600K), 0.0016547 secs] 181068K->44528K(494976K), 0.0017121 secs] [Times: user=0.00 sys=0.00, real=0.00 secs] 
2019-06-10T19:12:40.712+0000: 50.566: [GC (Allocation Failure) 2019-06-10T19:12:40.712+0000: 50.566: [DefNew: 136666K->119K(153600K), 0.0017220 secs] 181104K->44557K(494976K), 0.0017815 secs] [Times: user=0.00 sys=0.00, real=0.00 secs] 
2019-06-10T19:12:49.038+0000: 58.892: [GC (Allocation Failure) 2019-06-10T19:12:49.038+0000: 58.892: [DefNew: 136695K->120K(153600K), 0.0016676 secs] 181133K->44559K(494976K), 0.0017267 secs] [Times: user=0.00 sys=0.00, real=0.00 secs] 
2019-06-10T19:12:58.175+0000: 68.028: [GC (Allocation Failure) 2019-06-10T19:12:58.175+0000: 68.028: [DefNew: 136696K->445K(153600K), 0.0021217 secs] 181135K->44884K(494976K), 0.0021832 secs] [Times: user=0.00 sys=0.00, real=0.00 secs] 
2019-06-10T19:13:17.144+0000: 86.997: [GC (Allocation Failure) 2019-06-10T19:13:17.144+0000: 86.997: [DefNew: 137021K->209K(153600K), 0.0019784 secs] 181460K->44647K(494976K), 0.0020384 secs] [Times: user=0.00 sys=0.00, real=0.00 secs] 
19:13:20.354 [Curator-PathChildrenCache-0] ERROR o.a.c.f.r.c.PathChildrenCache  - 
java.lang.IllegalStateException: instance must be started before calling this method
	at org.apache.curator.shaded.com.google.common.base.Preconditions.checkState(Preconditions.java:444)
	at org.apache.curator.framework.imps.CuratorFrameworkImpl.getChildren(CuratorFrameworkImpl.java:456)
	at org.apache.curator.framework.recipes.cache.PathChildrenCache.refresh(PathChildrenCache.java:521)
	at org.apache.curator.framework.recipes.cache.RefreshOperation.invoke(RefreshOperation.java:35)
	at org.apache.curator.framework.recipes.cache.PathChildrenCache$9.run(PathChildrenCache.java:786)
	at java.util.concurrent.Executors$RunnableAdapter.call(Executors.java:511)
	at java.util.concurrent.FutureTask.run(FutureTask.java:266)
	at java.util.concurrent.Executors$RunnableAdapter.call(Executors.java:511)
	at java.util.concurrent.FutureTask.run(FutureTask.java:266)
	at java.util.concurrent.ThreadPoolExecutor.runWorker(ThreadPoolExecutor.java:1149)
	at java.util.concurrent.ThreadPoolExecutor$Worker.run(ThreadPoolExecutor.java:624)
	at java.lang.Thread.run(Thread.java:748)
Heap
 def new generation   total 153600K, used 29900K [0x00000000e0c00000, 0x00000000eb2a0000, 0x00000000eb2a0000)
  eden space 136576K,  21% used [0x00000000e0c00000, 0x00000000e28fee68, 0x00000000e9160000)
  from space 17024K,   1% used [0x00000000ea200000, 0x00000000ea234460, 0x00000000eb2a0000)
  to   space 17024K,   0% used [0x00000000e9160000, 0x00000000e9160000, 0x00000000ea200000)
 tenured generation   total 341376K, used 44438K [0x00000000eb2a0000, 0x0000000100000000, 0x0000000100000000)
   the space 341376K,  13% used [0x00000000eb2a0000, 0x00000000ede05958, 0x00000000ede05a00, 0x0000000100000000)
 Metaspace       used 36174K, capacity 37050K, committed 37376K, reserved 1081344K
  class space    used 4873K, capacity 5073K, committed 5120K, reserved 1048576K
