16:18:26,997 |-INFO in ch.qos.logback.classic.LoggerContext[default] - Could NOT find resource [logback-test.xml]
16:18:26,997 |-INFO in ch.qos.logback.classic.LoggerContext[default] - Could NOT find resource [logback.groovy]
16:18:26,997 |-INFO in ch.qos.logback.classic.LoggerContext[default] - Found resource [logback.xml] at [jar:file:/root/flamestream/lib/flamestream-runtime-1.0-SNAPSHOT.jar!/logback.xml]
16:18:26,998 |-WARN in ch.qos.logback.classic.LoggerContext[default] - Resource [logback.xml] occurs multiple times on the classpath.
16:18:26,998 |-WARN in ch.qos.logback.classic.LoggerContext[default] - Resource [logback.xml] occurs at [jar:file:/root/flamestream/lib/flamestream-runtime-1.0-SNAPSHOT.jar!/logback.xml]
16:18:26,998 |-WARN in ch.qos.logback.classic.LoggerContext[default] - Resource [logback.xml] occurs at [jar:file:/root/flamestream/flamestream-runtime-1.0-SNAPSHOT.jar!/logback.xml]
16:18:27,017 |-INFO in ch.qos.logback.core.joran.spi.ConfigurationWatchList@3fb6a447 - URL [jar:file:/root/flamestream/lib/flamestream-runtime-1.0-SNAPSHOT.jar!/logback.xml] is not of type file
16:18:27,089 |-INFO in ch.qos.logback.classic.joran.action.ConfigurationAction - debug attribute not set
16:18:27,090 |-INFO in ch.qos.logback.core.joran.action.AppenderAction - About to instantiate appender of type [ch.qos.logback.core.ConsoleAppender]
16:18:27,104 |-INFO in ch.qos.logback.core.joran.action.AppenderAction - Naming appender as [STDOUT]
16:18:27,124 |-INFO in ch.qos.logback.core.joran.action.NestedComplexPropertyIA - Assuming default type [ch.qos.logback.classic.encoder.PatternLayoutEncoder] for [encoder] property
16:18:27,207 |-INFO in ch.qos.logback.core.joran.action.AppenderAction - About to instantiate appender of type [ch.qos.logback.core.rolling.RollingFileAppender]
16:18:27,212 |-INFO in ch.qos.logback.core.joran.action.AppenderAction - Naming appender as [FILE]
16:18:27,242 |-INFO in c.q.l.core.rolling.TimeBasedRollingPolicy@127618319 - No compression will be used
16:18:27,243 |-INFO in c.q.l.core.rolling.TimeBasedRollingPolicy@127618319 - Will use the pattern /tmp/application_%d{yyyy-MM-dd}.%i.log for the active file
16:18:27,246 |-INFO in ch.qos.logback.core.rolling.SizeAndTimeBasedFNATP@6b2fad11 - The date pattern is 'yyyy-MM-dd' from file name pattern '/tmp/application_%d{yyyy-MM-dd}.%i.log'.
16:18:27,246 |-INFO in ch.qos.logback.core.rolling.SizeAndTimeBasedFNATP@6b2fad11 - Roll-over at midnight.
16:18:27,251 |-INFO in ch.qos.logback.core.rolling.SizeAndTimeBasedFNATP@6b2fad11 - Setting initial period to Mon Jun 10 16:17:11 UTC 2019
16:18:27,251 |-WARN in ch.qos.logback.core.rolling.SizeAndTimeBasedFNATP@6b2fad11 - SizeAndTimeBasedFNATP is deprecated. Use SizeAndTimeBasedRollingPolicy instead
16:18:27,251 |-WARN in ch.qos.logback.core.rolling.SizeAndTimeBasedFNATP@6b2fad11 - For more information see http://logback.qos.ch/manual/appenders.html#SizeAndTimeBasedRollingPolicy
16:18:27,255 |-INFO in ch.qos.logback.core.joran.action.NestedComplexPropertyIA - Assuming default type [ch.qos.logback.classic.encoder.PatternLayoutEncoder] for [encoder] property
16:18:27,260 |-INFO in ch.qos.logback.core.rolling.RollingFileAppender[FILE] - Active log file name: /tmp/application.log
16:18:27,260 |-INFO in ch.qos.logback.core.rolling.RollingFileAppender[FILE] - File property is set to [/tmp/application.log]
16:18:27,261 |-INFO in ch.qos.logback.classic.joran.action.RootLoggerAction - Setting level of ROOT logger to WARN
16:18:27,261 |-INFO in ch.qos.logback.core.joran.action.AppenderRefAction - Attaching appender named [STDOUT] to Logger[ROOT]
16:18:27,263 |-INFO in ch.qos.logback.core.joran.action.AppenderRefAction - Attaching appender named [FILE] to Logger[ROOT]
16:18:27,263 |-INFO in ch.qos.logback.classic.joran.action.ConfigurationAction - End of configuration.
16:18:27,263 |-INFO in ch.qos.logback.classic.joran.JoranConfigurator@79698539 - Registering current configuration as safe fallback point

Ama winner
Ama winner
2019-06-10T16:18:28.585+0000: 1.779: [Full GC (Metadata GC Threshold) 2019-06-10T16:18:28.585+0000: 1.779: [Tenured: 0K->15241K(341376K), 0.0409518 secs] 114923K->15241K(494976K), [Metaspace: 20738K->20738K(1067008K)], 0.0410337 secs] [Times: user=0.04 sys=0.00, real=0.05 secs] 
16:18:42.248 [Curator-PathChildrenCache-2] WARN  o.a.c.u.ZKPaths  - The version of ZooKeeper being used doesn't support Container nodes. CreateMode.PERSISTENT will be used instead.
2019-06-10T16:18:44.493+0000: 17.687: [GC (Allocation Failure) 2019-06-10T16:18:44.493+0000: 17.687: [DefNew: 136576K->17023K(153600K), 0.0265315 secs] 151817K->53033K(494976K), 0.0266034 secs] [Times: user=0.01 sys=0.02, real=0.03 secs] 
2019-06-10T16:18:45.001+0000: 18.195: [Full GC (Metadata GC Threshold) 2019-06-10T16:18:45.001+0000: 18.195: [Tenured: 36009K->44667K(341376K), 0.0360481 secs] 71902K->44667K(494976K), [Metaspace: 34577K->34577K(1079296K)], 0.0361227 secs] [Times: user=0.03 sys=0.00, real=0.03 secs] 
2019-06-10T16:18:49.229+0000: 22.423: [GC (Allocation Failure) 2019-06-10T16:18:49.229+0000: 22.423: [DefNew: 136576K->293K(153600K), 0.0022430 secs] 181243K->44961K(494976K), 0.0023063 secs] [Times: user=0.00 sys=0.00, real=0.00 secs] 
2019-06-10T16:18:53.187+0000: 26.381: [GC (Allocation Failure) 2019-06-10T16:18:53.187+0000: 26.381: [DefNew: 136869K->305K(153600K), 0.0020974 secs] 181537K->44973K(494976K), 0.0021524 secs] [Times: user=0.00 sys=0.00, real=0.00 secs] 
2019-06-10T16:18:57.145+0000: 30.339: [GC (Allocation Failure) 2019-06-10T16:18:57.145+0000: 30.339: [DefNew: 136881K->332K(153600K), 0.0020951 secs] 181549K->45000K(494976K), 0.0021499 secs] [Times: user=0.01 sys=0.00, real=0.00 secs] 
2019-06-10T16:19:01.048+0000: 34.242: [GC (Allocation Failure) 2019-06-10T16:19:01.048+0000: 34.242: [DefNew: 136908K->336K(153600K), 0.0021344 secs] 181576K->45004K(494976K), 0.0021945 secs] [Times: user=0.00 sys=0.00, real=0.00 secs] 
2019-06-10T16:19:05.069+0000: 38.263: [GC (Allocation Failure) 2019-06-10T16:19:05.069+0000: 38.263: [DefNew: 136912K->367K(153600K), 0.0021737 secs] 181580K->45034K(494976K), 0.0022367 secs] [Times: user=0.00 sys=0.00, real=0.00 secs] 
2019-06-10T16:19:09.043+0000: 42.237: [GC (Allocation Failure) 2019-06-10T16:19:09.043+0000: 42.237: [DefNew: 136943K->398K(153600K), 0.0022415 secs] 181610K->45065K(494976K), 0.0022995 secs] [Times: user=0.00 sys=0.00, real=0.01 secs] 
2019-06-10T16:19:13.022+0000: 46.216: [GC (Allocation Failure) 2019-06-10T16:19:13.022+0000: 46.216: [DefNew: 136974K->404K(153600K), 0.0021922 secs] 181641K->45072K(494976K), 0.0022486 secs] [Times: user=0.00 sys=0.00, real=0.00 secs] 
2019-06-10T16:19:17.022+0000: 50.216: [GC (Allocation Failure) 2019-06-10T16:19:17.022+0000: 50.216: [DefNew: 136980K->402K(153600K), 0.0022841 secs] 181648K->45070K(494976K), 0.0023437 secs] [Times: user=0.00 sys=0.00, real=0.00 secs] 
16:19:23.008 [Curator-PathChildrenCache-0] ERROR o.a.c.f.r.c.PathChildrenCache  - 
java.lang.IllegalStateException: instance must be started before calling this method
	at org.apache.curator.shaded.com.google.common.base.Preconditions.checkState(Preconditions.java:444)
	at org.apache.curator.framework.imps.CuratorFrameworkImpl.getChildren(CuratorFrameworkImpl.java:456)
	at org.apache.curator.framework.recipes.cache.PathChildrenCache.refresh(PathChildrenCache.java:521)
	at org.apache.curator.framework.recipes.cache.RefreshOperation.invoke(RefreshOperation.java:35)
	at org.apache.curator.framework.recipes.cache.PathChildrenCache$9.run(PathChildrenCache.java:786)
	at java.util.concurrent.Executors$RunnableAdapter.call(Executors.java:511)
	at java.util.concurrent.FutureTask.run(FutureTask.java:266)
	at java.util.concurrent.Executors$RunnableAdapter.call(Executors.java:511)
	at java.util.concurrent.FutureTask.run(FutureTask.java:266)
	at java.util.concurrent.ThreadPoolExecutor.runWorker(ThreadPoolExecutor.java:1149)
	at java.util.concurrent.ThreadPoolExecutor$Worker.run(ThreadPoolExecutor.java:624)
	at java.lang.Thread.run(Thread.java:748)
Heap
 def new generation   total 153600K, used 74216K [0x00000000e0c00000, 0x00000000eb2a0000, 0x00000000eb2a0000)
  eden space 136576K,  54% used [0x00000000e0c00000, 0x00000000e54154b0, 0x00000000e9160000)
  from space 17024K,   2% used [0x00000000ea200000, 0x00000000ea264be8, 0x00000000eb2a0000)
  to   space 17024K,   0% used [0x00000000e9160000, 0x00000000e9160000, 0x00000000ea200000)
 tenured generation   total 341376K, used 44667K [0x00000000eb2a0000, 0x0000000100000000, 0x0000000100000000)
   the space 341376K,  13% used [0x00000000eb2a0000, 0x00000000ede3ef10, 0x00000000ede3f000, 0x0000000100000000)
 Metaspace       used 36178K, capacity 37140K, committed 37376K, reserved 1081344K
  class space    used 4860K, capacity 5062K, committed 5120K, reserved 1048576K
