19:05:56,581 |-INFO in ch.qos.logback.classic.LoggerContext[default] - Could NOT find resource [logback-test.xml]
19:05:56,581 |-INFO in ch.qos.logback.classic.LoggerContext[default] - Could NOT find resource [logback.groovy]
19:05:56,582 |-INFO in ch.qos.logback.classic.LoggerContext[default] - Found resource [logback.xml] at [jar:file:/root/flamestream/lib/flamestream-runtime-1.0-SNAPSHOT.jar!/logback.xml]
19:05:56,582 |-WARN in ch.qos.logback.classic.LoggerContext[default] - Resource [logback.xml] occurs multiple times on the classpath.
19:05:56,582 |-WARN in ch.qos.logback.classic.LoggerContext[default] - Resource [logback.xml] occurs at [jar:file:/root/flamestream/lib/flamestream-runtime-1.0-SNAPSHOT.jar!/logback.xml]
19:05:56,582 |-WARN in ch.qos.logback.classic.LoggerContext[default] - Resource [logback.xml] occurs at [jar:file:/root/flamestream/flamestream-runtime-1.0-SNAPSHOT.jar!/logback.xml]
19:05:56,602 |-INFO in ch.qos.logback.core.joran.spi.ConfigurationWatchList@3fb6a447 - URL [jar:file:/root/flamestream/lib/flamestream-runtime-1.0-SNAPSHOT.jar!/logback.xml] is not of type file
19:05:56,668 |-INFO in ch.qos.logback.classic.joran.action.ConfigurationAction - debug attribute not set
19:05:56,668 |-INFO in ch.qos.logback.core.joran.action.AppenderAction - About to instantiate appender of type [ch.qos.logback.core.ConsoleAppender]
19:05:56,684 |-INFO in ch.qos.logback.core.joran.action.AppenderAction - Naming appender as [STDOUT]
19:05:56,704 |-INFO in ch.qos.logback.core.joran.action.NestedComplexPropertyIA - Assuming default type [ch.qos.logback.classic.encoder.PatternLayoutEncoder] for [encoder] property
19:05:56,800 |-INFO in ch.qos.logback.core.joran.action.AppenderAction - About to instantiate appender of type [ch.qos.logback.core.rolling.RollingFileAppender]
19:05:56,809 |-INFO in ch.qos.logback.core.joran.action.AppenderAction - Naming appender as [FILE]
19:05:56,837 |-INFO in c.q.l.core.rolling.TimeBasedRollingPolicy@127618319 - No compression will be used
19:05:56,838 |-INFO in c.q.l.core.rolling.TimeBasedRollingPolicy@127618319 - Will use the pattern /tmp/application_%d{yyyy-MM-dd}.%i.log for the active file
19:05:56,841 |-INFO in ch.qos.logback.core.rolling.SizeAndTimeBasedFNATP@6b2fad11 - The date pattern is 'yyyy-MM-dd' from file name pattern '/tmp/application_%d{yyyy-MM-dd}.%i.log'.
19:05:56,841 |-INFO in ch.qos.logback.core.rolling.SizeAndTimeBasedFNATP@6b2fad11 - Roll-over at midnight.
19:05:56,846 |-INFO in ch.qos.logback.core.rolling.SizeAndTimeBasedFNATP@6b2fad11 - Setting initial period to Mon Jun 10 19:04:25 UTC 2019
19:05:56,846 |-WARN in ch.qos.logback.core.rolling.SizeAndTimeBasedFNATP@6b2fad11 - SizeAndTimeBasedFNATP is deprecated. Use SizeAndTimeBasedRollingPolicy instead
19:05:56,846 |-WARN in ch.qos.logback.core.rolling.SizeAndTimeBasedFNATP@6b2fad11 - For more information see http://logback.qos.ch/manual/appenders.html#SizeAndTimeBasedRollingPolicy
19:05:56,851 |-INFO in ch.qos.logback.core.joran.action.NestedComplexPropertyIA - Assuming default type [ch.qos.logback.classic.encoder.PatternLayoutEncoder] for [encoder] property
19:05:56,855 |-INFO in ch.qos.logback.core.rolling.RollingFileAppender[FILE] - Active log file name: /tmp/application.log
19:05:56,855 |-INFO in ch.qos.logback.core.rolling.RollingFileAppender[FILE] - File property is set to [/tmp/application.log]
19:05:56,857 |-INFO in ch.qos.logback.classic.joran.action.RootLoggerAction - Setting level of ROOT logger to WARN
19:05:56,857 |-INFO in ch.qos.logback.core.joran.action.AppenderRefAction - Attaching appender named [STDOUT] to Logger[ROOT]
19:05:56,859 |-INFO in ch.qos.logback.core.joran.action.AppenderRefAction - Attaching appender named [FILE] to Logger[ROOT]
19:05:56,859 |-INFO in ch.qos.logback.classic.joran.action.ConfigurationAction - End of configuration.
19:05:56,859 |-INFO in ch.qos.logback.classic.joran.JoranConfigurator@79698539 - Registering current configuration as safe fallback point

Ama winner
Ama winner
2019-06-10T19:05:58.119+0000: 1.722: [Full GC (Metadata GC Threshold) 2019-06-10T19:05:58.119+0000: 1.722: [Tenured: 0K->15175K(341376K), 0.0419348 secs] 114923K->15175K(494976K), [Metaspace: 20725K->20725K(1067008K)], 0.0420032 secs] [Times: user=0.04 sys=0.01, real=0.04 secs] 
19:06:19.615 [Curator-PathChildrenCache-2] WARN  o.a.c.u.ZKPaths  - The version of ZooKeeper being used doesn't support Container nodes. CreateMode.PERSISTENT will be used instead.
2019-06-10T19:06:22.110+0000: 25.713: [GC (Allocation Failure) 2019-06-10T19:06:22.110+0000: 25.713: [DefNew: 120645K->16787K(153600K), 0.0181831 secs] 135821K->31963K(494976K), 0.0182520 secs] [Times: user=0.02 sys=0.00, real=0.02 secs] 
2019-06-10T19:06:22.578+0000: 26.181: [Full GC (Metadata GC Threshold) 2019-06-10T19:06:22.579+0000: 26.181: [Tenured: 15175K->43294K(341376K), 0.0460589 secs] 68823K->43294K(494976K), [Metaspace: 34620K->34620K(1079296K)], 0.0461486 secs] [Times: user=0.04 sys=0.01, real=0.04 secs] 
2019-06-10T19:06:27.477+0000: 31.080: [GC (Allocation Failure) 2019-06-10T19:06:27.477+0000: 31.080: [DefNew: 136576K->162K(153600K), 0.0021984 secs] 179870K->43457K(494976K), 0.0022583 secs] [Times: user=0.00 sys=0.00, real=0.00 secs] 
2019-06-10T19:06:32.346+0000: 35.949: [GC (Allocation Failure) 2019-06-10T19:06:32.346+0000: 35.949: [DefNew: 136738K->168K(153600K), 0.0018719 secs] 180033K->43462K(494976K), 0.0019335 secs] [Times: user=0.00 sys=0.00, real=0.00 secs] 
2019-06-10T19:06:37.212+0000: 40.814: [GC (Allocation Failure) 2019-06-10T19:06:37.212+0000: 40.814: [DefNew: 136744K->167K(153600K), 0.0019110 secs] 180038K->43461K(494976K), 0.0019798 secs] [Times: user=0.00 sys=0.00, real=0.01 secs] 
2019-06-10T19:06:42.100+0000: 45.703: [GC (Allocation Failure) 2019-06-10T19:06:42.100+0000: 45.703: [DefNew: 136743K->165K(153600K), 0.0019374 secs] 180037K->43459K(494976K), 0.0019965 secs] [Times: user=0.00 sys=0.00, real=0.00 secs] 
2019-06-10T19:06:47.023+0000: 50.626: [GC (Allocation Failure) 2019-06-10T19:06:47.023+0000: 50.626: [DefNew: 136741K->171K(153600K), 0.0019423 secs] 180035K->43465K(494976K), 0.0020010 secs] [Times: user=0.00 sys=0.00, real=0.00 secs] 
2019-06-10T19:06:51.929+0000: 55.532: [GC (Allocation Failure) 2019-06-10T19:06:51.929+0000: 55.532: [DefNew: 136747K->170K(153600K), 0.0019936 secs] 180041K->43464K(494976K), 0.0020532 secs] [Times: user=0.00 sys=0.00, real=0.00 secs] 
2019-06-10T19:06:56.810+0000: 60.413: [GC (Allocation Failure) 2019-06-10T19:06:56.810+0000: 60.413: [DefNew: 136746K->166K(153600K), 0.0020598 secs] 180040K->43461K(494976K), 0.0021331 secs] [Times: user=0.00 sys=0.00, real=0.00 secs] 
2019-06-10T19:07:01.973+0000: 65.576: [GC (Allocation Failure) 2019-06-10T19:07:01.973+0000: 65.576: [DefNew: 136742K->525K(153600K), 0.0024806 secs] 180037K->43819K(494976K), 0.0025425 secs] [Times: user=0.00 sys=0.00, real=0.01 secs] 
2019-06-10T19:07:10.400+0000: 74.003: [GC (Allocation Failure) 2019-06-10T19:07:10.400+0000: 74.003: [DefNew: 137101K->275K(153600K), 0.0023634 secs] 180395K->43569K(494976K), 0.0024271 secs] [Times: user=0.00 sys=0.00, real=0.00 secs] 
19:07:20.672 [Curator-PathChildrenCache-0] ERROR o.a.c.f.r.c.PathChildrenCache  - 
java.lang.IllegalStateException: instance must be started before calling this method
	at org.apache.curator.shaded.com.google.common.base.Preconditions.checkState(Preconditions.java:444)
	at org.apache.curator.framework.imps.CuratorFrameworkImpl.getChildren(CuratorFrameworkImpl.java:456)
	at org.apache.curator.framework.recipes.cache.PathChildrenCache.refresh(PathChildrenCache.java:521)
	at org.apache.curator.framework.recipes.cache.RefreshOperation.invoke(RefreshOperation.java:35)
	at org.apache.curator.framework.recipes.cache.PathChildrenCache$9.run(PathChildrenCache.java:786)
	at java.util.concurrent.Executors$RunnableAdapter.call(Executors.java:511)
	at java.util.concurrent.FutureTask.run(FutureTask.java:266)
	at java.util.concurrent.Executors$RunnableAdapter.call(Executors.java:511)
	at java.util.concurrent.FutureTask.run(FutureTask.java:266)
	at java.util.concurrent.ThreadPoolExecutor.runWorker(ThreadPoolExecutor.java:1149)
	at java.util.concurrent.ThreadPoolExecutor$Worker.run(ThreadPoolExecutor.java:624)
	at java.lang.Thread.run(Thread.java:748)
Heap
 def new generation   total 153600K, used 49393K [0x00000000e0c00000, 0x00000000eb2a0000, 0x00000000eb2a0000)
  eden space 136576K,  35% used [0x00000000e0c00000, 0x00000000e3bf7ad8, 0x00000000e9160000)
  from space 17024K,   1% used [0x00000000e9160000, 0x00000000e91a4c80, 0x00000000ea200000)
  to   space 17024K,   0% used [0x00000000ea200000, 0x00000000ea200000, 0x00000000eb2a0000)
 tenured generation   total 341376K, used 43294K [0x00000000eb2a0000, 0x0000000100000000, 0x0000000100000000)
   the space 341376K,  12% used [0x00000000eb2a0000, 0x00000000edce7978, 0x00000000edce7a00, 0x0000000100000000)
 Metaspace       used 36262K, capacity 37250K, committed 37504K, reserved 1081344K
  class space    used 4900K, capacity 5123K, committed 5248K, reserved 1048576K
