15:45:12,474 |-INFO in ch.qos.logback.classic.LoggerContext[default] - Could NOT find resource [logback-test.xml]
15:45:12,475 |-INFO in ch.qos.logback.classic.LoggerContext[default] - Could NOT find resource [logback.groovy]
15:45:12,475 |-INFO in ch.qos.logback.classic.LoggerContext[default] - Found resource [logback.xml] at [jar:file:/root/flamestream/lib/flamestream-runtime-1.0-SNAPSHOT.jar!/logback.xml]
15:45:12,476 |-WARN in ch.qos.logback.classic.LoggerContext[default] - Resource [logback.xml] occurs multiple times on the classpath.
15:45:12,476 |-WARN in ch.qos.logback.classic.LoggerContext[default] - Resource [logback.xml] occurs at [jar:file:/root/flamestream/lib/flamestream-runtime-1.0-SNAPSHOT.jar!/logback.xml]
15:45:12,476 |-WARN in ch.qos.logback.classic.LoggerContext[default] - Resource [logback.xml] occurs at [jar:file:/root/flamestream/flamestream-runtime-1.0-SNAPSHOT.jar!/logback.xml]
15:45:12,496 |-INFO in ch.qos.logback.core.joran.spi.ConfigurationWatchList@3fb6a447 - URL [jar:file:/root/flamestream/lib/flamestream-runtime-1.0-SNAPSHOT.jar!/logback.xml] is not of type file
15:45:12,563 |-INFO in ch.qos.logback.classic.joran.action.ConfigurationAction - debug attribute not set
15:45:12,564 |-INFO in ch.qos.logback.core.joran.action.AppenderAction - About to instantiate appender of type [ch.qos.logback.core.ConsoleAppender]
15:45:12,585 |-INFO in ch.qos.logback.core.joran.action.AppenderAction - Naming appender as [STDOUT]
15:45:12,599 |-INFO in ch.qos.logback.core.joran.action.NestedComplexPropertyIA - Assuming default type [ch.qos.logback.classic.encoder.PatternLayoutEncoder] for [encoder] property
15:45:12,685 |-INFO in ch.qos.logback.core.joran.action.AppenderAction - About to instantiate appender of type [ch.qos.logback.core.rolling.RollingFileAppender]
15:45:12,690 |-INFO in ch.qos.logback.core.joran.action.AppenderAction - Naming appender as [FILE]
15:45:12,720 |-INFO in c.q.l.core.rolling.TimeBasedRollingPolicy@127618319 - No compression will be used
15:45:12,721 |-INFO in c.q.l.core.rolling.TimeBasedRollingPolicy@127618319 - Will use the pattern /tmp/application_%d{yyyy-MM-dd}.%i.log for the active file
15:45:12,724 |-INFO in ch.qos.logback.core.rolling.SizeAndTimeBasedFNATP@6b2fad11 - The date pattern is 'yyyy-MM-dd' from file name pattern '/tmp/application_%d{yyyy-MM-dd}.%i.log'.
15:45:12,724 |-INFO in ch.qos.logback.core.rolling.SizeAndTimeBasedFNATP@6b2fad11 - Roll-over at midnight.
15:45:12,729 |-INFO in ch.qos.logback.core.rolling.SizeAndTimeBasedFNATP@6b2fad11 - Setting initial period to Mon Jun 10 15:43:53 UTC 2019
15:45:12,729 |-WARN in ch.qos.logback.core.rolling.SizeAndTimeBasedFNATP@6b2fad11 - SizeAndTimeBasedFNATP is deprecated. Use SizeAndTimeBasedRollingPolicy instead
15:45:12,729 |-WARN in ch.qos.logback.core.rolling.SizeAndTimeBasedFNATP@6b2fad11 - For more information see http://logback.qos.ch/manual/appenders.html#SizeAndTimeBasedRollingPolicy
15:45:12,733 |-INFO in ch.qos.logback.core.joran.action.NestedComplexPropertyIA - Assuming default type [ch.qos.logback.classic.encoder.PatternLayoutEncoder] for [encoder] property
15:45:12,738 |-INFO in ch.qos.logback.core.rolling.RollingFileAppender[FILE] - Active log file name: /tmp/application.log
15:45:12,738 |-INFO in ch.qos.logback.core.rolling.RollingFileAppender[FILE] - File property is set to [/tmp/application.log]
15:45:12,739 |-INFO in ch.qos.logback.classic.joran.action.RootLoggerAction - Setting level of ROOT logger to WARN
15:45:12,739 |-INFO in ch.qos.logback.core.joran.action.AppenderRefAction - Attaching appender named [STDOUT] to Logger[ROOT]
15:45:12,741 |-INFO in ch.qos.logback.core.joran.action.AppenderRefAction - Attaching appender named [FILE] to Logger[ROOT]
15:45:12,741 |-INFO in ch.qos.logback.classic.joran.action.ConfigurationAction - End of configuration.
15:45:12,741 |-INFO in ch.qos.logback.classic.joran.JoranConfigurator@79698539 - Registering current configuration as safe fallback point

Ama winner
Ama winner
2019-06-10T15:45:14.002+0000: 1.711: [Full GC (Metadata GC Threshold) 2019-06-10T15:45:14.002+0000: 1.711: [Tenured: 0K->15175K(341376K), 0.0400281 secs] 114987K->15175K(494976K), [Metaspace: 20733K->20733K(1067008K)], 0.0400937 secs] [Times: user=0.03 sys=0.00, real=0.04 secs] 
15:45:28.031 [Curator-PathChildrenCache-2] WARN  o.a.c.u.ZKPaths  - The version of ZooKeeper being used doesn't support Container nodes. CreateMode.PERSISTENT will be used instead.
2019-06-10T15:45:30.487+0000: 18.196: [GC (Allocation Failure) 2019-06-10T15:45:30.487+0000: 18.196: [DefNew: 136576K->17023K(153600K), 0.0259083 secs] 151751K->52855K(494976K), 0.0259873 secs] [Times: user=0.02 sys=0.01, real=0.02 secs] 
2019-06-10T15:45:31.145+0000: 18.854: [Full GC (Metadata GC Threshold) 2019-06-10T15:45:31.145+0000: 18.854: [Tenured: 35831K->44496K(341376K), 0.0382311 secs] 72078K->44496K(494976K), [Metaspace: 34650K->34650K(1079296K)], 0.0383097 secs] [Times: user=0.04 sys=0.00, real=0.03 secs] 
2019-06-10T15:45:33.379+0000: 21.088: [GC (Allocation Failure) 2019-06-10T15:45:33.379+0000: 21.088: [DefNew: 136576K->200K(153600K), 0.0022941 secs] 181072K->44697K(494976K), 0.0023477 secs] [Times: user=0.00 sys=0.00, real=0.00 secs] 
2019-06-10T15:45:35.564+0000: 23.273: [GC (Allocation Failure) 2019-06-10T15:45:35.564+0000: 23.273: [DefNew: 136776K->229K(153600K), 0.0020442 secs] 181273K->44726K(494976K), 0.0021074 secs] [Times: user=0.00 sys=0.00, real=0.01 secs] 
2019-06-10T15:45:37.789+0000: 25.498: [GC (Allocation Failure) 2019-06-10T15:45:37.789+0000: 25.498: [DefNew: 136805K->253K(153600K), 0.0020764 secs] 181302K->44750K(494976K), 0.0021310 secs] [Times: user=0.00 sys=0.00, real=0.00 secs] 
2019-06-10T15:45:40.047+0000: 27.756: [GC (Allocation Failure) 2019-06-10T15:45:40.047+0000: 27.756: [DefNew: 136829K->260K(153600K), 0.0020850 secs] 181326K->44757K(494976K), 0.0021379 secs] [Times: user=0.00 sys=0.00, real=0.00 secs] 
2019-06-10T15:45:42.290+0000: 29.999: [GC (Allocation Failure) 2019-06-10T15:45:42.290+0000: 29.999: [DefNew: 136836K->264K(153600K), 0.0021498 secs] 181333K->44761K(494976K), 0.0022079 secs] [Times: user=0.01 sys=0.00, real=0.00 secs] 
15:45:49.500 [Curator-PathChildrenCache-0] ERROR o.a.c.f.r.c.PathChildrenCache  - 
java.lang.IllegalStateException: instance must be started before calling this method
	at org.apache.curator.shaded.com.google.common.base.Preconditions.checkState(Preconditions.java:444)
	at org.apache.curator.framework.imps.CuratorFrameworkImpl.getChildren(CuratorFrameworkImpl.java:456)
	at org.apache.curator.framework.recipes.cache.PathChildrenCache.refresh(PathChildrenCache.java:521)
	at org.apache.curator.framework.recipes.cache.RefreshOperation.invoke(RefreshOperation.java:35)
	at org.apache.curator.framework.recipes.cache.PathChildrenCache$9.run(PathChildrenCache.java:786)
	at java.util.concurrent.Executors$RunnableAdapter.call(Executors.java:511)
	at java.util.concurrent.FutureTask.run(FutureTask.java:266)
	at java.util.concurrent.Executors$RunnableAdapter.call(Executors.java:511)
	at java.util.concurrent.FutureTask.run(FutureTask.java:266)
	at java.util.concurrent.ThreadPoolExecutor.runWorker(ThreadPoolExecutor.java:1149)
	at java.util.concurrent.ThreadPoolExecutor$Worker.run(ThreadPoolExecutor.java:624)
	at java.lang.Thread.run(Thread.java:748)
Heap
 def new generation   total 153600K, used 134101K [0x00000000e0c00000, 0x00000000eb2a0000, 0x00000000eb2a0000)
  eden space 136576K,  97% used [0x00000000e0c00000, 0x00000000e8eb3340, 0x00000000e9160000)
  from space 17024K,   1% used [0x00000000e9160000, 0x00000000e91a2208, 0x00000000ea200000)
  to   space 17024K,   0% used [0x00000000ea200000, 0x00000000ea200000, 0x00000000eb2a0000)
 tenured generation   total 341376K, used 44496K [0x00000000eb2a0000, 0x0000000100000000, 0x0000000100000000)
   the space 341376K,  13% used [0x00000000eb2a0000, 0x00000000ede143d0, 0x00000000ede14400, 0x0000000100000000)
 Metaspace       used 36154K, capacity 37140K, committed 37376K, reserved 1081344K
  class space    used 4862K, capacity 5062K, committed 5120K, reserved 1048576K
