20:10:15,055 |-INFO in ch.qos.logback.classic.LoggerContext[default] - Could NOT find resource [logback-test.xml]
20:10:15,055 |-INFO in ch.qos.logback.classic.LoggerContext[default] - Could NOT find resource [logback.groovy]
20:10:15,055 |-INFO in ch.qos.logback.classic.LoggerContext[default] - Found resource [logback.xml] at [jar:file:/root/flamestream/lib/flamestream-runtime-1.0-SNAPSHOT.jar!/logback.xml]
20:10:15,059 |-WARN in ch.qos.logback.classic.LoggerContext[default] - Resource [logback.xml] occurs multiple times on the classpath.
20:10:15,059 |-WARN in ch.qos.logback.classic.LoggerContext[default] - Resource [logback.xml] occurs at [jar:file:/root/flamestream/lib/flamestream-runtime-1.0-SNAPSHOT.jar!/logback.xml]
20:10:15,059 |-WARN in ch.qos.logback.classic.LoggerContext[default] - Resource [logback.xml] occurs at [jar:file:/root/flamestream/flamestream-runtime-1.0-SNAPSHOT.jar!/logback.xml]
20:10:15,078 |-INFO in ch.qos.logback.core.joran.spi.ConfigurationWatchList@3fb6a447 - URL [jar:file:/root/flamestream/lib/flamestream-runtime-1.0-SNAPSHOT.jar!/logback.xml] is not of type file
20:10:15,148 |-INFO in ch.qos.logback.classic.joran.action.ConfigurationAction - debug attribute not set
20:10:15,149 |-INFO in ch.qos.logback.core.joran.action.AppenderAction - About to instantiate appender of type [ch.qos.logback.core.ConsoleAppender]
20:10:15,166 |-INFO in ch.qos.logback.core.joran.action.AppenderAction - Naming appender as [STDOUT]
20:10:15,184 |-INFO in ch.qos.logback.core.joran.action.NestedComplexPropertyIA - Assuming default type [ch.qos.logback.classic.encoder.PatternLayoutEncoder] for [encoder] property
20:10:15,271 |-INFO in ch.qos.logback.core.joran.action.AppenderAction - About to instantiate appender of type [ch.qos.logback.core.rolling.RollingFileAppender]
20:10:15,276 |-INFO in ch.qos.logback.core.joran.action.AppenderAction - Naming appender as [FILE]
20:10:15,309 |-INFO in c.q.l.core.rolling.TimeBasedRollingPolicy@127618319 - No compression will be used
20:10:15,310 |-INFO in c.q.l.core.rolling.TimeBasedRollingPolicy@127618319 - Will use the pattern /tmp/application_%d{yyyy-MM-dd}.%i.log for the active file
20:10:15,313 |-INFO in ch.qos.logback.core.rolling.SizeAndTimeBasedFNATP@6b2fad11 - The date pattern is 'yyyy-MM-dd' from file name pattern '/tmp/application_%d{yyyy-MM-dd}.%i.log'.
20:10:15,313 |-INFO in ch.qos.logback.core.rolling.SizeAndTimeBasedFNATP@6b2fad11 - Roll-over at midnight.
20:10:15,318 |-INFO in ch.qos.logback.core.rolling.SizeAndTimeBasedFNATP@6b2fad11 - Setting initial period to Mon Jun 10 20:08:56 UTC 2019
20:10:15,318 |-WARN in ch.qos.logback.core.rolling.SizeAndTimeBasedFNATP@6b2fad11 - SizeAndTimeBasedFNATP is deprecated. Use SizeAndTimeBasedRollingPolicy instead
20:10:15,318 |-WARN in ch.qos.logback.core.rolling.SizeAndTimeBasedFNATP@6b2fad11 - For more information see http://logback.qos.ch/manual/appenders.html#SizeAndTimeBasedRollingPolicy
20:10:15,322 |-INFO in ch.qos.logback.core.joran.action.NestedComplexPropertyIA - Assuming default type [ch.qos.logback.classic.encoder.PatternLayoutEncoder] for [encoder] property
20:10:15,326 |-INFO in ch.qos.logback.core.rolling.RollingFileAppender[FILE] - Active log file name: /tmp/application.log
20:10:15,326 |-INFO in ch.qos.logback.core.rolling.RollingFileAppender[FILE] - File property is set to [/tmp/application.log]
20:10:15,327 |-INFO in ch.qos.logback.classic.joran.action.RootLoggerAction - Setting level of ROOT logger to WARN
20:10:15,327 |-INFO in ch.qos.logback.core.joran.action.AppenderRefAction - Attaching appender named [STDOUT] to Logger[ROOT]
20:10:15,329 |-INFO in ch.qos.logback.core.joran.action.AppenderRefAction - Attaching appender named [FILE] to Logger[ROOT]
20:10:15,329 |-INFO in ch.qos.logback.classic.joran.action.ConfigurationAction - End of configuration.
20:10:15,330 |-INFO in ch.qos.logback.classic.joran.JoranConfigurator@79698539 - Registering current configuration as safe fallback point

Ama winner
Ama winner
2019-06-10T20:10:16.593+0000: 1.720: [Full GC (Metadata GC Threshold) 2019-06-10T20:10:16.594+0000: 1.720: [Tenured: 0K->15177K(341376K), 0.0383145 secs] 114924K->15177K(494976K), [Metaspace: 20741K->20741K(1067008K)], 0.0383797 secs] [Times: user=0.04 sys=0.00, real=0.04 secs] 
20:10:28.914 [Curator-PathChildrenCache-1] WARN  o.a.c.u.ZKPaths  - The version of ZooKeeper being used doesn't support Container nodes. CreateMode.PERSISTENT will be used instead.
2019-06-10T20:10:31.061+0000: 16.187: [GC (Allocation Failure) 2019-06-10T20:10:31.061+0000: 16.188: [DefNew: 136562K->16502K(153600K), 0.0248847 secs] 151739K->51210K(494976K), 0.0249550 secs] [Times: user=0.02 sys=0.01, real=0.02 secs] 
2019-06-10T20:10:36.425+0000: 21.552: [GC (Allocation Failure) 2019-06-10T20:10:36.425+0000: 21.552: [DefNew: 153078K->1593K(153600K), 0.0105060 secs] 187786K->43187K(494976K), 0.0105823 secs] [Times: user=0.01 sys=0.00, real=0.02 secs] 
2019-06-10T20:10:41.520+0000: 26.647: [GC (Allocation Failure) 2019-06-10T20:10:41.520+0000: 26.647: [DefNew: 138169K->1523K(153600K), 0.0032757 secs] 179763K->43116K(494976K), 0.0033660 secs] [Times: user=0.00 sys=0.00, real=0.00 secs] 
2019-06-10T20:10:42.704+0000: 27.831: [Full GC (Metadata GC Threshold) 2019-06-10T20:10:42.704+0000: 27.831: [Tenured: 41593K->43116K(341376K), 0.0381831 secs] 76699K->43116K(494976K), [Metaspace: 34641K->34641K(1079296K)], 0.0382724 secs] [Times: user=0.04 sys=0.00, real=0.04 secs] 
2019-06-10T20:10:47.803+0000: 32.931: [GC (Allocation Failure) 2019-06-10T20:10:47.804+0000: 32.931: [DefNew: 136576K->48K(153600K), 0.0017326 secs] 179692K->43164K(494976K), 0.0028555 secs] [Times: user=0.00 sys=0.00, real=0.00 secs] 
2019-06-10T20:10:52.903+0000: 38.030: [GC (Allocation Failure) 2019-06-10T20:10:52.903+0000: 38.030: [DefNew: 136624K->47K(153600K), 0.0016172 secs] 179740K->43163K(494976K), 0.0017064 secs] [Times: user=0.00 sys=0.00, real=0.00 secs] 
20:11:06.822 [Curator-PathChildrenCache-0] ERROR o.a.c.f.r.c.PathChildrenCache  - 
java.lang.IllegalStateException: instance must be started before calling this method
	at org.apache.curator.shaded.com.google.common.base.Preconditions.checkState(Preconditions.java:444)
	at org.apache.curator.framework.imps.CuratorFrameworkImpl.getChildren(CuratorFrameworkImpl.java:456)
	at org.apache.curator.framework.recipes.cache.PathChildrenCache.refresh(PathChildrenCache.java:521)
	at org.apache.curator.framework.recipes.cache.RefreshOperation.invoke(RefreshOperation.java:35)
	at org.apache.curator.framework.recipes.cache.PathChildrenCache$9.run(PathChildrenCache.java:786)
	at java.util.concurrent.Executors$RunnableAdapter.call(Executors.java:511)
	at java.util.concurrent.FutureTask.run(FutureTask.java:266)
	at java.util.concurrent.Executors$RunnableAdapter.call(Executors.java:511)
	at java.util.concurrent.FutureTask.run(FutureTask.java:266)
	at java.util.concurrent.ThreadPoolExecutor.runWorker(ThreadPoolExecutor.java:1149)
	at java.util.concurrent.ThreadPoolExecutor$Worker.run(ThreadPoolExecutor.java:624)
	at java.lang.Thread.run(Thread.java:748)
2019-06-10T20:11:06.847+0000: 51.974: [GC (Allocation Failure) 2019-06-10T20:11:06.847+0000: 51.974: [DefNew: 136623K->684K(153600K), 0.0030525 secs] 179739K->43801K(494976K), 0.0031101 secs] [Times: user=0.01 sys=0.00, real=0.01 secs] 
Heap
 def new generation   total 153600K, used 7551K [0x00000000e0c00000, 0x00000000eb2a0000, 0x00000000eb2a0000)
  eden space 136576K,   5% used [0x00000000e0c00000, 0x00000000e12b49e8, 0x00000000e9160000)
  from space 17024K,   4% used [0x00000000e9160000, 0x00000000e920b308, 0x00000000ea200000)
  to   space 17024K,   0% used [0x00000000ea200000, 0x00000000ea200000, 0x00000000eb2a0000)
 tenured generation   total 341376K, used 43116K [0x00000000eb2a0000, 0x0000000100000000, 0x0000000100000000)
   the space 341376K,  12% used [0x00000000eb2a0000, 0x00000000edcbb1b0, 0x00000000edcbb200, 0x0000000100000000)
 Metaspace       used 35649K, capacity 36512K, committed 36864K, reserved 1081344K
  class space    used 4827K, capacity 5042K, committed 5120K, reserved 1048576K
