12:11:02,087 |-INFO in ch.qos.logback.classic.LoggerContext[default] - Could NOT find resource [logback-test.xml]
12:11:02,087 |-INFO in ch.qos.logback.classic.LoggerContext[default] - Could NOT find resource [logback.groovy]
12:11:02,088 |-INFO in ch.qos.logback.classic.LoggerContext[default] - Found resource [logback.xml] at [jar:file:/home/nikitasokolov/flamestream/lib/flamestream-runtime-1.0-SNAPSHOT.jar!/logback.xml]
12:11:02,088 |-WARN in ch.qos.logback.classic.LoggerContext[default] - Resource [logback.xml] occurs multiple times on the classpath.
12:11:02,088 |-WARN in ch.qos.logback.classic.LoggerContext[default] - Resource [logback.xml] occurs at [jar:file:/home/nikitasokolov/flamestream/lib/flamestream-runtime-1.0-SNAPSHOT.jar!/logback.xml]
12:11:02,088 |-WARN in ch.qos.logback.classic.LoggerContext[default] - Resource [logback.xml] occurs at [jar:file:/home/nikitasokolov/flamestream/flamestream-runtime-1.0-SNAPSHOT.jar!/logback.xml]
12:11:02,107 |-INFO in ch.qos.logback.core.joran.spi.ConfigurationWatchList@6108b2d7 - URL [jar:file:/home/nikitasokolov/flamestream/lib/flamestream-runtime-1.0-SNAPSHOT.jar!/logback.xml] is not of type file
12:11:02,158 |-INFO in ch.qos.logback.classic.joran.action.ConfigurationAction - debug attribute not set
12:11:02,159 |-INFO in ch.qos.logback.core.joran.action.AppenderAction - About to instantiate appender of type [ch.qos.logback.core.ConsoleAppender]
12:11:02,167 |-INFO in ch.qos.logback.core.joran.action.AppenderAction - Naming appender as [STDOUT]
12:11:02,174 |-INFO in ch.qos.logback.core.joran.action.NestedComplexPropertyIA - Assuming default type [ch.qos.logback.classic.encoder.PatternLayoutEncoder] for [encoder] property
12:11:02,229 |-INFO in ch.qos.logback.core.joran.action.AppenderAction - About to instantiate appender of type [ch.qos.logback.core.rolling.RollingFileAppender]
12:11:02,235 |-INFO in ch.qos.logback.core.joran.action.AppenderAction - Naming appender as [FILE]
12:11:02,257 |-INFO in c.q.l.core.rolling.TimeBasedRollingPolicy@357863579 - No compression will be used
12:11:02,258 |-INFO in c.q.l.core.rolling.TimeBasedRollingPolicy@357863579 - Will use the pattern /tmp/application_%d{yyyy-MM-dd}.%i.log for the active file
12:11:02,261 |-INFO in ch.qos.logback.core.rolling.SizeAndTimeBasedFNATP@6bf256fa - The date pattern is 'yyyy-MM-dd' from file name pattern '/tmp/application_%d{yyyy-MM-dd}.%i.log'.
12:11:02,261 |-INFO in ch.qos.logback.core.rolling.SizeAndTimeBasedFNATP@6bf256fa - Roll-over at midnight.
12:11:02,265 |-INFO in ch.qos.logback.core.rolling.SizeAndTimeBasedFNATP@6bf256fa - Setting initial period to Sun Jun 09 12:10:14 MSK 2019
12:11:02,265 |-WARN in ch.qos.logback.core.rolling.SizeAndTimeBasedFNATP@6bf256fa - SizeAndTimeBasedFNATP is deprecated. Use SizeAndTimeBasedRollingPolicy instead
12:11:02,265 |-WARN in ch.qos.logback.core.rolling.SizeAndTimeBasedFNATP@6bf256fa - For more information see http://logback.qos.ch/manual/appenders.html#SizeAndTimeBasedRollingPolicy
12:11:02,270 |-INFO in ch.qos.logback.core.joran.action.NestedComplexPropertyIA - Assuming default type [ch.qos.logback.classic.encoder.PatternLayoutEncoder] for [encoder] property
12:11:02,272 |-INFO in ch.qos.logback.core.rolling.RollingFileAppender[FILE] - Active log file name: /tmp/application.log
12:11:02,272 |-INFO in ch.qos.logback.core.rolling.RollingFileAppender[FILE] - File property is set to [/tmp/application.log]
12:11:02,273 |-INFO in ch.qos.logback.classic.joran.action.RootLoggerAction - Setting level of ROOT logger to WARN
12:11:02,273 |-INFO in ch.qos.logback.core.joran.action.AppenderRefAction - Attaching appender named [STDOUT] to Logger[ROOT]
12:11:02,274 |-INFO in ch.qos.logback.core.joran.action.AppenderRefAction - Attaching appender named [FILE] to Logger[ROOT]
12:11:02,274 |-INFO in ch.qos.logback.classic.joran.action.ConfigurationAction - End of configuration.
12:11:02,274 |-INFO in ch.qos.logback.classic.joran.JoranConfigurator@6cd8737 - Registering current configuration as safe fallback point

2019-06-09T12:11:03.317+0300: 1.426: [GC (Metadata GC Threshold) [PSYoungGen: 110722K->15837K(149504K)] 110722K->15917K(491008K), 0.0218356 secs] [Times: user=0.08 sys=0.03, real=0.03 secs] 
2019-06-09T12:11:03.339+0300: 1.448: [Full GC (Metadata GC Threshold) [PSYoungGen: 15837K->0K(149504K)] [ParOldGen: 80K->15078K(341504K)] 15917K->15078K(491008K), [Metaspace: 20802K->20802K(1067008K)], 0.0262367 secs] [Times: user=0.18 sys=0.00, real=0.02 secs] 
12:11:10.839 [Curator-PathChildrenCache-2] WARN  o.a.c.u.ZKPaths  - The version of ZooKeeper being used doesn't support Container nodes. CreateMode.PERSISTENT will be used instead.
2019-06-09T12:11:11.550+0300: 9.660: [GC (Metadata GC Threshold) [PSYoungGen: 124771K->16644K(149504K)] 139850K->51261K(491008K), 0.0335306 secs] [Times: user=0.29 sys=0.02, real=0.03 secs] 
2019-06-09T12:11:11.584+0300: 9.693: [Full GC (Metadata GC Threshold) [PSYoungGen: 16644K->0K(149504K)] [ParOldGen: 34617K->39760K(341504K)] 51261K->39760K(491008K), [Metaspace: 34472K->34472K(1079296K)], 0.0388798 secs] [Times: user=0.19 sys=0.02, real=0.04 secs] 
2019-06-09T12:11:19.058+0300: 17.167: [GC (Allocation Failure) [PSYoungGen: 128512K->544K(149504K)] 168272K->40312K(491008K), 0.0041790 secs] [Times: user=0.03 sys=0.00, real=0.00 secs] 
2019-06-09T12:11:27.270+0300: 25.380: [GC (Allocation Failure) [PSYoungGen: 129056K->544K(149504K)] 168824K->40320K(491008K), 0.0056882 secs] [Times: user=0.05 sys=0.00, real=0.00 secs] 
2019-06-09T12:11:35.518+0300: 33.627: [GC (Allocation Failure) [PSYoungGen: 129056K->672K(129536K)] 168832K->40456K(471040K), 0.0056941 secs] [Times: user=0.04 sys=0.00, real=0.00 secs] 
2019-06-09T12:11:43.941+0300: 42.051: [GC (Allocation Failure) [PSYoungGen: 129184K->640K(149504K)] 168968K->40424K(491008K), 0.0044208 secs] [Times: user=0.01 sys=0.01, real=0.00 secs] 
2019-06-09T12:11:52.294+0300: 50.404: [GC (Allocation Failure) [PSYoungGen: 128128K->672K(148480K)] 167912K->40464K(489984K), 0.0025677 secs] [Times: user=0.01 sys=0.01, real=0.00 secs] 
2019-06-09T12:12:00.656+0300: 58.766: [GC (Allocation Failure) [PSYoungGen: 128160K->640K(151040K)] 167952K->40432K(492544K), 0.0048145 secs] [Times: user=0.02 sys=0.00, real=0.01 secs] 
2019-06-09T12:12:10.469+0300: 68.578: [GC (Allocation Failure) [PSYoungGen: 131200K->1143K(150016K)] 170992K->40943K(491520K), 0.0035660 secs] [Times: user=0.01 sys=0.00, real=0.01 secs] 
2019-06-09T12:12:21.472+0300: 79.581: [GC (Allocation Failure) [PSYoungGen: 131703K->768K(153088K)] 171503K->40576K(494592K), 0.0028023 secs] [Times: user=0.01 sys=0.00, real=0.00 secs] 
12:12:38.706 [Curator-PathChildrenCache-0] ERROR o.a.c.f.r.c.PathChildrenCache  - 
java.lang.IllegalStateException: instance must be started before calling this method
	at org.apache.curator.shaded.com.google.common.base.Preconditions.checkState(Preconditions.java:444)
	at org.apache.curator.framework.imps.CuratorFrameworkImpl.getChildren(CuratorFrameworkImpl.java:456)
	at org.apache.curator.framework.recipes.cache.PathChildrenCache.refresh(PathChildrenCache.java:521)
	at org.apache.curator.framework.recipes.cache.RefreshOperation.invoke(RefreshOperation.java:35)
	at org.apache.curator.framework.recipes.cache.PathChildrenCache$9.run(PathChildrenCache.java:786)
	at java.util.concurrent.Executors$RunnableAdapter.call(Executors.java:511)
	at java.util.concurrent.FutureTask.run(FutureTask.java:266)
	at java.util.concurrent.Executors$RunnableAdapter.call(Executors.java:511)
	at java.util.concurrent.FutureTask.run(FutureTask.java:266)
	at java.util.concurrent.ThreadPoolExecutor.runWorker(ThreadPoolExecutor.java:1149)
	at java.util.concurrent.ThreadPoolExecutor$Worker.run(ThreadPoolExecutor.java:624)
	at java.lang.Thread.run(Thread.java:748)
Heap
 PSYoungGen      total 153088K, used 90068K [0x00000000f5980000, 0x0000000100000000, 0x0000000100000000)
  eden space 134656K, 66% used [0x00000000f5980000,0x00000000fb0b5080,0x00000000fdd00000)
  from space 18432K, 4% used [0x00000000fee00000,0x00000000feec00b0,0x0000000100000000)
  to   space 17408K, 0% used [0x00000000fdd00000,0x00000000fdd00000,0x00000000fee00000)
 ParOldGen       total 341504K, used 39808K [0x00000000e0c00000, 0x00000000f5980000, 0x00000000f5980000)
  object space 341504K, 11% used [0x00000000e0c00000,0x00000000e32e01e8,0x00000000f5980000)
 Metaspace       used 36356K, capacity 37330K, committed 37464K, reserved 1081344K
  class space    used 5016K, capacity 5219K, committed 5248K, reserved 1048576K
