08:29:42,476 |-INFO in ch.qos.logback.classic.LoggerContext[default] - Could NOT find resource [logback-test.xml]
08:29:42,477 |-INFO in ch.qos.logback.classic.LoggerContext[default] - Could NOT find resource [logback.groovy]
08:29:42,477 |-INFO in ch.qos.logback.classic.LoggerContext[default] - Found resource [logback.xml] at [jar:file:/root/flamestream/lib/flamestream-runtime-1.0-SNAPSHOT.jar!/logback.xml]
08:29:42,482 |-WARN in ch.qos.logback.classic.LoggerContext[default] - Resource [logback.xml] occurs multiple times on the classpath.
08:29:42,482 |-WARN in ch.qos.logback.classic.LoggerContext[default] - Resource [logback.xml] occurs at [jar:file:/root/flamestream/lib/flamestream-runtime-1.0-SNAPSHOT.jar!/logback.xml]
08:29:42,482 |-WARN in ch.qos.logback.classic.LoggerContext[default] - Resource [logback.xml] occurs at [jar:file:/root/flamestream/flamestream-runtime-1.0-SNAPSHOT.jar!/logback.xml]
08:29:42,502 |-INFO in ch.qos.logback.core.joran.spi.ConfigurationWatchList@3fb6a447 - URL [jar:file:/root/flamestream/lib/flamestream-runtime-1.0-SNAPSHOT.jar!/logback.xml] is not of type file
08:29:42,575 |-INFO in ch.qos.logback.classic.joran.action.ConfigurationAction - debug attribute not set
08:29:42,576 |-INFO in ch.qos.logback.core.joran.action.AppenderAction - About to instantiate appender of type [ch.qos.logback.core.ConsoleAppender]
08:29:42,592 |-INFO in ch.qos.logback.core.joran.action.AppenderAction - Naming appender as [STDOUT]
08:29:42,608 |-INFO in ch.qos.logback.core.joran.action.NestedComplexPropertyIA - Assuming default type [ch.qos.logback.classic.encoder.PatternLayoutEncoder] for [encoder] property
08:29:42,697 |-INFO in ch.qos.logback.core.joran.action.AppenderAction - About to instantiate appender of type [ch.qos.logback.core.rolling.RollingFileAppender]
08:29:42,706 |-INFO in ch.qos.logback.core.joran.action.AppenderAction - Naming appender as [FILE]
08:29:42,738 |-INFO in c.q.l.core.rolling.TimeBasedRollingPolicy@127618319 - No compression will be used
08:29:42,739 |-INFO in c.q.l.core.rolling.TimeBasedRollingPolicy@127618319 - Will use the pattern /tmp/application_%d{yyyy-MM-dd}.%i.log for the active file
08:29:42,742 |-INFO in ch.qos.logback.core.rolling.SizeAndTimeBasedFNATP@6b2fad11 - The date pattern is 'yyyy-MM-dd' from file name pattern '/tmp/application_%d{yyyy-MM-dd}.%i.log'.
08:29:42,742 |-INFO in ch.qos.logback.core.rolling.SizeAndTimeBasedFNATP@6b2fad11 - Roll-over at midnight.
08:29:42,747 |-INFO in ch.qos.logback.core.rolling.SizeAndTimeBasedFNATP@6b2fad11 - Setting initial period to Tue Jun 11 08:28:18 UTC 2019
08:29:42,747 |-WARN in ch.qos.logback.core.rolling.SizeAndTimeBasedFNATP@6b2fad11 - SizeAndTimeBasedFNATP is deprecated. Use SizeAndTimeBasedRollingPolicy instead
08:29:42,747 |-WARN in ch.qos.logback.core.rolling.SizeAndTimeBasedFNATP@6b2fad11 - For more information see http://logback.qos.ch/manual/appenders.html#SizeAndTimeBasedRollingPolicy
08:29:42,751 |-INFO in ch.qos.logback.core.joran.action.NestedComplexPropertyIA - Assuming default type [ch.qos.logback.classic.encoder.PatternLayoutEncoder] for [encoder] property
08:29:42,756 |-INFO in ch.qos.logback.core.rolling.RollingFileAppender[FILE] - Active log file name: /tmp/application.log
08:29:42,756 |-INFO in ch.qos.logback.core.rolling.RollingFileAppender[FILE] - File property is set to [/tmp/application.log]
08:29:42,757 |-INFO in ch.qos.logback.classic.joran.action.RootLoggerAction - Setting level of ROOT logger to WARN
08:29:42,757 |-INFO in ch.qos.logback.core.joran.action.AppenderRefAction - Attaching appender named [STDOUT] to Logger[ROOT]
08:29:42,759 |-INFO in ch.qos.logback.core.joran.action.AppenderRefAction - Attaching appender named [FILE] to Logger[ROOT]
08:29:42,759 |-INFO in ch.qos.logback.classic.joran.action.ConfigurationAction - End of configuration.
08:29:42,760 |-INFO in ch.qos.logback.classic.joran.JoranConfigurator@79698539 - Registering current configuration as safe fallback point

Ama winner
Ama winner
2019-06-11T08:29:44.053+0000: 1.762: [Full GC (Metadata GC Threshold) 2019-06-11T08:29:44.053+0000: 1.762: [Tenured: 0K->15175K(341376K), 0.0401584 secs] 114923K->15175K(494976K), [Metaspace: 20727K->20727K(1067008K)], 0.0402266 secs] [Times: user=0.03 sys=0.00, real=0.04 secs] 
08:30:02.231 [Curator-PathChildrenCache-1] WARN  o.a.c.u.ZKPaths  - The version of ZooKeeper being used doesn't support Container nodes. CreateMode.PERSISTENT will be used instead.
2019-06-11T08:30:04.677+0000: 22.387: [GC (Allocation Failure) 2019-06-11T08:30:04.677+0000: 22.387: [DefNew: 136576K->17023K(153600K), 0.0309276 secs] 151751K->52584K(494976K), 0.0310094 secs] [Times: user=0.02 sys=0.01, real=0.03 secs] 
2019-06-11T08:30:07.931+0000: 25.640: [Full GC (Metadata GC Threshold) 2019-06-11T08:30:07.931+0000: 25.640: [Tenured: 35560K->44096K(341376K), 0.0516379 secs] 119088K->44096K(494976K), [Metaspace: 34582K->34582K(1079296K)], 0.0517175 secs] [Times: user=0.05 sys=0.00, real=0.05 secs] 
2019-06-11T08:30:15.035+0000: 32.746: [GC (Allocation Failure) 2019-06-11T08:30:15.036+0000: 32.746: [DefNew: 136576K->112K(153600K), 0.0018790 secs] 180672K->44209K(494976K), 0.0030066 secs] [Times: user=0.01 sys=0.00, real=0.01 secs] 
2019-06-11T08:30:22.088+0000: 39.798: [GC (Allocation Failure) 2019-06-11T08:30:22.088+0000: 39.798: [DefNew: 136688K->112K(153600K), 0.0018495 secs] 180785K->44209K(494976K), 0.0019082 secs] [Times: user=0.00 sys=0.00, real=0.00 secs] 
2019-06-11T08:30:29.228+0000: 46.937: [GC (Allocation Failure) 2019-06-11T08:30:29.228+0000: 46.937: [DefNew: 136688K->109K(153600K), 0.0018018 secs] 180785K->44206K(494976K), 0.0018574 secs] [Times: user=0.01 sys=0.00, real=0.00 secs] 
2019-06-11T08:30:36.428+0000: 54.138: [GC (Allocation Failure) 2019-06-11T08:30:36.428+0000: 54.138: [DefNew: 136685K->110K(153600K), 0.0018006 secs] 180782K->44207K(494976K), 0.0018619 secs] [Times: user=0.00 sys=0.00, real=0.00 secs] 
2019-06-11T08:30:43.670+0000: 61.379: [GC (Allocation Failure) 2019-06-11T08:30:43.670+0000: 61.379: [DefNew: 136686K->113K(153600K), 0.0018236 secs] 180783K->44210K(494976K), 0.0018909 secs] [Times: user=0.00 sys=0.00, real=0.00 secs] 
08:30:51.367 [Curator-PathChildrenCache-0] ERROR o.a.c.f.r.c.PathChildrenCache  - 
java.lang.IllegalStateException: instance must be started before calling this method
	at org.apache.curator.shaded.com.google.common.base.Preconditions.checkState(Preconditions.java:444)
	at org.apache.curator.framework.imps.CuratorFrameworkImpl.getChildren(CuratorFrameworkImpl.java:456)
	at org.apache.curator.framework.recipes.cache.PathChildrenCache.refresh(PathChildrenCache.java:521)
	at org.apache.curator.framework.recipes.cache.RefreshOperation.invoke(RefreshOperation.java:35)
	at org.apache.curator.framework.recipes.cache.PathChildrenCache$9.run(PathChildrenCache.java:786)
	at java.util.concurrent.Executors$RunnableAdapter.call(Executors.java:511)
	at java.util.concurrent.FutureTask.run(FutureTask.java:266)
	at java.util.concurrent.Executors$RunnableAdapter.call(Executors.java:511)
	at java.util.concurrent.FutureTask.run(FutureTask.java:266)
	at java.util.concurrent.ThreadPoolExecutor.runWorker(ThreadPoolExecutor.java:1149)
	at java.util.concurrent.ThreadPoolExecutor$Worker.run(ThreadPoolExecutor.java:624)
	at java.lang.Thread.run(Thread.java:748)
Heap
 def new generation   total 153600K, used 75621K [0x00000000e0c00000, 0x00000000eb2a0000, 0x00000000eb2a0000)
  eden space 136576K,  55% used [0x00000000e0c00000, 0x00000000e55bd0c8, 0x00000000e9160000)
  from space 17024K,   0% used [0x00000000e9160000, 0x00000000e917c5f8, 0x00000000ea200000)
  to   space 17024K,   0% used [0x00000000ea200000, 0x00000000ea200000, 0x00000000eb2a0000)
 tenured generation   total 341376K, used 44096K [0x00000000eb2a0000, 0x0000000100000000, 0x0000000100000000)
   the space 341376K,  12% used [0x00000000eb2a0000, 0x00000000eddb03d8, 0x00000000eddb0400, 0x0000000100000000)
 Metaspace       used 36190K, capacity 37068K, committed 37376K, reserved 1081344K
  class space    used 4869K, capacity 5076K, committed 5120K, reserved 1048576K
