22:24:42,595 |-INFO in ch.qos.logback.classic.LoggerContext[default] - Could NOT find resource [logback-test.xml]
22:24:42,595 |-INFO in ch.qos.logback.classic.LoggerContext[default] - Could NOT find resource [logback.groovy]
22:24:42,595 |-INFO in ch.qos.logback.classic.LoggerContext[default] - Found resource [logback.xml] at [jar:file:/home/nikitasokolov/flamestream/lib/flamestream-runtime-1.0-SNAPSHOT.jar!/logback.xml]
22:24:42,596 |-WARN in ch.qos.logback.classic.LoggerContext[default] - Resource [logback.xml] occurs multiple times on the classpath.
22:24:42,596 |-WARN in ch.qos.logback.classic.LoggerContext[default] - Resource [logback.xml] occurs at [jar:file:/home/nikitasokolov/flamestream/lib/flamestream-runtime-1.0-SNAPSHOT.jar!/logback.xml]
22:24:42,596 |-WARN in ch.qos.logback.classic.LoggerContext[default] - Resource [logback.xml] occurs at [jar:file:/home/nikitasokolov/flamestream/flamestream-runtime-1.0-SNAPSHOT.jar!/logback.xml]
22:24:42,611 |-INFO in ch.qos.logback.core.joran.spi.ConfigurationWatchList@2f7a2457 - URL [jar:file:/home/nikitasokolov/flamestream/lib/flamestream-runtime-1.0-SNAPSHOT.jar!/logback.xml] is not of type file
22:24:42,663 |-INFO in ch.qos.logback.classic.joran.action.ConfigurationAction - debug attribute not set
22:24:42,664 |-INFO in ch.qos.logback.core.joran.action.AppenderAction - About to instantiate appender of type [ch.qos.logback.core.ConsoleAppender]
22:24:42,671 |-INFO in ch.qos.logback.core.joran.action.AppenderAction - Naming appender as [STDOUT]
22:24:42,678 |-INFO in ch.qos.logback.core.joran.action.NestedComplexPropertyIA - Assuming default type [ch.qos.logback.classic.encoder.PatternLayoutEncoder] for [encoder] property
22:24:42,733 |-INFO in ch.qos.logback.core.joran.action.AppenderAction - About to instantiate appender of type [ch.qos.logback.core.rolling.RollingFileAppender]
22:24:42,738 |-INFO in ch.qos.logback.core.joran.action.AppenderAction - Naming appender as [FILE]
22:24:42,760 |-INFO in c.q.l.core.rolling.TimeBasedRollingPolicy@1449621165 - No compression will be used
22:24:42,761 |-INFO in c.q.l.core.rolling.TimeBasedRollingPolicy@1449621165 - Will use the pattern /tmp/application_%d{yyyy-MM-dd}.%i.log for the active file
22:24:42,764 |-INFO in ch.qos.logback.core.rolling.SizeAndTimeBasedFNATP@6108b2d7 - The date pattern is 'yyyy-MM-dd' from file name pattern '/tmp/application_%d{yyyy-MM-dd}.%i.log'.
22:24:42,764 |-INFO in ch.qos.logback.core.rolling.SizeAndTimeBasedFNATP@6108b2d7 - Roll-over at midnight.
22:24:42,768 |-INFO in ch.qos.logback.core.rolling.SizeAndTimeBasedFNATP@6108b2d7 - Setting initial period to Tue May 28 22:23:56 MSK 2019
22:24:42,768 |-WARN in ch.qos.logback.core.rolling.SizeAndTimeBasedFNATP@6108b2d7 - SizeAndTimeBasedFNATP is deprecated. Use SizeAndTimeBasedRollingPolicy instead
22:24:42,768 |-WARN in ch.qos.logback.core.rolling.SizeAndTimeBasedFNATP@6108b2d7 - For more information see http://logback.qos.ch/manual/appenders.html#SizeAndTimeBasedRollingPolicy
22:24:42,772 |-INFO in ch.qos.logback.core.joran.action.NestedComplexPropertyIA - Assuming default type [ch.qos.logback.classic.encoder.PatternLayoutEncoder] for [encoder] property
22:24:42,775 |-INFO in ch.qos.logback.core.rolling.RollingFileAppender[FILE] - Active log file name: /tmp/application.log
22:24:42,775 |-INFO in ch.qos.logback.core.rolling.RollingFileAppender[FILE] - File property is set to [/tmp/application.log]
22:24:42,776 |-INFO in ch.qos.logback.classic.joran.action.RootLoggerAction - Setting level of ROOT logger to WARN
22:24:42,776 |-INFO in ch.qos.logback.core.joran.action.AppenderRefAction - Attaching appender named [STDOUT] to Logger[ROOT]
22:24:42,777 |-INFO in ch.qos.logback.core.joran.action.AppenderRefAction - Attaching appender named [FILE] to Logger[ROOT]
22:24:42,777 |-INFO in ch.qos.logback.classic.joran.action.ConfigurationAction - End of configuration.
22:24:42,777 |-INFO in ch.qos.logback.classic.joran.JoranConfigurator@1554909b - Registering current configuration as safe fallback point

2019-05-28T22:24:43.780+0300: 1.378: [GC (Metadata GC Threshold) [PSYoungGen: 95239K->15832K(149504K)] 95239K->15912K(491008K), 0.0199426 secs] [Times: user=0.12 sys=0.01, real=0.02 secs] 
2019-05-28T22:24:43.800+0300: 1.398: [Full GC (Metadata GC Threshold) [PSYoungGen: 15832K->0K(149504K)] [ParOldGen: 80K->14983K(341504K)] 15912K->14983K(491008K), [Metaspace: 20805K->20805K(1067008K)], 0.0244800 secs] [Times: user=0.16 sys=0.01, real=0.03 secs] 
22:24:50.812 [Curator-PathChildrenCache-2] WARN  o.a.c.u.ZKPaths  - The version of ZooKeeper being used doesn't support Container nodes. CreateMode.PERSISTENT will be used instead.
2019-05-28T22:24:51.472+0300: 9.071: [GC (Metadata GC Threshold) [PSYoungGen: 128227K->20991K(149504K)] 143210K->51022K(491008K), 0.0220396 secs] [Times: user=0.18 sys=0.02, real=0.02 secs] 
2019-05-28T22:24:51.494+0300: 9.093: [Full GC (Metadata GC Threshold) [PSYoungGen: 20991K->0K(149504K)] [ParOldGen: 30031K->39968K(341504K)] 51022K->39968K(491008K), [Metaspace: 34508K->34508K(1079296K)], 0.0349278 secs] [Times: user=0.17 sys=0.01, real=0.03 secs] 
2019-05-28T22:24:53.662+0300: 11.261: [GC (Allocation Failure) [PSYoungGen: 128512K->736K(149504K)] 168480K->40712K(491008K), 0.0043653 secs] [Times: user=0.01 sys=0.01, real=0.01 secs] 
2019-05-28T22:24:55.806+0300: 13.405: [GC (Allocation Failure) [PSYoungGen: 129248K->672K(149504K)] 169224K->40656K(491008K), 0.0031526 secs] [Times: user=0.01 sys=0.00, real=0.00 secs] 
2019-05-28T22:24:57.310+0300: 14.908: [GC (Allocation Failure) [PSYoungGen: 129184K->704K(129536K)] 169168K->40696K(471040K), 0.0027032 secs] [Times: user=0.02 sys=0.00, real=0.01 secs] 
2019-05-28T22:24:59.104+0300: 16.703: [GC (Allocation Failure) [PSYoungGen: 129216K->768K(132096K)] 169208K->40768K(473600K), 0.0036406 secs] [Times: user=0.03 sys=0.00, real=0.00 secs] 
2019-05-28T22:25:00.227+0300: 17.826: [GC (Allocation Failure) [PSYoungGen: 91904K->768K(129536K)] 131904K->40776K(471040K), 0.0047264 secs] [Times: user=0.02 sys=0.00, real=0.01 secs] 
2019-05-28T22:25:01.178+0300: 18.776: [GC (Allocation Failure) [PSYoungGen: 91904K->864K(136192K)] 131912K->40880K(477696K), 0.0024680 secs] [Times: user=0.01 sys=0.00, real=0.00 secs] 
2019-05-28T22:25:02.122+0300: 19.720: [GC (Allocation Failure) [PSYoungGen: 100704K->768K(134144K)] 140720K->40792K(475648K), 0.0028976 secs] [Times: user=0.02 sys=0.00, real=0.01 secs] 
2019-05-28T22:25:03.126+0300: 20.725: [GC (Allocation Failure) [PSYoungGen: 100608K->864K(139264K)] 140632K->40896K(480768K), 0.0022941 secs] [Times: user=0.02 sys=0.00, real=0.00 secs] 
2019-05-28T22:25:04.413+0300: 22.011: [GC (Allocation Failure) [PSYoungGen: 107360K->736K(137728K)] 147392K->40776K(479232K), 0.0025526 secs] [Times: user=0.02 sys=0.00, real=0.00 secs] 
2019-05-28T22:25:05.425+0300: 23.024: [GC (Allocation Failure) [PSYoungGen: 107232K->736K(142848K)] 147272K->40784K(484352K), 0.0090623 secs] [Times: user=0.08 sys=0.00, real=0.01 secs] 
2019-05-28T22:25:06.536+0300: 24.134: [GC (Allocation Failure) [PSYoungGen: 114400K->768K(141312K)] 154448K->40824K(482816K), 0.0033028 secs] [Times: user=0.02 sys=0.01, real=0.00 secs] 
2019-05-28T22:25:07.736+0300: 25.335: [GC (Allocation Failure) [PSYoungGen: 114432K->832K(145920K)] 154488K->40896K(487424K), 0.0699335 secs] [Times: user=0.01 sys=0.01, real=0.07 secs] 
2019-05-28T22:25:08.901+0300: 26.500: [GC (Allocation Failure) [PSYoungGen: 120640K->800K(144384K)] 160704K->40872K(485888K), 0.0048383 secs] [Times: user=0.04 sys=0.00, real=0.01 secs] 
2019-05-28T22:25:10.070+0300: 27.669: [GC (Allocation Failure) [PSYoungGen: 120608K->768K(148480K)] 160680K->40848K(489984K), 0.0021641 secs] [Times: user=0.01 sys=0.00, real=0.01 secs] 
2019-05-28T22:25:11.267+0300: 28.866: [GC (Allocation Failure) [PSYoungGen: 126208K->800K(147456K)] 166288K->40888K(488960K), 0.0027932 secs] [Times: user=0.02 sys=0.01, real=0.00 secs] 
2019-05-28T22:25:12.895+0300: 30.493: [GC (Allocation Failure) [PSYoungGen: 126240K->608K(151040K)] 166328K->41088K(492544K), 0.0668909 secs] [Times: user=0.01 sys=0.00, real=0.06 secs] 
2019-05-28T22:25:14.203+0300: 31.802: [GC (Allocation Failure) [PSYoungGen: 131168K->512K(150016K)] 171648K->41080K(491520K), 0.0048706 secs] [Times: user=0.03 sys=0.00, real=0.00 secs] 
2019-05-28T22:25:15.520+0300: 33.118: [GC (Allocation Failure) [PSYoungGen: 131072K->512K(153600K)] 171640K->41144K(495104K), 0.0029305 secs] [Times: user=0.01 sys=0.00, real=0.00 secs] 
2019-05-28T22:25:17.035+0300: 34.634: [GC (Allocation Failure) [PSYoungGen: 136192K->320K(152576K)] 176824K->41024K(494080K), 0.0088651 secs] [Times: user=0.08 sys=0.00, real=0.01 secs] 
2019-05-28T22:25:18.801+0300: 36.400: [GC (Allocation Failure) [PSYoungGen: 136000K->480K(155648K)] 176704K->41224K(497152K), 0.0033462 secs] [Times: user=0.01 sys=0.00, real=0.01 secs] 
2019-05-28T22:25:20.891+0300: 38.490: [GC (Allocation Failure) [PSYoungGen: 140256K->384K(154624K)] 181000K->41136K(496128K), 0.0020752 secs] [Times: user=0.01 sys=0.00, real=0.00 secs] 
22:25:26.012 [Curator-PathChildrenCache-0] ERROR o.a.c.f.r.c.PathChildrenCache  - 
java.lang.IllegalStateException: instance must be started before calling this method
	at org.apache.curator.shaded.com.google.common.base.Preconditions.checkState(Preconditions.java:444)
	at org.apache.curator.framework.imps.CuratorFrameworkImpl.getChildren(CuratorFrameworkImpl.java:456)
	at org.apache.curator.framework.recipes.cache.PathChildrenCache.refresh(PathChildrenCache.java:521)
	at org.apache.curator.framework.recipes.cache.RefreshOperation.invoke(RefreshOperation.java:35)
	at org.apache.curator.framework.recipes.cache.PathChildrenCache$9.run(PathChildrenCache.java:786)
	at java.util.concurrent.Executors$RunnableAdapter.call(Executors.java:511)
	at java.util.concurrent.FutureTask.run(FutureTask.java:266)
	at java.util.concurrent.Executors$RunnableAdapter.call(Executors.java:511)
	at java.util.concurrent.FutureTask.run(FutureTask.java:266)
	at java.util.concurrent.ThreadPoolExecutor.runWorker(ThreadPoolExecutor.java:1149)
	at java.util.concurrent.ThreadPoolExecutor$Worker.run(ThreadPoolExecutor.java:624)
	at java.lang.Thread.run(Thread.java:748)
Heap
 PSYoungGen      total 154624K, used 41705K [0x00000000f5980000, 0x0000000100000000, 0x0000000100000000)
  eden space 139776K, 29% used [0x00000000f5980000,0x00000000f81da6e0,0x00000000fe200000)
  from space 14848K, 2% used [0x00000000fe200000,0x00000000fe260010,0x00000000ff080000)
  to   space 13824K, 0% used [0x00000000ff280000,0x00000000ff280000,0x0000000100000000)
 ParOldGen       total 341504K, used 40752K [0x00000000e0c00000, 0x00000000f5980000, 0x00000000f5980000)
  object space 341504K, 11% used [0x00000000e0c00000,0x00000000e33cc1b8,0x00000000f5980000)
 Metaspace       used 36102K, capacity 37166K, committed 37464K, reserved 1081344K
  class space    used 4982K, capacity 5193K, committed 5248K, reserved 1048576K
