19:45:00,345 |-INFO in ch.qos.logback.classic.LoggerContext[default] - Could NOT find resource [logback-test.xml]
19:45:00,346 |-INFO in ch.qos.logback.classic.LoggerContext[default] - Could NOT find resource [logback.groovy]
19:45:00,346 |-INFO in ch.qos.logback.classic.LoggerContext[default] - Found resource [logback.xml] at [jar:file:/root/flamestream/lib/flamestream-runtime-1.0-SNAPSHOT.jar!/logback.xml]
19:45:00,346 |-WARN in ch.qos.logback.classic.LoggerContext[default] - Resource [logback.xml] occurs multiple times on the classpath.
19:45:00,346 |-WARN in ch.qos.logback.classic.LoggerContext[default] - Resource [logback.xml] occurs at [jar:file:/root/flamestream/lib/flamestream-runtime-1.0-SNAPSHOT.jar!/logback.xml]
19:45:00,347 |-WARN in ch.qos.logback.classic.LoggerContext[default] - Resource [logback.xml] occurs at [jar:file:/root/flamestream/flamestream-runtime-1.0-SNAPSHOT.jar!/logback.xml]
19:45:00,368 |-INFO in ch.qos.logback.core.joran.spi.ConfigurationWatchList@3fb6a447 - URL [jar:file:/root/flamestream/lib/flamestream-runtime-1.0-SNAPSHOT.jar!/logback.xml] is not of type file
19:45:00,439 |-INFO in ch.qos.logback.classic.joran.action.ConfigurationAction - debug attribute not set
19:45:00,439 |-INFO in ch.qos.logback.core.joran.action.AppenderAction - About to instantiate appender of type [ch.qos.logback.core.ConsoleAppender]
19:45:00,459 |-INFO in ch.qos.logback.core.joran.action.AppenderAction - Naming appender as [STDOUT]
19:45:00,477 |-INFO in ch.qos.logback.core.joran.action.NestedComplexPropertyIA - Assuming default type [ch.qos.logback.classic.encoder.PatternLayoutEncoder] for [encoder] property
19:45:00,554 |-INFO in ch.qos.logback.core.joran.action.AppenderAction - About to instantiate appender of type [ch.qos.logback.core.rolling.RollingFileAppender]
19:45:00,560 |-INFO in ch.qos.logback.core.joran.action.AppenderAction - Naming appender as [FILE]
19:45:00,592 |-INFO in c.q.l.core.rolling.TimeBasedRollingPolicy@127618319 - No compression will be used
19:45:00,593 |-INFO in c.q.l.core.rolling.TimeBasedRollingPolicy@127618319 - Will use the pattern /tmp/application_%d{yyyy-MM-dd}.%i.log for the active file
19:45:00,596 |-INFO in ch.qos.logback.core.rolling.SizeAndTimeBasedFNATP@6b2fad11 - The date pattern is 'yyyy-MM-dd' from file name pattern '/tmp/application_%d{yyyy-MM-dd}.%i.log'.
19:45:00,596 |-INFO in ch.qos.logback.core.rolling.SizeAndTimeBasedFNATP@6b2fad11 - Roll-over at midnight.
19:45:00,601 |-INFO in ch.qos.logback.core.rolling.SizeAndTimeBasedFNATP@6b2fad11 - Setting initial period to Mon Jun 10 19:43:27 UTC 2019
19:45:00,601 |-WARN in ch.qos.logback.core.rolling.SizeAndTimeBasedFNATP@6b2fad11 - SizeAndTimeBasedFNATP is deprecated. Use SizeAndTimeBasedRollingPolicy instead
19:45:00,601 |-WARN in ch.qos.logback.core.rolling.SizeAndTimeBasedFNATP@6b2fad11 - For more information see http://logback.qos.ch/manual/appenders.html#SizeAndTimeBasedRollingPolicy
19:45:00,605 |-INFO in ch.qos.logback.core.joran.action.NestedComplexPropertyIA - Assuming default type [ch.qos.logback.classic.encoder.PatternLayoutEncoder] for [encoder] property
19:45:00,610 |-INFO in ch.qos.logback.core.rolling.RollingFileAppender[FILE] - Active log file name: /tmp/application.log
19:45:00,610 |-INFO in ch.qos.logback.core.rolling.RollingFileAppender[FILE] - File property is set to [/tmp/application.log]
19:45:00,610 |-INFO in ch.qos.logback.classic.joran.action.RootLoggerAction - Setting level of ROOT logger to WARN
19:45:00,611 |-INFO in ch.qos.logback.core.joran.action.AppenderRefAction - Attaching appender named [STDOUT] to Logger[ROOT]
19:45:00,612 |-INFO in ch.qos.logback.core.joran.action.AppenderRefAction - Attaching appender named [FILE] to Logger[ROOT]
19:45:00,612 |-INFO in ch.qos.logback.classic.joran.action.ConfigurationAction - End of configuration.
19:45:00,613 |-INFO in ch.qos.logback.classic.joran.JoranConfigurator@79698539 - Registering current configuration as safe fallback point

Ama winner
Ama winner
2019-06-10T19:45:01.900+0000: 1.741: [Full GC (Metadata GC Threshold) 2019-06-10T19:45:01.900+0000: 1.741: [Tenured: 0K->15208K(341376K), 0.0433501 secs] 114988K->15208K(494976K), [Metaspace: 20731K->20731K(1067008K)], 0.0434208 secs] [Times: user=0.04 sys=0.00, real=0.04 secs] 
19:45:23.359 [Curator-PathChildrenCache-1] WARN  o.a.c.u.ZKPaths  - The version of ZooKeeper being used doesn't support Container nodes. CreateMode.PERSISTENT will be used instead.
2019-06-10T19:45:25.698+0000: 25.539: [GC (Allocation Failure) 2019-06-10T19:45:25.698+0000: 25.539: [DefNew: 136576K->17023K(153600K), 0.0320221 secs] 151784K->52677K(494976K), 0.0320873 secs] [Times: user=0.02 sys=0.01, real=0.03 secs] 
2019-06-10T19:45:27.981+0000: 27.821: [Full GC (Metadata GC Threshold) 2019-06-10T19:45:27.981+0000: 27.821: [Tenured: 35653K->44203K(341376K), 0.0614295 secs] 97075K->44203K(494976K), [Metaspace: 34590K->34590K(1079296K)], 0.0615016 secs] [Times: user=0.05 sys=0.01, real=0.06 secs] 
2019-06-10T19:45:35.646+0000: 35.486: [GC (Allocation Failure) 2019-06-10T19:45:35.646+0000: 35.487: [DefNew: 136576K->123K(153600K), 0.0018039 secs] 180779K->44326K(494976K), 0.0018629 secs] [Times: user=0.00 sys=0.00, real=0.01 secs] 
2019-06-10T19:45:43.178+0000: 43.019: [GC (Allocation Failure) 2019-06-10T19:45:43.178+0000: 43.019: [DefNew: 136699K->156K(153600K), 0.0017211 secs] 180902K->44360K(494976K), 0.0017827 secs] [Times: user=0.00 sys=0.00, real=0.00 secs] 
2019-06-10T19:45:50.795+0000: 50.635: [GC (Allocation Failure) 2019-06-10T19:45:50.795+0000: 50.635: [DefNew: 136732K->165K(153600K), 0.0017706 secs] 180936K->44368K(494976K), 0.0018465 secs] [Times: user=0.00 sys=0.00, real=0.00 secs] 
2019-06-10T19:45:58.494+0000: 58.335: [GC (Allocation Failure) 2019-06-10T19:45:58.494+0000: 58.335: [DefNew: 136741K->159K(153600K), 0.0018121 secs] 180944K->44363K(494976K), 0.0018768 secs] [Times: user=0.00 sys=0.00, real=0.01 secs] 
2019-06-10T19:46:06.798+0000: 66.638: [GC (Allocation Failure) 2019-06-10T19:46:06.798+0000: 66.638: [DefNew: 136735K->498K(153600K), 0.0022990 secs] 180939K->44702K(494976K), 0.0023611 secs] [Times: user=0.00 sys=0.00, real=0.00 secs] 
19:46:20.384 [Curator-PathChildrenCache-0] ERROR o.a.c.f.r.c.PathChildrenCache  - 
java.lang.IllegalStateException: instance must be started before calling this method
	at org.apache.curator.shaded.com.google.common.base.Preconditions.checkState(Preconditions.java:444)
	at org.apache.curator.framework.imps.CuratorFrameworkImpl.getChildren(CuratorFrameworkImpl.java:456)
	at org.apache.curator.framework.recipes.cache.PathChildrenCache.refresh(PathChildrenCache.java:521)
	at org.apache.curator.framework.recipes.cache.RefreshOperation.invoke(RefreshOperation.java:35)
	at org.apache.curator.framework.recipes.cache.PathChildrenCache$9.run(PathChildrenCache.java:786)
	at java.util.concurrent.Executors$RunnableAdapter.call(Executors.java:511)
	at java.util.concurrent.FutureTask.run(FutureTask.java:266)
	at java.util.concurrent.Executors$RunnableAdapter.call(Executors.java:511)
	at java.util.concurrent.FutureTask.run(FutureTask.java:266)
	at java.util.concurrent.ThreadPoolExecutor.runWorker(ThreadPoolExecutor.java:1149)
	at java.util.concurrent.ThreadPoolExecutor$Worker.run(ThreadPoolExecutor.java:624)
	at java.lang.Thread.run(Thread.java:748)
Heap
 def new generation   total 153600K, used 97691K [0x00000000e0c00000, 0x00000000eb2a0000, 0x00000000eb2a0000)
  eden space 136576K,  71% used [0x00000000e0c00000, 0x00000000e6aea300, 0x00000000e9160000)
  from space 17024K,   2% used [0x00000000e9160000, 0x00000000e91dcaa0, 0x00000000ea200000)
  to   space 17024K,   0% used [0x00000000ea200000, 0x00000000ea200000, 0x00000000eb2a0000)
 tenured generation   total 341376K, used 44203K [0x00000000eb2a0000, 0x0000000100000000, 0x0000000100000000)
   the space 341376K,  12% used [0x00000000eb2a0000, 0x00000000eddcade0, 0x00000000eddcae00, 0x0000000100000000)
 Metaspace       used 36017K, capacity 36934K, committed 37120K, reserved 1081344K
  class space    used 4871K, capacity 5075K, committed 5120K, reserved 1048576K
