12:27:24,375 |-INFO in ch.qos.logback.classic.LoggerContext[default] - Could NOT find resource [logback-test.xml]
12:27:24,376 |-INFO in ch.qos.logback.classic.LoggerContext[default] - Could NOT find resource [logback.groovy]
12:27:24,376 |-INFO in ch.qos.logback.classic.LoggerContext[default] - Found resource [logback.xml] at [jar:file:/home/ubuntu/flamestream/lib/flamestream-runtime-1.0-SNAPSHOT.jar!/logback.xml]
12:27:24,376 |-WARN in ch.qos.logback.classic.LoggerContext[default] - Resource [logback.xml] occurs multiple times on the classpath.
12:27:24,377 |-WARN in ch.qos.logback.classic.LoggerContext[default] - Resource [logback.xml] occurs at [jar:file:/home/ubuntu/flamestream/flamestream-runtime-1.0-SNAPSHOT.jar!/logback.xml]
12:27:24,377 |-WARN in ch.qos.logback.classic.LoggerContext[default] - Resource [logback.xml] occurs at [jar:file:/home/ubuntu/flamestream/lib/flamestream-runtime-1.0-SNAPSHOT.jar!/logback.xml]
12:27:24,394 |-INFO in ch.qos.logback.core.joran.spi.ConfigurationWatchList@4678c730 - URL [jar:file:/home/ubuntu/flamestream/lib/flamestream-runtime-1.0-SNAPSHOT.jar!/logback.xml] is not of type file
12:27:24,464 |-INFO in ch.qos.logback.classic.joran.action.ConfigurationAction - debug attribute not set
12:27:24,464 |-INFO in ch.qos.logback.core.joran.action.AppenderAction - About to instantiate appender of type [ch.qos.logback.core.ConsoleAppender]
12:27:24,481 |-INFO in ch.qos.logback.core.joran.action.AppenderAction - Naming appender as [STDOUT]
12:27:24,499 |-INFO in ch.qos.logback.core.joran.action.NestedComplexPropertyIA - Assuming default type [ch.qos.logback.classic.encoder.PatternLayoutEncoder] for [encoder] property
12:27:24,595 |-INFO in ch.qos.logback.core.joran.action.AppenderAction - About to instantiate appender of type [ch.qos.logback.core.rolling.RollingFileAppender]
12:27:24,603 |-INFO in ch.qos.logback.core.joran.action.AppenderAction - Naming appender as [FILE]
12:27:24,643 |-INFO in c.q.l.core.rolling.TimeBasedRollingPolicy@1734853116 - No compression will be used
12:27:24,649 |-INFO in c.q.l.core.rolling.TimeBasedRollingPolicy@1734853116 - Will use the pattern /tmp/application_%d{yyyy-MM-dd}.%i.log for the active file
12:27:24,652 |-INFO in ch.qos.logback.core.rolling.SizeAndTimeBasedFNATP@29ee9faa - The date pattern is 'yyyy-MM-dd' from file name pattern '/tmp/application_%d{yyyy-MM-dd}.%i.log'.
12:27:24,652 |-INFO in ch.qos.logback.core.rolling.SizeAndTimeBasedFNATP@29ee9faa - Roll-over at midnight.
12:27:24,655 |-INFO in ch.qos.logback.core.rolling.SizeAndTimeBasedFNATP@29ee9faa - Setting initial period to Thu Oct 10 12:26:56 UTC 2019
12:27:24,660 |-WARN in ch.qos.logback.core.rolling.SizeAndTimeBasedFNATP@29ee9faa - SizeAndTimeBasedFNATP is deprecated. Use SizeAndTimeBasedRollingPolicy instead
12:27:24,660 |-WARN in ch.qos.logback.core.rolling.SizeAndTimeBasedFNATP@29ee9faa - For more information see http://logback.qos.ch/manual/appenders.html#SizeAndTimeBasedRollingPolicy
12:27:24,665 |-INFO in ch.qos.logback.core.joran.action.NestedComplexPropertyIA - Assuming default type [ch.qos.logback.classic.encoder.PatternLayoutEncoder] for [encoder] property
12:27:24,673 |-INFO in ch.qos.logback.core.rolling.RollingFileAppender[FILE] - Active log file name: /tmp/application.log
12:27:24,673 |-INFO in ch.qos.logback.core.rolling.RollingFileAppender[FILE] - File property is set to [/tmp/application.log]
12:27:24,674 |-INFO in ch.qos.logback.classic.joran.action.RootLoggerAction - Setting level of ROOT logger to INFO
12:27:24,674 |-INFO in ch.qos.logback.core.joran.action.AppenderRefAction - Attaching appender named [STDOUT] to Logger[ROOT]
12:27:24,674 |-INFO in ch.qos.logback.core.joran.action.AppenderRefAction - Attaching appender named [FILE] to Logger[ROOT]
12:27:24,674 |-INFO in ch.qos.logback.classic.joran.action.ConfigurationAction - End of configuration.
12:27:24,675 |-INFO in ch.qos.logback.classic.joran.JoranConfigurator@c038203 - Registering current configuration as safe fallback point

12:27:24.684 [main] INFO  c.s.f.r.WorkerApplication  - Starting worker with workerConfig 'WorkerConfig{id='flamestream-benchmarks-worker-14', localAddress=flamestream-benchmarks-worker-14/10.0.0.20:5412, zkString='flamestream-benchmarks-manager:12181', snapshotPath='/home/ubuntu/flamestream/data', guarantees=AT_MOST_ONCE}'
12:27:26.222 [worker-akka.actor.default-dispatcher-6] INFO  a.e.s.Slf4jLogger  - Slf4jLogger started
2019-10-10T12:27:26.383+0000: 2.367: [Full GC (Metadata GC Threshold) 2019-10-10T12:27:26.383+0000: 2.367: [Tenured: 0K->13613K(1024000K), 0.0522970 secs] 139464K->13613K(1484800K), [Metaspace: 20204K->20204K(1067008K)], 0.0524029 secs] [Times: user=0.05 sys=0.00, real=0.06 secs] 
12:27:26.541 [worker-akka.actor.default-dispatcher-6] WARN  a.r.RemoteActorRefProvider akka.remote.RemoteActorRefProvider - Using the 'remote' ActorRefProvider directly, which is a low-level layer. For most use cases, the 'cluster' abstraction on top of remoting is more suitable instead.
12:27:26.548 [worker-akka.actor.default-dispatcher-6] WARN  a.r.RemoteActorRefProvider akka.remote.RemoteActorRefProvider - Akka Cluster not in use - Using Akka Cluster is recommended if you need remote watch and deploy.
12:27:26.683 [worker-akka.actor.default-dispatcher-6] INFO  a.r.a.a.ArteryAeronUdpTransport(akka://worker) akka.remote.artery.aeron.ArteryAeronUdpTransport(akka://worker) - Started embedded media driver in directory [/dev/shm/aeron-flamestream-benchmarks-worker-14]
12:27:26.731 [worker-akka.actor.default-dispatcher-6] WARN  a.r.a.a.ArteryAeronUdpTransport(akka://worker) akka.remote.artery.aeron.ArteryAeronUdpTransport(akka://worker) - Aeron CnC version mismatch: compiled version = 15, file version = 16
12:27:27.025 [worker-akka.actor.default-dispatcher-6] INFO  a.r.a.a.ArteryAeronUdpTransport(akka://worker) akka.remote.artery.aeron.ArteryAeronUdpTransport(akka://worker) - Remoting started with transport [Artery aeron-udp]; listening on address [akka://worker@flamestream-benchmarks-worker-14:5412] and bound to [akka://worker@0.0.0.0:5412] with UID [6366235352318442099]
12:27:27.656 [worker-akka.actor.default-dispatcher-6] WARN  a.s.Serialization(akka://worker) akka.serialization.Serialization(akka://worker) - Using serializer [com.romix.akka.serialization.kryo.KryoSerializer] for message [akka.actor.ActorSelectionMessage]. Note that this serializer is not implemented by Akka. It's not recommended to replace serializers for messages provided by Akka.
12:27:27.657 [worker-akka.actor.default-dispatcher-6] WARN  a.s.Serialization(akka://worker) akka.serialization.Serialization(akka://worker) - Using serializer [com.romix.akka.serialization.kryo.KryoSerializer] for message [akka.actor.ActorIdentity]. Note that this serializer is not implemented by Akka. It's not recommended to replace serializers for messages provided by Akka.
12:27:27.718 [worker-akka.actor.default-dispatcher-9] INFO  a.a.RepointableActorRef akka://worker/user/watcher - Starting...
12:27:27.851 [worker-akka.actor.default-dispatcher-6] INFO  o.a.c.u.Compatibility  - Running in ZooKeeper 3.4.x compatibility mode
12:27:27.916 [worker-akka.actor.default-dispatcher-6] INFO  o.a.c.f.i.CuratorFrameworkImpl  - Starting
12:27:27.942 [worker-akka.actor.default-dispatcher-6] INFO  o.a.z.ZooKeeper  - Client environment:zookeeper.version=3.4.14-4c25d480e66aadd371de8bd2fd8da255ac140bcf, built on 03/06/2019 16:18 GMT
12:27:27.943 [worker-akka.actor.default-dispatcher-6] INFO  o.a.z.ZooKeeper  - Client environment:host.name=flamestream-benchmarks-worker-14
12:27:27.944 [worker-akka.actor.default-dispatcher-6] INFO  o.a.z.ZooKeeper  - Client environment:java.version=1.8.0_222
12:27:27.944 [worker-akka.actor.default-dispatcher-6] INFO  o.a.z.ZooKeeper  - Client environment:java.vendor=Private Build
12:27:27.946 [worker-akka.actor.default-dispatcher-6] INFO  o.a.z.ZooKeeper  - Client environment:java.home=/usr/lib/jvm/java-8-openjdk-amd64/jre
12:27:27.948 [worker-akka.actor.default-dispatcher-6] INFO  o.a.z.ZooKeeper  - Client environment:java.class.path=lib/curator-framework-4.0.1.jar:lib/commons-csv-1.4.jar:lib/aeron-client-1.21.2.jar:lib/scala-library-2.12.9.jar:lib/asm-5.0.4.jar:lib/agrona-1.0.1.jar:lib/curator-recipes-4.0.1.jar:lib/akka-testkit_2.12-2.6.0-M6.jar:lib/flamestream-runtime-1.0-SNAPSHOT.jar:lib/slf4j-simple-2.0.0-alpha1.jar:lib/jsr305-3.0.2.jar:lib/trove4j-3.0.3.jar:lib/flamestream-core-1.0-SNAPSHOT.jar:lib/commons-io-2.4.jar:lib/minlog-1.3.0.jar:lib/kryonet-2.21.jar:lib/commons-1.4.9.jar:lib/jline-0.9.94.jar:lib/akka-remote_2.12-2.6.0-M6.jar:lib/leveldbjni-all-1.8.jar:lib/lz4-1.3.0.jar:lib/slf4j-api-1.7.24.jar:lib/scala-parser-combinators_2.12-1.1.2.jar:lib/flamestream-core-1.0-SNAPSHOT-tests.jar:lib/logback-core-1.2.3.jar:lib/netty-3.10.6.Final.jar:lib/protobuf-java-3.9.0.jar:lib/minlog-1.2.jar:lib/leveldb-api-0.7.jar:lib/jool-0.9.12.jar:lib/commons-cli-1.4.jar:lib/jblas-1.2.4.jar:lib/reflectasm-1.11.3.jar:lib/reflectasm-1.07-shaded.jar:lib/audience-annotations-0.5.0.jar:lib/jackson-annotations-2.9.6.jar:lib/commons-lang-2.6.jar:lib/ssl-config-core_2.12-0.3.8.jar:lib/annotations-13.0.jar:lib/logback-classic-1.2.3.jar:lib/guava-21.0.jar:lib/reactive-streams-1.0.2.jar:lib/spotbugs-annotations-3.1.9.jar:lib/leveldb-0.7.jar:lib/commons-pool2-2.4.2.jar:lib/rocksdbjni-5.5.1.jar:lib/jackson-core-2.9.9.jar:lib/jackson-databind-2.9.9.2.jar:lib/akka-protobuf-v3_2.12-2.6.0-M6.jar:lib/jackson-annotations-2.9.0.jar:lib/flamestream-examples-1.0-SNAPSHOT.jar:lib/objenesis-2.1.jar:lib/akka-kryo-serialization_2.12-0.5.2.jar:lib/scala-java8-compat_2.12-0.8.0.jar:lib/zookeeper-3.4.14.jar:lib/akka-slf4j_2.12-2.6.0-M6.jar:lib/kryo-4.0.0.jar:lib/akka-stream_2.12-2.6.0-M6.jar:lib/aeron-driver-1.21.2.jar:lib/config-1.3.1.jar:lib/annotations-12.0.jar:lib/jedis-2.9.0.jar:lib/jcommander-1.48.jar:lib/testng-6.10.jar:lib/akka-actor_2.12-2.6.0-M6.jar:lib/curator-client-4.0.1.jar:flamestream-runtime-1.0-SNAPSHOT.jar
12:27:27.950 [worker-akka.actor.default-dispatcher-6] INFO  o.a.z.ZooKeeper  - Client environment:java.library.path=/usr/java/packages/lib/amd64:/usr/lib/x86_64-linux-gnu/jni:/lib/x86_64-linux-gnu:/usr/lib/x86_64-linux-gnu:/usr/lib/jni:/lib:/usr/lib
12:27:27.951 [worker-akka.actor.default-dispatcher-6] INFO  o.a.z.ZooKeeper  - Client environment:java.io.tmpdir=/tmp
12:27:27.952 [worker-akka.actor.default-dispatcher-6] INFO  o.a.z.ZooKeeper  - Client environment:java.compiler=<NA>
12:27:27.952 [worker-akka.actor.default-dispatcher-6] INFO  o.a.z.ZooKeeper  - Client environment:os.name=Linux
12:27:27.952 [worker-akka.actor.default-dispatcher-6] INFO  o.a.z.ZooKeeper  - Client environment:os.arch=amd64
12:27:27.952 [worker-akka.actor.default-dispatcher-6] INFO  o.a.z.ZooKeeper  - Client environment:os.version=4.15.0-1040-gcp
12:27:27.953 [worker-akka.actor.default-dispatcher-6] INFO  o.a.z.ZooKeeper  - Client environment:user.name=ubuntu
12:27:27.953 [worker-akka.actor.default-dispatcher-6] INFO  o.a.z.ZooKeeper  - Client environment:user.home=/home/ubuntu
12:27:27.953 [worker-akka.actor.default-dispatcher-6] INFO  o.a.z.ZooKeeper  - Client environment:user.dir=/home/ubuntu/flamestream
12:27:27.957 [worker-akka.actor.default-dispatcher-6] INFO  o.a.z.ZooKeeper  - Initiating client connection, connectString=flamestream-benchmarks-manager:12181 sessionTimeout=60000 watcher=org.apache.curator.ConnectionState@3c5e82fa
12:27:28.020 [worker-akka.actor.default-dispatcher-6-SendThread(flamestream-benchmarks-manager:12181)] INFO  o.a.z.ClientCnxn  - Opening socket connection to server flamestream-benchmarks-manager/10.0.0.21:12181. Will not attempt to authenticate using SASL (unknown error)
12:27:28.023 [worker-akka.actor.default-dispatcher-6] INFO  o.a.c.f.i.CuratorFrameworkImpl  - Default schema
12:27:28.029 [worker-akka.actor.default-dispatcher-6-SendThread(flamestream-benchmarks-manager:12181)] INFO  o.a.z.ClientCnxn  - Socket connection established to flamestream-benchmarks-manager/10.0.0.21:12181, initiating session
12:27:28.042 [worker-akka.actor.default-dispatcher-6-SendThread(flamestream-benchmarks-manager:12181)] INFO  o.a.z.ClientCnxn  - Session establishment complete on server flamestream-benchmarks-manager/10.0.0.21:12181, sessionid = 0x100005c675e000d, negotiated timeout = 60000
12:27:28.054 [worker-akka.actor.default-dispatcher-6-EventThread] INFO  o.a.c.f.s.ConnectionStateManager  - State change: CONNECTED
12:27:28.056 [worker-akka.actor.default-dispatcher-9] INFO  a.a.RepointableActorRef akka://worker/user/watcher - Initializing rocksDB backend
2019-10-10T12:27:29.043+0000: 5.026: [Full GC (Metadata GC Threshold) 2019-10-10T12:27:29.043+0000: 5.026: [Tenured: 13613K->25928K(1024000K), 0.1674296 secs] 161102K->25928K(1484800K), [Metaspace: 33703K->33703K(1079296K)], 0.1675348 secs] [Times: user=0.13 sys=0.01, real=0.17 secs] 
12:27:29.375 [worker-akka.actor.default-dispatcher-6] INFO  a.a.LocalActorRef akka://worker/user/watcher/processing-watcher - Starting...
12:27:33.948 [Curator-PathChildrenCache-2] WARN  o.a.c.u.ZKPaths  - The version of ZooKeeper being used doesn't support Container nodes. CreateMode.PERSISTENT will be used instead.
12:27:34.081 [worker-akka.actor.default-dispatcher-10] INFO  a.a.LocalActorRef akka://worker/user/watcher/processing-watcher/$a - Starting...
12:27:34.119 [worker-akka.actor.default-dispatcher-6] INFO  a.a.LocalActorRef akka://worker/user/watcher/processing-watcher/$a - Stopped
12:27:35.762 [worker-akka.actor.default-dispatcher-12] INFO  a.a.LocalActorRef akka://worker/user/watcher/processing-watcher/graph/graph - Starting...
12:27:39.743 [worker-akka.actor.default-dispatcher-12] INFO  a.a.LocalActorRef akka://worker/user/watcher/processing-watcher/graph/graph - Finishing constructor
12:27:39.746 [worker-akka.actor.default-dispatcher-12] INFO  a.a.LocalActorRef akka://worker/user/watcher/processing-watcher/graph/negotiator - Starting...
12:27:39.753 [worker-akka.actor.default-dispatcher-6] INFO  a.a.LocalActorRef akka://worker/user/watcher/processing-watcher/graph/edge - Starting...
12:27:39.757 [worker-akka.actor.default-dispatcher-12] INFO  a.a.LocalActorRef akka://worker/user/watcher/processing-watcher/graph - Starting FlameNode with config 'ClusterConfig{paths={flamestream-benchmarks-worker-1=akka://worker@flamestream-benchmarks-worker-1:5412/user/watcher/processing-watcher/graph, flamestream-benchmarks-worker-0=akka://worker@flamestream-benchmarks-worker-0:5412/user/watcher/processing-watcher/graph, flamestream-benchmarks-worker-9=akka://worker@flamestream-benchmarks-worker-9:5412/user/watcher/processing-watcher/graph, flamestream-benchmarks-worker-8=akka://worker@flamestream-benchmarks-worker-8:5412/user/watcher/processing-watcher/graph, flamestream-benchmarks-worker-7=akka://worker@flamestream-benchmarks-worker-7:5412/user/watcher/processing-watcher/graph, flamestream-benchmarks-worker-6=akka://worker@flamestream-benchmarks-worker-6:5412/user/watcher/processing-watcher/graph, flamestream-benchmarks-worker-5=akka://worker@flamestream-benchmarks-worker-5:5412/user/watcher/processing-watcher/graph, flamestream-benchmarks-worker-4=akka://worker@flamestream-benchmarks-worker-4:5412/user/watcher/processing-watcher/graph, flamestream-benchmarks-worker-3=akka://worker@flamestream-benchmarks-worker-3:5412/user/watcher/processing-watcher/graph, flamestream-benchmarks-worker-2=akka://worker@flamestream-benchmarks-worker-2:5412/user/watcher/processing-watcher/graph, flamestream-benchmarks-worker-14=akka://worker@flamestream-benchmarks-worker-14:5412/user/watcher/processing-watcher/graph, flamestream-benchmarks-worker-13=akka://worker@flamestream-benchmarks-worker-13:5412/user/watcher/processing-watcher/graph, flamestream-benchmarks-worker-12=akka://worker@flamestream-benchmarks-worker-12:5412/user/watcher/processing-watcher/graph, flamestream-benchmarks-worker-11=akka://worker@flamestream-benchmarks-worker-11:5412/user/watcher/processing-watcher/graph, flamestream-benchmarks-worker-10=akka://worker@flamestream-benchmarks-worker-10:5412/user/watcher/processing-watcher/graph}}'
12:27:39.816 [worker-akka.actor.default-dispatcher-10] INFO  a.a.LocalActorRef akka://worker/user/watcher/processing-watcher/graph/graph - Received last commit 'LastCommit{globalTime=(0000000, min@min)}'
12:27:39.821 [worker-akka.actor.default-dispatcher-13] INFO  a.a.LocalActorRef akka://worker/user/watcher/processing-watcher/graph/negotiator - Requesting ticket for the frontClass FlameSocketGraphDeployerFront@flamestream-benchmarks-worker-14
12:27:39.856 [worker-akka.actor.default-dispatcher-14] INFO  a.a.LocalActorRef akka://worker/user/watcher/processing-watcher/graph/edge/FlameSocketGraphDeployerFront - Starting...
12:27:39.861 [worker-akka.actor.default-dispatcher-6] INFO  c.s.f.r.e.s.SocketRear  - FlameSocketGraphDeployerRear@flamestream-benchmarks-worker-14: connecting to flamestream-benchmarks-manager:5678
12:27:39.887 [worker-akka.actor.default-dispatcher-6] INFO  c.s.f.r.e.s.SocketRear  - FlameSocketGraphDeployerRear@flamestream-benchmarks-worker-14: connected to flamestream-benchmarks-manager:5678
12:27:39.888 [worker-akka.actor.default-dispatcher-6] INFO  a.a.LocalActorRef akka://worker/user/watcher/processing-watcher/graph/edge/FlameSocketGraphDeployerRear - Starting...
12:27:39.889 [worker-akka.actor.default-dispatcher-12] INFO  a.a.LocalActorRef akka://worker/user/watcher/processing-watcher/graph/negotiator - Ticket for the frontClass received: FrontTicket{allowedTimestamp=(0000000, FlameSocketGraphDeployerFront@flamestream-benchmarks-worker-14)}
12:27:39.889 [worker-akka.actor.default-dispatcher-12] INFO  c.s.f.r.e.s.SocketFront  - FlameSocketGraphDeployerFront@flamestream-benchmarks-worker-14: connecting to flamestream-benchmarks-manager:4567
12:27:40.116 [worker-akka.actor.default-dispatcher-12] INFO  a.a.LocalActorRef akka://worker/user/watcher/processing-watcher/graph/graph/$a - Starting...
12:27:40.125 [worker-akka.actor.default-dispatcher-12] INFO  a.a.LocalActorRef akka://worker/user/watcher/processing-watcher/graph/graph/$b - Starting...
12:27:40.128 [worker-akka.actor.default-dispatcher-12] INFO  a.a.LocalActorRef akka://worker/user/watcher/processing-watcher/graph/graph/$c - Starting...
12:27:40.134 [worker-akka.actor.default-dispatcher-12] INFO  a.a.LocalActorRef akka://worker/user/watcher/processing-watcher/graph/graph/$d - Starting...
12:27:40.140 [worker-akka.actor.default-dispatcher-12] INFO  a.a.LocalActorRef akka://worker/user/watcher/processing-watcher/graph/graph/$e - Starting...
12:27:40.145 [worker-akka.actor.default-dispatcher-12] INFO  a.a.LocalActorRef akka://worker/user/watcher/processing-watcher/graph/graph/$f - Starting...
12:27:40.151 [worker-akka.actor.default-dispatcher-12] INFO  a.a.LocalActorRef akka://worker/user/watcher/processing-watcher/graph/graph/$g - Starting...
12:27:40.158 [worker-akka.actor.default-dispatcher-12] INFO  a.a.LocalActorRef akka://worker/user/watcher/processing-watcher/graph/graph/$h - Starting...
12:27:40.163 [worker-akka.actor.default-dispatcher-12] INFO  a.a.LocalActorRef akka://worker/user/watcher/processing-watcher/graph/graph/$i - Starting...
12:27:40.167 [worker-akka.actor.default-dispatcher-12] INFO  a.a.LocalActorRef akka://worker/user/watcher/processing-watcher/graph/graph/$j - Starting...
12:27:40.172 [worker-akka.actor.default-dispatcher-12] INFO  a.a.LocalActorRef akka://worker/user/watcher/processing-watcher/graph/graph/$k - Starting...
12:27:40.177 [worker-akka.actor.default-dispatcher-12] INFO  a.a.LocalActorRef akka://worker/user/watcher/processing-watcher/graph/graph/$l - Starting...
12:27:40.180 [worker-akka.actor.default-dispatcher-12] INFO  a.a.LocalActorRef akka://worker/user/watcher/processing-watcher/graph/graph/$m - Starting...
12:27:40.197 [worker-akka.actor.default-dispatcher-12] INFO  a.a.LocalActorRef akka://worker/user/watcher/processing-watcher/graph/graph/$n - Starting...
12:27:40.212 [worker-akka.actor.default-dispatcher-12] INFO  a.a.LocalActorRef akka://worker/user/watcher/processing-watcher/graph/graph/$o - Starting...
12:27:40.239 [worker-akka.actor.default-dispatcher-12] INFO  a.a.LocalActorRef akka://worker/user/watcher/processing-watcher/graph/graph/$o - Attached rear to graph (-9223372036854775808, min@min)
12:27:40.244 [worker-akka.actor.default-dispatcher-12] INFO  a.a.LocalActorRef akka://worker/user/watcher/processing-watcher/graph/graph/$p - Starting...
12:27:40.245 [worker-akka.actor.default-dispatcher-12] INFO  a.a.LocalActorRef akka://worker/user/watcher/processing-watcher/graph/graph/$q - Starting...
12:27:40.254 [worker-akka.actor.default-dispatcher-12] INFO  a.a.LocalActorRef akka://worker/user/watcher/processing-watcher/graph/graph/$s - Starting...
12:27:40.254 [worker-akka.actor.default-dispatcher-12] INFO  a.a.LocalActorRef akka://worker/user/watcher/processing-watcher/graph/graph/$r - Starting...
12:27:40.254 [worker-akka.actor.default-dispatcher-12] INFO  a.a.LocalActorRef akka://worker/user/watcher/processing-watcher/graph/graph/$t - Starting...
12:27:40.255 [worker-akka.actor.default-dispatcher-12] INFO  a.a.LocalActorRef akka://worker/user/watcher/processing-watcher/graph/graph/$u - Starting...
12:27:40.259 [worker-akka.actor.default-dispatcher-6] INFO  a.a.LocalActorRef akka://worker/user/watcher/processing-watcher/graph/graph/$v - Starting...
12:27:40.260 [worker-akka.actor.default-dispatcher-12] INFO  a.a.LocalActorRef akka://worker/user/watcher/processing-watcher/graph/graph/$w - Starting...
12:27:40.261 [worker-akka.actor.default-dispatcher-12] INFO  a.a.LocalActorRef akka://worker/user/watcher/processing-watcher/graph/graph/$x - Starting...
12:27:40.268 [worker-akka.actor.default-dispatcher-12] INFO  a.a.LocalActorRef akka://worker/user/watcher/processing-watcher/graph/graph/$y - Starting...
12:27:40.268 [worker-akka.actor.default-dispatcher-12] INFO  a.a.LocalActorRef akka://worker/user/watcher/processing-watcher/graph/graph/$z - Starting...
12:27:40.268 [worker-akka.actor.default-dispatcher-12] INFO  a.a.LocalActorRef akka://worker/user/watcher/processing-watcher/graph/graph/$A - Starting...
12:27:40.268 [worker-akka.actor.default-dispatcher-12] INFO  a.a.LocalActorRef akka://worker/user/watcher/processing-watcher/graph/graph/$B - Starting...
12:27:40.271 [worker-akka.actor.default-dispatcher-12] INFO  a.a.LocalActorRef akka://worker/user/watcher/processing-watcher/graph/graph/$C - Starting...
12:27:40.276 [worker-akka.actor.default-dispatcher-12] INFO  a.a.LocalActorRef akka://worker/user/watcher/processing-watcher/graph/graph/$D - Starting...
12:27:40.279 [worker-akka.actor.default-dispatcher-12] INFO  a.a.LocalActorRef akka://worker/user/watcher/processing-watcher/graph/graph/$F - Starting...
12:27:40.279 [worker-akka.actor.default-dispatcher-12] INFO  a.a.LocalActorRef akka://worker/user/watcher/processing-watcher/graph/graph/$E - Starting...
12:27:40.280 [worker-akka.actor.default-dispatcher-12] INFO  a.a.LocalActorRef akka://worker/user/watcher/processing-watcher/graph/graph/$G - Starting...
12:27:40.280 [worker-akka.actor.default-dispatcher-12] INFO  a.a.LocalActorRef akka://worker/user/watcher/processing-watcher/graph/graph/$H - Starting...
2019-10-10T12:27:51.936+0000: 27.919: [GC (Allocation Failure) 2019-10-10T12:27:51.936+0000: 27.919: [DefNew: 409600K->30792K(460800K), 0.0513644 secs] 435528K->56721K(1484800K), 0.0515765 secs] [Times: user=0.03 sys=0.02, real=0.05 secs] 
2019-10-10T12:27:59.522+0000: 35.505: [GC (Allocation Failure) 2019-10-10T12:27:59.522+0000: 35.505: [DefNew: 440392K->369K(460800K), 0.0322915 secs] 466321K->54339K(1484800K), 0.0323916 secs] [Times: user=0.02 sys=0.02, real=0.03 secs] 
2019-10-10T12:28:05.223+0000: 41.207: [GC (Allocation Failure) 2019-10-10T12:28:05.224+0000: 41.207: [DefNew: 409969K->124K(460800K), 0.0030977 secs] 463939K->54095K(1484800K), 0.0046390 secs] [Times: user=0.00 sys=0.00, real=0.00 secs] 
2019-10-10T12:28:10.133+0000: 46.116: [GC (Allocation Failure) 2019-10-10T12:28:10.133+0000: 46.116: [DefNew: 409724K->145K(460800K), 0.0030381 secs] 463695K->54115K(1484800K), 0.0031312 secs] [Times: user=0.00 sys=0.00, real=0.01 secs] 
2019-10-10T12:28:15.006+0000: 50.989: [GC (Allocation Failure) 2019-10-10T12:28:15.006+0000: 50.989: [DefNew: 409745K->221K(460800K), 0.0030942 secs] 463715K->54191K(1484800K), 0.0031900 secs] [Times: user=0.00 sys=0.00, real=0.01 secs] 
2019-10-10T12:28:19.683+0000: 55.667: [GC (Allocation Failure) 2019-10-10T12:28:19.684+0000: 55.667: [DefNew: 409821K->192K(460800K), 0.0029199 secs] 463791K->54162K(1484800K), 0.0030105 secs] [Times: user=0.00 sys=0.00, real=0.00 secs] 
2019-10-10T12:28:25.181+0000: 61.165: [GC (Allocation Failure) 2019-10-10T12:28:25.182+0000: 61.165: [DefNew: 409792K->437K(460800K), 0.0037495 secs] 463762K->54407K(1484800K), 0.0051215 secs] [Times: user=0.00 sys=0.00, real=0.00 secs] 
2019-10-10T12:28:32.592+0000: 68.575: [GC (Allocation Failure) 2019-10-10T12:28:32.592+0000: 68.575: [DefNew: 410037K->585K(460800K), 0.0041580 secs] 464007K->54555K(1484800K), 0.0042819 secs] [Times: user=0.00 sys=0.00, real=0.01 secs] 
2019-10-10T12:28:38.234+0000: 74.217: [GC (Allocation Failure) 2019-10-10T12:28:38.234+0000: 74.217: [DefNew: 410185K->517K(460800K), 0.0033749 secs] 464155K->54487K(1484800K), 0.0034741 secs] [Times: user=0.00 sys=0.00, real=0.01 secs] 
2019-10-10T12:28:44.062+0000: 80.045: [GC (Allocation Failure) 2019-10-10T12:28:44.062+0000: 80.045: [DefNew: 410117K->582K(460800K), 0.0037872 secs] 464087K->54553K(1484800K), 0.0038857 secs] [Times: user=0.00 sys=0.00, real=0.00 secs] 
2019-10-10T12:28:50.071+0000: 86.055: [GC (Allocation Failure) 2019-10-10T12:28:50.071+0000: 86.055: [DefNew: 410182K->502K(460800K), 0.0036952 secs] 464153K->54472K(1484800K), 0.0037963 secs] [Times: user=0.00 sys=0.00, real=0.00 secs] 
2019-10-10T12:28:55.675+0000: 91.658: [GC (Allocation Failure) 2019-10-10T12:28:55.675+0000: 91.658: [DefNew: 410102K->447K(460800K), 0.0033152 secs] 464072K->54417K(1484800K), 0.0034146 secs] [Times: user=0.00 sys=0.00, real=0.01 secs] 
2019-10-10T12:29:02.093+0000: 98.076: [GC (Allocation Failure) 2019-10-10T12:29:02.093+0000: 98.076: [DefNew: 410047K->571K(460800K), 0.0037740 secs] 464017K->54541K(1484800K), 0.0038763 secs] [Times: user=0.01 sys=0.00, real=0.01 secs] 
2019-10-10T12:29:07.742+0000: 103.725: [GC (Allocation Failure) 2019-10-10T12:29:07.742+0000: 103.725: [DefNew: 410171K->464K(460800K), 0.0035155 secs] 464141K->54434K(1484800K), 0.0036150 secs] [Times: user=0.00 sys=0.00, real=0.00 secs] 
2019-10-10T12:29:13.278+0000: 109.263: [GC (Allocation Failure) 2019-10-10T12:29:13.280+0000: 109.263: [DefNew: 410064K->602K(460800K), 0.0042746 secs] 464034K->54573K(1484800K), 0.0061389 secs] [Times: user=0.01 sys=0.00, real=0.00 secs] 
2019-10-10T12:29:18.798+0000: 114.781: [GC (Allocation Failure) 2019-10-10T12:29:18.798+0000: 114.781: [DefNew: 410202K->437K(460800K), 0.0038818 secs] 464173K->54407K(1484800K), 0.0039950 secs] [Times: user=0.00 sys=0.00, real=0.00 secs] 
2019-10-10T12:29:24.136+0000: 120.121: [GC (Allocation Failure) 2019-10-10T12:29:24.138+0000: 120.121: [DefNew: 410037K->430K(460800K), 0.0040942 secs] 464007K->54410K(1484800K), 0.0056615 secs] [Times: user=0.00 sys=0.00, real=0.00 secs] 
2019-10-10T12:29:30.887+0000: 126.870: [GC (Allocation Failure) 2019-10-10T12:29:30.887+0000: 126.870: [DefNew: 410030K->587K(460800K), 0.0039575 secs] 464010K->54572K(1484800K), 0.0040610 secs] [Times: user=0.00 sys=0.00, real=0.01 secs] 
2019-10-10T12:29:36.833+0000: 132.816: [GC (Allocation Failure) 2019-10-10T12:29:36.833+0000: 132.816: [DefNew: 410187K->498K(460800K), 0.0036927 secs] 464172K->54485K(1484800K), 0.0037903 secs] [Times: user=0.00 sys=0.00, real=0.01 secs] 
2019-10-10T12:29:42.117+0000: 138.101: [GC (Allocation Failure) 2019-10-10T12:29:42.118+0000: 138.101: [DefNew: 410098K->474K(460800K), 0.0037787 secs] 464085K->54483K(1484800K), 0.0050984 secs] [Times: user=0.01 sys=0.00, real=0.00 secs] 
2019-10-10T12:29:47.474+0000: 143.457: [GC (Allocation Failure) 2019-10-10T12:29:47.474+0000: 143.457: [DefNew: 410074K->527K(460800K), 0.0034565 secs] 464083K->54536K(1484800K), 0.0035516 secs] [Times: user=0.00 sys=0.00, real=0.01 secs] 
2019-10-10T12:29:53.327+0000: 149.311: [GC (Allocation Failure) 2019-10-10T12:29:53.328+0000: 149.312: [DefNew: 410127K->269K(460800K), 0.0040056 secs] 464136K->54481K(1484800K), 0.0054514 secs] [Times: user=0.00 sys=0.00, real=0.01 secs] 
2019-10-10T12:29:58.810+0000: 154.795: [GC (Allocation Failure) 2019-10-10T12:29:58.811+0000: 154.795: [DefNew: 409869K->313K(460800K), 0.0039341 secs] 464081K->54631K(1484800K), 0.0055204 secs] [Times: user=0.00 sys=0.00, real=0.01 secs] 
2019-10-10T12:30:04.443+0000: 160.427: [GC (Allocation Failure) 2019-10-10T12:30:04.443+0000: 160.427: [DefNew: 409913K->233K(460800K), 0.0030962 secs] 464231K->54553K(1484800K), 0.0031820 secs] [Times: user=0.01 sys=0.00, real=0.00 secs] 
2019-10-10T12:30:09.995+0000: 165.978: [GC (Allocation Failure) 2019-10-10T12:30:09.995+0000: 165.978: [DefNew: 409833K->164K(460800K), 0.0027543 secs] 464153K->54484K(1484800K), 0.0028510 secs] [Times: user=0.00 sys=0.00, real=0.01 secs] 
2019-10-10T12:30:15.502+0000: 171.486: [GC (Allocation Failure) 2019-10-10T12:30:15.503+0000: 171.486: [DefNew: 409764K->402K(460800K), 0.0037649 secs] 464084K->54723K(1484800K), 0.0052831 secs] [Times: user=0.00 sys=0.00, real=0.00 secs] 
2019-10-10T12:30:21.102+0000: 177.087: [GC (Allocation Failure) 2019-10-10T12:30:21.104+0000: 177.087: [DefNew: 410002K->165K(460800K), 0.0030543 secs] 464323K->54486K(1484800K), 0.0045631 secs] [Times: user=0.00 sys=0.00, real=0.00 secs] 
2019-10-10T12:30:26.888+0000: 182.871: [GC (Allocation Failure) 2019-10-10T12:30:26.888+0000: 182.871: [DefNew: 409765K->204K(460800K), 0.0029885 secs] 464086K->54525K(1484800K), 0.0030862 secs] [Times: user=0.01 sys=0.00, real=0.00 secs] 
2019-10-10T12:30:32.323+0000: 188.307: [GC (Allocation Failure) 2019-10-10T12:30:32.324+0000: 188.307: [DefNew: 409804K->356K(460800K), 0.0035762 secs] 464125K->54678K(1484800K), 0.0047273 secs] [Times: user=0.00 sys=0.00, real=0.01 secs] 
2019-10-10T12:30:37.776+0000: 193.761: [GC (Allocation Failure) 2019-10-10T12:30:37.777+0000: 193.761: [DefNew: 409956K->395K(460800K), 0.0035880 secs] 464278K->54718K(1484800K), 0.0053461 secs] [Times: user=0.01 sys=0.00, real=0.00 secs] 
2019-10-10T12:30:43.426+0000: 199.409: [GC (Allocation Failure) 2019-10-10T12:30:43.426+0000: 199.409: [DefNew: 409995K->285K(460800K), 0.0032381 secs] 464318K->54610K(1484800K), 0.0033456 secs] [Times: user=0.01 sys=0.00, real=0.01 secs] 
2019-10-10T12:30:48.935+0000: 204.920: [GC (Allocation Failure) 2019-10-10T12:30:48.937+0000: 204.920: [DefNew: 409885K->239K(460800K), 0.0034100 secs] 464210K->54564K(1484800K), 0.0049686 secs] [Times: user=0.00 sys=0.00, real=0.01 secs] 
2019-10-10T12:30:54.531+0000: 210.514: [GC (Allocation Failure) 2019-10-10T12:30:54.531+0000: 210.514: [DefNew: 409839K->218K(460800K), 0.0032895 secs] 464164K->54617K(1484800K), 0.0033755 secs] [Times: user=0.00 sys=0.00, real=0.00 secs] 
2019-10-10T12:30:59.907+0000: 215.892: [GC (Allocation Failure) 2019-10-10T12:30:59.909+0000: 215.892: [DefNew: 409818K->111K(460800K), 0.0031212 secs] 464217K->54511K(1484800K), 0.0045937 secs] [Times: user=0.01 sys=0.00, real=0.01 secs] 
2019-10-10T12:31:05.400+0000: 221.385: [GC (Allocation Failure) 2019-10-10T12:31:05.402+0000: 221.385: [DefNew: 409711K->141K(460800K), 0.0030859 secs] 464111K->54542K(1484800K), 0.0044978 secs] [Times: user=0.00 sys=0.00, real=0.00 secs] 
2019-10-10T12:31:11.101+0000: 227.086: [GC (Allocation Failure) 2019-10-10T12:31:11.102+0000: 227.086: [DefNew: 409741K->150K(460800K), 0.0031102 secs] 464142K->54550K(1484800K), 0.0046007 secs] [Times: user=0.00 sys=0.00, real=0.00 secs] 
2019-10-10T12:31:16.855+0000: 232.838: [GC (Allocation Failure) 2019-10-10T12:31:16.855+0000: 232.838: [DefNew: 409750K->110K(460800K), 0.0026904 secs] 464150K->54510K(1484800K), 0.0027750 secs] [Times: user=0.00 sys=0.00, real=0.01 secs] 
2019-10-10T12:31:22.595+0000: 238.578: [GC (Allocation Failure) 2019-10-10T12:31:22.595+0000: 238.578: [DefNew: 409710K->158K(460800K), 0.0028812 secs] 464110K->54561K(1484800K), 0.0029748 secs] [Times: user=0.01 sys=0.00, real=0.01 secs] 
2019-10-10T12:31:28.269+0000: 244.254: [GC (Allocation Failure) 2019-10-10T12:31:28.271+0000: 244.254: [DefNew: 409758K->344K(460800K), 0.0038565 secs] 464161K->54747K(1484800K), 0.0052996 secs] [Times: user=0.00 sys=0.00, real=0.00 secs] 
2019-10-10T12:31:33.569+0000: 249.552: [GC (Allocation Failure) 2019-10-10T12:31:33.569+0000: 249.552: [DefNew: 409944K->141K(460800K), 0.0029535 secs] 464347K->54545K(1484800K), 0.0030648 secs] [Times: user=0.01 sys=0.00, real=0.00 secs] 
2019-10-10T12:31:39.248+0000: 255.233: [GC (Allocation Failure) 2019-10-10T12:31:39.249+0000: 255.233: [DefNew: 409741K->144K(460800K), 0.0029778 secs] 464145K->54548K(1484800K), 0.0044463 secs] [Times: user=0.00 sys=0.00, real=0.00 secs] 
2019-10-10T12:31:44.691+0000: 260.674: [GC (Allocation Failure) 2019-10-10T12:31:44.691+0000: 260.674: [DefNew: 409744K->140K(460800K), 0.0028353 secs] 464148K->54544K(1484800K), 0.0029254 secs] [Times: user=0.00 sys=0.00, real=0.00 secs] 
2019-10-10T12:31:50.178+0000: 266.162: [GC (Allocation Failure) 2019-10-10T12:31:50.179+0000: 266.162: [DefNew: 409740K->131K(460800K), 0.0027839 secs] 464144K->54544K(1484800K), 0.0041456 secs] [Times: user=0.01 sys=0.00, real=0.00 secs] 
2019-10-10T12:31:55.850+0000: 271.833: [GC (Allocation Failure) 2019-10-10T12:31:55.850+0000: 271.833: [DefNew: 409731K->350K(460800K), 0.0036521 secs] 464144K->54779K(1484800K), 0.0037504 secs] [Times: user=0.01 sys=0.00, real=0.00 secs] 
2019-10-10T12:32:01.117+0000: 277.101: [GC (Allocation Failure) 2019-10-10T12:32:01.118+0000: 277.102: [DefNew: 409950K->221K(460800K), 0.0032003 secs] 464379K->54650K(1484800K), 0.0046685 secs] [Times: user=0.00 sys=0.00, real=0.00 secs] 
2019-10-10T12:32:06.522+0000: 282.505: [GC (Allocation Failure) 2019-10-10T12:32:06.522+0000: 282.505: [DefNew: 409821K->158K(460800K), 0.0029148 secs] 464250K->54587K(1484800K), 0.0030184 secs] [Times: user=0.00 sys=0.00, real=0.00 secs] 
2019-10-10T12:32:11.934+0000: 287.919: [GC (Allocation Failure) 2019-10-10T12:32:11.935+0000: 287.919: [DefNew: 409758K->117K(460800K), 0.0030191 secs] 464187K->54546K(1484800K), 0.0044213 secs] [Times: user=0.00 sys=0.00, real=0.01 secs] 
2019-10-10T12:32:17.400+0000: 293.383: [GC (Allocation Failure) 2019-10-10T12:32:17.400+0000: 293.383: [DefNew: 409717K->241K(460800K), 0.0030625 secs] 464146K->54670K(1484800K), 0.0031498 secs] [Times: user=0.00 sys=0.00, real=0.00 secs] 
2019-10-10T12:32:23.558+0000: 299.542: [GC (Allocation Failure) 2019-10-10T12:32:23.559+0000: 299.542: [DefNew: 409841K->353K(460800K), 0.0031794 secs] 464270K->54782K(1484800K), 0.0032724 secs] [Times: user=0.01 sys=0.00, real=0.00 secs] 
2019-10-10T12:32:28.944+0000: 304.929: [GC (Allocation Failure) 2019-10-10T12:32:28.945+0000: 304.929: [DefNew: 409953K->336K(460800K), 0.0036358 secs] 464382K->54765K(1484800K), 0.0049650 secs] [Times: user=0.01 sys=0.00, real=0.01 secs] 
2019-10-10T12:32:34.287+0000: 310.272: [GC (Allocation Failure) 2019-10-10T12:32:34.289+0000: 310.272: [DefNew: 409936K->189K(460800K), 0.0033911 secs] 464365K->54618K(1484800K), 0.0049086 secs] [Times: user=0.00 sys=0.00, real=0.00 secs] 
2019-10-10T12:32:39.688+0000: 315.671: [GC (Allocation Failure) 2019-10-10T12:32:39.688+0000: 315.671: [DefNew: 409789K->249K(460800K), 0.0030439 secs] 464218K->54679K(1484800K), 0.0031328 secs] [Times: user=0.01 sys=0.00, real=0.00 secs] 
2019-10-10T12:32:45.055+0000: 321.039: [GC (Allocation Failure) 2019-10-10T12:32:45.056+0000: 321.040: [DefNew: 409849K->261K(460800K), 0.0032775 secs] 464279K->54691K(1484800K), 0.0048284 secs] [Times: user=0.00 sys=0.00, real=0.01 secs] 
2019-10-10T12:32:50.422+0000: 326.405: [GC (Allocation Failure) 2019-10-10T12:32:50.422+0000: 326.405: [DefNew: 409861K->157K(460800K), 0.0029996 secs] 464291K->54619K(1484800K), 0.0030923 secs] [Times: user=0.00 sys=0.00, real=0.00 secs] 
2019-10-10T12:32:55.752+0000: 331.736: [GC (Allocation Failure) 2019-10-10T12:32:55.753+0000: 331.736: [DefNew: 409757K->389K(460800K), 0.0036780 secs] 464219K->54851K(1484800K), 0.0050374 secs] [Times: user=0.01 sys=0.00, real=0.01 secs] 
2019-10-10T12:33:01.675+0000: 337.658: [GC (Allocation Failure) 2019-10-10T12:33:01.675+0000: 337.658: [DefNew: 409989K->156K(460800K), 0.0028198 secs] 464451K->54618K(1484800K), 0.0029276 secs] [Times: user=0.00 sys=0.01, real=0.01 secs] 
2019-10-10T12:33:07.088+0000: 343.073: [GC (Allocation Failure) 2019-10-10T12:33:07.090+0000: 343.073: [DefNew: 409756K->170K(460800K), 0.0029765 secs] 464218K->54632K(1484800K), 0.0045960 secs] [Times: user=0.00 sys=0.00, real=0.00 secs] 
2019-10-10T12:33:12.577+0000: 348.560: [GC (Allocation Failure) 2019-10-10T12:33:12.577+0000: 348.560: [DefNew: 409770K->414K(460800K), 0.0034962 secs] 464232K->54876K(1484800K), 0.0035996 secs] [Times: user=0.00 sys=0.00, real=0.00 secs] 
2019-10-10T12:33:17.925+0000: 353.910: [GC (Allocation Failure) 2019-10-10T12:33:17.926+0000: 353.910: [DefNew: 410014K->309K(460800K), 0.0034314 secs] 464476K->54771K(1484800K), 0.0052649 secs] [Times: user=0.01 sys=0.00, real=0.01 secs] 
2019-10-10T12:33:23.378+0000: 359.363: [GC (Allocation Failure) 2019-10-10T12:33:23.379+0000: 359.363: [DefNew: 409909K->359K(460800K), 0.0034427 secs] 464371K->54821K(1484800K), 0.0050166 secs] [Times: user=0.00 sys=0.00, real=0.00 secs] 
2019-10-10T12:33:29.291+0000: 365.274: [GC (Allocation Failure) 2019-10-10T12:33:29.291+0000: 365.274: [DefNew: 409959K->458K(460800K), 0.0041742 secs] 464421K->54920K(1484800K), 0.0042715 secs] [Times: user=0.00 sys=0.00, real=0.01 secs] 
2019-10-10T12:33:34.738+0000: 370.721: [GC (Allocation Failure) 2019-10-10T12:33:34.738+0000: 370.721: [DefNew: 410058K->168K(460800K), 0.0028523 secs] 464520K->54630K(1484800K), 0.0029473 secs] [Times: user=0.00 sys=0.00, real=0.00 secs] 
2019-10-10T12:33:40.066+0000: 376.050: [GC (Allocation Failure) 2019-10-10T12:33:40.067+0000: 376.050: [DefNew: 409768K->170K(460800K), 0.0028972 secs] 464230K->54632K(1484800K), 0.0029989 secs] [Times: user=0.00 sys=0.00, real=0.01 secs] 
2019-10-10T12:33:45.545+0000: 381.528: [GC (Allocation Failure) 2019-10-10T12:33:45.545+0000: 381.528: [DefNew: 409770K->256K(460800K), 0.0031395 secs] 464232K->54730K(1484800K), 0.0032337 secs] [Times: user=0.00 sys=0.00, real=0.01 secs] 
2019-10-10T12:33:50.891+0000: 386.876: [GC (Allocation Failure) 2019-10-10T12:33:50.893+0000: 386.876: [DefNew: 409856K->96K(460800K), 0.0030843 secs] 464330K->54632K(1484800K), 0.0045312 secs] [Times: user=0.00 sys=0.00, real=0.01 secs] 
2019-10-10T12:33:56.442+0000: 392.426: [GC (Allocation Failure) 2019-10-10T12:33:56.443+0000: 392.426: [DefNew: 409696K->242K(460800K), 0.0032421 secs] 464232K->54778K(1484800K), 0.0047635 secs] [Times: user=0.00 sys=0.00, real=0.00 secs] 
2019-10-10T12:34:01.733+0000: 397.717: [GC (Allocation Failure) 2019-10-10T12:34:01.734+0000: 397.717: [DefNew: 409842K->106K(460800K), 0.0031823 secs] 464378K->54643K(1484800K), 0.0042485 secs] [Times: user=0.00 sys=0.00, real=0.01 secs] 
2019-10-10T12:34:07.243+0000: 403.228: [GC (Allocation Failure) 2019-10-10T12:34:07.245+0000: 403.228: [DefNew: 409706K->95K(460800K), 0.0028647 secs] 464243K->54631K(1484800K), 0.0045580 secs] [Times: user=0.00 sys=0.00, real=0.01 secs] 
2019-10-10T12:34:12.461+0000: 408.444: [GC (Allocation Failure) 2019-10-10T12:34:12.461+0000: 408.444: [DefNew: 409695K->131K(460800K), 0.0028394 secs] 464231K->54667K(1484800K), 0.0029288 secs] [Times: user=0.00 sys=0.00, real=0.00 secs] 
2019-10-10T12:34:17.958+0000: 413.942: [GC (Allocation Failure) 2019-10-10T12:34:17.959+0000: 413.942: [DefNew: 409731K->179K(460800K), 0.0031026 secs] 464267K->54716K(1484800K), 0.0045868 secs] [Times: user=0.00 sys=0.00, real=0.00 secs] 
2019-10-10T12:34:23.084+0000: 419.069: [GC (Allocation Failure) 2019-10-10T12:34:23.086+0000: 419.069: [DefNew: 409779K->97K(460800K), 0.0029702 secs] 464316K->54633K(1484800K), 0.0045394 secs] [Times: user=0.00 sys=0.00, real=0.01 secs] 
2019-10-10T12:34:28.560+0000: 424.543: [GC (Allocation Failure) 2019-10-10T12:34:28.560+0000: 424.543: [DefNew: 409697K->110K(460800K), 0.0027871 secs] 464233K->54647K(1484800K), 0.0028821 secs] [Times: user=0.00 sys=0.01, real=0.00 secs] 
2019-10-10T12:34:34.178+0000: 430.163: [GC (Allocation Failure) 2019-10-10T12:34:34.179+0000: 430.163: [DefNew: 409710K->227K(460800K), 0.0035408 secs] 464247K->54763K(1484800K), 0.0053749 secs] [Times: user=0.00 sys=0.01, real=0.00 secs] 
2019-10-10T12:34:39.796+0000: 435.779: [GC (Allocation Failure) 2019-10-10T12:34:39.796+0000: 435.779: [DefNew: 409827K->435K(460800K), 0.0038536 secs] 464363K->54972K(1484800K), 0.0039507 secs] [Times: user=0.00 sys=0.00, real=0.00 secs] 
2019-10-10T12:34:45.184+0000: 441.168: [GC (Allocation Failure) 2019-10-10T12:34:45.185+0000: 441.168: [DefNew: 410035K->120K(460800K), 0.0029076 secs] 464572K->54656K(1484800K), 0.0042815 secs] [Times: user=0.00 sys=0.00, real=0.01 secs] 
2019-10-10T12:34:50.673+0000: 446.656: [GC (Allocation Failure) 2019-10-10T12:34:50.673+0000: 446.656: [DefNew: 409720K->98K(460800K), 0.0030469 secs] 464256K->54647K(1484800K), 0.0031382 secs] [Times: user=0.00 sys=0.00, real=0.01 secs] 
2019-10-10T12:34:56.018+0000: 452.003: [GC (Allocation Failure) 2019-10-10T12:34:56.020+0000: 452.003: [DefNew: 409698K->99K(460800K), 0.0030004 secs] 464247K->54648K(1484800K), 0.0044136 secs] [Times: user=0.00 sys=0.00, real=0.00 secs] 
2019-10-10T12:35:01.366+0000: 457.349: [GC (Allocation Failure) 2019-10-10T12:35:01.366+0000: 457.350: [DefNew: 409699K->98K(460800K), 0.0029196 secs] 464248K->54647K(1484800K), 0.0030220 secs] [Times: user=0.00 sys=0.00, real=0.01 secs] 
12:35:05.375 [worker-akka.actor.default-dispatcher-12] INFO  a.r.a.Association(akka://worker) akka.remote.artery.Association(akka://worker) - Stopping idle outbound stream [2] to [akka://worker@flamestream-benchmarks-worker-0:5412]
2019-10-10T12:35:07.656+0000: 463.639: [GC (Allocation Failure) 2019-10-10T12:35:07.656+0000: 463.639: [DefNew: 409698K->232K(460800K), 0.0030181 secs] 464247K->54781K(1484800K), 0.0031153 secs] [Times: user=0.00 sys=0.00, real=0.00 secs] 
2019-10-10T12:35:13.289+0000: 469.273: [GC (Allocation Failure) 2019-10-10T12:35:13.290+0000: 469.273: [DefNew: 409832K->254K(460800K), 0.0032024 secs] 464381K->54803K(1484800K), 0.0044261 secs] [Times: user=0.00 sys=0.00, real=0.00 secs] 
2019-10-10T12:35:18.719+0000: 474.702: [GC (Allocation Failure) 2019-10-10T12:35:18.719+0000: 474.702: [DefNew: 409854K->417K(460800K), 0.0036785 secs] 464403K->54967K(1484800K), 0.0037807 secs] [Times: user=0.00 sys=0.00, real=0.00 secs] 
2019-10-10T12:35:24.230+0000: 480.215: [GC (Allocation Failure) 2019-10-10T12:35:24.232+0000: 480.215: [DefNew: 410017K->190K(460800K), 0.0032224 secs] 464567K->54740K(1484800K), 0.0048088 secs] [Times: user=0.00 sys=0.01, real=0.00 secs] 
2019-10-10T12:35:29.789+0000: 485.772: [GC (Allocation Failure) 2019-10-10T12:35:29.789+0000: 485.772: [DefNew: 409790K->193K(460800K), 0.0032398 secs] 464340K->54744K(1484800K), 0.0033376 secs] [Times: user=0.00 sys=0.00, real=0.00 secs] 
2019-10-10T12:35:35.073+0000: 491.058: [GC (Allocation Failure) 2019-10-10T12:35:35.075+0000: 491.058: [DefNew: 409793K->299K(460800K), 0.0038049 secs] 464344K->54849K(1484800K), 0.0052782 secs] [Times: user=0.00 sys=0.00, real=0.01 secs] 
2019-10-10T12:35:40.464+0000: 496.448: [GC (Allocation Failure) 2019-10-10T12:35:40.464+0000: 496.448: [DefNew: 409899K->241K(460800K), 0.0031775 secs] 464449K->54791K(1484800K), 0.0032733 secs] [Times: user=0.01 sys=0.00, real=0.01 secs] 
2019-10-10T12:35:45.938+0000: 501.922: [GC (Allocation Failure) 2019-10-10T12:35:45.939+0000: 501.923: [DefNew: 409841K->196K(460800K), 0.0033463 secs] 464391K->54746K(1484800K), 0.0049838 secs] [Times: user=0.01 sys=0.00, real=0.00 secs] 
2019-10-10T12:35:51.621+0000: 507.604: [GC (Allocation Failure) 2019-10-10T12:35:51.621+0000: 507.604: [DefNew: 409796K->383K(460800K), 0.0036851 secs] 464346K->54946K(1484800K), 0.0037809 secs] [Times: user=0.01 sys=0.00, real=0.00 secs] 
2019-10-10T12:35:57.121+0000: 513.106: [GC (Allocation Failure) 2019-10-10T12:35:57.123+0000: 513.106: [DefNew: 409983K->275K(460800K), 0.0034590 secs] 464546K->54837K(1484800K), 0.0049408 secs] [Times: user=0.01 sys=0.00, real=0.00 secs] 
2019-10-10T12:36:02.699+0000: 518.682: [GC (Allocation Failure) 2019-10-10T12:36:02.699+0000: 518.682: [DefNew: 409875K->272K(460800K), 0.0031953 secs] 464437K->54835K(1484800K), 0.0032985 secs] [Times: user=0.00 sys=0.00, real=0.00 secs] 
2019-10-10T12:36:08.126+0000: 524.111: [GC (Allocation Failure) 2019-10-10T12:36:08.128+0000: 524.111: [DefNew: 409872K->183K(460800K), 0.0033320 secs] 464435K->54747K(1484800K), 0.0050410 secs] [Times: user=0.00 sys=0.00, real=0.01 secs] 
2019-10-10T12:36:13.453+0000: 529.436: [GC (Allocation Failure) 2019-10-10T12:36:13.453+0000: 529.436: [DefNew: 409783K->178K(460800K), 0.0030046 secs] 464347K->54742K(1484800K), 0.0030968 secs] [Times: user=0.00 sys=0.00, real=0.01 secs] 
2019-10-10T12:36:18.687+0000: 534.671: [GC (Allocation Failure) 2019-10-10T12:36:18.688+0000: 534.671: [DefNew: 409778K->285K(460800K), 0.0035745 secs] 464342K->54850K(1484800K), 0.0049918 secs] [Times: user=0.00 sys=0.00, real=0.01 secs] 
2019-10-10T12:36:24.000+0000: 539.985: [GC (Allocation Failure) 2019-10-10T12:36:24.002+0000: 539.985: [DefNew: 409885K->303K(460800K), 0.0036216 secs] 464450K->54868K(1484800K), 0.0052187 secs] [Times: user=0.00 sys=0.00, real=0.00 secs] 
2019-10-10T12:36:29.505+0000: 545.490: [GC (Allocation Failure) 2019-10-10T12:36:29.506+0000: 545.490: [DefNew: 409903K->237K(460800K), 0.0038461 secs] 464468K->54881K(1484800K), 0.0053109 secs] [Times: user=0.00 sys=0.00, real=0.01 secs] 
2019-10-10T12:36:35.154+0000: 551.138: [GC (Allocation Failure) 2019-10-10T12:36:35.155+0000: 551.138: [DefNew: 409837K->256K(460800K), 0.0035404 secs] 464481K->54909K(1484800K), 0.0049012 secs] [Times: user=0.01 sys=0.00, real=0.01 secs] 
2019-10-10T12:36:40.467+0000: 556.452: [GC (Allocation Failure) 2019-10-10T12:36:40.469+0000: 556.452: [DefNew: 409856K->98K(460800K), 0.0029620 secs] 464509K->54752K(1484800K), 0.0044904 secs] [Times: user=0.00 sys=0.00, real=0.01 secs] 
2019-10-10T12:36:45.854+0000: 561.837: [GC (Allocation Failure) 2019-10-10T12:36:45.854+0000: 561.837: [DefNew: 409698K->194K(460800K), 0.0030878 secs] 464352K->54848K(1484800K), 0.0031918 secs] [Times: user=0.00 sys=0.00, real=0.01 secs] 
2019-10-10T12:36:51.364+0000: 567.348: [GC (Allocation Failure) 2019-10-10T12:36:51.365+0000: 567.348: [DefNew: 409794K->93K(460800K), 0.0029347 secs] 464448K->54754K(1484800K), 0.0044599 secs] [Times: user=0.00 sys=0.00, real=0.01 secs] 
2019-10-10T12:36:56.855+0000: 572.838: [GC (Allocation Failure) 2019-10-10T12:36:56.855+0000: 572.838: [DefNew: 409693K->126K(460800K), 0.0028760 secs] 464354K->54787K(1484800K), 0.0029729 secs] [Times: user=0.00 sys=0.00, real=0.01 secs] 
2019-10-10T12:37:02.141+0000: 578.126: [GC (Allocation Failure) 2019-10-10T12:37:02.143+0000: 578.126: [DefNew: 409726K->95K(460800K), 0.0029332 secs] 464387K->54756K(1484800K), 0.0047599 secs] [Times: user=0.01 sys=0.00, real=0.00 secs] 
2019-10-10T12:37:07.344+0000: 583.329: [GC (Allocation Failure) 2019-10-10T12:37:07.345+0000: 583.329: [DefNew: 409695K->89K(460800K), 0.0028961 secs] 464356K->54750K(1484800K), 0.0044246 secs] [Times: user=0.00 sys=0.00, real=0.01 secs] 
2019-10-10T12:37:12.586+0000: 588.570: [GC (Allocation Failure) 2019-10-10T12:37:12.587+0000: 588.570: [DefNew: 409689K->146K(460800K), 0.0029459 secs] 464350K->54806K(1484800K), 0.0043861 secs] [Times: user=0.01 sys=0.00, real=0.01 secs] 
2019-10-10T12:37:17.827+0000: 593.810: [GC (Allocation Failure) 2019-10-10T12:37:17.827+0000: 593.810: [DefNew: 409746K->88K(460800K), 0.0026281 secs] 464406K->54748K(1484800K), 0.0027178 secs] [Times: user=0.01 sys=0.00, real=0.01 secs] 
2019-10-10T12:37:23.134+0000: 599.118: [GC (Allocation Failure) 2019-10-10T12:37:23.135+0000: 599.118: [DefNew: 409688K->104K(460800K), 0.0029630 secs] 464348K->54765K(1484800K), 0.0047209 secs] [Times: user=0.01 sys=0.00, real=0.01 secs] 
2019-10-10T12:37:28.745+0000: 604.729: [GC (Allocation Failure) 2019-10-10T12:37:28.745+0000: 604.729: [DefNew: 409704K->97K(460800K), 0.0027742 secs] 464365K->54758K(1484800K), 0.0028820 secs] [Times: user=0.00 sys=0.00, real=0.01 secs] 
2019-10-10T12:37:34.064+0000: 610.049: [GC (Allocation Failure) 2019-10-10T12:37:34.066+0000: 610.049: [DefNew: 409697K->139K(460800K), 0.0031540 secs] 464358K->54800K(1484800K), 0.0044942 secs] [Times: user=0.00 sys=0.00, real=0.01 secs] 
2019-10-10T12:37:39.487+0000: 615.470: [GC (Allocation Failure) 2019-10-10T12:37:39.487+0000: 615.470: [DefNew: 409739K->98K(460800K), 0.0027904 secs] 464400K->54759K(1484800K), 0.0029043 secs] [Times: user=0.00 sys=0.00, real=0.01 secs] 
2019-10-10T12:37:44.847+0000: 620.830: [GC (Allocation Failure) 2019-10-10T12:37:44.847+0000: 620.830: [DefNew: 409698K->102K(460800K), 0.0028852 secs] 464359K->54763K(1484800K), 0.0029867 secs] [Times: user=0.01 sys=0.00, real=0.01 secs] 
2019-10-10T12:37:50.335+0000: 626.320: [GC (Allocation Failure) 2019-10-10T12:37:50.336+0000: 626.320: [DefNew: 409702K->99K(460800K), 0.0032448 secs] 464363K->54765K(1484800K), 0.0045295 secs] [Times: user=0.00 sys=0.00, real=0.01 secs] 
2019-10-10T12:37:55.721+0000: 631.706: [GC (Allocation Failure) 2019-10-10T12:37:55.723+0000: 631.706: [DefNew: 409699K->94K(460800K), 0.0031570 secs] 464365K->54759K(1484800K), 0.0049641 secs] [Times: user=0.00 sys=0.00, real=0.00 secs] 
2019-10-10T12:38:01.147+0000: 637.131: [GC (Allocation Failure) 2019-10-10T12:38:01.148+0000: 637.131: [DefNew: 409694K->406K(460800K), 0.0038370 secs] 464359K->55072K(1484800K), 0.0051821 secs] [Times: user=0.01 sys=0.00, real=0.01 secs] 
2019-10-10T12:38:06.344+0000: 642.327: [GC (Allocation Failure) 2019-10-10T12:38:06.344+0000: 642.327: [DefNew: 410006K->128K(460800K), 0.0028194 secs] 464672K->54795K(1484800K), 0.0029084 secs] [Times: user=0.00 sys=0.00, real=0.00 secs] 
2019-10-10T12:38:11.679+0000: 647.664: [GC (Allocation Failure) 2019-10-10T12:38:11.681+0000: 647.664: [DefNew: 409728K->140K(460800K), 0.0031739 secs] 464395K->54807K(1484800K), 0.0046110 secs] [Times: user=0.00 sys=0.00, real=0.00 secs] 
2019-10-10T12:38:17.090+0000: 653.075: [GC (Allocation Failure) 2019-10-10T12:38:17.092+0000: 653.075: [DefNew: 409740K->92K(460800K), 0.0028214 secs] 464407K->54759K(1484800K), 0.0046675 secs] [Times: user=0.00 sys=0.00, real=0.00 secs] 
2019-10-10T12:38:22.359+0000: 658.343: [GC (Allocation Failure) 2019-10-10T12:38:22.360+0000: 658.343: [DefNew: 409692K->340K(460800K), 0.0037092 secs] 464359K->55006K(1484800K), 0.0051492 secs] [Times: user=0.00 sys=0.00, real=0.00 secs] 
2019-10-10T12:38:27.911+0000: 663.895: [GC (Allocation Failure) 2019-10-10T12:38:27.912+0000: 663.895: [DefNew: 409940K->216K(460800K), 0.0034302 secs] 464606K->54882K(1484800K), 0.0049187 secs] [Times: user=0.00 sys=0.00, real=0.01 secs] 
2019-10-10T12:38:33.459+0000: 669.442: [GC (Allocation Failure) 2019-10-10T12:38:33.459+0000: 669.442: [DefNew: 409816K->152K(460800K), 0.0027753 secs] 464482K->54819K(1484800K), 0.0028692 secs] [Times: user=0.00 sys=0.00, real=0.00 secs] 
2019-10-10T12:38:38.864+0000: 674.849: [GC (Allocation Failure) 2019-10-10T12:38:38.865+0000: 674.849: [DefNew: 409752K->121K(460800K), 0.0031399 secs] 464419K->54787K(1484800K), 0.0047142 secs] [Times: user=0.01 sys=0.00, real=0.01 secs] 
2019-10-10T12:38:44.194+0000: 680.179: [GC (Allocation Failure) 2019-10-10T12:38:44.195+0000: 680.179: [DefNew: 409721K->223K(460800K), 0.0033481 secs] 464387K->54889K(1484800K), 0.0048085 secs] [Times: user=0.00 sys=0.00, real=0.01 secs] 
2019-10-10T12:38:49.724+0000: 685.707: [GC (Allocation Failure) 2019-10-10T12:38:49.724+0000: 685.708: [DefNew: 409823K->88K(460800K), 0.0028255 secs] 464489K->54765K(1484800K), 0.0029257 secs] [Times: user=0.00 sys=0.00, real=0.00 secs] 
2019-10-10T12:38:55.182+0000: 691.167: [GC (Allocation Failure) 2019-10-10T12:38:55.184+0000: 691.167: [DefNew: 409688K->177K(460800K), 0.0034191 secs] 464365K->54854K(1484800K), 0.0053174 secs] [Times: user=0.00 sys=0.00, real=0.00 secs] 
2019-10-10T12:39:00.407+0000: 696.390: [GC (Allocation Failure) 2019-10-10T12:39:00.407+0000: 696.390: [DefNew: 409777K->117K(460800K), 0.0028676 secs] 464454K->54794K(1484800K), 0.0029609 secs] [Times: user=0.00 sys=0.00, real=0.01 secs] 
2019-10-10T12:39:05.827+0000: 701.812: [GC (Allocation Failure) 2019-10-10T12:39:05.829+0000: 701.812: [DefNew: 409717K->328K(460800K), 0.0036368 secs] 464394K->55005K(1484800K), 0.0050842 secs] [Times: user=0.00 sys=0.00, real=0.00 secs] 
2019-10-10T12:39:11.198+0000: 707.182: [GC (Allocation Failure) 2019-10-10T12:39:11.199+0000: 707.182: [DefNew: 409928K->196K(460800K), 0.0035870 secs] 464605K->54874K(1484800K), 0.0051692 secs] [Times: user=0.00 sys=0.00, real=0.00 secs] 
2019-10-10T12:39:16.520+0000: 712.503: [GC (Allocation Failure) 2019-10-10T12:39:16.520+0000: 712.503: [DefNew: 409796K->89K(460800K), 0.0027502 secs] 464474K->54767K(1484800K), 0.0028470 secs] [Times: user=0.00 sys=0.00, real=0.00 secs] 
2019-10-10T12:39:21.847+0000: 717.830: [GC (Allocation Failure) 2019-10-10T12:39:21.847+0000: 717.830: [DefNew: 409689K->223K(460800K), 0.0030104 secs] 464367K->54900K(1484800K), 0.0030984 secs] [Times: user=0.00 sys=0.00, real=0.01 secs] 
2019-10-10T12:39:27.287+0000: 723.270: [GC (Allocation Failure) 2019-10-10T12:39:27.287+0000: 723.270: [DefNew: 409823K->139K(460800K), 0.0029885 secs] 464500K->54816K(1484800K), 0.0031182 secs] [Times: user=0.00 sys=0.00, real=0.01 secs] 
2019-10-10T12:39:32.707+0000: 728.691: [GC (Allocation Failure) 2019-10-10T12:39:32.708+0000: 728.691: [DefNew: 409739K->233K(460800K), 0.0029451 secs] 464416K->54910K(1484800K), 0.0030392 secs] [Times: user=0.01 sys=0.00, real=0.00 secs] 
2019-10-10T12:39:37.981+0000: 733.965: [GC (Allocation Failure) 2019-10-10T12:39:37.982+0000: 733.965: [DefNew: 409833K->134K(460800K), 0.0030983 secs] 464510K->54811K(1484800K), 0.0043208 secs] [Times: user=0.00 sys=0.00, real=0.00 secs] 
2019-10-10T12:39:43.276+0000: 739.261: [GC (Allocation Failure) 2019-10-10T12:39:43.278+0000: 739.261: [DefNew: 409734K->117K(460800K), 0.0033444 secs] 464411K->54795K(1484800K), 0.0048464 secs] [Times: user=0.00 sys=0.00, real=0.00 secs] 
2019-10-10T12:39:48.737+0000: 744.720: [GC (Allocation Failure) 2019-10-10T12:39:48.737+0000: 744.720: [DefNew: 409717K->137K(460800K), 0.0030886 secs] 464395K->54821K(1484800K), 0.0031804 secs] [Times: user=0.00 sys=0.00, real=0.00 secs] 
2019-10-10T12:39:54.070+0000: 750.055: [GC (Allocation Failure) 2019-10-10T12:39:54.072+0000: 750.055: [DefNew: 409737K->96K(460800K), 0.0032379 secs] 464421K->54780K(1484800K), 0.0048793 secs] [Times: user=0.00 sys=0.00, real=0.00 secs] 
2019-10-10T12:39:59.405+0000: 755.390: [GC (Allocation Failure) 2019-10-10T12:39:59.407+0000: 755.390: [DefNew: 409696K->133K(460800K), 0.0032850 secs] 464380K->54816K(1484800K), 0.0050644 secs] [Times: user=0.00 sys=0.00, real=0.01 secs] 
2019-10-10T12:40:04.820+0000: 760.803: [GC (Allocation Failure) 2019-10-10T12:40:04.820+0000: 760.803: [DefNew: 409733K->333K(460800K), 0.0036236 secs] 464416K->55016K(1484800K), 0.0037275 secs] [Times: user=0.00 sys=0.00, real=0.00 secs] 
2019-10-10T12:40:10.184+0000: 766.168: [GC (Allocation Failure) 2019-10-10T12:40:10.185+0000: 766.168: [DefNew: 409933K->207K(460800K), 0.0033497 secs] 464616K->54891K(1484800K), 0.0048291 secs] [Times: user=0.00 sys=0.00, real=0.01 secs] 
2019-10-10T12:40:15.607+0000: 771.590: [GC (Allocation Failure) 2019-10-10T12:40:15.607+0000: 771.590: [DefNew: 409807K->144K(460800K), 0.0028058 secs] 464491K->54828K(1484800K), 0.0029106 secs] [Times: user=0.01 sys=0.00, real=0.01 secs] 
2019-10-10T12:40:20.904+0000: 776.887: [GC (Allocation Failure) 2019-10-10T12:40:20.904+0000: 776.887: [DefNew: 409744K->199K(460800K), 0.0030778 secs] 464428K->54883K(1484800K), 0.0031735 secs] [Times: user=0.00 sys=0.00, real=0.00 secs] 
2019-10-10T12:40:26.404+0000: 782.388: [GC (Allocation Failure) 2019-10-10T12:40:26.404+0000: 782.388: [DefNew: 409799K->251K(460800K), 0.0032001 secs] 464483K->54935K(1484800K), 0.0033144 secs] [Times: user=0.01 sys=0.00, real=0.01 secs] 
2019-10-10T12:40:31.918+0000: 787.903: [GC (Allocation Failure) 2019-10-10T12:40:31.920+0000: 787.903: [DefNew: 409851K->100K(460800K), 0.0032004 secs] 464535K->54784K(1484800K), 0.0047935 secs] [Times: user=0.00 sys=0.00, real=0.00 secs] 
2019-10-10T12:40:37.257+0000: 793.241: [GC (Allocation Failure) 2019-10-10T12:40:37.258+0000: 793.242: [DefNew: 409700K->246K(460800K), 0.0033421 secs] 464384K->54930K(1484800K), 0.0049794 secs] [Times: user=0.00 sys=0.00, real=0.00 secs] 
2019-10-10T12:40:42.565+0000: 798.549: [GC (Allocation Failure) 2019-10-10T12:40:42.565+0000: 798.549: [DefNew: 409846K->282K(460800K), 0.0032610 secs] 464530K->54965K(1484800K), 0.0033542 secs] [Times: user=0.01 sys=0.00, real=0.01 secs] 
2019-10-10T12:40:48.000+0000: 803.983: [GC (Allocation Failure) 2019-10-10T12:40:48.000+0000: 803.983: [DefNew: 409882K->358K(460800K), 0.0035661 secs] 464565K->55054K(1484800K), 0.0036592 secs] [Times: user=0.00 sys=0.00, real=0.00 secs] 
2019-10-10T12:40:53.165+0000: 809.149: [GC (Allocation Failure) 2019-10-10T12:40:53.166+0000: 809.149: [DefNew: 409958K->149K(460800K), 0.0030999 secs] 464654K->54846K(1484800K), 0.0045800 secs] [Times: user=0.00 sys=0.00, real=0.01 secs] 
2019-10-10T12:40:58.473+0000: 814.456: [GC (Allocation Failure) 2019-10-10T12:40:58.473+0000: 814.456: [DefNew: 409749K->283K(460800K), 0.0033266 secs] 464446K->54980K(1484800K), 0.0034162 secs] [Times: user=0.00 sys=0.00, real=0.01 secs] 
2019-10-10T12:41:03.758+0000: 819.743: [GC (Allocation Failure) 2019-10-10T12:41:03.759+0000: 819.743: [DefNew: 409883K->107K(460800K), 0.0030511 secs] 464580K->54804K(1484800K), 0.0045985 secs] [Times: user=0.00 sys=0.00, real=0.00 secs] 
2019-10-10T12:41:09.158+0000: 825.143: [GC (Allocation Failure) 2019-10-10T12:41:09.160+0000: 825.143: [DefNew: 409707K->306K(460800K), 0.0034783 secs] 464404K->55003K(1484800K), 0.0051814 secs] [Times: user=0.00 sys=0.01, real=0.00 secs] 
2019-10-10T12:41:14.304+0000: 830.289: [GC (Allocation Failure) 2019-10-10T12:41:14.306+0000: 830.289: [DefNew: 409906K->120K(460800K), 0.0029679 secs] 464603K->54817K(1484800K), 0.0045218 secs] [Times: user=0.01 sys=0.00, real=0.01 secs] 
2019-10-10T12:41:19.582+0000: 835.567: [GC (Allocation Failure) 2019-10-10T12:41:19.583+0000: 835.567: [DefNew: 409720K->144K(460800K), 0.0029962 secs] 464417K->54841K(1484800K), 0.0048245 secs] [Times: user=0.00 sys=0.00, real=0.00 secs] 
2019-10-10T12:41:25.122+0000: 841.107: [GC (Allocation Failure) 2019-10-10T12:41:25.123+0000: 841.107: [DefNew: 409744K->87K(460800K), 0.0028388 secs] 464441K->54784K(1484800K), 0.0044970 secs] [Times: user=0.00 sys=0.00, real=0.00 secs] 
2019-10-10T12:41:30.519+0000: 846.502: [GC (Allocation Failure) 2019-10-10T12:41:30.519+0000: 846.503: [DefNew: 409687K->95K(460800K), 0.0029351 secs] 464384K->54793K(1484800K), 0.0032158 secs] [Times: user=0.00 sys=0.00, real=0.00 secs] 
2019-10-10T12:41:35.821+0000: 851.806: [GC (Allocation Failure) 2019-10-10T12:41:35.823+0000: 851.806: [DefNew: 409695K->238K(460800K), 0.0034850 secs] 464393K->54935K(1484800K), 0.0050189 secs] [Times: user=0.00 sys=0.00, real=0.00 secs] 
2019-10-10T12:41:41.069+0000: 857.054: [GC (Allocation Failure) 2019-10-10T12:41:41.071+0000: 857.054: [DefNew: 409838K->277K(460800K), 0.0035677 secs] 464535K->54975K(1484800K), 0.0049631 secs] [Times: user=0.00 sys=0.00, real=0.00 secs] 
2019-10-10T12:41:46.693+0000: 862.676: [GC (Allocation Failure) 2019-10-10T12:41:46.693+0000: 862.676: [DefNew: 409877K->100K(460800K), 0.0029256 secs] 464575K->54798K(1484800K), 0.0030495 secs] [Times: user=0.00 sys=0.00, real=0.01 secs] 
2019-10-10T12:41:51.985+0000: 867.969: [GC (Allocation Failure) 2019-10-10T12:41:51.986+0000: 867.969: [DefNew: 409700K->94K(460800K), 0.0032686 secs] 464398K->54796K(1484800K), 0.0046010 secs] [Times: user=0.01 sys=0.00, real=0.01 secs] 
2019-10-10T12:41:57.508+0000: 873.491: [GC (Allocation Failure) 2019-10-10T12:41:57.508+0000: 873.491: [DefNew: 409694K->126K(460800K), 0.0027500 secs] 464396K->54829K(1484800K), 0.0028431 secs] [Times: user=0.00 sys=0.00, real=0.00 secs] 
2019-10-10T12:42:03.062+0000: 879.046: [GC (Allocation Failure) 2019-10-10T12:42:03.063+0000: 879.046: [DefNew: 409726K->186K(460800K), 0.0031545 secs] 464429K->54889K(1484800K), 0.0044375 secs] [Times: user=0.00 sys=0.00, real=0.00 secs] 
2019-10-10T12:42:08.398+0000: 884.382: [GC (Allocation Failure) 2019-10-10T12:42:08.399+0000: 884.383: [DefNew: 409786K->92K(460800K), 0.0027883 secs] 464489K->54794K(1484800K), 0.0042031 secs] [Times: user=0.00 sys=0.00, real=0.00 secs] 
2019-10-10T12:42:13.787+0000: 889.772: [GC (Allocation Failure) 2019-10-10T12:42:13.788+0000: 889.772: [DefNew: 409692K->91K(460800K), 0.0031888 secs] 464394K->54794K(1484800K), 0.0046319 secs] [Times: user=0.01 sys=0.00, real=0.01 secs] 
2019-10-10T12:42:19.093+0000: 895.077: [GC (Allocation Failure) 2019-10-10T12:42:19.094+0000: 895.077: [DefNew: 409691K->109K(460800K), 0.0031780 secs] 464394K->54811K(1484800K), 0.0044715 secs] [Times: user=0.00 sys=0.00, real=0.01 secs] 
2019-10-10T12:42:24.473+0000: 900.456: [GC (Allocation Failure) 2019-10-10T12:42:24.473+0000: 900.456: [DefNew: 409709K->270K(460800K), 0.0030818 secs] 464411K->54973K(1484800K), 0.0031785 secs] [Times: user=0.00 sys=0.00, real=0.01 secs] 
2019-10-10T12:42:29.833+0000: 905.817: [GC (Allocation Failure) 2019-10-10T12:42:29.834+0000: 905.817: [DefNew: 409870K->95K(460800K), 0.0030010 secs] 464573K->54798K(1484800K), 0.0043724 secs] [Times: user=0.01 sys=0.00, real=0.01 secs] 
2019-10-10T12:42:35.004+0000: 910.988: [GC (Allocation Failure) 2019-10-10T12:42:35.005+0000: 910.989: [DefNew: 409695K->96K(460800K), 0.0028973 secs] 464398K->54799K(1484800K), 0.0038933 secs] [Times: user=0.01 sys=0.00, real=0.01 secs] 
2019-10-10T12:42:40.363+0000: 916.348: [GC (Allocation Failure) 2019-10-10T12:42:40.365+0000: 916.348: [DefNew: 409696K->262K(460800K), 0.0035294 secs] 464399K->54965K(1484800K), 0.0053064 secs] [Times: user=0.00 sys=0.00, real=0.01 secs] 
2019-10-10T12:42:45.716+0000: 921.700: [GC (Allocation Failure) 2019-10-10T12:42:45.717+0000: 921.700: [DefNew: 409862K->193K(460800K), 0.0031216 secs] 464565K->54896K(1484800K), 0.0045862 secs] [Times: user=0.01 sys=0.00, real=0.00 secs] 
2019-10-10T12:42:50.947+0000: 926.931: [GC (Allocation Failure) 2019-10-10T12:42:50.948+0000: 926.931: [DefNew: 409793K->95K(460800K), 0.0030190 secs] 464496K->54805K(1484800K), 0.0044047 secs] [Times: user=0.01 sys=0.00, real=0.01 secs] 
2019-10-10T12:42:56.397+0000: 932.380: [GC (Allocation Failure) 2019-10-10T12:42:56.397+0000: 932.380: [DefNew: 409695K->89K(460800K), 0.0029456 secs] 464405K->54800K(1484800K), 0.0030391 secs] [Times: user=0.00 sys=0.00, real=0.00 secs] 
2019-10-10T12:43:01.893+0000: 937.877: [GC (Allocation Failure) 2019-10-10T12:43:01.894+0000: 937.877: [DefNew: 409689K->89K(460800K), 0.0030346 secs] 464400K->54799K(1484800K), 0.0044447 secs] [Times: user=0.01 sys=0.00, real=0.01 secs] 
2019-10-10T12:43:07.265+0000: 943.248: [GC (Allocation Failure) 2019-10-10T12:43:07.265+0000: 943.248: [DefNew: 409689K->331K(460800K), 0.0033884 secs] 464399K->55041K(1484800K), 0.0034714 secs] [Times: user=0.00 sys=0.00, real=0.01 secs] 
2019-10-10T12:43:12.624+0000: 948.607: [GC (Allocation Failure) 2019-10-10T12:43:12.624+0000: 948.607: [DefNew: 409931K->116K(460800K), 0.0030483 secs] 464641K->54826K(1484800K), 0.0031446 secs] [Times: user=0.00 sys=0.00, real=0.01 secs] 
2019-10-10T12:43:17.947+0000: 953.931: [GC (Allocation Failure) 2019-10-10T12:43:17.948+0000: 953.931: [DefNew: 409716K->261K(460800K), 0.0033542 secs] 464426K->54971K(1484800K), 0.0048234 secs] [Times: user=0.00 sys=0.00, real=0.01 secs] 
2019-10-10T12:43:23.455+0000: 959.440: [GC (Allocation Failure) 2019-10-10T12:43:23.457+0000: 959.440: [DefNew: 409861K->89K(460800K), 0.0029481 secs] 464571K->54799K(1484800K), 0.0046612 secs] [Times: user=0.00 sys=0.00, real=0.01 secs] 
2019-10-10T12:43:29.022+0000: 965.006: [GC (Allocation Failure) 2019-10-10T12:43:29.023+0000: 965.007: [DefNew: 409689K->111K(460800K), 0.0030816 secs] 464399K->54821K(1484800K), 0.0045622 secs] [Times: user=0.00 sys=0.00, real=0.00 secs] 
2019-10-10T12:43:34.342+0000: 970.326: [GC (Allocation Failure) 2019-10-10T12:43:34.343+0000: 970.326: [DefNew: 409711K->273K(460800K), 0.0040051 secs] 464421K->54984K(1484800K), 0.0053356 secs] [Times: user=0.00 sys=0.00, real=0.00 secs] 
2019-10-10T12:43:39.651+0000: 975.636: [GC (Allocation Failure) 2019-10-10T12:43:39.652+0000: 975.636: [DefNew: 409873K->116K(460800K), 0.0028790 secs] 464584K->54826K(1484800K), 0.0044443 secs] [Times: user=0.00 sys=0.00, real=0.01 secs] 
2019-10-10T12:43:44.856+0000: 980.840: [GC (Allocation Failure) 2019-10-10T12:43:44.857+0000: 980.840: [DefNew: 409716K->356K(460800K), 0.0035874 secs] 464426K->55066K(1484800K), 0.0048851 secs] [Times: user=0.00 sys=0.00, real=0.00 secs] 
2019-10-10T12:43:50.291+0000: 986.276: [GC (Allocation Failure) 2019-10-10T12:43:50.293+0000: 986.276: [DefNew: 409956K->93K(460800K), 0.0031154 secs] 464666K->54809K(1484800K), 0.0047265 secs] [Times: user=0.00 sys=0.00, real=0.01 secs] 
2019-10-10T12:43:55.695+0000: 991.679: [GC (Allocation Failure) 2019-10-10T12:43:55.695+0000: 991.679: [DefNew: 409693K->242K(460800K), 0.0030679 secs] 464409K->54958K(1484800K), 0.0031529 secs] [Times: user=0.00 sys=0.00, real=0.00 secs] 
2019-10-10T12:44:01.026+0000: 997.011: [GC (Allocation Failure) 2019-10-10T12:44:01.027+0000: 997.011: [DefNew: 409842K->140K(460800K), 0.0029608 secs] 464558K->54856K(1484800K), 0.0043605 secs] [Times: user=0.00 sys=0.00, real=0.01 secs] 
2019-10-10T12:44:06.414+0000: 1002.397: [GC (Allocation Failure) 2019-10-10T12:44:06.414+0000: 1002.397: [DefNew: 409740K->88K(460800K), 0.0026708 secs] 464456K->54805K(1484800K), 0.0027529 secs] [Times: user=0.00 sys=0.00, real=0.01 secs] 
2019-10-10T12:44:11.886+0000: 1007.871: [GC (Allocation Failure) 2019-10-10T12:44:11.888+0000: 1007.871: [DefNew: 409688K->88K(460800K), 0.0031279 secs] 464405K->54805K(1484800K), 0.0046204 secs] [Times: user=0.00 sys=0.00, real=0.01 secs] 
2019-10-10T12:44:17.418+0000: 1013.402: [GC (Allocation Failure) 2019-10-10T12:44:17.419+0000: 1013.402: [DefNew: 409688K->292K(460800K), 0.0037065 secs] 464405K->55008K(1484800K), 0.0051393 secs] [Times: user=0.00 sys=0.00, real=0.00 secs] 
12:44:21.756 [Client] INFO  c.s.f.r.e.s.SocketRear  - FlameSocketGraphDeployerRear@flamestream-benchmarks-worker-14: has been disconnected from Connection 15
12:44:21.765 [worker-akka.actor.default-dispatcher-12] WARN  c.s.f.r.e.s.SocketRear  - FlameSocketGraphDeployerRear@flamestream-benchmarks-worker-14: writing to closed log
12:44:21.770 [Client] INFO  c.s.f.r.e.s.SocketFront  - FlameSocketGraphDeployerFront@flamestream-benchmarks-worker-14 has been disconnected from Connection 14
12:44:21.779 [worker-akka.actor.default-dispatcher-12] WARN  c.s.f.r.e.s.SocketRear  - FlameSocketGraphDeployerRear@flamestream-benchmarks-worker-14: writing to closed log
12:44:21.780 [worker-akka.actor.default-dispatcher-12] WARN  c.s.f.r.e.s.SocketRear  - FlameSocketGraphDeployerRear@flamestream-benchmarks-worker-14: writing to closed log
12:44:21.811 [worker-akka.actor.default-dispatcher-12] WARN  c.s.f.r.e.s.SocketRear  - FlameSocketGraphDeployerRear@flamestream-benchmarks-worker-14: writing to closed log
12:44:21.812 [worker-akka.actor.default-dispatcher-12] WARN  c.s.f.r.e.s.SocketRear  - FlameSocketGraphDeployerRear@flamestream-benchmarks-worker-14: writing to closed log
12:44:21.900 [worker-akka.actor.default-dispatcher-12] WARN  c.s.f.r.e.s.SocketRear  - FlameSocketGraphDeployerRear@flamestream-benchmarks-worker-14: writing to closed log
12:44:21.901 [worker-akka.actor.default-dispatcher-12] WARN  c.s.f.r.e.s.SocketRear  - FlameSocketGraphDeployerRear@flamestream-benchmarks-worker-14: writing to closed log
12:44:21.930 [worker-akka.actor.default-dispatcher-12] WARN  c.s.f.r.e.s.SocketRear  - FlameSocketGraphDeployerRear@flamestream-benchmarks-worker-14: writing to closed log
12:44:22.051 [worker-akka.actor.default-dispatcher-12] WARN  c.s.f.r.e.s.SocketRear  - FlameSocketGraphDeployerRear@flamestream-benchmarks-worker-14: writing to closed log
12:44:22.060 [worker-akka.actor.default-dispatcher-12] WARN  c.s.f.r.e.s.SocketRear  - FlameSocketGraphDeployerRear@flamestream-benchmarks-worker-14: writing to closed log
12:44:22.061 [worker-akka.actor.default-dispatcher-12] WARN  c.s.f.r.e.s.SocketRear  - FlameSocketGraphDeployerRear@flamestream-benchmarks-worker-14: writing to closed log
12:44:22.089 [worker-akka.actor.default-dispatcher-12] WARN  c.s.f.r.e.s.SocketRear  - FlameSocketGraphDeployerRear@flamestream-benchmarks-worker-14: writing to closed log
12:44:22.090 [worker-akka.actor.default-dispatcher-12] WARN  c.s.f.r.e.s.SocketRear  - FlameSocketGraphDeployerRear@flamestream-benchmarks-worker-14: writing to closed log
12:44:22.091 [worker-akka.actor.default-dispatcher-12] WARN  c.s.f.r.e.s.SocketRear  - FlameSocketGraphDeployerRear@flamestream-benchmarks-worker-14: writing to closed log
12:44:22.093 [worker-akka.actor.default-dispatcher-12] WARN  c.s.f.r.e.s.SocketRear  - FlameSocketGraphDeployerRear@flamestream-benchmarks-worker-14: writing to closed log
12:44:22.125 [worker-akka.actor.default-dispatcher-12] WARN  c.s.f.r.e.s.SocketRear  - FlameSocketGraphDeployerRear@flamestream-benchmarks-worker-14: writing to closed log
12:44:22.126 [worker-akka.actor.default-dispatcher-12] WARN  c.s.f.r.e.s.SocketRear  - FlameSocketGraphDeployerRear@flamestream-benchmarks-worker-14: writing to closed log
12:44:22.135 [worker-akka.actor.default-dispatcher-12] WARN  c.s.f.r.e.s.SocketRear  - FlameSocketGraphDeployerRear@flamestream-benchmarks-worker-14: writing to closed log
12:44:22.136 [worker-akka.actor.default-dispatcher-12] WARN  c.s.f.r.e.s.SocketRear  - FlameSocketGraphDeployerRear@flamestream-benchmarks-worker-14: writing to closed log
12:44:22.136 [worker-akka.actor.default-dispatcher-12] WARN  c.s.f.r.e.s.SocketRear  - FlameSocketGraphDeployerRear@flamestream-benchmarks-worker-14: writing to closed log
12:44:22.202 [worker-akka.actor.default-dispatcher-12] WARN  c.s.f.r.e.s.SocketRear  - FlameSocketGraphDeployerRear@flamestream-benchmarks-worker-14: writing to closed log
12:44:22.202 [worker-akka.actor.default-dispatcher-12] WARN  c.s.f.r.e.s.SocketRear  - FlameSocketGraphDeployerRear@flamestream-benchmarks-worker-14: writing to closed log
12:44:22.203 [worker-akka.actor.default-dispatcher-12] WARN  c.s.f.r.e.s.SocketRear  - FlameSocketGraphDeployerRear@flamestream-benchmarks-worker-14: writing to closed log
12:44:22.203 [worker-akka.actor.default-dispatcher-12] WARN  c.s.f.r.e.s.SocketRear  - FlameSocketGraphDeployerRear@flamestream-benchmarks-worker-14: writing to closed log
12:44:22.313 [worker-akka.actor.default-dispatcher-12] WARN  c.s.f.r.e.s.SocketRear  - FlameSocketGraphDeployerRear@flamestream-benchmarks-worker-14: writing to closed log
12:44:22.315 [worker-akka.actor.default-dispatcher-12] WARN  c.s.f.r.e.s.SocketRear  - FlameSocketGraphDeployerRear@flamestream-benchmarks-worker-14: writing to closed log
12:44:22.408 [worker-akka.actor.default-dispatcher-12] WARN  c.s.f.r.e.s.SocketRear  - FlameSocketGraphDeployerRear@flamestream-benchmarks-worker-14: writing to closed log
12:44:22.410 [worker-akka.actor.default-dispatcher-12] WARN  c.s.f.r.e.s.SocketRear  - FlameSocketGraphDeployerRear@flamestream-benchmarks-worker-14: writing to closed log
12:44:22.411 [worker-akka.actor.default-dispatcher-12] WARN  c.s.f.r.e.s.SocketRear  - FlameSocketGraphDeployerRear@flamestream-benchmarks-worker-14: writing to closed log
12:44:22.411 [worker-akka.actor.default-dispatcher-12] WARN  c.s.f.r.e.s.SocketRear  - FlameSocketGraphDeployerRear@flamestream-benchmarks-worker-14: writing to closed log
12:44:22.411 [worker-akka.actor.default-dispatcher-12] WARN  c.s.f.r.e.s.SocketRear  - FlameSocketGraphDeployerRear@flamestream-benchmarks-worker-14: writing to closed log
12:44:22.444 [worker-akka.actor.default-dispatcher-12] WARN  c.s.f.r.e.s.SocketRear  - FlameSocketGraphDeployerRear@flamestream-benchmarks-worker-14: writing to closed log
12:44:22.446 [worker-akka.actor.default-dispatcher-12] WARN  c.s.f.r.e.s.SocketRear  - FlameSocketGraphDeployerRear@flamestream-benchmarks-worker-14: writing to closed log
12:44:22.537 [worker-akka.actor.default-dispatcher-12] WARN  c.s.f.r.e.s.SocketRear  - FlameSocketGraphDeployerRear@flamestream-benchmarks-worker-14: writing to closed log
12:44:22.539 [worker-akka.actor.default-dispatcher-12] WARN  c.s.f.r.e.s.SocketRear  - FlameSocketGraphDeployerRear@flamestream-benchmarks-worker-14: writing to closed log
12:44:22.539 [worker-akka.actor.default-dispatcher-12] WARN  c.s.f.r.e.s.SocketRear  - FlameSocketGraphDeployerRear@flamestream-benchmarks-worker-14: writing to closed log
12:44:22.540 [worker-akka.actor.default-dispatcher-12] WARN  c.s.f.r.e.s.SocketRear  - FlameSocketGraphDeployerRear@flamestream-benchmarks-worker-14: writing to closed log
12:44:22.541 [worker-akka.actor.default-dispatcher-12] WARN  c.s.f.r.e.s.SocketRear  - FlameSocketGraphDeployerRear@flamestream-benchmarks-worker-14: writing to closed log
12:44:22.541 [worker-akka.actor.default-dispatcher-12] WARN  c.s.f.r.e.s.SocketRear  - FlameSocketGraphDeployerRear@flamestream-benchmarks-worker-14: writing to closed log
12:44:22.541 [worker-akka.actor.default-dispatcher-12] WARN  c.s.f.r.e.s.SocketRear  - FlameSocketGraphDeployerRear@flamestream-benchmarks-worker-14: writing to closed log
12:44:22.590 [worker-akka.actor.default-dispatcher-12] WARN  c.s.f.r.e.s.SocketRear  - FlameSocketGraphDeployerRear@flamestream-benchmarks-worker-14: writing to closed log
12:44:22.590 [worker-akka.actor.default-dispatcher-12] WARN  c.s.f.r.e.s.SocketRear  - FlameSocketGraphDeployerRear@flamestream-benchmarks-worker-14: writing to closed log
12:44:22.644 [worker-akka.actor.default-dispatcher-12] WARN  c.s.f.r.e.s.SocketRear  - FlameSocketGraphDeployerRear@flamestream-benchmarks-worker-14: writing to closed log
12:44:22.645 [worker-akka.actor.default-dispatcher-12] WARN  c.s.f.r.e.s.SocketRear  - FlameSocketGraphDeployerRear@flamestream-benchmarks-worker-14: writing to closed log
12:44:22.663 [worker-akka.actor.default-dispatcher-12] WARN  c.s.f.r.e.s.SocketRear  - FlameSocketGraphDeployerRear@flamestream-benchmarks-worker-14: writing to closed log
12:44:22.701 [worker-akka.actor.default-dispatcher-12] WARN  c.s.f.r.e.s.SocketRear  - FlameSocketGraphDeployerRear@flamestream-benchmarks-worker-14: writing to closed log
12:44:22.701 [worker-akka.actor.default-dispatcher-12] WARN  c.s.f.r.e.s.SocketRear  - FlameSocketGraphDeployerRear@flamestream-benchmarks-worker-14: writing to closed log
12:44:22.701 [worker-akka.actor.default-dispatcher-12] WARN  c.s.f.r.e.s.SocketRear  - FlameSocketGraphDeployerRear@flamestream-benchmarks-worker-14: writing to closed log
12:44:22.702 [worker-akka.actor.default-dispatcher-12] WARN  c.s.f.r.e.s.SocketRear  - FlameSocketGraphDeployerRear@flamestream-benchmarks-worker-14: writing to closed log
12:44:22.722 [worker-akka.actor.default-dispatcher-12] WARN  c.s.f.r.e.s.SocketRear  - FlameSocketGraphDeployerRear@flamestream-benchmarks-worker-14: writing to closed log
12:44:22.723 [worker-akka.actor.default-dispatcher-12] WARN  c.s.f.r.e.s.SocketRear  - FlameSocketGraphDeployerRear@flamestream-benchmarks-worker-14: writing to closed log
12:44:22.723 [worker-akka.actor.default-dispatcher-12] WARN  c.s.f.r.e.s.SocketRear  - FlameSocketGraphDeployerRear@flamestream-benchmarks-worker-14: writing to closed log
12:44:22.746 [worker-akka.actor.default-dispatcher-12] WARN  c.s.f.r.e.s.SocketRear  - FlameSocketGraphDeployerRear@flamestream-benchmarks-worker-14: writing to closed log
12:44:22.747 [worker-akka.actor.default-dispatcher-12] WARN  c.s.f.r.e.s.SocketRear  - FlameSocketGraphDeployerRear@flamestream-benchmarks-worker-14: writing to closed log
12:44:22.783 [worker-akka.actor.default-dispatcher-12] WARN  c.s.f.r.e.s.SocketRear  - FlameSocketGraphDeployerRear@flamestream-benchmarks-worker-14: writing to closed log
12:44:22.786 [worker-akka.actor.default-dispatcher-12] WARN  c.s.f.r.e.s.SocketRear  - FlameSocketGraphDeployerRear@flamestream-benchmarks-worker-14: writing to closed log
12:44:22.786 [worker-akka.actor.default-dispatcher-12] WARN  c.s.f.r.e.s.SocketRear  - FlameSocketGraphDeployerRear@flamestream-benchmarks-worker-14: writing to closed log
12:44:22.792 [worker-akka.actor.default-dispatcher-12] WARN  c.s.f.r.e.s.SocketRear  - FlameSocketGraphDeployerRear@flamestream-benchmarks-worker-14: writing to closed log
12:44:22.795 [worker-akka.actor.default-dispatcher-12] WARN  c.s.f.r.e.s.SocketRear  - FlameSocketGraphDeployerRear@flamestream-benchmarks-worker-14: writing to closed log
12:44:22.795 [worker-akka.actor.default-dispatcher-12] WARN  c.s.f.r.e.s.SocketRear  - FlameSocketGraphDeployerRear@flamestream-benchmarks-worker-14: writing to closed log
12:44:22.795 [worker-akka.actor.default-dispatcher-12] WARN  c.s.f.r.e.s.SocketRear  - FlameSocketGraphDeployerRear@flamestream-benchmarks-worker-14: writing to closed log
12:44:22.798 [worker-akka.actor.default-dispatcher-12] WARN  c.s.f.r.e.s.SocketRear  - FlameSocketGraphDeployerRear@flamestream-benchmarks-worker-14: writing to closed log
12:44:22.798 [worker-akka.actor.default-dispatcher-12] WARN  c.s.f.r.e.s.SocketRear  - FlameSocketGraphDeployerRear@flamestream-benchmarks-worker-14: writing to closed log
12:44:22.798 [worker-akka.actor.default-dispatcher-12] WARN  c.s.f.r.e.s.SocketRear  - FlameSocketGraphDeployerRear@flamestream-benchmarks-worker-14: writing to closed log
12:44:22.798 [worker-akka.actor.default-dispatcher-12] WARN  c.s.f.r.e.s.SocketRear  - FlameSocketGraphDeployerRear@flamestream-benchmarks-worker-14: writing to closed log
12:44:22.834 [worker-akka.actor.default-dispatcher-12] WARN  c.s.f.r.e.s.SocketRear  - FlameSocketGraphDeployerRear@flamestream-benchmarks-worker-14: writing to closed log
12:44:22.835 [worker-akka.actor.default-dispatcher-12] WARN  c.s.f.r.e.s.SocketRear  - FlameSocketGraphDeployerRear@flamestream-benchmarks-worker-14: writing to closed log
12:44:22.836 [worker-akka.actor.default-dispatcher-12] WARN  c.s.f.r.e.s.SocketRear  - FlameSocketGraphDeployerRear@flamestream-benchmarks-worker-14: writing to closed log
12:44:22.836 [worker-akka.actor.default-dispatcher-12] WARN  c.s.f.r.e.s.SocketRear  - FlameSocketGraphDeployerRear@flamestream-benchmarks-worker-14: writing to closed log
12:44:22.836 [worker-akka.actor.default-dispatcher-12] WARN  c.s.f.r.e.s.SocketRear  - FlameSocketGraphDeployerRear@flamestream-benchmarks-worker-14: writing to closed log
12:44:22.848 [worker-akka.actor.default-dispatcher-12] WARN  c.s.f.r.e.s.SocketRear  - FlameSocketGraphDeployerRear@flamestream-benchmarks-worker-14: writing to closed log
12:44:22.850 [worker-akka.actor.default-dispatcher-12] WARN  c.s.f.r.e.s.SocketRear  - FlameSocketGraphDeployerRear@flamestream-benchmarks-worker-14: writing to closed log
12:44:22.857 [worker-akka.actor.default-dispatcher-12] WARN  c.s.f.r.e.s.SocketRear  - FlameSocketGraphDeployerRear@flamestream-benchmarks-worker-14: writing to closed log
12:44:22.858 [worker-akka.actor.default-dispatcher-12] WARN  c.s.f.r.e.s.SocketRear  - FlameSocketGraphDeployerRear@flamestream-benchmarks-worker-14: writing to closed log
12:44:22.858 [worker-akka.actor.default-dispatcher-12] WARN  c.s.f.r.e.s.SocketRear  - FlameSocketGraphDeployerRear@flamestream-benchmarks-worker-14: writing to closed log
12:44:22.858 [worker-akka.actor.default-dispatcher-12] WARN  c.s.f.r.e.s.SocketRear  - FlameSocketGraphDeployerRear@flamestream-benchmarks-worker-14: writing to closed log
12:44:22.862 [worker-akka.actor.default-dispatcher-12] WARN  c.s.f.r.e.s.SocketRear  - FlameSocketGraphDeployerRear@flamestream-benchmarks-worker-14: writing to closed log
12:44:22.863 [worker-akka.actor.default-dispatcher-12] WARN  c.s.f.r.e.s.SocketRear  - FlameSocketGraphDeployerRear@flamestream-benchmarks-worker-14: writing to closed log
12:44:22.863 [worker-akka.actor.default-dispatcher-12] WARN  c.s.f.r.e.s.SocketRear  - FlameSocketGraphDeployerRear@flamestream-benchmarks-worker-14: writing to closed log
12:44:22.867 [worker-akka.actor.default-dispatcher-12] WARN  c.s.f.r.e.s.SocketRear  - FlameSocketGraphDeployerRear@flamestream-benchmarks-worker-14: writing to closed log
12:44:22.867 [worker-akka.actor.default-dispatcher-12] WARN  c.s.f.r.e.s.SocketRear  - FlameSocketGraphDeployerRear@flamestream-benchmarks-worker-14: writing to closed log
12:44:22.882 [worker-akka.actor.default-dispatcher-12] WARN  c.s.f.r.e.s.SocketRear  - FlameSocketGraphDeployerRear@flamestream-benchmarks-worker-14: writing to closed log
12:44:22.884 [worker-akka.actor.default-dispatcher-12] WARN  c.s.f.r.e.s.SocketRear  - FlameSocketGraphDeployerRear@flamestream-benchmarks-worker-14: writing to closed log
12:44:22.884 [worker-akka.actor.default-dispatcher-12] WARN  c.s.f.r.e.s.SocketRear  - FlameSocketGraphDeployerRear@flamestream-benchmarks-worker-14: writing to closed log
12:44:22.884 [worker-akka.actor.default-dispatcher-12] WARN  c.s.f.r.e.s.SocketRear  - FlameSocketGraphDeployerRear@flamestream-benchmarks-worker-14: writing to closed log
12:44:22.885 [worker-akka.actor.default-dispatcher-12] WARN  c.s.f.r.e.s.SocketRear  - FlameSocketGraphDeployerRear@flamestream-benchmarks-worker-14: writing to closed log
12:44:22.889 [worker-akka.actor.default-dispatcher-12] WARN  c.s.f.r.e.s.SocketRear  - FlameSocketGraphDeployerRear@flamestream-benchmarks-worker-14: writing to closed log
12:44:22.890 [worker-akka.actor.default-dispatcher-12] WARN  c.s.f.r.e.s.SocketRear  - FlameSocketGraphDeployerRear@flamestream-benchmarks-worker-14: writing to closed log
12:44:22.890 [worker-akka.actor.default-dispatcher-12] WARN  c.s.f.r.e.s.SocketRear  - FlameSocketGraphDeployerRear@flamestream-benchmarks-worker-14: writing to closed log
12:44:22.900 [worker-akka.actor.default-dispatcher-12] WARN  c.s.f.r.e.s.SocketRear  - FlameSocketGraphDeployerRear@flamestream-benchmarks-worker-14: writing to closed log
12:44:22.901 [worker-akka.actor.default-dispatcher-12] WARN  c.s.f.r.e.s.SocketRear  - FlameSocketGraphDeployerRear@flamestream-benchmarks-worker-14: writing to closed log
12:44:22.906 [worker-akka.actor.default-dispatcher-12] WARN  c.s.f.r.e.s.SocketRear  - FlameSocketGraphDeployerRear@flamestream-benchmarks-worker-14: writing to closed log
12:44:22.908 [worker-akka.actor.default-dispatcher-12] WARN  c.s.f.r.e.s.SocketRear  - FlameSocketGraphDeployerRear@flamestream-benchmarks-worker-14: writing to closed log
12:44:22.909 [worker-akka.actor.default-dispatcher-12] WARN  c.s.f.r.e.s.SocketRear  - FlameSocketGraphDeployerRear@flamestream-benchmarks-worker-14: writing to closed log
12:44:22.909 [worker-akka.actor.default-dispatcher-12] WARN  c.s.f.r.e.s.SocketRear  - FlameSocketGraphDeployerRear@flamestream-benchmarks-worker-14: writing to closed log
12:44:22.909 [worker-akka.actor.default-dispatcher-12] WARN  c.s.f.r.e.s.SocketRear  - FlameSocketGraphDeployerRear@flamestream-benchmarks-worker-14: writing to closed log
12:44:22.914 [worker-akka.actor.default-dispatcher-12] WARN  c.s.f.r.e.s.SocketRear  - FlameSocketGraphDeployerRear@flamestream-benchmarks-worker-14: writing to closed log
12:44:22.914 [worker-akka.actor.default-dispatcher-12] WARN  c.s.f.r.e.s.SocketRear  - FlameSocketGraphDeployerRear@flamestream-benchmarks-worker-14: writing to closed log
12:44:26.135 [worker-akka.actor.default-dispatcher-12] INFO  a.r.a.Association(akka://worker) akka.remote.artery.Association(akka://worker) - Association to [akka://worker@flamestream-benchmarks-worker-1:5412] having UID [2164622050406865559] has been stopped. All messages to this UID will be delivered to dead letters. Reason: ActorSystem terminated
12:44:26.244 [worker-akka.actor.default-dispatcher-12] INFO  a.r.a.Association(akka://worker) akka.remote.artery.Association(akka://worker) - Association to [akka://worker@flamestream-benchmarks-worker-2:5412] having UID [-4547469165035349574] has been stopped. All messages to this UID will be delivered to dead letters. Reason: ActorSystem terminated
12:44:26.424 [worker-akka.actor.default-dispatcher-12] INFO  a.r.a.Association(akka://worker) akka.remote.artery.Association(akka://worker) - Association to [akka://worker@flamestream-benchmarks-worker-4:5412] having UID [1879355718632016473] has been stopped. All messages to this UID will be delivered to dead letters. Reason: ActorSystem terminated
12:44:26.564 [worker-akka.actor.default-dispatcher-12] INFO  a.r.a.Association(akka://worker) akka.remote.artery.Association(akka://worker) - Association to [akka://worker@flamestream-benchmarks-worker-3:5412] having UID [5124950119994697808] has been stopped. All messages to this UID will be delivered to dead letters. Reason: ActorSystem terminated
12:44:26.945 [worker-akka.actor.default-dispatcher-12] INFO  a.r.a.Association(akka://worker) akka.remote.artery.Association(akka://worker) - Association to [akka://worker@flamestream-benchmarks-worker-0:5412] having UID [4919455313476746688] has been stopped. All messages to this UID will be delivered to dead letters. Reason: ActorSystem terminated
12:44:27.384 [worker-akka.actor.default-dispatcher-12] INFO  a.r.a.Association(akka://worker) akka.remote.artery.Association(akka://worker) - Association to [akka://worker@flamestream-benchmarks-worker-5:5412] having UID [508567141056831333] has been stopped. All messages to this UID will be delivered to dead letters. Reason: ActorSystem terminated
12:44:27.614 [worker-akka.actor.default-dispatcher-12] INFO  a.r.a.Association(akka://worker) akka.remote.artery.Association(akka://worker) - Association to [akka://worker@flamestream-benchmarks-worker-7:5412] having UID [5679006320686288223] has been stopped. All messages to this UID will be delivered to dead letters. Reason: ActorSystem terminated
12:44:27.714 [worker-akka.actor.default-dispatcher-12] INFO  a.r.a.Association(akka://worker) akka.remote.artery.Association(akka://worker) - Association to [akka://worker@flamestream-benchmarks-worker-6:5412] having UID [-2053581586228574010] has been stopped. All messages to this UID will be delivered to dead letters. Reason: ActorSystem terminated
12:44:27.945 [worker-akka.actor.default-dispatcher-12] INFO  a.r.a.Association(akka://worker) akka.remote.artery.Association(akka://worker) - Association to [akka://worker@flamestream-benchmarks-worker-8:5412] having UID [5408297631112359368] has been stopped. All messages to this UID will be delivered to dead letters. Reason: ActorSystem terminated
2019-10-10T12:44:28.213+0000: 1024.197: [GC (Allocation Failure) 2019-10-10T12:44:28.213+0000: 1024.197: [DefNew: 409892K->154K(460800K), 0.0032383 secs] 464608K->54871K(1484800K), 0.0033285 secs] [Times: user=0.00 sys=0.00, real=0.01 secs] 
12:44:28.303 [worker-akka.actor.default-dispatcher-10] INFO  a.a.LocalActorRef akka://worker/user/watcher/processing-watcher/graph/edge/FlameSocketGraphDeployerFront - Stopped
12:44:28.304 [worker-akka.actor.default-dispatcher-10] INFO  a.a.LocalActorRef akka://worker/user/watcher/processing-watcher/graph/graph/$A - Stopped
12:44:28.305 [worker-akka.actor.default-dispatcher-13] INFO  a.a.LocalActorRef akka://worker/user/watcher/processing-watcher/graph/graph/$B - Stopped
12:44:28.305 [worker-akka.actor.default-dispatcher-13] INFO  a.a.LocalActorRef akka://worker/user/watcher/processing-watcher/graph/graph/$C - Stopped
12:44:28.305 [worker-akka.actor.default-dispatcher-13] INFO  a.a.LocalActorRef akka://worker/user/watcher/processing-watcher/graph/graph/$D - Stopped
12:44:28.306 [worker-akka.actor.default-dispatcher-13] INFO  a.a.LocalActorRef akka://worker/user/watcher/processing-watcher/graph/graph/$E - Stopped
12:44:28.307 [worker-akka.actor.default-dispatcher-13] INFO  a.a.LocalActorRef akka://worker/user/watcher/processing-watcher/graph/graph/$F - Stopped
12:44:28.307 [worker-akka.actor.default-dispatcher-13] INFO  a.a.LocalActorRef akka://worker/user/watcher/processing-watcher/graph/graph/$G - Stopped
12:44:28.307 [worker-akka.actor.default-dispatcher-13] INFO  a.a.LocalActorRef akka://worker/user/watcher/processing-watcher/graph/graph/$H - Stopped
12:44:28.308 [worker-akka.actor.default-dispatcher-13] INFO  a.a.LocalActorRef akka://worker/user/watcher/processing-watcher/graph/graph/$a - Stopped
12:44:28.308 [worker-akka.actor.default-dispatcher-13] INFO  a.a.LocalActorRef akka://worker/user/watcher/processing-watcher/graph/graph/$b - Stopped
12:44:28.309 [worker-akka.actor.default-dispatcher-13] INFO  a.a.LocalActorRef akka://worker/user/watcher/processing-watcher/graph/graph/$c - Stopped
12:44:28.309 [worker-akka.actor.default-dispatcher-13] INFO  a.a.LocalActorRef akka://worker/user/watcher/processing-watcher/graph/graph/$d - Stopped
12:44:28.311 [worker-akka.actor.default-dispatcher-12] INFO  a.a.LocalActorRef akka://worker/user/watcher/processing-watcher/graph/graph/$e - Stopped
12:44:28.312 [worker-akka.actor.default-dispatcher-12] INFO  a.a.LocalActorRef akka://worker/user/watcher/processing-watcher/graph/graph/$f - Stopped
12:44:28.314 [worker-akka.actor.default-dispatcher-12] INFO  a.a.LocalActorRef akka://worker/user/watcher/processing-watcher/graph/graph/$g - Stopped
12:44:28.314 [worker-akka.actor.default-dispatcher-12] INFO  a.a.LocalActorRef akka://worker/user/watcher/processing-watcher/graph/graph/$h - Stopped
12:44:28.314 [worker-akka.actor.default-dispatcher-12] INFO  a.a.LocalActorRef akka://worker/user/watcher/processing-watcher/graph/graph/$i - Stopped
12:44:28.314 [worker-akka.actor.default-dispatcher-12] INFO  a.a.LocalActorRef akka://worker/user/watcher/processing-watcher/graph/graph/$j - Stopped
12:44:28.314 [worker-akka.actor.default-dispatcher-12] INFO  a.a.LocalActorRef akka://worker/user/watcher/processing-watcher/graph/graph/$k - Stopped
12:44:28.314 [worker-akka.actor.default-dispatcher-13] INFO  a.a.LocalActorRef akka://worker/user/watcher/processing-watcher/graph/graph/$l - Stopped
12:44:28.314 [worker-akka.actor.default-dispatcher-13] INFO  a.a.LocalActorRef akka://worker/user/watcher/processing-watcher/graph/graph/$m - Stopped
12:44:28.315 [worker-akka.actor.default-dispatcher-13] INFO  a.a.LocalActorRef akka://worker/user/watcher/processing-watcher/graph/graph/$n - Stopped
12:44:28.315 [worker-akka.actor.default-dispatcher-13] INFO  a.a.LocalActorRef akka://worker/user/watcher/processing-watcher/graph/graph/$o - Stopped
12:44:28.315 [worker-akka.actor.default-dispatcher-13] INFO  a.a.LocalActorRef akka://worker/user/watcher/processing-watcher/graph/graph/$p - Stopped
12:44:28.335 [worker-akka.actor.default-dispatcher-10] INFO  a.a.LocalActorRef akka://worker/user/watcher/processing-watcher/graph/edge/FlameSocketGraphDeployerRear - Stopped
12:44:28.336 [worker-akka.actor.default-dispatcher-10] INFO  a.a.LocalActorRef akka://worker/user/watcher/processing-watcher/graph/graph/$q - Stopped
12:44:28.336 [worker-akka.actor.default-dispatcher-10] INFO  a.a.LocalActorRef akka://worker/user/watcher/processing-watcher/graph/graph/$r - Stopped
12:44:28.336 [worker-akka.actor.default-dispatcher-10] INFO  a.a.LocalActorRef akka://worker/user/watcher/processing-watcher/graph/graph/$s - Stopped
12:44:28.336 [worker-akka.actor.default-dispatcher-10] INFO  a.a.LocalActorRef akka://worker/user/watcher/processing-watcher/graph/graph/$t - Stopped
12:44:28.336 [worker-akka.actor.default-dispatcher-10] INFO  a.a.LocalActorRef akka://worker/user/watcher/processing-watcher/graph/graph/$u - Stopped
12:44:28.336 [worker-akka.actor.default-dispatcher-10] INFO  a.a.LocalActorRef akka://worker/user/watcher/processing-watcher/graph/edge - Stopped
12:44:28.336 [worker-akka.actor.default-dispatcher-10] INFO  a.a.LocalActorRef akka://worker/user/watcher/processing-watcher/graph/graph/$v - Stopped
12:44:28.336 [worker-akka.actor.default-dispatcher-10] INFO  a.a.LocalActorRef akka://worker/user/watcher/processing-watcher/graph/graph/$w - Stopped
12:44:28.336 [worker-akka.actor.default-dispatcher-10] INFO  a.a.LocalActorRef akka://worker/user/watcher/processing-watcher/graph/graph/$x - Stopped
12:44:28.336 [worker-akka.actor.default-dispatcher-10] INFO  a.a.LocalActorRef akka://worker/user/watcher/processing-watcher/graph/graph/$y - Stopped
12:44:28.336 [worker-akka.actor.default-dispatcher-10] INFO  a.a.LocalActorRef akka://worker/user/watcher/processing-watcher/graph/negotiator - Stopped
12:44:28.336 [worker-akka.actor.default-dispatcher-10] INFO  a.a.LocalActorRef akka://worker/user/watcher/processing-watcher/graph/graph/$z - Stopped
12:44:28.336 [worker-akka.actor.default-dispatcher-10] INFO  a.r.a.Association(akka://worker) akka.remote.artery.Association(akka://worker) - Association to [akka://worker@flamestream-benchmarks-worker-9:5412] having UID [-5388617219761033332] has been stopped. All messages to this UID will be delivered to dead letters. Reason: ActorSystem terminated
12:44:28.343 [worker-akka.actor.default-dispatcher-21] INFO  a.a.LocalActorRef akka://worker/user/watcher/processing-watcher/graph/graph - Stopped
12:44:28.354 [worker-akka.actor.default-dispatcher-21] INFO  a.a.LocalActorRef akka://worker/user/watcher/processing-watcher/graph - Stopped
12:44:28.357 [Curator-Framework-0] INFO  o.a.c.f.i.CuratorFrameworkImpl  - backgroundOperationsLoop exiting
12:44:28.362 [worker-akka.actor.default-dispatcher-10] INFO  a.a.LocalActorRef akka://worker/user/watcher/processing-watcher - Stopped
12:44:28.368 [Curator-PathChildrenCache-0] ERROR o.a.c.f.r.c.PathChildrenCache  - 
java.lang.IllegalStateException: instance must be started before calling this method
	at org.apache.curator.shaded.com.google.common.base.Preconditions.checkState(Preconditions.java:444)
	at org.apache.curator.framework.imps.CuratorFrameworkImpl.getChildren(CuratorFrameworkImpl.java:456)
	at org.apache.curator.framework.recipes.cache.PathChildrenCache.refresh(PathChildrenCache.java:521)
	at org.apache.curator.framework.recipes.cache.RefreshOperation.invoke(RefreshOperation.java:35)
	at org.apache.curator.framework.recipes.cache.PathChildrenCache$9.run(PathChildrenCache.java:786)
	at java.util.concurrent.Executors$RunnableAdapter.call(Executors.java:511)
	at java.util.concurrent.FutureTask.run(FutureTask.java:266)
	at java.util.concurrent.Executors$RunnableAdapter.call(Executors.java:511)
	at java.util.concurrent.FutureTask.run(FutureTask.java:266)
	at java.util.concurrent.ThreadPoolExecutor.runWorker(ThreadPoolExecutor.java:1149)
	at java.util.concurrent.ThreadPoolExecutor$Worker.run(ThreadPoolExecutor.java:624)
	at java.lang.Thread.run(Thread.java:748)
12:44:28.368 [worker-akka.actor.default-dispatcher-6-EventThread] INFO  o.a.z.ClientCnxn  - EventThread shut down for session: 0x100005c675e000d
12:44:28.369 [worker-akka.actor.default-dispatcher-19] INFO  o.a.z.ZooKeeper  - Session: 0x100005c675e000d closed
12:44:28.369 [worker-akka.actor.default-dispatcher-10] INFO  a.a.RepointableActorRef akka://worker/user/watcher - Stopped
12:44:28.379 [worker-akka.actor.default-dispatcher-19] INFO  a.r.RemoteActorRefProvider$RemotingTerminator akka://worker@flamestream-benchmarks-worker-14:5412/system/remoting-terminator - Shutting down remote daemon.
12:44:28.380 [worker-akka.actor.default-dispatcher-19] INFO  a.r.RemoteActorRefProvider$RemotingTerminator akka://worker@flamestream-benchmarks-worker-14:5412/system/remoting-terminator - Remote daemon shut down; proceeding with flushing remote transports.
12:44:29.176 [worker-akka.actor.default-dispatcher-19] ERROR a.r.a.Association(akka://worker) akka.remote.artery.Association(akka://worker) - Outbound control stream to [akka://worker@flamestream-benchmarks-worker-1:5412] failed after shutdown. 
akka.remote.artery.Association$OutboundStreamStopQuarantinedSignal$: 
12:44:29.178 [worker-akka.actor.default-dispatcher-19] ERROR a.r.a.Association(akka://worker) akka.remote.artery.Association(akka://worker) - Outbound message stream to [akka://worker@flamestream-benchmarks-worker-1:5412] failed after shutdown. 
akka.remote.artery.Association$OutboundStreamStopQuarantinedSignal$: 
12:44:29.268 [worker-akka.actor.default-dispatcher-19] ERROR a.r.a.Association(akka://worker) akka.remote.artery.Association(akka://worker) - Outbound control stream to [akka://worker@flamestream-benchmarks-worker-2:5412] failed after shutdown. 
akka.remote.artery.Association$OutboundStreamStopQuarantinedSignal$: 
12:44:29.268 [worker-akka.actor.default-dispatcher-19] ERROR a.r.a.Association(akka://worker) akka.remote.artery.Association(akka://worker) - Outbound message stream to [akka://worker@flamestream-benchmarks-worker-2:5412] failed after shutdown. 
akka.remote.artery.Association$OutboundStreamStopQuarantinedSignal$: 
12:44:29.639 [worker-akka.actor.default-dispatcher-19] INFO  a.r.RemoteActorRefProvider$RemotingTerminator akka://worker@flamestream-benchmarks-worker-14:5412/system/remoting-terminator - Remoting shut down.
Heap
 def new generation   total 460800K, used 23072K [0x00000000a2400000, 0x00000000c1800000, 0x00000000c1800000)
  eden space 409600K,   5% used [0x00000000a2400000, 0x00000000a3a615f0, 0x00000000bb400000)
  from space 51200K,   0% used [0x00000000bb400000, 0x00000000bb426b18, 0x00000000be600000)
  to   space 51200K,   0% used [0x00000000be600000, 0x00000000be600000, 0x00000000c1800000)
 tenured generation   total 1024000K, used 54716K [0x00000000c1800000, 0x0000000100000000, 0x0000000100000000)
   the space 1024000K,   5% used [0x00000000c1800000, 0x00000000c4d6f1d8, 0x00000000c4d6f200, 0x0000000100000000)
 Metaspace       used 40749K, capacity 43594K, committed 43904K, reserved 1087488K
  class space    used 5349K, capacity 5668K, committed 5760K, reserved 1048576K
