05:26:26,722 |-INFO in ch.qos.logback.classic.LoggerContext[default] - Could NOT find resource [logback-test.xml]
05:26:26,722 |-INFO in ch.qos.logback.classic.LoggerContext[default] - Could NOT find resource [logback.groovy]
05:26:26,722 |-INFO in ch.qos.logback.classic.LoggerContext[default] - Found resource [logback.xml] at [jar:file:/root/flamestream/lib/flamestream-runtime-1.0-SNAPSHOT.jar!/logback.xml]
05:26:26,723 |-WARN in ch.qos.logback.classic.LoggerContext[default] - Resource [logback.xml] occurs multiple times on the classpath.
05:26:26,723 |-WARN in ch.qos.logback.classic.LoggerContext[default] - Resource [logback.xml] occurs at [jar:file:/root/flamestream/lib/flamestream-runtime-1.0-SNAPSHOT.jar!/logback.xml]
05:26:26,723 |-WARN in ch.qos.logback.classic.LoggerContext[default] - Resource [logback.xml] occurs at [jar:file:/root/flamestream/flamestream-runtime-1.0-SNAPSHOT.jar!/logback.xml]
05:26:26,742 |-INFO in ch.qos.logback.core.joran.spi.ConfigurationWatchList@3fb6a447 - URL [jar:file:/root/flamestream/lib/flamestream-runtime-1.0-SNAPSHOT.jar!/logback.xml] is not of type file
05:26:26,811 |-INFO in ch.qos.logback.classic.joran.action.ConfigurationAction - debug attribute not set
05:26:26,814 |-INFO in ch.qos.logback.core.joran.action.AppenderAction - About to instantiate appender of type [ch.qos.logback.core.ConsoleAppender]
05:26:26,831 |-INFO in ch.qos.logback.core.joran.action.AppenderAction - Naming appender as [STDOUT]
05:26:26,846 |-INFO in ch.qos.logback.core.joran.action.NestedComplexPropertyIA - Assuming default type [ch.qos.logback.classic.encoder.PatternLayoutEncoder] for [encoder] property
05:26:26,929 |-INFO in ch.qos.logback.core.joran.action.AppenderAction - About to instantiate appender of type [ch.qos.logback.core.rolling.RollingFileAppender]
05:26:26,933 |-INFO in ch.qos.logback.core.joran.action.AppenderAction - Naming appender as [FILE]
05:26:26,965 |-INFO in c.q.l.core.rolling.TimeBasedRollingPolicy@127618319 - No compression will be used
05:26:26,966 |-INFO in c.q.l.core.rolling.TimeBasedRollingPolicy@127618319 - Will use the pattern /tmp/application_%d{yyyy-MM-dd}.%i.log for the active file
05:26:26,969 |-INFO in ch.qos.logback.core.rolling.SizeAndTimeBasedFNATP@6b2fad11 - The date pattern is 'yyyy-MM-dd' from file name pattern '/tmp/application_%d{yyyy-MM-dd}.%i.log'.
05:26:26,969 |-INFO in ch.qos.logback.core.rolling.SizeAndTimeBasedFNATP@6b2fad11 - Roll-over at midnight.
05:26:26,974 |-INFO in ch.qos.logback.core.rolling.SizeAndTimeBasedFNATP@6b2fad11 - Setting initial period to Tue Jun 11 05:25:10 UTC 2019
05:26:26,974 |-WARN in ch.qos.logback.core.rolling.SizeAndTimeBasedFNATP@6b2fad11 - SizeAndTimeBasedFNATP is deprecated. Use SizeAndTimeBasedRollingPolicy instead
05:26:26,974 |-WARN in ch.qos.logback.core.rolling.SizeAndTimeBasedFNATP@6b2fad11 - For more information see http://logback.qos.ch/manual/appenders.html#SizeAndTimeBasedRollingPolicy
05:26:26,978 |-INFO in ch.qos.logback.core.joran.action.NestedComplexPropertyIA - Assuming default type [ch.qos.logback.classic.encoder.PatternLayoutEncoder] for [encoder] property
05:26:26,983 |-INFO in ch.qos.logback.core.rolling.RollingFileAppender[FILE] - Active log file name: /tmp/application.log
05:26:26,983 |-INFO in ch.qos.logback.core.rolling.RollingFileAppender[FILE] - File property is set to [/tmp/application.log]
05:26:26,984 |-INFO in ch.qos.logback.classic.joran.action.RootLoggerAction - Setting level of ROOT logger to WARN
05:26:26,984 |-INFO in ch.qos.logback.core.joran.action.AppenderRefAction - Attaching appender named [STDOUT] to Logger[ROOT]
05:26:26,986 |-INFO in ch.qos.logback.core.joran.action.AppenderRefAction - Attaching appender named [FILE] to Logger[ROOT]
05:26:26,986 |-INFO in ch.qos.logback.classic.joran.action.ConfigurationAction - End of configuration.
05:26:26,986 |-INFO in ch.qos.logback.classic.joran.JoranConfigurator@79698539 - Registering current configuration as safe fallback point

Ama winner
Ama winner
2019-06-11T05:26:28.316+0000: 1.779: [Full GC (Metadata GC Threshold) 2019-06-11T05:26:28.316+0000: 1.779: [Tenured: 0K->15240K(341376K), 0.0391801 secs] 114987K->15240K(494976K), [Metaspace: 20739K->20739K(1067008K)], 0.0392472 secs] [Times: user=0.04 sys=0.00, real=0.04 secs] 
05:26:40.374 [Curator-PathChildrenCache-1] WARN  o.a.c.u.ZKPaths  - The version of ZooKeeper being used doesn't support Container nodes. CreateMode.PERSISTENT will be used instead.
2019-06-11T05:26:42.602+0000: 16.065: [GC (Allocation Failure) 2019-06-11T05:26:42.602+0000: 16.065: [DefNew: 136119K->16654K(153600K), 0.0240668 secs] 151360K->51426K(494976K), 0.0241346 secs] [Times: user=0.02 sys=0.01, real=0.02 secs] 
2019-06-11T05:26:45.172+0000: 18.635: [Full GC (Metadata GC Threshold) 2019-06-11T05:26:45.172+0000: 18.635: [Tenured: 34772K->43391K(341376K), 0.0452236 secs] 110481K->43391K(494976K), [Metaspace: 34586K->34586K(1079296K)], 0.0452983 secs] [Times: user=0.05 sys=0.00, real=0.05 secs] 
2019-06-11T05:26:51.204+0000: 24.667: [GC (Allocation Failure) 2019-06-11T05:26:51.204+0000: 24.667: [DefNew: 136576K->92K(153600K), 0.0018636 secs] 179967K->43483K(494976K), 0.0019233 secs] [Times: user=0.00 sys=0.00, real=0.00 secs] 
2019-06-11T05:26:57.347+0000: 30.810: [GC (Allocation Failure) 2019-06-11T05:26:57.347+0000: 30.810: [DefNew: 136668K->125K(153600K), 0.0017081 secs] 180059K->43516K(494976K), 0.0017657 secs] [Times: user=0.00 sys=0.00, real=0.00 secs] 
2019-06-11T05:27:03.459+0000: 36.922: [GC (Allocation Failure) 2019-06-11T05:27:03.459+0000: 36.922: [DefNew: 136701K->157K(153600K), 0.0018519 secs] 180092K->43549K(494976K), 0.0019322 secs] [Times: user=0.00 sys=0.00, real=0.00 secs] 
2019-06-11T05:27:09.633+0000: 43.096: [GC (Allocation Failure) 2019-06-11T05:27:09.633+0000: 43.096: [DefNew: 136733K->154K(153600K), 0.0017207 secs] 180125K->43546K(494976K), 0.0017798 secs] [Times: user=0.00 sys=0.00, real=0.01 secs] 
2019-06-11T05:27:17.349+0000: 50.812: [GC (Allocation Failure) 2019-06-11T05:27:17.349+0000: 50.812: [DefNew: 136730K->155K(153600K), 0.0017534 secs] 180122K->43547K(494976K), 0.0018212 secs] [Times: user=0.00 sys=0.00, real=0.00 secs] 
05:27:26.797 [Curator-PathChildrenCache-0] ERROR o.a.c.f.r.c.PathChildrenCache  - 
java.lang.IllegalStateException: instance must be started before calling this method
	at org.apache.curator.shaded.com.google.common.base.Preconditions.checkState(Preconditions.java:444)
	at org.apache.curator.framework.imps.CuratorFrameworkImpl.getChildren(CuratorFrameworkImpl.java:456)
	at org.apache.curator.framework.recipes.cache.PathChildrenCache.refresh(PathChildrenCache.java:521)
	at org.apache.curator.framework.recipes.cache.RefreshOperation.invoke(RefreshOperation.java:35)
	at org.apache.curator.framework.recipes.cache.PathChildrenCache$9.run(PathChildrenCache.java:786)
	at java.util.concurrent.Executors$RunnableAdapter.call(Executors.java:511)
	at java.util.concurrent.FutureTask.run(FutureTask.java:266)
	at java.util.concurrent.Executors$RunnableAdapter.call(Executors.java:511)
	at java.util.concurrent.FutureTask.run(FutureTask.java:266)
	at java.util.concurrent.ThreadPoolExecutor.runWorker(ThreadPoolExecutor.java:1149)
	at java.util.concurrent.ThreadPoolExecutor$Worker.run(ThreadPoolExecutor.java:624)
	at java.lang.Thread.run(Thread.java:748)
Heap
 def new generation   total 153600K, used 58572K [0x00000000e0c00000, 0x00000000eb2a0000, 0x00000000eb2a0000)
  eden space 136576K,  42% used [0x00000000e0c00000, 0x00000000e450c460, 0x00000000e9160000)
  from space 17024K,   0% used [0x00000000e9160000, 0x00000000e9186dc8, 0x00000000ea200000)
  to   space 17024K,   0% used [0x00000000ea200000, 0x00000000ea200000, 0x00000000eb2a0000)
 tenured generation   total 341376K, used 43391K [0x00000000eb2a0000, 0x0000000100000000, 0x0000000100000000)
   the space 341376K,  12% used [0x00000000eb2a0000, 0x00000000edcffe68, 0x00000000edd00000, 0x0000000100000000)
 Metaspace       used 35739K, capacity 36646K, committed 36864K, reserved 1081344K
  class space    used 4829K, capacity 5043K, committed 5120K, reserved 1048576K
