13:14:49,307 |-INFO in ch.qos.logback.classic.LoggerContext[default] - Could NOT find resource [logback-test.xml]
13:14:49,307 |-INFO in ch.qos.logback.classic.LoggerContext[default] - Could NOT find resource [logback.groovy]
13:14:49,307 |-INFO in ch.qos.logback.classic.LoggerContext[default] - Found resource [logback.xml] at [jar:file:/root/flamestream/lib/flamestream-runtime-1.0-SNAPSHOT.jar!/logback.xml]
13:14:49,308 |-WARN in ch.qos.logback.classic.LoggerContext[default] - Resource [logback.xml] occurs multiple times on the classpath.
13:14:49,308 |-WARN in ch.qos.logback.classic.LoggerContext[default] - Resource [logback.xml] occurs at [jar:file:/root/flamestream/lib/flamestream-runtime-1.0-SNAPSHOT.jar!/logback.xml]
13:14:49,308 |-WARN in ch.qos.logback.classic.LoggerContext[default] - Resource [logback.xml] occurs at [jar:file:/root/flamestream/flamestream-runtime-1.0-SNAPSHOT.jar!/logback.xml]
13:14:49,327 |-INFO in ch.qos.logback.core.joran.spi.ConfigurationWatchList@3fb6a447 - URL [jar:file:/root/flamestream/lib/flamestream-runtime-1.0-SNAPSHOT.jar!/logback.xml] is not of type file
13:14:49,395 |-INFO in ch.qos.logback.classic.joran.action.ConfigurationAction - debug attribute not set
13:14:49,396 |-INFO in ch.qos.logback.core.joran.action.AppenderAction - About to instantiate appender of type [ch.qos.logback.core.ConsoleAppender]
13:14:49,416 |-INFO in ch.qos.logback.core.joran.action.AppenderAction - Naming appender as [STDOUT]
13:14:49,433 |-INFO in ch.qos.logback.core.joran.action.NestedComplexPropertyIA - Assuming default type [ch.qos.logback.classic.encoder.PatternLayoutEncoder] for [encoder] property
13:14:49,514 |-INFO in ch.qos.logback.core.joran.action.AppenderAction - About to instantiate appender of type [ch.qos.logback.core.rolling.RollingFileAppender]
13:14:49,521 |-INFO in ch.qos.logback.core.joran.action.AppenderAction - Naming appender as [FILE]
13:14:49,551 |-INFO in c.q.l.core.rolling.TimeBasedRollingPolicy@127618319 - No compression will be used
13:14:49,553 |-INFO in c.q.l.core.rolling.TimeBasedRollingPolicy@127618319 - Will use the pattern /tmp/application_%d{yyyy-MM-dd}.%i.log for the active file
13:14:49,556 |-INFO in ch.qos.logback.core.rolling.SizeAndTimeBasedFNATP@6b2fad11 - The date pattern is 'yyyy-MM-dd' from file name pattern '/tmp/application_%d{yyyy-MM-dd}.%i.log'.
13:14:49,556 |-INFO in ch.qos.logback.core.rolling.SizeAndTimeBasedFNATP@6b2fad11 - Roll-over at midnight.
13:14:49,561 |-INFO in ch.qos.logback.core.rolling.SizeAndTimeBasedFNATP@6b2fad11 - Setting initial period to Mon Jun 10 13:13:30 UTC 2019
13:14:49,561 |-WARN in ch.qos.logback.core.rolling.SizeAndTimeBasedFNATP@6b2fad11 - SizeAndTimeBasedFNATP is deprecated. Use SizeAndTimeBasedRollingPolicy instead
13:14:49,561 |-WARN in ch.qos.logback.core.rolling.SizeAndTimeBasedFNATP@6b2fad11 - For more information see http://logback.qos.ch/manual/appenders.html#SizeAndTimeBasedRollingPolicy
13:14:49,565 |-INFO in ch.qos.logback.core.joran.action.NestedComplexPropertyIA - Assuming default type [ch.qos.logback.classic.encoder.PatternLayoutEncoder] for [encoder] property
13:14:49,570 |-INFO in ch.qos.logback.core.rolling.RollingFileAppender[FILE] - Active log file name: /tmp/application.log
13:14:49,570 |-INFO in ch.qos.logback.core.rolling.RollingFileAppender[FILE] - File property is set to [/tmp/application.log]
13:14:49,571 |-INFO in ch.qos.logback.classic.joran.action.RootLoggerAction - Setting level of ROOT logger to WARN
13:14:49,571 |-INFO in ch.qos.logback.core.joran.action.AppenderRefAction - Attaching appender named [STDOUT] to Logger[ROOT]
13:14:49,573 |-INFO in ch.qos.logback.core.joran.action.AppenderRefAction - Attaching appender named [FILE] to Logger[ROOT]
13:14:49,573 |-INFO in ch.qos.logback.classic.joran.action.ConfigurationAction - End of configuration.
13:14:49,573 |-INFO in ch.qos.logback.classic.joran.JoranConfigurator@79698539 - Registering current configuration as safe fallback point

Ama winner
Ama winner
2019-06-10T13:14:50.846+0000: 1.724: [Full GC (Metadata GC Threshold) 2019-06-10T13:14:50.846+0000: 1.724: [Tenured: 0K->15177K(341376K), 0.0395183 secs] 114987K->15177K(494976K), [Metaspace: 20735K->20735K(1067008K)], 0.0395958 secs] [Times: user=0.04 sys=0.00, real=0.04 secs] 
13:15:12.288 [Curator-PathChildrenCache-1] WARN  o.a.c.u.ZKPaths  - The version of ZooKeeper being used doesn't support Container nodes. CreateMode.PERSISTENT will be used instead.
2019-06-10T13:15:14.978+0000: 25.856: [GC (Allocation Failure) 2019-06-10T13:15:14.978+0000: 25.856: [DefNew: 136576K->17023K(153600K), 0.0253750 secs] 151753K->52640K(494976K), 0.0254554 secs] [Times: user=0.01 sys=0.01, real=0.02 secs] 
2019-06-10T13:15:16.427+0000: 27.305: [Full GC (Metadata GC Threshold) 2019-06-10T13:15:16.427+0000: 27.305: [Tenured: 35616K->44235K(341376K), 0.0393660 secs] 84912K->44235K(494976K), [Metaspace: 34613K->34613K(1079296K)], 0.0394544 secs] [Times: user=0.03 sys=0.00, real=0.04 secs] 
2019-06-10T13:15:24.567+0000: 35.445: [GC (Allocation Failure) 2019-06-10T13:15:24.567+0000: 35.445: [DefNew: 136576K->66K(153600K), 0.0017504 secs] 180811K->44302K(494976K), 0.0018090 secs] [Times: user=0.01 sys=0.00, real=0.00 secs] 
2019-06-10T13:15:32.813+0000: 43.691: [GC (Allocation Failure) 2019-06-10T13:15:32.813+0000: 43.691: [DefNew: 136642K->67K(153600K), 0.0017521 secs] 180878K->44303K(494976K), 0.0018126 secs] [Times: user=0.00 sys=0.00, real=0.00 secs] 
2019-06-10T13:15:40.997+0000: 51.875: [GC (Allocation Failure) 2019-06-10T13:15:40.997+0000: 51.876: [DefNew: 136643K->69K(153600K), 0.0017907 secs] 180879K->44305K(494976K), 0.0018518 secs] [Times: user=0.00 sys=0.00, real=0.00 secs] 
2019-06-10T13:15:49.231+0000: 60.109: [GC (Allocation Failure) 2019-06-10T13:15:49.231+0000: 60.109: [DefNew: 136645K->67K(153600K), 0.0017160 secs] 180881K->44303K(494976K), 0.0017754 secs] [Times: user=0.00 sys=0.00, real=0.00 secs] 
2019-06-10T13:15:58.392+0000: 69.270: [GC (Allocation Failure) 2019-06-10T13:15:58.392+0000: 69.270: [DefNew: 136643K->412K(153600K), 0.0022143 secs] 180879K->44648K(494976K), 0.0022780 secs] [Times: user=0.01 sys=0.00, real=0.00 secs] 
2019-06-10T13:16:08.264+0000: 79.143: [GC (Allocation Failure) 2019-06-10T13:16:08.264+0000: 79.143: [DefNew: 136988K->162K(153600K), 0.0020030 secs] 181224K->44398K(494976K), 0.0020640 secs] [Times: user=0.00 sys=0.00, real=0.00 secs] 
13:16:22.502 [Curator-PathChildrenCache-0] ERROR o.a.c.f.r.c.PathChildrenCache  - 
java.lang.IllegalStateException: instance must be started before calling this method
	at org.apache.curator.shaded.com.google.common.base.Preconditions.checkState(Preconditions.java:444)
	at org.apache.curator.framework.imps.CuratorFrameworkImpl.getChildren(CuratorFrameworkImpl.java:456)
	at org.apache.curator.framework.recipes.cache.PathChildrenCache.refresh(PathChildrenCache.java:521)
	at org.apache.curator.framework.recipes.cache.RefreshOperation.invoke(RefreshOperation.java:35)
	at org.apache.curator.framework.recipes.cache.PathChildrenCache$9.run(PathChildrenCache.java:786)
	at java.util.concurrent.Executors$RunnableAdapter.call(Executors.java:511)
	at java.util.concurrent.FutureTask.run(FutureTask.java:266)
	at java.util.concurrent.Executors$RunnableAdapter.call(Executors.java:511)
	at java.util.concurrent.FutureTask.run(FutureTask.java:266)
	at java.util.concurrent.ThreadPoolExecutor.runWorker(ThreadPoolExecutor.java:1149)
	at java.util.concurrent.ThreadPoolExecutor$Worker.run(ThreadPoolExecutor.java:624)
	at java.lang.Thread.run(Thread.java:748)
Heap
 def new generation   total 153600K, used 110686K [0x00000000e0c00000, 0x00000000eb2a0000, 0x00000000eb2a0000)
  eden space 136576K,  80% used [0x00000000e0c00000, 0x00000000e77eef70, 0x00000000e9160000)
  from space 17024K,   0% used [0x00000000ea200000, 0x00000000ea228b80, 0x00000000eb2a0000)
  to   space 17024K,   0% used [0x00000000e9160000, 0x00000000e9160000, 0x00000000ea200000)
 tenured generation   total 341376K, used 44235K [0x00000000eb2a0000, 0x0000000100000000, 0x0000000100000000)
   the space 341376K,  12% used [0x00000000eb2a0000, 0x00000000eddd2f90, 0x00000000eddd3000, 0x0000000100000000)
 Metaspace       used 36272K, capacity 37198K, committed 37376K, reserved 1081344K
  class space    used 4875K, capacity 5087K, committed 5120K, reserved 1048576K
