11:34:52,940 |-INFO in ch.qos.logback.classic.LoggerContext[default] - Could NOT find resource [logback-test.xml]
11:34:52,940 |-INFO in ch.qos.logback.classic.LoggerContext[default] - Could NOT find resource [logback.groovy]
11:34:52,940 |-INFO in ch.qos.logback.classic.LoggerContext[default] - Found resource [logback.xml] at [jar:file:/home/ubuntu/flamestream/lib/flamestream-runtime-1.0-SNAPSHOT.jar!/logback.xml]
11:34:52,941 |-WARN in ch.qos.logback.classic.LoggerContext[default] - Resource [logback.xml] occurs multiple times on the classpath.
11:34:52,941 |-WARN in ch.qos.logback.classic.LoggerContext[default] - Resource [logback.xml] occurs at [jar:file:/home/ubuntu/flamestream/flamestream-runtime-1.0-SNAPSHOT.jar!/logback.xml]
11:34:52,941 |-WARN in ch.qos.logback.classic.LoggerContext[default] - Resource [logback.xml] occurs at [jar:file:/home/ubuntu/flamestream/lib/flamestream-runtime-1.0-SNAPSHOT.jar!/logback.xml]
11:34:52,962 |-INFO in ch.qos.logback.core.joran.spi.ConfigurationWatchList@4678c730 - URL [jar:file:/home/ubuntu/flamestream/lib/flamestream-runtime-1.0-SNAPSHOT.jar!/logback.xml] is not of type file
11:34:53,030 |-INFO in ch.qos.logback.classic.joran.action.ConfigurationAction - debug attribute not set
11:34:53,031 |-INFO in ch.qos.logback.core.joran.action.AppenderAction - About to instantiate appender of type [ch.qos.logback.core.ConsoleAppender]
11:34:53,053 |-INFO in ch.qos.logback.core.joran.action.AppenderAction - Naming appender as [STDOUT]
11:34:53,064 |-INFO in ch.qos.logback.core.joran.action.NestedComplexPropertyIA - Assuming default type [ch.qos.logback.classic.encoder.PatternLayoutEncoder] for [encoder] property
11:34:53,167 |-INFO in ch.qos.logback.core.joran.action.AppenderAction - About to instantiate appender of type [ch.qos.logback.core.rolling.RollingFileAppender]
11:34:53,170 |-INFO in ch.qos.logback.core.joran.action.AppenderAction - Naming appender as [FILE]
11:34:53,217 |-INFO in c.q.l.core.rolling.TimeBasedRollingPolicy@1734853116 - No compression will be used
11:34:53,218 |-INFO in c.q.l.core.rolling.TimeBasedRollingPolicy@1734853116 - Will use the pattern /tmp/application_%d{yyyy-MM-dd}.%i.log for the active file
11:34:53,230 |-INFO in ch.qos.logback.core.rolling.SizeAndTimeBasedFNATP@29ee9faa - The date pattern is 'yyyy-MM-dd' from file name pattern '/tmp/application_%d{yyyy-MM-dd}.%i.log'.
11:34:53,230 |-INFO in ch.qos.logback.core.rolling.SizeAndTimeBasedFNATP@29ee9faa - Roll-over at midnight.
11:34:53,236 |-INFO in ch.qos.logback.core.rolling.SizeAndTimeBasedFNATP@29ee9faa - Setting initial period to Thu Oct 10 11:34:28 UTC 2019
11:34:53,236 |-WARN in ch.qos.logback.core.rolling.SizeAndTimeBasedFNATP@29ee9faa - SizeAndTimeBasedFNATP is deprecated. Use SizeAndTimeBasedRollingPolicy instead
11:34:53,236 |-WARN in ch.qos.logback.core.rolling.SizeAndTimeBasedFNATP@29ee9faa - For more information see http://logback.qos.ch/manual/appenders.html#SizeAndTimeBasedRollingPolicy
11:34:53,242 |-INFO in ch.qos.logback.core.joran.action.NestedComplexPropertyIA - Assuming default type [ch.qos.logback.classic.encoder.PatternLayoutEncoder] for [encoder] property
11:34:53,244 |-INFO in ch.qos.logback.core.rolling.RollingFileAppender[FILE] - Active log file name: /tmp/application.log
11:34:53,244 |-INFO in ch.qos.logback.core.rolling.RollingFileAppender[FILE] - File property is set to [/tmp/application.log]
11:34:53,245 |-INFO in ch.qos.logback.classic.joran.action.RootLoggerAction - Setting level of ROOT logger to INFO
11:34:53,249 |-INFO in ch.qos.logback.core.joran.action.AppenderRefAction - Attaching appender named [STDOUT] to Logger[ROOT]
11:34:53,250 |-INFO in ch.qos.logback.core.joran.action.AppenderRefAction - Attaching appender named [FILE] to Logger[ROOT]
11:34:53,250 |-INFO in ch.qos.logback.classic.joran.action.ConfigurationAction - End of configuration.
11:34:53,251 |-INFO in ch.qos.logback.classic.joran.JoranConfigurator@c038203 - Registering current configuration as safe fallback point

11:34:53.258 [main] INFO  c.s.f.r.WorkerApplication  - Starting worker with workerConfig 'WorkerConfig{id='flamestream-benchmarks-worker-11', localAddress=flamestream-benchmarks-worker-11/10.0.0.2:5412, zkString='flamestream-benchmarks-manager:12181', snapshotPath='/home/ubuntu/flamestream/data', guarantees=AT_MOST_ONCE}'
11:34:54.727 [worker-akka.actor.default-dispatcher-6] INFO  a.e.s.Slf4jLogger  - Slf4jLogger started
2019-10-10T11:34:54.878+0000: 2.285: [Full GC (Metadata GC Threshold) 2019-10-10T11:34:54.878+0000: 2.285: [Tenured: 0K->13625K(1024000K), 0.0509931 secs] 139464K->13625K(1484800K), [Metaspace: 20222K->20222K(1067008K)], 0.0510859 secs] [Times: user=0.05 sys=0.01, real=0.04 secs] 
11:34:55.041 [worker-akka.actor.default-dispatcher-6] WARN  a.r.RemoteActorRefProvider akka.remote.RemoteActorRefProvider - Using the 'remote' ActorRefProvider directly, which is a low-level layer. For most use cases, the 'cluster' abstraction on top of remoting is more suitable instead.
11:34:55.052 [worker-akka.actor.default-dispatcher-6] WARN  a.r.RemoteActorRefProvider akka.remote.RemoteActorRefProvider - Akka Cluster not in use - Using Akka Cluster is recommended if you need remote watch and deploy.
11:34:55.173 [worker-akka.actor.default-dispatcher-6] INFO  a.r.a.a.ArteryAeronUdpTransport(akka://worker) akka.remote.artery.aeron.ArteryAeronUdpTransport(akka://worker) - Started embedded media driver in directory [/dev/shm/aeron-flamestream-benchmarks-worker-11]
11:34:55.212 [worker-akka.actor.default-dispatcher-6] WARN  a.r.a.a.ArteryAeronUdpTransport(akka://worker) akka.remote.artery.aeron.ArteryAeronUdpTransport(akka://worker) - Aeron CnC version mismatch: compiled version = 15, file version = 16
11:34:55.501 [worker-akka.actor.default-dispatcher-6] INFO  a.r.a.a.ArteryAeronUdpTransport(akka://worker) akka.remote.artery.aeron.ArteryAeronUdpTransport(akka://worker) - Remoting started with transport [Artery aeron-udp]; listening on address [akka://worker@flamestream-benchmarks-worker-11:5412] and bound to [akka://worker@0.0.0.0:5412] with UID [3249531270705745986]
11:34:56.156 [worker-akka.actor.default-dispatcher-6] WARN  a.s.Serialization(akka://worker) akka.serialization.Serialization(akka://worker) - Using serializer [com.romix.akka.serialization.kryo.KryoSerializer] for message [akka.actor.ActorSelectionMessage]. Note that this serializer is not implemented by Akka. It's not recommended to replace serializers for messages provided by Akka.
11:34:56.157 [worker-akka.actor.default-dispatcher-6] WARN  a.s.Serialization(akka://worker) akka.serialization.Serialization(akka://worker) - Using serializer [com.romix.akka.serialization.kryo.KryoSerializer] for message [akka.actor.ActorIdentity]. Note that this serializer is not implemented by Akka. It's not recommended to replace serializers for messages provided by Akka.
11:34:56.215 [worker-akka.actor.default-dispatcher-9] INFO  a.a.RepointableActorRef akka://worker/user/watcher - Starting...
11:34:56.387 [worker-akka.actor.default-dispatcher-6] INFO  o.a.c.u.Compatibility  - Running in ZooKeeper 3.4.x compatibility mode
11:34:56.457 [worker-akka.actor.default-dispatcher-6] INFO  o.a.c.f.i.CuratorFrameworkImpl  - Starting
11:34:56.483 [worker-akka.actor.default-dispatcher-6] INFO  o.a.z.ZooKeeper  - Client environment:zookeeper.version=3.4.14-4c25d480e66aadd371de8bd2fd8da255ac140bcf, built on 03/06/2019 16:18 GMT
11:34:56.483 [worker-akka.actor.default-dispatcher-6] INFO  o.a.z.ZooKeeper  - Client environment:host.name=flamestream-benchmarks-worker-11
11:34:56.483 [worker-akka.actor.default-dispatcher-6] INFO  o.a.z.ZooKeeper  - Client environment:java.version=1.8.0_222
11:34:56.484 [worker-akka.actor.default-dispatcher-6] INFO  o.a.z.ZooKeeper  - Client environment:java.vendor=Private Build
11:34:56.486 [worker-akka.actor.default-dispatcher-6] INFO  o.a.z.ZooKeeper  - Client environment:java.home=/usr/lib/jvm/java-8-openjdk-amd64/jre
11:34:56.487 [worker-akka.actor.default-dispatcher-6] INFO  o.a.z.ZooKeeper  - Client environment:java.class.path=lib/curator-framework-4.0.1.jar:lib/commons-csv-1.4.jar:lib/aeron-client-1.21.2.jar:lib/scala-library-2.12.9.jar:lib/asm-5.0.4.jar:lib/agrona-1.0.1.jar:lib/curator-recipes-4.0.1.jar:lib/akka-testkit_2.12-2.6.0-M6.jar:lib/flamestream-runtime-1.0-SNAPSHOT.jar:lib/slf4j-simple-2.0.0-alpha1.jar:lib/jsr305-3.0.2.jar:lib/trove4j-3.0.3.jar:lib/flamestream-core-1.0-SNAPSHOT.jar:lib/commons-io-2.4.jar:lib/minlog-1.3.0.jar:lib/kryonet-2.21.jar:lib/commons-1.4.9.jar:lib/jline-0.9.94.jar:lib/akka-remote_2.12-2.6.0-M6.jar:lib/leveldbjni-all-1.8.jar:lib/lz4-1.3.0.jar:lib/slf4j-api-1.7.24.jar:lib/scala-parser-combinators_2.12-1.1.2.jar:lib/flamestream-core-1.0-SNAPSHOT-tests.jar:lib/logback-core-1.2.3.jar:lib/netty-3.10.6.Final.jar:lib/protobuf-java-3.9.0.jar:lib/minlog-1.2.jar:lib/leveldb-api-0.7.jar:lib/jool-0.9.12.jar:lib/commons-cli-1.4.jar:lib/jblas-1.2.4.jar:lib/reflectasm-1.11.3.jar:lib/reflectasm-1.07-shaded.jar:lib/audience-annotations-0.5.0.jar:lib/jackson-annotations-2.9.6.jar:lib/commons-lang-2.6.jar:lib/ssl-config-core_2.12-0.3.8.jar:lib/annotations-13.0.jar:lib/logback-classic-1.2.3.jar:lib/guava-21.0.jar:lib/reactive-streams-1.0.2.jar:lib/spotbugs-annotations-3.1.9.jar:lib/leveldb-0.7.jar:lib/commons-pool2-2.4.2.jar:lib/rocksdbjni-5.5.1.jar:lib/jackson-core-2.9.9.jar:lib/jackson-databind-2.9.9.2.jar:lib/akka-protobuf-v3_2.12-2.6.0-M6.jar:lib/jackson-annotations-2.9.0.jar:lib/flamestream-examples-1.0-SNAPSHOT.jar:lib/objenesis-2.1.jar:lib/akka-kryo-serialization_2.12-0.5.2.jar:lib/scala-java8-compat_2.12-0.8.0.jar:lib/zookeeper-3.4.14.jar:lib/akka-slf4j_2.12-2.6.0-M6.jar:lib/kryo-4.0.0.jar:lib/akka-stream_2.12-2.6.0-M6.jar:lib/aeron-driver-1.21.2.jar:lib/config-1.3.1.jar:lib/annotations-12.0.jar:lib/jedis-2.9.0.jar:lib/jcommander-1.48.jar:lib/testng-6.10.jar:lib/akka-actor_2.12-2.6.0-M6.jar:lib/curator-client-4.0.1.jar:flamestream-runtime-1.0-SNAPSHOT.jar
11:34:56.491 [worker-akka.actor.default-dispatcher-6] INFO  o.a.z.ZooKeeper  - Client environment:java.library.path=/usr/java/packages/lib/amd64:/usr/lib/x86_64-linux-gnu/jni:/lib/x86_64-linux-gnu:/usr/lib/x86_64-linux-gnu:/usr/lib/jni:/lib:/usr/lib
11:34:56.491 [worker-akka.actor.default-dispatcher-6] INFO  o.a.z.ZooKeeper  - Client environment:java.io.tmpdir=/tmp
11:34:56.491 [worker-akka.actor.default-dispatcher-6] INFO  o.a.z.ZooKeeper  - Client environment:java.compiler=<NA>
11:34:56.492 [worker-akka.actor.default-dispatcher-6] INFO  o.a.z.ZooKeeper  - Client environment:os.name=Linux
11:34:56.496 [worker-akka.actor.default-dispatcher-6] INFO  o.a.z.ZooKeeper  - Client environment:os.arch=amd64
11:34:56.496 [worker-akka.actor.default-dispatcher-6] INFO  o.a.z.ZooKeeper  - Client environment:os.version=4.15.0-1040-gcp
11:34:56.497 [worker-akka.actor.default-dispatcher-6] INFO  o.a.z.ZooKeeper  - Client environment:user.name=ubuntu
11:34:56.497 [worker-akka.actor.default-dispatcher-6] INFO  o.a.z.ZooKeeper  - Client environment:user.home=/home/ubuntu
11:34:56.497 [worker-akka.actor.default-dispatcher-6] INFO  o.a.z.ZooKeeper  - Client environment:user.dir=/home/ubuntu/flamestream
11:34:56.500 [worker-akka.actor.default-dispatcher-6] INFO  o.a.z.ZooKeeper  - Initiating client connection, connectString=flamestream-benchmarks-manager:12181 sessionTimeout=60000 watcher=org.apache.curator.ConnectionState@bd23c93
11:34:56.558 [worker-akka.actor.default-dispatcher-6-SendThread(flamestream-benchmarks-manager:12181)] INFO  o.a.z.ClientCnxn  - Opening socket connection to server flamestream-benchmarks-manager/10.0.0.21:12181. Will not attempt to authenticate using SASL (unknown error)
11:34:56.560 [worker-akka.actor.default-dispatcher-6] INFO  o.a.c.f.i.CuratorFrameworkImpl  - Default schema
11:34:56.566 [worker-akka.actor.default-dispatcher-6-SendThread(flamestream-benchmarks-manager:12181)] INFO  o.a.z.ClientCnxn  - Socket connection established to flamestream-benchmarks-manager/10.0.0.21:12181, initiating session
11:34:56.579 [worker-akka.actor.default-dispatcher-6-SendThread(flamestream-benchmarks-manager:12181)] INFO  o.a.z.ClientCnxn  - Session establishment complete on server flamestream-benchmarks-manager/10.0.0.21:12181, sessionid = 0x100002c5342000b, negotiated timeout = 60000
11:34:56.589 [worker-akka.actor.default-dispatcher-6-EventThread] INFO  o.a.c.f.s.ConnectionStateManager  - State change: CONNECTED
11:34:56.593 [worker-akka.actor.default-dispatcher-9] INFO  a.a.RepointableActorRef akka://worker/user/watcher - Initializing rocksDB backend
2019-10-10T11:34:57.644+0000: 5.051: [Full GC (Metadata GC Threshold) 2019-10-10T11:34:57.644+0000: 5.051: [Tenured: 13625K->25921K(1024000K), 0.0730681 secs] 152923K->25921K(1484800K), [Metaspace: 33683K->33683K(1079296K)], 0.0731808 secs] [Times: user=0.06 sys=0.01, real=0.07 secs] 
11:34:57.815 [worker-akka.actor.default-dispatcher-6] INFO  a.a.LocalActorRef akka://worker/user/watcher/processing-watcher - Starting...
11:35:02.194 [Curator-PathChildrenCache-1] WARN  o.a.c.u.ZKPaths  - The version of ZooKeeper being used doesn't support Container nodes. CreateMode.PERSISTENT will be used instead.
11:35:02.333 [worker-akka.actor.default-dispatcher-10] INFO  a.a.LocalActorRef akka://worker/user/watcher/processing-watcher/$a - Starting...
11:35:02.379 [worker-akka.actor.default-dispatcher-6] INFO  a.a.LocalActorRef akka://worker/user/watcher/processing-watcher/$a - Stopped
11:35:04.044 [worker-akka.actor.default-dispatcher-6] INFO  a.a.LocalActorRef akka://worker/user/watcher/processing-watcher/graph/graph - Starting...
11:35:07.814 [worker-akka.actor.default-dispatcher-6] INFO  a.a.LocalActorRef akka://worker/user/watcher/processing-watcher/graph/graph - Finishing constructor
11:35:07.818 [worker-akka.actor.default-dispatcher-12] INFO  a.a.LocalActorRef akka://worker/user/watcher/processing-watcher/graph/negotiator - Starting...
11:35:07.822 [worker-akka.actor.default-dispatcher-12] INFO  a.a.LocalActorRef akka://worker/user/watcher/processing-watcher/graph/edge - Starting...
11:35:07.828 [worker-akka.actor.default-dispatcher-6] INFO  a.a.LocalActorRef akka://worker/user/watcher/processing-watcher/graph - Starting FlameNode with config 'ClusterConfig{paths={flamestream-benchmarks-worker-1=akka://worker@flamestream-benchmarks-worker-1:5412/user/watcher/processing-watcher/graph, flamestream-benchmarks-worker-0=akka://worker@flamestream-benchmarks-worker-0:5412/user/watcher/processing-watcher/graph, flamestream-benchmarks-worker-9=akka://worker@flamestream-benchmarks-worker-9:5412/user/watcher/processing-watcher/graph, flamestream-benchmarks-worker-8=akka://worker@flamestream-benchmarks-worker-8:5412/user/watcher/processing-watcher/graph, flamestream-benchmarks-worker-7=akka://worker@flamestream-benchmarks-worker-7:5412/user/watcher/processing-watcher/graph, flamestream-benchmarks-worker-6=akka://worker@flamestream-benchmarks-worker-6:5412/user/watcher/processing-watcher/graph, flamestream-benchmarks-worker-5=akka://worker@flamestream-benchmarks-worker-5:5412/user/watcher/processing-watcher/graph, flamestream-benchmarks-worker-4=akka://worker@flamestream-benchmarks-worker-4:5412/user/watcher/processing-watcher/graph, flamestream-benchmarks-worker-3=akka://worker@flamestream-benchmarks-worker-3:5412/user/watcher/processing-watcher/graph, flamestream-benchmarks-worker-2=akka://worker@flamestream-benchmarks-worker-2:5412/user/watcher/processing-watcher/graph, flamestream-benchmarks-worker-14=akka://worker@flamestream-benchmarks-worker-14:5412/user/watcher/processing-watcher/graph, flamestream-benchmarks-worker-13=akka://worker@flamestream-benchmarks-worker-13:5412/user/watcher/processing-watcher/graph, flamestream-benchmarks-worker-12=akka://worker@flamestream-benchmarks-worker-12:5412/user/watcher/processing-watcher/graph, flamestream-benchmarks-worker-11=akka://worker@flamestream-benchmarks-worker-11:5412/user/watcher/processing-watcher/graph, flamestream-benchmarks-worker-10=akka://worker@flamestream-benchmarks-worker-10:5412/user/watcher/processing-watcher/graph}}'
11:35:07.839 [worker-akka.actor.default-dispatcher-6] INFO  a.a.LocalActorRef akka://worker/user/watcher/processing-watcher/graph/negotiator - Requesting ticket for the frontClass FlameSocketGraphDeployerFront@flamestream-benchmarks-worker-11
11:35:07.889 [worker-akka.actor.default-dispatcher-13] INFO  a.a.LocalActorRef akka://worker/user/watcher/processing-watcher/graph/graph - Received last commit 'LastCommit{globalTime=(0000000, min@min)}'
11:35:07.907 [worker-akka.actor.default-dispatcher-9] INFO  c.s.f.r.e.s.SocketRear  - FlameSocketGraphDeployerRear@flamestream-benchmarks-worker-11: connecting to flamestream-benchmarks-manager:5678
11:35:07.926 [worker-akka.actor.default-dispatcher-12] INFO  a.a.LocalActorRef akka://worker/user/watcher/processing-watcher/graph/edge/FlameSocketGraphDeployerFront - Starting...
11:35:07.948 [worker-akka.actor.default-dispatcher-9] INFO  c.s.f.r.e.s.SocketRear  - FlameSocketGraphDeployerRear@flamestream-benchmarks-worker-11: connected to flamestream-benchmarks-manager:5678
11:35:07.949 [worker-akka.actor.default-dispatcher-9] INFO  a.a.LocalActorRef akka://worker/user/watcher/processing-watcher/graph/edge/FlameSocketGraphDeployerRear - Starting...
11:35:07.958 [worker-akka.actor.default-dispatcher-13] INFO  a.a.LocalActorRef akka://worker/user/watcher/processing-watcher/graph/negotiator - Ticket for the frontClass received: FrontTicket{allowedTimestamp=(0000000, FlameSocketGraphDeployerFront@flamestream-benchmarks-worker-11)}
11:35:07.960 [worker-akka.actor.default-dispatcher-13] INFO  c.s.f.r.e.s.SocketFront  - FlameSocketGraphDeployerFront@flamestream-benchmarks-worker-11: connecting to flamestream-benchmarks-manager:4567
11:35:08.355 [worker-akka.actor.default-dispatcher-13] INFO  a.a.LocalActorRef akka://worker/user/watcher/processing-watcher/graph/graph/$a - Starting...
11:35:08.367 [worker-akka.actor.default-dispatcher-13] INFO  a.a.LocalActorRef akka://worker/user/watcher/processing-watcher/graph/graph/$b - Starting...
11:35:08.369 [worker-akka.actor.default-dispatcher-13] INFO  a.a.LocalActorRef akka://worker/user/watcher/processing-watcher/graph/graph/$c - Starting...
11:35:08.373 [worker-akka.actor.default-dispatcher-13] INFO  a.a.LocalActorRef akka://worker/user/watcher/processing-watcher/graph/graph/$d - Starting...
11:35:08.376 [worker-akka.actor.default-dispatcher-13] INFO  a.a.LocalActorRef akka://worker/user/watcher/processing-watcher/graph/graph/$e - Starting...
11:35:08.377 [worker-akka.actor.default-dispatcher-13] INFO  a.a.LocalActorRef akka://worker/user/watcher/processing-watcher/graph/graph/$f - Starting...
11:35:08.379 [worker-akka.actor.default-dispatcher-13] INFO  a.a.LocalActorRef akka://worker/user/watcher/processing-watcher/graph/graph/$g - Starting...
11:35:08.383 [worker-akka.actor.default-dispatcher-13] INFO  a.a.LocalActorRef akka://worker/user/watcher/processing-watcher/graph/graph/$h - Starting...
11:35:08.393 [worker-akka.actor.default-dispatcher-13] INFO  a.a.LocalActorRef akka://worker/user/watcher/processing-watcher/graph/graph/$i - Starting...
11:35:08.394 [worker-akka.actor.default-dispatcher-13] INFO  a.a.LocalActorRef akka://worker/user/watcher/processing-watcher/graph/graph/$j - Starting...
11:35:08.394 [worker-akka.actor.default-dispatcher-13] INFO  a.a.LocalActorRef akka://worker/user/watcher/processing-watcher/graph/graph/$k - Starting...
11:35:08.394 [worker-akka.actor.default-dispatcher-13] INFO  a.a.LocalActorRef akka://worker/user/watcher/processing-watcher/graph/graph/$l - Starting...
11:35:08.394 [worker-akka.actor.default-dispatcher-13] INFO  a.a.LocalActorRef akka://worker/user/watcher/processing-watcher/graph/graph/$m - Starting...
11:35:08.394 [worker-akka.actor.default-dispatcher-13] INFO  a.a.LocalActorRef akka://worker/user/watcher/processing-watcher/graph/graph/$n - Starting...
11:35:08.394 [worker-akka.actor.default-dispatcher-13] INFO  a.a.LocalActorRef akka://worker/user/watcher/processing-watcher/graph/graph/$o - Starting...
11:35:08.394 [worker-akka.actor.default-dispatcher-13] INFO  a.a.LocalActorRef akka://worker/user/watcher/processing-watcher/graph/graph/$p - Starting...
11:35:08.408 [worker-akka.actor.default-dispatcher-9] INFO  a.a.LocalActorRef akka://worker/user/watcher/processing-watcher/graph/graph/$q - Starting...
11:35:08.409 [worker-akka.actor.default-dispatcher-9] INFO  a.a.LocalActorRef akka://worker/user/watcher/processing-watcher/graph/graph/$r - Starting...
11:35:08.414 [worker-akka.actor.default-dispatcher-9] INFO  a.a.LocalActorRef akka://worker/user/watcher/processing-watcher/graph/graph/$s - Starting...
11:35:08.415 [worker-akka.actor.default-dispatcher-9] INFO  a.a.LocalActorRef akka://worker/user/watcher/processing-watcher/graph/graph/$t - Starting...
11:35:08.418 [worker-akka.actor.default-dispatcher-9] INFO  a.a.LocalActorRef akka://worker/user/watcher/processing-watcher/graph/graph/$u - Starting...
11:35:08.422 [worker-akka.actor.default-dispatcher-9] INFO  a.a.LocalActorRef akka://worker/user/watcher/processing-watcher/graph/graph/$v - Starting...
11:35:08.425 [worker-akka.actor.default-dispatcher-9] INFO  a.a.LocalActorRef akka://worker/user/watcher/processing-watcher/graph/graph/$w - Starting...
11:35:08.429 [worker-akka.actor.default-dispatcher-9] INFO  a.a.LocalActorRef akka://worker/user/watcher/processing-watcher/graph/graph/$x - Starting...
11:35:08.430 [worker-akka.actor.default-dispatcher-9] INFO  a.a.LocalActorRef akka://worker/user/watcher/processing-watcher/graph/graph/$y - Starting...
11:35:08.435 [worker-akka.actor.default-dispatcher-9] INFO  a.a.LocalActorRef akka://worker/user/watcher/processing-watcher/graph/graph/$z - Starting...
11:35:08.438 [worker-akka.actor.default-dispatcher-9] INFO  a.a.LocalActorRef akka://worker/user/watcher/processing-watcher/graph/graph/$A - Starting...
11:35:08.441 [worker-akka.actor.default-dispatcher-9] INFO  a.a.LocalActorRef akka://worker/user/watcher/processing-watcher/graph/graph/$B - Starting...
11:35:08.443 [worker-akka.actor.default-dispatcher-9] INFO  a.a.LocalActorRef akka://worker/user/watcher/processing-watcher/graph/graph/$C - Starting...
11:35:08.447 [worker-akka.actor.default-dispatcher-9] INFO  a.a.LocalActorRef akka://worker/user/watcher/processing-watcher/graph/graph/$D - Starting...
11:35:08.449 [worker-akka.actor.default-dispatcher-9] INFO  a.a.LocalActorRef akka://worker/user/watcher/processing-watcher/graph/graph/$E - Starting...
11:35:08.453 [worker-akka.actor.default-dispatcher-9] INFO  a.a.LocalActorRef akka://worker/user/watcher/processing-watcher/graph/graph/$F - Starting...
11:35:08.455 [worker-akka.actor.default-dispatcher-9] INFO  a.a.LocalActorRef akka://worker/user/watcher/processing-watcher/graph/graph/$G - Starting...
11:35:08.457 [worker-akka.actor.default-dispatcher-9] INFO  a.a.LocalActorRef akka://worker/user/watcher/processing-watcher/graph/graph/$H - Starting...
11:35:08.511 [worker-akka.actor.default-dispatcher-9] INFO  a.a.LocalActorRef akka://worker/user/watcher/processing-watcher/graph/graph/$I - Starting...
11:35:08.516 [worker-akka.actor.default-dispatcher-9] INFO  a.a.LocalActorRef akka://worker/user/watcher/processing-watcher/graph/graph/$J - Starting...
11:35:08.518 [worker-akka.actor.default-dispatcher-9] INFO  a.a.LocalActorRef akka://worker/user/watcher/processing-watcher/graph/graph/$K - Starting...
11:35:08.521 [worker-akka.actor.default-dispatcher-9] INFO  a.a.LocalActorRef akka://worker/user/watcher/processing-watcher/graph/graph/$L - Starting...
11:35:08.525 [worker-akka.actor.default-dispatcher-9] INFO  a.a.LocalActorRef akka://worker/user/watcher/processing-watcher/graph/graph/$M - Starting...
11:35:08.528 [worker-akka.actor.default-dispatcher-9] INFO  a.a.LocalActorRef akka://worker/user/watcher/processing-watcher/graph/graph/$N - Starting...
11:35:08.530 [worker-akka.actor.default-dispatcher-9] INFO  a.a.LocalActorRef akka://worker/user/watcher/processing-watcher/graph/graph/$O - Starting...
11:35:08.533 [worker-akka.actor.default-dispatcher-9] INFO  a.a.LocalActorRef akka://worker/user/watcher/processing-watcher/graph/graph/$P - Starting...
11:35:08.536 [worker-akka.actor.default-dispatcher-9] INFO  a.a.LocalActorRef akka://worker/user/watcher/processing-watcher/graph/graph/$Q - Starting...
11:35:08.538 [worker-akka.actor.default-dispatcher-9] INFO  a.a.LocalActorRef akka://worker/user/watcher/processing-watcher/graph/graph/$R - Starting...
11:35:08.540 [worker-akka.actor.default-dispatcher-9] INFO  a.a.LocalActorRef akka://worker/user/watcher/processing-watcher/graph/graph/$S - Starting...
11:35:08.542 [worker-akka.actor.default-dispatcher-9] INFO  a.a.LocalActorRef akka://worker/user/watcher/processing-watcher/graph/graph/$T - Starting...
11:35:08.544 [worker-akka.actor.default-dispatcher-9] INFO  a.a.LocalActorRef akka://worker/user/watcher/processing-watcher/graph/graph/$U - Starting...
11:35:08.546 [worker-akka.actor.default-dispatcher-9] INFO  a.a.LocalActorRef akka://worker/user/watcher/processing-watcher/graph/graph/$V - Starting...
11:35:08.548 [worker-akka.actor.default-dispatcher-9] INFO  a.a.LocalActorRef akka://worker/user/watcher/processing-watcher/graph/graph/$W - Starting...
11:35:08.550 [worker-akka.actor.default-dispatcher-9] INFO  a.a.LocalActorRef akka://worker/user/watcher/processing-watcher/graph/graph/$X - Starting...
11:35:08.552 [worker-akka.actor.default-dispatcher-9] INFO  a.a.LocalActorRef akka://worker/user/watcher/processing-watcher/graph/graph/$Y - Starting...
11:35:08.554 [worker-akka.actor.default-dispatcher-9] INFO  a.a.LocalActorRef akka://worker/user/watcher/processing-watcher/graph/graph/$Z - Starting...
11:35:08.555 [worker-akka.actor.default-dispatcher-9] INFO  a.a.LocalActorRef akka://worker/user/watcher/processing-watcher/graph/graph/$0 - Starting...
11:35:08.557 [worker-akka.actor.default-dispatcher-9] INFO  a.a.LocalActorRef akka://worker/user/watcher/processing-watcher/graph/graph/$1 - Starting...
11:35:08.558 [worker-akka.actor.default-dispatcher-9] INFO  a.a.LocalActorRef akka://worker/user/watcher/processing-watcher/graph/graph/$2 - Starting...
11:35:08.559 [worker-akka.actor.default-dispatcher-9] INFO  a.a.LocalActorRef akka://worker/user/watcher/processing-watcher/graph/graph/$3 - Starting...
11:35:08.561 [worker-akka.actor.default-dispatcher-9] INFO  a.a.LocalActorRef akka://worker/user/watcher/processing-watcher/graph/graph/$4 - Starting...
11:35:08.562 [worker-akka.actor.default-dispatcher-9] INFO  a.a.LocalActorRef akka://worker/user/watcher/processing-watcher/graph/graph/$5 - Starting...
11:35:08.564 [worker-akka.actor.default-dispatcher-9] INFO  a.a.LocalActorRef akka://worker/user/watcher/processing-watcher/graph/graph/$6 - Starting...
11:35:08.569 [worker-akka.actor.default-dispatcher-9] INFO  a.a.LocalActorRef akka://worker/user/watcher/processing-watcher/graph/graph/$7 - Starting...
11:35:08.573 [worker-akka.actor.default-dispatcher-9] INFO  a.a.LocalActorRef akka://worker/user/watcher/processing-watcher/graph/graph/$8 - Starting...
11:35:08.575 [worker-akka.actor.default-dispatcher-9] INFO  a.a.LocalActorRef akka://worker/user/watcher/processing-watcher/graph/graph/$9 - Starting...
11:35:08.578 [worker-akka.actor.default-dispatcher-9] INFO  a.a.LocalActorRef akka://worker/user/watcher/processing-watcher/graph/graph/$+ - Starting...
11:35:08.582 [worker-akka.actor.default-dispatcher-9] INFO  a.a.LocalActorRef akka://worker/user/watcher/processing-watcher/graph/graph/$~ - Starting...
11:35:08.583 [worker-akka.actor.default-dispatcher-9] INFO  a.a.LocalActorRef akka://worker/user/watcher/processing-watcher/graph/graph/$ab - Starting...
11:35:08.586 [worker-akka.actor.default-dispatcher-9] INFO  a.a.LocalActorRef akka://worker/user/watcher/processing-watcher/graph/graph/$bb - Starting...
11:35:08.587 [worker-akka.actor.default-dispatcher-9] INFO  a.a.LocalActorRef akka://worker/user/watcher/processing-watcher/graph/graph/$cb - Starting...
11:35:08.589 [worker-akka.actor.default-dispatcher-9] INFO  a.a.LocalActorRef akka://worker/user/watcher/processing-watcher/graph/graph/$db - Starting...
11:35:08.592 [worker-akka.actor.default-dispatcher-9] INFO  a.a.LocalActorRef akka://worker/user/watcher/processing-watcher/graph/graph/$eb - Starting...
11:35:08.594 [worker-akka.actor.default-dispatcher-9] INFO  a.a.LocalActorRef akka://worker/user/watcher/processing-watcher/graph/graph/$fb - Starting...
11:35:08.596 [worker-akka.actor.default-dispatcher-9] INFO  a.a.LocalActorRef akka://worker/user/watcher/processing-watcher/graph/graph/$gb - Starting...
11:35:08.598 [worker-akka.actor.default-dispatcher-9] INFO  a.a.LocalActorRef akka://worker/user/watcher/processing-watcher/graph/graph/$hb - Starting...
11:35:08.599 [worker-akka.actor.default-dispatcher-9] INFO  a.a.LocalActorRef akka://worker/user/watcher/processing-watcher/graph/graph/$ib - Starting...
11:35:08.602 [worker-akka.actor.default-dispatcher-9] INFO  a.a.LocalActorRef akka://worker/user/watcher/processing-watcher/graph/graph/$jb - Starting...
11:35:08.603 [worker-akka.actor.default-dispatcher-9] INFO  a.a.LocalActorRef akka://worker/user/watcher/processing-watcher/graph/graph/$kb - Starting...
11:35:08.604 [worker-akka.actor.default-dispatcher-9] INFO  a.a.LocalActorRef akka://worker/user/watcher/processing-watcher/graph/graph/$lb - Starting...
11:35:08.606 [worker-akka.actor.default-dispatcher-9] INFO  a.a.LocalActorRef akka://worker/user/watcher/processing-watcher/graph/graph/$mb - Starting...
11:35:08.612 [worker-akka.actor.default-dispatcher-9] INFO  a.a.LocalActorRef akka://worker/user/watcher/processing-watcher/graph/graph/$nb - Starting...
11:35:08.618 [worker-akka.actor.default-dispatcher-9] INFO  a.a.LocalActorRef akka://worker/user/watcher/processing-watcher/graph/graph/$ob - Starting...
11:35:08.620 [worker-akka.actor.default-dispatcher-9] INFO  a.a.LocalActorRef akka://worker/user/watcher/processing-watcher/graph/graph/$pb - Starting...
11:35:08.623 [worker-akka.actor.default-dispatcher-9] INFO  a.a.LocalActorRef akka://worker/user/watcher/processing-watcher/graph/graph/$qb - Starting...
11:35:08.629 [worker-akka.actor.default-dispatcher-9] INFO  a.a.LocalActorRef akka://worker/user/watcher/processing-watcher/graph/graph/$rb - Starting...
11:35:08.631 [worker-akka.actor.default-dispatcher-9] INFO  a.a.LocalActorRef akka://worker/user/watcher/processing-watcher/graph/graph/$sb - Starting...
11:35:08.634 [worker-akka.actor.default-dispatcher-9] INFO  a.a.LocalActorRef akka://worker/user/watcher/processing-watcher/graph/graph/$tb - Starting...
11:35:08.636 [worker-akka.actor.default-dispatcher-9] INFO  a.a.LocalActorRef akka://worker/user/watcher/processing-watcher/graph/graph/$ub - Starting...
11:35:08.649 [worker-akka.actor.default-dispatcher-9] INFO  a.a.LocalActorRef akka://worker/user/watcher/processing-watcher/graph/graph/$vb - Starting...
11:35:08.676 [worker-akka.actor.default-dispatcher-9] INFO  a.a.LocalActorRef akka://worker/user/watcher/processing-watcher/graph/graph/$vb - Attached rear to graph (-9223372036854775808, min@min)
11:35:08.677 [worker-akka.actor.default-dispatcher-9] INFO  a.a.LocalActorRef akka://worker/user/watcher/processing-watcher/graph/graph/$wb - Starting...
11:35:08.680 [worker-akka.actor.default-dispatcher-9] INFO  a.a.LocalActorRef akka://worker/user/watcher/processing-watcher/graph/graph/$yb - Starting...
11:35:08.680 [worker-akka.actor.default-dispatcher-9] INFO  a.a.LocalActorRef akka://worker/user/watcher/processing-watcher/graph/graph/$xb - Starting...
11:35:08.681 [worker-akka.actor.default-dispatcher-9] INFO  a.a.LocalActorRef akka://worker/user/watcher/processing-watcher/graph/graph/$Ab - Starting...
11:35:08.682 [worker-akka.actor.default-dispatcher-9] INFO  a.a.LocalActorRef akka://worker/user/watcher/processing-watcher/graph/graph/$zb - Starting...
11:35:08.683 [worker-akka.actor.default-dispatcher-9] INFO  a.a.LocalActorRef akka://worker/user/watcher/processing-watcher/graph/graph/$Bb - Starting...
11:35:08.683 [worker-akka.actor.default-dispatcher-9] INFO  a.a.LocalActorRef akka://worker/user/watcher/processing-watcher/graph/graph/$Cb - Starting...
11:35:08.685 [worker-akka.actor.default-dispatcher-9] INFO  a.a.LocalActorRef akka://worker/user/watcher/processing-watcher/graph/graph/$Db - Starting...
11:35:08.686 [worker-akka.actor.default-dispatcher-9] INFO  a.a.LocalActorRef akka://worker/user/watcher/processing-watcher/graph/graph/$Eb - Starting...
11:35:08.693 [worker-akka.actor.default-dispatcher-9] INFO  a.a.LocalActorRef akka://worker/user/watcher/processing-watcher/graph/graph/$Fb - Starting...
11:35:08.698 [worker-akka.actor.default-dispatcher-9] INFO  a.a.LocalActorRef akka://worker/user/watcher/processing-watcher/graph/graph/$Gb - Starting...
11:35:08.698 [worker-akka.actor.default-dispatcher-9] INFO  a.a.LocalActorRef akka://worker/user/watcher/processing-watcher/graph/graph/$Hb - Starting...
11:35:08.699 [worker-akka.actor.default-dispatcher-9] INFO  a.a.LocalActorRef akka://worker/user/watcher/processing-watcher/graph/graph/$Jb - Starting...
11:35:08.699 [worker-akka.actor.default-dispatcher-9] INFO  a.a.LocalActorRef akka://worker/user/watcher/processing-watcher/graph/graph/$Ib - Starting...
11:35:08.700 [worker-akka.actor.default-dispatcher-9] INFO  a.a.LocalActorRef akka://worker/user/watcher/processing-watcher/graph/graph/$Kb - Starting...
11:35:08.702 [worker-akka.actor.default-dispatcher-9] INFO  a.a.LocalActorRef akka://worker/user/watcher/processing-watcher/graph/graph/$Lb - Starting...
11:35:08.704 [worker-akka.actor.default-dispatcher-9] INFO  a.a.LocalActorRef akka://worker/user/watcher/processing-watcher/graph/graph/$Mb - Starting...
11:35:08.705 [worker-akka.actor.default-dispatcher-9] INFO  a.a.LocalActorRef akka://worker/user/watcher/processing-watcher/graph/graph/$Nb - Starting...
2019-10-10T11:35:22.703+0000: 30.110: [GC (Allocation Failure) 2019-10-10T11:35:22.703+0000: 30.110: [DefNew: 409600K->32284K(460800K), 0.0543831 secs] 435521K->58205K(1484800K), 0.0544859 secs] [Times: user=0.04 sys=0.00, real=0.06 secs] 
2019-10-10T11:35:34.782+0000: 42.189: [GC (Allocation Failure) 2019-10-10T11:35:34.782+0000: 42.189: [DefNew: 441884K->1194K(460800K), 0.0389723 secs] 467805K->56080K(1484800K), 0.0390763 secs] [Times: user=0.03 sys=0.00, real=0.04 secs] 
2019-10-10T11:35:43.438+0000: 50.844: [GC (Allocation Failure) 2019-10-10T11:35:43.438+0000: 50.844: [DefNew: 410794K->1211K(460800K), 0.0052682 secs] 465680K->56097K(1484800K), 0.0053658 secs] [Times: user=0.01 sys=0.00, real=0.00 secs] 
2019-10-10T11:35:49.924+0000: 57.331: [GC (Allocation Failure) 2019-10-10T11:35:49.925+0000: 57.331: [DefNew: 410811K->1396K(460800K), 0.0057022 secs] 465697K->56282K(1484800K), 0.0058069 secs] [Times: user=0.00 sys=0.00, real=0.01 secs] 
2019-10-10T11:35:58.785+0000: 66.192: [GC (Allocation Failure) 2019-10-10T11:35:58.785+0000: 66.192: [DefNew: 410996K->1991K(460800K), 0.0067450 secs] 465882K->56877K(1484800K), 0.0068381 secs] [Times: user=0.01 sys=0.00, real=0.01 secs] 
2019-10-10T11:36:08.425+0000: 75.832: [GC (Allocation Failure) 2019-10-10T11:36:08.425+0000: 75.832: [DefNew: 411591K->1671K(460800K), 0.0047311 secs] 466477K->56557K(1484800K), 0.0048274 secs] [Times: user=0.00 sys=0.00, real=0.01 secs] 
2019-10-10T11:36:16.258+0000: 83.665: [GC (Allocation Failure) 2019-10-10T11:36:16.258+0000: 83.665: [DefNew: 411271K->1738K(460800K), 0.0044237 secs] 466157K->56625K(1484800K), 0.0045203 secs] [Times: user=0.00 sys=0.00, real=0.00 secs] 
2019-10-10T11:36:23.154+0000: 90.560: [GC (Allocation Failure) 2019-10-10T11:36:23.154+0000: 90.560: [DefNew: 411338K->1671K(460800K), 0.0043313 secs] 466225K->56557K(1484800K), 0.0044268 secs] [Times: user=0.00 sys=0.00, real=0.01 secs] 
2019-10-10T11:36:30.450+0000: 97.857: [GC (Allocation Failure) 2019-10-10T11:36:30.450+0000: 97.857: [DefNew: 411271K->1673K(460800K), 0.0047100 secs] 466157K->56560K(1484800K), 0.0048049 secs] [Times: user=0.01 sys=0.00, real=0.00 secs] 
2019-10-10T11:36:38.104+0000: 105.511: [GC (Allocation Failure) 2019-10-10T11:36:38.104+0000: 105.511: [DefNew: 411273K->1706K(460800K), 0.0044098 secs] 466160K->56592K(1484800K), 0.0045073 secs] [Times: user=0.00 sys=0.00, real=0.00 secs] 
2019-10-10T11:36:45.357+0000: 112.764: [GC (Allocation Failure) 2019-10-10T11:36:45.357+0000: 112.764: [DefNew: 411306K->1744K(460800K), 0.0043613 secs] 466192K->56630K(1484800K), 0.0044972 secs] [Times: user=0.01 sys=0.00, real=0.01 secs] 
2019-10-10T11:36:52.630+0000: 120.037: [GC (Allocation Failure) 2019-10-10T11:36:52.630+0000: 120.037: [DefNew: 411344K->1729K(460800K), 0.0048074 secs] 466230K->56616K(1484800K), 0.0049126 secs] [Times: user=0.00 sys=0.00, real=0.00 secs] 
2019-10-10T11:37:00.439+0000: 127.846: [GC (Allocation Failure) 2019-10-10T11:37:00.439+0000: 127.846: [DefNew: 411329K->1775K(460800K), 0.0048687 secs] 466216K->56661K(1484800K), 0.0049924 secs] [Times: user=0.00 sys=0.00, real=0.00 secs] 
2019-10-10T11:37:07.701+0000: 135.108: [GC (Allocation Failure) 2019-10-10T11:37:07.701+0000: 135.108: [DefNew: 411375K->1839K(460800K), 0.0048794 secs] 466261K->56725K(1484800K), 0.0049708 secs] [Times: user=0.01 sys=0.00, real=0.00 secs] 
2019-10-10T11:37:14.981+0000: 142.388: [GC (Allocation Failure) 2019-10-10T11:37:14.981+0000: 142.388: [DefNew: 411439K->1768K(460800K), 0.0046967 secs] 466325K->56654K(1484800K), 0.0048004 secs] [Times: user=0.00 sys=0.00, real=0.00 secs] 
2019-10-10T11:37:22.801+0000: 150.207: [GC (Allocation Failure) 2019-10-10T11:37:22.801+0000: 150.207: [DefNew: 411368K->1770K(460800K), 0.0045473 secs] 466254K->56656K(1484800K), 0.0047426 secs] [Times: user=0.01 sys=0.00, real=0.00 secs] 
2019-10-10T11:37:30.079+0000: 157.485: [GC (Allocation Failure) 2019-10-10T11:37:30.079+0000: 157.486: [DefNew: 411370K->1588K(460800K), 0.0046905 secs] 466256K->56664K(1484800K), 0.0047884 secs] [Times: user=0.01 sys=0.00, real=0.00 secs] 
2019-10-10T11:37:37.365+0000: 164.772: [GC (Allocation Failure) 2019-10-10T11:37:37.365+0000: 164.772: [DefNew: 411188K->1527K(460800K), 0.0047436 secs] 466264K->56737K(1484800K), 0.0048396 secs] [Times: user=0.00 sys=0.01, real=0.01 secs] 
2019-10-10T11:37:45.237+0000: 172.644: [GC (Allocation Failure) 2019-10-10T11:37:45.237+0000: 172.644: [DefNew: 411127K->1305K(460800K), 0.0043126 secs] 466337K->56676K(1484800K), 0.0044279 secs] [Times: user=0.00 sys=0.00, real=0.01 secs] 
2019-10-10T11:37:52.581+0000: 179.988: [GC (Allocation Failure) 2019-10-10T11:37:52.581+0000: 179.988: [DefNew: 410905K->235K(460800K), 0.0055129 secs] 466276K->56654K(1484800K), 0.0056036 secs] [Times: user=0.00 sys=0.01, real=0.00 secs] 
2019-10-10T11:37:59.789+0000: 187.196: [GC (Allocation Failure) 2019-10-10T11:37:59.789+0000: 187.196: [DefNew: 409835K->284K(460800K), 0.0032317 secs] 466254K->56704K(1484800K), 0.0033232 secs] [Times: user=0.00 sys=0.00, real=0.01 secs] 
2019-10-10T11:38:07.254+0000: 194.661: [GC (Allocation Failure) 2019-10-10T11:38:07.254+0000: 194.661: [DefNew: 409884K->285K(460800K), 0.0028912 secs] 466304K->56705K(1484800K), 0.0029823 secs] [Times: user=0.00 sys=0.00, real=0.01 secs] 
2019-10-10T11:38:14.848+0000: 202.255: [GC (Allocation Failure) 2019-10-10T11:38:14.848+0000: 202.255: [DefNew: 409885K->287K(460800K), 0.0030762 secs] 466305K->56708K(1484800K), 0.0031734 secs] [Times: user=0.01 sys=0.00, real=0.01 secs] 
2019-10-10T11:38:22.229+0000: 209.636: [GC (Allocation Failure) 2019-10-10T11:38:22.229+0000: 209.636: [DefNew: 409887K->317K(460800K), 0.0029525 secs] 466308K->56739K(1484800K), 0.0030458 secs] [Times: user=0.00 sys=0.00, real=0.01 secs] 
2019-10-10T11:38:29.936+0000: 217.342: [GC (Allocation Failure) 2019-10-10T11:38:29.936+0000: 217.342: [DefNew: 409917K->287K(460800K), 0.0027676 secs] 466339K->56709K(1484800K), 0.0028472 secs] [Times: user=0.01 sys=0.00, real=0.01 secs] 
2019-10-10T11:38:37.199+0000: 224.606: [GC (Allocation Failure) 2019-10-10T11:38:37.200+0000: 224.606: [DefNew: 409887K->280K(460800K), 0.0028288 secs] 466309K->56702K(1484800K), 0.0029171 secs] [Times: user=0.01 sys=0.00, real=0.00 secs] 
2019-10-10T11:38:44.498+0000: 231.905: [GC (Allocation Failure) 2019-10-10T11:38:44.498+0000: 231.905: [DefNew: 409880K->319K(460800K), 0.0030195 secs] 466302K->56742K(1484800K), 0.0031119 secs] [Times: user=0.00 sys=0.00, real=0.00 secs] 
2019-10-10T11:38:51.773+0000: 239.180: [GC (Allocation Failure) 2019-10-10T11:38:51.773+0000: 239.180: [DefNew: 409919K->241K(460800K), 0.0032293 secs] 466342K->56759K(1484800K), 0.0033279 secs] [Times: user=0.00 sys=0.00, real=0.00 secs] 
2019-10-10T11:38:59.465+0000: 246.872: [GC (Allocation Failure) 2019-10-10T11:38:59.465+0000: 246.872: [DefNew: 409841K->211K(460800K), 0.0029055 secs] 466359K->56729K(1484800K), 0.0029986 secs] [Times: user=0.00 sys=0.00, real=0.00 secs] 
2019-10-10T11:39:06.782+0000: 254.189: [GC (Allocation Failure) 2019-10-10T11:39:06.782+0000: 254.189: [DefNew: 409811K->285K(460800K), 0.0030749 secs] 466329K->56802K(1484800K), 0.0031859 secs] [Times: user=0.00 sys=0.00, real=0.00 secs] 
2019-10-10T11:39:14.029+0000: 261.436: [GC (Allocation Failure) 2019-10-10T11:39:14.029+0000: 261.436: [DefNew: 409885K->248K(460800K), 0.0029531 secs] 466402K->56766K(1484800K), 0.0030788 secs] [Times: user=0.00 sys=0.00, real=0.01 secs] 
2019-10-10T11:39:21.796+0000: 269.203: [GC (Allocation Failure) 2019-10-10T11:39:21.796+0000: 269.203: [DefNew: 409848K->238K(460800K), 0.0035054 secs] 466366K->56756K(1484800K), 0.0036339 secs] [Times: user=0.00 sys=0.00, real=0.01 secs] 
2019-10-10T11:39:29.059+0000: 276.466: [GC (Allocation Failure) 2019-10-10T11:39:29.059+0000: 276.466: [DefNew: 409838K->215K(460800K), 0.0028622 secs] 466356K->56733K(1484800K), 0.0029602 secs] [Times: user=0.00 sys=0.00, real=0.00 secs] 
2019-10-10T11:39:36.333+0000: 283.740: [GC (Allocation Failure) 2019-10-10T11:39:36.333+0000: 283.740: [DefNew: 409815K->215K(460800K), 0.0027771 secs] 466333K->56732K(1484800K), 0.0028881 secs] [Times: user=0.00 sys=0.00, real=0.00 secs] 
2019-10-10T11:39:43.936+0000: 291.343: [GC (Allocation Failure) 2019-10-10T11:39:43.936+0000: 291.343: [DefNew: 409815K->212K(460800K), 0.0027448 secs] 466332K->56730K(1484800K), 0.0028364 secs] [Times: user=0.00 sys=0.00, real=0.01 secs] 
2019-10-10T11:39:51.359+0000: 298.766: [GC (Allocation Failure) 2019-10-10T11:39:51.359+0000: 298.766: [DefNew: 409812K->165K(460800K), 0.0028314 secs] 466330K->56730K(1484800K), 0.0029470 secs] [Times: user=0.00 sys=0.00, real=0.00 secs] 
2019-10-10T11:39:58.587+0000: 305.994: [GC (Allocation Failure) 2019-10-10T11:39:58.588+0000: 305.994: [DefNew: 409765K->182K(460800K), 0.0029317 secs] 466330K->56747K(1484800K), 0.0030266 secs] [Times: user=0.00 sys=0.00, real=0.01 secs] 
2019-10-10T11:40:05.835+0000: 313.242: [GC (Allocation Failure) 2019-10-10T11:40:05.835+0000: 313.242: [DefNew: 409782K->245K(460800K), 0.0028605 secs] 466347K->56811K(1484800K), 0.0029685 secs] [Times: user=0.00 sys=0.00, real=0.01 secs] 
2019-10-10T11:40:13.561+0000: 320.968: [GC (Allocation Failure) 2019-10-10T11:40:13.561+0000: 320.968: [DefNew: 409845K->242K(460800K), 0.0029178 secs] 466411K->56808K(1484800K), 0.0030120 secs] [Times: user=0.00 sys=0.00, real=0.00 secs] 
2019-10-10T11:40:20.909+0000: 328.316: [GC (Allocation Failure) 2019-10-10T11:40:20.909+0000: 328.316: [DefNew: 409842K->214K(460800K), 0.0028622 secs] 466408K->56780K(1484800K), 0.0029540 secs] [Times: user=0.01 sys=0.00, real=0.01 secs] 
2019-10-10T11:40:28.241+0000: 335.648: [GC (Allocation Failure) 2019-10-10T11:40:28.241+0000: 335.648: [DefNew: 409814K->216K(460800K), 0.0028181 secs] 466380K->56782K(1484800K), 0.0029070 secs] [Times: user=0.00 sys=0.00, real=0.00 secs] 
2019-10-10T11:40:35.944+0000: 343.350: [GC (Allocation Failure) 2019-10-10T11:40:35.944+0000: 343.351: [DefNew: 409816K->216K(460800K), 0.0028475 secs] 466382K->56783K(1484800K), 0.0029609 secs] [Times: user=0.01 sys=0.00, real=0.00 secs] 
2019-10-10T11:40:43.326+0000: 350.733: [GC (Allocation Failure) 2019-10-10T11:40:43.326+0000: 350.733: [DefNew: 409816K->229K(460800K), 0.0031670 secs] 466383K->56796K(1484800K), 0.0032621 secs] [Times: user=0.00 sys=0.00, real=0.01 secs] 
2019-10-10T11:40:50.620+0000: 358.027: [GC (Allocation Failure) 2019-10-10T11:40:50.620+0000: 358.027: [DefNew: 409829K->192K(460800K), 0.0030099 secs] 466396K->56785K(1484800K), 0.0031077 secs] [Times: user=0.00 sys=0.00, real=0.00 secs] 
2019-10-10T11:40:57.730+0000: 365.137: [GC (Allocation Failure) 2019-10-10T11:40:57.730+0000: 365.137: [DefNew: 409792K->200K(460800K), 0.0029108 secs] 466385K->56793K(1484800K), 0.0029999 secs] [Times: user=0.00 sys=0.01, real=0.00 secs] 
2019-10-10T11:41:05.470+0000: 372.877: [GC (Allocation Failure) 2019-10-10T11:41:05.470+0000: 372.877: [DefNew: 409800K->210K(460800K), 0.0030048 secs] 466393K->56803K(1484800K), 0.0031024 secs] [Times: user=0.01 sys=0.00, real=0.00 secs] 
2019-10-10T11:41:12.786+0000: 380.193: [GC (Allocation Failure) 2019-10-10T11:41:12.786+0000: 380.193: [DefNew: 409810K->241K(460800K), 0.0027741 secs] 466403K->56834K(1484800K), 0.0028738 secs] [Times: user=0.00 sys=0.01, real=0.00 secs] 
2019-10-10T11:41:20.102+0000: 387.508: [GC (Allocation Failure) 2019-10-10T11:41:20.102+0000: 387.508: [DefNew: 409841K->245K(460800K), 0.0029924 secs] 466434K->56838K(1484800K), 0.0030841 secs] [Times: user=0.01 sys=0.00, real=0.00 secs] 
2019-10-10T11:41:27.886+0000: 395.292: [GC (Allocation Failure) 2019-10-10T11:41:27.886+0000: 395.292: [DefNew: 409845K->215K(460800K), 0.0028286 secs] 466438K->56808K(1484800K), 0.0029155 secs] [Times: user=0.01 sys=0.00, real=0.00 secs] 
2019-10-10T11:41:35.183+0000: 402.590: [GC (Allocation Failure) 2019-10-10T11:41:35.183+0000: 402.590: [DefNew: 409815K->278K(460800K), 0.0029243 secs] 466408K->56871K(1484800K), 0.0029951 secs] [Times: user=0.00 sys=0.00, real=0.00 secs] 
2019-10-10T11:41:42.431+0000: 409.838: [GC (Allocation Failure) 2019-10-10T11:41:42.431+0000: 409.838: [DefNew: 409878K->235K(460800K), 0.0030379 secs] 466471K->56828K(1484800K), 0.0031196 secs] [Times: user=0.00 sys=0.01, real=0.00 secs] 
2019-10-10T11:41:50.202+0000: 417.609: [GC (Allocation Failure) 2019-10-10T11:41:50.202+0000: 417.609: [DefNew: 409835K->188K(460800K), 0.0028455 secs] 466428K->56799K(1484800K), 0.0029559 secs] [Times: user=0.00 sys=0.00, real=0.00 secs] 
2019-10-10T11:41:57.448+0000: 424.855: [GC (Allocation Failure) 2019-10-10T11:41:57.448+0000: 424.855: [DefNew: 409788K->163K(460800K), 0.0031615 secs] 466399K->56807K(1484800K), 0.0032605 secs] [Times: user=0.01 sys=0.00, real=0.01 secs] 
2019-10-10T11:42:04.707+0000: 432.114: [GC (Allocation Failure) 2019-10-10T11:42:04.707+0000: 432.114: [DefNew: 409763K->165K(460800K), 0.0028573 secs] 466407K->56808K(1484800K), 0.0029463 secs] [Times: user=0.01 sys=0.00, real=0.01 secs] 
2019-10-10T11:42:11.975+0000: 439.382: [GC (Allocation Failure) 2019-10-10T11:42:11.975+0000: 439.382: [DefNew: 409765K->165K(460800K), 0.0028211 secs] 466408K->56808K(1484800K), 0.0029098 secs] [Times: user=0.00 sys=0.00, real=0.01 secs] 
2019-10-10T11:42:19.763+0000: 447.170: [GC (Allocation Failure) 2019-10-10T11:42:19.763+0000: 447.170: [DefNew: 409765K->220K(460800K), 0.0027808 secs] 466408K->56864K(1484800K), 0.0028681 secs] [Times: user=0.00 sys=0.00, real=0.00 secs] 
2019-10-10T11:42:27.050+0000: 454.457: [GC (Allocation Failure) 2019-10-10T11:42:27.050+0000: 454.457: [DefNew: 409820K->185K(460800K), 0.0030191 secs] 466464K->56829K(1484800K), 0.0031093 secs] [Times: user=0.00 sys=0.00, real=0.00 secs] 
11:42:33.654 [worker-akka.actor.default-dispatcher-13] INFO  a.r.a.Association(akka://worker) akka.remote.artery.Association(akka://worker) - Stopping idle outbound stream [2] to [akka://worker@flamestream-benchmarks-worker-0:5412]
2019-10-10T11:42:34.828+0000: 462.234: [GC (Allocation Failure) 2019-10-10T11:42:34.828+0000: 462.234: [DefNew: 409785K->259K(460800K), 0.0031219 secs] 466429K->56903K(1484800K), 0.0032081 secs] [Times: user=0.00 sys=0.00, real=0.01 secs] 
2019-10-10T11:42:42.095+0000: 469.502: [GC (Allocation Failure) 2019-10-10T11:42:42.095+0000: 469.502: [DefNew: 409859K->226K(460800K), 0.0030458 secs] 466503K->56870K(1484800K), 0.0031366 secs] [Times: user=0.00 sys=0.00, real=0.01 secs] 
2019-10-10T11:42:49.403+0000: 476.810: [GC (Allocation Failure) 2019-10-10T11:42:49.403+0000: 476.810: [DefNew: 409826K->210K(460800K), 0.0031204 secs] 466470K->56867K(1484800K), 0.0032100 secs] [Times: user=0.00 sys=0.00, real=0.00 secs] 
2019-10-10T11:42:56.704+0000: 484.110: [GC (Allocation Failure) 2019-10-10T11:42:56.704+0000: 484.111: [DefNew: 409810K->218K(460800K), 0.0033393 secs] 466467K->56875K(1484800K), 0.0034344 secs] [Times: user=0.00 sys=0.00, real=0.00 secs] 
2019-10-10T11:43:04.395+0000: 491.802: [GC (Allocation Failure) 2019-10-10T11:43:04.395+0000: 491.802: [DefNew: 409818K->259K(460800K), 0.0032861 secs] 466475K->56915K(1484800K), 0.0033824 secs] [Times: user=0.00 sys=0.00, real=0.01 secs] 
2019-10-10T11:43:11.736+0000: 499.143: [GC (Allocation Failure) 2019-10-10T11:43:11.736+0000: 499.143: [DefNew: 409859K->287K(460800K), 0.0034362 secs] 466515K->56946K(1484800K), 0.0035283 secs] [Times: user=0.00 sys=0.00, real=0.01 secs] 
2019-10-10T11:43:18.953+0000: 506.360: [GC (Allocation Failure) 2019-10-10T11:43:18.953+0000: 506.360: [DefNew: 409887K->217K(460800K), 0.0030703 secs] 466546K->56876K(1484800K), 0.0031603 secs] [Times: user=0.00 sys=0.00, real=0.00 secs] 
2019-10-10T11:43:26.721+0000: 514.128: [GC (Allocation Failure) 2019-10-10T11:43:26.721+0000: 514.128: [DefNew: 409817K->217K(460800K), 0.0030185 secs] 466476K->56876K(1484800K), 0.0031106 secs] [Times: user=0.00 sys=0.00, real=0.00 secs] 
2019-10-10T11:43:34.037+0000: 521.444: [GC (Allocation Failure) 2019-10-10T11:43:34.037+0000: 521.444: [DefNew: 409817K->216K(460800K), 0.0030105 secs] 466476K->56875K(1484800K), 0.0031065 secs] [Times: user=0.00 sys=0.00, real=0.01 secs] 
2019-10-10T11:43:41.320+0000: 528.726: [GC (Allocation Failure) 2019-10-10T11:43:41.320+0000: 528.726: [DefNew: 409816K->218K(460800K), 0.0030596 secs] 466475K->56879K(1484800K), 0.0031612 secs] [Times: user=0.01 sys=0.00, real=0.00 secs] 
2019-10-10T11:43:48.560+0000: 535.966: [GC (Allocation Failure) 2019-10-10T11:43:48.560+0000: 535.966: [DefNew: 409818K->208K(460800K), 0.0031274 secs] 466479K->56878K(1484800K), 0.0032272 secs] [Times: user=0.00 sys=0.00, real=0.00 secs] 
2019-10-10T11:43:56.314+0000: 543.721: [GC (Allocation Failure) 2019-10-10T11:43:56.314+0000: 543.721: [DefNew: 409808K->214K(460800K), 0.0032545 secs] 466478K->56885K(1484800K), 0.0033518 secs] [Times: user=0.00 sys=0.00, real=0.01 secs] 
2019-10-10T11:44:03.601+0000: 551.007: [GC (Allocation Failure) 2019-10-10T11:44:03.601+0000: 551.007: [DefNew: 409814K->214K(460800K), 0.0029887 secs] 466485K->56886K(1484800K), 0.0030780 secs] [Times: user=0.00 sys=0.00, real=0.00 secs] 
2019-10-10T11:44:10.868+0000: 558.275: [GC (Allocation Failure) 2019-10-10T11:44:10.868+0000: 558.275: [DefNew: 409814K->214K(460800K), 0.0030542 secs] 466486K->56885K(1484800K), 0.0031463 secs] [Times: user=0.00 sys=0.00, real=0.01 secs] 
2019-10-10T11:44:18.586+0000: 565.993: [GC (Allocation Failure) 2019-10-10T11:44:18.586+0000: 565.993: [DefNew: 409814K->240K(460800K), 0.0031564 secs] 466485K->56912K(1484800K), 0.0032515 secs] [Times: user=0.00 sys=0.00, real=0.01 secs] 
2019-10-10T11:44:25.879+0000: 573.285: [GC (Allocation Failure) 2019-10-10T11:44:25.879+0000: 573.285: [DefNew: 409840K->248K(460800K), 0.0031388 secs] 466512K->56956K(1484800K), 0.0032159 secs] [Times: user=0.01 sys=0.00, real=0.00 secs] 
2019-10-10T11:44:33.165+0000: 580.572: [GC (Allocation Failure) 2019-10-10T11:44:33.165+0000: 580.572: [DefNew: 409848K->228K(460800K), 0.0032577 secs] 466556K->56957K(1484800K), 0.0033647 secs] [Times: user=0.00 sys=0.00, real=0.00 secs] 
2019-10-10T11:44:40.992+0000: 588.399: [GC (Allocation Failure) 2019-10-10T11:44:40.992+0000: 588.399: [DefNew: 409828K->175K(460800K), 0.0027409 secs] 466557K->56905K(1484800K), 0.0028367 secs] [Times: user=0.00 sys=0.00, real=0.00 secs] 
2019-10-10T11:44:48.266+0000: 595.673: [GC (Allocation Failure) 2019-10-10T11:44:48.266+0000: 595.673: [DefNew: 409775K->192K(460800K), 0.0029414 secs] 466505K->56930K(1484800K), 0.0030358 secs] [Times: user=0.01 sys=0.00, real=0.00 secs] 
2019-10-10T11:44:55.605+0000: 603.012: [GC (Allocation Failure) 2019-10-10T11:44:55.605+0000: 603.012: [DefNew: 409792K->168K(460800K), 0.0028522 secs] 466530K->56906K(1484800K), 0.0029314 secs] [Times: user=0.00 sys=0.00, real=0.00 secs] 
2019-10-10T11:45:02.872+0000: 610.279: [GC (Allocation Failure) 2019-10-10T11:45:02.872+0000: 610.279: [DefNew: 409768K->168K(460800K), 0.0027671 secs] 466506K->56906K(1484800K), 0.0028665 secs] [Times: user=0.01 sys=0.00, real=0.00 secs] 
2019-10-10T11:45:10.552+0000: 617.959: [GC (Allocation Failure) 2019-10-10T11:45:10.552+0000: 617.959: [DefNew: 409768K->156K(460800K), 0.0027035 secs] 466506K->56894K(1484800K), 0.0028134 secs] [Times: user=0.00 sys=0.00, real=0.00 secs] 
2019-10-10T11:45:17.887+0000: 625.294: [GC (Allocation Failure) 2019-10-10T11:45:17.888+0000: 625.294: [DefNew: 409756K->233K(460800K), 0.0028238 secs] 466494K->56971K(1484800K), 0.0029142 secs] [Times: user=0.01 sys=0.00, real=0.01 secs] 
2019-10-10T11:45:25.265+0000: 632.672: [GC (Allocation Failure) 2019-10-10T11:45:25.265+0000: 632.672: [DefNew: 409833K->157K(460800K), 0.0026632 secs] 466571K->56895K(1484800K), 0.0027521 secs] [Times: user=0.01 sys=0.00, real=0.00 secs] 
2019-10-10T11:45:32.928+0000: 640.335: [GC (Allocation Failure) 2019-10-10T11:45:32.928+0000: 640.335: [DefNew: 409757K->187K(460800K), 0.0026833 secs] 466495K->56926K(1484800K), 0.0027674 secs] [Times: user=0.00 sys=0.00, real=0.01 secs] 
2019-10-10T11:45:40.222+0000: 647.629: [GC (Allocation Failure) 2019-10-10T11:45:40.222+0000: 647.629: [DefNew: 409787K->155K(460800K), 0.0026931 secs] 466526K->56894K(1484800K), 0.0027792 secs] [Times: user=0.00 sys=0.00, real=0.00 secs] 
2019-10-10T11:45:47.507+0000: 654.914: [GC (Allocation Failure) 2019-10-10T11:45:47.507+0000: 654.914: [DefNew: 409755K->146K(460800K), 0.0027703 secs] 466494K->56895K(1484800K), 0.0028744 secs] [Times: user=0.00 sys=0.00, real=0.01 secs] 
2019-10-10T11:45:55.255+0000: 662.661: [GC (Allocation Failure) 2019-10-10T11:45:55.255+0000: 662.662: [DefNew: 409746K->178K(460800K), 0.0028139 secs] 466495K->56927K(1484800K), 0.0029028 secs] [Times: user=0.00 sys=0.00, real=0.01 secs] 
2019-10-10T11:46:02.496+0000: 669.903: [GC (Allocation Failure) 2019-10-10T11:46:02.496+0000: 669.903: [DefNew: 409778K->179K(460800K), 0.0027221 secs] 466527K->56928K(1484800K), 0.0028123 secs] [Times: user=0.00 sys=0.00, real=0.01 secs] 
2019-10-10T11:46:09.760+0000: 677.167: [GC (Allocation Failure) 2019-10-10T11:46:09.760+0000: 677.167: [DefNew: 409779K->160K(460800K), 0.0028065 secs] 466528K->56909K(1484800K), 0.0029093 secs] [Times: user=0.00 sys=0.00, real=0.00 secs] 
2019-10-10T11:46:17.563+0000: 684.970: [GC (Allocation Failure) 2019-10-10T11:46:17.563+0000: 684.970: [DefNew: 409760K->160K(460800K), 0.0027924 secs] 466509K->56909K(1484800K), 0.0028816 secs] [Times: user=0.00 sys=0.00, real=0.00 secs] 
2019-10-10T11:46:24.828+0000: 692.234: [GC (Allocation Failure) 2019-10-10T11:46:24.828+0000: 692.234: [DefNew: 409760K->161K(460800K), 0.0026730 secs] 466509K->56910K(1484800K), 0.0027509 secs] [Times: user=0.01 sys=0.00, real=0.01 secs] 
2019-10-10T11:46:32.139+0000: 699.546: [GC (Allocation Failure) 2019-10-10T11:46:32.139+0000: 699.546: [DefNew: 409761K->245K(460800K), 0.0028141 secs] 466510K->56994K(1484800K), 0.0029230 secs] [Times: user=0.01 sys=0.00, real=0.00 secs] 
2019-10-10T11:46:40.017+0000: 707.424: [GC (Allocation Failure) 2019-10-10T11:46:40.017+0000: 707.424: [DefNew: 409845K->161K(460800K), 0.0026034 secs] 466594K->56910K(1484800K), 0.0027086 secs] [Times: user=0.01 sys=0.00, real=0.01 secs] 
2019-10-10T11:46:47.433+0000: 714.840: [GC (Allocation Failure) 2019-10-10T11:46:47.433+0000: 714.840: [DefNew: 409761K->159K(460800K), 0.0026625 secs] 466510K->56909K(1484800K), 0.0027512 secs] [Times: user=0.00 sys=0.00, real=0.00 secs] 
2019-10-10T11:46:54.653+0000: 722.060: [GC (Allocation Failure) 2019-10-10T11:46:54.653+0000: 722.060: [DefNew: 409759K->162K(460800K), 0.0028466 secs] 466509K->56919K(1484800K), 0.0029220 secs] [Times: user=0.00 sys=0.00, real=0.00 secs] 
2019-10-10T11:47:01.830+0000: 729.237: [GC (Allocation Failure) 2019-10-10T11:47:01.830+0000: 729.237: [DefNew: 409762K->215K(460800K), 0.0029195 secs] 466519K->56973K(1484800K), 0.0030137 secs] [Times: user=0.00 sys=0.00, real=0.00 secs] 
2019-10-10T11:47:09.550+0000: 736.957: [GC (Allocation Failure) 2019-10-10T11:47:09.550+0000: 736.957: [DefNew: 409815K->240K(460800K), 0.0028243 secs] 466573K->56997K(1484800K), 0.0029165 secs] [Times: user=0.00 sys=0.00, real=0.00 secs] 
2019-10-10T11:47:16.852+0000: 744.259: [GC (Allocation Failure) 2019-10-10T11:47:16.852+0000: 744.259: [DefNew: 409840K->180K(460800K), 0.0027396 secs] 466597K->56937K(1484800K), 0.0028390 secs] [Times: user=0.00 sys=0.00, real=0.00 secs] 
2019-10-10T11:47:24.125+0000: 751.532: [GC (Allocation Failure) 2019-10-10T11:47:24.125+0000: 751.532: [DefNew: 409780K->178K(460800K), 0.0027318 secs] 466537K->56936K(1484800K), 0.0028409 secs] [Times: user=0.00 sys=0.00, real=0.00 secs] 
2019-10-10T11:47:31.971+0000: 759.378: [GC (Allocation Failure) 2019-10-10T11:47:31.971+0000: 759.378: [DefNew: 409778K->216K(460800K), 0.0028833 secs] 466536K->56974K(1484800K), 0.0029635 secs] [Times: user=0.00 sys=0.00, real=0.00 secs] 
2019-10-10T11:47:39.239+0000: 766.646: [GC (Allocation Failure) 2019-10-10T11:47:39.239+0000: 766.646: [DefNew: 409816K->236K(460800K), 0.0029151 secs] 466574K->56994K(1484800K), 0.0030285 secs] [Times: user=0.00 sys=0.00, real=0.00 secs] 
2019-10-10T11:47:46.533+0000: 773.939: [GC (Allocation Failure) 2019-10-10T11:47:46.533+0000: 773.940: [DefNew: 409836K->186K(460800K), 0.0027015 secs] 466594K->56945K(1484800K), 0.0027983 secs] [Times: user=0.00 sys=0.00, real=0.00 secs] 
2019-10-10T11:47:54.296+0000: 781.702: [GC (Allocation Failure) 2019-10-10T11:47:54.296+0000: 781.703: [DefNew: 409786K->171K(460800K), 0.0027810 secs] 466545K->56943K(1484800K), 0.0028693 secs] [Times: user=0.00 sys=0.00, real=0.01 secs] 
2019-10-10T11:48:01.529+0000: 788.936: [GC (Allocation Failure) 2019-10-10T11:48:01.529+0000: 788.936: [DefNew: 409771K->173K(460800K), 0.0028003 secs] 466543K->56945K(1484800K), 0.0028948 secs] [Times: user=0.01 sys=0.00, real=0.01 secs] 
2019-10-10T11:48:08.780+0000: 796.187: [GC (Allocation Failure) 2019-10-10T11:48:08.780+0000: 796.187: [DefNew: 409773K->249K(460800K), 0.0028060 secs] 466545K->57020K(1484800K), 0.0028970 secs] [Times: user=0.00 sys=0.00, real=0.00 secs] 
2019-10-10T11:48:16.594+0000: 804.001: [GC (Allocation Failure) 2019-10-10T11:48:16.594+0000: 804.001: [DefNew: 409849K->187K(460800K), 0.0027375 secs] 466620K->56958K(1484800K), 0.0028374 secs] [Times: user=0.00 sys=0.00, real=0.00 secs] 
2019-10-10T11:48:23.906+0000: 811.313: [GC (Allocation Failure) 2019-10-10T11:48:23.906+0000: 811.313: [DefNew: 409787K->216K(460800K), 0.0028486 secs] 466558K->56987K(1484800K), 0.0029429 secs] [Times: user=0.00 sys=0.00, real=0.00 secs] 
2019-10-10T11:48:31.126+0000: 818.533: [GC (Allocation Failure) 2019-10-10T11:48:31.126+0000: 818.533: [DefNew: 409816K->174K(460800K), 0.0027033 secs] 466587K->56945K(1484800K), 0.0027844 secs] [Times: user=0.00 sys=0.01, real=0.00 secs] 
2019-10-10T11:48:38.918+0000: 826.325: [GC (Allocation Failure) 2019-10-10T11:48:38.918+0000: 826.325: [DefNew: 409774K->173K(460800K), 0.0024937 secs] 466545K->56944K(1484800K), 0.0025794 secs] [Times: user=0.01 sys=0.00, real=0.00 secs] 
2019-10-10T11:48:46.229+0000: 833.636: [GC (Allocation Failure) 2019-10-10T11:48:46.229+0000: 833.636: [DefNew: 409773K->216K(460800K), 0.0028530 secs] 466544K->56999K(1484800K), 0.0029398 secs] [Times: user=0.00 sys=0.00, real=0.01 secs] 
2019-10-10T11:48:53.645+0000: 841.052: [GC (Allocation Failure) 2019-10-10T11:48:53.645+0000: 841.052: [DefNew: 409816K->176K(460800K), 0.0028425 secs] 466599K->56975K(1484800K), 0.0029326 secs] [Times: user=0.00 sys=0.00, real=0.00 secs] 
2019-10-10T11:49:00.738+0000: 848.145: [GC (Allocation Failure) 2019-10-10T11:49:00.739+0000: 848.145: [DefNew: 409776K->175K(460800K), 0.0029983 secs] 466575K->56974K(1484800K), 0.0030792 secs] [Times: user=0.01 sys=0.00, real=0.00 secs] 
2019-10-10T11:49:08.483+0000: 855.890: [GC (Allocation Failure) 2019-10-10T11:49:08.484+0000: 855.890: [DefNew: 409775K->154K(460800K), 0.0026587 secs] 466574K->56953K(1484800K), 0.0027644 secs] [Times: user=0.00 sys=0.00, real=0.00 secs] 
2019-10-10T11:49:15.743+0000: 863.149: [GC (Allocation Failure) 2019-10-10T11:49:15.743+0000: 863.150: [DefNew: 409754K->208K(460800K), 0.0027991 secs] 466553K->57007K(1484800K), 0.0029023 secs] [Times: user=0.01 sys=0.00, real=0.00 secs] 
2019-10-10T11:49:23.037+0000: 870.444: [GC (Allocation Failure) 2019-10-10T11:49:23.037+0000: 870.444: [DefNew: 409808K->171K(460800K), 0.0028483 secs] 466607K->56970K(1484800K), 0.0029375 secs] [Times: user=0.00 sys=0.00, real=0.01 secs] 
2019-10-10T11:49:30.788+0000: 878.195: [GC (Allocation Failure) 2019-10-10T11:49:30.788+0000: 878.195: [DefNew: 409771K->154K(460800K), 0.0026450 secs] 466570K->56953K(1484800K), 0.0027443 secs] [Times: user=0.00 sys=0.00, real=0.01 secs] 
2019-10-10T11:49:38.145+0000: 885.552: [GC (Allocation Failure) 2019-10-10T11:49:38.145+0000: 885.552: [DefNew: 409754K->178K(460800K), 0.0030140 secs] 466553K->56977K(1484800K), 0.0031081 secs] [Times: user=0.01 sys=0.00, real=0.00 secs] 
2019-10-10T11:49:45.416+0000: 892.822: [GC (Allocation Failure) 2019-10-10T11:49:45.416+0000: 892.822: [DefNew: 409778K->154K(460800K), 0.0026976 secs] 466577K->56953K(1484800K), 0.0027961 secs] [Times: user=0.00 sys=0.00, real=0.01 secs] 
2019-10-10T11:49:53.109+0000: 900.516: [GC (Allocation Failure) 2019-10-10T11:49:53.110+0000: 900.516: [DefNew: 409754K->147K(460800K), 0.0028852 secs] 466553K->56953K(1484800K), 0.0029971 secs] [Times: user=0.01 sys=0.00, real=0.00 secs] 
2019-10-10T11:50:00.391+0000: 907.798: [GC (Allocation Failure) 2019-10-10T11:50:00.391+0000: 907.798: [DefNew: 409747K->189K(460800K), 0.0031951 secs] 466553K->56995K(1484800K), 0.0032815 secs] [Times: user=0.00 sys=0.00, real=0.00 secs] 
2019-10-10T11:50:07.753+0000: 915.160: [GC (Allocation Failure) 2019-10-10T11:50:07.753+0000: 915.160: [DefNew: 409789K->156K(460800K), 0.0026713 secs] 466595K->56962K(1484800K), 0.0027713 secs] [Times: user=0.00 sys=0.00, real=0.00 secs] 
2019-10-10T11:50:15.066+0000: 922.472: [GC (Allocation Failure) 2019-10-10T11:50:15.066+0000: 922.472: [DefNew: 409756K->155K(460800K), 0.0026062 secs] 466562K->56961K(1484800K), 0.0026995 secs] [Times: user=0.00 sys=0.00, real=0.00 secs] 
2019-10-10T11:50:22.773+0000: 930.180: [GC (Allocation Failure) 2019-10-10T11:50:22.773+0000: 930.180: [DefNew: 409755K->155K(460800K), 0.0029190 secs] 466561K->56961K(1484800K), 0.0030100 secs] [Times: user=0.00 sys=0.00, real=0.00 secs] 
2019-10-10T11:50:30.071+0000: 937.478: [GC (Allocation Failure) 2019-10-10T11:50:30.071+0000: 937.478: [DefNew: 409755K->154K(460800K), 0.0027391 secs] 466561K->56961K(1484800K), 0.0028226 secs] [Times: user=0.00 sys=0.00, real=0.00 secs] 
2019-10-10T11:50:37.249+0000: 944.656: [GC (Allocation Failure) 2019-10-10T11:50:37.249+0000: 944.656: [DefNew: 409754K->170K(460800K), 0.0027642 secs] 466561K->56976K(1484800K), 0.0028821 secs] [Times: user=0.00 sys=0.00, real=0.01 secs] 
2019-10-10T11:50:45.112+0000: 952.519: [GC (Allocation Failure) 2019-10-10T11:50:45.113+0000: 952.519: [DefNew: 409770K->169K(460800K), 0.0029489 secs] 466576K->56976K(1484800K), 0.0030376 secs] [Times: user=0.00 sys=0.00, real=0.00 secs] 
2019-10-10T11:50:52.441+0000: 959.848: [GC (Allocation Failure) 2019-10-10T11:50:52.442+0000: 959.848: [DefNew: 409769K->176K(460800K), 0.0027638 secs] 466576K->56991K(1484800K), 0.0028544 secs] [Times: user=0.00 sys=0.00, real=0.00 secs] 
2019-10-10T11:50:59.768+0000: 967.175: [GC (Allocation Failure) 2019-10-10T11:50:59.768+0000: 967.175: [DefNew: 409776K->209K(460800K), 0.0029330 secs] 466591K->57024K(1484800K), 0.0030323 secs] [Times: user=0.00 sys=0.00, real=0.01 secs] 
2019-10-10T11:51:07.434+0000: 974.841: [GC (Allocation Failure) 2019-10-10T11:51:07.434+0000: 974.841: [DefNew: 409809K->156K(460800K), 0.0027500 secs] 466624K->56972K(1484800K), 0.0028387 secs] [Times: user=0.00 sys=0.00, real=0.00 secs] 
2019-10-10T11:51:14.717+0000: 982.124: [GC (Allocation Failure) 2019-10-10T11:51:14.717+0000: 982.124: [DefNew: 409756K->155K(460800K), 0.0027343 secs] 466572K->56971K(1484800K), 0.0028243 secs] [Times: user=0.00 sys=0.00, real=0.01 secs] 
2019-10-10T11:51:21.995+0000: 989.402: [GC (Allocation Failure) 2019-10-10T11:51:21.995+0000: 989.402: [DefNew: 409755K->156K(460800K), 0.0026430 secs] 466571K->56971K(1484800K), 0.0027370 secs] [Times: user=0.00 sys=0.00, real=0.01 secs] 
2019-10-10T11:51:29.749+0000: 997.156: [GC (Allocation Failure) 2019-10-10T11:51:29.749+0000: 997.156: [DefNew: 409756K->155K(460800K), 0.0027382 secs] 466571K->56971K(1484800K), 0.0028533 secs] [Times: user=0.00 sys=0.00, real=0.01 secs] 
2019-10-10T11:51:37.061+0000: 1004.467: [GC (Allocation Failure) 2019-10-10T11:51:37.061+0000: 1004.467: [DefNew: 409755K->162K(460800K), 0.0027792 secs] 466571K->56978K(1484800K), 0.0028795 secs] [Times: user=0.01 sys=0.00, real=0.00 secs] 
2019-10-10T11:51:44.318+0000: 1011.724: [GC (Allocation Failure) 2019-10-10T11:51:44.318+0000: 1011.724: [DefNew: 409762K->206K(460800K), 0.0027753 secs] 466578K->57022K(1484800K), 0.0028589 secs] [Times: user=0.00 sys=0.00, real=0.00 secs] 
11:51:50.318 [Client] INFO  c.s.f.r.e.s.SocketRear  - FlameSocketGraphDeployerRear@flamestream-benchmarks-worker-11: has been disconnected from Connection 15
11:51:50.325 [Client] INFO  c.s.f.r.e.s.SocketFront  - FlameSocketGraphDeployerFront@flamestream-benchmarks-worker-11 has been disconnected from Connection 15
11:51:50.349 [worker-akka.actor.default-dispatcher-9] WARN  c.s.f.r.e.s.SocketRear  - FlameSocketGraphDeployerRear@flamestream-benchmarks-worker-11: writing to closed log
11:51:54.743 [worker-akka.actor.default-dispatcher-9] INFO  a.r.a.Association(akka://worker) akka.remote.artery.Association(akka://worker) - Association to [akka://worker@flamestream-benchmarks-worker-1:5412] having UID [-1841295077369734911] has been stopped. All messages to this UID will be delivered to dead letters. Reason: ActorSystem terminated
11:51:54.933 [worker-akka.actor.default-dispatcher-9] INFO  a.r.a.Association(akka://worker) akka.remote.artery.Association(akka://worker) - Association to [akka://worker@flamestream-benchmarks-worker-2:5412] having UID [6444600634398261218] has been stopped. All messages to this UID will be delivered to dead letters. Reason: ActorSystem terminated
11:51:55.054 [worker-akka.actor.default-dispatcher-9] INFO  a.r.a.Association(akka://worker) akka.remote.artery.Association(akka://worker) - Association to [akka://worker@flamestream-benchmarks-worker-4:5412] having UID [8035050663617044396] has been stopped. All messages to this UID will be delivered to dead letters. Reason: ActorSystem terminated
11:51:55.077 [worker-akka.actor.default-dispatcher-9] INFO  a.r.a.Association(akka://worker) akka.remote.artery.Association(akka://worker) - Association to [akka://worker@flamestream-benchmarks-worker-3:5412] having UID [-4933178446897725924] has been stopped. All messages to this UID will be delivered to dead letters. Reason: ActorSystem terminated
11:51:55.583 [worker-akka.actor.default-dispatcher-9] INFO  a.r.a.Association(akka://worker) akka.remote.artery.Association(akka://worker) - Association to [akka://worker@flamestream-benchmarks-worker-0:5412] having UID [3620502731318403711] has been stopped. All messages to this UID will be delivered to dead letters. Reason: ActorSystem terminated
11:51:56.123 [worker-akka.actor.default-dispatcher-9] INFO  a.r.a.Association(akka://worker) akka.remote.artery.Association(akka://worker) - Association to [akka://worker@flamestream-benchmarks-worker-5:5412] having UID [4120531977976955677] has been stopped. All messages to this UID will be delivered to dead letters. Reason: ActorSystem terminated
11:51:56.143 [worker-akka.actor.default-dispatcher-9] INFO  a.r.a.Association(akka://worker) akka.remote.artery.Association(akka://worker) - Association to [akka://worker@flamestream-benchmarks-worker-6:5412] having UID [4037409460353836698] has been stopped. All messages to this UID will be delivered to dead letters. Reason: ActorSystem terminated
11:51:56.182 [worker-akka.actor.default-dispatcher-9] INFO  a.a.LocalActorRef akka://worker/user/watcher/processing-watcher/graph/edge/FlameSocketGraphDeployerRear - Stopped
11:51:56.186 [worker-akka.actor.default-dispatcher-9] INFO  a.a.LocalActorRef akka://worker/user/watcher/processing-watcher/graph/negotiator - Stopped
11:51:56.200 [worker-akka.actor.default-dispatcher-6] INFO  a.a.LocalActorRef akka://worker/user/watcher/processing-watcher/graph/edge/FlameSocketGraphDeployerFront - Stopped
11:51:56.205 [worker-akka.actor.default-dispatcher-13] INFO  a.a.LocalActorRef akka://worker/user/watcher/processing-watcher/graph/graph/$+ - Stopped
11:51:56.205 [worker-akka.actor.default-dispatcher-13] INFO  a.a.LocalActorRef akka://worker/user/watcher/processing-watcher/graph/edge - Stopped
11:51:56.206 [worker-akka.actor.default-dispatcher-17] INFO  a.a.LocalActorRef akka://worker/user/watcher/processing-watcher/graph/graph/$0 - Stopped
11:51:56.206 [worker-akka.actor.default-dispatcher-18] INFO  a.a.LocalActorRef akka://worker/user/watcher/processing-watcher/graph/graph/$1 - Stopped
11:51:56.207 [worker-akka.actor.default-dispatcher-18] INFO  a.a.LocalActorRef akka://worker/user/watcher/processing-watcher/graph/graph/$2 - Stopped
11:51:56.207 [worker-akka.actor.default-dispatcher-18] INFO  a.a.LocalActorRef akka://worker/user/watcher/processing-watcher/graph/graph/$3 - Stopped
11:51:56.207 [worker-akka.actor.default-dispatcher-18] INFO  a.a.LocalActorRef akka://worker/user/watcher/processing-watcher/graph/graph/$4 - Stopped
11:51:56.207 [worker-akka.actor.default-dispatcher-18] INFO  a.a.LocalActorRef akka://worker/user/watcher/processing-watcher/graph/graph/$5 - Stopped
11:51:56.207 [worker-akka.actor.default-dispatcher-17] INFO  a.a.LocalActorRef akka://worker/user/watcher/processing-watcher/graph/graph/$6 - Stopped
11:51:56.209 [worker-akka.actor.default-dispatcher-19] INFO  a.a.LocalActorRef akka://worker/user/watcher/processing-watcher/graph/graph/$7 - Stopped
11:51:56.210 [worker-akka.actor.default-dispatcher-19] INFO  a.a.LocalActorRef akka://worker/user/watcher/processing-watcher/graph/graph/$8 - Stopped
11:51:56.211 [worker-akka.actor.default-dispatcher-19] INFO  a.a.LocalActorRef akka://worker/user/watcher/processing-watcher/graph/graph/$9 - Stopped
11:51:56.212 [worker-akka.actor.default-dispatcher-19] INFO  a.a.LocalActorRef akka://worker/user/watcher/processing-watcher/graph/graph/$A - Stopped
11:51:56.214 [worker-akka.actor.default-dispatcher-19] INFO  a.a.LocalActorRef akka://worker/user/watcher/processing-watcher/graph/graph/$Ab - Stopped
11:51:56.215 [worker-akka.actor.default-dispatcher-19] INFO  a.a.LocalActorRef akka://worker/user/watcher/processing-watcher/graph/graph/$B - Stopped
11:51:56.216 [worker-akka.actor.default-dispatcher-19] INFO  a.a.LocalActorRef akka://worker/user/watcher/processing-watcher/graph/graph/$Bb - Stopped
11:51:56.217 [worker-akka.actor.default-dispatcher-19] INFO  a.a.LocalActorRef akka://worker/user/watcher/processing-watcher/graph/graph/$C - Stopped
11:51:56.218 [worker-akka.actor.default-dispatcher-19] INFO  a.a.LocalActorRef akka://worker/user/watcher/processing-watcher/graph/graph/$Cb - Stopped
11:51:56.218 [worker-akka.actor.default-dispatcher-19] INFO  a.a.LocalActorRef akka://worker/user/watcher/processing-watcher/graph/graph/$D - Stopped
11:51:56.219 [worker-akka.actor.default-dispatcher-19] INFO  a.a.LocalActorRef akka://worker/user/watcher/processing-watcher/graph/graph/$Db - Stopped
11:51:56.221 [worker-akka.actor.default-dispatcher-19] INFO  a.a.LocalActorRef akka://worker/user/watcher/processing-watcher/graph/graph/$E - Stopped
11:51:56.222 [worker-akka.actor.default-dispatcher-19] INFO  a.a.LocalActorRef akka://worker/user/watcher/processing-watcher/graph/graph/$Eb - Stopped
11:51:56.223 [worker-akka.actor.default-dispatcher-19] INFO  a.a.LocalActorRef akka://worker/user/watcher/processing-watcher/graph/graph/$F - Stopped
11:51:56.224 [worker-akka.actor.default-dispatcher-19] INFO  a.a.LocalActorRef akka://worker/user/watcher/processing-watcher/graph/graph/$Fb - Stopped
11:51:56.225 [worker-akka.actor.default-dispatcher-19] INFO  a.a.LocalActorRef akka://worker/user/watcher/processing-watcher/graph/graph/$G - Stopped
11:51:56.227 [worker-akka.actor.default-dispatcher-19] INFO  a.a.LocalActorRef akka://worker/user/watcher/processing-watcher/graph/graph/$Gb - Stopped
11:51:56.228 [worker-akka.actor.default-dispatcher-19] INFO  a.a.LocalActorRef akka://worker/user/watcher/processing-watcher/graph/graph/$H - Stopped
11:51:56.229 [worker-akka.actor.default-dispatcher-19] INFO  a.a.LocalActorRef akka://worker/user/watcher/processing-watcher/graph/graph/$Hb - Stopped
11:51:56.230 [worker-akka.actor.default-dispatcher-19] INFO  a.a.LocalActorRef akka://worker/user/watcher/processing-watcher/graph/graph/$I - Stopped
11:51:56.231 [worker-akka.actor.default-dispatcher-19] INFO  a.a.LocalActorRef akka://worker/user/watcher/processing-watcher/graph/graph/$Ib - Stopped
11:51:56.231 [worker-akka.actor.default-dispatcher-19] INFO  a.a.LocalActorRef akka://worker/user/watcher/processing-watcher/graph/graph/$J - Stopped
11:51:56.232 [worker-akka.actor.default-dispatcher-19] INFO  a.a.LocalActorRef akka://worker/user/watcher/processing-watcher/graph/graph/$Jb - Stopped
11:51:56.234 [worker-akka.actor.default-dispatcher-19] INFO  a.a.LocalActorRef akka://worker/user/watcher/processing-watcher/graph/graph/$K - Stopped
11:51:56.235 [worker-akka.actor.default-dispatcher-19] INFO  a.a.LocalActorRef akka://worker/user/watcher/processing-watcher/graph/graph/$Kb - Stopped
11:51:56.236 [worker-akka.actor.default-dispatcher-19] INFO  a.a.LocalActorRef akka://worker/user/watcher/processing-watcher/graph/graph/$L - Stopped
11:51:56.237 [worker-akka.actor.default-dispatcher-19] INFO  a.a.LocalActorRef akka://worker/user/watcher/processing-watcher/graph/graph/$Lb - Stopped
11:51:56.238 [worker-akka.actor.default-dispatcher-19] INFO  a.a.LocalActorRef akka://worker/user/watcher/processing-watcher/graph/graph/$M - Stopped
11:51:56.239 [worker-akka.actor.default-dispatcher-19] INFO  a.a.LocalActorRef akka://worker/user/watcher/processing-watcher/graph/graph/$Mb - Stopped
11:51:56.241 [worker-akka.actor.default-dispatcher-19] INFO  a.a.LocalActorRef akka://worker/user/watcher/processing-watcher/graph/graph/$N - Stopped
11:51:56.242 [worker-akka.actor.default-dispatcher-19] INFO  a.a.LocalActorRef akka://worker/user/watcher/processing-watcher/graph/graph/$Nb - Stopped
11:51:56.242 [worker-akka.actor.default-dispatcher-19] INFO  a.a.LocalActorRef akka://worker/user/watcher/processing-watcher/graph/graph/$O - Stopped
11:51:56.243 [worker-akka.actor.default-dispatcher-19] INFO  a.a.LocalActorRef akka://worker/user/watcher/processing-watcher/graph/graph/$P - Stopped
11:51:56.244 [worker-akka.actor.default-dispatcher-19] INFO  a.a.LocalActorRef akka://worker/user/watcher/processing-watcher/graph/graph/$Q - Stopped
11:51:56.246 [worker-akka.actor.default-dispatcher-19] INFO  a.a.LocalActorRef akka://worker/user/watcher/processing-watcher/graph/graph/$R - Stopped
11:51:56.248 [worker-akka.actor.default-dispatcher-19] INFO  a.a.LocalActorRef akka://worker/user/watcher/processing-watcher/graph/graph/$S - Stopped
11:51:56.249 [worker-akka.actor.default-dispatcher-19] INFO  a.a.LocalActorRef akka://worker/user/watcher/processing-watcher/graph/graph/$T - Stopped
11:51:56.249 [worker-akka.actor.default-dispatcher-19] INFO  a.a.LocalActorRef akka://worker/user/watcher/processing-watcher/graph/graph/$U - Stopped
11:51:56.250 [worker-akka.actor.default-dispatcher-19] INFO  a.a.LocalActorRef akka://worker/user/watcher/processing-watcher/graph/graph/$V - Stopped
11:51:56.251 [worker-akka.actor.default-dispatcher-19] INFO  a.a.LocalActorRef akka://worker/user/watcher/processing-watcher/graph/graph/$W - Stopped
11:51:56.252 [worker-akka.actor.default-dispatcher-19] INFO  a.a.LocalActorRef akka://worker/user/watcher/processing-watcher/graph/graph/$X - Stopped
11:51:56.253 [worker-akka.actor.default-dispatcher-19] INFO  a.a.LocalActorRef akka://worker/user/watcher/processing-watcher/graph/graph/$Y - Stopped
11:51:56.253 [worker-akka.actor.default-dispatcher-19] INFO  a.a.LocalActorRef akka://worker/user/watcher/processing-watcher/graph/graph/$Z - Stopped
11:51:56.254 [worker-akka.actor.default-dispatcher-19] INFO  a.a.LocalActorRef akka://worker/user/watcher/processing-watcher/graph/graph/$a - Stopped
11:51:56.255 [worker-akka.actor.default-dispatcher-19] INFO  a.a.LocalActorRef akka://worker/user/watcher/processing-watcher/graph/graph/$ab - Stopped
11:51:56.255 [worker-akka.actor.default-dispatcher-19] INFO  a.a.LocalActorRef akka://worker/user/watcher/processing-watcher/graph/graph/$b - Stopped
11:51:56.256 [worker-akka.actor.default-dispatcher-19] INFO  a.a.LocalActorRef akka://worker/user/watcher/processing-watcher/graph/graph/$bb - Stopped
11:51:56.257 [worker-akka.actor.default-dispatcher-19] INFO  a.a.LocalActorRef akka://worker/user/watcher/processing-watcher/graph/graph/$c - Stopped
11:51:56.258 [worker-akka.actor.default-dispatcher-19] INFO  a.a.LocalActorRef akka://worker/user/watcher/processing-watcher/graph/graph/$cb - Stopped
11:51:56.258 [worker-akka.actor.default-dispatcher-19] INFO  a.a.LocalActorRef akka://worker/user/watcher/processing-watcher/graph/graph/$d - Stopped
11:51:56.259 [worker-akka.actor.default-dispatcher-19] INFO  a.a.LocalActorRef akka://worker/user/watcher/processing-watcher/graph/graph/$db - Stopped
11:51:56.260 [worker-akka.actor.default-dispatcher-19] INFO  a.a.LocalActorRef akka://worker/user/watcher/processing-watcher/graph/graph/$e - Stopped
11:51:56.261 [worker-akka.actor.default-dispatcher-19] INFO  a.a.LocalActorRef akka://worker/user/watcher/processing-watcher/graph/graph/$eb - Stopped
11:51:56.261 [worker-akka.actor.default-dispatcher-19] INFO  a.a.LocalActorRef akka://worker/user/watcher/processing-watcher/graph/graph/$f - Stopped
11:51:56.262 [worker-akka.actor.default-dispatcher-19] INFO  a.a.LocalActorRef akka://worker/user/watcher/processing-watcher/graph/graph/$fb - Stopped
11:51:56.263 [worker-akka.actor.default-dispatcher-19] INFO  a.a.LocalActorRef akka://worker/user/watcher/processing-watcher/graph/graph/$g - Stopped
11:51:56.264 [worker-akka.actor.default-dispatcher-19] INFO  a.a.LocalActorRef akka://worker/user/watcher/processing-watcher/graph/graph/$gb - Stopped
11:51:56.266 [worker-akka.actor.default-dispatcher-19] INFO  a.a.LocalActorRef akka://worker/user/watcher/processing-watcher/graph/graph/$h - Stopped
11:51:56.266 [worker-akka.actor.default-dispatcher-19] INFO  a.a.LocalActorRef akka://worker/user/watcher/processing-watcher/graph/graph/$hb - Stopped
11:51:56.267 [worker-akka.actor.default-dispatcher-19] INFO  a.a.LocalActorRef akka://worker/user/watcher/processing-watcher/graph/graph/$i - Stopped
11:51:56.268 [worker-akka.actor.default-dispatcher-19] INFO  a.a.LocalActorRef akka://worker/user/watcher/processing-watcher/graph/graph/$ib - Stopped
11:51:56.268 [worker-akka.actor.default-dispatcher-19] INFO  a.a.LocalActorRef akka://worker/user/watcher/processing-watcher/graph/graph/$j - Stopped
11:51:56.268 [worker-akka.actor.default-dispatcher-19] INFO  a.a.LocalActorRef akka://worker/user/watcher/processing-watcher/graph/graph/$jb - Stopped
11:51:56.269 [worker-akka.actor.default-dispatcher-19] INFO  a.a.LocalActorRef akka://worker/user/watcher/processing-watcher/graph/graph/$k - Stopped
11:51:56.271 [worker-akka.actor.default-dispatcher-19] INFO  a.a.LocalActorRef akka://worker/user/watcher/processing-watcher/graph/graph/$kb - Stopped
11:51:56.271 [worker-akka.actor.default-dispatcher-19] INFO  a.a.LocalActorRef akka://worker/user/watcher/processing-watcher/graph/graph/$l - Stopped
11:51:56.272 [worker-akka.actor.default-dispatcher-19] INFO  a.a.LocalActorRef akka://worker/user/watcher/processing-watcher/graph/graph/$lb - Stopped
11:51:56.272 [worker-akka.actor.default-dispatcher-19] INFO  a.a.LocalActorRef akka://worker/user/watcher/processing-watcher/graph/graph/$m - Stopped
11:51:56.273 [worker-akka.actor.default-dispatcher-19] INFO  a.a.LocalActorRef akka://worker/user/watcher/processing-watcher/graph/graph/$mb - Stopped
11:51:56.274 [worker-akka.actor.default-dispatcher-19] INFO  a.a.LocalActorRef akka://worker/user/watcher/processing-watcher/graph/graph/$n - Stopped
11:51:56.274 [worker-akka.actor.default-dispatcher-19] INFO  a.a.LocalActorRef akka://worker/user/watcher/processing-watcher/graph/graph/$nb - Stopped
11:51:56.275 [worker-akka.actor.default-dispatcher-19] INFO  a.a.LocalActorRef akka://worker/user/watcher/processing-watcher/graph/graph/$o - Stopped
11:51:56.276 [worker-akka.actor.default-dispatcher-19] INFO  a.a.LocalActorRef akka://worker/user/watcher/processing-watcher/graph/graph/$ob - Stopped
11:51:56.276 [worker-akka.actor.default-dispatcher-19] INFO  a.a.LocalActorRef akka://worker/user/watcher/processing-watcher/graph/graph/$p - Stopped
11:51:56.277 [worker-akka.actor.default-dispatcher-19] INFO  a.a.LocalActorRef akka://worker/user/watcher/processing-watcher/graph/graph/$pb - Stopped
11:51:56.278 [worker-akka.actor.default-dispatcher-19] INFO  a.a.LocalActorRef akka://worker/user/watcher/processing-watcher/graph/graph/$q - Stopped
11:51:56.278 [worker-akka.actor.default-dispatcher-19] INFO  a.a.LocalActorRef akka://worker/user/watcher/processing-watcher/graph/graph/$qb - Stopped
11:51:56.279 [worker-akka.actor.default-dispatcher-19] INFO  a.a.LocalActorRef akka://worker/user/watcher/processing-watcher/graph/graph/$r - Stopped
11:51:56.280 [worker-akka.actor.default-dispatcher-19] INFO  a.a.LocalActorRef akka://worker/user/watcher/processing-watcher/graph/graph/$rb - Stopped
11:51:56.280 [worker-akka.actor.default-dispatcher-19] INFO  a.a.LocalActorRef akka://worker/user/watcher/processing-watcher/graph/graph/$s - Stopped
11:51:56.281 [worker-akka.actor.default-dispatcher-19] INFO  a.a.LocalActorRef akka://worker/user/watcher/processing-watcher/graph/graph/$sb - Stopped
11:51:56.281 [worker-akka.actor.default-dispatcher-19] INFO  a.a.LocalActorRef akka://worker/user/watcher/processing-watcher/graph/graph/$t - Stopped
11:51:56.283 [worker-akka.actor.default-dispatcher-19] INFO  a.r.a.Association(akka://worker) akka.remote.artery.Association(akka://worker) - Association to [akka://worker@flamestream-benchmarks-worker-8:5412] having UID [1320043002536413206] has been stopped. All messages to this UID will be delivered to dead letters. Reason: ActorSystem terminated
11:51:56.283 [worker-akka.actor.default-dispatcher-19] INFO  a.a.LocalActorRef akka://worker/user/watcher/processing-watcher/graph/graph/$tb - Stopped
11:51:56.284 [worker-akka.actor.default-dispatcher-19] INFO  a.a.LocalActorRef akka://worker/user/watcher/processing-watcher/graph/graph/$u - Stopped
11:51:56.285 [worker-akka.actor.default-dispatcher-19] INFO  a.a.LocalActorRef akka://worker/user/watcher/processing-watcher/graph/graph/$ub - Stopped
11:51:56.286 [worker-akka.actor.default-dispatcher-19] INFO  a.a.LocalActorRef akka://worker/user/watcher/processing-watcher/graph/graph/$v - Stopped
11:51:56.287 [worker-akka.actor.default-dispatcher-19] INFO  a.a.LocalActorRef akka://worker/user/watcher/processing-watcher/graph/graph/$vb - Stopped
11:51:56.288 [worker-akka.actor.default-dispatcher-19] INFO  a.a.LocalActorRef akka://worker/user/watcher/processing-watcher/graph/graph/$w - Stopped
11:51:56.289 [worker-akka.actor.default-dispatcher-19] INFO  a.a.LocalActorRef akka://worker/user/watcher/processing-watcher/graph/graph/$wb - Stopped
11:51:56.289 [worker-akka.actor.default-dispatcher-19] INFO  a.a.LocalActorRef akka://worker/user/watcher/processing-watcher/graph/graph/$x - Stopped
11:51:56.289 [worker-akka.actor.default-dispatcher-19] INFO  a.a.LocalActorRef akka://worker/user/watcher/processing-watcher/graph/graph/$xb - Stopped
11:51:56.290 [worker-akka.actor.default-dispatcher-19] INFO  a.a.LocalActorRef akka://worker/user/watcher/processing-watcher/graph/graph/$y - Stopped
11:51:56.291 [worker-akka.actor.default-dispatcher-19] INFO  a.a.LocalActorRef akka://worker/user/watcher/processing-watcher/graph/graph/$yb - Stopped
11:51:56.291 [worker-akka.actor.default-dispatcher-19] INFO  a.a.LocalActorRef akka://worker/user/watcher/processing-watcher/graph/graph/$z - Stopped
11:51:56.292 [worker-akka.actor.default-dispatcher-19] INFO  a.a.LocalActorRef akka://worker/user/watcher/processing-watcher/graph/graph/$zb - Stopped
11:51:56.293 [worker-akka.actor.default-dispatcher-19] INFO  a.a.LocalActorRef akka://worker/user/watcher/processing-watcher/graph/graph/$~ - Stopped
11:51:56.309 [worker-akka.actor.default-dispatcher-19] INFO  a.a.LocalActorRef akka://worker/user/watcher/processing-watcher/graph/graph - Stopped
11:51:56.319 [worker-akka.actor.default-dispatcher-19] INFO  a.a.LocalActorRef akka://worker/user/watcher/processing-watcher/graph - Stopped
11:51:56.320 [worker-akka.actor.default-dispatcher-13] INFO  a.a.LocalActorRef akka://worker/user/watcher/processing-watcher - Stopped
11:51:56.321 [Curator-Framework-0] INFO  o.a.c.f.i.CuratorFrameworkImpl  - backgroundOperationsLoop exiting
11:51:56.333 [worker-akka.actor.default-dispatcher-19] INFO  a.r.a.Association(akka://worker) akka.remote.artery.Association(akka://worker) - Association to [akka://worker@flamestream-benchmarks-worker-7:5412] having UID [-5519852423143450638] has been stopped. All messages to this UID will be delivered to dead letters. Reason: ActorSystem terminated
11:51:56.334 [worker-akka.actor.default-dispatcher-6-EventThread] INFO  o.a.z.ClientCnxn  - EventThread shut down for session: 0x100002c5342000b
11:51:56.335 [worker-akka.actor.default-dispatcher-13] INFO  o.a.z.ZooKeeper  - Session: 0x100002c5342000b closed
11:51:56.334 [Curator-PathChildrenCache-0] ERROR o.a.c.f.r.c.PathChildrenCache  - 
java.lang.IllegalStateException: instance must be started before calling this method
	at org.apache.curator.shaded.com.google.common.base.Preconditions.checkState(Preconditions.java:444)
	at org.apache.curator.framework.imps.CuratorFrameworkImpl.getChildren(CuratorFrameworkImpl.java:456)
	at org.apache.curator.framework.recipes.cache.PathChildrenCache.refresh(PathChildrenCache.java:521)
	at org.apache.curator.framework.recipes.cache.RefreshOperation.invoke(RefreshOperation.java:35)
	at org.apache.curator.framework.recipes.cache.PathChildrenCache$9.run(PathChildrenCache.java:786)
	at java.util.concurrent.Executors$RunnableAdapter.call(Executors.java:511)
	at java.util.concurrent.FutureTask.run(FutureTask.java:266)
	at java.util.concurrent.Executors$RunnableAdapter.call(Executors.java:511)
	at java.util.concurrent.FutureTask.run(FutureTask.java:266)
	at java.util.concurrent.ThreadPoolExecutor.runWorker(ThreadPoolExecutor.java:1149)
	at java.util.concurrent.ThreadPoolExecutor$Worker.run(ThreadPoolExecutor.java:624)
	at java.lang.Thread.run(Thread.java:748)
11:51:56.336 [worker-akka.actor.default-dispatcher-19] INFO  a.a.RepointableActorRef akka://worker/user/watcher - Stopped
11:51:56.346 [worker-akka.actor.default-dispatcher-13] INFO  a.r.RemoteActorRefProvider$RemotingTerminator akka://worker@flamestream-benchmarks-worker-11:5412/system/remoting-terminator - Shutting down remote daemon.
11:51:56.347 [worker-akka.actor.default-dispatcher-13] INFO  a.r.RemoteActorRefProvider$RemotingTerminator akka://worker@flamestream-benchmarks-worker-11:5412/system/remoting-terminator - Remote daemon shut down; proceeding with flushing remote transports.
11:51:57.533 [worker-akka.actor.default-dispatcher-13] INFO  a.r.RemoteActorRefProvider$RemotingTerminator akka://worker@flamestream-benchmarks-worker-11:5412/system/remoting-terminator - Remoting shut down.
Heap
 def new generation   total 460800K, used 372550K [0x00000000a2400000, 0x00000000c1800000, 0x00000000c1800000)
  eden space 409600K,  90% used [0x00000000a2400000, 0x00000000b8f9ddf8, 0x00000000bb400000)
  from space 51200K,   0% used [0x00000000bb400000, 0x00000000bb433a78, 0x00000000be600000)
  to   space 51200K,   0% used [0x00000000be600000, 0x00000000be600000, 0x00000000c1800000)
 tenured generation   total 1024000K, used 56815K [0x00000000c1800000, 0x0000000100000000, 0x0000000100000000)
   the space 1024000K,   5% used [0x00000000c1800000, 0x00000000c4f7bef0, 0x00000000c4f7c000, 0x0000000100000000)
 Metaspace       used 40810K, capacity 43594K, committed 43904K, reserved 1087488K
  class space    used 5344K, capacity 5668K, committed 5760K, reserved 1048576K
