19:32:36,598 |-INFO in ch.qos.logback.classic.LoggerContext[default] - Could NOT find resource [logback-test.xml]
19:32:36,598 |-INFO in ch.qos.logback.classic.LoggerContext[default] - Could NOT find resource [logback.groovy]
19:32:36,598 |-INFO in ch.qos.logback.classic.LoggerContext[default] - Found resource [logback.xml] at [jar:file:/root/flamestream/lib/flamestream-runtime-1.0-SNAPSHOT.jar!/logback.xml]
19:32:36,601 |-WARN in ch.qos.logback.classic.LoggerContext[default] - Resource [logback.xml] occurs multiple times on the classpath.
19:32:36,602 |-WARN in ch.qos.logback.classic.LoggerContext[default] - Resource [logback.xml] occurs at [jar:file:/root/flamestream/lib/flamestream-runtime-1.0-SNAPSHOT.jar!/logback.xml]
19:32:36,602 |-WARN in ch.qos.logback.classic.LoggerContext[default] - Resource [logback.xml] occurs at [jar:file:/root/flamestream/flamestream-runtime-1.0-SNAPSHOT.jar!/logback.xml]
19:32:36,622 |-INFO in ch.qos.logback.core.joran.spi.ConfigurationWatchList@3fb6a447 - URL [jar:file:/root/flamestream/lib/flamestream-runtime-1.0-SNAPSHOT.jar!/logback.xml] is not of type file
19:32:36,689 |-INFO in ch.qos.logback.classic.joran.action.ConfigurationAction - debug attribute not set
19:32:36,690 |-INFO in ch.qos.logback.core.joran.action.AppenderAction - About to instantiate appender of type [ch.qos.logback.core.ConsoleAppender]
19:32:36,706 |-INFO in ch.qos.logback.core.joran.action.AppenderAction - Naming appender as [STDOUT]
19:32:36,725 |-INFO in ch.qos.logback.core.joran.action.NestedComplexPropertyIA - Assuming default type [ch.qos.logback.classic.encoder.PatternLayoutEncoder] for [encoder] property
19:32:36,809 |-INFO in ch.qos.logback.core.joran.action.AppenderAction - About to instantiate appender of type [ch.qos.logback.core.rolling.RollingFileAppender]
19:32:36,814 |-INFO in ch.qos.logback.core.joran.action.AppenderAction - Naming appender as [FILE]
19:32:36,843 |-INFO in c.q.l.core.rolling.TimeBasedRollingPolicy@127618319 - No compression will be used
19:32:36,844 |-INFO in c.q.l.core.rolling.TimeBasedRollingPolicy@127618319 - Will use the pattern /tmp/application_%d{yyyy-MM-dd}.%i.log for the active file
19:32:36,847 |-INFO in ch.qos.logback.core.rolling.SizeAndTimeBasedFNATP@6b2fad11 - The date pattern is 'yyyy-MM-dd' from file name pattern '/tmp/application_%d{yyyy-MM-dd}.%i.log'.
19:32:36,847 |-INFO in ch.qos.logback.core.rolling.SizeAndTimeBasedFNATP@6b2fad11 - Roll-over at midnight.
19:32:36,852 |-INFO in ch.qos.logback.core.rolling.SizeAndTimeBasedFNATP@6b2fad11 - Setting initial period to Mon Jun 10 19:31:09 UTC 2019
19:32:36,852 |-WARN in ch.qos.logback.core.rolling.SizeAndTimeBasedFNATP@6b2fad11 - SizeAndTimeBasedFNATP is deprecated. Use SizeAndTimeBasedRollingPolicy instead
19:32:36,852 |-WARN in ch.qos.logback.core.rolling.SizeAndTimeBasedFNATP@6b2fad11 - For more information see http://logback.qos.ch/manual/appenders.html#SizeAndTimeBasedRollingPolicy
19:32:36,856 |-INFO in ch.qos.logback.core.joran.action.NestedComplexPropertyIA - Assuming default type [ch.qos.logback.classic.encoder.PatternLayoutEncoder] for [encoder] property
19:32:36,861 |-INFO in ch.qos.logback.core.rolling.RollingFileAppender[FILE] - Active log file name: /tmp/application.log
19:32:36,861 |-INFO in ch.qos.logback.core.rolling.RollingFileAppender[FILE] - File property is set to [/tmp/application.log]
19:32:36,861 |-INFO in ch.qos.logback.classic.joran.action.RootLoggerAction - Setting level of ROOT logger to WARN
19:32:36,862 |-INFO in ch.qos.logback.core.joran.action.AppenderRefAction - Attaching appender named [STDOUT] to Logger[ROOT]
19:32:36,863 |-INFO in ch.qos.logback.core.joran.action.AppenderRefAction - Attaching appender named [FILE] to Logger[ROOT]
19:32:36,864 |-INFO in ch.qos.logback.classic.joran.action.ConfigurationAction - End of configuration.
19:32:36,864 |-INFO in ch.qos.logback.classic.joran.JoranConfigurator@79698539 - Registering current configuration as safe fallback point

Ama winner
Ama winner
2019-06-10T19:32:38.145+0000: 1.728: [Full GC (Metadata GC Threshold) 2019-06-10T19:32:38.145+0000: 1.729: [Tenured: 0K->15240K(341376K), 0.0394325 secs] 114986K->15240K(494976K), [Metaspace: 20740K->20740K(1067008K)], 0.0394985 secs] [Times: user=0.04 sys=0.00, real=0.04 secs] 
19:32:52.262 [Curator-PathChildrenCache-2] WARN  o.a.c.u.ZKPaths  - The version of ZooKeeper being used doesn't support Container nodes. CreateMode.PERSISTENT will be used instead.
2019-06-10T19:32:54.728+0000: 18.311: [GC (Allocation Failure) 2019-06-10T19:32:54.728+0000: 18.311: [DefNew: 118787K->17023K(153600K), 0.0187793 secs] 134028K->33102K(494976K), 0.0188627 secs] [Times: user=0.02 sys=0.00, real=0.02 secs] 
2019-06-10T19:32:55.206+0000: 18.789: [Full GC (Metadata GC Threshold) 2019-06-10T19:32:55.206+0000: 18.789: [Tenured: 16078K->44428K(341376K), 0.0510299 secs] 70394K->44428K(494976K), [Metaspace: 34581K->34581K(1079296K)], 0.0511139 secs] [Times: user=0.05 sys=0.00, real=0.06 secs] 
2019-06-10T19:32:58.412+0000: 21.995: [GC (Allocation Failure) 2019-06-10T19:32:58.412+0000: 21.995: [DefNew: 136576K->162K(153600K), 0.0022476 secs] 181004K->44591K(494976K), 0.0023075 secs] [Times: user=0.00 sys=0.00, real=0.00 secs] 
2019-06-10T19:33:01.367+0000: 24.951: [GC (Allocation Failure) 2019-06-10T19:33:01.367+0000: 24.951: [DefNew: 136738K->201K(153600K), 0.0019085 secs] 181167K->44630K(494976K), 0.0019669 secs] [Times: user=0.00 sys=0.00, real=0.00 secs] 
2019-06-10T19:33:04.426+0000: 28.009: [GC (Allocation Failure) 2019-06-10T19:33:04.426+0000: 28.009: [DefNew: 136777K->198K(153600K), 0.0019393 secs] 181206K->44627K(494976K), 0.0020091 secs] [Times: user=0.00 sys=0.00, real=0.01 secs] 
2019-06-10T19:33:07.429+0000: 31.012: [GC (Allocation Failure) 2019-06-10T19:33:07.429+0000: 31.012: [DefNew: 136774K->227K(153600K), 0.0019998 secs] 181203K->44656K(494976K), 0.0020595 secs] [Times: user=0.00 sys=0.00, real=0.00 secs] 
2019-06-10T19:33:10.441+0000: 34.025: [GC (Allocation Failure) 2019-06-10T19:33:10.441+0000: 34.025: [DefNew: 136803K->233K(153600K), 0.0018976 secs] 181232K->44662K(494976K), 0.0019701 secs] [Times: user=0.00 sys=0.00, real=0.00 secs] 
2019-06-10T19:33:13.452+0000: 37.035: [GC (Allocation Failure) 2019-06-10T19:33:13.452+0000: 37.035: [DefNew: 136809K->266K(153600K), 0.0019753 secs] 181238K->44695K(494976K), 0.0020421 secs] [Times: user=0.01 sys=0.00, real=0.00 secs] 
2019-06-10T19:33:16.403+0000: 39.986: [GC (Allocation Failure) 2019-06-10T19:33:16.403+0000: 39.986: [DefNew: 136842K->259K(153600K), 0.0019871 secs] 181271K->44688K(494976K), 0.0020484 secs] [Times: user=0.00 sys=0.00, real=0.00 secs] 
2019-06-10T19:33:22.449+0000: 46.032: [GC (Allocation Failure) 2019-06-10T19:33:22.449+0000: 46.032: [DefNew: 136835K->258K(153600K), 0.0020018 secs] 181264K->44687K(494976K), 0.0020620 secs] [Times: user=0.00 sys=0.00, real=0.00 secs] 
19:33:30.638 [Curator-PathChildrenCache-0] ERROR o.a.c.f.r.c.PathChildrenCache  - 
java.lang.IllegalStateException: instance must be started before calling this method
	at org.apache.curator.shaded.com.google.common.base.Preconditions.checkState(Preconditions.java:444)
	at org.apache.curator.framework.imps.CuratorFrameworkImpl.getChildren(CuratorFrameworkImpl.java:456)
	at org.apache.curator.framework.recipes.cache.PathChildrenCache.refresh(PathChildrenCache.java:521)
	at org.apache.curator.framework.recipes.cache.RefreshOperation.invoke(RefreshOperation.java:35)
	at org.apache.curator.framework.recipes.cache.PathChildrenCache$9.run(PathChildrenCache.java:786)
	at java.util.concurrent.Executors$RunnableAdapter.call(Executors.java:511)
	at java.util.concurrent.FutureTask.run(FutureTask.java:266)
	at java.util.concurrent.Executors$RunnableAdapter.call(Executors.java:511)
	at java.util.concurrent.FutureTask.run(FutureTask.java:266)
	at java.util.concurrent.ThreadPoolExecutor.runWorker(ThreadPoolExecutor.java:1149)
	at java.util.concurrent.ThreadPoolExecutor$Worker.run(ThreadPoolExecutor.java:624)
	at java.lang.Thread.run(Thread.java:748)
Heap
 def new generation   total 153600K, used 67465K [0x00000000e0c00000, 0x00000000eb2a0000, 0x00000000eb2a0000)
  eden space 136576K,  49% used [0x00000000e0c00000, 0x00000000e4da1c90, 0x00000000e9160000)
  from space 17024K,   1% used [0x00000000ea200000, 0x00000000ea240a48, 0x00000000eb2a0000)
  to   space 17024K,   0% used [0x00000000e9160000, 0x00000000e9160000, 0x00000000ea200000)
 tenured generation   total 341376K, used 44428K [0x00000000eb2a0000, 0x0000000100000000, 0x0000000100000000)
   the space 341376K,  13% used [0x00000000eb2a0000, 0x00000000ede03370, 0x00000000ede03400, 0x0000000100000000)
 Metaspace       used 36051K, capacity 37000K, committed 37120K, reserved 1081344K
  class space    used 4857K, capacity 5060K, committed 5120K, reserved 1048576K
