18:58:05,977 |-INFO in ch.qos.logback.classic.LoggerContext[default] - Could NOT find resource [logback-test.xml]
18:58:05,977 |-INFO in ch.qos.logback.classic.LoggerContext[default] - Could NOT find resource [logback.groovy]
18:58:05,977 |-INFO in ch.qos.logback.classic.LoggerContext[default] - Found resource [logback.xml] at [jar:file:/root/flamestream/lib/flamestream-runtime-1.0-SNAPSHOT.jar!/logback.xml]
18:58:05,978 |-WARN in ch.qos.logback.classic.LoggerContext[default] - Resource [logback.xml] occurs multiple times on the classpath.
18:58:05,978 |-WARN in ch.qos.logback.classic.LoggerContext[default] - Resource [logback.xml] occurs at [jar:file:/root/flamestream/lib/flamestream-runtime-1.0-SNAPSHOT.jar!/logback.xml]
18:58:05,978 |-WARN in ch.qos.logback.classic.LoggerContext[default] - Resource [logback.xml] occurs at [jar:file:/root/flamestream/flamestream-runtime-1.0-SNAPSHOT.jar!/logback.xml]
18:58:05,997 |-INFO in ch.qos.logback.core.joran.spi.ConfigurationWatchList@3fb6a447 - URL [jar:file:/root/flamestream/lib/flamestream-runtime-1.0-SNAPSHOT.jar!/logback.xml] is not of type file
18:58:06,069 |-INFO in ch.qos.logback.classic.joran.action.ConfigurationAction - debug attribute not set
18:58:06,070 |-INFO in ch.qos.logback.core.joran.action.AppenderAction - About to instantiate appender of type [ch.qos.logback.core.ConsoleAppender]
18:58:06,089 |-INFO in ch.qos.logback.core.joran.action.AppenderAction - Naming appender as [STDOUT]
18:58:06,105 |-INFO in ch.qos.logback.core.joran.action.NestedComplexPropertyIA - Assuming default type [ch.qos.logback.classic.encoder.PatternLayoutEncoder] for [encoder] property
18:58:06,192 |-INFO in ch.qos.logback.core.joran.action.AppenderAction - About to instantiate appender of type [ch.qos.logback.core.rolling.RollingFileAppender]
18:58:06,198 |-INFO in ch.qos.logback.core.joran.action.AppenderAction - Naming appender as [FILE]
18:58:06,230 |-INFO in c.q.l.core.rolling.TimeBasedRollingPolicy@127618319 - No compression will be used
18:58:06,231 |-INFO in c.q.l.core.rolling.TimeBasedRollingPolicy@127618319 - Will use the pattern /tmp/application_%d{yyyy-MM-dd}.%i.log for the active file
18:58:06,234 |-INFO in ch.qos.logback.core.rolling.SizeAndTimeBasedFNATP@6b2fad11 - The date pattern is 'yyyy-MM-dd' from file name pattern '/tmp/application_%d{yyyy-MM-dd}.%i.log'.
18:58:06,234 |-INFO in ch.qos.logback.core.rolling.SizeAndTimeBasedFNATP@6b2fad11 - Roll-over at midnight.
18:58:06,239 |-INFO in ch.qos.logback.core.rolling.SizeAndTimeBasedFNATP@6b2fad11 - Setting initial period to Mon Jun 10 18:56:33 UTC 2019
18:58:06,239 |-WARN in ch.qos.logback.core.rolling.SizeAndTimeBasedFNATP@6b2fad11 - SizeAndTimeBasedFNATP is deprecated. Use SizeAndTimeBasedRollingPolicy instead
18:58:06,239 |-WARN in ch.qos.logback.core.rolling.SizeAndTimeBasedFNATP@6b2fad11 - For more information see http://logback.qos.ch/manual/appenders.html#SizeAndTimeBasedRollingPolicy
18:58:06,243 |-INFO in ch.qos.logback.core.joran.action.NestedComplexPropertyIA - Assuming default type [ch.qos.logback.classic.encoder.PatternLayoutEncoder] for [encoder] property
18:58:06,248 |-INFO in ch.qos.logback.core.rolling.RollingFileAppender[FILE] - Active log file name: /tmp/application.log
18:58:06,248 |-INFO in ch.qos.logback.core.rolling.RollingFileAppender[FILE] - File property is set to [/tmp/application.log]
18:58:06,249 |-INFO in ch.qos.logback.classic.joran.action.RootLoggerAction - Setting level of ROOT logger to WARN
18:58:06,249 |-INFO in ch.qos.logback.core.joran.action.AppenderRefAction - Attaching appender named [STDOUT] to Logger[ROOT]
18:58:06,251 |-INFO in ch.qos.logback.core.joran.action.AppenderRefAction - Attaching appender named [FILE] to Logger[ROOT]
18:58:06,251 |-INFO in ch.qos.logback.classic.joran.action.ConfigurationAction - End of configuration.
18:58:06,252 |-INFO in ch.qos.logback.classic.joran.JoranConfigurator@79698539 - Registering current configuration as safe fallback point

Ama winner
Ama winner
2019-06-10T18:58:07.546+0000: 1.755: [Full GC (Metadata GC Threshold) 2019-06-10T18:58:07.546+0000: 1.755: [Tenured: 0K->15240K(341376K), 0.0393217 secs] 117751K->15240K(494976K), [Metaspace: 20729K->20729K(1067008K)], 0.0393914 secs] [Times: user=0.04 sys=0.01, real=0.04 secs] 
18:58:24.699 [Curator-PathChildrenCache-1] WARN  o.a.c.u.ZKPaths  - The version of ZooKeeper being used doesn't support Container nodes. CreateMode.PERSISTENT will be used instead.
2019-06-10T18:58:26.632+0000: 20.841: [GC (Allocation Failure) 2019-06-10T18:58:26.632+0000: 20.841: [DefNew: 136463K->16647K(153600K), 0.0250160 secs] 151704K->51418K(494976K), 0.0250873 secs] [Times: user=0.01 sys=0.01, real=0.03 secs] 
2019-06-10T18:58:29.328+0000: 23.537: [Full GC (Metadata GC Threshold) 2019-06-10T18:58:29.328+0000: 23.537: [Tenured: 34771K->43506K(341376K), 0.0448287 secs] 109871K->43506K(494976K), [Metaspace: 34587K->34587K(1079296K)], 0.0449024 secs] [Times: user=0.04 sys=0.00, real=0.04 secs] 
2019-06-10T18:58:35.534+0000: 29.743: [GC (Allocation Failure) 2019-06-10T18:58:35.534+0000: 29.743: [DefNew: 136576K->61K(153600K), 0.0018686 secs] 180082K->43568K(494976K), 0.0019276 secs] [Times: user=0.00 sys=0.00, real=0.01 secs] 
2019-06-10T18:58:41.788+0000: 35.997: [GC (Allocation Failure) 2019-06-10T18:58:41.788+0000: 35.997: [DefNew: 136637K->67K(153600K), 0.0017279 secs] 180144K->43574K(494976K), 0.0017932 secs] [Times: user=0.00 sys=0.00, real=0.00 secs] 
2019-06-10T18:58:48.105+0000: 42.314: [GC (Allocation Failure) 2019-06-10T18:58:48.105+0000: 42.314: [DefNew: 136643K->62K(153600K), 0.0017226 secs] 180150K->43569K(494976K), 0.0017840 secs] [Times: user=0.00 sys=0.00, real=0.00 secs] 
2019-06-10T18:58:54.397+0000: 48.606: [GC (Allocation Failure) 2019-06-10T18:58:54.397+0000: 48.606: [DefNew: 136638K->61K(153600K), 0.0016911 secs] 180145K->43568K(494976K), 0.0017613 secs] [Times: user=0.00 sys=0.00, real=0.00 secs] 
2019-06-10T18:59:03.947+0000: 58.156: [GC (Allocation Failure) 2019-06-10T18:59:03.947+0000: 58.156: [DefNew: 136637K->233K(153600K), 0.0020385 secs] 180144K->43740K(494976K), 0.0021086 secs] [Times: user=0.00 sys=0.00, real=0.00 secs] 
18:59:06.400 [Curator-PathChildrenCache-0] ERROR o.a.c.f.r.c.PathChildrenCache  - 
java.lang.IllegalStateException: instance must be started before calling this method
	at org.apache.curator.shaded.com.google.common.base.Preconditions.checkState(Preconditions.java:444)
	at org.apache.curator.framework.imps.CuratorFrameworkImpl.getChildren(CuratorFrameworkImpl.java:456)
	at org.apache.curator.framework.recipes.cache.PathChildrenCache.refresh(PathChildrenCache.java:521)
	at org.apache.curator.framework.recipes.cache.RefreshOperation.invoke(RefreshOperation.java:35)
	at org.apache.curator.framework.recipes.cache.PathChildrenCache$9.run(PathChildrenCache.java:786)
	at java.util.concurrent.Executors$RunnableAdapter.call(Executors.java:511)
	at java.util.concurrent.FutureTask.run(FutureTask.java:266)
	at java.util.concurrent.Executors$RunnableAdapter.call(Executors.java:511)
	at java.util.concurrent.FutureTask.run(FutureTask.java:266)
	at java.util.concurrent.ThreadPoolExecutor.runWorker(ThreadPoolExecutor.java:1149)
	at java.util.concurrent.ThreadPoolExecutor$Worker.run(ThreadPoolExecutor.java:624)
	at java.lang.Thread.run(Thread.java:748)
Heap
 def new generation   total 153600K, used 24737K [0x00000000e0c00000, 0x00000000eb2a0000, 0x00000000eb2a0000)
  eden space 136576K,  17% used [0x00000000e0c00000, 0x00000000e23edca0, 0x00000000e9160000)
  from space 17024K,   1% used [0x00000000e9160000, 0x00000000e919a770, 0x00000000ea200000)
  to   space 17024K,   0% used [0x00000000ea200000, 0x00000000ea200000, 0x00000000eb2a0000)
 tenured generation   total 341376K, used 43506K [0x00000000eb2a0000, 0x0000000100000000, 0x0000000100000000)
   the space 341376K,  12% used [0x00000000eb2a0000, 0x00000000edd1cb00, 0x00000000edd1cc00, 0x0000000100000000)
 Metaspace       used 35892K, capacity 36800K, committed 37120K, reserved 1081344K
  class space    used 4854K, capacity 5074K, committed 5120K, reserved 1048576K
