19:08:57,280 |-INFO in ch.qos.logback.classic.LoggerContext[default] - Could NOT find resource [logback-test.xml]
19:08:57,280 |-INFO in ch.qos.logback.classic.LoggerContext[default] - Could NOT find resource [logback.groovy]
19:08:57,280 |-INFO in ch.qos.logback.classic.LoggerContext[default] - Found resource [logback.xml] at [jar:file:/root/flamestream/lib/flamestream-runtime-1.0-SNAPSHOT.jar!/logback.xml]
19:08:57,281 |-WARN in ch.qos.logback.classic.LoggerContext[default] - Resource [logback.xml] occurs multiple times on the classpath.
19:08:57,281 |-WARN in ch.qos.logback.classic.LoggerContext[default] - Resource [logback.xml] occurs at [jar:file:/root/flamestream/lib/flamestream-runtime-1.0-SNAPSHOT.jar!/logback.xml]
19:08:57,281 |-WARN in ch.qos.logback.classic.LoggerContext[default] - Resource [logback.xml] occurs at [jar:file:/root/flamestream/flamestream-runtime-1.0-SNAPSHOT.jar!/logback.xml]
19:08:57,301 |-INFO in ch.qos.logback.core.joran.spi.ConfigurationWatchList@3fb6a447 - URL [jar:file:/root/flamestream/lib/flamestream-runtime-1.0-SNAPSHOT.jar!/logback.xml] is not of type file
19:08:57,367 |-INFO in ch.qos.logback.classic.joran.action.ConfigurationAction - debug attribute not set
19:08:57,367 |-INFO in ch.qos.logback.core.joran.action.AppenderAction - About to instantiate appender of type [ch.qos.logback.core.ConsoleAppender]
19:08:57,383 |-INFO in ch.qos.logback.core.joran.action.AppenderAction - Naming appender as [STDOUT]
19:08:57,403 |-INFO in ch.qos.logback.core.joran.action.NestedComplexPropertyIA - Assuming default type [ch.qos.logback.classic.encoder.PatternLayoutEncoder] for [encoder] property
19:08:57,496 |-INFO in ch.qos.logback.core.joran.action.AppenderAction - About to instantiate appender of type [ch.qos.logback.core.rolling.RollingFileAppender]
19:08:57,507 |-INFO in ch.qos.logback.core.joran.action.AppenderAction - Naming appender as [FILE]
19:08:57,535 |-INFO in c.q.l.core.rolling.TimeBasedRollingPolicy@127618319 - No compression will be used
19:08:57,537 |-INFO in c.q.l.core.rolling.TimeBasedRollingPolicy@127618319 - Will use the pattern /tmp/application_%d{yyyy-MM-dd}.%i.log for the active file
19:08:57,540 |-INFO in ch.qos.logback.core.rolling.SizeAndTimeBasedFNATP@6b2fad11 - The date pattern is 'yyyy-MM-dd' from file name pattern '/tmp/application_%d{yyyy-MM-dd}.%i.log'.
19:08:57,540 |-INFO in ch.qos.logback.core.rolling.SizeAndTimeBasedFNATP@6b2fad11 - Roll-over at midnight.
19:08:57,545 |-INFO in ch.qos.logback.core.rolling.SizeAndTimeBasedFNATP@6b2fad11 - Setting initial period to Mon Jun 10 19:07:21 UTC 2019
19:08:57,545 |-WARN in ch.qos.logback.core.rolling.SizeAndTimeBasedFNATP@6b2fad11 - SizeAndTimeBasedFNATP is deprecated. Use SizeAndTimeBasedRollingPolicy instead
19:08:57,545 |-WARN in ch.qos.logback.core.rolling.SizeAndTimeBasedFNATP@6b2fad11 - For more information see http://logback.qos.ch/manual/appenders.html#SizeAndTimeBasedRollingPolicy
19:08:57,549 |-INFO in ch.qos.logback.core.joran.action.NestedComplexPropertyIA - Assuming default type [ch.qos.logback.classic.encoder.PatternLayoutEncoder] for [encoder] property
19:08:57,554 |-INFO in ch.qos.logback.core.rolling.RollingFileAppender[FILE] - Active log file name: /tmp/application.log
19:08:57,554 |-INFO in ch.qos.logback.core.rolling.RollingFileAppender[FILE] - File property is set to [/tmp/application.log]
19:08:57,555 |-INFO in ch.qos.logback.classic.joran.action.RootLoggerAction - Setting level of ROOT logger to WARN
19:08:57,555 |-INFO in ch.qos.logback.core.joran.action.AppenderRefAction - Attaching appender named [STDOUT] to Logger[ROOT]
19:08:57,557 |-INFO in ch.qos.logback.core.joran.action.AppenderRefAction - Attaching appender named [FILE] to Logger[ROOT]
19:08:57,557 |-INFO in ch.qos.logback.classic.joran.action.ConfigurationAction - End of configuration.
19:08:57,558 |-INFO in ch.qos.logback.classic.joran.JoranConfigurator@79698539 - Registering current configuration as safe fallback point

Ama winner
Ama winner
2019-06-10T19:08:58.916+0000: 1.828: [Full GC (Metadata GC Threshold) 2019-06-10T19:08:58.916+0000: 1.828: [Tenured: 0K->15176K(341376K), 0.0412581 secs] 114923K->15176K(494976K), [Metaspace: 20728K->20728K(1067008K)], 0.0413435 secs] [Times: user=0.03 sys=0.00, real=0.05 secs] 
19:09:19.579 [Curator-PathChildrenCache-1] WARN  o.a.c.u.ZKPaths  - The version of ZooKeeper being used doesn't support Container nodes. CreateMode.PERSISTENT will be used instead.
2019-06-10T19:09:21.726+0000: 24.638: [GC (Allocation Failure) 2019-06-10T19:09:21.726+0000: 24.638: [DefNew: 136576K->17023K(153600K), 0.0318842 secs] 151752K->52518K(494976K), 0.0319667 secs] [Times: user=0.02 sys=0.01, real=0.03 secs] 
2019-06-10T19:09:29.973+0000: 32.886: [GC (Allocation Failure) 2019-06-10T19:09:29.974+0000: 32.886: [DefNew: 153599K->356K(153600K), 0.0098095 secs] 189094K->43953K(494976K), 0.0109122 secs] [Times: user=0.01 sys=0.00, real=0.01 secs] 
2019-06-10T19:09:31.859+0000: 34.771: [Full GC (Metadata GC Threshold) 2019-06-10T19:09:31.859+0000: 34.771: [Tenured: 43596K->43931K(341376K), 0.0395010 secs] 76782K->43931K(494976K), [Metaspace: 34653K->34653K(1079296K)], 0.0395799 secs] [Times: user=0.04 sys=0.00, real=0.04 secs] 
2019-06-10T19:09:39.906+0000: 42.819: [GC (Allocation Failure) 2019-06-10T19:09:39.906+0000: 42.819: [DefNew: 136576K->51K(153600K), 0.0016840 secs] 180507K->43983K(494976K), 0.0017440 secs] [Times: user=0.00 sys=0.00, real=0.00 secs] 
2019-06-10T19:09:48.094+0000: 51.006: [GC (Allocation Failure) 2019-06-10T19:09:48.094+0000: 51.006: [DefNew: 136627K->48K(153600K), 0.0015501 secs] 180559K->43980K(494976K), 0.0016102 secs] [Times: user=0.00 sys=0.01, real=0.00 secs] 
2019-06-10T19:09:56.291+0000: 59.204: [GC (Allocation Failure) 2019-06-10T19:09:56.292+0000: 59.204: [DefNew: 136624K->49K(153600K), 0.0016920 secs] 180556K->43980K(494976K), 0.0017540 secs] [Times: user=0.00 sys=0.00, real=0.00 secs] 
2019-06-10T19:10:05.302+0000: 68.214: [GC (Allocation Failure) 2019-06-10T19:10:05.302+0000: 68.214: [DefNew: 136625K->384K(153600K), 0.0021673 secs] 180556K->44315K(494976K), 0.0022434 secs] [Times: user=0.00 sys=0.00, real=0.00 secs] 
19:10:25.225 [Curator-PathChildrenCache-0] ERROR o.a.c.f.r.c.PathChildrenCache  - 
java.lang.IllegalStateException: instance must be started before calling this method
	at org.apache.curator.shaded.com.google.common.base.Preconditions.checkState(Preconditions.java:444)
	at org.apache.curator.framework.imps.CuratorFrameworkImpl.getChildren(CuratorFrameworkImpl.java:456)
	at org.apache.curator.framework.recipes.cache.PathChildrenCache.refresh(PathChildrenCache.java:521)
	at org.apache.curator.framework.recipes.cache.RefreshOperation.invoke(RefreshOperation.java:35)
	at org.apache.curator.framework.recipes.cache.PathChildrenCache$9.run(PathChildrenCache.java:786)
	at java.util.concurrent.Executors$RunnableAdapter.call(Executors.java:511)
	at java.util.concurrent.FutureTask.run(FutureTask.java:266)
	at java.util.concurrent.Executors$RunnableAdapter.call(Executors.java:511)
	at java.util.concurrent.FutureTask.run(FutureTask.java:266)
	at java.util.concurrent.ThreadPoolExecutor.runWorker(ThreadPoolExecutor.java:1149)
	at java.util.concurrent.ThreadPoolExecutor$Worker.run(ThreadPoolExecutor.java:624)
	at java.lang.Thread.run(Thread.java:748)
2019-06-10T19:10:26.325+0000: 89.237: [GC (Allocation Failure) 2019-06-10T19:10:26.325+0000: 89.237: [DefNew: 136960K->902K(153600K), 0.0035011 secs] 180891K->44834K(494976K), 0.0035588 secs] [Times: user=0.00 sys=0.00, real=0.00 secs] 
Heap
 def new generation   total 153600K, used 4551K [0x00000000e0c00000, 0x00000000eb2a0000, 0x00000000eb2a0000)
  eden space 136576K,   2% used [0x00000000e0c00000, 0x00000000e0f901b0, 0x00000000e9160000)
  from space 17024K,   5% used [0x00000000ea200000, 0x00000000ea2e1be0, 0x00000000eb2a0000)
  to   space 17024K,   0% used [0x00000000e9160000, 0x00000000e9160000, 0x00000000ea200000)
 tenured generation   total 341376K, used 43931K [0x00000000eb2a0000, 0x0000000100000000, 0x0000000100000000)
   the space 341376K,  12% used [0x00000000eb2a0000, 0x00000000edd86e88, 0x00000000edd87000, 0x0000000100000000)
 Metaspace       used 36170K, capacity 37056K, committed 37376K, reserved 1081344K
  class space    used 4873K, capacity 5074K, committed 5120K, reserved 1048576K
