01:29:04,136 |-INFO in ch.qos.logback.classic.LoggerContext[default] - Could NOT find resource [logback-test.xml]
01:29:04,136 |-INFO in ch.qos.logback.classic.LoggerContext[default] - Could NOT find resource [logback.groovy]
01:29:04,136 |-INFO in ch.qos.logback.classic.LoggerContext[default] - Found resource [logback.xml] at [jar:file:/home/nikitasokolov/flamestream/lib/flamestream-runtime-1.0-SNAPSHOT.jar!/logback.xml]
01:29:04,137 |-WARN in ch.qos.logback.classic.LoggerContext[default] - Resource [logback.xml] occurs multiple times on the classpath.
01:29:04,137 |-WARN in ch.qos.logback.classic.LoggerContext[default] - Resource [logback.xml] occurs at [jar:file:/home/nikitasokolov/flamestream/lib/flamestream-runtime-1.0-SNAPSHOT.jar!/logback.xml]
01:29:04,137 |-WARN in ch.qos.logback.classic.LoggerContext[default] - Resource [logback.xml] occurs at [jar:file:/home/nikitasokolov/flamestream/flamestream-runtime-1.0-SNAPSHOT.jar!/logback.xml]
01:29:04,154 |-INFO in ch.qos.logback.core.joran.spi.ConfigurationWatchList@2f7a2457 - URL [jar:file:/home/nikitasokolov/flamestream/lib/flamestream-runtime-1.0-SNAPSHOT.jar!/logback.xml] is not of type file
01:29:04,212 |-INFO in ch.qos.logback.classic.joran.action.ConfigurationAction - debug attribute not set
01:29:04,213 |-INFO in ch.qos.logback.core.joran.action.AppenderAction - About to instantiate appender of type [ch.qos.logback.core.ConsoleAppender]
01:29:04,221 |-INFO in ch.qos.logback.core.joran.action.AppenderAction - Naming appender as [STDOUT]
01:29:04,228 |-INFO in ch.qos.logback.core.joran.action.NestedComplexPropertyIA - Assuming default type [ch.qos.logback.classic.encoder.PatternLayoutEncoder] for [encoder] property
01:29:04,282 |-INFO in ch.qos.logback.core.joran.action.AppenderAction - About to instantiate appender of type [ch.qos.logback.core.rolling.RollingFileAppender]
01:29:04,287 |-INFO in ch.qos.logback.core.joran.action.AppenderAction - Naming appender as [FILE]
01:29:04,309 |-INFO in c.q.l.core.rolling.TimeBasedRollingPolicy@1449621165 - No compression will be used
01:29:04,311 |-INFO in c.q.l.core.rolling.TimeBasedRollingPolicy@1449621165 - Will use the pattern /tmp/application_%d{yyyy-MM-dd}.%i.log for the active file
01:29:04,313 |-INFO in ch.qos.logback.core.rolling.SizeAndTimeBasedFNATP@6108b2d7 - The date pattern is 'yyyy-MM-dd' from file name pattern '/tmp/application_%d{yyyy-MM-dd}.%i.log'.
01:29:04,313 |-INFO in ch.qos.logback.core.rolling.SizeAndTimeBasedFNATP@6108b2d7 - Roll-over at midnight.
01:29:04,318 |-INFO in ch.qos.logback.core.rolling.SizeAndTimeBasedFNATP@6108b2d7 - Setting initial period to Sat Jun 08 01:28:21 MSK 2019
01:29:04,318 |-WARN in ch.qos.logback.core.rolling.SizeAndTimeBasedFNATP@6108b2d7 - SizeAndTimeBasedFNATP is deprecated. Use SizeAndTimeBasedRollingPolicy instead
01:29:04,318 |-WARN in ch.qos.logback.core.rolling.SizeAndTimeBasedFNATP@6108b2d7 - For more information see http://logback.qos.ch/manual/appenders.html#SizeAndTimeBasedRollingPolicy
01:29:04,323 |-INFO in ch.qos.logback.core.joran.action.NestedComplexPropertyIA - Assuming default type [ch.qos.logback.classic.encoder.PatternLayoutEncoder] for [encoder] property
01:29:04,325 |-INFO in ch.qos.logback.core.rolling.RollingFileAppender[FILE] - Active log file name: /tmp/application.log
01:29:04,325 |-INFO in ch.qos.logback.core.rolling.RollingFileAppender[FILE] - File property is set to [/tmp/application.log]
01:29:04,326 |-INFO in ch.qos.logback.classic.joran.action.RootLoggerAction - Setting level of ROOT logger to WARN
01:29:04,327 |-INFO in ch.qos.logback.core.joran.action.AppenderRefAction - Attaching appender named [STDOUT] to Logger[ROOT]
01:29:04,327 |-INFO in ch.qos.logback.core.joran.action.AppenderRefAction - Attaching appender named [FILE] to Logger[ROOT]
01:29:04,327 |-INFO in ch.qos.logback.classic.joran.action.ConfigurationAction - End of configuration.
01:29:04,328 |-INFO in ch.qos.logback.classic.joran.JoranConfigurator@1554909b - Registering current configuration as safe fallback point

2019-06-08T01:29:05.344+0300: 1.432: [GC (Metadata GC Threshold) [PSYoungGen: 108081K->15929K(149504K)] 108081K->16009K(491008K), 0.0213100 secs] [Times: user=0.07 sys=0.01, real=0.02 secs] 
2019-06-08T01:29:05.365+0300: 1.453: [Full GC (Metadata GC Threshold) [PSYoungGen: 15929K->0K(149504K)] [ParOldGen: 80K->14984K(341504K)] 16009K->14984K(491008K), [Metaspace: 20802K->20802K(1067008K)], 0.0310370 secs] [Times: user=0.19 sys=0.01, real=0.03 secs] 
01:29:12.745 [Curator-PathChildrenCache-1] WARN  o.a.c.u.ZKPaths  - The version of ZooKeeper being used doesn't support Container nodes. CreateMode.PERSISTENT will be used instead.
2019-06-08T01:29:13.703+0300: 9.791: [GC (Metadata GC Threshold) [PSYoungGen: 123690K->20971K(149504K)] 138674K->49579K(491008K), 0.0235208 secs] [Times: user=0.21 sys=0.04, real=0.02 secs] 
2019-06-08T01:29:13.726+0300: 9.815: [Full GC (Metadata GC Threshold) [PSYoungGen: 20971K->0K(149504K)] [ParOldGen: 28608K->38571K(341504K)] 49579K->38571K(491008K), [Metaspace: 34528K->34528K(1079296K)], 0.0360167 secs] [Times: user=0.17 sys=0.03, real=0.04 secs] 
2019-06-08T01:29:16.282+0300: 12.370: [GC (Allocation Failure) [PSYoungGen: 128512K->512K(149504K)] 167083K->39091K(491008K), 0.0034959 secs] [Times: user=0.01 sys=0.01, real=0.00 secs] 
2019-06-08T01:29:19.810+0300: 15.899: [GC (Allocation Failure) [PSYoungGen: 129024K->672K(149504K)] 167603K->39259K(491008K), 0.0021243 secs] [Times: user=0.02 sys=0.00, real=0.00 secs] 
2019-06-08T01:29:23.288+0300: 19.376: [GC (Allocation Failure) [PSYoungGen: 129184K->768K(129536K)] 167771K->39363K(471040K), 0.0039129 secs] [Times: user=0.02 sys=0.00, real=0.01 secs] 
2019-06-08T01:29:26.550+0300: 22.638: [GC (Allocation Failure) [PSYoungGen: 129280K->960K(133120K)] 167875K->39563K(474624K), 0.0026954 secs] [Times: user=0.01 sys=0.00, real=0.00 secs] 
2019-06-08T01:29:29.103+0300: 25.191: [GC (Allocation Failure) [PSYoungGen: 94656K->832K(131072K)] 133259K->39443K(472576K), 0.0032161 secs] [Times: user=0.01 sys=0.00, real=0.00 secs] 
2019-06-08T01:29:31.924+0300: 28.012: [GC (Allocation Failure) [PSYoungGen: 94528K->928K(137216K)] 133139K->39539K(478720K), 0.0026439 secs] [Times: user=0.01 sys=0.00, real=0.00 secs] 
01:29:40.178 [Curator-PathChildrenCache-0] ERROR o.a.c.f.r.c.PathChildrenCache  - 
java.lang.IllegalStateException: instance must be started before calling this method
	at org.apache.curator.shaded.com.google.common.base.Preconditions.checkState(Preconditions.java:444)
	at org.apache.curator.framework.imps.CuratorFrameworkImpl.getChildren(CuratorFrameworkImpl.java:456)
	at org.apache.curator.framework.recipes.cache.PathChildrenCache.refresh(PathChildrenCache.java:521)
	at org.apache.curator.framework.recipes.cache.RefreshOperation.invoke(RefreshOperation.java:35)
	at org.apache.curator.framework.recipes.cache.PathChildrenCache$9.run(PathChildrenCache.java:786)
	at java.util.concurrent.Executors$RunnableAdapter.call(Executors.java:511)
	at java.util.concurrent.FutureTask.run(FutureTask.java:266)
	at java.util.concurrent.Executors$RunnableAdapter.call(Executors.java:511)
	at java.util.concurrent.FutureTask.run(FutureTask.java:266)
	at java.util.concurrent.ThreadPoolExecutor.runWorker(ThreadPoolExecutor.java:1149)
	at java.util.concurrent.ThreadPoolExecutor$Worker.run(ThreadPoolExecutor.java:624)
	at java.lang.Thread.run(Thread.java:748)
Heap
 PSYoungGen      total 137216K, used 97727K [0x00000000f5980000, 0x0000000100000000, 0x0000000100000000)
  eden space 101888K, 95% used [0x00000000f5980000,0x00000000fb807c38,0x00000000fbd00000)
  from space 35328K, 2% used [0x00000000fdd80000,0x00000000fde680f0,0x0000000100000000)
  to   space 33280K, 0% used [0x00000000fbd00000,0x00000000fbd00000,0x00000000fdd80000)
 ParOldGen       total 341504K, used 38611K [0x00000000e0c00000, 0x00000000f5980000, 0x00000000f5980000)
  object space 341504K, 11% used [0x00000000e0c00000,0x00000000e31b4ee8,0x00000000f5980000)
 Metaspace       used 35797K, capacity 36662K, committed 36952K, reserved 1081344K
  class space    used 4934K, capacity 5139K, committed 5248K, reserved 1048576K
