13:20:43,082 |-INFO in ch.qos.logback.classic.LoggerContext[default] - Could NOT find resource [logback-test.xml]
13:20:43,082 |-INFO in ch.qos.logback.classic.LoggerContext[default] - Could NOT find resource [logback.groovy]
13:20:43,083 |-INFO in ch.qos.logback.classic.LoggerContext[default] - Found resource [logback.xml] at [jar:file:/root/flamestream/lib/flamestream-runtime-1.0-SNAPSHOT.jar!/logback.xml]
13:20:43,084 |-WARN in ch.qos.logback.classic.LoggerContext[default] - Resource [logback.xml] occurs multiple times on the classpath.
13:20:43,084 |-WARN in ch.qos.logback.classic.LoggerContext[default] - Resource [logback.xml] occurs at [jar:file:/root/flamestream/lib/flamestream-runtime-1.0-SNAPSHOT.jar!/logback.xml]
13:20:43,084 |-WARN in ch.qos.logback.classic.LoggerContext[default] - Resource [logback.xml] occurs at [jar:file:/root/flamestream/flamestream-runtime-1.0-SNAPSHOT.jar!/logback.xml]
13:20:43,103 |-INFO in ch.qos.logback.core.joran.spi.ConfigurationWatchList@3fb6a447 - URL [jar:file:/root/flamestream/lib/flamestream-runtime-1.0-SNAPSHOT.jar!/logback.xml] is not of type file
13:20:43,173 |-INFO in ch.qos.logback.classic.joran.action.ConfigurationAction - debug attribute not set
13:20:43,173 |-INFO in ch.qos.logback.core.joran.action.AppenderAction - About to instantiate appender of type [ch.qos.logback.core.ConsoleAppender]
13:20:43,192 |-INFO in ch.qos.logback.core.joran.action.AppenderAction - Naming appender as [STDOUT]
13:20:43,210 |-INFO in ch.qos.logback.core.joran.action.NestedComplexPropertyIA - Assuming default type [ch.qos.logback.classic.encoder.PatternLayoutEncoder] for [encoder] property
13:20:43,296 |-INFO in ch.qos.logback.core.joran.action.AppenderAction - About to instantiate appender of type [ch.qos.logback.core.rolling.RollingFileAppender]
13:20:43,305 |-INFO in ch.qos.logback.core.joran.action.AppenderAction - Naming appender as [FILE]
13:20:43,338 |-INFO in c.q.l.core.rolling.TimeBasedRollingPolicy@127618319 - No compression will be used
13:20:43,339 |-INFO in c.q.l.core.rolling.TimeBasedRollingPolicy@127618319 - Will use the pattern /tmp/application_%d{yyyy-MM-dd}.%i.log for the active file
13:20:43,342 |-INFO in ch.qos.logback.core.rolling.SizeAndTimeBasedFNATP@6b2fad11 - The date pattern is 'yyyy-MM-dd' from file name pattern '/tmp/application_%d{yyyy-MM-dd}.%i.log'.
13:20:43,342 |-INFO in ch.qos.logback.core.rolling.SizeAndTimeBasedFNATP@6b2fad11 - Roll-over at midnight.
13:20:43,347 |-INFO in ch.qos.logback.core.rolling.SizeAndTimeBasedFNATP@6b2fad11 - Setting initial period to Mon Jun 10 13:19:16 UTC 2019
13:20:43,347 |-WARN in ch.qos.logback.core.rolling.SizeAndTimeBasedFNATP@6b2fad11 - SizeAndTimeBasedFNATP is deprecated. Use SizeAndTimeBasedRollingPolicy instead
13:20:43,347 |-WARN in ch.qos.logback.core.rolling.SizeAndTimeBasedFNATP@6b2fad11 - For more information see http://logback.qos.ch/manual/appenders.html#SizeAndTimeBasedRollingPolicy
13:20:43,351 |-INFO in ch.qos.logback.core.joran.action.NestedComplexPropertyIA - Assuming default type [ch.qos.logback.classic.encoder.PatternLayoutEncoder] for [encoder] property
13:20:43,356 |-INFO in ch.qos.logback.core.rolling.RollingFileAppender[FILE] - Active log file name: /tmp/application.log
13:20:43,356 |-INFO in ch.qos.logback.core.rolling.RollingFileAppender[FILE] - File property is set to [/tmp/application.log]
13:20:43,357 |-INFO in ch.qos.logback.classic.joran.action.RootLoggerAction - Setting level of ROOT logger to WARN
13:20:43,357 |-INFO in ch.qos.logback.core.joran.action.AppenderRefAction - Attaching appender named [STDOUT] to Logger[ROOT]
13:20:43,359 |-INFO in ch.qos.logback.core.joran.action.AppenderRefAction - Attaching appender named [FILE] to Logger[ROOT]
13:20:43,359 |-INFO in ch.qos.logback.classic.joran.action.ConfigurationAction - End of configuration.
13:20:43,359 |-INFO in ch.qos.logback.classic.joran.JoranConfigurator@79698539 - Registering current configuration as safe fallback point

Ama winner
Ama winner
2019-06-10T13:20:44.711+0000: 1.815: [Full GC (Metadata GC Threshold) 2019-06-10T13:20:44.711+0000: 1.815: [Tenured: 0K->15208K(341376K), 0.0406672 secs] 114988K->15208K(494976K), [Metaspace: 20738K->20738K(1067008K)], 0.0407345 secs] [Times: user=0.03 sys=0.00, real=0.04 secs] 
13:21:02.766 [Curator-PathChildrenCache-1] WARN  o.a.c.u.ZKPaths  - The version of ZooKeeper being used doesn't support Container nodes. CreateMode.PERSISTENT will be used instead.
2019-06-10T13:21:05.232+0000: 22.337: [GC (Allocation Failure) 2019-06-10T13:21:05.232+0000: 22.337: [DefNew: 136576K->17023K(153600K), 0.0288721 secs] 151784K->52698K(494976K), 0.0289448 secs] [Times: user=0.02 sys=0.01, real=0.03 secs] 
2019-06-10T13:21:06.581+0000: 23.686: [Full GC (Metadata GC Threshold) 2019-06-10T13:21:06.581+0000: 23.686: [Tenured: 35674K->44447K(341376K), 0.0537736 secs] 77288K->44447K(494976K), [Metaspace: 34620K->34620K(1079296K)], 0.0538486 secs] [Times: user=0.05 sys=0.00, real=0.05 secs] 
2019-06-10T13:21:14.152+0000: 31.257: [GC (Allocation Failure) 2019-06-10T13:21:14.152+0000: 31.257: [DefNew: 136576K->75K(153600K), 0.0019074 secs] 181023K->44522K(494976K), 0.0019665 secs] [Times: user=0.01 sys=0.00, real=0.00 secs] 
2019-06-10T13:21:21.770+0000: 38.874: [GC (Allocation Failure) 2019-06-10T13:21:21.770+0000: 38.874: [DefNew: 136651K->75K(153600K), 0.0017242 secs] 181098K->44522K(494976K), 0.0017845 secs] [Times: user=0.01 sys=0.00, real=0.00 secs] 
2019-06-10T13:21:29.359+0000: 46.464: [GC (Allocation Failure) 2019-06-10T13:21:29.359+0000: 46.464: [DefNew: 136651K->74K(153600K), 0.0018619 secs] 181098K->44522K(494976K), 0.0019233 secs] [Times: user=0.00 sys=0.00, real=0.00 secs] 
2019-06-10T13:21:37.003+0000: 54.108: [GC (Allocation Failure) 2019-06-10T13:21:37.003+0000: 54.108: [DefNew: 136650K->75K(153600K), 0.0019179 secs] 181098K->44523K(494976K), 0.0019765 secs] [Times: user=0.00 sys=0.00, real=0.00 secs] 
2019-06-10T13:21:44.598+0000: 61.702: [GC (Allocation Failure) 2019-06-10T13:21:44.598+0000: 61.702: [DefNew: 136651K->78K(153600K), 0.0018574 secs] 181099K->44525K(494976K), 0.0019222 secs] [Times: user=0.01 sys=0.00, real=0.00 secs] 
2019-06-10T13:21:53.485+0000: 70.589: [GC (Allocation Failure) 2019-06-10T13:21:53.485+0000: 70.589: [DefNew: 136654K->425K(153600K), 0.0023723 secs] 181101K->44872K(494976K), 0.0024372 secs] [Times: user=0.00 sys=0.00, real=0.00 secs] 
13:22:03.985 [Curator-PathChildrenCache-0] ERROR o.a.c.f.r.c.PathChildrenCache  - 
java.lang.IllegalStateException: instance must be started before calling this method
	at org.apache.curator.shaded.com.google.common.base.Preconditions.checkState(Preconditions.java:444)
	at org.apache.curator.framework.imps.CuratorFrameworkImpl.getChildren(CuratorFrameworkImpl.java:456)
	at org.apache.curator.framework.recipes.cache.PathChildrenCache.refresh(PathChildrenCache.java:521)
	at org.apache.curator.framework.recipes.cache.RefreshOperation.invoke(RefreshOperation.java:35)
	at org.apache.curator.framework.recipes.cache.PathChildrenCache$9.run(PathChildrenCache.java:786)
	at java.util.concurrent.Executors$RunnableAdapter.call(Executors.java:511)
	at java.util.concurrent.FutureTask.run(FutureTask.java:266)
	at java.util.concurrent.Executors$RunnableAdapter.call(Executors.java:511)
	at java.util.concurrent.FutureTask.run(FutureTask.java:266)
	at java.util.concurrent.ThreadPoolExecutor.runWorker(ThreadPoolExecutor.java:1149)
	at java.util.concurrent.ThreadPoolExecutor$Worker.run(ThreadPoolExecutor.java:624)
	at java.lang.Thread.run(Thread.java:748)
Heap
 def new generation   total 153600K, used 63300K [0x00000000e0c00000, 0x00000000eb2a0000, 0x00000000eb2a0000)
  eden space 136576K,  46% used [0x00000000e0c00000, 0x00000000e4966d30, 0x00000000e9160000)
  from space 17024K,   2% used [0x00000000ea200000, 0x00000000ea26a5b8, 0x00000000eb2a0000)
  to   space 17024K,   0% used [0x00000000e9160000, 0x00000000e9160000, 0x00000000ea200000)
 tenured generation   total 341376K, used 44447K [0x00000000eb2a0000, 0x0000000100000000, 0x0000000100000000)
   the space 341376K,  13% used [0x00000000eb2a0000, 0x00000000ede07d88, 0x00000000ede07e00, 0x0000000100000000)
 Metaspace       used 36242K, capacity 37164K, committed 37376K, reserved 1081344K
  class space    used 4882K, capacity 5082K, committed 5120K, reserved 1048576K
