16:11:27,025 |-INFO in ch.qos.logback.classic.LoggerContext[default] - Could NOT find resource [logback-test.xml]
16:11:27,025 |-INFO in ch.qos.logback.classic.LoggerContext[default] - Could NOT find resource [logback.groovy]
16:11:27,025 |-INFO in ch.qos.logback.classic.LoggerContext[default] - Found resource [logback.xml] at [jar:file:/root/flamestream/lib/flamestream-runtime-1.0-SNAPSHOT.jar!/logback.xml]
16:11:27,028 |-WARN in ch.qos.logback.classic.LoggerContext[default] - Resource [logback.xml] occurs multiple times on the classpath.
16:11:27,028 |-WARN in ch.qos.logback.classic.LoggerContext[default] - Resource [logback.xml] occurs at [jar:file:/root/flamestream/lib/flamestream-runtime-1.0-SNAPSHOT.jar!/logback.xml]
16:11:27,028 |-WARN in ch.qos.logback.classic.LoggerContext[default] - Resource [logback.xml] occurs at [jar:file:/root/flamestream/flamestream-runtime-1.0-SNAPSHOT.jar!/logback.xml]
16:11:27,048 |-INFO in ch.qos.logback.core.joran.spi.ConfigurationWatchList@3fb6a447 - URL [jar:file:/root/flamestream/lib/flamestream-runtime-1.0-SNAPSHOT.jar!/logback.xml] is not of type file
16:11:27,122 |-INFO in ch.qos.logback.classic.joran.action.ConfigurationAction - debug attribute not set
16:11:27,122 |-INFO in ch.qos.logback.core.joran.action.AppenderAction - About to instantiate appender of type [ch.qos.logback.core.ConsoleAppender]
16:11:27,136 |-INFO in ch.qos.logback.core.joran.action.AppenderAction - Naming appender as [STDOUT]
16:11:27,152 |-INFO in ch.qos.logback.core.joran.action.NestedComplexPropertyIA - Assuming default type [ch.qos.logback.classic.encoder.PatternLayoutEncoder] for [encoder] property
16:11:27,236 |-INFO in ch.qos.logback.core.joran.action.AppenderAction - About to instantiate appender of type [ch.qos.logback.core.rolling.RollingFileAppender]
16:11:27,241 |-INFO in ch.qos.logback.core.joran.action.AppenderAction - Naming appender as [FILE]
16:11:27,272 |-INFO in c.q.l.core.rolling.TimeBasedRollingPolicy@127618319 - No compression will be used
16:11:27,273 |-INFO in c.q.l.core.rolling.TimeBasedRollingPolicy@127618319 - Will use the pattern /tmp/application_%d{yyyy-MM-dd}.%i.log for the active file
16:11:27,276 |-INFO in ch.qos.logback.core.rolling.SizeAndTimeBasedFNATP@6b2fad11 - The date pattern is 'yyyy-MM-dd' from file name pattern '/tmp/application_%d{yyyy-MM-dd}.%i.log'.
16:11:27,276 |-INFO in ch.qos.logback.core.rolling.SizeAndTimeBasedFNATP@6b2fad11 - Roll-over at midnight.
16:11:27,281 |-INFO in ch.qos.logback.core.rolling.SizeAndTimeBasedFNATP@6b2fad11 - Setting initial period to Mon Jun 10 16:10:10 UTC 2019
16:11:27,281 |-WARN in ch.qos.logback.core.rolling.SizeAndTimeBasedFNATP@6b2fad11 - SizeAndTimeBasedFNATP is deprecated. Use SizeAndTimeBasedRollingPolicy instead
16:11:27,281 |-WARN in ch.qos.logback.core.rolling.SizeAndTimeBasedFNATP@6b2fad11 - For more information see http://logback.qos.ch/manual/appenders.html#SizeAndTimeBasedRollingPolicy
16:11:27,285 |-INFO in ch.qos.logback.core.joran.action.NestedComplexPropertyIA - Assuming default type [ch.qos.logback.classic.encoder.PatternLayoutEncoder] for [encoder] property
16:11:27,290 |-INFO in ch.qos.logback.core.rolling.RollingFileAppender[FILE] - Active log file name: /tmp/application.log
16:11:27,290 |-INFO in ch.qos.logback.core.rolling.RollingFileAppender[FILE] - File property is set to [/tmp/application.log]
16:11:27,291 |-INFO in ch.qos.logback.classic.joran.action.RootLoggerAction - Setting level of ROOT logger to WARN
16:11:27,291 |-INFO in ch.qos.logback.core.joran.action.AppenderRefAction - Attaching appender named [STDOUT] to Logger[ROOT]
16:11:27,293 |-INFO in ch.qos.logback.core.joran.action.AppenderRefAction - Attaching appender named [FILE] to Logger[ROOT]
16:11:27,293 |-INFO in ch.qos.logback.classic.joran.action.ConfigurationAction - End of configuration.
16:11:27,294 |-INFO in ch.qos.logback.classic.joran.JoranConfigurator@79698539 - Registering current configuration as safe fallback point

Ama winner
Ama winner
2019-06-10T16:11:28.637+0000: 1.794: [Full GC (Metadata GC Threshold) 2019-06-10T16:11:28.637+0000: 1.794: [Tenured: 0K->15175K(341376K), 0.0399192 secs] 114987K->15175K(494976K), [Metaspace: 20730K->20730K(1067008K)], 0.0399994 secs] [Times: user=0.04 sys=0.00, real=0.04 secs] 
16:11:46.140 [Curator-PathChildrenCache-2] WARN  o.a.c.u.ZKPaths  - The version of ZooKeeper being used doesn't support Container nodes. CreateMode.PERSISTENT will be used instead.
2019-06-10T16:11:48.958+0000: 22.115: [GC (Allocation Failure) 2019-06-10T16:11:48.958+0000: 22.115: [DefNew: 119428K->17024K(153600K), 0.0189368 secs] 134603K->33139K(494976K), 0.0190046 secs] [Times: user=0.01 sys=0.00, real=0.02 secs] 
2019-06-10T16:11:49.195+0000: 22.353: [Full GC (Metadata GC Threshold) 2019-06-10T16:11:49.195+0000: 22.353: [Tenured: 16115K->44307K(341376K), 0.0430870 secs] 64920K->44307K(494976K), [Metaspace: 34605K->34605K(1079296K)], 0.0431630 secs] [Times: user=0.04 sys=0.00, real=0.04 secs] 
2019-06-10T16:11:52.637+0000: 25.794: [GC (Allocation Failure) 2019-06-10T16:11:52.637+0000: 25.794: [DefNew: 136576K->346K(153600K), 0.0026028 secs] 180883K->44653K(494976K), 0.0026680 secs] [Times: user=0.00 sys=0.00, real=0.00 secs] 
2019-06-10T16:11:55.866+0000: 29.023: [GC (Allocation Failure) 2019-06-10T16:11:55.866+0000: 29.023: [DefNew: 136922K->337K(153600K), 0.0021860 secs] 181229K->44645K(494976K), 0.0022439 secs] [Times: user=0.00 sys=0.00, real=0.00 secs] 
2019-06-10T16:11:59.125+0000: 32.283: [GC (Allocation Failure) 2019-06-10T16:11:59.125+0000: 32.283: [DefNew: 136913K->339K(153600K), 0.0021796 secs] 181221K->44647K(494976K), 0.0022403 secs] [Times: user=0.01 sys=0.00, real=0.00 secs] 
2019-06-10T16:12:02.495+0000: 35.652: [GC (Allocation Failure) 2019-06-10T16:12:02.495+0000: 35.652: [DefNew: 136915K->341K(153600K), 0.0022693 secs] 181223K->44649K(494976K), 0.0023527 secs] [Times: user=0.01 sys=0.00, real=0.00 secs] 
2019-06-10T16:12:05.824+0000: 38.982: [GC (Allocation Failure) 2019-06-10T16:12:05.824+0000: 38.982: [DefNew: 136917K->344K(153600K), 0.0022647 secs] 181225K->44651K(494976K), 0.0023240 secs] [Times: user=0.01 sys=0.00, real=0.01 secs] 
2019-06-10T16:12:09.038+0000: 42.195: [GC (Allocation Failure) 2019-06-10T16:12:09.038+0000: 42.195: [DefNew: 136920K->342K(153600K), 0.0022787 secs] 181227K->44650K(494976K), 0.0023403 secs] [Times: user=0.00 sys=0.00, real=0.00 secs] 
16:12:19.679 [Curator-PathChildrenCache-0] ERROR o.a.c.f.r.c.PathChildrenCache  - 
java.lang.IllegalStateException: instance must be started before calling this method
	at org.apache.curator.shaded.com.google.common.base.Preconditions.checkState(Preconditions.java:444)
	at org.apache.curator.framework.imps.CuratorFrameworkImpl.getChildren(CuratorFrameworkImpl.java:456)
	at org.apache.curator.framework.recipes.cache.PathChildrenCache.refresh(PathChildrenCache.java:521)
	at org.apache.curator.framework.recipes.cache.RefreshOperation.invoke(RefreshOperation.java:35)
	at org.apache.curator.framework.recipes.cache.PathChildrenCache$9.run(PathChildrenCache.java:786)
	at java.util.concurrent.Executors$RunnableAdapter.call(Executors.java:511)
	at java.util.concurrent.FutureTask.run(FutureTask.java:266)
	at java.util.concurrent.Executors$RunnableAdapter.call(Executors.java:511)
	at java.util.concurrent.FutureTask.run(FutureTask.java:266)
	at java.util.concurrent.ThreadPoolExecutor.runWorker(ThreadPoolExecutor.java:1149)
	at java.util.concurrent.ThreadPoolExecutor$Worker.run(ThreadPoolExecutor.java:624)
	at java.lang.Thread.run(Thread.java:748)
Heap
 def new generation   total 153600K, used 84157K [0x00000000e0c00000, 0x00000000eb2a0000, 0x00000000eb2a0000)
  eden space 136576K,  61% used [0x00000000e0c00000, 0x00000000e5dd9978, 0x00000000e9160000)
  from space 17024K,   2% used [0x00000000ea200000, 0x00000000ea255aa0, 0x00000000eb2a0000)
  to   space 17024K,   0% used [0x00000000e9160000, 0x00000000e9160000, 0x00000000ea200000)
 tenured generation   total 341376K, used 44307K [0x00000000eb2a0000, 0x0000000100000000, 0x0000000100000000)
   the space 341376K,  12% used [0x00000000eb2a0000, 0x00000000edde4da8, 0x00000000edde4e00, 0x0000000100000000)
 Metaspace       used 35967K, capacity 36898K, committed 37120K, reserved 1081344K
  class space    used 4863K, capacity 5091K, committed 5120K, reserved 1048576K
