04:50:50,421 |-INFO in ch.qos.logback.classic.LoggerContext[default] - Could NOT find resource [logback-test.xml]
04:50:50,421 |-INFO in ch.qos.logback.classic.LoggerContext[default] - Could NOT find resource [logback.groovy]
04:50:50,421 |-INFO in ch.qos.logback.classic.LoggerContext[default] - Found resource [logback.xml] at [jar:file:/home/nikitasokolov/flamestream/lib/flamestream-runtime-1.0-SNAPSHOT.jar!/logback.xml]
04:50:50,422 |-WARN in ch.qos.logback.classic.LoggerContext[default] - Resource [logback.xml] occurs multiple times on the classpath.
04:50:50,422 |-WARN in ch.qos.logback.classic.LoggerContext[default] - Resource [logback.xml] occurs at [jar:file:/home/nikitasokolov/flamestream/lib/flamestream-runtime-1.0-SNAPSHOT.jar!/logback.xml]
04:50:50,422 |-WARN in ch.qos.logback.classic.LoggerContext[default] - Resource [logback.xml] occurs at [jar:file:/home/nikitasokolov/flamestream/flamestream-runtime-1.0-SNAPSHOT.jar!/logback.xml]
04:50:50,441 |-INFO in ch.qos.logback.core.joran.spi.ConfigurationWatchList@6108b2d7 - URL [jar:file:/home/nikitasokolov/flamestream/lib/flamestream-runtime-1.0-SNAPSHOT.jar!/logback.xml] is not of type file
04:50:50,495 |-INFO in ch.qos.logback.classic.joran.action.ConfigurationAction - debug attribute not set
04:50:50,496 |-INFO in ch.qos.logback.core.joran.action.AppenderAction - About to instantiate appender of type [ch.qos.logback.core.ConsoleAppender]
04:50:50,504 |-INFO in ch.qos.logback.core.joran.action.AppenderAction - Naming appender as [STDOUT]
04:50:50,512 |-INFO in ch.qos.logback.core.joran.action.NestedComplexPropertyIA - Assuming default type [ch.qos.logback.classic.encoder.PatternLayoutEncoder] for [encoder] property
04:50:50,571 |-INFO in ch.qos.logback.core.joran.action.AppenderAction - About to instantiate appender of type [ch.qos.logback.core.rolling.RollingFileAppender]
04:50:50,577 |-INFO in ch.qos.logback.core.joran.action.AppenderAction - Naming appender as [FILE]
04:50:50,599 |-INFO in c.q.l.core.rolling.TimeBasedRollingPolicy@357863579 - No compression will be used
04:50:50,601 |-INFO in c.q.l.core.rolling.TimeBasedRollingPolicy@357863579 - Will use the pattern /tmp/application_%d{yyyy-MM-dd}.%i.log for the active file
04:50:50,603 |-INFO in ch.qos.logback.core.rolling.SizeAndTimeBasedFNATP@6bf256fa - The date pattern is 'yyyy-MM-dd' from file name pattern '/tmp/application_%d{yyyy-MM-dd}.%i.log'.
04:50:50,603 |-INFO in ch.qos.logback.core.rolling.SizeAndTimeBasedFNATP@6bf256fa - Roll-over at midnight.
04:50:50,607 |-INFO in ch.qos.logback.core.rolling.SizeAndTimeBasedFNATP@6bf256fa - Setting initial period to Sun Jun 09 04:50:13 MSK 2019
04:50:50,607 |-WARN in ch.qos.logback.core.rolling.SizeAndTimeBasedFNATP@6bf256fa - SizeAndTimeBasedFNATP is deprecated. Use SizeAndTimeBasedRollingPolicy instead
04:50:50,607 |-WARN in ch.qos.logback.core.rolling.SizeAndTimeBasedFNATP@6bf256fa - For more information see http://logback.qos.ch/manual/appenders.html#SizeAndTimeBasedRollingPolicy
04:50:50,612 |-INFO in ch.qos.logback.core.joran.action.NestedComplexPropertyIA - Assuming default type [ch.qos.logback.classic.encoder.PatternLayoutEncoder] for [encoder] property
04:50:50,614 |-INFO in ch.qos.logback.core.rolling.RollingFileAppender[FILE] - Active log file name: /tmp/application.log
04:50:50,614 |-INFO in ch.qos.logback.core.rolling.RollingFileAppender[FILE] - File property is set to [/tmp/application.log]
04:50:50,615 |-INFO in ch.qos.logback.classic.joran.action.RootLoggerAction - Setting level of ROOT logger to WARN
04:50:50,615 |-INFO in ch.qos.logback.core.joran.action.AppenderRefAction - Attaching appender named [STDOUT] to Logger[ROOT]
04:50:50,616 |-INFO in ch.qos.logback.core.joran.action.AppenderRefAction - Attaching appender named [FILE] to Logger[ROOT]
04:50:50,616 |-INFO in ch.qos.logback.classic.joran.action.ConfigurationAction - End of configuration.
04:50:50,616 |-INFO in ch.qos.logback.classic.joran.JoranConfigurator@6cd8737 - Registering current configuration as safe fallback point

2019-06-09T04:50:51.625+0300: 1.406: [GC (Metadata GC Threshold) [PSYoungGen: 105582K->15834K(149504K)] 105582K->15914K(491008K), 0.0247532 secs] [Times: user=0.08 sys=0.03, real=0.03 secs] 
2019-06-09T04:50:51.650+0300: 1.431: [Full GC (Metadata GC Threshold) [PSYoungGen: 15834K->0K(149504K)] [ParOldGen: 80K->14981K(341504K)] 15914K->14981K(491008K), [Metaspace: 20802K->20802K(1067008K)], 0.0276265 secs] [Times: user=0.17 sys=0.02, real=0.02 secs] 
04:51:03.086 [Curator-PathChildrenCache-1] WARN  o.a.c.u.ZKPaths  - The version of ZooKeeper being used doesn't support Container nodes. CreateMode.PERSISTENT will be used instead.
2019-06-09T04:51:04.067+0300: 13.954: [GC (Metadata GC Threshold) [PSYoungGen: 128244K->20987K(149504K)] 143226K->49840K(491008K), 0.1281238 secs] [Times: user=0.21 sys=0.04, real=0.13 secs] 
2019-06-09T04:51:04.195+0300: 13.976: [Full GC (Metadata GC Threshold) [PSYoungGen: 20987K->0K(149504K)] [ParOldGen: 28853K->38773K(341504K)] 49840K->38773K(491008K), [Metaspace: 34568K->34568K(1079296K)], 0.0353897 secs] [Times: user=0.16 sys=0.02, real=0.04 secs] 
2019-06-09T04:51:06.760+0300: 16.541: [GC (Allocation Failure) [PSYoungGen: 128512K->576K(149504K)] 167285K->39357K(491008K), 0.0037798 secs] [Times: user=0.03 sys=0.00, real=0.00 secs] 
2019-06-09T04:51:09.296+0300: 19.078: [GC (Allocation Failure) [PSYoungGen: 129088K->544K(149504K)] 167869K->39333K(491008K), 0.0038843 secs] [Times: user=0.03 sys=0.00, real=0.01 secs] 
2019-06-09T04:51:11.529+0300: 21.311: [GC (Allocation Failure) [PSYoungGen: 129056K->640K(129536K)] 167845K->39437K(471040K), 0.0044596 secs] [Times: user=0.02 sys=0.01, real=0.01 secs] 
2019-06-09T04:51:13.816+0300: 23.597: [GC (Allocation Failure) [PSYoungGen: 129152K->448K(133120K)] 167949K->39253K(474624K), 0.0060749 secs] [Times: user=0.03 sys=0.00, real=0.01 secs] 
2019-06-09T04:51:15.343+0300: 25.125: [GC (Allocation Failure) [PSYoungGen: 93632K->576K(130560K)] 132437K->39389K(472064K), 0.0028911 secs] [Times: user=0.00 sys=0.00, real=0.00 secs] 
2019-06-09T04:51:16.713+0300: 26.495: [GC (Allocation Failure) [PSYoungGen: 93760K->576K(136704K)] 132573K->39397K(478208K), 0.0026462 secs] [Times: user=0.02 sys=0.00, real=0.00 secs] 
2019-06-09T04:51:18.478+0300: 28.259: [GC (Allocation Failure) [PSYoungGen: 101952K->672K(135168K)] 140773K->39501K(476672K), 0.0031628 secs] [Times: user=0.02 sys=0.00, real=0.00 secs] 
2019-06-09T04:51:20.423+0300: 30.204: [GC (Allocation Failure) [PSYoungGen: 102048K->512K(140288K)] 140877K->39341K(481792K), 0.1114723 secs] [Times: user=0.08 sys=0.00, real=0.11 secs] 
2019-06-09T04:51:22.421+0300: 32.202: [GC (Allocation Failure) [PSYoungGen: 109056K->736K(138752K)] 147885K->39565K(480256K), 0.0031628 secs] [Times: user=0.01 sys=0.00, real=0.00 secs] 
2019-06-09T04:51:24.028+0300: 33.809: [GC (Allocation Failure) [PSYoungGen: 109280K->672K(143360K)] 148109K->39509K(484864K), 0.0030509 secs] [Times: user=0.02 sys=0.00, real=0.01 secs] 
2019-06-09T04:51:25.713+0300: 35.495: [GC (Allocation Failure) [PSYoungGen: 115360K->768K(141824K)] 154197K->39605K(483328K), 0.0046239 secs] [Times: user=0.04 sys=0.00, real=0.01 secs] 
2019-06-09T04:51:27.449+0300: 37.230: [GC (Allocation Failure) [PSYoungGen: 115456K->800K(146432K)] 154293K->39637K(487936K), 0.0040394 secs] [Times: user=0.02 sys=0.01, real=0.01 secs] 
2019-06-09T04:51:29.378+0300: 39.159: [GC (Allocation Failure) [PSYoungGen: 121632K->960K(144896K)] 160469K->39797K(486400K), 0.0038030 secs] [Times: user=0.02 sys=0.00, real=0.00 secs] 
2019-06-09T04:51:31.065+0300: 40.847: [GC (Allocation Failure) [PSYoungGen: 121792K->864K(149504K)] 160629K->39701K(491008K), 0.0836243 secs] [Times: user=0.01 sys=0.01, real=0.08 secs] 
2019-06-09T04:51:33.503+0300: 43.284: [GC (Allocation Failure) [PSYoungGen: 127840K->736K(147968K)] 166677K->39581K(489472K), 0.0039486 secs] [Times: user=0.02 sys=0.01, real=0.00 secs] 
2019-06-09T04:51:35.267+0300: 45.048: [GC (Allocation Failure) [PSYoungGen: 127712K->576K(152064K)] 166557K->39749K(493568K), 0.0029026 secs] [Times: user=0.02 sys=0.01, real=0.00 secs] 
2019-06-09T04:51:38.012+0300: 47.793: [GC (Allocation Failure) [PSYoungGen: 132672K->576K(150528K)] 171845K->39805K(492032K), 0.0033326 secs] [Times: user=0.01 sys=0.01, real=0.00 secs] 
04:51:46.045 [Curator-PathChildrenCache-0] ERROR o.a.c.f.r.c.PathChildrenCache  - 
java.lang.IllegalStateException: instance must be started before calling this method
	at org.apache.curator.shaded.com.google.common.base.Preconditions.checkState(Preconditions.java:444)
	at org.apache.curator.framework.imps.CuratorFrameworkImpl.getChildren(CuratorFrameworkImpl.java:456)
	at org.apache.curator.framework.recipes.cache.PathChildrenCache.refresh(PathChildrenCache.java:521)
	at org.apache.curator.framework.recipes.cache.RefreshOperation.invoke(RefreshOperation.java:35)
	at org.apache.curator.framework.recipes.cache.PathChildrenCache$9.run(PathChildrenCache.java:786)
	at java.util.concurrent.Executors$RunnableAdapter.call(Executors.java:511)
	at java.util.concurrent.FutureTask.run(FutureTask.java:266)
	at java.util.concurrent.Executors$RunnableAdapter.call(Executors.java:511)
	at java.util.concurrent.FutureTask.run(FutureTask.java:266)
	at java.util.concurrent.ThreadPoolExecutor.runWorker(ThreadPoolExecutor.java:1149)
	at java.util.concurrent.ThreadPoolExecutor$Worker.run(ThreadPoolExecutor.java:624)
	at java.lang.Thread.run(Thread.java:748)
Heap
 PSYoungGen      total 150528K, used 119368K [0x00000000f5980000, 0x0000000100000000, 0x0000000100000000)
  eden space 132096K, 89% used [0x00000000f5980000,0x00000000fcd82150,0x00000000fda80000)
  from space 18432K, 3% used [0x00000000fda80000,0x00000000fdb10050,0x00000000fec80000)
  to   space 17408K, 0% used [0x00000000fef00000,0x00000000fef00000,0x0000000100000000)
 ParOldGen       total 341504K, used 39229K [0x00000000e0c00000, 0x00000000f5980000, 0x00000000f5980000)
  object space 341504K, 11% used [0x00000000e0c00000,0x00000000e324f6f8,0x00000000f5980000)
 Metaspace       used 35793K, capacity 36622K, committed 36952K, reserved 1081344K
  class space    used 4937K, capacity 5129K, committed 5248K, reserved 1048576K
