16:51:40,745 |-INFO in ch.qos.logback.classic.LoggerContext[default] - Could NOT find resource [logback-test.xml]
16:51:40,745 |-INFO in ch.qos.logback.classic.LoggerContext[default] - Could NOT find resource [logback.groovy]
16:51:40,745 |-INFO in ch.qos.logback.classic.LoggerContext[default] - Found resource [logback.xml] at [jar:file:/root/flamestream/lib/flamestream-runtime-1.0-SNAPSHOT.jar!/logback.xml]
16:51:40,746 |-WARN in ch.qos.logback.classic.LoggerContext[default] - Resource [logback.xml] occurs multiple times on the classpath.
16:51:40,746 |-WARN in ch.qos.logback.classic.LoggerContext[default] - Resource [logback.xml] occurs at [jar:file:/root/flamestream/lib/flamestream-runtime-1.0-SNAPSHOT.jar!/logback.xml]
16:51:40,746 |-WARN in ch.qos.logback.classic.LoggerContext[default] - Resource [logback.xml] occurs at [jar:file:/root/flamestream/flamestream-runtime-1.0-SNAPSHOT.jar!/logback.xml]
16:51:40,766 |-INFO in ch.qos.logback.core.joran.spi.ConfigurationWatchList@3fb6a447 - URL [jar:file:/root/flamestream/lib/flamestream-runtime-1.0-SNAPSHOT.jar!/logback.xml] is not of type file
16:51:40,837 |-INFO in ch.qos.logback.classic.joran.action.ConfigurationAction - debug attribute not set
16:51:40,838 |-INFO in ch.qos.logback.core.joran.action.AppenderAction - About to instantiate appender of type [ch.qos.logback.core.ConsoleAppender]
16:51:40,852 |-INFO in ch.qos.logback.core.joran.action.AppenderAction - Naming appender as [STDOUT]
16:51:40,869 |-INFO in ch.qos.logback.core.joran.action.NestedComplexPropertyIA - Assuming default type [ch.qos.logback.classic.encoder.PatternLayoutEncoder] for [encoder] property
16:51:40,957 |-INFO in ch.qos.logback.core.joran.action.AppenderAction - About to instantiate appender of type [ch.qos.logback.core.rolling.RollingFileAppender]
16:51:40,963 |-INFO in ch.qos.logback.core.joran.action.AppenderAction - Naming appender as [FILE]
16:51:40,995 |-INFO in c.q.l.core.rolling.TimeBasedRollingPolicy@127618319 - No compression will be used
16:51:40,996 |-INFO in c.q.l.core.rolling.TimeBasedRollingPolicy@127618319 - Will use the pattern /tmp/application_%d{yyyy-MM-dd}.%i.log for the active file
16:51:40,998 |-INFO in ch.qos.logback.core.rolling.SizeAndTimeBasedFNATP@6b2fad11 - The date pattern is 'yyyy-MM-dd' from file name pattern '/tmp/application_%d{yyyy-MM-dd}.%i.log'.
16:51:40,999 |-INFO in ch.qos.logback.core.rolling.SizeAndTimeBasedFNATP@6b2fad11 - Roll-over at midnight.
16:51:41,004 |-INFO in ch.qos.logback.core.rolling.SizeAndTimeBasedFNATP@6b2fad11 - Setting initial period to Mon Jun 10 16:50:11 UTC 2019
16:51:41,004 |-WARN in ch.qos.logback.core.rolling.SizeAndTimeBasedFNATP@6b2fad11 - SizeAndTimeBasedFNATP is deprecated. Use SizeAndTimeBasedRollingPolicy instead
16:51:41,004 |-WARN in ch.qos.logback.core.rolling.SizeAndTimeBasedFNATP@6b2fad11 - For more information see http://logback.qos.ch/manual/appenders.html#SizeAndTimeBasedRollingPolicy
16:51:41,008 |-INFO in ch.qos.logback.core.joran.action.NestedComplexPropertyIA - Assuming default type [ch.qos.logback.classic.encoder.PatternLayoutEncoder] for [encoder] property
16:51:41,012 |-INFO in ch.qos.logback.core.rolling.RollingFileAppender[FILE] - Active log file name: /tmp/application.log
16:51:41,012 |-INFO in ch.qos.logback.core.rolling.RollingFileAppender[FILE] - File property is set to [/tmp/application.log]
16:51:41,013 |-INFO in ch.qos.logback.classic.joran.action.RootLoggerAction - Setting level of ROOT logger to WARN
16:51:41,013 |-INFO in ch.qos.logback.core.joran.action.AppenderRefAction - Attaching appender named [STDOUT] to Logger[ROOT]
16:51:41,015 |-INFO in ch.qos.logback.core.joran.action.AppenderRefAction - Attaching appender named [FILE] to Logger[ROOT]
16:51:41,015 |-INFO in ch.qos.logback.classic.joran.action.ConfigurationAction - End of configuration.
16:51:41,016 |-INFO in ch.qos.logback.classic.joran.JoranConfigurator@79698539 - Registering current configuration as safe fallback point

Ama winner
Ama winner
2019-06-10T16:51:42.330+0000: 1.773: [Full GC (Metadata GC Threshold) 2019-06-10T16:51:42.330+0000: 1.773: [Tenured: 0K->15191K(341376K), 0.0379542 secs] 117751K->15191K(494976K), [Metaspace: 20731K->20731K(1067008K)], 0.0380198 secs] [Times: user=0.03 sys=0.01, real=0.04 secs] 
16:52:00.843 [Curator-PathChildrenCache-2] WARN  o.a.c.u.ZKPaths  - The version of ZooKeeper being used doesn't support Container nodes. CreateMode.PERSISTENT will be used instead.
2019-06-10T16:52:02.875+0000: 22.317: [GC (Allocation Failure) 2019-06-10T16:52:02.875+0000: 22.317: [DefNew: 136576K->17024K(153600K), 0.0255654 secs] 151767K->52720K(494976K), 0.0256356 secs] [Times: user=0.02 sys=0.01, real=0.02 secs] 
2019-06-10T16:52:03.560+0000: 23.003: [Full GC (Metadata GC Threshold) 2019-06-10T16:52:03.560+0000: 23.003: [Tenured: 35696K->44398K(341376K), 0.0352321 secs] 75680K->44398K(494976K), [Metaspace: 34502K->34502K(1079296K)], 0.0353049 secs] [Times: user=0.03 sys=0.00, real=0.04 secs] 
2019-06-10T16:52:05.573+0000: 25.016: [GC (Allocation Failure) 2019-06-10T16:52:05.573+0000: 25.016: [DefNew: 136576K->186K(153600K), 0.0020466 secs] 180974K->44585K(494976K), 0.0021158 secs] [Times: user=0.01 sys=0.00, real=0.00 secs] 
2019-06-10T16:52:07.256+0000: 26.699: [GC (Allocation Failure) 2019-06-10T16:52:07.256+0000: 26.699: [DefNew: 136762K->197K(153600K), 0.0019337 secs] 181161K->44596K(494976K), 0.0020119 secs] [Times: user=0.01 sys=0.00, real=0.00 secs] 
2019-06-10T16:52:08.844+0000: 28.287: [GC (Allocation Failure) 2019-06-10T16:52:08.844+0000: 28.287: [DefNew: 136773K->198K(153600K), 0.0020291 secs] 181172K->44596K(494976K), 0.0020871 secs] [Times: user=0.00 sys=0.00, real=0.01 secs] 
2019-06-10T16:52:10.499+0000: 29.941: [GC (Allocation Failure) 2019-06-10T16:52:10.499+0000: 29.941: [DefNew: 136774K->194K(153600K), 0.0019989 secs] 181172K->44593K(494976K), 0.0020586 secs] [Times: user=0.00 sys=0.00, real=0.00 secs] 
2019-06-10T16:52:12.973+0000: 32.415: [GC (Allocation Failure) 2019-06-10T16:52:12.973+0000: 32.415: [DefNew: 136770K->199K(153600K), 0.0020707 secs] 181169K->44598K(494976K), 0.0021323 secs] [Times: user=0.00 sys=0.00, real=0.01 secs] 
16:52:22.999 [Curator-PathChildrenCache-0] ERROR o.a.c.f.r.c.PathChildrenCache  - 
java.lang.IllegalStateException: instance must be started before calling this method
	at org.apache.curator.shaded.com.google.common.base.Preconditions.checkState(Preconditions.java:444)
	at org.apache.curator.framework.imps.CuratorFrameworkImpl.getChildren(CuratorFrameworkImpl.java:456)
	at org.apache.curator.framework.recipes.cache.PathChildrenCache.refresh(PathChildrenCache.java:521)
	at org.apache.curator.framework.recipes.cache.RefreshOperation.invoke(RefreshOperation.java:35)
	at org.apache.curator.framework.recipes.cache.PathChildrenCache$9.run(PathChildrenCache.java:786)
	at java.util.concurrent.Executors$RunnableAdapter.call(Executors.java:511)
	at java.util.concurrent.FutureTask.run(FutureTask.java:266)
	at java.util.concurrent.Executors$RunnableAdapter.call(Executors.java:511)
	at java.util.concurrent.FutureTask.run(FutureTask.java:266)
	at java.util.concurrent.ThreadPoolExecutor.runWorker(ThreadPoolExecutor.java:1149)
	at java.util.concurrent.ThreadPoolExecutor$Worker.run(ThreadPoolExecutor.java:624)
	at java.lang.Thread.run(Thread.java:748)
Heap
 def new generation   total 153600K, used 78260K [0x00000000e0c00000, 0x00000000eb2a0000, 0x00000000eb2a0000)
  eden space 136576K,  57% used [0x00000000e0c00000, 0x00000000e583b478, 0x00000000e9160000)
  from space 17024K,   1% used [0x00000000e9160000, 0x00000000e9191ed8, 0x00000000ea200000)
  to   space 17024K,   0% used [0x00000000ea200000, 0x00000000ea200000, 0x00000000eb2a0000)
 tenured generation   total 341376K, used 44398K [0x00000000eb2a0000, 0x0000000100000000, 0x0000000100000000)
   the space 341376K,  13% used [0x00000000eb2a0000, 0x00000000eddfba00, 0x00000000eddfba00, 0x0000000100000000)
 Metaspace       used 35928K, capacity 36866K, committed 37120K, reserved 1081344K
  class space    used 4860K, capacity 5059K, committed 5120K, reserved 1048576K
