08:05:08,552 |-INFO in ch.qos.logback.classic.LoggerContext[default] - Could NOT find resource [logback-test.xml]
08:05:08,552 |-INFO in ch.qos.logback.classic.LoggerContext[default] - Could NOT find resource [logback.groovy]
08:05:08,552 |-INFO in ch.qos.logback.classic.LoggerContext[default] - Found resource [logback.xml] at [jar:file:/root/flamestream/lib/flamestream-runtime-1.0-SNAPSHOT.jar!/logback.xml]
08:05:08,555 |-WARN in ch.qos.logback.classic.LoggerContext[default] - Resource [logback.xml] occurs multiple times on the classpath.
08:05:08,555 |-WARN in ch.qos.logback.classic.LoggerContext[default] - Resource [logback.xml] occurs at [jar:file:/root/flamestream/lib/flamestream-runtime-1.0-SNAPSHOT.jar!/logback.xml]
08:05:08,555 |-WARN in ch.qos.logback.classic.LoggerContext[default] - Resource [logback.xml] occurs at [jar:file:/root/flamestream/flamestream-runtime-1.0-SNAPSHOT.jar!/logback.xml]
08:05:08,575 |-INFO in ch.qos.logback.core.joran.spi.ConfigurationWatchList@3fb6a447 - URL [jar:file:/root/flamestream/lib/flamestream-runtime-1.0-SNAPSHOT.jar!/logback.xml] is not of type file
08:05:08,643 |-INFO in ch.qos.logback.classic.joran.action.ConfigurationAction - debug attribute not set
08:05:08,644 |-INFO in ch.qos.logback.core.joran.action.AppenderAction - About to instantiate appender of type [ch.qos.logback.core.ConsoleAppender]
08:05:08,660 |-INFO in ch.qos.logback.core.joran.action.AppenderAction - Naming appender as [STDOUT]
08:05:08,679 |-INFO in ch.qos.logback.core.joran.action.NestedComplexPropertyIA - Assuming default type [ch.qos.logback.classic.encoder.PatternLayoutEncoder] for [encoder] property
08:05:08,764 |-INFO in ch.qos.logback.core.joran.action.AppenderAction - About to instantiate appender of type [ch.qos.logback.core.rolling.RollingFileAppender]
08:05:08,769 |-INFO in ch.qos.logback.core.joran.action.AppenderAction - Naming appender as [FILE]
08:05:08,800 |-INFO in c.q.l.core.rolling.TimeBasedRollingPolicy@127618319 - No compression will be used
08:05:08,801 |-INFO in c.q.l.core.rolling.TimeBasedRollingPolicy@127618319 - Will use the pattern /tmp/application_%d{yyyy-MM-dd}.%i.log for the active file
08:05:08,804 |-INFO in ch.qos.logback.core.rolling.SizeAndTimeBasedFNATP@6b2fad11 - The date pattern is 'yyyy-MM-dd' from file name pattern '/tmp/application_%d{yyyy-MM-dd}.%i.log'.
08:05:08,804 |-INFO in ch.qos.logback.core.rolling.SizeAndTimeBasedFNATP@6b2fad11 - Roll-over at midnight.
08:05:08,809 |-INFO in ch.qos.logback.core.rolling.SizeAndTimeBasedFNATP@6b2fad11 - Setting initial period to Tue Jun 11 08:03:40 UTC 2019
08:05:08,809 |-WARN in ch.qos.logback.core.rolling.SizeAndTimeBasedFNATP@6b2fad11 - SizeAndTimeBasedFNATP is deprecated. Use SizeAndTimeBasedRollingPolicy instead
08:05:08,809 |-WARN in ch.qos.logback.core.rolling.SizeAndTimeBasedFNATP@6b2fad11 - For more information see http://logback.qos.ch/manual/appenders.html#SizeAndTimeBasedRollingPolicy
08:05:08,813 |-INFO in ch.qos.logback.core.joran.action.NestedComplexPropertyIA - Assuming default type [ch.qos.logback.classic.encoder.PatternLayoutEncoder] for [encoder] property
08:05:08,818 |-INFO in ch.qos.logback.core.rolling.RollingFileAppender[FILE] - Active log file name: /tmp/application.log
08:05:08,818 |-INFO in ch.qos.logback.core.rolling.RollingFileAppender[FILE] - File property is set to [/tmp/application.log]
08:05:08,819 |-INFO in ch.qos.logback.classic.joran.action.RootLoggerAction - Setting level of ROOT logger to WARN
08:05:08,819 |-INFO in ch.qos.logback.core.joran.action.AppenderRefAction - Attaching appender named [STDOUT] to Logger[ROOT]
08:05:08,821 |-INFO in ch.qos.logback.core.joran.action.AppenderRefAction - Attaching appender named [FILE] to Logger[ROOT]
08:05:08,821 |-INFO in ch.qos.logback.classic.joran.action.ConfigurationAction - End of configuration.
08:05:08,822 |-INFO in ch.qos.logback.classic.joran.JoranConfigurator@79698539 - Registering current configuration as safe fallback point

Ama winner
Ama winner
2019-06-11T08:05:10.195+0000: 1.827: [Full GC (Metadata GC Threshold) 2019-06-11T08:05:10.195+0000: 1.827: [Tenured: 0K->15240K(341376K), 0.0398172 secs] 114987K->15240K(494976K), [Metaspace: 20730K->20730K(1067008K)], 0.0398839 secs] [Times: user=0.04 sys=0.00, real=0.04 secs] 
08:05:28.113 [Curator-PathChildrenCache-2] WARN  o.a.c.u.ZKPaths  - The version of ZooKeeper being used doesn't support Container nodes. CreateMode.PERSISTENT will be used instead.
2019-06-11T08:05:30.368+0000: 22.000: [GC (Allocation Failure) 2019-06-11T08:05:30.368+0000: 22.000: [DefNew: 136576K->17023K(153600K), 0.0260565 secs] 151816K->52878K(494976K), 0.0261254 secs] [Times: user=0.01 sys=0.01, real=0.03 secs] 
2019-06-11T08:05:30.719+0000: 22.351: [Full GC (Metadata GC Threshold) 2019-06-11T08:05:30.719+0000: 22.351: [Tenured: 35854K->44466K(341376K), 0.0366419 secs] 69110K->44466K(494976K), [Metaspace: 34572K->34572K(1079296K)], 0.0367287 secs] [Times: user=0.03 sys=0.00, real=0.03 secs] 
2019-06-11T08:05:34.646+0000: 26.278: [GC (Allocation Failure) 2019-06-11T08:05:34.646+0000: 26.279: [DefNew: 136576K->150K(153600K), 0.0021384 secs] 181042K->44616K(494976K), 0.0021977 secs] [Times: user=0.00 sys=0.00, real=0.01 secs] 
2019-06-11T08:05:38.544+0000: 30.176: [GC (Allocation Failure) 2019-06-11T08:05:38.544+0000: 30.176: [DefNew: 136726K->188K(153600K), 0.0021180 secs] 181192K->44654K(494976K), 0.0021741 secs] [Times: user=0.00 sys=0.00, real=0.00 secs] 
2019-06-11T08:05:42.525+0000: 34.157: [GC (Allocation Failure) 2019-06-11T08:05:42.525+0000: 34.157: [DefNew: 136764K->191K(153600K), 0.0020448 secs] 181230K->44657K(494976K), 0.0020999 secs] [Times: user=0.01 sys=0.00, real=0.00 secs] 
2019-06-11T08:05:46.491+0000: 38.123: [GC (Allocation Failure) 2019-06-11T08:05:46.491+0000: 38.123: [DefNew: 136767K->200K(153600K), 0.0021412 secs] 181233K->44666K(494976K), 0.0022012 secs] [Times: user=0.01 sys=0.00, real=0.00 secs] 
2019-06-11T08:05:50.421+0000: 42.054: [GC (Allocation Failure) 2019-06-11T08:05:50.422+0000: 42.054: [DefNew: 136776K->189K(153600K), 0.0020321 secs] 181242K->44656K(494976K), 0.0021029 secs] [Times: user=0.01 sys=0.00, real=0.00 secs] 
2019-06-11T08:05:54.374+0000: 46.006: [GC (Allocation Failure) 2019-06-11T08:05:54.374+0000: 46.006: [DefNew: 136765K->190K(153600K), 0.0020387 secs] 181232K->44656K(494976K), 0.0020987 secs] [Times: user=0.00 sys=0.00, real=0.00 secs] 
2019-06-11T08:05:58.356+0000: 49.988: [GC (Allocation Failure) 2019-06-11T08:05:58.356+0000: 49.988: [DefNew: 136766K->192K(153600K), 0.0020768 secs] 181232K->44658K(494976K), 0.0021327 secs] [Times: user=0.00 sys=0.00, real=0.01 secs] 
2019-06-11T08:06:02.362+0000: 53.994: [GC (Allocation Failure) 2019-06-11T08:06:02.362+0000: 53.994: [DefNew: 136768K->196K(153600K), 0.0021113 secs] 181234K->44662K(494976K), 0.0021692 secs] [Times: user=0.00 sys=0.00, real=0.00 secs] 
2019-06-11T08:06:06.352+0000: 57.984: [GC (Allocation Failure) 2019-06-11T08:06:06.352+0000: 57.984: [DefNew: 136772K->191K(153600K), 0.0020840 secs] 181238K->44658K(494976K), 0.0021457 secs] [Times: user=0.00 sys=0.00, real=0.00 secs] 
08:06:19.958 [Curator-PathChildrenCache-0] ERROR o.a.c.f.r.c.PathChildrenCache  - 
java.lang.IllegalStateException: instance must be started before calling this method
	at org.apache.curator.shaded.com.google.common.base.Preconditions.checkState(Preconditions.java:444)
	at org.apache.curator.framework.imps.CuratorFrameworkImpl.getChildren(CuratorFrameworkImpl.java:456)
	at org.apache.curator.framework.recipes.cache.PathChildrenCache.refresh(PathChildrenCache.java:521)
	at org.apache.curator.framework.recipes.cache.RefreshOperation.invoke(RefreshOperation.java:35)
	at org.apache.curator.framework.recipes.cache.PathChildrenCache$9.run(PathChildrenCache.java:786)
	at java.util.concurrent.Executors$RunnableAdapter.call(Executors.java:511)
	at java.util.concurrent.FutureTask.run(FutureTask.java:266)
	at java.util.concurrent.Executors$RunnableAdapter.call(Executors.java:511)
	at java.util.concurrent.FutureTask.run(FutureTask.java:266)
	at java.util.concurrent.ThreadPoolExecutor.runWorker(ThreadPoolExecutor.java:1149)
	at java.util.concurrent.ThreadPoolExecutor$Worker.run(ThreadPoolExecutor.java:624)
	at java.lang.Thread.run(Thread.java:748)
Heap
 def new generation   total 153600K, used 97176K [0x00000000e0c00000, 0x00000000eb2a0000, 0x00000000eb2a0000)
  eden space 136576K,  71% used [0x00000000e0c00000, 0x00000000e6ab63c8, 0x00000000e9160000)
  from space 17024K,   1% used [0x00000000e9160000, 0x00000000e918ffd8, 0x00000000ea200000)
  to   space 17024K,   0% used [0x00000000ea200000, 0x00000000ea200000, 0x00000000eb2a0000)
 tenured generation   total 341376K, used 44466K [0x00000000eb2a0000, 0x0000000100000000, 0x0000000100000000)
   the space 341376K,  13% used [0x00000000eb2a0000, 0x00000000ede0c888, 0x00000000ede0ca00, 0x0000000100000000)
 Metaspace       used 36414K, capacity 37424K, committed 37760K, reserved 1081344K
  class space    used 4920K, capacity 5142K, committed 5248K, reserved 1048576K
