08:13:01,120 |-INFO in ch.qos.logback.classic.LoggerContext[default] - Could NOT find resource [logback-test.xml]
08:13:01,120 |-INFO in ch.qos.logback.classic.LoggerContext[default] - Could NOT find resource [logback.groovy]
08:13:01,120 |-INFO in ch.qos.logback.classic.LoggerContext[default] - Found resource [logback.xml] at [jar:file:/home/nikitasokolov/flamestream/lib/flamestream-runtime-1.0-SNAPSHOT.jar!/logback.xml]
08:13:01,120 |-WARN in ch.qos.logback.classic.LoggerContext[default] - Resource [logback.xml] occurs multiple times on the classpath.
08:13:01,121 |-WARN in ch.qos.logback.classic.LoggerContext[default] - Resource [logback.xml] occurs at [jar:file:/home/nikitasokolov/flamestream/lib/flamestream-runtime-1.0-SNAPSHOT.jar!/logback.xml]
08:13:01,121 |-WARN in ch.qos.logback.classic.LoggerContext[default] - Resource [logback.xml] occurs at [jar:file:/home/nikitasokolov/flamestream/flamestream-runtime-1.0-SNAPSHOT.jar!/logback.xml]
08:13:01,137 |-INFO in ch.qos.logback.core.joran.spi.ConfigurationWatchList@6108b2d7 - URL [jar:file:/home/nikitasokolov/flamestream/lib/flamestream-runtime-1.0-SNAPSHOT.jar!/logback.xml] is not of type file
08:13:01,189 |-INFO in ch.qos.logback.classic.joran.action.ConfigurationAction - debug attribute not set
08:13:01,190 |-INFO in ch.qos.logback.core.joran.action.AppenderAction - About to instantiate appender of type [ch.qos.logback.core.ConsoleAppender]
08:13:01,201 |-INFO in ch.qos.logback.core.joran.action.AppenderAction - Naming appender as [STDOUT]
08:13:01,211 |-INFO in ch.qos.logback.core.joran.action.NestedComplexPropertyIA - Assuming default type [ch.qos.logback.classic.encoder.PatternLayoutEncoder] for [encoder] property
08:13:01,271 |-INFO in ch.qos.logback.core.joran.action.AppenderAction - About to instantiate appender of type [ch.qos.logback.core.rolling.RollingFileAppender]
08:13:01,276 |-INFO in ch.qos.logback.core.joran.action.AppenderAction - Naming appender as [FILE]
08:13:01,298 |-INFO in c.q.l.core.rolling.TimeBasedRollingPolicy@357863579 - No compression will be used
08:13:01,300 |-INFO in c.q.l.core.rolling.TimeBasedRollingPolicy@357863579 - Will use the pattern /tmp/application_%d{yyyy-MM-dd}.%i.log for the active file
08:13:01,303 |-INFO in ch.qos.logback.core.rolling.SizeAndTimeBasedFNATP@6bf256fa - The date pattern is 'yyyy-MM-dd' from file name pattern '/tmp/application_%d{yyyy-MM-dd}.%i.log'.
08:13:01,303 |-INFO in ch.qos.logback.core.rolling.SizeAndTimeBasedFNATP@6bf256fa - Roll-over at midnight.
08:13:01,308 |-INFO in ch.qos.logback.core.rolling.SizeAndTimeBasedFNATP@6bf256fa - Setting initial period to Sun Jun 09 08:12:08 MSK 2019
08:13:01,308 |-WARN in ch.qos.logback.core.rolling.SizeAndTimeBasedFNATP@6bf256fa - SizeAndTimeBasedFNATP is deprecated. Use SizeAndTimeBasedRollingPolicy instead
08:13:01,308 |-WARN in ch.qos.logback.core.rolling.SizeAndTimeBasedFNATP@6bf256fa - For more information see http://logback.qos.ch/manual/appenders.html#SizeAndTimeBasedRollingPolicy
08:13:01,314 |-INFO in ch.qos.logback.core.joran.action.NestedComplexPropertyIA - Assuming default type [ch.qos.logback.classic.encoder.PatternLayoutEncoder] for [encoder] property
08:13:01,317 |-INFO in ch.qos.logback.core.rolling.RollingFileAppender[FILE] - Active log file name: /tmp/application.log
08:13:01,317 |-INFO in ch.qos.logback.core.rolling.RollingFileAppender[FILE] - File property is set to [/tmp/application.log]
08:13:01,318 |-INFO in ch.qos.logback.classic.joran.action.RootLoggerAction - Setting level of ROOT logger to WARN
08:13:01,318 |-INFO in ch.qos.logback.core.joran.action.AppenderRefAction - Attaching appender named [STDOUT] to Logger[ROOT]
08:13:01,319 |-INFO in ch.qos.logback.core.joran.action.AppenderRefAction - Attaching appender named [FILE] to Logger[ROOT]
08:13:01,319 |-INFO in ch.qos.logback.classic.joran.action.ConfigurationAction - End of configuration.
08:13:01,320 |-INFO in ch.qos.logback.classic.joran.JoranConfigurator@6cd8737 - Registering current configuration as safe fallback point

2019-06-09T08:13:02.303+0300: 1.378: [GC (Metadata GC Threshold) [PSYoungGen: 110722K->15856K(149504K)] 110722K->15936K(491008K), 0.0229071 secs] [Times: user=0.13 sys=0.02, real=0.02 secs] 
2019-06-09T08:13:02.326+0300: 1.401: [Full GC (Metadata GC Threshold) [PSYoungGen: 15856K->0K(149504K)] [ParOldGen: 80K->15078K(341504K)] 15936K->15078K(491008K), [Metaspace: 20802K->20802K(1067008K)], 0.0275008 secs] [Times: user=0.15 sys=0.02, real=0.03 secs] 
08:13:11.004 [Curator-PathChildrenCache-1] WARN  o.a.c.u.ZKPaths  - The version of ZooKeeper being used doesn't support Container nodes. CreateMode.PERSISTENT will be used instead.
2019-06-09T08:13:11.932+0300: 11.007: [GC (Metadata GC Threshold) [PSYoungGen: 126795K->20991K(149504K)] 141873K->50082K(491008K), 0.0247054 secs] [Times: user=0.28 sys=0.03, real=0.02 secs] 
2019-06-09T08:13:11.957+0300: 11.032: [Full GC (Metadata GC Threshold) [PSYoungGen: 20991K->0K(149504K)] [ParOldGen: 29091K->39059K(341504K)] 50082K->39059K(491008K), [Metaspace: 34570K->34570K(1079296K)], 0.0352680 secs] [Times: user=0.17 sys=0.01, real=0.04 secs] 
2019-06-09T08:13:14.299+0300: 13.374: [GC (Allocation Failure) [PSYoungGen: 128512K->448K(149504K)] 167571K->39515K(491008K), 0.0033037 secs] [Times: user=0.01 sys=0.00, real=0.00 secs] 
2019-06-09T08:13:17.002+0300: 16.077: [GC (Allocation Failure) [PSYoungGen: 128960K->480K(149504K)] 168027K->39555K(491008K), 0.0035605 secs] [Times: user=0.01 sys=0.00, real=0.00 secs] 
2019-06-09T08:13:19.788+0300: 18.863: [GC (Allocation Failure) [PSYoungGen: 128992K->512K(129536K)] 168067K->39595K(471040K), 0.0051340 secs] [Times: user=0.04 sys=0.00, real=0.01 secs] 
2019-06-09T08:13:22.557+0300: 21.632: [GC (Allocation Failure) [PSYoungGen: 129024K->512K(132608K)] 168107K->39603K(474112K), 0.0032639 secs] [Times: user=0.01 sys=0.01, real=0.01 secs] 
2019-06-09T08:13:24.577+0300: 23.652: [GC (Allocation Failure) [PSYoungGen: 93184K->448K(130560K)] 132275K->39539K(472064K), 0.0033732 secs] [Times: user=0.02 sys=0.00, real=0.01 secs] 
2019-06-09T08:13:26.596+0300: 25.670: [GC (Allocation Failure) [PSYoungGen: 93120K->512K(136704K)] 132211K->39611K(478208K), 0.0032041 secs] [Times: user=0.02 sys=0.01, real=0.01 secs] 
2019-06-09T08:13:28.773+0300: 27.847: [GC (Allocation Failure) [PSYoungGen: 101376K->416K(134656K)] 140475K->39523K(476160K), 0.0039992 secs] [Times: user=0.02 sys=0.00, real=0.00 secs] 
2019-06-09T08:13:30.944+0300: 30.019: [GC (Allocation Failure) [PSYoungGen: 101280K->576K(140288K)] 140387K->39691K(481792K), 0.0034902 secs] [Times: user=0.02 sys=0.00, real=0.00 secs] 
2019-06-09T08:13:33.301+0300: 32.376: [GC (Allocation Failure) [PSYoungGen: 109120K->480K(138752K)] 148235K->39595K(480256K), 0.0028788 secs] [Times: user=0.01 sys=0.01, real=0.00 secs] 
2019-06-09T08:13:35.686+0300: 34.761: [GC (Allocation Failure) [PSYoungGen: 109024K->544K(143360K)] 148139K->39667K(484864K), 0.0026984 secs] [Times: user=0.01 sys=0.00, real=0.00 secs] 
2019-06-09T08:13:38.154+0300: 37.229: [GC (Allocation Failure) [PSYoungGen: 115232K->448K(141824K)] 154355K->39571K(483328K), 0.0025802 secs] [Times: user=0.01 sys=0.01, real=0.00 secs] 
2019-06-09T08:13:40.637+0300: 39.712: [GC (Allocation Failure) [PSYoungGen: 115136K->480K(146432K)] 154259K->39603K(487936K), 0.0027039 secs] [Times: user=0.01 sys=0.01, real=0.01 secs] 
2019-06-09T08:13:43.296+0300: 42.371: [GC (Allocation Failure) [PSYoungGen: 121312K->640K(144896K)] 160435K->39763K(486400K), 0.0024857 secs] [Times: user=0.02 sys=0.00, real=0.01 secs] 
2019-06-09T08:13:45.941+0300: 45.015: [GC (Allocation Failure) [PSYoungGen: 121472K->608K(148992K)] 160595K->39739K(490496K), 0.0030878 secs] [Times: user=0.01 sys=0.00, real=0.00 secs] 
08:13:56.368 [Curator-PathChildrenCache-0] ERROR o.a.c.f.r.c.PathChildrenCache  - 
java.lang.IllegalStateException: instance must be started before calling this method
	at org.apache.curator.shaded.com.google.common.base.Preconditions.checkState(Preconditions.java:444)
	at org.apache.curator.framework.imps.CuratorFrameworkImpl.getChildren(CuratorFrameworkImpl.java:456)
	at org.apache.curator.framework.recipes.cache.PathChildrenCache.refresh(PathChildrenCache.java:521)
	at org.apache.curator.framework.recipes.cache.RefreshOperation.invoke(RefreshOperation.java:35)
	at org.apache.curator.framework.recipes.cache.PathChildrenCache$9.run(PathChildrenCache.java:786)
	at java.util.concurrent.Executors$RunnableAdapter.call(Executors.java:511)
	at java.util.concurrent.FutureTask.run(FutureTask.java:266)
	at java.util.concurrent.Executors$RunnableAdapter.call(Executors.java:511)
	at java.util.concurrent.FutureTask.run(FutureTask.java:266)
	at java.util.concurrent.ThreadPoolExecutor.runWorker(ThreadPoolExecutor.java:1149)
	at java.util.concurrent.ThreadPoolExecutor$Worker.run(ThreadPoolExecutor.java:624)
	at java.lang.Thread.run(Thread.java:748)
Heap
 PSYoungGen      total 148992K, used 114590K [0x00000000f5980000, 0x0000000100000000, 0x0000000100000000)
  eden space 126464K, 90% used [0x00000000f5980000,0x00000000fc8cf838,0x00000000fd500000)
  from space 22528K, 2% used [0x00000000fea00000,0x00000000fea98040,0x0000000100000000)
  to   space 21504K, 0% used [0x00000000fd500000,0x00000000fd500000,0x00000000fea00000)
 ParOldGen       total 341504K, used 39131K [0x00000000e0c00000, 0x00000000f5980000, 0x00000000f5980000)
  object space 341504K, 11% used [0x00000000e0c00000,0x00000000e3236e18,0x00000000f5980000)
 Metaspace       used 35749K, capacity 36606K, committed 36952K, reserved 1081344K
  class space    used 4936K, capacity 5129K, committed 5248K, reserved 1048576K
