09:37:50,820 |-INFO in ch.qos.logback.classic.LoggerContext[default] - Could NOT find resource [logback-test.xml]
09:37:50,820 |-INFO in ch.qos.logback.classic.LoggerContext[default] - Could NOT find resource [logback.groovy]
09:37:50,820 |-INFO in ch.qos.logback.classic.LoggerContext[default] - Found resource [logback.xml] at [jar:file:/root/flamestream/lib/flamestream-runtime-1.0-SNAPSHOT.jar!/logback.xml]
09:37:50,825 |-WARN in ch.qos.logback.classic.LoggerContext[default] - Resource [logback.xml] occurs multiple times on the classpath.
09:37:50,825 |-WARN in ch.qos.logback.classic.LoggerContext[default] - Resource [logback.xml] occurs at [jar:file:/root/flamestream/lib/flamestream-runtime-1.0-SNAPSHOT.jar!/logback.xml]
09:37:50,825 |-WARN in ch.qos.logback.classic.LoggerContext[default] - Resource [logback.xml] occurs at [jar:file:/root/flamestream/flamestream-runtime-1.0-SNAPSHOT.jar!/logback.xml]
09:37:50,844 |-INFO in ch.qos.logback.core.joran.spi.ConfigurationWatchList@3fb6a447 - URL [jar:file:/root/flamestream/lib/flamestream-runtime-1.0-SNAPSHOT.jar!/logback.xml] is not of type file
09:37:50,911 |-INFO in ch.qos.logback.classic.joran.action.ConfigurationAction - debug attribute not set
09:37:50,911 |-INFO in ch.qos.logback.core.joran.action.AppenderAction - About to instantiate appender of type [ch.qos.logback.core.ConsoleAppender]
09:37:50,927 |-INFO in ch.qos.logback.core.joran.action.AppenderAction - Naming appender as [STDOUT]
09:37:50,940 |-INFO in ch.qos.logback.core.joran.action.NestedComplexPropertyIA - Assuming default type [ch.qos.logback.classic.encoder.PatternLayoutEncoder] for [encoder] property
09:37:51,039 |-INFO in ch.qos.logback.core.joran.action.AppenderAction - About to instantiate appender of type [ch.qos.logback.core.rolling.RollingFileAppender]
09:37:51,052 |-INFO in ch.qos.logback.core.joran.action.AppenderAction - Naming appender as [FILE]
09:37:51,082 |-INFO in c.q.l.core.rolling.TimeBasedRollingPolicy@127618319 - No compression will be used
09:37:51,083 |-INFO in c.q.l.core.rolling.TimeBasedRollingPolicy@127618319 - Will use the pattern /tmp/application_%d{yyyy-MM-dd}.%i.log for the active file
09:37:51,086 |-INFO in ch.qos.logback.core.rolling.SizeAndTimeBasedFNATP@6b2fad11 - The date pattern is 'yyyy-MM-dd' from file name pattern '/tmp/application_%d{yyyy-MM-dd}.%i.log'.
09:37:51,086 |-INFO in ch.qos.logback.core.rolling.SizeAndTimeBasedFNATP@6b2fad11 - Roll-over at midnight.
09:37:51,091 |-INFO in ch.qos.logback.core.rolling.SizeAndTimeBasedFNATP@6b2fad11 - Setting initial period to Tue Jun 11 09:36:32 UTC 2019
09:37:51,091 |-WARN in ch.qos.logback.core.rolling.SizeAndTimeBasedFNATP@6b2fad11 - SizeAndTimeBasedFNATP is deprecated. Use SizeAndTimeBasedRollingPolicy instead
09:37:51,091 |-WARN in ch.qos.logback.core.rolling.SizeAndTimeBasedFNATP@6b2fad11 - For more information see http://logback.qos.ch/manual/appenders.html#SizeAndTimeBasedRollingPolicy
09:37:51,096 |-INFO in ch.qos.logback.core.joran.action.NestedComplexPropertyIA - Assuming default type [ch.qos.logback.classic.encoder.PatternLayoutEncoder] for [encoder] property
09:37:51,100 |-INFO in ch.qos.logback.core.rolling.RollingFileAppender[FILE] - Active log file name: /tmp/application.log
09:37:51,100 |-INFO in ch.qos.logback.core.rolling.RollingFileAppender[FILE] - File property is set to [/tmp/application.log]
09:37:51,101 |-INFO in ch.qos.logback.classic.joran.action.RootLoggerAction - Setting level of ROOT logger to WARN
09:37:51,101 |-INFO in ch.qos.logback.core.joran.action.AppenderRefAction - Attaching appender named [STDOUT] to Logger[ROOT]
09:37:51,103 |-INFO in ch.qos.logback.core.joran.action.AppenderRefAction - Attaching appender named [FILE] to Logger[ROOT]
09:37:51,103 |-INFO in ch.qos.logback.classic.joran.action.ConfigurationAction - End of configuration.
09:37:51,104 |-INFO in ch.qos.logback.classic.joran.JoranConfigurator@79698539 - Registering current configuration as safe fallback point

Ama winner
Ama winner
2019-06-11T09:37:52.435+0000: 1.796: [Full GC (Metadata GC Threshold) 2019-06-11T09:37:52.435+0000: 1.796: [Tenured: 0K->15176K(341376K), 0.0415339 secs] 114923K->15176K(494976K), [Metaspace: 20732K->20732K(1067008K)], 0.0416022 secs] [Times: user=0.04 sys=0.00, real=0.05 secs] 
09:38:09.111 [Curator-PathChildrenCache-2] WARN  o.a.c.u.ZKPaths  - The version of ZooKeeper being used doesn't support Container nodes. CreateMode.PERSISTENT will be used instead.
2019-06-11T09:38:12.736+0000: 22.096: [GC (Allocation Failure) 2019-06-11T09:38:12.736+0000: 22.096: [DefNew: 136576K->17023K(153600K), 0.0281916 secs] 151752K->51761K(494976K), 0.0282591 secs] [Times: user=0.03 sys=0.00, real=0.04 secs] 
2019-06-11T09:38:16.608+0000: 25.968: [GC (Allocation Failure) 2019-06-11T09:38:16.608+0000: 25.968: [DefNew: 153599K->911K(153600K), 0.0155029 secs] 188337K->43023K(494976K), 0.0155664 secs] [Times: user=0.00 sys=0.01, real=0.01 secs] 
2019-06-11T09:38:19.251+0000: 28.611: [GC (Allocation Failure) 2019-06-11T09:38:19.251+0000: 28.611: [DefNew: 137487K->3137K(153600K), 0.0119014 secs] 179599K->45250K(494976K), 0.0119570 secs] [Times: user=0.02 sys=0.00, real=0.01 secs] 
2019-06-11T09:38:19.623+0000: 28.983: [Full GC (Metadata GC Threshold) 2019-06-11T09:38:19.623+0000: 28.983: [Tenured: 42112K->43669K(341376K), 0.0385182 secs] 68077K->43669K(494976K), [Metaspace: 34611K->34611K(1079296K)], 0.0386016 secs] [Times: user=0.03 sys=0.00, real=0.04 secs] 
2019-06-11T09:38:22.097+0000: 31.457: [GC (Allocation Failure) 2019-06-11T09:38:22.097+0000: 31.457: [DefNew: 136576K->165K(153600K), 0.0022287 secs] 180245K->43835K(494976K), 0.0022832 secs] [Times: user=0.01 sys=0.00, real=0.00 secs] 
2019-06-11T09:38:27.020+0000: 36.381: [GC (Allocation Failure) 2019-06-11T09:38:27.020+0000: 36.381: [DefNew: 136741K->201K(153600K), 0.0021107 secs] 180411K->43871K(494976K), 0.0021684 secs] [Times: user=0.00 sys=0.00, real=0.00 secs] 
2019-06-11T09:38:30.858+0000: 40.218: [GC (Allocation Failure) 2019-06-11T09:38:30.858+0000: 40.218: [DefNew: 136777K->218K(153600K), 0.0021358 secs] 180447K->43888K(494976K), 0.0021940 secs] [Times: user=0.00 sys=0.00, real=0.00 secs] 
2019-06-11T09:38:35.842+0000: 45.202: [GC (Allocation Failure) 2019-06-11T09:38:35.842+0000: 45.202: [DefNew: 136794K->291K(153600K), 0.0024814 secs] 180464K->43961K(494976K), 0.0025763 secs] [Times: user=0.00 sys=0.00, real=0.01 secs] 
2019-06-11T09:38:39.861+0000: 49.221: [GC (Allocation Failure) 2019-06-11T09:38:39.861+0000: 49.221: [DefNew: 136867K->287K(153600K), 0.0023470 secs] 180537K->43957K(494976K), 0.0024055 secs] [Times: user=0.01 sys=0.00, real=0.00 secs] 
2019-06-11T09:38:43.866+0000: 53.226: [GC (Allocation Failure) 2019-06-11T09:38:43.866+0000: 53.226: [DefNew: 136863K->335K(153600K), 0.0024149 secs] 180533K->44005K(494976K), 0.0024918 secs] [Times: user=0.00 sys=0.00, real=0.00 secs] 
2019-06-11T09:38:47.457+0000: 56.818: [GC (Allocation Failure) 2019-06-11T09:38:47.457+0000: 56.818: [DefNew: 136911K->518K(153600K), 0.0026244 secs] 180581K->44188K(494976K), 0.0026862 secs] [Times: user=0.00 sys=0.00, real=0.00 secs] 
2019-06-11T09:38:50.746+0000: 60.106: [GC (Allocation Failure) 2019-06-11T09:38:50.746+0000: 60.106: [DefNew: 137094K->440K(153600K), 0.0025976 secs] 180764K->44110K(494976K), 0.0026652 secs] [Times: user=0.00 sys=0.00, real=0.00 secs] 
2019-06-11T09:38:55.036+0000: 64.396: [GC (Allocation Failure) 2019-06-11T09:38:55.036+0000: 64.396: [DefNew: 137016K->675K(153600K), 0.0030462 secs] 180686K->44345K(494976K), 0.0031083 secs] [Times: user=0.00 sys=0.00, real=0.01 secs] 
2019-06-11T09:38:58.830+0000: 68.190: [GC (Allocation Failure) 2019-06-11T09:38:58.830+0000: 68.190: [DefNew: 137251K->730K(153600K), 0.0028783 secs] 180921K->44399K(494976K), 0.0029393 secs] [Times: user=0.00 sys=0.00, real=0.00 secs] 
2019-06-11T09:39:02.622+0000: 71.982: [GC (Allocation Failure) 2019-06-11T09:39:02.622+0000: 71.982: [DefNew: 137306K->624K(153600K), 0.0030175 secs] 180975K->44294K(494976K), 0.0030911 secs] [Times: user=0.01 sys=0.00, real=0.01 secs] 
2019-06-11T09:39:06.163+0000: 75.523: [GC (Allocation Failure) 2019-06-11T09:39:06.163+0000: 75.523: [DefNew: 137200K->617K(153600K), 0.0028093 secs] 180870K->44287K(494976K), 0.0028690 secs] [Times: user=0.00 sys=0.00, real=0.01 secs] 
2019-06-11T09:39:09.992+0000: 79.352: [GC (Allocation Failure) 2019-06-11T09:39:09.992+0000: 79.352: [DefNew: 137193K->674K(153600K), 0.0030099 secs] 180863K->44344K(494976K), 0.0030680 secs] [Times: user=0.00 sys=0.00, real=0.00 secs] 
2019-06-11T09:39:13.774+0000: 83.134: [GC (Allocation Failure) 2019-06-11T09:39:13.774+0000: 83.134: [DefNew: 137250K->707K(153600K), 0.0031147 secs] 180920K->44377K(494976K), 0.0031895 secs] [Times: user=0.01 sys=0.00, real=0.01 secs] 
2019-06-11T09:39:17.065+0000: 86.426: [GC (Allocation Failure) 2019-06-11T09:39:17.065+0000: 86.426: [DefNew: 137283K->852K(153600K), 0.0030915 secs] 180953K->44522K(494976K), 0.0031508 secs] [Times: user=0.01 sys=0.00, real=0.00 secs] 
2019-06-11T09:39:19.830+0000: 89.190: [GC (Allocation Failure) 2019-06-11T09:39:19.830+0000: 89.190: [DefNew: 137428K->807K(153600K), 0.0030357 secs] 181098K->44513K(494976K), 0.0031044 secs] [Times: user=0.00 sys=0.00, real=0.00 secs] 
2019-06-11T09:39:24.318+0000: 93.678: [GC (Allocation Failure) 2019-06-11T09:39:24.318+0000: 93.678: [DefNew: 137383K->678K(153600K), 0.0028952 secs] 181089K->44415K(494976K), 0.0029559 secs] [Times: user=0.01 sys=0.00, real=0.00 secs] 
2019-06-11T09:39:28.427+0000: 97.788: [GC (Allocation Failure) 2019-06-11T09:39:28.427+0000: 97.788: [DefNew: 137254K->673K(153600K), 0.0027018 secs] 180991K->44435K(494976K), 0.0027603 secs] [Times: user=0.00 sys=0.00, real=0.00 secs] 
2019-06-11T09:39:31.665+0000: 101.025: [GC (Allocation Failure) 2019-06-11T09:39:31.665+0000: 101.025: [DefNew: 137249K->660K(153600K), 0.0028050 secs] 181011K->44459K(494976K), 0.0028622 secs] [Times: user=0.00 sys=0.00, real=0.00 secs] 
2019-06-11T09:39:36.398+0000: 105.758: [GC (Allocation Failure) 2019-06-11T09:39:36.398+0000: 105.758: [DefNew: 137236K->659K(153600K), 0.0027292 secs] 181035K->44486K(494976K), 0.0027887 secs] [Times: user=0.01 sys=0.00, real=0.00 secs] 
2019-06-11T09:39:40.518+0000: 109.878: [GC (Allocation Failure) 2019-06-11T09:39:40.518+0000: 109.878: [DefNew: 137235K->895K(153600K), 0.0029676 secs] 181062K->44763K(494976K), 0.0030274 secs] [Times: user=0.00 sys=0.00, real=0.00 secs] 
2019-06-11T09:39:44.401+0000: 113.761: [GC (Allocation Failure) 2019-06-11T09:39:44.401+0000: 113.761: [DefNew: 137471K->612K(153600K), 0.0026700 secs] 181339K->44533K(494976K), 0.0027403 secs] [Times: user=0.00 sys=0.00, real=0.00 secs] 
2019-06-11T09:39:47.709+0000: 117.069: [GC (Allocation Failure) 2019-06-11T09:39:47.709+0000: 117.069: [DefNew: 137188K->593K(153600K), 0.0027133 secs] 181109K->44569K(494976K), 0.0027722 secs] [Times: user=0.01 sys=0.00, real=0.00 secs] 
2019-06-11T09:39:52.278+0000: 121.639: [GC (Allocation Failure) 2019-06-11T09:39:52.279+0000: 121.639: [DefNew: 137169K->678K(153600K), 0.0029681 secs] 181145K->44733K(494976K), 0.0030270 secs] [Times: user=0.00 sys=0.00, real=0.00 secs] 
2019-06-11T09:39:56.423+0000: 125.783: [GC (Allocation Failure) 2019-06-11T09:39:56.423+0000: 125.783: [DefNew: 137254K->555K(153600K), 0.0026535 secs] 181309K->44651K(494976K), 0.0027121 secs] [Times: user=0.00 sys=0.00, real=0.01 secs] 
2019-06-11T09:39:59.977+0000: 129.338: [GC (Allocation Failure) 2019-06-11T09:39:59.977+0000: 129.338: [DefNew: 137131K->572K(153600K), 0.0026831 secs] 181227K->44698K(494976K), 0.0027472 secs] [Times: user=0.00 sys=0.00, real=0.00 secs] 
2019-06-11T09:40:03.516+0000: 132.876: [GC (Allocation Failure) 2019-06-11T09:40:03.516+0000: 132.876: [DefNew: 137148K->549K(153600K), 0.0025917 secs] 181274K->44705K(494976K), 0.0026530 secs] [Times: user=0.00 sys=0.00, real=0.01 secs] 
2019-06-11T09:40:07.520+0000: 136.881: [GC (Allocation Failure) 2019-06-11T09:40:07.520+0000: 136.881: [DefNew: 137125K->576K(153600K), 0.0025173 secs] 181281K->44761K(494976K), 0.0025752 secs] [Times: user=0.00 sys=0.00, real=0.00 secs] 
2019-06-11T09:40:11.652+0000: 141.013: [GC (Allocation Failure) 2019-06-11T09:40:11.653+0000: 141.013: [DefNew: 137152K->533K(153600K), 0.0025965 secs] 181337K->44746K(494976K), 0.0027341 secs] [Times: user=0.01 sys=0.00, real=0.00 secs] 
2019-06-11T09:40:15.727+0000: 145.088: [GC (Allocation Failure) 2019-06-11T09:40:15.727+0000: 145.088: [DefNew: 137109K->538K(153600K), 0.0026704 secs] 181322K->44771K(494976K), 0.0027326 secs] [Times: user=0.00 sys=0.00, real=0.00 secs] 
2019-06-11T09:40:19.413+0000: 148.773: [GC (Allocation Failure) 2019-06-11T09:40:19.413+0000: 148.773: [DefNew: 137114K->2131K(153600K), 0.0048268 secs] 181347K->46386K(494976K), 0.0048857 secs] [Times: user=0.01 sys=0.00, real=0.01 secs] 
2019-06-11T09:40:23.985+0000: 153.345: [GC (Allocation Failure) 2019-06-11T09:40:23.985+0000: 153.345: [DefNew: 138707K->812K(153600K), 0.0028696 secs] 182962K->45095K(494976K), 0.0029209 secs] [Times: user=0.00 sys=0.00, real=0.00 secs] 
2019-06-11T09:40:28.275+0000: 157.636: [GC (Allocation Failure) 2019-06-11T09:40:28.275+0000: 157.636: [DefNew: 137388K->533K(153600K), 0.0027382 secs] 181671K->44837K(494976K), 0.0027985 secs] [Times: user=0.00 sys=0.00, real=0.01 secs] 
2019-06-11T09:40:32.731+0000: 162.091: [GC (Allocation Failure) 2019-06-11T09:40:32.731+0000: 162.091: [DefNew: 137109K->580K(153600K), 0.0026610 secs] 181413K->44905K(494976K), 0.0027217 secs] [Times: user=0.00 sys=0.00, real=0.00 secs] 
2019-06-11T09:40:37.312+0000: 166.672: [GC (Allocation Failure) 2019-06-11T09:40:37.312+0000: 166.672: [DefNew: 137156K->565K(153600K), 0.0027346 secs] 181481K->44921K(494976K), 0.0028203 secs] [Times: user=0.00 sys=0.00, real=0.00 secs] 
2019-06-11T09:40:40.965+0000: 170.326: [GC (Allocation Failure) 2019-06-11T09:40:40.965+0000: 170.326: [DefNew: 137141K->523K(153600K), 0.0025757 secs] 181497K->44899K(494976K), 0.0026396 secs] [Times: user=0.00 sys=0.00, real=0.00 secs] 
2019-06-11T09:40:44.688+0000: 174.049: [GC (Allocation Failure) 2019-06-11T09:40:44.688+0000: 174.049: [DefNew: 137099K->525K(153600K), 0.0025890 secs] 181475K->44925K(494976K), 0.0026518 secs] [Times: user=0.00 sys=0.00, real=0.00 secs] 
2019-06-11T09:40:47.845+0000: 177.205: [GC (Allocation Failure) 2019-06-11T09:40:47.845+0000: 177.205: [DefNew: 137101K->530K(153600K), 0.0029891 secs] 181501K->44954K(494976K), 0.0030504 secs] [Times: user=0.00 sys=0.00, real=0.00 secs] 
2019-06-11T09:40:53.183+0000: 182.543: [GC (Allocation Failure) 2019-06-11T09:40:53.183+0000: 182.543: [DefNew: 137106K->782K(153600K), 0.0028417 secs] 181530K->45238K(494976K), 0.0029005 secs] [Times: user=0.01 sys=0.00, real=0.01 secs] 
2019-06-11T09:40:58.070+0000: 187.430: [GC (Allocation Failure) 2019-06-11T09:40:58.070+0000: 187.430: [DefNew: 137358K->531K(153600K), 0.0026203 secs] 181814K->45015K(494976K), 0.0026924 secs] [Times: user=0.00 sys=0.00, real=0.00 secs] 
2019-06-11T09:41:01.980+0000: 191.340: [GC (Allocation Failure) 2019-06-11T09:41:01.980+0000: 191.340: [DefNew: 137107K->563K(153600K), 0.0027236 secs] 181591K->45074K(494976K), 0.0027847 secs] [Times: user=0.00 sys=0.00, real=0.00 secs] 
2019-06-11T09:41:05.649+0000: 195.009: [GC (Allocation Failure) 2019-06-11T09:41:05.649+0000: 195.009: [DefNew: 137139K->527K(153600K), 0.0024556 secs] 181650K->45057K(494976K), 0.0025267 secs] [Times: user=0.01 sys=0.00, real=0.00 secs] 
2019-06-11T09:41:09.414+0000: 198.775: [GC (Allocation Failure) 2019-06-11T09:41:09.414+0000: 198.775: [DefNew: 137103K->525K(153600K), 0.0026356 secs] 181633K->45079K(494976K), 0.0026966 secs] [Times: user=0.00 sys=0.00, real=0.01 secs] 
2019-06-11T09:41:14.361+0000: 203.721: [GC (Allocation Failure) 2019-06-11T09:41:14.361+0000: 203.721: [DefNew: 137101K->520K(153600K), 0.0024480 secs] 181655K->45099K(494976K), 0.0025207 secs] [Times: user=0.00 sys=0.00, real=0.00 secs] 
2019-06-11T09:41:18.947+0000: 208.307: [GC (Allocation Failure) 2019-06-11T09:41:18.947+0000: 208.307: [DefNew: 137096K->681K(153600K), 0.0027401 secs] 181675K->45282K(494976K), 0.0028216 secs] [Times: user=0.00 sys=0.00, real=0.00 secs] 
2019-06-11T09:41:23.881+0000: 213.241: [GC (Allocation Failure) 2019-06-11T09:41:23.881+0000: 213.241: [DefNew: 137257K->521K(153600K), 0.0025327 secs] 181858K->45144K(494976K), 0.0025874 secs] [Times: user=0.01 sys=0.00, real=0.00 secs] 
2019-06-11T09:41:28.210+0000: 217.570: [GC (Allocation Failure) 2019-06-11T09:41:28.210+0000: 217.570: [DefNew: 137097K->516K(153600K), 0.0025131 secs] 181720K->45161K(494976K), 0.0025713 secs] [Times: user=0.00 sys=0.00, real=0.00 secs] 
2019-06-11T09:41:31.188+0000: 220.548: [GC (Allocation Failure) 2019-06-11T09:41:31.188+0000: 220.548: [DefNew: 137092K->753K(153600K), 0.0028020 secs] 181737K->45421K(494976K), 0.0028797 secs] [Times: user=0.01 sys=0.00, real=0.00 secs] 
2019-06-11T09:41:35.842+0000: 225.203: [GC (Allocation Failure) 2019-06-11T09:41:35.842+0000: 225.203: [DefNew: 137329K->535K(153600K), 0.0026026 secs] 181997K->45224K(494976K), 0.0033602 secs] [Times: user=0.00 sys=0.00, real=0.01 secs] 
2019-06-11T09:41:40.317+0000: 229.678: [GC (Allocation Failure) 2019-06-11T09:41:40.317+0000: 229.678: [DefNew: 137111K->505K(153600K), 0.0024948 secs] 181800K->45218K(494976K), 0.0025645 secs] [Times: user=0.01 sys=0.00, real=0.00 secs] 
2019-06-11T09:41:45.015+0000: 234.375: [GC (Allocation Failure) 2019-06-11T09:41:45.015+0000: 234.375: [DefNew: 137081K->513K(153600K), 0.0027005 secs] 181794K->45243K(494976K), 0.0027741 secs] [Times: user=0.00 sys=0.00, real=0.01 secs] 
2019-06-11T09:41:48.769+0000: 238.129: [GC (Allocation Failure) 2019-06-11T09:41:48.769+0000: 238.129: [DefNew: 137089K->640K(153600K), 0.0026777 secs] 181819K->45393K(494976K), 0.0027381 secs] [Times: user=0.00 sys=0.00, real=0.00 secs] 
2019-06-11T09:41:53.365+0000: 242.725: [GC (Allocation Failure) 2019-06-11T09:41:53.365+0000: 242.725: [DefNew: 137216K->659K(153600K), 0.0026022 secs] 181969K->45434K(494976K), 0.0026602 secs] [Times: user=0.01 sys=0.00, real=0.00 secs] 
2019-06-11T09:41:58.274+0000: 247.635: [GC (Allocation Failure) 2019-06-11T09:41:58.274+0000: 247.635: [DefNew: 137235K->676K(153600K), 0.0025634 secs] 182010K->45479K(494976K), 0.0026220 secs] [Times: user=0.00 sys=0.00, real=0.01 secs] 
2019-06-11T09:42:02.008+0000: 251.369: [GC (Allocation Failure) 2019-06-11T09:42:02.008+0000: 251.369: [DefNew: 137252K->674K(153600K), 0.0026404 secs] 182055K->45505K(494976K), 0.0027044 secs] [Times: user=0.00 sys=0.00, real=0.00 secs] 
2019-06-11T09:42:05.886+0000: 255.247: [GC (Allocation Failure) 2019-06-11T09:42:05.887+0000: 255.247: [DefNew: 137250K->675K(153600K), 0.0026933 secs] 182081K->45525K(494976K), 0.0037843 secs] [Times: user=0.00 sys=0.00, real=0.00 secs] 
2019-06-11T09:42:11.261+0000: 260.621: [GC (Allocation Failure) 2019-06-11T09:42:11.261+0000: 260.621: [DefNew: 137251K->664K(153600K), 0.0026602 secs] 182101K->45537K(494976K), 0.0027216 secs] [Times: user=0.00 sys=0.00, real=0.00 secs] 
2019-06-11T09:42:14.388+0000: 263.748: [GC (Allocation Failure) 2019-06-11T09:42:14.388+0000: 263.748: [DefNew: 137240K->670K(153600K), 0.0025887 secs] 182113K->45560K(494976K), 0.0026521 secs] [Times: user=0.01 sys=0.00, real=0.00 secs] 
2019-06-11T09:42:20.124+0000: 269.484: [GC (Allocation Failure) 2019-06-11T09:42:20.124+0000: 269.484: [DefNew: 137246K->618K(153600K), 0.0024127 secs] 182136K->45533K(494976K), 0.0024744 secs] [Times: user=0.01 sys=0.00, real=0.01 secs] 
2019-06-11T09:42:24.413+0000: 273.773: [GC (Allocation Failure) 2019-06-11T09:42:24.413+0000: 273.773: [DefNew: 137194K->585K(153600K), 0.0023248 secs] 182109K->45519K(494976K), 0.0023787 secs] [Times: user=0.00 sys=0.00, real=0.00 secs] 
09:42:38.100 [Curator-PathChildrenCache-0] ERROR o.a.c.f.r.c.PathChildrenCache  - 
java.lang.IllegalStateException: instance must be started before calling this method
	at org.apache.curator.shaded.com.google.common.base.Preconditions.checkState(Preconditions.java:444)
	at org.apache.curator.framework.imps.CuratorFrameworkImpl.getChildren(CuratorFrameworkImpl.java:456)
	at org.apache.curator.framework.recipes.cache.PathChildrenCache.refresh(PathChildrenCache.java:521)
	at org.apache.curator.framework.recipes.cache.RefreshOperation.invoke(RefreshOperation.java:35)
	at org.apache.curator.framework.recipes.cache.PathChildrenCache$9.run(PathChildrenCache.java:786)
	at java.util.concurrent.Executors$RunnableAdapter.call(Executors.java:511)
	at java.util.concurrent.FutureTask.run(FutureTask.java:266)
	at java.util.concurrent.Executors$RunnableAdapter.call(Executors.java:511)
	at java.util.concurrent.FutureTask.run(FutureTask.java:266)
	at java.util.concurrent.ThreadPoolExecutor.runWorker(ThreadPoolExecutor.java:1149)
	at java.util.concurrent.ThreadPoolExecutor$Worker.run(ThreadPoolExecutor.java:624)
	at java.lang.Thread.run(Thread.java:748)
Heap
 def new generation   total 153600K, used 131494K [0x00000000e0c00000, 0x00000000eb2a0000, 0x00000000eb2a0000)
  eden space 136576K,  95% used [0x00000000e0c00000, 0x00000000e8bd73a0, 0x00000000e9160000)
  from space 17024K,   3% used [0x00000000ea200000, 0x00000000ea2924a8, 0x00000000eb2a0000)
  to   space 17024K,   0% used [0x00000000e9160000, 0x00000000e9160000, 0x00000000ea200000)
 tenured generation   total 341376K, used 44934K [0x00000000eb2a0000, 0x0000000100000000, 0x0000000100000000)
   the space 341376K,  13% used [0x00000000eb2a0000, 0x00000000ede81910, 0x00000000ede81a00, 0x0000000100000000)
 Metaspace       used 36203K, capacity 37074K, committed 37376K, reserved 1081344K
  class space    used 4860K, capacity 5067K, committed 5120K, reserved 1048576K
