16:49:31,369 |-INFO in ch.qos.logback.classic.LoggerContext[default] - Could NOT find resource [logback-test.xml]
16:49:31,369 |-INFO in ch.qos.logback.classic.LoggerContext[default] - Could NOT find resource [logback.groovy]
16:49:31,369 |-INFO in ch.qos.logback.classic.LoggerContext[default] - Found resource [logback.xml] at [jar:file:/root/flamestream/lib/flamestream-runtime-1.0-SNAPSHOT.jar!/logback.xml]
16:49:31,370 |-WARN in ch.qos.logback.classic.LoggerContext[default] - Resource [logback.xml] occurs multiple times on the classpath.
16:49:31,370 |-WARN in ch.qos.logback.classic.LoggerContext[default] - Resource [logback.xml] occurs at [jar:file:/root/flamestream/lib/flamestream-runtime-1.0-SNAPSHOT.jar!/logback.xml]
16:49:31,370 |-WARN in ch.qos.logback.classic.LoggerContext[default] - Resource [logback.xml] occurs at [jar:file:/root/flamestream/flamestream-runtime-1.0-SNAPSHOT.jar!/logback.xml]
16:49:31,389 |-INFO in ch.qos.logback.core.joran.spi.ConfigurationWatchList@3fb6a447 - URL [jar:file:/root/flamestream/lib/flamestream-runtime-1.0-SNAPSHOT.jar!/logback.xml] is not of type file
16:49:31,455 |-INFO in ch.qos.logback.classic.joran.action.ConfigurationAction - debug attribute not set
16:49:31,456 |-INFO in ch.qos.logback.core.joran.action.AppenderAction - About to instantiate appender of type [ch.qos.logback.core.ConsoleAppender]
16:49:31,472 |-INFO in ch.qos.logback.core.joran.action.AppenderAction - Naming appender as [STDOUT]
16:49:31,491 |-INFO in ch.qos.logback.core.joran.action.NestedComplexPropertyIA - Assuming default type [ch.qos.logback.classic.encoder.PatternLayoutEncoder] for [encoder] property
16:49:31,582 |-INFO in ch.qos.logback.core.joran.action.AppenderAction - About to instantiate appender of type [ch.qos.logback.core.rolling.RollingFileAppender]
16:49:31,587 |-INFO in ch.qos.logback.core.joran.action.AppenderAction - Naming appender as [FILE]
16:49:31,618 |-INFO in c.q.l.core.rolling.TimeBasedRollingPolicy@127618319 - No compression will be used
16:49:31,620 |-INFO in c.q.l.core.rolling.TimeBasedRollingPolicy@127618319 - Will use the pattern /tmp/application_%d{yyyy-MM-dd}.%i.log for the active file
16:49:31,623 |-INFO in ch.qos.logback.core.rolling.SizeAndTimeBasedFNATP@6b2fad11 - The date pattern is 'yyyy-MM-dd' from file name pattern '/tmp/application_%d{yyyy-MM-dd}.%i.log'.
16:49:31,623 |-INFO in ch.qos.logback.core.rolling.SizeAndTimeBasedFNATP@6b2fad11 - Roll-over at midnight.
16:49:31,628 |-INFO in ch.qos.logback.core.rolling.SizeAndTimeBasedFNATP@6b2fad11 - Setting initial period to Mon Jun 10 16:47:54 UTC 2019
16:49:31,628 |-WARN in ch.qos.logback.core.rolling.SizeAndTimeBasedFNATP@6b2fad11 - SizeAndTimeBasedFNATP is deprecated. Use SizeAndTimeBasedRollingPolicy instead
16:49:31,628 |-WARN in ch.qos.logback.core.rolling.SizeAndTimeBasedFNATP@6b2fad11 - For more information see http://logback.qos.ch/manual/appenders.html#SizeAndTimeBasedRollingPolicy
16:49:31,632 |-INFO in ch.qos.logback.core.joran.action.NestedComplexPropertyIA - Assuming default type [ch.qos.logback.classic.encoder.PatternLayoutEncoder] for [encoder] property
16:49:31,637 |-INFO in ch.qos.logback.core.rolling.RollingFileAppender[FILE] - Active log file name: /tmp/application.log
16:49:31,637 |-INFO in ch.qos.logback.core.rolling.RollingFileAppender[FILE] - File property is set to [/tmp/application.log]
16:49:31,638 |-INFO in ch.qos.logback.classic.joran.action.RootLoggerAction - Setting level of ROOT logger to WARN
16:49:31,638 |-INFO in ch.qos.logback.core.joran.action.AppenderRefAction - Attaching appender named [STDOUT] to Logger[ROOT]
16:49:31,640 |-INFO in ch.qos.logback.core.joran.action.AppenderRefAction - Attaching appender named [FILE] to Logger[ROOT]
16:49:31,640 |-INFO in ch.qos.logback.classic.joran.action.ConfigurationAction - End of configuration.
16:49:31,641 |-INFO in ch.qos.logback.classic.joran.JoranConfigurator@79698539 - Registering current configuration as safe fallback point

Ama winner
Ama winner
2019-06-10T16:49:32.975+0000: 1.800: [Full GC (Metadata GC Threshold) 2019-06-10T16:49:32.975+0000: 1.801: [Tenured: 0K->15241K(341376K), 0.0405827 secs] 114987K->15241K(494976K), [Metaspace: 20738K->20738K(1067008K)], 0.0406503 secs] [Times: user=0.03 sys=0.00, real=0.04 secs] 
16:49:56.005 [Curator-PathChildrenCache-2] WARN  o.a.c.u.ZKPaths  - The version of ZooKeeper being used doesn't support Container nodes. CreateMode.PERSISTENT will be used instead.
2019-06-10T16:49:58.358+0000: 27.183: [GC (Allocation Failure) 2019-06-10T16:49:58.358+0000: 27.183: [DefNew: 118446K->17023K(153600K), 0.0210073 secs] 133687K->33282K(494976K), 0.0210730 secs] [Times: user=0.02 sys=0.01, real=0.02 secs] 
2019-06-10T16:49:58.871+0000: 27.697: [Full GC (Metadata GC Threshold) 2019-06-10T16:49:58.871+0000: 27.697: [Tenured: 16258K->44651K(341376K), 0.0453085 secs] 72833K->44651K(494976K), [Metaspace: 34574K->34574K(1079296K)], 0.0454001 secs] [Times: user=0.04 sys=0.00, real=0.04 secs] 
2019-06-10T16:50:00.544+0000: 29.370: [GC (Allocation Failure) 2019-06-10T16:50:00.544+0000: 29.370: [DefNew: 136576K->1691K(153600K), 0.0132663 secs] 181227K->46343K(494976K), 0.0133276 secs] [Times: user=0.02 sys=0.00, real=0.02 secs] 
2019-06-10T16:50:01.486+0000: 30.312: [GC (Allocation Failure) 2019-06-10T16:50:01.486+0000: 30.312: [DefNew: 138267K->311K(153600K), 0.0023912 secs] 182919K->44962K(494976K), 0.0024607 secs] [Times: user=0.00 sys=0.00, real=0.01 secs] 
2019-06-10T16:50:02.323+0000: 31.148: [GC (Allocation Failure) 2019-06-10T16:50:02.323+0000: 31.148: [DefNew: 136887K->1152K(153600K), 0.0038233 secs] 181538K->45804K(494976K), 0.0038806 secs] [Times: user=0.01 sys=0.00, real=0.00 secs] 
2019-06-10T16:50:03.141+0000: 31.967: [GC (Allocation Failure) 2019-06-10T16:50:03.141+0000: 31.967: [DefNew: 137728K->937K(153600K), 0.0032314 secs] 182380K->45589K(494976K), 0.0032966 secs] [Times: user=0.00 sys=0.00, real=0.00 secs] 
2019-06-10T16:50:08.225+0000: 37.051: [GC (Allocation Failure) 2019-06-10T16:50:08.225+0000: 37.051: [DefNew: 137513K->2528K(153600K), 0.0031746 secs] 182165K->47180K(494976K), 0.0032590 secs] [Times: user=0.01 sys=0.00, real=0.00 secs] 
16:50:11.519 [Curator-PathChildrenCache-0] ERROR o.a.c.f.r.c.PathChildrenCache  - 
java.lang.IllegalStateException: instance must be started before calling this method
	at org.apache.curator.shaded.com.google.common.base.Preconditions.checkState(Preconditions.java:444)
	at org.apache.curator.framework.imps.CuratorFrameworkImpl.getChildren(CuratorFrameworkImpl.java:456)
	at org.apache.curator.framework.recipes.cache.PathChildrenCache.refresh(PathChildrenCache.java:521)
	at org.apache.curator.framework.recipes.cache.RefreshOperation.invoke(RefreshOperation.java:35)
	at org.apache.curator.framework.recipes.cache.PathChildrenCache$9.run(PathChildrenCache.java:786)
	at java.util.concurrent.Executors$RunnableAdapter.call(Executors.java:511)
	at java.util.concurrent.FutureTask.run(FutureTask.java:266)
	at java.util.concurrent.Executors$RunnableAdapter.call(Executors.java:511)
	at java.util.concurrent.FutureTask.run(FutureTask.java:266)
	at java.util.concurrent.ThreadPoolExecutor.runWorker(ThreadPoolExecutor.java:1149)
	at java.util.concurrent.ThreadPoolExecutor$Worker.run(ThreadPoolExecutor.java:624)
	at java.lang.Thread.run(Thread.java:748)
Heap
 def new generation   total 153600K, used 41124K [0x00000000e0c00000, 0x00000000eb2a0000, 0x00000000eb2a0000)
  eden space 136576K,  28% used [0x00000000e0c00000, 0x00000000e31b0c48, 0x00000000e9160000)
  from space 17024K,  14% used [0x00000000e9160000, 0x00000000e93d83c0, 0x00000000ea200000)
  to   space 17024K,   0% used [0x00000000ea200000, 0x00000000ea200000, 0x00000000eb2a0000)
 tenured generation   total 341376K, used 44651K [0x00000000eb2a0000, 0x0000000100000000, 0x0000000100000000)
   the space 341376K,  13% used [0x00000000eb2a0000, 0x00000000ede3af48, 0x00000000ede3b000, 0x0000000100000000)
 Metaspace       used 35990K, capacity 36998K, committed 37120K, reserved 1081344K
  class space    used 4877K, capacity 5099K, committed 5120K, reserved 1048576K
