13:03:29,301 |-INFO in ch.qos.logback.classic.LoggerContext[default] - Could NOT find resource [logback-test.xml]
13:03:29,301 |-INFO in ch.qos.logback.classic.LoggerContext[default] - Could NOT find resource [logback.groovy]
13:03:29,301 |-INFO in ch.qos.logback.classic.LoggerContext[default] - Found resource [logback.xml] at [jar:file:/home/nikitasokolov/flamestream/lib/flamestream-runtime-1.0-SNAPSHOT.jar!/logback.xml]
13:03:29,302 |-WARN in ch.qos.logback.classic.LoggerContext[default] - Resource [logback.xml] occurs multiple times on the classpath.
13:03:29,302 |-WARN in ch.qos.logback.classic.LoggerContext[default] - Resource [logback.xml] occurs at [jar:file:/home/nikitasokolov/flamestream/lib/flamestream-runtime-1.0-SNAPSHOT.jar!/logback.xml]
13:03:29,302 |-WARN in ch.qos.logback.classic.LoggerContext[default] - Resource [logback.xml] occurs at [jar:file:/home/nikitasokolov/flamestream/flamestream-runtime-1.0-SNAPSHOT.jar!/logback.xml]
13:03:29,318 |-INFO in ch.qos.logback.core.joran.spi.ConfigurationWatchList@6108b2d7 - URL [jar:file:/home/nikitasokolov/flamestream/lib/flamestream-runtime-1.0-SNAPSHOT.jar!/logback.xml] is not of type file
13:03:29,370 |-INFO in ch.qos.logback.classic.joran.action.ConfigurationAction - debug attribute not set
13:03:29,371 |-INFO in ch.qos.logback.core.joran.action.AppenderAction - About to instantiate appender of type [ch.qos.logback.core.ConsoleAppender]
13:03:29,382 |-INFO in ch.qos.logback.core.joran.action.AppenderAction - Naming appender as [STDOUT]
13:03:29,392 |-INFO in ch.qos.logback.core.joran.action.NestedComplexPropertyIA - Assuming default type [ch.qos.logback.classic.encoder.PatternLayoutEncoder] for [encoder] property
13:03:29,450 |-INFO in ch.qos.logback.core.joran.action.AppenderAction - About to instantiate appender of type [ch.qos.logback.core.rolling.RollingFileAppender]
13:03:29,455 |-INFO in ch.qos.logback.core.joran.action.AppenderAction - Naming appender as [FILE]
13:03:29,480 |-INFO in c.q.l.core.rolling.TimeBasedRollingPolicy@357863579 - No compression will be used
13:03:29,481 |-INFO in c.q.l.core.rolling.TimeBasedRollingPolicy@357863579 - Will use the pattern /tmp/application_%d{yyyy-MM-dd}.%i.log for the active file
13:03:29,484 |-INFO in ch.qos.logback.core.rolling.SizeAndTimeBasedFNATP@6bf256fa - The date pattern is 'yyyy-MM-dd' from file name pattern '/tmp/application_%d{yyyy-MM-dd}.%i.log'.
13:03:29,484 |-INFO in ch.qos.logback.core.rolling.SizeAndTimeBasedFNATP@6bf256fa - Roll-over at midnight.
13:03:29,488 |-INFO in ch.qos.logback.core.rolling.SizeAndTimeBasedFNATP@6bf256fa - Setting initial period to Sun Jun 09 13:02:44 MSK 2019
13:03:29,488 |-WARN in ch.qos.logback.core.rolling.SizeAndTimeBasedFNATP@6bf256fa - SizeAndTimeBasedFNATP is deprecated. Use SizeAndTimeBasedRollingPolicy instead
13:03:29,488 |-WARN in ch.qos.logback.core.rolling.SizeAndTimeBasedFNATP@6bf256fa - For more information see http://logback.qos.ch/manual/appenders.html#SizeAndTimeBasedRollingPolicy
13:03:29,493 |-INFO in ch.qos.logback.core.joran.action.NestedComplexPropertyIA - Assuming default type [ch.qos.logback.classic.encoder.PatternLayoutEncoder] for [encoder] property
13:03:29,495 |-INFO in ch.qos.logback.core.rolling.RollingFileAppender[FILE] - Active log file name: /tmp/application.log
13:03:29,495 |-INFO in ch.qos.logback.core.rolling.RollingFileAppender[FILE] - File property is set to [/tmp/application.log]
13:03:29,496 |-INFO in ch.qos.logback.classic.joran.action.RootLoggerAction - Setting level of ROOT logger to WARN
13:03:29,496 |-INFO in ch.qos.logback.core.joran.action.AppenderRefAction - Attaching appender named [STDOUT] to Logger[ROOT]
13:03:29,497 |-INFO in ch.qos.logback.core.joran.action.AppenderRefAction - Attaching appender named [FILE] to Logger[ROOT]
13:03:29,497 |-INFO in ch.qos.logback.classic.joran.action.ConfigurationAction - End of configuration.
13:03:29,498 |-INFO in ch.qos.logback.classic.joran.JoranConfigurator@6cd8737 - Registering current configuration as safe fallback point

2019-06-09T13:03:30.484+0300: 1.397: [GC (Metadata GC Threshold) [PSYoungGen: 110722K->15983K(149504K)] 110722K->16063K(491008K), 0.0191552 secs] [Times: user=0.05 sys=0.03, real=0.02 secs] 
2019-06-09T13:03:30.503+0300: 1.417: [Full GC (Metadata GC Threshold) [PSYoungGen: 15983K->0K(149504K)] [ParOldGen: 80K->15078K(341504K)] 16063K->15078K(491008K), [Metaspace: 20807K->20807K(1067008K)], 0.0287860 secs] [Times: user=0.17 sys=0.01, real=0.03 secs] 
13:03:43.689 [Curator-PathChildrenCache-2] WARN  o.a.c.u.ZKPaths  - The version of ZooKeeper being used doesn't support Container nodes. CreateMode.PERSISTENT will be used instead.
2019-06-09T13:03:44.569+0300: 15.483: [GC (Metadata GC Threshold) [PSYoungGen: 124586K->15961K(149504K)] 139665K->50579K(491008K), 0.0256319 secs] [Times: user=0.21 sys=0.02, real=0.03 secs] 
2019-06-09T13:03:44.595+0300: 15.508: [Full GC (Metadata GC Threshold) [PSYoungGen: 15961K->0K(149504K)] [ParOldGen: 34617K->39050K(341504K)] 50579K->39050K(491008K), [Metaspace: 34524K->34524K(1079296K)], 0.0317259 secs] [Times: user=0.16 sys=0.02, real=0.03 secs] 
2019-06-09T13:03:47.310+0300: 18.224: [GC (Allocation Failure) [PSYoungGen: 128512K->384K(149504K)] 167562K->39442K(491008K), 0.0033730 secs] [Times: user=0.01 sys=0.00, real=0.00 secs] 
2019-06-09T13:03:49.567+0300: 20.481: [GC (Allocation Failure) [PSYoungGen: 128896K->512K(149504K)] 167954K->39578K(491008K), 0.0022606 secs] [Times: user=0.01 sys=0.01, real=0.01 secs] 
2019-06-09T13:03:51.935+0300: 22.849: [GC (Allocation Failure) [PSYoungGen: 129024K->480K(129024K)] 168090K->39554K(470528K), 0.0038541 secs] [Times: user=0.03 sys=0.01, real=0.01 secs] 
2019-06-09T13:03:54.613+0300: 25.527: [GC (Allocation Failure) [PSYoungGen: 128992K->640K(150016K)] 168066K->39722K(491520K), 0.0676796 secs] [Times: user=0.01 sys=0.01, real=0.07 secs] 
2019-06-09T13:03:56.844+0300: 27.758: [GC (Allocation Failure) [PSYoungGen: 129152K->544K(148992K)] 168234K->39634K(490496K), 0.0029879 secs] [Times: user=0.01 sys=0.01, real=0.00 secs] 
2019-06-09T13:03:58.985+0300: 29.899: [GC (Allocation Failure) [PSYoungGen: 129056K->512K(151552K)] 168146K->39610K(493056K), 0.0110629 secs] [Times: user=0.08 sys=0.03, real=0.01 secs] 
2019-06-09T13:04:01.148+0300: 32.062: [GC (Allocation Failure) [PSYoungGen: 132096K->576K(150528K)] 171194K->39674K(492032K), 0.0080724 secs] [Times: user=0.05 sys=0.00, real=0.01 secs] 
2019-06-09T13:04:03.601+0300: 34.515: [GC (Allocation Failure) [PSYoungGen: 132160K->544K(153088K)] 171258K->39650K(494592K), 0.0032784 secs] [Times: user=0.01 sys=0.00, real=0.00 secs] 
13:04:12.003 [Curator-PathChildrenCache-0] ERROR o.a.c.f.r.c.PathChildrenCache  - 
java.lang.IllegalStateException: instance must be started before calling this method
	at org.apache.curator.shaded.com.google.common.base.Preconditions.checkState(Preconditions.java:444)
	at org.apache.curator.framework.imps.CuratorFrameworkImpl.getChildren(CuratorFrameworkImpl.java:456)
	at org.apache.curator.framework.recipes.cache.PathChildrenCache.refresh(PathChildrenCache.java:521)
	at org.apache.curator.framework.recipes.cache.RefreshOperation.invoke(RefreshOperation.java:35)
	at org.apache.curator.framework.recipes.cache.PathChildrenCache$9.run(PathChildrenCache.java:786)
	at java.util.concurrent.Executors$RunnableAdapter.call(Executors.java:511)
	at java.util.concurrent.FutureTask.run(FutureTask.java:266)
	at java.util.concurrent.Executors$RunnableAdapter.call(Executors.java:511)
	at java.util.concurrent.FutureTask.run(FutureTask.java:266)
	at java.util.concurrent.ThreadPoolExecutor.runWorker(ThreadPoolExecutor.java:1149)
	at java.util.concurrent.ThreadPoolExecutor$Worker.run(ThreadPoolExecutor.java:624)
	at java.lang.Thread.run(Thread.java:748)
2019-06-09T13:04:13.112+0300: 44.026: [GC (Allocation Failure) [PSYoungGen: 135712K->1594K(152576K)] 174818K->40709K(494080K), 0.0038232 secs] [Times: user=0.02 sys=0.00, real=0.00 secs] 
Heap
 PSYoungGen      total 152576K, used 5580K [0x00000000f5980000, 0x0000000100000000, 0x0000000100000000)
  eden space 135168K, 2% used [0x00000000f5980000,0x00000000f5d647b8,0x00000000fdd80000)
  from space 17408K, 9% used [0x00000000fdd80000,0x00000000fdf0e998,0x00000000fee80000)
  to   space 16384K, 0% used [0x00000000ff000000,0x00000000ff000000,0x0000000100000000)
 ParOldGen       total 341504K, used 39114K [0x00000000e0c00000, 0x00000000f5980000, 0x00000000f5980000)
  object space 341504K, 11% used [0x00000000e0c00000,0x00000000e3232a90,0x00000000f5980000)
 Metaspace       used 35765K, capacity 36668K, committed 36992K, reserved 1081344K
  class space    used 4941K, capacity 5138K, committed 5248K, reserved 1048576K
