17:35:09,180 |-INFO in ch.qos.logback.classic.LoggerContext[default] - Could NOT find resource [logback-test.xml]
17:35:09,180 |-INFO in ch.qos.logback.classic.LoggerContext[default] - Could NOT find resource [logback.groovy]
17:35:09,180 |-INFO in ch.qos.logback.classic.LoggerContext[default] - Found resource [logback.xml] at [jar:file:/root/flamestream/lib/flamestream-runtime-1.0-SNAPSHOT.jar!/logback.xml]
17:35:09,181 |-WARN in ch.qos.logback.classic.LoggerContext[default] - Resource [logback.xml] occurs multiple times on the classpath.
17:35:09,181 |-WARN in ch.qos.logback.classic.LoggerContext[default] - Resource [logback.xml] occurs at [jar:file:/root/flamestream/lib/flamestream-runtime-1.0-SNAPSHOT.jar!/logback.xml]
17:35:09,181 |-WARN in ch.qos.logback.classic.LoggerContext[default] - Resource [logback.xml] occurs at [jar:file:/root/flamestream/flamestream-runtime-1.0-SNAPSHOT.jar!/logback.xml]
17:35:09,201 |-INFO in ch.qos.logback.core.joran.spi.ConfigurationWatchList@3fb6a447 - URL [jar:file:/root/flamestream/lib/flamestream-runtime-1.0-SNAPSHOT.jar!/logback.xml] is not of type file
17:35:09,267 |-INFO in ch.qos.logback.classic.joran.action.ConfigurationAction - debug attribute not set
17:35:09,268 |-INFO in ch.qos.logback.core.joran.action.AppenderAction - About to instantiate appender of type [ch.qos.logback.core.ConsoleAppender]
17:35:09,286 |-INFO in ch.qos.logback.core.joran.action.AppenderAction - Naming appender as [STDOUT]
17:35:09,304 |-INFO in ch.qos.logback.core.joran.action.NestedComplexPropertyIA - Assuming default type [ch.qos.logback.classic.encoder.PatternLayoutEncoder] for [encoder] property
17:35:09,390 |-INFO in ch.qos.logback.core.joran.action.AppenderAction - About to instantiate appender of type [ch.qos.logback.core.rolling.RollingFileAppender]
17:35:09,396 |-INFO in ch.qos.logback.core.joran.action.AppenderAction - Naming appender as [FILE]
17:35:09,427 |-INFO in c.q.l.core.rolling.TimeBasedRollingPolicy@127618319 - No compression will be used
17:35:09,428 |-INFO in c.q.l.core.rolling.TimeBasedRollingPolicy@127618319 - Will use the pattern /tmp/application_%d{yyyy-MM-dd}.%i.log for the active file
17:35:09,431 |-INFO in ch.qos.logback.core.rolling.SizeAndTimeBasedFNATP@6b2fad11 - The date pattern is 'yyyy-MM-dd' from file name pattern '/tmp/application_%d{yyyy-MM-dd}.%i.log'.
17:35:09,431 |-INFO in ch.qos.logback.core.rolling.SizeAndTimeBasedFNATP@6b2fad11 - Roll-over at midnight.
17:35:09,436 |-INFO in ch.qos.logback.core.rolling.SizeAndTimeBasedFNATP@6b2fad11 - Setting initial period to Mon Jun 10 17:33:40 UTC 2019
17:35:09,436 |-WARN in ch.qos.logback.core.rolling.SizeAndTimeBasedFNATP@6b2fad11 - SizeAndTimeBasedFNATP is deprecated. Use SizeAndTimeBasedRollingPolicy instead
17:35:09,436 |-WARN in ch.qos.logback.core.rolling.SizeAndTimeBasedFNATP@6b2fad11 - For more information see http://logback.qos.ch/manual/appenders.html#SizeAndTimeBasedRollingPolicy
17:35:09,440 |-INFO in ch.qos.logback.core.joran.action.NestedComplexPropertyIA - Assuming default type [ch.qos.logback.classic.encoder.PatternLayoutEncoder] for [encoder] property
17:35:09,445 |-INFO in ch.qos.logback.core.rolling.RollingFileAppender[FILE] - Active log file name: /tmp/application.log
17:35:09,445 |-INFO in ch.qos.logback.core.rolling.RollingFileAppender[FILE] - File property is set to [/tmp/application.log]
17:35:09,446 |-INFO in ch.qos.logback.classic.joran.action.RootLoggerAction - Setting level of ROOT logger to WARN
17:35:09,446 |-INFO in ch.qos.logback.core.joran.action.AppenderRefAction - Attaching appender named [STDOUT] to Logger[ROOT]
17:35:09,448 |-INFO in ch.qos.logback.core.joran.action.AppenderRefAction - Attaching appender named [FILE] to Logger[ROOT]
17:35:09,448 |-INFO in ch.qos.logback.classic.joran.action.ConfigurationAction - End of configuration.
17:35:09,449 |-INFO in ch.qos.logback.classic.joran.JoranConfigurator@79698539 - Registering current configuration as safe fallback point

Ama winner
Ama winner
2019-06-10T17:35:10.710+0000: 1.712: [Full GC (Metadata GC Threshold) 2019-06-10T17:35:10.710+0000: 1.712: [Tenured: 0K->15176K(341376K), 0.0402718 secs] 114988K->15176K(494976K), [Metaspace: 20736K->20736K(1067008K)], 0.0403361 secs] [Times: user=0.04 sys=0.00, real=0.04 secs] 
17:35:24.777 [Curator-PathChildrenCache-1] WARN  o.a.c.u.ZKPaths  - The version of ZooKeeper being used doesn't support Container nodes. CreateMode.PERSISTENT will be used instead.
2019-06-10T17:35:26.991+0000: 17.993: [GC (Allocation Failure) 2019-06-10T17:35:26.991+0000: 17.993: [DefNew: 136576K->17023K(153600K), 0.0256159 secs] 151752K->52529K(494976K), 0.0256993 secs] [Times: user=0.02 sys=0.01, real=0.03 secs] 
2019-06-10T17:35:28.157+0000: 19.160: [Full GC (Metadata GC Threshold) 2019-06-10T17:35:28.158+0000: 19.160: [Tenured: 35505K->44048K(341376K), 0.0624177 secs] 79054K->44048K(494976K), [Metaspace: 34572K->34572K(1079296K)], 0.0624925 secs] [Times: user=0.06 sys=0.00, real=0.06 secs] 
2019-06-10T17:35:35.350+0000: 26.352: [GC (Allocation Failure) 2019-06-10T17:35:35.350+0000: 26.352: [DefNew: 136576K->69K(153600K), 0.0018646 secs] 180624K->44118K(494976K), 0.0019238 secs] [Times: user=0.00 sys=0.00, real=0.00 secs] 
2019-06-10T17:35:42.449+0000: 33.451: [GC (Allocation Failure) 2019-06-10T17:35:42.449+0000: 33.451: [DefNew: 136645K->76K(153600K), 0.0017203 secs] 180694K->44125K(494976K), 0.0017756 secs] [Times: user=0.00 sys=0.00, real=0.00 secs] 
2019-06-10T17:35:49.567+0000: 40.569: [GC (Allocation Failure) 2019-06-10T17:35:49.567+0000: 40.569: [DefNew: 136652K->71K(153600K), 0.0017553 secs] 180701K->44120K(494976K), 0.0018311 secs] [Times: user=0.00 sys=0.00, real=0.00 secs] 
2019-06-10T17:35:56.702+0000: 47.704: [GC (Allocation Failure) 2019-06-10T17:35:56.702+0000: 47.704: [DefNew: 136647K->70K(153600K), 0.0018413 secs] 180696K->44119K(494976K), 0.0019021 secs] [Times: user=0.00 sys=0.00, real=0.00 secs] 
2019-06-10T17:36:03.867+0000: 54.869: [GC (Allocation Failure) 2019-06-10T17:36:03.867+0000: 54.869: [DefNew: 136646K->71K(153600K), 0.0018017 secs] 180695K->44119K(494976K), 0.0018726 secs] [Times: user=0.00 sys=0.00, real=0.00 secs] 
17:36:14.230 [Curator-PathChildrenCache-0] ERROR o.a.c.f.r.c.PathChildrenCache  - 
java.lang.IllegalStateException: instance must be started before calling this method
	at org.apache.curator.shaded.com.google.common.base.Preconditions.checkState(Preconditions.java:444)
	at org.apache.curator.framework.imps.CuratorFrameworkImpl.getChildren(CuratorFrameworkImpl.java:456)
	at org.apache.curator.framework.recipes.cache.PathChildrenCache.refresh(PathChildrenCache.java:521)
	at org.apache.curator.framework.recipes.cache.RefreshOperation.invoke(RefreshOperation.java:35)
	at org.apache.curator.framework.recipes.cache.PathChildrenCache$9.run(PathChildrenCache.java:786)
	at java.util.concurrent.Executors$RunnableAdapter.call(Executors.java:511)
	at java.util.concurrent.FutureTask.run(FutureTask.java:266)
	at java.util.concurrent.Executors$RunnableAdapter.call(Executors.java:511)
	at java.util.concurrent.FutureTask.run(FutureTask.java:266)
	at java.util.concurrent.ThreadPoolExecutor.runWorker(ThreadPoolExecutor.java:1149)
	at java.util.concurrent.ThreadPoolExecutor$Worker.run(ThreadPoolExecutor.java:624)
	at java.lang.Thread.run(Thread.java:748)
Heap
 def new generation   total 153600K, used 129039K [0x00000000e0c00000, 0x00000000eb2a0000, 0x00000000eb2a0000)
  eden space 136576K,  94% used [0x00000000e0c00000, 0x00000000e89f2198, 0x00000000e9160000)
  from space 17024K,   0% used [0x00000000e9160000, 0x00000000e9171c60, 0x00000000ea200000)
  to   space 17024K,   0% used [0x00000000ea200000, 0x00000000ea200000, 0x00000000eb2a0000)
 tenured generation   total 341376K, used 44048K [0x00000000eb2a0000, 0x0000000100000000, 0x0000000100000000)
   the space 341376K,  12% used [0x00000000eb2a0000, 0x00000000edda4338, 0x00000000edda4400, 0x0000000100000000)
 Metaspace       used 36230K, capacity 37126K, committed 37376K, reserved 1081344K
  class space    used 4867K, capacity 5075K, committed 5120K, reserved 1048576K
