13:25:52,184 |-INFO in ch.qos.logback.classic.LoggerContext[default] - Could NOT find resource [logback-test.xml]
13:25:52,184 |-INFO in ch.qos.logback.classic.LoggerContext[default] - Could NOT find resource [logback.groovy]
13:25:52,184 |-INFO in ch.qos.logback.classic.LoggerContext[default] - Found resource [logback.xml] at [jar:file:/root/flamestream/lib/flamestream-runtime-1.0-SNAPSHOT.jar!/logback.xml]
13:25:52,185 |-WARN in ch.qos.logback.classic.LoggerContext[default] - Resource [logback.xml] occurs multiple times on the classpath.
13:25:52,185 |-WARN in ch.qos.logback.classic.LoggerContext[default] - Resource [logback.xml] occurs at [jar:file:/root/flamestream/lib/flamestream-runtime-1.0-SNAPSHOT.jar!/logback.xml]
13:25:52,185 |-WARN in ch.qos.logback.classic.LoggerContext[default] - Resource [logback.xml] occurs at [jar:file:/root/flamestream/flamestream-runtime-1.0-SNAPSHOT.jar!/logback.xml]
13:25:52,205 |-INFO in ch.qos.logback.core.joran.spi.ConfigurationWatchList@3fb6a447 - URL [jar:file:/root/flamestream/lib/flamestream-runtime-1.0-SNAPSHOT.jar!/logback.xml] is not of type file
13:25:52,273 |-INFO in ch.qos.logback.classic.joran.action.ConfigurationAction - debug attribute not set
13:25:52,274 |-INFO in ch.qos.logback.core.joran.action.AppenderAction - About to instantiate appender of type [ch.qos.logback.core.ConsoleAppender]
13:25:52,289 |-INFO in ch.qos.logback.core.joran.action.AppenderAction - Naming appender as [STDOUT]
13:25:52,309 |-INFO in ch.qos.logback.core.joran.action.NestedComplexPropertyIA - Assuming default type [ch.qos.logback.classic.encoder.PatternLayoutEncoder] for [encoder] property
13:25:52,392 |-INFO in ch.qos.logback.core.joran.action.AppenderAction - About to instantiate appender of type [ch.qos.logback.core.rolling.RollingFileAppender]
13:25:52,397 |-INFO in ch.qos.logback.core.joran.action.AppenderAction - Naming appender as [FILE]
13:25:52,427 |-INFO in c.q.l.core.rolling.TimeBasedRollingPolicy@127618319 - No compression will be used
13:25:52,429 |-INFO in c.q.l.core.rolling.TimeBasedRollingPolicy@127618319 - Will use the pattern /tmp/application_%d{yyyy-MM-dd}.%i.log for the active file
13:25:52,432 |-INFO in ch.qos.logback.core.rolling.SizeAndTimeBasedFNATP@6b2fad11 - The date pattern is 'yyyy-MM-dd' from file name pattern '/tmp/application_%d{yyyy-MM-dd}.%i.log'.
13:25:52,432 |-INFO in ch.qos.logback.core.rolling.SizeAndTimeBasedFNATP@6b2fad11 - Roll-over at midnight.
13:25:52,437 |-INFO in ch.qos.logback.core.rolling.SizeAndTimeBasedFNATP@6b2fad11 - Setting initial period to Mon Jun 10 13:24:33 UTC 2019
13:25:52,437 |-WARN in ch.qos.logback.core.rolling.SizeAndTimeBasedFNATP@6b2fad11 - SizeAndTimeBasedFNATP is deprecated. Use SizeAndTimeBasedRollingPolicy instead
13:25:52,437 |-WARN in ch.qos.logback.core.rolling.SizeAndTimeBasedFNATP@6b2fad11 - For more information see http://logback.qos.ch/manual/appenders.html#SizeAndTimeBasedRollingPolicy
13:25:52,441 |-INFO in ch.qos.logback.core.joran.action.NestedComplexPropertyIA - Assuming default type [ch.qos.logback.classic.encoder.PatternLayoutEncoder] for [encoder] property
13:25:52,446 |-INFO in ch.qos.logback.core.rolling.RollingFileAppender[FILE] - Active log file name: /tmp/application.log
13:25:52,446 |-INFO in ch.qos.logback.core.rolling.RollingFileAppender[FILE] - File property is set to [/tmp/application.log]
13:25:52,447 |-INFO in ch.qos.logback.classic.joran.action.RootLoggerAction - Setting level of ROOT logger to WARN
13:25:52,447 |-INFO in ch.qos.logback.core.joran.action.AppenderRefAction - Attaching appender named [STDOUT] to Logger[ROOT]
13:25:52,449 |-INFO in ch.qos.logback.core.joran.action.AppenderRefAction - Attaching appender named [FILE] to Logger[ROOT]
13:25:52,449 |-INFO in ch.qos.logback.classic.joran.action.ConfigurationAction - End of configuration.
13:25:52,450 |-INFO in ch.qos.logback.classic.joran.JoranConfigurator@79698539 - Registering current configuration as safe fallback point

Ama winner
Ama winner
2019-06-10T13:25:54.063+0000: 2.063: [Full GC (Metadata GC Threshold) 2019-06-10T13:25:54.063+0000: 2.063: [Tenured: 0K->15240K(341376K), 0.0384249 secs] 117718K->15240K(494976K), [Metaspace: 20737K->20737K(1067008K)], 0.0384923 secs] [Times: user=0.04 sys=0.00, real=0.04 secs] 
13:26:10.609 [Curator-PathChildrenCache-1] WARN  o.a.c.u.ZKPaths  - The version of ZooKeeper being used doesn't support Container nodes. CreateMode.PERSISTENT will be used instead.
2019-06-10T13:26:13.134+0000: 21.134: [GC (Allocation Failure) 2019-06-10T13:26:13.134+0000: 21.134: [DefNew: 136576K->17023K(153600K), 0.0265928 secs] 151816K->52938K(494976K), 0.0266924 secs] [Times: user=0.02 sys=0.01, real=0.02 secs] 
2019-06-10T13:26:14.435+0000: 22.436: [Full GC (Metadata GC Threshold) 2019-06-10T13:26:14.435+0000: 22.436: [Tenured: 35914K->44782K(341376K), 0.0419827 secs] 81940K->44782K(494976K), [Metaspace: 34605K->34605K(1079296K)], 0.0420593 secs] [Times: user=0.04 sys=0.01, real=0.04 secs] 
2019-06-10T13:26:21.444+0000: 29.445: [GC (Allocation Failure) 2019-06-10T13:26:21.444+0000: 29.445: [DefNew: 136576K->68K(153600K), 0.0018508 secs] 181358K->44851K(494976K), 0.0019086 secs] [Times: user=0.00 sys=0.00, real=0.00 secs] 
2019-06-10T13:26:28.306+0000: 36.307: [GC (Allocation Failure) 2019-06-10T13:26:28.306+0000: 36.307: [DefNew: 136644K->136K(153600K), 0.0017737 secs] 181427K->44918K(494976K), 0.0018663 secs] [Times: user=0.00 sys=0.00, real=0.00 secs] 
2019-06-10T13:26:35.185+0000: 43.185: [GC (Allocation Failure) 2019-06-10T13:26:35.185+0000: 43.185: [DefNew: 136712K->165K(153600K), 0.0018391 secs] 181494K->44948K(494976K), 0.0019014 secs] [Times: user=0.01 sys=0.00, real=0.00 secs] 
2019-06-10T13:26:42.099+0000: 50.100: [GC (Allocation Failure) 2019-06-10T13:26:42.099+0000: 50.100: [DefNew: 136741K->165K(153600K), 0.0017522 secs] 181524K->44948K(494976K), 0.0018126 secs] [Times: user=0.00 sys=0.00, real=0.00 secs] 
2019-06-10T13:26:49.016+0000: 57.016: [GC (Allocation Failure) 2019-06-10T13:26:49.016+0000: 57.016: [DefNew: 136741K->168K(153600K), 0.0017949 secs] 181524K->44950K(494976K), 0.0018548 secs] [Times: user=0.00 sys=0.00, real=0.00 secs] 
13:27:02.237 [Curator-PathChildrenCache-0] ERROR o.a.c.f.r.c.PathChildrenCache  - 
java.lang.IllegalStateException: instance must be started before calling this method
	at org.apache.curator.shaded.com.google.common.base.Preconditions.checkState(Preconditions.java:444)
	at org.apache.curator.framework.imps.CuratorFrameworkImpl.getChildren(CuratorFrameworkImpl.java:456)
	at org.apache.curator.framework.recipes.cache.PathChildrenCache.refresh(PathChildrenCache.java:521)
	at org.apache.curator.framework.recipes.cache.RefreshOperation.invoke(RefreshOperation.java:35)
	at org.apache.curator.framework.recipes.cache.PathChildrenCache$9.run(PathChildrenCache.java:786)
	at java.util.concurrent.Executors$RunnableAdapter.call(Executors.java:511)
	at java.util.concurrent.FutureTask.run(FutureTask.java:266)
	at java.util.concurrent.Executors$RunnableAdapter.call(Executors.java:511)
	at java.util.concurrent.FutureTask.run(FutureTask.java:266)
	at java.util.concurrent.ThreadPoolExecutor.runWorker(ThreadPoolExecutor.java:1149)
	at java.util.concurrent.ThreadPoolExecutor$Worker.run(ThreadPoolExecutor.java:624)
	at java.lang.Thread.run(Thread.java:748)
Heap
 def new generation   total 153600K, used 135873K [0x00000000e0c00000, 0x00000000eb2a0000, 0x00000000eb2a0000)
  eden space 136576K,  99% used [0x00000000e0c00000, 0x00000000e9086498, 0x00000000e9160000)
  from space 17024K,   0% used [0x00000000e9160000, 0x00000000e918a1d8, 0x00000000ea200000)
  to   space 17024K,   0% used [0x00000000ea200000, 0x00000000ea200000, 0x00000000eb2a0000)
 tenured generation   total 341376K, used 44782K [0x00000000eb2a0000, 0x0000000100000000, 0x0000000100000000)
   the space 341376K,  13% used [0x00000000eb2a0000, 0x00000000ede5b9b8, 0x00000000ede5ba00, 0x0000000100000000)
 Metaspace       used 36124K, capacity 37002K, committed 37120K, reserved 1081344K
  class space    used 4869K, capacity 5075K, committed 5120K, reserved 1048576K
