23:55:14,815 |-INFO in ch.qos.logback.classic.LoggerContext[default] - Could NOT find resource [logback-test.xml]
23:55:14,815 |-INFO in ch.qos.logback.classic.LoggerContext[default] - Could NOT find resource [logback.groovy]
23:55:14,815 |-INFO in ch.qos.logback.classic.LoggerContext[default] - Found resource [logback.xml] at [jar:file:/home/nikitasokolov/flamestream/lib/flamestream-runtime-1.0-SNAPSHOT.jar!/logback.xml]
23:55:14,816 |-WARN in ch.qos.logback.classic.LoggerContext[default] - Resource [logback.xml] occurs multiple times on the classpath.
23:55:14,816 |-WARN in ch.qos.logback.classic.LoggerContext[default] - Resource [logback.xml] occurs at [jar:file:/home/nikitasokolov/flamestream/lib/flamestream-runtime-1.0-SNAPSHOT.jar!/logback.xml]
23:55:14,816 |-WARN in ch.qos.logback.classic.LoggerContext[default] - Resource [logback.xml] occurs at [jar:file:/home/nikitasokolov/flamestream/flamestream-runtime-1.0-SNAPSHOT.jar!/logback.xml]
23:55:14,832 |-INFO in ch.qos.logback.core.joran.spi.ConfigurationWatchList@6108b2d7 - URL [jar:file:/home/nikitasokolov/flamestream/lib/flamestream-runtime-1.0-SNAPSHOT.jar!/logback.xml] is not of type file
23:55:14,882 |-INFO in ch.qos.logback.classic.joran.action.ConfigurationAction - debug attribute not set
23:55:14,882 |-INFO in ch.qos.logback.core.joran.action.AppenderAction - About to instantiate appender of type [ch.qos.logback.core.ConsoleAppender]
23:55:14,890 |-INFO in ch.qos.logback.core.joran.action.AppenderAction - Naming appender as [STDOUT]
23:55:14,898 |-INFO in ch.qos.logback.core.joran.action.NestedComplexPropertyIA - Assuming default type [ch.qos.logback.classic.encoder.PatternLayoutEncoder] for [encoder] property
23:55:14,955 |-INFO in ch.qos.logback.core.joran.action.AppenderAction - About to instantiate appender of type [ch.qos.logback.core.rolling.RollingFileAppender]
23:55:14,960 |-INFO in ch.qos.logback.core.joran.action.AppenderAction - Naming appender as [FILE]
23:55:14,982 |-INFO in c.q.l.core.rolling.TimeBasedRollingPolicy@357863579 - No compression will be used
23:55:14,983 |-INFO in c.q.l.core.rolling.TimeBasedRollingPolicy@357863579 - Will use the pattern /tmp/application_%d{yyyy-MM-dd}.%i.log for the active file
23:55:14,986 |-INFO in ch.qos.logback.core.rolling.SizeAndTimeBasedFNATP@6bf256fa - The date pattern is 'yyyy-MM-dd' from file name pattern '/tmp/application_%d{yyyy-MM-dd}.%i.log'.
23:55:14,986 |-INFO in ch.qos.logback.core.rolling.SizeAndTimeBasedFNATP@6bf256fa - Roll-over at midnight.
23:55:14,990 |-INFO in ch.qos.logback.core.rolling.SizeAndTimeBasedFNATP@6bf256fa - Setting initial period to Sat Jun 08 23:54:25 MSK 2019
23:55:14,990 |-WARN in ch.qos.logback.core.rolling.SizeAndTimeBasedFNATP@6bf256fa - SizeAndTimeBasedFNATP is deprecated. Use SizeAndTimeBasedRollingPolicy instead
23:55:14,990 |-WARN in ch.qos.logback.core.rolling.SizeAndTimeBasedFNATP@6bf256fa - For more information see http://logback.qos.ch/manual/appenders.html#SizeAndTimeBasedRollingPolicy
23:55:14,995 |-INFO in ch.qos.logback.core.joran.action.NestedComplexPropertyIA - Assuming default type [ch.qos.logback.classic.encoder.PatternLayoutEncoder] for [encoder] property
23:55:14,998 |-INFO in ch.qos.logback.core.rolling.RollingFileAppender[FILE] - Active log file name: /tmp/application.log
23:55:14,998 |-INFO in ch.qos.logback.core.rolling.RollingFileAppender[FILE] - File property is set to [/tmp/application.log]
23:55:14,999 |-INFO in ch.qos.logback.classic.joran.action.RootLoggerAction - Setting level of ROOT logger to WARN
23:55:14,999 |-INFO in ch.qos.logback.core.joran.action.AppenderRefAction - Attaching appender named [STDOUT] to Logger[ROOT]
23:55:14,999 |-INFO in ch.qos.logback.core.joran.action.AppenderRefAction - Attaching appender named [FILE] to Logger[ROOT]
23:55:14,999 |-INFO in ch.qos.logback.classic.joran.action.ConfigurationAction - End of configuration.
23:55:15,000 |-INFO in ch.qos.logback.classic.joran.JoranConfigurator@6cd8737 - Registering current configuration as safe fallback point

2019-06-08T23:55:15.992+0300: 1.383: [GC (Metadata GC Threshold) [PSYoungGen: 110722K->15892K(149504K)] 110722K->15972K(491008K), 0.0193596 secs] [Times: user=0.07 sys=0.02, real=0.02 secs] 
2019-06-08T23:55:16.011+0300: 1.402: [Full GC (Metadata GC Threshold) [PSYoungGen: 15892K->0K(149504K)] [ParOldGen: 80K->15078K(341504K)] 15972K->15078K(491008K), [Metaspace: 20802K->20802K(1067008K)], 0.0298708 secs] [Times: user=0.19 sys=0.02, real=0.03 secs] 
23:55:26.903 [Curator-PathChildrenCache-1] WARN  o.a.c.u.ZKPaths  - The version of ZooKeeper being used doesn't support Container nodes. CreateMode.PERSISTENT will be used instead.
2019-06-08T23:55:27.863+0300: 13.254: [GC (Metadata GC Threshold) [PSYoungGen: 127319K->15980K(149504K)] 142398K->50597K(491008K), 0.0261678 secs] [Times: user=0.19 sys=0.02, real=0.03 secs] 
2019-06-08T23:55:27.890+0300: 13.280: [Full GC (Metadata GC Threshold) [PSYoungGen: 15980K->0K(149504K)] [ParOldGen: 34617K->39055K(341504K)] 50597K->39055K(491008K), [Metaspace: 34569K->34569K(1079296K)], 0.0483480 secs] [Times: user=0.22 sys=0.02, real=0.05 secs] 
2019-06-08T23:55:30.386+0300: 15.777: [GC (Allocation Failure) [PSYoungGen: 128512K->544K(149504K)] 167567K->39607K(491008K), 0.0042165 secs] [Times: user=0.03 sys=0.00, real=0.01 secs] 
2019-06-08T23:55:33.425+0300: 18.816: [GC (Allocation Failure) [PSYoungGen: 129056K->512K(149504K)] 168119K->39583K(491008K), 0.0041356 secs] [Times: user=0.02 sys=0.01, real=0.00 secs] 
2019-06-08T23:55:36.455+0300: 21.846: [GC (Allocation Failure) [PSYoungGen: 129024K->576K(129536K)] 168095K->39647K(471040K), 0.0037943 secs] [Times: user=0.02 sys=0.00, real=0.01 secs] 
2019-06-08T23:55:39.462+0300: 24.853: [GC (Allocation Failure) [PSYoungGen: 129088K->640K(150016K)] 168159K->39711K(491520K), 0.0038441 secs] [Times: user=0.03 sys=0.00, real=0.00 secs] 
2019-06-08T23:55:42.527+0300: 27.917: [GC (Allocation Failure) [PSYoungGen: 129152K->608K(148992K)] 168223K->39687K(490496K), 0.0038424 secs] [Times: user=0.02 sys=0.00, real=0.01 secs] 
2019-06-08T23:55:45.589+0300: 30.980: [GC (Allocation Failure) [PSYoungGen: 129120K->576K(151552K)] 168199K->39663K(493056K), 0.0027773 secs] [Times: user=0.01 sys=0.00, real=0.01 secs] 
2019-06-08T23:55:48.727+0300: 34.190: [GC (Allocation Failure) [PSYoungGen: 132160K->576K(150528K)] 171247K->39671K(492032K), 0.0825172 secs] [Times: user=0.11 sys=0.01, real=0.09 secs] 
2019-06-08T23:55:51.859+0300: 37.250: [GC (Allocation Failure) [PSYoungGen: 132160K->704K(153088K)] 171255K->39807K(494592K), 0.0044438 secs] [Times: user=0.03 sys=0.00, real=0.00 secs] 
2019-06-08T23:55:55.074+0300: 40.465: [GC (Allocation Failure) [PSYoungGen: 135872K->672K(152576K)] 174975K->39775K(494080K), 0.0035388 secs] [Times: user=0.01 sys=0.01, real=0.01 secs] 
2019-06-08T23:55:58.313+0300: 43.704: [GC (Allocation Failure) [PSYoungGen: 135840K->608K(154624K)] 174943K->39719K(496128K), 0.0026515 secs] [Times: user=0.01 sys=0.01, real=0.00 secs] 
2019-06-08T23:56:01.586+0300: 46.977: [GC (Allocation Failure) [PSYoungGen: 138848K->704K(154112K)] 177959K->39815K(495616K), 0.0029907 secs] [Times: user=0.02 sys=0.00, real=0.00 secs] 
2019-06-08T23:56:04.870+0300: 50.261: [GC (Allocation Failure) [PSYoungGen: 138944K->704K(156672K)] 178055K->39815K(498176K), 0.0047469 secs] [Times: user=0.02 sys=0.01, real=0.00 secs] 
2019-06-08T23:56:08.246+0300: 53.637: [GC (Allocation Failure) [PSYoungGen: 142528K->640K(155648K)] 181639K->39759K(497152K), 0.0031587 secs] [Times: user=0.01 sys=0.00, real=0.00 secs] 
2019-06-08T23:56:11.609+0300: 57.000: [GC (Allocation Failure) [PSYoungGen: 142464K->768K(158208K)] 181583K->39887K(499712K), 0.0027671 secs] [Times: user=0.01 sys=0.00, real=0.01 secs] 
2019-06-08T23:56:15.104+0300: 60.494: [GC (Allocation Failure) [PSYoungGen: 145664K->864K(157184K)] 184783K->39983K(498688K), 0.0832151 secs] [Times: user=0.02 sys=0.00, real=0.08 secs] 
2019-06-08T23:56:19.082+0300: 64.473: [GC (Allocation Failure) [PSYoungGen: 145760K->951K(159232K)] 184879K->40382K(500736K), 0.0038294 secs] [Times: user=0.02 sys=0.00, real=0.00 secs] 
2019-06-08T23:56:23.562+0300: 68.953: [GC (Allocation Failure) [PSYoungGen: 148407K->640K(158720K)] 187838K->40127K(500224K), 0.0032075 secs] [Times: user=0.01 sys=0.00, real=0.00 secs] 
23:56:35.712 [Curator-PathChildrenCache-0] ERROR o.a.c.f.r.c.PathChildrenCache  - 
java.lang.IllegalStateException: instance must be started before calling this method
	at org.apache.curator.shaded.com.google.common.base.Preconditions.checkState(Preconditions.java:444)
	at org.apache.curator.framework.imps.CuratorFrameworkImpl.getChildren(CuratorFrameworkImpl.java:456)
	at org.apache.curator.framework.recipes.cache.PathChildrenCache.refresh(PathChildrenCache.java:521)
	at org.apache.curator.framework.recipes.cache.RefreshOperation.invoke(RefreshOperation.java:35)
	at org.apache.curator.framework.recipes.cache.PathChildrenCache$9.run(PathChildrenCache.java:786)
	at java.util.concurrent.Executors$RunnableAdapter.call(Executors.java:511)
	at java.util.concurrent.FutureTask.run(FutureTask.java:266)
	at java.util.concurrent.Executors$RunnableAdapter.call(Executors.java:511)
	at java.util.concurrent.FutureTask.run(FutureTask.java:266)
	at java.util.concurrent.ThreadPoolExecutor.runWorker(ThreadPoolExecutor.java:1149)
	at java.util.concurrent.ThreadPoolExecutor$Worker.run(ThreadPoolExecutor.java:624)
	at java.lang.Thread.run(Thread.java:748)
Heap
 PSYoungGen      total 158720K, used 29098K [0x00000000f5980000, 0x0000000100000000, 0x0000000100000000)
  eden space 147456K, 19% used [0x00000000f5980000,0x00000000f754ab28,0x00000000fe980000)
  from space 11264K, 5% used [0x00000000fe980000,0x00000000fea20090,0x00000000ff480000)
  to   space 10240K, 0% used [0x00000000ff600000,0x00000000ff600000,0x0000000100000000)
 ParOldGen       total 341504K, used 39487K [0x00000000e0c00000, 0x00000000f5980000, 0x00000000f5980000)
  object space 341504K, 11% used [0x00000000e0c00000,0x00000000e328fd40,0x00000000f5980000)
 Metaspace       used 36133K, capacity 36966K, committed 37208K, reserved 1081344K
  class space    used 4978K, capacity 5161K, committed 5248K, reserved 1048576K
