23:03:43,168 |-INFO in ch.qos.logback.classic.LoggerContext[default] - Could NOT find resource [logback-test.xml]
23:03:43,169 |-INFO in ch.qos.logback.classic.LoggerContext[default] - Could NOT find resource [logback.groovy]
23:03:43,169 |-INFO in ch.qos.logback.classic.LoggerContext[default] - Found resource [logback.xml] at [jar:file:/home/nikitasokolov/flamestream/lib/flamestream-runtime-1.0-SNAPSHOT.jar!/logback.xml]
23:03:43,169 |-WARN in ch.qos.logback.classic.LoggerContext[default] - Resource [logback.xml] occurs multiple times on the classpath.
23:03:43,170 |-WARN in ch.qos.logback.classic.LoggerContext[default] - Resource [logback.xml] occurs at [jar:file:/home/nikitasokolov/flamestream/lib/flamestream-runtime-1.0-SNAPSHOT.jar!/logback.xml]
23:03:43,170 |-WARN in ch.qos.logback.classic.LoggerContext[default] - Resource [logback.xml] occurs at [jar:file:/home/nikitasokolov/flamestream/flamestream-runtime-1.0-SNAPSHOT.jar!/logback.xml]
23:03:43,185 |-INFO in ch.qos.logback.core.joran.spi.ConfigurationWatchList@6108b2d7 - URL [jar:file:/home/nikitasokolov/flamestream/lib/flamestream-runtime-1.0-SNAPSHOT.jar!/logback.xml] is not of type file
23:03:43,236 |-INFO in ch.qos.logback.classic.joran.action.ConfigurationAction - debug attribute not set
23:03:43,236 |-INFO in ch.qos.logback.core.joran.action.AppenderAction - About to instantiate appender of type [ch.qos.logback.core.ConsoleAppender]
23:03:43,244 |-INFO in ch.qos.logback.core.joran.action.AppenderAction - Naming appender as [STDOUT]
23:03:43,253 |-INFO in ch.qos.logback.core.joran.action.NestedComplexPropertyIA - Assuming default type [ch.qos.logback.classic.encoder.PatternLayoutEncoder] for [encoder] property
23:03:43,306 |-INFO in ch.qos.logback.core.joran.action.AppenderAction - About to instantiate appender of type [ch.qos.logback.core.rolling.RollingFileAppender]
23:03:43,312 |-INFO in ch.qos.logback.core.joran.action.AppenderAction - Naming appender as [FILE]
23:03:43,338 |-INFO in c.q.l.core.rolling.TimeBasedRollingPolicy@357863579 - No compression will be used
23:03:43,339 |-INFO in c.q.l.core.rolling.TimeBasedRollingPolicy@357863579 - Will use the pattern /tmp/application_%d{yyyy-MM-dd}.%i.log for the active file
23:03:43,342 |-INFO in ch.qos.logback.core.rolling.SizeAndTimeBasedFNATP@6bf256fa - The date pattern is 'yyyy-MM-dd' from file name pattern '/tmp/application_%d{yyyy-MM-dd}.%i.log'.
23:03:43,342 |-INFO in ch.qos.logback.core.rolling.SizeAndTimeBasedFNATP@6bf256fa - Roll-over at midnight.
23:03:43,346 |-INFO in ch.qos.logback.core.rolling.SizeAndTimeBasedFNATP@6bf256fa - Setting initial period to Sat Jun 08 23:02:58 MSK 2019
23:03:43,346 |-WARN in ch.qos.logback.core.rolling.SizeAndTimeBasedFNATP@6bf256fa - SizeAndTimeBasedFNATP is deprecated. Use SizeAndTimeBasedRollingPolicy instead
23:03:43,346 |-WARN in ch.qos.logback.core.rolling.SizeAndTimeBasedFNATP@6bf256fa - For more information see http://logback.qos.ch/manual/appenders.html#SizeAndTimeBasedRollingPolicy
23:03:43,351 |-INFO in ch.qos.logback.core.joran.action.NestedComplexPropertyIA - Assuming default type [ch.qos.logback.classic.encoder.PatternLayoutEncoder] for [encoder] property
23:03:43,354 |-INFO in ch.qos.logback.core.rolling.RollingFileAppender[FILE] - Active log file name: /tmp/application.log
23:03:43,354 |-INFO in ch.qos.logback.core.rolling.RollingFileAppender[FILE] - File property is set to [/tmp/application.log]
23:03:43,355 |-INFO in ch.qos.logback.classic.joran.action.RootLoggerAction - Setting level of ROOT logger to WARN
23:03:43,355 |-INFO in ch.qos.logback.core.joran.action.AppenderRefAction - Attaching appender named [STDOUT] to Logger[ROOT]
23:03:43,355 |-INFO in ch.qos.logback.core.joran.action.AppenderRefAction - Attaching appender named [FILE] to Logger[ROOT]
23:03:43,355 |-INFO in ch.qos.logback.classic.joran.action.ConfigurationAction - End of configuration.
23:03:43,356 |-INFO in ch.qos.logback.classic.joran.JoranConfigurator@6cd8737 - Registering current configuration as safe fallback point

2019-06-08T23:03:44.343+0300: 1.374: [GC (Metadata GC Threshold) [PSYoungGen: 110722K->15926K(149504K)] 110722K->16006K(491008K), 0.0210277 secs] [Times: user=0.04 sys=0.07, real=0.02 secs] 
2019-06-08T23:03:44.364+0300: 1.396: [Full GC (Metadata GC Threshold) [PSYoungGen: 15926K->0K(149504K)] [ParOldGen: 80K->15078K(341504K)] 16006K->15078K(491008K), [Metaspace: 20806K->20806K(1067008K)], 0.0273776 secs] [Times: user=0.17 sys=0.01, real=0.03 secs] 
23:03:52.592 [Curator-PathChildrenCache-1] WARN  o.a.c.u.ZKPaths  - The version of ZooKeeper being used doesn't support Container nodes. CreateMode.PERSISTENT will be used instead.
2019-06-08T23:03:53.550+0300: 10.582: [GC (Metadata GC Threshold) [PSYoungGen: 127235K->15929K(149504K)] 142314K->50547K(491008K), 0.0306320 secs] [Times: user=0.20 sys=0.05, real=0.03 secs] 
2019-06-08T23:03:53.581+0300: 10.612: [Full GC (Metadata GC Threshold) [PSYoungGen: 15929K->0K(149504K)] [ParOldGen: 34617K->39078K(341504K)] 50547K->39078K(491008K), [Metaspace: 34576K->34576K(1079296K)], 0.0399903 secs] [Times: user=0.20 sys=0.03, real=0.04 secs] 
2019-06-08T23:03:55.433+0300: 12.464: [GC (Allocation Failure) [PSYoungGen: 128512K->608K(149504K)] 167590K->39694K(491008K), 0.0030585 secs] [Times: user=0.02 sys=0.00, real=0.00 secs] 
2019-06-08T23:03:56.943+0300: 13.975: [GC (Allocation Failure) [PSYoungGen: 129120K->544K(149504K)] 168206K->39638K(491008K), 0.0036464 secs] [Times: user=0.01 sys=0.01, real=0.00 secs] 
2019-06-08T23:03:58.784+0300: 15.816: [GC (Allocation Failure) [PSYoungGen: 129056K->544K(129536K)] 168150K->39638K(471040K), 0.0033796 secs] [Times: user=0.01 sys=0.00, real=0.00 secs] 
2019-06-08T23:04:00.655+0300: 17.687: [GC (Allocation Failure) [PSYoungGen: 129056K->608K(150016K)] 168150K->39710K(491520K), 0.0045314 secs] [Times: user=0.02 sys=0.00, real=0.01 secs] 
2019-06-08T23:04:02.490+0300: 19.522: [GC (Allocation Failure) [PSYoungGen: 129120K->608K(148992K)] 168222K->39710K(490496K), 0.0028630 secs] [Times: user=0.01 sys=0.00, real=0.00 secs] 
2019-06-08T23:04:04.373+0300: 21.404: [GC (Allocation Failure) [PSYoungGen: 129120K->576K(151552K)] 168222K->39686K(493056K), 0.0036514 secs] [Times: user=0.01 sys=0.01, real=0.00 secs] 
2019-06-08T23:04:06.265+0300: 23.296: [GC (Allocation Failure) [PSYoungGen: 132160K->576K(150528K)] 171270K->39694K(492032K), 0.0038531 secs] [Times: user=0.02 sys=0.00, real=0.00 secs] 
2019-06-08T23:04:08.182+0300: 25.214: [GC (Allocation Failure) [PSYoungGen: 132160K->608K(153088K)] 171278K->39734K(494592K), 0.0029526 secs] [Times: user=0.01 sys=0.00, real=0.00 secs] 
2019-06-08T23:04:10.173+0300: 27.205: [GC (Allocation Failure) [PSYoungGen: 135776K->480K(152576K)] 174902K->39606K(494080K), 0.0563916 secs] [Times: user=0.01 sys=0.01, real=0.06 secs] 
2019-06-08T23:04:12.111+0300: 29.142: [GC (Allocation Failure) [PSYoungGen: 135648K->480K(154624K)] 174774K->39606K(496128K), 0.0032676 secs] [Times: user=0.01 sys=0.00, real=0.00 secs] 
2019-06-08T23:04:14.124+0300: 31.156: [GC (Allocation Failure) [PSYoungGen: 138720K->512K(154112K)] 177846K->39646K(495616K), 0.0029451 secs] [Times: user=0.01 sys=0.00, real=0.00 secs] 
2019-06-08T23:04:16.127+0300: 33.158: [GC (Allocation Failure) [PSYoungGen: 138752K->544K(156160K)] 177886K->39678K(497664K), 0.0030069 secs] [Times: user=0.01 sys=0.00, real=0.01 secs] 
2019-06-08T23:04:18.168+0300: 35.200: [GC (Allocation Failure) [PSYoungGen: 141856K->480K(155648K)] 180990K->39614K(497152K), 0.0030596 secs] [Times: user=0.02 sys=0.00, real=0.01 secs] 
2019-06-08T23:04:20.204+0300: 37.235: [GC (Allocation Failure) [PSYoungGen: 141792K->576K(157696K)] 180926K->39710K(499200K), 0.0029049 secs] [Times: user=0.01 sys=0.00, real=0.00 secs] 
2019-06-08T23:04:22.303+0300: 39.335: [GC (Allocation Failure) [PSYoungGen: 144960K->512K(157184K)] 184094K->39646K(498688K), 0.0046272 secs] [Times: user=0.03 sys=0.01, real=0.00 secs] 
2019-06-08T23:04:24.394+0300: 41.425: [GC (Allocation Failure) [PSYoungGen: 144896K->448K(159232K)] 184030K->39870K(500736K), 0.0028805 secs] [Times: user=0.01 sys=0.00, real=0.00 secs] 
2019-06-08T23:04:26.521+0300: 43.552: [GC (Allocation Failure) [PSYoungGen: 147904K->384K(158720K)] 187326K->39854K(500224K), 0.0032216 secs] [Times: user=0.01 sys=0.01, real=0.00 secs] 
2019-06-08T23:04:28.666+0300: 45.697: [GC (Allocation Failure) [PSYoungGen: 147840K->288K(160768K)] 187310K->39854K(502272K), 0.0019759 secs] [Times: user=0.01 sys=0.00, real=0.00 secs] 
23:04:34.851 [Curator-PathChildrenCache-0] ERROR o.a.c.f.r.c.PathChildrenCache  - 
java.lang.IllegalStateException: instance must be started before calling this method
	at org.apache.curator.shaded.com.google.common.base.Preconditions.checkState(Preconditions.java:444)
	at org.apache.curator.framework.imps.CuratorFrameworkImpl.getChildren(CuratorFrameworkImpl.java:456)
	at org.apache.curator.framework.recipes.cache.PathChildrenCache.refresh(PathChildrenCache.java:521)
	at org.apache.curator.framework.recipes.cache.RefreshOperation.invoke(RefreshOperation.java:35)
	at org.apache.curator.framework.recipes.cache.PathChildrenCache$9.run(PathChildrenCache.java:786)
	at java.util.concurrent.Executors$RunnableAdapter.call(Executors.java:511)
	at java.util.concurrent.FutureTask.run(FutureTask.java:266)
	at java.util.concurrent.Executors$RunnableAdapter.call(Executors.java:511)
	at java.util.concurrent.FutureTask.run(FutureTask.java:266)
	at java.util.concurrent.ThreadPoolExecutor.runWorker(ThreadPoolExecutor.java:1149)
	at java.util.concurrent.ThreadPoolExecutor$Worker.run(ThreadPoolExecutor.java:624)
	at java.lang.Thread.run(Thread.java:748)
Heap
 PSYoungGen      total 160768K, used 93086K [0x00000000f5980000, 0x0000000100000000, 0x0000000100000000)
  eden space 150016K, 61% used [0x00000000f5980000,0x00000000fb41f828,0x00000000fec00000)
  from space 10752K, 2% used [0x00000000ff580000,0x00000000ff5c8010,0x0000000100000000)
  to   space 9728K, 0% used [0x00000000fec00000,0x00000000fec00000,0x00000000ff580000)
 ParOldGen       total 341504K, used 39566K [0x00000000e0c00000, 0x00000000f5980000, 0x00000000f5980000)
  object space 341504K, 11% used [0x00000000e0c00000,0x00000000e32a3ae8,0x00000000f5980000)
 Metaspace       used 35806K, capacity 36678K, committed 36952K, reserved 1081344K
  class space    used 4936K, capacity 5129K, committed 5248K, reserved 1048576K
