23:23:58,555 |-INFO in ch.qos.logback.classic.LoggerContext[default] - Could NOT find resource [logback-test.xml]
23:23:58,555 |-INFO in ch.qos.logback.classic.LoggerContext[default] - Could NOT find resource [logback.groovy]
23:23:58,555 |-INFO in ch.qos.logback.classic.LoggerContext[default] - Found resource [logback.xml] at [jar:file:/home/nikitasokolov/flamestream/lib/flamestream-runtime-1.0-SNAPSHOT.jar!/logback.xml]
23:23:58,556 |-WARN in ch.qos.logback.classic.LoggerContext[default] - Resource [logback.xml] occurs multiple times on the classpath.
23:23:58,556 |-WARN in ch.qos.logback.classic.LoggerContext[default] - Resource [logback.xml] occurs at [jar:file:/home/nikitasokolov/flamestream/lib/flamestream-runtime-1.0-SNAPSHOT.jar!/logback.xml]
23:23:58,556 |-WARN in ch.qos.logback.classic.LoggerContext[default] - Resource [logback.xml] occurs at [jar:file:/home/nikitasokolov/flamestream/flamestream-runtime-1.0-SNAPSHOT.jar!/logback.xml]
23:23:58,571 |-INFO in ch.qos.logback.core.joran.spi.ConfigurationWatchList@6bf256fa - URL [jar:file:/home/nikitasokolov/flamestream/lib/flamestream-runtime-1.0-SNAPSHOT.jar!/logback.xml] is not of type file
23:23:58,622 |-INFO in ch.qos.logback.classic.joran.action.ConfigurationAction - debug attribute not set
23:23:58,623 |-INFO in ch.qos.logback.core.joran.action.AppenderAction - About to instantiate appender of type [ch.qos.logback.core.ConsoleAppender]
23:23:58,630 |-INFO in ch.qos.logback.core.joran.action.AppenderAction - Naming appender as [STDOUT]
23:23:58,638 |-INFO in ch.qos.logback.core.joran.action.NestedComplexPropertyIA - Assuming default type [ch.qos.logback.classic.encoder.PatternLayoutEncoder] for [encoder] property
23:23:58,693 |-INFO in ch.qos.logback.core.joran.action.AppenderAction - About to instantiate appender of type [ch.qos.logback.core.rolling.RollingFileAppender]
23:23:58,699 |-INFO in ch.qos.logback.core.joran.action.AppenderAction - Naming appender as [FILE]
23:23:58,722 |-INFO in c.q.l.core.rolling.TimeBasedRollingPolicy@114132791 - No compression will be used
23:23:58,723 |-INFO in c.q.l.core.rolling.TimeBasedRollingPolicy@114132791 - Will use the pattern /tmp/application_%d{yyyy-MM-dd}.%i.log for the active file
23:23:58,726 |-INFO in ch.qos.logback.core.rolling.SizeAndTimeBasedFNATP@22f71333 - The date pattern is 'yyyy-MM-dd' from file name pattern '/tmp/application_%d{yyyy-MM-dd}.%i.log'.
23:23:58,726 |-INFO in ch.qos.logback.core.rolling.SizeAndTimeBasedFNATP@22f71333 - Roll-over at midnight.
23:23:58,730 |-INFO in ch.qos.logback.core.rolling.SizeAndTimeBasedFNATP@22f71333 - Setting initial period to Thu Jun 06 22:00:24 MSK 2019
23:23:58,730 |-WARN in ch.qos.logback.core.rolling.SizeAndTimeBasedFNATP@22f71333 - SizeAndTimeBasedFNATP is deprecated. Use SizeAndTimeBasedRollingPolicy instead
23:23:58,730 |-WARN in ch.qos.logback.core.rolling.SizeAndTimeBasedFNATP@22f71333 - For more information see http://logback.qos.ch/manual/appenders.html#SizeAndTimeBasedRollingPolicy
23:23:58,734 |-INFO in ch.qos.logback.core.joran.action.NestedComplexPropertyIA - Assuming default type [ch.qos.logback.classic.encoder.PatternLayoutEncoder] for [encoder] property
23:23:58,736 |-INFO in ch.qos.logback.core.rolling.RollingFileAppender[FILE] - Active log file name: /tmp/application.log
23:23:58,736 |-INFO in ch.qos.logback.core.rolling.RollingFileAppender[FILE] - File property is set to [/tmp/application.log]
23:23:58,737 |-ERROR in ch.qos.logback.core.rolling.RollingFileAppender[FILE] - openFile(/tmp/application.log,true) call failed. java.io.FileNotFoundException: /tmp/application.log (Permission denied)
	at java.io.FileNotFoundException: /tmp/application.log (Permission denied)
	at 	at java.io.FileOutputStream.open0(Native Method)
	at 	at java.io.FileOutputStream.open(FileOutputStream.java:270)
	at 	at java.io.FileOutputStream.<init>(FileOutputStream.java:213)
	at 	at ch.qos.logback.core.recovery.ResilientFileOutputStream.<init>(ResilientFileOutputStream.java:26)
	at 	at ch.qos.logback.core.FileAppender.openFile(FileAppender.java:204)
	at 	at ch.qos.logback.core.FileAppender.start(FileAppender.java:127)
	at 	at ch.qos.logback.core.rolling.RollingFileAppender.start(RollingFileAppender.java:100)
	at 	at ch.qos.logback.core.joran.action.AppenderAction.end(AppenderAction.java:90)
	at 	at ch.qos.logback.core.joran.spi.Interpreter.callEndAction(Interpreter.java:309)
	at 	at ch.qos.logback.core.joran.spi.Interpreter.endElement(Interpreter.java:193)
	at 	at ch.qos.logback.core.joran.spi.Interpreter.endElement(Interpreter.java:179)
	at 	at ch.qos.logback.core.joran.spi.EventPlayer.play(EventPlayer.java:62)
	at 	at ch.qos.logback.core.joran.GenericConfigurator.doConfigure(GenericConfigurator.java:165)
	at 	at ch.qos.logback.core.joran.GenericConfigurator.doConfigure(GenericConfigurator.java:152)
	at 	at ch.qos.logback.core.joran.GenericConfigurator.doConfigure(GenericConfigurator.java:110)
	at 	at ch.qos.logback.core.joran.GenericConfigurator.doConfigure(GenericConfigurator.java:53)
	at 	at ch.qos.logback.classic.util.ContextInitializer.configureByResource(ContextInitializer.java:75)
	at 	at ch.qos.logback.classic.util.ContextInitializer.autoConfig(ContextInitializer.java:150)
	at 	at org.slf4j.impl.StaticLoggerBinder.init(StaticLoggerBinder.java:84)
	at 	at org.slf4j.impl.StaticLoggerBinder.<clinit>(StaticLoggerBinder.java:55)
	at 	at org.slf4j.LoggerFactory.bind(LoggerFactory.java:150)
	at 	at org.slf4j.LoggerFactory.performInitialization(LoggerFactory.java:124)
	at 	at org.slf4j.LoggerFactory.getILoggerFactory(LoggerFactory.java:412)
	at 	at org.slf4j.LoggerFactory.getLogger(LoggerFactory.java:357)
	at 	at org.slf4j.LoggerFactory.getLogger(LoggerFactory.java:383)
	at 	at com.spbsu.flamestream.runtime.WorkerApplication.<init>(WorkerApplication.java:26)
	at 	at com.spbsu.flamestream.runtime.WorkerApplication.main(WorkerApplication.java:68)
23:23:58,737 |-INFO in ch.qos.logback.classic.joran.action.RootLoggerAction - Setting level of ROOT logger to WARN
23:23:58,737 |-INFO in ch.qos.logback.core.joran.action.AppenderRefAction - Attaching appender named [STDOUT] to Logger[ROOT]
23:23:58,738 |-INFO in ch.qos.logback.core.joran.action.AppenderRefAction - Attaching appender named [FILE] to Logger[ROOT]
23:23:58,738 |-INFO in ch.qos.logback.classic.joran.action.ConfigurationAction - End of configuration.
23:23:58,739 |-INFO in ch.qos.logback.classic.joran.JoranConfigurator@3498ed - Registering current configuration as safe fallback point

2019-06-08T23:23:59.741+0300: 1.380: [GC (Metadata GC Threshold) [PSYoungGen: 97866K->15973K(149504K)] 97866K->16053K(491008K), 0.0234825 secs] [Times: user=0.16 sys=0.03, real=0.03 secs] 
2019-06-08T23:23:59.765+0300: 1.403: [Full GC (Metadata GC Threshold) [PSYoungGen: 15973K->0K(149504K)] [ParOldGen: 80K->15080K(341504K)] 16053K->15080K(491008K), [Metaspace: 20807K->20807K(1067008K)], 0.0248116 secs] [Times: user=0.17 sys=0.00, real=0.02 secs] 
23:24:10.943 [Curator-PathChildrenCache-2] WARN  o.a.c.u.ZKPaths  - The version of ZooKeeper being used doesn't support Container nodes. CreateMode.PERSISTENT will be used instead.
2019-06-08T23:24:11.596+0300: 13.235: [GC (Allocation Failure) [PSYoungGen: 128512K->16705K(149504K)] 143592K->51325K(491008K), 0.0806776 secs] [Times: user=0.21 sys=0.02, real=0.08 secs] 
2019-06-08T23:24:11.708+0300: 13.346: [GC (Metadata GC Threshold) [PSYoungGen: 25050K->6306K(149504K)] 59670K->40934K(491008K), 0.0034826 secs] [Times: user=0.03 sys=0.00, real=0.00 secs] 
2019-06-08T23:24:11.711+0300: 13.350: [Full GC (Metadata GC Threshold) [PSYoungGen: 6306K->0K(149504K)] [ParOldGen: 34628K->30084K(341504K)] 40934K->30084K(491008K), [Metaspace: 34445K->34444K(1079296K)], 0.0329107 secs] [Times: user=0.18 sys=0.00, real=0.04 secs] 
2019-06-08T23:24:13.626+0300: 15.265: [GC (Allocation Failure) [PSYoungGen: 128512K->640K(149504K)] 158596K->30732K(491008K), 0.0034344 secs] [Times: user=0.01 sys=0.01, real=0.00 secs] 
2019-06-08T23:24:14.880+0300: 16.519: [GC (Allocation Failure) [PSYoungGen: 129152K->736K(129536K)] 159244K->30836K(471040K), 0.0030724 secs] [Times: user=0.01 sys=0.00, real=0.01 secs] 
2019-06-08T23:24:16.170+0300: 17.808: [GC (Allocation Failure) [PSYoungGen: 129248K->640K(148480K)] 159348K->30748K(489984K), 0.0022631 secs] [Times: user=0.00 sys=0.01, real=0.00 secs] 
2019-06-08T23:24:17.084+0300: 18.723: [GC (Allocation Failure) [PSYoungGen: 126592K->1120K(147968K)] 156700K->31236K(489472K), 0.0046219 secs] [Times: user=0.04 sys=0.00, real=0.00 secs] 
2019-06-08T23:24:18.219+0300: 19.857: [GC (Allocation Failure) [PSYoungGen: 127072K->928K(150016K)] 157188K->31044K(491520K), 0.0034899 secs] [Times: user=0.02 sys=0.00, real=0.01 secs] 
2019-06-08T23:24:19.424+0300: 21.063: [GC (Allocation Failure) [PSYoungGen: 129440K->1056K(148992K)] 159556K->31180K(490496K), 0.0027270 secs] [Times: user=0.01 sys=0.01, real=0.00 secs] 
2019-06-08T23:24:20.332+0300: 21.970: [GC (Allocation Failure) [PSYoungGen: 129568K->928K(151552K)] 159692K->31060K(493056K), 0.0026244 secs] [Times: user=0.01 sys=0.00, real=0.01 secs] 
2019-06-08T23:24:21.583+0300: 23.222: [GC (Allocation Failure) [PSYoungGen: 133024K->1632K(151040K)] 163156K->31764K(492544K), 0.0033972 secs] [Times: user=0.02 sys=0.00, real=0.00 secs] 
2019-06-08T23:24:22.810+0300: 24.449: [GC (Allocation Failure) [PSYoungGen: 133728K->1344K(153088K)] 163860K->31476K(494592K), 0.0552498 secs] [Times: user=0.01 sys=0.00, real=0.06 secs] 
2019-06-08T23:24:23.922+0300: 25.560: [GC (Allocation Failure) [PSYoungGen: 136512K->992K(152576K)] 166644K->31132K(494080K), 0.0039951 secs] [Times: user=0.02 sys=0.01, real=0.01 secs] 
2019-06-08T23:24:24.728+0300: 26.367: [GC (Allocation Failure) [PSYoungGen: 136160K->1440K(155136K)] 166300K->31580K(496640K), 0.0035514 secs] [Times: user=0.02 sys=0.00, real=0.00 secs] 
2019-06-08T23:24:25.763+0300: 27.402: [GC (Allocation Failure) [PSYoungGen: 140192K->1088K(154112K)] 170332K->31228K(495616K), 0.0034769 secs] [Times: user=0.02 sys=0.00, real=0.00 secs] 
2019-06-08T23:24:27.128+0300: 28.767: [GC (Allocation Failure) [PSYoungGen: 139840K->1056K(156672K)] 169980K->31196K(498176K), 0.0031824 secs] [Times: user=0.02 sys=0.00, real=0.00 secs] 
2019-06-08T23:24:28.136+0300: 29.775: [GC (Allocation Failure) [PSYoungGen: 142880K->1120K(155648K)] 173020K->31268K(497152K), 0.0025778 secs] [Times: user=0.01 sys=0.00, real=0.00 secs] 
2019-06-08T23:24:29.216+0300: 30.854: [GC (Allocation Failure) [PSYoungGen: 142944K->1440K(158208K)] 173092K->31596K(499712K), 0.0034685 secs] [Times: user=0.01 sys=0.01, real=0.00 secs] 
2019-06-08T23:24:30.704+0300: 32.343: [GC (Allocation Failure) [PSYoungGen: 146336K->832K(157184K)] 176492K->31364K(498688K), 0.0027855 secs] [Times: user=0.02 sys=0.00, real=0.00 secs] 
2019-06-08T23:24:31.998+0300: 33.637: [GC (Allocation Failure) [PSYoungGen: 145728K->800K(159232K)] 176260K->31412K(500736K), 0.0031723 secs] [Times: user=0.01 sys=0.00, real=0.00 secs] 
2019-06-08T23:24:33.567+0300: 35.206: [GC (Allocation Failure) [PSYoungGen: 148256K->800K(158720K)] 178868K->31540K(500224K), 0.0026329 secs] [Times: user=0.02 sys=0.00, real=0.00 secs] 
23:24:40.199 [Curator-PathChildrenCache-0] ERROR o.a.c.f.r.c.PathChildrenCache  - 
java.lang.IllegalStateException: instance must be started before calling this method
	at org.apache.curator.shaded.com.google.common.base.Preconditions.checkState(Preconditions.java:444)
	at org.apache.curator.framework.imps.CuratorFrameworkImpl.getChildren(CuratorFrameworkImpl.java:456)
	at org.apache.curator.framework.recipes.cache.PathChildrenCache.refresh(PathChildrenCache.java:521)
	at org.apache.curator.framework.recipes.cache.RefreshOperation.invoke(RefreshOperation.java:35)
	at org.apache.curator.framework.recipes.cache.PathChildrenCache$9.run(PathChildrenCache.java:786)
	at java.util.concurrent.Executors$RunnableAdapter.call(Executors.java:511)
	at java.util.concurrent.FutureTask.run(FutureTask.java:266)
	at java.util.concurrent.Executors$RunnableAdapter.call(Executors.java:511)
	at java.util.concurrent.FutureTask.run(FutureTask.java:266)
	at java.util.concurrent.ThreadPoolExecutor.runWorker(ThreadPoolExecutor.java:1149)
	at java.util.concurrent.ThreadPoolExecutor$Worker.run(ThreadPoolExecutor.java:624)
	at java.lang.Thread.run(Thread.java:748)
23:24:40.291 [worker-akka.actor.default-dispatcher-4] ERROR c.s.f.r.WorkerApplication  - Something went wrong during trace flush
java.nio.file.AccessDeniedException: /tmp/trace.csv
	at sun.nio.fs.UnixException.translateToIOException(UnixException.java:84)
	at sun.nio.fs.UnixException.rethrowAsIOException(UnixException.java:102)
	at sun.nio.fs.UnixException.rethrowAsIOException(UnixException.java:107)
	at sun.nio.fs.UnixFileSystemProvider.newByteChannel(UnixFileSystemProvider.java:214)
	at java.nio.file.spi.FileSystemProvider.newOutputStream(FileSystemProvider.java:434)
	at java.nio.file.Files.newOutputStream(Files.java:216)
	at java.nio.file.Files.newBufferedWriter(Files.java:2860)
	at java.nio.file.Files.newBufferedWriter(Files.java:2896)
	at com.spbsu.flamestream.runtime.utils.tracing.Tracing.flush(Tracing.java:35)
	at com.spbsu.flamestream.runtime.WorkerApplication.lambda$run$0(WorkerApplication.java:109)
	at akka.actor.ActorSystemImpl$TerminationCallbacks$$anonfun$addRec$1$1.applyOrElse(ActorSystem.scala:1036)
	at akka.actor.ActorSystemImpl$TerminationCallbacks$$anonfun$addRec$1$1.applyOrElse(ActorSystem.scala:1036)
	at scala.concurrent.Future$$anonfun$andThen$1.apply(Future.scala:436)
	at scala.concurrent.Future$$anonfun$andThen$1.apply(Future.scala:435)
	at scala.concurrent.impl.CallbackRunnable.run(Promise.scala:36)
	at akka.dispatch.BatchingExecutor$AbstractBatch.processBatch(BatchingExecutor.scala:55)
	at akka.dispatch.BatchingExecutor$BlockableBatch$$anonfun$run$1.apply$mcV$sp(BatchingExecutor.scala:91)
	at akka.dispatch.BatchingExecutor$BlockableBatch$$anonfun$run$1.apply(BatchingExecutor.scala:91)
	at akka.dispatch.BatchingExecutor$BlockableBatch$$anonfun$run$1.apply(BatchingExecutor.scala:91)
	at scala.concurrent.BlockContext$.withBlockContext(BlockContext.scala:72)
	at akka.dispatch.BatchingExecutor$BlockableBatch.run(BatchingExecutor.scala:90)
	at akka.dispatch.TaskInvocation.run(AbstractDispatcher.scala:40)
	at akka.dispatch.ForkJoinExecutorConfigurator$AkkaForkJoinTask.exec(ForkJoinExecutorConfigurator.scala:44)
	at akka.dispatch.forkjoin.ForkJoinTask.doExec(ForkJoinTask.java:260)
	at akka.dispatch.forkjoin.ForkJoinPool$WorkQueue.runTask(ForkJoinPool.java:1339)
	at akka.dispatch.forkjoin.ForkJoinPool.runWorker(ForkJoinPool.java:1979)
	at akka.dispatch.forkjoin.ForkJoinWorkerThread.run(ForkJoinWorkerThread.java:107)
Heap
 PSYoungGen      total 158720K, used 97549K [0x00000000f5980000, 0x0000000100000000, 0x0000000100000000)
  eden space 147456K, 65% used [0x00000000f5980000,0x00000000fb7fb560,0x00000000fe980000)
  from space 11264K, 7% used [0x00000000fe980000,0x00000000fea48060,0x00000000ff480000)
  to   space 10752K, 0% used [0x00000000ff580000,0x00000000ff580000,0x0000000100000000)
 ParOldGen       total 341504K, used 30740K [0x00000000e0c00000, 0x00000000f5980000, 0x00000000f5980000)
  object space 341504K, 9% used [0x00000000e0c00000,0x00000000e2a05268,0x00000000f5980000)
 Metaspace       used 36135K, capacity 37080K, committed 37208K, reserved 1081344K
  class space    used 4985K, capacity 5188K, committed 5248K, reserved 1048576K
