07:21:42,716 |-INFO in ch.qos.logback.classic.LoggerContext[default] - Could NOT find resource [logback-test.xml]
07:21:42,717 |-INFO in ch.qos.logback.classic.LoggerContext[default] - Could NOT find resource [logback.groovy]
07:21:42,717 |-INFO in ch.qos.logback.classic.LoggerContext[default] - Found resource [logback.xml] at [jar:file:/home/ubuntu/flamestream/lib/flamestream-runtime-1.0-SNAPSHOT.jar!/logback.xml]
07:21:42,718 |-WARN in ch.qos.logback.classic.LoggerContext[default] - Resource [logback.xml] occurs multiple times on the classpath.
07:21:42,718 |-WARN in ch.qos.logback.classic.LoggerContext[default] - Resource [logback.xml] occurs at [jar:file:/home/ubuntu/flamestream/flamestream-runtime-1.0-SNAPSHOT.jar!/logback.xml]
07:21:42,718 |-WARN in ch.qos.logback.classic.LoggerContext[default] - Resource [logback.xml] occurs at [jar:file:/home/ubuntu/flamestream/lib/flamestream-runtime-1.0-SNAPSHOT.jar!/logback.xml]
07:21:42,735 |-INFO in ch.qos.logback.core.joran.spi.ConfigurationWatchList@4678c730 - URL [jar:file:/home/ubuntu/flamestream/lib/flamestream-runtime-1.0-SNAPSHOT.jar!/logback.xml] is not of type file
07:21:42,809 |-INFO in ch.qos.logback.classic.joran.action.ConfigurationAction - debug attribute not set
07:21:42,810 |-INFO in ch.qos.logback.core.joran.action.AppenderAction - About to instantiate appender of type [ch.qos.logback.core.ConsoleAppender]
07:21:42,832 |-INFO in ch.qos.logback.core.joran.action.AppenderAction - Naming appender as [STDOUT]
07:21:42,844 |-INFO in ch.qos.logback.core.joran.action.NestedComplexPropertyIA - Assuming default type [ch.qos.logback.classic.encoder.PatternLayoutEncoder] for [encoder] property
07:21:42,954 |-INFO in ch.qos.logback.core.joran.action.AppenderAction - About to instantiate appender of type [ch.qos.logback.core.rolling.RollingFileAppender]
07:21:42,964 |-INFO in ch.qos.logback.core.joran.action.AppenderAction - Naming appender as [FILE]
07:21:43,009 |-INFO in c.q.l.core.rolling.TimeBasedRollingPolicy@1734853116 - No compression will be used
07:21:43,010 |-INFO in c.q.l.core.rolling.TimeBasedRollingPolicy@1734853116 - Will use the pattern /tmp/application_%d{yyyy-MM-dd}.%i.log for the active file
07:21:43,016 |-INFO in ch.qos.logback.core.rolling.SizeAndTimeBasedFNATP@29ee9faa - The date pattern is 'yyyy-MM-dd' from file name pattern '/tmp/application_%d{yyyy-MM-dd}.%i.log'.
07:21:43,016 |-INFO in ch.qos.logback.core.rolling.SizeAndTimeBasedFNATP@29ee9faa - Roll-over at midnight.
07:21:43,022 |-INFO in ch.qos.logback.core.rolling.SizeAndTimeBasedFNATP@29ee9faa - Setting initial period to Sun Oct 06 07:17:39 UTC 2019
07:21:43,022 |-WARN in ch.qos.logback.core.rolling.SizeAndTimeBasedFNATP@29ee9faa - SizeAndTimeBasedFNATP is deprecated. Use SizeAndTimeBasedRollingPolicy instead
07:21:43,022 |-WARN in ch.qos.logback.core.rolling.SizeAndTimeBasedFNATP@29ee9faa - For more information see http://logback.qos.ch/manual/appenders.html#SizeAndTimeBasedRollingPolicy
07:21:43,028 |-INFO in ch.qos.logback.core.joran.action.NestedComplexPropertyIA - Assuming default type [ch.qos.logback.classic.encoder.PatternLayoutEncoder] for [encoder] property
07:21:43,038 |-INFO in ch.qos.logback.core.rolling.RollingFileAppender[FILE] - Active log file name: /tmp/application.log
07:21:43,038 |-INFO in ch.qos.logback.core.rolling.RollingFileAppender[FILE] - File property is set to [/tmp/application.log]
07:21:43,039 |-INFO in ch.qos.logback.classic.joran.action.RootLoggerAction - Setting level of ROOT logger to INFO
07:21:43,039 |-INFO in ch.qos.logback.core.joran.action.AppenderRefAction - Attaching appender named [STDOUT] to Logger[ROOT]
07:21:43,040 |-INFO in ch.qos.logback.core.joran.action.AppenderRefAction - Attaching appender named [FILE] to Logger[ROOT]
07:21:43,040 |-INFO in ch.qos.logback.classic.joran.action.ConfigurationAction - End of configuration.
07:21:43,041 |-INFO in ch.qos.logback.classic.joran.JoranConfigurator@c038203 - Registering current configuration as safe fallback point

07:21:43.048 [main] INFO  c.s.f.r.WorkerApplication  - Starting worker with workerConfig 'WorkerConfig{id='flamestream-benchmarks-worker-2', localAddress=flamestream-benchmarks-worker-2/10.0.0.211:5412, zkString='flamestream-benchmarks-manager:12181', snapshotPath='/home/ubuntu/flamestream/data', guarantees=AT_MOST_ONCE}'
07:21:44.477 [worker-akka.actor.default-dispatcher-4] INFO  a.e.s.Slf4jLogger  - Slf4jLogger started
2019-10-06T07:21:44.630+0000: 2.296: [Full GC (Metadata GC Threshold) 2019-10-06T07:21:44.630+0000: 2.296: [Tenured: 0K->13559K(1024000K), 0.0516915 secs] 123016K->13559K(1484800K), [Metaspace: 20231K->20231K(1067008K)], 0.0517788 secs] [Times: user=0.05 sys=0.00, real=0.05 secs] 
07:21:44.784 [worker-akka.actor.default-dispatcher-4] WARN  a.r.RemoteActorRefProvider akka.remote.RemoteActorRefProvider - Using the 'remote' ActorRefProvider directly, which is a low-level layer. For most use cases, the 'cluster' abstraction on top of remoting is more suitable instead.
07:21:44.790 [worker-akka.actor.default-dispatcher-4] WARN  a.r.RemoteActorRefProvider akka.remote.RemoteActorRefProvider - Akka Cluster not in use - Using Akka Cluster is recommended if you need remote watch and deploy.
07:21:44.911 [worker-akka.actor.default-dispatcher-4] INFO  a.r.a.a.ArteryAeronUdpTransport(akka://worker) akka.remote.artery.aeron.ArteryAeronUdpTransport(akka://worker) - Started embedded media driver in directory [/dev/shm/aeron-flamestream-benchmarks-worker-2]
07:21:44.956 [worker-akka.actor.default-dispatcher-4] WARN  a.r.a.a.ArteryAeronUdpTransport(akka://worker) akka.remote.artery.aeron.ArteryAeronUdpTransport(akka://worker) - Aeron CnC version mismatch: compiled version = 15, file version = 16
07:21:45.208 [worker-akka.actor.default-dispatcher-4] INFO  a.r.a.a.ArteryAeronUdpTransport(akka://worker) akka.remote.artery.aeron.ArteryAeronUdpTransport(akka://worker) - Remoting started with transport [Artery aeron-udp]; listening on address [akka://worker@flamestream-benchmarks-worker-2:5412] and bound to [akka://worker@0.0.0.0:5412] with UID [-8302293003805061463]
07:21:45.760 [worker-akka.actor.default-dispatcher-4] WARN  a.s.Serialization(akka://worker) akka.serialization.Serialization(akka://worker) - Using serializer [com.romix.akka.serialization.kryo.KryoSerializer] for message [akka.actor.ActorSelectionMessage]. Note that this serializer is not implemented by Akka. It's not recommended to replace serializers for messages provided by Akka.
07:21:45.761 [worker-akka.actor.default-dispatcher-4] WARN  a.s.Serialization(akka://worker) akka.serialization.Serialization(akka://worker) - Using serializer [com.romix.akka.serialization.kryo.KryoSerializer] for message [akka.actor.ActorIdentity]. Note that this serializer is not implemented by Akka. It's not recommended to replace serializers for messages provided by Akka.
07:21:45.817 [worker-akka.actor.default-dispatcher-7] INFO  a.a.RepointableActorRef akka://worker/user/watcher - Starting...
07:21:45.939 [worker-akka.actor.default-dispatcher-4] INFO  o.a.c.u.Compatibility  - Running in ZooKeeper 3.4.x compatibility mode
07:21:45.993 [worker-akka.actor.default-dispatcher-4] INFO  o.a.c.f.i.CuratorFrameworkImpl  - Starting
07:21:46.017 [worker-akka.actor.default-dispatcher-4] INFO  o.a.z.ZooKeeper  - Client environment:zookeeper.version=3.4.14-4c25d480e66aadd371de8bd2fd8da255ac140bcf, built on 03/06/2019 16:18 GMT
07:21:46.018 [worker-akka.actor.default-dispatcher-4] INFO  o.a.z.ZooKeeper  - Client environment:host.name=flamestream-benchmarks-worker-2
07:21:46.019 [worker-akka.actor.default-dispatcher-4] INFO  o.a.z.ZooKeeper  - Client environment:java.version=1.8.0_222
07:21:46.019 [worker-akka.actor.default-dispatcher-4] INFO  o.a.z.ZooKeeper  - Client environment:java.vendor=Private Build
07:21:46.021 [worker-akka.actor.default-dispatcher-4] INFO  o.a.z.ZooKeeper  - Client environment:java.home=/usr/lib/jvm/java-8-openjdk-amd64/jre
07:21:46.024 [worker-akka.actor.default-dispatcher-4] INFO  o.a.z.ZooKeeper  - Client environment:java.class.path=lib/curator-framework-4.0.1.jar:lib/commons-csv-1.4.jar:lib/aeron-client-1.21.2.jar:lib/scala-library-2.12.9.jar:lib/asm-5.0.4.jar:lib/agrona-1.0.1.jar:lib/curator-recipes-4.0.1.jar:lib/akka-testkit_2.12-2.6.0-M6.jar:lib/flamestream-runtime-1.0-SNAPSHOT.jar:lib/slf4j-simple-2.0.0-alpha1.jar:lib/jsr305-3.0.2.jar:lib/trove4j-3.0.3.jar:lib/flamestream-core-1.0-SNAPSHOT.jar:lib/commons-io-2.4.jar:lib/minlog-1.3.0.jar:lib/kryonet-2.21.jar:lib/commons-1.4.9.jar:lib/jline-0.9.94.jar:lib/akka-remote_2.12-2.6.0-M6.jar:lib/leveldbjni-all-1.8.jar:lib/lz4-1.3.0.jar:lib/slf4j-api-1.7.24.jar:lib/scala-parser-combinators_2.12-1.1.2.jar:lib/flamestream-core-1.0-SNAPSHOT-tests.jar:lib/logback-core-1.2.3.jar:lib/netty-3.10.6.Final.jar:lib/protobuf-java-3.9.0.jar:lib/minlog-1.2.jar:lib/leveldb-api-0.7.jar:lib/jool-0.9.12.jar:lib/commons-cli-1.4.jar:lib/jblas-1.2.4.jar:lib/reflectasm-1.11.3.jar:lib/reflectasm-1.07-shaded.jar:lib/audience-annotations-0.5.0.jar:lib/jackson-annotations-2.9.6.jar:lib/commons-lang-2.6.jar:lib/ssl-config-core_2.12-0.3.8.jar:lib/annotations-13.0.jar:lib/logback-classic-1.2.3.jar:lib/guava-21.0.jar:lib/reactive-streams-1.0.2.jar:lib/spotbugs-annotations-3.1.9.jar:lib/leveldb-0.7.jar:lib/commons-pool2-2.4.2.jar:lib/rocksdbjni-5.5.1.jar:lib/jackson-core-2.9.9.jar:lib/jackson-databind-2.9.9.2.jar:lib/akka-protobuf-v3_2.12-2.6.0-M6.jar:lib/jackson-annotations-2.9.0.jar:lib/flamestream-examples-1.0-SNAPSHOT.jar:lib/objenesis-2.1.jar:lib/akka-kryo-serialization_2.12-0.5.2.jar:lib/scala-java8-compat_2.12-0.8.0.jar:lib/zookeeper-3.4.14.jar:lib/akka-slf4j_2.12-2.6.0-M6.jar:lib/kryo-4.0.0.jar:lib/akka-stream_2.12-2.6.0-M6.jar:lib/aeron-driver-1.21.2.jar:lib/config-1.3.1.jar:lib/annotations-12.0.jar:lib/jedis-2.9.0.jar:lib/jcommander-1.48.jar:lib/testng-6.10.jar:lib/akka-actor_2.12-2.6.0-M6.jar:lib/curator-client-4.0.1.jar:flamestream-runtime-1.0-SNAPSHOT.jar
07:21:46.025 [worker-akka.actor.default-dispatcher-4] INFO  o.a.z.ZooKeeper  - Client environment:java.library.path=/usr/java/packages/lib/amd64:/usr/lib/x86_64-linux-gnu/jni:/lib/x86_64-linux-gnu:/usr/lib/x86_64-linux-gnu:/usr/lib/jni:/lib:/usr/lib
07:21:46.025 [worker-akka.actor.default-dispatcher-4] INFO  o.a.z.ZooKeeper  - Client environment:java.io.tmpdir=/tmp
07:21:46.025 [worker-akka.actor.default-dispatcher-4] INFO  o.a.z.ZooKeeper  - Client environment:java.compiler=<NA>
07:21:46.026 [worker-akka.actor.default-dispatcher-4] INFO  o.a.z.ZooKeeper  - Client environment:os.name=Linux
07:21:46.027 [worker-akka.actor.default-dispatcher-4] INFO  o.a.z.ZooKeeper  - Client environment:os.arch=amd64
07:21:46.027 [worker-akka.actor.default-dispatcher-4] INFO  o.a.z.ZooKeeper  - Client environment:os.version=4.15.0-1040-gcp
07:21:46.027 [worker-akka.actor.default-dispatcher-4] INFO  o.a.z.ZooKeeper  - Client environment:user.name=ubuntu
07:21:46.027 [worker-akka.actor.default-dispatcher-4] INFO  o.a.z.ZooKeeper  - Client environment:user.home=/home/ubuntu
07:21:46.028 [worker-akka.actor.default-dispatcher-4] INFO  o.a.z.ZooKeeper  - Client environment:user.dir=/home/ubuntu/flamestream
07:21:46.031 [worker-akka.actor.default-dispatcher-4] INFO  o.a.z.ZooKeeper  - Initiating client connection, connectString=flamestream-benchmarks-manager:12181 sessionTimeout=60000 watcher=org.apache.curator.ConnectionState@60957554
07:21:46.082 [worker-akka.actor.default-dispatcher-4-SendThread(flamestream-benchmarks-manager:12181)] INFO  o.a.z.ClientCnxn  - Opening socket connection to server flamestream-benchmarks-manager/10.0.0.2:12181. Will not attempt to authenticate using SASL (unknown error)
07:21:46.084 [worker-akka.actor.default-dispatcher-4] INFO  o.a.c.f.i.CuratorFrameworkImpl  - Default schema
07:21:46.090 [worker-akka.actor.default-dispatcher-4-SendThread(flamestream-benchmarks-manager:12181)] INFO  o.a.z.ClientCnxn  - Socket connection established to flamestream-benchmarks-manager/10.0.0.2:12181, initiating session
07:21:46.102 [worker-akka.actor.default-dispatcher-4-SendThread(flamestream-benchmarks-manager:12181)] INFO  o.a.z.ClientCnxn  - Session establishment complete on server flamestream-benchmarks-manager/10.0.0.2:12181, sessionid = 0x10000432c720002, negotiated timeout = 60000
07:21:46.113 [worker-akka.actor.default-dispatcher-4-EventThread] INFO  o.a.c.f.s.ConnectionStateManager  - State change: CONNECTED
07:21:46.116 [worker-akka.actor.default-dispatcher-7] INFO  a.a.RepointableActorRef akka://worker/user/watcher - Initializing rocksDB backend
2019-10-06T07:21:46.938+0000: 4.604: [Full GC (Metadata GC Threshold) 2019-10-06T07:21:46.938+0000: 4.604: [Tenured: 13559K->25842K(1024000K), 0.0903102 secs] 165178K->25842K(1484800K), [Metaspace: 33686K->33686K(1079296K)], 0.0904097 secs] [Times: user=0.08 sys=0.01, real=0.08 secs] 
07:21:47.131 [worker-akka.actor.default-dispatcher-4] INFO  a.a.LocalActorRef akka://worker/user/watcher/processing-watcher - Starting...
07:21:47.158 [worker-akka.actor.default-dispatcher-7] INFO  a.a.LocalActorRef akka://worker/user/watcher/acker - Starting...
07:22:22.386 [worker-akka.actor.default-dispatcher-9] INFO  a.a.LocalActorRef akka://worker/user/watcher/processing-watcher/$a - Starting...
07:22:22.404 [worker-akka.actor.default-dispatcher-4] INFO  a.a.LocalActorRef akka://worker/user/watcher/processing-watcher/$a - Stopped
07:22:28.286 [worker-akka.actor.default-dispatcher-4] INFO  a.a.LocalActorRef akka://worker/user/watcher/processing-watcher/$d/$a - Starting...
07:22:28.291 [worker-akka.actor.default-dispatcher-9] INFO  a.a.LocalActorRef akka://worker/user/watcher/processing-watcher/$d - Starting...
07:22:33.284 [worker-akka.actor.default-dispatcher-7] INFO  a.a.LocalActorRef akka://worker/user/watcher/processing-watcher/graph/graph - Starting...
07:22:37.492 [worker-akka.actor.default-dispatcher-13] INFO  a.a.LocalActorRef akka://worker/user/watcher/processing-watcher/graph/graph - Finishing constructor
07:22:37.496 [worker-akka.actor.default-dispatcher-4] INFO  a.a.LocalActorRef akka://worker/user/watcher/processing-watcher/graph/negotiator - Starting...
07:22:37.498 [worker-akka.actor.default-dispatcher-4] INFO  a.a.LocalActorRef akka://worker/user/watcher/processing-watcher/graph/edge - Starting...
07:22:37.503 [worker-akka.actor.default-dispatcher-13] INFO  a.a.LocalActorRef akka://worker/user/watcher/processing-watcher/graph - Starting FlameNode with config 'ClusterConfig{paths={flamestream-benchmarks-worker-85=akka://worker@flamestream-benchmarks-worker-85:5412/user/watcher/processing-watcher/graph, flamestream-benchmarks-worker-84=akka://worker@flamestream-benchmarks-worker-84:5412/user/watcher/processing-watcher/graph, flamestream-benchmarks-worker-83=akka://worker@flamestream-benchmarks-worker-83:5412/user/watcher/processing-watcher/graph, flamestream-benchmarks-worker-82=akka://worker@flamestream-benchmarks-worker-82:5412/user/watcher/processing-watcher/graph, flamestream-benchmarks-worker-81=akka://worker@flamestream-benchmarks-worker-81:5412/user/watcher/processing-watcher/graph, flamestream-benchmarks-worker-80=akka://worker@flamestream-benchmarks-worker-80:5412/user/watcher/processing-watcher/graph, flamestream-benchmarks-worker-1=akka://worker@flamestream-benchmarks-worker-1:5412/user/watcher/processing-watcher/graph, flamestream-benchmarks-worker-0=akka://worker@flamestream-benchmarks-worker-0:5412/user/watcher/processing-watcher/graph, flamestream-benchmarks-worker-89=akka://worker@flamestream-benchmarks-worker-89:5412/user/watcher/processing-watcher/graph, flamestream-benchmarks-worker-88=akka://worker@flamestream-benchmarks-worker-88:5412/user/watcher/processing-watcher/graph, flamestream-benchmarks-worker-87=akka://worker@flamestream-benchmarks-worker-87:5412/user/watcher/processing-watcher/graph, flamestream-benchmarks-worker-86=akka://worker@flamestream-benchmarks-worker-86:5412/user/watcher/processing-watcher/graph, flamestream-benchmarks-worker-96=akka://worker@flamestream-benchmarks-worker-96:5412/user/watcher/processing-watcher/graph, flamestream-benchmarks-worker-95=akka://worker@flamestream-benchmarks-worker-95:5412/user/watcher/processing-watcher/graph, flamestream-benchmarks-worker-94=akka://worker@flamestream-benchmarks-worker-94:5412/user/watcher/processing-watcher/graph, flamestream-benchmarks-worker-93=akka://worker@flamestream-benchmarks-worker-93:5412/user/watcher/processing-watcher/graph, flamestream-benchmarks-worker-92=akka://worker@flamestream-benchmarks-worker-92:5412/user/watcher/processing-watcher/graph, flamestream-benchmarks-worker-91=akka://worker@flamestream-benchmarks-worker-91:5412/user/watcher/processing-watcher/graph, flamestream-benchmarks-worker-90=akka://worker@flamestream-benchmarks-worker-90:5412/user/watcher/processing-watcher/graph, flamestream-benchmarks-worker-9=akka://worker@flamestream-benchmarks-worker-9:5412/user/watcher/processing-watcher/graph, flamestream-benchmarks-worker-8=akka://worker@flamestream-benchmarks-worker-8:5412/user/watcher/processing-watcher/graph, flamestream-benchmarks-worker-7=akka://worker@flamestream-benchmarks-worker-7:5412/user/watcher/processing-watcher/graph, flamestream-benchmarks-worker-6=akka://worker@flamestream-benchmarks-worker-6:5412/user/watcher/processing-watcher/graph, flamestream-benchmarks-worker-5=akka://worker@flamestream-benchmarks-worker-5:5412/user/watcher/processing-watcher/graph, flamestream-benchmarks-worker-19=akka://worker@flamestream-benchmarks-worker-19:5412/user/watcher/processing-watcher/graph, flamestream-benchmarks-worker-4=akka://worker@flamestream-benchmarks-worker-4:5412/user/watcher/processing-watcher/graph, flamestream-benchmarks-worker-18=akka://worker@flamestream-benchmarks-worker-18:5412/user/watcher/processing-watcher/graph, flamestream-benchmarks-worker-3=akka://worker@flamestream-benchmarks-worker-3:5412/user/watcher/processing-watcher/graph, flamestream-benchmarks-worker-17=akka://worker@flamestream-benchmarks-worker-17:5412/user/watcher/processing-watcher/graph, flamestream-benchmarks-worker-2=akka://worker@flamestream-benchmarks-worker-2:5412/user/watcher/processing-watcher/graph, flamestream-benchmarks-worker-16=akka://worker@flamestream-benchmarks-worker-16:5412/user/watcher/processing-watcher/graph, flamestream-benchmarks-worker-15=akka://worker@flamestream-benchmarks-worker-15:5412/user/watcher/processing-watcher/graph, flamestream-benchmarks-worker-14=akka://worker@flamestream-benchmarks-worker-14:5412/user/watcher/processing-watcher/graph, flamestream-benchmarks-worker-13=akka://worker@flamestream-benchmarks-worker-13:5412/user/watcher/processing-watcher/graph, flamestream-benchmarks-worker-12=akka://worker@flamestream-benchmarks-worker-12:5412/user/watcher/processing-watcher/graph, flamestream-benchmarks-worker-99=akka://worker@flamestream-benchmarks-worker-99:5412/user/watcher/processing-watcher/graph, flamestream-benchmarks-worker-11=akka://worker@flamestream-benchmarks-worker-11:5412/user/watcher/processing-watcher/graph, flamestream-benchmarks-worker-98=akka://worker@flamestream-benchmarks-worker-98:5412/user/watcher/processing-watcher/graph, flamestream-benchmarks-worker-10=akka://worker@flamestream-benchmarks-worker-10:5412/user/watcher/processing-watcher/graph, flamestream-benchmarks-worker-97=akka://worker@flamestream-benchmarks-worker-97:5412/user/watcher/processing-watcher/graph, flamestream-benchmarks-worker-63=akka://worker@flamestream-benchmarks-worker-63:5412/user/watcher/processing-watcher/graph, flamestream-benchmarks-worker-62=akka://worker@flamestream-benchmarks-worker-62:5412/user/watcher/processing-watcher/graph, flamestream-benchmarks-worker-61=akka://worker@flamestream-benchmarks-worker-61:5412/user/watcher/processing-watcher/graph, flamestream-benchmarks-worker-60=akka://worker@flamestream-benchmarks-worker-60:5412/user/watcher/processing-watcher/graph, flamestream-benchmarks-worker-69=akka://worker@flamestream-benchmarks-worker-69:5412/user/watcher/processing-watcher/graph, flamestream-benchmarks-worker-68=akka://worker@flamestream-benchmarks-worker-68:5412/user/watcher/processing-watcher/graph, flamestream-benchmarks-worker-67=akka://worker@flamestream-benchmarks-worker-67:5412/user/watcher/processing-watcher/graph, flamestream-benchmarks-worker-66=akka://worker@flamestream-benchmarks-worker-66:5412/user/watcher/processing-watcher/graph, flamestream-benchmarks-worker-65=akka://worker@flamestream-benchmarks-worker-65:5412/user/watcher/processing-watcher/graph, flamestream-benchmarks-worker-64=akka://worker@flamestream-benchmarks-worker-64:5412/user/watcher/processing-watcher/graph, flamestream-benchmarks-worker-74=akka://worker@flamestream-benchmarks-worker-74:5412/user/watcher/processing-watcher/graph, flamestream-benchmarks-worker-73=akka://worker@flamestream-benchmarks-worker-73:5412/user/watcher/processing-watcher/graph, flamestream-benchmarks-worker-72=akka://worker@flamestream-benchmarks-worker-72:5412/user/watcher/processing-watcher/graph, flamestream-benchmarks-worker-71=akka://worker@flamestream-benchmarks-worker-71:5412/user/watcher/processing-watcher/graph, flamestream-benchmarks-worker-70=akka://worker@flamestream-benchmarks-worker-70:5412/user/watcher/processing-watcher/graph, flamestream-benchmarks-worker-79=akka://worker@flamestream-benchmarks-worker-79:5412/user/watcher/processing-watcher/graph, flamestream-benchmarks-worker-78=akka://worker@flamestream-benchmarks-worker-78:5412/user/watcher/processing-watcher/graph, flamestream-benchmarks-worker-77=akka://worker@flamestream-benchmarks-worker-77:5412/user/watcher/processing-watcher/graph, flamestream-benchmarks-worker-76=akka://worker@flamestream-benchmarks-worker-76:5412/user/watcher/processing-watcher/graph, flamestream-benchmarks-worker-75=akka://worker@flamestream-benchmarks-worker-75:5412/user/watcher/processing-watcher/graph, flamestream-benchmarks-worker-41=akka://worker@flamestream-benchmarks-worker-41:5412/user/watcher/processing-watcher/graph, flamestream-benchmarks-worker-40=akka://worker@flamestream-benchmarks-worker-40:5412/user/watcher/processing-watcher/graph, flamestream-benchmarks-worker-49=akka://worker@flamestream-benchmarks-worker-49:5412/user/watcher/processing-watcher/graph, flamestream-benchmarks-worker-48=akka://worker@flamestream-benchmarks-worker-48:5412/user/watcher/processing-watcher/graph, flamestream-benchmarks-worker-47=akka://worker@flamestream-benchmarks-worker-47:5412/user/watcher/processing-watcher/graph, flamestream-benchmarks-worker-46=akka://worker@flamestream-benchmarks-worker-46:5412/user/watcher/processing-watcher/graph, flamestream-benchmarks-worker-45=akka://worker@flamestream-benchmarks-worker-45:5412/user/watcher/processing-watcher/graph, flamestream-benchmarks-worker-44=akka://worker@flamestream-benchmarks-worker-44:5412/user/watcher/processing-watcher/graph, flamestream-benchmarks-worker-43=akka://worker@flamestream-benchmarks-worker-43:5412/user/watcher/processing-watcher/graph, flamestream-benchmarks-worker-42=akka://worker@flamestream-benchmarks-worker-42:5412/user/watcher/processing-watcher/graph, flamestream-benchmarks-worker-52=akka://worker@flamestream-benchmarks-worker-52:5412/user/watcher/processing-watcher/graph, flamestream-benchmarks-worker-51=akka://worker@flamestream-benchmarks-worker-51:5412/user/watcher/processing-watcher/graph, flamestream-benchmarks-worker-50=akka://worker@flamestream-benchmarks-worker-50:5412/user/watcher/processing-watcher/graph, flamestream-benchmarks-worker-59=akka://worker@flamestream-benchmarks-worker-59:5412/user/watcher/processing-watcher/graph, flamestream-benchmarks-worker-58=akka://worker@flamestream-benchmarks-worker-58:5412/user/watcher/processing-watcher/graph, flamestream-benchmarks-worker-57=akka://worker@flamestream-benchmarks-worker-57:5412/user/watcher/processing-watcher/graph, flamestream-benchmarks-worker-56=akka://worker@flamestream-benchmarks-worker-56:5412/user/watcher/processing-watcher/graph, flamestream-benchmarks-worker-55=akka://worker@flamestream-benchmarks-worker-55:5412/user/watcher/processing-watcher/graph, flamestream-benchmarks-worker-54=akka://worker@flamestream-benchmarks-worker-54:5412/user/watcher/processing-watcher/graph, flamestream-benchmarks-worker-53=akka://worker@flamestream-benchmarks-worker-53:5412/user/watcher/processing-watcher/graph, flamestream-benchmarks-worker-29=akka://worker@flamestream-benchmarks-worker-29:5412/user/watcher/processing-watcher/graph, flamestream-benchmarks-worker-28=akka://worker@flamestream-benchmarks-worker-28:5412/user/watcher/processing-watcher/graph, flamestream-benchmarks-worker-27=akka://worker@flamestream-benchmarks-worker-27:5412/user/watcher/processing-watcher/graph, flamestream-benchmarks-worker-26=akka://worker@flamestream-benchmarks-worker-26:5412/user/watcher/processing-watcher/graph, flamestream-benchmarks-worker-25=akka://worker@flamestream-benchmarks-worker-25:5412/user/watcher/processing-watcher/graph, flamestream-benchmarks-worker-24=akka://worker@flamestream-benchmarks-worker-24:5412/user/watcher/processing-watcher/graph, flamestream-benchmarks-worker-23=akka://worker@flamestream-benchmarks-worker-23:5412/user/watcher/processing-watcher/graph, flamestream-benchmarks-worker-22=akka://worker@flamestream-benchmarks-worker-22:5412/user/watcher/processing-watcher/graph, flamestream-benchmarks-worker-21=akka://worker@flamestream-benchmarks-worker-21:5412/user/watcher/processing-watcher/graph, flamestream-benchmarks-worker-20=akka://worker@flamestream-benchmarks-worker-20:5412/user/watcher/processing-watcher/graph, flamestream-benchmarks-worker-30=akka://worker@flamestream-benchmarks-worker-30:5412/user/watcher/processing-watcher/graph, flamestream-benchmarks-worker-39=akka://worker@flamestream-benchmarks-worker-39:5412/user/watcher/processing-watcher/graph, flamestream-benchmarks-worker-38=akka://worker@flamestream-benchmarks-worker-38:5412/user/watcher/processing-watcher/graph, flamestream-benchmarks-worker-37=akka://worker@flamestream-benchmarks-worker-37:5412/user/watcher/processing-watcher/graph, flamestream-benchmarks-worker-36=akka://worker@flamestream-benchmarks-worker-36:5412/user/watcher/processing-watcher/graph, flamestream-benchmarks-worker-35=akka://worker@flamestream-benchmarks-worker-35:5412/user/watcher/processing-watcher/graph, flamestream-benchmarks-worker-34=akka://worker@flamestream-benchmarks-worker-34:5412/user/watcher/processing-watcher/graph, flamestream-benchmarks-worker-33=akka://worker@flamestream-benchmarks-worker-33:5412/user/watcher/processing-watcher/graph, flamestream-benchmarks-worker-32=akka://worker@flamestream-benchmarks-worker-32:5412/user/watcher/processing-watcher/graph, flamestream-benchmarks-worker-31=akka://worker@flamestream-benchmarks-worker-31:5412/user/watcher/processing-watcher/graph}}'
07:22:37.531 [worker-akka.actor.default-dispatcher-14] INFO  a.a.LocalActorRef akka://worker/user/watcher/processing-watcher/graph/negotiator - Requesting ticket for the frontClass FlameSocketGraphDeployerFront@flamestream-benchmarks-worker-2
07:22:37.616 [worker-akka.actor.default-dispatcher-4] INFO  c.s.f.r.e.s.SocketRear  - FlameSocketGraphDeployerRear@flamestream-benchmarks-worker-2: connecting to flamestream-benchmarks-manager:5678
07:22:37.635 [worker-akka.actor.default-dispatcher-10] INFO  a.a.LocalActorRef akka://worker/user/watcher/processing-watcher/graph/edge/FlameSocketGraphDeployerFront - Starting...
07:22:37.637 [worker-akka.actor.default-dispatcher-4] INFO  c.s.f.r.e.s.SocketRear  - FlameSocketGraphDeployerRear@flamestream-benchmarks-worker-2: connected to flamestream-benchmarks-manager:5678
07:22:37.641 [worker-akka.actor.default-dispatcher-10] INFO  a.a.LocalActorRef akka://worker/user/watcher/processing-watcher/graph/edge/FlameSocketGraphDeployerRear - Starting...
07:22:37.896 [worker-akka.actor.default-dispatcher-10] INFO  a.a.LocalActorRef akka://worker/user/watcher/processing-watcher/graph/graph - Received last commit 'LastCommit{globalTime=(0000000, min@min)}'
07:22:38.169 [worker-akka.actor.default-dispatcher-10] INFO  a.a.LocalActorRef akka://worker/user/watcher/processing-watcher/graph/graph/$a - Starting...
07:22:38.172 [worker-akka.actor.default-dispatcher-10] INFO  a.a.LocalActorRef akka://worker/user/watcher/processing-watcher/graph/graph/$b - Starting...
07:22:38.174 [worker-akka.actor.default-dispatcher-10] INFO  a.a.LocalActorRef akka://worker/user/watcher/processing-watcher/graph/graph/$c - Starting...
07:22:38.183 [worker-akka.actor.default-dispatcher-10] INFO  a.a.LocalActorRef akka://worker/user/watcher/processing-watcher/graph/graph/$d - Starting...
07:22:38.185 [worker-akka.actor.default-dispatcher-10] INFO  a.a.LocalActorRef akka://worker/user/watcher/processing-watcher/graph/graph/$e - Starting...
07:22:38.188 [worker-akka.actor.default-dispatcher-10] INFO  a.a.LocalActorRef akka://worker/user/watcher/processing-watcher/graph/graph/$f - Starting...
07:22:38.188 [worker-akka.actor.default-dispatcher-10] INFO  a.a.LocalActorRef akka://worker/user/watcher/processing-watcher/graph/negotiator - Ticket for the frontClass received: FrontTicket{allowedTimestamp=(0000000, FlameSocketGraphDeployerFront@flamestream-benchmarks-worker-2)}
07:22:38.188 [worker-akka.actor.default-dispatcher-10] INFO  c.s.f.r.e.s.SocketFront  - FlameSocketGraphDeployerFront@flamestream-benchmarks-worker-2: connecting to flamestream-benchmarks-manager:4567
07:22:38.189 [worker-akka.actor.default-dispatcher-15] INFO  a.a.LocalActorRef akka://worker/user/watcher/processing-watcher/graph/graph/$g - Starting...
07:22:38.190 [worker-akka.actor.default-dispatcher-15] INFO  a.a.LocalActorRef akka://worker/user/watcher/processing-watcher/graph/graph/$h - Starting...
07:22:38.190 [worker-akka.actor.default-dispatcher-15] INFO  a.a.LocalActorRef akka://worker/user/watcher/processing-watcher/graph/graph/$i - Starting...
07:22:38.194 [worker-akka.actor.default-dispatcher-9] INFO  a.a.LocalActorRef akka://worker/user/watcher/processing-watcher/graph/graph/$j - Starting...
07:22:38.211 [worker-akka.actor.default-dispatcher-15] INFO  a.a.LocalActorRef akka://worker/user/watcher/processing-watcher/graph/graph/$k - Starting...
07:22:38.213 [worker-akka.actor.default-dispatcher-4] INFO  a.a.LocalActorRef akka://worker/user/watcher/processing-watcher/graph/graph/$l - Starting...
07:22:38.224 [worker-akka.actor.default-dispatcher-4] INFO  a.a.LocalActorRef akka://worker/user/watcher/processing-watcher/graph/graph/$m - Starting...
07:22:38.296 [worker-akka.actor.default-dispatcher-15] INFO  a.a.LocalActorRef akka://worker/user/watcher/processing-watcher/graph/graph/$n - Starting...
07:22:38.300 [worker-akka.actor.default-dispatcher-15] INFO  a.a.LocalActorRef akka://worker/user/watcher/processing-watcher/graph/graph/$o - Starting...
07:22:38.300 [worker-akka.actor.default-dispatcher-15] INFO  a.a.LocalActorRef akka://worker/user/watcher/processing-watcher/graph/graph/$p - Starting...
07:22:38.300 [worker-akka.actor.default-dispatcher-15] INFO  a.a.LocalActorRef akka://worker/user/watcher/processing-watcher/graph/graph/$q - Starting...
07:22:38.301 [worker-akka.actor.default-dispatcher-15] INFO  a.a.LocalActorRef akka://worker/user/watcher/processing-watcher/graph/graph/$r - Starting...
07:22:38.301 [worker-akka.actor.default-dispatcher-15] INFO  a.a.LocalActorRef akka://worker/user/watcher/processing-watcher/graph/graph/$s - Starting...
07:22:38.301 [worker-akka.actor.default-dispatcher-15] INFO  a.a.LocalActorRef akka://worker/user/watcher/processing-watcher/graph/graph/$t - Starting...
07:22:38.301 [worker-akka.actor.default-dispatcher-15] INFO  a.a.LocalActorRef akka://worker/user/watcher/processing-watcher/graph/graph/$u - Starting...
07:22:38.301 [worker-akka.actor.default-dispatcher-15] INFO  a.a.LocalActorRef akka://worker/user/watcher/processing-watcher/graph/graph/$v - Starting...
07:22:38.301 [worker-akka.actor.default-dispatcher-15] INFO  a.a.LocalActorRef akka://worker/user/watcher/processing-watcher/graph/graph/$w - Starting...
07:22:38.301 [worker-akka.actor.default-dispatcher-4] INFO  a.a.LocalActorRef akka://worker/user/watcher/processing-watcher/graph/graph/$x - Starting...
07:22:38.301 [worker-akka.actor.default-dispatcher-4] INFO  a.a.LocalActorRef akka://worker/user/watcher/processing-watcher/graph/graph/$y - Starting...
07:22:38.301 [worker-akka.actor.default-dispatcher-4] INFO  a.a.LocalActorRef akka://worker/user/watcher/processing-watcher/graph/graph/$z - Starting...
07:22:38.302 [worker-akka.actor.default-dispatcher-4] INFO  a.a.LocalActorRef akka://worker/user/watcher/processing-watcher/graph/graph/$A - Starting...
07:22:38.302 [worker-akka.actor.default-dispatcher-4] INFO  a.a.LocalActorRef akka://worker/user/watcher/processing-watcher/graph/graph/$B - Starting...
07:22:38.302 [worker-akka.actor.default-dispatcher-4] INFO  a.a.LocalActorRef akka://worker/user/watcher/processing-watcher/graph/graph/$C - Starting...
07:22:38.302 [worker-akka.actor.default-dispatcher-4] INFO  a.a.LocalActorRef akka://worker/user/watcher/processing-watcher/graph/graph/$D - Starting...
07:22:38.302 [worker-akka.actor.default-dispatcher-4] INFO  a.a.LocalActorRef akka://worker/user/watcher/processing-watcher/graph/graph/$E - Starting...
07:22:38.302 [worker-akka.actor.default-dispatcher-4] INFO  a.a.LocalActorRef akka://worker/user/watcher/processing-watcher/graph/graph/$F - Starting...
07:22:38.302 [worker-akka.actor.default-dispatcher-4] INFO  a.a.LocalActorRef akka://worker/user/watcher/processing-watcher/graph/graph/$G - Starting...
07:22:38.302 [worker-akka.actor.default-dispatcher-13] INFO  a.a.LocalActorRef akka://worker/user/watcher/processing-watcher/graph/graph/$m - Attached rear to graph (-9223372036854775808, min@min)
07:22:38.302 [worker-akka.actor.default-dispatcher-13] INFO  a.a.LocalActorRef akka://worker/user/watcher/processing-watcher/graph/graph/$I - Starting...
07:22:38.302 [worker-akka.actor.default-dispatcher-13] INFO  a.a.LocalActorRef akka://worker/user/watcher/processing-watcher/graph/graph/$J - Starting...
07:22:38.302 [worker-akka.actor.default-dispatcher-13] INFO  a.a.LocalActorRef akka://worker/user/watcher/processing-watcher/graph/graph/$K - Starting...
07:22:38.316 [worker-akka.actor.default-dispatcher-15] INFO  a.a.LocalActorRef akka://worker/user/watcher/processing-watcher/graph/graph/$L - Starting...
07:22:38.316 [worker-akka.actor.default-dispatcher-15] INFO  a.a.LocalActorRef akka://worker/user/watcher/processing-watcher/graph/graph/$M - Starting...
07:22:38.316 [worker-akka.actor.default-dispatcher-15] INFO  a.a.LocalActorRef akka://worker/user/watcher/processing-watcher/graph/graph/$N - Starting...
07:22:38.317 [worker-akka.actor.default-dispatcher-15] INFO  a.a.LocalActorRef akka://worker/user/watcher/processing-watcher/graph/graph/$O - Starting...
07:22:38.317 [worker-akka.actor.default-dispatcher-15] INFO  a.a.LocalActorRef akka://worker/user/watcher/processing-watcher/graph/graph/$P - Starting...
07:22:38.317 [worker-akka.actor.default-dispatcher-15] INFO  a.a.LocalActorRef akka://worker/user/watcher/processing-watcher/graph/graph/$H - Starting...
07:22:38.317 [worker-akka.actor.default-dispatcher-15] INFO  a.a.LocalActorRef akka://worker/user/watcher/processing-watcher/graph/graph/$R - Starting...
07:22:38.317 [worker-akka.actor.default-dispatcher-15] INFO  a.a.LocalActorRef akka://worker/user/watcher/processing-watcher/graph/graph/$S - Starting...
07:22:38.317 [worker-akka.actor.default-dispatcher-15] INFO  a.a.LocalActorRef akka://worker/user/watcher/processing-watcher/graph/graph/$T - Starting...
07:22:38.317 [worker-akka.actor.default-dispatcher-15] INFO  a.a.LocalActorRef akka://worker/user/watcher/processing-watcher/graph/graph/$U - Starting...
07:22:38.317 [worker-akka.actor.default-dispatcher-13] INFO  a.a.LocalActorRef akka://worker/user/watcher/processing-watcher/graph/graph/$V - Starting...
07:22:38.317 [worker-akka.actor.default-dispatcher-13] INFO  a.a.LocalActorRef akka://worker/user/watcher/processing-watcher/graph/graph/$W - Starting...
07:22:38.317 [worker-akka.actor.default-dispatcher-13] INFO  a.a.LocalActorRef akka://worker/user/watcher/processing-watcher/graph/graph/$X - Starting...
07:22:38.317 [worker-akka.actor.default-dispatcher-13] INFO  a.a.LocalActorRef akka://worker/user/watcher/processing-watcher/graph/graph/$Y - Starting...
07:22:38.317 [worker-akka.actor.default-dispatcher-13] INFO  a.a.LocalActorRef akka://worker/user/watcher/processing-watcher/graph/graph/$Z - Starting...
07:22:38.318 [worker-akka.actor.default-dispatcher-14] INFO  a.a.LocalActorRef akka://worker/user/watcher/processing-watcher/graph/graph/$0 - Starting...
07:22:38.318 [worker-akka.actor.default-dispatcher-14] INFO  a.a.LocalActorRef akka://worker/user/watcher/processing-watcher/graph/graph/$1 - Starting...
07:22:38.318 [worker-akka.actor.default-dispatcher-14] INFO  a.a.LocalActorRef akka://worker/user/watcher/processing-watcher/graph/graph/$2 - Starting...
07:22:38.318 [worker-akka.actor.default-dispatcher-14] INFO  a.a.LocalActorRef akka://worker/user/watcher/processing-watcher/graph/graph/$3 - Starting...
07:22:38.318 [worker-akka.actor.default-dispatcher-14] INFO  a.a.LocalActorRef akka://worker/user/watcher/processing-watcher/graph/graph/$4 - Starting...
07:22:38.318 [worker-akka.actor.default-dispatcher-15] INFO  a.a.LocalActorRef akka://worker/user/watcher/processing-watcher/graph/graph/$5 - Starting...
07:22:38.318 [worker-akka.actor.default-dispatcher-15] INFO  a.a.LocalActorRef akka://worker/user/watcher/processing-watcher/graph/graph/$6 - Starting...
07:22:38.318 [worker-akka.actor.default-dispatcher-15] INFO  a.a.LocalActorRef akka://worker/user/watcher/processing-watcher/graph/graph/$7 - Starting...
07:22:38.318 [worker-akka.actor.default-dispatcher-15] INFO  a.a.LocalActorRef akka://worker/user/watcher/processing-watcher/graph/graph/$8 - Starting...
07:22:38.319 [worker-akka.actor.default-dispatcher-15] INFO  a.a.LocalActorRef akka://worker/user/watcher/processing-watcher/graph/graph/$9 - Starting...
07:22:38.319 [worker-akka.actor.default-dispatcher-13] INFO  a.a.LocalActorRef akka://worker/user/watcher/processing-watcher/graph/graph/$+ - Starting...
07:22:38.319 [worker-akka.actor.default-dispatcher-13] INFO  a.a.LocalActorRef akka://worker/user/watcher/processing-watcher/graph/graph/$~ - Starting...
07:22:38.319 [worker-akka.actor.default-dispatcher-13] INFO  a.a.LocalActorRef akka://worker/user/watcher/processing-watcher/graph/graph/$ab - Starting...
07:22:38.319 [worker-akka.actor.default-dispatcher-13] INFO  a.a.LocalActorRef akka://worker/user/watcher/processing-watcher/graph/graph/$bb - Starting...
07:22:38.319 [worker-akka.actor.default-dispatcher-13] INFO  a.a.LocalActorRef akka://worker/user/watcher/processing-watcher/graph/graph/$cb - Starting...
07:22:38.319 [worker-akka.actor.default-dispatcher-18] INFO  a.a.LocalActorRef akka://worker/user/watcher/processing-watcher/graph/graph/$db - Starting...
07:22:38.319 [worker-akka.actor.default-dispatcher-18] INFO  a.a.LocalActorRef akka://worker/user/watcher/processing-watcher/graph/graph/$eb - Starting...
07:22:38.320 [worker-akka.actor.default-dispatcher-13] INFO  a.a.LocalActorRef akka://worker/user/watcher/processing-watcher/graph/graph/$fb - Starting...
07:22:38.328 [worker-akka.actor.default-dispatcher-13] INFO  a.a.LocalActorRef akka://worker/user/watcher/processing-watcher/graph/graph/$Q - Starting...
07:22:38.328 [worker-akka.actor.default-dispatcher-13] INFO  a.a.LocalActorRef akka://worker/user/watcher/processing-watcher/graph/graph/$gb - Starting...
07:22:38.328 [worker-akka.actor.default-dispatcher-13] INFO  a.a.LocalActorRef akka://worker/user/watcher/processing-watcher/graph/graph/$hb - Starting...
07:22:38.328 [worker-akka.actor.default-dispatcher-13] INFO  a.a.LocalActorRef akka://worker/user/watcher/processing-watcher/graph/graph/$ib - Starting...
07:22:38.329 [worker-akka.actor.default-dispatcher-13] INFO  a.a.LocalActorRef akka://worker/user/watcher/processing-watcher/graph/graph/$jb - Starting...
07:22:38.329 [worker-akka.actor.default-dispatcher-19] INFO  a.a.LocalActorRef akka://worker/user/watcher/processing-watcher/graph/graph/$kb - Starting...
07:22:38.329 [worker-akka.actor.default-dispatcher-19] INFO  a.a.LocalActorRef akka://worker/user/watcher/processing-watcher/graph/graph/$lb - Starting...
07:22:38.329 [worker-akka.actor.default-dispatcher-19] INFO  a.a.LocalActorRef akka://worker/user/watcher/processing-watcher/graph/graph/$mb - Starting...
07:22:38.329 [worker-akka.actor.default-dispatcher-19] INFO  a.a.LocalActorRef akka://worker/user/watcher/processing-watcher/graph/graph/$nb - Starting...
07:22:38.329 [worker-akka.actor.default-dispatcher-19] INFO  a.a.LocalActorRef akka://worker/user/watcher/processing-watcher/graph/graph/$ob - Starting...
07:22:38.332 [worker-akka.actor.default-dispatcher-13] INFO  a.a.LocalActorRef akka://worker/user/watcher/processing-watcher/graph/graph/$pb - Starting...
07:22:38.332 [worker-akka.actor.default-dispatcher-13] INFO  a.a.LocalActorRef akka://worker/user/watcher/processing-watcher/graph/graph/$qb - Starting...
07:22:38.332 [worker-akka.actor.default-dispatcher-13] INFO  a.a.LocalActorRef akka://worker/user/watcher/processing-watcher/graph/graph/$rb - Starting...
07:22:38.332 [worker-akka.actor.default-dispatcher-13] INFO  a.a.LocalActorRef akka://worker/user/watcher/processing-watcher/graph/graph/$sb - Starting...
07:22:38.332 [worker-akka.actor.default-dispatcher-13] INFO  a.a.LocalActorRef akka://worker/user/watcher/processing-watcher/graph/graph/$tb - Starting...
07:22:38.333 [worker-akka.actor.default-dispatcher-20] INFO  a.a.LocalActorRef akka://worker/user/watcher/processing-watcher/graph/graph/$ub - Starting...
07:22:38.333 [worker-akka.actor.default-dispatcher-20] INFO  a.a.LocalActorRef akka://worker/user/watcher/processing-watcher/graph/graph/$vb - Starting...
07:22:38.333 [worker-akka.actor.default-dispatcher-20] INFO  a.a.LocalActorRef akka://worker/user/watcher/processing-watcher/graph/graph/$wb - Starting...
07:22:38.333 [worker-akka.actor.default-dispatcher-20] INFO  a.a.LocalActorRef akka://worker/user/watcher/processing-watcher/graph/graph/$xb - Starting...
07:22:38.333 [worker-akka.actor.default-dispatcher-20] INFO  a.a.LocalActorRef akka://worker/user/watcher/processing-watcher/graph/graph/$yb - Starting...
07:22:38.336 [worker-akka.actor.default-dispatcher-13] INFO  a.a.LocalActorRef akka://worker/user/watcher/processing-watcher/graph/graph/$zb - Starting...
07:22:38.336 [worker-akka.actor.default-dispatcher-13] INFO  a.a.LocalActorRef akka://worker/user/watcher/processing-watcher/graph/graph/$Ab - Starting...
07:22:38.336 [worker-akka.actor.default-dispatcher-13] INFO  a.a.LocalActorRef akka://worker/user/watcher/processing-watcher/graph/graph/$Bb - Starting...
07:22:38.336 [worker-akka.actor.default-dispatcher-13] INFO  a.a.LocalActorRef akka://worker/user/watcher/processing-watcher/graph/graph/$Cb - Starting...
07:22:38.337 [worker-akka.actor.default-dispatcher-13] INFO  a.a.LocalActorRef akka://worker/user/watcher/processing-watcher/graph/graph/$Db - Starting...
07:22:38.337 [worker-akka.actor.default-dispatcher-21] INFO  a.a.LocalActorRef akka://worker/user/watcher/processing-watcher/graph/graph/$Eb - Starting...
07:22:38.337 [worker-akka.actor.default-dispatcher-21] INFO  a.a.LocalActorRef akka://worker/user/watcher/processing-watcher/graph/graph/$Fb - Starting...
07:22:38.337 [worker-akka.actor.default-dispatcher-21] INFO  a.a.LocalActorRef akka://worker/user/watcher/processing-watcher/graph/graph/$Gb - Starting...
07:22:38.337 [worker-akka.actor.default-dispatcher-21] INFO  a.a.LocalActorRef akka://worker/user/watcher/processing-watcher/graph/graph/$Hb - Starting...
07:22:38.337 [worker-akka.actor.default-dispatcher-21] INFO  a.a.LocalActorRef akka://worker/user/watcher/processing-watcher/graph/graph/$Ib - Starting...
07:22:38.337 [worker-akka.actor.default-dispatcher-13] INFO  a.a.LocalActorRef akka://worker/user/watcher/processing-watcher/graph/graph/$Jb - Starting...
07:22:38.338 [worker-akka.actor.default-dispatcher-13] INFO  a.a.LocalActorRef akka://worker/user/watcher/processing-watcher/graph/graph/$Kb - Starting...
07:22:38.338 [worker-akka.actor.default-dispatcher-13] INFO  a.a.LocalActorRef akka://worker/user/watcher/processing-watcher/graph/graph/$Lb - Starting...
07:22:38.338 [worker-akka.actor.default-dispatcher-13] INFO  a.a.LocalActorRef akka://worker/user/watcher/processing-watcher/graph/graph/$Mb - Starting...
07:22:38.338 [worker-akka.actor.default-dispatcher-13] INFO  a.a.LocalActorRef akka://worker/user/watcher/processing-watcher/graph/graph/$Nb - Starting...
07:22:38.338 [worker-akka.actor.default-dispatcher-22] INFO  a.a.LocalActorRef akka://worker/user/watcher/acker - Unregistering front FlameSocketGraphDeployerFront@flamestream-benchmarks-worker-0
07:22:38.368 [Client] INFO  c.s.f.r.e.s.SocketFront  - FlameSocketGraphDeployerFront@flamestream-benchmarks-worker-2 has been disconnected from Connection 2
07:22:38.404 [worker-akka.actor.default-dispatcher-27] INFO  a.a.LocalActorRef akka://worker/user/watcher/acker - Unregistering front FlameSocketGraphDeployerFront@flamestream-benchmarks-worker-1
07:22:38.409 [worker-akka.actor.default-dispatcher-27] INFO  a.a.LocalActorRef akka://worker/user/watcher/acker - Unregistering front FlameSocketGraphDeployerFront@flamestream-benchmarks-worker-2
2019-10-06T07:23:14.296+0000: 91.962: [GC (Allocation Failure) 2019-10-06T07:23:14.296+0000: 91.962: [DefNew: 409600K->45183K(460800K), 0.0913575 secs] 435442K->90557K(1484800K), 0.0914763 secs] [Times: user=0.07 sys=0.02, real=0.09 secs] 
2019-10-06T07:23:17.628+0000: 95.294: [GC (Allocation Failure) 2019-10-06T07:23:17.628+0000: 95.294: [DefNew: 454783K->106K(460800K), 0.0638694 secs] 500157K->87927K(1484800K), 0.0639723 secs] [Times: user=0.03 sys=0.04, real=0.07 secs] 
2019-10-06T07:23:20.535+0000: 98.201: [GC (Allocation Failure) 2019-10-06T07:23:20.535+0000: 98.201: [DefNew: 409706K->153K(460800K), 0.0036014 secs] 497527K->87975K(1484800K), 0.0037031 secs] [Times: user=0.00 sys=0.00, real=0.01 secs] 
2019-10-06T07:23:22.504+0000: 100.170: [GC (Allocation Failure) 2019-10-06T07:23:22.504+0000: 100.170: [DefNew: 409753K->262K(460800K), 0.0033720 secs] 497575K->88084K(1484800K), 0.0034956 secs] [Times: user=0.01 sys=0.00, real=0.00 secs] 
2019-10-06T07:23:25.756+0000: 103.424: [GC (Allocation Failure) 2019-10-06T07:23:25.758+0000: 103.424: [DefNew: 409862K->182K(460800K), 0.0039457 secs] 497684K->88003K(1484800K), 0.0054025 secs] [Times: user=0.01 sys=0.00, real=0.00 secs] 
2019-10-06T07:23:28.704+0000: 106.370: [GC (Allocation Failure) 2019-10-06T07:23:28.704+0000: 106.370: [DefNew: 409782K->180K(460800K), 0.0036212 secs] 497603K->88001K(1484800K), 0.0037225 secs] [Times: user=0.00 sys=0.00, real=0.00 secs] 
2019-10-06T07:23:31.613+0000: 109.280: [GC (Allocation Failure) 2019-10-06T07:23:31.614+0000: 109.280: [DefNew: 409780K->166K(460800K), 0.0037541 secs] 497601K->87988K(1484800K), 0.0049667 secs] [Times: user=0.00 sys=0.00, real=0.01 secs] 
2019-10-06T07:23:34.741+0000: 112.407: [GC (Allocation Failure) 2019-10-06T07:23:34.741+0000: 112.407: [DefNew: 409766K->172K(460800K), 0.0034648 secs] 497588K->87994K(1484800K), 0.0035627 secs] [Times: user=0.00 sys=0.00, real=0.00 secs] 
2019-10-06T07:23:37.856+0000: 115.522: [GC (Allocation Failure) 2019-10-06T07:23:37.856+0000: 115.522: [DefNew: 409772K->175K(460800K), 0.0035483 secs] 497594K->87997K(1484800K), 0.0036449 secs] [Times: user=0.01 sys=0.00, real=0.01 secs] 
2019-10-06T07:23:40.966+0000: 118.632: [GC (Allocation Failure) 2019-10-06T07:23:40.966+0000: 118.632: [DefNew: 409775K->175K(460800K), 0.0034753 secs] 497597K->87996K(1484800K), 0.0035773 secs] [Times: user=0.01 sys=0.00, real=0.01 secs] 
2019-10-06T07:23:44.062+0000: 121.728: [GC (Allocation Failure) 2019-10-06T07:23:44.062+0000: 121.728: [DefNew: 409775K->150K(460800K), 0.0033175 secs] 497596K->87972K(1484800K), 0.0034261 secs] [Times: user=0.01 sys=0.00, real=0.00 secs] 
2019-10-06T07:23:47.614+0000: 125.280: [GC (Allocation Failure) 2019-10-06T07:23:47.614+0000: 125.280: [DefNew: 409750K->382K(460800K), 0.0043231 secs] 497572K->88204K(1484800K), 0.0044282 secs] [Times: user=0.00 sys=0.00, real=0.01 secs] 
2019-10-06T07:23:50.792+0000: 128.458: [GC (Allocation Failure) 2019-10-06T07:23:50.792+0000: 128.458: [DefNew: 409982K->440K(460800K), 0.0038705 secs] 497804K->88262K(1484800K), 0.0039771 secs] [Times: user=0.01 sys=0.00, real=0.00 secs] 
2019-10-06T07:23:54.143+0000: 131.809: [GC (Allocation Failure) 2019-10-06T07:23:54.143+0000: 131.809: [DefNew: 410040K->512K(460800K), 0.0039743 secs] 497862K->88334K(1484800K), 0.0040731 secs] [Times: user=0.00 sys=0.00, real=0.00 secs] 
2019-10-06T07:23:57.388+0000: 135.054: [GC (Allocation Failure) 2019-10-06T07:23:57.388+0000: 135.054: [DefNew: 410112K->589K(460800K), 0.0039742 secs] 497934K->88411K(1484800K), 0.0040753 secs] [Times: user=0.01 sys=0.00, real=0.01 secs] 
2019-10-06T07:24:00.597+0000: 138.263: [GC (Allocation Failure) 2019-10-06T07:24:00.597+0000: 138.263: [DefNew: 410189K->668K(460800K), 0.0042233 secs] 498011K->88490K(1484800K), 0.0043277 secs] [Times: user=0.00 sys=0.00, real=0.00 secs] 
2019-10-06T07:24:03.886+0000: 141.552: [GC (Allocation Failure) 2019-10-06T07:24:03.886+0000: 141.552: [DefNew: 410268K->753K(460800K), 0.0042985 secs] 498090K->88580K(1484800K), 0.0043990 secs] [Times: user=0.01 sys=0.00, real=0.01 secs] 
2019-10-06T07:24:07.048+0000: 144.715: [GC (Allocation Failure) 2019-10-06T07:24:07.049+0000: 144.715: [DefNew: 410353K->767K(460800K), 0.0042980 secs] 498180K->88622K(1484800K), 0.0043983 secs] [Times: user=0.00 sys=0.00, real=0.00 secs] 
2019-10-06T07:24:10.226+0000: 147.893: [GC (Allocation Failure) 2019-10-06T07:24:10.227+0000: 147.893: [DefNew: 410367K->814K(460800K), 0.0040572 secs] 498222K->88669K(1484800K), 0.0041497 secs] [Times: user=0.01 sys=0.00, real=0.01 secs] 
2019-10-06T07:24:13.272+0000: 150.938: [GC (Allocation Failure) 2019-10-06T07:24:13.272+0000: 150.938: [DefNew: 410414K->800K(460800K), 0.0041497 secs] 498269K->88661K(1484800K), 0.0042485 secs] [Times: user=0.00 sys=0.00, real=0.00 secs] 
2019-10-06T07:24:16.313+0000: 153.979: [GC (Allocation Failure) 2019-10-06T07:24:16.313+0000: 153.979: [DefNew: 410400K->801K(460800K), 0.0040442 secs] 498261K->88664K(1484800K), 0.0041411 secs] [Times: user=0.00 sys=0.00, real=0.01 secs] 
2019-10-06T07:24:19.343+0000: 157.010: [GC (Allocation Failure) 2019-10-06T07:24:19.343+0000: 157.010: [DefNew: 410401K->801K(460800K), 0.0039883 secs] 498264K->88664K(1484800K), 0.0040788 secs] [Times: user=0.00 sys=0.00, real=0.00 secs] 
2019-10-06T07:24:22.395+0000: 160.061: [GC (Allocation Failure) 2019-10-06T07:24:22.395+0000: 160.061: [DefNew: 410401K->796K(460800K), 0.0040065 secs] 498264K->88665K(1484800K), 0.0041075 secs] [Times: user=0.00 sys=0.00, real=0.01 secs] 
2019-10-06T07:24:25.407+0000: 163.073: [GC (Allocation Failure) 2019-10-06T07:24:25.407+0000: 163.073: [DefNew: 410396K->804K(460800K), 0.0042917 secs] 498265K->88673K(1484800K), 0.0043880 secs] [Times: user=0.00 sys=0.00, real=0.01 secs] 
2019-10-06T07:24:28.412+0000: 166.079: [GC (Allocation Failure) 2019-10-06T07:24:28.413+0000: 166.079: [DefNew: 410404K->789K(460800K), 0.0039972 secs] 498273K->88663K(1484800K), 0.0040983 secs] [Times: user=0.00 sys=0.00, real=0.01 secs] 
2019-10-06T07:24:31.448+0000: 169.114: [GC (Allocation Failure) 2019-10-06T07:24:31.448+0000: 169.114: [DefNew: 410389K->791K(460800K), 0.0041253 secs] 498263K->88665K(1484800K), 0.0042407 secs] [Times: user=0.00 sys=0.00, real=0.01 secs] 
2019-10-06T07:24:34.458+0000: 172.124: [GC (Allocation Failure) 2019-10-06T07:24:34.458+0000: 172.124: [DefNew: 410391K->578K(460800K), 0.0042175 secs] 498265K->88665K(1484800K), 0.0043139 secs] [Times: user=0.00 sys=0.00, real=0.00 secs] 
2019-10-06T07:24:37.533+0000: 175.199: [GC (Allocation Failure) 2019-10-06T07:24:37.533+0000: 175.199: [DefNew: 410178K->541K(460800K), 0.0039151 secs] 498265K->88696K(1484800K), 0.0040081 secs] [Times: user=0.01 sys=0.00, real=0.01 secs] 
2019-10-06T07:24:40.556+0000: 178.223: [GC (Allocation Failure) 2019-10-06T07:24:40.556+0000: 178.223: [DefNew: 410141K->447K(460800K), 0.0038635 secs] 498296K->88685K(1484800K), 0.0039562 secs] [Times: user=0.00 sys=0.00, real=0.00 secs] 
2019-10-06T07:24:43.563+0000: 181.229: [GC (Allocation Failure) 2019-10-06T07:24:43.563+0000: 181.230: [DefNew: 410047K->355K(460800K), 0.0036559 secs] 498285K->88660K(1484800K), 0.0037523 secs] [Times: user=0.00 sys=0.00, real=0.00 secs] 
2019-10-06T07:24:46.630+0000: 184.296: [GC (Allocation Failure) 2019-10-06T07:24:46.630+0000: 184.296: [DefNew: 409955K->350K(460800K), 0.0040535 secs] 498260K->88734K(1484800K), 0.0041611 secs] [Times: user=0.01 sys=0.00, real=0.00 secs] 
2019-10-06T07:24:49.825+0000: 187.492: [GC (Allocation Failure) 2019-10-06T07:24:49.825+0000: 187.492: [DefNew: 409950K->321K(460800K), 0.0037373 secs] 498334K->88789K(1484800K), 0.0038355 secs] [Times: user=0.01 sys=0.00, real=0.01 secs] 
2019-10-06T07:24:53.001+0000: 190.667: [GC (Allocation Failure) 2019-10-06T07:24:53.001+0000: 190.667: [DefNew: 409921K->315K(460800K), 0.0037175 secs] 498389K->88827K(1484800K), 0.0038417 secs] [Times: user=0.01 sys=0.00, real=0.00 secs] 
2019-10-06T07:24:56.156+0000: 193.822: [GC (Allocation Failure) 2019-10-06T07:24:56.156+0000: 193.822: [DefNew: 409915K->308K(460800K), 0.0039010 secs] 498427K->88866K(1484800K), 0.0040017 secs] [Times: user=0.01 sys=0.00, real=0.01 secs] 
2019-10-06T07:24:59.344+0000: 197.010: [GC (Allocation Failure) 2019-10-06T07:24:59.344+0000: 197.010: [DefNew: 409908K->332K(460800K), 0.0037841 secs] 498466K->88890K(1484800K), 0.0038796 secs] [Times: user=0.00 sys=0.00, real=0.00 secs] 
2019-10-06T07:25:02.484+0000: 200.151: [GC (Allocation Failure) 2019-10-06T07:25:02.485+0000: 200.151: [DefNew: 409932K->374K(460800K), 0.0036976 secs] 498490K->88933K(1484800K), 0.0037916 secs] [Times: user=0.01 sys=0.00, real=0.01 secs] 
2019-10-06T07:25:05.619+0000: 203.285: [GC (Allocation Failure) 2019-10-06T07:25:05.619+0000: 203.285: [DefNew: 409974K->392K(460800K), 0.0037980 secs] 498533K->88950K(1484800K), 0.0039019 secs] [Times: user=0.00 sys=0.00, real=0.00 secs] 
2019-10-06T07:25:08.930+0000: 206.596: [GC (Allocation Failure) 2019-10-06T07:25:08.930+0000: 206.596: [DefNew: 409992K->414K(460800K), 0.0037554 secs] 498550K->88972K(1484800K), 0.0038613 secs] [Times: user=0.01 sys=0.00, real=0.00 secs] 
2019-10-06T07:25:12.020+0000: 209.687: [GC (Allocation Failure) 2019-10-06T07:25:12.020+0000: 209.687: [DefNew: 410014K->441K(460800K), 0.0037178 secs] 498572K->89001K(1484800K), 0.0038128 secs] [Times: user=0.00 sys=0.00, real=0.00 secs] 
2019-10-06T07:25:15.056+0000: 212.723: [GC (Allocation Failure) 2019-10-06T07:25:15.057+0000: 212.723: [DefNew: 410041K->436K(460800K), 0.0039592 secs] 498601K->88995K(1484800K), 0.0053607 secs] [Times: user=0.00 sys=0.00, real=0.01 secs] 
2019-10-06T07:25:18.089+0000: 215.755: [GC (Allocation Failure) 2019-10-06T07:25:18.089+0000: 215.755: [DefNew: 410036K->426K(460800K), 0.0036936 secs] 498595K->88985K(1484800K), 0.0037933 secs] [Times: user=0.00 sys=0.01, real=0.00 secs] 
2019-10-06T07:25:21.113+0000: 218.780: [GC (Allocation Failure) 2019-10-06T07:25:21.113+0000: 218.780: [DefNew: 410026K->407K(460800K), 0.0035829 secs] 498585K->88967K(1484800K), 0.0036712 secs] [Times: user=0.00 sys=0.00, real=0.01 secs] 
2019-10-06T07:25:24.128+0000: 221.794: [GC (Allocation Failure) 2019-10-06T07:25:24.128+0000: 221.794: [DefNew: 410007K->419K(460800K), 0.0038042 secs] 498567K->88978K(1484800K), 0.0039117 secs] [Times: user=0.00 sys=0.00, real=0.01 secs] 
2019-10-06T07:25:27.152+0000: 224.818: [GC (Allocation Failure) 2019-10-06T07:25:27.152+0000: 224.818: [DefNew: 410019K->419K(460800K), 0.0036169 secs] 498578K->88978K(1484800K), 0.0037252 secs] [Times: user=0.01 sys=0.00, real=0.00 secs] 
2019-10-06T07:25:30.169+0000: 227.835: [GC (Allocation Failure) 2019-10-06T07:25:30.169+0000: 227.835: [DefNew: 410019K->419K(460800K), 0.0035539 secs] 498578K->88978K(1484800K), 0.0036420 secs] [Times: user=0.00 sys=0.00, real=0.00 secs] 
2019-10-06T07:25:33.200+0000: 230.866: [GC (Allocation Failure) 2019-10-06T07:25:33.200+0000: 230.866: [DefNew: 410019K->350K(460800K), 0.0036981 secs] 498578K->88978K(1484800K), 0.0037968 secs] [Times: user=0.00 sys=0.00, real=0.00 secs] 
2019-10-06T07:25:36.216+0000: 233.882: [GC (Allocation Failure) 2019-10-06T07:25:36.216+0000: 233.882: [DefNew: 409950K->277K(460800K), 0.0036000 secs] 498578K->88966K(1484800K), 0.0036911 secs] [Times: user=0.00 sys=0.00, real=0.01 secs] 
2019-10-06T07:25:39.265+0000: 236.931: [GC (Allocation Failure) 2019-10-06T07:25:39.265+0000: 236.931: [DefNew: 409877K->300K(460800K), 0.0036631 secs] 498566K->89023K(1484800K), 0.0037692 secs] [Times: user=0.01 sys=0.00, real=0.01 secs] 
2019-10-06T07:25:42.318+0000: 239.984: [GC (Allocation Failure) 2019-10-06T07:25:42.318+0000: 239.984: [DefNew: 409900K->227K(460800K), 0.0034462 secs] 498623K->88984K(1484800K), 0.0035447 secs] [Times: user=0.00 sys=0.00, real=0.00 secs] 
2019-10-06T07:25:45.385+0000: 243.051: [GC (Allocation Failure) 2019-10-06T07:25:45.385+0000: 243.051: [DefNew: 409827K->244K(460800K), 0.0038492 secs] 498584K->89028K(1484800K), 0.0039506 secs] [Times: user=0.00 sys=0.00, real=0.01 secs] 
2019-10-06T07:25:48.493+0000: 246.159: [GC (Allocation Failure) 2019-10-06T07:25:48.493+0000: 246.159: [DefNew: 409844K->223K(460800K), 0.0040743 secs] 498628K->89043K(1484800K), 0.0041939 secs] [Times: user=0.01 sys=0.00, real=0.01 secs] 
2019-10-06T07:25:51.609+0000: 249.276: [GC (Allocation Failure) 2019-10-06T07:25:51.610+0000: 249.276: [DefNew: 409823K->250K(460800K), 0.0037669 secs] 498643K->89092K(1484800K), 0.0039166 secs] [Times: user=0.01 sys=0.00, real=0.00 secs] 
2019-10-06T07:25:54.725+0000: 252.391: [GC (Allocation Failure) 2019-10-06T07:25:54.725+0000: 252.391: [DefNew: 409850K->283K(460800K), 0.0037112 secs] 498692K->89150K(1484800K), 0.0037966 secs] [Times: user=0.01 sys=0.00, real=0.01 secs] 
2019-10-06T07:25:57.869+0000: 255.535: [GC (Allocation Failure) 2019-10-06T07:25:57.869+0000: 255.536: [DefNew: 409883K->310K(460800K), 0.0036036 secs] 498750K->89182K(1484800K), 0.0037038 secs] [Times: user=0.00 sys=0.00, real=0.00 secs] 
2019-10-06T07:26:00.979+0000: 258.646: [GC (Allocation Failure) 2019-10-06T07:26:00.979+0000: 258.646: [DefNew: 409910K->332K(460800K), 0.0037881 secs] 498782K->89204K(1484800K), 0.0038850 secs] [Times: user=0.00 sys=0.00, real=0.00 secs] 
2019-10-06T07:26:04.090+0000: 261.756: [GC (Allocation Failure) 2019-10-06T07:26:04.090+0000: 261.756: [DefNew: 409932K->388K(460800K), 0.0038215 secs] 498804K->89260K(1484800K), 0.0039190 secs] [Times: user=0.00 sys=0.00, real=0.00 secs] 
2019-10-06T07:26:07.194+0000: 264.860: [GC (Allocation Failure) 2019-10-06T07:26:07.194+0000: 264.860: [DefNew: 409988K->454K(460800K), 0.0039295 secs] 498860K->89326K(1484800K), 0.0040241 secs] [Times: user=0.00 sys=0.00, real=0.01 secs] 
2019-10-06T07:26:10.308+0000: 267.974: [GC (Allocation Failure) 2019-10-06T07:26:10.308+0000: 267.974: [DefNew: 410054K->464K(460800K), 0.0036665 secs] 498926K->89336K(1484800K), 0.0037630 secs] [Times: user=0.00 sys=0.00, real=0.00 secs] 
2019-10-06T07:26:13.327+0000: 270.993: [GC (Allocation Failure) 2019-10-06T07:26:13.327+0000: 270.993: [DefNew: 410064K->476K(460800K), 0.0038452 secs] 498936K->89348K(1484800K), 0.0039455 secs] [Times: user=0.00 sys=0.00, real=0.01 secs] 
2019-10-06T07:26:16.355+0000: 274.021: [GC (Allocation Failure) 2019-10-06T07:26:16.355+0000: 274.021: [DefNew: 410076K->476K(460800K), 0.0036065 secs] 498948K->89348K(1484800K), 0.0036977 secs] [Times: user=0.01 sys=0.00, real=0.01 secs] 
2019-10-06T07:26:19.372+0000: 277.038: [GC (Allocation Failure) 2019-10-06T07:26:19.372+0000: 277.038: [DefNew: 410076K->476K(460800K), 0.0036486 secs] 498948K->89348K(1484800K), 0.0037393 secs] [Times: user=0.00 sys=0.00, real=0.00 secs] 
2019-10-06T07:26:22.402+0000: 280.068: [GC (Allocation Failure) 2019-10-06T07:26:22.402+0000: 280.068: [DefNew: 410076K->476K(460800K), 0.0038504 secs] 498948K->89348K(1484800K), 0.0039639 secs] [Times: user=0.00 sys=0.00, real=0.00 secs] 
2019-10-06T07:26:25.428+0000: 283.094: [GC (Allocation Failure) 2019-10-06T07:26:25.428+0000: 283.094: [DefNew: 410076K->476K(460800K), 0.0037915 secs] 498948K->89348K(1484800K), 0.0039062 secs] [Times: user=0.00 sys=0.00, real=0.00 secs] 
2019-10-06T07:26:28.475+0000: 286.142: [GC (Allocation Failure) 2019-10-06T07:26:28.476+0000: 286.142: [DefNew: 410076K->477K(460800K), 0.0037677 secs] 498948K->89349K(1484800K), 0.0038689 secs] [Times: user=0.00 sys=0.00, real=0.01 secs] 
2019-10-06T07:26:31.416+0000: 289.082: [GC (Allocation Failure) 2019-10-06T07:26:31.416+0000: 289.082: [DefNew: 410077K->427K(460800K), 0.0038784 secs] 498949K->89336K(1484800K), 0.0039677 secs] [Times: user=0.00 sys=0.00, real=0.01 secs] 
2019-10-06T07:26:34.059+0000: 291.725: [GC (Allocation Failure) 2019-10-06T07:26:34.059+0000: 291.725: [DefNew: 410027K->411K(460800K), 0.0036516 secs] 498936K->89348K(1484800K), 0.0037419 secs] [Times: user=0.00 sys=0.00, real=0.00 secs] 
2019-10-06T07:26:36.700+0000: 294.366: [GC (Allocation Failure) 2019-10-06T07:26:36.700+0000: 294.366: [DefNew: 410011K->447K(460800K), 0.0037771 secs] 498948K->89433K(1484800K), 0.0038648 secs] [Times: user=0.01 sys=0.00, real=0.00 secs] 
2019-10-06T07:26:39.347+0000: 297.014: [GC (Allocation Failure) 2019-10-06T07:26:39.348+0000: 297.014: [DefNew: 410047K->395K(460800K), 0.0037912 secs] 499033K->89402K(1484800K), 0.0052273 secs] [Times: user=0.00 sys=0.00, real=0.01 secs] 
2019-10-06T07:26:41.982+0000: 299.648: [GC (Allocation Failure) 2019-10-06T07:26:41.982+0000: 299.648: [DefNew: 409995K->376K(460800K), 0.0036024 secs] 499002K->89431K(1484800K), 0.0036866 secs] [Times: user=0.01 sys=0.00, real=0.00 secs] 
2019-10-06T07:26:44.637+0000: 302.304: [GC (Allocation Failure) 2019-10-06T07:26:44.638+0000: 302.305: [DefNew: 409976K->325K(460800K), 0.0037343 secs] 499031K->89423K(1484800K), 0.0050437 secs] [Times: user=0.01 sys=0.00, real=0.00 secs] 
2019-10-06T07:26:47.230+0000: 304.896: [GC (Allocation Failure) 2019-10-06T07:26:47.230+0000: 304.896: [DefNew: 409925K->481K(460800K), 0.0040859 secs] 499022K->89634K(1484800K), 0.0041831 secs] [Times: user=0.00 sys=0.00, real=0.00 secs] 
2019-10-06T07:26:49.977+0000: 307.643: [GC (Allocation Failure) 2019-10-06T07:26:49.977+0000: 307.643: [DefNew: 410081K->532K(460800K), 0.0042382 secs] 499234K->89733K(1484800K), 0.0043415 secs] [Times: user=0.00 sys=0.00, real=0.00 secs] 
2019-10-06T07:26:52.579+0000: 310.246: [GC (Allocation Failure) 2019-10-06T07:26:52.580+0000: 310.246: [DefNew: 410132K->466K(460800K), 0.0038637 secs] 499333K->89707K(1484800K), 0.0039598 secs] [Times: user=0.01 sys=0.00, real=0.00 secs] 
2019-10-06T07:26:55.209+0000: 312.876: [GC (Allocation Failure) 2019-10-06T07:26:55.210+0000: 312.876: [DefNew: 410066K->462K(460800K), 0.0039635 secs] 499307K->89704K(1484800K), 0.0054966 secs] [Times: user=0.00 sys=0.00, real=0.00 secs] 
2019-10-06T07:26:57.871+0000: 315.537: [GC (Allocation Failure) 2019-10-06T07:26:57.871+0000: 315.537: [DefNew: 410062K->479K(460800K), 0.0036404 secs] 499304K->89720K(1484800K), 0.0037474 secs] [Times: user=0.00 sys=0.01, real=0.00 secs] 
2019-10-06T07:27:00.533+0000: 318.200: [GC (Allocation Failure) 2019-10-06T07:27:00.534+0000: 318.200: [DefNew: 410079K->538K(460800K), 0.0038853 secs] 499320K->89779K(1484800K), 0.0053280 secs] [Times: user=0.00 sys=0.00, real=0.01 secs] 
2019-10-06T07:27:03.186+0000: 320.852: [GC (Allocation Failure) 2019-10-06T07:27:03.186+0000: 320.852: [DefNew: 410138K->603K(460800K), 0.0038635 secs] 499379K->89844K(1484800K), 0.0039609 secs] [Times: user=0.01 sys=0.00, real=0.01 secs] 
2019-10-06T07:27:05.852+0000: 323.519: [GC (Allocation Failure) 2019-10-06T07:27:05.852+0000: 323.519: [DefNew: 410203K->620K(460800K), 0.0038224 secs] 499444K->89861K(1484800K), 0.0039153 secs] [Times: user=0.00 sys=0.00, real=0.01 secs] 
2019-10-06T07:27:08.493+0000: 326.159: [GC (Allocation Failure) 2019-10-06T07:27:08.493+0000: 326.159: [DefNew: 410220K->639K(460800K), 0.0038450 secs] 499461K->89880K(1484800K), 0.0040657 secs] [Times: user=0.00 sys=0.00, real=0.01 secs] 
2019-10-06T07:27:11.124+0000: 328.791: [GC (Allocation Failure) 2019-10-06T07:27:11.125+0000: 328.791: [DefNew: 410239K->658K(460800K), 0.0041159 secs] 499480K->89899K(1484800K), 0.0053791 secs] [Times: user=0.01 sys=0.00, real=0.01 secs] 
2019-10-06T07:27:13.739+0000: 331.405: [GC (Allocation Failure) 2019-10-06T07:27:13.739+0000: 331.405: [DefNew: 410258K->634K(460800K), 0.0037163 secs] 499499K->89876K(1484800K), 0.0038158 secs] [Times: user=0.00 sys=0.00, real=0.00 secs] 
2019-10-06T07:27:16.346+0000: 334.014: [GC (Allocation Failure) 2019-10-06T07:27:16.348+0000: 334.014: [DefNew: 410234K->581K(460800K), 0.0040964 secs] 499476K->89887K(1484800K), 0.0058925 secs] [Times: user=0.00 sys=0.00, real=0.01 secs] 
2019-10-06T07:27:18.964+0000: 336.630: [GC (Allocation Failure) 2019-10-06T07:27:18.964+0000: 336.630: [DefNew: 410181K->581K(460800K), 0.0037457 secs] 499487K->89887K(1484800K), 0.0038378 secs] [Times: user=0.00 sys=0.01, real=0.00 secs] 
2019-10-06T07:27:21.604+0000: 339.271: [GC (Allocation Failure) 2019-10-06T07:27:21.605+0000: 339.271: [DefNew: 410181K->569K(460800K), 0.0040055 secs] 499487K->89876K(1484800K), 0.0052555 secs] [Times: user=0.01 sys=0.00, real=0.01 secs] 
2019-10-06T07:27:24.201+0000: 341.868: [GC (Allocation Failure) 2019-10-06T07:27:24.201+0000: 341.868: [DefNew: 410169K->580K(460800K), 0.0037431 secs] 499476K->89886K(1484800K), 0.0038384 secs] [Times: user=0.01 sys=0.00, real=0.00 secs] 
2019-10-06T07:27:26.821+0000: 344.488: [GC (Allocation Failure) 2019-10-06T07:27:26.822+0000: 344.488: [DefNew: 410180K->372K(460800K), 0.0042160 secs] 499486K->89888K(1484800K), 0.0055686 secs] [Times: user=0.01 sys=0.00, real=0.00 secs] 
2019-10-06T07:27:29.447+0000: 347.113: [GC (Allocation Failure) 2019-10-06T07:27:29.447+0000: 347.113: [DefNew: 409972K->356K(460800K), 0.0037524 secs] 499488K->89894K(1484800K), 0.0038536 secs] [Times: user=0.01 sys=0.00, real=0.01 secs] 
2019-10-06T07:27:32.079+0000: 349.746: [GC (Allocation Failure) 2019-10-06T07:27:32.080+0000: 349.746: [DefNew: 409956K->338K(460800K), 0.0038160 secs] 499494K->89903K(1484800K), 0.0050088 secs] [Times: user=0.00 sys=0.00, real=0.00 secs] 
2019-10-06T07:27:34.676+0000: 352.342: [GC (Allocation Failure) 2019-10-06T07:27:34.676+0000: 352.342: [DefNew: 409938K->355K(460800K), 0.0037046 secs] 499503K->89934K(1484800K), 0.0038337 secs] [Times: user=0.01 sys=0.00, real=0.00 secs] 
2019-10-06T07:27:37.294+0000: 354.961: [GC (Allocation Failure) 2019-10-06T07:27:37.295+0000: 354.961: [DefNew: 409955K->287K(460800K), 0.0041199 secs] 499534K->89900K(1484800K), 0.0056197 secs] [Times: user=0.01 sys=0.00, real=0.01 secs] 
2019-10-06T07:27:39.918+0000: 357.584: [GC (Allocation Failure) 2019-10-06T07:27:39.918+0000: 357.584: [DefNew: 409887K->229K(460800K), 0.0036079 secs] 499500K->89901K(1484800K), 0.0036998 secs] [Times: user=0.01 sys=0.00, real=0.00 secs] 
2019-10-06T07:27:42.570+0000: 360.237: [GC (Allocation Failure) 2019-10-06T07:27:42.571+0000: 360.237: [DefNew: 409829K->189K(460800K), 0.0038011 secs] 499501K->89894K(1484800K), 0.0050768 secs] [Times: user=0.00 sys=0.00, real=0.00 secs] 
2019-10-06T07:27:45.230+0000: 362.897: [GC (Allocation Failure) 2019-10-06T07:27:45.230+0000: 362.897: [DefNew: 409789K->156K(460800K), 0.0037109 secs] 499494K->89911K(1484800K), 0.0038074 secs] [Times: user=0.00 sys=0.00, real=0.00 secs] 
2019-10-06T07:27:47.831+0000: 365.499: [GC (Allocation Failure) 2019-10-06T07:27:47.832+0000: 365.499: [DefNew: 409756K->191K(460800K), 0.0037492 secs] 499511K->89965K(1484800K), 0.0049670 secs] [Times: user=0.00 sys=0.00, real=0.01 secs] 
2019-10-06T07:27:50.516+0000: 368.182: [GC (Allocation Failure) 2019-10-06T07:27:50.516+0000: 368.182: [DefNew: 409791K->204K(460800K), 0.0035585 secs] 499565K->89982K(1484800K), 0.0036680 secs] [Times: user=0.00 sys=0.01, real=0.01 secs] 
2019-10-06T07:27:53.208+0000: 370.875: [GC (Allocation Failure) 2019-10-06T07:27:53.209+0000: 370.875: [DefNew: 409804K->228K(460800K), 0.0037088 secs] 499582K->90008K(1484800K), 0.0050030 secs] [Times: user=0.01 sys=0.00, real=0.01 secs] 
2019-10-06T07:27:56.525+0000: 374.191: [GC (Allocation Failure) 2019-10-06T07:27:56.525+0000: 374.191: [DefNew: 409828K->305K(460800K), 0.0038432 secs] 499608K->90085K(1484800K), 0.0039459 secs] [Times: user=0.00 sys=0.00, real=0.01 secs] 
2019-10-06T07:27:58.974+0000: 376.640: [GC (Allocation Failure) 2019-10-06T07:27:58.974+0000: 376.640: [DefNew: 409905K->285K(460800K), 0.0036678 secs] 499685K->90065K(1484800K), 0.0037704 secs] [Times: user=0.01 sys=0.00, real=0.01 secs] 
2019-10-06T07:28:01.130+0000: 378.796: [GC (Allocation Failure) 2019-10-06T07:28:01.130+0000: 378.796: [DefNew: 409885K->308K(460800K), 0.0035753 secs] 499665K->90088K(1484800K), 0.0036711 secs] [Times: user=0.00 sys=0.00, real=0.00 secs] 
2019-10-06T07:28:03.803+0000: 381.469: [GC (Allocation Failure) 2019-10-06T07:28:03.803+0000: 381.469: [DefNew: 409908K->330K(460800K), 0.0037945 secs] 499688K->90110K(1484800K), 0.0038974 secs] [Times: user=0.00 sys=0.00, real=0.00 secs] 
2019-10-06T07:28:07.231+0000: 384.898: [GC (Allocation Failure) 2019-10-06T07:28:07.231+0000: 384.898: [DefNew: 409930K->355K(460800K), 0.0037395 secs] 499710K->90135K(1484800K), 0.0038451 secs] [Times: user=0.01 sys=0.00, real=0.00 secs] 
2019-10-06T07:28:09.506+0000: 387.172: [GC (Allocation Failure) 2019-10-06T07:28:09.506+0000: 387.172: [DefNew: 409955K->387K(460800K), 0.0039715 secs] 499735K->90174K(1484800K), 0.0040577 secs] [Times: user=0.00 sys=0.00, real=0.01 secs] 
2019-10-06T07:28:11.809+0000: 389.475: [GC (Allocation Failure) 2019-10-06T07:28:11.809+0000: 389.475: [DefNew: 409987K->360K(460800K), 0.0037183 secs] 499774K->90147K(1484800K), 0.0038138 secs] [Times: user=0.00 sys=0.00, real=0.00 secs] 
2019-10-06T07:28:14.347+0000: 392.013: [GC (Allocation Failure) 2019-10-06T07:28:14.347+0000: 392.013: [DefNew: 409960K->361K(460800K), 0.0037306 secs] 499747K->90147K(1484800K), 0.0038277 secs] [Times: user=0.00 sys=0.00, real=0.01 secs] 
2019-10-06T07:28:16.987+0000: 394.655: [GC (Allocation Failure) 2019-10-06T07:28:16.989+0000: 394.655: [DefNew: 409961K->360K(460800K), 0.0038927 secs] 499747K->90147K(1484800K), 0.0053944 secs] [Times: user=0.00 sys=0.00, real=0.01 secs] 
2019-10-06T07:28:19.587+0000: 397.253: [GC (Allocation Failure) 2019-10-06T07:28:19.587+0000: 397.253: [DefNew: 409960K->361K(460800K), 0.0036335 secs] 499747K->90147K(1484800K), 0.0037341 secs] [Times: user=0.00 sys=0.00, real=0.01 secs] 
2019-10-06T07:28:22.195+0000: 399.862: [GC (Allocation Failure) 2019-10-06T07:28:22.196+0000: 399.862: [DefNew: 409961K->369K(460800K), 0.0037366 secs] 499747K->90156K(1484800K), 0.0052861 secs] [Times: user=0.00 sys=0.01, real=0.01 secs] 
2019-10-06T07:28:24.808+0000: 402.474: [GC (Allocation Failure) 2019-10-06T07:28:24.808+0000: 402.474: [DefNew: 409969K->382K(460800K), 0.0037901 secs] 499756K->90185K(1484800K), 0.0038869 secs] [Times: user=0.00 sys=0.00, real=0.01 secs] 
2019-10-06T07:28:27.429+0000: 405.097: [GC (Allocation Failure) 2019-10-06T07:28:27.431+0000: 405.097: [DefNew: 409982K->294K(460800K), 0.0039352 secs] 499785K->90147K(1484800K), 0.0053026 secs] [Times: user=0.01 sys=0.00, real=0.00 secs] 
2019-10-06T07:28:30.066+0000: 407.733: [GC (Allocation Failure) 2019-10-06T07:28:30.067+0000: 407.733: [DefNew: 409894K->311K(460800K), 0.0036154 secs] 499747K->90184K(1484800K), 0.0037044 secs] [Times: user=0.00 sys=0.00, real=0.01 secs] 
2019-10-06T07:28:32.695+0000: 410.362: [GC (Allocation Failure) 2019-10-06T07:28:32.696+0000: 410.363: [DefNew: 409911K->247K(460800K), 0.0040165 secs] 499784K->90148K(1484800K), 0.0054389 secs] [Times: user=0.00 sys=0.00, real=0.01 secs] 
2019-10-06T07:28:35.311+0000: 412.977: [GC (Allocation Failure) 2019-10-06T07:28:35.311+0000: 412.977: [DefNew: 409847K->206K(460800K), 0.0036090 secs] 499748K->90152K(1484800K), 0.0037160 secs] [Times: user=0.01 sys=0.00, real=0.00 secs] 
2019-10-06T07:28:37.910+0000: 415.576: [GC (Allocation Failure) 2019-10-06T07:28:37.910+0000: 415.576: [DefNew: 409806K->206K(460800K), 0.0036117 secs] 499752K->90166K(1484800K), 0.0037025 secs] [Times: user=0.01 sys=0.00, real=0.00 secs] 
2019-10-06T07:28:40.527+0000: 418.193: [GC (Allocation Failure) 2019-10-06T07:28:40.527+0000: 418.193: [DefNew: 409806K->233K(460800K), 0.0034202 secs] 499766K->90201K(1484800K), 0.0035188 secs] [Times: user=0.00 sys=0.00, real=0.01 secs] 
2019-10-06T07:28:43.136+0000: 420.803: [GC (Allocation Failure) 2019-10-06T07:28:43.137+0000: 420.803: [DefNew: 409833K->145K(460800K), 0.0037242 secs] 499801K->90148K(1484800K), 0.0050254 secs] [Times: user=0.00 sys=0.00, real=0.01 secs] 
2019-10-06T07:28:45.846+0000: 423.512: [GC (Allocation Failure) 2019-10-06T07:28:45.846+0000: 423.512: [DefNew: 409745K->491K(460800K), 0.0044091 secs] 499748K->90514K(1484800K), 0.0045026 secs] [Times: user=0.01 sys=0.00, real=0.01 secs] 
2019-10-06T07:28:48.446+0000: 426.112: [GC (Allocation Failure) 2019-10-06T07:28:48.446+0000: 426.112: [DefNew: 410091K->350K(460800K), 0.0037122 secs] 500114K->90390K(1484800K), 0.0038052 secs] [Times: user=0.01 sys=0.00, real=0.01 secs] 
2019-10-06T07:28:51.078+0000: 428.744: [GC (Allocation Failure) 2019-10-06T07:28:51.078+0000: 428.744: [DefNew: 409950K->344K(460800K), 0.0034822 secs] 499990K->90385K(1484800K), 0.0035960 secs] [Times: user=0.00 sys=0.00, real=0.00 secs] 
2019-10-06T07:28:53.759+0000: 431.425: [GC (Allocation Failure) 2019-10-06T07:28:53.759+0000: 431.425: [DefNew: 409944K->398K(460800K), 0.0037293 secs] 499985K->90439K(1484800K), 0.0038193 secs] [Times: user=0.01 sys=0.00, real=0.00 secs] 
2019-10-06T07:28:56.387+0000: 434.053: [GC (Allocation Failure) 2019-10-06T07:28:56.387+0000: 434.053: [DefNew: 409998K->397K(460800K), 0.0036576 secs] 500039K->90438K(1484800K), 0.0037554 secs] [Times: user=0.01 sys=0.00, real=0.01 secs] 
2019-10-06T07:28:59.070+0000: 436.737: [GC (Allocation Failure) 2019-10-06T07:28:59.071+0000: 436.737: [DefNew: 409997K->423K(460800K), 0.0040013 secs] 500038K->90464K(1484800K), 0.0053920 secs] [Times: user=0.01 sys=0.00, real=0.00 secs] 
2019-10-06T07:29:01.734+0000: 439.400: [GC (Allocation Failure) 2019-10-06T07:29:01.734+0000: 439.400: [DefNew: 410023K->483K(460800K), 0.0037796 secs] 500064K->90523K(1484800K), 0.0038787 secs] [Times: user=0.00 sys=0.00, real=0.01 secs] 
2019-10-06T07:29:04.401+0000: 442.068: [GC (Allocation Failure) 2019-10-06T07:29:04.402+0000: 442.068: [DefNew: 410083K->458K(460800K), 0.0039112 secs] 500123K->90498K(1484800K), 0.0052959 secs] [Times: user=0.00 sys=0.00, real=0.00 secs] 
2019-10-06T07:29:07.074+0000: 444.740: [GC (Allocation Failure) 2019-10-06T07:29:07.074+0000: 444.740: [DefNew: 410058K->457K(460800K), 0.0037824 secs] 500098K->90497K(1484800K), 0.0038715 secs] [Times: user=0.00 sys=0.01, real=0.01 secs] 
2019-10-06T07:29:09.740+0000: 447.407: [GC (Allocation Failure) 2019-10-06T07:29:09.741+0000: 447.407: [DefNew: 410057K->495K(460800K), 0.0041223 secs] 500097K->90535K(1484800K), 0.0054335 secs] [Times: user=0.01 sys=0.00, real=0.00 secs] 
2019-10-06T07:29:12.343+0000: 450.009: [GC (Allocation Failure) 2019-10-06T07:29:12.343+0000: 450.009: [DefNew: 410095K->495K(460800K), 0.0038163 secs] 500135K->90536K(1484800K), 0.0039028 secs] [Times: user=0.01 sys=0.00, real=0.00 secs] 
2019-10-06T07:29:14.978+0000: 452.646: [GC (Allocation Failure) 2019-10-06T07:29:14.979+0000: 452.646: [DefNew: 410095K->504K(460800K), 0.0038622 secs] 500136K->90545K(1484800K), 0.0055239 secs] [Times: user=0.00 sys=0.00, real=0.00 secs] 
2019-10-06T07:29:17.621+0000: 455.287: [GC (Allocation Failure) 2019-10-06T07:29:17.621+0000: 455.287: [DefNew: 410104K->496K(460800K), 0.0040276 secs] 500145K->90536K(1484800K), 0.0041242 secs] [Times: user=0.01 sys=0.00, real=0.00 secs] 
2019-10-06T07:29:20.249+0000: 457.916: [GC (Allocation Failure) 2019-10-06T07:29:20.250+0000: 457.916: [DefNew: 410096K->507K(460800K), 0.0039031 secs] 500136K->90548K(1484800K), 0.0052926 secs] [Times: user=0.00 sys=0.00, real=0.00 secs] 
2019-10-06T07:29:22.889+0000: 460.555: [GC (Allocation Failure) 2019-10-06T07:29:22.889+0000: 460.555: [DefNew: 410107K->495K(460800K), 0.0037935 secs] 500148K->90536K(1484800K), 0.0038858 secs] [Times: user=0.00 sys=0.00, real=0.00 secs] 
2019-10-06T07:29:25.548+0000: 463.215: [GC (Allocation Failure) 2019-10-06T07:29:25.549+0000: 463.215: [DefNew: 410095K->308K(460800K), 0.0041513 secs] 500136K->90550K(1484800K), 0.0055433 secs] [Times: user=0.01 sys=0.00, real=0.01 secs] 
2019-10-06T07:29:28.166+0000: 465.832: [GC (Allocation Failure) 2019-10-06T07:29:28.166+0000: 465.832: [DefNew: 409908K->292K(460800K), 0.0037265 secs] 500150K->90562K(1484800K), 0.0038119 secs] [Times: user=0.01 sys=0.00, real=0.01 secs] 
2019-10-06T07:29:30.807+0000: 468.474: [GC (Allocation Failure) 2019-10-06T07:29:30.808+0000: 468.474: [DefNew: 409892K->329K(460800K), 0.0038388 secs] 500162K->90607K(1484800K), 0.0054682 secs] [Times: user=0.00 sys=0.00, real=0.01 secs] 
2019-10-06T07:29:33.452+0000: 471.118: [GC (Allocation Failure) 2019-10-06T07:29:33.452+0000: 471.118: [DefNew: 409929K->205K(460800K), 0.0037707 secs] 500207K->90536K(1484800K), 0.0038730 secs] [Times: user=0.01 sys=0.00, real=0.00 secs] 
2019-10-06T07:29:36.060+0000: 473.728: [GC (Allocation Failure) 2019-10-06T07:29:36.062+0000: 473.728: [DefNew: 409805K->228K(460800K), 0.0036061 secs] 500136K->90570K(1484800K), 0.0049208 secs] [Times: user=0.00 sys=0.00, real=0.00 secs] 
2019-10-06T07:29:38.682+0000: 476.348: [GC (Allocation Failure) 2019-10-06T07:29:38.682+0000: 476.348: [DefNew: 409828K->198K(460800K), 0.0035487 secs] 500170K->90555K(1484800K), 0.0036445 secs] [Times: user=0.00 sys=0.00, real=0.00 secs] 
2019-10-06T07:29:41.314+0000: 478.981: [GC (Allocation Failure) 2019-10-06T07:29:41.315+0000: 478.981: [DefNew: 409798K->199K(460800K), 0.0037169 secs] 500155K->90571K(1484800K), 0.0051180 secs] [Times: user=0.00 sys=0.00, real=0.01 secs] 
2019-10-06T07:29:43.944+0000: 481.610: [GC (Allocation Failure) 2019-10-06T07:29:43.944+0000: 481.610: [DefNew: 409799K->145K(460800K), 0.0033189 secs] 500171K->90536K(1484800K), 0.0034042 secs] [Times: user=0.00 sys=0.00, real=0.00 secs] 
2019-10-06T07:29:47.310+0000: 484.977: [GC (Allocation Failure) 2019-10-06T07:29:47.310+0000: 484.977: [DefNew: 409745K->334K(460800K), 0.0082151 secs] 500136K->90736K(1484800K), 0.0083126 secs] [Times: user=0.01 sys=0.00, real=0.01 secs] 
2019-10-06T07:29:49.329+0000: 486.995: [GC (Allocation Failure) 2019-10-06T07:29:49.329+0000: 486.995: [DefNew: 409934K->326K(460800K), 0.0035922 secs] 500336K->90754K(1484800K), 0.0036880 secs] [Times: user=0.00 sys=0.00, real=0.00 secs] 
07:29:51.504 [Client] INFO  c.s.f.r.e.s.SocketRear  - FlameSocketGraphDeployerRear@flamestream-benchmarks-worker-2: has been disconnected from Connection 2
07:29:51.510 [worker-akka.actor.default-dispatcher-25] INFO  a.a.LocalActorRef akka://worker/user/watcher/acker - Unregistering front FlameSocketGraphDeployerFront@flamestream-benchmarks-worker-38
07:29:51.513 [worker-akka.actor.default-dispatcher-25] INFO  a.a.LocalActorRef akka://worker/user/watcher/acker - Unregistering front FlameSocketGraphDeployerFront@flamestream-benchmarks-worker-33
07:29:51.513 [worker-akka.actor.default-dispatcher-25] INFO  a.a.LocalActorRef akka://worker/user/watcher/acker - Unregistering front FlameSocketGraphDeployerFront@flamestream-benchmarks-worker-58
07:29:51.513 [worker-akka.actor.default-dispatcher-25] INFO  a.a.LocalActorRef akka://worker/user/watcher/acker - Unregistering front FlameSocketGraphDeployerFront@flamestream-benchmarks-worker-21
07:29:51.513 [worker-akka.actor.default-dispatcher-25] INFO  a.a.LocalActorRef akka://worker/user/watcher/acker - Unregistering front FlameSocketGraphDeployerFront@flamestream-benchmarks-worker-36
07:29:51.522 [worker-akka.actor.default-dispatcher-25] INFO  a.a.LocalActorRef akka://worker/user/watcher/acker - Unregistering front FlameSocketGraphDeployerFront@flamestream-benchmarks-worker-72
07:29:51.527 [worker-akka.actor.default-dispatcher-25] INFO  a.a.LocalActorRef akka://worker/user/watcher/acker - Unregistering front FlameSocketGraphDeployerFront@flamestream-benchmarks-worker-79
07:29:51.527 [worker-akka.actor.default-dispatcher-25] INFO  a.a.LocalActorRef akka://worker/user/watcher/acker - Unregistering front FlameSocketGraphDeployerFront@flamestream-benchmarks-worker-29
07:29:51.528 [worker-akka.actor.default-dispatcher-25] INFO  a.a.LocalActorRef akka://worker/user/watcher/acker - Unregistering front FlameSocketGraphDeployerFront@flamestream-benchmarks-worker-94
07:29:51.528 [worker-akka.actor.default-dispatcher-25] INFO  a.a.LocalActorRef akka://worker/user/watcher/acker - Unregistering front FlameSocketGraphDeployerFront@flamestream-benchmarks-worker-77
07:29:51.528 [worker-akka.actor.default-dispatcher-25] INFO  a.a.LocalActorRef akka://worker/user/watcher/acker - Unregistering front FlameSocketGraphDeployerFront@flamestream-benchmarks-worker-39
07:29:51.528 [worker-akka.actor.default-dispatcher-25] INFO  a.a.LocalActorRef akka://worker/user/watcher/acker - Unregistering front FlameSocketGraphDeployerFront@flamestream-benchmarks-worker-5
07:29:51.528 [worker-akka.actor.default-dispatcher-25] INFO  a.a.LocalActorRef akka://worker/user/watcher/acker - Unregistering front FlameSocketGraphDeployerFront@flamestream-benchmarks-worker-61
07:29:51.528 [worker-akka.actor.default-dispatcher-25] INFO  a.a.LocalActorRef akka://worker/user/watcher/acker - Unregistering front FlameSocketGraphDeployerFront@flamestream-benchmarks-worker-89
07:29:51.528 [worker-akka.actor.default-dispatcher-25] INFO  a.a.LocalActorRef akka://worker/user/watcher/acker - Unregistering front FlameSocketGraphDeployerFront@flamestream-benchmarks-worker-31
07:29:51.528 [worker-akka.actor.default-dispatcher-7] INFO  a.a.LocalActorRef akka://worker/user/watcher/acker - Unregistering front FlameSocketGraphDeployerFront@flamestream-benchmarks-worker-56
07:29:51.528 [worker-akka.actor.default-dispatcher-7] INFO  a.a.LocalActorRef akka://worker/user/watcher/acker - Unregistering front FlameSocketGraphDeployerFront@flamestream-benchmarks-worker-35
07:29:51.528 [worker-akka.actor.default-dispatcher-7] INFO  a.a.LocalActorRef akka://worker/user/watcher/acker - Unregistering front FlameSocketGraphDeployerFront@flamestream-benchmarks-worker-52
07:29:51.529 [worker-akka.actor.default-dispatcher-7] INFO  a.a.LocalActorRef akka://worker/user/watcher/acker - Unregistering front FlameSocketGraphDeployerFront@flamestream-benchmarks-worker-76
07:29:51.529 [worker-akka.actor.default-dispatcher-7] INFO  a.a.LocalActorRef akka://worker/user/watcher/acker - Unregistering front FlameSocketGraphDeployerFront@flamestream-benchmarks-worker-22
07:29:51.529 [worker-akka.actor.default-dispatcher-7] INFO  a.a.LocalActorRef akka://worker/user/watcher/acker - Unregistering front FlameSocketGraphDeployerFront@flamestream-benchmarks-worker-42
07:29:51.529 [worker-akka.actor.default-dispatcher-7] INFO  a.a.LocalActorRef akka://worker/user/watcher/acker - Unregistering front FlameSocketGraphDeployerFront@flamestream-benchmarks-worker-69
07:29:51.529 [worker-akka.actor.default-dispatcher-7] INFO  a.a.LocalActorRef akka://worker/user/watcher/acker - Unregistering front FlameSocketGraphDeployerFront@flamestream-benchmarks-worker-51
07:29:51.529 [worker-akka.actor.default-dispatcher-7] INFO  a.a.LocalActorRef akka://worker/user/watcher/acker - Unregistering front FlameSocketGraphDeployerFront@flamestream-benchmarks-worker-65
07:29:51.529 [worker-akka.actor.default-dispatcher-7] INFO  a.a.LocalActorRef akka://worker/user/watcher/acker - Unregistering front FlameSocketGraphDeployerFront@flamestream-benchmarks-worker-87
07:29:51.529 [worker-akka.actor.default-dispatcher-7] INFO  a.a.LocalActorRef akka://worker/user/watcher/acker - Unregistering front FlameSocketGraphDeployerFront@flamestream-benchmarks-worker-25
07:29:51.529 [worker-akka.actor.default-dispatcher-7] INFO  a.a.LocalActorRef akka://worker/user/watcher/acker - Unregistering front FlameSocketGraphDeployerFront@flamestream-benchmarks-worker-14
07:29:51.529 [worker-akka.actor.default-dispatcher-7] INFO  a.a.LocalActorRef akka://worker/user/watcher/acker - Unregistering front FlameSocketGraphDeployerFront@flamestream-benchmarks-worker-40
07:29:51.529 [worker-akka.actor.default-dispatcher-7] INFO  a.a.LocalActorRef akka://worker/user/watcher/acker - Unregistering front FlameSocketGraphDeployerFront@flamestream-benchmarks-worker-3
07:29:51.530 [worker-akka.actor.default-dispatcher-7] INFO  a.a.LocalActorRef akka://worker/user/watcher/acker - Unregistering front FlameSocketGraphDeployerFront@flamestream-benchmarks-worker-97
07:29:51.530 [worker-akka.actor.default-dispatcher-15] INFO  a.a.LocalActorRef akka://worker/user/watcher/acker - Unregistering front FlameSocketGraphDeployerFront@flamestream-benchmarks-worker-54
07:29:51.530 [worker-akka.actor.default-dispatcher-15] INFO  a.a.LocalActorRef akka://worker/user/watcher/acker - Unregistering front FlameSocketGraphDeployerFront@flamestream-benchmarks-worker-48
07:29:51.530 [worker-akka.actor.default-dispatcher-15] INFO  a.a.LocalActorRef akka://worker/user/watcher/acker - Unregistering front FlameSocketGraphDeployerFront@flamestream-benchmarks-worker-71
07:29:51.530 [worker-akka.actor.default-dispatcher-15] INFO  a.a.LocalActorRef akka://worker/user/watcher/acker - Unregistering front FlameSocketGraphDeployerFront@flamestream-benchmarks-worker-74
07:29:51.530 [worker-akka.actor.default-dispatcher-15] INFO  a.a.LocalActorRef akka://worker/user/watcher/acker - Unregistering front FlameSocketGraphDeployerFront@flamestream-benchmarks-worker-44
07:29:51.530 [worker-akka.actor.default-dispatcher-15] INFO  a.a.LocalActorRef akka://worker/user/watcher/acker - Unregistering front FlameSocketGraphDeployerFront@flamestream-benchmarks-worker-73
07:29:51.530 [worker-akka.actor.default-dispatcher-15] INFO  a.a.LocalActorRef akka://worker/user/watcher/acker - Unregistering front FlameSocketGraphDeployerFront@flamestream-benchmarks-worker-4
07:29:51.530 [worker-akka.actor.default-dispatcher-15] INFO  a.a.LocalActorRef akka://worker/user/watcher/acker - Unregistering front FlameSocketGraphDeployerFront@flamestream-benchmarks-worker-12
07:29:51.530 [worker-akka.actor.default-dispatcher-15] INFO  a.a.LocalActorRef akka://worker/user/watcher/acker - Unregistering front FlameSocketGraphDeployerFront@flamestream-benchmarks-worker-20
07:29:51.530 [worker-akka.actor.default-dispatcher-15] INFO  a.a.LocalActorRef akka://worker/user/watcher/acker - Unregistering front FlameSocketGraphDeployerFront@flamestream-benchmarks-worker-46
07:29:51.530 [worker-akka.actor.default-dispatcher-15] INFO  a.a.LocalActorRef akka://worker/user/watcher/acker - Unregistering front FlameSocketGraphDeployerFront@flamestream-benchmarks-worker-66
07:29:51.530 [worker-akka.actor.default-dispatcher-15] INFO  a.a.LocalActorRef akka://worker/user/watcher/acker - Unregistering front FlameSocketGraphDeployerFront@flamestream-benchmarks-worker-62
07:29:51.531 [worker-akka.actor.default-dispatcher-15] INFO  a.a.LocalActorRef akka://worker/user/watcher/acker - Unregistering front FlameSocketGraphDeployerFront@flamestream-benchmarks-worker-88
07:29:51.531 [worker-akka.actor.default-dispatcher-15] INFO  a.a.LocalActorRef akka://worker/user/watcher/acker - Unregistering front FlameSocketGraphDeployerFront@flamestream-benchmarks-worker-70
07:29:51.531 [worker-akka.actor.default-dispatcher-15] INFO  a.a.LocalActorRef akka://worker/user/watcher/acker - Unregistering front FlameSocketGraphDeployerFront@flamestream-benchmarks-worker-17
07:29:51.536 [worker-akka.actor.default-dispatcher-25] INFO  a.a.LocalActorRef akka://worker/user/watcher/acker - Unregistering front FlameSocketGraphDeployerFront@flamestream-benchmarks-worker-59
07:29:51.536 [worker-akka.actor.default-dispatcher-25] INFO  a.a.LocalActorRef akka://worker/user/watcher/acker - Unregistering front FlameSocketGraphDeployerFront@flamestream-benchmarks-worker-86
07:29:51.537 [worker-akka.actor.default-dispatcher-25] INFO  a.a.LocalActorRef akka://worker/user/watcher/acker - Unregistering front FlameSocketGraphDeployerFront@flamestream-benchmarks-worker-45
07:29:51.537 [worker-akka.actor.default-dispatcher-25] INFO  a.a.LocalActorRef akka://worker/user/watcher/acker - Unregistering front FlameSocketGraphDeployerFront@flamestream-benchmarks-worker-91
07:29:51.537 [worker-akka.actor.default-dispatcher-25] INFO  a.a.LocalActorRef akka://worker/user/watcher/acker - Unregistering front FlameSocketGraphDeployerFront@flamestream-benchmarks-worker-90
07:29:51.537 [worker-akka.actor.default-dispatcher-25] INFO  a.a.LocalActorRef akka://worker/user/watcher/acker - Unregistering front FlameSocketGraphDeployerFront@flamestream-benchmarks-worker-95
07:29:51.537 [worker-akka.actor.default-dispatcher-25] INFO  a.a.LocalActorRef akka://worker/user/watcher/acker - Unregistering front FlameSocketGraphDeployerFront@flamestream-benchmarks-worker-64
07:29:51.537 [worker-akka.actor.default-dispatcher-25] INFO  a.a.LocalActorRef akka://worker/user/watcher/acker - Unregistering front FlameSocketGraphDeployerFront@flamestream-benchmarks-worker-15
07:29:51.537 [worker-akka.actor.default-dispatcher-25] INFO  a.a.LocalActorRef akka://worker/user/watcher/acker - Unregistering front FlameSocketGraphDeployerFront@flamestream-benchmarks-worker-85
07:29:51.537 [worker-akka.actor.default-dispatcher-25] INFO  a.a.LocalActorRef akka://worker/user/watcher/acker - Unregistering front FlameSocketGraphDeployerFront@flamestream-benchmarks-worker-98
07:29:51.537 [worker-akka.actor.default-dispatcher-7] INFO  a.a.LocalActorRef akka://worker/user/watcher/acker - Unregistering front FlameSocketGraphDeployerFront@flamestream-benchmarks-worker-96
07:29:51.537 [worker-akka.actor.default-dispatcher-7] INFO  a.a.LocalActorRef akka://worker/user/watcher/acker - Unregistering front FlameSocketGraphDeployerFront@flamestream-benchmarks-worker-43
07:29:51.538 [worker-akka.actor.default-dispatcher-7] INFO  a.a.LocalActorRef akka://worker/user/watcher/acker - Unregistering front FlameSocketGraphDeployerFront@flamestream-benchmarks-worker-78
07:29:51.538 [worker-akka.actor.default-dispatcher-7] INFO  a.a.LocalActorRef akka://worker/user/watcher/acker - Unregistering front FlameSocketGraphDeployerFront@flamestream-benchmarks-worker-57
07:29:51.538 [worker-akka.actor.default-dispatcher-7] INFO  a.a.LocalActorRef akka://worker/user/watcher/acker - Unregistering front FlameSocketGraphDeployerFront@flamestream-benchmarks-worker-11
07:29:51.538 [worker-akka.actor.default-dispatcher-7] INFO  a.a.LocalActorRef akka://worker/user/watcher/acker - Unregistering front FlameSocketGraphDeployerFront@flamestream-benchmarks-worker-99
07:29:51.538 [worker-akka.actor.default-dispatcher-7] INFO  a.a.LocalActorRef akka://worker/user/watcher/acker - Unregistering front FlameSocketGraphDeployerFront@flamestream-benchmarks-worker-68
07:29:51.538 [worker-akka.actor.default-dispatcher-7] INFO  a.a.LocalActorRef akka://worker/user/watcher/acker - Unregistering front FlameSocketGraphDeployerFront@flamestream-benchmarks-worker-63
07:29:51.538 [worker-akka.actor.default-dispatcher-7] INFO  a.a.LocalActorRef akka://worker/user/watcher/acker - Unregistering front FlameSocketGraphDeployerFront@flamestream-benchmarks-worker-23
07:29:51.538 [worker-akka.actor.default-dispatcher-7] INFO  a.a.LocalActorRef akka://worker/user/watcher/acker - Unregistering front FlameSocketGraphDeployerFront@flamestream-benchmarks-worker-67
07:29:51.538 [worker-akka.actor.default-dispatcher-21] INFO  a.a.LocalActorRef akka://worker/user/watcher/acker - Unregistering front FlameSocketGraphDeployerFront@flamestream-benchmarks-worker-16
07:29:51.538 [worker-akka.actor.default-dispatcher-21] INFO  a.a.LocalActorRef akka://worker/user/watcher/acker - Unregistering front FlameSocketGraphDeployerFront@flamestream-benchmarks-worker-84
07:29:51.538 [worker-akka.actor.default-dispatcher-21] INFO  a.a.LocalActorRef akka://worker/user/watcher/acker - Unregistering front FlameSocketGraphDeployerFront@flamestream-benchmarks-worker-82
07:29:51.538 [worker-akka.actor.default-dispatcher-21] INFO  a.a.LocalActorRef akka://worker/user/watcher/acker - Unregistering front FlameSocketGraphDeployerFront@flamestream-benchmarks-worker-24
07:29:51.539 [worker-akka.actor.default-dispatcher-21] INFO  a.a.LocalActorRef akka://worker/user/watcher/acker - Unregistering front FlameSocketGraphDeployerFront@flamestream-benchmarks-worker-81
07:29:51.539 [worker-akka.actor.default-dispatcher-21] INFO  a.a.LocalActorRef akka://worker/user/watcher/acker - Unregistering front FlameSocketGraphDeployerFront@flamestream-benchmarks-worker-19
07:29:51.539 [worker-akka.actor.default-dispatcher-21] INFO  a.a.LocalActorRef akka://worker/user/watcher/acker - Unregistering front FlameSocketGraphDeployerFront@flamestream-benchmarks-worker-41
07:29:51.545 [worker-akka.actor.default-dispatcher-27] INFO  a.a.LocalActorRef akka://worker/user/watcher/acker - Unregistering front FlameSocketGraphDeployerFront@flamestream-benchmarks-worker-34
07:29:51.545 [worker-akka.actor.default-dispatcher-27] INFO  a.a.LocalActorRef akka://worker/user/watcher/acker - Unregistering front FlameSocketGraphDeployerFront@flamestream-benchmarks-worker-80
07:29:51.546 [worker-akka.actor.default-dispatcher-27] INFO  a.a.LocalActorRef akka://worker/user/watcher/acker - Unregistering front FlameSocketGraphDeployerFront@flamestream-benchmarks-worker-9
07:29:51.546 [worker-akka.actor.default-dispatcher-27] INFO  a.a.LocalActorRef akka://worker/user/watcher/acker - Unregistering front FlameSocketGraphDeployerFront@flamestream-benchmarks-worker-28
07:29:51.546 [worker-akka.actor.default-dispatcher-27] INFO  a.a.LocalActorRef akka://worker/user/watcher/acker - Unregistering front FlameSocketGraphDeployerFront@flamestream-benchmarks-worker-18
07:29:51.551 [worker-akka.actor.default-dispatcher-25] INFO  a.a.LocalActorRef akka://worker/user/watcher/acker - Unregistering front FlameSocketGraphDeployerFront@flamestream-benchmarks-worker-75
07:29:51.552 [worker-akka.actor.default-dispatcher-25] INFO  a.a.LocalActorRef akka://worker/user/watcher/acker - Unregistering front FlameSocketGraphDeployerFront@flamestream-benchmarks-worker-83
07:29:51.552 [worker-akka.actor.default-dispatcher-25] INFO  a.a.LocalActorRef akka://worker/user/watcher/acker - Unregistering front FlameSocketGraphDeployerFront@flamestream-benchmarks-worker-7
07:29:51.552 [worker-akka.actor.default-dispatcher-25] INFO  a.a.LocalActorRef akka://worker/user/watcher/acker - Unregistering front FlameSocketGraphDeployerFront@flamestream-benchmarks-worker-13
07:29:51.552 [worker-akka.actor.default-dispatcher-25] INFO  a.a.LocalActorRef akka://worker/user/watcher/acker - Unregistering front FlameSocketGraphDeployerFront@flamestream-benchmarks-worker-32
07:29:51.557 [worker-akka.actor.default-dispatcher-25] INFO  a.a.LocalActorRef akka://worker/user/watcher/acker - Unregistering front FlameSocketGraphDeployerFront@flamestream-benchmarks-worker-37
07:29:51.558 [worker-akka.actor.default-dispatcher-25] INFO  a.a.LocalActorRef akka://worker/user/watcher/acker - Unregistering front FlameSocketGraphDeployerFront@flamestream-benchmarks-worker-10
07:29:51.558 [worker-akka.actor.default-dispatcher-25] INFO  a.a.LocalActorRef akka://worker/user/watcher/acker - Unregistering front FlameSocketGraphDeployerFront@flamestream-benchmarks-worker-27
07:29:51.558 [worker-akka.actor.default-dispatcher-25] INFO  a.a.LocalActorRef akka://worker/user/watcher/acker - Unregistering front FlameSocketGraphDeployerFront@flamestream-benchmarks-worker-93
07:29:51.558 [worker-akka.actor.default-dispatcher-25] INFO  a.a.LocalActorRef akka://worker/user/watcher/acker - Unregistering front FlameSocketGraphDeployerFront@flamestream-benchmarks-worker-8
07:29:51.558 [worker-akka.actor.default-dispatcher-25] INFO  a.a.LocalActorRef akka://worker/user/watcher/acker - Unregistering front FlameSocketGraphDeployerFront@flamestream-benchmarks-worker-55
07:29:51.563 [worker-akka.actor.default-dispatcher-7] INFO  a.a.LocalActorRef akka://worker/user/watcher/acker - Unregistering front FlameSocketGraphDeployerFront@flamestream-benchmarks-worker-50
07:29:51.571 [worker-akka.actor.default-dispatcher-7] INFO  a.a.LocalActorRef akka://worker/user/watcher/acker - Unregistering front FlameSocketGraphDeployerFront@flamestream-benchmarks-worker-92
07:29:51.572 [worker-akka.actor.default-dispatcher-7] INFO  a.a.LocalActorRef akka://worker/user/watcher/acker - Unregistering front FlameSocketGraphDeployerFront@flamestream-benchmarks-worker-60
07:29:51.572 [worker-akka.actor.default-dispatcher-7] INFO  a.a.LocalActorRef akka://worker/user/watcher/acker - Unregistering front FlameSocketGraphDeployerFront@flamestream-benchmarks-worker-6
07:29:51.581 [worker-akka.actor.default-dispatcher-7] INFO  a.a.LocalActorRef akka://worker/user/watcher/acker - Unregistering front FlameSocketGraphDeployerFront@flamestream-benchmarks-worker-49
07:29:51.582 [worker-akka.actor.default-dispatcher-7] INFO  a.a.LocalActorRef akka://worker/user/watcher/acker - Unregistering front FlameSocketGraphDeployerFront@flamestream-benchmarks-worker-30
07:29:51.612 [worker-akka.actor.default-dispatcher-7] INFO  a.a.LocalActorRef akka://worker/user/watcher/acker - Unregistering front FlameSocketGraphDeployerFront@flamestream-benchmarks-worker-26
07:29:51.678 [worker-akka.actor.default-dispatcher-7] INFO  a.a.LocalActorRef akka://worker/user/watcher/acker - Unregistering front FlameSocketGraphDeployerFront@flamestream-benchmarks-worker-53
07:29:51.682 [worker-akka.actor.default-dispatcher-7] INFO  a.a.LocalActorRef akka://worker/user/watcher/acker - Unregistering front FlameSocketGraphDeployerFront@flamestream-benchmarks-worker-47
07:29:51.697 [worker-akka.actor.default-dispatcher-7] WARN  c.s.f.r.e.s.SocketRear  - FlameSocketGraphDeployerRear@flamestream-benchmarks-worker-2: writing to closed log
07:29:51.857 [worker-akka.actor.default-dispatcher-7] WARN  c.s.f.r.e.s.SocketRear  - FlameSocketGraphDeployerRear@flamestream-benchmarks-worker-2: writing to closed log
07:29:51.972 [worker-akka.actor.default-dispatcher-7] WARN  c.s.f.r.e.s.SocketRear  - FlameSocketGraphDeployerRear@flamestream-benchmarks-worker-2: writing to closed log
2019-10-06T07:31:35.890+0000: 593.556: [GC (Allocation Failure) 2019-10-06T07:31:35.890+0000: 593.556: [DefNew: 409926K->466K(460800K), 0.0045559 secs] 500354K->90894K(1484800K), 0.0046727 secs] [Times: user=0.00 sys=0.00, real=0.00 secs] 
07:31:40.612 [worker-akka.actor.default-dispatcher-7] INFO  a.a.LocalActorRef akka://worker/user/watcher/acker - Stopped
07:31:40.614 [worker-akka.actor.default-dispatcher-7] INFO  a.a.LocalActorRef akka://worker/user/watcher/processing-watcher/graph/negotiator - Stopped
07:31:40.614 [worker-akka.actor.default-dispatcher-7] INFO  a.a.LocalActorRef akka://worker/user/watcher/processing-watcher/graph/edge/FlameSocketGraphDeployerFront - Stopped
07:31:40.614 [worker-akka.actor.default-dispatcher-7] INFO  a.a.LocalActorRef akka://worker/user/watcher/processing-watcher/graph/edge/FlameSocketGraphDeployerRear - Stopped
07:31:40.614 [worker-akka.actor.default-dispatcher-7] INFO  a.a.LocalActorRef akka://worker/user/watcher/processing-watcher/graph/edge - Stopped
07:31:40.618 [worker-akka.actor.default-dispatcher-7] INFO  a.a.LocalActorRef akka://worker/user/watcher/processing-watcher/graph/graph/$+ - Stopped
07:31:40.619 [worker-akka.actor.default-dispatcher-7] INFO  a.a.LocalActorRef akka://worker/user/watcher/processing-watcher/graph/graph/$0 - Stopped
07:31:40.619 [worker-akka.actor.default-dispatcher-7] INFO  a.a.LocalActorRef akka://worker/user/watcher/processing-watcher/graph/graph/$1 - Stopped
07:31:40.619 [worker-akka.actor.default-dispatcher-7] INFO  a.a.LocalActorRef akka://worker/user/watcher/processing-watcher/graph/graph/$2 - Stopped
07:31:40.619 [worker-akka.actor.default-dispatcher-7] INFO  a.a.LocalActorRef akka://worker/user/watcher/processing-watcher/graph/graph/$3 - Stopped
07:31:40.619 [worker-akka.actor.default-dispatcher-7] INFO  a.a.LocalActorRef akka://worker/user/watcher/processing-watcher/graph/graph/$4 - Stopped
07:31:40.620 [worker-akka.actor.default-dispatcher-24] INFO  a.a.LocalActorRef akka://worker/user/watcher/processing-watcher/$d/$a - Stopped
07:31:40.620 [worker-akka.actor.default-dispatcher-27] INFO  a.a.LocalActorRef akka://worker/user/watcher/processing-watcher/graph/graph/$5 - Stopped
07:31:40.623 [worker-akka.actor.default-dispatcher-14] INFO  a.a.LocalActorRef akka://worker/user/watcher/processing-watcher/$d - Stopped
07:31:40.625 [worker-akka.actor.default-dispatcher-27] INFO  a.a.LocalActorRef akka://worker/user/watcher/processing-watcher/graph/graph/$6 - Stopped
07:31:40.627 [worker-akka.actor.default-dispatcher-27] INFO  a.a.LocalActorRef akka://worker/user/watcher/processing-watcher/graph/graph/$7 - Stopped
07:31:40.628 [worker-akka.actor.default-dispatcher-27] INFO  a.a.LocalActorRef akka://worker/user/watcher/processing-watcher/graph/graph/$8 - Stopped
07:31:40.629 [worker-akka.actor.default-dispatcher-27] INFO  a.a.LocalActorRef akka://worker/user/watcher/processing-watcher/graph/graph/$9 - Stopped
07:31:40.630 [worker-akka.actor.default-dispatcher-27] INFO  a.a.LocalActorRef akka://worker/user/watcher/processing-watcher/graph/graph/$A - Stopped
07:31:40.631 [worker-akka.actor.default-dispatcher-27] INFO  a.a.LocalActorRef akka://worker/user/watcher/processing-watcher/graph/graph/$Ab - Stopped
07:31:40.632 [worker-akka.actor.default-dispatcher-27] INFO  a.a.LocalActorRef akka://worker/user/watcher/processing-watcher/graph/graph/$B - Stopped
07:31:40.633 [worker-akka.actor.default-dispatcher-27] INFO  a.a.LocalActorRef akka://worker/user/watcher/processing-watcher/graph/graph/$Bb - Stopped
07:31:40.641 [worker-akka.actor.default-dispatcher-27] INFO  a.a.LocalActorRef akka://worker/user/watcher/processing-watcher/graph/graph/$C - Stopped
07:31:40.645 [worker-akka.actor.default-dispatcher-27] INFO  a.a.LocalActorRef akka://worker/user/watcher/processing-watcher/graph/graph/$Cb - Stopped
07:31:40.646 [worker-akka.actor.default-dispatcher-27] INFO  a.a.LocalActorRef akka://worker/user/watcher/processing-watcher/graph/graph/$D - Stopped
07:31:40.646 [worker-akka.actor.default-dispatcher-27] INFO  a.a.LocalActorRef akka://worker/user/watcher/processing-watcher/graph/graph/$Db - Stopped
07:31:40.647 [worker-akka.actor.default-dispatcher-27] INFO  a.a.LocalActorRef akka://worker/user/watcher/processing-watcher/graph/graph/$E - Stopped
07:31:40.647 [worker-akka.actor.default-dispatcher-27] INFO  a.a.LocalActorRef akka://worker/user/watcher/processing-watcher/graph/graph/$Eb - Stopped
07:31:40.648 [worker-akka.actor.default-dispatcher-27] INFO  a.a.LocalActorRef akka://worker/user/watcher/processing-watcher/graph/graph/$F - Stopped
07:31:40.648 [worker-akka.actor.default-dispatcher-27] INFO  a.a.LocalActorRef akka://worker/user/watcher/processing-watcher/graph/graph/$Fb - Stopped
07:31:40.649 [worker-akka.actor.default-dispatcher-27] INFO  a.a.LocalActorRef akka://worker/user/watcher/processing-watcher/graph/graph/$G - Stopped
07:31:40.649 [worker-akka.actor.default-dispatcher-27] INFO  a.a.LocalActorRef akka://worker/user/watcher/processing-watcher/graph/graph/$Gb - Stopped
07:31:40.651 [worker-akka.actor.default-dispatcher-27] INFO  a.a.LocalActorRef akka://worker/user/watcher/processing-watcher/graph/graph/$H - Stopped
07:31:40.654 [worker-akka.actor.default-dispatcher-27] INFO  a.a.LocalActorRef akka://worker/user/watcher/processing-watcher/graph/graph/$Hb - Stopped
07:31:40.655 [worker-akka.actor.default-dispatcher-27] INFO  a.a.LocalActorRef akka://worker/user/watcher/processing-watcher/graph/graph/$I - Stopped
07:31:40.656 [worker-akka.actor.default-dispatcher-27] INFO  a.a.LocalActorRef akka://worker/user/watcher/processing-watcher/graph/graph/$Ib - Stopped
07:31:40.656 [worker-akka.actor.default-dispatcher-27] INFO  a.a.LocalActorRef akka://worker/user/watcher/processing-watcher/graph/graph/$J - Stopped
07:31:40.657 [worker-akka.actor.default-dispatcher-27] INFO  a.a.LocalActorRef akka://worker/user/watcher/processing-watcher/graph/graph/$Jb - Stopped
07:31:40.657 [worker-akka.actor.default-dispatcher-27] INFO  a.a.LocalActorRef akka://worker/user/watcher/processing-watcher/graph/graph/$K - Stopped
07:31:40.658 [worker-akka.actor.default-dispatcher-27] INFO  a.a.LocalActorRef akka://worker/user/watcher/processing-watcher/graph/graph/$Kb - Stopped
07:31:40.659 [worker-akka.actor.default-dispatcher-27] INFO  a.a.LocalActorRef akka://worker/user/watcher/processing-watcher/graph/graph/$L - Stopped
07:31:40.660 [worker-akka.actor.default-dispatcher-27] INFO  a.a.LocalActorRef akka://worker/user/watcher/processing-watcher/graph/graph/$Lb - Stopped
07:31:40.661 [worker-akka.actor.default-dispatcher-27] INFO  a.a.LocalActorRef akka://worker/user/watcher/processing-watcher/graph/graph/$M - Stopped
07:31:40.662 [worker-akka.actor.default-dispatcher-27] INFO  a.a.LocalActorRef akka://worker/user/watcher/processing-watcher/graph/graph/$Mb - Stopped
07:31:40.663 [worker-akka.actor.default-dispatcher-27] INFO  a.a.LocalActorRef akka://worker/user/watcher/processing-watcher/graph/graph/$N - Stopped
07:31:40.663 [worker-akka.actor.default-dispatcher-27] INFO  a.a.LocalActorRef akka://worker/user/watcher/processing-watcher/graph/graph/$Nb - Stopped
07:31:40.664 [worker-akka.actor.default-dispatcher-27] INFO  a.a.LocalActorRef akka://worker/user/watcher/processing-watcher/graph/graph/$O - Stopped
07:31:40.665 [worker-akka.actor.default-dispatcher-27] INFO  a.a.LocalActorRef akka://worker/user/watcher/processing-watcher/graph/graph/$P - Stopped
07:31:40.665 [worker-akka.actor.default-dispatcher-27] INFO  a.a.LocalActorRef akka://worker/user/watcher/processing-watcher/graph/graph/$Q - Stopped
07:31:40.667 [worker-akka.actor.default-dispatcher-27] INFO  a.a.LocalActorRef akka://worker/user/watcher/processing-watcher/graph/graph/$R - Stopped
07:31:40.669 [worker-akka.actor.default-dispatcher-27] INFO  a.a.LocalActorRef akka://worker/user/watcher/processing-watcher/graph/graph/$S - Stopped
07:31:40.669 [worker-akka.actor.default-dispatcher-27] INFO  a.a.LocalActorRef akka://worker/user/watcher/processing-watcher/graph/graph/$T - Stopped
07:31:40.670 [worker-akka.actor.default-dispatcher-27] INFO  a.a.LocalActorRef akka://worker/user/watcher/processing-watcher/graph/graph/$U - Stopped
07:31:40.670 [worker-akka.actor.default-dispatcher-27] INFO  a.a.LocalActorRef akka://worker/user/watcher/processing-watcher/graph/graph/$V - Stopped
07:31:40.670 [worker-akka.actor.default-dispatcher-27] INFO  a.a.LocalActorRef akka://worker/user/watcher/processing-watcher/graph/graph/$W - Stopped
07:31:40.671 [worker-akka.actor.default-dispatcher-27] INFO  a.a.LocalActorRef akka://worker/user/watcher/processing-watcher/graph/graph/$X - Stopped
07:31:40.674 [worker-akka.actor.default-dispatcher-27] INFO  a.a.LocalActorRef akka://worker/user/watcher/processing-watcher/graph/graph/$Y - Stopped
07:31:40.677 [worker-akka.actor.default-dispatcher-27] INFO  a.a.LocalActorRef akka://worker/user/watcher/processing-watcher/graph/graph/$Z - Stopped
07:31:40.677 [worker-akka.actor.default-dispatcher-27] INFO  a.a.LocalActorRef akka://worker/user/watcher/processing-watcher/graph/graph/$a - Stopped
07:31:40.677 [worker-akka.actor.default-dispatcher-27] INFO  a.a.LocalActorRef akka://worker/user/watcher/processing-watcher/graph/graph/$ab - Stopped
07:31:40.677 [worker-akka.actor.default-dispatcher-14] INFO  a.a.LocalActorRef akka://worker/user/watcher/processing-watcher/graph/graph/$b - Stopped
07:31:40.677 [worker-akka.actor.default-dispatcher-14] INFO  a.a.LocalActorRef akka://worker/user/watcher/processing-watcher/graph/graph/$bb - Stopped
07:31:40.677 [worker-akka.actor.default-dispatcher-14] INFO  a.a.LocalActorRef akka://worker/user/watcher/processing-watcher/graph/graph/$c - Stopped
07:31:40.677 [worker-akka.actor.default-dispatcher-14] INFO  a.a.LocalActorRef akka://worker/user/watcher/processing-watcher/graph/graph/$cb - Stopped
07:31:40.677 [worker-akka.actor.default-dispatcher-14] INFO  a.a.LocalActorRef akka://worker/user/watcher/processing-watcher/graph/graph/$d - Stopped
07:31:40.677 [worker-akka.actor.default-dispatcher-14] INFO  a.a.LocalActorRef akka://worker/user/watcher/processing-watcher/graph/graph/$db - Stopped
07:31:40.677 [worker-akka.actor.default-dispatcher-14] INFO  a.a.LocalActorRef akka://worker/user/watcher/processing-watcher/graph/graph/$e - Stopped
07:31:40.677 [worker-akka.actor.default-dispatcher-14] INFO  a.a.LocalActorRef akka://worker/user/watcher/processing-watcher/graph/graph/$eb - Stopped
07:31:40.677 [worker-akka.actor.default-dispatcher-14] INFO  a.a.LocalActorRef akka://worker/user/watcher/processing-watcher/graph/graph/$f - Stopped
07:31:40.677 [worker-akka.actor.default-dispatcher-14] INFO  a.a.LocalActorRef akka://worker/user/watcher/processing-watcher/graph/graph/$fb - Stopped
07:31:40.678 [worker-akka.actor.default-dispatcher-14] INFO  a.a.LocalActorRef akka://worker/user/watcher/processing-watcher/graph/graph/$g - Stopped
07:31:40.678 [worker-akka.actor.default-dispatcher-14] INFO  a.a.LocalActorRef akka://worker/user/watcher/processing-watcher/graph/graph/$gb - Stopped
07:31:40.678 [worker-akka.actor.default-dispatcher-14] INFO  a.a.LocalActorRef akka://worker/user/watcher/processing-watcher/graph/graph/$h - Stopped
07:31:40.678 [worker-akka.actor.default-dispatcher-14] INFO  a.a.LocalActorRef akka://worker/user/watcher/processing-watcher/graph/graph/$hb - Stopped
07:31:40.678 [worker-akka.actor.default-dispatcher-27] INFO  a.a.LocalActorRef akka://worker/user/watcher/processing-watcher/graph/graph/$i - Stopped
07:31:40.682 [worker-akka.actor.default-dispatcher-27] INFO  a.a.LocalActorRef akka://worker/user/watcher/processing-watcher/graph/graph/$ib - Stopped
07:31:40.688 [worker-akka.actor.default-dispatcher-27] INFO  a.a.LocalActorRef akka://worker/user/watcher/processing-watcher/graph/graph/$j - Stopped
07:31:40.688 [worker-akka.actor.default-dispatcher-27] INFO  a.a.LocalActorRef akka://worker/user/watcher/processing-watcher/graph/graph/$jb - Stopped
07:31:40.689 [worker-akka.actor.default-dispatcher-27] INFO  a.a.LocalActorRef akka://worker/user/watcher/processing-watcher/graph/graph/$k - Stopped
07:31:40.689 [worker-akka.actor.default-dispatcher-27] INFO  a.a.LocalActorRef akka://worker/user/watcher/processing-watcher/graph/graph/$kb - Stopped
07:31:40.689 [worker-akka.actor.default-dispatcher-27] INFO  a.a.LocalActorRef akka://worker/user/watcher/processing-watcher/graph/graph/$l - Stopped
07:31:40.689 [worker-akka.actor.default-dispatcher-27] INFO  a.a.LocalActorRef akka://worker/user/watcher/processing-watcher/graph/graph/$lb - Stopped
07:31:40.689 [worker-akka.actor.default-dispatcher-27] INFO  a.a.LocalActorRef akka://worker/user/watcher/processing-watcher/graph/graph/$m - Stopped
07:31:40.689 [worker-akka.actor.default-dispatcher-27] INFO  a.a.LocalActorRef akka://worker/user/watcher/processing-watcher/graph/graph/$mb - Stopped
07:31:40.690 [worker-akka.actor.default-dispatcher-27] INFO  a.a.LocalActorRef akka://worker/user/watcher/processing-watcher/graph/graph/$n - Stopped
07:31:40.690 [worker-akka.actor.default-dispatcher-27] INFO  a.a.LocalActorRef akka://worker/user/watcher/processing-watcher/graph/graph/$nb - Stopped
07:31:40.691 [worker-akka.actor.default-dispatcher-27] INFO  a.a.LocalActorRef akka://worker/user/watcher/processing-watcher/graph/graph/$o - Stopped
07:31:40.691 [worker-akka.actor.default-dispatcher-27] INFO  a.a.LocalActorRef akka://worker/user/watcher/processing-watcher/graph/graph/$ob - Stopped
07:31:40.691 [worker-akka.actor.default-dispatcher-27] INFO  a.a.LocalActorRef akka://worker/user/watcher/processing-watcher/graph/graph/$p - Stopped
07:31:40.691 [worker-akka.actor.default-dispatcher-27] INFO  a.a.LocalActorRef akka://worker/user/watcher/processing-watcher/graph/graph/$pb - Stopped
07:31:40.692 [worker-akka.actor.default-dispatcher-27] INFO  a.a.LocalActorRef akka://worker/user/watcher/processing-watcher/graph/graph/$q - Stopped
07:31:40.692 [worker-akka.actor.default-dispatcher-27] INFO  a.a.LocalActorRef akka://worker/user/watcher/processing-watcher/graph/graph/$qb - Stopped
07:31:40.707 [worker-akka.actor.default-dispatcher-27] INFO  a.a.LocalActorRef akka://worker/user/watcher/processing-watcher/graph/graph/$r - Stopped
07:31:40.707 [worker-akka.actor.default-dispatcher-27] INFO  a.a.LocalActorRef akka://worker/user/watcher/processing-watcher/graph/graph/$rb - Stopped
07:31:40.707 [worker-akka.actor.default-dispatcher-27] INFO  a.a.LocalActorRef akka://worker/user/watcher/processing-watcher/graph/graph/$s - Stopped
07:31:40.707 [worker-akka.actor.default-dispatcher-27] INFO  a.a.LocalActorRef akka://worker/user/watcher/processing-watcher/graph/graph/$sb - Stopped
07:31:40.707 [worker-akka.actor.default-dispatcher-27] INFO  a.a.LocalActorRef akka://worker/user/watcher/processing-watcher/graph/graph/$t - Stopped
07:31:40.708 [worker-akka.actor.default-dispatcher-24] INFO  a.a.LocalActorRef akka://worker/user/watcher/processing-watcher/graph/graph/$tb - Stopped
07:31:40.708 [worker-akka.actor.default-dispatcher-24] INFO  a.a.LocalActorRef akka://worker/user/watcher/processing-watcher/graph/graph/$u - Stopped
07:31:40.708 [worker-akka.actor.default-dispatcher-24] INFO  a.a.LocalActorRef akka://worker/user/watcher/processing-watcher/graph/graph/$ub - Stopped
07:31:40.708 [worker-akka.actor.default-dispatcher-24] INFO  a.a.LocalActorRef akka://worker/user/watcher/processing-watcher/graph/graph/$v - Stopped
07:31:40.708 [worker-akka.actor.default-dispatcher-24] INFO  a.a.LocalActorRef akka://worker/user/watcher/processing-watcher/graph/graph/$vb - Stopped
07:31:40.708 [worker-akka.actor.default-dispatcher-24] INFO  a.a.LocalActorRef akka://worker/user/watcher/processing-watcher/graph/graph/$w - Stopped
07:31:40.708 [worker-akka.actor.default-dispatcher-24] INFO  a.a.LocalActorRef akka://worker/user/watcher/processing-watcher/graph/graph/$wb - Stopped
07:31:40.708 [worker-akka.actor.default-dispatcher-24] INFO  a.a.LocalActorRef akka://worker/user/watcher/processing-watcher/graph/graph/$x - Stopped
07:31:40.708 [worker-akka.actor.default-dispatcher-24] INFO  a.a.LocalActorRef akka://worker/user/watcher/processing-watcher/graph/graph/$xb - Stopped
07:31:40.708 [worker-akka.actor.default-dispatcher-24] INFO  a.a.LocalActorRef akka://worker/user/watcher/processing-watcher/graph/graph/$y - Stopped
07:31:40.708 [worker-akka.actor.default-dispatcher-24] INFO  a.a.LocalActorRef akka://worker/user/watcher/processing-watcher/graph/graph/$yb - Stopped
07:31:40.708 [worker-akka.actor.default-dispatcher-24] INFO  a.a.LocalActorRef akka://worker/user/watcher/processing-watcher/graph/graph/$z - Stopped
07:31:40.708 [worker-akka.actor.default-dispatcher-24] INFO  a.a.LocalActorRef akka://worker/user/watcher/processing-watcher/graph/graph/$zb - Stopped
07:31:40.708 [worker-akka.actor.default-dispatcher-24] INFO  a.a.LocalActorRef akka://worker/user/watcher/processing-watcher/graph/graph/$~ - Stopped
07:31:40.715 [worker-akka.actor.default-dispatcher-27] INFO  a.a.LocalActorRef akka://worker/user/watcher/processing-watcher/graph/graph - Stopped
07:31:40.723 [worker-akka.actor.default-dispatcher-27] INFO  a.a.LocalActorRef akka://worker/user/watcher/processing-watcher/graph - Stopped
07:31:40.725 [worker-akka.actor.default-dispatcher-24] INFO  a.a.LocalActorRef akka://worker/user/watcher/processing-watcher - Stopped
07:31:40.726 [Curator-Framework-0] INFO  o.a.c.f.i.CuratorFrameworkImpl  - backgroundOperationsLoop exiting
07:31:40.738 [worker-akka.actor.default-dispatcher-4-EventThread] INFO  o.a.z.ClientCnxn  - EventThread shut down for session: 0x10000432c720002
07:31:40.739 [worker-akka.actor.default-dispatcher-27] INFO  o.a.z.ZooKeeper  - Session: 0x10000432c720002 closed
07:31:40.738 [Curator-PathChildrenCache-0] ERROR o.a.c.f.r.c.PathChildrenCache  - 
java.lang.IllegalStateException: instance must be started before calling this method
	at org.apache.curator.shaded.com.google.common.base.Preconditions.checkState(Preconditions.java:444)
	at org.apache.curator.framework.imps.CuratorFrameworkImpl.getChildren(CuratorFrameworkImpl.java:456)
	at org.apache.curator.framework.recipes.cache.PathChildrenCache.refresh(PathChildrenCache.java:521)
	at org.apache.curator.framework.recipes.cache.RefreshOperation.invoke(RefreshOperation.java:35)
	at org.apache.curator.framework.recipes.cache.PathChildrenCache$9.run(PathChildrenCache.java:786)
	at java.util.concurrent.Executors$RunnableAdapter.call(Executors.java:511)
	at java.util.concurrent.FutureTask.run(FutureTask.java:266)
	at java.util.concurrent.Executors$RunnableAdapter.call(Executors.java:511)
	at java.util.concurrent.FutureTask.run(FutureTask.java:266)
	at java.util.concurrent.ThreadPoolExecutor.runWorker(ThreadPoolExecutor.java:1149)
	at java.util.concurrent.ThreadPoolExecutor$Worker.run(ThreadPoolExecutor.java:624)
	at java.lang.Thread.run(Thread.java:748)
07:31:40.739 [worker-akka.actor.default-dispatcher-24] INFO  a.a.RepointableActorRef akka://worker/user/watcher - Stopped
07:31:40.744 [worker-akka.actor.default-dispatcher-24] INFO  a.r.RemoteActorRefProvider$RemotingTerminator akka://worker@flamestream-benchmarks-worker-2:5412/system/remoting-terminator - Shutting down remote daemon.
07:31:40.747 [worker-akka.actor.default-dispatcher-24] INFO  a.r.RemoteActorRefProvider$RemotingTerminator akka://worker@flamestream-benchmarks-worker-2:5412/system/remoting-terminator - Remote daemon shut down; proceeding with flushing remote transports.
07:31:42.539 [worker-akka.actor.default-dispatcher-27] INFO  a.r.RemoteActorRefProvider$RemotingTerminator akka://worker@flamestream-benchmarks-worker-2:5412/system/remoting-terminator - Remoting shut down.
Heap
 def new generation   total 460800K, used 30777K [0x00000000a2400000, 0x00000000c1800000, 0x00000000c1800000)
  eden space 409600K,   7% used [0x00000000a2400000, 0x00000000a4199b10, 0x00000000bb400000)
  from space 51200K,   0% used [0x00000000be600000, 0x00000000be674980, 0x00000000c1800000)
  to   space 51200K,   0% used [0x00000000bb400000, 0x00000000bb400000, 0x00000000be600000)
 tenured generation   total 1024000K, used 90428K [0x00000000c1800000, 0x0000000100000000, 0x0000000100000000)
   the space 1024000K,   8% used [0x00000000c1800000, 0x00000000c704f218, 0x00000000c704f400, 0x0000000100000000)
 Metaspace       used 41634K, capacity 44587K, committed 44672K, reserved 1087488K
  class space    used 5347K, capacity 5687K, committed 5760K, reserved 1048576K
