11:41:28,155 |-INFO in ch.qos.logback.classic.LoggerContext[default] - Could NOT find resource [logback-test.xml]
11:41:28,155 |-INFO in ch.qos.logback.classic.LoggerContext[default] - Could NOT find resource [logback.groovy]
11:41:28,155 |-INFO in ch.qos.logback.classic.LoggerContext[default] - Found resource [logback.xml] at [jar:file:/home/nikitasokolov/flamestream/lib/flamestream-runtime-1.0-SNAPSHOT.jar!/logback.xml]
11:41:28,156 |-WARN in ch.qos.logback.classic.LoggerContext[default] - Resource [logback.xml] occurs multiple times on the classpath.
11:41:28,156 |-WARN in ch.qos.logback.classic.LoggerContext[default] - Resource [logback.xml] occurs at [jar:file:/home/nikitasokolov/flamestream/lib/flamestream-runtime-1.0-SNAPSHOT.jar!/logback.xml]
11:41:28,156 |-WARN in ch.qos.logback.classic.LoggerContext[default] - Resource [logback.xml] occurs at [jar:file:/home/nikitasokolov/flamestream/flamestream-runtime-1.0-SNAPSHOT.jar!/logback.xml]
11:41:28,172 |-INFO in ch.qos.logback.core.joran.spi.ConfigurationWatchList@6108b2d7 - URL [jar:file:/home/nikitasokolov/flamestream/lib/flamestream-runtime-1.0-SNAPSHOT.jar!/logback.xml] is not of type file
11:41:28,225 |-INFO in ch.qos.logback.classic.joran.action.ConfigurationAction - debug attribute not set
11:41:28,226 |-INFO in ch.qos.logback.core.joran.action.AppenderAction - About to instantiate appender of type [ch.qos.logback.core.ConsoleAppender]
11:41:28,238 |-INFO in ch.qos.logback.core.joran.action.AppenderAction - Naming appender as [STDOUT]
11:41:28,248 |-INFO in ch.qos.logback.core.joran.action.NestedComplexPropertyIA - Assuming default type [ch.qos.logback.classic.encoder.PatternLayoutEncoder] for [encoder] property
11:41:28,303 |-INFO in ch.qos.logback.core.joran.action.AppenderAction - About to instantiate appender of type [ch.qos.logback.core.rolling.RollingFileAppender]
11:41:28,309 |-INFO in ch.qos.logback.core.joran.action.AppenderAction - Naming appender as [FILE]
11:41:28,331 |-INFO in c.q.l.core.rolling.TimeBasedRollingPolicy@357863579 - No compression will be used
11:41:28,333 |-INFO in c.q.l.core.rolling.TimeBasedRollingPolicy@357863579 - Will use the pattern /tmp/application_%d{yyyy-MM-dd}.%i.log for the active file
11:41:28,335 |-INFO in ch.qos.logback.core.rolling.SizeAndTimeBasedFNATP@6bf256fa - The date pattern is 'yyyy-MM-dd' from file name pattern '/tmp/application_%d{yyyy-MM-dd}.%i.log'.
11:41:28,335 |-INFO in ch.qos.logback.core.rolling.SizeAndTimeBasedFNATP@6bf256fa - Roll-over at midnight.
11:41:28,340 |-INFO in ch.qos.logback.core.rolling.SizeAndTimeBasedFNATP@6bf256fa - Setting initial period to Sun Jun 09 11:40:37 MSK 2019
11:41:28,340 |-WARN in ch.qos.logback.core.rolling.SizeAndTimeBasedFNATP@6bf256fa - SizeAndTimeBasedFNATP is deprecated. Use SizeAndTimeBasedRollingPolicy instead
11:41:28,340 |-WARN in ch.qos.logback.core.rolling.SizeAndTimeBasedFNATP@6bf256fa - For more information see http://logback.qos.ch/manual/appenders.html#SizeAndTimeBasedRollingPolicy
11:41:28,344 |-INFO in ch.qos.logback.core.joran.action.NestedComplexPropertyIA - Assuming default type [ch.qos.logback.classic.encoder.PatternLayoutEncoder] for [encoder] property
11:41:28,347 |-INFO in ch.qos.logback.core.rolling.RollingFileAppender[FILE] - Active log file name: /tmp/application.log
11:41:28,347 |-INFO in ch.qos.logback.core.rolling.RollingFileAppender[FILE] - File property is set to [/tmp/application.log]
11:41:28,348 |-INFO in ch.qos.logback.classic.joran.action.RootLoggerAction - Setting level of ROOT logger to WARN
11:41:28,348 |-INFO in ch.qos.logback.core.joran.action.AppenderRefAction - Attaching appender named [STDOUT] to Logger[ROOT]
11:41:28,349 |-INFO in ch.qos.logback.core.joran.action.AppenderRefAction - Attaching appender named [FILE] to Logger[ROOT]
11:41:28,349 |-INFO in ch.qos.logback.classic.joran.action.ConfigurationAction - End of configuration.
11:41:28,350 |-INFO in ch.qos.logback.classic.joran.JoranConfigurator@6cd8737 - Registering current configuration as safe fallback point

2019-06-09T11:41:29.354+0300: 1.391: [GC (Metadata GC Threshold) [PSYoungGen: 108151K->15776K(149504K)] 108151K->15856K(491008K), 0.0197514 secs] [Times: user=0.07 sys=0.01, real=0.02 secs] 
2019-06-09T11:41:29.374+0300: 1.411: [Full GC (Metadata GC Threshold) [PSYoungGen: 15776K->0K(149504K)] [ParOldGen: 80K->14981K(341504K)] 15856K->14981K(491008K), [Metaspace: 20802K->20802K(1067008K)], 0.0282201 secs] [Times: user=0.17 sys=0.03, real=0.03 secs] 
11:41:40.766 [Curator-PathChildrenCache-1] WARN  o.a.c.u.ZKPaths  - The version of ZooKeeper being used doesn't support Container nodes. CreateMode.PERSISTENT will be used instead.
2019-06-09T11:41:41.657+0300: 13.693: [GC (Metadata GC Threshold) [PSYoungGen: 124454K->15936K(149504K)] 139436K->50458K(491008K), 0.0293042 secs] [Times: user=0.20 sys=0.03, real=0.03 secs] 
2019-06-09T11:41:41.686+0300: 13.723: [Full GC (Metadata GC Threshold) [PSYoungGen: 15936K->0K(149504K)] [ParOldGen: 34521K->38909K(341504K)] 50458K->38909K(491008K), [Metaspace: 34547K->34547K(1079296K)], 0.0380638 secs] [Times: user=0.20 sys=0.02, real=0.04 secs] 
2019-06-09T11:41:44.637+0300: 16.673: [GC (Allocation Failure) [PSYoungGen: 128512K->544K(149504K)] 167421K->39461K(491008K), 0.0052025 secs] [Times: user=0.05 sys=0.00, real=0.01 secs] 
2019-06-09T11:41:48.175+0300: 20.212: [GC (Allocation Failure) [PSYoungGen: 129056K->480K(149504K)] 167973K->39405K(491008K), 0.0028341 secs] [Times: user=0.01 sys=0.01, real=0.01 secs] 
2019-06-09T11:41:51.799+0300: 23.904: [GC (Allocation Failure) [PSYoungGen: 128992K->768K(129536K)] 167917K->39702K(471040K), 0.0718322 secs] [Times: user=0.02 sys=0.00, real=0.07 secs] 
2019-06-09T11:41:55.417+0300: 27.453: [GC (Allocation Failure) [PSYoungGen: 129280K->704K(150016K)] 168214K->39638K(491520K), 0.0047400 secs] [Times: user=0.02 sys=0.01, real=0.01 secs] 
2019-06-09T11:41:59.060+0300: 31.097: [GC (Allocation Failure) [PSYoungGen: 129216K->736K(148992K)] 168150K->39678K(490496K), 0.0025384 secs] [Times: user=0.01 sys=0.00, real=0.00 secs] 
2019-06-09T11:42:02.682+0300: 34.718: [GC (Allocation Failure) [PSYoungGen: 129248K->736K(151552K)] 168190K->39678K(493056K), 0.0030839 secs] [Times: user=0.01 sys=0.00, real=0.00 secs] 
2019-06-09T11:42:06.464+0300: 38.501: [GC (Allocation Failure) [PSYoungGen: 132832K->704K(151040K)] 171774K->39654K(492544K), 0.0026789 secs] [Times: user=0.02 sys=0.00, real=0.00 secs] 
2019-06-09T11:42:10.179+0300: 42.216: [GC (Allocation Failure) [PSYoungGen: 132800K->640K(153600K)] 171750K->39598K(495104K), 0.0030061 secs] [Times: user=0.01 sys=0.00, real=0.00 secs] 
2019-06-09T11:42:14.024+0300: 46.122: [GC (Allocation Failure) [PSYoungGen: 136320K->768K(152576K)] 175278K->39726K(494080K), 0.0647341 secs] [Times: user=0.01 sys=0.00, real=0.06 secs] 
2019-06-09T11:42:28.013+0300: 60.049: [GC (Allocation Failure) [PSYoungGen: 136448K->977K(155136K)] 175406K->39943K(496640K), 0.0074769 secs] [Times: user=0.05 sys=0.03, real=0.01 secs] 
11:42:28.038 [Curator-PathChildrenCache-0] ERROR o.a.c.f.r.c.PathChildrenCache  - 
java.lang.IllegalStateException: instance must be started before calling this method
	at org.apache.curator.shaded.com.google.common.base.Preconditions.checkState(Preconditions.java:444)
	at org.apache.curator.framework.imps.CuratorFrameworkImpl.getChildren(CuratorFrameworkImpl.java:456)
	at org.apache.curator.framework.recipes.cache.PathChildrenCache.refresh(PathChildrenCache.java:521)
	at org.apache.curator.framework.recipes.cache.RefreshOperation.invoke(RefreshOperation.java:35)
	at org.apache.curator.framework.recipes.cache.PathChildrenCache$9.run(PathChildrenCache.java:786)
	at java.util.concurrent.Executors$RunnableAdapter.call(Executors.java:511)
	at java.util.concurrent.FutureTask.run(FutureTask.java:266)
	at java.util.concurrent.Executors$RunnableAdapter.call(Executors.java:511)
	at java.util.concurrent.FutureTask.run(FutureTask.java:266)
	at java.util.concurrent.ThreadPoolExecutor.runWorker(ThreadPoolExecutor.java:1149)
	at java.util.concurrent.ThreadPoolExecutor$Worker.run(ThreadPoolExecutor.java:624)
	at java.lang.Thread.run(Thread.java:748)
Heap
 PSYoungGen      total 155136K, used 8590K [0x00000000f5980000, 0x0000000100000000, 0x0000000100000000)
  eden space 138752K, 5% used [0x00000000f5980000,0x00000000f60ef428,0x00000000fe100000)
  from space 16384K, 5% used [0x00000000ff000000,0x00000000ff0f44e0,0x0000000100000000)
  to   space 15360K, 0% used [0x00000000fe100000,0x00000000fe100000,0x00000000ff000000)
 ParOldGen       total 341504K, used 38965K [0x00000000e0c00000, 0x00000000f5980000, 0x00000000f5980000)
  object space 341504K, 11% used [0x00000000e0c00000,0x00000000e320d788,0x00000000f5980000)
 Metaspace       used 35730K, capacity 36606K, committed 36952K, reserved 1081344K
  class space    used 4934K, capacity 5129K, committed 5248K, reserved 1048576K
