08:05:13,672 |-INFO in ch.qos.logback.classic.LoggerContext[default] - Could NOT find resource [logback-test.xml]
08:05:13,672 |-INFO in ch.qos.logback.classic.LoggerContext[default] - Could NOT find resource [logback.groovy]
08:05:13,672 |-INFO in ch.qos.logback.classic.LoggerContext[default] - Found resource [logback.xml] at [jar:file:/root/flamestream/lib/flamestream-runtime-1.0-SNAPSHOT.jar!/logback.xml]
08:05:13,673 |-WARN in ch.qos.logback.classic.LoggerContext[default] - Resource [logback.xml] occurs multiple times on the classpath.
08:05:13,673 |-WARN in ch.qos.logback.classic.LoggerContext[default] - Resource [logback.xml] occurs at [jar:file:/root/flamestream/lib/flamestream-runtime-1.0-SNAPSHOT.jar!/logback.xml]
08:05:13,673 |-WARN in ch.qos.logback.classic.LoggerContext[default] - Resource [logback.xml] occurs at [jar:file:/root/flamestream/flamestream-runtime-1.0-SNAPSHOT.jar!/logback.xml]
08:05:13,692 |-INFO in ch.qos.logback.core.joran.spi.ConfigurationWatchList@3fb6a447 - URL [jar:file:/root/flamestream/lib/flamestream-runtime-1.0-SNAPSHOT.jar!/logback.xml] is not of type file
08:05:13,763 |-INFO in ch.qos.logback.classic.joran.action.ConfigurationAction - debug attribute not set
08:05:13,763 |-INFO in ch.qos.logback.core.joran.action.AppenderAction - About to instantiate appender of type [ch.qos.logback.core.ConsoleAppender]
08:05:13,779 |-INFO in ch.qos.logback.core.joran.action.AppenderAction - Naming appender as [STDOUT]
08:05:13,797 |-INFO in ch.qos.logback.core.joran.action.NestedComplexPropertyIA - Assuming default type [ch.qos.logback.classic.encoder.PatternLayoutEncoder] for [encoder] property
08:05:13,886 |-INFO in ch.qos.logback.core.joran.action.AppenderAction - About to instantiate appender of type [ch.qos.logback.core.rolling.RollingFileAppender]
08:05:13,891 |-INFO in ch.qos.logback.core.joran.action.AppenderAction - Naming appender as [FILE]
08:05:13,923 |-INFO in c.q.l.core.rolling.TimeBasedRollingPolicy@127618319 - No compression will be used
08:05:13,924 |-INFO in c.q.l.core.rolling.TimeBasedRollingPolicy@127618319 - Will use the pattern /tmp/application_%d{yyyy-MM-dd}.%i.log for the active file
08:05:13,927 |-INFO in ch.qos.logback.core.rolling.SizeAndTimeBasedFNATP@6b2fad11 - The date pattern is 'yyyy-MM-dd' from file name pattern '/tmp/application_%d{yyyy-MM-dd}.%i.log'.
08:05:13,927 |-INFO in ch.qos.logback.core.rolling.SizeAndTimeBasedFNATP@6b2fad11 - Roll-over at midnight.
08:05:13,932 |-INFO in ch.qos.logback.core.rolling.SizeAndTimeBasedFNATP@6b2fad11 - Setting initial period to Tue Jun 11 08:03:41 UTC 2019
08:05:13,932 |-WARN in ch.qos.logback.core.rolling.SizeAndTimeBasedFNATP@6b2fad11 - SizeAndTimeBasedFNATP is deprecated. Use SizeAndTimeBasedRollingPolicy instead
08:05:13,932 |-WARN in ch.qos.logback.core.rolling.SizeAndTimeBasedFNATP@6b2fad11 - For more information see http://logback.qos.ch/manual/appenders.html#SizeAndTimeBasedRollingPolicy
08:05:13,936 |-INFO in ch.qos.logback.core.joran.action.NestedComplexPropertyIA - Assuming default type [ch.qos.logback.classic.encoder.PatternLayoutEncoder] for [encoder] property
08:05:13,941 |-INFO in ch.qos.logback.core.rolling.RollingFileAppender[FILE] - Active log file name: /tmp/application.log
08:05:13,941 |-INFO in ch.qos.logback.core.rolling.RollingFileAppender[FILE] - File property is set to [/tmp/application.log]
08:05:13,941 |-INFO in ch.qos.logback.classic.joran.action.RootLoggerAction - Setting level of ROOT logger to WARN
08:05:13,942 |-INFO in ch.qos.logback.core.joran.action.AppenderRefAction - Attaching appender named [STDOUT] to Logger[ROOT]
08:05:13,943 |-INFO in ch.qos.logback.core.joran.action.AppenderRefAction - Attaching appender named [FILE] to Logger[ROOT]
08:05:13,944 |-INFO in ch.qos.logback.classic.joran.action.ConfigurationAction - End of configuration.
08:05:13,944 |-INFO in ch.qos.logback.classic.joran.JoranConfigurator@79698539 - Registering current configuration as safe fallback point

Ama winner
Ama winner
2019-06-11T08:05:15.245+0000: 1.757: [Full GC (Metadata GC Threshold) 2019-06-11T08:05:15.245+0000: 1.757: [Tenured: 0K->15239K(341376K), 0.0392117 secs] 114986K->15239K(494976K), [Metaspace: 20738K->20738K(1067008K)], 0.0392793 secs] [Times: user=0.03 sys=0.01, real=0.04 secs] 
08:05:28.113 [Curator-PathChildrenCache-1] WARN  o.a.c.u.ZKPaths  - The version of ZooKeeper being used doesn't support Container nodes. CreateMode.PERSISTENT will be used instead.
2019-06-11T08:05:30.505+0000: 17.017: [GC (Allocation Failure) 2019-06-11T08:05:30.505+0000: 17.017: [DefNew: 136576K->17024K(153600K), 0.0254961 secs] 151815K->52619K(494976K), 0.0255616 secs] [Times: user=0.02 sys=0.01, real=0.03 secs] 
2019-06-11T08:05:37.025+0000: 23.537: [GC (Allocation Failure) 2019-06-11T08:05:37.025+0000: 23.537: [DefNew: 153600K->204K(153600K), 0.0095266 secs] 189195K->44032K(494976K), 0.0095849 secs] [Times: user=0.01 sys=0.01, real=0.01 secs] 
2019-06-11T08:05:41.990+0000: 28.503: [Full GC (Metadata GC Threshold) 2019-06-11T08:05:41.990+0000: 28.503: [Tenured: 43828K->44058K(341376K), 0.0518782 secs] 147269K->44058K(494976K), [Metaspace: 34592K->34592K(1079296K)], 0.0519515 secs] [Times: user=0.05 sys=0.00, real=0.05 secs] 
2019-06-11T08:05:48.692+0000: 35.205: [GC (Allocation Failure) 2019-06-11T08:05:48.693+0000: 35.205: [DefNew: 136576K->80K(153600K), 0.0016588 secs] 180634K->44138K(494976K), 0.0017141 secs] [Times: user=0.00 sys=0.00, real=0.00 secs] 
2019-06-11T08:05:55.405+0000: 41.918: [GC (Allocation Failure) 2019-06-11T08:05:55.406+0000: 41.918: [DefNew: 136656K->112K(153600K), 0.0016544 secs] 180714K->44170K(494976K), 0.0017229 secs] [Times: user=0.01 sys=0.00, real=0.01 secs] 
2019-06-11T08:06:02.164+0000: 48.676: [GC (Allocation Failure) 2019-06-11T08:06:02.164+0000: 48.676: [DefNew: 136688K->153K(153600K), 0.0017030 secs] 180746K->44211K(494976K), 0.0017652 secs] [Times: user=0.00 sys=0.00, real=0.00 secs] 
2019-06-11T08:06:14.856+0000: 61.368: [GC (Allocation Failure) 2019-06-11T08:06:14.856+0000: 61.368: [DefNew: 136729K->317K(153600K), 0.0018833 secs] 180787K->44375K(494976K), 0.0019447 secs] [Times: user=0.00 sys=0.00, real=0.00 secs] 
08:06:20.626 [Curator-PathChildrenCache-0] ERROR o.a.c.f.r.c.PathChildrenCache  - 
java.lang.IllegalStateException: instance must be started before calling this method
	at org.apache.curator.shaded.com.google.common.base.Preconditions.checkState(Preconditions.java:444)
	at org.apache.curator.framework.imps.CuratorFrameworkImpl.getChildren(CuratorFrameworkImpl.java:456)
	at org.apache.curator.framework.recipes.cache.PathChildrenCache.refresh(PathChildrenCache.java:521)
	at org.apache.curator.framework.recipes.cache.RefreshOperation.invoke(RefreshOperation.java:35)
	at org.apache.curator.framework.recipes.cache.PathChildrenCache$9.run(PathChildrenCache.java:786)
	at java.util.concurrent.Executors$RunnableAdapter.call(Executors.java:511)
	at java.util.concurrent.FutureTask.run(FutureTask.java:266)
	at java.util.concurrent.Executors$RunnableAdapter.call(Executors.java:511)
	at java.util.concurrent.FutureTask.run(FutureTask.java:266)
	at java.util.concurrent.ThreadPoolExecutor.runWorker(ThreadPoolExecutor.java:1149)
	at java.util.concurrent.ThreadPoolExecutor$Worker.run(ThreadPoolExecutor.java:624)
	at java.lang.Thread.run(Thread.java:748)
Heap
 def new generation   total 153600K, used 35106K [0x00000000e0c00000, 0x00000000eb2a0000, 0x00000000eb2a0000)
  eden space 136576K,  25% used [0x00000000e0c00000, 0x00000000e2df9208, 0x00000000e9160000)
  from space 17024K,   1% used [0x00000000e9160000, 0x00000000e91af620, 0x00000000ea200000)
  to   space 17024K,   0% used [0x00000000ea200000, 0x00000000ea200000, 0x00000000eb2a0000)
 tenured generation   total 341376K, used 44058K [0x00000000eb2a0000, 0x0000000100000000, 0x0000000100000000)
   the space 341376K,  12% used [0x00000000eb2a0000, 0x00000000edda6878, 0x00000000edda6a00, 0x0000000100000000)
 Metaspace       used 35898K, capacity 36794K, committed 37120K, reserved 1081344K
  class space    used 4855K, capacity 5073K, committed 5120K, reserved 1048576K
