14:53:52,351 |-INFO in ch.qos.logback.classic.LoggerContext[default] - Could NOT find resource [logback-test.xml]
14:53:52,351 |-INFO in ch.qos.logback.classic.LoggerContext[default] - Could NOT find resource [logback.groovy]
14:53:52,351 |-INFO in ch.qos.logback.classic.LoggerContext[default] - Found resource [logback.xml] at [jar:file:/root/flamestream/lib/flamestream-runtime-1.0-SNAPSHOT.jar!/logback.xml]
14:53:52,352 |-WARN in ch.qos.logback.classic.LoggerContext[default] - Resource [logback.xml] occurs multiple times on the classpath.
14:53:52,356 |-WARN in ch.qos.logback.classic.LoggerContext[default] - Resource [logback.xml] occurs at [jar:file:/root/flamestream/lib/flamestream-runtime-1.0-SNAPSHOT.jar!/logback.xml]
14:53:52,356 |-WARN in ch.qos.logback.classic.LoggerContext[default] - Resource [logback.xml] occurs at [jar:file:/root/flamestream/flamestream-runtime-1.0-SNAPSHOT.jar!/logback.xml]
14:53:52,376 |-INFO in ch.qos.logback.core.joran.spi.ConfigurationWatchList@3fb6a447 - URL [jar:file:/root/flamestream/lib/flamestream-runtime-1.0-SNAPSHOT.jar!/logback.xml] is not of type file
14:53:52,448 |-INFO in ch.qos.logback.classic.joran.action.ConfigurationAction - debug attribute not set
14:53:52,449 |-INFO in ch.qos.logback.core.joran.action.AppenderAction - About to instantiate appender of type [ch.qos.logback.core.ConsoleAppender]
14:53:52,469 |-INFO in ch.qos.logback.core.joran.action.AppenderAction - Naming appender as [STDOUT]
14:53:52,486 |-INFO in ch.qos.logback.core.joran.action.NestedComplexPropertyIA - Assuming default type [ch.qos.logback.classic.encoder.PatternLayoutEncoder] for [encoder] property
14:53:52,567 |-INFO in ch.qos.logback.core.joran.action.AppenderAction - About to instantiate appender of type [ch.qos.logback.core.rolling.RollingFileAppender]
14:53:52,572 |-INFO in ch.qos.logback.core.joran.action.AppenderAction - Naming appender as [FILE]
14:53:52,602 |-INFO in c.q.l.core.rolling.TimeBasedRollingPolicy@127618319 - No compression will be used
14:53:52,603 |-INFO in c.q.l.core.rolling.TimeBasedRollingPolicy@127618319 - Will use the pattern /tmp/application_%d{yyyy-MM-dd}.%i.log for the active file
14:53:52,606 |-INFO in ch.qos.logback.core.rolling.SizeAndTimeBasedFNATP@6b2fad11 - The date pattern is 'yyyy-MM-dd' from file name pattern '/tmp/application_%d{yyyy-MM-dd}.%i.log'.
14:53:52,606 |-INFO in ch.qos.logback.core.rolling.SizeAndTimeBasedFNATP@6b2fad11 - Roll-over at midnight.
14:53:52,611 |-INFO in ch.qos.logback.core.rolling.SizeAndTimeBasedFNATP@6b2fad11 - Setting initial period to Mon Jun 10 14:52:35 UTC 2019
14:53:52,611 |-WARN in ch.qos.logback.core.rolling.SizeAndTimeBasedFNATP@6b2fad11 - SizeAndTimeBasedFNATP is deprecated. Use SizeAndTimeBasedRollingPolicy instead
14:53:52,611 |-WARN in ch.qos.logback.core.rolling.SizeAndTimeBasedFNATP@6b2fad11 - For more information see http://logback.qos.ch/manual/appenders.html#SizeAndTimeBasedRollingPolicy
14:53:52,615 |-INFO in ch.qos.logback.core.joran.action.NestedComplexPropertyIA - Assuming default type [ch.qos.logback.classic.encoder.PatternLayoutEncoder] for [encoder] property
14:53:52,620 |-INFO in ch.qos.logback.core.rolling.RollingFileAppender[FILE] - Active log file name: /tmp/application.log
14:53:52,620 |-INFO in ch.qos.logback.core.rolling.RollingFileAppender[FILE] - File property is set to [/tmp/application.log]
14:53:52,621 |-INFO in ch.qos.logback.classic.joran.action.RootLoggerAction - Setting level of ROOT logger to WARN
14:53:52,621 |-INFO in ch.qos.logback.core.joran.action.AppenderRefAction - Attaching appender named [STDOUT] to Logger[ROOT]
14:53:52,623 |-INFO in ch.qos.logback.core.joran.action.AppenderRefAction - Attaching appender named [FILE] to Logger[ROOT]
14:53:52,623 |-INFO in ch.qos.logback.classic.joran.action.ConfigurationAction - End of configuration.
14:53:52,623 |-INFO in ch.qos.logback.classic.joran.JoranConfigurator@79698539 - Registering current configuration as safe fallback point

Ama winner
Ama winner
2019-06-10T14:53:53.908+0000: 1.740: [Full GC (Metadata GC Threshold) 2019-06-10T14:53:53.908+0000: 1.740: [Tenured: 0K->15143K(341376K), 0.0410096 secs] 114987K->15143K(494976K), [Metaspace: 20730K->20730K(1067008K)], 0.0410764 secs] [Times: user=0.04 sys=0.00, real=0.04 secs] 
14:54:06.122 [Curator-PathChildrenCache-1] WARN  o.a.c.u.ZKPaths  - The version of ZooKeeper being used doesn't support Container nodes. CreateMode.PERSISTENT will be used instead.
2019-06-10T14:54:08.599+0000: 16.432: [GC (Allocation Failure) 2019-06-10T14:54:08.600+0000: 16.432: [DefNew: 136576K->17023K(153600K), 0.0289884 secs] 151719K->52739K(494976K), 0.0290604 secs] [Times: user=0.02 sys=0.00, real=0.03 secs] 
2019-06-10T14:54:09.875+0000: 17.707: [Full GC (Metadata GC Threshold) 2019-06-10T14:54:09.875+0000: 17.707: [Tenured: 35715K->44587K(341376K), 0.0415934 secs] 82446K->44587K(494976K), [Metaspace: 34589K->34589K(1079296K)], 0.0416693 secs] [Times: user=0.03 sys=0.01, real=0.05 secs] 
2019-06-10T14:54:16.957+0000: 24.789: [GC (Allocation Failure) 2019-06-10T14:54:16.957+0000: 24.789: [DefNew: 136576K->73K(153600K), 0.0017956 secs] 181163K->44661K(494976K), 0.0018519 secs] [Times: user=0.00 sys=0.00, real=0.00 secs] 
2019-06-10T14:54:23.875+0000: 31.707: [GC (Allocation Failure) 2019-06-10T14:54:23.875+0000: 31.707: [DefNew: 136649K->70K(153600K), 0.0016773 secs] 181237K->44657K(494976K), 0.0017345 secs] [Times: user=0.00 sys=0.00, real=0.01 secs] 
2019-06-10T14:54:30.850+0000: 38.682: [GC (Allocation Failure) 2019-06-10T14:54:30.850+0000: 38.682: [DefNew: 136646K->70K(153600K), 0.0018460 secs] 181233K->44657K(494976K), 0.0019112 secs] [Times: user=0.00 sys=0.00, real=0.00 secs] 
2019-06-10T14:54:37.881+0000: 45.713: [GC (Allocation Failure) 2019-06-10T14:54:37.881+0000: 45.713: [DefNew: 136646K->68K(153600K), 0.0017579 secs] 181233K->44656K(494976K), 0.0018329 secs] [Times: user=0.00 sys=0.00, real=0.00 secs] 
2019-06-10T14:54:44.896+0000: 52.728: [GC (Allocation Failure) 2019-06-10T14:54:44.896+0000: 52.728: [DefNew: 136644K->74K(153600K), 0.0017793 secs] 181232K->44662K(494976K), 0.0018392 secs] [Times: user=0.00 sys=0.00, real=0.00 secs] 
14:54:54.320 [Curator-PathChildrenCache-0] ERROR o.a.c.f.r.c.PathChildrenCache  - 
java.lang.IllegalStateException: instance must be started before calling this method
	at org.apache.curator.shaded.com.google.common.base.Preconditions.checkState(Preconditions.java:444)
	at org.apache.curator.framework.imps.CuratorFrameworkImpl.getChildren(CuratorFrameworkImpl.java:456)
	at org.apache.curator.framework.recipes.cache.PathChildrenCache.refresh(PathChildrenCache.java:521)
	at org.apache.curator.framework.recipes.cache.RefreshOperation.invoke(RefreshOperation.java:35)
	at org.apache.curator.framework.recipes.cache.PathChildrenCache$9.run(PathChildrenCache.java:786)
	at java.util.concurrent.Executors$RunnableAdapter.call(Executors.java:511)
	at java.util.concurrent.FutureTask.run(FutureTask.java:266)
	at java.util.concurrent.Executors$RunnableAdapter.call(Executors.java:511)
	at java.util.concurrent.FutureTask.run(FutureTask.java:266)
	at java.util.concurrent.ThreadPoolExecutor.runWorker(ThreadPoolExecutor.java:1149)
	at java.util.concurrent.ThreadPoolExecutor$Worker.run(ThreadPoolExecutor.java:624)
	at java.lang.Thread.run(Thread.java:748)
Heap
 def new generation   total 153600K, used 73228K [0x00000000e0c00000, 0x00000000eb2a0000, 0x00000000eb2a0000)
  eden space 136576K,  53% used [0x00000000e0c00000, 0x00000000e5370680, 0x00000000e9160000)
  from space 17024K,   0% used [0x00000000e9160000, 0x00000000e9172ad0, 0x00000000ea200000)
  to   space 17024K,   0% used [0x00000000ea200000, 0x00000000ea200000, 0x00000000eb2a0000)
 tenured generation   total 341376K, used 44587K [0x00000000eb2a0000, 0x0000000100000000, 0x0000000100000000)
   the space 341376K,  13% used [0x00000000eb2a0000, 0x00000000ede2ad90, 0x00000000ede2ae00, 0x0000000100000000)
 Metaspace       used 36120K, capacity 36992K, committed 37120K, reserved 1081344K
  class space    used 4869K, capacity 5074K, committed 5120K, reserved 1048576K
