08:34:02,975 |-INFO in ch.qos.logback.classic.LoggerContext[default] - Could NOT find resource [logback-test.xml]
08:34:02,975 |-INFO in ch.qos.logback.classic.LoggerContext[default] - Could NOT find resource [logback.groovy]
08:34:02,976 |-INFO in ch.qos.logback.classic.LoggerContext[default] - Found resource [logback.xml] at [jar:file:/root/flamestream/lib/flamestream-runtime-1.0-SNAPSHOT.jar!/logback.xml]
08:34:02,977 |-WARN in ch.qos.logback.classic.LoggerContext[default] - Resource [logback.xml] occurs multiple times on the classpath.
08:34:02,977 |-WARN in ch.qos.logback.classic.LoggerContext[default] - Resource [logback.xml] occurs at [jar:file:/root/flamestream/lib/flamestream-runtime-1.0-SNAPSHOT.jar!/logback.xml]
08:34:02,977 |-WARN in ch.qos.logback.classic.LoggerContext[default] - Resource [logback.xml] occurs at [jar:file:/root/flamestream/flamestream-runtime-1.0-SNAPSHOT.jar!/logback.xml]
08:34:02,996 |-INFO in ch.qos.logback.core.joran.spi.ConfigurationWatchList@3fb6a447 - URL [jar:file:/root/flamestream/lib/flamestream-runtime-1.0-SNAPSHOT.jar!/logback.xml] is not of type file
08:34:03,062 |-INFO in ch.qos.logback.classic.joran.action.ConfigurationAction - debug attribute not set
08:34:03,063 |-INFO in ch.qos.logback.core.joran.action.AppenderAction - About to instantiate appender of type [ch.qos.logback.core.ConsoleAppender]
08:34:03,079 |-INFO in ch.qos.logback.core.joran.action.AppenderAction - Naming appender as [STDOUT]
08:34:03,095 |-INFO in ch.qos.logback.core.joran.action.NestedComplexPropertyIA - Assuming default type [ch.qos.logback.classic.encoder.PatternLayoutEncoder] for [encoder] property
08:34:03,194 |-INFO in ch.qos.logback.core.joran.action.AppenderAction - About to instantiate appender of type [ch.qos.logback.core.rolling.RollingFileAppender]
08:34:03,204 |-INFO in ch.qos.logback.core.joran.action.AppenderAction - Naming appender as [FILE]
08:34:03,235 |-INFO in c.q.l.core.rolling.TimeBasedRollingPolicy@127618319 - No compression will be used
08:34:03,236 |-INFO in c.q.l.core.rolling.TimeBasedRollingPolicy@127618319 - Will use the pattern /tmp/application_%d{yyyy-MM-dd}.%i.log for the active file
08:34:03,239 |-INFO in ch.qos.logback.core.rolling.SizeAndTimeBasedFNATP@6b2fad11 - The date pattern is 'yyyy-MM-dd' from file name pattern '/tmp/application_%d{yyyy-MM-dd}.%i.log'.
08:34:03,239 |-INFO in ch.qos.logback.core.rolling.SizeAndTimeBasedFNATP@6b2fad11 - Roll-over at midnight.
08:34:03,244 |-INFO in ch.qos.logback.core.rolling.SizeAndTimeBasedFNATP@6b2fad11 - Setting initial period to Tue Jun 11 08:32:45 UTC 2019
08:34:03,244 |-WARN in ch.qos.logback.core.rolling.SizeAndTimeBasedFNATP@6b2fad11 - SizeAndTimeBasedFNATP is deprecated. Use SizeAndTimeBasedRollingPolicy instead
08:34:03,244 |-WARN in ch.qos.logback.core.rolling.SizeAndTimeBasedFNATP@6b2fad11 - For more information see http://logback.qos.ch/manual/appenders.html#SizeAndTimeBasedRollingPolicy
08:34:03,248 |-INFO in ch.qos.logback.core.joran.action.NestedComplexPropertyIA - Assuming default type [ch.qos.logback.classic.encoder.PatternLayoutEncoder] for [encoder] property
08:34:03,253 |-INFO in ch.qos.logback.core.rolling.RollingFileAppender[FILE] - Active log file name: /tmp/application.log
08:34:03,253 |-INFO in ch.qos.logback.core.rolling.RollingFileAppender[FILE] - File property is set to [/tmp/application.log]
08:34:03,254 |-INFO in ch.qos.logback.classic.joran.action.RootLoggerAction - Setting level of ROOT logger to WARN
08:34:03,256 |-INFO in ch.qos.logback.core.joran.action.AppenderRefAction - Attaching appender named [STDOUT] to Logger[ROOT]
08:34:03,258 |-INFO in ch.qos.logback.core.joran.action.AppenderRefAction - Attaching appender named [FILE] to Logger[ROOT]
08:34:03,258 |-INFO in ch.qos.logback.classic.joran.action.ConfigurationAction - End of configuration.
08:34:03,259 |-INFO in ch.qos.logback.classic.joran.JoranConfigurator@79698539 - Registering current configuration as safe fallback point

Ama winner
Ama winner
2019-06-11T08:34:04.911+0000: 2.125: [Full GC (Metadata GC Threshold) 2019-06-11T08:34:04.911+0000: 2.125: [Tenured: 0K->15256K(341376K), 0.0403792 secs] 120418K->15256K(494976K), [Metaspace: 20724K->20724K(1067008K)], 0.0404490 secs] [Times: user=0.04 sys=0.00, real=0.04 secs] 
08:34:16.581 [Curator-PathChildrenCache-2] WARN  o.a.c.u.ZKPaths  - The version of ZooKeeper being used doesn't support Container nodes. CreateMode.PERSISTENT will be used instead.
2019-06-11T08:34:20.412+0000: 17.626: [GC (Allocation Failure) 2019-06-11T08:34:20.412+0000: 17.626: [DefNew: 136576K->17023K(153600K), 0.0273922 secs] 151832K->52021K(494976K), 0.0274588 secs] [Times: user=0.02 sys=0.00, real=0.03 secs] 
2019-06-11T08:34:22.097+0000: 19.311: [Full GC (Metadata GC Threshold) 2019-06-11T08:34:22.097+0000: 19.311: [Tenured: 34997K->43141K(341376K), 0.0483037 secs] 118158K->43141K(494976K), [Metaspace: 34556K->34556K(1079296K)], 0.0483773 secs] [Times: user=0.05 sys=0.01, real=0.04 secs] 
2019-06-11T08:34:24.693+0000: 21.907: [GC (Allocation Failure) 2019-06-11T08:34:24.693+0000: 21.907: [DefNew: 136576K->1696K(153600K), 0.0075202 secs] 179717K->44837K(494976K), 0.0075791 secs] [Times: user=0.01 sys=0.00, real=0.01 secs] 
2019-06-11T08:34:27.112+0000: 24.326: [GC (Allocation Failure) 2019-06-11T08:34:27.112+0000: 24.326: [DefNew: 138272K->786K(153600K), 0.0042327 secs] 181413K->43927K(494976K), 0.0042913 secs] [Times: user=0.00 sys=0.00, real=0.01 secs] 
2019-06-11T08:34:31.345+0000: 28.559: [GC (Allocation Failure) 2019-06-11T08:34:31.345+0000: 28.559: [DefNew: 137362K->645K(153600K), 0.0026454 secs] 180503K->43786K(494976K), 0.0027044 secs] [Times: user=0.01 sys=0.00, real=0.01 secs] 
2019-06-11T08:34:35.395+0000: 32.609: [GC (Allocation Failure) 2019-06-11T08:34:35.395+0000: 32.609: [DefNew: 137221K->869K(153600K), 0.0030177 secs] 180362K->44010K(494976K), 0.0030847 secs] [Times: user=0.00 sys=0.00, real=0.01 secs] 
2019-06-11T08:34:39.635+0000: 36.849: [GC (Allocation Failure) 2019-06-11T08:34:39.635+0000: 36.849: [DefNew: 137445K->763K(153600K), 0.0028965 secs] 180586K->43904K(494976K), 0.0029669 secs] [Times: user=0.01 sys=0.00, real=0.01 secs] 
2019-06-11T08:34:43.100+0000: 40.314: [GC (Allocation Failure) 2019-06-11T08:34:43.100+0000: 40.314: [DefNew: 137339K->809K(153600K), 0.0027962 secs] 180480K->43951K(494976K), 0.0028551 secs] [Times: user=0.00 sys=0.00, real=0.00 secs] 
2019-06-11T08:34:47.758+0000: 44.972: [GC (Allocation Failure) 2019-06-11T08:34:47.758+0000: 44.972: [DefNew: 137385K->854K(153600K), 0.0029040 secs] 180527K->43995K(494976K), 0.0029647 secs] [Times: user=0.00 sys=0.00, real=0.00 secs] 
2019-06-11T08:34:52.189+0000: 49.403: [GC (Allocation Failure) 2019-06-11T08:34:52.189+0000: 49.403: [DefNew: 137430K->932K(153600K), 0.0030396 secs] 180571K->44073K(494976K), 0.0030944 secs] [Times: user=0.00 sys=0.00, real=0.00 secs] 
2019-06-11T08:34:55.466+0000: 52.680: [GC (Allocation Failure) 2019-06-11T08:34:55.466+0000: 52.680: [DefNew: 137508K->1022K(153600K), 0.0030982 secs] 180649K->44163K(494976K), 0.0031575 secs] [Times: user=0.00 sys=0.00, real=0.01 secs] 
2019-06-11T08:35:00.230+0000: 57.444: [GC (Allocation Failure) 2019-06-11T08:35:00.230+0000: 57.444: [DefNew: 137598K->1014K(153600K), 0.0031156 secs] 180739K->44156K(494976K), 0.0031767 secs] [Times: user=0.00 sys=0.00, real=0.00 secs] 
2019-06-11T08:35:04.447+0000: 61.660: [GC (Allocation Failure) 2019-06-11T08:35:04.447+0000: 61.660: [DefNew: 137590K->1219K(153600K), 0.0035249 secs] 180732K->44360K(494976K), 0.0035843 secs] [Times: user=0.01 sys=0.00, real=0.01 secs] 
2019-06-11T08:35:08.831+0000: 66.045: [GC (Allocation Failure) 2019-06-11T08:35:08.831+0000: 66.045: [DefNew: 137795K->1267K(153600K), 0.0035590 secs] 180936K->44409K(494976K), 0.0036195 secs] [Times: user=0.00 sys=0.00, real=0.00 secs] 
2019-06-11T08:35:13.096+0000: 70.310: [GC (Allocation Failure) 2019-06-11T08:35:13.096+0000: 70.310: [DefNew: 137843K->1334K(153600K), 0.0036104 secs] 180985K->44475K(494976K), 0.0036717 secs] [Times: user=0.00 sys=0.00, real=0.01 secs] 
2019-06-11T08:35:18.250+0000: 75.464: [GC (Allocation Failure) 2019-06-11T08:35:18.250+0000: 75.464: [DefNew: 137910K->1353K(153600K), 0.0035197 secs] 181051K->44494K(494976K), 0.0035805 secs] [Times: user=0.00 sys=0.00, real=0.00 secs] 
2019-06-11T08:35:21.886+0000: 79.100: [GC (Allocation Failure) 2019-06-11T08:35:21.886+0000: 79.100: [DefNew: 137929K->1422K(153600K), 0.0036454 secs] 181070K->44563K(494976K), 0.0037164 secs] [Times: user=0.00 sys=0.01, real=0.01 secs] 
2019-06-11T08:35:25.569+0000: 82.783: [GC (Allocation Failure) 2019-06-11T08:35:25.569+0000: 82.783: [DefNew: 137998K->1475K(153600K), 0.0037636 secs] 181139K->44782K(494976K), 0.0038205 secs] [Times: user=0.01 sys=0.00, real=0.00 secs] 
2019-06-11T08:35:29.121+0000: 86.335: [GC (Allocation Failure) 2019-06-11T08:35:29.121+0000: 86.335: [DefNew: 138051K->1112K(153600K), 0.0035784 secs] 181358K->44679K(494976K), 0.0036509 secs] [Times: user=0.00 sys=0.00, real=0.00 secs] 
2019-06-11T08:35:33.311+0000: 90.525: [GC (Allocation Failure) 2019-06-11T08:35:33.311+0000: 90.525: [DefNew: 137688K->1041K(153600K), 0.0032050 secs] 181255K->44688K(494976K), 0.0032611 secs] [Times: user=0.01 sys=0.00, real=0.00 secs] 
2019-06-11T08:35:37.401+0000: 94.615: [GC (Allocation Failure) 2019-06-11T08:35:37.401+0000: 94.615: [DefNew: 137617K->1131K(153600K), 0.0031191 secs] 181264K->44809K(494976K), 0.0031779 secs] [Times: user=0.01 sys=0.00, real=0.00 secs] 
2019-06-11T08:35:41.264+0000: 98.478: [GC (Allocation Failure) 2019-06-11T08:35:41.264+0000: 98.478: [DefNew: 137707K->1079K(153600K), 0.0030587 secs] 181385K->44826K(494976K), 0.0031165 secs] [Times: user=0.00 sys=0.00, real=0.00 secs] 
2019-06-11T08:35:45.402+0000: 102.616: [GC (Allocation Failure) 2019-06-11T08:35:45.402+0000: 102.616: [DefNew: 137655K->1100K(153600K), 0.0031626 secs] 181402K->44919K(494976K), 0.0032300 secs] [Times: user=0.01 sys=0.00, real=0.00 secs] 
2019-06-11T08:35:50.016+0000: 107.230: [GC (Allocation Failure) 2019-06-11T08:35:50.016+0000: 107.230: [DefNew: 137676K->1033K(153600K), 0.0031015 secs] 181495K->44898K(494976K), 0.0031615 secs] [Times: user=0.01 sys=0.00, real=0.00 secs] 
2019-06-11T08:35:53.708+0000: 110.922: [GC (Allocation Failure) 2019-06-11T08:35:53.708+0000: 110.922: [DefNew: 137609K->1110K(153600K), 0.0031407 secs] 181474K->45015K(494976K), 0.0031998 secs] [Times: user=0.00 sys=0.00, real=0.00 secs] 
2019-06-11T08:35:58.096+0000: 115.309: [GC (Allocation Failure) 2019-06-11T08:35:58.096+0000: 115.310: [DefNew: 137686K->1207K(153600K), 0.0032629 secs] 181591K->45148K(494976K), 0.0033470 secs] [Times: user=0.00 sys=0.00, real=0.01 secs] 
2019-06-11T08:36:02.337+0000: 119.550: [GC (Allocation Failure) 2019-06-11T08:36:02.337+0000: 119.550: [DefNew: 137783K->1082K(153600K), 0.0031292 secs] 181724K->45054K(494976K), 0.0031886 secs] [Times: user=0.01 sys=0.00, real=0.00 secs] 
2019-06-11T08:36:06.419+0000: 123.633: [GC (Allocation Failure) 2019-06-11T08:36:06.419+0000: 123.633: [DefNew: 137658K->1218K(153600K), 0.0031728 secs] 181630K->45249K(494976K), 0.0032225 secs] [Times: user=0.00 sys=0.00, real=0.00 secs] 
2019-06-11T08:36:10.254+0000: 127.468: [GC (Allocation Failure) 2019-06-11T08:36:10.254+0000: 127.468: [DefNew: 137794K->1098K(153600K), 0.0030504 secs] 181825K->45212K(494976K), 0.0031116 secs] [Times: user=0.01 sys=0.00, real=0.01 secs] 
2019-06-11T08:36:15.067+0000: 132.281: [GC (Allocation Failure) 2019-06-11T08:36:15.067+0000: 132.281: [DefNew: 137674K->970K(153600K), 0.0030296 secs] 181788K->45254K(494976K), 0.0030886 secs] [Times: user=0.00 sys=0.00, real=0.01 secs] 
2019-06-11T08:36:19.183+0000: 136.397: [GC (Allocation Failure) 2019-06-11T08:36:19.183+0000: 136.397: [DefNew: 137546K->1329K(153600K), 0.0031158 secs] 181830K->45679K(494976K), 0.0031743 secs] [Times: user=0.00 sys=0.00, real=0.00 secs] 
2019-06-11T08:36:23.663+0000: 140.877: [GC (Allocation Failure) 2019-06-11T08:36:23.663+0000: 140.877: [DefNew: 137905K->1099K(153600K), 0.0031115 secs] 182255K->45514K(494976K), 0.0031744 secs] [Times: user=0.00 sys=0.00, real=0.00 secs] 
2019-06-11T08:36:27.521+0000: 144.735: [GC (Allocation Failure) 2019-06-11T08:36:27.521+0000: 144.735: [DefNew: 137675K->951K(153600K), 0.0035107 secs] 182090K->45423K(494976K), 0.0035790 secs] [Times: user=0.00 sys=0.00, real=0.00 secs] 
2019-06-11T08:36:31.940+0000: 149.154: [GC (Allocation Failure) 2019-06-11T08:36:31.941+0000: 149.154: [DefNew: 137527K->917K(153600K), 0.0028129 secs] 181999K->45438K(494976K), 0.0028716 secs] [Times: user=0.00 sys=0.00, real=0.00 secs] 
2019-06-11T08:36:36.331+0000: 153.545: [GC (Allocation Failure) 2019-06-11T08:36:36.332+0000: 153.546: [DefNew: 137493K->926K(153600K), 0.0027549 secs] 182014K->45501K(494976K), 0.0034041 secs] [Times: user=0.01 sys=0.00, real=0.00 secs] 
2019-06-11T08:37:49.836+0000: 227.050: [GC (Allocation Failure) 2019-06-11T08:37:49.836+0000: 227.050: [DefNew: 137502K->861K(153600K), 0.0028193 secs] 182077K->45487K(494976K), 0.0028725 secs] [Times: user=0.00 sys=0.00, real=0.00 secs] 
2019-06-11T09:33:54.956+0000: 3592.170: [GC (Allocation Failure) 2019-06-11T09:33:54.956+0000: 3592.170: [DefNew: 137437K->1075K(153600K), 0.0026118 secs] 182063K->45754K(494976K), 0.0026723 secs] [Times: user=0.00 sys=0.00, real=0.00 secs] 
09:34:26.583 [Curator-PathChildrenCache-0] ERROR o.a.c.f.r.c.PathChildrenCache  - 
java.lang.IllegalStateException: instance must be started before calling this method
	at org.apache.curator.shaded.com.google.common.base.Preconditions.checkState(Preconditions.java:444)
	at org.apache.curator.framework.imps.CuratorFrameworkImpl.getChildren(CuratorFrameworkImpl.java:456)
	at org.apache.curator.framework.recipes.cache.PathChildrenCache.refresh(PathChildrenCache.java:521)
	at org.apache.curator.framework.recipes.cache.RefreshOperation.invoke(RefreshOperation.java:35)
	at org.apache.curator.framework.recipes.cache.PathChildrenCache$9.run(PathChildrenCache.java:786)
	at java.util.concurrent.Executors$RunnableAdapter.call(Executors.java:511)
	at java.util.concurrent.FutureTask.run(FutureTask.java:266)
	at java.util.concurrent.Executors$RunnableAdapter.call(Executors.java:511)
	at java.util.concurrent.FutureTask.run(FutureTask.java:266)
	at java.util.concurrent.ThreadPoolExecutor.runWorker(ThreadPoolExecutor.java:1149)
	at java.util.concurrent.ThreadPoolExecutor$Worker.run(ThreadPoolExecutor.java:624)
	at java.lang.Thread.run(Thread.java:748)
Heap
 def new generation   total 153600K, used 19422K [0x00000000e0c00000, 0x00000000eb2a0000, 0x00000000eb2a0000)
  eden space 136576K,  13% used [0x00000000e0c00000, 0x00000000e1deac98, 0x00000000e9160000)
  from space 17024K,   6% used [0x00000000e9160000, 0x00000000e926cc20, 0x00000000ea200000)
  to   space 17024K,   0% used [0x00000000ea200000, 0x00000000ea200000, 0x00000000eb2a0000)
 tenured generation   total 341376K, used 44679K [0x00000000eb2a0000, 0x0000000100000000, 0x0000000100000000)
   the space 341376K,  13% used [0x00000000eb2a0000, 0x00000000ede41d58, 0x00000000ede41e00, 0x0000000100000000)
 Metaspace       used 36415K, capacity 37256K, committed 37376K, reserved 1081344K
  class space    used 4868K, capacity 5076K, committed 5120K, reserved 1048576K
