13:28:25,019 |-INFO in ch.qos.logback.classic.LoggerContext[default] - Could NOT find resource [logback-test.xml]
13:28:25,019 |-INFO in ch.qos.logback.classic.LoggerContext[default] - Could NOT find resource [logback.groovy]
13:28:25,019 |-INFO in ch.qos.logback.classic.LoggerContext[default] - Found resource [logback.xml] at [jar:file:/root/flamestream/lib/flamestream-runtime-1.0-SNAPSHOT.jar!/logback.xml]
13:28:25,019 |-WARN in ch.qos.logback.classic.LoggerContext[default] - Resource [logback.xml] occurs multiple times on the classpath.
13:28:25,020 |-WARN in ch.qos.logback.classic.LoggerContext[default] - Resource [logback.xml] occurs at [jar:file:/root/flamestream/lib/flamestream-runtime-1.0-SNAPSHOT.jar!/logback.xml]
13:28:25,020 |-WARN in ch.qos.logback.classic.LoggerContext[default] - Resource [logback.xml] occurs at [jar:file:/root/flamestream/flamestream-runtime-1.0-SNAPSHOT.jar!/logback.xml]
13:28:25,042 |-INFO in ch.qos.logback.core.joran.spi.ConfigurationWatchList@3fb6a447 - URL [jar:file:/root/flamestream/lib/flamestream-runtime-1.0-SNAPSHOT.jar!/logback.xml] is not of type file
13:28:25,110 |-INFO in ch.qos.logback.classic.joran.action.ConfigurationAction - debug attribute not set
13:28:25,111 |-INFO in ch.qos.logback.core.joran.action.AppenderAction - About to instantiate appender of type [ch.qos.logback.core.ConsoleAppender]
13:28:25,126 |-INFO in ch.qos.logback.core.joran.action.AppenderAction - Naming appender as [STDOUT]
13:28:25,139 |-INFO in ch.qos.logback.core.joran.action.NestedComplexPropertyIA - Assuming default type [ch.qos.logback.classic.encoder.PatternLayoutEncoder] for [encoder] property
13:28:25,246 |-INFO in ch.qos.logback.core.joran.action.AppenderAction - About to instantiate appender of type [ch.qos.logback.core.rolling.RollingFileAppender]
13:28:25,255 |-INFO in ch.qos.logback.core.joran.action.AppenderAction - Naming appender as [FILE]
13:28:25,283 |-INFO in c.q.l.core.rolling.TimeBasedRollingPolicy@127618319 - No compression will be used
13:28:25,285 |-INFO in c.q.l.core.rolling.TimeBasedRollingPolicy@127618319 - Will use the pattern /tmp/application_%d{yyyy-MM-dd}.%i.log for the active file
13:28:25,288 |-INFO in ch.qos.logback.core.rolling.SizeAndTimeBasedFNATP@6b2fad11 - The date pattern is 'yyyy-MM-dd' from file name pattern '/tmp/application_%d{yyyy-MM-dd}.%i.log'.
13:28:25,288 |-INFO in ch.qos.logback.core.rolling.SizeAndTimeBasedFNATP@6b2fad11 - Roll-over at midnight.
13:28:25,293 |-INFO in ch.qos.logback.core.rolling.SizeAndTimeBasedFNATP@6b2fad11 - Setting initial period to Mon Jun 10 13:27:02 UTC 2019
13:28:25,293 |-WARN in ch.qos.logback.core.rolling.SizeAndTimeBasedFNATP@6b2fad11 - SizeAndTimeBasedFNATP is deprecated. Use SizeAndTimeBasedRollingPolicy instead
13:28:25,293 |-WARN in ch.qos.logback.core.rolling.SizeAndTimeBasedFNATP@6b2fad11 - For more information see http://logback.qos.ch/manual/appenders.html#SizeAndTimeBasedRollingPolicy
13:28:25,298 |-INFO in ch.qos.logback.core.joran.action.NestedComplexPropertyIA - Assuming default type [ch.qos.logback.classic.encoder.PatternLayoutEncoder] for [encoder] property
13:28:25,302 |-INFO in ch.qos.logback.core.rolling.RollingFileAppender[FILE] - Active log file name: /tmp/application.log
13:28:25,302 |-INFO in ch.qos.logback.core.rolling.RollingFileAppender[FILE] - File property is set to [/tmp/application.log]
13:28:25,303 |-INFO in ch.qos.logback.classic.joran.action.RootLoggerAction - Setting level of ROOT logger to WARN
13:28:25,303 |-INFO in ch.qos.logback.core.joran.action.AppenderRefAction - Attaching appender named [STDOUT] to Logger[ROOT]
13:28:25,303 |-INFO in ch.qos.logback.core.joran.action.AppenderRefAction - Attaching appender named [FILE] to Logger[ROOT]
13:28:25,303 |-INFO in ch.qos.logback.classic.joran.action.ConfigurationAction - End of configuration.
13:28:25,305 |-INFO in ch.qos.logback.classic.joran.JoranConfigurator@79698539 - Registering current configuration as safe fallback point

Ama winner
Ama winner
2019-06-10T13:28:26.642+0000: 1.807: [Full GC (Metadata GC Threshold) 2019-06-10T13:28:26.642+0000: 1.807: [Tenured: 0K->15241K(341376K), 0.0347919 secs] 117750K->15241K(494976K), [Metaspace: 20740K->20740K(1067008K)], 0.0348570 secs] [Times: user=0.03 sys=0.01, real=0.04 secs] 
13:28:48.435 [Curator-PathChildrenCache-1] WARN  o.a.c.u.ZKPaths  - The version of ZooKeeper being used doesn't support Container nodes. CreateMode.PERSISTENT will be used instead.
2019-06-10T13:28:50.689+0000: 25.854: [GC (Allocation Failure) 2019-06-10T13:28:50.689+0000: 25.854: [DefNew: 136576K->17023K(153600K), 0.0259574 secs] 151817K->52866K(494976K), 0.0260254 secs] [Times: user=0.02 sys=0.01, real=0.02 secs] 
2019-06-10T13:28:52.739+0000: 27.905: [Full GC (Metadata GC Threshold) 2019-06-10T13:28:52.740+0000: 27.905: [Tenured: 35842K->44673K(341376K), 0.0479022 secs] 88904K->44673K(494976K), [Metaspace: 34574K->34574K(1079296K)], 0.0479823 secs] [Times: user=0.04 sys=0.00, real=0.04 secs] 
2019-06-10T13:28:59.497+0000: 34.662: [GC (Allocation Failure) 2019-06-10T13:28:59.497+0000: 34.662: [DefNew: 136576K->65K(153600K), 0.0018698 secs] 181249K->44739K(494976K), 0.0019326 secs] [Times: user=0.01 sys=0.00, real=0.00 secs] 
2019-06-10T13:29:06.567+0000: 41.733: [GC (Allocation Failure) 2019-06-10T13:29:06.567+0000: 41.733: [DefNew: 136641K->65K(153600K), 0.0017916 secs] 181315K->44739K(494976K), 0.0018689 secs] [Times: user=0.00 sys=0.00, real=0.01 secs] 
2019-06-10T13:29:13.578+0000: 48.743: [GC (Allocation Failure) 2019-06-10T13:29:13.578+0000: 48.743: [DefNew: 136641K->66K(153600K), 0.0017497 secs] 181315K->44740K(494976K), 0.0018099 secs] [Times: user=0.00 sys=0.00, real=0.00 secs] 
2019-06-10T13:29:20.670+0000: 55.835: [GC (Allocation Failure) 2019-06-10T13:29:20.670+0000: 55.835: [DefNew: 136642K->71K(153600K), 0.0017571 secs] 181316K->44745K(494976K), 0.0018314 secs] [Times: user=0.00 sys=0.00, real=0.00 secs] 
2019-06-10T13:29:27.961+0000: 63.127: [GC (Allocation Failure) 2019-06-10T13:29:27.961+0000: 63.127: [DefNew: 136647K->409K(153600K), 0.0022670 secs] 181321K->45083K(494976K), 0.0023207 secs] [Times: user=0.00 sys=0.00, real=0.00 secs] 
13:29:43.086 [Curator-PathChildrenCache-0] ERROR o.a.c.f.r.c.PathChildrenCache  - 
java.lang.IllegalStateException: instance must be started before calling this method
	at org.apache.curator.shaded.com.google.common.base.Preconditions.checkState(Preconditions.java:444)
	at org.apache.curator.framework.imps.CuratorFrameworkImpl.getChildren(CuratorFrameworkImpl.java:456)
	at org.apache.curator.framework.recipes.cache.PathChildrenCache.refresh(PathChildrenCache.java:521)
	at org.apache.curator.framework.recipes.cache.RefreshOperation.invoke(RefreshOperation.java:35)
	at org.apache.curator.framework.recipes.cache.PathChildrenCache$9.run(PathChildrenCache.java:786)
	at java.util.concurrent.Executors$RunnableAdapter.call(Executors.java:511)
	at java.util.concurrent.FutureTask.run(FutureTask.java:266)
	at java.util.concurrent.Executors$RunnableAdapter.call(Executors.java:511)
	at java.util.concurrent.FutureTask.run(FutureTask.java:266)
	at java.util.concurrent.ThreadPoolExecutor.runWorker(ThreadPoolExecutor.java:1149)
	at java.util.concurrent.ThreadPoolExecutor$Worker.run(ThreadPoolExecutor.java:624)
	at java.lang.Thread.run(Thread.java:748)
Heap
 def new generation   total 153600K, used 62980K [0x00000000e0c00000, 0x00000000eb2a0000, 0x00000000eb2a0000)
  eden space 136576K,  45% used [0x00000000e0c00000, 0x00000000e491ade0, 0x00000000e9160000)
  from space 17024K,   2% used [0x00000000e9160000, 0x00000000e91c6600, 0x00000000ea200000)
  to   space 17024K,   0% used [0x00000000ea200000, 0x00000000ea200000, 0x00000000eb2a0000)
 tenured generation   total 341376K, used 44673K [0x00000000eb2a0000, 0x0000000100000000, 0x0000000100000000)
   the space 341376K,  13% used [0x00000000eb2a0000, 0x00000000ede406c8, 0x00000000ede40800, 0x0000000100000000)
 Metaspace       used 36043K, capacity 36922K, committed 37120K, reserved 1081344K
  class space    used 4857K, capacity 5073K, committed 5120K, reserved 1048576K
