20:10:09,723 |-INFO in ch.qos.logback.classic.LoggerContext[default] - Could NOT find resource [logback-test.xml]
20:10:09,723 |-INFO in ch.qos.logback.classic.LoggerContext[default] - Could NOT find resource [logback.groovy]
20:10:09,724 |-INFO in ch.qos.logback.classic.LoggerContext[default] - Found resource [logback.xml] at [jar:file:/root/flamestream/lib/flamestream-runtime-1.0-SNAPSHOT.jar!/logback.xml]
20:10:09,725 |-WARN in ch.qos.logback.classic.LoggerContext[default] - Resource [logback.xml] occurs multiple times on the classpath.
20:10:09,725 |-WARN in ch.qos.logback.classic.LoggerContext[default] - Resource [logback.xml] occurs at [jar:file:/root/flamestream/lib/flamestream-runtime-1.0-SNAPSHOT.jar!/logback.xml]
20:10:09,725 |-WARN in ch.qos.logback.classic.LoggerContext[default] - Resource [logback.xml] occurs at [jar:file:/root/flamestream/flamestream-runtime-1.0-SNAPSHOT.jar!/logback.xml]
20:10:09,746 |-INFO in ch.qos.logback.core.joran.spi.ConfigurationWatchList@3fb6a447 - URL [jar:file:/root/flamestream/lib/flamestream-runtime-1.0-SNAPSHOT.jar!/logback.xml] is not of type file
20:10:09,818 |-INFO in ch.qos.logback.classic.joran.action.ConfigurationAction - debug attribute not set
20:10:09,818 |-INFO in ch.qos.logback.core.joran.action.AppenderAction - About to instantiate appender of type [ch.qos.logback.core.ConsoleAppender]
20:10:09,835 |-INFO in ch.qos.logback.core.joran.action.AppenderAction - Naming appender as [STDOUT]
20:10:09,856 |-INFO in ch.qos.logback.core.joran.action.NestedComplexPropertyIA - Assuming default type [ch.qos.logback.classic.encoder.PatternLayoutEncoder] for [encoder] property
20:10:09,942 |-INFO in ch.qos.logback.core.joran.action.AppenderAction - About to instantiate appender of type [ch.qos.logback.core.rolling.RollingFileAppender]
20:10:09,950 |-INFO in ch.qos.logback.core.joran.action.AppenderAction - Naming appender as [FILE]
20:10:09,980 |-INFO in c.q.l.core.rolling.TimeBasedRollingPolicy@127618319 - No compression will be used
20:10:09,981 |-INFO in c.q.l.core.rolling.TimeBasedRollingPolicy@127618319 - Will use the pattern /tmp/application_%d{yyyy-MM-dd}.%i.log for the active file
20:10:09,984 |-INFO in ch.qos.logback.core.rolling.SizeAndTimeBasedFNATP@6b2fad11 - The date pattern is 'yyyy-MM-dd' from file name pattern '/tmp/application_%d{yyyy-MM-dd}.%i.log'.
20:10:09,984 |-INFO in ch.qos.logback.core.rolling.SizeAndTimeBasedFNATP@6b2fad11 - Roll-over at midnight.
20:10:09,990 |-INFO in ch.qos.logback.core.rolling.SizeAndTimeBasedFNATP@6b2fad11 - Setting initial period to Mon Jun 10 20:08:55 UTC 2019
20:10:09,990 |-WARN in ch.qos.logback.core.rolling.SizeAndTimeBasedFNATP@6b2fad11 - SizeAndTimeBasedFNATP is deprecated. Use SizeAndTimeBasedRollingPolicy instead
20:10:09,990 |-WARN in ch.qos.logback.core.rolling.SizeAndTimeBasedFNATP@6b2fad11 - For more information see http://logback.qos.ch/manual/appenders.html#SizeAndTimeBasedRollingPolicy
20:10:09,995 |-INFO in ch.qos.logback.core.joran.action.NestedComplexPropertyIA - Assuming default type [ch.qos.logback.classic.encoder.PatternLayoutEncoder] for [encoder] property
20:10:09,999 |-INFO in ch.qos.logback.core.rolling.RollingFileAppender[FILE] - Active log file name: /tmp/application.log
20:10:09,999 |-INFO in ch.qos.logback.core.rolling.RollingFileAppender[FILE] - File property is set to [/tmp/application.log]
20:10:10,000 |-INFO in ch.qos.logback.classic.joran.action.RootLoggerAction - Setting level of ROOT logger to WARN
20:10:10,000 |-INFO in ch.qos.logback.core.joran.action.AppenderRefAction - Attaching appender named [STDOUT] to Logger[ROOT]
20:10:10,000 |-INFO in ch.qos.logback.core.joran.action.AppenderRefAction - Attaching appender named [FILE] to Logger[ROOT]
20:10:10,000 |-INFO in ch.qos.logback.classic.joran.action.ConfigurationAction - End of configuration.
20:10:10,003 |-INFO in ch.qos.logback.classic.joran.JoranConfigurator@79698539 - Registering current configuration as safe fallback point

Ama winner
Ama winner
2019-06-10T20:10:11.343+0000: 1.809: [Full GC (Metadata GC Threshold) 2019-06-10T20:10:11.343+0000: 1.809: [Tenured: 0K->15240K(341376K), 0.0405427 secs] 117751K->15240K(494976K), [Metaspace: 20727K->20727K(1067008K)], 0.0406136 secs] [Times: user=0.03 sys=0.01, real=0.04 secs] 
20:10:28.885 [Curator-PathChildrenCache-1] WARN  o.a.c.u.ZKPaths  - The version of ZooKeeper being used doesn't support Container nodes. CreateMode.PERSISTENT will be used instead.
2019-06-10T20:10:31.131+0000: 21.597: [GC (Allocation Failure) 2019-06-10T20:10:31.131+0000: 21.597: [DefNew: 136576K->17024K(153600K), 0.0281568 secs] 151816K->52595K(494976K), 0.0282363 secs] [Times: user=0.01 sys=0.02, real=0.03 secs] 
2019-06-10T20:10:32.677+0000: 23.143: [Full GC (Metadata GC Threshold) 2019-06-10T20:10:32.677+0000: 23.143: [Tenured: 35571K->44277K(341376K), 0.0672158 secs] 90216K->44277K(494976K), [Metaspace: 34593K->34593K(1079296K)], 0.0672861 secs] [Times: user=0.06 sys=0.00, real=0.07 secs] 
2019-06-10T20:10:37.680+0000: 28.146: [GC (Allocation Failure) 2019-06-10T20:10:37.680+0000: 28.146: [DefNew: 136576K->88K(153600K), 0.0019713 secs] 180853K->44365K(494976K), 0.0020251 secs] [Times: user=0.00 sys=0.00, real=0.00 secs] 
2019-06-10T20:10:42.727+0000: 33.194: [GC (Allocation Failure) 2019-06-10T20:10:42.728+0000: 33.195: [DefNew: 136664K->92K(153600K), 0.0018645 secs] 180941K->44369K(494976K), 0.0029324 secs] [Times: user=0.00 sys=0.00, real=0.00 secs] 
2019-06-10T20:10:47.793+0000: 38.259: [GC (Allocation Failure) 2019-06-10T20:10:47.793+0000: 38.259: [DefNew: 136668K->95K(153600K), 0.0018507 secs] 180945K->44372K(494976K), 0.0019069 secs] [Times: user=0.00 sys=0.00, real=0.00 secs] 
2019-06-10T20:10:52.875+0000: 43.342: [GC (Allocation Failure) 2019-06-10T20:10:52.875+0000: 43.342: [DefNew: 136671K->92K(153600K), 0.0018826 secs] 180948K->44369K(494976K), 0.0019361 secs] [Times: user=0.00 sys=0.00, real=0.01 secs] 
20:11:06.091 [Curator-PathChildrenCache-0] ERROR o.a.c.f.r.c.PathChildrenCache  - 
java.lang.IllegalStateException: instance must be started before calling this method
	at org.apache.curator.shaded.com.google.common.base.Preconditions.checkState(Preconditions.java:444)
	at org.apache.curator.framework.imps.CuratorFrameworkImpl.getChildren(CuratorFrameworkImpl.java:456)
	at org.apache.curator.framework.recipes.cache.PathChildrenCache.refresh(PathChildrenCache.java:521)
	at org.apache.curator.framework.recipes.cache.RefreshOperation.invoke(RefreshOperation.java:35)
	at org.apache.curator.framework.recipes.cache.PathChildrenCache$9.run(PathChildrenCache.java:786)
	at java.util.concurrent.Executors$RunnableAdapter.call(Executors.java:511)
	at java.util.concurrent.FutureTask.run(FutureTask.java:266)
	at java.util.concurrent.Executors$RunnableAdapter.call(Executors.java:511)
	at java.util.concurrent.FutureTask.run(FutureTask.java:266)
	at java.util.concurrent.ThreadPoolExecutor.runWorker(ThreadPoolExecutor.java:1149)
	at java.util.concurrent.ThreadPoolExecutor$Worker.run(ThreadPoolExecutor.java:624)
	at java.lang.Thread.run(Thread.java:748)
2019-06-10T20:11:06.093+0000: 56.559: [GC (Allocation Failure) 2019-06-10T20:11:06.093+0000: 56.559: [DefNew: 136668K->644K(153600K), 0.0034574 secs] 180945K->44921K(494976K), 0.0034979 secs] [Times: user=0.00 sys=0.00, real=0.00 secs] 
Heap
 def new generation   total 153600K, used 19649K [0x00000000e0c00000, 0x00000000eb2a0000, 0x00000000eb2a0000)
  eden space 136576K,  13% used [0x00000000e0c00000, 0x00000000e1e8f5e0, 0x00000000e9160000)
  from space 17024K,   3% used [0x00000000e9160000, 0x00000000e92011e0, 0x00000000ea200000)
  to   space 17024K,   0% used [0x00000000ea200000, 0x00000000ea200000, 0x00000000eb2a0000)
 tenured generation   total 341376K, used 44277K [0x00000000eb2a0000, 0x0000000100000000, 0x0000000100000000)
   the space 341376K,  12% used [0x00000000eb2a0000, 0x00000000edddd428, 0x00000000edddd600, 0x0000000100000000)
 Metaspace       used 35942K, capacity 36850K, committed 37120K, reserved 1081344K
  class space    used 4826K, capacity 5045K, committed 5120K, reserved 1048576K
