05:37:18,696 |-INFO in ch.qos.logback.classic.LoggerContext[default] - Could NOT find resource [logback-test.xml]
05:37:18,696 |-INFO in ch.qos.logback.classic.LoggerContext[default] - Could NOT find resource [logback.groovy]
05:37:18,696 |-INFO in ch.qos.logback.classic.LoggerContext[default] - Found resource [logback.xml] at [jar:file:/home/nikitasokolov/flamestream/lib/flamestream-runtime-1.0-SNAPSHOT.jar!/logback.xml]
05:37:18,697 |-WARN in ch.qos.logback.classic.LoggerContext[default] - Resource [logback.xml] occurs multiple times on the classpath.
05:37:18,697 |-WARN in ch.qos.logback.classic.LoggerContext[default] - Resource [logback.xml] occurs at [jar:file:/home/nikitasokolov/flamestream/lib/flamestream-runtime-1.0-SNAPSHOT.jar!/logback.xml]
05:37:18,697 |-WARN in ch.qos.logback.classic.LoggerContext[default] - Resource [logback.xml] occurs at [jar:file:/home/nikitasokolov/flamestream/flamestream-runtime-1.0-SNAPSHOT.jar!/logback.xml]
05:37:18,713 |-INFO in ch.qos.logback.core.joran.spi.ConfigurationWatchList@6108b2d7 - URL [jar:file:/home/nikitasokolov/flamestream/lib/flamestream-runtime-1.0-SNAPSHOT.jar!/logback.xml] is not of type file
05:37:18,764 |-INFO in ch.qos.logback.classic.joran.action.ConfigurationAction - debug attribute not set
05:37:18,764 |-INFO in ch.qos.logback.core.joran.action.AppenderAction - About to instantiate appender of type [ch.qos.logback.core.ConsoleAppender]
05:37:18,774 |-INFO in ch.qos.logback.core.joran.action.AppenderAction - Naming appender as [STDOUT]
05:37:18,782 |-INFO in ch.qos.logback.core.joran.action.NestedComplexPropertyIA - Assuming default type [ch.qos.logback.classic.encoder.PatternLayoutEncoder] for [encoder] property
05:37:18,837 |-INFO in ch.qos.logback.core.joran.action.AppenderAction - About to instantiate appender of type [ch.qos.logback.core.rolling.RollingFileAppender]
05:37:18,843 |-INFO in ch.qos.logback.core.joran.action.AppenderAction - Naming appender as [FILE]
05:37:18,865 |-INFO in c.q.l.core.rolling.TimeBasedRollingPolicy@357863579 - No compression will be used
05:37:18,866 |-INFO in c.q.l.core.rolling.TimeBasedRollingPolicy@357863579 - Will use the pattern /tmp/application_%d{yyyy-MM-dd}.%i.log for the active file
05:37:18,869 |-INFO in ch.qos.logback.core.rolling.SizeAndTimeBasedFNATP@6bf256fa - The date pattern is 'yyyy-MM-dd' from file name pattern '/tmp/application_%d{yyyy-MM-dd}.%i.log'.
05:37:18,869 |-INFO in ch.qos.logback.core.rolling.SizeAndTimeBasedFNATP@6bf256fa - Roll-over at midnight.
05:37:18,873 |-INFO in ch.qos.logback.core.rolling.SizeAndTimeBasedFNATP@6bf256fa - Setting initial period to Sun Jun 09 05:36:40 MSK 2019
05:37:18,873 |-WARN in ch.qos.logback.core.rolling.SizeAndTimeBasedFNATP@6bf256fa - SizeAndTimeBasedFNATP is deprecated. Use SizeAndTimeBasedRollingPolicy instead
05:37:18,873 |-WARN in ch.qos.logback.core.rolling.SizeAndTimeBasedFNATP@6bf256fa - For more information see http://logback.qos.ch/manual/appenders.html#SizeAndTimeBasedRollingPolicy
05:37:18,877 |-INFO in ch.qos.logback.core.joran.action.NestedComplexPropertyIA - Assuming default type [ch.qos.logback.classic.encoder.PatternLayoutEncoder] for [encoder] property
05:37:18,880 |-INFO in ch.qos.logback.core.rolling.RollingFileAppender[FILE] - Active log file name: /tmp/application.log
05:37:18,880 |-INFO in ch.qos.logback.core.rolling.RollingFileAppender[FILE] - File property is set to [/tmp/application.log]
05:37:18,881 |-INFO in ch.qos.logback.classic.joran.action.RootLoggerAction - Setting level of ROOT logger to WARN
05:37:18,881 |-INFO in ch.qos.logback.core.joran.action.AppenderRefAction - Attaching appender named [STDOUT] to Logger[ROOT]
05:37:18,882 |-INFO in ch.qos.logback.core.joran.action.AppenderRefAction - Attaching appender named [FILE] to Logger[ROOT]
05:37:18,882 |-INFO in ch.qos.logback.classic.joran.action.ConfigurationAction - End of configuration.
05:37:18,882 |-INFO in ch.qos.logback.classic.joran.JoranConfigurator@6cd8737 - Registering current configuration as safe fallback point

2019-06-09T05:37:19.898+0300: 1.406: [GC (Metadata GC Threshold) [PSYoungGen: 108152K->15957K(149504K)] 108152K->16037K(491008K), 0.0323569 secs] [Times: user=0.11 sys=0.04, real=0.03 secs] 
2019-06-09T05:37:19.930+0300: 1.439: [Full GC (Metadata GC Threshold) [PSYoungGen: 15957K->0K(149504K)] [ParOldGen: 80K->15078K(341504K)] 16037K->15078K(491008K), [Metaspace: 20806K->20806K(1067008K)], 0.0253324 secs] [Times: user=0.14 sys=0.00, real=0.02 secs] 
05:37:30.823 [Curator-PathChildrenCache-2] WARN  o.a.c.u.ZKPaths  - The version of ZooKeeper being used doesn't support Container nodes. CreateMode.PERSISTENT will be used instead.
2019-06-09T05:37:31.576+0300: 13.085: [GC (Metadata GC Threshold) [PSYoungGen: 125597K->16672K(149504K)] 140675K->51289K(491008K), 0.0323479 secs] [Times: user=0.27 sys=0.03, real=0.03 secs] 
2019-06-09T05:37:31.609+0300: 13.117: [Full GC (Metadata GC Threshold) [PSYoungGen: 16672K->0K(149504K)] [ParOldGen: 34617K->39904K(341504K)] 51289K->39904K(491008K), [Metaspace: 34502K->34500K(1079296K)], 0.0372089 secs] [Times: user=0.21 sys=0.00, real=0.04 secs] 
2019-06-09T05:37:34.826+0300: 16.334: [GC (Allocation Failure) [PSYoungGen: 128512K->608K(149504K)] 168416K->40512K(491008K), 0.0042052 secs] [Times: user=0.02 sys=0.00, real=0.01 secs] 
2019-06-09T05:37:38.468+0300: 19.976: [GC (Allocation Failure) [PSYoungGen: 129120K->640K(149504K)] 169024K->40552K(491008K), 0.0049667 secs] [Times: user=0.04 sys=0.00, real=0.01 secs] 
2019-06-09T05:37:42.141+0300: 23.650: [GC (Allocation Failure) [PSYoungGen: 129152K->608K(129536K)] 169064K->40528K(471040K), 0.0034579 secs] [Times: user=0.01 sys=0.01, real=0.00 secs] 
2019-06-09T05:37:45.774+0300: 27.283: [GC (Allocation Failure) [PSYoungGen: 129120K->608K(148992K)] 169040K->40536K(490496K), 0.0046295 secs] [Times: user=0.03 sys=0.01, real=0.01 secs] 
2019-06-09T05:37:49.394+0300: 30.902: [GC (Allocation Failure) [PSYoungGen: 127584K->672K(148480K)] 167512K->40600K(489984K), 0.0034518 secs] [Times: user=0.01 sys=0.01, real=0.00 secs] 
2019-06-09T05:37:53.026+0300: 34.534: [GC (Allocation Failure) [PSYoungGen: 127648K->672K(151040K)] 167576K->40608K(492544K), 0.0032920 secs] [Times: user=0.02 sys=0.00, real=0.00 secs] 
2019-06-09T05:37:56.824+0300: 38.332: [GC (Allocation Failure) [PSYoungGen: 131232K->640K(150016K)] 171168K->40584K(491520K), 0.0030878 secs] [Times: user=0.01 sys=0.00, real=0.00 secs] 
2019-06-09T05:38:00.603+0300: 42.112: [GC (Allocation Failure) [PSYoungGen: 131200K->736K(152576K)] 171144K->40680K(494080K), 0.0030265 secs] [Times: user=0.01 sys=0.01, real=0.00 secs] 
2019-06-09T05:38:04.480+0300: 45.988: [GC (Allocation Failure) [PSYoungGen: 134880K->672K(152064K)] 174824K->40616K(493568K), 0.0033315 secs] [Times: user=0.01 sys=0.00, real=0.00 secs] 
2019-06-09T05:38:08.376+0300: 49.884: [GC (Allocation Failure) [PSYoungGen: 134816K->672K(154624K)] 174760K->40616K(496128K), 0.0027716 secs] [Times: user=0.01 sys=0.01, real=0.01 secs] 
2019-06-09T05:38:12.372+0300: 53.881: [GC (Allocation Failure) [PSYoungGen: 138400K->704K(153600K)] 178344K->40648K(495104K), 0.0040771 secs] [Times: user=0.04 sys=0.00, real=0.00 secs] 
2019-06-09T05:38:16.355+0300: 57.864: [GC (Allocation Failure) [PSYoungGen: 138432K->736K(156160K)] 178376K->40680K(497664K), 0.0037561 secs] [Times: user=0.02 sys=0.00, real=0.01 secs] 
2019-06-09T05:38:20.410+0300: 61.918: [GC (Allocation Failure) [PSYoungGen: 141536K->1079K(155136K)] 181480K->41024K(496640K), 0.0034879 secs] [Times: user=0.01 sys=0.01, real=0.00 secs] 
2019-06-09T05:38:25.577+0300: 67.086: [GC (Allocation Failure) [PSYoungGen: 141879K->672K(157696K)] 181824K->40624K(499200K), 0.0031097 secs] [Times: user=0.01 sys=0.00, real=0.01 secs] 
05:38:39.782 [Curator-PathChildrenCache-0] ERROR o.a.c.f.r.c.PathChildrenCache  - 
java.lang.IllegalStateException: instance must be started before calling this method
	at org.apache.curator.shaded.com.google.common.base.Preconditions.checkState(Preconditions.java:444)
	at org.apache.curator.framework.imps.CuratorFrameworkImpl.getChildren(CuratorFrameworkImpl.java:456)
	at org.apache.curator.framework.recipes.cache.PathChildrenCache.refresh(PathChildrenCache.java:521)
	at org.apache.curator.framework.recipes.cache.RefreshOperation.invoke(RefreshOperation.java:35)
	at org.apache.curator.framework.recipes.cache.PathChildrenCache$9.run(PathChildrenCache.java:786)
	at java.util.concurrent.Executors$RunnableAdapter.call(Executors.java:511)
	at java.util.concurrent.FutureTask.run(FutureTask.java:266)
	at java.util.concurrent.Executors$RunnableAdapter.call(Executors.java:511)
	at java.util.concurrent.FutureTask.run(FutureTask.java:266)
	at java.util.concurrent.ThreadPoolExecutor.runWorker(ThreadPoolExecutor.java:1149)
	at java.util.concurrent.ThreadPoolExecutor$Worker.run(ThreadPoolExecutor.java:624)
	at java.lang.Thread.run(Thread.java:748)
Heap
 PSYoungGen      total 157696K, used 77149K [0x00000000f5980000, 0x0000000100000000, 0x0000000100000000)
  eden space 143872K, 53% used [0x00000000f5980000,0x00000000fa42f678,0x00000000fe600000)
  from space 13824K, 4% used [0x00000000ff280000,0x00000000ff328070,0x0000000100000000)
  to   space 12800K, 0% used [0x00000000fe600000,0x00000000fe600000,0x00000000ff280000)
 ParOldGen       total 341504K, used 39952K [0x00000000e0c00000, 0x00000000f5980000, 0x00000000f5980000)
  object space 341504K, 11% used [0x00000000e0c00000,0x00000000e3304370,0x00000000f5980000)
 Metaspace       used 36339K, capacity 37330K, committed 37464K, reserved 1081344K
  class space    used 5018K, capacity 5219K, committed 5248K, reserved 1048576K
