23:00:23,718 |-INFO in ch.qos.logback.classic.LoggerContext[default] - Could NOT find resource [logback-test.xml]
23:00:23,719 |-INFO in ch.qos.logback.classic.LoggerContext[default] - Could NOT find resource [logback.groovy]
23:00:23,719 |-INFO in ch.qos.logback.classic.LoggerContext[default] - Found resource [logback.xml] at [jar:file:/home/nikitasokolov/flamestream/lib/flamestream-runtime-1.0-SNAPSHOT.jar!/logback.xml]
23:00:23,719 |-WARN in ch.qos.logback.classic.LoggerContext[default] - Resource [logback.xml] occurs multiple times on the classpath.
23:00:23,720 |-WARN in ch.qos.logback.classic.LoggerContext[default] - Resource [logback.xml] occurs at [jar:file:/home/nikitasokolov/flamestream/lib/flamestream-runtime-1.0-SNAPSHOT.jar!/logback.xml]
23:00:23,720 |-WARN in ch.qos.logback.classic.LoggerContext[default] - Resource [logback.xml] occurs at [jar:file:/home/nikitasokolov/flamestream/flamestream-runtime-1.0-SNAPSHOT.jar!/logback.xml]
23:00:23,735 |-INFO in ch.qos.logback.core.joran.spi.ConfigurationWatchList@6108b2d7 - URL [jar:file:/home/nikitasokolov/flamestream/lib/flamestream-runtime-1.0-SNAPSHOT.jar!/logback.xml] is not of type file
23:00:23,785 |-INFO in ch.qos.logback.classic.joran.action.ConfigurationAction - debug attribute not set
23:00:23,786 |-INFO in ch.qos.logback.core.joran.action.AppenderAction - About to instantiate appender of type [ch.qos.logback.core.ConsoleAppender]
23:00:23,793 |-INFO in ch.qos.logback.core.joran.action.AppenderAction - Naming appender as [STDOUT]
23:00:23,801 |-INFO in ch.qos.logback.core.joran.action.NestedComplexPropertyIA - Assuming default type [ch.qos.logback.classic.encoder.PatternLayoutEncoder] for [encoder] property
23:00:23,854 |-INFO in ch.qos.logback.core.joran.action.AppenderAction - About to instantiate appender of type [ch.qos.logback.core.rolling.RollingFileAppender]
23:00:23,859 |-INFO in ch.qos.logback.core.joran.action.AppenderAction - Naming appender as [FILE]
23:00:23,881 |-INFO in c.q.l.core.rolling.TimeBasedRollingPolicy@357863579 - No compression will be used
23:00:23,882 |-INFO in c.q.l.core.rolling.TimeBasedRollingPolicy@357863579 - Will use the pattern /tmp/application_%d{yyyy-MM-dd}.%i.log for the active file
23:00:23,885 |-INFO in ch.qos.logback.core.rolling.SizeAndTimeBasedFNATP@6bf256fa - The date pattern is 'yyyy-MM-dd' from file name pattern '/tmp/application_%d{yyyy-MM-dd}.%i.log'.
23:00:23,885 |-INFO in ch.qos.logback.core.rolling.SizeAndTimeBasedFNATP@6bf256fa - Roll-over at midnight.
23:00:23,889 |-INFO in ch.qos.logback.core.rolling.SizeAndTimeBasedFNATP@6bf256fa - Setting initial period to Sat Jun 08 22:59:38 MSK 2019
23:00:23,889 |-WARN in ch.qos.logback.core.rolling.SizeAndTimeBasedFNATP@6bf256fa - SizeAndTimeBasedFNATP is deprecated. Use SizeAndTimeBasedRollingPolicy instead
23:00:23,889 |-WARN in ch.qos.logback.core.rolling.SizeAndTimeBasedFNATP@6bf256fa - For more information see http://logback.qos.ch/manual/appenders.html#SizeAndTimeBasedRollingPolicy
23:00:23,894 |-INFO in ch.qos.logback.core.joran.action.NestedComplexPropertyIA - Assuming default type [ch.qos.logback.classic.encoder.PatternLayoutEncoder] for [encoder] property
23:00:23,896 |-INFO in ch.qos.logback.core.rolling.RollingFileAppender[FILE] - Active log file name: /tmp/application.log
23:00:23,896 |-INFO in ch.qos.logback.core.rolling.RollingFileAppender[FILE] - File property is set to [/tmp/application.log]
23:00:23,897 |-INFO in ch.qos.logback.classic.joran.action.RootLoggerAction - Setting level of ROOT logger to WARN
23:00:23,897 |-INFO in ch.qos.logback.core.joran.action.AppenderRefAction - Attaching appender named [STDOUT] to Logger[ROOT]
23:00:23,898 |-INFO in ch.qos.logback.core.joran.action.AppenderRefAction - Attaching appender named [FILE] to Logger[ROOT]
23:00:23,898 |-INFO in ch.qos.logback.classic.joran.action.ConfigurationAction - End of configuration.
23:00:23,899 |-INFO in ch.qos.logback.classic.joran.JoranConfigurator@6cd8737 - Registering current configuration as safe fallback point

2019-06-08T23:00:24.899+0300: 1.391: [GC (Metadata GC Threshold) [PSYoungGen: 108151K->15848K(149504K)] 108151K->15928K(491008K), 0.0206379 secs] [Times: user=0.07 sys=0.05, real=0.02 secs] 
2019-06-08T23:00:24.920+0300: 1.412: [Full GC (Metadata GC Threshold) [PSYoungGen: 15848K->0K(149504K)] [ParOldGen: 80K->15078K(341504K)] 15928K->15078K(491008K), [Metaspace: 20806K->20806K(1067008K)], 0.0270973 secs] [Times: user=0.16 sys=0.02, real=0.02 secs] 
23:00:32.065 [Curator-PathChildrenCache-1] WARN  o.a.c.u.ZKPaths  - The version of ZooKeeper being used doesn't support Container nodes. CreateMode.PERSISTENT will be used instead.
2019-06-08T23:00:32.983+0300: 9.475: [GC (Metadata GC Threshold) [PSYoungGen: 123628K->15881K(149504K)] 138706K->50498K(491008K), 0.0353760 secs] [Times: user=0.29 sys=0.02, real=0.04 secs] 
2019-06-08T23:00:33.019+0300: 9.510: [Full GC (Metadata GC Threshold) [PSYoungGen: 15881K->0K(149504K)] [ParOldGen: 34617K->38897K(341504K)] 50498K->38897K(491008K), [Metaspace: 34522K->34522K(1079296K)], 0.0395616 secs] [Times: user=0.24 sys=0.01, real=0.04 secs] 
2019-06-08T23:00:34.907+0300: 11.399: [GC (Allocation Failure) [PSYoungGen: 128512K->608K(149504K)] 167409K->39505K(491008K), 0.0035696 secs] [Times: user=0.01 sys=0.00, real=0.01 secs] 
2019-06-08T23:00:36.755+0300: 13.247: [GC (Allocation Failure) [PSYoungGen: 129120K->512K(149504K)] 168017K->39409K(491008K), 0.0029805 secs] [Times: user=0.02 sys=0.00, real=0.01 secs] 
2019-06-08T23:00:38.806+0300: 15.298: [GC (Allocation Failure) [PSYoungGen: 129024K->576K(129536K)] 167921K->39481K(471040K), 0.0053266 secs] [Times: user=0.03 sys=0.01, real=0.01 secs] 
2019-06-08T23:00:40.873+0300: 17.365: [GC (Allocation Failure) [PSYoungGen: 129088K->448K(150016K)] 167993K->39361K(491520K), 0.0040334 secs] [Times: user=0.02 sys=0.00, real=0.00 secs] 
2019-06-08T23:00:42.944+0300: 19.436: [GC (Allocation Failure) [PSYoungGen: 128960K->672K(148992K)] 167873K->39593K(490496K), 0.0095928 secs] [Times: user=0.08 sys=0.01, real=0.01 secs] 
2019-06-08T23:00:45.016+0300: 21.508: [GC (Allocation Failure) [PSYoungGen: 129184K->640K(151552K)] 168105K->39569K(493056K), 0.0032720 secs] [Times: user=0.01 sys=0.01, real=0.01 secs] 
2019-06-08T23:00:47.116+0300: 23.608: [GC (Allocation Failure) [PSYoungGen: 132736K->576K(151040K)] 171665K->39513K(492544K), 0.0047031 secs] [Times: user=0.04 sys=0.00, real=0.01 secs] 
2019-06-08T23:00:49.235+0300: 25.727: [GC (Allocation Failure) [PSYoungGen: 132672K->640K(153088K)] 171609K->39577K(494592K), 0.0033684 secs] [Times: user=0.02 sys=0.00, real=0.01 secs] 
2019-06-08T23:00:51.421+0300: 27.913: [GC (Allocation Failure) [PSYoungGen: 135808K->576K(152576K)] 174745K->39513K(494080K), 0.0035355 secs] [Times: user=0.01 sys=0.00, real=0.00 secs] 
2019-06-08T23:00:53.579+0300: 30.071: [GC (Allocation Failure) [PSYoungGen: 135744K->608K(155136K)] 174681K->39545K(496640K), 0.0027339 secs] [Times: user=0.02 sys=0.00, real=0.00 secs] 
2019-06-08T23:00:55.847+0300: 32.339: [GC (Allocation Failure) [PSYoungGen: 139360K->576K(154112K)] 178297K->39513K(495616K), 0.0039095 secs] [Times: user=0.03 sys=0.00, real=0.01 secs] 
2019-06-08T23:00:58.090+0300: 34.582: [GC (Allocation Failure) [PSYoungGen: 139328K->544K(156672K)] 178265K->39481K(498176K), 0.0031407 secs] [Times: user=0.01 sys=0.00, real=0.00 secs] 
2019-06-08T23:01:00.386+0300: 36.878: [GC (Allocation Failure) [PSYoungGen: 142368K->640K(155648K)] 181305K->39577K(497152K), 0.0035594 secs] [Times: user=0.02 sys=0.00, real=0.01 secs] 
2019-06-08T23:01:02.689+0300: 39.180: [GC (Allocation Failure) [PSYoungGen: 142464K->608K(158208K)] 181401K->39545K(499712K), 0.0029326 secs] [Times: user=0.02 sys=0.00, real=0.01 secs] 
2019-06-08T23:01:05.020+0300: 41.512: [GC (Allocation Failure) [PSYoungGen: 145504K->640K(157184K)] 184441K->39577K(498688K), 0.0027941 secs] [Times: user=0.01 sys=0.00, real=0.00 secs] 
2019-06-08T23:01:07.365+0300: 43.857: [GC (Allocation Failure) [PSYoungGen: 145536K->384K(159232K)] 184473K->39657K(500736K), 0.0032082 secs] [Times: user=0.00 sys=0.01, real=0.00 secs] 
2019-06-08T23:01:09.761+0300: 46.253: [GC (Allocation Failure) [PSYoungGen: 147840K->352K(158720K)] 187113K->39673K(500224K), 0.0023818 secs] [Times: user=0.01 sys=0.00, real=0.00 secs] 
2019-06-08T23:01:12.165+0300: 48.656: [GC (Allocation Failure) [PSYoungGen: 147808K->352K(160768K)] 187129K->39761K(502272K), 0.0032360 secs] [Times: user=0.02 sys=0.00, real=0.00 secs] 
23:01:18.296 [Curator-PathChildrenCache-0] ERROR o.a.c.f.r.c.PathChildrenCache  - 
java.lang.IllegalStateException: instance must be started before calling this method
	at org.apache.curator.shaded.com.google.common.base.Preconditions.checkState(Preconditions.java:444)
	at org.apache.curator.framework.imps.CuratorFrameworkImpl.getChildren(CuratorFrameworkImpl.java:456)
	at org.apache.curator.framework.recipes.cache.PathChildrenCache.refresh(PathChildrenCache.java:521)
	at org.apache.curator.framework.recipes.cache.RefreshOperation.invoke(RefreshOperation.java:35)
	at org.apache.curator.framework.recipes.cache.PathChildrenCache$9.run(PathChildrenCache.java:786)
	at java.util.concurrent.Executors$RunnableAdapter.call(Executors.java:511)
	at java.util.concurrent.FutureTask.run(FutureTask.java:266)
	at java.util.concurrent.Executors$RunnableAdapter.call(Executors.java:511)
	at java.util.concurrent.FutureTask.run(FutureTask.java:266)
	at java.util.concurrent.ThreadPoolExecutor.runWorker(ThreadPoolExecutor.java:1149)
	at java.util.concurrent.ThreadPoolExecutor$Worker.run(ThreadPoolExecutor.java:624)
	at java.lang.Thread.run(Thread.java:748)
Heap
 PSYoungGen      total 160768K, used 78153K [0x00000000f5980000, 0x0000000100000000, 0x0000000100000000)
  eden space 150016K, 51% used [0x00000000f5980000,0x00000000fa57a430,0x00000000fec00000)
  from space 10752K, 3% used [0x00000000ff580000,0x00000000ff5d8000,0x0000000100000000)
  to   space 9728K, 0% used [0x00000000fec00000,0x00000000fec00000,0x00000000ff580000)
 ParOldGen       total 341504K, used 39409K [0x00000000e0c00000, 0x00000000f5980000, 0x00000000f5980000)
  object space 341504K, 11% used [0x00000000e0c00000,0x00000000e327c7f8,0x00000000f5980000)
 Metaspace       used 35820K, capacity 36678K, committed 36952K, reserved 1081344K
  class space    used 4936K, capacity 5129K, committed 5248K, reserved 1048576K
