09:48:08,686 |-INFO in ch.qos.logback.classic.LoggerContext[default] - Could NOT find resource [logback-test.xml]
09:48:08,686 |-INFO in ch.qos.logback.classic.LoggerContext[default] - Could NOT find resource [logback.groovy]
09:48:08,687 |-INFO in ch.qos.logback.classic.LoggerContext[default] - Found resource [logback.xml] at [jar:file:/home/nikitasokolov/flamestream/lib/flamestream-runtime-1.0-SNAPSHOT.jar!/logback.xml]
09:48:08,687 |-WARN in ch.qos.logback.classic.LoggerContext[default] - Resource [logback.xml] occurs multiple times on the classpath.
09:48:08,687 |-WARN in ch.qos.logback.classic.LoggerContext[default] - Resource [logback.xml] occurs at [jar:file:/home/nikitasokolov/flamestream/lib/flamestream-runtime-1.0-SNAPSHOT.jar!/logback.xml]
09:48:08,687 |-WARN in ch.qos.logback.classic.LoggerContext[default] - Resource [logback.xml] occurs at [jar:file:/home/nikitasokolov/flamestream/flamestream-runtime-1.0-SNAPSHOT.jar!/logback.xml]
09:48:08,703 |-INFO in ch.qos.logback.core.joran.spi.ConfigurationWatchList@6108b2d7 - URL [jar:file:/home/nikitasokolov/flamestream/lib/flamestream-runtime-1.0-SNAPSHOT.jar!/logback.xml] is not of type file
09:48:08,755 |-INFO in ch.qos.logback.classic.joran.action.ConfigurationAction - debug attribute not set
09:48:08,755 |-INFO in ch.qos.logback.core.joran.action.AppenderAction - About to instantiate appender of type [ch.qos.logback.core.ConsoleAppender]
09:48:08,764 |-INFO in ch.qos.logback.core.joran.action.AppenderAction - Naming appender as [STDOUT]
09:48:08,772 |-INFO in ch.qos.logback.core.joran.action.NestedComplexPropertyIA - Assuming default type [ch.qos.logback.classic.encoder.PatternLayoutEncoder] for [encoder] property
09:48:08,830 |-INFO in ch.qos.logback.core.joran.action.AppenderAction - About to instantiate appender of type [ch.qos.logback.core.rolling.RollingFileAppender]
09:48:08,835 |-INFO in ch.qos.logback.core.joran.action.AppenderAction - Naming appender as [FILE]
09:48:08,857 |-INFO in c.q.l.core.rolling.TimeBasedRollingPolicy@357863579 - No compression will be used
09:48:08,859 |-INFO in c.q.l.core.rolling.TimeBasedRollingPolicy@357863579 - Will use the pattern /tmp/application_%d{yyyy-MM-dd}.%i.log for the active file
09:48:08,862 |-INFO in ch.qos.logback.core.rolling.SizeAndTimeBasedFNATP@6bf256fa - The date pattern is 'yyyy-MM-dd' from file name pattern '/tmp/application_%d{yyyy-MM-dd}.%i.log'.
09:48:08,862 |-INFO in ch.qos.logback.core.rolling.SizeAndTimeBasedFNATP@6bf256fa - Roll-over at midnight.
09:48:08,866 |-INFO in ch.qos.logback.core.rolling.SizeAndTimeBasedFNATP@6bf256fa - Setting initial period to Sun Jun 09 09:47:19 MSK 2019
09:48:08,866 |-WARN in ch.qos.logback.core.rolling.SizeAndTimeBasedFNATP@6bf256fa - SizeAndTimeBasedFNATP is deprecated. Use SizeAndTimeBasedRollingPolicy instead
09:48:08,866 |-WARN in ch.qos.logback.core.rolling.SizeAndTimeBasedFNATP@6bf256fa - For more information see http://logback.qos.ch/manual/appenders.html#SizeAndTimeBasedRollingPolicy
09:48:08,871 |-INFO in ch.qos.logback.core.joran.action.NestedComplexPropertyIA - Assuming default type [ch.qos.logback.classic.encoder.PatternLayoutEncoder] for [encoder] property
09:48:08,874 |-INFO in ch.qos.logback.core.rolling.RollingFileAppender[FILE] - Active log file name: /tmp/application.log
09:48:08,874 |-INFO in ch.qos.logback.core.rolling.RollingFileAppender[FILE] - File property is set to [/tmp/application.log]
09:48:08,875 |-INFO in ch.qos.logback.classic.joran.action.RootLoggerAction - Setting level of ROOT logger to WARN
09:48:08,875 |-INFO in ch.qos.logback.core.joran.action.AppenderRefAction - Attaching appender named [STDOUT] to Logger[ROOT]
09:48:08,875 |-INFO in ch.qos.logback.core.joran.action.AppenderRefAction - Attaching appender named [FILE] to Logger[ROOT]
09:48:08,875 |-INFO in ch.qos.logback.classic.joran.action.ConfigurationAction - End of configuration.
09:48:08,876 |-INFO in ch.qos.logback.classic.joran.JoranConfigurator@6cd8737 - Registering current configuration as safe fallback point

2019-06-09T09:48:09.874+0300: 1.392: [GC (Metadata GC Threshold) [PSYoungGen: 110722K->15910K(149504K)] 110722K->15990K(491008K), 0.0198721 secs] [Times: user=0.07 sys=0.03, real=0.02 secs] 
2019-06-09T09:48:09.894+0300: 1.412: [Full GC (Metadata GC Threshold) [PSYoungGen: 15910K->0K(149504K)] [ParOldGen: 80K->15078K(341504K)] 15990K->15078K(491008K), [Metaspace: 20800K->20800K(1067008K)], 0.0256544 secs] [Times: user=0.18 sys=0.00, real=0.03 secs] 
09:48:21.660 [Curator-PathChildrenCache-1] WARN  o.a.c.u.ZKPaths  - The version of ZooKeeper being used doesn't support Container nodes. CreateMode.PERSISTENT will be used instead.
2019-06-09T09:48:22.586+0300: 14.104: [GC (Metadata GC Threshold) [PSYoungGen: 127717K->20987K(149504K)] 142796K->50059K(491008K), 0.0202770 secs] [Times: user=0.18 sys=0.04, real=0.02 secs] 
2019-06-09T09:48:22.607+0300: 14.125: [Full GC (Metadata GC Threshold) [PSYoungGen: 20987K->0K(149504K)] [ParOldGen: 29072K->39017K(341504K)] 50059K->39017K(491008K), [Metaspace: 34550K->34550K(1079296K)], 0.0348036 secs] [Times: user=0.15 sys=0.01, real=0.04 secs] 
2019-06-09T09:48:29.047+0300: 20.565: [GC (Allocation Failure) [PSYoungGen: 128512K->448K(149504K)] 167529K->39473K(491008K), 0.0032571 secs] [Times: user=0.02 sys=0.00, real=0.01 secs] 
2019-06-09T09:48:36.217+0300: 27.735: [GC (Allocation Failure) [PSYoungGen: 128960K->512K(149504K)] 167985K->39545K(491008K), 0.0037201 secs] [Times: user=0.01 sys=0.01, real=0.01 secs] 
2019-06-09T09:48:43.348+0300: 34.866: [GC (Allocation Failure) [PSYoungGen: 129024K->512K(129536K)] 168057K->39553K(471040K), 0.0036979 secs] [Times: user=0.02 sys=0.00, real=0.01 secs] 
2019-06-09T09:48:50.605+0300: 42.124: [GC (Allocation Failure) [PSYoungGen: 129024K->576K(132608K)] 168065K->39625K(474112K), 0.0039282 secs] [Times: user=0.02 sys=0.00, real=0.00 secs] 
2019-06-09T09:48:55.897+0300: 47.415: [GC (Allocation Failure) [PSYoungGen: 93248K->576K(130560K)] 132297K->39625K(472064K), 0.0057538 secs] [Times: user=0.01 sys=0.02, real=0.01 secs] 
2019-06-09T09:49:01.195+0300: 52.713: [GC (Allocation Failure) [PSYoungGen: 93248K->480K(136704K)] 132297K->39529K(478208K), 0.0035397 secs] [Times: user=0.02 sys=0.00, real=0.01 secs] 
2019-06-09T09:49:06.886+0300: 58.405: [GC (Allocation Failure) [PSYoungGen: 101344K->544K(134656K)] 140393K->39601K(476160K), 0.0029845 secs] [Times: user=0.01 sys=0.00, real=0.00 secs] 
2019-06-09T09:49:13.090+0300: 64.608: [GC (Allocation Failure) [PSYoungGen: 101408K->919K(140288K)] 140465K->39985K(481792K), 0.0032219 secs] [Times: user=0.02 sys=0.00, real=0.00 secs] 
2019-06-09T09:49:20.980+0300: 72.498: [GC (Allocation Failure) [PSYoungGen: 109463K->608K(138752K)] 148529K->39681K(480256K), 0.0045178 secs] [Times: user=0.03 sys=0.00, real=0.00 secs] 
2019-06-09T09:49:28.861+0300: 80.379: [GC (Allocation Failure) [PSYoungGen: 109152K->672K(143360K)] 148225K->39753K(484864K), 0.0037958 secs] [Times: user=0.02 sys=0.01, real=0.00 secs] 
2019-06-09T09:49:37.228+0300: 88.746: [GC (Allocation Failure) [PSYoungGen: 115360K->544K(141824K)] 154441K->39633K(483328K), 0.0034893 secs] [Times: user=0.01 sys=0.00, real=0.01 secs] 
09:49:55.104 [Curator-PathChildrenCache-0] ERROR o.a.c.f.r.c.PathChildrenCache  - 
java.lang.IllegalStateException: instance must be started before calling this method
	at org.apache.curator.shaded.com.google.common.base.Preconditions.checkState(Preconditions.java:444)
	at org.apache.curator.framework.imps.CuratorFrameworkImpl.getChildren(CuratorFrameworkImpl.java:456)
	at org.apache.curator.framework.recipes.cache.PathChildrenCache.refresh(PathChildrenCache.java:521)
	at org.apache.curator.framework.recipes.cache.RefreshOperation.invoke(RefreshOperation.java:35)
	at org.apache.curator.framework.recipes.cache.PathChildrenCache$9.run(PathChildrenCache.java:786)
	at java.util.concurrent.Executors$RunnableAdapter.call(Executors.java:511)
	at java.util.concurrent.FutureTask.run(FutureTask.java:266)
	at java.util.concurrent.Executors$RunnableAdapter.call(Executors.java:511)
	at java.util.concurrent.FutureTask.run(FutureTask.java:266)
	at java.util.concurrent.ThreadPoolExecutor.runWorker(ThreadPoolExecutor.java:1149)
	at java.util.concurrent.ThreadPoolExecutor$Worker.run(ThreadPoolExecutor.java:624)
	at java.lang.Thread.run(Thread.java:748)
Heap
 PSYoungGen      total 141824K, used 86730K [0x00000000f5980000, 0x0000000100000000, 0x0000000100000000)
  eden space 114688K, 75% used [0x00000000f5980000,0x00000000fadaab20,0x00000000fc980000)
  from space 27136K, 2% used [0x00000000fc980000,0x00000000fca08070,0x00000000fe400000)
  to   space 25600K, 0% used [0x00000000fe700000,0x00000000fe700000,0x0000000100000000)
 ParOldGen       total 341504K, used 39089K [0x00000000e0c00000, 0x00000000f5980000, 0x00000000f5980000)
  object space 341504K, 11% used [0x00000000e0c00000,0x00000000e322c758,0x00000000f5980000)
 Metaspace       used 36168K, capacity 37022K, committed 37208K, reserved 1081344K
  class space    used 4977K, capacity 5161K, committed 5248K, reserved 1048576K
