19:05:56,512 |-INFO in ch.qos.logback.classic.LoggerContext[default] - Could NOT find resource [logback-test.xml]
19:05:56,513 |-INFO in ch.qos.logback.classic.LoggerContext[default] - Could NOT find resource [logback.groovy]
19:05:56,513 |-INFO in ch.qos.logback.classic.LoggerContext[default] - Found resource [logback.xml] at [jar:file:/root/flamestream/lib/flamestream-runtime-1.0-SNAPSHOT.jar!/logback.xml]
19:05:56,514 |-WARN in ch.qos.logback.classic.LoggerContext[default] - Resource [logback.xml] occurs multiple times on the classpath.
19:05:56,514 |-WARN in ch.qos.logback.classic.LoggerContext[default] - Resource [logback.xml] occurs at [jar:file:/root/flamestream/lib/flamestream-runtime-1.0-SNAPSHOT.jar!/logback.xml]
19:05:56,514 |-WARN in ch.qos.logback.classic.LoggerContext[default] - Resource [logback.xml] occurs at [jar:file:/root/flamestream/flamestream-runtime-1.0-SNAPSHOT.jar!/logback.xml]
19:05:56,533 |-INFO in ch.qos.logback.core.joran.spi.ConfigurationWatchList@3fb6a447 - URL [jar:file:/root/flamestream/lib/flamestream-runtime-1.0-SNAPSHOT.jar!/logback.xml] is not of type file
19:05:56,605 |-INFO in ch.qos.logback.classic.joran.action.ConfigurationAction - debug attribute not set
19:05:56,605 |-INFO in ch.qos.logback.core.joran.action.AppenderAction - About to instantiate appender of type [ch.qos.logback.core.ConsoleAppender]
19:05:56,625 |-INFO in ch.qos.logback.core.joran.action.AppenderAction - Naming appender as [STDOUT]
19:05:56,643 |-INFO in ch.qos.logback.core.joran.action.NestedComplexPropertyIA - Assuming default type [ch.qos.logback.classic.encoder.PatternLayoutEncoder] for [encoder] property
19:05:56,729 |-INFO in ch.qos.logback.core.joran.action.AppenderAction - About to instantiate appender of type [ch.qos.logback.core.rolling.RollingFileAppender]
19:05:56,734 |-INFO in ch.qos.logback.core.joran.action.AppenderAction - Naming appender as [FILE]
19:05:56,764 |-INFO in c.q.l.core.rolling.TimeBasedRollingPolicy@127618319 - No compression will be used
19:05:56,765 |-INFO in c.q.l.core.rolling.TimeBasedRollingPolicy@127618319 - Will use the pattern /tmp/application_%d{yyyy-MM-dd}.%i.log for the active file
19:05:56,768 |-INFO in ch.qos.logback.core.rolling.SizeAndTimeBasedFNATP@6b2fad11 - The date pattern is 'yyyy-MM-dd' from file name pattern '/tmp/application_%d{yyyy-MM-dd}.%i.log'.
19:05:56,768 |-INFO in ch.qos.logback.core.rolling.SizeAndTimeBasedFNATP@6b2fad11 - Roll-over at midnight.
19:05:56,773 |-INFO in ch.qos.logback.core.rolling.SizeAndTimeBasedFNATP@6b2fad11 - Setting initial period to Mon Jun 10 19:04:25 UTC 2019
19:05:56,773 |-WARN in ch.qos.logback.core.rolling.SizeAndTimeBasedFNATP@6b2fad11 - SizeAndTimeBasedFNATP is deprecated. Use SizeAndTimeBasedRollingPolicy instead
19:05:56,773 |-WARN in ch.qos.logback.core.rolling.SizeAndTimeBasedFNATP@6b2fad11 - For more information see http://logback.qos.ch/manual/appenders.html#SizeAndTimeBasedRollingPolicy
19:05:56,777 |-INFO in ch.qos.logback.core.joran.action.NestedComplexPropertyIA - Assuming default type [ch.qos.logback.classic.encoder.PatternLayoutEncoder] for [encoder] property
19:05:56,782 |-INFO in ch.qos.logback.core.rolling.RollingFileAppender[FILE] - Active log file name: /tmp/application.log
19:05:56,782 |-INFO in ch.qos.logback.core.rolling.RollingFileAppender[FILE] - File property is set to [/tmp/application.log]
19:05:56,783 |-INFO in ch.qos.logback.classic.joran.action.RootLoggerAction - Setting level of ROOT logger to WARN
19:05:56,783 |-INFO in ch.qos.logback.core.joran.action.AppenderRefAction - Attaching appender named [STDOUT] to Logger[ROOT]
19:05:56,785 |-INFO in ch.qos.logback.core.joran.action.AppenderRefAction - Attaching appender named [FILE] to Logger[ROOT]
19:05:56,785 |-INFO in ch.qos.logback.classic.joran.action.ConfigurationAction - End of configuration.
19:05:56,786 |-INFO in ch.qos.logback.classic.joran.JoranConfigurator@79698539 - Registering current configuration as safe fallback point

Ama winner
Ama winner
2019-06-10T19:05:58.086+0000: 1.763: [Full GC (Metadata GC Threshold) 2019-06-10T19:05:58.086+0000: 1.763: [Tenured: 0K->15208K(341376K), 0.0397825 secs] 114987K->15208K(494976K), [Metaspace: 20738K->20738K(1067008K)], 0.0398518 secs] [Times: user=0.04 sys=0.00, real=0.04 secs] 
19:06:19.577 [Curator-PathChildrenCache-1] WARN  o.a.c.u.ZKPaths  - The version of ZooKeeper being used doesn't support Container nodes. CreateMode.PERSISTENT will be used instead.
2019-06-10T19:06:22.305+0000: 25.982: [GC (Allocation Failure) 2019-06-10T19:06:22.305+0000: 25.982: [DefNew: 136576K->17023K(153600K), 0.0268974 secs] 151784K->52796K(494976K), 0.0269798 secs] [Times: user=0.02 sys=0.01, real=0.03 secs] 
2019-06-10T19:06:22.937+0000: 26.614: [Full GC (Metadata GC Threshold) 2019-06-10T19:06:22.937+0000: 26.614: [Tenured: 35772K->44381K(341376K), 0.0486537 secs] 71974K->44381K(494976K), [Metaspace: 34584K->34584K(1079296K)], 0.0487330 secs] [Times: user=0.05 sys=0.00, real=0.04 secs] 
2019-06-10T19:06:30.211+0000: 33.888: [GC (Allocation Failure) 2019-06-10T19:06:30.211+0000: 33.888: [DefNew: 136576K->109K(153600K), 0.0019007 secs] 180957K->44491K(494976K), 0.0019612 secs] [Times: user=0.00 sys=0.00, real=0.00 secs] 
2019-06-10T19:06:37.454+0000: 41.131: [GC (Allocation Failure) 2019-06-10T19:06:37.454+0000: 41.131: [DefNew: 136685K->105K(153600K), 0.0017889 secs] 181067K->44487K(494976K), 0.0018537 secs] [Times: user=0.00 sys=0.00, real=0.00 secs] 
2019-06-10T19:06:44.849+0000: 48.526: [GC (Allocation Failure) 2019-06-10T19:06:44.850+0000: 48.527: [DefNew: 136681K->106K(153600K), 0.0017784 secs] 181063K->44488K(494976K), 0.0018386 secs] [Times: user=0.00 sys=0.00, real=0.00 secs] 
2019-06-10T19:06:52.180+0000: 55.857: [GC (Allocation Failure) 2019-06-10T19:06:52.180+0000: 55.857: [DefNew: 136682K->107K(153600K), 0.0018682 secs] 181064K->44489K(494976K), 0.0019282 secs] [Times: user=0.00 sys=0.00, real=0.00 secs] 
2019-06-10T19:06:59.624+0000: 63.301: [GC (Allocation Failure) 2019-06-10T19:06:59.624+0000: 63.301: [DefNew: 136683K->396K(153600K), 0.0022382 secs] 181065K->44778K(494976K), 0.0023123 secs] [Times: user=0.00 sys=0.00, real=0.00 secs] 
2019-06-10T19:07:14.961+0000: 78.638: [GC (Allocation Failure) 2019-06-10T19:07:14.961+0000: 78.638: [DefNew: 136972K->189K(153600K), 0.0022843 secs] 181354K->44570K(494976K), 0.0023642 secs] [Times: user=0.01 sys=0.00, real=0.00 secs] 
19:07:20.647 [Curator-PathChildrenCache-0] ERROR o.a.c.f.r.c.PathChildrenCache  - 
java.lang.IllegalStateException: instance must be started before calling this method
	at org.apache.curator.shaded.com.google.common.base.Preconditions.checkState(Preconditions.java:444)
	at org.apache.curator.framework.imps.CuratorFrameworkImpl.getChildren(CuratorFrameworkImpl.java:456)
	at org.apache.curator.framework.recipes.cache.PathChildrenCache.refresh(PathChildrenCache.java:521)
	at org.apache.curator.framework.recipes.cache.RefreshOperation.invoke(RefreshOperation.java:35)
	at org.apache.curator.framework.recipes.cache.PathChildrenCache$9.run(PathChildrenCache.java:786)
	at java.util.concurrent.Executors$RunnableAdapter.call(Executors.java:511)
	at java.util.concurrent.FutureTask.run(FutureTask.java:266)
	at java.util.concurrent.Executors$RunnableAdapter.call(Executors.java:511)
	at java.util.concurrent.FutureTask.run(FutureTask.java:266)
	at java.util.concurrent.ThreadPoolExecutor.runWorker(ThreadPoolExecutor.java:1149)
	at java.util.concurrent.ThreadPoolExecutor$Worker.run(ThreadPoolExecutor.java:624)
	at java.lang.Thread.run(Thread.java:748)
Heap
 def new generation   total 153600K, used 39726K [0x00000000e0c00000, 0x00000000eb2a0000, 0x00000000eb2a0000)
  eden space 136576K,  28% used [0x00000000e0c00000, 0x00000000e329c578, 0x00000000e9160000)
  from space 17024K,   1% used [0x00000000ea200000, 0x00000000ea22f580, 0x00000000eb2a0000)
  to   space 17024K,   0% used [0x00000000e9160000, 0x00000000e9160000, 0x00000000ea200000)
 tenured generation   total 341376K, used 44381K [0x00000000eb2a0000, 0x0000000100000000, 0x0000000100000000)
   the space 341376K,  13% used [0x00000000eb2a0000, 0x00000000eddf7618, 0x00000000eddf7800, 0x0000000100000000)
 Metaspace       used 36235K, capacity 37164K, committed 37376K, reserved 1081344K
  class space    used 4887K, capacity 5082K, committed 5120K, reserved 1048576K
