16:09:29,460 |-INFO in ch.qos.logback.classic.LoggerContext[default] - Could NOT find resource [logback-test.xml]
16:09:29,460 |-INFO in ch.qos.logback.classic.LoggerContext[default] - Could NOT find resource [logback.groovy]
16:09:29,460 |-INFO in ch.qos.logback.classic.LoggerContext[default] - Found resource [logback.xml] at [jar:file:/root/flamestream/lib/flamestream-runtime-1.0-SNAPSHOT.jar!/logback.xml]
16:09:29,461 |-WARN in ch.qos.logback.classic.LoggerContext[default] - Resource [logback.xml] occurs multiple times on the classpath.
16:09:29,461 |-WARN in ch.qos.logback.classic.LoggerContext[default] - Resource [logback.xml] occurs at [jar:file:/root/flamestream/lib/flamestream-runtime-1.0-SNAPSHOT.jar!/logback.xml]
16:09:29,461 |-WARN in ch.qos.logback.classic.LoggerContext[default] - Resource [logback.xml] occurs at [jar:file:/root/flamestream/flamestream-runtime-1.0-SNAPSHOT.jar!/logback.xml]
16:09:29,481 |-INFO in ch.qos.logback.core.joran.spi.ConfigurationWatchList@3fb6a447 - URL [jar:file:/root/flamestream/lib/flamestream-runtime-1.0-SNAPSHOT.jar!/logback.xml] is not of type file
16:09:29,548 |-INFO in ch.qos.logback.classic.joran.action.ConfigurationAction - debug attribute not set
16:09:29,548 |-INFO in ch.qos.logback.core.joran.action.AppenderAction - About to instantiate appender of type [ch.qos.logback.core.ConsoleAppender]
16:09:29,565 |-INFO in ch.qos.logback.core.joran.action.AppenderAction - Naming appender as [STDOUT]
16:09:29,582 |-INFO in ch.qos.logback.core.joran.action.NestedComplexPropertyIA - Assuming default type [ch.qos.logback.classic.encoder.PatternLayoutEncoder] for [encoder] property
16:09:29,672 |-INFO in ch.qos.logback.core.joran.action.AppenderAction - About to instantiate appender of type [ch.qos.logback.core.rolling.RollingFileAppender]
16:09:29,677 |-INFO in ch.qos.logback.core.joran.action.AppenderAction - Naming appender as [FILE]
16:09:29,707 |-INFO in c.q.l.core.rolling.TimeBasedRollingPolicy@127618319 - No compression will be used
16:09:29,708 |-INFO in c.q.l.core.rolling.TimeBasedRollingPolicy@127618319 - Will use the pattern /tmp/application_%d{yyyy-MM-dd}.%i.log for the active file
16:09:29,711 |-INFO in ch.qos.logback.core.rolling.SizeAndTimeBasedFNATP@6b2fad11 - The date pattern is 'yyyy-MM-dd' from file name pattern '/tmp/application_%d{yyyy-MM-dd}.%i.log'.
16:09:29,711 |-INFO in ch.qos.logback.core.rolling.SizeAndTimeBasedFNATP@6b2fad11 - Roll-over at midnight.
16:09:29,716 |-INFO in ch.qos.logback.core.rolling.SizeAndTimeBasedFNATP@6b2fad11 - Setting initial period to Mon Jun 10 16:08:09 UTC 2019
16:09:29,716 |-WARN in ch.qos.logback.core.rolling.SizeAndTimeBasedFNATP@6b2fad11 - SizeAndTimeBasedFNATP is deprecated. Use SizeAndTimeBasedRollingPolicy instead
16:09:29,716 |-WARN in ch.qos.logback.core.rolling.SizeAndTimeBasedFNATP@6b2fad11 - For more information see http://logback.qos.ch/manual/appenders.html#SizeAndTimeBasedRollingPolicy
16:09:29,720 |-INFO in ch.qos.logback.core.joran.action.NestedComplexPropertyIA - Assuming default type [ch.qos.logback.classic.encoder.PatternLayoutEncoder] for [encoder] property
16:09:29,725 |-INFO in ch.qos.logback.core.rolling.RollingFileAppender[FILE] - Active log file name: /tmp/application.log
16:09:29,725 |-INFO in ch.qos.logback.core.rolling.RollingFileAppender[FILE] - File property is set to [/tmp/application.log]
16:09:29,726 |-INFO in ch.qos.logback.classic.joran.action.RootLoggerAction - Setting level of ROOT logger to WARN
16:09:29,726 |-INFO in ch.qos.logback.core.joran.action.AppenderRefAction - Attaching appender named [STDOUT] to Logger[ROOT]
16:09:29,728 |-INFO in ch.qos.logback.core.joran.action.AppenderRefAction - Attaching appender named [FILE] to Logger[ROOT]
16:09:29,728 |-INFO in ch.qos.logback.classic.joran.action.ConfigurationAction - End of configuration.
16:09:29,728 |-INFO in ch.qos.logback.classic.joran.JoranConfigurator@79698539 - Registering current configuration as safe fallback point

Ama winner
Ama winner
2019-06-10T16:09:31.062+0000: 1.788: [Full GC (Metadata GC Threshold) 2019-06-10T16:09:31.062+0000: 1.788: [Tenured: 0K->15144K(341376K), 0.0393758 secs] 114987K->15144K(494976K), [Metaspace: 20738K->20738K(1067008K)], 0.0394396 secs] [Times: user=0.04 sys=0.00, real=0.04 secs] 
16:09:45.559 [Curator-PathChildrenCache-2] WARN  o.a.c.u.ZKPaths  - The version of ZooKeeper being used doesn't support Container nodes. CreateMode.PERSISTENT will be used instead.
2019-06-10T16:09:47.987+0000: 18.713: [GC (Allocation Failure) 2019-06-10T16:09:47.987+0000: 18.713: [DefNew: 136576K->17024K(153600K), 0.0259555 secs] 151720K->52643K(494976K), 0.0260320 secs] [Times: user=0.02 sys=0.01, real=0.02 secs] 
2019-06-10T16:09:48.472+0000: 19.198: [Full GC (Metadata GC Threshold) 2019-06-10T16:09:48.472+0000: 19.198: [Tenured: 35619K->44340K(341376K), 0.0361976 secs] 70210K->44340K(494976K), [Metaspace: 34637K->34637K(1079296K)], 0.0362779 secs] [Times: user=0.03 sys=0.01, real=0.04 secs] 
2019-06-10T16:09:51.395+0000: 22.122: [GC (Allocation Failure) 2019-06-10T16:09:51.395+0000: 22.122: [DefNew: 136576K->202K(153600K), 0.0023679 secs] 180916K->44542K(494976K), 0.0024267 secs] [Times: user=0.00 sys=0.00, real=0.00 secs] 
2019-06-10T16:09:54.309+0000: 25.035: [GC (Allocation Failure) 2019-06-10T16:09:54.309+0000: 25.035: [DefNew: 136778K->224K(153600K), 0.0020982 secs] 181118K->44565K(494976K), 0.0021581 secs] [Times: user=0.00 sys=0.00, real=0.00 secs] 
2019-06-10T16:09:57.283+0000: 28.009: [GC (Allocation Failure) 2019-06-10T16:09:57.283+0000: 28.009: [DefNew: 136800K->226K(153600K), 0.0021043 secs] 181141K->44567K(494976K), 0.0021620 secs] [Times: user=0.01 sys=0.00, real=0.01 secs] 
2019-06-10T16:10:00.239+0000: 30.965: [GC (Allocation Failure) 2019-06-10T16:10:00.239+0000: 30.965: [DefNew: 136802K->233K(153600K), 0.0020254 secs] 181143K->44573K(494976K), 0.0020940 secs] [Times: user=0.00 sys=0.00, real=0.00 secs] 
2019-06-10T16:10:03.217+0000: 33.943: [GC (Allocation Failure) 2019-06-10T16:10:03.217+0000: 33.943: [DefNew: 136809K->231K(153600K), 0.0022205 secs] 181149K->44572K(494976K), 0.0022844 secs] [Times: user=0.01 sys=0.00, real=0.00 secs] 
16:10:10.781 [Curator-PathChildrenCache-0] ERROR o.a.c.f.r.c.PathChildrenCache  - 
java.lang.IllegalStateException: instance must be started before calling this method
	at org.apache.curator.shaded.com.google.common.base.Preconditions.checkState(Preconditions.java:444)
	at org.apache.curator.framework.imps.CuratorFrameworkImpl.getChildren(CuratorFrameworkImpl.java:456)
	at org.apache.curator.framework.recipes.cache.PathChildrenCache.refresh(PathChildrenCache.java:521)
	at org.apache.curator.framework.recipes.cache.RefreshOperation.invoke(RefreshOperation.java:35)
	at org.apache.curator.framework.recipes.cache.PathChildrenCache$9.run(PathChildrenCache.java:786)
	at java.util.concurrent.Executors$RunnableAdapter.call(Executors.java:511)
	at java.util.concurrent.FutureTask.run(FutureTask.java:266)
	at java.util.concurrent.Executors$RunnableAdapter.call(Executors.java:511)
	at java.util.concurrent.FutureTask.run(FutureTask.java:266)
	at java.util.concurrent.ThreadPoolExecutor.runWorker(ThreadPoolExecutor.java:1149)
	at java.util.concurrent.ThreadPoolExecutor$Worker.run(ThreadPoolExecutor.java:624)
	at java.lang.Thread.run(Thread.java:748)
Heap
 def new generation   total 153600K, used 132822K [0x00000000e0c00000, 0x00000000eb2a0000, 0x00000000eb2a0000)
  eden space 136576K,  97% used [0x00000000e0c00000, 0x00000000e8d7bdd0, 0x00000000e9160000)
  from space 17024K,   1% used [0x00000000e9160000, 0x00000000e9199e10, 0x00000000ea200000)
  to   space 17024K,   0% used [0x00000000ea200000, 0x00000000ea200000, 0x00000000eb2a0000)
 tenured generation   total 341376K, used 44340K [0x00000000eb2a0000, 0x0000000100000000, 0x0000000100000000)
   the space 341376K,  12% used [0x00000000eb2a0000, 0x00000000edded308, 0x00000000edded400, 0x0000000100000000)
 Metaspace       used 35931K, capacity 36932K, committed 37120K, reserved 1081344K
  class space    used 4862K, capacity 5070K, committed 5120K, reserved 1048576K
