09:37:50,838 |-INFO in ch.qos.logback.classic.LoggerContext[default] - Could NOT find resource [logback-test.xml]
09:37:50,838 |-INFO in ch.qos.logback.classic.LoggerContext[default] - Could NOT find resource [logback.groovy]
09:37:50,838 |-INFO in ch.qos.logback.classic.LoggerContext[default] - Found resource [logback.xml] at [jar:file:/root/flamestream/lib/flamestream-runtime-1.0-SNAPSHOT.jar!/logback.xml]
09:37:50,839 |-WARN in ch.qos.logback.classic.LoggerContext[default] - Resource [logback.xml] occurs multiple times on the classpath.
09:37:50,839 |-WARN in ch.qos.logback.classic.LoggerContext[default] - Resource [logback.xml] occurs at [jar:file:/root/flamestream/lib/flamestream-runtime-1.0-SNAPSHOT.jar!/logback.xml]
09:37:50,839 |-WARN in ch.qos.logback.classic.LoggerContext[default] - Resource [logback.xml] occurs at [jar:file:/root/flamestream/flamestream-runtime-1.0-SNAPSHOT.jar!/logback.xml]
09:37:50,860 |-INFO in ch.qos.logback.core.joran.spi.ConfigurationWatchList@3fb6a447 - URL [jar:file:/root/flamestream/lib/flamestream-runtime-1.0-SNAPSHOT.jar!/logback.xml] is not of type file
09:37:50,926 |-INFO in ch.qos.logback.classic.joran.action.ConfigurationAction - debug attribute not set
09:37:50,927 |-INFO in ch.qos.logback.core.joran.action.AppenderAction - About to instantiate appender of type [ch.qos.logback.core.ConsoleAppender]
09:37:50,943 |-INFO in ch.qos.logback.core.joran.action.AppenderAction - Naming appender as [STDOUT]
09:37:50,961 |-INFO in ch.qos.logback.core.joran.action.NestedComplexPropertyIA - Assuming default type [ch.qos.logback.classic.encoder.PatternLayoutEncoder] for [encoder] property
09:37:51,048 |-INFO in ch.qos.logback.core.joran.action.AppenderAction - About to instantiate appender of type [ch.qos.logback.core.rolling.RollingFileAppender]
09:37:51,053 |-INFO in ch.qos.logback.core.joran.action.AppenderAction - Naming appender as [FILE]
09:37:51,083 |-INFO in c.q.l.core.rolling.TimeBasedRollingPolicy@127618319 - No compression will be used
09:37:51,085 |-INFO in c.q.l.core.rolling.TimeBasedRollingPolicy@127618319 - Will use the pattern /tmp/application_%d{yyyy-MM-dd}.%i.log for the active file
09:37:51,088 |-INFO in ch.qos.logback.core.rolling.SizeAndTimeBasedFNATP@6b2fad11 - The date pattern is 'yyyy-MM-dd' from file name pattern '/tmp/application_%d{yyyy-MM-dd}.%i.log'.
09:37:51,088 |-INFO in ch.qos.logback.core.rolling.SizeAndTimeBasedFNATP@6b2fad11 - Roll-over at midnight.
09:37:51,093 |-INFO in ch.qos.logback.core.rolling.SizeAndTimeBasedFNATP@6b2fad11 - Setting initial period to Tue Jun 11 09:36:32 UTC 2019
09:37:51,093 |-WARN in ch.qos.logback.core.rolling.SizeAndTimeBasedFNATP@6b2fad11 - SizeAndTimeBasedFNATP is deprecated. Use SizeAndTimeBasedRollingPolicy instead
09:37:51,093 |-WARN in ch.qos.logback.core.rolling.SizeAndTimeBasedFNATP@6b2fad11 - For more information see http://logback.qos.ch/manual/appenders.html#SizeAndTimeBasedRollingPolicy
09:37:51,097 |-INFO in ch.qos.logback.core.joran.action.NestedComplexPropertyIA - Assuming default type [ch.qos.logback.classic.encoder.PatternLayoutEncoder] for [encoder] property
09:37:51,102 |-INFO in ch.qos.logback.core.rolling.RollingFileAppender[FILE] - Active log file name: /tmp/application.log
09:37:51,102 |-INFO in ch.qos.logback.core.rolling.RollingFileAppender[FILE] - File property is set to [/tmp/application.log]
09:37:51,102 |-INFO in ch.qos.logback.classic.joran.action.RootLoggerAction - Setting level of ROOT logger to WARN
09:37:51,102 |-INFO in ch.qos.logback.core.joran.action.AppenderRefAction - Attaching appender named [STDOUT] to Logger[ROOT]
09:37:51,104 |-INFO in ch.qos.logback.core.joran.action.AppenderRefAction - Attaching appender named [FILE] to Logger[ROOT]
09:37:51,105 |-INFO in ch.qos.logback.classic.joran.action.ConfigurationAction - End of configuration.
09:37:51,105 |-INFO in ch.qos.logback.classic.joran.JoranConfigurator@79698539 - Registering current configuration as safe fallback point

Ama winner
Ama winner
2019-06-11T09:37:52.382+0000: 1.730: [Full GC (Metadata GC Threshold) 2019-06-11T09:37:52.382+0000: 1.730: [Tenured: 0K->15141K(341376K), 0.0393334 secs] 114987K->15141K(494976K), [Metaspace: 20725K->20725K(1067008K)], 0.0393992 secs] [Times: user=0.03 sys=0.01, real=0.04 secs] 
2019-06-11T09:38:12.936+0000: 22.284: [GC (Allocation Failure) 2019-06-11T09:38:12.936+0000: 22.284: [DefNew: 136576K->17023K(153600K), 0.0268740 secs] 151717K->51817K(494976K), 0.0269473 secs] [Times: user=0.02 sys=0.01, real=0.02 secs] 
2019-06-11T09:38:16.454+0000: 25.802: [GC (Allocation Failure) 2019-06-11T09:38:16.454+0000: 25.802: [DefNew: 153599K->1902K(153600K), 0.0204400 secs] 188393K->44231K(494976K), 0.0205036 secs] [Times: user=0.02 sys=0.00, real=0.02 secs] 
2019-06-11T09:38:18.791+0000: 28.138: [Full GC (Metadata GC Threshold) 2019-06-11T09:38:18.791+0000: 28.138: [Tenured: 42329K->43271K(341376K), 0.1131858 secs] 175933K->43271K(494976K), [Metaspace: 34596K->34596K(1079296K)], 0.1132632 secs] [Times: user=0.11 sys=0.00, real=0.11 secs] 
2019-06-11T09:38:22.148+0000: 31.496: [GC (Allocation Failure) 2019-06-11T09:38:22.148+0000: 31.496: [DefNew: 136576K->192K(153600K), 0.0026021 secs] 179847K->43464K(494976K), 0.0026603 secs] [Times: user=0.00 sys=0.00, real=0.00 secs] 
2019-06-11T09:38:26.986+0000: 36.334: [GC (Allocation Failure) 2019-06-11T09:38:26.986+0000: 36.334: [DefNew: 136768K->339K(153600K), 0.0024477 secs] 180040K->43610K(494976K), 0.0025072 secs] [Times: user=0.00 sys=0.00, real=0.01 secs] 
2019-06-11T09:38:30.767+0000: 40.115: [GC (Allocation Failure) 2019-06-11T09:38:30.767+0000: 40.115: [DefNew: 136915K->326K(153600K), 0.0023682 secs] 180186K->43598K(494976K), 0.0024270 secs] [Times: user=0.00 sys=0.00, real=0.01 secs] 
2019-06-11T09:38:34.848+0000: 44.196: [GC (Allocation Failure) 2019-06-11T09:38:34.848+0000: 44.196: [DefNew: 136902K->258K(153600K), 0.0021590 secs] 180174K->43529K(494976K), 0.0022262 secs] [Times: user=0.00 sys=0.00, real=0.00 secs] 
2019-06-11T09:38:39.216+0000: 48.563: [GC (Allocation Failure) 2019-06-11T09:38:39.216+0000: 48.563: [DefNew: 136834K->310K(153600K), 0.0024388 secs] 180105K->43582K(494976K), 0.0024993 secs] [Times: user=0.00 sys=0.00, real=0.00 secs] 
2019-06-11T09:38:43.136+0000: 52.483: [GC (Allocation Failure) 2019-06-11T09:38:43.136+0000: 52.483: [DefNew: 136886K->320K(153600K), 0.0023810 secs] 180158K->43592K(494976K), 0.0024421 secs] [Times: user=0.00 sys=0.00, real=0.01 secs] 
2019-06-11T09:38:46.046+0000: 55.393: [GC (Allocation Failure) 2019-06-11T09:38:46.046+0000: 55.393: [DefNew: 136896K->373K(153600K), 0.0023536 secs] 180168K->43645K(494976K), 0.0024160 secs] [Times: user=0.01 sys=0.00, real=0.01 secs] 
2019-06-11T09:38:50.324+0000: 59.672: [GC (Allocation Failure) 2019-06-11T09:38:50.324+0000: 59.672: [DefNew: 136949K->564K(153600K), 0.0027520 secs] 180221K->43835K(494976K), 0.0028126 secs] [Times: user=0.00 sys=0.00, real=0.00 secs] 
2019-06-11T09:38:54.018+0000: 63.366: [GC (Allocation Failure) 2019-06-11T09:38:54.019+0000: 63.366: [DefNew: 137140K->634K(153600K), 0.0027266 secs] 180411K->43906K(494976K), 0.0035527 secs] [Times: user=0.00 sys=0.00, real=0.00 secs] 
2019-06-11T09:38:58.008+0000: 67.355: [GC (Allocation Failure) 2019-06-11T09:38:58.008+0000: 67.355: [DefNew: 137210K->554K(153600K), 0.0027089 secs] 180482K->43826K(494976K), 0.0027715 secs] [Times: user=0.00 sys=0.00, real=0.01 secs] 
2019-06-11T09:39:01.509+0000: 70.857: [GC (Allocation Failure) 2019-06-11T09:39:01.509+0000: 70.857: [DefNew: 137130K->833K(153600K), 0.0031980 secs] 180402K->44105K(494976K), 0.0032591 secs] [Times: user=0.01 sys=0.00, real=0.00 secs] 
2019-06-11T09:39:05.505+0000: 74.853: [GC (Allocation Failure) 2019-06-11T09:39:05.505+0000: 74.853: [DefNew: 137409K->625K(153600K), 0.0028364 secs] 180681K->43896K(494976K), 0.0029224 secs] [Times: user=0.01 sys=0.00, real=0.01 secs] 
2019-06-11T09:39:09.168+0000: 78.515: [GC (Allocation Failure) 2019-06-11T09:39:09.168+0000: 78.515: [DefNew: 137201K->685K(153600K), 0.0029323 secs] 180472K->43957K(494976K), 0.0029925 secs] [Times: user=0.00 sys=0.00, real=0.00 secs] 
2019-06-11T09:39:12.821+0000: 82.169: [GC (Allocation Failure) 2019-06-11T09:39:12.821+0000: 82.169: [DefNew: 137261K->670K(153600K), 0.0028816 secs] 180533K->43941K(494976K), 0.0029407 secs] [Times: user=0.00 sys=0.00, real=0.00 secs] 
2019-06-11T09:39:16.435+0000: 85.783: [GC (Allocation Failure) 2019-06-11T09:39:16.435+0000: 85.783: [DefNew: 137246K->696K(153600K), 0.0027760 secs] 180517K->43967K(494976K), 0.0028328 secs] [Times: user=0.00 sys=0.00, real=0.01 secs] 
2019-06-11T09:39:19.298+0000: 88.645: [GC (Allocation Failure) 2019-06-11T09:39:19.298+0000: 88.645: [DefNew: 137272K->821K(153600K), 0.0030136 secs] 180543K->44130K(494976K), 0.0030735 secs] [Times: user=0.00 sys=0.00, real=0.00 secs] 
2019-06-11T09:39:23.553+0000: 92.901: [GC (Allocation Failure) 2019-06-11T09:39:23.553+0000: 92.901: [DefNew: 137397K->676K(153600K), 0.0027749 secs] 180706K->44017K(494976K), 0.0028243 secs] [Times: user=0.00 sys=0.00, real=0.01 secs] 
2019-06-11T09:39:27.942+0000: 97.290: [GC (Allocation Failure) 2019-06-11T09:39:27.942+0000: 97.290: [DefNew: 137252K->888K(153600K), 0.0030234 secs] 180593K->44257K(494976K), 0.0030825 secs] [Times: user=0.00 sys=0.00, real=0.00 secs] 
2019-06-11T09:39:30.777+0000: 100.124: [GC (Allocation Failure) 2019-06-11T09:39:30.777+0000: 100.124: [DefNew: 137464K->742K(153600K), 0.0027901 secs] 180833K->44145K(494976K), 0.0028590 secs] [Times: user=0.00 sys=0.00, real=0.00 secs] 
2019-06-11T09:39:35.317+0000: 104.665: [GC (Allocation Failure) 2019-06-11T09:39:35.317+0000: 104.665: [DefNew: 137318K->684K(153600K), 0.0028211 secs] 180721K->44124K(494976K), 0.0028806 secs] [Times: user=0.00 sys=0.00, real=0.00 secs] 
2019-06-11T09:39:39.787+0000: 109.135: [GC (Allocation Failure) 2019-06-11T09:39:39.787+0000: 109.135: [DefNew: 137260K->644K(153600K), 0.0027316 secs] 180700K->44112K(494976K), 0.0027929 secs] [Times: user=0.01 sys=0.00, real=0.01 secs] 
2019-06-11T09:39:43.914+0000: 113.261: [GC (Allocation Failure) 2019-06-11T09:39:43.914+0000: 113.261: [DefNew: 137220K->702K(153600K), 0.0027783 secs] 180688K->44202K(494976K), 0.0028390 secs] [Times: user=0.00 sys=0.00, real=0.01 secs] 
2019-06-11T09:39:47.543+0000: 116.891: [GC (Allocation Failure) 2019-06-11T09:39:47.543+0000: 116.891: [DefNew: 137278K->713K(153600K), 0.0029126 secs] 180778K->44286K(494976K), 0.0029741 secs] [Times: user=0.01 sys=0.00, real=0.00 secs] 
2019-06-11T09:39:51.192+0000: 120.540: [GC (Allocation Failure) 2019-06-11T09:39:51.192+0000: 120.540: [DefNew: 137289K->543K(153600K), 0.0025959 secs] 180862K->44196K(494976K), 0.0026661 secs] [Times: user=0.01 sys=0.00, real=0.00 secs] 
2019-06-11T09:39:55.676+0000: 125.024: [GC (Allocation Failure) 2019-06-11T09:39:55.676+0000: 125.024: [DefNew: 137119K->565K(153600K), 0.0025837 secs] 180772K->44258K(494976K), 0.0026599 secs] [Times: user=0.00 sys=0.00, real=0.00 secs] 
2019-06-11T09:39:59.464+0000: 128.811: [GC (Allocation Failure) 2019-06-11T09:39:59.464+0000: 128.811: [DefNew: 137141K->654K(153600K), 0.0026166 secs] 180834K->44383K(494976K), 0.0026936 secs] [Times: user=0.00 sys=0.00, real=0.00 secs] 
2019-06-11T09:40:03.238+0000: 132.585: [GC (Allocation Failure) 2019-06-11T09:40:03.238+0000: 132.585: [DefNew: 137230K->637K(153600K), 0.0026055 secs] 180959K->44396K(494976K), 0.0026643 secs] [Times: user=0.01 sys=0.00, real=0.00 secs] 
2019-06-11T09:40:07.133+0000: 136.481: [GC (Allocation Failure) 2019-06-11T09:40:07.134+0000: 136.481: [DefNew: 137213K->578K(153600K), 0.0025889 secs] 180972K->44366K(494976K), 0.0027177 secs] [Times: user=0.00 sys=0.00, real=0.01 secs] 
2019-06-11T09:40:11.337+0000: 140.685: [GC (Allocation Failure) 2019-06-11T09:40:11.337+0000: 140.685: [DefNew: 137154K->554K(153600K), 0.0026159 secs] 180942K->44360K(494976K), 0.0026773 secs] [Times: user=0.01 sys=0.00, real=0.00 secs] 
2019-06-11T09:40:16.099+0000: 145.446: [GC (Allocation Failure) 2019-06-11T09:40:16.099+0000: 145.446: [DefNew: 137130K->605K(153600K), 0.0026745 secs] 180936K->44436K(494976K), 0.0027338 secs] [Times: user=0.00 sys=0.00, real=0.00 secs] 
2019-06-11T09:40:19.299+0000: 148.647: [GC (Allocation Failure) 2019-06-11T09:40:19.299+0000: 148.647: [DefNew: 137181K->548K(153600K), 0.0025791 secs] 181012K->44404K(494976K), 0.0026374 secs] [Times: user=0.00 sys=0.00, real=0.00 secs] 
2019-06-11T09:40:23.677+0000: 153.025: [GC (Allocation Failure) 2019-06-11T09:40:23.677+0000: 153.025: [DefNew: 137124K->850K(153600K), 0.0029775 secs] 180980K->44732K(494976K), 0.0030305 secs] [Times: user=0.01 sys=0.00, real=0.00 secs] 
2019-06-11T09:40:27.483+0000: 156.830: [GC (Allocation Failure) 2019-06-11T09:40:27.483+0000: 156.830: [DefNew: 137426K->596K(153600K), 0.0026330 secs] 181308K->44501K(494976K), 0.0026912 secs] [Times: user=0.01 sys=0.00, real=0.00 secs] 
2019-06-11T09:40:32.424+0000: 161.772: [GC (Allocation Failure) 2019-06-11T09:40:32.424+0000: 161.772: [DefNew: 137172K->610K(153600K), 0.0027367 secs] 181077K->44540K(494976K), 0.0028022 secs] [Times: user=0.00 sys=0.00, real=0.00 secs] 
2019-06-11T09:40:36.709+0000: 166.057: [GC (Allocation Failure) 2019-06-11T09:40:36.709+0000: 166.057: [DefNew: 137186K->539K(153600K), 0.0026217 secs] 181116K->44491K(494976K), 0.0026813 secs] [Times: user=0.00 sys=0.00, real=0.00 secs] 
2019-06-11T09:40:40.335+0000: 169.683: [GC (Allocation Failure) 2019-06-11T09:40:40.335+0000: 169.683: [DefNew: 137115K->525K(153600K), 0.0025178 secs] 181067K->44502K(494976K), 0.0025765 secs] [Times: user=0.00 sys=0.00, real=0.01 secs] 
2019-06-11T09:40:43.890+0000: 173.238: [GC (Allocation Failure) 2019-06-11T09:40:43.890+0000: 173.238: [DefNew: 137101K->522K(153600K), 0.0025670 secs] 181078K->44528K(494976K), 0.0026270 secs] [Times: user=0.00 sys=0.00, real=0.00 secs] 
2019-06-11T09:40:47.675+0000: 177.023: [GC (Allocation Failure) 2019-06-11T09:40:47.675+0000: 177.023: [DefNew: 137098K->544K(153600K), 0.0025610 secs] 181104K->44572K(494976K), 0.0026227 secs] [Times: user=0.00 sys=0.00, real=0.01 secs] 
2019-06-11T09:40:52.381+0000: 181.729: [GC (Allocation Failure) 2019-06-11T09:40:52.381+0000: 181.729: [DefNew: 137120K->534K(153600K), 0.0024807 secs] 181148K->44584K(494976K), 0.0025407 secs] [Times: user=0.00 sys=0.00, real=0.00 secs] 
2019-06-11T09:40:57.755+0000: 187.102: [GC (Allocation Failure) 2019-06-11T09:40:57.755+0000: 187.102: [DefNew: 137110K->520K(153600K), 0.0025497 secs] 181160K->44611K(494976K), 0.0026081 secs] [Times: user=0.01 sys=0.00, real=0.01 secs] 
2019-06-11T09:41:01.741+0000: 191.089: [GC (Allocation Failure) 2019-06-11T09:41:01.741+0000: 191.089: [DefNew: 137096K->526K(153600K), 0.0026239 secs] 181187K->44638K(494976K), 0.0026854 secs] [Times: user=0.00 sys=0.00, real=0.00 secs] 
2019-06-11T09:41:04.849+0000: 194.197: [GC (Allocation Failure) 2019-06-11T09:41:04.850+0000: 194.197: [DefNew: 137102K->611K(153600K), 0.0025170 secs] 181214K->44746K(494976K), 0.0025814 secs] [Times: user=0.00 sys=0.00, real=0.00 secs] 
2019-06-11T09:41:08.982+0000: 198.329: [GC (Allocation Failure) 2019-06-11T09:41:08.982+0000: 198.329: [DefNew: 137187K->537K(153600K), 0.0025788 secs] 181322K->44697K(494976K), 0.0026555 secs] [Times: user=0.00 sys=0.00, real=0.00 secs] 
2019-06-11T09:41:13.467+0000: 202.815: [GC (Allocation Failure) 2019-06-11T09:41:13.467+0000: 202.815: [DefNew: 137113K->527K(153600K), 0.0024912 secs] 181273K->44705K(494976K), 0.0025517 secs] [Times: user=0.00 sys=0.00, real=0.01 secs] 
2019-06-11T09:41:18.795+0000: 208.142: [GC (Allocation Failure) 2019-06-11T09:41:18.795+0000: 208.142: [DefNew: 137103K->517K(153600K), 0.0024792 secs] 181281K->44724K(494976K), 0.0025423 secs] [Times: user=0.01 sys=0.00, real=0.01 secs] 
2019-06-11T09:41:23.678+0000: 213.025: [GC (Allocation Failure) 2019-06-11T09:41:23.678+0000: 213.026: [DefNew: 137093K->511K(153600K), 0.0024772 secs] 181300K->44740K(494976K), 0.0025389 secs] [Times: user=0.00 sys=0.00, real=0.00 secs] 
2019-06-11T09:41:27.970+0000: 217.317: [GC (Allocation Failure) 2019-06-11T09:41:27.970+0000: 217.318: [DefNew: 137087K->520K(153600K), 0.0024695 secs] 181316K->44765K(494976K), 0.0025299 secs] [Times: user=0.01 sys=0.00, real=0.00 secs] 
2019-06-11T09:41:31.105+0000: 220.453: [GC (Allocation Failure) 2019-06-11T09:41:31.105+0000: 220.453: [DefNew: 137096K->512K(153600K), 0.0024539 secs] 181341K->44783K(494976K), 0.0025370 secs] [Times: user=0.00 sys=0.00, real=0.00 secs] 
2019-06-11T09:41:35.158+0000: 224.506: [GC (Allocation Failure) 2019-06-11T09:41:35.159+0000: 224.506: [DefNew: 137088K->779K(153600K), 0.0026593 secs] 181359K->45068K(494976K), 0.0033737 secs] [Times: user=0.00 sys=0.00, real=0.00 secs] 
2019-06-11T09:41:40.133+0000: 229.481: [GC (Allocation Failure) 2019-06-11T09:41:40.133+0000: 229.481: [DefNew: 137355K->666K(153600K), 0.0027096 secs] 181644K->44983K(494976K), 0.0027679 secs] [Times: user=0.00 sys=0.00, real=0.01 secs] 
2019-06-11T09:41:44.647+0000: 233.995: [GC (Allocation Failure) 2019-06-11T09:41:44.647+0000: 233.995: [DefNew: 137242K->666K(153600K), 0.0025633 secs] 181559K->44998K(494976K), 0.0026376 secs] [Times: user=0.00 sys=0.00, real=0.01 secs] 
2019-06-11T09:41:48.641+0000: 237.989: [GC (Allocation Failure) 2019-06-11T09:41:48.641+0000: 237.989: [DefNew: 137242K->514K(153600K), 0.0025559 secs] 181574K->44872K(494976K), 0.0026130 secs] [Times: user=0.00 sys=0.00, real=0.00 secs] 
2019-06-11T09:41:53.288+0000: 242.636: [GC (Allocation Failure) 2019-06-11T09:41:53.288+0000: 242.636: [DefNew: 137090K->1031K(153600K), 0.0033086 secs] 181448K->45414K(494976K), 0.0033717 secs] [Times: user=0.00 sys=0.00, real=0.00 secs] 
2019-06-11T09:41:58.239+0000: 247.587: [GC (Allocation Failure) 2019-06-11T09:41:58.239+0000: 247.587: [DefNew: 137607K->516K(153600K), 0.0024621 secs] 181990K->44923K(494976K), 0.0025240 secs] [Times: user=0.00 sys=0.00, real=0.00 secs] 
2019-06-11T09:42:01.817+0000: 251.165: [GC (Allocation Failure) 2019-06-11T09:42:01.817+0000: 251.165: [DefNew: 137092K->601K(153600K), 0.0032001 secs] 181499K->45032K(494976K), 0.0032645 secs] [Times: user=0.00 sys=0.00, real=0.00 secs] 
2019-06-11T09:42:05.875+0000: 255.224: [GC (Allocation Failure) 2019-06-11T09:42:05.876+0000: 255.224: [DefNew: 137177K->662K(153600K), 0.0026098 secs] 181608K->45116K(494976K), 0.0034631 secs] [Times: user=0.00 sys=0.00, real=0.01 secs] 
2019-06-11T09:42:11.158+0000: 260.505: [GC (Allocation Failure) 2019-06-11T09:42:11.158+0000: 260.505: [DefNew: 137238K->503K(153600K), 0.0025256 secs] 181692K->44984K(494976K), 0.0025874 secs] [Times: user=0.00 sys=0.00, real=0.00 secs] 
2019-06-11T09:42:14.681+0000: 264.028: [GC (Allocation Failure) 2019-06-11T09:42:14.681+0000: 264.028: [DefNew: 137079K->521K(153600K), 0.0026088 secs] 181560K->45020K(494976K), 0.0026725 secs] [Times: user=0.00 sys=0.00, real=0.00 secs] 
2019-06-11T09:42:20.182+0000: 269.530: [GC (Allocation Failure) 2019-06-11T09:42:20.182+0000: 269.530: [DefNew: 137097K->456K(153600K), 0.0022577 secs] 181596K->44979K(494976K), 0.0023165 secs] [Times: user=0.01 sys=0.00, real=0.00 secs] 
2019-06-11T09:42:24.514+0000: 273.862: [GC (Allocation Failure) 2019-06-11T09:42:24.514+0000: 273.862: [DefNew: 137032K->425K(153600K), 0.0023094 secs] 181555K->44965K(494976K), 0.0023632 secs] [Times: user=0.00 sys=0.00, real=0.01 secs] 
09:42:38.239 [Curator-PathChildrenCache-0] ERROR o.a.c.f.r.c.PathChildrenCache  - 
java.lang.IllegalStateException: instance must be started before calling this method
	at org.apache.curator.shaded.com.google.common.base.Preconditions.checkState(Preconditions.java:444)
	at org.apache.curator.framework.imps.CuratorFrameworkImpl.getChildren(CuratorFrameworkImpl.java:456)
	at org.apache.curator.framework.recipes.cache.PathChildrenCache.refresh(PathChildrenCache.java:521)
	at org.apache.curator.framework.recipes.cache.RefreshOperation.invoke(RefreshOperation.java:35)
	at org.apache.curator.framework.recipes.cache.PathChildrenCache$9.run(PathChildrenCache.java:786)
	at java.util.concurrent.Executors$RunnableAdapter.call(Executors.java:511)
	at java.util.concurrent.FutureTask.run(FutureTask.java:266)
	at java.util.concurrent.Executors$RunnableAdapter.call(Executors.java:511)
	at java.util.concurrent.FutureTask.run(FutureTask.java:266)
	at java.util.concurrent.ThreadPoolExecutor.runWorker(ThreadPoolExecutor.java:1149)
	at java.util.concurrent.ThreadPoolExecutor$Worker.run(ThreadPoolExecutor.java:624)
	at java.lang.Thread.run(Thread.java:748)
Heap
 def new generation   total 153600K, used 130213K [0x00000000e0c00000, 0x00000000eb2a0000, 0x00000000eb2a0000)
  eden space 136576K,  95% used [0x00000000e0c00000, 0x00000000e8abf280, 0x00000000e9160000)
  from space 17024K,   2% used [0x00000000e9160000, 0x00000000e91ca518, 0x00000000ea200000)
  to   space 17024K,   0% used [0x00000000ea200000, 0x00000000ea200000, 0x00000000eb2a0000)
 tenured generation   total 341376K, used 44540K [0x00000000eb2a0000, 0x0000000100000000, 0x0000000100000000)
   the space 341376K,  13% used [0x00000000eb2a0000, 0x00000000ede1f1c0, 0x00000000ede1f200, 0x0000000100000000)
 Metaspace       used 36172K, capacity 37042K, committed 37376K, reserved 1081344K
  class space    used 4847K, capacity 5035K, committed 5120K, reserved 1048576K
