13:05:51,635 |-INFO in ch.qos.logback.classic.LoggerContext[default] - Could NOT find resource [logback-test.xml]
13:05:51,635 |-INFO in ch.qos.logback.classic.LoggerContext[default] - Could NOT find resource [logback.groovy]
13:05:51,636 |-INFO in ch.qos.logback.classic.LoggerContext[default] - Found resource [logback.xml] at [jar:file:/root/flamestream/lib/flamestream-runtime-1.0-SNAPSHOT.jar!/logback.xml]
13:05:51,637 |-WARN in ch.qos.logback.classic.LoggerContext[default] - Resource [logback.xml] occurs multiple times on the classpath.
13:05:51,637 |-WARN in ch.qos.logback.classic.LoggerContext[default] - Resource [logback.xml] occurs at [jar:file:/root/flamestream/lib/flamestream-runtime-1.0-SNAPSHOT.jar!/logback.xml]
13:05:51,637 |-WARN in ch.qos.logback.classic.LoggerContext[default] - Resource [logback.xml] occurs at [jar:file:/root/flamestream/flamestream-runtime-1.0-SNAPSHOT.jar!/logback.xml]
13:05:51,657 |-INFO in ch.qos.logback.core.joran.spi.ConfigurationWatchList@3fb6a447 - URL [jar:file:/root/flamestream/lib/flamestream-runtime-1.0-SNAPSHOT.jar!/logback.xml] is not of type file
13:05:51,725 |-INFO in ch.qos.logback.classic.joran.action.ConfigurationAction - debug attribute not set
13:05:51,725 |-INFO in ch.qos.logback.core.joran.action.AppenderAction - About to instantiate appender of type [ch.qos.logback.core.ConsoleAppender]
13:05:51,743 |-INFO in ch.qos.logback.core.joran.action.AppenderAction - Naming appender as [STDOUT]
13:05:51,757 |-INFO in ch.qos.logback.core.joran.action.NestedComplexPropertyIA - Assuming default type [ch.qos.logback.classic.encoder.PatternLayoutEncoder] for [encoder] property
13:05:51,858 |-INFO in ch.qos.logback.core.joran.action.AppenderAction - About to instantiate appender of type [ch.qos.logback.core.rolling.RollingFileAppender]
13:05:51,870 |-INFO in ch.qos.logback.core.joran.action.AppenderAction - Naming appender as [FILE]
13:05:51,898 |-INFO in c.q.l.core.rolling.TimeBasedRollingPolicy@127618319 - No compression will be used
13:05:51,899 |-INFO in c.q.l.core.rolling.TimeBasedRollingPolicy@127618319 - Will use the pattern /tmp/application_%d{yyyy-MM-dd}.%i.log for the active file
13:05:51,902 |-INFO in ch.qos.logback.core.rolling.SizeAndTimeBasedFNATP@6b2fad11 - The date pattern is 'yyyy-MM-dd' from file name pattern '/tmp/application_%d{yyyy-MM-dd}.%i.log'.
13:05:51,902 |-INFO in ch.qos.logback.core.rolling.SizeAndTimeBasedFNATP@6b2fad11 - Roll-over at midnight.
13:05:51,907 |-INFO in ch.qos.logback.core.rolling.SizeAndTimeBasedFNATP@6b2fad11 - Setting initial period to Mon Jun 10 13:04:36 UTC 2019
13:05:51,907 |-WARN in ch.qos.logback.core.rolling.SizeAndTimeBasedFNATP@6b2fad11 - SizeAndTimeBasedFNATP is deprecated. Use SizeAndTimeBasedRollingPolicy instead
13:05:51,907 |-WARN in ch.qos.logback.core.rolling.SizeAndTimeBasedFNATP@6b2fad11 - For more information see http://logback.qos.ch/manual/appenders.html#SizeAndTimeBasedRollingPolicy
13:05:51,912 |-INFO in ch.qos.logback.core.joran.action.NestedComplexPropertyIA - Assuming default type [ch.qos.logback.classic.encoder.PatternLayoutEncoder] for [encoder] property
13:05:51,916 |-INFO in ch.qos.logback.core.rolling.RollingFileAppender[FILE] - Active log file name: /tmp/application.log
13:05:51,916 |-INFO in ch.qos.logback.core.rolling.RollingFileAppender[FILE] - File property is set to [/tmp/application.log]
13:05:51,917 |-INFO in ch.qos.logback.classic.joran.action.RootLoggerAction - Setting level of ROOT logger to WARN
13:05:51,917 |-INFO in ch.qos.logback.core.joran.action.AppenderRefAction - Attaching appender named [STDOUT] to Logger[ROOT]
13:05:51,918 |-INFO in ch.qos.logback.core.joran.action.AppenderRefAction - Attaching appender named [FILE] to Logger[ROOT]
13:05:51,918 |-INFO in ch.qos.logback.classic.joran.action.ConfigurationAction - End of configuration.
13:05:51,918 |-INFO in ch.qos.logback.classic.joran.JoranConfigurator@79698539 - Registering current configuration as safe fallback point

Ama winner
Ama winner
2019-06-10T13:05:53.220+0000: 1.777: [Full GC (Metadata GC Threshold) 2019-06-10T13:05:53.220+0000: 1.777: [Tenured: 0K->15143K(341376K), 0.0409859 secs] 114923K->15143K(494976K), [Metaspace: 20727K->20727K(1067008K)], 0.0410525 secs] [Times: user=0.03 sys=0.01, real=0.04 secs] 
13:06:10.742 [Curator-PathChildrenCache-1] WARN  o.a.c.u.ZKPaths  - The version of ZooKeeper being used doesn't support Container nodes. CreateMode.PERSISTENT will be used instead.
2019-06-10T13:06:13.182+0000: 21.739: [GC (Allocation Failure) 2019-06-10T13:06:13.182+0000: 21.740: [DefNew: 117468K->17024K(153600K), 0.0172352 secs] 132612K->32546K(494976K), 0.0173020 secs] [Times: user=0.02 sys=0.00, real=0.02 secs] 
2019-06-10T13:06:15.056+0000: 23.614: [Full GC (Metadata GC Threshold) 2019-06-10T13:06:15.056+0000: 23.614: [Tenured: 15522K->43790K(341376K), 0.0505989 secs] 86731K->43790K(494976K), [Metaspace: 34586K->34586K(1079296K)], 0.0506769 secs] [Times: user=0.04 sys=0.01, real=0.05 secs] 
2019-06-10T13:06:24.440+0000: 32.998: [GC (Allocation Failure) 2019-06-10T13:06:24.441+0000: 32.998: [DefNew: 136576K->68K(153600K), 0.0019754 secs] 180366K->43858K(494976K), 0.0031101 secs] [Times: user=0.00 sys=0.00, real=0.00 secs] 
2019-06-10T13:06:33.930+0000: 42.488: [GC (Allocation Failure) 2019-06-10T13:06:33.930+0000: 42.488: [DefNew: 136644K->66K(153600K), 0.0018712 secs] 180434K->43856K(494976K), 0.0019308 secs] [Times: user=0.00 sys=0.00, real=0.00 secs] 
2019-06-10T13:06:43.475+0000: 52.033: [GC (Allocation Failure) 2019-06-10T13:06:43.475+0000: 52.033: [DefNew: 136642K->68K(153600K), 0.0018348 secs] 180432K->43858K(494976K), 0.0018976 secs] [Times: user=0.01 sys=0.00, real=0.00 secs] 
2019-06-10T13:06:53.021+0000: 61.579: [GC (Allocation Failure) 2019-06-10T13:06:53.021+0000: 61.579: [DefNew: 136644K->255K(153600K), 0.0021362 secs] 180434K->44045K(494976K), 0.0021904 secs] [Times: user=0.00 sys=0.00, real=0.00 secs] 
2019-06-10T13:07:04.542+0000: 73.100: [GC (Allocation Failure) 2019-06-10T13:07:04.542+0000: 73.100: [DefNew: 136831K->275K(153600K), 0.0021277 secs] 180621K->44066K(494976K), 0.0021911 secs] [Times: user=0.00 sys=0.00, real=0.00 secs] 
2019-06-10T13:07:16.172+0000: 84.730: [GC (Allocation Failure) 2019-06-10T13:07:16.173+0000: 84.730: [DefNew: 136851K->157K(153600K), 0.0021444 secs] 180642K->43947K(494976K), 0.0022060 secs] [Times: user=0.00 sys=0.00, real=0.01 secs] 
13:07:36.004 [Curator-PathChildrenCache-0] ERROR o.a.c.f.r.c.PathChildrenCache  - 
java.lang.IllegalStateException: instance must be started before calling this method
	at org.apache.curator.shaded.com.google.common.base.Preconditions.checkState(Preconditions.java:444)
	at org.apache.curator.framework.imps.CuratorFrameworkImpl.getChildren(CuratorFrameworkImpl.java:456)
	at org.apache.curator.framework.recipes.cache.PathChildrenCache.refresh(PathChildrenCache.java:521)
	at org.apache.curator.framework.recipes.cache.RefreshOperation.invoke(RefreshOperation.java:35)
	at org.apache.curator.framework.recipes.cache.PathChildrenCache$9.run(PathChildrenCache.java:786)
	at java.util.concurrent.Executors$RunnableAdapter.call(Executors.java:511)
	at java.util.concurrent.FutureTask.run(FutureTask.java:266)
	at java.util.concurrent.Executors$RunnableAdapter.call(Executors.java:511)
	at java.util.concurrent.FutureTask.run(FutureTask.java:266)
	at java.util.concurrent.ThreadPoolExecutor.runWorker(ThreadPoolExecutor.java:1149)
	at java.util.concurrent.ThreadPoolExecutor$Worker.run(ThreadPoolExecutor.java:624)
	at java.lang.Thread.run(Thread.java:748)
Heap
 def new generation   total 153600K, used 123917K [0x00000000e0c00000, 0x00000000eb2a0000, 0x00000000eb2a0000)
  eden space 136576K,  90% used [0x00000000e0c00000, 0x00000000e84dbf48, 0x00000000e9160000)
  from space 17024K,   0% used [0x00000000ea200000, 0x00000000ea2275a8, 0x00000000eb2a0000)
  to   space 17024K,   0% used [0x00000000e9160000, 0x00000000e9160000, 0x00000000ea200000)
 tenured generation   total 341376K, used 43790K [0x00000000eb2a0000, 0x0000000100000000, 0x0000000100000000)
   the space 341376K,  12% used [0x00000000eb2a0000, 0x00000000edd638e8, 0x00000000edd63a00, 0x0000000100000000)
 Metaspace       used 36165K, capacity 37066K, committed 37376K, reserved 1081344K
  class space    used 4872K, capacity 5075K, committed 5120K, reserved 1048576K
