10:19:10,100 |-INFO in ch.qos.logback.classic.LoggerContext[default] - Could NOT find resource [logback-test.xml]
10:19:10,100 |-INFO in ch.qos.logback.classic.LoggerContext[default] - Could NOT find resource [logback.groovy]
10:19:10,100 |-INFO in ch.qos.logback.classic.LoggerContext[default] - Found resource [logback.xml] at [jar:file:/home/nikitasokolov/flamestream/lib/flamestream-runtime-1.0-SNAPSHOT.jar!/logback.xml]
10:19:10,101 |-WARN in ch.qos.logback.classic.LoggerContext[default] - Resource [logback.xml] occurs multiple times on the classpath.
10:19:10,101 |-WARN in ch.qos.logback.classic.LoggerContext[default] - Resource [logback.xml] occurs at [jar:file:/home/nikitasokolov/flamestream/lib/flamestream-runtime-1.0-SNAPSHOT.jar!/logback.xml]
10:19:10,101 |-WARN in ch.qos.logback.classic.LoggerContext[default] - Resource [logback.xml] occurs at [jar:file:/home/nikitasokolov/flamestream/flamestream-runtime-1.0-SNAPSHOT.jar!/logback.xml]
10:19:10,117 |-INFO in ch.qos.logback.core.joran.spi.ConfigurationWatchList@6108b2d7 - URL [jar:file:/home/nikitasokolov/flamestream/lib/flamestream-runtime-1.0-SNAPSHOT.jar!/logback.xml] is not of type file
10:19:10,167 |-INFO in ch.qos.logback.classic.joran.action.ConfigurationAction - debug attribute not set
10:19:10,168 |-INFO in ch.qos.logback.core.joran.action.AppenderAction - About to instantiate appender of type [ch.qos.logback.core.ConsoleAppender]
10:19:10,176 |-INFO in ch.qos.logback.core.joran.action.AppenderAction - Naming appender as [STDOUT]
10:19:10,184 |-INFO in ch.qos.logback.core.joran.action.NestedComplexPropertyIA - Assuming default type [ch.qos.logback.classic.encoder.PatternLayoutEncoder] for [encoder] property
10:19:10,240 |-INFO in ch.qos.logback.core.joran.action.AppenderAction - About to instantiate appender of type [ch.qos.logback.core.rolling.RollingFileAppender]
10:19:10,246 |-INFO in ch.qos.logback.core.joran.action.AppenderAction - Naming appender as [FILE]
10:19:10,268 |-INFO in c.q.l.core.rolling.TimeBasedRollingPolicy@357863579 - No compression will be used
10:19:10,269 |-INFO in c.q.l.core.rolling.TimeBasedRollingPolicy@357863579 - Will use the pattern /tmp/application_%d{yyyy-MM-dd}.%i.log for the active file
10:19:10,272 |-INFO in ch.qos.logback.core.rolling.SizeAndTimeBasedFNATP@6bf256fa - The date pattern is 'yyyy-MM-dd' from file name pattern '/tmp/application_%d{yyyy-MM-dd}.%i.log'.
10:19:10,272 |-INFO in ch.qos.logback.core.rolling.SizeAndTimeBasedFNATP@6bf256fa - Roll-over at midnight.
10:19:10,276 |-INFO in ch.qos.logback.core.rolling.SizeAndTimeBasedFNATP@6bf256fa - Setting initial period to Sun Jun 09 10:18:21 MSK 2019
10:19:10,276 |-WARN in ch.qos.logback.core.rolling.SizeAndTimeBasedFNATP@6bf256fa - SizeAndTimeBasedFNATP is deprecated. Use SizeAndTimeBasedRollingPolicy instead
10:19:10,276 |-WARN in ch.qos.logback.core.rolling.SizeAndTimeBasedFNATP@6bf256fa - For more information see http://logback.qos.ch/manual/appenders.html#SizeAndTimeBasedRollingPolicy
10:19:10,280 |-INFO in ch.qos.logback.core.joran.action.NestedComplexPropertyIA - Assuming default type [ch.qos.logback.classic.encoder.PatternLayoutEncoder] for [encoder] property
10:19:10,284 |-INFO in ch.qos.logback.core.rolling.RollingFileAppender[FILE] - Active log file name: /tmp/application.log
10:19:10,284 |-INFO in ch.qos.logback.core.rolling.RollingFileAppender[FILE] - File property is set to [/tmp/application.log]
10:19:10,285 |-INFO in ch.qos.logback.classic.joran.action.RootLoggerAction - Setting level of ROOT logger to WARN
10:19:10,285 |-INFO in ch.qos.logback.core.joran.action.AppenderRefAction - Attaching appender named [STDOUT] to Logger[ROOT]
10:19:10,285 |-INFO in ch.qos.logback.core.joran.action.AppenderRefAction - Attaching appender named [FILE] to Logger[ROOT]
10:19:10,285 |-INFO in ch.qos.logback.classic.joran.action.ConfigurationAction - End of configuration.
10:19:10,286 |-INFO in ch.qos.logback.classic.joran.JoranConfigurator@6cd8737 - Registering current configuration as safe fallback point

2019-06-09T10:19:11.257+0300: 1.356: [GC (Metadata GC Threshold) [PSYoungGen: 108152K->15720K(149504K)] 108152K->15800K(491008K), 0.0196021 secs] [Times: user=0.05 sys=0.04, real=0.02 secs] 
2019-06-09T10:19:11.277+0300: 1.376: [Full GC (Metadata GC Threshold) [PSYoungGen: 15720K->0K(149504K)] [ParOldGen: 80K->14981K(341504K)] 15800K->14981K(491008K), [Metaspace: 20802K->20802K(1067008K)], 0.0255684 secs] [Times: user=0.16 sys=0.00, real=0.03 secs] 
10:19:20.143 [Curator-PathChildrenCache-1] WARN  o.a.c.u.ZKPaths  - The version of ZooKeeper being used doesn't support Container nodes. CreateMode.PERSISTENT will be used instead.
2019-06-09T10:19:21.118+0300: 11.217: [GC (Metadata GC Threshold) [PSYoungGen: 126543K->15819K(149504K)] 141524K->50340K(491008K), 0.0277062 secs] [Times: user=0.23 sys=0.03, real=0.02 secs] 
2019-06-09T10:19:21.146+0300: 11.244: [Full GC (Metadata GC Threshold) [PSYoungGen: 15819K->0K(149504K)] [ParOldGen: 34521K->38730K(341504K)] 50340K->38730K(491008K), [Metaspace: 34542K->34542K(1079296K)], 0.0480007 secs] [Times: user=0.33 sys=0.00, real=0.05 secs] 
2019-06-09T10:19:25.180+0300: 15.279: [GC (Allocation Failure) [PSYoungGen: 128512K->352K(149504K)] 167242K->39090K(491008K), 0.0593882 secs] [Times: user=0.02 sys=0.00, real=0.06 secs] 
2019-06-09T10:19:29.861+0300: 19.960: [GC (Allocation Failure) [PSYoungGen: 128864K->384K(149504K)] 167602K->39130K(491008K), 0.0031268 secs] [Times: user=0.00 sys=0.01, real=0.00 secs] 
2019-06-09T10:19:34.553+0300: 24.652: [GC (Allocation Failure) [PSYoungGen: 128896K->384K(129024K)] 167642K->39138K(470528K), 0.0069080 secs] [Times: user=0.05 sys=0.01, real=0.01 secs] 
2019-06-09T10:19:39.281+0300: 29.379: [GC (Allocation Failure) [PSYoungGen: 128896K->384K(150016K)] 167650K->39146K(491520K), 0.0029913 secs] [Times: user=0.01 sys=0.00, real=0.00 secs] 
2019-06-09T10:19:44.014+0300: 34.113: [GC (Allocation Failure) [PSYoungGen: 128896K->352K(148992K)] 167658K->39122K(490496K), 0.0030788 secs] [Times: user=0.01 sys=0.00, real=0.00 secs] 
2019-06-09T10:19:48.764+0300: 38.863: [GC (Allocation Failure) [PSYoungGen: 128864K->416K(151552K)] 167634K->39186K(493056K), 0.0050047 secs] [Times: user=0.04 sys=0.00, real=0.00 secs] 
2019-06-09T10:19:53.679+0300: 43.778: [GC (Allocation Failure) [PSYoungGen: 132512K->416K(151040K)] 171282K->39194K(492544K), 0.0029912 secs] [Times: user=0.01 sys=0.00, real=0.00 secs] 
2019-06-09T10:19:58.611+0300: 48.710: [GC (Allocation Failure) [PSYoungGen: 132512K->480K(153600K)] 171290K->39258K(495104K), 0.0125712 secs] [Times: user=0.13 sys=0.00, real=0.01 secs] 
2019-06-09T10:20:03.583+0300: 53.682: [GC (Allocation Failure) [PSYoungGen: 136160K->352K(152576K)] 174938K->39138K(494080K), 0.0029437 secs] [Times: user=0.01 sys=0.00, real=0.00 secs] 
2019-06-09T10:20:08.634+0300: 58.770: [GC (Allocation Failure) [PSYoungGen: 136032K->416K(155136K)] 174818K->39210K(496640K), 0.0405319 secs] [Times: user=0.01 sys=0.00, real=0.04 secs] 
10:20:20.869 [Curator-PathChildrenCache-0] ERROR o.a.c.f.r.c.PathChildrenCache  - 
java.lang.IllegalStateException: instance must be started before calling this method
	at org.apache.curator.shaded.com.google.common.base.Preconditions.checkState(Preconditions.java:444)
	at org.apache.curator.framework.imps.CuratorFrameworkImpl.getChildren(CuratorFrameworkImpl.java:456)
	at org.apache.curator.framework.recipes.cache.PathChildrenCache.refresh(PathChildrenCache.java:521)
	at org.apache.curator.framework.recipes.cache.RefreshOperation.invoke(RefreshOperation.java:35)
	at org.apache.curator.framework.recipes.cache.PathChildrenCache$9.run(PathChildrenCache.java:786)
	at java.util.concurrent.Executors$RunnableAdapter.call(Executors.java:511)
	at java.util.concurrent.FutureTask.run(FutureTask.java:266)
	at java.util.concurrent.Executors$RunnableAdapter.call(Executors.java:511)
	at java.util.concurrent.FutureTask.run(FutureTask.java:266)
	at java.util.concurrent.ThreadPoolExecutor.runWorker(ThreadPoolExecutor.java:1149)
	at java.util.concurrent.ThreadPoolExecutor$Worker.run(ThreadPoolExecutor.java:624)
	at java.lang.Thread.run(Thread.java:748)
Heap
 PSYoungGen      total 155136K, used 130375K [0x00000000f5980000, 0x0000000100000000, 0x0000000100000000)
  eden space 138752K, 93% used [0x00000000f5980000,0x00000000fd869d78,0x00000000fe100000)
  from space 16384K, 2% used [0x00000000ff000000,0x00000000ff068010,0x0000000100000000)
  to   space 15360K, 0% used [0x00000000fe100000,0x00000000fe100000,0x00000000ff000000)
 ParOldGen       total 341504K, used 38794K [0x00000000e0c00000, 0x00000000f5980000, 0x00000000f5980000)
  object space 341504K, 11% used [0x00000000e0c00000,0x00000000e31e2a60,0x00000000f5980000)
 Metaspace       used 36072K, capacity 36894K, committed 37208K, reserved 1081344K
  class space    used 4979K, capacity 5161K, committed 5248K, reserved 1048576K
