15:51:23,828 |-INFO in ch.qos.logback.classic.LoggerContext[default] - Could NOT find resource [logback-test.xml]
15:51:23,828 |-INFO in ch.qos.logback.classic.LoggerContext[default] - Could NOT find resource [logback.groovy]
15:51:23,828 |-INFO in ch.qos.logback.classic.LoggerContext[default] - Found resource [logback.xml] at [jar:file:/root/flamestream/lib/flamestream-runtime-1.0-SNAPSHOT.jar!/logback.xml]
15:51:23,833 |-WARN in ch.qos.logback.classic.LoggerContext[default] - Resource [logback.xml] occurs multiple times on the classpath.
15:51:23,833 |-WARN in ch.qos.logback.classic.LoggerContext[default] - Resource [logback.xml] occurs at [jar:file:/root/flamestream/lib/flamestream-runtime-1.0-SNAPSHOT.jar!/logback.xml]
15:51:23,833 |-WARN in ch.qos.logback.classic.LoggerContext[default] - Resource [logback.xml] occurs at [jar:file:/root/flamestream/flamestream-runtime-1.0-SNAPSHOT.jar!/logback.xml]
15:51:23,853 |-INFO in ch.qos.logback.core.joran.spi.ConfigurationWatchList@3fb6a447 - URL [jar:file:/root/flamestream/lib/flamestream-runtime-1.0-SNAPSHOT.jar!/logback.xml] is not of type file
15:51:23,925 |-INFO in ch.qos.logback.classic.joran.action.ConfigurationAction - debug attribute not set
15:51:23,925 |-INFO in ch.qos.logback.core.joran.action.AppenderAction - About to instantiate appender of type [ch.qos.logback.core.ConsoleAppender]
15:51:23,945 |-INFO in ch.qos.logback.core.joran.action.AppenderAction - Naming appender as [STDOUT]
15:51:23,963 |-INFO in ch.qos.logback.core.joran.action.NestedComplexPropertyIA - Assuming default type [ch.qos.logback.classic.encoder.PatternLayoutEncoder] for [encoder] property
15:51:24,040 |-INFO in ch.qos.logback.core.joran.action.AppenderAction - About to instantiate appender of type [ch.qos.logback.core.rolling.RollingFileAppender]
15:51:24,049 |-INFO in ch.qos.logback.core.joran.action.AppenderAction - Naming appender as [FILE]
15:51:24,080 |-INFO in c.q.l.core.rolling.TimeBasedRollingPolicy@127618319 - No compression will be used
15:51:24,082 |-INFO in c.q.l.core.rolling.TimeBasedRollingPolicy@127618319 - Will use the pattern /tmp/application_%d{yyyy-MM-dd}.%i.log for the active file
15:51:24,085 |-INFO in ch.qos.logback.core.rolling.SizeAndTimeBasedFNATP@6b2fad11 - The date pattern is 'yyyy-MM-dd' from file name pattern '/tmp/application_%d{yyyy-MM-dd}.%i.log'.
15:51:24,085 |-INFO in ch.qos.logback.core.rolling.SizeAndTimeBasedFNATP@6b2fad11 - Roll-over at midnight.
15:51:24,090 |-INFO in ch.qos.logback.core.rolling.SizeAndTimeBasedFNATP@6b2fad11 - Setting initial period to Mon Jun 10 15:50:08 UTC 2019
15:51:24,090 |-WARN in ch.qos.logback.core.rolling.SizeAndTimeBasedFNATP@6b2fad11 - SizeAndTimeBasedFNATP is deprecated. Use SizeAndTimeBasedRollingPolicy instead
15:51:24,090 |-WARN in ch.qos.logback.core.rolling.SizeAndTimeBasedFNATP@6b2fad11 - For more information see http://logback.qos.ch/manual/appenders.html#SizeAndTimeBasedRollingPolicy
15:51:24,094 |-INFO in ch.qos.logback.core.joran.action.NestedComplexPropertyIA - Assuming default type [ch.qos.logback.classic.encoder.PatternLayoutEncoder] for [encoder] property
15:51:24,099 |-INFO in ch.qos.logback.core.rolling.RollingFileAppender[FILE] - Active log file name: /tmp/application.log
15:51:24,099 |-INFO in ch.qos.logback.core.rolling.RollingFileAppender[FILE] - File property is set to [/tmp/application.log]
15:51:24,100 |-INFO in ch.qos.logback.classic.joran.action.RootLoggerAction - Setting level of ROOT logger to WARN
15:51:24,100 |-INFO in ch.qos.logback.core.joran.action.AppenderRefAction - Attaching appender named [STDOUT] to Logger[ROOT]
15:51:24,102 |-INFO in ch.qos.logback.core.joran.action.AppenderRefAction - Attaching appender named [FILE] to Logger[ROOT]
15:51:24,102 |-INFO in ch.qos.logback.classic.joran.action.ConfigurationAction - End of configuration.
15:51:24,102 |-INFO in ch.qos.logback.classic.joran.JoranConfigurator@79698539 - Registering current configuration as safe fallback point

Ama winner
Ama winner
2019-06-10T15:51:25.451+0000: 1.804: [Full GC (Metadata GC Threshold) 2019-06-10T15:51:25.452+0000: 1.804: [Tenured: 0K->15209K(341376K), 0.0404514 secs] 114923K->15209K(494976K), [Metaspace: 20728K->20728K(1067008K)], 0.0405342 secs] [Times: user=0.04 sys=0.00, real=0.04 secs] 
15:51:43.963 [Curator-PathChildrenCache-1] WARN  o.a.c.u.ZKPaths  - The version of ZooKeeper being used doesn't support Container nodes. CreateMode.PERSISTENT will be used instead.
2019-06-10T15:51:46.185+0000: 22.538: [GC (Allocation Failure) 2019-06-10T15:51:46.185+0000: 22.538: [DefNew: 136576K->17023K(153600K), 0.0290876 secs] 151785K->52835K(494976K), 0.0291600 secs] [Times: user=0.02 sys=0.02, real=0.03 secs] 
2019-06-10T15:51:47.131+0000: 23.484: [Full GC (Metadata GC Threshold) 2019-06-10T15:51:47.131+0000: 23.484: [Tenured: 35811K->44612K(341376K), 0.0717808 secs] 72917K->44612K(494976K), [Metaspace: 34620K->34620K(1079296K)], 0.0718600 secs] [Times: user=0.08 sys=0.00, real=0.07 secs] 
2019-06-10T15:51:51.998+0000: 28.350: [GC (Allocation Failure) 2019-06-10T15:51:51.998+0000: 28.350: [DefNew: 136576K->154K(153600K), 0.0020849 secs] 181188K->44766K(494976K), 0.0021578 secs] [Times: user=0.00 sys=0.00, real=0.00 secs] 
2019-06-10T15:51:57.024+0000: 33.377: [GC (Allocation Failure) 2019-06-10T15:51:57.024+0000: 33.377: [DefNew: 136730K->190K(153600K), 0.0019657 secs] 181342K->44802K(494976K), 0.0020234 secs] [Times: user=0.00 sys=0.00, real=0.00 secs] 
2019-06-10T15:52:02.130+0000: 38.483: [GC (Allocation Failure) 2019-06-10T15:52:02.130+0000: 38.483: [DefNew: 136766K->224K(153600K), 0.0019964 secs] 181378K->44836K(494976K), 0.0020605 secs] [Times: user=0.00 sys=0.00, real=0.00 secs] 
2019-06-10T15:52:07.197+0000: 43.550: [GC (Allocation Failure) 2019-06-10T15:52:07.197+0000: 43.550: [DefNew: 136800K->220K(153600K), 0.0020120 secs] 181412K->44832K(494976K), 0.0020776 secs] [Times: user=0.01 sys=0.00, real=0.00 secs] 
2019-06-10T15:52:16.692+0000: 53.045: [GC (Allocation Failure) 2019-06-10T15:52:16.692+0000: 53.045: [DefNew: 136796K->632K(153600K), 0.0035178 secs] 181408K->45244K(494976K), 0.0035787 secs] [Times: user=0.01 sys=0.00, real=0.00 secs] 
15:52:16.739 [Curator-PathChildrenCache-0] ERROR o.a.c.f.r.c.PathChildrenCache  - 
java.lang.IllegalStateException: instance must be started before calling this method
	at org.apache.curator.shaded.com.google.common.base.Preconditions.checkState(Preconditions.java:444)
	at org.apache.curator.framework.imps.CuratorFrameworkImpl.getChildren(CuratorFrameworkImpl.java:456)
	at org.apache.curator.framework.recipes.cache.PathChildrenCache.refresh(PathChildrenCache.java:521)
	at org.apache.curator.framework.recipes.cache.RefreshOperation.invoke(RefreshOperation.java:35)
	at org.apache.curator.framework.recipes.cache.PathChildrenCache$9.run(PathChildrenCache.java:786)
	at java.util.concurrent.Executors$RunnableAdapter.call(Executors.java:511)
	at java.util.concurrent.FutureTask.run(FutureTask.java:266)
	at java.util.concurrent.Executors$RunnableAdapter.call(Executors.java:511)
	at java.util.concurrent.FutureTask.run(FutureTask.java:266)
	at java.util.concurrent.ThreadPoolExecutor.runWorker(ThreadPoolExecutor.java:1149)
	at java.util.concurrent.ThreadPoolExecutor$Worker.run(ThreadPoolExecutor.java:624)
	at java.lang.Thread.run(Thread.java:748)
Heap
 def new generation   total 153600K, used 14575K [0x00000000e0c00000, 0x00000000eb2a0000, 0x00000000eb2a0000)
  eden space 136576K,  10% used [0x00000000e0c00000, 0x00000000e199dbf8, 0x00000000e9160000)
  from space 17024K,   3% used [0x00000000e9160000, 0x00000000e91fe0d8, 0x00000000ea200000)
  to   space 17024K,   0% used [0x00000000ea200000, 0x00000000ea200000, 0x00000000eb2a0000)
 tenured generation   total 341376K, used 44612K [0x00000000eb2a0000, 0x0000000100000000, 0x0000000100000000)
   the space 341376K,  13% used [0x00000000eb2a0000, 0x00000000ede31038, 0x00000000ede31200, 0x0000000100000000)
 Metaspace       used 35974K, capacity 36942K, committed 37120K, reserved 1081344K
  class space    used 4847K, capacity 5061K, committed 5120K, reserved 1048576K
