07:20:57,665 |-INFO in ch.qos.logback.classic.LoggerContext[default] - Could NOT find resource [logback-test.xml]
07:20:57,665 |-INFO in ch.qos.logback.classic.LoggerContext[default] - Could NOT find resource [logback.groovy]
07:20:57,665 |-INFO in ch.qos.logback.classic.LoggerContext[default] - Found resource [logback.xml] at [jar:file:/root/flamestream/lib/flamestream-runtime-1.0-SNAPSHOT.jar!/logback.xml]
07:20:57,666 |-WARN in ch.qos.logback.classic.LoggerContext[default] - Resource [logback.xml] occurs multiple times on the classpath.
07:20:57,666 |-WARN in ch.qos.logback.classic.LoggerContext[default] - Resource [logback.xml] occurs at [jar:file:/root/flamestream/lib/flamestream-runtime-1.0-SNAPSHOT.jar!/logback.xml]
07:20:57,666 |-WARN in ch.qos.logback.classic.LoggerContext[default] - Resource [logback.xml] occurs at [jar:file:/root/flamestream/flamestream-runtime-1.0-SNAPSHOT.jar!/logback.xml]
07:20:57,685 |-INFO in ch.qos.logback.core.joran.spi.ConfigurationWatchList@3fb6a447 - URL [jar:file:/root/flamestream/lib/flamestream-runtime-1.0-SNAPSHOT.jar!/logback.xml] is not of type file
07:20:57,757 |-INFO in ch.qos.logback.classic.joran.action.ConfigurationAction - debug attribute not set
07:20:57,758 |-INFO in ch.qos.logback.core.joran.action.AppenderAction - About to instantiate appender of type [ch.qos.logback.core.ConsoleAppender]
07:20:57,772 |-INFO in ch.qos.logback.core.joran.action.AppenderAction - Naming appender as [STDOUT]
07:20:57,792 |-INFO in ch.qos.logback.core.joran.action.NestedComplexPropertyIA - Assuming default type [ch.qos.logback.classic.encoder.PatternLayoutEncoder] for [encoder] property
07:20:57,871 |-INFO in ch.qos.logback.core.joran.action.AppenderAction - About to instantiate appender of type [ch.qos.logback.core.rolling.RollingFileAppender]
07:20:57,880 |-INFO in ch.qos.logback.core.joran.action.AppenderAction - Naming appender as [FILE]
07:20:57,912 |-INFO in c.q.l.core.rolling.TimeBasedRollingPolicy@127618319 - No compression will be used
07:20:57,913 |-INFO in c.q.l.core.rolling.TimeBasedRollingPolicy@127618319 - Will use the pattern /tmp/application_%d{yyyy-MM-dd}.%i.log for the active file
07:20:57,916 |-INFO in ch.qos.logback.core.rolling.SizeAndTimeBasedFNATP@6b2fad11 - The date pattern is 'yyyy-MM-dd' from file name pattern '/tmp/application_%d{yyyy-MM-dd}.%i.log'.
07:20:57,916 |-INFO in ch.qos.logback.core.rolling.SizeAndTimeBasedFNATP@6b2fad11 - Roll-over at midnight.
07:20:57,921 |-INFO in ch.qos.logback.core.rolling.SizeAndTimeBasedFNATP@6b2fad11 - Setting initial period to Tue Jun 11 07:19:15 UTC 2019
07:20:57,921 |-WARN in ch.qos.logback.core.rolling.SizeAndTimeBasedFNATP@6b2fad11 - SizeAndTimeBasedFNATP is deprecated. Use SizeAndTimeBasedRollingPolicy instead
07:20:57,921 |-WARN in ch.qos.logback.core.rolling.SizeAndTimeBasedFNATP@6b2fad11 - For more information see http://logback.qos.ch/manual/appenders.html#SizeAndTimeBasedRollingPolicy
07:20:57,925 |-INFO in ch.qos.logback.core.joran.action.NestedComplexPropertyIA - Assuming default type [ch.qos.logback.classic.encoder.PatternLayoutEncoder] for [encoder] property
07:20:57,931 |-INFO in ch.qos.logback.core.rolling.RollingFileAppender[FILE] - Active log file name: /tmp/application.log
07:20:57,931 |-INFO in ch.qos.logback.core.rolling.RollingFileAppender[FILE] - File property is set to [/tmp/application.log]
07:20:57,931 |-INFO in ch.qos.logback.classic.joran.action.RootLoggerAction - Setting level of ROOT logger to WARN
07:20:57,932 |-INFO in ch.qos.logback.core.joran.action.AppenderRefAction - Attaching appender named [STDOUT] to Logger[ROOT]
07:20:57,934 |-INFO in ch.qos.logback.core.joran.action.AppenderRefAction - Attaching appender named [FILE] to Logger[ROOT]
07:20:57,934 |-INFO in ch.qos.logback.classic.joran.action.ConfigurationAction - End of configuration.
07:20:57,934 |-INFO in ch.qos.logback.classic.joran.JoranConfigurator@79698539 - Registering current configuration as safe fallback point

Ama winner
Ama winner
2019-06-11T07:20:59.245+0000: 1.767: [Full GC (Metadata GC Threshold) 2019-06-11T07:20:59.245+0000: 1.767: [Tenured: 0K->15208K(341376K), 0.0393554 secs] 114987K->15208K(494976K), [Metaspace: 20737K->20737K(1067008K)], 0.0394239 secs] [Times: user=0.03 sys=0.01, real=0.04 secs] 
07:21:16.475 [Curator-PathChildrenCache-2] WARN  o.a.c.u.ZKPaths  - The version of ZooKeeper being used doesn't support Container nodes. CreateMode.PERSISTENT will be used instead.
2019-06-11T07:21:18.448+0000: 20.970: [GC (Allocation Failure) 2019-06-11T07:21:18.448+0000: 20.970: [DefNew: 117350K->17024K(153600K), 0.0179867 secs] 132559K->33285K(494976K), 0.0180572 secs] [Times: user=0.01 sys=0.02, real=0.02 secs] 
2019-06-11T07:21:18.894+0000: 21.416: [Full GC (Metadata GC Threshold) 2019-06-11T07:21:18.894+0000: 21.416: [Tenured: 16261K->44649K(341376K), 0.0482163 secs] 70849K->44649K(494976K), [Metaspace: 34572K->34572K(1079296K)], 0.0482925 secs] [Times: user=0.04 sys=0.01, real=0.05 secs] 
2019-06-11T07:21:23.233+0000: 25.756: [GC (Allocation Failure) 2019-06-11T07:21:23.233+0000: 25.756: [DefNew: 136576K->149K(153600K), 0.0022649 secs] 181225K->44798K(494976K), 0.0023380 secs] [Times: user=0.01 sys=0.00, real=0.00 secs] 
2019-06-11T07:21:27.525+0000: 30.047: [GC (Allocation Failure) 2019-06-11T07:21:27.525+0000: 30.047: [DefNew: 136725K->168K(153600K), 0.0019884 secs] 181374K->44818K(494976K), 0.0020424 secs] [Times: user=0.00 sys=0.01, real=0.01 secs] 
2019-06-11T07:21:31.897+0000: 34.419: [GC (Allocation Failure) 2019-06-11T07:21:31.897+0000: 34.419: [DefNew: 136744K->176K(153600K), 0.0021383 secs] 181394K->44825K(494976K), 0.0021983 secs] [Times: user=0.00 sys=0.00, real=0.01 secs] 
2019-06-11T07:21:36.224+0000: 38.746: [GC (Allocation Failure) 2019-06-11T07:21:36.224+0000: 38.746: [DefNew: 136752K->162K(153600K), 0.0021114 secs] 181401K->44812K(494976K), 0.0021705 secs] [Times: user=0.00 sys=0.00, real=0.01 secs] 
2019-06-11T07:21:40.522+0000: 43.045: [GC (Allocation Failure) 2019-06-11T07:21:40.522+0000: 43.045: [DefNew: 136738K->196K(153600K), 0.0020744 secs] 181388K->44846K(494976K), 0.0021310 secs] [Times: user=0.00 sys=0.00, real=0.00 secs] 
2019-06-11T07:21:44.858+0000: 47.381: [GC (Allocation Failure) 2019-06-11T07:21:44.858+0000: 47.381: [DefNew: 136772K->195K(153600K), 0.0020759 secs] 181422K->44844K(494976K), 0.0021497 secs] [Times: user=0.00 sys=0.00, real=0.00 secs] 
2019-06-11T07:21:49.214+0000: 51.736: [GC (Allocation Failure) 2019-06-11T07:21:49.214+0000: 51.736: [DefNew: 136771K->201K(153600K), 0.0021526 secs] 181420K->44851K(494976K), 0.0022097 secs] [Times: user=0.00 sys=0.00, real=0.00 secs] 
2019-06-11T07:21:53.574+0000: 56.097: [GC (Allocation Failure) 2019-06-11T07:21:53.574+0000: 56.097: [DefNew: 136777K->195K(153600K), 0.0020613 secs] 181427K->44844K(494976K), 0.0021275 secs] [Times: user=0.00 sys=0.00, real=0.00 secs] 
2019-06-11T07:21:57.925+0000: 60.448: [GC (Allocation Failure) 2019-06-11T07:21:57.925+0000: 60.448: [DefNew: 136771K->204K(153600K), 0.0021493 secs] 181420K->44853K(494976K), 0.0022072 secs] [Times: user=0.00 sys=0.00, real=0.00 secs] 
07:22:06.440 [Curator-PathChildrenCache-0] ERROR o.a.c.f.r.c.PathChildrenCache  - 
java.lang.IllegalStateException: instance must be started before calling this method
	at org.apache.curator.shaded.com.google.common.base.Preconditions.checkState(Preconditions.java:444)
	at org.apache.curator.framework.imps.CuratorFrameworkImpl.getChildren(CuratorFrameworkImpl.java:456)
	at org.apache.curator.framework.recipes.cache.PathChildrenCache.refresh(PathChildrenCache.java:521)
	at org.apache.curator.framework.recipes.cache.RefreshOperation.invoke(RefreshOperation.java:35)
	at org.apache.curator.framework.recipes.cache.PathChildrenCache$9.run(PathChildrenCache.java:786)
	at java.util.concurrent.Executors$RunnableAdapter.call(Executors.java:511)
	at java.util.concurrent.FutureTask.run(FutureTask.java:266)
	at java.util.concurrent.Executors$RunnableAdapter.call(Executors.java:511)
	at java.util.concurrent.FutureTask.run(FutureTask.java:266)
	at java.util.concurrent.ThreadPoolExecutor.runWorker(ThreadPoolExecutor.java:1149)
	at java.util.concurrent.ThreadPoolExecutor$Worker.run(ThreadPoolExecutor.java:624)
	at java.lang.Thread.run(Thread.java:748)
Heap
 def new generation   total 153600K, used 96415K [0x00000000e0c00000, 0x00000000eb2a0000, 0x00000000eb2a0000)
  eden space 136576K,  70% used [0x00000000e0c00000, 0x00000000e69f4cd0, 0x00000000e9160000)
  from space 17024K,   1% used [0x00000000e9160000, 0x00000000e9193120, 0x00000000ea200000)
  to   space 17024K,   0% used [0x00000000ea200000, 0x00000000ea200000, 0x00000000eb2a0000)
 tenured generation   total 341376K, used 44649K [0x00000000eb2a0000, 0x0000000100000000, 0x0000000100000000)
   the space 341376K,  13% used [0x00000000eb2a0000, 0x00000000ede3a630, 0x00000000ede3a800, 0x0000000100000000)
 Metaspace       used 36503K, capacity 37460K, committed 37760K, reserved 1081344K
  class space    used 4904K, capacity 5126K, committed 5248K, reserved 1048576K
