17:47:41,989 |-INFO in ch.qos.logback.classic.LoggerContext[default] - Could NOT find resource [logback-test.xml]
17:47:41,989 |-INFO in ch.qos.logback.classic.LoggerContext[default] - Could NOT find resource [logback.groovy]
17:47:41,990 |-INFO in ch.qos.logback.classic.LoggerContext[default] - Found resource [logback.xml] at [jar:file:/root/flamestream/lib/flamestream-runtime-1.0-SNAPSHOT.jar!/logback.xml]
17:47:41,990 |-WARN in ch.qos.logback.classic.LoggerContext[default] - Resource [logback.xml] occurs multiple times on the classpath.
17:47:41,991 |-WARN in ch.qos.logback.classic.LoggerContext[default] - Resource [logback.xml] occurs at [jar:file:/root/flamestream/lib/flamestream-runtime-1.0-SNAPSHOT.jar!/logback.xml]
17:47:41,991 |-WARN in ch.qos.logback.classic.LoggerContext[default] - Resource [logback.xml] occurs at [jar:file:/root/flamestream/flamestream-runtime-1.0-SNAPSHOT.jar!/logback.xml]
17:47:42,010 |-INFO in ch.qos.logback.core.joran.spi.ConfigurationWatchList@3fb6a447 - URL [jar:file:/root/flamestream/lib/flamestream-runtime-1.0-SNAPSHOT.jar!/logback.xml] is not of type file
17:47:42,087 |-INFO in ch.qos.logback.classic.joran.action.ConfigurationAction - debug attribute not set
17:47:42,088 |-INFO in ch.qos.logback.core.joran.action.AppenderAction - About to instantiate appender of type [ch.qos.logback.core.ConsoleAppender]
17:47:42,100 |-INFO in ch.qos.logback.core.joran.action.AppenderAction - Naming appender as [STDOUT]
17:47:42,118 |-INFO in ch.qos.logback.core.joran.action.NestedComplexPropertyIA - Assuming default type [ch.qos.logback.classic.encoder.PatternLayoutEncoder] for [encoder] property
17:47:42,206 |-INFO in ch.qos.logback.core.joran.action.AppenderAction - About to instantiate appender of type [ch.qos.logback.core.rolling.RollingFileAppender]
17:47:42,210 |-INFO in ch.qos.logback.core.joran.action.AppenderAction - Naming appender as [FILE]
17:47:42,241 |-INFO in c.q.l.core.rolling.TimeBasedRollingPolicy@127618319 - No compression will be used
17:47:42,243 |-INFO in c.q.l.core.rolling.TimeBasedRollingPolicy@127618319 - Will use the pattern /tmp/application_%d{yyyy-MM-dd}.%i.log for the active file
17:47:42,246 |-INFO in ch.qos.logback.core.rolling.SizeAndTimeBasedFNATP@6b2fad11 - The date pattern is 'yyyy-MM-dd' from file name pattern '/tmp/application_%d{yyyy-MM-dd}.%i.log'.
17:47:42,246 |-INFO in ch.qos.logback.core.rolling.SizeAndTimeBasedFNATP@6b2fad11 - Roll-over at midnight.
17:47:42,251 |-INFO in ch.qos.logback.core.rolling.SizeAndTimeBasedFNATP@6b2fad11 - Setting initial period to Mon Jun 10 17:46:19 UTC 2019
17:47:42,251 |-WARN in ch.qos.logback.core.rolling.SizeAndTimeBasedFNATP@6b2fad11 - SizeAndTimeBasedFNATP is deprecated. Use SizeAndTimeBasedRollingPolicy instead
17:47:42,251 |-WARN in ch.qos.logback.core.rolling.SizeAndTimeBasedFNATP@6b2fad11 - For more information see http://logback.qos.ch/manual/appenders.html#SizeAndTimeBasedRollingPolicy
17:47:42,255 |-INFO in ch.qos.logback.core.joran.action.NestedComplexPropertyIA - Assuming default type [ch.qos.logback.classic.encoder.PatternLayoutEncoder] for [encoder] property
17:47:42,260 |-INFO in ch.qos.logback.core.rolling.RollingFileAppender[FILE] - Active log file name: /tmp/application.log
17:47:42,260 |-INFO in ch.qos.logback.core.rolling.RollingFileAppender[FILE] - File property is set to [/tmp/application.log]
17:47:42,261 |-INFO in ch.qos.logback.classic.joran.action.RootLoggerAction - Setting level of ROOT logger to WARN
17:47:42,261 |-INFO in ch.qos.logback.core.joran.action.AppenderRefAction - Attaching appender named [STDOUT] to Logger[ROOT]
17:47:42,263 |-INFO in ch.qos.logback.core.joran.action.AppenderRefAction - Attaching appender named [FILE] to Logger[ROOT]
17:47:42,263 |-INFO in ch.qos.logback.classic.joran.action.ConfigurationAction - End of configuration.
17:47:42,263 |-INFO in ch.qos.logback.classic.joran.JoranConfigurator@79698539 - Registering current configuration as safe fallback point

Ama winner
Ama winner
2019-06-10T17:47:43.583+0000: 1.780: [Full GC (Metadata GC Threshold) 2019-06-10T17:47:43.583+0000: 1.780: [Tenured: 0K->15208K(341376K), 0.0406074 secs] 114923K->15208K(494976K), [Metaspace: 20735K->20735K(1067008K)], 0.0406837 secs] [Times: user=0.04 sys=0.01, real=0.04 secs] 
17:47:57.218 [Curator-PathChildrenCache-2] WARN  o.a.c.u.ZKPaths  - The version of ZooKeeper being used doesn't support Container nodes. CreateMode.PERSISTENT will be used instead.
2019-06-10T17:47:59.494+0000: 17.691: [GC (Allocation Failure) 2019-06-10T17:47:59.495+0000: 17.691: [DefNew: 136576K->17024K(153600K), 0.0270456 secs] 151784K->52831K(494976K), 0.0271205 secs] [Times: user=0.02 sys=0.01, real=0.03 secs] 
2019-06-10T17:47:59.892+0000: 18.089: [Full GC (Metadata GC Threshold) 2019-06-10T17:47:59.892+0000: 18.089: [Tenured: 35807K->44540K(341376K), 0.0395848 secs] 70913K->44540K(494976K), [Metaspace: 34578K->34578K(1079296K)], 0.0396771 secs] [Times: user=0.04 sys=0.00, real=0.04 secs] 
2019-06-10T17:48:03.457+0000: 21.653: [GC (Allocation Failure) 2019-06-10T17:48:03.457+0000: 21.653: [DefNew: 136576K->203K(153600K), 0.0024803 secs] 181116K->44744K(494976K), 0.0025416 secs] [Times: user=0.00 sys=0.00, real=0.00 secs] 
2019-06-10T17:48:06.614+0000: 24.811: [GC (Allocation Failure) 2019-06-10T17:48:06.614+0000: 24.811: [DefNew: 136779K->209K(153600K), 0.0021574 secs] 181320K->44750K(494976K), 0.0022275 secs] [Times: user=0.00 sys=0.00, real=0.00 secs] 
2019-06-10T17:48:09.727+0000: 27.924: [GC (Allocation Failure) 2019-06-10T17:48:09.727+0000: 27.924: [DefNew: 136785K->206K(153600K), 0.0021349 secs] 181326K->44747K(494976K), 0.0021935 secs] [Times: user=0.00 sys=0.00, real=0.01 secs] 
2019-06-10T17:48:12.873+0000: 31.069: [GC (Allocation Failure) 2019-06-10T17:48:12.873+0000: 31.069: [DefNew: 136782K->207K(153600K), 0.0021771 secs] 181323K->44748K(494976K), 0.0022390 secs] [Times: user=0.00 sys=0.00, real=0.00 secs] 
2019-06-10T17:48:15.986+0000: 34.182: [GC (Allocation Failure) 2019-06-10T17:48:15.986+0000: 34.182: [DefNew: 136783K->208K(153600K), 0.0022368 secs] 181324K->44749K(494976K), 0.0022997 secs] [Times: user=0.00 sys=0.00, real=0.00 secs] 
2019-06-10T17:48:19.063+0000: 37.260: [GC (Allocation Failure) 2019-06-10T17:48:19.063+0000: 37.260: [DefNew: 136784K->208K(153600K), 0.0021488 secs] 181325K->44749K(494976K), 0.0022183 secs] [Times: user=0.00 sys=0.00, real=0.00 secs] 
2019-06-10T17:48:22.095+0000: 40.291: [GC (Allocation Failure) 2019-06-10T17:48:22.095+0000: 40.291: [DefNew: 136784K->208K(153600K), 0.0021799 secs] 181325K->44749K(494976K), 0.0022381 secs] [Times: user=0.00 sys=0.00, real=0.01 secs] 
2019-06-10T17:48:29.931+0000: 48.127: [GC (Allocation Failure) 2019-06-10T17:48:29.931+0000: 48.127: [DefNew: 136784K->823K(153600K), 0.0038328 secs] 181325K->45364K(494976K), 0.0038932 secs] [Times: user=0.01 sys=0.00, real=0.00 secs] 
17:48:29.952 [Curator-PathChildrenCache-0] ERROR o.a.c.f.r.c.PathChildrenCache  - 
java.lang.IllegalStateException: instance must be started before calling this method
	at org.apache.curator.shaded.com.google.common.base.Preconditions.checkState(Preconditions.java:444)
	at org.apache.curator.framework.imps.CuratorFrameworkImpl.getChildren(CuratorFrameworkImpl.java:456)
	at org.apache.curator.framework.recipes.cache.PathChildrenCache.refresh(PathChildrenCache.java:521)
	at org.apache.curator.framework.recipes.cache.RefreshOperation.invoke(RefreshOperation.java:35)
	at org.apache.curator.framework.recipes.cache.PathChildrenCache$9.run(PathChildrenCache.java:786)
	at java.util.concurrent.Executors$RunnableAdapter.call(Executors.java:511)
	at java.util.concurrent.FutureTask.run(FutureTask.java:266)
	at java.util.concurrent.Executors$RunnableAdapter.call(Executors.java:511)
	at java.util.concurrent.FutureTask.run(FutureTask.java:266)
	at java.util.concurrent.ThreadPoolExecutor.runWorker(ThreadPoolExecutor.java:1149)
	at java.util.concurrent.ThreadPoolExecutor$Worker.run(ThreadPoolExecutor.java:624)
	at java.lang.Thread.run(Thread.java:748)
Heap
 def new generation   total 153600K, used 15126K [0x00000000e0c00000, 0x00000000eb2a0000, 0x00000000eb2a0000)
  eden space 136576K,  10% used [0x00000000e0c00000, 0x00000000e19f7b58, 0x00000000e9160000)
  from space 17024K,   4% used [0x00000000ea200000, 0x00000000ea2cde18, 0x00000000eb2a0000)
  to   space 17024K,   0% used [0x00000000e9160000, 0x00000000e9160000, 0x00000000ea200000)
 tenured generation   total 341376K, used 44540K [0x00000000eb2a0000, 0x0000000100000000, 0x0000000100000000)
   the space 341376K,  13% used [0x00000000eb2a0000, 0x00000000ede1f3e8, 0x00000000ede1f400, 0x0000000100000000)
 Metaspace       used 36079K, capacity 37070K, committed 37120K, reserved 1081344K
  class space    used 4878K, capacity 5099K, committed 5120K, reserved 1048576K
