13:35:39,353 |-INFO in ch.qos.logback.classic.LoggerContext[default] - Could NOT find resource [logback-test.xml]
13:35:39,354 |-INFO in ch.qos.logback.classic.LoggerContext[default] - Could NOT find resource [logback.groovy]
13:35:39,354 |-INFO in ch.qos.logback.classic.LoggerContext[default] - Found resource [logback.xml] at [jar:file:/home/nikitasokolov/flamestream/lib/flamestream-runtime-1.0-SNAPSHOT.jar!/logback.xml]
13:35:39,354 |-WARN in ch.qos.logback.classic.LoggerContext[default] - Resource [logback.xml] occurs multiple times on the classpath.
13:35:39,354 |-WARN in ch.qos.logback.classic.LoggerContext[default] - Resource [logback.xml] occurs at [jar:file:/home/nikitasokolov/flamestream/lib/flamestream-runtime-1.0-SNAPSHOT.jar!/logback.xml]
13:35:39,355 |-WARN in ch.qos.logback.classic.LoggerContext[default] - Resource [logback.xml] occurs at [jar:file:/home/nikitasokolov/flamestream/flamestream-runtime-1.0-SNAPSHOT.jar!/logback.xml]
13:35:39,370 |-INFO in ch.qos.logback.core.joran.spi.ConfigurationWatchList@6bf256fa - URL [jar:file:/home/nikitasokolov/flamestream/lib/flamestream-runtime-1.0-SNAPSHOT.jar!/logback.xml] is not of type file
13:35:39,421 |-INFO in ch.qos.logback.classic.joran.action.ConfigurationAction - debug attribute not set
13:35:39,422 |-INFO in ch.qos.logback.core.joran.action.AppenderAction - About to instantiate appender of type [ch.qos.logback.core.ConsoleAppender]
13:35:39,429 |-INFO in ch.qos.logback.core.joran.action.AppenderAction - Naming appender as [STDOUT]
13:35:39,436 |-INFO in ch.qos.logback.core.joran.action.NestedComplexPropertyIA - Assuming default type [ch.qos.logback.classic.encoder.PatternLayoutEncoder] for [encoder] property
13:35:39,491 |-INFO in ch.qos.logback.core.joran.action.AppenderAction - About to instantiate appender of type [ch.qos.logback.core.rolling.RollingFileAppender]
13:35:39,496 |-INFO in ch.qos.logback.core.joran.action.AppenderAction - Naming appender as [FILE]
13:35:39,517 |-INFO in c.q.l.core.rolling.TimeBasedRollingPolicy@114132791 - No compression will be used
13:35:39,519 |-INFO in c.q.l.core.rolling.TimeBasedRollingPolicy@114132791 - Will use the pattern /tmp/application_%d{yyyy-MM-dd}.%i.log for the active file
13:35:39,521 |-INFO in ch.qos.logback.core.rolling.SizeAndTimeBasedFNATP@22f71333 - The date pattern is 'yyyy-MM-dd' from file name pattern '/tmp/application_%d{yyyy-MM-dd}.%i.log'.
13:35:39,521 |-INFO in ch.qos.logback.core.rolling.SizeAndTimeBasedFNATP@22f71333 - Roll-over at midnight.
13:35:39,526 |-INFO in ch.qos.logback.core.rolling.SizeAndTimeBasedFNATP@22f71333 - Setting initial period to Tue May 28 13:34:03 MSK 2019
13:35:39,526 |-WARN in ch.qos.logback.core.rolling.SizeAndTimeBasedFNATP@22f71333 - SizeAndTimeBasedFNATP is deprecated. Use SizeAndTimeBasedRollingPolicy instead
13:35:39,526 |-WARN in ch.qos.logback.core.rolling.SizeAndTimeBasedFNATP@22f71333 - For more information see http://logback.qos.ch/manual/appenders.html#SizeAndTimeBasedRollingPolicy
13:35:39,530 |-INFO in ch.qos.logback.core.joran.action.NestedComplexPropertyIA - Assuming default type [ch.qos.logback.classic.encoder.PatternLayoutEncoder] for [encoder] property
13:35:39,533 |-INFO in ch.qos.logback.core.rolling.RollingFileAppender[FILE] - Active log file name: /tmp/application.log
13:35:39,533 |-INFO in ch.qos.logback.core.rolling.RollingFileAppender[FILE] - File property is set to [/tmp/application.log]
13:35:39,534 |-INFO in ch.qos.logback.classic.joran.action.RootLoggerAction - Setting level of ROOT logger to WARN
13:35:39,534 |-INFO in ch.qos.logback.core.joran.action.AppenderRefAction - Attaching appender named [STDOUT] to Logger[ROOT]
13:35:39,534 |-INFO in ch.qos.logback.core.joran.action.AppenderRefAction - Attaching appender named [FILE] to Logger[ROOT]
13:35:39,534 |-INFO in ch.qos.logback.classic.joran.action.ConfigurationAction - End of configuration.
13:35:39,535 |-INFO in ch.qos.logback.classic.joran.JoranConfigurator@13969fbe - Registering current configuration as safe fallback point

Ama winner
Ama winner
2019-05-28T13:35:40.540+0300: 1.380: [GC (Metadata GC Threshold) [PSYoungGen: 92640K->15890K(149504K)] 92640K->15970K(491008K), 0.0287542 secs] [Times: user=0.16 sys=0.05, real=0.02 secs] 
2019-05-28T13:35:40.569+0300: 1.408: [Full GC (Metadata GC Threshold) [PSYoungGen: 15890K->0K(149504K)] [ParOldGen: 80K->14957K(341504K)] 15970K->14957K(491008K), [Metaspace: 20800K->20800K(1067008K)], 0.0247315 secs] [Times: user=0.16 sys=0.01, real=0.03 secs] 
13:35:48.486 [Curator-PathChildrenCache-2] WARN  o.a.c.u.ZKPaths  - The version of ZooKeeper being used doesn't support Container nodes. CreateMode.PERSISTENT will be used instead.
2019-05-28T13:35:49.306+0300: 10.145: [GC (Metadata GC Threshold) [PSYoungGen: 125643K->16752K(149504K)] 140600K->51248K(491008K), 0.0272312 secs] [Times: user=0.22 sys=0.03, real=0.03 secs] 
2019-05-28T13:35:49.333+0300: 10.172: [Full GC (Metadata GC Threshold) [PSYoungGen: 16752K->0K(149504K)] [ParOldGen: 34496K->39767K(341504K)] 51248K->39767K(491008K), [Metaspace: 34492K->34492K(1079296K)], 0.0429335 secs] [Times: user=0.21 sys=0.01, real=0.04 secs] 
2019-05-28T13:35:52.259+0300: 13.099: [GC (Allocation Failure) [PSYoungGen: 128512K->640K(149504K)] 168279K->40415K(491008K), 0.0031007 secs] [Times: user=0.02 sys=0.00, real=0.00 secs] 
2019-05-28T13:35:55.818+0300: 16.657: [GC (Allocation Failure) [PSYoungGen: 129152K->896K(149504K)] 168927K->40679K(491008K), 0.0030273 secs] [Times: user=0.00 sys=0.02, real=0.01 secs] 
2019-05-28T13:35:59.151+0300: 19.990: [GC (Allocation Failure) [PSYoungGen: 129408K->832K(129536K)] 169191K->40623K(471040K), 0.0038952 secs] [Times: user=0.03 sys=0.01, real=0.01 secs] 
2019-05-28T13:36:02.664+0300: 23.503: [GC (Allocation Failure) [PSYoungGen: 129344K->960K(149504K)] 169135K->40759K(491008K), 0.0044920 secs] [Times: user=0.04 sys=0.00, real=0.00 secs] 
2019-05-28T13:36:06.379+0300: 27.218: [GC (Allocation Failure) [PSYoungGen: 128448K->960K(148480K)] 168247K->40767K(489984K), 0.0030249 secs] [Times: user=0.00 sys=0.00, real=0.01 secs] 
2019-05-28T13:36:09.789+0300: 30.628: [GC (Allocation Failure) [PSYoungGen: 128448K->1024K(151040K)] 168255K->40839K(492544K), 0.0046685 secs] [Times: user=0.02 sys=0.00, real=0.01 secs] 
13:36:14.983 [Curator-PathChildrenCache-0] ERROR o.a.c.f.r.c.PathChildrenCache  - 
java.lang.IllegalStateException: instance must be started before calling this method
	at org.apache.curator.shaded.com.google.common.base.Preconditions.checkState(Preconditions.java:444)
	at org.apache.curator.framework.imps.CuratorFrameworkImpl.getChildren(CuratorFrameworkImpl.java:456)
	at org.apache.curator.framework.recipes.cache.PathChildrenCache.refresh(PathChildrenCache.java:521)
	at org.apache.curator.framework.recipes.cache.RefreshOperation.invoke(RefreshOperation.java:35)
	at org.apache.curator.framework.recipes.cache.PathChildrenCache$9.run(PathChildrenCache.java:786)
	at java.util.concurrent.Executors$RunnableAdapter.call(Executors.java:511)
	at java.util.concurrent.FutureTask.run(FutureTask.java:266)
	at java.util.concurrent.Executors$RunnableAdapter.call(Executors.java:511)
	at java.util.concurrent.FutureTask.run(FutureTask.java:266)
	at java.util.concurrent.ThreadPoolExecutor.runWorker(ThreadPoolExecutor.java:1149)
	at java.util.concurrent.ThreadPoolExecutor$Worker.run(ThreadPoolExecutor.java:624)
	at java.lang.Thread.run(Thread.java:748)
Heap
 PSYoungGen      total 151040K, used 24275K [0x00000000f5980000, 0x0000000100000000, 0x0000000100000000)
  eden space 130560K, 17% used [0x00000000f5980000,0x00000000f7034bf8,0x00000000fd900000)
  from space 20480K, 5% used [0x00000000fec00000,0x00000000fed00100,0x0000000100000000)
  to   space 19456K, 0% used [0x00000000fd900000,0x00000000fd900000,0x00000000fec00000)
 ParOldGen       total 341504K, used 39815K [0x00000000e0c00000, 0x00000000f5980000, 0x00000000f5980000)
  object space 341504K, 11% used [0x00000000e0c00000,0x00000000e32e1eb0,0x00000000f5980000)
 Metaspace       used 35935K, capacity 36942K, committed 37208K, reserved 1081344K
  class space    used 4944K, capacity 5161K, committed 5248K, reserved 1048576K
