15:36:53,248 |-INFO in ch.qos.logback.classic.LoggerContext[default] - Could NOT find resource [logback-test.xml]
15:36:53,248 |-INFO in ch.qos.logback.classic.LoggerContext[default] - Could NOT find resource [logback.groovy]
15:36:53,248 |-INFO in ch.qos.logback.classic.LoggerContext[default] - Found resource [logback.xml] at [jar:file:/root/flamestream/lib/flamestream-runtime-1.0-SNAPSHOT.jar!/logback.xml]
15:36:53,248 |-WARN in ch.qos.logback.classic.LoggerContext[default] - Resource [logback.xml] occurs multiple times on the classpath.
15:36:53,253 |-WARN in ch.qos.logback.classic.LoggerContext[default] - Resource [logback.xml] occurs at [jar:file:/root/flamestream/lib/flamestream-runtime-1.0-SNAPSHOT.jar!/logback.xml]
15:36:53,253 |-WARN in ch.qos.logback.classic.LoggerContext[default] - Resource [logback.xml] occurs at [jar:file:/root/flamestream/flamestream-runtime-1.0-SNAPSHOT.jar!/logback.xml]
15:36:53,272 |-INFO in ch.qos.logback.core.joran.spi.ConfigurationWatchList@3fb6a447 - URL [jar:file:/root/flamestream/lib/flamestream-runtime-1.0-SNAPSHOT.jar!/logback.xml] is not of type file
15:36:53,341 |-INFO in ch.qos.logback.classic.joran.action.ConfigurationAction - debug attribute not set
15:36:53,341 |-INFO in ch.qos.logback.core.joran.action.AppenderAction - About to instantiate appender of type [ch.qos.logback.core.ConsoleAppender]
15:36:53,360 |-INFO in ch.qos.logback.core.joran.action.AppenderAction - Naming appender as [STDOUT]
15:36:53,378 |-INFO in ch.qos.logback.core.joran.action.NestedComplexPropertyIA - Assuming default type [ch.qos.logback.classic.encoder.PatternLayoutEncoder] for [encoder] property
15:36:53,464 |-INFO in ch.qos.logback.core.joran.action.AppenderAction - About to instantiate appender of type [ch.qos.logback.core.rolling.RollingFileAppender]
15:36:53,473 |-INFO in ch.qos.logback.core.joran.action.AppenderAction - Naming appender as [FILE]
15:36:53,505 |-INFO in c.q.l.core.rolling.TimeBasedRollingPolicy@127618319 - No compression will be used
15:36:53,507 |-INFO in c.q.l.core.rolling.TimeBasedRollingPolicy@127618319 - Will use the pattern /tmp/application_%d{yyyy-MM-dd}.%i.log for the active file
15:36:53,510 |-INFO in ch.qos.logback.core.rolling.SizeAndTimeBasedFNATP@6b2fad11 - The date pattern is 'yyyy-MM-dd' from file name pattern '/tmp/application_%d{yyyy-MM-dd}.%i.log'.
15:36:53,510 |-INFO in ch.qos.logback.core.rolling.SizeAndTimeBasedFNATP@6b2fad11 - Roll-over at midnight.
15:36:53,515 |-INFO in ch.qos.logback.core.rolling.SizeAndTimeBasedFNATP@6b2fad11 - Setting initial period to Mon Jun 10 15:35:34 UTC 2019
15:36:53,515 |-WARN in ch.qos.logback.core.rolling.SizeAndTimeBasedFNATP@6b2fad11 - SizeAndTimeBasedFNATP is deprecated. Use SizeAndTimeBasedRollingPolicy instead
15:36:53,515 |-WARN in ch.qos.logback.core.rolling.SizeAndTimeBasedFNATP@6b2fad11 - For more information see http://logback.qos.ch/manual/appenders.html#SizeAndTimeBasedRollingPolicy
15:36:53,519 |-INFO in ch.qos.logback.core.joran.action.NestedComplexPropertyIA - Assuming default type [ch.qos.logback.classic.encoder.PatternLayoutEncoder] for [encoder] property
15:36:53,524 |-INFO in ch.qos.logback.core.rolling.RollingFileAppender[FILE] - Active log file name: /tmp/application.log
15:36:53,524 |-INFO in ch.qos.logback.core.rolling.RollingFileAppender[FILE] - File property is set to [/tmp/application.log]
15:36:53,524 |-INFO in ch.qos.logback.classic.joran.action.RootLoggerAction - Setting level of ROOT logger to WARN
15:36:53,524 |-INFO in ch.qos.logback.core.joran.action.AppenderRefAction - Attaching appender named [STDOUT] to Logger[ROOT]
15:36:53,526 |-INFO in ch.qos.logback.core.joran.action.AppenderRefAction - Attaching appender named [FILE] to Logger[ROOT]
15:36:53,526 |-INFO in ch.qos.logback.classic.joran.action.ConfigurationAction - End of configuration.
15:36:53,527 |-INFO in ch.qos.logback.classic.joran.JoranConfigurator@79698539 - Registering current configuration as safe fallback point

Ama winner
Ama winner
2019-06-10T15:36:55.151+0000: 2.084: [Full GC (Metadata GC Threshold) 2019-06-10T15:36:55.151+0000: 2.084: [Tenured: 0K->15241K(341376K), 0.0412853 secs] 117783K->15241K(494976K), [Metaspace: 20731K->20731K(1067008K)], 0.0413542 secs] [Times: user=0.04 sys=0.01, real=0.04 secs] 
15:37:08.656 [Curator-PathChildrenCache-1] WARN  o.a.c.u.ZKPaths  - The version of ZooKeeper being used doesn't support Container nodes. CreateMode.PERSISTENT will be used instead.
2019-06-10T15:37:11.370+0000: 18.304: [GC (Allocation Failure) 2019-06-10T15:37:11.370+0000: 18.304: [DefNew: 136576K->17024K(153600K), 0.0300964 secs] 151817K->52530K(494976K), 0.0301825 secs] [Times: user=0.02 sys=0.00, real=0.03 secs] 
2019-06-10T15:37:12.165+0000: 19.099: [Full GC (Metadata GC Threshold) 2019-06-10T15:37:12.165+0000: 19.099: [Tenured: 35506K->44190K(341376K), 0.0411075 secs] 75829K->44190K(494976K), [Metaspace: 34609K->34609K(1079296K)], 0.0411862 secs] [Times: user=0.04 sys=0.00, real=0.04 secs] 
2019-06-10T15:37:18.573+0000: 25.507: [GC (Allocation Failure) 2019-06-10T15:37:18.573+0000: 25.507: [DefNew: 136576K->222K(153600K), 0.0021706 secs] 180766K->44413K(494976K), 0.0022299 secs] [Times: user=0.00 sys=0.00, real=0.00 secs] 
2019-06-10T15:37:25.033+0000: 31.967: [GC (Allocation Failure) 2019-06-10T15:37:25.033+0000: 31.967: [DefNew: 136798K->257K(153600K), 0.0020288 secs] 180989K->44448K(494976K), 0.0020887 secs] [Times: user=0.00 sys=0.00, real=0.00 secs] 
2019-06-10T15:37:31.548+0000: 38.482: [GC (Allocation Failure) 2019-06-10T15:37:31.548+0000: 38.482: [DefNew: 136833K->292K(153600K), 0.0020919 secs] 181024K->44483K(494976K), 0.0021651 secs] [Times: user=0.00 sys=0.00, real=0.01 secs] 
2019-06-10T15:37:37.995+0000: 44.928: [GC (Allocation Failure) 2019-06-10T15:37:37.995+0000: 44.928: [DefNew: 136868K->297K(153600K), 0.0020574 secs] 181059K->44487K(494976K), 0.0021295 secs] [Times: user=0.00 sys=0.00, real=0.01 secs] 
2019-06-10T15:37:44.437+0000: 51.370: [GC (Allocation Failure) 2019-06-10T15:37:44.437+0000: 51.370: [DefNew: 136873K->292K(153600K), 0.0020327 secs] 181063K->44482K(494976K), 0.0020903 secs] [Times: user=0.00 sys=0.01, real=0.00 secs] 
15:37:56.403 [Curator-PathChildrenCache-0] ERROR o.a.c.f.r.c.PathChildrenCache  - 
java.lang.IllegalStateException: instance must be started before calling this method
	at org.apache.curator.shaded.com.google.common.base.Preconditions.checkState(Preconditions.java:444)
	at org.apache.curator.framework.imps.CuratorFrameworkImpl.getChildren(CuratorFrameworkImpl.java:456)
	at org.apache.curator.framework.recipes.cache.PathChildrenCache.refresh(PathChildrenCache.java:521)
	at org.apache.curator.framework.recipes.cache.RefreshOperation.invoke(RefreshOperation.java:35)
	at org.apache.curator.framework.recipes.cache.PathChildrenCache$9.run(PathChildrenCache.java:786)
	at java.util.concurrent.Executors$RunnableAdapter.call(Executors.java:511)
	at java.util.concurrent.FutureTask.run(FutureTask.java:266)
	at java.util.concurrent.Executors$RunnableAdapter.call(Executors.java:511)
	at java.util.concurrent.FutureTask.run(FutureTask.java:266)
	at java.util.concurrent.ThreadPoolExecutor.runWorker(ThreadPoolExecutor.java:1149)
	at java.util.concurrent.ThreadPoolExecutor$Worker.run(ThreadPoolExecutor.java:624)
	at java.lang.Thread.run(Thread.java:748)
2019-06-10T15:37:56.666+0000: 63.600: [GC (Allocation Failure) 2019-06-10T15:37:56.666+0000: 63.600: [DefNew: 136868K->1440K(153600K), 0.0109986 secs] 181058K->45630K(494976K), 0.0110600 secs] [Times: user=0.02 sys=0.00, real=0.02 secs] 
Heap
 def new generation   total 153600K, used 4227K [0x00000000e0c00000, 0x00000000eb2a0000, 0x00000000eb2a0000)
  eden space 136576K,   2% used [0x00000000e0c00000, 0x00000000e0eb8d30, 0x00000000e9160000)
  from space 17024K,   8% used [0x00000000ea200000, 0x00000000ea3680b8, 0x00000000eb2a0000)
  to   space 17024K,   0% used [0x00000000e9160000, 0x00000000e9160000, 0x00000000ea200000)
 tenured generation   total 341376K, used 44190K [0x00000000eb2a0000, 0x0000000100000000, 0x0000000100000000)
   the space 341376K,  12% used [0x00000000eb2a0000, 0x00000000eddc7ae0, 0x00000000eddc7c00, 0x0000000100000000)
 Metaspace       used 36204K, capacity 37100K, committed 37376K, reserved 1081344K
  class space    used 4885K, capacity 5082K, committed 5120K, reserved 1048576K
