16:00:41,237 |-INFO in ch.qos.logback.classic.LoggerContext[default] - Could NOT find resource [logback-test.xml]
16:00:41,237 |-INFO in ch.qos.logback.classic.LoggerContext[default] - Could NOT find resource [logback.groovy]
16:00:41,238 |-INFO in ch.qos.logback.classic.LoggerContext[default] - Found resource [logback.xml] at [jar:file:/root/flamestream/lib/flamestream-runtime-1.0-SNAPSHOT.jar!/logback.xml]
16:00:41,239 |-WARN in ch.qos.logback.classic.LoggerContext[default] - Resource [logback.xml] occurs multiple times on the classpath.
16:00:41,239 |-WARN in ch.qos.logback.classic.LoggerContext[default] - Resource [logback.xml] occurs at [jar:file:/root/flamestream/lib/flamestream-runtime-1.0-SNAPSHOT.jar!/logback.xml]
16:00:41,239 |-WARN in ch.qos.logback.classic.LoggerContext[default] - Resource [logback.xml] occurs at [jar:file:/root/flamestream/flamestream-runtime-1.0-SNAPSHOT.jar!/logback.xml]
16:00:41,258 |-INFO in ch.qos.logback.core.joran.spi.ConfigurationWatchList@3fb6a447 - URL [jar:file:/root/flamestream/lib/flamestream-runtime-1.0-SNAPSHOT.jar!/logback.xml] is not of type file
16:00:41,328 |-INFO in ch.qos.logback.classic.joran.action.ConfigurationAction - debug attribute not set
16:00:41,329 |-INFO in ch.qos.logback.core.joran.action.AppenderAction - About to instantiate appender of type [ch.qos.logback.core.ConsoleAppender]
16:00:41,349 |-INFO in ch.qos.logback.core.joran.action.AppenderAction - Naming appender as [STDOUT]
16:00:41,367 |-INFO in ch.qos.logback.core.joran.action.NestedComplexPropertyIA - Assuming default type [ch.qos.logback.classic.encoder.PatternLayoutEncoder] for [encoder] property
16:00:41,444 |-INFO in ch.qos.logback.core.joran.action.AppenderAction - About to instantiate appender of type [ch.qos.logback.core.rolling.RollingFileAppender]
16:00:41,451 |-INFO in ch.qos.logback.core.joran.action.AppenderAction - Naming appender as [FILE]
16:00:41,481 |-INFO in c.q.l.core.rolling.TimeBasedRollingPolicy@127618319 - No compression will be used
16:00:41,483 |-INFO in c.q.l.core.rolling.TimeBasedRollingPolicy@127618319 - Will use the pattern /tmp/application_%d{yyyy-MM-dd}.%i.log for the active file
16:00:41,486 |-INFO in ch.qos.logback.core.rolling.SizeAndTimeBasedFNATP@6b2fad11 - The date pattern is 'yyyy-MM-dd' from file name pattern '/tmp/application_%d{yyyy-MM-dd}.%i.log'.
16:00:41,486 |-INFO in ch.qos.logback.core.rolling.SizeAndTimeBasedFNATP@6b2fad11 - Roll-over at midnight.
16:00:41,491 |-INFO in ch.qos.logback.core.rolling.SizeAndTimeBasedFNATP@6b2fad11 - Setting initial period to Mon Jun 10 15:59:16 UTC 2019
16:00:41,491 |-WARN in ch.qos.logback.core.rolling.SizeAndTimeBasedFNATP@6b2fad11 - SizeAndTimeBasedFNATP is deprecated. Use SizeAndTimeBasedRollingPolicy instead
16:00:41,491 |-WARN in ch.qos.logback.core.rolling.SizeAndTimeBasedFNATP@6b2fad11 - For more information see http://logback.qos.ch/manual/appenders.html#SizeAndTimeBasedRollingPolicy
16:00:41,495 |-INFO in ch.qos.logback.core.joran.action.NestedComplexPropertyIA - Assuming default type [ch.qos.logback.classic.encoder.PatternLayoutEncoder] for [encoder] property
16:00:41,500 |-INFO in ch.qos.logback.core.rolling.RollingFileAppender[FILE] - Active log file name: /tmp/application.log
16:00:41,500 |-INFO in ch.qos.logback.core.rolling.RollingFileAppender[FILE] - File property is set to [/tmp/application.log]
16:00:41,501 |-INFO in ch.qos.logback.classic.joran.action.RootLoggerAction - Setting level of ROOT logger to WARN
16:00:41,501 |-INFO in ch.qos.logback.core.joran.action.AppenderRefAction - Attaching appender named [STDOUT] to Logger[ROOT]
16:00:41,503 |-INFO in ch.qos.logback.core.joran.action.AppenderRefAction - Attaching appender named [FILE] to Logger[ROOT]
16:00:41,503 |-INFO in ch.qos.logback.classic.joran.action.ConfigurationAction - End of configuration.
16:00:41,503 |-INFO in ch.qos.logback.classic.joran.JoranConfigurator@79698539 - Registering current configuration as safe fallback point

Ama winner
Ama winner
2019-06-10T16:00:42.833+0000: 1.782: [Full GC (Metadata GC Threshold) 2019-06-10T16:00:42.833+0000: 1.782: [Tenured: 0K->15143K(341376K), 0.0404049 secs] 114987K->15143K(494976K), [Metaspace: 20738K->20738K(1067008K)], 0.0404727 secs] [Times: user=0.03 sys=0.01, real=0.04 secs] 
16:01:02.856 [Curator-PathChildrenCache-2] WARN  o.a.c.u.ZKPaths  - The version of ZooKeeper being used doesn't support Container nodes. CreateMode.PERSISTENT will be used instead.
2019-06-10T16:01:05.025+0000: 23.974: [GC (Allocation Failure) 2019-06-10T16:01:05.025+0000: 23.974: [DefNew: 117230K->17023K(153600K), 0.0196117 secs] 132374K->33147K(494976K), 0.0196836 secs] [Times: user=0.02 sys=0.00, real=0.02 secs] 
2019-06-10T16:01:05.651+0000: 24.600: [Full GC (Metadata GC Threshold) 2019-06-10T16:01:05.651+0000: 24.600: [Tenured: 16123K->44401K(341376K), 0.0465053 secs] 74387K->44401K(494976K), [Metaspace: 34549K->34549K(1079296K)], 0.0465971 secs] [Times: user=0.05 sys=0.00, real=0.05 secs] 
2019-06-10T16:01:10.400+0000: 29.348: [GC (Allocation Failure) 2019-06-10T16:01:10.400+0000: 29.348: [DefNew: 136576K->225K(153600K), 0.0024678 secs] 180977K->44626K(494976K), 0.0025275 secs] [Times: user=0.00 sys=0.00, real=0.00 secs] 
2019-06-10T16:01:15.034+0000: 33.983: [GC (Allocation Failure) 2019-06-10T16:01:15.034+0000: 33.983: [DefNew: 136801K->241K(153600K), 0.0023429 secs] 181202K->44643K(494976K), 0.0024095 secs] [Times: user=0.01 sys=0.00, real=0.01 secs] 
2019-06-10T16:01:19.586+0000: 38.534: [GC (Allocation Failure) 2019-06-10T16:01:19.586+0000: 38.534: [DefNew: 136817K->245K(153600K), 0.0022832 secs] 181219K->44647K(494976K), 0.0023444 secs] [Times: user=0.01 sys=0.00, real=0.00 secs] 
2019-06-10T16:01:24.164+0000: 43.113: [GC (Allocation Failure) 2019-06-10T16:01:24.164+0000: 43.113: [DefNew: 136821K->232K(153600K), 0.0022424 secs] 181223K->44634K(494976K), 0.0023127 secs] [Times: user=0.01 sys=0.00, real=0.00 secs] 
2019-06-10T16:01:28.754+0000: 47.703: [GC (Allocation Failure) 2019-06-10T16:01:28.754+0000: 47.703: [DefNew: 136808K->233K(153600K), 0.0022489 secs] 181210K->44635K(494976K), 0.0023121 secs] [Times: user=0.00 sys=0.00, real=0.00 secs] 
2019-06-10T16:01:33.324+0000: 52.272: [GC (Allocation Failure) 2019-06-10T16:01:33.324+0000: 52.272: [DefNew: 136809K->232K(153600K), 0.0023185 secs] 181211K->44634K(494976K), 0.0023786 secs] [Times: user=0.00 sys=0.00, real=0.00 secs] 
2019-06-10T16:01:37.903+0000: 56.852: [GC (Allocation Failure) 2019-06-10T16:01:37.903+0000: 56.852: [DefNew: 136808K->236K(153600K), 0.0023063 secs] 181210K->44637K(494976K), 0.0023669 secs] [Times: user=0.00 sys=0.00, real=0.00 secs] 
2019-06-10T16:01:42.526+0000: 61.475: [GC (Allocation Failure) 2019-06-10T16:01:42.526+0000: 61.475: [DefNew: 136812K->235K(153600K), 0.0023643 secs] 181213K->44636K(494976K), 0.0024177 secs] [Times: user=0.00 sys=0.00, real=0.01 secs] 
2019-06-10T16:01:59.530+0000: 78.478: [GC (Allocation Failure) 2019-06-10T16:01:59.530+0000: 78.478: [DefNew: 136811K->616K(153600K), 0.0029685 secs] 181212K->45018K(494976K), 0.0030349 secs] [Times: user=0.00 sys=0.00, real=0.00 secs] 
16:02:00.944 [Curator-PathChildrenCache-0] ERROR o.a.c.f.r.c.PathChildrenCache  - 
java.lang.IllegalStateException: instance must be started before calling this method
	at org.apache.curator.shaded.com.google.common.base.Preconditions.checkState(Preconditions.java:444)
	at org.apache.curator.framework.imps.CuratorFrameworkImpl.getChildren(CuratorFrameworkImpl.java:456)
	at org.apache.curator.framework.recipes.cache.PathChildrenCache.refresh(PathChildrenCache.java:521)
	at org.apache.curator.framework.recipes.cache.RefreshOperation.invoke(RefreshOperation.java:35)
	at org.apache.curator.framework.recipes.cache.PathChildrenCache$9.run(PathChildrenCache.java:786)
	at java.util.concurrent.Executors$RunnableAdapter.call(Executors.java:511)
	at java.util.concurrent.FutureTask.run(FutureTask.java:266)
	at java.util.concurrent.Executors$RunnableAdapter.call(Executors.java:511)
	at java.util.concurrent.FutureTask.run(FutureTask.java:266)
	at java.util.concurrent.ThreadPoolExecutor.runWorker(ThreadPoolExecutor.java:1149)
	at java.util.concurrent.ThreadPoolExecutor$Worker.run(ThreadPoolExecutor.java:624)
	at java.lang.Thread.run(Thread.java:748)
Heap
 def new generation   total 153600K, used 31762K [0x00000000e0c00000, 0x00000000eb2a0000, 0x00000000eb2a0000)
  eden space 136576K,  22% used [0x00000000e0c00000, 0x00000000e2a6a710, 0x00000000e9160000)
  from space 17024K,   3% used [0x00000000e9160000, 0x00000000e91fa290, 0x00000000ea200000)
  to   space 17024K,   0% used [0x00000000ea200000, 0x00000000ea200000, 0x00000000eb2a0000)
 tenured generation   total 341376K, used 44401K [0x00000000eb2a0000, 0x0000000100000000, 0x0000000100000000)
   the space 341376K,  13% used [0x00000000eb2a0000, 0x00000000eddfc668, 0x00000000eddfc800, 0x0000000100000000)
 Metaspace       used 36367K, capacity 37294K, committed 37504K, reserved 1081344K
  class space    used 4915K, capacity 5131K, committed 5248K, reserved 1048576K
