07:40:00,646 |-INFO in ch.qos.logback.classic.LoggerContext[default] - Could NOT find resource [logback-test.xml]
07:40:00,646 |-INFO in ch.qos.logback.classic.LoggerContext[default] - Could NOT find resource [logback.groovy]
07:40:00,646 |-INFO in ch.qos.logback.classic.LoggerContext[default] - Found resource [logback.xml] at [jar:file:/root/flamestream/lib/flamestream-runtime-1.0-SNAPSHOT.jar!/logback.xml]
07:40:00,647 |-WARN in ch.qos.logback.classic.LoggerContext[default] - Resource [logback.xml] occurs multiple times on the classpath.
07:40:00,647 |-WARN in ch.qos.logback.classic.LoggerContext[default] - Resource [logback.xml] occurs at [jar:file:/root/flamestream/lib/flamestream-runtime-1.0-SNAPSHOT.jar!/logback.xml]
07:40:00,647 |-WARN in ch.qos.logback.classic.LoggerContext[default] - Resource [logback.xml] occurs at [jar:file:/root/flamestream/flamestream-runtime-1.0-SNAPSHOT.jar!/logback.xml]
07:40:00,667 |-INFO in ch.qos.logback.core.joran.spi.ConfigurationWatchList@3fb6a447 - URL [jar:file:/root/flamestream/lib/flamestream-runtime-1.0-SNAPSHOT.jar!/logback.xml] is not of type file
07:40:00,731 |-INFO in ch.qos.logback.classic.joran.action.ConfigurationAction - debug attribute not set
07:40:00,732 |-INFO in ch.qos.logback.core.joran.action.AppenderAction - About to instantiate appender of type [ch.qos.logback.core.ConsoleAppender]
07:40:00,749 |-INFO in ch.qos.logback.core.joran.action.AppenderAction - Naming appender as [STDOUT]
07:40:00,762 |-INFO in ch.qos.logback.core.joran.action.NestedComplexPropertyIA - Assuming default type [ch.qos.logback.classic.encoder.PatternLayoutEncoder] for [encoder] property
07:40:00,862 |-INFO in ch.qos.logback.core.joran.action.AppenderAction - About to instantiate appender of type [ch.qos.logback.core.rolling.RollingFileAppender]
07:40:00,871 |-INFO in ch.qos.logback.core.joran.action.AppenderAction - Naming appender as [FILE]
07:40:00,904 |-INFO in c.q.l.core.rolling.TimeBasedRollingPolicy@127618319 - No compression will be used
07:40:00,905 |-INFO in c.q.l.core.rolling.TimeBasedRollingPolicy@127618319 - Will use the pattern /tmp/application_%d{yyyy-MM-dd}.%i.log for the active file
07:40:00,908 |-INFO in ch.qos.logback.core.rolling.SizeAndTimeBasedFNATP@6b2fad11 - The date pattern is 'yyyy-MM-dd' from file name pattern '/tmp/application_%d{yyyy-MM-dd}.%i.log'.
07:40:00,908 |-INFO in ch.qos.logback.core.rolling.SizeAndTimeBasedFNATP@6b2fad11 - Roll-over at midnight.
07:40:00,913 |-INFO in ch.qos.logback.core.rolling.SizeAndTimeBasedFNATP@6b2fad11 - Setting initial period to Tue Jun 11 07:38:32 UTC 2019
07:40:00,913 |-WARN in ch.qos.logback.core.rolling.SizeAndTimeBasedFNATP@6b2fad11 - SizeAndTimeBasedFNATP is deprecated. Use SizeAndTimeBasedRollingPolicy instead
07:40:00,913 |-WARN in ch.qos.logback.core.rolling.SizeAndTimeBasedFNATP@6b2fad11 - For more information see http://logback.qos.ch/manual/appenders.html#SizeAndTimeBasedRollingPolicy
07:40:00,918 |-INFO in ch.qos.logback.core.joran.action.NestedComplexPropertyIA - Assuming default type [ch.qos.logback.classic.encoder.PatternLayoutEncoder] for [encoder] property
07:40:00,922 |-INFO in ch.qos.logback.core.rolling.RollingFileAppender[FILE] - Active log file name: /tmp/application.log
07:40:00,922 |-INFO in ch.qos.logback.core.rolling.RollingFileAppender[FILE] - File property is set to [/tmp/application.log]
07:40:00,923 |-INFO in ch.qos.logback.classic.joran.action.RootLoggerAction - Setting level of ROOT logger to WARN
07:40:00,923 |-INFO in ch.qos.logback.core.joran.action.AppenderRefAction - Attaching appender named [STDOUT] to Logger[ROOT]
07:40:00,924 |-INFO in ch.qos.logback.core.joran.action.AppenderRefAction - Attaching appender named [FILE] to Logger[ROOT]
07:40:00,924 |-INFO in ch.qos.logback.classic.joran.action.ConfigurationAction - End of configuration.
07:40:00,924 |-INFO in ch.qos.logback.classic.joran.JoranConfigurator@79698539 - Registering current configuration as safe fallback point

Ama winner
Ama winner
2019-06-11T07:40:02.270+0000: 1.814: [Full GC (Metadata GC Threshold) 2019-06-11T07:40:02.270+0000: 1.814: [Tenured: 0K->15208K(341376K), 0.0415699 secs] 114923K->15208K(494976K), [Metaspace: 20731K->20731K(1067008K)], 0.0416394 secs] [Times: user=0.04 sys=0.00, real=0.04 secs] 
07:40:18.903 [Curator-PathChildrenCache-2] WARN  o.a.c.u.ZKPaths  - The version of ZooKeeper being used doesn't support Container nodes. CreateMode.PERSISTENT will be used instead.
2019-06-11T07:40:21.193+0000: 20.737: [GC (Allocation Failure) 2019-06-11T07:40:21.193+0000: 20.737: [DefNew: 135734K->17009K(153600K), 0.0261313 secs] 150943K->51749K(494976K), 0.0262178 secs] [Times: user=0.02 sys=0.01, real=0.03 secs] 
2019-06-11T07:40:21.648+0000: 21.192: [Full GC (Metadata GC Threshold) 2019-06-11T07:40:21.649+0000: 21.192: [Tenured: 34739K->43485K(341376K), 0.0411538 secs] 70273K->43485K(494976K), [Metaspace: 34567K->34567K(1079296K)], 0.0412283 secs] [Times: user=0.03 sys=0.01, real=0.05 secs] 
2019-06-11T07:40:25.150+0000: 24.694: [GC (Allocation Failure) 2019-06-11T07:40:25.150+0000: 24.694: [DefNew: 136576K->152K(153600K), 0.0020621 secs] 180061K->43637K(494976K), 0.0021301 secs] [Times: user=0.01 sys=0.00, real=0.00 secs] 
2019-06-11T07:40:28.723+0000: 28.267: [GC (Allocation Failure) 2019-06-11T07:40:28.723+0000: 28.267: [DefNew: 136728K->160K(153600K), 0.0019504 secs] 180213K->43645K(494976K), 0.0020066 secs] [Times: user=0.00 sys=0.00, real=0.00 secs] 
2019-06-11T07:40:32.235+0000: 31.779: [GC (Allocation Failure) 2019-06-11T07:40:32.235+0000: 31.779: [DefNew: 136736K->156K(153600K), 0.0020151 secs] 180221K->43641K(494976K), 0.0020716 secs] [Times: user=0.00 sys=0.00, real=0.01 secs] 
2019-06-11T07:40:35.775+0000: 35.319: [GC (Allocation Failure) 2019-06-11T07:40:35.775+0000: 35.319: [DefNew: 136732K->159K(153600K), 0.0020936 secs] 180217K->43645K(494976K), 0.0021665 secs] [Times: user=0.00 sys=0.00, real=0.01 secs] 
2019-06-11T07:40:39.339+0000: 38.883: [GC (Allocation Failure) 2019-06-11T07:40:39.339+0000: 38.883: [DefNew: 136735K->167K(153600K), 0.0020932 secs] 180221K->43652K(494976K), 0.0021534 secs] [Times: user=0.00 sys=0.01, real=0.00 secs] 
2019-06-11T07:40:42.921+0000: 42.465: [GC (Allocation Failure) 2019-06-11T07:40:42.921+0000: 42.465: [DefNew: 136743K->155K(153600K), 0.0020098 secs] 180228K->43640K(494976K), 0.0020704 secs] [Times: user=0.00 sys=0.00, real=0.00 secs] 
2019-06-11T07:40:46.488+0000: 46.032: [GC (Allocation Failure) 2019-06-11T07:40:46.488+0000: 46.032: [DefNew: 136731K->157K(153600K), 0.0021156 secs] 180216K->43642K(494976K), 0.0021771 secs] [Times: user=0.00 sys=0.00, real=0.01 secs] 
2019-06-11T07:40:50.052+0000: 49.596: [GC (Allocation Failure) 2019-06-11T07:40:50.052+0000: 49.596: [DefNew: 136733K->155K(153600K), 0.0020301 secs] 180218K->43640K(494976K), 0.0020897 secs] [Times: user=0.00 sys=0.00, real=0.00 secs] 
2019-06-11T07:40:53.597+0000: 53.141: [GC (Allocation Failure) 2019-06-11T07:40:53.597+0000: 53.141: [DefNew: 136731K->155K(153600K), 0.0020799 secs] 180216K->43640K(494976K), 0.0021422 secs] [Times: user=0.00 sys=0.00, real=0.00 secs] 
07:41:01.370 [Curator-PathChildrenCache-0] ERROR o.a.c.f.r.c.PathChildrenCache  - 
java.lang.IllegalStateException: instance must be started before calling this method
	at org.apache.curator.shaded.com.google.common.base.Preconditions.checkState(Preconditions.java:444)
	at org.apache.curator.framework.imps.CuratorFrameworkImpl.getChildren(CuratorFrameworkImpl.java:456)
	at org.apache.curator.framework.recipes.cache.PathChildrenCache.refresh(PathChildrenCache.java:521)
	at org.apache.curator.framework.recipes.cache.RefreshOperation.invoke(RefreshOperation.java:35)
	at org.apache.curator.framework.recipes.cache.PathChildrenCache$9.run(PathChildrenCache.java:786)
	at java.util.concurrent.Executors$RunnableAdapter.call(Executors.java:511)
	at java.util.concurrent.FutureTask.run(FutureTask.java:266)
	at java.util.concurrent.Executors$RunnableAdapter.call(Executors.java:511)
	at java.util.concurrent.FutureTask.run(FutureTask.java:266)
	at java.util.concurrent.ThreadPoolExecutor.runWorker(ThreadPoolExecutor.java:1149)
	at java.util.concurrent.ThreadPoolExecutor$Worker.run(ThreadPoolExecutor.java:624)
	at java.lang.Thread.run(Thread.java:748)
Heap
 def new generation   total 153600K, used 72707K [0x00000000e0c00000, 0x00000000eb2a0000, 0x00000000eb2a0000)
  eden space 136576K,  53% used [0x00000000e0c00000, 0x00000000e52d9ef8, 0x00000000e9160000)
  from space 17024K,   0% used [0x00000000e9160000, 0x00000000e9186e98, 0x00000000ea200000)
  to   space 17024K,   0% used [0x00000000ea200000, 0x00000000ea200000, 0x00000000eb2a0000)
 tenured generation   total 341376K, used 43485K [0x00000000eb2a0000, 0x0000000100000000, 0x0000000100000000)
   the space 341376K,  12% used [0x00000000eb2a0000, 0x00000000edd17498, 0x00000000edd17600, 0x0000000100000000)
 Metaspace       used 36088K, capacity 37104K, committed 37376K, reserved 1081344K
  class space    used 4881K, capacity 5078K, committed 5120K, reserved 1048576K
