13:11:51,766 |-INFO in ch.qos.logback.classic.LoggerContext[default] - Could NOT find resource [logback-test.xml]
13:11:51,766 |-INFO in ch.qos.logback.classic.LoggerContext[default] - Could NOT find resource [logback.groovy]
13:11:51,766 |-INFO in ch.qos.logback.classic.LoggerContext[default] - Found resource [logback.xml] at [jar:file:/root/flamestream/lib/flamestream-runtime-1.0-SNAPSHOT.jar!/logback.xml]
13:11:51,767 |-WARN in ch.qos.logback.classic.LoggerContext[default] - Resource [logback.xml] occurs multiple times on the classpath.
13:11:51,767 |-WARN in ch.qos.logback.classic.LoggerContext[default] - Resource [logback.xml] occurs at [jar:file:/root/flamestream/lib/flamestream-runtime-1.0-SNAPSHOT.jar!/logback.xml]
13:11:51,767 |-WARN in ch.qos.logback.classic.LoggerContext[default] - Resource [logback.xml] occurs at [jar:file:/root/flamestream/flamestream-runtime-1.0-SNAPSHOT.jar!/logback.xml]
13:11:51,786 |-INFO in ch.qos.logback.core.joran.spi.ConfigurationWatchList@3fb6a447 - URL [jar:file:/root/flamestream/lib/flamestream-runtime-1.0-SNAPSHOT.jar!/logback.xml] is not of type file
13:11:51,855 |-INFO in ch.qos.logback.classic.joran.action.ConfigurationAction - debug attribute not set
13:11:51,856 |-INFO in ch.qos.logback.core.joran.action.AppenderAction - About to instantiate appender of type [ch.qos.logback.core.ConsoleAppender]
13:11:51,876 |-INFO in ch.qos.logback.core.joran.action.AppenderAction - Naming appender as [STDOUT]
13:11:51,891 |-INFO in ch.qos.logback.core.joran.action.NestedComplexPropertyIA - Assuming default type [ch.qos.logback.classic.encoder.PatternLayoutEncoder] for [encoder] property
13:11:51,976 |-INFO in ch.qos.logback.core.joran.action.AppenderAction - About to instantiate appender of type [ch.qos.logback.core.rolling.RollingFileAppender]
13:11:51,982 |-INFO in ch.qos.logback.core.joran.action.AppenderAction - Naming appender as [FILE]
13:11:52,014 |-INFO in c.q.l.core.rolling.TimeBasedRollingPolicy@127618319 - No compression will be used
13:11:52,016 |-INFO in c.q.l.core.rolling.TimeBasedRollingPolicy@127618319 - Will use the pattern /tmp/application_%d{yyyy-MM-dd}.%i.log for the active file
13:11:52,019 |-INFO in ch.qos.logback.core.rolling.SizeAndTimeBasedFNATP@6b2fad11 - The date pattern is 'yyyy-MM-dd' from file name pattern '/tmp/application_%d{yyyy-MM-dd}.%i.log'.
13:11:52,019 |-INFO in ch.qos.logback.core.rolling.SizeAndTimeBasedFNATP@6b2fad11 - Roll-over at midnight.
13:11:52,024 |-INFO in ch.qos.logback.core.rolling.SizeAndTimeBasedFNATP@6b2fad11 - Setting initial period to Mon Jun 10 13:10:25 UTC 2019
13:11:52,024 |-WARN in ch.qos.logback.core.rolling.SizeAndTimeBasedFNATP@6b2fad11 - SizeAndTimeBasedFNATP is deprecated. Use SizeAndTimeBasedRollingPolicy instead
13:11:52,024 |-WARN in ch.qos.logback.core.rolling.SizeAndTimeBasedFNATP@6b2fad11 - For more information see http://logback.qos.ch/manual/appenders.html#SizeAndTimeBasedRollingPolicy
13:11:52,028 |-INFO in ch.qos.logback.core.joran.action.NestedComplexPropertyIA - Assuming default type [ch.qos.logback.classic.encoder.PatternLayoutEncoder] for [encoder] property
13:11:52,033 |-INFO in ch.qos.logback.core.rolling.RollingFileAppender[FILE] - Active log file name: /tmp/application.log
13:11:52,033 |-INFO in ch.qos.logback.core.rolling.RollingFileAppender[FILE] - File property is set to [/tmp/application.log]
13:11:52,034 |-INFO in ch.qos.logback.classic.joran.action.RootLoggerAction - Setting level of ROOT logger to WARN
13:11:52,034 |-INFO in ch.qos.logback.core.joran.action.AppenderRefAction - Attaching appender named [STDOUT] to Logger[ROOT]
13:11:52,036 |-INFO in ch.qos.logback.core.joran.action.AppenderRefAction - Attaching appender named [FILE] to Logger[ROOT]
13:11:52,036 |-INFO in ch.qos.logback.classic.joran.action.ConfigurationAction - End of configuration.
13:11:52,036 |-INFO in ch.qos.logback.classic.joran.JoranConfigurator@79698539 - Registering current configuration as safe fallback point

Ama winner
Ama winner
2019-06-10T13:11:53.363+0000: 1.783: [Full GC (Metadata GC Threshold) 2019-06-10T13:11:53.363+0000: 1.783: [Tenured: 0K->15176K(341376K), 0.0417049 secs] 114924K->15176K(494976K), [Metaspace: 20739K->20739K(1067008K)], 0.0417809 secs] [Times: user=0.04 sys=0.01, real=0.04 secs] 
13:12:13.029 [Curator-PathChildrenCache-1] WARN  o.a.c.u.ZKPaths  - The version of ZooKeeper being used doesn't support Container nodes. CreateMode.PERSISTENT will be used instead.
2019-06-10T13:12:15.342+0000: 23.761: [GC (Allocation Failure) 2019-06-10T13:12:15.342+0000: 23.761: [DefNew: 136576K->17023K(153600K), 0.0250703 secs] 151752K->52647K(494976K), 0.0251375 secs] [Times: user=0.01 sys=0.01, real=0.02 secs] 
2019-06-10T13:12:17.703+0000: 26.123: [Full GC (Metadata GC Threshold) 2019-06-10T13:12:17.703+0000: 26.123: [Tenured: 35623K->44231K(341376K), 0.0428256 secs] 89215K->44231K(494976K), [Metaspace: 34606K->34606K(1079296K)], 0.0429103 secs] [Times: user=0.04 sys=0.00, real=0.04 secs] 
2019-06-10T13:12:26.280+0000: 34.700: [GC (Allocation Failure) 2019-06-10T13:12:26.280+0000: 34.700: [DefNew: 136576K->58K(153600K), 0.0018594 secs] 180807K->44290K(494976K), 0.0019227 secs] [Times: user=0.00 sys=0.00, real=0.00 secs] 
2019-06-10T13:12:34.872+0000: 43.292: [GC (Allocation Failure) 2019-06-10T13:12:34.872+0000: 43.292: [DefNew: 136634K->60K(153600K), 0.0018069 secs] 180866K->44292K(494976K), 0.0018688 secs] [Times: user=0.00 sys=0.00, real=0.00 secs] 
2019-06-10T13:12:43.503+0000: 51.923: [GC (Allocation Failure) 2019-06-10T13:12:43.503+0000: 51.923: [DefNew: 136636K->65K(153600K), 0.0016977 secs] 180868K->44296K(494976K), 0.0017565 secs] [Times: user=0.00 sys=0.00, real=0.00 secs] 
2019-06-10T13:12:52.182+0000: 60.602: [GC (Allocation Failure) 2019-06-10T13:12:52.182+0000: 60.602: [DefNew: 136641K->65K(153600K), 0.0017835 secs] 180872K->44297K(494976K), 0.0018381 secs] [Times: user=0.00 sys=0.00, real=0.00 secs] 
2019-06-10T13:13:01.985+0000: 70.405: [GC (Allocation Failure) 2019-06-10T13:13:01.985+0000: 70.405: [DefNew: 136641K->403K(153600K), 0.0023532 secs] 180873K->44634K(494976K), 0.0024243 secs] [Times: user=0.00 sys=0.00, real=0.00 secs] 
2019-06-10T13:13:12.482+0000: 80.902: [GC (Allocation Failure) 2019-06-10T13:13:12.482+0000: 80.902: [DefNew: 136979K->160K(153600K), 0.0020292 secs] 181210K->44392K(494976K), 0.0020889 secs] [Times: user=0.00 sys=0.00, real=0.00 secs] 
13:13:30.502 [Curator-PathChildrenCache-0] ERROR o.a.c.f.r.c.PathChildrenCache  - 
java.lang.IllegalStateException: instance must be started before calling this method
	at org.apache.curator.shaded.com.google.common.base.Preconditions.checkState(Preconditions.java:444)
	at org.apache.curator.framework.imps.CuratorFrameworkImpl.getChildren(CuratorFrameworkImpl.java:456)
	at org.apache.curator.framework.recipes.cache.PathChildrenCache.refresh(PathChildrenCache.java:521)
	at org.apache.curator.framework.recipes.cache.RefreshOperation.invoke(RefreshOperation.java:35)
	at org.apache.curator.framework.recipes.cache.PathChildrenCache$9.run(PathChildrenCache.java:786)
	at java.util.concurrent.Executors$RunnableAdapter.call(Executors.java:511)
	at java.util.concurrent.FutureTask.run(FutureTask.java:266)
	at java.util.concurrent.Executors$RunnableAdapter.call(Executors.java:511)
	at java.util.concurrent.FutureTask.run(FutureTask.java:266)
	at java.util.concurrent.ThreadPoolExecutor.runWorker(ThreadPoolExecutor.java:1149)
	at java.util.concurrent.ThreadPoolExecutor$Worker.run(ThreadPoolExecutor.java:624)
	at java.lang.Thread.run(Thread.java:748)
Heap
 def new generation   total 153600K, used 127635K [0x00000000e0c00000, 0x00000000eb2a0000, 0x00000000eb2a0000)
  eden space 136576K,  93% used [0x00000000e0c00000, 0x00000000e887cc80, 0x00000000e9160000)
  from space 17024K,   0% used [0x00000000ea200000, 0x00000000ea228218, 0x00000000eb2a0000)
  to   space 17024K,   0% used [0x00000000e9160000, 0x00000000e9160000, 0x00000000ea200000)
 tenured generation   total 341376K, used 44231K [0x00000000eb2a0000, 0x0000000100000000, 0x0000000100000000)
   the space 341376K,  12% used [0x00000000eb2a0000, 0x00000000eddd1f80, 0x00000000eddd2000, 0x0000000100000000)
 Metaspace       used 36228K, capacity 37120K, committed 37376K, reserved 1081344K
  class space    used 4860K, capacity 5074K, committed 5120K, reserved 1048576K
