19:56:34,989 |-INFO in ch.qos.logback.classic.LoggerContext[default] - Could NOT find resource [logback-test.xml]
19:56:34,990 |-INFO in ch.qos.logback.classic.LoggerContext[default] - Could NOT find resource [logback.groovy]
19:56:34,990 |-INFO in ch.qos.logback.classic.LoggerContext[default] - Found resource [logback.xml] at [jar:file:/root/flamestream/lib/flamestream-runtime-1.0-SNAPSHOT.jar!/logback.xml]
19:56:34,991 |-WARN in ch.qos.logback.classic.LoggerContext[default] - Resource [logback.xml] occurs multiple times on the classpath.
19:56:34,991 |-WARN in ch.qos.logback.classic.LoggerContext[default] - Resource [logback.xml] occurs at [jar:file:/root/flamestream/lib/flamestream-runtime-1.0-SNAPSHOT.jar!/logback.xml]
19:56:34,991 |-WARN in ch.qos.logback.classic.LoggerContext[default] - Resource [logback.xml] occurs at [jar:file:/root/flamestream/flamestream-runtime-1.0-SNAPSHOT.jar!/logback.xml]
19:56:35,010 |-INFO in ch.qos.logback.core.joran.spi.ConfigurationWatchList@3fb6a447 - URL [jar:file:/root/flamestream/lib/flamestream-runtime-1.0-SNAPSHOT.jar!/logback.xml] is not of type file
19:56:35,081 |-INFO in ch.qos.logback.classic.joran.action.ConfigurationAction - debug attribute not set
19:56:35,082 |-INFO in ch.qos.logback.core.joran.action.AppenderAction - About to instantiate appender of type [ch.qos.logback.core.ConsoleAppender]
19:56:35,101 |-INFO in ch.qos.logback.core.joran.action.AppenderAction - Naming appender as [STDOUT]
19:56:35,118 |-INFO in ch.qos.logback.core.joran.action.NestedComplexPropertyIA - Assuming default type [ch.qos.logback.classic.encoder.PatternLayoutEncoder] for [encoder] property
19:56:35,201 |-INFO in ch.qos.logback.core.joran.action.AppenderAction - About to instantiate appender of type [ch.qos.logback.core.rolling.RollingFileAppender]
19:56:35,210 |-INFO in ch.qos.logback.core.joran.action.AppenderAction - Naming appender as [FILE]
19:56:35,242 |-INFO in c.q.l.core.rolling.TimeBasedRollingPolicy@127618319 - No compression will be used
19:56:35,244 |-INFO in c.q.l.core.rolling.TimeBasedRollingPolicy@127618319 - Will use the pattern /tmp/application_%d{yyyy-MM-dd}.%i.log for the active file
19:56:35,247 |-INFO in ch.qos.logback.core.rolling.SizeAndTimeBasedFNATP@6b2fad11 - The date pattern is 'yyyy-MM-dd' from file name pattern '/tmp/application_%d{yyyy-MM-dd}.%i.log'.
19:56:35,247 |-INFO in ch.qos.logback.core.rolling.SizeAndTimeBasedFNATP@6b2fad11 - Roll-over at midnight.
19:56:35,252 |-INFO in ch.qos.logback.core.rolling.SizeAndTimeBasedFNATP@6b2fad11 - Setting initial period to Mon Jun 10 19:55:09 UTC 2019
19:56:35,252 |-WARN in ch.qos.logback.core.rolling.SizeAndTimeBasedFNATP@6b2fad11 - SizeAndTimeBasedFNATP is deprecated. Use SizeAndTimeBasedRollingPolicy instead
19:56:35,252 |-WARN in ch.qos.logback.core.rolling.SizeAndTimeBasedFNATP@6b2fad11 - For more information see http://logback.qos.ch/manual/appenders.html#SizeAndTimeBasedRollingPolicy
19:56:35,256 |-INFO in ch.qos.logback.core.joran.action.NestedComplexPropertyIA - Assuming default type [ch.qos.logback.classic.encoder.PatternLayoutEncoder] for [encoder] property
19:56:35,261 |-INFO in ch.qos.logback.core.rolling.RollingFileAppender[FILE] - Active log file name: /tmp/application.log
19:56:35,261 |-INFO in ch.qos.logback.core.rolling.RollingFileAppender[FILE] - File property is set to [/tmp/application.log]
19:56:35,262 |-INFO in ch.qos.logback.classic.joran.action.RootLoggerAction - Setting level of ROOT logger to WARN
19:56:35,262 |-INFO in ch.qos.logback.core.joran.action.AppenderRefAction - Attaching appender named [STDOUT] to Logger[ROOT]
19:56:35,264 |-INFO in ch.qos.logback.core.joran.action.AppenderRefAction - Attaching appender named [FILE] to Logger[ROOT]
19:56:35,264 |-INFO in ch.qos.logback.classic.joran.action.ConfigurationAction - End of configuration.
19:56:35,264 |-INFO in ch.qos.logback.classic.joran.JoranConfigurator@79698539 - Registering current configuration as safe fallback point

Ama winner
Ama winner
2019-06-10T19:56:36.537+0000: 1.733: [Full GC (Metadata GC Threshold) 2019-06-10T19:56:36.537+0000: 1.733: [Tenured: 0K->15143K(341376K), 0.0408142 secs] 114923K->15143K(494976K), [Metaspace: 20728K->20728K(1067008K)], 0.0408805 secs] [Times: user=0.04 sys=0.00, real=0.04 secs] 
19:56:54.810 [Curator-PathChildrenCache-1] WARN  o.a.c.u.ZKPaths  - The version of ZooKeeper being used doesn't support Container nodes. CreateMode.PERSISTENT will be used instead.
2019-06-10T19:56:57.216+0000: 22.412: [GC (Allocation Failure) 2019-06-10T19:56:57.216+0000: 22.412: [DefNew: 136576K->17023K(153600K), 0.0258706 secs] 151719K->52714K(494976K), 0.0259375 secs] [Times: user=0.01 sys=0.01, real=0.02 secs] 
2019-06-10T19:57:06.201+0000: 31.397: [GC (Allocation Failure) 2019-06-10T19:57:06.201+0000: 31.397: [DefNew: 153599K->218K(153600K), 0.0097983 secs] 189290K->44206K(494976K), 0.0098741 secs] [Times: user=0.01 sys=0.00, real=0.01 secs] 
2019-06-10T19:57:08.570+0000: 33.766: [Full GC (Metadata GC Threshold) 2019-06-10T19:57:08.570+0000: 33.766: [Tenured: 43987K->44189K(341376K), 0.0372958 secs] 81344K->44189K(494976K), [Metaspace: 34640K->34640K(1079296K)], 0.0373823 secs] [Times: user=0.04 sys=0.00, real=0.04 secs] 
2019-06-10T19:57:17.813+0000: 43.009: [GC (Allocation Failure) 2019-06-10T19:57:17.813+0000: 43.009: [DefNew: 136576K->47K(153600K), 0.0017026 secs] 180765K->44237K(494976K), 0.0017782 secs] [Times: user=0.00 sys=0.00, real=0.01 secs] 
2019-06-10T19:57:27.106+0000: 52.302: [GC (Allocation Failure) 2019-06-10T19:57:27.106+0000: 52.302: [DefNew: 136623K->48K(153600K), 0.0016576 secs] 180813K->44238K(494976K), 0.0017180 secs] [Times: user=0.00 sys=0.00, real=0.00 secs] 
2019-06-10T19:57:36.460+0000: 61.656: [GC (Allocation Failure) 2019-06-10T19:57:36.460+0000: 61.656: [DefNew: 136624K->51K(153600K), 0.0017485 secs] 180814K->44241K(494976K), 0.0018105 secs] [Times: user=0.00 sys=0.00, real=0.00 secs] 
2019-06-10T19:57:46.963+0000: 72.159: [GC (Allocation Failure) 2019-06-10T19:57:46.963+0000: 72.159: [DefNew: 136627K->372K(153600K), 0.0020885 secs] 180817K->44562K(494976K), 0.0021594 secs] [Times: user=0.01 sys=0.00, real=0.00 secs] 
2019-06-10T19:57:57.990+0000: 83.186: [GC (Allocation Failure) 2019-06-10T19:57:57.990+0000: 83.186: [DefNew: 136948K->126K(153600K), 0.0018602 secs] 181138K->44316K(494976K), 0.0019226 secs] [Times: user=0.00 sys=0.00, real=0.00 secs] 
19:58:11.585 [Curator-PathChildrenCache-0] ERROR o.a.c.f.r.c.PathChildrenCache  - 
java.lang.IllegalStateException: instance must be started before calling this method
	at org.apache.curator.shaded.com.google.common.base.Preconditions.checkState(Preconditions.java:444)
	at org.apache.curator.framework.imps.CuratorFrameworkImpl.getChildren(CuratorFrameworkImpl.java:456)
	at org.apache.curator.framework.recipes.cache.PathChildrenCache.refresh(PathChildrenCache.java:521)
	at org.apache.curator.framework.recipes.cache.RefreshOperation.invoke(RefreshOperation.java:35)
	at org.apache.curator.framework.recipes.cache.PathChildrenCache$9.run(PathChildrenCache.java:786)
	at java.util.concurrent.Executors$RunnableAdapter.call(Executors.java:511)
	at java.util.concurrent.FutureTask.run(FutureTask.java:266)
	at java.util.concurrent.Executors$RunnableAdapter.call(Executors.java:511)
	at java.util.concurrent.FutureTask.run(FutureTask.java:266)
	at java.util.concurrent.ThreadPoolExecutor.runWorker(ThreadPoolExecutor.java:1149)
	at java.util.concurrent.ThreadPoolExecutor$Worker.run(ThreadPoolExecutor.java:624)
	at java.lang.Thread.run(Thread.java:748)
Heap
 def new generation   total 153600K, used 76125K [0x00000000e0c00000, 0x00000000eb2a0000, 0x00000000eb2a0000)
  eden space 136576K,  55% used [0x00000000e0c00000, 0x00000000e5637b38, 0x00000000e9160000)
  from space 17024K,   0% used [0x00000000ea200000, 0x00000000ea21fb30, 0x00000000eb2a0000)
  to   space 17024K,   0% used [0x00000000e9160000, 0x00000000e9160000, 0x00000000ea200000)
 tenured generation   total 341376K, used 44189K [0x00000000eb2a0000, 0x0000000100000000, 0x0000000100000000)
   the space 341376K,  12% used [0x00000000eb2a0000, 0x00000000eddc75a0, 0x00000000eddc7600, 0x0000000100000000)
 Metaspace       used 36128K, capacity 37056K, committed 37376K, reserved 1081344K
  class space    used 4869K, capacity 5074K, committed 5120K, reserved 1048576K
