15:58:12,681 |-INFO in ch.qos.logback.classic.LoggerContext[default] - Could NOT find resource [logback-test.xml]
15:58:12,681 |-INFO in ch.qos.logback.classic.LoggerContext[default] - Could NOT find resource [logback.groovy]
15:58:12,681 |-INFO in ch.qos.logback.classic.LoggerContext[default] - Found resource [logback.xml] at [jar:file:/root/flamestream/lib/flamestream-runtime-1.0-SNAPSHOT.jar!/logback.xml]
15:58:12,682 |-WARN in ch.qos.logback.classic.LoggerContext[default] - Resource [logback.xml] occurs multiple times on the classpath.
15:58:12,682 |-WARN in ch.qos.logback.classic.LoggerContext[default] - Resource [logback.xml] occurs at [jar:file:/root/flamestream/lib/flamestream-runtime-1.0-SNAPSHOT.jar!/logback.xml]
15:58:12,682 |-WARN in ch.qos.logback.classic.LoggerContext[default] - Resource [logback.xml] occurs at [jar:file:/root/flamestream/flamestream-runtime-1.0-SNAPSHOT.jar!/logback.xml]
15:58:12,701 |-INFO in ch.qos.logback.core.joran.spi.ConfigurationWatchList@3fb6a447 - URL [jar:file:/root/flamestream/lib/flamestream-runtime-1.0-SNAPSHOT.jar!/logback.xml] is not of type file
15:58:12,768 |-INFO in ch.qos.logback.classic.joran.action.ConfigurationAction - debug attribute not set
15:58:12,768 |-INFO in ch.qos.logback.core.joran.action.AppenderAction - About to instantiate appender of type [ch.qos.logback.core.ConsoleAppender]
15:58:12,784 |-INFO in ch.qos.logback.core.joran.action.AppenderAction - Naming appender as [STDOUT]
15:58:12,803 |-INFO in ch.qos.logback.core.joran.action.NestedComplexPropertyIA - Assuming default type [ch.qos.logback.classic.encoder.PatternLayoutEncoder] for [encoder] property
15:58:12,884 |-INFO in ch.qos.logback.core.joran.action.AppenderAction - About to instantiate appender of type [ch.qos.logback.core.rolling.RollingFileAppender]
15:58:12,894 |-INFO in ch.qos.logback.core.joran.action.AppenderAction - Naming appender as [FILE]
15:58:12,923 |-INFO in c.q.l.core.rolling.TimeBasedRollingPolicy@127618319 - No compression will be used
15:58:12,924 |-INFO in c.q.l.core.rolling.TimeBasedRollingPolicy@127618319 - Will use the pattern /tmp/application_%d{yyyy-MM-dd}.%i.log for the active file
15:58:12,927 |-INFO in ch.qos.logback.core.rolling.SizeAndTimeBasedFNATP@6b2fad11 - The date pattern is 'yyyy-MM-dd' from file name pattern '/tmp/application_%d{yyyy-MM-dd}.%i.log'.
15:58:12,927 |-INFO in ch.qos.logback.core.rolling.SizeAndTimeBasedFNATP@6b2fad11 - Roll-over at midnight.
15:58:12,932 |-INFO in ch.qos.logback.core.rolling.SizeAndTimeBasedFNATP@6b2fad11 - Setting initial period to Mon Jun 10 15:56:52 UTC 2019
15:58:12,932 |-WARN in ch.qos.logback.core.rolling.SizeAndTimeBasedFNATP@6b2fad11 - SizeAndTimeBasedFNATP is deprecated. Use SizeAndTimeBasedRollingPolicy instead
15:58:12,932 |-WARN in ch.qos.logback.core.rolling.SizeAndTimeBasedFNATP@6b2fad11 - For more information see http://logback.qos.ch/manual/appenders.html#SizeAndTimeBasedRollingPolicy
15:58:12,937 |-INFO in ch.qos.logback.core.joran.action.NestedComplexPropertyIA - Assuming default type [ch.qos.logback.classic.encoder.PatternLayoutEncoder] for [encoder] property
15:58:12,941 |-INFO in ch.qos.logback.core.rolling.RollingFileAppender[FILE] - Active log file name: /tmp/application.log
15:58:12,941 |-INFO in ch.qos.logback.core.rolling.RollingFileAppender[FILE] - File property is set to [/tmp/application.log]
15:58:12,942 |-INFO in ch.qos.logback.classic.joran.action.RootLoggerAction - Setting level of ROOT logger to WARN
15:58:12,942 |-INFO in ch.qos.logback.core.joran.action.AppenderRefAction - Attaching appender named [STDOUT] to Logger[ROOT]
15:58:12,943 |-INFO in ch.qos.logback.core.joran.action.AppenderRefAction - Attaching appender named [FILE] to Logger[ROOT]
15:58:12,943 |-INFO in ch.qos.logback.classic.joran.action.ConfigurationAction - End of configuration.
15:58:12,943 |-INFO in ch.qos.logback.classic.joran.JoranConfigurator@79698539 - Registering current configuration as safe fallback point

Ama winner
Ama winner
2019-06-10T15:58:14.232+0000: 1.738: [Full GC (Metadata GC Threshold) 2019-06-10T15:58:14.232+0000: 1.738: [Tenured: 0K->15209K(341376K), 0.0407095 secs] 114987K->15209K(494976K), [Metaspace: 20736K->20736K(1067008K)], 0.0407788 secs] [Times: user=0.03 sys=0.01, real=0.04 secs] 
15:58:31.228 [Curator-PathChildrenCache-1] WARN  o.a.c.u.ZKPaths  - The version of ZooKeeper being used doesn't support Container nodes. CreateMode.PERSISTENT will be used instead.
2019-06-10T15:58:33.547+0000: 21.053: [GC (Allocation Failure) 2019-06-10T15:58:33.547+0000: 21.053: [DefNew: 136576K->17024K(153600K), 0.0263171 secs] 151785K->52804K(494976K), 0.0263925 secs] [Times: user=0.02 sys=0.01, real=0.02 secs] 
2019-06-10T15:58:35.469+0000: 22.976: [Full GC (Metadata GC Threshold) 2019-06-10T15:58:35.469+0000: 22.976: [Tenured: 35780K->44484K(341376K), 0.0658593 secs] 88006K->44484K(494976K), [Metaspace: 34550K->34550K(1079296K)], 0.0659351 secs] [Times: user=0.06 sys=0.01, real=0.07 secs] 
2019-06-10T15:58:42.333+0000: 29.840: [GC (Allocation Failure) 2019-06-10T15:58:42.333+0000: 29.840: [DefNew: 136576K->96K(153600K), 0.0018322 secs] 181060K->44580K(494976K), 0.0018894 secs] [Times: user=0.00 sys=0.00, real=0.00 secs] 
2019-06-10T15:58:49.247+0000: 36.753: [GC (Allocation Failure) 2019-06-10T15:58:49.247+0000: 36.753: [DefNew: 136672K->129K(153600K), 0.0016781 secs] 181156K->44613K(494976K), 0.0017480 secs] [Times: user=0.00 sys=0.00, real=0.00 secs] 
2019-06-10T15:58:56.189+0000: 43.695: [GC (Allocation Failure) 2019-06-10T15:58:56.189+0000: 43.695: [DefNew: 136705K->163K(153600K), 0.0017571 secs] 181189K->44647K(494976K), 0.0018175 secs] [Times: user=0.00 sys=0.00, real=0.00 secs] 
2019-06-10T15:59:03.195+0000: 50.701: [GC (Allocation Failure) 2019-06-10T15:59:03.195+0000: 50.701: [DefNew: 136739K->196K(153600K), 0.0018091 secs] 181223K->44680K(494976K), 0.0018682 secs] [Times: user=0.01 sys=0.00, real=0.00 secs] 
2019-06-10T15:59:10.216+0000: 57.722: [GC (Allocation Failure) 2019-06-10T15:59:10.216+0000: 57.722: [DefNew: 136772K->198K(153600K), 0.0018817 secs] 181256K->44682K(494976K), 0.0019435 secs] [Times: user=0.00 sys=0.00, real=0.00 secs] 
15:59:17.038 [Curator-PathChildrenCache-0] ERROR o.a.c.f.r.c.PathChildrenCache  - 
java.lang.IllegalStateException: instance must be started before calling this method
	at org.apache.curator.shaded.com.google.common.base.Preconditions.checkState(Preconditions.java:444)
	at org.apache.curator.framework.imps.CuratorFrameworkImpl.getChildren(CuratorFrameworkImpl.java:456)
	at org.apache.curator.framework.recipes.cache.PathChildrenCache.refresh(PathChildrenCache.java:521)
	at org.apache.curator.framework.recipes.cache.RefreshOperation.invoke(RefreshOperation.java:35)
	at org.apache.curator.framework.recipes.cache.PathChildrenCache$9.run(PathChildrenCache.java:786)
	at java.util.concurrent.Executors$RunnableAdapter.call(Executors.java:511)
	at java.util.concurrent.FutureTask.run(FutureTask.java:266)
	at java.util.concurrent.Executors$RunnableAdapter.call(Executors.java:511)
	at java.util.concurrent.FutureTask.run(FutureTask.java:266)
	at java.util.concurrent.ThreadPoolExecutor.runWorker(ThreadPoolExecutor.java:1149)
	at java.util.concurrent.ThreadPoolExecutor$Worker.run(ThreadPoolExecutor.java:624)
	at java.lang.Thread.run(Thread.java:748)
Heap
 def new generation   total 153600K, used 62498K [0x00000000e0c00000, 0x00000000eb2a0000, 0x00000000eb2a0000)
  eden space 136576K,  45% used [0x00000000e0c00000, 0x00000000e48d6ff0, 0x00000000e9160000)
  from space 17024K,   1% used [0x00000000e9160000, 0x00000000e91919c8, 0x00000000ea200000)
  to   space 17024K,   0% used [0x00000000ea200000, 0x00000000ea200000, 0x00000000eb2a0000)
 tenured generation   total 341376K, used 44484K [0x00000000eb2a0000, 0x0000000100000000, 0x0000000100000000)
   the space 341376K,  13% used [0x00000000eb2a0000, 0x00000000ede11088, 0x00000000ede11200, 0x0000000100000000)
 Metaspace       used 36093K, capacity 36982K, committed 37120K, reserved 1081344K
  class space    used 4862K, capacity 5083K, committed 5120K, reserved 1048576K
