11:34:53,124 |-INFO in ch.qos.logback.classic.LoggerContext[default] - Could NOT find resource [logback-test.xml]
11:34:53,124 |-INFO in ch.qos.logback.classic.LoggerContext[default] - Could NOT find resource [logback.groovy]
11:34:53,124 |-INFO in ch.qos.logback.classic.LoggerContext[default] - Found resource [logback.xml] at [jar:file:/home/ubuntu/flamestream/lib/flamestream-runtime-1.0-SNAPSHOT.jar!/logback.xml]
11:34:53,127 |-WARN in ch.qos.logback.classic.LoggerContext[default] - Resource [logback.xml] occurs multiple times on the classpath.
11:34:53,127 |-WARN in ch.qos.logback.classic.LoggerContext[default] - Resource [logback.xml] occurs at [jar:file:/home/ubuntu/flamestream/flamestream-runtime-1.0-SNAPSHOT.jar!/logback.xml]
11:34:53,127 |-WARN in ch.qos.logback.classic.LoggerContext[default] - Resource [logback.xml] occurs at [jar:file:/home/ubuntu/flamestream/lib/flamestream-runtime-1.0-SNAPSHOT.jar!/logback.xml]
11:34:53,145 |-INFO in ch.qos.logback.core.joran.spi.ConfigurationWatchList@4678c730 - URL [jar:file:/home/ubuntu/flamestream/lib/flamestream-runtime-1.0-SNAPSHOT.jar!/logback.xml] is not of type file
11:34:53,222 |-INFO in ch.qos.logback.classic.joran.action.ConfigurationAction - debug attribute not set
11:34:53,223 |-INFO in ch.qos.logback.core.joran.action.AppenderAction - About to instantiate appender of type [ch.qos.logback.core.ConsoleAppender]
11:34:53,245 |-INFO in ch.qos.logback.core.joran.action.AppenderAction - Naming appender as [STDOUT]
11:34:53,260 |-INFO in ch.qos.logback.core.joran.action.NestedComplexPropertyIA - Assuming default type [ch.qos.logback.classic.encoder.PatternLayoutEncoder] for [encoder] property
11:34:53,364 |-INFO in ch.qos.logback.core.joran.action.AppenderAction - About to instantiate appender of type [ch.qos.logback.core.rolling.RollingFileAppender]
11:34:53,371 |-INFO in ch.qos.logback.core.joran.action.AppenderAction - Naming appender as [FILE]
11:34:53,415 |-INFO in c.q.l.core.rolling.TimeBasedRollingPolicy@1734853116 - No compression will be used
11:34:53,416 |-INFO in c.q.l.core.rolling.TimeBasedRollingPolicy@1734853116 - Will use the pattern /tmp/application_%d{yyyy-MM-dd}.%i.log for the active file
11:34:53,422 |-INFO in ch.qos.logback.core.rolling.SizeAndTimeBasedFNATP@29ee9faa - The date pattern is 'yyyy-MM-dd' from file name pattern '/tmp/application_%d{yyyy-MM-dd}.%i.log'.
11:34:53,422 |-INFO in ch.qos.logback.core.rolling.SizeAndTimeBasedFNATP@29ee9faa - Roll-over at midnight.
11:34:53,429 |-INFO in ch.qos.logback.core.rolling.SizeAndTimeBasedFNATP@29ee9faa - Setting initial period to Thu Oct 10 11:34:28 UTC 2019
11:34:53,429 |-WARN in ch.qos.logback.core.rolling.SizeAndTimeBasedFNATP@29ee9faa - SizeAndTimeBasedFNATP is deprecated. Use SizeAndTimeBasedRollingPolicy instead
11:34:53,429 |-WARN in ch.qos.logback.core.rolling.SizeAndTimeBasedFNATP@29ee9faa - For more information see http://logback.qos.ch/manual/appenders.html#SizeAndTimeBasedRollingPolicy
11:34:53,435 |-INFO in ch.qos.logback.core.joran.action.NestedComplexPropertyIA - Assuming default type [ch.qos.logback.classic.encoder.PatternLayoutEncoder] for [encoder] property
11:34:53,443 |-INFO in ch.qos.logback.core.rolling.RollingFileAppender[FILE] - Active log file name: /tmp/application.log
11:34:53,443 |-INFO in ch.qos.logback.core.rolling.RollingFileAppender[FILE] - File property is set to [/tmp/application.log]
11:34:53,444 |-INFO in ch.qos.logback.classic.joran.action.RootLoggerAction - Setting level of ROOT logger to INFO
11:34:53,444 |-INFO in ch.qos.logback.core.joran.action.AppenderRefAction - Attaching appender named [STDOUT] to Logger[ROOT]
11:34:53,444 |-INFO in ch.qos.logback.core.joran.action.AppenderRefAction - Attaching appender named [FILE] to Logger[ROOT]
11:34:53,445 |-INFO in ch.qos.logback.classic.joran.action.ConfigurationAction - End of configuration.
11:34:53,445 |-INFO in ch.qos.logback.classic.joran.JoranConfigurator@c038203 - Registering current configuration as safe fallback point

11:34:53.453 [main] INFO  c.s.f.r.WorkerApplication  - Starting worker with workerConfig 'WorkerConfig{id='flamestream-benchmarks-worker-13', localAddress=flamestream-benchmarks-worker-13/10.0.0.3:5412, zkString='flamestream-benchmarks-manager:12181', snapshotPath='/home/ubuntu/flamestream/data', guarantees=AT_MOST_ONCE}'
11:34:54.929 [worker-akka.actor.default-dispatcher-6] INFO  a.e.s.Slf4jLogger  - Slf4jLogger started
2019-10-10T11:34:55.104+0000: 2.349: [Full GC (Metadata GC Threshold) 2019-10-10T11:34:55.104+0000: 2.349: [Tenured: 0K->13625K(1024000K), 0.0518665 secs] 139464K->13625K(1484800K), [Metaspace: 20214K->20214K(1067008K)], 0.0519634 secs] [Times: user=0.05 sys=0.00, real=0.05 secs] 
11:34:55.265 [worker-akka.actor.default-dispatcher-6] WARN  a.r.RemoteActorRefProvider akka.remote.RemoteActorRefProvider - Using the 'remote' ActorRefProvider directly, which is a low-level layer. For most use cases, the 'cluster' abstraction on top of remoting is more suitable instead.
11:34:55.270 [worker-akka.actor.default-dispatcher-6] WARN  a.r.RemoteActorRefProvider akka.remote.RemoteActorRefProvider - Akka Cluster not in use - Using Akka Cluster is recommended if you need remote watch and deploy.
11:34:55.401 [worker-akka.actor.default-dispatcher-6] INFO  a.r.a.a.ArteryAeronUdpTransport(akka://worker) akka.remote.artery.aeron.ArteryAeronUdpTransport(akka://worker) - Started embedded media driver in directory [/dev/shm/aeron-flamestream-benchmarks-worker-13]
11:34:55.439 [worker-akka.actor.default-dispatcher-6] WARN  a.r.a.a.ArteryAeronUdpTransport(akka://worker) akka.remote.artery.aeron.ArteryAeronUdpTransport(akka://worker) - Aeron CnC version mismatch: compiled version = 15, file version = 16
11:34:55.744 [worker-akka.actor.default-dispatcher-6] INFO  a.r.a.a.ArteryAeronUdpTransport(akka://worker) akka.remote.artery.aeron.ArteryAeronUdpTransport(akka://worker) - Remoting started with transport [Artery aeron-udp]; listening on address [akka://worker@flamestream-benchmarks-worker-13:5412] and bound to [akka://worker@0.0.0.0:5412] with UID [-7677500588403764888]
11:34:56.446 [worker-akka.actor.default-dispatcher-6] WARN  a.s.Serialization(akka://worker) akka.serialization.Serialization(akka://worker) - Using serializer [com.romix.akka.serialization.kryo.KryoSerializer] for message [akka.actor.ActorSelectionMessage]. Note that this serializer is not implemented by Akka. It's not recommended to replace serializers for messages provided by Akka.
11:34:56.447 [worker-akka.actor.default-dispatcher-6] WARN  a.s.Serialization(akka://worker) akka.serialization.Serialization(akka://worker) - Using serializer [com.romix.akka.serialization.kryo.KryoSerializer] for message [akka.actor.ActorIdentity]. Note that this serializer is not implemented by Akka. It's not recommended to replace serializers for messages provided by Akka.
11:34:56.511 [worker-akka.actor.default-dispatcher-9] INFO  a.a.RepointableActorRef akka://worker/user/watcher - Starting...
11:34:56.658 [worker-akka.actor.default-dispatcher-6] INFO  o.a.c.u.Compatibility  - Running in ZooKeeper 3.4.x compatibility mode
11:34:56.731 [worker-akka.actor.default-dispatcher-6] INFO  o.a.c.f.i.CuratorFrameworkImpl  - Starting
11:34:56.760 [worker-akka.actor.default-dispatcher-6] INFO  o.a.z.ZooKeeper  - Client environment:zookeeper.version=3.4.14-4c25d480e66aadd371de8bd2fd8da255ac140bcf, built on 03/06/2019 16:18 GMT
11:34:56.762 [worker-akka.actor.default-dispatcher-6] INFO  o.a.z.ZooKeeper  - Client environment:host.name=flamestream-benchmarks-worker-13
11:34:56.762 [worker-akka.actor.default-dispatcher-6] INFO  o.a.z.ZooKeeper  - Client environment:java.version=1.8.0_222
11:34:56.762 [worker-akka.actor.default-dispatcher-6] INFO  o.a.z.ZooKeeper  - Client environment:java.vendor=Private Build
11:34:56.764 [worker-akka.actor.default-dispatcher-6] INFO  o.a.z.ZooKeeper  - Client environment:java.home=/usr/lib/jvm/java-8-openjdk-amd64/jre
11:34:56.765 [worker-akka.actor.default-dispatcher-6] INFO  o.a.z.ZooKeeper  - Client environment:java.class.path=lib/curator-framework-4.0.1.jar:lib/commons-csv-1.4.jar:lib/aeron-client-1.21.2.jar:lib/scala-library-2.12.9.jar:lib/asm-5.0.4.jar:lib/agrona-1.0.1.jar:lib/curator-recipes-4.0.1.jar:lib/akka-testkit_2.12-2.6.0-M6.jar:lib/flamestream-runtime-1.0-SNAPSHOT.jar:lib/slf4j-simple-2.0.0-alpha1.jar:lib/jsr305-3.0.2.jar:lib/trove4j-3.0.3.jar:lib/flamestream-core-1.0-SNAPSHOT.jar:lib/commons-io-2.4.jar:lib/minlog-1.3.0.jar:lib/kryonet-2.21.jar:lib/commons-1.4.9.jar:lib/jline-0.9.94.jar:lib/akka-remote_2.12-2.6.0-M6.jar:lib/leveldbjni-all-1.8.jar:lib/lz4-1.3.0.jar:lib/slf4j-api-1.7.24.jar:lib/scala-parser-combinators_2.12-1.1.2.jar:lib/flamestream-core-1.0-SNAPSHOT-tests.jar:lib/logback-core-1.2.3.jar:lib/netty-3.10.6.Final.jar:lib/protobuf-java-3.9.0.jar:lib/minlog-1.2.jar:lib/leveldb-api-0.7.jar:lib/jool-0.9.12.jar:lib/commons-cli-1.4.jar:lib/jblas-1.2.4.jar:lib/reflectasm-1.11.3.jar:lib/reflectasm-1.07-shaded.jar:lib/audience-annotations-0.5.0.jar:lib/jackson-annotations-2.9.6.jar:lib/commons-lang-2.6.jar:lib/ssl-config-core_2.12-0.3.8.jar:lib/annotations-13.0.jar:lib/logback-classic-1.2.3.jar:lib/guava-21.0.jar:lib/reactive-streams-1.0.2.jar:lib/spotbugs-annotations-3.1.9.jar:lib/leveldb-0.7.jar:lib/commons-pool2-2.4.2.jar:lib/rocksdbjni-5.5.1.jar:lib/jackson-core-2.9.9.jar:lib/jackson-databind-2.9.9.2.jar:lib/akka-protobuf-v3_2.12-2.6.0-M6.jar:lib/jackson-annotations-2.9.0.jar:lib/flamestream-examples-1.0-SNAPSHOT.jar:lib/objenesis-2.1.jar:lib/akka-kryo-serialization_2.12-0.5.2.jar:lib/scala-java8-compat_2.12-0.8.0.jar:lib/zookeeper-3.4.14.jar:lib/akka-slf4j_2.12-2.6.0-M6.jar:lib/kryo-4.0.0.jar:lib/akka-stream_2.12-2.6.0-M6.jar:lib/aeron-driver-1.21.2.jar:lib/config-1.3.1.jar:lib/annotations-12.0.jar:lib/jedis-2.9.0.jar:lib/jcommander-1.48.jar:lib/testng-6.10.jar:lib/akka-actor_2.12-2.6.0-M6.jar:lib/curator-client-4.0.1.jar:flamestream-runtime-1.0-SNAPSHOT.jar
11:34:56.766 [worker-akka.actor.default-dispatcher-6] INFO  o.a.z.ZooKeeper  - Client environment:java.library.path=/usr/java/packages/lib/amd64:/usr/lib/x86_64-linux-gnu/jni:/lib/x86_64-linux-gnu:/usr/lib/x86_64-linux-gnu:/usr/lib/jni:/lib:/usr/lib
11:34:56.769 [worker-akka.actor.default-dispatcher-6] INFO  o.a.z.ZooKeeper  - Client environment:java.io.tmpdir=/tmp
11:34:56.770 [worker-akka.actor.default-dispatcher-6] INFO  o.a.z.ZooKeeper  - Client environment:java.compiler=<NA>
11:34:56.770 [worker-akka.actor.default-dispatcher-6] INFO  o.a.z.ZooKeeper  - Client environment:os.name=Linux
11:34:56.770 [worker-akka.actor.default-dispatcher-6] INFO  o.a.z.ZooKeeper  - Client environment:os.arch=amd64
11:34:56.770 [worker-akka.actor.default-dispatcher-6] INFO  o.a.z.ZooKeeper  - Client environment:os.version=4.15.0-1040-gcp
11:34:56.771 [worker-akka.actor.default-dispatcher-6] INFO  o.a.z.ZooKeeper  - Client environment:user.name=ubuntu
11:34:56.771 [worker-akka.actor.default-dispatcher-6] INFO  o.a.z.ZooKeeper  - Client environment:user.home=/home/ubuntu
11:34:56.772 [worker-akka.actor.default-dispatcher-6] INFO  o.a.z.ZooKeeper  - Client environment:user.dir=/home/ubuntu/flamestream
11:34:56.776 [worker-akka.actor.default-dispatcher-6] INFO  o.a.z.ZooKeeper  - Initiating client connection, connectString=flamestream-benchmarks-manager:12181 sessionTimeout=60000 watcher=org.apache.curator.ConnectionState@652f61e2
11:34:56.832 [worker-akka.actor.default-dispatcher-6-SendThread(flamestream-benchmarks-manager:12181)] INFO  o.a.z.ClientCnxn  - Opening socket connection to server flamestream-benchmarks-manager/10.0.0.21:12181. Will not attempt to authenticate using SASL (unknown error)
11:34:56.841 [worker-akka.actor.default-dispatcher-6] INFO  o.a.c.f.i.CuratorFrameworkImpl  - Default schema
11:34:56.846 [worker-akka.actor.default-dispatcher-6-SendThread(flamestream-benchmarks-manager:12181)] INFO  o.a.z.ClientCnxn  - Socket connection established to flamestream-benchmarks-manager/10.0.0.21:12181, initiating session
11:34:56.860 [worker-akka.actor.default-dispatcher-6-SendThread(flamestream-benchmarks-manager:12181)] INFO  o.a.z.ClientCnxn  - Session establishment complete on server flamestream-benchmarks-manager/10.0.0.21:12181, sessionid = 0x100002c5342000d, negotiated timeout = 60000
11:34:56.871 [worker-akka.actor.default-dispatcher-6-EventThread] INFO  o.a.c.f.s.ConnectionStateManager  - State change: CONNECTED
11:34:56.875 [worker-akka.actor.default-dispatcher-9] INFO  a.a.RepointableActorRef akka://worker/user/watcher - Initializing rocksDB backend
2019-10-10T11:34:58.065+0000: 5.309: [Full GC (Metadata GC Threshold) 2019-10-10T11:34:58.065+0000: 5.309: [Tenured: 13625K->25928K(1024000K), 0.1434099 secs] 152922K->25928K(1484800K), [Metaspace: 33687K->33687K(1079296K)], 0.1435342 secs] [Times: user=0.13 sys=0.01, real=0.14 secs] 
11:34:58.321 [worker-akka.actor.default-dispatcher-6] INFO  a.a.LocalActorRef akka://worker/user/watcher/processing-watcher - Starting...
11:35:02.195 [Curator-PathChildrenCache-1] WARN  o.a.c.u.ZKPaths  - The version of ZooKeeper being used doesn't support Container nodes. CreateMode.PERSISTENT will be used instead.
11:35:02.347 [worker-akka.actor.default-dispatcher-6] INFO  a.a.LocalActorRef akka://worker/user/watcher/processing-watcher/$a - Starting...
11:35:02.389 [worker-akka.actor.default-dispatcher-6] INFO  a.a.LocalActorRef akka://worker/user/watcher/processing-watcher/$a - Stopped
11:35:04.043 [worker-akka.actor.default-dispatcher-6] INFO  a.a.LocalActorRef akka://worker/user/watcher/processing-watcher/graph/graph - Starting...
11:35:06.833 [worker-akka.actor.default-dispatcher-6] INFO  a.a.LocalActorRef akka://worker/user/watcher/processing-watcher/graph/graph - Finishing constructor
11:35:06.836 [worker-akka.actor.default-dispatcher-12] INFO  a.a.LocalActorRef akka://worker/user/watcher/processing-watcher/graph/negotiator - Starting...
11:35:06.843 [worker-akka.actor.default-dispatcher-12] INFO  a.a.LocalActorRef akka://worker/user/watcher/processing-watcher/graph/edge - Starting...
11:35:06.861 [worker-akka.actor.default-dispatcher-6] INFO  a.a.LocalActorRef akka://worker/user/watcher/processing-watcher/graph - Starting FlameNode with config 'ClusterConfig{paths={flamestream-benchmarks-worker-1=akka://worker@flamestream-benchmarks-worker-1:5412/user/watcher/processing-watcher/graph, flamestream-benchmarks-worker-0=akka://worker@flamestream-benchmarks-worker-0:5412/user/watcher/processing-watcher/graph, flamestream-benchmarks-worker-9=akka://worker@flamestream-benchmarks-worker-9:5412/user/watcher/processing-watcher/graph, flamestream-benchmarks-worker-8=akka://worker@flamestream-benchmarks-worker-8:5412/user/watcher/processing-watcher/graph, flamestream-benchmarks-worker-7=akka://worker@flamestream-benchmarks-worker-7:5412/user/watcher/processing-watcher/graph, flamestream-benchmarks-worker-6=akka://worker@flamestream-benchmarks-worker-6:5412/user/watcher/processing-watcher/graph, flamestream-benchmarks-worker-5=akka://worker@flamestream-benchmarks-worker-5:5412/user/watcher/processing-watcher/graph, flamestream-benchmarks-worker-4=akka://worker@flamestream-benchmarks-worker-4:5412/user/watcher/processing-watcher/graph, flamestream-benchmarks-worker-3=akka://worker@flamestream-benchmarks-worker-3:5412/user/watcher/processing-watcher/graph, flamestream-benchmarks-worker-2=akka://worker@flamestream-benchmarks-worker-2:5412/user/watcher/processing-watcher/graph, flamestream-benchmarks-worker-14=akka://worker@flamestream-benchmarks-worker-14:5412/user/watcher/processing-watcher/graph, flamestream-benchmarks-worker-13=akka://worker@flamestream-benchmarks-worker-13:5412/user/watcher/processing-watcher/graph, flamestream-benchmarks-worker-12=akka://worker@flamestream-benchmarks-worker-12:5412/user/watcher/processing-watcher/graph, flamestream-benchmarks-worker-11=akka://worker@flamestream-benchmarks-worker-11:5412/user/watcher/processing-watcher/graph, flamestream-benchmarks-worker-10=akka://worker@flamestream-benchmarks-worker-10:5412/user/watcher/processing-watcher/graph}}'
11:35:06.885 [worker-akka.actor.default-dispatcher-10] INFO  a.a.LocalActorRef akka://worker/user/watcher/processing-watcher/graph/negotiator - Requesting ticket for the frontClass FlameSocketGraphDeployerFront@flamestream-benchmarks-worker-13
11:35:06.922 [worker-akka.actor.default-dispatcher-13] INFO  a.a.LocalActorRef akka://worker/user/watcher/processing-watcher/graph/graph - Received last commit 'LastCommit{globalTime=(0000000, min@min)}'
11:35:06.936 [worker-akka.actor.default-dispatcher-12] INFO  c.s.f.r.e.s.SocketRear  - FlameSocketGraphDeployerRear@flamestream-benchmarks-worker-13: connecting to flamestream-benchmarks-manager:5678
11:35:06.961 [worker-akka.actor.default-dispatcher-13] INFO  a.a.LocalActorRef akka://worker/user/watcher/processing-watcher/graph/edge/FlameSocketGraphDeployerFront - Starting...
11:35:06.970 [worker-akka.actor.default-dispatcher-12] INFO  c.s.f.r.e.s.SocketRear  - FlameSocketGraphDeployerRear@flamestream-benchmarks-worker-13: connected to flamestream-benchmarks-manager:5678
11:35:06.971 [worker-akka.actor.default-dispatcher-6] INFO  a.a.LocalActorRef akka://worker/user/watcher/processing-watcher/graph/edge/FlameSocketGraphDeployerRear - Starting...
11:35:06.986 [worker-akka.actor.default-dispatcher-12] INFO  a.a.LocalActorRef akka://worker/user/watcher/processing-watcher/graph/negotiator - Ticket for the frontClass received: FrontTicket{allowedTimestamp=(0000000, FlameSocketGraphDeployerFront@flamestream-benchmarks-worker-13)}
11:35:06.987 [worker-akka.actor.default-dispatcher-12] INFO  c.s.f.r.e.s.SocketFront  - FlameSocketGraphDeployerFront@flamestream-benchmarks-worker-13: connecting to flamestream-benchmarks-manager:4567
11:35:07.374 [worker-akka.actor.default-dispatcher-12] INFO  a.a.LocalActorRef akka://worker/user/watcher/processing-watcher/graph/graph/$a - Starting...
11:35:07.380 [worker-akka.actor.default-dispatcher-12] INFO  a.a.LocalActorRef akka://worker/user/watcher/processing-watcher/graph/graph/$b - Starting...
11:35:07.382 [worker-akka.actor.default-dispatcher-12] INFO  a.a.LocalActorRef akka://worker/user/watcher/processing-watcher/graph/graph/$c - Starting...
11:35:07.386 [worker-akka.actor.default-dispatcher-12] INFO  a.a.LocalActorRef akka://worker/user/watcher/processing-watcher/graph/graph/$d - Starting...
11:35:07.389 [worker-akka.actor.default-dispatcher-12] INFO  a.a.LocalActorRef akka://worker/user/watcher/processing-watcher/graph/graph/$e - Starting...
11:35:07.391 [worker-akka.actor.default-dispatcher-12] INFO  a.a.LocalActorRef akka://worker/user/watcher/processing-watcher/graph/graph/$f - Starting...
11:35:07.393 [worker-akka.actor.default-dispatcher-12] INFO  a.a.LocalActorRef akka://worker/user/watcher/processing-watcher/graph/graph/$g - Starting...
11:35:07.397 [worker-akka.actor.default-dispatcher-12] INFO  a.a.LocalActorRef akka://worker/user/watcher/processing-watcher/graph/graph/$h - Starting...
11:35:07.399 [worker-akka.actor.default-dispatcher-12] INFO  a.a.LocalActorRef akka://worker/user/watcher/processing-watcher/graph/graph/$i - Starting...
11:35:07.402 [worker-akka.actor.default-dispatcher-12] INFO  a.a.LocalActorRef akka://worker/user/watcher/processing-watcher/graph/graph/$j - Starting...
11:35:07.404 [worker-akka.actor.default-dispatcher-12] INFO  a.a.LocalActorRef akka://worker/user/watcher/processing-watcher/graph/graph/$k - Starting...
11:35:07.408 [worker-akka.actor.default-dispatcher-12] INFO  a.a.LocalActorRef akka://worker/user/watcher/processing-watcher/graph/graph/$l - Starting...
11:35:07.410 [worker-akka.actor.default-dispatcher-12] INFO  a.a.LocalActorRef akka://worker/user/watcher/processing-watcher/graph/graph/$m - Starting...
11:35:07.413 [worker-akka.actor.default-dispatcher-12] INFO  a.a.LocalActorRef akka://worker/user/watcher/processing-watcher/graph/graph/$n - Starting...
11:35:07.415 [worker-akka.actor.default-dispatcher-12] INFO  a.a.LocalActorRef akka://worker/user/watcher/processing-watcher/graph/graph/$o - Starting...
11:35:07.419 [worker-akka.actor.default-dispatcher-12] INFO  a.a.LocalActorRef akka://worker/user/watcher/processing-watcher/graph/graph/$p - Starting...
11:35:07.422 [worker-akka.actor.default-dispatcher-12] INFO  a.a.LocalActorRef akka://worker/user/watcher/processing-watcher/graph/graph/$q - Starting...
11:35:07.425 [worker-akka.actor.default-dispatcher-12] INFO  a.a.LocalActorRef akka://worker/user/watcher/processing-watcher/graph/graph/$r - Starting...
11:35:07.429 [worker-akka.actor.default-dispatcher-12] INFO  a.a.LocalActorRef akka://worker/user/watcher/processing-watcher/graph/graph/$s - Starting...
11:35:07.435 [worker-akka.actor.default-dispatcher-12] INFO  a.a.LocalActorRef akka://worker/user/watcher/processing-watcher/graph/graph/$t - Starting...
11:35:07.438 [worker-akka.actor.default-dispatcher-12] INFO  a.a.LocalActorRef akka://worker/user/watcher/processing-watcher/graph/graph/$u - Starting...
11:35:07.440 [worker-akka.actor.default-dispatcher-12] INFO  a.a.LocalActorRef akka://worker/user/watcher/processing-watcher/graph/graph/$v - Starting...
11:35:07.443 [worker-akka.actor.default-dispatcher-12] INFO  a.a.LocalActorRef akka://worker/user/watcher/processing-watcher/graph/graph/$w - Starting...
11:35:07.446 [worker-akka.actor.default-dispatcher-12] INFO  a.a.LocalActorRef akka://worker/user/watcher/processing-watcher/graph/graph/$x - Starting...
11:35:07.450 [worker-akka.actor.default-dispatcher-12] INFO  a.a.LocalActorRef akka://worker/user/watcher/processing-watcher/graph/graph/$y - Starting...
11:35:07.452 [worker-akka.actor.default-dispatcher-12] INFO  a.a.LocalActorRef akka://worker/user/watcher/processing-watcher/graph/graph/$z - Starting...
11:35:07.455 [worker-akka.actor.default-dispatcher-12] INFO  a.a.LocalActorRef akka://worker/user/watcher/processing-watcher/graph/graph/$A - Starting...
11:35:07.458 [worker-akka.actor.default-dispatcher-12] INFO  a.a.LocalActorRef akka://worker/user/watcher/processing-watcher/graph/graph/$B - Starting...
11:35:07.462 [worker-akka.actor.default-dispatcher-12] INFO  a.a.LocalActorRef akka://worker/user/watcher/processing-watcher/graph/graph/$C - Starting...
11:35:07.465 [worker-akka.actor.default-dispatcher-12] INFO  a.a.LocalActorRef akka://worker/user/watcher/processing-watcher/graph/graph/$D - Starting...
11:35:07.468 [worker-akka.actor.default-dispatcher-12] INFO  a.a.LocalActorRef akka://worker/user/watcher/processing-watcher/graph/graph/$E - Starting...
11:35:07.473 [worker-akka.actor.default-dispatcher-12] INFO  a.a.LocalActorRef akka://worker/user/watcher/processing-watcher/graph/graph/$F - Starting...
11:35:07.476 [worker-akka.actor.default-dispatcher-12] INFO  a.a.LocalActorRef akka://worker/user/watcher/processing-watcher/graph/graph/$G - Starting...
11:35:07.479 [worker-akka.actor.default-dispatcher-12] INFO  a.a.LocalActorRef akka://worker/user/watcher/processing-watcher/graph/graph/$H - Starting...
11:35:07.484 [worker-akka.actor.default-dispatcher-12] INFO  a.a.LocalActorRef akka://worker/user/watcher/processing-watcher/graph/graph/$I - Starting...
11:35:07.488 [worker-akka.actor.default-dispatcher-12] INFO  a.a.LocalActorRef akka://worker/user/watcher/processing-watcher/graph/graph/$J - Starting...
11:35:07.491 [worker-akka.actor.default-dispatcher-12] INFO  a.a.LocalActorRef akka://worker/user/watcher/processing-watcher/graph/graph/$K - Starting...
11:35:07.493 [worker-akka.actor.default-dispatcher-12] INFO  a.a.LocalActorRef akka://worker/user/watcher/processing-watcher/graph/graph/$L - Starting...
11:35:07.496 [worker-akka.actor.default-dispatcher-12] INFO  a.a.LocalActorRef akka://worker/user/watcher/processing-watcher/graph/graph/$M - Starting...
11:35:07.499 [worker-akka.actor.default-dispatcher-12] INFO  a.a.LocalActorRef akka://worker/user/watcher/processing-watcher/graph/graph/$N - Starting...
11:35:07.501 [worker-akka.actor.default-dispatcher-12] INFO  a.a.LocalActorRef akka://worker/user/watcher/processing-watcher/graph/graph/$O - Starting...
11:35:07.504 [worker-akka.actor.default-dispatcher-12] INFO  a.a.LocalActorRef akka://worker/user/watcher/processing-watcher/graph/graph/$P - Starting...
11:35:07.508 [worker-akka.actor.default-dispatcher-12] INFO  a.a.LocalActorRef akka://worker/user/watcher/processing-watcher/graph/graph/$Q - Starting...
11:35:07.510 [worker-akka.actor.default-dispatcher-12] INFO  a.a.LocalActorRef akka://worker/user/watcher/processing-watcher/graph/graph/$R - Starting...
11:35:07.513 [worker-akka.actor.default-dispatcher-12] INFO  a.a.LocalActorRef akka://worker/user/watcher/processing-watcher/graph/graph/$S - Starting...
11:35:07.516 [worker-akka.actor.default-dispatcher-12] INFO  a.a.LocalActorRef akka://worker/user/watcher/processing-watcher/graph/graph/$T - Starting...
11:35:07.518 [worker-akka.actor.default-dispatcher-12] INFO  a.a.LocalActorRef akka://worker/user/watcher/processing-watcher/graph/graph/$U - Starting...
11:35:07.521 [worker-akka.actor.default-dispatcher-12] INFO  a.a.LocalActorRef akka://worker/user/watcher/processing-watcher/graph/graph/$V - Starting...
11:35:07.524 [worker-akka.actor.default-dispatcher-12] INFO  a.a.LocalActorRef akka://worker/user/watcher/processing-watcher/graph/graph/$W - Starting...
11:35:07.527 [worker-akka.actor.default-dispatcher-12] INFO  a.a.LocalActorRef akka://worker/user/watcher/processing-watcher/graph/graph/$X - Starting...
11:35:07.530 [worker-akka.actor.default-dispatcher-12] INFO  a.a.LocalActorRef akka://worker/user/watcher/processing-watcher/graph/graph/$Y - Starting...
11:35:07.533 [worker-akka.actor.default-dispatcher-12] INFO  a.a.LocalActorRef akka://worker/user/watcher/processing-watcher/graph/graph/$Z - Starting...
11:35:07.535 [worker-akka.actor.default-dispatcher-12] INFO  a.a.LocalActorRef akka://worker/user/watcher/processing-watcher/graph/graph/$0 - Starting...
11:35:07.538 [worker-akka.actor.default-dispatcher-12] INFO  a.a.LocalActorRef akka://worker/user/watcher/processing-watcher/graph/graph/$1 - Starting...
11:35:07.541 [worker-akka.actor.default-dispatcher-12] INFO  a.a.LocalActorRef akka://worker/user/watcher/processing-watcher/graph/graph/$2 - Starting...
11:35:07.543 [worker-akka.actor.default-dispatcher-12] INFO  a.a.LocalActorRef akka://worker/user/watcher/processing-watcher/graph/graph/$3 - Starting...
11:35:07.546 [worker-akka.actor.default-dispatcher-12] INFO  a.a.LocalActorRef akka://worker/user/watcher/processing-watcher/graph/graph/$4 - Starting...
11:35:07.548 [worker-akka.actor.default-dispatcher-12] INFO  a.a.LocalActorRef akka://worker/user/watcher/processing-watcher/graph/graph/$5 - Starting...
11:35:07.552 [worker-akka.actor.default-dispatcher-12] INFO  a.a.LocalActorRef akka://worker/user/watcher/processing-watcher/graph/graph/$6 - Starting...
11:35:07.555 [worker-akka.actor.default-dispatcher-12] INFO  a.a.LocalActorRef akka://worker/user/watcher/processing-watcher/graph/graph/$7 - Starting...
11:35:07.558 [worker-akka.actor.default-dispatcher-12] INFO  a.a.LocalActorRef akka://worker/user/watcher/processing-watcher/graph/graph/$8 - Starting...
11:35:07.560 [worker-akka.actor.default-dispatcher-12] INFO  a.a.LocalActorRef akka://worker/user/watcher/processing-watcher/graph/graph/$9 - Starting...
11:35:07.564 [worker-akka.actor.default-dispatcher-12] INFO  a.a.LocalActorRef akka://worker/user/watcher/processing-watcher/graph/graph/$+ - Starting...
11:35:07.566 [worker-akka.actor.default-dispatcher-12] INFO  a.a.LocalActorRef akka://worker/user/watcher/processing-watcher/graph/graph/$~ - Starting...
11:35:07.569 [worker-akka.actor.default-dispatcher-12] INFO  a.a.LocalActorRef akka://worker/user/watcher/processing-watcher/graph/graph/$ab - Starting...
11:35:07.571 [worker-akka.actor.default-dispatcher-12] INFO  a.a.LocalActorRef akka://worker/user/watcher/processing-watcher/graph/graph/$bb - Starting...
11:35:07.573 [worker-akka.actor.default-dispatcher-12] INFO  a.a.LocalActorRef akka://worker/user/watcher/processing-watcher/graph/graph/$cb - Starting...
11:35:07.577 [worker-akka.actor.default-dispatcher-12] INFO  a.a.LocalActorRef akka://worker/user/watcher/processing-watcher/graph/graph/$db - Starting...
11:35:07.580 [worker-akka.actor.default-dispatcher-12] INFO  a.a.LocalActorRef akka://worker/user/watcher/processing-watcher/graph/graph/$eb - Starting...
11:35:07.582 [worker-akka.actor.default-dispatcher-12] INFO  a.a.LocalActorRef akka://worker/user/watcher/processing-watcher/graph/graph/$fb - Starting...
11:35:07.585 [worker-akka.actor.default-dispatcher-12] INFO  a.a.LocalActorRef akka://worker/user/watcher/processing-watcher/graph/graph/$gb - Starting...
11:35:07.589 [worker-akka.actor.default-dispatcher-12] INFO  a.a.LocalActorRef akka://worker/user/watcher/processing-watcher/graph/graph/$hb - Starting...
11:35:07.591 [worker-akka.actor.default-dispatcher-12] INFO  a.a.LocalActorRef akka://worker/user/watcher/processing-watcher/graph/graph/$ib - Starting...
11:35:07.596 [worker-akka.actor.default-dispatcher-12] INFO  a.a.LocalActorRef akka://worker/user/watcher/processing-watcher/graph/graph/$jb - Starting...
11:35:07.597 [worker-akka.actor.default-dispatcher-12] INFO  a.a.LocalActorRef akka://worker/user/watcher/processing-watcher/graph/graph/$kb - Starting...
11:35:07.601 [worker-akka.actor.default-dispatcher-12] INFO  a.a.LocalActorRef akka://worker/user/watcher/processing-watcher/graph/graph/$lb - Starting...
11:35:07.604 [worker-akka.actor.default-dispatcher-12] INFO  a.a.LocalActorRef akka://worker/user/watcher/processing-watcher/graph/graph/$mb - Starting...
11:35:07.607 [worker-akka.actor.default-dispatcher-12] INFO  a.a.LocalActorRef akka://worker/user/watcher/processing-watcher/graph/graph/$nb - Starting...
11:35:07.609 [worker-akka.actor.default-dispatcher-12] INFO  a.a.LocalActorRef akka://worker/user/watcher/processing-watcher/graph/graph/$ob - Starting...
11:35:07.613 [worker-akka.actor.default-dispatcher-12] INFO  a.a.LocalActorRef akka://worker/user/watcher/processing-watcher/graph/graph/$pb - Starting...
11:35:07.615 [worker-akka.actor.default-dispatcher-12] INFO  a.a.LocalActorRef akka://worker/user/watcher/processing-watcher/graph/graph/$qb - Starting...
11:35:07.618 [worker-akka.actor.default-dispatcher-12] INFO  a.a.LocalActorRef akka://worker/user/watcher/processing-watcher/graph/graph/$rb - Starting...
11:35:07.621 [worker-akka.actor.default-dispatcher-12] INFO  a.a.LocalActorRef akka://worker/user/watcher/processing-watcher/graph/graph/$sb - Starting...
11:35:07.623 [worker-akka.actor.default-dispatcher-12] INFO  a.a.LocalActorRef akka://worker/user/watcher/processing-watcher/graph/graph/$tb - Starting...
11:35:07.626 [worker-akka.actor.default-dispatcher-12] INFO  a.a.LocalActorRef akka://worker/user/watcher/processing-watcher/graph/graph/$ub - Starting...
11:35:07.629 [worker-akka.actor.default-dispatcher-12] INFO  a.a.LocalActorRef akka://worker/user/watcher/processing-watcher/graph/graph/$vb - Starting...
11:35:07.631 [worker-akka.actor.default-dispatcher-12] INFO  a.a.LocalActorRef akka://worker/user/watcher/processing-watcher/graph/graph/$wb - Starting...
11:35:07.636 [worker-akka.actor.default-dispatcher-12] INFO  a.a.LocalActorRef akka://worker/user/watcher/processing-watcher/graph/graph/$xb - Starting...
11:35:07.638 [worker-akka.actor.default-dispatcher-12] INFO  a.a.LocalActorRef akka://worker/user/watcher/processing-watcher/graph/graph/$yb - Starting...
11:35:07.639 [worker-akka.actor.default-dispatcher-12] INFO  a.a.LocalActorRef akka://worker/user/watcher/processing-watcher/graph/graph/$zb - Starting...
11:35:07.641 [worker-akka.actor.default-dispatcher-12] INFO  a.a.LocalActorRef akka://worker/user/watcher/processing-watcher/graph/graph/$Ab - Starting...
11:35:07.642 [worker-akka.actor.default-dispatcher-12] INFO  a.a.LocalActorRef akka://worker/user/watcher/processing-watcher/graph/graph/$Bb - Starting...
11:35:07.644 [worker-akka.actor.default-dispatcher-12] INFO  a.a.LocalActorRef akka://worker/user/watcher/processing-watcher/graph/graph/$Cb - Starting...
11:35:07.646 [worker-akka.actor.default-dispatcher-12] INFO  a.a.LocalActorRef akka://worker/user/watcher/processing-watcher/graph/graph/$Db - Starting...
11:35:07.647 [worker-akka.actor.default-dispatcher-12] INFO  a.a.LocalActorRef akka://worker/user/watcher/processing-watcher/graph/graph/$Eb - Starting...
11:35:07.648 [worker-akka.actor.default-dispatcher-12] INFO  a.a.LocalActorRef akka://worker/user/watcher/processing-watcher/graph/graph/$Fb - Starting...
11:35:07.650 [worker-akka.actor.default-dispatcher-12] INFO  a.a.LocalActorRef akka://worker/user/watcher/processing-watcher/graph/graph/$Gb - Starting...
11:35:07.651 [worker-akka.actor.default-dispatcher-12] INFO  a.a.LocalActorRef akka://worker/user/watcher/processing-watcher/graph/graph/$Hb - Starting...
11:35:07.652 [worker-akka.actor.default-dispatcher-12] INFO  a.a.LocalActorRef akka://worker/user/watcher/processing-watcher/graph/graph/$Ib - Starting...
11:35:07.653 [worker-akka.actor.default-dispatcher-12] INFO  a.a.LocalActorRef akka://worker/user/watcher/processing-watcher/graph/graph/$Jb - Starting...
11:35:07.653 [worker-akka.actor.default-dispatcher-12] INFO  a.a.LocalActorRef akka://worker/user/watcher/processing-watcher/graph/graph/$Kb - Starting...
11:35:07.655 [worker-akka.actor.default-dispatcher-12] INFO  a.a.LocalActorRef akka://worker/user/watcher/processing-watcher/graph/graph/$Lb - Starting...
11:35:07.657 [worker-akka.actor.default-dispatcher-12] INFO  a.a.LocalActorRef akka://worker/user/watcher/processing-watcher/graph/graph/$Mb - Starting...
11:35:07.665 [worker-akka.actor.default-dispatcher-12] INFO  a.a.LocalActorRef akka://worker/user/watcher/processing-watcher/graph/graph/$Nb - Starting...
11:35:07.715 [worker-akka.actor.default-dispatcher-12] INFO  a.a.LocalActorRef akka://worker/user/watcher/processing-watcher/graph/graph/$Nb - Attached rear to graph (-9223372036854775808, min@min)
2019-10-10T11:35:22.748+0000: 29.993: [GC (Allocation Failure) 2019-10-10T11:35:22.749+0000: 29.993: [DefNew: 409600K->32199K(460800K), 0.0724295 secs] 435528K->58128K(1484800K), 0.0725351 secs] [Times: user=0.07 sys=0.01, real=0.08 secs] 
2019-10-10T11:35:34.837+0000: 42.082: [GC (Allocation Failure) 2019-10-10T11:35:34.837+0000: 42.082: [DefNew: 441799K->1247K(460800K), 0.0380478 secs] 467728K->56077K(1484800K), 0.0381497 secs] [Times: user=0.01 sys=0.02, real=0.04 secs] 
2019-10-10T11:35:43.399+0000: 50.644: [GC (Allocation Failure) 2019-10-10T11:35:43.399+0000: 50.644: [DefNew: 410847K->1438K(460800K), 0.0091586 secs] 465677K->56269K(1484800K), 0.0092857 secs] [Times: user=0.01 sys=0.00, real=0.01 secs] 
2019-10-10T11:35:49.772+0000: 57.017: [GC (Allocation Failure) 2019-10-10T11:35:49.772+0000: 57.017: [DefNew: 411038K->1340K(460800K), 0.0056665 secs] 465869K->56170K(1484800K), 0.0057664 secs] [Times: user=0.00 sys=0.00, real=0.01 secs] 
2019-10-10T11:35:58.701+0000: 65.946: [GC (Allocation Failure) 2019-10-10T11:35:58.701+0000: 65.946: [DefNew: 410940K->1858K(460800K), 0.0062410 secs] 465770K->56689K(1484800K), 0.0063400 secs] [Times: user=0.01 sys=0.00, real=0.00 secs] 
2019-10-10T11:36:08.327+0000: 75.572: [GC (Allocation Failure) 2019-10-10T11:36:08.328+0000: 75.572: [DefNew: 411458K->1691K(460800K), 0.0047966 secs] 466289K->56521K(1484800K), 0.0049117 secs] [Times: user=0.00 sys=0.00, real=0.00 secs] 
2019-10-10T11:36:16.131+0000: 83.376: [GC (Allocation Failure) 2019-10-10T11:36:16.132+0000: 83.376: [DefNew: 411291K->1615K(460800K), 0.0044981 secs] 466121K->56446K(1484800K), 0.0046013 secs] [Times: user=0.00 sys=0.00, real=0.01 secs] 
2019-10-10T11:36:23.061+0000: 90.306: [GC (Allocation Failure) 2019-10-10T11:36:23.061+0000: 90.306: [DefNew: 411215K->1627K(460800K), 0.0045460 secs] 466046K->56457K(1484800K), 0.0046590 secs] [Times: user=0.00 sys=0.01, real=0.00 secs] 
2019-10-10T11:36:30.337+0000: 97.582: [GC (Allocation Failure) 2019-10-10T11:36:30.337+0000: 97.582: [DefNew: 411227K->1620K(460800K), 0.0045551 secs] 466057K->56451K(1484800K), 0.0046543 secs] [Times: user=0.01 sys=0.00, real=0.01 secs] 
2019-10-10T11:36:38.011+0000: 105.256: [GC (Allocation Failure) 2019-10-10T11:36:38.011+0000: 105.256: [DefNew: 411220K->1619K(460800K), 0.0046068 secs] 466051K->56450K(1484800K), 0.0047082 secs] [Times: user=0.00 sys=0.01, real=0.01 secs] 
2019-10-10T11:36:45.278+0000: 112.523: [GC (Allocation Failure) 2019-10-10T11:36:45.279+0000: 112.523: [DefNew: 411219K->1619K(460800K), 0.0045292 secs] 466050K->56450K(1484800K), 0.0046374 secs] [Times: user=0.01 sys=0.00, real=0.01 secs] 
2019-10-10T11:36:52.546+0000: 119.791: [GC (Allocation Failure) 2019-10-10T11:36:52.546+0000: 119.791: [DefNew: 411219K->1655K(460800K), 0.0046373 secs] 466050K->56485K(1484800K), 0.0047386 secs] [Times: user=0.01 sys=0.00, real=0.00 secs] 
2019-10-10T11:37:00.300+0000: 127.545: [GC (Allocation Failure) 2019-10-10T11:37:00.300+0000: 127.545: [DefNew: 411255K->1682K(460800K), 0.0047709 secs] 466085K->56512K(1484800K), 0.0048874 secs] [Times: user=0.01 sys=0.00, real=0.01 secs] 
2019-10-10T11:37:07.602+0000: 134.847: [GC (Allocation Failure) 2019-10-10T11:37:07.602+0000: 134.847: [DefNew: 411282K->1701K(460800K), 0.0046974 secs] 466112K->56531K(1484800K), 0.0048010 secs] [Times: user=0.00 sys=0.00, real=0.00 secs] 
2019-10-10T11:37:14.869+0000: 142.113: [GC (Allocation Failure) 2019-10-10T11:37:14.869+0000: 142.113: [DefNew: 411301K->1783K(460800K), 0.0045831 secs] 466131K->56613K(1484800K), 0.0046773 secs] [Times: user=0.00 sys=0.00, real=0.01 secs] 
2019-10-10T11:37:22.238+0000: 149.483: [GC (Allocation Failure) 2019-10-10T11:37:22.238+0000: 149.483: [DefNew: 411383K->1692K(460800K), 0.0046460 secs] 466213K->56523K(1484800K), 0.0047433 secs] [Times: user=0.01 sys=0.00, real=0.01 secs] 
2019-10-10T11:37:29.962+0000: 157.206: [GC (Allocation Failure) 2019-10-10T11:37:29.962+0000: 157.206: [DefNew: 411292K->1471K(460800K), 0.0051396 secs] 466123K->56537K(1484800K), 0.0052356 secs] [Times: user=0.00 sys=0.00, real=0.00 secs] 
2019-10-10T11:37:37.269+0000: 164.513: [GC (Allocation Failure) 2019-10-10T11:37:37.269+0000: 164.513: [DefNew: 411071K->1290K(460800K), 0.0047088 secs] 466137K->56513K(1484800K), 0.0048165 secs] [Times: user=0.00 sys=0.00, real=0.01 secs] 
2019-10-10T11:37:44.811+0000: 172.055: [GC (Allocation Failure) 2019-10-10T11:37:44.811+0000: 172.055: [DefNew: 410890K->1168K(460800K), 0.0043209 secs] 466113K->56515K(1484800K), 0.0044123 secs] [Times: user=0.00 sys=0.00, real=0.01 secs] 
2019-10-10T11:37:52.368+0000: 179.613: [GC (Allocation Failure) 2019-10-10T11:37:52.368+0000: 179.613: [DefNew: 410768K->207K(460800K), 0.0045857 secs] 466115K->56514K(1484800K), 0.0046927 secs] [Times: user=0.00 sys=0.00, real=0.01 secs] 
2019-10-10T11:37:59.582+0000: 186.827: [GC (Allocation Failure) 2019-10-10T11:37:59.582+0000: 186.827: [DefNew: 409807K->416K(460800K), 0.0035194 secs] 466114K->56725K(1484800K), 0.0036234 secs] [Times: user=0.00 sys=0.00, real=0.00 secs] 
2019-10-10T11:38:06.842+0000: 194.087: [GC (Allocation Failure) 2019-10-10T11:38:06.842+0000: 194.087: [DefNew: 410016K->341K(460800K), 0.0030525 secs] 466325K->56652K(1484800K), 0.0031451 secs] [Times: user=0.00 sys=0.00, real=0.00 secs] 
2019-10-10T11:38:14.613+0000: 201.858: [GC (Allocation Failure) 2019-10-10T11:38:14.613+0000: 201.858: [DefNew: 409941K->371K(460800K), 0.0030675 secs] 466252K->56687K(1484800K), 0.0031660 secs] [Times: user=0.00 sys=0.00, real=0.00 secs] 
2019-10-10T11:38:21.994+0000: 209.239: [GC (Allocation Failure) 2019-10-10T11:38:21.994+0000: 209.239: [DefNew: 409971K->336K(460800K), 0.0029131 secs] 466287K->56652K(1484800K), 0.0030196 secs] [Times: user=0.00 sys=0.00, real=0.00 secs] 
2019-10-10T11:38:29.281+0000: 216.526: [GC (Allocation Failure) 2019-10-10T11:38:29.281+0000: 216.526: [DefNew: 409936K->413K(460800K), 0.0030831 secs] 466252K->56729K(1484800K), 0.0031740 secs] [Times: user=0.00 sys=0.00, real=0.00 secs] 
2019-10-10T11:38:37.023+0000: 224.268: [GC (Allocation Failure) 2019-10-10T11:38:37.023+0000: 224.268: [DefNew: 410013K->384K(460800K), 0.0030300 secs] 466329K->56700K(1484800K), 0.0031233 secs] [Times: user=0.00 sys=0.00, real=0.00 secs] 
2019-10-10T11:38:44.342+0000: 231.587: [GC (Allocation Failure) 2019-10-10T11:38:44.342+0000: 231.587: [DefNew: 409984K->340K(460800K), 0.0032227 secs] 466300K->56656K(1484800K), 0.0033169 secs] [Times: user=0.00 sys=0.00, real=0.00 secs] 
2019-10-10T11:38:51.621+0000: 238.866: [GC (Allocation Failure) 2019-10-10T11:38:51.621+0000: 238.866: [DefNew: 409940K->279K(460800K), 0.0030148 secs] 466256K->56655K(1484800K), 0.0031208 secs] [Times: user=0.01 sys=0.00, real=0.00 secs] 
2019-10-10T11:38:58.873+0000: 246.118: [GC (Allocation Failure) 2019-10-10T11:38:58.873+0000: 246.118: [DefNew: 409879K->301K(460800K), 0.0029763 secs] 466255K->56678K(1484800K), 0.0030847 secs] [Times: user=0.00 sys=0.00, real=0.00 secs] 
2019-10-10T11:39:06.579+0000: 253.824: [GC (Allocation Failure) 2019-10-10T11:39:06.579+0000: 253.824: [DefNew: 409901K->300K(460800K), 0.0029132 secs] 466278K->56678K(1484800K), 0.0030081 secs] [Times: user=0.01 sys=0.00, real=0.01 secs] 
2019-10-10T11:39:13.829+0000: 261.074: [GC (Allocation Failure) 2019-10-10T11:39:13.829+0000: 261.074: [DefNew: 409900K->341K(460800K), 0.0029321 secs] 466278K->56719K(1484800K), 0.0030331 secs] [Times: user=0.01 sys=0.00, real=0.00 secs] 
2019-10-10T11:39:21.068+0000: 268.313: [GC (Allocation Failure) 2019-10-10T11:39:21.068+0000: 268.313: [DefNew: 409941K->321K(460800K), 0.0028260 secs] 466319K->56699K(1484800K), 0.0029244 secs] [Times: user=0.01 sys=0.00, real=0.00 secs] 
2019-10-10T11:39:28.870+0000: 276.115: [GC (Allocation Failure) 2019-10-10T11:39:28.870+0000: 276.115: [DefNew: 409921K->306K(460800K), 0.0032150 secs] 466299K->56683K(1484800K), 0.0033170 secs] [Times: user=0.01 sys=0.00, real=0.01 secs] 
2019-10-10T11:39:36.157+0000: 283.402: [GC (Allocation Failure) 2019-10-10T11:39:36.157+0000: 283.402: [DefNew: 409906K->301K(460800K), 0.0032158 secs] 466283K->56678K(1484800K), 0.0033286 secs] [Times: user=0.00 sys=0.00, real=0.00 secs] 
2019-10-10T11:39:43.606+0000: 290.851: [GC (Allocation Failure) 2019-10-10T11:39:43.606+0000: 290.851: [DefNew: 409901K->389K(460800K), 0.0031921 secs] 466278K->56767K(1484800K), 0.0032913 secs] [Times: user=0.01 sys=0.00, real=0.00 secs] 
2019-10-10T11:39:51.215+0000: 298.460: [GC (Allocation Failure) 2019-10-10T11:39:51.215+0000: 298.460: [DefNew: 409989K->187K(460800K), 0.0034815 secs] 466367K->56704K(1484800K), 0.0035739 secs] [Times: user=0.01 sys=0.00, real=0.00 secs] 
2019-10-10T11:39:58.440+0000: 305.684: [GC (Allocation Failure) 2019-10-10T11:39:58.440+0000: 305.684: [DefNew: 409787K->229K(460800K), 0.0035970 secs] 466304K->56746K(1484800K), 0.0037041 secs] [Times: user=0.00 sys=0.00, real=0.01 secs] 
2019-10-10T11:40:05.704+0000: 312.949: [GC (Allocation Failure) 2019-10-10T11:40:05.704+0000: 312.949: [DefNew: 409829K->193K(460800K), 0.0029306 secs] 466346K->56710K(1484800K), 0.0030278 secs] [Times: user=0.00 sys=0.00, real=0.00 secs] 
2019-10-10T11:40:12.983+0000: 320.228: [GC (Allocation Failure) 2019-10-10T11:40:12.983+0000: 320.228: [DefNew: 409793K->189K(460800K), 0.0029423 secs] 466310K->56705K(1484800K), 0.0030342 secs] [Times: user=0.00 sys=0.00, real=0.00 secs] 
2019-10-10T11:40:20.813+0000: 328.058: [GC (Allocation Failure) 2019-10-10T11:40:20.813+0000: 328.058: [DefNew: 409789K->177K(460800K), 0.0026847 secs] 466305K->56694K(1484800K), 0.0027807 secs] [Times: user=0.00 sys=0.00, real=0.00 secs] 
2019-10-10T11:40:28.150+0000: 335.395: [GC (Allocation Failure) 2019-10-10T11:40:28.150+0000: 335.395: [DefNew: 409777K->221K(460800K), 0.0030326 secs] 466294K->56737K(1484800K), 0.0031269 secs] [Times: user=0.00 sys=0.00, real=0.01 secs] 
2019-10-10T11:40:35.379+0000: 342.624: [GC (Allocation Failure) 2019-10-10T11:40:35.380+0000: 342.624: [DefNew: 409821K->178K(460800K), 0.0029153 secs] 466337K->56695K(1484800K), 0.0030084 secs] [Times: user=0.00 sys=0.00, real=0.01 secs] 
2019-10-10T11:40:43.212+0000: 350.457: [GC (Allocation Failure) 2019-10-10T11:40:43.212+0000: 350.457: [DefNew: 409778K->177K(460800K), 0.0027200 secs] 466295K->56695K(1484800K), 0.0028212 secs] [Times: user=0.00 sys=0.00, real=0.01 secs] 
2019-10-10T11:40:50.498+0000: 357.743: [GC (Allocation Failure) 2019-10-10T11:40:50.498+0000: 357.743: [DefNew: 409777K->178K(460800K), 0.0032698 secs] 466295K->56719K(1484800K), 0.0033777 secs] [Times: user=0.00 sys=0.00, real=0.01 secs] 
2019-10-10T11:40:57.710+0000: 364.954: [GC (Allocation Failure) 2019-10-10T11:40:57.710+0000: 364.954: [DefNew: 409778K->230K(460800K), 0.0031309 secs] 466319K->56771K(1484800K), 0.0032252 secs] [Times: user=0.00 sys=0.00, real=0.01 secs] 
2019-10-10T11:41:05.439+0000: 372.683: [GC (Allocation Failure) 2019-10-10T11:41:05.439+0000: 372.683: [DefNew: 409830K->200K(460800K), 0.0030374 secs] 466371K->56741K(1484800K), 0.0031487 secs] [Times: user=0.00 sys=0.00, real=0.01 secs] 
2019-10-10T11:41:12.742+0000: 379.987: [GC (Allocation Failure) 2019-10-10T11:41:12.743+0000: 379.987: [DefNew: 409800K->167K(460800K), 0.0029559 secs] 466341K->56708K(1484800K), 0.0030301 secs] [Times: user=0.00 sys=0.00, real=0.00 secs] 
2019-10-10T11:41:20.063+0000: 387.308: [GC (Allocation Failure) 2019-10-10T11:41:20.063+0000: 387.308: [DefNew: 409767K->245K(460800K), 0.0030170 secs] 466308K->56786K(1484800K), 0.0031135 secs] [Times: user=0.01 sys=0.00, real=0.00 secs] 
2019-10-10T11:41:27.853+0000: 395.098: [GC (Allocation Failure) 2019-10-10T11:41:27.853+0000: 395.098: [DefNew: 409845K->172K(460800K), 0.0028710 secs] 466386K->56713K(1484800K), 0.0029714 secs] [Times: user=0.00 sys=0.00, real=0.00 secs] 
2019-10-10T11:41:35.067+0000: 402.312: [GC (Allocation Failure) 2019-10-10T11:41:35.067+0000: 402.312: [DefNew: 409772K->166K(460800K), 0.0029076 secs] 466313K->56708K(1484800K), 0.0030002 secs] [Times: user=0.00 sys=0.00, real=0.00 secs] 
2019-10-10T11:41:42.305+0000: 409.549: [GC (Allocation Failure) 2019-10-10T11:41:42.305+0000: 409.549: [DefNew: 409766K->166K(460800K), 0.0031718 secs] 466308K->56708K(1484800K), 0.0032691 secs] [Times: user=0.01 sys=0.00, real=0.00 secs] 
2019-10-10T11:41:49.569+0000: 416.813: [GC (Allocation Failure) 2019-10-10T11:41:49.569+0000: 416.813: [DefNew: 409766K->153K(460800K), 0.0029036 secs] 466308K->56710K(1484800K), 0.0030009 secs] [Times: user=0.00 sys=0.00, real=0.00 secs] 
2019-10-10T11:41:57.331+0000: 424.575: [GC (Allocation Failure) 2019-10-10T11:41:57.331+0000: 424.575: [DefNew: 409753K->219K(460800K), 0.0031167 secs] 466310K->56776K(1484800K), 0.0032270 secs] [Times: user=0.00 sys=0.00, real=0.01 secs] 
2019-10-10T11:42:04.601+0000: 431.846: [GC (Allocation Failure) 2019-10-10T11:42:04.601+0000: 431.846: [DefNew: 409819K->172K(460800K), 0.0028183 secs] 466376K->56729K(1484800K), 0.0029058 secs] [Times: user=0.00 sys=0.00, real=0.00 secs] 
2019-10-10T11:42:11.837+0000: 439.082: [GC (Allocation Failure) 2019-10-10T11:42:11.837+0000: 439.082: [DefNew: 409772K->217K(460800K), 0.0029406 secs] 466329K->56775K(1484800K), 0.0030346 secs] [Times: user=0.01 sys=0.00, real=0.00 secs] 
2019-10-10T11:42:19.631+0000: 446.875: [GC (Allocation Failure) 2019-10-10T11:42:19.631+0000: 446.875: [DefNew: 409817K->176K(460800K), 0.0028707 secs] 466375K->56734K(1484800K), 0.0029768 secs] [Times: user=0.01 sys=0.00, real=0.01 secs] 
2019-10-10T11:42:26.930+0000: 454.175: [GC (Allocation Failure) 2019-10-10T11:42:26.930+0000: 454.175: [DefNew: 409776K->216K(460800K), 0.0029475 secs] 466334K->56775K(1484800K), 0.0030471 secs] [Times: user=0.00 sys=0.00, real=0.01 secs] 
11:42:33.640 [worker-akka.actor.default-dispatcher-6] INFO  a.r.a.Association(akka://worker) akka.remote.artery.Association(akka://worker) - Stopping idle outbound stream [2] to [akka://worker@flamestream-benchmarks-worker-0:5412]
2019-10-10T11:42:34.591+0000: 461.836: [GC (Allocation Failure) 2019-10-10T11:42:34.591+0000: 461.836: [DefNew: 409816K->358K(460800K), 0.0034136 secs] 466375K->56917K(1484800K), 0.0035133 secs] [Times: user=0.00 sys=0.00, real=0.01 secs] 
2019-10-10T11:42:41.695+0000: 468.939: [GC (Allocation Failure) 2019-10-10T11:42:41.695+0000: 468.939: [DefNew: 409958K->231K(460800K), 0.0033259 secs] 466517K->56790K(1484800K), 0.0034173 secs] [Times: user=0.01 sys=0.00, real=0.00 secs] 
2019-10-10T11:42:49.191+0000: 476.435: [GC (Allocation Failure) 2019-10-10T11:42:49.191+0000: 476.435: [DefNew: 409831K->243K(460800K), 0.0033177 secs] 466390K->56814K(1484800K), 0.0034217 secs] [Times: user=0.01 sys=0.00, real=0.01 secs] 
2019-10-10T11:42:56.538+0000: 483.783: [GC (Allocation Failure) 2019-10-10T11:42:56.538+0000: 483.783: [DefNew: 409843K->320K(460800K), 0.0033845 secs] 466414K->56891K(1484800K), 0.0034830 secs] [Times: user=0.01 sys=0.00, real=0.01 secs] 
2019-10-10T11:43:03.786+0000: 491.031: [GC (Allocation Failure) 2019-10-10T11:43:03.786+0000: 491.031: [DefNew: 409920K->241K(460800K), 0.0030636 secs] 466491K->56812K(1484800K), 0.0031694 secs] [Times: user=0.01 sys=0.00, real=0.00 secs] 
2019-10-10T11:43:11.551+0000: 498.796: [GC (Allocation Failure) 2019-10-10T11:43:11.551+0000: 498.796: [DefNew: 409841K->240K(460800K), 0.0031300 secs] 466412K->56812K(1484800K), 0.0032458 secs] [Times: user=0.01 sys=0.00, real=0.01 secs] 
2019-10-10T11:43:18.807+0000: 506.052: [GC (Allocation Failure) 2019-10-10T11:43:18.807+0000: 506.052: [DefNew: 409840K->242K(460800K), 0.0029963 secs] 466412K->56814K(1484800K), 0.0030773 secs] [Times: user=0.00 sys=0.00, real=0.00 secs] 
2019-10-10T11:43:26.103+0000: 513.347: [GC (Allocation Failure) 2019-10-10T11:43:26.103+0000: 513.347: [DefNew: 409842K->282K(460800K), 0.0031800 secs] 466414K->56854K(1484800K), 0.0032751 secs] [Times: user=0.01 sys=0.00, real=0.00 secs] 
2019-10-10T11:43:33.861+0000: 521.106: [GC (Allocation Failure) 2019-10-10T11:43:33.862+0000: 521.106: [DefNew: 409882K->256K(460800K), 0.0031591 secs] 466454K->56828K(1484800K), 0.0032607 secs] [Times: user=0.00 sys=0.00, real=0.00 secs] 
2019-10-10T11:43:41.152+0000: 528.397: [GC (Allocation Failure) 2019-10-10T11:43:41.153+0000: 528.397: [DefNew: 409856K->276K(460800K), 0.0031841 secs] 466428K->56848K(1484800K), 0.0032942 secs] [Times: user=0.01 sys=0.00, real=0.01 secs] 
2019-10-10T11:43:48.395+0000: 535.639: [GC (Allocation Failure) 2019-10-10T11:43:48.395+0000: 535.639: [DefNew: 409876K->223K(460800K), 0.0031965 secs] 466448K->56814K(1484800K), 0.0032810 secs] [Times: user=0.01 sys=0.00, real=0.00 secs] 
2019-10-10T11:43:56.130+0000: 543.375: [GC (Allocation Failure) 2019-10-10T11:43:56.130+0000: 543.375: [DefNew: 409823K->233K(460800K), 0.0032534 secs] 466414K->56825K(1484800K), 0.0033487 secs] [Times: user=0.00 sys=0.00, real=0.01 secs] 
2019-10-10T11:44:03.437+0000: 550.681: [GC (Allocation Failure) 2019-10-10T11:44:03.437+0000: 550.682: [DefNew: 409833K->232K(460800K), 0.0031074 secs] 466425K->56823K(1484800K), 0.0031968 secs] [Times: user=0.00 sys=0.00, real=0.00 secs] 
2019-10-10T11:44:10.741+0000: 557.986: [GC (Allocation Failure) 2019-10-10T11:44:10.741+0000: 557.986: [DefNew: 409832K->232K(460800K), 0.0031108 secs] 466423K->56825K(1484800K), 0.0032081 secs] [Times: user=0.00 sys=0.00, real=0.00 secs] 
2019-10-10T11:44:17.940+0000: 565.185: [GC (Allocation Failure) 2019-10-10T11:44:17.940+0000: 565.185: [DefNew: 409832K->289K(460800K), 0.0031791 secs] 466425K->56882K(1484800K), 0.0032717 secs] [Times: user=0.00 sys=0.01, real=0.01 secs] 
2019-10-10T11:44:25.675+0000: 572.920: [GC (Allocation Failure) 2019-10-10T11:44:25.675+0000: 572.920: [DefNew: 409889K->197K(460800K), 0.0032758 secs] 466482K->56837K(1484800K), 0.0033697 secs] [Times: user=0.01 sys=0.00, real=0.00 secs] 
2019-10-10T11:44:32.986+0000: 580.231: [GC (Allocation Failure) 2019-10-10T11:44:32.987+0000: 580.231: [DefNew: 409797K->216K(460800K), 0.0030622 secs] 466437K->56866K(1484800K), 0.0031603 secs] [Times: user=0.00 sys=0.00, real=0.00 secs] 
2019-10-10T11:44:40.311+0000: 587.556: [GC (Allocation Failure) 2019-10-10T11:44:40.311+0000: 587.556: [DefNew: 409816K->179K(460800K), 0.0030442 secs] 466466K->56828K(1484800K), 0.0031428 secs] [Times: user=0.00 sys=0.00, real=0.01 secs] 
2019-10-10T11:44:48.032+0000: 595.276: [GC (Allocation Failure) 2019-10-10T11:44:48.032+0000: 595.276: [DefNew: 409779K->153K(460800K), 0.0028601 secs] 466428K->56829K(1484800K), 0.0029449 secs] [Times: user=0.00 sys=0.00, real=0.01 secs] 
2019-10-10T11:44:55.339+0000: 602.584: [GC (Allocation Failure) 2019-10-10T11:44:55.339+0000: 602.584: [DefNew: 409753K->162K(460800K), 0.0028990 secs] 466429K->56838K(1484800K), 0.0029906 secs] [Times: user=0.00 sys=0.00, real=0.01 secs] 
2019-10-10T11:45:02.636+0000: 609.880: [GC (Allocation Failure) 2019-10-10T11:45:02.636+0000: 609.880: [DefNew: 409762K->160K(460800K), 0.0028163 secs] 466438K->56836K(1484800K), 0.0029071 secs] [Times: user=0.00 sys=0.00, real=0.00 secs] 
2019-10-10T11:45:10.281+0000: 617.526: [GC (Allocation Failure) 2019-10-10T11:45:10.281+0000: 617.526: [DefNew: 409760K->158K(460800K), 0.0027127 secs] 466436K->56835K(1484800K), 0.0028127 secs] [Times: user=0.00 sys=0.00, real=0.00 secs] 
2019-10-10T11:45:17.638+0000: 624.883: [GC (Allocation Failure) 2019-10-10T11:45:17.638+0000: 624.883: [DefNew: 409758K->204K(460800K), 0.0029278 secs] 466435K->56881K(1484800K), 0.0030439 secs] [Times: user=0.00 sys=0.00, real=0.01 secs] 
2019-10-10T11:45:24.948+0000: 632.192: [GC (Allocation Failure) 2019-10-10T11:45:24.948+0000: 632.193: [DefNew: 409804K->158K(460800K), 0.0027661 secs] 466481K->56835K(1484800K), 0.0028564 secs] [Times: user=0.00 sys=0.00, real=0.00 secs] 
2019-10-10T11:45:32.711+0000: 639.956: [GC (Allocation Failure) 2019-10-10T11:45:32.711+0000: 639.956: [DefNew: 409758K->159K(460800K), 0.0028393 secs] 466435K->56836K(1484800K), 0.0029337 secs] [Times: user=0.00 sys=0.00, real=0.01 secs] 
2019-10-10T11:45:40.016+0000: 647.261: [GC (Allocation Failure) 2019-10-10T11:45:40.017+0000: 647.261: [DefNew: 409759K->182K(460800K), 0.0029746 secs] 466436K->56860K(1484800K), 0.0030672 secs] [Times: user=0.00 sys=0.00, real=0.00 secs] 
2019-10-10T11:45:47.314+0000: 654.558: [GC (Allocation Failure) 2019-10-10T11:45:47.314+0000: 654.558: [DefNew: 409782K->148K(460800K), 0.0028787 secs] 466460K->56836K(1484800K), 0.0029881 secs] [Times: user=0.00 sys=0.00, real=0.00 secs] 
2019-10-10T11:45:54.808+0000: 662.053: [GC (Allocation Failure) 2019-10-10T11:45:54.808+0000: 662.053: [DefNew: 409748K->226K(460800K), 0.0031520 secs] 466436K->56914K(1484800K), 0.0032498 secs] [Times: user=0.00 sys=0.00, real=0.00 secs] 
2019-10-10T11:46:02.313+0000: 669.558: [GC (Allocation Failure) 2019-10-10T11:46:02.313+0000: 669.558: [DefNew: 409826K->157K(460800K), 0.0028185 secs] 466514K->56846K(1484800K), 0.0029148 secs] [Times: user=0.01 sys=0.00, real=0.00 secs] 
2019-10-10T11:46:09.597+0000: 676.842: [GC (Allocation Failure) 2019-10-10T11:46:09.597+0000: 676.842: [DefNew: 409757K->230K(460800K), 0.0028063 secs] 466446K->56918K(1484800K), 0.0028980 secs] [Times: user=0.01 sys=0.00, real=0.00 secs] 
2019-10-10T11:46:16.928+0000: 684.172: [GC (Allocation Failure) 2019-10-10T11:46:16.928+0000: 684.172: [DefNew: 409830K->210K(460800K), 0.0029307 secs] 466518K->56898K(1484800K), 0.0030135 secs] [Times: user=0.01 sys=0.00, real=0.00 secs] 
2019-10-10T11:46:24.639+0000: 691.883: [GC (Allocation Failure) 2019-10-10T11:46:24.639+0000: 691.883: [DefNew: 409810K->173K(460800K), 0.0028327 secs] 466498K->56864K(1484800K), 0.0029366 secs] [Times: user=0.01 sys=0.00, real=0.01 secs] 
2019-10-10T11:46:31.984+0000: 699.229: [GC (Allocation Failure) 2019-10-10T11:46:31.984+0000: 699.229: [DefNew: 409773K->156K(460800K), 0.0027098 secs] 466464K->56847K(1484800K), 0.0028043 secs] [Times: user=0.00 sys=0.00, real=0.00 secs] 
2019-10-10T11:46:39.307+0000: 706.552: [GC (Allocation Failure) 2019-10-10T11:46:39.307+0000: 706.552: [DefNew: 409756K->177K(460800K), 0.0029193 secs] 466447K->56868K(1484800K), 0.0030398 secs] [Times: user=0.00 sys=0.00, real=0.00 secs] 
2019-10-10T11:46:47.166+0000: 714.410: [GC (Allocation Failure) 2019-10-10T11:46:47.166+0000: 714.410: [DefNew: 409777K->157K(460800K), 0.0027778 secs] 466468K->56848K(1484800K), 0.0028666 secs] [Times: user=0.00 sys=0.00, real=0.00 secs] 
2019-10-10T11:46:54.410+0000: 721.655: [GC (Allocation Failure) 2019-10-10T11:46:54.410+0000: 721.655: [DefNew: 409757K->149K(460800K), 0.0029415 secs] 466448K->56848K(1484800K), 0.0030299 secs] [Times: user=0.00 sys=0.00, real=0.01 secs] 
2019-10-10T11:47:01.686+0000: 728.931: [GC (Allocation Failure) 2019-10-10T11:47:01.686+0000: 728.931: [DefNew: 409749K->157K(460800K), 0.0028041 secs] 466448K->56856K(1484800K), 0.0028941 secs] [Times: user=0.00 sys=0.00, real=0.00 secs] 
2019-10-10T11:47:09.424+0000: 736.668: [GC (Allocation Failure) 2019-10-10T11:47:09.424+0000: 736.668: [DefNew: 409757K->169K(460800K), 0.0029105 secs] 466456K->56868K(1484800K), 0.0030037 secs] [Times: user=0.00 sys=0.00, real=0.00 secs] 
2019-10-10T11:47:16.722+0000: 743.966: [GC (Allocation Failure) 2019-10-10T11:47:16.722+0000: 743.966: [DefNew: 409769K->156K(460800K), 0.0028612 secs] 466468K->56855K(1484800K), 0.0029596 secs] [Times: user=0.00 sys=0.00, real=0.00 secs] 
2019-10-10T11:47:23.970+0000: 751.214: [GC (Allocation Failure) 2019-10-10T11:47:23.970+0000: 751.215: [DefNew: 409756K->169K(460800K), 0.0028299 secs] 466455K->56868K(1484800K), 0.0029301 secs] [Times: user=0.00 sys=0.00, real=0.01 secs] 
2019-10-10T11:47:31.804+0000: 759.049: [GC (Allocation Failure) 2019-10-10T11:47:31.804+0000: 759.049: [DefNew: 409769K->194K(460800K), 0.0028433 secs] 466468K->56893K(1484800K), 0.0029406 secs] [Times: user=0.00 sys=0.00, real=0.00 secs] 
2019-10-10T11:47:39.086+0000: 766.331: [GC (Allocation Failure) 2019-10-10T11:47:39.087+0000: 766.331: [DefNew: 409794K->157K(460800K), 0.0027606 secs] 466493K->56856K(1484800K), 0.0028467 secs] [Times: user=0.01 sys=0.00, real=0.00 secs] 
2019-10-10T11:47:46.416+0000: 773.661: [GC (Allocation Failure) 2019-10-10T11:47:46.416+0000: 773.661: [DefNew: 409757K->216K(460800K), 0.0028653 secs] 466456K->56917K(1484800K), 0.0029560 secs] [Times: user=0.01 sys=0.00, real=0.00 secs] 
2019-10-10T11:47:54.127+0000: 781.371: [GC (Allocation Failure) 2019-10-10T11:47:54.127+0000: 781.371: [DefNew: 409816K->147K(460800K), 0.0028675 secs] 466517K->56856K(1484800K), 0.0029591 secs] [Times: user=0.00 sys=0.00, real=0.00 secs] 
2019-10-10T11:48:01.365+0000: 788.610: [GC (Allocation Failure) 2019-10-10T11:48:01.365+0000: 788.610: [DefNew: 409747K->179K(460800K), 0.0033203 secs] 466456K->56889K(1484800K), 0.0034355 secs] [Times: user=0.00 sys=0.00, real=0.00 secs] 
2019-10-10T11:48:08.646+0000: 795.891: [GC (Allocation Failure) 2019-10-10T11:48:08.646+0000: 795.891: [DefNew: 409779K->158K(460800K), 0.0028167 secs] 466489K->56868K(1484800K), 0.0029069 secs] [Times: user=0.00 sys=0.00, real=0.00 secs] 
2019-10-10T11:48:15.971+0000: 803.216: [GC (Allocation Failure) 2019-10-10T11:48:15.971+0000: 803.216: [DefNew: 409758K->155K(460800K), 0.0028178 secs] 466468K->56865K(1484800K), 0.0029136 secs] [Times: user=0.00 sys=0.00, real=0.01 secs] 
2019-10-10T11:48:23.789+0000: 811.034: [GC (Allocation Failure) 2019-10-10T11:48:23.789+0000: 811.034: [DefNew: 409755K->176K(460800K), 0.0027717 secs] 466465K->56886K(1484800K), 0.0028517 secs] [Times: user=0.00 sys=0.00, real=0.00 secs] 
2019-10-10T11:48:30.993+0000: 818.237: [GC (Allocation Failure) 2019-10-10T11:48:30.993+0000: 818.238: [DefNew: 409776K->221K(460800K), 0.0030035 secs] 466486K->56930K(1484800K), 0.0031021 secs] [Times: user=0.01 sys=0.00, real=0.00 secs] 
2019-10-10T11:48:38.285+0000: 825.529: [GC (Allocation Failure) 2019-10-10T11:48:38.285+0000: 825.529: [DefNew: 409821K->191K(460800K), 0.0029211 secs] 466530K->56901K(1484800K), 0.0030678 secs] [Times: user=0.00 sys=0.00, real=0.00 secs] 
2019-10-10T11:48:46.069+0000: 833.314: [GC (Allocation Failure) 2019-10-10T11:48:46.069+0000: 833.314: [DefNew: 409791K->156K(460800K), 0.0028508 secs] 466501K->56866K(1484800K), 0.0029542 secs] [Times: user=0.00 sys=0.00, real=0.00 secs] 
2019-10-10T11:48:53.379+0000: 840.624: [GC (Allocation Failure) 2019-10-10T11:48:53.379+0000: 840.624: [DefNew: 409756K->184K(460800K), 0.0029254 secs] 466466K->56903K(1484800K), 0.0030041 secs] [Times: user=0.00 sys=0.00, real=0.01 secs] 
2019-10-10T11:49:00.589+0000: 847.834: [GC (Allocation Failure) 2019-10-10T11:49:00.589+0000: 847.834: [DefNew: 409784K->240K(460800K), 0.0031010 secs] 466503K->56959K(1484800K), 0.0032050 secs] [Times: user=0.00 sys=0.00, real=0.00 secs] 
2019-10-10T11:49:08.314+0000: 855.559: [GC (Allocation Failure) 2019-10-10T11:49:08.314+0000: 855.559: [DefNew: 409840K->156K(460800K), 0.0027363 secs] 466559K->56875K(1484800K), 0.0028565 secs] [Times: user=0.00 sys=0.01, real=0.00 secs] 
2019-10-10T11:49:15.619+0000: 862.863: [GC (Allocation Failure) 2019-10-10T11:49:15.619+0000: 862.863: [DefNew: 409756K->157K(460800K), 0.0031623 secs] 466475K->56876K(1484800K), 0.0032579 secs] [Times: user=0.01 sys=0.00, real=0.01 secs] 
2019-10-10T11:49:22.923+0000: 870.168: [GC (Allocation Failure) 2019-10-10T11:49:22.923+0000: 870.168: [DefNew: 409757K->155K(460800K), 0.0027047 secs] 466476K->56874K(1484800K), 0.0027860 secs] [Times: user=0.01 sys=0.00, real=0.00 secs] 
2019-10-10T11:49:30.111+0000: 877.356: [GC (Allocation Failure) 2019-10-10T11:49:30.111+0000: 877.356: [DefNew: 409755K->210K(460800K), 0.0028463 secs] 466474K->56929K(1484800K), 0.0029620 secs] [Times: user=0.01 sys=0.00, real=0.01 secs] 
2019-10-10T11:49:37.981+0000: 885.226: [GC (Allocation Failure) 2019-10-10T11:49:37.981+0000: 885.226: [DefNew: 409810K->154K(460800K), 0.0026756 secs] 466529K->56874K(1484800K), 0.0027812 secs] [Times: user=0.01 sys=0.00, real=0.00 secs] 
2019-10-10T11:49:45.274+0000: 892.519: [GC (Allocation Failure) 2019-10-10T11:49:45.274+0000: 892.519: [DefNew: 409754K->155K(460800K), 0.0028458 secs] 466474K->56874K(1484800K), 0.0029420 secs] [Times: user=0.00 sys=0.00, real=0.00 secs] 
2019-10-10T11:49:52.525+0000: 899.770: [GC (Allocation Failure) 2019-10-10T11:49:52.525+0000: 899.770: [DefNew: 409755K->175K(460800K), 0.0028590 secs] 466474K->56904K(1484800K), 0.0029593 secs] [Times: user=0.01 sys=0.00, real=0.00 secs] 
2019-10-10T11:50:00.288+0000: 907.533: [GC (Allocation Failure) 2019-10-10T11:50:00.288+0000: 907.533: [DefNew: 409775K->154K(460800K), 0.0029689 secs] 466504K->56883K(1484800K), 0.0030735 secs] [Times: user=0.00 sys=0.00, real=0.00 secs] 
2019-10-10T11:50:07.641+0000: 914.886: [GC (Allocation Failure) 2019-10-10T11:50:07.641+0000: 914.886: [DefNew: 409754K->155K(460800K), 0.0028517 secs] 466483K->56884K(1484800K), 0.0029695 secs] [Times: user=0.00 sys=0.00, real=0.00 secs] 
2019-10-10T11:50:14.888+0000: 922.133: [GC (Allocation Failure) 2019-10-10T11:50:14.888+0000: 922.133: [DefNew: 409755K->154K(460800K), 0.0027998 secs] 466484K->56883K(1484800K), 0.0028779 secs] [Times: user=0.00 sys=0.00, real=0.00 secs] 
2019-10-10T11:50:22.627+0000: 929.872: [GC (Allocation Failure) 2019-10-10T11:50:22.627+0000: 929.872: [DefNew: 409754K->225K(460800K), 0.0030008 secs] 466483K->56954K(1484800K), 0.0031024 secs] [Times: user=0.00 sys=0.00, real=0.00 secs] 
2019-10-10T11:50:29.927+0000: 937.172: [GC (Allocation Failure) 2019-10-10T11:50:29.927+0000: 937.172: [DefNew: 409825K->180K(460800K), 0.0028178 secs] 466554K->56909K(1484800K), 0.0029144 secs] [Times: user=0.00 sys=0.00, real=0.00 secs] 
2019-10-10T11:50:37.118+0000: 944.363: [GC (Allocation Failure) 2019-10-10T11:50:37.119+0000: 944.363: [DefNew: 409780K->153K(460800K), 0.0026124 secs] 466509K->56882K(1484800K), 0.0027241 secs] [Times: user=0.00 sys=0.00, real=0.01 secs] 
2019-10-10T11:50:44.968+0000: 952.213: [GC (Allocation Failure) 2019-10-10T11:50:44.968+0000: 952.213: [DefNew: 409753K->154K(460800K), 0.0028083 secs] 466482K->56883K(1484800K), 0.0028978 secs] [Times: user=0.00 sys=0.00, real=0.00 secs] 
2019-10-10T11:50:52.332+0000: 959.577: [GC (Allocation Failure) 2019-10-10T11:50:52.332+0000: 959.577: [DefNew: 409754K->186K(460800K), 0.0032789 secs] 466483K->56923K(1484800K), 0.0033871 secs] [Times: user=0.00 sys=0.00, real=0.01 secs] 
2019-10-10T11:50:59.645+0000: 966.890: [GC (Allocation Failure) 2019-10-10T11:50:59.645+0000: 966.890: [DefNew: 409786K->193K(460800K), 0.0028803 secs] 466523K->56930K(1484800K), 0.0029767 secs] [Times: user=0.01 sys=0.00, real=0.00 secs] 
2019-10-10T11:51:06.931+0000: 974.176: [GC (Allocation Failure) 2019-10-10T11:51:06.931+0000: 974.176: [DefNew: 409793K->156K(460800K), 0.0028177 secs] 466530K->56893K(1484800K), 0.0029088 secs] [Times: user=0.00 sys=0.00, real=0.01 secs] 
2019-10-10T11:51:14.576+0000: 981.821: [GC (Allocation Failure) 2019-10-10T11:51:14.576+0000: 981.821: [DefNew: 409756K->160K(460800K), 0.0027495 secs] 466493K->56896K(1484800K), 0.0028335 secs] [Times: user=0.00 sys=0.00, real=0.00 secs] 
2019-10-10T11:51:21.868+0000: 989.112: [GC (Allocation Failure) 2019-10-10T11:51:21.868+0000: 989.112: [DefNew: 409760K->201K(460800K), 0.0028923 secs] 466496K->56937K(1484800K), 0.0029811 secs] [Times: user=0.00 sys=0.00, real=0.00 secs] 
2019-10-10T11:51:29.182+0000: 996.427: [GC (Allocation Failure) 2019-10-10T11:51:29.182+0000: 996.427: [DefNew: 409801K->155K(460800K), 0.0028267 secs] 466537K->56892K(1484800K), 0.0029226 secs] [Times: user=0.00 sys=0.00, real=0.00 secs] 
2019-10-10T11:51:36.934+0000: 1004.179: [GC (Allocation Failure) 2019-10-10T11:51:36.934+0000: 1004.179: [DefNew: 409755K->156K(460800K), 0.0028574 secs] 466492K->56893K(1484800K), 0.0029485 secs] [Times: user=0.00 sys=0.00, real=0.00 secs] 
2019-10-10T11:51:44.179+0000: 1011.424: [GC (Allocation Failure) 2019-10-10T11:51:44.179+0000: 1011.424: [DefNew: 409756K->169K(460800K), 0.0027900 secs] 466493K->56905K(1484800K), 0.0028783 secs] [Times: user=0.00 sys=0.00, real=0.01 secs] 
11:51:50.321 [Client] INFO  c.s.f.r.e.s.SocketRear  - FlameSocketGraphDeployerRear@flamestream-benchmarks-worker-13: has been disconnected from Connection 11
11:51:50.329 [Client] INFO  c.s.f.r.e.s.SocketFront  - FlameSocketGraphDeployerFront@flamestream-benchmarks-worker-13 has been disconnected from Connection 11
11:51:54.749 [worker-akka.actor.default-dispatcher-6] INFO  a.r.a.Association(akka://worker) akka.remote.artery.Association(akka://worker) - Association to [akka://worker@flamestream-benchmarks-worker-1:5412] having UID [-1841295077369734911] has been stopped. All messages to this UID will be delivered to dead letters. Reason: ActorSystem terminated
11:51:54.909 [worker-akka.actor.default-dispatcher-6] INFO  a.r.a.Association(akka://worker) akka.remote.artery.Association(akka://worker) - Association to [akka://worker@flamestream-benchmarks-worker-2:5412] having UID [6444600634398261218] has been stopped. All messages to this UID will be delivered to dead letters. Reason: ActorSystem terminated
11:51:55.049 [worker-akka.actor.default-dispatcher-6] INFO  a.r.a.Association(akka://worker) akka.remote.artery.Association(akka://worker) - Association to [akka://worker@flamestream-benchmarks-worker-4:5412] having UID [8035050663617044396] has been stopped. All messages to this UID will be delivered to dead letters. Reason: ActorSystem terminated
11:51:55.079 [worker-akka.actor.default-dispatcher-6] INFO  a.r.a.Association(akka://worker) akka.remote.artery.Association(akka://worker) - Association to [akka://worker@flamestream-benchmarks-worker-3:5412] having UID [-4933178446897725924] has been stopped. All messages to this UID will be delivered to dead letters. Reason: ActorSystem terminated
11:51:55.609 [worker-akka.actor.default-dispatcher-6] INFO  a.r.a.Association(akka://worker) akka.remote.artery.Association(akka://worker) - Association to [akka://worker@flamestream-benchmarks-worker-0:5412] having UID [3620502731318403711] has been stopped. All messages to this UID will be delivered to dead letters. Reason: ActorSystem terminated
11:51:56.128 [worker-akka.actor.default-dispatcher-6] INFO  a.r.a.Association(akka://worker) akka.remote.artery.Association(akka://worker) - Association to [akka://worker@flamestream-benchmarks-worker-5:5412] having UID [4120531977976955677] has been stopped. All messages to this UID will be delivered to dead letters. Reason: ActorSystem terminated
11:51:56.149 [worker-akka.actor.default-dispatcher-6] INFO  a.r.a.Association(akka://worker) akka.remote.artery.Association(akka://worker) - Association to [akka://worker@flamestream-benchmarks-worker-6:5412] having UID [4037409460353836698] has been stopped. All messages to this UID will be delivered to dead letters. Reason: ActorSystem terminated
11:51:56.279 [worker-akka.actor.default-dispatcher-6] INFO  a.r.a.Association(akka://worker) akka.remote.artery.Association(akka://worker) - Association to [akka://worker@flamestream-benchmarks-worker-8:5412] having UID [1320043002536413206] has been stopped. All messages to this UID will be delivered to dead letters. Reason: ActorSystem terminated
11:51:56.319 [worker-akka.actor.default-dispatcher-6] INFO  a.r.a.Association(akka://worker) akka.remote.artery.Association(akka://worker) - Association to [akka://worker@flamestream-benchmarks-worker-7:5412] having UID [-5519852423143450638] has been stopped. All messages to this UID will be delivered to dead letters. Reason: ActorSystem terminated
11:51:56.597 [worker-akka.actor.default-dispatcher-6] INFO  a.a.LocalActorRef akka://worker/user/watcher/processing-watcher/graph/edge/FlameSocketGraphDeployerRear - Stopped
11:51:56.600 [worker-akka.actor.default-dispatcher-6] INFO  a.a.LocalActorRef akka://worker/user/watcher/processing-watcher/graph/negotiator - Stopped
11:51:56.617 [worker-akka.actor.default-dispatcher-9] INFO  a.a.LocalActorRef akka://worker/user/watcher/processing-watcher/graph/edge/FlameSocketGraphDeployerFront - Stopped
11:51:56.622 [worker-akka.actor.default-dispatcher-13] INFO  a.a.LocalActorRef akka://worker/user/watcher/processing-watcher/graph/graph/$+ - Stopped
11:51:56.622 [worker-akka.actor.default-dispatcher-13] INFO  a.a.LocalActorRef akka://worker/user/watcher/processing-watcher/graph/edge - Stopped
11:51:56.623 [worker-akka.actor.default-dispatcher-17] INFO  a.a.LocalActorRef akka://worker/user/watcher/processing-watcher/graph/graph/$0 - Stopped
11:51:56.624 [worker-akka.actor.default-dispatcher-18] INFO  a.a.LocalActorRef akka://worker/user/watcher/processing-watcher/graph/graph/$1 - Stopped
11:51:56.624 [worker-akka.actor.default-dispatcher-18] INFO  a.a.LocalActorRef akka://worker/user/watcher/processing-watcher/graph/graph/$2 - Stopped
11:51:56.624 [worker-akka.actor.default-dispatcher-18] INFO  a.a.LocalActorRef akka://worker/user/watcher/processing-watcher/graph/graph/$3 - Stopped
11:51:56.624 [worker-akka.actor.default-dispatcher-18] INFO  a.a.LocalActorRef akka://worker/user/watcher/processing-watcher/graph/graph/$4 - Stopped
11:51:56.624 [worker-akka.actor.default-dispatcher-18] INFO  a.a.LocalActorRef akka://worker/user/watcher/processing-watcher/graph/graph/$5 - Stopped
11:51:56.624 [worker-akka.actor.default-dispatcher-18] INFO  a.a.LocalActorRef akka://worker/user/watcher/processing-watcher/graph/graph/$6 - Stopped
11:51:56.624 [worker-akka.actor.default-dispatcher-18] INFO  a.a.LocalActorRef akka://worker/user/watcher/processing-watcher/graph/graph/$7 - Stopped
11:51:56.624 [worker-akka.actor.default-dispatcher-18] INFO  a.a.LocalActorRef akka://worker/user/watcher/processing-watcher/graph/graph/$8 - Stopped
11:51:56.628 [worker-akka.actor.default-dispatcher-19] INFO  a.a.LocalActorRef akka://worker/user/watcher/processing-watcher/graph/graph/$9 - Stopped
11:51:56.629 [worker-akka.actor.default-dispatcher-19] INFO  a.a.LocalActorRef akka://worker/user/watcher/processing-watcher/graph/graph/$A - Stopped
11:51:56.632 [worker-akka.actor.default-dispatcher-19] INFO  a.a.LocalActorRef akka://worker/user/watcher/processing-watcher/graph/graph/$Ab - Stopped
11:51:56.633 [worker-akka.actor.default-dispatcher-19] INFO  a.a.LocalActorRef akka://worker/user/watcher/processing-watcher/graph/graph/$B - Stopped
11:51:56.634 [worker-akka.actor.default-dispatcher-19] INFO  a.a.LocalActorRef akka://worker/user/watcher/processing-watcher/graph/graph/$Bb - Stopped
11:51:56.636 [worker-akka.actor.default-dispatcher-19] INFO  a.a.LocalActorRef akka://worker/user/watcher/processing-watcher/graph/graph/$C - Stopped
11:51:56.638 [worker-akka.actor.default-dispatcher-19] INFO  a.a.LocalActorRef akka://worker/user/watcher/processing-watcher/graph/graph/$Cb - Stopped
11:51:56.639 [worker-akka.actor.default-dispatcher-19] INFO  a.a.LocalActorRef akka://worker/user/watcher/processing-watcher/graph/graph/$D - Stopped
11:51:56.641 [worker-akka.actor.default-dispatcher-19] INFO  a.a.LocalActorRef akka://worker/user/watcher/processing-watcher/graph/graph/$Db - Stopped
11:51:56.641 [worker-akka.actor.default-dispatcher-19] INFO  a.a.LocalActorRef akka://worker/user/watcher/processing-watcher/graph/graph/$E - Stopped
11:51:56.642 [worker-akka.actor.default-dispatcher-19] INFO  a.a.LocalActorRef akka://worker/user/watcher/processing-watcher/graph/graph/$Eb - Stopped
11:51:56.644 [worker-akka.actor.default-dispatcher-19] INFO  a.a.LocalActorRef akka://worker/user/watcher/processing-watcher/graph/graph/$F - Stopped
11:51:56.644 [worker-akka.actor.default-dispatcher-19] INFO  a.a.LocalActorRef akka://worker/user/watcher/processing-watcher/graph/graph/$Fb - Stopped
11:51:56.646 [worker-akka.actor.default-dispatcher-19] INFO  a.a.LocalActorRef akka://worker/user/watcher/processing-watcher/graph/graph/$G - Stopped
11:51:56.647 [worker-akka.actor.default-dispatcher-19] INFO  a.a.LocalActorRef akka://worker/user/watcher/processing-watcher/graph/graph/$Gb - Stopped
11:51:56.648 [worker-akka.actor.default-dispatcher-19] INFO  a.a.LocalActorRef akka://worker/user/watcher/processing-watcher/graph/graph/$H - Stopped
11:51:56.649 [worker-akka.actor.default-dispatcher-19] INFO  a.a.LocalActorRef akka://worker/user/watcher/processing-watcher/graph/graph/$Hb - Stopped
11:51:56.651 [worker-akka.actor.default-dispatcher-19] INFO  a.a.LocalActorRef akka://worker/user/watcher/processing-watcher/graph/graph/$I - Stopped
11:51:56.651 [worker-akka.actor.default-dispatcher-19] INFO  a.a.LocalActorRef akka://worker/user/watcher/processing-watcher/graph/graph/$Ib - Stopped
11:51:56.652 [worker-akka.actor.default-dispatcher-19] INFO  a.a.LocalActorRef akka://worker/user/watcher/processing-watcher/graph/graph/$J - Stopped
11:51:56.652 [worker-akka.actor.default-dispatcher-19] INFO  a.a.LocalActorRef akka://worker/user/watcher/processing-watcher/graph/graph/$Jb - Stopped
11:51:56.653 [worker-akka.actor.default-dispatcher-19] INFO  a.a.LocalActorRef akka://worker/user/watcher/processing-watcher/graph/graph/$K - Stopped
11:51:56.655 [worker-akka.actor.default-dispatcher-19] INFO  a.a.LocalActorRef akka://worker/user/watcher/processing-watcher/graph/graph/$Kb - Stopped
11:51:56.655 [worker-akka.actor.default-dispatcher-19] INFO  a.a.LocalActorRef akka://worker/user/watcher/processing-watcher/graph/graph/$L - Stopped
11:51:56.656 [worker-akka.actor.default-dispatcher-19] INFO  a.a.LocalActorRef akka://worker/user/watcher/processing-watcher/graph/graph/$Lb - Stopped
11:51:56.656 [worker-akka.actor.default-dispatcher-19] INFO  a.a.LocalActorRef akka://worker/user/watcher/processing-watcher/graph/graph/$M - Stopped
11:51:56.657 [worker-akka.actor.default-dispatcher-19] INFO  a.a.LocalActorRef akka://worker/user/watcher/processing-watcher/graph/graph/$Mb - Stopped
11:51:56.658 [worker-akka.actor.default-dispatcher-19] INFO  a.a.LocalActorRef akka://worker/user/watcher/processing-watcher/graph/graph/$N - Stopped
11:51:56.659 [worker-akka.actor.default-dispatcher-19] INFO  a.a.LocalActorRef akka://worker/user/watcher/processing-watcher/graph/graph/$Nb - Stopped
11:51:56.659 [worker-akka.actor.default-dispatcher-19] INFO  a.a.LocalActorRef akka://worker/user/watcher/processing-watcher/graph/graph/$O - Stopped
11:51:56.660 [worker-akka.actor.default-dispatcher-19] INFO  a.a.LocalActorRef akka://worker/user/watcher/processing-watcher/graph/graph/$P - Stopped
11:51:56.660 [worker-akka.actor.default-dispatcher-19] INFO  a.a.LocalActorRef akka://worker/user/watcher/processing-watcher/graph/graph/$Q - Stopped
11:51:56.661 [worker-akka.actor.default-dispatcher-19] INFO  a.a.LocalActorRef akka://worker/user/watcher/processing-watcher/graph/graph/$R - Stopped
11:51:56.662 [worker-akka.actor.default-dispatcher-19] INFO  a.a.LocalActorRef akka://worker/user/watcher/processing-watcher/graph/graph/$S - Stopped
11:51:56.663 [worker-akka.actor.default-dispatcher-19] INFO  a.a.LocalActorRef akka://worker/user/watcher/processing-watcher/graph/graph/$T - Stopped
11:51:56.664 [worker-akka.actor.default-dispatcher-19] INFO  a.a.LocalActorRef akka://worker/user/watcher/processing-watcher/graph/graph/$U - Stopped
11:51:56.664 [worker-akka.actor.default-dispatcher-19] INFO  a.a.LocalActorRef akka://worker/user/watcher/processing-watcher/graph/graph/$V - Stopped
11:51:56.665 [worker-akka.actor.default-dispatcher-19] INFO  a.a.LocalActorRef akka://worker/user/watcher/processing-watcher/graph/graph/$W - Stopped
11:51:56.666 [worker-akka.actor.default-dispatcher-19] INFO  a.a.LocalActorRef akka://worker/user/watcher/processing-watcher/graph/graph/$X - Stopped
11:51:56.667 [worker-akka.actor.default-dispatcher-19] INFO  a.a.LocalActorRef akka://worker/user/watcher/processing-watcher/graph/graph/$Y - Stopped
11:51:56.668 [worker-akka.actor.default-dispatcher-19] INFO  a.a.LocalActorRef akka://worker/user/watcher/processing-watcher/graph/graph/$Z - Stopped
11:51:56.668 [worker-akka.actor.default-dispatcher-19] INFO  a.a.LocalActorRef akka://worker/user/watcher/processing-watcher/graph/graph/$a - Stopped
11:51:56.668 [worker-akka.actor.default-dispatcher-19] INFO  a.a.LocalActorRef akka://worker/user/watcher/processing-watcher/graph/graph/$ab - Stopped
11:51:56.669 [worker-akka.actor.default-dispatcher-19] INFO  a.a.LocalActorRef akka://worker/user/watcher/processing-watcher/graph/graph/$b - Stopped
11:51:56.670 [worker-akka.actor.default-dispatcher-19] INFO  a.a.LocalActorRef akka://worker/user/watcher/processing-watcher/graph/graph/$bb - Stopped
11:51:56.671 [worker-akka.actor.default-dispatcher-19] INFO  a.a.LocalActorRef akka://worker/user/watcher/processing-watcher/graph/graph/$c - Stopped
11:51:56.671 [worker-akka.actor.default-dispatcher-19] INFO  a.a.LocalActorRef akka://worker/user/watcher/processing-watcher/graph/graph/$cb - Stopped
11:51:56.673 [worker-akka.actor.default-dispatcher-19] INFO  a.a.LocalActorRef akka://worker/user/watcher/processing-watcher/graph/graph/$d - Stopped
11:51:56.674 [worker-akka.actor.default-dispatcher-19] INFO  a.a.LocalActorRef akka://worker/user/watcher/processing-watcher/graph/graph/$db - Stopped
11:51:56.674 [worker-akka.actor.default-dispatcher-19] INFO  a.a.LocalActorRef akka://worker/user/watcher/processing-watcher/graph/graph/$e - Stopped
11:51:56.675 [worker-akka.actor.default-dispatcher-19] INFO  a.a.LocalActorRef akka://worker/user/watcher/processing-watcher/graph/graph/$eb - Stopped
11:51:56.677 [worker-akka.actor.default-dispatcher-19] INFO  a.a.LocalActorRef akka://worker/user/watcher/processing-watcher/graph/graph/$f - Stopped
11:51:56.677 [worker-akka.actor.default-dispatcher-19] INFO  a.a.LocalActorRef akka://worker/user/watcher/processing-watcher/graph/graph/$fb - Stopped
11:51:56.678 [worker-akka.actor.default-dispatcher-19] INFO  a.a.LocalActorRef akka://worker/user/watcher/processing-watcher/graph/graph/$g - Stopped
11:51:56.678 [worker-akka.actor.default-dispatcher-19] INFO  a.a.LocalActorRef akka://worker/user/watcher/processing-watcher/graph/graph/$gb - Stopped
11:51:56.678 [worker-akka.actor.default-dispatcher-19] INFO  a.a.LocalActorRef akka://worker/user/watcher/processing-watcher/graph/graph/$h - Stopped
11:51:56.679 [worker-akka.actor.default-dispatcher-19] INFO  a.a.LocalActorRef akka://worker/user/watcher/processing-watcher/graph/graph/$hb - Stopped
11:51:56.680 [worker-akka.actor.default-dispatcher-19] INFO  a.a.LocalActorRef akka://worker/user/watcher/processing-watcher/graph/graph/$i - Stopped
11:51:56.680 [worker-akka.actor.default-dispatcher-19] INFO  a.a.LocalActorRef akka://worker/user/watcher/processing-watcher/graph/graph/$ib - Stopped
11:51:56.681 [worker-akka.actor.default-dispatcher-19] INFO  a.a.LocalActorRef akka://worker/user/watcher/processing-watcher/graph/graph/$j - Stopped
11:51:56.682 [worker-akka.actor.default-dispatcher-19] INFO  a.a.LocalActorRef akka://worker/user/watcher/processing-watcher/graph/graph/$jb - Stopped
11:51:56.684 [worker-akka.actor.default-dispatcher-19] INFO  a.a.LocalActorRef akka://worker/user/watcher/processing-watcher/graph/graph/$k - Stopped
11:51:56.684 [worker-akka.actor.default-dispatcher-19] INFO  a.a.LocalActorRef akka://worker/user/watcher/processing-watcher/graph/graph/$kb - Stopped
11:51:56.685 [worker-akka.actor.default-dispatcher-19] INFO  a.a.LocalActorRef akka://worker/user/watcher/processing-watcher/graph/graph/$l - Stopped
11:51:56.686 [worker-akka.actor.default-dispatcher-19] INFO  a.a.LocalActorRef akka://worker/user/watcher/processing-watcher/graph/graph/$lb - Stopped
11:51:56.687 [worker-akka.actor.default-dispatcher-19] INFO  a.a.LocalActorRef akka://worker/user/watcher/processing-watcher/graph/graph/$m - Stopped
11:51:56.688 [worker-akka.actor.default-dispatcher-19] INFO  a.a.LocalActorRef akka://worker/user/watcher/processing-watcher/graph/graph/$mb - Stopped
11:51:56.689 [worker-akka.actor.default-dispatcher-19] INFO  a.a.LocalActorRef akka://worker/user/watcher/processing-watcher/graph/graph/$n - Stopped
11:51:56.689 [worker-akka.actor.default-dispatcher-19] INFO  a.a.LocalActorRef akka://worker/user/watcher/processing-watcher/graph/graph/$nb - Stopped
11:51:56.690 [worker-akka.actor.default-dispatcher-19] INFO  a.a.LocalActorRef akka://worker/user/watcher/processing-watcher/graph/graph/$o - Stopped
11:51:56.691 [worker-akka.actor.default-dispatcher-19] INFO  a.a.LocalActorRef akka://worker/user/watcher/processing-watcher/graph/graph/$ob - Stopped
11:51:56.692 [worker-akka.actor.default-dispatcher-19] INFO  a.a.LocalActorRef akka://worker/user/watcher/processing-watcher/graph/graph/$p - Stopped
11:51:56.692 [worker-akka.actor.default-dispatcher-19] INFO  a.a.LocalActorRef akka://worker/user/watcher/processing-watcher/graph/graph/$pb - Stopped
11:51:56.693 [worker-akka.actor.default-dispatcher-19] INFO  a.a.LocalActorRef akka://worker/user/watcher/processing-watcher/graph/graph/$q - Stopped
11:51:56.694 [worker-akka.actor.default-dispatcher-19] INFO  a.a.LocalActorRef akka://worker/user/watcher/processing-watcher/graph/graph/$qb - Stopped
11:51:56.695 [worker-akka.actor.default-dispatcher-19] INFO  a.a.LocalActorRef akka://worker/user/watcher/processing-watcher/graph/graph/$r - Stopped
11:51:56.696 [worker-akka.actor.default-dispatcher-19] INFO  a.a.LocalActorRef akka://worker/user/watcher/processing-watcher/graph/graph/$rb - Stopped
11:51:56.697 [worker-akka.actor.default-dispatcher-19] INFO  a.a.LocalActorRef akka://worker/user/watcher/processing-watcher/graph/graph/$s - Stopped
11:51:56.698 [worker-akka.actor.default-dispatcher-19] INFO  a.a.LocalActorRef akka://worker/user/watcher/processing-watcher/graph/graph/$sb - Stopped
11:51:56.699 [worker-akka.actor.default-dispatcher-19] INFO  a.a.LocalActorRef akka://worker/user/watcher/processing-watcher/graph/graph/$t - Stopped
11:51:56.699 [worker-akka.actor.default-dispatcher-19] INFO  a.a.LocalActorRef akka://worker/user/watcher/processing-watcher/graph/graph/$tb - Stopped
11:51:56.700 [worker-akka.actor.default-dispatcher-19] INFO  a.a.LocalActorRef akka://worker/user/watcher/processing-watcher/graph/graph/$u - Stopped
11:51:56.701 [worker-akka.actor.default-dispatcher-19] INFO  a.a.LocalActorRef akka://worker/user/watcher/processing-watcher/graph/graph/$ub - Stopped
11:51:56.702 [worker-akka.actor.default-dispatcher-19] INFO  a.a.LocalActorRef akka://worker/user/watcher/processing-watcher/graph/graph/$v - Stopped
11:51:56.702 [worker-akka.actor.default-dispatcher-19] INFO  a.a.LocalActorRef akka://worker/user/watcher/processing-watcher/graph/graph/$vb - Stopped
11:51:56.703 [worker-akka.actor.default-dispatcher-19] INFO  a.a.LocalActorRef akka://worker/user/watcher/processing-watcher/graph/graph/$w - Stopped
11:51:56.704 [worker-akka.actor.default-dispatcher-19] INFO  a.a.LocalActorRef akka://worker/user/watcher/processing-watcher/graph/graph/$wb - Stopped
11:51:56.705 [worker-akka.actor.default-dispatcher-19] INFO  a.a.LocalActorRef akka://worker/user/watcher/processing-watcher/graph/graph/$x - Stopped
11:51:56.705 [worker-akka.actor.default-dispatcher-19] INFO  a.a.LocalActorRef akka://worker/user/watcher/processing-watcher/graph/graph/$xb - Stopped
11:51:56.706 [worker-akka.actor.default-dispatcher-19] INFO  a.a.LocalActorRef akka://worker/user/watcher/processing-watcher/graph/graph/$y - Stopped
11:51:56.707 [worker-akka.actor.default-dispatcher-19] INFO  a.a.LocalActorRef akka://worker/user/watcher/processing-watcher/graph/graph/$yb - Stopped
11:51:56.708 [worker-akka.actor.default-dispatcher-19] INFO  a.a.LocalActorRef akka://worker/user/watcher/processing-watcher/graph/graph/$z - Stopped
11:51:56.709 [worker-akka.actor.default-dispatcher-19] INFO  a.a.LocalActorRef akka://worker/user/watcher/processing-watcher/graph/graph/$zb - Stopped
11:51:56.710 [worker-akka.actor.default-dispatcher-19] INFO  a.a.LocalActorRef akka://worker/user/watcher/processing-watcher/graph/graph/$~ - Stopped
11:51:56.726 [worker-akka.actor.default-dispatcher-19] INFO  a.a.LocalActorRef akka://worker/user/watcher/processing-watcher/graph/graph - Stopped
11:51:56.735 [worker-akka.actor.default-dispatcher-19] INFO  a.a.LocalActorRef akka://worker/user/watcher/processing-watcher/graph - Stopped
11:51:56.736 [worker-akka.actor.default-dispatcher-13] INFO  a.a.LocalActorRef akka://worker/user/watcher/processing-watcher - Stopped
11:51:56.737 [Curator-Framework-0] INFO  o.a.c.f.i.CuratorFrameworkImpl  - backgroundOperationsLoop exiting
11:51:56.747 [Curator-PathChildrenCache-0] ERROR o.a.c.f.r.c.PathChildrenCache  - 
java.lang.IllegalStateException: instance must be started before calling this method
	at org.apache.curator.shaded.com.google.common.base.Preconditions.checkState(Preconditions.java:444)
	at org.apache.curator.framework.imps.CuratorFrameworkImpl.getChildren(CuratorFrameworkImpl.java:456)
	at org.apache.curator.framework.recipes.cache.PathChildrenCache.refresh(PathChildrenCache.java:521)
	at org.apache.curator.framework.recipes.cache.RefreshOperation.invoke(RefreshOperation.java:35)
	at org.apache.curator.framework.recipes.cache.PathChildrenCache$9.run(PathChildrenCache.java:786)
	at java.util.concurrent.Executors$RunnableAdapter.call(Executors.java:511)
	at java.util.concurrent.FutureTask.run(FutureTask.java:266)
	at java.util.concurrent.Executors$RunnableAdapter.call(Executors.java:511)
	at java.util.concurrent.FutureTask.run(FutureTask.java:266)
	at java.util.concurrent.ThreadPoolExecutor.runWorker(ThreadPoolExecutor.java:1149)
	at java.util.concurrent.ThreadPoolExecutor$Worker.run(ThreadPoolExecutor.java:624)
	at java.lang.Thread.run(Thread.java:748)
11:51:56.748 [worker-akka.actor.default-dispatcher-6-EventThread] INFO  o.a.z.ClientCnxn  - EventThread shut down for session: 0x100002c5342000d
11:51:56.748 [worker-akka.actor.default-dispatcher-13] INFO  o.a.z.ZooKeeper  - Session: 0x100002c5342000d closed
11:51:56.749 [worker-akka.actor.default-dispatcher-19] INFO  a.a.RepointableActorRef akka://worker/user/watcher - Stopped
11:51:56.758 [worker-akka.actor.default-dispatcher-13] INFO  a.r.RemoteActorRefProvider$RemotingTerminator akka://worker@flamestream-benchmarks-worker-13:5412/system/remoting-terminator - Shutting down remote daemon.
11:51:56.759 [worker-akka.actor.default-dispatcher-13] INFO  a.r.RemoteActorRefProvider$RemotingTerminator akka://worker@flamestream-benchmarks-worker-13:5412/system/remoting-terminator - Remote daemon shut down; proceeding with flushing remote transports.
11:51:57.785 [worker-akka.actor.default-dispatcher-13] ERROR a.r.a.Association(akka://worker) akka.remote.artery.Association(akka://worker) - Outbound control stream to [akka://worker@flamestream-benchmarks-worker-1:5412] failed after shutdown. 
akka.remote.artery.Association$OutboundStreamStopQuarantinedSignal$: 
11:51:57.798 [worker-akka.actor.default-dispatcher-13] ERROR a.r.a.Association(akka://worker) akka.remote.artery.Association(akka://worker) - Outbound message stream to [akka://worker@flamestream-benchmarks-worker-1:5412] failed after shutdown. 
akka.remote.artery.Association$OutboundStreamStopQuarantinedSignal$: 
11:51:57.960 [worker-akka.actor.default-dispatcher-13] INFO  a.r.RemoteActorRefProvider$RemotingTerminator akka://worker@flamestream-benchmarks-worker-13:5412/system/remoting-terminator - Remoting shut down.
Heap
 def new generation   total 460800K, used 378990K [0x00000000a2400000, 0x00000000c1800000, 0x00000000c1800000)
  eden space 409600K,  92% used [0x00000000a2400000, 0x00000000b95f15d0, 0x00000000bb400000)
  from space 51200K,   0% used [0x00000000bb400000, 0x00000000bb42a4e8, 0x00000000be600000)
  to   space 51200K,   0% used [0x00000000be600000, 0x00000000be600000, 0x00000000c1800000)
 tenured generation   total 1024000K, used 56736K [0x00000000c1800000, 0x0000000100000000, 0x0000000100000000)
   the space 1024000K,   5% used [0x00000000c1800000, 0x00000000c4f68230, 0x00000000c4f68400, 0x0000000100000000)
 Metaspace       used 40862K, capacity 43664K, committed 43904K, reserved 1087488K
  class space    used 5350K, capacity 5669K, committed 5760K, reserved 1048576K
