12:52:10,936 |-INFO in ch.qos.logback.classic.LoggerContext[default] - Could NOT find resource [logback-test.xml]
12:52:10,936 |-INFO in ch.qos.logback.classic.LoggerContext[default] - Could NOT find resource [logback.groovy]
12:52:10,936 |-INFO in ch.qos.logback.classic.LoggerContext[default] - Found resource [logback.xml] at [jar:file:/root/flamestream/lib/flamestream-runtime-1.0-SNAPSHOT.jar!/logback.xml]
12:52:10,940 |-WARN in ch.qos.logback.classic.LoggerContext[default] - Resource [logback.xml] occurs multiple times on the classpath.
12:52:10,940 |-WARN in ch.qos.logback.classic.LoggerContext[default] - Resource [logback.xml] occurs at [jar:file:/root/flamestream/lib/flamestream-runtime-1.0-SNAPSHOT.jar!/logback.xml]
12:52:10,940 |-WARN in ch.qos.logback.classic.LoggerContext[default] - Resource [logback.xml] occurs at [jar:file:/root/flamestream/flamestream-runtime-1.0-SNAPSHOT.jar!/logback.xml]
12:52:10,961 |-INFO in ch.qos.logback.core.joran.spi.ConfigurationWatchList@3fb6a447 - URL [jar:file:/root/flamestream/lib/flamestream-runtime-1.0-SNAPSHOT.jar!/logback.xml] is not of type file
12:52:11,031 |-INFO in ch.qos.logback.classic.joran.action.ConfigurationAction - debug attribute not set
12:52:11,032 |-INFO in ch.qos.logback.core.joran.action.AppenderAction - About to instantiate appender of type [ch.qos.logback.core.ConsoleAppender]
12:52:11,048 |-INFO in ch.qos.logback.core.joran.action.AppenderAction - Naming appender as [STDOUT]
12:52:11,069 |-INFO in ch.qos.logback.core.joran.action.NestedComplexPropertyIA - Assuming default type [ch.qos.logback.classic.encoder.PatternLayoutEncoder] for [encoder] property
12:52:11,157 |-INFO in ch.qos.logback.core.joran.action.AppenderAction - About to instantiate appender of type [ch.qos.logback.core.rolling.RollingFileAppender]
12:52:11,164 |-INFO in ch.qos.logback.core.joran.action.AppenderAction - Naming appender as [FILE]
12:52:11,195 |-INFO in c.q.l.core.rolling.TimeBasedRollingPolicy@127618319 - No compression will be used
12:52:11,197 |-INFO in c.q.l.core.rolling.TimeBasedRollingPolicy@127618319 - Will use the pattern /tmp/application_%d{yyyy-MM-dd}.%i.log for the active file
12:52:11,200 |-INFO in ch.qos.logback.core.rolling.SizeAndTimeBasedFNATP@6b2fad11 - The date pattern is 'yyyy-MM-dd' from file name pattern '/tmp/application_%d{yyyy-MM-dd}.%i.log'.
12:52:11,200 |-INFO in ch.qos.logback.core.rolling.SizeAndTimeBasedFNATP@6b2fad11 - Roll-over at midnight.
12:52:11,205 |-INFO in ch.qos.logback.core.rolling.SizeAndTimeBasedFNATP@6b2fad11 - Setting initial period to Mon Jun 10 12:52:11 UTC 2019
12:52:11,205 |-WARN in ch.qos.logback.core.rolling.SizeAndTimeBasedFNATP@6b2fad11 - SizeAndTimeBasedFNATP is deprecated. Use SizeAndTimeBasedRollingPolicy instead
12:52:11,205 |-WARN in ch.qos.logback.core.rolling.SizeAndTimeBasedFNATP@6b2fad11 - For more information see http://logback.qos.ch/manual/appenders.html#SizeAndTimeBasedRollingPolicy
12:52:11,208 |-INFO in ch.qos.logback.core.joran.action.NestedComplexPropertyIA - Assuming default type [ch.qos.logback.classic.encoder.PatternLayoutEncoder] for [encoder] property
12:52:11,213 |-INFO in ch.qos.logback.core.rolling.RollingFileAppender[FILE] - Active log file name: /tmp/application.log
12:52:11,213 |-INFO in ch.qos.logback.core.rolling.RollingFileAppender[FILE] - File property is set to [/tmp/application.log]
12:52:11,214 |-INFO in ch.qos.logback.classic.joran.action.RootLoggerAction - Setting level of ROOT logger to WARN
12:52:11,214 |-INFO in ch.qos.logback.core.joran.action.AppenderRefAction - Attaching appender named [STDOUT] to Logger[ROOT]
12:52:11,217 |-INFO in ch.qos.logback.core.joran.action.AppenderRefAction - Attaching appender named [FILE] to Logger[ROOT]
12:52:11,217 |-INFO in ch.qos.logback.classic.joran.action.ConfigurationAction - End of configuration.
12:52:11,217 |-INFO in ch.qos.logback.classic.joran.JoranConfigurator@79698539 - Registering current configuration as safe fallback point

Ama winner
Ama winner
2019-06-10T12:52:12.587+0000: 1.838: [Full GC (Metadata GC Threshold) 2019-06-10T12:52:12.587+0000: 1.838: [Tenured: 0K->15208K(341376K), 0.0423753 secs] 114987K->15208K(494976K), [Metaspace: 20731K->20731K(1067008K)], 0.0424496 secs] [Times: user=0.04 sys=0.01, real=0.05 secs] 
12:52:59.598 [Curator-PathChildrenCache-1] WARN  o.a.c.u.ZKPaths  - The version of ZooKeeper being used doesn't support Container nodes. CreateMode.PERSISTENT will be used instead.
2019-06-10T12:53:02.165+0000: 51.417: [GC (Allocation Failure) 2019-06-10T12:53:02.166+0000: 51.417: [DefNew: 136576K->17024K(153600K), 0.0268472 secs] 151784K->52837K(494976K), 0.0269419 secs] [Times: user=0.03 sys=0.00, real=0.03 secs] 
2019-06-10T12:53:03.531+0000: 52.782: [Full GC (Metadata GC Threshold) 2019-06-10T12:53:03.531+0000: 52.782: [Tenured: 35813K->44674K(341376K), 0.0437035 secs] 79129K->44674K(494976K), [Metaspace: 34644K->34644K(1079296K)], 0.0437846 secs] [Times: user=0.04 sys=0.00, real=0.04 secs] 
2019-06-10T12:53:14.548+0000: 63.800: [GC (Allocation Failure) 2019-06-10T12:53:14.549+0000: 63.800: [DefNew: 136576K->395K(153600K), 0.0023756 secs] 181250K->45070K(494976K), 0.0024450 secs] [Times: user=0.00 sys=0.00, real=0.01 secs] 
2019-06-10T12:53:27.522+0000: 76.773: [GC (Allocation Failure) 2019-06-10T12:53:27.522+0000: 76.773: [DefNew: 136971K->150K(153600K), 0.0021140 secs] 181646K->44824K(494976K), 0.0021759 secs] [Times: user=0.00 sys=0.00, real=0.00 secs] 
2019-06-10T12:53:40.526+0000: 89.777: [GC (Allocation Failure) 2019-06-10T12:53:40.526+0000: 89.777: [DefNew: 136726K->151K(153600K), 0.0021157 secs] 181400K->44825K(494976K), 0.0021760 secs] [Times: user=0.00 sys=0.00, real=0.00 secs] 
2019-06-10T12:53:53.731+0000: 102.982: [GC (Allocation Failure) 2019-06-10T12:53:53.731+0000: 102.982: [DefNew: 136727K->152K(153600K), 0.0020333 secs] 181401K->44827K(494976K), 0.0020913 secs] [Times: user=0.00 sys=0.00, real=0.00 secs] 
2019-06-10T12:54:06.861+0000: 116.112: [GC (Allocation Failure) 2019-06-10T12:54:06.861+0000: 116.112: [DefNew: 136728K->155K(153600K), 0.0021026 secs] 181403K->44830K(494976K), 0.0021657 secs] [Times: user=0.00 sys=0.00, real=0.00 secs] 
2019-06-10T12:54:20.126+0000: 129.377: [GC (Allocation Failure) 2019-06-10T12:54:20.126+0000: 129.377: [DefNew: 136731K->175K(153600K), 0.0021432 secs] 181406K->44849K(494976K), 0.0022059 secs] [Times: user=0.00 sys=0.00, real=0.00 secs] 
2019-06-10T12:54:58.572+0000: 167.823: [GC (Allocation Failure) 2019-06-10T12:54:58.572+0000: 167.823: [DefNew: 136751K->181K(153600K), 0.0022340 secs] 181425K->44856K(494976K), 0.0022974 secs] [Times: user=0.01 sys=0.00, real=0.00 secs] 
12:55:02.520 [Curator-PathChildrenCache-0] ERROR o.a.c.f.r.c.PathChildrenCache  - 
java.lang.IllegalStateException: instance must be started before calling this method
	at org.apache.curator.shaded.com.google.common.base.Preconditions.checkState(Preconditions.java:444)
	at org.apache.curator.framework.imps.CuratorFrameworkImpl.getChildren(CuratorFrameworkImpl.java:456)
	at org.apache.curator.framework.recipes.cache.PathChildrenCache.refresh(PathChildrenCache.java:521)
	at org.apache.curator.framework.recipes.cache.RefreshOperation.invoke(RefreshOperation.java:35)
	at org.apache.curator.framework.recipes.cache.PathChildrenCache$9.run(PathChildrenCache.java:786)
	at java.util.concurrent.Executors$RunnableAdapter.call(Executors.java:511)
	at java.util.concurrent.FutureTask.run(FutureTask.java:266)
	at java.util.concurrent.Executors$RunnableAdapter.call(Executors.java:511)
	at java.util.concurrent.FutureTask.run(FutureTask.java:266)
	at java.util.concurrent.ThreadPoolExecutor.runWorker(ThreadPoolExecutor.java:1149)
	at java.util.concurrent.ThreadPoolExecutor$Worker.run(ThreadPoolExecutor.java:624)
	at java.lang.Thread.run(Thread.java:748)
Heap
 def new generation   total 153600K, used 31618K [0x00000000e0c00000, 0x00000000eb2a0000, 0x00000000eb2a0000)
  eden space 136576K,  23% used [0x00000000e0c00000, 0x00000000e2ab3310, 0x00000000e9160000)
  from space 17024K,   1% used [0x00000000e9160000, 0x00000000e918d700, 0x00000000ea200000)
  to   space 17024K,   0% used [0x00000000ea200000, 0x00000000ea200000, 0x00000000eb2a0000)
 tenured generation   total 341376K, used 44674K [0x00000000eb2a0000, 0x0000000100000000, 0x0000000100000000)
   the space 341376K,  13% used [0x00000000eb2a0000, 0x00000000ede40aa0, 0x00000000ede40c00, 0x0000000100000000)
 Metaspace       used 36451K, capacity 37350K, committed 37632K, reserved 1081344K
  class space    used 4886K, capacity 5081K, committed 5120K, reserved 1048576K
