17:08:18,557 |-INFO in ch.qos.logback.classic.LoggerContext[default] - Could NOT find resource [logback-test.xml]
17:08:18,558 |-INFO in ch.qos.logback.classic.LoggerContext[default] - Could NOT find resource [logback.groovy]
17:08:18,558 |-INFO in ch.qos.logback.classic.LoggerContext[default] - Found resource [logback.xml] at [jar:file:/root/flamestream/lib/flamestream-runtime-1.0-SNAPSHOT.jar!/logback.xml]
17:08:18,559 |-WARN in ch.qos.logback.classic.LoggerContext[default] - Resource [logback.xml] occurs multiple times on the classpath.
17:08:18,559 |-WARN in ch.qos.logback.classic.LoggerContext[default] - Resource [logback.xml] occurs at [jar:file:/root/flamestream/lib/flamestream-runtime-1.0-SNAPSHOT.jar!/logback.xml]
17:08:18,559 |-WARN in ch.qos.logback.classic.LoggerContext[default] - Resource [logback.xml] occurs at [jar:file:/root/flamestream/flamestream-runtime-1.0-SNAPSHOT.jar!/logback.xml]
17:08:18,579 |-INFO in ch.qos.logback.core.joran.spi.ConfigurationWatchList@3fb6a447 - URL [jar:file:/root/flamestream/lib/flamestream-runtime-1.0-SNAPSHOT.jar!/logback.xml] is not of type file
17:08:18,650 |-INFO in ch.qos.logback.classic.joran.action.ConfigurationAction - debug attribute not set
17:08:18,650 |-INFO in ch.qos.logback.core.joran.action.AppenderAction - About to instantiate appender of type [ch.qos.logback.core.ConsoleAppender]
17:08:18,667 |-INFO in ch.qos.logback.core.joran.action.AppenderAction - Naming appender as [STDOUT]
17:08:18,684 |-INFO in ch.qos.logback.core.joran.action.NestedComplexPropertyIA - Assuming default type [ch.qos.logback.classic.encoder.PatternLayoutEncoder] for [encoder] property
17:08:18,766 |-INFO in ch.qos.logback.core.joran.action.AppenderAction - About to instantiate appender of type [ch.qos.logback.core.rolling.RollingFileAppender]
17:08:18,773 |-INFO in ch.qos.logback.core.joran.action.AppenderAction - Naming appender as [FILE]
17:08:18,804 |-INFO in c.q.l.core.rolling.TimeBasedRollingPolicy@127618319 - No compression will be used
17:08:18,805 |-INFO in c.q.l.core.rolling.TimeBasedRollingPolicy@127618319 - Will use the pattern /tmp/application_%d{yyyy-MM-dd}.%i.log for the active file
17:08:18,808 |-INFO in ch.qos.logback.core.rolling.SizeAndTimeBasedFNATP@6b2fad11 - The date pattern is 'yyyy-MM-dd' from file name pattern '/tmp/application_%d{yyyy-MM-dd}.%i.log'.
17:08:18,808 |-INFO in ch.qos.logback.core.rolling.SizeAndTimeBasedFNATP@6b2fad11 - Roll-over at midnight.
17:08:18,813 |-INFO in ch.qos.logback.core.rolling.SizeAndTimeBasedFNATP@6b2fad11 - Setting initial period to Mon Jun 10 17:06:55 UTC 2019
17:08:18,813 |-WARN in ch.qos.logback.core.rolling.SizeAndTimeBasedFNATP@6b2fad11 - SizeAndTimeBasedFNATP is deprecated. Use SizeAndTimeBasedRollingPolicy instead
17:08:18,813 |-WARN in ch.qos.logback.core.rolling.SizeAndTimeBasedFNATP@6b2fad11 - For more information see http://logback.qos.ch/manual/appenders.html#SizeAndTimeBasedRollingPolicy
17:08:18,817 |-INFO in ch.qos.logback.core.joran.action.NestedComplexPropertyIA - Assuming default type [ch.qos.logback.classic.encoder.PatternLayoutEncoder] for [encoder] property
17:08:18,822 |-INFO in ch.qos.logback.core.rolling.RollingFileAppender[FILE] - Active log file name: /tmp/application.log
17:08:18,822 |-INFO in ch.qos.logback.core.rolling.RollingFileAppender[FILE] - File property is set to [/tmp/application.log]
17:08:18,823 |-INFO in ch.qos.logback.classic.joran.action.RootLoggerAction - Setting level of ROOT logger to WARN
17:08:18,823 |-INFO in ch.qos.logback.core.joran.action.AppenderRefAction - Attaching appender named [STDOUT] to Logger[ROOT]
17:08:18,825 |-INFO in ch.qos.logback.core.joran.action.AppenderRefAction - Attaching appender named [FILE] to Logger[ROOT]
17:08:18,825 |-INFO in ch.qos.logback.classic.joran.action.ConfigurationAction - End of configuration.
17:08:18,825 |-INFO in ch.qos.logback.classic.joran.JoranConfigurator@79698539 - Registering current configuration as safe fallback point

Ama winner
Ama winner
2019-06-10T17:08:20.439+0000: 2.068: [Full GC (Metadata GC Threshold) 2019-06-10T17:08:20.439+0000: 2.068: [Tenured: 0K->15209K(341376K), 0.0388467 secs] 117719K->15209K(494976K), [Metaspace: 20735K->20735K(1067008K)], 0.0389161 secs] [Times: user=0.04 sys=0.00, real=0.04 secs] 
17:08:36.401 [Curator-PathChildrenCache-1] WARN  o.a.c.u.ZKPaths  - The version of ZooKeeper being used doesn't support Container nodes. CreateMode.PERSISTENT will be used instead.
2019-06-10T17:08:38.762+0000: 20.392: [GC (Allocation Failure) 2019-06-10T17:08:38.762+0000: 20.392: [DefNew: 136576K->17024K(153600K), 0.0250296 secs] 151785K->52829K(494976K), 0.0250917 secs] [Times: user=0.01 sys=0.01, real=0.02 secs] 
2019-06-10T17:08:40.978+0000: 22.607: [Full GC (Metadata GC Threshold) 2019-06-10T17:08:40.978+0000: 22.607: [Tenured: 35805K->44444K(341376K), 0.0775199 secs] 91829K->44444K(494976K), [Metaspace: 34603K->34603K(1079296K)], 0.0775991 secs] [Times: user=0.08 sys=0.01, real=0.08 secs] 
2019-06-10T17:08:47.597+0000: 29.226: [GC (Allocation Failure) 2019-06-10T17:08:47.597+0000: 29.226: [DefNew: 136576K->66K(153600K), 0.0018200 secs] 181020K->44510K(494976K), 0.0018805 secs] [Times: user=0.00 sys=0.00, real=0.00 secs] 
2019-06-10T17:08:54.322+0000: 35.952: [GC (Allocation Failure) 2019-06-10T17:08:54.322+0000: 35.952: [DefNew: 136642K->129K(153600K), 0.0017238 secs] 181086K->44573K(494976K), 0.0017860 secs] [Times: user=0.00 sys=0.00, real=0.00 secs] 
2019-06-10T17:09:01.042+0000: 42.672: [GC (Allocation Failure) 2019-06-10T17:09:01.043+0000: 42.672: [DefNew: 136705K->164K(153600K), 0.0017194 secs] 181149K->44608K(494976K), 0.0017802 secs] [Times: user=0.00 sys=0.00, real=0.00 secs] 
2019-06-10T17:09:07.841+0000: 49.471: [GC (Allocation Failure) 2019-06-10T17:09:07.841+0000: 49.471: [DefNew: 136740K->171K(153600K), 0.0018417 secs] 181184K->44615K(494976K), 0.0019028 secs] [Times: user=0.00 sys=0.00, real=0.01 secs] 
2019-06-10T17:09:14.603+0000: 56.233: [GC (Allocation Failure) 2019-06-10T17:09:14.603+0000: 56.233: [DefNew: 136747K->164K(153600K), 0.0018592 secs] 181191K->44608K(494976K), 0.0019252 secs] [Times: user=0.00 sys=0.00, real=0.00 secs] 
17:09:26.351 [Curator-PathChildrenCache-0] ERROR o.a.c.f.r.c.PathChildrenCache  - 
java.lang.IllegalStateException: instance must be started before calling this method
	at org.apache.curator.shaded.com.google.common.base.Preconditions.checkState(Preconditions.java:444)
	at org.apache.curator.framework.imps.CuratorFrameworkImpl.getChildren(CuratorFrameworkImpl.java:456)
	at org.apache.curator.framework.recipes.cache.PathChildrenCache.refresh(PathChildrenCache.java:521)
	at org.apache.curator.framework.recipes.cache.RefreshOperation.invoke(RefreshOperation.java:35)
	at org.apache.curator.framework.recipes.cache.PathChildrenCache$9.run(PathChildrenCache.java:786)
	at java.util.concurrent.Executors$RunnableAdapter.call(Executors.java:511)
	at java.util.concurrent.FutureTask.run(FutureTask.java:266)
	at java.util.concurrent.Executors$RunnableAdapter.call(Executors.java:511)
	at java.util.concurrent.FutureTask.run(FutureTask.java:266)
	at java.util.concurrent.ThreadPoolExecutor.runWorker(ThreadPoolExecutor.java:1149)
	at java.util.concurrent.ThreadPoolExecutor$Worker.run(ThreadPoolExecutor.java:624)
	at java.lang.Thread.run(Thread.java:748)
Heap
 def new generation   total 153600K, used 83718K [0x00000000e0c00000, 0x00000000eb2a0000, 0x00000000eb2a0000)
  eden space 136576K,  61% used [0x00000000e0c00000, 0x00000000e5d98938, 0x00000000e9160000)
  from space 17024K,   0% used [0x00000000e9160000, 0x00000000e9189290, 0x00000000ea200000)
  to   space 17024K,   0% used [0x00000000ea200000, 0x00000000ea200000, 0x00000000eb2a0000)
 tenured generation   total 341376K, used 44444K [0x00000000eb2a0000, 0x0000000100000000, 0x0000000100000000)
   the space 341376K,  13% used [0x00000000eb2a0000, 0x00000000ede07078, 0x00000000ede07200, 0x0000000100000000)
 Metaspace       used 36176K, capacity 37056K, committed 37376K, reserved 1081344K
  class space    used 4872K, capacity 5074K, committed 5120K, reserved 1048576K
