09:08:49,319 |-INFO in ch.qos.logback.classic.LoggerContext[default] - Could NOT find resource [logback-test.xml]
09:08:49,319 |-INFO in ch.qos.logback.classic.LoggerContext[default] - Could NOT find resource [logback.groovy]
09:08:49,319 |-INFO in ch.qos.logback.classic.LoggerContext[default] - Found resource [logback.xml] at [jar:file:/home/nikitasokolov/flamestream/lib/flamestream-runtime-1.0-SNAPSHOT.jar!/logback.xml]
09:08:49,320 |-WARN in ch.qos.logback.classic.LoggerContext[default] - Resource [logback.xml] occurs multiple times on the classpath.
09:08:49,320 |-WARN in ch.qos.logback.classic.LoggerContext[default] - Resource [logback.xml] occurs at [jar:file:/home/nikitasokolov/flamestream/lib/flamestream-runtime-1.0-SNAPSHOT.jar!/logback.xml]
09:08:49,320 |-WARN in ch.qos.logback.classic.LoggerContext[default] - Resource [logback.xml] occurs at [jar:file:/home/nikitasokolov/flamestream/flamestream-runtime-1.0-SNAPSHOT.jar!/logback.xml]
09:08:49,336 |-INFO in ch.qos.logback.core.joran.spi.ConfigurationWatchList@6108b2d7 - URL [jar:file:/home/nikitasokolov/flamestream/lib/flamestream-runtime-1.0-SNAPSHOT.jar!/logback.xml] is not of type file
09:08:49,386 |-INFO in ch.qos.logback.classic.joran.action.ConfigurationAction - debug attribute not set
09:08:49,387 |-INFO in ch.qos.logback.core.joran.action.AppenderAction - About to instantiate appender of type [ch.qos.logback.core.ConsoleAppender]
09:08:49,395 |-INFO in ch.qos.logback.core.joran.action.AppenderAction - Naming appender as [STDOUT]
09:08:49,403 |-INFO in ch.qos.logback.core.joran.action.NestedComplexPropertyIA - Assuming default type [ch.qos.logback.classic.encoder.PatternLayoutEncoder] for [encoder] property
09:08:49,460 |-INFO in ch.qos.logback.core.joran.action.AppenderAction - About to instantiate appender of type [ch.qos.logback.core.rolling.RollingFileAppender]
09:08:49,466 |-INFO in ch.qos.logback.core.joran.action.AppenderAction - Naming appender as [FILE]
09:08:49,488 |-INFO in c.q.l.core.rolling.TimeBasedRollingPolicy@357863579 - No compression will be used
09:08:49,489 |-INFO in c.q.l.core.rolling.TimeBasedRollingPolicy@357863579 - Will use the pattern /tmp/application_%d{yyyy-MM-dd}.%i.log for the active file
09:08:49,492 |-INFO in ch.qos.logback.core.rolling.SizeAndTimeBasedFNATP@6bf256fa - The date pattern is 'yyyy-MM-dd' from file name pattern '/tmp/application_%d{yyyy-MM-dd}.%i.log'.
09:08:49,492 |-INFO in ch.qos.logback.core.rolling.SizeAndTimeBasedFNATP@6bf256fa - Roll-over at midnight.
09:08:49,496 |-INFO in ch.qos.logback.core.rolling.SizeAndTimeBasedFNATP@6bf256fa - Setting initial period to Sun Jun 09 09:08:12 MSK 2019
09:08:49,496 |-WARN in ch.qos.logback.core.rolling.SizeAndTimeBasedFNATP@6bf256fa - SizeAndTimeBasedFNATP is deprecated. Use SizeAndTimeBasedRollingPolicy instead
09:08:49,496 |-WARN in ch.qos.logback.core.rolling.SizeAndTimeBasedFNATP@6bf256fa - For more information see http://logback.qos.ch/manual/appenders.html#SizeAndTimeBasedRollingPolicy
09:08:49,500 |-INFO in ch.qos.logback.core.joran.action.NestedComplexPropertyIA - Assuming default type [ch.qos.logback.classic.encoder.PatternLayoutEncoder] for [encoder] property
09:08:49,503 |-INFO in ch.qos.logback.core.rolling.RollingFileAppender[FILE] - Active log file name: /tmp/application.log
09:08:49,503 |-INFO in ch.qos.logback.core.rolling.RollingFileAppender[FILE] - File property is set to [/tmp/application.log]
09:08:49,504 |-INFO in ch.qos.logback.classic.joran.action.RootLoggerAction - Setting level of ROOT logger to WARN
09:08:49,504 |-INFO in ch.qos.logback.core.joran.action.AppenderRefAction - Attaching appender named [STDOUT] to Logger[ROOT]
09:08:49,504 |-INFO in ch.qos.logback.core.joran.action.AppenderRefAction - Attaching appender named [FILE] to Logger[ROOT]
09:08:49,504 |-INFO in ch.qos.logback.classic.joran.action.ConfigurationAction - End of configuration.
09:08:49,505 |-INFO in ch.qos.logback.classic.joran.JoranConfigurator@6cd8737 - Registering current configuration as safe fallback point

2019-06-09T09:08:50.490+0300: 1.363: [GC (Metadata GC Threshold) [PSYoungGen: 105549K->15739K(149504K)] 105549K->15819K(491008K), 0.0195009 secs] [Times: user=0.08 sys=0.01, real=0.02 secs] 
2019-06-09T09:08:50.509+0300: 1.383: [Full GC (Metadata GC Threshold) [PSYoungGen: 15739K->0K(149504K)] [ParOldGen: 80K->14949K(341504K)] 15819K->14949K(491008K), [Metaspace: 20807K->20807K(1067008K)], 0.0302514 secs] [Times: user=0.20 sys=0.00, real=0.04 secs] 
09:09:01.580 [Curator-PathChildrenCache-1] WARN  o.a.c.u.ZKPaths  - The version of ZooKeeper being used doesn't support Container nodes. CreateMode.PERSISTENT will be used instead.
2019-06-09T09:09:02.557+0300: 13.430: [GC (Metadata GC Threshold) [PSYoungGen: 127369K->15743K(149504K)] 142319K->50232K(491008K), 0.0287589 secs] [Times: user=0.26 sys=0.01, real=0.03 secs] 
2019-06-09T09:09:02.585+0300: 13.459: [Full GC (Metadata GC Threshold) [PSYoungGen: 15743K->0K(149504K)] [ParOldGen: 34488K->38779K(341504K)] 50232K->38779K(491008K), [Metaspace: 34566K->34566K(1079296K)], 0.0362045 secs] [Times: user=0.20 sys=0.01, real=0.04 secs] 
2019-06-09T09:09:06.429+0300: 17.303: [GC (Allocation Failure) [PSYoungGen: 128512K->480K(149504K)] 167291K->39267K(491008K), 0.0054943 secs] [Times: user=0.03 sys=0.01, real=0.01 secs] 
2019-06-09T09:09:10.754+0300: 21.628: [GC (Allocation Failure) [PSYoungGen: 128992K->416K(149504K)] 167779K->39211K(491008K), 0.0095293 secs] [Times: user=0.09 sys=0.01, real=0.01 secs] 
2019-06-09T09:09:15.109+0300: 25.982: [GC (Allocation Failure) [PSYoungGen: 128928K->416K(129024K)] 167723K->39219K(470528K), 0.0042055 secs] [Times: user=0.02 sys=0.01, real=0.01 secs] 
2019-06-09T09:09:19.502+0300: 30.376: [GC (Allocation Failure) [PSYoungGen: 128928K->448K(150016K)] 167731K->39259K(491520K), 0.0047049 secs] [Times: user=0.03 sys=0.00, real=0.00 secs] 
2019-06-09T09:09:23.823+0300: 34.696: [GC (Allocation Failure) [PSYoungGen: 128960K->384K(148992K)] 167771K->39203K(490496K), 0.0026264 secs] [Times: user=0.01 sys=0.00, real=0.00 secs] 
2019-06-09T09:09:28.197+0300: 39.070: [GC (Allocation Failure) [PSYoungGen: 128896K->416K(151552K)] 167715K->39243K(493056K), 0.1395330 secs] [Times: user=0.01 sys=0.00, real=0.14 secs] 
2019-06-09T09:09:32.733+0300: 43.607: [GC (Allocation Failure) [PSYoungGen: 132512K->512K(151040K)] 171339K->39347K(492544K), 0.0039526 secs] [Times: user=0.01 sys=0.00, real=0.00 secs] 
2019-06-09T09:09:37.250+0300: 48.123: [GC (Allocation Failure) [PSYoungGen: 132608K->448K(153600K)] 171443K->39291K(495104K), 0.0033822 secs] [Times: user=0.02 sys=0.00, real=0.00 secs] 
2019-06-09T09:09:41.901+0300: 52.775: [GC (Allocation Failure) [PSYoungGen: 136128K->448K(152576K)] 174971K->39291K(494080K), 0.0025236 secs] [Times: user=0.01 sys=0.00, real=0.00 secs] 
2019-06-09T09:09:46.559+0300: 57.433: [GC (Allocation Failure) [PSYoungGen: 136128K->480K(155136K)] 174971K->39323K(496640K), 0.0033544 secs] [Times: user=0.01 sys=0.00, real=0.00 secs] 
2019-06-09T09:09:51.302+0300: 62.175: [GC (Allocation Failure) [PSYoungGen: 139232K->800K(154112K)] 178075K->39651K(495616K), 0.0039215 secs] [Times: user=0.02 sys=0.01, real=0.00 secs] 
09:10:03.263 [Curator-PathChildrenCache-0] ERROR o.a.c.f.r.c.PathChildrenCache  - 
java.lang.IllegalStateException: instance must be started before calling this method
	at org.apache.curator.shaded.com.google.common.base.Preconditions.checkState(Preconditions.java:444)
	at org.apache.curator.framework.imps.CuratorFrameworkImpl.getChildren(CuratorFrameworkImpl.java:456)
	at org.apache.curator.framework.recipes.cache.PathChildrenCache.refresh(PathChildrenCache.java:521)
	at org.apache.curator.framework.recipes.cache.RefreshOperation.invoke(RefreshOperation.java:35)
	at org.apache.curator.framework.recipes.cache.PathChildrenCache$9.run(PathChildrenCache.java:786)
	at java.util.concurrent.Executors$RunnableAdapter.call(Executors.java:511)
	at java.util.concurrent.FutureTask.run(FutureTask.java:266)
	at java.util.concurrent.Executors$RunnableAdapter.call(Executors.java:511)
	at java.util.concurrent.FutureTask.run(FutureTask.java:266)
	at java.util.concurrent.ThreadPoolExecutor.runWorker(ThreadPoolExecutor.java:1149)
	at java.util.concurrent.ThreadPoolExecutor$Worker.run(ThreadPoolExecutor.java:624)
	at java.lang.Thread.run(Thread.java:748)
Heap
 PSYoungGen      total 154112K, used 92190K [0x00000000f5980000, 0x0000000100000000, 0x0000000100000000)
  eden space 138752K, 65% used [0x00000000f5980000,0x00000000fb2bf840,0x00000000fe100000)
  from space 15360K, 5% used [0x00000000fe100000,0x00000000fe1c8030,0x00000000ff000000)
  to   space 14848K, 0% used [0x00000000ff180000,0x00000000ff180000,0x0000000100000000)
 ParOldGen       total 341504K, used 38851K [0x00000000e0c00000, 0x00000000f5980000, 0x00000000f5980000)
  object space 341504K, 11% used [0x00000000e0c00000,0x00000000e31f0e88,0x00000000f5980000)
 Metaspace       used 36080K, capacity 36894K, committed 37208K, reserved 1081344K
  class space    used 4977K, capacity 5161K, committed 5248K, reserved 1048576K
