20:12:21,785 |-INFO in ch.qos.logback.classic.LoggerContext[default] - Could NOT find resource [logback-test.xml]
20:12:21,785 |-INFO in ch.qos.logback.classic.LoggerContext[default] - Could NOT find resource [logback.groovy]
20:12:21,785 |-INFO in ch.qos.logback.classic.LoggerContext[default] - Found resource [logback.xml] at [jar:file:/root/flamestream/lib/flamestream-runtime-1.0-SNAPSHOT.jar!/logback.xml]
20:12:21,786 |-WARN in ch.qos.logback.classic.LoggerContext[default] - Resource [logback.xml] occurs multiple times on the classpath.
20:12:21,786 |-WARN in ch.qos.logback.classic.LoggerContext[default] - Resource [logback.xml] occurs at [jar:file:/root/flamestream/lib/flamestream-runtime-1.0-SNAPSHOT.jar!/logback.xml]
20:12:21,786 |-WARN in ch.qos.logback.classic.LoggerContext[default] - Resource [logback.xml] occurs at [jar:file:/root/flamestream/flamestream-runtime-1.0-SNAPSHOT.jar!/logback.xml]
20:12:21,805 |-INFO in ch.qos.logback.core.joran.spi.ConfigurationWatchList@3fb6a447 - URL [jar:file:/root/flamestream/lib/flamestream-runtime-1.0-SNAPSHOT.jar!/logback.xml] is not of type file
20:12:21,872 |-INFO in ch.qos.logback.classic.joran.action.ConfigurationAction - debug attribute not set
20:12:21,872 |-INFO in ch.qos.logback.core.joran.action.AppenderAction - About to instantiate appender of type [ch.qos.logback.core.ConsoleAppender]
20:12:21,888 |-INFO in ch.qos.logback.core.joran.action.AppenderAction - Naming appender as [STDOUT]
20:12:21,906 |-INFO in ch.qos.logback.core.joran.action.NestedComplexPropertyIA - Assuming default type [ch.qos.logback.classic.encoder.PatternLayoutEncoder] for [encoder] property
20:12:21,993 |-INFO in ch.qos.logback.core.joran.action.AppenderAction - About to instantiate appender of type [ch.qos.logback.core.rolling.RollingFileAppender]
20:12:22,000 |-INFO in ch.qos.logback.core.joran.action.AppenderAction - Naming appender as [FILE]
20:12:22,030 |-INFO in c.q.l.core.rolling.TimeBasedRollingPolicy@127618319 - No compression will be used
20:12:22,031 |-INFO in c.q.l.core.rolling.TimeBasedRollingPolicy@127618319 - Will use the pattern /tmp/application_%d{yyyy-MM-dd}.%i.log for the active file
20:12:22,034 |-INFO in ch.qos.logback.core.rolling.SizeAndTimeBasedFNATP@6b2fad11 - The date pattern is 'yyyy-MM-dd' from file name pattern '/tmp/application_%d{yyyy-MM-dd}.%i.log'.
20:12:22,034 |-INFO in ch.qos.logback.core.rolling.SizeAndTimeBasedFNATP@6b2fad11 - Roll-over at midnight.
20:12:22,040 |-INFO in ch.qos.logback.core.rolling.SizeAndTimeBasedFNATP@6b2fad11 - Setting initial period to Mon Jun 10 20:11:06 UTC 2019
20:12:22,040 |-WARN in ch.qos.logback.core.rolling.SizeAndTimeBasedFNATP@6b2fad11 - SizeAndTimeBasedFNATP is deprecated. Use SizeAndTimeBasedRollingPolicy instead
20:12:22,040 |-WARN in ch.qos.logback.core.rolling.SizeAndTimeBasedFNATP@6b2fad11 - For more information see http://logback.qos.ch/manual/appenders.html#SizeAndTimeBasedRollingPolicy
20:12:22,043 |-INFO in ch.qos.logback.core.joran.action.NestedComplexPropertyIA - Assuming default type [ch.qos.logback.classic.encoder.PatternLayoutEncoder] for [encoder] property
20:12:22,048 |-INFO in ch.qos.logback.core.rolling.RollingFileAppender[FILE] - Active log file name: /tmp/application.log
20:12:22,048 |-INFO in ch.qos.logback.core.rolling.RollingFileAppender[FILE] - File property is set to [/tmp/application.log]
20:12:22,049 |-INFO in ch.qos.logback.classic.joran.action.RootLoggerAction - Setting level of ROOT logger to WARN
20:12:22,049 |-INFO in ch.qos.logback.core.joran.action.AppenderRefAction - Attaching appender named [STDOUT] to Logger[ROOT]
20:12:22,051 |-INFO in ch.qos.logback.core.joran.action.AppenderRefAction - Attaching appender named [FILE] to Logger[ROOT]
20:12:22,051 |-INFO in ch.qos.logback.classic.joran.action.ConfigurationAction - End of configuration.
20:12:22,052 |-INFO in ch.qos.logback.classic.joran.JoranConfigurator@79698539 - Registering current configuration as safe fallback point

Ama winner
Ama winner
2019-06-10T20:12:23.365+0000: 1.769: [Full GC (Metadata GC Threshold) 2019-06-10T20:12:23.365+0000: 1.769: [Tenured: 0K->15241K(341376K), 0.0409033 secs] 114987K->15241K(494976K), [Metaspace: 20734K->20734K(1067008K)], 0.0409705 secs] [Times: user=0.03 sys=0.00, real=0.04 secs] 
20:12:41.039 [Curator-PathChildrenCache-1] WARN  o.a.c.u.ZKPaths  - The version of ZooKeeper being used doesn't support Container nodes. CreateMode.PERSISTENT will be used instead.
2019-06-10T20:12:43.458+0000: 21.863: [GC (Allocation Failure) 2019-06-10T20:12:43.458+0000: 21.863: [DefNew: 136576K->17023K(153600K), 0.0293518 secs] 151817K->52718K(494976K), 0.0294126 secs] [Times: user=0.02 sys=0.02, real=0.03 secs] 
2019-06-10T20:12:46.627+0000: 25.031: [Full GC (Metadata GC Threshold) 2019-06-10T20:12:46.627+0000: 25.031: [Tenured: 35694K->44301K(341376K), 0.0790981 secs] 130904K->44301K(494976K), [Metaspace: 34584K->34584K(1079296K)], 0.0791714 secs] [Times: user=0.08 sys=0.00, real=0.08 secs] 
2019-06-10T20:12:52.186+0000: 30.591: [GC (Allocation Failure) 2019-06-10T20:12:52.186+0000: 30.591: [DefNew: 136576K->77K(153600K), 0.0019038 secs] 180877K->44378K(494976K), 0.0019710 secs] [Times: user=0.01 sys=0.00, real=0.00 secs] 
2019-06-10T20:12:57.755+0000: 36.159: [GC (Allocation Failure) 2019-06-10T20:12:57.755+0000: 36.159: [DefNew: 136653K->76K(153600K), 0.0018322 secs] 180954K->44377K(494976K), 0.0019004 secs] [Times: user=0.00 sys=0.00, real=0.00 secs] 
2019-06-10T20:13:03.311+0000: 41.715: [GC (Allocation Failure) 2019-06-10T20:13:03.311+0000: 41.715: [DefNew: 136652K->81K(153600K), 0.0018121 secs] 180953K->44382K(494976K), 0.0018687 secs] [Times: user=0.00 sys=0.00, real=0.00 secs] 
2019-06-10T20:13:08.902+0000: 47.306: [GC (Allocation Failure) 2019-06-10T20:13:08.902+0000: 47.306: [DefNew: 136657K->111K(153600K), 0.0018411 secs] 180958K->44412K(494976K), 0.0018970 secs] [Times: user=0.01 sys=0.00, real=0.00 secs] 
2019-06-10T20:13:23.409+0000: 61.813: [GC (Allocation Failure) 2019-06-10T20:13:23.409+0000: 61.813: [DefNew: 136687K->333K(153600K), 0.0033073 secs] 180988K->44634K(494976K), 0.0033630 secs] [Times: user=0.00 sys=0.00, real=0.00 secs] 
20:13:23.468 [Curator-PathChildrenCache-0] ERROR o.a.c.f.r.c.PathChildrenCache  - 
java.lang.IllegalStateException: instance must be started before calling this method
	at org.apache.curator.shaded.com.google.common.base.Preconditions.checkState(Preconditions.java:444)
	at org.apache.curator.framework.imps.CuratorFrameworkImpl.getChildren(CuratorFrameworkImpl.java:456)
	at org.apache.curator.framework.recipes.cache.PathChildrenCache.refresh(PathChildrenCache.java:521)
	at org.apache.curator.framework.recipes.cache.RefreshOperation.invoke(RefreshOperation.java:35)
	at org.apache.curator.framework.recipes.cache.PathChildrenCache$9.run(PathChildrenCache.java:786)
	at java.util.concurrent.Executors$RunnableAdapter.call(Executors.java:511)
	at java.util.concurrent.FutureTask.run(FutureTask.java:266)
	at java.util.concurrent.Executors$RunnableAdapter.call(Executors.java:511)
	at java.util.concurrent.FutureTask.run(FutureTask.java:266)
	at java.util.concurrent.ThreadPoolExecutor.runWorker(ThreadPoolExecutor.java:1149)
	at java.util.concurrent.ThreadPoolExecutor$Worker.run(ThreadPoolExecutor.java:624)
	at java.lang.Thread.run(Thread.java:748)
Heap
 def new generation   total 153600K, used 35754K [0x00000000e0c00000, 0x00000000eb2a0000, 0x00000000eb2a0000)
  eden space 136576K,  25% used [0x00000000e0c00000, 0x00000000e2e973b0, 0x00000000e9160000)
  from space 17024K,   1% used [0x00000000e9160000, 0x00000000e91b34f0, 0x00000000ea200000)
  to   space 17024K,   0% used [0x00000000ea200000, 0x00000000ea200000, 0x00000000eb2a0000)
 tenured generation   total 341376K, used 44301K [0x00000000eb2a0000, 0x0000000100000000, 0x0000000100000000)
   the space 341376K,  12% used [0x00000000eb2a0000, 0x00000000edde3408, 0x00000000edde3600, 0x0000000100000000)
 Metaspace       used 36031K, capacity 36908K, committed 37120K, reserved 1081344K
  class space    used 4833K, capacity 5044K, committed 5120K, reserved 1048576K
