18:21:24,136 |-INFO in ch.qos.logback.classic.LoggerContext[default] - Could NOT find resource [logback-test.xml]
18:21:24,136 |-INFO in ch.qos.logback.classic.LoggerContext[default] - Could NOT find resource [logback.groovy]
18:21:24,136 |-INFO in ch.qos.logback.classic.LoggerContext[default] - Found resource [logback.xml] at [jar:file:/root/flamestream/lib/flamestream-runtime-1.0-SNAPSHOT.jar!/logback.xml]
18:21:24,137 |-WARN in ch.qos.logback.classic.LoggerContext[default] - Resource [logback.xml] occurs multiple times on the classpath.
18:21:24,137 |-WARN in ch.qos.logback.classic.LoggerContext[default] - Resource [logback.xml] occurs at [jar:file:/root/flamestream/lib/flamestream-runtime-1.0-SNAPSHOT.jar!/logback.xml]
18:21:24,137 |-WARN in ch.qos.logback.classic.LoggerContext[default] - Resource [logback.xml] occurs at [jar:file:/root/flamestream/flamestream-runtime-1.0-SNAPSHOT.jar!/logback.xml]
18:21:24,162 |-INFO in ch.qos.logback.core.joran.spi.ConfigurationWatchList@3fb6a447 - URL [jar:file:/root/flamestream/lib/flamestream-runtime-1.0-SNAPSHOT.jar!/logback.xml] is not of type file
18:21:24,228 |-INFO in ch.qos.logback.classic.joran.action.ConfigurationAction - debug attribute not set
18:21:24,228 |-INFO in ch.qos.logback.core.joran.action.AppenderAction - About to instantiate appender of type [ch.qos.logback.core.ConsoleAppender]
18:21:24,245 |-INFO in ch.qos.logback.core.joran.action.AppenderAction - Naming appender as [STDOUT]
18:21:24,266 |-INFO in ch.qos.logback.core.joran.action.NestedComplexPropertyIA - Assuming default type [ch.qos.logback.classic.encoder.PatternLayoutEncoder] for [encoder] property
18:21:24,360 |-INFO in ch.qos.logback.core.joran.action.AppenderAction - About to instantiate appender of type [ch.qos.logback.core.rolling.RollingFileAppender]
18:21:24,369 |-INFO in ch.qos.logback.core.joran.action.AppenderAction - Naming appender as [FILE]
18:21:24,398 |-INFO in c.q.l.core.rolling.TimeBasedRollingPolicy@127618319 - No compression will be used
18:21:24,400 |-INFO in c.q.l.core.rolling.TimeBasedRollingPolicy@127618319 - Will use the pattern /tmp/application_%d{yyyy-MM-dd}.%i.log for the active file
18:21:24,403 |-INFO in ch.qos.logback.core.rolling.SizeAndTimeBasedFNATP@6b2fad11 - The date pattern is 'yyyy-MM-dd' from file name pattern '/tmp/application_%d{yyyy-MM-dd}.%i.log'.
18:21:24,403 |-INFO in ch.qos.logback.core.rolling.SizeAndTimeBasedFNATP@6b2fad11 - Roll-over at midnight.
18:21:24,408 |-INFO in ch.qos.logback.core.rolling.SizeAndTimeBasedFNATP@6b2fad11 - Setting initial period to Mon Jun 10 18:19:31 UTC 2019
18:21:24,408 |-WARN in ch.qos.logback.core.rolling.SizeAndTimeBasedFNATP@6b2fad11 - SizeAndTimeBasedFNATP is deprecated. Use SizeAndTimeBasedRollingPolicy instead
18:21:24,408 |-WARN in ch.qos.logback.core.rolling.SizeAndTimeBasedFNATP@6b2fad11 - For more information see http://logback.qos.ch/manual/appenders.html#SizeAndTimeBasedRollingPolicy
18:21:24,413 |-INFO in ch.qos.logback.core.joran.action.NestedComplexPropertyIA - Assuming default type [ch.qos.logback.classic.encoder.PatternLayoutEncoder] for [encoder] property
18:21:24,418 |-INFO in ch.qos.logback.core.rolling.RollingFileAppender[FILE] - Active log file name: /tmp/application.log
18:21:24,418 |-INFO in ch.qos.logback.core.rolling.RollingFileAppender[FILE] - File property is set to [/tmp/application.log]
18:21:24,419 |-INFO in ch.qos.logback.classic.joran.action.RootLoggerAction - Setting level of ROOT logger to WARN
18:21:24,419 |-INFO in ch.qos.logback.core.joran.action.AppenderRefAction - Attaching appender named [STDOUT] to Logger[ROOT]
18:21:24,421 |-INFO in ch.qos.logback.core.joran.action.AppenderRefAction - Attaching appender named [FILE] to Logger[ROOT]
18:21:24,421 |-INFO in ch.qos.logback.classic.joran.action.ConfigurationAction - End of configuration.
18:21:24,422 |-INFO in ch.qos.logback.classic.joran.JoranConfigurator@79698539 - Registering current configuration as safe fallback point

Ama winner
Ama winner
2019-06-10T18:21:25.745+0000: 1.796: [Full GC (Metadata GC Threshold) 2019-06-10T18:21:25.745+0000: 1.796: [Tenured: 0K->15177K(341376K), 0.0400186 secs] 114987K->15177K(494976K), [Metaspace: 20732K->20732K(1067008K)], 0.0400862 secs] [Times: user=0.04 sys=0.00, real=0.04 secs] 
18:21:41.974 [Curator-PathChildrenCache-1] WARN  o.a.c.u.ZKPaths  - The version of ZooKeeper being used doesn't support Container nodes. CreateMode.PERSISTENT will be used instead.
2019-06-10T18:21:44.150+0000: 20.201: [GC (Allocation Failure) 2019-06-10T18:21:44.150+0000: 20.201: [DefNew: 136576K->17023K(153600K), 0.0253915 secs] 151753K->52674K(494976K), 0.0254647 secs] [Times: user=0.02 sys=0.00, real=0.03 secs] 
2019-06-10T18:21:51.557+0000: 27.608: [GC (Allocation Failure) 2019-06-10T18:21:51.557+0000: 27.608: [DefNew: 153599K->257K(153600K), 0.0096835 secs] 189250K->44259K(494976K), 0.0097465 secs] [Times: user=0.00 sys=0.01, real=0.01 secs] 
2019-06-10T18:21:55.862+0000: 31.912: [Full GC (Metadata GC Threshold) 2019-06-10T18:21:55.862+0000: 31.913: [Tenured: 44002K->44253K(341376K), 0.0475854 secs] 128473K->44253K(494976K), [Metaspace: 34585K->34585K(1079296K)], 0.0476643 secs] [Times: user=0.05 sys=0.00, real=0.05 secs] 
2019-06-10T18:22:03.173+0000: 39.223: [GC (Allocation Failure) 2019-06-10T18:22:03.173+0000: 39.223: [DefNew: 136576K->51K(153600K), 0.0016928 secs] 180829K->44304K(494976K), 0.0017620 secs] [Times: user=0.00 sys=0.00, real=0.01 secs] 
2019-06-10T18:22:10.535+0000: 46.586: [GC (Allocation Failure) 2019-06-10T18:22:10.535+0000: 46.586: [DefNew: 136627K->52K(153600K), 0.0017051 secs] 180880K->44306K(494976K), 0.0017661 secs] [Times: user=0.00 sys=0.00, real=0.00 secs] 
2019-06-10T18:22:17.880+0000: 53.931: [GC (Allocation Failure) 2019-06-10T18:22:17.880+0000: 53.931: [DefNew: 136628K->50K(153600K), 0.0016173 secs] 180882K->44304K(494976K), 0.0016781 secs] [Times: user=0.00 sys=0.00, real=0.00 secs] 
2019-06-10T18:22:25.310+0000: 61.361: [GC (Allocation Failure) 2019-06-10T18:22:25.310+0000: 61.361: [DefNew: 136626K->50K(153600K), 0.0016578 secs] 180880K->44304K(494976K), 0.0017179 secs] [Times: user=0.00 sys=0.00, real=0.00 secs] 
18:22:42.053 [Curator-PathChildrenCache-0] ERROR o.a.c.f.r.c.PathChildrenCache  - 
java.lang.IllegalStateException: instance must be started before calling this method
	at org.apache.curator.shaded.com.google.common.base.Preconditions.checkState(Preconditions.java:444)
	at org.apache.curator.framework.imps.CuratorFrameworkImpl.getChildren(CuratorFrameworkImpl.java:456)
	at org.apache.curator.framework.recipes.cache.PathChildrenCache.refresh(PathChildrenCache.java:521)
	at org.apache.curator.framework.recipes.cache.RefreshOperation.invoke(RefreshOperation.java:35)
	at org.apache.curator.framework.recipes.cache.PathChildrenCache$9.run(PathChildrenCache.java:786)
	at java.util.concurrent.Executors$RunnableAdapter.call(Executors.java:511)
	at java.util.concurrent.FutureTask.run(FutureTask.java:266)
	at java.util.concurrent.Executors$RunnableAdapter.call(Executors.java:511)
	at java.util.concurrent.FutureTask.run(FutureTask.java:266)
	at java.util.concurrent.ThreadPoolExecutor.runWorker(ThreadPoolExecutor.java:1149)
	at java.util.concurrent.ThreadPoolExecutor$Worker.run(ThreadPoolExecutor.java:624)
	at java.lang.Thread.run(Thread.java:748)
Heap
 def new generation   total 153600K, used 89708K [0x00000000e0c00000, 0x00000000eb2a0000, 0x00000000eb2a0000)
  eden space 136576K,  65% used [0x00000000e0c00000, 0x00000000e638e7c0, 0x00000000e9160000)
  from space 17024K,   0% used [0x00000000e9160000, 0x00000000e916ca98, 0x00000000ea200000)
  to   space 17024K,   0% used [0x00000000ea200000, 0x00000000ea200000, 0x00000000eb2a0000)
 tenured generation   total 341376K, used 44253K [0x00000000eb2a0000, 0x0000000100000000, 0x0000000100000000)
   the space 341376K,  12% used [0x00000000eb2a0000, 0x00000000eddd76c8, 0x00000000eddd7800, 0x0000000100000000)
 Metaspace       used 36069K, capacity 36986K, committed 37120K, reserved 1081344K
  class space    used 4857K, capacity 5073K, committed 5120K, reserved 1048576K
