19:53:37,546 |-INFO in ch.qos.logback.classic.LoggerContext[default] - Could NOT find resource [logback-test.xml]
19:53:37,546 |-INFO in ch.qos.logback.classic.LoggerContext[default] - Could NOT find resource [logback.groovy]
19:53:37,546 |-INFO in ch.qos.logback.classic.LoggerContext[default] - Found resource [logback.xml] at [jar:file:/root/flamestream/lib/flamestream-runtime-1.0-SNAPSHOT.jar!/logback.xml]
19:53:37,547 |-WARN in ch.qos.logback.classic.LoggerContext[default] - Resource [logback.xml] occurs multiple times on the classpath.
19:53:37,547 |-WARN in ch.qos.logback.classic.LoggerContext[default] - Resource [logback.xml] occurs at [jar:file:/root/flamestream/lib/flamestream-runtime-1.0-SNAPSHOT.jar!/logback.xml]
19:53:37,547 |-WARN in ch.qos.logback.classic.LoggerContext[default] - Resource [logback.xml] occurs at [jar:file:/root/flamestream/flamestream-runtime-1.0-SNAPSHOT.jar!/logback.xml]
19:53:37,567 |-INFO in ch.qos.logback.core.joran.spi.ConfigurationWatchList@3fb6a447 - URL [jar:file:/root/flamestream/lib/flamestream-runtime-1.0-SNAPSHOT.jar!/logback.xml] is not of type file
19:53:37,638 |-INFO in ch.qos.logback.classic.joran.action.ConfigurationAction - debug attribute not set
19:53:37,638 |-INFO in ch.qos.logback.core.joran.action.AppenderAction - About to instantiate appender of type [ch.qos.logback.core.ConsoleAppender]
19:53:37,659 |-INFO in ch.qos.logback.core.joran.action.AppenderAction - Naming appender as [STDOUT]
19:53:37,673 |-INFO in ch.qos.logback.core.joran.action.NestedComplexPropertyIA - Assuming default type [ch.qos.logback.classic.encoder.PatternLayoutEncoder] for [encoder] property
19:53:37,754 |-INFO in ch.qos.logback.core.joran.action.AppenderAction - About to instantiate appender of type [ch.qos.logback.core.rolling.RollingFileAppender]
19:53:37,763 |-INFO in ch.qos.logback.core.joran.action.AppenderAction - Naming appender as [FILE]
19:53:37,793 |-INFO in c.q.l.core.rolling.TimeBasedRollingPolicy@127618319 - No compression will be used
19:53:37,795 |-INFO in c.q.l.core.rolling.TimeBasedRollingPolicy@127618319 - Will use the pattern /tmp/application_%d{yyyy-MM-dd}.%i.log for the active file
19:53:37,798 |-INFO in ch.qos.logback.core.rolling.SizeAndTimeBasedFNATP@6b2fad11 - The date pattern is 'yyyy-MM-dd' from file name pattern '/tmp/application_%d{yyyy-MM-dd}.%i.log'.
19:53:37,798 |-INFO in ch.qos.logback.core.rolling.SizeAndTimeBasedFNATP@6b2fad11 - Roll-over at midnight.
19:53:37,803 |-INFO in ch.qos.logback.core.rolling.SizeAndTimeBasedFNATP@6b2fad11 - Setting initial period to Mon Jun 10 19:52:19 UTC 2019
19:53:37,803 |-WARN in ch.qos.logback.core.rolling.SizeAndTimeBasedFNATP@6b2fad11 - SizeAndTimeBasedFNATP is deprecated. Use SizeAndTimeBasedRollingPolicy instead
19:53:37,803 |-WARN in ch.qos.logback.core.rolling.SizeAndTimeBasedFNATP@6b2fad11 - For more information see http://logback.qos.ch/manual/appenders.html#SizeAndTimeBasedRollingPolicy
19:53:37,807 |-INFO in ch.qos.logback.core.joran.action.NestedComplexPropertyIA - Assuming default type [ch.qos.logback.classic.encoder.PatternLayoutEncoder] for [encoder] property
19:53:37,812 |-INFO in ch.qos.logback.core.rolling.RollingFileAppender[FILE] - Active log file name: /tmp/application.log
19:53:37,812 |-INFO in ch.qos.logback.core.rolling.RollingFileAppender[FILE] - File property is set to [/tmp/application.log]
19:53:37,812 |-INFO in ch.qos.logback.classic.joran.action.RootLoggerAction - Setting level of ROOT logger to WARN
19:53:37,812 |-INFO in ch.qos.logback.core.joran.action.AppenderRefAction - Attaching appender named [STDOUT] to Logger[ROOT]
19:53:37,814 |-INFO in ch.qos.logback.core.joran.action.AppenderRefAction - Attaching appender named [FILE] to Logger[ROOT]
19:53:37,814 |-INFO in ch.qos.logback.classic.joran.action.ConfigurationAction - End of configuration.
19:53:37,815 |-INFO in ch.qos.logback.classic.joran.JoranConfigurator@79698539 - Registering current configuration as safe fallback point

Ama winner
Ama winner
2019-06-10T19:53:39.126+0000: 1.763: [Full GC (Metadata GC Threshold) 2019-06-10T19:53:39.126+0000: 1.763: [Tenured: 0K->15208K(341376K), 0.0407828 secs] 114923K->15208K(494976K), [Metaspace: 20731K->20731K(1067008K)], 0.0408553 secs] [Times: user=0.04 sys=0.00, real=0.04 secs] 
19:53:56.092 [Curator-PathChildrenCache-1] WARN  o.a.c.u.ZKPaths  - The version of ZooKeeper being used doesn't support Container nodes. CreateMode.PERSISTENT will be used instead.
2019-06-10T19:53:58.161+0000: 20.798: [GC (Allocation Failure) 2019-06-10T19:53:58.161+0000: 20.798: [DefNew: 136146K->16488K(153600K), 0.0263505 secs] 151355K->51228K(494976K), 0.0264224 secs] [Times: user=0.02 sys=0.01, real=0.03 secs] 
2019-06-10T19:54:04.807+0000: 27.443: [Full GC (Metadata GC Threshold) 2019-06-10T19:54:04.807+0000: 27.443: [Tenured: 34740K->43336K(341376K), 0.0617843 secs] 160164K->43336K(494976K), [Metaspace: 34647K->34647K(1079296K)], 0.0618901 secs] [Times: user=0.06 sys=0.01, real=0.06 secs] 
2019-06-10T19:54:13.386+0000: 36.023: [GC (Allocation Failure) 2019-06-10T19:54:13.386+0000: 36.023: [DefNew: 136576K->52K(153600K), 0.0017802 secs] 179912K->43388K(494976K), 0.0018400 secs] [Times: user=0.01 sys=0.00, real=0.00 secs] 
2019-06-10T19:54:22.100+0000: 44.736: [GC (Allocation Failure) 2019-06-10T19:54:22.100+0000: 44.736: [DefNew: 136628K->52K(153600K), 0.0016666 secs] 179964K->43388K(494976K), 0.0017291 secs] [Times: user=0.00 sys=0.00, real=0.00 secs] 
2019-06-10T19:54:30.824+0000: 53.461: [GC (Allocation Failure) 2019-06-10T19:54:30.824+0000: 53.461: [DefNew: 136628K->51K(153600K), 0.0016952 secs] 179964K->43388K(494976K), 0.0017567 secs] [Times: user=0.00 sys=0.00, real=0.00 secs] 
2019-06-10T19:54:39.558+0000: 62.194: [GC (Allocation Failure) 2019-06-10T19:54:39.558+0000: 62.194: [DefNew: 136627K->383K(153600K), 0.0021337 secs] 179964K->43719K(494976K), 0.0021946 secs] [Times: user=0.00 sys=0.00, real=0.00 secs] 
2019-06-10T19:54:49.680+0000: 72.317: [GC (Allocation Failure) 2019-06-10T19:54:49.680+0000: 72.317: [DefNew: 136959K->133K(153600K), 0.0018902 secs] 180295K->43469K(494976K), 0.0019587 secs] [Times: user=0.00 sys=0.00, real=0.00 secs] 
19:55:14.516 [Curator-PathChildrenCache-0] ERROR o.a.c.f.r.c.PathChildrenCache  - 
java.lang.IllegalStateException: instance must be started before calling this method
	at org.apache.curator.shaded.com.google.common.base.Preconditions.checkState(Preconditions.java:444)
	at org.apache.curator.framework.imps.CuratorFrameworkImpl.getChildren(CuratorFrameworkImpl.java:456)
	at org.apache.curator.framework.recipes.cache.PathChildrenCache.refresh(PathChildrenCache.java:521)
	at org.apache.curator.framework.recipes.cache.RefreshOperation.invoke(RefreshOperation.java:35)
	at org.apache.curator.framework.recipes.cache.PathChildrenCache$9.run(PathChildrenCache.java:786)
	at java.util.concurrent.Executors$RunnableAdapter.call(Executors.java:511)
	at java.util.concurrent.FutureTask.run(FutureTask.java:266)
	at java.util.concurrent.Executors$RunnableAdapter.call(Executors.java:511)
	at java.util.concurrent.FutureTask.run(FutureTask.java:266)
	at java.util.concurrent.ThreadPoolExecutor.runWorker(ThreadPoolExecutor.java:1149)
	at java.util.concurrent.ThreadPoolExecutor$Worker.run(ThreadPoolExecutor.java:624)
	at java.lang.Thread.run(Thread.java:748)
Heap
 def new generation   total 153600K, used 136038K [0x00000000e0c00000, 0x00000000eb2a0000, 0x00000000eb2a0000)
  eden space 136576K,  99% used [0x00000000e0c00000, 0x00000000e90b84a0, 0x00000000e9160000)
  from space 17024K,   0% used [0x00000000e9160000, 0x00000000e9181540, 0x00000000ea200000)
  to   space 17024K,   0% used [0x00000000ea200000, 0x00000000ea200000, 0x00000000eb2a0000)
 tenured generation   total 341376K, used 43336K [0x00000000eb2a0000, 0x0000000100000000, 0x0000000100000000)
   the space 341376K,  12% used [0x00000000eb2a0000, 0x00000000edcf2178, 0x00000000edcf2200, 0x0000000100000000)
 Metaspace       used 36072K, capacity 36998K, committed 37120K, reserved 1081344K
  class space    used 4877K, capacity 5075K, committed 5120K, reserved 1048576K
