13:02:47,437 |-INFO in ch.qos.logback.classic.LoggerContext[default] - Could NOT find resource [logback-test.xml]
13:02:47,437 |-INFO in ch.qos.logback.classic.LoggerContext[default] - Could NOT find resource [logback.groovy]
13:02:47,438 |-INFO in ch.qos.logback.classic.LoggerContext[default] - Found resource [logback.xml] at [jar:file:/root/flamestream/lib/flamestream-runtime-1.0-SNAPSHOT.jar!/logback.xml]
13:02:47,439 |-WARN in ch.qos.logback.classic.LoggerContext[default] - Resource [logback.xml] occurs multiple times on the classpath.
13:02:47,439 |-WARN in ch.qos.logback.classic.LoggerContext[default] - Resource [logback.xml] occurs at [jar:file:/root/flamestream/lib/flamestream-runtime-1.0-SNAPSHOT.jar!/logback.xml]
13:02:47,439 |-WARN in ch.qos.logback.classic.LoggerContext[default] - Resource [logback.xml] occurs at [jar:file:/root/flamestream/flamestream-runtime-1.0-SNAPSHOT.jar!/logback.xml]
13:02:47,458 |-INFO in ch.qos.logback.core.joran.spi.ConfigurationWatchList@3fb6a447 - URL [jar:file:/root/flamestream/lib/flamestream-runtime-1.0-SNAPSHOT.jar!/logback.xml] is not of type file
13:02:47,524 |-INFO in ch.qos.logback.classic.joran.action.ConfigurationAction - debug attribute not set
13:02:47,525 |-INFO in ch.qos.logback.core.joran.action.AppenderAction - About to instantiate appender of type [ch.qos.logback.core.ConsoleAppender]
13:02:47,540 |-INFO in ch.qos.logback.core.joran.action.AppenderAction - Naming appender as [STDOUT]
13:02:47,560 |-INFO in ch.qos.logback.core.joran.action.NestedComplexPropertyIA - Assuming default type [ch.qos.logback.classic.encoder.PatternLayoutEncoder] for [encoder] property
13:02:47,645 |-INFO in ch.qos.logback.core.joran.action.AppenderAction - About to instantiate appender of type [ch.qos.logback.core.rolling.RollingFileAppender]
13:02:47,651 |-INFO in ch.qos.logback.core.joran.action.AppenderAction - Naming appender as [FILE]
13:02:47,680 |-INFO in c.q.l.core.rolling.TimeBasedRollingPolicy@127618319 - No compression will be used
13:02:47,682 |-INFO in c.q.l.core.rolling.TimeBasedRollingPolicy@127618319 - Will use the pattern /tmp/application_%d{yyyy-MM-dd}.%i.log for the active file
13:02:47,685 |-INFO in ch.qos.logback.core.rolling.SizeAndTimeBasedFNATP@6b2fad11 - The date pattern is 'yyyy-MM-dd' from file name pattern '/tmp/application_%d{yyyy-MM-dd}.%i.log'.
13:02:47,685 |-INFO in ch.qos.logback.core.rolling.SizeAndTimeBasedFNATP@6b2fad11 - Roll-over at midnight.
13:02:47,690 |-INFO in ch.qos.logback.core.rolling.SizeAndTimeBasedFNATP@6b2fad11 - Setting initial period to Mon Jun 10 13:01:20 UTC 2019
13:02:47,690 |-WARN in ch.qos.logback.core.rolling.SizeAndTimeBasedFNATP@6b2fad11 - SizeAndTimeBasedFNATP is deprecated. Use SizeAndTimeBasedRollingPolicy instead
13:02:47,690 |-WARN in ch.qos.logback.core.rolling.SizeAndTimeBasedFNATP@6b2fad11 - For more information see http://logback.qos.ch/manual/appenders.html#SizeAndTimeBasedRollingPolicy
13:02:47,693 |-INFO in ch.qos.logback.core.joran.action.NestedComplexPropertyIA - Assuming default type [ch.qos.logback.classic.encoder.PatternLayoutEncoder] for [encoder] property
13:02:47,698 |-INFO in ch.qos.logback.core.rolling.RollingFileAppender[FILE] - Active log file name: /tmp/application.log
13:02:47,698 |-INFO in ch.qos.logback.core.rolling.RollingFileAppender[FILE] - File property is set to [/tmp/application.log]
13:02:47,699 |-INFO in ch.qos.logback.classic.joran.action.RootLoggerAction - Setting level of ROOT logger to WARN
13:02:47,699 |-INFO in ch.qos.logback.core.joran.action.AppenderRefAction - Attaching appender named [STDOUT] to Logger[ROOT]
13:02:47,701 |-INFO in ch.qos.logback.core.joran.action.AppenderRefAction - Attaching appender named [FILE] to Logger[ROOT]
13:02:47,701 |-INFO in ch.qos.logback.classic.joran.action.ConfigurationAction - End of configuration.
13:02:47,702 |-INFO in ch.qos.logback.classic.joran.JoranConfigurator@79698539 - Registering current configuration as safe fallback point

Ama winner
Ama winner
2019-06-10T13:02:48.950+0000: 1.698: [Full GC (Metadata GC Threshold) 2019-06-10T13:02:48.950+0000: 1.698: [Tenured: 0K->15208K(341376K), 0.0397981 secs] 114987K->15208K(494976K), [Metaspace: 20733K->20733K(1067008K)], 0.0398633 secs] [Times: user=0.04 sys=0.00, real=0.04 secs] 
13:03:05.782 [Curator-PathChildrenCache-1] WARN  o.a.c.u.ZKPaths  - The version of ZooKeeper being used doesn't support Container nodes. CreateMode.PERSISTENT will be used instead.
2019-06-10T13:03:08.055+0000: 20.804: [GC (Allocation Failure) 2019-06-10T13:03:08.055+0000: 20.804: [DefNew: 136576K->17023K(153600K), 0.0266966 secs] 151784K->52621K(494976K), 0.0267672 secs] [Times: user=0.03 sys=0.00, real=0.03 secs] 
2019-06-10T13:03:09.521+0000: 22.270: [Full GC (Metadata GC Threshold) 2019-06-10T13:03:09.521+0000: 22.270: [Tenured: 35597K->44519K(341376K), 0.0400312 secs] 81317K->44519K(494976K), [Metaspace: 34587K->34587K(1079296K)], 0.0401163 secs] [Times: user=0.04 sys=0.00, real=0.04 secs] 
2019-06-10T13:03:19.532+0000: 32.281: [GC (Allocation Failure) 2019-06-10T13:03:19.532+0000: 32.281: [DefNew: 136576K->68K(153600K), 0.0019774 secs] 181095K->44587K(494976K), 0.0020374 secs] [Times: user=0.01 sys=0.00, real=0.00 secs] 
2019-06-10T13:03:29.573+0000: 42.321: [GC (Allocation Failure) 2019-06-10T13:03:29.573+0000: 42.321: [DefNew: 136644K->67K(153600K), 0.0018449 secs] 181163K->44586K(494976K), 0.0019236 secs] [Times: user=0.01 sys=0.00, real=0.00 secs] 
2019-06-10T13:03:39.745+0000: 52.494: [GC (Allocation Failure) 2019-06-10T13:03:39.745+0000: 52.494: [DefNew: 136643K->70K(153600K), 0.0018154 secs] 181162K->44589K(494976K), 0.0018744 secs] [Times: user=0.00 sys=0.00, real=0.00 secs] 
2019-06-10T13:03:49.827+0000: 62.576: [GC (Allocation Failure) 2019-06-10T13:03:49.827+0000: 62.576: [DefNew: 136646K->412K(153600K), 0.0023129 secs] 181165K->44931K(494976K), 0.0023860 secs] [Times: user=0.00 sys=0.00, real=0.00 secs] 
2019-06-10T13:04:02.275+0000: 75.024: [GC (Allocation Failure) 2019-06-10T13:04:02.275+0000: 75.024: [DefNew: 136988K->169K(153600K), 0.0022154 secs] 181507K->44688K(494976K), 0.0022917 secs] [Times: user=0.00 sys=0.00, real=0.00 secs] 
2019-06-10T13:04:14.779+0000: 87.528: [GC (Allocation Failure) 2019-06-10T13:04:14.779+0000: 87.528: [DefNew: 136745K->171K(153600K), 0.0021409 secs] 181264K->44691K(494976K), 0.0022023 secs] [Times: user=0.00 sys=0.00, real=0.00 secs] 
13:04:31.911 [Curator-PathChildrenCache-0] ERROR o.a.c.f.r.c.PathChildrenCache  - 
java.lang.IllegalStateException: instance must be started before calling this method
	at org.apache.curator.shaded.com.google.common.base.Preconditions.checkState(Preconditions.java:444)
	at org.apache.curator.framework.imps.CuratorFrameworkImpl.getChildren(CuratorFrameworkImpl.java:456)
	at org.apache.curator.framework.recipes.cache.PathChildrenCache.refresh(PathChildrenCache.java:521)
	at org.apache.curator.framework.recipes.cache.RefreshOperation.invoke(RefreshOperation.java:35)
	at org.apache.curator.framework.recipes.cache.PathChildrenCache$9.run(PathChildrenCache.java:786)
	at java.util.concurrent.Executors$RunnableAdapter.call(Executors.java:511)
	at java.util.concurrent.FutureTask.run(FutureTask.java:266)
	at java.util.concurrent.Executors$RunnableAdapter.call(Executors.java:511)
	at java.util.concurrent.FutureTask.run(FutureTask.java:266)
	at java.util.concurrent.ThreadPoolExecutor.runWorker(ThreadPoolExecutor.java:1149)
	at java.util.concurrent.ThreadPoolExecutor$Worker.run(ThreadPoolExecutor.java:624)
	at java.lang.Thread.run(Thread.java:748)
Heap
 def new generation   total 153600K, used 129184K [0x00000000e0c00000, 0x00000000eb2a0000, 0x00000000eb2a0000)
  eden space 136576K,  94% used [0x00000000e0c00000, 0x00000000e89fd418, 0x00000000e9160000)
  from space 17024K,   1% used [0x00000000ea200000, 0x00000000ea22af30, 0x00000000eb2a0000)
  to   space 17024K,   0% used [0x00000000e9160000, 0x00000000e9160000, 0x00000000ea200000)
 tenured generation   total 341376K, used 44519K [0x00000000eb2a0000, 0x0000000100000000, 0x0000000100000000)
   the space 341376K,  13% used [0x00000000eb2a0000, 0x00000000ede19d00, 0x00000000ede19e00, 0x0000000100000000)
 Metaspace       used 36256K, capacity 37118K, committed 37376K, reserved 1081344K
  class space    used 4868K, capacity 5073K, committed 5120K, reserved 1048576K
