23:12:55,654 |-INFO in ch.qos.logback.classic.LoggerContext[default] - Could NOT find resource [logback-test.xml]
23:12:55,655 |-INFO in ch.qos.logback.classic.LoggerContext[default] - Could NOT find resource [logback.groovy]
23:12:55,655 |-INFO in ch.qos.logback.classic.LoggerContext[default] - Found resource [logback.xml] at [jar:file:/home/nikitasokolov/flamestream/lib/flamestream-runtime-1.0-SNAPSHOT.jar!/logback.xml]
23:12:55,655 |-WARN in ch.qos.logback.classic.LoggerContext[default] - Resource [logback.xml] occurs multiple times on the classpath.
23:12:55,656 |-WARN in ch.qos.logback.classic.LoggerContext[default] - Resource [logback.xml] occurs at [jar:file:/home/nikitasokolov/flamestream/lib/flamestream-runtime-1.0-SNAPSHOT.jar!/logback.xml]
23:12:55,656 |-WARN in ch.qos.logback.classic.LoggerContext[default] - Resource [logback.xml] occurs at [jar:file:/home/nikitasokolov/flamestream/flamestream-runtime-1.0-SNAPSHOT.jar!/logback.xml]
23:12:55,672 |-INFO in ch.qos.logback.core.joran.spi.ConfigurationWatchList@6108b2d7 - URL [jar:file:/home/nikitasokolov/flamestream/lib/flamestream-runtime-1.0-SNAPSHOT.jar!/logback.xml] is not of type file
23:12:55,722 |-INFO in ch.qos.logback.classic.joran.action.ConfigurationAction - debug attribute not set
23:12:55,723 |-INFO in ch.qos.logback.core.joran.action.AppenderAction - About to instantiate appender of type [ch.qos.logback.core.ConsoleAppender]
23:12:55,734 |-INFO in ch.qos.logback.core.joran.action.AppenderAction - Naming appender as [STDOUT]
23:12:55,744 |-INFO in ch.qos.logback.core.joran.action.NestedComplexPropertyIA - Assuming default type [ch.qos.logback.classic.encoder.PatternLayoutEncoder] for [encoder] property
23:12:55,797 |-INFO in ch.qos.logback.core.joran.action.AppenderAction - About to instantiate appender of type [ch.qos.logback.core.rolling.RollingFileAppender]
23:12:55,802 |-INFO in ch.qos.logback.core.joran.action.AppenderAction - Naming appender as [FILE]
23:12:55,825 |-INFO in c.q.l.core.rolling.TimeBasedRollingPolicy@357863579 - No compression will be used
23:12:55,826 |-INFO in c.q.l.core.rolling.TimeBasedRollingPolicy@357863579 - Will use the pattern /tmp/application_%d{yyyy-MM-dd}.%i.log for the active file
23:12:55,829 |-INFO in ch.qos.logback.core.rolling.SizeAndTimeBasedFNATP@6bf256fa - The date pattern is 'yyyy-MM-dd' from file name pattern '/tmp/application_%d{yyyy-MM-dd}.%i.log'.
23:12:55,829 |-INFO in ch.qos.logback.core.rolling.SizeAndTimeBasedFNATP@6bf256fa - Roll-over at midnight.
23:12:55,833 |-INFO in ch.qos.logback.core.rolling.SizeAndTimeBasedFNATP@6bf256fa - Setting initial period to Sat Jun 08 23:12:16 MSK 2019
23:12:55,833 |-WARN in ch.qos.logback.core.rolling.SizeAndTimeBasedFNATP@6bf256fa - SizeAndTimeBasedFNATP is deprecated. Use SizeAndTimeBasedRollingPolicy instead
23:12:55,833 |-WARN in ch.qos.logback.core.rolling.SizeAndTimeBasedFNATP@6bf256fa - For more information see http://logback.qos.ch/manual/appenders.html#SizeAndTimeBasedRollingPolicy
23:12:55,838 |-INFO in ch.qos.logback.core.joran.action.NestedComplexPropertyIA - Assuming default type [ch.qos.logback.classic.encoder.PatternLayoutEncoder] for [encoder] property
23:12:55,840 |-INFO in ch.qos.logback.core.rolling.RollingFileAppender[FILE] - Active log file name: /tmp/application.log
23:12:55,840 |-INFO in ch.qos.logback.core.rolling.RollingFileAppender[FILE] - File property is set to [/tmp/application.log]
23:12:55,841 |-INFO in ch.qos.logback.classic.joran.action.RootLoggerAction - Setting level of ROOT logger to WARN
23:12:55,841 |-INFO in ch.qos.logback.core.joran.action.AppenderRefAction - Attaching appender named [STDOUT] to Logger[ROOT]
23:12:55,842 |-INFO in ch.qos.logback.core.joran.action.AppenderRefAction - Attaching appender named [FILE] to Logger[ROOT]
23:12:55,842 |-INFO in ch.qos.logback.classic.joran.action.ConfigurationAction - End of configuration.
23:12:55,843 |-INFO in ch.qos.logback.classic.joran.JoranConfigurator@6cd8737 - Registering current configuration as safe fallback point

2019-06-08T23:12:56.831+0300: 1.372: [GC (Metadata GC Threshold) [PSYoungGen: 105582K->15777K(149504K)] 105582K->15857K(491008K), 0.0191765 secs] [Times: user=0.06 sys=0.01, real=0.02 secs] 
2019-06-08T23:12:56.850+0300: 1.391: [Full GC (Metadata GC Threshold) [PSYoungGen: 15777K->0K(149504K)] [ParOldGen: 80K->14981K(341504K)] 15857K->14981K(491008K), [Metaspace: 20800K->20800K(1067008K)], 0.0266593 secs] [Times: user=0.18 sys=0.01, real=0.02 secs] 
23:13:08.164 [Curator-PathChildrenCache-2] WARN  o.a.c.u.ZKPaths  - The version of ZooKeeper being used doesn't support Container nodes. CreateMode.PERSISTENT will be used instead.
2019-06-08T23:13:08.907+0300: 13.448: [GC (Metadata GC Threshold) [PSYoungGen: 127450K->16686K(149504K)] 142431K->51207K(491008K), 0.0272558 secs] [Times: user=0.19 sys=0.03, real=0.03 secs] 
2019-06-08T23:13:08.935+0300: 13.476: [Full GC (Metadata GC Threshold) [PSYoungGen: 16686K->0K(149504K)] [ParOldGen: 34520K->39573K(341504K)] 51207K->39573K(491008K), [Metaspace: 34468K->34468K(1079296K)], 0.0417176 secs] [Times: user=0.27 sys=0.01, real=0.04 secs] 
2019-06-08T23:13:11.135+0300: 15.676: [GC (Allocation Failure) [PSYoungGen: 128512K->704K(149504K)] 168085K->40285K(491008K), 0.0038191 secs] [Times: user=0.02 sys=0.00, real=0.01 secs] 
2019-06-08T23:13:13.512+0300: 18.053: [GC (Allocation Failure) [PSYoungGen: 129216K->704K(149504K)] 168797K->40293K(491008K), 0.0031129 secs] [Times: user=0.01 sys=0.00, real=0.00 secs] 
2019-06-08T23:13:15.378+0300: 19.919: [GC (Allocation Failure) [PSYoungGen: 129216K->608K(129536K)] 168805K->40205K(471040K), 0.0035014 secs] [Times: user=0.03 sys=0.00, real=0.00 secs] 
2019-06-08T23:13:17.010+0300: 21.551: [GC (Allocation Failure) [PSYoungGen: 129120K->672K(149504K)] 168717K->40277K(491008K), 0.0056268 secs] [Times: user=0.03 sys=0.01, real=0.00 secs] 
2019-06-08T23:13:18.965+0300: 23.506: [GC (Allocation Failure) [PSYoungGen: 128160K->544K(148480K)] 167765K->40157K(489984K), 0.0677027 secs] [Times: user=0.02 sys=0.00, real=0.07 secs] 
2019-06-08T23:13:20.363+0300: 24.904: [GC (Allocation Failure) [PSYoungGen: 128032K->672K(151040K)] 167645K->40293K(492544K), 0.0031274 secs] [Times: user=0.02 sys=0.00, real=0.00 secs] 
2019-06-08T23:13:21.956+0300: 26.497: [GC (Allocation Failure) [PSYoungGen: 131232K->736K(150016K)] 170853K->40365K(491520K), 0.0031532 secs] [Times: user=0.01 sys=0.00, real=0.01 secs] 
2019-06-08T23:13:23.254+0300: 27.795: [GC (Allocation Failure) [PSYoungGen: 131296K->736K(152576K)] 170925K->40373K(494080K), 0.0039306 secs] [Times: user=0.01 sys=0.00, real=0.01 secs] 
2019-06-08T23:13:24.504+0300: 29.045: [GC (Allocation Failure) [PSYoungGen: 134880K->672K(152064K)] 174517K->40317K(493568K), 0.0733014 secs] [Times: user=0.02 sys=0.01, real=0.08 secs] 
2019-06-08T23:13:26.037+0300: 30.578: [GC (Allocation Failure) [PSYoungGen: 134816K->864K(154624K)] 174461K->40509K(496128K), 0.0034954 secs] [Times: user=0.01 sys=0.01, real=0.01 secs] 
2019-06-08T23:13:27.415+0300: 31.956: [GC (Allocation Failure) [PSYoungGen: 138592K->768K(153600K)] 178237K->40413K(495104K), 0.0030354 secs] [Times: user=0.01 sys=0.00, real=0.01 secs] 
2019-06-08T23:13:29.141+0300: 33.682: [GC (Allocation Failure) [PSYoungGen: 138496K->736K(156160K)] 178141K->40389K(497664K), 0.0051620 secs] [Times: user=0.02 sys=0.01, real=0.00 secs] 
2019-06-08T23:13:30.534+0300: 35.075: [GC (Allocation Failure) [PSYoungGen: 141536K->736K(155136K)] 181189K->40389K(496640K), 0.0028458 secs] [Times: user=0.02 sys=0.00, real=0.00 secs] 
2019-06-08T23:13:32.128+0300: 36.669: [GC (Allocation Failure) [PSYoungGen: 141536K->800K(157696K)] 181189K->40461K(499200K), 0.0023868 secs] [Times: user=0.02 sys=0.00, real=0.01 secs] 
2019-06-08T23:13:33.543+0300: 38.084: [GC (Allocation Failure) [PSYoungGen: 144672K->800K(156672K)] 184333K->40461K(498176K), 0.0025866 secs] [Times: user=0.01 sys=0.01, real=0.00 secs] 
2019-06-08T23:13:35.077+0300: 39.618: [GC (Allocation Failure) [PSYoungGen: 144672K->736K(159232K)] 184333K->40733K(500736K), 0.0028192 secs] [Times: user=0.02 sys=0.01, real=0.01 secs] 
2019-06-08T23:13:37.210+0300: 41.751: [GC (Allocation Failure) [PSYoungGen: 147680K->576K(158208K)] 187677K->40637K(499712K), 0.0024383 secs] [Times: user=0.01 sys=0.00, real=0.00 secs] 
2019-06-08T23:13:39.585+0300: 44.126: [GC (Allocation Failure) [PSYoungGen: 147520K->672K(160256K)] 187581K->40765K(501760K), 0.0029187 secs] [Times: user=0.01 sys=0.00, real=0.00 secs] 
23:13:46.819 [Curator-PathChildrenCache-0] ERROR o.a.c.f.r.c.PathChildrenCache  - 
java.lang.IllegalStateException: instance must be started before calling this method
	at org.apache.curator.shaded.com.google.common.base.Preconditions.checkState(Preconditions.java:444)
	at org.apache.curator.framework.imps.CuratorFrameworkImpl.getChildren(CuratorFrameworkImpl.java:456)
	at org.apache.curator.framework.recipes.cache.PathChildrenCache.refresh(PathChildrenCache.java:521)
	at org.apache.curator.framework.recipes.cache.RefreshOperation.invoke(RefreshOperation.java:35)
	at org.apache.curator.framework.recipes.cache.PathChildrenCache$9.run(PathChildrenCache.java:786)
	at java.util.concurrent.Executors$RunnableAdapter.call(Executors.java:511)
	at java.util.concurrent.FutureTask.run(FutureTask.java:266)
	at java.util.concurrent.Executors$RunnableAdapter.call(Executors.java:511)
	at java.util.concurrent.FutureTask.run(FutureTask.java:266)
	at java.util.concurrent.ThreadPoolExecutor.runWorker(ThreadPoolExecutor.java:1149)
	at java.util.concurrent.ThreadPoolExecutor$Worker.run(ThreadPoolExecutor.java:624)
	at java.lang.Thread.run(Thread.java:748)
Heap
 PSYoungGen      total 160256K, used 96648K [0x00000000f5980000, 0x0000000100000000, 0x0000000100000000)
  eden space 149504K, 64% used [0x00000000f5980000,0x00000000fb73a0f0,0x00000000feb80000)
  from space 10752K, 6% used [0x00000000ff580000,0x00000000ff628050,0x0000000100000000)
  to   space 10240K, 0% used [0x00000000feb80000,0x00000000feb80000,0x00000000ff580000)
 ParOldGen       total 341504K, used 40093K [0x00000000e0c00000, 0x00000000f5980000, 0x00000000f5980000)
  object space 341504K, 11% used [0x00000000e0c00000,0x00000000e3327610,0x00000000f5980000)
 Metaspace       used 36007K, capacity 36994K, committed 37208K, reserved 1081344K
  class space    used 4972K, capacity 5187K, committed 5248K, reserved 1048576K
