19:14:58,252 |-INFO in ch.qos.logback.classic.LoggerContext[default] - Could NOT find resource [logback-test.xml]
19:14:58,256 |-INFO in ch.qos.logback.classic.LoggerContext[default] - Could NOT find resource [logback.groovy]
19:14:58,257 |-INFO in ch.qos.logback.classic.LoggerContext[default] - Found resource [logback.xml] at [jar:file:/root/flamestream/lib/flamestream-runtime-1.0-SNAPSHOT.jar!/logback.xml]
19:14:58,257 |-WARN in ch.qos.logback.classic.LoggerContext[default] - Resource [logback.xml] occurs multiple times on the classpath.
19:14:58,258 |-WARN in ch.qos.logback.classic.LoggerContext[default] - Resource [logback.xml] occurs at [jar:file:/root/flamestream/lib/flamestream-runtime-1.0-SNAPSHOT.jar!/logback.xml]
19:14:58,258 |-WARN in ch.qos.logback.classic.LoggerContext[default] - Resource [logback.xml] occurs at [jar:file:/root/flamestream/flamestream-runtime-1.0-SNAPSHOT.jar!/logback.xml]
19:14:58,278 |-INFO in ch.qos.logback.core.joran.spi.ConfigurationWatchList@3fb6a447 - URL [jar:file:/root/flamestream/lib/flamestream-runtime-1.0-SNAPSHOT.jar!/logback.xml] is not of type file
19:14:58,346 |-INFO in ch.qos.logback.classic.joran.action.ConfigurationAction - debug attribute not set
19:14:58,347 |-INFO in ch.qos.logback.core.joran.action.AppenderAction - About to instantiate appender of type [ch.qos.logback.core.ConsoleAppender]
19:14:58,363 |-INFO in ch.qos.logback.core.joran.action.AppenderAction - Naming appender as [STDOUT]
19:14:58,383 |-INFO in ch.qos.logback.core.joran.action.NestedComplexPropertyIA - Assuming default type [ch.qos.logback.classic.encoder.PatternLayoutEncoder] for [encoder] property
19:14:58,467 |-INFO in ch.qos.logback.core.joran.action.AppenderAction - About to instantiate appender of type [ch.qos.logback.core.rolling.RollingFileAppender]
19:14:58,472 |-INFO in ch.qos.logback.core.joran.action.AppenderAction - Naming appender as [FILE]
19:14:58,503 |-INFO in c.q.l.core.rolling.TimeBasedRollingPolicy@127618319 - No compression will be used
19:14:58,504 |-INFO in c.q.l.core.rolling.TimeBasedRollingPolicy@127618319 - Will use the pattern /tmp/application_%d{yyyy-MM-dd}.%i.log for the active file
19:14:58,507 |-INFO in ch.qos.logback.core.rolling.SizeAndTimeBasedFNATP@6b2fad11 - The date pattern is 'yyyy-MM-dd' from file name pattern '/tmp/application_%d{yyyy-MM-dd}.%i.log'.
19:14:58,507 |-INFO in ch.qos.logback.core.rolling.SizeAndTimeBasedFNATP@6b2fad11 - Roll-over at midnight.
19:14:58,512 |-INFO in ch.qos.logback.core.rolling.SizeAndTimeBasedFNATP@6b2fad11 - Setting initial period to Mon Jun 10 19:13:19 UTC 2019
19:14:58,512 |-WARN in ch.qos.logback.core.rolling.SizeAndTimeBasedFNATP@6b2fad11 - SizeAndTimeBasedFNATP is deprecated. Use SizeAndTimeBasedRollingPolicy instead
19:14:58,512 |-WARN in ch.qos.logback.core.rolling.SizeAndTimeBasedFNATP@6b2fad11 - For more information see http://logback.qos.ch/manual/appenders.html#SizeAndTimeBasedRollingPolicy
19:14:58,516 |-INFO in ch.qos.logback.core.joran.action.NestedComplexPropertyIA - Assuming default type [ch.qos.logback.classic.encoder.PatternLayoutEncoder] for [encoder] property
19:14:58,521 |-INFO in ch.qos.logback.core.rolling.RollingFileAppender[FILE] - Active log file name: /tmp/application.log
19:14:58,521 |-INFO in ch.qos.logback.core.rolling.RollingFileAppender[FILE] - File property is set to [/tmp/application.log]
19:14:58,522 |-INFO in ch.qos.logback.classic.joran.action.RootLoggerAction - Setting level of ROOT logger to WARN
19:14:58,522 |-INFO in ch.qos.logback.core.joran.action.AppenderRefAction - Attaching appender named [STDOUT] to Logger[ROOT]
19:14:58,524 |-INFO in ch.qos.logback.core.joran.action.AppenderRefAction - Attaching appender named [FILE] to Logger[ROOT]
19:14:58,524 |-INFO in ch.qos.logback.classic.joran.action.ConfigurationAction - End of configuration.
19:14:58,525 |-INFO in ch.qos.logback.classic.joran.JoranConfigurator@79698539 - Registering current configuration as safe fallback point

Ama winner
Ama winner
2019-06-10T19:14:59.825+0000: 1.753: [Full GC (Metadata GC Threshold) 2019-06-10T19:14:59.825+0000: 1.753: [Tenured: 0K->15169K(341376K), 0.0410474 secs] 114986K->15169K(494976K), [Metaspace: 20729K->20729K(1067008K)], 0.0411172 secs] [Times: user=0.02 sys=0.01, real=0.04 secs] 
19:15:30.260 [Curator-PathChildrenCache-1] WARN  o.a.c.u.ZKPaths  - The version of ZooKeeper being used doesn't support Container nodes. CreateMode.PERSISTENT will be used instead.
2019-06-10T19:15:32.482+0000: 34.410: [GC (Allocation Failure) 2019-06-10T19:15:32.483+0000: 34.410: [DefNew: 136576K->17024K(153600K), 0.0259469 secs] 151745K->52679K(494976K), 0.0260170 secs] [Times: user=0.02 sys=0.01, real=0.03 secs] 
2019-06-10T19:15:34.343+0000: 36.270: [Full GC (Metadata GC Threshold) 2019-06-10T19:15:34.343+0000: 36.270: [Tenured: 35655K->44266K(341376K), 0.0671415 secs] 86434K->44266K(494976K), [Metaspace: 34507K->34507K(1079296K)], 0.0672267 secs] [Times: user=0.07 sys=0.00, real=0.07 secs] 
2019-06-10T19:15:43.090+0000: 45.018: [GC (Allocation Failure) 2019-06-10T19:15:43.090+0000: 45.018: [DefNew: 136576K->68K(153600K), 0.0018910 secs] 180842K->44335K(494976K), 0.0019528 secs] [Times: user=0.00 sys=0.00, real=0.00 secs] 
2019-06-10T19:15:51.759+0000: 53.687: [GC (Allocation Failure) 2019-06-10T19:15:51.759+0000: 53.687: [DefNew: 136644K->69K(153600K), 0.0017531 secs] 180911K->44335K(494976K), 0.0018256 secs] [Times: user=0.00 sys=0.00, real=0.00 secs] 
2019-06-10T19:16:00.674+0000: 62.602: [GC (Allocation Failure) 2019-06-10T19:16:00.674+0000: 62.602: [DefNew: 136645K->390K(153600K), 0.0021674 secs] 180911K->44656K(494976K), 0.0022222 secs] [Times: user=0.01 sys=0.00, real=0.01 secs] 
2019-06-10T19:16:11.159+0000: 73.086: [GC (Allocation Failure) 2019-06-10T19:16:11.159+0000: 73.086: [DefNew: 136966K->150K(153600K), 0.0020170 secs] 181232K->44417K(494976K), 0.0020917 secs] [Times: user=0.00 sys=0.00, real=0.00 secs] 
2019-06-10T19:16:21.636+0000: 83.563: [GC (Allocation Failure) 2019-06-10T19:16:21.636+0000: 83.564: [DefNew: 136726K->151K(153600K), 0.0020245 secs] 180993K->44417K(494976K), 0.0020884 secs] [Times: user=0.00 sys=0.00, real=0.00 secs] 
2019-06-10T19:16:40.285+0000: 102.212: [GC (Allocation Failure) 2019-06-10T19:16:40.285+0000: 102.212: [DefNew: 136727K->304K(153600K), 0.0028747 secs] 180993K->44570K(494976K), 0.0029270 secs] [Times: user=0.00 sys=0.00, real=0.00 secs] 
19:16:40.326 [Curator-PathChildrenCache-0] ERROR o.a.c.f.r.c.PathChildrenCache  - 
java.lang.IllegalStateException: instance must be started before calling this method
	at org.apache.curator.shaded.com.google.common.base.Preconditions.checkState(Preconditions.java:444)
	at org.apache.curator.framework.imps.CuratorFrameworkImpl.getChildren(CuratorFrameworkImpl.java:456)
	at org.apache.curator.framework.recipes.cache.PathChildrenCache.refresh(PathChildrenCache.java:521)
	at org.apache.curator.framework.recipes.cache.RefreshOperation.invoke(RefreshOperation.java:35)
	at org.apache.curator.framework.recipes.cache.PathChildrenCache$9.run(PathChildrenCache.java:786)
	at java.util.concurrent.Executors$RunnableAdapter.call(Executors.java:511)
	at java.util.concurrent.FutureTask.run(FutureTask.java:266)
	at java.util.concurrent.Executors$RunnableAdapter.call(Executors.java:511)
	at java.util.concurrent.FutureTask.run(FutureTask.java:266)
	at java.util.concurrent.ThreadPoolExecutor.runWorker(ThreadPoolExecutor.java:1149)
	at java.util.concurrent.ThreadPoolExecutor$Worker.run(ThreadPoolExecutor.java:624)
	at java.lang.Thread.run(Thread.java:748)
Heap
 def new generation   total 153600K, used 11638K [0x00000000e0c00000, 0x00000000eb2a0000, 0x00000000eb2a0000)
  eden space 136576K,   8% used [0x00000000e0c00000, 0x00000000e17117d0, 0x00000000e9160000)
  from space 17024K,   1% used [0x00000000ea200000, 0x00000000ea24c1e0, 0x00000000eb2a0000)
  to   space 17024K,   0% used [0x00000000e9160000, 0x00000000e9160000, 0x00000000ea200000)
 tenured generation   total 341376K, used 44266K [0x00000000eb2a0000, 0x0000000100000000, 0x0000000100000000)
   the space 341376K,  12% used [0x00000000eb2a0000, 0x00000000eddda918, 0x00000000edddaa00, 0x0000000100000000)
 Metaspace       used 36018K, capacity 36922K, committed 37120K, reserved 1081344K
  class space    used 4854K, capacity 5073K, committed 5120K, reserved 1048576K
