08:05:08,594 |-INFO in ch.qos.logback.classic.LoggerContext[default] - Could NOT find resource [logback-test.xml]
08:05:08,594 |-INFO in ch.qos.logback.classic.LoggerContext[default] - Could NOT find resource [logback.groovy]
08:05:08,594 |-INFO in ch.qos.logback.classic.LoggerContext[default] - Found resource [logback.xml] at [jar:file:/root/flamestream/lib/flamestream-runtime-1.0-SNAPSHOT.jar!/logback.xml]
08:05:08,595 |-WARN in ch.qos.logback.classic.LoggerContext[default] - Resource [logback.xml] occurs multiple times on the classpath.
08:05:08,595 |-WARN in ch.qos.logback.classic.LoggerContext[default] - Resource [logback.xml] occurs at [jar:file:/root/flamestream/lib/flamestream-runtime-1.0-SNAPSHOT.jar!/logback.xml]
08:05:08,595 |-WARN in ch.qos.logback.classic.LoggerContext[default] - Resource [logback.xml] occurs at [jar:file:/root/flamestream/flamestream-runtime-1.0-SNAPSHOT.jar!/logback.xml]
08:05:08,615 |-INFO in ch.qos.logback.core.joran.spi.ConfigurationWatchList@3fb6a447 - URL [jar:file:/root/flamestream/lib/flamestream-runtime-1.0-SNAPSHOT.jar!/logback.xml] is not of type file
08:05:08,681 |-INFO in ch.qos.logback.classic.joran.action.ConfigurationAction - debug attribute not set
08:05:08,682 |-INFO in ch.qos.logback.core.joran.action.AppenderAction - About to instantiate appender of type [ch.qos.logback.core.ConsoleAppender]
08:05:08,698 |-INFO in ch.qos.logback.core.joran.action.AppenderAction - Naming appender as [STDOUT]
08:05:08,712 |-INFO in ch.qos.logback.core.joran.action.NestedComplexPropertyIA - Assuming default type [ch.qos.logback.classic.encoder.PatternLayoutEncoder] for [encoder] property
08:05:08,807 |-INFO in ch.qos.logback.core.joran.action.AppenderAction - About to instantiate appender of type [ch.qos.logback.core.rolling.RollingFileAppender]
08:05:08,812 |-INFO in ch.qos.logback.core.joran.action.AppenderAction - Naming appender as [FILE]
08:05:08,849 |-INFO in c.q.l.core.rolling.TimeBasedRollingPolicy@127618319 - No compression will be used
08:05:08,850 |-INFO in c.q.l.core.rolling.TimeBasedRollingPolicy@127618319 - Will use the pattern /tmp/application_%d{yyyy-MM-dd}.%i.log for the active file
08:05:08,853 |-INFO in ch.qos.logback.core.rolling.SizeAndTimeBasedFNATP@6b2fad11 - The date pattern is 'yyyy-MM-dd' from file name pattern '/tmp/application_%d{yyyy-MM-dd}.%i.log'.
08:05:08,853 |-INFO in ch.qos.logback.core.rolling.SizeAndTimeBasedFNATP@6b2fad11 - Roll-over at midnight.
08:05:08,858 |-INFO in ch.qos.logback.core.rolling.SizeAndTimeBasedFNATP@6b2fad11 - Setting initial period to Tue Jun 11 08:03:40 UTC 2019
08:05:08,859 |-WARN in ch.qos.logback.core.rolling.SizeAndTimeBasedFNATP@6b2fad11 - SizeAndTimeBasedFNATP is deprecated. Use SizeAndTimeBasedRollingPolicy instead
08:05:08,859 |-WARN in ch.qos.logback.core.rolling.SizeAndTimeBasedFNATP@6b2fad11 - For more information see http://logback.qos.ch/manual/appenders.html#SizeAndTimeBasedRollingPolicy
08:05:08,863 |-INFO in ch.qos.logback.core.joran.action.NestedComplexPropertyIA - Assuming default type [ch.qos.logback.classic.encoder.PatternLayoutEncoder] for [encoder] property
08:05:08,867 |-INFO in ch.qos.logback.core.rolling.RollingFileAppender[FILE] - Active log file name: /tmp/application.log
08:05:08,867 |-INFO in ch.qos.logback.core.rolling.RollingFileAppender[FILE] - File property is set to [/tmp/application.log]
08:05:08,868 |-INFO in ch.qos.logback.classic.joran.action.RootLoggerAction - Setting level of ROOT logger to WARN
08:05:08,868 |-INFO in ch.qos.logback.core.joran.action.AppenderRefAction - Attaching appender named [STDOUT] to Logger[ROOT]
08:05:08,870 |-INFO in ch.qos.logback.core.joran.action.AppenderRefAction - Attaching appender named [FILE] to Logger[ROOT]
08:05:08,870 |-INFO in ch.qos.logback.classic.joran.action.ConfigurationAction - End of configuration.
08:05:08,871 |-INFO in ch.qos.logback.classic.joran.JoranConfigurator@79698539 - Registering current configuration as safe fallback point

Ama winner
Ama winner
2019-06-11T08:05:10.140+0000: 1.728: [Full GC (Metadata GC Threshold) 2019-06-11T08:05:10.140+0000: 1.728: [Tenured: 0K->15176K(341376K), 0.0406714 secs] 114987K->15176K(494976K), [Metaspace: 20727K->20727K(1067008K)], 0.0407373 secs] [Times: user=0.04 sys=0.00, real=0.04 secs] 
08:05:28.075 [Curator-PathChildrenCache-1] WARN  o.a.c.u.ZKPaths  - The version of ZooKeeper being used doesn't support Container nodes. CreateMode.PERSISTENT will be used instead.
2019-06-11T08:05:30.583+0000: 22.170: [GC (Allocation Failure) 2019-06-11T08:05:30.583+0000: 22.170: [DefNew: 136576K->17023K(153600K), 0.0260160 secs] 151752K->52509K(494976K), 0.0261027 secs] [Times: user=0.02 sys=0.01, real=0.02 secs] 
2019-06-11T08:05:35.739+0000: 27.326: [Full GC (Metadata GC Threshold) 2019-06-11T08:05:35.739+0000: 27.326: [Tenured: 35485K->43802K(341376K), 0.0597226 secs] 163139K->43802K(494976K), [Metaspace: 34594K->34594K(1079296K)], 0.0598214 secs] [Times: user=0.06 sys=0.00, real=0.06 secs] 
2019-06-11T08:05:42.360+0000: 33.948: [GC (Allocation Failure) 2019-06-11T08:05:42.360+0000: 33.948: [DefNew: 136576K->52K(153600K), 0.0017208 secs] 180378K->43855K(494976K), 0.0017812 secs] [Times: user=0.00 sys=0.00, real=0.00 secs] 
2019-06-11T08:05:48.891+0000: 40.479: [GC (Allocation Failure) 2019-06-11T08:05:48.891+0000: 40.479: [DefNew: 136628K->52K(153600K), 0.0015788 secs] 180431K->43855K(494976K), 0.0016551 secs] [Times: user=0.00 sys=0.00, real=0.00 secs] 
2019-06-11T08:05:55.475+0000: 47.062: [GC (Allocation Failure) 2019-06-11T08:05:55.475+0000: 47.062: [DefNew: 136628K->54K(153600K), 0.0016474 secs] 180431K->43857K(494976K), 0.0017079 secs] [Times: user=0.00 sys=0.00, real=0.00 secs] 
2019-06-11T08:06:02.134+0000: 53.722: [GC (Allocation Failure) 2019-06-11T08:06:02.134+0000: 53.722: [DefNew: 136630K->51K(153600K), 0.0017092 secs] 180433K->43854K(494976K), 0.0017702 secs] [Times: user=0.00 sys=0.00, real=0.00 secs] 
2019-06-11T08:06:14.351+0000: 65.938: [GC (Allocation Failure) 2019-06-11T08:06:14.351+0000: 65.938: [DefNew: 136627K->352K(153600K), 0.0020938 secs] 180430K->44155K(494976K), 0.0021515 secs] [Times: user=0.00 sys=0.00, real=0.01 secs] 
08:06:19.944 [Curator-PathChildrenCache-0] ERROR o.a.c.f.r.c.PathChildrenCache  - 
java.lang.IllegalStateException: instance must be started before calling this method
	at org.apache.curator.shaded.com.google.common.base.Preconditions.checkState(Preconditions.java:444)
	at org.apache.curator.framework.imps.CuratorFrameworkImpl.getChildren(CuratorFrameworkImpl.java:456)
	at org.apache.curator.framework.recipes.cache.PathChildrenCache.refresh(PathChildrenCache.java:521)
	at org.apache.curator.framework.recipes.cache.RefreshOperation.invoke(RefreshOperation.java:35)
	at org.apache.curator.framework.recipes.cache.PathChildrenCache$9.run(PathChildrenCache.java:786)
	at java.util.concurrent.Executors$RunnableAdapter.call(Executors.java:511)
	at java.util.concurrent.FutureTask.run(FutureTask.java:266)
	at java.util.concurrent.Executors$RunnableAdapter.call(Executors.java:511)
	at java.util.concurrent.FutureTask.run(FutureTask.java:266)
	at java.util.concurrent.ThreadPoolExecutor.runWorker(ThreadPoolExecutor.java:1149)
	at java.util.concurrent.ThreadPoolExecutor$Worker.run(ThreadPoolExecutor.java:624)
	at java.lang.Thread.run(Thread.java:748)
Heap
 def new generation   total 153600K, used 36883K [0x00000000e0c00000, 0x00000000eb2a0000, 0x00000000eb2a0000)
  eden space 136576K,  26% used [0x00000000e0c00000, 0x00000000e2faca68, 0x00000000e9160000)
  from space 17024K,   2% used [0x00000000e9160000, 0x00000000e91b8340, 0x00000000ea200000)
  to   space 17024K,   0% used [0x00000000ea200000, 0x00000000ea200000, 0x00000000eb2a0000)
 tenured generation   total 341376K, used 43802K [0x00000000eb2a0000, 0x0000000100000000, 0x0000000100000000)
   the space 341376K,  12% used [0x00000000eb2a0000, 0x00000000edd66bb0, 0x00000000edd66c00, 0x0000000100000000)
 Metaspace       used 35998K, capacity 36864K, committed 37120K, reserved 1081344K
  class space    used 4867K, capacity 5074K, committed 5120K, reserved 1048576K
