17:29:40,996 |-INFO in ch.qos.logback.classic.LoggerContext[default] - Could NOT find resource [logback-test.xml]
17:29:40,996 |-INFO in ch.qos.logback.classic.LoggerContext[default] - Could NOT find resource [logback.groovy]
17:29:40,996 |-INFO in ch.qos.logback.classic.LoggerContext[default] - Found resource [logback.xml] at [jar:file:/root/flamestream/lib/flamestream-runtime-1.0-SNAPSHOT.jar!/logback.xml]
17:29:40,997 |-WARN in ch.qos.logback.classic.LoggerContext[default] - Resource [logback.xml] occurs multiple times on the classpath.
17:29:40,997 |-WARN in ch.qos.logback.classic.LoggerContext[default] - Resource [logback.xml] occurs at [jar:file:/root/flamestream/lib/flamestream-runtime-1.0-SNAPSHOT.jar!/logback.xml]
17:29:40,997 |-WARN in ch.qos.logback.classic.LoggerContext[default] - Resource [logback.xml] occurs at [jar:file:/root/flamestream/flamestream-runtime-1.0-SNAPSHOT.jar!/logback.xml]
17:29:41,016 |-INFO in ch.qos.logback.core.joran.spi.ConfigurationWatchList@3fb6a447 - URL [jar:file:/root/flamestream/lib/flamestream-runtime-1.0-SNAPSHOT.jar!/logback.xml] is not of type file
17:29:41,083 |-INFO in ch.qos.logback.classic.joran.action.ConfigurationAction - debug attribute not set
17:29:41,083 |-INFO in ch.qos.logback.core.joran.action.AppenderAction - About to instantiate appender of type [ch.qos.logback.core.ConsoleAppender]
17:29:41,098 |-INFO in ch.qos.logback.core.joran.action.AppenderAction - Naming appender as [STDOUT]
17:29:41,118 |-INFO in ch.qos.logback.core.joran.action.NestedComplexPropertyIA - Assuming default type [ch.qos.logback.classic.encoder.PatternLayoutEncoder] for [encoder] property
17:29:41,196 |-INFO in ch.qos.logback.core.joran.action.AppenderAction - About to instantiate appender of type [ch.qos.logback.core.rolling.RollingFileAppender]
17:29:41,203 |-INFO in ch.qos.logback.core.joran.action.AppenderAction - Naming appender as [FILE]
17:29:41,232 |-INFO in c.q.l.core.rolling.TimeBasedRollingPolicy@127618319 - No compression will be used
17:29:41,234 |-INFO in c.q.l.core.rolling.TimeBasedRollingPolicy@127618319 - Will use the pattern /tmp/application_%d{yyyy-MM-dd}.%i.log for the active file
17:29:41,237 |-INFO in ch.qos.logback.core.rolling.SizeAndTimeBasedFNATP@6b2fad11 - The date pattern is 'yyyy-MM-dd' from file name pattern '/tmp/application_%d{yyyy-MM-dd}.%i.log'.
17:29:41,237 |-INFO in ch.qos.logback.core.rolling.SizeAndTimeBasedFNATP@6b2fad11 - Roll-over at midnight.
17:29:41,242 |-INFO in ch.qos.logback.core.rolling.SizeAndTimeBasedFNATP@6b2fad11 - Setting initial period to Mon Jun 10 17:28:14 UTC 2019
17:29:41,242 |-WARN in ch.qos.logback.core.rolling.SizeAndTimeBasedFNATP@6b2fad11 - SizeAndTimeBasedFNATP is deprecated. Use SizeAndTimeBasedRollingPolicy instead
17:29:41,242 |-WARN in ch.qos.logback.core.rolling.SizeAndTimeBasedFNATP@6b2fad11 - For more information see http://logback.qos.ch/manual/appenders.html#SizeAndTimeBasedRollingPolicy
17:29:41,246 |-INFO in ch.qos.logback.core.joran.action.NestedComplexPropertyIA - Assuming default type [ch.qos.logback.classic.encoder.PatternLayoutEncoder] for [encoder] property
17:29:41,250 |-INFO in ch.qos.logback.core.rolling.RollingFileAppender[FILE] - Active log file name: /tmp/application.log
17:29:41,250 |-INFO in ch.qos.logback.core.rolling.RollingFileAppender[FILE] - File property is set to [/tmp/application.log]
17:29:41,251 |-INFO in ch.qos.logback.classic.joran.action.RootLoggerAction - Setting level of ROOT logger to WARN
17:29:41,251 |-INFO in ch.qos.logback.core.joran.action.AppenderRefAction - Attaching appender named [STDOUT] to Logger[ROOT]
17:29:41,253 |-INFO in ch.qos.logback.core.joran.action.AppenderRefAction - Attaching appender named [FILE] to Logger[ROOT]
17:29:41,253 |-INFO in ch.qos.logback.classic.joran.action.ConfigurationAction - End of configuration.
17:29:41,254 |-INFO in ch.qos.logback.classic.joran.JoranConfigurator@79698539 - Registering current configuration as safe fallback point

Ama winner
Ama winner
2019-06-10T17:29:42.887+0000: 2.078: [Full GC (Metadata GC Threshold) 2019-06-10T17:29:42.887+0000: 2.078: [Tenured: 0K->15241K(341376K), 0.0397425 secs] 117782K->15241K(494976K), [Metaspace: 20734K->20734K(1067008K)], 0.0398115 secs] [Times: user=0.04 sys=0.00, real=0.04 secs] 
17:30:05.321 [Curator-PathChildrenCache-1] WARN  o.a.c.u.ZKPaths  - The version of ZooKeeper being used doesn't support Container nodes. CreateMode.PERSISTENT will be used instead.
2019-06-10T17:30:07.469+0000: 26.660: [GC (Allocation Failure) 2019-06-10T17:30:07.469+0000: 26.660: [DefNew: 136576K->17023K(153600K), 0.0299356 secs] 151817K->52960K(494976K), 0.0300048 secs] [Times: user=0.03 sys=0.01, real=0.03 secs] 
2019-06-10T17:30:09.100+0000: 28.292: [Full GC (Metadata GC Threshold) 2019-06-10T17:30:09.100+0000: 28.292: [Tenured: 35936K->44694K(341376K), 0.0431987 secs] 90517K->44694K(494976K), [Metaspace: 34622K->34622K(1079296K)], 0.0432809 secs] [Times: user=0.04 sys=0.00, real=0.04 secs] 
2019-06-10T17:30:15.493+0000: 34.684: [GC (Allocation Failure) 2019-06-10T17:30:15.493+0000: 34.684: [DefNew: 136576K->98K(153600K), 0.0018082 secs] 181270K->44793K(494976K), 0.0018788 secs] [Times: user=0.00 sys=0.00, real=0.00 secs] 
2019-06-10T17:30:21.809+0000: 41.000: [GC (Allocation Failure) 2019-06-10T17:30:21.809+0000: 41.000: [DefNew: 136674K->97K(153600K), 0.0017574 secs] 181369K->44791K(494976K), 0.0018338 secs] [Times: user=0.00 sys=0.00, real=0.00 secs] 
2019-06-10T17:30:28.149+0000: 47.341: [GC (Allocation Failure) 2019-06-10T17:30:28.149+0000: 47.341: [DefNew: 136673K->99K(153600K), 0.0017402 secs] 181367K->44793K(494976K), 0.0018077 secs] [Times: user=0.00 sys=0.00, real=0.00 secs] 
2019-06-10T17:30:34.493+0000: 53.684: [GC (Allocation Failure) 2019-06-10T17:30:34.493+0000: 53.684: [DefNew: 136675K->102K(153600K), 0.0017152 secs] 181369K->44796K(494976K), 0.0017778 secs] [Times: user=0.00 sys=0.00, real=0.00 secs] 
2019-06-10T17:30:42.908+0000: 62.100: [GC (Allocation Failure) 2019-06-10T17:30:42.908+0000: 62.100: [DefNew: 136678K->295K(153600K), 0.0021076 secs] 181372K->44990K(494976K), 0.0021857 secs] [Times: user=0.00 sys=0.01, real=0.00 secs] 
17:30:50.004 [Curator-PathChildrenCache-0] ERROR o.a.c.f.r.c.PathChildrenCache  - 
java.lang.IllegalStateException: instance must be started before calling this method
	at org.apache.curator.shaded.com.google.common.base.Preconditions.checkState(Preconditions.java:444)
	at org.apache.curator.framework.imps.CuratorFrameworkImpl.getChildren(CuratorFrameworkImpl.java:456)
	at org.apache.curator.framework.recipes.cache.PathChildrenCache.refresh(PathChildrenCache.java:521)
	at org.apache.curator.framework.recipes.cache.RefreshOperation.invoke(RefreshOperation.java:35)
	at org.apache.curator.framework.recipes.cache.PathChildrenCache$9.run(PathChildrenCache.java:786)
	at java.util.concurrent.Executors$RunnableAdapter.call(Executors.java:511)
	at java.util.concurrent.FutureTask.run(FutureTask.java:266)
	at java.util.concurrent.Executors$RunnableAdapter.call(Executors.java:511)
	at java.util.concurrent.FutureTask.run(FutureTask.java:266)
	at java.util.concurrent.ThreadPoolExecutor.runWorker(ThreadPoolExecutor.java:1149)
	at java.util.concurrent.ThreadPoolExecutor$Worker.run(ThreadPoolExecutor.java:624)
	at java.lang.Thread.run(Thread.java:748)
Heap
 def new generation   total 153600K, used 37951K [0x00000000e0c00000, 0x00000000eb2a0000, 0x00000000eb2a0000)
  eden space 136576K,  27% used [0x00000000e0c00000, 0x00000000e30c5e38, 0x00000000e9160000)
  from space 17024K,   1% used [0x00000000e9160000, 0x00000000e91a9f68, 0x00000000ea200000)
  to   space 17024K,   0% used [0x00000000ea200000, 0x00000000ea200000, 0x00000000eb2a0000)
 tenured generation   total 341376K, used 44694K [0x00000000eb2a0000, 0x0000000100000000, 0x0000000100000000)
   the space 341376K,  13% used [0x00000000eb2a0000, 0x00000000ede458d8, 0x00000000ede45a00, 0x0000000100000000)
 Metaspace       used 36112K, capacity 36992K, committed 37120K, reserved 1081344K
  class space    used 4870K, capacity 5074K, committed 5120K, reserved 1048576K
