17:05:46,895 |-INFO in ch.qos.logback.classic.LoggerContext[default] - Could NOT find resource [logback-test.xml]
17:05:46,895 |-INFO in ch.qos.logback.classic.LoggerContext[default] - Could NOT find resource [logback.groovy]
17:05:46,896 |-INFO in ch.qos.logback.classic.LoggerContext[default] - Found resource [logback.xml] at [jar:file:/root/flamestream/lib/flamestream-runtime-1.0-SNAPSHOT.jar!/logback.xml]
17:05:46,896 |-WARN in ch.qos.logback.classic.LoggerContext[default] - Resource [logback.xml] occurs multiple times on the classpath.
17:05:46,896 |-WARN in ch.qos.logback.classic.LoggerContext[default] - Resource [logback.xml] occurs at [jar:file:/root/flamestream/lib/flamestream-runtime-1.0-SNAPSHOT.jar!/logback.xml]
17:05:46,896 |-WARN in ch.qos.logback.classic.LoggerContext[default] - Resource [logback.xml] occurs at [jar:file:/root/flamestream/flamestream-runtime-1.0-SNAPSHOT.jar!/logback.xml]
17:05:46,919 |-INFO in ch.qos.logback.core.joran.spi.ConfigurationWatchList@3fb6a447 - URL [jar:file:/root/flamestream/lib/flamestream-runtime-1.0-SNAPSHOT.jar!/logback.xml] is not of type file
17:05:46,987 |-INFO in ch.qos.logback.classic.joran.action.ConfigurationAction - debug attribute not set
17:05:46,988 |-INFO in ch.qos.logback.core.joran.action.AppenderAction - About to instantiate appender of type [ch.qos.logback.core.ConsoleAppender]
17:05:47,004 |-INFO in ch.qos.logback.core.joran.action.AppenderAction - Naming appender as [STDOUT]
17:05:47,017 |-INFO in ch.qos.logback.core.joran.action.NestedComplexPropertyIA - Assuming default type [ch.qos.logback.classic.encoder.PatternLayoutEncoder] for [encoder] property
17:05:47,120 |-INFO in ch.qos.logback.core.joran.action.AppenderAction - About to instantiate appender of type [ch.qos.logback.core.rolling.RollingFileAppender]
17:05:47,133 |-INFO in ch.qos.logback.core.joran.action.AppenderAction - Naming appender as [FILE]
17:05:47,161 |-INFO in c.q.l.core.rolling.TimeBasedRollingPolicy@127618319 - No compression will be used
17:05:47,162 |-INFO in c.q.l.core.rolling.TimeBasedRollingPolicy@127618319 - Will use the pattern /tmp/application_%d{yyyy-MM-dd}.%i.log for the active file
17:05:47,165 |-INFO in ch.qos.logback.core.rolling.SizeAndTimeBasedFNATP@6b2fad11 - The date pattern is 'yyyy-MM-dd' from file name pattern '/tmp/application_%d{yyyy-MM-dd}.%i.log'.
17:05:47,165 |-INFO in ch.qos.logback.core.rolling.SizeAndTimeBasedFNATP@6b2fad11 - Roll-over at midnight.
17:05:47,170 |-INFO in ch.qos.logback.core.rolling.SizeAndTimeBasedFNATP@6b2fad11 - Setting initial period to Mon Jun 10 17:04:17 UTC 2019
17:05:47,170 |-WARN in ch.qos.logback.core.rolling.SizeAndTimeBasedFNATP@6b2fad11 - SizeAndTimeBasedFNATP is deprecated. Use SizeAndTimeBasedRollingPolicy instead
17:05:47,170 |-WARN in ch.qos.logback.core.rolling.SizeAndTimeBasedFNATP@6b2fad11 - For more information see http://logback.qos.ch/manual/appenders.html#SizeAndTimeBasedRollingPolicy
17:05:47,175 |-INFO in ch.qos.logback.core.joran.action.NestedComplexPropertyIA - Assuming default type [ch.qos.logback.classic.encoder.PatternLayoutEncoder] for [encoder] property
17:05:47,180 |-INFO in ch.qos.logback.core.rolling.RollingFileAppender[FILE] - Active log file name: /tmp/application.log
17:05:47,180 |-INFO in ch.qos.logback.core.rolling.RollingFileAppender[FILE] - File property is set to [/tmp/application.log]
17:05:47,181 |-INFO in ch.qos.logback.classic.joran.action.RootLoggerAction - Setting level of ROOT logger to WARN
17:05:47,181 |-INFO in ch.qos.logback.core.joran.action.AppenderRefAction - Attaching appender named [STDOUT] to Logger[ROOT]
17:05:47,183 |-INFO in ch.qos.logback.core.joran.action.AppenderRefAction - Attaching appender named [FILE] to Logger[ROOT]
17:05:47,183 |-INFO in ch.qos.logback.classic.joran.action.ConfigurationAction - End of configuration.
17:05:47,183 |-INFO in ch.qos.logback.classic.joran.JoranConfigurator@79698539 - Registering current configuration as safe fallback point

Ama winner
Ama winner
2019-06-10T17:05:48.806+0000: 2.096: [Full GC (Metadata GC Threshold) 2019-06-10T17:05:48.806+0000: 2.096: [Tenured: 0K->15240K(341376K), 0.0357483 secs] 120482K->15240K(494976K), [Metaspace: 20733K->20733K(1067008K)], 0.0358177 secs] [Times: user=0.03 sys=0.00, real=0.04 secs] 
17:06:10.475 [Curator-PathChildrenCache-1] WARN  o.a.c.u.ZKPaths  - The version of ZooKeeper being used doesn't support Container nodes. CreateMode.PERSISTENT will be used instead.
2019-06-10T17:06:12.592+0000: 25.881: [GC (Allocation Failure) 2019-06-10T17:06:12.592+0000: 25.882: [DefNew: 117799K->17024K(153600K), 0.0176012 secs] 133040K->33016K(494976K), 0.0176651 secs] [Times: user=0.02 sys=0.00, real=0.02 secs] 
2019-06-10T17:06:13.537+0000: 26.826: [Full GC (Metadata GC Threshold) 2019-06-10T17:06:13.537+0000: 26.826: [Tenured: 15992K->44423K(341376K), 0.0453807 secs] 75915K->44423K(494976K), [Metaspace: 34568K->34568K(1079296K)], 0.0454544 secs] [Times: user=0.04 sys=0.01, real=0.04 secs] 
2019-06-10T17:06:19.521+0000: 32.810: [GC (Allocation Failure) 2019-06-10T17:06:19.521+0000: 32.810: [DefNew: 136576K->143K(153600K), 0.0021309 secs] 180999K->44566K(494976K), 0.0022030 secs] [Times: user=0.01 sys=0.00, real=0.00 secs] 
2019-06-10T17:06:25.365+0000: 38.654: [GC (Allocation Failure) 2019-06-10T17:06:25.365+0000: 38.654: [DefNew: 136719K->144K(153600K), 0.0019157 secs] 181142K->44568K(494976K), 0.0019777 secs] [Times: user=0.00 sys=0.00, real=0.00 secs] 
2019-06-10T17:06:31.193+0000: 44.482: [GC (Allocation Failure) 2019-06-10T17:06:31.193+0000: 44.482: [DefNew: 136720K->180K(153600K), 0.0019296 secs] 181144K->44604K(494976K), 0.0019902 secs] [Times: user=0.00 sys=0.00, real=0.00 secs] 
2019-06-10T17:06:37.089+0000: 50.379: [GC (Allocation Failure) 2019-06-10T17:06:37.089+0000: 50.379: [DefNew: 136756K->177K(153600K), 0.0018622 secs] 181180K->44601K(494976K), 0.0019208 secs] [Times: user=0.00 sys=0.00, real=0.00 secs] 
2019-06-10T17:06:42.998+0000: 56.287: [GC (Allocation Failure) 2019-06-10T17:06:42.998+0000: 56.287: [DefNew: 136753K->177K(153600K), 0.0019173 secs] 181177K->44600K(494976K), 0.0019753 secs] [Times: user=0.00 sys=0.00, real=0.00 secs] 
17:06:54.626 [Curator-PathChildrenCache-0] ERROR o.a.c.f.r.c.PathChildrenCache  - 
java.lang.IllegalStateException: instance must be started before calling this method
	at org.apache.curator.shaded.com.google.common.base.Preconditions.checkState(Preconditions.java:444)
	at org.apache.curator.framework.imps.CuratorFrameworkImpl.getChildren(CuratorFrameworkImpl.java:456)
	at org.apache.curator.framework.recipes.cache.PathChildrenCache.refresh(PathChildrenCache.java:521)
	at org.apache.curator.framework.recipes.cache.RefreshOperation.invoke(RefreshOperation.java:35)
	at org.apache.curator.framework.recipes.cache.PathChildrenCache$9.run(PathChildrenCache.java:786)
	at java.util.concurrent.Executors$RunnableAdapter.call(Executors.java:511)
	at java.util.concurrent.FutureTask.run(FutureTask.java:266)
	at java.util.concurrent.Executors$RunnableAdapter.call(Executors.java:511)
	at java.util.concurrent.FutureTask.run(FutureTask.java:266)
	at java.util.concurrent.ThreadPoolExecutor.runWorker(ThreadPoolExecutor.java:1149)
	at java.util.concurrent.ThreadPoolExecutor$Worker.run(ThreadPoolExecutor.java:624)
	at java.lang.Thread.run(Thread.java:748)
Heap
 def new generation   total 153600K, used 117932K [0x00000000e0c00000, 0x00000000eb2a0000, 0x00000000eb2a0000)
  eden space 136576K,  86% used [0x00000000e0c00000, 0x00000000e7efeaa8, 0x00000000e9160000)
  from space 17024K,   1% used [0x00000000e9160000, 0x00000000e918c610, 0x00000000ea200000)
  to   space 17024K,   0% used [0x00000000ea200000, 0x00000000ea200000, 0x00000000eb2a0000)
 tenured generation   total 341376K, used 44423K [0x00000000eb2a0000, 0x0000000100000000, 0x0000000100000000)
   the space 341376K,  13% used [0x00000000eb2a0000, 0x00000000ede01de0, 0x00000000ede01e00, 0x0000000100000000)
 Metaspace       used 36223K, capacity 37102K, committed 37376K, reserved 1081344K
  class space    used 4890K, capacity 5093K, committed 5120K, reserved 1048576K
