04:33:18,440 |-INFO in ch.qos.logback.classic.LoggerContext[default] - Could NOT find resource [logback-test.xml]
04:33:18,441 |-INFO in ch.qos.logback.classic.LoggerContext[default] - Could NOT find resource [logback.groovy]
04:33:18,441 |-INFO in ch.qos.logback.classic.LoggerContext[default] - Found resource [logback.xml] at [jar:file:/home/nikitasokolov/flamestream/lib/flamestream-runtime-1.0-SNAPSHOT.jar!/logback.xml]
04:33:18,441 |-WARN in ch.qos.logback.classic.LoggerContext[default] - Resource [logback.xml] occurs multiple times on the classpath.
04:33:18,442 |-WARN in ch.qos.logback.classic.LoggerContext[default] - Resource [logback.xml] occurs at [jar:file:/home/nikitasokolov/flamestream/lib/flamestream-runtime-1.0-SNAPSHOT.jar!/logback.xml]
04:33:18,442 |-WARN in ch.qos.logback.classic.LoggerContext[default] - Resource [logback.xml] occurs at [jar:file:/home/nikitasokolov/flamestream/flamestream-runtime-1.0-SNAPSHOT.jar!/logback.xml]
04:33:18,457 |-INFO in ch.qos.logback.core.joran.spi.ConfigurationWatchList@6108b2d7 - URL [jar:file:/home/nikitasokolov/flamestream/lib/flamestream-runtime-1.0-SNAPSHOT.jar!/logback.xml] is not of type file
04:33:18,506 |-INFO in ch.qos.logback.classic.joran.action.ConfigurationAction - debug attribute not set
04:33:18,507 |-INFO in ch.qos.logback.core.joran.action.AppenderAction - About to instantiate appender of type [ch.qos.logback.core.ConsoleAppender]
04:33:18,517 |-INFO in ch.qos.logback.core.joran.action.AppenderAction - Naming appender as [STDOUT]
04:33:18,528 |-INFO in ch.qos.logback.core.joran.action.NestedComplexPropertyIA - Assuming default type [ch.qos.logback.classic.encoder.PatternLayoutEncoder] for [encoder] property
04:33:18,588 |-INFO in ch.qos.logback.core.joran.action.AppenderAction - About to instantiate appender of type [ch.qos.logback.core.rolling.RollingFileAppender]
04:33:18,593 |-INFO in ch.qos.logback.core.joran.action.AppenderAction - Naming appender as [FILE]
04:33:18,614 |-INFO in c.q.l.core.rolling.TimeBasedRollingPolicy@357863579 - No compression will be used
04:33:18,616 |-INFO in c.q.l.core.rolling.TimeBasedRollingPolicy@357863579 - Will use the pattern /tmp/application_%d{yyyy-MM-dd}.%i.log for the active file
04:33:18,618 |-INFO in ch.qos.logback.core.rolling.SizeAndTimeBasedFNATP@6bf256fa - The date pattern is 'yyyy-MM-dd' from file name pattern '/tmp/application_%d{yyyy-MM-dd}.%i.log'.
04:33:18,618 |-INFO in ch.qos.logback.core.rolling.SizeAndTimeBasedFNATP@6bf256fa - Roll-over at midnight.
04:33:18,622 |-INFO in ch.qos.logback.core.rolling.SizeAndTimeBasedFNATP@6bf256fa - Setting initial period to Sun Jun 09 04:32:33 MSK 2019
04:33:18,622 |-WARN in ch.qos.logback.core.rolling.SizeAndTimeBasedFNATP@6bf256fa - SizeAndTimeBasedFNATP is deprecated. Use SizeAndTimeBasedRollingPolicy instead
04:33:18,622 |-WARN in ch.qos.logback.core.rolling.SizeAndTimeBasedFNATP@6bf256fa - For more information see http://logback.qos.ch/manual/appenders.html#SizeAndTimeBasedRollingPolicy
04:33:18,627 |-INFO in ch.qos.logback.core.joran.action.NestedComplexPropertyIA - Assuming default type [ch.qos.logback.classic.encoder.PatternLayoutEncoder] for [encoder] property
04:33:18,630 |-INFO in ch.qos.logback.core.rolling.RollingFileAppender[FILE] - Active log file name: /tmp/application.log
04:33:18,630 |-INFO in ch.qos.logback.core.rolling.RollingFileAppender[FILE] - File property is set to [/tmp/application.log]
04:33:18,631 |-INFO in ch.qos.logback.classic.joran.action.RootLoggerAction - Setting level of ROOT logger to WARN
04:33:18,631 |-INFO in ch.qos.logback.core.joran.action.AppenderRefAction - Attaching appender named [STDOUT] to Logger[ROOT]
04:33:18,631 |-INFO in ch.qos.logback.core.joran.action.AppenderRefAction - Attaching appender named [FILE] to Logger[ROOT]
04:33:18,631 |-INFO in ch.qos.logback.classic.joran.action.ConfigurationAction - End of configuration.
04:33:18,632 |-INFO in ch.qos.logback.classic.joran.JoranConfigurator@6cd8737 - Registering current configuration as safe fallback point

2019-06-09T04:33:19.611+0300: 1.378: [GC (Metadata GC Threshold) [PSYoungGen: 108152K->15774K(149504K)] 108152K->15854K(491008K), 0.0223597 secs] [Times: user=0.12 sys=0.04, real=0.02 secs] 
2019-06-09T04:33:19.634+0300: 1.401: [Full GC (Metadata GC Threshold) [PSYoungGen: 15774K->0K(149504K)] [ParOldGen: 80K->14981K(341504K)] 15854K->14981K(491008K), [Metaspace: 20801K->20801K(1067008K)], 0.0294723 secs] [Times: user=0.18 sys=0.01, real=0.03 secs] 
04:33:26.972 [Curator-PathChildrenCache-1] WARN  o.a.c.u.ZKPaths  - The version of ZooKeeper being used doesn't support Container nodes. CreateMode.PERSISTENT will be used instead.
2019-06-09T04:33:27.907+0300: 9.674: [GC (Allocation Failure) [PSYoungGen: 128512K->15751K(149504K)] 143493K->50272K(491008K), 0.0278702 secs] [Times: user=0.20 sys=0.03, real=0.03 secs] 
2019-06-09T04:33:27.953+0300: 9.720: [GC (Metadata GC Threshold) [PSYoungGen: 25039K->5332K(149504K)] 59560K->39861K(491008K), 0.0041629 secs] [Times: user=0.04 sys=0.00, real=0.00 secs] 
2019-06-09T04:33:27.957+0300: 9.724: [Full GC (Metadata GC Threshold) [PSYoungGen: 5332K->0K(149504K)] [ParOldGen: 34528K->28993K(341504K)] 39861K->28993K(491008K), [Metaspace: 34555K->34555K(1079296K)], 0.0520033 secs] [Times: user=0.33 sys=0.01, real=0.05 secs] 
2019-06-09T04:33:30.679+0300: 12.482: [GC (Allocation Failure) [PSYoungGen: 128512K->512K(149504K)] 157505K->29513K(491008K), 0.0393013 secs] [Times: user=0.01 sys=0.00, real=0.04 secs] 
2019-06-09T04:33:33.840+0300: 15.607: [GC (Allocation Failure) [PSYoungGen: 129024K->480K(129024K)] 158025K->29489K(470528K), 0.0051792 secs] [Times: user=0.04 sys=0.01, real=0.00 secs] 
2019-06-09T04:33:37.062+0300: 18.829: [GC (Allocation Failure) [PSYoungGen: 128992K->544K(149504K)] 158001K->29553K(491008K), 0.0042441 secs] [Times: user=0.02 sys=0.01, real=0.00 secs] 
2019-06-09T04:33:40.251+0300: 22.018: [GC (Allocation Failure) [PSYoungGen: 128544K->480K(148992K)] 157553K->29497K(490496K), 0.0048862 secs] [Times: user=0.03 sys=0.00, real=0.00 secs] 
2019-06-09T04:33:43.458+0300: 25.225: [GC (Allocation Failure) [PSYoungGen: 128480K->384K(151040K)] 157497K->29633K(492544K), 0.0030639 secs] [Times: user=0.01 sys=0.01, real=0.00 secs] 
2019-06-09T04:33:46.703+0300: 28.470: [GC (Allocation Failure) [PSYoungGen: 130944K->576K(150016K)] 160193K->29897K(491520K), 0.0029630 secs] [Times: user=0.01 sys=0.00, real=0.00 secs] 
2019-06-09T04:33:49.974+0300: 31.741: [GC (Allocation Failure) [PSYoungGen: 131136K->544K(152064K)] 160457K->29921K(493568K), 0.0038529 secs] [Times: user=0.02 sys=0.00, real=0.01 secs] 
2019-06-09T04:33:53.355+0300: 35.122: [GC (Allocation Failure) [PSYoungGen: 133664K->448K(151552K)] 163041K->29825K(493056K), 0.0029254 secs] [Times: user=0.01 sys=0.00, real=0.01 secs] 
2019-06-09T04:33:56.722+0300: 38.489: [GC (Allocation Failure) [PSYoungGen: 133568K->480K(154112K)] 162945K->29857K(495616K), 0.0043654 secs] [Times: user=0.02 sys=0.00, real=0.00 secs] 
2019-06-09T04:34:00.129+0300: 41.896: [GC (Allocation Failure) [PSYoungGen: 137184K->480K(153088K)] 166561K->29857K(494592K), 0.0776944 secs] [Times: user=0.01 sys=0.00, real=0.08 secs] 
2019-06-09T04:34:03.561+0300: 45.328: [GC (Allocation Failure) [PSYoungGen: 137184K->704K(155648K)] 166561K->30081K(497152K), 0.0030288 secs] [Times: user=0.01 sys=0.00, real=0.00 secs] 
2019-06-09T04:34:07.075+0300: 48.842: [GC (Allocation Failure) [PSYoungGen: 140480K->640K(154624K)] 169857K->30017K(496128K), 0.0030619 secs] [Times: user=0.01 sys=0.01, real=0.01 secs] 
2019-06-09T04:34:10.588+0300: 52.355: [GC (Allocation Failure) [PSYoungGen: 140416K->672K(157184K)] 169793K->30057K(498688K), 0.0051529 secs] [Times: user=0.03 sys=0.01, real=0.01 secs] 
2019-06-09T04:34:14.178+0300: 55.945: [GC (Allocation Failure) [PSYoungGen: 143520K->672K(156160K)] 172905K->30065K(497664K), 0.0030062 secs] [Times: user=0.01 sys=0.00, real=0.00 secs] 
2019-06-09T04:34:17.776+0300: 59.543: [GC (Allocation Failure) [PSYoungGen: 143520K->576K(158720K)] 172913K->29977K(500224K), 0.0038696 secs] [Times: user=0.02 sys=0.00, real=0.01 secs] 
04:34:28.539 [Curator-PathChildrenCache-0] ERROR o.a.c.f.r.c.PathChildrenCache  - 
java.lang.IllegalStateException: instance must be started before calling this method
	at org.apache.curator.shaded.com.google.common.base.Preconditions.checkState(Preconditions.java:444)
	at org.apache.curator.framework.imps.CuratorFrameworkImpl.getChildren(CuratorFrameworkImpl.java:456)
	at org.apache.curator.framework.recipes.cache.PathChildrenCache.refresh(PathChildrenCache.java:521)
	at org.apache.curator.framework.recipes.cache.RefreshOperation.invoke(RefreshOperation.java:35)
	at org.apache.curator.framework.recipes.cache.PathChildrenCache$9.run(PathChildrenCache.java:786)
	at java.util.concurrent.Executors$RunnableAdapter.call(Executors.java:511)
	at java.util.concurrent.FutureTask.run(FutureTask.java:266)
	at java.util.concurrent.Executors$RunnableAdapter.call(Executors.java:511)
	at java.util.concurrent.FutureTask.run(FutureTask.java:266)
	at java.util.concurrent.ThreadPoolExecutor.runWorker(ThreadPoolExecutor.java:1149)
	at java.util.concurrent.ThreadPoolExecutor$Worker.run(ThreadPoolExecutor.java:624)
	at java.lang.Thread.run(Thread.java:748)
Heap
 PSYoungGen      total 158720K, used 104384K [0x00000000f5980000, 0x0000000100000000, 0x0000000100000000)
  eden space 145920K, 71% used [0x00000000f5980000,0x00000000fbedffb8,0x00000000fe800000)
  from space 12800K, 4% used [0x00000000ff380000,0x00000000ff4100a0,0x0000000100000000)
  to   space 11776K, 0% used [0x00000000fe800000,0x00000000fe800000,0x00000000ff380000)
 ParOldGen       total 341504K, used 29401K [0x00000000e0c00000, 0x00000000f5980000, 0x00000000f5980000)
  object space 341504K, 8% used [0x00000000e0c00000,0x00000000e28b65b8,0x00000000f5980000)
 Metaspace       used 36108K, capacity 36962K, committed 37208K, reserved 1081344K
  class space    used 4977K, capacity 5161K, committed 5248K, reserved 1048576K
