16:43:10,166 |-INFO in ch.qos.logback.classic.LoggerContext[default] - Could NOT find resource [logback-test.xml]
16:43:10,166 |-INFO in ch.qos.logback.classic.LoggerContext[default] - Could NOT find resource [logback.groovy]
16:43:10,166 |-INFO in ch.qos.logback.classic.LoggerContext[default] - Found resource [logback.xml] at [jar:file:/home/nikitasokolov/flamestream/lib/flamestream-runtime-1.0-SNAPSHOT.jar!/logback.xml]
16:43:10,167 |-WARN in ch.qos.logback.classic.LoggerContext[default] - Resource [logback.xml] occurs multiple times on the classpath.
16:43:10,167 |-WARN in ch.qos.logback.classic.LoggerContext[default] - Resource [logback.xml] occurs at [jar:file:/home/nikitasokolov/flamestream/lib/flamestream-runtime-1.0-SNAPSHOT.jar!/logback.xml]
16:43:10,167 |-WARN in ch.qos.logback.classic.LoggerContext[default] - Resource [logback.xml] occurs at [jar:file:/home/nikitasokolov/flamestream/flamestream-runtime-1.0-SNAPSHOT.jar!/logback.xml]
16:43:10,182 |-INFO in ch.qos.logback.core.joran.spi.ConfigurationWatchList@6108b2d7 - URL [jar:file:/home/nikitasokolov/flamestream/lib/flamestream-runtime-1.0-SNAPSHOT.jar!/logback.xml] is not of type file
16:43:10,234 |-INFO in ch.qos.logback.classic.joran.action.ConfigurationAction - debug attribute not set
16:43:10,235 |-INFO in ch.qos.logback.core.joran.action.AppenderAction - About to instantiate appender of type [ch.qos.logback.core.ConsoleAppender]
16:43:10,243 |-INFO in ch.qos.logback.core.joran.action.AppenderAction - Naming appender as [STDOUT]
16:43:10,251 |-INFO in ch.qos.logback.core.joran.action.NestedComplexPropertyIA - Assuming default type [ch.qos.logback.classic.encoder.PatternLayoutEncoder] for [encoder] property
16:43:10,310 |-INFO in ch.qos.logback.core.joran.action.AppenderAction - About to instantiate appender of type [ch.qos.logback.core.rolling.RollingFileAppender]
16:43:10,315 |-INFO in ch.qos.logback.core.joran.action.AppenderAction - Naming appender as [FILE]
16:43:10,337 |-INFO in c.q.l.core.rolling.TimeBasedRollingPolicy@357863579 - No compression will be used
16:43:10,338 |-INFO in c.q.l.core.rolling.TimeBasedRollingPolicy@357863579 - Will use the pattern /tmp/application_%d{yyyy-MM-dd}.%i.log for the active file
16:43:10,341 |-INFO in ch.qos.logback.core.rolling.SizeAndTimeBasedFNATP@6bf256fa - The date pattern is 'yyyy-MM-dd' from file name pattern '/tmp/application_%d{yyyy-MM-dd}.%i.log'.
16:43:10,341 |-INFO in ch.qos.logback.core.rolling.SizeAndTimeBasedFNATP@6bf256fa - Roll-over at midnight.
16:43:10,345 |-INFO in ch.qos.logback.core.rolling.SizeAndTimeBasedFNATP@6bf256fa - Setting initial period to Sun Jun 09 16:42:31 MSK 2019
16:43:10,345 |-WARN in ch.qos.logback.core.rolling.SizeAndTimeBasedFNATP@6bf256fa - SizeAndTimeBasedFNATP is deprecated. Use SizeAndTimeBasedRollingPolicy instead
16:43:10,345 |-WARN in ch.qos.logback.core.rolling.SizeAndTimeBasedFNATP@6bf256fa - For more information see http://logback.qos.ch/manual/appenders.html#SizeAndTimeBasedRollingPolicy
16:43:10,350 |-INFO in ch.qos.logback.core.joran.action.NestedComplexPropertyIA - Assuming default type [ch.qos.logback.classic.encoder.PatternLayoutEncoder] for [encoder] property
16:43:10,352 |-INFO in ch.qos.logback.core.rolling.RollingFileAppender[FILE] - Active log file name: /tmp/application.log
16:43:10,353 |-INFO in ch.qos.logback.core.rolling.RollingFileAppender[FILE] - File property is set to [/tmp/application.log]
16:43:10,354 |-INFO in ch.qos.logback.classic.joran.action.RootLoggerAction - Setting level of ROOT logger to WARN
16:43:10,354 |-INFO in ch.qos.logback.core.joran.action.AppenderRefAction - Attaching appender named [STDOUT] to Logger[ROOT]
16:43:10,354 |-INFO in ch.qos.logback.core.joran.action.AppenderRefAction - Attaching appender named [FILE] to Logger[ROOT]
16:43:10,354 |-INFO in ch.qos.logback.classic.joran.action.ConfigurationAction - End of configuration.
16:43:10,355 |-INFO in ch.qos.logback.classic.joran.JoranConfigurator@6cd8737 - Registering current configuration as safe fallback point

2019-06-09T16:43:11.321+0300: 1.346: [GC (Metadata GC Threshold) [PSYoungGen: 110722K->15881K(149504K)] 110722K->15961K(491008K), 0.0207729 secs] [Times: user=0.09 sys=0.02, real=0.02 secs] 
2019-06-09T16:43:11.342+0300: 1.367: [Full GC (Metadata GC Threshold) [PSYoungGen: 15881K->0K(149504K)] [ParOldGen: 80K->15078K(341504K)] 15961K->15078K(491008K), [Metaspace: 20802K->20802K(1067008K)], 0.0299554 secs] [Times: user=0.18 sys=0.01, real=0.03 secs] 
16:43:23.792 [Curator-PathChildrenCache-1] WARN  o.a.c.u.ZKPaths  - The version of ZooKeeper being used doesn't support Container nodes. CreateMode.PERSISTENT will be used instead.
2019-06-09T16:43:25.139+0300: 15.164: [GC (Metadata GC Threshold) [PSYoungGen: 127022K->15757K(149504K)] 142100K->50375K(491008K), 0.0337465 secs] [Times: user=0.30 sys=0.03, real=0.03 secs] 
2019-06-09T16:43:25.173+0300: 15.198: [Full GC (Metadata GC Threshold) [PSYoungGen: 15757K->0K(149504K)] [ParOldGen: 34617K->38988K(341504K)] 50375K->38988K(491008K), [Metaspace: 34559K->34559K(1079296K)], 0.0390163 secs] [Times: user=0.23 sys=0.00, real=0.04 secs] 
2019-06-09T16:43:27.121+0300: 17.146: [GC (Allocation Failure) [PSYoungGen: 128512K->384K(149504K)] 167500K->39380K(491008K), 0.0029811 secs] [Times: user=0.01 sys=0.00, real=0.00 secs] 
2019-06-09T16:43:29.370+0300: 19.395: [GC (Allocation Failure) [PSYoungGen: 128896K->512K(149504K)] 167892K->39516K(491008K), 0.0737816 secs] [Times: user=0.01 sys=0.00, real=0.07 secs] 
2019-06-09T16:43:31.596+0300: 21.621: [GC (Allocation Failure) [PSYoungGen: 129024K->416K(129024K)] 168028K->39428K(470528K), 0.0040772 secs] [Times: user=0.03 sys=0.00, real=0.01 secs] 
2019-06-09T16:43:33.449+0300: 23.474: [GC (Allocation Failure) [PSYoungGen: 128928K->416K(150016K)] 167940K->39436K(491520K), 0.0044440 secs] [Times: user=0.01 sys=0.00, real=0.01 secs] 
2019-06-09T16:43:35.621+0300: 25.646: [GC (Allocation Failure) [PSYoungGen: 128928K->448K(148992K)] 167948K->39468K(490496K), 0.0038931 secs] [Times: user=0.01 sys=0.01, real=0.00 secs] 
2019-06-09T16:43:38.058+0300: 28.083: [GC (Allocation Failure) [PSYoungGen: 128960K->480K(151552K)] 167980K->39500K(493056K), 0.0027168 secs] [Times: user=0.01 sys=0.00, real=0.00 secs] 
16:43:44.933 [Curator-PathChildrenCache-0] ERROR o.a.c.f.r.c.PathChildrenCache  - 
java.lang.IllegalStateException: instance must be started before calling this method
	at org.apache.curator.shaded.com.google.common.base.Preconditions.checkState(Preconditions.java:444)
	at org.apache.curator.framework.imps.CuratorFrameworkImpl.getChildren(CuratorFrameworkImpl.java:456)
	at org.apache.curator.framework.recipes.cache.PathChildrenCache.refresh(PathChildrenCache.java:521)
	at org.apache.curator.framework.recipes.cache.RefreshOperation.invoke(RefreshOperation.java:35)
	at org.apache.curator.framework.recipes.cache.PathChildrenCache$9.run(PathChildrenCache.java:786)
	at java.util.concurrent.Executors$RunnableAdapter.call(Executors.java:511)
	at java.util.concurrent.FutureTask.run(FutureTask.java:266)
	at java.util.concurrent.Executors$RunnableAdapter.call(Executors.java:511)
	at java.util.concurrent.FutureTask.run(FutureTask.java:266)
	at java.util.concurrent.ThreadPoolExecutor.runWorker(ThreadPoolExecutor.java:1149)
	at java.util.concurrent.ThreadPoolExecutor$Worker.run(ThreadPoolExecutor.java:624)
	at java.lang.Thread.run(Thread.java:748)
Heap
 PSYoungGen      total 151552K, used 33711K [0x00000000f5980000, 0x0000000100000000, 0x0000000100000000)
  eden space 132096K, 25% used [0x00000000f5980000,0x00000000f79f3e78,0x00000000fda80000)
  from space 19456K, 2% used [0x00000000fed00000,0x00000000fed78000,0x0000000100000000)
  to   space 18944K, 0% used [0x00000000fda80000,0x00000000fda80000,0x00000000fed00000)
 ParOldGen       total 341504K, used 39020K [0x00000000e0c00000, 0x00000000f5980000, 0x00000000f5980000)
  object space 341504K, 11% used [0x00000000e0c00000,0x00000000e321b1f0,0x00000000f5980000)
 Metaspace       used 35633K, capacity 36486K, committed 36696K, reserved 1081344K
  class space    used 4936K, capacity 5129K, committed 5248K, reserved 1048576K
