05:53:13,684 |-INFO in ch.qos.logback.classic.LoggerContext[default] - Could NOT find resource [logback-test.xml]
05:53:13,684 |-INFO in ch.qos.logback.classic.LoggerContext[default] - Could NOT find resource [logback.groovy]
05:53:13,685 |-INFO in ch.qos.logback.classic.LoggerContext[default] - Found resource [logback.xml] at [jar:file:/root/flamestream/lib/flamestream-runtime-1.0-SNAPSHOT.jar!/logback.xml]
05:53:13,686 |-WARN in ch.qos.logback.classic.LoggerContext[default] - Resource [logback.xml] occurs multiple times on the classpath.
05:53:13,686 |-WARN in ch.qos.logback.classic.LoggerContext[default] - Resource [logback.xml] occurs at [jar:file:/root/flamestream/lib/flamestream-runtime-1.0-SNAPSHOT.jar!/logback.xml]
05:53:13,686 |-WARN in ch.qos.logback.classic.LoggerContext[default] - Resource [logback.xml] occurs at [jar:file:/root/flamestream/flamestream-runtime-1.0-SNAPSHOT.jar!/logback.xml]
05:53:13,706 |-INFO in ch.qos.logback.core.joran.spi.ConfigurationWatchList@3fb6a447 - URL [jar:file:/root/flamestream/lib/flamestream-runtime-1.0-SNAPSHOT.jar!/logback.xml] is not of type file
05:53:13,778 |-INFO in ch.qos.logback.classic.joran.action.ConfigurationAction - debug attribute not set
05:53:13,779 |-INFO in ch.qos.logback.core.joran.action.AppenderAction - About to instantiate appender of type [ch.qos.logback.core.ConsoleAppender]
05:53:13,789 |-INFO in ch.qos.logback.core.joran.action.AppenderAction - Naming appender as [STDOUT]
05:53:13,809 |-INFO in ch.qos.logback.core.joran.action.NestedComplexPropertyIA - Assuming default type [ch.qos.logback.classic.encoder.PatternLayoutEncoder] for [encoder] property
05:53:13,891 |-INFO in ch.qos.logback.core.joran.action.AppenderAction - About to instantiate appender of type [ch.qos.logback.core.rolling.RollingFileAppender]
05:53:13,896 |-INFO in ch.qos.logback.core.joran.action.AppenderAction - Naming appender as [FILE]
05:53:13,927 |-INFO in c.q.l.core.rolling.TimeBasedRollingPolicy@127618319 - No compression will be used
05:53:13,928 |-INFO in c.q.l.core.rolling.TimeBasedRollingPolicy@127618319 - Will use the pattern /tmp/application_%d{yyyy-MM-dd}.%i.log for the active file
05:53:13,931 |-INFO in ch.qos.logback.core.rolling.SizeAndTimeBasedFNATP@6b2fad11 - The date pattern is 'yyyy-MM-dd' from file name pattern '/tmp/application_%d{yyyy-MM-dd}.%i.log'.
05:53:13,931 |-INFO in ch.qos.logback.core.rolling.SizeAndTimeBasedFNATP@6b2fad11 - Roll-over at midnight.
05:53:13,936 |-INFO in ch.qos.logback.core.rolling.SizeAndTimeBasedFNATP@6b2fad11 - Setting initial period to Tue Jun 11 05:52:00 UTC 2019
05:53:13,937 |-WARN in ch.qos.logback.core.rolling.SizeAndTimeBasedFNATP@6b2fad11 - SizeAndTimeBasedFNATP is deprecated. Use SizeAndTimeBasedRollingPolicy instead
05:53:13,937 |-WARN in ch.qos.logback.core.rolling.SizeAndTimeBasedFNATP@6b2fad11 - For more information see http://logback.qos.ch/manual/appenders.html#SizeAndTimeBasedRollingPolicy
05:53:13,941 |-INFO in ch.qos.logback.core.joran.action.NestedComplexPropertyIA - Assuming default type [ch.qos.logback.classic.encoder.PatternLayoutEncoder] for [encoder] property
05:53:13,946 |-INFO in ch.qos.logback.core.rolling.RollingFileAppender[FILE] - Active log file name: /tmp/application.log
05:53:13,946 |-INFO in ch.qos.logback.core.rolling.RollingFileAppender[FILE] - File property is set to [/tmp/application.log]
05:53:13,947 |-INFO in ch.qos.logback.classic.joran.action.RootLoggerAction - Setting level of ROOT logger to WARN
05:53:13,947 |-INFO in ch.qos.logback.core.joran.action.AppenderRefAction - Attaching appender named [STDOUT] to Logger[ROOT]
05:53:13,947 |-INFO in ch.qos.logback.core.joran.action.AppenderRefAction - Attaching appender named [FILE] to Logger[ROOT]
05:53:13,947 |-INFO in ch.qos.logback.classic.joran.action.ConfigurationAction - End of configuration.
05:53:13,948 |-INFO in ch.qos.logback.classic.joran.JoranConfigurator@79698539 - Registering current configuration as safe fallback point

Ama winner
Ama winner
2019-06-11T05:53:15.274+0000: 1.778: [Full GC (Metadata GC Threshold) 2019-06-11T05:53:15.274+0000: 1.778: [Tenured: 0K->15176K(341376K), 0.0413985 secs] 114923K->15176K(494976K), [Metaspace: 20734K->20734K(1067008K)], 0.0414658 secs] [Times: user=0.04 sys=0.01, real=0.04 secs] 
05:53:30.853 [Curator-PathChildrenCache-1] WARN  o.a.c.u.ZKPaths  - The version of ZooKeeper being used doesn't support Container nodes. CreateMode.PERSISTENT will be used instead.
2019-06-11T05:53:32.992+0000: 19.496: [GC (Allocation Failure) 2019-06-11T05:53:32.992+0000: 19.496: [DefNew: 136576K->17023K(153600K), 0.0257426 secs] 151752K->52616K(494976K), 0.0258111 secs] [Times: user=0.01 sys=0.01, real=0.02 secs] 
2019-06-11T05:53:36.040+0000: 22.545: [Full GC (Metadata GC Threshold) 2019-06-11T05:53:36.040+0000: 22.545: [Tenured: 35592K->44068K(341376K), 0.0547853 secs] 109927K->44068K(494976K), [Metaspace: 34605K->34605K(1079296K)], 0.0548636 secs] [Times: user=0.05 sys=0.01, real=0.06 secs] 
2019-06-11T05:53:43.175+0000: 29.679: [GC (Allocation Failure) 2019-06-11T05:53:43.175+0000: 29.679: [DefNew: 136576K->62K(153600K), 0.0017698 secs] 180644K->44131K(494976K), 0.0018277 secs] [Times: user=0.01 sys=0.00, real=0.00 secs] 
2019-06-11T05:53:50.375+0000: 36.879: [GC (Allocation Failure) 2019-06-11T05:53:50.375+0000: 36.879: [DefNew: 136638K->64K(153600K), 0.0017251 secs] 180707K->44133K(494976K), 0.0017995 secs] [Times: user=0.00 sys=0.00, real=0.00 secs] 
2019-06-11T05:53:57.658+0000: 44.162: [GC (Allocation Failure) 2019-06-11T05:53:57.658+0000: 44.162: [DefNew: 136640K->62K(153600K), 0.0016148 secs] 180709K->44130K(494976K), 0.0016741 secs] [Times: user=0.00 sys=0.00, real=0.00 secs] 
2019-06-11T05:54:05.241+0000: 51.745: [GC (Allocation Failure) 2019-06-11T05:54:05.241+0000: 51.745: [DefNew: 136638K->63K(153600K), 0.0017091 secs] 180706K->44132K(494976K), 0.0017803 secs] [Times: user=0.01 sys=0.00, real=0.01 secs] 
2019-06-11T05:54:13.952+0000: 60.456: [GC (Allocation Failure) 2019-06-11T05:54:13.952+0000: 60.456: [DefNew: 136639K->129K(153600K), 0.0021268 secs] 180708K->44198K(494976K), 0.0021977 secs] [Times: user=0.01 sys=0.00, real=0.00 secs] 
05:54:34.433 [Curator-PathChildrenCache-0] ERROR o.a.c.f.r.c.PathChildrenCache  - 
java.lang.IllegalStateException: instance must be started before calling this method
	at org.apache.curator.shaded.com.google.common.base.Preconditions.checkState(Preconditions.java:444)
	at org.apache.curator.framework.imps.CuratorFrameworkImpl.getChildren(CuratorFrameworkImpl.java:456)
	at org.apache.curator.framework.recipes.cache.PathChildrenCache.refresh(PathChildrenCache.java:521)
	at org.apache.curator.framework.recipes.cache.RefreshOperation.invoke(RefreshOperation.java:35)
	at org.apache.curator.framework.recipes.cache.PathChildrenCache$9.run(PathChildrenCache.java:786)
	at java.util.concurrent.Executors$RunnableAdapter.call(Executors.java:511)
	at java.util.concurrent.FutureTask.run(FutureTask.java:266)
	at java.util.concurrent.Executors$RunnableAdapter.call(Executors.java:511)
	at java.util.concurrent.FutureTask.run(FutureTask.java:266)
	at java.util.concurrent.ThreadPoolExecutor.runWorker(ThreadPoolExecutor.java:1149)
	at java.util.concurrent.ThreadPoolExecutor$Worker.run(ThreadPoolExecutor.java:624)
	at java.lang.Thread.run(Thread.java:748)
Heap
 def new generation   total 153600K, used 50585K [0x00000000e0c00000, 0x00000000eb2a0000, 0x00000000eb2a0000)
  eden space 136576K,  36% used [0x00000000e0c00000, 0x00000000e3d461c8, 0x00000000e9160000)
  from space 17024K,   0% used [0x00000000e9160000, 0x00000000e9180570, 0x00000000ea200000)
  to   space 17024K,   0% used [0x00000000ea200000, 0x00000000ea200000, 0x00000000eb2a0000)
 tenured generation   total 341376K, used 44068K [0x00000000eb2a0000, 0x0000000100000000, 0x0000000100000000)
   the space 341376K,  12% used [0x00000000eb2a0000, 0x00000000edda9350, 0x00000000edda9400, 0x0000000100000000)
 Metaspace       used 36070K, capacity 36992K, committed 37120K, reserved 1081344K
  class space    used 4875K, capacity 5074K, committed 5120K, reserved 1048576K
