00:13:46,224 |-INFO in ch.qos.logback.classic.LoggerContext[default] - Could NOT find resource [logback-test.xml]
00:13:46,224 |-INFO in ch.qos.logback.classic.LoggerContext[default] - Could NOT find resource [logback.groovy]
00:13:46,224 |-INFO in ch.qos.logback.classic.LoggerContext[default] - Found resource [logback.xml] at [jar:file:/home/nikitasokolov/flamestream/lib/flamestream-runtime-1.0-SNAPSHOT.jar!/logback.xml]
00:13:46,225 |-WARN in ch.qos.logback.classic.LoggerContext[default] - Resource [logback.xml] occurs multiple times on the classpath.
00:13:46,225 |-WARN in ch.qos.logback.classic.LoggerContext[default] - Resource [logback.xml] occurs at [jar:file:/home/nikitasokolov/flamestream/lib/flamestream-runtime-1.0-SNAPSHOT.jar!/logback.xml]
00:13:46,225 |-WARN in ch.qos.logback.classic.LoggerContext[default] - Resource [logback.xml] occurs at [jar:file:/home/nikitasokolov/flamestream/flamestream-runtime-1.0-SNAPSHOT.jar!/logback.xml]
00:13:46,241 |-INFO in ch.qos.logback.core.joran.spi.ConfigurationWatchList@6108b2d7 - URL [jar:file:/home/nikitasokolov/flamestream/lib/flamestream-runtime-1.0-SNAPSHOT.jar!/logback.xml] is not of type file
00:13:46,290 |-INFO in ch.qos.logback.classic.joran.action.ConfigurationAction - debug attribute not set
00:13:46,291 |-INFO in ch.qos.logback.core.joran.action.AppenderAction - About to instantiate appender of type [ch.qos.logback.core.ConsoleAppender]
00:13:46,299 |-INFO in ch.qos.logback.core.joran.action.AppenderAction - Naming appender as [STDOUT]
00:13:46,307 |-INFO in ch.qos.logback.core.joran.action.NestedComplexPropertyIA - Assuming default type [ch.qos.logback.classic.encoder.PatternLayoutEncoder] for [encoder] property
00:13:46,366 |-INFO in ch.qos.logback.core.joran.action.AppenderAction - About to instantiate appender of type [ch.qos.logback.core.rolling.RollingFileAppender]
00:13:46,371 |-INFO in ch.qos.logback.core.joran.action.AppenderAction - Naming appender as [FILE]
00:13:46,393 |-INFO in c.q.l.core.rolling.TimeBasedRollingPolicy@357863579 - No compression will be used
00:13:46,395 |-INFO in c.q.l.core.rolling.TimeBasedRollingPolicy@357863579 - Will use the pattern /tmp/application_%d{yyyy-MM-dd}.%i.log for the active file
00:13:46,397 |-INFO in ch.qos.logback.core.rolling.SizeAndTimeBasedFNATP@6bf256fa - The date pattern is 'yyyy-MM-dd' from file name pattern '/tmp/application_%d{yyyy-MM-dd}.%i.log'.
00:13:46,398 |-INFO in ch.qos.logback.core.rolling.SizeAndTimeBasedFNATP@6bf256fa - Roll-over at midnight.
00:13:46,401 |-INFO in ch.qos.logback.core.rolling.SizeAndTimeBasedFNATP@6bf256fa - Setting initial period to Sun Jun 09 00:13:03 MSK 2019
00:13:46,401 |-WARN in ch.qos.logback.core.rolling.SizeAndTimeBasedFNATP@6bf256fa - SizeAndTimeBasedFNATP is deprecated. Use SizeAndTimeBasedRollingPolicy instead
00:13:46,401 |-WARN in ch.qos.logback.core.rolling.SizeAndTimeBasedFNATP@6bf256fa - For more information see http://logback.qos.ch/manual/appenders.html#SizeAndTimeBasedRollingPolicy
00:13:46,406 |-INFO in ch.qos.logback.core.joran.action.NestedComplexPropertyIA - Assuming default type [ch.qos.logback.classic.encoder.PatternLayoutEncoder] for [encoder] property
00:13:46,408 |-INFO in ch.qos.logback.core.rolling.RollingFileAppender[FILE] - Active log file name: /tmp/application.log
00:13:46,408 |-INFO in ch.qos.logback.core.rolling.RollingFileAppender[FILE] - File property is set to [/tmp/application.log]
00:13:46,409 |-INFO in ch.qos.logback.classic.joran.action.RootLoggerAction - Setting level of ROOT logger to WARN
00:13:46,409 |-INFO in ch.qos.logback.core.joran.action.AppenderRefAction - Attaching appender named [STDOUT] to Logger[ROOT]
00:13:46,410 |-INFO in ch.qos.logback.core.joran.action.AppenderRefAction - Attaching appender named [FILE] to Logger[ROOT]
00:13:46,410 |-INFO in ch.qos.logback.classic.joran.action.ConfigurationAction - End of configuration.
00:13:46,411 |-INFO in ch.qos.logback.classic.joran.JoranConfigurator@6cd8737 - Registering current configuration as safe fallback point

2019-06-09T00:13:47.389+0300: 1.364: [GC (Metadata GC Threshold) [PSYoungGen: 110722K->15908K(149504K)] 110722K->15988K(491008K), 0.0206353 secs] [Times: user=0.08 sys=0.02, real=0.03 secs] 
2019-06-09T00:13:47.410+0300: 1.385: [Full GC (Metadata GC Threshold) [PSYoungGen: 15908K->0K(149504K)] [ParOldGen: 80K->15078K(341504K)] 15988K->15078K(491008K), [Metaspace: 20806K->20806K(1067008K)], 0.0279241 secs] [Times: user=0.18 sys=0.01, real=0.03 secs] 
00:13:58.496 [Curator-PathChildrenCache-2] WARN  o.a.c.u.ZKPaths  - The version of ZooKeeper being used doesn't support Container nodes. CreateMode.PERSISTENT will be used instead.
2019-06-09T00:13:59.262+0300: 13.237: [GC (Metadata GC Threshold) [PSYoungGen: 126999K->17003K(149504K)] 142078K->51620K(491008K), 0.0259578 secs] [Times: user=0.21 sys=0.01, real=0.02 secs] 
2019-06-09T00:13:59.289+0300: 13.264: [Full GC (Metadata GC Threshold) [PSYoungGen: 17003K->0K(149504K)] [ParOldGen: 34617K->40054K(341504K)] 51620K->40054K(491008K), [Metaspace: 34499K->34495K(1079296K)], 0.0500210 secs] [Times: user=0.34 sys=0.01, real=0.06 secs] 
2019-06-09T00:14:01.146+0300: 15.121: [GC (Allocation Failure) [PSYoungGen: 128512K->512K(149504K)] 168566K->40566K(491008K), 0.0036607 secs] [Times: user=0.01 sys=0.00, real=0.01 secs] 
2019-06-09T00:14:02.993+0300: 16.968: [GC (Allocation Failure) [PSYoungGen: 129024K->544K(149504K)] 169078K->40606K(491008K), 0.0031885 secs] [Times: user=0.02 sys=0.00, real=0.00 secs] 
2019-06-09T00:14:04.954+0300: 18.929: [GC (Allocation Failure) [PSYoungGen: 129056K->544K(129536K)] 169118K->40614K(471040K), 0.0592798 secs] [Times: user=0.01 sys=0.01, real=0.06 secs] 
2019-06-09T00:14:06.917+0300: 20.892: [GC (Allocation Failure) [PSYoungGen: 129056K->608K(148992K)] 169126K->40678K(490496K), 0.0067188 secs] [Times: user=0.04 sys=0.01, real=0.01 secs] 
2019-06-09T00:14:08.851+0300: 22.826: [GC (Allocation Failure) [PSYoungGen: 127072K->640K(147968K)] 167142K->40718K(489472K), 0.0041159 secs] [Times: user=0.02 sys=0.00, real=0.00 secs] 
2019-06-09T00:14:10.811+0300: 24.786: [GC (Allocation Failure) [PSYoungGen: 127104K->640K(151040K)] 167182K->40726K(492544K), 0.0037577 secs] [Times: user=0.01 sys=0.00, real=0.00 secs] 
2019-06-09T00:14:12.807+0300: 26.782: [GC (Allocation Failure) [PSYoungGen: 131200K->608K(150016K)] 171286K->40702K(491520K), 0.0037146 secs] [Times: user=0.02 sys=0.00, real=0.01 secs] 
2019-06-09T00:14:14.833+0300: 28.808: [GC (Allocation Failure) [PSYoungGen: 131168K->544K(152576K)] 171262K->40646K(494080K), 0.0047739 secs] [Times: user=0.01 sys=0.01, real=0.01 secs] 
2019-06-09T00:14:16.883+0300: 30.858: [GC (Allocation Failure) [PSYoungGen: 134176K->736K(151552K)] 174278K->40838K(493056K), 0.0031790 secs] [Times: user=0.02 sys=0.00, real=0.00 secs] 
2019-06-09T00:14:18.940+0300: 32.915: [GC (Allocation Failure) [PSYoungGen: 134368K->672K(154112K)] 174470K->40782K(495616K), 0.0031587 secs] [Times: user=0.01 sys=0.00, real=0.00 secs] 
2019-06-09T00:14:21.054+0300: 35.088: [GC (Allocation Failure) [PSYoungGen: 137888K->768K(153600K)] 177998K->40878K(495104K), 0.0628666 secs] [Times: user=0.01 sys=0.01, real=0.06 secs] 
2019-06-09T00:14:23.174+0300: 37.149: [GC (Allocation Failure) [PSYoungGen: 137984K->736K(156160K)] 178094K->40854K(497664K), 0.0041700 secs] [Times: user=0.03 sys=0.00, real=0.01 secs] 
2019-06-09T00:14:25.358+0300: 39.333: [GC (Allocation Failure) [PSYoungGen: 141536K->736K(155136K)] 181654K->40854K(496640K), 0.0032546 secs] [Times: user=0.01 sys=0.00, real=0.00 secs] 
2019-06-09T00:14:27.527+0300: 41.502: [GC (Allocation Failure) [PSYoungGen: 141536K->768K(157696K)] 181654K->40886K(499200K), 0.0038321 secs] [Times: user=0.01 sys=0.00, real=0.01 secs] 
2019-06-09T00:14:29.736+0300: 43.711: [GC (Allocation Failure) [PSYoungGen: 144640K->704K(156672K)] 184758K->40830K(498176K), 0.0039695 secs] [Times: user=0.01 sys=0.00, real=0.01 secs] 
2019-06-09T00:14:31.963+0300: 45.938: [GC (Allocation Failure) [PSYoungGen: 144576K->480K(158720K)] 184702K->40958K(500224K), 0.0028027 secs] [Times: user=0.01 sys=0.00, real=0.00 secs] 
2019-06-09T00:14:34.215+0300: 48.190: [GC (Allocation Failure) [PSYoungGen: 146912K->416K(158208K)] 187390K->40926K(499712K), 0.0027320 secs] [Times: user=0.01 sys=0.01, real=0.01 secs] 
00:14:45.900 [Curator-PathChildrenCache-0] ERROR o.a.c.f.r.c.PathChildrenCache  - 
java.lang.IllegalStateException: instance must be started before calling this method
	at org.apache.curator.shaded.com.google.common.base.Preconditions.checkState(Preconditions.java:444)
	at org.apache.curator.framework.imps.CuratorFrameworkImpl.getChildren(CuratorFrameworkImpl.java:456)
	at org.apache.curator.framework.recipes.cache.PathChildrenCache.refresh(PathChildrenCache.java:521)
	at org.apache.curator.framework.recipes.cache.RefreshOperation.invoke(RefreshOperation.java:35)
	at org.apache.curator.framework.recipes.cache.PathChildrenCache$9.run(PathChildrenCache.java:786)
	at java.util.concurrent.Executors$RunnableAdapter.call(Executors.java:511)
	at java.util.concurrent.FutureTask.run(FutureTask.java:266)
	at java.util.concurrent.Executors$RunnableAdapter.call(Executors.java:511)
	at java.util.concurrent.FutureTask.run(FutureTask.java:266)
	at java.util.concurrent.ThreadPoolExecutor.runWorker(ThreadPoolExecutor.java:1149)
	at java.util.concurrent.ThreadPoolExecutor$Worker.run(ThreadPoolExecutor.java:624)
	at java.lang.Thread.run(Thread.java:748)
Heap
 PSYoungGen      total 158208K, used 106003K [0x00000000f5980000, 0x0000000100000000, 0x0000000100000000)
  eden space 146432K, 72% used [0x00000000f5980000,0x00000000fc09cc08,0x00000000fe880000)
  from space 11776K, 3% used [0x00000000fe880000,0x00000000fe8e8050,0x00000000ff400000)
  to   space 10752K, 0% used [0x00000000ff580000,0x00000000ff580000,0x0000000100000000)
 ParOldGen       total 341504K, used 40510K [0x00000000e0c00000, 0x00000000f5980000, 0x00000000f5980000)
  object space 341504K, 11% used [0x00000000e0c00000,0x00000000e338f908,0x00000000f5980000)
 Metaspace       used 36002K, capacity 36986K, committed 37208K, reserved 1081344K
  class space    used 4971K, capacity 5187K, committed 5248K, reserved 1048576K
