19:56:40,774 |-INFO in ch.qos.logback.classic.LoggerContext[default] - Could NOT find resource [logback-test.xml]
19:56:40,774 |-INFO in ch.qos.logback.classic.LoggerContext[default] - Could NOT find resource [logback.groovy]
19:56:40,774 |-INFO in ch.qos.logback.classic.LoggerContext[default] - Found resource [logback.xml] at [jar:file:/root/flamestream/lib/flamestream-runtime-1.0-SNAPSHOT.jar!/logback.xml]
19:56:40,779 |-WARN in ch.qos.logback.classic.LoggerContext[default] - Resource [logback.xml] occurs multiple times on the classpath.
19:56:40,779 |-WARN in ch.qos.logback.classic.LoggerContext[default] - Resource [logback.xml] occurs at [jar:file:/root/flamestream/lib/flamestream-runtime-1.0-SNAPSHOT.jar!/logback.xml]
19:56:40,779 |-WARN in ch.qos.logback.classic.LoggerContext[default] - Resource [logback.xml] occurs at [jar:file:/root/flamestream/flamestream-runtime-1.0-SNAPSHOT.jar!/logback.xml]
19:56:40,798 |-INFO in ch.qos.logback.core.joran.spi.ConfigurationWatchList@3fb6a447 - URL [jar:file:/root/flamestream/lib/flamestream-runtime-1.0-SNAPSHOT.jar!/logback.xml] is not of type file
19:56:40,865 |-INFO in ch.qos.logback.classic.joran.action.ConfigurationAction - debug attribute not set
19:56:40,865 |-INFO in ch.qos.logback.core.joran.action.AppenderAction - About to instantiate appender of type [ch.qos.logback.core.ConsoleAppender]
19:56:40,881 |-INFO in ch.qos.logback.core.joran.action.AppenderAction - Naming appender as [STDOUT]
19:56:40,901 |-INFO in ch.qos.logback.core.joran.action.NestedComplexPropertyIA - Assuming default type [ch.qos.logback.classic.encoder.PatternLayoutEncoder] for [encoder] property
19:56:40,994 |-INFO in ch.qos.logback.core.joran.action.AppenderAction - About to instantiate appender of type [ch.qos.logback.core.rolling.RollingFileAppender]
19:56:41,007 |-INFO in ch.qos.logback.core.joran.action.AppenderAction - Naming appender as [FILE]
19:56:41,034 |-INFO in c.q.l.core.rolling.TimeBasedRollingPolicy@127618319 - No compression will be used
19:56:41,035 |-INFO in c.q.l.core.rolling.TimeBasedRollingPolicy@127618319 - Will use the pattern /tmp/application_%d{yyyy-MM-dd}.%i.log for the active file
19:56:41,038 |-INFO in ch.qos.logback.core.rolling.SizeAndTimeBasedFNATP@6b2fad11 - The date pattern is 'yyyy-MM-dd' from file name pattern '/tmp/application_%d{yyyy-MM-dd}.%i.log'.
19:56:41,038 |-INFO in ch.qos.logback.core.rolling.SizeAndTimeBasedFNATP@6b2fad11 - Roll-over at midnight.
19:56:41,043 |-INFO in ch.qos.logback.core.rolling.SizeAndTimeBasedFNATP@6b2fad11 - Setting initial period to Mon Jun 10 19:55:14 UTC 2019
19:56:41,043 |-WARN in ch.qos.logback.core.rolling.SizeAndTimeBasedFNATP@6b2fad11 - SizeAndTimeBasedFNATP is deprecated. Use SizeAndTimeBasedRollingPolicy instead
19:56:41,043 |-WARN in ch.qos.logback.core.rolling.SizeAndTimeBasedFNATP@6b2fad11 - For more information see http://logback.qos.ch/manual/appenders.html#SizeAndTimeBasedRollingPolicy
19:56:41,047 |-INFO in ch.qos.logback.core.joran.action.NestedComplexPropertyIA - Assuming default type [ch.qos.logback.classic.encoder.PatternLayoutEncoder] for [encoder] property
19:56:41,051 |-INFO in ch.qos.logback.core.rolling.RollingFileAppender[FILE] - Active log file name: /tmp/application.log
19:56:41,051 |-INFO in ch.qos.logback.core.rolling.RollingFileAppender[FILE] - File property is set to [/tmp/application.log]
19:56:41,052 |-INFO in ch.qos.logback.classic.joran.action.RootLoggerAction - Setting level of ROOT logger to WARN
19:56:41,052 |-INFO in ch.qos.logback.core.joran.action.AppenderRefAction - Attaching appender named [STDOUT] to Logger[ROOT]
19:56:41,054 |-INFO in ch.qos.logback.core.joran.action.AppenderRefAction - Attaching appender named [FILE] to Logger[ROOT]
19:56:41,054 |-INFO in ch.qos.logback.classic.joran.action.ConfigurationAction - End of configuration.
19:56:41,055 |-INFO in ch.qos.logback.classic.joran.JoranConfigurator@79698539 - Registering current configuration as safe fallback point

Ama winner
Ama winner
2019-06-10T19:56:42.657+0000: 2.061: [Full GC (Metadata GC Threshold) 2019-06-10T19:56:42.657+0000: 2.061: [Tenured: 0K->15240K(341376K), 0.0398505 secs] 117718K->15240K(494976K), [Metaspace: 20734K->20734K(1067008K)], 0.0399184 secs] [Times: user=0.03 sys=0.01, real=0.04 secs] 
19:56:54.795 [Curator-PathChildrenCache-1] WARN  o.a.c.u.ZKPaths  - The version of ZooKeeper being used doesn't support Container nodes. CreateMode.PERSISTENT will be used instead.
2019-06-10T19:56:56.992+0000: 16.397: [GC (Allocation Failure) 2019-06-10T19:56:56.992+0000: 16.397: [DefNew: 136576K->17023K(153600K), 0.0255329 secs] 151816K->52566K(494976K), 0.0255966 secs] [Times: user=0.01 sys=0.01, real=0.03 secs] 
2019-06-10T19:56:58.661+0000: 18.066: [Full GC (Metadata GC Threshold) 2019-06-10T19:56:58.661+0000: 18.066: [Tenured: 35542K->43916K(341376K), 0.0656938 secs] 81957K->43916K(494976K), [Metaspace: 34587K->34587K(1079296K)], 0.0657671 secs] [Times: user=0.07 sys=0.00, real=0.07 secs] 
2019-06-10T19:57:07.639+0000: 27.043: [GC (Allocation Failure) 2019-06-10T19:57:07.639+0000: 27.043: [DefNew: 136576K->97K(153600K), 0.0018197 secs] 180492K->44014K(494976K), 0.0018874 secs] [Times: user=0.00 sys=0.00, real=0.00 secs] 
2019-06-10T19:57:16.588+0000: 35.993: [GC (Allocation Failure) 2019-06-10T19:57:16.588+0000: 35.993: [DefNew: 136673K->165K(153600K), 0.0018309 secs] 180590K->44081K(494976K), 0.0018928 secs] [Times: user=0.01 sys=0.00, real=0.00 secs] 
2019-06-10T19:57:25.684+0000: 45.089: [GC (Allocation Failure) 2019-06-10T19:57:25.684+0000: 45.089: [DefNew: 136741K->160K(153600K), 0.0017683 secs] 180657K->44076K(494976K), 0.0018278 secs] [Times: user=0.00 sys=0.00, real=0.00 secs] 
2019-06-10T19:57:34.865+0000: 54.269: [GC (Allocation Failure) 2019-06-10T19:57:34.865+0000: 54.269: [DefNew: 136736K->165K(153600K), 0.0017634 secs] 180652K->44081K(494976K), 0.0018216 secs] [Times: user=0.00 sys=0.00, real=0.01 secs] 
2019-06-10T19:57:44.567+0000: 63.972: [GC (Allocation Failure) 2019-06-10T19:57:44.567+0000: 63.972: [DefNew: 136741K->481K(153600K), 0.0022336 secs] 180657K->44397K(494976K), 0.0022893 secs] [Times: user=0.01 sys=0.00, real=0.00 secs] 
2019-06-10T19:57:55.433+0000: 74.838: [GC (Allocation Failure) 2019-06-10T19:57:55.434+0000: 74.838: [DefNew: 137057K->240K(153600K), 0.0020878 secs] 180973K->44156K(494976K), 0.0021617 secs] [Times: user=0.00 sys=0.00, real=0.01 secs] 
19:58:12.257 [Curator-PathChildrenCache-0] ERROR o.a.c.f.r.c.PathChildrenCache  - 
java.lang.IllegalStateException: instance must be started before calling this method
	at org.apache.curator.shaded.com.google.common.base.Preconditions.checkState(Preconditions.java:444)
	at org.apache.curator.framework.imps.CuratorFrameworkImpl.getChildren(CuratorFrameworkImpl.java:456)
	at org.apache.curator.framework.recipes.cache.PathChildrenCache.refresh(PathChildrenCache.java:521)
	at org.apache.curator.framework.recipes.cache.RefreshOperation.invoke(RefreshOperation.java:35)
	at org.apache.curator.framework.recipes.cache.PathChildrenCache$9.run(PathChildrenCache.java:786)
	at java.util.concurrent.Executors$RunnableAdapter.call(Executors.java:511)
	at java.util.concurrent.FutureTask.run(FutureTask.java:266)
	at java.util.concurrent.Executors$RunnableAdapter.call(Executors.java:511)
	at java.util.concurrent.FutureTask.run(FutureTask.java:266)
	at java.util.concurrent.ThreadPoolExecutor.runWorker(ThreadPoolExecutor.java:1149)
	at java.util.concurrent.ThreadPoolExecutor$Worker.run(ThreadPoolExecutor.java:624)
	at java.lang.Thread.run(Thread.java:748)
Heap
 def new generation   total 153600K, used 94708K [0x00000000e0c00000, 0x00000000eb2a0000, 0x00000000eb2a0000)
  eden space 136576K,  69% used [0x00000000e0c00000, 0x00000000e6840d98, 0x00000000e9160000)
  from space 17024K,   1% used [0x00000000ea200000, 0x00000000ea23c3a0, 0x00000000eb2a0000)
  to   space 17024K,   0% used [0x00000000e9160000, 0x00000000e9160000, 0x00000000ea200000)
 tenured generation   total 341376K, used 43916K [0x00000000eb2a0000, 0x0000000100000000, 0x0000000100000000)
   the space 341376K,  12% used [0x00000000eb2a0000, 0x00000000edd83058, 0x00000000edd83200, 0x0000000100000000)
 Metaspace       used 36223K, capacity 37134K, committed 37376K, reserved 1081344K
  class space    used 4876K, capacity 5087K, committed 5120K, reserved 1048576K
