16:54:21,585 |-INFO in ch.qos.logback.classic.LoggerContext[default] - Could NOT find resource [logback-test.xml]
16:54:21,585 |-INFO in ch.qos.logback.classic.LoggerContext[default] - Could NOT find resource [logback.groovy]
16:54:21,585 |-INFO in ch.qos.logback.classic.LoggerContext[default] - Found resource [logback.xml] at [jar:file:/home/nikitasokolov/flamestream/lib/flamestream-runtime-1.0-SNAPSHOT.jar!/logback.xml]
16:54:21,586 |-WARN in ch.qos.logback.classic.LoggerContext[default] - Resource [logback.xml] occurs multiple times on the classpath.
16:54:21,586 |-WARN in ch.qos.logback.classic.LoggerContext[default] - Resource [logback.xml] occurs at [jar:file:/home/nikitasokolov/flamestream/lib/flamestream-runtime-1.0-SNAPSHOT.jar!/logback.xml]
16:54:21,586 |-WARN in ch.qos.logback.classic.LoggerContext[default] - Resource [logback.xml] occurs at [jar:file:/home/nikitasokolov/flamestream/flamestream-runtime-1.0-SNAPSHOT.jar!/logback.xml]
16:54:21,601 |-INFO in ch.qos.logback.core.joran.spi.ConfigurationWatchList@6108b2d7 - URL [jar:file:/home/nikitasokolov/flamestream/lib/flamestream-runtime-1.0-SNAPSHOT.jar!/logback.xml] is not of type file
16:54:21,651 |-INFO in ch.qos.logback.classic.joran.action.ConfigurationAction - debug attribute not set
16:54:21,652 |-INFO in ch.qos.logback.core.joran.action.AppenderAction - About to instantiate appender of type [ch.qos.logback.core.ConsoleAppender]
16:54:21,663 |-INFO in ch.qos.logback.core.joran.action.AppenderAction - Naming appender as [STDOUT]
16:54:21,672 |-INFO in ch.qos.logback.core.joran.action.NestedComplexPropertyIA - Assuming default type [ch.qos.logback.classic.encoder.PatternLayoutEncoder] for [encoder] property
16:54:21,729 |-INFO in ch.qos.logback.core.joran.action.AppenderAction - About to instantiate appender of type [ch.qos.logback.core.rolling.RollingFileAppender]
16:54:21,735 |-INFO in ch.qos.logback.core.joran.action.AppenderAction - Naming appender as [FILE]
16:54:21,757 |-INFO in c.q.l.core.rolling.TimeBasedRollingPolicy@357863579 - No compression will be used
16:54:21,758 |-INFO in c.q.l.core.rolling.TimeBasedRollingPolicy@357863579 - Will use the pattern /tmp/application_%d{yyyy-MM-dd}.%i.log for the active file
16:54:21,761 |-INFO in ch.qos.logback.core.rolling.SizeAndTimeBasedFNATP@6bf256fa - The date pattern is 'yyyy-MM-dd' from file name pattern '/tmp/application_%d{yyyy-MM-dd}.%i.log'.
16:54:21,761 |-INFO in ch.qos.logback.core.rolling.SizeAndTimeBasedFNATP@6bf256fa - Roll-over at midnight.
16:54:21,765 |-INFO in ch.qos.logback.core.rolling.SizeAndTimeBasedFNATP@6bf256fa - Setting initial period to Sun Jun 09 16:53:32 MSK 2019
16:54:21,765 |-WARN in ch.qos.logback.core.rolling.SizeAndTimeBasedFNATP@6bf256fa - SizeAndTimeBasedFNATP is deprecated. Use SizeAndTimeBasedRollingPolicy instead
16:54:21,765 |-WARN in ch.qos.logback.core.rolling.SizeAndTimeBasedFNATP@6bf256fa - For more information see http://logback.qos.ch/manual/appenders.html#SizeAndTimeBasedRollingPolicy
16:54:21,769 |-INFO in ch.qos.logback.core.joran.action.NestedComplexPropertyIA - Assuming default type [ch.qos.logback.classic.encoder.PatternLayoutEncoder] for [encoder] property
16:54:21,773 |-INFO in ch.qos.logback.core.rolling.RollingFileAppender[FILE] - Active log file name: /tmp/application.log
16:54:21,773 |-INFO in ch.qos.logback.core.rolling.RollingFileAppender[FILE] - File property is set to [/tmp/application.log]
16:54:21,774 |-INFO in ch.qos.logback.classic.joran.action.RootLoggerAction - Setting level of ROOT logger to WARN
16:54:21,774 |-INFO in ch.qos.logback.core.joran.action.AppenderRefAction - Attaching appender named [STDOUT] to Logger[ROOT]
16:54:21,774 |-INFO in ch.qos.logback.core.joran.action.AppenderRefAction - Attaching appender named [FILE] to Logger[ROOT]
16:54:21,774 |-INFO in ch.qos.logback.classic.joran.action.ConfigurationAction - End of configuration.
16:54:21,775 |-INFO in ch.qos.logback.classic.joran.JoranConfigurator@6cd8737 - Registering current configuration as safe fallback point

2019-06-09T16:54:22.765+0300: 1.376: [GC (Metadata GC Threshold) [PSYoungGen: 110722K->15928K(149504K)] 110722K->16008K(491008K), 0.0198630 secs] [Times: user=0.06 sys=0.02, real=0.02 secs] 
2019-06-09T16:54:22.785+0300: 1.396: [Full GC (Metadata GC Threshold) [PSYoungGen: 15928K->0K(149504K)] [ParOldGen: 80K->15078K(341504K)] 16008K->15078K(491008K), [Metaspace: 20806K->20806K(1067008K)], 0.0242467 secs] [Times: user=0.13 sys=0.02, real=0.02 secs] 
2019-06-09T16:54:37.093+0300: 15.704: [GC (Allocation Failure) [PSYoungGen: 128512K->15686K(149504K)] 143590K->50304K(491008K), 0.0261846 secs] [Times: user=0.19 sys=0.03, real=0.03 secs] 
2019-06-09T16:54:40.529+0300: 19.140: [GC (Metadata GC Threshold) [PSYoungGen: 58277K->5461K(149504K)] 92895K->40086K(491008K), 0.0064948 secs] [Times: user=0.02 sys=0.03, real=0.01 secs] 
2019-06-09T16:54:40.535+0300: 19.146: [Full GC (Metadata GC Threshold) [PSYoungGen: 5461K->0K(149504K)] [ParOldGen: 34625K->29223K(341504K)] 40086K->29223K(491008K), [Metaspace: 34565K->34565K(1079296K)], 0.0473702 secs] [Times: user=0.16 sys=0.11, real=0.05 secs] 
2019-06-09T16:54:54.338+0300: 32.949: [GC (Allocation Failure) [PSYoungGen: 128512K->320K(149504K)] 157735K->29551K(491008K), 0.0080617 secs] [Times: user=0.06 sys=0.01, real=0.00 secs] 
2019-06-09T16:55:08.277+0300: 46.888: [GC (Allocation Failure) [PSYoungGen: 128832K->352K(129024K)] 158063K->29591K(470528K), 0.0683311 secs] [Times: user=0.01 sys=0.01, real=0.07 secs] 
2019-06-09T16:55:22.505+0300: 61.116: [GC (Allocation Failure) [PSYoungGen: 128864K->256K(148992K)] 158103K->29503K(490496K), 0.0075180 secs] [Times: user=0.05 sys=0.02, real=0.01 secs] 
2019-06-09T16:55:39.769+0300: 78.381: [GC (Allocation Failure) [PSYoungGen: 127232K->631K(148480K)] 156479K->29887K(489984K), 0.0034373 secs] [Times: user=0.00 sys=0.00, real=0.01 secs] 
16:56:06.640 [Curator-PathChildrenCache-0] ERROR o.a.c.f.r.c.PathChildrenCache  - 
java.lang.IllegalStateException: instance must be started before calling this method
	at org.apache.curator.shaded.com.google.common.base.Preconditions.checkState(Preconditions.java:444)
	at org.apache.curator.framework.imps.CuratorFrameworkImpl.getChildren(CuratorFrameworkImpl.java:456)
	at org.apache.curator.framework.recipes.cache.PathChildrenCache.refresh(PathChildrenCache.java:521)
	at org.apache.curator.framework.recipes.cache.RefreshOperation.invoke(RefreshOperation.java:35)
	at org.apache.curator.framework.recipes.cache.PathChildrenCache$9.run(PathChildrenCache.java:786)
	at java.util.concurrent.Executors$RunnableAdapter.call(Executors.java:511)
	at java.util.concurrent.FutureTask.run(FutureTask.java:266)
	at java.util.concurrent.Executors$RunnableAdapter.call(Executors.java:511)
	at java.util.concurrent.FutureTask.run(FutureTask.java:266)
	at java.util.concurrent.ThreadPoolExecutor.runWorker(ThreadPoolExecutor.java:1149)
	at java.util.concurrent.ThreadPoolExecutor$Worker.run(ThreadPoolExecutor.java:624)
	at java.lang.Thread.run(Thread.java:748)
Heap
 PSYoungGen      total 148480K, used 101684K [0x00000000f5980000, 0x0000000100000000, 0x0000000100000000)
  eden space 126976K, 79% used [0x00000000f5980000,0x00000000fbc2f3e0,0x00000000fd580000)
  from space 21504K, 2% used [0x00000000fd580000,0x00000000fd61dcc0,0x00000000fea80000)
  to   space 20480K, 0% used [0x00000000fec00000,0x00000000fec00000,0x0000000100000000)
 ParOldGen       total 341504K, used 29255K [0x00000000e0c00000, 0x00000000f5980000, 0x00000000f5980000)
  object space 341504K, 8% used [0x00000000e0c00000,0x00000000e2891f98,0x00000000f5980000)
 Metaspace       used 36035K, capacity 36894K, committed 37208K, reserved 1081344K
  class space    used 4965K, capacity 5161K, committed 5248K, reserved 1048576K
