14:53:50,441 |-INFO in ch.qos.logback.classic.LoggerContext[default] - Could NOT find resource [logback-test.xml]
14:53:50,441 |-INFO in ch.qos.logback.classic.LoggerContext[default] - Could NOT find resource [logback.groovy]
14:53:50,442 |-INFO in ch.qos.logback.classic.LoggerContext[default] - Found resource [logback.xml] at [jar:file:/root/flamestream/lib/flamestream-runtime-1.0-SNAPSHOT.jar!/logback.xml]
14:53:50,442 |-WARN in ch.qos.logback.classic.LoggerContext[default] - Resource [logback.xml] occurs multiple times on the classpath.
14:53:50,443 |-WARN in ch.qos.logback.classic.LoggerContext[default] - Resource [logback.xml] occurs at [jar:file:/root/flamestream/lib/flamestream-runtime-1.0-SNAPSHOT.jar!/logback.xml]
14:53:50,443 |-WARN in ch.qos.logback.classic.LoggerContext[default] - Resource [logback.xml] occurs at [jar:file:/root/flamestream/flamestream-runtime-1.0-SNAPSHOT.jar!/logback.xml]
14:53:50,463 |-INFO in ch.qos.logback.core.joran.spi.ConfigurationWatchList@3fb6a447 - URL [jar:file:/root/flamestream/lib/flamestream-runtime-1.0-SNAPSHOT.jar!/logback.xml] is not of type file
14:53:50,537 |-INFO in ch.qos.logback.classic.joran.action.ConfigurationAction - debug attribute not set
14:53:50,537 |-INFO in ch.qos.logback.core.joran.action.AppenderAction - About to instantiate appender of type [ch.qos.logback.core.ConsoleAppender]
14:53:50,553 |-INFO in ch.qos.logback.core.joran.action.AppenderAction - Naming appender as [STDOUT]
14:53:50,571 |-INFO in ch.qos.logback.core.joran.action.NestedComplexPropertyIA - Assuming default type [ch.qos.logback.classic.encoder.PatternLayoutEncoder] for [encoder] property
14:53:50,657 |-INFO in ch.qos.logback.core.joran.action.AppenderAction - About to instantiate appender of type [ch.qos.logback.core.rolling.RollingFileAppender]
14:53:50,662 |-INFO in ch.qos.logback.core.joran.action.AppenderAction - Naming appender as [FILE]
14:53:50,699 |-INFO in c.q.l.core.rolling.TimeBasedRollingPolicy@127618319 - No compression will be used
14:53:50,700 |-INFO in c.q.l.core.rolling.TimeBasedRollingPolicy@127618319 - Will use the pattern /tmp/application_%d{yyyy-MM-dd}.%i.log for the active file
14:53:50,703 |-INFO in ch.qos.logback.core.rolling.SizeAndTimeBasedFNATP@6b2fad11 - The date pattern is 'yyyy-MM-dd' from file name pattern '/tmp/application_%d{yyyy-MM-dd}.%i.log'.
14:53:50,703 |-INFO in ch.qos.logback.core.rolling.SizeAndTimeBasedFNATP@6b2fad11 - Roll-over at midnight.
14:53:50,709 |-INFO in ch.qos.logback.core.rolling.SizeAndTimeBasedFNATP@6b2fad11 - Setting initial period to Mon Jun 10 14:52:34 UTC 2019
14:53:50,709 |-WARN in ch.qos.logback.core.rolling.SizeAndTimeBasedFNATP@6b2fad11 - SizeAndTimeBasedFNATP is deprecated. Use SizeAndTimeBasedRollingPolicy instead
14:53:50,709 |-WARN in ch.qos.logback.core.rolling.SizeAndTimeBasedFNATP@6b2fad11 - For more information see http://logback.qos.ch/manual/appenders.html#SizeAndTimeBasedRollingPolicy
14:53:50,713 |-INFO in ch.qos.logback.core.joran.action.NestedComplexPropertyIA - Assuming default type [ch.qos.logback.classic.encoder.PatternLayoutEncoder] for [encoder] property
14:53:50,718 |-INFO in ch.qos.logback.core.rolling.RollingFileAppender[FILE] - Active log file name: /tmp/application.log
14:53:50,718 |-INFO in ch.qos.logback.core.rolling.RollingFileAppender[FILE] - File property is set to [/tmp/application.log]
14:53:50,719 |-INFO in ch.qos.logback.classic.joran.action.RootLoggerAction - Setting level of ROOT logger to WARN
14:53:50,719 |-INFO in ch.qos.logback.core.joran.action.AppenderRefAction - Attaching appender named [STDOUT] to Logger[ROOT]
14:53:50,721 |-INFO in ch.qos.logback.core.joran.action.AppenderRefAction - Attaching appender named [FILE] to Logger[ROOT]
14:53:50,721 |-INFO in ch.qos.logback.classic.joran.action.ConfigurationAction - End of configuration.
14:53:50,721 |-INFO in ch.qos.logback.classic.joran.JoranConfigurator@79698539 - Registering current configuration as safe fallback point

Ama winner
Ama winner
2019-06-10T14:53:52.006+0000: 1.755: [Full GC (Metadata GC Threshold) 2019-06-10T14:53:52.006+0000: 1.755: [Tenured: 0K->15240K(341376K), 0.0396604 secs] 114988K->15240K(494976K), [Metaspace: 20729K->20729K(1067008K)], 0.0397258 secs] [Times: user=0.03 sys=0.00, real=0.04 secs] 
14:54:06.145 [Curator-PathChildrenCache-2] WARN  o.a.c.u.ZKPaths  - The version of ZooKeeper being used doesn't support Container nodes. CreateMode.PERSISTENT will be used instead.
2019-06-10T14:54:08.515+0000: 18.264: [GC (Allocation Failure) 2019-06-10T14:54:08.515+0000: 18.264: [DefNew: 136576K->17023K(153600K), 0.0265784 secs] 151816K->52920K(494976K), 0.0266509 secs] [Times: user=0.02 sys=0.01, real=0.03 secs] 
2019-06-10T14:54:09.091+0000: 18.839: [Full GC (Metadata GC Threshold) 2019-06-10T14:54:09.091+0000: 18.839: [Tenured: 35897K->44710K(341376K), 0.0389100 secs] 72360K->44710K(494976K), [Metaspace: 34628K->34628K(1079296K)], 0.0389846 secs] [Times: user=0.04 sys=0.00, real=0.04 secs] 
2019-06-10T14:54:13.548+0000: 23.297: [GC (Allocation Failure) 2019-06-10T14:54:13.548+0000: 23.297: [DefNew: 136576K->243K(153600K), 0.0024579 secs] 181286K->44953K(494976K), 0.0025246 secs] [Times: user=0.00 sys=0.00, real=0.01 secs] 
2019-06-10T14:54:17.873+0000: 27.622: [GC (Allocation Failure) 2019-06-10T14:54:17.873+0000: 27.622: [DefNew: 136819K->272K(153600K), 0.0021792 secs] 181529K->44982K(494976K), 0.0022385 secs] [Times: user=0.01 sys=0.00, real=0.00 secs] 
2019-06-10T14:54:22.223+0000: 31.972: [GC (Allocation Failure) 2019-06-10T14:54:22.223+0000: 31.972: [DefNew: 136848K->326K(153600K), 0.0023377 secs] 181558K->45036K(494976K), 0.0023991 secs] [Times: user=0.00 sys=0.00, real=0.00 secs] 
2019-06-10T14:54:26.541+0000: 36.290: [GC (Allocation Failure) 2019-06-10T14:54:26.541+0000: 36.290: [DefNew: 136902K->339K(153600K), 0.0021608 secs] 181612K->45049K(494976K), 0.0022226 secs] [Times: user=0.00 sys=0.00, real=0.00 secs] 
2019-06-10T14:54:30.782+0000: 40.531: [GC (Allocation Failure) 2019-06-10T14:54:30.782+0000: 40.531: [DefNew: 136915K->347K(153600K), 0.0022588 secs] 181625K->45058K(494976K), 0.0023188 secs] [Times: user=0.00 sys=0.00, real=0.00 secs] 
2019-06-10T14:54:35.100+0000: 44.849: [GC (Allocation Failure) 2019-06-10T14:54:35.100+0000: 44.849: [DefNew: 136923K->341K(153600K), 0.0022709 secs] 181634K->45051K(494976K), 0.0023323 secs] [Times: user=0.00 sys=0.00, real=0.00 secs] 
2019-06-10T14:54:39.394+0000: 49.142: [GC (Allocation Failure) 2019-06-10T14:54:39.394+0000: 49.142: [DefNew: 136917K->340K(153600K), 0.0022323 secs] 181627K->45050K(494976K), 0.0023022 secs] [Times: user=0.00 sys=0.00, real=0.00 secs] 
2019-06-10T14:54:43.663+0000: 53.412: [GC (Allocation Failure) 2019-06-10T14:54:43.663+0000: 53.412: [DefNew: 136916K->341K(153600K), 0.0023271 secs] 181626K->45051K(494976K), 0.0023876 secs] [Times: user=0.01 sys=0.00, real=0.00 secs] 
14:54:53.537 [Curator-PathChildrenCache-0] ERROR o.a.c.f.r.c.PathChildrenCache  - 
java.lang.IllegalStateException: instance must be started before calling this method
	at org.apache.curator.shaded.com.google.common.base.Preconditions.checkState(Preconditions.java:444)
	at org.apache.curator.framework.imps.CuratorFrameworkImpl.getChildren(CuratorFrameworkImpl.java:456)
	at org.apache.curator.framework.recipes.cache.PathChildrenCache.refresh(PathChildrenCache.java:521)
	at org.apache.curator.framework.recipes.cache.RefreshOperation.invoke(RefreshOperation.java:35)
	at org.apache.curator.framework.recipes.cache.PathChildrenCache$9.run(PathChildrenCache.java:786)
	at java.util.concurrent.Executors$RunnableAdapter.call(Executors.java:511)
	at java.util.concurrent.FutureTask.run(FutureTask.java:266)
	at java.util.concurrent.Executors$RunnableAdapter.call(Executors.java:511)
	at java.util.concurrent.FutureTask.run(FutureTask.java:266)
	at java.util.concurrent.ThreadPoolExecutor.runWorker(ThreadPoolExecutor.java:1149)
	at java.util.concurrent.ThreadPoolExecutor$Worker.run(ThreadPoolExecutor.java:624)
	at java.lang.Thread.run(Thread.java:748)
Heap
 def new generation   total 153600K, used 128507K [0x00000000e0c00000, 0x00000000eb2a0000, 0x00000000eb2a0000)
  eden space 136576K,  93% used [0x00000000e0c00000, 0x00000000e89299b0, 0x00000000e9160000)
  from space 17024K,   2% used [0x00000000ea200000, 0x00000000ea2555e8, 0x00000000eb2a0000)
  to   space 17024K,   0% used [0x00000000e9160000, 0x00000000e9160000, 0x00000000ea200000)
 tenured generation   total 341376K, used 44710K [0x00000000eb2a0000, 0x0000000100000000, 0x0000000100000000)
   the space 341376K,  13% used [0x00000000eb2a0000, 0x00000000ede498c8, 0x00000000ede49a00, 0x0000000100000000)
 Metaspace       used 36576K, capacity 37550K, committed 37760K, reserved 1081344K
  class space    used 4919K, capacity 5131K, committed 5248K, reserved 1048576K
