18:16:09,035 |-INFO in ch.qos.logback.classic.LoggerContext[default] - Could NOT find resource [logback-test.xml]
18:16:09,036 |-INFO in ch.qos.logback.classic.LoggerContext[default] - Could NOT find resource [logback.groovy]
18:16:09,036 |-INFO in ch.qos.logback.classic.LoggerContext[default] - Found resource [logback.xml] at [jar:file:/root/flamestream/lib/flamestream-runtime-1.0-SNAPSHOT.jar!/logback.xml]
18:16:09,036 |-WARN in ch.qos.logback.classic.LoggerContext[default] - Resource [logback.xml] occurs multiple times on the classpath.
18:16:09,036 |-WARN in ch.qos.logback.classic.LoggerContext[default] - Resource [logback.xml] occurs at [jar:file:/root/flamestream/lib/flamestream-runtime-1.0-SNAPSHOT.jar!/logback.xml]
18:16:09,036 |-WARN in ch.qos.logback.classic.LoggerContext[default] - Resource [logback.xml] occurs at [jar:file:/root/flamestream/flamestream-runtime-1.0-SNAPSHOT.jar!/logback.xml]
18:16:09,061 |-INFO in ch.qos.logback.core.joran.spi.ConfigurationWatchList@3fb6a447 - URL [jar:file:/root/flamestream/lib/flamestream-runtime-1.0-SNAPSHOT.jar!/logback.xml] is not of type file
18:16:09,135 |-INFO in ch.qos.logback.classic.joran.action.ConfigurationAction - debug attribute not set
18:16:09,135 |-INFO in ch.qos.logback.core.joran.action.AppenderAction - About to instantiate appender of type [ch.qos.logback.core.ConsoleAppender]
18:16:09,152 |-INFO in ch.qos.logback.core.joran.action.AppenderAction - Naming appender as [STDOUT]
18:16:09,169 |-INFO in ch.qos.logback.core.joran.action.NestedComplexPropertyIA - Assuming default type [ch.qos.logback.classic.encoder.PatternLayoutEncoder] for [encoder] property
18:16:09,252 |-INFO in ch.qos.logback.core.joran.action.AppenderAction - About to instantiate appender of type [ch.qos.logback.core.rolling.RollingFileAppender]
18:16:09,258 |-INFO in ch.qos.logback.core.joran.action.AppenderAction - Naming appender as [FILE]
18:16:09,290 |-INFO in c.q.l.core.rolling.TimeBasedRollingPolicy@127618319 - No compression will be used
18:16:09,292 |-INFO in c.q.l.core.rolling.TimeBasedRollingPolicy@127618319 - Will use the pattern /tmp/application_%d{yyyy-MM-dd}.%i.log for the active file
18:16:09,295 |-INFO in ch.qos.logback.core.rolling.SizeAndTimeBasedFNATP@6b2fad11 - The date pattern is 'yyyy-MM-dd' from file name pattern '/tmp/application_%d{yyyy-MM-dd}.%i.log'.
18:16:09,295 |-INFO in ch.qos.logback.core.rolling.SizeAndTimeBasedFNATP@6b2fad11 - Roll-over at midnight.
18:16:09,300 |-INFO in ch.qos.logback.core.rolling.SizeAndTimeBasedFNATP@6b2fad11 - Setting initial period to Mon Jun 10 18:14:49 UTC 2019
18:16:09,300 |-WARN in ch.qos.logback.core.rolling.SizeAndTimeBasedFNATP@6b2fad11 - SizeAndTimeBasedFNATP is deprecated. Use SizeAndTimeBasedRollingPolicy instead
18:16:09,300 |-WARN in ch.qos.logback.core.rolling.SizeAndTimeBasedFNATP@6b2fad11 - For more information see http://logback.qos.ch/manual/appenders.html#SizeAndTimeBasedRollingPolicy
18:16:09,304 |-INFO in ch.qos.logback.core.joran.action.NestedComplexPropertyIA - Assuming default type [ch.qos.logback.classic.encoder.PatternLayoutEncoder] for [encoder] property
18:16:09,309 |-INFO in ch.qos.logback.core.rolling.RollingFileAppender[FILE] - Active log file name: /tmp/application.log
18:16:09,309 |-INFO in ch.qos.logback.core.rolling.RollingFileAppender[FILE] - File property is set to [/tmp/application.log]
18:16:09,310 |-INFO in ch.qos.logback.classic.joran.action.RootLoggerAction - Setting level of ROOT logger to WARN
18:16:09,310 |-INFO in ch.qos.logback.core.joran.action.AppenderRefAction - Attaching appender named [STDOUT] to Logger[ROOT]
18:16:09,312 |-INFO in ch.qos.logback.core.joran.action.AppenderRefAction - Attaching appender named [FILE] to Logger[ROOT]
18:16:09,312 |-INFO in ch.qos.logback.classic.joran.action.ConfigurationAction - End of configuration.
18:16:09,312 |-INFO in ch.qos.logback.classic.joran.JoranConfigurator@79698539 - Registering current configuration as safe fallback point

Ama winner
Ama winner
2019-06-10T18:16:10.943+0000: 2.091: [Full GC (Metadata GC Threshold) 2019-06-10T18:16:10.943+0000: 2.091: [Tenured: 0K->15176K(341376K), 0.0361169 secs] 120483K->15176K(494976K), [Metaspace: 20734K->20734K(1067008K)], 0.0361979 secs] [Times: user=0.04 sys=0.00, real=0.04 secs] 
18:16:28.576 [Curator-PathChildrenCache-2] WARN  o.a.c.u.ZKPaths  - The version of ZooKeeper being used doesn't support Container nodes. CreateMode.PERSISTENT will be used instead.
2019-06-10T18:16:30.751+0000: 21.899: [GC (Allocation Failure) 2019-06-10T18:16:30.751+0000: 21.899: [DefNew: 136576K->17023K(153600K), 0.0293970 secs] 151752K->52507K(494976K), 0.0294789 secs] [Times: user=0.02 sys=0.01, real=0.03 secs] 
2019-06-10T18:16:31.887+0000: 23.035: [Full GC (Metadata GC Threshold) 2019-06-10T18:16:31.887+0000: 23.035: [Tenured: 35483K->43952K(341376K), 0.0379045 secs] 79133K->43952K(494976K), [Metaspace: 34541K->34541K(1079296K)], 0.0379783 secs] [Times: user=0.04 sys=0.00, real=0.04 secs] 
2019-06-10T18:16:37.667+0000: 28.815: [GC (Allocation Failure) 2019-06-10T18:16:37.667+0000: 28.815: [DefNew: 136576K->67K(153600K), 0.0018925 secs] 180528K->44019K(494976K), 0.0019507 secs] [Times: user=0.00 sys=0.00, real=0.01 secs] 
2019-06-10T18:16:43.406+0000: 34.554: [GC (Allocation Failure) 2019-06-10T18:16:43.406+0000: 34.554: [DefNew: 136643K->72K(153600K), 0.0018210 secs] 180595K->44025K(494976K), 0.0018857 secs] [Times: user=0.01 sys=0.00, real=0.00 secs] 
2019-06-10T18:16:49.173+0000: 40.321: [GC (Allocation Failure) 2019-06-10T18:16:49.173+0000: 40.321: [DefNew: 136648K->74K(153600K), 0.0017731 secs] 180601K->44026K(494976K), 0.0018325 secs] [Times: user=0.00 sys=0.00, real=0.00 secs] 
2019-06-10T18:16:54.943+0000: 46.091: [GC (Allocation Failure) 2019-06-10T18:16:54.943+0000: 46.091: [DefNew: 136650K->73K(153600K), 0.0017639 secs] 180602K->44025K(494976K), 0.0018257 secs] [Times: user=0.01 sys=0.00, real=0.00 secs] 
2019-06-10T18:17:00.729+0000: 51.877: [GC (Allocation Failure) 2019-06-10T18:17:00.729+0000: 51.877: [DefNew: 136649K->75K(153600K), 0.0018114 secs] 180601K->44028K(494976K), 0.0018723 secs] [Times: user=0.00 sys=0.00, real=0.00 secs] 
18:17:09.910 [Curator-PathChildrenCache-0] ERROR o.a.c.f.r.c.PathChildrenCache  - 
java.lang.IllegalStateException: instance must be started before calling this method
	at org.apache.curator.shaded.com.google.common.base.Preconditions.checkState(Preconditions.java:444)
	at org.apache.curator.framework.imps.CuratorFrameworkImpl.getChildren(CuratorFrameworkImpl.java:456)
	at org.apache.curator.framework.recipes.cache.PathChildrenCache.refresh(PathChildrenCache.java:521)
	at org.apache.curator.framework.recipes.cache.RefreshOperation.invoke(RefreshOperation.java:35)
	at org.apache.curator.framework.recipes.cache.PathChildrenCache$9.run(PathChildrenCache.java:786)
	at java.util.concurrent.Executors$RunnableAdapter.call(Executors.java:511)
	at java.util.concurrent.FutureTask.run(FutureTask.java:266)
	at java.util.concurrent.Executors$RunnableAdapter.call(Executors.java:511)
	at java.util.concurrent.FutureTask.run(FutureTask.java:266)
	at java.util.concurrent.ThreadPoolExecutor.runWorker(ThreadPoolExecutor.java:1149)
	at java.util.concurrent.ThreadPoolExecutor$Worker.run(ThreadPoolExecutor.java:624)
	at java.lang.Thread.run(Thread.java:748)
Heap
 def new generation   total 153600K, used 115888K [0x00000000e0c00000, 0x00000000eb2a0000, 0x00000000eb2a0000)
  eden space 136576K,  84% used [0x00000000e0c00000, 0x00000000e7d19270, 0x00000000e9160000)
  from space 17024K,   0% used [0x00000000e9160000, 0x00000000e9172f60, 0x00000000ea200000)
  to   space 17024K,   0% used [0x00000000ea200000, 0x00000000ea200000, 0x00000000eb2a0000)
 tenured generation   total 341376K, used 43952K [0x00000000eb2a0000, 0x0000000100000000, 0x0000000100000000)
   the space 341376K,  12% used [0x00000000eb2a0000, 0x00000000edd8c110, 0x00000000edd8c200, 0x0000000100000000)
 Metaspace       used 35782K, capacity 36710K, committed 36864K, reserved 1081344K
  class space    used 4828K, capacity 5017K, committed 5120K, reserved 1048576K
