19:03:09,721 |-INFO in ch.qos.logback.classic.LoggerContext[default] - Could NOT find resource [logback-test.xml]
19:03:09,721 |-INFO in ch.qos.logback.classic.LoggerContext[default] - Could NOT find resource [logback.groovy]
19:03:09,721 |-INFO in ch.qos.logback.classic.LoggerContext[default] - Found resource [logback.xml] at [jar:file:/root/flamestream/lib/flamestream-runtime-1.0-SNAPSHOT.jar!/logback.xml]
19:03:09,722 |-WARN in ch.qos.logback.classic.LoggerContext[default] - Resource [logback.xml] occurs multiple times on the classpath.
19:03:09,722 |-WARN in ch.qos.logback.classic.LoggerContext[default] - Resource [logback.xml] occurs at [jar:file:/root/flamestream/lib/flamestream-runtime-1.0-SNAPSHOT.jar!/logback.xml]
19:03:09,722 |-WARN in ch.qos.logback.classic.LoggerContext[default] - Resource [logback.xml] occurs at [jar:file:/root/flamestream/flamestream-runtime-1.0-SNAPSHOT.jar!/logback.xml]
19:03:09,744 |-INFO in ch.qos.logback.core.joran.spi.ConfigurationWatchList@3fb6a447 - URL [jar:file:/root/flamestream/lib/flamestream-runtime-1.0-SNAPSHOT.jar!/logback.xml] is not of type file
19:03:09,809 |-INFO in ch.qos.logback.classic.joran.action.ConfigurationAction - debug attribute not set
19:03:09,809 |-INFO in ch.qos.logback.core.joran.action.AppenderAction - About to instantiate appender of type [ch.qos.logback.core.ConsoleAppender]
19:03:09,825 |-INFO in ch.qos.logback.core.joran.action.AppenderAction - Naming appender as [STDOUT]
19:03:09,843 |-INFO in ch.qos.logback.core.joran.action.NestedComplexPropertyIA - Assuming default type [ch.qos.logback.classic.encoder.PatternLayoutEncoder] for [encoder] property
19:03:09,929 |-INFO in ch.qos.logback.core.joran.action.AppenderAction - About to instantiate appender of type [ch.qos.logback.core.rolling.RollingFileAppender]
19:03:09,934 |-INFO in ch.qos.logback.core.joran.action.AppenderAction - Naming appender as [FILE]
19:03:09,964 |-INFO in c.q.l.core.rolling.TimeBasedRollingPolicy@127618319 - No compression will be used
19:03:09,965 |-INFO in c.q.l.core.rolling.TimeBasedRollingPolicy@127618319 - Will use the pattern /tmp/application_%d{yyyy-MM-dd}.%i.log for the active file
19:03:09,968 |-INFO in ch.qos.logback.core.rolling.SizeAndTimeBasedFNATP@6b2fad11 - The date pattern is 'yyyy-MM-dd' from file name pattern '/tmp/application_%d{yyyy-MM-dd}.%i.log'.
19:03:09,968 |-INFO in ch.qos.logback.core.rolling.SizeAndTimeBasedFNATP@6b2fad11 - Roll-over at midnight.
19:03:09,973 |-INFO in ch.qos.logback.core.rolling.SizeAndTimeBasedFNATP@6b2fad11 - Setting initial period to Mon Jun 10 19:01:43 UTC 2019
19:03:09,973 |-WARN in ch.qos.logback.core.rolling.SizeAndTimeBasedFNATP@6b2fad11 - SizeAndTimeBasedFNATP is deprecated. Use SizeAndTimeBasedRollingPolicy instead
19:03:09,973 |-WARN in ch.qos.logback.core.rolling.SizeAndTimeBasedFNATP@6b2fad11 - For more information see http://logback.qos.ch/manual/appenders.html#SizeAndTimeBasedRollingPolicy
19:03:09,977 |-INFO in ch.qos.logback.core.joran.action.NestedComplexPropertyIA - Assuming default type [ch.qos.logback.classic.encoder.PatternLayoutEncoder] for [encoder] property
19:03:09,981 |-INFO in ch.qos.logback.core.rolling.RollingFileAppender[FILE] - Active log file name: /tmp/application.log
19:03:09,981 |-INFO in ch.qos.logback.core.rolling.RollingFileAppender[FILE] - File property is set to [/tmp/application.log]
19:03:09,982 |-INFO in ch.qos.logback.classic.joran.action.RootLoggerAction - Setting level of ROOT logger to WARN
19:03:09,982 |-INFO in ch.qos.logback.core.joran.action.AppenderRefAction - Attaching appender named [STDOUT] to Logger[ROOT]
19:03:09,984 |-INFO in ch.qos.logback.core.joran.action.AppenderRefAction - Attaching appender named [FILE] to Logger[ROOT]
19:03:09,984 |-INFO in ch.qos.logback.classic.joran.action.ConfigurationAction - End of configuration.
19:03:09,985 |-INFO in ch.qos.logback.classic.joran.JoranConfigurator@79698539 - Registering current configuration as safe fallback point

Ama winner
Ama winner
2019-06-10T19:03:11.286+0000: 1.743: [Full GC (Metadata GC Threshold) 2019-06-10T19:03:11.286+0000: 1.743: [Tenured: 0K->15241K(341376K), 0.0357816 secs] 114923K->15241K(494976K), [Metaspace: 20740K->20740K(1067008K)], 0.0358471 secs] [Times: user=0.04 sys=0.00, real=0.04 secs] 
19:03:26.966 [Curator-PathChildrenCache-1] WARN  o.a.c.u.ZKPaths  - The version of ZooKeeper being used doesn't support Container nodes. CreateMode.PERSISTENT will be used instead.
2019-06-10T19:03:29.039+0000: 19.496: [GC (Allocation Failure) 2019-06-10T19:03:29.039+0000: 19.496: [DefNew: 136576K->17024K(153600K), 0.0304150 secs] 151817K->52432K(494976K), 0.0304830 secs] [Times: user=0.02 sys=0.01, real=0.03 secs] 
2019-06-10T19:03:30.698+0000: 21.156: [Full GC (Metadata GC Threshold) 2019-06-10T19:03:30.698+0000: 21.156: [Tenured: 35408K->43974K(341376K), 0.0493186 secs] 85862K->43974K(494976K), [Metaspace: 34586K->34586K(1079296K)], 0.0494156 secs] [Times: user=0.04 sys=0.01, real=0.05 secs] 
2019-06-10T19:03:37.908+0000: 28.365: [GC (Allocation Failure) 2019-06-10T19:03:37.908+0000: 28.365: [DefNew: 136576K->72K(153600K), 0.0019064 secs] 180550K->44046K(494976K), 0.0019728 secs] [Times: user=0.00 sys=0.00, real=0.00 secs] 
2019-06-10T19:03:45.083+0000: 35.540: [GC (Allocation Failure) 2019-06-10T19:03:45.083+0000: 35.540: [DefNew: 136648K->106K(153600K), 0.0017436 secs] 180622K->44080K(494976K), 0.0018064 secs] [Times: user=0.00 sys=0.00, real=0.00 secs] 
2019-06-10T19:03:52.355+0000: 42.813: [GC (Allocation Failure) 2019-06-10T19:03:52.355+0000: 42.813: [DefNew: 136682K->106K(153600K), 0.0017809 secs] 180656K->44080K(494976K), 0.0018459 secs] [Times: user=0.00 sys=0.00, real=0.00 secs] 
2019-06-10T19:03:59.712+0000: 50.169: [GC (Allocation Failure) 2019-06-10T19:03:59.712+0000: 50.169: [DefNew: 136682K->107K(153600K), 0.0018308 secs] 180656K->44081K(494976K), 0.0018972 secs] [Times: user=0.00 sys=0.00, real=0.00 secs] 
2019-06-10T19:04:07.047+0000: 57.504: [GC (Allocation Failure) 2019-06-10T19:04:07.047+0000: 57.504: [DefNew: 136683K->105K(153600K), 0.0017983 secs] 180657K->44079K(494976K), 0.0018608 secs] [Times: user=0.00 sys=0.00, real=0.00 secs] 
19:04:26.521 [Curator-PathChildrenCache-0] ERROR o.a.c.f.r.c.PathChildrenCache  - 
java.lang.IllegalStateException: instance must be started before calling this method
	at org.apache.curator.shaded.com.google.common.base.Preconditions.checkState(Preconditions.java:444)
	at org.apache.curator.framework.imps.CuratorFrameworkImpl.getChildren(CuratorFrameworkImpl.java:456)
	at org.apache.curator.framework.recipes.cache.PathChildrenCache.refresh(PathChildrenCache.java:521)
	at org.apache.curator.framework.recipes.cache.RefreshOperation.invoke(RefreshOperation.java:35)
	at org.apache.curator.framework.recipes.cache.PathChildrenCache$9.run(PathChildrenCache.java:786)
	at java.util.concurrent.Executors$RunnableAdapter.call(Executors.java:511)
	at java.util.concurrent.FutureTask.run(FutureTask.java:266)
	at java.util.concurrent.Executors$RunnableAdapter.call(Executors.java:511)
	at java.util.concurrent.FutureTask.run(FutureTask.java:266)
	at java.util.concurrent.ThreadPoolExecutor.runWorker(ThreadPoolExecutor.java:1149)
	at java.util.concurrent.ThreadPoolExecutor$Worker.run(ThreadPoolExecutor.java:624)
	at java.lang.Thread.run(Thread.java:748)
Heap
 def new generation   total 153600K, used 126091K [0x00000000e0c00000, 0x00000000eb2a0000, 0x00000000eb2a0000)
  eden space 136576K,  92% used [0x00000000e0c00000, 0x00000000e8708688, 0x00000000e9160000)
  from space 17024K,   0% used [0x00000000e9160000, 0x00000000e917a5b0, 0x00000000ea200000)
  to   space 17024K,   0% used [0x00000000ea200000, 0x00000000ea200000, 0x00000000eb2a0000)
 tenured generation   total 341376K, used 43974K [0x00000000eb2a0000, 0x0000000100000000, 0x0000000100000000)
   the space 341376K,  12% used [0x00000000eb2a0000, 0x00000000edd91878, 0x00000000edd91a00, 0x0000000100000000)
 Metaspace       used 36171K, capacity 37062K, committed 37376K, reserved 1081344K
  class space    used 4870K, capacity 5075K, committed 5120K, reserved 1048576K
