18:16:09,374 |-INFO in ch.qos.logback.classic.LoggerContext[default] - Could NOT find resource [logback-test.xml]
18:16:09,374 |-INFO in ch.qos.logback.classic.LoggerContext[default] - Could NOT find resource [logback.groovy]
18:16:09,374 |-INFO in ch.qos.logback.classic.LoggerContext[default] - Found resource [logback.xml] at [jar:file:/root/flamestream/lib/flamestream-runtime-1.0-SNAPSHOT.jar!/logback.xml]
18:16:09,375 |-WARN in ch.qos.logback.classic.LoggerContext[default] - Resource [logback.xml] occurs multiple times on the classpath.
18:16:09,375 |-WARN in ch.qos.logback.classic.LoggerContext[default] - Resource [logback.xml] occurs at [jar:file:/root/flamestream/lib/flamestream-runtime-1.0-SNAPSHOT.jar!/logback.xml]
18:16:09,375 |-WARN in ch.qos.logback.classic.LoggerContext[default] - Resource [logback.xml] occurs at [jar:file:/root/flamestream/flamestream-runtime-1.0-SNAPSHOT.jar!/logback.xml]
18:16:09,395 |-INFO in ch.qos.logback.core.joran.spi.ConfigurationWatchList@3fb6a447 - URL [jar:file:/root/flamestream/lib/flamestream-runtime-1.0-SNAPSHOT.jar!/logback.xml] is not of type file
18:16:09,469 |-INFO in ch.qos.logback.classic.joran.action.ConfigurationAction - debug attribute not set
18:16:09,470 |-INFO in ch.qos.logback.core.joran.action.AppenderAction - About to instantiate appender of type [ch.qos.logback.core.ConsoleAppender]
18:16:09,484 |-INFO in ch.qos.logback.core.joran.action.AppenderAction - Naming appender as [STDOUT]
18:16:09,501 |-INFO in ch.qos.logback.core.joran.action.NestedComplexPropertyIA - Assuming default type [ch.qos.logback.classic.encoder.PatternLayoutEncoder] for [encoder] property
18:16:09,589 |-INFO in ch.qos.logback.core.joran.action.AppenderAction - About to instantiate appender of type [ch.qos.logback.core.rolling.RollingFileAppender]
18:16:09,594 |-INFO in ch.qos.logback.core.joran.action.AppenderAction - Naming appender as [FILE]
18:16:09,626 |-INFO in c.q.l.core.rolling.TimeBasedRollingPolicy@127618319 - No compression will be used
18:16:09,627 |-INFO in c.q.l.core.rolling.TimeBasedRollingPolicy@127618319 - Will use the pattern /tmp/application_%d{yyyy-MM-dd}.%i.log for the active file
18:16:09,630 |-INFO in ch.qos.logback.core.rolling.SizeAndTimeBasedFNATP@6b2fad11 - The date pattern is 'yyyy-MM-dd' from file name pattern '/tmp/application_%d{yyyy-MM-dd}.%i.log'.
18:16:09,630 |-INFO in ch.qos.logback.core.rolling.SizeAndTimeBasedFNATP@6b2fad11 - Roll-over at midnight.
18:16:09,635 |-INFO in ch.qos.logback.core.rolling.SizeAndTimeBasedFNATP@6b2fad11 - Setting initial period to Mon Jun 10 18:14:49 UTC 2019
18:16:09,635 |-WARN in ch.qos.logback.core.rolling.SizeAndTimeBasedFNATP@6b2fad11 - SizeAndTimeBasedFNATP is deprecated. Use SizeAndTimeBasedRollingPolicy instead
18:16:09,635 |-WARN in ch.qos.logback.core.rolling.SizeAndTimeBasedFNATP@6b2fad11 - For more information see http://logback.qos.ch/manual/appenders.html#SizeAndTimeBasedRollingPolicy
18:16:09,639 |-INFO in ch.qos.logback.core.joran.action.NestedComplexPropertyIA - Assuming default type [ch.qos.logback.classic.encoder.PatternLayoutEncoder] for [encoder] property
18:16:09,644 |-INFO in ch.qos.logback.core.rolling.RollingFileAppender[FILE] - Active log file name: /tmp/application.log
18:16:09,644 |-INFO in ch.qos.logback.core.rolling.RollingFileAppender[FILE] - File property is set to [/tmp/application.log]
18:16:09,645 |-INFO in ch.qos.logback.classic.joran.action.RootLoggerAction - Setting level of ROOT logger to WARN
18:16:09,645 |-INFO in ch.qos.logback.core.joran.action.AppenderRefAction - Attaching appender named [STDOUT] to Logger[ROOT]
18:16:09,647 |-INFO in ch.qos.logback.core.joran.action.AppenderRefAction - Attaching appender named [FILE] to Logger[ROOT]
18:16:09,647 |-INFO in ch.qos.logback.classic.joran.action.ConfigurationAction - End of configuration.
18:16:09,648 |-INFO in ch.qos.logback.classic.joran.JoranConfigurator@79698539 - Registering current configuration as safe fallback point

Ama winner
Ama winner
2019-06-10T18:16:10.940+0000: 1.750: [Full GC (Metadata GC Threshold) 2019-06-10T18:16:10.940+0000: 1.750: [Tenured: 0K->15144K(341376K), 0.0421181 secs] 114924K->15144K(494976K), [Metaspace: 20741K->20741K(1067008K)], 0.0421862 secs] [Times: user=0.04 sys=0.00, real=0.04 secs] 
18:16:28.549 [Curator-PathChildrenCache-1] WARN  o.a.c.u.ZKPaths  - The version of ZooKeeper being used doesn't support Container nodes. CreateMode.PERSISTENT will be used instead.
2019-06-10T18:16:30.533+0000: 21.343: [GC (Allocation Failure) 2019-06-10T18:16:30.533+0000: 21.344: [DefNew: 136576K->16604K(153600K), 0.0257928 secs] 151720K->51281K(494976K), 0.0258785 secs] [Times: user=0.01 sys=0.02, real=0.03 secs] 
2019-06-10T18:16:32.327+0000: 23.137: [Full GC (Metadata GC Threshold) 2019-06-10T18:16:32.327+0000: 23.137: [Tenured: 34676K->43438K(341376K), 0.0419114 secs] 88161K->43438K(494976K), [Metaspace: 34582K->34582K(1079296K)], 0.0419813 secs] [Times: user=0.03 sys=0.00, real=0.04 secs] 
2019-06-10T18:16:38.406+0000: 29.216: [GC (Allocation Failure) 2019-06-10T18:16:38.406+0000: 29.216: [DefNew: 136576K->94K(153600K), 0.0021568 secs] 180014K->43532K(494976K), 0.0022158 secs] [Times: user=0.00 sys=0.00, real=0.00 secs] 
2019-06-10T18:16:44.519+0000: 35.329: [GC (Allocation Failure) 2019-06-10T18:16:44.519+0000: 35.329: [DefNew: 136670K->92K(153600K), 0.0018668 secs] 180108K->43530K(494976K), 0.0019334 secs] [Times: user=0.00 sys=0.00, real=0.00 secs] 
2019-06-10T18:16:50.641+0000: 41.452: [GC (Allocation Failure) 2019-06-10T18:16:50.641+0000: 41.452: [DefNew: 136668K->93K(153600K), 0.0018736 secs] 180106K->43531K(494976K), 0.0019310 secs] [Times: user=0.00 sys=0.00, real=0.00 secs] 
2019-06-10T18:16:56.787+0000: 47.597: [GC (Allocation Failure) 2019-06-10T18:16:56.787+0000: 47.597: [DefNew: 136669K->96K(153600K), 0.0019262 secs] 180107K->43534K(494976K), 0.0019828 secs] [Times: user=0.00 sys=0.00, real=0.00 secs] 
2019-06-10T18:17:02.896+0000: 53.707: [GC (Allocation Failure) 2019-06-10T18:17:02.896+0000: 53.707: [DefNew: 136672K->94K(153600K), 0.0020412 secs] 180110K->43532K(494976K), 0.0021081 secs] [Times: user=0.00 sys=0.00, real=0.01 secs] 
18:17:10.258 [Curator-PathChildrenCache-0] ERROR o.a.c.f.r.c.PathChildrenCache  - 
java.lang.IllegalStateException: instance must be started before calling this method
	at org.apache.curator.shaded.com.google.common.base.Preconditions.checkState(Preconditions.java:444)
	at org.apache.curator.framework.imps.CuratorFrameworkImpl.getChildren(CuratorFrameworkImpl.java:456)
	at org.apache.curator.framework.recipes.cache.PathChildrenCache.refresh(PathChildrenCache.java:521)
	at org.apache.curator.framework.recipes.cache.RefreshOperation.invoke(RefreshOperation.java:35)
	at org.apache.curator.framework.recipes.cache.PathChildrenCache$9.run(PathChildrenCache.java:786)
	at java.util.concurrent.Executors$RunnableAdapter.call(Executors.java:511)
	at java.util.concurrent.FutureTask.run(FutureTask.java:266)
	at java.util.concurrent.Executors$RunnableAdapter.call(Executors.java:511)
	at java.util.concurrent.FutureTask.run(FutureTask.java:266)
	at java.util.concurrent.ThreadPoolExecutor.runWorker(ThreadPoolExecutor.java:1149)
	at java.util.concurrent.ThreadPoolExecutor$Worker.run(ThreadPoolExecutor.java:624)
	at java.lang.Thread.run(Thread.java:748)
Heap
 def new generation   total 153600K, used 77308K [0x00000000e0c00000, 0x00000000eb2a0000, 0x00000000eb2a0000)
  eden space 136576K,  56% used [0x00000000e0c00000, 0x00000000e57678c0, 0x00000000e9160000)
  from space 17024K,   0% used [0x00000000e9160000, 0x00000000e91779b8, 0x00000000ea200000)
  to   space 17024K,   0% used [0x00000000ea200000, 0x00000000ea200000, 0x00000000eb2a0000)
 tenured generation   total 341376K, used 43438K [0x00000000eb2a0000, 0x0000000100000000, 0x0000000100000000)
   the space 341376K,  12% used [0x00000000eb2a0000, 0x00000000edd0b8a8, 0x00000000edd0ba00, 0x0000000100000000)
 Metaspace       used 36069K, capacity 36978K, committed 37120K, reserved 1081344K
  class space    used 4836K, capacity 5045K, committed 5120K, reserved 1048576K
