00:26:18,414 |-INFO in ch.qos.logback.classic.LoggerContext[default] - Could NOT find resource [logback-test.xml]
00:26:18,414 |-INFO in ch.qos.logback.classic.LoggerContext[default] - Could NOT find resource [logback.groovy]
00:26:18,414 |-INFO in ch.qos.logback.classic.LoggerContext[default] - Found resource [logback.xml] at [jar:file:/home/nikitasokolov/flamestream/lib/flamestream-runtime-1.0-SNAPSHOT.jar!/logback.xml]
00:26:18,415 |-WARN in ch.qos.logback.classic.LoggerContext[default] - Resource [logback.xml] occurs multiple times on the classpath.
00:26:18,415 |-WARN in ch.qos.logback.classic.LoggerContext[default] - Resource [logback.xml] occurs at [jar:file:/home/nikitasokolov/flamestream/lib/flamestream-runtime-1.0-SNAPSHOT.jar!/logback.xml]
00:26:18,415 |-WARN in ch.qos.logback.classic.LoggerContext[default] - Resource [logback.xml] occurs at [jar:file:/home/nikitasokolov/flamestream/flamestream-runtime-1.0-SNAPSHOT.jar!/logback.xml]
00:26:18,431 |-INFO in ch.qos.logback.core.joran.spi.ConfigurationWatchList@6aaa5eb0 - URL [jar:file:/home/nikitasokolov/flamestream/lib/flamestream-runtime-1.0-SNAPSHOT.jar!/logback.xml] is not of type file
00:26:18,482 |-INFO in ch.qos.logback.classic.joran.action.ConfigurationAction - debug attribute not set
00:26:18,483 |-INFO in ch.qos.logback.core.joran.action.AppenderAction - About to instantiate appender of type [ch.qos.logback.core.ConsoleAppender]
00:26:18,490 |-INFO in ch.qos.logback.core.joran.action.AppenderAction - Naming appender as [STDOUT]
00:26:18,498 |-INFO in ch.qos.logback.core.joran.action.NestedComplexPropertyIA - Assuming default type [ch.qos.logback.classic.encoder.PatternLayoutEncoder] for [encoder] property
00:26:18,554 |-INFO in ch.qos.logback.core.joran.action.AppenderAction - About to instantiate appender of type [ch.qos.logback.core.rolling.RollingFileAppender]
00:26:18,559 |-INFO in ch.qos.logback.core.joran.action.AppenderAction - Naming appender as [FILE]
00:26:18,582 |-INFO in c.q.l.core.rolling.TimeBasedRollingPolicy@3447021 - No compression will be used
00:26:18,583 |-INFO in c.q.l.core.rolling.TimeBasedRollingPolicy@3447021 - Will use the pattern /tmp/application_%d{yyyy-MM-dd}.%i.log for the active file
00:26:18,586 |-INFO in ch.qos.logback.core.rolling.SizeAndTimeBasedFNATP@1a407d53 - The date pattern is 'yyyy-MM-dd' from file name pattern '/tmp/application_%d{yyyy-MM-dd}.%i.log'.
00:26:18,586 |-INFO in ch.qos.logback.core.rolling.SizeAndTimeBasedFNATP@1a407d53 - Roll-over at midnight.
00:26:18,590 |-INFO in ch.qos.logback.core.rolling.SizeAndTimeBasedFNATP@1a407d53 - Setting initial period to Thu Jun 06 22:00:24 MSK 2019
00:26:18,590 |-WARN in ch.qos.logback.core.rolling.SizeAndTimeBasedFNATP@1a407d53 - SizeAndTimeBasedFNATP is deprecated. Use SizeAndTimeBasedRollingPolicy instead
00:26:18,590 |-WARN in ch.qos.logback.core.rolling.SizeAndTimeBasedFNATP@1a407d53 - For more information see http://logback.qos.ch/manual/appenders.html#SizeAndTimeBasedRollingPolicy
00:26:18,593 |-INFO in ch.qos.logback.core.joran.action.NestedComplexPropertyIA - Assuming default type [ch.qos.logback.classic.encoder.PatternLayoutEncoder] for [encoder] property
00:26:18,596 |-INFO in ch.qos.logback.core.rolling.RollingFileAppender[FILE] - Active log file name: /tmp/application.log
00:26:18,596 |-INFO in ch.qos.logback.core.rolling.RollingFileAppender[FILE] - File property is set to [/tmp/application.log]
00:26:18,597 |-ERROR in ch.qos.logback.core.rolling.RollingFileAppender[FILE] - openFile(/tmp/application.log,true) call failed. java.io.FileNotFoundException: /tmp/application.log (Permission denied)
	at java.io.FileNotFoundException: /tmp/application.log (Permission denied)
	at 	at java.io.FileOutputStream.open0(Native Method)
	at 	at java.io.FileOutputStream.open(FileOutputStream.java:270)
	at 	at java.io.FileOutputStream.<init>(FileOutputStream.java:213)
	at 	at ch.qos.logback.core.recovery.ResilientFileOutputStream.<init>(ResilientFileOutputStream.java:26)
	at 	at ch.qos.logback.core.FileAppender.openFile(FileAppender.java:204)
	at 	at ch.qos.logback.core.FileAppender.start(FileAppender.java:127)
	at 	at ch.qos.logback.core.rolling.RollingFileAppender.start(RollingFileAppender.java:100)
	at 	at ch.qos.logback.core.joran.action.AppenderAction.end(AppenderAction.java:90)
	at 	at ch.qos.logback.core.joran.spi.Interpreter.callEndAction(Interpreter.java:309)
	at 	at ch.qos.logback.core.joran.spi.Interpreter.endElement(Interpreter.java:193)
	at 	at ch.qos.logback.core.joran.spi.Interpreter.endElement(Interpreter.java:179)
	at 	at ch.qos.logback.core.joran.spi.EventPlayer.play(EventPlayer.java:62)
	at 	at ch.qos.logback.core.joran.GenericConfigurator.doConfigure(GenericConfigurator.java:165)
	at 	at ch.qos.logback.core.joran.GenericConfigurator.doConfigure(GenericConfigurator.java:152)
	at 	at ch.qos.logback.core.joran.GenericConfigurator.doConfigure(GenericConfigurator.java:110)
	at 	at ch.qos.logback.core.joran.GenericConfigurator.doConfigure(GenericConfigurator.java:53)
	at 	at ch.qos.logback.classic.util.ContextInitializer.configureByResource(ContextInitializer.java:75)
	at 	at ch.qos.logback.classic.util.ContextInitializer.autoConfig(ContextInitializer.java:150)
	at 	at org.slf4j.impl.StaticLoggerBinder.init(StaticLoggerBinder.java:84)
	at 	at org.slf4j.impl.StaticLoggerBinder.<clinit>(StaticLoggerBinder.java:55)
	at 	at org.slf4j.LoggerFactory.bind(LoggerFactory.java:150)
	at 	at org.slf4j.LoggerFactory.performInitialization(LoggerFactory.java:124)
	at 	at org.slf4j.LoggerFactory.getILoggerFactory(LoggerFactory.java:412)
	at 	at org.slf4j.LoggerFactory.getLogger(LoggerFactory.java:357)
	at 	at org.slf4j.LoggerFactory.getLogger(LoggerFactory.java:383)
	at 	at com.spbsu.flamestream.runtime.WorkerApplication.<init>(WorkerApplication.java:26)
	at 	at com.spbsu.flamestream.runtime.WorkerApplication.main(WorkerApplication.java:68)
00:26:18,597 |-INFO in ch.qos.logback.classic.joran.action.RootLoggerAction - Setting level of ROOT logger to WARN
00:26:18,598 |-INFO in ch.qos.logback.core.joran.action.AppenderRefAction - Attaching appender named [STDOUT] to Logger[ROOT]
00:26:18,598 |-INFO in ch.qos.logback.core.joran.action.AppenderRefAction - Attaching appender named [FILE] to Logger[ROOT]
00:26:18,598 |-INFO in ch.qos.logback.classic.joran.action.ConfigurationAction - End of configuration.
00:26:18,599 |-INFO in ch.qos.logback.classic.joran.JoranConfigurator@21bcffb5 - Registering current configuration as safe fallback point

Ama winner
Ama winner
2019-06-09T00:26:19.595+0300: 1.390: [GC (Metadata GC Threshold) [PSYoungGen: 92677K->15816K(149504K)] 92677K->15896K(491008K), 0.0198898 secs] [Times: user=0.10 sys=0.02, real=0.02 secs] 
2019-06-09T00:26:19.614+0300: 1.410: [Full GC (Metadata GC Threshold) [PSYoungGen: 15816K->0K(149504K)] [ParOldGen: 80K->15006K(341504K)] 15896K->15006K(491008K), [Metaspace: 20801K->20801K(1067008K)], 0.0265922 secs] [Times: user=0.16 sys=0.02, real=0.02 secs] 
00:26:28.737 [Curator-PathChildrenCache-1] WARN  o.a.c.u.ZKPaths  - The version of ZooKeeper being used doesn't support Container nodes. CreateMode.PERSISTENT will be used instead.
2019-06-09T00:26:29.787+0300: 11.583: [GC (Allocation Failure) [PSYoungGen: 128512K->20987K(149504K)] 143518K->49859K(491008K), 0.0234260 secs] [Times: user=0.23 sys=0.04, real=0.02 secs] 
2019-06-09T00:26:29.855+0300: 11.651: [GC (Metadata GC Threshold) [PSYoungGen: 28048K->20971K(149504K)] 56919K->49935K(491008K), 0.0103901 secs] [Times: user=0.11 sys=0.00, real=0.01 secs] 
2019-06-09T00:26:29.866+0300: 11.661: [Full GC (Metadata GC Threshold) [PSYoungGen: 20971K->0K(149504K)] [ParOldGen: 28963K->35033K(341504K)] 49935K->35033K(491008K), [Metaspace: 34556K->34556K(1079296K)], 0.0394276 secs] [Times: user=0.16 sys=0.02, real=0.04 secs] 
2019-06-09T00:26:31.818+0300: 13.614: [GC (Allocation Failure) [PSYoungGen: 128512K->576K(149504K)] 163545K->35617K(491008K), 0.0024809 secs] [Times: user=0.01 sys=0.00, real=0.00 secs] 
2019-06-09T00:26:33.885+0300: 15.702: [GC (Allocation Failure) [PSYoungGen: 129088K->672K(129536K)] 164129K->35721K(471040K), 0.0239838 secs] [Times: user=0.01 sys=0.01, real=0.02 secs] 
2019-06-09T00:26:35.690+0300: 17.486: [GC (Allocation Failure) [PSYoungGen: 129184K->640K(130048K)] 164233K->35697K(471552K), 0.0034456 secs] [Times: user=0.02 sys=0.00, real=0.01 secs] 
2019-06-09T00:26:36.860+0300: 18.656: [GC (Allocation Failure) [PSYoungGen: 89728K->800K(129536K)] 124785K->35857K(471040K), 0.0035895 secs] [Times: user=0.01 sys=0.00, real=0.00 secs] 
2019-06-09T00:26:37.857+0300: 19.653: [GC (Allocation Failure) [PSYoungGen: 89888K->576K(132608K)] 124945K->35913K(474112K), 0.0029133 secs] [Times: user=0.01 sys=0.01, real=0.00 secs] 
2019-06-09T00:26:39.036+0300: 20.832: [GC (Allocation Failure) [PSYoungGen: 94272K->416K(131584K)] 129609K->35945K(473088K), 0.0027051 secs] [Times: user=0.01 sys=0.01, real=0.00 secs] 
2019-06-09T00:26:39.867+0300: 21.662: [GC (Allocation Failure) [PSYoungGen: 94112K->448K(135680K)] 129641K->36145K(477184K), 0.0024668 secs] [Times: user=0.01 sys=0.00, real=0.00 secs] 
2019-06-09T00:26:40.875+0300: 22.670: [GC (Allocation Failure) [PSYoungGen: 99776K->608K(134144K)] 135473K->36361K(475648K), 0.0017766 secs] [Times: user=0.01 sys=0.00, real=0.00 secs] 
2019-06-09T00:26:42.306+0300: 24.102: [GC (Allocation Failure) [PSYoungGen: 99936K->608K(138752K)] 135689K->36369K(480256K), 0.0020271 secs] [Times: user=0.01 sys=0.00, real=0.00 secs] 
2019-06-09T00:26:43.468+0300: 25.263: [GC (Allocation Failure) [PSYoungGen: 106080K->704K(137216K)] 141841K->36473K(478720K), 0.0056138 secs] [Times: user=0.06 sys=0.01, real=0.01 secs] 
2019-06-09T00:26:44.660+0300: 26.455: [GC (Allocation Failure) [PSYoungGen: 106176K->704K(141824K)] 141945K->36473K(483328K), 0.0037740 secs] [Times: user=0.02 sys=0.00, real=0.00 secs] 
2019-06-09T00:26:45.910+0300: 27.705: [GC (Allocation Failure) [PSYoungGen: 112320K->672K(140288K)] 148089K->36441K(481792K), 0.0023631 secs] [Times: user=0.01 sys=0.00, real=0.01 secs] 
2019-06-09T00:26:46.923+0300: 28.718: [GC (Allocation Failure) [PSYoungGen: 112288K->608K(144896K)] 148057K->36377K(486400K), 0.0021085 secs] [Times: user=0.01 sys=0.00, real=0.01 secs] 
2019-06-09T00:26:48.125+0300: 29.920: [GC (Allocation Failure) [PSYoungGen: 118368K->832K(143360K)] 154137K->36601K(484864K), 0.0021610 secs] [Times: user=0.01 sys=0.00, real=0.00 secs] 
2019-06-09T00:26:49.233+0300: 31.028: [GC (Allocation Failure) [PSYoungGen: 118592K->736K(147456K)] 154361K->36513K(488960K), 0.0028577 secs] [Times: user=0.01 sys=0.00, real=0.00 secs] 
2019-06-09T00:26:50.250+0300: 32.045: [GC (Allocation Failure) [PSYoungGen: 124128K->928K(146432K)] 159905K->36713K(487936K), 0.0025704 secs] [Times: user=0.01 sys=0.01, real=0.01 secs] 
2019-06-09T00:26:51.685+0300: 33.480: [GC (Allocation Failure) [PSYoungGen: 124320K->832K(150528K)] 160105K->36617K(492032K), 0.0025134 secs] [Times: user=0.01 sys=0.00, real=0.00 secs] 
2019-06-09T00:26:53.169+0300: 34.964: [GC (Allocation Failure) [PSYoungGen: 129856K->960K(148992K)] 165641K->36745K(490496K), 0.0032682 secs] [Times: user=0.02 sys=0.00, real=0.01 secs] 
2019-06-09T00:26:54.644+0300: 36.439: [GC (Allocation Failure) [PSYoungGen: 129984K->992K(153088K)] 165769K->36777K(494592K), 0.0023448 secs] [Times: user=0.01 sys=0.00, real=0.01 secs] 
2019-06-09T00:26:56.429+0300: 38.225: [GC (Allocation Failure) [PSYoungGen: 135136K->992K(151552K)] 170921K->36777K(493056K), 0.0029386 secs] [Times: user=0.02 sys=0.00, real=0.01 secs] 
00:27:04.828 [Curator-PathChildrenCache-0] ERROR o.a.c.f.r.c.PathChildrenCache  - 
java.lang.IllegalStateException: instance must be started before calling this method
	at org.apache.curator.shaded.com.google.common.base.Preconditions.checkState(Preconditions.java:444)
	at org.apache.curator.framework.imps.CuratorFrameworkImpl.getChildren(CuratorFrameworkImpl.java:456)
	at org.apache.curator.framework.recipes.cache.PathChildrenCache.refresh(PathChildrenCache.java:521)
	at org.apache.curator.framework.recipes.cache.RefreshOperation.invoke(RefreshOperation.java:35)
	at org.apache.curator.framework.recipes.cache.PathChildrenCache$9.run(PathChildrenCache.java:786)
	at java.util.concurrent.Executors$RunnableAdapter.call(Executors.java:511)
	at java.util.concurrent.FutureTask.run(FutureTask.java:266)
	at java.util.concurrent.Executors$RunnableAdapter.call(Executors.java:511)
	at java.util.concurrent.FutureTask.run(FutureTask.java:266)
	at java.util.concurrent.ThreadPoolExecutor.runWorker(ThreadPoolExecutor.java:1149)
	at java.util.concurrent.ThreadPoolExecutor$Worker.run(ThreadPoolExecutor.java:624)
	at java.lang.Thread.run(Thread.java:748)
2019-06-09T00:27:04.847+0300: 46.643: [GC (Allocation Failure) [PSYoungGen: 135136K->1402K(155136K)] 170921K->37187K(496640K), 0.0024255 secs] [Times: user=0.01 sys=0.00, real=0.00 secs] 
00:27:05.922 [worker-akka.actor.default-dispatcher-11] ERROR c.s.f.r.WorkerApplication  - Something went wrong during trace flush
java.nio.file.AccessDeniedException: /tmp/trace.csv
	at sun.nio.fs.UnixException.translateToIOException(UnixException.java:84)
	at sun.nio.fs.UnixException.rethrowAsIOException(UnixException.java:102)
	at sun.nio.fs.UnixException.rethrowAsIOException(UnixException.java:107)
	at sun.nio.fs.UnixFileSystemProvider.newByteChannel(UnixFileSystemProvider.java:214)
	at java.nio.file.spi.FileSystemProvider.newOutputStream(FileSystemProvider.java:434)
	at java.nio.file.Files.newOutputStream(Files.java:216)
	at java.nio.file.Files.newBufferedWriter(Files.java:2860)
	at java.nio.file.Files.newBufferedWriter(Files.java:2896)
	at com.spbsu.flamestream.runtime.utils.tracing.Tracing.flush(Tracing.java:35)
	at com.spbsu.flamestream.runtime.WorkerApplication.lambda$run$0(WorkerApplication.java:109)
	at akka.actor.ActorSystemImpl$TerminationCallbacks$$anonfun$addRec$1$1.applyOrElse(ActorSystem.scala:1036)
	at akka.actor.ActorSystemImpl$TerminationCallbacks$$anonfun$addRec$1$1.applyOrElse(ActorSystem.scala:1036)
	at scala.concurrent.Future$$anonfun$andThen$1.apply(Future.scala:436)
	at scala.concurrent.Future$$anonfun$andThen$1.apply(Future.scala:435)
	at scala.concurrent.impl.CallbackRunnable.run(Promise.scala:36)
	at akka.dispatch.BatchingExecutor$AbstractBatch.processBatch(BatchingExecutor.scala:55)
	at akka.dispatch.BatchingExecutor$BlockableBatch$$anonfun$run$1.apply$mcV$sp(BatchingExecutor.scala:91)
	at akka.dispatch.BatchingExecutor$BlockableBatch$$anonfun$run$1.apply(BatchingExecutor.scala:91)
	at akka.dispatch.BatchingExecutor$BlockableBatch$$anonfun$run$1.apply(BatchingExecutor.scala:91)
	at scala.concurrent.BlockContext$.withBlockContext(BlockContext.scala:72)
	at akka.dispatch.BatchingExecutor$BlockableBatch.run(BatchingExecutor.scala:90)
	at akka.dispatch.TaskInvocation.run(AbstractDispatcher.scala:40)
	at akka.dispatch.ForkJoinExecutorConfigurator$AkkaForkJoinTask.exec(ForkJoinExecutorConfigurator.scala:44)
	at akka.dispatch.forkjoin.ForkJoinTask.doExec(ForkJoinTask.java:260)
	at akka.dispatch.forkjoin.ForkJoinPool$WorkQueue.runTask(ForkJoinPool.java:1339)
	at akka.dispatch.forkjoin.ForkJoinPool.runWorker(ForkJoinPool.java:1979)
	at akka.dispatch.forkjoin.ForkJoinWorkerThread.run(ForkJoinWorkerThread.java:107)
Heap
 PSYoungGen      total 155136K, used 6540K [0x00000000f5980000, 0x0000000100000000, 0x0000000100000000)
  eden space 138752K, 3% used [0x00000000f5980000,0x00000000f5e847a8,0x00000000fe100000)
  from space 16384K, 8% used [0x00000000ff000000,0x00000000ff15e9d0,0x0000000100000000)
  to   space 15360K, 0% used [0x00000000fe100000,0x00000000fe100000,0x00000000ff000000)
 ParOldGen       total 341504K, used 35785K [0x00000000e0c00000, 0x00000000f5980000, 0x00000000f5980000)
  object space 341504K, 10% used [0x00000000e0c00000,0x00000000e2ef2560,0x00000000f5980000)
 Metaspace       used 35854K, capacity 36752K, committed 36952K, reserved 1081344K
  class space    used 4929K, capacity 5128K, committed 5248K, reserved 1048576K
