04:20:54,904 |-INFO in ch.qos.logback.classic.LoggerContext[default] - Could NOT find resource [logback-test.xml]
04:20:54,904 |-INFO in ch.qos.logback.classic.LoggerContext[default] - Could NOT find resource [logback.groovy]
04:20:54,904 |-INFO in ch.qos.logback.classic.LoggerContext[default] - Found resource [logback.xml] at [jar:file:/home/nikitasokolov/flamestream/lib/flamestream-runtime-1.0-SNAPSHOT.jar!/logback.xml]
04:20:54,904 |-WARN in ch.qos.logback.classic.LoggerContext[default] - Resource [logback.xml] occurs multiple times on the classpath.
04:20:54,905 |-WARN in ch.qos.logback.classic.LoggerContext[default] - Resource [logback.xml] occurs at [jar:file:/home/nikitasokolov/flamestream/lib/flamestream-runtime-1.0-SNAPSHOT.jar!/logback.xml]
04:20:54,905 |-WARN in ch.qos.logback.classic.LoggerContext[default] - Resource [logback.xml] occurs at [jar:file:/home/nikitasokolov/flamestream/flamestream-runtime-1.0-SNAPSHOT.jar!/logback.xml]
04:20:54,920 |-INFO in ch.qos.logback.core.joran.spi.ConfigurationWatchList@6108b2d7 - URL [jar:file:/home/nikitasokolov/flamestream/lib/flamestream-runtime-1.0-SNAPSHOT.jar!/logback.xml] is not of type file
04:20:54,973 |-INFO in ch.qos.logback.classic.joran.action.ConfigurationAction - debug attribute not set
04:20:54,974 |-INFO in ch.qos.logback.core.joran.action.AppenderAction - About to instantiate appender of type [ch.qos.logback.core.ConsoleAppender]
04:20:54,981 |-INFO in ch.qos.logback.core.joran.action.AppenderAction - Naming appender as [STDOUT]
04:20:54,989 |-INFO in ch.qos.logback.core.joran.action.NestedComplexPropertyIA - Assuming default type [ch.qos.logback.classic.encoder.PatternLayoutEncoder] for [encoder] property
04:20:55,046 |-INFO in ch.qos.logback.core.joran.action.AppenderAction - About to instantiate appender of type [ch.qos.logback.core.rolling.RollingFileAppender]
04:20:55,052 |-INFO in ch.qos.logback.core.joran.action.AppenderAction - Naming appender as [FILE]
04:20:55,073 |-INFO in c.q.l.core.rolling.TimeBasedRollingPolicy@357863579 - No compression will be used
04:20:55,074 |-INFO in c.q.l.core.rolling.TimeBasedRollingPolicy@357863579 - Will use the pattern /tmp/application_%d{yyyy-MM-dd}.%i.log for the active file
04:20:55,077 |-INFO in ch.qos.logback.core.rolling.SizeAndTimeBasedFNATP@6bf256fa - The date pattern is 'yyyy-MM-dd' from file name pattern '/tmp/application_%d{yyyy-MM-dd}.%i.log'.
04:20:55,077 |-INFO in ch.qos.logback.core.rolling.SizeAndTimeBasedFNATP@6bf256fa - Roll-over at midnight.
04:20:55,081 |-INFO in ch.qos.logback.core.rolling.SizeAndTimeBasedFNATP@6bf256fa - Setting initial period to Sun Jun 09 04:20:16 MSK 2019
04:20:55,081 |-WARN in ch.qos.logback.core.rolling.SizeAndTimeBasedFNATP@6bf256fa - SizeAndTimeBasedFNATP is deprecated. Use SizeAndTimeBasedRollingPolicy instead
04:20:55,081 |-WARN in ch.qos.logback.core.rolling.SizeAndTimeBasedFNATP@6bf256fa - For more information see http://logback.qos.ch/manual/appenders.html#SizeAndTimeBasedRollingPolicy
04:20:55,086 |-INFO in ch.qos.logback.core.joran.action.NestedComplexPropertyIA - Assuming default type [ch.qos.logback.classic.encoder.PatternLayoutEncoder] for [encoder] property
04:20:55,089 |-INFO in ch.qos.logback.core.rolling.RollingFileAppender[FILE] - Active log file name: /tmp/application.log
04:20:55,089 |-INFO in ch.qos.logback.core.rolling.RollingFileAppender[FILE] - File property is set to [/tmp/application.log]
04:20:55,091 |-INFO in ch.qos.logback.classic.joran.action.RootLoggerAction - Setting level of ROOT logger to WARN
04:20:55,091 |-INFO in ch.qos.logback.core.joran.action.AppenderRefAction - Attaching appender named [STDOUT] to Logger[ROOT]
04:20:55,092 |-INFO in ch.qos.logback.core.joran.action.AppenderRefAction - Attaching appender named [FILE] to Logger[ROOT]
04:20:55,092 |-INFO in ch.qos.logback.classic.joran.action.ConfigurationAction - End of configuration.
04:20:55,093 |-INFO in ch.qos.logback.classic.joran.JoranConfigurator@6cd8737 - Registering current configuration as safe fallback point

2019-06-09T04:20:56.054+0300: 1.347: [GC (Metadata GC Threshold) [PSYoungGen: 110754K->15898K(149504K)] 110754K->15978K(491008K), 0.0214914 secs] [Times: user=0.13 sys=0.01, real=0.02 secs] 
2019-06-09T04:20:56.075+0300: 1.369: [Full GC (Metadata GC Threshold) [PSYoungGen: 15898K->0K(149504K)] [ParOldGen: 80K->15046K(341504K)] 15978K->15046K(491008K), [Metaspace: 20806K->20806K(1067008K)], 0.0272927 secs] [Times: user=0.18 sys=0.01, real=0.03 secs] 
04:21:06.959 [Curator-PathChildrenCache-2] WARN  o.a.c.u.ZKPaths  - The version of ZooKeeper being used doesn't support Container nodes. CreateMode.PERSISTENT will be used instead.
2019-06-09T04:21:07.728+0300: 13.022: [GC (Metadata GC Threshold) [PSYoungGen: 127324K->16748K(149504K)] 142371K->51334K(491008K), 0.0269628 secs] [Times: user=0.17 sys=0.02, real=0.03 secs] 
2019-06-09T04:21:07.756+0300: 13.049: [Full GC (Metadata GC Threshold) [PSYoungGen: 16748K->0K(149504K)] [ParOldGen: 34586K->39798K(341504K)] 51334K->39798K(491008K), [Metaspace: 34497K->34494K(1079296K)], 0.0367403 secs] [Times: user=0.17 sys=0.01, real=0.04 secs] 
2019-06-09T04:21:11.205+0300: 16.499: [GC (Allocation Failure) [PSYoungGen: 128512K->480K(149504K)] 168310K->40278K(491008K), 0.0040265 secs] [Times: user=0.02 sys=0.01, real=0.00 secs] 
2019-06-09T04:21:15.120+0300: 20.414: [GC (Allocation Failure) [PSYoungGen: 128992K->512K(149504K)] 168790K->40310K(491008K), 0.0029425 secs] [Times: user=0.01 sys=0.00, real=0.00 secs] 
2019-06-09T04:21:19.006+0300: 24.300: [GC (Allocation Failure) [PSYoungGen: 129024K->480K(129024K)] 168822K->40286K(470528K), 0.0052547 secs] [Times: user=0.03 sys=0.00, real=0.01 secs] 
2019-06-09T04:21:22.946+0300: 28.239: [GC (Allocation Failure) [PSYoungGen: 128992K->544K(148992K)] 168798K->40358K(490496K), 0.0057520 secs] [Times: user=0.04 sys=0.01, real=0.01 secs] 
2019-06-09T04:21:26.811+0300: 32.105: [GC (Allocation Failure) [PSYoungGen: 127520K->576K(148480K)] 167334K->40398K(489984K), 0.0037554 secs] [Times: user=0.01 sys=0.00, real=0.00 secs] 
2019-06-09T04:21:30.716+0300: 36.010: [GC (Allocation Failure) [PSYoungGen: 127552K->608K(151040K)] 167374K->40438K(492544K), 0.0031958 secs] [Times: user=0.01 sys=0.00, real=0.01 secs] 
2019-06-09T04:21:34.703+0300: 39.997: [GC (Allocation Failure) [PSYoungGen: 131168K->544K(150016K)] 170998K->40374K(491520K), 0.0038611 secs] [Times: user=0.01 sys=0.00, real=0.00 secs] 
2019-06-09T04:21:38.746+0300: 44.040: [GC (Allocation Failure) [PSYoungGen: 131104K->512K(152576K)] 170934K->40350K(494080K), 0.0034039 secs] [Times: user=0.02 sys=0.01, real=0.01 secs] 
2019-06-09T04:21:42.893+0300: 48.187: [GC (Allocation Failure) [PSYoungGen: 134656K->512K(152064K)] 174494K->40358K(493568K), 0.0029750 secs] [Times: user=0.01 sys=0.00, real=0.00 secs] 
2019-06-09T04:21:47.054+0300: 52.365: [GC (Allocation Failure) [PSYoungGen: 134656K->512K(154112K)] 174502K->40358K(495616K), 0.0259047 secs] [Times: user=0.06 sys=0.01, real=0.03 secs] 
2019-06-09T04:21:51.277+0300: 56.570: [GC (Allocation Failure) [PSYoungGen: 137728K->480K(153600K)] 177574K->40334K(495104K), 0.0031328 secs] [Times: user=0.01 sys=0.00, real=0.01 secs] 
2019-06-09T04:21:55.506+0300: 60.799: [GC (Allocation Failure) [PSYoungGen: 137696K->512K(156160K)] 177550K->40366K(497664K), 0.0026627 secs] [Times: user=0.01 sys=0.00, real=0.00 secs] 
2019-06-09T04:22:00.662+0300: 65.956: [GC (Allocation Failure) [PSYoungGen: 141312K->983K(155136K)] 181166K->40845K(496640K), 0.0033184 secs] [Times: user=0.01 sys=0.00, real=0.00 secs] 
2019-06-09T04:22:06.207+0300: 71.500: [GC (Allocation Failure) [PSYoungGen: 141783K->672K(157696K)] 181645K->40542K(499200K), 0.0042420 secs] [Times: user=0.02 sys=0.00, real=0.01 secs] 
2019-06-09T04:22:11.778+0300: 77.071: [GC (Allocation Failure) [PSYoungGen: 144544K->640K(156672K)] 184414K->40518K(498176K), 0.0705209 secs] [Times: user=0.01 sys=0.00, real=0.06 secs] 
04:22:29.464 [Curator-PathChildrenCache-0] ERROR o.a.c.f.r.c.PathChildrenCache  - 
java.lang.IllegalStateException: instance must be started before calling this method
	at org.apache.curator.shaded.com.google.common.base.Preconditions.checkState(Preconditions.java:444)
	at org.apache.curator.framework.imps.CuratorFrameworkImpl.getChildren(CuratorFrameworkImpl.java:456)
	at org.apache.curator.framework.recipes.cache.PathChildrenCache.refresh(PathChildrenCache.java:521)
	at org.apache.curator.framework.recipes.cache.RefreshOperation.invoke(RefreshOperation.java:35)
	at org.apache.curator.framework.recipes.cache.PathChildrenCache$9.run(PathChildrenCache.java:786)
	at java.util.concurrent.Executors$RunnableAdapter.call(Executors.java:511)
	at java.util.concurrent.FutureTask.run(FutureTask.java:266)
	at java.util.concurrent.Executors$RunnableAdapter.call(Executors.java:511)
	at java.util.concurrent.FutureTask.run(FutureTask.java:266)
	at java.util.concurrent.ThreadPoolExecutor.runWorker(ThreadPoolExecutor.java:1149)
	at java.util.concurrent.ThreadPoolExecutor$Worker.run(ThreadPoolExecutor.java:624)
	at java.lang.Thread.run(Thread.java:748)
Heap
 PSYoungGen      total 156672K, used 21123K [0x00000000f5980000, 0x0000000100000000, 0x0000000100000000)
  eden space 143872K, 14% used [0x00000000f5980000,0x00000000f6d80e40,0x00000000fe600000)
  from space 12800K, 5% used [0x00000000fe600000,0x00000000fe6a0050,0x00000000ff280000)
  to   space 12288K, 0% used [0x00000000ff400000,0x00000000ff400000,0x0000000100000000)
 ParOldGen       total 341504K, used 39878K [0x00000000e0c00000, 0x00000000f5980000, 0x00000000f5980000)
  object space 341504K, 11% used [0x00000000e0c00000,0x00000000e32f1a58,0x00000000f5980000)
 Metaspace       used 36442K, capacity 37402K, committed 37464K, reserved 1081344K
  class space    used 5015K, capacity 5219K, committed 5248K, reserved 1048576K
