14:51:25,891 |-INFO in ch.qos.logback.classic.LoggerContext[default] - Could NOT find resource [logback-test.xml]
14:51:25,891 |-INFO in ch.qos.logback.classic.LoggerContext[default] - Could NOT find resource [logback.groovy]
14:51:25,891 |-INFO in ch.qos.logback.classic.LoggerContext[default] - Found resource [logback.xml] at [jar:file:/root/flamestream/lib/flamestream-runtime-1.0-SNAPSHOT.jar!/logback.xml]
14:51:25,894 |-WARN in ch.qos.logback.classic.LoggerContext[default] - Resource [logback.xml] occurs multiple times on the classpath.
14:51:25,894 |-WARN in ch.qos.logback.classic.LoggerContext[default] - Resource [logback.xml] occurs at [jar:file:/root/flamestream/lib/flamestream-runtime-1.0-SNAPSHOT.jar!/logback.xml]
14:51:25,894 |-WARN in ch.qos.logback.classic.LoggerContext[default] - Resource [logback.xml] occurs at [jar:file:/root/flamestream/flamestream-runtime-1.0-SNAPSHOT.jar!/logback.xml]
14:51:25,914 |-INFO in ch.qos.logback.core.joran.spi.ConfigurationWatchList@3fb6a447 - URL [jar:file:/root/flamestream/lib/flamestream-runtime-1.0-SNAPSHOT.jar!/logback.xml] is not of type file
14:51:25,981 |-INFO in ch.qos.logback.classic.joran.action.ConfigurationAction - debug attribute not set
14:51:25,982 |-INFO in ch.qos.logback.core.joran.action.AppenderAction - About to instantiate appender of type [ch.qos.logback.core.ConsoleAppender]
14:51:25,997 |-INFO in ch.qos.logback.core.joran.action.AppenderAction - Naming appender as [STDOUT]
14:51:26,013 |-INFO in ch.qos.logback.core.joran.action.NestedComplexPropertyIA - Assuming default type [ch.qos.logback.classic.encoder.PatternLayoutEncoder] for [encoder] property
14:51:26,115 |-INFO in ch.qos.logback.core.joran.action.AppenderAction - About to instantiate appender of type [ch.qos.logback.core.rolling.RollingFileAppender]
14:51:26,120 |-INFO in ch.qos.logback.core.joran.action.AppenderAction - Naming appender as [FILE]
14:51:26,157 |-INFO in c.q.l.core.rolling.TimeBasedRollingPolicy@127618319 - No compression will be used
14:51:26,158 |-INFO in c.q.l.core.rolling.TimeBasedRollingPolicy@127618319 - Will use the pattern /tmp/application_%d{yyyy-MM-dd}.%i.log for the active file
14:51:26,161 |-INFO in ch.qos.logback.core.rolling.SizeAndTimeBasedFNATP@6b2fad11 - The date pattern is 'yyyy-MM-dd' from file name pattern '/tmp/application_%d{yyyy-MM-dd}.%i.log'.
14:51:26,161 |-INFO in ch.qos.logback.core.rolling.SizeAndTimeBasedFNATP@6b2fad11 - Roll-over at midnight.
14:51:26,166 |-INFO in ch.qos.logback.core.rolling.SizeAndTimeBasedFNATP@6b2fad11 - Setting initial period to Mon Jun 10 14:50:03 UTC 2019
14:51:26,166 |-WARN in ch.qos.logback.core.rolling.SizeAndTimeBasedFNATP@6b2fad11 - SizeAndTimeBasedFNATP is deprecated. Use SizeAndTimeBasedRollingPolicy instead
14:51:26,166 |-WARN in ch.qos.logback.core.rolling.SizeAndTimeBasedFNATP@6b2fad11 - For more information see http://logback.qos.ch/manual/appenders.html#SizeAndTimeBasedRollingPolicy
14:51:26,170 |-INFO in ch.qos.logback.core.joran.action.NestedComplexPropertyIA - Assuming default type [ch.qos.logback.classic.encoder.PatternLayoutEncoder] for [encoder] property
14:51:26,175 |-INFO in ch.qos.logback.core.rolling.RollingFileAppender[FILE] - Active log file name: /tmp/application.log
14:51:26,175 |-INFO in ch.qos.logback.core.rolling.RollingFileAppender[FILE] - File property is set to [/tmp/application.log]
14:51:26,176 |-INFO in ch.qos.logback.classic.joran.action.RootLoggerAction - Setting level of ROOT logger to WARN
14:51:26,176 |-INFO in ch.qos.logback.core.joran.action.AppenderRefAction - Attaching appender named [STDOUT] to Logger[ROOT]
14:51:26,176 |-INFO in ch.qos.logback.core.joran.action.AppenderRefAction - Attaching appender named [FILE] to Logger[ROOT]
14:51:26,176 |-INFO in ch.qos.logback.classic.joran.action.ConfigurationAction - End of configuration.
14:51:26,177 |-INFO in ch.qos.logback.classic.joran.JoranConfigurator@79698539 - Registering current configuration as safe fallback point

Ama winner
Ama winner
2019-06-10T14:51:27.439+0000: 1.726: [Full GC (Metadata GC Threshold) 2019-06-10T14:51:27.439+0000: 1.726: [Tenured: 0K->15145K(341376K), 0.0391156 secs] 114987K->15145K(494976K), [Metaspace: 20731K->20731K(1067008K)], 0.0391808 secs] [Times: user=0.03 sys=0.01, real=0.03 secs] 
14:51:50.204 [Curator-PathChildrenCache-1] WARN  o.a.c.u.ZKPaths  - The version of ZooKeeper being used doesn't support Container nodes. CreateMode.PERSISTENT will be used instead.
2019-06-10T14:51:52.558+0000: 26.845: [GC (Allocation Failure) 2019-06-10T14:51:52.558+0000: 26.845: [DefNew: 136576K->17023K(153600K), 0.0257582 secs] 151721K->52454K(494976K), 0.0258368 secs] [Times: user=0.02 sys=0.00, real=0.03 secs] 
2019-06-10T14:51:53.942+0000: 28.229: [Full GC (Metadata GC Threshold) 2019-06-10T14:51:53.942+0000: 28.229: [Tenured: 35430K->44047K(341376K), 0.0427231 secs] 83233K->44047K(494976K), [Metaspace: 34573K->34573K(1079296K)], 0.0428039 secs] [Times: user=0.04 sys=0.00, real=0.04 secs] 
2019-06-10T14:52:00.100+0000: 34.387: [GC (Allocation Failure) 2019-06-10T14:52:00.100+0000: 34.387: [DefNew: 136576K->70K(153600K), 0.0018203 secs] 180623K->44117K(494976K), 0.0018817 secs] [Times: user=0.01 sys=0.00, real=0.00 secs] 
2019-06-10T14:52:06.172+0000: 40.458: [GC (Allocation Failure) 2019-06-10T14:52:06.172+0000: 40.458: [DefNew: 136646K->73K(153600K), 0.0017198 secs] 180693K->44121K(494976K), 0.0017854 secs] [Times: user=0.00 sys=0.00, real=0.00 secs] 
2019-06-10T14:52:12.354+0000: 46.641: [GC (Allocation Failure) 2019-06-10T14:52:12.354+0000: 46.641: [DefNew: 136649K->80K(153600K), 0.0017773 secs] 180697K->44128K(494976K), 0.0018356 secs] [Times: user=0.00 sys=0.00, real=0.00 secs] 
2019-06-10T14:52:18.466+0000: 52.753: [GC (Allocation Failure) 2019-06-10T14:52:18.466+0000: 52.753: [DefNew: 136656K->82K(153600K), 0.0017447 secs] 180704K->44129K(494976K), 0.0018043 secs] [Times: user=0.00 sys=0.00, real=0.00 secs] 
2019-06-10T14:52:24.579+0000: 58.866: [GC (Allocation Failure) 2019-06-10T14:52:24.580+0000: 58.866: [DefNew: 136658K->77K(153600K), 0.0017735 secs] 180705K->44124K(494976K), 0.0018351 secs] [Times: user=0.01 sys=0.00, real=0.00 secs] 
14:52:34.468 [Curator-PathChildrenCache-0] ERROR o.a.c.f.r.c.PathChildrenCache  - 
java.lang.IllegalStateException: instance must be started before calling this method
	at org.apache.curator.shaded.com.google.common.base.Preconditions.checkState(Preconditions.java:444)
	at org.apache.curator.framework.imps.CuratorFrameworkImpl.getChildren(CuratorFrameworkImpl.java:456)
	at org.apache.curator.framework.recipes.cache.PathChildrenCache.refresh(PathChildrenCache.java:521)
	at org.apache.curator.framework.recipes.cache.RefreshOperation.invoke(RefreshOperation.java:35)
	at org.apache.curator.framework.recipes.cache.PathChildrenCache$9.run(PathChildrenCache.java:786)
	at java.util.concurrent.Executors$RunnableAdapter.call(Executors.java:511)
	at java.util.concurrent.FutureTask.run(FutureTask.java:266)
	at java.util.concurrent.Executors$RunnableAdapter.call(Executors.java:511)
	at java.util.concurrent.FutureTask.run(FutureTask.java:266)
	at java.util.concurrent.ThreadPoolExecutor.runWorker(ThreadPoolExecutor.java:1149)
	at java.util.concurrent.ThreadPoolExecutor$Worker.run(ThreadPoolExecutor.java:624)
	at java.lang.Thread.run(Thread.java:748)
Heap
 def new generation   total 153600K, used 85347K [0x00000000e0c00000, 0x00000000eb2a0000, 0x00000000eb2a0000)
  eden space 136576K,  62% used [0x00000000e0c00000, 0x00000000e5f45860, 0x00000000e9160000)
  from space 17024K,   0% used [0x00000000e9160000, 0x00000000e9173560, 0x00000000ea200000)
  to   space 17024K,   0% used [0x00000000ea200000, 0x00000000ea200000, 0x00000000eb2a0000)
 tenured generation   total 341376K, used 44047K [0x00000000eb2a0000, 0x0000000100000000, 0x0000000100000000)
   the space 341376K,  12% used [0x00000000eb2a0000, 0x00000000edda3e08, 0x00000000edda4000, 0x0000000100000000)
 Metaspace       used 36186K, capacity 37056K, committed 37376K, reserved 1081344K
  class space    used 4855K, capacity 5074K, committed 5120K, reserved 1048576K
