12:27:22,922 |-INFO in ch.qos.logback.classic.LoggerContext[default] - Could NOT find resource [logback-test.xml]
12:27:22,923 |-INFO in ch.qos.logback.classic.LoggerContext[default] - Could NOT find resource [logback.groovy]
12:27:22,923 |-INFO in ch.qos.logback.classic.LoggerContext[default] - Found resource [logback.xml] at [jar:file:/home/ubuntu/flamestream/lib/flamestream-runtime-1.0-SNAPSHOT.jar!/logback.xml]
12:27:22,923 |-WARN in ch.qos.logback.classic.LoggerContext[default] - Resource [logback.xml] occurs multiple times on the classpath.
12:27:22,924 |-WARN in ch.qos.logback.classic.LoggerContext[default] - Resource [logback.xml] occurs at [jar:file:/home/ubuntu/flamestream/flamestream-runtime-1.0-SNAPSHOT.jar!/logback.xml]
12:27:22,924 |-WARN in ch.qos.logback.classic.LoggerContext[default] - Resource [logback.xml] occurs at [jar:file:/home/ubuntu/flamestream/lib/flamestream-runtime-1.0-SNAPSHOT.jar!/logback.xml]
12:27:22,940 |-INFO in ch.qos.logback.core.joran.spi.ConfigurationWatchList@4678c730 - URL [jar:file:/home/ubuntu/flamestream/lib/flamestream-runtime-1.0-SNAPSHOT.jar!/logback.xml] is not of type file
12:27:23,008 |-INFO in ch.qos.logback.classic.joran.action.ConfigurationAction - debug attribute not set
12:27:23,008 |-INFO in ch.qos.logback.core.joran.action.AppenderAction - About to instantiate appender of type [ch.qos.logback.core.ConsoleAppender]
12:27:23,029 |-INFO in ch.qos.logback.core.joran.action.AppenderAction - Naming appender as [STDOUT]
12:27:23,045 |-INFO in ch.qos.logback.core.joran.action.NestedComplexPropertyIA - Assuming default type [ch.qos.logback.classic.encoder.PatternLayoutEncoder] for [encoder] property
12:27:23,130 |-INFO in ch.qos.logback.core.joran.action.AppenderAction - About to instantiate appender of type [ch.qos.logback.core.rolling.RollingFileAppender]
12:27:23,140 |-INFO in ch.qos.logback.core.joran.action.AppenderAction - Naming appender as [FILE]
12:27:23,179 |-INFO in c.q.l.core.rolling.TimeBasedRollingPolicy@1734853116 - No compression will be used
12:27:23,180 |-INFO in c.q.l.core.rolling.TimeBasedRollingPolicy@1734853116 - Will use the pattern /tmp/application_%d{yyyy-MM-dd}.%i.log for the active file
12:27:23,186 |-INFO in ch.qos.logback.core.rolling.SizeAndTimeBasedFNATP@29ee9faa - The date pattern is 'yyyy-MM-dd' from file name pattern '/tmp/application_%d{yyyy-MM-dd}.%i.log'.
12:27:23,187 |-INFO in ch.qos.logback.core.rolling.SizeAndTimeBasedFNATP@29ee9faa - Roll-over at midnight.
12:27:23,191 |-INFO in ch.qos.logback.core.rolling.SizeAndTimeBasedFNATP@29ee9faa - Setting initial period to Thu Oct 10 12:26:54 UTC 2019
12:27:23,191 |-WARN in ch.qos.logback.core.rolling.SizeAndTimeBasedFNATP@29ee9faa - SizeAndTimeBasedFNATP is deprecated. Use SizeAndTimeBasedRollingPolicy instead
12:27:23,191 |-WARN in ch.qos.logback.core.rolling.SizeAndTimeBasedFNATP@29ee9faa - For more information see http://logback.qos.ch/manual/appenders.html#SizeAndTimeBasedRollingPolicy
12:27:23,197 |-INFO in ch.qos.logback.core.joran.action.NestedComplexPropertyIA - Assuming default type [ch.qos.logback.classic.encoder.PatternLayoutEncoder] for [encoder] property
12:27:23,205 |-INFO in ch.qos.logback.core.rolling.RollingFileAppender[FILE] - Active log file name: /tmp/application.log
12:27:23,205 |-INFO in ch.qos.logback.core.rolling.RollingFileAppender[FILE] - File property is set to [/tmp/application.log]
12:27:23,206 |-INFO in ch.qos.logback.classic.joran.action.RootLoggerAction - Setting level of ROOT logger to INFO
12:27:23,206 |-INFO in ch.qos.logback.core.joran.action.AppenderRefAction - Attaching appender named [STDOUT] to Logger[ROOT]
12:27:23,207 |-INFO in ch.qos.logback.core.joran.action.AppenderRefAction - Attaching appender named [FILE] to Logger[ROOT]
12:27:23,207 |-INFO in ch.qos.logback.classic.joran.action.ConfigurationAction - End of configuration.
12:27:23,207 |-INFO in ch.qos.logback.classic.joran.JoranConfigurator@c038203 - Registering current configuration as safe fallback point

12:27:23.215 [main] INFO  c.s.f.r.WorkerApplication  - Starting worker with workerConfig 'WorkerConfig{id='flamestream-benchmarks-worker-6', localAddress=flamestream-benchmarks-worker-6/10.0.0.9:5412, zkString='flamestream-benchmarks-manager:12181', snapshotPath='/home/ubuntu/flamestream/data', guarantees=AT_MOST_ONCE}'
12:27:24.617 [worker-akka.actor.default-dispatcher-6] INFO  a.e.s.Slf4jLogger  - Slf4jLogger started
2019-10-10T12:27:24.774+0000: 2.210: [Full GC (Metadata GC Threshold) 2019-10-10T12:27:24.774+0000: 2.210: [Tenured: 0K->13625K(1024000K), 0.0519700 secs] 139464K->13625K(1484800K), [Metaspace: 20217K->20217K(1067008K)], 0.0520597 secs] [Times: user=0.04 sys=0.01, real=0.06 secs] 
12:27:24.936 [worker-akka.actor.default-dispatcher-6] WARN  a.r.RemoteActorRefProvider akka.remote.RemoteActorRefProvider - Using the 'remote' ActorRefProvider directly, which is a low-level layer. For most use cases, the 'cluster' abstraction on top of remoting is more suitable instead.
12:27:24.942 [worker-akka.actor.default-dispatcher-6] WARN  a.r.RemoteActorRefProvider akka.remote.RemoteActorRefProvider - Akka Cluster not in use - Using Akka Cluster is recommended if you need remote watch and deploy.
12:27:25.066 [worker-akka.actor.default-dispatcher-6] INFO  a.r.a.a.ArteryAeronUdpTransport(akka://worker) akka.remote.artery.aeron.ArteryAeronUdpTransport(akka://worker) - Started embedded media driver in directory [/dev/shm/aeron-flamestream-benchmarks-worker-6]
12:27:25.098 [worker-akka.actor.default-dispatcher-6] WARN  a.r.a.a.ArteryAeronUdpTransport(akka://worker) akka.remote.artery.aeron.ArteryAeronUdpTransport(akka://worker) - Aeron CnC version mismatch: compiled version = 15, file version = 16
12:27:25.403 [worker-akka.actor.default-dispatcher-6] INFO  a.r.a.a.ArteryAeronUdpTransport(akka://worker) akka.remote.artery.aeron.ArteryAeronUdpTransport(akka://worker) - Remoting started with transport [Artery aeron-udp]; listening on address [akka://worker@flamestream-benchmarks-worker-6:5412] and bound to [akka://worker@0.0.0.0:5412] with UID [-2053581586228574010]
12:27:26.052 [worker-akka.actor.default-dispatcher-6] WARN  a.s.Serialization(akka://worker) akka.serialization.Serialization(akka://worker) - Using serializer [com.romix.akka.serialization.kryo.KryoSerializer] for message [akka.actor.ActorSelectionMessage]. Note that this serializer is not implemented by Akka. It's not recommended to replace serializers for messages provided by Akka.
12:27:26.054 [worker-akka.actor.default-dispatcher-6] WARN  a.s.Serialization(akka://worker) akka.serialization.Serialization(akka://worker) - Using serializer [com.romix.akka.serialization.kryo.KryoSerializer] for message [akka.actor.ActorIdentity]. Note that this serializer is not implemented by Akka. It's not recommended to replace serializers for messages provided by Akka.
12:27:26.115 [worker-akka.actor.default-dispatcher-9] INFO  a.a.RepointableActorRef akka://worker/user/watcher - Starting...
12:27:26.237 [worker-akka.actor.default-dispatcher-6] INFO  o.a.c.u.Compatibility  - Running in ZooKeeper 3.4.x compatibility mode
12:27:26.301 [worker-akka.actor.default-dispatcher-6] INFO  o.a.c.f.i.CuratorFrameworkImpl  - Starting
12:27:26.328 [worker-akka.actor.default-dispatcher-6] INFO  o.a.z.ZooKeeper  - Client environment:zookeeper.version=3.4.14-4c25d480e66aadd371de8bd2fd8da255ac140bcf, built on 03/06/2019 16:18 GMT
12:27:26.329 [worker-akka.actor.default-dispatcher-6] INFO  o.a.z.ZooKeeper  - Client environment:host.name=flamestream-benchmarks-worker-6
12:27:26.330 [worker-akka.actor.default-dispatcher-6] INFO  o.a.z.ZooKeeper  - Client environment:java.version=1.8.0_222
12:27:26.330 [worker-akka.actor.default-dispatcher-6] INFO  o.a.z.ZooKeeper  - Client environment:java.vendor=Private Build
12:27:26.332 [worker-akka.actor.default-dispatcher-6] INFO  o.a.z.ZooKeeper  - Client environment:java.home=/usr/lib/jvm/java-8-openjdk-amd64/jre
12:27:26.333 [worker-akka.actor.default-dispatcher-6] INFO  o.a.z.ZooKeeper  - Client environment:java.class.path=lib/curator-framework-4.0.1.jar:lib/commons-csv-1.4.jar:lib/aeron-client-1.21.2.jar:lib/scala-library-2.12.9.jar:lib/asm-5.0.4.jar:lib/agrona-1.0.1.jar:lib/curator-recipes-4.0.1.jar:lib/akka-testkit_2.12-2.6.0-M6.jar:lib/flamestream-runtime-1.0-SNAPSHOT.jar:lib/slf4j-simple-2.0.0-alpha1.jar:lib/jsr305-3.0.2.jar:lib/trove4j-3.0.3.jar:lib/flamestream-core-1.0-SNAPSHOT.jar:lib/commons-io-2.4.jar:lib/minlog-1.3.0.jar:lib/kryonet-2.21.jar:lib/commons-1.4.9.jar:lib/jline-0.9.94.jar:lib/akka-remote_2.12-2.6.0-M6.jar:lib/leveldbjni-all-1.8.jar:lib/lz4-1.3.0.jar:lib/slf4j-api-1.7.24.jar:lib/scala-parser-combinators_2.12-1.1.2.jar:lib/flamestream-core-1.0-SNAPSHOT-tests.jar:lib/logback-core-1.2.3.jar:lib/netty-3.10.6.Final.jar:lib/protobuf-java-3.9.0.jar:lib/minlog-1.2.jar:lib/leveldb-api-0.7.jar:lib/jool-0.9.12.jar:lib/commons-cli-1.4.jar:lib/jblas-1.2.4.jar:lib/reflectasm-1.11.3.jar:lib/reflectasm-1.07-shaded.jar:lib/audience-annotations-0.5.0.jar:lib/jackson-annotations-2.9.6.jar:lib/commons-lang-2.6.jar:lib/ssl-config-core_2.12-0.3.8.jar:lib/annotations-13.0.jar:lib/logback-classic-1.2.3.jar:lib/guava-21.0.jar:lib/reactive-streams-1.0.2.jar:lib/spotbugs-annotations-3.1.9.jar:lib/leveldb-0.7.jar:lib/commons-pool2-2.4.2.jar:lib/rocksdbjni-5.5.1.jar:lib/jackson-core-2.9.9.jar:lib/jackson-databind-2.9.9.2.jar:lib/akka-protobuf-v3_2.12-2.6.0-M6.jar:lib/jackson-annotations-2.9.0.jar:lib/flamestream-examples-1.0-SNAPSHOT.jar:lib/objenesis-2.1.jar:lib/akka-kryo-serialization_2.12-0.5.2.jar:lib/scala-java8-compat_2.12-0.8.0.jar:lib/zookeeper-3.4.14.jar:lib/akka-slf4j_2.12-2.6.0-M6.jar:lib/kryo-4.0.0.jar:lib/akka-stream_2.12-2.6.0-M6.jar:lib/aeron-driver-1.21.2.jar:lib/config-1.3.1.jar:lib/annotations-12.0.jar:lib/jedis-2.9.0.jar:lib/jcommander-1.48.jar:lib/testng-6.10.jar:lib/akka-actor_2.12-2.6.0-M6.jar:lib/curator-client-4.0.1.jar:flamestream-runtime-1.0-SNAPSHOT.jar
12:27:26.336 [worker-akka.actor.default-dispatcher-6] INFO  o.a.z.ZooKeeper  - Client environment:java.library.path=/usr/java/packages/lib/amd64:/usr/lib/x86_64-linux-gnu/jni:/lib/x86_64-linux-gnu:/usr/lib/x86_64-linux-gnu:/usr/lib/jni:/lib:/usr/lib
12:27:26.337 [worker-akka.actor.default-dispatcher-6] INFO  o.a.z.ZooKeeper  - Client environment:java.io.tmpdir=/tmp
12:27:26.337 [worker-akka.actor.default-dispatcher-6] INFO  o.a.z.ZooKeeper  - Client environment:java.compiler=<NA>
12:27:26.338 [worker-akka.actor.default-dispatcher-6] INFO  o.a.z.ZooKeeper  - Client environment:os.name=Linux
12:27:26.338 [worker-akka.actor.default-dispatcher-6] INFO  o.a.z.ZooKeeper  - Client environment:os.arch=amd64
12:27:26.338 [worker-akka.actor.default-dispatcher-6] INFO  o.a.z.ZooKeeper  - Client environment:os.version=4.15.0-1040-gcp
12:27:26.339 [worker-akka.actor.default-dispatcher-6] INFO  o.a.z.ZooKeeper  - Client environment:user.name=ubuntu
12:27:26.339 [worker-akka.actor.default-dispatcher-6] INFO  o.a.z.ZooKeeper  - Client environment:user.home=/home/ubuntu
12:27:26.339 [worker-akka.actor.default-dispatcher-6] INFO  o.a.z.ZooKeeper  - Client environment:user.dir=/home/ubuntu/flamestream
12:27:26.343 [worker-akka.actor.default-dispatcher-6] INFO  o.a.z.ZooKeeper  - Initiating client connection, connectString=flamestream-benchmarks-manager:12181 sessionTimeout=60000 watcher=org.apache.curator.ConnectionState@3c5e82fa
12:27:26.405 [worker-akka.actor.default-dispatcher-6-SendThread(flamestream-benchmarks-manager:12181)] INFO  o.a.z.ClientCnxn  - Opening socket connection to server flamestream-benchmarks-manager/10.0.0.21:12181. Will not attempt to authenticate using SASL (unknown error)
12:27:26.407 [worker-akka.actor.default-dispatcher-6] INFO  o.a.c.f.i.CuratorFrameworkImpl  - Default schema
12:27:26.414 [worker-akka.actor.default-dispatcher-6-SendThread(flamestream-benchmarks-manager:12181)] INFO  o.a.z.ClientCnxn  - Socket connection established to flamestream-benchmarks-manager/10.0.0.21:12181, initiating session
12:27:26.429 [worker-akka.actor.default-dispatcher-6-SendThread(flamestream-benchmarks-manager:12181)] INFO  o.a.z.ClientCnxn  - Session establishment complete on server flamestream-benchmarks-manager/10.0.0.21:12181, sessionid = 0x100005c675e0006, negotiated timeout = 60000
12:27:26.440 [worker-akka.actor.default-dispatcher-6-EventThread] INFO  o.a.c.f.s.ConnectionStateManager  - State change: CONNECTED
12:27:26.443 [worker-akka.actor.default-dispatcher-9] INFO  a.a.RepointableActorRef akka://worker/user/watcher - Initializing rocksDB backend
2019-10-10T12:27:27.473+0000: 4.908: [Full GC (Metadata GC Threshold) 2019-10-10T12:27:27.473+0000: 4.908: [Tenured: 13625K->25915K(1024000K), 0.1766433 secs] 161115K->25915K(1484800K), [Metaspace: 33685K->33685K(1079296K)], 0.1767330 secs] [Times: user=0.15 sys=0.00, real=0.18 secs] 
12:27:27.749 [worker-akka.actor.default-dispatcher-6] INFO  a.a.LocalActorRef akka://worker/user/watcher/processing-watcher - Starting...
12:27:33.942 [Curator-PathChildrenCache-1] WARN  o.a.c.u.ZKPaths  - The version of ZooKeeper being used doesn't support Container nodes. CreateMode.PERSISTENT will be used instead.
12:27:34.066 [worker-akka.actor.default-dispatcher-10] INFO  a.a.LocalActorRef akka://worker/user/watcher/processing-watcher/$a - Starting...
12:27:34.100 [worker-akka.actor.default-dispatcher-10] INFO  a.a.LocalActorRef akka://worker/user/watcher/processing-watcher/$a - Stopped
12:27:35.773 [worker-akka.actor.default-dispatcher-10] INFO  a.a.LocalActorRef akka://worker/user/watcher/processing-watcher/graph/graph - Starting...
12:27:38.887 [worker-akka.actor.default-dispatcher-10] INFO  a.a.LocalActorRef akka://worker/user/watcher/processing-watcher/graph/graph - Finishing constructor
12:27:38.889 [worker-akka.actor.default-dispatcher-9] INFO  a.a.LocalActorRef akka://worker/user/watcher/processing-watcher/graph/negotiator - Starting...
12:27:38.891 [worker-akka.actor.default-dispatcher-9] INFO  a.a.LocalActorRef akka://worker/user/watcher/processing-watcher/graph/edge - Starting...
12:27:38.899 [worker-akka.actor.default-dispatcher-10] INFO  a.a.LocalActorRef akka://worker/user/watcher/processing-watcher/graph - Starting FlameNode with config 'ClusterConfig{paths={flamestream-benchmarks-worker-1=akka://worker@flamestream-benchmarks-worker-1:5412/user/watcher/processing-watcher/graph, flamestream-benchmarks-worker-0=akka://worker@flamestream-benchmarks-worker-0:5412/user/watcher/processing-watcher/graph, flamestream-benchmarks-worker-9=akka://worker@flamestream-benchmarks-worker-9:5412/user/watcher/processing-watcher/graph, flamestream-benchmarks-worker-8=akka://worker@flamestream-benchmarks-worker-8:5412/user/watcher/processing-watcher/graph, flamestream-benchmarks-worker-7=akka://worker@flamestream-benchmarks-worker-7:5412/user/watcher/processing-watcher/graph, flamestream-benchmarks-worker-6=akka://worker@flamestream-benchmarks-worker-6:5412/user/watcher/processing-watcher/graph, flamestream-benchmarks-worker-5=akka://worker@flamestream-benchmarks-worker-5:5412/user/watcher/processing-watcher/graph, flamestream-benchmarks-worker-4=akka://worker@flamestream-benchmarks-worker-4:5412/user/watcher/processing-watcher/graph, flamestream-benchmarks-worker-3=akka://worker@flamestream-benchmarks-worker-3:5412/user/watcher/processing-watcher/graph, flamestream-benchmarks-worker-2=akka://worker@flamestream-benchmarks-worker-2:5412/user/watcher/processing-watcher/graph, flamestream-benchmarks-worker-14=akka://worker@flamestream-benchmarks-worker-14:5412/user/watcher/processing-watcher/graph, flamestream-benchmarks-worker-13=akka://worker@flamestream-benchmarks-worker-13:5412/user/watcher/processing-watcher/graph, flamestream-benchmarks-worker-12=akka://worker@flamestream-benchmarks-worker-12:5412/user/watcher/processing-watcher/graph, flamestream-benchmarks-worker-11=akka://worker@flamestream-benchmarks-worker-11:5412/user/watcher/processing-watcher/graph, flamestream-benchmarks-worker-10=akka://worker@flamestream-benchmarks-worker-10:5412/user/watcher/processing-watcher/graph}}'
12:27:38.908 [worker-akka.actor.default-dispatcher-10] INFO  a.a.LocalActorRef akka://worker/user/watcher/processing-watcher/graph/negotiator - Requesting ticket for the frontClass FlameSocketGraphDeployerFront@flamestream-benchmarks-worker-6
12:27:38.972 [worker-akka.actor.default-dispatcher-14] INFO  a.a.LocalActorRef akka://worker/user/watcher/processing-watcher/graph/graph - Received last commit 'LastCommit{globalTime=(0000000, min@min)}'
12:27:38.988 [worker-akka.actor.default-dispatcher-10] INFO  c.s.f.r.e.s.SocketRear  - FlameSocketGraphDeployerRear@flamestream-benchmarks-worker-6: connecting to flamestream-benchmarks-manager:5678
12:27:38.998 [worker-akka.actor.default-dispatcher-14] INFO  a.a.LocalActorRef akka://worker/user/watcher/processing-watcher/graph/edge/FlameSocketGraphDeployerFront - Starting...
12:27:39.019 [worker-akka.actor.default-dispatcher-10] INFO  c.s.f.r.e.s.SocketRear  - FlameSocketGraphDeployerRear@flamestream-benchmarks-worker-6: connected to flamestream-benchmarks-manager:5678
12:27:39.021 [worker-akka.actor.default-dispatcher-9] INFO  a.a.LocalActorRef akka://worker/user/watcher/processing-watcher/graph/edge/FlameSocketGraphDeployerRear - Starting...
12:27:39.029 [worker-akka.actor.default-dispatcher-10] INFO  a.a.LocalActorRef akka://worker/user/watcher/processing-watcher/graph/negotiator - Ticket for the frontClass received: FrontTicket{allowedTimestamp=(0000000, FlameSocketGraphDeployerFront@flamestream-benchmarks-worker-6)}
12:27:39.030 [worker-akka.actor.default-dispatcher-10] INFO  c.s.f.r.e.s.SocketFront  - FlameSocketGraphDeployerFront@flamestream-benchmarks-worker-6: connecting to flamestream-benchmarks-manager:4567
12:27:39.229 [worker-akka.actor.default-dispatcher-10] INFO  a.a.LocalActorRef akka://worker/user/watcher/processing-watcher/graph/graph/$a - Starting...
12:27:39.231 [worker-akka.actor.default-dispatcher-10] INFO  a.a.LocalActorRef akka://worker/user/watcher/processing-watcher/graph/graph/$b - Starting...
12:27:39.235 [worker-akka.actor.default-dispatcher-10] INFO  a.a.LocalActorRef akka://worker/user/watcher/processing-watcher/graph/graph/$c - Starting...
12:27:39.239 [worker-akka.actor.default-dispatcher-10] INFO  a.a.LocalActorRef akka://worker/user/watcher/processing-watcher/graph/graph/$d - Starting...
12:27:39.241 [worker-akka.actor.default-dispatcher-10] INFO  a.a.LocalActorRef akka://worker/user/watcher/processing-watcher/graph/graph/$e - Starting...
12:27:39.242 [worker-akka.actor.default-dispatcher-10] INFO  a.a.LocalActorRef akka://worker/user/watcher/processing-watcher/graph/graph/$f - Starting...
12:27:39.243 [worker-akka.actor.default-dispatcher-10] INFO  a.a.LocalActorRef akka://worker/user/watcher/processing-watcher/graph/graph/$g - Starting...
12:27:39.245 [worker-akka.actor.default-dispatcher-10] INFO  a.a.LocalActorRef akka://worker/user/watcher/processing-watcher/graph/graph/$h - Starting...
12:27:39.248 [worker-akka.actor.default-dispatcher-10] INFO  a.a.LocalActorRef akka://worker/user/watcher/processing-watcher/graph/graph/$i - Starting...
12:27:39.249 [worker-akka.actor.default-dispatcher-10] INFO  a.a.LocalActorRef akka://worker/user/watcher/processing-watcher/graph/graph/$j - Starting...
12:27:39.251 [worker-akka.actor.default-dispatcher-10] INFO  a.a.LocalActorRef akka://worker/user/watcher/processing-watcher/graph/graph/$k - Starting...
12:27:39.253 [worker-akka.actor.default-dispatcher-10] INFO  a.a.LocalActorRef akka://worker/user/watcher/processing-watcher/graph/graph/$l - Starting...
12:27:39.254 [worker-akka.actor.default-dispatcher-10] INFO  a.a.LocalActorRef akka://worker/user/watcher/processing-watcher/graph/graph/$m - Starting...
12:27:39.256 [worker-akka.actor.default-dispatcher-10] INFO  a.a.LocalActorRef akka://worker/user/watcher/processing-watcher/graph/graph/$n - Starting...
12:27:39.257 [worker-akka.actor.default-dispatcher-10] INFO  a.a.LocalActorRef akka://worker/user/watcher/processing-watcher/graph/graph/$o - Starting...
12:27:39.261 [worker-akka.actor.default-dispatcher-10] INFO  a.a.LocalActorRef akka://worker/user/watcher/processing-watcher/graph/graph/$p - Starting...
12:27:39.263 [worker-akka.actor.default-dispatcher-10] INFO  a.a.LocalActorRef akka://worker/user/watcher/processing-watcher/graph/graph/$q - Starting...
12:27:39.264 [worker-akka.actor.default-dispatcher-10] INFO  a.a.LocalActorRef akka://worker/user/watcher/processing-watcher/graph/graph/$r - Starting...
12:27:39.266 [worker-akka.actor.default-dispatcher-10] INFO  a.a.LocalActorRef akka://worker/user/watcher/processing-watcher/graph/graph/$s - Starting...
12:27:39.268 [worker-akka.actor.default-dispatcher-10] INFO  a.a.LocalActorRef akka://worker/user/watcher/processing-watcher/graph/graph/$t - Starting...
12:27:39.269 [worker-akka.actor.default-dispatcher-10] INFO  a.a.LocalActorRef akka://worker/user/watcher/processing-watcher/graph/graph/$u - Starting...
12:27:39.273 [worker-akka.actor.default-dispatcher-10] INFO  a.a.LocalActorRef akka://worker/user/watcher/processing-watcher/graph/graph/$v - Starting...
12:27:39.277 [worker-akka.actor.default-dispatcher-10] INFO  a.a.LocalActorRef akka://worker/user/watcher/processing-watcher/graph/graph/$w - Starting...
12:27:39.279 [worker-akka.actor.default-dispatcher-10] INFO  a.a.LocalActorRef akka://worker/user/watcher/processing-watcher/graph/graph/$x - Starting...
12:27:39.280 [worker-akka.actor.default-dispatcher-10] INFO  a.a.LocalActorRef akka://worker/user/watcher/processing-watcher/graph/graph/$y - Starting...
12:27:39.282 [worker-akka.actor.default-dispatcher-10] INFO  a.a.LocalActorRef akka://worker/user/watcher/processing-watcher/graph/graph/$z - Starting...
12:27:39.289 [worker-akka.actor.default-dispatcher-10] INFO  a.a.LocalActorRef akka://worker/user/watcher/processing-watcher/graph/graph/$A - Starting...
12:27:39.315 [worker-akka.actor.default-dispatcher-10] INFO  a.a.LocalActorRef akka://worker/user/watcher/processing-watcher/graph/graph/$B - Starting...
12:27:39.316 [worker-akka.actor.default-dispatcher-10] INFO  a.a.LocalActorRef akka://worker/user/watcher/processing-watcher/graph/graph/$C - Starting...
12:27:39.317 [worker-akka.actor.default-dispatcher-10] INFO  a.a.LocalActorRef akka://worker/user/watcher/processing-watcher/graph/graph/$D - Starting...
12:27:39.319 [worker-akka.actor.default-dispatcher-10] INFO  a.a.LocalActorRef akka://worker/user/watcher/processing-watcher/graph/graph/$E - Starting...
12:27:39.322 [worker-akka.actor.default-dispatcher-10] INFO  a.a.LocalActorRef akka://worker/user/watcher/processing-watcher/graph/graph/$F - Starting...
12:27:39.326 [worker-akka.actor.default-dispatcher-9] INFO  a.a.LocalActorRef akka://worker/user/watcher/processing-watcher/graph/graph/$G - Starting...
12:27:39.330 [worker-akka.actor.default-dispatcher-9] INFO  a.a.LocalActorRef akka://worker/user/watcher/processing-watcher/graph/graph/$H - Starting...
12:27:39.334 [worker-akka.actor.default-dispatcher-10] INFO  a.a.LocalActorRef akka://worker/user/watcher/processing-watcher/graph/graph/$A - Attached rear to graph (-9223372036854775808, min@min)
2019-10-10T12:27:52.440+0000: 29.876: [GC (Allocation Failure) 2019-10-10T12:27:52.440+0000: 29.876: [DefNew: 409600K->30701K(460800K), 0.0446003 secs] 435515K->56617K(1484800K), 0.0447063 secs] [Times: user=0.03 sys=0.01, real=0.04 secs] 
2019-10-10T12:27:59.746+0000: 37.182: [GC (Allocation Failure) 2019-10-10T12:27:59.746+0000: 37.182: [DefNew: 440301K->120K(460800K), 0.0326898 secs] 466217K->54243K(1484800K), 0.0327933 secs] [Times: user=0.01 sys=0.01, real=0.03 secs] 
2019-10-10T12:28:05.382+0000: 42.819: [GC (Allocation Failure) 2019-10-10T12:28:05.383+0000: 42.819: [DefNew: 409720K->142K(460800K), 0.0031959 secs] 463843K->54266K(1484800K), 0.0045270 secs] [Times: user=0.00 sys=0.00, real=0.01 secs] 
2019-10-10T12:28:10.120+0000: 47.555: [GC (Allocation Failure) 2019-10-10T12:28:10.120+0000: 47.555: [DefNew: 409742K->63K(460800K), 0.0027269 secs] 463866K->54187K(1484800K), 0.0028141 secs] [Times: user=0.00 sys=0.00, real=0.00 secs] 
2019-10-10T12:28:15.006+0000: 52.441: [GC (Allocation Failure) 2019-10-10T12:28:15.006+0000: 52.441: [DefNew: 409663K->71K(460800K), 0.0026272 secs] 463787K->54195K(1484800K), 0.0027272 secs] [Times: user=0.00 sys=0.00, real=0.00 secs] 
2019-10-10T12:28:19.678+0000: 57.114: [GC (Allocation Failure) 2019-10-10T12:28:19.678+0000: 57.114: [DefNew: 409671K->62K(460800K), 0.0026717 secs] 463795K->54186K(1484800K), 0.0027656 secs] [Times: user=0.00 sys=0.00, real=0.00 secs] 
2019-10-10T12:28:25.097+0000: 62.533: [GC (Allocation Failure) 2019-10-10T12:28:25.097+0000: 62.533: [DefNew: 409662K->363K(460800K), 0.0032912 secs] 463786K->54487K(1484800K), 0.0034142 secs] [Times: user=0.01 sys=0.00, real=0.01 secs] 
2019-10-10T12:28:32.518+0000: 69.954: [GC (Allocation Failure) 2019-10-10T12:28:32.518+0000: 69.954: [DefNew: 409963K->409K(460800K), 0.0038657 secs] 464087K->54532K(1484800K), 0.0039622 secs] [Times: user=0.00 sys=0.00, real=0.00 secs] 
2019-10-10T12:28:38.046+0000: 75.483: [GC (Allocation Failure) 2019-10-10T12:28:38.048+0000: 75.483: [DefNew: 410009K->454K(460800K), 0.0038613 secs] 464132K->54577K(1484800K), 0.0055898 secs] [Times: user=0.00 sys=0.00, real=0.00 secs] 
2019-10-10T12:28:43.720+0000: 81.155: [GC (Allocation Failure) 2019-10-10T12:28:43.720+0000: 81.155: [DefNew: 410054K->345K(460800K), 0.0035965 secs] 464177K->54469K(1484800K), 0.0036939 secs] [Times: user=0.00 sys=0.00, real=0.00 secs] 
2019-10-10T12:28:49.657+0000: 87.092: [GC (Allocation Failure) 2019-10-10T12:28:49.657+0000: 87.092: [DefNew: 409945K->630K(460800K), 0.0040839 secs] 464069K->54754K(1484800K), 0.0041882 secs] [Times: user=0.01 sys=0.00, real=0.01 secs] 
2019-10-10T12:28:55.227+0000: 92.664: [GC (Allocation Failure) 2019-10-10T12:28:55.229+0000: 92.664: [DefNew: 410230K->398K(460800K), 0.0037332 secs] 464354K->54521K(1484800K), 0.0053849 secs] [Times: user=0.01 sys=0.00, real=0.00 secs] 
2019-10-10T12:29:01.648+0000: 99.083: [GC (Allocation Failure) 2019-10-10T12:29:01.648+0000: 99.083: [DefNew: 409998K->460K(460800K), 0.0037836 secs] 464121K->54584K(1484800K), 0.0038784 secs] [Times: user=0.00 sys=0.00, real=0.00 secs] 
2019-10-10T12:29:07.248+0000: 104.684: [GC (Allocation Failure) 2019-10-10T12:29:07.249+0000: 104.684: [DefNew: 410060K->356K(460800K), 0.0036269 secs] 464184K->54480K(1484800K), 0.0048615 secs] [Times: user=0.00 sys=0.00, real=0.00 secs] 
2019-10-10T12:29:12.744+0000: 110.179: [GC (Allocation Failure) 2019-10-10T12:29:12.744+0000: 110.179: [DefNew: 409956K->392K(460800K), 0.0035495 secs] 464080K->54515K(1484800K), 0.0036474 secs] [Times: user=0.01 sys=0.00, real=0.01 secs] 
2019-10-10T12:29:18.185+0000: 115.621: [GC (Allocation Failure) 2019-10-10T12:29:18.186+0000: 115.621: [DefNew: 409992K->359K(460800K), 0.0033871 secs] 464115K->54482K(1484800K), 0.0034850 secs] [Times: user=0.00 sys=0.00, real=0.00 secs] 
2019-10-10T12:29:23.685+0000: 121.120: [GC (Allocation Failure) 2019-10-10T12:29:23.685+0000: 121.120: [DefNew: 409959K->292K(460800K), 0.0033830 secs] 464082K->54422K(1484800K), 0.0034772 secs] [Times: user=0.01 sys=0.00, real=0.01 secs] 
2019-10-10T12:29:30.415+0000: 127.850: [GC (Allocation Failure) 2019-10-10T12:29:30.415+0000: 127.850: [DefNew: 409892K->318K(460800K), 0.0035736 secs] 464022K->54461K(1484800K), 0.0036627 secs] [Times: user=0.00 sys=0.00, real=0.01 secs] 
2019-10-10T12:29:36.407+0000: 133.843: [GC (Allocation Failure) 2019-10-10T12:29:36.407+0000: 133.843: [DefNew: 409918K->469K(460800K), 0.0036011 secs] 464061K->54612K(1484800K), 0.0036882 secs] [Times: user=0.01 sys=0.00, real=0.00 secs] 
2019-10-10T12:29:41.689+0000: 139.126: [GC (Allocation Failure) 2019-10-10T12:29:41.690+0000: 139.126: [DefNew: 410069K->325K(460800K), 0.0034212 secs] 464212K->54468K(1484800K), 0.0048733 secs] [Times: user=0.00 sys=0.00, real=0.00 secs] 
2019-10-10T12:29:47.006+0000: 144.443: [GC (Allocation Failure) 2019-10-10T12:29:47.007+0000: 144.443: [DefNew: 409925K->326K(460800K), 0.0035620 secs] 464068K->54469K(1484800K), 0.0050036 secs] [Times: user=0.00 sys=0.00, real=0.00 secs] 
2019-10-10T12:29:52.819+0000: 150.255: [GC (Allocation Failure) 2019-10-10T12:29:52.820+0000: 150.255: [DefNew: 409926K->227K(460800K), 0.0035808 secs] 464069K->54465K(1484800K), 0.0037397 secs] [Times: user=0.01 sys=0.00, real=0.00 secs] 
2019-10-10T12:29:58.303+0000: 155.740: [GC (Allocation Failure) 2019-10-10T12:29:58.304+0000: 155.740: [DefNew: 409827K->497K(460800K), 0.0044270 secs] 464065K->54822K(1484800K), 0.0056193 secs] [Times: user=0.00 sys=0.00, real=0.01 secs] 
2019-10-10T12:30:03.936+0000: 161.371: [GC (Allocation Failure) 2019-10-10T12:30:03.936+0000: 161.371: [DefNew: 410097K->136K(460800K), 0.0028792 secs] 464422K->54468K(1484800K), 0.0029749 secs] [Times: user=0.00 sys=0.00, real=0.01 secs] 
2019-10-10T12:30:09.408+0000: 166.845: [GC (Allocation Failure) 2019-10-10T12:30:09.410+0000: 166.846: [DefNew: 409736K->201K(460800K), 0.0031744 secs] 464068K->54534K(1484800K), 0.0047043 secs] [Times: user=0.00 sys=0.00, real=0.00 secs] 
2019-10-10T12:30:14.805+0000: 172.240: [GC (Allocation Failure) 2019-10-10T12:30:14.805+0000: 172.240: [DefNew: 409801K->136K(460800K), 0.0028205 secs] 464134K->54469K(1484800K), 0.0029215 secs] [Times: user=0.01 sys=0.00, real=0.01 secs] 
2019-10-10T12:30:20.405+0000: 177.842: [GC (Allocation Failure) 2019-10-10T12:30:20.406+0000: 177.842: [DefNew: 409736K->143K(460800K), 0.0028875 secs] 464069K->54477K(1484800K), 0.0043149 secs] [Times: user=0.01 sys=0.00, real=0.01 secs] 
2019-10-10T12:30:26.086+0000: 183.522: [GC (Allocation Failure) 2019-10-10T12:30:26.086+0000: 183.522: [DefNew: 409743K->145K(460800K), 0.0030540 secs] 464077K->54479K(1484800K), 0.0031387 secs] [Times: user=0.00 sys=0.00, real=0.00 secs] 
2019-10-10T12:30:31.545+0000: 188.982: [GC (Allocation Failure) 2019-10-10T12:30:31.547+0000: 188.982: [DefNew: 409745K->166K(460800K), 0.0030766 secs] 464079K->54501K(1484800K), 0.0045580 secs] [Times: user=0.01 sys=0.00, real=0.01 secs] 
2019-10-10T12:30:36.881+0000: 194.317: [GC (Allocation Failure) 2019-10-10T12:30:36.882+0000: 194.317: [DefNew: 409766K->215K(460800K), 0.0030211 secs] 464101K->54550K(1484800K), 0.0042389 secs] [Times: user=0.00 sys=0.00, real=0.00 secs] 
2019-10-10T12:30:42.483+0000: 199.920: [GC (Allocation Failure) 2019-10-10T12:30:42.484+0000: 199.920: [DefNew: 409815K->224K(460800K), 0.0032892 secs] 464150K->54560K(1484800K), 0.0047448 secs] [Times: user=0.00 sys=0.00, real=0.01 secs] 
2019-10-10T12:30:47.936+0000: 205.373: [GC (Allocation Failure) 2019-10-10T12:30:47.937+0000: 205.373: [DefNew: 409824K->382K(460800K), 0.0035379 secs] 464160K->54722K(1484800K), 0.0048817 secs] [Times: user=0.01 sys=0.00, real=0.01 secs] 
2019-10-10T12:30:53.383+0000: 210.819: [GC (Allocation Failure) 2019-10-10T12:30:53.384+0000: 210.820: [DefNew: 409982K->142K(460800K), 0.0030608 secs] 464322K->54524K(1484800K), 0.0044066 secs] [Times: user=0.01 sys=0.00, real=0.01 secs] 
2019-10-10T12:30:58.823+0000: 216.259: [GC (Allocation Failure) 2019-10-10T12:30:58.824+0000: 216.259: [DefNew: 409742K->118K(460800K), 0.0026875 secs] 464124K->54502K(1484800K), 0.0027832 secs] [Times: user=0.00 sys=0.00, real=0.01 secs] 
2019-10-10T12:31:04.067+0000: 221.504: [GC (Allocation Failure) 2019-10-10T12:31:04.069+0000: 221.505: [DefNew: 409718K->202K(460800K), 0.0033362 secs] 464102K->54587K(1484800K), 0.0049570 secs] [Times: user=0.00 sys=0.00, real=0.00 secs] 
2019-10-10T12:31:09.851+0000: 227.287: [GC (Allocation Failure) 2019-10-10T12:31:09.851+0000: 227.287: [DefNew: 409802K->119K(460800K), 0.0027889 secs] 464187K->54504K(1484800K), 0.0028844 secs] [Times: user=0.00 sys=0.00, real=0.00 secs] 
2019-10-10T12:31:15.562+0000: 232.999: [GC (Allocation Failure) 2019-10-10T12:31:15.563+0000: 232.999: [DefNew: 409719K->119K(460800K), 0.0030210 secs] 464104K->54504K(1484800K), 0.0044984 secs] [Times: user=0.00 sys=0.00, real=0.01 secs] 
2019-10-10T12:31:21.229+0000: 238.665: [GC (Allocation Failure) 2019-10-10T12:31:21.229+0000: 238.665: [DefNew: 409719K->347K(460800K), 0.0035375 secs] 464104K->54732K(1484800K), 0.0036252 secs] [Times: user=0.00 sys=0.00, real=0.00 secs] 
2019-10-10T12:31:26.738+0000: 244.173: [GC (Allocation Failure) 2019-10-10T12:31:26.738+0000: 244.173: [DefNew: 409947K->146K(460800K), 0.0033384 secs] 464332K->54532K(1484800K), 0.0034372 secs] [Times: user=0.01 sys=0.00, real=0.00 secs] 
2019-10-10T12:31:32.063+0000: 249.500: [GC (Allocation Failure) 2019-10-10T12:31:32.064+0000: 249.500: [DefNew: 409746K->148K(460800K), 0.0031348 secs] 464132K->54534K(1484800K), 0.0047226 secs] [Times: user=0.01 sys=0.00, real=0.01 secs] 
2019-10-10T12:31:37.381+0000: 254.818: [GC (Allocation Failure) 2019-10-10T12:31:37.382+0000: 254.818: [DefNew: 409748K->191K(460800K), 0.0032130 secs] 464134K->54578K(1484800K), 0.0045295 secs] [Times: user=0.01 sys=0.00, real=0.00 secs] 
2019-10-10T12:31:43.078+0000: 260.514: [GC (Allocation Failure) 2019-10-10T12:31:43.078+0000: 260.514: [DefNew: 409791K->185K(460800K), 0.0030805 secs] 464178K->54573K(1484800K), 0.0031717 secs] [Times: user=0.00 sys=0.00, real=0.00 secs] 
2019-10-10T12:31:48.447+0000: 265.884: [GC (Allocation Failure) 2019-10-10T12:31:48.448+0000: 265.884: [DefNew: 409785K->131K(460800K), 0.0030508 secs] 464173K->54528K(1484800K), 0.0047520 secs] [Times: user=0.01 sys=0.00, real=0.00 secs] 
2019-10-10T12:31:54.079+0000: 271.515: [GC (Allocation Failure) 2019-10-10T12:31:54.079+0000: 271.515: [DefNew: 409731K->339K(460800K), 0.0034745 secs] 464128K->54756K(1484800K), 0.0035633 secs] [Times: user=0.00 sys=0.00, real=0.00 secs] 
2019-10-10T12:31:59.374+0000: 276.809: [GC (Allocation Failure) 2019-10-10T12:31:59.374+0000: 276.810: [DefNew: 409939K->112K(460800K), 0.0027310 secs] 464356K->54529K(1484800K), 0.0028157 secs] [Times: user=0.01 sys=0.00, real=0.00 secs] 
2019-10-10T12:32:04.741+0000: 282.176: [GC (Allocation Failure) 2019-10-10T12:32:04.741+0000: 282.176: [DefNew: 409712K->238K(460800K), 0.0031071 secs] 464129K->54656K(1484800K), 0.0032024 secs] [Times: user=0.00 sys=0.00, real=0.00 secs] 
2019-10-10T12:32:10.084+0000: 287.520: [GC (Allocation Failure) 2019-10-10T12:32:10.084+0000: 287.520: [DefNew: 409838K->111K(460800K), 0.0027574 secs] 464256K->54529K(1484800K), 0.0028404 secs] [Times: user=0.00 sys=0.00, real=0.01 secs] 
2019-10-10T12:32:15.329+0000: 292.766: [GC (Allocation Failure) 2019-10-10T12:32:15.330+0000: 292.766: [DefNew: 409711K->315K(460800K), 0.0039488 secs] 464129K->54733K(1484800K), 0.0052766 secs] [Times: user=0.00 sys=0.00, real=0.00 secs] 
2019-10-10T12:32:21.431+0000: 298.867: [GC (Allocation Failure) 2019-10-10T12:32:21.431+0000: 298.867: [DefNew: 409915K->116K(460800K), 0.0027619 secs] 464333K->54534K(1484800K), 0.0029017 secs] [Times: user=0.00 sys=0.00, real=0.00 secs] 
2019-10-10T12:32:26.850+0000: 304.285: [GC (Allocation Failure) 2019-10-10T12:32:26.850+0000: 304.285: [DefNew: 409716K->129K(460800K), 0.0028873 secs] 464134K->54547K(1484800K), 0.0029805 secs] [Times: user=0.00 sys=0.00, real=0.00 secs] 
2019-10-10T12:32:32.160+0000: 309.597: [GC (Allocation Failure) 2019-10-10T12:32:32.161+0000: 309.597: [DefNew: 409729K->166K(460800K), 0.0031460 secs] 464147K->54584K(1484800K), 0.0045641 secs] [Times: user=0.01 sys=0.00, real=0.00 secs] 
2019-10-10T12:32:37.491+0000: 314.928: [GC (Allocation Failure) 2019-10-10T12:32:37.493+0000: 314.928: [DefNew: 409766K->171K(460800K), 0.0031084 secs] 464184K->54589K(1484800K), 0.0043525 secs] [Times: user=0.00 sys=0.00, real=0.00 secs] 
2019-10-10T12:32:42.781+0000: 320.217: [GC (Allocation Failure) 2019-10-10T12:32:42.781+0000: 320.217: [DefNew: 409771K->159K(460800K), 0.0029157 secs] 464189K->54577K(1484800K), 0.0030155 secs] [Times: user=0.00 sys=0.00, real=0.00 secs] 
2019-10-10T12:32:48.097+0000: 325.534: [GC (Allocation Failure) 2019-10-10T12:32:48.098+0000: 325.534: [DefNew: 409759K->109K(460800K), 0.0028882 secs] 464177K->54548K(1484800K), 0.0042516 secs] [Times: user=0.00 sys=0.00, real=0.01 secs] 
2019-10-10T12:32:53.364+0000: 330.801: [GC (Allocation Failure) 2019-10-10T12:32:53.365+0000: 330.801: [DefNew: 409709K->102K(460800K), 0.0030124 secs] 464148K->54547K(1484800K), 0.0042552 secs] [Times: user=0.00 sys=0.00, real=0.01 secs] 
2019-10-10T12:32:59.038+0000: 336.474: [GC (Allocation Failure) 2019-10-10T12:32:59.038+0000: 336.474: [DefNew: 409702K->278K(460800K), 0.0031866 secs] 464147K->54722K(1484800K), 0.0032823 secs] [Times: user=0.01 sys=0.00, real=0.00 secs] 
2019-10-10T12:33:04.603+0000: 342.040: [GC (Allocation Failure) 2019-10-10T12:33:04.604+0000: 342.040: [DefNew: 409878K->103K(460800K), 0.0028645 secs] 464322K->54548K(1484800K), 0.0042882 secs] [Times: user=0.00 sys=0.00, real=0.01 secs] 
2019-10-10T12:33:09.899+0000: 347.335: [GC (Allocation Failure) 2019-10-10T12:33:09.899+0000: 347.335: [DefNew: 409703K->110K(460800K), 0.0027340 secs] 464148K->54554K(1484800K), 0.0028244 secs] [Times: user=0.00 sys=0.00, real=0.00 secs] 
2019-10-10T12:33:15.378+0000: 352.815: [GC (Allocation Failure) 2019-10-10T12:33:15.379+0000: 352.815: [DefNew: 409710K->227K(460800K), 0.0035545 secs] 464154K->54671K(1484800K), 0.0050577 secs] [Times: user=0.00 sys=0.00, real=0.00 secs] 
2019-10-10T12:33:20.684+0000: 358.120: [GC (Allocation Failure) 2019-10-10T12:33:20.684+0000: 358.120: [DefNew: 409827K->280K(460800K), 0.0032205 secs] 464271K->54725K(1484800K), 0.0033379 secs] [Times: user=0.01 sys=0.00, real=0.01 secs] 
2019-10-10T12:33:26.441+0000: 363.878: [GC (Allocation Failure) 2019-10-10T12:33:26.443+0000: 363.878: [DefNew: 409880K->117K(460800K), 0.0031018 secs] 464325K->54561K(1484800K), 0.0045019 secs] [Times: user=0.00 sys=0.00, real=0.01 secs] 
2019-10-10T12:33:32.036+0000: 369.472: [GC (Allocation Failure) 2019-10-10T12:33:32.036+0000: 369.472: [DefNew: 409717K->122K(460800K), 0.0027584 secs] 464161K->54567K(1484800K), 0.0028499 secs] [Times: user=0.00 sys=0.00, real=0.01 secs] 
2019-10-10T12:33:37.401+0000: 374.838: [GC (Allocation Failure) 2019-10-10T12:33:37.403+0000: 374.838: [DefNew: 409722K->128K(460800K), 0.0031118 secs] 464167K->54573K(1484800K), 0.0046713 secs] [Times: user=0.00 sys=0.00, real=0.01 secs] 
2019-10-10T12:33:42.678+0000: 380.113: [GC (Allocation Failure) 2019-10-10T12:33:42.678+0000: 380.113: [DefNew: 409728K->125K(460800K), 0.0027719 secs] 464173K->54570K(1484800K), 0.0028589 secs] [Times: user=0.01 sys=0.00, real=0.00 secs] 
2019-10-10T12:33:48.051+0000: 385.488: [GC (Allocation Failure) 2019-10-10T12:33:48.052+0000: 385.488: [DefNew: 409725K->113K(460800K), 0.0031765 secs] 464170K->54577K(1484800K), 0.0045595 secs] [Times: user=0.01 sys=0.00, real=0.00 secs] 
2019-10-10T12:33:53.452+0000: 390.889: [GC (Allocation Failure) 2019-10-10T12:33:53.454+0000: 390.889: [DefNew: 409713K->103K(460800K), 0.0029685 secs] 464177K->54568K(1484800K), 0.0043030 secs] [Times: user=0.00 sys=0.00, real=0.00 secs] 
2019-10-10T12:33:58.792+0000: 396.228: [GC (Allocation Failure) 2019-10-10T12:33:58.792+0000: 396.228: [DefNew: 409703K->284K(460800K), 0.0033128 secs] 464168K->54749K(1484800K), 0.0034089 secs] [Times: user=0.00 sys=0.00, real=0.00 secs] 
2019-10-10T12:34:04.097+0000: 401.534: [GC (Allocation Failure) 2019-10-10T12:34:04.098+0000: 401.534: [DefNew: 409884K->236K(460800K), 0.0033141 secs] 464349K->54701K(1484800K), 0.0050694 secs] [Times: user=0.00 sys=0.00, real=0.01 secs] 
2019-10-10T12:34:09.458+0000: 406.895: [GC (Allocation Failure) 2019-10-10T12:34:09.460+0000: 406.895: [DefNew: 409836K->102K(460800K), 0.0030300 secs] 464301K->54567K(1484800K), 0.0047944 secs] [Times: user=0.00 sys=0.00, real=0.00 secs] 
2019-10-10T12:34:14.651+0000: 412.086: [GC (Allocation Failure) 2019-10-10T12:34:14.651+0000: 412.087: [DefNew: 409702K->366K(460800K), 0.0039694 secs] 464167K->54831K(1484800K), 0.0040543 secs] [Times: user=0.01 sys=0.00, real=0.00 secs] 
2019-10-10T12:34:20.027+0000: 417.464: [GC (Allocation Failure) 2019-10-10T12:34:20.029+0000: 417.464: [DefNew: 409966K->102K(460800K), 0.0029037 secs] 464431K->54567K(1484800K), 0.0048416 secs] [Times: user=0.00 sys=0.00, real=0.00 secs] 
2019-10-10T12:34:25.217+0000: 422.653: [GC (Allocation Failure) 2019-10-10T12:34:25.217+0000: 422.653: [DefNew: 409702K->104K(460800K), 0.0027734 secs] 464167K->54569K(1484800K), 0.0028711 secs] [Times: user=0.01 sys=0.00, real=0.01 secs] 
2019-10-10T12:34:30.765+0000: 428.201: [GC (Allocation Failure) 2019-10-10T12:34:30.765+0000: 428.201: [DefNew: 409704K->368K(460800K), 0.0034723 secs] 464169K->54833K(1484800K), 0.0035656 secs] [Times: user=0.00 sys=0.00, real=0.01 secs] 
2019-10-10T12:34:36.323+0000: 433.760: [GC (Allocation Failure) 2019-10-10T12:34:36.324+0000: 433.760: [DefNew: 409968K->108K(460800K), 0.0030071 secs] 464433K->54573K(1484800K), 0.0043677 secs] [Times: user=0.01 sys=0.00, real=0.01 secs] 
2019-10-10T12:34:41.966+0000: 439.402: [GC (Allocation Failure) 2019-10-10T12:34:41.966+0000: 439.402: [DefNew: 409708K->159K(460800K), 0.0028368 secs] 464173K->54625K(1484800K), 0.0029448 secs] [Times: user=0.01 sys=0.00, real=0.00 secs] 
2019-10-10T12:34:47.138+0000: 444.575: [GC (Allocation Failure) 2019-10-10T12:34:47.140+0000: 444.575: [DefNew: 409759K->131K(460800K), 0.0032237 secs] 464225K->54611K(1484800K), 0.0048523 secs] [Times: user=0.00 sys=0.00, real=0.00 secs] 
2019-10-10T12:34:52.517+0000: 449.953: [GC (Allocation Failure) 2019-10-10T12:34:52.517+0000: 449.953: [DefNew: 409731K->264K(460800K), 0.0031602 secs] 464211K->54748K(1484800K), 0.0032485 secs] [Times: user=0.00 sys=0.00, real=0.01 secs] 
2019-10-10T12:34:57.828+0000: 455.265: [GC (Allocation Failure) 2019-10-10T12:34:57.830+0000: 455.266: [DefNew: 409864K->91K(460800K), 0.0029555 secs] 464348K->54574K(1484800K), 0.0043539 secs] [Times: user=0.00 sys=0.00, real=0.00 secs] 
2019-10-10T12:35:03.129+0000: 460.565: [GC (Allocation Failure) 2019-10-10T12:35:03.129+0000: 460.565: [DefNew: 409691K->92K(460800K), 0.0027876 secs] 464174K->54576K(1484800K), 0.0028969 secs] [Times: user=0.01 sys=0.00, real=0.00 secs] 
12:35:05.364 [worker-akka.actor.default-dispatcher-9] INFO  a.r.a.Association(akka://worker) akka.remote.artery.Association(akka://worker) - Stopping idle outbound stream [2] to [akka://worker@flamestream-benchmarks-worker-0:5412]
2019-10-10T12:35:09.505+0000: 466.941: [GC (Allocation Failure) 2019-10-10T12:35:09.505+0000: 466.941: [DefNew: 409692K->220K(460800K), 0.0030618 secs] 464176K->54704K(1484800K), 0.0031471 secs] [Times: user=0.01 sys=0.00, real=0.01 secs] 
2019-10-10T12:35:14.967+0000: 472.403: [GC (Allocation Failure) 2019-10-10T12:35:14.968+0000: 472.404: [DefNew: 409820K->146K(460800K), 0.0032015 secs] 464304K->54631K(1484800K), 0.0043897 secs] [Times: user=0.00 sys=0.00, real=0.00 secs] 
2019-10-10T12:35:20.304+0000: 477.741: [GC (Allocation Failure) 2019-10-10T12:35:20.306+0000: 477.741: [DefNew: 409746K->174K(460800K), 0.0033302 secs] 464231K->54658K(1484800K), 0.0046814 secs] [Times: user=0.00 sys=0.00, real=0.01 secs] 
2019-10-10T12:35:25.808+0000: 483.244: [GC (Allocation Failure) 2019-10-10T12:35:25.808+0000: 483.244: [DefNew: 409774K->265K(460800K), 0.0033408 secs] 464258K->54750K(1484800K), 0.0034406 secs] [Times: user=0.00 sys=0.00, real=0.00 secs] 
2019-10-10T12:35:31.207+0000: 488.644: [GC (Allocation Failure) 2019-10-10T12:35:31.209+0000: 488.644: [DefNew: 409865K->157K(460800K), 0.0032246 secs] 464350K->54641K(1484800K), 0.0050261 secs] [Times: user=0.01 sys=0.00, real=0.00 secs] 
2019-10-10T12:35:36.503+0000: 493.939: [GC (Allocation Failure) 2019-10-10T12:35:36.504+0000: 493.939: [DefNew: 409757K->153K(460800K), 0.0032539 secs] 464241K->54637K(1484800K), 0.0045502 secs] [Times: user=0.00 sys=0.00, real=0.01 secs] 
2019-10-10T12:35:41.760+0000: 499.197: [GC (Allocation Failure) 2019-10-10T12:35:41.761+0000: 499.197: [DefNew: 409753K->157K(460800K), 0.0032093 secs] 464237K->54641K(1484800K), 0.0047657 secs] [Times: user=0.00 sys=0.00, real=0.00 secs] 
2019-10-10T12:35:47.218+0000: 504.655: [GC (Allocation Failure) 2019-10-10T12:35:47.219+0000: 504.655: [DefNew: 409757K->157K(460800K), 0.0033069 secs] 464241K->54642K(1484800K), 0.0046630 secs] [Times: user=0.00 sys=0.00, real=0.00 secs] 
2019-10-10T12:35:52.907+0000: 510.342: [GC (Allocation Failure) 2019-10-10T12:35:52.907+0000: 510.342: [DefNew: 409757K->287K(460800K), 0.0034235 secs] 464242K->54777K(1484800K), 0.0035153 secs] [Times: user=0.01 sys=0.00, real=0.00 secs] 
2019-10-10T12:35:58.435+0000: 515.872: [GC (Allocation Failure) 2019-10-10T12:35:58.437+0000: 515.872: [DefNew: 409887K->145K(460800K), 0.0031864 secs] 464377K->54635K(1484800K), 0.0045896 secs] [Times: user=0.01 sys=0.00, real=0.01 secs] 
2019-10-10T12:36:03.913+0000: 521.349: [GC (Allocation Failure) 2019-10-10T12:36:03.913+0000: 521.349: [DefNew: 409745K->167K(460800K), 0.0030826 secs] 464235K->54657K(1484800K), 0.0031822 secs] [Times: user=0.00 sys=0.00, real=0.00 secs] 
2019-10-10T12:36:09.167+0000: 526.604: [GC (Allocation Failure) 2019-10-10T12:36:09.169+0000: 526.604: [DefNew: 409767K->171K(460800K), 0.0032284 secs] 464257K->54662K(1484800K), 0.0044530 secs] [Times: user=0.00 sys=0.00, real=0.00 secs] 
2019-10-10T12:36:14.471+0000: 531.907: [GC (Allocation Failure) 2019-10-10T12:36:14.471+0000: 531.907: [DefNew: 409771K->245K(460800K), 0.0034137 secs] 464262K->54736K(1484800K), 0.0034983 secs] [Times: user=0.01 sys=0.00, real=0.00 secs] 
2019-10-10T12:36:19.688+0000: 537.125: [GC (Allocation Failure) 2019-10-10T12:36:19.690+0000: 537.125: [DefNew: 409845K->221K(460800K), 0.0034107 secs] 464336K->54712K(1484800K), 0.0047905 secs] [Times: user=0.01 sys=0.00, real=0.00 secs] 
2019-10-10T12:36:24.982+0000: 542.419: [GC (Allocation Failure) 2019-10-10T12:36:24.983+0000: 542.419: [DefNew: 409821K->145K(460800K), 0.0030536 secs] 464312K->54636K(1484800K), 0.0043187 secs] [Times: user=0.01 sys=0.00, real=0.01 secs] 
2019-10-10T12:36:30.448+0000: 547.885: [GC (Allocation Failure) 2019-10-10T12:36:30.449+0000: 547.885: [DefNew: 409745K->94K(460800K), 0.0033618 secs] 464236K->54641K(1484800K), 0.0045448 secs] [Times: user=0.00 sys=0.00, real=0.00 secs] 
2019-10-10T12:36:35.956+0000: 553.391: [GC (Allocation Failure) 2019-10-10T12:36:35.956+0000: 553.391: [DefNew: 409694K->99K(460800K), 0.0028646 secs] 464241K->54646K(1484800K), 0.0029568 secs] [Times: user=0.00 sys=0.00, real=0.01 secs] 
2019-10-10T12:36:41.255+0000: 558.692: [GC (Allocation Failure) 2019-10-10T12:36:41.257+0000: 558.692: [DefNew: 409699K->160K(460800K), 0.0030510 secs] 464246K->54707K(1484800K), 0.0044260 secs] [Times: user=0.00 sys=0.00, real=0.01 secs] 
2019-10-10T12:36:46.719+0000: 564.155: [GC (Allocation Failure) 2019-10-10T12:36:46.720+0000: 564.155: [DefNew: 409760K->89K(460800K), 0.0026627 secs] 464307K->54641K(1484800K), 0.0027523 secs] [Times: user=0.00 sys=0.00, real=0.00 secs] 
2019-10-10T12:36:52.114+0000: 569.551: [GC (Allocation Failure) 2019-10-10T12:36:52.116+0000: 569.551: [DefNew: 409689K->251K(460800K), 0.0034239 secs] 464241K->54803K(1484800K), 0.0049805 secs] [Times: user=0.00 sys=0.00, real=0.01 secs] 
2019-10-10T12:36:57.454+0000: 574.891: [GC (Allocation Failure) 2019-10-10T12:36:57.456+0000: 574.891: [DefNew: 409851K->88K(460800K), 0.0030098 secs] 464403K->54641K(1484800K), 0.0047311 secs] [Times: user=0.01 sys=0.00, real=0.01 secs] 
2019-10-10T12:37:02.678+0000: 580.114: [GC (Allocation Failure) 2019-10-10T12:37:02.678+0000: 580.114: [DefNew: 409688K->195K(460800K), 0.0029745 secs] 464241K->54748K(1484800K), 0.0030647 secs] [Times: user=0.01 sys=0.00, real=0.00 secs] 
2019-10-10T12:37:07.797+0000: 585.234: [GC (Allocation Failure) 2019-10-10T12:37:07.799+0000: 585.234: [DefNew: 409795K->90K(460800K), 0.0027633 secs] 464348K->54643K(1484800K), 0.0040090 secs] [Times: user=0.01 sys=0.00, real=0.01 secs] 
2019-10-10T12:37:13.006+0000: 590.443: [GC (Allocation Failure) 2019-10-10T12:37:13.007+0000: 590.443: [DefNew: 409690K->152K(460800K), 0.0031216 secs] 464243K->54705K(1484800K), 0.0045380 secs] [Times: user=0.01 sys=0.00, real=0.00 secs] 
2019-10-10T12:37:18.205+0000: 595.642: [GC (Allocation Failure) 2019-10-10T12:37:18.207+0000: 595.642: [DefNew: 409752K->95K(460800K), 0.0027459 secs] 464305K->54648K(1484800K), 0.0040115 secs] [Times: user=0.00 sys=0.00, real=0.01 secs] 
2019-10-10T12:37:23.456+0000: 600.893: [GC (Allocation Failure) 2019-10-10T12:37:23.458+0000: 600.893: [DefNew: 409695K->212K(460800K), 0.0030312 secs] 464248K->54765K(1484800K), 0.0044248 secs] [Times: user=0.01 sys=0.00, real=0.01 secs] 
2019-10-10T12:37:29.126+0000: 606.562: [GC (Allocation Failure) 2019-10-10T12:37:29.127+0000: 606.562: [DefNew: 409812K->93K(460800K), 0.0026414 secs] 464365K->54646K(1484800K), 0.0027556 secs] [Times: user=0.00 sys=0.00, real=0.00 secs] 
2019-10-10T12:37:34.414+0000: 611.851: [GC (Allocation Failure) 2019-10-10T12:37:34.415+0000: 611.851: [DefNew: 409693K->100K(460800K), 0.0029472 secs] 464246K->54652K(1484800K), 0.0040979 secs] [Times: user=0.00 sys=0.00, real=0.01 secs] 
2019-10-10T12:37:39.768+0000: 617.204: [GC (Allocation Failure) 2019-10-10T12:37:39.768+0000: 617.204: [DefNew: 409700K->96K(460800K), 0.0028064 secs] 464252K->54649K(1484800K), 0.0029009 secs] [Times: user=0.00 sys=0.00, real=0.00 secs] 
2019-10-10T12:37:45.091+0000: 622.528: [GC (Allocation Failure) 2019-10-10T12:37:45.092+0000: 622.528: [DefNew: 409696K->95K(460800K), 0.0031347 secs] 464249K->54648K(1484800K), 0.0046932 secs] [Times: user=0.01 sys=0.00, real=0.00 secs] 
2019-10-10T12:37:50.515+0000: 627.952: [GC (Allocation Failure) 2019-10-10T12:37:50.516+0000: 627.952: [DefNew: 409695K->99K(460800K), 0.0028979 secs] 464248K->54658K(1484800K), 0.0042153 secs] [Times: user=0.00 sys=0.00, real=0.01 secs] 
2019-10-10T12:37:55.840+0000: 633.278: [GC (Allocation Failure) 2019-10-10T12:37:55.842+0000: 633.278: [DefNew: 409699K->233K(460800K), 0.0032996 secs] 464258K->54792K(1484800K), 0.0051076 secs] [Times: user=0.00 sys=0.00, real=0.01 secs] 
2019-10-10T12:38:01.213+0000: 638.650: [GC (Allocation Failure) 2019-10-10T12:38:01.214+0000: 638.650: [DefNew: 409833K->123K(460800K), 0.0029289 secs] 464392K->54681K(1484800K), 0.0039161 secs] [Times: user=0.00 sys=0.01, real=0.00 secs] 
2019-10-10T12:38:06.364+0000: 643.801: [GC (Allocation Failure) 2019-10-10T12:38:06.365+0000: 643.801: [DefNew: 409723K->93K(460800K), 0.0029085 secs] 464281K->54652K(1484800K), 0.0044975 secs] [Times: user=0.01 sys=0.00, real=0.01 secs] 
2019-10-10T12:38:11.606+0000: 649.041: [GC (Allocation Failure) 2019-10-10T12:38:11.606+0000: 649.041: [DefNew: 409693K->162K(460800K), 0.0029347 secs] 464252K->54720K(1484800K), 0.0030172 secs] [Times: user=0.00 sys=0.00, real=0.00 secs] 
2019-10-10T12:38:16.957+0000: 654.393: [GC (Allocation Failure) 2019-10-10T12:38:16.957+0000: 654.393: [DefNew: 409762K->153K(460800K), 0.0029913 secs] 464320K->54711K(1484800K), 0.0030738 secs] [Times: user=0.00 sys=0.00, real=0.01 secs] 
2019-10-10T12:38:22.187+0000: 659.624: [GC (Allocation Failure) 2019-10-10T12:38:22.188+0000: 659.624: [DefNew: 409753K->313K(460800K), 0.0034028 secs] 464311K->54872K(1484800K), 0.0048144 secs] [Times: user=0.00 sys=0.00, real=0.00 secs] 
2019-10-10T12:38:27.687+0000: 665.123: [GC (Allocation Failure) 2019-10-10T12:38:27.687+0000: 665.123: [DefNew: 409913K->100K(460800K), 0.0029082 secs] 464472K->54659K(1484800K), 0.0030017 secs] [Times: user=0.00 sys=0.00, real=0.00 secs] 
2019-10-10T12:38:33.177+0000: 670.614: [GC (Allocation Failure) 2019-10-10T12:38:33.178+0000: 670.614: [DefNew: 409700K->129K(460800K), 0.0031408 secs] 464259K->54688K(1484800K), 0.0045444 secs] [Times: user=0.00 sys=0.00, real=0.01 secs] 
2019-10-10T12:38:38.514+0000: 675.951: [GC (Allocation Failure) 2019-10-10T12:38:38.516+0000: 675.952: [DefNew: 409729K->97K(460800K), 0.0030088 secs] 464288K->54656K(1484800K), 0.0044795 secs] [Times: user=0.01 sys=0.00, real=0.01 secs] 
2019-10-10T12:38:43.781+0000: 681.218: [GC (Allocation Failure) 2019-10-10T12:38:43.783+0000: 681.219: [DefNew: 409697K->121K(460800K), 0.0031233 secs] 464256K->54680K(1484800K), 0.0045156 secs] [Times: user=0.01 sys=0.00, real=0.01 secs] 
2019-10-10T12:38:49.220+0000: 686.656: [GC (Allocation Failure) 2019-10-10T12:38:49.220+0000: 686.656: [DefNew: 409721K->170K(460800K), 0.0031173 secs] 464280K->54734K(1484800K), 0.0032020 secs] [Times: user=0.00 sys=0.00, real=0.00 secs] 
2019-10-10T12:38:54.622+0000: 692.059: [GC (Allocation Failure) 2019-10-10T12:38:54.624+0000: 692.059: [DefNew: 409770K->254K(460800K), 0.0033322 secs] 464334K->54819K(1484800K), 0.0046004 secs] [Times: user=0.00 sys=0.00, real=0.01 secs] 
2019-10-10T12:38:59.909+0000: 697.347: [GC (Allocation Failure) 2019-10-10T12:38:59.911+0000: 697.347: [DefNew: 409854K->243K(460800K), 0.0032339 secs] 464419K->54808K(1484800K), 0.0047304 secs] [Times: user=0.00 sys=0.00, real=0.00 secs] 
2019-10-10T12:39:05.300+0000: 702.737: [GC (Allocation Failure) 2019-10-10T12:39:05.301+0000: 702.737: [DefNew: 409843K->222K(460800K), 0.0033274 secs] 464408K->54787K(1484800K), 0.0046880 secs] [Times: user=0.01 sys=0.00, real=0.00 secs] 
2019-10-10T12:39:10.564+0000: 708.000: [GC (Allocation Failure) 2019-10-10T12:39:10.564+0000: 708.000: [DefNew: 409822K->112K(460800K), 0.0029193 secs] 464387K->54677K(1484800K), 0.0030104 secs] [Times: user=0.00 sys=0.00, real=0.01 secs] 
2019-10-10T12:39:15.849+0000: 713.286: [GC (Allocation Failure) 2019-10-10T12:39:15.850+0000: 713.286: [DefNew: 409712K->90K(460800K), 0.0029406 secs] 464277K->54655K(1484800K), 0.0045135 secs] [Times: user=0.01 sys=0.00, real=0.00 secs] 
2019-10-10T12:39:21.103+0000: 718.540: [GC (Allocation Failure) 2019-10-10T12:39:21.104+0000: 718.540: [DefNew: 409690K->91K(460800K), 0.0029877 secs] 464255K->54656K(1484800K), 0.0039772 secs] [Times: user=0.01 sys=0.00, real=0.01 secs] 
2019-10-10T12:39:26.427+0000: 723.864: [GC (Allocation Failure) 2019-10-10T12:39:26.428+0000: 723.864: [DefNew: 409691K->147K(460800K), 0.0032718 secs] 464256K->54712K(1484800K), 0.0049817 secs] [Times: user=0.01 sys=0.00, real=0.00 secs] 
2019-10-10T12:39:31.828+0000: 729.263: [GC (Allocation Failure) 2019-10-10T12:39:31.828+0000: 729.263: [DefNew: 409747K->141K(460800K), 0.0029958 secs] 464312K->54706K(1484800K), 0.0030963 secs] [Times: user=0.01 sys=0.00, real=0.00 secs] 
2019-10-10T12:39:37.085+0000: 734.522: [GC (Allocation Failure) 2019-10-10T12:39:37.086+0000: 734.522: [DefNew: 409741K->96K(460800K), 0.0029600 secs] 464306K->54661K(1484800K), 0.0042528 secs] [Times: user=0.01 sys=0.00, real=0.01 secs] 
2019-10-10T12:39:42.296+0000: 739.733: [GC (Allocation Failure) 2019-10-10T12:39:42.297+0000: 739.733: [DefNew: 409696K->98K(460800K), 0.0028934 secs] 464261K->54662K(1484800K), 0.0044173 secs] [Times: user=0.00 sys=0.00, real=0.01 secs] 
2019-10-10T12:39:47.680+0000: 745.115: [GC (Allocation Failure) 2019-10-10T12:39:47.680+0000: 745.115: [DefNew: 409698K->90K(460800K), 0.0029865 secs] 464262K->54662K(1484800K), 0.0030722 secs] [Times: user=0.00 sys=0.00, real=0.00 secs] 
2019-10-10T12:39:52.948+0000: 750.385: [GC (Allocation Failure) 2019-10-10T12:39:52.950+0000: 750.386: [DefNew: 409690K->129K(460800K), 0.0029687 secs] 464262K->54701K(1484800K), 0.0044545 secs] [Times: user=0.00 sys=0.00, real=0.00 secs] 
2019-10-10T12:39:58.215+0000: 755.652: [GC (Allocation Failure) 2019-10-10T12:39:58.216+0000: 755.652: [DefNew: 409729K->91K(460800K), 0.0030277 secs] 464301K->54663K(1484800K), 0.0041255 secs] [Times: user=0.01 sys=0.00, real=0.01 secs] 
2019-10-10T12:40:03.588+0000: 761.023: [GC (Allocation Failure) 2019-10-10T12:40:03.588+0000: 761.024: [DefNew: 409691K->90K(460800K), 0.0028423 secs] 464263K->54662K(1484800K), 0.0029392 secs] [Times: user=0.01 sys=0.00, real=0.00 secs] 
2019-10-10T12:40:08.932+0000: 766.367: [GC (Allocation Failure) 2019-10-10T12:40:08.932+0000: 766.367: [DefNew: 409690K->219K(460800K), 0.0030472 secs] 464262K->54791K(1484800K), 0.0031384 secs] [Times: user=0.00 sys=0.00, real=0.00 secs] 
2019-10-10T12:40:14.206+0000: 771.643: [GC (Allocation Failure) 2019-10-10T12:40:14.207+0000: 771.643: [DefNew: 409819K->192K(460800K), 0.0031476 secs] 464391K->54764K(1484800K), 0.0045559 secs] [Times: user=0.00 sys=0.00, real=0.00 secs] 
2019-10-10T12:40:19.524+0000: 776.960: [GC (Allocation Failure) 2019-10-10T12:40:19.524+0000: 776.960: [DefNew: 409792K->95K(460800K), 0.0027782 secs] 464364K->54667K(1484800K), 0.0028660 secs] [Times: user=0.01 sys=0.00, real=0.01 secs] 
2019-10-10T12:40:24.884+0000: 782.321: [GC (Allocation Failure) 2019-10-10T12:40:24.885+0000: 782.321: [DefNew: 409695K->191K(460800K), 0.0032483 secs] 464267K->54763K(1484800K), 0.0045088 secs] [Times: user=0.01 sys=0.00, real=0.01 secs] 
2019-10-10T12:40:30.392+0000: 787.829: [GC (Allocation Failure) 2019-10-10T12:40:30.393+0000: 787.829: [DefNew: 409791K->163K(460800K), 0.0033640 secs] 464363K->54735K(1484800K), 0.0044923 secs] [Times: user=0.00 sys=0.00, real=0.00 secs] 
2019-10-10T12:40:35.719+0000: 793.155: [GC (Allocation Failure) 2019-10-10T12:40:35.720+0000: 793.155: [DefNew: 409763K->164K(460800K), 0.0031204 secs] 464335K->54736K(1484800K), 0.0032037 secs] [Times: user=0.00 sys=0.00, real=0.00 secs] 
2019-10-10T12:40:40.955+0000: 798.392: [GC (Allocation Failure) 2019-10-10T12:40:40.956+0000: 798.392: [DefNew: 409764K->97K(460800K), 0.0031109 secs] 464336K->54669K(1484800K), 0.0043573 secs] [Times: user=0.01 sys=0.00, real=0.01 secs] 
2019-10-10T12:40:46.287+0000: 803.724: [GC (Allocation Failure) 2019-10-10T12:40:46.289+0000: 803.724: [DefNew: 409697K->149K(460800K), 0.0031454 secs] 464269K->54727K(1484800K), 0.0045730 secs] [Times: user=0.00 sys=0.00, real=0.00 secs] 
2019-10-10T12:40:51.462+0000: 808.899: [GC (Allocation Failure) 2019-10-10T12:40:51.463+0000: 808.899: [DefNew: 409749K->90K(460800K), 0.0029196 secs] 464327K->54669K(1484800K), 0.0043184 secs] [Times: user=0.00 sys=0.00, real=0.01 secs] 
2019-10-10T12:40:56.753+0000: 814.188: [GC (Allocation Failure) 2019-10-10T12:40:56.753+0000: 814.188: [DefNew: 409690K->101K(460800K), 0.0028057 secs] 464269K->54680K(1484800K), 0.0029236 secs] [Times: user=0.01 sys=0.00, real=0.00 secs] 
2019-10-10T12:41:01.959+0000: 819.395: [GC (Allocation Failure) 2019-10-10T12:41:01.959+0000: 819.395: [DefNew: 409701K->142K(460800K), 0.0028219 secs] 464280K->54721K(1484800K), 0.0028972 secs] [Times: user=0.01 sys=0.00, real=0.00 secs] 
2019-10-10T12:41:07.160+0000: 824.597: [GC (Allocation Failure) 2019-10-10T12:41:07.161+0000: 824.597: [DefNew: 409742K->93K(460800K), 0.0032302 secs] 464321K->54672K(1484800K), 0.0048010 secs] [Times: user=0.00 sys=0.00, real=0.00 secs] 
2019-10-10T12:41:12.428+0000: 829.865: [GC (Allocation Failure) 2019-10-10T12:41:12.429+0000: 829.865: [DefNew: 409693K->113K(460800K), 0.0031052 secs] 464272K->54692K(1484800K), 0.0044319 secs] [Times: user=0.00 sys=0.00, real=0.00 secs] 
2019-10-10T12:41:17.614+0000: 835.049: [GC (Allocation Failure) 2019-10-10T12:41:17.614+0000: 835.050: [DefNew: 409713K->195K(460800K), 0.0029584 secs] 464292K->54774K(1484800K), 0.0030468 secs] [Times: user=0.00 sys=0.00, real=0.00 secs] 
2019-10-10T12:41:22.980+0000: 840.417: [GC (Allocation Failure) 2019-10-10T12:41:22.981+0000: 840.417: [DefNew: 409795K->167K(460800K), 0.0031855 secs] 464374K->54746K(1484800K), 0.0045978 secs] [Times: user=0.01 sys=0.00, real=0.00 secs] 
2019-10-10T12:41:28.383+0000: 845.820: [GC (Allocation Failure) 2019-10-10T12:41:28.384+0000: 845.820: [DefNew: 409767K->98K(460800K), 0.0029735 secs] 464346K->54678K(1484800K), 0.0043598 secs] [Times: user=0.01 sys=0.00, real=0.01 secs] 
2019-10-10T12:41:33.666+0000: 851.102: [GC (Allocation Failure) 2019-10-10T12:41:33.666+0000: 851.102: [DefNew: 409698K->99K(460800K), 0.0026473 secs] 464278K->54679K(1484800K), 0.0027379 secs] [Times: user=0.01 sys=0.00, real=0.00 secs] 
2019-10-10T12:41:38.888+0000: 856.325: [GC (Allocation Failure) 2019-10-10T12:41:38.889+0000: 856.325: [DefNew: 409699K->161K(460800K), 0.0031548 secs] 464279K->54740K(1484800K), 0.0043110 secs] [Times: user=0.00 sys=0.00, real=0.00 secs] 
2019-10-10T12:41:44.386+0000: 861.823: [GC (Allocation Failure) 2019-10-10T12:41:44.387+0000: 861.823: [DefNew: 409761K->332K(460800K), 0.0036622 secs] 464340K->54912K(1484800K), 0.0049142 secs] [Times: user=0.01 sys=0.00, real=0.00 secs] 
2019-10-10T12:41:49.717+0000: 867.153: [GC (Allocation Failure) 2019-10-10T12:41:49.717+0000: 867.153: [DefNew: 409932K->149K(460800K), 0.0028719 secs] 464512K->54734K(1484800K), 0.0029704 secs] [Times: user=0.00 sys=0.00, real=0.01 secs] 
2019-10-10T12:41:54.997+0000: 872.433: [GC (Allocation Failure) 2019-10-10T12:41:54.998+0000: 872.433: [DefNew: 409749K->191K(460800K), 0.0031981 secs] 464334K->54776K(1484800K), 0.0044780 secs] [Times: user=0.01 sys=0.00, real=0.01 secs] 
2019-10-10T12:42:00.495+0000: 877.931: [GC (Allocation Failure) 2019-10-10T12:42:00.496+0000: 877.931: [DefNew: 409791K->114K(460800K), 0.0030307 secs] 464376K->54699K(1484800K), 0.0042237 secs] [Times: user=0.01 sys=0.00, real=0.01 secs] 
2019-10-10T12:42:05.881+0000: 883.319: [GC (Allocation Failure) 2019-10-10T12:42:05.883+0000: 883.319: [DefNew: 409714K->92K(460800K), 0.0031390 secs] 464299K->54678K(1484800K), 0.0053080 secs] [Times: user=0.00 sys=0.00, real=0.01 secs] 
2019-10-10T12:42:11.216+0000: 888.651: [GC (Allocation Failure) 2019-10-10T12:42:11.216+0000: 888.651: [DefNew: 409692K->137K(460800K), 0.0028675 secs] 464278K->54723K(1484800K), 0.0029616 secs] [Times: user=0.00 sys=0.00, real=0.01 secs] 
2019-10-10T12:42:16.556+0000: 893.993: [GC (Allocation Failure) 2019-10-10T12:42:16.558+0000: 893.993: [DefNew: 409737K->97K(460800K), 0.0029390 secs] 464323K->54682K(1484800K), 0.0045989 secs] [Times: user=0.01 sys=0.00, real=0.01 secs] 
2019-10-10T12:42:21.856+0000: 899.293: [GC (Allocation Failure) 2019-10-10T12:42:21.858+0000: 899.293: [DefNew: 409697K->179K(460800K), 0.0029654 secs] 464282K->54765K(1484800K), 0.0040666 secs] [Times: user=0.00 sys=0.00, real=0.01 secs] 
2019-10-10T12:42:27.207+0000: 904.644: [GC (Allocation Failure) 2019-10-10T12:42:27.209+0000: 904.644: [DefNew: 409779K->129K(460800K), 0.0030985 secs] 464365K->54714K(1484800K), 0.0045809 secs] [Times: user=0.00 sys=0.00, real=0.00 secs] 
2019-10-10T12:42:32.382+0000: 909.819: [GC (Allocation Failure) 2019-10-10T12:42:32.384+0000: 909.819: [DefNew: 409729K->350K(460800K), 0.0034815 secs] 464314K->54935K(1484800K), 0.0050241 secs] [Times: user=0.00 sys=0.00, real=0.01 secs] 
2019-10-10T12:42:37.571+0000: 915.008: [GC (Allocation Failure) 2019-10-10T12:42:37.572+0000: 915.008: [DefNew: 409950K->103K(460800K), 0.0029483 secs] 464535K->54688K(1484800K), 0.0042881 secs] [Times: user=0.00 sys=0.00, real=0.00 secs] 
2019-10-10T12:42:42.890+0000: 920.327: [GC (Allocation Failure) 2019-10-10T12:42:42.891+0000: 920.327: [DefNew: 409703K->209K(460800K), 0.0032967 secs] 464288K->54795K(1484800K), 0.0046966 secs] [Times: user=0.00 sys=0.00, real=0.00 secs] 
2019-10-10T12:42:48.132+0000: 925.569: [GC (Allocation Failure) 2019-10-10T12:42:48.134+0000: 925.569: [DefNew: 409809K->98K(460800K), 0.0028743 secs] 464395K->54692K(1484800K), 0.0043697 secs] [Times: user=0.00 sys=0.00, real=0.00 secs] 
2019-10-10T12:42:53.452+0000: 930.888: [GC (Allocation Failure) 2019-10-10T12:42:53.452+0000: 930.888: [DefNew: 409698K->89K(460800K), 0.0026649 secs] 464292K->54683K(1484800K), 0.0027506 secs] [Times: user=0.00 sys=0.00, real=0.00 secs] 
2019-10-10T12:42:58.756+0000: 936.191: [GC (Allocation Failure) 2019-10-10T12:42:58.756+0000: 936.191: [DefNew: 409689K->90K(460800K), 0.0027750 secs] 464283K->54684K(1484800K), 0.0028738 secs] [Times: user=0.00 sys=0.00, real=0.01 secs] 
2019-10-10T12:43:04.107+0000: 941.544: [GC (Allocation Failure) 2019-10-10T12:43:04.108+0000: 941.544: [DefNew: 409690K->90K(460800K), 0.0029602 secs] 464284K->54685K(1484800K), 0.0043338 secs] [Times: user=0.01 sys=0.00, real=0.00 secs] 
2019-10-10T12:43:09.468+0000: 946.905: [GC (Allocation Failure) 2019-10-10T12:43:09.470+0000: 946.905: [DefNew: 409690K->164K(460800K), 0.0031283 secs] 464285K->54759K(1484800K), 0.0046421 secs] [Times: user=0.00 sys=0.00, real=0.00 secs] 
2019-10-10T12:43:14.767+0000: 952.204: [GC (Allocation Failure) 2019-10-10T12:43:14.769+0000: 952.205: [DefNew: 409764K->90K(460800K), 0.0029757 secs] 464359K->54685K(1484800K), 0.0045015 secs] [Times: user=0.00 sys=0.00, real=0.00 secs] 
2019-10-10T12:43:19.960+0000: 957.397: [GC (Allocation Failure) 2019-10-10T12:43:19.961+0000: 957.397: [DefNew: 409690K->112K(460800K), 0.0030597 secs] 464285K->54707K(1484800K), 0.0047509 secs] [Times: user=0.01 sys=0.00, real=0.00 secs] 
2019-10-10T12:43:25.581+0000: 963.017: [GC (Allocation Failure) 2019-10-10T12:43:25.581+0000: 963.017: [DefNew: 409712K->166K(460800K), 0.0028381 secs] 464307K->54760K(1484800K), 0.0029131 secs] [Times: user=0.00 sys=0.00, real=0.00 secs] 
2019-10-10T12:43:31.027+0000: 968.464: [GC (Allocation Failure) 2019-10-10T12:43:31.028+0000: 968.464: [DefNew: 409766K->95K(460800K), 0.0028895 secs] 464360K->54690K(1484800K), 0.0043813 secs] [Times: user=0.00 sys=0.00, real=0.00 secs] 
2019-10-10T12:43:36.213+0000: 973.650: [GC (Allocation Failure) 2019-10-10T12:43:36.215+0000: 973.650: [DefNew: 409695K->116K(460800K), 0.0028380 secs] 464290K->54710K(1484800K), 0.0043124 secs] [Times: user=0.00 sys=0.00, real=0.01 secs] 
2019-10-10T12:43:41.465+0000: 978.902: [GC (Allocation Failure) 2019-10-10T12:43:41.466+0000: 978.902: [DefNew: 409716K->230K(460800K), 0.0032697 secs] 464310K->54825K(1484800K), 0.0046046 secs] [Times: user=0.01 sys=0.00, real=0.01 secs] 
2019-10-10T12:43:46.642+0000: 984.077: [GC (Allocation Failure) 2019-10-10T12:43:46.642+0000: 984.077: [DefNew: 409830K->91K(460800K), 0.0027761 secs] 464425K->54692K(1484800K), 0.0028676 secs] [Times: user=0.00 sys=0.00, real=0.00 secs] 
2019-10-10T12:43:52.011+0000: 989.448: [GC (Allocation Failure) 2019-10-10T12:43:52.013+0000: 989.448: [DefNew: 409691K->104K(460800K), 0.0031480 secs] 464292K->54704K(1484800K), 0.0047036 secs] [Times: user=0.00 sys=0.00, real=0.00 secs] 
2019-10-10T12:43:57.394+0000: 994.832: [GC (Allocation Failure) 2019-10-10T12:43:57.396+0000: 994.832: [DefNew: 409704K->107K(460800K), 0.0030751 secs] 464304K->54707K(1484800K), 0.0045519 secs] [Times: user=0.00 sys=0.00, real=0.01 secs] 
2019-10-10T12:44:02.652+0000: 1000.088: [GC (Allocation Failure) 2019-10-10T12:44:02.652+0000: 1000.088: [DefNew: 409707K->125K(460800K), 0.0029585 secs] 464307K->54726K(1484800K), 0.0030685 secs] [Times: user=0.00 sys=0.00, real=0.00 secs] 
2019-10-10T12:44:07.979+0000: 1005.416: [GC (Allocation Failure) 2019-10-10T12:44:07.981+0000: 1005.417: [DefNew: 409725K->140K(460800K), 0.0030276 secs] 464326K->54741K(1484800K), 0.0045476 secs] [Times: user=0.00 sys=0.00, real=0.00 secs] 
2019-10-10T12:44:13.500+0000: 1010.937: [GC (Allocation Failure) 2019-10-10T12:44:13.502+0000: 1010.937: [DefNew: 409740K->156K(460800K), 0.0030016 secs] 464341K->54757K(1484800K), 0.0045376 secs] [Times: user=0.00 sys=0.00, real=0.00 secs] 
2019-10-10T12:44:18.852+0000: 1016.289: [GC (Allocation Failure) 2019-10-10T12:44:18.853+0000: 1016.289: [DefNew: 409756K->124K(460800K), 0.0031123 secs] 464357K->54725K(1484800K), 0.0045772 secs] [Times: user=0.00 sys=0.00, real=0.00 secs] 
12:44:21.761 [Client] INFO  c.s.f.r.e.s.SocketRear  - FlameSocketGraphDeployerRear@flamestream-benchmarks-worker-6: has been disconnected from Connection 8
12:44:21.770 [Client] INFO  c.s.f.r.e.s.SocketFront  - FlameSocketGraphDeployerFront@flamestream-benchmarks-worker-6 has been disconnected from Connection 8
12:44:21.782 [worker-akka.actor.default-dispatcher-10] WARN  c.s.f.r.e.s.SocketRear  - FlameSocketGraphDeployerRear@flamestream-benchmarks-worker-6: writing to closed log
12:44:21.784 [worker-akka.actor.default-dispatcher-10] WARN  c.s.f.r.e.s.SocketRear  - FlameSocketGraphDeployerRear@flamestream-benchmarks-worker-6: writing to closed log
12:44:21.795 [worker-akka.actor.default-dispatcher-10] WARN  c.s.f.r.e.s.SocketRear  - FlameSocketGraphDeployerRear@flamestream-benchmarks-worker-6: writing to closed log
12:44:21.795 [worker-akka.actor.default-dispatcher-10] WARN  c.s.f.r.e.s.SocketRear  - FlameSocketGraphDeployerRear@flamestream-benchmarks-worker-6: writing to closed log
12:44:21.832 [worker-akka.actor.default-dispatcher-10] WARN  c.s.f.r.e.s.SocketRear  - FlameSocketGraphDeployerRear@flamestream-benchmarks-worker-6: writing to closed log
12:44:21.852 [worker-akka.actor.default-dispatcher-10] WARN  c.s.f.r.e.s.SocketRear  - FlameSocketGraphDeployerRear@flamestream-benchmarks-worker-6: writing to closed log
12:44:21.884 [worker-akka.actor.default-dispatcher-10] WARN  c.s.f.r.e.s.SocketRear  - FlameSocketGraphDeployerRear@flamestream-benchmarks-worker-6: writing to closed log
12:44:21.920 [worker-akka.actor.default-dispatcher-10] WARN  c.s.f.r.e.s.SocketRear  - FlameSocketGraphDeployerRear@flamestream-benchmarks-worker-6: writing to closed log
12:44:21.928 [worker-akka.actor.default-dispatcher-10] WARN  c.s.f.r.e.s.SocketRear  - FlameSocketGraphDeployerRear@flamestream-benchmarks-worker-6: writing to closed log
12:44:21.990 [worker-akka.actor.default-dispatcher-10] WARN  c.s.f.r.e.s.SocketRear  - FlameSocketGraphDeployerRear@flamestream-benchmarks-worker-6: writing to closed log
12:44:22.000 [worker-akka.actor.default-dispatcher-10] WARN  c.s.f.r.e.s.SocketRear  - FlameSocketGraphDeployerRear@flamestream-benchmarks-worker-6: writing to closed log
12:44:22.006 [worker-akka.actor.default-dispatcher-10] WARN  c.s.f.r.e.s.SocketRear  - FlameSocketGraphDeployerRear@flamestream-benchmarks-worker-6: writing to closed log
12:44:22.007 [worker-akka.actor.default-dispatcher-10] WARN  c.s.f.r.e.s.SocketRear  - FlameSocketGraphDeployerRear@flamestream-benchmarks-worker-6: writing to closed log
12:44:22.062 [worker-akka.actor.default-dispatcher-10] WARN  c.s.f.r.e.s.SocketRear  - FlameSocketGraphDeployerRear@flamestream-benchmarks-worker-6: writing to closed log
12:44:22.063 [worker-akka.actor.default-dispatcher-10] WARN  c.s.f.r.e.s.SocketRear  - FlameSocketGraphDeployerRear@flamestream-benchmarks-worker-6: writing to closed log
12:44:22.065 [worker-akka.actor.default-dispatcher-10] WARN  c.s.f.r.e.s.SocketRear  - FlameSocketGraphDeployerRear@flamestream-benchmarks-worker-6: writing to closed log
12:44:22.104 [worker-akka.actor.default-dispatcher-10] WARN  c.s.f.r.e.s.SocketRear  - FlameSocketGraphDeployerRear@flamestream-benchmarks-worker-6: writing to closed log
12:44:22.136 [worker-akka.actor.default-dispatcher-10] WARN  c.s.f.r.e.s.SocketRear  - FlameSocketGraphDeployerRear@flamestream-benchmarks-worker-6: writing to closed log
12:44:22.138 [worker-akka.actor.default-dispatcher-10] WARN  c.s.f.r.e.s.SocketRear  - FlameSocketGraphDeployerRear@flamestream-benchmarks-worker-6: writing to closed log
12:44:22.138 [worker-akka.actor.default-dispatcher-10] WARN  c.s.f.r.e.s.SocketRear  - FlameSocketGraphDeployerRear@flamestream-benchmarks-worker-6: writing to closed log
12:44:22.138 [worker-akka.actor.default-dispatcher-10] WARN  c.s.f.r.e.s.SocketRear  - FlameSocketGraphDeployerRear@flamestream-benchmarks-worker-6: writing to closed log
12:44:22.138 [worker-akka.actor.default-dispatcher-10] WARN  c.s.f.r.e.s.SocketRear  - FlameSocketGraphDeployerRear@flamestream-benchmarks-worker-6: writing to closed log
12:44:22.208 [worker-akka.actor.default-dispatcher-10] WARN  c.s.f.r.e.s.SocketRear  - FlameSocketGraphDeployerRear@flamestream-benchmarks-worker-6: writing to closed log
12:44:22.208 [worker-akka.actor.default-dispatcher-10] WARN  c.s.f.r.e.s.SocketRear  - FlameSocketGraphDeployerRear@flamestream-benchmarks-worker-6: writing to closed log
12:44:22.210 [worker-akka.actor.default-dispatcher-10] WARN  c.s.f.r.e.s.SocketRear  - FlameSocketGraphDeployerRear@flamestream-benchmarks-worker-6: writing to closed log
12:44:22.211 [worker-akka.actor.default-dispatcher-10] WARN  c.s.f.r.e.s.SocketRear  - FlameSocketGraphDeployerRear@flamestream-benchmarks-worker-6: writing to closed log
12:44:22.276 [worker-akka.actor.default-dispatcher-10] WARN  c.s.f.r.e.s.SocketRear  - FlameSocketGraphDeployerRear@flamestream-benchmarks-worker-6: writing to closed log
12:44:22.279 [worker-akka.actor.default-dispatcher-10] WARN  c.s.f.r.e.s.SocketRear  - FlameSocketGraphDeployerRear@flamestream-benchmarks-worker-6: writing to closed log
12:44:22.394 [worker-akka.actor.default-dispatcher-10] WARN  c.s.f.r.e.s.SocketRear  - FlameSocketGraphDeployerRear@flamestream-benchmarks-worker-6: writing to closed log
12:44:22.394 [worker-akka.actor.default-dispatcher-10] WARN  c.s.f.r.e.s.SocketRear  - FlameSocketGraphDeployerRear@flamestream-benchmarks-worker-6: writing to closed log
12:44:22.395 [worker-akka.actor.default-dispatcher-10] WARN  c.s.f.r.e.s.SocketRear  - FlameSocketGraphDeployerRear@flamestream-benchmarks-worker-6: writing to closed log
12:44:22.396 [worker-akka.actor.default-dispatcher-10] WARN  c.s.f.r.e.s.SocketRear  - FlameSocketGraphDeployerRear@flamestream-benchmarks-worker-6: writing to closed log
12:44:22.396 [worker-akka.actor.default-dispatcher-10] WARN  c.s.f.r.e.s.SocketRear  - FlameSocketGraphDeployerRear@flamestream-benchmarks-worker-6: writing to closed log
12:44:22.506 [worker-akka.actor.default-dispatcher-10] WARN  c.s.f.r.e.s.SocketRear  - FlameSocketGraphDeployerRear@flamestream-benchmarks-worker-6: writing to closed log
12:44:22.508 [worker-akka.actor.default-dispatcher-10] WARN  c.s.f.r.e.s.SocketRear  - FlameSocketGraphDeployerRear@flamestream-benchmarks-worker-6: writing to closed log
12:44:22.537 [worker-akka.actor.default-dispatcher-10] WARN  c.s.f.r.e.s.SocketRear  - FlameSocketGraphDeployerRear@flamestream-benchmarks-worker-6: writing to closed log
12:44:22.539 [worker-akka.actor.default-dispatcher-10] WARN  c.s.f.r.e.s.SocketRear  - FlameSocketGraphDeployerRear@flamestream-benchmarks-worker-6: writing to closed log
12:44:22.540 [worker-akka.actor.default-dispatcher-10] WARN  c.s.f.r.e.s.SocketRear  - FlameSocketGraphDeployerRear@flamestream-benchmarks-worker-6: writing to closed log
12:44:22.540 [worker-akka.actor.default-dispatcher-10] WARN  c.s.f.r.e.s.SocketRear  - FlameSocketGraphDeployerRear@flamestream-benchmarks-worker-6: writing to closed log
12:44:22.540 [worker-akka.actor.default-dispatcher-10] WARN  c.s.f.r.e.s.SocketRear  - FlameSocketGraphDeployerRear@flamestream-benchmarks-worker-6: writing to closed log
12:44:22.541 [worker-akka.actor.default-dispatcher-10] WARN  c.s.f.r.e.s.SocketRear  - FlameSocketGraphDeployerRear@flamestream-benchmarks-worker-6: writing to closed log
12:44:22.541 [worker-akka.actor.default-dispatcher-10] WARN  c.s.f.r.e.s.SocketRear  - FlameSocketGraphDeployerRear@flamestream-benchmarks-worker-6: writing to closed log
12:44:22.570 [worker-akka.actor.default-dispatcher-10] WARN  c.s.f.r.e.s.SocketRear  - FlameSocketGraphDeployerRear@flamestream-benchmarks-worker-6: writing to closed log
12:44:22.570 [worker-akka.actor.default-dispatcher-10] WARN  c.s.f.r.e.s.SocketRear  - FlameSocketGraphDeployerRear@flamestream-benchmarks-worker-6: writing to closed log
12:44:22.626 [worker-akka.actor.default-dispatcher-10] WARN  c.s.f.r.e.s.SocketRear  - FlameSocketGraphDeployerRear@flamestream-benchmarks-worker-6: writing to closed log
12:44:22.627 [worker-akka.actor.default-dispatcher-10] WARN  c.s.f.r.e.s.SocketRear  - FlameSocketGraphDeployerRear@flamestream-benchmarks-worker-6: writing to closed log
12:44:22.654 [worker-akka.actor.default-dispatcher-10] WARN  c.s.f.r.e.s.SocketRear  - FlameSocketGraphDeployerRear@flamestream-benchmarks-worker-6: writing to closed log
12:44:22.692 [worker-akka.actor.default-dispatcher-10] WARN  c.s.f.r.e.s.SocketRear  - FlameSocketGraphDeployerRear@flamestream-benchmarks-worker-6: writing to closed log
12:44:22.693 [worker-akka.actor.default-dispatcher-10] WARN  c.s.f.r.e.s.SocketRear  - FlameSocketGraphDeployerRear@flamestream-benchmarks-worker-6: writing to closed log
12:44:22.694 [worker-akka.actor.default-dispatcher-10] WARN  c.s.f.r.e.s.SocketRear  - FlameSocketGraphDeployerRear@flamestream-benchmarks-worker-6: writing to closed log
12:44:22.694 [worker-akka.actor.default-dispatcher-10] WARN  c.s.f.r.e.s.SocketRear  - FlameSocketGraphDeployerRear@flamestream-benchmarks-worker-6: writing to closed log
12:44:22.707 [worker-akka.actor.default-dispatcher-10] WARN  c.s.f.r.e.s.SocketRear  - FlameSocketGraphDeployerRear@flamestream-benchmarks-worker-6: writing to closed log
12:44:22.707 [worker-akka.actor.default-dispatcher-10] WARN  c.s.f.r.e.s.SocketRear  - FlameSocketGraphDeployerRear@flamestream-benchmarks-worker-6: writing to closed log
12:44:22.708 [worker-akka.actor.default-dispatcher-10] WARN  c.s.f.r.e.s.SocketRear  - FlameSocketGraphDeployerRear@flamestream-benchmarks-worker-6: writing to closed log
12:44:22.740 [worker-akka.actor.default-dispatcher-10] WARN  c.s.f.r.e.s.SocketRear  - FlameSocketGraphDeployerRear@flamestream-benchmarks-worker-6: writing to closed log
12:44:22.742 [worker-akka.actor.default-dispatcher-10] WARN  c.s.f.r.e.s.SocketRear  - FlameSocketGraphDeployerRear@flamestream-benchmarks-worker-6: writing to closed log
12:44:22.756 [worker-akka.actor.default-dispatcher-10] WARN  c.s.f.r.e.s.SocketRear  - FlameSocketGraphDeployerRear@flamestream-benchmarks-worker-6: writing to closed log
12:44:22.756 [worker-akka.actor.default-dispatcher-10] WARN  c.s.f.r.e.s.SocketRear  - FlameSocketGraphDeployerRear@flamestream-benchmarks-worker-6: writing to closed log
12:44:22.760 [worker-akka.actor.default-dispatcher-10] WARN  c.s.f.r.e.s.SocketRear  - FlameSocketGraphDeployerRear@flamestream-benchmarks-worker-6: writing to closed log
12:44:22.791 [worker-akka.actor.default-dispatcher-10] WARN  c.s.f.r.e.s.SocketRear  - FlameSocketGraphDeployerRear@flamestream-benchmarks-worker-6: writing to closed log
12:44:22.793 [worker-akka.actor.default-dispatcher-10] WARN  c.s.f.r.e.s.SocketRear  - FlameSocketGraphDeployerRear@flamestream-benchmarks-worker-6: writing to closed log
12:44:22.793 [worker-akka.actor.default-dispatcher-10] WARN  c.s.f.r.e.s.SocketRear  - FlameSocketGraphDeployerRear@flamestream-benchmarks-worker-6: writing to closed log
12:44:22.794 [worker-akka.actor.default-dispatcher-10] WARN  c.s.f.r.e.s.SocketRear  - FlameSocketGraphDeployerRear@flamestream-benchmarks-worker-6: writing to closed log
12:44:22.794 [worker-akka.actor.default-dispatcher-10] WARN  c.s.f.r.e.s.SocketRear  - FlameSocketGraphDeployerRear@flamestream-benchmarks-worker-6: writing to closed log
12:44:22.794 [worker-akka.actor.default-dispatcher-10] WARN  c.s.f.r.e.s.SocketRear  - FlameSocketGraphDeployerRear@flamestream-benchmarks-worker-6: writing to closed log
12:44:22.794 [worker-akka.actor.default-dispatcher-10] WARN  c.s.f.r.e.s.SocketRear  - FlameSocketGraphDeployerRear@flamestream-benchmarks-worker-6: writing to closed log
12:44:22.794 [worker-akka.actor.default-dispatcher-10] WARN  c.s.f.r.e.s.SocketRear  - FlameSocketGraphDeployerRear@flamestream-benchmarks-worker-6: writing to closed log
12:44:22.804 [worker-akka.actor.default-dispatcher-10] WARN  c.s.f.r.e.s.SocketRear  - FlameSocketGraphDeployerRear@flamestream-benchmarks-worker-6: writing to closed log
12:44:22.805 [worker-akka.actor.default-dispatcher-10] WARN  c.s.f.r.e.s.SocketRear  - FlameSocketGraphDeployerRear@flamestream-benchmarks-worker-6: writing to closed log
12:44:22.806 [worker-akka.actor.default-dispatcher-10] WARN  c.s.f.r.e.s.SocketRear  - FlameSocketGraphDeployerRear@flamestream-benchmarks-worker-6: writing to closed log
12:44:22.806 [worker-akka.actor.default-dispatcher-10] WARN  c.s.f.r.e.s.SocketRear  - FlameSocketGraphDeployerRear@flamestream-benchmarks-worker-6: writing to closed log
12:44:22.806 [worker-akka.actor.default-dispatcher-10] WARN  c.s.f.r.e.s.SocketRear  - FlameSocketGraphDeployerRear@flamestream-benchmarks-worker-6: writing to closed log
12:44:22.849 [worker-akka.actor.default-dispatcher-10] WARN  c.s.f.r.e.s.SocketRear  - FlameSocketGraphDeployerRear@flamestream-benchmarks-worker-6: writing to closed log
12:44:22.851 [worker-akka.actor.default-dispatcher-10] WARN  c.s.f.r.e.s.SocketRear  - FlameSocketGraphDeployerRear@flamestream-benchmarks-worker-6: writing to closed log
12:44:22.858 [worker-akka.actor.default-dispatcher-10] WARN  c.s.f.r.e.s.SocketRear  - FlameSocketGraphDeployerRear@flamestream-benchmarks-worker-6: writing to closed log
12:44:22.858 [worker-akka.actor.default-dispatcher-10] WARN  c.s.f.r.e.s.SocketRear  - FlameSocketGraphDeployerRear@flamestream-benchmarks-worker-6: writing to closed log
12:44:22.858 [worker-akka.actor.default-dispatcher-10] WARN  c.s.f.r.e.s.SocketRear  - FlameSocketGraphDeployerRear@flamestream-benchmarks-worker-6: writing to closed log
12:44:22.858 [worker-akka.actor.default-dispatcher-10] WARN  c.s.f.r.e.s.SocketRear  - FlameSocketGraphDeployerRear@flamestream-benchmarks-worker-6: writing to closed log
12:44:22.864 [worker-akka.actor.default-dispatcher-10] WARN  c.s.f.r.e.s.SocketRear  - FlameSocketGraphDeployerRear@flamestream-benchmarks-worker-6: writing to closed log
12:44:22.865 [worker-akka.actor.default-dispatcher-10] WARN  c.s.f.r.e.s.SocketRear  - FlameSocketGraphDeployerRear@flamestream-benchmarks-worker-6: writing to closed log
12:44:22.865 [worker-akka.actor.default-dispatcher-10] WARN  c.s.f.r.e.s.SocketRear  - FlameSocketGraphDeployerRear@flamestream-benchmarks-worker-6: writing to closed log
12:44:22.869 [worker-akka.actor.default-dispatcher-10] WARN  c.s.f.r.e.s.SocketRear  - FlameSocketGraphDeployerRear@flamestream-benchmarks-worker-6: writing to closed log
12:44:22.870 [worker-akka.actor.default-dispatcher-10] WARN  c.s.f.r.e.s.SocketRear  - FlameSocketGraphDeployerRear@flamestream-benchmarks-worker-6: writing to closed log
12:44:22.884 [worker-akka.actor.default-dispatcher-10] WARN  c.s.f.r.e.s.SocketRear  - FlameSocketGraphDeployerRear@flamestream-benchmarks-worker-6: writing to closed log
12:44:22.885 [worker-akka.actor.default-dispatcher-10] WARN  c.s.f.r.e.s.SocketRear  - FlameSocketGraphDeployerRear@flamestream-benchmarks-worker-6: writing to closed log
12:44:22.885 [worker-akka.actor.default-dispatcher-10] WARN  c.s.f.r.e.s.SocketRear  - FlameSocketGraphDeployerRear@flamestream-benchmarks-worker-6: writing to closed log
12:44:22.885 [worker-akka.actor.default-dispatcher-10] WARN  c.s.f.r.e.s.SocketRear  - FlameSocketGraphDeployerRear@flamestream-benchmarks-worker-6: writing to closed log
12:44:22.885 [worker-akka.actor.default-dispatcher-10] WARN  c.s.f.r.e.s.SocketRear  - FlameSocketGraphDeployerRear@flamestream-benchmarks-worker-6: writing to closed log
12:44:22.890 [worker-akka.actor.default-dispatcher-10] WARN  c.s.f.r.e.s.SocketRear  - FlameSocketGraphDeployerRear@flamestream-benchmarks-worker-6: writing to closed log
12:44:22.890 [worker-akka.actor.default-dispatcher-10] WARN  c.s.f.r.e.s.SocketRear  - FlameSocketGraphDeployerRear@flamestream-benchmarks-worker-6: writing to closed log
12:44:22.890 [worker-akka.actor.default-dispatcher-10] WARN  c.s.f.r.e.s.SocketRear  - FlameSocketGraphDeployerRear@flamestream-benchmarks-worker-6: writing to closed log
12:44:22.898 [worker-akka.actor.default-dispatcher-10] WARN  c.s.f.r.e.s.SocketRear  - FlameSocketGraphDeployerRear@flamestream-benchmarks-worker-6: writing to closed log
12:44:22.899 [worker-akka.actor.default-dispatcher-10] WARN  c.s.f.r.e.s.SocketRear  - FlameSocketGraphDeployerRear@flamestream-benchmarks-worker-6: writing to closed log
12:44:22.907 [worker-akka.actor.default-dispatcher-10] WARN  c.s.f.r.e.s.SocketRear  - FlameSocketGraphDeployerRear@flamestream-benchmarks-worker-6: writing to closed log
12:44:22.908 [worker-akka.actor.default-dispatcher-10] WARN  c.s.f.r.e.s.SocketRear  - FlameSocketGraphDeployerRear@flamestream-benchmarks-worker-6: writing to closed log
12:44:22.908 [worker-akka.actor.default-dispatcher-10] WARN  c.s.f.r.e.s.SocketRear  - FlameSocketGraphDeployerRear@flamestream-benchmarks-worker-6: writing to closed log
12:44:22.908 [worker-akka.actor.default-dispatcher-10] WARN  c.s.f.r.e.s.SocketRear  - FlameSocketGraphDeployerRear@flamestream-benchmarks-worker-6: writing to closed log
12:44:22.908 [worker-akka.actor.default-dispatcher-10] WARN  c.s.f.r.e.s.SocketRear  - FlameSocketGraphDeployerRear@flamestream-benchmarks-worker-6: writing to closed log
12:44:22.912 [worker-akka.actor.default-dispatcher-10] WARN  c.s.f.r.e.s.SocketRear  - FlameSocketGraphDeployerRear@flamestream-benchmarks-worker-6: writing to closed log
12:44:22.913 [worker-akka.actor.default-dispatcher-10] WARN  c.s.f.r.e.s.SocketRear  - FlameSocketGraphDeployerRear@flamestream-benchmarks-worker-6: writing to closed log
12:44:26.134 [worker-akka.actor.default-dispatcher-10] INFO  a.r.a.Association(akka://worker) akka.remote.artery.Association(akka://worker) - Association to [akka://worker@flamestream-benchmarks-worker-1:5412] having UID [2164622050406865559] has been stopped. All messages to this UID will be delivered to dead letters. Reason: ActorSystem terminated
12:44:26.234 [worker-akka.actor.default-dispatcher-10] INFO  a.r.a.Association(akka://worker) akka.remote.artery.Association(akka://worker) - Association to [akka://worker@flamestream-benchmarks-worker-2:5412] having UID [-4547469165035349574] has been stopped. All messages to this UID will be delivered to dead letters. Reason: ActorSystem terminated
12:44:26.414 [worker-akka.actor.default-dispatcher-10] INFO  a.r.a.Association(akka://worker) akka.remote.artery.Association(akka://worker) - Association to [akka://worker@flamestream-benchmarks-worker-4:5412] having UID [1879355718632016473] has been stopped. All messages to this UID will be delivered to dead letters. Reason: ActorSystem terminated
12:44:26.566 [worker-akka.actor.default-dispatcher-10] INFO  a.r.a.Association(akka://worker) akka.remote.artery.Association(akka://worker) - Association to [akka://worker@flamestream-benchmarks-worker-3:5412] having UID [5124950119994697808] has been stopped. All messages to this UID will be delivered to dead letters. Reason: ActorSystem terminated
12:44:26.581 [worker-akka.actor.default-dispatcher-6] INFO  a.a.LocalActorRef akka://worker/user/watcher/processing-watcher/graph/edge/FlameSocketGraphDeployerFront - Stopped
12:44:26.583 [worker-akka.actor.default-dispatcher-12] INFO  a.a.LocalActorRef akka://worker/user/watcher/processing-watcher/graph/graph/$A - Stopped
12:44:26.583 [worker-akka.actor.default-dispatcher-12] INFO  a.a.LocalActorRef akka://worker/user/watcher/processing-watcher/graph/graph/$B - Stopped
12:44:26.583 [worker-akka.actor.default-dispatcher-12] INFO  a.a.LocalActorRef akka://worker/user/watcher/processing-watcher/graph/graph/$C - Stopped
12:44:26.583 [worker-akka.actor.default-dispatcher-12] INFO  a.a.LocalActorRef akka://worker/user/watcher/processing-watcher/graph/graph/$D - Stopped
12:44:26.583 [worker-akka.actor.default-dispatcher-12] INFO  a.a.LocalActorRef akka://worker/user/watcher/processing-watcher/graph/graph/$E - Stopped
12:44:26.583 [worker-akka.actor.default-dispatcher-12] INFO  a.a.LocalActorRef akka://worker/user/watcher/processing-watcher/graph/graph/$F - Stopped
12:44:26.583 [worker-akka.actor.default-dispatcher-12] INFO  a.a.LocalActorRef akka://worker/user/watcher/processing-watcher/graph/graph/$G - Stopped
12:44:26.583 [worker-akka.actor.default-dispatcher-12] INFO  a.a.LocalActorRef akka://worker/user/watcher/processing-watcher/graph/graph/$H - Stopped
12:44:26.584 [worker-akka.actor.default-dispatcher-13] INFO  a.a.LocalActorRef akka://worker/user/watcher/processing-watcher/graph/graph/$a - Stopped
12:44:26.584 [worker-akka.actor.default-dispatcher-13] INFO  a.a.LocalActorRef akka://worker/user/watcher/processing-watcher/graph/graph/$b - Stopped
12:44:26.584 [worker-akka.actor.default-dispatcher-13] INFO  a.a.LocalActorRef akka://worker/user/watcher/processing-watcher/graph/graph/$c - Stopped
12:44:26.584 [worker-akka.actor.default-dispatcher-13] INFO  a.a.LocalActorRef akka://worker/user/watcher/processing-watcher/graph/graph/$d - Stopped
12:44:26.585 [worker-akka.actor.default-dispatcher-13] INFO  a.a.LocalActorRef akka://worker/user/watcher/processing-watcher/graph/graph/$e - Stopped
12:44:26.585 [worker-akka.actor.default-dispatcher-13] INFO  a.a.LocalActorRef akka://worker/user/watcher/processing-watcher/graph/graph/$f - Stopped
12:44:26.585 [worker-akka.actor.default-dispatcher-13] INFO  a.a.LocalActorRef akka://worker/user/watcher/processing-watcher/graph/graph/$g - Stopped
12:44:26.585 [worker-akka.actor.default-dispatcher-13] INFO  a.a.LocalActorRef akka://worker/user/watcher/processing-watcher/graph/graph/$h - Stopped
12:44:26.586 [worker-akka.actor.default-dispatcher-13] INFO  a.a.LocalActorRef akka://worker/user/watcher/processing-watcher/graph/graph/$i - Stopped
12:44:26.586 [worker-akka.actor.default-dispatcher-13] INFO  a.a.LocalActorRef akka://worker/user/watcher/processing-watcher/graph/graph/$j - Stopped
12:44:26.586 [worker-akka.actor.default-dispatcher-13] INFO  a.a.LocalActorRef akka://worker/user/watcher/processing-watcher/graph/graph/$k - Stopped
12:44:26.588 [worker-akka.actor.default-dispatcher-13] INFO  a.a.LocalActorRef akka://worker/user/watcher/processing-watcher/graph/graph/$l - Stopped
12:44:26.589 [worker-akka.actor.default-dispatcher-13] INFO  a.a.LocalActorRef akka://worker/user/watcher/processing-watcher/graph/graph/$m - Stopped
12:44:26.590 [worker-akka.actor.default-dispatcher-13] INFO  a.a.LocalActorRef akka://worker/user/watcher/processing-watcher/graph/graph/$n - Stopped
12:44:26.591 [worker-akka.actor.default-dispatcher-12] INFO  a.a.LocalActorRef akka://worker/user/watcher/processing-watcher/graph/graph/$o - Stopped
12:44:26.592 [worker-akka.actor.default-dispatcher-13] INFO  a.a.LocalActorRef akka://worker/user/watcher/processing-watcher/graph/edge/FlameSocketGraphDeployerRear - Stopped
12:44:26.593 [worker-akka.actor.default-dispatcher-13] INFO  a.a.LocalActorRef akka://worker/user/watcher/processing-watcher/graph/graph/$p - Stopped
12:44:26.595 [worker-akka.actor.default-dispatcher-13] INFO  a.a.LocalActorRef akka://worker/user/watcher/processing-watcher/graph/graph/$q - Stopped
12:44:26.596 [worker-akka.actor.default-dispatcher-13] INFO  a.a.LocalActorRef akka://worker/user/watcher/processing-watcher/graph/graph/$r - Stopped
12:44:26.597 [worker-akka.actor.default-dispatcher-14] INFO  a.a.LocalActorRef akka://worker/user/watcher/processing-watcher/graph/graph/$s - Stopped
12:44:26.597 [worker-akka.actor.default-dispatcher-14] INFO  a.a.LocalActorRef akka://worker/user/watcher/processing-watcher/graph/edge - Stopped
12:44:26.600 [worker-akka.actor.default-dispatcher-13] INFO  a.a.LocalActorRef akka://worker/user/watcher/processing-watcher/graph/graph/$t - Stopped
12:44:26.601 [worker-akka.actor.default-dispatcher-13] INFO  a.a.LocalActorRef akka://worker/user/watcher/processing-watcher/graph/graph/$u - Stopped
12:44:26.603 [worker-akka.actor.default-dispatcher-9] INFO  a.a.LocalActorRef akka://worker/user/watcher/processing-watcher/graph/negotiator - Stopped
12:44:26.605 [worker-akka.actor.default-dispatcher-19] INFO  a.a.LocalActorRef akka://worker/user/watcher/processing-watcher/graph/graph/$v - Stopped
12:44:26.607 [worker-akka.actor.default-dispatcher-19] INFO  a.a.LocalActorRef akka://worker/user/watcher/processing-watcher/graph/graph/$w - Stopped
12:44:26.609 [worker-akka.actor.default-dispatcher-19] INFO  a.a.LocalActorRef akka://worker/user/watcher/processing-watcher/graph/graph/$x - Stopped
12:44:26.609 [worker-akka.actor.default-dispatcher-19] INFO  a.a.LocalActorRef akka://worker/user/watcher/processing-watcher/graph/graph/$y - Stopped
12:44:26.611 [worker-akka.actor.default-dispatcher-19] INFO  a.a.LocalActorRef akka://worker/user/watcher/processing-watcher/graph/graph/$z - Stopped
12:44:26.620 [worker-akka.actor.default-dispatcher-19] INFO  a.a.LocalActorRef akka://worker/user/watcher/processing-watcher/graph/graph - Stopped
12:44:26.634 [worker-akka.actor.default-dispatcher-19] INFO  a.a.LocalActorRef akka://worker/user/watcher/processing-watcher/graph - Stopped
12:44:26.635 [worker-akka.actor.default-dispatcher-13] INFO  a.a.LocalActorRef akka://worker/user/watcher/processing-watcher - Stopped
12:44:26.636 [Curator-Framework-0] INFO  o.a.c.f.i.CuratorFrameworkImpl  - backgroundOperationsLoop exiting
12:44:26.645 [worker-akka.actor.default-dispatcher-6-EventThread] INFO  o.a.z.ClientCnxn  - EventThread shut down for session: 0x100005c675e0006
12:44:26.645 [worker-akka.actor.default-dispatcher-13] INFO  o.a.z.ZooKeeper  - Session: 0x100005c675e0006 closed
12:44:26.646 [worker-akka.actor.default-dispatcher-19] INFO  a.a.RepointableActorRef akka://worker/user/watcher - Stopped
12:44:26.651 [Curator-PathChildrenCache-0] ERROR o.a.c.f.r.c.PathChildrenCache  - 
java.lang.IllegalStateException: instance must be started before calling this method
	at org.apache.curator.shaded.com.google.common.base.Preconditions.checkState(Preconditions.java:444)
	at org.apache.curator.framework.imps.CuratorFrameworkImpl.getChildren(CuratorFrameworkImpl.java:456)
	at org.apache.curator.framework.recipes.cache.PathChildrenCache.refresh(PathChildrenCache.java:521)
	at org.apache.curator.framework.recipes.cache.RefreshOperation.invoke(RefreshOperation.java:35)
	at org.apache.curator.framework.recipes.cache.PathChildrenCache$9.run(PathChildrenCache.java:786)
	at java.util.concurrent.Executors$RunnableAdapter.call(Executors.java:511)
	at java.util.concurrent.FutureTask.run(FutureTask.java:266)
	at java.util.concurrent.Executors$RunnableAdapter.call(Executors.java:511)
	at java.util.concurrent.FutureTask.run(FutureTask.java:266)
	at java.util.concurrent.ThreadPoolExecutor.runWorker(ThreadPoolExecutor.java:1149)
	at java.util.concurrent.ThreadPoolExecutor$Worker.run(ThreadPoolExecutor.java:624)
	at java.lang.Thread.run(Thread.java:748)
12:44:26.662 [worker-akka.actor.default-dispatcher-13] INFO  a.r.RemoteActorRefProvider$RemotingTerminator akka://worker@flamestream-benchmarks-worker-6:5412/system/remoting-terminator - Shutting down remote daemon.
12:44:26.662 [worker-akka.actor.default-dispatcher-13] INFO  a.r.RemoteActorRefProvider$RemotingTerminator akka://worker@flamestream-benchmarks-worker-6:5412/system/remoting-terminator - Remote daemon shut down; proceeding with flushing remote transports.
12:44:27.888 [worker-akka.actor.default-dispatcher-13] INFO  a.r.RemoteActorRefProvider$RemotingTerminator akka://worker@flamestream-benchmarks-worker-6:5412/system/remoting-terminator - Remoting shut down.
Heap
 def new generation   total 460800K, used 327614K [0x00000000a2400000, 0x00000000c1800000, 0x00000000c1800000)
  eden space 409600K,  79% used [0x00000000a2400000, 0x00000000b63d0648, 0x00000000bb400000)
  from space 51200K,   0% used [0x00000000be600000, 0x00000000be61f2b0, 0x00000000c1800000)
  to   space 51200K,   0% used [0x00000000bb400000, 0x00000000bb400000, 0x00000000be600000)
 tenured generation   total 1024000K, used 54600K [0x00000000c1800000, 0x0000000100000000, 0x0000000100000000)
   the space 1024000K,   5% used [0x00000000c1800000, 0x00000000c4d523d0, 0x00000000c4d52400, 0x0000000100000000)
 Metaspace       used 40728K, capacity 43508K, committed 43648K, reserved 1087488K
  class space    used 5345K, capacity 5665K, committed 5760K, reserved 1048576K
