16:41:23,522 |-INFO in ch.qos.logback.classic.LoggerContext[default] - Could NOT find resource [logback-test.xml]
16:41:23,522 |-INFO in ch.qos.logback.classic.LoggerContext[default] - Could NOT find resource [logback.groovy]
16:41:23,523 |-INFO in ch.qos.logback.classic.LoggerContext[default] - Found resource [logback.xml] at [jar:file:/root/flamestream/lib/flamestream-runtime-1.0-SNAPSHOT.jar!/logback.xml]
16:41:23,523 |-WARN in ch.qos.logback.classic.LoggerContext[default] - Resource [logback.xml] occurs multiple times on the classpath.
16:41:23,524 |-WARN in ch.qos.logback.classic.LoggerContext[default] - Resource [logback.xml] occurs at [jar:file:/root/flamestream/lib/flamestream-runtime-1.0-SNAPSHOT.jar!/logback.xml]
16:41:23,524 |-WARN in ch.qos.logback.classic.LoggerContext[default] - Resource [logback.xml] occurs at [jar:file:/root/flamestream/flamestream-runtime-1.0-SNAPSHOT.jar!/logback.xml]
16:41:23,545 |-INFO in ch.qos.logback.core.joran.spi.ConfigurationWatchList@3fb6a447 - URL [jar:file:/root/flamestream/lib/flamestream-runtime-1.0-SNAPSHOT.jar!/logback.xml] is not of type file
16:41:23,616 |-INFO in ch.qos.logback.classic.joran.action.ConfigurationAction - debug attribute not set
16:41:23,617 |-INFO in ch.qos.logback.core.joran.action.AppenderAction - About to instantiate appender of type [ch.qos.logback.core.ConsoleAppender]
16:41:23,631 |-INFO in ch.qos.logback.core.joran.action.AppenderAction - Naming appender as [STDOUT]
16:41:23,651 |-INFO in ch.qos.logback.core.joran.action.NestedComplexPropertyIA - Assuming default type [ch.qos.logback.classic.encoder.PatternLayoutEncoder] for [encoder] property
16:41:23,736 |-INFO in ch.qos.logback.core.joran.action.AppenderAction - About to instantiate appender of type [ch.qos.logback.core.rolling.RollingFileAppender]
16:41:23,741 |-INFO in ch.qos.logback.core.joran.action.AppenderAction - Naming appender as [FILE]
16:41:23,772 |-INFO in c.q.l.core.rolling.TimeBasedRollingPolicy@127618319 - No compression will be used
16:41:23,773 |-INFO in c.q.l.core.rolling.TimeBasedRollingPolicy@127618319 - Will use the pattern /tmp/application_%d{yyyy-MM-dd}.%i.log for the active file
16:41:23,776 |-INFO in ch.qos.logback.core.rolling.SizeAndTimeBasedFNATP@6b2fad11 - The date pattern is 'yyyy-MM-dd' from file name pattern '/tmp/application_%d{yyyy-MM-dd}.%i.log'.
16:41:23,776 |-INFO in ch.qos.logback.core.rolling.SizeAndTimeBasedFNATP@6b2fad11 - Roll-over at midnight.
16:41:23,781 |-INFO in ch.qos.logback.core.rolling.SizeAndTimeBasedFNATP@6b2fad11 - Setting initial period to Mon Jun 10 16:40:00 UTC 2019
16:41:23,781 |-WARN in ch.qos.logback.core.rolling.SizeAndTimeBasedFNATP@6b2fad11 - SizeAndTimeBasedFNATP is deprecated. Use SizeAndTimeBasedRollingPolicy instead
16:41:23,781 |-WARN in ch.qos.logback.core.rolling.SizeAndTimeBasedFNATP@6b2fad11 - For more information see http://logback.qos.ch/manual/appenders.html#SizeAndTimeBasedRollingPolicy
16:41:23,785 |-INFO in ch.qos.logback.core.joran.action.NestedComplexPropertyIA - Assuming default type [ch.qos.logback.classic.encoder.PatternLayoutEncoder] for [encoder] property
16:41:23,791 |-INFO in ch.qos.logback.core.rolling.RollingFileAppender[FILE] - Active log file name: /tmp/application.log
16:41:23,791 |-INFO in ch.qos.logback.core.rolling.RollingFileAppender[FILE] - File property is set to [/tmp/application.log]
16:41:23,792 |-INFO in ch.qos.logback.classic.joran.action.RootLoggerAction - Setting level of ROOT logger to WARN
16:41:23,792 |-INFO in ch.qos.logback.core.joran.action.AppenderRefAction - Attaching appender named [STDOUT] to Logger[ROOT]
16:41:23,794 |-INFO in ch.qos.logback.core.joran.action.AppenderRefAction - Attaching appender named [FILE] to Logger[ROOT]
16:41:23,794 |-INFO in ch.qos.logback.classic.joran.action.ConfigurationAction - End of configuration.
16:41:23,794 |-INFO in ch.qos.logback.classic.joran.JoranConfigurator@79698539 - Registering current configuration as safe fallback point

Ama winner
Ama winner
2019-06-10T16:41:25.419+0000: 2.086: [Full GC (Metadata GC Threshold) 2019-06-10T16:41:25.419+0000: 2.086: [Tenured: 0K->15144K(341376K), 0.0388551 secs] 117718K->15144K(494976K), [Metaspace: 20736K->20736K(1067008K)], 0.0389538 secs] [Times: user=0.04 sys=0.00, real=0.04 secs] 
16:41:42.276 [Curator-PathChildrenCache-1] WARN  o.a.c.u.ZKPaths  - The version of ZooKeeper being used doesn't support Container nodes. CreateMode.PERSISTENT will be used instead.
2019-06-10T16:41:44.687+0000: 21.354: [GC (Allocation Failure) 2019-06-10T16:41:44.687+0000: 21.354: [DefNew: 136576K->17023K(153600K), 0.0273432 secs] 151720K->52791K(494976K), 0.0274362 secs] [Times: user=0.02 sys=0.01, real=0.02 secs] 
2019-06-10T16:41:47.018+0000: 23.685: [Full GC (Metadata GC Threshold) 2019-06-10T16:41:47.018+0000: 23.685: [Tenured: 35767K->44431K(341376K), 0.0457815 secs] 101463K->44431K(494976K), [Metaspace: 34587K->34587K(1079296K)], 0.0458669 secs] [Times: user=0.04 sys=0.01, real=0.04 secs] 
2019-06-10T16:41:53.248+0000: 29.915: [GC (Allocation Failure) 2019-06-10T16:41:53.248+0000: 29.915: [DefNew: 136576K->94K(153600K), 0.0019086 secs] 181007K->44525K(494976K), 0.0019676 secs] [Times: user=0.00 sys=0.00, real=0.00 secs] 
2019-06-10T16:41:59.587+0000: 36.254: [GC (Allocation Failure) 2019-06-10T16:41:59.587+0000: 36.254: [DefNew: 136670K->126K(153600K), 0.0017746 secs] 181101K->44557K(494976K), 0.0018389 secs] [Times: user=0.00 sys=0.00, real=0.00 secs] 
2019-06-10T16:42:05.984+0000: 42.651: [GC (Allocation Failure) 2019-06-10T16:42:05.984+0000: 42.651: [DefNew: 136702K->127K(153600K), 0.0018074 secs] 181133K->44558K(494976K), 0.0018709 secs] [Times: user=0.00 sys=0.00, real=0.01 secs] 
2019-06-10T16:42:12.410+0000: 49.077: [GC (Allocation Failure) 2019-06-10T16:42:12.410+0000: 49.077: [DefNew: 136703K->161K(153600K), 0.0017856 secs] 181134K->44592K(494976K), 0.0018506 secs] [Times: user=0.00 sys=0.00, real=0.00 secs] 
2019-06-10T16:42:24.705+0000: 61.372: [GC (Allocation Failure) 2019-06-10T16:42:24.705+0000: 61.372: [DefNew: 136737K->342K(153600K), 0.0020435 secs] 181168K->44773K(494976K), 0.0021064 secs] [Times: user=0.00 sys=0.00, real=0.00 secs] 
16:42:25.617 [Curator-PathChildrenCache-0] ERROR o.a.c.f.r.c.PathChildrenCache  - 
java.lang.IllegalStateException: instance must be started before calling this method
	at org.apache.curator.shaded.com.google.common.base.Preconditions.checkState(Preconditions.java:444)
	at org.apache.curator.framework.imps.CuratorFrameworkImpl.getChildren(CuratorFrameworkImpl.java:456)
	at org.apache.curator.framework.recipes.cache.PathChildrenCache.refresh(PathChildrenCache.java:521)
	at org.apache.curator.framework.recipes.cache.RefreshOperation.invoke(RefreshOperation.java:35)
	at org.apache.curator.framework.recipes.cache.PathChildrenCache$9.run(PathChildrenCache.java:786)
	at java.util.concurrent.Executors$RunnableAdapter.call(Executors.java:511)
	at java.util.concurrent.FutureTask.run(FutureTask.java:266)
	at java.util.concurrent.Executors$RunnableAdapter.call(Executors.java:511)
	at java.util.concurrent.FutureTask.run(FutureTask.java:266)
	at java.util.concurrent.ThreadPoolExecutor.runWorker(ThreadPoolExecutor.java:1149)
	at java.util.concurrent.ThreadPoolExecutor$Worker.run(ThreadPoolExecutor.java:624)
	at java.lang.Thread.run(Thread.java:748)
Heap
 def new generation   total 153600K, used 23049K [0x00000000e0c00000, 0x00000000eb2a0000, 0x00000000eb2a0000)
  eden space 136576K,  16% used [0x00000000e0c00000, 0x00000000e222cb90, 0x00000000e9160000)
  from space 17024K,   2% used [0x00000000e9160000, 0x00000000e91b5ac0, 0x00000000ea200000)
  to   space 17024K,   0% used [0x00000000ea200000, 0x00000000ea200000, 0x00000000eb2a0000)
 tenured generation   total 341376K, used 44431K [0x00000000eb2a0000, 0x0000000100000000, 0x0000000100000000)
   the space 341376K,  13% used [0x00000000eb2a0000, 0x00000000ede03c50, 0x00000000ede03e00, 0x0000000100000000)
 Metaspace       used 36007K, capacity 36922K, committed 37120K, reserved 1081344K
  class space    used 4858K, capacity 5073K, committed 5120K, reserved 1048576K
