19:47:48,802 |-INFO in ch.qos.logback.classic.LoggerContext[default] - Could NOT find resource [logback-test.xml]
19:47:48,802 |-INFO in ch.qos.logback.classic.LoggerContext[default] - Could NOT find resource [logback.groovy]
19:47:48,803 |-INFO in ch.qos.logback.classic.LoggerContext[default] - Found resource [logback.xml] at [jar:file:/root/flamestream/lib/flamestream-runtime-1.0-SNAPSHOT.jar!/logback.xml]
19:47:48,803 |-WARN in ch.qos.logback.classic.LoggerContext[default] - Resource [logback.xml] occurs multiple times on the classpath.
19:47:48,804 |-WARN in ch.qos.logback.classic.LoggerContext[default] - Resource [logback.xml] occurs at [jar:file:/root/flamestream/lib/flamestream-runtime-1.0-SNAPSHOT.jar!/logback.xml]
19:47:48,804 |-WARN in ch.qos.logback.classic.LoggerContext[default] - Resource [logback.xml] occurs at [jar:file:/root/flamestream/flamestream-runtime-1.0-SNAPSHOT.jar!/logback.xml]
19:47:48,822 |-INFO in ch.qos.logback.core.joran.spi.ConfigurationWatchList@3fb6a447 - URL [jar:file:/root/flamestream/lib/flamestream-runtime-1.0-SNAPSHOT.jar!/logback.xml] is not of type file
19:47:48,889 |-INFO in ch.qos.logback.classic.joran.action.ConfigurationAction - debug attribute not set
19:47:48,889 |-INFO in ch.qos.logback.core.joran.action.AppenderAction - About to instantiate appender of type [ch.qos.logback.core.ConsoleAppender]
19:47:48,905 |-INFO in ch.qos.logback.core.joran.action.AppenderAction - Naming appender as [STDOUT]
19:47:48,924 |-INFO in ch.qos.logback.core.joran.action.NestedComplexPropertyIA - Assuming default type [ch.qos.logback.classic.encoder.PatternLayoutEncoder] for [encoder] property
19:47:49,018 |-INFO in ch.qos.logback.core.joran.action.AppenderAction - About to instantiate appender of type [ch.qos.logback.core.rolling.RollingFileAppender]
19:47:49,024 |-INFO in ch.qos.logback.core.joran.action.AppenderAction - Naming appender as [FILE]
19:47:49,060 |-INFO in c.q.l.core.rolling.TimeBasedRollingPolicy@127618319 - No compression will be used
19:47:49,061 |-INFO in c.q.l.core.rolling.TimeBasedRollingPolicy@127618319 - Will use the pattern /tmp/application_%d{yyyy-MM-dd}.%i.log for the active file
19:47:49,064 |-INFO in ch.qos.logback.core.rolling.SizeAndTimeBasedFNATP@6b2fad11 - The date pattern is 'yyyy-MM-dd' from file name pattern '/tmp/application_%d{yyyy-MM-dd}.%i.log'.
19:47:49,064 |-INFO in ch.qos.logback.core.rolling.SizeAndTimeBasedFNATP@6b2fad11 - Roll-over at midnight.
19:47:49,069 |-INFO in ch.qos.logback.core.rolling.SizeAndTimeBasedFNATP@6b2fad11 - Setting initial period to Mon Jun 10 19:46:20 UTC 2019
19:47:49,069 |-WARN in ch.qos.logback.core.rolling.SizeAndTimeBasedFNATP@6b2fad11 - SizeAndTimeBasedFNATP is deprecated. Use SizeAndTimeBasedRollingPolicy instead
19:47:49,069 |-WARN in ch.qos.logback.core.rolling.SizeAndTimeBasedFNATP@6b2fad11 - For more information see http://logback.qos.ch/manual/appenders.html#SizeAndTimeBasedRollingPolicy
19:47:49,072 |-INFO in ch.qos.logback.core.joran.action.NestedComplexPropertyIA - Assuming default type [ch.qos.logback.classic.encoder.PatternLayoutEncoder] for [encoder] property
19:47:49,077 |-INFO in ch.qos.logback.core.rolling.RollingFileAppender[FILE] - Active log file name: /tmp/application.log
19:47:49,077 |-INFO in ch.qos.logback.core.rolling.RollingFileAppender[FILE] - File property is set to [/tmp/application.log]
19:47:49,078 |-INFO in ch.qos.logback.classic.joran.action.RootLoggerAction - Setting level of ROOT logger to WARN
19:47:49,078 |-INFO in ch.qos.logback.core.joran.action.AppenderRefAction - Attaching appender named [STDOUT] to Logger[ROOT]
19:47:49,080 |-INFO in ch.qos.logback.core.joran.action.AppenderRefAction - Attaching appender named [FILE] to Logger[ROOT]
19:47:49,081 |-INFO in ch.qos.logback.classic.joran.action.ConfigurationAction - End of configuration.
19:47:49,081 |-INFO in ch.qos.logback.classic.joran.JoranConfigurator@79698539 - Registering current configuration as safe fallback point

Ama winner
Ama winner
2019-06-10T19:47:50.323+0000: 1.707: [Full GC (Metadata GC Threshold) 2019-06-10T19:47:50.323+0000: 1.707: [Tenured: 0K->15208K(341376K), 0.0385100 secs] 114923K->15208K(494976K), [Metaspace: 20740K->20740K(1067008K)], 0.0385745 secs] [Times: user=0.04 sys=0.01, real=0.04 secs] 
19:48:10.849 [Curator-PathChildrenCache-1] WARN  o.a.c.u.ZKPaths  - The version of ZooKeeper being used doesn't support Container nodes. CreateMode.PERSISTENT will be used instead.
2019-06-10T19:48:13.301+0000: 24.684: [GC (Allocation Failure) 2019-06-10T19:48:13.301+0000: 24.684: [DefNew: 136576K->17023K(153600K), 0.0252125 secs] 151784K->52660K(494976K), 0.0252950 secs] [Times: user=0.03 sys=0.00, real=0.02 secs] 
2019-06-10T19:48:15.498+0000: 26.881: [Full GC (Metadata GC Threshold) 2019-06-10T19:48:15.498+0000: 26.881: [Tenured: 35636K->44157K(341376K), 0.0407874 secs] 93461K->44157K(494976K), [Metaspace: 34546K->34546K(1079296K)], 0.0408621 secs] [Times: user=0.04 sys=0.00, real=0.04 secs] 
2019-06-10T19:48:23.445+0000: 34.829: [GC (Allocation Failure) 2019-06-10T19:48:23.446+0000: 34.829: [DefNew: 136576K->93K(153600K), 0.0021282 secs] 180733K->44250K(494976K), 0.0021862 secs] [Times: user=0.01 sys=0.00, real=0.01 secs] 
2019-06-10T19:48:31.344+0000: 42.727: [GC (Allocation Failure) 2019-06-10T19:48:31.344+0000: 42.727: [DefNew: 136669K->125K(153600K), 0.0017201 secs] 180826K->44282K(494976K), 0.0017809 secs] [Times: user=0.00 sys=0.00, real=0.00 secs] 
2019-06-10T19:48:39.322+0000: 50.706: [GC (Allocation Failure) 2019-06-10T19:48:39.323+0000: 50.706: [DefNew: 136701K->124K(153600K), 0.0017588 secs] 180858K->44281K(494976K), 0.0018167 secs] [Times: user=0.00 sys=0.00, real=0.00 secs] 
2019-06-10T19:48:47.338+0000: 58.721: [GC (Allocation Failure) 2019-06-10T19:48:47.338+0000: 58.722: [DefNew: 136700K->126K(153600K), 0.0016741 secs] 180857K->44283K(494976K), 0.0017571 secs] [Times: user=0.00 sys=0.00, real=0.00 secs] 
2019-06-10T19:48:55.976+0000: 67.359: [GC (Allocation Failure) 2019-06-10T19:48:55.976+0000: 67.359: [DefNew: 136702K->451K(153600K), 0.0022820 secs] 180859K->44608K(494976K), 0.0023503 secs] [Times: user=0.00 sys=0.00, real=0.00 secs] 
2019-06-10T19:49:17.110+0000: 88.493: [GC (Allocation Failure) 2019-06-10T19:49:17.110+0000: 88.493: [DefNew: 137027K->206K(153600K), 0.0021489 secs] 181184K->44363K(494976K), 0.0022295 secs] [Times: user=0.00 sys=0.00, real=0.00 secs] 
19:49:20.492 [Curator-PathChildrenCache-0] ERROR o.a.c.f.r.c.PathChildrenCache  - 
java.lang.IllegalStateException: instance must be started before calling this method
	at org.apache.curator.shaded.com.google.common.base.Preconditions.checkState(Preconditions.java:444)
	at org.apache.curator.framework.imps.CuratorFrameworkImpl.getChildren(CuratorFrameworkImpl.java:456)
	at org.apache.curator.framework.recipes.cache.PathChildrenCache.refresh(PathChildrenCache.java:521)
	at org.apache.curator.framework.recipes.cache.RefreshOperation.invoke(RefreshOperation.java:35)
	at org.apache.curator.framework.recipes.cache.PathChildrenCache$9.run(PathChildrenCache.java:786)
	at java.util.concurrent.Executors$RunnableAdapter.call(Executors.java:511)
	at java.util.concurrent.FutureTask.run(FutureTask.java:266)
	at java.util.concurrent.Executors$RunnableAdapter.call(Executors.java:511)
	at java.util.concurrent.FutureTask.run(FutureTask.java:266)
	at java.util.concurrent.ThreadPoolExecutor.runWorker(ThreadPoolExecutor.java:1149)
	at java.util.concurrent.ThreadPoolExecutor$Worker.run(ThreadPoolExecutor.java:624)
	at java.lang.Thread.run(Thread.java:748)
19:49:21.418 [worker-akka.actor.default-dispatcher-20] ERROR a.r.a.Association(akka://worker) akka.remote.artery.Association(akka://worker) - Outbound control stream to [akka://worker@10.0.0.111:5412] failed after shutdown. 
akka.remote.artery.Association$OutboundStreamStopQuarantinedSignal$: 
19:49:21.420 [worker-akka.actor.default-dispatcher-20] ERROR a.r.a.Association(akka://worker) akka.remote.artery.Association(akka://worker) - Outbound message stream to [akka://worker@10.0.0.111:5412] failed after shutdown. 
akka.remote.artery.Association$OutboundStreamStopQuarantinedSignal$: 
Heap
 def new generation   total 153600K, used 30586K [0x00000000e0c00000, 0x00000000eb2a0000, 0x00000000eb2a0000)
  eden space 136576K,  22% used [0x00000000e0c00000, 0x00000000e29ab208, 0x00000000e9160000)
  from space 17024K,   1% used [0x00000000ea200000, 0x00000000ea233930, 0x00000000eb2a0000)
  to   space 17024K,   0% used [0x00000000e9160000, 0x00000000e9160000, 0x00000000ea200000)
 tenured generation   total 341376K, used 44157K [0x00000000eb2a0000, 0x0000000100000000, 0x0000000100000000)
   the space 341376K,  12% used [0x00000000eb2a0000, 0x00000000eddbf408, 0x00000000eddbf600, 0x0000000100000000)
 Metaspace       used 36161K, capacity 37064K, committed 37376K, reserved 1081344K
  class space    used 4869K, capacity 5086K, committed 5120K, reserved 1048576K
