13:23:14,851 |-INFO in ch.qos.logback.classic.LoggerContext[default] - Could NOT find resource [logback-test.xml]
13:23:14,851 |-INFO in ch.qos.logback.classic.LoggerContext[default] - Could NOT find resource [logback.groovy]
13:23:14,851 |-INFO in ch.qos.logback.classic.LoggerContext[default] - Found resource [logback.xml] at [jar:file:/root/flamestream/lib/flamestream-runtime-1.0-SNAPSHOT.jar!/logback.xml]
13:23:14,852 |-WARN in ch.qos.logback.classic.LoggerContext[default] - Resource [logback.xml] occurs multiple times on the classpath.
13:23:14,852 |-WARN in ch.qos.logback.classic.LoggerContext[default] - Resource [logback.xml] occurs at [jar:file:/root/flamestream/lib/flamestream-runtime-1.0-SNAPSHOT.jar!/logback.xml]
13:23:14,852 |-WARN in ch.qos.logback.classic.LoggerContext[default] - Resource [logback.xml] occurs at [jar:file:/root/flamestream/flamestream-runtime-1.0-SNAPSHOT.jar!/logback.xml]
13:23:14,872 |-INFO in ch.qos.logback.core.joran.spi.ConfigurationWatchList@3fb6a447 - URL [jar:file:/root/flamestream/lib/flamestream-runtime-1.0-SNAPSHOT.jar!/logback.xml] is not of type file
13:23:14,937 |-INFO in ch.qos.logback.classic.joran.action.ConfigurationAction - debug attribute not set
13:23:14,937 |-INFO in ch.qos.logback.core.joran.action.AppenderAction - About to instantiate appender of type [ch.qos.logback.core.ConsoleAppender]
13:23:14,955 |-INFO in ch.qos.logback.core.joran.action.AppenderAction - Naming appender as [STDOUT]
13:23:14,973 |-INFO in ch.qos.logback.core.joran.action.NestedComplexPropertyIA - Assuming default type [ch.qos.logback.classic.encoder.PatternLayoutEncoder] for [encoder] property
13:23:15,059 |-INFO in ch.qos.logback.core.joran.action.AppenderAction - About to instantiate appender of type [ch.qos.logback.core.rolling.RollingFileAppender]
13:23:15,068 |-INFO in ch.qos.logback.core.joran.action.AppenderAction - Naming appender as [FILE]
13:23:15,099 |-INFO in c.q.l.core.rolling.TimeBasedRollingPolicy@127618319 - No compression will be used
13:23:15,100 |-INFO in c.q.l.core.rolling.TimeBasedRollingPolicy@127618319 - Will use the pattern /tmp/application_%d{yyyy-MM-dd}.%i.log for the active file
13:23:15,103 |-INFO in ch.qos.logback.core.rolling.SizeAndTimeBasedFNATP@6b2fad11 - The date pattern is 'yyyy-MM-dd' from file name pattern '/tmp/application_%d{yyyy-MM-dd}.%i.log'.
13:23:15,103 |-INFO in ch.qos.logback.core.rolling.SizeAndTimeBasedFNATP@6b2fad11 - Roll-over at midnight.
13:23:15,109 |-INFO in ch.qos.logback.core.rolling.SizeAndTimeBasedFNATP@6b2fad11 - Setting initial period to Mon Jun 10 13:22:04 UTC 2019
13:23:15,109 |-WARN in ch.qos.logback.core.rolling.SizeAndTimeBasedFNATP@6b2fad11 - SizeAndTimeBasedFNATP is deprecated. Use SizeAndTimeBasedRollingPolicy instead
13:23:15,109 |-WARN in ch.qos.logback.core.rolling.SizeAndTimeBasedFNATP@6b2fad11 - For more information see http://logback.qos.ch/manual/appenders.html#SizeAndTimeBasedRollingPolicy
13:23:15,112 |-INFO in ch.qos.logback.core.joran.action.NestedComplexPropertyIA - Assuming default type [ch.qos.logback.classic.encoder.PatternLayoutEncoder] for [encoder] property
13:23:15,117 |-INFO in ch.qos.logback.core.rolling.RollingFileAppender[FILE] - Active log file name: /tmp/application.log
13:23:15,118 |-INFO in ch.qos.logback.core.rolling.RollingFileAppender[FILE] - File property is set to [/tmp/application.log]
13:23:15,118 |-INFO in ch.qos.logback.classic.joran.action.RootLoggerAction - Setting level of ROOT logger to WARN
13:23:15,118 |-INFO in ch.qos.logback.core.joran.action.AppenderRefAction - Attaching appender named [STDOUT] to Logger[ROOT]
13:23:15,120 |-INFO in ch.qos.logback.core.joran.action.AppenderRefAction - Attaching appender named [FILE] to Logger[ROOT]
13:23:15,120 |-INFO in ch.qos.logback.classic.joran.action.ConfigurationAction - End of configuration.
13:23:15,121 |-INFO in ch.qos.logback.classic.joran.JoranConfigurator@79698539 - Registering current configuration as safe fallback point

Ama winner
Ama winner
2019-06-10T13:23:16.431+0000: 1.769: [Full GC (Metadata GC Threshold) 2019-06-10T13:23:16.431+0000: 1.769: [Tenured: 0K->15208K(341376K), 0.0398632 secs] 114987K->15208K(494976K), [Metaspace: 20736K->20736K(1067008K)], 0.0399295 secs] [Times: user=0.04 sys=0.01, real=0.04 secs] 
13:23:32.728 [Curator-PathChildrenCache-1] WARN  o.a.c.u.ZKPaths  - The version of ZooKeeper being used doesn't support Container nodes. CreateMode.PERSISTENT will be used instead.
2019-06-10T13:23:35.208+0000: 20.546: [GC (Allocation Failure) 2019-06-10T13:23:35.208+0000: 20.547: [DefNew: 136576K->17023K(153600K), 0.0328701 secs] 151784K->52778K(494976K), 0.0329369 secs] [Times: user=0.03 sys=0.01, real=0.03 secs] 
2019-06-10T13:23:36.323+0000: 21.661: [Full GC (Metadata GC Threshold) 2019-06-10T13:23:36.323+0000: 21.661: [Tenured: 35754K->44514K(341376K), 0.0396930 secs] 79517K->44514K(494976K), [Metaspace: 34540K->34540K(1079296K)], 0.0397718 secs] [Times: user=0.04 sys=0.00, real=0.04 secs] 
2019-06-10T13:23:44.026+0000: 29.364: [GC (Allocation Failure) 2019-06-10T13:23:44.026+0000: 29.364: [DefNew: 136576K->76K(153600K), 0.0019485 secs] 181090K->44590K(494976K), 0.0020082 secs] [Times: user=0.00 sys=0.00, real=0.00 secs] 
2019-06-10T13:23:51.502+0000: 36.840: [GC (Allocation Failure) 2019-06-10T13:23:51.502+0000: 36.841: [DefNew: 136652K->69K(153600K), 0.0017860 secs] 181166K->44583K(494976K), 0.0018462 secs] [Times: user=0.00 sys=0.00, real=0.00 secs] 
2019-06-10T13:23:59.061+0000: 44.399: [GC (Allocation Failure) 2019-06-10T13:23:59.061+0000: 44.399: [DefNew: 136645K->73K(153600K), 0.0017386 secs] 181159K->44587K(494976K), 0.0018054 secs] [Times: user=0.00 sys=0.00, real=0.00 secs] 
2019-06-10T13:24:06.676+0000: 52.014: [GC (Allocation Failure) 2019-06-10T13:24:06.676+0000: 52.014: [DefNew: 136649K->70K(153600K), 0.0018143 secs] 181163K->44584K(494976K), 0.0018760 secs] [Times: user=0.00 sys=0.00, real=0.00 secs] 
2019-06-10T13:24:14.335+0000: 59.673: [GC (Allocation Failure) 2019-06-10T13:24:14.335+0000: 59.673: [DefNew: 136646K->72K(153600K), 0.0019070 secs] 181160K->44586K(494976K), 0.0019682 secs] [Times: user=0.01 sys=0.00, real=0.01 secs] 
2019-06-10T13:24:33.234+0000: 78.572: [GC (Allocation Failure) 2019-06-10T13:24:33.234+0000: 78.572: [DefNew: 136648K->527K(153600K), 0.0031835 secs] 181162K->45041K(494976K), 0.0032364 secs] [Times: user=0.00 sys=0.00, real=0.01 secs] 
13:24:33.302 [Curator-PathChildrenCache-0] ERROR o.a.c.f.r.c.PathChildrenCache  - 
java.lang.IllegalStateException: instance must be started before calling this method
	at org.apache.curator.shaded.com.google.common.base.Preconditions.checkState(Preconditions.java:444)
	at org.apache.curator.framework.imps.CuratorFrameworkImpl.getChildren(CuratorFrameworkImpl.java:456)
	at org.apache.curator.framework.recipes.cache.PathChildrenCache.refresh(PathChildrenCache.java:521)
	at org.apache.curator.framework.recipes.cache.RefreshOperation.invoke(RefreshOperation.java:35)
	at org.apache.curator.framework.recipes.cache.PathChildrenCache$9.run(PathChildrenCache.java:786)
	at java.util.concurrent.Executors$RunnableAdapter.call(Executors.java:511)
	at java.util.concurrent.FutureTask.run(FutureTask.java:266)
	at java.util.concurrent.Executors$RunnableAdapter.call(Executors.java:511)
	at java.util.concurrent.FutureTask.run(FutureTask.java:266)
	at java.util.concurrent.ThreadPoolExecutor.runWorker(ThreadPoolExecutor.java:1149)
	at java.util.concurrent.ThreadPoolExecutor$Worker.run(ThreadPoolExecutor.java:624)
	at java.lang.Thread.run(Thread.java:748)
Heap
 def new generation   total 153600K, used 13883K [0x00000000e0c00000, 0x00000000eb2a0000, 0x00000000eb2a0000)
  eden space 136576K,   9% used [0x00000000e0c00000, 0x00000000e190b0e0, 0x00000000e9160000)
  from space 17024K,   3% used [0x00000000ea200000, 0x00000000ea283d90, 0x00000000eb2a0000)
  to   space 17024K,   0% used [0x00000000e9160000, 0x00000000e9160000, 0x00000000ea200000)
 tenured generation   total 341376K, used 44514K [0x00000000eb2a0000, 0x0000000100000000, 0x0000000100000000)
   the space 341376K,  13% used [0x00000000eb2a0000, 0x00000000ede18868, 0x00000000ede18a00, 0x0000000100000000)
 Metaspace       used 36099K, capacity 36988K, committed 37120K, reserved 1081344K
  class space    used 4864K, capacity 5084K, committed 5120K, reserved 1048576K
