11:24:44,884 |-INFO in ch.qos.logback.classic.LoggerContext[default] - Could NOT find resource [logback-test.xml]
11:24:44,884 |-INFO in ch.qos.logback.classic.LoggerContext[default] - Could NOT find resource [logback.groovy]
11:24:44,884 |-INFO in ch.qos.logback.classic.LoggerContext[default] - Found resource [logback.xml] at [jar:file:/root/flamestream/lib/flamestream-runtime-1.0-SNAPSHOT.jar!/logback.xml]
11:24:44,885 |-WARN in ch.qos.logback.classic.LoggerContext[default] - Resource [logback.xml] occurs multiple times on the classpath.
11:24:44,886 |-WARN in ch.qos.logback.classic.LoggerContext[default] - Resource [logback.xml] occurs at [jar:file:/root/flamestream/lib/flamestream-runtime-1.0-SNAPSHOT.jar!/logback.xml]
11:24:44,886 |-WARN in ch.qos.logback.classic.LoggerContext[default] - Resource [logback.xml] occurs at [jar:file:/root/flamestream/flamestream-runtime-1.0-SNAPSHOT.jar!/logback.xml]
11:24:44,906 |-INFO in ch.qos.logback.core.joran.spi.ConfigurationWatchList@3fb6a447 - URL [jar:file:/root/flamestream/lib/flamestream-runtime-1.0-SNAPSHOT.jar!/logback.xml] is not of type file
11:24:44,981 |-INFO in ch.qos.logback.classic.joran.action.ConfigurationAction - debug attribute not set
11:24:44,982 |-INFO in ch.qos.logback.core.joran.action.AppenderAction - About to instantiate appender of type [ch.qos.logback.core.ConsoleAppender]
11:24:44,996 |-INFO in ch.qos.logback.core.joran.action.AppenderAction - Naming appender as [STDOUT]
11:24:45,014 |-INFO in ch.qos.logback.core.joran.action.NestedComplexPropertyIA - Assuming default type [ch.qos.logback.classic.encoder.PatternLayoutEncoder] for [encoder] property
11:24:45,108 |-INFO in ch.qos.logback.core.joran.action.AppenderAction - About to instantiate appender of type [ch.qos.logback.core.rolling.RollingFileAppender]
11:24:45,113 |-INFO in ch.qos.logback.core.joran.action.AppenderAction - Naming appender as [FILE]
11:24:45,144 |-INFO in c.q.l.core.rolling.TimeBasedRollingPolicy@127618319 - No compression will be used
11:24:45,145 |-INFO in c.q.l.core.rolling.TimeBasedRollingPolicy@127618319 - Will use the pattern /tmp/application_%d{yyyy-MM-dd}.%i.log for the active file
11:24:45,148 |-INFO in ch.qos.logback.core.rolling.SizeAndTimeBasedFNATP@6b2fad11 - The date pattern is 'yyyy-MM-dd' from file name pattern '/tmp/application_%d{yyyy-MM-dd}.%i.log'.
11:24:45,148 |-INFO in ch.qos.logback.core.rolling.SizeAndTimeBasedFNATP@6b2fad11 - Roll-over at midnight.
11:24:45,153 |-INFO in ch.qos.logback.core.rolling.SizeAndTimeBasedFNATP@6b2fad11 - Setting initial period to Tue Jun 11 11:23:21 UTC 2019
11:24:45,153 |-WARN in ch.qos.logback.core.rolling.SizeAndTimeBasedFNATP@6b2fad11 - SizeAndTimeBasedFNATP is deprecated. Use SizeAndTimeBasedRollingPolicy instead
11:24:45,153 |-WARN in ch.qos.logback.core.rolling.SizeAndTimeBasedFNATP@6b2fad11 - For more information see http://logback.qos.ch/manual/appenders.html#SizeAndTimeBasedRollingPolicy
11:24:45,158 |-INFO in ch.qos.logback.core.joran.action.NestedComplexPropertyIA - Assuming default type [ch.qos.logback.classic.encoder.PatternLayoutEncoder] for [encoder] property
11:24:45,162 |-INFO in ch.qos.logback.core.rolling.RollingFileAppender[FILE] - Active log file name: /tmp/application.log
11:24:45,162 |-INFO in ch.qos.logback.core.rolling.RollingFileAppender[FILE] - File property is set to [/tmp/application.log]
11:24:45,163 |-INFO in ch.qos.logback.classic.joran.action.RootLoggerAction - Setting level of ROOT logger to WARN
11:24:45,163 |-INFO in ch.qos.logback.core.joran.action.AppenderRefAction - Attaching appender named [STDOUT] to Logger[ROOT]
11:24:45,165 |-INFO in ch.qos.logback.core.joran.action.AppenderRefAction - Attaching appender named [FILE] to Logger[ROOT]
11:24:45,165 |-INFO in ch.qos.logback.classic.joran.action.ConfigurationAction - End of configuration.
11:24:45,166 |-INFO in ch.qos.logback.classic.joran.JoranConfigurator@79698539 - Registering current configuration as safe fallback point

Ama winner
Ama winner
2019-06-11T11:24:46.487+0000: 1.787: [Full GC (Metadata GC Threshold) 2019-06-11T11:24:46.487+0000: 1.787: [Tenured: 0K->15241K(341376K), 0.0391817 secs] 117750K->15241K(494976K), [Metaspace: 20729K->20729K(1067008K)], 0.0392732 secs] [Times: user=0.04 sys=0.01, real=0.04 secs] 
11:25:04.483 [Curator-PathChildrenCache-2] WARN  o.a.c.u.ZKPaths  - The version of ZooKeeper being used doesn't support Container nodes. CreateMode.PERSISTENT will be used instead.
2019-06-11T11:25:06.705+0000: 22.005: [GC (Allocation Failure) 2019-06-11T11:25:06.705+0000: 22.005: [DefNew: 117698K->16741K(153600K), 0.0181189 secs] 132940K->31982K(494976K), 0.0181892 secs] [Times: user=0.01 sys=0.01, real=0.02 secs] 
2019-06-11T11:25:07.105+0000: 22.405: [Full GC (Metadata GC Threshold) 2019-06-11T11:25:07.105+0000: 22.405: [Tenured: 15241K->43269K(341376K), 0.0465142 secs] 65533K->43269K(494976K), [Metaspace: 34497K->34497K(1079296K)], 0.0465934 secs] [Times: user=0.03 sys=0.02, real=0.05 secs] 
2019-06-11T11:25:09.006+0000: 24.306: [GC (Allocation Failure) 2019-06-11T11:25:09.006+0000: 24.306: [DefNew: 136576K->91K(153600K), 0.0019836 secs] 179845K->43360K(494976K), 0.0020433 secs] [Times: user=0.00 sys=0.00, real=0.00 secs] 
2019-06-11T11:25:10.977+0000: 26.277: [GC (Allocation Failure) 2019-06-11T11:25:10.977+0000: 26.277: [DefNew: 136667K->138K(153600K), 0.0018803 secs] 179936K->43408K(494976K), 0.0019364 secs] [Times: user=0.00 sys=0.00, real=0.00 secs] 
2019-06-11T11:25:12.945+0000: 28.245: [GC (Allocation Failure) 2019-06-11T11:25:12.945+0000: 28.245: [DefNew: 136714K->142K(153600K), 0.0017408 secs] 179984K->43412K(494976K), 0.0017974 secs] [Times: user=0.00 sys=0.00, real=0.00 secs] 
2019-06-11T11:25:14.881+0000: 30.181: [GC (Allocation Failure) 2019-06-11T11:25:14.881+0000: 30.181: [DefNew: 136718K->193K(153600K), 0.0018823 secs] 179988K->43463K(494976K), 0.0019413 secs] [Times: user=0.00 sys=0.00, real=0.00 secs] 
2019-06-11T11:25:16.840+0000: 32.140: [GC (Allocation Failure) 2019-06-11T11:25:16.840+0000: 32.140: [DefNew: 136769K->187K(153600K), 0.0018421 secs] 180039K->43456K(494976K), 0.0019060 secs] [Times: user=0.00 sys=0.00, real=0.00 secs] 
2019-06-11T11:25:18.807+0000: 34.107: [GC (Allocation Failure) 2019-06-11T11:25:18.807+0000: 34.107: [DefNew: 136763K->196K(153600K), 0.0019818 secs] 180032K->43465K(494976K), 0.0020498 secs] [Times: user=0.01 sys=0.00, real=0.01 secs] 
2019-06-11T11:25:20.782+0000: 36.082: [GC (Allocation Failure) 2019-06-11T11:25:20.782+0000: 36.082: [DefNew: 136772K->212K(153600K), 0.0019306 secs] 180041K->43482K(494976K), 0.0019892 secs] [Times: user=0.00 sys=0.00, real=0.00 secs] 
2019-06-11T11:25:22.737+0000: 38.037: [GC (Allocation Failure) 2019-06-11T11:25:22.737+0000: 38.037: [DefNew: 136788K->213K(153600K), 0.0019443 secs] 180058K->43483K(494976K), 0.0020014 secs] [Times: user=0.00 sys=0.00, real=0.00 secs] 
11:25:29.711 [Curator-PathChildrenCache-0] ERROR o.a.c.f.r.c.PathChildrenCache  - 
java.lang.IllegalStateException: instance must be started before calling this method
	at org.apache.curator.shaded.com.google.common.base.Preconditions.checkState(Preconditions.java:444)
	at org.apache.curator.framework.imps.CuratorFrameworkImpl.getChildren(CuratorFrameworkImpl.java:456)
	at org.apache.curator.framework.recipes.cache.PathChildrenCache.refresh(PathChildrenCache.java:521)
	at org.apache.curator.framework.recipes.cache.RefreshOperation.invoke(RefreshOperation.java:35)
	at org.apache.curator.framework.recipes.cache.PathChildrenCache$9.run(PathChildrenCache.java:786)
	at java.util.concurrent.Executors$RunnableAdapter.call(Executors.java:511)
	at java.util.concurrent.FutureTask.run(FutureTask.java:266)
	at java.util.concurrent.Executors$RunnableAdapter.call(Executors.java:511)
	at java.util.concurrent.FutureTask.run(FutureTask.java:266)
	at java.util.concurrent.ThreadPoolExecutor.runWorker(ThreadPoolExecutor.java:1149)
	at java.util.concurrent.ThreadPoolExecutor$Worker.run(ThreadPoolExecutor.java:624)
	at java.lang.Thread.run(Thread.java:748)
Heap
 def new generation   total 153600K, used 106173K [0x00000000e0c00000, 0x00000000eb2a0000, 0x00000000eb2a0000)
  eden space 136576K,  77% used [0x00000000e0c00000, 0x00000000e737a160, 0x00000000e9160000)
  from space 17024K,   1% used [0x00000000ea200000, 0x00000000ea2355d8, 0x00000000eb2a0000)
  to   space 17024K,   0% used [0x00000000e9160000, 0x00000000e9160000, 0x00000000ea200000)
 tenured generation   total 341376K, used 43269K [0x00000000eb2a0000, 0x0000000100000000, 0x0000000100000000)
   the space 341376K,  12% used [0x00000000eb2a0000, 0x00000000edce16d8, 0x00000000edce1800, 0x0000000100000000)
 Metaspace       used 35885K, capacity 36880K, committed 37120K, reserved 1081344K
  class space    used 4869K, capacity 5062K, committed 5120K, reserved 1048576K
