17:56:33,153 |-INFO in ch.qos.logback.classic.LoggerContext[default] - Could NOT find resource [logback-test.xml]
17:56:33,153 |-INFO in ch.qos.logback.classic.LoggerContext[default] - Could NOT find resource [logback.groovy]
17:56:33,153 |-INFO in ch.qos.logback.classic.LoggerContext[default] - Found resource [logback.xml] at [jar:file:/root/flamestream/lib/flamestream-runtime-1.0-SNAPSHOT.jar!/logback.xml]
17:56:33,158 |-WARN in ch.qos.logback.classic.LoggerContext[default] - Resource [logback.xml] occurs multiple times on the classpath.
17:56:33,158 |-WARN in ch.qos.logback.classic.LoggerContext[default] - Resource [logback.xml] occurs at [jar:file:/root/flamestream/lib/flamestream-runtime-1.0-SNAPSHOT.jar!/logback.xml]
17:56:33,158 |-WARN in ch.qos.logback.classic.LoggerContext[default] - Resource [logback.xml] occurs at [jar:file:/root/flamestream/flamestream-runtime-1.0-SNAPSHOT.jar!/logback.xml]
17:56:33,178 |-INFO in ch.qos.logback.core.joran.spi.ConfigurationWatchList@3fb6a447 - URL [jar:file:/root/flamestream/lib/flamestream-runtime-1.0-SNAPSHOT.jar!/logback.xml] is not of type file
17:56:33,248 |-INFO in ch.qos.logback.classic.joran.action.ConfigurationAction - debug attribute not set
17:56:33,248 |-INFO in ch.qos.logback.core.joran.action.AppenderAction - About to instantiate appender of type [ch.qos.logback.core.ConsoleAppender]
17:56:33,260 |-INFO in ch.qos.logback.core.joran.action.AppenderAction - Naming appender as [STDOUT]
17:56:33,274 |-INFO in ch.qos.logback.core.joran.action.NestedComplexPropertyIA - Assuming default type [ch.qos.logback.classic.encoder.PatternLayoutEncoder] for [encoder] property
17:56:33,365 |-INFO in ch.qos.logback.core.joran.action.AppenderAction - About to instantiate appender of type [ch.qos.logback.core.rolling.RollingFileAppender]
17:56:33,369 |-INFO in ch.qos.logback.core.joran.action.AppenderAction - Naming appender as [FILE]
17:56:33,406 |-INFO in c.q.l.core.rolling.TimeBasedRollingPolicy@127618319 - No compression will be used
17:56:33,407 |-INFO in c.q.l.core.rolling.TimeBasedRollingPolicy@127618319 - Will use the pattern /tmp/application_%d{yyyy-MM-dd}.%i.log for the active file
17:56:33,410 |-INFO in ch.qos.logback.core.rolling.SizeAndTimeBasedFNATP@6b2fad11 - The date pattern is 'yyyy-MM-dd' from file name pattern '/tmp/application_%d{yyyy-MM-dd}.%i.log'.
17:56:33,410 |-INFO in ch.qos.logback.core.rolling.SizeAndTimeBasedFNATP@6b2fad11 - Roll-over at midnight.
17:56:33,415 |-INFO in ch.qos.logback.core.rolling.SizeAndTimeBasedFNATP@6b2fad11 - Setting initial period to Mon Jun 10 17:55:16 UTC 2019
17:56:33,415 |-WARN in ch.qos.logback.core.rolling.SizeAndTimeBasedFNATP@6b2fad11 - SizeAndTimeBasedFNATP is deprecated. Use SizeAndTimeBasedRollingPolicy instead
17:56:33,415 |-WARN in ch.qos.logback.core.rolling.SizeAndTimeBasedFNATP@6b2fad11 - For more information see http://logback.qos.ch/manual/appenders.html#SizeAndTimeBasedRollingPolicy
17:56:33,419 |-INFO in ch.qos.logback.core.joran.action.NestedComplexPropertyIA - Assuming default type [ch.qos.logback.classic.encoder.PatternLayoutEncoder] for [encoder] property
17:56:33,424 |-INFO in ch.qos.logback.core.rolling.RollingFileAppender[FILE] - Active log file name: /tmp/application.log
17:56:33,424 |-INFO in ch.qos.logback.core.rolling.RollingFileAppender[FILE] - File property is set to [/tmp/application.log]
17:56:33,425 |-INFO in ch.qos.logback.classic.joran.action.RootLoggerAction - Setting level of ROOT logger to WARN
17:56:33,425 |-INFO in ch.qos.logback.core.joran.action.AppenderRefAction - Attaching appender named [STDOUT] to Logger[ROOT]
17:56:33,427 |-INFO in ch.qos.logback.core.joran.action.AppenderRefAction - Attaching appender named [FILE] to Logger[ROOT]
17:56:33,427 |-INFO in ch.qos.logback.classic.joran.action.ConfigurationAction - End of configuration.
17:56:33,427 |-INFO in ch.qos.logback.classic.joran.JoranConfigurator@79698539 - Registering current configuration as safe fallback point

Ama winner
Ama winner
2019-06-10T17:56:34.733+0000: 1.763: [Full GC (Metadata GC Threshold) 2019-06-10T17:56:34.733+0000: 1.763: [Tenured: 0K->15241K(341376K), 0.0387310 secs] 114986K->15241K(494976K), [Metaspace: 20735K->20735K(1067008K)], 0.0388001 secs] [Times: user=0.04 sys=0.00, real=0.03 secs] 
17:56:57.143 [Curator-PathChildrenCache-2] WARN  o.a.c.u.ZKPaths  - The version of ZooKeeper being used doesn't support Container nodes. CreateMode.PERSISTENT will be used instead.
2019-06-10T17:56:59.554+0000: 26.584: [GC (Allocation Failure) 2019-06-10T17:56:59.554+0000: 26.584: [DefNew: 136109K->16937K(153600K), 0.0250941 secs] 151350K->51710K(494976K), 0.0251607 secs] [Times: user=0.01 sys=0.01, real=0.02 secs] 
2019-06-10T17:56:59.907+0000: 26.937: [Full GC (Metadata GC Threshold) 2019-06-10T17:56:59.907+0000: 26.937: [Tenured: 34772K->43561K(341376K), 0.0363138 secs] 66710K->43561K(494976K), [Metaspace: 34599K->34599K(1079296K)], 0.0363819 secs] [Times: user=0.03 sys=0.01, real=0.03 secs] 
2019-06-10T17:57:04.551+0000: 31.581: [GC (Allocation Failure) 2019-06-10T17:57:04.551+0000: 31.581: [DefNew: 136576K->202K(153600K), 0.0023591 secs] 180137K->43763K(494976K), 0.0024267 secs] [Times: user=0.00 sys=0.00, real=0.01 secs] 
2019-06-10T17:57:09.020+0000: 36.050: [GC (Allocation Failure) 2019-06-10T17:57:09.021+0000: 36.051: [DefNew: 136778K->232K(153600K), 0.0021787 secs] 180339K->43794K(494976K), 0.0022408 secs] [Times: user=0.00 sys=0.00, real=0.00 secs] 
2019-06-10T17:57:13.551+0000: 40.581: [GC (Allocation Failure) 2019-06-10T17:57:13.551+0000: 40.581: [DefNew: 136808K->240K(153600K), 0.0021257 secs] 180370K->43801K(494976K), 0.0022032 secs] [Times: user=0.00 sys=0.00, real=0.00 secs] 
2019-06-10T17:57:18.091+0000: 45.121: [GC (Allocation Failure) 2019-06-10T17:57:18.091+0000: 45.121: [DefNew: 136816K->232K(153600K), 0.0021023 secs] 180377K->43794K(494976K), 0.0021610 secs] [Times: user=0.00 sys=0.00, real=0.00 secs] 
2019-06-10T17:57:22.632+0000: 49.662: [GC (Allocation Failure) 2019-06-10T17:57:22.632+0000: 49.662: [DefNew: 136808K->230K(153600K), 0.0021251 secs] 180370K->43792K(494976K), 0.0021858 secs] [Times: user=0.00 sys=0.00, real=0.01 secs] 
2019-06-10T17:57:27.145+0000: 54.175: [GC (Allocation Failure) 2019-06-10T17:57:27.145+0000: 54.175: [DefNew: 136806K->229K(153600K), 0.0021315 secs] 180368K->43790K(494976K), 0.0022054 secs] [Times: user=0.00 sys=0.00, real=0.00 secs] 
2019-06-10T17:57:31.701+0000: 58.731: [GC (Allocation Failure) 2019-06-10T17:57:31.701+0000: 58.731: [DefNew: 136805K->232K(153600K), 0.0021387 secs] 180366K->43794K(494976K), 0.0022023 secs] [Times: user=0.00 sys=0.00, real=0.00 secs] 
2019-06-10T17:57:36.301+0000: 63.331: [GC (Allocation Failure) 2019-06-10T17:57:36.301+0000: 63.331: [DefNew: 136808K->548K(153600K), 0.0026686 secs] 180370K->44109K(494976K), 0.0027274 secs] [Times: user=0.01 sys=0.00, real=0.00 secs] 
2019-06-10T17:57:48.791+0000: 75.821: [GC (Allocation Failure) 2019-06-10T17:57:48.791+0000: 75.821: [DefNew: 137124K->348K(153600K), 0.0025892 secs] 180685K->43910K(494976K), 0.0026568 secs] [Times: user=0.00 sys=0.00, real=0.01 secs] 
17:57:53.273 [Curator-PathChildrenCache-0] ERROR o.a.c.f.r.c.PathChildrenCache  - 
java.lang.IllegalStateException: instance must be started before calling this method
	at org.apache.curator.shaded.com.google.common.base.Preconditions.checkState(Preconditions.java:444)
	at org.apache.curator.framework.imps.CuratorFrameworkImpl.getChildren(CuratorFrameworkImpl.java:456)
	at org.apache.curator.framework.recipes.cache.PathChildrenCache.refresh(PathChildrenCache.java:521)
	at org.apache.curator.framework.recipes.cache.RefreshOperation.invoke(RefreshOperation.java:35)
	at org.apache.curator.framework.recipes.cache.PathChildrenCache$9.run(PathChildrenCache.java:786)
	at java.util.concurrent.Executors$RunnableAdapter.call(Executors.java:511)
	at java.util.concurrent.FutureTask.run(FutureTask.java:266)
	at java.util.concurrent.Executors$RunnableAdapter.call(Executors.java:511)
	at java.util.concurrent.FutureTask.run(FutureTask.java:266)
	at java.util.concurrent.ThreadPoolExecutor.runWorker(ThreadPoolExecutor.java:1149)
	at java.util.concurrent.ThreadPoolExecutor$Worker.run(ThreadPoolExecutor.java:624)
	at java.lang.Thread.run(Thread.java:748)
Heap
 def new generation   total 153600K, used 40504K [0x00000000e0c00000, 0x00000000eb2a0000, 0x00000000eb2a0000)
  eden space 136576K,  29% used [0x00000000e0c00000, 0x00000000e33371f0, 0x00000000e9160000)
  from space 17024K,   2% used [0x00000000e9160000, 0x00000000e91b71f0, 0x00000000ea200000)
  to   space 17024K,   0% used [0x00000000ea200000, 0x00000000ea200000, 0x00000000eb2a0000)
 tenured generation   total 341376K, used 43561K [0x00000000eb2a0000, 0x0000000100000000, 0x0000000100000000)
   the space 341376K,  12% used [0x00000000eb2a0000, 0x00000000edd2a658, 0x00000000edd2a800, 0x0000000100000000)
 Metaspace       used 36408K, capacity 37378K, committed 37504K, reserved 1081344K
  class space    used 4900K, capacity 5123K, committed 5248K, reserved 1048576K
