05:31:15,926 |-INFO in ch.qos.logback.classic.LoggerContext[default] - Could NOT find resource [logback-test.xml]
05:31:15,926 |-INFO in ch.qos.logback.classic.LoggerContext[default] - Could NOT find resource [logback.groovy]
05:31:15,926 |-INFO in ch.qos.logback.classic.LoggerContext[default] - Found resource [logback.xml] at [jar:file:/root/flamestream/lib/flamestream-runtime-1.0-SNAPSHOT.jar!/logback.xml]
05:31:15,928 |-WARN in ch.qos.logback.classic.LoggerContext[default] - Resource [logback.xml] occurs multiple times on the classpath.
05:31:15,928 |-WARN in ch.qos.logback.classic.LoggerContext[default] - Resource [logback.xml] occurs at [jar:file:/root/flamestream/lib/flamestream-runtime-1.0-SNAPSHOT.jar!/logback.xml]
05:31:15,928 |-WARN in ch.qos.logback.classic.LoggerContext[default] - Resource [logback.xml] occurs at [jar:file:/root/flamestream/flamestream-runtime-1.0-SNAPSHOT.jar!/logback.xml]
05:31:15,948 |-INFO in ch.qos.logback.core.joran.spi.ConfigurationWatchList@3fb6a447 - URL [jar:file:/root/flamestream/lib/flamestream-runtime-1.0-SNAPSHOT.jar!/logback.xml] is not of type file
05:31:16,019 |-INFO in ch.qos.logback.classic.joran.action.ConfigurationAction - debug attribute not set
05:31:16,019 |-INFO in ch.qos.logback.core.joran.action.AppenderAction - About to instantiate appender of type [ch.qos.logback.core.ConsoleAppender]
05:31:16,039 |-INFO in ch.qos.logback.core.joran.action.AppenderAction - Naming appender as [STDOUT]
05:31:16,053 |-INFO in ch.qos.logback.core.joran.action.NestedComplexPropertyIA - Assuming default type [ch.qos.logback.classic.encoder.PatternLayoutEncoder] for [encoder] property
05:31:16,143 |-INFO in ch.qos.logback.core.joran.action.AppenderAction - About to instantiate appender of type [ch.qos.logback.core.rolling.RollingFileAppender]
05:31:16,148 |-INFO in ch.qos.logback.core.joran.action.AppenderAction - Naming appender as [FILE]
05:31:16,180 |-INFO in c.q.l.core.rolling.TimeBasedRollingPolicy@127618319 - No compression will be used
05:31:16,181 |-INFO in c.q.l.core.rolling.TimeBasedRollingPolicy@127618319 - Will use the pattern /tmp/application_%d{yyyy-MM-dd}.%i.log for the active file
05:31:16,184 |-INFO in ch.qos.logback.core.rolling.SizeAndTimeBasedFNATP@6b2fad11 - The date pattern is 'yyyy-MM-dd' from file name pattern '/tmp/application_%d{yyyy-MM-dd}.%i.log'.
05:31:16,184 |-INFO in ch.qos.logback.core.rolling.SizeAndTimeBasedFNATP@6b2fad11 - Roll-over at midnight.
05:31:16,189 |-INFO in ch.qos.logback.core.rolling.SizeAndTimeBasedFNATP@6b2fad11 - Setting initial period to Tue Jun 11 05:29:54 UTC 2019
05:31:16,189 |-WARN in ch.qos.logback.core.rolling.SizeAndTimeBasedFNATP@6b2fad11 - SizeAndTimeBasedFNATP is deprecated. Use SizeAndTimeBasedRollingPolicy instead
05:31:16,189 |-WARN in ch.qos.logback.core.rolling.SizeAndTimeBasedFNATP@6b2fad11 - For more information see http://logback.qos.ch/manual/appenders.html#SizeAndTimeBasedRollingPolicy
05:31:16,193 |-INFO in ch.qos.logback.core.joran.action.NestedComplexPropertyIA - Assuming default type [ch.qos.logback.classic.encoder.PatternLayoutEncoder] for [encoder] property
05:31:16,198 |-INFO in ch.qos.logback.core.rolling.RollingFileAppender[FILE] - Active log file name: /tmp/application.log
05:31:16,198 |-INFO in ch.qos.logback.core.rolling.RollingFileAppender[FILE] - File property is set to [/tmp/application.log]
05:31:16,199 |-INFO in ch.qos.logback.classic.joran.action.RootLoggerAction - Setting level of ROOT logger to WARN
05:31:16,199 |-INFO in ch.qos.logback.core.joran.action.AppenderRefAction - Attaching appender named [STDOUT] to Logger[ROOT]
05:31:16,201 |-INFO in ch.qos.logback.core.joran.action.AppenderRefAction - Attaching appender named [FILE] to Logger[ROOT]
05:31:16,201 |-INFO in ch.qos.logback.classic.joran.action.ConfigurationAction - End of configuration.
05:31:16,201 |-INFO in ch.qos.logback.classic.joran.JoranConfigurator@79698539 - Registering current configuration as safe fallback point

Ama winner
Ama winner
2019-06-11T05:31:17.483+0000: 1.739: [Full GC (Metadata GC Threshold) 2019-06-11T05:31:17.483+0000: 1.739: [Tenured: 0K->15242K(341376K), 0.0408079 secs] 114923K->15242K(494976K), [Metaspace: 20737K->20737K(1067008K)], 0.0408876 secs] [Times: user=0.04 sys=0.00, real=0.04 secs] 
05:31:36.125 [Curator-PathChildrenCache-1] WARN  o.a.c.u.ZKPaths  - The version of ZooKeeper being used doesn't support Container nodes. CreateMode.PERSISTENT will be used instead.
2019-06-11T05:31:38.638+0000: 22.894: [GC (Allocation Failure) 2019-06-11T05:31:38.638+0000: 22.894: [DefNew: 136576K->17023K(153600K), 0.0326888 secs] 151818K->52557K(494976K), 0.0327708 secs] [Times: user=0.02 sys=0.01, real=0.04 secs] 
2019-06-11T05:31:45.624+0000: 29.880: [GC (Allocation Failure) 2019-06-11T05:31:45.624+0000: 29.880: [DefNew: 153599K->535K(153600K), 0.0102716 secs] 189133K->44158K(494976K), 0.0103368 secs] [Times: user=0.01 sys=0.00, real=0.01 secs] 
2019-06-11T05:31:47.073+0000: 31.328: [Full GC (Metadata GC Threshold) 2019-06-11T05:31:47.073+0000: 31.328: [Tenured: 43623K->44121K(341376K), 0.0379491 secs] 74870K->44121K(494976K), [Metaspace: 34637K->34637K(1079296K)], 0.0380444 secs] [Times: user=0.04 sys=0.00, real=0.04 secs] 
2019-06-11T05:31:54.018+0000: 38.274: [GC (Allocation Failure) 2019-06-11T05:31:54.018+0000: 38.274: [DefNew: 136576K->84K(153600K), 0.0017238 secs] 180697K->44205K(494976K), 0.0017859 secs] [Times: user=0.01 sys=0.00, real=0.01 secs] 
2019-06-11T05:32:01.120+0000: 45.375: [GC (Allocation Failure) 2019-06-11T05:32:01.120+0000: 45.375: [DefNew: 136660K->83K(153600K), 0.0016593 secs] 180781K->44204K(494976K), 0.0017266 secs] [Times: user=0.00 sys=0.00, real=0.00 secs] 
2019-06-11T05:32:08.235+0000: 52.491: [GC (Allocation Failure) 2019-06-11T05:32:08.235+0000: 52.491: [DefNew: 136659K->79K(153600K), 0.0016741 secs] 180780K->44200K(494976K), 0.0017471 secs] [Times: user=0.00 sys=0.00, real=0.00 secs] 
2019-06-11T05:32:15.353+0000: 59.609: [GC (Allocation Failure) 2019-06-11T05:32:15.353+0000: 59.609: [DefNew: 136655K->81K(153600K), 0.0016727 secs] 180776K->44202K(494976K), 0.0017335 secs] [Times: user=0.00 sys=0.00, real=0.00 secs] 
05:32:31.129 [Curator-PathChildrenCache-0] ERROR o.a.c.f.r.c.PathChildrenCache  - 
java.lang.IllegalStateException: instance must be started before calling this method
	at org.apache.curator.shaded.com.google.common.base.Preconditions.checkState(Preconditions.java:444)
	at org.apache.curator.framework.imps.CuratorFrameworkImpl.getChildren(CuratorFrameworkImpl.java:456)
	at org.apache.curator.framework.recipes.cache.PathChildrenCache.refresh(PathChildrenCache.java:521)
	at org.apache.curator.framework.recipes.cache.RefreshOperation.invoke(RefreshOperation.java:35)
	at org.apache.curator.framework.recipes.cache.PathChildrenCache$9.run(PathChildrenCache.java:786)
	at java.util.concurrent.Executors$RunnableAdapter.call(Executors.java:511)
	at java.util.concurrent.FutureTask.run(FutureTask.java:266)
	at java.util.concurrent.Executors$RunnableAdapter.call(Executors.java:511)
	at java.util.concurrent.FutureTask.run(FutureTask.java:266)
	at java.util.concurrent.ThreadPoolExecutor.runWorker(ThreadPoolExecutor.java:1149)
	at java.util.concurrent.ThreadPoolExecutor$Worker.run(ThreadPoolExecutor.java:624)
	at java.lang.Thread.run(Thread.java:748)
Heap
 def new generation   total 153600K, used 135769K [0x00000000e0c00000, 0x00000000eb2a0000, 0x00000000eb2a0000)
  eden space 136576K,  99% used [0x00000000e0c00000, 0x00000000e90822a0, 0x00000000e9160000)
  from space 17024K,   0% used [0x00000000e9160000, 0x00000000e9174520, 0x00000000ea200000)
  to   space 17024K,   0% used [0x00000000ea200000, 0x00000000ea200000, 0x00000000eb2a0000)
 tenured generation   total 341376K, used 44121K [0x00000000eb2a0000, 0x0000000100000000, 0x0000000100000000)
   the space 341376K,  12% used [0x00000000eb2a0000, 0x00000000eddb64b8, 0x00000000eddb6600, 0x0000000100000000)
 Metaspace       used 36117K, capacity 36994K, committed 37120K, reserved 1081344K
  class space    used 4869K, capacity 5075K, committed 5120K, reserved 1048576K
