16:16:16,021 |-INFO in ch.qos.logback.classic.LoggerContext[default] - Could NOT find resource [logback-test.xml]
16:16:16,025 |-INFO in ch.qos.logback.classic.LoggerContext[default] - Could NOT find resource [logback.groovy]
16:16:16,026 |-INFO in ch.qos.logback.classic.LoggerContext[default] - Found resource [logback.xml] at [jar:file:/root/flamestream/lib/flamestream-runtime-1.0-SNAPSHOT.jar!/logback.xml]
16:16:16,026 |-WARN in ch.qos.logback.classic.LoggerContext[default] - Resource [logback.xml] occurs multiple times on the classpath.
16:16:16,027 |-WARN in ch.qos.logback.classic.LoggerContext[default] - Resource [logback.xml] occurs at [jar:file:/root/flamestream/lib/flamestream-runtime-1.0-SNAPSHOT.jar!/logback.xml]
16:16:16,027 |-WARN in ch.qos.logback.classic.LoggerContext[default] - Resource [logback.xml] occurs at [jar:file:/root/flamestream/flamestream-runtime-1.0-SNAPSHOT.jar!/logback.xml]
16:16:16,046 |-INFO in ch.qos.logback.core.joran.spi.ConfigurationWatchList@3fb6a447 - URL [jar:file:/root/flamestream/lib/flamestream-runtime-1.0-SNAPSHOT.jar!/logback.xml] is not of type file
16:16:16,112 |-INFO in ch.qos.logback.classic.joran.action.ConfigurationAction - debug attribute not set
16:16:16,112 |-INFO in ch.qos.logback.core.joran.action.AppenderAction - About to instantiate appender of type [ch.qos.logback.core.ConsoleAppender]
16:16:16,128 |-INFO in ch.qos.logback.core.joran.action.AppenderAction - Naming appender as [STDOUT]
16:16:16,148 |-INFO in ch.qos.logback.core.joran.action.NestedComplexPropertyIA - Assuming default type [ch.qos.logback.classic.encoder.PatternLayoutEncoder] for [encoder] property
16:16:16,231 |-INFO in ch.qos.logback.core.joran.action.AppenderAction - About to instantiate appender of type [ch.qos.logback.core.rolling.RollingFileAppender]
16:16:16,236 |-INFO in ch.qos.logback.core.joran.action.AppenderAction - Naming appender as [FILE]
16:16:16,266 |-INFO in c.q.l.core.rolling.TimeBasedRollingPolicy@127618319 - No compression will be used
16:16:16,267 |-INFO in c.q.l.core.rolling.TimeBasedRollingPolicy@127618319 - Will use the pattern /tmp/application_%d{yyyy-MM-dd}.%i.log for the active file
16:16:16,270 |-INFO in ch.qos.logback.core.rolling.SizeAndTimeBasedFNATP@6b2fad11 - The date pattern is 'yyyy-MM-dd' from file name pattern '/tmp/application_%d{yyyy-MM-dd}.%i.log'.
16:16:16,270 |-INFO in ch.qos.logback.core.rolling.SizeAndTimeBasedFNATP@6b2fad11 - Roll-over at midnight.
16:16:16,275 |-INFO in ch.qos.logback.core.rolling.SizeAndTimeBasedFNATP@6b2fad11 - Setting initial period to Mon Jun 10 16:14:47 UTC 2019
16:16:16,276 |-WARN in ch.qos.logback.core.rolling.SizeAndTimeBasedFNATP@6b2fad11 - SizeAndTimeBasedFNATP is deprecated. Use SizeAndTimeBasedRollingPolicy instead
16:16:16,276 |-WARN in ch.qos.logback.core.rolling.SizeAndTimeBasedFNATP@6b2fad11 - For more information see http://logback.qos.ch/manual/appenders.html#SizeAndTimeBasedRollingPolicy
16:16:16,280 |-INFO in ch.qos.logback.core.joran.action.NestedComplexPropertyIA - Assuming default type [ch.qos.logback.classic.encoder.PatternLayoutEncoder] for [encoder] property
16:16:16,284 |-INFO in ch.qos.logback.core.rolling.RollingFileAppender[FILE] - Active log file name: /tmp/application.log
16:16:16,284 |-INFO in ch.qos.logback.core.rolling.RollingFileAppender[FILE] - File property is set to [/tmp/application.log]
16:16:16,285 |-INFO in ch.qos.logback.classic.joran.action.RootLoggerAction - Setting level of ROOT logger to WARN
16:16:16,285 |-INFO in ch.qos.logback.core.joran.action.AppenderRefAction - Attaching appender named [STDOUT] to Logger[ROOT]
16:16:16,287 |-INFO in ch.qos.logback.core.joran.action.AppenderRefAction - Attaching appender named [FILE] to Logger[ROOT]
16:16:16,287 |-INFO in ch.qos.logback.classic.joran.action.ConfigurationAction - End of configuration.
16:16:16,288 |-INFO in ch.qos.logback.classic.joran.JoranConfigurator@79698539 - Registering current configuration as safe fallback point

Ama winner
Ama winner
2019-06-10T16:16:17.907+0000: 2.066: [Full GC (Metadata GC Threshold) 2019-06-10T16:16:17.907+0000: 2.066: [Tenured: 0K->15144K(341376K), 0.0391561 secs] 117719K->15144K(494976K), [Metaspace: 20743K->20743K(1067008K)], 0.0392239 secs] [Times: user=0.03 sys=0.01, real=0.04 secs] 
16:16:30.871 [Curator-PathChildrenCache-1] WARN  o.a.c.u.ZKPaths  - The version of ZooKeeper being used doesn't support Container nodes. CreateMode.PERSISTENT will be used instead.
2019-06-10T16:16:32.933+0000: 17.091: [GC (Allocation Failure) 2019-06-10T16:16:32.933+0000: 17.091: [DefNew: 136576K->17024K(153600K), 0.0254366 secs] 151720K->52710K(494976K), 0.0255156 secs] [Times: user=0.01 sys=0.01, real=0.03 secs] 
2019-06-10T16:16:34.694+0000: 18.853: [Full GC (Metadata GC Threshold) 2019-06-10T16:16:34.694+0000: 18.853: [Tenured: 35686K->44623K(341376K), 0.0410594 secs] 88128K->44623K(494976K), [Metaspace: 34639K->34639K(1079296K)], 0.0411341 secs] [Times: user=0.03 sys=0.01, real=0.04 secs] 
2019-06-10T16:16:40.651+0000: 24.810: [GC (Allocation Failure) 2019-06-10T16:16:40.652+0000: 24.810: [DefNew: 136576K->68K(153600K), 0.0017944 secs] 181199K->44691K(494976K), 0.0018532 secs] [Times: user=0.00 sys=0.00, real=0.01 secs] 
2019-06-10T16:16:46.565+0000: 30.724: [GC (Allocation Failure) 2019-06-10T16:16:46.566+0000: 30.724: [DefNew: 136644K->69K(153600K), 0.0016640 secs] 181267K->44693K(494976K), 0.0017186 secs] [Times: user=0.01 sys=0.00, real=0.00 secs] 
2019-06-10T16:16:52.356+0000: 36.515: [GC (Allocation Failure) 2019-06-10T16:16:52.356+0000: 36.515: [DefNew: 136645K->72K(153600K), 0.0017679 secs] 181269K->44695K(494976K), 0.0018298 secs] [Times: user=0.00 sys=0.00, real=0.00 secs] 
2019-06-10T16:16:58.065+0000: 42.223: [GC (Allocation Failure) 2019-06-10T16:16:58.065+0000: 42.223: [DefNew: 136648K->68K(153600K), 0.0017103 secs] 181271K->44692K(494976K), 0.0017726 secs] [Times: user=0.00 sys=0.00, real=0.01 secs] 
2019-06-10T16:17:10.987+0000: 55.145: [GC (Allocation Failure) 2019-06-10T16:17:10.987+0000: 55.145: [DefNew: 136644K->69K(153600K), 0.0017979 secs] 181268K->44693K(494976K), 0.0018582 secs] [Times: user=0.00 sys=0.00, real=0.00 secs] 
16:17:11.212 [Curator-PathChildrenCache-0] ERROR o.a.c.f.r.c.PathChildrenCache  - 
java.lang.IllegalStateException: instance must be started before calling this method
	at org.apache.curator.shaded.com.google.common.base.Preconditions.checkState(Preconditions.java:444)
	at org.apache.curator.framework.imps.CuratorFrameworkImpl.getChildren(CuratorFrameworkImpl.java:456)
	at org.apache.curator.framework.recipes.cache.PathChildrenCache.refresh(PathChildrenCache.java:521)
	at org.apache.curator.framework.recipes.cache.RefreshOperation.invoke(RefreshOperation.java:35)
	at org.apache.curator.framework.recipes.cache.PathChildrenCache$9.run(PathChildrenCache.java:786)
	at java.util.concurrent.Executors$RunnableAdapter.call(Executors.java:511)
	at java.util.concurrent.FutureTask.run(FutureTask.java:266)
	at java.util.concurrent.Executors$RunnableAdapter.call(Executors.java:511)
	at java.util.concurrent.FutureTask.run(FutureTask.java:266)
	at java.util.concurrent.ThreadPoolExecutor.runWorker(ThreadPoolExecutor.java:1149)
	at java.util.concurrent.ThreadPoolExecutor$Worker.run(ThreadPoolExecutor.java:624)
	at java.lang.Thread.run(Thread.java:748)
Heap
 def new generation   total 153600K, used 29207K [0x00000000e0c00000, 0x00000000eb2a0000, 0x00000000eb2a0000)
  eden space 136576K,  21% used [0x00000000e0c00000, 0x00000000e2874668, 0x00000000e9160000)
  from space 17024K,   0% used [0x00000000e9160000, 0x00000000e91715d8, 0x00000000ea200000)
  to   space 17024K,   0% used [0x00000000ea200000, 0x00000000ea200000, 0x00000000eb2a0000)
 tenured generation   total 341376K, used 44623K [0x00000000eb2a0000, 0x0000000100000000, 0x0000000100000000)
   the space 341376K,  13% used [0x00000000eb2a0000, 0x00000000ede33ef8, 0x00000000ede34000, 0x0000000100000000)
 Metaspace       used 35904K, capacity 36832K, committed 37120K, reserved 1081344K
  class space    used 4827K, capacity 5042K, committed 5120K, reserved 1048576K
