22:24:42,637 |-INFO in ch.qos.logback.classic.LoggerContext[default] - Could NOT find resource [logback-test.xml]
22:24:42,637 |-INFO in ch.qos.logback.classic.LoggerContext[default] - Could NOT find resource [logback.groovy]
22:24:42,637 |-INFO in ch.qos.logback.classic.LoggerContext[default] - Found resource [logback.xml] at [jar:file:/home/nikitasokolov/flamestream/lib/flamestream-runtime-1.0-SNAPSHOT.jar!/logback.xml]
22:24:42,638 |-WARN in ch.qos.logback.classic.LoggerContext[default] - Resource [logback.xml] occurs multiple times on the classpath.
22:24:42,638 |-WARN in ch.qos.logback.classic.LoggerContext[default] - Resource [logback.xml] occurs at [jar:file:/home/nikitasokolov/flamestream/lib/flamestream-runtime-1.0-SNAPSHOT.jar!/logback.xml]
22:24:42,638 |-WARN in ch.qos.logback.classic.LoggerContext[default] - Resource [logback.xml] occurs at [jar:file:/home/nikitasokolov/flamestream/flamestream-runtime-1.0-SNAPSHOT.jar!/logback.xml]
22:24:42,654 |-INFO in ch.qos.logback.core.joran.spi.ConfigurationWatchList@6bf256fa - URL [jar:file:/home/nikitasokolov/flamestream/lib/flamestream-runtime-1.0-SNAPSHOT.jar!/logback.xml] is not of type file
22:24:42,704 |-INFO in ch.qos.logback.classic.joran.action.ConfigurationAction - debug attribute not set
22:24:42,705 |-INFO in ch.qos.logback.core.joran.action.AppenderAction - About to instantiate appender of type [ch.qos.logback.core.ConsoleAppender]
22:24:42,712 |-INFO in ch.qos.logback.core.joran.action.AppenderAction - Naming appender as [STDOUT]
22:24:42,719 |-INFO in ch.qos.logback.core.joran.action.NestedComplexPropertyIA - Assuming default type [ch.qos.logback.classic.encoder.PatternLayoutEncoder] for [encoder] property
22:24:42,773 |-INFO in ch.qos.logback.core.joran.action.AppenderAction - About to instantiate appender of type [ch.qos.logback.core.rolling.RollingFileAppender]
22:24:42,778 |-INFO in ch.qos.logback.core.joran.action.AppenderAction - Naming appender as [FILE]
22:24:42,800 |-INFO in c.q.l.core.rolling.TimeBasedRollingPolicy@114132791 - No compression will be used
22:24:42,801 |-INFO in c.q.l.core.rolling.TimeBasedRollingPolicy@114132791 - Will use the pattern /tmp/application_%d{yyyy-MM-dd}.%i.log for the active file
22:24:42,804 |-INFO in ch.qos.logback.core.rolling.SizeAndTimeBasedFNATP@22f71333 - The date pattern is 'yyyy-MM-dd' from file name pattern '/tmp/application_%d{yyyy-MM-dd}.%i.log'.
22:24:42,804 |-INFO in ch.qos.logback.core.rolling.SizeAndTimeBasedFNATP@22f71333 - Roll-over at midnight.
22:24:42,809 |-INFO in ch.qos.logback.core.rolling.SizeAndTimeBasedFNATP@22f71333 - Setting initial period to Tue May 28 22:23:56 MSK 2019
22:24:42,809 |-WARN in ch.qos.logback.core.rolling.SizeAndTimeBasedFNATP@22f71333 - SizeAndTimeBasedFNATP is deprecated. Use SizeAndTimeBasedRollingPolicy instead
22:24:42,809 |-WARN in ch.qos.logback.core.rolling.SizeAndTimeBasedFNATP@22f71333 - For more information see http://logback.qos.ch/manual/appenders.html#SizeAndTimeBasedRollingPolicy
22:24:42,813 |-INFO in ch.qos.logback.core.joran.action.NestedComplexPropertyIA - Assuming default type [ch.qos.logback.classic.encoder.PatternLayoutEncoder] for [encoder] property
22:24:42,815 |-INFO in ch.qos.logback.core.rolling.RollingFileAppender[FILE] - Active log file name: /tmp/application.log
22:24:42,815 |-INFO in ch.qos.logback.core.rolling.RollingFileAppender[FILE] - File property is set to [/tmp/application.log]
22:24:42,816 |-INFO in ch.qos.logback.classic.joran.action.RootLoggerAction - Setting level of ROOT logger to WARN
22:24:42,817 |-INFO in ch.qos.logback.core.joran.action.AppenderRefAction - Attaching appender named [STDOUT] to Logger[ROOT]
22:24:42,817 |-INFO in ch.qos.logback.core.joran.action.AppenderRefAction - Attaching appender named [FILE] to Logger[ROOT]
22:24:42,817 |-INFO in ch.qos.logback.classic.joran.action.ConfigurationAction - End of configuration.
22:24:42,818 |-INFO in ch.qos.logback.classic.joran.JoranConfigurator@13969fbe - Registering current configuration as safe fallback point

Ama winner
Ama winner
2019-05-28T22:24:43.793+0300: 1.353: [GC (Metadata GC Threshold) [PSYoungGen: 95242K->15886K(149504K)] 95242K->15966K(491008K), 0.0195157 secs] [Times: user=0.06 sys=0.04, real=0.02 secs] 
2019-05-28T22:24:43.812+0300: 1.373: [Full GC (Metadata GC Threshold) [PSYoungGen: 15886K->0K(149504K)] [ParOldGen: 80K->14989K(341504K)] 15966K->14989K(491008K), [Metaspace: 20803K->20803K(1067008K)], 0.0267432 secs] [Times: user=0.16 sys=0.01, real=0.03 secs] 
22:24:50.809 [Curator-PathChildrenCache-1] WARN  o.a.c.u.ZKPaths  - The version of ZooKeeper being used doesn't support Container nodes. CreateMode.PERSISTENT will be used instead.
2019-05-28T22:24:51.702+0300: 9.263: [GC (Metadata GC Threshold) [PSYoungGen: 123737K->15972K(149504K)] 138727K->50501K(491008K), 0.0282677 secs] [Times: user=0.22 sys=0.02, real=0.02 secs] 
2019-05-28T22:24:51.731+0300: 9.291: [Full GC (Metadata GC Threshold) [PSYoungGen: 15972K->0K(149504K)] [ParOldGen: 34529K->38983K(341504K)] 50501K->38983K(491008K), [Metaspace: 34492K->34492K(1079296K)], 0.0379255 secs] [Times: user=0.19 sys=0.01, real=0.04 secs] 
2019-05-28T22:24:53.817+0300: 11.378: [GC (Allocation Failure) [PSYoungGen: 128512K->512K(149504K)] 167495K->39503K(491008K), 0.0032065 secs] [Times: user=0.02 sys=0.00, real=0.01 secs] 
2019-05-28T22:24:55.845+0300: 13.405: [GC (Allocation Failure) [PSYoungGen: 129024K->800K(149504K)] 168015K->39799K(491008K), 0.0874980 secs] [Times: user=0.02 sys=0.00, real=0.09 secs] 
2019-05-28T22:24:57.421+0300: 14.981: [GC (Allocation Failure) [PSYoungGen: 129312K->896K(129536K)] 168311K->39903K(471040K), 0.0031386 secs] [Times: user=0.03 sys=0.01, real=0.00 secs] 
2019-05-28T22:24:59.064+0300: 16.624: [GC (Allocation Failure) [PSYoungGen: 129408K->832K(150016K)] 168415K->39839K(491520K), 0.0030158 secs] [Times: user=0.02 sys=0.00, real=0.00 secs] 
2019-05-28T22:25:00.616+0300: 18.176: [GC (Allocation Failure) [PSYoungGen: 129344K->992K(148992K)] 168351K->40007K(490496K), 0.0026408 secs] [Times: user=0.01 sys=0.01, real=0.00 secs] 
2019-05-28T22:25:01.863+0300: 19.423: [GC (Allocation Failure) [PSYoungGen: 129504K->992K(151552K)] 168519K->40015K(493056K), 0.0036387 secs] [Times: user=0.01 sys=0.00, real=0.00 secs] 
2019-05-28T22:25:03.309+0300: 20.869: [GC (Allocation Failure) [PSYoungGen: 133088K->1024K(151040K)] 172111K->40055K(492544K), 0.0038777 secs] [Times: user=0.02 sys=0.00, real=0.01 secs] 
2019-05-28T22:25:04.730+0300: 22.290: [GC (Allocation Failure) [PSYoungGen: 133120K->960K(153600K)] 172151K->39999K(495104K), 0.0029920 secs] [Times: user=0.01 sys=0.00, real=0.01 secs] 
2019-05-28T22:25:05.943+0300: 23.503: [GC (Allocation Failure) [PSYoungGen: 136640K->928K(152576K)] 175679K->39975K(494080K), 0.0026475 secs] [Times: user=0.02 sys=0.01, real=0.00 secs] 
2019-05-28T22:25:07.318+0300: 24.878: [GC (Allocation Failure) [PSYoungGen: 136608K->1056K(155136K)] 175655K->40111K(496640K), 0.0028320 secs] [Times: user=0.01 sys=0.00, real=0.01 secs] 
2019-05-28T22:25:08.727+0300: 26.288: [GC (Allocation Failure) [PSYoungGen: 139808K->1056K(154112K)] 178863K->40111K(495616K), 0.0024701 secs] [Times: user=0.01 sys=0.00, real=0.00 secs] 
2019-05-28T22:25:10.070+0300: 27.631: [GC (Allocation Failure) [PSYoungGen: 139808K->1024K(156672K)] 178863K->40079K(498176K), 0.0027719 secs] [Times: user=0.01 sys=0.00, real=0.01 secs] 
2019-05-28T22:25:11.665+0300: 29.225: [GC (Allocation Failure) [PSYoungGen: 142848K->1120K(155648K)] 181903K->40175K(497152K), 0.0021280 secs] [Times: user=0.01 sys=0.00, real=0.00 secs] 
2019-05-28T22:25:13.239+0300: 30.799: [GC (Allocation Failure) [PSYoungGen: 142944K->1152K(158208K)] 181999K->40215K(499712K), 0.0027562 secs] [Times: user=0.02 sys=0.00, real=0.01 secs] 
2019-05-28T22:25:14.850+0300: 32.410: [GC (Allocation Failure) [PSYoungGen: 146048K->1056K(157184K)] 185111K->40127K(498688K), 0.0036735 secs] [Times: user=0.01 sys=0.02, real=0.01 secs] 
2019-05-28T22:25:16.224+0300: 33.784: [GC (Allocation Failure) [PSYoungGen: 145952K->992K(159232K)] 185023K->40375K(500736K), 0.0024603 secs] [Times: user=0.02 sys=0.00, real=0.00 secs] 
2019-05-28T22:25:17.962+0300: 35.522: [GC (Allocation Failure) [PSYoungGen: 148448K->928K(158720K)] 187831K->40583K(500224K), 0.0026467 secs] [Times: user=0.02 sys=0.00, real=0.00 secs] 
2019-05-28T22:25:19.847+0300: 37.407: [GC (Allocation Failure) [PSYoungGen: 148384K->864K(160768K)] 188039K->40655K(502272K), 0.0031382 secs] [Times: user=0.01 sys=0.01, real=0.00 secs] 
22:25:26.106 [Curator-PathChildrenCache-0] ERROR o.a.c.f.r.c.PathChildrenCache  - 
java.lang.IllegalStateException: instance must be started before calling this method
	at org.apache.curator.shaded.com.google.common.base.Preconditions.checkState(Preconditions.java:444)
	at org.apache.curator.framework.imps.CuratorFrameworkImpl.getChildren(CuratorFrameworkImpl.java:456)
	at org.apache.curator.framework.recipes.cache.PathChildrenCache.refresh(PathChildrenCache.java:521)
	at org.apache.curator.framework.recipes.cache.RefreshOperation.invoke(RefreshOperation.java:35)
	at org.apache.curator.framework.recipes.cache.PathChildrenCache$9.run(PathChildrenCache.java:786)
	at java.util.concurrent.Executors$RunnableAdapter.call(Executors.java:511)
	at java.util.concurrent.FutureTask.run(FutureTask.java:266)
	at java.util.concurrent.Executors$RunnableAdapter.call(Executors.java:511)
	at java.util.concurrent.FutureTask.run(FutureTask.java:266)
	at java.util.concurrent.ThreadPoolExecutor.runWorker(ThreadPoolExecutor.java:1149)
	at java.util.concurrent.ThreadPoolExecutor$Worker.run(ThreadPoolExecutor.java:624)
	at java.lang.Thread.run(Thread.java:748)
Heap
 PSYoungGen      total 160768K, used 101075K [0x00000000f5980000, 0x0000000100000000, 0x0000000100000000)
  eden space 150528K, 66% used [0x00000000f5980000,0x00000000fbb5cd70,0x00000000fec80000)
  from space 10240K, 8% used [0x00000000ff600000,0x00000000ff6d80d0,0x0000000100000000)
  to   space 9728K, 0% used [0x00000000fec80000,0x00000000fec80000,0x00000000ff600000)
 ParOldGen       total 341504K, used 39791K [0x00000000e0c00000, 0x00000000f5980000, 0x00000000f5980000)
  object space 341504K, 11% used [0x00000000e0c00000,0x00000000e32dbda8,0x00000000f5980000)
 Metaspace       used 35915K, capacity 36868K, committed 37208K, reserved 1081344K
  class space    used 4932K, capacity 5138K, committed 5248K, reserved 1048576K
