07:42:21,068 |-INFO in ch.qos.logback.classic.LoggerContext[default] - Could NOT find resource [logback-test.xml]
07:42:21,068 |-INFO in ch.qos.logback.classic.LoggerContext[default] - Could NOT find resource [logback.groovy]
07:42:21,068 |-INFO in ch.qos.logback.classic.LoggerContext[default] - Found resource [logback.xml] at [jar:file:/root/flamestream/lib/flamestream-runtime-1.0-SNAPSHOT.jar!/logback.xml]
07:42:21,068 |-WARN in ch.qos.logback.classic.LoggerContext[default] - Resource [logback.xml] occurs multiple times on the classpath.
07:42:21,069 |-WARN in ch.qos.logback.classic.LoggerContext[default] - Resource [logback.xml] occurs at [jar:file:/root/flamestream/lib/flamestream-runtime-1.0-SNAPSHOT.jar!/logback.xml]
07:42:21,069 |-WARN in ch.qos.logback.classic.LoggerContext[default] - Resource [logback.xml] occurs at [jar:file:/root/flamestream/flamestream-runtime-1.0-SNAPSHOT.jar!/logback.xml]
07:42:21,091 |-INFO in ch.qos.logback.core.joran.spi.ConfigurationWatchList@3fb6a447 - URL [jar:file:/root/flamestream/lib/flamestream-runtime-1.0-SNAPSHOT.jar!/logback.xml] is not of type file
07:42:21,156 |-INFO in ch.qos.logback.classic.joran.action.ConfigurationAction - debug attribute not set
07:42:21,156 |-INFO in ch.qos.logback.core.joran.action.AppenderAction - About to instantiate appender of type [ch.qos.logback.core.ConsoleAppender]
07:42:21,172 |-INFO in ch.qos.logback.core.joran.action.AppenderAction - Naming appender as [STDOUT]
07:42:21,183 |-INFO in ch.qos.logback.core.joran.action.NestedComplexPropertyIA - Assuming default type [ch.qos.logback.classic.encoder.PatternLayoutEncoder] for [encoder] property
07:42:21,285 |-INFO in ch.qos.logback.core.joran.action.AppenderAction - About to instantiate appender of type [ch.qos.logback.core.rolling.RollingFileAppender]
07:42:21,296 |-INFO in ch.qos.logback.core.joran.action.AppenderAction - Naming appender as [FILE]
07:42:21,325 |-INFO in c.q.l.core.rolling.TimeBasedRollingPolicy@127618319 - No compression will be used
07:42:21,326 |-INFO in c.q.l.core.rolling.TimeBasedRollingPolicy@127618319 - Will use the pattern /tmp/application_%d{yyyy-MM-dd}.%i.log for the active file
07:42:21,329 |-INFO in ch.qos.logback.core.rolling.SizeAndTimeBasedFNATP@6b2fad11 - The date pattern is 'yyyy-MM-dd' from file name pattern '/tmp/application_%d{yyyy-MM-dd}.%i.log'.
07:42:21,329 |-INFO in ch.qos.logback.core.rolling.SizeAndTimeBasedFNATP@6b2fad11 - Roll-over at midnight.
07:42:21,334 |-INFO in ch.qos.logback.core.rolling.SizeAndTimeBasedFNATP@6b2fad11 - Setting initial period to Tue Jun 11 07:41:01 UTC 2019
07:42:21,334 |-WARN in ch.qos.logback.core.rolling.SizeAndTimeBasedFNATP@6b2fad11 - SizeAndTimeBasedFNATP is deprecated. Use SizeAndTimeBasedRollingPolicy instead
07:42:21,334 |-WARN in ch.qos.logback.core.rolling.SizeAndTimeBasedFNATP@6b2fad11 - For more information see http://logback.qos.ch/manual/appenders.html#SizeAndTimeBasedRollingPolicy
07:42:21,339 |-INFO in ch.qos.logback.core.joran.action.NestedComplexPropertyIA - Assuming default type [ch.qos.logback.classic.encoder.PatternLayoutEncoder] for [encoder] property
07:42:21,343 |-INFO in ch.qos.logback.core.rolling.RollingFileAppender[FILE] - Active log file name: /tmp/application.log
07:42:21,343 |-INFO in ch.qos.logback.core.rolling.RollingFileAppender[FILE] - File property is set to [/tmp/application.log]
07:42:21,344 |-INFO in ch.qos.logback.classic.joran.action.RootLoggerAction - Setting level of ROOT logger to WARN
07:42:21,344 |-INFO in ch.qos.logback.core.joran.action.AppenderRefAction - Attaching appender named [STDOUT] to Logger[ROOT]
07:42:21,345 |-INFO in ch.qos.logback.core.joran.action.AppenderRefAction - Attaching appender named [FILE] to Logger[ROOT]
07:42:21,345 |-INFO in ch.qos.logback.classic.joran.action.ConfigurationAction - End of configuration.
07:42:21,346 |-INFO in ch.qos.logback.classic.joran.JoranConfigurator@79698539 - Registering current configuration as safe fallback point

Ama winner
Ama winner
2019-06-11T07:42:22.610+0000: 1.721: [Full GC (Metadata GC Threshold) 2019-06-11T07:42:22.610+0000: 1.721: [Tenured: 0K->15242K(341376K), 0.0341117 secs] 117750K->15242K(494976K), [Metaspace: 20735K->20735K(1067008K)], 0.0341740 secs] [Times: user=0.03 sys=0.00, real=0.03 secs] 
07:42:36.030 [Curator-PathChildrenCache-2] WARN  o.a.c.u.ZKPaths  - The version of ZooKeeper being used doesn't support Container nodes. CreateMode.PERSISTENT will be used instead.
2019-06-11T07:42:38.190+0000: 17.302: [GC (Allocation Failure) 2019-06-11T07:42:38.190+0000: 17.302: [DefNew: 117142K->17023K(153600K), 0.0195978 secs] 132384K->33021K(494976K), 0.0196641 secs] [Times: user=0.00 sys=0.01, real=0.02 secs] 
2019-06-11T07:42:38.701+0000: 17.812: [Full GC (Metadata GC Threshold) 2019-06-11T07:42:38.701+0000: 17.812: [Tenured: 15997K->43993K(341376K), 0.0562301 secs] 70276K->43993K(494976K), [Metaspace: 34519K->34519K(1079296K)], 0.0563194 secs] [Times: user=0.05 sys=0.01, real=0.06 secs] 
2019-06-11T07:42:42.822+0000: 21.934: [GC (Allocation Failure) 2019-06-11T07:42:42.822+0000: 21.934: [DefNew: 136576K->129K(153600K), 0.0020897 secs] 180569K->44123K(494976K), 0.0021482 secs] [Times: user=0.00 sys=0.00, real=0.00 secs] 
2019-06-11T07:42:46.845+0000: 25.957: [GC (Allocation Failure) 2019-06-11T07:42:46.845+0000: 25.957: [DefNew: 136705K->161K(153600K), 0.0018771 secs] 180699K->44154K(494976K), 0.0019335 secs] [Times: user=0.00 sys=0.01, real=0.01 secs] 
2019-06-11T07:42:50.845+0000: 29.957: [GC (Allocation Failure) 2019-06-11T07:42:50.845+0000: 29.957: [DefNew: 136737K->197K(153600K), 0.0018694 secs] 180730K->44190K(494976K), 0.0019248 secs] [Times: user=0.00 sys=0.00, real=0.01 secs] 
2019-06-11T07:42:54.835+0000: 33.947: [GC (Allocation Failure) 2019-06-11T07:42:54.835+0000: 33.947: [DefNew: 136773K->188K(153600K), 0.0019924 secs] 180766K->44181K(494976K), 0.0020461 secs] [Times: user=0.00 sys=0.00, real=0.00 secs] 
2019-06-11T07:42:58.858+0000: 37.970: [GC (Allocation Failure) 2019-06-11T07:42:58.858+0000: 37.970: [DefNew: 136764K->218K(153600K), 0.0018536 secs] 180757K->44211K(494976K), 0.0019195 secs] [Times: user=0.00 sys=0.00, real=0.00 secs] 
2019-06-11T07:43:02.891+0000: 42.002: [GC (Allocation Failure) 2019-06-11T07:43:02.891+0000: 42.002: [DefNew: 136794K->222K(153600K), 0.0019669 secs] 180787K->44215K(494976K), 0.0020384 secs] [Times: user=0.00 sys=0.00, real=0.00 secs] 
2019-06-11T07:43:06.939+0000: 46.051: [GC (Allocation Failure) 2019-06-11T07:43:06.939+0000: 46.051: [DefNew: 136798K->222K(153600K), 0.0019357 secs] 180791K->44215K(494976K), 0.0019940 secs] [Times: user=0.00 sys=0.00, real=0.00 secs] 
2019-06-11T07:43:10.990+0000: 50.102: [GC (Allocation Failure) 2019-06-11T07:43:10.990+0000: 50.102: [DefNew: 136798K->221K(153600K), 0.0019752 secs] 180791K->44215K(494976K), 0.0020347 secs] [Times: user=0.00 sys=0.00, real=0.00 secs] 
2019-06-11T07:43:15.317+0000: 54.429: [GC (Allocation Failure) 2019-06-11T07:43:15.317+0000: 54.429: [DefNew: 136797K->220K(153600K), 0.0020076 secs] 180791K->44213K(494976K), 0.0020674 secs] [Times: user=0.00 sys=0.00, real=0.00 secs] 
07:43:23.407 [Curator-PathChildrenCache-0] ERROR o.a.c.f.r.c.PathChildrenCache  - 
java.lang.IllegalStateException: instance must be started before calling this method
	at org.apache.curator.shaded.com.google.common.base.Preconditions.checkState(Preconditions.java:444)
	at org.apache.curator.framework.imps.CuratorFrameworkImpl.getChildren(CuratorFrameworkImpl.java:456)
	at org.apache.curator.framework.recipes.cache.PathChildrenCache.refresh(PathChildrenCache.java:521)
	at org.apache.curator.framework.recipes.cache.RefreshOperation.invoke(RefreshOperation.java:35)
	at org.apache.curator.framework.recipes.cache.PathChildrenCache$9.run(PathChildrenCache.java:786)
	at java.util.concurrent.Executors$RunnableAdapter.call(Executors.java:511)
	at java.util.concurrent.FutureTask.run(FutureTask.java:266)
	at java.util.concurrent.Executors$RunnableAdapter.call(Executors.java:511)
	at java.util.concurrent.FutureTask.run(FutureTask.java:266)
	at java.util.concurrent.ThreadPoolExecutor.runWorker(ThreadPoolExecutor.java:1149)
	at java.util.concurrent.ThreadPoolExecutor$Worker.run(ThreadPoolExecutor.java:624)
	at java.lang.Thread.run(Thread.java:748)
Heap
 def new generation   total 153600K, used 66100K [0x00000000e0c00000, 0x00000000eb2a0000, 0x00000000eb2a0000)
  eden space 136576K,  48% used [0x00000000e0c00000, 0x00000000e4c56000, 0x00000000e9160000)
  from space 17024K,   1% used [0x00000000e9160000, 0x00000000e9197278, 0x00000000ea200000)
  to   space 17024K,   0% used [0x00000000ea200000, 0x00000000ea200000, 0x00000000eb2a0000)
 tenured generation   total 341376K, used 43993K [0x00000000eb2a0000, 0x0000000100000000, 0x0000000100000000)
   the space 341376K,  12% used [0x00000000eb2a0000, 0x00000000edd964c8, 0x00000000edd96600, 0x0000000100000000)
 Metaspace       used 36178K, capacity 37122K, committed 37504K, reserved 1081344K
  class space    used 4902K, capacity 5123K, committed 5248K, reserved 1048576K
