19:37:35,914 |-INFO in ch.qos.logback.classic.LoggerContext[default] - Could NOT find resource [logback-test.xml]
19:37:35,914 |-INFO in ch.qos.logback.classic.LoggerContext[default] - Could NOT find resource [logback.groovy]
19:37:35,914 |-INFO in ch.qos.logback.classic.LoggerContext[default] - Found resource [logback.xml] at [jar:file:/root/flamestream/lib/flamestream-runtime-1.0-SNAPSHOT.jar!/logback.xml]
19:37:35,915 |-WARN in ch.qos.logback.classic.LoggerContext[default] - Resource [logback.xml] occurs multiple times on the classpath.
19:37:35,915 |-WARN in ch.qos.logback.classic.LoggerContext[default] - Resource [logback.xml] occurs at [jar:file:/root/flamestream/lib/flamestream-runtime-1.0-SNAPSHOT.jar!/logback.xml]
19:37:35,915 |-WARN in ch.qos.logback.classic.LoggerContext[default] - Resource [logback.xml] occurs at [jar:file:/root/flamestream/flamestream-runtime-1.0-SNAPSHOT.jar!/logback.xml]
19:37:35,937 |-INFO in ch.qos.logback.core.joran.spi.ConfigurationWatchList@3fb6a447 - URL [jar:file:/root/flamestream/lib/flamestream-runtime-1.0-SNAPSHOT.jar!/logback.xml] is not of type file
19:37:36,008 |-INFO in ch.qos.logback.classic.joran.action.ConfigurationAction - debug attribute not set
19:37:36,009 |-INFO in ch.qos.logback.core.joran.action.AppenderAction - About to instantiate appender of type [ch.qos.logback.core.ConsoleAppender]
19:37:36,026 |-INFO in ch.qos.logback.core.joran.action.AppenderAction - Naming appender as [STDOUT]
19:37:36,044 |-INFO in ch.qos.logback.core.joran.action.NestedComplexPropertyIA - Assuming default type [ch.qos.logback.classic.encoder.PatternLayoutEncoder] for [encoder] property
19:37:36,129 |-INFO in ch.qos.logback.core.joran.action.AppenderAction - About to instantiate appender of type [ch.qos.logback.core.rolling.RollingFileAppender]
19:37:36,134 |-INFO in ch.qos.logback.core.joran.action.AppenderAction - Naming appender as [FILE]
19:37:36,166 |-INFO in c.q.l.core.rolling.TimeBasedRollingPolicy@127618319 - No compression will be used
19:37:36,168 |-INFO in c.q.l.core.rolling.TimeBasedRollingPolicy@127618319 - Will use the pattern /tmp/application_%d{yyyy-MM-dd}.%i.log for the active file
19:37:36,171 |-INFO in ch.qos.logback.core.rolling.SizeAndTimeBasedFNATP@6b2fad11 - The date pattern is 'yyyy-MM-dd' from file name pattern '/tmp/application_%d{yyyy-MM-dd}.%i.log'.
19:37:36,171 |-INFO in ch.qos.logback.core.rolling.SizeAndTimeBasedFNATP@6b2fad11 - Roll-over at midnight.
19:37:36,176 |-INFO in ch.qos.logback.core.rolling.SizeAndTimeBasedFNATP@6b2fad11 - Setting initial period to Mon Jun 10 19:35:59 UTC 2019
19:37:36,176 |-WARN in ch.qos.logback.core.rolling.SizeAndTimeBasedFNATP@6b2fad11 - SizeAndTimeBasedFNATP is deprecated. Use SizeAndTimeBasedRollingPolicy instead
19:37:36,176 |-WARN in ch.qos.logback.core.rolling.SizeAndTimeBasedFNATP@6b2fad11 - For more information see http://logback.qos.ch/manual/appenders.html#SizeAndTimeBasedRollingPolicy
19:37:36,180 |-INFO in ch.qos.logback.core.joran.action.NestedComplexPropertyIA - Assuming default type [ch.qos.logback.classic.encoder.PatternLayoutEncoder] for [encoder] property
19:37:36,185 |-INFO in ch.qos.logback.core.rolling.RollingFileAppender[FILE] - Active log file name: /tmp/application.log
19:37:36,185 |-INFO in ch.qos.logback.core.rolling.RollingFileAppender[FILE] - File property is set to [/tmp/application.log]
19:37:36,185 |-INFO in ch.qos.logback.classic.joran.action.RootLoggerAction - Setting level of ROOT logger to WARN
19:37:36,186 |-INFO in ch.qos.logback.core.joran.action.AppenderRefAction - Attaching appender named [STDOUT] to Logger[ROOT]
19:37:36,187 |-INFO in ch.qos.logback.core.joran.action.AppenderRefAction - Attaching appender named [FILE] to Logger[ROOT]
19:37:36,188 |-INFO in ch.qos.logback.classic.joran.action.ConfigurationAction - End of configuration.
19:37:36,188 |-INFO in ch.qos.logback.classic.joran.JoranConfigurator@79698539 - Registering current configuration as safe fallback point

Ama winner
Ama winner
2019-06-10T19:37:37.492+0000: 1.759: [Full GC (Metadata GC Threshold) 2019-06-10T19:37:37.492+0000: 1.759: [Tenured: 0K->15241K(341376K), 0.0396368 secs] 114924K->15241K(494976K), [Metaspace: 20740K->20740K(1067008K)], 0.0397041 secs] [Times: user=0.04 sys=0.00, real=0.04 secs] 
19:37:56.415 [Curator-PathChildrenCache-1] WARN  o.a.c.u.ZKPaths  - The version of ZooKeeper being used doesn't support Container nodes. CreateMode.PERSISTENT will be used instead.
2019-06-10T19:37:58.758+0000: 23.026: [GC (Allocation Failure) 2019-06-10T19:37:58.758+0000: 23.026: [DefNew: 136576K->17024K(153600K), 0.0281607 secs] 151817K->52883K(494976K), 0.0282332 secs] [Times: user=0.02 sys=0.02, real=0.03 secs] 
2019-06-10T19:38:01.084+0000: 25.352: [Full GC (Metadata GC Threshold) 2019-06-10T19:38:01.085+0000: 25.352: [Tenured: 35859K->44528K(341376K), 0.0465766 secs] 105935K->44528K(494976K), [Metaspace: 34625K->34625K(1079296K)], 0.0466549 secs] [Times: user=0.04 sys=0.00, real=0.05 secs] 
2019-06-10T19:38:07.270+0000: 31.538: [GC (Allocation Failure) 2019-06-10T19:38:07.270+0000: 31.538: [DefNew: 136576K->61K(153600K), 0.0017462 secs] 181104K->44590K(494976K), 0.0018097 secs] [Times: user=0.01 sys=0.00, real=0.01 secs] 
2019-06-10T19:38:13.483+0000: 37.751: [GC (Allocation Failure) 2019-06-10T19:38:13.483+0000: 37.751: [DefNew: 136637K->59K(153600K), 0.0016924 secs] 181166K->44588K(494976K), 0.0017557 secs] [Times: user=0.01 sys=0.00, real=0.00 secs] 
2019-06-10T19:38:19.627+0000: 43.895: [GC (Allocation Failure) 2019-06-10T19:38:19.627+0000: 43.895: [DefNew: 136635K->62K(153600K), 0.0017477 secs] 181164K->44590K(494976K), 0.0018082 secs] [Times: user=0.00 sys=0.00, real=0.00 secs] 
2019-06-10T19:38:25.914+0000: 50.181: [GC (Allocation Failure) 2019-06-10T19:38:25.914+0000: 50.181: [DefNew: 136638K->63K(153600K), 0.0017571 secs] 181166K->44592K(494976K), 0.0018232 secs] [Times: user=0.00 sys=0.00, real=0.00 secs] 
2019-06-10T19:38:35.858+0000: 60.125: [GC (Allocation Failure) 2019-06-10T19:38:35.858+0000: 60.125: [DefNew: 136639K->63K(153600K), 0.0017473 secs] 181168K->44591K(494976K), 0.0017994 secs] [Times: user=0.01 sys=0.00, real=0.01 secs] 
19:38:38.877 [Curator-PathChildrenCache-0] ERROR o.a.c.f.r.c.PathChildrenCache  - 
java.lang.IllegalStateException: instance must be started before calling this method
	at org.apache.curator.shaded.com.google.common.base.Preconditions.checkState(Preconditions.java:444)
	at org.apache.curator.framework.imps.CuratorFrameworkImpl.getChildren(CuratorFrameworkImpl.java:456)
	at org.apache.curator.framework.recipes.cache.PathChildrenCache.refresh(PathChildrenCache.java:521)
	at org.apache.curator.framework.recipes.cache.RefreshOperation.invoke(RefreshOperation.java:35)
	at org.apache.curator.framework.recipes.cache.PathChildrenCache$9.run(PathChildrenCache.java:786)
	at java.util.concurrent.Executors$RunnableAdapter.call(Executors.java:511)
	at java.util.concurrent.FutureTask.run(FutureTask.java:266)
	at java.util.concurrent.Executors$RunnableAdapter.call(Executors.java:511)
	at java.util.concurrent.FutureTask.run(FutureTask.java:266)
	at java.util.concurrent.ThreadPoolExecutor.runWorker(ThreadPoolExecutor.java:1149)
	at java.util.concurrent.ThreadPoolExecutor$Worker.run(ThreadPoolExecutor.java:624)
	at java.lang.Thread.run(Thread.java:748)
Heap
 def new generation   total 153600K, used 42798K [0x00000000e0c00000, 0x00000000eb2a0000, 0x00000000eb2a0000)
  eden space 136576K,  31% used [0x00000000e0c00000, 0x00000000e35bbbf0, 0x00000000e9160000)
  from space 17024K,   0% used [0x00000000e9160000, 0x00000000e916fc10, 0x00000000ea200000)
  to   space 17024K,   0% used [0x00000000ea200000, 0x00000000ea200000, 0x00000000eb2a0000)
 tenured generation   total 341376K, used 44528K [0x00000000eb2a0000, 0x0000000100000000, 0x0000000100000000)
   the space 341376K,  13% used [0x00000000eb2a0000, 0x00000000ede1c3c0, 0x00000000ede1c400, 0x0000000100000000)
 Metaspace       used 36156K, capacity 37062K, committed 37376K, reserved 1081344K
  class space    used 4870K, capacity 5075K, committed 5120K, reserved 1048576K
