13:30:57,644 |-INFO in ch.qos.logback.classic.LoggerContext[default] - Could NOT find resource [logback-test.xml]
13:30:57,644 |-INFO in ch.qos.logback.classic.LoggerContext[default] - Could NOT find resource [logback.groovy]
13:30:57,644 |-INFO in ch.qos.logback.classic.LoggerContext[default] - Found resource [logback.xml] at [jar:file:/root/flamestream/lib/flamestream-runtime-1.0-SNAPSHOT.jar!/logback.xml]
13:30:57,645 |-WARN in ch.qos.logback.classic.LoggerContext[default] - Resource [logback.xml] occurs multiple times on the classpath.
13:30:57,645 |-WARN in ch.qos.logback.classic.LoggerContext[default] - Resource [logback.xml] occurs at [jar:file:/root/flamestream/lib/flamestream-runtime-1.0-SNAPSHOT.jar!/logback.xml]
13:30:57,645 |-WARN in ch.qos.logback.classic.LoggerContext[default] - Resource [logback.xml] occurs at [jar:file:/root/flamestream/flamestream-runtime-1.0-SNAPSHOT.jar!/logback.xml]
13:30:57,666 |-INFO in ch.qos.logback.core.joran.spi.ConfigurationWatchList@3fb6a447 - URL [jar:file:/root/flamestream/lib/flamestream-runtime-1.0-SNAPSHOT.jar!/logback.xml] is not of type file
13:30:57,739 |-INFO in ch.qos.logback.classic.joran.action.ConfigurationAction - debug attribute not set
13:30:57,739 |-INFO in ch.qos.logback.core.joran.action.AppenderAction - About to instantiate appender of type [ch.qos.logback.core.ConsoleAppender]
13:30:57,754 |-INFO in ch.qos.logback.core.joran.action.AppenderAction - Naming appender as [STDOUT]
13:30:57,774 |-INFO in ch.qos.logback.core.joran.action.NestedComplexPropertyIA - Assuming default type [ch.qos.logback.classic.encoder.PatternLayoutEncoder] for [encoder] property
13:30:57,861 |-INFO in ch.qos.logback.core.joran.action.AppenderAction - About to instantiate appender of type [ch.qos.logback.core.rolling.RollingFileAppender]
13:30:57,866 |-INFO in ch.qos.logback.core.joran.action.AppenderAction - Naming appender as [FILE]
13:30:57,897 |-INFO in c.q.l.core.rolling.TimeBasedRollingPolicy@127618319 - No compression will be used
13:30:57,898 |-INFO in c.q.l.core.rolling.TimeBasedRollingPolicy@127618319 - Will use the pattern /tmp/application_%d{yyyy-MM-dd}.%i.log for the active file
13:30:57,901 |-INFO in ch.qos.logback.core.rolling.SizeAndTimeBasedFNATP@6b2fad11 - The date pattern is 'yyyy-MM-dd' from file name pattern '/tmp/application_%d{yyyy-MM-dd}.%i.log'.
13:30:57,901 |-INFO in ch.qos.logback.core.rolling.SizeAndTimeBasedFNATP@6b2fad11 - Roll-over at midnight.
13:30:57,906 |-INFO in ch.qos.logback.core.rolling.SizeAndTimeBasedFNATP@6b2fad11 - Setting initial period to Mon Jun 10 13:29:42 UTC 2019
13:30:57,907 |-WARN in ch.qos.logback.core.rolling.SizeAndTimeBasedFNATP@6b2fad11 - SizeAndTimeBasedFNATP is deprecated. Use SizeAndTimeBasedRollingPolicy instead
13:30:57,907 |-WARN in ch.qos.logback.core.rolling.SizeAndTimeBasedFNATP@6b2fad11 - For more information see http://logback.qos.ch/manual/appenders.html#SizeAndTimeBasedRollingPolicy
13:30:57,910 |-INFO in ch.qos.logback.core.joran.action.NestedComplexPropertyIA - Assuming default type [ch.qos.logback.classic.encoder.PatternLayoutEncoder] for [encoder] property
13:30:57,915 |-INFO in ch.qos.logback.core.rolling.RollingFileAppender[FILE] - Active log file name: /tmp/application.log
13:30:57,915 |-INFO in ch.qos.logback.core.rolling.RollingFileAppender[FILE] - File property is set to [/tmp/application.log]
13:30:57,916 |-INFO in ch.qos.logback.classic.joran.action.RootLoggerAction - Setting level of ROOT logger to WARN
13:30:57,916 |-INFO in ch.qos.logback.core.joran.action.AppenderRefAction - Attaching appender named [STDOUT] to Logger[ROOT]
13:30:57,918 |-INFO in ch.qos.logback.core.joran.action.AppenderRefAction - Attaching appender named [FILE] to Logger[ROOT]
13:30:57,918 |-INFO in ch.qos.logback.classic.joran.action.ConfigurationAction - End of configuration.
13:30:57,919 |-INFO in ch.qos.logback.classic.joran.JoranConfigurator@79698539 - Registering current configuration as safe fallback point

Ama winner
Ama winner
2019-06-10T13:30:59.181+0000: 1.726: [Full GC (Metadata GC Threshold) 2019-06-10T13:30:59.181+0000: 1.726: [Tenured: 0K->15176K(341376K), 0.0386614 secs] 114987K->15176K(494976K), [Metaspace: 20725K->20725K(1067008K)], 0.0387293 secs] [Times: user=0.04 sys=0.00, real=0.04 secs] 
13:31:12.511 [Curator-PathChildrenCache-1] WARN  o.a.c.u.ZKPaths  - The version of ZooKeeper being used doesn't support Container nodes. CreateMode.PERSISTENT will be used instead.
2019-06-10T13:31:14.746+0000: 17.291: [GC (Allocation Failure) 2019-06-10T13:31:14.746+0000: 17.291: [DefNew: 136576K->17024K(153600K), 0.0269583 secs] 151752K->52655K(494976K), 0.0270245 secs] [Times: user=0.01 sys=0.01, real=0.03 secs] 
2019-06-10T13:31:15.624+0000: 18.169: [Full GC (Metadata GC Threshold) 2019-06-10T13:31:15.624+0000: 18.169: [Tenured: 35631K->44336K(341376K), 0.0393148 secs] 73715K->44336K(494976K), [Metaspace: 34544K->34544K(1079296K)], 0.0393997 secs] [Times: user=0.04 sys=0.00, real=0.04 secs] 
2019-06-10T13:31:21.961+0000: 24.506: [GC (Allocation Failure) 2019-06-10T13:31:21.961+0000: 24.506: [DefNew: 136576K->101K(153600K), 0.0019069 secs] 180912K->44438K(494976K), 0.0019652 secs] [Times: user=0.00 sys=0.00, real=0.00 secs] 
2019-06-10T13:31:28.216+0000: 30.761: [GC (Allocation Failure) 2019-06-10T13:31:28.216+0000: 30.761: [DefNew: 136677K->105K(153600K), 0.0017820 secs] 181014K->44442K(494976K), 0.0018425 secs] [Times: user=0.00 sys=0.00, real=0.00 secs] 
2019-06-10T13:31:34.523+0000: 37.068: [GC (Allocation Failure) 2019-06-10T13:31:34.523+0000: 37.068: [DefNew: 136681K->102K(153600K), 0.0019511 secs] 181018K->44439K(494976K), 0.0020310 secs] [Times: user=0.00 sys=0.00, real=0.00 secs] 
2019-06-10T13:31:40.780+0000: 43.325: [GC (Allocation Failure) 2019-06-10T13:31:40.780+0000: 43.325: [DefNew: 136678K->106K(153600K), 0.0018688 secs] 181015K->44443K(494976K), 0.0019319 secs] [Times: user=0.00 sys=0.00, real=0.00 secs] 
2019-06-10T13:31:47.115+0000: 49.660: [GC (Allocation Failure) 2019-06-10T13:31:47.115+0000: 49.660: [DefNew: 136682K->102K(153600K), 0.0018409 secs] 181019K->44439K(494976K), 0.0018998 secs] [Times: user=0.01 sys=0.00, real=0.00 secs] 
13:31:53.309 [Curator-PathChildrenCache-0] ERROR o.a.c.f.r.c.PathChildrenCache  - 
java.lang.IllegalStateException: instance must be started before calling this method
	at org.apache.curator.shaded.com.google.common.base.Preconditions.checkState(Preconditions.java:444)
	at org.apache.curator.framework.imps.CuratorFrameworkImpl.getChildren(CuratorFrameworkImpl.java:456)
	at org.apache.curator.framework.recipes.cache.PathChildrenCache.refresh(PathChildrenCache.java:521)
	at org.apache.curator.framework.recipes.cache.RefreshOperation.invoke(RefreshOperation.java:35)
	at org.apache.curator.framework.recipes.cache.PathChildrenCache$9.run(PathChildrenCache.java:786)
	at java.util.concurrent.Executors$RunnableAdapter.call(Executors.java:511)
	at java.util.concurrent.FutureTask.run(FutureTask.java:266)
	at java.util.concurrent.Executors$RunnableAdapter.call(Executors.java:511)
	at java.util.concurrent.FutureTask.run(FutureTask.java:266)
	at java.util.concurrent.ThreadPoolExecutor.runWorker(ThreadPoolExecutor.java:1149)
	at java.util.concurrent.ThreadPoolExecutor$Worker.run(ThreadPoolExecutor.java:624)
	at java.lang.Thread.run(Thread.java:748)
Heap
 def new generation   total 153600K, used 62889K [0x00000000e0c00000, 0x00000000eb2a0000, 0x00000000eb2a0000)
  eden space 136576K,  45% used [0x00000000e0c00000, 0x00000000e4950bc8, 0x00000000e9160000)
  from space 17024K,   0% used [0x00000000e9160000, 0x00000000e9179a18, 0x00000000ea200000)
  to   space 17024K,   0% used [0x00000000ea200000, 0x00000000ea200000, 0x00000000eb2a0000)
 tenured generation   total 341376K, used 44336K [0x00000000eb2a0000, 0x0000000100000000, 0x0000000100000000)
   the space 341376K,  12% used [0x00000000eb2a0000, 0x00000000eddec2a8, 0x00000000eddec400, 0x0000000100000000)
 Metaspace       used 35938K, capacity 36876K, committed 37120K, reserved 1081344K
  class space    used 4820K, capacity 5022K, committed 5120K, reserved 1048576K
