18:45:47,256 |-INFO in ch.qos.logback.classic.LoggerContext[default] - Could NOT find resource [logback-test.xml]
18:45:47,256 |-INFO in ch.qos.logback.classic.LoggerContext[default] - Could NOT find resource [logback.groovy]
18:45:47,256 |-INFO in ch.qos.logback.classic.LoggerContext[default] - Found resource [logback.xml] at [jar:file:/root/flamestream/lib/flamestream-runtime-1.0-SNAPSHOT.jar!/logback.xml]
18:45:47,257 |-WARN in ch.qos.logback.classic.LoggerContext[default] - Resource [logback.xml] occurs multiple times on the classpath.
18:45:47,257 |-WARN in ch.qos.logback.classic.LoggerContext[default] - Resource [logback.xml] occurs at [jar:file:/root/flamestream/lib/flamestream-runtime-1.0-SNAPSHOT.jar!/logback.xml]
18:45:47,257 |-WARN in ch.qos.logback.classic.LoggerContext[default] - Resource [logback.xml] occurs at [jar:file:/root/flamestream/flamestream-runtime-1.0-SNAPSHOT.jar!/logback.xml]
18:45:47,276 |-INFO in ch.qos.logback.core.joran.spi.ConfigurationWatchList@3fb6a447 - URL [jar:file:/root/flamestream/lib/flamestream-runtime-1.0-SNAPSHOT.jar!/logback.xml] is not of type file
18:45:47,348 |-INFO in ch.qos.logback.classic.joran.action.ConfigurationAction - debug attribute not set
18:45:47,349 |-INFO in ch.qos.logback.core.joran.action.AppenderAction - About to instantiate appender of type [ch.qos.logback.core.ConsoleAppender]
18:45:47,366 |-INFO in ch.qos.logback.core.joran.action.AppenderAction - Naming appender as [STDOUT]
18:45:47,379 |-INFO in ch.qos.logback.core.joran.action.NestedComplexPropertyIA - Assuming default type [ch.qos.logback.classic.encoder.PatternLayoutEncoder] for [encoder] property
18:45:47,461 |-INFO in ch.qos.logback.core.joran.action.AppenderAction - About to instantiate appender of type [ch.qos.logback.core.rolling.RollingFileAppender]
18:45:47,470 |-INFO in ch.qos.logback.core.joran.action.AppenderAction - Naming appender as [FILE]
18:45:47,501 |-INFO in c.q.l.core.rolling.TimeBasedRollingPolicy@127618319 - No compression will be used
18:45:47,502 |-INFO in c.q.l.core.rolling.TimeBasedRollingPolicy@127618319 - Will use the pattern /tmp/application_%d{yyyy-MM-dd}.%i.log for the active file
18:45:47,505 |-INFO in ch.qos.logback.core.rolling.SizeAndTimeBasedFNATP@6b2fad11 - The date pattern is 'yyyy-MM-dd' from file name pattern '/tmp/application_%d{yyyy-MM-dd}.%i.log'.
18:45:47,505 |-INFO in ch.qos.logback.core.rolling.SizeAndTimeBasedFNATP@6b2fad11 - Roll-over at midnight.
18:45:47,510 |-INFO in ch.qos.logback.core.rolling.SizeAndTimeBasedFNATP@6b2fad11 - Setting initial period to Mon Jun 10 18:44:28 UTC 2019
18:45:47,510 |-WARN in ch.qos.logback.core.rolling.SizeAndTimeBasedFNATP@6b2fad11 - SizeAndTimeBasedFNATP is deprecated. Use SizeAndTimeBasedRollingPolicy instead
18:45:47,510 |-WARN in ch.qos.logback.core.rolling.SizeAndTimeBasedFNATP@6b2fad11 - For more information see http://logback.qos.ch/manual/appenders.html#SizeAndTimeBasedRollingPolicy
18:45:47,514 |-INFO in ch.qos.logback.core.joran.action.NestedComplexPropertyIA - Assuming default type [ch.qos.logback.classic.encoder.PatternLayoutEncoder] for [encoder] property
18:45:47,519 |-INFO in ch.qos.logback.core.rolling.RollingFileAppender[FILE] - Active log file name: /tmp/application.log
18:45:47,519 |-INFO in ch.qos.logback.core.rolling.RollingFileAppender[FILE] - File property is set to [/tmp/application.log]
18:45:47,520 |-INFO in ch.qos.logback.classic.joran.action.RootLoggerAction - Setting level of ROOT logger to WARN
18:45:47,520 |-INFO in ch.qos.logback.core.joran.action.AppenderRefAction - Attaching appender named [STDOUT] to Logger[ROOT]
18:45:47,522 |-INFO in ch.qos.logback.core.joran.action.AppenderRefAction - Attaching appender named [FILE] to Logger[ROOT]
18:45:47,522 |-INFO in ch.qos.logback.classic.joran.action.ConfigurationAction - End of configuration.
18:45:47,523 |-INFO in ch.qos.logback.classic.joran.JoranConfigurator@79698539 - Registering current configuration as safe fallback point

Ama winner
Ama winner
2019-06-10T18:45:48.788+0000: 1.717: [Full GC (Metadata GC Threshold) 2019-06-10T18:45:48.788+0000: 1.717: [Tenured: 0K->15175K(341376K), 0.0409235 secs] 114923K->15175K(494976K), [Metaspace: 20730K->20730K(1067008K)], 0.0409908 secs] [Times: user=0.03 sys=0.01, real=0.04 secs] 
18:46:11.852 [Curator-PathChildrenCache-2] WARN  o.a.c.u.ZKPaths  - The version of ZooKeeper being used doesn't support Container nodes. CreateMode.PERSISTENT will be used instead.
2019-06-10T18:46:13.886+0000: 26.815: [GC (Allocation Failure) 2019-06-10T18:46:13.886+0000: 26.815: [DefNew: 117918K->16730K(153600K), 0.0178646 secs] 133093K->31905K(494976K), 0.0179291 secs] [Times: user=0.02 sys=0.00, real=0.01 secs] 
2019-06-10T18:46:14.588+0000: 27.517: [Full GC (Metadata GC Threshold) 2019-06-10T18:46:14.588+0000: 27.517: [Tenured: 15175K->43314K(341376K), 0.0442746 secs] 72899K->43314K(494976K), [Metaspace: 34637K->34637K(1079296K)], 0.0443491 secs] [Times: user=0.04 sys=0.00, real=0.04 secs] 
2019-06-10T18:46:17.047+0000: 29.976: [GC (Allocation Failure) 2019-06-10T18:46:17.047+0000: 29.976: [DefNew: 136576K->133K(153600K), 0.0020558 secs] 179890K->43447K(494976K), 0.0021224 secs] [Times: user=0.00 sys=0.00, real=0.00 secs] 
2019-06-10T18:46:19.257+0000: 32.186: [GC (Allocation Failure) 2019-06-10T18:46:19.257+0000: 32.186: [DefNew: 136709K->150K(153600K), 0.0019690 secs] 180023K->43464K(494976K), 0.0020303 secs] [Times: user=0.00 sys=0.00, real=0.00 secs] 
2019-06-10T18:46:21.512+0000: 34.441: [GC (Allocation Failure) 2019-06-10T18:46:21.512+0000: 34.441: [DefNew: 136726K->159K(153600K), 0.0019849 secs] 180040K->43473K(494976K), 0.0020452 secs] [Times: user=0.00 sys=0.00, real=0.01 secs] 
2019-06-10T18:46:23.727+0000: 36.656: [GC (Allocation Failure) 2019-06-10T18:46:23.727+0000: 36.656: [DefNew: 136735K->159K(153600K), 0.0019862 secs] 180049K->43473K(494976K), 0.0020474 secs] [Times: user=0.00 sys=0.00, real=0.00 secs] 
2019-06-10T18:46:25.876+0000: 38.805: [GC (Allocation Failure) 2019-06-10T18:46:25.876+0000: 38.805: [DefNew: 136735K->157K(153600K), 0.0019775 secs] 180049K->43472K(494976K), 0.0020396 secs] [Times: user=0.00 sys=0.00, real=0.00 secs] 
18:46:37.795 [Curator-PathChildrenCache-0] ERROR o.a.c.f.r.c.PathChildrenCache  - 
java.lang.IllegalStateException: instance must be started before calling this method
	at org.apache.curator.shaded.com.google.common.base.Preconditions.checkState(Preconditions.java:444)
	at org.apache.curator.framework.imps.CuratorFrameworkImpl.getChildren(CuratorFrameworkImpl.java:456)
	at org.apache.curator.framework.recipes.cache.PathChildrenCache.refresh(PathChildrenCache.java:521)
	at org.apache.curator.framework.recipes.cache.RefreshOperation.invoke(RefreshOperation.java:35)
	at org.apache.curator.framework.recipes.cache.PathChildrenCache$9.run(PathChildrenCache.java:786)
	at java.util.concurrent.Executors$RunnableAdapter.call(Executors.java:511)
	at java.util.concurrent.FutureTask.run(FutureTask.java:266)
	at java.util.concurrent.Executors$RunnableAdapter.call(Executors.java:511)
	at java.util.concurrent.FutureTask.run(FutureTask.java:266)
	at java.util.concurrent.ThreadPoolExecutor.runWorker(ThreadPoolExecutor.java:1149)
	at java.util.concurrent.ThreadPoolExecutor$Worker.run(ThreadPoolExecutor.java:624)
	at java.lang.Thread.run(Thread.java:748)
Heap
 def new generation   total 153600K, used 134357K [0x00000000e0c00000, 0x00000000eb2a0000, 0x00000000eb2a0000)
  eden space 136576K,  98% used [0x00000000e0c00000, 0x00000000e8f0de20, 0x00000000e9160000)
  from space 17024K,   0% used [0x00000000e9160000, 0x00000000e9187760, 0x00000000ea200000)
  to   space 17024K,   0% used [0x00000000ea200000, 0x00000000ea200000, 0x00000000eb2a0000)
 tenured generation   total 341376K, used 43314K [0x00000000eb2a0000, 0x0000000100000000, 0x0000000100000000)
   the space 341376K,  12% used [0x00000000eb2a0000, 0x00000000edcec8f0, 0x00000000edceca00, 0x0000000100000000)
 Metaspace       used 36080K, capacity 37058K, committed 37120K, reserved 1081344K
  class space    used 4858K, capacity 5059K, committed 5120K, reserved 1048576K
