15:17:59,886 |-INFO in ch.qos.logback.classic.LoggerContext[default] - Could NOT find resource [logback-test.xml]
15:17:59,886 |-INFO in ch.qos.logback.classic.LoggerContext[default] - Could NOT find resource [logback.groovy]
15:17:59,886 |-INFO in ch.qos.logback.classic.LoggerContext[default] - Found resource [logback.xml] at [jar:file:/root/flamestream/lib/flamestream-runtime-1.0-SNAPSHOT.jar!/logback.xml]
15:17:59,887 |-WARN in ch.qos.logback.classic.LoggerContext[default] - Resource [logback.xml] occurs multiple times on the classpath.
15:17:59,887 |-WARN in ch.qos.logback.classic.LoggerContext[default] - Resource [logback.xml] occurs at [jar:file:/root/flamestream/lib/flamestream-runtime-1.0-SNAPSHOT.jar!/logback.xml]
15:17:59,887 |-WARN in ch.qos.logback.classic.LoggerContext[default] - Resource [logback.xml] occurs at [jar:file:/root/flamestream/flamestream-runtime-1.0-SNAPSHOT.jar!/logback.xml]
15:17:59,905 |-INFO in ch.qos.logback.core.joran.spi.ConfigurationWatchList@3fb6a447 - URL [jar:file:/root/flamestream/lib/flamestream-runtime-1.0-SNAPSHOT.jar!/logback.xml] is not of type file
15:17:59,975 |-INFO in ch.qos.logback.classic.joran.action.ConfigurationAction - debug attribute not set
15:17:59,976 |-INFO in ch.qos.logback.core.joran.action.AppenderAction - About to instantiate appender of type [ch.qos.logback.core.ConsoleAppender]
15:17:59,991 |-INFO in ch.qos.logback.core.joran.action.AppenderAction - Naming appender as [STDOUT]
15:18:00,010 |-INFO in ch.qos.logback.core.joran.action.NestedComplexPropertyIA - Assuming default type [ch.qos.logback.classic.encoder.PatternLayoutEncoder] for [encoder] property
15:18:00,099 |-INFO in ch.qos.logback.core.joran.action.AppenderAction - About to instantiate appender of type [ch.qos.logback.core.rolling.RollingFileAppender]
15:18:00,104 |-INFO in ch.qos.logback.core.joran.action.AppenderAction - Naming appender as [FILE]
15:18:00,137 |-INFO in c.q.l.core.rolling.TimeBasedRollingPolicy@127618319 - No compression will be used
15:18:00,138 |-INFO in c.q.l.core.rolling.TimeBasedRollingPolicy@127618319 - Will use the pattern /tmp/application_%d{yyyy-MM-dd}.%i.log for the active file
15:18:00,141 |-INFO in ch.qos.logback.core.rolling.SizeAndTimeBasedFNATP@6b2fad11 - The date pattern is 'yyyy-MM-dd' from file name pattern '/tmp/application_%d{yyyy-MM-dd}.%i.log'.
15:18:00,141 |-INFO in ch.qos.logback.core.rolling.SizeAndTimeBasedFNATP@6b2fad11 - Roll-over at midnight.
15:18:00,147 |-INFO in ch.qos.logback.core.rolling.SizeAndTimeBasedFNATP@6b2fad11 - Setting initial period to Mon Jun 10 15:16:38 UTC 2019
15:18:00,147 |-WARN in ch.qos.logback.core.rolling.SizeAndTimeBasedFNATP@6b2fad11 - SizeAndTimeBasedFNATP is deprecated. Use SizeAndTimeBasedRollingPolicy instead
15:18:00,147 |-WARN in ch.qos.logback.core.rolling.SizeAndTimeBasedFNATP@6b2fad11 - For more information see http://logback.qos.ch/manual/appenders.html#SizeAndTimeBasedRollingPolicy
15:18:00,151 |-INFO in ch.qos.logback.core.joran.action.NestedComplexPropertyIA - Assuming default type [ch.qos.logback.classic.encoder.PatternLayoutEncoder] for [encoder] property
15:18:00,156 |-INFO in ch.qos.logback.core.rolling.RollingFileAppender[FILE] - Active log file name: /tmp/application.log
15:18:00,156 |-INFO in ch.qos.logback.core.rolling.RollingFileAppender[FILE] - File property is set to [/tmp/application.log]
15:18:00,157 |-INFO in ch.qos.logback.classic.joran.action.RootLoggerAction - Setting level of ROOT logger to WARN
15:18:00,157 |-INFO in ch.qos.logback.core.joran.action.AppenderRefAction - Attaching appender named [STDOUT] to Logger[ROOT]
15:18:00,159 |-INFO in ch.qos.logback.core.joran.action.AppenderRefAction - Attaching appender named [FILE] to Logger[ROOT]
15:18:00,159 |-INFO in ch.qos.logback.classic.joran.action.ConfigurationAction - End of configuration.
15:18:00,160 |-INFO in ch.qos.logback.classic.joran.JoranConfigurator@79698539 - Registering current configuration as safe fallback point

Ama winner
Ama winner
2019-06-10T15:18:01.455+0000: 1.754: [Full GC (Metadata GC Threshold) 2019-06-10T15:18:01.455+0000: 1.754: [Tenured: 0K->15209K(341376K), 0.0416450 secs] 114923K->15209K(494976K), [Metaspace: 20733K->20733K(1067008K)], 0.0417166 secs] [Times: user=0.04 sys=0.00, real=0.04 secs] 
15:18:15.725 [Curator-PathChildrenCache-1] WARN  o.a.c.u.ZKPaths  - The version of ZooKeeper being used doesn't support Container nodes. CreateMode.PERSISTENT will be used instead.
2019-06-10T15:18:18.263+0000: 18.562: [GC (Allocation Failure) 2019-06-10T15:18:18.263+0000: 18.562: [DefNew: 136576K->17023K(153600K), 0.0296650 secs] 151785K->52721K(494976K), 0.0297397 secs] [Times: user=0.02 sys=0.01, real=0.03 secs] 
2019-06-10T15:18:20.351+0000: 20.650: [Full GC (Metadata GC Threshold) 2019-06-10T15:18:20.351+0000: 20.650: [Tenured: 35697K->44575K(341376K), 0.0455108 secs] 97315K->44575K(494976K), [Metaspace: 34591K->34591K(1079296K)], 0.0455995 secs] [Times: user=0.04 sys=0.01, real=0.04 secs] 
2019-06-10T15:18:27.125+0000: 27.424: [GC (Allocation Failure) 2019-06-10T15:18:27.125+0000: 27.424: [DefNew: 136576K->64K(153600K), 0.0018952 secs] 181151K->44640K(494976K), 0.0019644 secs] [Times: user=0.00 sys=0.00, real=0.00 secs] 
2019-06-10T15:18:33.974+0000: 34.273: [GC (Allocation Failure) 2019-06-10T15:18:33.974+0000: 34.273: [DefNew: 136640K->94K(153600K), 0.0017680 secs] 181216K->44669K(494976K), 0.0018319 secs] [Times: user=0.00 sys=0.00, real=0.00 secs] 
2019-06-10T15:18:40.903+0000: 41.202: [GC (Allocation Failure) 2019-06-10T15:18:40.903+0000: 41.202: [DefNew: 136670K->160K(153600K), 0.0017697 secs] 181245K->44735K(494976K), 0.0018325 secs] [Times: user=0.00 sys=0.00, real=0.00 secs] 
2019-06-10T15:18:47.851+0000: 48.150: [GC (Allocation Failure) 2019-06-10T15:18:47.851+0000: 48.150: [DefNew: 136736K->159K(153600K), 0.0017861 secs] 181311K->44735K(494976K), 0.0018489 secs] [Times: user=0.01 sys=0.00, real=0.00 secs] 
2019-06-10T15:18:54.785+0000: 55.084: [GC (Allocation Failure) 2019-06-10T15:18:54.785+0000: 55.084: [DefNew: 136735K->159K(153600K), 0.0018159 secs] 181311K->44735K(494976K), 0.0018892 secs] [Times: user=0.00 sys=0.00, real=0.00 secs] 
15:19:10.967 [Curator-PathChildrenCache-0] ERROR o.a.c.f.r.c.PathChildrenCache  - 
java.lang.IllegalStateException: instance must be started before calling this method
	at org.apache.curator.shaded.com.google.common.base.Preconditions.checkState(Preconditions.java:444)
	at org.apache.curator.framework.imps.CuratorFrameworkImpl.getChildren(CuratorFrameworkImpl.java:456)
	at org.apache.curator.framework.recipes.cache.PathChildrenCache.refresh(PathChildrenCache.java:521)
	at org.apache.curator.framework.recipes.cache.RefreshOperation.invoke(RefreshOperation.java:35)
	at org.apache.curator.framework.recipes.cache.PathChildrenCache$9.run(PathChildrenCache.java:786)
	at java.util.concurrent.Executors$RunnableAdapter.call(Executors.java:511)
	at java.util.concurrent.FutureTask.run(FutureTask.java:266)
	at java.util.concurrent.Executors$RunnableAdapter.call(Executors.java:511)
	at java.util.concurrent.FutureTask.run(FutureTask.java:266)
	at java.util.concurrent.ThreadPoolExecutor.runWorker(ThreadPoolExecutor.java:1149)
	at java.util.concurrent.ThreadPoolExecutor$Worker.run(ThreadPoolExecutor.java:624)
	at java.lang.Thread.run(Thread.java:748)
2019-06-10T15:19:11.986+0000: 72.285: [GC (Allocation Failure) 2019-06-10T15:19:11.986+0000: 72.285: [DefNew: 136735K->1078K(153600K), 0.0034332 secs] 181311K->45653K(494976K), 0.0034953 secs] [Times: user=0.00 sys=0.00, real=0.00 secs] 
Heap
 def new generation   total 153600K, used 8401K [0x00000000e0c00000, 0x00000000eb2a0000, 0x00000000eb2a0000)
  eden space 136576K,   5% used [0x00000000e0c00000, 0x00000000e1326ba0, 0x00000000e9160000)
  from space 17024K,   6% used [0x00000000ea200000, 0x00000000ea30d8b8, 0x00000000eb2a0000)
  to   space 17024K,   0% used [0x00000000e9160000, 0x00000000e9160000, 0x00000000ea200000)
 tenured generation   total 341376K, used 44575K [0x00000000eb2a0000, 0x0000000100000000, 0x0000000100000000)
   the space 341376K,  13% used [0x00000000eb2a0000, 0x00000000ede27e90, 0x00000000ede28000, 0x0000000100000000)
 Metaspace       used 36150K, capacity 37062K, committed 37376K, reserved 1081344K
  class space    used 4869K, capacity 5075K, committed 5120K, reserved 1048576K
