07:53:48,595 |-INFO in ch.qos.logback.classic.LoggerContext[default] - Could NOT find resource [logback-test.xml]
07:53:48,595 |-INFO in ch.qos.logback.classic.LoggerContext[default] - Could NOT find resource [logback.groovy]
07:53:48,595 |-INFO in ch.qos.logback.classic.LoggerContext[default] - Found resource [logback.xml] at [jar:file:/root/flamestream/lib/flamestream-runtime-1.0-SNAPSHOT.jar!/logback.xml]
07:53:48,596 |-WARN in ch.qos.logback.classic.LoggerContext[default] - Resource [logback.xml] occurs multiple times on the classpath.
07:53:48,596 |-WARN in ch.qos.logback.classic.LoggerContext[default] - Resource [logback.xml] occurs at [jar:file:/root/flamestream/lib/flamestream-runtime-1.0-SNAPSHOT.jar!/logback.xml]
07:53:48,596 |-WARN in ch.qos.logback.classic.LoggerContext[default] - Resource [logback.xml] occurs at [jar:file:/root/flamestream/flamestream-runtime-1.0-SNAPSHOT.jar!/logback.xml]
07:53:48,618 |-INFO in ch.qos.logback.core.joran.spi.ConfigurationWatchList@3fb6a447 - URL [jar:file:/root/flamestream/lib/flamestream-runtime-1.0-SNAPSHOT.jar!/logback.xml] is not of type file
07:53:48,690 |-INFO in ch.qos.logback.classic.joran.action.ConfigurationAction - debug attribute not set
07:53:48,691 |-INFO in ch.qos.logback.core.joran.action.AppenderAction - About to instantiate appender of type [ch.qos.logback.core.ConsoleAppender]
07:53:48,708 |-INFO in ch.qos.logback.core.joran.action.AppenderAction - Naming appender as [STDOUT]
07:53:48,726 |-INFO in ch.qos.logback.core.joran.action.NestedComplexPropertyIA - Assuming default type [ch.qos.logback.classic.encoder.PatternLayoutEncoder] for [encoder] property
07:53:48,811 |-INFO in ch.qos.logback.core.joran.action.AppenderAction - About to instantiate appender of type [ch.qos.logback.core.rolling.RollingFileAppender]
07:53:48,816 |-INFO in ch.qos.logback.core.joran.action.AppenderAction - Naming appender as [FILE]
07:53:48,848 |-INFO in c.q.l.core.rolling.TimeBasedRollingPolicy@127618319 - No compression will be used
07:53:48,849 |-INFO in c.q.l.core.rolling.TimeBasedRollingPolicy@127618319 - Will use the pattern /tmp/application_%d{yyyy-MM-dd}.%i.log for the active file
07:53:48,852 |-INFO in ch.qos.logback.core.rolling.SizeAndTimeBasedFNATP@6b2fad11 - The date pattern is 'yyyy-MM-dd' from file name pattern '/tmp/application_%d{yyyy-MM-dd}.%i.log'.
07:53:48,852 |-INFO in ch.qos.logback.core.rolling.SizeAndTimeBasedFNATP@6b2fad11 - Roll-over at midnight.
07:53:48,857 |-INFO in ch.qos.logback.core.rolling.SizeAndTimeBasedFNATP@6b2fad11 - Setting initial period to Tue Jun 11 07:52:31 UTC 2019
07:53:48,857 |-WARN in ch.qos.logback.core.rolling.SizeAndTimeBasedFNATP@6b2fad11 - SizeAndTimeBasedFNATP is deprecated. Use SizeAndTimeBasedRollingPolicy instead
07:53:48,857 |-WARN in ch.qos.logback.core.rolling.SizeAndTimeBasedFNATP@6b2fad11 - For more information see http://logback.qos.ch/manual/appenders.html#SizeAndTimeBasedRollingPolicy
07:53:48,862 |-INFO in ch.qos.logback.core.joran.action.NestedComplexPropertyIA - Assuming default type [ch.qos.logback.classic.encoder.PatternLayoutEncoder] for [encoder] property
07:53:48,866 |-INFO in ch.qos.logback.core.rolling.RollingFileAppender[FILE] - Active log file name: /tmp/application.log
07:53:48,866 |-INFO in ch.qos.logback.core.rolling.RollingFileAppender[FILE] - File property is set to [/tmp/application.log]
07:53:48,867 |-INFO in ch.qos.logback.classic.joran.action.RootLoggerAction - Setting level of ROOT logger to WARN
07:53:48,867 |-INFO in ch.qos.logback.core.joran.action.AppenderRefAction - Attaching appender named [STDOUT] to Logger[ROOT]
07:53:48,869 |-INFO in ch.qos.logback.core.joran.action.AppenderRefAction - Attaching appender named [FILE] to Logger[ROOT]
07:53:48,869 |-INFO in ch.qos.logback.classic.joran.action.ConfigurationAction - End of configuration.
07:53:48,870 |-INFO in ch.qos.logback.classic.joran.JoranConfigurator@79698539 - Registering current configuration as safe fallback point

Ama winner
Ama winner
2019-06-11T07:53:50.160+0000: 1.749: [Full GC (Metadata GC Threshold) 2019-06-11T07:53:50.160+0000: 1.749: [Tenured: 0K->15142K(341376K), 0.0350423 secs] 112224K->15142K(494976K), [Metaspace: 20727K->20727K(1067008K)], 0.0351072 secs] [Times: user=0.03 sys=0.00, real=0.03 secs] 
07:54:11.395 [Curator-PathChildrenCache-2] WARN  o.a.c.u.ZKPaths  - The version of ZooKeeper being used doesn't support Container nodes. CreateMode.PERSISTENT will be used instead.
2019-06-11T07:54:13.350+0000: 24.939: [GC (Allocation Failure) 2019-06-11T07:54:13.350+0000: 24.939: [DefNew: 117920K->17023K(153600K), 0.0181892 secs] 133063K->33242K(494976K), 0.0185275 secs] [Times: user=0.01 sys=0.00, real=0.01 secs] 
2019-06-11T07:54:13.851+0000: 25.439: [Full GC (Metadata GC Threshold) 2019-06-11T07:54:13.851+0000: 25.440: [Tenured: 16218K->44550K(341376K), 0.0480126 secs] 70959K->44550K(494976K), [Metaspace: 34513K->34513K(1079296K)], 0.0480948 secs] [Times: user=0.05 sys=0.00, real=0.05 secs] 
2019-06-11T07:54:16.067+0000: 27.656: [GC (Allocation Failure) 2019-06-11T07:54:16.067+0000: 27.656: [DefNew: 136576K->125K(153600K), 0.0021728 secs] 181126K->44675K(494976K), 0.0022331 secs] [Times: user=0.00 sys=0.00, real=0.01 secs] 
2019-06-11T07:54:18.107+0000: 29.695: [GC (Allocation Failure) 2019-06-11T07:54:18.107+0000: 29.696: [DefNew: 136701K->129K(153600K), 0.0019755 secs] 181251K->44679K(494976K), 0.0020351 secs] [Times: user=0.00 sys=0.00, real=0.01 secs] 
2019-06-11T07:54:20.042+0000: 31.631: [GC (Allocation Failure) 2019-06-11T07:54:20.042+0000: 31.631: [DefNew: 136705K->175K(153600K), 0.0019029 secs] 181255K->44725K(494976K), 0.0019661 secs] [Times: user=0.00 sys=0.00, real=0.00 secs] 
2019-06-11T07:54:22.046+0000: 33.635: [GC (Allocation Failure) 2019-06-11T07:54:22.046+0000: 33.635: [DefNew: 136751K->182K(153600K), 0.0020379 secs] 181301K->44732K(494976K), 0.0021084 secs] [Times: user=0.01 sys=0.00, real=0.00 secs] 
2019-06-11T07:54:23.998+0000: 35.587: [GC (Allocation Failure) 2019-06-11T07:54:23.998+0000: 35.587: [DefNew: 136758K->180K(153600K), 0.0020210 secs] 181308K->44730K(494976K), 0.0020926 secs] [Times: user=0.00 sys=0.00, real=0.00 secs] 
2019-06-11T07:54:26.006+0000: 37.595: [GC (Allocation Failure) 2019-06-11T07:54:26.006+0000: 37.595: [DefNew: 136756K->179K(153600K), 0.0020734 secs] 181306K->44730K(494976K), 0.0021352 secs] [Times: user=0.01 sys=0.00, real=0.00 secs] 
2019-06-11T07:54:27.976+0000: 39.564: [GC (Allocation Failure) 2019-06-11T07:54:27.976+0000: 39.565: [DefNew: 136755K->185K(153600K), 0.0020564 secs] 181306K->44735K(494976K), 0.0021168 secs] [Times: user=0.00 sys=0.00, real=0.01 secs] 
2019-06-11T07:54:29.963+0000: 41.552: [GC (Allocation Failure) 2019-06-11T07:54:29.963+0000: 41.552: [DefNew: 136761K->210K(153600K), 0.0020408 secs] 181311K->44760K(494976K), 0.0021001 secs] [Times: user=0.00 sys=0.00, real=0.00 secs] 
07:54:38.456 [Curator-PathChildrenCache-0] ERROR o.a.c.f.r.c.PathChildrenCache  - 
java.lang.IllegalStateException: instance must be started before calling this method
	at org.apache.curator.shaded.com.google.common.base.Preconditions.checkState(Preconditions.java:444)
	at org.apache.curator.framework.imps.CuratorFrameworkImpl.getChildren(CuratorFrameworkImpl.java:456)
	at org.apache.curator.framework.recipes.cache.PathChildrenCache.refresh(PathChildrenCache.java:521)
	at org.apache.curator.framework.recipes.cache.RefreshOperation.invoke(RefreshOperation.java:35)
	at org.apache.curator.framework.recipes.cache.PathChildrenCache$9.run(PathChildrenCache.java:786)
	at java.util.concurrent.Executors$RunnableAdapter.call(Executors.java:511)
	at java.util.concurrent.FutureTask.run(FutureTask.java:266)
	at java.util.concurrent.Executors$RunnableAdapter.call(Executors.java:511)
	at java.util.concurrent.FutureTask.run(FutureTask.java:266)
	at java.util.concurrent.ThreadPoolExecutor.runWorker(ThreadPoolExecutor.java:1149)
	at java.util.concurrent.ThreadPoolExecutor$Worker.run(ThreadPoolExecutor.java:624)
	at java.lang.Thread.run(Thread.java:748)
Heap
 def new generation   total 153600K, used 75364K [0x00000000e0c00000, 0x00000000eb2a0000, 0x00000000eb2a0000)
  eden space 136576K,  55% used [0x00000000e0c00000, 0x00000000e5564690, 0x00000000e9160000)
  from space 17024K,   1% used [0x00000000ea200000, 0x00000000ea2349b8, 0x00000000eb2a0000)
  to   space 17024K,   0% used [0x00000000e9160000, 0x00000000e9160000, 0x00000000ea200000)
 tenured generation   total 341376K, used 44550K [0x00000000eb2a0000, 0x0000000100000000, 0x0000000100000000)
   the space 341376K,  13% used [0x00000000eb2a0000, 0x00000000ede218b0, 0x00000000ede21a00, 0x0000000100000000)
 Metaspace       used 35904K, capacity 36840K, committed 37120K, reserved 1081344K
  class space    used 4874K, capacity 5066K, committed 5120K, reserved 1048576K
