08:25:02,237 |-INFO in ch.qos.logback.classic.LoggerContext[default] - Could NOT find resource [logback-test.xml]
08:25:02,237 |-INFO in ch.qos.logback.classic.LoggerContext[default] - Could NOT find resource [logback.groovy]
08:25:02,237 |-INFO in ch.qos.logback.classic.LoggerContext[default] - Found resource [logback.xml] at [jar:file:/root/flamestream/lib/flamestream-runtime-1.0-SNAPSHOT.jar!/logback.xml]
08:25:02,238 |-WARN in ch.qos.logback.classic.LoggerContext[default] - Resource [logback.xml] occurs multiple times on the classpath.
08:25:02,238 |-WARN in ch.qos.logback.classic.LoggerContext[default] - Resource [logback.xml] occurs at [jar:file:/root/flamestream/lib/flamestream-runtime-1.0-SNAPSHOT.jar!/logback.xml]
08:25:02,238 |-WARN in ch.qos.logback.classic.LoggerContext[default] - Resource [logback.xml] occurs at [jar:file:/root/flamestream/flamestream-runtime-1.0-SNAPSHOT.jar!/logback.xml]
08:25:02,261 |-INFO in ch.qos.logback.core.joran.spi.ConfigurationWatchList@3fb6a447 - URL [jar:file:/root/flamestream/lib/flamestream-runtime-1.0-SNAPSHOT.jar!/logback.xml] is not of type file
08:25:02,329 |-INFO in ch.qos.logback.classic.joran.action.ConfigurationAction - debug attribute not set
08:25:02,330 |-INFO in ch.qos.logback.core.joran.action.AppenderAction - About to instantiate appender of type [ch.qos.logback.core.ConsoleAppender]
08:25:02,347 |-INFO in ch.qos.logback.core.joran.action.AppenderAction - Naming appender as [STDOUT]
08:25:02,364 |-INFO in ch.qos.logback.core.joran.action.NestedComplexPropertyIA - Assuming default type [ch.qos.logback.classic.encoder.PatternLayoutEncoder] for [encoder] property
08:25:02,462 |-INFO in ch.qos.logback.core.joran.action.AppenderAction - About to instantiate appender of type [ch.qos.logback.core.rolling.RollingFileAppender]
08:25:02,477 |-INFO in ch.qos.logback.core.joran.action.AppenderAction - Naming appender as [FILE]
08:25:02,507 |-INFO in c.q.l.core.rolling.TimeBasedRollingPolicy@127618319 - No compression will be used
08:25:02,508 |-INFO in c.q.l.core.rolling.TimeBasedRollingPolicy@127618319 - Will use the pattern /tmp/application_%d{yyyy-MM-dd}.%i.log for the active file
08:25:02,511 |-INFO in ch.qos.logback.core.rolling.SizeAndTimeBasedFNATP@6b2fad11 - The date pattern is 'yyyy-MM-dd' from file name pattern '/tmp/application_%d{yyyy-MM-dd}.%i.log'.
08:25:02,511 |-INFO in ch.qos.logback.core.rolling.SizeAndTimeBasedFNATP@6b2fad11 - Roll-over at midnight.
08:25:02,516 |-INFO in ch.qos.logback.core.rolling.SizeAndTimeBasedFNATP@6b2fad11 - Setting initial period to Tue Jun 11 08:23:45 UTC 2019
08:25:02,516 |-WARN in ch.qos.logback.core.rolling.SizeAndTimeBasedFNATP@6b2fad11 - SizeAndTimeBasedFNATP is deprecated. Use SizeAndTimeBasedRollingPolicy instead
08:25:02,516 |-WARN in ch.qos.logback.core.rolling.SizeAndTimeBasedFNATP@6b2fad11 - For more information see http://logback.qos.ch/manual/appenders.html#SizeAndTimeBasedRollingPolicy
08:25:02,520 |-INFO in ch.qos.logback.core.joran.action.NestedComplexPropertyIA - Assuming default type [ch.qos.logback.classic.encoder.PatternLayoutEncoder] for [encoder] property
08:25:02,526 |-INFO in ch.qos.logback.core.rolling.RollingFileAppender[FILE] - Active log file name: /tmp/application.log
08:25:02,526 |-INFO in ch.qos.logback.core.rolling.RollingFileAppender[FILE] - File property is set to [/tmp/application.log]
08:25:02,526 |-INFO in ch.qos.logback.classic.joran.action.RootLoggerAction - Setting level of ROOT logger to WARN
08:25:02,526 |-INFO in ch.qos.logback.core.joran.action.AppenderRefAction - Attaching appender named [STDOUT] to Logger[ROOT]
08:25:02,528 |-INFO in ch.qos.logback.core.joran.action.AppenderRefAction - Attaching appender named [FILE] to Logger[ROOT]
08:25:02,528 |-INFO in ch.qos.logback.classic.joran.action.ConfigurationAction - End of configuration.
08:25:02,529 |-INFO in ch.qos.logback.classic.joran.JoranConfigurator@79698539 - Registering current configuration as safe fallback point

Ama winner
Ama winner
2019-06-11T08:25:03.825+0000: 1.770: [Full GC (Metadata GC Threshold) 2019-06-11T08:25:03.825+0000: 1.770: [Tenured: 0K->15144K(341376K), 0.0364196 secs] 114923K->15144K(494976K), [Metaspace: 20729K->20729K(1067008K)], 0.0364883 secs] [Times: user=0.03 sys=0.01, real=0.03 secs] 
08:25:16.770 [Curator-PathChildrenCache-1] WARN  o.a.c.u.ZKPaths  - The version of ZooKeeper being used doesn't support Container nodes. CreateMode.PERSISTENT will be used instead.
2019-06-11T08:25:18.756+0000: 16.701: [GC (Allocation Failure) 2019-06-11T08:25:18.756+0000: 16.701: [DefNew: 136576K->17023K(153600K), 0.0250069 secs] 151720K->52601K(494976K), 0.0250801 secs] [Times: user=0.01 sys=0.00, real=0.02 secs] 
2019-06-11T08:25:25.050+0000: 22.996: [GC (Allocation Failure) 2019-06-11T08:25:25.050+0000: 22.996: [DefNew: 153599K->246K(153600K), 0.0098182 secs] 189177K->44130K(494976K), 0.0098846 secs] [Times: user=0.01 sys=0.00, real=0.01 secs] 
2019-06-11T08:25:31.312+0000: 29.257: [GC (Allocation Failure) 2019-06-11T08:25:31.312+0000: 29.257: [DefNew: 136822K->225K(153600K), 0.0028406 secs] 180706K->44109K(494976K), 0.0029008 secs] [Times: user=0.00 sys=0.00, real=0.00 secs] 
2019-06-11T08:25:34.688+0000: 32.634: [Full GC (Metadata GC Threshold) 2019-06-11T08:25:34.689+0000: 32.634: [Tenured: 43884K->44109K(341376K), 0.0468713 secs] 120490K->44109K(494976K), [Metaspace: 34598K->34598K(1079296K)], 0.0478737 secs] [Times: user=0.05 sys=0.00, real=0.05 secs] 
2019-06-11T08:25:41.008+0000: 38.953: [GC (Allocation Failure) 2019-06-11T08:25:41.008+0000: 38.953: [DefNew: 136576K->50K(153600K), 0.0016959 secs] 180685K->44160K(494976K), 0.0017580 secs] [Times: user=0.00 sys=0.00, real=0.00 secs] 
2019-06-11T08:25:47.304+0000: 45.249: [GC (Allocation Failure) 2019-06-11T08:25:47.304+0000: 45.249: [DefNew: 136626K->48K(153600K), 0.0016514 secs] 180736K->44158K(494976K), 0.0017129 secs] [Times: user=0.00 sys=0.00, real=0.00 secs] 
2019-06-11T08:26:00.911+0000: 58.856: [GC (Allocation Failure) 2019-06-11T08:26:00.911+0000: 58.856: [DefNew: 136624K->244K(153600K), 0.0021042 secs] 180734K->44354K(494976K), 0.0021547 secs] [Times: user=0.00 sys=0.00, real=0.00 secs] 
08:26:00.984 [Curator-PathChildrenCache-0] ERROR o.a.c.f.r.c.PathChildrenCache  - 
java.lang.IllegalStateException: instance must be started before calling this method
	at org.apache.curator.shaded.com.google.common.base.Preconditions.checkState(Preconditions.java:444)
	at org.apache.curator.framework.imps.CuratorFrameworkImpl.getChildren(CuratorFrameworkImpl.java:456)
	at org.apache.curator.framework.recipes.cache.PathChildrenCache.refresh(PathChildrenCache.java:521)
	at org.apache.curator.framework.recipes.cache.RefreshOperation.invoke(RefreshOperation.java:35)
	at org.apache.curator.framework.recipes.cache.PathChildrenCache$9.run(PathChildrenCache.java:786)
	at java.util.concurrent.Executors$RunnableAdapter.call(Executors.java:511)
	at java.util.concurrent.FutureTask.run(FutureTask.java:266)
	at java.util.concurrent.Executors$RunnableAdapter.call(Executors.java:511)
	at java.util.concurrent.FutureTask.run(FutureTask.java:266)
	at java.util.concurrent.ThreadPoolExecutor.runWorker(ThreadPoolExecutor.java:1149)
	at java.util.concurrent.ThreadPoolExecutor$Worker.run(ThreadPoolExecutor.java:624)
	at java.lang.Thread.run(Thread.java:748)
Heap
 def new generation   total 153600K, used 18675K [0x00000000e0c00000, 0x00000000eb2a0000, 0x00000000eb2a0000)
  eden space 136576K,  13% used [0x00000000e0c00000, 0x00000000e1dffe08, 0x00000000e9160000)
  from space 17024K,   1% used [0x00000000e9160000, 0x00000000e919d150, 0x00000000ea200000)
  to   space 17024K,   0% used [0x00000000ea200000, 0x00000000ea200000, 0x00000000eb2a0000)
 tenured generation   total 341376K, used 44109K [0x00000000eb2a0000, 0x0000000100000000, 0x0000000100000000)
   the space 341376K,  12% used [0x00000000eb2a0000, 0x00000000eddb3750, 0x00000000eddb3800, 0x0000000100000000)
 Metaspace       used 35866K, capacity 36762K, committed 37120K, reserved 1081344K
  class space    used 4837K, capacity 5041K, committed 5120K, reserved 1048576K
