12:27:23,002 |-INFO in ch.qos.logback.classic.LoggerContext[default] - Could NOT find resource [logback-test.xml]
12:27:23,002 |-INFO in ch.qos.logback.classic.LoggerContext[default] - Could NOT find resource [logback.groovy]
12:27:23,002 |-INFO in ch.qos.logback.classic.LoggerContext[default] - Found resource [logback.xml] at [jar:file:/home/ubuntu/flamestream/lib/flamestream-runtime-1.0-SNAPSHOT.jar!/logback.xml]
12:27:23,003 |-WARN in ch.qos.logback.classic.LoggerContext[default] - Resource [logback.xml] occurs multiple times on the classpath.
12:27:23,003 |-WARN in ch.qos.logback.classic.LoggerContext[default] - Resource [logback.xml] occurs at [jar:file:/home/ubuntu/flamestream/flamestream-runtime-1.0-SNAPSHOT.jar!/logback.xml]
12:27:23,003 |-WARN in ch.qos.logback.classic.LoggerContext[default] - Resource [logback.xml] occurs at [jar:file:/home/ubuntu/flamestream/lib/flamestream-runtime-1.0-SNAPSHOT.jar!/logback.xml]
12:27:23,019 |-INFO in ch.qos.logback.core.joran.spi.ConfigurationWatchList@4678c730 - URL [jar:file:/home/ubuntu/flamestream/lib/flamestream-runtime-1.0-SNAPSHOT.jar!/logback.xml] is not of type file
12:27:23,085 |-INFO in ch.qos.logback.classic.joran.action.ConfigurationAction - debug attribute not set
12:27:23,090 |-INFO in ch.qos.logback.core.joran.action.AppenderAction - About to instantiate appender of type [ch.qos.logback.core.ConsoleAppender]
12:27:23,111 |-INFO in ch.qos.logback.core.joran.action.AppenderAction - Naming appender as [STDOUT]
12:27:23,126 |-INFO in ch.qos.logback.core.joran.action.NestedComplexPropertyIA - Assuming default type [ch.qos.logback.classic.encoder.PatternLayoutEncoder] for [encoder] property
12:27:23,222 |-INFO in ch.qos.logback.core.joran.action.AppenderAction - About to instantiate appender of type [ch.qos.logback.core.rolling.RollingFileAppender]
12:27:23,226 |-INFO in ch.qos.logback.core.joran.action.AppenderAction - Naming appender as [FILE]
12:27:23,271 |-INFO in c.q.l.core.rolling.TimeBasedRollingPolicy@1734853116 - No compression will be used
12:27:23,272 |-INFO in c.q.l.core.rolling.TimeBasedRollingPolicy@1734853116 - Will use the pattern /tmp/application_%d{yyyy-MM-dd}.%i.log for the active file
12:27:23,280 |-INFO in ch.qos.logback.core.rolling.SizeAndTimeBasedFNATP@29ee9faa - The date pattern is 'yyyy-MM-dd' from file name pattern '/tmp/application_%d{yyyy-MM-dd}.%i.log'.
12:27:23,280 |-INFO in ch.qos.logback.core.rolling.SizeAndTimeBasedFNATP@29ee9faa - Roll-over at midnight.
12:27:23,286 |-INFO in ch.qos.logback.core.rolling.SizeAndTimeBasedFNATP@29ee9faa - Setting initial period to Thu Oct 10 12:26:55 UTC 2019
12:27:23,286 |-WARN in ch.qos.logback.core.rolling.SizeAndTimeBasedFNATP@29ee9faa - SizeAndTimeBasedFNATP is deprecated. Use SizeAndTimeBasedRollingPolicy instead
12:27:23,286 |-WARN in ch.qos.logback.core.rolling.SizeAndTimeBasedFNATP@29ee9faa - For more information see http://logback.qos.ch/manual/appenders.html#SizeAndTimeBasedRollingPolicy
12:27:23,292 |-INFO in ch.qos.logback.core.joran.action.NestedComplexPropertyIA - Assuming default type [ch.qos.logback.classic.encoder.PatternLayoutEncoder] for [encoder] property
12:27:23,301 |-INFO in ch.qos.logback.core.rolling.RollingFileAppender[FILE] - Active log file name: /tmp/application.log
12:27:23,301 |-INFO in ch.qos.logback.core.rolling.RollingFileAppender[FILE] - File property is set to [/tmp/application.log]
12:27:23,304 |-INFO in ch.qos.logback.classic.joran.action.RootLoggerAction - Setting level of ROOT logger to INFO
12:27:23,304 |-INFO in ch.qos.logback.core.joran.action.AppenderRefAction - Attaching appender named [STDOUT] to Logger[ROOT]
12:27:23,304 |-INFO in ch.qos.logback.core.joran.action.AppenderRefAction - Attaching appender named [FILE] to Logger[ROOT]
12:27:23,304 |-INFO in ch.qos.logback.classic.joran.action.ConfigurationAction - End of configuration.
12:27:23,305 |-INFO in ch.qos.logback.classic.joran.JoranConfigurator@c038203 - Registering current configuration as safe fallback point

12:27:23.313 [main] INFO  c.s.f.r.WorkerApplication  - Starting worker with workerConfig 'WorkerConfig{id='flamestream-benchmarks-worker-7', localAddress=flamestream-benchmarks-worker-7/10.0.0.13:5412, zkString='flamestream-benchmarks-manager:12181', snapshotPath='/home/ubuntu/flamestream/data', guarantees=AT_MOST_ONCE}'
12:27:24.771 [worker-akka.actor.default-dispatcher-5] INFO  a.e.s.Slf4jLogger  - Slf4jLogger started
2019-10-10T12:27:24.930+0000: 2.283: [Full GC (Metadata GC Threshold) 2019-10-10T12:27:24.930+0000: 2.283: [Tenured: 0K->13590K(1024000K), 0.0537438 secs] 131240K->13590K(1484800K), [Metaspace: 20206K->20206K(1067008K)], 0.0538606 secs] [Times: user=0.05 sys=0.00, real=0.05 secs] 
12:27:25.086 [worker-akka.actor.default-dispatcher-5] WARN  a.r.RemoteActorRefProvider akka.remote.RemoteActorRefProvider - Using the 'remote' ActorRefProvider directly, which is a low-level layer. For most use cases, the 'cluster' abstraction on top of remoting is more suitable instead.
12:27:25.092 [worker-akka.actor.default-dispatcher-5] WARN  a.r.RemoteActorRefProvider akka.remote.RemoteActorRefProvider - Akka Cluster not in use - Using Akka Cluster is recommended if you need remote watch and deploy.
12:27:25.208 [worker-akka.actor.default-dispatcher-5] INFO  a.r.a.a.ArteryAeronUdpTransport(akka://worker) akka.remote.artery.aeron.ArteryAeronUdpTransport(akka://worker) - Started embedded media driver in directory [/dev/shm/aeron-flamestream-benchmarks-worker-7]
12:27:25.251 [worker-akka.actor.default-dispatcher-5] WARN  a.r.a.a.ArteryAeronUdpTransport(akka://worker) akka.remote.artery.aeron.ArteryAeronUdpTransport(akka://worker) - Aeron CnC version mismatch: compiled version = 15, file version = 16
12:27:25.528 [worker-akka.actor.default-dispatcher-5] INFO  a.r.a.a.ArteryAeronUdpTransport(akka://worker) akka.remote.artery.aeron.ArteryAeronUdpTransport(akka://worker) - Remoting started with transport [Artery aeron-udp]; listening on address [akka://worker@flamestream-benchmarks-worker-7:5412] and bound to [akka://worker@0.0.0.0:5412] with UID [5679006320686288223]
12:27:26.137 [worker-akka.actor.default-dispatcher-5] WARN  a.s.Serialization(akka://worker) akka.serialization.Serialization(akka://worker) - Using serializer [com.romix.akka.serialization.kryo.KryoSerializer] for message [akka.actor.ActorSelectionMessage]. Note that this serializer is not implemented by Akka. It's not recommended to replace serializers for messages provided by Akka.
12:27:26.138 [worker-akka.actor.default-dispatcher-5] WARN  a.s.Serialization(akka://worker) akka.serialization.Serialization(akka://worker) - Using serializer [com.romix.akka.serialization.kryo.KryoSerializer] for message [akka.actor.ActorIdentity]. Note that this serializer is not implemented by Akka. It's not recommended to replace serializers for messages provided by Akka.
12:27:26.199 [worker-akka.actor.default-dispatcher-8] INFO  a.a.RepointableActorRef akka://worker/user/watcher - Starting...
12:27:26.369 [worker-akka.actor.default-dispatcher-5] INFO  o.a.c.u.Compatibility  - Running in ZooKeeper 3.4.x compatibility mode
12:27:26.403 [worker-akka.actor.default-dispatcher-5] INFO  o.a.c.f.i.CuratorFrameworkImpl  - Starting
12:27:26.413 [worker-akka.actor.default-dispatcher-5] INFO  o.a.z.ZooKeeper  - Client environment:zookeeper.version=3.4.14-4c25d480e66aadd371de8bd2fd8da255ac140bcf, built on 03/06/2019 16:18 GMT
12:27:26.414 [worker-akka.actor.default-dispatcher-5] INFO  o.a.z.ZooKeeper  - Client environment:host.name=flamestream-benchmarks-worker-7
12:27:26.414 [worker-akka.actor.default-dispatcher-5] INFO  o.a.z.ZooKeeper  - Client environment:java.version=1.8.0_222
12:27:26.414 [worker-akka.actor.default-dispatcher-5] INFO  o.a.z.ZooKeeper  - Client environment:java.vendor=Private Build
12:27:26.415 [worker-akka.actor.default-dispatcher-5] INFO  o.a.z.ZooKeeper  - Client environment:java.home=/usr/lib/jvm/java-8-openjdk-amd64/jre
12:27:26.416 [worker-akka.actor.default-dispatcher-5] INFO  o.a.z.ZooKeeper  - Client environment:java.class.path=lib/curator-framework-4.0.1.jar:lib/commons-csv-1.4.jar:lib/aeron-client-1.21.2.jar:lib/scala-library-2.12.9.jar:lib/asm-5.0.4.jar:lib/agrona-1.0.1.jar:lib/curator-recipes-4.0.1.jar:lib/akka-testkit_2.12-2.6.0-M6.jar:lib/flamestream-runtime-1.0-SNAPSHOT.jar:lib/slf4j-simple-2.0.0-alpha1.jar:lib/jsr305-3.0.2.jar:lib/trove4j-3.0.3.jar:lib/flamestream-core-1.0-SNAPSHOT.jar:lib/commons-io-2.4.jar:lib/minlog-1.3.0.jar:lib/kryonet-2.21.jar:lib/commons-1.4.9.jar:lib/jline-0.9.94.jar:lib/akka-remote_2.12-2.6.0-M6.jar:lib/leveldbjni-all-1.8.jar:lib/lz4-1.3.0.jar:lib/slf4j-api-1.7.24.jar:lib/scala-parser-combinators_2.12-1.1.2.jar:lib/flamestream-core-1.0-SNAPSHOT-tests.jar:lib/logback-core-1.2.3.jar:lib/netty-3.10.6.Final.jar:lib/protobuf-java-3.9.0.jar:lib/minlog-1.2.jar:lib/leveldb-api-0.7.jar:lib/jool-0.9.12.jar:lib/commons-cli-1.4.jar:lib/jblas-1.2.4.jar:lib/reflectasm-1.11.3.jar:lib/reflectasm-1.07-shaded.jar:lib/audience-annotations-0.5.0.jar:lib/jackson-annotations-2.9.6.jar:lib/commons-lang-2.6.jar:lib/ssl-config-core_2.12-0.3.8.jar:lib/annotations-13.0.jar:lib/logback-classic-1.2.3.jar:lib/guava-21.0.jar:lib/reactive-streams-1.0.2.jar:lib/spotbugs-annotations-3.1.9.jar:lib/leveldb-0.7.jar:lib/commons-pool2-2.4.2.jar:lib/rocksdbjni-5.5.1.jar:lib/jackson-core-2.9.9.jar:lib/jackson-databind-2.9.9.2.jar:lib/akka-protobuf-v3_2.12-2.6.0-M6.jar:lib/jackson-annotations-2.9.0.jar:lib/flamestream-examples-1.0-SNAPSHOT.jar:lib/objenesis-2.1.jar:lib/akka-kryo-serialization_2.12-0.5.2.jar:lib/scala-java8-compat_2.12-0.8.0.jar:lib/zookeeper-3.4.14.jar:lib/akka-slf4j_2.12-2.6.0-M6.jar:lib/kryo-4.0.0.jar:lib/akka-stream_2.12-2.6.0-M6.jar:lib/aeron-driver-1.21.2.jar:lib/config-1.3.1.jar:lib/annotations-12.0.jar:lib/jedis-2.9.0.jar:lib/jcommander-1.48.jar:lib/testng-6.10.jar:lib/akka-actor_2.12-2.6.0-M6.jar:lib/curator-client-4.0.1.jar:flamestream-runtime-1.0-SNAPSHOT.jar
12:27:26.416 [worker-akka.actor.default-dispatcher-5] INFO  o.a.z.ZooKeeper  - Client environment:java.library.path=/usr/java/packages/lib/amd64:/usr/lib/x86_64-linux-gnu/jni:/lib/x86_64-linux-gnu:/usr/lib/x86_64-linux-gnu:/usr/lib/jni:/lib:/usr/lib
12:27:26.416 [worker-akka.actor.default-dispatcher-5] INFO  o.a.z.ZooKeeper  - Client environment:java.io.tmpdir=/tmp
12:27:26.416 [worker-akka.actor.default-dispatcher-5] INFO  o.a.z.ZooKeeper  - Client environment:java.compiler=<NA>
12:27:26.417 [worker-akka.actor.default-dispatcher-5] INFO  o.a.z.ZooKeeper  - Client environment:os.name=Linux
12:27:26.420 [worker-akka.actor.default-dispatcher-5] INFO  o.a.z.ZooKeeper  - Client environment:os.arch=amd64
12:27:26.420 [worker-akka.actor.default-dispatcher-5] INFO  o.a.z.ZooKeeper  - Client environment:os.version=4.15.0-1040-gcp
12:27:26.420 [worker-akka.actor.default-dispatcher-5] INFO  o.a.z.ZooKeeper  - Client environment:user.name=ubuntu
12:27:26.420 [worker-akka.actor.default-dispatcher-5] INFO  o.a.z.ZooKeeper  - Client environment:user.home=/home/ubuntu
12:27:26.421 [worker-akka.actor.default-dispatcher-5] INFO  o.a.z.ZooKeeper  - Client environment:user.dir=/home/ubuntu/flamestream
12:27:26.423 [worker-akka.actor.default-dispatcher-5] INFO  o.a.z.ZooKeeper  - Initiating client connection, connectString=flamestream-benchmarks-manager:12181 sessionTimeout=60000 watcher=org.apache.curator.ConnectionState@3c5e82fa
12:27:26.459 [worker-akka.actor.default-dispatcher-5-SendThread(flamestream-benchmarks-manager:12181)] INFO  o.a.z.ClientCnxn  - Opening socket connection to server flamestream-benchmarks-manager/10.0.0.21:12181. Will not attempt to authenticate using SASL (unknown error)
12:27:26.465 [worker-akka.actor.default-dispatcher-5] INFO  o.a.c.f.i.CuratorFrameworkImpl  - Default schema
12:27:26.466 [worker-akka.actor.default-dispatcher-5-SendThread(flamestream-benchmarks-manager:12181)] INFO  o.a.z.ClientCnxn  - Socket connection established to flamestream-benchmarks-manager/10.0.0.21:12181, initiating session
12:27:26.476 [worker-akka.actor.default-dispatcher-5-SendThread(flamestream-benchmarks-manager:12181)] INFO  o.a.z.ClientCnxn  - Session establishment complete on server flamestream-benchmarks-manager/10.0.0.21:12181, sessionid = 0x100005c675e0007, negotiated timeout = 60000
12:27:26.483 [worker-akka.actor.default-dispatcher-5-EventThread] INFO  o.a.c.f.s.ConnectionStateManager  - State change: CONNECTED
12:27:26.486 [worker-akka.actor.default-dispatcher-8] INFO  a.a.RepointableActorRef akka://worker/user/watcher - Initializing rocksDB backend
2019-10-10T12:27:27.266+0000: 4.619: [Full GC (Metadata GC Threshold) 2019-10-10T12:27:27.266+0000: 4.619: [Tenured: 13590K->25903K(1024000K), 0.1451491 secs] 161080K->25903K(1484800K), [Metaspace: 33675K->33675K(1079296K)], 0.1452571 secs] [Times: user=0.06 sys=0.02, real=0.15 secs] 
12:27:27.521 [worker-akka.actor.default-dispatcher-5] INFO  a.a.LocalActorRef akka://worker/user/watcher/processing-watcher - Starting...
12:27:33.938 [Curator-PathChildrenCache-1] WARN  o.a.c.u.ZKPaths  - The version of ZooKeeper being used doesn't support Container nodes. CreateMode.PERSISTENT will be used instead.
12:27:34.030 [worker-akka.actor.default-dispatcher-9] INFO  a.a.LocalActorRef akka://worker/user/watcher/processing-watcher/$a - Starting...
12:27:34.064 [worker-akka.actor.default-dispatcher-5] INFO  a.a.LocalActorRef akka://worker/user/watcher/processing-watcher/$a - Stopped
12:27:35.679 [worker-akka.actor.default-dispatcher-5] INFO  a.a.LocalActorRef akka://worker/user/watcher/processing-watcher/graph/graph - Starting...
12:27:38.726 [worker-akka.actor.default-dispatcher-8] INFO  a.a.LocalActorRef akka://worker/user/watcher/processing-watcher/graph/graph - Finishing constructor
12:27:38.728 [worker-akka.actor.default-dispatcher-11] INFO  a.a.LocalActorRef akka://worker/user/watcher/processing-watcher/graph/negotiator - Starting...
12:27:38.740 [worker-akka.actor.default-dispatcher-11] INFO  a.a.LocalActorRef akka://worker/user/watcher/processing-watcher/graph - Starting FlameNode with config 'ClusterConfig{paths={flamestream-benchmarks-worker-1=akka://worker@flamestream-benchmarks-worker-1:5412/user/watcher/processing-watcher/graph, flamestream-benchmarks-worker-0=akka://worker@flamestream-benchmarks-worker-0:5412/user/watcher/processing-watcher/graph, flamestream-benchmarks-worker-9=akka://worker@flamestream-benchmarks-worker-9:5412/user/watcher/processing-watcher/graph, flamestream-benchmarks-worker-8=akka://worker@flamestream-benchmarks-worker-8:5412/user/watcher/processing-watcher/graph, flamestream-benchmarks-worker-7=akka://worker@flamestream-benchmarks-worker-7:5412/user/watcher/processing-watcher/graph, flamestream-benchmarks-worker-6=akka://worker@flamestream-benchmarks-worker-6:5412/user/watcher/processing-watcher/graph, flamestream-benchmarks-worker-5=akka://worker@flamestream-benchmarks-worker-5:5412/user/watcher/processing-watcher/graph, flamestream-benchmarks-worker-4=akka://worker@flamestream-benchmarks-worker-4:5412/user/watcher/processing-watcher/graph, flamestream-benchmarks-worker-3=akka://worker@flamestream-benchmarks-worker-3:5412/user/watcher/processing-watcher/graph, flamestream-benchmarks-worker-2=akka://worker@flamestream-benchmarks-worker-2:5412/user/watcher/processing-watcher/graph, flamestream-benchmarks-worker-14=akka://worker@flamestream-benchmarks-worker-14:5412/user/watcher/processing-watcher/graph, flamestream-benchmarks-worker-13=akka://worker@flamestream-benchmarks-worker-13:5412/user/watcher/processing-watcher/graph, flamestream-benchmarks-worker-12=akka://worker@flamestream-benchmarks-worker-12:5412/user/watcher/processing-watcher/graph, flamestream-benchmarks-worker-11=akka://worker@flamestream-benchmarks-worker-11:5412/user/watcher/processing-watcher/graph, flamestream-benchmarks-worker-10=akka://worker@flamestream-benchmarks-worker-10:5412/user/watcher/processing-watcher/graph}}'
12:27:38.741 [worker-akka.actor.default-dispatcher-11] INFO  a.a.LocalActorRef akka://worker/user/watcher/processing-watcher/graph/edge - Starting...
12:27:38.757 [worker-akka.actor.default-dispatcher-8] INFO  a.a.LocalActorRef akka://worker/user/watcher/processing-watcher/graph/negotiator - Requesting ticket for the frontClass FlameSocketGraphDeployerFront@flamestream-benchmarks-worker-7
12:27:38.798 [worker-akka.actor.default-dispatcher-5] INFO  a.a.LocalActorRef akka://worker/user/watcher/processing-watcher/graph/graph - Received last commit 'LastCommit{globalTime=(0000000, min@min)}'
12:27:38.828 [worker-akka.actor.default-dispatcher-11] INFO  c.s.f.r.e.s.SocketRear  - FlameSocketGraphDeployerRear@flamestream-benchmarks-worker-7: connecting to flamestream-benchmarks-manager:5678
12:27:38.856 [worker-akka.actor.default-dispatcher-9] INFO  a.a.LocalActorRef akka://worker/user/watcher/processing-watcher/graph/edge/FlameSocketGraphDeployerFront - Starting...
12:27:38.859 [worker-akka.actor.default-dispatcher-11] INFO  c.s.f.r.e.s.SocketRear  - FlameSocketGraphDeployerRear@flamestream-benchmarks-worker-7: connected to flamestream-benchmarks-manager:5678
12:27:38.860 [worker-akka.actor.default-dispatcher-11] INFO  a.a.LocalActorRef akka://worker/user/watcher/processing-watcher/graph/edge/FlameSocketGraphDeployerRear - Starting...
12:27:38.872 [worker-akka.actor.default-dispatcher-11] INFO  a.a.LocalActorRef akka://worker/user/watcher/processing-watcher/graph/negotiator - Ticket for the frontClass received: FrontTicket{allowedTimestamp=(0000000, FlameSocketGraphDeployerFront@flamestream-benchmarks-worker-7)}
12:27:38.873 [worker-akka.actor.default-dispatcher-11] INFO  c.s.f.r.e.s.SocketFront  - FlameSocketGraphDeployerFront@flamestream-benchmarks-worker-7: connecting to flamestream-benchmarks-manager:4567
12:27:39.053 [worker-akka.actor.default-dispatcher-11] INFO  a.a.LocalActorRef akka://worker/user/watcher/processing-watcher/graph/graph/$a - Starting...
12:27:39.056 [worker-akka.actor.default-dispatcher-11] INFO  a.a.LocalActorRef akka://worker/user/watcher/processing-watcher/graph/graph/$b - Starting...
12:27:39.058 [worker-akka.actor.default-dispatcher-11] INFO  a.a.LocalActorRef akka://worker/user/watcher/processing-watcher/graph/graph/$c - Starting...
12:27:39.061 [worker-akka.actor.default-dispatcher-11] INFO  a.a.LocalActorRef akka://worker/user/watcher/processing-watcher/graph/graph/$d - Starting...
12:27:39.063 [worker-akka.actor.default-dispatcher-11] INFO  a.a.LocalActorRef akka://worker/user/watcher/processing-watcher/graph/graph/$e - Starting...
12:27:39.065 [worker-akka.actor.default-dispatcher-11] INFO  a.a.LocalActorRef akka://worker/user/watcher/processing-watcher/graph/graph/$f - Starting...
12:27:39.070 [worker-akka.actor.default-dispatcher-11] INFO  a.a.LocalActorRef akka://worker/user/watcher/processing-watcher/graph/graph/$g - Starting...
12:27:39.074 [worker-akka.actor.default-dispatcher-11] INFO  a.a.LocalActorRef akka://worker/user/watcher/processing-watcher/graph/graph/$h - Starting...
12:27:39.078 [worker-akka.actor.default-dispatcher-11] INFO  a.a.LocalActorRef akka://worker/user/watcher/processing-watcher/graph/graph/$i - Starting...
12:27:39.081 [worker-akka.actor.default-dispatcher-11] INFO  a.a.LocalActorRef akka://worker/user/watcher/processing-watcher/graph/graph/$j - Starting...
12:27:39.084 [worker-akka.actor.default-dispatcher-11] INFO  a.a.LocalActorRef akka://worker/user/watcher/processing-watcher/graph/graph/$k - Starting...
12:27:39.087 [worker-akka.actor.default-dispatcher-11] INFO  a.a.LocalActorRef akka://worker/user/watcher/processing-watcher/graph/graph/$l - Starting...
12:27:39.091 [worker-akka.actor.default-dispatcher-11] INFO  a.a.LocalActorRef akka://worker/user/watcher/processing-watcher/graph/graph/$m - Starting...
12:27:39.094 [worker-akka.actor.default-dispatcher-11] INFO  a.a.LocalActorRef akka://worker/user/watcher/processing-watcher/graph/graph/$n - Starting...
12:27:39.096 [worker-akka.actor.default-dispatcher-11] INFO  a.a.LocalActorRef akka://worker/user/watcher/processing-watcher/graph/graph/$o - Starting...
12:27:39.100 [worker-akka.actor.default-dispatcher-11] INFO  a.a.LocalActorRef akka://worker/user/watcher/processing-watcher/graph/graph/$p - Starting...
12:27:39.110 [worker-akka.actor.default-dispatcher-11] INFO  a.a.LocalActorRef akka://worker/user/watcher/processing-watcher/graph/graph/$q - Starting...
12:27:39.132 [worker-akka.actor.default-dispatcher-11] INFO  a.a.LocalActorRef akka://worker/user/watcher/processing-watcher/graph/graph/$r - Starting...
12:27:39.135 [worker-akka.actor.default-dispatcher-11] INFO  a.a.LocalActorRef akka://worker/user/watcher/processing-watcher/graph/graph/$s - Starting...
12:27:39.139 [worker-akka.actor.default-dispatcher-11] INFO  a.a.LocalActorRef akka://worker/user/watcher/processing-watcher/graph/graph/$t - Starting...
12:27:39.142 [worker-akka.actor.default-dispatcher-11] INFO  a.a.LocalActorRef akka://worker/user/watcher/processing-watcher/graph/graph/$u - Starting...
12:27:39.144 [worker-akka.actor.default-dispatcher-11] INFO  a.a.LocalActorRef akka://worker/user/watcher/processing-watcher/graph/graph/$v - Starting...
12:27:39.155 [worker-akka.actor.default-dispatcher-11] INFO  a.a.LocalActorRef akka://worker/user/watcher/processing-watcher/graph/graph/$q - Attached rear to graph (-9223372036854775808, min@min)
12:27:39.155 [worker-akka.actor.default-dispatcher-11] INFO  a.a.LocalActorRef akka://worker/user/watcher/processing-watcher/graph/graph/$w - Starting...
12:27:39.156 [worker-akka.actor.default-dispatcher-11] INFO  a.a.LocalActorRef akka://worker/user/watcher/processing-watcher/graph/graph/$x - Starting...
12:27:39.157 [worker-akka.actor.default-dispatcher-11] INFO  a.a.LocalActorRef akka://worker/user/watcher/processing-watcher/graph/graph/$y - Starting...
12:27:39.159 [worker-akka.actor.default-dispatcher-11] INFO  a.a.LocalActorRef akka://worker/user/watcher/processing-watcher/graph/graph/$z - Starting...
12:27:39.160 [worker-akka.actor.default-dispatcher-11] INFO  a.a.LocalActorRef akka://worker/user/watcher/processing-watcher/graph/graph/$A - Starting...
12:27:39.161 [worker-akka.actor.default-dispatcher-11] INFO  a.a.LocalActorRef akka://worker/user/watcher/processing-watcher/graph/graph/$B - Starting...
12:27:39.163 [worker-akka.actor.default-dispatcher-11] INFO  a.a.LocalActorRef akka://worker/user/watcher/processing-watcher/graph/graph/$C - Starting...
12:27:39.165 [worker-akka.actor.default-dispatcher-11] INFO  a.a.LocalActorRef akka://worker/user/watcher/processing-watcher/graph/graph/$D - Starting...
12:27:39.165 [worker-akka.actor.default-dispatcher-11] INFO  a.a.LocalActorRef akka://worker/user/watcher/processing-watcher/graph/graph/$E - Starting...
12:27:39.167 [worker-akka.actor.default-dispatcher-11] INFO  a.a.LocalActorRef akka://worker/user/watcher/processing-watcher/graph/graph/$F - Starting...
12:27:39.169 [worker-akka.actor.default-dispatcher-11] INFO  a.a.LocalActorRef akka://worker/user/watcher/processing-watcher/graph/graph/$G - Starting...
12:27:39.170 [worker-akka.actor.default-dispatcher-11] INFO  a.a.LocalActorRef akka://worker/user/watcher/processing-watcher/graph/graph/$H - Starting...
2019-10-10T12:27:52.373+0000: 29.726: [GC (Allocation Failure) 2019-10-10T12:27:52.373+0000: 29.726: [DefNew: 409600K->30600K(460800K), 0.0423905 secs] 435503K->56504K(1484800K), 0.0424907 secs] [Times: user=0.01 sys=0.03, real=0.04 secs] 
2019-10-10T12:27:59.860+0000: 37.214: [GC (Allocation Failure) 2019-10-10T12:27:59.861+0000: 37.214: [DefNew: 440200K->129K(460800K), 0.0314563 secs] 466104K->54128K(1484800K), 0.0315547 secs] [Times: user=0.02 sys=0.02, real=0.03 secs] 
2019-10-10T12:28:05.514+0000: 42.867: [GC (Allocation Failure) 2019-10-10T12:28:05.514+0000: 42.867: [DefNew: 409729K->127K(460800K), 0.0026947 secs] 463728K->54126K(1484800K), 0.0027847 secs] [Times: user=0.00 sys=0.00, real=0.00 secs] 
2019-10-10T12:28:10.315+0000: 47.668: [GC (Allocation Failure) 2019-10-10T12:28:10.315+0000: 47.668: [DefNew: 409727K->71K(460800K), 0.0026866 secs] 463726K->54070K(1484800K), 0.0027730 secs] [Times: user=0.00 sys=0.00, real=0.01 secs] 
2019-10-10T12:28:15.118+0000: 52.471: [GC (Allocation Failure) 2019-10-10T12:28:15.118+0000: 52.471: [DefNew: 409671K->143K(460800K), 0.0029891 secs] 463670K->54142K(1484800K), 0.0030871 secs] [Times: user=0.00 sys=0.00, real=0.00 secs] 
2019-10-10T12:28:19.827+0000: 57.180: [GC (Allocation Failure) 2019-10-10T12:28:19.827+0000: 57.180: [DefNew: 409743K->93K(460800K), 0.0027225 secs] 463742K->54092K(1484800K), 0.0028125 secs] [Times: user=0.00 sys=0.00, real=0.01 secs] 
2019-10-10T12:28:25.388+0000: 62.742: [GC (Allocation Failure) 2019-10-10T12:28:25.389+0000: 62.742: [DefNew: 409693K->328K(460800K), 0.0035220 secs] 463692K->54327K(1484800K), 0.0049582 secs] [Times: user=0.00 sys=0.00, real=0.01 secs] 
2019-10-10T12:28:32.731+0000: 70.084: [GC (Allocation Failure) 2019-10-10T12:28:32.731+0000: 70.084: [DefNew: 409928K->421K(460800K), 0.0042077 secs] 463927K->54420K(1484800K), 0.0042950 secs] [Times: user=0.00 sys=0.00, real=0.00 secs] 
2019-10-10T12:28:38.214+0000: 75.568: [GC (Allocation Failure) 2019-10-10T12:28:38.215+0000: 75.568: [DefNew: 410021K->283K(460800K), 0.0035538 secs] 464020K->54282K(1484800K), 0.0050786 secs] [Times: user=0.00 sys=0.00, real=0.01 secs] 
2019-10-10T12:28:43.977+0000: 81.330: [GC (Allocation Failure) 2019-10-10T12:28:43.977+0000: 81.330: [DefNew: 409883K->529K(460800K), 0.0042590 secs] 463882K->54528K(1484800K), 0.0043527 secs] [Times: user=0.01 sys=0.00, real=0.01 secs] 
2019-10-10T12:28:50.030+0000: 87.384: [GC (Allocation Failure) 2019-10-10T12:28:50.031+0000: 87.384: [DefNew: 410129K->326K(460800K), 0.0033489 secs] 464128K->54325K(1484800K), 0.0034493 secs] [Times: user=0.00 sys=0.00, real=0.00 secs] 
2019-10-10T12:28:55.736+0000: 93.089: [GC (Allocation Failure) 2019-10-10T12:28:55.736+0000: 93.089: [DefNew: 409926K->296K(460800K), 0.0034641 secs] 463925K->54294K(1484800K), 0.0035511 secs] [Times: user=0.00 sys=0.00, real=0.01 secs] 
2019-10-10T12:29:02.192+0000: 99.545: [GC (Allocation Failure) 2019-10-10T12:29:02.192+0000: 99.545: [DefNew: 409896K->283K(460800K), 0.0031972 secs] 463894K->54281K(1484800K), 0.0033072 secs] [Times: user=0.00 sys=0.00, real=0.00 secs] 
2019-10-10T12:29:07.854+0000: 105.207: [GC (Allocation Failure) 2019-10-10T12:29:07.854+0000: 105.207: [DefNew: 409883K->288K(460800K), 0.0032873 secs] 463881K->54287K(1484800K), 0.0033765 secs] [Times: user=0.00 sys=0.00, real=0.00 secs] 
2019-10-10T12:29:13.422+0000: 110.775: [GC (Allocation Failure) 2019-10-10T12:29:13.422+0000: 110.775: [DefNew: 409888K->368K(460800K), 0.0033327 secs] 463887K->54367K(1484800K), 0.0034272 secs] [Times: user=0.00 sys=0.01, real=0.00 secs] 
2019-10-10T12:29:18.926+0000: 116.280: [GC (Allocation Failure) 2019-10-10T12:29:18.927+0000: 116.280: [DefNew: 409968K->334K(460800K), 0.0034820 secs] 463967K->54332K(1484800K), 0.0046871 secs] [Times: user=0.00 sys=0.00, real=0.01 secs] 
2019-10-10T12:29:24.586+0000: 121.939: [GC (Allocation Failure) 2019-10-10T12:29:24.586+0000: 121.939: [DefNew: 409934K->406K(460800K), 0.0035269 secs] 463932K->54416K(1484800K), 0.0036263 secs] [Times: user=0.00 sys=0.00, real=0.00 secs] 
2019-10-10T12:29:31.352+0000: 128.705: [GC (Allocation Failure) 2019-10-10T12:29:31.352+0000: 128.705: [DefNew: 410006K->346K(460800K), 0.0034259 secs] 464016K->54360K(1484800K), 0.0035310 secs] [Times: user=0.00 sys=0.00, real=0.00 secs] 
2019-10-10T12:29:37.300+0000: 134.654: [GC (Allocation Failure) 2019-10-10T12:29:37.301+0000: 134.654: [DefNew: 409946K->433K(460800K), 0.0035832 secs] 463960K->54459K(1484800K), 0.0036773 secs] [Times: user=0.01 sys=0.00, real=0.00 secs] 
2019-10-10T12:29:42.656+0000: 140.011: [GC (Allocation Failure) 2019-10-10T12:29:42.658+0000: 140.011: [DefNew: 410033K->321K(460800K), 0.0036555 secs] 464059K->54364K(1484800K), 0.0050942 secs] [Times: user=0.01 sys=0.00, real=0.01 secs] 
2019-10-10T12:29:48.067+0000: 145.422: [GC (Allocation Failure) 2019-10-10T12:29:48.069+0000: 145.422: [DefNew: 409921K->342K(460800K), 0.0035354 secs] 463964K->54387K(1484800K), 0.0057439 secs] [Times: user=0.00 sys=0.00, real=0.01 secs] 
2019-10-10T12:29:53.989+0000: 151.342: [GC (Allocation Failure) 2019-10-10T12:29:53.989+0000: 151.342: [DefNew: 409942K->451K(460800K), 0.0040830 secs] 463987K->54589K(1484800K), 0.0041880 secs] [Times: user=0.00 sys=0.00, real=0.01 secs] 
2019-10-10T12:29:59.474+0000: 156.827: [GC (Allocation Failure) 2019-10-10T12:29:59.474+0000: 156.827: [DefNew: 410051K->450K(460800K), 0.0041671 secs] 464189K->54649K(1484800K), 0.0042692 secs] [Times: user=0.00 sys=0.00, real=0.01 secs] 
2019-10-10T12:30:05.149+0000: 162.502: [GC (Allocation Failure) 2019-10-10T12:30:05.149+0000: 162.503: [DefNew: 410050K->175K(460800K), 0.0028497 secs] 464249K->54375K(1484800K), 0.0029480 secs] [Times: user=0.00 sys=0.01, real=0.00 secs] 
2019-10-10T12:30:10.688+0000: 168.041: [GC (Allocation Failure) 2019-10-10T12:30:10.688+0000: 168.041: [DefNew: 409775K->427K(460800K), 0.0034507 secs] 463975K->54627K(1484800K), 0.0035421 secs] [Times: user=0.01 sys=0.00, real=0.01 secs] 
2019-10-10T12:30:16.272+0000: 173.627: [GC (Allocation Failure) 2019-10-10T12:30:16.274+0000: 173.627: [DefNew: 410027K->198K(460800K), 0.0030783 secs] 464227K->54399K(1484800K), 0.0045144 secs] [Times: user=0.01 sys=0.00, real=0.00 secs] 
2019-10-10T12:30:21.762+0000: 179.115: [GC (Allocation Failure) 2019-10-10T12:30:21.762+0000: 179.115: [DefNew: 409798K->183K(460800K), 0.0027827 secs] 463999K->54384K(1484800K), 0.0028602 secs] [Times: user=0.00 sys=0.00, real=0.00 secs] 
2019-10-10T12:30:27.543+0000: 184.896: [GC (Allocation Failure) 2019-10-10T12:30:27.543+0000: 184.896: [DefNew: 409783K->267K(460800K), 0.0031434 secs] 463984K->54469K(1484800K), 0.0032448 secs] [Times: user=0.00 sys=0.00, real=0.00 secs] 
2019-10-10T12:30:32.928+0000: 190.282: [GC (Allocation Failure) 2019-10-10T12:30:32.930+0000: 190.283: [DefNew: 409867K->239K(460800K), 0.0032039 secs] 464069K->54442K(1484800K), 0.0049049 secs] [Times: user=0.00 sys=0.00, real=0.01 secs] 
2019-10-10T12:30:38.388+0000: 195.741: [GC (Allocation Failure) 2019-10-10T12:30:38.388+0000: 195.741: [DefNew: 409839K->193K(460800K), 0.0029304 secs] 464042K->54398K(1484800K), 0.0030246 secs] [Times: user=0.01 sys=0.00, real=0.01 secs] 
2019-10-10T12:30:44.081+0000: 201.436: [GC (Allocation Failure) 2019-10-10T12:30:44.083+0000: 201.436: [DefNew: 409793K->533K(460800K), 0.0039308 secs] 463998K->54743K(1484800K), 0.0055971 secs] [Times: user=0.00 sys=0.00, real=0.00 secs] 
2019-10-10T12:30:49.557+0000: 206.910: [GC (Allocation Failure) 2019-10-10T12:30:49.557+0000: 206.910: [DefNew: 410133K->181K(460800K), 0.0029891 secs] 464343K->54398K(1484800K), 0.0030864 secs] [Times: user=0.01 sys=0.00, real=0.01 secs] 
2019-10-10T12:30:55.133+0000: 212.488: [GC (Allocation Failure) 2019-10-10T12:30:55.135+0000: 212.488: [DefNew: 409781K->349K(460800K), 0.0038452 secs] 463998K->54628K(1484800K), 0.0053482 secs] [Times: user=0.01 sys=0.00, real=0.01 secs] 
2019-10-10T12:31:00.568+0000: 217.921: [GC (Allocation Failure) 2019-10-10T12:31:00.568+0000: 217.921: [DefNew: 409949K->117K(460800K), 0.0028283 secs] 464228K->54399K(1484800K), 0.0029193 secs] [Times: user=0.00 sys=0.00, real=0.01 secs] 
2019-10-10T12:31:06.110+0000: 223.464: [GC (Allocation Failure) 2019-10-10T12:31:06.111+0000: 223.464: [DefNew: 409717K->187K(460800K), 0.0031167 secs] 463999K->54470K(1484800K), 0.0045752 secs] [Times: user=0.00 sys=0.00, real=0.00 secs] 
2019-10-10T12:31:11.720+0000: 229.073: [GC (Allocation Failure) 2019-10-10T12:31:11.720+0000: 229.073: [DefNew: 409787K->196K(460800K), 0.0029308 secs] 464070K->54479K(1484800K), 0.0030201 secs] [Times: user=0.01 sys=0.00, real=0.00 secs] 
2019-10-10T12:31:17.490+0000: 234.844: [GC (Allocation Failure) 2019-10-10T12:31:17.491+0000: 234.844: [DefNew: 409796K->227K(460800K), 0.0032378 secs] 464079K->54510K(1484800K), 0.0046987 secs] [Times: user=0.00 sys=0.00, real=0.00 secs] 
2019-10-10T12:31:23.166+0000: 240.519: [GC (Allocation Failure) 2019-10-10T12:31:23.166+0000: 240.519: [DefNew: 409827K->430K(460800K), 0.0039488 secs] 464110K->54713K(1484800K), 0.0040312 secs] [Times: user=0.01 sys=0.00, real=0.01 secs] 
2019-10-10T12:31:28.831+0000: 246.184: [GC (Allocation Failure) 2019-10-10T12:31:28.831+0000: 246.184: [DefNew: 410030K->317K(460800K), 0.0033962 secs] 464313K->54601K(1484800K), 0.0034806 secs] [Times: user=0.01 sys=0.00, real=0.00 secs] 
2019-10-10T12:31:34.103+0000: 251.457: [GC (Allocation Failure) 2019-10-10T12:31:34.104+0000: 251.457: [DefNew: 409917K->383K(460800K), 0.0035162 secs] 464201K->54666K(1484800K), 0.0050828 secs] [Times: user=0.01 sys=0.00, real=0.00 secs] 
2019-10-10T12:31:39.905+0000: 257.258: [GC (Allocation Failure) 2019-10-10T12:31:39.905+0000: 257.258: [DefNew: 409983K->217K(460800K), 0.0029446 secs] 464266K->54500K(1484800K), 0.0030219 secs] [Times: user=0.01 sys=0.00, real=0.00 secs] 
2019-10-10T12:31:45.248+0000: 262.602: [GC (Allocation Failure) 2019-10-10T12:31:45.249+0000: 262.602: [DefNew: 409817K->306K(460800K), 0.0034195 secs] 464100K->54589K(1484800K), 0.0048528 secs] [Times: user=0.01 sys=0.00, real=0.01 secs] 
2019-10-10T12:31:50.800+0000: 268.153: [GC (Allocation Failure) 2019-10-10T12:31:50.800+0000: 268.153: [DefNew: 409906K->197K(460800K), 0.0029566 secs] 464189K->54510K(1484800K), 0.0030484 secs] [Times: user=0.00 sys=0.00, real=0.00 secs] 
2019-10-10T12:31:56.447+0000: 273.800: [GC (Allocation Failure) 2019-10-10T12:31:56.447+0000: 273.800: [DefNew: 409797K->242K(460800K), 0.0031170 secs] 464110K->54555K(1484800K), 0.0031946 secs] [Times: user=0.00 sys=0.00, real=0.01 secs] 
2019-10-10T12:32:01.772+0000: 279.126: [GC (Allocation Failure) 2019-10-10T12:32:01.774+0000: 279.127: [DefNew: 409842K->157K(460800K), 0.0031599 secs] 464155K->54470K(1484800K), 0.0047527 secs] [Times: user=0.00 sys=0.00, real=0.00 secs] 
2019-10-10T12:32:07.100+0000: 284.454: [GC (Allocation Failure) 2019-10-10T12:32:07.101+0000: 284.454: [DefNew: 409757K->329K(460800K), 0.0034757 secs] 464070K->54642K(1484800K), 0.0048703 secs] [Times: user=0.00 sys=0.00, real=0.00 secs] 
2019-10-10T12:32:12.516+0000: 289.869: [GC (Allocation Failure) 2019-10-10T12:32:12.516+0000: 289.869: [DefNew: 409929K->410K(460800K), 0.0038045 secs] 464242K->54723K(1484800K), 0.0039047 secs] [Times: user=0.00 sys=0.00, real=0.01 secs] 
2019-10-10T12:32:18.044+0000: 295.398: [GC (Allocation Failure) 2019-10-10T12:32:18.045+0000: 295.398: [DefNew: 410010K->290K(460800K), 0.0032713 secs] 464323K->54603K(1484800K), 0.0047097 secs] [Times: user=0.01 sys=0.00, real=0.00 secs] 
2019-10-10T12:32:24.094+0000: 301.447: [GC (Allocation Failure) 2019-10-10T12:32:24.094+0000: 301.447: [DefNew: 409890K->267K(460800K), 0.0033747 secs] 464203K->54580K(1484800K), 0.0034624 secs] [Times: user=0.01 sys=0.00, real=0.00 secs] 
2019-10-10T12:32:29.521+0000: 306.874: [GC (Allocation Failure) 2019-10-10T12:32:29.521+0000: 306.874: [DefNew: 409867K->297K(460800K), 0.0029543 secs] 464180K->54610K(1484800K), 0.0030459 secs] [Times: user=0.00 sys=0.00, real=0.00 secs] 
2019-10-10T12:32:34.818+0000: 312.173: [GC (Allocation Failure) 2019-10-10T12:32:34.820+0000: 312.173: [DefNew: 409897K->298K(460800K), 0.0031511 secs] 464210K->54611K(1484800K), 0.0045756 secs] [Times: user=0.00 sys=0.00, real=0.00 secs] 
2019-10-10T12:32:40.193+0000: 317.548: [GC (Allocation Failure) 2019-10-10T12:32:40.195+0000: 317.548: [DefNew: 409898K->446K(460800K), 0.0036797 secs] 464211K->54763K(1484800K), 0.0050773 secs] [Times: user=0.00 sys=0.00, real=0.01 secs] 
2019-10-10T12:32:45.600+0000: 322.953: [GC (Allocation Failure) 2019-10-10T12:32:45.600+0000: 322.953: [DefNew: 410046K->392K(460800K), 0.0033806 secs] 464363K->54709K(1484800K), 0.0035127 secs] [Times: user=0.01 sys=0.00, real=0.00 secs] 
2019-10-10T12:32:50.870+0000: 328.224: [GC (Allocation Failure) 2019-10-10T12:32:50.871+0000: 328.224: [DefNew: 409992K->482K(460800K), 0.0037682 secs] 464309K->54842K(1484800K), 0.0052052 secs] [Times: user=0.00 sys=0.00, real=0.00 secs] 
2019-10-10T12:32:56.289+0000: 333.642: [GC (Allocation Failure) 2019-10-10T12:32:56.289+0000: 333.642: [DefNew: 410082K->250K(460800K), 0.0028741 secs] 464442K->54610K(1484800K), 0.0029584 secs] [Times: user=0.00 sys=0.00, real=0.01 secs] 
2019-10-10T12:33:02.139+0000: 339.492: [GC (Allocation Failure) 2019-10-10T12:33:02.139+0000: 339.492: [DefNew: 409850K->407K(460800K), 0.0031750 secs] 464210K->54767K(1484800K), 0.0032742 secs] [Times: user=0.00 sys=0.00, real=0.00 secs] 
2019-10-10T12:33:07.537+0000: 344.890: [GC (Allocation Failure) 2019-10-10T12:33:07.537+0000: 344.890: [DefNew: 410007K->308K(460800K), 0.0028837 secs] 464367K->54669K(1484800K), 0.0029940 secs] [Times: user=0.00 sys=0.00, real=0.01 secs] 
2019-10-10T12:33:13.028+0000: 350.382: [GC (Allocation Failure) 2019-10-10T12:33:13.029+0000: 350.382: [DefNew: 409908K->300K(460800K), 0.0031851 secs] 464269K->54660K(1484800K), 0.0045881 secs] [Times: user=0.00 sys=0.00, real=0.01 secs] 
2019-10-10T12:33:18.407+0000: 355.760: [GC (Allocation Failure) 2019-10-10T12:33:18.407+0000: 355.760: [DefNew: 409900K->501K(460800K), 0.0035199 secs] 464260K->54861K(1484800K), 0.0036109 secs] [Times: user=0.01 sys=0.00, real=0.01 secs] 
2019-10-10T12:33:23.856+0000: 361.211: [GC (Allocation Failure) 2019-10-10T12:33:23.858+0000: 361.211: [DefNew: 410101K->333K(460800K), 0.0031444 secs] 464461K->54694K(1484800K), 0.0047049 secs] [Times: user=0.00 sys=0.00, real=0.01 secs] 
2019-10-10T12:33:29.706+0000: 367.059: [GC (Allocation Failure) 2019-10-10T12:33:29.706+0000: 367.059: [DefNew: 409933K->381K(460800K), 0.0031604 secs] 464294K->54741K(1484800K), 0.0032489 secs] [Times: user=0.00 sys=0.00, real=0.01 secs] 
2019-10-10T12:33:35.176+0000: 372.530: [GC (Allocation Failure) 2019-10-10T12:33:35.177+0000: 372.530: [DefNew: 409981K->335K(460800K), 0.0031224 secs] 464341K->54696K(1484800K), 0.0044927 secs] [Times: user=0.01 sys=0.00, real=0.01 secs] 
2019-10-10T12:33:40.503+0000: 377.856: [GC (Allocation Failure) 2019-10-10T12:33:40.503+0000: 377.856: [DefNew: 409935K->319K(460800K), 0.0029368 secs] 464296K->54680K(1484800K), 0.0030260 secs] [Times: user=0.00 sys=0.00, real=0.00 secs] 
2019-10-10T12:33:45.989+0000: 383.343: [GC (Allocation Failure) 2019-10-10T12:33:45.990+0000: 383.343: [DefNew: 409919K->377K(460800K), 0.0034570 secs] 464280K->54738K(1484800K), 0.0049820 secs] [Times: user=0.00 sys=0.00, real=0.01 secs] 
2019-10-10T12:33:51.366+0000: 388.721: [GC (Allocation Failure) 2019-10-10T12:33:51.368+0000: 388.721: [DefNew: 409977K->184K(460800K), 0.0034299 secs] 464338K->54712K(1484800K), 0.0047820 secs] [Times: user=0.00 sys=0.00, real=0.01 secs] 
2019-10-10T12:33:56.942+0000: 394.295: [GC (Allocation Failure) 2019-10-10T12:33:56.942+0000: 394.295: [DefNew: 409784K->111K(460800K), 0.0027887 secs] 464312K->54638K(1484800K), 0.0028784 secs] [Times: user=0.01 sys=0.00, real=0.00 secs] 
2019-10-10T12:34:02.219+0000: 399.574: [GC (Allocation Failure) 2019-10-10T12:34:02.221+0000: 399.574: [DefNew: 409711K->138K(460800K), 0.0033719 secs] 464238K->54666K(1484800K), 0.0052733 secs] [Times: user=0.00 sys=0.00, real=0.00 secs] 
2019-10-10T12:34:07.661+0000: 405.014: [GC (Allocation Failure) 2019-10-10T12:34:07.661+0000: 405.014: [DefNew: 409738K->232K(460800K), 0.0030884 secs] 464266K->54760K(1484800K), 0.0031685 secs] [Times: user=0.01 sys=0.00, real=0.00 secs] 
2019-10-10T12:34:12.836+0000: 410.190: [GC (Allocation Failure) 2019-10-10T12:34:12.837+0000: 410.190: [DefNew: 409832K->115K(460800K), 0.0029782 secs] 464360K->54643K(1484800K), 0.0042906 secs] [Times: user=0.01 sys=0.00, real=0.01 secs] 
2019-10-10T12:34:18.305+0000: 415.659: [GC (Allocation Failure) 2019-10-10T12:34:18.306+0000: 415.659: [DefNew: 409715K->149K(460800K), 0.0031666 secs] 464243K->54677K(1484800K), 0.0044414 secs] [Times: user=0.00 sys=0.00, real=0.00 secs] 
2019-10-10T12:34:23.464+0000: 420.819: [GC (Allocation Failure) 2019-10-10T12:34:23.466+0000: 420.819: [DefNew: 409749K->201K(460800K), 0.0031603 secs] 464277K->54730K(1484800K), 0.0045571 secs] [Times: user=0.00 sys=0.00, real=0.00 secs] 
2019-10-10T12:34:29.011+0000: 426.365: [GC (Allocation Failure) 2019-10-10T12:34:29.012+0000: 426.365: [DefNew: 409801K->134K(460800K), 0.0033766 secs] 464330K->54662K(1484800K), 0.0047004 secs] [Times: user=0.00 sys=0.00, real=0.00 secs] 
2019-10-10T12:34:34.661+0000: 432.014: [GC (Allocation Failure) 2019-10-10T12:34:34.661+0000: 432.014: [DefNew: 409734K->311K(460800K), 0.0032772 secs] 464262K->54839K(1484800K), 0.0033862 secs] [Times: user=0.00 sys=0.00, real=0.00 secs] 
2019-10-10T12:34:40.194+0000: 437.549: [GC (Allocation Failure) 2019-10-10T12:34:40.196+0000: 437.549: [DefNew: 409911K->268K(460800K), 0.0034809 secs] 464439K->54796K(1484800K), 0.0047752 secs] [Times: user=0.00 sys=0.00, real=0.01 secs] 
2019-10-10T12:34:45.603+0000: 442.956: [GC (Allocation Failure) 2019-10-10T12:34:45.603+0000: 442.957: [DefNew: 409868K->172K(460800K), 0.0027626 secs] 464396K->54700K(1484800K), 0.0028703 secs] [Times: user=0.00 sys=0.00, real=0.00 secs] 
2019-10-10T12:34:51.075+0000: 448.429: [GC (Allocation Failure) 2019-10-10T12:34:51.076+0000: 448.429: [DefNew: 409772K->107K(460800K), 0.0029681 secs] 464300K->54662K(1484800K), 0.0045145 secs] [Times: user=0.01 sys=0.00, real=0.01 secs] 
2019-10-10T12:34:56.358+0000: 453.713: [GC (Allocation Failure) 2019-10-10T12:34:56.360+0000: 453.713: [DefNew: 409707K->120K(460800K), 0.0030677 secs] 464262K->54675K(1484800K), 0.0045155 secs] [Times: user=0.00 sys=0.00, real=0.00 secs] 
2019-10-10T12:35:01.751+0000: 459.104: [GC (Allocation Failure) 2019-10-10T12:35:01.751+0000: 459.104: [DefNew: 409720K->111K(460800K), 0.0027023 secs] 464275K->54667K(1484800K), 0.0027847 secs] [Times: user=0.00 sys=0.00, real=0.00 secs] 
12:35:05.331 [worker-akka.actor.default-dispatcher-9] INFO  a.r.a.Association(akka://worker) akka.remote.artery.Association(akka://worker) - Stopping idle outbound stream [2] to [akka://worker@flamestream-benchmarks-worker-0:5412]
2019-10-10T12:35:08.069+0000: 465.422: [GC (Allocation Failure) 2019-10-10T12:35:08.069+0000: 465.422: [DefNew: 409711K->210K(460800K), 0.0032495 secs] 464267K->54766K(1484800K), 0.0033475 secs] [Times: user=0.01 sys=0.00, real=0.01 secs] 
2019-10-10T12:35:13.671+0000: 471.025: [GC (Allocation Failure) 2019-10-10T12:35:13.672+0000: 471.025: [DefNew: 409810K->223K(460800K), 0.0032417 secs] 464366K->54780K(1484800K), 0.0033226 secs] [Times: user=0.01 sys=0.00, real=0.00 secs] 
2019-10-10T12:35:19.042+0000: 476.396: [GC (Allocation Failure) 2019-10-10T12:35:19.044+0000: 476.397: [DefNew: 409823K->193K(460800K), 0.0032812 secs] 464380K->54749K(1484800K), 0.0045898 secs] [Times: user=0.00 sys=0.00, real=0.00 secs] 
2019-10-10T12:35:24.572+0000: 481.925: [GC (Allocation Failure) 2019-10-10T12:35:24.572+0000: 481.925: [DefNew: 409793K->164K(460800K), 0.0030091 secs] 464349K->54720K(1484800K), 0.0030988 secs] [Times: user=0.00 sys=0.00, real=0.00 secs] 
2019-10-10T12:35:30.093+0000: 487.447: [GC (Allocation Failure) 2019-10-10T12:35:30.094+0000: 487.447: [DefNew: 409764K->168K(460800K), 0.0032627 secs] 464320K->54724K(1484800K), 0.0033601 secs] [Times: user=0.00 sys=0.00, real=0.00 secs] 
2019-10-10T12:35:35.372+0000: 492.725: [GC (Allocation Failure) 2019-10-10T12:35:35.372+0000: 492.725: [DefNew: 409768K->300K(460800K), 0.0032312 secs] 464324K->54856K(1484800K), 0.0033254 secs] [Times: user=0.00 sys=0.00, real=0.00 secs] 
2019-10-10T12:35:40.786+0000: 498.141: [GC (Allocation Failure) 2019-10-10T12:35:40.788+0000: 498.141: [DefNew: 409900K->182K(460800K), 0.0032754 secs] 464456K->54738K(1484800K), 0.0046521 secs] [Times: user=0.00 sys=0.00, real=0.01 secs] 
2019-10-10T12:35:46.228+0000: 503.582: [GC (Allocation Failure) 2019-10-10T12:35:46.229+0000: 503.582: [DefNew: 409782K->191K(460800K), 0.0033498 secs] 464338K->54747K(1484800K), 0.0049655 secs] [Times: user=0.00 sys=0.00, real=0.01 secs] 
2019-10-10T12:35:51.924+0000: 509.277: [GC (Allocation Failure) 2019-10-10T12:35:51.924+0000: 509.277: [DefNew: 409791K->145K(460800K), 0.0031101 secs] 464347K->54725K(1484800K), 0.0032069 secs] [Times: user=0.00 sys=0.00, real=0.00 secs] 
2019-10-10T12:35:57.483+0000: 514.836: [GC (Allocation Failure) 2019-10-10T12:35:57.483+0000: 514.836: [DefNew: 409745K->259K(460800K), 0.0035373 secs] 464325K->54838K(1484800K), 0.0036254 secs] [Times: user=0.00 sys=0.00, real=0.00 secs] 
2019-10-10T12:36:03.025+0000: 520.378: [GC (Allocation Failure) 2019-10-10T12:36:03.025+0000: 520.378: [DefNew: 409859K->382K(460800K), 0.0035879 secs] 464438K->54962K(1484800K), 0.0036712 secs] [Times: user=0.01 sys=0.00, real=0.00 secs] 
2019-10-10T12:36:08.443+0000: 525.796: [GC (Allocation Failure) 2019-10-10T12:36:08.443+0000: 525.796: [DefNew: 409982K->202K(460800K), 0.0032315 secs] 464562K->54782K(1484800K), 0.0033282 secs] [Times: user=0.00 sys=0.00, real=0.00 secs] 
2019-10-10T12:36:13.729+0000: 531.084: [GC (Allocation Failure) 2019-10-10T12:36:13.731+0000: 531.084: [DefNew: 409802K->272K(460800K), 0.0035207 secs] 464382K->54852K(1484800K), 0.0049540 secs] [Times: user=0.00 sys=0.00, real=0.01 secs] 
2019-10-10T12:36:19.003+0000: 536.358: [GC (Allocation Failure) 2019-10-10T12:36:19.005+0000: 536.358: [DefNew: 409872K->146K(460800K), 0.0032801 secs] 464452K->54726K(1484800K), 0.0046572 secs] [Times: user=0.00 sys=0.00, real=0.00 secs] 
2019-10-10T12:36:24.344+0000: 541.699: [GC (Allocation Failure) 2019-10-10T12:36:24.346+0000: 541.699: [DefNew: 409746K->201K(460800K), 0.0034542 secs] 464326K->54781K(1484800K), 0.0050953 secs] [Times: user=0.00 sys=0.00, real=0.01 secs] 
2019-10-10T12:36:29.878+0000: 547.232: [GC (Allocation Failure) 2019-10-10T12:36:29.879+0000: 547.232: [DefNew: 409801K->104K(460800K), 0.0035473 secs] 464381K->54731K(1484800K), 0.0051763 secs] [Times: user=0.00 sys=0.00, real=0.00 secs] 
2019-10-10T12:36:35.490+0000: 552.843: [GC (Allocation Failure) 2019-10-10T12:36:35.490+0000: 552.843: [DefNew: 409704K->94K(460800K), 0.0028304 secs] 464331K->54731K(1484800K), 0.0029176 secs] [Times: user=0.00 sys=0.00, real=0.00 secs] 
2019-10-10T12:36:40.865+0000: 558.219: [GC (Allocation Failure) 2019-10-10T12:36:40.866+0000: 558.219: [DefNew: 409694K->95K(460800K), 0.0030232 secs] 464331K->54732K(1484800K), 0.0045814 secs] [Times: user=0.00 sys=0.00, real=0.00 secs] 
2019-10-10T12:36:46.358+0000: 563.713: [GC (Allocation Failure) 2019-10-10T12:36:46.360+0000: 563.713: [DefNew: 409695K->167K(460800K), 0.0033725 secs] 464332K->54804K(1484800K), 0.0054688 secs] [Times: user=0.00 sys=0.00, real=0.00 secs] 
2019-10-10T12:36:51.773+0000: 569.128: [GC (Allocation Failure) 2019-10-10T12:36:51.775+0000: 569.128: [DefNew: 409767K->90K(460800K), 0.0032427 secs] 464404K->54732K(1484800K), 0.0048416 secs] [Times: user=0.00 sys=0.00, real=0.01 secs] 
2019-10-10T12:36:57.177+0000: 574.532: [GC (Allocation Failure) 2019-10-10T12:36:57.179+0000: 574.532: [DefNew: 409690K->89K(460800K), 0.0028887 secs] 464332K->54731K(1484800K), 0.0041526 secs] [Times: user=0.00 sys=0.00, real=0.00 secs] 
2019-10-10T12:37:02.418+0000: 579.771: [GC (Allocation Failure) 2019-10-10T12:37:02.418+0000: 579.771: [DefNew: 409689K->225K(460800K), 0.0032044 secs] 464331K->54867K(1484800K), 0.0032798 secs] [Times: user=0.00 sys=0.00, real=0.00 secs] 
2019-10-10T12:37:07.616+0000: 584.970: [GC (Allocation Failure) 2019-10-10T12:37:07.617+0000: 584.970: [DefNew: 409825K->270K(460800K), 0.0034285 secs] 464467K->54913K(1484800K), 0.0047031 secs] [Times: user=0.00 sys=0.00, real=0.01 secs] 
2019-10-10T12:37:12.840+0000: 590.194: [GC (Allocation Failure) 2019-10-10T12:37:12.841+0000: 590.194: [DefNew: 409870K->285K(460800K), 0.0033027 secs] 464513K->54927K(1484800K), 0.0047699 secs] [Times: user=0.00 sys=0.00, real=0.00 secs] 
2019-10-10T12:37:18.066+0000: 595.421: [GC (Allocation Failure) 2019-10-10T12:37:18.068+0000: 595.421: [DefNew: 409885K->155K(460800K), 0.0030295 secs] 464527K->54797K(1484800K), 0.0042549 secs] [Times: user=0.00 sys=0.00, real=0.01 secs] 
2019-10-10T12:37:23.410+0000: 600.763: [GC (Allocation Failure) 2019-10-10T12:37:23.410+0000: 600.763: [DefNew: 409755K->89K(460800K), 0.0026537 secs] 464397K->54731K(1484800K), 0.0027407 secs] [Times: user=0.01 sys=0.00, real=0.00 secs] 
2019-10-10T12:37:29.138+0000: 606.492: [GC (Allocation Failure) 2019-10-10T12:37:29.139+0000: 606.492: [DefNew: 409689K->153K(460800K), 0.0033204 secs] 464331K->54796K(1484800K), 0.0047931 secs] [Times: user=0.00 sys=0.00, real=0.00 secs] 
2019-10-10T12:37:34.511+0000: 611.864: [GC (Allocation Failure) 2019-10-10T12:37:34.511+0000: 611.864: [DefNew: 409753K->143K(460800K), 0.0027513 secs] 464396K->54785K(1484800K), 0.0028402 secs] [Times: user=0.01 sys=0.00, real=0.00 secs] 
2019-10-10T12:37:39.895+0000: 617.249: [GC (Allocation Failure) 2019-10-10T12:37:39.896+0000: 617.249: [DefNew: 409743K->163K(460800K), 0.0030441 secs] 464385K->54806K(1484800K), 0.0046780 secs] [Times: user=0.01 sys=0.00, real=0.01 secs] 
2019-10-10T12:37:45.277+0000: 622.631: [GC (Allocation Failure) 2019-10-10T12:37:45.278+0000: 622.631: [DefNew: 409763K->191K(460800K), 0.0032177 secs] 464406K->54834K(1484800K), 0.0045725 secs] [Times: user=0.01 sys=0.00, real=0.01 secs] 
2019-10-10T12:37:50.739+0000: 628.092: [GC (Allocation Failure) 2019-10-10T12:37:50.739+0000: 628.092: [DefNew: 409791K->90K(460800K), 0.0030439 secs] 464434K->54738K(1484800K), 0.0031318 secs] [Times: user=0.01 sys=0.00, real=0.00 secs] 
2019-10-10T12:37:56.072+0000: 633.427: [GC (Allocation Failure) 2019-10-10T12:37:56.074+0000: 633.427: [DefNew: 409690K->130K(460800K), 0.0031542 secs] 464338K->54778K(1484800K), 0.0046936 secs] [Times: user=0.00 sys=0.00, real=0.00 secs] 
2019-10-10T12:38:01.470+0000: 638.825: [GC (Allocation Failure) 2019-10-10T12:38:01.472+0000: 638.825: [DefNew: 409730K->129K(460800K), 0.0030777 secs] 464378K->54777K(1484800K), 0.0045309 secs] [Times: user=0.00 sys=0.00, real=0.00 secs] 
2019-10-10T12:38:06.699+0000: 644.052: [GC (Allocation Failure) 2019-10-10T12:38:06.699+0000: 644.052: [DefNew: 409729K->140K(460800K), 0.0029848 secs] 464377K->54788K(1484800K), 0.0030967 secs] [Times: user=0.01 sys=0.00, real=0.00 secs] 
2019-10-10T12:38:11.995+0000: 649.350: [GC (Allocation Failure) 2019-10-10T12:38:11.997+0000: 649.350: [DefNew: 409740K->278K(460800K), 0.0035555 secs] 464388K->54927K(1484800K), 0.0049308 secs] [Times: user=0.00 sys=0.00, real=0.01 secs] 
2019-10-10T12:38:17.395+0000: 654.749: [GC (Allocation Failure) 2019-10-10T12:38:17.396+0000: 654.749: [DefNew: 409878K->112K(460800K), 0.0028055 secs] 464527K->54760K(1484800K), 0.0029249 secs] [Times: user=0.00 sys=0.00, real=0.01 secs] 
2019-10-10T12:38:22.742+0000: 660.097: [GC (Allocation Failure) 2019-10-10T12:38:22.744+0000: 660.097: [DefNew: 409712K->89K(460800K), 0.0029925 secs] 464360K->54738K(1484800K), 0.0044920 secs] [Times: user=0.00 sys=0.00, real=0.00 secs] 
2019-10-10T12:38:28.190+0000: 665.543: [GC (Allocation Failure) 2019-10-10T12:38:28.190+0000: 665.543: [DefNew: 409689K->250K(460800K), 0.0034692 secs] 464338K->54899K(1484800K), 0.0035805 secs] [Times: user=0.00 sys=0.00, real=0.00 secs] 
2019-10-10T12:38:33.783+0000: 671.136: [GC (Allocation Failure) 2019-10-10T12:38:33.783+0000: 671.136: [DefNew: 409850K->200K(460800K), 0.0030324 secs] 464499K->54848K(1484800K), 0.0031150 secs] [Times: user=0.00 sys=0.00, real=0.00 secs] 
2019-10-10T12:38:39.125+0000: 676.478: [GC (Allocation Failure) 2019-10-10T12:38:39.125+0000: 676.478: [DefNew: 409800K->190K(460800K), 0.0030135 secs] 464448K->54839K(1484800K), 0.0031096 secs] [Times: user=0.00 sys=0.00, real=0.00 secs] 
2019-10-10T12:38:44.449+0000: 681.803: [GC (Allocation Failure) 2019-10-10T12:38:44.450+0000: 681.804: [DefNew: 409790K->104K(460800K), 0.0031178 secs] 464439K->54753K(1484800K), 0.0048054 secs] [Times: user=0.00 sys=0.00, real=0.01 secs] 
2019-10-10T12:38:49.965+0000: 687.320: [GC (Allocation Failure) 2019-10-10T12:38:49.967+0000: 687.320: [DefNew: 409704K->175K(460800K), 0.0032751 secs] 464353K->54829K(1484800K), 0.0048498 secs] [Times: user=0.00 sys=0.00, real=0.01 secs] 
2019-10-10T12:38:55.457+0000: 692.811: [GC (Allocation Failure) 2019-10-10T12:38:55.458+0000: 692.811: [DefNew: 409775K->94K(460800K), 0.0030502 secs] 464429K->54748K(1484800K), 0.0045076 secs] [Times: user=0.00 sys=0.00, real=0.01 secs] 
2019-10-10T12:39:00.757+0000: 698.112: [GC (Allocation Failure) 2019-10-10T12:39:00.759+0000: 698.112: [DefNew: 409694K->183K(460800K), 0.0032384 secs] 464348K->54838K(1484800K), 0.0048371 secs] [Times: user=0.00 sys=0.00, real=0.01 secs] 
2019-10-10T12:39:06.117+0000: 703.470: [GC (Allocation Failure) 2019-10-10T12:39:06.117+0000: 703.470: [DefNew: 409783K->130K(460800K), 0.0027476 secs] 464438K->54784K(1484800K), 0.0028394 secs] [Times: user=0.00 sys=0.00, real=0.01 secs] 
2019-10-10T12:39:11.479+0000: 708.832: [GC (Allocation Failure) 2019-10-10T12:39:11.479+0000: 708.832: [DefNew: 409730K->316K(460800K), 0.0033973 secs] 464384K->54970K(1484800K), 0.0034891 secs] [Times: user=0.00 sys=0.01, real=0.00 secs] 
2019-10-10T12:39:16.789+0000: 714.143: [GC (Allocation Failure) 2019-10-10T12:39:16.790+0000: 714.143: [DefNew: 409916K->93K(460800K), 0.0029353 secs] 464570K->54747K(1484800K), 0.0044148 secs] [Times: user=0.00 sys=0.00, real=0.01 secs] 
2019-10-10T12:39:22.107+0000: 719.461: [GC (Allocation Failure) 2019-10-10T12:39:22.108+0000: 719.462: [DefNew: 409693K->279K(460800K), 0.0034226 secs] 464347K->54933K(1484800K), 0.0048227 secs] [Times: user=0.00 sys=0.00, real=0.01 secs] 
2019-10-10T12:39:27.600+0000: 724.953: [GC (Allocation Failure) 2019-10-10T12:39:27.600+0000: 724.953: [DefNew: 409879K->203K(460800K), 0.0031976 secs] 464533K->54857K(1484800K), 0.0033300 secs] [Times: user=0.00 sys=0.00, real=0.00 secs] 
2019-10-10T12:39:32.960+0000: 730.314: [GC (Allocation Failure) 2019-10-10T12:39:32.961+0000: 730.314: [DefNew: 409803K->256K(460800K), 0.0032552 secs] 464457K->54910K(1484800K), 0.0049687 secs] [Times: user=0.00 sys=0.00, real=0.00 secs] 
2019-10-10T12:39:38.229+0000: 735.582: [GC (Allocation Failure) 2019-10-10T12:39:38.229+0000: 735.582: [DefNew: 409856K->100K(460800K), 0.0027839 secs] 464510K->54754K(1484800K), 0.0028738 secs] [Times: user=0.00 sys=0.00, real=0.01 secs] 
2019-10-10T12:39:43.587+0000: 740.940: [GC (Allocation Failure) 2019-10-10T12:39:43.587+0000: 740.940: [DefNew: 409700K->100K(460800K), 0.0026454 secs] 464354K->54755K(1484800K), 0.0027312 secs] [Times: user=0.01 sys=0.00, real=0.01 secs] 
2019-10-10T12:39:48.970+0000: 746.324: [GC (Allocation Failure) 2019-10-10T12:39:48.971+0000: 746.324: [DefNew: 409700K->267K(460800K), 0.0038445 secs] 464355K->54930K(1484800K), 0.0053057 secs] [Times: user=0.01 sys=0.00, real=0.00 secs] 
2019-10-10T12:39:54.267+0000: 751.622: [GC (Allocation Failure) 2019-10-10T12:39:54.269+0000: 751.622: [DefNew: 409867K->92K(460800K), 0.0029306 secs] 464530K->54756K(1484800K), 0.0045390 secs] [Times: user=0.00 sys=0.00, real=0.01 secs] 
2019-10-10T12:39:59.597+0000: 756.950: [GC (Allocation Failure) 2019-10-10T12:39:59.597+0000: 756.950: [DefNew: 409692K->158K(460800K), 0.0029511 secs] 464356K->54822K(1484800K), 0.0030548 secs] [Times: user=0.00 sys=0.00, real=0.01 secs] 
2019-10-10T12:40:04.969+0000: 762.323: [GC (Allocation Failure) 2019-10-10T12:40:04.970+0000: 762.323: [DefNew: 409758K->91K(460800K), 0.0027078 secs] 464422K->54754K(1484800K), 0.0027999 secs] [Times: user=0.00 sys=0.00, real=0.00 secs] 
2019-10-10T12:40:10.347+0000: 767.701: [GC (Allocation Failure) 2019-10-10T12:40:10.348+0000: 767.701: [DefNew: 409691K->90K(460800K), 0.0027959 secs] 464354K->54754K(1484800K), 0.0041150 secs] [Times: user=0.00 sys=0.00, real=0.01 secs] 
2019-10-10T12:40:15.743+0000: 773.096: [GC (Allocation Failure) 2019-10-10T12:40:15.743+0000: 773.096: [DefNew: 409690K->92K(460800K), 0.0028205 secs] 464354K->54756K(1484800K), 0.0029015 secs] [Times: user=0.00 sys=0.00, real=0.00 secs] 
2019-10-10T12:40:21.038+0000: 778.393: [GC (Allocation Failure) 2019-10-10T12:40:21.040+0000: 778.393: [DefNew: 409692K->227K(460800K), 0.0034702 secs] 464356K->54890K(1484800K), 0.0049076 secs] [Times: user=0.00 sys=0.00, real=0.00 secs] 
2019-10-10T12:40:26.547+0000: 783.900: [GC (Allocation Failure) 2019-10-10T12:40:26.547+0000: 783.900: [DefNew: 409827K->101K(460800K), 0.0027816 secs] 464490K->54764K(1484800K), 0.0028729 secs] [Times: user=0.01 sys=0.00, real=0.01 secs] 
2019-10-10T12:40:32.019+0000: 789.374: [GC (Allocation Failure) 2019-10-10T12:40:32.021+0000: 789.374: [DefNew: 409701K->104K(460800K), 0.0029068 secs] 464364K->54768K(1484800K), 0.0043424 secs] [Times: user=0.00 sys=0.00, real=0.00 secs] 
2019-10-10T12:40:37.382+0000: 794.737: [GC (Allocation Failure) 2019-10-10T12:40:37.384+0000: 794.737: [DefNew: 409704K->276K(460800K), 0.0034420 secs] 464368K->54939K(1484800K), 0.0048906 secs] [Times: user=0.01 sys=0.00, real=0.00 secs] 
2019-10-10T12:40:42.700+0000: 800.054: [GC (Allocation Failure) 2019-10-10T12:40:42.701+0000: 800.054: [DefNew: 409876K->218K(460800K), 0.0031584 secs] 464539K->54882K(1484800K), 0.0045322 secs] [Times: user=0.01 sys=0.00, real=0.00 secs] 
2019-10-10T12:40:48.100+0000: 805.453: [GC (Allocation Failure) 2019-10-10T12:40:48.100+0000: 805.453: [DefNew: 409818K->98K(460800K), 0.0029076 secs] 464482K->54769K(1484800K), 0.0029986 secs] [Times: user=0.01 sys=0.00, real=0.00 secs] 
2019-10-10T12:40:53.318+0000: 810.672: [GC (Allocation Failure) 2019-10-10T12:40:53.319+0000: 810.672: [DefNew: 409698K->94K(460800K), 0.0028866 secs] 464369K->54765K(1484800K), 0.0041838 secs] [Times: user=0.00 sys=0.00, real=0.00 secs] 
2019-10-10T12:40:58.619+0000: 815.973: [GC (Allocation Failure) 2019-10-10T12:40:58.620+0000: 815.973: [DefNew: 409694K->171K(460800K), 0.0032201 secs] 464365K->54842K(1484800K), 0.0044531 secs] [Times: user=0.01 sys=0.00, real=0.00 secs] 
2019-10-10T12:41:03.909+0000: 821.263: [GC (Allocation Failure) 2019-10-10T12:41:03.910+0000: 821.263: [DefNew: 409771K->189K(460800K), 0.0031605 secs] 464442K->54860K(1484800K), 0.0045919 secs] [Times: user=0.01 sys=0.00, real=0.01 secs] 
2019-10-10T12:41:09.309+0000: 826.663: [GC (Allocation Failure) 2019-10-10T12:41:09.310+0000: 826.663: [DefNew: 409789K->271K(460800K), 0.0035526 secs] 464460K->54942K(1484800K), 0.0048095 secs] [Times: user=0.00 sys=0.00, real=0.01 secs] 
2019-10-10T12:41:14.477+0000: 831.831: [GC (Allocation Failure) 2019-10-10T12:41:14.478+0000: 831.832: [DefNew: 409871K->105K(460800K), 0.0032333 secs] 464542K->54776K(1484800K), 0.0046140 secs] [Times: user=0.00 sys=0.01, real=0.01 secs] 
2019-10-10T12:41:19.787+0000: 837.140: [GC (Allocation Failure) 2019-10-10T12:41:19.787+0000: 837.140: [DefNew: 409705K->319K(460800K), 0.0033145 secs] 464376K->54990K(1484800K), 0.0033975 secs] [Times: user=0.00 sys=0.00, real=0.01 secs] 
2019-10-10T12:41:25.325+0000: 842.680: [GC (Allocation Failure) 2019-10-10T12:41:25.327+0000: 842.680: [DefNew: 409919K->150K(460800K), 0.0031563 secs] 464590K->54821K(1484800K), 0.0049761 secs] [Times: user=0.01 sys=0.00, real=0.01 secs] 
2019-10-10T12:41:30.699+0000: 848.053: [GC (Allocation Failure) 2019-10-10T12:41:30.700+0000: 848.053: [DefNew: 409750K->221K(460800K), 0.0033865 secs] 464421K->54893K(1484800K), 0.0047135 secs] [Times: user=0.01 sys=0.00, real=0.00 secs] 
2019-10-10T12:41:35.972+0000: 853.326: [GC (Allocation Failure) 2019-10-10T12:41:35.973+0000: 853.326: [DefNew: 409821K->498K(460800K), 0.0041446 secs] 464493K->55169K(1484800K), 0.0053708 secs] [Times: user=0.00 sys=0.00, real=0.01 secs] 
2019-10-10T12:41:41.263+0000: 858.617: [GC (Allocation Failure) 2019-10-10T12:41:41.264+0000: 858.617: [DefNew: 410098K->188K(460800K), 0.0031701 secs] 464769K->54859K(1484800K), 0.0046341 secs] [Times: user=0.00 sys=0.00, real=0.00 secs] 
2019-10-10T12:41:46.851+0000: 864.205: [GC (Allocation Failure) 2019-10-10T12:41:46.852+0000: 864.205: [DefNew: 409788K->223K(460800K), 0.0031408 secs] 464459K->54900K(1484800K), 0.0032341 secs] [Times: user=0.00 sys=0.00, real=0.00 secs] 
2019-10-10T12:41:52.103+0000: 869.457: [GC (Allocation Failure) 2019-10-10T12:41:52.104+0000: 869.457: [DefNew: 409823K->92K(460800K), 0.0032661 secs] 464500K->54772K(1484800K), 0.0044344 secs] [Times: user=0.00 sys=0.00, real=0.00 secs] 
2019-10-10T12:41:57.664+0000: 875.017: [GC (Allocation Failure) 2019-10-10T12:41:57.664+0000: 875.017: [DefNew: 409692K->194K(460800K), 0.0033340 secs] 464372K->54874K(1484800K), 0.0034305 secs] [Times: user=0.01 sys=0.00, real=0.00 secs] 
2019-10-10T12:42:03.172+0000: 880.527: [GC (Allocation Failure) 2019-10-10T12:42:03.174+0000: 880.527: [DefNew: 409794K->99K(460800K), 0.0029953 secs] 464474K->54780K(1484800K), 0.0045587 secs] [Times: user=0.01 sys=0.00, real=0.00 secs] 
2019-10-10T12:42:08.492+0000: 885.846: [GC (Allocation Failure) 2019-10-10T12:42:08.493+0000: 885.846: [DefNew: 409699K->91K(460800K), 0.0029858 secs] 464380K->54771K(1484800K), 0.0044071 secs] [Times: user=0.00 sys=0.01, real=0.00 secs] 
2019-10-10T12:42:13.883+0000: 891.238: [GC (Allocation Failure) 2019-10-10T12:42:13.885+0000: 891.238: [DefNew: 409691K->199K(460800K), 0.0031655 secs] 464371K->54880K(1484800K), 0.0044129 secs] [Times: user=0.00 sys=0.00, real=0.00 secs] 
2019-10-10T12:42:19.229+0000: 896.582: [GC (Allocation Failure) 2019-10-10T12:42:19.229+0000: 896.582: [DefNew: 409799K->96K(460800K), 0.0027813 secs] 464480K->54777K(1484800K), 0.0029142 secs] [Times: user=0.00 sys=0.00, real=0.01 secs] 
2019-10-10T12:42:24.621+0000: 901.974: [GC (Allocation Failure) 2019-10-10T12:42:24.621+0000: 901.974: [DefNew: 409696K->182K(460800K), 0.0029640 secs] 464377K->54862K(1484800K), 0.0030541 secs] [Times: user=0.01 sys=0.00, real=0.00 secs] 
2019-10-10T12:42:29.941+0000: 907.296: [GC (Allocation Failure) 2019-10-10T12:42:29.943+0000: 907.296: [DefNew: 409782K->168K(460800K), 0.0034683 secs] 464462K->54848K(1484800K), 0.0052718 secs] [Times: user=0.00 sys=0.00, real=0.00 secs] 
2019-10-10T12:42:35.125+0000: 912.479: [GC (Allocation Failure) 2019-10-10T12:42:35.126+0000: 912.479: [DefNew: 409768K->95K(460800K), 0.0028699 secs] 464448K->54775K(1484800K), 0.0044738 secs] [Times: user=0.00 sys=0.00, real=0.00 secs] 
2019-10-10T12:42:40.486+0000: 917.841: [GC (Allocation Failure) 2019-10-10T12:42:40.488+0000: 917.841: [DefNew: 409695K->161K(460800K), 0.0031056 secs] 464375K->54841K(1484800K), 0.0044414 secs] [Times: user=0.00 sys=0.00, real=0.01 secs] 
2019-10-10T12:42:45.818+0000: 923.173: [GC (Allocation Failure) 2019-10-10T12:42:45.820+0000: 923.173: [DefNew: 409761K->95K(460800K), 0.0028870 secs] 464441K->54776K(1484800K), 0.0043988 secs] [Times: user=0.00 sys=0.00, real=0.00 secs] 
2019-10-10T12:42:51.073+0000: 928.426: [GC (Allocation Failure) 2019-10-10T12:42:51.073+0000: 928.426: [DefNew: 409695K->214K(460800K), 0.0031404 secs] 464376K->54901K(1484800K), 0.0032284 secs] [Times: user=0.00 sys=0.00, real=0.00 secs] 
2019-10-10T12:42:56.499+0000: 933.852: [GC (Allocation Failure) 2019-10-10T12:42:56.499+0000: 933.852: [DefNew: 409814K->221K(460800K), 0.0030451 secs] 464501K->54907K(1484800K), 0.0031377 secs] [Times: user=0.00 sys=0.00, real=0.00 secs] 
2019-10-10T12:43:01.996+0000: 939.350: [GC (Allocation Failure) 2019-10-10T12:43:01.997+0000: 939.350: [DefNew: 409821K->90K(460800K), 0.0029865 secs] 464507K->54777K(1484800K), 0.0043008 secs] [Times: user=0.01 sys=0.00, real=0.01 secs] 
2019-10-10T12:43:07.376+0000: 944.731: [GC (Allocation Failure) 2019-10-10T12:43:07.378+0000: 944.731: [DefNew: 409690K->135K(460800K), 0.0031213 secs] 464377K->54822K(1484800K), 0.0044415 secs] [Times: user=0.00 sys=0.00, real=0.01 secs] 
2019-10-10T12:43:12.737+0000: 950.091: [GC (Allocation Failure) 2019-10-10T12:43:12.738+0000: 950.091: [DefNew: 409735K->134K(460800K), 0.0029817 secs] 464422K->54821K(1484800K), 0.0043512 secs] [Times: user=0.00 sys=0.00, real=0.01 secs] 
2019-10-10T12:43:18.056+0000: 955.409: [GC (Allocation Failure) 2019-10-10T12:43:18.056+0000: 955.409: [DefNew: 409734K->88K(460800K), 0.0027480 secs] 464421K->54775K(1484800K), 0.0028671 secs] [Times: user=0.00 sys=0.00, real=0.01 secs] 
2019-10-10T12:43:23.539+0000: 960.892: [GC (Allocation Failure) 2019-10-10T12:43:23.539+0000: 960.892: [DefNew: 409688K->149K(460800K), 0.0028840 secs] 464375K->54836K(1484800K), 0.0029654 secs] [Times: user=0.01 sys=0.00, real=0.00 secs] 
2019-10-10T12:43:29.137+0000: 966.492: [GC (Allocation Failure) 2019-10-10T12:43:29.139+0000: 966.493: [DefNew: 409749K->127K(460800K), 0.0031802 secs] 464436K->54814K(1484800K), 0.0054718 secs] [Times: user=0.00 sys=0.00, real=0.01 secs] 
2019-10-10T12:43:34.458+0000: 971.814: [GC (Allocation Failure) 2019-10-10T12:43:34.461+0000: 971.814: [DefNew: 409727K->157K(460800K), 0.0030835 secs] 464414K->54844K(1484800K), 0.0054785 secs] [Times: user=0.00 sys=0.00, real=0.00 secs] 
2019-10-10T12:43:39.739+0000: 977.093: [GC (Allocation Failure) 2019-10-10T12:43:39.740+0000: 977.093: [DefNew: 409757K->97K(460800K), 0.0030647 secs] 464444K->54784K(1484800K), 0.0045453 secs] [Times: user=0.01 sys=0.00, real=0.00 secs] 
2019-10-10T12:43:44.927+0000: 982.282: [GC (Allocation Failure) 2019-10-10T12:43:44.929+0000: 982.282: [DefNew: 409697K->156K(460800K), 0.0031094 secs] 464384K->54843K(1484800K), 0.0046335 secs] [Times: user=0.00 sys=0.00, real=0.01 secs] 
2019-10-10T12:43:50.317+0000: 987.672: [GC (Allocation Failure) 2019-10-10T12:43:50.319+0000: 987.672: [DefNew: 409756K->91K(460800K), 0.0030075 secs] 464443K->54783K(1484800K), 0.0044808 secs] [Times: user=0.01 sys=0.00, real=0.01 secs] 
2019-10-10T12:43:55.740+0000: 993.094: [GC (Allocation Failure) 2019-10-10T12:43:55.741+0000: 993.094: [DefNew: 409691K->143K(460800K), 0.0031693 secs] 464383K->54836K(1484800K), 0.0047216 secs] [Times: user=0.00 sys=0.00, real=0.00 secs] 
2019-10-10T12:44:01.072+0000: 998.426: [GC (Allocation Failure) 2019-10-10T12:44:01.073+0000: 998.426: [DefNew: 409743K->91K(460800K), 0.0029232 secs] 464436K->54784K(1484800K), 0.0044566 secs] [Times: user=0.00 sys=0.01, real=0.00 secs] 
2019-10-10T12:44:06.435+0000: 1003.788: [GC (Allocation Failure) 2019-10-10T12:44:06.435+0000: 1003.788: [DefNew: 409691K->141K(460800K), 0.0030060 secs] 464384K->54833K(1484800K), 0.0030997 secs] [Times: user=0.00 sys=0.00, real=0.01 secs] 
2019-10-10T12:44:11.911+0000: 1009.265: [GC (Allocation Failure) 2019-10-10T12:44:11.913+0000: 1009.266: [DefNew: 409741K->252K(460800K), 0.0032302 secs] 464433K->54945K(1484800K), 0.0047529 secs] [Times: user=0.00 sys=0.00, real=0.00 secs] 
2019-10-10T12:44:17.418+0000: 1014.772: [GC (Allocation Failure) 2019-10-10T12:44:17.419+0000: 1014.772: [DefNew: 409852K->100K(460800K), 0.0031883 secs] 464545K->54792K(1484800K), 0.0045914 secs] [Times: user=0.00 sys=0.00, real=0.00 secs] 
12:44:21.762 [Client] INFO  c.s.f.r.e.s.SocketRear  - FlameSocketGraphDeployerRear@flamestream-benchmarks-worker-7: has been disconnected from Connection 7
12:44:21.770 [Client] INFO  c.s.f.r.e.s.SocketFront  - FlameSocketGraphDeployerFront@flamestream-benchmarks-worker-7 has been disconnected from Connection 7
12:44:21.780 [worker-akka.actor.default-dispatcher-12] WARN  c.s.f.r.e.s.SocketRear  - FlameSocketGraphDeployerRear@flamestream-benchmarks-worker-7: writing to closed log
12:44:21.781 [worker-akka.actor.default-dispatcher-12] WARN  c.s.f.r.e.s.SocketRear  - FlameSocketGraphDeployerRear@flamestream-benchmarks-worker-7: writing to closed log
12:44:21.797 [worker-akka.actor.default-dispatcher-12] WARN  c.s.f.r.e.s.SocketRear  - FlameSocketGraphDeployerRear@flamestream-benchmarks-worker-7: writing to closed log
12:44:21.798 [worker-akka.actor.default-dispatcher-12] WARN  c.s.f.r.e.s.SocketRear  - FlameSocketGraphDeployerRear@flamestream-benchmarks-worker-7: writing to closed log
12:44:21.854 [worker-akka.actor.default-dispatcher-12] WARN  c.s.f.r.e.s.SocketRear  - FlameSocketGraphDeployerRear@flamestream-benchmarks-worker-7: writing to closed log
12:44:21.985 [worker-akka.actor.default-dispatcher-12] WARN  c.s.f.r.e.s.SocketRear  - FlameSocketGraphDeployerRear@flamestream-benchmarks-worker-7: writing to closed log
12:44:21.988 [worker-akka.actor.default-dispatcher-12] WARN  c.s.f.r.e.s.SocketRear  - FlameSocketGraphDeployerRear@flamestream-benchmarks-worker-7: writing to closed log
12:44:21.989 [worker-akka.actor.default-dispatcher-12] WARN  c.s.f.r.e.s.SocketRear  - FlameSocketGraphDeployerRear@flamestream-benchmarks-worker-7: writing to closed log
12:44:21.989 [worker-akka.actor.default-dispatcher-12] WARN  c.s.f.r.e.s.SocketRear  - FlameSocketGraphDeployerRear@flamestream-benchmarks-worker-7: writing to closed log
12:44:21.989 [worker-akka.actor.default-dispatcher-12] WARN  c.s.f.r.e.s.SocketRear  - FlameSocketGraphDeployerRear@flamestream-benchmarks-worker-7: writing to closed log
12:44:22.065 [worker-akka.actor.default-dispatcher-12] WARN  c.s.f.r.e.s.SocketRear  - FlameSocketGraphDeployerRear@flamestream-benchmarks-worker-7: writing to closed log
12:44:22.067 [worker-akka.actor.default-dispatcher-12] WARN  c.s.f.r.e.s.SocketRear  - FlameSocketGraphDeployerRear@flamestream-benchmarks-worker-7: writing to closed log
12:44:22.068 [worker-akka.actor.default-dispatcher-12] WARN  c.s.f.r.e.s.SocketRear  - FlameSocketGraphDeployerRear@flamestream-benchmarks-worker-7: writing to closed log
12:44:22.077 [worker-akka.actor.default-dispatcher-12] WARN  c.s.f.r.e.s.SocketRear  - FlameSocketGraphDeployerRear@flamestream-benchmarks-worker-7: writing to closed log
12:44:22.136 [worker-akka.actor.default-dispatcher-12] WARN  c.s.f.r.e.s.SocketRear  - FlameSocketGraphDeployerRear@flamestream-benchmarks-worker-7: writing to closed log
12:44:22.137 [worker-akka.actor.default-dispatcher-12] WARN  c.s.f.r.e.s.SocketRear  - FlameSocketGraphDeployerRear@flamestream-benchmarks-worker-7: writing to closed log
12:44:22.138 [worker-akka.actor.default-dispatcher-12] WARN  c.s.f.r.e.s.SocketRear  - FlameSocketGraphDeployerRear@flamestream-benchmarks-worker-7: writing to closed log
12:44:22.138 [worker-akka.actor.default-dispatcher-12] WARN  c.s.f.r.e.s.SocketRear  - FlameSocketGraphDeployerRear@flamestream-benchmarks-worker-7: writing to closed log
12:44:22.138 [worker-akka.actor.default-dispatcher-12] WARN  c.s.f.r.e.s.SocketRear  - FlameSocketGraphDeployerRear@flamestream-benchmarks-worker-7: writing to closed log
12:44:22.183 [worker-akka.actor.default-dispatcher-12] WARN  c.s.f.r.e.s.SocketRear  - FlameSocketGraphDeployerRear@flamestream-benchmarks-worker-7: writing to closed log
12:44:22.184 [worker-akka.actor.default-dispatcher-12] WARN  c.s.f.r.e.s.SocketRear  - FlameSocketGraphDeployerRear@flamestream-benchmarks-worker-7: writing to closed log
12:44:22.185 [worker-akka.actor.default-dispatcher-12] WARN  c.s.f.r.e.s.SocketRear  - FlameSocketGraphDeployerRear@flamestream-benchmarks-worker-7: writing to closed log
12:44:22.185 [worker-akka.actor.default-dispatcher-12] WARN  c.s.f.r.e.s.SocketRear  - FlameSocketGraphDeployerRear@flamestream-benchmarks-worker-7: writing to closed log
12:44:22.278 [worker-akka.actor.default-dispatcher-12] WARN  c.s.f.r.e.s.SocketRear  - FlameSocketGraphDeployerRear@flamestream-benchmarks-worker-7: writing to closed log
12:44:22.281 [worker-akka.actor.default-dispatcher-12] WARN  c.s.f.r.e.s.SocketRear  - FlameSocketGraphDeployerRear@flamestream-benchmarks-worker-7: writing to closed log
12:44:22.397 [worker-akka.actor.default-dispatcher-12] WARN  c.s.f.r.e.s.SocketRear  - FlameSocketGraphDeployerRear@flamestream-benchmarks-worker-7: writing to closed log
12:44:22.398 [worker-akka.actor.default-dispatcher-12] WARN  c.s.f.r.e.s.SocketRear  - FlameSocketGraphDeployerRear@flamestream-benchmarks-worker-7: writing to closed log
12:44:22.399 [worker-akka.actor.default-dispatcher-12] WARN  c.s.f.r.e.s.SocketRear  - FlameSocketGraphDeployerRear@flamestream-benchmarks-worker-7: writing to closed log
12:44:22.400 [worker-akka.actor.default-dispatcher-12] WARN  c.s.f.r.e.s.SocketRear  - FlameSocketGraphDeployerRear@flamestream-benchmarks-worker-7: writing to closed log
12:44:22.400 [worker-akka.actor.default-dispatcher-12] WARN  c.s.f.r.e.s.SocketRear  - FlameSocketGraphDeployerRear@flamestream-benchmarks-worker-7: writing to closed log
12:44:22.518 [worker-akka.actor.default-dispatcher-12] WARN  c.s.f.r.e.s.SocketRear  - FlameSocketGraphDeployerRear@flamestream-benchmarks-worker-7: writing to closed log
12:44:22.520 [worker-akka.actor.default-dispatcher-12] WARN  c.s.f.r.e.s.SocketRear  - FlameSocketGraphDeployerRear@flamestream-benchmarks-worker-7: writing to closed log
12:44:22.538 [worker-akka.actor.default-dispatcher-12] WARN  c.s.f.r.e.s.SocketRear  - FlameSocketGraphDeployerRear@flamestream-benchmarks-worker-7: writing to closed log
12:44:22.538 [worker-akka.actor.default-dispatcher-12] WARN  c.s.f.r.e.s.SocketRear  - FlameSocketGraphDeployerRear@flamestream-benchmarks-worker-7: writing to closed log
12:44:22.539 [worker-akka.actor.default-dispatcher-12] WARN  c.s.f.r.e.s.SocketRear  - FlameSocketGraphDeployerRear@flamestream-benchmarks-worker-7: writing to closed log
12:44:22.539 [worker-akka.actor.default-dispatcher-12] WARN  c.s.f.r.e.s.SocketRear  - FlameSocketGraphDeployerRear@flamestream-benchmarks-worker-7: writing to closed log
12:44:22.541 [worker-akka.actor.default-dispatcher-12] WARN  c.s.f.r.e.s.SocketRear  - FlameSocketGraphDeployerRear@flamestream-benchmarks-worker-7: writing to closed log
12:44:22.541 [worker-akka.actor.default-dispatcher-12] WARN  c.s.f.r.e.s.SocketRear  - FlameSocketGraphDeployerRear@flamestream-benchmarks-worker-7: writing to closed log
12:44:22.542 [worker-akka.actor.default-dispatcher-12] WARN  c.s.f.r.e.s.SocketRear  - FlameSocketGraphDeployerRear@flamestream-benchmarks-worker-7: writing to closed log
12:44:22.571 [worker-akka.actor.default-dispatcher-12] WARN  c.s.f.r.e.s.SocketRear  - FlameSocketGraphDeployerRear@flamestream-benchmarks-worker-7: writing to closed log
12:44:22.572 [worker-akka.actor.default-dispatcher-12] WARN  c.s.f.r.e.s.SocketRear  - FlameSocketGraphDeployerRear@flamestream-benchmarks-worker-7: writing to closed log
12:44:22.629 [worker-akka.actor.default-dispatcher-12] WARN  c.s.f.r.e.s.SocketRear  - FlameSocketGraphDeployerRear@flamestream-benchmarks-worker-7: writing to closed log
12:44:22.632 [worker-akka.actor.default-dispatcher-12] WARN  c.s.f.r.e.s.SocketRear  - FlameSocketGraphDeployerRear@flamestream-benchmarks-worker-7: writing to closed log
12:44:22.651 [worker-akka.actor.default-dispatcher-12] WARN  c.s.f.r.e.s.SocketRear  - FlameSocketGraphDeployerRear@flamestream-benchmarks-worker-7: writing to closed log
12:44:22.693 [worker-akka.actor.default-dispatcher-12] WARN  c.s.f.r.e.s.SocketRear  - FlameSocketGraphDeployerRear@flamestream-benchmarks-worker-7: writing to closed log
12:44:22.694 [worker-akka.actor.default-dispatcher-12] WARN  c.s.f.r.e.s.SocketRear  - FlameSocketGraphDeployerRear@flamestream-benchmarks-worker-7: writing to closed log
12:44:22.694 [worker-akka.actor.default-dispatcher-12] WARN  c.s.f.r.e.s.SocketRear  - FlameSocketGraphDeployerRear@flamestream-benchmarks-worker-7: writing to closed log
12:44:22.694 [worker-akka.actor.default-dispatcher-12] WARN  c.s.f.r.e.s.SocketRear  - FlameSocketGraphDeployerRear@flamestream-benchmarks-worker-7: writing to closed log
12:44:22.706 [worker-akka.actor.default-dispatcher-12] WARN  c.s.f.r.e.s.SocketRear  - FlameSocketGraphDeployerRear@flamestream-benchmarks-worker-7: writing to closed log
12:44:22.707 [worker-akka.actor.default-dispatcher-12] WARN  c.s.f.r.e.s.SocketRear  - FlameSocketGraphDeployerRear@flamestream-benchmarks-worker-7: writing to closed log
12:44:22.707 [worker-akka.actor.default-dispatcher-12] WARN  c.s.f.r.e.s.SocketRear  - FlameSocketGraphDeployerRear@flamestream-benchmarks-worker-7: writing to closed log
12:44:22.735 [worker-akka.actor.default-dispatcher-12] WARN  c.s.f.r.e.s.SocketRear  - FlameSocketGraphDeployerRear@flamestream-benchmarks-worker-7: writing to closed log
12:44:22.737 [worker-akka.actor.default-dispatcher-12] WARN  c.s.f.r.e.s.SocketRear  - FlameSocketGraphDeployerRear@flamestream-benchmarks-worker-7: writing to closed log
12:44:22.755 [worker-akka.actor.default-dispatcher-12] WARN  c.s.f.r.e.s.SocketRear  - FlameSocketGraphDeployerRear@flamestream-benchmarks-worker-7: writing to closed log
12:44:22.756 [worker-akka.actor.default-dispatcher-12] WARN  c.s.f.r.e.s.SocketRear  - FlameSocketGraphDeployerRear@flamestream-benchmarks-worker-7: writing to closed log
12:44:22.760 [worker-akka.actor.default-dispatcher-12] WARN  c.s.f.r.e.s.SocketRear  - FlameSocketGraphDeployerRear@flamestream-benchmarks-worker-7: writing to closed log
12:44:22.791 [worker-akka.actor.default-dispatcher-12] WARN  c.s.f.r.e.s.SocketRear  - FlameSocketGraphDeployerRear@flamestream-benchmarks-worker-7: writing to closed log
12:44:22.792 [worker-akka.actor.default-dispatcher-12] WARN  c.s.f.r.e.s.SocketRear  - FlameSocketGraphDeployerRear@flamestream-benchmarks-worker-7: writing to closed log
12:44:22.792 [worker-akka.actor.default-dispatcher-12] WARN  c.s.f.r.e.s.SocketRear  - FlameSocketGraphDeployerRear@flamestream-benchmarks-worker-7: writing to closed log
12:44:22.792 [worker-akka.actor.default-dispatcher-12] WARN  c.s.f.r.e.s.SocketRear  - FlameSocketGraphDeployerRear@flamestream-benchmarks-worker-7: writing to closed log
12:44:22.792 [worker-akka.actor.default-dispatcher-12] WARN  c.s.f.r.e.s.SocketRear  - FlameSocketGraphDeployerRear@flamestream-benchmarks-worker-7: writing to closed log
12:44:22.795 [worker-akka.actor.default-dispatcher-12] WARN  c.s.f.r.e.s.SocketRear  - FlameSocketGraphDeployerRear@flamestream-benchmarks-worker-7: writing to closed log
12:44:22.795 [worker-akka.actor.default-dispatcher-12] WARN  c.s.f.r.e.s.SocketRear  - FlameSocketGraphDeployerRear@flamestream-benchmarks-worker-7: writing to closed log
12:44:22.795 [worker-akka.actor.default-dispatcher-12] WARN  c.s.f.r.e.s.SocketRear  - FlameSocketGraphDeployerRear@flamestream-benchmarks-worker-7: writing to closed log
12:44:22.806 [worker-akka.actor.default-dispatcher-12] WARN  c.s.f.r.e.s.SocketRear  - FlameSocketGraphDeployerRear@flamestream-benchmarks-worker-7: writing to closed log
12:44:22.807 [worker-akka.actor.default-dispatcher-12] WARN  c.s.f.r.e.s.SocketRear  - FlameSocketGraphDeployerRear@flamestream-benchmarks-worker-7: writing to closed log
12:44:22.807 [worker-akka.actor.default-dispatcher-12] WARN  c.s.f.r.e.s.SocketRear  - FlameSocketGraphDeployerRear@flamestream-benchmarks-worker-7: writing to closed log
12:44:22.808 [worker-akka.actor.default-dispatcher-12] WARN  c.s.f.r.e.s.SocketRear  - FlameSocketGraphDeployerRear@flamestream-benchmarks-worker-7: writing to closed log
12:44:22.808 [worker-akka.actor.default-dispatcher-12] WARN  c.s.f.r.e.s.SocketRear  - FlameSocketGraphDeployerRear@flamestream-benchmarks-worker-7: writing to closed log
12:44:22.848 [worker-akka.actor.default-dispatcher-12] WARN  c.s.f.r.e.s.SocketRear  - FlameSocketGraphDeployerRear@flamestream-benchmarks-worker-7: writing to closed log
12:44:22.849 [worker-akka.actor.default-dispatcher-12] WARN  c.s.f.r.e.s.SocketRear  - FlameSocketGraphDeployerRear@flamestream-benchmarks-worker-7: writing to closed log
12:44:22.858 [worker-akka.actor.default-dispatcher-12] WARN  c.s.f.r.e.s.SocketRear  - FlameSocketGraphDeployerRear@flamestream-benchmarks-worker-7: writing to closed log
12:44:22.859 [worker-akka.actor.default-dispatcher-12] WARN  c.s.f.r.e.s.SocketRear  - FlameSocketGraphDeployerRear@flamestream-benchmarks-worker-7: writing to closed log
12:44:22.860 [worker-akka.actor.default-dispatcher-12] WARN  c.s.f.r.e.s.SocketRear  - FlameSocketGraphDeployerRear@flamestream-benchmarks-worker-7: writing to closed log
12:44:22.860 [worker-akka.actor.default-dispatcher-12] WARN  c.s.f.r.e.s.SocketRear  - FlameSocketGraphDeployerRear@flamestream-benchmarks-worker-7: writing to closed log
12:44:22.862 [worker-akka.actor.default-dispatcher-12] WARN  c.s.f.r.e.s.SocketRear  - FlameSocketGraphDeployerRear@flamestream-benchmarks-worker-7: writing to closed log
12:44:22.863 [worker-akka.actor.default-dispatcher-12] WARN  c.s.f.r.e.s.SocketRear  - FlameSocketGraphDeployerRear@flamestream-benchmarks-worker-7: writing to closed log
12:44:22.863 [worker-akka.actor.default-dispatcher-12] WARN  c.s.f.r.e.s.SocketRear  - FlameSocketGraphDeployerRear@flamestream-benchmarks-worker-7: writing to closed log
12:44:22.866 [worker-akka.actor.default-dispatcher-12] WARN  c.s.f.r.e.s.SocketRear  - FlameSocketGraphDeployerRear@flamestream-benchmarks-worker-7: writing to closed log
12:44:22.867 [worker-akka.actor.default-dispatcher-12] WARN  c.s.f.r.e.s.SocketRear  - FlameSocketGraphDeployerRear@flamestream-benchmarks-worker-7: writing to closed log
12:44:22.882 [worker-akka.actor.default-dispatcher-12] WARN  c.s.f.r.e.s.SocketRear  - FlameSocketGraphDeployerRear@flamestream-benchmarks-worker-7: writing to closed log
12:44:22.885 [worker-akka.actor.default-dispatcher-12] WARN  c.s.f.r.e.s.SocketRear  - FlameSocketGraphDeployerRear@flamestream-benchmarks-worker-7: writing to closed log
12:44:22.885 [worker-akka.actor.default-dispatcher-12] WARN  c.s.f.r.e.s.SocketRear  - FlameSocketGraphDeployerRear@flamestream-benchmarks-worker-7: writing to closed log
12:44:22.885 [worker-akka.actor.default-dispatcher-12] WARN  c.s.f.r.e.s.SocketRear  - FlameSocketGraphDeployerRear@flamestream-benchmarks-worker-7: writing to closed log
12:44:22.885 [worker-akka.actor.default-dispatcher-12] WARN  c.s.f.r.e.s.SocketRear  - FlameSocketGraphDeployerRear@flamestream-benchmarks-worker-7: writing to closed log
12:44:22.891 [worker-akka.actor.default-dispatcher-12] WARN  c.s.f.r.e.s.SocketRear  - FlameSocketGraphDeployerRear@flamestream-benchmarks-worker-7: writing to closed log
12:44:22.892 [worker-akka.actor.default-dispatcher-12] WARN  c.s.f.r.e.s.SocketRear  - FlameSocketGraphDeployerRear@flamestream-benchmarks-worker-7: writing to closed log
12:44:22.893 [worker-akka.actor.default-dispatcher-12] WARN  c.s.f.r.e.s.SocketRear  - FlameSocketGraphDeployerRear@flamestream-benchmarks-worker-7: writing to closed log
12:44:22.899 [worker-akka.actor.default-dispatcher-12] WARN  c.s.f.r.e.s.SocketRear  - FlameSocketGraphDeployerRear@flamestream-benchmarks-worker-7: writing to closed log
12:44:22.900 [worker-akka.actor.default-dispatcher-12] WARN  c.s.f.r.e.s.SocketRear  - FlameSocketGraphDeployerRear@flamestream-benchmarks-worker-7: writing to closed log
12:44:22.906 [worker-akka.actor.default-dispatcher-12] WARN  c.s.f.r.e.s.SocketRear  - FlameSocketGraphDeployerRear@flamestream-benchmarks-worker-7: writing to closed log
12:44:22.908 [worker-akka.actor.default-dispatcher-12] WARN  c.s.f.r.e.s.SocketRear  - FlameSocketGraphDeployerRear@flamestream-benchmarks-worker-7: writing to closed log
12:44:22.908 [worker-akka.actor.default-dispatcher-12] WARN  c.s.f.r.e.s.SocketRear  - FlameSocketGraphDeployerRear@flamestream-benchmarks-worker-7: writing to closed log
12:44:22.909 [worker-akka.actor.default-dispatcher-12] WARN  c.s.f.r.e.s.SocketRear  - FlameSocketGraphDeployerRear@flamestream-benchmarks-worker-7: writing to closed log
12:44:22.909 [worker-akka.actor.default-dispatcher-12] WARN  c.s.f.r.e.s.SocketRear  - FlameSocketGraphDeployerRear@flamestream-benchmarks-worker-7: writing to closed log
12:44:22.913 [worker-akka.actor.default-dispatcher-12] WARN  c.s.f.r.e.s.SocketRear  - FlameSocketGraphDeployerRear@flamestream-benchmarks-worker-7: writing to closed log
12:44:22.915 [worker-akka.actor.default-dispatcher-12] WARN  c.s.f.r.e.s.SocketRear  - FlameSocketGraphDeployerRear@flamestream-benchmarks-worker-7: writing to closed log
12:44:26.142 [worker-akka.actor.default-dispatcher-12] INFO  a.r.a.Association(akka://worker) akka.remote.artery.Association(akka://worker) - Association to [akka://worker@flamestream-benchmarks-worker-1:5412] having UID [2164622050406865559] has been stopped. All messages to this UID will be delivered to dead letters. Reason: ActorSystem terminated
12:44:26.240 [worker-akka.actor.default-dispatcher-12] INFO  a.r.a.Association(akka://worker) akka.remote.artery.Association(akka://worker) - Association to [akka://worker@flamestream-benchmarks-worker-2:5412] having UID [-4547469165035349574] has been stopped. All messages to this UID will be delivered to dead letters. Reason: ActorSystem terminated
2019-10-10T12:44:26.388+0000: 1023.741: [GC (Allocation Failure) 2019-10-10T12:44:26.388+0000: 1023.741: [DefNew: 409700K->155K(460800K), 0.0034744 secs] 464392K->54847K(1484800K), 0.0036124 secs] [Times: user=0.00 sys=0.00, real=0.01 secs] 
12:44:26.420 [worker-akka.actor.default-dispatcher-12] INFO  a.r.a.Association(akka://worker) akka.remote.artery.Association(akka://worker) - Association to [akka://worker@flamestream-benchmarks-worker-4:5412] having UID [1879355718632016473] has been stopped. All messages to this UID will be delivered to dead letters. Reason: ActorSystem terminated
12:44:26.495 [worker-akka.actor.default-dispatcher-5] INFO  a.a.LocalActorRef akka://worker/user/watcher/processing-watcher/graph/graph/$A - Stopped
12:44:26.496 [worker-akka.actor.default-dispatcher-5] INFO  a.a.LocalActorRef akka://worker/user/watcher/processing-watcher/graph/edge/FlameSocketGraphDeployerFront - Stopped
12:44:26.506 [worker-akka.actor.default-dispatcher-9] INFO  a.a.LocalActorRef akka://worker/user/watcher/processing-watcher/graph/edge/FlameSocketGraphDeployerRear - Stopped
12:44:26.506 [worker-akka.actor.default-dispatcher-9] INFO  a.a.LocalActorRef akka://worker/user/watcher/processing-watcher/graph/edge - Stopped
12:44:26.511 [worker-akka.actor.default-dispatcher-17] INFO  a.a.LocalActorRef akka://worker/user/watcher/processing-watcher/graph/graph/$B - Stopped
12:44:26.511 [worker-akka.actor.default-dispatcher-17] INFO  a.a.LocalActorRef akka://worker/user/watcher/processing-watcher/graph/graph/$C - Stopped
12:44:26.511 [worker-akka.actor.default-dispatcher-17] INFO  a.a.LocalActorRef akka://worker/user/watcher/processing-watcher/graph/graph/$D - Stopped
12:44:26.511 [worker-akka.actor.default-dispatcher-17] INFO  a.a.LocalActorRef akka://worker/user/watcher/processing-watcher/graph/graph/$E - Stopped
12:44:26.514 [worker-akka.actor.default-dispatcher-17] INFO  a.a.LocalActorRef akka://worker/user/watcher/processing-watcher/graph/graph/$F - Stopped
12:44:26.519 [worker-akka.actor.default-dispatcher-11] INFO  a.a.LocalActorRef akka://worker/user/watcher/processing-watcher/graph/graph/$G - Stopped
12:44:26.519 [worker-akka.actor.default-dispatcher-11] INFO  a.a.LocalActorRef akka://worker/user/watcher/processing-watcher/graph/graph/$H - Stopped
12:44:26.519 [worker-akka.actor.default-dispatcher-11] INFO  a.a.LocalActorRef akka://worker/user/watcher/processing-watcher/graph/graph/$a - Stopped
12:44:26.519 [worker-akka.actor.default-dispatcher-11] INFO  a.a.LocalActorRef akka://worker/user/watcher/processing-watcher/graph/graph/$b - Stopped
12:44:26.520 [worker-akka.actor.default-dispatcher-11] INFO  a.a.LocalActorRef akka://worker/user/watcher/processing-watcher/graph/graph/$c - Stopped
12:44:26.520 [worker-akka.actor.default-dispatcher-11] INFO  a.a.LocalActorRef akka://worker/user/watcher/processing-watcher/graph/graph/$d - Stopped
12:44:26.520 [worker-akka.actor.default-dispatcher-11] INFO  a.a.LocalActorRef akka://worker/user/watcher/processing-watcher/graph/graph/$e - Stopped
12:44:26.520 [worker-akka.actor.default-dispatcher-11] INFO  a.a.LocalActorRef akka://worker/user/watcher/processing-watcher/graph/graph/$f - Stopped
12:44:26.520 [worker-akka.actor.default-dispatcher-11] INFO  a.a.LocalActorRef akka://worker/user/watcher/processing-watcher/graph/graph/$g - Stopped
12:44:26.520 [worker-akka.actor.default-dispatcher-11] INFO  a.a.LocalActorRef akka://worker/user/watcher/processing-watcher/graph/graph/$h - Stopped
12:44:26.520 [worker-akka.actor.default-dispatcher-9] INFO  a.a.LocalActorRef akka://worker/user/watcher/processing-watcher/graph/graph/$i - Stopped
12:44:26.520 [worker-akka.actor.default-dispatcher-9] INFO  a.a.LocalActorRef akka://worker/user/watcher/processing-watcher/graph/graph/$j - Stopped
12:44:26.520 [worker-akka.actor.default-dispatcher-9] INFO  a.a.LocalActorRef akka://worker/user/watcher/processing-watcher/graph/graph/$k - Stopped
12:44:26.520 [worker-akka.actor.default-dispatcher-9] INFO  a.a.LocalActorRef akka://worker/user/watcher/processing-watcher/graph/graph/$l - Stopped
12:44:26.520 [worker-akka.actor.default-dispatcher-9] INFO  a.a.LocalActorRef akka://worker/user/watcher/processing-watcher/graph/graph/$m - Stopped
12:44:26.521 [worker-akka.actor.default-dispatcher-12] INFO  a.a.LocalActorRef akka://worker/user/watcher/processing-watcher/graph/graph/$n - Stopped
12:44:26.521 [worker-akka.actor.default-dispatcher-12] INFO  a.a.LocalActorRef akka://worker/user/watcher/processing-watcher/graph/graph/$o - Stopped
12:44:26.521 [worker-akka.actor.default-dispatcher-12] INFO  a.a.LocalActorRef akka://worker/user/watcher/processing-watcher/graph/graph/$p - Stopped
12:44:26.521 [worker-akka.actor.default-dispatcher-12] INFO  a.a.LocalActorRef akka://worker/user/watcher/processing-watcher/graph/graph/$q - Stopped
12:44:26.521 [worker-akka.actor.default-dispatcher-12] INFO  a.a.LocalActorRef akka://worker/user/watcher/processing-watcher/graph/graph/$r - Stopped
12:44:26.521 [worker-akka.actor.default-dispatcher-5] INFO  a.a.LocalActorRef akka://worker/user/watcher/processing-watcher/graph/graph/$s - Stopped
12:44:26.521 [worker-akka.actor.default-dispatcher-5] INFO  a.a.LocalActorRef akka://worker/user/watcher/processing-watcher/graph/graph/$t - Stopped
12:44:26.521 [worker-akka.actor.default-dispatcher-5] INFO  a.a.LocalActorRef akka://worker/user/watcher/processing-watcher/graph/graph/$u - Stopped
12:44:26.521 [worker-akka.actor.default-dispatcher-5] INFO  a.a.LocalActorRef akka://worker/user/watcher/processing-watcher/graph/graph/$v - Stopped
12:44:26.521 [worker-akka.actor.default-dispatcher-5] INFO  a.a.LocalActorRef akka://worker/user/watcher/processing-watcher/graph/graph/$w - Stopped
12:44:26.521 [worker-akka.actor.default-dispatcher-16] INFO  a.a.LocalActorRef akka://worker/user/watcher/processing-watcher/graph/graph/$x - Stopped
12:44:26.522 [worker-akka.actor.default-dispatcher-16] INFO  a.a.LocalActorRef akka://worker/user/watcher/processing-watcher/graph/negotiator - Stopped
12:44:26.525 [worker-akka.actor.default-dispatcher-11] INFO  a.a.LocalActorRef akka://worker/user/watcher/processing-watcher/graph/graph/$y - Stopped
12:44:26.529 [worker-akka.actor.default-dispatcher-8] INFO  a.a.LocalActorRef akka://worker/user/watcher/processing-watcher/graph/graph/$z - Stopped
12:44:26.531 [worker-akka.actor.default-dispatcher-19] INFO  a.a.LocalActorRef akka://worker/user/watcher/processing-watcher/graph/graph - Stopped
12:44:26.544 [worker-akka.actor.default-dispatcher-9] INFO  a.a.LocalActorRef akka://worker/user/watcher/processing-watcher/graph - Stopped
12:44:26.545 [worker-akka.actor.default-dispatcher-18] INFO  a.a.LocalActorRef akka://worker/user/watcher/processing-watcher - Stopped
12:44:26.547 [Curator-Framework-0] INFO  o.a.c.f.i.CuratorFrameworkImpl  - backgroundOperationsLoop exiting
12:44:26.557 [Curator-PathChildrenCache-0] ERROR o.a.c.f.r.c.PathChildrenCache  - 
java.lang.IllegalStateException: instance must be started before calling this method
	at org.apache.curator.shaded.com.google.common.base.Preconditions.checkState(Preconditions.java:444)
	at org.apache.curator.framework.imps.CuratorFrameworkImpl.getChildren(CuratorFrameworkImpl.java:456)
	at org.apache.curator.framework.recipes.cache.PathChildrenCache.refresh(PathChildrenCache.java:521)
	at org.apache.curator.framework.recipes.cache.RefreshOperation.invoke(RefreshOperation.java:35)
	at org.apache.curator.framework.recipes.cache.PathChildrenCache$9.run(PathChildrenCache.java:786)
	at java.util.concurrent.Executors$RunnableAdapter.call(Executors.java:511)
	at java.util.concurrent.FutureTask.run(FutureTask.java:266)
	at java.util.concurrent.Executors$RunnableAdapter.call(Executors.java:511)
	at java.util.concurrent.FutureTask.run(FutureTask.java:266)
	at java.util.concurrent.ThreadPoolExecutor.runWorker(ThreadPoolExecutor.java:1149)
	at java.util.concurrent.ThreadPoolExecutor$Worker.run(ThreadPoolExecutor.java:624)
	at java.lang.Thread.run(Thread.java:748)
12:44:26.558 [worker-akka.actor.default-dispatcher-5-EventThread] INFO  o.a.z.ClientCnxn  - EventThread shut down for session: 0x100005c675e0007
12:44:26.558 [worker-akka.actor.default-dispatcher-18] INFO  o.a.z.ZooKeeper  - Session: 0x100005c675e0007 closed
12:44:26.559 [worker-akka.actor.default-dispatcher-24] INFO  a.a.RepointableActorRef akka://worker/user/watcher - Stopped
12:44:26.561 [worker-akka.actor.default-dispatcher-24] INFO  a.r.a.Association(akka://worker) akka.remote.artery.Association(akka://worker) - Association to [akka://worker@flamestream-benchmarks-worker-3:5412] having UID [5124950119994697808] has been stopped. All messages to this UID will be delivered to dead letters. Reason: ActorSystem terminated
12:44:26.569 [worker-akka.actor.default-dispatcher-24] INFO  a.r.RemoteActorRefProvider$RemotingTerminator akka://worker@flamestream-benchmarks-worker-7:5412/system/remoting-terminator - Shutting down remote daemon.
12:44:26.570 [worker-akka.actor.default-dispatcher-24] INFO  a.r.RemoteActorRefProvider$RemotingTerminator akka://worker@flamestream-benchmarks-worker-7:5412/system/remoting-terminator - Remote daemon shut down; proceeding with flushing remote transports.
12:44:27.789 [worker-akka.actor.default-dispatcher-24] INFO  a.r.RemoteActorRefProvider$RemotingTerminator akka://worker@flamestream-benchmarks-worker-7:5412/system/remoting-terminator - Remoting shut down.
Heap
 def new generation   total 460800K, used 29237K [0x00000000a2400000, 0x00000000c1800000, 0x00000000c1800000)
  eden space 409600K,   7% used [0x00000000a2400000, 0x00000000a4066828, 0x00000000bb400000)
  from space 51200K,   0% used [0x00000000bb400000, 0x00000000bb426cf0, 0x00000000be600000)
  to   space 51200K,   0% used [0x00000000be600000, 0x00000000be600000, 0x00000000c1800000)
 tenured generation   total 1024000K, used 54692K [0x00000000c1800000, 0x0000000100000000, 0x0000000100000000)
   the space 1024000K,   5% used [0x00000000c1800000, 0x00000000c4d692f0, 0x00000000c4d69400, 0x0000000100000000)
 Metaspace       used 40658K, capacity 43480K, committed 43648K, reserved 1087488K
  class space    used 5341K, capacity 5662K, committed 5760K, reserved 1048576K
