05:46:23,256 |-INFO in ch.qos.logback.classic.LoggerContext[default] - Could NOT find resource [logback-test.xml]
05:46:23,256 |-INFO in ch.qos.logback.classic.LoggerContext[default] - Could NOT find resource [logback.groovy]
05:46:23,257 |-INFO in ch.qos.logback.classic.LoggerContext[default] - Found resource [logback.xml] at [jar:file:/root/flamestream/lib/flamestream-runtime-1.0-SNAPSHOT.jar!/logback.xml]
05:46:23,258 |-WARN in ch.qos.logback.classic.LoggerContext[default] - Resource [logback.xml] occurs multiple times on the classpath.
05:46:23,258 |-WARN in ch.qos.logback.classic.LoggerContext[default] - Resource [logback.xml] occurs at [jar:file:/root/flamestream/lib/flamestream-runtime-1.0-SNAPSHOT.jar!/logback.xml]
05:46:23,258 |-WARN in ch.qos.logback.classic.LoggerContext[default] - Resource [logback.xml] occurs at [jar:file:/root/flamestream/flamestream-runtime-1.0-SNAPSHOT.jar!/logback.xml]
05:46:23,277 |-INFO in ch.qos.logback.core.joran.spi.ConfigurationWatchList@3fb6a447 - URL [jar:file:/root/flamestream/lib/flamestream-runtime-1.0-SNAPSHOT.jar!/logback.xml] is not of type file
05:46:23,344 |-INFO in ch.qos.logback.classic.joran.action.ConfigurationAction - debug attribute not set
05:46:23,344 |-INFO in ch.qos.logback.core.joran.action.AppenderAction - About to instantiate appender of type [ch.qos.logback.core.ConsoleAppender]
05:46:23,359 |-INFO in ch.qos.logback.core.joran.action.AppenderAction - Naming appender as [STDOUT]
05:46:23,380 |-INFO in ch.qos.logback.core.joran.action.NestedComplexPropertyIA - Assuming default type [ch.qos.logback.classic.encoder.PatternLayoutEncoder] for [encoder] property
05:46:23,464 |-INFO in ch.qos.logback.core.joran.action.AppenderAction - About to instantiate appender of type [ch.qos.logback.core.rolling.RollingFileAppender]
05:46:23,469 |-INFO in ch.qos.logback.core.joran.action.AppenderAction - Naming appender as [FILE]
05:46:23,500 |-INFO in c.q.l.core.rolling.TimeBasedRollingPolicy@127618319 - No compression will be used
05:46:23,501 |-INFO in c.q.l.core.rolling.TimeBasedRollingPolicy@127618319 - Will use the pattern /tmp/application_%d{yyyy-MM-dd}.%i.log for the active file
05:46:23,504 |-INFO in ch.qos.logback.core.rolling.SizeAndTimeBasedFNATP@6b2fad11 - The date pattern is 'yyyy-MM-dd' from file name pattern '/tmp/application_%d{yyyy-MM-dd}.%i.log'.
05:46:23,504 |-INFO in ch.qos.logback.core.rolling.SizeAndTimeBasedFNATP@6b2fad11 - Roll-over at midnight.
05:46:23,510 |-INFO in ch.qos.logback.core.rolling.SizeAndTimeBasedFNATP@6b2fad11 - Setting initial period to Tue Jun 11 05:45:07 UTC 2019
05:46:23,510 |-WARN in ch.qos.logback.core.rolling.SizeAndTimeBasedFNATP@6b2fad11 - SizeAndTimeBasedFNATP is deprecated. Use SizeAndTimeBasedRollingPolicy instead
05:46:23,510 |-WARN in ch.qos.logback.core.rolling.SizeAndTimeBasedFNATP@6b2fad11 - For more information see http://logback.qos.ch/manual/appenders.html#SizeAndTimeBasedRollingPolicy
05:46:23,514 |-INFO in ch.qos.logback.core.joran.action.NestedComplexPropertyIA - Assuming default type [ch.qos.logback.classic.encoder.PatternLayoutEncoder] for [encoder] property
05:46:23,519 |-INFO in ch.qos.logback.core.rolling.RollingFileAppender[FILE] - Active log file name: /tmp/application.log
05:46:23,519 |-INFO in ch.qos.logback.core.rolling.RollingFileAppender[FILE] - File property is set to [/tmp/application.log]
05:46:23,520 |-INFO in ch.qos.logback.classic.joran.action.RootLoggerAction - Setting level of ROOT logger to WARN
05:46:23,520 |-INFO in ch.qos.logback.core.joran.action.AppenderRefAction - Attaching appender named [STDOUT] to Logger[ROOT]
05:46:23,522 |-INFO in ch.qos.logback.core.joran.action.AppenderRefAction - Attaching appender named [FILE] to Logger[ROOT]
05:46:23,522 |-INFO in ch.qos.logback.classic.joran.action.ConfigurationAction - End of configuration.
05:46:23,522 |-INFO in ch.qos.logback.classic.joran.JoranConfigurator@79698539 - Registering current configuration as safe fallback point

Ama winner
Ama winner
2019-06-11T05:46:24.837+0000: 1.767: [Full GC (Metadata GC Threshold) 2019-06-11T05:46:24.837+0000: 1.767: [Tenured: 0K->15177K(341376K), 0.0396339 secs] 114923K->15177K(494976K), [Metaspace: 20732K->20732K(1067008K)], 0.0397126 secs] [Times: user=0.04 sys=0.01, real=0.04 secs] 
05:46:39.036 [Curator-PathChildrenCache-2] WARN  o.a.c.u.ZKPaths  - The version of ZooKeeper being used doesn't support Container nodes. CreateMode.PERSISTENT will be used instead.
2019-06-11T05:46:41.304+0000: 18.235: [GC (Allocation Failure) 2019-06-11T05:46:41.304+0000: 18.235: [DefNew: 136576K->17024K(153600K), 0.0304402 secs] 151753K->52723K(494976K), 0.0305228 secs] [Times: user=0.01 sys=0.02, real=0.04 secs] 
2019-06-11T05:46:41.526+0000: 18.457: [Full GC (Metadata GC Threshold) 2019-06-11T05:46:41.526+0000: 18.457: [Tenured: 35699K->44038K(341376K), 0.0342079 secs] 66244K->44038K(494976K), [Metaspace: 34498K->34498K(1079296K)], 0.0342768 secs] [Times: user=0.02 sys=0.00, real=0.03 secs] 
2019-06-11T05:46:44.853+0000: 21.783: [GC (Allocation Failure) 2019-06-11T05:46:44.853+0000: 21.783: [DefNew: 136576K->121K(153600K), 0.0020186 secs] 180614K->44159K(494976K), 0.0020904 secs] [Times: user=0.00 sys=0.00, real=0.01 secs] 
2019-06-11T05:46:48.143+0000: 25.074: [GC (Allocation Failure) 2019-06-11T05:46:48.143+0000: 25.074: [DefNew: 136697K->130K(153600K), 0.0018384 secs] 180735K->44169K(494976K), 0.0018983 secs] [Times: user=0.00 sys=0.00, real=0.01 secs] 
2019-06-11T05:46:51.380+0000: 28.311: [GC (Allocation Failure) 2019-06-11T05:46:51.380+0000: 28.311: [DefNew: 136706K->130K(153600K), 0.0018604 secs] 180745K->44169K(494976K), 0.0019264 secs] [Times: user=0.01 sys=0.00, real=0.00 secs] 
2019-06-11T05:46:54.639+0000: 31.569: [GC (Allocation Failure) 2019-06-11T05:46:54.639+0000: 31.569: [DefNew: 136706K->130K(153600K), 0.0018128 secs] 180745K->44169K(494976K), 0.0018677 secs] [Times: user=0.00 sys=0.00, real=0.00 secs] 
2019-06-11T05:46:57.877+0000: 34.807: [GC (Allocation Failure) 2019-06-11T05:46:57.877+0000: 34.807: [DefNew: 136706K->138K(153600K), 0.0019030 secs] 180745K->44177K(494976K), 0.0019663 secs] [Times: user=0.00 sys=0.00, real=0.00 secs] 
2019-06-11T05:47:01.131+0000: 38.062: [GC (Allocation Failure) 2019-06-11T05:47:01.131+0000: 38.062: [DefNew: 136714K->130K(153600K), 0.0018770 secs] 180753K->44169K(494976K), 0.0019350 secs] [Times: user=0.00 sys=0.00, real=0.01 secs] 
2019-06-11T05:47:04.393+0000: 41.324: [GC (Allocation Failure) 2019-06-11T05:47:04.393+0000: 41.324: [DefNew: 136706K->131K(153600K), 0.0018651 secs] 180745K->44170K(494976K), 0.0019258 secs] [Times: user=0.01 sys=0.00, real=0.00 secs] 
2019-06-11T05:47:07.647+0000: 44.577: [GC (Allocation Failure) 2019-06-11T05:47:07.647+0000: 44.578: [DefNew: 136707K->132K(153600K), 0.0018752 secs] 180746K->44171K(494976K), 0.0019333 secs] [Times: user=0.00 sys=0.00, real=0.00 secs] 
05:47:15.471 [Curator-PathChildrenCache-0] ERROR o.a.c.f.r.c.PathChildrenCache  - 
java.lang.IllegalStateException: instance must be started before calling this method
	at org.apache.curator.shaded.com.google.common.base.Preconditions.checkState(Preconditions.java:444)
	at org.apache.curator.framework.imps.CuratorFrameworkImpl.getChildren(CuratorFrameworkImpl.java:456)
	at org.apache.curator.framework.recipes.cache.PathChildrenCache.refresh(PathChildrenCache.java:521)
	at org.apache.curator.framework.recipes.cache.RefreshOperation.invoke(RefreshOperation.java:35)
	at org.apache.curator.framework.recipes.cache.PathChildrenCache$9.run(PathChildrenCache.java:786)
	at java.util.concurrent.Executors$RunnableAdapter.call(Executors.java:511)
	at java.util.concurrent.FutureTask.run(FutureTask.java:266)
	at java.util.concurrent.Executors$RunnableAdapter.call(Executors.java:511)
	at java.util.concurrent.FutureTask.run(FutureTask.java:266)
	at java.util.concurrent.ThreadPoolExecutor.runWorker(ThreadPoolExecutor.java:1149)
	at java.util.concurrent.ThreadPoolExecutor$Worker.run(ThreadPoolExecutor.java:624)
	at java.lang.Thread.run(Thread.java:748)
2019-06-11T05:47:15.809+0000: 52.739: [GC (Allocation Failure) 2019-06-11T05:47:15.809+0000: 52.739: [DefNew: 136708K->911K(153600K), 0.0031577 secs] 180747K->44950K(494976K), 0.0032301 secs] [Times: user=0.00 sys=0.00, real=0.00 secs] 
Heap
 def new generation   total 153600K, used 14132K [0x00000000e0c00000, 0x00000000eb2a0000, 0x00000000eb2a0000)
  eden space 136576K,   9% used [0x00000000e0c00000, 0x00000000e18e96b0, 0x00000000e9160000)
  from space 17024K,   5% used [0x00000000e9160000, 0x00000000e9243d48, 0x00000000ea200000)
  to   space 17024K,   0% used [0x00000000ea200000, 0x00000000ea200000, 0x00000000eb2a0000)
 tenured generation   total 341376K, used 44038K [0x00000000eb2a0000, 0x0000000100000000, 0x0000000100000000)
   the space 341376K,  12% used [0x00000000eb2a0000, 0x00000000edda1b30, 0x00000000edda1c00, 0x0000000100000000)
 Metaspace       used 35976K, capacity 36926K, committed 37120K, reserved 1081344K
  class space    used 4859K, capacity 5059K, committed 5120K, reserved 1048576K
