16:58:29,279 |-INFO in ch.qos.logback.classic.LoggerContext[default] - Could NOT find resource [logback-test.xml]
16:58:29,280 |-INFO in ch.qos.logback.classic.LoggerContext[default] - Could NOT find resource [logback.groovy]
16:58:29,280 |-INFO in ch.qos.logback.classic.LoggerContext[default] - Found resource [logback.xml] at [jar:file:/root/flamestream/lib/flamestream-runtime-1.0-SNAPSHOT.jar!/logback.xml]
16:58:29,280 |-WARN in ch.qos.logback.classic.LoggerContext[default] - Resource [logback.xml] occurs multiple times on the classpath.
16:58:29,280 |-WARN in ch.qos.logback.classic.LoggerContext[default] - Resource [logback.xml] occurs at [jar:file:/root/flamestream/lib/flamestream-runtime-1.0-SNAPSHOT.jar!/logback.xml]
16:58:29,280 |-WARN in ch.qos.logback.classic.LoggerContext[default] - Resource [logback.xml] occurs at [jar:file:/root/flamestream/flamestream-runtime-1.0-SNAPSHOT.jar!/logback.xml]
16:58:29,301 |-INFO in ch.qos.logback.core.joran.spi.ConfigurationWatchList@3fb6a447 - URL [jar:file:/root/flamestream/lib/flamestream-runtime-1.0-SNAPSHOT.jar!/logback.xml] is not of type file
16:58:29,373 |-INFO in ch.qos.logback.classic.joran.action.ConfigurationAction - debug attribute not set
16:58:29,373 |-INFO in ch.qos.logback.core.joran.action.AppenderAction - About to instantiate appender of type [ch.qos.logback.core.ConsoleAppender]
16:58:29,388 |-INFO in ch.qos.logback.core.joran.action.AppenderAction - Naming appender as [STDOUT]
16:58:29,405 |-INFO in ch.qos.logback.core.joran.action.NestedComplexPropertyIA - Assuming default type [ch.qos.logback.classic.encoder.PatternLayoutEncoder] for [encoder] property
16:58:29,491 |-INFO in ch.qos.logback.core.joran.action.AppenderAction - About to instantiate appender of type [ch.qos.logback.core.rolling.RollingFileAppender]
16:58:29,496 |-INFO in ch.qos.logback.core.joran.action.AppenderAction - Naming appender as [FILE]
16:58:29,526 |-INFO in c.q.l.core.rolling.TimeBasedRollingPolicy@127618319 - No compression will be used
16:58:29,527 |-INFO in c.q.l.core.rolling.TimeBasedRollingPolicy@127618319 - Will use the pattern /tmp/application_%d{yyyy-MM-dd}.%i.log for the active file
16:58:29,530 |-INFO in ch.qos.logback.core.rolling.SizeAndTimeBasedFNATP@6b2fad11 - The date pattern is 'yyyy-MM-dd' from file name pattern '/tmp/application_%d{yyyy-MM-dd}.%i.log'.
16:58:29,530 |-INFO in ch.qos.logback.core.rolling.SizeAndTimeBasedFNATP@6b2fad11 - Roll-over at midnight.
16:58:29,536 |-INFO in ch.qos.logback.core.rolling.SizeAndTimeBasedFNATP@6b2fad11 - Setting initial period to Mon Jun 10 16:57:04 UTC 2019
16:58:29,536 |-WARN in ch.qos.logback.core.rolling.SizeAndTimeBasedFNATP@6b2fad11 - SizeAndTimeBasedFNATP is deprecated. Use SizeAndTimeBasedRollingPolicy instead
16:58:29,536 |-WARN in ch.qos.logback.core.rolling.SizeAndTimeBasedFNATP@6b2fad11 - For more information see http://logback.qos.ch/manual/appenders.html#SizeAndTimeBasedRollingPolicy
16:58:29,540 |-INFO in ch.qos.logback.core.joran.action.NestedComplexPropertyIA - Assuming default type [ch.qos.logback.classic.encoder.PatternLayoutEncoder] for [encoder] property
16:58:29,544 |-INFO in ch.qos.logback.core.rolling.RollingFileAppender[FILE] - Active log file name: /tmp/application.log
16:58:29,544 |-INFO in ch.qos.logback.core.rolling.RollingFileAppender[FILE] - File property is set to [/tmp/application.log]
16:58:29,545 |-INFO in ch.qos.logback.classic.joran.action.RootLoggerAction - Setting level of ROOT logger to WARN
16:58:29,545 |-INFO in ch.qos.logback.core.joran.action.AppenderRefAction - Attaching appender named [STDOUT] to Logger[ROOT]
16:58:29,547 |-INFO in ch.qos.logback.core.joran.action.AppenderRefAction - Attaching appender named [FILE] to Logger[ROOT]
16:58:29,547 |-INFO in ch.qos.logback.classic.joran.action.ConfigurationAction - End of configuration.
16:58:29,548 |-INFO in ch.qos.logback.classic.joran.JoranConfigurator@79698539 - Registering current configuration as safe fallback point

Ama winner
Ama winner
2019-06-10T16:58:30.848+0000: 1.757: [Full GC (Metadata GC Threshold) 2019-06-10T16:58:30.848+0000: 1.757: [Tenured: 0K->15241K(341376K), 0.0391536 secs] 114987K->15241K(494976K), [Metaspace: 20725K->20725K(1067008K)], 0.0392206 secs] [Times: user=0.04 sys=0.00, real=0.04 secs] 
16:58:52.245 [Curator-PathChildrenCache-2] WARN  o.a.c.u.ZKPaths  - The version of ZooKeeper being used doesn't support Container nodes. CreateMode.PERSISTENT will be used instead.
2019-06-10T16:58:54.622+0000: 25.530: [GC (Allocation Failure) 2019-06-10T16:58:54.622+0000: 25.530: [DefNew: 117441K->17023K(153600K), 0.0190207 secs] 132683K->32319K(494976K), 0.0190918 secs] [Times: user=0.01 sys=0.01, real=0.02 secs] 
2019-06-10T16:58:55.165+0000: 26.073: [Full GC (Metadata GC Threshold) 2019-06-10T16:58:55.165+0000: 26.073: [Tenured: 15295K->43794K(341376K), 0.0494068 secs] 69908K->43794K(494976K), [Metaspace: 34587K->34587K(1079296K)], 0.0494911 secs] [Times: user=0.04 sys=0.00, real=0.05 secs] 
2019-06-10T16:58:58.228+0000: 29.136: [GC (Allocation Failure) 2019-06-10T16:58:58.228+0000: 29.136: [DefNew: 136576K->191K(153600K), 0.0022955 secs] 180370K->43985K(494976K), 0.0023544 secs] [Times: user=0.00 sys=0.00, real=0.01 secs] 
2019-06-10T16:59:01.105+0000: 32.014: [GC (Allocation Failure) 2019-06-10T16:59:01.105+0000: 32.014: [DefNew: 136767K->203K(153600K), 0.0020461 secs] 180561K->43997K(494976K), 0.0021030 secs] [Times: user=0.00 sys=0.00, real=0.00 secs] 
2019-06-10T16:59:04.112+0000: 35.021: [GC (Allocation Failure) 2019-06-10T16:59:04.112+0000: 35.021: [DefNew: 136779K->237K(153600K), 0.0021815 secs] 180573K->44031K(494976K), 0.0022554 secs] [Times: user=0.00 sys=0.00, real=0.00 secs] 
2019-06-10T16:59:07.006+0000: 37.914: [GC (Allocation Failure) 2019-06-10T16:59:07.006+0000: 37.915: [DefNew: 136813K->237K(153600K), 0.0021698 secs] 180607K->44031K(494976K), 0.0022341 secs] [Times: user=0.00 sys=0.00, real=0.00 secs] 
2019-06-10T16:59:09.880+0000: 40.788: [GC (Allocation Failure) 2019-06-10T16:59:09.880+0000: 40.788: [DefNew: 136813K->238K(153600K), 0.0020527 secs] 180607K->44032K(494976K), 0.0021124 secs] [Times: user=0.00 sys=0.00, real=0.00 secs] 
2019-06-10T16:59:12.761+0000: 43.670: [GC (Allocation Failure) 2019-06-10T16:59:12.761+0000: 43.670: [DefNew: 136814K->241K(153600K), 0.0021380 secs] 180608K->44035K(494976K), 0.0021998 secs] [Times: user=0.00 sys=0.00, real=0.00 secs] 
2019-06-10T16:59:15.739+0000: 46.647: [GC (Allocation Failure) 2019-06-10T16:59:15.739+0000: 46.647: [DefNew: 136817K->239K(153600K), 0.0021856 secs] 180611K->44033K(494976K), 0.0022476 secs] [Times: user=0.01 sys=0.00, real=0.00 secs] 
16:59:21.582 [Curator-PathChildrenCache-0] ERROR o.a.c.f.r.c.PathChildrenCache  - 
java.lang.IllegalStateException: instance must be started before calling this method
	at org.apache.curator.shaded.com.google.common.base.Preconditions.checkState(Preconditions.java:444)
	at org.apache.curator.framework.imps.CuratorFrameworkImpl.getChildren(CuratorFrameworkImpl.java:456)
	at org.apache.curator.framework.recipes.cache.PathChildrenCache.refresh(PathChildrenCache.java:521)
	at org.apache.curator.framework.recipes.cache.RefreshOperation.invoke(RefreshOperation.java:35)
	at org.apache.curator.framework.recipes.cache.PathChildrenCache$9.run(PathChildrenCache.java:786)
	at java.util.concurrent.Executors$RunnableAdapter.call(Executors.java:511)
	at java.util.concurrent.FutureTask.run(FutureTask.java:266)
	at java.util.concurrent.Executors$RunnableAdapter.call(Executors.java:511)
	at java.util.concurrent.FutureTask.run(FutureTask.java:266)
	at java.util.concurrent.ThreadPoolExecutor.runWorker(ThreadPoolExecutor.java:1149)
	at java.util.concurrent.ThreadPoolExecutor$Worker.run(ThreadPoolExecutor.java:624)
	at java.lang.Thread.run(Thread.java:748)
Heap
 def new generation   total 153600K, used 51996K [0x00000000e0c00000, 0x00000000eb2a0000, 0x00000000eb2a0000)
  eden space 136576K,  37% used [0x00000000e0c00000, 0x00000000e3e8b658, 0x00000000e9160000)
  from space 17024K,   1% used [0x00000000e9160000, 0x00000000e919bc28, 0x00000000ea200000)
  to   space 17024K,   0% used [0x00000000ea200000, 0x00000000ea200000, 0x00000000eb2a0000)
 tenured generation   total 341376K, used 43794K [0x00000000eb2a0000, 0x0000000100000000, 0x0000000100000000)
   the space 341376K,  12% used [0x00000000eb2a0000, 0x00000000edd64880, 0x00000000edd64a00, 0x0000000100000000)
 Metaspace       used 36032K, capacity 36974K, committed 37120K, reserved 1081344K
  class space    used 4875K, capacity 5067K, committed 5120K, reserved 1048576K
