15:13:15,385 |-INFO in ch.qos.logback.classic.LoggerContext[default] - Could NOT find resource [logback-test.xml]
15:13:15,385 |-INFO in ch.qos.logback.classic.LoggerContext[default] - Could NOT find resource [logback.groovy]
15:13:15,385 |-INFO in ch.qos.logback.classic.LoggerContext[default] - Found resource [logback.xml] at [jar:file:/root/flamestream/lib/flamestream-runtime-1.0-SNAPSHOT.jar!/logback.xml]
15:13:15,386 |-WARN in ch.qos.logback.classic.LoggerContext[default] - Resource [logback.xml] occurs multiple times on the classpath.
15:13:15,386 |-WARN in ch.qos.logback.classic.LoggerContext[default] - Resource [logback.xml] occurs at [jar:file:/root/flamestream/lib/flamestream-runtime-1.0-SNAPSHOT.jar!/logback.xml]
15:13:15,386 |-WARN in ch.qos.logback.classic.LoggerContext[default] - Resource [logback.xml] occurs at [jar:file:/root/flamestream/flamestream-runtime-1.0-SNAPSHOT.jar!/logback.xml]
15:13:15,406 |-INFO in ch.qos.logback.core.joran.spi.ConfigurationWatchList@3fb6a447 - URL [jar:file:/root/flamestream/lib/flamestream-runtime-1.0-SNAPSHOT.jar!/logback.xml] is not of type file
15:13:15,477 |-INFO in ch.qos.logback.classic.joran.action.ConfigurationAction - debug attribute not set
15:13:15,477 |-INFO in ch.qos.logback.core.joran.action.AppenderAction - About to instantiate appender of type [ch.qos.logback.core.ConsoleAppender]
15:13:15,497 |-INFO in ch.qos.logback.core.joran.action.AppenderAction - Naming appender as [STDOUT]
15:13:15,515 |-INFO in ch.qos.logback.core.joran.action.NestedComplexPropertyIA - Assuming default type [ch.qos.logback.classic.encoder.PatternLayoutEncoder] for [encoder] property
15:13:15,595 |-INFO in ch.qos.logback.core.joran.action.AppenderAction - About to instantiate appender of type [ch.qos.logback.core.rolling.RollingFileAppender]
15:13:15,600 |-INFO in ch.qos.logback.core.joran.action.AppenderAction - Naming appender as [FILE]
15:13:15,630 |-INFO in c.q.l.core.rolling.TimeBasedRollingPolicy@127618319 - No compression will be used
15:13:15,631 |-INFO in c.q.l.core.rolling.TimeBasedRollingPolicy@127618319 - Will use the pattern /tmp/application_%d{yyyy-MM-dd}.%i.log for the active file
15:13:15,634 |-INFO in ch.qos.logback.core.rolling.SizeAndTimeBasedFNATP@6b2fad11 - The date pattern is 'yyyy-MM-dd' from file name pattern '/tmp/application_%d{yyyy-MM-dd}.%i.log'.
15:13:15,634 |-INFO in ch.qos.logback.core.rolling.SizeAndTimeBasedFNATP@6b2fad11 - Roll-over at midnight.
15:13:15,639 |-INFO in ch.qos.logback.core.rolling.SizeAndTimeBasedFNATP@6b2fad11 - Setting initial period to Mon Jun 10 15:11:47 UTC 2019
15:13:15,640 |-WARN in ch.qos.logback.core.rolling.SizeAndTimeBasedFNATP@6b2fad11 - SizeAndTimeBasedFNATP is deprecated. Use SizeAndTimeBasedRollingPolicy instead
15:13:15,640 |-WARN in ch.qos.logback.core.rolling.SizeAndTimeBasedFNATP@6b2fad11 - For more information see http://logback.qos.ch/manual/appenders.html#SizeAndTimeBasedRollingPolicy
15:13:15,643 |-INFO in ch.qos.logback.core.joran.action.NestedComplexPropertyIA - Assuming default type [ch.qos.logback.classic.encoder.PatternLayoutEncoder] for [encoder] property
15:13:15,648 |-INFO in ch.qos.logback.core.rolling.RollingFileAppender[FILE] - Active log file name: /tmp/application.log
15:13:15,648 |-INFO in ch.qos.logback.core.rolling.RollingFileAppender[FILE] - File property is set to [/tmp/application.log]
15:13:15,649 |-INFO in ch.qos.logback.classic.joran.action.RootLoggerAction - Setting level of ROOT logger to WARN
15:13:15,649 |-INFO in ch.qos.logback.core.joran.action.AppenderRefAction - Attaching appender named [STDOUT] to Logger[ROOT]
15:13:15,651 |-INFO in ch.qos.logback.core.joran.action.AppenderRefAction - Attaching appender named [FILE] to Logger[ROOT]
15:13:15,651 |-INFO in ch.qos.logback.classic.joran.action.ConfigurationAction - End of configuration.
15:13:15,652 |-INFO in ch.qos.logback.classic.joran.JoranConfigurator@79698539 - Registering current configuration as safe fallback point

Ama winner
Ama winner
2019-06-10T15:13:16.945+0000: 1.748: [Full GC (Metadata GC Threshold) 2019-06-10T15:13:16.946+0000: 1.748: [Tenured: 0K->15177K(341376K), 0.0395519 secs] 114923K->15177K(494976K), [Metaspace: 20731K->20731K(1067008K)], 0.0396191 secs] [Times: user=0.03 sys=0.00, real=0.04 secs] 
15:13:35.329 [Curator-PathChildrenCache-1] WARN  o.a.c.u.ZKPaths  - The version of ZooKeeper being used doesn't support Container nodes. CreateMode.PERSISTENT will be used instead.
2019-06-10T15:13:37.582+0000: 22.384: [GC (Allocation Failure) 2019-06-10T15:13:37.582+0000: 22.384: [DefNew: 136576K->17023K(153600K), 0.0263870 secs] 151753K->52720K(494976K), 0.0264872 secs] [Times: user=0.01 sys=0.01, real=0.02 secs] 
2019-06-10T15:13:38.371+0000: 23.174: [Full GC (Metadata GC Threshold) 2019-06-10T15:13:38.371+0000: 23.174: [Tenured: 35696K->44367K(341376K), 0.0436484 secs] 71838K->44367K(494976K), [Metaspace: 34563K->34563K(1079296K)], 0.0437279 secs] [Times: user=0.04 sys=0.01, real=0.04 secs] 
2019-06-10T15:13:44.383+0000: 29.186: [GC (Allocation Failure) 2019-06-10T15:13:44.383+0000: 29.186: [DefNew: 136576K->99K(153600K), 0.0019615 secs] 180943K->44467K(494976K), 0.0020209 secs] [Times: user=0.00 sys=0.00, real=0.00 secs] 
2019-06-10T15:13:50.249+0000: 35.052: [GC (Allocation Failure) 2019-06-10T15:13:50.250+0000: 35.052: [DefNew: 136675K->111K(153600K), 0.0018385 secs] 181043K->44478K(494976K), 0.0018955 secs] [Times: user=0.00 sys=0.00, real=0.00 secs] 
2019-06-10T15:13:56.061+0000: 40.864: [GC (Allocation Failure) 2019-06-10T15:13:56.061+0000: 40.864: [DefNew: 136687K->105K(153600K), 0.0018169 secs] 181054K->44472K(494976K), 0.0018749 secs] [Times: user=0.00 sys=0.00, real=0.00 secs] 
2019-06-10T15:14:01.877+0000: 46.680: [GC (Allocation Failure) 2019-06-10T15:14:01.877+0000: 46.680: [DefNew: 136681K->109K(153600K), 0.0019735 secs] 181048K->44476K(494976K), 0.0020372 secs] [Times: user=0.00 sys=0.00, real=0.00 secs] 
2019-06-10T15:14:07.900+0000: 52.702: [GC (Allocation Failure) 2019-06-10T15:14:07.900+0000: 52.702: [DefNew: 136685K->105K(153600K), 0.0019182 secs] 181052K->44473K(494976K), 0.0019783 secs] [Times: user=0.00 sys=0.00, real=0.00 secs] 
15:14:16.418 [Curator-PathChildrenCache-0] ERROR o.a.c.f.r.c.PathChildrenCache  - 
java.lang.IllegalStateException: instance must be started before calling this method
	at org.apache.curator.shaded.com.google.common.base.Preconditions.checkState(Preconditions.java:444)
	at org.apache.curator.framework.imps.CuratorFrameworkImpl.getChildren(CuratorFrameworkImpl.java:456)
	at org.apache.curator.framework.recipes.cache.PathChildrenCache.refresh(PathChildrenCache.java:521)
	at org.apache.curator.framework.recipes.cache.RefreshOperation.invoke(RefreshOperation.java:35)
	at org.apache.curator.framework.recipes.cache.PathChildrenCache$9.run(PathChildrenCache.java:786)
	at java.util.concurrent.Executors$RunnableAdapter.call(Executors.java:511)
	at java.util.concurrent.FutureTask.run(FutureTask.java:266)
	at java.util.concurrent.Executors$RunnableAdapter.call(Executors.java:511)
	at java.util.concurrent.FutureTask.run(FutureTask.java:266)
	at java.util.concurrent.ThreadPoolExecutor.runWorker(ThreadPoolExecutor.java:1149)
	at java.util.concurrent.ThreadPoolExecutor$Worker.run(ThreadPoolExecutor.java:624)
	at java.lang.Thread.run(Thread.java:748)
Heap
 def new generation   total 153600K, used 106724K [0x00000000e0c00000, 0x00000000eb2a0000, 0x00000000eb2a0000)
  eden space 136576K,  78% used [0x00000000e0c00000, 0x00000000e741e9e8, 0x00000000e9160000)
  from space 17024K,   0% used [0x00000000e9160000, 0x00000000e917a710, 0x00000000ea200000)
  to   space 17024K,   0% used [0x00000000ea200000, 0x00000000ea200000, 0x00000000eb2a0000)
 tenured generation   total 341376K, used 44367K [0x00000000eb2a0000, 0x0000000100000000, 0x0000000100000000)
   the space 341376K,  12% used [0x00000000eb2a0000, 0x00000000eddf3fb8, 0x00000000eddf4000, 0x0000000100000000)
 Metaspace       used 35828K, capacity 36710K, committed 36864K, reserved 1081344K
  class space    used 4817K, capacity 5017K, committed 5120K, reserved 1048576K
