06:59:40,231 |-INFO in ch.qos.logback.classic.LoggerContext[default] - Could NOT find resource [logback-test.xml]
06:59:40,231 |-INFO in ch.qos.logback.classic.LoggerContext[default] - Could NOT find resource [logback.groovy]
06:59:40,231 |-INFO in ch.qos.logback.classic.LoggerContext[default] - Found resource [logback.xml] at [jar:file:/home/nikitasokolov/flamestream/lib/flamestream-runtime-1.0-SNAPSHOT.jar!/logback.xml]
06:59:40,231 |-WARN in ch.qos.logback.classic.LoggerContext[default] - Resource [logback.xml] occurs multiple times on the classpath.
06:59:40,232 |-WARN in ch.qos.logback.classic.LoggerContext[default] - Resource [logback.xml] occurs at [jar:file:/home/nikitasokolov/flamestream/lib/flamestream-runtime-1.0-SNAPSHOT.jar!/logback.xml]
06:59:40,232 |-WARN in ch.qos.logback.classic.LoggerContext[default] - Resource [logback.xml] occurs at [jar:file:/home/nikitasokolov/flamestream/flamestream-runtime-1.0-SNAPSHOT.jar!/logback.xml]
06:59:40,247 |-INFO in ch.qos.logback.core.joran.spi.ConfigurationWatchList@6108b2d7 - URL [jar:file:/home/nikitasokolov/flamestream/lib/flamestream-runtime-1.0-SNAPSHOT.jar!/logback.xml] is not of type file
06:59:40,300 |-INFO in ch.qos.logback.classic.joran.action.ConfigurationAction - debug attribute not set
06:59:40,301 |-INFO in ch.qos.logback.core.joran.action.AppenderAction - About to instantiate appender of type [ch.qos.logback.core.ConsoleAppender]
06:59:40,312 |-INFO in ch.qos.logback.core.joran.action.AppenderAction - Naming appender as [STDOUT]
06:59:40,321 |-INFO in ch.qos.logback.core.joran.action.NestedComplexPropertyIA - Assuming default type [ch.qos.logback.classic.encoder.PatternLayoutEncoder] for [encoder] property
06:59:40,380 |-INFO in ch.qos.logback.core.joran.action.AppenderAction - About to instantiate appender of type [ch.qos.logback.core.rolling.RollingFileAppender]
06:59:40,385 |-INFO in ch.qos.logback.core.joran.action.AppenderAction - Naming appender as [FILE]
06:59:40,407 |-INFO in c.q.l.core.rolling.TimeBasedRollingPolicy@357863579 - No compression will be used
06:59:40,408 |-INFO in c.q.l.core.rolling.TimeBasedRollingPolicy@357863579 - Will use the pattern /tmp/application_%d{yyyy-MM-dd}.%i.log for the active file
06:59:40,411 |-INFO in ch.qos.logback.core.rolling.SizeAndTimeBasedFNATP@6bf256fa - The date pattern is 'yyyy-MM-dd' from file name pattern '/tmp/application_%d{yyyy-MM-dd}.%i.log'.
06:59:40,411 |-INFO in ch.qos.logback.core.rolling.SizeAndTimeBasedFNATP@6bf256fa - Roll-over at midnight.
06:59:40,415 |-INFO in ch.qos.logback.core.rolling.SizeAndTimeBasedFNATP@6bf256fa - Setting initial period to Sun Jun 09 06:58:57 MSK 2019
06:59:40,415 |-WARN in ch.qos.logback.core.rolling.SizeAndTimeBasedFNATP@6bf256fa - SizeAndTimeBasedFNATP is deprecated. Use SizeAndTimeBasedRollingPolicy instead
06:59:40,415 |-WARN in ch.qos.logback.core.rolling.SizeAndTimeBasedFNATP@6bf256fa - For more information see http://logback.qos.ch/manual/appenders.html#SizeAndTimeBasedRollingPolicy
06:59:40,420 |-INFO in ch.qos.logback.core.joran.action.NestedComplexPropertyIA - Assuming default type [ch.qos.logback.classic.encoder.PatternLayoutEncoder] for [encoder] property
06:59:40,422 |-INFO in ch.qos.logback.core.rolling.RollingFileAppender[FILE] - Active log file name: /tmp/application.log
06:59:40,422 |-INFO in ch.qos.logback.core.rolling.RollingFileAppender[FILE] - File property is set to [/tmp/application.log]
06:59:40,423 |-INFO in ch.qos.logback.classic.joran.action.RootLoggerAction - Setting level of ROOT logger to WARN
06:59:40,423 |-INFO in ch.qos.logback.core.joran.action.AppenderRefAction - Attaching appender named [STDOUT] to Logger[ROOT]
06:59:40,424 |-INFO in ch.qos.logback.core.joran.action.AppenderRefAction - Attaching appender named [FILE] to Logger[ROOT]
06:59:40,424 |-INFO in ch.qos.logback.classic.joran.action.ConfigurationAction - End of configuration.
06:59:40,424 |-INFO in ch.qos.logback.classic.joran.JoranConfigurator@6cd8737 - Registering current configuration as safe fallback point

2019-06-09T06:59:41.401+0300: 1.371: [GC (Metadata GC Threshold) [PSYoungGen: 108151K->15684K(149504K)] 108151K->15764K(491008K), 0.0197230 secs] [Times: user=0.05 sys=0.04, real=0.02 secs] 
2019-06-09T06:59:41.420+0300: 1.391: [Full GC (Metadata GC Threshold) [PSYoungGen: 15684K->0K(149504K)] [ParOldGen: 80K->14981K(341504K)] 15764K->14981K(491008K), [Metaspace: 20806K->20806K(1067008K)], 0.0267337 secs] [Times: user=0.16 sys=0.01, real=0.02 secs] 
06:59:48.656 [Curator-PathChildrenCache-2] WARN  o.a.c.u.ZKPaths  - The version of ZooKeeper being used doesn't support Container nodes. CreateMode.PERSISTENT will be used instead.
2019-06-09T06:59:49.415+0300: 9.385: [GC (Metadata GC Threshold) [PSYoungGen: 125677K->16832K(149504K)] 140659K->51353K(491008K), 0.0362545 secs] [Times: user=0.30 sys=0.02, real=0.04 secs] 
2019-06-09T06:59:49.451+0300: 9.422: [Full GC (Metadata GC Threshold) [PSYoungGen: 16832K->0K(149504K)] [ParOldGen: 34521K->39789K(341504K)] 51353K->39789K(491008K), [Metaspace: 34489K->34489K(1079296K)], 0.0364782 secs] [Times: user=0.20 sys=0.01, real=0.03 secs] 
2019-06-09T06:59:51.859+0300: 11.830: [GC (Allocation Failure) [PSYoungGen: 128512K->512K(149504K)] 168301K->40309K(491008K), 0.0031523 secs] [Times: user=0.01 sys=0.00, real=0.00 secs] 
2019-06-09T06:59:54.654+0300: 14.625: [GC (Allocation Failure) [PSYoungGen: 129024K->448K(149504K)] 168821K->40253K(491008K), 0.0052104 secs] [Times: user=0.03 sys=0.00, real=0.01 secs] 
2019-06-09T06:59:57.507+0300: 17.477: [GC (Allocation Failure) [PSYoungGen: 128960K->512K(129024K)] 168765K->40325K(470528K), 0.0038937 secs] [Times: user=0.01 sys=0.01, real=0.01 secs] 
2019-06-09T07:00:00.351+0300: 20.322: [GC (Allocation Failure) [PSYoungGen: 129024K->448K(148992K)] 168837K->40269K(490496K), 0.0043333 secs] [Times: user=0.03 sys=0.00, real=0.00 secs] 
2019-06-09T07:00:03.170+0300: 23.141: [GC (Allocation Failure) [PSYoungGen: 127424K->544K(148480K)] 167245K->40373K(489984K), 0.0032568 secs] [Times: user=0.01 sys=0.00, real=0.00 secs] 
2019-06-09T07:00:05.981+0300: 25.952: [GC (Allocation Failure) [PSYoungGen: 127520K->704K(151040K)] 167349K->40541K(492544K), 0.0524868 secs] [Times: user=0.02 sys=0.00, real=0.05 secs] 
2019-06-09T07:00:08.891+0300: 28.861: [GC (Allocation Failure) [PSYoungGen: 131264K->768K(150016K)] 171101K->40613K(491520K), 0.0032014 secs] [Times: user=0.01 sys=0.00, real=0.00 secs] 
2019-06-09T07:00:11.796+0300: 31.766: [GC (Allocation Failure) [PSYoungGen: 131328K->704K(152576K)] 171173K->40557K(494080K), 0.0037009 secs] [Times: user=0.01 sys=0.00, real=0.01 secs] 
2019-06-09T07:00:14.799+0300: 34.770: [GC (Allocation Failure) [PSYoungGen: 134848K->736K(152064K)] 174701K->40597K(493568K), 0.0026272 secs] [Times: user=0.01 sys=0.01, real=0.00 secs] 
2019-06-09T07:00:17.816+0300: 37.787: [GC (Allocation Failure) [PSYoungGen: 134880K->800K(154624K)] 174741K->40669K(496128K), 0.0025785 secs] [Times: user=0.02 sys=0.01, real=0.01 secs] 
2019-06-09T07:00:20.896+0300: 40.867: [GC (Allocation Failure) [PSYoungGen: 138528K->800K(153600K)] 178397K->40669K(495104K), 0.0033755 secs] [Times: user=0.01 sys=0.00, real=0.01 secs] 
2019-06-09T07:00:23.966+0300: 43.937: [GC (Allocation Failure) [PSYoungGen: 138528K->768K(156160K)] 178397K->40645K(497664K), 0.0031316 secs] [Times: user=0.01 sys=0.00, real=0.00 secs] 
2019-06-09T07:00:27.117+0300: 47.088: [GC (Allocation Failure) [PSYoungGen: 141568K->736K(155136K)] 181445K->40613K(496640K), 0.0034645 secs] [Times: user=0.01 sys=0.01, real=0.01 secs] 
07:00:34.894 [Curator-PathChildrenCache-0] ERROR o.a.c.f.r.c.PathChildrenCache  - 
java.lang.IllegalStateException: instance must be started before calling this method
	at org.apache.curator.shaded.com.google.common.base.Preconditions.checkState(Preconditions.java:444)
	at org.apache.curator.framework.imps.CuratorFrameworkImpl.getChildren(CuratorFrameworkImpl.java:456)
	at org.apache.curator.framework.recipes.cache.PathChildrenCache.refresh(PathChildrenCache.java:521)
	at org.apache.curator.framework.recipes.cache.RefreshOperation.invoke(RefreshOperation.java:35)
	at org.apache.curator.framework.recipes.cache.PathChildrenCache$9.run(PathChildrenCache.java:786)
	at java.util.concurrent.Executors$RunnableAdapter.call(Executors.java:511)
	at java.util.concurrent.FutureTask.run(FutureTask.java:266)
	at java.util.concurrent.Executors$RunnableAdapter.call(Executors.java:511)
	at java.util.concurrent.FutureTask.run(FutureTask.java:266)
	at java.util.concurrent.ThreadPoolExecutor.runWorker(ThreadPoolExecutor.java:1149)
	at java.util.concurrent.ThreadPoolExecutor$Worker.run(ThreadPoolExecutor.java:624)
	at java.lang.Thread.run(Thread.java:748)
Heap
 PSYoungGen      total 155136K, used 128904K [0x00000000f5980000, 0x0000000100000000, 0x0000000100000000)
  eden space 140800K, 91% used [0x00000000f5980000,0x00000000fd6aa0f0,0x00000000fe300000)
  from space 14336K, 5% used [0x00000000fe300000,0x00000000fe3b8070,0x00000000ff100000)
  to   space 13312K, 0% used [0x00000000ff300000,0x00000000ff300000,0x0000000100000000)
 ParOldGen       total 341504K, used 39877K [0x00000000e0c00000, 0x00000000f5980000, 0x00000000f5980000)
  object space 341504K, 11% used [0x00000000e0c00000,0x00000000e32f1520,0x00000000f5980000)
 Metaspace       used 35968K, capacity 36914K, committed 37208K, reserved 1081344K
  class space    used 4972K, capacity 5187K, committed 5248K, reserved 1048576K
