01:33:12,780 |-INFO in ch.qos.logback.classic.LoggerContext[default] - Could NOT find resource [logback-test.xml]
01:33:12,780 |-INFO in ch.qos.logback.classic.LoggerContext[default] - Could NOT find resource [logback.groovy]
01:33:12,780 |-INFO in ch.qos.logback.classic.LoggerContext[default] - Found resource [logback.xml] at [jar:file:/home/nikitasokolov/flamestream/lib/flamestream-runtime-1.0-SNAPSHOT.jar!/logback.xml]
01:33:12,781 |-WARN in ch.qos.logback.classic.LoggerContext[default] - Resource [logback.xml] occurs multiple times on the classpath.
01:33:12,781 |-WARN in ch.qos.logback.classic.LoggerContext[default] - Resource [logback.xml] occurs at [jar:file:/home/nikitasokolov/flamestream/lib/flamestream-runtime-1.0-SNAPSHOT.jar!/logback.xml]
01:33:12,781 |-WARN in ch.qos.logback.classic.LoggerContext[default] - Resource [logback.xml] occurs at [jar:file:/home/nikitasokolov/flamestream/flamestream-runtime-1.0-SNAPSHOT.jar!/logback.xml]
01:33:12,797 |-INFO in ch.qos.logback.core.joran.spi.ConfigurationWatchList@6108b2d7 - URL [jar:file:/home/nikitasokolov/flamestream/lib/flamestream-runtime-1.0-SNAPSHOT.jar!/logback.xml] is not of type file
01:33:12,848 |-INFO in ch.qos.logback.classic.joran.action.ConfigurationAction - debug attribute not set
01:33:12,849 |-INFO in ch.qos.logback.core.joran.action.AppenderAction - About to instantiate appender of type [ch.qos.logback.core.ConsoleAppender]
01:33:12,857 |-INFO in ch.qos.logback.core.joran.action.AppenderAction - Naming appender as [STDOUT]
01:33:12,865 |-INFO in ch.qos.logback.core.joran.action.NestedComplexPropertyIA - Assuming default type [ch.qos.logback.classic.encoder.PatternLayoutEncoder] for [encoder] property
01:33:12,921 |-INFO in ch.qos.logback.core.joran.action.AppenderAction - About to instantiate appender of type [ch.qos.logback.core.rolling.RollingFileAppender]
01:33:12,926 |-INFO in ch.qos.logback.core.joran.action.AppenderAction - Naming appender as [FILE]
01:33:12,948 |-INFO in c.q.l.core.rolling.TimeBasedRollingPolicy@357863579 - No compression will be used
01:33:12,950 |-INFO in c.q.l.core.rolling.TimeBasedRollingPolicy@357863579 - Will use the pattern /tmp/application_%d{yyyy-MM-dd}.%i.log for the active file
01:33:12,952 |-INFO in ch.qos.logback.core.rolling.SizeAndTimeBasedFNATP@6bf256fa - The date pattern is 'yyyy-MM-dd' from file name pattern '/tmp/application_%d{yyyy-MM-dd}.%i.log'.
01:33:12,952 |-INFO in ch.qos.logback.core.rolling.SizeAndTimeBasedFNATP@6bf256fa - Roll-over at midnight.
01:33:12,956 |-INFO in ch.qos.logback.core.rolling.SizeAndTimeBasedFNATP@6bf256fa - Setting initial period to Sun Jun 09 01:32:25 MSK 2019
01:33:12,956 |-WARN in ch.qos.logback.core.rolling.SizeAndTimeBasedFNATP@6bf256fa - SizeAndTimeBasedFNATP is deprecated. Use SizeAndTimeBasedRollingPolicy instead
01:33:12,956 |-WARN in ch.qos.logback.core.rolling.SizeAndTimeBasedFNATP@6bf256fa - For more information see http://logback.qos.ch/manual/appenders.html#SizeAndTimeBasedRollingPolicy
01:33:12,961 |-INFO in ch.qos.logback.core.joran.action.NestedComplexPropertyIA - Assuming default type [ch.qos.logback.classic.encoder.PatternLayoutEncoder] for [encoder] property
01:33:12,963 |-INFO in ch.qos.logback.core.rolling.RollingFileAppender[FILE] - Active log file name: /tmp/application.log
01:33:12,963 |-INFO in ch.qos.logback.core.rolling.RollingFileAppender[FILE] - File property is set to [/tmp/application.log]
01:33:12,964 |-INFO in ch.qos.logback.classic.joran.action.RootLoggerAction - Setting level of ROOT logger to WARN
01:33:12,964 |-INFO in ch.qos.logback.core.joran.action.AppenderRefAction - Attaching appender named [STDOUT] to Logger[ROOT]
01:33:12,965 |-INFO in ch.qos.logback.core.joran.action.AppenderRefAction - Attaching appender named [FILE] to Logger[ROOT]
01:33:12,965 |-INFO in ch.qos.logback.classic.joran.action.ConfigurationAction - End of configuration.
01:33:12,965 |-INFO in ch.qos.logback.classic.joran.JoranConfigurator@6cd8737 - Registering current configuration as safe fallback point

2019-06-09T01:33:13.953+0300: 1.375: [GC (Metadata GC Threshold) [PSYoungGen: 108151K->16069K(149504K)] 108151K->16077K(491008K), 0.0188915 secs] [Times: user=0.06 sys=0.01, real=0.02 secs] 
2019-06-09T01:33:13.972+0300: 1.394: [Full GC (Metadata GC Threshold) [PSYoungGen: 16069K->0K(149504K)] [ParOldGen: 8K->15078K(341504K)] 16077K->15078K(491008K), [Metaspace: 20800K->20800K(1067008K)], 0.0263018 secs] [Times: user=0.11 sys=0.02, real=0.03 secs] 
01:33:21.395 [Curator-PathChildrenCache-1] WARN  o.a.c.u.ZKPaths  - The version of ZooKeeper being used doesn't support Container nodes. CreateMode.PERSISTENT will be used instead.
2019-06-09T01:33:22.320+0300: 9.742: [GC (Metadata GC Threshold) [PSYoungGen: 127399K->15969K(149504K)] 142478K->50586K(491008K), 0.0323023 secs] [Times: user=0.28 sys=0.02, real=0.03 secs] 
2019-06-09T01:33:22.352+0300: 9.774: [Full GC (Metadata GC Threshold) [PSYoungGen: 15969K->0K(149504K)] [ParOldGen: 34617K->38972K(341504K)] 50586K->38972K(491008K), [Metaspace: 34574K->34574K(1079296K)], 0.0377925 secs] [Times: user=0.23 sys=0.00, real=0.04 secs] 
2019-06-09T01:33:24.552+0300: 11.974: [GC (Allocation Failure) [PSYoungGen: 128512K->544K(149504K)] 167484K->39524K(491008K), 0.0034688 secs] [Times: user=0.02 sys=0.00, real=0.00 secs] 
2019-06-09T01:33:26.715+0300: 14.137: [GC (Allocation Failure) [PSYoungGen: 129056K->608K(149504K)] 168036K->39596K(491008K), 0.0036024 secs] [Times: user=0.02 sys=0.01, real=0.01 secs] 
2019-06-09T01:33:28.796+0300: 16.218: [GC (Allocation Failure) [PSYoungGen: 129120K->640K(129536K)] 168108K->39628K(471040K), 0.0042333 secs] [Times: user=0.04 sys=0.00, real=0.01 secs] 
2019-06-09T01:33:30.411+0300: 17.833: [GC (Allocation Failure) [PSYoungGen: 129152K->640K(149504K)] 168140K->39628K(491008K), 0.0026893 secs] [Times: user=0.01 sys=0.00, real=0.00 secs] 
2019-06-09T01:33:32.265+0300: 19.687: [GC (Allocation Failure) [PSYoungGen: 128640K->704K(148992K)] 167628K->39692K(490496K), 0.0032693 secs] [Times: user=0.01 sys=0.01, real=0.00 secs] 
2019-06-09T01:33:33.824+0300: 21.246: [GC (Allocation Failure) [PSYoungGen: 128704K->704K(151552K)] 167692K->39692K(493056K), 0.0028245 secs] [Times: user=0.01 sys=0.00, real=0.00 secs] 
2019-06-09T01:33:35.588+0300: 23.010: [GC (Allocation Failure) [PSYoungGen: 132288K->800K(150528K)] 171276K->39796K(492032K), 0.0046678 secs] [Times: user=0.04 sys=0.00, real=0.01 secs] 
2019-06-09T01:33:36.874+0300: 24.296: [GC (Allocation Failure) [PSYoungGen: 132384K->704K(153088K)] 171380K->39700K(494592K), 0.0023113 secs] [Times: user=0.01 sys=0.00, real=0.00 secs] 
2019-06-09T01:33:38.591+0300: 26.014: [GC (Allocation Failure) [PSYoungGen: 135872K->640K(152576K)] 174868K->39644K(494080K), 0.0034382 secs] [Times: user=0.01 sys=0.00, real=0.00 secs] 
2019-06-09T01:33:40.301+0300: 27.723: [GC (Allocation Failure) [PSYoungGen: 135808K->928K(154624K)] 174812K->39932K(496128K), 0.0034803 secs] [Times: user=0.01 sys=0.01, real=0.00 secs] 
2019-06-09T01:33:42.218+0300: 29.640: [GC (Allocation Failure) [PSYoungGen: 139168K->928K(154112K)] 178172K->39932K(495616K), 0.0049810 secs] [Times: user=0.03 sys=0.00, real=0.00 secs] 
2019-06-09T01:33:43.728+0300: 31.150: [GC (Allocation Failure) [PSYoungGen: 139168K->800K(156672K)] 178172K->39812K(498176K), 0.0515197 secs] [Times: user=0.06 sys=0.00, real=0.06 secs] 
2019-06-09T01:33:45.312+0300: 32.734: [GC (Allocation Failure) [PSYoungGen: 142624K->1024K(155648K)] 181636K->40036K(497152K), 0.0030654 secs] [Times: user=0.01 sys=0.00, real=0.00 secs] 
2019-06-09T01:33:46.902+0300: 34.324: [GC (Allocation Failure) [PSYoungGen: 142848K->896K(158208K)] 181860K->39908K(499712K), 0.0033227 secs] [Times: user=0.01 sys=0.01, real=0.00 secs] 
2019-06-09T01:33:49.044+0300: 36.466: [GC (Allocation Failure) [PSYoungGen: 145792K->928K(157184K)] 184804K->39940K(498688K), 0.0783109 secs] [Times: user=0.02 sys=0.00, real=0.08 secs] 
2019-06-09T01:33:51.583+0300: 39.005: [GC (Allocation Failure) [PSYoungGen: 145824K->672K(159232K)] 184836K->39948K(500736K), 0.0030064 secs] [Times: user=0.01 sys=0.00, real=0.00 secs] 
01:34:00.025 [Curator-PathChildrenCache-0] ERROR o.a.c.f.r.c.PathChildrenCache  - 
java.lang.IllegalStateException: instance must be started before calling this method
	at org.apache.curator.shaded.com.google.common.base.Preconditions.checkState(Preconditions.java:444)
	at org.apache.curator.framework.imps.CuratorFrameworkImpl.getChildren(CuratorFrameworkImpl.java:456)
	at org.apache.curator.framework.recipes.cache.PathChildrenCache.refresh(PathChildrenCache.java:521)
	at org.apache.curator.framework.recipes.cache.RefreshOperation.invoke(RefreshOperation.java:35)
	at org.apache.curator.framework.recipes.cache.PathChildrenCache$9.run(PathChildrenCache.java:786)
	at java.util.concurrent.Executors$RunnableAdapter.call(Executors.java:511)
	at java.util.concurrent.FutureTask.run(FutureTask.java:266)
	at java.util.concurrent.Executors$RunnableAdapter.call(Executors.java:511)
	at java.util.concurrent.FutureTask.run(FutureTask.java:266)
	at java.util.concurrent.ThreadPoolExecutor.runWorker(ThreadPoolExecutor.java:1149)
	at java.util.concurrent.ThreadPoolExecutor$Worker.run(ThreadPoolExecutor.java:624)
	at java.lang.Thread.run(Thread.java:748)
Heap
 PSYoungGen      total 159232K, used 86492K [0x00000000f5980000, 0x0000000100000000, 0x0000000100000000)
  eden space 147456K, 58% used [0x00000000f5980000,0x00000000fad4f370,0x00000000fe980000)
  from space 11776K, 5% used [0x00000000ff480000,0x00000000ff528080,0x0000000100000000)
  to   space 11264K, 0% used [0x00000000fe980000,0x00000000fe980000,0x00000000ff480000)
 ParOldGen       total 341504K, used 39276K [0x00000000e0c00000, 0x00000000f5980000, 0x00000000f5980000)
  object space 341504K, 11% used [0x00000000e0c00000,0x00000000e325b170,0x00000000f5980000)
 Metaspace       used 35801K, capacity 36686K, committed 36952K, reserved 1081344K
  class space    used 4936K, capacity 5129K, committed 5248K, reserved 1048576K
