11:05:36,171 |-INFO in ch.qos.logback.classic.LoggerContext[default] - Could NOT find resource [logback-test.xml]
11:05:36,171 |-INFO in ch.qos.logback.classic.LoggerContext[default] - Could NOT find resource [logback.groovy]
11:05:36,171 |-INFO in ch.qos.logback.classic.LoggerContext[default] - Found resource [logback.xml] at [jar:file:/home/nikitasokolov/flamestream/lib/flamestream-runtime-1.0-SNAPSHOT.jar!/logback.xml]
11:05:36,172 |-WARN in ch.qos.logback.classic.LoggerContext[default] - Resource [logback.xml] occurs multiple times on the classpath.
11:05:36,172 |-WARN in ch.qos.logback.classic.LoggerContext[default] - Resource [logback.xml] occurs at [jar:file:/home/nikitasokolov/flamestream/lib/flamestream-runtime-1.0-SNAPSHOT.jar!/logback.xml]
11:05:36,172 |-WARN in ch.qos.logback.classic.LoggerContext[default] - Resource [logback.xml] occurs at [jar:file:/home/nikitasokolov/flamestream/flamestream-runtime-1.0-SNAPSHOT.jar!/logback.xml]
11:05:36,188 |-INFO in ch.qos.logback.core.joran.spi.ConfigurationWatchList@6108b2d7 - URL [jar:file:/home/nikitasokolov/flamestream/lib/flamestream-runtime-1.0-SNAPSHOT.jar!/logback.xml] is not of type file
11:05:36,241 |-INFO in ch.qos.logback.classic.joran.action.ConfigurationAction - debug attribute not set
11:05:36,242 |-INFO in ch.qos.logback.core.joran.action.AppenderAction - About to instantiate appender of type [ch.qos.logback.core.ConsoleAppender]
11:05:36,253 |-INFO in ch.qos.logback.core.joran.action.AppenderAction - Naming appender as [STDOUT]
11:05:36,262 |-INFO in ch.qos.logback.core.joran.action.NestedComplexPropertyIA - Assuming default type [ch.qos.logback.classic.encoder.PatternLayoutEncoder] for [encoder] property
11:05:36,322 |-INFO in ch.qos.logback.core.joran.action.AppenderAction - About to instantiate appender of type [ch.qos.logback.core.rolling.RollingFileAppender]
11:05:36,327 |-INFO in ch.qos.logback.core.joran.action.AppenderAction - Naming appender as [FILE]
11:05:36,349 |-INFO in c.q.l.core.rolling.TimeBasedRollingPolicy@357863579 - No compression will be used
11:05:36,350 |-INFO in c.q.l.core.rolling.TimeBasedRollingPolicy@357863579 - Will use the pattern /tmp/application_%d{yyyy-MM-dd}.%i.log for the active file
11:05:36,353 |-INFO in ch.qos.logback.core.rolling.SizeAndTimeBasedFNATP@6bf256fa - The date pattern is 'yyyy-MM-dd' from file name pattern '/tmp/application_%d{yyyy-MM-dd}.%i.log'.
11:05:36,353 |-INFO in ch.qos.logback.core.rolling.SizeAndTimeBasedFNATP@6bf256fa - Roll-over at midnight.
11:05:36,357 |-INFO in ch.qos.logback.core.rolling.SizeAndTimeBasedFNATP@6bf256fa - Setting initial period to Sun Jun 09 11:04:52 MSK 2019
11:05:36,357 |-WARN in ch.qos.logback.core.rolling.SizeAndTimeBasedFNATP@6bf256fa - SizeAndTimeBasedFNATP is deprecated. Use SizeAndTimeBasedRollingPolicy instead
11:05:36,357 |-WARN in ch.qos.logback.core.rolling.SizeAndTimeBasedFNATP@6bf256fa - For more information see http://logback.qos.ch/manual/appenders.html#SizeAndTimeBasedRollingPolicy
11:05:36,362 |-INFO in ch.qos.logback.core.joran.action.NestedComplexPropertyIA - Assuming default type [ch.qos.logback.classic.encoder.PatternLayoutEncoder] for [encoder] property
11:05:36,365 |-INFO in ch.qos.logback.core.rolling.RollingFileAppender[FILE] - Active log file name: /tmp/application.log
11:05:36,365 |-INFO in ch.qos.logback.core.rolling.RollingFileAppender[FILE] - File property is set to [/tmp/application.log]
11:05:36,366 |-INFO in ch.qos.logback.classic.joran.action.RootLoggerAction - Setting level of ROOT logger to WARN
11:05:36,366 |-INFO in ch.qos.logback.core.joran.action.AppenderRefAction - Attaching appender named [STDOUT] to Logger[ROOT]
11:05:36,367 |-INFO in ch.qos.logback.core.joran.action.AppenderRefAction - Attaching appender named [FILE] to Logger[ROOT]
11:05:36,367 |-INFO in ch.qos.logback.classic.joran.action.ConfigurationAction - End of configuration.
11:05:36,367 |-INFO in ch.qos.logback.classic.joran.JoranConfigurator@6cd8737 - Registering current configuration as safe fallback point

2019-06-09T11:05:37.347+0300: 1.369: [GC (Metadata GC Threshold) [PSYoungGen: 108152K->15907K(149504K)] 108152K->15987K(491008K), 0.0209358 secs] [Times: user=0.09 sys=0.03, real=0.02 secs] 
2019-06-09T11:05:37.368+0300: 1.390: [Full GC (Metadata GC Threshold) [PSYoungGen: 15907K->0K(149504K)] [ParOldGen: 80K->15086K(341504K)] 15987K->15086K(491008K), [Metaspace: 20802K->20802K(1067008K)], 0.0262818 secs] [Times: user=0.17 sys=0.00, real=0.03 secs] 
11:05:45.671 [Curator-PathChildrenCache-1] WARN  o.a.c.u.ZKPaths  - The version of ZooKeeper being used doesn't support Container nodes. CreateMode.PERSISTENT will be used instead.
2019-06-09T11:05:46.586+0300: 10.609: [GC (Metadata GC Threshold) [PSYoungGen: 123555K->15805K(149504K)] 138642K->50431K(491008K), 0.0302870 secs] [Times: user=0.23 sys=0.03, real=0.03 secs] 
2019-06-09T11:05:46.616+0300: 10.639: [Full GC (Metadata GC Threshold) [PSYoungGen: 15805K->0K(149504K)] [ParOldGen: 34625K->38942K(341504K)] 50431K->38942K(491008K), [Metaspace: 34546K->34546K(1079296K)], 0.0358671 secs] [Times: user=0.20 sys=0.01, real=0.04 secs] 
2019-06-09T11:05:52.683+0300: 16.706: [GC (Allocation Failure) [PSYoungGen: 128512K->416K(149504K)] 167454K->39366K(491008K), 0.0046402 secs] [Times: user=0.03 sys=0.00, real=0.00 secs] 
2019-06-09T11:05:59.773+0300: 23.796: [GC (Allocation Failure) [PSYoungGen: 128928K->480K(149504K)] 167878K->39438K(491008K), 0.0042389 secs] [Times: user=0.03 sys=0.00, real=0.01 secs] 
2019-06-09T11:06:06.874+0300: 30.897: [GC (Allocation Failure) [PSYoungGen: 128992K->384K(129024K)] 167950K->39342K(470528K), 0.0053223 secs] [Times: user=0.03 sys=0.00, real=0.01 secs] 
2019-06-09T11:06:14.098+0300: 38.121: [GC (Allocation Failure) [PSYoungGen: 128896K->384K(150016K)] 167854K->39342K(491520K), 0.0063215 secs] [Times: user=0.03 sys=0.00, real=0.00 secs] 
2019-06-09T11:06:21.355+0300: 45.378: [GC (Allocation Failure) [PSYoungGen: 128896K->384K(148992K)] 167854K->39350K(490496K), 0.0052066 secs] [Times: user=0.03 sys=0.00, real=0.01 secs] 
2019-06-09T11:06:28.582+0300: 52.605: [GC (Allocation Failure) [PSYoungGen: 128896K->512K(151552K)] 167862K->39478K(493056K), 0.0030971 secs] [Times: user=0.01 sys=0.00, real=0.00 secs] 
2019-06-09T11:06:35.997+0300: 60.020: [GC (Allocation Failure) [PSYoungGen: 132096K->416K(150528K)] 171062K->39390K(492032K), 0.0030079 secs] [Times: user=0.01 sys=0.01, real=0.01 secs] 
2019-06-09T11:06:44.846+0300: 68.869: [GC (Allocation Failure) [PSYoungGen: 132000K->887K(153600K)] 170974K->39869K(495104K), 0.0038455 secs] [Times: user=0.01 sys=0.00, real=0.01 secs] 
2019-06-09T11:06:54.616+0300: 78.639: [GC (Allocation Failure) [PSYoungGen: 136567K->576K(152576K)] 175549K->39566K(494080K), 0.0033422 secs] [Times: user=0.00 sys=0.01, real=0.01 secs] 
11:07:06.069 [Curator-PathChildrenCache-0] ERROR o.a.c.f.r.c.PathChildrenCache  - 
java.lang.IllegalStateException: instance must be started before calling this method
	at org.apache.curator.shaded.com.google.common.base.Preconditions.checkState(Preconditions.java:444)
	at org.apache.curator.framework.imps.CuratorFrameworkImpl.getChildren(CuratorFrameworkImpl.java:456)
	at org.apache.curator.framework.recipes.cache.PathChildrenCache.refresh(PathChildrenCache.java:521)
	at org.apache.curator.framework.recipes.cache.RefreshOperation.invoke(RefreshOperation.java:35)
	at org.apache.curator.framework.recipes.cache.PathChildrenCache$9.run(PathChildrenCache.java:786)
	at java.util.concurrent.Executors$RunnableAdapter.call(Executors.java:511)
	at java.util.concurrent.FutureTask.run(FutureTask.java:266)
	at java.util.concurrent.Executors$RunnableAdapter.call(Executors.java:511)
	at java.util.concurrent.FutureTask.run(FutureTask.java:266)
	at java.util.concurrent.ThreadPoolExecutor.runWorker(ThreadPoolExecutor.java:1149)
	at java.util.concurrent.ThreadPoolExecutor$Worker.run(ThreadPoolExecutor.java:624)
	at java.lang.Thread.run(Thread.java:748)
Heap
 PSYoungGen      total 152576K, used 69928K [0x00000000f5980000, 0x0000000100000000, 0x0000000100000000)
  eden space 135680K, 51% used [0x00000000f5980000,0x00000000f9d3a2a0,0x00000000fde00000)
  from space 16896K, 3% used [0x00000000fde00000,0x00000000fde90040,0x00000000fee80000)
  to   space 16384K, 0% used [0x00000000ff000000,0x00000000ff000000,0x0000000100000000)
 ParOldGen       total 341504K, used 38990K [0x00000000e0c00000, 0x00000000f5980000, 0x00000000f5980000)
  object space 341504K, 11% used [0x00000000e0c00000,0x00000000e3213908,0x00000000f5980000)
 Metaspace       used 36159K, capacity 37022K, committed 37208K, reserved 1081344K
  class space    used 4979K, capacity 5161K, committed 5248K, reserved 1048576K
