08:12:23,589 |-INFO in ch.qos.logback.classic.LoggerContext[default] - Could NOT find resource [logback-test.xml]
08:12:23,590 |-INFO in ch.qos.logback.classic.LoggerContext[default] - Could NOT find resource [logback.groovy]
08:12:23,590 |-INFO in ch.qos.logback.classic.LoggerContext[default] - Found resource [logback.xml] at [jar:file:/root/flamestream/lib/flamestream-runtime-1.0-SNAPSHOT.jar!/logback.xml]
08:12:23,591 |-WARN in ch.qos.logback.classic.LoggerContext[default] - Resource [logback.xml] occurs multiple times on the classpath.
08:12:23,591 |-WARN in ch.qos.logback.classic.LoggerContext[default] - Resource [logback.xml] occurs at [jar:file:/root/flamestream/lib/flamestream-runtime-1.0-SNAPSHOT.jar!/logback.xml]
08:12:23,591 |-WARN in ch.qos.logback.classic.LoggerContext[default] - Resource [logback.xml] occurs at [jar:file:/root/flamestream/flamestream-runtime-1.0-SNAPSHOT.jar!/logback.xml]
08:12:23,610 |-INFO in ch.qos.logback.core.joran.spi.ConfigurationWatchList@3fb6a447 - URL [jar:file:/root/flamestream/lib/flamestream-runtime-1.0-SNAPSHOT.jar!/logback.xml] is not of type file
08:12:23,676 |-INFO in ch.qos.logback.classic.joran.action.ConfigurationAction - debug attribute not set
08:12:23,677 |-INFO in ch.qos.logback.core.joran.action.AppenderAction - About to instantiate appender of type [ch.qos.logback.core.ConsoleAppender]
08:12:23,694 |-INFO in ch.qos.logback.core.joran.action.AppenderAction - Naming appender as [STDOUT]
08:12:23,713 |-INFO in ch.qos.logback.core.joran.action.NestedComplexPropertyIA - Assuming default type [ch.qos.logback.classic.encoder.PatternLayoutEncoder] for [encoder] property
08:12:23,796 |-INFO in ch.qos.logback.core.joran.action.AppenderAction - About to instantiate appender of type [ch.qos.logback.core.rolling.RollingFileAppender]
08:12:23,800 |-INFO in ch.qos.logback.core.joran.action.AppenderAction - Naming appender as [FILE]
08:12:23,830 |-INFO in c.q.l.core.rolling.TimeBasedRollingPolicy@127618319 - No compression will be used
08:12:23,831 |-INFO in c.q.l.core.rolling.TimeBasedRollingPolicy@127618319 - Will use the pattern /tmp/application_%d{yyyy-MM-dd}.%i.log for the active file
08:12:23,834 |-INFO in ch.qos.logback.core.rolling.SizeAndTimeBasedFNATP@6b2fad11 - The date pattern is 'yyyy-MM-dd' from file name pattern '/tmp/application_%d{yyyy-MM-dd}.%i.log'.
08:12:23,834 |-INFO in ch.qos.logback.core.rolling.SizeAndTimeBasedFNATP@6b2fad11 - Roll-over at midnight.
08:12:23,839 |-INFO in ch.qos.logback.core.rolling.SizeAndTimeBasedFNATP@6b2fad11 - Setting initial period to Tue Jun 11 08:11:01 UTC 2019
08:12:23,839 |-WARN in ch.qos.logback.core.rolling.SizeAndTimeBasedFNATP@6b2fad11 - SizeAndTimeBasedFNATP is deprecated. Use SizeAndTimeBasedRollingPolicy instead
08:12:23,839 |-WARN in ch.qos.logback.core.rolling.SizeAndTimeBasedFNATP@6b2fad11 - For more information see http://logback.qos.ch/manual/appenders.html#SizeAndTimeBasedRollingPolicy
08:12:23,843 |-INFO in ch.qos.logback.core.joran.action.NestedComplexPropertyIA - Assuming default type [ch.qos.logback.classic.encoder.PatternLayoutEncoder] for [encoder] property
08:12:23,848 |-INFO in ch.qos.logback.core.rolling.RollingFileAppender[FILE] - Active log file name: /tmp/application.log
08:12:23,848 |-INFO in ch.qos.logback.core.rolling.RollingFileAppender[FILE] - File property is set to [/tmp/application.log]
08:12:23,849 |-INFO in ch.qos.logback.classic.joran.action.RootLoggerAction - Setting level of ROOT logger to WARN
08:12:23,849 |-INFO in ch.qos.logback.core.joran.action.AppenderRefAction - Attaching appender named [STDOUT] to Logger[ROOT]
08:12:23,851 |-INFO in ch.qos.logback.core.joran.action.AppenderRefAction - Attaching appender named [FILE] to Logger[ROOT]
08:12:23,851 |-INFO in ch.qos.logback.classic.joran.action.ConfigurationAction - End of configuration.
08:12:23,851 |-INFO in ch.qos.logback.classic.joran.JoranConfigurator@79698539 - Registering current configuration as safe fallback point

Ama winner
Ama winner
2019-06-11T08:12:25.139+0000: 1.735: [Full GC (Metadata GC Threshold) 2019-06-11T08:12:25.139+0000: 1.735: [Tenured: 0K->15256K(341376K), 0.0406929 secs] 117750K->15256K(494976K), [Metaspace: 20730K->20730K(1067008K)], 0.0407683 secs] [Times: user=0.04 sys=0.00, real=0.04 secs] 
08:12:47.874 [Curator-PathChildrenCache-2] WARN  o.a.c.u.ZKPaths  - The version of ZooKeeper being used doesn't support Container nodes. CreateMode.PERSISTENT will be used instead.
2019-06-11T08:12:50.212+0000: 26.808: [GC (Allocation Failure) 2019-06-11T08:12:50.212+0000: 26.808: [DefNew: 121399K->17023K(153600K), 0.0181560 secs] 136656K->33271K(494976K), 0.0182227 secs] [Times: user=0.02 sys=0.01, real=0.01 secs] 
2019-06-11T08:12:50.488+0000: 27.084: [Full GC (Metadata GC Threshold) 2019-06-11T08:12:50.488+0000: 27.084: [Tenured: 16247K->44421K(341376K), 0.0425854 secs] 64983K->44421K(494976K), [Metaspace: 34488K->34488K(1079296K)], 0.0426725 secs] [Times: user=0.04 sys=0.00, real=0.04 secs] 
2019-06-11T08:12:52.201+0000: 28.798: [GC (Allocation Failure) 2019-06-11T08:12:52.202+0000: 28.798: [DefNew: 136576K->118K(153600K), 0.0020813 secs] 180997K->44539K(494976K), 0.0021394 secs] [Times: user=0.00 sys=0.00, real=0.00 secs] 
2019-06-11T08:12:53.349+0000: 29.945: [GC (Allocation Failure) 2019-06-11T08:12:53.349+0000: 29.945: [DefNew: 136694K->155K(153600K), 0.0018282 secs] 181115K->44576K(494976K), 0.0018857 secs] [Times: user=0.00 sys=0.00, real=0.01 secs] 
2019-06-11T08:12:54.456+0000: 31.052: [GC (Allocation Failure) 2019-06-11T08:12:54.456+0000: 31.052: [DefNew: 136731K->161K(153600K), 0.0018187 secs] 181152K->44582K(494976K), 0.0018858 secs] [Times: user=0.00 sys=0.00, real=0.00 secs] 
2019-06-11T08:12:55.535+0000: 32.131: [GC (Allocation Failure) 2019-06-11T08:12:55.535+0000: 32.131: [DefNew: 136737K->173K(153600K), 0.0018444 secs] 181158K->44595K(494976K), 0.0019111 secs] [Times: user=0.01 sys=0.00, real=0.00 secs] 
2019-06-11T08:12:56.623+0000: 33.221: [GC (Allocation Failure) 2019-06-11T08:12:56.625+0000: 33.221: [DefNew: 136749K->172K(153600K), 0.0019109 secs] 181171K->44593K(494976K), 0.0031210 secs] [Times: user=0.00 sys=0.00, real=0.00 secs] 
2019-06-11T08:12:57.719+0000: 34.315: [GC (Allocation Failure) 2019-06-11T08:12:57.719+0000: 34.315: [DefNew: 136748K->179K(153600K), 0.0018794 secs] 181169K->44601K(494976K), 0.0019400 secs] [Times: user=0.00 sys=0.00, real=0.00 secs] 
2019-06-11T08:12:58.928+0000: 35.524: [GC (Allocation Failure) 2019-06-11T08:12:58.928+0000: 35.524: [DefNew: 136755K->179K(153600K), 0.0019206 secs] 181177K->44601K(494976K), 0.0019807 secs] [Times: user=0.01 sys=0.00, real=0.00 secs] 
08:13:05.340 [Curator-PathChildrenCache-0] ERROR o.a.c.f.r.c.PathChildrenCache  - 
java.lang.IllegalStateException: instance must be started before calling this method
	at org.apache.curator.shaded.com.google.common.base.Preconditions.checkState(Preconditions.java:444)
	at org.apache.curator.framework.imps.CuratorFrameworkImpl.getChildren(CuratorFrameworkImpl.java:456)
	at org.apache.curator.framework.recipes.cache.PathChildrenCache.refresh(PathChildrenCache.java:521)
	at org.apache.curator.framework.recipes.cache.RefreshOperation.invoke(RefreshOperation.java:35)
	at org.apache.curator.framework.recipes.cache.PathChildrenCache$9.run(PathChildrenCache.java:786)
	at java.util.concurrent.Executors$RunnableAdapter.call(Executors.java:511)
	at java.util.concurrent.FutureTask.run(FutureTask.java:266)
	at java.util.concurrent.Executors$RunnableAdapter.call(Executors.java:511)
	at java.util.concurrent.FutureTask.run(FutureTask.java:266)
	at java.util.concurrent.ThreadPoolExecutor.runWorker(ThreadPoolExecutor.java:1149)
	at java.util.concurrent.ThreadPoolExecutor$Worker.run(ThreadPoolExecutor.java:624)
	at java.lang.Thread.run(Thread.java:748)
Heap
 def new generation   total 153600K, used 52656K [0x00000000e0c00000, 0x00000000eb2a0000, 0x00000000eb2a0000)
  eden space 136576K,  38% used [0x00000000e0c00000, 0x00000000e3f3f2d8, 0x00000000e9160000)
  from space 17024K,   1% used [0x00000000e9160000, 0x00000000e918cff0, 0x00000000ea200000)
  to   space 17024K,   0% used [0x00000000ea200000, 0x00000000ea200000, 0x00000000eb2a0000)
 tenured generation   total 341376K, used 44421K [0x00000000eb2a0000, 0x0000000100000000, 0x0000000100000000)
   the space 341376K,  13% used [0x00000000eb2a0000, 0x00000000ede01498, 0x00000000ede01600, 0x0000000100000000)
 Metaspace       used 35786K, capacity 36738K, committed 36864K, reserved 1081344K
  class space    used 4859K, capacity 5059K, committed 5120K, reserved 1048576K
