10:47:26,883 |-INFO in ch.qos.logback.classic.LoggerContext[default] - Could NOT find resource [logback-test.xml]
10:47:26,883 |-INFO in ch.qos.logback.classic.LoggerContext[default] - Could NOT find resource [logback.groovy]
10:47:26,883 |-INFO in ch.qos.logback.classic.LoggerContext[default] - Found resource [logback.xml] at [jar:file:/home/nikitasokolov/flamestream/lib/flamestream-runtime-1.0-SNAPSHOT.jar!/logback.xml]
10:47:26,884 |-WARN in ch.qos.logback.classic.LoggerContext[default] - Resource [logback.xml] occurs multiple times on the classpath.
10:47:26,884 |-WARN in ch.qos.logback.classic.LoggerContext[default] - Resource [logback.xml] occurs at [jar:file:/home/nikitasokolov/flamestream/lib/flamestream-runtime-1.0-SNAPSHOT.jar!/logback.xml]
10:47:26,884 |-WARN in ch.qos.logback.classic.LoggerContext[default] - Resource [logback.xml] occurs at [jar:file:/home/nikitasokolov/flamestream/flamestream-runtime-1.0-SNAPSHOT.jar!/logback.xml]
10:47:26,899 |-INFO in ch.qos.logback.core.joran.spi.ConfigurationWatchList@6108b2d7 - URL [jar:file:/home/nikitasokolov/flamestream/lib/flamestream-runtime-1.0-SNAPSHOT.jar!/logback.xml] is not of type file
10:47:26,952 |-INFO in ch.qos.logback.classic.joran.action.ConfigurationAction - debug attribute not set
10:47:26,952 |-INFO in ch.qos.logback.core.joran.action.AppenderAction - About to instantiate appender of type [ch.qos.logback.core.ConsoleAppender]
10:47:26,964 |-INFO in ch.qos.logback.core.joran.action.AppenderAction - Naming appender as [STDOUT]
10:47:26,973 |-INFO in ch.qos.logback.core.joran.action.NestedComplexPropertyIA - Assuming default type [ch.qos.logback.classic.encoder.PatternLayoutEncoder] for [encoder] property
10:47:27,030 |-INFO in ch.qos.logback.core.joran.action.AppenderAction - About to instantiate appender of type [ch.qos.logback.core.rolling.RollingFileAppender]
10:47:27,036 |-INFO in ch.qos.logback.core.joran.action.AppenderAction - Naming appender as [FILE]
10:47:27,058 |-INFO in c.q.l.core.rolling.TimeBasedRollingPolicy@357863579 - No compression will be used
10:47:27,059 |-INFO in c.q.l.core.rolling.TimeBasedRollingPolicy@357863579 - Will use the pattern /tmp/application_%d{yyyy-MM-dd}.%i.log for the active file
10:47:27,062 |-INFO in ch.qos.logback.core.rolling.SizeAndTimeBasedFNATP@6bf256fa - The date pattern is 'yyyy-MM-dd' from file name pattern '/tmp/application_%d{yyyy-MM-dd}.%i.log'.
10:47:27,062 |-INFO in ch.qos.logback.core.rolling.SizeAndTimeBasedFNATP@6bf256fa - Roll-over at midnight.
10:47:27,066 |-INFO in ch.qos.logback.core.rolling.SizeAndTimeBasedFNATP@6bf256fa - Setting initial period to Sun Jun 09 10:46:42 MSK 2019
10:47:27,066 |-WARN in ch.qos.logback.core.rolling.SizeAndTimeBasedFNATP@6bf256fa - SizeAndTimeBasedFNATP is deprecated. Use SizeAndTimeBasedRollingPolicy instead
10:47:27,066 |-WARN in ch.qos.logback.core.rolling.SizeAndTimeBasedFNATP@6bf256fa - For more information see http://logback.qos.ch/manual/appenders.html#SizeAndTimeBasedRollingPolicy
10:47:27,070 |-INFO in ch.qos.logback.core.joran.action.NestedComplexPropertyIA - Assuming default type [ch.qos.logback.classic.encoder.PatternLayoutEncoder] for [encoder] property
10:47:27,073 |-INFO in ch.qos.logback.core.rolling.RollingFileAppender[FILE] - Active log file name: /tmp/application.log
10:47:27,073 |-INFO in ch.qos.logback.core.rolling.RollingFileAppender[FILE] - File property is set to [/tmp/application.log]
10:47:27,074 |-INFO in ch.qos.logback.classic.joran.action.RootLoggerAction - Setting level of ROOT logger to WARN
10:47:27,074 |-INFO in ch.qos.logback.core.joran.action.AppenderRefAction - Attaching appender named [STDOUT] to Logger[ROOT]
10:47:27,075 |-INFO in ch.qos.logback.core.joran.action.AppenderRefAction - Attaching appender named [FILE] to Logger[ROOT]
10:47:27,075 |-INFO in ch.qos.logback.classic.joran.action.ConfigurationAction - End of configuration.
10:47:27,075 |-INFO in ch.qos.logback.classic.joran.JoranConfigurator@6cd8737 - Registering current configuration as safe fallback point

2019-06-09T10:47:28.080+0300: 1.400: [GC (Metadata GC Threshold) [PSYoungGen: 108152K->15780K(149504K)] 108152K->15860K(491008K), 0.0281654 secs] [Times: user=0.07 sys=0.06, real=0.02 secs] 
2019-06-09T10:47:28.108+0300: 1.429: [Full GC (Metadata GC Threshold) [PSYoungGen: 15780K->0K(149504K)] [ParOldGen: 80K->14982K(341504K)] 15860K->14982K(491008K), [Metaspace: 20802K->20802K(1067008K)], 0.0283414 secs] [Times: user=0.16 sys=0.01, real=0.03 secs] 
10:47:35.323 [Curator-PathChildrenCache-1] WARN  o.a.c.u.ZKPaths  - The version of ZooKeeper being used doesn't support Container nodes. CreateMode.PERSISTENT will be used instead.
2019-06-09T10:47:36.235+0300: 9.555: [GC (Metadata GC Threshold) [PSYoungGen: 124462K->15821K(149504K)] 139444K->50342K(491008K), 0.0270503 secs] [Times: user=0.22 sys=0.00, real=0.03 secs] 
2019-06-09T10:47:36.262+0300: 9.582: [Full GC (Metadata GC Threshold) [PSYoungGen: 15821K->0K(149504K)] [ParOldGen: 34521K->38807K(341504K)] 50342K->38807K(491008K), [Metaspace: 34553K->34553K(1079296K)], 0.0374626 secs] [Times: user=0.23 sys=0.01, real=0.04 secs] 
2019-06-09T10:47:38.149+0300: 11.470: [GC (Allocation Failure) [PSYoungGen: 128512K->800K(149504K)] 167319K->39616K(491008K), 0.0033657 secs] [Times: user=0.02 sys=0.00, real=0.01 secs] 
2019-06-09T10:47:40.392+0300: 13.713: [GC (Allocation Failure) [PSYoungGen: 129312K->896K(149504K)] 168128K->39720K(491008K), 0.0032035 secs] [Times: user=0.01 sys=0.00, real=0.00 secs] 
2019-06-09T10:47:42.274+0300: 15.595: [GC (Allocation Failure) [PSYoungGen: 129408K->896K(149504K)] 168232K->39728K(491008K), 0.0076732 secs] [Times: user=0.08 sys=0.01, real=0.01 secs] 
2019-06-09T10:47:44.105+0300: 17.426: [GC (Allocation Failure) [PSYoungGen: 129408K->896K(150016K)] 168240K->39728K(491520K), 0.0034475 secs] [Times: user=0.01 sys=0.01, real=0.00 secs] 
2019-06-09T10:47:45.702+0300: 19.023: [GC (Allocation Failure) [PSYoungGen: 129920K->1088K(149504K)] 168752K->39920K(491008K), 0.0033459 secs] [Times: user=0.02 sys=0.00, real=0.00 secs] 
2019-06-09T10:47:47.103+0300: 20.424: [GC (Allocation Failure) [PSYoungGen: 130112K->928K(152064K)] 168944K->39760K(493568K), 0.0032821 secs] [Times: user=0.01 sys=0.00, real=0.00 secs] 
2019-06-09T10:47:48.720+0300: 22.041: [GC (Allocation Failure) [PSYoungGen: 133536K->960K(151040K)] 172368K->39792K(492544K), 0.0043198 secs] [Times: user=0.03 sys=0.00, real=0.00 secs] 
2019-06-09T10:47:50.354+0300: 23.675: [GC (Allocation Failure) [PSYoungGen: 133568K->1056K(153600K)] 172400K->39896K(495104K), 0.0042257 secs] [Times: user=0.02 sys=0.01, real=0.01 secs] 
2019-06-09T10:47:51.985+0300: 25.306: [GC (Allocation Failure) [PSYoungGen: 136736K->928K(152576K)] 175576K->39768K(494080K), 0.0027440 secs] [Times: user=0.01 sys=0.01, real=0.00 secs] 
2019-06-09T10:47:54.130+0300: 27.451: [GC (Allocation Failure) [PSYoungGen: 136608K->960K(155136K)] 175448K->39808K(496640K), 0.0032337 secs] [Times: user=0.02 sys=0.00, real=0.00 secs] 
10:48:01.907 [Curator-PathChildrenCache-0] ERROR o.a.c.f.r.c.PathChildrenCache  - 
java.lang.IllegalStateException: instance must be started before calling this method
	at org.apache.curator.shaded.com.google.common.base.Preconditions.checkState(Preconditions.java:444)
	at org.apache.curator.framework.imps.CuratorFrameworkImpl.getChildren(CuratorFrameworkImpl.java:456)
	at org.apache.curator.framework.recipes.cache.PathChildrenCache.refresh(PathChildrenCache.java:521)
	at org.apache.curator.framework.recipes.cache.RefreshOperation.invoke(RefreshOperation.java:35)
	at org.apache.curator.framework.recipes.cache.PathChildrenCache$9.run(PathChildrenCache.java:786)
	at java.util.concurrent.Executors$RunnableAdapter.call(Executors.java:511)
	at java.util.concurrent.FutureTask.run(FutureTask.java:266)
	at java.util.concurrent.Executors$RunnableAdapter.call(Executors.java:511)
	at java.util.concurrent.FutureTask.run(FutureTask.java:266)
	at java.util.concurrent.ThreadPoolExecutor.runWorker(ThreadPoolExecutor.java:1149)
	at java.util.concurrent.ThreadPoolExecutor$Worker.run(ThreadPoolExecutor.java:624)
	at java.lang.Thread.run(Thread.java:748)
Heap
 PSYoungGen      total 155136K, used 122866K [0x00000000f5980000, 0x0000000100000000, 0x0000000100000000)
  eden space 138752K, 87% used [0x00000000f5980000,0x00000000fd08c890,0x00000000fe100000)
  from space 16384K, 5% used [0x00000000ff000000,0x00000000ff0f00b0,0x0000000100000000)
  to   space 15360K, 0% used [0x00000000fe100000,0x00000000fe100000,0x00000000ff000000)
 ParOldGen       total 341504K, used 38847K [0x00000000e0c00000, 0x00000000f5980000, 0x00000000f5980000)
  object space 341504K, 11% used [0x00000000e0c00000,0x00000000e31effc0,0x00000000f5980000)
 Metaspace       used 35727K, capacity 36614K, committed 36952K, reserved 1081344K
  class space    used 4936K, capacity 5129K, committed 5248K, reserved 1048576K
