17:27:13,652 |-INFO in ch.qos.logback.classic.LoggerContext[default] - Could NOT find resource [logback-test.xml]
17:27:13,652 |-INFO in ch.qos.logback.classic.LoggerContext[default] - Could NOT find resource [logback.groovy]
17:27:13,652 |-INFO in ch.qos.logback.classic.LoggerContext[default] - Found resource [logback.xml] at [jar:file:/root/flamestream/lib/flamestream-runtime-1.0-SNAPSHOT.jar!/logback.xml]
17:27:13,652 |-WARN in ch.qos.logback.classic.LoggerContext[default] - Resource [logback.xml] occurs multiple times on the classpath.
17:27:13,653 |-WARN in ch.qos.logback.classic.LoggerContext[default] - Resource [logback.xml] occurs at [jar:file:/root/flamestream/lib/flamestream-runtime-1.0-SNAPSHOT.jar!/logback.xml]
17:27:13,653 |-WARN in ch.qos.logback.classic.LoggerContext[default] - Resource [logback.xml] occurs at [jar:file:/root/flamestream/flamestream-runtime-1.0-SNAPSHOT.jar!/logback.xml]
17:27:13,676 |-INFO in ch.qos.logback.core.joran.spi.ConfigurationWatchList@3fb6a447 - URL [jar:file:/root/flamestream/lib/flamestream-runtime-1.0-SNAPSHOT.jar!/logback.xml] is not of type file
17:27:13,743 |-INFO in ch.qos.logback.classic.joran.action.ConfigurationAction - debug attribute not set
17:27:13,744 |-INFO in ch.qos.logback.core.joran.action.AppenderAction - About to instantiate appender of type [ch.qos.logback.core.ConsoleAppender]
17:27:13,760 |-INFO in ch.qos.logback.core.joran.action.AppenderAction - Naming appender as [STDOUT]
17:27:13,778 |-INFO in ch.qos.logback.core.joran.action.NestedComplexPropertyIA - Assuming default type [ch.qos.logback.classic.encoder.PatternLayoutEncoder] for [encoder] property
17:27:13,865 |-INFO in ch.qos.logback.core.joran.action.AppenderAction - About to instantiate appender of type [ch.qos.logback.core.rolling.RollingFileAppender]
17:27:13,872 |-INFO in ch.qos.logback.core.joran.action.AppenderAction - Naming appender as [FILE]
17:27:13,902 |-INFO in c.q.l.core.rolling.TimeBasedRollingPolicy@127618319 - No compression will be used
17:27:13,903 |-INFO in c.q.l.core.rolling.TimeBasedRollingPolicy@127618319 - Will use the pattern /tmp/application_%d{yyyy-MM-dd}.%i.log for the active file
17:27:13,906 |-INFO in ch.qos.logback.core.rolling.SizeAndTimeBasedFNATP@6b2fad11 - The date pattern is 'yyyy-MM-dd' from file name pattern '/tmp/application_%d{yyyy-MM-dd}.%i.log'.
17:27:13,906 |-INFO in ch.qos.logback.core.rolling.SizeAndTimeBasedFNATP@6b2fad11 - Roll-over at midnight.
17:27:13,911 |-INFO in ch.qos.logback.core.rolling.SizeAndTimeBasedFNATP@6b2fad11 - Setting initial period to Mon Jun 10 17:25:42 UTC 2019
17:27:13,911 |-WARN in ch.qos.logback.core.rolling.SizeAndTimeBasedFNATP@6b2fad11 - SizeAndTimeBasedFNATP is deprecated. Use SizeAndTimeBasedRollingPolicy instead
17:27:13,911 |-WARN in ch.qos.logback.core.rolling.SizeAndTimeBasedFNATP@6b2fad11 - For more information see http://logback.qos.ch/manual/appenders.html#SizeAndTimeBasedRollingPolicy
17:27:13,915 |-INFO in ch.qos.logback.core.joran.action.NestedComplexPropertyIA - Assuming default type [ch.qos.logback.classic.encoder.PatternLayoutEncoder] for [encoder] property
17:27:13,920 |-INFO in ch.qos.logback.core.rolling.RollingFileAppender[FILE] - Active log file name: /tmp/application.log
17:27:13,920 |-INFO in ch.qos.logback.core.rolling.RollingFileAppender[FILE] - File property is set to [/tmp/application.log]
17:27:13,921 |-INFO in ch.qos.logback.classic.joran.action.RootLoggerAction - Setting level of ROOT logger to WARN
17:27:13,921 |-INFO in ch.qos.logback.core.joran.action.AppenderRefAction - Attaching appender named [STDOUT] to Logger[ROOT]
17:27:13,923 |-INFO in ch.qos.logback.core.joran.action.AppenderRefAction - Attaching appender named [FILE] to Logger[ROOT]
17:27:13,923 |-INFO in ch.qos.logback.classic.joran.action.ConfigurationAction - End of configuration.
17:27:13,924 |-INFO in ch.qos.logback.classic.joran.JoranConfigurator@79698539 - Registering current configuration as safe fallback point

Ama winner
Ama winner
2019-06-10T17:27:15.207+0000: 1.737: [Full GC (Metadata GC Threshold) 2019-06-10T17:27:15.207+0000: 1.737: [Tenured: 0K->15241K(341376K), 0.0363895 secs] 117750K->15241K(494976K), [Metaspace: 20732K->20732K(1067008K)], 0.0364565 secs] [Times: user=0.04 sys=0.00, real=0.03 secs] 
17:27:32.297 [Curator-PathChildrenCache-1] WARN  o.a.c.u.ZKPaths  - The version of ZooKeeper being used doesn't support Container nodes. CreateMode.PERSISTENT will be used instead.
2019-06-10T17:27:34.594+0000: 21.124: [GC (Allocation Failure) 2019-06-10T17:27:34.594+0000: 21.124: [DefNew: 136576K->17023K(153600K), 0.0257920 secs] 151817K->52452K(494976K), 0.0258625 secs] [Times: user=0.01 sys=0.01, real=0.03 secs] 
2019-06-10T17:27:35.555+0000: 22.085: [Full GC (Metadata GC Threshold) 2019-06-10T17:27:35.555+0000: 22.085: [Tenured: 35428K->44013K(341376K), 0.0388834 secs] 81246K->44013K(494976K), [Metaspace: 34554K->34554K(1079296K)], 0.0389524 secs] [Times: user=0.03 sys=0.01, real=0.04 secs] 
2019-06-10T17:27:41.306+0000: 27.836: [GC (Allocation Failure) 2019-06-10T17:27:41.306+0000: 27.836: [DefNew: 136576K->127K(153600K), 0.0019700 secs] 180589K->44141K(494976K), 0.0020372 secs] [Times: user=0.01 sys=0.00, real=0.00 secs] 
2019-06-10T17:27:47.121+0000: 33.651: [GC (Allocation Failure) 2019-06-10T17:27:47.121+0000: 33.651: [DefNew: 136703K->131K(153600K), 0.0018465 secs] 180717K->44145K(494976K), 0.0018979 secs] [Times: user=0.00 sys=0.00, real=0.00 secs] 
2019-06-10T17:27:52.863+0000: 39.393: [GC (Allocation Failure) 2019-06-10T17:27:52.863+0000: 39.393: [DefNew: 136707K->165K(153600K), 0.0018884 secs] 180721K->44179K(494976K), 0.0019446 secs] [Times: user=0.00 sys=0.00, real=0.00 secs] 
2019-06-10T17:27:58.660+0000: 45.190: [GC (Allocation Failure) 2019-06-10T17:27:58.660+0000: 45.190: [DefNew: 136741K->199K(153600K), 0.0019403 secs] 180755K->44213K(494976K), 0.0019991 secs] [Times: user=0.00 sys=0.00, real=0.00 secs] 
2019-06-10T17:28:08.978+0000: 55.508: [GC (Allocation Failure) 2019-06-10T17:28:08.978+0000: 55.508: [DefNew: 136775K->180K(153600K), 0.0019136 secs] 180789K->44194K(494976K), 0.0019711 secs] [Times: user=0.00 sys=0.00, real=0.00 secs] 
17:28:13.050 [Curator-PathChildrenCache-0] ERROR o.a.c.f.r.c.PathChildrenCache  - 
java.lang.IllegalStateException: instance must be started before calling this method
	at org.apache.curator.shaded.com.google.common.base.Preconditions.checkState(Preconditions.java:444)
	at org.apache.curator.framework.imps.CuratorFrameworkImpl.getChildren(CuratorFrameworkImpl.java:456)
	at org.apache.curator.framework.recipes.cache.PathChildrenCache.refresh(PathChildrenCache.java:521)
	at org.apache.curator.framework.recipes.cache.RefreshOperation.invoke(RefreshOperation.java:35)
	at org.apache.curator.framework.recipes.cache.PathChildrenCache$9.run(PathChildrenCache.java:786)
	at java.util.concurrent.Executors$RunnableAdapter.call(Executors.java:511)
	at java.util.concurrent.FutureTask.run(FutureTask.java:266)
	at java.util.concurrent.Executors$RunnableAdapter.call(Executors.java:511)
	at java.util.concurrent.FutureTask.run(FutureTask.java:266)
	at java.util.concurrent.ThreadPoolExecutor.runWorker(ThreadPoolExecutor.java:1149)
	at java.util.concurrent.ThreadPoolExecutor$Worker.run(ThreadPoolExecutor.java:624)
	at java.lang.Thread.run(Thread.java:748)
Heap
 def new generation   total 153600K, used 41724K [0x00000000e0c00000, 0x00000000eb2a0000, 0x00000000eb2a0000)
  eden space 136576K,  30% used [0x00000000e0c00000, 0x00000000e3491df0, 0x00000000e9160000)
  from space 17024K,   1% used [0x00000000e9160000, 0x00000000e918d310, 0x00000000ea200000)
  to   space 17024K,   0% used [0x00000000ea200000, 0x00000000ea200000, 0x00000000eb2a0000)
 tenured generation   total 341376K, used 44013K [0x00000000eb2a0000, 0x0000000100000000, 0x0000000100000000)
   the space 341376K,  12% used [0x00000000eb2a0000, 0x00000000edd9b790, 0x00000000edd9b800, 0x0000000100000000)
 Metaspace       used 35857K, capacity 36750K, committed 37120K, reserved 1081344K
  class space    used 4823K, capacity 5023K, committed 5120K, reserved 1048576K
