07:17:28,213 |-INFO in ch.qos.logback.classic.LoggerContext[default] - Could NOT find resource [logback-test.xml]
07:17:28,213 |-INFO in ch.qos.logback.classic.LoggerContext[default] - Could NOT find resource [logback.groovy]
07:17:28,213 |-INFO in ch.qos.logback.classic.LoggerContext[default] - Found resource [logback.xml] at [jar:file:/root/flamestream/lib/flamestream-runtime-1.0-SNAPSHOT.jar!/logback.xml]
07:17:28,214 |-WARN in ch.qos.logback.classic.LoggerContext[default] - Resource [logback.xml] occurs multiple times on the classpath.
07:17:28,214 |-WARN in ch.qos.logback.classic.LoggerContext[default] - Resource [logback.xml] occurs at [jar:file:/root/flamestream/lib/flamestream-runtime-1.0-SNAPSHOT.jar!/logback.xml]
07:17:28,214 |-WARN in ch.qos.logback.classic.LoggerContext[default] - Resource [logback.xml] occurs at [jar:file:/root/flamestream/flamestream-runtime-1.0-SNAPSHOT.jar!/logback.xml]
07:17:28,233 |-INFO in ch.qos.logback.core.joran.spi.ConfigurationWatchList@3fb6a447 - URL [jar:file:/root/flamestream/lib/flamestream-runtime-1.0-SNAPSHOT.jar!/logback.xml] is not of type file
07:17:28,307 |-INFO in ch.qos.logback.classic.joran.action.ConfigurationAction - debug attribute not set
07:17:28,307 |-INFO in ch.qos.logback.core.joran.action.AppenderAction - About to instantiate appender of type [ch.qos.logback.core.ConsoleAppender]
07:17:28,320 |-INFO in ch.qos.logback.core.joran.action.AppenderAction - Naming appender as [STDOUT]
07:17:28,336 |-INFO in ch.qos.logback.core.joran.action.NestedComplexPropertyIA - Assuming default type [ch.qos.logback.classic.encoder.PatternLayoutEncoder] for [encoder] property
07:17:28,417 |-INFO in ch.qos.logback.core.joran.action.AppenderAction - About to instantiate appender of type [ch.qos.logback.core.rolling.RollingFileAppender]
07:17:28,426 |-INFO in ch.qos.logback.core.joran.action.AppenderAction - Naming appender as [FILE]
07:17:28,457 |-INFO in c.q.l.core.rolling.TimeBasedRollingPolicy@127618319 - No compression will be used
07:17:28,458 |-INFO in c.q.l.core.rolling.TimeBasedRollingPolicy@127618319 - Will use the pattern /tmp/application_%d{yyyy-MM-dd}.%i.log for the active file
07:17:28,461 |-INFO in ch.qos.logback.core.rolling.SizeAndTimeBasedFNATP@6b2fad11 - The date pattern is 'yyyy-MM-dd' from file name pattern '/tmp/application_%d{yyyy-MM-dd}.%i.log'.
07:17:28,461 |-INFO in ch.qos.logback.core.rolling.SizeAndTimeBasedFNATP@6b2fad11 - Roll-over at midnight.
07:17:28,467 |-INFO in ch.qos.logback.core.rolling.SizeAndTimeBasedFNATP@6b2fad11 - Setting initial period to Tue Jun 11 07:15:58 UTC 2019
07:17:28,467 |-WARN in ch.qos.logback.core.rolling.SizeAndTimeBasedFNATP@6b2fad11 - SizeAndTimeBasedFNATP is deprecated. Use SizeAndTimeBasedRollingPolicy instead
07:17:28,467 |-WARN in ch.qos.logback.core.rolling.SizeAndTimeBasedFNATP@6b2fad11 - For more information see http://logback.qos.ch/manual/appenders.html#SizeAndTimeBasedRollingPolicy
07:17:28,471 |-INFO in ch.qos.logback.core.joran.action.NestedComplexPropertyIA - Assuming default type [ch.qos.logback.classic.encoder.PatternLayoutEncoder] for [encoder] property
07:17:28,475 |-INFO in ch.qos.logback.core.rolling.RollingFileAppender[FILE] - Active log file name: /tmp/application.log
07:17:28,475 |-INFO in ch.qos.logback.core.rolling.RollingFileAppender[FILE] - File property is set to [/tmp/application.log]
07:17:28,476 |-INFO in ch.qos.logback.classic.joran.action.RootLoggerAction - Setting level of ROOT logger to WARN
07:17:28,476 |-INFO in ch.qos.logback.core.joran.action.AppenderRefAction - Attaching appender named [STDOUT] to Logger[ROOT]
07:17:28,478 |-INFO in ch.qos.logback.core.joran.action.AppenderRefAction - Attaching appender named [FILE] to Logger[ROOT]
07:17:28,478 |-INFO in ch.qos.logback.classic.joran.action.ConfigurationAction - End of configuration.
07:17:28,479 |-INFO in ch.qos.logback.classic.joran.JoranConfigurator@79698539 - Registering current configuration as safe fallback point

Ama winner
Ama winner
2019-06-11T07:17:29.769+0000: 1.748: [Full GC (Metadata GC Threshold) 2019-06-11T07:17:29.769+0000: 1.748: [Tenured: 0K->15240K(341376K), 0.0396610 secs] 114987K->15240K(494976K), [Metaspace: 20733K->20733K(1067008K)], 0.0397257 secs] [Times: user=0.03 sys=0.01, real=0.04 secs] 
07:17:57.964 [Curator-PathChildrenCache-2] WARN  o.a.c.u.ZKPaths  - The version of ZooKeeper being used doesn't support Container nodes. CreateMode.PERSISTENT will be used instead.
2019-06-11T07:18:10.556+0000: 42.535: [GC (Allocation Failure) 2019-06-11T07:18:10.556+0000: 42.535: [DefNew: 136576K->16697K(153600K), 0.0169753 secs] 151816K->31938K(494976K), 0.0170487 secs] [Times: user=0.01 sys=0.01, real=0.01 secs] 
2019-06-11T07:18:11.919+0000: 43.898: [Full GC (Metadata GC Threshold) 2019-06-11T07:18:11.919+0000: 43.898: [Tenured: 15240K->43671K(341376K), 0.0445782 secs] 74169K->43671K(494976K), [Metaspace: 34649K->34649K(1079296K)], 0.0446565 secs] [Times: user=0.04 sys=0.00, real=0.04 secs] 
2019-06-11T07:18:20.311+0000: 52.290: [GC (Allocation Failure) 2019-06-11T07:18:20.311+0000: 52.290: [DefNew: 136576K->154K(153600K), 0.0022280 secs] 180247K->43825K(494976K), 0.0022908 secs] [Times: user=0.00 sys=0.00, real=0.00 secs] 
2019-06-11T07:18:26.755+0000: 58.734: [GC (Allocation Failure) 2019-06-11T07:18:26.755+0000: 58.734: [DefNew: 136730K->148K(153600K), 0.0020529 secs] 180401K->43820K(494976K), 0.0021130 secs] [Times: user=0.00 sys=0.00, real=0.00 secs] 
2019-06-11T07:18:33.023+0000: 65.002: [GC (Allocation Failure) 2019-06-11T07:18:33.023+0000: 65.002: [DefNew: 136724K->464K(153600K), 0.0024334 secs] 180396K->44135K(494976K), 0.0024921 secs] [Times: user=0.00 sys=0.00, real=0.01 secs] 
2019-06-11T07:18:39.388+0000: 71.367: [GC (Allocation Failure) 2019-06-11T07:18:39.388+0000: 71.367: [DefNew: 137040K->220K(153600K), 0.0022003 secs] 180711K->43891K(494976K), 0.0022613 secs] [Times: user=0.00 sys=0.00, real=0.00 secs] 
2019-06-11T07:18:45.802+0000: 77.781: [GC (Allocation Failure) 2019-06-11T07:18:45.802+0000: 77.781: [DefNew: 136796K->234K(153600K), 0.0022151 secs] 180467K->43906K(494976K), 0.0022862 secs] [Times: user=0.00 sys=0.00, real=0.00 secs] 
07:19:15.339 [Curator-PathChildrenCache-0] ERROR o.a.c.f.r.c.PathChildrenCache  - 
java.lang.IllegalStateException: instance must be started before calling this method
	at org.apache.curator.shaded.com.google.common.base.Preconditions.checkState(Preconditions.java:444)
	at org.apache.curator.framework.imps.CuratorFrameworkImpl.getChildren(CuratorFrameworkImpl.java:456)
	at org.apache.curator.framework.recipes.cache.PathChildrenCache.refresh(PathChildrenCache.java:521)
	at org.apache.curator.framework.recipes.cache.RefreshOperation.invoke(RefreshOperation.java:35)
	at org.apache.curator.framework.recipes.cache.PathChildrenCache$9.run(PathChildrenCache.java:786)
	at java.util.concurrent.Executors$RunnableAdapter.call(Executors.java:511)
	at java.util.concurrent.FutureTask.run(FutureTask.java:266)
	at java.util.concurrent.Executors$RunnableAdapter.call(Executors.java:511)
	at java.util.concurrent.FutureTask.run(FutureTask.java:266)
	at java.util.concurrent.ThreadPoolExecutor.runWorker(ThreadPoolExecutor.java:1149)
	at java.util.concurrent.ThreadPoolExecutor$Worker.run(ThreadPoolExecutor.java:624)
	at java.lang.Thread.run(Thread.java:748)
2019-06-11T07:19:16.154+0000: 108.133: [GC (Allocation Failure) 2019-06-11T07:19:16.154+0000: 108.133: [DefNew: 136810K->1401K(153600K), 0.0201851 secs] 180482K->45073K(494976K), 0.0202546 secs] [Times: user=0.02 sys=0.00, real=0.02 secs] 
Heap
 def new generation   total 153600K, used 11660K [0x00000000e0c00000, 0x00000000eb2a0000, 0x00000000eb2a0000)
  eden space 136576K,   7% used [0x00000000e0c00000, 0x00000000e1604bb0, 0x00000000e9160000)
  from space 17024K,   8% used [0x00000000ea200000, 0x00000000ea35e6a0, 0x00000000eb2a0000)
  to   space 17024K,   0% used [0x00000000e9160000, 0x00000000e9160000, 0x00000000ea200000)
 tenured generation   total 341376K, used 43671K [0x00000000eb2a0000, 0x0000000100000000, 0x0000000100000000)
   the space 341376K,  12% used [0x00000000eb2a0000, 0x00000000edd45d88, 0x00000000edd45e00, 0x0000000100000000)
 Metaspace       used 36393K, capacity 37322K, committed 37504K, reserved 1081344K
  class space    used 4900K, capacity 5123K, committed 5248K, reserved 1048576K
