18:09:05,864 |-INFO in ch.qos.logback.classic.LoggerContext[default] - Could NOT find resource [logback-test.xml]
18:09:05,864 |-INFO in ch.qos.logback.classic.LoggerContext[default] - Could NOT find resource [logback.groovy]
18:09:05,864 |-INFO in ch.qos.logback.classic.LoggerContext[default] - Found resource [logback.xml] at [jar:file:/root/flamestream/lib/flamestream-runtime-1.0-SNAPSHOT.jar!/logback.xml]
18:09:05,869 |-WARN in ch.qos.logback.classic.LoggerContext[default] - Resource [logback.xml] occurs multiple times on the classpath.
18:09:05,870 |-WARN in ch.qos.logback.classic.LoggerContext[default] - Resource [logback.xml] occurs at [jar:file:/root/flamestream/lib/flamestream-runtime-1.0-SNAPSHOT.jar!/logback.xml]
18:09:05,870 |-WARN in ch.qos.logback.classic.LoggerContext[default] - Resource [logback.xml] occurs at [jar:file:/root/flamestream/flamestream-runtime-1.0-SNAPSHOT.jar!/logback.xml]
18:09:05,889 |-INFO in ch.qos.logback.core.joran.spi.ConfigurationWatchList@3fb6a447 - URL [jar:file:/root/flamestream/lib/flamestream-runtime-1.0-SNAPSHOT.jar!/logback.xml] is not of type file
18:09:05,955 |-INFO in ch.qos.logback.classic.joran.action.ConfigurationAction - debug attribute not set
18:09:05,956 |-INFO in ch.qos.logback.core.joran.action.AppenderAction - About to instantiate appender of type [ch.qos.logback.core.ConsoleAppender]
18:09:05,973 |-INFO in ch.qos.logback.core.joran.action.AppenderAction - Naming appender as [STDOUT]
18:09:05,987 |-INFO in ch.qos.logback.core.joran.action.NestedComplexPropertyIA - Assuming default type [ch.qos.logback.classic.encoder.PatternLayoutEncoder] for [encoder] property
18:09:06,088 |-INFO in ch.qos.logback.core.joran.action.AppenderAction - About to instantiate appender of type [ch.qos.logback.core.rolling.RollingFileAppender]
18:09:06,099 |-INFO in ch.qos.logback.core.joran.action.AppenderAction - Naming appender as [FILE]
18:09:06,132 |-INFO in c.q.l.core.rolling.TimeBasedRollingPolicy@127618319 - No compression will be used
18:09:06,133 |-INFO in c.q.l.core.rolling.TimeBasedRollingPolicy@127618319 - Will use the pattern /tmp/application_%d{yyyy-MM-dd}.%i.log for the active file
18:09:06,136 |-INFO in ch.qos.logback.core.rolling.SizeAndTimeBasedFNATP@6b2fad11 - The date pattern is 'yyyy-MM-dd' from file name pattern '/tmp/application_%d{yyyy-MM-dd}.%i.log'.
18:09:06,136 |-INFO in ch.qos.logback.core.rolling.SizeAndTimeBasedFNATP@6b2fad11 - Roll-over at midnight.
18:09:06,141 |-INFO in ch.qos.logback.core.rolling.SizeAndTimeBasedFNATP@6b2fad11 - Setting initial period to Mon Jun 10 18:07:34 UTC 2019
18:09:06,141 |-WARN in ch.qos.logback.core.rolling.SizeAndTimeBasedFNATP@6b2fad11 - SizeAndTimeBasedFNATP is deprecated. Use SizeAndTimeBasedRollingPolicy instead
18:09:06,141 |-WARN in ch.qos.logback.core.rolling.SizeAndTimeBasedFNATP@6b2fad11 - For more information see http://logback.qos.ch/manual/appenders.html#SizeAndTimeBasedRollingPolicy
18:09:06,145 |-INFO in ch.qos.logback.core.joran.action.NestedComplexPropertyIA - Assuming default type [ch.qos.logback.classic.encoder.PatternLayoutEncoder] for [encoder] property
18:09:06,150 |-INFO in ch.qos.logback.core.rolling.RollingFileAppender[FILE] - Active log file name: /tmp/application.log
18:09:06,151 |-INFO in ch.qos.logback.core.rolling.RollingFileAppender[FILE] - File property is set to [/tmp/application.log]
18:09:06,151 |-INFO in ch.qos.logback.classic.joran.action.RootLoggerAction - Setting level of ROOT logger to WARN
18:09:06,151 |-INFO in ch.qos.logback.core.joran.action.AppenderRefAction - Attaching appender named [STDOUT] to Logger[ROOT]
18:09:06,153 |-INFO in ch.qos.logback.core.joran.action.AppenderRefAction - Attaching appender named [FILE] to Logger[ROOT]
18:09:06,153 |-INFO in ch.qos.logback.classic.joran.action.ConfigurationAction - End of configuration.
18:09:06,154 |-INFO in ch.qos.logback.classic.joran.JoranConfigurator@79698539 - Registering current configuration as safe fallback point

Ama winner
Ama winner
2019-06-10T18:09:07.452+0000: 1.774: [Full GC (Metadata GC Threshold) 2019-06-10T18:09:07.452+0000: 1.774: [Tenured: 0K->15177K(341376K), 0.0419786 secs] 115051K->15177K(494976K), [Metaspace: 20731K->20731K(1067008K)], 0.0420488 secs] [Times: user=0.04 sys=0.00, real=0.04 secs] 
18:09:25.754 [Curator-PathChildrenCache-2] WARN  o.a.c.u.ZKPaths  - The version of ZooKeeper being used doesn't support Container nodes. CreateMode.PERSISTENT will be used instead.
2019-06-10T18:09:27.957+0000: 22.278: [GC (Allocation Failure) 2019-06-10T18:09:27.957+0000: 22.278: [DefNew: 120401K->17023K(153600K), 0.0191699 secs] 135579K->33154K(494976K), 0.0192409 secs] [Times: user=0.02 sys=0.00, real=0.01 secs] 
2019-06-10T18:09:28.509+0000: 22.831: [Full GC (Metadata GC Threshold) 2019-06-10T18:09:28.510+0000: 22.831: [Tenured: 16130K->44332K(341376K), 0.0453645 secs] 71942K->44332K(494976K), [Metaspace: 34549K->34549K(1079296K)], 0.0454644 secs] [Times: user=0.04 sys=0.01, real=0.04 secs] 
2019-06-10T18:09:31.331+0000: 25.653: [GC (Allocation Failure) 2019-06-10T18:09:31.331+0000: 25.653: [DefNew: 136576K->162K(153600K), 0.0022637 secs] 180908K->44494K(494976K), 0.0023224 secs] [Times: user=0.00 sys=0.00, real=0.00 secs] 
2019-06-10T18:09:34.027+0000: 28.349: [GC (Allocation Failure) 2019-06-10T18:09:34.027+0000: 28.349: [DefNew: 136738K->179K(153600K), 0.0020499 secs] 181070K->44512K(494976K), 0.0021070 secs] [Times: user=0.00 sys=0.00, real=0.01 secs] 
2019-06-10T18:09:36.707+0000: 31.029: [GC (Allocation Failure) 2019-06-10T18:09:36.707+0000: 31.029: [DefNew: 136755K->188K(153600K), 0.0020459 secs] 181088K->44521K(494976K), 0.0021150 secs] [Times: user=0.00 sys=0.00, real=0.01 secs] 
2019-06-10T18:09:39.389+0000: 33.710: [GC (Allocation Failure) 2019-06-10T18:09:39.389+0000: 33.710: [DefNew: 136764K->192K(153600K), 0.0020608 secs] 181097K->44524K(494976K), 0.0021146 secs] [Times: user=0.01 sys=0.00, real=0.00 secs] 
2019-06-10T18:09:42.014+0000: 36.335: [GC (Allocation Failure) 2019-06-10T18:09:42.014+0000: 36.335: [DefNew: 136768K->186K(153600K), 0.0020934 secs] 181100K->44519K(494976K), 0.0021658 secs] [Times: user=0.00 sys=0.00, real=0.00 secs] 
2019-06-10T18:09:44.645+0000: 38.967: [GC (Allocation Failure) 2019-06-10T18:09:44.645+0000: 38.967: [DefNew: 136762K->196K(153600K), 0.0020778 secs] 181095K->44528K(494976K), 0.0021575 secs] [Times: user=0.00 sys=0.00, real=0.00 secs] 
2019-06-10T18:09:47.255+0000: 41.577: [GC (Allocation Failure) 2019-06-10T18:09:47.255+0000: 41.577: [DefNew: 136772K->194K(153600K), 0.0021729 secs] 181104K->44527K(494976K), 0.0022343 secs] [Times: user=0.00 sys=0.00, real=0.01 secs] 
18:09:54.896 [Curator-PathChildrenCache-0] ERROR o.a.c.f.r.c.PathChildrenCache  - 
java.lang.IllegalStateException: instance must be started before calling this method
	at org.apache.curator.shaded.com.google.common.base.Preconditions.checkState(Preconditions.java:444)
	at org.apache.curator.framework.imps.CuratorFrameworkImpl.getChildren(CuratorFrameworkImpl.java:456)
	at org.apache.curator.framework.recipes.cache.PathChildrenCache.refresh(PathChildrenCache.java:521)
	at org.apache.curator.framework.recipes.cache.RefreshOperation.invoke(RefreshOperation.java:35)
	at org.apache.curator.framework.recipes.cache.PathChildrenCache$9.run(PathChildrenCache.java:786)
	at java.util.concurrent.Executors$RunnableAdapter.call(Executors.java:511)
	at java.util.concurrent.FutureTask.run(FutureTask.java:266)
	at java.util.concurrent.Executors$RunnableAdapter.call(Executors.java:511)
	at java.util.concurrent.FutureTask.run(FutureTask.java:266)
	at java.util.concurrent.ThreadPoolExecutor.runWorker(ThreadPoolExecutor.java:1149)
	at java.util.concurrent.ThreadPoolExecutor$Worker.run(ThreadPoolExecutor.java:624)
	at java.lang.Thread.run(Thread.java:748)
Heap
 def new generation   total 153600K, used 135506K [0x00000000e0c00000, 0x00000000eb2a0000, 0x00000000eb2a0000)
  eden space 136576K,  99% used [0x00000000e0c00000, 0x00000000e9023ed0, 0x00000000e9160000)
  from space 17024K,   1% used [0x00000000e9160000, 0x00000000e9190bd8, 0x00000000ea200000)
  to   space 17024K,   0% used [0x00000000ea200000, 0x00000000ea200000, 0x00000000eb2a0000)
 tenured generation   total 341376K, used 44332K [0x00000000eb2a0000, 0x0000000100000000, 0x0000000100000000)
   the space 341376K,  12% used [0x00000000eb2a0000, 0x00000000eddeb1d8, 0x00000000eddeb200, 0x0000000100000000)
 Metaspace       used 35996K, capacity 36974K, committed 37120K, reserved 1081344K
  class space    used 4873K, capacity 5067K, committed 5120K, reserved 1048576K
