05:04:50,159 |-INFO in ch.qos.logback.classic.LoggerContext[default] - Could NOT find resource [logback-test.xml]
05:04:50,159 |-INFO in ch.qos.logback.classic.LoggerContext[default] - Could NOT find resource [logback.groovy]
05:04:50,159 |-INFO in ch.qos.logback.classic.LoggerContext[default] - Found resource [logback.xml] at [jar:file:/home/nikitasokolov/flamestream/lib/flamestream-runtime-1.0-SNAPSHOT.jar!/logback.xml]
05:04:50,160 |-WARN in ch.qos.logback.classic.LoggerContext[default] - Resource [logback.xml] occurs multiple times on the classpath.
05:04:50,161 |-WARN in ch.qos.logback.classic.LoggerContext[default] - Resource [logback.xml] occurs at [jar:file:/home/nikitasokolov/flamestream/lib/flamestream-runtime-1.0-SNAPSHOT.jar!/logback.xml]
05:04:50,161 |-WARN in ch.qos.logback.classic.LoggerContext[default] - Resource [logback.xml] occurs at [jar:file:/home/nikitasokolov/flamestream/flamestream-runtime-1.0-SNAPSHOT.jar!/logback.xml]
05:04:50,177 |-INFO in ch.qos.logback.core.joran.spi.ConfigurationWatchList@6108b2d7 - URL [jar:file:/home/nikitasokolov/flamestream/lib/flamestream-runtime-1.0-SNAPSHOT.jar!/logback.xml] is not of type file
05:04:50,227 |-INFO in ch.qos.logback.classic.joran.action.ConfigurationAction - debug attribute not set
05:04:50,228 |-INFO in ch.qos.logback.core.joran.action.AppenderAction - About to instantiate appender of type [ch.qos.logback.core.ConsoleAppender]
05:04:50,236 |-INFO in ch.qos.logback.core.joran.action.AppenderAction - Naming appender as [STDOUT]
05:04:50,243 |-INFO in ch.qos.logback.core.joran.action.NestedComplexPropertyIA - Assuming default type [ch.qos.logback.classic.encoder.PatternLayoutEncoder] for [encoder] property
05:04:50,298 |-INFO in ch.qos.logback.core.joran.action.AppenderAction - About to instantiate appender of type [ch.qos.logback.core.rolling.RollingFileAppender]
05:04:50,303 |-INFO in ch.qos.logback.core.joran.action.AppenderAction - Naming appender as [FILE]
05:04:50,325 |-INFO in c.q.l.core.rolling.TimeBasedRollingPolicy@357863579 - No compression will be used
05:04:50,326 |-INFO in c.q.l.core.rolling.TimeBasedRollingPolicy@357863579 - Will use the pattern /tmp/application_%d{yyyy-MM-dd}.%i.log for the active file
05:04:50,329 |-INFO in ch.qos.logback.core.rolling.SizeAndTimeBasedFNATP@6bf256fa - The date pattern is 'yyyy-MM-dd' from file name pattern '/tmp/application_%d{yyyy-MM-dd}.%i.log'.
05:04:50,329 |-INFO in ch.qos.logback.core.rolling.SizeAndTimeBasedFNATP@6bf256fa - Roll-over at midnight.
05:04:50,333 |-INFO in ch.qos.logback.core.rolling.SizeAndTimeBasedFNATP@6bf256fa - Setting initial period to Sun Jun 09 05:04:06 MSK 2019
05:04:50,333 |-WARN in ch.qos.logback.core.rolling.SizeAndTimeBasedFNATP@6bf256fa - SizeAndTimeBasedFNATP is deprecated. Use SizeAndTimeBasedRollingPolicy instead
05:04:50,333 |-WARN in ch.qos.logback.core.rolling.SizeAndTimeBasedFNATP@6bf256fa - For more information see http://logback.qos.ch/manual/appenders.html#SizeAndTimeBasedRollingPolicy
05:04:50,337 |-INFO in ch.qos.logback.core.joran.action.NestedComplexPropertyIA - Assuming default type [ch.qos.logback.classic.encoder.PatternLayoutEncoder] for [encoder] property
05:04:50,340 |-INFO in ch.qos.logback.core.rolling.RollingFileAppender[FILE] - Active log file name: /tmp/application.log
05:04:50,340 |-INFO in ch.qos.logback.core.rolling.RollingFileAppender[FILE] - File property is set to [/tmp/application.log]
05:04:50,341 |-INFO in ch.qos.logback.classic.joran.action.RootLoggerAction - Setting level of ROOT logger to WARN
05:04:50,341 |-INFO in ch.qos.logback.core.joran.action.AppenderRefAction - Attaching appender named [STDOUT] to Logger[ROOT]
05:04:50,341 |-INFO in ch.qos.logback.core.joran.action.AppenderRefAction - Attaching appender named [FILE] to Logger[ROOT]
05:04:50,341 |-INFO in ch.qos.logback.classic.joran.action.ConfigurationAction - End of configuration.
05:04:50,342 |-INFO in ch.qos.logback.classic.joran.JoranConfigurator@6cd8737 - Registering current configuration as safe fallback point

2019-06-09T05:04:51.334+0300: 1.381: [GC (Metadata GC Threshold) [PSYoungGen: 105581K->15859K(149504K)] 105581K->15939K(491008K), 0.0265330 secs] [Times: user=0.09 sys=0.02, real=0.03 secs] 
2019-06-09T05:04:51.361+0300: 1.408: [Full GC (Metadata GC Threshold) [PSYoungGen: 15859K->0K(149504K)] [ParOldGen: 80K->14981K(341504K)] 15939K->14981K(491008K), [Metaspace: 20806K->20806K(1067008K)], 0.0292406 secs] [Times: user=0.19 sys=0.01, real=0.03 secs] 
05:04:58.542 [Curator-PathChildrenCache-2] WARN  o.a.c.u.ZKPaths  - The version of ZooKeeper being used doesn't support Container nodes. CreateMode.PERSISTENT will be used instead.
2019-06-09T05:04:59.242+0300: 9.289: [GC (Allocation Failure) [PSYoungGen: 128512K->20971K(149504K)] 143493K->50780K(491008K), 0.0193567 secs] [Times: user=0.22 sys=0.01, real=0.02 secs] 
2019-06-09T05:04:59.278+0300: 9.325: [GC (Metadata GC Threshold) [PSYoungGen: 27459K->20971K(149504K)] 57269K->50948K(491008K), 0.0111201 secs] [Times: user=0.13 sys=0.01, real=0.00 secs] 
2019-06-09T05:04:59.289+0300: 9.336: [Full GC (Metadata GC Threshold) [PSYoungGen: 20971K->0K(149504K)] [ParOldGen: 29977K->39784K(341504K)] 50948K->39784K(491008K), [Metaspace: 34469K->34466K(1079296K)], 0.0347723 secs] [Times: user=0.16 sys=0.02, real=0.04 secs] 
2019-06-09T05:05:01.405+0300: 11.452: [GC (Allocation Failure) [PSYoungGen: 128512K->736K(149504K)] 168296K->40528K(491008K), 0.0033339 secs] [Times: user=0.02 sys=0.01, real=0.00 secs] 
2019-06-09T05:05:02.865+0300: 12.912: [GC (Allocation Failure) [PSYoungGen: 129248K->608K(129536K)] 169040K->40408K(471040K), 0.0033813 secs] [Times: user=0.01 sys=0.00, real=0.00 secs] 
2019-06-09T05:05:04.339+0300: 14.386: [GC (Allocation Failure) [PSYoungGen: 129120K->704K(128512K)] 168920K->40512K(470016K), 0.0041211 secs] [Times: user=0.03 sys=0.01, real=0.00 secs] 
2019-06-09T05:05:05.153+0300: 15.200: [GC (Allocation Failure) [PSYoungGen: 88256K->704K(129024K)] 128064K->40520K(470528K), 0.0034655 secs] [Times: user=0.02 sys=0.00, real=0.00 secs] 
2019-06-09T05:05:06.223+0300: 16.270: [GC (Allocation Failure) [PSYoungGen: 88256K->352K(132096K)] 128072K->40488K(473600K), 0.0033150 secs] [Times: user=0.01 sys=0.00, real=0.00 secs] 
2019-06-09T05:05:06.992+0300: 17.038: [GC (Allocation Failure) [PSYoungGen: 92512K->448K(130560K)] 132648K->40736K(472064K), 0.0028714 secs] [Times: user=0.01 sys=0.00, real=0.00 secs] 
2019-06-09T05:05:07.733+0300: 17.780: [GC (Allocation Failure) [PSYoungGen: 92608K->448K(134656K)] 132896K->40832K(476160K), 0.0029307 secs] [Times: user=0.01 sys=0.01, real=0.00 secs] 
2019-06-09T05:05:08.709+0300: 18.756: [GC (Allocation Failure) [PSYoungGen: 98240K->384K(133632K)] 138624K->40848K(475136K), 0.0024090 secs] [Times: user=0.01 sys=0.01, real=0.01 secs] 
2019-06-09T05:05:09.438+0300: 19.484: [GC (Allocation Failure) [PSYoungGen: 98176K->480K(137728K)] 138640K->41040K(479232K), 0.0025534 secs] [Times: user=0.01 sys=0.00, real=0.00 secs] 
2019-06-09T05:05:10.321+0300: 20.368: [GC (Allocation Failure) [PSYoungGen: 103904K->384K(136192K)] 144464K->41024K(477696K), 0.0022139 secs] [Times: user=0.01 sys=0.00, real=0.00 secs] 
2019-06-09T05:05:11.421+0300: 21.468: [GC (Allocation Failure) [PSYoungGen: 103808K->416K(141312K)] 144448K->41056K(482816K), 0.0040367 secs] [Times: user=0.02 sys=0.00, real=0.00 secs] 
2019-06-09T05:05:12.199+0300: 22.246: [GC (Allocation Failure) [PSYoungGen: 110496K->448K(139264K)] 151136K->41096K(480768K), 0.0026282 secs] [Times: user=0.01 sys=0.00, real=0.00 secs] 
2019-06-09T05:05:13.184+0300: 23.231: [GC (Allocation Failure) [PSYoungGen: 110528K->576K(144384K)] 151176K->41232K(485888K), 0.0023474 secs] [Times: user=0.02 sys=0.00, real=0.00 secs] 
2019-06-09T05:05:14.165+0300: 24.211: [GC (Allocation Failure) [PSYoungGen: 117312K->512K(142848K)] 157968K->41168K(484352K), 0.0025150 secs] [Times: user=0.01 sys=0.00, real=0.00 secs] 
2019-06-09T05:05:15.142+0300: 25.189: [GC (Allocation Failure) [PSYoungGen: 117248K->512K(146944K)] 157904K->41168K(488448K), 0.0818781 secs] [Times: user=0.01 sys=0.00, real=0.08 secs] 
2019-06-09T05:05:16.443+0300: 26.490: [GC (Allocation Failure) [PSYoungGen: 122880K->544K(145920K)] 163536K->41208K(487424K), 0.0028522 secs] [Times: user=0.01 sys=0.00, real=0.00 secs] 
2019-06-09T05:05:17.572+0300: 27.619: [GC (Allocation Failure) [PSYoungGen: 122912K->544K(150016K)] 163576K->41208K(491520K), 0.0030378 secs] [Times: user=0.01 sys=0.01, real=0.00 secs] 
2019-06-09T05:05:19.118+0300: 29.165: [GC (Allocation Failure) [PSYoungGen: 128544K->416K(148480K)] 169208K->41088K(489984K), 0.0031783 secs] [Times: user=0.01 sys=0.00, real=0.00 secs] 
05:05:26.681 [Curator-PathChildrenCache-0] ERROR o.a.c.f.r.c.PathChildrenCache  - 
java.lang.IllegalStateException: instance must be started before calling this method
	at org.apache.curator.shaded.com.google.common.base.Preconditions.checkState(Preconditions.java:444)
	at org.apache.curator.framework.imps.CuratorFrameworkImpl.getChildren(CuratorFrameworkImpl.java:456)
	at org.apache.curator.framework.recipes.cache.PathChildrenCache.refresh(PathChildrenCache.java:521)
	at org.apache.curator.framework.recipes.cache.RefreshOperation.invoke(RefreshOperation.java:35)
	at org.apache.curator.framework.recipes.cache.PathChildrenCache$9.run(PathChildrenCache.java:786)
	at java.util.concurrent.Executors$RunnableAdapter.call(Executors.java:511)
	at java.util.concurrent.FutureTask.run(FutureTask.java:266)
	at java.util.concurrent.Executors$RunnableAdapter.call(Executors.java:511)
	at java.util.concurrent.FutureTask.run(FutureTask.java:266)
	at java.util.concurrent.ThreadPoolExecutor.runWorker(ThreadPoolExecutor.java:1149)
	at java.util.concurrent.ThreadPoolExecutor$Worker.run(ThreadPoolExecutor.java:624)
	at java.lang.Thread.run(Thread.java:748)
Heap
 PSYoungGen      total 148480K, used 127769K [0x00000000f5980000, 0x0000000100000000, 0x0000000100000000)
  eden space 128000K, 99% used [0x00000000f5980000,0x00000000fd5de660,0x00000000fd680000)
  from space 20480K, 2% used [0x00000000fd680000,0x00000000fd6e8020,0x00000000fea80000)
  to   space 19456K, 0% used [0x00000000fed00000,0x00000000fed00000,0x0000000100000000)
 ParOldGen       total 341504K, used 40672K [0x00000000e0c00000, 0x00000000f5980000, 0x00000000f5980000)
  object space 341504K, 11% used [0x00000000e0c00000,0x00000000e33b8330,0x00000000f5980000)
 Metaspace       used 36005K, capacity 36978K, committed 37208K, reserved 1081344K
  class space    used 4976K, capacity 5195K, committed 5248K, reserved 1048576K
