17:54:14,281 |-INFO in ch.qos.logback.classic.LoggerContext[default] - Could NOT find resource [logback-test.xml]
17:54:14,281 |-INFO in ch.qos.logback.classic.LoggerContext[default] - Could NOT find resource [logback.groovy]
17:54:14,281 |-INFO in ch.qos.logback.classic.LoggerContext[default] - Found resource [logback.xml] at [jar:file:/root/flamestream/lib/flamestream-runtime-1.0-SNAPSHOT.jar!/logback.xml]
17:54:14,282 |-WARN in ch.qos.logback.classic.LoggerContext[default] - Resource [logback.xml] occurs multiple times on the classpath.
17:54:14,282 |-WARN in ch.qos.logback.classic.LoggerContext[default] - Resource [logback.xml] occurs at [jar:file:/root/flamestream/lib/flamestream-runtime-1.0-SNAPSHOT.jar!/logback.xml]
17:54:14,282 |-WARN in ch.qos.logback.classic.LoggerContext[default] - Resource [logback.xml] occurs at [jar:file:/root/flamestream/flamestream-runtime-1.0-SNAPSHOT.jar!/logback.xml]
17:54:14,305 |-INFO in ch.qos.logback.core.joran.spi.ConfigurationWatchList@3fb6a447 - URL [jar:file:/root/flamestream/lib/flamestream-runtime-1.0-SNAPSHOT.jar!/logback.xml] is not of type file
17:54:14,373 |-INFO in ch.qos.logback.classic.joran.action.ConfigurationAction - debug attribute not set
17:54:14,374 |-INFO in ch.qos.logback.core.joran.action.AppenderAction - About to instantiate appender of type [ch.qos.logback.core.ConsoleAppender]
17:54:14,390 |-INFO in ch.qos.logback.core.joran.action.AppenderAction - Naming appender as [STDOUT]
17:54:14,408 |-INFO in ch.qos.logback.core.joran.action.NestedComplexPropertyIA - Assuming default type [ch.qos.logback.classic.encoder.PatternLayoutEncoder] for [encoder] property
17:54:14,495 |-INFO in ch.qos.logback.core.joran.action.AppenderAction - About to instantiate appender of type [ch.qos.logback.core.rolling.RollingFileAppender]
17:54:14,501 |-INFO in ch.qos.logback.core.joran.action.AppenderAction - Naming appender as [FILE]
17:54:14,531 |-INFO in c.q.l.core.rolling.TimeBasedRollingPolicy@127618319 - No compression will be used
17:54:14,532 |-INFO in c.q.l.core.rolling.TimeBasedRollingPolicy@127618319 - Will use the pattern /tmp/application_%d{yyyy-MM-dd}.%i.log for the active file
17:54:14,535 |-INFO in ch.qos.logback.core.rolling.SizeAndTimeBasedFNATP@6b2fad11 - The date pattern is 'yyyy-MM-dd' from file name pattern '/tmp/application_%d{yyyy-MM-dd}.%i.log'.
17:54:14,535 |-INFO in ch.qos.logback.core.rolling.SizeAndTimeBasedFNATP@6b2fad11 - Roll-over at midnight.
17:54:14,540 |-INFO in ch.qos.logback.core.rolling.SizeAndTimeBasedFNATP@6b2fad11 - Setting initial period to Mon Jun 10 17:52:55 UTC 2019
17:54:14,540 |-WARN in ch.qos.logback.core.rolling.SizeAndTimeBasedFNATP@6b2fad11 - SizeAndTimeBasedFNATP is deprecated. Use SizeAndTimeBasedRollingPolicy instead
17:54:14,540 |-WARN in ch.qos.logback.core.rolling.SizeAndTimeBasedFNATP@6b2fad11 - For more information see http://logback.qos.ch/manual/appenders.html#SizeAndTimeBasedRollingPolicy
17:54:14,544 |-INFO in ch.qos.logback.core.joran.action.NestedComplexPropertyIA - Assuming default type [ch.qos.logback.classic.encoder.PatternLayoutEncoder] for [encoder] property
17:54:14,549 |-INFO in ch.qos.logback.core.rolling.RollingFileAppender[FILE] - Active log file name: /tmp/application.log
17:54:14,549 |-INFO in ch.qos.logback.core.rolling.RollingFileAppender[FILE] - File property is set to [/tmp/application.log]
17:54:14,550 |-INFO in ch.qos.logback.classic.joran.action.RootLoggerAction - Setting level of ROOT logger to WARN
17:54:14,550 |-INFO in ch.qos.logback.core.joran.action.AppenderRefAction - Attaching appender named [STDOUT] to Logger[ROOT]
17:54:14,552 |-INFO in ch.qos.logback.core.joran.action.AppenderRefAction - Attaching appender named [FILE] to Logger[ROOT]
17:54:14,552 |-INFO in ch.qos.logback.classic.joran.action.ConfigurationAction - End of configuration.
17:54:14,552 |-INFO in ch.qos.logback.classic.joran.JoranConfigurator@79698539 - Registering current configuration as safe fallback point

Ama winner
Ama winner
2019-06-10T17:54:15.866+0000: 1.766: [Full GC (Metadata GC Threshold) 2019-06-10T17:54:15.866+0000: 1.766: [Tenured: 0K->15145K(341376K), 0.0365786 secs] 114987K->15145K(494976K), [Metaspace: 20734K->20734K(1067008K)], 0.0366466 secs] [Times: user=0.02 sys=0.01, real=0.04 secs] 
17:54:31.709 [Curator-PathChildrenCache-1] WARN  o.a.c.u.ZKPaths  - The version of ZooKeeper being used doesn't support Container nodes. CreateMode.PERSISTENT will be used instead.
2019-06-10T17:54:33.850+0000: 19.750: [GC (Allocation Failure) 2019-06-10T17:54:33.850+0000: 19.750: [DefNew: 136548K->16691K(153600K), 0.0257603 secs] 151694K->51368K(494976K), 0.0258319 secs] [Times: user=0.02 sys=0.00, real=0.03 secs] 
2019-06-10T17:54:34.904+0000: 20.804: [Full GC (Metadata GC Threshold) 2019-06-10T17:54:34.904+0000: 20.804: [Tenured: 34677K->43410K(341376K), 0.0388236 secs] 78918K->43410K(494976K), [Metaspace: 34592K->34592K(1079296K)], 0.0388976 secs] [Times: user=0.03 sys=0.00, real=0.04 secs] 
2019-06-10T17:54:41.572+0000: 27.471: [GC (Allocation Failure) 2019-06-10T17:54:41.572+0000: 27.471: [DefNew: 136576K->66K(153600K), 0.0018282 secs] 179986K->43476K(494976K), 0.0018879 secs] [Times: user=0.01 sys=0.00, real=0.00 secs] 
2019-06-10T17:54:48.091+0000: 33.991: [GC (Allocation Failure) 2019-06-10T17:54:48.091+0000: 33.991: [DefNew: 136642K->70K(153600K), 0.0017581 secs] 180052K->43481K(494976K), 0.0018328 secs] [Times: user=0.00 sys=0.00, real=0.00 secs] 
2019-06-10T17:54:54.792+0000: 40.692: [GC (Allocation Failure) 2019-06-10T17:54:54.792+0000: 40.692: [DefNew: 136646K->70K(153600K), 0.0017521 secs] 180057K->43480K(494976K), 0.0018161 secs] [Times: user=0.00 sys=0.00, real=0.00 secs] 
2019-06-10T17:55:01.460+0000: 47.360: [GC (Allocation Failure) 2019-06-10T17:55:01.460+0000: 47.360: [DefNew: 136646K->72K(153600K), 0.0018432 secs] 180056K->43482K(494976K), 0.0019114 secs] [Times: user=0.00 sys=0.00, real=0.00 secs] 
2019-06-10T17:55:08.130+0000: 54.029: [GC (Allocation Failure) 2019-06-10T17:55:08.130+0000: 54.030: [DefNew: 136648K->71K(153600K), 0.0018232 secs] 180058K->43482K(494976K), 0.0018821 secs] [Times: user=0.00 sys=0.00, real=0.01 secs] 
17:55:17.306 [Curator-PathChildrenCache-0] ERROR o.a.c.f.r.c.PathChildrenCache  - 
java.lang.IllegalStateException: instance must be started before calling this method
	at org.apache.curator.shaded.com.google.common.base.Preconditions.checkState(Preconditions.java:444)
	at org.apache.curator.framework.imps.CuratorFrameworkImpl.getChildren(CuratorFrameworkImpl.java:456)
	at org.apache.curator.framework.recipes.cache.PathChildrenCache.refresh(PathChildrenCache.java:521)
	at org.apache.curator.framework.recipes.cache.RefreshOperation.invoke(RefreshOperation.java:35)
	at org.apache.curator.framework.recipes.cache.PathChildrenCache$9.run(PathChildrenCache.java:786)
	at java.util.concurrent.Executors$RunnableAdapter.call(Executors.java:511)
	at java.util.concurrent.FutureTask.run(FutureTask.java:266)
	at java.util.concurrent.Executors$RunnableAdapter.call(Executors.java:511)
	at java.util.concurrent.FutureTask.run(FutureTask.java:266)
	at java.util.concurrent.ThreadPoolExecutor.runWorker(ThreadPoolExecutor.java:1149)
	at java.util.concurrent.ThreadPoolExecutor$Worker.run(ThreadPoolExecutor.java:624)
	at java.lang.Thread.run(Thread.java:748)
Heap
 def new generation   total 153600K, used 102684K [0x00000000e0c00000, 0x00000000eb2a0000, 0x00000000eb2a0000)
  eden space 136576K,  75% used [0x00000000e0c00000, 0x00000000e7035488, 0x00000000e9160000)
  from space 17024K,   0% used [0x00000000e9160000, 0x00000000e9171f60, 0x00000000ea200000)
  to   space 17024K,   0% used [0x00000000ea200000, 0x00000000ea200000, 0x00000000eb2a0000)
 tenured generation   total 341376K, used 43410K [0x00000000eb2a0000, 0x0000000100000000, 0x0000000100000000)
   the space 341376K,  12% used [0x00000000eb2a0000, 0x00000000edd049c0, 0x00000000edd04a00, 0x0000000100000000)
 Metaspace       used 36263K, capacity 37198K, committed 37376K, reserved 1081344K
  class space    used 4877K, capacity 5087K, committed 5120K, reserved 1048576K
