01:26:33,686 |-INFO in ch.qos.logback.classic.LoggerContext[default] - Could NOT find resource [logback-test.xml]
01:26:33,686 |-INFO in ch.qos.logback.classic.LoggerContext[default] - Could NOT find resource [logback.groovy]
01:26:33,686 |-INFO in ch.qos.logback.classic.LoggerContext[default] - Found resource [logback.xml] at [jar:file:/home/nikitasokolov/flamestream/lib/flamestream-runtime-1.0-SNAPSHOT.jar!/logback.xml]
01:26:33,687 |-WARN in ch.qos.logback.classic.LoggerContext[default] - Resource [logback.xml] occurs multiple times on the classpath.
01:26:33,687 |-WARN in ch.qos.logback.classic.LoggerContext[default] - Resource [logback.xml] occurs at [jar:file:/home/nikitasokolov/flamestream/lib/flamestream-runtime-1.0-SNAPSHOT.jar!/logback.xml]
01:26:33,687 |-WARN in ch.qos.logback.classic.LoggerContext[default] - Resource [logback.xml] occurs at [jar:file:/home/nikitasokolov/flamestream/flamestream-runtime-1.0-SNAPSHOT.jar!/logback.xml]
01:26:33,705 |-INFO in ch.qos.logback.core.joran.spi.ConfigurationWatchList@2f7a2457 - URL [jar:file:/home/nikitasokolov/flamestream/lib/flamestream-runtime-1.0-SNAPSHOT.jar!/logback.xml] is not of type file
01:26:33,757 |-INFO in ch.qos.logback.classic.joran.action.ConfigurationAction - debug attribute not set
01:26:33,758 |-INFO in ch.qos.logback.core.joran.action.AppenderAction - About to instantiate appender of type [ch.qos.logback.core.ConsoleAppender]
01:26:33,765 |-INFO in ch.qos.logback.core.joran.action.AppenderAction - Naming appender as [STDOUT]
01:26:33,774 |-INFO in ch.qos.logback.core.joran.action.NestedComplexPropertyIA - Assuming default type [ch.qos.logback.classic.encoder.PatternLayoutEncoder] for [encoder] property
01:26:33,827 |-INFO in ch.qos.logback.core.joran.action.AppenderAction - About to instantiate appender of type [ch.qos.logback.core.rolling.RollingFileAppender]
01:26:33,832 |-INFO in ch.qos.logback.core.joran.action.AppenderAction - Naming appender as [FILE]
01:26:33,855 |-INFO in c.q.l.core.rolling.TimeBasedRollingPolicy@1449621165 - No compression will be used
01:26:33,857 |-INFO in c.q.l.core.rolling.TimeBasedRollingPolicy@1449621165 - Will use the pattern /tmp/application_%d{yyyy-MM-dd}.%i.log for the active file
01:26:33,860 |-INFO in ch.qos.logback.core.rolling.SizeAndTimeBasedFNATP@6108b2d7 - The date pattern is 'yyyy-MM-dd' from file name pattern '/tmp/application_%d{yyyy-MM-dd}.%i.log'.
01:26:33,860 |-INFO in ch.qos.logback.core.rolling.SizeAndTimeBasedFNATP@6108b2d7 - Roll-over at midnight.
01:26:33,864 |-INFO in ch.qos.logback.core.rolling.SizeAndTimeBasedFNATP@6108b2d7 - Setting initial period to Sat Jun 08 01:25:48 MSK 2019
01:26:33,864 |-WARN in ch.qos.logback.core.rolling.SizeAndTimeBasedFNATP@6108b2d7 - SizeAndTimeBasedFNATP is deprecated. Use SizeAndTimeBasedRollingPolicy instead
01:26:33,864 |-WARN in ch.qos.logback.core.rolling.SizeAndTimeBasedFNATP@6108b2d7 - For more information see http://logback.qos.ch/manual/appenders.html#SizeAndTimeBasedRollingPolicy
01:26:33,868 |-INFO in ch.qos.logback.core.joran.action.NestedComplexPropertyIA - Assuming default type [ch.qos.logback.classic.encoder.PatternLayoutEncoder] for [encoder] property
01:26:33,871 |-INFO in ch.qos.logback.core.rolling.RollingFileAppender[FILE] - Active log file name: /tmp/application.log
01:26:33,871 |-INFO in ch.qos.logback.core.rolling.RollingFileAppender[FILE] - File property is set to [/tmp/application.log]
01:26:33,872 |-INFO in ch.qos.logback.classic.joran.action.RootLoggerAction - Setting level of ROOT logger to WARN
01:26:33,872 |-INFO in ch.qos.logback.core.joran.action.AppenderRefAction - Attaching appender named [STDOUT] to Logger[ROOT]
01:26:33,873 |-INFO in ch.qos.logback.core.joran.action.AppenderRefAction - Attaching appender named [FILE] to Logger[ROOT]
01:26:33,873 |-INFO in ch.qos.logback.classic.joran.action.ConfigurationAction - End of configuration.
01:26:33,873 |-INFO in ch.qos.logback.classic.joran.JoranConfigurator@1554909b - Registering current configuration as safe fallback point

2019-06-08T01:26:34.910+0300: 1.432: [GC (Metadata GC Threshold) [PSYoungGen: 110652K->15976K(149504K)] 110652K->16056K(491008K), 0.0208425 secs] [Times: user=0.07 sys=0.01, real=0.02 secs] 
2019-06-08T01:26:34.931+0300: 1.453: [Full GC (Metadata GC Threshold) [PSYoungGen: 15976K->0K(149504K)] [ParOldGen: 80K->15081K(341504K)] 16056K->15081K(491008K), [Metaspace: 20808K->20808K(1067008K)], 0.0280685 secs] [Times: user=0.20 sys=0.02, real=0.03 secs] 
01:26:42.130 [Curator-PathChildrenCache-1] WARN  o.a.c.u.ZKPaths  - The version of ZooKeeper being used doesn't support Container nodes. CreateMode.PERSISTENT will be used instead.
2019-06-08T01:26:42.922+0300: 9.443: [GC (Metadata GC Threshold) [PSYoungGen: 121897K->20987K(149504K)] 136978K->50062K(491008K), 0.0272164 secs] [Times: user=0.27 sys=0.02, real=0.02 secs] 
2019-06-08T01:26:42.949+0300: 9.470: [Full GC (Metadata GC Threshold) [PSYoungGen: 20987K->0K(149504K)] [ParOldGen: 29075K->39044K(341504K)] 50062K->39044K(491008K), [Metaspace: 34541K->34541K(1079296K)], 0.0343068 secs] [Times: user=0.16 sys=0.04, real=0.04 secs] 
2019-06-08T01:26:45.167+0300: 11.688: [GC (Allocation Failure) [PSYoungGen: 128512K->608K(149504K)] 167556K->39660K(491008K), 0.0028560 secs] [Times: user=0.01 sys=0.00, real=0.00 secs] 
2019-06-08T01:26:47.517+0300: 14.038: [GC (Allocation Failure) [PSYoungGen: 129120K->704K(149504K)] 168172K->39764K(491008K), 0.0026940 secs] [Times: user=0.01 sys=0.00, real=0.01 secs] 
2019-06-08T01:26:49.332+0300: 15.854: [GC (Allocation Failure) [PSYoungGen: 129216K->768K(129536K)] 168276K->39836K(471040K), 0.0024137 secs] [Times: user=0.02 sys=0.00, real=0.00 secs] 
2019-06-08T01:26:51.022+0300: 17.543: [GC (Allocation Failure) [PSYoungGen: 129280K->608K(132608K)] 168348K->39684K(474112K), 0.0040529 secs] [Times: user=0.02 sys=0.00, real=0.00 secs] 
2019-06-08T01:26:52.299+0300: 18.820: [GC (Allocation Failure) [PSYoungGen: 93280K->736K(130560K)] 132356K->39820K(472064K), 0.0027481 secs] [Times: user=0.01 sys=0.00, real=0.00 secs] 
2019-06-08T01:26:53.517+0300: 20.039: [GC (Allocation Failure) [PSYoungGen: 93408K->704K(136704K)] 132492K->39788K(478208K), 0.0029095 secs] [Times: user=0.01 sys=0.00, real=0.01 secs] 
2019-06-08T01:26:54.846+0300: 21.368: [GC (Allocation Failure) [PSYoungGen: 101568K->672K(134656K)] 140652K->39764K(476160K), 0.0033440 secs] [Times: user=0.01 sys=0.00, real=0.01 secs] 
2019-06-08T01:26:56.315+0300: 22.836: [GC (Allocation Failure) [PSYoungGen: 101536K->832K(140288K)] 140628K->39932K(481792K), 0.0028438 secs] [Times: user=0.02 sys=0.01, real=0.01 secs] 
2019-06-08T01:26:57.967+0300: 24.489: [GC (Allocation Failure) [PSYoungGen: 109376K->832K(138752K)] 148476K->39932K(480256K), 0.0020880 secs] [Times: user=0.01 sys=0.00, real=0.00 secs] 
2019-06-08T01:26:59.485+0300: 26.006: [GC (Allocation Failure) [PSYoungGen: 109376K->832K(143360K)] 148476K->39932K(484864K), 0.0037519 secs] [Times: user=0.02 sys=0.00, real=0.00 secs] 
01:27:06.316 [Curator-PathChildrenCache-0] ERROR o.a.c.f.r.c.PathChildrenCache  - 
java.lang.IllegalStateException: instance must be started before calling this method
	at org.apache.curator.shaded.com.google.common.base.Preconditions.checkState(Preconditions.java:444)
	at org.apache.curator.framework.imps.CuratorFrameworkImpl.getChildren(CuratorFrameworkImpl.java:456)
	at org.apache.curator.framework.recipes.cache.PathChildrenCache.refresh(PathChildrenCache.java:521)
	at org.apache.curator.framework.recipes.cache.RefreshOperation.invoke(RefreshOperation.java:35)
	at org.apache.curator.framework.recipes.cache.PathChildrenCache$9.run(PathChildrenCache.java:786)
	at java.util.concurrent.Executors$RunnableAdapter.call(Executors.java:511)
	at java.util.concurrent.FutureTask.run(FutureTask.java:266)
	at java.util.concurrent.Executors$RunnableAdapter.call(Executors.java:511)
	at java.util.concurrent.FutureTask.run(FutureTask.java:266)
	at java.util.concurrent.ThreadPoolExecutor.runWorker(ThreadPoolExecutor.java:1149)
	at java.util.concurrent.ThreadPoolExecutor$Worker.run(ThreadPoolExecutor.java:624)
	at java.lang.Thread.run(Thread.java:748)
Heap
 PSYoungGen      total 143360K, used 64357K [0x00000000f5980000, 0x0000000100000000, 0x0000000100000000)
  eden space 114688K, 55% used [0x00000000f5980000,0x00000000f97895e8,0x00000000fc980000)
  from space 28672K, 2% used [0x00000000fe400000,0x00000000fe4d0090,0x0000000100000000)
  to   space 27136K, 0% used [0x00000000fc980000,0x00000000fc980000,0x00000000fe400000)
 ParOldGen       total 341504K, used 39100K [0x00000000e0c00000, 0x00000000f5980000, 0x00000000f5980000)
  object space 341504K, 11% used [0x00000000e0c00000,0x00000000e322f270,0x00000000f5980000)
 Metaspace       used 35816K, capacity 36720K, committed 36952K, reserved 1081344K
  class space    used 4943K, capacity 5136K, committed 5248K, reserved 1048576K
