03:56:41,663 |-INFO in ch.qos.logback.classic.LoggerContext[default] - Could NOT find resource [logback-test.xml]
03:56:41,663 |-INFO in ch.qos.logback.classic.LoggerContext[default] - Could NOT find resource [logback.groovy]
03:56:41,663 |-INFO in ch.qos.logback.classic.LoggerContext[default] - Found resource [logback.xml] at [jar:file:/home/nikitasokolov/flamestream/lib/flamestream-runtime-1.0-SNAPSHOT.jar!/logback.xml]
03:56:41,664 |-WARN in ch.qos.logback.classic.LoggerContext[default] - Resource [logback.xml] occurs multiple times on the classpath.
03:56:41,664 |-WARN in ch.qos.logback.classic.LoggerContext[default] - Resource [logback.xml] occurs at [jar:file:/home/nikitasokolov/flamestream/lib/flamestream-runtime-1.0-SNAPSHOT.jar!/logback.xml]
03:56:41,664 |-WARN in ch.qos.logback.classic.LoggerContext[default] - Resource [logback.xml] occurs at [jar:file:/home/nikitasokolov/flamestream/flamestream-runtime-1.0-SNAPSHOT.jar!/logback.xml]
03:56:41,680 |-INFO in ch.qos.logback.core.joran.spi.ConfigurationWatchList@6108b2d7 - URL [jar:file:/home/nikitasokolov/flamestream/lib/flamestream-runtime-1.0-SNAPSHOT.jar!/logback.xml] is not of type file
03:56:41,730 |-INFO in ch.qos.logback.classic.joran.action.ConfigurationAction - debug attribute not set
03:56:41,731 |-INFO in ch.qos.logback.core.joran.action.AppenderAction - About to instantiate appender of type [ch.qos.logback.core.ConsoleAppender]
03:56:41,738 |-INFO in ch.qos.logback.core.joran.action.AppenderAction - Naming appender as [STDOUT]
03:56:41,747 |-INFO in ch.qos.logback.core.joran.action.NestedComplexPropertyIA - Assuming default type [ch.qos.logback.classic.encoder.PatternLayoutEncoder] for [encoder] property
03:56:41,807 |-INFO in ch.qos.logback.core.joran.action.AppenderAction - About to instantiate appender of type [ch.qos.logback.core.rolling.RollingFileAppender]
03:56:41,813 |-INFO in ch.qos.logback.core.joran.action.AppenderAction - Naming appender as [FILE]
03:56:41,835 |-INFO in c.q.l.core.rolling.TimeBasedRollingPolicy@357863579 - No compression will be used
03:56:41,837 |-INFO in c.q.l.core.rolling.TimeBasedRollingPolicy@357863579 - Will use the pattern /tmp/application_%d{yyyy-MM-dd}.%i.log for the active file
03:56:41,839 |-INFO in ch.qos.logback.core.rolling.SizeAndTimeBasedFNATP@6bf256fa - The date pattern is 'yyyy-MM-dd' from file name pattern '/tmp/application_%d{yyyy-MM-dd}.%i.log'.
03:56:41,839 |-INFO in ch.qos.logback.core.rolling.SizeAndTimeBasedFNATP@6bf256fa - Roll-over at midnight.
03:56:41,844 |-INFO in ch.qos.logback.core.rolling.SizeAndTimeBasedFNATP@6bf256fa - Setting initial period to Sun Jun 09 03:55:57 MSK 2019
03:56:41,844 |-WARN in ch.qos.logback.core.rolling.SizeAndTimeBasedFNATP@6bf256fa - SizeAndTimeBasedFNATP is deprecated. Use SizeAndTimeBasedRollingPolicy instead
03:56:41,844 |-WARN in ch.qos.logback.core.rolling.SizeAndTimeBasedFNATP@6bf256fa - For more information see http://logback.qos.ch/manual/appenders.html#SizeAndTimeBasedRollingPolicy
03:56:41,848 |-INFO in ch.qos.logback.core.joran.action.NestedComplexPropertyIA - Assuming default type [ch.qos.logback.classic.encoder.PatternLayoutEncoder] for [encoder] property
03:56:41,851 |-INFO in ch.qos.logback.core.rolling.RollingFileAppender[FILE] - Active log file name: /tmp/application.log
03:56:41,851 |-INFO in ch.qos.logback.core.rolling.RollingFileAppender[FILE] - File property is set to [/tmp/application.log]
03:56:41,852 |-INFO in ch.qos.logback.classic.joran.action.RootLoggerAction - Setting level of ROOT logger to WARN
03:56:41,852 |-INFO in ch.qos.logback.core.joran.action.AppenderRefAction - Attaching appender named [STDOUT] to Logger[ROOT]
03:56:41,852 |-INFO in ch.qos.logback.core.joran.action.AppenderRefAction - Attaching appender named [FILE] to Logger[ROOT]
03:56:41,852 |-INFO in ch.qos.logback.classic.joran.action.ConfigurationAction - End of configuration.
03:56:41,853 |-INFO in ch.qos.logback.classic.joran.JoranConfigurator@6cd8737 - Registering current configuration as safe fallback point

2019-06-09T03:56:42.842+0300: 1.384: [GC (Metadata GC Threshold) [PSYoungGen: 108152K->15942K(149504K)] 108152K->16022K(491008K), 0.0258918 secs] [Times: user=0.15 sys=0.03, real=0.02 secs] 
2019-06-09T03:56:42.868+0300: 1.410: [Full GC (Metadata GC Threshold) [PSYoungGen: 15942K->0K(149504K)] [ParOldGen: 80K->15078K(341504K)] 16022K->15078K(491008K), [Metaspace: 20802K->20802K(1067008K)], 0.0278944 secs] [Times: user=0.18 sys=0.02, real=0.03 secs] 
03:56:54.398 [Curator-PathChildrenCache-2] WARN  o.a.c.u.ZKPaths  - The version of ZooKeeper being used doesn't support Container nodes. CreateMode.PERSISTENT will be used instead.
2019-06-09T03:56:55.091+0300: 13.632: [GC (Metadata GC Threshold) [PSYoungGen: 125886K->16806K(149504K)] 140964K->51423K(491008K), 0.0276674 secs] [Times: user=0.23 sys=0.01, real=0.03 secs] 
2019-06-09T03:56:55.119+0300: 13.660: [Full GC (Metadata GC Threshold) [PSYoungGen: 16806K->0K(149504K)] [ParOldGen: 34617K->39937K(341504K)] 51423K->39937K(491008K), [Metaspace: 34499K->34499K(1079296K)], 0.0357613 secs] [Times: user=0.21 sys=0.01, real=0.03 secs] 
2019-06-09T03:56:57.206+0300: 15.748: [GC (Allocation Failure) [PSYoungGen: 128512K->608K(149504K)] 168449K->40553K(491008K), 0.0768907 secs] [Times: user=0.02 sys=0.00, real=0.08 secs] 
2019-06-09T03:56:58.893+0300: 17.434: [GC (Allocation Failure) [PSYoungGen: 129120K->640K(149504K)] 169065K->40593K(491008K), 0.0032924 secs] [Times: user=0.01 sys=0.00, real=0.00 secs] 
2019-06-09T03:57:00.325+0300: 18.866: [GC (Allocation Failure) [PSYoungGen: 129152K->640K(129536K)] 169105K->40601K(471040K), 0.0034295 secs] [Times: user=0.00 sys=0.02, real=0.00 secs] 
2019-06-09T03:57:01.582+0300: 20.124: [GC (Allocation Failure) [PSYoungGen: 129152K->704K(148992K)] 169113K->40673K(490496K), 0.0042286 secs] [Times: user=0.03 sys=0.00, real=0.00 secs] 
2019-06-09T03:57:02.547+0300: 21.088: [GC (Allocation Failure) [PSYoungGen: 127168K->864K(147968K)] 167137K->40841K(489472K), 0.0032695 secs] [Times: user=0.01 sys=0.00, real=0.01 secs] 
2019-06-09T03:57:04.048+0300: 22.589: [GC (Allocation Failure) [PSYoungGen: 127328K->736K(151040K)] 167305K->40713K(492544K), 0.0031161 secs] [Times: user=0.02 sys=0.01, real=0.01 secs] 
2019-06-09T03:57:04.948+0300: 23.490: [GC (Allocation Failure) [PSYoungGen: 131296K->896K(150016K)] 171273K->40881K(491520K), 0.0041670 secs] [Times: user=0.02 sys=0.01, real=0.01 secs] 
2019-06-09T03:57:06.040+0300: 24.581: [GC (Allocation Failure) [PSYoungGen: 131456K->832K(152576K)] 171441K->40817K(494080K), 0.0033791 secs] [Times: user=0.01 sys=0.00, real=0.00 secs] 
2019-06-09T03:57:07.168+0300: 25.710: [GC (Allocation Failure) [PSYoungGen: 134976K->1248K(152064K)] 174961K->41241K(493568K), 0.0034601 secs] [Times: user=0.02 sys=0.00, real=0.01 secs] 
2019-06-09T03:57:08.511+0300: 27.053: [GC (Allocation Failure) [PSYoungGen: 135392K->896K(154624K)] 175385K->40889K(496128K), 0.0036300 secs] [Times: user=0.02 sys=0.00, real=0.00 secs] 
2019-06-09T03:57:09.683+0300: 28.224: [GC (Allocation Failure) [PSYoungGen: 138624K->736K(153600K)] 178617K->40729K(495104K), 0.0027619 secs] [Times: user=0.01 sys=0.00, real=0.00 secs] 
2019-06-09T03:57:10.758+0300: 29.299: [GC (Allocation Failure) [PSYoungGen: 138464K->864K(156160K)] 178457K->40865K(497664K), 0.0026622 secs] [Times: user=0.01 sys=0.00, real=0.00 secs] 
2019-06-09T03:57:11.986+0300: 30.527: [GC (Allocation Failure) [PSYoungGen: 141664K->864K(155136K)] 181665K->40865K(496640K), 0.0032544 secs] [Times: user=0.02 sys=0.00, real=0.00 secs] 
2019-06-09T03:57:13.233+0300: 31.775: [GC (Allocation Failure) [PSYoungGen: 141664K->800K(157696K)] 181665K->40801K(499200K), 0.0029247 secs] [Times: user=0.01 sys=0.00, real=0.00 secs] 
2019-06-09T03:57:14.539+0300: 33.080: [GC (Allocation Failure) [PSYoungGen: 144672K->864K(156672K)] 184673K->40873K(498176K), 0.0030381 secs] [Times: user=0.01 sys=0.00, real=0.00 secs] 
2019-06-09T03:57:16.808+0300: 35.349: [GC (Allocation Failure) [PSYoungGen: 144736K->640K(158720K)] 184745K->40961K(500224K), 0.0030426 secs] [Times: user=0.01 sys=0.00, real=0.01 secs] 
03:57:24.061 [Curator-PathChildrenCache-0] ERROR o.a.c.f.r.c.PathChildrenCache  - 
java.lang.IllegalStateException: instance must be started before calling this method
	at org.apache.curator.shaded.com.google.common.base.Preconditions.checkState(Preconditions.java:444)
	at org.apache.curator.framework.imps.CuratorFrameworkImpl.getChildren(CuratorFrameworkImpl.java:456)
	at org.apache.curator.framework.recipes.cache.PathChildrenCache.refresh(PathChildrenCache.java:521)
	at org.apache.curator.framework.recipes.cache.RefreshOperation.invoke(RefreshOperation.java:35)
	at org.apache.curator.framework.recipes.cache.PathChildrenCache$9.run(PathChildrenCache.java:786)
	at java.util.concurrent.Executors$RunnableAdapter.call(Executors.java:511)
	at java.util.concurrent.FutureTask.run(FutureTask.java:266)
	at java.util.concurrent.Executors$RunnableAdapter.call(Executors.java:511)
	at java.util.concurrent.FutureTask.run(FutureTask.java:266)
	at java.util.concurrent.ThreadPoolExecutor.runWorker(ThreadPoolExecutor.java:1149)
	at java.util.concurrent.ThreadPoolExecutor$Worker.run(ThreadPoolExecutor.java:624)
	at java.lang.Thread.run(Thread.java:748)
Heap
 PSYoungGen      total 158720K, used 103363K [0x00000000f5980000, 0x0000000100000000, 0x0000000100000000)
  eden space 146432K, 70% used [0x00000000f5980000,0x00000000fbdd0f88,0x00000000fe880000)
  from space 12288K, 5% used [0x00000000ff400000,0x00000000ff4a0030,0x0000000100000000)
  to   space 11776K, 0% used [0x00000000fe880000,0x00000000fe880000,0x00000000ff400000)
 ParOldGen       total 341504K, used 40321K [0x00000000e0c00000, 0x00000000f5980000, 0x00000000f5980000)
  object space 341504K, 11% used [0x00000000e0c00000,0x00000000e3360490,0x00000000f5980000)
 Metaspace       used 35972K, capacity 36930K, committed 37208K, reserved 1081344K
  class space    used 4971K, capacity 5187K, committed 5248K, reserved 1048576K
