05:53:13,634 |-INFO in ch.qos.logback.classic.LoggerContext[default] - Could NOT find resource [logback-test.xml]
05:53:13,634 |-INFO in ch.qos.logback.classic.LoggerContext[default] - Could NOT find resource [logback.groovy]
05:53:13,634 |-INFO in ch.qos.logback.classic.LoggerContext[default] - Found resource [logback.xml] at [jar:file:/root/flamestream/lib/flamestream-runtime-1.0-SNAPSHOT.jar!/logback.xml]
05:53:13,639 |-WARN in ch.qos.logback.classic.LoggerContext[default] - Resource [logback.xml] occurs multiple times on the classpath.
05:53:13,639 |-WARN in ch.qos.logback.classic.LoggerContext[default] - Resource [logback.xml] occurs at [jar:file:/root/flamestream/lib/flamestream-runtime-1.0-SNAPSHOT.jar!/logback.xml]
05:53:13,639 |-WARN in ch.qos.logback.classic.LoggerContext[default] - Resource [logback.xml] occurs at [jar:file:/root/flamestream/flamestream-runtime-1.0-SNAPSHOT.jar!/logback.xml]
05:53:13,658 |-INFO in ch.qos.logback.core.joran.spi.ConfigurationWatchList@3fb6a447 - URL [jar:file:/root/flamestream/lib/flamestream-runtime-1.0-SNAPSHOT.jar!/logback.xml] is not of type file
05:53:13,733 |-INFO in ch.qos.logback.classic.joran.action.ConfigurationAction - debug attribute not set
05:53:13,733 |-INFO in ch.qos.logback.core.joran.action.AppenderAction - About to instantiate appender of type [ch.qos.logback.core.ConsoleAppender]
05:53:13,745 |-INFO in ch.qos.logback.core.joran.action.AppenderAction - Naming appender as [STDOUT]
05:53:13,762 |-INFO in ch.qos.logback.core.joran.action.NestedComplexPropertyIA - Assuming default type [ch.qos.logback.classic.encoder.PatternLayoutEncoder] for [encoder] property
05:53:13,848 |-INFO in ch.qos.logback.core.joran.action.AppenderAction - About to instantiate appender of type [ch.qos.logback.core.rolling.RollingFileAppender]
05:53:13,853 |-INFO in ch.qos.logback.core.joran.action.AppenderAction - Naming appender as [FILE]
05:53:13,882 |-INFO in c.q.l.core.rolling.TimeBasedRollingPolicy@127618319 - No compression will be used
05:53:13,884 |-INFO in c.q.l.core.rolling.TimeBasedRollingPolicy@127618319 - Will use the pattern /tmp/application_%d{yyyy-MM-dd}.%i.log for the active file
05:53:13,886 |-INFO in ch.qos.logback.core.rolling.SizeAndTimeBasedFNATP@6b2fad11 - The date pattern is 'yyyy-MM-dd' from file name pattern '/tmp/application_%d{yyyy-MM-dd}.%i.log'.
05:53:13,886 |-INFO in ch.qos.logback.core.rolling.SizeAndTimeBasedFNATP@6b2fad11 - Roll-over at midnight.
05:53:13,892 |-INFO in ch.qos.logback.core.rolling.SizeAndTimeBasedFNATP@6b2fad11 - Setting initial period to Tue Jun 11 05:52:00 UTC 2019
05:53:13,892 |-WARN in ch.qos.logback.core.rolling.SizeAndTimeBasedFNATP@6b2fad11 - SizeAndTimeBasedFNATP is deprecated. Use SizeAndTimeBasedRollingPolicy instead
05:53:13,892 |-WARN in ch.qos.logback.core.rolling.SizeAndTimeBasedFNATP@6b2fad11 - For more information see http://logback.qos.ch/manual/appenders.html#SizeAndTimeBasedRollingPolicy
05:53:13,896 |-INFO in ch.qos.logback.core.joran.action.NestedComplexPropertyIA - Assuming default type [ch.qos.logback.classic.encoder.PatternLayoutEncoder] for [encoder] property
05:53:13,900 |-INFO in ch.qos.logback.core.rolling.RollingFileAppender[FILE] - Active log file name: /tmp/application.log
05:53:13,900 |-INFO in ch.qos.logback.core.rolling.RollingFileAppender[FILE] - File property is set to [/tmp/application.log]
05:53:13,901 |-INFO in ch.qos.logback.classic.joran.action.RootLoggerAction - Setting level of ROOT logger to WARN
05:53:13,901 |-INFO in ch.qos.logback.core.joran.action.AppenderRefAction - Attaching appender named [STDOUT] to Logger[ROOT]
05:53:13,903 |-INFO in ch.qos.logback.core.joran.action.AppenderRefAction - Attaching appender named [FILE] to Logger[ROOT]
05:53:13,903 |-INFO in ch.qos.logback.classic.joran.action.ConfigurationAction - End of configuration.
05:53:13,904 |-INFO in ch.qos.logback.classic.joran.JoranConfigurator@79698539 - Registering current configuration as safe fallback point

Ama winner
Ama winner
2019-06-11T05:53:15.163+0000: 1.708: [Full GC (Metadata GC Threshold) 2019-06-11T05:53:15.163+0000: 1.708: [Tenured: 0K->15208K(341376K), 0.0388161 secs] 114923K->15208K(494976K), [Metaspace: 20730K->20730K(1067008K)], 0.0388836 secs] [Times: user=0.04 sys=0.00, real=0.04 secs] 
05:53:30.850 [Curator-PathChildrenCache-1] WARN  o.a.c.u.ZKPaths  - The version of ZooKeeper being used doesn't support Container nodes. CreateMode.PERSISTENT will be used instead.
2019-06-11T05:53:33.306+0000: 19.851: [GC (Allocation Failure) 2019-06-11T05:53:33.306+0000: 19.851: [DefNew: 136576K->17023K(153600K), 0.0251381 secs] 151784K->52593K(494976K), 0.0252092 secs] [Times: user=0.01 sys=0.01, real=0.02 secs] 
2019-06-11T05:53:40.251+0000: 26.795: [GC (Allocation Failure) 2019-06-11T05:53:40.251+0000: 26.795: [DefNew: 153599K->198K(153600K), 0.0097258 secs] 189169K->43887K(494976K), 0.0097879 secs] [Times: user=0.00 sys=0.00, real=0.01 secs] 
2019-06-11T05:53:41.045+0000: 27.590: [Full GC (Metadata GC Threshold) 2019-06-11T05:53:41.045+0000: 27.590: [Tenured: 43689K->43874K(341376K), 0.0325205 secs] 63908K->43874K(494976K), [Metaspace: 34648K->34648K(1079296K)], 0.0325906 secs] [Times: user=0.04 sys=0.00, real=0.04 secs] 
2019-06-11T05:53:47.901+0000: 34.446: [GC (Allocation Failure) 2019-06-11T05:53:47.902+0000: 34.446: [DefNew: 136576K->48K(153600K), 0.0016474 secs] 180450K->43923K(494976K), 0.0017206 secs] [Times: user=0.00 sys=0.00, real=0.00 secs] 
2019-06-11T05:53:54.817+0000: 41.361: [GC (Allocation Failure) 2019-06-11T05:53:54.817+0000: 41.361: [DefNew: 136624K->49K(153600K), 0.0016001 secs] 180499K->43923K(494976K), 0.0016596 secs] [Times: user=0.01 sys=0.00, real=0.00 secs] 
2019-06-11T05:54:01.831+0000: 48.375: [GC (Allocation Failure) 2019-06-11T05:54:01.831+0000: 48.376: [DefNew: 136625K->55K(153600K), 0.0016251 secs] 180499K->43930K(494976K), 0.0016871 secs] [Times: user=0.00 sys=0.00, real=0.00 secs] 
2019-06-11T05:54:09.578+0000: 56.122: [GC (Allocation Failure) 2019-06-11T05:54:09.578+0000: 56.122: [DefNew: 136631K->48K(153600K), 0.0016500 secs] 180506K->43923K(494976K), 0.0017189 secs] [Times: user=0.00 sys=0.00, real=0.00 secs] 
05:54:33.706 [Curator-PathChildrenCache-0] ERROR o.a.c.f.r.c.PathChildrenCache  - 
java.lang.IllegalStateException: instance must be started before calling this method
	at org.apache.curator.shaded.com.google.common.base.Preconditions.checkState(Preconditions.java:444)
	at org.apache.curator.framework.imps.CuratorFrameworkImpl.getChildren(CuratorFrameworkImpl.java:456)
	at org.apache.curator.framework.recipes.cache.PathChildrenCache.refresh(PathChildrenCache.java:521)
	at org.apache.curator.framework.recipes.cache.RefreshOperation.invoke(RefreshOperation.java:35)
	at org.apache.curator.framework.recipes.cache.PathChildrenCache$9.run(PathChildrenCache.java:786)
	at java.util.concurrent.Executors$RunnableAdapter.call(Executors.java:511)
	at java.util.concurrent.FutureTask.run(FutureTask.java:266)
	at java.util.concurrent.Executors$RunnableAdapter.call(Executors.java:511)
	at java.util.concurrent.FutureTask.run(FutureTask.java:266)
	at java.util.concurrent.ThreadPoolExecutor.runWorker(ThreadPoolExecutor.java:1149)
	at java.util.concurrent.ThreadPoolExecutor$Worker.run(ThreadPoolExecutor.java:624)
	at java.lang.Thread.run(Thread.java:748)
Heap
 def new generation   total 153600K, used 117470K [0x00000000e0c00000, 0x00000000eb2a0000, 0x00000000eb2a0000)
  eden space 136576K,  85% used [0x00000000e0c00000, 0x00000000e7eab910, 0x00000000e9160000)
  from space 17024K,   0% used [0x00000000e9160000, 0x00000000e916c2b8, 0x00000000ea200000)
  to   space 17024K,   0% used [0x00000000ea200000, 0x00000000ea200000, 0x00000000eb2a0000)
 tenured generation   total 341376K, used 43874K [0x00000000eb2a0000, 0x0000000100000000, 0x0000000100000000)
   the space 341376K,  12% used [0x00000000eb2a0000, 0x00000000edd78ba0, 0x00000000edd78c00, 0x0000000100000000)
 Metaspace       used 36000K, capacity 36934K, committed 37120K, reserved 1081344K
  class space    used 4869K, capacity 5075K, committed 5120K, reserved 1048576K
