17:03:11,818 |-INFO in ch.qos.logback.classic.LoggerContext[default] - Could NOT find resource [logback-test.xml]
17:03:11,818 |-INFO in ch.qos.logback.classic.LoggerContext[default] - Could NOT find resource [logback.groovy]
17:03:11,818 |-INFO in ch.qos.logback.classic.LoggerContext[default] - Found resource [logback.xml] at [jar:file:/root/flamestream/lib/flamestream-runtime-1.0-SNAPSHOT.jar!/logback.xml]
17:03:11,819 |-WARN in ch.qos.logback.classic.LoggerContext[default] - Resource [logback.xml] occurs multiple times on the classpath.
17:03:11,819 |-WARN in ch.qos.logback.classic.LoggerContext[default] - Resource [logback.xml] occurs at [jar:file:/root/flamestream/lib/flamestream-runtime-1.0-SNAPSHOT.jar!/logback.xml]
17:03:11,819 |-WARN in ch.qos.logback.classic.LoggerContext[default] - Resource [logback.xml] occurs at [jar:file:/root/flamestream/flamestream-runtime-1.0-SNAPSHOT.jar!/logback.xml]
17:03:11,840 |-INFO in ch.qos.logback.core.joran.spi.ConfigurationWatchList@3fb6a447 - URL [jar:file:/root/flamestream/lib/flamestream-runtime-1.0-SNAPSHOT.jar!/logback.xml] is not of type file
17:03:11,911 |-INFO in ch.qos.logback.classic.joran.action.ConfigurationAction - debug attribute not set
17:03:11,912 |-INFO in ch.qos.logback.core.joran.action.AppenderAction - About to instantiate appender of type [ch.qos.logback.core.ConsoleAppender]
17:03:11,927 |-INFO in ch.qos.logback.core.joran.action.AppenderAction - Naming appender as [STDOUT]
17:03:11,944 |-INFO in ch.qos.logback.core.joran.action.NestedComplexPropertyIA - Assuming default type [ch.qos.logback.classic.encoder.PatternLayoutEncoder] for [encoder] property
17:03:12,032 |-INFO in ch.qos.logback.core.joran.action.AppenderAction - About to instantiate appender of type [ch.qos.logback.core.rolling.RollingFileAppender]
17:03:12,037 |-INFO in ch.qos.logback.core.joran.action.AppenderAction - Naming appender as [FILE]
17:03:12,067 |-INFO in c.q.l.core.rolling.TimeBasedRollingPolicy@127618319 - No compression will be used
17:03:12,068 |-INFO in c.q.l.core.rolling.TimeBasedRollingPolicy@127618319 - Will use the pattern /tmp/application_%d{yyyy-MM-dd}.%i.log for the active file
17:03:12,071 |-INFO in ch.qos.logback.core.rolling.SizeAndTimeBasedFNATP@6b2fad11 - The date pattern is 'yyyy-MM-dd' from file name pattern '/tmp/application_%d{yyyy-MM-dd}.%i.log'.
17:03:12,071 |-INFO in ch.qos.logback.core.rolling.SizeAndTimeBasedFNATP@6b2fad11 - Roll-over at midnight.
17:03:12,076 |-INFO in ch.qos.logback.core.rolling.SizeAndTimeBasedFNATP@6b2fad11 - Setting initial period to Mon Jun 10 17:01:38 UTC 2019
17:03:12,076 |-WARN in ch.qos.logback.core.rolling.SizeAndTimeBasedFNATP@6b2fad11 - SizeAndTimeBasedFNATP is deprecated. Use SizeAndTimeBasedRollingPolicy instead
17:03:12,076 |-WARN in ch.qos.logback.core.rolling.SizeAndTimeBasedFNATP@6b2fad11 - For more information see http://logback.qos.ch/manual/appenders.html#SizeAndTimeBasedRollingPolicy
17:03:12,080 |-INFO in ch.qos.logback.core.joran.action.NestedComplexPropertyIA - Assuming default type [ch.qos.logback.classic.encoder.PatternLayoutEncoder] for [encoder] property
17:03:12,085 |-INFO in ch.qos.logback.core.rolling.RollingFileAppender[FILE] - Active log file name: /tmp/application.log
17:03:12,085 |-INFO in ch.qos.logback.core.rolling.RollingFileAppender[FILE] - File property is set to [/tmp/application.log]
17:03:12,086 |-INFO in ch.qos.logback.classic.joran.action.RootLoggerAction - Setting level of ROOT logger to WARN
17:03:12,086 |-INFO in ch.qos.logback.core.joran.action.AppenderRefAction - Attaching appender named [STDOUT] to Logger[ROOT]
17:03:12,088 |-INFO in ch.qos.logback.core.joran.action.AppenderRefAction - Attaching appender named [FILE] to Logger[ROOT]
17:03:12,088 |-INFO in ch.qos.logback.classic.joran.action.ConfigurationAction - End of configuration.
17:03:12,088 |-INFO in ch.qos.logback.classic.joran.JoranConfigurator@79698539 - Registering current configuration as safe fallback point

Ama winner
Ama winner
2019-06-10T17:03:13.417+0000: 1.781: [Full GC (Metadata GC Threshold) 2019-06-10T17:03:13.417+0000: 1.781: [Tenured: 0K->15241K(341376K), 0.0401997 secs] 114987K->15241K(494976K), [Metaspace: 20740K->20740K(1067008K)], 0.0402675 secs] [Times: user=0.03 sys=0.01, real=0.04 secs] 
17:03:35.679 [Curator-PathChildrenCache-1] WARN  o.a.c.u.ZKPaths  - The version of ZooKeeper being used doesn't support Container nodes. CreateMode.PERSISTENT will be used instead.
2019-06-10T17:03:37.861+0000: 26.226: [GC (Allocation Failure) 2019-06-10T17:03:37.861+0000: 26.226: [DefNew: 136576K->17023K(153600K), 0.0253710 secs] 151817K->52859K(494976K), 0.0254535 secs] [Times: user=0.01 sys=0.01, real=0.03 secs] 
2019-06-10T17:03:39.793+0000: 28.157: [Full GC (Metadata GC Threshold) 2019-06-10T17:03:39.793+0000: 28.157: [Tenured: 35835K->44588K(341376K), 0.0413843 secs] 93392K->44588K(494976K), [Metaspace: 34592K->34592K(1079296K)], 0.0414641 secs] [Times: user=0.03 sys=0.01, real=0.04 secs] 
2019-06-10T17:03:45.545+0000: 33.909: [GC (Allocation Failure) 2019-06-10T17:03:45.545+0000: 33.909: [DefNew: 136576K->97K(153600K), 0.0017352 secs] 181164K->44685K(494976K), 0.0018078 secs] [Times: user=0.00 sys=0.00, real=0.01 secs] 
2019-06-10T17:03:51.240+0000: 39.604: [GC (Allocation Failure) 2019-06-10T17:03:51.240+0000: 39.604: [DefNew: 136673K->130K(153600K), 0.0016783 secs] 181261K->44719K(494976K), 0.0017408 secs] [Times: user=0.00 sys=0.00, real=0.00 secs] 
2019-06-10T17:03:57.015+0000: 45.379: [GC (Allocation Failure) 2019-06-10T17:03:57.015+0000: 45.379: [DefNew: 136706K->163K(153600K), 0.0017137 secs] 181295K->44752K(494976K), 0.0017746 secs] [Times: user=0.00 sys=0.00, real=0.00 secs] 
2019-06-10T17:04:02.780+0000: 51.144: [GC (Allocation Failure) 2019-06-10T17:04:02.780+0000: 51.144: [DefNew: 136739K->162K(153600K), 0.0016684 secs] 181328K->44750K(494976K), 0.0017294 secs] [Times: user=0.00 sys=0.00, real=0.00 secs] 
2019-06-10T17:04:15.000+0000: 63.364: [GC (Allocation Failure) 2019-06-10T17:04:15.000+0000: 63.364: [DefNew: 136738K->458K(153600K), 0.0021924 secs] 181326K->45047K(494976K), 0.0022578 secs] [Times: user=0.00 sys=0.00, real=0.00 secs] 
17:04:17.483 [Curator-PathChildrenCache-0] ERROR o.a.c.f.r.c.PathChildrenCache  - 
java.lang.IllegalStateException: instance must be started before calling this method
	at org.apache.curator.shaded.com.google.common.base.Preconditions.checkState(Preconditions.java:444)
	at org.apache.curator.framework.imps.CuratorFrameworkImpl.getChildren(CuratorFrameworkImpl.java:456)
	at org.apache.curator.framework.recipes.cache.PathChildrenCache.refresh(PathChildrenCache.java:521)
	at org.apache.curator.framework.recipes.cache.RefreshOperation.invoke(RefreshOperation.java:35)
	at org.apache.curator.framework.recipes.cache.PathChildrenCache$9.run(PathChildrenCache.java:786)
	at java.util.concurrent.Executors$RunnableAdapter.call(Executors.java:511)
	at java.util.concurrent.FutureTask.run(FutureTask.java:266)
	at java.util.concurrent.Executors$RunnableAdapter.call(Executors.java:511)
	at java.util.concurrent.FutureTask.run(FutureTask.java:266)
	at java.util.concurrent.ThreadPoolExecutor.runWorker(ThreadPoolExecutor.java:1149)
	at java.util.concurrent.ThreadPoolExecutor$Worker.run(ThreadPoolExecutor.java:624)
	at java.lang.Thread.run(Thread.java:748)
Heap
 def new generation   total 153600K, used 31680K [0x00000000e0c00000, 0x00000000eb2a0000, 0x00000000eb2a0000)
  eden space 136576K,  22% used [0x00000000e0c00000, 0x00000000e2a7d6b8, 0x00000000e9160000)
  from space 17024K,   2% used [0x00000000e9160000, 0x00000000e91d2ba8, 0x00000000ea200000)
  to   space 17024K,   0% used [0x00000000ea200000, 0x00000000ea200000, 0x00000000eb2a0000)
 tenured generation   total 341376K, used 44588K [0x00000000eb2a0000, 0x0000000100000000, 0x0000000100000000)
   the space 341376K,  13% used [0x00000000eb2a0000, 0x00000000ede2b1e8, 0x00000000ede2b200, 0x0000000100000000)
 Metaspace       used 36027K, capacity 36934K, committed 37120K, reserved 1081344K
  class space    used 4868K, capacity 5075K, committed 5120K, reserved 1048576K
