19:51:51,681 |-INFO in ch.qos.logback.classic.LoggerContext[default] - Could NOT find resource [logback-test.xml]
19:51:51,681 |-INFO in ch.qos.logback.classic.LoggerContext[default] - Could NOT find resource [logback.groovy]
19:51:51,682 |-INFO in ch.qos.logback.classic.LoggerContext[default] - Found resource [logback.xml] at [jar:file:/home/ubuntu/flamestream/lib/flamestream-runtime-1.0-SNAPSHOT.jar!/logback.xml]
19:51:51,682 |-WARN in ch.qos.logback.classic.LoggerContext[default] - Resource [logback.xml] occurs multiple times on the classpath.
19:51:51,682 |-WARN in ch.qos.logback.classic.LoggerContext[default] - Resource [logback.xml] occurs at [jar:file:/home/ubuntu/flamestream/flamestream-runtime-1.0-SNAPSHOT.jar!/logback.xml]
19:51:51,682 |-WARN in ch.qos.logback.classic.LoggerContext[default] - Resource [logback.xml] occurs at [jar:file:/home/ubuntu/flamestream/lib/flamestream-runtime-1.0-SNAPSHOT.jar!/logback.xml]
19:51:51,714 |-INFO in ch.qos.logback.core.joran.spi.ConfigurationWatchList@4678c730 - URL [jar:file:/home/ubuntu/flamestream/lib/flamestream-runtime-1.0-SNAPSHOT.jar!/logback.xml] is not of type file
19:51:51,786 |-INFO in ch.qos.logback.classic.joran.action.ConfigurationAction - debug attribute not set
19:51:51,787 |-INFO in ch.qos.logback.core.joran.action.AppenderAction - About to instantiate appender of type [ch.qos.logback.core.ConsoleAppender]
19:51:51,803 |-INFO in ch.qos.logback.core.joran.action.AppenderAction - Naming appender as [STDOUT]
19:51:51,818 |-INFO in ch.qos.logback.core.joran.action.NestedComplexPropertyIA - Assuming default type [ch.qos.logback.classic.encoder.PatternLayoutEncoder] for [encoder] property
19:51:51,907 |-INFO in ch.qos.logback.core.joran.action.AppenderAction - About to instantiate appender of type [ch.qos.logback.core.rolling.RollingFileAppender]
19:51:51,914 |-INFO in ch.qos.logback.core.joran.action.AppenderAction - Naming appender as [FILE]
19:51:51,951 |-INFO in c.q.l.core.rolling.TimeBasedRollingPolicy@1734853116 - No compression will be used
19:51:51,952 |-INFO in c.q.l.core.rolling.TimeBasedRollingPolicy@1734853116 - Will use the pattern /tmp/application_%d{yyyy-MM-dd}.%i.log for the active file
19:51:51,954 |-INFO in ch.qos.logback.core.rolling.SizeAndTimeBasedFNATP@29ee9faa - The date pattern is 'yyyy-MM-dd' from file name pattern '/tmp/application_%d{yyyy-MM-dd}.%i.log'.
19:51:51,954 |-INFO in ch.qos.logback.core.rolling.SizeAndTimeBasedFNATP@29ee9faa - Roll-over at midnight.
19:51:51,967 |-INFO in ch.qos.logback.core.rolling.SizeAndTimeBasedFNATP@29ee9faa - Setting initial period to Fri Sep 27 19:51:19 UTC 2019
19:51:51,967 |-WARN in ch.qos.logback.core.rolling.SizeAndTimeBasedFNATP@29ee9faa - SizeAndTimeBasedFNATP is deprecated. Use SizeAndTimeBasedRollingPolicy instead
19:51:51,967 |-WARN in ch.qos.logback.core.rolling.SizeAndTimeBasedFNATP@29ee9faa - For more information see http://logback.qos.ch/manual/appenders.html#SizeAndTimeBasedRollingPolicy
19:51:51,972 |-INFO in ch.qos.logback.core.joran.action.NestedComplexPropertyIA - Assuming default type [ch.qos.logback.classic.encoder.PatternLayoutEncoder] for [encoder] property
19:51:51,977 |-INFO in ch.qos.logback.core.rolling.RollingFileAppender[FILE] - Active log file name: /tmp/application.log
19:51:51,977 |-INFO in ch.qos.logback.core.rolling.RollingFileAppender[FILE] - File property is set to [/tmp/application.log]
19:51:51,978 |-INFO in ch.qos.logback.classic.joran.action.RootLoggerAction - Setting level of ROOT logger to INFO
19:51:51,978 |-INFO in ch.qos.logback.core.joran.action.AppenderRefAction - Attaching appender named [STDOUT] to Logger[ROOT]
19:51:51,979 |-INFO in ch.qos.logback.core.joran.action.AppenderRefAction - Attaching appender named [FILE] to Logger[ROOT]
19:51:51,979 |-INFO in ch.qos.logback.classic.joran.action.ConfigurationAction - End of configuration.
19:51:51,979 |-INFO in ch.qos.logback.classic.joran.JoranConfigurator@c038203 - Registering current configuration as safe fallback point

19:51:51.987 [main] INFO  c.s.f.r.WorkerApplication  - Starting worker with workerConfig 'WorkerConfig{id='flamestream-benchmarks-worker-1', localAddress=flamestream-benchmarks-worker-1/10.0.0.10:5412, zkString='flamestream-benchmarks-manager:12181', snapshotPath='/home/ubuntu/flamestream/data', guarantees=AT_MOST_ONCE}'
19:51:53.441 [worker-akka.actor.default-dispatcher-6] INFO  a.e.s.Slf4jLogger  - Slf4jLogger started
2019-09-27T19:51:53.607+0000: 2.260: [Full GC (Metadata GC Threshold) 2019-09-27T19:51:53.607+0000: 2.260: [Tenured: 0K->13626K(1024000K), 0.0514606 secs] 139456K->13626K(1484800K), [Metaspace: 20230K->20230K(1067008K)], 0.0515453 secs] [Times: user=0.04 sys=0.01, real=0.05 secs] 
19:51:53.756 [worker-akka.actor.default-dispatcher-6] WARN  a.r.RemoteActorRefProvider akka.remote.RemoteActorRefProvider - Using the 'remote' ActorRefProvider directly, which is a low-level layer. For most use cases, the 'cluster' abstraction on top of remoting is more suitable instead.
19:51:53.761 [worker-akka.actor.default-dispatcher-6] WARN  a.r.RemoteActorRefProvider akka.remote.RemoteActorRefProvider - Akka Cluster not in use - Using Akka Cluster is recommended if you need remote watch and deploy.
19:51:53.880 [worker-akka.actor.default-dispatcher-6] INFO  a.r.a.a.ArteryAeronUdpTransport(akka://worker) akka.remote.artery.aeron.ArteryAeronUdpTransport(akka://worker) - Started embedded media driver in directory [/dev/shm/aeron-flamestream-benchmarks-worker-1]
19:51:53.920 [worker-akka.actor.default-dispatcher-6] WARN  a.r.a.a.ArteryAeronUdpTransport(akka://worker) akka.remote.artery.aeron.ArteryAeronUdpTransport(akka://worker) - Aeron CnC version mismatch: compiled version = 15, file version = 16
19:51:54.182 [worker-akka.actor.default-dispatcher-6] INFO  a.r.a.a.ArteryAeronUdpTransport(akka://worker) akka.remote.artery.aeron.ArteryAeronUdpTransport(akka://worker) - Remoting started with transport [Artery aeron-udp]; listening on address [akka://worker@flamestream-benchmarks-worker-1:5412] and bound to [akka://worker@0.0.0.0:5412] with UID [7223433246022952611]
19:51:54.775 [worker-akka.actor.default-dispatcher-6] WARN  a.s.Serialization(akka://worker) akka.serialization.Serialization(akka://worker) - Using serializer [com.romix.akka.serialization.kryo.KryoSerializer] for message [akka.actor.ActorSelectionMessage]. Note that this serializer is not implemented by Akka. It's not recommended to replace serializers for messages provided by Akka.
19:51:54.775 [worker-akka.actor.default-dispatcher-6] WARN  a.s.Serialization(akka://worker) akka.serialization.Serialization(akka://worker) - Using serializer [com.romix.akka.serialization.kryo.KryoSerializer] for message [akka.actor.ActorIdentity]. Note that this serializer is not implemented by Akka. It's not recommended to replace serializers for messages provided by Akka.
19:51:54.830 [worker-akka.actor.default-dispatcher-9] INFO  a.a.RepointableActorRef akka://worker/user/watcher - Starting...
19:51:54.962 [worker-akka.actor.default-dispatcher-6] INFO  o.a.c.u.Compatibility  - Running in ZooKeeper 3.4.x compatibility mode
19:51:55.022 [worker-akka.actor.default-dispatcher-6] INFO  o.a.c.f.i.CuratorFrameworkImpl  - Starting
19:51:55.047 [worker-akka.actor.default-dispatcher-6] INFO  o.a.z.ZooKeeper  - Client environment:zookeeper.version=3.4.14-4c25d480e66aadd371de8bd2fd8da255ac140bcf, built on 03/06/2019 16:18 GMT
19:51:55.048 [worker-akka.actor.default-dispatcher-6] INFO  o.a.z.ZooKeeper  - Client environment:host.name=flamestream-benchmarks-worker-1
19:51:55.049 [worker-akka.actor.default-dispatcher-6] INFO  o.a.z.ZooKeeper  - Client environment:java.version=1.8.0_222
19:51:55.049 [worker-akka.actor.default-dispatcher-6] INFO  o.a.z.ZooKeeper  - Client environment:java.vendor=Private Build
19:51:55.051 [worker-akka.actor.default-dispatcher-6] INFO  o.a.z.ZooKeeper  - Client environment:java.home=/usr/lib/jvm/java-8-openjdk-amd64/jre
19:51:55.051 [worker-akka.actor.default-dispatcher-6] INFO  o.a.z.ZooKeeper  - Client environment:java.class.path=lib/curator-framework-4.0.1.jar:lib/commons-csv-1.4.jar:lib/aeron-client-1.21.2.jar:lib/scala-library-2.12.9.jar:lib/asm-5.0.4.jar:lib/agrona-1.0.1.jar:lib/curator-recipes-4.0.1.jar:lib/akka-testkit_2.12-2.6.0-M6.jar:lib/flamestream-runtime-1.0-SNAPSHOT.jar:lib/jsr305-3.0.2.jar:lib/trove4j-3.0.3.jar:lib/flamestream-core-1.0-SNAPSHOT.jar:lib/commons-io-2.4.jar:lib/minlog-1.3.0.jar:lib/kryonet-2.21.jar:lib/commons-1.4.9.jar:lib/jline-0.9.94.jar:lib/akka-remote_2.12-2.6.0-M6.jar:lib/leveldbjni-all-1.8.jar:lib/lz4-1.3.0.jar:lib/slf4j-api-1.7.24.jar:lib/scala-parser-combinators_2.12-1.1.2.jar:lib/flamestream-core-1.0-SNAPSHOT-tests.jar:lib/logback-core-1.2.3.jar:lib/netty-3.10.6.Final.jar:lib/protobuf-java-3.9.0.jar:lib/minlog-1.2.jar:lib/leveldb-api-0.7.jar:lib/jool-0.9.12.jar:lib/commons-cli-1.4.jar:lib/jblas-1.2.4.jar:lib/reflectasm-1.11.3.jar:lib/reflectasm-1.07-shaded.jar:lib/audience-annotations-0.5.0.jar:lib/jackson-annotations-2.9.6.jar:lib/commons-lang-2.6.jar:lib/ssl-config-core_2.12-0.3.8.jar:lib/annotations-13.0.jar:lib/logback-classic-1.2.3.jar:lib/guava-21.0.jar:lib/reactive-streams-1.0.2.jar:lib/spotbugs-annotations-3.1.9.jar:lib/leveldb-0.7.jar:lib/commons-pool2-2.4.2.jar:lib/rocksdbjni-5.5.1.jar:lib/jackson-core-2.9.9.jar:lib/jackson-databind-2.9.9.2.jar:lib/akka-protobuf-v3_2.12-2.6.0-M6.jar:lib/jackson-annotations-2.9.0.jar:lib/flamestream-examples-1.0-SNAPSHOT.jar:lib/objenesis-2.1.jar:lib/akka-kryo-serialization_2.12-0.5.2.jar:lib/scala-java8-compat_2.12-0.8.0.jar:lib/zookeeper-3.4.14.jar:lib/akka-slf4j_2.12-2.6.0-M6.jar:lib/kryo-4.0.0.jar:lib/akka-stream_2.12-2.6.0-M6.jar:lib/slf4j-simple-2.0.0-alpha0.jar:lib/aeron-driver-1.21.2.jar:lib/config-1.3.1.jar:lib/annotations-12.0.jar:lib/jedis-2.9.0.jar:lib/jcommander-1.48.jar:lib/testng-6.10.jar:lib/akka-actor_2.12-2.6.0-M6.jar:lib/curator-client-4.0.1.jar:flamestream-runtime-1.0-SNAPSHOT.jar
19:51:55.052 [worker-akka.actor.default-dispatcher-6] INFO  o.a.z.ZooKeeper  - Client environment:java.library.path=/usr/java/packages/lib/amd64:/usr/lib/x86_64-linux-gnu/jni:/lib/x86_64-linux-gnu:/usr/lib/x86_64-linux-gnu:/usr/lib/jni:/lib:/usr/lib
19:51:55.052 [worker-akka.actor.default-dispatcher-6] INFO  o.a.z.ZooKeeper  - Client environment:java.io.tmpdir=/tmp
19:51:55.052 [worker-akka.actor.default-dispatcher-6] INFO  o.a.z.ZooKeeper  - Client environment:java.compiler=<NA>
19:51:55.054 [worker-akka.actor.default-dispatcher-6] INFO  o.a.z.ZooKeeper  - Client environment:os.name=Linux
19:51:55.056 [worker-akka.actor.default-dispatcher-6] INFO  o.a.z.ZooKeeper  - Client environment:os.arch=amd64
19:51:55.057 [worker-akka.actor.default-dispatcher-6] INFO  o.a.z.ZooKeeper  - Client environment:os.version=4.15.0-1040-gcp
19:51:55.057 [worker-akka.actor.default-dispatcher-6] INFO  o.a.z.ZooKeeper  - Client environment:user.name=ubuntu
19:51:55.057 [worker-akka.actor.default-dispatcher-6] INFO  o.a.z.ZooKeeper  - Client environment:user.home=/home/ubuntu
19:51:55.058 [worker-akka.actor.default-dispatcher-6] INFO  o.a.z.ZooKeeper  - Client environment:user.dir=/home/ubuntu/flamestream
19:51:55.061 [worker-akka.actor.default-dispatcher-6] INFO  o.a.z.ZooKeeper  - Initiating client connection, connectString=flamestream-benchmarks-manager:12181 sessionTimeout=60000 watcher=org.apache.curator.ConnectionState@356c70c3
19:51:55.119 [worker-akka.actor.default-dispatcher-6-SendThread(flamestream-benchmarks-manager:12181)] INFO  o.a.z.ClientCnxn  - Opening socket connection to server flamestream-benchmarks-manager/10.0.0.2:12181. Will not attempt to authenticate using SASL (unknown error)
19:51:55.121 [worker-akka.actor.default-dispatcher-6] INFO  o.a.c.f.i.CuratorFrameworkImpl  - Default schema
19:51:55.127 [worker-akka.actor.default-dispatcher-6-SendThread(flamestream-benchmarks-manager:12181)] INFO  o.a.z.ClientCnxn  - Socket connection established to flamestream-benchmarks-manager/10.0.0.2:12181, initiating session
19:51:55.142 [worker-akka.actor.default-dispatcher-6-SendThread(flamestream-benchmarks-manager:12181)] INFO  o.a.z.ClientCnxn  - Session establishment complete on server flamestream-benchmarks-manager/10.0.0.2:12181, sessionid = 0x100008330160003, negotiated timeout = 60000
19:51:55.153 [worker-akka.actor.default-dispatcher-6-EventThread] INFO  o.a.c.f.s.ConnectionStateManager  - State change: CONNECTED
19:51:55.156 [worker-akka.actor.default-dispatcher-9] INFO  a.a.RepointableActorRef akka://worker/user/watcher - Initializing rocksDB backend
2019-09-27T19:51:56.009+0000: 4.662: [Full GC (Metadata GC Threshold) 2019-09-27T19:51:56.009+0000: 4.662: [Tenured: 13626K->25914K(1024000K), 0.1475209 secs] 161116K->25914K(1484800K), [Metaspace: 33684K->33684K(1079296K)], 0.1476282 secs] [Times: user=0.14 sys=0.00, real=0.14 secs] 
19:51:56.259 [worker-akka.actor.default-dispatcher-6] INFO  a.a.LocalActorRef akka://worker/user/watcher/processing-watcher - Starting...
19:51:56.286 [worker-akka.actor.default-dispatcher-9] INFO  a.a.LocalActorRef akka://worker/user/watcher/acker - Starting...
19:52:07.145 [Curator-PathChildrenCache-2] WARN  o.a.c.u.ZKPaths  - The version of ZooKeeper being used doesn't support Container nodes. CreateMode.PERSISTENT will be used instead.
19:52:07.235 [worker-akka.actor.default-dispatcher-11] INFO  a.a.LocalActorRef akka://worker/user/watcher/processing-watcher/$a - Starting...
19:52:07.272 [worker-akka.actor.default-dispatcher-6] INFO  a.a.LocalActorRef akka://worker/user/watcher/processing-watcher/$a - Stopped
19:52:07.404 [worker-akka.actor.default-dispatcher-13] INFO  a.a.LocalActorRef akka://worker/user/watcher/processing-watcher/$c/$a - Starting...
19:52:07.413 [worker-akka.actor.default-dispatcher-6] INFO  a.a.LocalActorRef akka://worker/user/watcher/processing-watcher/$c - Starting...
2019-09-27T19:52:17.455+0000: 26.108: [GC (Allocation Failure) 2019-09-27T19:52:17.455+0000: 26.108: [DefNew: 409600K->11296K(460800K), 0.0231460 secs] 435514K->37210K(1484800K), 0.0232488 secs] [Times: user=0.02 sys=0.01, real=0.02 secs] 
19:52:17.944 [worker-akka.actor.default-dispatcher-13] INFO  a.a.LocalActorRef akka://worker/user/watcher/processing-watcher/graph/graph - Starting...
19:52:18.851 [worker-akka.actor.default-dispatcher-9] INFO  a.a.LocalActorRef akka://worker/user/watcher/processing-watcher/graph/graph - Finishing constructor
19:52:18.857 [worker-akka.actor.default-dispatcher-11] INFO  a.a.LocalActorRef akka://worker/user/watcher/processing-watcher/graph/edge - Starting...
19:52:18.866 [worker-akka.actor.default-dispatcher-11] INFO  a.a.LocalActorRef akka://worker/user/watcher/processing-watcher/graph - Starting FlameNode with config 'ClusterConfig{paths={flamestream-benchmarks-worker-1=akka://worker@flamestream-benchmarks-worker-1:5412/user/watcher/processing-watcher/graph, flamestream-benchmarks-worker-0=akka://worker@flamestream-benchmarks-worker-0:5412/user/watcher/processing-watcher/graph, flamestream-benchmarks-worker-9=akka://worker@flamestream-benchmarks-worker-9:5412/user/watcher/processing-watcher/graph, flamestream-benchmarks-worker-8=akka://worker@flamestream-benchmarks-worker-8:5412/user/watcher/processing-watcher/graph, flamestream-benchmarks-worker-7=akka://worker@flamestream-benchmarks-worker-7:5412/user/watcher/processing-watcher/graph, flamestream-benchmarks-worker-6=akka://worker@flamestream-benchmarks-worker-6:5412/user/watcher/processing-watcher/graph, flamestream-benchmarks-worker-5=akka://worker@flamestream-benchmarks-worker-5:5412/user/watcher/processing-watcher/graph, flamestream-benchmarks-worker-19=akka://worker@flamestream-benchmarks-worker-19:5412/user/watcher/processing-watcher/graph, flamestream-benchmarks-worker-4=akka://worker@flamestream-benchmarks-worker-4:5412/user/watcher/processing-watcher/graph, flamestream-benchmarks-worker-18=akka://worker@flamestream-benchmarks-worker-18:5412/user/watcher/processing-watcher/graph, flamestream-benchmarks-worker-3=akka://worker@flamestream-benchmarks-worker-3:5412/user/watcher/processing-watcher/graph, flamestream-benchmarks-worker-17=akka://worker@flamestream-benchmarks-worker-17:5412/user/watcher/processing-watcher/graph, flamestream-benchmarks-worker-2=akka://worker@flamestream-benchmarks-worker-2:5412/user/watcher/processing-watcher/graph, flamestream-benchmarks-worker-16=akka://worker@flamestream-benchmarks-worker-16:5412/user/watcher/processing-watcher/graph, flamestream-benchmarks-worker-15=akka://worker@flamestream-benchmarks-worker-15:5412/user/watcher/processing-watcher/graph, flamestream-benchmarks-worker-14=akka://worker@flamestream-benchmarks-worker-14:5412/user/watcher/processing-watcher/graph, flamestream-benchmarks-worker-13=akka://worker@flamestream-benchmarks-worker-13:5412/user/watcher/processing-watcher/graph, flamestream-benchmarks-worker-12=akka://worker@flamestream-benchmarks-worker-12:5412/user/watcher/processing-watcher/graph, flamestream-benchmarks-worker-11=akka://worker@flamestream-benchmarks-worker-11:5412/user/watcher/processing-watcher/graph, flamestream-benchmarks-worker-10=akka://worker@flamestream-benchmarks-worker-10:5412/user/watcher/processing-watcher/graph}}'
19:52:18.890 [worker-akka.actor.default-dispatcher-11] INFO  a.a.LocalActorRef akka://worker/user/watcher/processing-watcher/graph/negotiator - Starting...
19:52:18.891 [worker-akka.actor.default-dispatcher-11] INFO  a.a.LocalActorRef akka://worker/user/watcher/processing-watcher/graph/negotiator - Requesting ticket for the frontClass FlameSocketGraphDeployerFront@flamestream-benchmarks-worker-1
19:52:18.943 [worker-akka.actor.default-dispatcher-14] INFO  c.s.f.r.e.s.SocketRear  - FlameSocketGraphDeployerRear@flamestream-benchmarks-worker-1: connecting to flamestream-benchmarks-manager:5678
19:52:18.947 [worker-akka.actor.default-dispatcher-17] INFO  a.a.LocalActorRef akka://worker/user/watcher/processing-watcher/graph/edge/FlameSocketGraphDeployerFront - Starting...
19:52:18.962 [worker-akka.actor.default-dispatcher-14] INFO  c.s.f.r.e.s.SocketRear  - FlameSocketGraphDeployerRear@flamestream-benchmarks-worker-1: connected to flamestream-benchmarks-manager:5678
19:52:18.963 [worker-akka.actor.default-dispatcher-14] INFO  a.a.LocalActorRef akka://worker/user/watcher/processing-watcher/graph/edge/FlameSocketGraphDeployerRear - Starting...
19:52:18.978 [worker-akka.actor.default-dispatcher-14] INFO  a.a.LocalActorRef akka://worker/user/watcher/processing-watcher/graph/graph - Received last commit 'LastCommit{globalTime=(0000000, min@min)}'
19:52:19.114 [worker-akka.actor.default-dispatcher-14] INFO  a.a.LocalActorRef akka://worker/user/watcher/processing-watcher/graph/graph/$a - Starting...
19:52:19.124 [worker-akka.actor.default-dispatcher-6] INFO  a.a.LocalActorRef akka://worker/user/watcher/processing-watcher/graph/graph/$b - Starting...
19:52:19.154 [worker-akka.actor.default-dispatcher-15] INFO  a.a.LocalActorRef akka://worker/user/watcher/processing-watcher/graph/graph/$c - Starting...
19:52:19.164 [worker-akka.actor.default-dispatcher-14] INFO  a.a.LocalActorRef akka://worker/user/watcher/processing-watcher/graph/graph/$d - Starting...
19:52:19.165 [worker-akka.actor.default-dispatcher-6] INFO  a.a.LocalActorRef akka://worker/user/watcher/processing-watcher/graph/graph/$e - Starting...
19:52:19.174 [worker-akka.actor.default-dispatcher-17] INFO  a.a.LocalActorRef akka://worker/user/watcher/processing-watcher/graph/graph/$f - Starting...
19:52:19.178 [worker-akka.actor.default-dispatcher-6] INFO  a.a.LocalActorRef akka://worker/user/watcher/processing-watcher/graph/graph/$g - Starting...
19:52:19.180 [worker-akka.actor.default-dispatcher-6] INFO  a.a.LocalActorRef akka://worker/user/watcher/processing-watcher/graph/graph/$h - Starting...
19:52:19.184 [worker-akka.actor.default-dispatcher-6] INFO  a.a.LocalActorRef akka://worker/user/watcher/processing-watcher/graph/graph/$b - Attached rear to graph (-9223372036854775808, min@min)
19:52:19.189 [worker-akka.actor.default-dispatcher-6] INFO  a.a.LocalActorRef akka://worker/user/watcher/processing-watcher/graph/graph/$i - Starting...
19:52:19.211 [worker-akka.actor.default-dispatcher-6] INFO  a.a.LocalActorRef akka://worker/user/watcher/processing-watcher/graph/negotiator - Ticket for the frontClass received: FrontTicket{allowedTimestamp=(0000000, FlameSocketGraphDeployerFront@flamestream-benchmarks-worker-1)}
19:52:19.213 [worker-akka.actor.default-dispatcher-15] INFO  c.s.f.r.e.s.SocketFront  - FlameSocketGraphDeployerFront@flamestream-benchmarks-worker-1: connecting to flamestream-benchmarks-manager:4567
19:52:19.294 [worker-akka.actor.default-dispatcher-6] INFO  a.a.LocalActorRef akka://worker/user/watcher/acker - Unregistering front FlameSocketGraphDeployerFront@flamestream-benchmarks-worker-0
19:52:19.316 [Client] INFO  c.s.f.r.e.s.SocketFront  - FlameSocketGraphDeployerFront@flamestream-benchmarks-worker-1 has been disconnected from Connection 2
19:52:19.331 [worker-akka.actor.default-dispatcher-15] INFO  a.a.LocalActorRef akka://worker/user/watcher/acker - Unregistering front FlameSocketGraphDeployerFront@flamestream-benchmarks-worker-1
2019-09-27T19:52:24.538+0000: 33.191: [GC (Allocation Failure) 2019-09-27T19:52:24.538+0000: 33.191: [DefNew: 420896K->30770K(460800K), 0.0370384 secs] 446810K->56685K(1484800K), 0.0371547 secs] [Times: user=0.01 sys=0.03, real=0.04 secs] 
2019-09-27T19:52:32.512+0000: 41.165: [GC (Allocation Failure) 2019-09-27T19:52:32.512+0000: 41.165: [DefNew: 440370K->21440K(460800K), 0.0271441 secs] 466285K->56418K(1484800K), 0.0272401 secs] [Times: user=0.01 sys=0.01, real=0.02 secs] 
2019-09-27T19:52:40.053+0000: 48.706: [GC (Allocation Failure) 2019-09-27T19:52:40.053+0000: 48.706: [DefNew: 431040K->21455K(460800K), 0.0091610 secs] 466018K->56433K(1484800K), 0.0092644 secs] [Times: user=0.01 sys=0.00, real=0.01 secs] 
2019-09-27T19:52:47.468+0000: 56.121: [GC (Allocation Failure) 2019-09-27T19:52:47.468+0000: 56.121: [DefNew: 431055K->21455K(460800K), 0.0096374 secs] 466033K->56433K(1484800K), 0.0097552 secs] [Times: user=0.01 sys=0.00, real=0.00 secs] 
2019-09-27T19:52:55.012+0000: 63.665: [GC (Allocation Failure) 2019-09-27T19:52:55.012+0000: 63.665: [DefNew: 431055K->21836K(460800K), 0.0103803 secs] 466033K->56814K(1484800K), 0.0104639 secs] [Times: user=0.01 sys=0.00, real=0.01 secs] 
2019-09-27T19:53:03.670+0000: 72.323: [GC (Allocation Failure) 2019-09-27T19:53:03.670+0000: 72.323: [DefNew: 431436K->21704K(460800K), 0.0102169 secs] 466414K->56682K(1484800K), 0.0103126 secs] [Times: user=0.01 sys=0.00, real=0.01 secs] 
2019-09-27T19:53:12.459+0000: 81.112: [GC (Allocation Failure) 2019-09-27T19:53:12.459+0000: 81.112: [DefNew: 431304K->21699K(460800K), 0.0097351 secs] 466282K->56677K(1484800K), 0.0098225 secs] [Times: user=0.01 sys=0.00, real=0.02 secs] 
2019-09-27T19:53:21.330+0000: 89.983: [GC (Allocation Failure) 2019-09-27T19:53:21.330+0000: 89.983: [DefNew: 431299K->21700K(460800K), 0.0100344 secs] 466277K->56678K(1484800K), 0.0101408 secs] [Times: user=0.01 sys=0.00, real=0.01 secs] 
2019-09-27T19:53:30.161+0000: 98.814: [GC (Allocation Failure) 2019-09-27T19:53:30.161+0000: 98.814: [DefNew: 431300K->21700K(460800K), 0.0104492 secs] 466278K->56678K(1484800K), 0.0105446 secs] [Times: user=0.01 sys=0.00, real=0.01 secs] 
2019-09-27T19:53:38.950+0000: 107.603: [GC (Allocation Failure) 2019-09-27T19:53:38.950+0000: 107.603: [DefNew: 431300K->21697K(460800K), 0.0110768 secs] 466278K->56675K(1484800K), 0.0111783 secs] [Times: user=0.01 sys=0.00, real=0.01 secs] 
2019-09-27T19:53:47.734+0000: 116.387: [GC (Allocation Failure) 2019-09-27T19:53:47.734+0000: 116.387: [DefNew: 431297K->21694K(460800K), 0.0108083 secs] 466275K->56672K(1484800K), 0.0109126 secs] [Times: user=0.01 sys=0.00, real=0.01 secs] 
2019-09-27T19:53:56.437+0000: 125.090: [GC (Allocation Failure) 2019-09-27T19:53:56.437+0000: 125.090: [DefNew: 431294K->21760K(460800K), 0.0110489 secs] 466272K->56738K(1484800K), 0.0111665 secs] [Times: user=0.01 sys=0.00, real=0.02 secs] 
2019-09-27T19:54:05.097+0000: 133.750: [GC (Allocation Failure) 2019-09-27T19:54:05.097+0000: 133.750: [DefNew: 431360K->21796K(460800K), 0.0114515 secs] 466338K->56774K(1484800K), 0.0115665 secs] [Times: user=0.01 sys=0.00, real=0.02 secs] 
2019-09-27T19:54:13.773+0000: 142.426: [GC (Allocation Failure) 2019-09-27T19:54:13.773+0000: 142.426: [DefNew: 431396K->21797K(460800K), 0.0112183 secs] 466374K->56775K(1484800K), 0.0113277 secs] [Times: user=0.01 sys=0.00, real=0.01 secs] 
2019-09-27T19:54:22.475+0000: 151.128: [GC (Allocation Failure) 2019-09-27T19:54:22.476+0000: 151.129: [DefNew: 431397K->21808K(460800K), 0.0105216 secs] 466375K->56786K(1484800K), 0.0106324 secs] [Times: user=0.01 sys=0.00, real=0.01 secs] 
2019-09-27T19:54:31.221+0000: 159.874: [GC (Allocation Failure) 2019-09-27T19:54:31.221+0000: 159.874: [DefNew: 431408K->456K(460800K), 0.0241123 secs] 466386K->56777K(1484800K), 0.0242164 secs] [Times: user=0.02 sys=0.01, real=0.02 secs] 
2019-09-27T19:54:39.901+0000: 168.554: [GC (Allocation Failure) 2019-09-27T19:54:39.901+0000: 168.554: [DefNew: 410056K->404K(460800K), 0.0036185 secs] 466377K->56777K(1484800K), 0.0037220 secs] [Times: user=0.00 sys=0.00, real=0.00 secs] 
2019-09-27T19:54:48.540+0000: 177.193: [GC (Allocation Failure) 2019-09-27T19:54:48.540+0000: 177.193: [DefNew: 410004K->402K(460800K), 0.0033768 secs] 466377K->56780K(1484800K), 0.0034581 secs] [Times: user=0.00 sys=0.00, real=0.00 secs] 
2019-09-27T19:54:57.198+0000: 185.851: [GC (Allocation Failure) 2019-09-27T19:54:57.198+0000: 185.851: [DefNew: 410002K->465K(460800K), 0.0037275 secs] 466380K->56845K(1484800K), 0.0038243 secs] [Times: user=0.00 sys=0.00, real=0.01 secs] 
2019-09-27T19:55:05.889+0000: 194.542: [GC (Allocation Failure) 2019-09-27T19:55:05.889+0000: 194.542: [DefNew: 410065K->360K(460800K), 0.0036685 secs] 466445K->56873K(1484800K), 0.0037518 secs] [Times: user=0.00 sys=0.00, real=0.00 secs] 
2019-09-27T19:55:14.551+0000: 203.204: [GC (Allocation Failure) 2019-09-27T19:55:14.551+0000: 203.204: [DefNew: 409960K->264K(460800K), 0.0032670 secs] 466473K->56867K(1484800K), 0.0033684 secs] [Times: user=0.01 sys=0.00, real=0.00 secs] 
2019-09-27T19:55:23.252+0000: 211.905: [GC (Allocation Failure) 2019-09-27T19:55:23.252+0000: 211.905: [DefNew: 409864K->262K(460800K), 0.0028948 secs] 466467K->56864K(1484800K), 0.0029779 secs] [Times: user=0.01 sys=0.00, real=0.00 secs] 
2019-09-27T19:55:31.950+0000: 220.603: [GC (Allocation Failure) 2019-09-27T19:55:31.950+0000: 220.603: [DefNew: 409862K->260K(460800K), 0.0029743 secs] 466464K->56864K(1484800K), 0.0030519 secs] [Times: user=0.00 sys=0.00, real=0.00 secs] 
2019-09-27T19:55:40.693+0000: 229.346: [GC (Allocation Failure) 2019-09-27T19:55:40.693+0000: 229.346: [DefNew: 409860K->265K(460800K), 0.0029252 secs] 466464K->56868K(1484800K), 0.0030124 secs] [Times: user=0.00 sys=0.01, real=0.00 secs] 
2019-09-27T19:55:49.375+0000: 238.028: [GC (Allocation Failure) 2019-09-27T19:55:49.375+0000: 238.028: [DefNew: 409865K->262K(460800K), 0.0029384 secs] 466468K->56866K(1484800K), 0.0030251 secs] [Times: user=0.00 sys=0.00, real=0.00 secs] 
2019-09-27T19:55:57.847+0000: 246.500: [GC (Allocation Failure) 2019-09-27T19:55:57.847+0000: 246.500: [DefNew: 409862K->328K(460800K), 0.0030927 secs] 466466K->56933K(1484800K), 0.0031725 secs] [Times: user=0.01 sys=0.00, real=0.01 secs] 
2019-09-27T19:56:06.401+0000: 255.054: [GC (Allocation Failure) 2019-09-27T19:56:06.401+0000: 255.054: [DefNew: 409928K->272K(460800K), 0.0031760 secs] 466533K->56938K(1484800K), 0.0032748 secs] [Times: user=0.01 sys=0.00, real=0.00 secs] 
2019-09-27T19:56:14.960+0000: 263.613: [GC (Allocation Failure) 2019-09-27T19:56:14.960+0000: 263.613: [DefNew: 409872K->235K(460800K), 0.0031441 secs] 466538K->56939K(1484800K), 0.0032475 secs] [Times: user=0.00 sys=0.00, real=0.00 secs] 
2019-09-27T19:56:23.619+0000: 272.272: [GC (Allocation Failure) 2019-09-27T19:56:23.619+0000: 272.272: [DefNew: 409835K->231K(460800K), 0.0030095 secs] 466539K->56938K(1484800K), 0.0031023 secs] [Times: user=0.00 sys=0.00, real=0.01 secs] 
2019-09-27T19:56:32.218+0000: 280.871: [GC (Allocation Failure) 2019-09-27T19:56:32.218+0000: 280.871: [DefNew: 409831K->232K(460800K), 0.0029362 secs] 466538K->56939K(1484800K), 0.0030200 secs] [Times: user=0.01 sys=0.00, real=0.01 secs] 
2019-09-27T19:56:40.852+0000: 289.505: [GC (Allocation Failure) 2019-09-27T19:56:40.853+0000: 289.506: [DefNew: 409832K->231K(460800K), 0.0028820 secs] 466539K->56939K(1484800K), 0.0029717 secs] [Times: user=0.00 sys=0.00, real=0.00 secs] 
2019-09-27T19:56:49.502+0000: 298.155: [GC (Allocation Failure) 2019-09-27T19:56:49.502+0000: 298.155: [DefNew: 409831K->232K(460800K), 0.0028754 secs] 466539K->56940K(1484800K), 0.0029777 secs] [Times: user=0.01 sys=0.00, real=0.00 secs] 
2019-09-27T19:56:58.074+0000: 306.727: [GC (Allocation Failure) 2019-09-27T19:56:58.074+0000: 306.727: [DefNew: 409832K->252K(460800K), 0.0031414 secs] 466540K->56961K(1484800K), 0.0032352 secs] [Times: user=0.00 sys=0.00, real=0.00 secs] 
2019-09-27T19:57:06.718+0000: 315.371: [GC (Allocation Failure) 2019-09-27T19:57:06.718+0000: 315.371: [DefNew: 409852K->191K(460800K), 0.0031303 secs] 466561K->56962K(1484800K), 0.0032344 secs] [Times: user=0.00 sys=0.00, real=0.01 secs] 
2019-09-27T19:57:15.348+0000: 324.001: [GC (Allocation Failure) 2019-09-27T19:57:15.348+0000: 324.001: [DefNew: 409791K->171K(460800K), 0.0029367 secs] 466562K->56966K(1484800K), 0.0030325 secs] [Times: user=0.00 sys=0.00, real=0.00 secs] 
2019-09-27T19:57:23.990+0000: 332.643: [GC (Allocation Failure) 2019-09-27T19:57:23.990+0000: 332.643: [DefNew: 409771K->167K(460800K), 0.0028549 secs] 466566K->56962K(1484800K), 0.0029511 secs] [Times: user=0.00 sys=0.00, real=0.00 secs] 
2019-09-27T19:57:32.567+0000: 341.220: [GC (Allocation Failure) 2019-09-27T19:57:32.567+0000: 341.220: [DefNew: 409767K->167K(460800K), 0.0028626 secs] 466562K->56962K(1484800K), 0.0029565 secs] [Times: user=0.01 sys=0.00, real=0.01 secs] 
2019-09-27T19:57:41.214+0000: 349.867: [GC (Allocation Failure) 2019-09-27T19:57:41.214+0000: 349.867: [DefNew: 409767K->173K(460800K), 0.0028055 secs] 466562K->56968K(1484800K), 0.0029037 secs] [Times: user=0.00 sys=0.00, real=0.00 secs] 
2019-09-27T19:57:49.848+0000: 358.501: [GC (Allocation Failure) 2019-09-27T19:57:49.848+0000: 358.501: [DefNew: 409773K->169K(460800K), 0.0027883 secs] 466568K->56965K(1484800K), 0.0028851 secs] [Times: user=0.00 sys=0.00, real=0.00 secs] 
2019-09-27T19:57:58.468+0000: 367.121: [GC (Allocation Failure) 2019-09-27T19:57:58.468+0000: 367.121: [DefNew: 409769K->181K(460800K), 0.0028801 secs] 466565K->56977K(1484800K), 0.0029688 secs] [Times: user=0.00 sys=0.00, real=0.00 secs] 
2019-09-27T19:58:07.116+0000: 375.769: [GC (Allocation Failure) 2019-09-27T19:58:07.116+0000: 375.769: [DefNew: 409781K->128K(460800K), 0.0030533 secs] 466577K->56992K(1484800K), 0.0031514 secs] [Times: user=0.01 sys=0.00, real=0.00 secs] 
2019-09-27T19:58:15.742+0000: 384.395: [GC (Allocation Failure) 2019-09-27T19:58:15.742+0000: 384.395: [DefNew: 409728K->117K(460800K), 0.0027958 secs] 466592K->56987K(1484800K), 0.0028856 secs] [Times: user=0.01 sys=0.00, real=0.00 secs] 
2019-09-27T19:58:24.350+0000: 393.003: [GC (Allocation Failure) 2019-09-27T19:58:24.350+0000: 393.003: [DefNew: 409717K->120K(460800K), 0.0030644 secs] 466587K->56990K(1484800K), 0.0031631 secs] [Times: user=0.01 sys=0.00, real=0.00 secs] 
2019-09-27T19:58:32.997+0000: 401.650: [GC (Allocation Failure) 2019-09-27T19:58:32.997+0000: 401.650: [DefNew: 409720K->118K(460800K), 0.0027249 secs] 466590K->56988K(1484800K), 0.0028085 secs] [Times: user=0.00 sys=0.00, real=0.01 secs] 
2019-09-27T19:58:41.652+0000: 410.305: [GC (Allocation Failure) 2019-09-27T19:58:41.652+0000: 410.305: [DefNew: 409718K->117K(460800K), 0.0027259 secs] 466588K->56987K(1484800K), 0.0028197 secs] [Times: user=0.00 sys=0.00, real=0.00 secs] 
2019-09-27T19:58:50.307+0000: 418.960: [GC (Allocation Failure) 2019-09-27T19:58:50.307+0000: 418.960: [DefNew: 409717K->117K(460800K), 0.0026818 secs] 466587K->56987K(1484800K), 0.0027655 secs] [Times: user=0.01 sys=0.00, real=0.01 secs] 
2019-09-27T19:58:59.016+0000: 427.669: [GC (Allocation Failure) 2019-09-27T19:58:59.017+0000: 427.670: [DefNew: 409717K->129K(460800K), 0.0028641 secs] 466587K->56999K(1484800K), 0.0029552 secs] [Times: user=0.00 sys=0.00, real=0.00 secs] 
2019-09-27T19:59:07.671+0000: 436.324: [GC (Allocation Failure) 2019-09-27T19:59:07.671+0000: 436.324: [DefNew: 409729K->112K(460800K), 0.0027582 secs] 466599K->57004K(1484800K), 0.0028513 secs] [Times: user=0.00 sys=0.00, real=0.00 secs] 
2019-09-27T19:59:16.350+0000: 445.003: [GC (Allocation Failure) 2019-09-27T19:59:16.350+0000: 445.003: [DefNew: 409712K->114K(460800K), 0.0028038 secs] 466604K->57007K(1484800K), 0.0028916 secs] [Times: user=0.00 sys=0.00, real=0.00 secs] 
2019-09-27T19:59:25.007+0000: 453.660: [GC (Allocation Failure) 2019-09-27T19:59:25.007+0000: 453.660: [DefNew: 409714K->114K(460800K), 0.0027843 secs] 466607K->57007K(1484800K), 0.0028672 secs] [Times: user=0.00 sys=0.00, real=0.01 secs] 
2019-09-27T19:59:33.639+0000: 462.292: [GC (Allocation Failure) 2019-09-27T19:59:33.640+0000: 462.293: [DefNew: 409714K->111K(460800K), 0.0027809 secs] 466607K->57004K(1484800K), 0.0028750 secs] [Times: user=0.00 sys=0.00, real=0.01 secs] 
2019-09-27T19:59:42.244+0000: 470.897: [GC (Allocation Failure) 2019-09-27T19:59:42.244+0000: 470.897: [DefNew: 409711K->114K(460800K), 0.0027283 secs] 466604K->57007K(1484800K), 0.0028162 secs] [Times: user=0.00 sys=0.00, real=0.00 secs] 
2019-09-27T19:59:50.941+0000: 479.594: [GC (Allocation Failure) 2019-09-27T19:59:50.941+0000: 479.594: [DefNew: 409714K->114K(460800K), 0.0028301 secs] 466607K->57007K(1484800K), 0.0029364 secs] [Times: user=0.00 sys=0.00, real=0.00 secs] 
2019-09-27T19:59:59.605+0000: 488.258: [GC (Allocation Failure) 2019-09-27T19:59:59.605+0000: 488.258: [DefNew: 409714K->124K(460800K), 0.0029725 secs] 466607K->57017K(1484800K), 0.0030492 secs] [Times: user=0.00 sys=0.00, real=0.01 secs] 
2019-09-27T20:00:08.155+0000: 496.808: [GC (Allocation Failure) 2019-09-27T20:00:08.155+0000: 496.808: [DefNew: 409724K->108K(460800K), 0.0028525 secs] 466617K->57016K(1484800K), 0.0029415 secs] [Times: user=0.00 sys=0.00, real=0.00 secs] 
2019-09-27T20:00:16.740+0000: 505.393: [GC (Allocation Failure) 2019-09-27T20:00:16.740+0000: 505.393: [DefNew: 409708K->99K(460800K), 0.0028223 secs] 466616K->57017K(1484800K), 0.0029152 secs] [Times: user=0.00 sys=0.00, real=0.00 secs] 
2019-09-27T20:00:25.403+0000: 514.056: [GC (Allocation Failure) 2019-09-27T20:00:25.403+0000: 514.056: [DefNew: 409699K->99K(460800K), 0.0028282 secs] 466617K->57017K(1484800K), 0.0029149 secs] [Times: user=0.00 sys=0.00, real=0.00 secs] 
2019-09-27T20:00:34.005+0000: 522.658: [GC (Allocation Failure) 2019-09-27T20:00:34.005+0000: 522.658: [DefNew: 409699K->97K(460800K), 0.0030868 secs] 466617K->57014K(1484800K), 0.0031894 secs] [Times: user=0.00 sys=0.00, real=0.01 secs] 
2019-09-27T20:00:42.614+0000: 531.267: [GC (Allocation Failure) 2019-09-27T20:00:42.614+0000: 531.267: [DefNew: 409697K->97K(460800K), 0.0026859 secs] 466614K->57015K(1484800K), 0.0027760 secs] [Times: user=0.00 sys=0.00, real=0.00 secs] 
2019-09-27T20:00:51.208+0000: 539.861: [GC (Allocation Failure) 2019-09-27T20:00:51.208+0000: 539.861: [DefNew: 409697K->99K(460800K), 0.0027521 secs] 466615K->57017K(1484800K), 0.0028348 secs] [Times: user=0.00 sys=0.00, real=0.00 secs] 
2019-09-27T20:00:55.766+0000: 544.419: [GC (Allocation Failure) 2019-09-27T20:00:55.766+0000: 544.419: [DefNew: 409699K->194K(460800K), 0.0028906 secs] 466617K->57112K(1484800K), 0.0029790 secs] [Times: user=0.00 sys=0.00, real=0.01 secs] 
2019-09-27T20:00:59.094+0000: 547.747: [GC (Allocation Failure) 2019-09-27T20:00:59.094+0000: 547.747: [DefNew: 409794K->141K(460800K), 0.0029604 secs] 466712K->57072K(1484800K), 0.0030414 secs] [Times: user=0.00 sys=0.00, real=0.00 secs] 
2019-09-27T20:01:02.420+0000: 551.073: [GC (Allocation Failure) 2019-09-27T20:01:02.420+0000: 551.073: [DefNew: 409741K->250K(460800K), 0.0033840 secs] 466672K->57185K(1484800K), 0.0034837 secs] [Times: user=0.01 sys=0.00, real=0.00 secs] 
2019-09-27T20:01:05.702+0000: 554.355: [GC (Allocation Failure) 2019-09-27T20:01:05.702+0000: 554.355: [DefNew: 409850K->240K(460800K), 0.0030995 secs] 466785K->57175K(1484800K), 0.0031764 secs] [Times: user=0.00 sys=0.00, real=0.00 secs] 
2019-09-27T20:01:08.990+0000: 557.643: [GC (Allocation Failure) 2019-09-27T20:01:08.990+0000: 557.643: [DefNew: 409840K->394K(460800K), 0.0032986 secs] 466775K->57329K(1484800K), 0.0033765 secs] [Times: user=0.00 sys=0.00, real=0.00 secs] 
2019-09-27T20:01:12.264+0000: 560.917: [GC (Allocation Failure) 2019-09-27T20:01:12.264+0000: 560.917: [DefNew: 409994K->396K(460800K), 0.0034249 secs] 466929K->57331K(1484800K), 0.0035038 secs] [Times: user=0.01 sys=0.01, real=0.00 secs] 
20:01:14.157 [Client] INFO  c.s.f.r.e.s.SocketRear  - FlameSocketGraphDeployerRear@flamestream-benchmarks-worker-1: has been disconnected from Connection 2
20:01:14.164 [worker-akka.actor.default-dispatcher-15] INFO  a.a.LocalActorRef akka://worker/user/watcher/acker - Unregistering front FlameSocketGraphDeployerFront@flamestream-benchmarks-worker-3
20:01:14.164 [worker-akka.actor.default-dispatcher-15] INFO  a.a.LocalActorRef akka://worker/user/watcher/acker - Unregistering front FlameSocketGraphDeployerFront@flamestream-benchmarks-worker-10
20:01:14.164 [worker-akka.actor.default-dispatcher-15] INFO  a.a.LocalActorRef akka://worker/user/watcher/acker - Unregistering front FlameSocketGraphDeployerFront@flamestream-benchmarks-worker-13
20:01:14.164 [worker-akka.actor.default-dispatcher-15] INFO  a.a.LocalActorRef akka://worker/user/watcher/acker - Unregistering front FlameSocketGraphDeployerFront@flamestream-benchmarks-worker-16
20:01:14.164 [worker-akka.actor.default-dispatcher-15] INFO  a.a.LocalActorRef akka://worker/user/watcher/acker - Unregistering front FlameSocketGraphDeployerFront@flamestream-benchmarks-worker-14
20:01:14.165 [worker-akka.actor.default-dispatcher-15] INFO  a.a.LocalActorRef akka://worker/user/watcher/acker - Unregistering front FlameSocketGraphDeployerFront@flamestream-benchmarks-worker-15
20:01:14.165 [worker-akka.actor.default-dispatcher-15] INFO  a.a.LocalActorRef akka://worker/user/watcher/acker - Unregistering front FlameSocketGraphDeployerFront@flamestream-benchmarks-worker-4
20:01:14.168 [worker-akka.actor.default-dispatcher-14] INFO  a.a.LocalActorRef akka://worker/user/watcher/acker - Unregistering front FlameSocketGraphDeployerFront@flamestream-benchmarks-worker-8
20:01:14.168 [worker-akka.actor.default-dispatcher-14] INFO  a.a.LocalActorRef akka://worker/user/watcher/acker - Unregistering front FlameSocketGraphDeployerFront@flamestream-benchmarks-worker-11
20:01:14.168 [worker-akka.actor.default-dispatcher-14] INFO  a.a.LocalActorRef akka://worker/user/watcher/acker - Unregistering front FlameSocketGraphDeployerFront@flamestream-benchmarks-worker-6
20:01:14.168 [worker-akka.actor.default-dispatcher-14] INFO  a.a.LocalActorRef akka://worker/user/watcher/acker - Unregistering front FlameSocketGraphDeployerFront@flamestream-benchmarks-worker-19
20:01:14.168 [worker-akka.actor.default-dispatcher-14] INFO  a.a.LocalActorRef akka://worker/user/watcher/acker - Unregistering front FlameSocketGraphDeployerFront@flamestream-benchmarks-worker-12
20:01:14.168 [worker-akka.actor.default-dispatcher-14] INFO  a.a.LocalActorRef akka://worker/user/watcher/acker - Unregistering front FlameSocketGraphDeployerFront@flamestream-benchmarks-worker-9
20:01:14.168 [worker-akka.actor.default-dispatcher-14] INFO  a.a.LocalActorRef akka://worker/user/watcher/acker - Unregistering front FlameSocketGraphDeployerFront@flamestream-benchmarks-worker-7
20:01:14.169 [worker-akka.actor.default-dispatcher-17] INFO  a.a.LocalActorRef akka://worker/user/watcher/acker - Unregistering front FlameSocketGraphDeployerFront@flamestream-benchmarks-worker-2
20:01:14.169 [worker-akka.actor.default-dispatcher-17] INFO  a.a.LocalActorRef akka://worker/user/watcher/acker - Unregistering front FlameSocketGraphDeployerFront@flamestream-benchmarks-worker-17
20:01:14.169 [worker-akka.actor.default-dispatcher-17] INFO  a.a.LocalActorRef akka://worker/user/watcher/acker - Unregistering front FlameSocketGraphDeployerFront@flamestream-benchmarks-worker-5
20:01:14.169 [worker-akka.actor.default-dispatcher-17] INFO  a.a.LocalActorRef akka://worker/user/watcher/acker - Unregistering front FlameSocketGraphDeployerFront@flamestream-benchmarks-worker-18
20:01:14.170 [worker-akka.actor.default-dispatcher-17] WARN  c.s.f.r.e.s.SocketRear  - FlameSocketGraphDeployerRear@flamestream-benchmarks-worker-1: writing to closed log
2019-09-27T20:01:18.656+0000: 567.309: [GC (Allocation Failure) 2019-09-27T20:01:18.656+0000: 567.309: [DefNew: 409996K->294K(460800K), 0.0029125 secs] 466931K->57230K(1484800K), 0.0030001 secs] [Times: user=0.00 sys=0.00, real=0.00 secs] 
2019-09-27T20:01:28.438+0000: 577.091: [GC (Allocation Failure) 2019-09-27T20:01:28.438+0000: 577.091: [DefNew: 409894K->283K(460800K), 0.0026364 secs] 466830K->57218K(1484800K), 0.0027265 secs] [Times: user=0.01 sys=0.00, real=0.01 secs] 
2019-09-27T20:01:38.247+0000: 586.900: [GC (Allocation Failure) 2019-09-27T20:01:38.247+0000: 586.900: [DefNew: 409883K->276K(460800K), 0.0027004 secs] 466818K->57222K(1484800K), 0.0027811 secs] [Times: user=0.00 sys=0.01, real=0.01 secs] 
20:01:43.465 [worker-akka.actor.default-dispatcher-11] INFO  a.a.LocalActorRef akka://worker/user/watcher/acker - Stopped
20:01:43.465 [worker-akka.actor.default-dispatcher-6] INFO  a.a.LocalActorRef akka://worker/user/watcher/processing-watcher/$c/$a - Stopped
20:01:43.466 [worker-akka.actor.default-dispatcher-17] INFO  a.a.LocalActorRef akka://worker/user/watcher/processing-watcher/graph/edge/FlameSocketGraphDeployerRear - Stopped
20:01:43.468 [worker-akka.actor.default-dispatcher-11] INFO  a.a.LocalActorRef akka://worker/user/watcher/processing-watcher/$c - Stopped
20:01:43.468 [worker-akka.actor.default-dispatcher-11] INFO  a.a.LocalActorRef akka://worker/user/watcher/processing-watcher/graph/graph/$a - Stopped
20:01:43.468 [worker-akka.actor.default-dispatcher-11] INFO  a.a.LocalActorRef akka://worker/user/watcher/processing-watcher/graph/graph/$b - Stopped
20:01:43.468 [worker-akka.actor.default-dispatcher-11] INFO  a.a.LocalActorRef akka://worker/user/watcher/processing-watcher/graph/graph/$c - Stopped
20:01:43.468 [worker-akka.actor.default-dispatcher-6] INFO  a.a.LocalActorRef akka://worker/user/watcher/processing-watcher/graph/graph/$d - Stopped
20:01:43.469 [worker-akka.actor.default-dispatcher-6] INFO  a.a.LocalActorRef akka://worker/user/watcher/processing-watcher/graph/graph/$e - Stopped
20:01:43.469 [worker-akka.actor.default-dispatcher-6] INFO  a.a.LocalActorRef akka://worker/user/watcher/processing-watcher/graph/graph/$f - Stopped
20:01:43.469 [worker-akka.actor.default-dispatcher-6] INFO  a.a.LocalActorRef akka://worker/user/watcher/processing-watcher/graph/graph/$g - Stopped
20:01:43.469 [worker-akka.actor.default-dispatcher-6] INFO  a.a.LocalActorRef akka://worker/user/watcher/processing-watcher/graph/graph/$h - Stopped
20:01:43.470 [worker-akka.actor.default-dispatcher-6] INFO  a.a.LocalActorRef akka://worker/user/watcher/processing-watcher/graph/graph/$i - Stopped
20:01:43.470 [worker-akka.actor.default-dispatcher-6] INFO  a.a.LocalActorRef akka://worker/user/watcher/processing-watcher/graph/graph - Stopped
20:01:43.478 [worker-akka.actor.default-dispatcher-15] INFO  a.a.LocalActorRef akka://worker/user/watcher/processing-watcher/graph/negotiator - Stopped
20:01:43.483 [worker-akka.actor.default-dispatcher-9] INFO  a.a.LocalActorRef akka://worker/user/watcher/processing-watcher/graph/edge/FlameSocketGraphDeployerFront - Stopped
20:01:43.485 [worker-akka.actor.default-dispatcher-9] INFO  a.a.LocalActorRef akka://worker/user/watcher/processing-watcher/graph/edge - Stopped
20:01:43.486 [worker-akka.actor.default-dispatcher-9] INFO  a.a.LocalActorRef akka://worker/user/watcher/processing-watcher/graph - Stopped
20:01:43.486 [worker-akka.actor.default-dispatcher-9] INFO  a.a.LocalActorRef akka://worker/user/watcher/processing-watcher - Stopped
20:01:43.486 [Curator-Framework-0] INFO  o.a.c.f.i.CuratorFrameworkImpl  - backgroundOperationsLoop exiting
20:01:43.503 [Curator-PathChildrenCache-0] ERROR o.a.c.f.r.c.PathChildrenCache  - 
java.lang.IllegalStateException: instance must be started before calling this method
	at org.apache.curator.shaded.com.google.common.base.Preconditions.checkState(Preconditions.java:444)
	at org.apache.curator.framework.imps.CuratorFrameworkImpl.getChildren(CuratorFrameworkImpl.java:456)
	at org.apache.curator.framework.recipes.cache.PathChildrenCache.refresh(PathChildrenCache.java:521)
	at org.apache.curator.framework.recipes.cache.RefreshOperation.invoke(RefreshOperation.java:35)
	at org.apache.curator.framework.recipes.cache.PathChildrenCache$9.run(PathChildrenCache.java:786)
	at java.util.concurrent.Executors$RunnableAdapter.call(Executors.java:511)
	at java.util.concurrent.FutureTask.run(FutureTask.java:266)
	at java.util.concurrent.Executors$RunnableAdapter.call(Executors.java:511)
	at java.util.concurrent.FutureTask.run(FutureTask.java:266)
	at java.util.concurrent.ThreadPoolExecutor.runWorker(ThreadPoolExecutor.java:1149)
	at java.util.concurrent.ThreadPoolExecutor$Worker.run(ThreadPoolExecutor.java:624)
	at java.lang.Thread.run(Thread.java:748)
20:01:43.504 [worker-akka.actor.default-dispatcher-6-EventThread] INFO  o.a.z.ClientCnxn  - EventThread shut down for session: 0x100008330160003
20:01:43.504 [worker-akka.actor.default-dispatcher-16] INFO  o.a.z.ZooKeeper  - Session: 0x100008330160003 closed
20:01:43.505 [worker-akka.actor.default-dispatcher-6] INFO  a.a.RepointableActorRef akka://worker/user/watcher - Stopped
20:01:43.514 [worker-akka.actor.default-dispatcher-14] INFO  a.r.RemoteActorRefProvider$RemotingTerminator akka://worker@flamestream-benchmarks-worker-1:5412/system/remoting-terminator - Shutting down remote daemon.
20:01:43.516 [worker-akka.actor.default-dispatcher-14] INFO  a.r.RemoteActorRefProvider$RemotingTerminator akka://worker@flamestream-benchmarks-worker-1:5412/system/remoting-terminator - Remote daemon shut down; proceeding with flushing remote transports.
20:01:44.903 [worker-akka.actor.default-dispatcher-14] INFO  a.r.RemoteActorRefProvider$RemotingTerminator akka://worker@flamestream-benchmarks-worker-1:5412/system/remoting-terminator - Remoting shut down.
Heap
 def new generation   total 460800K, used 258553K [0x00000000a2400000, 0x00000000c1800000, 0x00000000c1800000)
  eden space 409600K,  63% used [0x00000000a2400000, 0x00000000b20394d8, 0x00000000bb400000)
  from space 51200K,   0% used [0x00000000bb400000, 0x00000000bb445310, 0x00000000be600000)
  to   space 51200K,   0% used [0x00000000be600000, 0x00000000be600000, 0x00000000c1800000)
 tenured generation   total 1024000K, used 56945K [0x00000000c1800000, 0x0000000100000000, 0x0000000100000000)
   the space 1024000K,   5% used [0x00000000c1800000, 0x00000000c4f9c680, 0x00000000c4f9c800, 0x0000000100000000)
 Metaspace       used 40797K, capacity 43718K, committed 43904K, reserved 1087488K
  class space    used 5372K, capacity 5694K, committed 5760K, reserved 1048576K
