08:00:18,093 |-INFO in ch.qos.logback.classic.LoggerContext[default] - Could NOT find resource [logback-test.xml]
08:00:18,093 |-INFO in ch.qos.logback.classic.LoggerContext[default] - Could NOT find resource [logback.groovy]
08:00:18,093 |-INFO in ch.qos.logback.classic.LoggerContext[default] - Found resource [logback.xml] at [jar:file:/root/flamestream/lib/flamestream-runtime-1.0-SNAPSHOT.jar!/logback.xml]
08:00:18,094 |-WARN in ch.qos.logback.classic.LoggerContext[default] - Resource [logback.xml] occurs multiple times on the classpath.
08:00:18,094 |-WARN in ch.qos.logback.classic.LoggerContext[default] - Resource [logback.xml] occurs at [jar:file:/root/flamestream/lib/flamestream-runtime-1.0-SNAPSHOT.jar!/logback.xml]
08:00:18,094 |-WARN in ch.qos.logback.classic.LoggerContext[default] - Resource [logback.xml] occurs at [jar:file:/root/flamestream/flamestream-runtime-1.0-SNAPSHOT.jar!/logback.xml]
08:00:18,113 |-INFO in ch.qos.logback.core.joran.spi.ConfigurationWatchList@3fb6a447 - URL [jar:file:/root/flamestream/lib/flamestream-runtime-1.0-SNAPSHOT.jar!/logback.xml] is not of type file
08:00:18,180 |-INFO in ch.qos.logback.classic.joran.action.ConfigurationAction - debug attribute not set
08:00:18,180 |-INFO in ch.qos.logback.core.joran.action.AppenderAction - About to instantiate appender of type [ch.qos.logback.core.ConsoleAppender]
08:00:18,196 |-INFO in ch.qos.logback.core.joran.action.AppenderAction - Naming appender as [STDOUT]
08:00:18,216 |-INFO in ch.qos.logback.core.joran.action.NestedComplexPropertyIA - Assuming default type [ch.qos.logback.classic.encoder.PatternLayoutEncoder] for [encoder] property
08:00:18,297 |-INFO in ch.qos.logback.core.joran.action.AppenderAction - About to instantiate appender of type [ch.qos.logback.core.rolling.RollingFileAppender]
08:00:18,304 |-INFO in ch.qos.logback.core.joran.action.AppenderAction - Naming appender as [FILE]
08:00:18,333 |-INFO in c.q.l.core.rolling.TimeBasedRollingPolicy@127618319 - No compression will be used
08:00:18,335 |-INFO in c.q.l.core.rolling.TimeBasedRollingPolicy@127618319 - Will use the pattern /tmp/application_%d{yyyy-MM-dd}.%i.log for the active file
08:00:18,338 |-INFO in ch.qos.logback.core.rolling.SizeAndTimeBasedFNATP@6b2fad11 - The date pattern is 'yyyy-MM-dd' from file name pattern '/tmp/application_%d{yyyy-MM-dd}.%i.log'.
08:00:18,338 |-INFO in ch.qos.logback.core.rolling.SizeAndTimeBasedFNATP@6b2fad11 - Roll-over at midnight.
08:00:18,343 |-INFO in ch.qos.logback.core.rolling.SizeAndTimeBasedFNATP@6b2fad11 - Setting initial period to Tue Jun 11 07:58:56 UTC 2019
08:00:18,343 |-WARN in ch.qos.logback.core.rolling.SizeAndTimeBasedFNATP@6b2fad11 - SizeAndTimeBasedFNATP is deprecated. Use SizeAndTimeBasedRollingPolicy instead
08:00:18,343 |-WARN in ch.qos.logback.core.rolling.SizeAndTimeBasedFNATP@6b2fad11 - For more information see http://logback.qos.ch/manual/appenders.html#SizeAndTimeBasedRollingPolicy
08:00:18,347 |-INFO in ch.qos.logback.core.joran.action.NestedComplexPropertyIA - Assuming default type [ch.qos.logback.classic.encoder.PatternLayoutEncoder] for [encoder] property
08:00:18,352 |-INFO in ch.qos.logback.core.rolling.RollingFileAppender[FILE] - Active log file name: /tmp/application.log
08:00:18,352 |-INFO in ch.qos.logback.core.rolling.RollingFileAppender[FILE] - File property is set to [/tmp/application.log]
08:00:18,353 |-INFO in ch.qos.logback.classic.joran.action.RootLoggerAction - Setting level of ROOT logger to WARN
08:00:18,353 |-INFO in ch.qos.logback.core.joran.action.AppenderRefAction - Attaching appender named [STDOUT] to Logger[ROOT]
08:00:18,355 |-INFO in ch.qos.logback.core.joran.action.AppenderRefAction - Attaching appender named [FILE] to Logger[ROOT]
08:00:18,355 |-INFO in ch.qos.logback.classic.joran.action.ConfigurationAction - End of configuration.
08:00:18,355 |-INFO in ch.qos.logback.classic.joran.JoranConfigurator@79698539 - Registering current configuration as safe fallback point

Ama winner
Ama winner
2019-06-11T08:00:19.635+0000: 1.729: [Full GC (Metadata GC Threshold) 2019-06-11T08:00:19.635+0000: 1.729: [Tenured: 0K->15241K(341376K), 0.0393110 secs] 117751K->15241K(494976K), [Metaspace: 20738K->20738K(1067008K)], 0.0393844 secs] [Times: user=0.03 sys=0.00, real=0.04 secs] 
08:00:36.848 [Curator-PathChildrenCache-2] WARN  o.a.c.u.ZKPaths  - The version of ZooKeeper being used doesn't support Container nodes. CreateMode.PERSISTENT will be used instead.
2019-06-11T08:00:39.092+0000: 21.185: [GC (Allocation Failure) 2019-06-11T08:00:39.092+0000: 21.185: [DefNew: 136576K->16841K(153600K), 0.0275726 secs] 151817K->51614K(494976K), 0.0276376 secs] [Times: user=0.01 sys=0.01, real=0.03 secs] 
2019-06-11T08:00:39.423+0000: 21.517: [Full GC (Metadata GC Threshold) 2019-06-11T08:00:39.423+0000: 21.517: [Tenured: 34772K->43317K(341376K), 0.0365944 secs] 67394K->43317K(494976K), [Metaspace: 34543K->34543K(1079296K)], 0.0366616 secs] [Times: user=0.04 sys=0.01, real=0.04 secs] 
2019-06-11T08:00:42.775+0000: 24.869: [GC (Allocation Failure) 2019-06-11T08:00:42.775+0000: 24.869: [DefNew: 136576K->162K(153600K), 0.0020265 secs] 179893K->43480K(494976K), 0.0020850 secs] [Times: user=0.00 sys=0.00, real=0.00 secs] 
2019-06-11T08:00:46.064+0000: 28.158: [GC (Allocation Failure) 2019-06-11T08:00:46.065+0000: 28.158: [DefNew: 136738K->169K(153600K), 0.0018268 secs] 180056K->43487K(494976K), 0.0018887 secs] [Times: user=0.00 sys=0.00, real=0.01 secs] 
2019-06-11T08:00:49.326+0000: 31.420: [GC (Allocation Failure) 2019-06-11T08:00:49.326+0000: 31.420: [DefNew: 136745K->207K(153600K), 0.0018045 secs] 180063K->43524K(494976K), 0.0018623 secs] [Times: user=0.00 sys=0.00, real=0.00 secs] 
2019-06-11T08:00:52.533+0000: 34.627: [GC (Allocation Failure) 2019-06-11T08:00:52.533+0000: 34.627: [DefNew: 136783K->205K(153600K), 0.0018144 secs] 180100K->43523K(494976K), 0.0018759 secs] [Times: user=0.01 sys=0.00, real=0.01 secs] 
2019-06-11T08:00:55.787+0000: 37.881: [GC (Allocation Failure) 2019-06-11T08:00:55.787+0000: 37.881: [DefNew: 136781K->210K(153600K), 0.0018598 secs] 180099K->43528K(494976K), 0.0019190 secs] [Times: user=0.00 sys=0.00, real=0.00 secs] 
2019-06-11T08:00:59.059+0000: 41.153: [GC (Allocation Failure) 2019-06-11T08:00:59.059+0000: 41.153: [DefNew: 136786K->207K(153600K), 0.0018021 secs] 180104K->43525K(494976K), 0.0018652 secs] [Times: user=0.00 sys=0.00, real=0.00 secs] 
2019-06-11T08:01:02.330+0000: 44.424: [GC (Allocation Failure) 2019-06-11T08:01:02.330+0000: 44.424: [DefNew: 136783K->219K(153600K), 0.0018860 secs] 180101K->43537K(494976K), 0.0019442 secs] [Times: user=0.01 sys=0.00, real=0.00 secs] 
2019-06-11T08:01:05.592+0000: 47.686: [GC (Allocation Failure) 2019-06-11T08:01:05.592+0000: 47.686: [DefNew: 136795K->216K(153600K), 0.0019447 secs] 180113K->43533K(494976K), 0.0020065 secs] [Times: user=0.00 sys=0.00, real=0.01 secs] 
2019-06-11T08:01:16.500+0000: 58.594: [GC (Allocation Failure) 2019-06-11T08:01:16.500+0000: 58.594: [DefNew: 136792K->393K(153600K), 0.0038432 secs] 180109K->43711K(494976K), 0.0038993 secs] [Times: user=0.00 sys=0.00, real=0.00 secs] 
08:01:16.515 [Curator-PathChildrenCache-0] ERROR o.a.c.f.r.c.PathChildrenCache  - 
java.lang.IllegalStateException: instance must be started before calling this method
	at org.apache.curator.shaded.com.google.common.base.Preconditions.checkState(Preconditions.java:444)
	at org.apache.curator.framework.imps.CuratorFrameworkImpl.getChildren(CuratorFrameworkImpl.java:456)
	at org.apache.curator.framework.recipes.cache.PathChildrenCache.refresh(PathChildrenCache.java:521)
	at org.apache.curator.framework.recipes.cache.RefreshOperation.invoke(RefreshOperation.java:35)
	at org.apache.curator.framework.recipes.cache.PathChildrenCache$9.run(PathChildrenCache.java:786)
	at java.util.concurrent.Executors$RunnableAdapter.call(Executors.java:511)
	at java.util.concurrent.FutureTask.run(FutureTask.java:266)
	at java.util.concurrent.Executors$RunnableAdapter.call(Executors.java:511)
	at java.util.concurrent.FutureTask.run(FutureTask.java:266)
	at java.util.concurrent.ThreadPoolExecutor.runWorker(ThreadPoolExecutor.java:1149)
	at java.util.concurrent.ThreadPoolExecutor$Worker.run(ThreadPoolExecutor.java:624)
	at java.lang.Thread.run(Thread.java:748)
Heap
 def new generation   total 153600K, used 27058K [0x00000000e0c00000, 0x00000000eb2a0000, 0x00000000eb2a0000)
  eden space 136576K,  19% used [0x00000000e0c00000, 0x00000000e260a278, 0x00000000e9160000)
  from space 17024K,   2% used [0x00000000e9160000, 0x00000000e91c27c0, 0x00000000ea200000)
  to   space 17024K,   0% used [0x00000000ea200000, 0x00000000ea200000, 0x00000000eb2a0000)
 tenured generation   total 341376K, used 43317K [0x00000000eb2a0000, 0x0000000100000000, 0x0000000100000000)
   the space 341376K,  12% used [0x00000000eb2a0000, 0x00000000edced768, 0x00000000edced800, 0x0000000100000000)
 Metaspace       used 36023K, capacity 36988K, committed 37120K, reserved 1081344K
  class space    used 4856K, capacity 5058K, committed 5120K, reserved 1048576K
