08:22:47,766 |-INFO in ch.qos.logback.classic.LoggerContext[default] - Could NOT find resource [logback-test.xml]
08:22:47,767 |-INFO in ch.qos.logback.classic.LoggerContext[default] - Could NOT find resource [logback.groovy]
08:22:47,769 |-INFO in ch.qos.logback.classic.LoggerContext[default] - Found resource [logback.xml] at [jar:file:/root/flamestream/lib/flamestream-runtime-1.0-SNAPSHOT.jar!/logback.xml]
08:22:47,770 |-WARN in ch.qos.logback.classic.LoggerContext[default] - Resource [logback.xml] occurs multiple times on the classpath.
08:22:47,770 |-WARN in ch.qos.logback.classic.LoggerContext[default] - Resource [logback.xml] occurs at [jar:file:/root/flamestream/lib/flamestream-runtime-1.0-SNAPSHOT.jar!/logback.xml]
08:22:47,770 |-WARN in ch.qos.logback.classic.LoggerContext[default] - Resource [logback.xml] occurs at [jar:file:/root/flamestream/flamestream-runtime-1.0-SNAPSHOT.jar!/logback.xml]
08:22:47,789 |-INFO in ch.qos.logback.core.joran.spi.ConfigurationWatchList@3fb6a447 - URL [jar:file:/root/flamestream/lib/flamestream-runtime-1.0-SNAPSHOT.jar!/logback.xml] is not of type file
08:22:47,859 |-INFO in ch.qos.logback.classic.joran.action.ConfigurationAction - debug attribute not set
08:22:47,859 |-INFO in ch.qos.logback.core.joran.action.AppenderAction - About to instantiate appender of type [ch.qos.logback.core.ConsoleAppender]
08:22:47,877 |-INFO in ch.qos.logback.core.joran.action.AppenderAction - Naming appender as [STDOUT]
08:22:47,897 |-INFO in ch.qos.logback.core.joran.action.NestedComplexPropertyIA - Assuming default type [ch.qos.logback.classic.encoder.PatternLayoutEncoder] for [encoder] property
08:22:47,978 |-INFO in ch.qos.logback.core.joran.action.AppenderAction - About to instantiate appender of type [ch.qos.logback.core.rolling.RollingFileAppender]
08:22:47,984 |-INFO in ch.qos.logback.core.joran.action.AppenderAction - Naming appender as [FILE]
08:22:48,015 |-INFO in c.q.l.core.rolling.TimeBasedRollingPolicy@127618319 - No compression will be used
08:22:48,017 |-INFO in c.q.l.core.rolling.TimeBasedRollingPolicy@127618319 - Will use the pattern /tmp/application_%d{yyyy-MM-dd}.%i.log for the active file
08:22:48,019 |-INFO in ch.qos.logback.core.rolling.SizeAndTimeBasedFNATP@6b2fad11 - The date pattern is 'yyyy-MM-dd' from file name pattern '/tmp/application_%d{yyyy-MM-dd}.%i.log'.
08:22:48,019 |-INFO in ch.qos.logback.core.rolling.SizeAndTimeBasedFNATP@6b2fad11 - Roll-over at midnight.
08:22:48,025 |-INFO in ch.qos.logback.core.rolling.SizeAndTimeBasedFNATP@6b2fad11 - Setting initial period to Tue Jun 11 08:21:35 UTC 2019
08:22:48,025 |-WARN in ch.qos.logback.core.rolling.SizeAndTimeBasedFNATP@6b2fad11 - SizeAndTimeBasedFNATP is deprecated. Use SizeAndTimeBasedRollingPolicy instead
08:22:48,025 |-WARN in ch.qos.logback.core.rolling.SizeAndTimeBasedFNATP@6b2fad11 - For more information see http://logback.qos.ch/manual/appenders.html#SizeAndTimeBasedRollingPolicy
08:22:48,029 |-INFO in ch.qos.logback.core.joran.action.NestedComplexPropertyIA - Assuming default type [ch.qos.logback.classic.encoder.PatternLayoutEncoder] for [encoder] property
08:22:48,033 |-INFO in ch.qos.logback.core.rolling.RollingFileAppender[FILE] - Active log file name: /tmp/application.log
08:22:48,033 |-INFO in ch.qos.logback.core.rolling.RollingFileAppender[FILE] - File property is set to [/tmp/application.log]
08:22:48,034 |-INFO in ch.qos.logback.classic.joran.action.RootLoggerAction - Setting level of ROOT logger to WARN
08:22:48,034 |-INFO in ch.qos.logback.core.joran.action.AppenderRefAction - Attaching appender named [STDOUT] to Logger[ROOT]
08:22:48,036 |-INFO in ch.qos.logback.core.joran.action.AppenderRefAction - Attaching appender named [FILE] to Logger[ROOT]
08:22:48,036 |-INFO in ch.qos.logback.classic.joran.action.ConfigurationAction - End of configuration.
08:22:48,037 |-INFO in ch.qos.logback.classic.joran.JoranConfigurator@79698539 - Registering current configuration as safe fallback point

Ama winner
Ama winner
2019-06-11T08:22:49.613+0000: 2.029: [Full GC (Metadata GC Threshold) 2019-06-11T08:22:49.613+0000: 2.029: [Tenured: 0K->15177K(341376K), 0.0392414 secs] 120482K->15177K(494976K), [Metaspace: 20739K->20739K(1067008K)], 0.0393083 secs] [Times: user=0.03 sys=0.00, real=0.04 secs] 
08:23:03.157 [Curator-PathChildrenCache-1] WARN  o.a.c.u.ZKPaths  - The version of ZooKeeper being used doesn't support Container nodes. CreateMode.PERSISTENT will be used instead.
2019-06-11T08:23:05.415+0000: 17.831: [GC (Allocation Failure) 2019-06-11T08:23:05.415+0000: 17.831: [DefNew: 117788K->17023K(153600K), 0.0186818 secs] 132966K->32612K(494976K), 0.0187561 secs] [Times: user=0.01 sys=0.00, real=0.02 secs] 
2019-06-11T08:23:08.544+0000: 20.959: [Full GC (Metadata GC Threshold) 2019-06-11T08:23:08.544+0000: 20.959: [Tenured: 15588K->43420K(341376K), 0.0959465 secs] 130780K->43420K(494976K), [Metaspace: 34598K->34598K(1079296K)], 0.0960231 secs] [Times: user=0.09 sys=0.00, real=0.09 secs] 
2019-06-11T08:23:14.115+0000: 26.530: [GC (Allocation Failure) 2019-06-11T08:23:14.115+0000: 26.530: [DefNew: 136576K->54K(153600K), 0.0017398 secs] 179996K->43474K(494976K), 0.0017982 secs] [Times: user=0.00 sys=0.00, real=0.00 secs] 
2019-06-11T08:23:19.691+0000: 32.106: [GC (Allocation Failure) 2019-06-11T08:23:19.691+0000: 32.106: [DefNew: 136630K->55K(153600K), 0.0016977 secs] 180050K->43475K(494976K), 0.0017546 secs] [Times: user=0.00 sys=0.00, real=0.00 secs] 
2019-06-11T08:23:25.195+0000: 37.610: [GC (Allocation Failure) 2019-06-11T08:23:25.195+0000: 37.610: [DefNew: 136631K->54K(153600K), 0.0016257 secs] 180051K->43474K(494976K), 0.0017145 secs] [Times: user=0.00 sys=0.00, real=0.00 secs] 
2019-06-11T08:23:30.796+0000: 43.211: [GC (Allocation Failure) 2019-06-11T08:23:30.796+0000: 43.211: [DefNew: 136630K->55K(153600K), 0.0016751 secs] 180050K->43475K(494976K), 0.0017367 secs] [Times: user=0.00 sys=0.00, real=0.00 secs] 
2019-06-11T08:23:45.379+0000: 57.795: [GC (Allocation Failure) 2019-06-11T08:23:45.379+0000: 57.795: [DefNew: 136631K->451K(153600K), 0.0028139 secs] 180051K->43871K(494976K), 0.0028650 secs] [Times: user=0.00 sys=0.00, real=0.00 secs] 
08:23:45.405 [Curator-PathChildrenCache-0] ERROR o.a.c.f.r.c.PathChildrenCache  - 
java.lang.IllegalStateException: instance must be started before calling this method
	at org.apache.curator.shaded.com.google.common.base.Preconditions.checkState(Preconditions.java:444)
	at org.apache.curator.framework.imps.CuratorFrameworkImpl.getChildren(CuratorFrameworkImpl.java:456)
	at org.apache.curator.framework.recipes.cache.PathChildrenCache.refresh(PathChildrenCache.java:521)
	at org.apache.curator.framework.recipes.cache.RefreshOperation.invoke(RefreshOperation.java:35)
	at org.apache.curator.framework.recipes.cache.PathChildrenCache$9.run(PathChildrenCache.java:786)
	at java.util.concurrent.Executors$RunnableAdapter.call(Executors.java:511)
	at java.util.concurrent.FutureTask.run(FutureTask.java:266)
	at java.util.concurrent.Executors$RunnableAdapter.call(Executors.java:511)
	at java.util.concurrent.FutureTask.run(FutureTask.java:266)
	at java.util.concurrent.ThreadPoolExecutor.runWorker(ThreadPoolExecutor.java:1149)
	at java.util.concurrent.ThreadPoolExecutor$Worker.run(ThreadPoolExecutor.java:624)
	at java.lang.Thread.run(Thread.java:748)
Heap
 def new generation   total 153600K, used 16697K [0x00000000e0c00000, 0x00000000eb2a0000, 0x00000000eb2a0000)
  eden space 136576K,  11% used [0x00000000e0c00000, 0x00000000e1bdda60, 0x00000000e9160000)
  from space 17024K,   2% used [0x00000000e9160000, 0x00000000e91d0c10, 0x00000000ea200000)
  to   space 17024K,   0% used [0x00000000ea200000, 0x00000000ea200000, 0x00000000eb2a0000)
 tenured generation   total 341376K, used 43420K [0x00000000eb2a0000, 0x0000000100000000, 0x0000000100000000)
   the space 341376K,  12% used [0x00000000eb2a0000, 0x00000000edd070d8, 0x00000000edd07200, 0x0000000100000000)
 Metaspace       used 35828K, capacity 36768K, committed 37120K, reserved 1081344K
  class space    used 4831K, capacity 5042K, committed 5120K, reserved 1048576K
