01:30:01,045 |-INFO in ch.qos.logback.classic.LoggerContext[default] - Could NOT find resource [logback-test.xml]
01:30:01,046 |-INFO in ch.qos.logback.classic.LoggerContext[default] - Could NOT find resource [logback.groovy]
01:30:01,046 |-INFO in ch.qos.logback.classic.LoggerContext[default] - Found resource [logback.xml] at [jar:file:/home/nikitasokolov/flamestream/lib/flamestream-runtime-1.0-SNAPSHOT.jar!/logback.xml]
01:30:01,047 |-WARN in ch.qos.logback.classic.LoggerContext[default] - Resource [logback.xml] occurs multiple times on the classpath.
01:30:01,047 |-WARN in ch.qos.logback.classic.LoggerContext[default] - Resource [logback.xml] occurs at [jar:file:/home/nikitasokolov/flamestream/lib/flamestream-runtime-1.0-SNAPSHOT.jar!/logback.xml]
01:30:01,047 |-WARN in ch.qos.logback.classic.LoggerContext[default] - Resource [logback.xml] occurs at [jar:file:/home/nikitasokolov/flamestream/flamestream-runtime-1.0-SNAPSHOT.jar!/logback.xml]
01:30:01,064 |-INFO in ch.qos.logback.core.joran.spi.ConfigurationWatchList@6108b2d7 - URL [jar:file:/home/nikitasokolov/flamestream/lib/flamestream-runtime-1.0-SNAPSHOT.jar!/logback.xml] is not of type file
01:30:01,115 |-INFO in ch.qos.logback.classic.joran.action.ConfigurationAction - debug attribute not set
01:30:01,115 |-INFO in ch.qos.logback.core.joran.action.AppenderAction - About to instantiate appender of type [ch.qos.logback.core.ConsoleAppender]
01:30:01,123 |-INFO in ch.qos.logback.core.joran.action.AppenderAction - Naming appender as [STDOUT]
01:30:01,131 |-INFO in ch.qos.logback.core.joran.action.NestedComplexPropertyIA - Assuming default type [ch.qos.logback.classic.encoder.PatternLayoutEncoder] for [encoder] property
01:30:01,186 |-INFO in ch.qos.logback.core.joran.action.AppenderAction - About to instantiate appender of type [ch.qos.logback.core.rolling.RollingFileAppender]
01:30:01,192 |-INFO in ch.qos.logback.core.joran.action.AppenderAction - Naming appender as [FILE]
01:30:01,218 |-INFO in c.q.l.core.rolling.TimeBasedRollingPolicy@357863579 - No compression will be used
01:30:01,219 |-INFO in c.q.l.core.rolling.TimeBasedRollingPolicy@357863579 - Will use the pattern /tmp/application_%d{yyyy-MM-dd}.%i.log for the active file
01:30:01,222 |-INFO in ch.qos.logback.core.rolling.SizeAndTimeBasedFNATP@6bf256fa - The date pattern is 'yyyy-MM-dd' from file name pattern '/tmp/application_%d{yyyy-MM-dd}.%i.log'.
01:30:01,222 |-INFO in ch.qos.logback.core.rolling.SizeAndTimeBasedFNATP@6bf256fa - Roll-over at midnight.
01:30:01,226 |-INFO in ch.qos.logback.core.rolling.SizeAndTimeBasedFNATP@6bf256fa - Setting initial period to Sun Jun 09 01:29:21 MSK 2019
01:30:01,227 |-WARN in ch.qos.logback.core.rolling.SizeAndTimeBasedFNATP@6bf256fa - SizeAndTimeBasedFNATP is deprecated. Use SizeAndTimeBasedRollingPolicy instead
01:30:01,227 |-WARN in ch.qos.logback.core.rolling.SizeAndTimeBasedFNATP@6bf256fa - For more information see http://logback.qos.ch/manual/appenders.html#SizeAndTimeBasedRollingPolicy
01:30:01,232 |-INFO in ch.qos.logback.core.joran.action.NestedComplexPropertyIA - Assuming default type [ch.qos.logback.classic.encoder.PatternLayoutEncoder] for [encoder] property
01:30:01,234 |-INFO in ch.qos.logback.core.rolling.RollingFileAppender[FILE] - Active log file name: /tmp/application.log
01:30:01,234 |-INFO in ch.qos.logback.core.rolling.RollingFileAppender[FILE] - File property is set to [/tmp/application.log]
01:30:01,235 |-INFO in ch.qos.logback.classic.joran.action.RootLoggerAction - Setting level of ROOT logger to WARN
01:30:01,235 |-INFO in ch.qos.logback.core.joran.action.AppenderRefAction - Attaching appender named [STDOUT] to Logger[ROOT]
01:30:01,236 |-INFO in ch.qos.logback.core.joran.action.AppenderRefAction - Attaching appender named [FILE] to Logger[ROOT]
01:30:01,236 |-INFO in ch.qos.logback.classic.joran.action.ConfigurationAction - End of configuration.
01:30:01,237 |-INFO in ch.qos.logback.classic.joran.JoranConfigurator@6cd8737 - Registering current configuration as safe fallback point

2019-06-09T01:30:02.227+0300: 1.403: [GC (Metadata GC Threshold) [PSYoungGen: 108151K->15826K(149504K)] 108151K->15906K(491008K), 0.0319182 secs] [Times: user=0.10 sys=0.03, real=0.04 secs] 
2019-06-09T01:30:02.259+0300: 1.435: [Full GC (Metadata GC Threshold) [PSYoungGen: 15826K->0K(149504K)] [ParOldGen: 80K->15078K(341504K)] 15906K->15078K(491008K), [Metaspace: 20800K->20800K(1067008K)], 0.0297556 secs] [Times: user=0.18 sys=0.02, real=0.02 secs] 
01:30:14.481 [Curator-PathChildrenCache-1] WARN  o.a.c.u.ZKPaths  - The version of ZooKeeper being used doesn't support Container nodes. CreateMode.PERSISTENT will be used instead.
2019-06-09T01:30:15.339+0300: 14.515: [GC (Metadata GC Threshold) [PSYoungGen: 125023K->15991K(149504K)] 140101K->50609K(491008K), 0.0314628 secs] [Times: user=0.29 sys=0.02, real=0.03 secs] 
2019-06-09T01:30:15.371+0300: 14.546: [Full GC (Metadata GC Threshold) [PSYoungGen: 15991K->0K(149504K)] [ParOldGen: 34617K->38825K(341504K)] 50609K->38825K(491008K), [Metaspace: 34535K->34535K(1079296K)], 0.0481213 secs] [Times: user=0.35 sys=0.01, real=0.05 secs] 
2019-06-09T01:30:17.579+0300: 16.755: [GC (Allocation Failure) [PSYoungGen: 128512K->640K(149504K)] 167337K->39473K(491008K), 0.0044161 secs] [Times: user=0.02 sys=0.00, real=0.00 secs] 
2019-06-09T01:30:20.138+0300: 19.313: [GC (Allocation Failure) [PSYoungGen: 129152K->544K(149504K)] 167985K->39385K(491008K), 0.0037774 secs] [Times: user=0.02 sys=0.00, real=0.00 secs] 
2019-06-09T01:30:22.389+0300: 21.565: [GC (Allocation Failure) [PSYoungGen: 129056K->544K(129536K)] 167897K->39393K(471040K), 0.0034653 secs] [Times: user=0.01 sys=0.01, real=0.01 secs] 
2019-06-09T01:30:24.266+0300: 23.442: [GC (Allocation Failure) [PSYoungGen: 129056K->608K(150016K)] 167905K->39465K(491520K), 0.0045338 secs] [Times: user=0.03 sys=0.00, real=0.01 secs] 
2019-06-09T01:30:26.254+0300: 25.429: [GC (Allocation Failure) [PSYoungGen: 129120K->640K(148992K)] 167977K->39505K(490496K), 0.0030765 secs] [Times: user=0.01 sys=0.01, real=0.00 secs] 
2019-06-09T01:30:28.316+0300: 27.492: [GC (Allocation Failure) [PSYoungGen: 129152K->800K(151552K)] 168017K->39673K(493056K), 0.0026034 secs] [Times: user=0.02 sys=0.00, real=0.01 secs] 
2019-06-09T01:30:29.949+0300: 29.125: [GC (Allocation Failure) [PSYoungGen: 132384K->736K(150528K)] 171257K->39617K(492032K), 0.0026160 secs] [Times: user=0.01 sys=0.00, real=0.01 secs] 
2019-06-09T01:30:31.924+0300: 31.100: [GC (Allocation Failure) [PSYoungGen: 132320K->704K(153088K)] 171201K->39585K(494592K), 0.0628328 secs] [Times: user=0.02 sys=0.00, real=0.06 secs] 
2019-06-09T01:30:33.918+0300: 33.094: [GC (Allocation Failure) [PSYoungGen: 135872K->736K(152576K)] 174753K->39617K(494080K), 0.0035219 secs] [Times: user=0.02 sys=0.00, real=0.00 secs] 
2019-06-09T01:30:35.511+0300: 34.687: [GC (Allocation Failure) [PSYoungGen: 135904K->992K(155136K)] 174785K->39881K(496640K), 0.0046713 secs] [Times: user=0.03 sys=0.00, real=0.00 secs] 
2019-06-09T01:30:37.611+0300: 36.786: [GC (Allocation Failure) [PSYoungGen: 139744K->800K(154112K)] 178633K->39689K(495616K), 0.0026460 secs] [Times: user=0.01 sys=0.00, real=0.00 secs] 
2019-06-09T01:30:39.978+0300: 39.153: [GC (Allocation Failure) [PSYoungGen: 139552K->864K(156672K)] 178441K->39753K(498176K), 0.0030641 secs] [Times: user=0.01 sys=0.00, real=0.00 secs] 
2019-06-09T01:30:41.841+0300: 41.016: [GC (Allocation Failure) [PSYoungGen: 142688K->864K(155648K)] 181577K->39753K(497152K), 0.0047453 secs] [Times: user=0.01 sys=0.04, real=0.00 secs] 
2019-06-09T01:30:43.413+0300: 42.595: [GC (Allocation Failure) [PSYoungGen: 142688K->896K(158208K)] 181577K->39785K(499712K), 0.0102831 secs] [Times: user=0.00 sys=0.01, real=0.01 secs] 
2019-06-09T01:30:45.671+0300: 44.846: [GC (Allocation Failure) [PSYoungGen: 145792K->1024K(157184K)] 184681K->39921K(498688K), 0.0039390 secs] [Times: user=0.02 sys=0.01, real=0.00 secs] 
2019-06-09T01:30:48.196+0300: 47.371: [GC (Allocation Failure) [PSYoungGen: 145920K->800K(159232K)] 184817K->40009K(500736K), 0.0028656 secs] [Times: user=0.01 sys=0.00, real=0.01 secs] 
01:30:58.531 [Curator-PathChildrenCache-0] ERROR o.a.c.f.r.c.PathChildrenCache  - 
java.lang.IllegalStateException: instance must be started before calling this method
	at org.apache.curator.shaded.com.google.common.base.Preconditions.checkState(Preconditions.java:444)
	at org.apache.curator.framework.imps.CuratorFrameworkImpl.getChildren(CuratorFrameworkImpl.java:456)
	at org.apache.curator.framework.recipes.cache.PathChildrenCache.refresh(PathChildrenCache.java:521)
	at org.apache.curator.framework.recipes.cache.RefreshOperation.invoke(RefreshOperation.java:35)
	at org.apache.curator.framework.recipes.cache.PathChildrenCache$9.run(PathChildrenCache.java:786)
	at java.util.concurrent.Executors$RunnableAdapter.call(Executors.java:511)
	at java.util.concurrent.FutureTask.run(FutureTask.java:266)
	at java.util.concurrent.Executors$RunnableAdapter.call(Executors.java:511)
	at java.util.concurrent.FutureTask.run(FutureTask.java:266)
	at java.util.concurrent.ThreadPoolExecutor.runWorker(ThreadPoolExecutor.java:1149)
	at java.util.concurrent.ThreadPoolExecutor$Worker.run(ThreadPoolExecutor.java:624)
	at java.lang.Thread.run(Thread.java:748)
Heap
 PSYoungGen      total 159232K, used 69267K [0x00000000f5980000, 0x0000000100000000, 0x0000000100000000)
  eden space 147456K, 46% used [0x00000000f5980000,0x00000000f9c5cc90,0x00000000fe980000)
  from space 11776K, 6% used [0x00000000ff480000,0x00000000ff548090,0x0000000100000000)
  to   space 11264K, 0% used [0x00000000fe980000,0x00000000fe980000,0x00000000ff480000)
 ParOldGen       total 341504K, used 39209K [0x00000000e0c00000, 0x00000000f5980000, 0x00000000f5980000)
  object space 341504K, 11% used [0x00000000e0c00000,0x00000000e324a640,0x00000000f5980000)
 Metaspace       used 35833K, capacity 36676K, committed 36992K, reserved 1081344K
  class space    used 4940K, capacity 5138K, committed 5248K, reserved 1048576K
