13:33:14,063 |-INFO in ch.qos.logback.classic.LoggerContext[default] - Could NOT find resource [logback-test.xml]
13:33:14,063 |-INFO in ch.qos.logback.classic.LoggerContext[default] - Could NOT find resource [logback.groovy]
13:33:14,063 |-INFO in ch.qos.logback.classic.LoggerContext[default] - Found resource [logback.xml] at [jar:file:/root/flamestream/lib/flamestream-runtime-1.0-SNAPSHOT.jar!/logback.xml]
13:33:14,064 |-WARN in ch.qos.logback.classic.LoggerContext[default] - Resource [logback.xml] occurs multiple times on the classpath.
13:33:14,064 |-WARN in ch.qos.logback.classic.LoggerContext[default] - Resource [logback.xml] occurs at [jar:file:/root/flamestream/lib/flamestream-runtime-1.0-SNAPSHOT.jar!/logback.xml]
13:33:14,064 |-WARN in ch.qos.logback.classic.LoggerContext[default] - Resource [logback.xml] occurs at [jar:file:/root/flamestream/flamestream-runtime-1.0-SNAPSHOT.jar!/logback.xml]
13:33:14,085 |-INFO in ch.qos.logback.core.joran.spi.ConfigurationWatchList@3fb6a447 - URL [jar:file:/root/flamestream/lib/flamestream-runtime-1.0-SNAPSHOT.jar!/logback.xml] is not of type file
13:33:14,157 |-INFO in ch.qos.logback.classic.joran.action.ConfigurationAction - debug attribute not set
13:33:14,157 |-INFO in ch.qos.logback.core.joran.action.AppenderAction - About to instantiate appender of type [ch.qos.logback.core.ConsoleAppender]
13:33:14,172 |-INFO in ch.qos.logback.core.joran.action.AppenderAction - Naming appender as [STDOUT]
13:33:14,192 |-INFO in ch.qos.logback.core.joran.action.NestedComplexPropertyIA - Assuming default type [ch.qos.logback.classic.encoder.PatternLayoutEncoder] for [encoder] property
13:33:14,275 |-INFO in ch.qos.logback.core.joran.action.AppenderAction - About to instantiate appender of type [ch.qos.logback.core.rolling.RollingFileAppender]
13:33:14,280 |-INFO in ch.qos.logback.core.joran.action.AppenderAction - Naming appender as [FILE]
13:33:14,310 |-INFO in c.q.l.core.rolling.TimeBasedRollingPolicy@127618319 - No compression will be used
13:33:14,312 |-INFO in c.q.l.core.rolling.TimeBasedRollingPolicy@127618319 - Will use the pattern /tmp/application_%d{yyyy-MM-dd}.%i.log for the active file
13:33:14,315 |-INFO in ch.qos.logback.core.rolling.SizeAndTimeBasedFNATP@6b2fad11 - The date pattern is 'yyyy-MM-dd' from file name pattern '/tmp/application_%d{yyyy-MM-dd}.%i.log'.
13:33:14,315 |-INFO in ch.qos.logback.core.rolling.SizeAndTimeBasedFNATP@6b2fad11 - Roll-over at midnight.
13:33:14,320 |-INFO in ch.qos.logback.core.rolling.SizeAndTimeBasedFNATP@6b2fad11 - Setting initial period to Mon Jun 10 13:31:53 UTC 2019
13:33:14,320 |-WARN in ch.qos.logback.core.rolling.SizeAndTimeBasedFNATP@6b2fad11 - SizeAndTimeBasedFNATP is deprecated. Use SizeAndTimeBasedRollingPolicy instead
13:33:14,320 |-WARN in ch.qos.logback.core.rolling.SizeAndTimeBasedFNATP@6b2fad11 - For more information see http://logback.qos.ch/manual/appenders.html#SizeAndTimeBasedRollingPolicy
13:33:14,324 |-INFO in ch.qos.logback.core.joran.action.NestedComplexPropertyIA - Assuming default type [ch.qos.logback.classic.encoder.PatternLayoutEncoder] for [encoder] property
13:33:14,329 |-INFO in ch.qos.logback.core.rolling.RollingFileAppender[FILE] - Active log file name: /tmp/application.log
13:33:14,329 |-INFO in ch.qos.logback.core.rolling.RollingFileAppender[FILE] - File property is set to [/tmp/application.log]
13:33:14,330 |-INFO in ch.qos.logback.classic.joran.action.RootLoggerAction - Setting level of ROOT logger to WARN
13:33:14,330 |-INFO in ch.qos.logback.core.joran.action.AppenderRefAction - Attaching appender named [STDOUT] to Logger[ROOT]
13:33:14,332 |-INFO in ch.qos.logback.core.joran.action.AppenderRefAction - Attaching appender named [FILE] to Logger[ROOT]
13:33:14,332 |-INFO in ch.qos.logback.classic.joran.action.ConfigurationAction - End of configuration.
13:33:14,332 |-INFO in ch.qos.logback.classic.joran.JoranConfigurator@79698539 - Registering current configuration as safe fallback point

Ama winner
Ama winner
2019-06-10T13:33:15.635+0000: 1.762: [Full GC (Metadata GC Threshold) 2019-06-10T13:33:15.635+0000: 1.762: [Tenured: 0K->15208K(341376K), 0.0408157 secs] 114987K->15208K(494976K), [Metaspace: 20737K->20737K(1067008K)], 0.0408812 secs] [Times: user=0.04 sys=0.01, real=0.04 secs] 
13:33:39.016 [Curator-PathChildrenCache-1] WARN  o.a.c.u.ZKPaths  - The version of ZooKeeper being used doesn't support Container nodes. CreateMode.PERSISTENT will be used instead.
2019-06-10T13:33:41.229+0000: 27.356: [GC (Allocation Failure) 2019-06-10T13:33:41.229+0000: 27.356: [DefNew: 136576K->17024K(153600K), 0.0262443 secs] 151784K->53013K(494976K), 0.0263161 secs] [Times: user=0.01 sys=0.01, real=0.02 secs] 
2019-06-10T13:33:42.796+0000: 28.922: [Full GC (Metadata GC Threshold) 2019-06-10T13:33:42.796+0000: 28.922: [Tenured: 35989K->45074K(341376K), 0.0436708 secs] 86513K->45074K(494976K), [Metaspace: 34601K->34601K(1079296K)], 0.0437533 secs] [Times: user=0.04 sys=0.00, real=0.05 secs] 
2019-06-10T13:33:48.710+0000: 34.837: [GC (Allocation Failure) 2019-06-10T13:33:48.710+0000: 34.837: [DefNew: 136576K->88K(153600K), 0.0019791 secs] 181650K->45163K(494976K), 0.0020383 secs] [Times: user=0.00 sys=0.00, real=0.00 secs] 
2019-06-10T13:33:54.654+0000: 40.781: [GC (Allocation Failure) 2019-06-10T13:33:54.654+0000: 40.781: [DefNew: 136664K->124K(153600K), 0.0018220 secs] 181739K->45198K(494976K), 0.0018778 secs] [Times: user=0.00 sys=0.00, real=0.00 secs] 
2019-06-10T13:34:00.570+0000: 46.697: [GC (Allocation Failure) 2019-06-10T13:34:00.570+0000: 46.697: [DefNew: 136700K->157K(153600K), 0.0020427 secs] 181774K->45231K(494976K), 0.0021020 secs] [Times: user=0.01 sys=0.00, real=0.00 secs] 
2019-06-10T13:34:06.625+0000: 52.752: [GC (Allocation Failure) 2019-06-10T13:34:06.625+0000: 52.752: [DefNew: 136733K->158K(153600K), 0.0020151 secs] 181807K->45233K(494976K), 0.0020716 secs] [Times: user=0.01 sys=0.00, real=0.00 secs] 
13:34:16.529 [Curator-PathChildrenCache-0] ERROR o.a.c.f.r.c.PathChildrenCache  - 
java.lang.IllegalStateException: instance must be started before calling this method
	at org.apache.curator.shaded.com.google.common.base.Preconditions.checkState(Preconditions.java:444)
	at org.apache.curator.framework.imps.CuratorFrameworkImpl.getChildren(CuratorFrameworkImpl.java:456)
	at org.apache.curator.framework.recipes.cache.PathChildrenCache.refresh(PathChildrenCache.java:521)
	at org.apache.curator.framework.recipes.cache.RefreshOperation.invoke(RefreshOperation.java:35)
	at org.apache.curator.framework.recipes.cache.PathChildrenCache$9.run(PathChildrenCache.java:786)
	at java.util.concurrent.Executors$RunnableAdapter.call(Executors.java:511)
	at java.util.concurrent.FutureTask.run(FutureTask.java:266)
	at java.util.concurrent.Executors$RunnableAdapter.call(Executors.java:511)
	at java.util.concurrent.FutureTask.run(FutureTask.java:266)
	at java.util.concurrent.ThreadPoolExecutor.runWorker(ThreadPoolExecutor.java:1149)
	at java.util.concurrent.ThreadPoolExecutor$Worker.run(ThreadPoolExecutor.java:624)
	at java.lang.Thread.run(Thread.java:748)
2019-06-10T13:34:17.712+0000: 63.839: [GC (Allocation Failure) 2019-06-10T13:34:17.712+0000: 63.839: [DefNew: 136734K->1158K(153600K), 0.0040962 secs] 181809K->46233K(494976K), 0.0041579 secs] [Times: user=0.01 sys=0.00, real=0.00 secs] 
Heap
 def new generation   total 153600K, used 4523K [0x00000000e0c00000, 0x00000000eb2a0000, 0x00000000eb2a0000)
  eden space 136576K,   2% used [0x00000000e0c00000, 0x00000000e0f49028, 0x00000000e9160000)
  from space 17024K,   6% used [0x00000000e9160000, 0x00000000e9281bf8, 0x00000000ea200000)
  to   space 17024K,   0% used [0x00000000ea200000, 0x00000000ea200000, 0x00000000eb2a0000)
 tenured generation   total 341376K, used 45074K [0x00000000eb2a0000, 0x0000000100000000, 0x0000000100000000)
   the space 341376K,  13% used [0x00000000eb2a0000, 0x00000000edea4950, 0x00000000edea4a00, 0x0000000100000000)
 Metaspace       used 36280K, capacity 37196K, committed 37376K, reserved 1081344K
  class space    used 4860K, capacity 5076K, committed 5120K, reserved 1048576K
