13:20:44,725 |-INFO in ch.qos.logback.classic.LoggerContext[default] - Could NOT find resource [logback-test.xml]
13:20:44,725 |-INFO in ch.qos.logback.classic.LoggerContext[default] - Could NOT find resource [logback.groovy]
13:20:44,725 |-INFO in ch.qos.logback.classic.LoggerContext[default] - Found resource [logback.xml] at [jar:file:/root/flamestream/lib/flamestream-runtime-1.0-SNAPSHOT.jar!/logback.xml]
13:20:44,726 |-WARN in ch.qos.logback.classic.LoggerContext[default] - Resource [logback.xml] occurs multiple times on the classpath.
13:20:44,726 |-WARN in ch.qos.logback.classic.LoggerContext[default] - Resource [logback.xml] occurs at [jar:file:/root/flamestream/lib/flamestream-runtime-1.0-SNAPSHOT.jar!/logback.xml]
13:20:44,726 |-WARN in ch.qos.logback.classic.LoggerContext[default] - Resource [logback.xml] occurs at [jar:file:/root/flamestream/flamestream-runtime-1.0-SNAPSHOT.jar!/logback.xml]
13:20:44,749 |-INFO in ch.qos.logback.core.joran.spi.ConfigurationWatchList@3fb6a447 - URL [jar:file:/root/flamestream/lib/flamestream-runtime-1.0-SNAPSHOT.jar!/logback.xml] is not of type file
13:20:44,817 |-INFO in ch.qos.logback.classic.joran.action.ConfigurationAction - debug attribute not set
13:20:44,818 |-INFO in ch.qos.logback.core.joran.action.AppenderAction - About to instantiate appender of type [ch.qos.logback.core.ConsoleAppender]
13:20:44,835 |-INFO in ch.qos.logback.core.joran.action.AppenderAction - Naming appender as [STDOUT]
13:20:44,847 |-INFO in ch.qos.logback.core.joran.action.NestedComplexPropertyIA - Assuming default type [ch.qos.logback.classic.encoder.PatternLayoutEncoder] for [encoder] property
13:20:44,947 |-INFO in ch.qos.logback.core.joran.action.AppenderAction - About to instantiate appender of type [ch.qos.logback.core.rolling.RollingFileAppender]
13:20:44,952 |-INFO in ch.qos.logback.core.joran.action.AppenderAction - Naming appender as [FILE]
13:20:44,991 |-INFO in c.q.l.core.rolling.TimeBasedRollingPolicy@127618319 - No compression will be used
13:20:44,992 |-INFO in c.q.l.core.rolling.TimeBasedRollingPolicy@127618319 - Will use the pattern /tmp/application_%d{yyyy-MM-dd}.%i.log for the active file
13:20:44,995 |-INFO in ch.qos.logback.core.rolling.SizeAndTimeBasedFNATP@6b2fad11 - The date pattern is 'yyyy-MM-dd' from file name pattern '/tmp/application_%d{yyyy-MM-dd}.%i.log'.
13:20:44,995 |-INFO in ch.qos.logback.core.rolling.SizeAndTimeBasedFNATP@6b2fad11 - Roll-over at midnight.
13:20:45,000 |-INFO in ch.qos.logback.core.rolling.SizeAndTimeBasedFNATP@6b2fad11 - Setting initial period to Mon Jun 10 13:19:16 UTC 2019
13:20:45,000 |-WARN in ch.qos.logback.core.rolling.SizeAndTimeBasedFNATP@6b2fad11 - SizeAndTimeBasedFNATP is deprecated. Use SizeAndTimeBasedRollingPolicy instead
13:20:45,000 |-WARN in ch.qos.logback.core.rolling.SizeAndTimeBasedFNATP@6b2fad11 - For more information see http://logback.qos.ch/manual/appenders.html#SizeAndTimeBasedRollingPolicy
13:20:45,004 |-INFO in ch.qos.logback.core.joran.action.NestedComplexPropertyIA - Assuming default type [ch.qos.logback.classic.encoder.PatternLayoutEncoder] for [encoder] property
13:20:45,009 |-INFO in ch.qos.logback.core.rolling.RollingFileAppender[FILE] - Active log file name: /tmp/application.log
13:20:45,009 |-INFO in ch.qos.logback.core.rolling.RollingFileAppender[FILE] - File property is set to [/tmp/application.log]
13:20:45,010 |-INFO in ch.qos.logback.classic.joran.action.RootLoggerAction - Setting level of ROOT logger to WARN
13:20:45,010 |-INFO in ch.qos.logback.core.joran.action.AppenderRefAction - Attaching appender named [STDOUT] to Logger[ROOT]
13:20:45,012 |-INFO in ch.qos.logback.core.joran.action.AppenderRefAction - Attaching appender named [FILE] to Logger[ROOT]
13:20:45,012 |-INFO in ch.qos.logback.classic.joran.action.ConfigurationAction - End of configuration.
13:20:45,012 |-INFO in ch.qos.logback.classic.joran.JoranConfigurator@79698539 - Registering current configuration as safe fallback point

Ama winner
Ama winner
2019-06-10T13:20:46.314+0000: 1.771: [Full GC (Metadata GC Threshold) 2019-06-10T13:20:46.314+0000: 1.771: [Tenured: 0K->15176K(341376K), 0.0364147 secs] 114986K->15176K(494976K), [Metaspace: 20730K->20730K(1067008K)], 0.0364828 secs] [Times: user=0.03 sys=0.00, real=0.03 secs] 
13:21:02.751 [Curator-PathChildrenCache-1] WARN  o.a.c.u.ZKPaths  - The version of ZooKeeper being used doesn't support Container nodes. CreateMode.PERSISTENT will be used instead.
2019-06-10T13:21:05.041+0000: 20.498: [GC (Allocation Failure) 2019-06-10T13:21:05.041+0000: 20.498: [DefNew: 136576K->17024K(153600K), 0.0259256 secs] 151752K->52537K(494976K), 0.0259993 secs] [Times: user=0.01 sys=0.01, real=0.03 secs] 
2019-06-10T13:21:10.532+0000: 25.989: [Full GC (Metadata GC Threshold) 2019-06-10T13:21:10.532+0000: 25.989: [Tenured: 35513K->44059K(341376K), 0.0530677 secs] 142246K->44059K(494976K), [Metaspace: 34589K->34589K(1079296K)], 0.0531551 secs] [Times: user=0.04 sys=0.01, real=0.05 secs] 
2019-06-10T13:21:18.389+0000: 33.846: [GC (Allocation Failure) 2019-06-10T13:21:18.389+0000: 33.846: [DefNew: 136576K->54K(153600K), 0.0018320 secs] 180635K->44114K(494976K), 0.0018922 secs] [Times: user=0.00 sys=0.00, real=0.01 secs] 
2019-06-10T13:21:26.312+0000: 41.769: [GC (Allocation Failure) 2019-06-10T13:21:26.312+0000: 41.769: [DefNew: 136630K->56K(153600K), 0.0017136 secs] 180690K->44116K(494976K), 0.0017751 secs] [Times: user=0.00 sys=0.00, real=0.00 secs] 
2019-06-10T13:21:34.200+0000: 49.657: [GC (Allocation Failure) 2019-06-10T13:21:34.200+0000: 49.657: [DefNew: 136632K->53K(153600K), 0.0016845 secs] 180692K->44112K(494976K), 0.0017552 secs] [Times: user=0.00 sys=0.00, real=0.00 secs] 
2019-06-10T13:21:42.126+0000: 57.583: [GC (Allocation Failure) 2019-06-10T13:21:42.126+0000: 57.583: [DefNew: 136629K->56K(153600K), 0.0018112 secs] 180688K->44115K(494976K), 0.0018772 secs] [Times: user=0.00 sys=0.00, real=0.00 secs] 
2019-06-10T13:21:50.837+0000: 66.294: [GC (Allocation Failure) 2019-06-10T13:21:50.837+0000: 66.294: [DefNew: 136632K->394K(153600K), 0.0022864 secs] 180691K->44454K(494976K), 0.0023389 secs] [Times: user=0.00 sys=0.00, real=0.00 secs] 
13:22:04.602 [Curator-PathChildrenCache-0] ERROR o.a.c.f.r.c.PathChildrenCache  - 
java.lang.IllegalStateException: instance must be started before calling this method
	at org.apache.curator.shaded.com.google.common.base.Preconditions.checkState(Preconditions.java:444)
	at org.apache.curator.framework.imps.CuratorFrameworkImpl.getChildren(CuratorFrameworkImpl.java:456)
	at org.apache.curator.framework.recipes.cache.PathChildrenCache.refresh(PathChildrenCache.java:521)
	at org.apache.curator.framework.recipes.cache.RefreshOperation.invoke(RefreshOperation.java:35)
	at org.apache.curator.framework.recipes.cache.PathChildrenCache$9.run(PathChildrenCache.java:786)
	at java.util.concurrent.Executors$RunnableAdapter.call(Executors.java:511)
	at java.util.concurrent.FutureTask.run(FutureTask.java:266)
	at java.util.concurrent.Executors$RunnableAdapter.call(Executors.java:511)
	at java.util.concurrent.FutureTask.run(FutureTask.java:266)
	at java.util.concurrent.ThreadPoolExecutor.runWorker(ThreadPoolExecutor.java:1149)
	at java.util.concurrent.ThreadPoolExecutor$Worker.run(ThreadPoolExecutor.java:624)
	at java.lang.Thread.run(Thread.java:748)
Heap
 def new generation   total 153600K, used 98171K [0x00000000e0c00000, 0x00000000eb2a0000, 0x00000000eb2a0000)
  eden space 136576K,  71% used [0x00000000e0c00000, 0x00000000e6b7c3f8, 0x00000000e9160000)
  from space 17024K,   2% used [0x00000000e9160000, 0x00000000e91c29f8, 0x00000000ea200000)
  to   space 17024K,   0% used [0x00000000ea200000, 0x00000000ea200000, 0x00000000eb2a0000)
 tenured generation   total 341376K, used 44059K [0x00000000eb2a0000, 0x0000000100000000, 0x0000000100000000)
   the space 341376K,  12% used [0x00000000eb2a0000, 0x00000000edda6e30, 0x00000000edda7000, 0x0000000100000000)
 Metaspace       used 36056K, capacity 36928K, committed 37120K, reserved 1081344K
  class space    used 4856K, capacity 5074K, committed 5120K, reserved 1048576K
