13:19:51,510 |-INFO in ch.qos.logback.classic.LoggerContext[default] - Could NOT find resource [logback-test.xml]
13:19:51,510 |-INFO in ch.qos.logback.classic.LoggerContext[default] - Could NOT find resource [logback.groovy]
13:19:51,511 |-INFO in ch.qos.logback.classic.LoggerContext[default] - Found resource [logback.xml] at [jar:file:/home/nikitasokolov/flamestream/lib/flamestream-runtime-1.0-SNAPSHOT.jar!/logback.xml]
13:19:51,511 |-WARN in ch.qos.logback.classic.LoggerContext[default] - Resource [logback.xml] occurs multiple times on the classpath.
13:19:51,511 |-WARN in ch.qos.logback.classic.LoggerContext[default] - Resource [logback.xml] occurs at [jar:file:/home/nikitasokolov/flamestream/lib/flamestream-runtime-1.0-SNAPSHOT.jar!/logback.xml]
13:19:51,511 |-WARN in ch.qos.logback.classic.LoggerContext[default] - Resource [logback.xml] occurs at [jar:file:/home/nikitasokolov/flamestream/flamestream-runtime-1.0-SNAPSHOT.jar!/logback.xml]
13:19:51,527 |-INFO in ch.qos.logback.core.joran.spi.ConfigurationWatchList@6108b2d7 - URL [jar:file:/home/nikitasokolov/flamestream/lib/flamestream-runtime-1.0-SNAPSHOT.jar!/logback.xml] is not of type file
13:19:51,577 |-INFO in ch.qos.logback.classic.joran.action.ConfigurationAction - debug attribute not set
13:19:51,577 |-INFO in ch.qos.logback.core.joran.action.AppenderAction - About to instantiate appender of type [ch.qos.logback.core.ConsoleAppender]
13:19:51,585 |-INFO in ch.qos.logback.core.joran.action.AppenderAction - Naming appender as [STDOUT]
13:19:51,593 |-INFO in ch.qos.logback.core.joran.action.NestedComplexPropertyIA - Assuming default type [ch.qos.logback.classic.encoder.PatternLayoutEncoder] for [encoder] property
13:19:51,645 |-INFO in ch.qos.logback.core.joran.action.AppenderAction - About to instantiate appender of type [ch.qos.logback.core.rolling.RollingFileAppender]
13:19:51,650 |-INFO in ch.qos.logback.core.joran.action.AppenderAction - Naming appender as [FILE]
13:19:51,673 |-INFO in c.q.l.core.rolling.TimeBasedRollingPolicy@357863579 - No compression will be used
13:19:51,674 |-INFO in c.q.l.core.rolling.TimeBasedRollingPolicy@357863579 - Will use the pattern /tmp/application_%d{yyyy-MM-dd}.%i.log for the active file
13:19:51,678 |-INFO in ch.qos.logback.core.rolling.SizeAndTimeBasedFNATP@6bf256fa - The date pattern is 'yyyy-MM-dd' from file name pattern '/tmp/application_%d{yyyy-MM-dd}.%i.log'.
13:19:51,678 |-INFO in ch.qos.logback.core.rolling.SizeAndTimeBasedFNATP@6bf256fa - Roll-over at midnight.
13:19:51,682 |-INFO in ch.qos.logback.core.rolling.SizeAndTimeBasedFNATP@6bf256fa - Setting initial period to Sun Jun 09 13:19:04 MSK 2019
13:19:51,682 |-WARN in ch.qos.logback.core.rolling.SizeAndTimeBasedFNATP@6bf256fa - SizeAndTimeBasedFNATP is deprecated. Use SizeAndTimeBasedRollingPolicy instead
13:19:51,682 |-WARN in ch.qos.logback.core.rolling.SizeAndTimeBasedFNATP@6bf256fa - For more information see http://logback.qos.ch/manual/appenders.html#SizeAndTimeBasedRollingPolicy
13:19:51,688 |-INFO in ch.qos.logback.core.joran.action.NestedComplexPropertyIA - Assuming default type [ch.qos.logback.classic.encoder.PatternLayoutEncoder] for [encoder] property
13:19:51,690 |-INFO in ch.qos.logback.core.rolling.RollingFileAppender[FILE] - Active log file name: /tmp/application.log
13:19:51,690 |-INFO in ch.qos.logback.core.rolling.RollingFileAppender[FILE] - File property is set to [/tmp/application.log]
13:19:51,691 |-INFO in ch.qos.logback.classic.joran.action.RootLoggerAction - Setting level of ROOT logger to WARN
13:19:51,691 |-INFO in ch.qos.logback.core.joran.action.AppenderRefAction - Attaching appender named [STDOUT] to Logger[ROOT]
13:19:51,691 |-INFO in ch.qos.logback.core.joran.action.AppenderRefAction - Attaching appender named [FILE] to Logger[ROOT]
13:19:51,692 |-INFO in ch.qos.logback.classic.joran.action.ConfigurationAction - End of configuration.
13:19:51,692 |-INFO in ch.qos.logback.classic.joran.JoranConfigurator@6cd8737 - Registering current configuration as safe fallback point

2019-06-09T13:19:52.670+0300: 1.354: [GC (Metadata GC Threshold) [PSYoungGen: 110722K->15887K(149504K)] 110722K->15967K(491008K), 0.0186511 secs] [Times: user=0.08 sys=0.02, real=0.01 secs] 
2019-06-09T13:19:52.689+0300: 1.372: [Full GC (Metadata GC Threshold) [PSYoungGen: 15887K->0K(149504K)] [ParOldGen: 80K->15078K(341504K)] 15967K->15078K(491008K), [Metaspace: 20803K->20803K(1067008K)], 0.0268471 secs] [Times: user=0.17 sys=0.03, real=0.03 secs] 
13:20:09.104 [Curator-PathChildrenCache-1] WARN  o.a.c.u.ZKPaths  - The version of ZooKeeper being used doesn't support Container nodes. CreateMode.PERSISTENT will be used instead.
2019-06-09T13:20:09.987+0300: 18.671: [GC (Metadata GC Threshold) [PSYoungGen: 125086K->15973K(149504K)] 140165K->50590K(491008K), 0.0300510 secs] [Times: user=0.26 sys=0.02, real=0.03 secs] 
2019-06-09T13:20:10.017+0300: 18.701: [Full GC (Metadata GC Threshold) [PSYoungGen: 15973K->0K(149504K)] [ParOldGen: 34617K->38977K(341504K)] 50590K->38977K(491008K), [Metaspace: 34543K->34543K(1079296K)], 0.0358581 secs] [Times: user=0.20 sys=0.02, real=0.04 secs] 
2019-06-09T13:20:18.160+0300: 26.843: [GC (Allocation Failure) [PSYoungGen: 128512K->480K(149504K)] 167489K->39465K(491008K), 0.0047176 secs] [Times: user=0.03 sys=0.00, real=0.00 secs] 
2019-06-09T13:20:27.435+0300: 36.118: [GC (Allocation Failure) [PSYoungGen: 128992K->448K(149504K)] 167977K->39441K(491008K), 0.0076371 secs] [Times: user=0.06 sys=0.01, real=0.01 secs] 
2019-06-09T13:20:36.771+0300: 45.454: [GC (Allocation Failure) [PSYoungGen: 128960K->352K(129024K)] 167953K->39353K(470528K), 0.0083042 secs] [Times: user=0.07 sys=0.01, real=0.01 secs] 
2019-06-09T13:20:46.241+0300: 54.924: [GC (Allocation Failure) [PSYoungGen: 128864K->288K(149504K)] 167865K->39297K(491008K), 0.0038680 secs] [Times: user=0.01 sys=0.00, real=0.00 secs] 
2019-06-09T13:20:56.155+0300: 64.839: [GC (Allocation Failure) [PSYoungGen: 128288K->695K(148992K)] 167297K->39712K(490496K), 0.0055981 secs] [Times: user=0.03 sys=0.00, real=0.01 secs] 
2019-06-09T13:21:08.309+0300: 76.992: [GC (Allocation Failure) [PSYoungGen: 128695K->352K(151552K)] 167712K->39377K(493056K), 0.0024974 secs] [Times: user=0.01 sys=0.00, real=0.01 secs] 
2019-06-09T13:21:20.574+0300: 89.257: [GC (Allocation Failure) [PSYoungGen: 131936K->416K(150528K)] 170961K->39449K(492032K), 0.0048292 secs] [Times: user=0.02 sys=0.00, real=0.01 secs] 
13:21:37.968 [Curator-PathChildrenCache-0] ERROR o.a.c.f.r.c.PathChildrenCache  - 
java.lang.IllegalStateException: instance must be started before calling this method
	at org.apache.curator.shaded.com.google.common.base.Preconditions.checkState(Preconditions.java:444)
	at org.apache.curator.framework.imps.CuratorFrameworkImpl.getChildren(CuratorFrameworkImpl.java:456)
	at org.apache.curator.framework.recipes.cache.PathChildrenCache.refresh(PathChildrenCache.java:521)
	at org.apache.curator.framework.recipes.cache.RefreshOperation.invoke(RefreshOperation.java:35)
	at org.apache.curator.framework.recipes.cache.PathChildrenCache$9.run(PathChildrenCache.java:786)
	at java.util.concurrent.Executors$RunnableAdapter.call(Executors.java:511)
	at java.util.concurrent.FutureTask.run(FutureTask.java:266)
	at java.util.concurrent.Executors$RunnableAdapter.call(Executors.java:511)
	at java.util.concurrent.FutureTask.run(FutureTask.java:266)
	at java.util.concurrent.ThreadPoolExecutor.runWorker(ThreadPoolExecutor.java:1149)
	at java.util.concurrent.ThreadPoolExecutor$Worker.run(ThreadPoolExecutor.java:624)
	at java.lang.Thread.run(Thread.java:748)
Heap
 PSYoungGen      total 150528K, used 71012K [0x00000000f5980000, 0x0000000100000000, 0x0000000100000000)
  eden space 131584K, 53% used [0x00000000f5980000,0x00000000f9e71390,0x00000000fda00000)
  from space 18944K, 2% used [0x00000000fda00000,0x00000000fda68040,0x00000000fec80000)
  to   space 17920K, 0% used [0x00000000fee80000,0x00000000fee80000,0x0000000100000000)
 ParOldGen       total 341504K, used 39033K [0x00000000e0c00000, 0x00000000f5980000, 0x00000000f5980000)
  object space 341504K, 11% used [0x00000000e0c00000,0x00000000e321e6a0,0x00000000f5980000)
 Metaspace       used 36123K, capacity 36958K, committed 37208K, reserved 1081344K
  class space    used 4978K, capacity 5161K, committed 5248K, reserved 1048576K
