13:05:49,775 |-INFO in ch.qos.logback.classic.LoggerContext[default] - Could NOT find resource [logback-test.xml]
13:05:49,775 |-INFO in ch.qos.logback.classic.LoggerContext[default] - Could NOT find resource [logback.groovy]
13:05:49,775 |-INFO in ch.qos.logback.classic.LoggerContext[default] - Found resource [logback.xml] at [jar:file:/root/flamestream/lib/flamestream-runtime-1.0-SNAPSHOT.jar!/logback.xml]
13:05:49,776 |-WARN in ch.qos.logback.classic.LoggerContext[default] - Resource [logback.xml] occurs multiple times on the classpath.
13:05:49,776 |-WARN in ch.qos.logback.classic.LoggerContext[default] - Resource [logback.xml] occurs at [jar:file:/root/flamestream/lib/flamestream-runtime-1.0-SNAPSHOT.jar!/logback.xml]
13:05:49,776 |-WARN in ch.qos.logback.classic.LoggerContext[default] - Resource [logback.xml] occurs at [jar:file:/root/flamestream/flamestream-runtime-1.0-SNAPSHOT.jar!/logback.xml]
13:05:49,798 |-INFO in ch.qos.logback.core.joran.spi.ConfigurationWatchList@3fb6a447 - URL [jar:file:/root/flamestream/lib/flamestream-runtime-1.0-SNAPSHOT.jar!/logback.xml] is not of type file
13:05:49,870 |-INFO in ch.qos.logback.classic.joran.action.ConfigurationAction - debug attribute not set
13:05:49,871 |-INFO in ch.qos.logback.core.joran.action.AppenderAction - About to instantiate appender of type [ch.qos.logback.core.ConsoleAppender]
13:05:49,888 |-INFO in ch.qos.logback.core.joran.action.AppenderAction - Naming appender as [STDOUT]
13:05:49,906 |-INFO in ch.qos.logback.core.joran.action.NestedComplexPropertyIA - Assuming default type [ch.qos.logback.classic.encoder.PatternLayoutEncoder] for [encoder] property
13:05:49,991 |-INFO in ch.qos.logback.core.joran.action.AppenderAction - About to instantiate appender of type [ch.qos.logback.core.rolling.RollingFileAppender]
13:05:49,996 |-INFO in ch.qos.logback.core.joran.action.AppenderAction - Naming appender as [FILE]
13:05:50,029 |-INFO in c.q.l.core.rolling.TimeBasedRollingPolicy@127618319 - No compression will be used
13:05:50,030 |-INFO in c.q.l.core.rolling.TimeBasedRollingPolicy@127618319 - Will use the pattern /tmp/application_%d{yyyy-MM-dd}.%i.log for the active file
13:05:50,033 |-INFO in ch.qos.logback.core.rolling.SizeAndTimeBasedFNATP@6b2fad11 - The date pattern is 'yyyy-MM-dd' from file name pattern '/tmp/application_%d{yyyy-MM-dd}.%i.log'.
13:05:50,033 |-INFO in ch.qos.logback.core.rolling.SizeAndTimeBasedFNATP@6b2fad11 - Roll-over at midnight.
13:05:50,038 |-INFO in ch.qos.logback.core.rolling.SizeAndTimeBasedFNATP@6b2fad11 - Setting initial period to Mon Jun 10 13:04:31 UTC 2019
13:05:50,038 |-WARN in ch.qos.logback.core.rolling.SizeAndTimeBasedFNATP@6b2fad11 - SizeAndTimeBasedFNATP is deprecated. Use SizeAndTimeBasedRollingPolicy instead
13:05:50,038 |-WARN in ch.qos.logback.core.rolling.SizeAndTimeBasedFNATP@6b2fad11 - For more information see http://logback.qos.ch/manual/appenders.html#SizeAndTimeBasedRollingPolicy
13:05:50,042 |-INFO in ch.qos.logback.core.joran.action.NestedComplexPropertyIA - Assuming default type [ch.qos.logback.classic.encoder.PatternLayoutEncoder] for [encoder] property
13:05:50,047 |-INFO in ch.qos.logback.core.rolling.RollingFileAppender[FILE] - Active log file name: /tmp/application.log
13:05:50,047 |-INFO in ch.qos.logback.core.rolling.RollingFileAppender[FILE] - File property is set to [/tmp/application.log]
13:05:50,048 |-INFO in ch.qos.logback.classic.joran.action.RootLoggerAction - Setting level of ROOT logger to WARN
13:05:50,048 |-INFO in ch.qos.logback.core.joran.action.AppenderRefAction - Attaching appender named [STDOUT] to Logger[ROOT]
13:05:50,050 |-INFO in ch.qos.logback.core.joran.action.AppenderRefAction - Attaching appender named [FILE] to Logger[ROOT]
13:05:50,050 |-INFO in ch.qos.logback.classic.joran.action.ConfigurationAction - End of configuration.
13:05:50,051 |-INFO in ch.qos.logback.classic.joran.JoranConfigurator@79698539 - Registering current configuration as safe fallback point

Ama winner
Ama winner
2019-06-10T13:05:51.347+0000: 1.754: [Full GC (Metadata GC Threshold) 2019-06-10T13:05:51.347+0000: 1.754: [Tenured: 0K->15208K(341376K), 0.0358235 secs] 114924K->15208K(494976K), [Metaspace: 20737K->20737K(1067008K)], 0.0358892 secs] [Times: user=0.03 sys=0.00, real=0.04 secs] 
13:06:10.781 [Curator-PathChildrenCache-1] WARN  o.a.c.u.ZKPaths  - The version of ZooKeeper being used doesn't support Container nodes. CreateMode.PERSISTENT will be used instead.
2019-06-10T13:06:13.027+0000: 23.434: [GC (Allocation Failure) 2019-06-10T13:06:13.027+0000: 23.435: [DefNew: 136576K->17024K(153600K), 0.0260204 secs] 151784K->52706K(494976K), 0.0261031 secs] [Times: user=0.02 sys=0.00, real=0.03 secs] 
2019-06-10T13:06:14.142+0000: 24.549: [Full GC (Metadata GC Threshold) 2019-06-10T13:06:14.142+0000: 24.549: [Tenured: 35682K->44385K(341376K), 0.0431402 secs] 74464K->44385K(494976K), [Metaspace: 34591K->34591K(1079296K)], 0.0432160 secs] [Times: user=0.04 sys=0.01, real=0.04 secs] 
2019-06-10T13:06:23.262+0000: 33.669: [GC (Allocation Failure) 2019-06-10T13:06:23.262+0000: 33.669: [DefNew: 136576K->70K(153600K), 0.0018349 secs] 180961K->44455K(494976K), 0.0019062 secs] [Times: user=0.00 sys=0.00, real=0.00 secs] 
2019-06-10T13:06:32.257+0000: 42.664: [GC (Allocation Failure) 2019-06-10T13:06:32.257+0000: 42.664: [DefNew: 136646K->71K(153600K), 0.0017852 secs] 181031K->44456K(494976K), 0.0018435 secs] [Times: user=0.00 sys=0.00, real=0.00 secs] 
2019-06-10T13:06:41.457+0000: 51.864: [GC (Allocation Failure) 2019-06-10T13:06:41.457+0000: 51.864: [DefNew: 136647K->80K(153600K), 0.0018070 secs] 181032K->44465K(494976K), 0.0018635 secs] [Times: user=0.00 sys=0.00, real=0.00 secs] 
2019-06-10T13:06:50.715+0000: 61.122: [GC (Allocation Failure) 2019-06-10T13:06:50.715+0000: 61.122: [DefNew: 136656K->74K(153600K), 0.0018992 secs] 181041K->44459K(494976K), 0.0019603 secs] [Times: user=0.01 sys=0.00, real=0.01 secs] 
2019-06-10T13:07:01.501+0000: 71.908: [GC (Allocation Failure) 2019-06-10T13:07:01.501+0000: 71.908: [DefNew: 136650K->405K(153600K), 0.0023503 secs] 181035K->44790K(494976K), 0.0024157 secs] [Times: user=0.00 sys=0.00, real=0.00 secs] 
2019-06-10T13:07:12.828+0000: 83.235: [GC (Allocation Failure) 2019-06-10T13:07:12.828+0000: 83.235: [DefNew: 136981K->158K(153600K), 0.0021660 secs] 181366K->44543K(494976K), 0.0022386 secs] [Times: user=0.01 sys=0.00, real=0.01 secs] 
2019-06-10T13:07:31.772+0000: 102.179: [GC (Allocation Failure) 2019-06-10T13:07:31.772+0000: 102.179: [DefNew: 136734K->164K(153600K), 0.0022622 secs] 181119K->44549K(494976K), 0.0023344 secs] [Times: user=0.00 sys=0.00, real=0.00 secs] 
13:07:34.991 [Curator-PathChildrenCache-0] ERROR o.a.c.f.r.c.PathChildrenCache  - 
java.lang.IllegalStateException: instance must be started before calling this method
	at org.apache.curator.shaded.com.google.common.base.Preconditions.checkState(Preconditions.java:444)
	at org.apache.curator.framework.imps.CuratorFrameworkImpl.getChildren(CuratorFrameworkImpl.java:456)
	at org.apache.curator.framework.recipes.cache.PathChildrenCache.refresh(PathChildrenCache.java:521)
	at org.apache.curator.framework.recipes.cache.RefreshOperation.invoke(RefreshOperation.java:35)
	at org.apache.curator.framework.recipes.cache.PathChildrenCache$9.run(PathChildrenCache.java:786)
	at java.util.concurrent.Executors$RunnableAdapter.call(Executors.java:511)
	at java.util.concurrent.FutureTask.run(FutureTask.java:266)
	at java.util.concurrent.Executors$RunnableAdapter.call(Executors.java:511)
	at java.util.concurrent.FutureTask.run(FutureTask.java:266)
	at java.util.concurrent.ThreadPoolExecutor.runWorker(ThreadPoolExecutor.java:1149)
	at java.util.concurrent.ThreadPoolExecutor$Worker.run(ThreadPoolExecutor.java:624)
	at java.lang.Thread.run(Thread.java:748)
Heap
 def new generation   total 153600K, used 32364K [0x00000000e0c00000, 0x00000000eb2a0000, 0x00000000eb2a0000)
  eden space 136576K,  23% used [0x00000000e0c00000, 0x00000000e2b72238, 0x00000000e9160000)
  from space 17024K,   0% used [0x00000000e9160000, 0x00000000e9189068, 0x00000000ea200000)
  to   space 17024K,   0% used [0x00000000ea200000, 0x00000000ea200000, 0x00000000eb2a0000)
 tenured generation   total 341376K, used 44385K [0x00000000eb2a0000, 0x0000000100000000, 0x0000000100000000)
   the space 341376K,  13% used [0x00000000eb2a0000, 0x00000000eddf8528, 0x00000000eddf8600, 0x0000000100000000)
 Metaspace       used 36239K, capacity 37164K, committed 37376K, reserved 1081344K
  class space    used 4882K, capacity 5082K, committed 5120K, reserved 1048576K
