15:32:20,452 |-INFO in ch.qos.logback.classic.LoggerContext[default] - Could NOT find resource [logback-test.xml]
15:32:20,452 |-INFO in ch.qos.logback.classic.LoggerContext[default] - Could NOT find resource [logback.groovy]
15:32:20,452 |-INFO in ch.qos.logback.classic.LoggerContext[default] - Found resource [logback.xml] at [jar:file:/root/flamestream/lib/flamestream-runtime-1.0-SNAPSHOT.jar!/logback.xml]
15:32:20,453 |-WARN in ch.qos.logback.classic.LoggerContext[default] - Resource [logback.xml] occurs multiple times on the classpath.
15:32:20,453 |-WARN in ch.qos.logback.classic.LoggerContext[default] - Resource [logback.xml] occurs at [jar:file:/root/flamestream/lib/flamestream-runtime-1.0-SNAPSHOT.jar!/logback.xml]
15:32:20,453 |-WARN in ch.qos.logback.classic.LoggerContext[default] - Resource [logback.xml] occurs at [jar:file:/root/flamestream/flamestream-runtime-1.0-SNAPSHOT.jar!/logback.xml]
15:32:20,474 |-INFO in ch.qos.logback.core.joran.spi.ConfigurationWatchList@3fb6a447 - URL [jar:file:/root/flamestream/lib/flamestream-runtime-1.0-SNAPSHOT.jar!/logback.xml] is not of type file
15:32:20,542 |-INFO in ch.qos.logback.classic.joran.action.ConfigurationAction - debug attribute not set
15:32:20,543 |-INFO in ch.qos.logback.core.joran.action.AppenderAction - About to instantiate appender of type [ch.qos.logback.core.ConsoleAppender]
15:32:20,562 |-INFO in ch.qos.logback.core.joran.action.AppenderAction - Naming appender as [STDOUT]
15:32:20,580 |-INFO in ch.qos.logback.core.joran.action.NestedComplexPropertyIA - Assuming default type [ch.qos.logback.classic.encoder.PatternLayoutEncoder] for [encoder] property
15:32:20,667 |-INFO in ch.qos.logback.core.joran.action.AppenderAction - About to instantiate appender of type [ch.qos.logback.core.rolling.RollingFileAppender]
15:32:20,672 |-INFO in ch.qos.logback.core.joran.action.AppenderAction - Naming appender as [FILE]
15:32:20,705 |-INFO in c.q.l.core.rolling.TimeBasedRollingPolicy@127618319 - No compression will be used
15:32:20,706 |-INFO in c.q.l.core.rolling.TimeBasedRollingPolicy@127618319 - Will use the pattern /tmp/application_%d{yyyy-MM-dd}.%i.log for the active file
15:32:20,709 |-INFO in ch.qos.logback.core.rolling.SizeAndTimeBasedFNATP@6b2fad11 - The date pattern is 'yyyy-MM-dd' from file name pattern '/tmp/application_%d{yyyy-MM-dd}.%i.log'.
15:32:20,709 |-INFO in ch.qos.logback.core.rolling.SizeAndTimeBasedFNATP@6b2fad11 - Roll-over at midnight.
15:32:20,714 |-INFO in ch.qos.logback.core.rolling.SizeAndTimeBasedFNATP@6b2fad11 - Setting initial period to Mon Jun 10 15:31:06 UTC 2019
15:32:20,714 |-WARN in ch.qos.logback.core.rolling.SizeAndTimeBasedFNATP@6b2fad11 - SizeAndTimeBasedFNATP is deprecated. Use SizeAndTimeBasedRollingPolicy instead
15:32:20,714 |-WARN in ch.qos.logback.core.rolling.SizeAndTimeBasedFNATP@6b2fad11 - For more information see http://logback.qos.ch/manual/appenders.html#SizeAndTimeBasedRollingPolicy
15:32:20,718 |-INFO in ch.qos.logback.core.joran.action.NestedComplexPropertyIA - Assuming default type [ch.qos.logback.classic.encoder.PatternLayoutEncoder] for [encoder] property
15:32:20,723 |-INFO in ch.qos.logback.core.rolling.RollingFileAppender[FILE] - Active log file name: /tmp/application.log
15:32:20,723 |-INFO in ch.qos.logback.core.rolling.RollingFileAppender[FILE] - File property is set to [/tmp/application.log]
15:32:20,724 |-INFO in ch.qos.logback.classic.joran.action.RootLoggerAction - Setting level of ROOT logger to WARN
15:32:20,724 |-INFO in ch.qos.logback.core.joran.action.AppenderRefAction - Attaching appender named [STDOUT] to Logger[ROOT]
15:32:20,726 |-INFO in ch.qos.logback.core.joran.action.AppenderRefAction - Attaching appender named [FILE] to Logger[ROOT]
15:32:20,726 |-INFO in ch.qos.logback.classic.joran.action.ConfigurationAction - End of configuration.
15:32:20,727 |-INFO in ch.qos.logback.classic.joran.JoranConfigurator@79698539 - Registering current configuration as safe fallback point

Ama winner
Ama winner
2019-06-10T15:32:22.016+0000: 1.750: [Full GC (Metadata GC Threshold) 2019-06-10T15:32:22.016+0000: 1.750: [Tenured: 0K->15240K(341376K), 0.0412153 secs] 114988K->15240K(494976K), [Metaspace: 20722K->20722K(1067008K)], 0.0412853 secs] [Times: user=0.03 sys=0.00, real=0.04 secs] 
15:32:36.981 [Curator-PathChildrenCache-1] WARN  o.a.c.u.ZKPaths  - The version of ZooKeeper being used doesn't support Container nodes. CreateMode.PERSISTENT will be used instead.
2019-06-10T15:32:39.255+0000: 18.988: [GC (Allocation Failure) 2019-06-10T15:32:39.255+0000: 18.988: [DefNew: 136576K->17023K(153600K), 0.0269499 secs] 151816K->52988K(494976K), 0.0270222 secs] [Times: user=0.02 sys=0.01, real=0.02 secs] 
2019-06-10T15:32:40.587+0000: 20.321: [Full GC (Metadata GC Threshold) 2019-06-10T15:32:40.587+0000: 20.321: [Tenured: 35964K->44938K(341376K), 0.0398374 secs] 80009K->44938K(494976K), [Metaspace: 34576K->34576K(1079296K)], 0.0399143 secs] [Times: user=0.03 sys=0.01, real=0.04 secs] 
2019-06-10T15:32:46.431+0000: 26.165: [GC (Allocation Failure) 2019-06-10T15:32:46.431+0000: 26.165: [DefNew: 136576K->66K(153600K), 0.0017977 secs] 181514K->45004K(494976K), 0.0018565 secs] [Times: user=0.00 sys=0.00, real=0.00 secs] 
2019-06-10T15:32:52.270+0000: 32.004: [GC (Allocation Failure) 2019-06-10T15:32:52.270+0000: 32.004: [DefNew: 136642K->67K(153600K), 0.0016779 secs] 181580K->45006K(494976K), 0.0017428 secs] [Times: user=0.00 sys=0.00, real=0.01 secs] 
2019-06-10T15:32:58.129+0000: 37.862: [GC (Allocation Failure) 2019-06-10T15:32:58.129+0000: 37.862: [DefNew: 136643K->69K(153600K), 0.0018522 secs] 181582K->45008K(494976K), 0.0019190 secs] [Times: user=0.00 sys=0.00, real=0.01 secs] 
2019-06-10T15:33:04.011+0000: 43.745: [GC (Allocation Failure) 2019-06-10T15:33:04.011+0000: 43.745: [DefNew: 136645K->70K(153600K), 0.0017393 secs] 181584K->45009K(494976K), 0.0018015 secs] [Times: user=0.00 sys=0.00, real=0.00 secs] 
2019-06-10T15:33:14.446+0000: 54.180: [GC (Allocation Failure) 2019-06-10T15:33:14.446+0000: 54.180: [DefNew: 136646K->413K(153600K), 0.0030122 secs] 181585K->45352K(494976K), 0.0030737 secs] [Times: user=0.01 sys=0.00, real=0.00 secs] 
15:33:14.481 [Curator-PathChildrenCache-0] ERROR o.a.c.f.r.c.PathChildrenCache  - 
java.lang.IllegalStateException: instance must be started before calling this method
	at org.apache.curator.shaded.com.google.common.base.Preconditions.checkState(Preconditions.java:444)
	at org.apache.curator.framework.imps.CuratorFrameworkImpl.getChildren(CuratorFrameworkImpl.java:456)
	at org.apache.curator.framework.recipes.cache.PathChildrenCache.refresh(PathChildrenCache.java:521)
	at org.apache.curator.framework.recipes.cache.RefreshOperation.invoke(RefreshOperation.java:35)
	at org.apache.curator.framework.recipes.cache.PathChildrenCache$9.run(PathChildrenCache.java:786)
	at java.util.concurrent.Executors$RunnableAdapter.call(Executors.java:511)
	at java.util.concurrent.FutureTask.run(FutureTask.java:266)
	at java.util.concurrent.Executors$RunnableAdapter.call(Executors.java:511)
	at java.util.concurrent.FutureTask.run(FutureTask.java:266)
	at java.util.concurrent.ThreadPoolExecutor.runWorker(ThreadPoolExecutor.java:1149)
	at java.util.concurrent.ThreadPoolExecutor$Worker.run(ThreadPoolExecutor.java:624)
	at java.lang.Thread.run(Thread.java:748)
Heap
 def new generation   total 153600K, used 12508K [0x00000000e0c00000, 0x00000000eb2a0000, 0x00000000eb2a0000)
  eden space 136576K,   8% used [0x00000000e0c00000, 0x00000000e17cfe48, 0x00000000e9160000)
  from space 17024K,   2% used [0x00000000e9160000, 0x00000000e91c75b0, 0x00000000ea200000)
  to   space 17024K,   0% used [0x00000000ea200000, 0x00000000ea200000, 0x00000000eb2a0000)
 tenured generation   total 341376K, used 44938K [0x00000000eb2a0000, 0x0000000100000000, 0x0000000100000000)
   the space 341376K,  13% used [0x00000000eb2a0000, 0x00000000ede82a98, 0x00000000ede82c00, 0x0000000100000000)
 Metaspace       used 35836K, capacity 36774K, committed 37120K, reserved 1081344K
  class space    used 4829K, capacity 5043K, committed 5120K, reserved 1048576K
