11:34:52,826 |-INFO in ch.qos.logback.classic.LoggerContext[default] - Could NOT find resource [logback-test.xml]
11:34:52,826 |-INFO in ch.qos.logback.classic.LoggerContext[default] - Could NOT find resource [logback.groovy]
11:34:52,826 |-INFO in ch.qos.logback.classic.LoggerContext[default] - Found resource [logback.xml] at [jar:file:/home/ubuntu/flamestream/lib/flamestream-runtime-1.0-SNAPSHOT.jar!/logback.xml]
11:34:52,827 |-WARN in ch.qos.logback.classic.LoggerContext[default] - Resource [logback.xml] occurs multiple times on the classpath.
11:34:52,827 |-WARN in ch.qos.logback.classic.LoggerContext[default] - Resource [logback.xml] occurs at [jar:file:/home/ubuntu/flamestream/flamestream-runtime-1.0-SNAPSHOT.jar!/logback.xml]
11:34:52,827 |-WARN in ch.qos.logback.classic.LoggerContext[default] - Resource [logback.xml] occurs at [jar:file:/home/ubuntu/flamestream/lib/flamestream-runtime-1.0-SNAPSHOT.jar!/logback.xml]
11:34:52,842 |-INFO in ch.qos.logback.core.joran.spi.ConfigurationWatchList@4678c730 - URL [jar:file:/home/ubuntu/flamestream/lib/flamestream-runtime-1.0-SNAPSHOT.jar!/logback.xml] is not of type file
11:34:52,907 |-INFO in ch.qos.logback.classic.joran.action.ConfigurationAction - debug attribute not set
11:34:52,907 |-INFO in ch.qos.logback.core.joran.action.AppenderAction - About to instantiate appender of type [ch.qos.logback.core.ConsoleAppender]
11:34:52,927 |-INFO in ch.qos.logback.core.joran.action.AppenderAction - Naming appender as [STDOUT]
11:34:52,938 |-INFO in ch.qos.logback.core.joran.action.NestedComplexPropertyIA - Assuming default type [ch.qos.logback.classic.encoder.PatternLayoutEncoder] for [encoder] property
11:34:53,028 |-INFO in ch.qos.logback.core.joran.action.AppenderAction - About to instantiate appender of type [ch.qos.logback.core.rolling.RollingFileAppender]
11:34:53,032 |-INFO in ch.qos.logback.core.joran.action.AppenderAction - Naming appender as [FILE]
11:34:53,065 |-INFO in c.q.l.core.rolling.TimeBasedRollingPolicy@1734853116 - No compression will be used
11:34:53,070 |-INFO in c.q.l.core.rolling.TimeBasedRollingPolicy@1734853116 - Will use the pattern /tmp/application_%d{yyyy-MM-dd}.%i.log for the active file
11:34:53,075 |-INFO in ch.qos.logback.core.rolling.SizeAndTimeBasedFNATP@29ee9faa - The date pattern is 'yyyy-MM-dd' from file name pattern '/tmp/application_%d{yyyy-MM-dd}.%i.log'.
11:34:53,075 |-INFO in ch.qos.logback.core.rolling.SizeAndTimeBasedFNATP@29ee9faa - Roll-over at midnight.
11:34:53,081 |-INFO in ch.qos.logback.core.rolling.SizeAndTimeBasedFNATP@29ee9faa - Setting initial period to Thu Oct 10 11:34:27 UTC 2019
11:34:53,081 |-WARN in ch.qos.logback.core.rolling.SizeAndTimeBasedFNATP@29ee9faa - SizeAndTimeBasedFNATP is deprecated. Use SizeAndTimeBasedRollingPolicy instead
11:34:53,081 |-WARN in ch.qos.logback.core.rolling.SizeAndTimeBasedFNATP@29ee9faa - For more information see http://logback.qos.ch/manual/appenders.html#SizeAndTimeBasedRollingPolicy
11:34:53,088 |-INFO in ch.qos.logback.core.joran.action.NestedComplexPropertyIA - Assuming default type [ch.qos.logback.classic.encoder.PatternLayoutEncoder] for [encoder] property
11:34:53,095 |-INFO in ch.qos.logback.core.rolling.RollingFileAppender[FILE] - Active log file name: /tmp/application.log
11:34:53,095 |-INFO in ch.qos.logback.core.rolling.RollingFileAppender[FILE] - File property is set to [/tmp/application.log]
11:34:53,096 |-INFO in ch.qos.logback.classic.joran.action.RootLoggerAction - Setting level of ROOT logger to INFO
11:34:53,096 |-INFO in ch.qos.logback.core.joran.action.AppenderRefAction - Attaching appender named [STDOUT] to Logger[ROOT]
11:34:53,097 |-INFO in ch.qos.logback.core.joran.action.AppenderRefAction - Attaching appender named [FILE] to Logger[ROOT]
11:34:53,097 |-INFO in ch.qos.logback.classic.joran.action.ConfigurationAction - End of configuration.
11:34:53,097 |-INFO in ch.qos.logback.classic.joran.JoranConfigurator@c038203 - Registering current configuration as safe fallback point

11:34:53.104 [main] INFO  c.s.f.r.WorkerApplication  - Starting worker with workerConfig 'WorkerConfig{id='flamestream-benchmarks-worker-10', localAddress=flamestream-benchmarks-worker-10/10.0.0.5:5412, zkString='flamestream-benchmarks-manager:12181', snapshotPath='/home/ubuntu/flamestream/data', guarantees=AT_MOST_ONCE}'
11:34:54.459 [worker-akka.actor.default-dispatcher-6] INFO  a.e.s.Slf4jLogger  - Slf4jLogger started
2019-10-10T11:34:54.602+0000: 2.109: [Full GC (Metadata GC Threshold) 2019-10-10T11:34:54.602+0000: 2.109: [Tenured: 0K->13625K(1024000K), 0.0509881 secs] 139464K->13625K(1484800K), [Metaspace: 20218K->20218K(1067008K)], 0.0510788 secs] [Times: user=0.03 sys=0.01, real=0.05 secs] 
11:34:54.755 [worker-akka.actor.default-dispatcher-6] WARN  a.r.RemoteActorRefProvider akka.remote.RemoteActorRefProvider - Using the 'remote' ActorRefProvider directly, which is a low-level layer. For most use cases, the 'cluster' abstraction on top of remoting is more suitable instead.
11:34:54.762 [worker-akka.actor.default-dispatcher-6] WARN  a.r.RemoteActorRefProvider akka.remote.RemoteActorRefProvider - Akka Cluster not in use - Using Akka Cluster is recommended if you need remote watch and deploy.
11:34:54.872 [worker-akka.actor.default-dispatcher-6] INFO  a.r.a.a.ArteryAeronUdpTransport(akka://worker) akka.remote.artery.aeron.ArteryAeronUdpTransport(akka://worker) - Started embedded media driver in directory [/dev/shm/aeron-flamestream-benchmarks-worker-10]
11:34:54.898 [worker-akka.actor.default-dispatcher-6] WARN  a.r.a.a.ArteryAeronUdpTransport(akka://worker) akka.remote.artery.aeron.ArteryAeronUdpTransport(akka://worker) - Aeron CnC version mismatch: compiled version = 15, file version = 16
11:34:55.157 [worker-akka.actor.default-dispatcher-6] INFO  a.r.a.a.ArteryAeronUdpTransport(akka://worker) akka.remote.artery.aeron.ArteryAeronUdpTransport(akka://worker) - Remoting started with transport [Artery aeron-udp]; listening on address [akka://worker@flamestream-benchmarks-worker-10:5412] and bound to [akka://worker@0.0.0.0:5412] with UID [5385947390143241798]
11:34:55.776 [worker-akka.actor.default-dispatcher-6] WARN  a.s.Serialization(akka://worker) akka.serialization.Serialization(akka://worker) - Using serializer [com.romix.akka.serialization.kryo.KryoSerializer] for message [akka.actor.ActorSelectionMessage]. Note that this serializer is not implemented by Akka. It's not recommended to replace serializers for messages provided by Akka.
11:34:55.776 [worker-akka.actor.default-dispatcher-6] WARN  a.s.Serialization(akka://worker) akka.serialization.Serialization(akka://worker) - Using serializer [com.romix.akka.serialization.kryo.KryoSerializer] for message [akka.actor.ActorIdentity]. Note that this serializer is not implemented by Akka. It's not recommended to replace serializers for messages provided by Akka.
11:34:55.828 [worker-akka.actor.default-dispatcher-9] INFO  a.a.RepointableActorRef akka://worker/user/watcher - Starting...
11:34:55.939 [worker-akka.actor.default-dispatcher-6] INFO  o.a.c.u.Compatibility  - Running in ZooKeeper 3.4.x compatibility mode
11:34:55.998 [worker-akka.actor.default-dispatcher-6] INFO  o.a.c.f.i.CuratorFrameworkImpl  - Starting
11:34:56.021 [worker-akka.actor.default-dispatcher-6] INFO  o.a.z.ZooKeeper  - Client environment:zookeeper.version=3.4.14-4c25d480e66aadd371de8bd2fd8da255ac140bcf, built on 03/06/2019 16:18 GMT
11:34:56.021 [worker-akka.actor.default-dispatcher-6] INFO  o.a.z.ZooKeeper  - Client environment:host.name=flamestream-benchmarks-worker-10
11:34:56.022 [worker-akka.actor.default-dispatcher-6] INFO  o.a.z.ZooKeeper  - Client environment:java.version=1.8.0_222
11:34:56.022 [worker-akka.actor.default-dispatcher-6] INFO  o.a.z.ZooKeeper  - Client environment:java.vendor=Private Build
11:34:56.024 [worker-akka.actor.default-dispatcher-6] INFO  o.a.z.ZooKeeper  - Client environment:java.home=/usr/lib/jvm/java-8-openjdk-amd64/jre
11:34:56.025 [worker-akka.actor.default-dispatcher-6] INFO  o.a.z.ZooKeeper  - Client environment:java.class.path=lib/curator-framework-4.0.1.jar:lib/commons-csv-1.4.jar:lib/aeron-client-1.21.2.jar:lib/scala-library-2.12.9.jar:lib/asm-5.0.4.jar:lib/agrona-1.0.1.jar:lib/curator-recipes-4.0.1.jar:lib/akka-testkit_2.12-2.6.0-M6.jar:lib/flamestream-runtime-1.0-SNAPSHOT.jar:lib/slf4j-simple-2.0.0-alpha1.jar:lib/jsr305-3.0.2.jar:lib/trove4j-3.0.3.jar:lib/flamestream-core-1.0-SNAPSHOT.jar:lib/commons-io-2.4.jar:lib/minlog-1.3.0.jar:lib/kryonet-2.21.jar:lib/commons-1.4.9.jar:lib/jline-0.9.94.jar:lib/akka-remote_2.12-2.6.0-M6.jar:lib/leveldbjni-all-1.8.jar:lib/lz4-1.3.0.jar:lib/slf4j-api-1.7.24.jar:lib/scala-parser-combinators_2.12-1.1.2.jar:lib/flamestream-core-1.0-SNAPSHOT-tests.jar:lib/logback-core-1.2.3.jar:lib/netty-3.10.6.Final.jar:lib/protobuf-java-3.9.0.jar:lib/minlog-1.2.jar:lib/leveldb-api-0.7.jar:lib/jool-0.9.12.jar:lib/commons-cli-1.4.jar:lib/jblas-1.2.4.jar:lib/reflectasm-1.11.3.jar:lib/reflectasm-1.07-shaded.jar:lib/audience-annotations-0.5.0.jar:lib/jackson-annotations-2.9.6.jar:lib/commons-lang-2.6.jar:lib/ssl-config-core_2.12-0.3.8.jar:lib/annotations-13.0.jar:lib/logback-classic-1.2.3.jar:lib/guava-21.0.jar:lib/reactive-streams-1.0.2.jar:lib/spotbugs-annotations-3.1.9.jar:lib/leveldb-0.7.jar:lib/commons-pool2-2.4.2.jar:lib/rocksdbjni-5.5.1.jar:lib/jackson-core-2.9.9.jar:lib/jackson-databind-2.9.9.2.jar:lib/akka-protobuf-v3_2.12-2.6.0-M6.jar:lib/jackson-annotations-2.9.0.jar:lib/flamestream-examples-1.0-SNAPSHOT.jar:lib/objenesis-2.1.jar:lib/akka-kryo-serialization_2.12-0.5.2.jar:lib/scala-java8-compat_2.12-0.8.0.jar:lib/zookeeper-3.4.14.jar:lib/akka-slf4j_2.12-2.6.0-M6.jar:lib/kryo-4.0.0.jar:lib/akka-stream_2.12-2.6.0-M6.jar:lib/aeron-driver-1.21.2.jar:lib/config-1.3.1.jar:lib/annotations-12.0.jar:lib/jedis-2.9.0.jar:lib/jcommander-1.48.jar:lib/testng-6.10.jar:lib/akka-actor_2.12-2.6.0-M6.jar:lib/curator-client-4.0.1.jar:flamestream-runtime-1.0-SNAPSHOT.jar
11:34:56.026 [worker-akka.actor.default-dispatcher-6] INFO  o.a.z.ZooKeeper  - Client environment:java.library.path=/usr/java/packages/lib/amd64:/usr/lib/x86_64-linux-gnu/jni:/lib/x86_64-linux-gnu:/usr/lib/x86_64-linux-gnu:/usr/lib/jni:/lib:/usr/lib
11:34:56.026 [worker-akka.actor.default-dispatcher-6] INFO  o.a.z.ZooKeeper  - Client environment:java.io.tmpdir=/tmp
11:34:56.027 [worker-akka.actor.default-dispatcher-6] INFO  o.a.z.ZooKeeper  - Client environment:java.compiler=<NA>
11:34:56.028 [worker-akka.actor.default-dispatcher-6] INFO  o.a.z.ZooKeeper  - Client environment:os.name=Linux
11:34:56.029 [worker-akka.actor.default-dispatcher-6] INFO  o.a.z.ZooKeeper  - Client environment:os.arch=amd64
11:34:56.030 [worker-akka.actor.default-dispatcher-6] INFO  o.a.z.ZooKeeper  - Client environment:os.version=4.15.0-1040-gcp
11:34:56.030 [worker-akka.actor.default-dispatcher-6] INFO  o.a.z.ZooKeeper  - Client environment:user.name=ubuntu
11:34:56.030 [worker-akka.actor.default-dispatcher-6] INFO  o.a.z.ZooKeeper  - Client environment:user.home=/home/ubuntu
11:34:56.030 [worker-akka.actor.default-dispatcher-6] INFO  o.a.z.ZooKeeper  - Client environment:user.dir=/home/ubuntu/flamestream
11:34:56.033 [worker-akka.actor.default-dispatcher-6] INFO  o.a.z.ZooKeeper  - Initiating client connection, connectString=flamestream-benchmarks-manager:12181 sessionTimeout=60000 watcher=org.apache.curator.ConnectionState@3a9e132e
11:34:56.076 [worker-akka.actor.default-dispatcher-6-SendThread(flamestream-benchmarks-manager:12181)] INFO  o.a.z.ClientCnxn  - Opening socket connection to server flamestream-benchmarks-manager/10.0.0.21:12181. Will not attempt to authenticate using SASL (unknown error)
11:34:56.077 [worker-akka.actor.default-dispatcher-6] INFO  o.a.c.f.i.CuratorFrameworkImpl  - Default schema
11:34:56.083 [worker-akka.actor.default-dispatcher-6-SendThread(flamestream-benchmarks-manager:12181)] INFO  o.a.z.ClientCnxn  - Socket connection established to flamestream-benchmarks-manager/10.0.0.21:12181, initiating session
11:34:56.094 [worker-akka.actor.default-dispatcher-6-SendThread(flamestream-benchmarks-manager:12181)] INFO  o.a.z.ClientCnxn  - Session establishment complete on server flamestream-benchmarks-manager/10.0.0.21:12181, sessionid = 0x100002c5342000a, negotiated timeout = 60000
11:34:56.104 [worker-akka.actor.default-dispatcher-6-EventThread] INFO  o.a.c.f.s.ConnectionStateManager  - State change: CONNECTED
11:34:56.107 [worker-akka.actor.default-dispatcher-9] INFO  a.a.RepointableActorRef akka://worker/user/watcher - Initializing rocksDB backend
2019-10-10T11:34:57.012+0000: 4.519: [Full GC (Metadata GC Threshold) 2019-10-10T11:34:57.012+0000: 4.520: [Tenured: 13625K->25919K(1024000K), 0.1868934 secs] 161115K->25919K(1484800K), [Metaspace: 33670K->33670K(1079296K)], 0.1869952 secs] [Times: user=0.14 sys=0.00, real=0.19 secs] 
11:34:57.287 [worker-akka.actor.default-dispatcher-6] INFO  a.a.LocalActorRef akka://worker/user/watcher/processing-watcher - Starting...
11:35:02.196 [Curator-PathChildrenCache-1] WARN  o.a.c.u.ZKPaths  - The version of ZooKeeper being used doesn't support Container nodes. CreateMode.PERSISTENT will be used instead.
11:35:02.321 [worker-akka.actor.default-dispatcher-10] INFO  a.a.LocalActorRef akka://worker/user/watcher/processing-watcher/$a - Starting...
11:35:02.356 [worker-akka.actor.default-dispatcher-6] INFO  a.a.LocalActorRef akka://worker/user/watcher/processing-watcher/$a - Stopped
11:35:03.912 [worker-akka.actor.default-dispatcher-6] INFO  a.a.LocalActorRef akka://worker/user/watcher/processing-watcher/graph/graph - Starting...
11:35:05.878 [worker-akka.actor.default-dispatcher-6] INFO  a.a.LocalActorRef akka://worker/user/watcher/processing-watcher/graph/graph - Finishing constructor
11:35:05.882 [worker-akka.actor.default-dispatcher-9] INFO  a.a.LocalActorRef akka://worker/user/watcher/processing-watcher/graph/negotiator - Starting...
11:35:05.893 [worker-akka.actor.default-dispatcher-12] INFO  a.a.LocalActorRef akka://worker/user/watcher/processing-watcher/graph/edge - Starting...
11:35:05.895 [worker-akka.actor.default-dispatcher-12] INFO  a.a.LocalActorRef akka://worker/user/watcher/processing-watcher/graph - Starting FlameNode with config 'ClusterConfig{paths={flamestream-benchmarks-worker-1=akka://worker@flamestream-benchmarks-worker-1:5412/user/watcher/processing-watcher/graph, flamestream-benchmarks-worker-0=akka://worker@flamestream-benchmarks-worker-0:5412/user/watcher/processing-watcher/graph, flamestream-benchmarks-worker-9=akka://worker@flamestream-benchmarks-worker-9:5412/user/watcher/processing-watcher/graph, flamestream-benchmarks-worker-8=akka://worker@flamestream-benchmarks-worker-8:5412/user/watcher/processing-watcher/graph, flamestream-benchmarks-worker-7=akka://worker@flamestream-benchmarks-worker-7:5412/user/watcher/processing-watcher/graph, flamestream-benchmarks-worker-6=akka://worker@flamestream-benchmarks-worker-6:5412/user/watcher/processing-watcher/graph, flamestream-benchmarks-worker-5=akka://worker@flamestream-benchmarks-worker-5:5412/user/watcher/processing-watcher/graph, flamestream-benchmarks-worker-4=akka://worker@flamestream-benchmarks-worker-4:5412/user/watcher/processing-watcher/graph, flamestream-benchmarks-worker-3=akka://worker@flamestream-benchmarks-worker-3:5412/user/watcher/processing-watcher/graph, flamestream-benchmarks-worker-2=akka://worker@flamestream-benchmarks-worker-2:5412/user/watcher/processing-watcher/graph, flamestream-benchmarks-worker-14=akka://worker@flamestream-benchmarks-worker-14:5412/user/watcher/processing-watcher/graph, flamestream-benchmarks-worker-13=akka://worker@flamestream-benchmarks-worker-13:5412/user/watcher/processing-watcher/graph, flamestream-benchmarks-worker-12=akka://worker@flamestream-benchmarks-worker-12:5412/user/watcher/processing-watcher/graph, flamestream-benchmarks-worker-11=akka://worker@flamestream-benchmarks-worker-11:5412/user/watcher/processing-watcher/graph, flamestream-benchmarks-worker-10=akka://worker@flamestream-benchmarks-worker-10:5412/user/watcher/processing-watcher/graph}}'
11:35:05.922 [worker-akka.actor.default-dispatcher-10] INFO  a.a.LocalActorRef akka://worker/user/watcher/processing-watcher/graph/negotiator - Requesting ticket for the frontClass FlameSocketGraphDeployerFront@flamestream-benchmarks-worker-10
11:35:05.946 [worker-akka.actor.default-dispatcher-13] INFO  a.a.LocalActorRef akka://worker/user/watcher/processing-watcher/graph/graph - Received last commit 'LastCommit{globalTime=(0000000, min@min)}'
11:35:05.959 [worker-akka.actor.default-dispatcher-13] INFO  a.a.LocalActorRef akka://worker/user/watcher/processing-watcher/graph/edge/FlameSocketGraphDeployerFront - Starting...
11:35:05.969 [worker-akka.actor.default-dispatcher-6] INFO  c.s.f.r.e.s.SocketRear  - FlameSocketGraphDeployerRear@flamestream-benchmarks-worker-10: connecting to flamestream-benchmarks-manager:5678
11:35:05.987 [worker-akka.actor.default-dispatcher-6] INFO  c.s.f.r.e.s.SocketRear  - FlameSocketGraphDeployerRear@flamestream-benchmarks-worker-10: connected to flamestream-benchmarks-manager:5678
11:35:05.988 [worker-akka.actor.default-dispatcher-12] INFO  a.a.LocalActorRef akka://worker/user/watcher/processing-watcher/graph/edge/FlameSocketGraphDeployerRear - Starting...
11:35:06.003 [worker-akka.actor.default-dispatcher-6] INFO  a.a.LocalActorRef akka://worker/user/watcher/processing-watcher/graph/negotiator - Ticket for the frontClass received: FrontTicket{allowedTimestamp=(0000000, FlameSocketGraphDeployerFront@flamestream-benchmarks-worker-10)}
11:35:06.004 [worker-akka.actor.default-dispatcher-6] INFO  c.s.f.r.e.s.SocketFront  - FlameSocketGraphDeployerFront@flamestream-benchmarks-worker-10: connecting to flamestream-benchmarks-manager:4567
11:35:06.265 [worker-akka.actor.default-dispatcher-6] INFO  a.a.LocalActorRef akka://worker/user/watcher/processing-watcher/graph/graph/$a - Starting...
11:35:06.269 [worker-akka.actor.default-dispatcher-6] INFO  a.a.LocalActorRef akka://worker/user/watcher/processing-watcher/graph/graph/$b - Starting...
11:35:06.271 [worker-akka.actor.default-dispatcher-6] INFO  a.a.LocalActorRef akka://worker/user/watcher/processing-watcher/graph/graph/$c - Starting...
11:35:06.273 [worker-akka.actor.default-dispatcher-6] INFO  a.a.LocalActorRef akka://worker/user/watcher/processing-watcher/graph/graph/$d - Starting...
11:35:06.276 [worker-akka.actor.default-dispatcher-6] INFO  a.a.LocalActorRef akka://worker/user/watcher/processing-watcher/graph/graph/$e - Starting...
11:35:06.279 [worker-akka.actor.default-dispatcher-6] INFO  a.a.LocalActorRef akka://worker/user/watcher/processing-watcher/graph/graph/$f - Starting...
11:35:06.283 [worker-akka.actor.default-dispatcher-6] INFO  a.a.LocalActorRef akka://worker/user/watcher/processing-watcher/graph/graph/$g - Starting...
11:35:06.285 [worker-akka.actor.default-dispatcher-6] INFO  a.a.LocalActorRef akka://worker/user/watcher/processing-watcher/graph/graph/$h - Starting...
11:35:06.286 [worker-akka.actor.default-dispatcher-6] INFO  a.a.LocalActorRef akka://worker/user/watcher/processing-watcher/graph/graph/$i - Starting...
11:35:06.288 [worker-akka.actor.default-dispatcher-6] INFO  a.a.LocalActorRef akka://worker/user/watcher/processing-watcher/graph/graph/$j - Starting...
11:35:06.290 [worker-akka.actor.default-dispatcher-6] INFO  a.a.LocalActorRef akka://worker/user/watcher/processing-watcher/graph/graph/$k - Starting...
11:35:06.292 [worker-akka.actor.default-dispatcher-6] INFO  a.a.LocalActorRef akka://worker/user/watcher/processing-watcher/graph/graph/$l - Starting...
11:35:06.293 [worker-akka.actor.default-dispatcher-6] INFO  a.a.LocalActorRef akka://worker/user/watcher/processing-watcher/graph/graph/$m - Starting...
11:35:06.295 [worker-akka.actor.default-dispatcher-6] INFO  a.a.LocalActorRef akka://worker/user/watcher/processing-watcher/graph/graph/$n - Starting...
11:35:06.296 [worker-akka.actor.default-dispatcher-6] INFO  a.a.LocalActorRef akka://worker/user/watcher/processing-watcher/graph/graph/$o - Starting...
11:35:06.300 [worker-akka.actor.default-dispatcher-6] INFO  a.a.LocalActorRef akka://worker/user/watcher/processing-watcher/graph/graph/$p - Starting...
11:35:06.302 [worker-akka.actor.default-dispatcher-6] INFO  a.a.LocalActorRef akka://worker/user/watcher/processing-watcher/graph/graph/$q - Starting...
11:35:06.304 [worker-akka.actor.default-dispatcher-6] INFO  a.a.LocalActorRef akka://worker/user/watcher/processing-watcher/graph/graph/$r - Starting...
11:35:06.306 [worker-akka.actor.default-dispatcher-6] INFO  a.a.LocalActorRef akka://worker/user/watcher/processing-watcher/graph/graph/$s - Starting...
11:35:06.307 [worker-akka.actor.default-dispatcher-6] INFO  a.a.LocalActorRef akka://worker/user/watcher/processing-watcher/graph/graph/$t - Starting...
11:35:06.309 [worker-akka.actor.default-dispatcher-6] INFO  a.a.LocalActorRef akka://worker/user/watcher/processing-watcher/graph/graph/$u - Starting...
11:35:06.318 [worker-akka.actor.default-dispatcher-6] INFO  a.a.LocalActorRef akka://worker/user/watcher/processing-watcher/graph/graph/$v - Starting...
11:35:06.340 [worker-akka.actor.default-dispatcher-6] INFO  a.a.LocalActorRef akka://worker/user/watcher/processing-watcher/graph/graph/$w - Starting...
11:35:06.344 [worker-akka.actor.default-dispatcher-6] INFO  a.a.LocalActorRef akka://worker/user/watcher/processing-watcher/graph/graph/$x - Starting...
11:35:06.347 [worker-akka.actor.default-dispatcher-6] INFO  a.a.LocalActorRef akka://worker/user/watcher/processing-watcher/graph/graph/$y - Starting...
11:35:06.350 [worker-akka.actor.default-dispatcher-6] INFO  a.a.LocalActorRef akka://worker/user/watcher/processing-watcher/graph/graph/$z - Starting...
11:35:06.352 [worker-akka.actor.default-dispatcher-6] INFO  a.a.LocalActorRef akka://worker/user/watcher/processing-watcher/graph/graph/$A - Starting...
11:35:06.362 [worker-akka.actor.default-dispatcher-6] INFO  a.a.LocalActorRef akka://worker/user/watcher/processing-watcher/graph/graph/$v - Attached rear to graph (-9223372036854775808, min@min)
11:35:06.363 [worker-akka.actor.default-dispatcher-6] INFO  a.a.LocalActorRef akka://worker/user/watcher/processing-watcher/graph/graph/$C - Starting...
11:35:06.363 [worker-akka.actor.default-dispatcher-6] INFO  a.a.LocalActorRef akka://worker/user/watcher/processing-watcher/graph/graph/$D - Starting...
11:35:06.363 [worker-akka.actor.default-dispatcher-6] INFO  a.a.LocalActorRef akka://worker/user/watcher/processing-watcher/graph/graph/$E - Starting...
11:35:06.363 [worker-akka.actor.default-dispatcher-6] INFO  a.a.LocalActorRef akka://worker/user/watcher/processing-watcher/graph/graph/$F - Starting...
11:35:06.367 [worker-akka.actor.default-dispatcher-12] INFO  a.a.LocalActorRef akka://worker/user/watcher/processing-watcher/graph/graph/$G - Starting...
11:35:06.368 [worker-akka.actor.default-dispatcher-12] INFO  a.a.LocalActorRef akka://worker/user/watcher/processing-watcher/graph/graph/$H - Starting...
11:35:06.368 [worker-akka.actor.default-dispatcher-12] INFO  a.a.LocalActorRef akka://worker/user/watcher/processing-watcher/graph/graph/$I - Starting...
11:35:06.368 [worker-akka.actor.default-dispatcher-12] INFO  a.a.LocalActorRef akka://worker/user/watcher/processing-watcher/graph/graph/$J - Starting...
11:35:06.368 [worker-akka.actor.default-dispatcher-12] INFO  a.a.LocalActorRef akka://worker/user/watcher/processing-watcher/graph/graph/$K - Starting...
11:35:06.368 [worker-akka.actor.default-dispatcher-12] INFO  a.a.LocalActorRef akka://worker/user/watcher/processing-watcher/graph/graph/$L - Starting...
11:35:06.368 [worker-akka.actor.default-dispatcher-12] INFO  a.a.LocalActorRef akka://worker/user/watcher/processing-watcher/graph/graph/$M - Starting...
11:35:06.368 [worker-akka.actor.default-dispatcher-12] INFO  a.a.LocalActorRef akka://worker/user/watcher/processing-watcher/graph/graph/$N - Starting...
11:35:06.368 [worker-akka.actor.default-dispatcher-12] INFO  a.a.LocalActorRef akka://worker/user/watcher/processing-watcher/graph/graph/$B - Starting...
11:35:06.369 [worker-akka.actor.default-dispatcher-12] INFO  a.a.LocalActorRef akka://worker/user/watcher/processing-watcher/graph/graph/$P - Starting...
11:35:06.371 [worker-akka.actor.default-dispatcher-6] INFO  a.a.LocalActorRef akka://worker/user/watcher/processing-watcher/graph/graph/$Q - Starting...
11:35:06.372 [worker-akka.actor.default-dispatcher-6] INFO  a.a.LocalActorRef akka://worker/user/watcher/processing-watcher/graph/graph/$R - Starting...
11:35:06.373 [worker-akka.actor.default-dispatcher-6] INFO  a.a.LocalActorRef akka://worker/user/watcher/processing-watcher/graph/graph/$S - Starting...
11:35:06.374 [worker-akka.actor.default-dispatcher-6] INFO  a.a.LocalActorRef akka://worker/user/watcher/processing-watcher/graph/graph/$T - Starting...
11:35:06.376 [worker-akka.actor.default-dispatcher-6] INFO  a.a.LocalActorRef akka://worker/user/watcher/processing-watcher/graph/graph/$U - Starting...
11:35:06.377 [worker-akka.actor.default-dispatcher-6] INFO  a.a.LocalActorRef akka://worker/user/watcher/processing-watcher/graph/graph/$V - Starting...
11:35:06.378 [worker-akka.actor.default-dispatcher-6] INFO  a.a.LocalActorRef akka://worker/user/watcher/processing-watcher/graph/graph/$W - Starting...
11:35:06.379 [worker-akka.actor.default-dispatcher-6] INFO  a.a.LocalActorRef akka://worker/user/watcher/processing-watcher/graph/graph/$O - Starting...
11:35:06.382 [worker-akka.actor.default-dispatcher-6] INFO  a.a.LocalActorRef akka://worker/user/watcher/processing-watcher/graph/graph/$Y - Starting...
11:35:06.384 [worker-akka.actor.default-dispatcher-6] INFO  a.a.LocalActorRef akka://worker/user/watcher/processing-watcher/graph/graph/$Z - Starting...
11:35:06.385 [worker-akka.actor.default-dispatcher-6] INFO  a.a.LocalActorRef akka://worker/user/watcher/processing-watcher/graph/graph/$0 - Starting...
11:35:06.386 [worker-akka.actor.default-dispatcher-6] INFO  a.a.LocalActorRef akka://worker/user/watcher/processing-watcher/graph/graph/$X - Starting...
11:35:06.387 [worker-akka.actor.default-dispatcher-6] INFO  a.a.LocalActorRef akka://worker/user/watcher/processing-watcher/graph/graph/$1 - Starting...
11:35:06.388 [worker-akka.actor.default-dispatcher-6] INFO  a.a.LocalActorRef akka://worker/user/watcher/processing-watcher/graph/graph/$2 - Starting...
11:35:06.390 [worker-akka.actor.default-dispatcher-6] INFO  a.a.LocalActorRef akka://worker/user/watcher/processing-watcher/graph/graph/$3 - Starting...
11:35:06.390 [worker-akka.actor.default-dispatcher-6] INFO  a.a.LocalActorRef akka://worker/user/watcher/processing-watcher/graph/graph/$5 - Starting...
11:35:06.391 [worker-akka.actor.default-dispatcher-6] INFO  a.a.LocalActorRef akka://worker/user/watcher/processing-watcher/graph/graph/$4 - Starting...
11:35:06.392 [worker-akka.actor.default-dispatcher-6] INFO  a.a.LocalActorRef akka://worker/user/watcher/processing-watcher/graph/graph/$6 - Starting...
11:35:06.393 [worker-akka.actor.default-dispatcher-6] INFO  a.a.LocalActorRef akka://worker/user/watcher/processing-watcher/graph/graph/$7 - Starting...
11:35:06.393 [worker-akka.actor.default-dispatcher-6] INFO  a.a.LocalActorRef akka://worker/user/watcher/processing-watcher/graph/graph/$8 - Starting...
11:35:06.394 [worker-akka.actor.default-dispatcher-6] INFO  a.a.LocalActorRef akka://worker/user/watcher/processing-watcher/graph/graph/$9 - Starting...
11:35:06.395 [worker-akka.actor.default-dispatcher-6] INFO  a.a.LocalActorRef akka://worker/user/watcher/processing-watcher/graph/graph/$+ - Starting...
11:35:06.397 [worker-akka.actor.default-dispatcher-6] INFO  a.a.LocalActorRef akka://worker/user/watcher/processing-watcher/graph/graph/$~ - Starting...
11:35:06.398 [worker-akka.actor.default-dispatcher-6] INFO  a.a.LocalActorRef akka://worker/user/watcher/processing-watcher/graph/graph/$bb - Starting...
11:35:06.399 [worker-akka.actor.default-dispatcher-6] INFO  a.a.LocalActorRef akka://worker/user/watcher/processing-watcher/graph/graph/$ab - Starting...
11:35:06.400 [worker-akka.actor.default-dispatcher-6] INFO  a.a.LocalActorRef akka://worker/user/watcher/processing-watcher/graph/graph/$cb - Starting...
11:35:06.402 [worker-akka.actor.default-dispatcher-6] INFO  a.a.LocalActorRef akka://worker/user/watcher/processing-watcher/graph/graph/$db - Starting...
11:35:06.404 [worker-akka.actor.default-dispatcher-12] INFO  a.a.LocalActorRef akka://worker/user/watcher/processing-watcher/graph/graph/$eb - Starting...
11:35:06.404 [worker-akka.actor.default-dispatcher-12] INFO  a.a.LocalActorRef akka://worker/user/watcher/processing-watcher/graph/graph/$fb - Starting...
11:35:06.404 [worker-akka.actor.default-dispatcher-12] INFO  a.a.LocalActorRef akka://worker/user/watcher/processing-watcher/graph/graph/$gb - Starting...
11:35:06.404 [worker-akka.actor.default-dispatcher-12] INFO  a.a.LocalActorRef akka://worker/user/watcher/processing-watcher/graph/graph/$ib - Starting...
11:35:06.404 [worker-akka.actor.default-dispatcher-6] INFO  a.a.LocalActorRef akka://worker/user/watcher/processing-watcher/graph/graph/$hb - Starting...
11:35:06.405 [worker-akka.actor.default-dispatcher-6] INFO  a.a.LocalActorRef akka://worker/user/watcher/processing-watcher/graph/graph/$kb - Starting...
11:35:06.406 [worker-akka.actor.default-dispatcher-6] INFO  a.a.LocalActorRef akka://worker/user/watcher/processing-watcher/graph/graph/$jb - Starting...
11:35:06.407 [worker-akka.actor.default-dispatcher-6] INFO  a.a.LocalActorRef akka://worker/user/watcher/processing-watcher/graph/graph/$lb - Starting...
11:35:06.410 [worker-akka.actor.default-dispatcher-6] INFO  a.a.LocalActorRef akka://worker/user/watcher/processing-watcher/graph/graph/$mb - Starting...
11:35:06.411 [worker-akka.actor.default-dispatcher-6] INFO  a.a.LocalActorRef akka://worker/user/watcher/processing-watcher/graph/graph/$nb - Starting...
11:35:06.414 [worker-akka.actor.default-dispatcher-12] INFO  a.a.LocalActorRef akka://worker/user/watcher/processing-watcher/graph/graph/$ob - Starting...
11:35:06.414 [worker-akka.actor.default-dispatcher-12] INFO  a.a.LocalActorRef akka://worker/user/watcher/processing-watcher/graph/graph/$pb - Starting...
11:35:06.414 [worker-akka.actor.default-dispatcher-12] INFO  a.a.LocalActorRef akka://worker/user/watcher/processing-watcher/graph/graph/$qb - Starting...
11:35:06.414 [worker-akka.actor.default-dispatcher-12] INFO  a.a.LocalActorRef akka://worker/user/watcher/processing-watcher/graph/graph/$rb - Starting...
11:35:06.414 [worker-akka.actor.default-dispatcher-12] INFO  a.a.LocalActorRef akka://worker/user/watcher/processing-watcher/graph/graph/$sb - Starting...
11:35:06.415 [worker-akka.actor.default-dispatcher-6] INFO  a.a.LocalActorRef akka://worker/user/watcher/processing-watcher/graph/graph/$tb - Starting...
11:35:06.416 [worker-akka.actor.default-dispatcher-6] INFO  a.a.LocalActorRef akka://worker/user/watcher/processing-watcher/graph/graph/$ub - Starting...
11:35:06.417 [worker-akka.actor.default-dispatcher-6] INFO  a.a.LocalActorRef akka://worker/user/watcher/processing-watcher/graph/graph/$vb - Starting...
11:35:06.418 [worker-akka.actor.default-dispatcher-6] INFO  a.a.LocalActorRef akka://worker/user/watcher/processing-watcher/graph/graph/$wb - Starting...
11:35:06.419 [worker-akka.actor.default-dispatcher-6] INFO  a.a.LocalActorRef akka://worker/user/watcher/processing-watcher/graph/graph/$xb - Starting...
11:35:06.422 [worker-akka.actor.default-dispatcher-12] INFO  a.a.LocalActorRef akka://worker/user/watcher/processing-watcher/graph/graph/$yb - Starting...
11:35:06.422 [worker-akka.actor.default-dispatcher-12] INFO  a.a.LocalActorRef akka://worker/user/watcher/processing-watcher/graph/graph/$zb - Starting...
11:35:06.422 [worker-akka.actor.default-dispatcher-12] INFO  a.a.LocalActorRef akka://worker/user/watcher/processing-watcher/graph/graph/$Ab - Starting...
11:35:06.423 [worker-akka.actor.default-dispatcher-12] INFO  a.a.LocalActorRef akka://worker/user/watcher/processing-watcher/graph/graph/$Bb - Starting...
11:35:06.423 [worker-akka.actor.default-dispatcher-12] INFO  a.a.LocalActorRef akka://worker/user/watcher/processing-watcher/graph/graph/$Cb - Starting...
11:35:06.423 [worker-akka.actor.default-dispatcher-12] INFO  a.a.LocalActorRef akka://worker/user/watcher/processing-watcher/graph/graph/$Db - Starting...
11:35:06.424 [worker-akka.actor.default-dispatcher-6] INFO  a.a.LocalActorRef akka://worker/user/watcher/processing-watcher/graph/graph/$Eb - Starting...
11:35:06.425 [worker-akka.actor.default-dispatcher-6] INFO  a.a.LocalActorRef akka://worker/user/watcher/processing-watcher/graph/graph/$Fb - Starting...
11:35:06.426 [worker-akka.actor.default-dispatcher-6] INFO  a.a.LocalActorRef akka://worker/user/watcher/processing-watcher/graph/graph/$Gb - Starting...
11:35:06.427 [worker-akka.actor.default-dispatcher-6] INFO  a.a.LocalActorRef akka://worker/user/watcher/processing-watcher/graph/graph/$Hb - Starting...
11:35:06.428 [worker-akka.actor.default-dispatcher-6] INFO  a.a.LocalActorRef akka://worker/user/watcher/processing-watcher/graph/graph/$Ib - Starting...
11:35:06.429 [worker-akka.actor.default-dispatcher-6] INFO  a.a.LocalActorRef akka://worker/user/watcher/processing-watcher/graph/graph/$Kb - Starting...
11:35:06.432 [worker-akka.actor.default-dispatcher-13] INFO  a.a.LocalActorRef akka://worker/user/watcher/processing-watcher/graph/graph/$Jb - Starting...
11:35:06.432 [worker-akka.actor.default-dispatcher-13] INFO  a.a.LocalActorRef akka://worker/user/watcher/processing-watcher/graph/graph/$Lb - Starting...
11:35:06.432 [worker-akka.actor.default-dispatcher-13] INFO  a.a.LocalActorRef akka://worker/user/watcher/processing-watcher/graph/graph/$Mb - Starting...
11:35:06.432 [worker-akka.actor.default-dispatcher-13] INFO  a.a.LocalActorRef akka://worker/user/watcher/processing-watcher/graph/graph/$Nb - Starting...
2019-10-10T11:35:22.469+0000: 29.976: [GC (Allocation Failure) 2019-10-10T11:35:22.469+0000: 29.976: [DefNew: 409600K->31947K(460800K), 0.0623118 secs] 435519K->57867K(1484800K), 0.0624110 secs] [Times: user=0.04 sys=0.03, real=0.06 secs] 
2019-10-10T11:35:34.423+0000: 41.930: [GC (Allocation Failure) 2019-10-10T11:35:34.423+0000: 41.930: [DefNew: 441547K->1249K(460800K), 0.0467766 secs] 467467K->55811K(1484800K), 0.0468796 secs] [Times: user=0.02 sys=0.04, real=0.05 secs] 
2019-10-10T11:35:43.186+0000: 50.694: [GC (Allocation Failure) 2019-10-10T11:35:43.187+0000: 50.694: [DefNew: 410849K->1658K(460800K), 0.0061997 secs] 465411K->56219K(1484800K), 0.0062876 secs] [Times: user=0.01 sys=0.00, real=0.00 secs] 
2019-10-10T11:35:49.692+0000: 57.199: [GC (Allocation Failure) 2019-10-10T11:35:49.692+0000: 57.199: [DefNew: 411258K->1542K(460800K), 0.0058583 secs] 465819K->56104K(1484800K), 0.0059482 secs] [Times: user=0.00 sys=0.00, real=0.01 secs] 
2019-10-10T11:35:58.787+0000: 66.295: [GC (Allocation Failure) 2019-10-10T11:35:58.787+0000: 66.295: [DefNew: 411142K->2157K(460800K), 0.0065570 secs] 465704K->56718K(1484800K), 0.0066337 secs] [Times: user=0.01 sys=0.00, real=0.00 secs] 
2019-10-10T11:36:08.444+0000: 75.952: [GC (Allocation Failure) 2019-10-10T11:36:08.444+0000: 75.952: [DefNew: 411757K->1958K(460800K), 0.0049805 secs] 466318K->56520K(1484800K), 0.0050766 secs] [Times: user=0.01 sys=0.00, real=0.01 secs] 
2019-10-10T11:36:16.278+0000: 83.786: [GC (Allocation Failure) 2019-10-10T11:36:16.278+0000: 83.786: [DefNew: 411558K->1929K(460800K), 0.0047474 secs] 466120K->56491K(1484800K), 0.0048624 secs] [Times: user=0.00 sys=0.01, real=0.00 secs] 
2019-10-10T11:36:23.157+0000: 90.664: [GC (Allocation Failure) 2019-10-10T11:36:23.157+0000: 90.664: [DefNew: 411529K->1957K(460800K), 0.0046108 secs] 466091K->56518K(1484800K), 0.0046984 secs] [Times: user=0.00 sys=0.00, real=0.00 secs] 
2019-10-10T11:36:30.409+0000: 97.917: [GC (Allocation Failure) 2019-10-10T11:36:30.409+0000: 97.917: [DefNew: 411557K->1950K(460800K), 0.0049046 secs] 466118K->56512K(1484800K), 0.0049980 secs] [Times: user=0.00 sys=0.01, real=0.01 secs] 
2019-10-10T11:36:38.067+0000: 105.575: [GC (Allocation Failure) 2019-10-10T11:36:38.067+0000: 105.575: [DefNew: 411550K->1892K(460800K), 0.0046752 secs] 466112K->56453K(1484800K), 0.0047662 secs] [Times: user=0.01 sys=0.00, real=0.00 secs] 
2019-10-10T11:36:45.319+0000: 112.826: [GC (Allocation Failure) 2019-10-10T11:36:45.319+0000: 112.826: [DefNew: 411492K->1897K(460800K), 0.0046149 secs] 466053K->56459K(1484800K), 0.0047357 secs] [Times: user=0.01 sys=0.00, real=0.00 secs] 
2019-10-10T11:36:52.587+0000: 120.094: [GC (Allocation Failure) 2019-10-10T11:36:52.587+0000: 120.094: [DefNew: 411497K->1930K(460800K), 0.0048039 secs] 466059K->56492K(1484800K), 0.0048981 secs] [Times: user=0.00 sys=0.00, real=0.00 secs] 
2019-10-10T11:37:00.371+0000: 127.879: [GC (Allocation Failure) 2019-10-10T11:37:00.371+0000: 127.879: [DefNew: 411530K->1994K(460800K), 0.0055395 secs] 466092K->56556K(1484800K), 0.0056458 secs] [Times: user=0.01 sys=0.00, real=0.01 secs] 
2019-10-10T11:37:07.654+0000: 135.161: [GC (Allocation Failure) 2019-10-10T11:37:07.654+0000: 135.161: [DefNew: 411594K->1990K(460800K), 0.0045779 secs] 466156K->56552K(1484800K), 0.0046634 secs] [Times: user=0.00 sys=0.00, real=0.01 secs] 
2019-10-10T11:37:14.925+0000: 142.433: [GC (Allocation Failure) 2019-10-10T11:37:14.925+0000: 142.433: [DefNew: 411590K->1990K(460800K), 0.0047105 secs] 466152K->56552K(1484800K), 0.0047956 secs] [Times: user=0.01 sys=0.00, real=0.01 secs] 
2019-10-10T11:37:22.292+0000: 149.799: [GC (Allocation Failure) 2019-10-10T11:37:22.292+0000: 149.799: [DefNew: 411590K->1991K(460800K), 0.0045059 secs] 466152K->56552K(1484800K), 0.0045762 secs] [Times: user=0.01 sys=0.00, real=0.01 secs] 
2019-10-10T11:37:29.946+0000: 157.454: [GC (Allocation Failure) 2019-10-10T11:37:29.946+0000: 157.454: [DefNew: 411591K->1671K(460800K), 0.0051977 secs] 466152K->56576K(1484800K), 0.0052877 secs] [Times: user=0.00 sys=0.00, real=0.01 secs] 
2019-10-10T11:37:37.234+0000: 164.742: [GC (Allocation Failure) 2019-10-10T11:37:37.234+0000: 164.742: [DefNew: 411271K->1407K(460800K), 0.0045346 secs] 466176K->56553K(1484800K), 0.0046342 secs] [Times: user=0.01 sys=0.01, real=0.00 secs] 
2019-10-10T11:37:44.635+0000: 172.142: [GC (Allocation Failure) 2019-10-10T11:37:44.635+0000: 172.142: [DefNew: 411007K->1272K(460800K), 0.0041281 secs] 466153K->56558K(1484800K), 0.0042148 secs] [Times: user=0.00 sys=0.00, real=0.00 secs] 
2019-10-10T11:37:52.393+0000: 179.900: [GC (Allocation Failure) 2019-10-10T11:37:52.393+0000: 179.900: [DefNew: 410872K->241K(460800K), 0.0052818 secs] 466158K->56555K(1484800K), 0.0053614 secs] [Times: user=0.00 sys=0.00, real=0.01 secs] 
2019-10-10T11:37:59.655+0000: 187.162: [GC (Allocation Failure) 2019-10-10T11:37:59.655+0000: 187.162: [DefNew: 409841K->285K(460800K), 0.0030102 secs] 466155K->56601K(1484800K), 0.0030968 secs] [Times: user=0.01 sys=0.00, real=0.00 secs] 
2019-10-10T11:38:06.924+0000: 194.432: [GC (Allocation Failure) 2019-10-10T11:38:06.925+0000: 194.432: [DefNew: 409885K->270K(460800K), 0.0028925 secs] 466201K->56587K(1484800K), 0.0029928 secs] [Times: user=0.01 sys=0.00, real=0.01 secs] 
2019-10-10T11:38:14.730+0000: 202.237: [GC (Allocation Failure) 2019-10-10T11:38:14.730+0000: 202.237: [DefNew: 409870K->311K(460800K), 0.0029164 secs] 466187K->56628K(1484800K), 0.0030064 secs] [Times: user=0.01 sys=0.00, real=0.00 secs] 
2019-10-10T11:38:22.105+0000: 209.613: [GC (Allocation Failure) 2019-10-10T11:38:22.105+0000: 209.613: [DefNew: 409911K->257K(460800K), 0.0027979 secs] 466228K->56574K(1484800K), 0.0029042 secs] [Times: user=0.01 sys=0.00, real=0.01 secs] 
2019-10-10T11:38:29.377+0000: 216.885: [GC (Allocation Failure) 2019-10-10T11:38:29.378+0000: 216.885: [DefNew: 409857K->311K(460800K), 0.0028787 secs] 466174K->56628K(1484800K), 0.0029712 secs] [Times: user=0.00 sys=0.00, real=0.00 secs] 
2019-10-10T11:38:37.092+0000: 224.599: [GC (Allocation Failure) 2019-10-10T11:38:37.092+0000: 224.599: [DefNew: 409911K->282K(460800K), 0.0027724 secs] 466228K->56599K(1484800K), 0.0028571 secs] [Times: user=0.00 sys=0.00, real=0.01 secs] 
2019-10-10T11:38:44.397+0000: 231.904: [GC (Allocation Failure) 2019-10-10T11:38:44.397+0000: 231.904: [DefNew: 409882K->255K(460800K), 0.0027784 secs] 466199K->56572K(1484800K), 0.0028695 secs] [Times: user=0.00 sys=0.00, real=0.00 secs] 
2019-10-10T11:38:51.663+0000: 239.171: [GC (Allocation Failure) 2019-10-10T11:38:51.663+0000: 239.171: [DefNew: 409855K->162K(460800K), 0.0029520 secs] 466172K->56573K(1484800K), 0.0030369 secs] [Times: user=0.00 sys=0.00, real=0.01 secs] 
2019-10-10T11:38:59.143+0000: 246.650: [GC (Allocation Failure) 2019-10-10T11:38:59.143+0000: 246.650: [DefNew: 409762K->194K(460800K), 0.0028376 secs] 466173K->56605K(1484800K), 0.0029216 secs] [Times: user=0.01 sys=0.00, real=0.00 secs] 
2019-10-10T11:39:06.575+0000: 254.082: [GC (Allocation Failure) 2019-10-10T11:39:06.575+0000: 254.082: [DefNew: 409794K->188K(460800K), 0.0027637 secs] 466205K->56604K(1484800K), 0.0028637 secs] [Times: user=0.00 sys=0.00, real=0.00 secs] 
2019-10-10T11:39:13.853+0000: 261.360: [GC (Allocation Failure) 2019-10-10T11:39:13.853+0000: 261.360: [DefNew: 409788K->231K(460800K), 0.0027992 secs] 466204K->56646K(1484800K), 0.0028812 secs] [Times: user=0.00 sys=0.00, real=0.01 secs] 
2019-10-10T11:39:21.068+0000: 268.575: [GC (Allocation Failure) 2019-10-10T11:39:21.068+0000: 268.575: [DefNew: 409831K->187K(460800K), 0.0026946 secs] 466246K->56603K(1484800K), 0.0027884 secs] [Times: user=0.01 sys=0.00, real=0.00 secs] 
2019-10-10T11:39:28.849+0000: 276.356: [GC (Allocation Failure) 2019-10-10T11:39:28.849+0000: 276.356: [DefNew: 409787K->188K(460800K), 0.0027521 secs] 466203K->56604K(1484800K), 0.0028381 secs] [Times: user=0.00 sys=0.00, real=0.00 secs] 
2019-10-10T11:39:36.126+0000: 283.634: [GC (Allocation Failure) 2019-10-10T11:39:36.126+0000: 283.634: [DefNew: 409788K->188K(460800K), 0.0026989 secs] 466204K->56603K(1484800K), 0.0028140 secs] [Times: user=0.00 sys=0.00, real=0.01 secs] 
2019-10-10T11:39:43.551+0000: 291.059: [GC (Allocation Failure) 2019-10-10T11:39:43.551+0000: 291.059: [DefNew: 409788K->262K(460800K), 0.0027604 secs] 466203K->56680K(1484800K), 0.0028667 secs] [Times: user=0.01 sys=0.00, real=0.00 secs] 
2019-10-10T11:39:51.150+0000: 298.657: [GC (Allocation Failure) 2019-10-10T11:39:51.150+0000: 298.657: [DefNew: 409862K->179K(460800K), 0.0027536 secs] 466280K->56613K(1484800K), 0.0028467 secs] [Times: user=0.01 sys=0.00, real=0.00 secs] 
2019-10-10T11:39:58.419+0000: 305.926: [GC (Allocation Failure) 2019-10-10T11:39:58.419+0000: 305.926: [DefNew: 409779K->232K(460800K), 0.0031031 secs] 466213K->56666K(1484800K), 0.0032118 secs] [Times: user=0.01 sys=0.01, real=0.00 secs] 
2019-10-10T11:40:05.719+0000: 313.227: [GC (Allocation Failure) 2019-10-10T11:40:05.719+0000: 313.227: [DefNew: 409832K->227K(460800K), 0.0028334 secs] 466266K->56662K(1484800K), 0.0029177 secs] [Times: user=0.00 sys=0.00, real=0.00 secs] 
2019-10-10T11:40:12.991+0000: 320.498: [GC (Allocation Failure) 2019-10-10T11:40:12.991+0000: 320.498: [DefNew: 409827K->263K(460800K), 0.0028764 secs] 466262K->56698K(1484800K), 0.0029598 secs] [Times: user=0.01 sys=0.00, real=0.00 secs] 
2019-10-10T11:40:20.815+0000: 328.322: [GC (Allocation Failure) 2019-10-10T11:40:20.815+0000: 328.322: [DefNew: 409863K->242K(460800K), 0.0026393 secs] 466298K->56676K(1484800K), 0.0027283 secs] [Times: user=0.00 sys=0.00, real=0.00 secs] 
2019-10-10T11:40:28.155+0000: 335.663: [GC (Allocation Failure) 2019-10-10T11:40:28.155+0000: 335.663: [DefNew: 409842K->227K(460800K), 0.0027420 secs] 466276K->56662K(1484800K), 0.0028203 secs] [Times: user=0.01 sys=0.00, real=0.00 secs] 
2019-10-10T11:40:35.369+0000: 342.876: [GC (Allocation Failure) 2019-10-10T11:40:35.369+0000: 342.876: [DefNew: 409827K->258K(460800K), 0.0028041 secs] 466262K->56693K(1484800K), 0.0029079 secs] [Times: user=0.00 sys=0.00, real=0.00 secs] 
2019-10-10T11:40:43.193+0000: 350.700: [GC (Allocation Failure) 2019-10-10T11:40:43.193+0000: 350.700: [DefNew: 409858K->226K(460800K), 0.0027952 secs] 466293K->56662K(1484800K), 0.0028989 secs] [Times: user=0.01 sys=0.00, real=0.01 secs] 
2019-10-10T11:40:50.472+0000: 357.979: [GC (Allocation Failure) 2019-10-10T11:40:50.472+0000: 357.979: [DefNew: 409826K->198K(460800K), 0.0029303 secs] 466262K->56664K(1484800K), 0.0030236 secs] [Times: user=0.00 sys=0.00, real=0.01 secs] 
2019-10-10T11:40:57.655+0000: 365.163: [GC (Allocation Failure) 2019-10-10T11:40:57.656+0000: 365.163: [DefNew: 409798K->263K(460800K), 0.0031601 secs] 466264K->56729K(1484800K), 0.0032343 secs] [Times: user=0.00 sys=0.00, real=0.00 secs] 
2019-10-10T11:41:05.383+0000: 372.890: [GC (Allocation Failure) 2019-10-10T11:41:05.383+0000: 372.890: [DefNew: 409863K->232K(460800K), 0.0027665 secs] 466329K->56697K(1484800K), 0.0028593 secs] [Times: user=0.00 sys=0.00, real=0.00 secs] 
2019-10-10T11:41:12.697+0000: 380.204: [GC (Allocation Failure) 2019-10-10T11:41:12.697+0000: 380.204: [DefNew: 409832K->233K(460800K), 0.0029705 secs] 466297K->56699K(1484800K), 0.0030516 secs] [Times: user=0.01 sys=0.00, real=0.00 secs] 
2019-10-10T11:41:20.013+0000: 387.520: [GC (Allocation Failure) 2019-10-10T11:41:20.013+0000: 387.520: [DefNew: 409833K->232K(460800K), 0.0027891 secs] 466299K->56699K(1484800K), 0.0028774 secs] [Times: user=0.00 sys=0.00, real=0.01 secs] 
2019-10-10T11:41:27.735+0000: 395.242: [GC (Allocation Failure) 2019-10-10T11:41:27.735+0000: 395.242: [DefNew: 409832K->236K(460800K), 0.0028129 secs] 466299K->56702K(1484800K), 0.0028944 secs] [Times: user=0.00 sys=0.00, real=0.00 secs] 
2019-10-10T11:41:35.060+0000: 402.568: [GC (Allocation Failure) 2019-10-10T11:41:35.060+0000: 402.568: [DefNew: 409836K->279K(460800K), 0.0029052 secs] 466302K->56746K(1484800K), 0.0029846 secs] [Times: user=0.00 sys=0.00, real=0.00 secs] 
2019-10-10T11:41:42.331+0000: 409.838: [GC (Allocation Failure) 2019-10-10T11:41:42.331+0000: 409.839: [DefNew: 409879K->242K(460800K), 0.0028013 secs] 466346K->56709K(1484800K), 0.0029076 secs] [Times: user=0.00 sys=0.00, real=0.00 secs] 
2019-10-10T11:41:49.629+0000: 417.136: [GC (Allocation Failure) 2019-10-10T11:41:49.629+0000: 417.136: [DefNew: 409842K->214K(460800K), 0.0028902 secs] 466309K->56705K(1484800K), 0.0029802 secs] [Times: user=0.00 sys=0.00, real=0.00 secs] 
2019-10-10T11:41:57.361+0000: 424.868: [GC (Allocation Failure) 2019-10-10T11:41:57.361+0000: 424.868: [DefNew: 409814K->217K(460800K), 0.0030267 secs] 466305K->56740K(1484800K), 0.0031079 secs] [Times: user=0.01 sys=0.00, real=0.00 secs] 
2019-10-10T11:42:04.615+0000: 432.122: [GC (Allocation Failure) 2019-10-10T11:42:04.615+0000: 432.122: [DefNew: 409817K->231K(460800K), 0.0028108 secs] 466340K->56754K(1484800K), 0.0029108 secs] [Times: user=0.00 sys=0.00, real=0.00 secs] 
2019-10-10T11:42:11.860+0000: 439.367: [GC (Allocation Failure) 2019-10-10T11:42:11.860+0000: 439.367: [DefNew: 409831K->207K(460800K), 0.0027780 secs] 466354K->56730K(1484800K), 0.0028665 secs] [Times: user=0.00 sys=0.00, real=0.00 secs] 
2019-10-10T11:42:19.664+0000: 447.172: [GC (Allocation Failure) 2019-10-10T11:42:19.664+0000: 447.172: [DefNew: 409807K->244K(460800K), 0.0028147 secs] 466330K->56767K(1484800K), 0.0029061 secs] [Times: user=0.00 sys=0.00, real=0.01 secs] 
2019-10-10T11:42:26.961+0000: 454.469: [GC (Allocation Failure) 2019-10-10T11:42:26.961+0000: 454.469: [DefNew: 409844K->206K(460800K), 0.0026708 secs] 466367K->56730K(1484800K), 0.0027589 secs] [Times: user=0.00 sys=0.00, real=0.00 secs] 
11:42:33.584 [worker-akka.actor.default-dispatcher-6] INFO  a.r.a.Association(akka://worker) akka.remote.artery.Association(akka://worker) - Stopping idle outbound stream [2] to [akka://worker@flamestream-benchmarks-worker-0:5412]
2019-10-10T11:42:34.724+0000: 462.231: [GC (Allocation Failure) 2019-10-10T11:42:34.724+0000: 462.231: [DefNew: 409806K->394K(460800K), 0.0032099 secs] 466330K->56919K(1484800K), 0.0033072 secs] [Times: user=0.00 sys=0.00, real=0.01 secs] 
2019-10-10T11:42:42.000+0000: 469.507: [GC (Allocation Failure) 2019-10-10T11:42:42.000+0000: 469.507: [DefNew: 409994K->267K(460800K), 0.0031375 secs] 466519K->56792K(1484800K), 0.0032370 secs] [Times: user=0.00 sys=0.00, real=0.00 secs] 
2019-10-10T11:42:49.306+0000: 476.813: [GC (Allocation Failure) 2019-10-10T11:42:49.306+0000: 476.813: [DefNew: 409867K->293K(460800K), 0.0032522 secs] 466392K->56854K(1484800K), 0.0033495 secs] [Times: user=0.01 sys=0.00, real=0.01 secs] 
2019-10-10T11:42:56.653+0000: 484.160: [GC (Allocation Failure) 2019-10-10T11:42:56.653+0000: 484.160: [DefNew: 409893K->241K(460800K), 0.0031102 secs] 466454K->56801K(1484800K), 0.0031952 secs] [Times: user=0.00 sys=0.00, real=0.01 secs] 
2019-10-10T11:43:04.357+0000: 491.865: [GC (Allocation Failure) 2019-10-10T11:43:04.357+0000: 491.865: [DefNew: 409841K->238K(460800K), 0.0030765 secs] 466401K->56799K(1484800K), 0.0031679 secs] [Times: user=0.01 sys=0.00, real=0.00 secs] 
2019-10-10T11:43:11.642+0000: 499.150: [GC (Allocation Failure) 2019-10-10T11:43:11.642+0000: 499.150: [DefNew: 409838K->237K(460800K), 0.0028551 secs] 466399K->56798K(1484800K), 0.0029666 secs] [Times: user=0.00 sys=0.01, real=0.00 secs] 
2019-10-10T11:43:18.883+0000: 506.390: [GC (Allocation Failure) 2019-10-10T11:43:18.883+0000: 506.390: [DefNew: 409837K->259K(460800K), 0.0029824 secs] 466398K->56824K(1484800K), 0.0030646 secs] [Times: user=0.01 sys=0.00, real=0.00 secs] 
2019-10-10T11:43:26.188+0000: 513.696: [GC (Allocation Failure) 2019-10-10T11:43:26.188+0000: 513.696: [DefNew: 409859K->261K(460800K), 0.0030505 secs] 466424K->56826K(1484800K), 0.0031407 secs] [Times: user=0.00 sys=0.00, real=0.00 secs] 
2019-10-10T11:43:33.949+0000: 521.456: [GC (Allocation Failure) 2019-10-10T11:43:33.949+0000: 521.456: [DefNew: 409861K->256K(460800K), 0.0030912 secs] 466426K->56821K(1484800K), 0.0031634 secs] [Times: user=0.01 sys=0.00, real=0.00 secs] 
2019-10-10T11:43:41.251+0000: 528.759: [GC (Allocation Failure) 2019-10-10T11:43:41.251+0000: 528.759: [DefNew: 409856K->234K(460800K), 0.0029239 secs] 466421K->56799K(1484800K), 0.0030087 secs] [Times: user=0.01 sys=0.00, real=0.01 secs] 
2019-10-10T11:43:48.478+0000: 535.985: [GC (Allocation Failure) 2019-10-10T11:43:48.478+0000: 535.985: [DefNew: 409834K->205K(460800K), 0.0031874 secs] 466399K->56798K(1484800K), 0.0032782 secs] [Times: user=0.01 sys=0.00, real=0.00 secs] 
2019-10-10T11:43:56.235+0000: 543.743: [GC (Allocation Failure) 2019-10-10T11:43:56.235+0000: 543.743: [DefNew: 409805K->220K(460800K), 0.0031700 secs] 466398K->56812K(1484800K), 0.0032562 secs] [Times: user=0.00 sys=0.00, real=0.00 secs] 
2019-10-10T11:44:03.531+0000: 551.038: [GC (Allocation Failure) 2019-10-10T11:44:03.531+0000: 551.038: [DefNew: 409820K->221K(460800K), 0.0029799 secs] 466412K->56813K(1484800K), 0.0030584 secs] [Times: user=0.00 sys=0.00, real=0.00 secs] 
2019-10-10T11:44:10.824+0000: 558.332: [GC (Allocation Failure) 2019-10-10T11:44:10.824+0000: 558.332: [DefNew: 409821K->221K(460800K), 0.0030224 secs] 466413K->56814K(1484800K), 0.0031176 secs] [Times: user=0.00 sys=0.00, real=0.01 secs] 
2019-10-10T11:44:18.558+0000: 566.065: [GC (Allocation Failure) 2019-10-10T11:44:18.558+0000: 566.065: [DefNew: 409821K->222K(460800K), 0.0029923 secs] 466414K->56815K(1484800K), 0.0030821 secs] [Times: user=0.00 sys=0.00, real=0.00 secs] 
2019-10-10T11:44:25.847+0000: 573.354: [GC (Allocation Failure) 2019-10-10T11:44:25.847+0000: 573.354: [DefNew: 409822K->204K(460800K), 0.0031386 secs] 466415K->56834K(1484800K), 0.0032287 secs] [Times: user=0.00 sys=0.00, real=0.00 secs] 
2019-10-10T11:44:33.139+0000: 580.646: [GC (Allocation Failure) 2019-10-10T11:44:33.139+0000: 580.646: [DefNew: 409804K->165K(460800K), 0.0028663 secs] 466434K->56816K(1484800K), 0.0029388 secs] [Times: user=0.00 sys=0.00, real=0.00 secs] 
2019-10-10T11:44:40.922+0000: 588.429: [GC (Allocation Failure) 2019-10-10T11:44:40.922+0000: 588.429: [DefNew: 409765K->168K(460800K), 0.0026656 secs] 466416K->56819K(1484800K), 0.0027497 secs] [Times: user=0.00 sys=0.00, real=0.00 secs] 
2019-10-10T11:44:48.182+0000: 595.690: [GC (Allocation Failure) 2019-10-10T11:44:48.182+0000: 595.690: [DefNew: 409768K->154K(460800K), 0.0027283 secs] 466419K->56814K(1484800K), 0.0028251 secs] [Times: user=0.00 sys=0.00, real=0.00 secs] 
2019-10-10T11:44:55.491+0000: 602.999: [GC (Allocation Failure) 2019-10-10T11:44:55.491+0000: 602.999: [DefNew: 409754K->187K(460800K), 0.0028375 secs] 466414K->56848K(1484800K), 0.0029325 secs] [Times: user=0.01 sys=0.00, real=0.00 secs] 
2019-10-10T11:45:02.795+0000: 610.302: [GC (Allocation Failure) 2019-10-10T11:45:02.795+0000: 610.302: [DefNew: 409787K->174K(460800K), 0.0028613 secs] 466448K->56835K(1484800K), 0.0029534 secs] [Times: user=0.00 sys=0.00, real=0.00 secs] 
2019-10-10T11:45:10.464+0000: 617.972: [GC (Allocation Failure) 2019-10-10T11:45:10.464+0000: 617.972: [DefNew: 409774K->170K(460800K), 0.0026604 secs] 466435K->56832K(1484800K), 0.0027454 secs] [Times: user=0.00 sys=0.00, real=0.01 secs] 
2019-10-10T11:45:17.812+0000: 625.320: [GC (Allocation Failure) 2019-10-10T11:45:17.812+0000: 625.320: [DefNew: 409770K->170K(460800K), 0.0026803 secs] 466432K->56831K(1484800K), 0.0027665 secs] [Times: user=0.00 sys=0.00, real=0.01 secs] 
2019-10-10T11:45:25.106+0000: 632.613: [GC (Allocation Failure) 2019-10-10T11:45:25.106+0000: 632.613: [DefNew: 409770K->170K(460800K), 0.0028718 secs] 466431K->56832K(1484800K), 0.0029636 secs] [Times: user=0.00 sys=0.00, real=0.01 secs] 
2019-10-10T11:45:32.873+0000: 640.380: [GC (Allocation Failure) 2019-10-10T11:45:32.873+0000: 640.380: [DefNew: 409770K->171K(460800K), 0.0026173 secs] 466432K->56832K(1484800K), 0.0026946 secs] [Times: user=0.01 sys=0.00, real=0.01 secs] 
2019-10-10T11:45:40.173+0000: 647.681: [GC (Allocation Failure) 2019-10-10T11:45:40.173+0000: 647.681: [DefNew: 409771K->170K(460800K), 0.0027231 secs] 466432K->56831K(1484800K), 0.0028107 secs] [Times: user=0.00 sys=0.00, real=0.01 secs] 
2019-10-10T11:45:47.461+0000: 654.969: [GC (Allocation Failure) 2019-10-10T11:45:47.461+0000: 654.969: [DefNew: 409770K->194K(460800K), 0.0028722 secs] 466431K->56868K(1484800K), 0.0029627 secs] [Times: user=0.01 sys=0.00, real=0.00 secs] 
2019-10-10T11:45:55.193+0000: 662.701: [GC (Allocation Failure) 2019-10-10T11:45:55.194+0000: 662.701: [DefNew: 409794K->158K(460800K), 0.0026978 secs] 466468K->56835K(1484800K), 0.0027767 secs] [Times: user=0.00 sys=0.00, real=0.01 secs] 
2019-10-10T11:46:02.491+0000: 669.998: [GC (Allocation Failure) 2019-10-10T11:46:02.491+0000: 669.998: [DefNew: 409758K->174K(460800K), 0.0027372 secs] 466435K->56852K(1484800K), 0.0028225 secs] [Times: user=0.00 sys=0.00, real=0.00 secs] 
2019-10-10T11:46:09.762+0000: 677.269: [GC (Allocation Failure) 2019-10-10T11:46:09.762+0000: 677.269: [DefNew: 409774K->173K(460800K), 0.0027317 secs] 466452K->56851K(1484800K), 0.0028184 secs] [Times: user=0.01 sys=0.00, real=0.00 secs] 
2019-10-10T11:46:17.578+0000: 685.085: [GC (Allocation Failure) 2019-10-10T11:46:17.578+0000: 685.085: [DefNew: 409773K->174K(460800K), 0.0026583 secs] 466451K->56852K(1484800K), 0.0027516 secs] [Times: user=0.00 sys=0.00, real=0.00 secs] 
2019-10-10T11:46:24.845+0000: 692.352: [GC (Allocation Failure) 2019-10-10T11:46:24.845+0000: 692.352: [DefNew: 409774K->173K(460800K), 0.0026751 secs] 466452K->56851K(1484800K), 0.0027653 secs] [Times: user=0.00 sys=0.00, real=0.01 secs] 
2019-10-10T11:46:32.174+0000: 699.681: [GC (Allocation Failure) 2019-10-10T11:46:32.174+0000: 699.681: [DefNew: 409773K->196K(460800K), 0.0027563 secs] 466451K->56873K(1484800K), 0.0028319 secs] [Times: user=0.00 sys=0.00, real=0.01 secs] 
2019-10-10T11:46:40.020+0000: 707.527: [GC (Allocation Failure) 2019-10-10T11:46:40.020+0000: 707.527: [DefNew: 409796K->230K(460800K), 0.0028427 secs] 466473K->56908K(1484800K), 0.0029281 secs] [Times: user=0.01 sys=0.00, real=0.00 secs] 
2019-10-10T11:46:47.409+0000: 714.916: [GC (Allocation Failure) 2019-10-10T11:46:47.409+0000: 714.916: [DefNew: 409830K->179K(460800K), 0.0026879 secs] 466508K->56869K(1484800K), 0.0027802 secs] [Times: user=0.00 sys=0.00, real=0.00 secs] 
2019-10-10T11:46:54.629+0000: 722.136: [GC (Allocation Failure) 2019-10-10T11:46:54.629+0000: 722.136: [DefNew: 409779K->203K(460800K), 0.0026558 secs] 466469K->56897K(1484800K), 0.0027381 secs] [Times: user=0.00 sys=0.00, real=0.00 secs] 
2019-10-10T11:47:01.835+0000: 729.343: [GC (Allocation Failure) 2019-10-10T11:47:01.835+0000: 729.343: [DefNew: 409803K->165K(460800K), 0.0026755 secs] 466497K->56860K(1484800K), 0.0027518 secs] [Times: user=0.00 sys=0.00, real=0.00 secs] 
2019-10-10T11:47:09.543+0000: 737.050: [GC (Allocation Failure) 2019-10-10T11:47:09.543+0000: 737.050: [DefNew: 409765K->166K(460800K), 0.0025922 secs] 466460K->56861K(1484800K), 0.0026779 secs] [Times: user=0.01 sys=0.00, real=0.00 secs] 
2019-10-10T11:47:16.841+0000: 744.348: [GC (Allocation Failure) 2019-10-10T11:47:16.841+0000: 744.348: [DefNew: 409766K->169K(460800K), 0.0025822 secs] 466461K->56863K(1484800K), 0.0026861 secs] [Times: user=0.00 sys=0.00, real=0.00 secs] 
2019-10-10T11:47:24.109+0000: 751.616: [GC (Allocation Failure) 2019-10-10T11:47:24.109+0000: 751.616: [DefNew: 409769K->165K(460800K), 0.0027254 secs] 466463K->56860K(1484800K), 0.0028300 secs] [Times: user=0.00 sys=0.00, real=0.00 secs] 
2019-10-10T11:47:31.937+0000: 759.445: [GC (Allocation Failure) 2019-10-10T11:47:31.937+0000: 759.445: [DefNew: 409765K->165K(460800K), 0.0026171 secs] 466460K->56859K(1484800K), 0.0026947 secs] [Times: user=0.00 sys=0.00, real=0.00 secs] 
2019-10-10T11:47:39.196+0000: 766.703: [GC (Allocation Failure) 2019-10-10T11:47:39.196+0000: 766.703: [DefNew: 409765K->166K(460800K), 0.0026404 secs] 466459K->56860K(1484800K), 0.0027386 secs] [Times: user=0.00 sys=0.00, real=0.00 secs] 
2019-10-10T11:47:46.513+0000: 774.020: [GC (Allocation Failure) 2019-10-10T11:47:46.513+0000: 774.020: [DefNew: 409766K->193K(460800K), 0.0026574 secs] 466460K->56890K(1484800K), 0.0027404 secs] [Times: user=0.01 sys=0.00, real=0.01 secs] 
2019-10-10T11:47:54.279+0000: 781.786: [GC (Allocation Failure) 2019-10-10T11:47:54.279+0000: 781.786: [DefNew: 409793K->180K(460800K), 0.0027372 secs] 466490K->56894K(1484800K), 0.0028325 secs] [Times: user=0.00 sys=0.00, real=0.00 secs] 
2019-10-10T11:48:01.441+0000: 788.948: [GC (Allocation Failure) 2019-10-10T11:48:01.441+0000: 788.948: [DefNew: 409780K->159K(460800K), 0.0027378 secs] 466494K->56872K(1484800K), 0.0028223 secs] [Times: user=0.00 sys=0.00, real=0.00 secs] 
2019-10-10T11:48:08.680+0000: 796.188: [GC (Allocation Failure) 2019-10-10T11:48:08.680+0000: 796.188: [DefNew: 409759K->157K(460800K), 0.0025927 secs] 466472K->56870K(1484800K), 0.0026813 secs] [Times: user=0.00 sys=0.00, real=0.00 secs] 
2019-10-10T11:48:16.307+0000: 803.815: [GC (Allocation Failure) 2019-10-10T11:48:16.307+0000: 803.815: [DefNew: 409757K->157K(460800K), 0.0026826 secs] 466470K->56870K(1484800K), 0.0027687 secs] [Times: user=0.00 sys=0.00, real=0.00 secs] 
2019-10-10T11:48:23.807+0000: 811.314: [GC (Allocation Failure) 2019-10-10T11:48:23.807+0000: 811.314: [DefNew: 409757K->158K(460800K), 0.0026641 secs] 466470K->56872K(1484800K), 0.0027538 secs] [Times: user=0.00 sys=0.00, real=0.00 secs] 
2019-10-10T11:48:31.020+0000: 818.528: [GC (Allocation Failure) 2019-10-10T11:48:31.020+0000: 818.528: [DefNew: 409758K->156K(460800K), 0.0026513 secs] 466472K->56869K(1484800K), 0.0027440 secs] [Times: user=0.00 sys=0.00, real=0.00 secs] 
2019-10-10T11:48:38.350+0000: 825.858: [GC (Allocation Failure) 2019-10-10T11:48:38.350+0000: 825.858: [DefNew: 409756K->162K(460800K), 0.0026778 secs] 466469K->56875K(1484800K), 0.0027672 secs] [Times: user=0.00 sys=0.00, real=0.00 secs] 
2019-10-10T11:48:46.142+0000: 833.649: [GC (Allocation Failure) 2019-10-10T11:48:46.142+0000: 833.649: [DefNew: 409762K->205K(460800K), 0.0027337 secs] 466475K->56919K(1484800K), 0.0028213 secs] [Times: user=0.00 sys=0.00, real=0.00 secs] 
2019-10-10T11:48:53.533+0000: 841.040: [GC (Allocation Failure) 2019-10-10T11:48:53.533+0000: 841.040: [DefNew: 409805K->147K(460800K), 0.0026348 secs] 466519K->56870K(1484800K), 0.0027183 secs] [Times: user=0.01 sys=0.00, real=0.01 secs] 
2019-10-10T11:49:00.668+0000: 848.176: [GC (Allocation Failure) 2019-10-10T11:49:00.668+0000: 848.176: [DefNew: 409747K->294K(460800K), 0.0030503 secs] 466470K->57017K(1484800K), 0.0031299 secs] [Times: user=0.00 sys=0.00, real=0.00 secs] 
2019-10-10T11:49:08.382+0000: 855.890: [GC (Allocation Failure) 2019-10-10T11:49:08.382+0000: 855.890: [DefNew: 409894K->157K(460800K), 0.0030363 secs] 466617K->56879K(1484800K), 0.0031361 secs] [Times: user=0.00 sys=0.00, real=0.00 secs] 
2019-10-10T11:49:15.671+0000: 863.179: [GC (Allocation Failure) 2019-10-10T11:49:15.671+0000: 863.179: [DefNew: 409757K->159K(460800K), 0.0026211 secs] 466479K->56882K(1484800K), 0.0027047 secs] [Times: user=0.00 sys=0.00, real=0.00 secs] 
2019-10-10T11:49:22.978+0000: 870.486: [GC (Allocation Failure) 2019-10-10T11:49:22.978+0000: 870.486: [DefNew: 409759K->193K(460800K), 0.0027815 secs] 466482K->56915K(1484800K), 0.0028585 secs] [Times: user=0.00 sys=0.00, real=0.00 secs] 
2019-10-10T11:49:30.722+0000: 878.229: [GC (Allocation Failure) 2019-10-10T11:49:30.722+0000: 878.229: [DefNew: 409793K->157K(460800K), 0.0026815 secs] 466515K->56879K(1484800K), 0.0027871 secs] [Times: user=0.01 sys=0.00, real=0.00 secs] 
2019-10-10T11:49:38.104+0000: 885.612: [GC (Allocation Failure) 2019-10-10T11:49:38.104+0000: 885.612: [DefNew: 409757K->215K(460800K), 0.0027064 secs] 466479K->56938K(1484800K), 0.0027909 secs] [Times: user=0.00 sys=0.00, real=0.01 secs] 
2019-10-10T11:49:45.379+0000: 892.886: [GC (Allocation Failure) 2019-10-10T11:49:45.379+0000: 892.886: [DefNew: 409815K->157K(460800K), 0.0027464 secs] 466538K->56880K(1484800K), 0.0028390 secs] [Times: user=0.00 sys=0.00, real=0.00 secs] 
2019-10-10T11:49:52.818+0000: 900.325: [GC (Allocation Failure) 2019-10-10T11:49:52.818+0000: 900.325: [DefNew: 409757K->147K(460800K), 0.0026217 secs] 466480K->56879K(1484800K), 0.0026944 secs] [Times: user=0.00 sys=0.00, real=0.00 secs] 
2019-10-10T11:50:00.356+0000: 907.863: [GC (Allocation Failure) 2019-10-10T11:50:00.356+0000: 907.863: [DefNew: 409747K->209K(460800K), 0.0028490 secs] 466479K->56942K(1484800K), 0.0029432 secs] [Times: user=0.01 sys=0.00, real=0.00 secs] 
2019-10-10T11:50:07.716+0000: 915.223: [GC (Allocation Failure) 2019-10-10T11:50:07.716+0000: 915.223: [DefNew: 409809K->189K(460800K), 0.0029181 secs] 466542K->56921K(1484800K), 0.0030061 secs] [Times: user=0.00 sys=0.00, real=0.00 secs] 
2019-10-10T11:50:14.980+0000: 922.487: [GC (Allocation Failure) 2019-10-10T11:50:14.980+0000: 922.488: [DefNew: 409789K->156K(460800K), 0.0026109 secs] 466521K->56888K(1484800K), 0.0027057 secs] [Times: user=0.01 sys=0.00, real=0.00 secs] 
2019-10-10T11:50:22.699+0000: 930.206: [GC (Allocation Failure) 2019-10-10T11:50:22.699+0000: 930.206: [DefNew: 409756K->156K(460800K), 0.0025338 secs] 466488K->56888K(1484800K), 0.0026107 secs] [Times: user=0.00 sys=0.00, real=0.00 secs] 
2019-10-10T11:50:29.990+0000: 937.498: [GC (Allocation Failure) 2019-10-10T11:50:29.990+0000: 937.498: [DefNew: 409756K->155K(460800K), 0.0026307 secs] 466488K->56887K(1484800K), 0.0027174 secs] [Times: user=0.01 sys=0.00, real=0.00 secs] 
2019-10-10T11:50:37.224+0000: 944.732: [GC (Allocation Failure) 2019-10-10T11:50:37.224+0000: 944.732: [DefNew: 409755K->167K(460800K), 0.0026631 secs] 466487K->56899K(1484800K), 0.0027665 secs] [Times: user=0.00 sys=0.00, real=0.01 secs] 
2019-10-10T11:50:45.099+0000: 952.606: [GC (Allocation Failure) 2019-10-10T11:50:45.099+0000: 952.606: [DefNew: 409767K->157K(460800K), 0.0026149 secs] 466499K->56889K(1484800K), 0.0027098 secs] [Times: user=0.00 sys=0.00, real=0.00 secs] 
2019-10-10T11:50:52.444+0000: 959.952: [GC (Allocation Failure) 2019-10-10T11:50:52.444+0000: 959.952: [DefNew: 409757K->179K(460800K), 0.0027120 secs] 466489K->56921K(1484800K), 0.0027932 secs] [Times: user=0.00 sys=0.00, real=0.01 secs] 
2019-10-10T11:50:59.732+0000: 967.239: [GC (Allocation Failure) 2019-10-10T11:50:59.732+0000: 967.239: [DefNew: 409779K->175K(460800K), 0.0029485 secs] 466521K->56916K(1484800K), 0.0030332 secs] [Times: user=0.00 sys=0.00, real=0.01 secs] 
2019-10-10T11:51:07.413+0000: 974.920: [GC (Allocation Failure) 2019-10-10T11:51:07.413+0000: 974.920: [DefNew: 409775K->156K(460800K), 0.0025974 secs] 466516K->56898K(1484800K), 0.0026940 secs] [Times: user=0.00 sys=0.00, real=0.01 secs] 
2019-10-10T11:51:14.700+0000: 982.207: [GC (Allocation Failure) 2019-10-10T11:51:14.700+0000: 982.207: [DefNew: 409756K->211K(460800K), 0.0026237 secs] 466498K->56953K(1484800K), 0.0027129 secs] [Times: user=0.00 sys=0.00, real=0.00 secs] 
2019-10-10T11:51:21.980+0000: 989.487: [GC (Allocation Failure) 2019-10-10T11:51:21.980+0000: 989.487: [DefNew: 409811K->226K(460800K), 0.0027791 secs] 466553K->56968K(1484800K), 0.0028642 secs] [Times: user=0.00 sys=0.00, real=0.00 secs] 
2019-10-10T11:51:29.751+0000: 997.259: [GC (Allocation Failure) 2019-10-10T11:51:29.751+0000: 997.259: [DefNew: 409826K->161K(460800K), 0.0025962 secs] 466568K->56903K(1484800K), 0.0026815 secs] [Times: user=0.01 sys=0.00, real=0.00 secs] 
2019-10-10T11:51:37.072+0000: 1004.580: [GC (Allocation Failure) 2019-10-10T11:51:37.072+0000: 1004.580: [DefNew: 409761K->199K(460800K), 0.0027500 secs] 466503K->56941K(1484800K), 0.0028673 secs] [Times: user=0.00 sys=0.00, real=0.01 secs] 
2019-10-10T11:51:44.332+0000: 1011.840: [GC (Allocation Failure) 2019-10-10T11:51:44.332+0000: 1011.840: [DefNew: 409799K->189K(460800K), 0.0028648 secs] 466541K->56931K(1484800K), 0.0029502 secs] [Times: user=0.00 sys=0.00, real=0.01 secs] 
11:51:50.323 [Client] INFO  c.s.f.r.e.s.SocketRear  - FlameSocketGraphDeployerRear@flamestream-benchmarks-worker-10: has been disconnected from Connection 3
11:51:50.330 [Client] INFO  c.s.f.r.e.s.SocketFront  - FlameSocketGraphDeployerFront@flamestream-benchmarks-worker-10 has been disconnected from Connection 3
11:51:50.370 [worker-akka.actor.default-dispatcher-13] WARN  c.s.f.r.e.s.SocketRear  - FlameSocketGraphDeployerRear@flamestream-benchmarks-worker-10: writing to closed log
11:51:50.394 [worker-akka.actor.default-dispatcher-13] WARN  c.s.f.r.e.s.SocketRear  - FlameSocketGraphDeployerRear@flamestream-benchmarks-worker-10: writing to closed log
11:51:50.402 [worker-akka.actor.default-dispatcher-13] WARN  c.s.f.r.e.s.SocketRear  - FlameSocketGraphDeployerRear@flamestream-benchmarks-worker-10: writing to closed log
11:51:54.732 [worker-akka.actor.default-dispatcher-13] INFO  a.r.a.Association(akka://worker) akka.remote.artery.Association(akka://worker) - Association to [akka://worker@flamestream-benchmarks-worker-1:5412] having UID [-1841295077369734911] has been stopped. All messages to this UID will be delivered to dead letters. Reason: ActorSystem terminated
11:51:54.935 [worker-akka.actor.default-dispatcher-13] INFO  a.r.a.Association(akka://worker) akka.remote.artery.Association(akka://worker) - Association to [akka://worker@flamestream-benchmarks-worker-2:5412] having UID [6444600634398261218] has been stopped. All messages to this UID will be delivered to dead letters. Reason: ActorSystem terminated
11:51:55.050 [worker-akka.actor.default-dispatcher-13] INFO  a.r.a.Association(akka://worker) akka.remote.artery.Association(akka://worker) - Association to [akka://worker@flamestream-benchmarks-worker-4:5412] having UID [8035050663617044396] has been stopped. All messages to this UID will be delivered to dead letters. Reason: ActorSystem terminated
11:51:55.080 [worker-akka.actor.default-dispatcher-13] INFO  a.r.a.Association(akka://worker) akka.remote.artery.Association(akka://worker) - Association to [akka://worker@flamestream-benchmarks-worker-3:5412] having UID [-4933178446897725924] has been stopped. All messages to this UID will be delivered to dead letters. Reason: ActorSystem terminated
11:51:55.580 [worker-akka.actor.default-dispatcher-13] INFO  a.r.a.Association(akka://worker) akka.remote.artery.Association(akka://worker) - Association to [akka://worker@flamestream-benchmarks-worker-0:5412] having UID [3620502731318403711] has been stopped. All messages to this UID will be delivered to dead letters. Reason: ActorSystem terminated
11:51:56.120 [worker-akka.actor.default-dispatcher-13] INFO  a.r.a.Association(akka://worker) akka.remote.artery.Association(akka://worker) - Association to [akka://worker@flamestream-benchmarks-worker-5:5412] having UID [4120531977976955677] has been stopped. All messages to this UID will be delivered to dead letters. Reason: ActorSystem terminated
11:51:56.139 [worker-akka.actor.default-dispatcher-13] INFO  a.r.a.Association(akka://worker) akka.remote.artery.Association(akka://worker) - Association to [akka://worker@flamestream-benchmarks-worker-6:5412] having UID [4037409460353836698] has been stopped. All messages to this UID will be delivered to dead letters. Reason: ActorSystem terminated
11:51:56.279 [worker-akka.actor.default-dispatcher-6] INFO  a.r.a.Association(akka://worker) akka.remote.artery.Association(akka://worker) - Association to [akka://worker@flamestream-benchmarks-worker-8:5412] having UID [1320043002536413206] has been stopped. All messages to this UID will be delivered to dead letters. Reason: ActorSystem terminated
11:51:56.292 [worker-akka.actor.default-dispatcher-13] INFO  a.a.LocalActorRef akka://worker/user/watcher/processing-watcher/graph/edge/FlameSocketGraphDeployerRear - Stopped
11:51:56.296 [worker-akka.actor.default-dispatcher-13] INFO  a.a.LocalActorRef akka://worker/user/watcher/processing-watcher/graph/negotiator - Stopped
11:51:56.310 [worker-akka.actor.default-dispatcher-9] INFO  a.a.LocalActorRef akka://worker/user/watcher/processing-watcher/graph/edge/FlameSocketGraphDeployerFront - Stopped
11:51:56.315 [worker-akka.actor.default-dispatcher-12] INFO  a.a.LocalActorRef akka://worker/user/watcher/processing-watcher/graph/graph/$+ - Stopped
11:51:56.315 [worker-akka.actor.default-dispatcher-12] INFO  a.a.LocalActorRef akka://worker/user/watcher/processing-watcher/graph/edge - Stopped
11:51:56.315 [worker-akka.actor.default-dispatcher-17] INFO  a.a.LocalActorRef akka://worker/user/watcher/processing-watcher/graph/graph/$0 - Stopped
11:51:56.316 [worker-akka.actor.default-dispatcher-18] INFO  a.a.LocalActorRef akka://worker/user/watcher/processing-watcher/graph/graph/$1 - Stopped
11:51:56.317 [worker-akka.actor.default-dispatcher-18] INFO  a.a.LocalActorRef akka://worker/user/watcher/processing-watcher/graph/graph/$2 - Stopped
11:51:56.317 [worker-akka.actor.default-dispatcher-18] INFO  a.a.LocalActorRef akka://worker/user/watcher/processing-watcher/graph/graph/$3 - Stopped
11:51:56.317 [worker-akka.actor.default-dispatcher-18] INFO  a.a.LocalActorRef akka://worker/user/watcher/processing-watcher/graph/graph/$4 - Stopped
11:51:56.317 [worker-akka.actor.default-dispatcher-18] INFO  a.a.LocalActorRef akka://worker/user/watcher/processing-watcher/graph/graph/$5 - Stopped
11:51:56.317 [worker-akka.actor.default-dispatcher-17] INFO  a.a.LocalActorRef akka://worker/user/watcher/processing-watcher/graph/graph/$6 - Stopped
11:51:56.317 [worker-akka.actor.default-dispatcher-17] INFO  a.a.LocalActorRef akka://worker/user/watcher/processing-watcher/graph/graph/$7 - Stopped
11:51:56.319 [worker-akka.actor.default-dispatcher-19] INFO  a.a.LocalActorRef akka://worker/user/watcher/processing-watcher/graph/graph/$8 - Stopped
11:51:56.320 [worker-akka.actor.default-dispatcher-19] INFO  a.a.LocalActorRef akka://worker/user/watcher/processing-watcher/graph/graph/$9 - Stopped
11:51:56.322 [worker-akka.actor.default-dispatcher-19] INFO  a.a.LocalActorRef akka://worker/user/watcher/processing-watcher/graph/graph/$A - Stopped
11:51:56.323 [worker-akka.actor.default-dispatcher-19] INFO  a.a.LocalActorRef akka://worker/user/watcher/processing-watcher/graph/graph/$Ab - Stopped
11:51:56.323 [worker-akka.actor.default-dispatcher-19] INFO  a.a.LocalActorRef akka://worker/user/watcher/processing-watcher/graph/graph/$B - Stopped
11:51:56.324 [worker-akka.actor.default-dispatcher-19] INFO  a.a.LocalActorRef akka://worker/user/watcher/processing-watcher/graph/graph/$Bb - Stopped
11:51:56.325 [worker-akka.actor.default-dispatcher-19] INFO  a.a.LocalActorRef akka://worker/user/watcher/processing-watcher/graph/graph/$C - Stopped
11:51:56.326 [worker-akka.actor.default-dispatcher-19] INFO  a.a.LocalActorRef akka://worker/user/watcher/processing-watcher/graph/graph/$Cb - Stopped
11:51:56.327 [worker-akka.actor.default-dispatcher-19] INFO  a.a.LocalActorRef akka://worker/user/watcher/processing-watcher/graph/graph/$D - Stopped
11:51:56.329 [worker-akka.actor.default-dispatcher-19] INFO  a.a.LocalActorRef akka://worker/user/watcher/processing-watcher/graph/graph/$Db - Stopped
11:51:56.330 [worker-akka.actor.default-dispatcher-19] INFO  a.a.LocalActorRef akka://worker/user/watcher/processing-watcher/graph/graph/$E - Stopped
11:51:56.330 [worker-akka.actor.default-dispatcher-19] INFO  a.a.LocalActorRef akka://worker/user/watcher/processing-watcher/graph/graph/$Eb - Stopped
11:51:56.331 [worker-akka.actor.default-dispatcher-19] INFO  a.a.LocalActorRef akka://worker/user/watcher/processing-watcher/graph/graph/$F - Stopped
11:51:56.332 [worker-akka.actor.default-dispatcher-19] INFO  a.a.LocalActorRef akka://worker/user/watcher/processing-watcher/graph/graph/$Fb - Stopped
11:51:56.333 [worker-akka.actor.default-dispatcher-19] INFO  a.a.LocalActorRef akka://worker/user/watcher/processing-watcher/graph/graph/$G - Stopped
11:51:56.334 [worker-akka.actor.default-dispatcher-19] INFO  a.a.LocalActorRef akka://worker/user/watcher/processing-watcher/graph/graph/$Gb - Stopped
11:51:56.335 [worker-akka.actor.default-dispatcher-19] INFO  a.a.LocalActorRef akka://worker/user/watcher/processing-watcher/graph/graph/$H - Stopped
11:51:56.336 [worker-akka.actor.default-dispatcher-19] INFO  a.a.LocalActorRef akka://worker/user/watcher/processing-watcher/graph/graph/$Hb - Stopped
11:51:56.337 [worker-akka.actor.default-dispatcher-19] INFO  a.a.LocalActorRef akka://worker/user/watcher/processing-watcher/graph/graph/$I - Stopped
11:51:56.338 [worker-akka.actor.default-dispatcher-19] INFO  a.a.LocalActorRef akka://worker/user/watcher/processing-watcher/graph/graph/$Ib - Stopped
11:51:56.339 [worker-akka.actor.default-dispatcher-19] INFO  a.a.LocalActorRef akka://worker/user/watcher/processing-watcher/graph/graph/$J - Stopped
11:51:56.340 [worker-akka.actor.default-dispatcher-19] INFO  a.a.LocalActorRef akka://worker/user/watcher/processing-watcher/graph/graph/$Jb - Stopped
11:51:56.341 [worker-akka.actor.default-dispatcher-19] INFO  a.a.LocalActorRef akka://worker/user/watcher/processing-watcher/graph/graph/$K - Stopped
11:51:56.342 [worker-akka.actor.default-dispatcher-19] INFO  a.a.LocalActorRef akka://worker/user/watcher/processing-watcher/graph/graph/$Kb - Stopped
11:51:56.344 [worker-akka.actor.default-dispatcher-18] INFO  a.r.a.Association(akka://worker) akka.remote.artery.Association(akka://worker) - Association to [akka://worker@flamestream-benchmarks-worker-7:5412] having UID [-5519852423143450638] has been stopped. All messages to this UID will be delivered to dead letters. Reason: ActorSystem terminated
11:51:56.344 [worker-akka.actor.default-dispatcher-18] INFO  a.a.LocalActorRef akka://worker/user/watcher/processing-watcher/graph/graph/$L - Stopped
11:51:56.344 [worker-akka.actor.default-dispatcher-18] INFO  a.a.LocalActorRef akka://worker/user/watcher/processing-watcher/graph/graph/$Lb - Stopped
11:51:56.344 [worker-akka.actor.default-dispatcher-18] INFO  a.a.LocalActorRef akka://worker/user/watcher/processing-watcher/graph/graph/$M - Stopped
11:51:56.344 [worker-akka.actor.default-dispatcher-18] INFO  a.a.LocalActorRef akka://worker/user/watcher/processing-watcher/graph/graph/$Mb - Stopped
11:51:56.344 [worker-akka.actor.default-dispatcher-18] INFO  a.a.LocalActorRef akka://worker/user/watcher/processing-watcher/graph/graph/$N - Stopped
11:51:56.345 [worker-akka.actor.default-dispatcher-19] INFO  a.a.LocalActorRef akka://worker/user/watcher/processing-watcher/graph/graph/$Nb - Stopped
11:51:56.347 [worker-akka.actor.default-dispatcher-19] INFO  a.a.LocalActorRef akka://worker/user/watcher/processing-watcher/graph/graph/$O - Stopped
11:51:56.348 [worker-akka.actor.default-dispatcher-19] INFO  a.a.LocalActorRef akka://worker/user/watcher/processing-watcher/graph/graph/$P - Stopped
11:51:56.349 [worker-akka.actor.default-dispatcher-19] INFO  a.a.LocalActorRef akka://worker/user/watcher/processing-watcher/graph/graph/$Q - Stopped
11:51:56.350 [worker-akka.actor.default-dispatcher-19] INFO  a.a.LocalActorRef akka://worker/user/watcher/processing-watcher/graph/graph/$R - Stopped
11:51:56.350 [worker-akka.actor.default-dispatcher-19] INFO  a.a.LocalActorRef akka://worker/user/watcher/processing-watcher/graph/graph/$S - Stopped
11:51:56.351 [worker-akka.actor.default-dispatcher-19] INFO  a.a.LocalActorRef akka://worker/user/watcher/processing-watcher/graph/graph/$T - Stopped
11:51:56.352 [worker-akka.actor.default-dispatcher-19] INFO  a.a.LocalActorRef akka://worker/user/watcher/processing-watcher/graph/graph/$U - Stopped
11:51:56.353 [worker-akka.actor.default-dispatcher-19] INFO  a.a.LocalActorRef akka://worker/user/watcher/processing-watcher/graph/graph/$V - Stopped
11:51:56.354 [worker-akka.actor.default-dispatcher-19] INFO  a.a.LocalActorRef akka://worker/user/watcher/processing-watcher/graph/graph/$W - Stopped
11:51:56.355 [worker-akka.actor.default-dispatcher-19] INFO  a.a.LocalActorRef akka://worker/user/watcher/processing-watcher/graph/graph/$X - Stopped
11:51:56.357 [worker-akka.actor.default-dispatcher-19] INFO  a.a.LocalActorRef akka://worker/user/watcher/processing-watcher/graph/graph/$Y - Stopped
11:51:56.358 [worker-akka.actor.default-dispatcher-19] INFO  a.a.LocalActorRef akka://worker/user/watcher/processing-watcher/graph/graph/$Z - Stopped
11:51:56.359 [worker-akka.actor.default-dispatcher-19] INFO  a.a.LocalActorRef akka://worker/user/watcher/processing-watcher/graph/graph/$a - Stopped
11:51:56.359 [worker-akka.actor.default-dispatcher-19] INFO  a.a.LocalActorRef akka://worker/user/watcher/processing-watcher/graph/graph/$ab - Stopped
11:51:56.361 [worker-akka.actor.default-dispatcher-17] INFO  a.a.LocalActorRef akka://worker/user/watcher/processing-watcher/graph/graph/$b - Stopped
11:51:56.361 [worker-akka.actor.default-dispatcher-17] INFO  a.a.LocalActorRef akka://worker/user/watcher/processing-watcher/graph/graph/$bb - Stopped
11:51:56.361 [worker-akka.actor.default-dispatcher-17] INFO  a.a.LocalActorRef akka://worker/user/watcher/processing-watcher/graph/graph/$c - Stopped
11:51:56.361 [worker-akka.actor.default-dispatcher-19] INFO  a.a.LocalActorRef akka://worker/user/watcher/processing-watcher/graph/graph/$cb - Stopped
11:51:56.361 [worker-akka.actor.default-dispatcher-19] INFO  a.a.LocalActorRef akka://worker/user/watcher/processing-watcher/graph/graph/$d - Stopped
11:51:56.362 [worker-akka.actor.default-dispatcher-19] INFO  a.a.LocalActorRef akka://worker/user/watcher/processing-watcher/graph/graph/$db - Stopped
11:51:56.363 [worker-akka.actor.default-dispatcher-19] INFO  a.a.LocalActorRef akka://worker/user/watcher/processing-watcher/graph/graph/$e - Stopped
11:51:56.363 [worker-akka.actor.default-dispatcher-19] INFO  a.a.LocalActorRef akka://worker/user/watcher/processing-watcher/graph/graph/$eb - Stopped
11:51:56.365 [worker-akka.actor.default-dispatcher-19] INFO  a.a.LocalActorRef akka://worker/user/watcher/processing-watcher/graph/graph/$f - Stopped
11:51:56.366 [worker-akka.actor.default-dispatcher-19] INFO  a.a.LocalActorRef akka://worker/user/watcher/processing-watcher/graph/graph/$fb - Stopped
11:51:56.367 [worker-akka.actor.default-dispatcher-19] INFO  a.a.LocalActorRef akka://worker/user/watcher/processing-watcher/graph/graph/$g - Stopped
11:51:56.367 [worker-akka.actor.default-dispatcher-19] INFO  a.a.LocalActorRef akka://worker/user/watcher/processing-watcher/graph/graph/$gb - Stopped
11:51:56.368 [worker-akka.actor.default-dispatcher-19] INFO  a.a.LocalActorRef akka://worker/user/watcher/processing-watcher/graph/graph/$h - Stopped
11:51:56.369 [worker-akka.actor.default-dispatcher-19] INFO  a.a.LocalActorRef akka://worker/user/watcher/processing-watcher/graph/graph/$hb - Stopped
11:51:56.370 [worker-akka.actor.default-dispatcher-19] INFO  a.a.LocalActorRef akka://worker/user/watcher/processing-watcher/graph/graph/$i - Stopped
11:51:56.371 [worker-akka.actor.default-dispatcher-19] INFO  a.a.LocalActorRef akka://worker/user/watcher/processing-watcher/graph/graph/$ib - Stopped
11:51:56.372 [worker-akka.actor.default-dispatcher-19] INFO  a.a.LocalActorRef akka://worker/user/watcher/processing-watcher/graph/graph/$j - Stopped
11:51:56.373 [worker-akka.actor.default-dispatcher-19] INFO  a.a.LocalActorRef akka://worker/user/watcher/processing-watcher/graph/graph/$jb - Stopped
11:51:56.373 [worker-akka.actor.default-dispatcher-19] INFO  a.a.LocalActorRef akka://worker/user/watcher/processing-watcher/graph/graph/$k - Stopped
11:51:56.375 [worker-akka.actor.default-dispatcher-17] INFO  a.a.LocalActorRef akka://worker/user/watcher/processing-watcher/graph/graph/$kb - Stopped
11:51:56.375 [worker-akka.actor.default-dispatcher-17] INFO  a.a.LocalActorRef akka://worker/user/watcher/processing-watcher/graph/graph/$l - Stopped
11:51:56.375 [worker-akka.actor.default-dispatcher-17] INFO  a.a.LocalActorRef akka://worker/user/watcher/processing-watcher/graph/graph/$lb - Stopped
11:51:56.377 [worker-akka.actor.default-dispatcher-19] INFO  a.a.LocalActorRef akka://worker/user/watcher/processing-watcher/graph/graph/$m - Stopped
11:51:56.377 [worker-akka.actor.default-dispatcher-19] INFO  a.a.LocalActorRef akka://worker/user/watcher/processing-watcher/graph/graph/$mb - Stopped
11:51:56.380 [worker-akka.actor.default-dispatcher-19] INFO  a.a.LocalActorRef akka://worker/user/watcher/processing-watcher/graph/graph/$n - Stopped
11:51:56.380 [worker-akka.actor.default-dispatcher-19] INFO  a.a.LocalActorRef akka://worker/user/watcher/processing-watcher/graph/graph/$nb - Stopped
11:51:56.381 [worker-akka.actor.default-dispatcher-19] INFO  a.a.LocalActorRef akka://worker/user/watcher/processing-watcher/graph/graph/$o - Stopped
11:51:56.382 [worker-akka.actor.default-dispatcher-19] INFO  a.a.LocalActorRef akka://worker/user/watcher/processing-watcher/graph/graph/$ob - Stopped
11:51:56.384 [worker-akka.actor.default-dispatcher-19] INFO  a.a.LocalActorRef akka://worker/user/watcher/processing-watcher/graph/graph/$p - Stopped
11:51:56.385 [worker-akka.actor.default-dispatcher-19] INFO  a.a.LocalActorRef akka://worker/user/watcher/processing-watcher/graph/graph/$pb - Stopped
11:51:56.386 [worker-akka.actor.default-dispatcher-19] INFO  a.a.LocalActorRef akka://worker/user/watcher/processing-watcher/graph/graph/$q - Stopped
11:51:56.387 [worker-akka.actor.default-dispatcher-19] INFO  a.a.LocalActorRef akka://worker/user/watcher/processing-watcher/graph/graph/$qb - Stopped
11:51:56.389 [worker-akka.actor.default-dispatcher-17] INFO  a.a.LocalActorRef akka://worker/user/watcher/processing-watcher/graph/graph/$r - Stopped
11:51:56.389 [worker-akka.actor.default-dispatcher-17] INFO  a.a.LocalActorRef akka://worker/user/watcher/processing-watcher/graph/graph/$rb - Stopped
11:51:56.389 [worker-akka.actor.default-dispatcher-17] INFO  a.a.LocalActorRef akka://worker/user/watcher/processing-watcher/graph/graph/$s - Stopped
11:51:56.389 [worker-akka.actor.default-dispatcher-17] INFO  a.a.LocalActorRef akka://worker/user/watcher/processing-watcher/graph/graph/$sb - Stopped
11:51:56.389 [worker-akka.actor.default-dispatcher-17] INFO  a.a.LocalActorRef akka://worker/user/watcher/processing-watcher/graph/graph/$t - Stopped
11:51:56.389 [worker-akka.actor.default-dispatcher-19] INFO  a.a.LocalActorRef akka://worker/user/watcher/processing-watcher/graph/graph/$tb - Stopped
11:51:56.390 [worker-akka.actor.default-dispatcher-19] INFO  a.a.LocalActorRef akka://worker/user/watcher/processing-watcher/graph/graph/$u - Stopped
11:51:56.391 [worker-akka.actor.default-dispatcher-19] INFO  a.a.LocalActorRef akka://worker/user/watcher/processing-watcher/graph/graph/$ub - Stopped
11:51:56.392 [worker-akka.actor.default-dispatcher-19] INFO  a.a.LocalActorRef akka://worker/user/watcher/processing-watcher/graph/graph/$v - Stopped
11:51:56.392 [worker-akka.actor.default-dispatcher-19] INFO  a.a.LocalActorRef akka://worker/user/watcher/processing-watcher/graph/graph/$vb - Stopped
11:51:56.393 [worker-akka.actor.default-dispatcher-19] INFO  a.a.LocalActorRef akka://worker/user/watcher/processing-watcher/graph/graph/$w - Stopped
11:51:56.393 [worker-akka.actor.default-dispatcher-19] INFO  a.a.LocalActorRef akka://worker/user/watcher/processing-watcher/graph/graph/$wb - Stopped
11:51:56.394 [worker-akka.actor.default-dispatcher-19] INFO  a.a.LocalActorRef akka://worker/user/watcher/processing-watcher/graph/graph/$x - Stopped
11:51:56.396 [worker-akka.actor.default-dispatcher-19] INFO  a.a.LocalActorRef akka://worker/user/watcher/processing-watcher/graph/graph/$xb - Stopped
11:51:56.396 [worker-akka.actor.default-dispatcher-19] INFO  a.a.LocalActorRef akka://worker/user/watcher/processing-watcher/graph/graph/$y - Stopped
11:51:56.397 [worker-akka.actor.default-dispatcher-19] INFO  a.a.LocalActorRef akka://worker/user/watcher/processing-watcher/graph/graph/$yb - Stopped
11:51:56.397 [worker-akka.actor.default-dispatcher-19] INFO  a.a.LocalActorRef akka://worker/user/watcher/processing-watcher/graph/graph/$z - Stopped
11:51:56.398 [worker-akka.actor.default-dispatcher-19] INFO  a.a.LocalActorRef akka://worker/user/watcher/processing-watcher/graph/graph/$zb - Stopped
11:51:56.400 [worker-akka.actor.default-dispatcher-17] INFO  a.a.LocalActorRef akka://worker/user/watcher/processing-watcher/graph/graph/$~ - Stopped
11:51:56.413 [worker-akka.actor.default-dispatcher-19] INFO  a.a.LocalActorRef akka://worker/user/watcher/processing-watcher/graph/graph - Stopped
11:51:56.421 [worker-akka.actor.default-dispatcher-19] INFO  a.a.LocalActorRef akka://worker/user/watcher/processing-watcher/graph - Stopped
11:51:56.422 [worker-akka.actor.default-dispatcher-17] INFO  a.a.LocalActorRef akka://worker/user/watcher/processing-watcher - Stopped
11:51:56.423 [Curator-Framework-0] INFO  o.a.c.f.i.CuratorFrameworkImpl  - backgroundOperationsLoop exiting
11:51:56.429 [worker-akka.actor.default-dispatcher-6-EventThread] INFO  o.a.z.ClientCnxn  - EventThread shut down for session: 0x100002c5342000a
11:51:56.429 [worker-akka.actor.default-dispatcher-17] INFO  o.a.z.ZooKeeper  - Session: 0x100002c5342000a closed
11:51:56.430 [worker-akka.actor.default-dispatcher-19] INFO  a.a.RepointableActorRef akka://worker/user/watcher - Stopped
11:51:56.435 [Curator-PathChildrenCache-0] ERROR o.a.c.f.r.c.PathChildrenCache  - 
java.lang.IllegalStateException: instance must be started before calling this method
	at org.apache.curator.shaded.com.google.common.base.Preconditions.checkState(Preconditions.java:444)
	at org.apache.curator.framework.imps.CuratorFrameworkImpl.getChildren(CuratorFrameworkImpl.java:456)
	at org.apache.curator.framework.recipes.cache.PathChildrenCache.refresh(PathChildrenCache.java:521)
	at org.apache.curator.framework.recipes.cache.RefreshOperation.invoke(RefreshOperation.java:35)
	at org.apache.curator.framework.recipes.cache.PathChildrenCache$9.run(PathChildrenCache.java:786)
	at java.util.concurrent.Executors$RunnableAdapter.call(Executors.java:511)
	at java.util.concurrent.FutureTask.run(FutureTask.java:266)
	at java.util.concurrent.Executors$RunnableAdapter.call(Executors.java:511)
	at java.util.concurrent.FutureTask.run(FutureTask.java:266)
	at java.util.concurrent.ThreadPoolExecutor.runWorker(ThreadPoolExecutor.java:1149)
	at java.util.concurrent.ThreadPoolExecutor$Worker.run(ThreadPoolExecutor.java:624)
	at java.lang.Thread.run(Thread.java:748)
11:51:56.438 [worker-akka.actor.default-dispatcher-17] INFO  a.r.RemoteActorRefProvider$RemotingTerminator akka://worker@flamestream-benchmarks-worker-10:5412/system/remoting-terminator - Shutting down remote daemon.
11:51:56.439 [worker-akka.actor.default-dispatcher-17] INFO  a.r.RemoteActorRefProvider$RemotingTerminator akka://worker@flamestream-benchmarks-worker-10:5412/system/remoting-terminator - Remote daemon shut down; proceeding with flushing remote transports.
11:51:57.620 [worker-akka.actor.default-dispatcher-17] INFO  a.r.RemoteActorRefProvider$RemotingTerminator akka://worker@flamestream-benchmarks-worker-10:5412/system/remoting-terminator - Remoting shut down.
Heap
 def new generation   total 460800K, used 364840K [0x00000000a2400000, 0x00000000c1800000, 0x00000000c1800000)
  eden space 409600K,  89% used [0x00000000a2400000, 0x00000000b881ae68, 0x00000000bb400000)
  from space 51200K,   0% used [0x00000000bb400000, 0x00000000bb42f450, 0x00000000be600000)
  to   space 51200K,   0% used [0x00000000be600000, 0x00000000be600000, 0x00000000c1800000)
 tenured generation   total 1024000K, used 56741K [0x00000000c1800000, 0x0000000100000000, 0x0000000100000000)
   the space 1024000K,   5% used [0x00000000c1800000, 0x00000000c4f697d0, 0x00000000c4f69800, 0x0000000100000000)
 Metaspace       used 40764K, capacity 43564K, committed 43904K, reserved 1087488K
  class space    used 5343K, capacity 5663K, committed 5760K, reserved 1048576K
