20:17:24,791 |-INFO in ch.qos.logback.classic.LoggerContext[default] - Could NOT find resource [logback-test.xml]
20:17:24,791 |-INFO in ch.qos.logback.classic.LoggerContext[default] - Could NOT find resource [logback.groovy]
20:17:24,791 |-INFO in ch.qos.logback.classic.LoggerContext[default] - Found resource [logback.xml] at [jar:file:/root/flamestream/lib/flamestream-runtime-1.0-SNAPSHOT.jar!/logback.xml]
20:17:24,792 |-WARN in ch.qos.logback.classic.LoggerContext[default] - Resource [logback.xml] occurs multiple times on the classpath.
20:17:24,792 |-WARN in ch.qos.logback.classic.LoggerContext[default] - Resource [logback.xml] occurs at [jar:file:/root/flamestream/lib/flamestream-runtime-1.0-SNAPSHOT.jar!/logback.xml]
20:17:24,792 |-WARN in ch.qos.logback.classic.LoggerContext[default] - Resource [logback.xml] occurs at [jar:file:/root/flamestream/flamestream-runtime-1.0-SNAPSHOT.jar!/logback.xml]
20:17:24,811 |-INFO in ch.qos.logback.core.joran.spi.ConfigurationWatchList@3fb6a447 - URL [jar:file:/root/flamestream/lib/flamestream-runtime-1.0-SNAPSHOT.jar!/logback.xml] is not of type file
20:17:24,883 |-INFO in ch.qos.logback.classic.joran.action.ConfigurationAction - debug attribute not set
20:17:24,884 |-INFO in ch.qos.logback.core.joran.action.AppenderAction - About to instantiate appender of type [ch.qos.logback.core.ConsoleAppender]
20:17:24,902 |-INFO in ch.qos.logback.core.joran.action.AppenderAction - Naming appender as [STDOUT]
20:17:24,920 |-INFO in ch.qos.logback.core.joran.action.NestedComplexPropertyIA - Assuming default type [ch.qos.logback.classic.encoder.PatternLayoutEncoder] for [encoder] property
20:17:25,002 |-INFO in ch.qos.logback.core.joran.action.AppenderAction - About to instantiate appender of type [ch.qos.logback.core.rolling.RollingFileAppender]
20:17:25,008 |-INFO in ch.qos.logback.core.joran.action.AppenderAction - Naming appender as [FILE]
20:17:25,040 |-INFO in c.q.l.core.rolling.TimeBasedRollingPolicy@127618319 - No compression will be used
20:17:25,041 |-INFO in c.q.l.core.rolling.TimeBasedRollingPolicy@127618319 - Will use the pattern /tmp/application_%d{yyyy-MM-dd}.%i.log for the active file
20:17:25,044 |-INFO in ch.qos.logback.core.rolling.SizeAndTimeBasedFNATP@6b2fad11 - The date pattern is 'yyyy-MM-dd' from file name pattern '/tmp/application_%d{yyyy-MM-dd}.%i.log'.
20:17:25,044 |-INFO in ch.qos.logback.core.rolling.SizeAndTimeBasedFNATP@6b2fad11 - Roll-over at midnight.
20:17:25,049 |-INFO in ch.qos.logback.core.rolling.SizeAndTimeBasedFNATP@6b2fad11 - Setting initial period to Mon Jun 10 20:15:57 UTC 2019
20:17:25,049 |-WARN in ch.qos.logback.core.rolling.SizeAndTimeBasedFNATP@6b2fad11 - SizeAndTimeBasedFNATP is deprecated. Use SizeAndTimeBasedRollingPolicy instead
20:17:25,049 |-WARN in ch.qos.logback.core.rolling.SizeAndTimeBasedFNATP@6b2fad11 - For more information see http://logback.qos.ch/manual/appenders.html#SizeAndTimeBasedRollingPolicy
20:17:25,052 |-INFO in ch.qos.logback.core.joran.action.NestedComplexPropertyIA - Assuming default type [ch.qos.logback.classic.encoder.PatternLayoutEncoder] for [encoder] property
20:17:25,057 |-INFO in ch.qos.logback.core.rolling.RollingFileAppender[FILE] - Active log file name: /tmp/application.log
20:17:25,057 |-INFO in ch.qos.logback.core.rolling.RollingFileAppender[FILE] - File property is set to [/tmp/application.log]
20:17:25,058 |-INFO in ch.qos.logback.classic.joran.action.RootLoggerAction - Setting level of ROOT logger to WARN
20:17:25,058 |-INFO in ch.qos.logback.core.joran.action.AppenderRefAction - Attaching appender named [STDOUT] to Logger[ROOT]
20:17:25,060 |-INFO in ch.qos.logback.core.joran.action.AppenderRefAction - Attaching appender named [FILE] to Logger[ROOT]
20:17:25,060 |-INFO in ch.qos.logback.classic.joran.action.ConfigurationAction - End of configuration.
20:17:25,061 |-INFO in ch.qos.logback.classic.joran.JoranConfigurator@79698539 - Registering current configuration as safe fallback point

Ama winner
Ama winner
2019-06-10T20:17:26.322+0000: 1.714: [Full GC (Metadata GC Threshold) 2019-06-10T20:17:26.322+0000: 1.714: [Tenured: 0K->15208K(341376K), 0.0370291 secs] 114924K->15208K(494976K), [Metaspace: 20737K->20737K(1067008K)], 0.0371060 secs] [Times: user=0.04 sys=0.01, real=0.04 secs] 
20:17:43.828 [Curator-PathChildrenCache-1] WARN  o.a.c.u.ZKPaths  - The version of ZooKeeper being used doesn't support Container nodes. CreateMode.PERSISTENT will be used instead.
2019-06-10T20:17:46.053+0000: 21.445: [GC (Allocation Failure) 2019-06-10T20:17:46.053+0000: 21.445: [DefNew: 136576K->17023K(153600K), 0.0249011 secs] 151784K->52628K(494976K), 0.0249736 secs] [Times: user=0.02 sys=0.00, real=0.03 secs] 
2019-06-10T20:17:47.057+0000: 22.449: [Full GC (Metadata GC Threshold) 2019-06-10T20:17:47.057+0000: 22.449: [Tenured: 35604K->44122K(341376K), 0.0387568 secs] 76933K->44122K(494976K), [Metaspace: 34559K->34559K(1079296K)], 0.0388293 secs] [Times: user=0.04 sys=0.00, real=0.04 secs] 
2019-06-10T20:17:53.741+0000: 29.133: [GC (Allocation Failure) 2019-06-10T20:17:53.741+0000: 29.133: [DefNew: 136576K->102K(153600K), 0.0018471 secs] 180698K->44224K(494976K), 0.0019070 secs] [Times: user=0.00 sys=0.00, real=0.00 secs] 
2019-06-10T20:18:00.444+0000: 35.836: [GC (Allocation Failure) 2019-06-10T20:18:00.444+0000: 35.836: [DefNew: 136678K->168K(153600K), 0.0017440 secs] 180800K->44291K(494976K), 0.0018159 secs] [Times: user=0.01 sys=0.00, real=0.00 secs] 
2019-06-10T20:18:07.227+0000: 42.619: [GC (Allocation Failure) 2019-06-10T20:18:07.227+0000: 42.619: [DefNew: 136744K->165K(153600K), 0.0017671 secs] 180867K->44288K(494976K), 0.0018297 secs] [Times: user=0.01 sys=0.00, real=0.00 secs] 
2019-06-10T20:18:14.063+0000: 49.455: [GC (Allocation Failure) 2019-06-10T20:18:14.063+0000: 49.455: [DefNew: 136741K->172K(153600K), 0.0018019 secs] 180864K->44294K(494976K), 0.0018629 secs] [Times: user=0.00 sys=0.00, real=0.00 secs] 
2019-06-10T20:18:20.872+0000: 56.264: [GC (Allocation Failure) 2019-06-10T20:18:20.872+0000: 56.264: [DefNew: 136748K->169K(153600K), 0.0018317 secs] 180870K->44291K(494976K), 0.0018911 secs] [Times: user=0.00 sys=0.00, real=0.00 secs] 
20:18:30.108 [Curator-PathChildrenCache-0] ERROR o.a.c.f.r.c.PathChildrenCache  - 
java.lang.IllegalStateException: instance must be started before calling this method
	at org.apache.curator.shaded.com.google.common.base.Preconditions.checkState(Preconditions.java:444)
	at org.apache.curator.framework.imps.CuratorFrameworkImpl.getChildren(CuratorFrameworkImpl.java:456)
	at org.apache.curator.framework.recipes.cache.PathChildrenCache.refresh(PathChildrenCache.java:521)
	at org.apache.curator.framework.recipes.cache.RefreshOperation.invoke(RefreshOperation.java:35)
	at org.apache.curator.framework.recipes.cache.PathChildrenCache$9.run(PathChildrenCache.java:786)
	at java.util.concurrent.Executors$RunnableAdapter.call(Executors.java:511)
	at java.util.concurrent.FutureTask.run(FutureTask.java:266)
	at java.util.concurrent.Executors$RunnableAdapter.call(Executors.java:511)
	at java.util.concurrent.FutureTask.run(FutureTask.java:266)
	at java.util.concurrent.ThreadPoolExecutor.runWorker(ThreadPoolExecutor.java:1149)
	at java.util.concurrent.ThreadPoolExecutor$Worker.run(ThreadPoolExecutor.java:624)
	at java.lang.Thread.run(Thread.java:748)
Heap
 def new generation   total 153600K, used 96739K [0x00000000e0c00000, 0x00000000eb2a0000, 0x00000000eb2a0000)
  eden space 136576K,  70% used [0x00000000e0c00000, 0x00000000e6a4e828, 0x00000000e9160000)
  from space 17024K,   0% used [0x00000000e9160000, 0x00000000e918a4c8, 0x00000000ea200000)
  to   space 17024K,   0% used [0x00000000ea200000, 0x00000000ea200000, 0x00000000eb2a0000)
 tenured generation   total 341376K, used 44122K [0x00000000eb2a0000, 0x0000000100000000, 0x0000000100000000)
   the space 341376K,  12% used [0x00000000eb2a0000, 0x00000000eddb6a58, 0x00000000eddb6c00, 0x0000000100000000)
 Metaspace       used 36227K, capacity 37140K, committed 37376K, reserved 1081344K
  class space    used 4876K, capacity 5088K, committed 5120K, reserved 1048576K
