16:37:33,960 |-INFO in ch.qos.logback.classic.LoggerContext[default] - Could NOT find resource [logback-test.xml]
16:37:33,960 |-INFO in ch.qos.logback.classic.LoggerContext[default] - Could NOT find resource [logback.groovy]
16:37:33,961 |-INFO in ch.qos.logback.classic.LoggerContext[default] - Found resource [logback.xml] at [jar:file:/home/nikitasokolov/flamestream/lib/flamestream-runtime-1.0-SNAPSHOT.jar!/logback.xml]
16:37:33,961 |-WARN in ch.qos.logback.classic.LoggerContext[default] - Resource [logback.xml] occurs multiple times on the classpath.
16:37:33,961 |-WARN in ch.qos.logback.classic.LoggerContext[default] - Resource [logback.xml] occurs at [jar:file:/home/nikitasokolov/flamestream/lib/flamestream-runtime-1.0-SNAPSHOT.jar!/logback.xml]
16:37:33,961 |-WARN in ch.qos.logback.classic.LoggerContext[default] - Resource [logback.xml] occurs at [jar:file:/home/nikitasokolov/flamestream/flamestream-runtime-1.0-SNAPSHOT.jar!/logback.xml]
16:37:33,978 |-INFO in ch.qos.logback.core.joran.spi.ConfigurationWatchList@6108b2d7 - URL [jar:file:/home/nikitasokolov/flamestream/lib/flamestream-runtime-1.0-SNAPSHOT.jar!/logback.xml] is not of type file
16:37:34,028 |-INFO in ch.qos.logback.classic.joran.action.ConfigurationAction - debug attribute not set
16:37:34,029 |-INFO in ch.qos.logback.core.joran.action.AppenderAction - About to instantiate appender of type [ch.qos.logback.core.ConsoleAppender]
16:37:34,037 |-INFO in ch.qos.logback.core.joran.action.AppenderAction - Naming appender as [STDOUT]
16:37:34,045 |-INFO in ch.qos.logback.core.joran.action.NestedComplexPropertyIA - Assuming default type [ch.qos.logback.classic.encoder.PatternLayoutEncoder] for [encoder] property
16:37:34,103 |-INFO in ch.qos.logback.core.joran.action.AppenderAction - About to instantiate appender of type [ch.qos.logback.core.rolling.RollingFileAppender]
16:37:34,109 |-INFO in ch.qos.logback.core.joran.action.AppenderAction - Naming appender as [FILE]
16:37:34,131 |-INFO in c.q.l.core.rolling.TimeBasedRollingPolicy@357863579 - No compression will be used
16:37:34,132 |-INFO in c.q.l.core.rolling.TimeBasedRollingPolicy@357863579 - Will use the pattern /tmp/application_%d{yyyy-MM-dd}.%i.log for the active file
16:37:34,135 |-INFO in ch.qos.logback.core.rolling.SizeAndTimeBasedFNATP@6bf256fa - The date pattern is 'yyyy-MM-dd' from file name pattern '/tmp/application_%d{yyyy-MM-dd}.%i.log'.
16:37:34,135 |-INFO in ch.qos.logback.core.rolling.SizeAndTimeBasedFNATP@6bf256fa - Roll-over at midnight.
16:37:34,139 |-INFO in ch.qos.logback.core.rolling.SizeAndTimeBasedFNATP@6bf256fa - Setting initial period to Sun Jun 09 16:36:48 MSK 2019
16:37:34,139 |-WARN in ch.qos.logback.core.rolling.SizeAndTimeBasedFNATP@6bf256fa - SizeAndTimeBasedFNATP is deprecated. Use SizeAndTimeBasedRollingPolicy instead
16:37:34,139 |-WARN in ch.qos.logback.core.rolling.SizeAndTimeBasedFNATP@6bf256fa - For more information see http://logback.qos.ch/manual/appenders.html#SizeAndTimeBasedRollingPolicy
16:37:34,144 |-INFO in ch.qos.logback.core.joran.action.NestedComplexPropertyIA - Assuming default type [ch.qos.logback.classic.encoder.PatternLayoutEncoder] for [encoder] property
16:37:34,146 |-INFO in ch.qos.logback.core.rolling.RollingFileAppender[FILE] - Active log file name: /tmp/application.log
16:37:34,146 |-INFO in ch.qos.logback.core.rolling.RollingFileAppender[FILE] - File property is set to [/tmp/application.log]
16:37:34,147 |-INFO in ch.qos.logback.classic.joran.action.RootLoggerAction - Setting level of ROOT logger to WARN
16:37:34,147 |-INFO in ch.qos.logback.core.joran.action.AppenderRefAction - Attaching appender named [STDOUT] to Logger[ROOT]
16:37:34,148 |-INFO in ch.qos.logback.core.joran.action.AppenderRefAction - Attaching appender named [FILE] to Logger[ROOT]
16:37:34,148 |-INFO in ch.qos.logback.classic.joran.action.ConfigurationAction - End of configuration.
16:37:34,149 |-INFO in ch.qos.logback.classic.joran.JoranConfigurator@6cd8737 - Registering current configuration as safe fallback point

2019-06-09T16:37:35.117+0300: 1.363: [GC (Metadata GC Threshold) [PSYoungGen: 110722K->15903K(149504K)] 110722K->15983K(491008K), 0.0188175 secs] [Times: user=0.07 sys=0.02, real=0.02 secs] 
2019-06-09T16:37:35.136+0300: 1.382: [Full GC (Metadata GC Threshold) [PSYoungGen: 15903K->0K(149504K)] [ParOldGen: 80K->15078K(341504K)] 15983K->15078K(491008K), [Metaspace: 20802K->20802K(1067008K)], 0.0250949 secs] [Times: user=0.16 sys=0.01, real=0.03 secs] 
16:37:47.362 [Curator-PathChildrenCache-1] WARN  o.a.c.u.ZKPaths  - The version of ZooKeeper being used doesn't support Container nodes. CreateMode.PERSISTENT will be used instead.
2019-06-09T16:37:48.448+0300: 14.694: [GC (Metadata GC Threshold) [PSYoungGen: 125545K->15627K(149504K)] 140623K->50245K(491008K), 0.0366299 secs] [Times: user=0.28 sys=0.02, real=0.04 secs] 
2019-06-09T16:37:48.485+0300: 14.731: [Full GC (Metadata GC Threshold) [PSYoungGen: 15627K->0K(149504K)] [ParOldGen: 34617K->38814K(341504K)] 50245K->38814K(491008K), [Metaspace: 34542K->34542K(1079296K)], 0.0621261 secs] [Times: user=0.26 sys=0.04, real=0.06 secs] 
2019-06-09T16:37:51.259+0300: 17.505: [GC (Allocation Failure) [PSYoungGen: 128512K->320K(149504K)] 167326K->39142K(491008K), 0.0043472 secs] [Times: user=0.02 sys=0.00, real=0.00 secs] 
2019-06-09T16:37:54.529+0300: 20.775: [GC (Allocation Failure) [PSYoungGen: 128832K->512K(149504K)] 167654K->39342K(491008K), 0.0047754 secs] [Times: user=0.03 sys=0.00, real=0.01 secs] 
2019-06-09T16:37:57.859+0300: 24.105: [GC (Allocation Failure) [PSYoungGen: 129024K->512K(129536K)] 167854K->39350K(471040K), 0.0033888 secs] [Times: user=0.01 sys=0.00, real=0.00 secs] 
2019-06-09T16:38:01.190+0300: 27.436: [GC (Allocation Failure) [PSYoungGen: 129024K->416K(150016K)] 167862K->39262K(491520K), 0.0023516 secs] [Times: user=0.01 sys=0.01, real=0.00 secs] 
2019-06-09T16:38:04.553+0300: 30.799: [GC (Allocation Failure) [PSYoungGen: 128928K->448K(148992K)] 167774K->39294K(490496K), 0.0043835 secs] [Times: user=0.03 sys=0.00, real=0.00 secs] 
2019-06-09T16:38:07.905+0300: 34.151: [GC (Allocation Failure) [PSYoungGen: 128960K->480K(151552K)] 167806K->39334K(493056K), 0.0039802 secs] [Times: user=0.01 sys=0.01, real=0.00 secs] 
16:38:13.696 [Curator-PathChildrenCache-0] ERROR o.a.c.f.r.c.PathChildrenCache  - 
java.lang.IllegalStateException: instance must be started before calling this method
	at org.apache.curator.shaded.com.google.common.base.Preconditions.checkState(Preconditions.java:444)
	at org.apache.curator.framework.imps.CuratorFrameworkImpl.getChildren(CuratorFrameworkImpl.java:456)
	at org.apache.curator.framework.recipes.cache.PathChildrenCache.refresh(PathChildrenCache.java:521)
	at org.apache.curator.framework.recipes.cache.RefreshOperation.invoke(RefreshOperation.java:35)
	at org.apache.curator.framework.recipes.cache.PathChildrenCache$9.run(PathChildrenCache.java:786)
	at java.util.concurrent.Executors$RunnableAdapter.call(Executors.java:511)
	at java.util.concurrent.FutureTask.run(FutureTask.java:266)
	at java.util.concurrent.Executors$RunnableAdapter.call(Executors.java:511)
	at java.util.concurrent.FutureTask.run(FutureTask.java:266)
	at java.util.concurrent.ThreadPoolExecutor.runWorker(ThreadPoolExecutor.java:1149)
	at java.util.concurrent.ThreadPoolExecutor$Worker.run(ThreadPoolExecutor.java:624)
	at java.lang.Thread.run(Thread.java:748)
Heap
 PSYoungGen      total 151552K, used 33131K [0x00000000f5980000, 0x0000000100000000, 0x0000000100000000)
  eden space 132096K, 24% used [0x00000000f5980000,0x00000000f7962e50,0x00000000fda80000)
  from space 19456K, 2% used [0x00000000fed00000,0x00000000fed78040,0x0000000100000000)
  to   space 18944K, 0% used [0x00000000fda80000,0x00000000fda80000,0x00000000fed00000)
 ParOldGen       total 341504K, used 38854K [0x00000000e0c00000, 0x00000000f5980000, 0x00000000f5980000)
  object space 341504K, 11% used [0x00000000e0c00000,0x00000000e31f1a98,0x00000000f5980000)
 Metaspace       used 35619K, capacity 36478K, committed 36696K, reserved 1081344K
  class space    used 4936K, capacity 5129K, committed 5248K, reserved 1048576K
