18:58:00,580 |-INFO in ch.qos.logback.classic.LoggerContext[default] - Could NOT find resource [logback-test.xml]
18:58:00,580 |-INFO in ch.qos.logback.classic.LoggerContext[default] - Could NOT find resource [logback.groovy]
18:58:00,580 |-INFO in ch.qos.logback.classic.LoggerContext[default] - Found resource [logback.xml] at [jar:file:/root/flamestream/lib/flamestream-runtime-1.0-SNAPSHOT.jar!/logback.xml]
18:58:00,581 |-WARN in ch.qos.logback.classic.LoggerContext[default] - Resource [logback.xml] occurs multiple times on the classpath.
18:58:00,581 |-WARN in ch.qos.logback.classic.LoggerContext[default] - Resource [logback.xml] occurs at [jar:file:/root/flamestream/lib/flamestream-runtime-1.0-SNAPSHOT.jar!/logback.xml]
18:58:00,581 |-WARN in ch.qos.logback.classic.LoggerContext[default] - Resource [logback.xml] occurs at [jar:file:/root/flamestream/flamestream-runtime-1.0-SNAPSHOT.jar!/logback.xml]
18:58:00,600 |-INFO in ch.qos.logback.core.joran.spi.ConfigurationWatchList@3fb6a447 - URL [jar:file:/root/flamestream/lib/flamestream-runtime-1.0-SNAPSHOT.jar!/logback.xml] is not of type file
18:58:00,665 |-INFO in ch.qos.logback.classic.joran.action.ConfigurationAction - debug attribute not set
18:58:00,666 |-INFO in ch.qos.logback.core.joran.action.AppenderAction - About to instantiate appender of type [ch.qos.logback.core.ConsoleAppender]
18:58:00,682 |-INFO in ch.qos.logback.core.joran.action.AppenderAction - Naming appender as [STDOUT]
18:58:00,700 |-INFO in ch.qos.logback.core.joran.action.NestedComplexPropertyIA - Assuming default type [ch.qos.logback.classic.encoder.PatternLayoutEncoder] for [encoder] property
18:58:00,792 |-INFO in ch.qos.logback.core.joran.action.AppenderAction - About to instantiate appender of type [ch.qos.logback.core.rolling.RollingFileAppender]
18:58:00,803 |-INFO in ch.qos.logback.core.joran.action.AppenderAction - Naming appender as [FILE]
18:58:00,829 |-INFO in c.q.l.core.rolling.TimeBasedRollingPolicy@127618319 - No compression will be used
18:58:00,830 |-INFO in c.q.l.core.rolling.TimeBasedRollingPolicy@127618319 - Will use the pattern /tmp/application_%d{yyyy-MM-dd}.%i.log for the active file
18:58:00,833 |-INFO in ch.qos.logback.core.rolling.SizeAndTimeBasedFNATP@6b2fad11 - The date pattern is 'yyyy-MM-dd' from file name pattern '/tmp/application_%d{yyyy-MM-dd}.%i.log'.
18:58:00,833 |-INFO in ch.qos.logback.core.rolling.SizeAndTimeBasedFNATP@6b2fad11 - Roll-over at midnight.
18:58:00,839 |-INFO in ch.qos.logback.core.rolling.SizeAndTimeBasedFNATP@6b2fad11 - Setting initial period to Mon Jun 10 18:56:31 UTC 2019
18:58:00,839 |-WARN in ch.qos.logback.core.rolling.SizeAndTimeBasedFNATP@6b2fad11 - SizeAndTimeBasedFNATP is deprecated. Use SizeAndTimeBasedRollingPolicy instead
18:58:00,839 |-WARN in ch.qos.logback.core.rolling.SizeAndTimeBasedFNATP@6b2fad11 - For more information see http://logback.qos.ch/manual/appenders.html#SizeAndTimeBasedRollingPolicy
18:58:00,843 |-INFO in ch.qos.logback.core.joran.action.NestedComplexPropertyIA - Assuming default type [ch.qos.logback.classic.encoder.PatternLayoutEncoder] for [encoder] property
18:58:00,848 |-INFO in ch.qos.logback.core.rolling.RollingFileAppender[FILE] - Active log file name: /tmp/application.log
18:58:00,848 |-INFO in ch.qos.logback.core.rolling.RollingFileAppender[FILE] - File property is set to [/tmp/application.log]
18:58:00,849 |-INFO in ch.qos.logback.classic.joran.action.RootLoggerAction - Setting level of ROOT logger to WARN
18:58:00,849 |-INFO in ch.qos.logback.core.joran.action.AppenderRefAction - Attaching appender named [STDOUT] to Logger[ROOT]
18:58:00,851 |-INFO in ch.qos.logback.core.joran.action.AppenderRefAction - Attaching appender named [FILE] to Logger[ROOT]
18:58:00,851 |-INFO in ch.qos.logback.classic.joran.action.ConfigurationAction - End of configuration.
18:58:00,852 |-INFO in ch.qos.logback.classic.joran.JoranConfigurator@79698539 - Registering current configuration as safe fallback point

Ama winner
Ama winner
2019-06-10T18:58:02.194+0000: 1.798: [Full GC (Metadata GC Threshold) 2019-06-10T18:58:02.194+0000: 1.798: [Tenured: 0K->15242K(341376K), 0.0413844 secs] 114986K->15242K(494976K), [Metaspace: 20741K->20741K(1067008K)], 0.0414533 secs] [Times: user=0.04 sys=0.00, real=0.05 secs] 
18:58:24.677 [Curator-PathChildrenCache-1] WARN  o.a.c.u.ZKPaths  - The version of ZooKeeper being used doesn't support Container nodes. CreateMode.PERSISTENT will be used instead.
2019-06-10T18:58:27.031+0000: 26.636: [GC (Allocation Failure) 2019-06-10T18:58:27.031+0000: 26.636: [DefNew: 136576K->17023K(153600K), 0.0261972 secs] 151818K->52750K(494976K), 0.0262707 secs] [Times: user=0.02 sys=0.01, real=0.03 secs] 
2019-06-10T18:58:29.268+0000: 28.873: [Full GC (Metadata GC Threshold) 2019-06-10T18:58:29.268+0000: 28.873: [Tenured: 35726K->44339K(341376K), 0.0905268 secs] 105170K->44339K(494976K), [Metaspace: 34566K->34566K(1079296K)], 0.0906014 secs] [Times: user=0.09 sys=0.00, real=0.09 secs] 
2019-06-10T18:58:35.336+0000: 34.940: [GC (Allocation Failure) 2019-06-10T18:58:35.336+0000: 34.940: [DefNew: 136576K->98K(153600K), 0.0017918 secs] 180915K->44437K(494976K), 0.0018552 secs] [Times: user=0.01 sys=0.00, real=0.00 secs] 
2019-06-10T18:58:41.498+0000: 41.103: [GC (Allocation Failure) 2019-06-10T18:58:41.498+0000: 41.103: [DefNew: 136674K->124K(153600K), 0.0017323 secs] 181013K->44463K(494976K), 0.0017886 secs] [Times: user=0.00 sys=0.00, real=0.00 secs] 
2019-06-10T18:58:47.698+0000: 47.302: [GC (Allocation Failure) 2019-06-10T18:58:47.698+0000: 47.303: [DefNew: 136700K->160K(153600K), 0.0017671 secs] 181039K->44499K(494976K), 0.0018267 secs] [Times: user=0.00 sys=0.00, real=0.00 secs] 
2019-06-10T18:58:53.922+0000: 53.527: [GC (Allocation Failure) 2019-06-10T18:58:53.922+0000: 53.527: [DefNew: 136736K->160K(153600K), 0.0018003 secs] 181075K->44499K(494976K), 0.0018585 secs] [Times: user=0.00 sys=0.00, real=0.00 secs] 
2019-06-10T18:59:02.137+0000: 61.742: [GC (Allocation Failure) 2019-06-10T18:59:02.137+0000: 61.742: [DefNew: 136736K->159K(153600K), 0.0018957 secs] 181075K->44498K(494976K), 0.0019581 secs] [Times: user=0.01 sys=0.00, real=0.00 secs] 
18:59:05.874 [Curator-PathChildrenCache-0] ERROR o.a.c.f.r.c.PathChildrenCache  - 
java.lang.IllegalStateException: instance must be started before calling this method
	at org.apache.curator.shaded.com.google.common.base.Preconditions.checkState(Preconditions.java:444)
	at org.apache.curator.framework.imps.CuratorFrameworkImpl.getChildren(CuratorFrameworkImpl.java:456)
	at org.apache.curator.framework.recipes.cache.PathChildrenCache.refresh(PathChildrenCache.java:521)
	at org.apache.curator.framework.recipes.cache.RefreshOperation.invoke(RefreshOperation.java:35)
	at org.apache.curator.framework.recipes.cache.PathChildrenCache$9.run(PathChildrenCache.java:786)
	at java.util.concurrent.Executors$RunnableAdapter.call(Executors.java:511)
	at java.util.concurrent.FutureTask.run(FutureTask.java:266)
	at java.util.concurrent.Executors$RunnableAdapter.call(Executors.java:511)
	at java.util.concurrent.FutureTask.run(FutureTask.java:266)
	at java.util.concurrent.ThreadPoolExecutor.runWorker(ThreadPoolExecutor.java:1149)
	at java.util.concurrent.ThreadPoolExecutor$Worker.run(ThreadPoolExecutor.java:624)
	at java.lang.Thread.run(Thread.java:748)
Heap
 def new generation   total 153600K, used 41526K [0x00000000e0c00000, 0x00000000eb2a0000, 0x00000000eb2a0000)
  eden space 136576K,  30% used [0x00000000e0c00000, 0x00000000e3465b08, 0x00000000e9160000)
  from space 17024K,   0% used [0x00000000e9160000, 0x00000000e9187df0, 0x00000000ea200000)
  to   space 17024K,   0% used [0x00000000ea200000, 0x00000000ea200000, 0x00000000eb2a0000)
 tenured generation   total 341376K, used 44339K [0x00000000eb2a0000, 0x0000000100000000, 0x0000000100000000)
   the space 341376K,  12% used [0x00000000eb2a0000, 0x00000000eddecd10, 0x00000000eddece00, 0x0000000100000000)
 Metaspace       used 36131K, capacity 37064K, committed 37376K, reserved 1081344K
  class space    used 4862K, capacity 5086K, committed 5120K, reserved 1048576K
