13:30:59,062 |-INFO in ch.qos.logback.classic.LoggerContext[default] - Could NOT find resource [logback-test.xml]
13:30:59,062 |-INFO in ch.qos.logback.classic.LoggerContext[default] - Could NOT find resource [logback.groovy]
13:30:59,063 |-INFO in ch.qos.logback.classic.LoggerContext[default] - Found resource [logback.xml] at [jar:file:/root/flamestream/lib/flamestream-runtime-1.0-SNAPSHOT.jar!/logback.xml]
13:30:59,063 |-WARN in ch.qos.logback.classic.LoggerContext[default] - Resource [logback.xml] occurs multiple times on the classpath.
13:30:59,064 |-WARN in ch.qos.logback.classic.LoggerContext[default] - Resource [logback.xml] occurs at [jar:file:/root/flamestream/lib/flamestream-runtime-1.0-SNAPSHOT.jar!/logback.xml]
13:30:59,064 |-WARN in ch.qos.logback.classic.LoggerContext[default] - Resource [logback.xml] occurs at [jar:file:/root/flamestream/flamestream-runtime-1.0-SNAPSHOT.jar!/logback.xml]
13:30:59,082 |-INFO in ch.qos.logback.core.joran.spi.ConfigurationWatchList@3fb6a447 - URL [jar:file:/root/flamestream/lib/flamestream-runtime-1.0-SNAPSHOT.jar!/logback.xml] is not of type file
13:30:59,155 |-INFO in ch.qos.logback.classic.joran.action.ConfigurationAction - debug attribute not set
13:30:59,155 |-INFO in ch.qos.logback.core.joran.action.AppenderAction - About to instantiate appender of type [ch.qos.logback.core.ConsoleAppender]
13:30:59,170 |-INFO in ch.qos.logback.core.joran.action.AppenderAction - Naming appender as [STDOUT]
13:30:59,186 |-INFO in ch.qos.logback.core.joran.action.NestedComplexPropertyIA - Assuming default type [ch.qos.logback.classic.encoder.PatternLayoutEncoder] for [encoder] property
13:30:59,274 |-INFO in ch.qos.logback.core.joran.action.AppenderAction - About to instantiate appender of type [ch.qos.logback.core.rolling.RollingFileAppender]
13:30:59,280 |-INFO in ch.qos.logback.core.joran.action.AppenderAction - Naming appender as [FILE]
13:30:59,312 |-INFO in c.q.l.core.rolling.TimeBasedRollingPolicy@127618319 - No compression will be used
13:30:59,313 |-INFO in c.q.l.core.rolling.TimeBasedRollingPolicy@127618319 - Will use the pattern /tmp/application_%d{yyyy-MM-dd}.%i.log for the active file
13:30:59,316 |-INFO in ch.qos.logback.core.rolling.SizeAndTimeBasedFNATP@6b2fad11 - The date pattern is 'yyyy-MM-dd' from file name pattern '/tmp/application_%d{yyyy-MM-dd}.%i.log'.
13:30:59,316 |-INFO in ch.qos.logback.core.rolling.SizeAndTimeBasedFNATP@6b2fad11 - Roll-over at midnight.
13:30:59,322 |-INFO in ch.qos.logback.core.rolling.SizeAndTimeBasedFNATP@6b2fad11 - Setting initial period to Mon Jun 10 13:29:42 UTC 2019
13:30:59,322 |-WARN in ch.qos.logback.core.rolling.SizeAndTimeBasedFNATP@6b2fad11 - SizeAndTimeBasedFNATP is deprecated. Use SizeAndTimeBasedRollingPolicy instead
13:30:59,322 |-WARN in ch.qos.logback.core.rolling.SizeAndTimeBasedFNATP@6b2fad11 - For more information see http://logback.qos.ch/manual/appenders.html#SizeAndTimeBasedRollingPolicy
13:30:59,325 |-INFO in ch.qos.logback.core.joran.action.NestedComplexPropertyIA - Assuming default type [ch.qos.logback.classic.encoder.PatternLayoutEncoder] for [encoder] property
13:30:59,330 |-INFO in ch.qos.logback.core.rolling.RollingFileAppender[FILE] - Active log file name: /tmp/application.log
13:30:59,330 |-INFO in ch.qos.logback.core.rolling.RollingFileAppender[FILE] - File property is set to [/tmp/application.log]
13:30:59,331 |-INFO in ch.qos.logback.classic.joran.action.RootLoggerAction - Setting level of ROOT logger to WARN
13:30:59,331 |-INFO in ch.qos.logback.core.joran.action.AppenderRefAction - Attaching appender named [STDOUT] to Logger[ROOT]
13:30:59,333 |-INFO in ch.qos.logback.core.joran.action.AppenderRefAction - Attaching appender named [FILE] to Logger[ROOT]
13:30:59,333 |-INFO in ch.qos.logback.classic.joran.action.ConfigurationAction - End of configuration.
13:30:59,334 |-INFO in ch.qos.logback.classic.joran.JoranConfigurator@79698539 - Registering current configuration as safe fallback point

Ama winner
Ama winner
2019-06-10T13:31:00.620+0000: 1.747: [Full GC (Metadata GC Threshold) 2019-06-10T13:31:00.620+0000: 1.747: [Tenured: 0K->15241K(341376K), 0.0398707 secs] 117751K->15241K(494976K), [Metaspace: 20731K->20731K(1067008K)], 0.0399387 secs] [Times: user=0.04 sys=0.01, real=0.04 secs] 
13:31:12.537 [Curator-PathChildrenCache-1] WARN  o.a.c.u.ZKPaths  - The version of ZooKeeper being used doesn't support Container nodes. CreateMode.PERSISTENT will be used instead.
2019-06-10T13:31:15.047+0000: 16.174: [GC (Allocation Failure) 2019-06-10T13:31:15.047+0000: 16.174: [DefNew: 136576K->17023K(153600K), 0.0284198 secs] 151817K->52883K(494976K), 0.0285037 secs] [Times: user=0.02 sys=0.00, real=0.03 secs] 
2019-06-10T13:31:15.804+0000: 16.931: [Full GC (Metadata GC Threshold) 2019-06-10T13:31:15.804+0000: 16.931: [Tenured: 35859K->44630K(341376K), 0.0395330 secs] 77879K->44630K(494976K), [Metaspace: 34616K->34616K(1079296K)], 0.0396117 secs] [Times: user=0.03 sys=0.00, real=0.04 secs] 
2019-06-10T13:31:22.085+0000: 23.212: [GC (Allocation Failure) 2019-06-10T13:31:22.085+0000: 23.212: [DefNew: 136576K->104K(153600K), 0.0018913 secs] 181206K->44735K(494976K), 0.0019532 secs] [Times: user=0.00 sys=0.00, real=0.00 secs] 
2019-06-10T13:31:28.380+0000: 29.507: [GC (Allocation Failure) 2019-06-10T13:31:28.380+0000: 29.507: [DefNew: 136680K->102K(153600K), 0.0017855 secs] 181311K->44732K(494976K), 0.0018439 secs] [Times: user=0.00 sys=0.00, real=0.00 secs] 
2019-06-10T13:31:34.567+0000: 35.694: [GC (Allocation Failure) 2019-06-10T13:31:34.567+0000: 35.694: [DefNew: 136678K->168K(153600K), 0.0018127 secs] 181308K->44798K(494976K), 0.0018916 secs] [Times: user=0.01 sys=0.00, real=0.00 secs] 
2019-06-10T13:31:40.794+0000: 41.921: [GC (Allocation Failure) 2019-06-10T13:31:40.794+0000: 41.921: [DefNew: 136744K->166K(153600K), 0.0017927 secs] 181374K->44796K(494976K), 0.0018554 secs] [Times: user=0.00 sys=0.00, real=0.00 secs] 
2019-06-10T13:31:47.082+0000: 48.209: [GC (Allocation Failure) 2019-06-10T13:31:47.082+0000: 48.209: [DefNew: 136742K->169K(153600K), 0.0018803 secs] 181372K->44799K(494976K), 0.0019396 secs] [Times: user=0.00 sys=0.00, real=0.01 secs] 
13:31:53.874 [Curator-PathChildrenCache-0] ERROR o.a.c.f.r.c.PathChildrenCache  - 
java.lang.IllegalStateException: instance must be started before calling this method
	at org.apache.curator.shaded.com.google.common.base.Preconditions.checkState(Preconditions.java:444)
	at org.apache.curator.framework.imps.CuratorFrameworkImpl.getChildren(CuratorFrameworkImpl.java:456)
	at org.apache.curator.framework.recipes.cache.PathChildrenCache.refresh(PathChildrenCache.java:521)
	at org.apache.curator.framework.recipes.cache.RefreshOperation.invoke(RefreshOperation.java:35)
	at org.apache.curator.framework.recipes.cache.PathChildrenCache$9.run(PathChildrenCache.java:786)
	at java.util.concurrent.Executors$RunnableAdapter.call(Executors.java:511)
	at java.util.concurrent.FutureTask.run(FutureTask.java:266)
	at java.util.concurrent.Executors$RunnableAdapter.call(Executors.java:511)
	at java.util.concurrent.FutureTask.run(FutureTask.java:266)
	at java.util.concurrent.ThreadPoolExecutor.runWorker(ThreadPoolExecutor.java:1149)
	at java.util.concurrent.ThreadPoolExecutor$Worker.run(ThreadPoolExecutor.java:624)
	at java.lang.Thread.run(Thread.java:748)
Heap
 def new generation   total 153600K, used 57178K [0x00000000e0c00000, 0x00000000eb2a0000, 0x00000000eb2a0000)
  eden space 136576K,  41% used [0x00000000e0c00000, 0x00000000e43ac5f8, 0x00000000e9160000)
  from space 17024K,   0% used [0x00000000e9160000, 0x00000000e918a420, 0x00000000ea200000)
  to   space 17024K,   0% used [0x00000000ea200000, 0x00000000ea200000, 0x00000000eb2a0000)
 tenured generation   total 341376K, used 44630K [0x00000000eb2a0000, 0x0000000100000000, 0x0000000100000000)
   the space 341376K,  13% used [0x00000000eb2a0000, 0x00000000ede358a0, 0x00000000ede35a00, 0x0000000100000000)
 Metaspace       used 35813K, capacity 36786K, committed 37120K, reserved 1081344K
  class space    used 4831K, capacity 5055K, committed 5120K, reserved 1048576K
