06:01:13,154 |-INFO in ch.qos.logback.classic.LoggerContext[default] - Could NOT find resource [logback-test.xml]
06:01:13,154 |-INFO in ch.qos.logback.classic.LoggerContext[default] - Could NOT find resource [logback.groovy]
06:01:13,154 |-INFO in ch.qos.logback.classic.LoggerContext[default] - Found resource [logback.xml] at [jar:file:/home/nikitasokolov/flamestream/lib/flamestream-runtime-1.0-SNAPSHOT.jar!/logback.xml]
06:01:13,155 |-WARN in ch.qos.logback.classic.LoggerContext[default] - Resource [logback.xml] occurs multiple times on the classpath.
06:01:13,155 |-WARN in ch.qos.logback.classic.LoggerContext[default] - Resource [logback.xml] occurs at [jar:file:/home/nikitasokolov/flamestream/lib/flamestream-runtime-1.0-SNAPSHOT.jar!/logback.xml]
06:01:13,155 |-WARN in ch.qos.logback.classic.LoggerContext[default] - Resource [logback.xml] occurs at [jar:file:/home/nikitasokolov/flamestream/flamestream-runtime-1.0-SNAPSHOT.jar!/logback.xml]
06:01:13,170 |-INFO in ch.qos.logback.core.joran.spi.ConfigurationWatchList@6108b2d7 - URL [jar:file:/home/nikitasokolov/flamestream/lib/flamestream-runtime-1.0-SNAPSHOT.jar!/logback.xml] is not of type file
06:01:13,219 |-INFO in ch.qos.logback.classic.joran.action.ConfigurationAction - debug attribute not set
06:01:13,220 |-INFO in ch.qos.logback.core.joran.action.AppenderAction - About to instantiate appender of type [ch.qos.logback.core.ConsoleAppender]
06:01:13,227 |-INFO in ch.qos.logback.core.joran.action.AppenderAction - Naming appender as [STDOUT]
06:01:13,235 |-INFO in ch.qos.logback.core.joran.action.NestedComplexPropertyIA - Assuming default type [ch.qos.logback.classic.encoder.PatternLayoutEncoder] for [encoder] property
06:01:13,288 |-INFO in ch.qos.logback.core.joran.action.AppenderAction - About to instantiate appender of type [ch.qos.logback.core.rolling.RollingFileAppender]
06:01:13,293 |-INFO in ch.qos.logback.core.joran.action.AppenderAction - Naming appender as [FILE]
06:01:13,317 |-INFO in c.q.l.core.rolling.TimeBasedRollingPolicy@357863579 - No compression will be used
06:01:13,319 |-INFO in c.q.l.core.rolling.TimeBasedRollingPolicy@357863579 - Will use the pattern /tmp/application_%d{yyyy-MM-dd}.%i.log for the active file
06:01:13,323 |-INFO in ch.qos.logback.core.rolling.SizeAndTimeBasedFNATP@6bf256fa - The date pattern is 'yyyy-MM-dd' from file name pattern '/tmp/application_%d{yyyy-MM-dd}.%i.log'.
06:01:13,323 |-INFO in ch.qos.logback.core.rolling.SizeAndTimeBasedFNATP@6bf256fa - Roll-over at midnight.
06:01:13,329 |-INFO in ch.qos.logback.core.rolling.SizeAndTimeBasedFNATP@6bf256fa - Setting initial period to Sun Jun 09 06:00:35 MSK 2019
06:01:13,329 |-WARN in ch.qos.logback.core.rolling.SizeAndTimeBasedFNATP@6bf256fa - SizeAndTimeBasedFNATP is deprecated. Use SizeAndTimeBasedRollingPolicy instead
06:01:13,329 |-WARN in ch.qos.logback.core.rolling.SizeAndTimeBasedFNATP@6bf256fa - For more information see http://logback.qos.ch/manual/appenders.html#SizeAndTimeBasedRollingPolicy
06:01:13,335 |-INFO in ch.qos.logback.core.joran.action.NestedComplexPropertyIA - Assuming default type [ch.qos.logback.classic.encoder.PatternLayoutEncoder] for [encoder] property
06:01:13,339 |-INFO in ch.qos.logback.core.rolling.RollingFileAppender[FILE] - Active log file name: /tmp/application.log
06:01:13,339 |-INFO in ch.qos.logback.core.rolling.RollingFileAppender[FILE] - File property is set to [/tmp/application.log]
06:01:13,340 |-INFO in ch.qos.logback.classic.joran.action.RootLoggerAction - Setting level of ROOT logger to WARN
06:01:13,340 |-INFO in ch.qos.logback.core.joran.action.AppenderRefAction - Attaching appender named [STDOUT] to Logger[ROOT]
06:01:13,341 |-INFO in ch.qos.logback.core.joran.action.AppenderRefAction - Attaching appender named [FILE] to Logger[ROOT]
06:01:13,341 |-INFO in ch.qos.logback.classic.joran.action.ConfigurationAction - End of configuration.
06:01:13,342 |-INFO in ch.qos.logback.classic.joran.JoranConfigurator@6cd8737 - Registering current configuration as safe fallback point

2019-06-09T06:01:14.337+0300: 1.382: [GC (Metadata GC Threshold) [PSYoungGen: 110722K->15983K(149504K)] 110722K->16063K(491008K), 0.0321632 secs] [Times: user=0.17 sys=0.03, real=0.03 secs] 
2019-06-09T06:01:14.369+0300: 1.414: [Full GC (Metadata GC Threshold) [PSYoungGen: 15983K->0K(149504K)] [ParOldGen: 80K->15110K(341504K)] 16063K->15110K(491008K), [Metaspace: 20802K->20802K(1067008K)], 0.0299754 secs] [Times: user=0.18 sys=0.01, real=0.04 secs] 
06:01:25.994 [Curator-PathChildrenCache-1] WARN  o.a.c.u.ZKPaths  - The version of ZooKeeper being used doesn't support Container nodes. CreateMode.PERSISTENT will be used instead.
2019-06-09T06:01:26.904+0300: 13.949: [GC (Metadata GC Threshold) [PSYoungGen: 128512K->15773K(149504K)] 143622K->50423K(491008K), 0.0272514 secs] [Times: user=0.23 sys=0.01, real=0.03 secs] 
2019-06-09T06:01:26.931+0300: 13.977: [Full GC (Metadata GC Threshold) [PSYoungGen: 15773K->0K(149504K)] [ParOldGen: 34650K->38800K(341504K)] 50423K->38800K(491008K), [Metaspace: 34565K->34565K(1079296K)], 0.0397434 secs] [Times: user=0.20 sys=0.03, real=0.04 secs] 
2019-06-09T06:01:29.300+0300: 16.345: [GC (Allocation Failure) [PSYoungGen: 128512K->608K(149504K)] 167312K->39416K(491008K), 0.0046244 secs] [Times: user=0.02 sys=0.00, real=0.00 secs] 
2019-06-09T06:01:31.924+0300: 18.969: [GC (Allocation Failure) [PSYoungGen: 129120K->544K(149504K)] 167928K->39360K(491008K), 0.0060240 secs] [Times: user=0.04 sys=0.01, real=0.01 secs] 
2019-06-09T06:01:34.411+0300: 21.456: [GC (Allocation Failure) [PSYoungGen: 129056K->672K(129536K)] 167872K->39488K(471040K), 0.0043833 secs] [Times: user=0.03 sys=0.01, real=0.00 secs] 
2019-06-09T06:01:36.668+0300: 23.713: [GC (Allocation Failure) [PSYoungGen: 129184K->736K(150016K)] 168000K->39552K(491520K), 0.0021182 secs] [Times: user=0.01 sys=0.00, real=0.01 secs] 
2019-06-09T06:01:38.742+0300: 25.788: [GC (Allocation Failure) [PSYoungGen: 129248K->672K(148992K)] 168064K->39496K(490496K), 0.0029968 secs] [Times: user=0.01 sys=0.00, real=0.00 secs] 
2019-06-09T06:01:40.863+0300: 27.909: [GC (Allocation Failure) [PSYoungGen: 129184K->576K(151552K)] 168008K->39408K(493056K), 0.0045217 secs] [Times: user=0.03 sys=0.00, real=0.00 secs] 
2019-06-09T06:01:43.122+0300: 30.168: [GC (Allocation Failure) [PSYoungGen: 132672K->672K(151040K)] 171504K->39504K(492544K), 0.0032364 secs] [Times: user=0.02 sys=0.00, real=0.00 secs] 
2019-06-09T06:01:44.964+0300: 32.009: [GC (Allocation Failure) [PSYoungGen: 132768K->576K(153088K)] 171600K->39408K(494592K), 0.0023165 secs] [Times: user=0.01 sys=0.00, real=0.00 secs] 
2019-06-09T06:01:47.151+0300: 34.196: [GC (Allocation Failure) [PSYoungGen: 135744K->704K(152576K)] 174576K->39544K(494080K), 0.0027939 secs] [Times: user=0.02 sys=0.01, real=0.00 secs] 
2019-06-09T06:01:49.044+0300: 36.089: [GC (Allocation Failure) [PSYoungGen: 135872K->608K(154624K)] 174712K->39448K(496128K), 0.0029859 secs] [Times: user=0.01 sys=0.00, real=0.00 secs] 
2019-06-09T06:01:50.733+0300: 37.778: [GC (Allocation Failure) [PSYoungGen: 138848K->640K(154112K)] 177688K->39480K(495616K), 0.0038372 secs] [Times: user=0.02 sys=0.01, real=0.00 secs] 
2019-06-09T06:01:52.740+0300: 39.786: [GC (Allocation Failure) [PSYoungGen: 138880K->832K(156672K)] 177720K->39672K(498176K), 0.0032960 secs] [Times: user=0.02 sys=0.01, real=0.00 secs] 
2019-06-09T06:01:54.590+0300: 41.636: [GC (Allocation Failure) [PSYoungGen: 142656K->704K(155648K)] 181496K->39544K(497152K), 0.0034469 secs] [Times: user=0.02 sys=0.00, real=0.00 secs] 
2019-06-09T06:01:57.583+0300: 44.628: [GC (Allocation Failure) [PSYoungGen: 142528K->608K(158208K)] 181368K->39456K(499712K), 0.0028443 secs] [Times: user=0.01 sys=0.00, real=0.00 secs] 
06:02:07.563 [Curator-PathChildrenCache-0] ERROR o.a.c.f.r.c.PathChildrenCache  - 
java.lang.IllegalStateException: instance must be started before calling this method
	at org.apache.curator.shaded.com.google.common.base.Preconditions.checkState(Preconditions.java:444)
	at org.apache.curator.framework.imps.CuratorFrameworkImpl.getChildren(CuratorFrameworkImpl.java:456)
	at org.apache.curator.framework.recipes.cache.PathChildrenCache.refresh(PathChildrenCache.java:521)
	at org.apache.curator.framework.recipes.cache.RefreshOperation.invoke(RefreshOperation.java:35)
	at org.apache.curator.framework.recipes.cache.PathChildrenCache$9.run(PathChildrenCache.java:786)
	at java.util.concurrent.Executors$RunnableAdapter.call(Executors.java:511)
	at java.util.concurrent.FutureTask.run(FutureTask.java:266)
	at java.util.concurrent.Executors$RunnableAdapter.call(Executors.java:511)
	at java.util.concurrent.FutureTask.run(FutureTask.java:266)
	at java.util.concurrent.ThreadPoolExecutor.runWorker(ThreadPoolExecutor.java:1149)
	at java.util.concurrent.ThreadPoolExecutor$Worker.run(ThreadPoolExecutor.java:624)
	at java.lang.Thread.run(Thread.java:748)
Heap
 PSYoungGen      total 158208K, used 82490K [0x00000000f5980000, 0x0000000100000000, 0x0000000100000000)
  eden space 144896K, 56% used [0x00000000f5980000,0x00000000fa976928,0x00000000fe700000)
  from space 13312K, 4% used [0x00000000ff300000,0x00000000ff398060,0x0000000100000000)
  to   space 12288K, 0% used [0x00000000fe700000,0x00000000fe700000,0x00000000ff300000)
 ParOldGen       total 341504K, used 38848K [0x00000000e0c00000, 0x00000000f5980000, 0x00000000f5980000)
  object space 341504K, 11% used [0x00000000e0c00000,0x00000000e31f0278,0x00000000f5980000)
 Metaspace       used 35777K, capacity 36614K, committed 36952K, reserved 1081344K
  class space    used 4935K, capacity 5129K, committed 5248K, reserved 1048576K
