19:09:01,290 |-INFO in ch.qos.logback.classic.LoggerContext[default] - Could NOT find resource [logback-test.xml]
19:09:01,291 |-INFO in ch.qos.logback.classic.LoggerContext[default] - Could NOT find resource [logback.groovy]
19:09:01,291 |-INFO in ch.qos.logback.classic.LoggerContext[default] - Found resource [logback.xml] at [jar:file:/root/flamestream/lib/flamestream-runtime-1.0-SNAPSHOT.jar!/logback.xml]
19:09:01,292 |-WARN in ch.qos.logback.classic.LoggerContext[default] - Resource [logback.xml] occurs multiple times on the classpath.
19:09:01,292 |-WARN in ch.qos.logback.classic.LoggerContext[default] - Resource [logback.xml] occurs at [jar:file:/root/flamestream/lib/flamestream-runtime-1.0-SNAPSHOT.jar!/logback.xml]
19:09:01,292 |-WARN in ch.qos.logback.classic.LoggerContext[default] - Resource [logback.xml] occurs at [jar:file:/root/flamestream/flamestream-runtime-1.0-SNAPSHOT.jar!/logback.xml]
19:09:01,311 |-INFO in ch.qos.logback.core.joran.spi.ConfigurationWatchList@3fb6a447 - URL [jar:file:/root/flamestream/lib/flamestream-runtime-1.0-SNAPSHOT.jar!/logback.xml] is not of type file
19:09:01,384 |-INFO in ch.qos.logback.classic.joran.action.ConfigurationAction - debug attribute not set
19:09:01,385 |-INFO in ch.qos.logback.core.joran.action.AppenderAction - About to instantiate appender of type [ch.qos.logback.core.ConsoleAppender]
19:09:01,404 |-INFO in ch.qos.logback.core.joran.action.AppenderAction - Naming appender as [STDOUT]
19:09:01,423 |-INFO in ch.qos.logback.core.joran.action.NestedComplexPropertyIA - Assuming default type [ch.qos.logback.classic.encoder.PatternLayoutEncoder] for [encoder] property
19:09:01,504 |-INFO in ch.qos.logback.core.joran.action.AppenderAction - About to instantiate appender of type [ch.qos.logback.core.rolling.RollingFileAppender]
19:09:01,509 |-INFO in ch.qos.logback.core.joran.action.AppenderAction - Naming appender as [FILE]
19:09:01,540 |-INFO in c.q.l.core.rolling.TimeBasedRollingPolicy@127618319 - No compression will be used
19:09:01,541 |-INFO in c.q.l.core.rolling.TimeBasedRollingPolicy@127618319 - Will use the pattern /tmp/application_%d{yyyy-MM-dd}.%i.log for the active file
19:09:01,544 |-INFO in ch.qos.logback.core.rolling.SizeAndTimeBasedFNATP@6b2fad11 - The date pattern is 'yyyy-MM-dd' from file name pattern '/tmp/application_%d{yyyy-MM-dd}.%i.log'.
19:09:01,544 |-INFO in ch.qos.logback.core.rolling.SizeAndTimeBasedFNATP@6b2fad11 - Roll-over at midnight.
19:09:01,550 |-INFO in ch.qos.logback.core.rolling.SizeAndTimeBasedFNATP@6b2fad11 - Setting initial period to Mon Jun 10 19:07:21 UTC 2019
19:09:01,550 |-WARN in ch.qos.logback.core.rolling.SizeAndTimeBasedFNATP@6b2fad11 - SizeAndTimeBasedFNATP is deprecated. Use SizeAndTimeBasedRollingPolicy instead
19:09:01,550 |-WARN in ch.qos.logback.core.rolling.SizeAndTimeBasedFNATP@6b2fad11 - For more information see http://logback.qos.ch/manual/appenders.html#SizeAndTimeBasedRollingPolicy
19:09:01,554 |-INFO in ch.qos.logback.core.joran.action.NestedComplexPropertyIA - Assuming default type [ch.qos.logback.classic.encoder.PatternLayoutEncoder] for [encoder] property
19:09:01,559 |-INFO in ch.qos.logback.core.rolling.RollingFileAppender[FILE] - Active log file name: /tmp/application.log
19:09:01,559 |-INFO in ch.qos.logback.core.rolling.RollingFileAppender[FILE] - File property is set to [/tmp/application.log]
19:09:01,560 |-INFO in ch.qos.logback.classic.joran.action.RootLoggerAction - Setting level of ROOT logger to WARN
19:09:01,560 |-INFO in ch.qos.logback.core.joran.action.AppenderRefAction - Attaching appender named [STDOUT] to Logger[ROOT]
19:09:01,562 |-INFO in ch.qos.logback.core.joran.action.AppenderRefAction - Attaching appender named [FILE] to Logger[ROOT]
19:09:01,562 |-INFO in ch.qos.logback.classic.joran.action.ConfigurationAction - End of configuration.
19:09:01,562 |-INFO in ch.qos.logback.classic.joran.JoranConfigurator@79698539 - Registering current configuration as safe fallback point

Ama winner
Ama winner
2019-06-10T19:09:02.889+0000: 1.786: [Full GC (Metadata GC Threshold) 2019-06-10T19:09:02.889+0000: 1.786: [Tenured: 0K->15143K(341376K), 0.0403769 secs] 114987K->15143K(494976K), [Metaspace: 20732K->20732K(1067008K)], 0.0404462 secs] [Times: user=0.03 sys=0.01, real=0.04 secs] 
19:09:19.546 [Curator-PathChildrenCache-1] WARN  o.a.c.u.ZKPaths  - The version of ZooKeeper being used doesn't support Container nodes. CreateMode.PERSISTENT will be used instead.
2019-06-10T19:09:21.663+0000: 20.560: [GC (Allocation Failure) 2019-06-10T19:09:21.663+0000: 20.560: [DefNew: 136576K->17023K(153600K), 0.0255561 secs] 151719K->52523K(494976K), 0.0256272 secs] [Times: user=0.02 sys=0.01, real=0.03 secs] 
2019-06-10T19:09:24.116+0000: 23.013: [Full GC (Metadata GC Threshold) 2019-06-10T19:09:24.116+0000: 23.013: [Tenured: 35499K->44095K(341376K), 0.0426066 secs] 93536K->44095K(494976K), [Metaspace: 34577K->34577K(1079296K)], 0.0426888 secs] [Times: user=0.03 sys=0.00, real=0.04 secs] 
2019-06-10T19:09:32.261+0000: 31.158: [GC (Allocation Failure) 2019-06-10T19:09:32.261+0000: 31.158: [DefNew: 136576K->67K(153600K), 0.0019066 secs] 180671K->44163K(494976K), 0.0019697 secs] [Times: user=0.00 sys=0.00, real=0.00 secs] 
2019-06-10T19:09:40.344+0000: 39.242: [GC (Allocation Failure) 2019-06-10T19:09:40.344+0000: 39.242: [DefNew: 136643K->65K(153600K), 0.0016743 secs] 180739K->44161K(494976K), 0.0017372 secs] [Times: user=0.00 sys=0.00, real=0.00 secs] 
2019-06-10T19:09:48.531+0000: 47.428: [GC (Allocation Failure) 2019-06-10T19:09:48.531+0000: 47.428: [DefNew: 136641K->65K(153600K), 0.0017254 secs] 180737K->44161K(494976K), 0.0017865 secs] [Times: user=0.01 sys=0.00, real=0.00 secs] 
2019-06-10T19:09:56.723+0000: 55.620: [GC (Allocation Failure) 2019-06-10T19:09:56.723+0000: 55.620: [DefNew: 136641K->68K(153600K), 0.0017219 secs] 180737K->44164K(494976K), 0.0017892 secs] [Times: user=0.00 sys=0.00, real=0.00 secs] 
2019-06-10T19:10:05.710+0000: 64.607: [GC (Allocation Failure) 2019-06-10T19:10:05.710+0000: 64.607: [DefNew: 136644K->400K(153600K), 0.0022344 secs] 180740K->44496K(494976K), 0.0022880 secs] [Times: user=0.00 sys=0.00, real=0.00 secs] 
19:10:25.791 [Curator-PathChildrenCache-0] ERROR o.a.c.f.r.c.PathChildrenCache  - 
java.lang.IllegalStateException: instance must be started before calling this method
	at org.apache.curator.shaded.com.google.common.base.Preconditions.checkState(Preconditions.java:444)
	at org.apache.curator.framework.imps.CuratorFrameworkImpl.getChildren(CuratorFrameworkImpl.java:456)
	at org.apache.curator.framework.recipes.cache.PathChildrenCache.refresh(PathChildrenCache.java:521)
	at org.apache.curator.framework.recipes.cache.RefreshOperation.invoke(RefreshOperation.java:35)
	at org.apache.curator.framework.recipes.cache.PathChildrenCache$9.run(PathChildrenCache.java:786)
	at java.util.concurrent.Executors$RunnableAdapter.call(Executors.java:511)
	at java.util.concurrent.FutureTask.run(FutureTask.java:266)
	at java.util.concurrent.Executors$RunnableAdapter.call(Executors.java:511)
	at java.util.concurrent.FutureTask.run(FutureTask.java:266)
	at java.util.concurrent.ThreadPoolExecutor.runWorker(ThreadPoolExecutor.java:1149)
	at java.util.concurrent.ThreadPoolExecutor$Worker.run(ThreadPoolExecutor.java:624)
	at java.lang.Thread.run(Thread.java:748)
Heap
 def new generation   total 153600K, used 129227K [0x00000000e0c00000, 0x00000000eb2a0000, 0x00000000eb2a0000)
  eden space 136576K,  94% used [0x00000000e0c00000, 0x00000000e89ce928, 0x00000000e9160000)
  from space 17024K,   2% used [0x00000000e9160000, 0x00000000e91c42f0, 0x00000000ea200000)
  to   space 17024K,   0% used [0x00000000ea200000, 0x00000000ea200000, 0x00000000eb2a0000)
 tenured generation   total 341376K, used 44095K [0x00000000eb2a0000, 0x0000000100000000, 0x0000000100000000)
   the space 341376K,  12% used [0x00000000eb2a0000, 0x00000000eddaff88, 0x00000000eddb0000, 0x0000000100000000)
 Metaspace       used 36076K, capacity 36992K, committed 37120K, reserved 1081344K
  class space    used 4871K, capacity 5074K, committed 5120K, reserved 1048576K
