05:36:04,804 |-INFO in ch.qos.logback.classic.LoggerContext[default] - Could NOT find resource [logback-test.xml]
05:36:04,804 |-INFO in ch.qos.logback.classic.LoggerContext[default] - Could NOT find resource [logback.groovy]
05:36:04,804 |-INFO in ch.qos.logback.classic.LoggerContext[default] - Found resource [logback.xml] at [jar:file:/root/flamestream/lib/flamestream-runtime-1.0-SNAPSHOT.jar!/logback.xml]
05:36:04,805 |-WARN in ch.qos.logback.classic.LoggerContext[default] - Resource [logback.xml] occurs multiple times on the classpath.
05:36:04,806 |-WARN in ch.qos.logback.classic.LoggerContext[default] - Resource [logback.xml] occurs at [jar:file:/root/flamestream/lib/flamestream-runtime-1.0-SNAPSHOT.jar!/logback.xml]
05:36:04,806 |-WARN in ch.qos.logback.classic.LoggerContext[default] - Resource [logback.xml] occurs at [jar:file:/root/flamestream/flamestream-runtime-1.0-SNAPSHOT.jar!/logback.xml]
05:36:04,827 |-INFO in ch.qos.logback.core.joran.spi.ConfigurationWatchList@3fb6a447 - URL [jar:file:/root/flamestream/lib/flamestream-runtime-1.0-SNAPSHOT.jar!/logback.xml] is not of type file
05:36:04,901 |-INFO in ch.qos.logback.classic.joran.action.ConfigurationAction - debug attribute not set
05:36:04,901 |-INFO in ch.qos.logback.core.joran.action.AppenderAction - About to instantiate appender of type [ch.qos.logback.core.ConsoleAppender]
05:36:04,916 |-INFO in ch.qos.logback.core.joran.action.AppenderAction - Naming appender as [STDOUT]
05:36:04,935 |-INFO in ch.qos.logback.core.joran.action.NestedComplexPropertyIA - Assuming default type [ch.qos.logback.classic.encoder.PatternLayoutEncoder] for [encoder] property
05:36:05,019 |-INFO in ch.qos.logback.core.joran.action.AppenderAction - About to instantiate appender of type [ch.qos.logback.core.rolling.RollingFileAppender]
05:36:05,024 |-INFO in ch.qos.logback.core.joran.action.AppenderAction - Naming appender as [FILE]
05:36:05,057 |-INFO in c.q.l.core.rolling.TimeBasedRollingPolicy@127618319 - No compression will be used
05:36:05,058 |-INFO in c.q.l.core.rolling.TimeBasedRollingPolicy@127618319 - Will use the pattern /tmp/application_%d{yyyy-MM-dd}.%i.log for the active file
05:36:05,061 |-INFO in ch.qos.logback.core.rolling.SizeAndTimeBasedFNATP@6b2fad11 - The date pattern is 'yyyy-MM-dd' from file name pattern '/tmp/application_%d{yyyy-MM-dd}.%i.log'.
05:36:05,061 |-INFO in ch.qos.logback.core.rolling.SizeAndTimeBasedFNATP@6b2fad11 - Roll-over at midnight.
05:36:05,066 |-INFO in ch.qos.logback.core.rolling.SizeAndTimeBasedFNATP@6b2fad11 - Setting initial period to Tue Jun 11 05:34:41 UTC 2019
05:36:05,066 |-WARN in ch.qos.logback.core.rolling.SizeAndTimeBasedFNATP@6b2fad11 - SizeAndTimeBasedFNATP is deprecated. Use SizeAndTimeBasedRollingPolicy instead
05:36:05,066 |-WARN in ch.qos.logback.core.rolling.SizeAndTimeBasedFNATP@6b2fad11 - For more information see http://logback.qos.ch/manual/appenders.html#SizeAndTimeBasedRollingPolicy
05:36:05,070 |-INFO in ch.qos.logback.core.joran.action.NestedComplexPropertyIA - Assuming default type [ch.qos.logback.classic.encoder.PatternLayoutEncoder] for [encoder] property
05:36:05,075 |-INFO in ch.qos.logback.core.rolling.RollingFileAppender[FILE] - Active log file name: /tmp/application.log
05:36:05,075 |-INFO in ch.qos.logback.core.rolling.RollingFileAppender[FILE] - File property is set to [/tmp/application.log]
05:36:05,076 |-INFO in ch.qos.logback.classic.joran.action.RootLoggerAction - Setting level of ROOT logger to WARN
05:36:05,076 |-INFO in ch.qos.logback.core.joran.action.AppenderRefAction - Attaching appender named [STDOUT] to Logger[ROOT]
05:36:05,078 |-INFO in ch.qos.logback.core.joran.action.AppenderRefAction - Attaching appender named [FILE] to Logger[ROOT]
05:36:05,078 |-INFO in ch.qos.logback.classic.joran.action.ConfigurationAction - End of configuration.
05:36:05,078 |-INFO in ch.qos.logback.classic.joran.JoranConfigurator@79698539 - Registering current configuration as safe fallback point

Ama winner
Ama winner
2019-06-11T05:36:06.451+0000: 1.830: [Full GC (Metadata GC Threshold) 2019-06-11T05:36:06.451+0000: 1.830: [Tenured: 0K->15241K(341376K), 0.0411746 secs] 114923K->15241K(494976K), [Metaspace: 20740K->20740K(1067008K)], 0.0412411 secs] [Times: user=0.03 sys=0.00, real=0.04 secs] 
05:36:24.045 [Curator-PathChildrenCache-2] WARN  o.a.c.u.ZKPaths  - The version of ZooKeeper being used doesn't support Container nodes. CreateMode.PERSISTENT will be used instead.
2019-06-11T05:36:26.146+0000: 21.525: [GC (GCLocker Initiated GC) 2019-06-11T05:36:26.146+0000: 21.525: [DefNew: 117771K->17023K(153600K), 0.0181769 secs] 152544K->52681K(494976K), 0.0182426 secs] [Times: user=0.02 sys=0.00, real=0.02 secs] 
2019-06-11T05:36:26.520+0000: 21.899: [Full GC (Metadata GC Threshold) 2019-06-11T05:36:26.520+0000: 21.899: [Tenured: 35657K->44398K(341376K), 0.0378608 secs] 68480K->44398K(494976K), [Metaspace: 34508K->34508K(1079296K)], 0.0379704 secs] [Times: user=0.04 sys=0.00, real=0.04 secs] 
2019-06-11T05:36:28.434+0000: 23.813: [GC (Allocation Failure) 2019-06-11T05:36:28.434+0000: 23.813: [DefNew: 136576K->167K(153600K), 0.0023047 secs] 180974K->44566K(494976K), 0.0023637 secs] [Times: user=0.01 sys=0.00, real=0.00 secs] 
2019-06-11T05:36:30.023+0000: 25.402: [GC (Allocation Failure) 2019-06-11T05:36:30.023+0000: 25.402: [DefNew: 136743K->199K(153600K), 0.0020850 secs] 181142K->44597K(494976K), 0.0021455 secs] [Times: user=0.01 sys=0.00, real=0.00 secs] 
2019-06-11T05:36:31.312+0000: 26.691: [GC (Allocation Failure) 2019-06-11T05:36:31.312+0000: 26.691: [DefNew: 136775K->185K(153600K), 0.0020521 secs] 181173K->44584K(494976K), 0.0021080 secs] [Times: user=0.00 sys=0.00, real=0.00 secs] 
2019-06-11T05:36:32.658+0000: 28.037: [GC (Allocation Failure) 2019-06-11T05:36:32.658+0000: 28.037: [DefNew: 136761K->195K(153600K), 0.0020216 secs] 181160K->44594K(494976K), 0.0020771 secs] [Times: user=0.00 sys=0.00, real=0.00 secs] 
2019-06-11T05:36:34.068+0000: 29.447: [GC (Allocation Failure) 2019-06-11T05:36:34.068+0000: 29.447: [DefNew: 136771K->199K(153600K), 0.0021374 secs] 181170K->44597K(494976K), 0.0021955 secs] [Times: user=0.00 sys=0.00, real=0.01 secs] 
05:36:43.183 [Curator-PathChildrenCache-0] ERROR o.a.c.f.r.c.PathChildrenCache  - 
java.lang.IllegalStateException: instance must be started before calling this method
	at org.apache.curator.shaded.com.google.common.base.Preconditions.checkState(Preconditions.java:444)
	at org.apache.curator.framework.imps.CuratorFrameworkImpl.getChildren(CuratorFrameworkImpl.java:456)
	at org.apache.curator.framework.recipes.cache.PathChildrenCache.refresh(PathChildrenCache.java:521)
	at org.apache.curator.framework.recipes.cache.RefreshOperation.invoke(RefreshOperation.java:35)
	at org.apache.curator.framework.recipes.cache.PathChildrenCache$9.run(PathChildrenCache.java:786)
	at java.util.concurrent.Executors$RunnableAdapter.call(Executors.java:511)
	at java.util.concurrent.FutureTask.run(FutureTask.java:266)
	at java.util.concurrent.Executors$RunnableAdapter.call(Executors.java:511)
	at java.util.concurrent.FutureTask.run(FutureTask.java:266)
	at java.util.concurrent.ThreadPoolExecutor.runWorker(ThreadPoolExecutor.java:1149)
	at java.util.concurrent.ThreadPoolExecutor$Worker.run(ThreadPoolExecutor.java:624)
	at java.lang.Thread.run(Thread.java:748)
2019-06-11T05:36:44.277+0000: 39.656: [GC (Allocation Failure) 2019-06-11T05:36:44.277+0000: 39.656: [DefNew: 136775K->1033K(153600K), 0.0036321 secs] 181173K->45432K(494976K), 0.0036923 secs] [Times: user=0.00 sys=0.00, real=0.00 secs] 
Heap
 def new generation   total 153600K, used 5306K [0x00000000e0c00000, 0x00000000eb2a0000, 0x00000000eb2a0000)
  eden space 136576K,   3% used [0x00000000e0c00000, 0x00000000e102c158, 0x00000000e9160000)
  from space 17024K,   6% used [0x00000000ea200000, 0x00000000ea3026d8, 0x00000000eb2a0000)
  to   space 17024K,   0% used [0x00000000e9160000, 0x00000000e9160000, 0x00000000ea200000)
 tenured generation   total 341376K, used 44398K [0x00000000eb2a0000, 0x0000000100000000, 0x0000000100000000)
   the space 341376K,  13% used [0x00000000eb2a0000, 0x00000000eddfb9c8, 0x00000000eddfba00, 0x0000000100000000)
 Metaspace       used 36038K, capacity 36974K, committed 37120K, reserved 1081344K
  class space    used 4874K, capacity 5067K, committed 5120K, reserved 1048576K
