10:32:49,224 |-INFO in ch.qos.logback.classic.LoggerContext[default] - Could NOT find resource [logback-test.xml]
10:32:49,224 |-INFO in ch.qos.logback.classic.LoggerContext[default] - Could NOT find resource [logback.groovy]
10:32:49,224 |-INFO in ch.qos.logback.classic.LoggerContext[default] - Found resource [logback.xml] at [jar:file:/home/nikitasokolov/flamestream/lib/flamestream-runtime-1.0-SNAPSHOT.jar!/logback.xml]
10:32:49,225 |-WARN in ch.qos.logback.classic.LoggerContext[default] - Resource [logback.xml] occurs multiple times on the classpath.
10:32:49,225 |-WARN in ch.qos.logback.classic.LoggerContext[default] - Resource [logback.xml] occurs at [jar:file:/home/nikitasokolov/flamestream/lib/flamestream-runtime-1.0-SNAPSHOT.jar!/logback.xml]
10:32:49,225 |-WARN in ch.qos.logback.classic.LoggerContext[default] - Resource [logback.xml] occurs at [jar:file:/home/nikitasokolov/flamestream/flamestream-runtime-1.0-SNAPSHOT.jar!/logback.xml]
10:32:49,242 |-INFO in ch.qos.logback.core.joran.spi.ConfigurationWatchList@6108b2d7 - URL [jar:file:/home/nikitasokolov/flamestream/lib/flamestream-runtime-1.0-SNAPSHOT.jar!/logback.xml] is not of type file
10:32:49,293 |-INFO in ch.qos.logback.classic.joran.action.ConfigurationAction - debug attribute not set
10:32:49,293 |-INFO in ch.qos.logback.core.joran.action.AppenderAction - About to instantiate appender of type [ch.qos.logback.core.ConsoleAppender]
10:32:49,301 |-INFO in ch.qos.logback.core.joran.action.AppenderAction - Naming appender as [STDOUT]
10:32:49,309 |-INFO in ch.qos.logback.core.joran.action.NestedComplexPropertyIA - Assuming default type [ch.qos.logback.classic.encoder.PatternLayoutEncoder] for [encoder] property
10:32:49,364 |-INFO in ch.qos.logback.core.joran.action.AppenderAction - About to instantiate appender of type [ch.qos.logback.core.rolling.RollingFileAppender]
10:32:49,370 |-INFO in ch.qos.logback.core.joran.action.AppenderAction - Naming appender as [FILE]
10:32:49,393 |-INFO in c.q.l.core.rolling.TimeBasedRollingPolicy@357863579 - No compression will be used
10:32:49,394 |-INFO in c.q.l.core.rolling.TimeBasedRollingPolicy@357863579 - Will use the pattern /tmp/application_%d{yyyy-MM-dd}.%i.log for the active file
10:32:49,397 |-INFO in ch.qos.logback.core.rolling.SizeAndTimeBasedFNATP@6bf256fa - The date pattern is 'yyyy-MM-dd' from file name pattern '/tmp/application_%d{yyyy-MM-dd}.%i.log'.
10:32:49,397 |-INFO in ch.qos.logback.core.rolling.SizeAndTimeBasedFNATP@6bf256fa - Roll-over at midnight.
10:32:49,401 |-INFO in ch.qos.logback.core.rolling.SizeAndTimeBasedFNATP@6bf256fa - Setting initial period to Sun Jun 09 10:32:07 MSK 2019
10:32:49,401 |-WARN in ch.qos.logback.core.rolling.SizeAndTimeBasedFNATP@6bf256fa - SizeAndTimeBasedFNATP is deprecated. Use SizeAndTimeBasedRollingPolicy instead
10:32:49,401 |-WARN in ch.qos.logback.core.rolling.SizeAndTimeBasedFNATP@6bf256fa - For more information see http://logback.qos.ch/manual/appenders.html#SizeAndTimeBasedRollingPolicy
10:32:49,406 |-INFO in ch.qos.logback.core.joran.action.NestedComplexPropertyIA - Assuming default type [ch.qos.logback.classic.encoder.PatternLayoutEncoder] for [encoder] property
10:32:49,409 |-INFO in ch.qos.logback.core.rolling.RollingFileAppender[FILE] - Active log file name: /tmp/application.log
10:32:49,409 |-INFO in ch.qos.logback.core.rolling.RollingFileAppender[FILE] - File property is set to [/tmp/application.log]
10:32:49,410 |-INFO in ch.qos.logback.classic.joran.action.RootLoggerAction - Setting level of ROOT logger to WARN
10:32:49,410 |-INFO in ch.qos.logback.core.joran.action.AppenderRefAction - Attaching appender named [STDOUT] to Logger[ROOT]
10:32:49,410 |-INFO in ch.qos.logback.core.joran.action.AppenderRefAction - Attaching appender named [FILE] to Logger[ROOT]
10:32:49,410 |-INFO in ch.qos.logback.classic.joran.action.ConfigurationAction - End of configuration.
10:32:49,411 |-INFO in ch.qos.logback.classic.joran.JoranConfigurator@6cd8737 - Registering current configuration as safe fallback point

2019-06-09T10:32:50.395+0300: 1.370: [GC (Metadata GC Threshold) [PSYoungGen: 110722K->15819K(149504K)] 110722K->15899K(491008K), 0.0211403 secs] [Times: user=0.08 sys=0.04, real=0.02 secs] 
2019-06-09T10:32:50.417+0300: 1.391: [Full GC (Metadata GC Threshold) [PSYoungGen: 15819K->0K(149504K)] [ParOldGen: 80K->15078K(341504K)] 15899K->15078K(491008K), [Metaspace: 20802K->20802K(1067008K)], 0.0276281 secs] [Times: user=0.19 sys=0.00, real=0.03 secs] 
10:33:02.444 [Curator-PathChildrenCache-1] WARN  o.a.c.u.ZKPaths  - The version of ZooKeeper being used doesn't support Container nodes. CreateMode.PERSISTENT will be used instead.
2019-06-09T10:33:03.344+0300: 14.318: [GC (Metadata GC Threshold) [PSYoungGen: 124534K->15780K(149504K)] 139612K->50398K(491008K), 0.0290574 secs] [Times: user=0.21 sys=0.03, real=0.03 secs] 
2019-06-09T10:33:03.373+0300: 14.348: [Full GC (Metadata GC Threshold) [PSYoungGen: 15780K->0K(149504K)] [ParOldGen: 34617K->38841K(341504K)] 50398K->38841K(491008K), [Metaspace: 34562K->34562K(1079296K)], 0.0344069 secs] [Times: user=0.19 sys=0.01, real=0.03 secs] 
2019-06-09T10:33:06.052+0300: 17.026: [GC (Allocation Failure) [PSYoungGen: 128512K->544K(149504K)] 167353K->39393K(491008K), 0.0029710 secs] [Times: user=0.01 sys=0.00, real=0.00 secs] 
2019-06-09T10:33:09.283+0300: 20.257: [GC (Allocation Failure) [PSYoungGen: 129056K->544K(149504K)] 167905K->39393K(491008K), 0.0030526 secs] [Times: user=0.01 sys=0.00, real=0.00 secs] 
2019-06-09T10:33:12.581+0300: 23.555: [GC (Allocation Failure) [PSYoungGen: 129056K->544K(129536K)] 167905K->39401K(471040K), 0.0089709 secs] [Times: user=0.07 sys=0.01, real=0.01 secs] 
2019-06-09T10:33:15.882+0300: 26.856: [GC (Allocation Failure) [PSYoungGen: 129056K->512K(150016K)] 167913K->39377K(491520K), 0.0033765 secs] [Times: user=0.02 sys=0.00, real=0.00 secs] 
2019-06-09T10:33:19.182+0300: 30.156: [GC (Allocation Failure) [PSYoungGen: 129024K->608K(148992K)] 167889K->39481K(490496K), 0.0047888 secs] [Times: user=0.03 sys=0.01, real=0.00 secs] 
2019-06-09T10:33:22.527+0300: 33.502: [GC (Allocation Failure) [PSYoungGen: 129120K->576K(151552K)] 167993K->39457K(493056K), 0.0031550 secs] [Times: user=0.01 sys=0.01, real=0.01 secs] 
2019-06-09T10:33:25.914+0300: 36.889: [GC (Allocation Failure) [PSYoungGen: 132672K->448K(151040K)] 171553K->39329K(492544K), 0.0029534 secs] [Times: user=0.01 sys=0.00, real=0.00 secs] 
2019-06-09T10:33:29.339+0300: 40.314: [GC (Allocation Failure) [PSYoungGen: 132544K->576K(153600K)] 171425K->39465K(495104K), 0.0047339 secs] [Times: user=0.02 sys=0.00, real=0.00 secs] 
2019-06-09T10:33:32.855+0300: 43.829: [GC (Allocation Failure) [PSYoungGen: 136256K->608K(152576K)] 175145K->39497K(494080K), 0.0043893 secs] [Times: user=0.03 sys=0.00, real=0.01 secs] 
2019-06-09T10:33:36.375+0300: 47.350: [GC (Allocation Failure) [PSYoungGen: 136288K->672K(155136K)] 175177K->39561K(496640K), 0.0029722 secs] [Times: user=0.01 sys=0.01, real=0.01 secs] 
10:33:44.537 [Curator-PathChildrenCache-0] ERROR o.a.c.f.r.c.PathChildrenCache  - 
java.lang.IllegalStateException: instance must be started before calling this method
	at org.apache.curator.shaded.com.google.common.base.Preconditions.checkState(Preconditions.java:444)
	at org.apache.curator.framework.imps.CuratorFrameworkImpl.getChildren(CuratorFrameworkImpl.java:456)
	at org.apache.curator.framework.recipes.cache.PathChildrenCache.refresh(PathChildrenCache.java:521)
	at org.apache.curator.framework.recipes.cache.RefreshOperation.invoke(RefreshOperation.java:35)
	at org.apache.curator.framework.recipes.cache.PathChildrenCache$9.run(PathChildrenCache.java:786)
	at java.util.concurrent.Executors$RunnableAdapter.call(Executors.java:511)
	at java.util.concurrent.FutureTask.run(FutureTask.java:266)
	at java.util.concurrent.Executors$RunnableAdapter.call(Executors.java:511)
	at java.util.concurrent.FutureTask.run(FutureTask.java:266)
	at java.util.concurrent.ThreadPoolExecutor.runWorker(ThreadPoolExecutor.java:1149)
	at java.util.concurrent.ThreadPoolExecutor$Worker.run(ThreadPoolExecutor.java:624)
	at java.lang.Thread.run(Thread.java:748)
Heap
 PSYoungGen      total 155136K, used 130305K [0x00000000f5980000, 0x0000000100000000, 0x0000000100000000)
  eden space 138752K, 93% used [0x00000000f5980000,0x00000000fd8183d8,0x00000000fe100000)
  from space 16384K, 4% used [0x00000000ff000000,0x00000000ff0a8050,0x0000000100000000)
  to   space 15360K, 0% used [0x00000000fe100000,0x00000000fe100000,0x00000000ff000000)
 ParOldGen       total 341504K, used 38889K [0x00000000e0c00000, 0x00000000f5980000, 0x00000000f5980000)
  object space 341504K, 11% used [0x00000000e0c00000,0x00000000e31fa478,0x00000000f5980000)
 Metaspace       used 35741K, capacity 36606K, committed 36952K, reserved 1081344K
  class space    used 4933K, capacity 5129K, committed 5248K, reserved 1048576K
