17:03:13,572 |-INFO in ch.qos.logback.classic.LoggerContext[default] - Could NOT find resource [logback-test.xml]
17:03:13,572 |-INFO in ch.qos.logback.classic.LoggerContext[default] - Could NOT find resource [logback.groovy]
17:03:13,573 |-INFO in ch.qos.logback.classic.LoggerContext[default] - Found resource [logback.xml] at [jar:file:/root/flamestream/lib/flamestream-runtime-1.0-SNAPSHOT.jar!/logback.xml]
17:03:13,573 |-WARN in ch.qos.logback.classic.LoggerContext[default] - Resource [logback.xml] occurs multiple times on the classpath.
17:03:13,574 |-WARN in ch.qos.logback.classic.LoggerContext[default] - Resource [logback.xml] occurs at [jar:file:/root/flamestream/lib/flamestream-runtime-1.0-SNAPSHOT.jar!/logback.xml]
17:03:13,574 |-WARN in ch.qos.logback.classic.LoggerContext[default] - Resource [logback.xml] occurs at [jar:file:/root/flamestream/flamestream-runtime-1.0-SNAPSHOT.jar!/logback.xml]
17:03:13,593 |-INFO in ch.qos.logback.core.joran.spi.ConfigurationWatchList@3fb6a447 - URL [jar:file:/root/flamestream/lib/flamestream-runtime-1.0-SNAPSHOT.jar!/logback.xml] is not of type file
17:03:13,664 |-INFO in ch.qos.logback.classic.joran.action.ConfigurationAction - debug attribute not set
17:03:13,665 |-INFO in ch.qos.logback.core.joran.action.AppenderAction - About to instantiate appender of type [ch.qos.logback.core.ConsoleAppender]
17:03:13,681 |-INFO in ch.qos.logback.core.joran.action.AppenderAction - Naming appender as [STDOUT]
17:03:13,699 |-INFO in ch.qos.logback.core.joran.action.NestedComplexPropertyIA - Assuming default type [ch.qos.logback.classic.encoder.PatternLayoutEncoder] for [encoder] property
17:03:13,781 |-INFO in ch.qos.logback.core.joran.action.AppenderAction - About to instantiate appender of type [ch.qos.logback.core.rolling.RollingFileAppender]
17:03:13,792 |-INFO in ch.qos.logback.core.joran.action.AppenderAction - Naming appender as [FILE]
17:03:13,819 |-INFO in c.q.l.core.rolling.TimeBasedRollingPolicy@127618319 - No compression will be used
17:03:13,821 |-INFO in c.q.l.core.rolling.TimeBasedRollingPolicy@127618319 - Will use the pattern /tmp/application_%d{yyyy-MM-dd}.%i.log for the active file
17:03:13,823 |-INFO in ch.qos.logback.core.rolling.SizeAndTimeBasedFNATP@6b2fad11 - The date pattern is 'yyyy-MM-dd' from file name pattern '/tmp/application_%d{yyyy-MM-dd}.%i.log'.
17:03:13,823 |-INFO in ch.qos.logback.core.rolling.SizeAndTimeBasedFNATP@6b2fad11 - Roll-over at midnight.
17:03:13,829 |-INFO in ch.qos.logback.core.rolling.SizeAndTimeBasedFNATP@6b2fad11 - Setting initial period to Mon Jun 10 17:01:39 UTC 2019
17:03:13,829 |-WARN in ch.qos.logback.core.rolling.SizeAndTimeBasedFNATP@6b2fad11 - SizeAndTimeBasedFNATP is deprecated. Use SizeAndTimeBasedRollingPolicy instead
17:03:13,829 |-WARN in ch.qos.logback.core.rolling.SizeAndTimeBasedFNATP@6b2fad11 - For more information see http://logback.qos.ch/manual/appenders.html#SizeAndTimeBasedRollingPolicy
17:03:13,833 |-INFO in ch.qos.logback.core.joran.action.NestedComplexPropertyIA - Assuming default type [ch.qos.logback.classic.encoder.PatternLayoutEncoder] for [encoder] property
17:03:13,838 |-INFO in ch.qos.logback.core.rolling.RollingFileAppender[FILE] - Active log file name: /tmp/application.log
17:03:13,838 |-INFO in ch.qos.logback.core.rolling.RollingFileAppender[FILE] - File property is set to [/tmp/application.log]
17:03:13,838 |-INFO in ch.qos.logback.classic.joran.action.RootLoggerAction - Setting level of ROOT logger to WARN
17:03:13,839 |-INFO in ch.qos.logback.core.joran.action.AppenderRefAction - Attaching appender named [STDOUT] to Logger[ROOT]
17:03:13,839 |-INFO in ch.qos.logback.core.joran.action.AppenderRefAction - Attaching appender named [FILE] to Logger[ROOT]
17:03:13,839 |-INFO in ch.qos.logback.classic.joran.action.ConfigurationAction - End of configuration.
17:03:13,840 |-INFO in ch.qos.logback.classic.joran.JoranConfigurator@79698539 - Registering current configuration as safe fallback point

Ama winner
Ama winner
2019-06-10T17:03:15.087+0000: 1.701: [Full GC (Metadata GC Threshold) 2019-06-10T17:03:15.087+0000: 1.701: [Tenured: 0K->15240K(341376K), 0.0383852 secs] 117750K->15240K(494976K), [Metaspace: 20735K->20735K(1067008K)], 0.0384494 secs] [Times: user=0.03 sys=0.01, real=0.04 secs] 
17:03:35.718 [Curator-PathChildrenCache-1] WARN  o.a.c.u.ZKPaths  - The version of ZooKeeper being used doesn't support Container nodes. CreateMode.PERSISTENT will be used instead.
2019-06-10T17:03:38.098+0000: 24.711: [GC (Allocation Failure) 2019-06-10T17:03:38.098+0000: 24.711: [DefNew: 136576K->17023K(153600K), 0.0263613 secs] 151816K->52809K(494976K), 0.0264394 secs] [Times: user=0.02 sys=0.00, real=0.02 secs] 
2019-06-10T17:03:39.593+0000: 26.207: [Full GC (Metadata GC Threshold) 2019-06-10T17:03:39.593+0000: 26.207: [Tenured: 35785K->44435K(341376K), 0.0405127 secs] 87907K->44435K(494976K), [Metaspace: 34596K->34596K(1079296K)], 0.0405848 secs] [Times: user=0.04 sys=0.01, real=0.04 secs] 
2019-06-10T17:03:45.639+0000: 32.253: [GC (Allocation Failure) 2019-06-10T17:03:45.639+0000: 32.253: [DefNew: 136576K->69K(153600K), 0.0018008 secs] 181011K->44505K(494976K), 0.0018600 secs] [Times: user=0.00 sys=0.00, real=0.00 secs] 
2019-06-10T17:03:51.554+0000: 38.167: [GC (Allocation Failure) 2019-06-10T17:03:51.554+0000: 38.167: [DefNew: 136645K->67K(153600K), 0.0017774 secs] 181081K->44502K(494976K), 0.0018388 secs] [Times: user=0.00 sys=0.00, real=0.00 secs] 
2019-06-10T17:03:57.453+0000: 44.066: [GC (Allocation Failure) 2019-06-10T17:03:57.453+0000: 44.066: [DefNew: 136643K->70K(153600K), 0.0017029 secs] 181078K->44505K(494976K), 0.0017637 secs] [Times: user=0.00 sys=0.00, real=0.00 secs] 
2019-06-10T17:04:03.419+0000: 50.032: [GC (Allocation Failure) 2019-06-10T17:04:03.419+0000: 50.032: [DefNew: 136646K->67K(153600K), 0.0017233 secs] 181081K->44502K(494976K), 0.0017911 secs] [Times: user=0.00 sys=0.00, real=0.00 secs] 
2019-06-10T17:04:18.552+0000: 65.165: [GC (Allocation Failure) 2019-06-10T17:04:18.552+0000: 65.165: [DefNew: 136643K->482K(153600K), 0.0031226 secs] 181078K->44917K(494976K), 0.0031751 secs] [Times: user=0.00 sys=0.00, real=0.00 secs] 
17:04:18.610 [Curator-PathChildrenCache-0] ERROR o.a.c.f.r.c.PathChildrenCache  - 
java.lang.IllegalStateException: instance must be started before calling this method
	at org.apache.curator.shaded.com.google.common.base.Preconditions.checkState(Preconditions.java:444)
	at org.apache.curator.framework.imps.CuratorFrameworkImpl.getChildren(CuratorFrameworkImpl.java:456)
	at org.apache.curator.framework.recipes.cache.PathChildrenCache.refresh(PathChildrenCache.java:521)
	at org.apache.curator.framework.recipes.cache.RefreshOperation.invoke(RefreshOperation.java:35)
	at org.apache.curator.framework.recipes.cache.PathChildrenCache$9.run(PathChildrenCache.java:786)
	at java.util.concurrent.Executors$RunnableAdapter.call(Executors.java:511)
	at java.util.concurrent.FutureTask.run(FutureTask.java:266)
	at java.util.concurrent.Executors$RunnableAdapter.call(Executors.java:511)
	at java.util.concurrent.FutureTask.run(FutureTask.java:266)
	at java.util.concurrent.ThreadPoolExecutor.runWorker(ThreadPoolExecutor.java:1149)
	at java.util.concurrent.ThreadPoolExecutor$Worker.run(ThreadPoolExecutor.java:624)
	at java.lang.Thread.run(Thread.java:748)
Heap
 def new generation   total 153600K, used 12541K [0x00000000e0c00000, 0x00000000eb2a0000, 0x00000000eb2a0000)
  eden space 136576K,   8% used [0x00000000e0c00000, 0x00000000e17c6f98, 0x00000000e9160000)
  from space 17024K,   2% used [0x00000000e9160000, 0x00000000e91d8820, 0x00000000ea200000)
  to   space 17024K,   0% used [0x00000000ea200000, 0x00000000ea200000, 0x00000000eb2a0000)
 tenured generation   total 341376K, used 44435K [0x00000000eb2a0000, 0x0000000100000000, 0x0000000100000000)
   the space 341376K,  13% used [0x00000000eb2a0000, 0x00000000ede04cc8, 0x00000000ede04e00, 0x0000000100000000)
 Metaspace       used 36081K, capacity 36992K, committed 37120K, reserved 1081344K
  class space    used 4872K, capacity 5074K, committed 5120K, reserved 1048576K
