13:11:53,305 |-INFO in ch.qos.logback.classic.LoggerContext[default] - Could NOT find resource [logback-test.xml]
13:11:53,306 |-INFO in ch.qos.logback.classic.LoggerContext[default] - Could NOT find resource [logback.groovy]
13:11:53,306 |-INFO in ch.qos.logback.classic.LoggerContext[default] - Found resource [logback.xml] at [jar:file:/root/flamestream/lib/flamestream-runtime-1.0-SNAPSHOT.jar!/logback.xml]
13:11:53,307 |-WARN in ch.qos.logback.classic.LoggerContext[default] - Resource [logback.xml] occurs multiple times on the classpath.
13:11:53,307 |-WARN in ch.qos.logback.classic.LoggerContext[default] - Resource [logback.xml] occurs at [jar:file:/root/flamestream/lib/flamestream-runtime-1.0-SNAPSHOT.jar!/logback.xml]
13:11:53,307 |-WARN in ch.qos.logback.classic.LoggerContext[default] - Resource [logback.xml] occurs at [jar:file:/root/flamestream/flamestream-runtime-1.0-SNAPSHOT.jar!/logback.xml]
13:11:53,327 |-INFO in ch.qos.logback.core.joran.spi.ConfigurationWatchList@3fb6a447 - URL [jar:file:/root/flamestream/lib/flamestream-runtime-1.0-SNAPSHOT.jar!/logback.xml] is not of type file
13:11:53,395 |-INFO in ch.qos.logback.classic.joran.action.ConfigurationAction - debug attribute not set
13:11:53,395 |-INFO in ch.qos.logback.core.joran.action.AppenderAction - About to instantiate appender of type [ch.qos.logback.core.ConsoleAppender]
13:11:53,412 |-INFO in ch.qos.logback.core.joran.action.AppenderAction - Naming appender as [STDOUT]
13:11:53,429 |-INFO in ch.qos.logback.core.joran.action.NestedComplexPropertyIA - Assuming default type [ch.qos.logback.classic.encoder.PatternLayoutEncoder] for [encoder] property
13:11:53,520 |-INFO in ch.qos.logback.core.joran.action.AppenderAction - About to instantiate appender of type [ch.qos.logback.core.rolling.RollingFileAppender]
13:11:53,525 |-INFO in ch.qos.logback.core.joran.action.AppenderAction - Naming appender as [FILE]
13:11:53,556 |-INFO in c.q.l.core.rolling.TimeBasedRollingPolicy@127618319 - No compression will be used
13:11:53,557 |-INFO in c.q.l.core.rolling.TimeBasedRollingPolicy@127618319 - Will use the pattern /tmp/application_%d{yyyy-MM-dd}.%i.log for the active file
13:11:53,560 |-INFO in ch.qos.logback.core.rolling.SizeAndTimeBasedFNATP@6b2fad11 - The date pattern is 'yyyy-MM-dd' from file name pattern '/tmp/application_%d{yyyy-MM-dd}.%i.log'.
13:11:53,560 |-INFO in ch.qos.logback.core.rolling.SizeAndTimeBasedFNATP@6b2fad11 - Roll-over at midnight.
13:11:53,565 |-INFO in ch.qos.logback.core.rolling.SizeAndTimeBasedFNATP@6b2fad11 - Setting initial period to Mon Jun 10 13:10:26 UTC 2019
13:11:53,565 |-WARN in ch.qos.logback.core.rolling.SizeAndTimeBasedFNATP@6b2fad11 - SizeAndTimeBasedFNATP is deprecated. Use SizeAndTimeBasedRollingPolicy instead
13:11:53,565 |-WARN in ch.qos.logback.core.rolling.SizeAndTimeBasedFNATP@6b2fad11 - For more information see http://logback.qos.ch/manual/appenders.html#SizeAndTimeBasedRollingPolicy
13:11:53,569 |-INFO in ch.qos.logback.core.joran.action.NestedComplexPropertyIA - Assuming default type [ch.qos.logback.classic.encoder.PatternLayoutEncoder] for [encoder] property
13:11:53,574 |-INFO in ch.qos.logback.core.rolling.RollingFileAppender[FILE] - Active log file name: /tmp/application.log
13:11:53,574 |-INFO in ch.qos.logback.core.rolling.RollingFileAppender[FILE] - File property is set to [/tmp/application.log]
13:11:53,575 |-INFO in ch.qos.logback.classic.joran.action.RootLoggerAction - Setting level of ROOT logger to WARN
13:11:53,575 |-INFO in ch.qos.logback.core.joran.action.AppenderRefAction - Attaching appender named [STDOUT] to Logger[ROOT]
13:11:53,577 |-INFO in ch.qos.logback.core.joran.action.AppenderRefAction - Attaching appender named [FILE] to Logger[ROOT]
13:11:53,577 |-INFO in ch.qos.logback.classic.joran.action.ConfigurationAction - End of configuration.
13:11:53,578 |-INFO in ch.qos.logback.classic.joran.JoranConfigurator@79698539 - Registering current configuration as safe fallback point

Ama winner
Ama winner
2019-06-10T13:11:54.912+0000: 1.796: [Full GC (Metadata GC Threshold) 2019-06-10T13:11:54.912+0000: 1.796: [Tenured: 0K->15176K(341376K), 0.0396325 secs] 117751K->15176K(494976K), [Metaspace: 20736K->20736K(1067008K)], 0.0397175 secs] [Times: user=0.03 sys=0.01, real=0.04 secs] 
13:12:13.058 [Curator-PathChildrenCache-1] WARN  o.a.c.u.ZKPaths  - The version of ZooKeeper being used doesn't support Container nodes. CreateMode.PERSISTENT will be used instead.
2019-06-10T13:12:15.320+0000: 22.204: [GC (Allocation Failure) 2019-06-10T13:12:15.320+0000: 22.204: [DefNew: 136576K->17024K(153600K), 0.0278394 secs] 151752K->52658K(494976K), 0.0279251 secs] [Times: user=0.02 sys=0.01, real=0.03 secs] 
2019-06-10T13:12:17.692+0000: 24.576: [Full GC (Metadata GC Threshold) 2019-06-10T13:12:17.692+0000: 24.576: [Tenured: 35634K->44343K(341376K), 0.0449529 secs] 89350K->44343K(494976K), [Metaspace: 34580K->34580K(1079296K)], 0.0450298 secs] [Times: user=0.05 sys=0.00, real=0.05 secs] 
2019-06-10T13:12:26.738+0000: 33.622: [GC (Allocation Failure) 2019-06-10T13:12:26.738+0000: 33.622: [DefNew: 136576K->65K(153600K), 0.0019168 secs] 180919K->44409K(494976K), 0.0019796 secs] [Times: user=0.00 sys=0.00, real=0.00 secs] 
2019-06-10T13:12:35.880+0000: 42.764: [GC (Allocation Failure) 2019-06-10T13:12:35.880+0000: 42.764: [DefNew: 136641K->66K(153600K), 0.0018185 secs] 180985K->44410K(494976K), 0.0018801 secs] [Times: user=0.00 sys=0.00, real=0.00 secs] 
2019-06-10T13:12:45.086+0000: 51.970: [GC (Allocation Failure) 2019-06-10T13:12:45.086+0000: 51.970: [DefNew: 136642K->64K(153600K), 0.0017369 secs] 180986K->44408K(494976K), 0.0017967 secs] [Times: user=0.00 sys=0.00, real=0.00 secs] 
2019-06-10T13:12:54.303+0000: 61.187: [GC (Allocation Failure) 2019-06-10T13:12:54.303+0000: 61.187: [DefNew: 136640K->260K(153600K), 0.0020313 secs] 180984K->44604K(494976K), 0.0020924 secs] [Times: user=0.00 sys=0.00, real=0.01 secs] 
2019-06-10T13:13:05.369+0000: 72.253: [GC (Allocation Failure) 2019-06-10T13:13:05.369+0000: 72.253: [DefNew: 136836K->285K(153600K), 0.0021667 secs] 181180K->44629K(494976K), 0.0022296 secs] [Times: user=0.00 sys=0.00, real=0.00 secs] 
2019-06-10T13:13:16.582+0000: 83.466: [GC (Allocation Failure) 2019-06-10T13:13:16.582+0000: 83.466: [DefNew: 136861K->169K(153600K), 0.0021084 secs] 181205K->44512K(494976K), 0.0021708 secs] [Times: user=0.00 sys=0.00, real=0.01 secs] 
13:13:31.174 [Curator-PathChildrenCache-0] ERROR o.a.c.f.r.c.PathChildrenCache  - 
java.lang.IllegalStateException: instance must be started before calling this method
	at org.apache.curator.shaded.com.google.common.base.Preconditions.checkState(Preconditions.java:444)
	at org.apache.curator.framework.imps.CuratorFrameworkImpl.getChildren(CuratorFrameworkImpl.java:456)
	at org.apache.curator.framework.recipes.cache.PathChildrenCache.refresh(PathChildrenCache.java:521)
	at org.apache.curator.framework.recipes.cache.RefreshOperation.invoke(RefreshOperation.java:35)
	at org.apache.curator.framework.recipes.cache.PathChildrenCache$9.run(PathChildrenCache.java:786)
	at java.util.concurrent.Executors$RunnableAdapter.call(Executors.java:511)
	at java.util.concurrent.FutureTask.run(FutureTask.java:266)
	at java.util.concurrent.Executors$RunnableAdapter.call(Executors.java:511)
	at java.util.concurrent.FutureTask.run(FutureTask.java:266)
	at java.util.concurrent.ThreadPoolExecutor.runWorker(ThreadPoolExecutor.java:1149)
	at java.util.concurrent.ThreadPoolExecutor$Worker.run(ThreadPoolExecutor.java:624)
	at java.lang.Thread.run(Thread.java:748)
Heap
 def new generation   total 153600K, used 64162K [0x00000000e0c00000, 0x00000000eb2a0000, 0x00000000eb2a0000)
  eden space 136576K,  46% used [0x00000000e0c00000, 0x00000000e4a7e398, 0x00000000e9160000)
  from space 17024K,   0% used [0x00000000ea200000, 0x00000000ea22a638, 0x00000000eb2a0000)
  to   space 17024K,   0% used [0x00000000e9160000, 0x00000000e9160000, 0x00000000ea200000)
 tenured generation   total 341376K, used 44343K [0x00000000eb2a0000, 0x0000000100000000, 0x0000000100000000)
   the space 341376K,  12% used [0x00000000eb2a0000, 0x00000000eddedd40, 0x00000000eddede00, 0x0000000100000000)
 Metaspace       used 36154K, capacity 37050K, committed 37376K, reserved 1081344K
  class space    used 4854K, capacity 5073K, committed 5120K, reserved 1048576K
