20:32:15,979 |-INFO in ch.qos.logback.classic.LoggerContext[default] - Could NOT find resource [logback-test.xml]
20:32:15,979 |-INFO in ch.qos.logback.classic.LoggerContext[default] - Could NOT find resource [logback.groovy]
20:32:15,979 |-INFO in ch.qos.logback.classic.LoggerContext[default] - Found resource [logback.xml] at [jar:file:/home/ubuntu/flamestream/lib/flamestream-runtime-1.0-SNAPSHOT.jar!/logback.xml]
20:32:15,980 |-WARN in ch.qos.logback.classic.LoggerContext[default] - Resource [logback.xml] occurs multiple times on the classpath.
20:32:15,980 |-WARN in ch.qos.logback.classic.LoggerContext[default] - Resource [logback.xml] occurs at [jar:file:/home/ubuntu/flamestream/flamestream-runtime-1.0-SNAPSHOT.jar!/logback.xml]
20:32:15,980 |-WARN in ch.qos.logback.classic.LoggerContext[default] - Resource [logback.xml] occurs at [jar:file:/home/ubuntu/flamestream/lib/flamestream-runtime-1.0-SNAPSHOT.jar!/logback.xml]
20:32:15,993 |-INFO in ch.qos.logback.core.joran.spi.ConfigurationWatchList@4678c730 - URL [jar:file:/home/ubuntu/flamestream/lib/flamestream-runtime-1.0-SNAPSHOT.jar!/logback.xml] is not of type file
20:32:16,043 |-INFO in ch.qos.logback.classic.joran.action.ConfigurationAction - debug attribute not set
20:32:16,044 |-INFO in ch.qos.logback.core.joran.action.AppenderAction - About to instantiate appender of type [ch.qos.logback.core.ConsoleAppender]
20:32:16,061 |-INFO in ch.qos.logback.core.joran.action.AppenderAction - Naming appender as [STDOUT]
20:32:16,080 |-INFO in ch.qos.logback.core.joran.action.NestedComplexPropertyIA - Assuming default type [ch.qos.logback.classic.encoder.PatternLayoutEncoder] for [encoder] property
20:32:16,166 |-INFO in ch.qos.logback.core.joran.action.AppenderAction - About to instantiate appender of type [ch.qos.logback.core.rolling.RollingFileAppender]
20:32:16,175 |-INFO in ch.qos.logback.core.joran.action.AppenderAction - Naming appender as [FILE]
20:32:16,210 |-INFO in c.q.l.core.rolling.TimeBasedRollingPolicy@1734853116 - No compression will be used
20:32:16,211 |-INFO in c.q.l.core.rolling.TimeBasedRollingPolicy@1734853116 - Will use the pattern /tmp/application_%d{yyyy-MM-dd}.%i.log for the active file
20:32:16,218 |-INFO in ch.qos.logback.core.rolling.SizeAndTimeBasedFNATP@29ee9faa - The date pattern is 'yyyy-MM-dd' from file name pattern '/tmp/application_%d{yyyy-MM-dd}.%i.log'.
20:32:16,218 |-INFO in ch.qos.logback.core.rolling.SizeAndTimeBasedFNATP@29ee9faa - Roll-over at midnight.
20:32:16,221 |-INFO in ch.qos.logback.core.rolling.SizeAndTimeBasedFNATP@29ee9faa - Setting initial period to Fri Sep 27 20:30:32 UTC 2019
20:32:16,221 |-WARN in ch.qos.logback.core.rolling.SizeAndTimeBasedFNATP@29ee9faa - SizeAndTimeBasedFNATP is deprecated. Use SizeAndTimeBasedRollingPolicy instead
20:32:16,221 |-WARN in ch.qos.logback.core.rolling.SizeAndTimeBasedFNATP@29ee9faa - For more information see http://logback.qos.ch/manual/appenders.html#SizeAndTimeBasedRollingPolicy
20:32:16,223 |-INFO in ch.qos.logback.core.joran.action.NestedComplexPropertyIA - Assuming default type [ch.qos.logback.classic.encoder.PatternLayoutEncoder] for [encoder] property
20:32:16,228 |-INFO in ch.qos.logback.core.rolling.RollingFileAppender[FILE] - Active log file name: /tmp/application.log
20:32:16,228 |-INFO in ch.qos.logback.core.rolling.RollingFileAppender[FILE] - File property is set to [/tmp/application.log]
20:32:16,229 |-INFO in ch.qos.logback.classic.joran.action.RootLoggerAction - Setting level of ROOT logger to INFO
20:32:16,229 |-INFO in ch.qos.logback.core.joran.action.AppenderRefAction - Attaching appender named [STDOUT] to Logger[ROOT]
20:32:16,229 |-INFO in ch.qos.logback.core.joran.action.AppenderRefAction - Attaching appender named [FILE] to Logger[ROOT]
20:32:16,229 |-INFO in ch.qos.logback.classic.joran.action.ConfigurationAction - End of configuration.
20:32:16,230 |-INFO in ch.qos.logback.classic.joran.JoranConfigurator@c038203 - Registering current configuration as safe fallback point

20:32:16.236 [main] INFO  c.s.f.r.WorkerApplication  - Starting worker with workerConfig 'WorkerConfig{id='flamestream-benchmarks-worker-2', localAddress=flamestream-benchmarks-worker-2/10.0.0.15:5412, zkString='flamestream-benchmarks-manager:12181', snapshotPath='/home/ubuntu/flamestream/data', guarantees=AT_MOST_ONCE}'
20:32:17.424 [worker-akka.actor.default-dispatcher-6] INFO  a.e.s.Slf4jLogger  - Slf4jLogger started
2019-09-27T20:32:17.538+0000: 1.839: [Full GC (Metadata GC Threshold) 2019-09-27T20:32:17.538+0000: 1.839: [Tenured: 0K->13626K(1024000K), 0.0438924 secs] 139471K->13626K(1484800K), [Metaspace: 20220K->20220K(1067008K)], 0.0439606 secs] [Times: user=0.03 sys=0.01, real=0.05 secs] 
20:32:17.661 [worker-akka.actor.default-dispatcher-6] WARN  a.r.RemoteActorRefProvider akka.remote.RemoteActorRefProvider - Using the 'remote' ActorRefProvider directly, which is a low-level layer. For most use cases, the 'cluster' abstraction on top of remoting is more suitable instead.
20:32:17.665 [worker-akka.actor.default-dispatcher-6] WARN  a.r.RemoteActorRefProvider akka.remote.RemoteActorRefProvider - Akka Cluster not in use - Using Akka Cluster is recommended if you need remote watch and deploy.
20:32:17.765 [worker-akka.actor.default-dispatcher-6] INFO  a.r.a.a.ArteryAeronUdpTransport(akka://worker) akka.remote.artery.aeron.ArteryAeronUdpTransport(akka://worker) - Started embedded media driver in directory [/dev/shm/aeron-flamestream-benchmarks-worker-2]
20:32:17.791 [worker-akka.actor.default-dispatcher-6] WARN  a.r.a.a.ArteryAeronUdpTransport(akka://worker) akka.remote.artery.aeron.ArteryAeronUdpTransport(akka://worker) - Aeron CnC version mismatch: compiled version = 15, file version = 16
20:32:17.993 [worker-akka.actor.default-dispatcher-6] INFO  a.r.a.a.ArteryAeronUdpTransport(akka://worker) akka.remote.artery.aeron.ArteryAeronUdpTransport(akka://worker) - Remoting started with transport [Artery aeron-udp]; listening on address [akka://worker@flamestream-benchmarks-worker-2:5412] and bound to [akka://worker@0.0.0.0:5412] with UID [-3789220215670965682]
20:32:18.454 [worker-akka.actor.default-dispatcher-10] WARN  a.s.Serialization(akka://worker) akka.serialization.Serialization(akka://worker) - Using serializer [com.romix.akka.serialization.kryo.KryoSerializer] for message [akka.actor.ActorSelectionMessage]. Note that this serializer is not implemented by Akka. It's not recommended to replace serializers for messages provided by Akka.
20:32:18.455 [worker-akka.actor.default-dispatcher-10] WARN  a.s.Serialization(akka://worker) akka.serialization.Serialization(akka://worker) - Using serializer [com.romix.akka.serialization.kryo.KryoSerializer] for message [akka.actor.ActorIdentity]. Note that this serializer is not implemented by Akka. It's not recommended to replace serializers for messages provided by Akka.
20:32:18.478 [worker-akka.actor.default-dispatcher-6] INFO  a.a.RepointableActorRef akka://worker/user/watcher - Starting...
20:32:18.597 [worker-akka.actor.default-dispatcher-10] INFO  o.a.c.u.Compatibility  - Running in ZooKeeper 3.4.x compatibility mode
20:32:18.642 [worker-akka.actor.default-dispatcher-10] INFO  o.a.c.f.i.CuratorFrameworkImpl  - Starting
20:32:18.661 [worker-akka.actor.default-dispatcher-10] INFO  o.a.z.ZooKeeper  - Client environment:zookeeper.version=3.4.14-4c25d480e66aadd371de8bd2fd8da255ac140bcf, built on 03/06/2019 16:18 GMT
20:32:18.662 [worker-akka.actor.default-dispatcher-10] INFO  o.a.z.ZooKeeper  - Client environment:host.name=flamestream-benchmarks-worker-2
20:32:18.662 [worker-akka.actor.default-dispatcher-10] INFO  o.a.z.ZooKeeper  - Client environment:java.version=1.8.0_222
20:32:18.662 [worker-akka.actor.default-dispatcher-10] INFO  o.a.z.ZooKeeper  - Client environment:java.vendor=Private Build
20:32:18.664 [worker-akka.actor.default-dispatcher-10] INFO  o.a.z.ZooKeeper  - Client environment:java.home=/usr/lib/jvm/java-8-openjdk-amd64/jre
20:32:18.665 [worker-akka.actor.default-dispatcher-10] INFO  o.a.z.ZooKeeper  - Client environment:java.class.path=lib/curator-framework-4.0.1.jar:lib/commons-csv-1.4.jar:lib/aeron-client-1.21.2.jar:lib/scala-library-2.12.9.jar:lib/asm-5.0.4.jar:lib/agrona-1.0.1.jar:lib/curator-recipes-4.0.1.jar:lib/akka-testkit_2.12-2.6.0-M6.jar:lib/flamestream-runtime-1.0-SNAPSHOT.jar:lib/jsr305-3.0.2.jar:lib/trove4j-3.0.3.jar:lib/flamestream-core-1.0-SNAPSHOT.jar:lib/commons-io-2.4.jar:lib/minlog-1.3.0.jar:lib/kryonet-2.21.jar:lib/commons-1.4.9.jar:lib/jline-0.9.94.jar:lib/akka-remote_2.12-2.6.0-M6.jar:lib/leveldbjni-all-1.8.jar:lib/lz4-1.3.0.jar:lib/slf4j-api-1.7.24.jar:lib/scala-parser-combinators_2.12-1.1.2.jar:lib/flamestream-core-1.0-SNAPSHOT-tests.jar:lib/logback-core-1.2.3.jar:lib/netty-3.10.6.Final.jar:lib/protobuf-java-3.9.0.jar:lib/minlog-1.2.jar:lib/leveldb-api-0.7.jar:lib/jool-0.9.12.jar:lib/commons-cli-1.4.jar:lib/jblas-1.2.4.jar:lib/reflectasm-1.11.3.jar:lib/reflectasm-1.07-shaded.jar:lib/audience-annotations-0.5.0.jar:lib/jackson-annotations-2.9.6.jar:lib/commons-lang-2.6.jar:lib/ssl-config-core_2.12-0.3.8.jar:lib/annotations-13.0.jar:lib/logback-classic-1.2.3.jar:lib/guava-21.0.jar:lib/reactive-streams-1.0.2.jar:lib/spotbugs-annotations-3.1.9.jar:lib/leveldb-0.7.jar:lib/commons-pool2-2.4.2.jar:lib/rocksdbjni-5.5.1.jar:lib/jackson-core-2.9.9.jar:lib/jackson-databind-2.9.9.2.jar:lib/akka-protobuf-v3_2.12-2.6.0-M6.jar:lib/jackson-annotations-2.9.0.jar:lib/flamestream-examples-1.0-SNAPSHOT.jar:lib/objenesis-2.1.jar:lib/akka-kryo-serialization_2.12-0.5.2.jar:lib/scala-java8-compat_2.12-0.8.0.jar:lib/zookeeper-3.4.14.jar:lib/akka-slf4j_2.12-2.6.0-M6.jar:lib/kryo-4.0.0.jar:lib/akka-stream_2.12-2.6.0-M6.jar:lib/slf4j-simple-2.0.0-alpha0.jar:lib/aeron-driver-1.21.2.jar:lib/config-1.3.1.jar:lib/annotations-12.0.jar:lib/jedis-2.9.0.jar:lib/jcommander-1.48.jar:lib/testng-6.10.jar:lib/akka-actor_2.12-2.6.0-M6.jar:lib/curator-client-4.0.1.jar:flamestream-runtime-1.0-SNAPSHOT.jar
20:32:18.665 [worker-akka.actor.default-dispatcher-10] INFO  o.a.z.ZooKeeper  - Client environment:java.library.path=/usr/java/packages/lib/amd64:/usr/lib/x86_64-linux-gnu/jni:/lib/x86_64-linux-gnu:/usr/lib/x86_64-linux-gnu:/usr/lib/jni:/lib:/usr/lib
20:32:18.665 [worker-akka.actor.default-dispatcher-10] INFO  o.a.z.ZooKeeper  - Client environment:java.io.tmpdir=/tmp
20:32:18.666 [worker-akka.actor.default-dispatcher-10] INFO  o.a.z.ZooKeeper  - Client environment:java.compiler=<NA>
20:32:18.668 [worker-akka.actor.default-dispatcher-10] INFO  o.a.z.ZooKeeper  - Client environment:os.name=Linux
20:32:18.668 [worker-akka.actor.default-dispatcher-10] INFO  o.a.z.ZooKeeper  - Client environment:os.arch=amd64
20:32:18.669 [worker-akka.actor.default-dispatcher-10] INFO  o.a.z.ZooKeeper  - Client environment:os.version=4.15.0-1040-gcp
20:32:18.670 [worker-akka.actor.default-dispatcher-10] INFO  o.a.z.ZooKeeper  - Client environment:user.name=ubuntu
20:32:18.670 [worker-akka.actor.default-dispatcher-10] INFO  o.a.z.ZooKeeper  - Client environment:user.home=/home/ubuntu
20:32:18.670 [worker-akka.actor.default-dispatcher-10] INFO  o.a.z.ZooKeeper  - Client environment:user.dir=/home/ubuntu/flamestream
20:32:18.673 [worker-akka.actor.default-dispatcher-10] INFO  o.a.z.ZooKeeper  - Initiating client connection, connectString=flamestream-benchmarks-manager:12181 sessionTimeout=60000 watcher=org.apache.curator.ConnectionState@7935b76f
20:32:18.710 [worker-akka.actor.default-dispatcher-10-SendThread(flamestream-benchmarks-manager:12181)] INFO  o.a.z.ClientCnxn  - Opening socket connection to server flamestream-benchmarks-manager/10.0.0.2:12181. Will not attempt to authenticate using SASL (unknown error)
20:32:18.711 [worker-akka.actor.default-dispatcher-10] INFO  o.a.c.f.i.CuratorFrameworkImpl  - Default schema
20:32:18.716 [worker-akka.actor.default-dispatcher-10-SendThread(flamestream-benchmarks-manager:12181)] INFO  o.a.z.ClientCnxn  - Socket connection established to flamestream-benchmarks-manager/10.0.0.2:12181, initiating session
20:32:18.754 [worker-akka.actor.default-dispatcher-10-SendThread(flamestream-benchmarks-manager:12181)] INFO  o.a.z.ClientCnxn  - Session establishment complete on server flamestream-benchmarks-manager/10.0.0.2:12181, sessionid = 0x10000a82abd0000, negotiated timeout = 60000
20:32:18.759 [worker-akka.actor.default-dispatcher-10-EventThread] INFO  o.a.c.f.s.ConnectionStateManager  - State change: CONNECTED
20:32:18.763 [worker-akka.actor.default-dispatcher-6] INFO  a.a.RepointableActorRef akka://worker/user/watcher - Initializing rocksDB backend
20:32:19.150 [Curator-PathChildrenCache-0] WARN  o.a.c.u.ZKPaths  - The version of ZooKeeper being used doesn't support Container nodes. CreateMode.PERSISTENT will be used instead.
2019-09-27T20:32:19.260+0000: 3.561: [Full GC (Metadata GC Threshold) 2019-09-27T20:32:19.260+0000: 3.561: [Tenured: 13626K->25950K(1024000K), 0.0640982 secs] 169343K->25950K(1484800K), [Metaspace: 33686K->33686K(1079296K)], 0.0641813 secs] [Times: user=0.05 sys=0.01, real=0.07 secs] 
20:32:19.387 [worker-akka.actor.default-dispatcher-9] INFO  a.a.LocalActorRef akka://worker/user/watcher/processing-watcher - Starting...
20:32:19.411 [worker-akka.actor.default-dispatcher-6] INFO  a.a.LocalActorRef akka://worker/user/watcher/acker - Starting...
20:32:31.084 [worker-akka.actor.default-dispatcher-10] INFO  a.a.LocalActorRef akka://worker/user/watcher/processing-watcher/$a - Starting...
20:32:31.107 [worker-akka.actor.default-dispatcher-9] INFO  a.a.LocalActorRef akka://worker/user/watcher/processing-watcher/$a - Stopped
20:32:34.003 [worker-akka.actor.default-dispatcher-9] INFO  a.a.LocalActorRef akka://worker/user/watcher/processing-watcher/$d/$a - Starting...
20:32:34.011 [worker-akka.actor.default-dispatcher-10] INFO  a.a.LocalActorRef akka://worker/user/watcher/processing-watcher/$d - Starting...
20:32:35.935 [worker-akka.actor.default-dispatcher-15] INFO  a.a.LocalActorRef akka://worker/user/watcher/processing-watcher/graph/graph - Starting...
2019-09-27T20:32:41.475+0000: 25.777: [GC (Allocation Failure) 2019-09-27T20:32:41.476+0000: 25.777: [DefNew: 409600K->11345K(460800K), 0.0206248 secs] 435550K->37296K(1484800K), 0.0207001 secs] [Times: user=0.01 sys=0.01, real=0.02 secs] 
20:32:42.369 [worker-akka.actor.default-dispatcher-6] INFO  a.a.LocalActorRef akka://worker/user/watcher/processing-watcher/graph/graph - Finishing constructor
20:32:42.375 [worker-akka.actor.default-dispatcher-9] INFO  a.a.LocalActorRef akka://worker/user/watcher/processing-watcher/graph - Starting FlameNode with config 'ClusterConfig{paths={flamestream-benchmarks-worker-1=akka://worker@flamestream-benchmarks-worker-1:5412/user/watcher/processing-watcher/graph, flamestream-benchmarks-worker-0=akka://worker@flamestream-benchmarks-worker-0:5412/user/watcher/processing-watcher/graph, flamestream-benchmarks-worker-9=akka://worker@flamestream-benchmarks-worker-9:5412/user/watcher/processing-watcher/graph, flamestream-benchmarks-worker-8=akka://worker@flamestream-benchmarks-worker-8:5412/user/watcher/processing-watcher/graph, flamestream-benchmarks-worker-7=akka://worker@flamestream-benchmarks-worker-7:5412/user/watcher/processing-watcher/graph, flamestream-benchmarks-worker-6=akka://worker@flamestream-benchmarks-worker-6:5412/user/watcher/processing-watcher/graph, flamestream-benchmarks-worker-5=akka://worker@flamestream-benchmarks-worker-5:5412/user/watcher/processing-watcher/graph, flamestream-benchmarks-worker-19=akka://worker@flamestream-benchmarks-worker-19:5412/user/watcher/processing-watcher/graph, flamestream-benchmarks-worker-4=akka://worker@flamestream-benchmarks-worker-4:5412/user/watcher/processing-watcher/graph, flamestream-benchmarks-worker-18=akka://worker@flamestream-benchmarks-worker-18:5412/user/watcher/processing-watcher/graph, flamestream-benchmarks-worker-3=akka://worker@flamestream-benchmarks-worker-3:5412/user/watcher/processing-watcher/graph, flamestream-benchmarks-worker-17=akka://worker@flamestream-benchmarks-worker-17:5412/user/watcher/processing-watcher/graph, flamestream-benchmarks-worker-2=akka://worker@flamestream-benchmarks-worker-2:5412/user/watcher/processing-watcher/graph, flamestream-benchmarks-worker-16=akka://worker@flamestream-benchmarks-worker-16:5412/user/watcher/processing-watcher/graph, flamestream-benchmarks-worker-15=akka://worker@flamestream-benchmarks-worker-15:5412/user/watcher/processing-watcher/graph, flamestream-benchmarks-worker-14=akka://worker@flamestream-benchmarks-worker-14:5412/user/watcher/processing-watcher/graph, flamestream-benchmarks-worker-13=akka://worker@flamestream-benchmarks-worker-13:5412/user/watcher/processing-watcher/graph, flamestream-benchmarks-worker-12=akka://worker@flamestream-benchmarks-worker-12:5412/user/watcher/processing-watcher/graph, flamestream-benchmarks-worker-11=akka://worker@flamestream-benchmarks-worker-11:5412/user/watcher/processing-watcher/graph, flamestream-benchmarks-worker-10=akka://worker@flamestream-benchmarks-worker-10:5412/user/watcher/processing-watcher/graph}}'
20:32:42.391 [worker-akka.actor.default-dispatcher-12] INFO  a.a.LocalActorRef akka://worker/user/watcher/processing-watcher/graph/edge - Starting...
20:32:42.391 [worker-akka.actor.default-dispatcher-12] INFO  a.a.LocalActorRef akka://worker/user/watcher/processing-watcher/graph/negotiator - Starting...
20:32:42.393 [worker-akka.actor.default-dispatcher-12] INFO  a.a.LocalActorRef akka://worker/user/watcher/processing-watcher/graph/negotiator - Requesting ticket for the frontClass FlameSocketGraphDeployerFront@flamestream-benchmarks-worker-2
20:32:42.440 [worker-akka.actor.default-dispatcher-19] INFO  a.a.LocalActorRef akka://worker/user/watcher/processing-watcher/graph/graph - Received last commit 'LastCommit{globalTime=(0000000, min@min)}'
20:32:42.444 [worker-akka.actor.default-dispatcher-9] INFO  c.s.f.r.e.s.SocketRear  - FlameSocketGraphDeployerRear@flamestream-benchmarks-worker-2: connecting to flamestream-benchmarks-manager:5678
20:32:42.454 [worker-akka.actor.default-dispatcher-19] INFO  a.a.LocalActorRef akka://worker/user/watcher/processing-watcher/graph/edge/FlameSocketGraphDeployerFront - Starting...
20:32:42.461 [worker-akka.actor.default-dispatcher-9] INFO  c.s.f.r.e.s.SocketRear  - FlameSocketGraphDeployerRear@flamestream-benchmarks-worker-2: connected to flamestream-benchmarks-manager:5678
20:32:42.462 [worker-akka.actor.default-dispatcher-9] INFO  a.a.LocalActorRef akka://worker/user/watcher/processing-watcher/graph/edge/FlameSocketGraphDeployerRear - Starting...
20:32:42.532 [worker-akka.actor.default-dispatcher-9] INFO  a.a.LocalActorRef akka://worker/user/watcher/processing-watcher/graph/graph/$a - Starting...
20:32:42.538 [worker-akka.actor.default-dispatcher-9] INFO  a.a.LocalActorRef akka://worker/user/watcher/processing-watcher/graph/graph/$b - Starting...
20:32:42.576 [worker-akka.actor.default-dispatcher-15] INFO  a.a.LocalActorRef akka://worker/user/watcher/processing-watcher/graph/graph/$c - Starting...
20:32:42.576 [worker-akka.actor.default-dispatcher-15] INFO  a.a.LocalActorRef akka://worker/user/watcher/processing-watcher/graph/graph/$d - Starting...
20:32:42.578 [worker-akka.actor.default-dispatcher-9] INFO  a.a.LocalActorRef akka://worker/user/watcher/processing-watcher/graph/graph/$e - Starting...
20:32:42.578 [worker-akka.actor.default-dispatcher-9] INFO  a.a.LocalActorRef akka://worker/user/watcher/processing-watcher/graph/graph/$f - Starting...
20:32:42.578 [worker-akka.actor.default-dispatcher-9] INFO  a.a.LocalActorRef akka://worker/user/watcher/processing-watcher/graph/graph/$g - Starting...
20:32:42.580 [worker-akka.actor.default-dispatcher-15] INFO  a.a.LocalActorRef akka://worker/user/watcher/processing-watcher/graph/graph/$h - Starting...
20:32:42.580 [worker-akka.actor.default-dispatcher-15] INFO  a.a.LocalActorRef akka://worker/user/watcher/processing-watcher/graph/graph/$b - Attached rear to graph (-9223372036854775808, min@min)
20:32:42.580 [worker-akka.actor.default-dispatcher-15] INFO  a.a.LocalActorRef akka://worker/user/watcher/processing-watcher/graph/graph/$i - Starting...
20:32:42.583 [worker-akka.actor.default-dispatcher-15] INFO  a.a.LocalActorRef akka://worker/user/watcher/acker - Unregistering front FlameSocketGraphDeployerFront@flamestream-benchmarks-worker-0
20:32:42.731 [worker-akka.actor.default-dispatcher-15] INFO  a.a.LocalActorRef akka://worker/user/watcher/processing-watcher/graph/negotiator - Ticket for the frontClass received: FrontTicket{allowedTimestamp=(0000000, FlameSocketGraphDeployerFront@flamestream-benchmarks-worker-2)}
20:32:42.733 [worker-akka.actor.default-dispatcher-15] INFO  c.s.f.r.e.s.SocketFront  - FlameSocketGraphDeployerFront@flamestream-benchmarks-worker-2: connecting to flamestream-benchmarks-manager:4567
20:32:42.821 [Client] INFO  c.s.f.r.e.s.SocketFront  - FlameSocketGraphDeployerFront@flamestream-benchmarks-worker-2 has been disconnected from Connection 2
20:32:42.822 [worker-akka.actor.default-dispatcher-15] INFO  a.a.LocalActorRef akka://worker/user/watcher/acker - Unregistering front FlameSocketGraphDeployerFront@flamestream-benchmarks-worker-2
20:32:43.053 [worker-akka.actor.default-dispatcher-15] INFO  a.a.LocalActorRef akka://worker/user/watcher/acker - Unregistering front FlameSocketGraphDeployerFront@flamestream-benchmarks-worker-1
2019-09-27T20:32:48.551+0000: 32.853: [GC (Allocation Failure) 2019-09-27T20:32:48.551+0000: 32.853: [DefNew: 420945K->30629K(460800K), 0.0347863 secs] 446896K->56580K(1484800K), 0.0348880 secs] [Times: user=0.02 sys=0.01, real=0.03 secs] 
2019-09-27T20:32:55.594+0000: 39.896: [GC (Allocation Failure) 2019-09-27T20:32:55.595+0000: 39.896: [DefNew: 440229K->21468K(460800K), 0.0263555 secs] 466180K->56462K(1484800K), 0.0264275 secs] [Times: user=0.03 sys=0.00, real=0.03 secs] 
2019-09-27T20:33:02.395+0000: 46.696: [GC (Allocation Failure) 2019-09-27T20:33:02.395+0000: 46.696: [DefNew: 431068K->21469K(460800K), 0.0087584 secs] 466062K->56463K(1484800K), 0.0088278 secs] [Times: user=0.01 sys=0.00, real=0.01 secs] 
2019-09-27T20:33:09.196+0000: 53.497: [GC (Allocation Failure) 2019-09-27T20:33:09.196+0000: 53.497: [DefNew: 431069K->21467K(460800K), 0.0097837 secs] 466063K->56461K(1484800K), 0.0098614 secs] [Times: user=0.01 sys=0.00, real=0.01 secs] 
2019-09-27T20:33:15.967+0000: 60.268: [GC (Allocation Failure) 2019-09-27T20:33:15.967+0000: 60.268: [DefNew: 431067K->21466K(460800K), 0.0095752 secs] 466061K->56460K(1484800K), 0.0096565 secs] [Times: user=0.01 sys=0.00, real=0.01 secs] 
2019-09-27T20:33:23.279+0000: 67.580: [GC (Allocation Failure) 2019-09-27T20:33:23.279+0000: 67.580: [DefNew: 431066K->21928K(460800K), 0.0098811 secs] 466060K->56922K(1484800K), 0.0099564 secs] [Times: user=0.01 sys=0.00, real=0.02 secs] 
2019-09-27T20:33:31.110+0000: 75.411: [GC (Allocation Failure) 2019-09-27T20:33:31.110+0000: 75.411: [DefNew: 431528K->21703K(460800K), 0.0094962 secs] 466522K->56697K(1484800K), 0.0095857 secs] [Times: user=0.01 sys=0.00, real=0.00 secs] 
2019-09-27T20:33:39.023+0000: 83.324: [GC (Allocation Failure) 2019-09-27T20:33:39.023+0000: 83.324: [DefNew: 431303K->21702K(460800K), 0.0089163 secs] 466297K->56696K(1484800K), 0.0089912 secs] [Times: user=0.00 sys=0.00, real=0.01 secs] 
2019-09-27T20:33:46.898+0000: 91.199: [GC (Allocation Failure) 2019-09-27T20:33:46.898+0000: 91.199: [DefNew: 431302K->21701K(460800K), 0.0089601 secs] 466296K->56695K(1484800K), 0.0090334 secs] [Times: user=0.00 sys=0.01, real=0.01 secs] 
2019-09-27T20:33:54.726+0000: 99.027: [GC (Allocation Failure) 2019-09-27T20:33:54.726+0000: 99.027: [DefNew: 431301K->21703K(460800K), 0.0096619 secs] 466295K->56697K(1484800K), 0.0097409 secs] [Times: user=0.01 sys=0.00, real=0.01 secs] 
2019-09-27T20:34:02.617+0000: 106.918: [GC (Allocation Failure) 2019-09-27T20:34:02.617+0000: 106.918: [DefNew: 431303K->21704K(460800K), 0.0094610 secs] 466297K->56698K(1484800K), 0.0095345 secs] [Times: user=0.01 sys=0.00, real=0.01 secs] 
2019-09-27T20:34:10.482+0000: 114.783: [GC (Allocation Failure) 2019-09-27T20:34:10.482+0000: 114.783: [DefNew: 431304K->21702K(460800K), 0.0092666 secs] 466298K->56696K(1484800K), 0.0093373 secs] [Times: user=0.01 sys=0.01, real=0.01 secs] 
2019-09-27T20:34:18.191+0000: 122.492: [GC (Allocation Failure) 2019-09-27T20:34:18.191+0000: 122.492: [DefNew: 431302K->21757K(460800K), 0.0090493 secs] 466296K->56751K(1484800K), 0.0091248 secs] [Times: user=0.01 sys=0.00, real=0.00 secs] 
2019-09-27T20:34:25.996+0000: 130.298: [GC (Allocation Failure) 2019-09-27T20:34:25.996+0000: 130.298: [DefNew: 431357K->21820K(460800K), 0.0097552 secs] 466351K->56814K(1484800K), 0.0098248 secs] [Times: user=0.01 sys=0.00, real=0.01 secs] 
2019-09-27T20:34:33.817+0000: 138.118: [GC (Allocation Failure) 2019-09-27T20:34:33.817+0000: 138.118: [DefNew: 431420K->21820K(460800K), 0.0093410 secs] 466414K->56814K(1484800K), 0.0094271 secs] [Times: user=0.00 sys=0.00, real=0.01 secs] 
2019-09-27T20:34:41.647+0000: 145.948: [GC (Allocation Failure) 2019-09-27T20:34:41.647+0000: 145.948: [DefNew: 431420K->466K(460800K), 0.0209933 secs] 466414K->56813K(1484800K), 0.0210678 secs] [Times: user=0.01 sys=0.00, real=0.03 secs] 
2019-09-27T20:34:49.453+0000: 153.754: [GC (Allocation Failure) 2019-09-27T20:34:49.453+0000: 153.754: [DefNew: 410066K->416K(460800K), 0.0032894 secs] 466413K->56815K(1484800K), 0.0033830 secs] [Times: user=0.00 sys=0.00, real=0.00 secs] 
2019-09-27T20:34:57.335+0000: 161.636: [GC (Allocation Failure) 2019-09-27T20:34:57.335+0000: 161.636: [DefNew: 410016K->415K(460800K), 0.0032391 secs] 466415K->56816K(1484800K), 0.0033096 secs] [Times: user=0.00 sys=0.00, real=0.00 secs] 
2019-09-27T20:35:05.161+0000: 169.462: [GC (Allocation Failure) 2019-09-27T20:35:05.161+0000: 169.462: [DefNew: 410015K->416K(460800K), 0.0031869 secs] 466416K->56817K(1484800K), 0.0032534 secs] [Times: user=0.00 sys=0.00, real=0.00 secs] 
2019-09-27T20:35:12.999+0000: 177.300: [GC (Allocation Failure) 2019-09-27T20:35:12.999+0000: 177.300: [DefNew: 410016K->415K(460800K), 0.0033233 secs] 466417K->56817K(1484800K), 0.0034230 secs] [Times: user=0.01 sys=0.00, real=0.01 secs] 
2019-09-27T20:35:20.869+0000: 185.170: [GC (Allocation Failure) 2019-09-27T20:35:20.869+0000: 185.170: [DefNew: 410015K->236K(460800K), 0.0033920 secs] 466417K->56848K(1484800K), 0.0034616 secs] [Times: user=0.01 sys=0.00, real=0.00 secs] 
2019-09-27T20:35:28.748+0000: 193.049: [GC (Allocation Failure) 2019-09-27T20:35:28.748+0000: 193.049: [DefNew: 409836K->255K(460800K), 0.0028777 secs] 466448K->56872K(1484800K), 0.0029674 secs] [Times: user=0.00 sys=0.00, real=0.01 secs] 
2019-09-27T20:35:36.614+0000: 200.915: [GC (Allocation Failure) 2019-09-27T20:35:36.614+0000: 200.915: [DefNew: 409855K->254K(460800K), 0.0028935 secs] 466472K->56873K(1484800K), 0.0029699 secs] [Times: user=0.00 sys=0.00, real=0.00 secs] 
2019-09-27T20:35:44.446+0000: 208.747: [GC (Allocation Failure) 2019-09-27T20:35:44.446+0000: 208.747: [DefNew: 409854K->255K(460800K), 0.0029038 secs] 466473K->56874K(1484800K), 0.0029748 secs] [Times: user=0.00 sys=0.00, real=0.01 secs] 
2019-09-27T20:35:52.258+0000: 216.559: [GC (Allocation Failure) 2019-09-27T20:35:52.258+0000: 216.559: [DefNew: 409855K->260K(460800K), 0.0026709 secs] 466474K->56879K(1484800K), 0.0027379 secs] [Times: user=0.00 sys=0.00, real=0.01 secs] 
2019-09-27T20:36:00.068+0000: 224.369: [GC (Allocation Failure) 2019-09-27T20:36:00.068+0000: 224.369: [DefNew: 409860K->254K(460800K), 0.0027017 secs] 466479K->56874K(1484800K), 0.0027725 secs] [Times: user=0.01 sys=0.00, real=0.01 secs] 
2019-09-27T20:36:07.885+0000: 232.186: [GC (Allocation Failure) 2019-09-27T20:36:07.885+0000: 232.187: [DefNew: 409854K->254K(460800K), 0.0029440 secs] 466474K->56874K(1484800K), 0.0030155 secs] [Times: user=0.00 sys=0.00, real=0.01 secs] 
2019-09-27T20:36:15.753+0000: 240.054: [GC (Allocation Failure) 2019-09-27T20:36:15.753+0000: 240.054: [DefNew: 409854K->231K(460800K), 0.0028836 secs] 466474K->56906K(1484800K), 0.0029709 secs] [Times: user=0.00 sys=0.00, real=0.00 secs] 
2019-09-27T20:36:23.609+0000: 247.910: [GC (Allocation Failure) 2019-09-27T20:36:23.609+0000: 247.911: [DefNew: 409831K->264K(460800K), 0.0030820 secs] 466506K->57001K(1484800K), 0.0031497 secs] [Times: user=0.00 sys=0.00, real=0.00 secs] 
2019-09-27T20:36:31.415+0000: 255.716: [GC (Allocation Failure) 2019-09-27T20:36:31.415+0000: 255.716: [DefNew: 409864K->261K(460800K), 0.0028226 secs] 466601K->56998K(1484800K), 0.0028947 secs] [Times: user=0.00 sys=0.00, real=0.00 secs] 
2019-09-27T20:36:39.253+0000: 263.554: [GC (Allocation Failure) 2019-09-27T20:36:39.253+0000: 263.554: [DefNew: 409861K->258K(460800K), 0.0028190 secs] 466598K->56996K(1484800K), 0.0028861 secs] [Times: user=0.00 sys=0.00, real=0.00 secs] 
2019-09-27T20:36:47.038+0000: 271.339: [GC (Allocation Failure) 2019-09-27T20:36:47.038+0000: 271.339: [DefNew: 409858K->258K(460800K), 0.0027324 secs] 466596K->56996K(1484800K), 0.0028166 secs] [Times: user=0.00 sys=0.00, real=0.01 secs] 
2019-09-27T20:36:54.848+0000: 279.150: [GC (Allocation Failure) 2019-09-27T20:36:54.848+0000: 279.150: [DefNew: 409858K->257K(460800K), 0.0027147 secs] 466596K->56996K(1484800K), 0.0028020 secs] [Times: user=0.00 sys=0.00, real=0.00 secs] 
2019-09-27T20:37:02.635+0000: 286.937: [GC (Allocation Failure) 2019-09-27T20:37:02.636+0000: 286.937: [DefNew: 409857K->257K(460800K), 0.0026508 secs] 466596K->56997K(1484800K), 0.0027208 secs] [Times: user=0.01 sys=0.00, real=0.00 secs] 
2019-09-27T20:37:10.467+0000: 294.769: [GC (Allocation Failure) 2019-09-27T20:37:10.467+0000: 294.769: [DefNew: 409857K->256K(460800K), 0.0028723 secs] 466597K->56995K(1484800K), 0.0029461 secs] [Times: user=0.00 sys=0.00, real=0.01 secs] 
2019-09-27T20:37:18.153+0000: 302.454: [GC (Allocation Failure) 2019-09-27T20:37:18.153+0000: 302.454: [DefNew: 409856K->266K(460800K), 0.0029592 secs] 466595K->57038K(1484800K), 0.0030257 secs] [Times: user=0.01 sys=0.00, real=0.00 secs] 
2019-09-27T20:37:25.945+0000: 310.246: [GC (Allocation Failure) 2019-09-27T20:37:25.945+0000: 310.246: [DefNew: 409866K->270K(460800K), 0.0028826 secs] 466638K->57066K(1484800K), 0.0029557 secs] [Times: user=0.01 sys=0.00, real=0.00 secs] 
2019-09-27T20:37:33.746+0000: 318.048: [GC (Allocation Failure) 2019-09-27T20:37:33.747+0000: 318.048: [DefNew: 409870K->272K(460800K), 0.0028699 secs] 466666K->57069K(1484800K), 0.0039154 secs] [Times: user=0.00 sys=0.00, real=0.01 secs] 
2019-09-27T20:37:41.557+0000: 325.859: [GC (Allocation Failure) 2019-09-27T20:37:41.557+0000: 325.859: [DefNew: 409872K->271K(460800K), 0.0026951 secs] 466669K->57068K(1484800K), 0.0027661 secs] [Times: user=0.00 sys=0.00, real=0.01 secs] 
2019-09-27T20:37:49.377+0000: 333.678: [GC (Allocation Failure) 2019-09-27T20:37:49.377+0000: 333.678: [DefNew: 409871K->271K(460800K), 0.0025681 secs] 466668K->57068K(1484800K), 0.0026394 secs] [Times: user=0.00 sys=0.01, real=0.00 secs] 
2019-09-27T20:37:57.182+0000: 341.484: [GC (Allocation Failure) 2019-09-27T20:37:57.182+0000: 341.484: [DefNew: 409871K->273K(460800K), 0.0027906 secs] 466668K->57070K(1484800K), 0.0028626 secs] [Times: user=0.00 sys=0.00, real=0.00 secs] 
2019-09-27T20:38:04.998+0000: 349.299: [GC (Allocation Failure) 2019-09-27T20:38:04.998+0000: 349.299: [DefNew: 409873K->270K(460800K), 0.0027081 secs] 466670K->57067K(1484800K), 0.0027845 secs] [Times: user=0.00 sys=0.00, real=0.01 secs] 
2019-09-27T20:38:12.826+0000: 357.127: [GC (Allocation Failure) 2019-09-27T20:38:12.826+0000: 357.127: [DefNew: 409870K->238K(460800K), 0.0026895 secs] 466667K->57067K(1484800K), 0.0027574 secs] [Times: user=0.00 sys=0.00, real=0.01 secs] 
2019-09-27T20:38:20.629+0000: 364.930: [GC (Allocation Failure) 2019-09-27T20:38:20.629+0000: 364.930: [DefNew: 409838K->153K(460800K), 0.0028515 secs] 466667K->57073K(1484800K), 0.0029252 secs] [Times: user=0.01 sys=0.00, real=0.00 secs] 
2019-09-27T20:38:28.425+0000: 372.727: [GC (Allocation Failure) 2019-09-27T20:38:28.425+0000: 372.727: [DefNew: 409753K->154K(460800K), 0.0025467 secs] 466673K->57073K(1484800K), 0.0026179 secs] [Times: user=0.00 sys=0.01, real=0.00 secs] 
2019-09-27T20:38:36.207+0000: 380.509: [GC (Allocation Failure) 2019-09-27T20:38:36.207+0000: 380.509: [DefNew: 409754K->154K(460800K), 0.0026504 secs] 466673K->57073K(1484800K), 0.0027245 secs] [Times: user=0.01 sys=0.00, real=0.01 secs] 
2019-09-27T20:38:44.027+0000: 388.328: [GC (Allocation Failure) 2019-09-27T20:38:44.027+0000: 388.328: [DefNew: 409754K->156K(460800K), 0.0028345 secs] 466673K->57076K(1484800K), 0.0029088 secs] [Times: user=0.00 sys=0.00, real=0.01 secs] 
2019-09-27T20:38:51.842+0000: 396.143: [GC (Allocation Failure) 2019-09-27T20:38:51.842+0000: 396.143: [DefNew: 409756K->154K(460800K), 0.0028377 secs] 466676K->57074K(1484800K), 0.0029081 secs] [Times: user=0.00 sys=0.00, real=0.00 secs] 
2019-09-27T20:38:59.644+0000: 403.945: [GC (Allocation Failure) 2019-09-27T20:38:59.644+0000: 403.945: [DefNew: 409754K->153K(460800K), 0.0026545 secs] 466674K->57073K(1484800K), 0.0027541 secs] [Times: user=0.00 sys=0.00, real=0.00 secs] 
2019-09-27T20:39:07.458+0000: 411.759: [GC (Allocation Failure) 2019-09-27T20:39:07.458+0000: 411.759: [DefNew: 409753K->153K(460800K), 0.0026694 secs] 466673K->57073K(1484800K), 0.0027456 secs] [Times: user=0.00 sys=0.00, real=0.01 secs] 
2019-09-27T20:39:15.276+0000: 419.577: [GC (Allocation Failure) 2019-09-27T20:39:15.276+0000: 419.577: [DefNew: 409753K->114K(460800K), 0.0026860 secs] 466673K->57074K(1484800K), 0.0027635 secs] [Times: user=0.01 sys=0.00, real=0.00 secs] 
2019-09-27T20:39:23.093+0000: 427.394: [GC (Allocation Failure) 2019-09-27T20:39:23.093+0000: 427.394: [DefNew: 409714K->108K(460800K), 0.0027798 secs] 466674K->57098K(1484800K), 0.0028550 secs] [Times: user=0.00 sys=0.00, real=0.00 secs] 
2019-09-27T20:39:30.834+0000: 435.135: [GC (Allocation Failure) 2019-09-27T20:39:30.834+0000: 435.135: [DefNew: 409708K->107K(460800K), 0.0026377 secs] 466698K->57097K(1484800K), 0.0027113 secs] [Times: user=0.01 sys=0.00, real=0.00 secs] 
2019-09-27T20:39:38.612+0000: 442.913: [GC (Allocation Failure) 2019-09-27T20:39:38.612+0000: 442.913: [DefNew: 409707K->109K(460800K), 0.0025573 secs] 466697K->57100K(1484800K), 0.0026341 secs] [Times: user=0.01 sys=0.00, real=0.00 secs] 
2019-09-27T20:39:46.389+0000: 450.690: [GC (Allocation Failure) 2019-09-27T20:39:46.389+0000: 450.690: [DefNew: 409709K->110K(460800K), 0.0024942 secs] 466700K->57102K(1484800K), 0.0025646 secs] [Times: user=0.00 sys=0.00, real=0.00 secs] 
2019-09-27T20:39:54.140+0000: 458.441: [GC (Allocation Failure) 2019-09-27T20:39:54.140+0000: 458.441: [DefNew: 409710K->110K(460800K), 0.0025750 secs] 466702K->57101K(1484800K), 0.0026549 secs] [Times: user=0.00 sys=0.00, real=0.01 secs] 
2019-09-27T20:40:01.949+0000: 466.250: [GC (Allocation Failure) 2019-09-27T20:40:01.949+0000: 466.250: [DefNew: 409710K->106K(460800K), 0.0027211 secs] 466701K->57097K(1484800K), 0.0027917 secs] [Times: user=0.00 sys=0.00, real=0.00 secs] 
2019-09-27T20:40:09.756+0000: 474.057: [GC (Allocation Failure) 2019-09-27T20:40:09.756+0000: 474.057: [DefNew: 409706K->108K(460800K), 0.0026503 secs] 466697K->57100K(1484800K), 0.0027342 secs] [Times: user=0.00 sys=0.00, real=0.00 secs] 
2019-09-27T20:40:17.550+0000: 481.851: [GC (Allocation Failure) 2019-09-27T20:40:17.550+0000: 481.851: [DefNew: 409708K->104K(460800K), 0.0026506 secs] 466700K->57100K(1484800K), 0.0027168 secs] [Times: user=0.01 sys=0.00, real=0.00 secs] 
2019-09-27T20:40:25.343+0000: 489.644: [GC (Allocation Failure) 2019-09-27T20:40:25.343+0000: 489.644: [DefNew: 409704K->125K(460800K), 0.0029458 secs] 466700K->57122K(1484800K), 0.0030253 secs] [Times: user=0.00 sys=0.00, real=0.00 secs] 
2019-09-27T20:40:33.102+0000: 497.403: [GC (Allocation Failure) 2019-09-27T20:40:33.102+0000: 497.403: [DefNew: 409725K->125K(460800K), 0.0027916 secs] 466722K->57122K(1484800K), 0.0028689 secs] [Times: user=0.01 sys=0.00, real=0.00 secs] 
2019-09-27T20:40:40.892+0000: 505.193: [GC (Allocation Failure) 2019-09-27T20:40:40.892+0000: 505.193: [DefNew: 409725K->125K(460800K), 0.0026150 secs] 466722K->57122K(1484800K), 0.0026895 secs] [Times: user=0.01 sys=0.00, real=0.00 secs] 
2019-09-27T20:40:48.718+0000: 513.019: [GC (Allocation Failure) 2019-09-27T20:40:48.718+0000: 513.019: [DefNew: 409725K->125K(460800K), 0.0026790 secs] 466722K->57122K(1484800K), 0.0027599 secs] [Times: user=0.00 sys=0.00, real=0.01 secs] 
2019-09-27T20:40:56.466+0000: 520.767: [GC (Allocation Failure) 2019-09-27T20:40:56.466+0000: 520.767: [DefNew: 409725K->126K(460800K), 0.0026094 secs] 466722K->57123K(1484800K), 0.0026837 secs] [Times: user=0.01 sys=0.00, real=0.01 secs] 
2019-09-27T20:41:04.249+0000: 528.551: [GC (Allocation Failure) 2019-09-27T20:41:04.250+0000: 528.551: [DefNew: 409726K->125K(460800K), 0.0026905 secs] 466723K->57122K(1484800K), 0.0027598 secs] [Times: user=0.00 sys=0.00, real=0.00 secs] 
2019-09-27T20:41:12.016+0000: 536.318: [GC (Allocation Failure) 2019-09-27T20:41:12.016+0000: 536.318: [DefNew: 409725K->125K(460800K), 0.0026783 secs] 466722K->57122K(1484800K), 0.0027487 secs] [Times: user=0.01 sys=0.00, real=0.00 secs] 
2019-09-27T20:41:16.734+0000: 541.035: [GC (Allocation Failure) 2019-09-27T20:41:16.734+0000: 541.035: [DefNew: 409725K->123K(460800K), 0.0027322 secs] 466722K->57144K(1484800K), 0.0027974 secs] [Times: user=0.00 sys=0.00, real=0.00 secs] 
2019-09-27T20:41:20.265+0000: 544.566: [GC (Allocation Failure) 2019-09-27T20:41:20.265+0000: 544.566: [DefNew: 409723K->173K(460800K), 0.0027441 secs] 466744K->57195K(1484800K), 0.0028102 secs] [Times: user=0.00 sys=0.00, real=0.00 secs] 
2019-09-27T20:41:23.935+0000: 548.238: [GC (Allocation Failure) 2019-09-27T20:41:23.937+0000: 548.238: [DefNew: 409773K->188K(460800K), 0.0027424 secs] 466795K->57210K(1484800K), 0.0040286 secs] [Times: user=0.01 sys=0.00, real=0.00 secs] 
2019-09-27T20:41:27.639+0000: 551.940: [GC (Allocation Failure) 2019-09-27T20:41:27.639+0000: 551.940: [DefNew: 409788K->191K(460800K), 0.0025582 secs] 466810K->57212K(1484800K), 0.0026244 secs] [Times: user=0.00 sys=0.00, real=0.01 secs] 
2019-09-27T20:41:31.035+0000: 555.336: [GC (Allocation Failure) 2019-09-27T20:41:31.035+0000: 555.336: [DefNew: 409791K->218K(460800K), 0.0027915 secs] 466812K->57239K(1484800K), 0.0028883 secs] [Times: user=0.00 sys=0.00, real=0.00 secs] 
20:41:32.563 [Client] INFO  c.s.f.r.e.s.SocketRear  - FlameSocketGraphDeployerRear@flamestream-benchmarks-worker-2: has been disconnected from Connection 2
20:41:32.568 [worker-akka.actor.default-dispatcher-9] INFO  a.a.LocalActorRef akka://worker/user/watcher/acker - Unregistering front FlameSocketGraphDeployerFront@flamestream-benchmarks-worker-15
20:41:32.569 [worker-akka.actor.default-dispatcher-9] INFO  a.a.LocalActorRef akka://worker/user/watcher/acker - Unregistering front FlameSocketGraphDeployerFront@flamestream-benchmarks-worker-11
20:41:32.569 [worker-akka.actor.default-dispatcher-9] INFO  a.a.LocalActorRef akka://worker/user/watcher/acker - Unregistering front FlameSocketGraphDeployerFront@flamestream-benchmarks-worker-12
20:41:32.570 [worker-akka.actor.default-dispatcher-9] INFO  a.a.LocalActorRef akka://worker/user/watcher/acker - Unregistering front FlameSocketGraphDeployerFront@flamestream-benchmarks-worker-13
20:41:32.570 [worker-akka.actor.default-dispatcher-9] INFO  a.a.LocalActorRef akka://worker/user/watcher/acker - Unregistering front FlameSocketGraphDeployerFront@flamestream-benchmarks-worker-3
20:41:32.572 [worker-akka.actor.default-dispatcher-9] INFO  a.a.LocalActorRef akka://worker/user/watcher/acker - Unregistering front FlameSocketGraphDeployerFront@flamestream-benchmarks-worker-6
20:41:32.572 [worker-akka.actor.default-dispatcher-9] INFO  a.a.LocalActorRef akka://worker/user/watcher/acker - Unregistering front FlameSocketGraphDeployerFront@flamestream-benchmarks-worker-14
20:41:32.572 [worker-akka.actor.default-dispatcher-9] INFO  a.a.LocalActorRef akka://worker/user/watcher/acker - Unregistering front FlameSocketGraphDeployerFront@flamestream-benchmarks-worker-18
20:41:32.574 [worker-akka.actor.default-dispatcher-9] INFO  a.a.LocalActorRef akka://worker/user/watcher/acker - Unregistering front FlameSocketGraphDeployerFront@flamestream-benchmarks-worker-5
20:41:32.574 [worker-akka.actor.default-dispatcher-9] INFO  a.a.LocalActorRef akka://worker/user/watcher/acker - Unregistering front FlameSocketGraphDeployerFront@flamestream-benchmarks-worker-16
20:41:32.574 [worker-akka.actor.default-dispatcher-15] INFO  a.a.LocalActorRef akka://worker/user/watcher/acker - Unregistering front FlameSocketGraphDeployerFront@flamestream-benchmarks-worker-8
20:41:32.574 [worker-akka.actor.default-dispatcher-15] INFO  a.a.LocalActorRef akka://worker/user/watcher/acker - Unregistering front FlameSocketGraphDeployerFront@flamestream-benchmarks-worker-4
20:41:32.574 [worker-akka.actor.default-dispatcher-15] INFO  a.a.LocalActorRef akka://worker/user/watcher/acker - Unregistering front FlameSocketGraphDeployerFront@flamestream-benchmarks-worker-17
20:41:32.574 [worker-akka.actor.default-dispatcher-15] INFO  a.a.LocalActorRef akka://worker/user/watcher/acker - Unregistering front FlameSocketGraphDeployerFront@flamestream-benchmarks-worker-7
20:41:32.574 [worker-akka.actor.default-dispatcher-15] INFO  a.a.LocalActorRef akka://worker/user/watcher/acker - Unregistering front FlameSocketGraphDeployerFront@flamestream-benchmarks-worker-19
20:41:32.574 [worker-akka.actor.default-dispatcher-15] INFO  a.a.LocalActorRef akka://worker/user/watcher/acker - Unregistering front FlameSocketGraphDeployerFront@flamestream-benchmarks-worker-10
20:41:32.578 [worker-akka.actor.default-dispatcher-9] INFO  a.a.LocalActorRef akka://worker/user/watcher/acker - Unregistering front FlameSocketGraphDeployerFront@flamestream-benchmarks-worker-9
20:41:32.580 [worker-akka.actor.default-dispatcher-9] WARN  c.s.f.r.e.s.SocketRear  - FlameSocketGraphDeployerRear@flamestream-benchmarks-worker-2: writing to closed log
2019-09-27T20:41:38.343+0000: 562.645: [GC (Allocation Failure) 2019-09-27T20:41:38.343+0000: 562.645: [DefNew: 409818K->178K(460800K), 0.0032558 secs] 466839K->57199K(1484800K), 0.0033257 secs] [Times: user=0.00 sys=0.00, real=0.00 secs] 
2019-09-27T20:41:48.081+0000: 572.383: [GC (Allocation Failure) 2019-09-27T20:41:48.081+0000: 572.383: [DefNew: 409778K->178K(460800K), 0.0023667 secs] 466799K->57199K(1484800K), 0.0024409 secs] [Times: user=0.01 sys=0.00, real=0.00 secs] 
2019-09-27T20:41:57.740+0000: 582.041: [GC (Allocation Failure) 2019-09-27T20:41:57.740+0000: 582.041: [DefNew: 409778K->178K(460800K), 0.0024963 secs] 466799K->57199K(1484800K), 0.0025654 secs] [Times: user=0.00 sys=0.01, real=0.01 secs] 
20:42:05.872 [worker-akka.actor.default-dispatcher-15] INFO  a.a.LocalActorRef akka://worker/user/watcher/processing-watcher/graph/negotiator - Stopped
20:42:05.872 [worker-akka.actor.default-dispatcher-15] INFO  a.a.LocalActorRef akka://worker/user/watcher/acker - Stopped
20:42:05.872 [worker-akka.actor.default-dispatcher-15] INFO  a.a.LocalActorRef akka://worker/user/watcher/processing-watcher/graph/graph/$a - Stopped
20:42:05.872 [worker-akka.actor.default-dispatcher-15] INFO  a.a.LocalActorRef akka://worker/user/watcher/processing-watcher/graph/graph/$b - Stopped
20:42:05.872 [worker-akka.actor.default-dispatcher-15] INFO  a.a.LocalActorRef akka://worker/user/watcher/processing-watcher/$d/$a - Stopped
20:42:05.873 [worker-akka.actor.default-dispatcher-23] INFO  a.a.LocalActorRef akka://worker/user/watcher/processing-watcher/graph/graph/$c - Stopped
20:42:05.874 [worker-akka.actor.default-dispatcher-23] INFO  a.a.LocalActorRef akka://worker/user/watcher/processing-watcher/graph/graph/$d - Stopped
20:42:05.874 [worker-akka.actor.default-dispatcher-23] INFO  a.a.LocalActorRef akka://worker/user/watcher/processing-watcher/graph/graph/$e - Stopped
20:42:05.874 [worker-akka.actor.default-dispatcher-23] INFO  a.a.LocalActorRef akka://worker/user/watcher/processing-watcher/graph/graph/$f - Stopped
20:42:05.874 [worker-akka.actor.default-dispatcher-23] INFO  a.a.LocalActorRef akka://worker/user/watcher/processing-watcher/graph/graph/$g - Stopped
20:42:05.874 [worker-akka.actor.default-dispatcher-12] INFO  a.a.LocalActorRef akka://worker/user/watcher/processing-watcher/graph/graph/$h - Stopped
20:42:05.874 [worker-akka.actor.default-dispatcher-12] INFO  a.a.LocalActorRef akka://worker/user/watcher/processing-watcher/graph/graph/$i - Stopped
20:42:05.874 [worker-akka.actor.default-dispatcher-12] INFO  a.a.LocalActorRef akka://worker/user/watcher/processing-watcher/graph/graph - Stopped
20:42:05.874 [worker-akka.actor.default-dispatcher-12] INFO  a.a.LocalActorRef akka://worker/user/watcher/processing-watcher/$d - Stopped
20:42:05.874 [worker-akka.actor.default-dispatcher-12] INFO  a.a.LocalActorRef akka://worker/user/watcher/processing-watcher/graph/edge/FlameSocketGraphDeployerFront - Stopped
20:42:05.879 [worker-akka.actor.default-dispatcher-19] INFO  a.a.LocalActorRef akka://worker/user/watcher/processing-watcher/graph/edge/FlameSocketGraphDeployerRear - Stopped
20:42:05.879 [worker-akka.actor.default-dispatcher-19] INFO  a.a.LocalActorRef akka://worker/user/watcher/processing-watcher/graph/edge - Stopped
20:42:05.888 [worker-akka.actor.default-dispatcher-19] INFO  a.a.LocalActorRef akka://worker/user/watcher/processing-watcher/graph - Stopped
20:42:05.888 [worker-akka.actor.default-dispatcher-15] INFO  a.a.LocalActorRef akka://worker/user/watcher/processing-watcher - Stopped
20:42:05.889 [Curator-Framework-0] INFO  o.a.c.f.i.CuratorFrameworkImpl  - backgroundOperationsLoop exiting
20:42:05.892 [Curator-PathChildrenCache-0] ERROR o.a.c.f.r.c.PathChildrenCache  - 
java.lang.IllegalStateException: instance must be started before calling this method
	at org.apache.curator.shaded.com.google.common.base.Preconditions.checkState(Preconditions.java:444)
	at org.apache.curator.framework.imps.CuratorFrameworkImpl.getChildren(CuratorFrameworkImpl.java:456)
	at org.apache.curator.framework.recipes.cache.PathChildrenCache.refresh(PathChildrenCache.java:521)
	at org.apache.curator.framework.recipes.cache.RefreshOperation.invoke(RefreshOperation.java:35)
	at org.apache.curator.framework.recipes.cache.PathChildrenCache$9.run(PathChildrenCache.java:786)
	at java.util.concurrent.Executors$RunnableAdapter.call(Executors.java:511)
	at java.util.concurrent.FutureTask.run(FutureTask.java:266)
	at java.util.concurrent.Executors$RunnableAdapter.call(Executors.java:511)
	at java.util.concurrent.FutureTask.run(FutureTask.java:266)
	at java.util.concurrent.ThreadPoolExecutor.runWorker(ThreadPoolExecutor.java:1149)
	at java.util.concurrent.ThreadPoolExecutor$Worker.run(ThreadPoolExecutor.java:624)
	at java.lang.Thread.run(Thread.java:748)
20:42:05.902 [worker-akka.actor.default-dispatcher-12] INFO  o.a.z.ZooKeeper  - Session: 0x10000a82abd0000 closed
20:42:05.903 [worker-akka.actor.default-dispatcher-10-EventThread] INFO  o.a.z.ClientCnxn  - EventThread shut down for session: 0x10000a82abd0000
20:42:05.903 [worker-akka.actor.default-dispatcher-12] INFO  a.a.RepointableActorRef akka://worker/user/watcher - Stopped
20:42:05.908 [worker-akka.actor.default-dispatcher-25] INFO  a.r.RemoteActorRefProvider$RemotingTerminator akka://worker@flamestream-benchmarks-worker-2:5412/system/remoting-terminator - Shutting down remote daemon.
20:42:05.908 [worker-akka.actor.default-dispatcher-25] INFO  a.r.RemoteActorRefProvider$RemotingTerminator akka://worker@flamestream-benchmarks-worker-2:5412/system/remoting-terminator - Remote daemon shut down; proceeding with flushing remote transports.
20:42:06.368 [worker-akka.actor.default-dispatcher-25] INFO  a.r.RemoteActorRefProvider$RemotingTerminator akka://worker@flamestream-benchmarks-worker-2:5412/system/remoting-terminator - Remoting shut down.
Heap
 def new generation   total 460800K, used 373255K [0x00000000a2400000, 0x00000000c1800000, 0x00000000c1800000)
  eden space 409600K,  91% used [0x00000000a2400000, 0x00000000b90553b8, 0x00000000bb400000)
  from space 51200K,   0% used [0x00000000be600000, 0x00000000be62c868, 0x00000000c1800000)
  to   space 51200K,   0% used [0x00000000bb400000, 0x00000000bb400000, 0x00000000be600000)
 tenured generation   total 1024000K, used 57021K [0x00000000c1800000, 0x0000000100000000, 0x0000000100000000)
   the space 1024000K,   5% used [0x00000000c1800000, 0x00000000c4faf708, 0x00000000c4faf800, 0x0000000100000000)
 Metaspace       used 40804K, capacity 43736K, committed 43904K, reserved 1087488K
  class space    used 5364K, capacity 5697K, committed 5760K, reserved 1048576K
