07:20:57,669 |-INFO in ch.qos.logback.classic.LoggerContext[default] - Could NOT find resource [logback-test.xml]
07:20:57,669 |-INFO in ch.qos.logback.classic.LoggerContext[default] - Could NOT find resource [logback.groovy]
07:20:57,669 |-INFO in ch.qos.logback.classic.LoggerContext[default] - Found resource [logback.xml] at [jar:file:/root/flamestream/lib/flamestream-runtime-1.0-SNAPSHOT.jar!/logback.xml]
07:20:57,670 |-WARN in ch.qos.logback.classic.LoggerContext[default] - Resource [logback.xml] occurs multiple times on the classpath.
07:20:57,670 |-WARN in ch.qos.logback.classic.LoggerContext[default] - Resource [logback.xml] occurs at [jar:file:/root/flamestream/lib/flamestream-runtime-1.0-SNAPSHOT.jar!/logback.xml]
07:20:57,670 |-WARN in ch.qos.logback.classic.LoggerContext[default] - Resource [logback.xml] occurs at [jar:file:/root/flamestream/flamestream-runtime-1.0-SNAPSHOT.jar!/logback.xml]
07:20:57,689 |-INFO in ch.qos.logback.core.joran.spi.ConfigurationWatchList@3fb6a447 - URL [jar:file:/root/flamestream/lib/flamestream-runtime-1.0-SNAPSHOT.jar!/logback.xml] is not of type file
07:20:57,763 |-INFO in ch.qos.logback.classic.joran.action.ConfigurationAction - debug attribute not set
07:20:57,763 |-INFO in ch.qos.logback.core.joran.action.AppenderAction - About to instantiate appender of type [ch.qos.logback.core.ConsoleAppender]
07:20:57,780 |-INFO in ch.qos.logback.core.joran.action.AppenderAction - Naming appender as [STDOUT]
07:20:57,793 |-INFO in ch.qos.logback.core.joran.action.NestedComplexPropertyIA - Assuming default type [ch.qos.logback.classic.encoder.PatternLayoutEncoder] for [encoder] property
07:20:57,883 |-INFO in ch.qos.logback.core.joran.action.AppenderAction - About to instantiate appender of type [ch.qos.logback.core.rolling.RollingFileAppender]
07:20:57,888 |-INFO in ch.qos.logback.core.joran.action.AppenderAction - Naming appender as [FILE]
07:20:57,918 |-INFO in c.q.l.core.rolling.TimeBasedRollingPolicy@127618319 - No compression will be used
07:20:57,919 |-INFO in c.q.l.core.rolling.TimeBasedRollingPolicy@127618319 - Will use the pattern /tmp/application_%d{yyyy-MM-dd}.%i.log for the active file
07:20:57,922 |-INFO in ch.qos.logback.core.rolling.SizeAndTimeBasedFNATP@6b2fad11 - The date pattern is 'yyyy-MM-dd' from file name pattern '/tmp/application_%d{yyyy-MM-dd}.%i.log'.
07:20:57,922 |-INFO in ch.qos.logback.core.rolling.SizeAndTimeBasedFNATP@6b2fad11 - Roll-over at midnight.
07:20:57,927 |-INFO in ch.qos.logback.core.rolling.SizeAndTimeBasedFNATP@6b2fad11 - Setting initial period to Tue Jun 11 07:19:15 UTC 2019
07:20:57,927 |-WARN in ch.qos.logback.core.rolling.SizeAndTimeBasedFNATP@6b2fad11 - SizeAndTimeBasedFNATP is deprecated. Use SizeAndTimeBasedRollingPolicy instead
07:20:57,927 |-WARN in ch.qos.logback.core.rolling.SizeAndTimeBasedFNATP@6b2fad11 - For more information see http://logback.qos.ch/manual/appenders.html#SizeAndTimeBasedRollingPolicy
07:20:57,931 |-INFO in ch.qos.logback.core.joran.action.NestedComplexPropertyIA - Assuming default type [ch.qos.logback.classic.encoder.PatternLayoutEncoder] for [encoder] property
07:20:57,936 |-INFO in ch.qos.logback.core.rolling.RollingFileAppender[FILE] - Active log file name: /tmp/application.log
07:20:57,936 |-INFO in ch.qos.logback.core.rolling.RollingFileAppender[FILE] - File property is set to [/tmp/application.log]
07:20:57,937 |-INFO in ch.qos.logback.classic.joran.action.RootLoggerAction - Setting level of ROOT logger to WARN
07:20:57,937 |-INFO in ch.qos.logback.core.joran.action.AppenderRefAction - Attaching appender named [STDOUT] to Logger[ROOT]
07:20:57,939 |-INFO in ch.qos.logback.core.joran.action.AppenderRefAction - Attaching appender named [FILE] to Logger[ROOT]
07:20:57,939 |-INFO in ch.qos.logback.classic.joran.action.ConfigurationAction - End of configuration.
07:20:57,939 |-INFO in ch.qos.logback.classic.joran.JoranConfigurator@79698539 - Registering current configuration as safe fallback point

Ama winner
Ama winner
2019-06-11T07:20:59.234+0000: 1.752: [Full GC (Metadata GC Threshold) 2019-06-11T07:20:59.234+0000: 1.752: [Tenured: 0K->15176K(341376K), 0.0384362 secs] 114923K->15176K(494976K), [Metaspace: 20733K->20733K(1067008K)], 0.0385004 secs] [Times: user=0.04 sys=0.01, real=0.04 secs] 
07:21:16.444 [Curator-PathChildrenCache-1] WARN  o.a.c.u.ZKPaths  - The version of ZooKeeper being used doesn't support Container nodes. CreateMode.PERSISTENT will be used instead.
2019-06-11T07:21:18.816+0000: 21.333: [GC (Allocation Failure) 2019-06-11T07:21:18.816+0000: 21.333: [DefNew: 136576K->17023K(153600K), 0.0254878 secs] 151752K->52563K(494976K), 0.0255524 secs] [Times: user=0.02 sys=0.01, real=0.02 secs] 
2019-06-11T07:21:22.386+0000: 24.904: [Full GC (Metadata GC Threshold) 2019-06-11T07:21:22.386+0000: 24.904: [Tenured: 35539K->43945K(341376K), 0.0482905 secs] 127590K->43945K(494976K), [Metaspace: 34616K->34616K(1079296K)], 0.0483834 secs] [Times: user=0.04 sys=0.01, real=0.06 secs] 
2019-06-11T07:21:29.452+0000: 31.969: [GC (Allocation Failure) 2019-06-11T07:21:29.452+0000: 31.969: [DefNew: 136576K->52K(153600K), 0.0017055 secs] 180521K->43998K(494976K), 0.0017606 secs] [Times: user=0.00 sys=0.00, real=0.00 secs] 
2019-06-11T07:21:36.487+0000: 39.004: [GC (Allocation Failure) 2019-06-11T07:21:36.487+0000: 39.004: [DefNew: 136628K->53K(153600K), 0.0016048 secs] 180574K->43999K(494976K), 0.0016660 secs] [Times: user=0.01 sys=0.00, real=0.00 secs] 
2019-06-11T07:21:43.590+0000: 46.107: [GC (Allocation Failure) 2019-06-11T07:21:43.590+0000: 46.107: [DefNew: 136629K->53K(153600K), 0.0016208 secs] 180575K->43998K(494976K), 0.0016794 secs] [Times: user=0.00 sys=0.00, real=0.00 secs] 
2019-06-11T07:21:50.733+0000: 53.251: [GC (Allocation Failure) 2019-06-11T07:21:50.734+0000: 53.251: [DefNew: 136629K->53K(153600K), 0.0017011 secs] 180574K->43998K(494976K), 0.0017774 secs] [Times: user=0.01 sys=0.00, real=0.01 secs] 
2019-06-11T07:21:57.888+0000: 60.405: [GC (Allocation Failure) 2019-06-11T07:21:57.888+0000: 60.405: [DefNew: 136629K->55K(153600K), 0.0016411 secs] 180574K->44001K(494976K), 0.0017097 secs] [Times: user=0.01 sys=0.00, real=0.00 secs] 
07:22:06.304 [Curator-PathChildrenCache-0] ERROR o.a.c.f.r.c.PathChildrenCache  - 
java.lang.IllegalStateException: instance must be started before calling this method
	at org.apache.curator.shaded.com.google.common.base.Preconditions.checkState(Preconditions.java:444)
	at org.apache.curator.framework.imps.CuratorFrameworkImpl.getChildren(CuratorFrameworkImpl.java:456)
	at org.apache.curator.framework.recipes.cache.PathChildrenCache.refresh(PathChildrenCache.java:521)
	at org.apache.curator.framework.recipes.cache.RefreshOperation.invoke(RefreshOperation.java:35)
	at org.apache.curator.framework.recipes.cache.PathChildrenCache$9.run(PathChildrenCache.java:786)
	at java.util.concurrent.Executors$RunnableAdapter.call(Executors.java:511)
	at java.util.concurrent.FutureTask.run(FutureTask.java:266)
	at java.util.concurrent.Executors$RunnableAdapter.call(Executors.java:511)
	at java.util.concurrent.FutureTask.run(FutureTask.java:266)
	at java.util.concurrent.ThreadPoolExecutor.runWorker(ThreadPoolExecutor.java:1149)
	at java.util.concurrent.ThreadPoolExecutor$Worker.run(ThreadPoolExecutor.java:624)
	at java.lang.Thread.run(Thread.java:748)
Heap
 def new generation   total 153600K, used 81879K [0x00000000e0c00000, 0x00000000eb2a0000, 0x00000000eb2a0000)
  eden space 136576K,  59% used [0x00000000e0c00000, 0x00000000e5be7fb0, 0x00000000e9160000)
  from space 17024K,   0% used [0x00000000e9160000, 0x00000000e916ddf8, 0x00000000ea200000)
  to   space 17024K,   0% used [0x00000000ea200000, 0x00000000ea200000, 0x00000000eb2a0000)
 tenured generation   total 341376K, used 43945K [0x00000000eb2a0000, 0x0000000100000000, 0x0000000100000000)
   the space 341376K,  12% used [0x00000000eb2a0000, 0x00000000edd8a6b8, 0x00000000edd8a800, 0x0000000100000000)
 Metaspace       used 36136K, capacity 36998K, committed 37120K, reserved 1081344K
  class space    used 4868K, capacity 5075K, committed 5120K, reserved 1048576K
