13:20:43,216 |-INFO in ch.qos.logback.classic.LoggerContext[default] - Could NOT find resource [logback-test.xml]
13:20:43,216 |-INFO in ch.qos.logback.classic.LoggerContext[default] - Could NOT find resource [logback.groovy]
13:20:43,217 |-INFO in ch.qos.logback.classic.LoggerContext[default] - Found resource [logback.xml] at [jar:file:/root/flamestream/lib/flamestream-runtime-1.0-SNAPSHOT.jar!/logback.xml]
13:20:43,218 |-WARN in ch.qos.logback.classic.LoggerContext[default] - Resource [logback.xml] occurs multiple times on the classpath.
13:20:43,218 |-WARN in ch.qos.logback.classic.LoggerContext[default] - Resource [logback.xml] occurs at [jar:file:/root/flamestream/lib/flamestream-runtime-1.0-SNAPSHOT.jar!/logback.xml]
13:20:43,218 |-WARN in ch.qos.logback.classic.LoggerContext[default] - Resource [logback.xml] occurs at [jar:file:/root/flamestream/flamestream-runtime-1.0-SNAPSHOT.jar!/logback.xml]
13:20:43,238 |-INFO in ch.qos.logback.core.joran.spi.ConfigurationWatchList@3fb6a447 - URL [jar:file:/root/flamestream/lib/flamestream-runtime-1.0-SNAPSHOT.jar!/logback.xml] is not of type file
13:20:43,303 |-INFO in ch.qos.logback.classic.joran.action.ConfigurationAction - debug attribute not set
13:20:43,303 |-INFO in ch.qos.logback.core.joran.action.AppenderAction - About to instantiate appender of type [ch.qos.logback.core.ConsoleAppender]
13:20:43,320 |-INFO in ch.qos.logback.core.joran.action.AppenderAction - Naming appender as [STDOUT]
13:20:43,339 |-INFO in ch.qos.logback.core.joran.action.NestedComplexPropertyIA - Assuming default type [ch.qos.logback.classic.encoder.PatternLayoutEncoder] for [encoder] property
13:20:43,434 |-INFO in ch.qos.logback.core.joran.action.AppenderAction - About to instantiate appender of type [ch.qos.logback.core.rolling.RollingFileAppender]
13:20:43,439 |-INFO in ch.qos.logback.core.joran.action.AppenderAction - Naming appender as [FILE]
13:20:43,476 |-INFO in c.q.l.core.rolling.TimeBasedRollingPolicy@127618319 - No compression will be used
13:20:43,477 |-INFO in c.q.l.core.rolling.TimeBasedRollingPolicy@127618319 - Will use the pattern /tmp/application_%d{yyyy-MM-dd}.%i.log for the active file
13:20:43,480 |-INFO in ch.qos.logback.core.rolling.SizeAndTimeBasedFNATP@6b2fad11 - The date pattern is 'yyyy-MM-dd' from file name pattern '/tmp/application_%d{yyyy-MM-dd}.%i.log'.
13:20:43,480 |-INFO in ch.qos.logback.core.rolling.SizeAndTimeBasedFNATP@6b2fad11 - Roll-over at midnight.
13:20:43,485 |-INFO in ch.qos.logback.core.rolling.SizeAndTimeBasedFNATP@6b2fad11 - Setting initial period to Mon Jun 10 13:19:16 UTC 2019
13:20:43,485 |-WARN in ch.qos.logback.core.rolling.SizeAndTimeBasedFNATP@6b2fad11 - SizeAndTimeBasedFNATP is deprecated. Use SizeAndTimeBasedRollingPolicy instead
13:20:43,485 |-WARN in ch.qos.logback.core.rolling.SizeAndTimeBasedFNATP@6b2fad11 - For more information see http://logback.qos.ch/manual/appenders.html#SizeAndTimeBasedRollingPolicy
13:20:43,489 |-INFO in ch.qos.logback.core.joran.action.NestedComplexPropertyIA - Assuming default type [ch.qos.logback.classic.encoder.PatternLayoutEncoder] for [encoder] property
13:20:43,494 |-INFO in ch.qos.logback.core.rolling.RollingFileAppender[FILE] - Active log file name: /tmp/application.log
13:20:43,494 |-INFO in ch.qos.logback.core.rolling.RollingFileAppender[FILE] - File property is set to [/tmp/application.log]
13:20:43,495 |-INFO in ch.qos.logback.classic.joran.action.RootLoggerAction - Setting level of ROOT logger to WARN
13:20:43,495 |-INFO in ch.qos.logback.core.joran.action.AppenderRefAction - Attaching appender named [STDOUT] to Logger[ROOT]
13:20:43,497 |-INFO in ch.qos.logback.core.joran.action.AppenderRefAction - Attaching appender named [FILE] to Logger[ROOT]
13:20:43,497 |-INFO in ch.qos.logback.classic.joran.action.ConfigurationAction - End of configuration.
13:20:43,497 |-INFO in ch.qos.logback.classic.joran.JoranConfigurator@79698539 - Registering current configuration as safe fallback point

Ama winner
Ama winner
2019-06-10T13:20:44.781+0000: 1.753: [Full GC (Metadata GC Threshold) 2019-06-10T13:20:44.782+0000: 1.753: [Tenured: 0K->15241K(341376K), 0.0413695 secs] 114923K->15241K(494976K), [Metaspace: 20732K->20732K(1067008K)], 0.0414364 secs] [Times: user=0.04 sys=0.00, real=0.04 secs] 
13:21:02.690 [Curator-PathChildrenCache-1] WARN  o.a.c.u.ZKPaths  - The version of ZooKeeper being used doesn't support Container nodes. CreateMode.PERSISTENT will be used instead.
2019-06-10T13:21:05.149+0000: 22.120: [GC (Allocation Failure) 2019-06-10T13:21:05.149+0000: 22.120: [DefNew: 136576K->17023K(153600K), 0.0278997 secs] 151817K->52910K(494976K), 0.0279772 secs] [Times: user=0.01 sys=0.01, real=0.02 secs] 
2019-06-10T13:21:07.583+0000: 24.554: [Full GC (Metadata GC Threshold) 2019-06-10T13:21:07.583+0000: 24.554: [Tenured: 35886K->44963K(341376K), 0.0747811 secs] 94210K->44963K(494976K), [Metaspace: 34593K->34593K(1079296K)], 0.0748546 secs] [Times: user=0.07 sys=0.00, real=0.08 secs] 
2019-06-10T13:21:15.483+0000: 32.455: [GC (Allocation Failure) 2019-06-10T13:21:15.483+0000: 32.455: [DefNew: 136576K->106K(153600K), 0.0020279 secs] 181539K->45069K(494976K), 0.0020940 secs] [Times: user=0.01 sys=0.00, real=0.01 secs] 
2019-06-10T13:21:23.452+0000: 40.423: [GC (Allocation Failure) 2019-06-10T13:21:23.452+0000: 40.423: [DefNew: 136682K->107K(153600K), 0.0018628 secs] 181645K->45070K(494976K), 0.0019228 secs] [Times: user=0.00 sys=0.00, real=0.00 secs] 
2019-06-10T13:21:31.398+0000: 48.369: [GC (Allocation Failure) 2019-06-10T13:21:31.398+0000: 48.369: [DefNew: 136683K->139K(153600K), 0.0018538 secs] 181646K->45103K(494976K), 0.0019112 secs] [Times: user=0.00 sys=0.00, real=0.00 secs] 
2019-06-10T13:21:39.446+0000: 56.418: [GC (Allocation Failure) 2019-06-10T13:21:39.446+0000: 56.418: [DefNew: 136715K->142K(153600K), 0.0018471 secs] 181679K->45105K(494976K), 0.0019057 secs] [Times: user=0.00 sys=0.00, real=0.00 secs] 
2019-06-10T13:21:47.661+0000: 64.633: [GC (Allocation Failure) 2019-06-10T13:21:47.661+0000: 64.633: [DefNew: 136718K->496K(153600K), 0.0023530 secs] 181681K->45459K(494976K), 0.0024246 secs] [Times: user=0.01 sys=0.00, real=0.00 secs] 
13:22:04.000 [Curator-PathChildrenCache-0] ERROR o.a.c.f.r.c.PathChildrenCache  - 
java.lang.IllegalStateException: instance must be started before calling this method
	at org.apache.curator.shaded.com.google.common.base.Preconditions.checkState(Preconditions.java:444)
	at org.apache.curator.framework.imps.CuratorFrameworkImpl.getChildren(CuratorFrameworkImpl.java:456)
	at org.apache.curator.framework.recipes.cache.PathChildrenCache.refresh(PathChildrenCache.java:521)
	at org.apache.curator.framework.recipes.cache.RefreshOperation.invoke(RefreshOperation.java:35)
	at org.apache.curator.framework.recipes.cache.PathChildrenCache$9.run(PathChildrenCache.java:786)
	at java.util.concurrent.Executors$RunnableAdapter.call(Executors.java:511)
	at java.util.concurrent.FutureTask.run(FutureTask.java:266)
	at java.util.concurrent.Executors$RunnableAdapter.call(Executors.java:511)
	at java.util.concurrent.FutureTask.run(FutureTask.java:266)
	at java.util.concurrent.ThreadPoolExecutor.runWorker(ThreadPoolExecutor.java:1149)
	at java.util.concurrent.ThreadPoolExecutor$Worker.run(ThreadPoolExecutor.java:624)
	at java.lang.Thread.run(Thread.java:748)
2019-06-10T13:22:04.092+0000: 81.063: [GC (Allocation Failure) 2019-06-10T13:22:04.092+0000: 81.063: [DefNew: 137072K->699K(153600K), 0.0033975 secs] 182035K->45662K(494976K), 0.0034615 secs] [Times: user=0.00 sys=0.00, real=0.00 secs] 
Heap
 def new generation   total 153600K, used 13426K [0x00000000e0c00000, 0x00000000eb2a0000, 0x00000000eb2a0000)
  eden space 136576K,   9% used [0x00000000e0c00000, 0x00000000e186dc60, 0x00000000e9160000)
  from space 17024K,   4% used [0x00000000ea200000, 0x00000000ea2aee18, 0x00000000eb2a0000)
  to   space 17024K,   0% used [0x00000000e9160000, 0x00000000e9160000, 0x00000000ea200000)
 tenured generation   total 341376K, used 44963K [0x00000000eb2a0000, 0x0000000100000000, 0x0000000100000000)
   the space 341376K,  13% used [0x00000000eb2a0000, 0x00000000ede88da8, 0x00000000ede88e00, 0x0000000100000000)
 Metaspace       used 36303K, capacity 37264K, committed 37376K, reserved 1081344K
  class space    used 4859K, capacity 5076K, committed 5120K, reserved 1048576K
