13:25:50,711 |-INFO in ch.qos.logback.classic.LoggerContext[default] - Could NOT find resource [logback-test.xml]
13:25:50,711 |-INFO in ch.qos.logback.classic.LoggerContext[default] - Could NOT find resource [logback.groovy]
13:25:50,711 |-INFO in ch.qos.logback.classic.LoggerContext[default] - Found resource [logback.xml] at [jar:file:/root/flamestream/lib/flamestream-runtime-1.0-SNAPSHOT.jar!/logback.xml]
13:25:50,712 |-WARN in ch.qos.logback.classic.LoggerContext[default] - Resource [logback.xml] occurs multiple times on the classpath.
13:25:50,712 |-WARN in ch.qos.logback.classic.LoggerContext[default] - Resource [logback.xml] occurs at [jar:file:/root/flamestream/lib/flamestream-runtime-1.0-SNAPSHOT.jar!/logback.xml]
13:25:50,712 |-WARN in ch.qos.logback.classic.LoggerContext[default] - Resource [logback.xml] occurs at [jar:file:/root/flamestream/flamestream-runtime-1.0-SNAPSHOT.jar!/logback.xml]
13:25:50,735 |-INFO in ch.qos.logback.core.joran.spi.ConfigurationWatchList@3fb6a447 - URL [jar:file:/root/flamestream/lib/flamestream-runtime-1.0-SNAPSHOT.jar!/logback.xml] is not of type file
13:25:50,809 |-INFO in ch.qos.logback.classic.joran.action.ConfigurationAction - debug attribute not set
13:25:50,809 |-INFO in ch.qos.logback.core.joran.action.AppenderAction - About to instantiate appender of type [ch.qos.logback.core.ConsoleAppender]
13:25:50,824 |-INFO in ch.qos.logback.core.joran.action.AppenderAction - Naming appender as [STDOUT]
13:25:50,843 |-INFO in ch.qos.logback.core.joran.action.NestedComplexPropertyIA - Assuming default type [ch.qos.logback.classic.encoder.PatternLayoutEncoder] for [encoder] property
13:25:50,931 |-INFO in ch.qos.logback.core.joran.action.AppenderAction - About to instantiate appender of type [ch.qos.logback.core.rolling.RollingFileAppender]
13:25:50,941 |-INFO in ch.qos.logback.core.joran.action.AppenderAction - Naming appender as [FILE]
13:25:50,969 |-INFO in c.q.l.core.rolling.TimeBasedRollingPolicy@127618319 - No compression will be used
13:25:50,970 |-INFO in c.q.l.core.rolling.TimeBasedRollingPolicy@127618319 - Will use the pattern /tmp/application_%d{yyyy-MM-dd}.%i.log for the active file
13:25:50,973 |-INFO in ch.qos.logback.core.rolling.SizeAndTimeBasedFNATP@6b2fad11 - The date pattern is 'yyyy-MM-dd' from file name pattern '/tmp/application_%d{yyyy-MM-dd}.%i.log'.
13:25:50,973 |-INFO in ch.qos.logback.core.rolling.SizeAndTimeBasedFNATP@6b2fad11 - Roll-over at midnight.
13:25:50,978 |-INFO in ch.qos.logback.core.rolling.SizeAndTimeBasedFNATP@6b2fad11 - Setting initial period to Mon Jun 10 13:24:32 UTC 2019
13:25:50,978 |-WARN in ch.qos.logback.core.rolling.SizeAndTimeBasedFNATP@6b2fad11 - SizeAndTimeBasedFNATP is deprecated. Use SizeAndTimeBasedRollingPolicy instead
13:25:50,978 |-WARN in ch.qos.logback.core.rolling.SizeAndTimeBasedFNATP@6b2fad11 - For more information see http://logback.qos.ch/manual/appenders.html#SizeAndTimeBasedRollingPolicy
13:25:50,983 |-INFO in ch.qos.logback.core.joran.action.NestedComplexPropertyIA - Assuming default type [ch.qos.logback.classic.encoder.PatternLayoutEncoder] for [encoder] property
13:25:50,988 |-INFO in ch.qos.logback.core.rolling.RollingFileAppender[FILE] - Active log file name: /tmp/application.log
13:25:50,988 |-INFO in ch.qos.logback.core.rolling.RollingFileAppender[FILE] - File property is set to [/tmp/application.log]
13:25:50,989 |-INFO in ch.qos.logback.classic.joran.action.RootLoggerAction - Setting level of ROOT logger to WARN
13:25:50,989 |-INFO in ch.qos.logback.core.joran.action.AppenderRefAction - Attaching appender named [STDOUT] to Logger[ROOT]
13:25:50,991 |-INFO in ch.qos.logback.core.joran.action.AppenderRefAction - Attaching appender named [FILE] to Logger[ROOT]
13:25:50,991 |-INFO in ch.qos.logback.classic.joran.action.ConfigurationAction - End of configuration.
13:25:50,991 |-INFO in ch.qos.logback.classic.joran.JoranConfigurator@79698539 - Registering current configuration as safe fallback point

Ama winner
Ama winner
2019-06-10T13:25:52.259+0000: 1.731: [Full GC (Metadata GC Threshold) 2019-06-10T13:25:52.259+0000: 1.731: [Tenured: 0K->15208K(341376K), 0.0355058 secs] 114987K->15208K(494976K), [Metaspace: 20728K->20728K(1067008K)], 0.0355738 secs] [Times: user=0.03 sys=0.00, real=0.03 secs] 
13:26:10.662 [Curator-PathChildrenCache-1] WARN  o.a.c.u.ZKPaths  - The version of ZooKeeper being used doesn't support Container nodes. CreateMode.PERSISTENT will be used instead.
2019-06-10T13:26:13.086+0000: 22.558: [GC (Allocation Failure) 2019-06-10T13:26:13.086+0000: 22.558: [DefNew: 136576K->17023K(153600K), 0.0273790 secs] 151784K->52996K(494976K), 0.0274525 secs] [Times: user=0.02 sys=0.00, real=0.03 secs] 
2019-06-10T13:26:13.955+0000: 23.427: [Full GC (Metadata GC Threshold) 2019-06-10T13:26:13.955+0000: 23.427: [Tenured: 35972K->45003K(341376K), 0.0391250 secs] 74260K->45003K(494976K), [Metaspace: 34613K->34613K(1079296K)], 0.0392032 secs] [Times: user=0.03 sys=0.01, real=0.04 secs] 
2019-06-10T13:26:20.777+0000: 30.250: [GC (Allocation Failure) 2019-06-10T13:26:20.777+0000: 30.250: [DefNew: 136576K->148K(153600K), 0.0020887 secs] 181579K->45151K(494976K), 0.0021505 secs] [Times: user=0.00 sys=0.00, real=0.00 secs] 
2019-06-10T13:26:27.479+0000: 36.951: [GC (Allocation Failure) 2019-06-10T13:26:27.479+0000: 36.951: [DefNew: 136724K->148K(153600K), 0.0018106 secs] 181727K->45151K(494976K), 0.0018732 secs] [Times: user=0.00 sys=0.00, real=0.00 secs] 
2019-06-10T13:26:34.059+0000: 43.531: [GC (Allocation Failure) 2019-06-10T13:26:34.059+0000: 43.531: [DefNew: 136724K->186K(153600K), 0.0018130 secs] 181727K->45189K(494976K), 0.0018723 secs] [Times: user=0.00 sys=0.00, real=0.00 secs] 
2019-06-10T13:26:40.712+0000: 50.184: [GC (Allocation Failure) 2019-06-10T13:26:40.712+0000: 50.184: [DefNew: 136762K->182K(153600K), 0.0019546 secs] 181765K->45185K(494976K), 0.0020145 secs] [Times: user=0.00 sys=0.00, real=0.00 secs] 
2019-06-10T13:26:47.405+0000: 56.877: [GC (Allocation Failure) 2019-06-10T13:26:47.405+0000: 56.877: [DefNew: 136758K->182K(153600K), 0.0019488 secs] 181761K->45185K(494976K), 0.0020096 secs] [Times: user=0.00 sys=0.00, real=0.00 secs] 
2019-06-10T13:26:55.312+0000: 64.784: [GC (Allocation Failure) 2019-06-10T13:26:55.312+0000: 64.784: [DefNew: 136758K->526K(153600K), 0.0025970 secs] 181761K->45529K(494976K), 0.0026604 secs] [Times: user=0.00 sys=0.00, real=0.00 secs] 
13:27:01.655 [Curator-PathChildrenCache-0] ERROR o.a.c.f.r.c.PathChildrenCache  - 
java.lang.IllegalStateException: instance must be started before calling this method
	at org.apache.curator.shaded.com.google.common.base.Preconditions.checkState(Preconditions.java:444)
	at org.apache.curator.framework.imps.CuratorFrameworkImpl.getChildren(CuratorFrameworkImpl.java:456)
	at org.apache.curator.framework.recipes.cache.PathChildrenCache.refresh(PathChildrenCache.java:521)
	at org.apache.curator.framework.recipes.cache.RefreshOperation.invoke(RefreshOperation.java:35)
	at org.apache.curator.framework.recipes.cache.PathChildrenCache$9.run(PathChildrenCache.java:786)
	at java.util.concurrent.Executors$RunnableAdapter.call(Executors.java:511)
	at java.util.concurrent.FutureTask.run(FutureTask.java:266)
	at java.util.concurrent.Executors$RunnableAdapter.call(Executors.java:511)
	at java.util.concurrent.FutureTask.run(FutureTask.java:266)
	at java.util.concurrent.ThreadPoolExecutor.runWorker(ThreadPoolExecutor.java:1149)
	at java.util.concurrent.ThreadPoolExecutor$Worker.run(ThreadPoolExecutor.java:624)
	at java.lang.Thread.run(Thread.java:748)
Heap
 def new generation   total 153600K, used 40388K [0x00000000e0c00000, 0x00000000eb2a0000, 0x00000000eb2a0000)
  eden space 136576K,  29% used [0x00000000e0c00000, 0x00000000e32edad8, 0x00000000e9160000)
  from space 17024K,   3% used [0x00000000ea200000, 0x00000000ea283800, 0x00000000eb2a0000)
  to   space 17024K,   0% used [0x00000000e9160000, 0x00000000e9160000, 0x00000000ea200000)
 tenured generation   total 341376K, used 45003K [0x00000000eb2a0000, 0x0000000100000000, 0x0000000100000000)
   the space 341376K,  13% used [0x00000000eb2a0000, 0x00000000ede92ca8, 0x00000000ede92e00, 0x0000000100000000)
 Metaspace       used 36272K, capacity 37164K, committed 37376K, reserved 1081344K
  class space    used 4886K, capacity 5082K, committed 5120K, reserved 1048576K
