08:24:57,576 |-INFO in ch.qos.logback.classic.LoggerContext[default] - Could NOT find resource [logback-test.xml]
08:24:57,576 |-INFO in ch.qos.logback.classic.LoggerContext[default] - Could NOT find resource [logback.groovy]
08:24:57,576 |-INFO in ch.qos.logback.classic.LoggerContext[default] - Found resource [logback.xml] at [jar:file:/root/flamestream/lib/flamestream-runtime-1.0-SNAPSHOT.jar!/logback.xml]
08:24:57,576 |-WARN in ch.qos.logback.classic.LoggerContext[default] - Resource [logback.xml] occurs multiple times on the classpath.
08:24:57,577 |-WARN in ch.qos.logback.classic.LoggerContext[default] - Resource [logback.xml] occurs at [jar:file:/root/flamestream/lib/flamestream-runtime-1.0-SNAPSHOT.jar!/logback.xml]
08:24:57,577 |-WARN in ch.qos.logback.classic.LoggerContext[default] - Resource [logback.xml] occurs at [jar:file:/root/flamestream/flamestream-runtime-1.0-SNAPSHOT.jar!/logback.xml]
08:24:57,599 |-INFO in ch.qos.logback.core.joran.spi.ConfigurationWatchList@3fb6a447 - URL [jar:file:/root/flamestream/lib/flamestream-runtime-1.0-SNAPSHOT.jar!/logback.xml] is not of type file
08:24:57,673 |-INFO in ch.qos.logback.classic.joran.action.ConfigurationAction - debug attribute not set
08:24:57,674 |-INFO in ch.qos.logback.core.joran.action.AppenderAction - About to instantiate appender of type [ch.qos.logback.core.ConsoleAppender]
08:24:57,695 |-INFO in ch.qos.logback.core.joran.action.AppenderAction - Naming appender as [STDOUT]
08:24:57,712 |-INFO in ch.qos.logback.core.joran.action.NestedComplexPropertyIA - Assuming default type [ch.qos.logback.classic.encoder.PatternLayoutEncoder] for [encoder] property
08:24:57,796 |-INFO in ch.qos.logback.core.joran.action.AppenderAction - About to instantiate appender of type [ch.qos.logback.core.rolling.RollingFileAppender]
08:24:57,805 |-INFO in ch.qos.logback.core.joran.action.AppenderAction - Naming appender as [FILE]
08:24:57,836 |-INFO in c.q.l.core.rolling.TimeBasedRollingPolicy@127618319 - No compression will be used
08:24:57,838 |-INFO in c.q.l.core.rolling.TimeBasedRollingPolicy@127618319 - Will use the pattern /tmp/application_%d{yyyy-MM-dd}.%i.log for the active file
08:24:57,841 |-INFO in ch.qos.logback.core.rolling.SizeAndTimeBasedFNATP@6b2fad11 - The date pattern is 'yyyy-MM-dd' from file name pattern '/tmp/application_%d{yyyy-MM-dd}.%i.log'.
08:24:57,841 |-INFO in ch.qos.logback.core.rolling.SizeAndTimeBasedFNATP@6b2fad11 - Roll-over at midnight.
08:24:57,846 |-INFO in ch.qos.logback.core.rolling.SizeAndTimeBasedFNATP@6b2fad11 - Setting initial period to Tue Jun 11 08:23:41 UTC 2019
08:24:57,846 |-WARN in ch.qos.logback.core.rolling.SizeAndTimeBasedFNATP@6b2fad11 - SizeAndTimeBasedFNATP is deprecated. Use SizeAndTimeBasedRollingPolicy instead
08:24:57,846 |-WARN in ch.qos.logback.core.rolling.SizeAndTimeBasedFNATP@6b2fad11 - For more information see http://logback.qos.ch/manual/appenders.html#SizeAndTimeBasedRollingPolicy
08:24:57,850 |-INFO in ch.qos.logback.core.joran.action.NestedComplexPropertyIA - Assuming default type [ch.qos.logback.classic.encoder.PatternLayoutEncoder] for [encoder] property
08:24:57,855 |-INFO in ch.qos.logback.core.rolling.RollingFileAppender[FILE] - Active log file name: /tmp/application.log
08:24:57,855 |-INFO in ch.qos.logback.core.rolling.RollingFileAppender[FILE] - File property is set to [/tmp/application.log]
08:24:57,856 |-INFO in ch.qos.logback.classic.joran.action.RootLoggerAction - Setting level of ROOT logger to WARN
08:24:57,856 |-INFO in ch.qos.logback.core.joran.action.AppenderRefAction - Attaching appender named [STDOUT] to Logger[ROOT]
08:24:57,858 |-INFO in ch.qos.logback.core.joran.action.AppenderRefAction - Attaching appender named [FILE] to Logger[ROOT]
08:24:57,858 |-INFO in ch.qos.logback.classic.joran.action.ConfigurationAction - End of configuration.
08:24:57,859 |-INFO in ch.qos.logback.classic.joran.JoranConfigurator@79698539 - Registering current configuration as safe fallback point

Ama winner
Ama winner
2019-06-11T08:24:59.461+0000: 2.070: [Full GC (Metadata GC Threshold) 2019-06-11T08:24:59.461+0000: 2.070: [Tenured: 0K->15176K(341376K), 0.0353710 secs] 120482K->15176K(494976K), [Metaspace: 20734K->20734K(1067008K)], 0.0354350 secs] [Times: user=0.03 sys=0.01, real=0.04 secs] 
08:25:16.807 [Curator-PathChildrenCache-1] WARN  o.a.c.u.ZKPaths  - The version of ZooKeeper being used doesn't support Container nodes. CreateMode.PERSISTENT will be used instead.
2019-06-11T08:25:18.723+0000: 21.332: [GC (Allocation Failure) 2019-06-11T08:25:18.723+0000: 21.332: [DefNew: 136576K->17023K(153600K), 0.0251160 secs] 151752K->52311K(494976K), 0.0251818 secs] [Times: user=0.01 sys=0.01, real=0.03 secs] 
2019-06-11T08:25:24.926+0000: 27.535: [GC (Allocation Failure) 2019-06-11T08:25:24.926+0000: 27.535: [DefNew: 153599K->335K(153600K), 0.0097922 secs] 188887K->43629K(494976K), 0.0098602 secs] [Times: user=0.01 sys=0.00, real=0.01 secs] 
2019-06-11T08:25:30.926+0000: 33.536: [GC (Allocation Failure) 2019-06-11T08:25:30.927+0000: 33.536: [DefNew: 136911K->300K(153600K), 0.0026826 secs] 180205K->43594K(494976K), 0.0037221 secs] [Times: user=0.00 sys=0.00, real=0.00 secs] 
2019-06-11T08:25:35.605+0000: 38.214: [Full GC (Metadata GC Threshold) 2019-06-11T08:25:35.605+0000: 38.214: [Tenured: 43293K->43594K(341376K), 0.0520645 secs] 148828K->43594K(494976K), [Metaspace: 34587K->34587K(1079296K)], 0.0521385 secs] [Times: user=0.06 sys=0.00, real=0.05 secs] 
2019-06-11T08:25:41.705+0000: 44.314: [GC (Allocation Failure) 2019-06-11T08:25:41.705+0000: 44.314: [DefNew: 136576K->51K(153600K), 0.0016654 secs] 180170K->43646K(494976K), 0.0017261 secs] [Times: user=0.00 sys=0.00, real=0.00 secs] 
2019-06-11T08:25:47.812+0000: 50.421: [GC (Allocation Failure) 2019-06-11T08:25:47.812+0000: 50.421: [DefNew: 136627K->47K(153600K), 0.0016005 secs] 180222K->43642K(494976K), 0.0016616 secs] [Times: user=0.00 sys=0.00, real=0.01 secs] 
08:26:00.323 [Curator-PathChildrenCache-0] ERROR o.a.c.f.r.c.PathChildrenCache  - 
java.lang.IllegalStateException: instance must be started before calling this method
	at org.apache.curator.shaded.com.google.common.base.Preconditions.checkState(Preconditions.java:444)
	at org.apache.curator.framework.imps.CuratorFrameworkImpl.getChildren(CuratorFrameworkImpl.java:456)
	at org.apache.curator.framework.recipes.cache.PathChildrenCache.refresh(PathChildrenCache.java:521)
	at org.apache.curator.framework.recipes.cache.RefreshOperation.invoke(RefreshOperation.java:35)
	at org.apache.curator.framework.recipes.cache.PathChildrenCache$9.run(PathChildrenCache.java:786)
	at java.util.concurrent.Executors$RunnableAdapter.call(Executors.java:511)
	at java.util.concurrent.FutureTask.run(FutureTask.java:266)
	at java.util.concurrent.Executors$RunnableAdapter.call(Executors.java:511)
	at java.util.concurrent.FutureTask.run(FutureTask.java:266)
	at java.util.concurrent.ThreadPoolExecutor.runWorker(ThreadPoolExecutor.java:1149)
	at java.util.concurrent.ThreadPoolExecutor$Worker.run(ThreadPoolExecutor.java:624)
	at java.lang.Thread.run(Thread.java:748)
2019-06-11T08:26:00.385+0000: 62.994: [GC (Allocation Failure) 2019-06-11T08:26:00.385+0000: 62.994: [DefNew: 136623K->951K(153600K), 0.0033373 secs] 180218K->44546K(494976K), 0.0033971 secs] [Times: user=0.00 sys=0.00, real=0.00 secs] 
Heap
 def new generation   total 153600K, used 8386K [0x00000000e0c00000, 0x00000000eb2a0000, 0x00000000eb2a0000)
  eden space 136576K,   5% used [0x00000000e0c00000, 0x00000000e1342a00, 0x00000000e9160000)
  from space 17024K,   5% used [0x00000000e9160000, 0x00000000e924df28, 0x00000000ea200000)
  to   space 17024K,   0% used [0x00000000ea200000, 0x00000000ea200000, 0x00000000eb2a0000)
 tenured generation   total 341376K, used 43594K [0x00000000eb2a0000, 0x0000000100000000, 0x0000000100000000)
   the space 341376K,  12% used [0x00000000eb2a0000, 0x00000000edd32980, 0x00000000edd32a00, 0x0000000100000000)
 Metaspace       used 35841K, capacity 36788K, committed 37120K, reserved 1081344K
  class space    used 4853K, capacity 5072K, committed 5120K, reserved 1048576K
