16:41:23,534 |-INFO in ch.qos.logback.classic.LoggerContext[default] - Could NOT find resource [logback-test.xml]
16:41:23,534 |-INFO in ch.qos.logback.classic.LoggerContext[default] - Could NOT find resource [logback.groovy]
16:41:23,535 |-INFO in ch.qos.logback.classic.LoggerContext[default] - Found resource [logback.xml] at [jar:file:/root/flamestream/lib/flamestream-runtime-1.0-SNAPSHOT.jar!/logback.xml]
16:41:23,535 |-WARN in ch.qos.logback.classic.LoggerContext[default] - Resource [logback.xml] occurs multiple times on the classpath.
16:41:23,536 |-WARN in ch.qos.logback.classic.LoggerContext[default] - Resource [logback.xml] occurs at [jar:file:/root/flamestream/lib/flamestream-runtime-1.0-SNAPSHOT.jar!/logback.xml]
16:41:23,536 |-WARN in ch.qos.logback.classic.LoggerContext[default] - Resource [logback.xml] occurs at [jar:file:/root/flamestream/flamestream-runtime-1.0-SNAPSHOT.jar!/logback.xml]
16:41:23,555 |-INFO in ch.qos.logback.core.joran.spi.ConfigurationWatchList@3fb6a447 - URL [jar:file:/root/flamestream/lib/flamestream-runtime-1.0-SNAPSHOT.jar!/logback.xml] is not of type file
16:41:23,620 |-INFO in ch.qos.logback.classic.joran.action.ConfigurationAction - debug attribute not set
16:41:23,621 |-INFO in ch.qos.logback.core.joran.action.AppenderAction - About to instantiate appender of type [ch.qos.logback.core.ConsoleAppender]
16:41:23,637 |-INFO in ch.qos.logback.core.joran.action.AppenderAction - Naming appender as [STDOUT]
16:41:23,657 |-INFO in ch.qos.logback.core.joran.action.NestedComplexPropertyIA - Assuming default type [ch.qos.logback.classic.encoder.PatternLayoutEncoder] for [encoder] property
16:41:23,752 |-INFO in ch.qos.logback.core.joran.action.AppenderAction - About to instantiate appender of type [ch.qos.logback.core.rolling.RollingFileAppender]
16:41:23,757 |-INFO in ch.qos.logback.core.joran.action.AppenderAction - Naming appender as [FILE]
16:41:23,792 |-INFO in c.q.l.core.rolling.TimeBasedRollingPolicy@127618319 - No compression will be used
16:41:23,793 |-INFO in c.q.l.core.rolling.TimeBasedRollingPolicy@127618319 - Will use the pattern /tmp/application_%d{yyyy-MM-dd}.%i.log for the active file
16:41:23,796 |-INFO in ch.qos.logback.core.rolling.SizeAndTimeBasedFNATP@6b2fad11 - The date pattern is 'yyyy-MM-dd' from file name pattern '/tmp/application_%d{yyyy-MM-dd}.%i.log'.
16:41:23,796 |-INFO in ch.qos.logback.core.rolling.SizeAndTimeBasedFNATP@6b2fad11 - Roll-over at midnight.
16:41:23,801 |-INFO in ch.qos.logback.core.rolling.SizeAndTimeBasedFNATP@6b2fad11 - Setting initial period to Mon Jun 10 16:40:00 UTC 2019
16:41:23,801 |-WARN in ch.qos.logback.core.rolling.SizeAndTimeBasedFNATP@6b2fad11 - SizeAndTimeBasedFNATP is deprecated. Use SizeAndTimeBasedRollingPolicy instead
16:41:23,801 |-WARN in ch.qos.logback.core.rolling.SizeAndTimeBasedFNATP@6b2fad11 - For more information see http://logback.qos.ch/manual/appenders.html#SizeAndTimeBasedRollingPolicy
16:41:23,805 |-INFO in ch.qos.logback.core.joran.action.NestedComplexPropertyIA - Assuming default type [ch.qos.logback.classic.encoder.PatternLayoutEncoder] for [encoder] property
16:41:23,810 |-INFO in ch.qos.logback.core.rolling.RollingFileAppender[FILE] - Active log file name: /tmp/application.log
16:41:23,810 |-INFO in ch.qos.logback.core.rolling.RollingFileAppender[FILE] - File property is set to [/tmp/application.log]
16:41:23,811 |-INFO in ch.qos.logback.classic.joran.action.RootLoggerAction - Setting level of ROOT logger to WARN
16:41:23,811 |-INFO in ch.qos.logback.core.joran.action.AppenderRefAction - Attaching appender named [STDOUT] to Logger[ROOT]
16:41:23,813 |-INFO in ch.qos.logback.core.joran.action.AppenderRefAction - Attaching appender named [FILE] to Logger[ROOT]
16:41:23,813 |-INFO in ch.qos.logback.classic.joran.action.ConfigurationAction - End of configuration.
16:41:23,813 |-INFO in ch.qos.logback.classic.joran.JoranConfigurator@79698539 - Registering current configuration as safe fallback point

Ama winner
Ama winner
2019-06-10T16:41:25.096+0000: 1.744: [Full GC (Metadata GC Threshold) 2019-06-10T16:41:25.096+0000: 1.744: [Tenured: 0K->15146K(341376K), 0.0417212 secs] 114987K->15146K(494976K), [Metaspace: 20739K->20739K(1067008K)], 0.0417896 secs] [Times: user=0.04 sys=0.01, real=0.04 secs] 
16:41:42.289 [Curator-PathChildrenCache-1] WARN  o.a.c.u.ZKPaths  - The version of ZooKeeper being used doesn't support Container nodes. CreateMode.PERSISTENT will be used instead.
2019-06-10T16:41:44.501+0000: 21.150: [GC (Allocation Failure) 2019-06-10T16:41:44.501+0000: 21.150: [DefNew: 136576K->17024K(153600K), 0.0251136 secs] 151722K->52676K(494976K), 0.0251816 secs] [Times: user=0.02 sys=0.01, real=0.03 secs] 
2019-06-10T16:41:46.018+0000: 22.666: [Full GC (Metadata GC Threshold) 2019-06-10T16:41:46.018+0000: 22.666: [Tenured: 35652K->44253K(341376K), 0.0403946 secs] 83642K->44253K(494976K), [Metaspace: 34595K->34595K(1079296K)], 0.0404820 secs] [Times: user=0.04 sys=0.00, real=0.04 secs] 
2019-06-10T16:41:52.405+0000: 29.053: [GC (Allocation Failure) 2019-06-10T16:41:52.405+0000: 29.053: [DefNew: 136576K->72K(153600K), 0.0018808 secs] 180829K->44325K(494976K), 0.0019399 secs] [Times: user=0.01 sys=0.00, real=0.00 secs] 
2019-06-10T16:41:58.634+0000: 35.283: [GC (Allocation Failure) 2019-06-10T16:41:58.634+0000: 35.283: [DefNew: 136648K->73K(153600K), 0.0017607 secs] 180901K->44326K(494976K), 0.0018202 secs] [Times: user=0.00 sys=0.00, real=0.00 secs] 
2019-06-10T16:42:05.020+0000: 41.669: [GC (Allocation Failure) 2019-06-10T16:42:05.020+0000: 41.669: [DefNew: 136649K->73K(153600K), 0.0018181 secs] 180902K->44326K(494976K), 0.0018845 secs] [Times: user=0.00 sys=0.00, real=0.01 secs] 
2019-06-10T16:42:11.374+0000: 48.022: [GC (Allocation Failure) 2019-06-10T16:42:11.374+0000: 48.022: [DefNew: 136649K->72K(153600K), 0.0017438 secs] 180902K->44325K(494976K), 0.0018048 secs] [Times: user=0.00 sys=0.00, real=0.00 secs] 
2019-06-10T16:42:19.731+0000: 56.379: [GC (Allocation Failure) 2019-06-10T16:42:19.731+0000: 56.379: [DefNew: 136648K->73K(153600K), 0.0018677 secs] 180901K->44326K(494976K), 0.0019293 secs] [Times: user=0.00 sys=0.00, real=0.00 secs] 
16:42:25.757 [Curator-PathChildrenCache-0] ERROR o.a.c.f.r.c.PathChildrenCache  - 
java.lang.IllegalStateException: instance must be started before calling this method
	at org.apache.curator.shaded.com.google.common.base.Preconditions.checkState(Preconditions.java:444)
	at org.apache.curator.framework.imps.CuratorFrameworkImpl.getChildren(CuratorFrameworkImpl.java:456)
	at org.apache.curator.framework.recipes.cache.PathChildrenCache.refresh(PathChildrenCache.java:521)
	at org.apache.curator.framework.recipes.cache.RefreshOperation.invoke(RefreshOperation.java:35)
	at org.apache.curator.framework.recipes.cache.PathChildrenCache$9.run(PathChildrenCache.java:786)
	at java.util.concurrent.Executors$RunnableAdapter.call(Executors.java:511)
	at java.util.concurrent.FutureTask.run(FutureTask.java:266)
	at java.util.concurrent.Executors$RunnableAdapter.call(Executors.java:511)
	at java.util.concurrent.FutureTask.run(FutureTask.java:266)
	at java.util.concurrent.ThreadPoolExecutor.runWorker(ThreadPoolExecutor.java:1149)
	at java.util.concurrent.ThreadPoolExecutor$Worker.run(ThreadPoolExecutor.java:624)
	at java.lang.Thread.run(Thread.java:748)
Heap
 def new generation   total 153600K, used 44361K [0x00000000e0c00000, 0x00000000eb2a0000, 0x00000000eb2a0000)
  eden space 136576K,  32% used [0x00000000e0c00000, 0x00000000e373ff40, 0x00000000e9160000)
  from space 17024K,   0% used [0x00000000e9160000, 0x00000000e91725f8, 0x00000000ea200000)
  to   space 17024K,   0% used [0x00000000ea200000, 0x00000000ea200000, 0x00000000eb2a0000)
 tenured generation   total 341376K, used 44253K [0x00000000eb2a0000, 0x0000000100000000, 0x0000000100000000)
   the space 341376K,  12% used [0x00000000eb2a0000, 0x00000000eddd7410, 0x00000000eddd7600, 0x0000000100000000)
 Metaspace       used 36079K, capacity 36986K, committed 37120K, reserved 1081344K
  class space    used 4868K, capacity 5073K, committed 5120K, reserved 1048576K
