19:37:37,374 |-INFO in ch.qos.logback.classic.LoggerContext[default] - Could NOT find resource [logback-test.xml]
19:37:37,374 |-INFO in ch.qos.logback.classic.LoggerContext[default] - Could NOT find resource [logback.groovy]
19:37:37,374 |-INFO in ch.qos.logback.classic.LoggerContext[default] - Found resource [logback.xml] at [jar:file:/root/flamestream/lib/flamestream-runtime-1.0-SNAPSHOT.jar!/logback.xml]
19:37:37,377 |-WARN in ch.qos.logback.classic.LoggerContext[default] - Resource [logback.xml] occurs multiple times on the classpath.
19:37:37,378 |-WARN in ch.qos.logback.classic.LoggerContext[default] - Resource [logback.xml] occurs at [jar:file:/root/flamestream/lib/flamestream-runtime-1.0-SNAPSHOT.jar!/logback.xml]
19:37:37,378 |-WARN in ch.qos.logback.classic.LoggerContext[default] - Resource [logback.xml] occurs at [jar:file:/root/flamestream/flamestream-runtime-1.0-SNAPSHOT.jar!/logback.xml]
19:37:37,398 |-INFO in ch.qos.logback.core.joran.spi.ConfigurationWatchList@3fb6a447 - URL [jar:file:/root/flamestream/lib/flamestream-runtime-1.0-SNAPSHOT.jar!/logback.xml] is not of type file
19:37:37,467 |-INFO in ch.qos.logback.classic.joran.action.ConfigurationAction - debug attribute not set
19:37:37,468 |-INFO in ch.qos.logback.core.joran.action.AppenderAction - About to instantiate appender of type [ch.qos.logback.core.ConsoleAppender]
19:37:37,486 |-INFO in ch.qos.logback.core.joran.action.AppenderAction - Naming appender as [STDOUT]
19:37:37,504 |-INFO in ch.qos.logback.core.joran.action.NestedComplexPropertyIA - Assuming default type [ch.qos.logback.classic.encoder.PatternLayoutEncoder] for [encoder] property
19:37:37,587 |-INFO in ch.qos.logback.core.joran.action.AppenderAction - About to instantiate appender of type [ch.qos.logback.core.rolling.RollingFileAppender]
19:37:37,595 |-INFO in ch.qos.logback.core.joran.action.AppenderAction - Naming appender as [FILE]
19:37:37,625 |-INFO in c.q.l.core.rolling.TimeBasedRollingPolicy@127618319 - No compression will be used
19:37:37,627 |-INFO in c.q.l.core.rolling.TimeBasedRollingPolicy@127618319 - Will use the pattern /tmp/application_%d{yyyy-MM-dd}.%i.log for the active file
19:37:37,630 |-INFO in ch.qos.logback.core.rolling.SizeAndTimeBasedFNATP@6b2fad11 - The date pattern is 'yyyy-MM-dd' from file name pattern '/tmp/application_%d{yyyy-MM-dd}.%i.log'.
19:37:37,630 |-INFO in ch.qos.logback.core.rolling.SizeAndTimeBasedFNATP@6b2fad11 - Roll-over at midnight.
19:37:37,635 |-INFO in ch.qos.logback.core.rolling.SizeAndTimeBasedFNATP@6b2fad11 - Setting initial period to Mon Jun 10 19:35:59 UTC 2019
19:37:37,635 |-WARN in ch.qos.logback.core.rolling.SizeAndTimeBasedFNATP@6b2fad11 - SizeAndTimeBasedFNATP is deprecated. Use SizeAndTimeBasedRollingPolicy instead
19:37:37,635 |-WARN in ch.qos.logback.core.rolling.SizeAndTimeBasedFNATP@6b2fad11 - For more information see http://logback.qos.ch/manual/appenders.html#SizeAndTimeBasedRollingPolicy
19:37:37,639 |-INFO in ch.qos.logback.core.joran.action.NestedComplexPropertyIA - Assuming default type [ch.qos.logback.classic.encoder.PatternLayoutEncoder] for [encoder] property
19:37:37,643 |-INFO in ch.qos.logback.core.rolling.RollingFileAppender[FILE] - Active log file name: /tmp/application.log
19:37:37,643 |-INFO in ch.qos.logback.core.rolling.RollingFileAppender[FILE] - File property is set to [/tmp/application.log]
19:37:37,644 |-INFO in ch.qos.logback.classic.joran.action.RootLoggerAction - Setting level of ROOT logger to WARN
19:37:37,644 |-INFO in ch.qos.logback.core.joran.action.AppenderRefAction - Attaching appender named [STDOUT] to Logger[ROOT]
19:37:37,646 |-INFO in ch.qos.logback.core.joran.action.AppenderRefAction - Attaching appender named [FILE] to Logger[ROOT]
19:37:37,646 |-INFO in ch.qos.logback.classic.joran.action.ConfigurationAction - End of configuration.
19:37:37,647 |-INFO in ch.qos.logback.classic.joran.JoranConfigurator@79698539 - Registering current configuration as safe fallback point

Ama winner
Ama winner
2019-06-10T19:37:39.253+0000: 2.060: [Full GC (Metadata GC Threshold) 2019-06-10T19:37:39.253+0000: 2.060: [Tenured: 0K->15241K(341376K), 0.0400909 secs] 117718K->15241K(494976K), [Metaspace: 20739K->20739K(1067008K)], 0.0401599 secs] [Times: user=0.04 sys=0.00, real=0.04 secs] 
2019-06-10T19:37:58.939+0000: 21.746: [GC (Allocation Failure) 2019-06-10T19:37:58.939+0000: 21.746: [DefNew: 136576K->17023K(153600K), 0.0256725 secs] 151817K->52710K(494976K), 0.0257367 secs] [Times: user=0.02 sys=0.01, real=0.03 secs] 
2019-06-10T19:37:59.769+0000: 22.576: [Full GC (Metadata GC Threshold) 2019-06-10T19:37:59.769+0000: 22.576: [Tenured: 35686K->44164K(341376K), 0.0382349 secs] 77348K->44164K(494976K), [Metaspace: 34552K->34552K(1079296K)], 0.0383100 secs] [Times: user=0.04 sys=0.00, real=0.04 secs] 
2019-06-10T19:38:05.889+0000: 28.696: [GC (Allocation Failure) 2019-06-10T19:38:05.889+0000: 28.696: [DefNew: 136576K->70K(153600K), 0.0018049 secs] 180740K->44234K(494976K), 0.0018656 secs] [Times: user=0.00 sys=0.00, real=0.01 secs] 
2019-06-10T19:38:12.114+0000: 34.921: [GC (Allocation Failure) 2019-06-10T19:38:12.114+0000: 34.921: [DefNew: 136646K->68K(153600K), 0.0017098 secs] 180810K->44232K(494976K), 0.0017733 secs] [Times: user=0.01 sys=0.00, real=0.00 secs] 
2019-06-10T19:38:18.366+0000: 41.172: [GC (Allocation Failure) 2019-06-10T19:38:18.366+0000: 41.172: [DefNew: 136644K->71K(153600K), 0.0018257 secs] 180808K->44235K(494976K), 0.0018890 secs] [Times: user=0.00 sys=0.00, real=0.00 secs] 
2019-06-10T19:38:24.635+0000: 47.441: [GC (Allocation Failure) 2019-06-10T19:38:24.635+0000: 47.442: [DefNew: 136647K->68K(153600K), 0.0017963 secs] 180811K->44233K(494976K), 0.0018594 secs] [Times: user=0.00 sys=0.00, real=0.00 secs] 
2019-06-10T19:38:30.974+0000: 53.780: [GC (Allocation Failure) 2019-06-10T19:38:30.974+0000: 53.780: [DefNew: 136644K->68K(153600K), 0.0017854 secs] 180809K->44232K(494976K), 0.0018598 secs] [Times: user=0.00 sys=0.00, real=0.00 secs] 
19:38:39.390 [Curator-PathChildrenCache-0] ERROR o.a.c.f.r.c.PathChildrenCache  - 
java.lang.IllegalStateException: instance must be started before calling this method
	at org.apache.curator.shaded.com.google.common.base.Preconditions.checkState(Preconditions.java:444)
	at org.apache.curator.framework.imps.CuratorFrameworkImpl.getChildren(CuratorFrameworkImpl.java:456)
	at org.apache.curator.framework.recipes.cache.PathChildrenCache.refresh(PathChildrenCache.java:521)
	at org.apache.curator.framework.recipes.cache.RefreshOperation.invoke(RefreshOperation.java:35)
	at org.apache.curator.framework.recipes.cache.PathChildrenCache$9.run(PathChildrenCache.java:786)
	at java.util.concurrent.Executors$RunnableAdapter.call(Executors.java:511)
	at java.util.concurrent.FutureTask.run(FutureTask.java:266)
	at java.util.concurrent.Executors$RunnableAdapter.call(Executors.java:511)
	at java.util.concurrent.FutureTask.run(FutureTask.java:266)
	at java.util.concurrent.ThreadPoolExecutor.runWorker(ThreadPoolExecutor.java:1149)
	at java.util.concurrent.ThreadPoolExecutor$Worker.run(ThreadPoolExecutor.java:624)
	at java.lang.Thread.run(Thread.java:748)
Heap
 def new generation   total 153600K, used 62328K [0x00000000e0c00000, 0x00000000eb2a0000, 0x00000000eb2a0000)
  eden space 136576K,  45% used [0x00000000e0c00000, 0x00000000e48cce60, 0x00000000e9160000)
  from space 17024K,   0% used [0x00000000e9160000, 0x00000000e9171258, 0x00000000ea200000)
  to   space 17024K,   0% used [0x00000000ea200000, 0x00000000ea200000, 0x00000000eb2a0000)
 tenured generation   total 341376K, used 44164K [0x00000000eb2a0000, 0x0000000100000000, 0x0000000100000000)
   the space 341376K,  12% used [0x00000000eb2a0000, 0x00000000eddc1030, 0x00000000eddc1200, 0x0000000100000000)
 Metaspace       used 36065K, capacity 36974K, committed 37120K, reserved 1081344K
  class space    used 4856K, capacity 5055K, committed 5120K, reserved 1048576K
