08:16:32,431 |-INFO in ch.qos.logback.classic.LoggerContext[default] - Could NOT find resource [logback-test.xml]
08:16:32,431 |-INFO in ch.qos.logback.classic.LoggerContext[default] - Could NOT find resource [logback.groovy]
08:16:32,432 |-INFO in ch.qos.logback.classic.LoggerContext[default] - Found resource [logback.xml] at [jar:file:/root/flamestream/lib/flamestream-runtime-1.0-SNAPSHOT.jar!/logback.xml]
08:16:32,432 |-WARN in ch.qos.logback.classic.LoggerContext[default] - Resource [logback.xml] occurs multiple times on the classpath.
08:16:32,433 |-WARN in ch.qos.logback.classic.LoggerContext[default] - Resource [logback.xml] occurs at [jar:file:/root/flamestream/lib/flamestream-runtime-1.0-SNAPSHOT.jar!/logback.xml]
08:16:32,433 |-WARN in ch.qos.logback.classic.LoggerContext[default] - Resource [logback.xml] occurs at [jar:file:/root/flamestream/flamestream-runtime-1.0-SNAPSHOT.jar!/logback.xml]
08:16:32,453 |-INFO in ch.qos.logback.core.joran.spi.ConfigurationWatchList@3fb6a447 - URL [jar:file:/root/flamestream/lib/flamestream-runtime-1.0-SNAPSHOT.jar!/logback.xml] is not of type file
08:16:32,525 |-INFO in ch.qos.logback.classic.joran.action.ConfigurationAction - debug attribute not set
08:16:32,526 |-INFO in ch.qos.logback.core.joran.action.AppenderAction - About to instantiate appender of type [ch.qos.logback.core.ConsoleAppender]
08:16:32,544 |-INFO in ch.qos.logback.core.joran.action.AppenderAction - Naming appender as [STDOUT]
08:16:32,562 |-INFO in ch.qos.logback.core.joran.action.NestedComplexPropertyIA - Assuming default type [ch.qos.logback.classic.encoder.PatternLayoutEncoder] for [encoder] property
08:16:32,638 |-INFO in ch.qos.logback.core.joran.action.AppenderAction - About to instantiate appender of type [ch.qos.logback.core.rolling.RollingFileAppender]
08:16:32,647 |-INFO in ch.qos.logback.core.joran.action.AppenderAction - Naming appender as [FILE]
08:16:32,680 |-INFO in c.q.l.core.rolling.TimeBasedRollingPolicy@127618319 - No compression will be used
08:16:32,681 |-INFO in c.q.l.core.rolling.TimeBasedRollingPolicy@127618319 - Will use the pattern /tmp/application_%d{yyyy-MM-dd}.%i.log for the active file
08:16:32,684 |-INFO in ch.qos.logback.core.rolling.SizeAndTimeBasedFNATP@6b2fad11 - The date pattern is 'yyyy-MM-dd' from file name pattern '/tmp/application_%d{yyyy-MM-dd}.%i.log'.
08:16:32,684 |-INFO in ch.qos.logback.core.rolling.SizeAndTimeBasedFNATP@6b2fad11 - Roll-over at midnight.
08:16:32,689 |-INFO in ch.qos.logback.core.rolling.SizeAndTimeBasedFNATP@6b2fad11 - Setting initial period to Tue Jun 11 08:15:09 UTC 2019
08:16:32,689 |-WARN in ch.qos.logback.core.rolling.SizeAndTimeBasedFNATP@6b2fad11 - SizeAndTimeBasedFNATP is deprecated. Use SizeAndTimeBasedRollingPolicy instead
08:16:32,689 |-WARN in ch.qos.logback.core.rolling.SizeAndTimeBasedFNATP@6b2fad11 - For more information see http://logback.qos.ch/manual/appenders.html#SizeAndTimeBasedRollingPolicy
08:16:32,694 |-INFO in ch.qos.logback.core.joran.action.NestedComplexPropertyIA - Assuming default type [ch.qos.logback.classic.encoder.PatternLayoutEncoder] for [encoder] property
08:16:32,698 |-INFO in ch.qos.logback.core.rolling.RollingFileAppender[FILE] - Active log file name: /tmp/application.log
08:16:32,698 |-INFO in ch.qos.logback.core.rolling.RollingFileAppender[FILE] - File property is set to [/tmp/application.log]
08:16:32,699 |-INFO in ch.qos.logback.classic.joran.action.RootLoggerAction - Setting level of ROOT logger to WARN
08:16:32,699 |-INFO in ch.qos.logback.core.joran.action.AppenderRefAction - Attaching appender named [STDOUT] to Logger[ROOT]
08:16:32,701 |-INFO in ch.qos.logback.core.joran.action.AppenderRefAction - Attaching appender named [FILE] to Logger[ROOT]
08:16:32,701 |-INFO in ch.qos.logback.classic.joran.action.ConfigurationAction - End of configuration.
08:16:32,702 |-INFO in ch.qos.logback.classic.joran.JoranConfigurator@79698539 - Registering current configuration as safe fallback point

Ama winner
Ama winner
2019-06-11T08:16:34.021+0000: 1.778: [Full GC (Metadata GC Threshold) 2019-06-11T08:16:34.021+0000: 1.778: [Tenured: 0K->15209K(341376K), 0.0413740 secs] 114987K->15209K(494976K), [Metaspace: 20732K->20732K(1067008K)], 0.0414421 secs] [Times: user=0.03 sys=0.01, real=0.04 secs] 
08:16:48.109 [Curator-PathChildrenCache-1] WARN  o.a.c.u.ZKPaths  - The version of ZooKeeper being used doesn't support Container nodes. CreateMode.PERSISTENT will be used instead.
2019-06-11T08:16:50.027+0000: 17.784: [GC (Allocation Failure) 2019-06-11T08:16:50.027+0000: 17.784: [DefNew: 117841K->16519K(153600K), 0.0171274 secs] 133051K->31729K(494976K), 0.0171948 secs] [Times: user=0.01 sys=0.01, real=0.02 secs] 
2019-06-11T08:16:53.456+0000: 21.212: [GC (Allocation Failure) 2019-06-11T08:16:53.456+0000: 21.212: [DefNew: 153095K->1564K(153600K), 0.0185148 secs] 168305K->43208K(494976K), 0.0185849 secs] [Times: user=0.02 sys=0.00, real=0.02 secs] 
2019-06-11T08:16:53.835+0000: 21.591: [Full GC (Metadata GC Threshold) 2019-06-11T08:16:53.835+0000: 21.591: [Tenured: 41644K->43117K(341376K), 0.0351800 secs] 60628K->43117K(494976K), [Metaspace: 34600K->34600K(1079296K)], 0.0352698 secs] [Times: user=0.03 sys=0.00, real=0.03 secs] 
2019-06-11T08:16:57.221+0000: 24.977: [GC (Allocation Failure) 2019-06-11T08:16:57.221+0000: 24.977: [DefNew: 136576K->77K(153600K), 0.0017349 secs] 179693K->43194K(494976K), 0.0017965 secs] [Times: user=0.00 sys=0.00, real=0.00 secs] 
2019-06-11T08:17:00.649+0000: 28.406: [GC (Allocation Failure) 2019-06-11T08:17:00.650+0000: 28.406: [DefNew: 136653K->86K(153600K), 0.0015848 secs] 179770K->43203K(494976K), 0.0016437 secs] [Times: user=0.01 sys=0.00, real=0.01 secs] 
2019-06-11T08:17:04.100+0000: 31.856: [GC (Allocation Failure) 2019-06-11T08:17:04.100+0000: 31.856: [DefNew: 136662K->91K(153600K), 0.0015585 secs] 179779K->43209K(494976K), 0.0016139 secs] [Times: user=0.00 sys=0.00, real=0.00 secs] 
2019-06-11T08:17:12.385+0000: 40.142: [GC (Allocation Failure) 2019-06-11T08:17:12.385+0000: 40.142: [DefNew: 136667K->175K(153600K), 0.0019813 secs] 179785K->43292K(494976K), 0.0020326 secs] [Times: user=0.00 sys=0.00, real=0.00 secs] 
08:17:12.441 [Curator-PathChildrenCache-0] ERROR o.a.c.f.r.c.PathChildrenCache  - 
java.lang.IllegalStateException: instance must be started before calling this method
	at org.apache.curator.shaded.com.google.common.base.Preconditions.checkState(Preconditions.java:444)
	at org.apache.curator.framework.imps.CuratorFrameworkImpl.getChildren(CuratorFrameworkImpl.java:456)
	at org.apache.curator.framework.recipes.cache.PathChildrenCache.refresh(PathChildrenCache.java:521)
	at org.apache.curator.framework.recipes.cache.RefreshOperation.invoke(RefreshOperation.java:35)
	at org.apache.curator.framework.recipes.cache.PathChildrenCache$9.run(PathChildrenCache.java:786)
	at java.util.concurrent.Executors$RunnableAdapter.call(Executors.java:511)
	at java.util.concurrent.FutureTask.run(FutureTask.java:266)
	at java.util.concurrent.Executors$RunnableAdapter.call(Executors.java:511)
	at java.util.concurrent.FutureTask.run(FutureTask.java:266)
	at java.util.concurrent.ThreadPoolExecutor.runWorker(ThreadPoolExecutor.java:1149)
	at java.util.concurrent.ThreadPoolExecutor$Worker.run(ThreadPoolExecutor.java:624)
	at java.lang.Thread.run(Thread.java:748)
Heap
 def new generation   total 153600K, used 24923K [0x00000000e0c00000, 0x00000000eb2a0000, 0x00000000eb2a0000)
  eden space 136576K,  18% used [0x00000000e0c00000, 0x00000000e242b190, 0x00000000e9160000)
  from space 17024K,   1% used [0x00000000e9160000, 0x00000000e918bd40, 0x00000000ea200000)
  to   space 17024K,   0% used [0x00000000ea200000, 0x00000000ea200000, 0x00000000eb2a0000)
 tenured generation   total 341376K, used 43117K [0x00000000eb2a0000, 0x0000000100000000, 0x0000000100000000)
   the space 341376K,  12% used [0x00000000eb2a0000, 0x00000000edcbb4e0, 0x00000000edcbb600, 0x0000000100000000)
 Metaspace       used 35775K, capacity 36698K, committed 36864K, reserved 1081344K
  class space    used 4830K, capacity 5041K, committed 5120K, reserved 1048576K
