08:22:46,329 |-INFO in ch.qos.logback.classic.LoggerContext[default] - Could NOT find resource [logback-test.xml]
08:22:46,329 |-INFO in ch.qos.logback.classic.LoggerContext[default] - Could NOT find resource [logback.groovy]
08:22:46,329 |-INFO in ch.qos.logback.classic.LoggerContext[default] - Found resource [logback.xml] at [jar:file:/root/flamestream/lib/flamestream-runtime-1.0-SNAPSHOT.jar!/logback.xml]
08:22:46,330 |-WARN in ch.qos.logback.classic.LoggerContext[default] - Resource [logback.xml] occurs multiple times on the classpath.
08:22:46,330 |-WARN in ch.qos.logback.classic.LoggerContext[default] - Resource [logback.xml] occurs at [jar:file:/root/flamestream/lib/flamestream-runtime-1.0-SNAPSHOT.jar!/logback.xml]
08:22:46,330 |-WARN in ch.qos.logback.classic.LoggerContext[default] - Resource [logback.xml] occurs at [jar:file:/root/flamestream/flamestream-runtime-1.0-SNAPSHOT.jar!/logback.xml]
08:22:46,349 |-INFO in ch.qos.logback.core.joran.spi.ConfigurationWatchList@3fb6a447 - URL [jar:file:/root/flamestream/lib/flamestream-runtime-1.0-SNAPSHOT.jar!/logback.xml] is not of type file
08:22:46,424 |-INFO in ch.qos.logback.classic.joran.action.ConfigurationAction - debug attribute not set
08:22:46,424 |-INFO in ch.qos.logback.core.joran.action.AppenderAction - About to instantiate appender of type [ch.qos.logback.core.ConsoleAppender]
08:22:46,438 |-INFO in ch.qos.logback.core.joran.action.AppenderAction - Naming appender as [STDOUT]
08:22:46,455 |-INFO in ch.qos.logback.core.joran.action.NestedComplexPropertyIA - Assuming default type [ch.qos.logback.classic.encoder.PatternLayoutEncoder] for [encoder] property
08:22:46,545 |-INFO in ch.qos.logback.core.joran.action.AppenderAction - About to instantiate appender of type [ch.qos.logback.core.rolling.RollingFileAppender]
08:22:46,550 |-INFO in ch.qos.logback.core.joran.action.AppenderAction - Naming appender as [FILE]
08:22:46,581 |-INFO in c.q.l.core.rolling.TimeBasedRollingPolicy@127618319 - No compression will be used
08:22:46,583 |-INFO in c.q.l.core.rolling.TimeBasedRollingPolicy@127618319 - Will use the pattern /tmp/application_%d{yyyy-MM-dd}.%i.log for the active file
08:22:46,586 |-INFO in ch.qos.logback.core.rolling.SizeAndTimeBasedFNATP@6b2fad11 - The date pattern is 'yyyy-MM-dd' from file name pattern '/tmp/application_%d{yyyy-MM-dd}.%i.log'.
08:22:46,586 |-INFO in ch.qos.logback.core.rolling.SizeAndTimeBasedFNATP@6b2fad11 - Roll-over at midnight.
08:22:46,591 |-INFO in ch.qos.logback.core.rolling.SizeAndTimeBasedFNATP@6b2fad11 - Setting initial period to Tue Jun 11 08:21:35 UTC 2019
08:22:46,591 |-WARN in ch.qos.logback.core.rolling.SizeAndTimeBasedFNATP@6b2fad11 - SizeAndTimeBasedFNATP is deprecated. Use SizeAndTimeBasedRollingPolicy instead
08:22:46,591 |-WARN in ch.qos.logback.core.rolling.SizeAndTimeBasedFNATP@6b2fad11 - For more information see http://logback.qos.ch/manual/appenders.html#SizeAndTimeBasedRollingPolicy
08:22:46,595 |-INFO in ch.qos.logback.core.joran.action.NestedComplexPropertyIA - Assuming default type [ch.qos.logback.classic.encoder.PatternLayoutEncoder] for [encoder] property
08:22:46,600 |-INFO in ch.qos.logback.core.rolling.RollingFileAppender[FILE] - Active log file name: /tmp/application.log
08:22:46,600 |-INFO in ch.qos.logback.core.rolling.RollingFileAppender[FILE] - File property is set to [/tmp/application.log]
08:22:46,601 |-INFO in ch.qos.logback.classic.joran.action.RootLoggerAction - Setting level of ROOT logger to WARN
08:22:46,601 |-INFO in ch.qos.logback.core.joran.action.AppenderRefAction - Attaching appender named [STDOUT] to Logger[ROOT]
08:22:46,603 |-INFO in ch.qos.logback.core.joran.action.AppenderRefAction - Attaching appender named [FILE] to Logger[ROOT]
08:22:46,603 |-INFO in ch.qos.logback.classic.joran.action.ConfigurationAction - End of configuration.
08:22:46,604 |-INFO in ch.qos.logback.classic.joran.JoranConfigurator@79698539 - Registering current configuration as safe fallback point

Ama winner
Ama winner
2019-06-11T08:22:47.855+0000: 1.714: [Full GC (Metadata GC Threshold) 2019-06-11T08:22:47.855+0000: 1.714: [Tenured: 0K->15240K(341376K), 0.0361591 secs] 114987K->15240K(494976K), [Metaspace: 20737K->20737K(1067008K)], 0.0362264 secs] [Times: user=0.03 sys=0.00, real=0.04 secs] 
08:23:03.168 [Curator-PathChildrenCache-1] WARN  o.a.c.u.ZKPaths  - The version of ZooKeeper being used doesn't support Container nodes. CreateMode.PERSISTENT will be used instead.
2019-06-11T08:23:05.281+0000: 19.139: [GC (Allocation Failure) 2019-06-11T08:23:05.281+0000: 19.139: [DefNew: 136576K->17024K(153600K), 0.0261388 secs] 151816K->52499K(494976K), 0.0262058 secs] [Times: user=0.02 sys=0.01, real=0.02 secs] 
2019-06-11T08:23:10.945+0000: 24.803: [GC (Allocation Failure) 2019-06-11T08:23:10.945+0000: 24.803: [DefNew: 153600K->320K(153600K), 0.0097327 secs] 189075K->43869K(494976K), 0.0098032 secs] [Times: user=0.01 sys=0.00, real=0.01 secs] 
2019-06-11T08:23:16.319+0000: 30.178: [GC (Allocation Failure) 2019-06-11T08:23:16.319+0000: 30.178: [DefNew: 136896K->302K(153600K), 0.0028374 secs] 180445K->43851K(494976K), 0.0028977 secs] [Times: user=0.00 sys=0.00, real=0.00 secs] 
2019-06-11T08:23:16.966+0000: 30.825: [Full GC (Metadata GC Threshold) 2019-06-11T08:23:16.966+0000: 30.825: [Tenured: 43548K->43848K(341376K), 0.0345648 secs] 62220K->43848K(494976K), [Metaspace: 34592K->34592K(1079296K)], 0.0346483 secs] [Times: user=0.03 sys=0.00, real=0.04 secs] 
2019-06-11T08:23:22.440+0000: 36.298: [GC (Allocation Failure) 2019-06-11T08:23:22.440+0000: 36.298: [DefNew: 136576K->82K(153600K), 0.0017234 secs] 180424K->43930K(494976K), 0.0017936 secs] [Times: user=0.01 sys=0.00, real=0.00 secs] 
2019-06-11T08:23:27.920+0000: 41.779: [GC (Allocation Failure) 2019-06-11T08:23:27.920+0000: 41.779: [DefNew: 136658K->116K(153600K), 0.0016460 secs] 180506K->43965K(494976K), 0.0017132 secs] [Times: user=0.01 sys=0.00, real=0.00 secs] 
2019-06-11T08:23:33.441+0000: 47.300: [GC (Allocation Failure) 2019-06-11T08:23:33.442+0000: 47.300: [DefNew: 136692K->148K(153600K), 0.0017517 secs] 180541K->43997K(494976K), 0.0018145 secs] [Times: user=0.00 sys=0.00, real=0.00 secs] 
08:23:41.197 [Curator-PathChildrenCache-0] ERROR o.a.c.f.r.c.PathChildrenCache  - 
java.lang.IllegalStateException: instance must be started before calling this method
	at org.apache.curator.shaded.com.google.common.base.Preconditions.checkState(Preconditions.java:444)
	at org.apache.curator.framework.imps.CuratorFrameworkImpl.getChildren(CuratorFrameworkImpl.java:456)
	at org.apache.curator.framework.recipes.cache.PathChildrenCache.refresh(PathChildrenCache.java:521)
	at org.apache.curator.framework.recipes.cache.RefreshOperation.invoke(RefreshOperation.java:35)
	at org.apache.curator.framework.recipes.cache.PathChildrenCache$9.run(PathChildrenCache.java:786)
	at java.util.concurrent.Executors$RunnableAdapter.call(Executors.java:511)
	at java.util.concurrent.FutureTask.run(FutureTask.java:266)
	at java.util.concurrent.Executors$RunnableAdapter.call(Executors.java:511)
	at java.util.concurrent.FutureTask.run(FutureTask.java:266)
	at java.util.concurrent.ThreadPoolExecutor.runWorker(ThreadPoolExecutor.java:1149)
	at java.util.concurrent.ThreadPoolExecutor$Worker.run(ThreadPoolExecutor.java:624)
	at java.lang.Thread.run(Thread.java:748)
Heap
 def new generation   total 153600K, used 93409K [0x00000000e0c00000, 0x00000000eb2a0000, 0x00000000eb2a0000)
  eden space 136576K,  68% used [0x00000000e0c00000, 0x00000000e6713218, 0x00000000e9160000)
  from space 17024K,   0% used [0x00000000e9160000, 0x00000000e9185328, 0x00000000ea200000)
  to   space 17024K,   0% used [0x00000000ea200000, 0x00000000ea200000, 0x00000000eb2a0000)
 tenured generation   total 341376K, used 43848K [0x00000000eb2a0000, 0x0000000100000000, 0x0000000100000000)
   the space 341376K,  12% used [0x00000000eb2a0000, 0x00000000edd72388, 0x00000000edd72400, 0x0000000100000000)
 Metaspace       used 35736K, capacity 36602K, committed 36864K, reserved 1081344K
  class space    used 4815K, capacity 5009K, committed 5120K, reserved 1048576K
