13:30:57,611 |-INFO in ch.qos.logback.classic.LoggerContext[default] - Could NOT find resource [logback-test.xml]
13:30:57,611 |-INFO in ch.qos.logback.classic.LoggerContext[default] - Could NOT find resource [logback.groovy]
13:30:57,611 |-INFO in ch.qos.logback.classic.LoggerContext[default] - Found resource [logback.xml] at [jar:file:/root/flamestream/lib/flamestream-runtime-1.0-SNAPSHOT.jar!/logback.xml]
13:30:57,612 |-WARN in ch.qos.logback.classic.LoggerContext[default] - Resource [logback.xml] occurs multiple times on the classpath.
13:30:57,612 |-WARN in ch.qos.logback.classic.LoggerContext[default] - Resource [logback.xml] occurs at [jar:file:/root/flamestream/lib/flamestream-runtime-1.0-SNAPSHOT.jar!/logback.xml]
13:30:57,612 |-WARN in ch.qos.logback.classic.LoggerContext[default] - Resource [logback.xml] occurs at [jar:file:/root/flamestream/flamestream-runtime-1.0-SNAPSHOT.jar!/logback.xml]
13:30:57,632 |-INFO in ch.qos.logback.core.joran.spi.ConfigurationWatchList@3fb6a447 - URL [jar:file:/root/flamestream/lib/flamestream-runtime-1.0-SNAPSHOT.jar!/logback.xml] is not of type file
13:30:57,699 |-INFO in ch.qos.logback.classic.joran.action.ConfigurationAction - debug attribute not set
13:30:57,700 |-INFO in ch.qos.logback.core.joran.action.AppenderAction - About to instantiate appender of type [ch.qos.logback.core.ConsoleAppender]
13:30:57,716 |-INFO in ch.qos.logback.core.joran.action.AppenderAction - Naming appender as [STDOUT]
13:30:57,726 |-INFO in ch.qos.logback.core.joran.action.NestedComplexPropertyIA - Assuming default type [ch.qos.logback.classic.encoder.PatternLayoutEncoder] for [encoder] property
13:30:57,834 |-INFO in ch.qos.logback.core.joran.action.AppenderAction - About to instantiate appender of type [ch.qos.logback.core.rolling.RollingFileAppender]
13:30:57,845 |-INFO in ch.qos.logback.core.joran.action.AppenderAction - Naming appender as [FILE]
13:30:57,874 |-INFO in c.q.l.core.rolling.TimeBasedRollingPolicy@127618319 - No compression will be used
13:30:57,875 |-INFO in c.q.l.core.rolling.TimeBasedRollingPolicy@127618319 - Will use the pattern /tmp/application_%d{yyyy-MM-dd}.%i.log for the active file
13:30:57,878 |-INFO in ch.qos.logback.core.rolling.SizeAndTimeBasedFNATP@6b2fad11 - The date pattern is 'yyyy-MM-dd' from file name pattern '/tmp/application_%d{yyyy-MM-dd}.%i.log'.
13:30:57,878 |-INFO in ch.qos.logback.core.rolling.SizeAndTimeBasedFNATP@6b2fad11 - Roll-over at midnight.
13:30:57,884 |-INFO in ch.qos.logback.core.rolling.SizeAndTimeBasedFNATP@6b2fad11 - Setting initial period to Mon Jun 10 13:29:42 UTC 2019
13:30:57,884 |-WARN in ch.qos.logback.core.rolling.SizeAndTimeBasedFNATP@6b2fad11 - SizeAndTimeBasedFNATP is deprecated. Use SizeAndTimeBasedRollingPolicy instead
13:30:57,884 |-WARN in ch.qos.logback.core.rolling.SizeAndTimeBasedFNATP@6b2fad11 - For more information see http://logback.qos.ch/manual/appenders.html#SizeAndTimeBasedRollingPolicy
13:30:57,889 |-INFO in ch.qos.logback.core.joran.action.NestedComplexPropertyIA - Assuming default type [ch.qos.logback.classic.encoder.PatternLayoutEncoder] for [encoder] property
13:30:57,894 |-INFO in ch.qos.logback.core.rolling.RollingFileAppender[FILE] - Active log file name: /tmp/application.log
13:30:57,894 |-INFO in ch.qos.logback.core.rolling.RollingFileAppender[FILE] - File property is set to [/tmp/application.log]
13:30:57,895 |-INFO in ch.qos.logback.classic.joran.action.RootLoggerAction - Setting level of ROOT logger to WARN
13:30:57,895 |-INFO in ch.qos.logback.core.joran.action.AppenderRefAction - Attaching appender named [STDOUT] to Logger[ROOT]
13:30:57,897 |-INFO in ch.qos.logback.core.joran.action.AppenderRefAction - Attaching appender named [FILE] to Logger[ROOT]
13:30:57,897 |-INFO in ch.qos.logback.classic.joran.action.ConfigurationAction - End of configuration.
13:30:57,897 |-INFO in ch.qos.logback.classic.joran.JoranConfigurator@79698539 - Registering current configuration as safe fallback point

Ama winner
Ama winner
2019-06-10T13:30:59.230+0000: 1.810: [Full GC (Metadata GC Threshold) 2019-06-10T13:30:59.230+0000: 1.810: [Tenured: 0K->15144K(341376K), 0.0408750 secs] 114923K->15144K(494976K), [Metaspace: 20731K->20731K(1067008K)], 0.0409459 secs] [Times: user=0.03 sys=0.01, real=0.04 secs] 
13:31:12.612 [Curator-PathChildrenCache-1] WARN  o.a.c.u.ZKPaths  - The version of ZooKeeper being used doesn't support Container nodes. CreateMode.PERSISTENT will be used instead.
2019-06-10T13:31:14.906+0000: 17.486: [GC (Allocation Failure) 2019-06-10T13:31:14.906+0000: 17.486: [DefNew: 136576K->17024K(153600K), 0.0266335 secs] 151720K->52887K(494976K), 0.0267199 secs] [Times: user=0.02 sys=0.01, real=0.03 secs] 
2019-06-10T13:31:15.709+0000: 18.289: [Full GC (Metadata GC Threshold) 2019-06-10T13:31:15.709+0000: 18.289: [Tenured: 35863K->44803K(341376K), 0.0373577 secs] 74039K->44803K(494976K), [Metaspace: 34576K->34576K(1079296K)], 0.0374431 secs] [Times: user=0.03 sys=0.01, real=0.03 secs] 
2019-06-10T13:31:21.900+0000: 24.480: [GC (Allocation Failure) 2019-06-10T13:31:21.900+0000: 24.480: [DefNew: 136576K->106K(153600K), 0.0020080 secs] 181379K->44909K(494976K), 0.0020671 secs] [Times: user=0.00 sys=0.00, real=0.00 secs] 
2019-06-10T13:31:28.006+0000: 30.586: [GC (Allocation Failure) 2019-06-10T13:31:28.006+0000: 30.586: [DefNew: 136682K->116K(153600K), 0.0018963 secs] 181485K->44920K(494976K), 0.0019560 secs] [Times: user=0.00 sys=0.00, real=0.00 secs] 
2019-06-10T13:31:33.988+0000: 36.568: [GC (Allocation Failure) 2019-06-10T13:31:33.988+0000: 36.568: [DefNew: 136692K->113K(153600K), 0.0018920 secs] 181496K->44916K(494976K), 0.0019559 secs] [Times: user=0.00 sys=0.00, real=0.01 secs] 
2019-06-10T13:31:39.999+0000: 42.579: [GC (Allocation Failure) 2019-06-10T13:31:39.999+0000: 42.579: [DefNew: 136689K->110K(153600K), 0.0019065 secs] 181492K->44914K(494976K), 0.0019773 secs] [Times: user=0.01 sys=0.00, real=0.00 secs] 
2019-06-10T13:31:46.035+0000: 48.615: [GC (Allocation Failure) 2019-06-10T13:31:46.035+0000: 48.616: [DefNew: 136686K->115K(153600K), 0.0019584 secs] 181490K->44919K(494976K), 0.0020196 secs] [Times: user=0.00 sys=0.00, real=0.01 secs] 
13:31:53.311 [Curator-PathChildrenCache-0] ERROR o.a.c.f.r.c.PathChildrenCache  - 
java.lang.IllegalStateException: instance must be started before calling this method
	at org.apache.curator.shaded.com.google.common.base.Preconditions.checkState(Preconditions.java:444)
	at org.apache.curator.framework.imps.CuratorFrameworkImpl.getChildren(CuratorFrameworkImpl.java:456)
	at org.apache.curator.framework.recipes.cache.PathChildrenCache.refresh(PathChildrenCache.java:521)
	at org.apache.curator.framework.recipes.cache.RefreshOperation.invoke(RefreshOperation.java:35)
	at org.apache.curator.framework.recipes.cache.PathChildrenCache$9.run(PathChildrenCache.java:786)
	at java.util.concurrent.Executors$RunnableAdapter.call(Executors.java:511)
	at java.util.concurrent.FutureTask.run(FutureTask.java:266)
	at java.util.concurrent.Executors$RunnableAdapter.call(Executors.java:511)
	at java.util.concurrent.FutureTask.run(FutureTask.java:266)
	at java.util.concurrent.ThreadPoolExecutor.runWorker(ThreadPoolExecutor.java:1149)
	at java.util.concurrent.ThreadPoolExecutor$Worker.run(ThreadPoolExecutor.java:624)
	at java.lang.Thread.run(Thread.java:748)
Heap
 def new generation   total 153600K, used 84783K [0x00000000e0c00000, 0x00000000eb2a0000, 0x00000000eb2a0000)
  eden space 136576K,  61% used [0x00000000e0c00000, 0x00000000e5eaedf0, 0x00000000e9160000)
  from space 17024K,   0% used [0x00000000e9160000, 0x00000000e917cef0, 0x00000000ea200000)
  to   space 17024K,   0% used [0x00000000ea200000, 0x00000000ea200000, 0x00000000eb2a0000)
 tenured generation   total 341376K, used 44803K [0x00000000eb2a0000, 0x0000000100000000, 0x0000000100000000)
   the space 341376K,  13% used [0x00000000eb2a0000, 0x00000000ede60d60, 0x00000000ede60e00, 0x0000000100000000)
 Metaspace       used 35894K, capacity 36778K, committed 37120K, reserved 1081344K
  class space    used 4828K, capacity 5017K, committed 5120K, reserved 1048576K
