15:17:59,911 |-INFO in ch.qos.logback.classic.LoggerContext[default] - Could NOT find resource [logback-test.xml]
15:17:59,911 |-INFO in ch.qos.logback.classic.LoggerContext[default] - Could NOT find resource [logback.groovy]
15:17:59,911 |-INFO in ch.qos.logback.classic.LoggerContext[default] - Found resource [logback.xml] at [jar:file:/root/flamestream/lib/flamestream-runtime-1.0-SNAPSHOT.jar!/logback.xml]
15:17:59,912 |-WARN in ch.qos.logback.classic.LoggerContext[default] - Resource [logback.xml] occurs multiple times on the classpath.
15:17:59,912 |-WARN in ch.qos.logback.classic.LoggerContext[default] - Resource [logback.xml] occurs at [jar:file:/root/flamestream/lib/flamestream-runtime-1.0-SNAPSHOT.jar!/logback.xml]
15:17:59,912 |-WARN in ch.qos.logback.classic.LoggerContext[default] - Resource [logback.xml] occurs at [jar:file:/root/flamestream/flamestream-runtime-1.0-SNAPSHOT.jar!/logback.xml]
15:17:59,932 |-INFO in ch.qos.logback.core.joran.spi.ConfigurationWatchList@3fb6a447 - URL [jar:file:/root/flamestream/lib/flamestream-runtime-1.0-SNAPSHOT.jar!/logback.xml] is not of type file
15:18:00,006 |-INFO in ch.qos.logback.classic.joran.action.ConfigurationAction - debug attribute not set
15:18:00,007 |-INFO in ch.qos.logback.core.joran.action.AppenderAction - About to instantiate appender of type [ch.qos.logback.core.ConsoleAppender]
15:18:00,020 |-INFO in ch.qos.logback.core.joran.action.AppenderAction - Naming appender as [STDOUT]
15:18:00,038 |-INFO in ch.qos.logback.core.joran.action.NestedComplexPropertyIA - Assuming default type [ch.qos.logback.classic.encoder.PatternLayoutEncoder] for [encoder] property
15:18:00,126 |-INFO in ch.qos.logback.core.joran.action.AppenderAction - About to instantiate appender of type [ch.qos.logback.core.rolling.RollingFileAppender]
15:18:00,131 |-INFO in ch.qos.logback.core.joran.action.AppenderAction - Naming appender as [FILE]
15:18:00,162 |-INFO in c.q.l.core.rolling.TimeBasedRollingPolicy@127618319 - No compression will be used
15:18:00,163 |-INFO in c.q.l.core.rolling.TimeBasedRollingPolicy@127618319 - Will use the pattern /tmp/application_%d{yyyy-MM-dd}.%i.log for the active file
15:18:00,166 |-INFO in ch.qos.logback.core.rolling.SizeAndTimeBasedFNATP@6b2fad11 - The date pattern is 'yyyy-MM-dd' from file name pattern '/tmp/application_%d{yyyy-MM-dd}.%i.log'.
15:18:00,166 |-INFO in ch.qos.logback.core.rolling.SizeAndTimeBasedFNATP@6b2fad11 - Roll-over at midnight.
15:18:00,171 |-INFO in ch.qos.logback.core.rolling.SizeAndTimeBasedFNATP@6b2fad11 - Setting initial period to Mon Jun 10 15:16:39 UTC 2019
15:18:00,171 |-WARN in ch.qos.logback.core.rolling.SizeAndTimeBasedFNATP@6b2fad11 - SizeAndTimeBasedFNATP is deprecated. Use SizeAndTimeBasedRollingPolicy instead
15:18:00,171 |-WARN in ch.qos.logback.core.rolling.SizeAndTimeBasedFNATP@6b2fad11 - For more information see http://logback.qos.ch/manual/appenders.html#SizeAndTimeBasedRollingPolicy
15:18:00,175 |-INFO in ch.qos.logback.core.joran.action.NestedComplexPropertyIA - Assuming default type [ch.qos.logback.classic.encoder.PatternLayoutEncoder] for [encoder] property
15:18:00,180 |-INFO in ch.qos.logback.core.rolling.RollingFileAppender[FILE] - Active log file name: /tmp/application.log
15:18:00,180 |-INFO in ch.qos.logback.core.rolling.RollingFileAppender[FILE] - File property is set to [/tmp/application.log]
15:18:00,180 |-INFO in ch.qos.logback.classic.joran.action.RootLoggerAction - Setting level of ROOT logger to WARN
15:18:00,181 |-INFO in ch.qos.logback.core.joran.action.AppenderRefAction - Attaching appender named [STDOUT] to Logger[ROOT]
15:18:00,182 |-INFO in ch.qos.logback.core.joran.action.AppenderRefAction - Attaching appender named [FILE] to Logger[ROOT]
15:18:00,182 |-INFO in ch.qos.logback.classic.joran.action.ConfigurationAction - End of configuration.
15:18:00,183 |-INFO in ch.qos.logback.classic.joran.JoranConfigurator@79698539 - Registering current configuration as safe fallback point

Ama winner
Ama winner
2019-06-10T15:18:01.489+0000: 1.762: [Full GC (Metadata GC Threshold) 2019-06-10T15:18:01.489+0000: 1.762: [Tenured: 0K->15177K(341376K), 0.0434510 secs] 114986K->15177K(494976K), [Metaspace: 20740K->20740K(1067008K)], 0.0435222 secs] [Times: user=0.04 sys=0.00, real=0.04 secs] 
15:18:15.727 [Curator-PathChildrenCache-2] WARN  o.a.c.u.ZKPaths  - The version of ZooKeeper being used doesn't support Container nodes. CreateMode.PERSISTENT will be used instead.
2019-06-10T15:18:18.204+0000: 18.476: [GC (Allocation Failure) 2019-06-10T15:18:18.204+0000: 18.476: [DefNew: 136576K->17024K(153600K), 0.0312875 secs] 151753K->52614K(494976K), 0.0313553 secs] [Times: user=0.03 sys=0.01, real=0.03 secs] 
2019-06-10T15:18:18.715+0000: 18.987: [Full GC (Metadata GC Threshold) 2019-06-10T15:18:18.715+0000: 18.987: [Tenured: 35590K->44374K(341376K), 0.0434326 secs] 68816K->44374K(494976K), [Metaspace: 34620K->34620K(1079296K)], 0.0435134 secs] [Times: user=0.04 sys=0.00, real=0.05 secs] 
2019-06-10T15:18:23.508+0000: 23.780: [GC (Allocation Failure) 2019-06-10T15:18:23.508+0000: 23.780: [DefNew: 136576K->265K(153600K), 0.0025976 secs] 180950K->44639K(494976K), 0.0026669 secs] [Times: user=0.00 sys=0.00, real=0.00 secs] 
2019-06-10T15:18:28.156+0000: 28.428: [GC (Allocation Failure) 2019-06-10T15:18:28.156+0000: 28.428: [DefNew: 136841K->265K(153600K), 0.0022646 secs] 181215K->44639K(494976K), 0.0023321 secs] [Times: user=0.00 sys=0.00, real=0.01 secs] 
2019-06-10T15:18:32.866+0000: 33.139: [GC (Allocation Failure) 2019-06-10T15:18:32.867+0000: 33.139: [DefNew: 136841K->268K(153600K), 0.0022936 secs] 181215K->44642K(494976K), 0.0023499 secs] [Times: user=0.00 sys=0.00, real=0.00 secs] 
2019-06-10T15:18:37.601+0000: 37.873: [GC (Allocation Failure) 2019-06-10T15:18:37.601+0000: 37.873: [DefNew: 136844K->266K(153600K), 0.0022177 secs] 181218K->44641K(494976K), 0.0022857 secs] [Times: user=0.00 sys=0.00, real=0.00 secs] 
2019-06-10T15:18:42.336+0000: 42.608: [GC (Allocation Failure) 2019-06-10T15:18:42.336+0000: 42.608: [DefNew: 136842K->266K(153600K), 0.0022024 secs] 181217K->44641K(494976K), 0.0022769 secs] [Times: user=0.00 sys=0.00, real=0.01 secs] 
2019-06-10T15:18:47.078+0000: 47.350: [GC (Allocation Failure) 2019-06-10T15:18:47.078+0000: 47.350: [DefNew: 136842K->270K(153600K), 0.0023420 secs] 181217K->44645K(494976K), 0.0024089 secs] [Times: user=0.00 sys=0.00, real=0.00 secs] 
2019-06-10T15:18:51.807+0000: 52.079: [GC (Allocation Failure) 2019-06-10T15:18:51.807+0000: 52.079: [DefNew: 136846K->268K(153600K), 0.0023531 secs] 181221K->44643K(494976K), 0.0024097 secs] [Times: user=0.00 sys=0.00, real=0.00 secs] 
2019-06-10T15:18:56.539+0000: 56.811: [GC (Allocation Failure) 2019-06-10T15:18:56.539+0000: 56.811: [DefNew: 136844K->281K(153600K), 0.0024015 secs] 181219K->44656K(494976K), 0.0024585 secs] [Times: user=0.01 sys=0.00, real=0.00 secs] 
15:19:10.919 [Curator-PathChildrenCache-0] ERROR o.a.c.f.r.c.PathChildrenCache  - 
java.lang.IllegalStateException: instance must be started before calling this method
	at org.apache.curator.shaded.com.google.common.base.Preconditions.checkState(Preconditions.java:444)
	at org.apache.curator.framework.imps.CuratorFrameworkImpl.getChildren(CuratorFrameworkImpl.java:456)
	at org.apache.curator.framework.recipes.cache.PathChildrenCache.refresh(PathChildrenCache.java:521)
	at org.apache.curator.framework.recipes.cache.RefreshOperation.invoke(RefreshOperation.java:35)
	at org.apache.curator.framework.recipes.cache.PathChildrenCache$9.run(PathChildrenCache.java:786)
	at java.util.concurrent.Executors$RunnableAdapter.call(Executors.java:511)
	at java.util.concurrent.FutureTask.run(FutureTask.java:266)
	at java.util.concurrent.Executors$RunnableAdapter.call(Executors.java:511)
	at java.util.concurrent.FutureTask.run(FutureTask.java:266)
	at java.util.concurrent.ThreadPoolExecutor.runWorker(ThreadPoolExecutor.java:1149)
	at java.util.concurrent.ThreadPoolExecutor$Worker.run(ThreadPoolExecutor.java:624)
	at java.lang.Thread.run(Thread.java:748)
Heap
 def new generation   total 153600K, used 129124K [0x00000000e0c00000, 0x00000000eb2a0000, 0x00000000eb2a0000)
  eden space 136576K,  94% used [0x00000000e0c00000, 0x00000000e89d2c30, 0x00000000e9160000)
  from space 17024K,   1% used [0x00000000ea200000, 0x00000000ea2465e8, 0x00000000eb2a0000)
  to   space 17024K,   0% used [0x00000000e9160000, 0x00000000e9160000, 0x00000000ea200000)
 tenured generation   total 341376K, used 44374K [0x00000000eb2a0000, 0x0000000100000000, 0x0000000100000000)
   the space 341376K,  12% used [0x00000000eb2a0000, 0x00000000eddf5b20, 0x00000000eddf5c00, 0x0000000100000000)
 Metaspace       used 36512K, capacity 37460K, committed 37760K, reserved 1081344K
  class space    used 4902K, capacity 5126K, committed 5248K, reserved 1048576K
