08:25:02,872 |-INFO in ch.qos.logback.classic.LoggerContext[default] - Could NOT find resource [logback-test.xml]
08:25:02,872 |-INFO in ch.qos.logback.classic.LoggerContext[default] - Could NOT find resource [logback.groovy]
08:25:02,872 |-INFO in ch.qos.logback.classic.LoggerContext[default] - Found resource [logback.xml] at [jar:file:/root/flamestream/lib/flamestream-runtime-1.0-SNAPSHOT.jar!/logback.xml]
08:25:02,875 |-WARN in ch.qos.logback.classic.LoggerContext[default] - Resource [logback.xml] occurs multiple times on the classpath.
08:25:02,875 |-WARN in ch.qos.logback.classic.LoggerContext[default] - Resource [logback.xml] occurs at [jar:file:/root/flamestream/lib/flamestream-runtime-1.0-SNAPSHOT.jar!/logback.xml]
08:25:02,875 |-WARN in ch.qos.logback.classic.LoggerContext[default] - Resource [logback.xml] occurs at [jar:file:/root/flamestream/flamestream-runtime-1.0-SNAPSHOT.jar!/logback.xml]
08:25:02,896 |-INFO in ch.qos.logback.core.joran.spi.ConfigurationWatchList@3fb6a447 - URL [jar:file:/root/flamestream/lib/flamestream-runtime-1.0-SNAPSHOT.jar!/logback.xml] is not of type file
08:25:02,963 |-INFO in ch.qos.logback.classic.joran.action.ConfigurationAction - debug attribute not set
08:25:02,963 |-INFO in ch.qos.logback.core.joran.action.AppenderAction - About to instantiate appender of type [ch.qos.logback.core.ConsoleAppender]
08:25:02,979 |-INFO in ch.qos.logback.core.joran.action.AppenderAction - Naming appender as [STDOUT]
08:25:02,991 |-INFO in ch.qos.logback.core.joran.action.NestedComplexPropertyIA - Assuming default type [ch.qos.logback.classic.encoder.PatternLayoutEncoder] for [encoder] property
08:25:03,090 |-INFO in ch.qos.logback.core.joran.action.AppenderAction - About to instantiate appender of type [ch.qos.logback.core.rolling.RollingFileAppender]
08:25:03,095 |-INFO in ch.qos.logback.core.joran.action.AppenderAction - Naming appender as [FILE]
08:25:03,132 |-INFO in c.q.l.core.rolling.TimeBasedRollingPolicy@127618319 - No compression will be used
08:25:03,133 |-INFO in c.q.l.core.rolling.TimeBasedRollingPolicy@127618319 - Will use the pattern /tmp/application_%d{yyyy-MM-dd}.%i.log for the active file
08:25:03,136 |-INFO in ch.qos.logback.core.rolling.SizeAndTimeBasedFNATP@6b2fad11 - The date pattern is 'yyyy-MM-dd' from file name pattern '/tmp/application_%d{yyyy-MM-dd}.%i.log'.
08:25:03,136 |-INFO in ch.qos.logback.core.rolling.SizeAndTimeBasedFNATP@6b2fad11 - Roll-over at midnight.
08:25:03,141 |-INFO in ch.qos.logback.core.rolling.SizeAndTimeBasedFNATP@6b2fad11 - Setting initial period to Tue Jun 11 08:23:45 UTC 2019
08:25:03,141 |-WARN in ch.qos.logback.core.rolling.SizeAndTimeBasedFNATP@6b2fad11 - SizeAndTimeBasedFNATP is deprecated. Use SizeAndTimeBasedRollingPolicy instead
08:25:03,141 |-WARN in ch.qos.logback.core.rolling.SizeAndTimeBasedFNATP@6b2fad11 - For more information see http://logback.qos.ch/manual/appenders.html#SizeAndTimeBasedRollingPolicy
08:25:03,145 |-INFO in ch.qos.logback.core.joran.action.NestedComplexPropertyIA - Assuming default type [ch.qos.logback.classic.encoder.PatternLayoutEncoder] for [encoder] property
08:25:03,150 |-INFO in ch.qos.logback.core.rolling.RollingFileAppender[FILE] - Active log file name: /tmp/application.log
08:25:03,150 |-INFO in ch.qos.logback.core.rolling.RollingFileAppender[FILE] - File property is set to [/tmp/application.log]
08:25:03,151 |-INFO in ch.qos.logback.classic.joran.action.RootLoggerAction - Setting level of ROOT logger to WARN
08:25:03,151 |-INFO in ch.qos.logback.core.joran.action.AppenderRefAction - Attaching appender named [STDOUT] to Logger[ROOT]
08:25:03,151 |-INFO in ch.qos.logback.core.joran.action.AppenderRefAction - Attaching appender named [FILE] to Logger[ROOT]
08:25:03,151 |-INFO in ch.qos.logback.classic.joran.action.ConfigurationAction - End of configuration.
08:25:03,152 |-INFO in ch.qos.logback.classic.joran.JoranConfigurator@79698539 - Registering current configuration as safe fallback point

Ama winner
Ama winner
2019-06-11T08:25:04.414+0000: 1.724: [Full GC (Metadata GC Threshold) 2019-06-11T08:25:04.414+0000: 1.724: [Tenured: 0K->15145K(341376K), 0.0412712 secs] 114923K->15145K(494976K), [Metaspace: 20734K->20734K(1067008K)], 0.0413398 secs] [Times: user=0.04 sys=0.01, real=0.04 secs] 
08:25:16.841 [Curator-PathChildrenCache-1] WARN  o.a.c.u.ZKPaths  - The version of ZooKeeper being used doesn't support Container nodes. CreateMode.PERSISTENT will be used instead.
2019-06-11T08:25:19.213+0000: 16.524: [GC (Allocation Failure) 2019-06-11T08:25:19.213+0000: 16.524: [DefNew: 136576K->17023K(153600K), 0.0368543 secs] 151721K->52399K(494976K), 0.0369251 secs] [Times: user=0.02 sys=0.02, real=0.04 secs] 
2019-06-11T08:25:25.181+0000: 22.492: [GC (Allocation Failure) 2019-06-11T08:25:25.181+0000: 22.492: [DefNew: 153599K->87K(153600K), 0.0167991 secs] 188975K->43549K(494976K), 0.0168642 secs] [Times: user=0.02 sys=0.00, real=0.02 secs] 
2019-06-11T08:25:31.236+0000: 28.546: [GC (Allocation Failure) 2019-06-11T08:25:31.236+0000: 28.546: [DefNew: 136663K->88K(153600K), 0.0025136 secs] 180125K->43550K(494976K), 0.0025708 secs] [Times: user=0.01 sys=0.00, real=0.01 secs] 
2019-06-11T08:25:31.354+0000: 28.664: [Full GC (Metadata GC Threshold) 2019-06-11T08:25:31.354+0000: 28.664: [Tenured: 43461K->43549K(341376K), 0.0305705 secs] 48273K->43549K(494976K), [Metaspace: 34576K->34576K(1079296K)], 0.0306416 secs] [Times: user=0.03 sys=0.00, real=0.04 secs] 
2019-06-11T08:25:37.428+0000: 34.739: [GC (Allocation Failure) 2019-06-11T08:25:37.429+0000: 34.739: [DefNew: 136576K->47K(153600K), 0.0016286 secs] 180125K->43596K(494976K), 0.0016916 secs] [Times: user=0.01 sys=0.00, real=0.00 secs] 
2019-06-11T08:25:43.540+0000: 40.851: [GC (Allocation Failure) 2019-06-11T08:25:43.540+0000: 40.851: [DefNew: 136623K->52K(153600K), 0.0015358 secs] 180172K->43602K(494976K), 0.0015930 secs] [Times: user=0.01 sys=0.00, real=0.00 secs] 
2019-06-11T08:25:49.663+0000: 46.973: [GC (Allocation Failure) 2019-06-11T08:25:49.663+0000: 46.973: [DefNew: 136628K->47K(153600K), 0.0015641 secs] 180178K->43597K(494976K), 0.0016284 secs] [Times: user=0.01 sys=0.00, real=0.01 secs] 
08:26:01.064 [Curator-PathChildrenCache-0] ERROR o.a.c.f.r.c.PathChildrenCache  - 
java.lang.IllegalStateException: instance must be started before calling this method
	at org.apache.curator.shaded.com.google.common.base.Preconditions.checkState(Preconditions.java:444)
	at org.apache.curator.framework.imps.CuratorFrameworkImpl.getChildren(CuratorFrameworkImpl.java:456)
	at org.apache.curator.framework.recipes.cache.PathChildrenCache.refresh(PathChildrenCache.java:521)
	at org.apache.curator.framework.recipes.cache.RefreshOperation.invoke(RefreshOperation.java:35)
	at org.apache.curator.framework.recipes.cache.PathChildrenCache$9.run(PathChildrenCache.java:786)
	at java.util.concurrent.Executors$RunnableAdapter.call(Executors.java:511)
	at java.util.concurrent.FutureTask.run(FutureTask.java:266)
	at java.util.concurrent.Executors$RunnableAdapter.call(Executors.java:511)
	at java.util.concurrent.FutureTask.run(FutureTask.java:266)
	at java.util.concurrent.ThreadPoolExecutor.runWorker(ThreadPoolExecutor.java:1149)
	at java.util.concurrent.ThreadPoolExecutor$Worker.run(ThreadPoolExecutor.java:624)
	at java.lang.Thread.run(Thread.java:748)
Heap
 def new generation   total 153600K, used 108226K [0x00000000e0c00000, 0x00000000eb2a0000, 0x00000000eb2a0000)
  eden space 136576K,  79% used [0x00000000e0c00000, 0x00000000e75a4aa8, 0x00000000e9160000)
  from space 17024K,   0% used [0x00000000e9160000, 0x00000000e916be10, 0x00000000ea200000)
  to   space 17024K,   0% used [0x00000000ea200000, 0x00000000ea200000, 0x00000000eb2a0000)
 tenured generation   total 341376K, used 43549K [0x00000000eb2a0000, 0x0000000100000000, 0x0000000100000000)
   the space 341376K,  12% used [0x00000000eb2a0000, 0x00000000edd27668, 0x00000000edd27800, 0x0000000100000000)
 Metaspace       used 35831K, capacity 36692K, committed 36864K, reserved 1081344K
  class space    used 4839K, capacity 5040K, committed 5120K, reserved 1048576K
