16:46:33,170 |-INFO in ch.qos.logback.classic.LoggerContext[default] - Could NOT find resource [logback-test.xml]
16:46:33,170 |-INFO in ch.qos.logback.classic.LoggerContext[default] - Could NOT find resource [logback.groovy]
16:46:33,170 |-INFO in ch.qos.logback.classic.LoggerContext[default] - Found resource [logback.xml] at [jar:file:/root/flamestream/lib/flamestream-runtime-1.0-SNAPSHOT.jar!/logback.xml]
16:46:33,171 |-WARN in ch.qos.logback.classic.LoggerContext[default] - Resource [logback.xml] occurs multiple times on the classpath.
16:46:33,171 |-WARN in ch.qos.logback.classic.LoggerContext[default] - Resource [logback.xml] occurs at [jar:file:/root/flamestream/lib/flamestream-runtime-1.0-SNAPSHOT.jar!/logback.xml]
16:46:33,171 |-WARN in ch.qos.logback.classic.LoggerContext[default] - Resource [logback.xml] occurs at [jar:file:/root/flamestream/flamestream-runtime-1.0-SNAPSHOT.jar!/logback.xml]
16:46:33,192 |-INFO in ch.qos.logback.core.joran.spi.ConfigurationWatchList@3fb6a447 - URL [jar:file:/root/flamestream/lib/flamestream-runtime-1.0-SNAPSHOT.jar!/logback.xml] is not of type file
16:46:33,266 |-INFO in ch.qos.logback.classic.joran.action.ConfigurationAction - debug attribute not set
16:46:33,267 |-INFO in ch.qos.logback.core.joran.action.AppenderAction - About to instantiate appender of type [ch.qos.logback.core.ConsoleAppender]
16:46:33,285 |-INFO in ch.qos.logback.core.joran.action.AppenderAction - Naming appender as [STDOUT]
16:46:33,300 |-INFO in ch.qos.logback.core.joran.action.NestedComplexPropertyIA - Assuming default type [ch.qos.logback.classic.encoder.PatternLayoutEncoder] for [encoder] property
16:46:33,388 |-INFO in ch.qos.logback.core.joran.action.AppenderAction - About to instantiate appender of type [ch.qos.logback.core.rolling.RollingFileAppender]
16:46:33,394 |-INFO in ch.qos.logback.core.joran.action.AppenderAction - Naming appender as [FILE]
16:46:33,426 |-INFO in c.q.l.core.rolling.TimeBasedRollingPolicy@127618319 - No compression will be used
16:46:33,427 |-INFO in c.q.l.core.rolling.TimeBasedRollingPolicy@127618319 - Will use the pattern /tmp/application_%d{yyyy-MM-dd}.%i.log for the active file
16:46:33,430 |-INFO in ch.qos.logback.core.rolling.SizeAndTimeBasedFNATP@6b2fad11 - The date pattern is 'yyyy-MM-dd' from file name pattern '/tmp/application_%d{yyyy-MM-dd}.%i.log'.
16:46:33,430 |-INFO in ch.qos.logback.core.rolling.SizeAndTimeBasedFNATP@6b2fad11 - Roll-over at midnight.
16:46:33,435 |-INFO in ch.qos.logback.core.rolling.SizeAndTimeBasedFNATP@6b2fad11 - Setting initial period to Mon Jun 10 16:45:00 UTC 2019
16:46:33,435 |-WARN in ch.qos.logback.core.rolling.SizeAndTimeBasedFNATP@6b2fad11 - SizeAndTimeBasedFNATP is deprecated. Use SizeAndTimeBasedRollingPolicy instead
16:46:33,435 |-WARN in ch.qos.logback.core.rolling.SizeAndTimeBasedFNATP@6b2fad11 - For more information see http://logback.qos.ch/manual/appenders.html#SizeAndTimeBasedRollingPolicy
16:46:33,439 |-INFO in ch.qos.logback.core.joran.action.NestedComplexPropertyIA - Assuming default type [ch.qos.logback.classic.encoder.PatternLayoutEncoder] for [encoder] property
16:46:33,444 |-INFO in ch.qos.logback.core.rolling.RollingFileAppender[FILE] - Active log file name: /tmp/application.log
16:46:33,444 |-INFO in ch.qos.logback.core.rolling.RollingFileAppender[FILE] - File property is set to [/tmp/application.log]
16:46:33,445 |-INFO in ch.qos.logback.classic.joran.action.RootLoggerAction - Setting level of ROOT logger to WARN
16:46:33,445 |-INFO in ch.qos.logback.core.joran.action.AppenderRefAction - Attaching appender named [STDOUT] to Logger[ROOT]
16:46:33,447 |-INFO in ch.qos.logback.core.joran.action.AppenderRefAction - Attaching appender named [FILE] to Logger[ROOT]
16:46:33,447 |-INFO in ch.qos.logback.classic.joran.action.ConfigurationAction - End of configuration.
16:46:33,447 |-INFO in ch.qos.logback.classic.joran.JoranConfigurator@79698539 - Registering current configuration as safe fallback point

Ama winner
Ama winner
2019-06-10T16:46:34.784+0000: 1.808: [Full GC (Metadata GC Threshold) 2019-06-10T16:46:34.784+0000: 1.808: [Tenured: 0K->15177K(341376K), 0.0397882 secs] 114923K->15177K(494976K), [Metaspace: 20739K->20739K(1067008K)], 0.0398687 secs] [Times: user=0.04 sys=0.00, real=0.04 secs] 
16:46:55.865 [Curator-PathChildrenCache-1] WARN  o.a.c.u.ZKPaths  - The version of ZooKeeper being used doesn't support Container nodes. CreateMode.PERSISTENT will be used instead.
2019-06-10T16:46:58.429+0000: 25.452: [GC (Allocation Failure) 2019-06-10T16:46:58.429+0000: 25.452: [DefNew: 136576K->17023K(153600K), 0.0262272 secs] 151753K->52245K(494976K), 0.0262932 secs] [Times: user=0.01 sys=0.01, real=0.02 secs] 
2019-06-10T16:47:03.553+0000: 30.577: [Full GC (Metadata GC Threshold) 2019-06-10T16:47:03.553+0000: 30.577: [Tenured: 35221K->43652K(341376K), 0.0570932 secs] 149245K->43652K(494976K), [Metaspace: 34589K->34589K(1079296K)], 0.0571740 secs] [Times: user=0.06 sys=0.00, real=0.06 secs] 
2019-06-10T16:47:10.931+0000: 37.955: [GC (Allocation Failure) 2019-06-10T16:47:10.931+0000: 37.955: [DefNew: 136576K->51K(153600K), 0.0018520 secs] 180228K->43704K(494976K), 0.0019315 secs] [Times: user=0.00 sys=0.00, real=0.00 secs] 
2019-06-10T16:47:18.175+0000: 45.199: [GC (Allocation Failure) 2019-06-10T16:47:18.175+0000: 45.199: [DefNew: 136627K->57K(153600K), 0.0017674 secs] 180280K->43710K(494976K), 0.0018390 secs] [Times: user=0.00 sys=0.00, real=0.01 secs] 
2019-06-10T16:47:25.519+0000: 52.543: [GC (Allocation Failure) 2019-06-10T16:47:25.519+0000: 52.543: [DefNew: 136633K->53K(153600K), 0.0016814 secs] 180286K->43706K(494976K), 0.0017410 secs] [Times: user=0.00 sys=0.00, real=0.00 secs] 
2019-06-10T16:47:32.757+0000: 59.781: [GC (Allocation Failure) 2019-06-10T16:47:32.757+0000: 59.781: [DefNew: 136629K->57K(153600K), 0.0016971 secs] 180282K->43710K(494976K), 0.0017567 secs] [Times: user=0.00 sys=0.00, real=0.00 secs] 
2019-06-10T16:47:49.955+0000: 76.979: [GC (Allocation Failure) 2019-06-10T16:47:49.955+0000: 76.979: [DefNew: 136633K->408K(153600K), 0.0022700 secs] 180286K->44061K(494976K), 0.0023320 secs] [Times: user=0.00 sys=0.00, real=0.01 secs] 
16:47:55.551 [Curator-PathChildrenCache-0] ERROR o.a.c.f.r.c.PathChildrenCache  - 
java.lang.IllegalStateException: instance must be started before calling this method
	at org.apache.curator.shaded.com.google.common.base.Preconditions.checkState(Preconditions.java:444)
	at org.apache.curator.framework.imps.CuratorFrameworkImpl.getChildren(CuratorFrameworkImpl.java:456)
	at org.apache.curator.framework.recipes.cache.PathChildrenCache.refresh(PathChildrenCache.java:521)
	at org.apache.curator.framework.recipes.cache.RefreshOperation.invoke(RefreshOperation.java:35)
	at org.apache.curator.framework.recipes.cache.PathChildrenCache$9.run(PathChildrenCache.java:786)
	at java.util.concurrent.Executors$RunnableAdapter.call(Executors.java:511)
	at java.util.concurrent.FutureTask.run(FutureTask.java:266)
	at java.util.concurrent.Executors$RunnableAdapter.call(Executors.java:511)
	at java.util.concurrent.FutureTask.run(FutureTask.java:266)
	at java.util.concurrent.ThreadPoolExecutor.runWorker(ThreadPoolExecutor.java:1149)
	at java.util.concurrent.ThreadPoolExecutor$Worker.run(ThreadPoolExecutor.java:624)
	at java.lang.Thread.run(Thread.java:748)
Heap
 def new generation   total 153600K, used 33014K [0x00000000e0c00000, 0x00000000eb2a0000, 0x00000000eb2a0000)
  eden space 136576K,  23% used [0x00000000e0c00000, 0x00000000e2bd7960, 0x00000000e9160000)
  from space 17024K,   2% used [0x00000000e9160000, 0x00000000e91c60d0, 0x00000000ea200000)
  to   space 17024K,   0% used [0x00000000ea200000, 0x00000000ea200000, 0x00000000eb2a0000)
 tenured generation   total 341376K, used 43652K [0x00000000eb2a0000, 0x0000000100000000, 0x0000000100000000)
   the space 341376K,  12% used [0x00000000eb2a0000, 0x00000000edd413a8, 0x00000000edd41400, 0x0000000100000000)
 Metaspace       used 36014K, capacity 36922K, committed 37120K, reserved 1081344K
  class space    used 4854K, capacity 5073K, committed 5120K, reserved 1048576K
