14:49:47,512 |-INFO in ch.qos.logback.classic.LoggerContext[default] - Could NOT find resource [logback-test.xml]
14:49:47,512 |-INFO in ch.qos.logback.classic.LoggerContext[default] - Could NOT find resource [logback.groovy]
14:49:47,512 |-INFO in ch.qos.logback.classic.LoggerContext[default] - Found resource [logback.xml] at [jar:file:/home/nikitasokolov/flamestream/lib/flamestream-runtime-1.0-SNAPSHOT.jar!/logback.xml]
14:49:47,512 |-WARN in ch.qos.logback.classic.LoggerContext[default] - Resource [logback.xml] occurs multiple times on the classpath.
14:49:47,513 |-WARN in ch.qos.logback.classic.LoggerContext[default] - Resource [logback.xml] occurs at [jar:file:/home/nikitasokolov/flamestream/lib/flamestream-runtime-1.0-SNAPSHOT.jar!/logback.xml]
14:49:47,513 |-WARN in ch.qos.logback.classic.LoggerContext[default] - Resource [logback.xml] occurs at [jar:file:/home/nikitasokolov/flamestream/flamestream-runtime-1.0-SNAPSHOT.jar!/logback.xml]
14:49:47,528 |-INFO in ch.qos.logback.core.joran.spi.ConfigurationWatchList@6108b2d7 - URL [jar:file:/home/nikitasokolov/flamestream/lib/flamestream-runtime-1.0-SNAPSHOT.jar!/logback.xml] is not of type file
14:49:47,581 |-INFO in ch.qos.logback.classic.joran.action.ConfigurationAction - debug attribute not set
14:49:47,582 |-INFO in ch.qos.logback.core.joran.action.AppenderAction - About to instantiate appender of type [ch.qos.logback.core.ConsoleAppender]
14:49:47,590 |-INFO in ch.qos.logback.core.joran.action.AppenderAction - Naming appender as [STDOUT]
14:49:47,598 |-INFO in ch.qos.logback.core.joran.action.NestedComplexPropertyIA - Assuming default type [ch.qos.logback.classic.encoder.PatternLayoutEncoder] for [encoder] property
14:49:47,653 |-INFO in ch.qos.logback.core.joran.action.AppenderAction - About to instantiate appender of type [ch.qos.logback.core.rolling.RollingFileAppender]
14:49:47,659 |-INFO in ch.qos.logback.core.joran.action.AppenderAction - Naming appender as [FILE]
14:49:47,681 |-INFO in c.q.l.core.rolling.TimeBasedRollingPolicy@357863579 - No compression will be used
14:49:47,683 |-INFO in c.q.l.core.rolling.TimeBasedRollingPolicy@357863579 - Will use the pattern /tmp/application_%d{yyyy-MM-dd}.%i.log for the active file
14:49:47,685 |-INFO in ch.qos.logback.core.rolling.SizeAndTimeBasedFNATP@6bf256fa - The date pattern is 'yyyy-MM-dd' from file name pattern '/tmp/application_%d{yyyy-MM-dd}.%i.log'.
14:49:47,685 |-INFO in ch.qos.logback.core.rolling.SizeAndTimeBasedFNATP@6bf256fa - Roll-over at midnight.
14:49:47,690 |-INFO in ch.qos.logback.core.rolling.SizeAndTimeBasedFNATP@6bf256fa - Setting initial period to Sun Jun 09 14:49:00 MSK 2019
14:49:47,690 |-WARN in ch.qos.logback.core.rolling.SizeAndTimeBasedFNATP@6bf256fa - SizeAndTimeBasedFNATP is deprecated. Use SizeAndTimeBasedRollingPolicy instead
14:49:47,690 |-WARN in ch.qos.logback.core.rolling.SizeAndTimeBasedFNATP@6bf256fa - For more information see http://logback.qos.ch/manual/appenders.html#SizeAndTimeBasedRollingPolicy
14:49:47,694 |-INFO in ch.qos.logback.core.joran.action.NestedComplexPropertyIA - Assuming default type [ch.qos.logback.classic.encoder.PatternLayoutEncoder] for [encoder] property
14:49:47,697 |-INFO in ch.qos.logback.core.rolling.RollingFileAppender[FILE] - Active log file name: /tmp/application.log
14:49:47,697 |-INFO in ch.qos.logback.core.rolling.RollingFileAppender[FILE] - File property is set to [/tmp/application.log]
14:49:47,699 |-INFO in ch.qos.logback.classic.joran.action.RootLoggerAction - Setting level of ROOT logger to WARN
14:49:47,699 |-INFO in ch.qos.logback.core.joran.action.AppenderRefAction - Attaching appender named [STDOUT] to Logger[ROOT]
14:49:47,699 |-INFO in ch.qos.logback.core.joran.action.AppenderRefAction - Attaching appender named [FILE] to Logger[ROOT]
14:49:47,699 |-INFO in ch.qos.logback.classic.joran.action.ConfigurationAction - End of configuration.
14:49:47,700 |-INFO in ch.qos.logback.classic.joran.JoranConfigurator@6cd8737 - Registering current configuration as safe fallback point

2019-06-09T14:49:48.681+0300: 1.374: [GC (Metadata GC Threshold) [PSYoungGen: 110721K->15988K(149504K)] 110721K->16068K(491008K), 0.0214613 secs] [Times: user=0.11 sys=0.01, real=0.02 secs] 
2019-06-09T14:49:48.703+0300: 1.396: [Full GC (Metadata GC Threshold) [PSYoungGen: 15988K->0K(149504K)] [ParOldGen: 80K->15078K(341504K)] 16068K->15078K(491008K), [Metaspace: 20802K->20802K(1067008K)], 0.0272444 secs] [Times: user=0.17 sys=0.01, real=0.03 secs] 
14:50:00.626 [Curator-PathChildrenCache-1] WARN  o.a.c.u.ZKPaths  - The version of ZooKeeper being used doesn't support Container nodes. CreateMode.PERSISTENT will be used instead.
2019-06-09T14:50:01.618+0300: 14.311: [GC (Metadata GC Threshold) [PSYoungGen: 125969K->15680K(149504K)] 141048K->50297K(491008K), 0.0263125 secs] [Times: user=0.20 sys=0.01, real=0.02 secs] 
2019-06-09T14:50:01.644+0300: 14.337: [Full GC (Metadata GC Threshold) [PSYoungGen: 15680K->0K(149504K)] [ParOldGen: 34617K->38838K(341504K)] 50297K->38838K(491008K), [Metaspace: 34547K->34547K(1079296K)], 0.0369813 secs] [Times: user=0.18 sys=0.02, real=0.04 secs] 
2019-06-09T14:50:09.209+0300: 21.902: [GC (Allocation Failure) [PSYoungGen: 128512K->448K(149504K)] 167350K->39294K(491008K), 0.0053793 secs] [Times: user=0.02 sys=0.02, real=0.01 secs] 
2019-06-09T14:50:17.507+0300: 30.200: [GC (Allocation Failure) [PSYoungGen: 128960K->352K(149504K)] 167806K->39198K(491008K), 0.0089758 secs] [Times: user=0.08 sys=0.00, real=0.01 secs] 
2019-06-09T14:50:25.903+0300: 38.596: [GC (Allocation Failure) [PSYoungGen: 128864K->416K(129024K)] 167710K->39270K(470528K), 0.0029628 secs] [Times: user=0.02 sys=0.00, real=0.00 secs] 
2019-06-09T14:50:34.347+0300: 47.040: [GC (Allocation Failure) [PSYoungGen: 128928K->544K(150016K)] 167782K->39398K(491520K), 0.0056740 secs] [Times: user=0.04 sys=0.00, real=0.01 secs] 
2019-06-09T14:50:42.750+0300: 55.442: [GC (Allocation Failure) [PSYoungGen: 129056K->480K(148992K)] 167910K->39342K(490496K), 0.0027244 secs] [Times: user=0.01 sys=0.00, real=0.00 secs] 
2019-06-09T14:50:51.557+0300: 64.250: [GC (Allocation Failure) [PSYoungGen: 128992K->768K(151552K)] 167854K->39638K(493056K), 0.0050480 secs] [Times: user=0.02 sys=0.01, real=0.01 secs] 
14:51:13.531 [Curator-PathChildrenCache-0] ERROR o.a.c.f.r.c.PathChildrenCache  - 
java.lang.IllegalStateException: instance must be started before calling this method
	at org.apache.curator.shaded.com.google.common.base.Preconditions.checkState(Preconditions.java:444)
	at org.apache.curator.framework.imps.CuratorFrameworkImpl.getChildren(CuratorFrameworkImpl.java:456)
	at org.apache.curator.framework.recipes.cache.PathChildrenCache.refresh(PathChildrenCache.java:521)
	at org.apache.curator.framework.recipes.cache.RefreshOperation.invoke(RefreshOperation.java:35)
	at org.apache.curator.framework.recipes.cache.PathChildrenCache$9.run(PathChildrenCache.java:786)
	at java.util.concurrent.Executors$RunnableAdapter.call(Executors.java:511)
	at java.util.concurrent.FutureTask.run(FutureTask.java:266)
	at java.util.concurrent.Executors$RunnableAdapter.call(Executors.java:511)
	at java.util.concurrent.FutureTask.run(FutureTask.java:266)
	at java.util.concurrent.ThreadPoolExecutor.runWorker(ThreadPoolExecutor.java:1149)
	at java.util.concurrent.ThreadPoolExecutor$Worker.run(ThreadPoolExecutor.java:624)
	at java.lang.Thread.run(Thread.java:748)
Heap
 PSYoungGen      total 151552K, used 131768K [0x00000000f5980000, 0x0000000100000000, 0x0000000100000000)
  eden space 132096K, 99% used [0x00000000f5980000,0x00000000fd96e310,0x00000000fda80000)
  from space 19456K, 3% used [0x00000000fed00000,0x00000000fedc0030,0x0000000100000000)
  to   space 18944K, 0% used [0x00000000fda80000,0x00000000fda80000,0x00000000fed00000)
 ParOldGen       total 341504K, used 38870K [0x00000000e0c00000, 0x00000000f5980000, 0x00000000f5980000)
  object space 341504K, 11% used [0x00000000e0c00000,0x00000000e31f5828,0x00000000f5980000)
 Metaspace       used 36074K, capacity 36958K, committed 37208K, reserved 1081344K
  class space    used 4979K, capacity 5161K, committed 5248K, reserved 1048576K
