06:48:46,251 |-INFO in ch.qos.logback.classic.LoggerContext[default] - Could NOT find resource [logback-test.xml]
06:48:46,251 |-INFO in ch.qos.logback.classic.LoggerContext[default] - Could NOT find resource [logback.groovy]
06:48:46,251 |-INFO in ch.qos.logback.classic.LoggerContext[default] - Found resource [logback.xml] at [jar:file:/home/nikitasokolov/flamestream/lib/flamestream-runtime-1.0-SNAPSHOT.jar!/logback.xml]
06:48:46,252 |-WARN in ch.qos.logback.classic.LoggerContext[default] - Resource [logback.xml] occurs multiple times on the classpath.
06:48:46,252 |-WARN in ch.qos.logback.classic.LoggerContext[default] - Resource [logback.xml] occurs at [jar:file:/home/nikitasokolov/flamestream/lib/flamestream-runtime-1.0-SNAPSHOT.jar!/logback.xml]
06:48:46,252 |-WARN in ch.qos.logback.classic.LoggerContext[default] - Resource [logback.xml] occurs at [jar:file:/home/nikitasokolov/flamestream/flamestream-runtime-1.0-SNAPSHOT.jar!/logback.xml]
06:48:46,268 |-INFO in ch.qos.logback.core.joran.spi.ConfigurationWatchList@6108b2d7 - URL [jar:file:/home/nikitasokolov/flamestream/lib/flamestream-runtime-1.0-SNAPSHOT.jar!/logback.xml] is not of type file
06:48:46,325 |-INFO in ch.qos.logback.classic.joran.action.ConfigurationAction - debug attribute not set
06:48:46,326 |-INFO in ch.qos.logback.core.joran.action.AppenderAction - About to instantiate appender of type [ch.qos.logback.core.ConsoleAppender]
06:48:46,337 |-INFO in ch.qos.logback.core.joran.action.AppenderAction - Naming appender as [STDOUT]
06:48:46,347 |-INFO in ch.qos.logback.core.joran.action.NestedComplexPropertyIA - Assuming default type [ch.qos.logback.classic.encoder.PatternLayoutEncoder] for [encoder] property
06:48:46,406 |-INFO in ch.qos.logback.core.joran.action.AppenderAction - About to instantiate appender of type [ch.qos.logback.core.rolling.RollingFileAppender]
06:48:46,412 |-INFO in ch.qos.logback.core.joran.action.AppenderAction - Naming appender as [FILE]
06:48:46,436 |-INFO in c.q.l.core.rolling.TimeBasedRollingPolicy@357863579 - No compression will be used
06:48:46,437 |-INFO in c.q.l.core.rolling.TimeBasedRollingPolicy@357863579 - Will use the pattern /tmp/application_%d{yyyy-MM-dd}.%i.log for the active file
06:48:46,440 |-INFO in ch.qos.logback.core.rolling.SizeAndTimeBasedFNATP@6bf256fa - The date pattern is 'yyyy-MM-dd' from file name pattern '/tmp/application_%d{yyyy-MM-dd}.%i.log'.
06:48:46,440 |-INFO in ch.qos.logback.core.rolling.SizeAndTimeBasedFNATP@6bf256fa - Roll-over at midnight.
06:48:46,444 |-INFO in ch.qos.logback.core.rolling.SizeAndTimeBasedFNATP@6bf256fa - Setting initial period to Sun Jun 09 06:48:09 MSK 2019
06:48:46,444 |-WARN in ch.qos.logback.core.rolling.SizeAndTimeBasedFNATP@6bf256fa - SizeAndTimeBasedFNATP is deprecated. Use SizeAndTimeBasedRollingPolicy instead
06:48:46,444 |-WARN in ch.qos.logback.core.rolling.SizeAndTimeBasedFNATP@6bf256fa - For more information see http://logback.qos.ch/manual/appenders.html#SizeAndTimeBasedRollingPolicy
06:48:46,448 |-INFO in ch.qos.logback.core.joran.action.NestedComplexPropertyIA - Assuming default type [ch.qos.logback.classic.encoder.PatternLayoutEncoder] for [encoder] property
06:48:46,451 |-INFO in ch.qos.logback.core.rolling.RollingFileAppender[FILE] - Active log file name: /tmp/application.log
06:48:46,451 |-INFO in ch.qos.logback.core.rolling.RollingFileAppender[FILE] - File property is set to [/tmp/application.log]
06:48:46,452 |-INFO in ch.qos.logback.classic.joran.action.RootLoggerAction - Setting level of ROOT logger to WARN
06:48:46,452 |-INFO in ch.qos.logback.core.joran.action.AppenderRefAction - Attaching appender named [STDOUT] to Logger[ROOT]
06:48:46,452 |-INFO in ch.qos.logback.core.joran.action.AppenderRefAction - Attaching appender named [FILE] to Logger[ROOT]
06:48:46,452 |-INFO in ch.qos.logback.classic.joran.action.ConfigurationAction - End of configuration.
06:48:46,453 |-INFO in ch.qos.logback.classic.joran.JoranConfigurator@6cd8737 - Registering current configuration as safe fallback point

2019-06-09T06:48:47.445+0300: 1.391: [GC (Metadata GC Threshold) [PSYoungGen: 105581K->15857K(149504K)] 105581K->15937K(491008K), 0.0186780 secs] [Times: user=0.07 sys=0.03, real=0.02 secs] 
2019-06-09T06:48:47.464+0300: 1.410: [Full GC (Metadata GC Threshold) [PSYoungGen: 15857K->0K(149504K)] [ParOldGen: 80K->14981K(341504K)] 15937K->14981K(491008K), [Metaspace: 20800K->20800K(1067008K)], 0.0277061 secs] [Times: user=0.17 sys=0.01, real=0.03 secs] 
06:48:58.630 [Curator-PathChildrenCache-1] WARN  o.a.c.u.ZKPaths  - The version of ZooKeeper being used doesn't support Container nodes. CreateMode.PERSISTENT will be used instead.
2019-06-09T06:48:59.574+0300: 13.519: [GC (Metadata GC Threshold) [PSYoungGen: 128512K->20971K(149504K)] 143493K->49746K(491008K), 0.0219468 secs] [Times: user=0.18 sys=0.04, real=0.02 secs] 
2019-06-09T06:48:59.596+0300: 13.541: [Full GC (Metadata GC Threshold) [PSYoungGen: 20971K->0K(149504K)] [ParOldGen: 28774K->38707K(341504K)] 49746K->38707K(491008K), [Metaspace: 34570K->34570K(1079296K)], 0.0338228 secs] [Times: user=0.15 sys=0.00, real=0.03 secs] 
2019-06-09T06:49:02.736+0300: 16.682: [GC (Allocation Failure) [PSYoungGen: 128512K->480K(149504K)] 167219K->39195K(491008K), 0.0029128 secs] [Times: user=0.02 sys=0.00, real=0.01 secs] 
2019-06-09T06:49:06.393+0300: 20.339: [GC (Allocation Failure) [PSYoungGen: 128992K->416K(149504K)] 167707K->39139K(491008K), 0.0030781 secs] [Times: user=0.01 sys=0.01, real=0.00 secs] 
2019-06-09T06:49:10.052+0300: 23.998: [GC (Allocation Failure) [PSYoungGen: 128928K->512K(129024K)] 167651K->39243K(470528K), 0.0045003 secs] [Times: user=0.03 sys=0.00, real=0.00 secs] 
2019-06-09T06:49:13.741+0300: 27.686: [GC (Allocation Failure) [PSYoungGen: 129024K->544K(133120K)] 167755K->39283K(474624K), 0.0033073 secs] [Times: user=0.02 sys=0.00, real=0.00 secs] 
2019-06-09T06:49:16.425+0300: 30.371: [GC (Allocation Failure) [PSYoungGen: 93728K->448K(130560K)] 132467K->39195K(472064K), 0.0039045 secs] [Times: user=0.01 sys=0.01, real=0.00 secs] 
2019-06-09T06:49:19.111+0300: 33.057: [GC (Allocation Failure) [PSYoungGen: 93632K->448K(136704K)] 132379K->39203K(478208K), 0.0865321 secs] [Times: user=0.02 sys=0.01, real=0.09 secs] 
2019-06-09T06:49:22.043+0300: 35.988: [GC (Allocation Failure) [PSYoungGen: 101824K->448K(135168K)] 140579K->39203K(476672K), 0.0051901 secs] [Times: user=0.03 sys=0.00, real=0.00 secs] 
2019-06-09T06:49:24.995+0300: 38.941: [GC (Allocation Failure) [PSYoungGen: 101824K->512K(140288K)] 140579K->39267K(481792K), 0.0040652 secs] [Times: user=0.03 sys=0.00, real=0.01 secs] 
2019-06-09T06:49:28.151+0300: 42.096: [GC (Allocation Failure) [PSYoungGen: 109056K->480K(138752K)] 147811K->39235K(480256K), 0.0033524 secs] [Times: user=0.01 sys=0.01, real=0.00 secs] 
2019-06-09T06:49:31.293+0300: 45.239: [GC (Allocation Failure) [PSYoungGen: 109024K->512K(143360K)] 147779K->39267K(484864K), 0.0043212 secs] [Times: user=0.02 sys=0.02, real=0.01 secs] 
2019-06-09T06:49:34.614+0300: 48.560: [GC (Allocation Failure) [PSYoungGen: 115200K->416K(141824K)] 153955K->39171K(483328K), 0.0033568 secs] [Times: user=0.01 sys=0.00, real=0.01 secs] 
2019-06-09T06:49:37.920+0300: 51.866: [GC (Allocation Failure) [PSYoungGen: 115104K->448K(146432K)] 153859K->39203K(487936K), 0.0036232 secs] [Times: user=0.02 sys=0.00, real=0.00 secs] 
2019-06-09T06:49:41.426+0300: 55.372: [GC (Allocation Failure) [PSYoungGen: 121280K->512K(144896K)] 160035K->39275K(486400K), 0.0031756 secs] [Times: user=0.01 sys=0.00, real=0.00 secs] 
2019-06-09T06:49:44.935+0300: 58.881: [GC (Allocation Failure) [PSYoungGen: 121344K->448K(148992K)] 160107K->39219K(490496K), 0.0028445 secs] [Times: user=0.02 sys=0.00, real=0.01 secs] 
2019-06-09T06:49:48.752+0300: 62.698: [GC (Allocation Failure) [PSYoungGen: 126912K->727K(147968K)] 165683K->39506K(489472K), 0.0038489 secs] [Times: user=0.02 sys=0.00, real=0.00 secs] 
06:50:07.291 [Curator-PathChildrenCache-0] ERROR o.a.c.f.r.c.PathChildrenCache  - 
java.lang.IllegalStateException: instance must be started before calling this method
	at org.apache.curator.shaded.com.google.common.base.Preconditions.checkState(Preconditions.java:444)
	at org.apache.curator.framework.imps.CuratorFrameworkImpl.getChildren(CuratorFrameworkImpl.java:456)
	at org.apache.curator.framework.recipes.cache.PathChildrenCache.refresh(PathChildrenCache.java:521)
	at org.apache.curator.framework.recipes.cache.RefreshOperation.invoke(RefreshOperation.java:35)
	at org.apache.curator.framework.recipes.cache.PathChildrenCache$9.run(PathChildrenCache.java:786)
	at java.util.concurrent.Executors$RunnableAdapter.call(Executors.java:511)
	at java.util.concurrent.FutureTask.run(FutureTask.java:266)
	at java.util.concurrent.Executors$RunnableAdapter.call(Executors.java:511)
	at java.util.concurrent.FutureTask.run(FutureTask.java:266)
	at java.util.concurrent.ThreadPoolExecutor.runWorker(ThreadPoolExecutor.java:1149)
	at java.util.concurrent.ThreadPoolExecutor$Worker.run(ThreadPoolExecutor.java:624)
	at java.lang.Thread.run(Thread.java:748)
Heap
 PSYoungGen      total 147968K, used 92054K [0x00000000f5980000, 0x0000000100000000, 0x0000000100000000)
  eden space 126464K, 72% used [0x00000000f5980000,0x00000000fb2afe80,0x00000000fd500000)
  from space 21504K, 3% used [0x00000000fd500000,0x00000000fd5b5cb0,0x00000000fea00000)
  to   space 19968K, 0% used [0x00000000fec80000,0x00000000fec80000,0x0000000100000000)
 ParOldGen       total 341504K, used 38779K [0x00000000e0c00000, 0x00000000f5980000, 0x00000000f5980000)
  object space 341504K, 11% used [0x00000000e0c00000,0x00000000e31dec28,0x00000000f5980000)
 Metaspace       used 36134K, capacity 36958K, committed 37208K, reserved 1081344K
  class space    used 4978K, capacity 5161K, committed 5248K, reserved 1048576K
