18:18:31,989 |-INFO in ch.qos.logback.classic.LoggerContext[default] - Could NOT find resource [logback-test.xml]
18:18:31,990 |-INFO in ch.qos.logback.classic.LoggerContext[default] - Could NOT find resource [logback.groovy]
18:18:31,990 |-INFO in ch.qos.logback.classic.LoggerContext[default] - Found resource [logback.xml] at [jar:file:/root/flamestream/lib/flamestream-runtime-1.0-SNAPSHOT.jar!/logback.xml]
18:18:31,991 |-WARN in ch.qos.logback.classic.LoggerContext[default] - Resource [logback.xml] occurs multiple times on the classpath.
18:18:31,991 |-WARN in ch.qos.logback.classic.LoggerContext[default] - Resource [logback.xml] occurs at [jar:file:/root/flamestream/lib/flamestream-runtime-1.0-SNAPSHOT.jar!/logback.xml]
18:18:31,991 |-WARN in ch.qos.logback.classic.LoggerContext[default] - Resource [logback.xml] occurs at [jar:file:/root/flamestream/flamestream-runtime-1.0-SNAPSHOT.jar!/logback.xml]
18:18:32,011 |-INFO in ch.qos.logback.core.joran.spi.ConfigurationWatchList@3fb6a447 - URL [jar:file:/root/flamestream/lib/flamestream-runtime-1.0-SNAPSHOT.jar!/logback.xml] is not of type file
18:18:32,082 |-INFO in ch.qos.logback.classic.joran.action.ConfigurationAction - debug attribute not set
18:18:32,083 |-INFO in ch.qos.logback.core.joran.action.AppenderAction - About to instantiate appender of type [ch.qos.logback.core.ConsoleAppender]
18:18:32,099 |-INFO in ch.qos.logback.core.joran.action.AppenderAction - Naming appender as [STDOUT]
18:18:32,115 |-INFO in ch.qos.logback.core.joran.action.NestedComplexPropertyIA - Assuming default type [ch.qos.logback.classic.encoder.PatternLayoutEncoder] for [encoder] property
18:18:32,207 |-INFO in ch.qos.logback.core.joran.action.AppenderAction - About to instantiate appender of type [ch.qos.logback.core.rolling.RollingFileAppender]
18:18:32,212 |-INFO in ch.qos.logback.core.joran.action.AppenderAction - Naming appender as [FILE]
18:18:32,249 |-INFO in c.q.l.core.rolling.TimeBasedRollingPolicy@127618319 - No compression will be used
18:18:32,250 |-INFO in c.q.l.core.rolling.TimeBasedRollingPolicy@127618319 - Will use the pattern /tmp/application_%d{yyyy-MM-dd}.%i.log for the active file
18:18:32,253 |-INFO in ch.qos.logback.core.rolling.SizeAndTimeBasedFNATP@6b2fad11 - The date pattern is 'yyyy-MM-dd' from file name pattern '/tmp/application_%d{yyyy-MM-dd}.%i.log'.
18:18:32,253 |-INFO in ch.qos.logback.core.rolling.SizeAndTimeBasedFNATP@6b2fad11 - Roll-over at midnight.
18:18:32,258 |-INFO in ch.qos.logback.core.rolling.SizeAndTimeBasedFNATP@6b2fad11 - Setting initial period to Mon Jun 10 18:17:14 UTC 2019
18:18:32,258 |-WARN in ch.qos.logback.core.rolling.SizeAndTimeBasedFNATP@6b2fad11 - SizeAndTimeBasedFNATP is deprecated. Use SizeAndTimeBasedRollingPolicy instead
18:18:32,258 |-WARN in ch.qos.logback.core.rolling.SizeAndTimeBasedFNATP@6b2fad11 - For more information see http://logback.qos.ch/manual/appenders.html#SizeAndTimeBasedRollingPolicy
18:18:32,262 |-INFO in ch.qos.logback.core.joran.action.NestedComplexPropertyIA - Assuming default type [ch.qos.logback.classic.encoder.PatternLayoutEncoder] for [encoder] property
18:18:32,267 |-INFO in ch.qos.logback.core.rolling.RollingFileAppender[FILE] - Active log file name: /tmp/application.log
18:18:32,267 |-INFO in ch.qos.logback.core.rolling.RollingFileAppender[FILE] - File property is set to [/tmp/application.log]
18:18:32,268 |-INFO in ch.qos.logback.classic.joran.action.RootLoggerAction - Setting level of ROOT logger to WARN
18:18:32,268 |-INFO in ch.qos.logback.core.joran.action.AppenderRefAction - Attaching appender named [STDOUT] to Logger[ROOT]
18:18:32,270 |-INFO in ch.qos.logback.core.joran.action.AppenderRefAction - Attaching appender named [FILE] to Logger[ROOT]
18:18:32,270 |-INFO in ch.qos.logback.classic.joran.action.ConfigurationAction - End of configuration.
18:18:32,271 |-INFO in ch.qos.logback.classic.joran.JoranConfigurator@79698539 - Registering current configuration as safe fallback point

Ama winner
Ama winner
2019-06-10T18:18:33.892+0000: 2.090: [Full GC (Metadata GC Threshold) 2019-06-10T18:18:33.892+0000: 2.090: [Tenured: 0K->15239K(341376K), 0.0399845 secs] 117719K->15239K(494976K), [Metaspace: 20731K->20731K(1067008K)], 0.0400523 secs] [Times: user=0.03 sys=0.00, real=0.04 secs] 
18:18:46.472 [Curator-PathChildrenCache-1] WARN  o.a.c.u.ZKPaths  - The version of ZooKeeper being used doesn't support Container nodes. CreateMode.PERSISTENT will be used instead.
2019-06-10T18:18:48.503+0000: 16.701: [GC (Allocation Failure) 2019-06-10T18:18:48.503+0000: 16.701: [DefNew: 136028K->16677K(153600K), 0.0248557 secs] 151268K->51447K(494976K), 0.0249241 secs] [Times: user=0.03 sys=0.00, real=0.02 secs] 
2019-06-10T18:18:50.654+0000: 18.852: [Full GC (Metadata GC Threshold) 2019-06-10T18:18:50.654+0000: 18.852: [Tenured: 34770K->43408K(341376K), 0.0419675 secs] 90594K->43408K(494976K), [Metaspace: 34584K->34584K(1079296K)], 0.0420525 secs] [Times: user=0.04 sys=0.01, real=0.04 secs] 
2019-06-10T18:18:57.467+0000: 25.665: [GC (Allocation Failure) 2019-06-10T18:18:57.467+0000: 25.665: [DefNew: 136576K->143K(153600K), 0.0019375 secs] 179984K->43552K(494976K), 0.0019968 secs] [Times: user=0.00 sys=0.00, real=0.00 secs] 
2019-06-10T18:19:04.254+0000: 32.451: [GC (Allocation Failure) 2019-06-10T18:19:04.254+0000: 32.451: [DefNew: 136719K->140K(153600K), 0.0018391 secs] 180128K->43549K(494976K), 0.0019105 secs] [Times: user=0.01 sys=0.00, real=0.00 secs] 
2019-06-10T18:19:11.176+0000: 39.374: [GC (Allocation Failure) 2019-06-10T18:19:11.176+0000: 39.374: [DefNew: 136716K->166K(153600K), 0.0018268 secs] 180125K->43574K(494976K), 0.0018897 secs] [Times: user=0.00 sys=0.00, real=0.00 secs] 
2019-06-10T18:19:18.101+0000: 46.298: [GC (Allocation Failure) 2019-06-10T18:19:18.101+0000: 46.298: [DefNew: 136742K->233K(153600K), 0.0019596 secs] 180150K->43641K(494976K), 0.0020248 secs] [Times: user=0.00 sys=0.00, real=0.01 secs] 
2019-06-10T18:19:25.000+0000: 53.198: [GC (Allocation Failure) 2019-06-10T18:19:25.000+0000: 53.198: [DefNew: 136809K->232K(153600K), 0.0018321 secs] 180217K->43640K(494976K), 0.0018923 secs] [Times: user=0.00 sys=0.00, real=0.01 secs] 
18:19:32.443 [Curator-PathChildrenCache-0] ERROR o.a.c.f.r.c.PathChildrenCache  - 
java.lang.IllegalStateException: instance must be started before calling this method
	at org.apache.curator.shaded.com.google.common.base.Preconditions.checkState(Preconditions.java:444)
	at org.apache.curator.framework.imps.CuratorFrameworkImpl.getChildren(CuratorFrameworkImpl.java:456)
	at org.apache.curator.framework.recipes.cache.PathChildrenCache.refresh(PathChildrenCache.java:521)
	at org.apache.curator.framework.recipes.cache.RefreshOperation.invoke(RefreshOperation.java:35)
	at org.apache.curator.framework.recipes.cache.PathChildrenCache$9.run(PathChildrenCache.java:786)
	at java.util.concurrent.Executors$RunnableAdapter.call(Executors.java:511)
	at java.util.concurrent.FutureTask.run(FutureTask.java:266)
	at java.util.concurrent.Executors$RunnableAdapter.call(Executors.java:511)
	at java.util.concurrent.FutureTask.run(FutureTask.java:266)
	at java.util.concurrent.ThreadPoolExecutor.runWorker(ThreadPoolExecutor.java:1149)
	at java.util.concurrent.ThreadPoolExecutor$Worker.run(ThreadPoolExecutor.java:624)
	at java.lang.Thread.run(Thread.java:748)
Heap
 def new generation   total 153600K, used 63158K [0x00000000e0c00000, 0x00000000eb2a0000, 0x00000000eb2a0000)
  eden space 136576K,  46% used [0x00000000e0c00000, 0x00000000e49736a0, 0x00000000e9160000)
  from space 17024K,   1% used [0x00000000e9160000, 0x00000000e919a208, 0x00000000ea200000)
  to   space 17024K,   0% used [0x00000000ea200000, 0x00000000ea200000, 0x00000000eb2a0000)
 tenured generation   total 341376K, used 43408K [0x00000000eb2a0000, 0x0000000100000000, 0x0000000100000000)
   the space 341376K,  12% used [0x00000000eb2a0000, 0x00000000edd040f0, 0x00000000edd04200, 0x0000000100000000)
 Metaspace       used 35764K, capacity 36698K, committed 36864K, reserved 1081344K
  class space    used 4829K, capacity 5041K, committed 5120K, reserved 1048576K
