14:42:25,845 |-INFO in ch.qos.logback.classic.LoggerContext[default] - Could NOT find resource [logback-test.xml]
14:42:25,845 |-INFO in ch.qos.logback.classic.LoggerContext[default] - Could NOT find resource [logback.groovy]
14:42:25,845 |-INFO in ch.qos.logback.classic.LoggerContext[default] - Found resource [logback.xml] at [jar:file:/root/flamestream/lib/flamestream-runtime-1.0-SNAPSHOT.jar!/logback.xml]
14:42:25,850 |-WARN in ch.qos.logback.classic.LoggerContext[default] - Resource [logback.xml] occurs multiple times on the classpath.
14:42:25,850 |-WARN in ch.qos.logback.classic.LoggerContext[default] - Resource [logback.xml] occurs at [jar:file:/root/flamestream/lib/flamestream-runtime-1.0-SNAPSHOT.jar!/logback.xml]
14:42:25,850 |-WARN in ch.qos.logback.classic.LoggerContext[default] - Resource [logback.xml] occurs at [jar:file:/root/flamestream/flamestream-runtime-1.0-SNAPSHOT.jar!/logback.xml]
14:42:25,871 |-INFO in ch.qos.logback.core.joran.spi.ConfigurationWatchList@3fb6a447 - URL [jar:file:/root/flamestream/lib/flamestream-runtime-1.0-SNAPSHOT.jar!/logback.xml] is not of type file
14:42:25,948 |-INFO in ch.qos.logback.classic.joran.action.ConfigurationAction - debug attribute not set
14:42:25,948 |-INFO in ch.qos.logback.core.joran.action.AppenderAction - About to instantiate appender of type [ch.qos.logback.core.ConsoleAppender]
14:42:25,965 |-INFO in ch.qos.logback.core.joran.action.AppenderAction - Naming appender as [STDOUT]
14:42:25,984 |-INFO in ch.qos.logback.core.joran.action.NestedComplexPropertyIA - Assuming default type [ch.qos.logback.classic.encoder.PatternLayoutEncoder] for [encoder] property
14:42:26,065 |-INFO in ch.qos.logback.core.joran.action.AppenderAction - About to instantiate appender of type [ch.qos.logback.core.rolling.RollingFileAppender]
14:42:26,070 |-INFO in ch.qos.logback.core.joran.action.AppenderAction - Naming appender as [FILE]
14:42:26,103 |-INFO in c.q.l.core.rolling.TimeBasedRollingPolicy@127618319 - No compression will be used
14:42:26,104 |-INFO in c.q.l.core.rolling.TimeBasedRollingPolicy@127618319 - Will use the pattern /tmp/application_%d{yyyy-MM-dd}.%i.log for the active file
14:42:26,107 |-INFO in ch.qos.logback.core.rolling.SizeAndTimeBasedFNATP@6b2fad11 - The date pattern is 'yyyy-MM-dd' from file name pattern '/tmp/application_%d{yyyy-MM-dd}.%i.log'.
14:42:26,107 |-INFO in ch.qos.logback.core.rolling.SizeAndTimeBasedFNATP@6b2fad11 - Roll-over at midnight.
14:42:26,113 |-INFO in ch.qos.logback.core.rolling.SizeAndTimeBasedFNATP@6b2fad11 - Setting initial period to Mon Jun 10 14:41:06 UTC 2019
14:42:26,113 |-WARN in ch.qos.logback.core.rolling.SizeAndTimeBasedFNATP@6b2fad11 - SizeAndTimeBasedFNATP is deprecated. Use SizeAndTimeBasedRollingPolicy instead
14:42:26,113 |-WARN in ch.qos.logback.core.rolling.SizeAndTimeBasedFNATP@6b2fad11 - For more information see http://logback.qos.ch/manual/appenders.html#SizeAndTimeBasedRollingPolicy
14:42:26,117 |-INFO in ch.qos.logback.core.joran.action.NestedComplexPropertyIA - Assuming default type [ch.qos.logback.classic.encoder.PatternLayoutEncoder] for [encoder] property
14:42:26,122 |-INFO in ch.qos.logback.core.rolling.RollingFileAppender[FILE] - Active log file name: /tmp/application.log
14:42:26,122 |-INFO in ch.qos.logback.core.rolling.RollingFileAppender[FILE] - File property is set to [/tmp/application.log]
14:42:26,122 |-INFO in ch.qos.logback.classic.joran.action.RootLoggerAction - Setting level of ROOT logger to WARN
14:42:26,122 |-INFO in ch.qos.logback.core.joran.action.AppenderRefAction - Attaching appender named [STDOUT] to Logger[ROOT]
14:42:26,124 |-INFO in ch.qos.logback.core.joran.action.AppenderRefAction - Attaching appender named [FILE] to Logger[ROOT]
14:42:26,124 |-INFO in ch.qos.logback.classic.joran.action.ConfigurationAction - End of configuration.
14:42:26,125 |-INFO in ch.qos.logback.classic.joran.JoranConfigurator@79698539 - Registering current configuration as safe fallback point

Ama winner
Ama winner
2019-06-10T14:42:27.420+0000: 1.762: [Full GC (Metadata GC Threshold) 2019-06-10T14:42:27.420+0000: 1.762: [Tenured: 0K->15144K(341376K), 0.0387421 secs] 114987K->15144K(494976K), [Metaspace: 20740K->20740K(1067008K)], 0.0388050 secs] [Times: user=0.04 sys=0.01, real=0.04 secs] 
14:42:45.072 [Curator-PathChildrenCache-2] WARN  o.a.c.u.ZKPaths  - The version of ZooKeeper being used doesn't support Container nodes. CreateMode.PERSISTENT will be used instead.
2019-06-10T14:42:47.628+0000: 21.971: [GC (Allocation Failure) 2019-06-10T14:42:47.628+0000: 21.971: [DefNew: 122664K->17023K(153600K), 0.0210197 secs] 137808K->33189K(494976K), 0.0210863 secs] [Times: user=0.02 sys=0.01, real=0.02 secs] 
2019-06-10T14:42:48.120+0000: 22.463: [Full GC (Metadata GC Threshold) 2019-06-10T14:42:48.120+0000: 22.463: [Tenured: 16165K->44727K(341376K), 0.0909485 secs] 68568K->44727K(494976K), [Metaspace: 34608K->34608K(1079296K)], 0.0910243 secs] [Times: user=0.08 sys=0.00, real=0.09 secs] 
2019-06-10T14:42:51.104+0000: 25.446: [GC (Allocation Failure) 2019-06-10T14:42:51.104+0000: 25.446: [DefNew: 136576K->262K(153600K), 0.0025974 secs] 181303K->44990K(494976K), 0.0026767 secs] [Times: user=0.00 sys=0.00, real=0.01 secs] 
2019-06-10T14:42:53.908+0000: 28.251: [GC (Allocation Failure) 2019-06-10T14:42:53.908+0000: 28.251: [DefNew: 136838K->273K(153600K), 0.0021257 secs] 181566K->45001K(494976K), 0.0021931 secs] [Times: user=0.00 sys=0.00, real=0.00 secs] 
2019-06-10T14:42:56.801+0000: 31.144: [GC (Allocation Failure) 2019-06-10T14:42:56.801+0000: 31.144: [DefNew: 136849K->285K(153600K), 0.0021361 secs] 181577K->45012K(494976K), 0.0021943 secs] [Times: user=0.00 sys=0.00, real=0.00 secs] 
2019-06-10T14:42:59.680+0000: 34.022: [GC (Allocation Failure) 2019-06-10T14:42:59.680+0000: 34.022: [DefNew: 136861K->281K(153600K), 0.0022473 secs] 181588K->45009K(494976K), 0.0023097 secs] [Times: user=0.00 sys=0.00, real=0.00 secs] 
2019-06-10T14:43:02.610+0000: 36.953: [GC (Allocation Failure) 2019-06-10T14:43:02.610+0000: 36.953: [DefNew: 136857K->280K(153600K), 0.0022511 secs] 181585K->45008K(494976K), 0.0023120 secs] [Times: user=0.01 sys=0.00, real=0.00 secs] 
14:43:10.458 [Curator-PathChildrenCache-0] ERROR o.a.c.f.r.c.PathChildrenCache  - 
java.lang.IllegalStateException: instance must be started before calling this method
	at org.apache.curator.shaded.com.google.common.base.Preconditions.checkState(Preconditions.java:444)
	at org.apache.curator.framework.imps.CuratorFrameworkImpl.getChildren(CuratorFrameworkImpl.java:456)
	at org.apache.curator.framework.recipes.cache.PathChildrenCache.refresh(PathChildrenCache.java:521)
	at org.apache.curator.framework.recipes.cache.RefreshOperation.invoke(RefreshOperation.java:35)
	at org.apache.curator.framework.recipes.cache.PathChildrenCache$9.run(PathChildrenCache.java:786)
	at java.util.concurrent.Executors$RunnableAdapter.call(Executors.java:511)
	at java.util.concurrent.FutureTask.run(FutureTask.java:266)
	at java.util.concurrent.Executors$RunnableAdapter.call(Executors.java:511)
	at java.util.concurrent.FutureTask.run(FutureTask.java:266)
	at java.util.concurrent.ThreadPoolExecutor.runWorker(ThreadPoolExecutor.java:1149)
	at java.util.concurrent.ThreadPoolExecutor$Worker.run(ThreadPoolExecutor.java:624)
	at java.lang.Thread.run(Thread.java:748)
2019-06-10T14:43:10.775+0000: 45.117: [GC (Allocation Failure) 2019-06-10T14:43:10.775+0000: 45.117: [DefNew: 136856K->1205K(153600K), 0.0037819 secs] 181584K->45932K(494976K), 0.0038407 secs] [Times: user=0.01 sys=0.00, real=0.00 secs] 
Heap
 def new generation   total 153600K, used 3861K [0x00000000e0c00000, 0x00000000eb2a0000, 0x00000000eb2a0000)
  eden space 136576K,   1% used [0x00000000e0c00000, 0x00000000e0e983a8, 0x00000000e9160000)
  from space 17024K,   7% used [0x00000000ea200000, 0x00000000ea32d410, 0x00000000eb2a0000)
  to   space 17024K,   0% used [0x00000000e9160000, 0x00000000e9160000, 0x00000000ea200000)
 tenured generation   total 341376K, used 44727K [0x00000000eb2a0000, 0x0000000100000000, 0x0000000100000000)
   the space 341376K,  13% used [0x00000000eb2a0000, 0x00000000ede4dec0, 0x00000000ede4e000, 0x0000000100000000)
 Metaspace       used 35969K, capacity 36962K, committed 37120K, reserved 1081344K
  class space    used 4863K, capacity 5091K, committed 5120K, reserved 1048576K
