16:13:14,282 |-INFO in ch.qos.logback.classic.LoggerContext[default] - Could NOT find resource [logback-test.xml]
16:13:14,282 |-INFO in ch.qos.logback.classic.LoggerContext[default] - Could NOT find resource [logback.groovy]
16:13:14,283 |-INFO in ch.qos.logback.classic.LoggerContext[default] - Found resource [logback.xml] at [jar:file:/home/nikitasokolov/flamestream/lib/flamestream-runtime-1.0-SNAPSHOT.jar!/logback.xml]
16:13:14,283 |-WARN in ch.qos.logback.classic.LoggerContext[default] - Resource [logback.xml] occurs multiple times on the classpath.
16:13:14,283 |-WARN in ch.qos.logback.classic.LoggerContext[default] - Resource [logback.xml] occurs at [jar:file:/home/nikitasokolov/flamestream/lib/flamestream-runtime-1.0-SNAPSHOT.jar!/logback.xml]
16:13:14,283 |-WARN in ch.qos.logback.classic.LoggerContext[default] - Resource [logback.xml] occurs at [jar:file:/home/nikitasokolov/flamestream/flamestream-runtime-1.0-SNAPSHOT.jar!/logback.xml]
16:13:14,300 |-INFO in ch.qos.logback.core.joran.spi.ConfigurationWatchList@6108b2d7 - URL [jar:file:/home/nikitasokolov/flamestream/lib/flamestream-runtime-1.0-SNAPSHOT.jar!/logback.xml] is not of type file
16:13:14,350 |-INFO in ch.qos.logback.classic.joran.action.ConfigurationAction - debug attribute not set
16:13:14,351 |-INFO in ch.qos.logback.core.joran.action.AppenderAction - About to instantiate appender of type [ch.qos.logback.core.ConsoleAppender]
16:13:14,359 |-INFO in ch.qos.logback.core.joran.action.AppenderAction - Naming appender as [STDOUT]
16:13:14,367 |-INFO in ch.qos.logback.core.joran.action.NestedComplexPropertyIA - Assuming default type [ch.qos.logback.classic.encoder.PatternLayoutEncoder] for [encoder] property
16:13:14,423 |-INFO in ch.qos.logback.core.joran.action.AppenderAction - About to instantiate appender of type [ch.qos.logback.core.rolling.RollingFileAppender]
16:13:14,428 |-INFO in ch.qos.logback.core.joran.action.AppenderAction - Naming appender as [FILE]
16:13:14,451 |-INFO in c.q.l.core.rolling.TimeBasedRollingPolicy@357863579 - No compression will be used
16:13:14,452 |-INFO in c.q.l.core.rolling.TimeBasedRollingPolicy@357863579 - Will use the pattern /tmp/application_%d{yyyy-MM-dd}.%i.log for the active file
16:13:14,455 |-INFO in ch.qos.logback.core.rolling.SizeAndTimeBasedFNATP@6bf256fa - The date pattern is 'yyyy-MM-dd' from file name pattern '/tmp/application_%d{yyyy-MM-dd}.%i.log'.
16:13:14,455 |-INFO in ch.qos.logback.core.rolling.SizeAndTimeBasedFNATP@6bf256fa - Roll-over at midnight.
16:13:14,459 |-INFO in ch.qos.logback.core.rolling.SizeAndTimeBasedFNATP@6bf256fa - Setting initial period to Sun Jun 09 16:12:28 MSK 2019
16:13:14,459 |-WARN in ch.qos.logback.core.rolling.SizeAndTimeBasedFNATP@6bf256fa - SizeAndTimeBasedFNATP is deprecated. Use SizeAndTimeBasedRollingPolicy instead
16:13:14,459 |-WARN in ch.qos.logback.core.rolling.SizeAndTimeBasedFNATP@6bf256fa - For more information see http://logback.qos.ch/manual/appenders.html#SizeAndTimeBasedRollingPolicy
16:13:14,464 |-INFO in ch.qos.logback.core.joran.action.NestedComplexPropertyIA - Assuming default type [ch.qos.logback.classic.encoder.PatternLayoutEncoder] for [encoder] property
16:13:14,467 |-INFO in ch.qos.logback.core.rolling.RollingFileAppender[FILE] - Active log file name: /tmp/application.log
16:13:14,467 |-INFO in ch.qos.logback.core.rolling.RollingFileAppender[FILE] - File property is set to [/tmp/application.log]
16:13:14,469 |-INFO in ch.qos.logback.classic.joran.action.RootLoggerAction - Setting level of ROOT logger to WARN
16:13:14,469 |-INFO in ch.qos.logback.core.joran.action.AppenderRefAction - Attaching appender named [STDOUT] to Logger[ROOT]
16:13:14,469 |-INFO in ch.qos.logback.core.joran.action.AppenderRefAction - Attaching appender named [FILE] to Logger[ROOT]
16:13:14,469 |-INFO in ch.qos.logback.classic.joran.action.ConfigurationAction - End of configuration.
16:13:14,470 |-INFO in ch.qos.logback.classic.joran.JoranConfigurator@6cd8737 - Registering current configuration as safe fallback point

2019-06-09T16:13:15.456+0300: 1.378: [GC (Metadata GC Threshold) [PSYoungGen: 108152K->15798K(149504K)] 108152K->15878K(491008K), 0.0207642 secs] [Times: user=0.06 sys=0.04, real=0.02 secs] 
2019-06-09T16:13:15.477+0300: 1.398: [Full GC (Metadata GC Threshold) [PSYoungGen: 15798K->0K(149504K)] [ParOldGen: 80K->14981K(341504K)] 15878K->14981K(491008K), [Metaspace: 20802K->20802K(1067008K)], 0.0273158 secs] [Times: user=0.17 sys=0.02, real=0.03 secs] 
16:13:28.394 [Curator-PathChildrenCache-1] WARN  o.a.c.u.ZKPaths  - The version of ZooKeeper being used doesn't support Container nodes. CreateMode.PERSISTENT will be used instead.
2019-06-09T16:13:29.525+0300: 15.447: [GC (Metadata GC Threshold) [PSYoungGen: 127934K->15720K(149504K)] 142915K->50241K(491008K), 0.0283151 secs] [Times: user=0.22 sys=0.02, real=0.03 secs] 
2019-06-09T16:13:29.554+0300: 15.475: [Full GC (Metadata GC Threshold) [PSYoungGen: 15720K->0K(149504K)] [ParOldGen: 34521K->38672K(341504K)] 50241K->38672K(491008K), [Metaspace: 34545K->34545K(1079296K)], 0.0544118 secs] [Times: user=0.32 sys=0.00, real=0.05 secs] 
2019-06-09T16:13:36.707+0300: 22.628: [GC (Allocation Failure) [PSYoungGen: 128512K->416K(149504K)] 167184K->39096K(491008K), 0.0076449 secs] [Times: user=0.06 sys=0.01, real=0.01 secs] 
2019-06-09T16:13:44.340+0300: 30.261: [GC (Allocation Failure) [PSYoungGen: 128928K->320K(149504K)] 167608K->39008K(491008K), 0.0048377 secs] [Times: user=0.04 sys=0.00, real=0.00 secs] 
2019-06-09T16:13:52.118+0300: 38.039: [GC (Allocation Failure) [PSYoungGen: 128832K->384K(129024K)] 167520K->39080K(470528K), 0.0026647 secs] [Times: user=0.01 sys=0.00, real=0.00 secs] 
2019-06-09T16:13:59.992+0300: 45.914: [GC (Allocation Failure) [PSYoungGen: 128896K->288K(150016K)] 167592K->38984K(491520K), 0.0047517 secs] [Times: user=0.03 sys=0.00, real=0.00 secs] 
2019-06-09T16:14:07.877+0300: 53.799: [GC (Allocation Failure) [PSYoungGen: 128800K->384K(148992K)] 167496K->39088K(490496K), 0.1039089 secs] [Times: user=0.02 sys=0.01, real=0.11 secs] 
2019-06-09T16:14:15.612+0300: 61.534: [GC (Allocation Failure) [PSYoungGen: 128896K->672K(152064K)] 167600K->39384K(493568K), 0.0029304 secs] [Times: user=0.01 sys=0.00, real=0.00 secs] 
16:14:30.234 [Curator-PathChildrenCache-0] ERROR o.a.c.f.r.c.PathChildrenCache  - 
java.lang.IllegalStateException: instance must be started before calling this method
	at org.apache.curator.shaded.com.google.common.base.Preconditions.checkState(Preconditions.java:444)
	at org.apache.curator.framework.imps.CuratorFrameworkImpl.getChildren(CuratorFrameworkImpl.java:456)
	at org.apache.curator.framework.recipes.cache.PathChildrenCache.refresh(PathChildrenCache.java:521)
	at org.apache.curator.framework.recipes.cache.RefreshOperation.invoke(RefreshOperation.java:35)
	at org.apache.curator.framework.recipes.cache.PathChildrenCache$9.run(PathChildrenCache.java:786)
	at java.util.concurrent.Executors$RunnableAdapter.call(Executors.java:511)
	at java.util.concurrent.FutureTask.run(FutureTask.java:266)
	at java.util.concurrent.Executors$RunnableAdapter.call(Executors.java:511)
	at java.util.concurrent.FutureTask.run(FutureTask.java:266)
	at java.util.concurrent.ThreadPoolExecutor.runWorker(ThreadPoolExecutor.java:1149)
	at java.util.concurrent.ThreadPoolExecutor$Worker.run(ThreadPoolExecutor.java:624)
	at java.lang.Thread.run(Thread.java:748)
Heap
 PSYoungGen      total 152064K, used 40103K [0x00000000f5980000, 0x0000000100000000, 0x0000000100000000)
  eden space 132608K, 29% used [0x00000000f5980000,0x00000000f8001cc0,0x00000000fdb00000)
  from space 19456K, 3% used [0x00000000fed00000,0x00000000feda8020,0x0000000100000000)
  to   space 18432K, 0% used [0x00000000fdb00000,0x00000000fdb00000,0x00000000fed00000)
 ParOldGen       total 341504K, used 38712K [0x00000000e0c00000, 0x00000000f5980000, 0x00000000f5980000)
  object space 341504K, 11% used [0x00000000e0c00000,0x00000000e31ce390,0x00000000f5980000)
 Metaspace       used 35962K, capacity 36830K, committed 37208K, reserved 1081344K
  class space    used 4976K, capacity 5161K, committed 5248K, reserved 1048576K
