01:08:14,135 |-INFO in ch.qos.logback.classic.LoggerContext[default] - Could NOT find resource [logback-test.xml]
01:08:14,135 |-INFO in ch.qos.logback.classic.LoggerContext[default] - Could NOT find resource [logback.groovy]
01:08:14,135 |-INFO in ch.qos.logback.classic.LoggerContext[default] - Found resource [logback.xml] at [jar:file:/home/nikitasokolov/flamestream/lib/flamestream-runtime-1.0-SNAPSHOT.jar!/logback.xml]
01:08:14,136 |-WARN in ch.qos.logback.classic.LoggerContext[default] - Resource [logback.xml] occurs multiple times on the classpath.
01:08:14,136 |-WARN in ch.qos.logback.classic.LoggerContext[default] - Resource [logback.xml] occurs at [jar:file:/home/nikitasokolov/flamestream/lib/flamestream-runtime-1.0-SNAPSHOT.jar!/logback.xml]
01:08:14,136 |-WARN in ch.qos.logback.classic.LoggerContext[default] - Resource [logback.xml] occurs at [jar:file:/home/nikitasokolov/flamestream/flamestream-runtime-1.0-SNAPSHOT.jar!/logback.xml]
01:08:14,152 |-INFO in ch.qos.logback.core.joran.spi.ConfigurationWatchList@2f7a2457 - URL [jar:file:/home/nikitasokolov/flamestream/lib/flamestream-runtime-1.0-SNAPSHOT.jar!/logback.xml] is not of type file
01:08:14,205 |-INFO in ch.qos.logback.classic.joran.action.ConfigurationAction - debug attribute not set
01:08:14,205 |-INFO in ch.qos.logback.core.joran.action.AppenderAction - About to instantiate appender of type [ch.qos.logback.core.ConsoleAppender]
01:08:14,214 |-INFO in ch.qos.logback.core.joran.action.AppenderAction - Naming appender as [STDOUT]
01:08:14,225 |-INFO in ch.qos.logback.core.joran.action.NestedComplexPropertyIA - Assuming default type [ch.qos.logback.classic.encoder.PatternLayoutEncoder] for [encoder] property
01:08:14,285 |-INFO in ch.qos.logback.core.joran.action.AppenderAction - About to instantiate appender of type [ch.qos.logback.core.rolling.RollingFileAppender]
01:08:14,294 |-INFO in ch.qos.logback.core.joran.action.AppenderAction - Naming appender as [FILE]
01:08:14,318 |-INFO in c.q.l.core.rolling.TimeBasedRollingPolicy@1449621165 - No compression will be used
01:08:14,319 |-INFO in c.q.l.core.rolling.TimeBasedRollingPolicy@1449621165 - Will use the pattern /tmp/application_%d{yyyy-MM-dd}.%i.log for the active file
01:08:14,323 |-INFO in ch.qos.logback.core.rolling.SizeAndTimeBasedFNATP@6108b2d7 - The date pattern is 'yyyy-MM-dd' from file name pattern '/tmp/application_%d{yyyy-MM-dd}.%i.log'.
01:08:14,323 |-INFO in ch.qos.logback.core.rolling.SizeAndTimeBasedFNATP@6108b2d7 - Roll-over at midnight.
01:08:14,327 |-INFO in ch.qos.logback.core.rolling.SizeAndTimeBasedFNATP@6108b2d7 - Setting initial period to Sat Jun 08 01:07:34 MSK 2019
01:08:14,327 |-WARN in ch.qos.logback.core.rolling.SizeAndTimeBasedFNATP@6108b2d7 - SizeAndTimeBasedFNATP is deprecated. Use SizeAndTimeBasedRollingPolicy instead
01:08:14,327 |-WARN in ch.qos.logback.core.rolling.SizeAndTimeBasedFNATP@6108b2d7 - For more information see http://logback.qos.ch/manual/appenders.html#SizeAndTimeBasedRollingPolicy
01:08:14,332 |-INFO in ch.qos.logback.core.joran.action.NestedComplexPropertyIA - Assuming default type [ch.qos.logback.classic.encoder.PatternLayoutEncoder] for [encoder] property
01:08:14,335 |-INFO in ch.qos.logback.core.rolling.RollingFileAppender[FILE] - Active log file name: /tmp/application.log
01:08:14,335 |-INFO in ch.qos.logback.core.rolling.RollingFileAppender[FILE] - File property is set to [/tmp/application.log]
01:08:14,336 |-INFO in ch.qos.logback.classic.joran.action.RootLoggerAction - Setting level of ROOT logger to WARN
01:08:14,336 |-INFO in ch.qos.logback.core.joran.action.AppenderRefAction - Attaching appender named [STDOUT] to Logger[ROOT]
01:08:14,337 |-INFO in ch.qos.logback.core.joran.action.AppenderRefAction - Attaching appender named [FILE] to Logger[ROOT]
01:08:14,337 |-INFO in ch.qos.logback.classic.joran.action.ConfigurationAction - End of configuration.
01:08:14,337 |-INFO in ch.qos.logback.classic.joran.JoranConfigurator@1554909b - Registering current configuration as safe fallback point

2019-06-08T01:08:15.368+0300: 1.447: [GC (Metadata GC Threshold) [PSYoungGen: 108082K->15720K(149504K)] 108082K->15800K(491008K), 0.0270748 secs] [Times: user=0.06 sys=0.06, real=0.03 secs] 
2019-06-08T01:08:15.395+0300: 1.474: [Full GC (Metadata GC Threshold) [PSYoungGen: 15720K->0K(149504K)] [ParOldGen: 80K->14984K(341504K)] 15800K->14984K(491008K), [Metaspace: 20805K->20805K(1067008K)], 0.0327391 secs] [Times: user=0.21 sys=0.01, real=0.03 secs] 
01:08:23.495 [Curator-PathChildrenCache-1] WARN  o.a.c.u.ZKPaths  - The version of ZooKeeper being used doesn't support Container nodes. CreateMode.PERSISTENT will be used instead.
2019-06-08T01:08:24.191+0300: 10.270: [GC (Metadata GC Threshold) [PSYoungGen: 126167K->20991K(149504K)] 141152K->49476K(491008K), 0.0260481 secs] [Times: user=0.27 sys=0.02, real=0.02 secs] 
2019-06-08T01:08:24.217+0300: 10.296: [Full GC (Metadata GC Threshold) [PSYoungGen: 20991K->0K(149504K)] [ParOldGen: 28485K->38389K(341504K)] 49476K->38389K(491008K), [Metaspace: 34517K->34517K(1079296K)], 0.0472042 secs] [Times: user=0.14 sys=0.05, real=0.05 secs] 
2019-06-08T01:08:25.344+0300: 11.423: [GC (Allocation Failure) [PSYoungGen: 128512K->576K(149504K)] 166901K->38973K(491008K), 0.0023801 secs] [Times: user=0.02 sys=0.00, real=0.00 secs] 
2019-06-08T01:08:25.854+0300: 11.933: [GC (Allocation Failure) [PSYoungGen: 129088K->704K(149504K)] 167485K->39109K(491008K), 0.0024927 secs] [Times: user=0.01 sys=0.00, real=0.00 secs] 
2019-06-08T01:08:26.410+0300: 12.489: [GC (Allocation Failure) [PSYoungGen: 129216K->864K(129536K)] 167621K->39269K(471040K), 0.0025863 secs] [Times: user=0.01 sys=0.00, real=0.00 secs] 
2019-06-08T01:08:26.985+0300: 13.064: [GC (Allocation Failure) [PSYoungGen: 129376K->992K(133632K)] 167781K->39405K(475136K), 0.0023822 secs] [Times: user=0.02 sys=0.00, real=0.00 secs] 
2019-06-08T01:08:27.394+0300: 13.473: [GC (Allocation Failure) [PSYoungGen: 95200K->960K(131072K)] 133613K->39381K(472576K), 0.0026179 secs] [Times: user=0.02 sys=0.00, real=0.00 secs] 
2019-06-08T01:08:27.801+0300: 13.879: [GC (Allocation Failure) [PSYoungGen: 95168K->928K(137216K)] 133589K->39357K(478720K), 0.0026447 secs] [Times: user=0.01 sys=0.00, real=0.00 secs] 
01:08:36.515 [Curator-PathChildrenCache-0] ERROR o.a.c.f.r.c.PathChildrenCache  - 
java.lang.IllegalStateException: instance must be started before calling this method
	at org.apache.curator.shaded.com.google.common.base.Preconditions.checkState(Preconditions.java:444)
	at org.apache.curator.framework.imps.CuratorFrameworkImpl.getChildren(CuratorFrameworkImpl.java:456)
	at org.apache.curator.framework.recipes.cache.PathChildrenCache.refresh(PathChildrenCache.java:521)
	at org.apache.curator.framework.recipes.cache.RefreshOperation.invoke(RefreshOperation.java:35)
	at org.apache.curator.framework.recipes.cache.PathChildrenCache$9.run(PathChildrenCache.java:786)
	at java.util.concurrent.Executors$RunnableAdapter.call(Executors.java:511)
	at java.util.concurrent.FutureTask.run(FutureTask.java:266)
	at java.util.concurrent.Executors$RunnableAdapter.call(Executors.java:511)
	at java.util.concurrent.FutureTask.run(FutureTask.java:266)
	at java.util.concurrent.ThreadPoolExecutor.runWorker(ThreadPoolExecutor.java:1149)
	at java.util.concurrent.ThreadPoolExecutor$Worker.run(ThreadPoolExecutor.java:624)
	at java.lang.Thread.run(Thread.java:748)
Heap
 PSYoungGen      total 137216K, used 92253K [0x00000000f5980000, 0x0000000100000000, 0x0000000100000000)
  eden space 102400K, 89% used [0x00000000f5980000,0x00000000fb2af488,0x00000000fbd80000)
  from space 34816K, 2% used [0x00000000fde00000,0x00000000fdee80c0,0x0000000100000000)
  to   space 33280K, 0% used [0x00000000fbd80000,0x00000000fbd80000,0x00000000fde00000)
 ParOldGen       total 341504K, used 38429K [0x00000000e0c00000, 0x00000000f5980000, 0x00000000f5980000)
  object space 341504K, 11% used [0x00000000e0c00000,0x00000000e31875c0,0x00000000f5980000)
 Metaspace       used 35863K, capacity 36716K, committed 36952K, reserved 1081344K
  class space    used 4949K, capacity 5148K, committed 5248K, reserved 1048576K
