19:15:02,422 |-INFO in ch.qos.logback.classic.LoggerContext[default] - Could NOT find resource [logback-test.xml]
19:15:02,422 |-INFO in ch.qos.logback.classic.LoggerContext[default] - Could NOT find resource [logback.groovy]
19:15:02,422 |-INFO in ch.qos.logback.classic.LoggerContext[default] - Found resource [logback.xml] at [jar:file:/root/flamestream/lib/flamestream-runtime-1.0-SNAPSHOT.jar!/logback.xml]
19:15:02,423 |-WARN in ch.qos.logback.classic.LoggerContext[default] - Resource [logback.xml] occurs multiple times on the classpath.
19:15:02,423 |-WARN in ch.qos.logback.classic.LoggerContext[default] - Resource [logback.xml] occurs at [jar:file:/root/flamestream/lib/flamestream-runtime-1.0-SNAPSHOT.jar!/logback.xml]
19:15:02,423 |-WARN in ch.qos.logback.classic.LoggerContext[default] - Resource [logback.xml] occurs at [jar:file:/root/flamestream/flamestream-runtime-1.0-SNAPSHOT.jar!/logback.xml]
19:15:02,444 |-INFO in ch.qos.logback.core.joran.spi.ConfigurationWatchList@3fb6a447 - URL [jar:file:/root/flamestream/lib/flamestream-runtime-1.0-SNAPSHOT.jar!/logback.xml] is not of type file
19:15:02,516 |-INFO in ch.qos.logback.classic.joran.action.ConfigurationAction - debug attribute not set
19:15:02,517 |-INFO in ch.qos.logback.core.joran.action.AppenderAction - About to instantiate appender of type [ch.qos.logback.core.ConsoleAppender]
19:15:02,531 |-INFO in ch.qos.logback.core.joran.action.AppenderAction - Naming appender as [STDOUT]
19:15:02,551 |-INFO in ch.qos.logback.core.joran.action.NestedComplexPropertyIA - Assuming default type [ch.qos.logback.classic.encoder.PatternLayoutEncoder] for [encoder] property
19:15:02,635 |-INFO in ch.qos.logback.core.joran.action.AppenderAction - About to instantiate appender of type [ch.qos.logback.core.rolling.RollingFileAppender]
19:15:02,644 |-INFO in ch.qos.logback.core.joran.action.AppenderAction - Naming appender as [FILE]
19:15:02,674 |-INFO in c.q.l.core.rolling.TimeBasedRollingPolicy@127618319 - No compression will be used
19:15:02,676 |-INFO in c.q.l.core.rolling.TimeBasedRollingPolicy@127618319 - Will use the pattern /tmp/application_%d{yyyy-MM-dd}.%i.log for the active file
19:15:02,679 |-INFO in ch.qos.logback.core.rolling.SizeAndTimeBasedFNATP@6b2fad11 - The date pattern is 'yyyy-MM-dd' from file name pattern '/tmp/application_%d{yyyy-MM-dd}.%i.log'.
19:15:02,679 |-INFO in ch.qos.logback.core.rolling.SizeAndTimeBasedFNATP@6b2fad11 - Roll-over at midnight.
19:15:02,684 |-INFO in ch.qos.logback.core.rolling.SizeAndTimeBasedFNATP@6b2fad11 - Setting initial period to Mon Jun 10 19:13:20 UTC 2019
19:15:02,684 |-WARN in ch.qos.logback.core.rolling.SizeAndTimeBasedFNATP@6b2fad11 - SizeAndTimeBasedFNATP is deprecated. Use SizeAndTimeBasedRollingPolicy instead
19:15:02,684 |-WARN in ch.qos.logback.core.rolling.SizeAndTimeBasedFNATP@6b2fad11 - For more information see http://logback.qos.ch/manual/appenders.html#SizeAndTimeBasedRollingPolicy
19:15:02,688 |-INFO in ch.qos.logback.core.joran.action.NestedComplexPropertyIA - Assuming default type [ch.qos.logback.classic.encoder.PatternLayoutEncoder] for [encoder] property
19:15:02,693 |-INFO in ch.qos.logback.core.rolling.RollingFileAppender[FILE] - Active log file name: /tmp/application.log
19:15:02,693 |-INFO in ch.qos.logback.core.rolling.RollingFileAppender[FILE] - File property is set to [/tmp/application.log]
19:15:02,694 |-INFO in ch.qos.logback.classic.joran.action.RootLoggerAction - Setting level of ROOT logger to WARN
19:15:02,694 |-INFO in ch.qos.logback.core.joran.action.AppenderRefAction - Attaching appender named [STDOUT] to Logger[ROOT]
19:15:02,696 |-INFO in ch.qos.logback.core.joran.action.AppenderRefAction - Attaching appender named [FILE] to Logger[ROOT]
19:15:02,696 |-INFO in ch.qos.logback.classic.joran.action.ConfigurationAction - End of configuration.
19:15:02,697 |-INFO in ch.qos.logback.classic.joran.JoranConfigurator@79698539 - Registering current configuration as safe fallback point

Ama winner
Ama winner
2019-06-10T19:15:03.948+0000: 1.715: [Full GC (Metadata GC Threshold) 2019-06-10T19:15:03.948+0000: 1.715: [Tenured: 0K->15138K(341376K), 0.0399728 secs] 114923K->15138K(494976K), [Metaspace: 20729K->20729K(1067008K)], 0.0400423 secs] [Times: user=0.04 sys=0.00, real=0.04 secs] 
19:15:30.227 [Curator-PathChildrenCache-2] WARN  o.a.c.u.ZKPaths  - The version of ZooKeeper being used doesn't support Container nodes. CreateMode.PERSISTENT will be used instead.
2019-06-10T19:15:32.664+0000: 30.431: [GC (Allocation Failure) 2019-06-10T19:15:32.664+0000: 30.431: [DefNew: 136576K->17024K(153600K), 0.0256365 secs] 151714K->52609K(494976K), 0.0257038 secs] [Times: user=0.02 sys=0.01, real=0.03 secs] 
2019-06-10T19:15:37.687+0000: 35.454: [Full GC (Metadata GC Threshold) 2019-06-10T19:15:37.687+0000: 35.454: [Tenured: 35585K->44077K(341376K), 0.0499546 secs] 136793K->44077K(494976K), [Metaspace: 34545K->34545K(1079296K)], 0.0500422 secs] [Times: user=0.04 sys=0.00, real=0.06 secs] 
2019-06-10T19:15:46.698+0000: 44.465: [GC (Allocation Failure) 2019-06-10T19:15:46.698+0000: 44.465: [DefNew: 136576K->55K(153600K), 0.0017960 secs] 180653K->44132K(494976K), 0.0018566 secs] [Times: user=0.00 sys=0.00, real=0.00 secs] 
2019-06-10T19:15:55.617+0000: 53.384: [GC (Allocation Failure) 2019-06-10T19:15:55.617+0000: 53.384: [DefNew: 136631K->51K(153600K), 0.0016909 secs] 180708K->44128K(494976K), 0.0017529 secs] [Times: user=0.00 sys=0.00, real=0.00 secs] 
2019-06-10T19:16:05.159+0000: 62.927: [GC (Allocation Failure) 2019-06-10T19:16:05.160+0000: 62.927: [DefNew: 136627K->376K(153600K), 0.0021042 secs] 180704K->44453K(494976K), 0.0032086 secs] [Times: user=0.00 sys=0.00, real=0.00 secs] 
2019-06-10T19:16:15.891+0000: 73.658: [GC (Allocation Failure) 2019-06-10T19:16:15.891+0000: 73.658: [DefNew: 136952K->130K(153600K), 0.0018881 secs] 181029K->44207K(494976K), 0.0019471 secs] [Times: user=0.01 sys=0.00, real=0.00 secs] 
2019-06-10T19:16:26.521+0000: 84.287: [GC (Allocation Failure) 2019-06-10T19:16:26.521+0000: 84.287: [DefNew: 136706K->133K(153600K), 0.0019510 secs] 180783K->44210K(494976K), 0.0020146 secs] [Times: user=0.00 sys=0.00, real=0.00 secs] 
19:16:40.418 [Curator-PathChildrenCache-0] ERROR o.a.c.f.r.c.PathChildrenCache  - 
java.lang.IllegalStateException: instance must be started before calling this method
	at org.apache.curator.shaded.com.google.common.base.Preconditions.checkState(Preconditions.java:444)
	at org.apache.curator.framework.imps.CuratorFrameworkImpl.getChildren(CuratorFrameworkImpl.java:456)
	at org.apache.curator.framework.recipes.cache.PathChildrenCache.refresh(PathChildrenCache.java:521)
	at org.apache.curator.framework.recipes.cache.RefreshOperation.invoke(RefreshOperation.java:35)
	at org.apache.curator.framework.recipes.cache.PathChildrenCache$9.run(PathChildrenCache.java:786)
	at java.util.concurrent.Executors$RunnableAdapter.call(Executors.java:511)
	at java.util.concurrent.FutureTask.run(FutureTask.java:266)
	at java.util.concurrent.Executors$RunnableAdapter.call(Executors.java:511)
	at java.util.concurrent.FutureTask.run(FutureTask.java:266)
	at java.util.concurrent.ThreadPoolExecutor.runWorker(ThreadPoolExecutor.java:1149)
	at java.util.concurrent.ThreadPoolExecutor$Worker.run(ThreadPoolExecutor.java:624)
	at java.lang.Thread.run(Thread.java:748)
Heap
 def new generation   total 153600K, used 79829K [0x00000000e0c00000, 0x00000000eb2a0000, 0x00000000eb2a0000)
  eden space 136576K,  58% used [0x00000000e0c00000, 0x00000000e59d3f68, 0x00000000e9160000)
  from space 17024K,   0% used [0x00000000e9160000, 0x00000000e91815e8, 0x00000000ea200000)
  to   space 17024K,   0% used [0x00000000ea200000, 0x00000000ea200000, 0x00000000eb2a0000)
 tenured generation   total 341376K, used 44077K [0x00000000eb2a0000, 0x0000000100000000, 0x0000000100000000)
   the space 341376K,  12% used [0x00000000eb2a0000, 0x00000000eddab528, 0x00000000eddab600, 0x0000000100000000)
 Metaspace       used 35992K, capacity 36922K, committed 37120K, reserved 1081344K
  class space    used 4858K, capacity 5073K, committed 5120K, reserved 1048576K
