13:28:24,680 |-INFO in ch.qos.logback.classic.LoggerContext[default] - Could NOT find resource [logback-test.xml]
13:28:24,680 |-INFO in ch.qos.logback.classic.LoggerContext[default] - Could NOT find resource [logback.groovy]
13:28:24,680 |-INFO in ch.qos.logback.classic.LoggerContext[default] - Found resource [logback.xml] at [jar:file:/root/flamestream/lib/flamestream-runtime-1.0-SNAPSHOT.jar!/logback.xml]
13:28:24,681 |-WARN in ch.qos.logback.classic.LoggerContext[default] - Resource [logback.xml] occurs multiple times on the classpath.
13:28:24,681 |-WARN in ch.qos.logback.classic.LoggerContext[default] - Resource [logback.xml] occurs at [jar:file:/root/flamestream/lib/flamestream-runtime-1.0-SNAPSHOT.jar!/logback.xml]
13:28:24,681 |-WARN in ch.qos.logback.classic.LoggerContext[default] - Resource [logback.xml] occurs at [jar:file:/root/flamestream/flamestream-runtime-1.0-SNAPSHOT.jar!/logback.xml]
13:28:24,701 |-INFO in ch.qos.logback.core.joran.spi.ConfigurationWatchList@3fb6a447 - URL [jar:file:/root/flamestream/lib/flamestream-runtime-1.0-SNAPSHOT.jar!/logback.xml] is not of type file
13:28:24,769 |-INFO in ch.qos.logback.classic.joran.action.ConfigurationAction - debug attribute not set
13:28:24,769 |-INFO in ch.qos.logback.core.joran.action.AppenderAction - About to instantiate appender of type [ch.qos.logback.core.ConsoleAppender]
13:28:24,785 |-INFO in ch.qos.logback.core.joran.action.AppenderAction - Naming appender as [STDOUT]
13:28:24,801 |-INFO in ch.qos.logback.core.joran.action.NestedComplexPropertyIA - Assuming default type [ch.qos.logback.classic.encoder.PatternLayoutEncoder] for [encoder] property
13:28:24,906 |-INFO in ch.qos.logback.core.joran.action.AppenderAction - About to instantiate appender of type [ch.qos.logback.core.rolling.RollingFileAppender]
13:28:24,915 |-INFO in ch.qos.logback.core.joran.action.AppenderAction - Naming appender as [FILE]
13:28:24,954 |-INFO in c.q.l.core.rolling.TimeBasedRollingPolicy@127618319 - No compression will be used
13:28:24,955 |-INFO in c.q.l.core.rolling.TimeBasedRollingPolicy@127618319 - Will use the pattern /tmp/application_%d{yyyy-MM-dd}.%i.log for the active file
13:28:24,958 |-INFO in ch.qos.logback.core.rolling.SizeAndTimeBasedFNATP@6b2fad11 - The date pattern is 'yyyy-MM-dd' from file name pattern '/tmp/application_%d{yyyy-MM-dd}.%i.log'.
13:28:24,958 |-INFO in ch.qos.logback.core.rolling.SizeAndTimeBasedFNATP@6b2fad11 - Roll-over at midnight.
13:28:24,963 |-INFO in ch.qos.logback.core.rolling.SizeAndTimeBasedFNATP@6b2fad11 - Setting initial period to Mon Jun 10 13:27:02 UTC 2019
13:28:24,963 |-WARN in ch.qos.logback.core.rolling.SizeAndTimeBasedFNATP@6b2fad11 - SizeAndTimeBasedFNATP is deprecated. Use SizeAndTimeBasedRollingPolicy instead
13:28:24,963 |-WARN in ch.qos.logback.core.rolling.SizeAndTimeBasedFNATP@6b2fad11 - For more information see http://logback.qos.ch/manual/appenders.html#SizeAndTimeBasedRollingPolicy
13:28:24,967 |-INFO in ch.qos.logback.core.joran.action.NestedComplexPropertyIA - Assuming default type [ch.qos.logback.classic.encoder.PatternLayoutEncoder] for [encoder] property
13:28:24,972 |-INFO in ch.qos.logback.core.rolling.RollingFileAppender[FILE] - Active log file name: /tmp/application.log
13:28:24,972 |-INFO in ch.qos.logback.core.rolling.RollingFileAppender[FILE] - File property is set to [/tmp/application.log]
13:28:24,973 |-INFO in ch.qos.logback.classic.joran.action.RootLoggerAction - Setting level of ROOT logger to WARN
13:28:24,975 |-INFO in ch.qos.logback.core.joran.action.AppenderRefAction - Attaching appender named [STDOUT] to Logger[ROOT]
13:28:24,977 |-INFO in ch.qos.logback.core.joran.action.AppenderRefAction - Attaching appender named [FILE] to Logger[ROOT]
13:28:24,977 |-INFO in ch.qos.logback.classic.joran.action.ConfigurationAction - End of configuration.
13:28:24,978 |-INFO in ch.qos.logback.classic.joran.JoranConfigurator@79698539 - Registering current configuration as safe fallback point

Ama winner
Ama winner
2019-06-10T13:28:26.267+0000: 1.771: [Full GC (Metadata GC Threshold) 2019-06-10T13:28:26.267+0000: 1.771: [Tenured: 0K->15207K(341376K), 0.0407761 secs] 114987K->15207K(494976K), [Metaspace: 20730K->20730K(1067008K)], 0.0408445 secs] [Times: user=0.03 sys=0.01, real=0.04 secs] 
13:28:48.412 [Curator-PathChildrenCache-1] WARN  o.a.c.u.ZKPaths  - The version of ZooKeeper being used doesn't support Container nodes. CreateMode.PERSISTENT will be used instead.
2019-06-10T13:28:50.606+0000: 26.111: [GC (Allocation Failure) 2019-06-10T13:28:50.606+0000: 26.111: [DefNew: 136576K->17023K(153600K), 0.0313504 secs] 151783K->52768K(494976K), 0.0314202 secs] [Times: user=0.02 sys=0.01, real=0.04 secs] 
2019-06-10T13:28:52.199+0000: 27.704: [Full GC (Metadata GC Threshold) 2019-06-10T13:28:52.199+0000: 27.704: [Tenured: 35744K->44562K(341376K), 0.0412320 secs] 82439K->44562K(494976K), [Metaspace: 34638K->34638K(1079296K)], 0.0413083 secs] [Times: user=0.04 sys=0.00, real=0.04 secs] 
2019-06-10T13:28:58.802+0000: 34.307: [GC (Allocation Failure) 2019-06-10T13:28:58.802+0000: 34.307: [DefNew: 136576K->69K(153600K), 0.0017777 secs] 181138K->44631K(494976K), 0.0018443 secs] [Times: user=0.00 sys=0.00, real=0.00 secs] 
2019-06-10T13:29:05.453+0000: 40.958: [GC (Allocation Failure) 2019-06-10T13:29:05.453+0000: 40.958: [DefNew: 136645K->67K(153600K), 0.0017573 secs] 181207K->44629K(494976K), 0.0018211 secs] [Times: user=0.00 sys=0.00, real=0.01 secs] 
2019-06-10T13:29:12.134+0000: 47.639: [GC (Allocation Failure) 2019-06-10T13:29:12.134+0000: 47.639: [DefNew: 136643K->69K(153600K), 0.0017432 secs] 181205K->44632K(494976K), 0.0018056 secs] [Times: user=0.00 sys=0.00, real=0.00 secs] 
2019-06-10T13:29:18.901+0000: 54.405: [GC (Allocation Failure) 2019-06-10T13:29:18.901+0000: 54.405: [DefNew: 136645K->74K(153600K), 0.0017766 secs] 181208K->44636K(494976K), 0.0018373 secs] [Times: user=0.00 sys=0.00, real=0.00 secs] 
2019-06-10T13:29:25.641+0000: 61.146: [GC (Allocation Failure) 2019-06-10T13:29:25.641+0000: 61.146: [DefNew: 136650K->259K(153600K), 0.0020699 secs] 181212K->44822K(494976K), 0.0021240 secs] [Times: user=0.01 sys=0.00, real=0.00 secs] 
13:29:43.044 [Curator-PathChildrenCache-0] ERROR o.a.c.f.r.c.PathChildrenCache  - 
java.lang.IllegalStateException: instance must be started before calling this method
	at org.apache.curator.shaded.com.google.common.base.Preconditions.checkState(Preconditions.java:444)
	at org.apache.curator.framework.imps.CuratorFrameworkImpl.getChildren(CuratorFrameworkImpl.java:456)
	at org.apache.curator.framework.recipes.cache.PathChildrenCache.refresh(PathChildrenCache.java:521)
	at org.apache.curator.framework.recipes.cache.RefreshOperation.invoke(RefreshOperation.java:35)
	at org.apache.curator.framework.recipes.cache.PathChildrenCache$9.run(PathChildrenCache.java:786)
	at java.util.concurrent.Executors$RunnableAdapter.call(Executors.java:511)
	at java.util.concurrent.FutureTask.run(FutureTask.java:266)
	at java.util.concurrent.Executors$RunnableAdapter.call(Executors.java:511)
	at java.util.concurrent.FutureTask.run(FutureTask.java:266)
	at java.util.concurrent.ThreadPoolExecutor.runWorker(ThreadPoolExecutor.java:1149)
	at java.util.concurrent.ThreadPoolExecutor$Worker.run(ThreadPoolExecutor.java:624)
	at java.lang.Thread.run(Thread.java:748)
Heap
 def new generation   total 153600K, used 101195K [0x00000000e0c00000, 0x00000000eb2a0000, 0x00000000eb2a0000)
  eden space 136576K,  73% used [0x00000000e0c00000, 0x00000000e6e92048, 0x00000000e9160000)
  from space 17024K,   1% used [0x00000000e9160000, 0x00000000e91a0f80, 0x00000000ea200000)
  to   space 17024K,   0% used [0x00000000ea200000, 0x00000000ea200000, 0x00000000eb2a0000)
 tenured generation   total 341376K, used 44562K [0x00000000eb2a0000, 0x0000000100000000, 0x0000000100000000)
   the space 341376K,  13% used [0x00000000eb2a0000, 0x00000000ede24980, 0x00000000ede24a00, 0x0000000100000000)
 Metaspace       used 36154K, capacity 37066K, committed 37376K, reserved 1081344K
  class space    used 4872K, capacity 5075K, committed 5120K, reserved 1048576K
