18:48:14,768 |-INFO in ch.qos.logback.classic.LoggerContext[default] - Could NOT find resource [logback-test.xml]
18:48:14,768 |-INFO in ch.qos.logback.classic.LoggerContext[default] - Could NOT find resource [logback.groovy]
18:48:14,768 |-INFO in ch.qos.logback.classic.LoggerContext[default] - Found resource [logback.xml] at [jar:file:/root/flamestream/lib/flamestream-runtime-1.0-SNAPSHOT.jar!/logback.xml]
18:48:14,769 |-WARN in ch.qos.logback.classic.LoggerContext[default] - Resource [logback.xml] occurs multiple times on the classpath.
18:48:14,769 |-WARN in ch.qos.logback.classic.LoggerContext[default] - Resource [logback.xml] occurs at [jar:file:/root/flamestream/lib/flamestream-runtime-1.0-SNAPSHOT.jar!/logback.xml]
18:48:14,769 |-WARN in ch.qos.logback.classic.LoggerContext[default] - Resource [logback.xml] occurs at [jar:file:/root/flamestream/flamestream-runtime-1.0-SNAPSHOT.jar!/logback.xml]
18:48:14,791 |-INFO in ch.qos.logback.core.joran.spi.ConfigurationWatchList@3fb6a447 - URL [jar:file:/root/flamestream/lib/flamestream-runtime-1.0-SNAPSHOT.jar!/logback.xml] is not of type file
18:48:14,856 |-INFO in ch.qos.logback.classic.joran.action.ConfigurationAction - debug attribute not set
18:48:14,862 |-INFO in ch.qos.logback.core.joran.action.AppenderAction - About to instantiate appender of type [ch.qos.logback.core.ConsoleAppender]
18:48:14,873 |-INFO in ch.qos.logback.core.joran.action.AppenderAction - Naming appender as [STDOUT]
18:48:14,892 |-INFO in ch.qos.logback.core.joran.action.NestedComplexPropertyIA - Assuming default type [ch.qos.logback.classic.encoder.PatternLayoutEncoder] for [encoder] property
18:48:14,981 |-INFO in ch.qos.logback.core.joran.action.AppenderAction - About to instantiate appender of type [ch.qos.logback.core.rolling.RollingFileAppender]
18:48:14,986 |-INFO in ch.qos.logback.core.joran.action.AppenderAction - Naming appender as [FILE]
18:48:15,016 |-INFO in c.q.l.core.rolling.TimeBasedRollingPolicy@127618319 - No compression will be used
18:48:15,017 |-INFO in c.q.l.core.rolling.TimeBasedRollingPolicy@127618319 - Will use the pattern /tmp/application_%d{yyyy-MM-dd}.%i.log for the active file
18:48:15,020 |-INFO in ch.qos.logback.core.rolling.SizeAndTimeBasedFNATP@6b2fad11 - The date pattern is 'yyyy-MM-dd' from file name pattern '/tmp/application_%d{yyyy-MM-dd}.%i.log'.
18:48:15,020 |-INFO in ch.qos.logback.core.rolling.SizeAndTimeBasedFNATP@6b2fad11 - Roll-over at midnight.
18:48:15,025 |-INFO in ch.qos.logback.core.rolling.SizeAndTimeBasedFNATP@6b2fad11 - Setting initial period to Mon Jun 10 18:46:37 UTC 2019
18:48:15,025 |-WARN in ch.qos.logback.core.rolling.SizeAndTimeBasedFNATP@6b2fad11 - SizeAndTimeBasedFNATP is deprecated. Use SizeAndTimeBasedRollingPolicy instead
18:48:15,025 |-WARN in ch.qos.logback.core.rolling.SizeAndTimeBasedFNATP@6b2fad11 - For more information see http://logback.qos.ch/manual/appenders.html#SizeAndTimeBasedRollingPolicy
18:48:15,030 |-INFO in ch.qos.logback.core.joran.action.NestedComplexPropertyIA - Assuming default type [ch.qos.logback.classic.encoder.PatternLayoutEncoder] for [encoder] property
18:48:15,034 |-INFO in ch.qos.logback.core.rolling.RollingFileAppender[FILE] - Active log file name: /tmp/application.log
18:48:15,034 |-INFO in ch.qos.logback.core.rolling.RollingFileAppender[FILE] - File property is set to [/tmp/application.log]
18:48:15,035 |-INFO in ch.qos.logback.classic.joran.action.RootLoggerAction - Setting level of ROOT logger to WARN
18:48:15,035 |-INFO in ch.qos.logback.core.joran.action.AppenderRefAction - Attaching appender named [STDOUT] to Logger[ROOT]
18:48:15,036 |-INFO in ch.qos.logback.core.joran.action.AppenderRefAction - Attaching appender named [FILE] to Logger[ROOT]
18:48:15,036 |-INFO in ch.qos.logback.classic.joran.action.ConfigurationAction - End of configuration.
18:48:15,036 |-INFO in ch.qos.logback.classic.joran.JoranConfigurator@79698539 - Registering current configuration as safe fallback point

Ama winner
Ama winner
2019-06-10T18:48:16.320+0000: 1.733: [Full GC (Metadata GC Threshold) 2019-06-10T18:48:16.320+0000: 1.733: [Tenured: 0K->15242K(341376K), 0.0354303 secs] 117814K->15242K(494976K), [Metaspace: 20730K->20730K(1067008K)], 0.0354946 secs] [Times: user=0.03 sys=0.00, real=0.04 secs] 
18:48:33.171 [Curator-PathChildrenCache-2] WARN  o.a.c.u.ZKPaths  - The version of ZooKeeper being used doesn't support Container nodes. CreateMode.PERSISTENT will be used instead.
2019-06-10T18:48:35.388+0000: 20.800: [GC (Allocation Failure) 2019-06-10T18:48:35.388+0000: 20.801: [DefNew: 136576K->17024K(153600K), 0.0288855 secs] 151818K->52920K(494976K), 0.0289517 secs] [Times: user=0.02 sys=0.00, real=0.03 secs] 
2019-06-10T18:48:35.922+0000: 21.335: [Full GC (Metadata GC Threshold) 2019-06-10T18:48:35.922+0000: 21.335: [Tenured: 35896K->44492K(341376K), 0.0371958 secs] 70256K->44492K(494976K), [Metaspace: 34611K->34611K(1079296K)], 0.0372716 secs] [Times: user=0.03 sys=0.00, real=0.04 secs] 
2019-06-10T18:48:38.761+0000: 24.174: [GC (Allocation Failure) 2019-06-10T18:48:38.761+0000: 24.174: [DefNew: 136576K->147K(153600K), 0.0020336 secs] 181068K->44639K(494976K), 0.0020923 secs] [Times: user=0.00 sys=0.00, real=0.00 secs] 
2019-06-10T18:48:41.207+0000: 26.619: [GC (Allocation Failure) 2019-06-10T18:48:41.207+0000: 26.619: [DefNew: 136723K->146K(153600K), 0.0018050 secs] 181215K->44638K(494976K), 0.0018651 secs] [Times: user=0.00 sys=0.00, real=0.00 secs] 
2019-06-10T18:48:43.764+0000: 29.177: [GC (Allocation Failure) 2019-06-10T18:48:43.764+0000: 29.177: [DefNew: 136722K->152K(153600K), 0.0018952 secs] 181214K->44644K(494976K), 0.0019502 secs] [Times: user=0.00 sys=0.00, real=0.01 secs] 
2019-06-10T18:48:46.248+0000: 31.660: [GC (Allocation Failure) 2019-06-10T18:48:46.248+0000: 31.660: [DefNew: 136728K->153K(153600K), 0.0018849 secs] 181220K->44645K(494976K), 0.0019441 secs] [Times: user=0.00 sys=0.00, real=0.00 secs] 
2019-06-10T18:48:48.750+0000: 34.163: [GC (Allocation Failure) 2019-06-10T18:48:48.750+0000: 34.163: [DefNew: 136729K->155K(153600K), 0.0019116 secs] 181221K->44647K(494976K), 0.0019685 secs] [Times: user=0.00 sys=0.00, real=0.00 secs] 
2019-06-10T18:48:51.189+0000: 36.601: [GC (Allocation Failure) 2019-06-10T18:48:51.189+0000: 36.602: [DefNew: 136731K->151K(153600K), 0.0019052 secs] 181223K->44643K(494976K), 0.0019651 secs] [Times: user=0.00 sys=0.00, real=0.00 secs] 
18:49:00.092 [Curator-PathChildrenCache-0] ERROR o.a.c.f.r.c.PathChildrenCache  - 
java.lang.IllegalStateException: instance must be started before calling this method
	at org.apache.curator.shaded.com.google.common.base.Preconditions.checkState(Preconditions.java:444)
	at org.apache.curator.framework.imps.CuratorFrameworkImpl.getChildren(CuratorFrameworkImpl.java:456)
	at org.apache.curator.framework.recipes.cache.PathChildrenCache.refresh(PathChildrenCache.java:521)
	at org.apache.curator.framework.recipes.cache.RefreshOperation.invoke(RefreshOperation.java:35)
	at org.apache.curator.framework.recipes.cache.PathChildrenCache$9.run(PathChildrenCache.java:786)
	at java.util.concurrent.Executors$RunnableAdapter.call(Executors.java:511)
	at java.util.concurrent.FutureTask.run(FutureTask.java:266)
	at java.util.concurrent.Executors$RunnableAdapter.call(Executors.java:511)
	at java.util.concurrent.FutureTask.run(FutureTask.java:266)
	at java.util.concurrent.ThreadPoolExecutor.runWorker(ThreadPoolExecutor.java:1149)
	at java.util.concurrent.ThreadPoolExecutor$Worker.run(ThreadPoolExecutor.java:624)
	at java.lang.Thread.run(Thread.java:748)
Heap
 def new generation   total 153600K, used 105781K [0x00000000e0c00000, 0x00000000eb2a0000, 0x00000000eb2a0000)
  eden space 136576K,  77% used [0x00000000e0c00000, 0x00000000e73278e0, 0x00000000e9160000)
  from space 17024K,   0% used [0x00000000ea200000, 0x00000000ea225de0, 0x00000000eb2a0000)
  to   space 17024K,   0% used [0x00000000e9160000, 0x00000000e9160000, 0x00000000ea200000)
 tenured generation   total 341376K, used 44492K [0x00000000eb2a0000, 0x0000000100000000, 0x0000000100000000)
   the space 341376K,  13% used [0x00000000eb2a0000, 0x00000000ede13038, 0x00000000ede13200, 0x0000000100000000)
 Metaspace       used 35867K, capacity 36798K, committed 37120K, reserved 1081344K
  class space    used 4858K, capacity 5059K, committed 5120K, reserved 1048576K
