15:55:42,345 |-INFO in ch.qos.logback.classic.LoggerContext[default] - Could NOT find resource [logback-test.xml]
15:55:42,345 |-INFO in ch.qos.logback.classic.LoggerContext[default] - Could NOT find resource [logback.groovy]
15:55:42,346 |-INFO in ch.qos.logback.classic.LoggerContext[default] - Found resource [logback.xml] at [jar:file:/root/flamestream/lib/flamestream-runtime-1.0-SNAPSHOT.jar!/logback.xml]
15:55:42,347 |-WARN in ch.qos.logback.classic.LoggerContext[default] - Resource [logback.xml] occurs multiple times on the classpath.
15:55:42,347 |-WARN in ch.qos.logback.classic.LoggerContext[default] - Resource [logback.xml] occurs at [jar:file:/root/flamestream/lib/flamestream-runtime-1.0-SNAPSHOT.jar!/logback.xml]
15:55:42,347 |-WARN in ch.qos.logback.classic.LoggerContext[default] - Resource [logback.xml] occurs at [jar:file:/root/flamestream/flamestream-runtime-1.0-SNAPSHOT.jar!/logback.xml]
15:55:42,368 |-INFO in ch.qos.logback.core.joran.spi.ConfigurationWatchList@3fb6a447 - URL [jar:file:/root/flamestream/lib/flamestream-runtime-1.0-SNAPSHOT.jar!/logback.xml] is not of type file
15:55:42,437 |-INFO in ch.qos.logback.classic.joran.action.ConfigurationAction - debug attribute not set
15:55:42,438 |-INFO in ch.qos.logback.core.joran.action.AppenderAction - About to instantiate appender of type [ch.qos.logback.core.ConsoleAppender]
15:55:42,456 |-INFO in ch.qos.logback.core.joran.action.AppenderAction - Naming appender as [STDOUT]
15:55:42,474 |-INFO in ch.qos.logback.core.joran.action.NestedComplexPropertyIA - Assuming default type [ch.qos.logback.classic.encoder.PatternLayoutEncoder] for [encoder] property
15:55:42,564 |-INFO in ch.qos.logback.core.joran.action.AppenderAction - About to instantiate appender of type [ch.qos.logback.core.rolling.RollingFileAppender]
15:55:42,569 |-INFO in ch.qos.logback.core.joran.action.AppenderAction - Naming appender as [FILE]
15:55:42,601 |-INFO in c.q.l.core.rolling.TimeBasedRollingPolicy@127618319 - No compression will be used
15:55:42,602 |-INFO in c.q.l.core.rolling.TimeBasedRollingPolicy@127618319 - Will use the pattern /tmp/application_%d{yyyy-MM-dd}.%i.log for the active file
15:55:42,605 |-INFO in ch.qos.logback.core.rolling.SizeAndTimeBasedFNATP@6b2fad11 - The date pattern is 'yyyy-MM-dd' from file name pattern '/tmp/application_%d{yyyy-MM-dd}.%i.log'.
15:55:42,605 |-INFO in ch.qos.logback.core.rolling.SizeAndTimeBasedFNATP@6b2fad11 - Roll-over at midnight.
15:55:42,611 |-INFO in ch.qos.logback.core.rolling.SizeAndTimeBasedFNATP@6b2fad11 - Setting initial period to Mon Jun 10 15:54:24 UTC 2019
15:55:42,611 |-WARN in ch.qos.logback.core.rolling.SizeAndTimeBasedFNATP@6b2fad11 - SizeAndTimeBasedFNATP is deprecated. Use SizeAndTimeBasedRollingPolicy instead
15:55:42,611 |-WARN in ch.qos.logback.core.rolling.SizeAndTimeBasedFNATP@6b2fad11 - For more information see http://logback.qos.ch/manual/appenders.html#SizeAndTimeBasedRollingPolicy
15:55:42,615 |-INFO in ch.qos.logback.core.joran.action.NestedComplexPropertyIA - Assuming default type [ch.qos.logback.classic.encoder.PatternLayoutEncoder] for [encoder] property
15:55:42,620 |-INFO in ch.qos.logback.core.rolling.RollingFileAppender[FILE] - Active log file name: /tmp/application.log
15:55:42,620 |-INFO in ch.qos.logback.core.rolling.RollingFileAppender[FILE] - File property is set to [/tmp/application.log]
15:55:42,621 |-INFO in ch.qos.logback.classic.joran.action.RootLoggerAction - Setting level of ROOT logger to WARN
15:55:42,621 |-INFO in ch.qos.logback.core.joran.action.AppenderRefAction - Attaching appender named [STDOUT] to Logger[ROOT]
15:55:42,623 |-INFO in ch.qos.logback.core.joran.action.AppenderRefAction - Attaching appender named [FILE] to Logger[ROOT]
15:55:42,623 |-INFO in ch.qos.logback.classic.joran.action.ConfigurationAction - End of configuration.
15:55:42,623 |-INFO in ch.qos.logback.classic.joran.JoranConfigurator@79698539 - Registering current configuration as safe fallback point

Ama winner
Ama winner
2019-06-10T15:55:43.953+0000: 1.796: [Full GC (Metadata GC Threshold) 2019-06-10T15:55:43.953+0000: 1.796: [Tenured: 0K->15240K(341376K), 0.0383580 secs] 114924K->15240K(494976K), [Metaspace: 20735K->20735K(1067008K)], 0.0384411 secs] [Times: user=0.03 sys=0.01, real=0.04 secs] 
15:56:05.123 [Curator-PathChildrenCache-1] WARN  o.a.c.u.ZKPaths  - The version of ZooKeeper being used doesn't support Container nodes. CreateMode.PERSISTENT will be used instead.
2019-06-10T15:56:07.652+0000: 25.495: [GC (Allocation Failure) 2019-06-10T15:56:07.652+0000: 25.495: [DefNew: 136576K->17023K(153600K), 0.0280386 secs] 151816K->52706K(494976K), 0.0281099 secs] [Times: user=0.01 sys=0.02, real=0.03 secs] 
2019-06-10T15:56:08.716+0000: 26.559: [Full GC (Metadata GC Threshold) 2019-06-10T15:56:08.716+0000: 26.559: [Tenured: 35682K->44538K(341376K), 0.0418794 secs] 82747K->44538K(494976K), [Metaspace: 34607K->34607K(1079296K)], 0.0419501 secs] [Times: user=0.04 sys=0.00, real=0.05 secs] 
2019-06-10T15:56:15.125+0000: 32.968: [GC (Allocation Failure) 2019-06-10T15:56:15.125+0000: 32.968: [DefNew: 136576K->119K(153600K), 0.0020009 secs] 181114K->44658K(494976K), 0.0020533 secs] [Times: user=0.00 sys=0.00, real=0.00 secs] 
2019-06-10T15:56:21.363+0000: 39.206: [GC (Allocation Failure) 2019-06-10T15:56:21.363+0000: 39.206: [DefNew: 136695K->162K(153600K), 0.0019053 secs] 181234K->44701K(494976K), 0.0019630 secs] [Times: user=0.00 sys=0.01, real=0.00 secs] 
2019-06-10T15:56:27.697+0000: 45.540: [GC (Allocation Failure) 2019-06-10T15:56:27.697+0000: 45.540: [DefNew: 136738K->199K(153600K), 0.0020143 secs] 181277K->44738K(494976K), 0.0020739 secs] [Times: user=0.00 sys=0.00, real=0.00 secs] 
2019-06-10T15:56:34.022+0000: 51.865: [GC (Allocation Failure) 2019-06-10T15:56:34.022+0000: 51.865: [DefNew: 136775K->195K(153600K), 0.0019606 secs] 181314K->44734K(494976K), 0.0020204 secs] [Times: user=0.00 sys=0.00, real=0.00 secs] 
2019-06-10T15:56:41.350+0000: 59.193: [GC (Allocation Failure) 2019-06-10T15:56:41.350+0000: 59.193: [DefNew: 136771K->191K(153600K), 0.0019369 secs] 181310K->44730K(494976K), 0.0019974 secs] [Times: user=0.00 sys=0.01, real=0.00 secs] 
15:56:52.453 [Curator-PathChildrenCache-0] ERROR o.a.c.f.r.c.PathChildrenCache  - 
java.lang.IllegalStateException: instance must be started before calling this method
	at org.apache.curator.shaded.com.google.common.base.Preconditions.checkState(Preconditions.java:444)
	at org.apache.curator.framework.imps.CuratorFrameworkImpl.getChildren(CuratorFrameworkImpl.java:456)
	at org.apache.curator.framework.recipes.cache.PathChildrenCache.refresh(PathChildrenCache.java:521)
	at org.apache.curator.framework.recipes.cache.RefreshOperation.invoke(RefreshOperation.java:35)
	at org.apache.curator.framework.recipes.cache.PathChildrenCache$9.run(PathChildrenCache.java:786)
	at java.util.concurrent.Executors$RunnableAdapter.call(Executors.java:511)
	at java.util.concurrent.FutureTask.run(FutureTask.java:266)
	at java.util.concurrent.Executors$RunnableAdapter.call(Executors.java:511)
	at java.util.concurrent.FutureTask.run(FutureTask.java:266)
	at java.util.concurrent.ThreadPoolExecutor.runWorker(ThreadPoolExecutor.java:1149)
	at java.util.concurrent.ThreadPoolExecutor$Worker.run(ThreadPoolExecutor.java:624)
	at java.lang.Thread.run(Thread.java:748)
Heap
 def new generation   total 153600K, used 67442K [0x00000000e0c00000, 0x00000000eb2a0000, 0x00000000eb2a0000)
  eden space 136576K,  49% used [0x00000000e0c00000, 0x00000000e4dacd70, 0x00000000e9160000)
  from space 17024K,   1% used [0x00000000e9160000, 0x00000000e918fd50, 0x00000000ea200000)
  to   space 17024K,   0% used [0x00000000ea200000, 0x00000000ea200000, 0x00000000eb2a0000)
 tenured generation   total 341376K, used 44538K [0x00000000eb2a0000, 0x0000000100000000, 0x0000000100000000)
   the space 341376K,  13% used [0x00000000eb2a0000, 0x00000000ede1ebf0, 0x00000000ede1ec00, 0x0000000100000000)
 Metaspace       used 36373K, capacity 37332K, committed 37632K, reserved 1081344K
  class space    used 4875K, capacity 5088K, committed 5120K, reserved 1048576K
