17:35:11,022 |-INFO in ch.qos.logback.classic.LoggerContext[default] - Could NOT find resource [logback-test.xml]
17:35:11,022 |-INFO in ch.qos.logback.classic.LoggerContext[default] - Could NOT find resource [logback.groovy]
17:35:11,023 |-INFO in ch.qos.logback.classic.LoggerContext[default] - Found resource [logback.xml] at [jar:file:/root/flamestream/lib/flamestream-runtime-1.0-SNAPSHOT.jar!/logback.xml]
17:35:11,023 |-WARN in ch.qos.logback.classic.LoggerContext[default] - Resource [logback.xml] occurs multiple times on the classpath.
17:35:11,023 |-WARN in ch.qos.logback.classic.LoggerContext[default] - Resource [logback.xml] occurs at [jar:file:/root/flamestream/lib/flamestream-runtime-1.0-SNAPSHOT.jar!/logback.xml]
17:35:11,023 |-WARN in ch.qos.logback.classic.LoggerContext[default] - Resource [logback.xml] occurs at [jar:file:/root/flamestream/flamestream-runtime-1.0-SNAPSHOT.jar!/logback.xml]
17:35:11,043 |-INFO in ch.qos.logback.core.joran.spi.ConfigurationWatchList@3fb6a447 - URL [jar:file:/root/flamestream/lib/flamestream-runtime-1.0-SNAPSHOT.jar!/logback.xml] is not of type file
17:35:11,114 |-INFO in ch.qos.logback.classic.joran.action.ConfigurationAction - debug attribute not set
17:35:11,114 |-INFO in ch.qos.logback.core.joran.action.AppenderAction - About to instantiate appender of type [ch.qos.logback.core.ConsoleAppender]
17:35:11,131 |-INFO in ch.qos.logback.core.joran.action.AppenderAction - Naming appender as [STDOUT]
17:35:11,149 |-INFO in ch.qos.logback.core.joran.action.NestedComplexPropertyIA - Assuming default type [ch.qos.logback.classic.encoder.PatternLayoutEncoder] for [encoder] property
17:35:11,231 |-INFO in ch.qos.logback.core.joran.action.AppenderAction - About to instantiate appender of type [ch.qos.logback.core.rolling.RollingFileAppender]
17:35:11,240 |-INFO in ch.qos.logback.core.joran.action.AppenderAction - Naming appender as [FILE]
17:35:11,269 |-INFO in c.q.l.core.rolling.TimeBasedRollingPolicy@127618319 - No compression will be used
17:35:11,271 |-INFO in c.q.l.core.rolling.TimeBasedRollingPolicy@127618319 - Will use the pattern /tmp/application_%d{yyyy-MM-dd}.%i.log for the active file
17:35:11,274 |-INFO in ch.qos.logback.core.rolling.SizeAndTimeBasedFNATP@6b2fad11 - The date pattern is 'yyyy-MM-dd' from file name pattern '/tmp/application_%d{yyyy-MM-dd}.%i.log'.
17:35:11,274 |-INFO in ch.qos.logback.core.rolling.SizeAndTimeBasedFNATP@6b2fad11 - Roll-over at midnight.
17:35:11,279 |-INFO in ch.qos.logback.core.rolling.SizeAndTimeBasedFNATP@6b2fad11 - Setting initial period to Mon Jun 10 17:33:41 UTC 2019
17:35:11,279 |-WARN in ch.qos.logback.core.rolling.SizeAndTimeBasedFNATP@6b2fad11 - SizeAndTimeBasedFNATP is deprecated. Use SizeAndTimeBasedRollingPolicy instead
17:35:11,279 |-WARN in ch.qos.logback.core.rolling.SizeAndTimeBasedFNATP@6b2fad11 - For more information see http://logback.qos.ch/manual/appenders.html#SizeAndTimeBasedRollingPolicy
17:35:11,284 |-INFO in ch.qos.logback.core.joran.action.NestedComplexPropertyIA - Assuming default type [ch.qos.logback.classic.encoder.PatternLayoutEncoder] for [encoder] property
17:35:11,289 |-INFO in ch.qos.logback.core.rolling.RollingFileAppender[FILE] - Active log file name: /tmp/application.log
17:35:11,289 |-INFO in ch.qos.logback.core.rolling.RollingFileAppender[FILE] - File property is set to [/tmp/application.log]
17:35:11,290 |-INFO in ch.qos.logback.classic.joran.action.RootLoggerAction - Setting level of ROOT logger to WARN
17:35:11,290 |-INFO in ch.qos.logback.core.joran.action.AppenderRefAction - Attaching appender named [STDOUT] to Logger[ROOT]
17:35:11,292 |-INFO in ch.qos.logback.core.joran.action.AppenderRefAction - Attaching appender named [FILE] to Logger[ROOT]
17:35:11,292 |-INFO in ch.qos.logback.classic.joran.action.ConfigurationAction - End of configuration.
17:35:11,293 |-INFO in ch.qos.logback.classic.joran.JoranConfigurator@79698539 - Registering current configuration as safe fallback point

Ama winner
Ama winner
2019-06-10T17:35:12.554+0000: 1.718: [Full GC (Metadata GC Threshold) 2019-06-10T17:35:12.554+0000: 1.718: [Tenured: 0K->15242K(341376K), 0.0342944 secs] 115021K->15242K(494976K), [Metaspace: 20733K->20733K(1067008K)], 0.0343585 secs] [Times: user=0.04 sys=0.00, real=0.04 secs] 
17:35:24.775 [Curator-PathChildrenCache-1] WARN  o.a.c.u.ZKPaths  - The version of ZooKeeper being used doesn't support Container nodes. CreateMode.PERSISTENT will be used instead.
2019-06-10T17:35:26.815+0000: 15.978: [GC (Allocation Failure) 2019-06-10T17:35:26.815+0000: 15.978: [DefNew: 136576K->17023K(153600K), 0.0276786 secs] 151818K->52566K(494976K), 0.0277455 secs] [Times: user=0.02 sys=0.00, real=0.03 secs] 
2019-06-10T17:35:31.523+0000: 20.686: [Full GC (Metadata GC Threshold) 2019-06-10T17:35:31.523+0000: 20.686: [Tenured: 35542K->44078K(341376K), 0.0505367 secs] 140169K->44078K(494976K), [Metaspace: 34576K->34576K(1079296K)], 0.0506223 secs] [Times: user=0.04 sys=0.01, real=0.05 secs] 
2019-06-10T17:35:38.924+0000: 28.087: [GC (Allocation Failure) 2019-06-10T17:35:38.924+0000: 28.087: [DefNew: 136576K->85K(153600K), 0.0017629 secs] 180654K->44163K(494976K), 0.0018202 secs] [Times: user=0.01 sys=0.00, real=0.00 secs] 
2019-06-10T17:35:46.202+0000: 35.365: [GC (Allocation Failure) 2019-06-10T17:35:46.202+0000: 35.365: [DefNew: 136661K->119K(153600K), 0.0016925 secs] 180739K->44197K(494976K), 0.0017552 secs] [Times: user=0.00 sys=0.00, real=0.00 secs] 
2019-06-10T17:35:53.558+0000: 42.721: [GC (Allocation Failure) 2019-06-10T17:35:53.558+0000: 42.721: [DefNew: 136695K->150K(153600K), 0.0017574 secs] 180773K->44228K(494976K), 0.0018201 secs] [Times: user=0.00 sys=0.00, real=0.00 secs] 
2019-06-10T17:36:00.956+0000: 50.120: [GC (Allocation Failure) 2019-06-10T17:36:00.956+0000: 50.120: [DefNew: 136726K->150K(153600K), 0.0017909 secs] 180804K->44228K(494976K), 0.0018513 secs] [Times: user=0.00 sys=0.00, real=0.00 secs] 
2019-06-10T17:36:10.416+0000: 59.579: [GC (Allocation Failure) 2019-06-10T17:36:10.416+0000: 59.579: [DefNew: 136726K->151K(153600K), 0.0017868 secs] 180804K->44229K(494976K), 0.0018438 secs] [Times: user=0.00 sys=0.00, real=0.00 secs] 
17:36:14.848 [Curator-PathChildrenCache-0] ERROR o.a.c.f.r.c.PathChildrenCache  - 
java.lang.IllegalStateException: instance must be started before calling this method
	at org.apache.curator.shaded.com.google.common.base.Preconditions.checkState(Preconditions.java:444)
	at org.apache.curator.framework.imps.CuratorFrameworkImpl.getChildren(CuratorFrameworkImpl.java:456)
	at org.apache.curator.framework.recipes.cache.PathChildrenCache.refresh(PathChildrenCache.java:521)
	at org.apache.curator.framework.recipes.cache.RefreshOperation.invoke(RefreshOperation.java:35)
	at org.apache.curator.framework.recipes.cache.PathChildrenCache$9.run(PathChildrenCache.java:786)
	at java.util.concurrent.Executors$RunnableAdapter.call(Executors.java:511)
	at java.util.concurrent.FutureTask.run(FutureTask.java:266)
	at java.util.concurrent.Executors$RunnableAdapter.call(Executors.java:511)
	at java.util.concurrent.FutureTask.run(FutureTask.java:266)
	at java.util.concurrent.ThreadPoolExecutor.runWorker(ThreadPoolExecutor.java:1149)
	at java.util.concurrent.ThreadPoolExecutor$Worker.run(ThreadPoolExecutor.java:624)
	at java.lang.Thread.run(Thread.java:748)
Heap
 def new generation   total 153600K, used 32984K [0x00000000e0c00000, 0x00000000eb2a0000, 0x00000000eb2a0000)
  eden space 136576K,  24% used [0x00000000e0c00000, 0x00000000e2c105a0, 0x00000000e9160000)
  from space 17024K,   0% used [0x00000000e9160000, 0x00000000e9185cb8, 0x00000000ea200000)
  to   space 17024K,   0% used [0x00000000ea200000, 0x00000000ea200000, 0x00000000eb2a0000)
 tenured generation   total 341376K, used 44078K [0x00000000eb2a0000, 0x0000000100000000, 0x0000000100000000)
   the space 341376K,  12% used [0x00000000eb2a0000, 0x00000000eddab8d8, 0x00000000eddaba00, 0x0000000100000000)
 Metaspace       used 36011K, capacity 36922K, committed 37120K, reserved 1081344K
  class space    used 4858K, capacity 5073K, committed 5120K, reserved 1048576K
