15:15:37,096 |-INFO in ch.qos.logback.classic.LoggerContext[default] - Could NOT find resource [logback-test.xml]
15:15:37,096 |-INFO in ch.qos.logback.classic.LoggerContext[default] - Could NOT find resource [logback.groovy]
15:15:37,097 |-INFO in ch.qos.logback.classic.LoggerContext[default] - Found resource [logback.xml] at [jar:file:/root/flamestream/lib/flamestream-runtime-1.0-SNAPSHOT.jar!/logback.xml]
15:15:37,097 |-WARN in ch.qos.logback.classic.LoggerContext[default] - Resource [logback.xml] occurs multiple times on the classpath.
15:15:37,098 |-WARN in ch.qos.logback.classic.LoggerContext[default] - Resource [logback.xml] occurs at [jar:file:/root/flamestream/lib/flamestream-runtime-1.0-SNAPSHOT.jar!/logback.xml]
15:15:37,098 |-WARN in ch.qos.logback.classic.LoggerContext[default] - Resource [logback.xml] occurs at [jar:file:/root/flamestream/flamestream-runtime-1.0-SNAPSHOT.jar!/logback.xml]
15:15:37,117 |-INFO in ch.qos.logback.core.joran.spi.ConfigurationWatchList@3fb6a447 - URL [jar:file:/root/flamestream/lib/flamestream-runtime-1.0-SNAPSHOT.jar!/logback.xml] is not of type file
15:15:37,187 |-INFO in ch.qos.logback.classic.joran.action.ConfigurationAction - debug attribute not set
15:15:37,187 |-INFO in ch.qos.logback.core.joran.action.AppenderAction - About to instantiate appender of type [ch.qos.logback.core.ConsoleAppender]
15:15:37,203 |-INFO in ch.qos.logback.core.joran.action.AppenderAction - Naming appender as [STDOUT]
15:15:37,222 |-INFO in ch.qos.logback.core.joran.action.NestedComplexPropertyIA - Assuming default type [ch.qos.logback.classic.encoder.PatternLayoutEncoder] for [encoder] property
15:15:37,311 |-INFO in ch.qos.logback.core.joran.action.AppenderAction - About to instantiate appender of type [ch.qos.logback.core.rolling.RollingFileAppender]
15:15:37,316 |-INFO in ch.qos.logback.core.joran.action.AppenderAction - Naming appender as [FILE]
15:15:37,348 |-INFO in c.q.l.core.rolling.TimeBasedRollingPolicy@127618319 - No compression will be used
15:15:37,349 |-INFO in c.q.l.core.rolling.TimeBasedRollingPolicy@127618319 - Will use the pattern /tmp/application_%d{yyyy-MM-dd}.%i.log for the active file
15:15:37,352 |-INFO in ch.qos.logback.core.rolling.SizeAndTimeBasedFNATP@6b2fad11 - The date pattern is 'yyyy-MM-dd' from file name pattern '/tmp/application_%d{yyyy-MM-dd}.%i.log'.
15:15:37,352 |-INFO in ch.qos.logback.core.rolling.SizeAndTimeBasedFNATP@6b2fad11 - Roll-over at midnight.
15:15:37,357 |-INFO in ch.qos.logback.core.rolling.SizeAndTimeBasedFNATP@6b2fad11 - Setting initial period to Mon Jun 10 15:14:17 UTC 2019
15:15:37,357 |-WARN in ch.qos.logback.core.rolling.SizeAndTimeBasedFNATP@6b2fad11 - SizeAndTimeBasedFNATP is deprecated. Use SizeAndTimeBasedRollingPolicy instead
15:15:37,357 |-WARN in ch.qos.logback.core.rolling.SizeAndTimeBasedFNATP@6b2fad11 - For more information see http://logback.qos.ch/manual/appenders.html#SizeAndTimeBasedRollingPolicy
15:15:37,361 |-INFO in ch.qos.logback.core.joran.action.NestedComplexPropertyIA - Assuming default type [ch.qos.logback.classic.encoder.PatternLayoutEncoder] for [encoder] property
15:15:37,366 |-INFO in ch.qos.logback.core.rolling.RollingFileAppender[FILE] - Active log file name: /tmp/application.log
15:15:37,366 |-INFO in ch.qos.logback.core.rolling.RollingFileAppender[FILE] - File property is set to [/tmp/application.log]
15:15:37,367 |-INFO in ch.qos.logback.classic.joran.action.RootLoggerAction - Setting level of ROOT logger to WARN
15:15:37,367 |-INFO in ch.qos.logback.core.joran.action.AppenderRefAction - Attaching appender named [STDOUT] to Logger[ROOT]
15:15:37,369 |-INFO in ch.qos.logback.core.joran.action.AppenderRefAction - Attaching appender named [FILE] to Logger[ROOT]
15:15:37,369 |-INFO in ch.qos.logback.classic.joran.action.ConfigurationAction - End of configuration.
15:15:37,369 |-INFO in ch.qos.logback.classic.joran.JoranConfigurator@79698539 - Registering current configuration as safe fallback point

Ama winner
Ama winner
2019-06-10T15:15:38.623+0000: 1.712: [Full GC (Metadata GC Threshold) 2019-06-10T15:15:38.623+0000: 1.712: [Tenured: 0K->15176K(341376K), 0.0397263 secs] 114924K->15176K(494976K), [Metaspace: 20733K->20733K(1067008K)], 0.0397911 secs] [Times: user=0.04 sys=0.01, real=0.04 secs] 
15:15:51.402 [Curator-PathChildrenCache-1] WARN  o.a.c.u.ZKPaths  - The version of ZooKeeper being used doesn't support Container nodes. CreateMode.PERSISTENT will be used instead.
2019-06-10T15:15:53.769+0000: 16.858: [GC (Allocation Failure) 2019-06-10T15:15:53.769+0000: 16.858: [DefNew: 136576K->17024K(153600K), 0.0254124 secs] 151752K->52467K(494976K), 0.0254841 secs] [Times: user=0.01 sys=0.01, real=0.02 secs] 
2019-06-10T15:16:00.876+0000: 23.964: [GC (Allocation Failure) 2019-06-10T15:16:00.876+0000: 23.964: [DefNew: 153600K->492K(153600K), 0.0100724 secs] 189043K->44054K(494976K), 0.0101336 secs] [Times: user=0.01 sys=0.00, real=0.01 secs] 
2019-06-10T15:16:02.809+0000: 25.898: [Full GC (Metadata GC Threshold) 2019-06-10T15:16:02.809+0000: 25.898: [Tenured: 43562K->44035K(341376K), 0.0395766 secs] 84416K->44035K(494976K), [Metaspace: 34639K->34639K(1079296K)], 0.0396535 secs] [Times: user=0.04 sys=0.00, real=0.04 secs] 
2019-06-10T15:16:09.660+0000: 32.750: [GC (Allocation Failure) 2019-06-10T15:16:09.662+0000: 32.750: [DefNew: 136576K->52K(153600K), 0.0017970 secs] 180611K->44088K(494976K), 0.0029924 secs] [Times: user=0.01 sys=0.00, real=0.00 secs] 
2019-06-10T15:16:16.537+0000: 39.626: [GC (Allocation Failure) 2019-06-10T15:16:16.537+0000: 39.626: [DefNew: 136628K->51K(153600K), 0.0016593 secs] 180664K->44087K(494976K), 0.0017292 secs] [Times: user=0.00 sys=0.00, real=0.00 secs] 
2019-06-10T15:16:23.424+0000: 46.513: [GC (Allocation Failure) 2019-06-10T15:16:23.424+0000: 46.513: [DefNew: 136627K->51K(153600K), 0.0017110 secs] 180663K->44087K(494976K), 0.0017801 secs] [Times: user=0.00 sys=0.00, real=0.00 secs] 
2019-06-10T15:16:30.291+0000: 53.380: [GC (Allocation Failure) 2019-06-10T15:16:30.291+0000: 53.380: [DefNew: 136627K->50K(153600K), 0.0016868 secs] 180663K->44086K(494976K), 0.0017570 secs] [Times: user=0.01 sys=0.00, real=0.00 secs] 
15:16:39.836 [Curator-PathChildrenCache-0] ERROR o.a.c.f.r.c.PathChildrenCache  - 
java.lang.IllegalStateException: instance must be started before calling this method
	at org.apache.curator.shaded.com.google.common.base.Preconditions.checkState(Preconditions.java:444)
	at org.apache.curator.framework.imps.CuratorFrameworkImpl.getChildren(CuratorFrameworkImpl.java:456)
	at org.apache.curator.framework.recipes.cache.PathChildrenCache.refresh(PathChildrenCache.java:521)
	at org.apache.curator.framework.recipes.cache.RefreshOperation.invoke(RefreshOperation.java:35)
	at org.apache.curator.framework.recipes.cache.PathChildrenCache$9.run(PathChildrenCache.java:786)
	at java.util.concurrent.Executors$RunnableAdapter.call(Executors.java:511)
	at java.util.concurrent.FutureTask.run(FutureTask.java:266)
	at java.util.concurrent.Executors$RunnableAdapter.call(Executors.java:511)
	at java.util.concurrent.FutureTask.run(FutureTask.java:266)
	at java.util.concurrent.ThreadPoolExecutor.runWorker(ThreadPoolExecutor.java:1149)
	at java.util.concurrent.ThreadPoolExecutor$Worker.run(ThreadPoolExecutor.java:624)
	at java.lang.Thread.run(Thread.java:748)
Heap
 def new generation   total 153600K, used 64122K [0x00000000e0c00000, 0x00000000eb2a0000, 0x00000000eb2a0000)
  eden space 136576K,  46% used [0x00000000e0c00000, 0x00000000e4a91fb8, 0x00000000e9160000)
  from space 17024K,   0% used [0x00000000e9160000, 0x00000000e916ca88, 0x00000000ea200000)
  to   space 17024K,   0% used [0x00000000ea200000, 0x00000000ea200000, 0x00000000eb2a0000)
 tenured generation   total 341376K, used 44035K [0x00000000eb2a0000, 0x0000000100000000, 0x0000000100000000)
   the space 341376K,  12% used [0x00000000eb2a0000, 0x00000000edda0f98, 0x00000000edda1000, 0x0000000100000000)
 Metaspace       used 36048K, capacity 36990K, committed 37120K, reserved 1081344K
  class space    used 4857K, capacity 5073K, committed 5120K, reserved 1048576K
