19:18:12,774 |-INFO in ch.qos.logback.classic.LoggerContext[default] - Could NOT find resource [logback-test.xml]
19:18:12,774 |-INFO in ch.qos.logback.classic.LoggerContext[default] - Could NOT find resource [logback.groovy]
19:18:12,774 |-INFO in ch.qos.logback.classic.LoggerContext[default] - Found resource [logback.xml] at [jar:file:/root/flamestream/lib/flamestream-runtime-1.0-SNAPSHOT.jar!/logback.xml]
19:18:12,775 |-WARN in ch.qos.logback.classic.LoggerContext[default] - Resource [logback.xml] occurs multiple times on the classpath.
19:18:12,775 |-WARN in ch.qos.logback.classic.LoggerContext[default] - Resource [logback.xml] occurs at [jar:file:/root/flamestream/lib/flamestream-runtime-1.0-SNAPSHOT.jar!/logback.xml]
19:18:12,775 |-WARN in ch.qos.logback.classic.LoggerContext[default] - Resource [logback.xml] occurs at [jar:file:/root/flamestream/flamestream-runtime-1.0-SNAPSHOT.jar!/logback.xml]
19:18:12,798 |-INFO in ch.qos.logback.core.joran.spi.ConfigurationWatchList@3fb6a447 - URL [jar:file:/root/flamestream/lib/flamestream-runtime-1.0-SNAPSHOT.jar!/logback.xml] is not of type file
19:18:12,867 |-INFO in ch.qos.logback.classic.joran.action.ConfigurationAction - debug attribute not set
19:18:12,868 |-INFO in ch.qos.logback.core.joran.action.AppenderAction - About to instantiate appender of type [ch.qos.logback.core.ConsoleAppender]
19:18:12,886 |-INFO in ch.qos.logback.core.joran.action.AppenderAction - Naming appender as [STDOUT]
19:18:12,904 |-INFO in ch.qos.logback.core.joran.action.NestedComplexPropertyIA - Assuming default type [ch.qos.logback.classic.encoder.PatternLayoutEncoder] for [encoder] property
19:18:12,988 |-INFO in ch.qos.logback.core.joran.action.AppenderAction - About to instantiate appender of type [ch.qos.logback.core.rolling.RollingFileAppender]
19:18:12,993 |-INFO in ch.qos.logback.core.joran.action.AppenderAction - Naming appender as [FILE]
19:18:13,022 |-INFO in c.q.l.core.rolling.TimeBasedRollingPolicy@127618319 - No compression will be used
19:18:13,024 |-INFO in c.q.l.core.rolling.TimeBasedRollingPolicy@127618319 - Will use the pattern /tmp/application_%d{yyyy-MM-dd}.%i.log for the active file
19:18:13,027 |-INFO in ch.qos.logback.core.rolling.SizeAndTimeBasedFNATP@6b2fad11 - The date pattern is 'yyyy-MM-dd' from file name pattern '/tmp/application_%d{yyyy-MM-dd}.%i.log'.
19:18:13,027 |-INFO in ch.qos.logback.core.rolling.SizeAndTimeBasedFNATP@6b2fad11 - Roll-over at midnight.
19:18:13,032 |-INFO in ch.qos.logback.core.rolling.SizeAndTimeBasedFNATP@6b2fad11 - Setting initial period to Mon Jun 10 19:16:39 UTC 2019
19:18:13,032 |-WARN in ch.qos.logback.core.rolling.SizeAndTimeBasedFNATP@6b2fad11 - SizeAndTimeBasedFNATP is deprecated. Use SizeAndTimeBasedRollingPolicy instead
19:18:13,032 |-WARN in ch.qos.logback.core.rolling.SizeAndTimeBasedFNATP@6b2fad11 - For more information see http://logback.qos.ch/manual/appenders.html#SizeAndTimeBasedRollingPolicy
19:18:13,036 |-INFO in ch.qos.logback.core.joran.action.NestedComplexPropertyIA - Assuming default type [ch.qos.logback.classic.encoder.PatternLayoutEncoder] for [encoder] property
19:18:13,041 |-INFO in ch.qos.logback.core.rolling.RollingFileAppender[FILE] - Active log file name: /tmp/application.log
19:18:13,041 |-INFO in ch.qos.logback.core.rolling.RollingFileAppender[FILE] - File property is set to [/tmp/application.log]
19:18:13,042 |-INFO in ch.qos.logback.classic.joran.action.RootLoggerAction - Setting level of ROOT logger to WARN
19:18:13,042 |-INFO in ch.qos.logback.core.joran.action.AppenderRefAction - Attaching appender named [STDOUT] to Logger[ROOT]
19:18:13,044 |-INFO in ch.qos.logback.core.joran.action.AppenderRefAction - Attaching appender named [FILE] to Logger[ROOT]
19:18:13,044 |-INFO in ch.qos.logback.classic.joran.action.ConfigurationAction - End of configuration.
19:18:13,044 |-INFO in ch.qos.logback.classic.joran.JoranConfigurator@79698539 - Registering current configuration as safe fallback point

Ama winner
Ama winner
2019-06-10T19:18:14.329+0000: 1.734: [Full GC (Metadata GC Threshold) 2019-06-10T19:18:14.329+0000: 1.734: [Tenured: 0K->15176K(341376K), 0.0391083 secs] 114923K->15176K(494976K), [Metaspace: 20729K->20729K(1067008K)], 0.0391736 secs] [Times: user=0.04 sys=0.01, real=0.04 secs] 
19:18:37.070 [Curator-PathChildrenCache-1] WARN  o.a.c.u.ZKPaths  - The version of ZooKeeper being used doesn't support Container nodes. CreateMode.PERSISTENT will be used instead.
2019-06-10T19:18:39.401+0000: 26.806: [GC (Allocation Failure) 2019-06-10T19:18:39.401+0000: 26.806: [DefNew: 136576K->17023K(153600K), 0.0271647 secs] 151752K->52765K(494976K), 0.0272305 secs] [Times: user=0.02 sys=0.00, real=0.02 secs] 
2019-06-10T19:18:44.815+0000: 32.220: [Full GC (Metadata GC Threshold) 2019-06-10T19:18:44.815+0000: 32.220: [Tenured: 35741K->44271K(341376K), 0.0551140 secs] 142066K->44271K(494976K), [Metaspace: 34655K->34655K(1079296K)], 0.0552081 secs] [Times: user=0.06 sys=0.01, real=0.05 secs] 
2019-06-10T19:18:53.749+0000: 41.154: [GC (Allocation Failure) 2019-06-10T19:18:53.749+0000: 41.154: [DefNew: 136576K->49K(153600K), 0.0017817 secs] 180847K->44320K(494976K), 0.0018547 secs] [Times: user=0.01 sys=0.00, real=0.01 secs] 
2019-06-10T19:19:02.652+0000: 50.057: [GC (Allocation Failure) 2019-06-10T19:19:02.652+0000: 50.057: [DefNew: 136625K->51K(153600K), 0.0016461 secs] 180896K->44322K(494976K), 0.0017042 secs] [Times: user=0.00 sys=0.00, real=0.00 secs] 
2019-06-10T19:19:11.762+0000: 59.167: [GC (Allocation Failure) 2019-06-10T19:19:11.762+0000: 59.167: [DefNew: 136627K->52K(153600K), 0.0017016 secs] 180898K->44323K(494976K), 0.0017630 secs] [Times: user=0.00 sys=0.00, real=0.00 secs] 
2019-06-10T19:19:21.629+0000: 69.034: [GC (Allocation Failure) 2019-06-10T19:19:21.629+0000: 69.034: [DefNew: 136628K->381K(153600K), 0.0022649 secs] 180899K->44652K(494976K), 0.0023364 secs] [Times: user=0.00 sys=0.00, real=0.01 secs] 
2019-06-10T19:19:32.272+0000: 79.677: [GC (Allocation Failure) 2019-06-10T19:19:32.272+0000: 79.677: [DefNew: 136957K->136K(153600K), 0.0019406 secs] 181228K->44407K(494976K), 0.0019994 secs] [Times: user=0.00 sys=0.00, real=0.00 secs] 
2019-06-10T19:19:50.186+0000: 97.591: [GC (Allocation Failure) 2019-06-10T19:19:50.186+0000: 97.591: [DefNew: 136712K->401K(153600K), 0.0032924 secs] 180983K->44672K(494976K), 0.0033501 secs] [Times: user=0.01 sys=0.00, real=0.00 secs] 
19:19:50.248 [Curator-PathChildrenCache-0] ERROR o.a.c.f.r.c.PathChildrenCache  - 
java.lang.IllegalStateException: instance must be started before calling this method
	at org.apache.curator.shaded.com.google.common.base.Preconditions.checkState(Preconditions.java:444)
	at org.apache.curator.framework.imps.CuratorFrameworkImpl.getChildren(CuratorFrameworkImpl.java:456)
	at org.apache.curator.framework.recipes.cache.PathChildrenCache.refresh(PathChildrenCache.java:521)
	at org.apache.curator.framework.recipes.cache.RefreshOperation.invoke(RefreshOperation.java:35)
	at org.apache.curator.framework.recipes.cache.PathChildrenCache$9.run(PathChildrenCache.java:786)
	at java.util.concurrent.Executors$RunnableAdapter.call(Executors.java:511)
	at java.util.concurrent.FutureTask.run(FutureTask.java:266)
	at java.util.concurrent.Executors$RunnableAdapter.call(Executors.java:511)
	at java.util.concurrent.FutureTask.run(FutureTask.java:266)
	at java.util.concurrent.ThreadPoolExecutor.runWorker(ThreadPoolExecutor.java:1149)
	at java.util.concurrent.ThreadPoolExecutor$Worker.run(ThreadPoolExecutor.java:624)
	at java.lang.Thread.run(Thread.java:748)
Heap
 def new generation   total 153600K, used 21020K [0x00000000e0c00000, 0x00000000eb2a0000, 0x00000000eb2a0000)
  eden space 136576K,  15% used [0x00000000e0c00000, 0x00000000e2022e60, 0x00000000e9160000)
  from space 17024K,   2% used [0x00000000ea200000, 0x00000000ea2644d8, 0x00000000eb2a0000)
  to   space 17024K,   0% used [0x00000000e9160000, 0x00000000e9160000, 0x00000000ea200000)
 tenured generation   total 341376K, used 44271K [0x00000000eb2a0000, 0x0000000100000000, 0x0000000100000000)
   the space 341376K,  12% used [0x00000000eb2a0000, 0x00000000edddbc58, 0x00000000edddbe00, 0x0000000100000000)
 Metaspace       used 36172K, capacity 37056K, committed 37376K, reserved 1081344K
  class space    used 4872K, capacity 5074K, committed 5120K, reserved 1048576K
