23:51:01,536 |-INFO in ch.qos.logback.classic.LoggerContext[default] - Could NOT find resource [logback-test.xml]
23:51:01,536 |-INFO in ch.qos.logback.classic.LoggerContext[default] - Could NOT find resource [logback.groovy]
23:51:01,536 |-INFO in ch.qos.logback.classic.LoggerContext[default] - Found resource [logback.xml] at [jar:file:/home/nikitasokolov/flamestream/lib/flamestream-runtime-1.0-SNAPSHOT.jar!/logback.xml]
23:51:01,537 |-WARN in ch.qos.logback.classic.LoggerContext[default] - Resource [logback.xml] occurs multiple times on the classpath.
23:51:01,537 |-WARN in ch.qos.logback.classic.LoggerContext[default] - Resource [logback.xml] occurs at [jar:file:/home/nikitasokolov/flamestream/lib/flamestream-runtime-1.0-SNAPSHOT.jar!/logback.xml]
23:51:01,537 |-WARN in ch.qos.logback.classic.LoggerContext[default] - Resource [logback.xml] occurs at [jar:file:/home/nikitasokolov/flamestream/flamestream-runtime-1.0-SNAPSHOT.jar!/logback.xml]
23:51:01,554 |-INFO in ch.qos.logback.core.joran.spi.ConfigurationWatchList@6108b2d7 - URL [jar:file:/home/nikitasokolov/flamestream/lib/flamestream-runtime-1.0-SNAPSHOT.jar!/logback.xml] is not of type file
23:51:01,608 |-INFO in ch.qos.logback.classic.joran.action.ConfigurationAction - debug attribute not set
23:51:01,609 |-INFO in ch.qos.logback.core.joran.action.AppenderAction - About to instantiate appender of type [ch.qos.logback.core.ConsoleAppender]
23:51:01,620 |-INFO in ch.qos.logback.core.joran.action.AppenderAction - Naming appender as [STDOUT]
23:51:01,630 |-INFO in ch.qos.logback.core.joran.action.NestedComplexPropertyIA - Assuming default type [ch.qos.logback.classic.encoder.PatternLayoutEncoder] for [encoder] property
23:51:01,689 |-INFO in ch.qos.logback.core.joran.action.AppenderAction - About to instantiate appender of type [ch.qos.logback.core.rolling.RollingFileAppender]
23:51:01,694 |-INFO in ch.qos.logback.core.joran.action.AppenderAction - Naming appender as [FILE]
23:51:01,715 |-INFO in c.q.l.core.rolling.TimeBasedRollingPolicy@357863579 - No compression will be used
23:51:01,717 |-INFO in c.q.l.core.rolling.TimeBasedRollingPolicy@357863579 - Will use the pattern /tmp/application_%d{yyyy-MM-dd}.%i.log for the active file
23:51:01,720 |-INFO in ch.qos.logback.core.rolling.SizeAndTimeBasedFNATP@6bf256fa - The date pattern is 'yyyy-MM-dd' from file name pattern '/tmp/application_%d{yyyy-MM-dd}.%i.log'.
23:51:01,720 |-INFO in ch.qos.logback.core.rolling.SizeAndTimeBasedFNATP@6bf256fa - Roll-over at midnight.
23:51:01,724 |-INFO in ch.qos.logback.core.rolling.SizeAndTimeBasedFNATP@6bf256fa - Setting initial period to Sat Jun 08 23:50:14 MSK 2019
23:51:01,724 |-WARN in ch.qos.logback.core.rolling.SizeAndTimeBasedFNATP@6bf256fa - SizeAndTimeBasedFNATP is deprecated. Use SizeAndTimeBasedRollingPolicy instead
23:51:01,724 |-WARN in ch.qos.logback.core.rolling.SizeAndTimeBasedFNATP@6bf256fa - For more information see http://logback.qos.ch/manual/appenders.html#SizeAndTimeBasedRollingPolicy
23:51:01,729 |-INFO in ch.qos.logback.core.joran.action.NestedComplexPropertyIA - Assuming default type [ch.qos.logback.classic.encoder.PatternLayoutEncoder] for [encoder] property
23:51:01,732 |-INFO in ch.qos.logback.core.rolling.RollingFileAppender[FILE] - Active log file name: /tmp/application.log
23:51:01,732 |-INFO in ch.qos.logback.core.rolling.RollingFileAppender[FILE] - File property is set to [/tmp/application.log]
23:51:01,733 |-INFO in ch.qos.logback.classic.joran.action.RootLoggerAction - Setting level of ROOT logger to WARN
23:51:01,734 |-INFO in ch.qos.logback.core.joran.action.AppenderRefAction - Attaching appender named [STDOUT] to Logger[ROOT]
23:51:01,734 |-INFO in ch.qos.logback.core.joran.action.AppenderRefAction - Attaching appender named [FILE] to Logger[ROOT]
23:51:01,734 |-INFO in ch.qos.logback.classic.joran.action.ConfigurationAction - End of configuration.
23:51:01,735 |-INFO in ch.qos.logback.classic.joran.JoranConfigurator@6cd8737 - Registering current configuration as safe fallback point

2019-06-08T23:51:02.713+0300: 1.376: [GC (Metadata GC Threshold) [PSYoungGen: 110722K->15931K(149504K)] 110722K->16011K(491008K), 0.0191855 secs] [Times: user=0.07 sys=0.01, real=0.02 secs] 
2019-06-08T23:51:02.732+0300: 1.395: [Full GC (Metadata GC Threshold) [PSYoungGen: 15931K->0K(149504K)] [ParOldGen: 80K->15078K(341504K)] 16011K->15078K(491008K), [Metaspace: 20802K->20802K(1067008K)], 0.0299865 secs] [Times: user=0.20 sys=0.02, real=0.03 secs] 
23:51:14.435 [Curator-PathChildrenCache-1] WARN  o.a.c.u.ZKPaths  - The version of ZooKeeper being used doesn't support Container nodes. CreateMode.PERSISTENT will be used instead.
2019-06-08T23:51:15.762+0300: 14.425: [GC (Allocation Failure) [PSYoungGen: 128512K->15824K(149504K)] 143590K->50441K(491008K), 0.0275818 secs] [Times: user=0.22 sys=0.02, real=0.02 secs] 
2019-06-08T23:51:15.801+0300: 14.464: [GC (Metadata GC Threshold) [PSYoungGen: 24822K->5524K(149504K)] 59440K->40150K(491008K), 0.0040246 secs] [Times: user=0.03 sys=0.00, real=0.00 secs] 
2019-06-08T23:51:15.805+0300: 14.468: [Full GC (Metadata GC Threshold) [PSYoungGen: 5524K->0K(149504K)] [ParOldGen: 34625K->29285K(341504K)] 40150K->29285K(491008K), [Metaspace: 34534K->34534K(1079296K)], 0.0441484 secs] [Times: user=0.19 sys=0.03, real=0.04 secs] 
2019-06-08T23:51:18.689+0300: 17.352: [GC (Allocation Failure) [PSYoungGen: 128512K->480K(149504K)] 157797K->29773K(491008K), 0.0037549 secs] [Times: user=0.02 sys=0.01, real=0.01 secs] 
2019-06-08T23:51:21.946+0300: 20.609: [GC (Allocation Failure) [PSYoungGen: 128992K->384K(129024K)] 158285K->29685K(470528K), 0.0043018 secs] [Times: user=0.02 sys=0.01, real=0.01 secs] 
2019-06-08T23:51:25.156+0300: 23.819: [GC (Allocation Failure) [PSYoungGen: 128896K->480K(148992K)] 158197K->29789K(490496K), 0.0031314 secs] [Times: user=0.01 sys=0.01, real=0.01 secs] 
2019-06-08T23:51:28.380+0300: 27.044: [GC (Allocation Failure) [PSYoungGen: 127456K->480K(148480K)] 156765K->29797K(489984K), 0.0032562 secs] [Times: user=0.01 sys=0.00, real=0.00 secs] 
2019-06-08T23:51:31.617+0300: 30.280: [GC (Allocation Failure) [PSYoungGen: 127456K->416K(150528K)] 156773K->30053K(492032K), 0.0083715 secs] [Times: user=0.08 sys=0.01, real=0.01 secs] 
2019-06-08T23:51:34.911+0300: 33.575: [GC (Allocation Failure) [PSYoungGen: 130464K->224K(150016K)] 160101K->29925K(491520K), 0.0035031 secs] [Times: user=0.01 sys=0.00, real=0.00 secs] 
2019-06-08T23:51:38.231+0300: 36.894: [GC (Allocation Failure) [PSYoungGen: 130272K->256K(152064K)] 159973K->30005K(493568K), 0.0025021 secs] [Times: user=0.02 sys=0.01, real=0.00 secs] 
2019-06-08T23:51:41.711+0300: 40.374: [GC (Allocation Failure) [PSYoungGen: 133376K->256K(151552K)] 163125K->30045K(493056K), 0.0047863 secs] [Times: user=0.03 sys=0.00, real=0.00 secs] 
2019-06-08T23:51:45.052+0300: 43.716: [GC (Allocation Failure) [PSYoungGen: 133376K->192K(153600K)] 163165K->29981K(495104K), 0.0028966 secs] [Times: user=0.02 sys=0.00, real=0.00 secs] 
2019-06-08T23:51:48.508+0300: 47.171: [GC (Allocation Failure) [PSYoungGen: 135872K->256K(152576K)] 165661K->30045K(494080K), 0.0026825 secs] [Times: user=0.01 sys=0.00, real=0.01 secs] 
2019-06-08T23:51:51.968+0300: 50.631: [GC (Allocation Failure) [PSYoungGen: 135936K->256K(155136K)] 165725K->30045K(496640K), 0.0026419 secs] [Times: user=0.01 sys=0.00, real=0.01 secs] 
2019-06-08T23:51:55.522+0300: 54.186: [GC (Allocation Failure) [PSYoungGen: 139520K->320K(154624K)] 169309K->30117K(496128K), 0.0026282 secs] [Times: user=0.01 sys=0.01, real=0.00 secs] 
2019-06-08T23:51:59.088+0300: 57.751: [GC (Allocation Failure) [PSYoungGen: 139584K->256K(156672K)] 169381K->30061K(498176K), 0.0033967 secs] [Times: user=0.02 sys=0.01, real=0.01 secs] 
2019-06-08T23:52:02.749+0300: 61.412: [GC (Allocation Failure) [PSYoungGen: 142592K->192K(156160K)] 172397K->30005K(497664K), 0.0040823 secs] [Times: user=0.02 sys=0.00, real=0.01 secs] 
2019-06-08T23:52:07.148+0300: 65.812: [GC (Allocation Failure) [PSYoungGen: 142528K->663K(158208K)] 172341K->30484K(499712K), 0.0036822 secs] [Times: user=0.02 sys=0.00, real=0.01 secs] 
2019-06-08T23:52:11.796+0300: 70.459: [GC (Allocation Failure) [PSYoungGen: 146071K->384K(157696K)] 175892K->30205K(499200K), 0.0037785 secs] [Times: user=0.02 sys=0.00, real=0.01 secs] 
23:52:26.474 [Curator-PathChildrenCache-0] ERROR o.a.c.f.r.c.PathChildrenCache  - 
java.lang.IllegalStateException: instance must be started before calling this method
	at org.apache.curator.shaded.com.google.common.base.Preconditions.checkState(Preconditions.java:444)
	at org.apache.curator.framework.imps.CuratorFrameworkImpl.getChildren(CuratorFrameworkImpl.java:456)
	at org.apache.curator.framework.recipes.cache.PathChildrenCache.refresh(PathChildrenCache.java:521)
	at org.apache.curator.framework.recipes.cache.RefreshOperation.invoke(RefreshOperation.java:35)
	at org.apache.curator.framework.recipes.cache.PathChildrenCache$9.run(PathChildrenCache.java:786)
	at java.util.concurrent.Executors$RunnableAdapter.call(Executors.java:511)
	at java.util.concurrent.FutureTask.run(FutureTask.java:266)
	at java.util.concurrent.Executors$RunnableAdapter.call(Executors.java:511)
	at java.util.concurrent.FutureTask.run(FutureTask.java:266)
	at java.util.concurrent.ThreadPoolExecutor.runWorker(ThreadPoolExecutor.java:1149)
	at java.util.concurrent.ThreadPoolExecutor$Worker.run(ThreadPoolExecutor.java:624)
	at java.lang.Thread.run(Thread.java:748)
Heap
 PSYoungGen      total 157696K, used 143070K [0x00000000f5980000, 0x0000000100000000, 0x0000000100000000)
  eden space 145408K, 98% used [0x00000000f5980000,0x00000000fe4d7b10,0x00000000fe780000)
  from space 12288K, 3% used [0x00000000fe780000,0x00000000fe7e0030,0x00000000ff380000)
  to   space 11264K, 0% used [0x00000000ff500000,0x00000000ff500000,0x0000000100000000)
 ParOldGen       total 341504K, used 29821K [0x00000000e0c00000, 0x00000000f5980000, 0x00000000f5980000)
  object space 341504K, 8% used [0x00000000e0c00000,0x00000000e291f6a8,0x00000000f5980000)
 Metaspace       used 36271K, capacity 37084K, committed 37208K, reserved 1081344K
  class space    used 4984K, capacity 5170K, committed 5248K, reserved 1048576K
