12:52:03,559 |-INFO in ch.qos.logback.classic.LoggerContext[default] - Could NOT find resource [logback-test.xml]
12:52:03,561 |-INFO in ch.qos.logback.classic.LoggerContext[default] - Could NOT find resource [logback.groovy]
12:52:03,561 |-INFO in ch.qos.logback.classic.LoggerContext[default] - Found resource [logback.xml] at [jar:file:/root/flamestream/lib/flamestream-runtime-1.0-SNAPSHOT.jar!/logback.xml]
12:52:03,562 |-WARN in ch.qos.logback.classic.LoggerContext[default] - Resource [logback.xml] occurs multiple times on the classpath.
12:52:03,562 |-WARN in ch.qos.logback.classic.LoggerContext[default] - Resource [logback.xml] occurs at [jar:file:/root/flamestream/lib/flamestream-runtime-1.0-SNAPSHOT.jar!/logback.xml]
12:52:03,562 |-WARN in ch.qos.logback.classic.LoggerContext[default] - Resource [logback.xml] occurs at [jar:file:/root/flamestream/flamestream-runtime-1.0-SNAPSHOT.jar!/logback.xml]
12:52:03,582 |-INFO in ch.qos.logback.core.joran.spi.ConfigurationWatchList@3fb6a447 - URL [jar:file:/root/flamestream/lib/flamestream-runtime-1.0-SNAPSHOT.jar!/logback.xml] is not of type file
12:52:03,651 |-INFO in ch.qos.logback.classic.joran.action.ConfigurationAction - debug attribute not set
12:52:03,652 |-INFO in ch.qos.logback.core.joran.action.AppenderAction - About to instantiate appender of type [ch.qos.logback.core.ConsoleAppender]
12:52:03,666 |-INFO in ch.qos.logback.core.joran.action.AppenderAction - Naming appender as [STDOUT]
12:52:03,678 |-INFO in ch.qos.logback.core.joran.action.NestedComplexPropertyIA - Assuming default type [ch.qos.logback.classic.encoder.PatternLayoutEncoder] for [encoder] property
12:52:03,778 |-INFO in ch.qos.logback.core.joran.action.AppenderAction - About to instantiate appender of type [ch.qos.logback.core.rolling.RollingFileAppender]
12:52:03,785 |-INFO in ch.qos.logback.core.joran.action.AppenderAction - Naming appender as [FILE]
12:52:03,822 |-INFO in c.q.l.core.rolling.TimeBasedRollingPolicy@127618319 - No compression will be used
12:52:03,823 |-INFO in c.q.l.core.rolling.TimeBasedRollingPolicy@127618319 - Will use the pattern /tmp/application_%d{yyyy-MM-dd}.%i.log for the active file
12:52:03,826 |-INFO in ch.qos.logback.core.rolling.SizeAndTimeBasedFNATP@6b2fad11 - The date pattern is 'yyyy-MM-dd' from file name pattern '/tmp/application_%d{yyyy-MM-dd}.%i.log'.
12:52:03,826 |-INFO in ch.qos.logback.core.rolling.SizeAndTimeBasedFNATP@6b2fad11 - Roll-over at midnight.
12:52:03,831 |-INFO in ch.qos.logback.core.rolling.SizeAndTimeBasedFNATP@6b2fad11 - Setting initial period to Mon Jun 10 12:52:03 UTC 2019
12:52:03,832 |-WARN in ch.qos.logback.core.rolling.SizeAndTimeBasedFNATP@6b2fad11 - SizeAndTimeBasedFNATP is deprecated. Use SizeAndTimeBasedRollingPolicy instead
12:52:03,832 |-WARN in ch.qos.logback.core.rolling.SizeAndTimeBasedFNATP@6b2fad11 - For more information see http://logback.qos.ch/manual/appenders.html#SizeAndTimeBasedRollingPolicy
12:52:03,835 |-INFO in ch.qos.logback.core.joran.action.NestedComplexPropertyIA - Assuming default type [ch.qos.logback.classic.encoder.PatternLayoutEncoder] for [encoder] property
12:52:03,840 |-INFO in ch.qos.logback.core.rolling.RollingFileAppender[FILE] - Active log file name: /tmp/application.log
12:52:03,840 |-INFO in ch.qos.logback.core.rolling.RollingFileAppender[FILE] - File property is set to [/tmp/application.log]
12:52:03,841 |-INFO in ch.qos.logback.classic.joran.action.RootLoggerAction - Setting level of ROOT logger to WARN
12:52:03,841 |-INFO in ch.qos.logback.core.joran.action.AppenderRefAction - Attaching appender named [STDOUT] to Logger[ROOT]
12:52:03,843 |-INFO in ch.qos.logback.core.joran.action.AppenderRefAction - Attaching appender named [FILE] to Logger[ROOT]
12:52:03,843 |-INFO in ch.qos.logback.classic.joran.action.ConfigurationAction - End of configuration.
12:52:03,843 |-INFO in ch.qos.logback.classic.joran.JoranConfigurator@79698539 - Registering current configuration as safe fallback point

Ama winner
Ama winner
2019-06-10T12:52:05.164+0000: 1.788: [Full GC (Metadata GC Threshold) 2019-06-10T12:52:05.164+0000: 1.788: [Tenured: 0K->15208K(341376K), 0.0400604 secs] 114923K->15208K(494976K), [Metaspace: 20725K->20725K(1067008K)], 0.0401293 secs] [Times: user=0.04 sys=0.00, real=0.04 secs] 
12:52:59.616 [Curator-PathChildrenCache-1] WARN  o.a.c.u.ZKPaths  - The version of ZooKeeper being used doesn't support Container nodes. CreateMode.PERSISTENT will be used instead.
2019-06-10T12:53:02.133+0000: 58.757: [GC (Allocation Failure) 2019-06-10T12:53:02.133+0000: 58.757: [DefNew: 136576K->17023K(153600K), 0.0309725 secs] 151784K->52853K(494976K), 0.0310461 secs] [Times: user=0.03 sys=0.00, real=0.03 secs] 
2019-06-10T12:53:04.292+0000: 60.915: [Full GC (Metadata GC Threshold) 2019-06-10T12:53:04.292+0000: 60.916: [Tenured: 35829K->44896K(341376K), 0.0532010 secs] 88594K->44896K(494976K), [Metaspace: 34593K->34593K(1079296K)], 0.0532782 secs] [Times: user=0.03 sys=0.03, real=0.05 secs] 
2019-06-10T12:53:15.568+0000: 72.192: [GC (Allocation Failure) 2019-06-10T12:53:15.568+0000: 72.192: [DefNew: 136576K->395K(153600K), 0.0023817 secs] 181472K->45292K(494976K), 0.0024419 secs] [Times: user=0.00 sys=0.00, real=0.01 secs] 
2019-06-10T12:53:28.107+0000: 84.731: [GC (Allocation Failure) 2019-06-10T12:53:28.107+0000: 84.731: [DefNew: 136971K->216K(153600K), 0.0020817 secs] 181868K->45113K(494976K), 0.0021508 secs] [Times: user=0.00 sys=0.00, real=0.00 secs] 
2019-06-10T12:53:40.837+0000: 97.460: [GC (Allocation Failure) 2019-06-10T12:53:40.837+0000: 97.460: [DefNew: 136792K->215K(153600K), 0.0020529 secs] 181689K->45111K(494976K), 0.0021103 secs] [Times: user=0.00 sys=0.00, real=0.00 secs] 
2019-06-10T12:53:53.611+0000: 110.234: [GC (Allocation Failure) 2019-06-10T12:53:53.611+0000: 110.234: [DefNew: 136791K->218K(153600K), 0.0020752 secs] 181687K->45114K(494976K), 0.0021341 secs] [Times: user=0.00 sys=0.00, real=0.01 secs] 
2019-06-10T12:54:06.420+0000: 123.043: [GC (Allocation Failure) 2019-06-10T12:54:06.420+0000: 123.043: [DefNew: 136794K->224K(153600K), 0.0020828 secs] 181690K->45120K(494976K), 0.0021405 secs] [Times: user=0.00 sys=0.01, real=0.00 secs] 
2019-06-10T12:54:19.334+0000: 135.957: [GC (Allocation Failure) 2019-06-10T12:54:19.334+0000: 135.957: [DefNew: 136800K->247K(153600K), 0.0021502 secs] 181696K->45144K(494976K), 0.0022123 secs] [Times: user=0.00 sys=0.00, real=0.00 secs] 
2019-06-10T12:54:55.556+0000: 172.179: [GC (Allocation Failure) 2019-06-10T12:54:55.556+0000: 172.179: [DefNew: 136823K->246K(153600K), 0.0021710 secs] 181720K->45143K(494976K), 0.0022368 secs] [Times: user=0.00 sys=0.00, real=0.00 secs] 
12:54:59.677 [Curator-PathChildrenCache-0] ERROR o.a.c.f.r.c.PathChildrenCache  - 
java.lang.IllegalStateException: instance must be started before calling this method
	at org.apache.curator.shaded.com.google.common.base.Preconditions.checkState(Preconditions.java:444)
	at org.apache.curator.framework.imps.CuratorFrameworkImpl.getChildren(CuratorFrameworkImpl.java:456)
	at org.apache.curator.framework.recipes.cache.PathChildrenCache.refresh(PathChildrenCache.java:521)
	at org.apache.curator.framework.recipes.cache.RefreshOperation.invoke(RefreshOperation.java:35)
	at org.apache.curator.framework.recipes.cache.PathChildrenCache$9.run(PathChildrenCache.java:786)
	at java.util.concurrent.Executors$RunnableAdapter.call(Executors.java:511)
	at java.util.concurrent.FutureTask.run(FutureTask.java:266)
	at java.util.concurrent.Executors$RunnableAdapter.call(Executors.java:511)
	at java.util.concurrent.FutureTask.run(FutureTask.java:266)
	at java.util.concurrent.ThreadPoolExecutor.runWorker(ThreadPoolExecutor.java:1149)
	at java.util.concurrent.ThreadPoolExecutor$Worker.run(ThreadPoolExecutor.java:624)
	at java.lang.Thread.run(Thread.java:748)
Heap
 def new generation   total 153600K, used 33501K [0x00000000e0c00000, 0x00000000eb2a0000, 0x00000000eb2a0000)
  eden space 136576K,  24% used [0x00000000e0c00000, 0x00000000e2c79af0, 0x00000000e9160000)
  from space 17024K,   1% used [0x00000000e9160000, 0x00000000e919da88, 0x00000000ea200000)
  to   space 17024K,   0% used [0x00000000ea200000, 0x00000000ea200000, 0x00000000eb2a0000)
 tenured generation   total 341376K, used 44896K [0x00000000eb2a0000, 0x0000000100000000, 0x0000000100000000)
   the space 341376K,  13% used [0x00000000eb2a0000, 0x00000000ede78218, 0x00000000ede78400, 0x0000000100000000)
 Metaspace       used 36259K, capacity 37136K, committed 37376K, reserved 1081344K
  class space    used 4856K, capacity 5076K, committed 5120K, reserved 1048576K
