05:26:24,929 |-INFO in ch.qos.logback.classic.LoggerContext[default] - Could NOT find resource [logback-test.xml]
05:26:24,929 |-INFO in ch.qos.logback.classic.LoggerContext[default] - Could NOT find resource [logback.groovy]
05:26:24,929 |-INFO in ch.qos.logback.classic.LoggerContext[default] - Found resource [logback.xml] at [jar:file:/root/flamestream/lib/flamestream-runtime-1.0-SNAPSHOT.jar!/logback.xml]
05:26:24,930 |-WARN in ch.qos.logback.classic.LoggerContext[default] - Resource [logback.xml] occurs multiple times on the classpath.
05:26:24,930 |-WARN in ch.qos.logback.classic.LoggerContext[default] - Resource [logback.xml] occurs at [jar:file:/root/flamestream/lib/flamestream-runtime-1.0-SNAPSHOT.jar!/logback.xml]
05:26:24,930 |-WARN in ch.qos.logback.classic.LoggerContext[default] - Resource [logback.xml] occurs at [jar:file:/root/flamestream/flamestream-runtime-1.0-SNAPSHOT.jar!/logback.xml]
05:26:24,950 |-INFO in ch.qos.logback.core.joran.spi.ConfigurationWatchList@3fb6a447 - URL [jar:file:/root/flamestream/lib/flamestream-runtime-1.0-SNAPSHOT.jar!/logback.xml] is not of type file
05:26:25,017 |-INFO in ch.qos.logback.classic.joran.action.ConfigurationAction - debug attribute not set
05:26:25,018 |-INFO in ch.qos.logback.core.joran.action.AppenderAction - About to instantiate appender of type [ch.qos.logback.core.ConsoleAppender]
05:26:25,034 |-INFO in ch.qos.logback.core.joran.action.AppenderAction - Naming appender as [STDOUT]
05:26:25,044 |-INFO in ch.qos.logback.core.joran.action.NestedComplexPropertyIA - Assuming default type [ch.qos.logback.classic.encoder.PatternLayoutEncoder] for [encoder] property
05:26:25,146 |-INFO in ch.qos.logback.core.joran.action.AppenderAction - About to instantiate appender of type [ch.qos.logback.core.rolling.RollingFileAppender]
05:26:25,155 |-INFO in ch.qos.logback.core.joran.action.AppenderAction - Naming appender as [FILE]
05:26:25,192 |-INFO in c.q.l.core.rolling.TimeBasedRollingPolicy@127618319 - No compression will be used
05:26:25,193 |-INFO in c.q.l.core.rolling.TimeBasedRollingPolicy@127618319 - Will use the pattern /tmp/application_%d{yyyy-MM-dd}.%i.log for the active file
05:26:25,196 |-INFO in ch.qos.logback.core.rolling.SizeAndTimeBasedFNATP@6b2fad11 - The date pattern is 'yyyy-MM-dd' from file name pattern '/tmp/application_%d{yyyy-MM-dd}.%i.log'.
05:26:25,196 |-INFO in ch.qos.logback.core.rolling.SizeAndTimeBasedFNATP@6b2fad11 - Roll-over at midnight.
05:26:25,201 |-INFO in ch.qos.logback.core.rolling.SizeAndTimeBasedFNATP@6b2fad11 - Setting initial period to Tue Jun 11 05:25:09 UTC 2019
05:26:25,201 |-WARN in ch.qos.logback.core.rolling.SizeAndTimeBasedFNATP@6b2fad11 - SizeAndTimeBasedFNATP is deprecated. Use SizeAndTimeBasedRollingPolicy instead
05:26:25,201 |-WARN in ch.qos.logback.core.rolling.SizeAndTimeBasedFNATP@6b2fad11 - For more information see http://logback.qos.ch/manual/appenders.html#SizeAndTimeBasedRollingPolicy
05:26:25,205 |-INFO in ch.qos.logback.core.joran.action.NestedComplexPropertyIA - Assuming default type [ch.qos.logback.classic.encoder.PatternLayoutEncoder] for [encoder] property
05:26:25,210 |-INFO in ch.qos.logback.core.rolling.RollingFileAppender[FILE] - Active log file name: /tmp/application.log
05:26:25,210 |-INFO in ch.qos.logback.core.rolling.RollingFileAppender[FILE] - File property is set to [/tmp/application.log]
05:26:25,211 |-INFO in ch.qos.logback.classic.joran.action.RootLoggerAction - Setting level of ROOT logger to WARN
05:26:25,211 |-INFO in ch.qos.logback.core.joran.action.AppenderRefAction - Attaching appender named [STDOUT] to Logger[ROOT]
05:26:25,213 |-INFO in ch.qos.logback.core.joran.action.AppenderRefAction - Attaching appender named [FILE] to Logger[ROOT]
05:26:25,213 |-INFO in ch.qos.logback.classic.joran.action.ConfigurationAction - End of configuration.
05:26:25,213 |-INFO in ch.qos.logback.classic.joran.JoranConfigurator@79698539 - Registering current configuration as safe fallback point

Ama winner
Ama winner
2019-06-11T05:26:26.507+0000: 1.763: [Full GC (Metadata GC Threshold) 2019-06-11T05:26:26.507+0000: 1.763: [Tenured: 0K->15176K(341376K), 0.0400400 secs] 114987K->15176K(494976K), [Metaspace: 20737K->20737K(1067008K)], 0.0401077 secs] [Times: user=0.04 sys=0.01, real=0.04 secs] 
05:26:40.387 [Curator-PathChildrenCache-1] WARN  o.a.c.u.ZKPaths  - The version of ZooKeeper being used doesn't support Container nodes. CreateMode.PERSISTENT will be used instead.
2019-06-11T05:26:42.565+0000: 17.821: [GC (Allocation Failure) 2019-06-11T05:26:42.565+0000: 17.822: [DefNew: 136576K->17023K(153600K), 0.0259909 secs] 151752K->52513K(494976K), 0.0260810 secs] [Times: user=0.01 sys=0.01, real=0.03 secs] 
2019-06-11T05:26:45.667+0000: 20.923: [Full GC (Metadata GC Threshold) 2019-06-11T05:26:45.667+0000: 20.923: [Tenured: 35489K->43899K(341376K), 0.0482300 secs] 121003K->43899K(494976K), [Metaspace: 34599K->34599K(1079296K)], 0.0483046 secs] [Times: user=0.04 sys=0.01, real=0.05 secs] 
2019-06-11T05:26:51.749+0000: 27.005: [GC (Allocation Failure) 2019-06-11T05:26:51.749+0000: 27.005: [DefNew: 136576K->55K(153600K), 0.0017456 secs] 180475K->43954K(494976K), 0.0018200 secs] [Times: user=0.00 sys=0.00, real=0.00 secs] 
2019-06-11T05:26:57.742+0000: 32.998: [GC (Allocation Failure) 2019-06-11T05:26:57.742+0000: 32.998: [DefNew: 136631K->57K(153600K), 0.0017368 secs] 180530K->43956K(494976K), 0.0018001 secs] [Times: user=0.00 sys=0.00, real=0.00 secs] 
2019-06-11T05:27:03.758+0000: 39.014: [GC (Allocation Failure) 2019-06-11T05:27:03.758+0000: 39.014: [DefNew: 136633K->56K(153600K), 0.0016650 secs] 180532K->43955K(494976K), 0.0017364 secs] [Times: user=0.00 sys=0.00, real=0.01 secs] 
2019-06-11T05:27:09.773+0000: 45.029: [GC (Allocation Failure) 2019-06-11T05:27:09.773+0000: 45.029: [DefNew: 136632K->56K(153600K), 0.0017496 secs] 180531K->43955K(494976K), 0.0018369 secs] [Times: user=0.00 sys=0.00, real=0.00 secs] 
2019-06-11T05:27:17.082+0000: 52.338: [GC (Allocation Failure) 2019-06-11T05:27:17.082+0000: 52.338: [DefNew: 136632K->55K(153600K), 0.0017304 secs] 180531K->43954K(494976K), 0.0017924 secs] [Times: user=0.00 sys=0.00, real=0.00 secs] 
05:27:25.819 [Curator-PathChildrenCache-0] ERROR o.a.c.f.r.c.PathChildrenCache  - 
java.lang.IllegalStateException: instance must be started before calling this method
	at org.apache.curator.shaded.com.google.common.base.Preconditions.checkState(Preconditions.java:444)
	at org.apache.curator.framework.imps.CuratorFrameworkImpl.getChildren(CuratorFrameworkImpl.java:456)
	at org.apache.curator.framework.recipes.cache.PathChildrenCache.refresh(PathChildrenCache.java:521)
	at org.apache.curator.framework.recipes.cache.RefreshOperation.invoke(RefreshOperation.java:35)
	at org.apache.curator.framework.recipes.cache.PathChildrenCache$9.run(PathChildrenCache.java:786)
	at java.util.concurrent.Executors$RunnableAdapter.call(Executors.java:511)
	at java.util.concurrent.FutureTask.run(FutureTask.java:266)
	at java.util.concurrent.Executors$RunnableAdapter.call(Executors.java:511)
	at java.util.concurrent.FutureTask.run(FutureTask.java:266)
	at java.util.concurrent.ThreadPoolExecutor.runWorker(ThreadPoolExecutor.java:1149)
	at java.util.concurrent.ThreadPoolExecutor$Worker.run(ThreadPoolExecutor.java:624)
	at java.lang.Thread.run(Thread.java:748)
Heap
 def new generation   total 153600K, used 71689K [0x00000000e0c00000, 0x00000000eb2a0000, 0x00000000eb2a0000)
  eden space 136576K,  52% used [0x00000000e0c00000, 0x00000000e51f48b8, 0x00000000e9160000)
  from space 17024K,   0% used [0x00000000e9160000, 0x00000000e916dcf0, 0x00000000ea200000)
  to   space 17024K,   0% used [0x00000000ea200000, 0x00000000ea200000, 0x00000000eb2a0000)
 tenured generation   total 341376K, used 43899K [0x00000000eb2a0000, 0x0000000100000000, 0x0000000100000000)
   the space 341376K,  12% used [0x00000000eb2a0000, 0x00000000edd7eca8, 0x00000000edd7ee00, 0x0000000100000000)
 Metaspace       used 35948K, capacity 36838K, committed 37120K, reserved 1081344K
  class space    used 4838K, capacity 5043K, committed 5120K, reserved 1048576K
