07:14:32,691 |-INFO in ch.qos.logback.classic.LoggerContext[default] - Could NOT find resource [logback-test.xml]
07:14:32,691 |-INFO in ch.qos.logback.classic.LoggerContext[default] - Could NOT find resource [logback.groovy]
07:14:32,692 |-INFO in ch.qos.logback.classic.LoggerContext[default] - Found resource [logback.xml] at [jar:file:/root/flamestream/lib/flamestream-runtime-1.0-SNAPSHOT.jar!/logback.xml]
07:14:32,733 |-WARN in ch.qos.logback.classic.LoggerContext[default] - Resource [logback.xml] occurs multiple times on the classpath.
07:14:32,733 |-WARN in ch.qos.logback.classic.LoggerContext[default] - Resource [logback.xml] occurs at [jar:file:/root/flamestream/lib/flamestream-runtime-1.0-SNAPSHOT.jar!/logback.xml]
07:14:32,733 |-WARN in ch.qos.logback.classic.LoggerContext[default] - Resource [logback.xml] occurs at [jar:file:/root/flamestream/flamestream-runtime-1.0-SNAPSHOT.jar!/logback.xml]
07:14:32,837 |-INFO in ch.qos.logback.core.joran.spi.ConfigurationWatchList@3fb6a447 - URL [jar:file:/root/flamestream/lib/flamestream-runtime-1.0-SNAPSHOT.jar!/logback.xml] is not of type file
07:14:33,204 |-INFO in ch.qos.logback.classic.joran.action.ConfigurationAction - debug attribute not set
07:14:33,204 |-INFO in ch.qos.logback.core.joran.action.AppenderAction - About to instantiate appender of type [ch.qos.logback.core.ConsoleAppender]
07:14:33,286 |-INFO in ch.qos.logback.core.joran.action.AppenderAction - Naming appender as [STDOUT]
07:14:33,368 |-INFO in ch.qos.logback.core.joran.action.NestedComplexPropertyIA - Assuming default type [ch.qos.logback.classic.encoder.PatternLayoutEncoder] for [encoder] property
07:14:33,919 |-INFO in ch.qos.logback.core.joran.action.AppenderAction - About to instantiate appender of type [ch.qos.logback.core.rolling.RollingFileAppender]
07:14:33,997 |-INFO in ch.qos.logback.core.joran.action.AppenderAction - Naming appender as [FILE]
07:14:34,184 |-INFO in c.q.l.core.rolling.TimeBasedRollingPolicy@127618319 - No compression will be used
07:14:34,186 |-INFO in c.q.l.core.rolling.TimeBasedRollingPolicy@127618319 - Will use the pattern /tmp/application_%d{yyyy-MM-dd}.%i.log for the active file
07:14:34,201 |-INFO in ch.qos.logback.core.rolling.SizeAndTimeBasedFNATP@6b2fad11 - The date pattern is 'yyyy-MM-dd' from file name pattern '/tmp/application_%d{yyyy-MM-dd}.%i.log'.
07:14:34,201 |-INFO in ch.qos.logback.core.rolling.SizeAndTimeBasedFNATP@6b2fad11 - Roll-over at midnight.
07:14:34,244 |-INFO in ch.qos.logback.core.rolling.SizeAndTimeBasedFNATP@6b2fad11 - Setting initial period to Tue Jun 11 07:13:00 UTC 2019
07:14:34,244 |-WARN in ch.qos.logback.core.rolling.SizeAndTimeBasedFNATP@6b2fad11 - SizeAndTimeBasedFNATP is deprecated. Use SizeAndTimeBasedRollingPolicy instead
07:14:34,244 |-WARN in ch.qos.logback.core.rolling.SizeAndTimeBasedFNATP@6b2fad11 - For more information see http://logback.qos.ch/manual/appenders.html#SizeAndTimeBasedRollingPolicy
07:14:34,246 |-INFO in ch.qos.logback.core.joran.action.NestedComplexPropertyIA - Assuming default type [ch.qos.logback.classic.encoder.PatternLayoutEncoder] for [encoder] property
07:14:34,267 |-INFO in ch.qos.logback.core.rolling.RollingFileAppender[FILE] - Active log file name: /tmp/application.log
07:14:34,267 |-INFO in ch.qos.logback.core.rolling.RollingFileAppender[FILE] - File property is set to [/tmp/application.log]
07:14:34,285 |-INFO in ch.qos.logback.classic.joran.action.RootLoggerAction - Setting level of ROOT logger to WARN
07:14:34,287 |-INFO in ch.qos.logback.core.joran.action.AppenderRefAction - Attaching appender named [STDOUT] to Logger[ROOT]
07:14:34,305 |-INFO in ch.qos.logback.core.joran.action.AppenderRefAction - Attaching appender named [FILE] to Logger[ROOT]
07:14:34,305 |-INFO in ch.qos.logback.classic.joran.action.ConfigurationAction - End of configuration.
07:14:34,306 |-INFO in ch.qos.logback.classic.joran.JoranConfigurator@79698539 - Registering current configuration as safe fallback point

Ama winner
Ama winner
2019-06-11T07:14:43.650+0000: 11.981: [Full GC (Metadata GC Threshold) 2019-06-11T07:14:43.650+0000: 11.981: [Tenured: 0K->15143K(341376K), 0.3237223 secs] 115052K->15143K(494976K), [Metaspace: 20714K->20714K(1067008K)], 0.3237891 secs] [Times: user=0.26 sys=0.01, real=0.32 secs] 
2019-06-11T07:15:10.395+0000: 38.726: [GC (Allocation Failure) 2019-06-11T07:15:10.395+0000: 38.726: [DefNew: 117914K->16505K(153600K), 0.0168750 secs] 133058K->31649K(494976K), 0.0169520 secs] [Times: user=0.01 sys=0.01, real=0.02 secs] 
2019-06-11T07:15:15.463+0000: 43.794: [GC (Allocation Failure) 2019-06-11T07:15:15.463+0000: 43.794: [DefNew: 153081K->1551K(153600K), 0.0265979 secs] 168225K->43218K(494976K), 0.0266674 secs] [Times: user=0.00 sys=0.02, real=0.03 secs] 
2019-06-11T07:15:21.319+0000: 49.650: [GC (Allocation Failure) 2019-06-11T07:15:21.319+0000: 49.650: [DefNew: 138127K->1469K(153600K), 0.0032405 secs] 179794K->43137K(494976K), 0.0033012 secs] [Times: user=0.01 sys=0.00, real=0.00 secs] 
2019-06-11T07:15:27.232+0000: 55.563: [GC (Allocation Failure) 2019-06-11T07:15:27.232+0000: 55.564: [DefNew: 138045K->1469K(153600K), 0.0033545 secs] 179713K->43137K(494976K), 0.0034168 secs] [Times: user=0.01 sys=0.00, real=0.00 secs] 
2019-06-11T07:15:33.164+0000: 61.495: [GC (Allocation Failure) 2019-06-11T07:15:33.164+0000: 61.495: [DefNew: 138045K->1466K(153600K), 0.0032737 secs] 179713K->43133K(494976K), 0.0033304 secs] [Times: user=0.00 sys=0.00, real=0.01 secs] 
2019-06-11T07:15:33.345+0000: 61.677: [Full GC (Metadata GC Threshold) 2019-06-11T07:15:33.345+0000: 61.677: [Tenured: 41667K->43175K(341376K), 0.0293459 secs] 48472K->43175K(494976K), [Metaspace: 34630K->34630K(1079296K)], 0.0294288 secs] [Times: user=0.03 sys=0.00, real=0.02 secs] 
2019-06-11T07:15:39.651+0000: 67.982: [GC (Allocation Failure) 2019-06-11T07:15:39.651+0000: 67.982: [DefNew: 136576K->211K(153600K), 0.0019983 secs] 179751K->43386K(494976K), 0.0020574 secs] [Times: user=0.00 sys=0.00, real=0.00 secs] 
07:15:59.091 [Curator-PathChildrenCache-0] ERROR o.a.c.f.r.c.PathChildrenCache  - 
java.lang.IllegalStateException: instance must be started before calling this method
	at org.apache.curator.shaded.com.google.common.base.Preconditions.checkState(Preconditions.java:444)
	at org.apache.curator.framework.imps.CuratorFrameworkImpl.getChildren(CuratorFrameworkImpl.java:456)
	at org.apache.curator.framework.recipes.cache.PathChildrenCache.refresh(PathChildrenCache.java:521)
	at org.apache.curator.framework.recipes.cache.RefreshOperation.invoke(RefreshOperation.java:35)
	at org.apache.curator.framework.recipes.cache.PathChildrenCache$9.run(PathChildrenCache.java:786)
	at java.util.concurrent.Executors$RunnableAdapter.call(Executors.java:511)
	at java.util.concurrent.FutureTask.run(FutureTask.java:266)
	at java.util.concurrent.Executors$RunnableAdapter.call(Executors.java:511)
	at java.util.concurrent.FutureTask.run(FutureTask.java:266)
	at java.util.concurrent.ThreadPoolExecutor.runWorker(ThreadPoolExecutor.java:1149)
	at java.util.concurrent.ThreadPoolExecutor$Worker.run(ThreadPoolExecutor.java:624)
	at java.lang.Thread.run(Thread.java:748)
2019-06-11T07:15:59.365+0000: 87.696: [GC (Allocation Failure) 2019-06-11T07:15:59.365+0000: 87.696: [DefNew: 136787K->923K(153600K), 0.0031224 secs] 179962K->44099K(494976K), 0.0031827 secs] [Times: user=0.00 sys=0.00, real=0.00 secs] 
Heap
 def new generation   total 153600K, used 11901K [0x00000000e0c00000, 0x00000000eb2a0000, 0x00000000eb2a0000)
  eden space 136576K,   8% used [0x00000000e0c00000, 0x00000000e16b88c0, 0x00000000e9160000)
  from space 17024K,   5% used [0x00000000ea200000, 0x00000000ea2e6f10, 0x00000000eb2a0000)
  to   space 17024K,   0% used [0x00000000e9160000, 0x00000000e9160000, 0x00000000ea200000)
 tenured generation   total 341376K, used 43175K [0x00000000eb2a0000, 0x0000000100000000, 0x0000000100000000)
   the space 341376K,  12% used [0x00000000eb2a0000, 0x00000000edcc9d68, 0x00000000edcc9e00, 0x0000000100000000)
 Metaspace       used 36039K, capacity 36960K, committed 37120K, reserved 1081344K
  class space    used 4848K, capacity 5042K, committed 5120K, reserved 1048576K
