20:10:12,241 |-INFO in ch.qos.logback.classic.LoggerContext[default] - Could NOT find resource [logback-test.xml]
20:10:12,241 |-INFO in ch.qos.logback.classic.LoggerContext[default] - Could NOT find resource [logback.groovy]
20:10:12,241 |-INFO in ch.qos.logback.classic.LoggerContext[default] - Found resource [logback.xml] at [jar:file:/root/flamestream/lib/flamestream-runtime-1.0-SNAPSHOT.jar!/logback.xml]
20:10:12,241 |-WARN in ch.qos.logback.classic.LoggerContext[default] - Resource [logback.xml] occurs multiple times on the classpath.
20:10:12,242 |-WARN in ch.qos.logback.classic.LoggerContext[default] - Resource [logback.xml] occurs at [jar:file:/root/flamestream/lib/flamestream-runtime-1.0-SNAPSHOT.jar!/logback.xml]
20:10:12,242 |-WARN in ch.qos.logback.classic.LoggerContext[default] - Resource [logback.xml] occurs at [jar:file:/root/flamestream/flamestream-runtime-1.0-SNAPSHOT.jar!/logback.xml]
20:10:12,265 |-INFO in ch.qos.logback.core.joran.spi.ConfigurationWatchList@3fb6a447 - URL [jar:file:/root/flamestream/lib/flamestream-runtime-1.0-SNAPSHOT.jar!/logback.xml] is not of type file
20:10:12,339 |-INFO in ch.qos.logback.classic.joran.action.ConfigurationAction - debug attribute not set
20:10:12,339 |-INFO in ch.qos.logback.core.joran.action.AppenderAction - About to instantiate appender of type [ch.qos.logback.core.ConsoleAppender]
20:10:12,353 |-INFO in ch.qos.logback.core.joran.action.AppenderAction - Naming appender as [STDOUT]
20:10:12,372 |-INFO in ch.qos.logback.core.joran.action.NestedComplexPropertyIA - Assuming default type [ch.qos.logback.classic.encoder.PatternLayoutEncoder] for [encoder] property
20:10:12,458 |-INFO in ch.qos.logback.core.joran.action.AppenderAction - About to instantiate appender of type [ch.qos.logback.core.rolling.RollingFileAppender]
20:10:12,463 |-INFO in ch.qos.logback.core.joran.action.AppenderAction - Naming appender as [FILE]
20:10:12,495 |-INFO in c.q.l.core.rolling.TimeBasedRollingPolicy@127618319 - No compression will be used
20:10:12,496 |-INFO in c.q.l.core.rolling.TimeBasedRollingPolicy@127618319 - Will use the pattern /tmp/application_%d{yyyy-MM-dd}.%i.log for the active file
20:10:12,499 |-INFO in ch.qos.logback.core.rolling.SizeAndTimeBasedFNATP@6b2fad11 - The date pattern is 'yyyy-MM-dd' from file name pattern '/tmp/application_%d{yyyy-MM-dd}.%i.log'.
20:10:12,499 |-INFO in ch.qos.logback.core.rolling.SizeAndTimeBasedFNATP@6b2fad11 - Roll-over at midnight.
20:10:12,505 |-INFO in ch.qos.logback.core.rolling.SizeAndTimeBasedFNATP@6b2fad11 - Setting initial period to Mon Jun 10 20:08:55 UTC 2019
20:10:12,505 |-WARN in ch.qos.logback.core.rolling.SizeAndTimeBasedFNATP@6b2fad11 - SizeAndTimeBasedFNATP is deprecated. Use SizeAndTimeBasedRollingPolicy instead
20:10:12,505 |-WARN in ch.qos.logback.core.rolling.SizeAndTimeBasedFNATP@6b2fad11 - For more information see http://logback.qos.ch/manual/appenders.html#SizeAndTimeBasedRollingPolicy
20:10:12,509 |-INFO in ch.qos.logback.core.joran.action.NestedComplexPropertyIA - Assuming default type [ch.qos.logback.classic.encoder.PatternLayoutEncoder] for [encoder] property
20:10:12,513 |-INFO in ch.qos.logback.core.rolling.RollingFileAppender[FILE] - Active log file name: /tmp/application.log
20:10:12,513 |-INFO in ch.qos.logback.core.rolling.RollingFileAppender[FILE] - File property is set to [/tmp/application.log]
20:10:12,514 |-INFO in ch.qos.logback.classic.joran.action.RootLoggerAction - Setting level of ROOT logger to WARN
20:10:12,514 |-INFO in ch.qos.logback.core.joran.action.AppenderRefAction - Attaching appender named [STDOUT] to Logger[ROOT]
20:10:12,516 |-INFO in ch.qos.logback.core.joran.action.AppenderRefAction - Attaching appender named [FILE] to Logger[ROOT]
20:10:12,516 |-INFO in ch.qos.logback.classic.joran.action.ConfigurationAction - End of configuration.
20:10:12,517 |-INFO in ch.qos.logback.classic.joran.JoranConfigurator@79698539 - Registering current configuration as safe fallback point

Ama winner
Ama winner
2019-06-10T20:10:13.762+0000: 1.703: [Full GC (Metadata GC Threshold) 2019-06-10T20:10:13.762+0000: 1.703: [Tenured: 0K->15209K(341376K), 0.0351646 secs] 114987K->15209K(494976K), [Metaspace: 20733K->20733K(1067008K)], 0.0352429 secs] [Times: user=0.03 sys=0.01, real=0.04 secs] 
20:10:28.925 [Curator-PathChildrenCache-1] WARN  o.a.c.u.ZKPaths  - The version of ZooKeeper being used doesn't support Container nodes. CreateMode.PERSISTENT will be used instead.
2019-06-10T20:10:31.321+0000: 19.262: [GC (Allocation Failure) 2019-06-10T20:10:31.321+0000: 19.262: [DefNew: 136576K->17024K(153600K), 0.0254769 secs] 151785K->52558K(494976K), 0.0255455 secs] [Times: user=0.02 sys=0.01, real=0.03 secs] 
2019-06-10T20:10:36.483+0000: 24.424: [GC (Allocation Failure) 2019-06-10T20:10:36.483+0000: 24.424: [DefNew: 153600K->219K(153600K), 0.0158807 secs] 189134K->43889K(494976K), 0.0159458 secs] [Times: user=0.01 sys=0.00, real=0.02 secs] 
2019-06-10T20:10:41.478+0000: 29.419: [GC (Allocation Failure) 2019-06-10T20:10:41.478+0000: 29.419: [DefNew: 136795K->208K(153600K), 0.0027216 secs] 180465K->43879K(494976K), 0.0027810 secs] [Times: user=0.01 sys=0.00, real=0.00 secs] 
2019-06-10T20:10:42.712+0000: 30.653: [Full GC (Metadata GC Threshold) 2019-06-10T20:10:42.712+0000: 30.653: [Tenured: 43670K->43878K(341376K), 0.0374974 secs] 80145K->43878K(494976K), [Metaspace: 34648K->34648K(1079296K)], 0.0375842 secs] [Times: user=0.03 sys=0.00, real=0.04 secs] 
2019-06-10T20:10:47.659+0000: 35.599: [GC (Allocation Failure) 2019-06-10T20:10:47.659+0000: 35.599: [DefNew: 136576K->49K(153600K), 0.0016063 secs] 180454K->43928K(494976K), 0.0016678 secs] [Times: user=0.00 sys=0.00, real=0.00 secs] 
2019-06-10T20:10:52.677+0000: 40.618: [GC (Allocation Failure) 2019-06-10T20:10:52.677+0000: 40.618: [DefNew: 136625K->49K(153600K), 0.0016443 secs] 180504K->43927K(494976K), 0.0017035 secs] [Times: user=0.00 sys=0.00, real=0.00 secs] 
2019-06-10T20:11:06.932+0000: 54.873: [GC (Allocation Failure) 2019-06-10T20:11:06.932+0000: 54.873: [DefNew: 136625K->122K(153600K), 0.0019445 secs] 180503K->44001K(494976K), 0.0020084 secs] [Times: user=0.00 sys=0.00, real=0.00 secs] 
20:11:06.991 [Curator-PathChildrenCache-0] ERROR o.a.c.f.r.c.PathChildrenCache  - 
java.lang.IllegalStateException: instance must be started before calling this method
	at org.apache.curator.shaded.com.google.common.base.Preconditions.checkState(Preconditions.java:444)
	at org.apache.curator.framework.imps.CuratorFrameworkImpl.getChildren(CuratorFrameworkImpl.java:456)
	at org.apache.curator.framework.recipes.cache.PathChildrenCache.refresh(PathChildrenCache.java:521)
	at org.apache.curator.framework.recipes.cache.RefreshOperation.invoke(RefreshOperation.java:35)
	at org.apache.curator.framework.recipes.cache.PathChildrenCache$9.run(PathChildrenCache.java:786)
	at java.util.concurrent.Executors$RunnableAdapter.call(Executors.java:511)
	at java.util.concurrent.FutureTask.run(FutureTask.java:266)
	at java.util.concurrent.Executors$RunnableAdapter.call(Executors.java:511)
	at java.util.concurrent.FutureTask.run(FutureTask.java:266)
	at java.util.concurrent.ThreadPoolExecutor.runWorker(ThreadPoolExecutor.java:1149)
	at java.util.concurrent.ThreadPoolExecutor$Worker.run(ThreadPoolExecutor.java:624)
	at java.lang.Thread.run(Thread.java:748)
Heap
 def new generation   total 153600K, used 14555K [0x00000000e0c00000, 0x00000000eb2a0000, 0x00000000eb2a0000)
  eden space 136576K,  10% used [0x00000000e0c00000, 0x00000000e1a18458, 0x00000000e9160000)
  from space 17024K,   0% used [0x00000000e9160000, 0x00000000e917ea90, 0x00000000ea200000)
  to   space 17024K,   0% used [0x00000000ea200000, 0x00000000ea200000, 0x00000000eb2a0000)
 tenured generation   total 341376K, used 43878K [0x00000000eb2a0000, 0x0000000100000000, 0x0000000100000000)
   the space 341376K,  12% used [0x00000000eb2a0000, 0x00000000edd79a70, 0x00000000edd79c00, 0x0000000100000000)
 Metaspace       used 35665K, capacity 36582K, committed 36864K, reserved 1081344K
  class space    used 4827K, capacity 5043K, committed 5120K, reserved 1048576K
