17:20:08,405 |-INFO in ch.qos.logback.classic.LoggerContext[default] - Could NOT find resource [logback-test.xml]
17:20:08,405 |-INFO in ch.qos.logback.classic.LoggerContext[default] - Could NOT find resource [logback.groovy]
17:20:08,405 |-INFO in ch.qos.logback.classic.LoggerContext[default] - Found resource [logback.xml] at [jar:file:/root/flamestream/lib/flamestream-runtime-1.0-SNAPSHOT.jar!/logback.xml]
17:20:08,406 |-WARN in ch.qos.logback.classic.LoggerContext[default] - Resource [logback.xml] occurs multiple times on the classpath.
17:20:08,406 |-WARN in ch.qos.logback.classic.LoggerContext[default] - Resource [logback.xml] occurs at [jar:file:/root/flamestream/lib/flamestream-runtime-1.0-SNAPSHOT.jar!/logback.xml]
17:20:08,406 |-WARN in ch.qos.logback.classic.LoggerContext[default] - Resource [logback.xml] occurs at [jar:file:/root/flamestream/flamestream-runtime-1.0-SNAPSHOT.jar!/logback.xml]
17:20:08,425 |-INFO in ch.qos.logback.core.joran.spi.ConfigurationWatchList@3fb6a447 - URL [jar:file:/root/flamestream/lib/flamestream-runtime-1.0-SNAPSHOT.jar!/logback.xml] is not of type file
17:20:08,491 |-INFO in ch.qos.logback.classic.joran.action.ConfigurationAction - debug attribute not set
17:20:08,492 |-INFO in ch.qos.logback.core.joran.action.AppenderAction - About to instantiate appender of type [ch.qos.logback.core.ConsoleAppender]
17:20:08,508 |-INFO in ch.qos.logback.core.joran.action.AppenderAction - Naming appender as [STDOUT]
17:20:08,527 |-INFO in ch.qos.logback.core.joran.action.NestedComplexPropertyIA - Assuming default type [ch.qos.logback.classic.encoder.PatternLayoutEncoder] for [encoder] property
17:20:08,611 |-INFO in ch.qos.logback.core.joran.action.AppenderAction - About to instantiate appender of type [ch.qos.logback.core.rolling.RollingFileAppender]
17:20:08,616 |-INFO in ch.qos.logback.core.joran.action.AppenderAction - Naming appender as [FILE]
17:20:08,647 |-INFO in c.q.l.core.rolling.TimeBasedRollingPolicy@127618319 - No compression will be used
17:20:08,649 |-INFO in c.q.l.core.rolling.TimeBasedRollingPolicy@127618319 - Will use the pattern /tmp/application_%d{yyyy-MM-dd}.%i.log for the active file
17:20:08,652 |-INFO in ch.qos.logback.core.rolling.SizeAndTimeBasedFNATP@6b2fad11 - The date pattern is 'yyyy-MM-dd' from file name pattern '/tmp/application_%d{yyyy-MM-dd}.%i.log'.
17:20:08,652 |-INFO in ch.qos.logback.core.rolling.SizeAndTimeBasedFNATP@6b2fad11 - Roll-over at midnight.
17:20:08,657 |-INFO in ch.qos.logback.core.rolling.SizeAndTimeBasedFNATP@6b2fad11 - Setting initial period to Mon Jun 10 17:18:36 UTC 2019
17:20:08,658 |-WARN in ch.qos.logback.core.rolling.SizeAndTimeBasedFNATP@6b2fad11 - SizeAndTimeBasedFNATP is deprecated. Use SizeAndTimeBasedRollingPolicy instead
17:20:08,658 |-WARN in ch.qos.logback.core.rolling.SizeAndTimeBasedFNATP@6b2fad11 - For more information see http://logback.qos.ch/manual/appenders.html#SizeAndTimeBasedRollingPolicy
17:20:08,662 |-INFO in ch.qos.logback.core.joran.action.NestedComplexPropertyIA - Assuming default type [ch.qos.logback.classic.encoder.PatternLayoutEncoder] for [encoder] property
17:20:08,667 |-INFO in ch.qos.logback.core.rolling.RollingFileAppender[FILE] - Active log file name: /tmp/application.log
17:20:08,667 |-INFO in ch.qos.logback.core.rolling.RollingFileAppender[FILE] - File property is set to [/tmp/application.log]
17:20:08,668 |-INFO in ch.qos.logback.classic.joran.action.RootLoggerAction - Setting level of ROOT logger to WARN
17:20:08,668 |-INFO in ch.qos.logback.core.joran.action.AppenderRefAction - Attaching appender named [STDOUT] to Logger[ROOT]
17:20:08,670 |-INFO in ch.qos.logback.core.joran.action.AppenderRefAction - Attaching appender named [FILE] to Logger[ROOT]
17:20:08,670 |-INFO in ch.qos.logback.classic.joran.action.ConfigurationAction - End of configuration.
17:20:08,670 |-INFO in ch.qos.logback.classic.joran.JoranConfigurator@79698539 - Registering current configuration as safe fallback point

Ama winner
Ama winner
2019-06-10T17:20:10.010+0000: 1.793: [Full GC (Metadata GC Threshold) 2019-06-10T17:20:10.010+0000: 1.793: [Tenured: 0K->15241K(341376K), 0.0408204 secs] 114986K->15241K(494976K), [Metaspace: 20732K->20732K(1067008K)], 0.0408950 secs] [Times: user=0.04 sys=0.00, real=0.04 secs] 
17:20:27.326 [Curator-PathChildrenCache-2] WARN  o.a.c.u.ZKPaths  - The version of ZooKeeper being used doesn't support Container nodes. CreateMode.PERSISTENT will be used instead.
2019-06-10T17:20:29.786+0000: 21.569: [GC (Allocation Failure) 2019-06-10T17:20:29.786+0000: 21.570: [DefNew: 118939K->17024K(153600K), 0.0204140 secs] 134181K->33227K(494976K), 0.0204853 secs] [Times: user=0.01 sys=0.00, real=0.02 secs] 
2019-06-10T17:20:30.230+0000: 22.014: [Full GC (Metadata GC Threshold) 2019-06-10T17:20:30.230+0000: 22.014: [Tenured: 16203K->44658K(341376K), 0.0448046 secs] 69016K->44658K(494976K), [Metaspace: 34637K->34637K(1079296K)], 0.0448795 secs] [Times: user=0.04 sys=0.00, real=0.04 secs] 
2019-06-10T17:20:32.990+0000: 24.773: [GC (Allocation Failure) 2019-06-10T17:20:32.990+0000: 24.773: [DefNew: 136576K->200K(153600K), 0.0022233 secs] 181234K->44859K(494976K), 0.0022784 secs] [Times: user=0.00 sys=0.00, real=0.00 secs] 
2019-06-10T17:20:35.560+0000: 27.343: [GC (Allocation Failure) 2019-06-10T17:20:35.560+0000: 27.344: [DefNew: 136776K->232K(153600K), 0.0020374 secs] 181435K->44891K(494976K), 0.0020920 secs] [Times: user=0.00 sys=0.00, real=0.00 secs] 
2019-06-10T17:20:38.278+0000: 30.061: [GC (Allocation Failure) 2019-06-10T17:20:38.278+0000: 30.061: [DefNew: 136808K->238K(153600K), 0.0020603 secs] 181467K->44897K(494976K), 0.0021140 secs] [Times: user=0.00 sys=0.00, real=0.00 secs] 
2019-06-10T17:20:40.899+0000: 32.683: [GC (Allocation Failure) 2019-06-10T17:20:40.899+0000: 32.683: [DefNew: 136814K->238K(153600K), 0.0020577 secs] 181473K->44897K(494976K), 0.0021144 secs] [Times: user=0.00 sys=0.00, real=0.00 secs] 
2019-06-10T17:20:43.550+0000: 35.333: [GC (Allocation Failure) 2019-06-10T17:20:43.550+0000: 35.333: [DefNew: 136814K->245K(153600K), 0.0021929 secs] 181473K->44903K(494976K), 0.0022455 secs] [Times: user=0.00 sys=0.00, real=0.00 secs] 
2019-06-10T17:20:46.184+0000: 37.968: [GC (Allocation Failure) 2019-06-10T17:20:46.184+0000: 37.968: [DefNew: 136821K->243K(153600K), 0.0020733 secs] 181479K->44901K(494976K), 0.0021305 secs] [Times: user=0.00 sys=0.00, real=0.01 secs] 
17:20:53.473 [Curator-PathChildrenCache-0] ERROR o.a.c.f.r.c.PathChildrenCache  - 
java.lang.IllegalStateException: instance must be started before calling this method
	at org.apache.curator.shaded.com.google.common.base.Preconditions.checkState(Preconditions.java:444)
	at org.apache.curator.framework.imps.CuratorFrameworkImpl.getChildren(CuratorFrameworkImpl.java:456)
	at org.apache.curator.framework.recipes.cache.PathChildrenCache.refresh(PathChildrenCache.java:521)
	at org.apache.curator.framework.recipes.cache.RefreshOperation.invoke(RefreshOperation.java:35)
	at org.apache.curator.framework.recipes.cache.PathChildrenCache$9.run(PathChildrenCache.java:786)
	at java.util.concurrent.Executors$RunnableAdapter.call(Executors.java:511)
	at java.util.concurrent.FutureTask.run(FutureTask.java:266)
	at java.util.concurrent.Executors$RunnableAdapter.call(Executors.java:511)
	at java.util.concurrent.FutureTask.run(FutureTask.java:266)
	at java.util.concurrent.ThreadPoolExecutor.runWorker(ThreadPoolExecutor.java:1149)
	at java.util.concurrent.ThreadPoolExecutor$Worker.run(ThreadPoolExecutor.java:624)
	at java.lang.Thread.run(Thread.java:748)
Heap
 def new generation   total 153600K, used 73332K [0x00000000e0c00000, 0x00000000eb2a0000, 0x00000000eb2a0000)
  eden space 136576K,  53% used [0x00000000e0c00000, 0x00000000e5360498, 0x00000000e9160000)
  from space 17024K,   1% used [0x00000000ea200000, 0x00000000ea23cd48, 0x00000000eb2a0000)
  to   space 17024K,   0% used [0x00000000e9160000, 0x00000000e9160000, 0x00000000ea200000)
 tenured generation   total 341376K, used 44658K [0x00000000eb2a0000, 0x0000000100000000, 0x0000000100000000)
   the space 341376K,  13% used [0x00000000eb2a0000, 0x00000000ede3ca78, 0x00000000ede3cc00, 0x0000000100000000)
 Metaspace       used 36154K, capacity 37136K, committed 37376K, reserved 1081344K
  class space    used 4861K, capacity 5062K, committed 5120K, reserved 1048576K
