17:08:13,547 |-INFO in ch.qos.logback.classic.LoggerContext[default] - Could NOT find resource [logback-test.xml]
17:08:13,547 |-INFO in ch.qos.logback.classic.LoggerContext[default] - Could NOT find resource [logback.groovy]
17:08:13,548 |-INFO in ch.qos.logback.classic.LoggerContext[default] - Found resource [logback.xml] at [jar:file:/root/flamestream/lib/flamestream-runtime-1.0-SNAPSHOT.jar!/logback.xml]
17:08:13,548 |-WARN in ch.qos.logback.classic.LoggerContext[default] - Resource [logback.xml] occurs multiple times on the classpath.
17:08:13,549 |-WARN in ch.qos.logback.classic.LoggerContext[default] - Resource [logback.xml] occurs at [jar:file:/root/flamestream/lib/flamestream-runtime-1.0-SNAPSHOT.jar!/logback.xml]
17:08:13,549 |-WARN in ch.qos.logback.classic.LoggerContext[default] - Resource [logback.xml] occurs at [jar:file:/root/flamestream/flamestream-runtime-1.0-SNAPSHOT.jar!/logback.xml]
17:08:13,569 |-INFO in ch.qos.logback.core.joran.spi.ConfigurationWatchList@3fb6a447 - URL [jar:file:/root/flamestream/lib/flamestream-runtime-1.0-SNAPSHOT.jar!/logback.xml] is not of type file
17:08:13,641 |-INFO in ch.qos.logback.classic.joran.action.ConfigurationAction - debug attribute not set
17:08:13,642 |-INFO in ch.qos.logback.core.joran.action.AppenderAction - About to instantiate appender of type [ch.qos.logback.core.ConsoleAppender]
17:08:13,657 |-INFO in ch.qos.logback.core.joran.action.AppenderAction - Naming appender as [STDOUT]
17:08:13,674 |-INFO in ch.qos.logback.core.joran.action.NestedComplexPropertyIA - Assuming default type [ch.qos.logback.classic.encoder.PatternLayoutEncoder] for [encoder] property
17:08:13,760 |-INFO in ch.qos.logback.core.joran.action.AppenderAction - About to instantiate appender of type [ch.qos.logback.core.rolling.RollingFileAppender]
17:08:13,769 |-INFO in ch.qos.logback.core.joran.action.AppenderAction - Naming appender as [FILE]
17:08:13,800 |-INFO in c.q.l.core.rolling.TimeBasedRollingPolicy@127618319 - No compression will be used
17:08:13,801 |-INFO in c.q.l.core.rolling.TimeBasedRollingPolicy@127618319 - Will use the pattern /tmp/application_%d{yyyy-MM-dd}.%i.log for the active file
17:08:13,804 |-INFO in ch.qos.logback.core.rolling.SizeAndTimeBasedFNATP@6b2fad11 - The date pattern is 'yyyy-MM-dd' from file name pattern '/tmp/application_%d{yyyy-MM-dd}.%i.log'.
17:08:13,804 |-INFO in ch.qos.logback.core.rolling.SizeAndTimeBasedFNATP@6b2fad11 - Roll-over at midnight.
17:08:13,810 |-INFO in ch.qos.logback.core.rolling.SizeAndTimeBasedFNATP@6b2fad11 - Setting initial period to Mon Jun 10 17:06:54 UTC 2019
17:08:13,810 |-WARN in ch.qos.logback.core.rolling.SizeAndTimeBasedFNATP@6b2fad11 - SizeAndTimeBasedFNATP is deprecated. Use SizeAndTimeBasedRollingPolicy instead
17:08:13,810 |-WARN in ch.qos.logback.core.rolling.SizeAndTimeBasedFNATP@6b2fad11 - For more information see http://logback.qos.ch/manual/appenders.html#SizeAndTimeBasedRollingPolicy
17:08:13,814 |-INFO in ch.qos.logback.core.joran.action.NestedComplexPropertyIA - Assuming default type [ch.qos.logback.classic.encoder.PatternLayoutEncoder] for [encoder] property
17:08:13,819 |-INFO in ch.qos.logback.core.rolling.RollingFileAppender[FILE] - Active log file name: /tmp/application.log
17:08:13,819 |-INFO in ch.qos.logback.core.rolling.RollingFileAppender[FILE] - File property is set to [/tmp/application.log]
17:08:13,820 |-INFO in ch.qos.logback.classic.joran.action.RootLoggerAction - Setting level of ROOT logger to WARN
17:08:13,820 |-INFO in ch.qos.logback.core.joran.action.AppenderRefAction - Attaching appender named [STDOUT] to Logger[ROOT]
17:08:13,822 |-INFO in ch.qos.logback.core.joran.action.AppenderRefAction - Attaching appender named [FILE] to Logger[ROOT]
17:08:13,822 |-INFO in ch.qos.logback.classic.joran.action.ConfigurationAction - End of configuration.
17:08:13,822 |-INFO in ch.qos.logback.classic.joran.JoranConfigurator@79698539 - Registering current configuration as safe fallback point

Ama winner
Ama winner
2019-06-10T17:08:15.136+0000: 1.774: [Full GC (Metadata GC Threshold) 2019-06-10T17:08:15.136+0000: 1.774: [Tenured: 0K->15175K(341376K), 0.0400534 secs] 114987K->15175K(494976K), [Metaspace: 20731K->20731K(1067008K)], 0.0401174 secs] [Times: user=0.04 sys=0.00, real=0.04 secs] 
17:08:36.311 [Curator-PathChildrenCache-1] WARN  o.a.c.u.ZKPaths  - The version of ZooKeeper being used doesn't support Container nodes. CreateMode.PERSISTENT will be used instead.
2019-06-10T17:08:38.487+0000: 25.126: [GC (Allocation Failure) 2019-06-10T17:08:38.487+0000: 25.126: [DefNew: 136576K->17023K(153600K), 0.0267384 secs] 151751K->52527K(494976K), 0.0268079 secs] [Times: user=0.02 sys=0.00, real=0.02 secs] 
2019-06-10T17:08:40.460+0000: 27.099: [Full GC (Metadata GC Threshold) 2019-06-10T17:08:40.460+0000: 27.099: [Tenured: 35503K->44109K(341376K), 0.0567461 secs] 89501K->44109K(494976K), [Metaspace: 34586K->34586K(1079296K)], 0.0568319 secs] [Times: user=0.06 sys=0.00, real=0.06 secs] 
2019-06-10T17:08:47.179+0000: 33.817: [GC (Allocation Failure) 2019-06-10T17:08:47.179+0000: 33.817: [DefNew: 136576K->83K(153600K), 0.0020467 secs] 180685K->44193K(494976K), 0.0021034 secs] [Times: user=0.00 sys=0.00, real=0.00 secs] 
2019-06-10T17:08:53.912+0000: 40.550: [GC (Allocation Failure) 2019-06-10T17:08:53.912+0000: 40.550: [DefNew: 136659K->97K(153600K), 0.0018336 secs] 180769K->44207K(494976K), 0.0018907 secs] [Times: user=0.00 sys=0.00, real=0.00 secs] 
2019-06-10T17:09:00.674+0000: 47.313: [GC (Allocation Failure) 2019-06-10T17:09:00.674+0000: 47.313: [DefNew: 136673K->92K(153600K), 0.0018744 secs] 180783K->44202K(494976K), 0.0019333 secs] [Times: user=0.00 sys=0.00, real=0.00 secs] 
2019-06-10T17:09:07.563+0000: 54.202: [GC (Allocation Failure) 2019-06-10T17:09:07.563+0000: 54.202: [DefNew: 136668K->92K(153600K), 0.0019307 secs] 180778K->44202K(494976K), 0.0019890 secs] [Times: user=0.00 sys=0.00, real=0.01 secs] 
2019-06-10T17:09:14.399+0000: 61.037: [GC (Allocation Failure) 2019-06-10T17:09:14.399+0000: 61.037: [DefNew: 136668K->92K(153600K), 0.0018285 secs] 180778K->44202K(494976K), 0.0018926 secs] [Times: user=0.00 sys=0.00, real=0.00 secs] 
17:09:25.652 [Curator-PathChildrenCache-0] ERROR o.a.c.f.r.c.PathChildrenCache  - 
java.lang.IllegalStateException: instance must be started before calling this method
	at org.apache.curator.shaded.com.google.common.base.Preconditions.checkState(Preconditions.java:444)
	at org.apache.curator.framework.imps.CuratorFrameworkImpl.getChildren(CuratorFrameworkImpl.java:456)
	at org.apache.curator.framework.recipes.cache.PathChildrenCache.refresh(PathChildrenCache.java:521)
	at org.apache.curator.framework.recipes.cache.RefreshOperation.invoke(RefreshOperation.java:35)
	at org.apache.curator.framework.recipes.cache.PathChildrenCache$9.run(PathChildrenCache.java:786)
	at java.util.concurrent.Executors$RunnableAdapter.call(Executors.java:511)
	at java.util.concurrent.FutureTask.run(FutureTask.java:266)
	at java.util.concurrent.Executors$RunnableAdapter.call(Executors.java:511)
	at java.util.concurrent.FutureTask.run(FutureTask.java:266)
	at java.util.concurrent.ThreadPoolExecutor.runWorker(ThreadPoolExecutor.java:1149)
	at java.util.concurrent.ThreadPoolExecutor$Worker.run(ThreadPoolExecutor.java:624)
	at java.lang.Thread.run(Thread.java:748)
Heap
 def new generation   total 153600K, used 91746K [0x00000000e0c00000, 0x00000000eb2a0000, 0x00000000eb2a0000)
  eden space 136576K,  67% used [0x00000000e0c00000, 0x00000000e6581728, 0x00000000e9160000)
  from space 17024K,   0% used [0x00000000e9160000, 0x00000000e91773f8, 0x00000000ea200000)
  to   space 17024K,   0% used [0x00000000ea200000, 0x00000000ea200000, 0x00000000eb2a0000)
 tenured generation   total 341376K, used 44109K [0x00000000eb2a0000, 0x0000000100000000, 0x0000000100000000)
   the space 341376K,  12% used [0x00000000eb2a0000, 0x00000000eddb37a8, 0x00000000eddb3800, 0x0000000100000000)
 Metaspace       used 36296K, capacity 37202K, committed 37376K, reserved 1081344K
  class space    used 4874K, capacity 5077K, committed 5120K, reserved 1048576K
