15:39:15,898 |-INFO in ch.qos.logback.classic.LoggerContext[default] - Could NOT find resource [logback-test.xml]
15:39:15,899 |-INFO in ch.qos.logback.classic.LoggerContext[default] - Could NOT find resource [logback.groovy]
15:39:15,899 |-INFO in ch.qos.logback.classic.LoggerContext[default] - Found resource [logback.xml] at [jar:file:/root/flamestream/lib/flamestream-runtime-1.0-SNAPSHOT.jar!/logback.xml]
15:39:15,900 |-WARN in ch.qos.logback.classic.LoggerContext[default] - Resource [logback.xml] occurs multiple times on the classpath.
15:39:15,900 |-WARN in ch.qos.logback.classic.LoggerContext[default] - Resource [logback.xml] occurs at [jar:file:/root/flamestream/lib/flamestream-runtime-1.0-SNAPSHOT.jar!/logback.xml]
15:39:15,900 |-WARN in ch.qos.logback.classic.LoggerContext[default] - Resource [logback.xml] occurs at [jar:file:/root/flamestream/flamestream-runtime-1.0-SNAPSHOT.jar!/logback.xml]
15:39:15,920 |-INFO in ch.qos.logback.core.joran.spi.ConfigurationWatchList@3fb6a447 - URL [jar:file:/root/flamestream/lib/flamestream-runtime-1.0-SNAPSHOT.jar!/logback.xml] is not of type file
15:39:15,990 |-INFO in ch.qos.logback.classic.joran.action.ConfigurationAction - debug attribute not set
15:39:15,990 |-INFO in ch.qos.logback.core.joran.action.AppenderAction - About to instantiate appender of type [ch.qos.logback.core.ConsoleAppender]
15:39:16,010 |-INFO in ch.qos.logback.core.joran.action.AppenderAction - Naming appender as [STDOUT]
15:39:16,025 |-INFO in ch.qos.logback.core.joran.action.NestedComplexPropertyIA - Assuming default type [ch.qos.logback.classic.encoder.PatternLayoutEncoder] for [encoder] property
15:39:16,111 |-INFO in ch.qos.logback.core.joran.action.AppenderAction - About to instantiate appender of type [ch.qos.logback.core.rolling.RollingFileAppender]
15:39:16,116 |-INFO in ch.qos.logback.core.joran.action.AppenderAction - Naming appender as [FILE]
15:39:16,148 |-INFO in c.q.l.core.rolling.TimeBasedRollingPolicy@127618319 - No compression will be used
15:39:16,149 |-INFO in c.q.l.core.rolling.TimeBasedRollingPolicy@127618319 - Will use the pattern /tmp/application_%d{yyyy-MM-dd}.%i.log for the active file
15:39:16,151 |-INFO in ch.qos.logback.core.rolling.SizeAndTimeBasedFNATP@6b2fad11 - The date pattern is 'yyyy-MM-dd' from file name pattern '/tmp/application_%d{yyyy-MM-dd}.%i.log'.
15:39:16,151 |-INFO in ch.qos.logback.core.rolling.SizeAndTimeBasedFNATP@6b2fad11 - Roll-over at midnight.
15:39:16,157 |-INFO in ch.qos.logback.core.rolling.SizeAndTimeBasedFNATP@6b2fad11 - Setting initial period to Mon Jun 10 15:37:56 UTC 2019
15:39:16,157 |-WARN in ch.qos.logback.core.rolling.SizeAndTimeBasedFNATP@6b2fad11 - SizeAndTimeBasedFNATP is deprecated. Use SizeAndTimeBasedRollingPolicy instead
15:39:16,157 |-WARN in ch.qos.logback.core.rolling.SizeAndTimeBasedFNATP@6b2fad11 - For more information see http://logback.qos.ch/manual/appenders.html#SizeAndTimeBasedRollingPolicy
15:39:16,161 |-INFO in ch.qos.logback.core.joran.action.NestedComplexPropertyIA - Assuming default type [ch.qos.logback.classic.encoder.PatternLayoutEncoder] for [encoder] property
15:39:16,165 |-INFO in ch.qos.logback.core.rolling.RollingFileAppender[FILE] - Active log file name: /tmp/application.log
15:39:16,165 |-INFO in ch.qos.logback.core.rolling.RollingFileAppender[FILE] - File property is set to [/tmp/application.log]
15:39:16,166 |-INFO in ch.qos.logback.classic.joran.action.RootLoggerAction - Setting level of ROOT logger to WARN
15:39:16,166 |-INFO in ch.qos.logback.core.joran.action.AppenderRefAction - Attaching appender named [STDOUT] to Logger[ROOT]
15:39:16,168 |-INFO in ch.qos.logback.core.joran.action.AppenderRefAction - Attaching appender named [FILE] to Logger[ROOT]
15:39:16,168 |-INFO in ch.qos.logback.classic.joran.action.ConfigurationAction - End of configuration.
15:39:16,169 |-INFO in ch.qos.logback.classic.joran.JoranConfigurator@79698539 - Registering current configuration as safe fallback point

Ama winner
Ama winner
2019-06-10T15:39:17.461+0000: 1.746: [Full GC (Metadata GC Threshold) 2019-06-10T15:39:17.461+0000: 1.746: [Tenured: 0K->15143K(341376K), 0.0399849 secs] 114923K->15143K(494976K), [Metaspace: 20733K->20733K(1067008K)], 0.0400528 secs] [Times: user=0.03 sys=0.01, real=0.04 secs] 
15:39:31.014 [Curator-PathChildrenCache-1] WARN  o.a.c.u.ZKPaths  - The version of ZooKeeper being used doesn't support Container nodes. CreateMode.PERSISTENT will be used instead.
2019-06-10T15:39:33.488+0000: 17.773: [GC (Allocation Failure) 2019-06-10T15:39:33.488+0000: 17.773: [DefNew: 136576K->17024K(153600K), 0.0328130 secs] 151719K->52773K(494976K), 0.0328788 secs] [Times: user=0.03 sys=0.00, real=0.03 secs] 
2019-06-10T15:39:35.186+0000: 19.471: [Full GC (Metadata GC Threshold) 2019-06-10T15:39:35.186+0000: 19.471: [Tenured: 35749K->44600K(341376K), 0.0425998 secs] 88360K->44600K(494976K), [Metaspace: 34585K->34585K(1079296K)], 0.0426740 secs] [Times: user=0.04 sys=0.00, real=0.04 secs] 
2019-06-10T15:39:42.485+0000: 26.770: [GC (Allocation Failure) 2019-06-10T15:39:42.485+0000: 26.770: [DefNew: 136576K->67K(153600K), 0.0017394 secs] 181176K->44668K(494976K), 0.0018083 secs] [Times: user=0.00 sys=0.00, real=0.01 secs] 
2019-06-10T15:39:49.912+0000: 34.197: [GC (Allocation Failure) 2019-06-10T15:39:49.912+0000: 34.197: [DefNew: 136643K->70K(153600K), 0.0017089 secs] 181244K->44670K(494976K), 0.0017893 secs] [Times: user=0.00 sys=0.00, real=0.01 secs] 
2019-06-10T15:39:57.371+0000: 41.656: [GC (Allocation Failure) 2019-06-10T15:39:57.371+0000: 41.656: [DefNew: 136646K->72K(153600K), 0.0017395 secs] 181246K->44672K(494976K), 0.0018264 secs] [Times: user=0.00 sys=0.00, real=0.00 secs] 
2019-06-10T15:40:04.925+0000: 49.210: [GC (Allocation Failure) 2019-06-10T15:40:04.925+0000: 49.210: [DefNew: 136648K->69K(153600K), 0.0017397 secs] 181248K->44670K(494976K), 0.0017992 secs] [Times: user=0.00 sys=0.00, real=0.01 secs] 
2019-06-10T15:40:12.417+0000: 56.702: [GC (Allocation Failure) 2019-06-10T15:40:12.417+0000: 56.702: [DefNew: 136645K->73K(153600K), 0.0017573 secs] 181246K->44673K(494976K), 0.0018175 secs] [Times: user=0.00 sys=0.00, real=0.00 secs] 
15:40:24.147 [Curator-PathChildrenCache-0] ERROR o.a.c.f.r.c.PathChildrenCache  - 
java.lang.IllegalStateException: instance must be started before calling this method
	at org.apache.curator.shaded.com.google.common.base.Preconditions.checkState(Preconditions.java:444)
	at org.apache.curator.framework.imps.CuratorFrameworkImpl.getChildren(CuratorFrameworkImpl.java:456)
	at org.apache.curator.framework.recipes.cache.PathChildrenCache.refresh(PathChildrenCache.java:521)
	at org.apache.curator.framework.recipes.cache.RefreshOperation.invoke(RefreshOperation.java:35)
	at org.apache.curator.framework.recipes.cache.PathChildrenCache$9.run(PathChildrenCache.java:786)
	at java.util.concurrent.Executors$RunnableAdapter.call(Executors.java:511)
	at java.util.concurrent.FutureTask.run(FutureTask.java:266)
	at java.util.concurrent.Executors$RunnableAdapter.call(Executors.java:511)
	at java.util.concurrent.FutureTask.run(FutureTask.java:266)
	at java.util.concurrent.ThreadPoolExecutor.runWorker(ThreadPoolExecutor.java:1149)
	at java.util.concurrent.ThreadPoolExecutor$Worker.run(ThreadPoolExecutor.java:624)
	at java.lang.Thread.run(Thread.java:748)
Heap
 def new generation   total 153600K, used 96498K [0x00000000e0c00000, 0x00000000eb2a0000, 0x00000000eb2a0000)
  eden space 136576K,  70% used [0x00000000e0c00000, 0x00000000e6a2a490, 0x00000000e9160000)
  from space 17024K,   0% used [0x00000000e9160000, 0x00000000e9172540, 0x00000000ea200000)
  to   space 17024K,   0% used [0x00000000ea200000, 0x00000000ea200000, 0x00000000eb2a0000)
 tenured generation   total 341376K, used 44600K [0x00000000eb2a0000, 0x0000000100000000, 0x0000000100000000)
   the space 341376K,  13% used [0x00000000eb2a0000, 0x00000000ede2e148, 0x00000000ede2e200, 0x0000000100000000)
 Metaspace       used 36087K, capacity 36928K, committed 37120K, reserved 1081344K
  class space    used 4870K, capacity 5074K, committed 5120K, reserved 1048576K
