19:11:48,712 |-INFO in ch.qos.logback.classic.LoggerContext[default] - Could NOT find resource [logback-test.xml]
19:11:48,712 |-INFO in ch.qos.logback.classic.LoggerContext[default] - Could NOT find resource [logback.groovy]
19:11:48,713 |-INFO in ch.qos.logback.classic.LoggerContext[default] - Found resource [logback.xml] at [jar:file:/root/flamestream/lib/flamestream-runtime-1.0-SNAPSHOT.jar!/logback.xml]
19:11:48,714 |-WARN in ch.qos.logback.classic.LoggerContext[default] - Resource [logback.xml] occurs multiple times on the classpath.
19:11:48,714 |-WARN in ch.qos.logback.classic.LoggerContext[default] - Resource [logback.xml] occurs at [jar:file:/root/flamestream/lib/flamestream-runtime-1.0-SNAPSHOT.jar!/logback.xml]
19:11:48,714 |-WARN in ch.qos.logback.classic.LoggerContext[default] - Resource [logback.xml] occurs at [jar:file:/root/flamestream/flamestream-runtime-1.0-SNAPSHOT.jar!/logback.xml]
19:11:48,733 |-INFO in ch.qos.logback.core.joran.spi.ConfigurationWatchList@3fb6a447 - URL [jar:file:/root/flamestream/lib/flamestream-runtime-1.0-SNAPSHOT.jar!/logback.xml] is not of type file
19:11:48,799 |-INFO in ch.qos.logback.classic.joran.action.ConfigurationAction - debug attribute not set
19:11:48,800 |-INFO in ch.qos.logback.core.joran.action.AppenderAction - About to instantiate appender of type [ch.qos.logback.core.ConsoleAppender]
19:11:48,816 |-INFO in ch.qos.logback.core.joran.action.AppenderAction - Naming appender as [STDOUT]
19:11:48,834 |-INFO in ch.qos.logback.core.joran.action.NestedComplexPropertyIA - Assuming default type [ch.qos.logback.classic.encoder.PatternLayoutEncoder] for [encoder] property
19:11:48,917 |-INFO in ch.qos.logback.core.joran.action.AppenderAction - About to instantiate appender of type [ch.qos.logback.core.rolling.RollingFileAppender]
19:11:48,926 |-INFO in ch.qos.logback.core.joran.action.AppenderAction - Naming appender as [FILE]
19:11:48,955 |-INFO in c.q.l.core.rolling.TimeBasedRollingPolicy@127618319 - No compression will be used
19:11:48,956 |-INFO in c.q.l.core.rolling.TimeBasedRollingPolicy@127618319 - Will use the pattern /tmp/application_%d{yyyy-MM-dd}.%i.log for the active file
19:11:48,959 |-INFO in ch.qos.logback.core.rolling.SizeAndTimeBasedFNATP@6b2fad11 - The date pattern is 'yyyy-MM-dd' from file name pattern '/tmp/application_%d{yyyy-MM-dd}.%i.log'.
19:11:48,959 |-INFO in ch.qos.logback.core.rolling.SizeAndTimeBasedFNATP@6b2fad11 - Roll-over at midnight.
19:11:48,965 |-INFO in ch.qos.logback.core.rolling.SizeAndTimeBasedFNATP@6b2fad11 - Setting initial period to Mon Jun 10 19:10:24 UTC 2019
19:11:48,965 |-WARN in ch.qos.logback.core.rolling.SizeAndTimeBasedFNATP@6b2fad11 - SizeAndTimeBasedFNATP is deprecated. Use SizeAndTimeBasedRollingPolicy instead
19:11:48,965 |-WARN in ch.qos.logback.core.rolling.SizeAndTimeBasedFNATP@6b2fad11 - For more information see http://logback.qos.ch/manual/appenders.html#SizeAndTimeBasedRollingPolicy
19:11:48,969 |-INFO in ch.qos.logback.core.joran.action.NestedComplexPropertyIA - Assuming default type [ch.qos.logback.classic.encoder.PatternLayoutEncoder] for [encoder] property
19:11:48,974 |-INFO in ch.qos.logback.core.rolling.RollingFileAppender[FILE] - Active log file name: /tmp/application.log
19:11:48,974 |-INFO in ch.qos.logback.core.rolling.RollingFileAppender[FILE] - File property is set to [/tmp/application.log]
19:11:48,975 |-INFO in ch.qos.logback.classic.joran.action.RootLoggerAction - Setting level of ROOT logger to WARN
19:11:48,975 |-INFO in ch.qos.logback.core.joran.action.AppenderRefAction - Attaching appender named [STDOUT] to Logger[ROOT]
19:11:48,977 |-INFO in ch.qos.logback.core.joran.action.AppenderRefAction - Attaching appender named [FILE] to Logger[ROOT]
19:11:48,977 |-INFO in ch.qos.logback.classic.joran.action.ConfigurationAction - End of configuration.
19:11:48,978 |-INFO in ch.qos.logback.classic.joran.JoranConfigurator@79698539 - Registering current configuration as safe fallback point

Ama winner
Ama winner
2019-06-10T19:11:50.624+0000: 2.101: [Full GC (Metadata GC Threshold) 2019-06-10T19:11:50.624+0000: 2.101: [Tenured: 0K->15178K(341376K), 0.0417089 secs] 120482K->15178K(494976K), [Metaspace: 20739K->20739K(1067008K)], 0.0417858 secs] [Times: user=0.03 sys=0.00, real=0.05 secs] 
19:12:10.182 [Curator-PathChildrenCache-1] WARN  o.a.c.u.ZKPaths  - The version of ZooKeeper being used doesn't support Container nodes. CreateMode.PERSISTENT will be used instead.
2019-06-10T19:12:12.521+0000: 23.998: [GC (Allocation Failure) 2019-06-10T19:12:12.521+0000: 23.998: [DefNew: 136576K->17023K(153600K), 0.0301615 secs] 151754K->52511K(494976K), 0.0302511 secs] [Times: user=0.02 sys=0.01, real=0.03 secs] 
2019-06-10T19:12:14.466+0000: 25.943: [Full GC (Metadata GC Threshold) 2019-06-10T19:12:14.466+0000: 25.943: [Tenured: 35487K->43890K(341376K), 0.0548088 secs] 90707K->43890K(494976K), [Metaspace: 34563K->34563K(1079296K)], 0.0548958 secs] [Times: user=0.05 sys=0.00, real=0.05 secs] 
2019-06-10T19:12:22.788+0000: 34.266: [GC (Allocation Failure) 2019-06-10T19:12:22.788+0000: 34.266: [DefNew: 136576K->77K(153600K), 0.0019772 secs] 180466K->43968K(494976K), 0.0020357 secs] [Times: user=0.00 sys=0.00, real=0.00 secs] 
2019-06-10T19:12:31.021+0000: 42.498: [GC (Allocation Failure) 2019-06-10T19:12:31.021+0000: 42.498: [DefNew: 136653K->71K(153600K), 0.0018321 secs] 180544K->43962K(494976K), 0.0018944 secs] [Times: user=0.00 sys=0.00, real=0.00 secs] 
2019-06-10T19:12:39.357+0000: 50.835: [GC (Allocation Failure) 2019-06-10T19:12:39.357+0000: 50.835: [DefNew: 136647K->75K(153600K), 0.0018023 secs] 180538K->43966K(494976K), 0.0018586 secs] [Times: user=0.00 sys=0.00, real=0.00 secs] 
2019-06-10T19:12:47.759+0000: 59.236: [GC (Allocation Failure) 2019-06-10T19:12:47.759+0000: 59.236: [DefNew: 136651K->75K(153600K), 0.0018837 secs] 180542K->43965K(494976K), 0.0019410 secs] [Times: user=0.00 sys=0.00, real=0.00 secs] 
2019-06-10T19:12:56.854+0000: 68.331: [GC (Allocation Failure) 2019-06-10T19:12:56.854+0000: 68.331: [DefNew: 136651K->401K(153600K), 0.0024242 secs] 180541K->44292K(494976K), 0.0024944 secs] [Times: user=0.00 sys=0.00, real=0.00 secs] 
2019-06-10T19:13:11.645+0000: 83.123: [GC (Allocation Failure) 2019-06-10T19:13:11.645+0000: 83.123: [DefNew: 136977K->148K(153600K), 0.0020479 secs] 180868K->44039K(494976K), 0.0021162 secs] [Times: user=0.00 sys=0.00, real=0.00 secs] 
19:13:23.385 [Curator-PathChildrenCache-0] ERROR o.a.c.f.r.c.PathChildrenCache  - 
java.lang.IllegalStateException: instance must be started before calling this method
	at org.apache.curator.shaded.com.google.common.base.Preconditions.checkState(Preconditions.java:444)
	at org.apache.curator.framework.imps.CuratorFrameworkImpl.getChildren(CuratorFrameworkImpl.java:456)
	at org.apache.curator.framework.recipes.cache.PathChildrenCache.refresh(PathChildrenCache.java:521)
	at org.apache.curator.framework.recipes.cache.RefreshOperation.invoke(RefreshOperation.java:35)
	at org.apache.curator.framework.recipes.cache.PathChildrenCache$9.run(PathChildrenCache.java:786)
	at java.util.concurrent.Executors$RunnableAdapter.call(Executors.java:511)
	at java.util.concurrent.FutureTask.run(FutureTask.java:266)
	at java.util.concurrent.Executors$RunnableAdapter.call(Executors.java:511)
	at java.util.concurrent.FutureTask.run(FutureTask.java:266)
	at java.util.concurrent.ThreadPoolExecutor.runWorker(ThreadPoolExecutor.java:1149)
	at java.util.concurrent.ThreadPoolExecutor$Worker.run(ThreadPoolExecutor.java:624)
	at java.lang.Thread.run(Thread.java:748)
Heap
 def new generation   total 153600K, used 40449K [0x00000000e0c00000, 0x00000000eb2a0000, 0x00000000eb2a0000)
  eden space 136576K,  29% used [0x00000000e0c00000, 0x00000000e335b3a0, 0x00000000e9160000)
  from space 17024K,   0% used [0x00000000ea200000, 0x00000000ea225238, 0x00000000eb2a0000)
  to   space 17024K,   0% used [0x00000000e9160000, 0x00000000e9160000, 0x00000000ea200000)
 tenured generation   total 341376K, used 43890K [0x00000000eb2a0000, 0x0000000100000000, 0x0000000100000000)
   the space 341376K,  12% used [0x00000000eb2a0000, 0x00000000edd7caa0, 0x00000000edd7cc00, 0x0000000100000000)
 Metaspace       used 36143K, capacity 37070K, committed 37376K, reserved 1081344K
  class space    used 4870K, capacity 5087K, committed 5120K, reserved 1048576K
