15:36:53,399 |-INFO in ch.qos.logback.classic.LoggerContext[default] - Could NOT find resource [logback-test.xml]
15:36:53,403 |-INFO in ch.qos.logback.classic.LoggerContext[default] - Could NOT find resource [logback.groovy]
15:36:53,403 |-INFO in ch.qos.logback.classic.LoggerContext[default] - Found resource [logback.xml] at [jar:file:/root/flamestream/lib/flamestream-runtime-1.0-SNAPSHOT.jar!/logback.xml]
15:36:53,404 |-WARN in ch.qos.logback.classic.LoggerContext[default] - Resource [logback.xml] occurs multiple times on the classpath.
15:36:53,404 |-WARN in ch.qos.logback.classic.LoggerContext[default] - Resource [logback.xml] occurs at [jar:file:/root/flamestream/lib/flamestream-runtime-1.0-SNAPSHOT.jar!/logback.xml]
15:36:53,404 |-WARN in ch.qos.logback.classic.LoggerContext[default] - Resource [logback.xml] occurs at [jar:file:/root/flamestream/flamestream-runtime-1.0-SNAPSHOT.jar!/logback.xml]
15:36:53,423 |-INFO in ch.qos.logback.core.joran.spi.ConfigurationWatchList@3fb6a447 - URL [jar:file:/root/flamestream/lib/flamestream-runtime-1.0-SNAPSHOT.jar!/logback.xml] is not of type file
15:36:53,489 |-INFO in ch.qos.logback.classic.joran.action.ConfigurationAction - debug attribute not set
15:36:53,490 |-INFO in ch.qos.logback.core.joran.action.AppenderAction - About to instantiate appender of type [ch.qos.logback.core.ConsoleAppender]
15:36:53,506 |-INFO in ch.qos.logback.core.joran.action.AppenderAction - Naming appender as [STDOUT]
15:36:53,526 |-INFO in ch.qos.logback.core.joran.action.NestedComplexPropertyIA - Assuming default type [ch.qos.logback.classic.encoder.PatternLayoutEncoder] for [encoder] property
15:36:53,605 |-INFO in ch.qos.logback.core.joran.action.AppenderAction - About to instantiate appender of type [ch.qos.logback.core.rolling.RollingFileAppender]
15:36:53,613 |-INFO in ch.qos.logback.core.joran.action.AppenderAction - Naming appender as [FILE]
15:36:53,641 |-INFO in c.q.l.core.rolling.TimeBasedRollingPolicy@127618319 - No compression will be used
15:36:53,643 |-INFO in c.q.l.core.rolling.TimeBasedRollingPolicy@127618319 - Will use the pattern /tmp/application_%d{yyyy-MM-dd}.%i.log for the active file
15:36:53,645 |-INFO in ch.qos.logback.core.rolling.SizeAndTimeBasedFNATP@6b2fad11 - The date pattern is 'yyyy-MM-dd' from file name pattern '/tmp/application_%d{yyyy-MM-dd}.%i.log'.
15:36:53,645 |-INFO in ch.qos.logback.core.rolling.SizeAndTimeBasedFNATP@6b2fad11 - Roll-over at midnight.
15:36:53,651 |-INFO in ch.qos.logback.core.rolling.SizeAndTimeBasedFNATP@6b2fad11 - Setting initial period to Mon Jun 10 15:35:34 UTC 2019
15:36:53,651 |-WARN in ch.qos.logback.core.rolling.SizeAndTimeBasedFNATP@6b2fad11 - SizeAndTimeBasedFNATP is deprecated. Use SizeAndTimeBasedRollingPolicy instead
15:36:53,651 |-WARN in ch.qos.logback.core.rolling.SizeAndTimeBasedFNATP@6b2fad11 - For more information see http://logback.qos.ch/manual/appenders.html#SizeAndTimeBasedRollingPolicy
15:36:53,655 |-INFO in ch.qos.logback.core.joran.action.NestedComplexPropertyIA - Assuming default type [ch.qos.logback.classic.encoder.PatternLayoutEncoder] for [encoder] property
15:36:53,660 |-INFO in ch.qos.logback.core.rolling.RollingFileAppender[FILE] - Active log file name: /tmp/application.log
15:36:53,661 |-INFO in ch.qos.logback.core.rolling.RollingFileAppender[FILE] - File property is set to [/tmp/application.log]
15:36:53,661 |-INFO in ch.qos.logback.classic.joran.action.RootLoggerAction - Setting level of ROOT logger to WARN
15:36:53,661 |-INFO in ch.qos.logback.core.joran.action.AppenderRefAction - Attaching appender named [STDOUT] to Logger[ROOT]
15:36:53,663 |-INFO in ch.qos.logback.core.joran.action.AppenderRefAction - Attaching appender named [FILE] to Logger[ROOT]
15:36:53,663 |-INFO in ch.qos.logback.classic.joran.action.ConfigurationAction - End of configuration.
15:36:53,664 |-INFO in ch.qos.logback.classic.joran.JoranConfigurator@79698539 - Registering current configuration as safe fallback point

Ama winner
Ama winner
2019-06-10T15:36:54.934+0000: 1.714: [Full GC (Metadata GC Threshold) 2019-06-10T15:36:54.934+0000: 1.714: [Tenured: 0K->15176K(341376K), 0.0408289 secs] 114923K->15176K(494976K), [Metaspace: 20736K->20736K(1067008K)], 0.0408971 secs] [Times: user=0.04 sys=0.00, real=0.04 secs] 
15:37:08.620 [Curator-PathChildrenCache-1] WARN  o.a.c.u.ZKPaths  - The version of ZooKeeper being used doesn't support Container nodes. CreateMode.PERSISTENT will be used instead.
2019-06-10T15:37:11.151+0000: 17.930: [GC (Allocation Failure) 2019-06-10T15:37:11.151+0000: 17.930: [DefNew: 136576K->17024K(153600K), 0.0274322 secs] 151752K->52335K(494976K), 0.0275188 secs] [Times: user=0.02 sys=0.01, real=0.03 secs] 
2019-06-10T15:37:12.288+0000: 19.068: [Full GC (Metadata GC Threshold) 2019-06-10T15:37:12.288+0000: 19.068: [Tenured: 35311K->43969K(341376K), 0.0389495 secs] 79482K->43969K(494976K), [Metaspace: 34579K->34579K(1079296K)], 0.0390283 secs] [Times: user=0.04 sys=0.01, real=0.04 secs] 
2019-06-10T15:37:18.866+0000: 25.645: [GC (Allocation Failure) 2019-06-10T15:37:18.866+0000: 25.645: [DefNew: 136576K->97K(153600K), 0.0019553 secs] 180545K->44067K(494976K), 0.0020134 secs] [Times: user=0.00 sys=0.00, real=0.00 secs] 
2019-06-10T15:37:25.414+0000: 32.194: [GC (Allocation Failure) 2019-06-10T15:37:25.414+0000: 32.194: [DefNew: 136673K->102K(153600K), 0.0018099 secs] 180643K->44072K(494976K), 0.0018691 secs] [Times: user=0.00 sys=0.00, real=0.00 secs] 
2019-06-10T15:37:32.072+0000: 38.852: [GC (Allocation Failure) 2019-06-10T15:37:32.073+0000: 38.852: [DefNew: 136678K->103K(153600K), 0.0018756 secs] 180648K->44072K(494976K), 0.0019374 secs] [Times: user=0.00 sys=0.00, real=0.00 secs] 
2019-06-10T15:37:38.652+0000: 45.431: [GC (Allocation Failure) 2019-06-10T15:37:38.652+0000: 45.431: [DefNew: 136679K->102K(153600K), 0.0019103 secs] 180648K->44072K(494976K), 0.0019757 secs] [Times: user=0.00 sys=0.00, real=0.00 secs] 
2019-06-10T15:37:45.247+0000: 52.027: [GC (Allocation Failure) 2019-06-10T15:37:45.247+0000: 52.027: [DefNew: 136678K->104K(153600K), 0.0018291 secs] 180648K->44074K(494976K), 0.0018910 secs] [Times: user=0.01 sys=0.00, real=0.00 secs] 
15:37:56.510 [Curator-PathChildrenCache-0] ERROR o.a.c.f.r.c.PathChildrenCache  - 
java.lang.IllegalStateException: instance must be started before calling this method
	at org.apache.curator.shaded.com.google.common.base.Preconditions.checkState(Preconditions.java:444)
	at org.apache.curator.framework.imps.CuratorFrameworkImpl.getChildren(CuratorFrameworkImpl.java:456)
	at org.apache.curator.framework.recipes.cache.PathChildrenCache.refresh(PathChildrenCache.java:521)
	at org.apache.curator.framework.recipes.cache.RefreshOperation.invoke(RefreshOperation.java:35)
	at org.apache.curator.framework.recipes.cache.PathChildrenCache$9.run(PathChildrenCache.java:786)
	at java.util.concurrent.Executors$RunnableAdapter.call(Executors.java:511)
	at java.util.concurrent.FutureTask.run(FutureTask.java:266)
	at java.util.concurrent.Executors$RunnableAdapter.call(Executors.java:511)
	at java.util.concurrent.FutureTask.run(FutureTask.java:266)
	at java.util.concurrent.ThreadPoolExecutor.runWorker(ThreadPoolExecutor.java:1149)
	at java.util.concurrent.ThreadPoolExecutor$Worker.run(ThreadPoolExecutor.java:624)
	at java.lang.Thread.run(Thread.java:748)
Heap
 def new generation   total 153600K, used 121057K [0x00000000e0c00000, 0x00000000eb2a0000, 0x00000000eb2a0000)
  eden space 136576K,  88% used [0x00000000e0c00000, 0x00000000e821e328, 0x00000000e9160000)
  from space 17024K,   0% used [0x00000000e9160000, 0x00000000e917a3c8, 0x00000000ea200000)
  to   space 17024K,   0% used [0x00000000ea200000, 0x00000000ea200000, 0x00000000eb2a0000)
 tenured generation   total 341376K, used 43969K [0x00000000eb2a0000, 0x0000000100000000, 0x0000000100000000)
   the space 341376K,  12% used [0x00000000eb2a0000, 0x00000000edd90608, 0x00000000edd90800, 0x0000000100000000)
 Metaspace       used 36237K, capacity 37130K, committed 37376K, reserved 1081344K
  class space    used 4873K, capacity 5075K, committed 5120K, reserved 1048576K
