16:20:48,769 |-INFO in ch.qos.logback.classic.LoggerContext[default] - Could NOT find resource [logback-test.xml]
16:20:48,769 |-INFO in ch.qos.logback.classic.LoggerContext[default] - Could NOT find resource [logback.groovy]
16:20:48,770 |-INFO in ch.qos.logback.classic.LoggerContext[default] - Found resource [logback.xml] at [jar:file:/root/flamestream/lib/flamestream-runtime-1.0-SNAPSHOT.jar!/logback.xml]
16:20:48,770 |-WARN in ch.qos.logback.classic.LoggerContext[default] - Resource [logback.xml] occurs multiple times on the classpath.
16:20:48,770 |-WARN in ch.qos.logback.classic.LoggerContext[default] - Resource [logback.xml] occurs at [jar:file:/root/flamestream/lib/flamestream-runtime-1.0-SNAPSHOT.jar!/logback.xml]
16:20:48,770 |-WARN in ch.qos.logback.classic.LoggerContext[default] - Resource [logback.xml] occurs at [jar:file:/root/flamestream/flamestream-runtime-1.0-SNAPSHOT.jar!/logback.xml]
16:20:48,789 |-INFO in ch.qos.logback.core.joran.spi.ConfigurationWatchList@3fb6a447 - URL [jar:file:/root/flamestream/lib/flamestream-runtime-1.0-SNAPSHOT.jar!/logback.xml] is not of type file
16:20:48,853 |-INFO in ch.qos.logback.classic.joran.action.ConfigurationAction - debug attribute not set
16:20:48,854 |-INFO in ch.qos.logback.core.joran.action.AppenderAction - About to instantiate appender of type [ch.qos.logback.core.ConsoleAppender]
16:20:48,869 |-INFO in ch.qos.logback.core.joran.action.AppenderAction - Naming appender as [STDOUT]
16:20:48,887 |-INFO in ch.qos.logback.core.joran.action.NestedComplexPropertyIA - Assuming default type [ch.qos.logback.classic.encoder.PatternLayoutEncoder] for [encoder] property
16:20:48,975 |-INFO in ch.qos.logback.core.joran.action.AppenderAction - About to instantiate appender of type [ch.qos.logback.core.rolling.RollingFileAppender]
16:20:48,983 |-INFO in ch.qos.logback.core.joran.action.AppenderAction - Naming appender as [FILE]
16:20:49,014 |-INFO in c.q.l.core.rolling.TimeBasedRollingPolicy@127618319 - No compression will be used
16:20:49,015 |-INFO in c.q.l.core.rolling.TimeBasedRollingPolicy@127618319 - Will use the pattern /tmp/application_%d{yyyy-MM-dd}.%i.log for the active file
16:20:49,018 |-INFO in ch.qos.logback.core.rolling.SizeAndTimeBasedFNATP@6b2fad11 - The date pattern is 'yyyy-MM-dd' from file name pattern '/tmp/application_%d{yyyy-MM-dd}.%i.log'.
16:20:49,018 |-INFO in ch.qos.logback.core.rolling.SizeAndTimeBasedFNATP@6b2fad11 - Roll-over at midnight.
16:20:49,023 |-INFO in ch.qos.logback.core.rolling.SizeAndTimeBasedFNATP@6b2fad11 - Setting initial period to Mon Jun 10 16:19:23 UTC 2019
16:20:49,023 |-WARN in ch.qos.logback.core.rolling.SizeAndTimeBasedFNATP@6b2fad11 - SizeAndTimeBasedFNATP is deprecated. Use SizeAndTimeBasedRollingPolicy instead
16:20:49,023 |-WARN in ch.qos.logback.core.rolling.SizeAndTimeBasedFNATP@6b2fad11 - For more information see http://logback.qos.ch/manual/appenders.html#SizeAndTimeBasedRollingPolicy
16:20:49,027 |-INFO in ch.qos.logback.core.joran.action.NestedComplexPropertyIA - Assuming default type [ch.qos.logback.classic.encoder.PatternLayoutEncoder] for [encoder] property
16:20:49,032 |-INFO in ch.qos.logback.core.rolling.RollingFileAppender[FILE] - Active log file name: /tmp/application.log
16:20:49,032 |-INFO in ch.qos.logback.core.rolling.RollingFileAppender[FILE] - File property is set to [/tmp/application.log]
16:20:49,033 |-INFO in ch.qos.logback.classic.joran.action.RootLoggerAction - Setting level of ROOT logger to WARN
16:20:49,033 |-INFO in ch.qos.logback.core.joran.action.AppenderRefAction - Attaching appender named [STDOUT] to Logger[ROOT]
16:20:49,033 |-INFO in ch.qos.logback.core.joran.action.AppenderRefAction - Attaching appender named [FILE] to Logger[ROOT]
16:20:49,033 |-INFO in ch.qos.logback.classic.joran.action.ConfigurationAction - End of configuration.
16:20:49,034 |-INFO in ch.qos.logback.classic.joran.JoranConfigurator@79698539 - Registering current configuration as safe fallback point

Ama winner
Ama winner
2019-06-10T16:20:50.253+0000: 1.669: [Full GC (Metadata GC Threshold) 2019-06-10T16:20:50.253+0000: 1.669: [Tenured: 0K->15242K(341376K), 0.0346239 secs] 117750K->15242K(494976K), [Metaspace: 20735K->20735K(1067008K)], 0.0346901 secs] [Times: user=0.03 sys=0.00, real=0.04 secs] 
16:21:07.918 [Curator-PathChildrenCache-1] WARN  o.a.c.u.ZKPaths  - The version of ZooKeeper being used doesn't support Container nodes. CreateMode.PERSISTENT will be used instead.
2019-06-10T16:21:10.198+0000: 21.615: [GC (Allocation Failure) 2019-06-10T16:21:10.198+0000: 21.615: [DefNew: 136576K->17024K(153600K), 0.0259339 secs] 151818K->52647K(494976K), 0.0260029 secs] [Times: user=0.01 sys=0.02, real=0.02 secs] 
2019-06-10T16:21:15.486+0000: 26.903: [Full GC (Metadata GC Threshold) 2019-06-10T16:21:15.486+0000: 26.903: [Tenured: 35623K->44186K(341376K), 0.0556131 secs] 158299K->44186K(494976K), [Metaspace: 34601K->34601K(1079296K)], 0.0556890 secs] [Times: user=0.05 sys=0.00, real=0.06 secs] 
2019-06-10T16:21:21.966+0000: 33.382: [GC (Allocation Failure) 2019-06-10T16:21:21.966+0000: 33.382: [DefNew: 136576K->53K(153600K), 0.0017627 secs] 180762K->44240K(494976K), 0.0018196 secs] [Times: user=0.00 sys=0.00, real=0.01 secs] 
2019-06-10T16:21:28.434+0000: 39.850: [GC (Allocation Failure) 2019-06-10T16:21:28.434+0000: 39.850: [DefNew: 136629K->117K(153600K), 0.0016513 secs] 180816K->44304K(494976K), 0.0017105 secs] [Times: user=0.01 sys=0.00, real=0.01 secs] 
2019-06-10T16:21:34.977+0000: 46.393: [GC (Allocation Failure) 2019-06-10T16:21:34.977+0000: 46.393: [DefNew: 136693K->150K(153600K), 0.0017435 secs] 180880K->44337K(494976K), 0.0018053 secs] [Times: user=0.01 sys=0.00, real=0.00 secs] 
2019-06-10T16:21:41.530+0000: 52.947: [GC (Allocation Failure) 2019-06-10T16:21:41.530+0000: 52.947: [DefNew: 136726K->152K(153600K), 0.0018379 secs] 180913K->44339K(494976K), 0.0018977 secs] [Times: user=0.01 sys=0.00, real=0.00 secs] 
2019-06-10T16:21:52.208+0000: 63.626: [GC (Allocation Failure) 2019-06-10T16:21:52.210+0000: 63.626: [DefNew: 136728K->488K(153600K), 0.0023676 secs] 180915K->44674K(494976K), 0.0034334 secs] [Times: user=0.01 sys=0.00, real=0.00 secs] 
16:21:58.414 [Curator-PathChildrenCache-0] ERROR o.a.c.f.r.c.PathChildrenCache  - 
java.lang.IllegalStateException: instance must be started before calling this method
	at org.apache.curator.shaded.com.google.common.base.Preconditions.checkState(Preconditions.java:444)
	at org.apache.curator.framework.imps.CuratorFrameworkImpl.getChildren(CuratorFrameworkImpl.java:456)
	at org.apache.curator.framework.recipes.cache.PathChildrenCache.refresh(PathChildrenCache.java:521)
	at org.apache.curator.framework.recipes.cache.RefreshOperation.invoke(RefreshOperation.java:35)
	at org.apache.curator.framework.recipes.cache.PathChildrenCache$9.run(PathChildrenCache.java:786)
	at java.util.concurrent.Executors$RunnableAdapter.call(Executors.java:511)
	at java.util.concurrent.FutureTask.run(FutureTask.java:266)
	at java.util.concurrent.Executors$RunnableAdapter.call(Executors.java:511)
	at java.util.concurrent.FutureTask.run(FutureTask.java:266)
	at java.util.concurrent.ThreadPoolExecutor.runWorker(ThreadPoolExecutor.java:1149)
	at java.util.concurrent.ThreadPoolExecutor$Worker.run(ThreadPoolExecutor.java:624)
	at java.lang.Thread.run(Thread.java:748)
Heap
 def new generation   total 153600K, used 45295K [0x00000000e0c00000, 0x00000000eb2a0000, 0x00000000eb2a0000)
  eden space 136576K,  32% used [0x00000000e0c00000, 0x00000000e37c1dd8, 0x00000000e9160000)
  from space 17024K,   2% used [0x00000000e9160000, 0x00000000e91da108, 0x00000000ea200000)
  to   space 17024K,   0% used [0x00000000ea200000, 0x00000000ea200000, 0x00000000eb2a0000)
 tenured generation   total 341376K, used 44186K [0x00000000eb2a0000, 0x0000000100000000, 0x0000000100000000)
   the space 341376K,  12% used [0x00000000eb2a0000, 0x00000000eddc6a10, 0x00000000eddc6c00, 0x0000000100000000)
 Metaspace       used 36140K, capacity 37056K, committed 37376K, reserved 1081344K
  class space    used 4856K, capacity 5074K, committed 5120K, reserved 1048576K
