18:15:24,696 |-INFO in ch.qos.logback.classic.LoggerContext[default] - Could NOT find resource [logback-test.xml]
18:15:24,696 |-INFO in ch.qos.logback.classic.LoggerContext[default] - Could NOT find resource [logback.groovy]
18:15:24,696 |-INFO in ch.qos.logback.classic.LoggerContext[default] - Found resource [logback.xml] at [jar:file:/root/flamestream/lib/flamestream-runtime-1.0-SNAPSHOT.jar!/logback.xml]
18:15:24,697 |-WARN in ch.qos.logback.classic.LoggerContext[default] - Resource [logback.xml] occurs multiple times on the classpath.
18:15:24,697 |-WARN in ch.qos.logback.classic.LoggerContext[default] - Resource [logback.xml] occurs at [jar:file:/root/flamestream/lib/flamestream-runtime-1.0-SNAPSHOT.jar!/logback.xml]
18:15:24,697 |-WARN in ch.qos.logback.classic.LoggerContext[default] - Resource [logback.xml] occurs at [jar:file:/root/flamestream/flamestream-runtime-1.0-SNAPSHOT.jar!/logback.xml]
18:15:24,720 |-INFO in ch.qos.logback.core.joran.spi.ConfigurationWatchList@3fb6a447 - URL [jar:file:/root/flamestream/lib/flamestream-runtime-1.0-SNAPSHOT.jar!/logback.xml] is not of type file
18:15:24,791 |-INFO in ch.qos.logback.classic.joran.action.ConfigurationAction - debug attribute not set
18:15:24,792 |-INFO in ch.qos.logback.core.joran.action.AppenderAction - About to instantiate appender of type [ch.qos.logback.core.ConsoleAppender]
18:15:24,808 |-INFO in ch.qos.logback.core.joran.action.AppenderAction - Naming appender as [STDOUT]
18:15:24,827 |-INFO in ch.qos.logback.core.joran.action.NestedComplexPropertyIA - Assuming default type [ch.qos.logback.classic.encoder.PatternLayoutEncoder] for [encoder] property
18:15:24,909 |-INFO in ch.qos.logback.core.joran.action.AppenderAction - About to instantiate appender of type [ch.qos.logback.core.rolling.RollingFileAppender]
18:15:24,917 |-INFO in ch.qos.logback.core.joran.action.AppenderAction - Naming appender as [FILE]
18:15:24,949 |-INFO in c.q.l.core.rolling.TimeBasedRollingPolicy@127618319 - No compression will be used
18:15:24,950 |-INFO in c.q.l.core.rolling.TimeBasedRollingPolicy@127618319 - Will use the pattern /tmp/application_%d{yyyy-MM-dd}.%i.log for the active file
18:15:24,953 |-INFO in ch.qos.logback.core.rolling.SizeAndTimeBasedFNATP@6b2fad11 - The date pattern is 'yyyy-MM-dd' from file name pattern '/tmp/application_%d{yyyy-MM-dd}.%i.log'.
18:15:24,953 |-INFO in ch.qos.logback.core.rolling.SizeAndTimeBasedFNATP@6b2fad11 - Roll-over at midnight.
18:15:24,958 |-INFO in ch.qos.logback.core.rolling.SizeAndTimeBasedFNATP@6b2fad11 - Setting initial period to Tue Jun 11 18:13:43 UTC 2019
18:15:24,958 |-WARN in ch.qos.logback.core.rolling.SizeAndTimeBasedFNATP@6b2fad11 - SizeAndTimeBasedFNATP is deprecated. Use SizeAndTimeBasedRollingPolicy instead
18:15:24,958 |-WARN in ch.qos.logback.core.rolling.SizeAndTimeBasedFNATP@6b2fad11 - For more information see http://logback.qos.ch/manual/appenders.html#SizeAndTimeBasedRollingPolicy
18:15:24,962 |-INFO in ch.qos.logback.core.joran.action.NestedComplexPropertyIA - Assuming default type [ch.qos.logback.classic.encoder.PatternLayoutEncoder] for [encoder] property
18:15:24,967 |-INFO in ch.qos.logback.core.rolling.RollingFileAppender[FILE] - Active log file name: /tmp/application.log
18:15:24,967 |-INFO in ch.qos.logback.core.rolling.RollingFileAppender[FILE] - File property is set to [/tmp/application.log]
18:15:24,968 |-INFO in ch.qos.logback.classic.joran.action.RootLoggerAction - Setting level of ROOT logger to WARN
18:15:24,968 |-INFO in ch.qos.logback.core.joran.action.AppenderRefAction - Attaching appender named [STDOUT] to Logger[ROOT]
18:15:24,970 |-INFO in ch.qos.logback.core.joran.action.AppenderRefAction - Attaching appender named [FILE] to Logger[ROOT]
18:15:24,970 |-INFO in ch.qos.logback.classic.joran.action.ConfigurationAction - End of configuration.
18:15:24,971 |-INFO in ch.qos.logback.classic.joran.JoranConfigurator@79698539 - Registering current configuration as safe fallback point

Ama winner
Ama winner
2019-06-11T18:15:26.838+0000: 2.321: [Full GC (Metadata GC Threshold) 2019-06-11T18:15:26.838+0000: 2.321: [Tenured: 0K->15143K(341376K), 0.0342390 secs] 114955K->15143K(494976K), [Metaspace: 20743K->20743K(1067008K)], 0.0343055 secs] [Times: user=0.03 sys=0.01, real=0.03 secs] 
2019-06-11T18:15:41.396+0000: 16.879: [GC (Allocation Failure) 2019-06-11T18:15:41.396+0000: 16.879: [DefNew: 136576K->14284K(153600K), 0.0239819 secs] 151719K->48960K(494976K), 0.0240516 secs] [Times: user=0.01 sys=0.02, real=0.02 secs] 
2019-06-11T18:15:45.029+0000: 20.512: [GC (Allocation Failure) 2019-06-11T18:15:45.029+0000: 20.512: [DefNew: 150860K->234K(153600K), 0.0081883 secs] 185536K->39448K(494976K), 0.0082687 secs] [Times: user=0.00 sys=0.01, real=0.01 secs] 
2019-06-11T18:15:46.941+0000: 22.424: [GC (Allocation Failure) 2019-06-11T18:15:46.941+0000: 22.424: [DefNew: 136810K->458K(153600K), 0.0026041 secs] 176024K->39672K(494976K), 0.0026611 secs] [Times: user=0.00 sys=0.00, real=0.00 secs] 
2019-06-11T18:15:49.669+0000: 25.152: [GC (Allocation Failure) 2019-06-11T18:15:49.669+0000: 25.152: [DefNew: 137034K->494K(153600K), 0.0027382 secs] 176248K->39708K(494976K), 0.0028088 secs] [Times: user=0.00 sys=0.00, real=0.00 secs] 
2019-06-11T18:15:52.521+0000: 28.004: [GC (Allocation Failure) 2019-06-11T18:15:52.521+0000: 28.004: [DefNew: 137070K->544K(153600K), 0.0026146 secs] 176284K->39758K(494976K), 0.0026871 secs] [Times: user=0.01 sys=0.00, real=0.00 secs] 
2019-06-11T18:15:55.446+0000: 30.929: [GC (Allocation Failure) 2019-06-11T18:15:55.446+0000: 30.929: [DefNew: 137120K->475K(153600K), 0.0026851 secs] 176334K->39689K(494976K), 0.0027455 secs] [Times: user=0.00 sys=0.00, real=0.00 secs] 
2019-06-11T18:15:58.317+0000: 33.800: [GC (Allocation Failure) 2019-06-11T18:15:58.317+0000: 33.800: [DefNew: 137051K->280K(153600K), 0.0024833 secs] 176265K->39494K(494976K), 0.0025505 secs] [Times: user=0.00 sys=0.00, real=0.00 secs] 
2019-06-11T18:16:01.186+0000: 36.669: [GC (Allocation Failure) 2019-06-11T18:16:01.186+0000: 36.669: [DefNew: 136856K->284K(153600K), 0.0023984 secs] 176070K->39498K(494976K), 0.0024651 secs] [Times: user=0.00 sys=0.00, real=0.00 secs] 
2019-06-11T18:16:03.924+0000: 39.407: [GC (Allocation Failure) 2019-06-11T18:16:03.924+0000: 39.407: [DefNew: 136860K->291K(153600K), 0.0023970 secs] 176074K->39505K(494976K), 0.0024570 secs] [Times: user=0.01 sys=0.00, real=0.01 secs] 
2019-06-11T18:16:06.673+0000: 42.156: [GC (Allocation Failure) 2019-06-11T18:16:06.673+0000: 42.156: [DefNew: 136867K->342K(153600K), 0.0024486 secs] 176081K->39556K(494976K), 0.0025084 secs] [Times: user=0.01 sys=0.00, real=0.01 secs] 
2019-06-11T18:16:09.489+0000: 44.972: [GC (Allocation Failure) 2019-06-11T18:16:09.489+0000: 44.972: [DefNew: 136918K->381K(153600K), 0.0025775 secs] 176132K->39595K(494976K), 0.0026449 secs] [Times: user=0.01 sys=0.00, real=0.00 secs] 
2019-06-11T18:16:12.270+0000: 47.753: [GC (Allocation Failure) 2019-06-11T18:16:12.271+0000: 47.754: [DefNew: 136957K->338K(153600K), 0.0024894 secs] 176171K->39552K(494976K), 0.0025493 secs] [Times: user=0.00 sys=0.00, real=0.00 secs] 
2019-06-11T18:16:15.016+0000: 50.499: [GC (Allocation Failure) 2019-06-11T18:16:15.016+0000: 50.499: [DefNew: 136914K->476K(153600K), 0.0029113 secs] 176128K->39689K(494976K), 0.0029744 secs] [Times: user=0.00 sys=0.00, real=0.00 secs] 
2019-06-11T18:16:17.760+0000: 53.243: [GC (Allocation Failure) 2019-06-11T18:16:17.760+0000: 53.243: [DefNew: 137052K->377K(153600K), 0.0022267 secs] 176265K->39591K(494976K), 0.0022972 secs] [Times: user=0.00 sys=0.00, real=0.00 secs] 
2019-06-11T18:16:20.571+0000: 56.054: [GC (Allocation Failure) 2019-06-11T18:16:20.571+0000: 56.054: [DefNew: 136953K->415K(153600K), 0.0022503 secs] 176167K->39629K(494976K), 0.0023100 secs] [Times: user=0.00 sys=0.00, real=0.00 secs] 
2019-06-11T18:16:23.296+0000: 58.779: [GC (Allocation Failure) 2019-06-11T18:16:23.296+0000: 58.779: [DefNew: 136991K->486K(153600K), 0.0024292 secs] 176205K->39700K(494976K), 0.0024994 secs] [Times: user=0.01 sys=0.00, real=0.00 secs] 
2019-06-11T18:16:26.078+0000: 61.561: [GC (Allocation Failure) 2019-06-11T18:16:26.078+0000: 61.561: [DefNew: 137062K->327K(153600K), 0.0023666 secs] 176276K->39658K(494976K), 0.0024262 secs] [Times: user=0.00 sys=0.00, real=0.00 secs] 
2019-06-11T18:16:26.808+0000: 62.291: [Full GC (Metadata GC Threshold) 2019-06-11T18:16:26.808+0000: 62.291: [Tenured: 39330K->39732K(341376K), 0.0356463 secs] 71874K->39732K(494976K), [Metaspace: 34683K->34683K(1079296K)], 0.0357174 secs] [Times: user=0.04 sys=0.00, real=0.03 secs] 
2019-06-11T18:16:29.709+0000: 65.192: [GC (Allocation Failure) 2019-06-11T18:16:29.709+0000: 65.192: [DefNew: 136576K->244K(153600K), 0.0018612 secs] 176308K->39976K(494976K), 0.0019237 secs] [Times: user=0.00 sys=0.00, real=0.00 secs] 
2019-06-11T18:16:32.682+0000: 68.165: [GC (Allocation Failure) 2019-06-11T18:16:32.682+0000: 68.165: [DefNew: 136820K->100K(153600K), 0.0016823 secs] 176552K->39833K(494976K), 0.0017417 secs] [Times: user=0.00 sys=0.00, real=0.00 secs] 
2019-06-11T18:16:35.579+0000: 71.062: [GC (Allocation Failure) 2019-06-11T18:16:35.579+0000: 71.062: [DefNew: 136676K->145K(153600K), 0.0018167 secs] 176409K->39877K(494976K), 0.0018775 secs] [Times: user=0.01 sys=0.00, real=0.00 secs] 
2019-06-11T18:16:38.529+0000: 74.012: [GC (Allocation Failure) 2019-06-11T18:16:38.529+0000: 74.012: [DefNew: 136721K->338K(153600K), 0.0019346 secs] 176453K->40071K(494976K), 0.0020065 secs] [Times: user=0.00 sys=0.00, real=0.00 secs] 
2019-06-11T18:16:41.490+0000: 76.973: [GC (Allocation Failure) 2019-06-11T18:16:41.490+0000: 76.973: [DefNew: 136914K->207K(153600K), 0.0018215 secs] 176647K->39940K(494976K), 0.0018811 secs] [Times: user=0.01 sys=0.00, real=0.00 secs] 
2019-06-11T18:16:44.454+0000: 79.937: [GC (Allocation Failure) 2019-06-11T18:16:44.454+0000: 79.937: [DefNew: 136783K->82K(153600K), 0.0016148 secs] 176516K->39815K(494976K), 0.0017023 secs] [Times: user=0.00 sys=0.00, real=0.00 secs] 
2019-06-11T18:16:47.393+0000: 82.876: [GC (Allocation Failure) 2019-06-11T18:16:47.393+0000: 82.876: [DefNew: 136658K->177K(153600K), 0.0017742 secs] 176391K->39909K(494976K), 0.0018352 secs] [Times: user=0.00 sys=0.00, real=0.01 secs] 
2019-06-11T18:16:50.346+0000: 85.829: [GC (Allocation Failure) 2019-06-11T18:16:50.346+0000: 85.829: [DefNew: 136753K->422K(153600K), 0.0019455 secs] 176485K->40154K(494976K), 0.0020062 secs] [Times: user=0.00 sys=0.00, real=0.00 secs] 
18:16:59.588 [Curator-PathChildrenCache-0] ERROR o.a.c.f.r.c.PathChildrenCache  - 
java.lang.IllegalStateException: instance must be started before calling this method
	at org.apache.curator.shaded.com.google.common.base.Preconditions.checkState(Preconditions.java:444)
	at org.apache.curator.framework.imps.CuratorFrameworkImpl.getChildren(CuratorFrameworkImpl.java:456)
	at org.apache.curator.framework.recipes.cache.PathChildrenCache.refresh(PathChildrenCache.java:521)
	at org.apache.curator.framework.recipes.cache.RefreshOperation.invoke(RefreshOperation.java:35)
	at org.apache.curator.framework.recipes.cache.PathChildrenCache$9.run(PathChildrenCache.java:786)
	at java.util.concurrent.Executors$RunnableAdapter.call(Executors.java:511)
	at java.util.concurrent.FutureTask.run(FutureTask.java:266)
	at java.util.concurrent.Executors$RunnableAdapter.call(Executors.java:511)
	at java.util.concurrent.FutureTask.run(FutureTask.java:266)
	at java.util.concurrent.ThreadPoolExecutor.runWorker(ThreadPoolExecutor.java:1149)
	at java.util.concurrent.ThreadPoolExecutor$Worker.run(ThreadPoolExecutor.java:624)
	at java.lang.Thread.run(Thread.java:748)
Heap
 def new generation   total 153600K, used 132361K [0x00000000e0c00000, 0x00000000eb2a0000, 0x00000000eb2a0000)
  eden space 136576K,  96% used [0x00000000e0c00000, 0x00000000e8cd8e88, 0x00000000e9160000)
  from space 17024K,   2% used [0x00000000ea200000, 0x00000000ea269878, 0x00000000eb2a0000)
  to   space 17024K,   0% used [0x00000000e9160000, 0x00000000e9160000, 0x00000000ea200000)
 tenured generation   total 341376K, used 39732K [0x00000000eb2a0000, 0x0000000100000000, 0x0000000100000000)
   the space 341376K,  11% used [0x00000000eb2a0000, 0x00000000ed96d218, 0x00000000ed96d400, 0x0000000100000000)
 Metaspace       used 35743K, capacity 36598K, committed 36864K, reserved 1081344K
  class space    used 4853K, capacity 5063K, committed 5120K, reserved 1048576K
