17:32:22,834 |-INFO in ch.qos.logback.classic.LoggerContext[default] - Could NOT find resource [logback-test.xml]
17:32:22,834 |-INFO in ch.qos.logback.classic.LoggerContext[default] - Could NOT find resource [logback.groovy]
17:32:22,834 |-INFO in ch.qos.logback.classic.LoggerContext[default] - Found resource [logback.xml] at [jar:file:/root/flamestream/lib/flamestream-runtime-1.0-SNAPSHOT.jar!/logback.xml]
17:32:22,834 |-WARN in ch.qos.logback.classic.LoggerContext[default] - Resource [logback.xml] occurs multiple times on the classpath.
17:32:22,835 |-WARN in ch.qos.logback.classic.LoggerContext[default] - Resource [logback.xml] occurs at [jar:file:/root/flamestream/lib/flamestream-runtime-1.0-SNAPSHOT.jar!/logback.xml]
17:32:22,835 |-WARN in ch.qos.logback.classic.LoggerContext[default] - Resource [logback.xml] occurs at [jar:file:/root/flamestream/flamestream-runtime-1.0-SNAPSHOT.jar!/logback.xml]
17:32:22,859 |-INFO in ch.qos.logback.core.joran.spi.ConfigurationWatchList@3fb6a447 - URL [jar:file:/root/flamestream/lib/flamestream-runtime-1.0-SNAPSHOT.jar!/logback.xml] is not of type file
17:32:22,925 |-INFO in ch.qos.logback.classic.joran.action.ConfigurationAction - debug attribute not set
17:32:22,926 |-INFO in ch.qos.logback.core.joran.action.AppenderAction - About to instantiate appender of type [ch.qos.logback.core.ConsoleAppender]
17:32:22,942 |-INFO in ch.qos.logback.core.joran.action.AppenderAction - Naming appender as [STDOUT]
17:32:22,960 |-INFO in ch.qos.logback.core.joran.action.NestedComplexPropertyIA - Assuming default type [ch.qos.logback.classic.encoder.PatternLayoutEncoder] for [encoder] property
17:32:23,046 |-INFO in ch.qos.logback.core.joran.action.AppenderAction - About to instantiate appender of type [ch.qos.logback.core.rolling.RollingFileAppender]
17:32:23,051 |-INFO in ch.qos.logback.core.joran.action.AppenderAction - Naming appender as [FILE]
17:32:23,080 |-INFO in c.q.l.core.rolling.TimeBasedRollingPolicy@127618319 - No compression will be used
17:32:23,082 |-INFO in c.q.l.core.rolling.TimeBasedRollingPolicy@127618319 - Will use the pattern /tmp/application_%d{yyyy-MM-dd}.%i.log for the active file
17:32:23,085 |-INFO in ch.qos.logback.core.rolling.SizeAndTimeBasedFNATP@6b2fad11 - The date pattern is 'yyyy-MM-dd' from file name pattern '/tmp/application_%d{yyyy-MM-dd}.%i.log'.
17:32:23,085 |-INFO in ch.qos.logback.core.rolling.SizeAndTimeBasedFNATP@6b2fad11 - Roll-over at midnight.
17:32:23,090 |-INFO in ch.qos.logback.core.rolling.SizeAndTimeBasedFNATP@6b2fad11 - Setting initial period to Mon Jun 10 17:30:49 UTC 2019
17:32:23,090 |-WARN in ch.qos.logback.core.rolling.SizeAndTimeBasedFNATP@6b2fad11 - SizeAndTimeBasedFNATP is deprecated. Use SizeAndTimeBasedRollingPolicy instead
17:32:23,090 |-WARN in ch.qos.logback.core.rolling.SizeAndTimeBasedFNATP@6b2fad11 - For more information see http://logback.qos.ch/manual/appenders.html#SizeAndTimeBasedRollingPolicy
17:32:23,093 |-INFO in ch.qos.logback.core.joran.action.NestedComplexPropertyIA - Assuming default type [ch.qos.logback.classic.encoder.PatternLayoutEncoder] for [encoder] property
17:32:23,098 |-INFO in ch.qos.logback.core.rolling.RollingFileAppender[FILE] - Active log file name: /tmp/application.log
17:32:23,098 |-INFO in ch.qos.logback.core.rolling.RollingFileAppender[FILE] - File property is set to [/tmp/application.log]
17:32:23,099 |-INFO in ch.qos.logback.classic.joran.action.RootLoggerAction - Setting level of ROOT logger to WARN
17:32:23,099 |-INFO in ch.qos.logback.core.joran.action.AppenderRefAction - Attaching appender named [STDOUT] to Logger[ROOT]
17:32:23,101 |-INFO in ch.qos.logback.core.joran.action.AppenderRefAction - Attaching appender named [FILE] to Logger[ROOT]
17:32:23,101 |-INFO in ch.qos.logback.classic.joran.action.ConfigurationAction - End of configuration.
17:32:23,102 |-INFO in ch.qos.logback.classic.joran.JoranConfigurator@79698539 - Registering current configuration as safe fallback point

Ama winner
Ama winner
2019-06-10T17:32:24.343+0000: 1.686: [Full GC (Metadata GC Threshold) 2019-06-10T17:32:24.343+0000: 1.686: [Tenured: 0K->15111K(341376K), 0.0392006 secs] 112224K->15111K(494976K), [Metaspace: 20730K->20730K(1067008K)], 0.0392655 secs] [Times: user=0.03 sys=0.01, real=0.04 secs] 
17:32:47.665 [Curator-PathChildrenCache-1] WARN  o.a.c.u.ZKPaths  - The version of ZooKeeper being used doesn't support Container nodes. CreateMode.PERSISTENT will be used instead.
2019-06-10T17:32:50.052+0000: 27.395: [GC (GCLocker Initiated GC) 2019-06-10T17:32:50.052+0000: 27.395: [DefNew: 119967K->17023K(153600K), 0.0175663 secs] 154609K->52554K(494976K), 0.0176304 secs] [Times: user=0.02 sys=0.01, real=0.02 secs] 
2019-06-10T17:32:52.324+0000: 29.667: [Full GC (Metadata GC Threshold) 2019-06-10T17:32:52.324+0000: 29.667: [Tenured: 35530K->44411K(341376K), 0.0462375 secs] 102503K->44411K(494976K), [Metaspace: 34601K->34601K(1079296K)], 0.0463294 secs] [Times: user=0.04 sys=0.01, real=0.05 secs] 
2019-06-10T17:32:58.792+0000: 36.135: [GC (Allocation Failure) 2019-06-10T17:32:58.792+0000: 36.135: [DefNew: 136576K->62K(153600K), 0.0018748 secs] 180987K->44474K(494976K), 0.0019470 secs] [Times: user=0.01 sys=0.00, real=0.00 secs] 
2019-06-10T17:33:05.359+0000: 42.702: [GC (Allocation Failure) 2019-06-10T17:33:05.359+0000: 42.702: [DefNew: 136638K->62K(153600K), 0.0016445 secs] 181050K->44473K(494976K), 0.0017055 secs] [Times: user=0.00 sys=0.00, real=0.00 secs] 
2019-06-10T17:33:11.898+0000: 49.241: [GC (Allocation Failure) 2019-06-10T17:33:11.898+0000: 49.241: [DefNew: 136638K->63K(153600K), 0.0016995 secs] 181049K->44475K(494976K), 0.0017598 secs] [Times: user=0.00 sys=0.00, real=0.00 secs] 
2019-06-10T17:33:18.506+0000: 55.849: [GC (Allocation Failure) 2019-06-10T17:33:18.506+0000: 55.849: [DefNew: 136639K->65K(153600K), 0.0018407 secs] 181051K->44477K(494976K), 0.0018997 secs] [Times: user=0.01 sys=0.00, real=0.01 secs] 
2019-06-10T17:33:25.027+0000: 62.370: [GC (Allocation Failure) 2019-06-10T17:33:25.027+0000: 62.370: [DefNew: 136641K->356K(153600K), 0.0021180 secs] 181053K->44768K(494976K), 0.0021879 secs] [Times: user=0.00 sys=0.00, real=0.01 secs] 
17:33:40.815 [Curator-PathChildrenCache-0] ERROR o.a.c.f.r.c.PathChildrenCache  - 
java.lang.IllegalStateException: instance must be started before calling this method
	at org.apache.curator.shaded.com.google.common.base.Preconditions.checkState(Preconditions.java:444)
	at org.apache.curator.framework.imps.CuratorFrameworkImpl.getChildren(CuratorFrameworkImpl.java:456)
	at org.apache.curator.framework.recipes.cache.PathChildrenCache.refresh(PathChildrenCache.java:521)
	at org.apache.curator.framework.recipes.cache.RefreshOperation.invoke(RefreshOperation.java:35)
	at org.apache.curator.framework.recipes.cache.PathChildrenCache$9.run(PathChildrenCache.java:786)
	at java.util.concurrent.Executors$RunnableAdapter.call(Executors.java:511)
	at java.util.concurrent.FutureTask.run(FutureTask.java:266)
	at java.util.concurrent.Executors$RunnableAdapter.call(Executors.java:511)
	at java.util.concurrent.FutureTask.run(FutureTask.java:266)
	at java.util.concurrent.ThreadPoolExecutor.runWorker(ThreadPoolExecutor.java:1149)
	at java.util.concurrent.ThreadPoolExecutor$Worker.run(ThreadPoolExecutor.java:624)
	at java.lang.Thread.run(Thread.java:748)
Heap
 def new generation   total 153600K, used 99865K [0x00000000e0c00000, 0x00000000eb2a0000, 0x00000000eb2a0000)
  eden space 136576K,  72% used [0x00000000e0c00000, 0x00000000e6d2d220, 0x00000000e9160000)
  from space 17024K,   2% used [0x00000000e9160000, 0x00000000e91b9298, 0x00000000ea200000)
  to   space 17024K,   0% used [0x00000000ea200000, 0x00000000ea200000, 0x00000000eb2a0000)
 tenured generation   total 341376K, used 44411K [0x00000000eb2a0000, 0x0000000100000000, 0x0000000100000000)
   the space 341376K,  13% used [0x00000000eb2a0000, 0x00000000eddfef20, 0x00000000eddff000, 0x0000000100000000)
 Metaspace       used 36193K, capacity 37062K, committed 37376K, reserved 1081344K
  class space    used 4871K, capacity 5075K, committed 5120K, reserved 1048576K
