20:17:26,265 |-INFO in ch.qos.logback.classic.LoggerContext[default] - Could NOT find resource [logback-test.xml]
20:17:26,265 |-INFO in ch.qos.logback.classic.LoggerContext[default] - Could NOT find resource [logback.groovy]
20:17:26,266 |-INFO in ch.qos.logback.classic.LoggerContext[default] - Found resource [logback.xml] at [jar:file:/root/flamestream/lib/flamestream-runtime-1.0-SNAPSHOT.jar!/logback.xml]
20:17:26,267 |-WARN in ch.qos.logback.classic.LoggerContext[default] - Resource [logback.xml] occurs multiple times on the classpath.
20:17:26,267 |-WARN in ch.qos.logback.classic.LoggerContext[default] - Resource [logback.xml] occurs at [jar:file:/root/flamestream/lib/flamestream-runtime-1.0-SNAPSHOT.jar!/logback.xml]
20:17:26,267 |-WARN in ch.qos.logback.classic.LoggerContext[default] - Resource [logback.xml] occurs at [jar:file:/root/flamestream/flamestream-runtime-1.0-SNAPSHOT.jar!/logback.xml]
20:17:26,287 |-INFO in ch.qos.logback.core.joran.spi.ConfigurationWatchList@3fb6a447 - URL [jar:file:/root/flamestream/lib/flamestream-runtime-1.0-SNAPSHOT.jar!/logback.xml] is not of type file
20:17:26,353 |-INFO in ch.qos.logback.classic.joran.action.ConfigurationAction - debug attribute not set
20:17:26,353 |-INFO in ch.qos.logback.core.joran.action.AppenderAction - About to instantiate appender of type [ch.qos.logback.core.ConsoleAppender]
20:17:26,369 |-INFO in ch.qos.logback.core.joran.action.AppenderAction - Naming appender as [STDOUT]
20:17:26,387 |-INFO in ch.qos.logback.core.joran.action.NestedComplexPropertyIA - Assuming default type [ch.qos.logback.classic.encoder.PatternLayoutEncoder] for [encoder] property
20:17:26,469 |-INFO in ch.qos.logback.core.joran.action.AppenderAction - About to instantiate appender of type [ch.qos.logback.core.rolling.RollingFileAppender]
20:17:26,478 |-INFO in ch.qos.logback.core.joran.action.AppenderAction - Naming appender as [FILE]
20:17:26,506 |-INFO in c.q.l.core.rolling.TimeBasedRollingPolicy@127618319 - No compression will be used
20:17:26,507 |-INFO in c.q.l.core.rolling.TimeBasedRollingPolicy@127618319 - Will use the pattern /tmp/application_%d{yyyy-MM-dd}.%i.log for the active file
20:17:26,510 |-INFO in ch.qos.logback.core.rolling.SizeAndTimeBasedFNATP@6b2fad11 - The date pattern is 'yyyy-MM-dd' from file name pattern '/tmp/application_%d{yyyy-MM-dd}.%i.log'.
20:17:26,510 |-INFO in ch.qos.logback.core.rolling.SizeAndTimeBasedFNATP@6b2fad11 - Roll-over at midnight.
20:17:26,515 |-INFO in ch.qos.logback.core.rolling.SizeAndTimeBasedFNATP@6b2fad11 - Setting initial period to Mon Jun 10 20:15:57 UTC 2019
20:17:26,516 |-WARN in ch.qos.logback.core.rolling.SizeAndTimeBasedFNATP@6b2fad11 - SizeAndTimeBasedFNATP is deprecated. Use SizeAndTimeBasedRollingPolicy instead
20:17:26,516 |-WARN in ch.qos.logback.core.rolling.SizeAndTimeBasedFNATP@6b2fad11 - For more information see http://logback.qos.ch/manual/appenders.html#SizeAndTimeBasedRollingPolicy
20:17:26,520 |-INFO in ch.qos.logback.core.joran.action.NestedComplexPropertyIA - Assuming default type [ch.qos.logback.classic.encoder.PatternLayoutEncoder] for [encoder] property
20:17:26,524 |-INFO in ch.qos.logback.core.rolling.RollingFileAppender[FILE] - Active log file name: /tmp/application.log
20:17:26,524 |-INFO in ch.qos.logback.core.rolling.RollingFileAppender[FILE] - File property is set to [/tmp/application.log]
20:17:26,525 |-INFO in ch.qos.logback.classic.joran.action.RootLoggerAction - Setting level of ROOT logger to WARN
20:17:26,525 |-INFO in ch.qos.logback.core.joran.action.AppenderRefAction - Attaching appender named [STDOUT] to Logger[ROOT]
20:17:26,526 |-INFO in ch.qos.logback.core.joran.action.AppenderRefAction - Attaching appender named [FILE] to Logger[ROOT]
20:17:26,526 |-INFO in ch.qos.logback.classic.joran.action.ConfigurationAction - End of configuration.
20:17:26,526 |-INFO in ch.qos.logback.classic.joran.JoranConfigurator@79698539 - Registering current configuration as safe fallback point

Ama winner
Ama winner
2019-06-10T20:17:27.839+0000: 1.758: [Full GC (Metadata GC Threshold) 2019-06-10T20:17:27.839+0000: 1.758: [Tenured: 0K->15242K(341376K), 0.0402738 secs] 114923K->15242K(494976K), [Metaspace: 20737K->20737K(1067008K)], 0.0403418 secs] [Times: user=0.03 sys=0.01, real=0.04 secs] 
20:17:43.828 [Curator-PathChildrenCache-1] WARN  o.a.c.u.ZKPaths  - The version of ZooKeeper being used doesn't support Container nodes. CreateMode.PERSISTENT will be used instead.
2019-06-10T20:17:46.332+0000: 20.251: [GC (Allocation Failure) 2019-06-10T20:17:46.332+0000: 20.251: [DefNew: 136576K->17023K(153600K), 0.0265561 secs] 151818K->52713K(494976K), 0.0266255 secs] [Times: user=0.02 sys=0.00, real=0.03 secs] 
2019-06-10T20:17:48.483+0000: 22.402: [Full GC (Metadata GC Threshold) 2019-06-10T20:17:48.483+0000: 22.402: [Tenured: 35689K->44136K(341376K), 0.0437912 secs] 100451K->44136K(494976K), [Metaspace: 34599K->34599K(1079296K)], 0.0438660 secs] [Times: user=0.04 sys=0.01, real=0.05 secs] 
2019-06-10T20:17:55.104+0000: 29.023: [GC (Allocation Failure) 2019-06-10T20:17:55.104+0000: 29.023: [DefNew: 136576K->61K(153600K), 0.0018094 secs] 180712K->44198K(494976K), 0.0018816 secs] [Times: user=0.00 sys=0.00, real=0.00 secs] 
2019-06-10T20:18:01.808+0000: 35.727: [GC (Allocation Failure) 2019-06-10T20:18:01.808+0000: 35.727: [DefNew: 136637K->119K(153600K), 0.0018083 secs] 180774K->44256K(494976K), 0.0019098 secs] [Times: user=0.00 sys=0.00, real=0.00 secs] 
2019-06-10T20:18:08.603+0000: 42.522: [GC (Allocation Failure) 2019-06-10T20:18:08.603+0000: 42.522: [DefNew: 136695K->153K(153600K), 0.0017947 secs] 180832K->44289K(494976K), 0.0018670 secs] [Times: user=0.00 sys=0.00, real=0.00 secs] 
2019-06-10T20:18:15.402+0000: 49.320: [GC (Allocation Failure) 2019-06-10T20:18:15.402+0000: 49.320: [DefNew: 136729K->153K(153600K), 0.0017790 secs] 180865K->44290K(494976K), 0.0018380 secs] [Times: user=0.00 sys=0.00, real=0.00 secs] 
2019-06-10T20:18:22.220+0000: 56.139: [GC (Allocation Failure) 2019-06-10T20:18:22.220+0000: 56.139: [DefNew: 136729K->154K(153600K), 0.0017641 secs] 180866K->44291K(494976K), 0.0018241 secs] [Times: user=0.00 sys=0.00, real=0.00 secs] 
20:18:30.814 [Curator-PathChildrenCache-0] ERROR o.a.c.f.r.c.PathChildrenCache  - 
java.lang.IllegalStateException: instance must be started before calling this method
	at org.apache.curator.shaded.com.google.common.base.Preconditions.checkState(Preconditions.java:444)
	at org.apache.curator.framework.imps.CuratorFrameworkImpl.getChildren(CuratorFrameworkImpl.java:456)
	at org.apache.curator.framework.recipes.cache.PathChildrenCache.refresh(PathChildrenCache.java:521)
	at org.apache.curator.framework.recipes.cache.RefreshOperation.invoke(RefreshOperation.java:35)
	at org.apache.curator.framework.recipes.cache.PathChildrenCache$9.run(PathChildrenCache.java:786)
	at java.util.concurrent.Executors$RunnableAdapter.call(Executors.java:511)
	at java.util.concurrent.FutureTask.run(FutureTask.java:266)
	at java.util.concurrent.Executors$RunnableAdapter.call(Executors.java:511)
	at java.util.concurrent.FutureTask.run(FutureTask.java:266)
	at java.util.concurrent.ThreadPoolExecutor.runWorker(ThreadPoolExecutor.java:1149)
	at java.util.concurrent.ThreadPoolExecutor$Worker.run(ThreadPoolExecutor.java:624)
	at java.lang.Thread.run(Thread.java:748)
Heap
 def new generation   total 153600K, used 60525K [0x00000000e0c00000, 0x00000000eb2a0000, 0x00000000eb2a0000)
  eden space 136576K,  44% used [0x00000000e0c00000, 0x00000000e46f4ae8, 0x00000000e9160000)
  from space 17024K,   0% used [0x00000000e9160000, 0x00000000e9186a60, 0x00000000ea200000)
  to   space 17024K,   0% used [0x00000000ea200000, 0x00000000ea200000, 0x00000000eb2a0000)
 tenured generation   total 341376K, used 44136K [0x00000000eb2a0000, 0x0000000100000000, 0x0000000100000000)
   the space 341376K,  12% used [0x00000000eb2a0000, 0x00000000eddba298, 0x00000000eddba400, 0x0000000100000000)
 Metaspace       used 36048K, capacity 36934K, committed 37120K, reserved 1081344K
  class space    used 4870K, capacity 5075K, committed 5120K, reserved 1048576K
