15:39:17,494 |-INFO in ch.qos.logback.classic.LoggerContext[default] - Could NOT find resource [logback-test.xml]
15:39:17,495 |-INFO in ch.qos.logback.classic.LoggerContext[default] - Could NOT find resource [logback.groovy]
15:39:17,495 |-INFO in ch.qos.logback.classic.LoggerContext[default] - Found resource [logback.xml] at [jar:file:/root/flamestream/lib/flamestream-runtime-1.0-SNAPSHOT.jar!/logback.xml]
15:39:17,496 |-WARN in ch.qos.logback.classic.LoggerContext[default] - Resource [logback.xml] occurs multiple times on the classpath.
15:39:17,496 |-WARN in ch.qos.logback.classic.LoggerContext[default] - Resource [logback.xml] occurs at [jar:file:/root/flamestream/lib/flamestream-runtime-1.0-SNAPSHOT.jar!/logback.xml]
15:39:17,496 |-WARN in ch.qos.logback.classic.LoggerContext[default] - Resource [logback.xml] occurs at [jar:file:/root/flamestream/flamestream-runtime-1.0-SNAPSHOT.jar!/logback.xml]
15:39:17,516 |-INFO in ch.qos.logback.core.joran.spi.ConfigurationWatchList@3fb6a447 - URL [jar:file:/root/flamestream/lib/flamestream-runtime-1.0-SNAPSHOT.jar!/logback.xml] is not of type file
15:39:17,586 |-INFO in ch.qos.logback.classic.joran.action.ConfigurationAction - debug attribute not set
15:39:17,587 |-INFO in ch.qos.logback.core.joran.action.AppenderAction - About to instantiate appender of type [ch.qos.logback.core.ConsoleAppender]
15:39:17,602 |-INFO in ch.qos.logback.core.joran.action.AppenderAction - Naming appender as [STDOUT]
15:39:17,618 |-INFO in ch.qos.logback.core.joran.action.NestedComplexPropertyIA - Assuming default type [ch.qos.logback.classic.encoder.PatternLayoutEncoder] for [encoder] property
15:39:17,703 |-INFO in ch.qos.logback.core.joran.action.AppenderAction - About to instantiate appender of type [ch.qos.logback.core.rolling.RollingFileAppender]
15:39:17,712 |-INFO in ch.qos.logback.core.joran.action.AppenderAction - Naming appender as [FILE]
15:39:17,742 |-INFO in c.q.l.core.rolling.TimeBasedRollingPolicy@127618319 - No compression will be used
15:39:17,743 |-INFO in c.q.l.core.rolling.TimeBasedRollingPolicy@127618319 - Will use the pattern /tmp/application_%d{yyyy-MM-dd}.%i.log for the active file
15:39:17,745 |-INFO in ch.qos.logback.core.rolling.SizeAndTimeBasedFNATP@6b2fad11 - The date pattern is 'yyyy-MM-dd' from file name pattern '/tmp/application_%d{yyyy-MM-dd}.%i.log'.
15:39:17,745 |-INFO in ch.qos.logback.core.rolling.SizeAndTimeBasedFNATP@6b2fad11 - Roll-over at midnight.
15:39:17,751 |-INFO in ch.qos.logback.core.rolling.SizeAndTimeBasedFNATP@6b2fad11 - Setting initial period to Mon Jun 10 15:37:57 UTC 2019
15:39:17,751 |-WARN in ch.qos.logback.core.rolling.SizeAndTimeBasedFNATP@6b2fad11 - SizeAndTimeBasedFNATP is deprecated. Use SizeAndTimeBasedRollingPolicy instead
15:39:17,751 |-WARN in ch.qos.logback.core.rolling.SizeAndTimeBasedFNATP@6b2fad11 - For more information see http://logback.qos.ch/manual/appenders.html#SizeAndTimeBasedRollingPolicy
15:39:17,754 |-INFO in ch.qos.logback.core.joran.action.NestedComplexPropertyIA - Assuming default type [ch.qos.logback.classic.encoder.PatternLayoutEncoder] for [encoder] property
15:39:17,759 |-INFO in ch.qos.logback.core.rolling.RollingFileAppender[FILE] - Active log file name: /tmp/application.log
15:39:17,759 |-INFO in ch.qos.logback.core.rolling.RollingFileAppender[FILE] - File property is set to [/tmp/application.log]
15:39:17,760 |-INFO in ch.qos.logback.classic.joran.action.RootLoggerAction - Setting level of ROOT logger to WARN
15:39:17,760 |-INFO in ch.qos.logback.core.joran.action.AppenderRefAction - Attaching appender named [STDOUT] to Logger[ROOT]
15:39:17,762 |-INFO in ch.qos.logback.core.joran.action.AppenderRefAction - Attaching appender named [FILE] to Logger[ROOT]
15:39:17,762 |-INFO in ch.qos.logback.classic.joran.action.ConfigurationAction - End of configuration.
15:39:17,763 |-INFO in ch.qos.logback.classic.joran.JoranConfigurator@79698539 - Registering current configuration as safe fallback point

Ama winner
Ama winner
2019-06-10T15:39:19.031+0000: 1.723: [Full GC (Metadata GC Threshold) 2019-06-10T15:39:19.031+0000: 1.723: [Tenured: 0K->15176K(341376K), 0.0388269 secs] 114987K->15176K(494976K), [Metaspace: 20738K->20738K(1067008K)], 0.0388918 secs] [Times: user=0.03 sys=0.01, real=0.04 secs] 
15:39:30.974 [Curator-PathChildrenCache-1] WARN  o.a.c.u.ZKPaths  - The version of ZooKeeper being used doesn't support Container nodes. CreateMode.PERSISTENT will be used instead.
2019-06-10T15:39:33.444+0000: 16.136: [GC (Allocation Failure) 2019-06-10T15:39:33.444+0000: 16.136: [DefNew: 136576K->17023K(153600K), 0.0263936 secs] 151752K->52641K(494976K), 0.0264614 secs] [Times: user=0.01 sys=0.01, real=0.03 secs] 
2019-06-10T15:39:34.631+0000: 17.323: [Full GC (Metadata GC Threshold) 2019-06-10T15:39:34.631+0000: 17.323: [Tenured: 35617K->44263K(341376K), 0.0378711 secs] 79865K->44263K(494976K), [Metaspace: 34573K->34573K(1079296K)], 0.0379428 secs] [Times: user=0.03 sys=0.00, real=0.04 secs] 
2019-06-10T15:39:41.904+0000: 24.597: [GC (Allocation Failure) 2019-06-10T15:39:41.905+0000: 24.597: [DefNew: 136576K->69K(153600K), 0.0018834 secs] 180839K->44333K(494976K), 0.0019557 secs] [Times: user=0.00 sys=0.00, real=0.00 secs] 
2019-06-10T15:39:49.230+0000: 31.922: [GC (Allocation Failure) 2019-06-10T15:39:49.230+0000: 31.922: [DefNew: 136645K->67K(153600K), 0.0018129 secs] 180909K->44330K(494976K), 0.0018739 secs] [Times: user=0.00 sys=0.00, real=0.00 secs] 
2019-06-10T15:39:56.591+0000: 39.283: [GC (Allocation Failure) 2019-06-10T15:39:56.591+0000: 39.283: [DefNew: 136643K->69K(153600K), 0.0017390 secs] 180906K->44332K(494976K), 0.0018108 secs] [Times: user=0.01 sys=0.00, real=0.00 secs] 
2019-06-10T15:40:04.029+0000: 46.721: [GC (Allocation Failure) 2019-06-10T15:40:04.029+0000: 46.721: [DefNew: 136645K->67K(153600K), 0.0018028 secs] 180908K->44331K(494976K), 0.0018632 secs] [Times: user=0.00 sys=0.00, real=0.00 secs] 
2019-06-10T15:40:11.453+0000: 54.145: [GC (Allocation Failure) 2019-06-10T15:40:11.453+0000: 54.145: [DefNew: 136643K->67K(153600K), 0.0017902 secs] 180907K->44331K(494976K), 0.0018506 secs] [Times: user=0.00 sys=0.00, real=0.00 secs] 
15:40:24.786 [Curator-PathChildrenCache-0] ERROR o.a.c.f.r.c.PathChildrenCache  - 
java.lang.IllegalStateException: instance must be started before calling this method
	at org.apache.curator.shaded.com.google.common.base.Preconditions.checkState(Preconditions.java:444)
	at org.apache.curator.framework.imps.CuratorFrameworkImpl.getChildren(CuratorFrameworkImpl.java:456)
	at org.apache.curator.framework.recipes.cache.PathChildrenCache.refresh(PathChildrenCache.java:521)
	at org.apache.curator.framework.recipes.cache.RefreshOperation.invoke(RefreshOperation.java:35)
	at org.apache.curator.framework.recipes.cache.PathChildrenCache$9.run(PathChildrenCache.java:786)
	at java.util.concurrent.Executors$RunnableAdapter.call(Executors.java:511)
	at java.util.concurrent.FutureTask.run(FutureTask.java:266)
	at java.util.concurrent.Executors$RunnableAdapter.call(Executors.java:511)
	at java.util.concurrent.FutureTask.run(FutureTask.java:266)
	at java.util.concurrent.ThreadPoolExecutor.runWorker(ThreadPoolExecutor.java:1149)
	at java.util.concurrent.ThreadPoolExecutor$Worker.run(ThreadPoolExecutor.java:624)
	at java.lang.Thread.run(Thread.java:748)
Heap
 def new generation   total 153600K, used 113489K [0x00000000e0c00000, 0x00000000eb2a0000, 0x00000000eb2a0000)
  eden space 136576K,  83% used [0x00000000e0c00000, 0x00000000e7ac34c0, 0x00000000e9160000)
  from space 17024K,   0% used [0x00000000e9160000, 0x00000000e9170fb8, 0x00000000ea200000)
  to   space 17024K,   0% used [0x00000000ea200000, 0x00000000ea200000, 0x00000000eb2a0000)
 tenured generation   total 341376K, used 44263K [0x00000000eb2a0000, 0x0000000100000000, 0x0000000100000000)
   the space 341376K,  12% used [0x00000000eb2a0000, 0x00000000eddd9e58, 0x00000000eddda000, 0x0000000100000000)
 Metaspace       used 36101K, capacity 36996K, committed 37120K, reserved 1081344K
  class space    used 4869K, capacity 5074K, committed 5120K, reserved 1048576K
