17:51:55,181 |-INFO in ch.qos.logback.classic.LoggerContext[default] - Could NOT find resource [logback-test.xml]
17:51:55,181 |-INFO in ch.qos.logback.classic.LoggerContext[default] - Could NOT find resource [logback.groovy]
17:51:55,181 |-INFO in ch.qos.logback.classic.LoggerContext[default] - Found resource [logback.xml] at [jar:file:/root/flamestream/lib/flamestream-runtime-1.0-SNAPSHOT.jar!/logback.xml]
17:51:55,182 |-WARN in ch.qos.logback.classic.LoggerContext[default] - Resource [logback.xml] occurs multiple times on the classpath.
17:51:55,182 |-WARN in ch.qos.logback.classic.LoggerContext[default] - Resource [logback.xml] occurs at [jar:file:/root/flamestream/lib/flamestream-runtime-1.0-SNAPSHOT.jar!/logback.xml]
17:51:55,182 |-WARN in ch.qos.logback.classic.LoggerContext[default] - Resource [logback.xml] occurs at [jar:file:/root/flamestream/flamestream-runtime-1.0-SNAPSHOT.jar!/logback.xml]
17:51:55,202 |-INFO in ch.qos.logback.core.joran.spi.ConfigurationWatchList@3fb6a447 - URL [jar:file:/root/flamestream/lib/flamestream-runtime-1.0-SNAPSHOT.jar!/logback.xml] is not of type file
17:51:55,272 |-INFO in ch.qos.logback.classic.joran.action.ConfigurationAction - debug attribute not set
17:51:55,273 |-INFO in ch.qos.logback.core.joran.action.AppenderAction - About to instantiate appender of type [ch.qos.logback.core.ConsoleAppender]
17:51:55,291 |-INFO in ch.qos.logback.core.joran.action.AppenderAction - Naming appender as [STDOUT]
17:51:55,309 |-INFO in ch.qos.logback.core.joran.action.NestedComplexPropertyIA - Assuming default type [ch.qos.logback.classic.encoder.PatternLayoutEncoder] for [encoder] property
17:51:55,390 |-INFO in ch.qos.logback.core.joran.action.AppenderAction - About to instantiate appender of type [ch.qos.logback.core.rolling.RollingFileAppender]
17:51:55,395 |-INFO in ch.qos.logback.core.joran.action.AppenderAction - Naming appender as [FILE]
17:51:55,427 |-INFO in c.q.l.core.rolling.TimeBasedRollingPolicy@127618319 - No compression will be used
17:51:55,428 |-INFO in c.q.l.core.rolling.TimeBasedRollingPolicy@127618319 - Will use the pattern /tmp/application_%d{yyyy-MM-dd}.%i.log for the active file
17:51:55,431 |-INFO in ch.qos.logback.core.rolling.SizeAndTimeBasedFNATP@6b2fad11 - The date pattern is 'yyyy-MM-dd' from file name pattern '/tmp/application_%d{yyyy-MM-dd}.%i.log'.
17:51:55,431 |-INFO in ch.qos.logback.core.rolling.SizeAndTimeBasedFNATP@6b2fad11 - Roll-over at midnight.
17:51:55,436 |-INFO in ch.qos.logback.core.rolling.SizeAndTimeBasedFNATP@6b2fad11 - Setting initial period to Mon Jun 10 17:50:44 UTC 2019
17:51:55,436 |-WARN in ch.qos.logback.core.rolling.SizeAndTimeBasedFNATP@6b2fad11 - SizeAndTimeBasedFNATP is deprecated. Use SizeAndTimeBasedRollingPolicy instead
17:51:55,436 |-WARN in ch.qos.logback.core.rolling.SizeAndTimeBasedFNATP@6b2fad11 - For more information see http://logback.qos.ch/manual/appenders.html#SizeAndTimeBasedRollingPolicy
17:51:55,440 |-INFO in ch.qos.logback.core.joran.action.NestedComplexPropertyIA - Assuming default type [ch.qos.logback.classic.encoder.PatternLayoutEncoder] for [encoder] property
17:51:55,445 |-INFO in ch.qos.logback.core.rolling.RollingFileAppender[FILE] - Active log file name: /tmp/application.log
17:51:55,445 |-INFO in ch.qos.logback.core.rolling.RollingFileAppender[FILE] - File property is set to [/tmp/application.log]
17:51:55,446 |-INFO in ch.qos.logback.classic.joran.action.RootLoggerAction - Setting level of ROOT logger to WARN
17:51:55,446 |-INFO in ch.qos.logback.core.joran.action.AppenderRefAction - Attaching appender named [STDOUT] to Logger[ROOT]
17:51:55,448 |-INFO in ch.qos.logback.core.joran.action.AppenderRefAction - Attaching appender named [FILE] to Logger[ROOT]
17:51:55,448 |-INFO in ch.qos.logback.classic.joran.action.ConfigurationAction - End of configuration.
17:51:55,448 |-INFO in ch.qos.logback.classic.joran.JoranConfigurator@79698539 - Registering current configuration as safe fallback point

Ama winner
Ama winner
2019-06-10T17:51:56.742+0000: 1.747: [Full GC (Metadata GC Threshold) 2019-06-10T17:51:56.742+0000: 1.747: [Tenured: 0K->15177K(341376K), 0.0392347 secs] 114924K->15177K(494976K), [Metaspace: 20729K->20729K(1067008K)], 0.0393016 secs] [Times: user=0.03 sys=0.00, real=0.04 secs] 
17:52:13.883 [Curator-PathChildrenCache-1] WARN  o.a.c.u.ZKPaths  - The version of ZooKeeper being used doesn't support Container nodes. CreateMode.PERSISTENT will be used instead.
2019-06-10T17:52:16.245+0000: 21.250: [GC (Allocation Failure) 2019-06-10T17:52:16.245+0000: 21.250: [DefNew: 136576K->17023K(153600K), 0.0276047 secs] 151753K->52467K(494976K), 0.0276812 secs] [Times: user=0.02 sys=0.00, real=0.02 secs] 
2019-06-10T17:52:19.569+0000: 24.574: [Full GC (Metadata GC Threshold) 2019-06-10T17:52:19.569+0000: 24.574: [Tenured: 35443K->43844K(341376K), 0.0509749 secs] 119168K->43844K(494976K), [Metaspace: 34569K->34569K(1079296K)], 0.0510557 secs] [Times: user=0.05 sys=0.00, real=0.05 secs] 
2019-06-10T17:52:25.843+0000: 30.848: [GC (Allocation Failure) 2019-06-10T17:52:25.843+0000: 30.848: [DefNew: 136576K->51K(153600K), 0.0017813 secs] 180420K->43896K(494976K), 0.0018404 secs] [Times: user=0.00 sys=0.00, real=0.01 secs] 
2019-06-10T17:52:32.179+0000: 37.184: [GC (Allocation Failure) 2019-06-10T17:52:32.179+0000: 37.184: [DefNew: 136627K->60K(153600K), 0.0017006 secs] 180472K->43905K(494976K), 0.0017630 secs] [Times: user=0.01 sys=0.00, real=0.00 secs] 
2019-06-10T17:52:38.520+0000: 43.524: [GC (Allocation Failure) 2019-06-10T17:52:38.520+0000: 43.524: [DefNew: 136636K->54K(153600K), 0.0017209 secs] 180481K->43899K(494976K), 0.0017850 secs] [Times: user=0.00 sys=0.00, real=0.00 secs] 
2019-06-10T17:52:44.855+0000: 49.860: [GC (Allocation Failure) 2019-06-10T17:52:44.855+0000: 49.860: [DefNew: 136630K->53K(153600K), 0.0017060 secs] 180475K->43898K(494976K), 0.0017708 secs] [Times: user=0.00 sys=0.00, real=0.01 secs] 
17:52:55.227 [Curator-PathChildrenCache-0] ERROR o.a.c.f.r.c.PathChildrenCache  - 
java.lang.IllegalStateException: instance must be started before calling this method
	at org.apache.curator.shaded.com.google.common.base.Preconditions.checkState(Preconditions.java:444)
	at org.apache.curator.framework.imps.CuratorFrameworkImpl.getChildren(CuratorFrameworkImpl.java:456)
	at org.apache.curator.framework.recipes.cache.PathChildrenCache.refresh(PathChildrenCache.java:521)
	at org.apache.curator.framework.recipes.cache.RefreshOperation.invoke(RefreshOperation.java:35)
	at org.apache.curator.framework.recipes.cache.PathChildrenCache$9.run(PathChildrenCache.java:786)
	at java.util.concurrent.Executors$RunnableAdapter.call(Executors.java:511)
	at java.util.concurrent.FutureTask.run(FutureTask.java:266)
	at java.util.concurrent.Executors$RunnableAdapter.call(Executors.java:511)
	at java.util.concurrent.FutureTask.run(FutureTask.java:266)
	at java.util.concurrent.ThreadPoolExecutor.runWorker(ThreadPoolExecutor.java:1149)
	at java.util.concurrent.ThreadPoolExecutor$Worker.run(ThreadPoolExecutor.java:624)
	at java.lang.Thread.run(Thread.java:748)
2019-06-10T17:52:56.333+0000: 61.338: [GC (Allocation Failure) 2019-06-10T17:52:56.333+0000: 61.338: [DefNew: 136629K->880K(153600K), 0.0032680 secs] 180474K->44724K(494976K), 0.0033279 secs] [Times: user=0.00 sys=0.00, real=0.01 secs] 
Heap
 def new generation   total 153600K, used 5271K [0x00000000e0c00000, 0x00000000eb2a0000, 0x00000000eb2a0000)
  eden space 136576K,   3% used [0x00000000e0c00000, 0x00000000e1049c18, 0x00000000e9160000)
  from space 17024K,   5% used [0x00000000e9160000, 0x00000000e923c0a0, 0x00000000ea200000)
  to   space 17024K,   0% used [0x00000000ea200000, 0x00000000ea200000, 0x00000000eb2a0000)
 tenured generation   total 341376K, used 43844K [0x00000000eb2a0000, 0x0000000100000000, 0x0000000100000000)
   the space 341376K,  12% used [0x00000000eb2a0000, 0x00000000edd711a8, 0x00000000edd71200, 0x0000000100000000)
 Metaspace       used 35720K, capacity 36602K, committed 36864K, reserved 1081344K
  class space    used 4811K, capacity 5009K, committed 5120K, reserved 1048576K
