16:38:55,714 |-INFO in ch.qos.logback.classic.LoggerContext[default] - Could NOT find resource [logback-test.xml]
16:38:55,714 |-INFO in ch.qos.logback.classic.LoggerContext[default] - Could NOT find resource [logback.groovy]
16:38:55,715 |-INFO in ch.qos.logback.classic.LoggerContext[default] - Found resource [logback.xml] at [jar:file:/root/flamestream/lib/flamestream-runtime-1.0-SNAPSHOT.jar!/logback.xml]
16:38:55,715 |-WARN in ch.qos.logback.classic.LoggerContext[default] - Resource [logback.xml] occurs multiple times on the classpath.
16:38:55,716 |-WARN in ch.qos.logback.classic.LoggerContext[default] - Resource [logback.xml] occurs at [jar:file:/root/flamestream/lib/flamestream-runtime-1.0-SNAPSHOT.jar!/logback.xml]
16:38:55,716 |-WARN in ch.qos.logback.classic.LoggerContext[default] - Resource [logback.xml] occurs at [jar:file:/root/flamestream/flamestream-runtime-1.0-SNAPSHOT.jar!/logback.xml]
16:38:55,735 |-INFO in ch.qos.logback.core.joran.spi.ConfigurationWatchList@3fb6a447 - URL [jar:file:/root/flamestream/lib/flamestream-runtime-1.0-SNAPSHOT.jar!/logback.xml] is not of type file
16:38:55,801 |-INFO in ch.qos.logback.classic.joran.action.ConfigurationAction - debug attribute not set
16:38:55,802 |-INFO in ch.qos.logback.core.joran.action.AppenderAction - About to instantiate appender of type [ch.qos.logback.core.ConsoleAppender]
16:38:55,817 |-INFO in ch.qos.logback.core.joran.action.AppenderAction - Naming appender as [STDOUT]
16:38:55,837 |-INFO in ch.qos.logback.core.joran.action.NestedComplexPropertyIA - Assuming default type [ch.qos.logback.classic.encoder.PatternLayoutEncoder] for [encoder] property
16:38:55,919 |-INFO in ch.qos.logback.core.joran.action.AppenderAction - About to instantiate appender of type [ch.qos.logback.core.rolling.RollingFileAppender]
16:38:55,924 |-INFO in ch.qos.logback.core.joran.action.AppenderAction - Naming appender as [FILE]
16:38:55,954 |-INFO in c.q.l.core.rolling.TimeBasedRollingPolicy@127618319 - No compression will be used
16:38:55,955 |-INFO in c.q.l.core.rolling.TimeBasedRollingPolicy@127618319 - Will use the pattern /tmp/application_%d{yyyy-MM-dd}.%i.log for the active file
16:38:55,958 |-INFO in ch.qos.logback.core.rolling.SizeAndTimeBasedFNATP@6b2fad11 - The date pattern is 'yyyy-MM-dd' from file name pattern '/tmp/application_%d{yyyy-MM-dd}.%i.log'.
16:38:55,958 |-INFO in ch.qos.logback.core.rolling.SizeAndTimeBasedFNATP@6b2fad11 - Roll-over at midnight.
16:38:55,963 |-INFO in ch.qos.logback.core.rolling.SizeAndTimeBasedFNATP@6b2fad11 - Setting initial period to Mon Jun 10 16:37:20 UTC 2019
16:38:55,963 |-WARN in ch.qos.logback.core.rolling.SizeAndTimeBasedFNATP@6b2fad11 - SizeAndTimeBasedFNATP is deprecated. Use SizeAndTimeBasedRollingPolicy instead
16:38:55,963 |-WARN in ch.qos.logback.core.rolling.SizeAndTimeBasedFNATP@6b2fad11 - For more information see http://logback.qos.ch/manual/appenders.html#SizeAndTimeBasedRollingPolicy
16:38:55,967 |-INFO in ch.qos.logback.core.joran.action.NestedComplexPropertyIA - Assuming default type [ch.qos.logback.classic.encoder.PatternLayoutEncoder] for [encoder] property
16:38:55,972 |-INFO in ch.qos.logback.core.rolling.RollingFileAppender[FILE] - Active log file name: /tmp/application.log
16:38:55,972 |-INFO in ch.qos.logback.core.rolling.RollingFileAppender[FILE] - File property is set to [/tmp/application.log]
16:38:55,972 |-INFO in ch.qos.logback.classic.joran.action.RootLoggerAction - Setting level of ROOT logger to WARN
16:38:55,972 |-INFO in ch.qos.logback.core.joran.action.AppenderRefAction - Attaching appender named [STDOUT] to Logger[ROOT]
16:38:55,974 |-INFO in ch.qos.logback.core.joran.action.AppenderRefAction - Attaching appender named [FILE] to Logger[ROOT]
16:38:55,975 |-INFO in ch.qos.logback.classic.joran.action.ConfigurationAction - End of configuration.
16:38:55,975 |-INFO in ch.qos.logback.classic.joran.JoranConfigurator@79698539 - Registering current configuration as safe fallback point

Ama winner
Ama winner
2019-06-10T16:38:57.288+0000: 1.759: [Full GC (Metadata GC Threshold) 2019-06-10T16:38:57.288+0000: 1.759: [Tenured: 0K->15143K(341376K), 0.0399572 secs] 114987K->15143K(494976K), [Metaspace: 20728K->20728K(1067008K)], 0.0400224 secs] [Times: user=0.03 sys=0.01, real=0.04 secs] 
16:39:18.686 [Curator-PathChildrenCache-1] WARN  o.a.c.u.ZKPaths  - The version of ZooKeeper being used doesn't support Container nodes. CreateMode.PERSISTENT will be used instead.
2019-06-10T16:39:21.183+0000: 25.653: [GC (Allocation Failure) 2019-06-10T16:39:21.183+0000: 25.653: [DefNew: 136576K->17023K(153600K), 0.0280024 secs] 151719K->52726K(494976K), 0.0280919 secs] [Times: user=0.03 sys=0.00, real=0.03 secs] 
2019-06-10T16:39:22.158+0000: 26.628: [Full GC (Metadata GC Threshold) 2019-06-10T16:39:22.158+0000: 26.628: [Tenured: 35702K->44367K(341376K), 0.0384297 secs] 78940K->44367K(494976K), [Metaspace: 34578K->34578K(1079296K)], 0.0385340 secs] [Times: user=0.03 sys=0.01, real=0.04 secs] 
2019-06-10T16:39:27.820+0000: 32.290: [GC (Allocation Failure) 2019-06-10T16:39:27.820+0000: 32.290: [DefNew: 136576K->72K(153600K), 0.0018035 secs] 180943K->44440K(494976K), 0.0018633 secs] [Times: user=0.01 sys=0.00, real=0.00 secs] 
2019-06-10T16:39:33.629+0000: 38.100: [GC (Allocation Failure) 2019-06-10T16:39:33.629+0000: 38.100: [DefNew: 136648K->78K(153600K), 0.0017076 secs] 181016K->44446K(494976K), 0.0017685 secs] [Times: user=0.01 sys=0.00, real=0.00 secs] 
2019-06-10T16:39:39.401+0000: 43.871: [GC (Allocation Failure) 2019-06-10T16:39:39.401+0000: 43.871: [DefNew: 136654K->75K(153600K), 0.0017381 secs] 181022K->44443K(494976K), 0.0017977 secs] [Times: user=0.00 sys=0.00, real=0.00 secs] 
2019-06-10T16:39:45.083+0000: 49.554: [GC (Allocation Failure) 2019-06-10T16:39:45.083+0000: 49.554: [DefNew: 136651K->77K(153600K), 0.0018622 secs] 181019K->44445K(494976K), 0.0019241 secs] [Times: user=0.00 sys=0.00, real=0.00 secs] 
2019-06-10T16:39:54.696+0000: 59.167: [GC (Allocation Failure) 2019-06-10T16:39:54.696+0000: 59.167: [DefNew: 136653K->74K(153600K), 0.0018263 secs] 181021K->44442K(494976K), 0.0018883 secs] [Times: user=0.00 sys=0.00, real=0.00 secs] 
16:39:58.569 [Curator-PathChildrenCache-0] ERROR o.a.c.f.r.c.PathChildrenCache  - 
java.lang.IllegalStateException: instance must be started before calling this method
	at org.apache.curator.shaded.com.google.common.base.Preconditions.checkState(Preconditions.java:444)
	at org.apache.curator.framework.imps.CuratorFrameworkImpl.getChildren(CuratorFrameworkImpl.java:456)
	at org.apache.curator.framework.recipes.cache.PathChildrenCache.refresh(PathChildrenCache.java:521)
	at org.apache.curator.framework.recipes.cache.RefreshOperation.invoke(RefreshOperation.java:35)
	at org.apache.curator.framework.recipes.cache.PathChildrenCache$9.run(PathChildrenCache.java:786)
	at java.util.concurrent.Executors$RunnableAdapter.call(Executors.java:511)
	at java.util.concurrent.FutureTask.run(FutureTask.java:266)
	at java.util.concurrent.Executors$RunnableAdapter.call(Executors.java:511)
	at java.util.concurrent.FutureTask.run(FutureTask.java:266)
	at java.util.concurrent.ThreadPoolExecutor.runWorker(ThreadPoolExecutor.java:1149)
	at java.util.concurrent.ThreadPoolExecutor$Worker.run(ThreadPoolExecutor.java:624)
	at java.lang.Thread.run(Thread.java:748)
Heap
 def new generation   total 153600K, used 44827K [0x00000000e0c00000, 0x00000000eb2a0000, 0x00000000eb2a0000)
  eden space 136576K,  32% used [0x00000000e0c00000, 0x00000000e37b4120, 0x00000000e9160000)
  from space 17024K,   0% used [0x00000000e9160000, 0x00000000e9172b28, 0x00000000ea200000)
  to   space 17024K,   0% used [0x00000000ea200000, 0x00000000ea200000, 0x00000000eb2a0000)
 tenured generation   total 341376K, used 44367K [0x00000000eb2a0000, 0x0000000100000000, 0x0000000100000000)
   the space 341376K,  12% used [0x00000000eb2a0000, 0x00000000eddf3f60, 0x00000000eddf4000, 0x0000000100000000)
 Metaspace       used 36060K, capacity 36934K, committed 37120K, reserved 1081344K
  class space    used 4866K, capacity 5075K, committed 5120K, reserved 1048576K
