17:08:18,474 |-INFO in ch.qos.logback.classic.LoggerContext[default] - Could NOT find resource [logback-test.xml]
17:08:18,474 |-INFO in ch.qos.logback.classic.LoggerContext[default] - Could NOT find resource [logback.groovy]
17:08:18,475 |-INFO in ch.qos.logback.classic.LoggerContext[default] - Found resource [logback.xml] at [jar:file:/root/flamestream/lib/flamestream-runtime-1.0-SNAPSHOT.jar!/logback.xml]
17:08:18,475 |-WARN in ch.qos.logback.classic.LoggerContext[default] - Resource [logback.xml] occurs multiple times on the classpath.
17:08:18,476 |-WARN in ch.qos.logback.classic.LoggerContext[default] - Resource [logback.xml] occurs at [jar:file:/root/flamestream/lib/flamestream-runtime-1.0-SNAPSHOT.jar!/logback.xml]
17:08:18,476 |-WARN in ch.qos.logback.classic.LoggerContext[default] - Resource [logback.xml] occurs at [jar:file:/root/flamestream/flamestream-runtime-1.0-SNAPSHOT.jar!/logback.xml]
17:08:18,495 |-INFO in ch.qos.logback.core.joran.spi.ConfigurationWatchList@3fb6a447 - URL [jar:file:/root/flamestream/lib/flamestream-runtime-1.0-SNAPSHOT.jar!/logback.xml] is not of type file
17:08:18,561 |-INFO in ch.qos.logback.classic.joran.action.ConfigurationAction - debug attribute not set
17:08:18,561 |-INFO in ch.qos.logback.core.joran.action.AppenderAction - About to instantiate appender of type [ch.qos.logback.core.ConsoleAppender]
17:08:18,578 |-INFO in ch.qos.logback.core.joran.action.AppenderAction - Naming appender as [STDOUT]
17:08:18,597 |-INFO in ch.qos.logback.core.joran.action.NestedComplexPropertyIA - Assuming default type [ch.qos.logback.classic.encoder.PatternLayoutEncoder] for [encoder] property
17:08:18,690 |-INFO in ch.qos.logback.core.joran.action.AppenderAction - About to instantiate appender of type [ch.qos.logback.core.rolling.RollingFileAppender]
17:08:18,699 |-INFO in ch.qos.logback.core.joran.action.AppenderAction - Naming appender as [FILE]
17:08:18,728 |-INFO in c.q.l.core.rolling.TimeBasedRollingPolicy@127618319 - No compression will be used
17:08:18,729 |-INFO in c.q.l.core.rolling.TimeBasedRollingPolicy@127618319 - Will use the pattern /tmp/application_%d{yyyy-MM-dd}.%i.log for the active file
17:08:18,732 |-INFO in ch.qos.logback.core.rolling.SizeAndTimeBasedFNATP@6b2fad11 - The date pattern is 'yyyy-MM-dd' from file name pattern '/tmp/application_%d{yyyy-MM-dd}.%i.log'.
17:08:18,732 |-INFO in ch.qos.logback.core.rolling.SizeAndTimeBasedFNATP@6b2fad11 - Roll-over at midnight.
17:08:18,738 |-INFO in ch.qos.logback.core.rolling.SizeAndTimeBasedFNATP@6b2fad11 - Setting initial period to Mon Jun 10 17:06:55 UTC 2019
17:08:18,738 |-WARN in ch.qos.logback.core.rolling.SizeAndTimeBasedFNATP@6b2fad11 - SizeAndTimeBasedFNATP is deprecated. Use SizeAndTimeBasedRollingPolicy instead
17:08:18,738 |-WARN in ch.qos.logback.core.rolling.SizeAndTimeBasedFNATP@6b2fad11 - For more information see http://logback.qos.ch/manual/appenders.html#SizeAndTimeBasedRollingPolicy
17:08:18,742 |-INFO in ch.qos.logback.core.joran.action.NestedComplexPropertyIA - Assuming default type [ch.qos.logback.classic.encoder.PatternLayoutEncoder] for [encoder] property
17:08:18,747 |-INFO in ch.qos.logback.core.rolling.RollingFileAppender[FILE] - Active log file name: /tmp/application.log
17:08:18,747 |-INFO in ch.qos.logback.core.rolling.RollingFileAppender[FILE] - File property is set to [/tmp/application.log]
17:08:18,748 |-INFO in ch.qos.logback.classic.joran.action.RootLoggerAction - Setting level of ROOT logger to WARN
17:08:18,748 |-INFO in ch.qos.logback.core.joran.action.AppenderRefAction - Attaching appender named [STDOUT] to Logger[ROOT]
17:08:18,750 |-INFO in ch.qos.logback.core.joran.action.AppenderRefAction - Attaching appender named [FILE] to Logger[ROOT]
17:08:18,750 |-INFO in ch.qos.logback.classic.joran.action.ConfigurationAction - End of configuration.
17:08:18,751 |-INFO in ch.qos.logback.classic.joran.JoranConfigurator@79698539 - Registering current configuration as safe fallback point

Ama winner
Ama winner
2019-06-10T17:08:20.017+0000: 1.731: [Full GC (Metadata GC Threshold) 2019-06-10T17:08:20.017+0000: 1.731: [Tenured: 0K->15209K(341376K), 0.0403125 secs] 114986K->15209K(494976K), [Metaspace: 20737K->20737K(1067008K)], 0.0403839 secs] [Times: user=0.03 sys=0.01, real=0.04 secs] 
17:08:36.315 [Curator-PathChildrenCache-1] WARN  o.a.c.u.ZKPaths  - The version of ZooKeeper being used doesn't support Container nodes. CreateMode.PERSISTENT will be used instead.
2019-06-10T17:08:38.981+0000: 20.695: [GC (Allocation Failure) 2019-06-10T17:08:38.981+0000: 20.695: [DefNew: 136576K->17023K(153600K), 0.0266417 secs] 151785K->52744K(494976K), 0.0267119 secs] [Times: user=0.02 sys=0.00, real=0.03 secs] 
2019-06-10T17:08:45.150+0000: 26.864: [Full GC (Metadata GC Threshold) 2019-06-10T17:08:45.151+0000: 26.864: [Tenured: 35720K->44419K(341376K), 0.0594041 secs] 183943K->44419K(494976K), [Metaspace: 34638K->34638K(1079296K)], 0.0594811 secs] [Times: user=0.05 sys=0.00, real=0.06 secs] 
2019-06-10T17:08:51.452+0000: 33.165: [GC (Allocation Failure) 2019-06-10T17:08:51.452+0000: 33.165: [DefNew: 136576K->87K(153600K), 0.0017261 secs] 180995K->44507K(494976K), 0.0017884 secs] [Times: user=0.01 sys=0.00, real=0.00 secs] 
2019-06-10T17:08:57.881+0000: 39.594: [GC (Allocation Failure) 2019-06-10T17:08:57.881+0000: 39.594: [DefNew: 136663K->119K(153600K), 0.0016469 secs] 181083K->44539K(494976K), 0.0017056 secs] [Times: user=0.01 sys=0.00, real=0.00 secs] 
2019-06-10T17:09:04.326+0000: 46.040: [GC (Allocation Failure) 2019-06-10T17:09:04.326+0000: 46.040: [DefNew: 136695K->150K(153600K), 0.0016401 secs] 181115K->44570K(494976K), 0.0017000 secs] [Times: user=0.00 sys=0.00, real=0.00 secs] 
2019-06-10T17:09:10.780+0000: 52.493: [GC (Allocation Failure) 2019-06-10T17:09:10.780+0000: 52.493: [DefNew: 136726K->151K(153600K), 0.0016811 secs] 181146K->44571K(494976K), 0.0017417 secs] [Times: user=0.00 sys=0.00, real=0.00 secs] 
2019-06-10T17:09:23.714+0000: 65.427: [GC (Allocation Failure) 2019-06-10T17:09:23.714+0000: 65.427: [DefNew: 136727K->483K(153600K), 0.0021766 secs] 181147K->44903K(494976K), 0.0022404 secs] [Times: user=0.01 sys=0.00, real=0.01 secs] 
17:09:26.607 [Curator-PathChildrenCache-0] ERROR o.a.c.f.r.c.PathChildrenCache  - 
java.lang.IllegalStateException: instance must be started before calling this method
	at org.apache.curator.shaded.com.google.common.base.Preconditions.checkState(Preconditions.java:444)
	at org.apache.curator.framework.imps.CuratorFrameworkImpl.getChildren(CuratorFrameworkImpl.java:456)
	at org.apache.curator.framework.recipes.cache.PathChildrenCache.refresh(PathChildrenCache.java:521)
	at org.apache.curator.framework.recipes.cache.RefreshOperation.invoke(RefreshOperation.java:35)
	at org.apache.curator.framework.recipes.cache.PathChildrenCache$9.run(PathChildrenCache.java:786)
	at java.util.concurrent.Executors$RunnableAdapter.call(Executors.java:511)
	at java.util.concurrent.FutureTask.run(FutureTask.java:266)
	at java.util.concurrent.Executors$RunnableAdapter.call(Executors.java:511)
	at java.util.concurrent.FutureTask.run(FutureTask.java:266)
	at java.util.concurrent.ThreadPoolExecutor.runWorker(ThreadPoolExecutor.java:1149)
	at java.util.concurrent.ThreadPoolExecutor$Worker.run(ThreadPoolExecutor.java:624)
	at java.lang.Thread.run(Thread.java:748)
Heap
 def new generation   total 153600K, used 24617K [0x00000000e0c00000, 0x00000000eb2a0000, 0x00000000eb2a0000)
  eden space 136576K,  17% used [0x00000000e0c00000, 0x00000000e23919e8, 0x00000000e9160000)
  from space 17024K,   2% used [0x00000000e9160000, 0x00000000e91d8cf0, 0x00000000ea200000)
  to   space 17024K,   0% used [0x00000000ea200000, 0x00000000ea200000, 0x00000000eb2a0000)
 tenured generation   total 341376K, used 44419K [0x00000000eb2a0000, 0x0000000100000000, 0x0000000100000000)
   the space 341376K,  13% used [0x00000000eb2a0000, 0x00000000ede00fa8, 0x00000000ede01000, 0x0000000100000000)
 Metaspace       used 36049K, capacity 36934K, committed 37120K, reserved 1081344K
  class space    used 4874K, capacity 5075K, committed 5120K, reserved 1048576K
