19:03:08,085 |-INFO in ch.qos.logback.classic.LoggerContext[default] - Could NOT find resource [logback-test.xml]
19:03:08,085 |-INFO in ch.qos.logback.classic.LoggerContext[default] - Could NOT find resource [logback.groovy]
19:03:08,085 |-INFO in ch.qos.logback.classic.LoggerContext[default] - Found resource [logback.xml] at [jar:file:/root/flamestream/lib/flamestream-runtime-1.0-SNAPSHOT.jar!/logback.xml]
19:03:08,086 |-WARN in ch.qos.logback.classic.LoggerContext[default] - Resource [logback.xml] occurs multiple times on the classpath.
19:03:08,086 |-WARN in ch.qos.logback.classic.LoggerContext[default] - Resource [logback.xml] occurs at [jar:file:/root/flamestream/lib/flamestream-runtime-1.0-SNAPSHOT.jar!/logback.xml]
19:03:08,086 |-WARN in ch.qos.logback.classic.LoggerContext[default] - Resource [logback.xml] occurs at [jar:file:/root/flamestream/flamestream-runtime-1.0-SNAPSHOT.jar!/logback.xml]
19:03:08,106 |-INFO in ch.qos.logback.core.joran.spi.ConfigurationWatchList@3fb6a447 - URL [jar:file:/root/flamestream/lib/flamestream-runtime-1.0-SNAPSHOT.jar!/logback.xml] is not of type file
19:03:08,171 |-INFO in ch.qos.logback.classic.joran.action.ConfigurationAction - debug attribute not set
19:03:08,172 |-INFO in ch.qos.logback.core.joran.action.AppenderAction - About to instantiate appender of type [ch.qos.logback.core.ConsoleAppender]
19:03:08,188 |-INFO in ch.qos.logback.core.joran.action.AppenderAction - Naming appender as [STDOUT]
19:03:08,207 |-INFO in ch.qos.logback.core.joran.action.NestedComplexPropertyIA - Assuming default type [ch.qos.logback.classic.encoder.PatternLayoutEncoder] for [encoder] property
19:03:08,290 |-INFO in ch.qos.logback.core.joran.action.AppenderAction - About to instantiate appender of type [ch.qos.logback.core.rolling.RollingFileAppender]
19:03:08,301 |-INFO in ch.qos.logback.core.joran.action.AppenderAction - Naming appender as [FILE]
19:03:08,329 |-INFO in c.q.l.core.rolling.TimeBasedRollingPolicy@127618319 - No compression will be used
19:03:08,330 |-INFO in c.q.l.core.rolling.TimeBasedRollingPolicy@127618319 - Will use the pattern /tmp/application_%d{yyyy-MM-dd}.%i.log for the active file
19:03:08,333 |-INFO in ch.qos.logback.core.rolling.SizeAndTimeBasedFNATP@6b2fad11 - The date pattern is 'yyyy-MM-dd' from file name pattern '/tmp/application_%d{yyyy-MM-dd}.%i.log'.
19:03:08,333 |-INFO in ch.qos.logback.core.rolling.SizeAndTimeBasedFNATP@6b2fad11 - Roll-over at midnight.
19:03:08,339 |-INFO in ch.qos.logback.core.rolling.SizeAndTimeBasedFNATP@6b2fad11 - Setting initial period to Mon Jun 10 19:01:42 UTC 2019
19:03:08,339 |-WARN in ch.qos.logback.core.rolling.SizeAndTimeBasedFNATP@6b2fad11 - SizeAndTimeBasedFNATP is deprecated. Use SizeAndTimeBasedRollingPolicy instead
19:03:08,339 |-WARN in ch.qos.logback.core.rolling.SizeAndTimeBasedFNATP@6b2fad11 - For more information see http://logback.qos.ch/manual/appenders.html#SizeAndTimeBasedRollingPolicy
19:03:08,343 |-INFO in ch.qos.logback.core.joran.action.NestedComplexPropertyIA - Assuming default type [ch.qos.logback.classic.encoder.PatternLayoutEncoder] for [encoder] property
19:03:08,348 |-INFO in ch.qos.logback.core.rolling.RollingFileAppender[FILE] - Active log file name: /tmp/application.log
19:03:08,348 |-INFO in ch.qos.logback.core.rolling.RollingFileAppender[FILE] - File property is set to [/tmp/application.log]
19:03:08,349 |-INFO in ch.qos.logback.classic.joran.action.RootLoggerAction - Setting level of ROOT logger to WARN
19:03:08,349 |-INFO in ch.qos.logback.core.joran.action.AppenderRefAction - Attaching appender named [STDOUT] to Logger[ROOT]
19:03:08,351 |-INFO in ch.qos.logback.core.joran.action.AppenderRefAction - Attaching appender named [FILE] to Logger[ROOT]
19:03:08,351 |-INFO in ch.qos.logback.classic.joran.action.ConfigurationAction - End of configuration.
19:03:08,352 |-INFO in ch.qos.logback.classic.joran.JoranConfigurator@79698539 - Registering current configuration as safe fallback point

Ama winner
Ama winner
2019-06-10T19:03:09.985+0000: 2.091: [Full GC (Metadata GC Threshold) 2019-06-10T19:03:09.985+0000: 2.091: [Tenured: 0K->15145K(341376K), 0.0419392 secs] 117782K->15145K(494976K), [Metaspace: 20737K->20737K(1067008K)], 0.0420060 secs] [Times: user=0.04 sys=0.01, real=0.04 secs] 
19:03:26.918 [Curator-PathChildrenCache-1] WARN  o.a.c.u.ZKPaths  - The version of ZooKeeper being used doesn't support Container nodes. CreateMode.PERSISTENT will be used instead.
2019-06-10T19:03:28.989+0000: 21.095: [GC (Allocation Failure) 2019-06-10T19:03:28.989+0000: 21.096: [DefNew: 135973K->16631K(153600K), 0.0260748 secs] 151119K->51308K(494976K), 0.0261472 secs] [Times: user=0.01 sys=0.01, real=0.02 secs] 
2019-06-10T19:03:29.873+0000: 21.980: [Full GC (Metadata GC Threshold) 2019-06-10T19:03:29.873+0000: 21.980: [Tenured: 34676K->43454K(341376K), 0.0391688 secs] 71705K->43454K(494976K), [Metaspace: 34602K->34602K(1079296K)], 0.0392715 secs] [Times: user=0.04 sys=0.00, real=0.04 secs] 
2019-06-10T19:03:36.910+0000: 29.017: [GC (Allocation Failure) 2019-06-10T19:03:36.910+0000: 29.017: [DefNew: 136576K->80K(153600K), 0.0019600 secs] 180030K->43534K(494976K), 0.0020176 secs] [Times: user=0.00 sys=0.00, real=0.00 secs] 
2019-06-10T19:03:43.841+0000: 35.948: [GC (Allocation Failure) 2019-06-10T19:03:43.841+0000: 35.948: [DefNew: 136656K->82K(153600K), 0.0017976 secs] 180110K->43536K(494976K), 0.0018712 secs] [Times: user=0.00 sys=0.00, real=0.00 secs] 
2019-06-10T19:03:50.894+0000: 43.001: [GC (Allocation Failure) 2019-06-10T19:03:50.894+0000: 43.001: [DefNew: 136658K->84K(153600K), 0.0018211 secs] 180112K->43538K(494976K), 0.0018835 secs] [Times: user=0.00 sys=0.00, real=0.00 secs] 
2019-06-10T19:03:57.926+0000: 50.033: [GC (Allocation Failure) 2019-06-10T19:03:57.926+0000: 50.033: [DefNew: 136660K->84K(153600K), 0.0018940 secs] 180114K->43539K(494976K), 0.0019534 secs] [Times: user=0.00 sys=0.00, real=0.00 secs] 
2019-06-10T19:04:05.023+0000: 57.129: [GC (Allocation Failure) 2019-06-10T19:04:05.023+0000: 57.130: [DefNew: 136660K->86K(153600K), 0.0019026 secs] 180115K->43540K(494976K), 0.0019630 secs] [Times: user=0.01 sys=0.00, real=0.00 secs] 
2019-06-10T19:04:22.109+0000: 74.215: [GC (Allocation Failure) 2019-06-10T19:04:22.109+0000: 74.215: [DefNew: 136662K->407K(153600K), 0.0024196 secs] 180116K->43862K(494976K), 0.0024991 secs] [Times: user=0.01 sys=0.00, real=0.00 secs] 
19:04:25.305 [Curator-PathChildrenCache-0] ERROR o.a.c.f.r.c.PathChildrenCache  - 
java.lang.IllegalStateException: instance must be started before calling this method
	at org.apache.curator.shaded.com.google.common.base.Preconditions.checkState(Preconditions.java:444)
	at org.apache.curator.framework.imps.CuratorFrameworkImpl.getChildren(CuratorFrameworkImpl.java:456)
	at org.apache.curator.framework.recipes.cache.PathChildrenCache.refresh(PathChildrenCache.java:521)
	at org.apache.curator.framework.recipes.cache.RefreshOperation.invoke(RefreshOperation.java:35)
	at org.apache.curator.framework.recipes.cache.PathChildrenCache$9.run(PathChildrenCache.java:786)
	at java.util.concurrent.Executors$RunnableAdapter.call(Executors.java:511)
	at java.util.concurrent.FutureTask.run(FutureTask.java:266)
	at java.util.concurrent.Executors$RunnableAdapter.call(Executors.java:511)
	at java.util.concurrent.FutureTask.run(FutureTask.java:266)
	at java.util.concurrent.ThreadPoolExecutor.runWorker(ThreadPoolExecutor.java:1149)
	at java.util.concurrent.ThreadPoolExecutor$Worker.run(ThreadPoolExecutor.java:624)
	at java.lang.Thread.run(Thread.java:748)
Heap
 def new generation   total 153600K, used 34173K [0x00000000e0c00000, 0x00000000eb2a0000, 0x00000000eb2a0000)
  eden space 136576K,  24% used [0x00000000e0c00000, 0x00000000e2cf9760, 0x00000000e9160000)
  from space 17024K,   2% used [0x00000000ea200000, 0x00000000ea265fd8, 0x00000000eb2a0000)
  to   space 17024K,   0% used [0x00000000e9160000, 0x00000000e9160000, 0x00000000ea200000)
 tenured generation   total 341376K, used 43454K [0x00000000eb2a0000, 0x0000000100000000, 0x0000000100000000)
   the space 341376K,  12% used [0x00000000eb2a0000, 0x00000000edd0fa60, 0x00000000edd0fc00, 0x0000000100000000)
 Metaspace       used 36296K, capacity 37230K, committed 37376K, reserved 1081344K
  class space    used 4892K, capacity 5093K, committed 5120K, reserved 1048576K
