15:39:15,907 |-INFO in ch.qos.logback.classic.LoggerContext[default] - Could NOT find resource [logback-test.xml]
15:39:15,907 |-INFO in ch.qos.logback.classic.LoggerContext[default] - Could NOT find resource [logback.groovy]
15:39:15,909 |-INFO in ch.qos.logback.classic.LoggerContext[default] - Found resource [logback.xml] at [jar:file:/root/flamestream/lib/flamestream-runtime-1.0-SNAPSHOT.jar!/logback.xml]
15:39:15,910 |-WARN in ch.qos.logback.classic.LoggerContext[default] - Resource [logback.xml] occurs multiple times on the classpath.
15:39:15,910 |-WARN in ch.qos.logback.classic.LoggerContext[default] - Resource [logback.xml] occurs at [jar:file:/root/flamestream/lib/flamestream-runtime-1.0-SNAPSHOT.jar!/logback.xml]
15:39:15,910 |-WARN in ch.qos.logback.classic.LoggerContext[default] - Resource [logback.xml] occurs at [jar:file:/root/flamestream/flamestream-runtime-1.0-SNAPSHOT.jar!/logback.xml]
15:39:15,930 |-INFO in ch.qos.logback.core.joran.spi.ConfigurationWatchList@3fb6a447 - URL [jar:file:/root/flamestream/lib/flamestream-runtime-1.0-SNAPSHOT.jar!/logback.xml] is not of type file
15:39:16,001 |-INFO in ch.qos.logback.classic.joran.action.ConfigurationAction - debug attribute not set
15:39:16,002 |-INFO in ch.qos.logback.core.joran.action.AppenderAction - About to instantiate appender of type [ch.qos.logback.core.ConsoleAppender]
15:39:16,017 |-INFO in ch.qos.logback.core.joran.action.AppenderAction - Naming appender as [STDOUT]
15:39:16,038 |-INFO in ch.qos.logback.core.joran.action.NestedComplexPropertyIA - Assuming default type [ch.qos.logback.classic.encoder.PatternLayoutEncoder] for [encoder] property
15:39:16,116 |-INFO in ch.qos.logback.core.joran.action.AppenderAction - About to instantiate appender of type [ch.qos.logback.core.rolling.RollingFileAppender]
15:39:16,121 |-INFO in ch.qos.logback.core.joran.action.AppenderAction - Naming appender as [FILE]
15:39:16,152 |-INFO in c.q.l.core.rolling.TimeBasedRollingPolicy@127618319 - No compression will be used
15:39:16,153 |-INFO in c.q.l.core.rolling.TimeBasedRollingPolicy@127618319 - Will use the pattern /tmp/application_%d{yyyy-MM-dd}.%i.log for the active file
15:39:16,156 |-INFO in ch.qos.logback.core.rolling.SizeAndTimeBasedFNATP@6b2fad11 - The date pattern is 'yyyy-MM-dd' from file name pattern '/tmp/application_%d{yyyy-MM-dd}.%i.log'.
15:39:16,156 |-INFO in ch.qos.logback.core.rolling.SizeAndTimeBasedFNATP@6b2fad11 - Roll-over at midnight.
15:39:16,161 |-INFO in ch.qos.logback.core.rolling.SizeAndTimeBasedFNATP@6b2fad11 - Setting initial period to Mon Jun 10 15:37:56 UTC 2019
15:39:16,161 |-WARN in ch.qos.logback.core.rolling.SizeAndTimeBasedFNATP@6b2fad11 - SizeAndTimeBasedFNATP is deprecated. Use SizeAndTimeBasedRollingPolicy instead
15:39:16,161 |-WARN in ch.qos.logback.core.rolling.SizeAndTimeBasedFNATP@6b2fad11 - For more information see http://logback.qos.ch/manual/appenders.html#SizeAndTimeBasedRollingPolicy
15:39:16,165 |-INFO in ch.qos.logback.core.joran.action.NestedComplexPropertyIA - Assuming default type [ch.qos.logback.classic.encoder.PatternLayoutEncoder] for [encoder] property
15:39:16,170 |-INFO in ch.qos.logback.core.rolling.RollingFileAppender[FILE] - Active log file name: /tmp/application.log
15:39:16,170 |-INFO in ch.qos.logback.core.rolling.RollingFileAppender[FILE] - File property is set to [/tmp/application.log]
15:39:16,171 |-INFO in ch.qos.logback.classic.joran.action.RootLoggerAction - Setting level of ROOT logger to WARN
15:39:16,171 |-INFO in ch.qos.logback.core.joran.action.AppenderRefAction - Attaching appender named [STDOUT] to Logger[ROOT]
15:39:16,173 |-INFO in ch.qos.logback.core.joran.action.AppenderRefAction - Attaching appender named [FILE] to Logger[ROOT]
15:39:16,173 |-INFO in ch.qos.logback.classic.joran.action.ConfigurationAction - End of configuration.
15:39:16,173 |-INFO in ch.qos.logback.classic.joran.JoranConfigurator@79698539 - Registering current configuration as safe fallback point

Ama winner
Ama winner
2019-06-10T15:39:17.480+0000: 1.751: [Full GC (Metadata GC Threshold) 2019-06-10T15:39:17.480+0000: 1.751: [Tenured: 0K->15144K(341376K), 0.0394948 secs] 114988K->15144K(494976K), [Metaspace: 20729K->20729K(1067008K)], 0.0395602 secs] [Times: user=0.04 sys=0.01, real=0.04 secs] 
15:39:30.977 [Curator-PathChildrenCache-1] WARN  o.a.c.u.ZKPaths  - The version of ZooKeeper being used doesn't support Container nodes. CreateMode.PERSISTENT will be used instead.
2019-06-10T15:39:33.509+0000: 17.780: [GC (Allocation Failure) 2019-06-10T15:39:33.509+0000: 17.780: [DefNew: 136576K->17024K(153600K), 0.0257251 secs] 151720K->52611K(494976K), 0.0258074 secs] [Times: user=0.02 sys=0.01, real=0.03 secs] 
2019-06-10T15:39:34.285+0000: 18.556: [Full GC (Metadata GC Threshold) 2019-06-10T15:39:34.285+0000: 18.556: [Tenured: 35587K->44299K(341376K), 0.0376430 secs] 74181K->44299K(494976K), [Metaspace: 34574K->34574K(1079296K)], 0.0377219 secs] [Times: user=0.04 sys=0.00, real=0.04 secs] 
2019-06-10T15:39:41.418+0000: 25.689: [GC (Allocation Failure) 2019-06-10T15:39:41.418+0000: 25.689: [DefNew: 136576K->83K(153600K), 0.0019050 secs] 180875K->44383K(494976K), 0.0019650 secs] [Times: user=0.00 sys=0.00, real=0.01 secs] 
2019-06-10T15:39:48.485+0000: 32.756: [GC (Allocation Failure) 2019-06-10T15:39:48.485+0000: 32.756: [DefNew: 136659K->88K(153600K), 0.0017503 secs] 180959K->44388K(494976K), 0.0018163 secs] [Times: user=0.01 sys=0.00, real=0.00 secs] 
2019-06-10T15:39:55.626+0000: 39.897: [GC (Allocation Failure) 2019-06-10T15:39:55.626+0000: 39.897: [DefNew: 136664K->87K(153600K), 0.0018706 secs] 180964K->44386K(494976K), 0.0019340 secs] [Times: user=0.01 sys=0.00, real=0.00 secs] 
2019-06-10T15:40:02.848+0000: 47.119: [GC (Allocation Failure) 2019-06-10T15:40:02.848+0000: 47.119: [DefNew: 136663K->88K(153600K), 0.0018697 secs] 180962K->44388K(494976K), 0.0019318 secs] [Times: user=0.00 sys=0.00, real=0.00 secs] 
2019-06-10T15:40:10.082+0000: 54.353: [GC (Allocation Failure) 2019-06-10T15:40:10.082+0000: 54.353: [DefNew: 136664K->87K(153600K), 0.0018058 secs] 180964K->44387K(494976K), 0.0018654 secs] [Times: user=0.00 sys=0.00, real=0.00 secs] 
15:40:24.150 [Curator-PathChildrenCache-0] ERROR o.a.c.f.r.c.PathChildrenCache  - 
java.lang.IllegalStateException: instance must be started before calling this method
	at org.apache.curator.shaded.com.google.common.base.Preconditions.checkState(Preconditions.java:444)
	at org.apache.curator.framework.imps.CuratorFrameworkImpl.getChildren(CuratorFrameworkImpl.java:456)
	at org.apache.curator.framework.recipes.cache.PathChildrenCache.refresh(PathChildrenCache.java:521)
	at org.apache.curator.framework.recipes.cache.RefreshOperation.invoke(RefreshOperation.java:35)
	at org.apache.curator.framework.recipes.cache.PathChildrenCache$9.run(PathChildrenCache.java:786)
	at java.util.concurrent.Executors$RunnableAdapter.call(Executors.java:511)
	at java.util.concurrent.FutureTask.run(FutureTask.java:266)
	at java.util.concurrent.Executors$RunnableAdapter.call(Executors.java:511)
	at java.util.concurrent.FutureTask.run(FutureTask.java:266)
	at java.util.concurrent.ThreadPoolExecutor.runWorker(ThreadPoolExecutor.java:1149)
	at java.util.concurrent.ThreadPoolExecutor$Worker.run(ThreadPoolExecutor.java:624)
	at java.lang.Thread.run(Thread.java:748)
2019-06-10T15:40:24.269+0000: 68.540: [GC (Allocation Failure) 2019-06-10T15:40:24.269+0000: 68.540: [DefNew: 136663K->1017K(153600K), 0.0034180 secs] 180963K->45316K(494976K), 0.0034819 secs] [Times: user=0.01 sys=0.00, real=0.01 secs] 
Heap
 def new generation   total 153600K, used 13068K [0x00000000e0c00000, 0x00000000eb2a0000, 0x00000000eb2a0000)
  eden space 136576K,   8% used [0x00000000e0c00000, 0x00000000e17c4be8, 0x00000000e9160000)
  from space 17024K,   5% used [0x00000000ea200000, 0x00000000ea2fe4f8, 0x00000000eb2a0000)
  to   space 17024K,   0% used [0x00000000e9160000, 0x00000000e9160000, 0x00000000ea200000)
 tenured generation   total 341376K, used 44299K [0x00000000eb2a0000, 0x0000000100000000, 0x0000000100000000)
   the space 341376K,  12% used [0x00000000eb2a0000, 0x00000000edde2e30, 0x00000000edde3000, 0x0000000100000000)
 Metaspace       used 36252K, capacity 37130K, committed 37376K, reserved 1081344K
  class space    used 4872K, capacity 5075K, committed 5120K, reserved 1048576K
