13:05:51,720 |-INFO in ch.qos.logback.classic.LoggerContext[default] - Could NOT find resource [logback-test.xml]
13:05:51,720 |-INFO in ch.qos.logback.classic.LoggerContext[default] - Could NOT find resource [logback.groovy]
13:05:51,720 |-INFO in ch.qos.logback.classic.LoggerContext[default] - Found resource [logback.xml] at [jar:file:/root/flamestream/lib/flamestream-runtime-1.0-SNAPSHOT.jar!/logback.xml]
13:05:51,721 |-WARN in ch.qos.logback.classic.LoggerContext[default] - Resource [logback.xml] occurs multiple times on the classpath.
13:05:51,721 |-WARN in ch.qos.logback.classic.LoggerContext[default] - Resource [logback.xml] occurs at [jar:file:/root/flamestream/lib/flamestream-runtime-1.0-SNAPSHOT.jar!/logback.xml]
13:05:51,721 |-WARN in ch.qos.logback.classic.LoggerContext[default] - Resource [logback.xml] occurs at [jar:file:/root/flamestream/flamestream-runtime-1.0-SNAPSHOT.jar!/logback.xml]
13:05:51,741 |-INFO in ch.qos.logback.core.joran.spi.ConfigurationWatchList@3fb6a447 - URL [jar:file:/root/flamestream/lib/flamestream-runtime-1.0-SNAPSHOT.jar!/logback.xml] is not of type file
13:05:51,810 |-INFO in ch.qos.logback.classic.joran.action.ConfigurationAction - debug attribute not set
13:05:51,810 |-INFO in ch.qos.logback.core.joran.action.AppenderAction - About to instantiate appender of type [ch.qos.logback.core.ConsoleAppender]
13:05:51,833 |-INFO in ch.qos.logback.core.joran.action.AppenderAction - Naming appender as [STDOUT]
13:05:51,846 |-INFO in ch.qos.logback.core.joran.action.NestedComplexPropertyIA - Assuming default type [ch.qos.logback.classic.encoder.PatternLayoutEncoder] for [encoder] property
13:05:51,932 |-INFO in ch.qos.logback.core.joran.action.AppenderAction - About to instantiate appender of type [ch.qos.logback.core.rolling.RollingFileAppender]
13:05:51,937 |-INFO in ch.qos.logback.core.joran.action.AppenderAction - Naming appender as [FILE]
13:05:51,967 |-INFO in c.q.l.core.rolling.TimeBasedRollingPolicy@127618319 - No compression will be used
13:05:51,969 |-INFO in c.q.l.core.rolling.TimeBasedRollingPolicy@127618319 - Will use the pattern /tmp/application_%d{yyyy-MM-dd}.%i.log for the active file
13:05:51,972 |-INFO in ch.qos.logback.core.rolling.SizeAndTimeBasedFNATP@6b2fad11 - The date pattern is 'yyyy-MM-dd' from file name pattern '/tmp/application_%d{yyyy-MM-dd}.%i.log'.
13:05:51,972 |-INFO in ch.qos.logback.core.rolling.SizeAndTimeBasedFNATP@6b2fad11 - Roll-over at midnight.
13:05:51,977 |-INFO in ch.qos.logback.core.rolling.SizeAndTimeBasedFNATP@6b2fad11 - Setting initial period to Mon Jun 10 13:04:36 UTC 2019
13:05:51,977 |-WARN in ch.qos.logback.core.rolling.SizeAndTimeBasedFNATP@6b2fad11 - SizeAndTimeBasedFNATP is deprecated. Use SizeAndTimeBasedRollingPolicy instead
13:05:51,977 |-WARN in ch.qos.logback.core.rolling.SizeAndTimeBasedFNATP@6b2fad11 - For more information see http://logback.qos.ch/manual/appenders.html#SizeAndTimeBasedRollingPolicy
13:05:51,980 |-INFO in ch.qos.logback.core.joran.action.NestedComplexPropertyIA - Assuming default type [ch.qos.logback.classic.encoder.PatternLayoutEncoder] for [encoder] property
13:05:51,985 |-INFO in ch.qos.logback.core.rolling.RollingFileAppender[FILE] - Active log file name: /tmp/application.log
13:05:51,985 |-INFO in ch.qos.logback.core.rolling.RollingFileAppender[FILE] - File property is set to [/tmp/application.log]
13:05:51,986 |-INFO in ch.qos.logback.classic.joran.action.RootLoggerAction - Setting level of ROOT logger to WARN
13:05:51,986 |-INFO in ch.qos.logback.core.joran.action.AppenderRefAction - Attaching appender named [STDOUT] to Logger[ROOT]
13:05:51,988 |-INFO in ch.qos.logback.core.joran.action.AppenderRefAction - Attaching appender named [FILE] to Logger[ROOT]
13:05:51,988 |-INFO in ch.qos.logback.classic.joran.action.ConfigurationAction - End of configuration.
13:05:51,989 |-INFO in ch.qos.logback.classic.joran.JoranConfigurator@79698539 - Registering current configuration as safe fallback point

Ama winner
Ama winner
2019-06-10T13:05:53.307+0000: 1.776: [Full GC (Metadata GC Threshold) 2019-06-10T13:05:53.307+0000: 1.776: [Tenured: 0K->15177K(341376K), 0.0400990 secs] 114922K->15177K(494976K), [Metaspace: 20732K->20732K(1067008K)], 0.0401658 secs] [Times: user=0.04 sys=0.00, real=0.04 secs] 
13:06:10.752 [Curator-PathChildrenCache-1] WARN  o.a.c.u.ZKPaths  - The version of ZooKeeper being used doesn't support Container nodes. CreateMode.PERSISTENT will be used instead.
2019-06-10T13:06:13.257+0000: 21.727: [GC (Allocation Failure) 2019-06-10T13:06:13.258+0000: 21.727: [DefNew: 136576K->17023K(153600K), 0.0250819 secs] 151753K->52530K(494976K), 0.0251534 secs] [Times: user=0.02 sys=0.01, real=0.02 secs] 
2019-06-10T13:06:14.179+0000: 22.649: [Full GC (Metadata GC Threshold) 2019-06-10T13:06:14.179+0000: 22.649: [Tenured: 35506K->44378K(341376K), 0.0412648 secs] 75003K->44378K(494976K), [Metaspace: 34593K->34593K(1079296K)], 0.0413448 secs] [Times: user=0.04 sys=0.01, real=0.04 secs] 
2019-06-10T13:06:23.598+0000: 32.067: [GC (Allocation Failure) 2019-06-10T13:06:23.598+0000: 32.067: [DefNew: 136576K->70K(153600K), 0.0019150 secs] 180954K->44448K(494976K), 0.0019738 secs] [Times: user=0.00 sys=0.00, real=0.00 secs] 
2019-06-10T13:06:33.161+0000: 41.630: [GC (Allocation Failure) 2019-06-10T13:06:33.161+0000: 41.630: [DefNew: 136646K->71K(153600K), 0.0018164 secs] 181024K->44449K(494976K), 0.0018810 secs] [Times: user=0.01 sys=0.00, real=0.00 secs] 
2019-06-10T13:06:42.805+0000: 51.274: [GC (Allocation Failure) 2019-06-10T13:06:42.805+0000: 51.274: [DefNew: 136647K->72K(153600K), 0.0018520 secs] 181025K->44451K(494976K), 0.0019135 secs] [Times: user=0.00 sys=0.00, real=0.00 secs] 
2019-06-10T13:06:52.382+0000: 60.851: [GC (Allocation Failure) 2019-06-10T13:06:52.382+0000: 60.851: [DefNew: 136648K->229K(153600K), 0.0020709 secs] 181027K->44608K(494976K), 0.0021368 secs] [Times: user=0.00 sys=0.00, real=0.00 secs] 
2019-06-10T13:07:03.819+0000: 72.288: [GC (Allocation Failure) 2019-06-10T13:07:03.819+0000: 72.288: [DefNew: 136805K->270K(153600K), 0.0022398 secs] 181184K->44648K(494976K), 0.0023018 secs] [Times: user=0.00 sys=0.00, real=0.00 secs] 
2019-06-10T13:07:15.480+0000: 83.949: [GC (Allocation Failure) 2019-06-10T13:07:15.480+0000: 83.949: [DefNew: 136846K->156K(153600K), 0.0020609 secs] 181224K->44535K(494976K), 0.0021234 secs] [Times: user=0.00 sys=0.00, real=0.00 secs] 
13:07:36.189 [Curator-PathChildrenCache-0] ERROR o.a.c.f.r.c.PathChildrenCache  - 
java.lang.IllegalStateException: instance must be started before calling this method
	at org.apache.curator.shaded.com.google.common.base.Preconditions.checkState(Preconditions.java:444)
	at org.apache.curator.framework.imps.CuratorFrameworkImpl.getChildren(CuratorFrameworkImpl.java:456)
	at org.apache.curator.framework.recipes.cache.PathChildrenCache.refresh(PathChildrenCache.java:521)
	at org.apache.curator.framework.recipes.cache.RefreshOperation.invoke(RefreshOperation.java:35)
	at org.apache.curator.framework.recipes.cache.PathChildrenCache$9.run(PathChildrenCache.java:786)
	at java.util.concurrent.Executors$RunnableAdapter.call(Executors.java:511)
	at java.util.concurrent.FutureTask.run(FutureTask.java:266)
	at java.util.concurrent.Executors$RunnableAdapter.call(Executors.java:511)
	at java.util.concurrent.FutureTask.run(FutureTask.java:266)
	at java.util.concurrent.ThreadPoolExecutor.runWorker(ThreadPoolExecutor.java:1149)
	at java.util.concurrent.ThreadPoolExecutor$Worker.run(ThreadPoolExecutor.java:624)
	at java.lang.Thread.run(Thread.java:748)
Heap
 def new generation   total 153600K, used 128526K [0x00000000e0c00000, 0x00000000eb2a0000, 0x00000000eb2a0000)
  eden space 136576K,  93% used [0x00000000e0c00000, 0x00000000e895c698, 0x00000000e9160000)
  from space 17024K,   0% used [0x00000000ea200000, 0x00000000ea227348, 0x00000000eb2a0000)
  to   space 17024K,   0% used [0x00000000e9160000, 0x00000000e9160000, 0x00000000ea200000)
 tenured generation   total 341376K, used 44378K [0x00000000eb2a0000, 0x0000000100000000, 0x0000000100000000)
   the space 341376K,  12% used [0x00000000eb2a0000, 0x00000000eddf6988, 0x00000000eddf6a00, 0x0000000100000000)
 Metaspace       used 36184K, capacity 37056K, committed 37376K, reserved 1081344K
  class space    used 4874K, capacity 5074K, committed 5120K, reserved 1048576K
