17:35:09,113 |-INFO in ch.qos.logback.classic.LoggerContext[default] - Could NOT find resource [logback-test.xml]
17:35:09,113 |-INFO in ch.qos.logback.classic.LoggerContext[default] - Could NOT find resource [logback.groovy]
17:35:09,113 |-INFO in ch.qos.logback.classic.LoggerContext[default] - Found resource [logback.xml] at [jar:file:/root/flamestream/lib/flamestream-runtime-1.0-SNAPSHOT.jar!/logback.xml]
17:35:09,114 |-WARN in ch.qos.logback.classic.LoggerContext[default] - Resource [logback.xml] occurs multiple times on the classpath.
17:35:09,114 |-WARN in ch.qos.logback.classic.LoggerContext[default] - Resource [logback.xml] occurs at [jar:file:/root/flamestream/lib/flamestream-runtime-1.0-SNAPSHOT.jar!/logback.xml]
17:35:09,114 |-WARN in ch.qos.logback.classic.LoggerContext[default] - Resource [logback.xml] occurs at [jar:file:/root/flamestream/flamestream-runtime-1.0-SNAPSHOT.jar!/logback.xml]
17:35:09,133 |-INFO in ch.qos.logback.core.joran.spi.ConfigurationWatchList@3fb6a447 - URL [jar:file:/root/flamestream/lib/flamestream-runtime-1.0-SNAPSHOT.jar!/logback.xml] is not of type file
17:35:09,200 |-INFO in ch.qos.logback.classic.joran.action.ConfigurationAction - debug attribute not set
17:35:09,200 |-INFO in ch.qos.logback.core.joran.action.AppenderAction - About to instantiate appender of type [ch.qos.logback.core.ConsoleAppender]
17:35:09,216 |-INFO in ch.qos.logback.core.joran.action.AppenderAction - Naming appender as [STDOUT]
17:35:09,236 |-INFO in ch.qos.logback.core.joran.action.NestedComplexPropertyIA - Assuming default type [ch.qos.logback.classic.encoder.PatternLayoutEncoder] for [encoder] property
17:35:09,309 |-INFO in ch.qos.logback.core.joran.action.AppenderAction - About to instantiate appender of type [ch.qos.logback.core.rolling.RollingFileAppender]
17:35:09,322 |-INFO in ch.qos.logback.core.joran.action.AppenderAction - Naming appender as [FILE]
17:35:09,351 |-INFO in c.q.l.core.rolling.TimeBasedRollingPolicy@127618319 - No compression will be used
17:35:09,352 |-INFO in c.q.l.core.rolling.TimeBasedRollingPolicy@127618319 - Will use the pattern /tmp/application_%d{yyyy-MM-dd}.%i.log for the active file
17:35:09,355 |-INFO in ch.qos.logback.core.rolling.SizeAndTimeBasedFNATP@6b2fad11 - The date pattern is 'yyyy-MM-dd' from file name pattern '/tmp/application_%d{yyyy-MM-dd}.%i.log'.
17:35:09,355 |-INFO in ch.qos.logback.core.rolling.SizeAndTimeBasedFNATP@6b2fad11 - Roll-over at midnight.
17:35:09,360 |-INFO in ch.qos.logback.core.rolling.SizeAndTimeBasedFNATP@6b2fad11 - Setting initial period to Mon Jun 10 17:33:40 UTC 2019
17:35:09,360 |-WARN in ch.qos.logback.core.rolling.SizeAndTimeBasedFNATP@6b2fad11 - SizeAndTimeBasedFNATP is deprecated. Use SizeAndTimeBasedRollingPolicy instead
17:35:09,360 |-WARN in ch.qos.logback.core.rolling.SizeAndTimeBasedFNATP@6b2fad11 - For more information see http://logback.qos.ch/manual/appenders.html#SizeAndTimeBasedRollingPolicy
17:35:09,365 |-INFO in ch.qos.logback.core.joran.action.NestedComplexPropertyIA - Assuming default type [ch.qos.logback.classic.encoder.PatternLayoutEncoder] for [encoder] property
17:35:09,370 |-INFO in ch.qos.logback.core.rolling.RollingFileAppender[FILE] - Active log file name: /tmp/application.log
17:35:09,370 |-INFO in ch.qos.logback.core.rolling.RollingFileAppender[FILE] - File property is set to [/tmp/application.log]
17:35:09,371 |-INFO in ch.qos.logback.classic.joran.action.RootLoggerAction - Setting level of ROOT logger to WARN
17:35:09,371 |-INFO in ch.qos.logback.core.joran.action.AppenderRefAction - Attaching appender named [STDOUT] to Logger[ROOT]
17:35:09,372 |-INFO in ch.qos.logback.core.joran.action.AppenderRefAction - Attaching appender named [FILE] to Logger[ROOT]
17:35:09,372 |-INFO in ch.qos.logback.classic.joran.action.ConfigurationAction - End of configuration.
17:35:09,372 |-INFO in ch.qos.logback.classic.joran.JoranConfigurator@79698539 - Registering current configuration as safe fallback point

Ama winner
Ama winner
2019-06-10T17:35:10.689+0000: 1.763: [Full GC (Metadata GC Threshold) 2019-06-10T17:35:10.689+0000: 1.763: [Tenured: 0K->15176K(341376K), 0.0394333 secs] 117751K->15176K(494976K), [Metaspace: 20732K->20732K(1067008K)], 0.0394990 secs] [Times: user=0.04 sys=0.01, real=0.04 secs] 
17:35:24.767 [Curator-PathChildrenCache-2] WARN  o.a.c.u.ZKPaths  - The version of ZooKeeper being used doesn't support Container nodes. CreateMode.PERSISTENT will be used instead.
2019-06-10T17:35:26.840+0000: 17.913: [GC (Allocation Failure) 2019-06-10T17:35:26.840+0000: 17.913: [DefNew: 136576K->17023K(153600K), 0.0259860 secs] 151752K->52777K(494976K), 0.0260723 secs] [Times: user=0.03 sys=0.00, real=0.03 secs] 
2019-06-10T17:35:27.421+0000: 18.495: [Full GC (Metadata GC Threshold) 2019-06-10T17:35:27.421+0000: 18.495: [Tenured: 35753K->44244K(341376K), 0.0353991 secs] 71058K->44244K(494976K), [Metaspace: 34608K->34608K(1079296K)], 0.0354727 secs] [Times: user=0.04 sys=0.00, real=0.04 secs] 
2019-06-10T17:35:32.167+0000: 23.241: [GC (Allocation Failure) 2019-06-10T17:35:32.167+0000: 23.241: [DefNew: 136576K->207K(153600K), 0.0021692 secs] 180820K->44451K(494976K), 0.0022401 secs] [Times: user=0.01 sys=0.00, real=0.00 secs] 
2019-06-10T17:35:36.658+0000: 27.732: [GC (Allocation Failure) 2019-06-10T17:35:36.659+0000: 27.732: [DefNew: 136783K->206K(153600K), 0.0020165 secs] 181027K->44450K(494976K), 0.0020765 secs] [Times: user=0.00 sys=0.00, real=0.00 secs] 
2019-06-10T17:35:41.151+0000: 32.225: [GC (Allocation Failure) 2019-06-10T17:35:41.151+0000: 32.225: [DefNew: 136782K->216K(153600K), 0.0019988 secs] 181026K->44460K(494976K), 0.0020584 secs] [Times: user=0.00 sys=0.00, real=0.00 secs] 
2019-06-10T17:35:45.680+0000: 36.754: [GC (Allocation Failure) 2019-06-10T17:35:45.680+0000: 36.754: [DefNew: 136792K->212K(153600K), 0.0021124 secs] 181036K->44456K(494976K), 0.0021741 secs] [Times: user=0.00 sys=0.00, real=0.00 secs] 
2019-06-10T17:35:50.207+0000: 41.281: [GC (Allocation Failure) 2019-06-10T17:35:50.207+0000: 41.281: [DefNew: 136788K->211K(153600K), 0.0020010 secs] 181032K->44455K(494976K), 0.0020698 secs] [Times: user=0.01 sys=0.00, real=0.00 secs] 
2019-06-10T17:35:54.754+0000: 45.828: [GC (Allocation Failure) 2019-06-10T17:35:54.754+0000: 45.828: [DefNew: 136787K->209K(153600K), 0.0021054 secs] 181031K->44453K(494976K), 0.0021660 secs] [Times: user=0.00 sys=0.00, real=0.00 secs] 
2019-06-10T17:35:59.278+0000: 50.352: [GC (Allocation Failure) 2019-06-10T17:35:59.279+0000: 50.352: [DefNew: 136785K->226K(153600K), 0.0020993 secs] 181029K->44470K(494976K), 0.0021567 secs] [Times: user=0.01 sys=0.00, real=0.00 secs] 
2019-06-10T17:36:03.816+0000: 54.889: [GC (Allocation Failure) 2019-06-10T17:36:03.816+0000: 54.889: [DefNew: 136802K->207K(153600K), 0.0021395 secs] 181046K->44451K(494976K), 0.0022119 secs] [Times: user=0.00 sys=0.00, real=0.00 secs] 
2019-06-10T17:36:11.135+0000: 62.209: [GC (Allocation Failure) 2019-06-10T17:36:11.135+0000: 62.209: [DefNew: 136783K->541K(153600K), 0.0026822 secs] 181027K->44786K(494976K), 0.0027420 secs] [Times: user=0.00 sys=0.00, real=0.00 secs] 
17:36:14.096 [Curator-PathChildrenCache-0] ERROR o.a.c.f.r.c.PathChildrenCache  - 
java.lang.IllegalStateException: instance must be started before calling this method
	at org.apache.curator.shaded.com.google.common.base.Preconditions.checkState(Preconditions.java:444)
	at org.apache.curator.framework.imps.CuratorFrameworkImpl.getChildren(CuratorFrameworkImpl.java:456)
	at org.apache.curator.framework.recipes.cache.PathChildrenCache.refresh(PathChildrenCache.java:521)
	at org.apache.curator.framework.recipes.cache.RefreshOperation.invoke(RefreshOperation.java:35)
	at org.apache.curator.framework.recipes.cache.PathChildrenCache$9.run(PathChildrenCache.java:786)
	at java.util.concurrent.Executors$RunnableAdapter.call(Executors.java:511)
	at java.util.concurrent.FutureTask.run(FutureTask.java:266)
	at java.util.concurrent.Executors$RunnableAdapter.call(Executors.java:511)
	at java.util.concurrent.FutureTask.run(FutureTask.java:266)
	at java.util.concurrent.ThreadPoolExecutor.runWorker(ThreadPoolExecutor.java:1149)
	at java.util.concurrent.ThreadPoolExecutor$Worker.run(ThreadPoolExecutor.java:624)
	at java.lang.Thread.run(Thread.java:748)
Heap
 def new generation   total 153600K, used 35031K [0x00000000e0c00000, 0x00000000eb2a0000, 0x00000000eb2a0000)
  eden space 136576K,  25% used [0x00000000e0c00000, 0x00000000e2dae830, 0x00000000e9160000)
  from space 17024K,   3% used [0x00000000e9160000, 0x00000000e91e7770, 0x00000000ea200000)
  to   space 17024K,   0% used [0x00000000ea200000, 0x00000000ea200000, 0x00000000eb2a0000)
 tenured generation   total 341376K, used 44244K [0x00000000eb2a0000, 0x0000000100000000, 0x0000000100000000)
   the space 341376K,  12% used [0x00000000eb2a0000, 0x00000000eddd5110, 0x00000000eddd5200, 0x0000000100000000)
 Metaspace       used 36322K, capacity 37322K, committed 37504K, reserved 1081344K
  class space    used 4907K, capacity 5135K, committed 5248K, reserved 1048576K
