22:24:42,523 |-INFO in ch.qos.logback.classic.LoggerContext[default] - Could NOT find resource [logback-test.xml]
22:24:42,524 |-INFO in ch.qos.logback.classic.LoggerContext[default] - Could NOT find resource [logback.groovy]
22:24:42,524 |-INFO in ch.qos.logback.classic.LoggerContext[default] - Found resource [logback.xml] at [jar:file:/home/nikitasokolov/flamestream/lib/flamestream-runtime-1.0-SNAPSHOT.jar!/logback.xml]
22:24:42,524 |-WARN in ch.qos.logback.classic.LoggerContext[default] - Resource [logback.xml] occurs multiple times on the classpath.
22:24:42,525 |-WARN in ch.qos.logback.classic.LoggerContext[default] - Resource [logback.xml] occurs at [jar:file:/home/nikitasokolov/flamestream/lib/flamestream-runtime-1.0-SNAPSHOT.jar!/logback.xml]
22:24:42,525 |-WARN in ch.qos.logback.classic.LoggerContext[default] - Resource [logback.xml] occurs at [jar:file:/home/nikitasokolov/flamestream/flamestream-runtime-1.0-SNAPSHOT.jar!/logback.xml]
22:24:42,541 |-INFO in ch.qos.logback.core.joran.spi.ConfigurationWatchList@2f7a2457 - URL [jar:file:/home/nikitasokolov/flamestream/lib/flamestream-runtime-1.0-SNAPSHOT.jar!/logback.xml] is not of type file
22:24:42,592 |-INFO in ch.qos.logback.classic.joran.action.ConfigurationAction - debug attribute not set
22:24:42,593 |-INFO in ch.qos.logback.core.joran.action.AppenderAction - About to instantiate appender of type [ch.qos.logback.core.ConsoleAppender]
22:24:42,601 |-INFO in ch.qos.logback.core.joran.action.AppenderAction - Naming appender as [STDOUT]
22:24:42,609 |-INFO in ch.qos.logback.core.joran.action.NestedComplexPropertyIA - Assuming default type [ch.qos.logback.classic.encoder.PatternLayoutEncoder] for [encoder] property
22:24:42,662 |-INFO in ch.qos.logback.core.joran.action.AppenderAction - About to instantiate appender of type [ch.qos.logback.core.rolling.RollingFileAppender]
22:24:42,668 |-INFO in ch.qos.logback.core.joran.action.AppenderAction - Naming appender as [FILE]
22:24:42,691 |-INFO in c.q.l.core.rolling.TimeBasedRollingPolicy@1449621165 - No compression will be used
22:24:42,692 |-INFO in c.q.l.core.rolling.TimeBasedRollingPolicy@1449621165 - Will use the pattern /tmp/application_%d{yyyy-MM-dd}.%i.log for the active file
22:24:42,695 |-INFO in ch.qos.logback.core.rolling.SizeAndTimeBasedFNATP@6108b2d7 - The date pattern is 'yyyy-MM-dd' from file name pattern '/tmp/application_%d{yyyy-MM-dd}.%i.log'.
22:24:42,695 |-INFO in ch.qos.logback.core.rolling.SizeAndTimeBasedFNATP@6108b2d7 - Roll-over at midnight.
22:24:42,699 |-INFO in ch.qos.logback.core.rolling.SizeAndTimeBasedFNATP@6108b2d7 - Setting initial period to Tue May 28 22:23:56 MSK 2019
22:24:42,699 |-WARN in ch.qos.logback.core.rolling.SizeAndTimeBasedFNATP@6108b2d7 - SizeAndTimeBasedFNATP is deprecated. Use SizeAndTimeBasedRollingPolicy instead
22:24:42,699 |-WARN in ch.qos.logback.core.rolling.SizeAndTimeBasedFNATP@6108b2d7 - For more information see http://logback.qos.ch/manual/appenders.html#SizeAndTimeBasedRollingPolicy
22:24:42,704 |-INFO in ch.qos.logback.core.joran.action.NestedComplexPropertyIA - Assuming default type [ch.qos.logback.classic.encoder.PatternLayoutEncoder] for [encoder] property
22:24:42,706 |-INFO in ch.qos.logback.core.rolling.RollingFileAppender[FILE] - Active log file name: /tmp/application.log
22:24:42,706 |-INFO in ch.qos.logback.core.rolling.RollingFileAppender[FILE] - File property is set to [/tmp/application.log]
22:24:42,707 |-INFO in ch.qos.logback.classic.joran.action.RootLoggerAction - Setting level of ROOT logger to WARN
22:24:42,707 |-INFO in ch.qos.logback.core.joran.action.AppenderRefAction - Attaching appender named [STDOUT] to Logger[ROOT]
22:24:42,708 |-INFO in ch.qos.logback.core.joran.action.AppenderRefAction - Attaching appender named [FILE] to Logger[ROOT]
22:24:42,708 |-INFO in ch.qos.logback.classic.joran.action.ConfigurationAction - End of configuration.
22:24:42,709 |-INFO in ch.qos.logback.classic.joran.JoranConfigurator@1554909b - Registering current configuration as safe fallback point

2019-05-28T22:24:43.718+0300: 1.378: [GC (Metadata GC Threshold) [PSYoungGen: 110652K->15859K(149504K)] 110652K->15939K(491008K), 0.0246879 secs] [Times: user=0.14 sys=0.02, real=0.02 secs] 
2019-05-28T22:24:43.743+0300: 1.403: [Full GC (Metadata GC Threshold) [PSYoungGen: 15859K->0K(149504K)] [ParOldGen: 80K->15081K(341504K)] 15939K->15081K(491008K), [Metaspace: 20808K->20808K(1067008K)], 0.0254802 secs] [Times: user=0.16 sys=0.02, real=0.02 secs] 
22:24:50.811 [Curator-PathChildrenCache-1] WARN  o.a.c.u.ZKPaths  - The version of ZooKeeper being used doesn't support Container nodes. CreateMode.PERSISTENT will be used instead.
2019-05-28T22:24:51.564+0300: 9.223: [GC (Metadata GC Threshold) [PSYoungGen: 126396K->20987K(149504K)] 141477K->50237K(491008K), 0.0195115 secs] [Times: user=0.18 sys=0.04, real=0.02 secs] 
2019-05-28T22:24:51.583+0300: 9.243: [Full GC (Metadata GC Threshold) [PSYoungGen: 20987K->0K(149504K)] [ParOldGen: 29250K->39192K(341504K)] 50237K->39192K(491008K), [Metaspace: 34497K->34495K(1079296K)], 0.0396001 secs] [Times: user=0.18 sys=0.01, real=0.04 secs] 
2019-05-28T22:24:53.683+0300: 11.343: [GC (Allocation Failure) [PSYoungGen: 128512K->608K(149504K)] 167704K->39808K(491008K), 0.1338294 secs] [Times: user=0.02 sys=0.00, real=0.13 secs] 
2019-05-28T22:24:55.830+0300: 13.490: [GC (Allocation Failure) [PSYoungGen: 129120K->608K(149504K)] 168320K->39816K(491008K), 0.0034236 secs] [Times: user=0.02 sys=0.01, real=0.00 secs] 
2019-05-28T22:24:57.317+0300: 14.977: [GC (Allocation Failure) [PSYoungGen: 129120K->672K(129536K)] 168328K->39888K(471040K), 0.0030463 secs] [Times: user=0.01 sys=0.00, real=0.01 secs] 
2019-05-28T22:24:59.066+0300: 16.726: [GC (Allocation Failure) [PSYoungGen: 129184K->768K(132608K)] 168400K->39992K(474112K), 0.0775789 secs] [Times: user=0.01 sys=0.00, real=0.08 secs] 
2019-05-28T22:25:00.243+0300: 17.903: [GC (Allocation Failure) [PSYoungGen: 93440K->672K(130560K)] 132664K->39896K(472064K), 0.0020458 secs] [Times: user=0.01 sys=0.00, real=0.00 secs] 
2019-05-28T22:25:01.254+0300: 18.914: [GC (Allocation Failure) [PSYoungGen: 93344K->704K(136704K)] 132568K->39936K(478208K), 0.0026009 secs] [Times: user=0.01 sys=0.00, real=0.00 secs] 
2019-05-28T22:25:02.213+0300: 19.873: [GC (Allocation Failure) [PSYoungGen: 101568K->704K(134656K)] 140800K->39936K(476160K), 0.0023259 secs] [Times: user=0.01 sys=0.00, real=0.00 secs] 
2019-05-28T22:25:03.254+0300: 20.914: [GC (Allocation Failure) [PSYoungGen: 101568K->896K(140288K)] 140800K->40136K(481792K), 0.0070001 secs] [Times: user=0.05 sys=0.00, real=0.01 secs] 
2019-05-28T22:25:04.549+0300: 22.208: [GC (Allocation Failure) [PSYoungGen: 108928K->992K(138240K)] 148168K->40232K(479744K), 0.0069704 secs] [Times: user=0.06 sys=0.00, real=0.01 secs] 
2019-05-28T22:25:05.550+0300: 23.210: [GC (Allocation Failure) [PSYoungGen: 109024K->960K(143360K)] 148264K->40208K(484864K), 0.0041478 secs] [Times: user=0.03 sys=0.00, real=0.00 secs] 
2019-05-28T22:25:06.698+0300: 24.358: [GC (Allocation Failure) [PSYoungGen: 115648K->960K(141824K)] 154896K->40208K(483328K), 0.0043153 secs] [Times: user=0.01 sys=0.00, real=0.00 secs] 
2019-05-28T22:25:07.978+0300: 25.638: [GC (Allocation Failure) [PSYoungGen: 115648K->992K(146432K)] 154896K->40240K(487936K), 0.0030786 secs] [Times: user=0.01 sys=0.00, real=0.00 secs] 
2019-05-28T22:25:08.972+0300: 26.632: [GC (Allocation Failure) [PSYoungGen: 121824K->1056K(144896K)] 161072K->40304K(486400K), 0.0023077 secs] [Times: user=0.01 sys=0.00, real=0.00 secs] 
2019-05-28T22:25:10.197+0300: 27.857: [GC (Allocation Failure) [PSYoungGen: 121888K->992K(148992K)] 161136K->40240K(490496K), 0.0029028 secs] [Times: user=0.01 sys=0.00, real=0.01 secs] 
2019-05-28T22:25:11.704+0300: 29.363: [GC (Allocation Failure) [PSYoungGen: 127456K->1184K(147968K)] 166704K->40432K(489472K), 0.0027455 secs] [Times: user=0.00 sys=0.00, real=0.00 secs] 
2019-05-28T22:25:13.083+0300: 30.743: [GC (Allocation Failure) [PSYoungGen: 127648K->704K(151552K)] 166896K->40312K(493056K), 0.0029191 secs] [Times: user=0.02 sys=0.00, real=0.00 secs] 
2019-05-28T22:25:14.486+0300: 32.146: [GC (Allocation Failure) [PSYoungGen: 132288K->672K(150528K)] 171896K->40416K(492032K), 0.0029026 secs] [Times: user=0.01 sys=0.00, real=0.00 secs] 
2019-05-28T22:25:15.697+0300: 33.357: [GC (Allocation Failure) [PSYoungGen: 132256K->544K(154112K)] 172000K->40360K(495616K), 0.0686332 secs] [Times: user=0.00 sys=0.00, real=0.07 secs] 
2019-05-28T22:25:17.331+0300: 34.991: [GC (Allocation Failure) [PSYoungGen: 137248K->768K(153088K)] 177064K->40640K(494592K), 0.0024055 secs] [Times: user=0.01 sys=0.00, real=0.00 secs] 
2019-05-28T22:25:19.048+0300: 36.708: [GC (Allocation Failure) [PSYoungGen: 137472K->672K(156160K)] 177344K->40616K(497664K), 0.0033377 secs] [Times: user=0.02 sys=0.00, real=0.01 secs] 
2019-05-28T22:25:25.890+0300: 43.550: [GC (Allocation Failure) [PSYoungGen: 141472K->544K(155136K)] 181416K->40504K(496640K), 0.0024306 secs] [Times: user=0.00 sys=0.01, real=0.00 secs] 
22:25:25.950 [Curator-PathChildrenCache-0] ERROR o.a.c.f.r.c.PathChildrenCache  - 
java.lang.IllegalStateException: instance must be started before calling this method
	at org.apache.curator.shaded.com.google.common.base.Preconditions.checkState(Preconditions.java:444)
	at org.apache.curator.framework.imps.CuratorFrameworkImpl.getChildren(CuratorFrameworkImpl.java:456)
	at org.apache.curator.framework.recipes.cache.PathChildrenCache.refresh(PathChildrenCache.java:521)
	at org.apache.curator.framework.recipes.cache.RefreshOperation.invoke(RefreshOperation.java:35)
	at org.apache.curator.framework.recipes.cache.PathChildrenCache$9.run(PathChildrenCache.java:786)
	at java.util.concurrent.Executors$RunnableAdapter.call(Executors.java:511)
	at java.util.concurrent.FutureTask.run(FutureTask.java:266)
	at java.util.concurrent.Executors$RunnableAdapter.call(Executors.java:511)
	at java.util.concurrent.FutureTask.run(FutureTask.java:266)
	at java.util.concurrent.ThreadPoolExecutor.runWorker(ThreadPoolExecutor.java:1149)
	at java.util.concurrent.ThreadPoolExecutor$Worker.run(ThreadPoolExecutor.java:624)
	at java.lang.Thread.run(Thread.java:748)
Heap
 PSYoungGen      total 155136K, used 14474K [0x00000000f5980000, 0x0000000100000000, 0x0000000100000000)
  eden space 140800K, 9% used [0x00000000f5980000,0x00000000f671a8b8,0x00000000fe300000)
  from space 14336K, 3% used [0x00000000fe300000,0x00000000fe388090,0x00000000ff100000)
  to   space 13824K, 0% used [0x00000000ff280000,0x00000000ff280000,0x0000000100000000)
 ParOldGen       total 341504K, used 39960K [0x00000000e0c00000, 0x00000000f5980000, 0x00000000f5980000)
  object space 341504K, 11% used [0x00000000e0c00000,0x00000000e3306138,0x00000000f5980000)
 Metaspace       used 35987K, capacity 36902K, committed 37208K, reserved 1081344K
  class space    used 4949K, capacity 5145K, committed 5248K, reserved 1048576K
