00:03:00,583 |-INFO in ch.qos.logback.classic.LoggerContext[default] - Could NOT find resource [logback-test.xml]
00:03:00,583 |-INFO in ch.qos.logback.classic.LoggerContext[default] - Could NOT find resource [logback.groovy]
00:03:00,583 |-INFO in ch.qos.logback.classic.LoggerContext[default] - Found resource [logback.xml] at [jar:file:/home/nikitasokolov/flamestream/lib/flamestream-runtime-1.0-SNAPSHOT.jar!/logback.xml]
00:03:00,584 |-WARN in ch.qos.logback.classic.LoggerContext[default] - Resource [logback.xml] occurs multiple times on the classpath.
00:03:00,584 |-WARN in ch.qos.logback.classic.LoggerContext[default] - Resource [logback.xml] occurs at [jar:file:/home/nikitasokolov/flamestream/lib/flamestream-runtime-1.0-SNAPSHOT.jar!/logback.xml]
00:03:00,584 |-WARN in ch.qos.logback.classic.LoggerContext[default] - Resource [logback.xml] occurs at [jar:file:/home/nikitasokolov/flamestream/flamestream-runtime-1.0-SNAPSHOT.jar!/logback.xml]
00:03:00,599 |-INFO in ch.qos.logback.core.joran.spi.ConfigurationWatchList@6108b2d7 - URL [jar:file:/home/nikitasokolov/flamestream/lib/flamestream-runtime-1.0-SNAPSHOT.jar!/logback.xml] is not of type file
00:03:00,649 |-INFO in ch.qos.logback.classic.joran.action.ConfigurationAction - debug attribute not set
00:03:00,649 |-INFO in ch.qos.logback.core.joran.action.AppenderAction - About to instantiate appender of type [ch.qos.logback.core.ConsoleAppender]
00:03:00,657 |-INFO in ch.qos.logback.core.joran.action.AppenderAction - Naming appender as [STDOUT]
00:03:00,664 |-INFO in ch.qos.logback.core.joran.action.NestedComplexPropertyIA - Assuming default type [ch.qos.logback.classic.encoder.PatternLayoutEncoder] for [encoder] property
00:03:00,717 |-INFO in ch.qos.logback.core.joran.action.AppenderAction - About to instantiate appender of type [ch.qos.logback.core.rolling.RollingFileAppender]
00:03:00,721 |-INFO in ch.qos.logback.core.joran.action.AppenderAction - Naming appender as [FILE]
00:03:00,742 |-INFO in c.q.l.core.rolling.TimeBasedRollingPolicy@357863579 - No compression will be used
00:03:00,743 |-INFO in c.q.l.core.rolling.TimeBasedRollingPolicy@357863579 - Will use the pattern /tmp/application_%d{yyyy-MM-dd}.%i.log for the active file
00:03:00,746 |-INFO in ch.qos.logback.core.rolling.SizeAndTimeBasedFNATP@6bf256fa - The date pattern is 'yyyy-MM-dd' from file name pattern '/tmp/application_%d{yyyy-MM-dd}.%i.log'.
00:03:00,746 |-INFO in ch.qos.logback.core.rolling.SizeAndTimeBasedFNATP@6bf256fa - Roll-over at midnight.
00:03:00,751 |-INFO in ch.qos.logback.core.rolling.SizeAndTimeBasedFNATP@6bf256fa - Setting initial period to Sun Jun 09 00:02:15 MSK 2019
00:03:00,751 |-WARN in ch.qos.logback.core.rolling.SizeAndTimeBasedFNATP@6bf256fa - SizeAndTimeBasedFNATP is deprecated. Use SizeAndTimeBasedRollingPolicy instead
00:03:00,751 |-WARN in ch.qos.logback.core.rolling.SizeAndTimeBasedFNATP@6bf256fa - For more information see http://logback.qos.ch/manual/appenders.html#SizeAndTimeBasedRollingPolicy
00:03:00,757 |-INFO in ch.qos.logback.core.joran.action.NestedComplexPropertyIA - Assuming default type [ch.qos.logback.classic.encoder.PatternLayoutEncoder] for [encoder] property
00:03:00,760 |-INFO in ch.qos.logback.core.rolling.RollingFileAppender[FILE] - Active log file name: /tmp/application.log
00:03:00,760 |-INFO in ch.qos.logback.core.rolling.RollingFileAppender[FILE] - File property is set to [/tmp/application.log]
00:03:00,762 |-INFO in ch.qos.logback.classic.joran.action.RootLoggerAction - Setting level of ROOT logger to WARN
00:03:00,762 |-INFO in ch.qos.logback.core.joran.action.AppenderRefAction - Attaching appender named [STDOUT] to Logger[ROOT]
00:03:00,762 |-INFO in ch.qos.logback.core.joran.action.AppenderRefAction - Attaching appender named [FILE] to Logger[ROOT]
00:03:00,762 |-INFO in ch.qos.logback.classic.joran.action.ConfigurationAction - End of configuration.
00:03:00,763 |-INFO in ch.qos.logback.classic.joran.JoranConfigurator@6cd8737 - Registering current configuration as safe fallback point

2019-06-09T00:03:01.736+0300: 1.358: [GC (Metadata GC Threshold) [PSYoungGen: 110722K->15863K(149504K)] 110722K->15943K(491008K), 0.0281070 secs] [Times: user=0.12 sys=0.02, real=0.03 secs] 
2019-06-09T00:03:01.764+0300: 1.386: [Full GC (Metadata GC Threshold) [PSYoungGen: 15863K->0K(149504K)] [ParOldGen: 80K->15078K(341504K)] 15943K->15078K(491008K), [Metaspace: 20802K->20802K(1067008K)], 0.0324443 secs] [Times: user=0.19 sys=0.01, real=0.03 secs] 
00:03:09.638 [Curator-PathChildrenCache-1] WARN  o.a.c.u.ZKPaths  - The version of ZooKeeper being used doesn't support Container nodes. CreateMode.PERSISTENT will be used instead.
2019-06-09T00:03:10.605+0300: 10.227: [GC (Metadata GC Threshold) [PSYoungGen: 126743K->15842K(149504K)] 141822K->50460K(491008K), 0.0290691 secs] [Times: user=0.24 sys=0.02, real=0.03 secs] 
2019-06-09T00:03:10.634+0300: 10.256: [Full GC (Metadata GC Threshold) [PSYoungGen: 15842K->0K(149504K)] [ParOldGen: 34617K->38797K(341504K)] 50460K->38797K(491008K), [Metaspace: 34571K->34571K(1079296K)], 0.0467527 secs] [Times: user=0.31 sys=0.01, real=0.05 secs] 
2019-06-09T00:03:12.838+0300: 12.460: [GC (Allocation Failure) [PSYoungGen: 128512K->608K(149504K)] 167309K->39413K(491008K), 0.0042687 secs] [Times: user=0.01 sys=0.01, real=0.00 secs] 
2019-06-09T00:03:15.440+0300: 15.062: [GC (Allocation Failure) [PSYoungGen: 129120K->544K(149504K)] 167925K->39357K(491008K), 0.0031720 secs] [Times: user=0.02 sys=0.00, real=0.00 secs] 
2019-06-09T00:03:18.062+0300: 17.684: [GC (Allocation Failure) [PSYoungGen: 129056K->576K(129536K)] 167869K->39397K(471040K), 0.0026825 secs] [Times: user=0.02 sys=0.00, real=0.00 secs] 
2019-06-09T00:03:20.683+0300: 20.305: [GC (Allocation Failure) [PSYoungGen: 129088K->640K(150016K)] 167909K->39469K(491520K), 0.0068947 secs] [Times: user=0.06 sys=0.00, real=0.01 secs] 
2019-06-09T00:03:23.279+0300: 22.901: [GC (Allocation Failure) [PSYoungGen: 129152K->512K(148992K)] 167981K->39349K(490496K), 0.0025176 secs] [Times: user=0.01 sys=0.00, real=0.00 secs] 
2019-06-09T00:03:25.968+0300: 25.590: [GC (Allocation Failure) [PSYoungGen: 129024K->608K(151552K)] 167861K->39453K(493056K), 0.0031003 secs] [Times: user=0.02 sys=0.00, real=0.01 secs] 
2019-06-09T00:03:28.630+0300: 28.252: [GC (Allocation Failure) [PSYoungGen: 132704K->608K(151040K)] 171549K->39453K(492544K), 0.0047814 secs] [Times: user=0.03 sys=0.00, real=0.00 secs] 
2019-06-09T00:03:31.312+0300: 30.934: [GC (Allocation Failure) [PSYoungGen: 132704K->640K(153088K)] 171549K->39493K(494592K), 0.0037449 secs] [Times: user=0.01 sys=0.00, real=0.00 secs] 
2019-06-09T00:03:34.066+0300: 33.688: [GC (Allocation Failure) [PSYoungGen: 135808K->640K(152576K)] 174661K->39501K(494080K), 0.0035120 secs] [Times: user=0.01 sys=0.00, real=0.01 secs] 
2019-06-09T00:03:36.849+0300: 36.471: [GC (Allocation Failure) [PSYoungGen: 135808K->544K(155136K)] 174669K->39405K(496640K), 0.0042327 secs] [Times: user=0.03 sys=0.01, real=0.01 secs] 
2019-06-09T00:03:39.701+0300: 39.323: [GC (Allocation Failure) [PSYoungGen: 139296K->608K(154112K)] 178157K->39477K(495616K), 0.0029938 secs] [Times: user=0.01 sys=0.00, real=0.00 secs] 
2019-06-09T00:03:42.565+0300: 42.187: [GC (Allocation Failure) [PSYoungGen: 139360K->608K(156672K)] 178229K->39477K(498176K), 0.0036998 secs] [Times: user=0.00 sys=0.02, real=0.00 secs] 
2019-06-09T00:03:45.483+0300: 45.104: [GC (Allocation Failure) [PSYoungGen: 142432K->608K(155648K)] 181301K->39477K(497152K), 0.0031679 secs] [Times: user=0.01 sys=0.00, real=0.00 secs] 
2019-06-09T00:03:48.385+0300: 48.007: [GC (Allocation Failure) [PSYoungGen: 142432K->576K(158208K)] 181301K->39445K(499712K), 0.0022849 secs] [Times: user=0.01 sys=0.00, real=0.00 secs] 
2019-06-09T00:03:51.360+0300: 50.982: [GC (Allocation Failure) [PSYoungGen: 145472K->576K(157184K)] 184341K->39445K(498688K), 0.0031313 secs] [Times: user=0.01 sys=0.00, real=0.00 secs] 
2019-06-09T00:03:54.342+0300: 53.964: [GC (Allocation Failure) [PSYoungGen: 145472K->384K(159232K)] 184341K->39565K(500736K), 0.0032483 secs] [Times: user=0.01 sys=0.01, real=0.00 secs] 
2019-06-09T00:03:57.385+0300: 57.007: [GC (Allocation Failure) [PSYoungGen: 147840K->288K(158720K)] 187021K->39533K(500224K), 0.0029229 secs] [Times: user=0.02 sys=0.00, real=0.00 secs] 
00:04:08.148 [Curator-PathChildrenCache-0] ERROR o.a.c.f.r.c.PathChildrenCache  - 
java.lang.IllegalStateException: instance must be started before calling this method
	at org.apache.curator.shaded.com.google.common.base.Preconditions.checkState(Preconditions.java:444)
	at org.apache.curator.framework.imps.CuratorFrameworkImpl.getChildren(CuratorFrameworkImpl.java:456)
	at org.apache.curator.framework.recipes.cache.PathChildrenCache.refresh(PathChildrenCache.java:521)
	at org.apache.curator.framework.recipes.cache.RefreshOperation.invoke(RefreshOperation.java:35)
	at org.apache.curator.framework.recipes.cache.PathChildrenCache$9.run(PathChildrenCache.java:786)
	at java.util.concurrent.Executors$RunnableAdapter.call(Executors.java:511)
	at java.util.concurrent.FutureTask.run(FutureTask.java:266)
	at java.util.concurrent.Executors$RunnableAdapter.call(Executors.java:511)
	at java.util.concurrent.FutureTask.run(FutureTask.java:266)
	at java.util.concurrent.ThreadPoolExecutor.runWorker(ThreadPoolExecutor.java:1149)
	at java.util.concurrent.ThreadPoolExecutor$Worker.run(ThreadPoolExecutor.java:624)
	at java.lang.Thread.run(Thread.java:748)
Heap
 PSYoungGen      total 158720K, used 88309K [0x00000000f5980000, 0x0000000100000000, 0x0000000100000000)
  eden space 147456K, 59% used [0x00000000f5980000,0x00000000faf757d0,0x00000000fe980000)
  from space 11264K, 2% used [0x00000000fe980000,0x00000000fe9c8000,0x00000000ff480000)
  to   space 10752K, 0% used [0x00000000ff580000,0x00000000ff580000,0x0000000100000000)
 ParOldGen       total 341504K, used 39245K [0x00000000e0c00000, 0x00000000f5980000, 0x00000000f5980000)
  object space 341504K, 11% used [0x00000000e0c00000,0x00000000e3253610,0x00000000f5980000)
 Metaspace       used 36114K, capacity 36966K, committed 37208K, reserved 1081344K
  class space    used 4977K, capacity 5161K, committed 5248K, reserved 1048576K
