19:56:35,010 |-INFO in ch.qos.logback.classic.LoggerContext[default] - Could NOT find resource [logback-test.xml]
19:56:35,010 |-INFO in ch.qos.logback.classic.LoggerContext[default] - Could NOT find resource [logback.groovy]
19:56:35,010 |-INFO in ch.qos.logback.classic.LoggerContext[default] - Found resource [logback.xml] at [jar:file:/root/flamestream/lib/flamestream-runtime-1.0-SNAPSHOT.jar!/logback.xml]
19:56:35,011 |-WARN in ch.qos.logback.classic.LoggerContext[default] - Resource [logback.xml] occurs multiple times on the classpath.
19:56:35,015 |-WARN in ch.qos.logback.classic.LoggerContext[default] - Resource [logback.xml] occurs at [jar:file:/root/flamestream/lib/flamestream-runtime-1.0-SNAPSHOT.jar!/logback.xml]
19:56:35,015 |-WARN in ch.qos.logback.classic.LoggerContext[default] - Resource [logback.xml] occurs at [jar:file:/root/flamestream/flamestream-runtime-1.0-SNAPSHOT.jar!/logback.xml]
19:56:35,035 |-INFO in ch.qos.logback.core.joran.spi.ConfigurationWatchList@3fb6a447 - URL [jar:file:/root/flamestream/lib/flamestream-runtime-1.0-SNAPSHOT.jar!/logback.xml] is not of type file
19:56:35,101 |-INFO in ch.qos.logback.classic.joran.action.ConfigurationAction - debug attribute not set
19:56:35,102 |-INFO in ch.qos.logback.core.joran.action.AppenderAction - About to instantiate appender of type [ch.qos.logback.core.ConsoleAppender]
19:56:35,118 |-INFO in ch.qos.logback.core.joran.action.AppenderAction - Naming appender as [STDOUT]
19:56:35,137 |-INFO in ch.qos.logback.core.joran.action.NestedComplexPropertyIA - Assuming default type [ch.qos.logback.classic.encoder.PatternLayoutEncoder] for [encoder] property
19:56:35,226 |-INFO in ch.qos.logback.core.joran.action.AppenderAction - About to instantiate appender of type [ch.qos.logback.core.rolling.RollingFileAppender]
19:56:35,235 |-INFO in ch.qos.logback.core.joran.action.AppenderAction - Naming appender as [FILE]
19:56:35,271 |-INFO in c.q.l.core.rolling.TimeBasedRollingPolicy@127618319 - No compression will be used
19:56:35,272 |-INFO in c.q.l.core.rolling.TimeBasedRollingPolicy@127618319 - Will use the pattern /tmp/application_%d{yyyy-MM-dd}.%i.log for the active file
19:56:35,274 |-INFO in ch.qos.logback.core.rolling.SizeAndTimeBasedFNATP@6b2fad11 - The date pattern is 'yyyy-MM-dd' from file name pattern '/tmp/application_%d{yyyy-MM-dd}.%i.log'.
19:56:35,274 |-INFO in ch.qos.logback.core.rolling.SizeAndTimeBasedFNATP@6b2fad11 - Roll-over at midnight.
19:56:35,280 |-INFO in ch.qos.logback.core.rolling.SizeAndTimeBasedFNATP@6b2fad11 - Setting initial period to Mon Jun 10 19:55:10 UTC 2019
19:56:35,280 |-WARN in ch.qos.logback.core.rolling.SizeAndTimeBasedFNATP@6b2fad11 - SizeAndTimeBasedFNATP is deprecated. Use SizeAndTimeBasedRollingPolicy instead
19:56:35,280 |-WARN in ch.qos.logback.core.rolling.SizeAndTimeBasedFNATP@6b2fad11 - For more information see http://logback.qos.ch/manual/appenders.html#SizeAndTimeBasedRollingPolicy
19:56:35,283 |-INFO in ch.qos.logback.core.joran.action.NestedComplexPropertyIA - Assuming default type [ch.qos.logback.classic.encoder.PatternLayoutEncoder] for [encoder] property
19:56:35,288 |-INFO in ch.qos.logback.core.rolling.RollingFileAppender[FILE] - Active log file name: /tmp/application.log
19:56:35,288 |-INFO in ch.qos.logback.core.rolling.RollingFileAppender[FILE] - File property is set to [/tmp/application.log]
19:56:35,289 |-INFO in ch.qos.logback.classic.joran.action.RootLoggerAction - Setting level of ROOT logger to WARN
19:56:35,289 |-INFO in ch.qos.logback.core.joran.action.AppenderRefAction - Attaching appender named [STDOUT] to Logger[ROOT]
19:56:35,291 |-INFO in ch.qos.logback.core.joran.action.AppenderRefAction - Attaching appender named [FILE] to Logger[ROOT]
19:56:35,291 |-INFO in ch.qos.logback.classic.joran.action.ConfigurationAction - End of configuration.
19:56:35,292 |-INFO in ch.qos.logback.classic.joran.JoranConfigurator@79698539 - Registering current configuration as safe fallback point

Ama winner
Ama winner
2019-06-10T19:56:36.571+0000: 1.738: [Full GC (Metadata GC Threshold) 2019-06-10T19:56:36.571+0000: 1.738: [Tenured: 0K->15145K(341376K), 0.0385049 secs] 114987K->15145K(494976K), [Metaspace: 20726K->20726K(1067008K)], 0.0385733 secs] [Times: user=0.03 sys=0.01, real=0.03 secs] 
19:56:54.811 [Curator-PathChildrenCache-1] WARN  o.a.c.u.ZKPaths  - The version of ZooKeeper being used doesn't support Container nodes. CreateMode.PERSISTENT will be used instead.
2019-06-10T19:56:57.009+0000: 22.176: [GC (Allocation Failure) 2019-06-10T19:56:57.009+0000: 22.176: [DefNew: 136576K->17023K(153600K), 0.0274226 secs] 151721K->52574K(494976K), 0.0275049 secs] [Times: user=0.02 sys=0.01, real=0.03 secs] 
2019-06-10T19:56:59.550+0000: 24.717: [Full GC (Metadata GC Threshold) 2019-06-10T19:56:59.550+0000: 24.717: [Tenured: 35550K->44098K(341376K), 0.0457618 secs] 95502K->44098K(494976K), [Metaspace: 34616K->34616K(1079296K)], 0.0458370 secs] [Times: user=0.05 sys=0.00, real=0.05 secs] 
2019-06-10T19:57:08.352+0000: 33.519: [GC (Allocation Failure) 2019-06-10T19:57:08.352+0000: 33.519: [DefNew: 136576K->67K(153600K), 0.0018599 secs] 180674K->44166K(494976K), 0.0019224 secs] [Times: user=0.00 sys=0.00, real=0.00 secs] 
2019-06-10T19:57:17.382+0000: 42.549: [GC (Allocation Failure) 2019-06-10T19:57:17.382+0000: 42.549: [DefNew: 136643K->64K(153600K), 0.0017386 secs] 180742K->44163K(494976K), 0.0018003 secs] [Times: user=0.00 sys=0.00, real=0.00 secs] 
2019-06-10T19:57:26.506+0000: 51.673: [GC (Allocation Failure) 2019-06-10T19:57:26.506+0000: 51.673: [DefNew: 136640K->64K(153600K), 0.0018292 secs] 180739K->44162K(494976K), 0.0019088 secs] [Times: user=0.01 sys=0.00, real=0.00 secs] 
2019-06-10T19:57:35.685+0000: 60.852: [GC (Allocation Failure) 2019-06-10T19:57:35.685+0000: 60.852: [DefNew: 136640K->65K(153600K), 0.0017195 secs] 180738K->44163K(494976K), 0.0017791 secs] [Times: user=0.00 sys=0.00, real=0.00 secs] 
2019-06-10T19:57:45.812+0000: 70.979: [GC (Allocation Failure) 2019-06-10T19:57:45.812+0000: 70.979: [DefNew: 136641K->389K(153600K), 0.0021297 secs] 180739K->44487K(494976K), 0.0021933 secs] [Times: user=0.01 sys=0.00, real=0.00 secs] 
2019-06-10T19:57:56.579+0000: 81.746: [GC (Allocation Failure) 2019-06-10T19:57:56.580+0000: 81.746: [DefNew: 136965K->147K(153600K), 0.0019807 secs] 181063K->44245K(494976K), 0.0020416 secs] [Times: user=0.00 sys=0.00, real=0.00 secs] 
19:58:11.586 [Curator-PathChildrenCache-0] ERROR o.a.c.f.r.c.PathChildrenCache  - 
java.lang.IllegalStateException: instance must be started before calling this method
	at org.apache.curator.shaded.com.google.common.base.Preconditions.checkState(Preconditions.java:444)
	at org.apache.curator.framework.imps.CuratorFrameworkImpl.getChildren(CuratorFrameworkImpl.java:456)
	at org.apache.curator.framework.recipes.cache.PathChildrenCache.refresh(PathChildrenCache.java:521)
	at org.apache.curator.framework.recipes.cache.RefreshOperation.invoke(RefreshOperation.java:35)
	at org.apache.curator.framework.recipes.cache.PathChildrenCache$9.run(PathChildrenCache.java:786)
	at java.util.concurrent.Executors$RunnableAdapter.call(Executors.java:511)
	at java.util.concurrent.FutureTask.run(FutureTask.java:266)
	at java.util.concurrent.Executors$RunnableAdapter.call(Executors.java:511)
	at java.util.concurrent.FutureTask.run(FutureTask.java:266)
	at java.util.concurrent.ThreadPoolExecutor.runWorker(ThreadPoolExecutor.java:1149)
	at java.util.concurrent.ThreadPoolExecutor$Worker.run(ThreadPoolExecutor.java:624)
	at java.lang.Thread.run(Thread.java:748)
Heap
 def new generation   total 153600K, used 89790K [0x00000000e0c00000, 0x00000000eb2a0000, 0x00000000eb2a0000)
  eden space 136576K,  65% used [0x00000000e0c00000, 0x00000000e638ad20, 0x00000000e9160000)
  from space 17024K,   0% used [0x00000000ea200000, 0x00000000ea224c30, 0x00000000eb2a0000)
  to   space 17024K,   0% used [0x00000000e9160000, 0x00000000e9160000, 0x00000000ea200000)
 tenured generation   total 341376K, used 44098K [0x00000000eb2a0000, 0x0000000100000000, 0x0000000100000000)
   the space 341376K,  12% used [0x00000000eb2a0000, 0x00000000eddb0918, 0x00000000eddb0a00, 0x0000000100000000)
 Metaspace       used 36223K, capacity 37134K, committed 37376K, reserved 1081344K
  class space    used 4879K, capacity 5087K, committed 5120K, reserved 1048576K
