15:10:49,667 |-INFO in ch.qos.logback.classic.LoggerContext[default] - Could NOT find resource [logback-test.xml]
15:10:49,668 |-INFO in ch.qos.logback.classic.LoggerContext[default] - Could NOT find resource [logback.groovy]
15:10:49,668 |-INFO in ch.qos.logback.classic.LoggerContext[default] - Found resource [logback.xml] at [jar:file:/root/flamestream/lib/flamestream-runtime-1.0-SNAPSHOT.jar!/logback.xml]
15:10:49,668 |-WARN in ch.qos.logback.classic.LoggerContext[default] - Resource [logback.xml] occurs multiple times on the classpath.
15:10:49,668 |-WARN in ch.qos.logback.classic.LoggerContext[default] - Resource [logback.xml] occurs at [jar:file:/root/flamestream/lib/flamestream-runtime-1.0-SNAPSHOT.jar!/logback.xml]
15:10:49,668 |-WARN in ch.qos.logback.classic.LoggerContext[default] - Resource [logback.xml] occurs at [jar:file:/root/flamestream/flamestream-runtime-1.0-SNAPSHOT.jar!/logback.xml]
15:10:49,691 |-INFO in ch.qos.logback.core.joran.spi.ConfigurationWatchList@3fb6a447 - URL [jar:file:/root/flamestream/lib/flamestream-runtime-1.0-SNAPSHOT.jar!/logback.xml] is not of type file
15:10:49,765 |-INFO in ch.qos.logback.classic.joran.action.ConfigurationAction - debug attribute not set
15:10:49,765 |-INFO in ch.qos.logback.core.joran.action.AppenderAction - About to instantiate appender of type [ch.qos.logback.core.ConsoleAppender]
15:10:49,781 |-INFO in ch.qos.logback.core.joran.action.AppenderAction - Naming appender as [STDOUT]
15:10:49,799 |-INFO in ch.qos.logback.core.joran.action.NestedComplexPropertyIA - Assuming default type [ch.qos.logback.classic.encoder.PatternLayoutEncoder] for [encoder] property
15:10:49,876 |-INFO in ch.qos.logback.core.joran.action.AppenderAction - About to instantiate appender of type [ch.qos.logback.core.rolling.RollingFileAppender]
15:10:49,884 |-INFO in ch.qos.logback.core.joran.action.AppenderAction - Naming appender as [FILE]
15:10:49,916 |-INFO in c.q.l.core.rolling.TimeBasedRollingPolicy@127618319 - No compression will be used
15:10:49,917 |-INFO in c.q.l.core.rolling.TimeBasedRollingPolicy@127618319 - Will use the pattern /tmp/application_%d{yyyy-MM-dd}.%i.log for the active file
15:10:49,920 |-INFO in ch.qos.logback.core.rolling.SizeAndTimeBasedFNATP@6b2fad11 - The date pattern is 'yyyy-MM-dd' from file name pattern '/tmp/application_%d{yyyy-MM-dd}.%i.log'.
15:10:49,920 |-INFO in ch.qos.logback.core.rolling.SizeAndTimeBasedFNATP@6b2fad11 - Roll-over at midnight.
15:10:49,925 |-INFO in ch.qos.logback.core.rolling.SizeAndTimeBasedFNATP@6b2fad11 - Setting initial period to Mon Jun 10 15:09:32 UTC 2019
15:10:49,925 |-WARN in ch.qos.logback.core.rolling.SizeAndTimeBasedFNATP@6b2fad11 - SizeAndTimeBasedFNATP is deprecated. Use SizeAndTimeBasedRollingPolicy instead
15:10:49,925 |-WARN in ch.qos.logback.core.rolling.SizeAndTimeBasedFNATP@6b2fad11 - For more information see http://logback.qos.ch/manual/appenders.html#SizeAndTimeBasedRollingPolicy
15:10:49,929 |-INFO in ch.qos.logback.core.joran.action.NestedComplexPropertyIA - Assuming default type [ch.qos.logback.classic.encoder.PatternLayoutEncoder] for [encoder] property
15:10:49,934 |-INFO in ch.qos.logback.core.rolling.RollingFileAppender[FILE] - Active log file name: /tmp/application.log
15:10:49,934 |-INFO in ch.qos.logback.core.rolling.RollingFileAppender[FILE] - File property is set to [/tmp/application.log]
15:10:49,935 |-INFO in ch.qos.logback.classic.joran.action.RootLoggerAction - Setting level of ROOT logger to WARN
15:10:49,935 |-INFO in ch.qos.logback.core.joran.action.AppenderRefAction - Attaching appender named [STDOUT] to Logger[ROOT]
15:10:49,936 |-INFO in ch.qos.logback.core.joran.action.AppenderRefAction - Attaching appender named [FILE] to Logger[ROOT]
15:10:49,936 |-INFO in ch.qos.logback.classic.joran.action.ConfigurationAction - End of configuration.
15:10:49,938 |-INFO in ch.qos.logback.classic.joran.JoranConfigurator@79698539 - Registering current configuration as safe fallback point

Ama winner
Ama winner
2019-06-10T15:10:51.304+0000: 1.825: [Full GC (Metadata GC Threshold) 2019-06-10T15:10:51.304+0000: 1.825: [Tenured: 0K->15162K(341376K), 0.0355254 secs] 114987K->15162K(494976K), [Metaspace: 20729K->20729K(1067008K)], 0.0355903 secs] [Times: user=0.02 sys=0.01, real=0.04 secs] 
15:11:08.968 [Curator-PathChildrenCache-2] WARN  o.a.c.u.ZKPaths  - The version of ZooKeeper being used doesn't support Container nodes. CreateMode.PERSISTENT will be used instead.
2019-06-10T15:11:10.984+0000: 21.505: [GC (Allocation Failure) 2019-06-10T15:11:10.984+0000: 21.505: [DefNew: 136073K->16724K(153600K), 0.0256313 secs] 151235K->51418K(494976K), 0.0257005 secs] [Times: user=0.02 sys=0.01, real=0.03 secs] 
2019-06-10T15:11:11.646+0000: 22.167: [Full GC (Metadata GC Threshold) 2019-06-10T15:11:11.646+0000: 22.167: [Tenured: 34693K->43383K(341376K), 0.0356807 secs] 69837K->43383K(494976K), [Metaspace: 34517K->34517K(1079296K)], 0.0357469 secs] [Times: user=0.03 sys=0.00, real=0.04 secs] 
2019-06-10T15:11:15.499+0000: 26.020: [GC (Allocation Failure) 2019-06-10T15:11:15.499+0000: 26.020: [DefNew: 136576K->327K(153600K), 0.0028134 secs] 179959K->43711K(494976K), 0.0028745 secs] [Times: user=0.00 sys=0.00, real=0.00 secs] 
2019-06-10T15:11:19.241+0000: 29.762: [GC (Allocation Failure) 2019-06-10T15:11:19.241+0000: 29.762: [DefNew: 136903K->330K(153600K), 0.0023385 secs] 180287K->43714K(494976K), 0.0023942 secs] [Times: user=0.00 sys=0.00, real=0.00 secs] 
2019-06-10T15:11:22.931+0000: 33.452: [GC (Allocation Failure) 2019-06-10T15:11:22.931+0000: 33.452: [DefNew: 136906K->333K(153600K), 0.0023540 secs] 180290K->43717K(494976K), 0.0024128 secs] [Times: user=0.01 sys=0.00, real=0.00 secs] 
2019-06-10T15:11:26.625+0000: 37.146: [GC (Allocation Failure) 2019-06-10T15:11:26.625+0000: 37.146: [DefNew: 136909K->355K(153600K), 0.0025201 secs] 180293K->43739K(494976K), 0.0025822 secs] [Times: user=0.00 sys=0.00, real=0.00 secs] 
2019-06-10T15:11:30.251+0000: 40.772: [GC (Allocation Failure) 2019-06-10T15:11:30.251+0000: 40.772: [DefNew: 136931K->333K(153600K), 0.0024856 secs] 180315K->43717K(494976K), 0.0025560 secs] [Times: user=0.00 sys=0.00, real=0.00 secs] 
2019-06-10T15:11:33.884+0000: 44.405: [GC (Allocation Failure) 2019-06-10T15:11:33.884+0000: 44.405: [DefNew: 136909K->340K(153600K), 0.0025653 secs] 180293K->43724K(494976K), 0.0026266 secs] [Times: user=0.00 sys=0.00, real=0.00 secs] 
2019-06-10T15:11:37.514+0000: 48.035: [GC (Allocation Failure) 2019-06-10T15:11:37.514+0000: 48.035: [DefNew: 136916K->336K(153600K), 0.0025065 secs] 180300K->43720K(494976K), 0.0025672 secs] [Times: user=0.00 sys=0.00, real=0.01 secs] 
2019-06-10T15:11:47.165+0000: 57.686: [GC (Allocation Failure) 2019-06-10T15:11:47.165+0000: 57.686: [DefNew: 136912K->331K(153600K), 0.0026200 secs] 180296K->43715K(494976K), 0.0026676 secs] [Times: user=0.00 sys=0.00, real=0.00 secs] 
15:11:47.255 [Curator-PathChildrenCache-0] ERROR o.a.c.f.r.c.PathChildrenCache  - 
java.lang.IllegalStateException: instance must be started before calling this method
	at org.apache.curator.shaded.com.google.common.base.Preconditions.checkState(Preconditions.java:444)
	at org.apache.curator.framework.imps.CuratorFrameworkImpl.getChildren(CuratorFrameworkImpl.java:456)
	at org.apache.curator.framework.recipes.cache.PathChildrenCache.refresh(PathChildrenCache.java:521)
	at org.apache.curator.framework.recipes.cache.RefreshOperation.invoke(RefreshOperation.java:35)
	at org.apache.curator.framework.recipes.cache.PathChildrenCache$9.run(PathChildrenCache.java:786)
	at java.util.concurrent.Executors$RunnableAdapter.call(Executors.java:511)
	at java.util.concurrent.FutureTask.run(FutureTask.java:266)
	at java.util.concurrent.Executors$RunnableAdapter.call(Executors.java:511)
	at java.util.concurrent.FutureTask.run(FutureTask.java:266)
	at java.util.concurrent.ThreadPoolExecutor.runWorker(ThreadPoolExecutor.java:1149)
	at java.util.concurrent.ThreadPoolExecutor$Worker.run(ThreadPoolExecutor.java:624)
	at java.lang.Thread.run(Thread.java:748)
Heap
 def new generation   total 153600K, used 29497K [0x00000000e0c00000, 0x00000000eb2a0000, 0x00000000eb2a0000)
  eden space 136576K,  21% used [0x00000000e0c00000, 0x00000000e287bae8, 0x00000000e9160000)
  from space 17024K,   1% used [0x00000000ea200000, 0x00000000ea252c50, 0x00000000eb2a0000)
  to   space 17024K,   0% used [0x00000000e9160000, 0x00000000e9160000, 0x00000000ea200000)
 tenured generation   total 341376K, used 43383K [0x00000000eb2a0000, 0x0000000100000000, 0x0000000100000000)
   the space 341376K,  12% used [0x00000000eb2a0000, 0x00000000edcfdfd0, 0x00000000edcfe000, 0x0000000100000000)
 Metaspace       used 36306K, capacity 37333K, committed 37376K, reserved 1081344K
  class space    used 4884K, capacity 5111K, committed 5120K, reserved 1048576K
