07:20:41,371 |-INFO in ch.qos.logback.classic.LoggerContext[default] - Could NOT find resource [logback-test.xml]
07:20:41,371 |-INFO in ch.qos.logback.classic.LoggerContext[default] - Could NOT find resource [logback.groovy]
07:20:41,371 |-INFO in ch.qos.logback.classic.LoggerContext[default] - Found resource [logback.xml] at [jar:file:/home/nikitasokolov/flamestream/lib/flamestream-runtime-1.0-SNAPSHOT.jar!/logback.xml]
07:20:41,371 |-WARN in ch.qos.logback.classic.LoggerContext[default] - Resource [logback.xml] occurs multiple times on the classpath.
07:20:41,372 |-WARN in ch.qos.logback.classic.LoggerContext[default] - Resource [logback.xml] occurs at [jar:file:/home/nikitasokolov/flamestream/lib/flamestream-runtime-1.0-SNAPSHOT.jar!/logback.xml]
07:20:41,372 |-WARN in ch.qos.logback.classic.LoggerContext[default] - Resource [logback.xml] occurs at [jar:file:/home/nikitasokolov/flamestream/flamestream-runtime-1.0-SNAPSHOT.jar!/logback.xml]
07:20:41,387 |-INFO in ch.qos.logback.core.joran.spi.ConfigurationWatchList@6108b2d7 - URL [jar:file:/home/nikitasokolov/flamestream/lib/flamestream-runtime-1.0-SNAPSHOT.jar!/logback.xml] is not of type file
07:20:41,438 |-INFO in ch.qos.logback.classic.joran.action.ConfigurationAction - debug attribute not set
07:20:41,438 |-INFO in ch.qos.logback.core.joran.action.AppenderAction - About to instantiate appender of type [ch.qos.logback.core.ConsoleAppender]
07:20:41,447 |-INFO in ch.qos.logback.core.joran.action.AppenderAction - Naming appender as [STDOUT]
07:20:41,456 |-INFO in ch.qos.logback.core.joran.action.NestedComplexPropertyIA - Assuming default type [ch.qos.logback.classic.encoder.PatternLayoutEncoder] for [encoder] property
07:20:41,512 |-INFO in ch.qos.logback.core.joran.action.AppenderAction - About to instantiate appender of type [ch.qos.logback.core.rolling.RollingFileAppender]
07:20:41,518 |-INFO in ch.qos.logback.core.joran.action.AppenderAction - Naming appender as [FILE]
07:20:41,540 |-INFO in c.q.l.core.rolling.TimeBasedRollingPolicy@357863579 - No compression will be used
07:20:41,541 |-INFO in c.q.l.core.rolling.TimeBasedRollingPolicy@357863579 - Will use the pattern /tmp/application_%d{yyyy-MM-dd}.%i.log for the active file
07:20:41,544 |-INFO in ch.qos.logback.core.rolling.SizeAndTimeBasedFNATP@6bf256fa - The date pattern is 'yyyy-MM-dd' from file name pattern '/tmp/application_%d{yyyy-MM-dd}.%i.log'.
07:20:41,544 |-INFO in ch.qos.logback.core.rolling.SizeAndTimeBasedFNATP@6bf256fa - Roll-over at midnight.
07:20:41,548 |-INFO in ch.qos.logback.core.rolling.SizeAndTimeBasedFNATP@6bf256fa - Setting initial period to Sun Jun 09 07:19:49 MSK 2019
07:20:41,548 |-WARN in ch.qos.logback.core.rolling.SizeAndTimeBasedFNATP@6bf256fa - SizeAndTimeBasedFNATP is deprecated. Use SizeAndTimeBasedRollingPolicy instead
07:20:41,548 |-WARN in ch.qos.logback.core.rolling.SizeAndTimeBasedFNATP@6bf256fa - For more information see http://logback.qos.ch/manual/appenders.html#SizeAndTimeBasedRollingPolicy
07:20:41,553 |-INFO in ch.qos.logback.core.joran.action.NestedComplexPropertyIA - Assuming default type [ch.qos.logback.classic.encoder.PatternLayoutEncoder] for [encoder] property
07:20:41,555 |-INFO in ch.qos.logback.core.rolling.RollingFileAppender[FILE] - Active log file name: /tmp/application.log
07:20:41,555 |-INFO in ch.qos.logback.core.rolling.RollingFileAppender[FILE] - File property is set to [/tmp/application.log]
07:20:41,556 |-INFO in ch.qos.logback.classic.joran.action.RootLoggerAction - Setting level of ROOT logger to WARN
07:20:41,556 |-INFO in ch.qos.logback.core.joran.action.AppenderRefAction - Attaching appender named [STDOUT] to Logger[ROOT]
07:20:41,557 |-INFO in ch.qos.logback.core.joran.action.AppenderRefAction - Attaching appender named [FILE] to Logger[ROOT]
07:20:41,557 |-INFO in ch.qos.logback.classic.joran.action.ConfigurationAction - End of configuration.
07:20:41,557 |-INFO in ch.qos.logback.classic.joran.JoranConfigurator@6cd8737 - Registering current configuration as safe fallback point

2019-06-09T07:20:42.531+0300: 1.361: [GC (Metadata GC Threshold) [PSYoungGen: 108152K->15837K(149504K)] 108152K->15917K(491008K), 0.0253991 secs] [Times: user=0.14 sys=0.04, real=0.02 secs] 
2019-06-09T07:20:42.556+0300: 1.387: [Full GC (Metadata GC Threshold) [PSYoungGen: 15837K->0K(149504K)] [ParOldGen: 80K->14981K(341504K)] 15917K->14981K(491008K), [Metaspace: 20800K->20800K(1067008K)], 0.0289289 secs] [Times: user=0.18 sys=0.02, real=0.03 secs] 
07:20:50.763 [Curator-PathChildrenCache-1] WARN  o.a.c.u.ZKPaths  - The version of ZooKeeper being used doesn't support Container nodes. CreateMode.PERSISTENT will be used instead.
2019-06-09T07:20:51.935+0300: 10.765: [GC (Metadata GC Threshold) [PSYoungGen: 125209K->15878K(149504K)] 140191K->50399K(491008K), 0.0275954 secs] [Times: user=0.22 sys=0.02, real=0.03 secs] 
2019-06-09T07:20:51.962+0300: 10.793: [Full GC (Metadata GC Threshold) [PSYoungGen: 15878K->0K(149504K)] [ParOldGen: 34521K->38861K(341504K)] 50399K->38861K(491008K), [Metaspace: 34561K->34561K(1079296K)], 0.0357968 secs] [Times: user=0.19 sys=0.01, real=0.04 secs] 
2019-06-09T07:20:53.773+0300: 12.604: [GC (Allocation Failure) [PSYoungGen: 128512K->448K(149504K)] 167373K->39317K(491008K), 0.0035960 secs] [Times: user=0.01 sys=0.01, real=0.00 secs] 
2019-06-09T07:20:55.692+0300: 14.522: [GC (Allocation Failure) [PSYoungGen: 128960K->640K(149504K)] 167829K->39517K(491008K), 0.0031974 secs] [Times: user=0.02 sys=0.00, real=0.00 secs] 
2019-06-09T07:20:56.963+0300: 15.794: [GC (Allocation Failure) [PSYoungGen: 129152K->576K(129536K)] 168029K->39461K(471040K), 0.0022973 secs] [Times: user=0.01 sys=0.01, real=0.00 secs] 
2019-06-09T07:20:58.291+0300: 17.121: [GC (Allocation Failure) [PSYoungGen: 129088K->736K(150016K)] 167973K->39621K(491520K), 0.0026407 secs] [Times: user=0.02 sys=0.01, real=0.00 secs] 
2019-06-09T07:20:59.409+0300: 18.240: [GC (Allocation Failure) [PSYoungGen: 129248K->576K(148992K)] 168133K->39469K(490496K), 0.0029383 secs] [Times: user=0.02 sys=0.01, real=0.01 secs] 
2019-06-09T07:21:00.421+0300: 19.251: [GC (Allocation Failure) [PSYoungGen: 129088K->640K(151552K)] 167981K->39533K(493056K), 0.0029104 secs] [Times: user=0.01 sys=0.00, real=0.00 secs] 
2019-06-09T07:21:01.660+0300: 20.490: [GC (Allocation Failure) [PSYoungGen: 132736K->704K(151040K)] 171629K->39597K(492544K), 0.0043317 secs] [Times: user=0.03 sys=0.00, real=0.00 secs] 
2019-06-09T07:21:02.676+0300: 21.507: [GC (Allocation Failure) [PSYoungGen: 132800K->608K(153600K)] 171693K->39501K(495104K), 0.0036402 secs] [Times: user=0.02 sys=0.00, real=0.01 secs] 
2019-06-09T07:21:03.967+0300: 22.798: [GC (Allocation Failure) [PSYoungGen: 136288K->672K(152576K)] 175181K->39565K(494080K), 0.0030431 secs] [Times: user=0.01 sys=0.00, real=0.01 secs] 
2019-06-09T07:21:05.068+0300: 23.898: [GC (Allocation Failure) [PSYoungGen: 136352K->832K(155136K)] 175245K->39733K(496640K), 0.0028973 secs] [Times: user=0.02 sys=0.00, real=0.01 secs] 
2019-06-09T07:21:06.273+0300: 25.103: [GC (Allocation Failure) [PSYoungGen: 139584K->960K(154112K)] 178485K->39869K(495616K), 0.0034353 secs] [Times: user=0.02 sys=0.01, real=0.00 secs] 
2019-06-09T07:21:07.472+0300: 26.302: [GC (Allocation Failure) [PSYoungGen: 139712K->960K(156672K)] 178621K->39869K(498176K), 0.0044120 secs] [Times: user=0.03 sys=0.00, real=0.00 secs] 
2019-06-09T07:21:09.441+0300: 28.271: [GC (Allocation Failure) [PSYoungGen: 142784K->992K(155648K)] 181693K->39909K(497152K), 0.0036988 secs] [Times: user=0.01 sys=0.01, real=0.00 secs] 
07:21:17.330 [Curator-PathChildrenCache-0] ERROR o.a.c.f.r.c.PathChildrenCache  - 
java.lang.IllegalStateException: instance must be started before calling this method
	at org.apache.curator.shaded.com.google.common.base.Preconditions.checkState(Preconditions.java:444)
	at org.apache.curator.framework.imps.CuratorFrameworkImpl.getChildren(CuratorFrameworkImpl.java:456)
	at org.apache.curator.framework.recipes.cache.PathChildrenCache.refresh(PathChildrenCache.java:521)
	at org.apache.curator.framework.recipes.cache.RefreshOperation.invoke(RefreshOperation.java:35)
	at org.apache.curator.framework.recipes.cache.PathChildrenCache$9.run(PathChildrenCache.java:786)
	at java.util.concurrent.Executors$RunnableAdapter.call(Executors.java:511)
	at java.util.concurrent.FutureTask.run(FutureTask.java:266)
	at java.util.concurrent.Executors$RunnableAdapter.call(Executors.java:511)
	at java.util.concurrent.FutureTask.run(FutureTask.java:266)
	at java.util.concurrent.ThreadPoolExecutor.runWorker(ThreadPoolExecutor.java:1149)
	at java.util.concurrent.ThreadPoolExecutor$Worker.run(ThreadPoolExecutor.java:624)
	at java.lang.Thread.run(Thread.java:748)
Heap
 PSYoungGen      total 155648K, used 98500K [0x00000000f5980000, 0x0000000100000000, 0x0000000100000000)
  eden space 141824K, 68% used [0x00000000f5980000,0x00000000fb8b92e8,0x00000000fe400000)
  from space 13824K, 7% used [0x00000000fe400000,0x00000000fe4f80a0,0x00000000ff180000)
  to   space 13312K, 0% used [0x00000000ff300000,0x00000000ff300000,0x0000000100000000)
 ParOldGen       total 341504K, used 38917K [0x00000000e0c00000, 0x00000000f5980000, 0x00000000f5980000)
  object space 341504K, 11% used [0x00000000e0c00000,0x00000000e3201748,0x00000000f5980000)
 Metaspace       used 35740K, capacity 36614K, committed 36952K, reserved 1081344K
  class space    used 4933K, capacity 5129K, committed 5248K, reserved 1048576K
