08:05:13,925 |-INFO in ch.qos.logback.classic.LoggerContext[default] - Could NOT find resource [logback-test.xml]
08:05:13,926 |-INFO in ch.qos.logback.classic.LoggerContext[default] - Could NOT find resource [logback.groovy]
08:05:13,926 |-INFO in ch.qos.logback.classic.LoggerContext[default] - Found resource [logback.xml] at [jar:file:/root/flamestream/lib/flamestream-runtime-1.0-SNAPSHOT.jar!/logback.xml]
08:05:13,927 |-WARN in ch.qos.logback.classic.LoggerContext[default] - Resource [logback.xml] occurs multiple times on the classpath.
08:05:13,927 |-WARN in ch.qos.logback.classic.LoggerContext[default] - Resource [logback.xml] occurs at [jar:file:/root/flamestream/lib/flamestream-runtime-1.0-SNAPSHOT.jar!/logback.xml]
08:05:13,927 |-WARN in ch.qos.logback.classic.LoggerContext[default] - Resource [logback.xml] occurs at [jar:file:/root/flamestream/flamestream-runtime-1.0-SNAPSHOT.jar!/logback.xml]
08:05:13,948 |-INFO in ch.qos.logback.core.joran.spi.ConfigurationWatchList@3fb6a447 - URL [jar:file:/root/flamestream/lib/flamestream-runtime-1.0-SNAPSHOT.jar!/logback.xml] is not of type file
08:05:14,020 |-INFO in ch.qos.logback.classic.joran.action.ConfigurationAction - debug attribute not set
08:05:14,021 |-INFO in ch.qos.logback.core.joran.action.AppenderAction - About to instantiate appender of type [ch.qos.logback.core.ConsoleAppender]
08:05:14,040 |-INFO in ch.qos.logback.core.joran.action.AppenderAction - Naming appender as [STDOUT]
08:05:14,053 |-INFO in ch.qos.logback.core.joran.action.NestedComplexPropertyIA - Assuming default type [ch.qos.logback.classic.encoder.PatternLayoutEncoder] for [encoder] property
08:05:14,140 |-INFO in ch.qos.logback.core.joran.action.AppenderAction - About to instantiate appender of type [ch.qos.logback.core.rolling.RollingFileAppender]
08:05:14,145 |-INFO in ch.qos.logback.core.joran.action.AppenderAction - Naming appender as [FILE]
08:05:14,175 |-INFO in c.q.l.core.rolling.TimeBasedRollingPolicy@127618319 - No compression will be used
08:05:14,176 |-INFO in c.q.l.core.rolling.TimeBasedRollingPolicy@127618319 - Will use the pattern /tmp/application_%d{yyyy-MM-dd}.%i.log for the active file
08:05:14,179 |-INFO in ch.qos.logback.core.rolling.SizeAndTimeBasedFNATP@6b2fad11 - The date pattern is 'yyyy-MM-dd' from file name pattern '/tmp/application_%d{yyyy-MM-dd}.%i.log'.
08:05:14,179 |-INFO in ch.qos.logback.core.rolling.SizeAndTimeBasedFNATP@6b2fad11 - Roll-over at midnight.
08:05:14,185 |-INFO in ch.qos.logback.core.rolling.SizeAndTimeBasedFNATP@6b2fad11 - Setting initial period to Tue Jun 11 08:03:41 UTC 2019
08:05:14,185 |-WARN in ch.qos.logback.core.rolling.SizeAndTimeBasedFNATP@6b2fad11 - SizeAndTimeBasedFNATP is deprecated. Use SizeAndTimeBasedRollingPolicy instead
08:05:14,185 |-WARN in ch.qos.logback.core.rolling.SizeAndTimeBasedFNATP@6b2fad11 - For more information see http://logback.qos.ch/manual/appenders.html#SizeAndTimeBasedRollingPolicy
08:05:14,189 |-INFO in ch.qos.logback.core.joran.action.NestedComplexPropertyIA - Assuming default type [ch.qos.logback.classic.encoder.PatternLayoutEncoder] for [encoder] property
08:05:14,193 |-INFO in ch.qos.logback.core.rolling.RollingFileAppender[FILE] - Active log file name: /tmp/application.log
08:05:14,193 |-INFO in ch.qos.logback.core.rolling.RollingFileAppender[FILE] - File property is set to [/tmp/application.log]
08:05:14,194 |-INFO in ch.qos.logback.classic.joran.action.RootLoggerAction - Setting level of ROOT logger to WARN
08:05:14,194 |-INFO in ch.qos.logback.core.joran.action.AppenderRefAction - Attaching appender named [STDOUT] to Logger[ROOT]
08:05:14,196 |-INFO in ch.qos.logback.core.joran.action.AppenderRefAction - Attaching appender named [FILE] to Logger[ROOT]
08:05:14,197 |-INFO in ch.qos.logback.classic.joran.action.ConfigurationAction - End of configuration.
08:05:14,197 |-INFO in ch.qos.logback.classic.joran.JoranConfigurator@79698539 - Registering current configuration as safe fallback point

Ama winner
Ama winner
2019-06-11T08:05:15.476+0000: 1.739: [Full GC (Metadata GC Threshold) 2019-06-11T08:05:15.476+0000: 1.739: [Tenured: 0K->15144K(341376K), 0.0397213 secs] 114987K->15144K(494976K), [Metaspace: 20732K->20732K(1067008K)], 0.0397857 secs] [Times: user=0.04 sys=0.00, real=0.04 secs] 
08:05:28.119 [Curator-PathChildrenCache-1] WARN  o.a.c.u.ZKPaths  - The version of ZooKeeper being used doesn't support Container nodes. CreateMode.PERSISTENT will be used instead.
2019-06-11T08:05:30.469+0000: 16.732: [GC (Allocation Failure) 2019-06-11T08:05:30.469+0000: 16.732: [DefNew: 136576K->17023K(153600K), 0.0317221 secs] 151720K->52597K(494976K), 0.0317889 secs] [Times: user=0.02 sys=0.01, real=0.03 secs] 
2019-06-11T08:05:36.967+0000: 23.230: [GC (Allocation Failure) 2019-06-11T08:05:36.967+0000: 23.230: [DefNew: 153599K->264K(153600K), 0.0099120 secs] 189173K->44118K(494976K), 0.0099764 secs] [Times: user=0.01 sys=0.00, real=0.02 secs] 
2019-06-11T08:05:42.003+0000: 28.266: [Full GC (Metadata GC Threshold) 2019-06-11T08:05:42.003+0000: 28.266: [Tenured: 43854K->44098K(341376K), 0.0549712 secs] 148176K->44098K(494976K), [Metaspace: 34590K->34590K(1079296K)], 0.0550608 secs] [Times: user=0.06 sys=0.00, real=0.06 secs] 
2019-06-11T08:05:48.703+0000: 34.965: [GC (Allocation Failure) 2019-06-11T08:05:48.703+0000: 34.965: [DefNew: 136576K->49K(153600K), 0.0016439 secs] 180674K->44148K(494976K), 0.0016994 secs] [Times: user=0.00 sys=0.00, real=0.00 secs] 
2019-06-11T08:05:55.426+0000: 41.689: [GC (Allocation Failure) 2019-06-11T08:05:55.426+0000: 41.689: [DefNew: 136625K->47K(153600K), 0.0015546 secs] 180724K->44146K(494976K), 0.0016165 secs] [Times: user=0.00 sys=0.00, real=0.00 secs] 
2019-06-11T08:06:02.207+0000: 48.469: [GC (Allocation Failure) 2019-06-11T08:06:02.207+0000: 48.469: [DefNew: 136623K->49K(153600K), 0.0015988 secs] 180722K->44148K(494976K), 0.0016591 secs] [Times: user=0.00 sys=0.00, real=0.01 secs] 
2019-06-11T08:06:14.834+0000: 61.097: [GC (Allocation Failure) 2019-06-11T08:06:14.834+0000: 61.097: [DefNew: 136625K->220K(153600K), 0.0019920 secs] 180724K->44319K(494976K), 0.0020532 secs] [Times: user=0.00 sys=0.00, real=0.01 secs] 
08:06:20.720 [Curator-PathChildrenCache-0] ERROR o.a.c.f.r.c.PathChildrenCache  - 
java.lang.IllegalStateException: instance must be started before calling this method
	at org.apache.curator.shaded.com.google.common.base.Preconditions.checkState(Preconditions.java:444)
	at org.apache.curator.framework.imps.CuratorFrameworkImpl.getChildren(CuratorFrameworkImpl.java:456)
	at org.apache.curator.framework.recipes.cache.PathChildrenCache.refresh(PathChildrenCache.java:521)
	at org.apache.curator.framework.recipes.cache.RefreshOperation.invoke(RefreshOperation.java:35)
	at org.apache.curator.framework.recipes.cache.PathChildrenCache$9.run(PathChildrenCache.java:786)
	at java.util.concurrent.Executors$RunnableAdapter.call(Executors.java:511)
	at java.util.concurrent.FutureTask.run(FutureTask.java:266)
	at java.util.concurrent.Executors$RunnableAdapter.call(Executors.java:511)
	at java.util.concurrent.FutureTask.run(FutureTask.java:266)
	at java.util.concurrent.ThreadPoolExecutor.runWorker(ThreadPoolExecutor.java:1149)
	at java.util.concurrent.ThreadPoolExecutor$Worker.run(ThreadPoolExecutor.java:624)
	at java.lang.Thread.run(Thread.java:748)
Heap
 def new generation   total 153600K, used 35288K [0x00000000e0c00000, 0x00000000eb2a0000, 0x00000000eb2a0000)
  eden space 136576K,  25% used [0x00000000e0c00000, 0x00000000e2e3ef88, 0x00000000e9160000)
  from space 17024K,   1% used [0x00000000e9160000, 0x00000000e9197358, 0x00000000ea200000)
  to   space 17024K,   0% used [0x00000000ea200000, 0x00000000ea200000, 0x00000000eb2a0000)
 tenured generation   total 341376K, used 44098K [0x00000000eb2a0000, 0x0000000100000000, 0x0000000100000000)
   the space 341376K,  12% used [0x00000000eb2a0000, 0x00000000eddb0b70, 0x00000000eddb0c00, 0x0000000100000000)
 Metaspace       used 35900K, capacity 36852K, committed 37120K, reserved 1081344K
  class space    used 4855K, capacity 5072K, committed 5120K, reserved 1048576K
