08:05:14,165 |-INFO in ch.qos.logback.classic.LoggerContext[default] - Could NOT find resource [logback-test.xml]
08:05:14,165 |-INFO in ch.qos.logback.classic.LoggerContext[default] - Could NOT find resource [logback.groovy]
08:05:14,165 |-INFO in ch.qos.logback.classic.LoggerContext[default] - Found resource [logback.xml] at [jar:file:/root/flamestream/lib/flamestream-runtime-1.0-SNAPSHOT.jar!/logback.xml]
08:05:14,166 |-WARN in ch.qos.logback.classic.LoggerContext[default] - Resource [logback.xml] occurs multiple times on the classpath.
08:05:14,166 |-WARN in ch.qos.logback.classic.LoggerContext[default] - Resource [logback.xml] occurs at [jar:file:/root/flamestream/lib/flamestream-runtime-1.0-SNAPSHOT.jar!/logback.xml]
08:05:14,166 |-WARN in ch.qos.logback.classic.LoggerContext[default] - Resource [logback.xml] occurs at [jar:file:/root/flamestream/flamestream-runtime-1.0-SNAPSHOT.jar!/logback.xml]
08:05:14,189 |-INFO in ch.qos.logback.core.joran.spi.ConfigurationWatchList@3fb6a447 - URL [jar:file:/root/flamestream/lib/flamestream-runtime-1.0-SNAPSHOT.jar!/logback.xml] is not of type file
08:05:14,262 |-INFO in ch.qos.logback.classic.joran.action.ConfigurationAction - debug attribute not set
08:05:14,263 |-INFO in ch.qos.logback.core.joran.action.AppenderAction - About to instantiate appender of type [ch.qos.logback.core.ConsoleAppender]
08:05:14,279 |-INFO in ch.qos.logback.core.joran.action.AppenderAction - Naming appender as [STDOUT]
08:05:14,299 |-INFO in ch.qos.logback.core.joran.action.NestedComplexPropertyIA - Assuming default type [ch.qos.logback.classic.encoder.PatternLayoutEncoder] for [encoder] property
08:05:14,381 |-INFO in ch.qos.logback.core.joran.action.AppenderAction - About to instantiate appender of type [ch.qos.logback.core.rolling.RollingFileAppender]
08:05:14,386 |-INFO in ch.qos.logback.core.joran.action.AppenderAction - Naming appender as [FILE]
08:05:14,418 |-INFO in c.q.l.core.rolling.TimeBasedRollingPolicy@127618319 - No compression will be used
08:05:14,419 |-INFO in c.q.l.core.rolling.TimeBasedRollingPolicy@127618319 - Will use the pattern /tmp/application_%d{yyyy-MM-dd}.%i.log for the active file
08:05:14,422 |-INFO in ch.qos.logback.core.rolling.SizeAndTimeBasedFNATP@6b2fad11 - The date pattern is 'yyyy-MM-dd' from file name pattern '/tmp/application_%d{yyyy-MM-dd}.%i.log'.
08:05:14,422 |-INFO in ch.qos.logback.core.rolling.SizeAndTimeBasedFNATP@6b2fad11 - Roll-over at midnight.
08:05:14,428 |-INFO in ch.qos.logback.core.rolling.SizeAndTimeBasedFNATP@6b2fad11 - Setting initial period to Tue Jun 11 08:03:41 UTC 2019
08:05:14,428 |-WARN in ch.qos.logback.core.rolling.SizeAndTimeBasedFNATP@6b2fad11 - SizeAndTimeBasedFNATP is deprecated. Use SizeAndTimeBasedRollingPolicy instead
08:05:14,428 |-WARN in ch.qos.logback.core.rolling.SizeAndTimeBasedFNATP@6b2fad11 - For more information see http://logback.qos.ch/manual/appenders.html#SizeAndTimeBasedRollingPolicy
08:05:14,432 |-INFO in ch.qos.logback.core.joran.action.NestedComplexPropertyIA - Assuming default type [ch.qos.logback.classic.encoder.PatternLayoutEncoder] for [encoder] property
08:05:14,437 |-INFO in ch.qos.logback.core.rolling.RollingFileAppender[FILE] - Active log file name: /tmp/application.log
08:05:14,437 |-INFO in ch.qos.logback.core.rolling.RollingFileAppender[FILE] - File property is set to [/tmp/application.log]
08:05:14,438 |-INFO in ch.qos.logback.classic.joran.action.RootLoggerAction - Setting level of ROOT logger to WARN
08:05:14,438 |-INFO in ch.qos.logback.core.joran.action.AppenderRefAction - Attaching appender named [STDOUT] to Logger[ROOT]
08:05:14,440 |-INFO in ch.qos.logback.core.joran.action.AppenderRefAction - Attaching appender named [FILE] to Logger[ROOT]
08:05:14,440 |-INFO in ch.qos.logback.classic.joran.action.ConfigurationAction - End of configuration.
08:05:14,440 |-INFO in ch.qos.logback.classic.joran.JoranConfigurator@79698539 - Registering current configuration as safe fallback point

Ama winner
Ama winner
2019-06-11T08:05:15.738+0000: 1.757: [Full GC (Metadata GC Threshold) 2019-06-11T08:05:15.738+0000: 1.757: [Tenured: 0K->15208K(341376K), 0.0392552 secs] 114923K->15208K(494976K), [Metaspace: 20736K->20736K(1067008K)], 0.0393199 secs] [Times: user=0.03 sys=0.01, real=0.04 secs] 
08:05:28.121 [Curator-PathChildrenCache-1] WARN  o.a.c.u.ZKPaths  - The version of ZooKeeper being used doesn't support Container nodes. CreateMode.PERSISTENT will be used instead.
2019-06-11T08:05:30.438+0000: 16.457: [GC (Allocation Failure) 2019-06-11T08:05:30.438+0000: 16.457: [DefNew: 136576K->17023K(153600K), 0.0322865 secs] 151784K->52677K(494976K), 0.0323541 secs] [Times: user=0.01 sys=0.01, real=0.04 secs] 
2019-06-11T08:05:37.059+0000: 23.079: [GC (Allocation Failure) 2019-06-11T08:05:37.059+0000: 23.079: [DefNew: 153599K->292K(153600K), 0.0095466 secs] 189253K->44175K(494976K), 0.0096062 secs] [Times: user=0.01 sys=0.01, real=0.01 secs] 
2019-06-11T08:05:37.717+0000: 23.736: [Full GC (Metadata GC Threshold) 2019-06-11T08:05:37.717+0000: 23.736: [Tenured: 43882K->44152K(341376K), 0.0343439 secs] 60158K->44152K(494976K), [Metaspace: 34587K->34587K(1079296K)], 0.0344203 secs] [Times: user=0.04 sys=0.00, real=0.04 secs] 
2019-06-11T08:05:44.444+0000: 30.464: [GC (Allocation Failure) 2019-06-11T08:05:44.444+0000: 30.464: [DefNew: 136576K->81K(153600K), 0.0016957 secs] 180728K->44234K(494976K), 0.0017621 secs] [Times: user=0.00 sys=0.00, real=0.00 secs] 
2019-06-11T08:05:51.208+0000: 37.228: [GC (Allocation Failure) 2019-06-11T08:05:51.208+0000: 37.228: [DefNew: 136657K->115K(153600K), 0.0016513 secs] 180810K->44268K(494976K), 0.0017311 secs] [Times: user=0.00 sys=0.00, real=0.01 secs] 
2019-06-11T08:05:58.014+0000: 44.033: [GC (Allocation Failure) 2019-06-11T08:05:58.014+0000: 44.033: [DefNew: 136691K->116K(153600K), 0.0016829 secs] 180844K->44269K(494976K), 0.0017610 secs] [Times: user=0.00 sys=0.00, real=0.00 secs] 
2019-06-11T08:06:04.844+0000: 50.864: [GC (Allocation Failure) 2019-06-11T08:06:04.844+0000: 50.864: [DefNew: 136692K->119K(153600K), 0.0016983 secs] 180845K->44272K(494976K), 0.0017580 secs] [Times: user=0.00 sys=0.00, real=0.00 secs] 
08:06:20.741 [Curator-PathChildrenCache-0] ERROR o.a.c.f.r.c.PathChildrenCache  - 
java.lang.IllegalStateException: instance must be started before calling this method
	at org.apache.curator.shaded.com.google.common.base.Preconditions.checkState(Preconditions.java:444)
	at org.apache.curator.framework.imps.CuratorFrameworkImpl.getChildren(CuratorFrameworkImpl.java:456)
	at org.apache.curator.framework.recipes.cache.PathChildrenCache.refresh(PathChildrenCache.java:521)
	at org.apache.curator.framework.recipes.cache.RefreshOperation.invoke(RefreshOperation.java:35)
	at org.apache.curator.framework.recipes.cache.PathChildrenCache$9.run(PathChildrenCache.java:786)
	at java.util.concurrent.Executors$RunnableAdapter.call(Executors.java:511)
	at java.util.concurrent.FutureTask.run(FutureTask.java:266)
	at java.util.concurrent.Executors$RunnableAdapter.call(Executors.java:511)
	at java.util.concurrent.FutureTask.run(FutureTask.java:266)
	at java.util.concurrent.ThreadPoolExecutor.runWorker(ThreadPoolExecutor.java:1149)
	at java.util.concurrent.ThreadPoolExecutor$Worker.run(ThreadPoolExecutor.java:624)
	at java.lang.Thread.run(Thread.java:748)
Heap
 def new generation   total 153600K, used 113615K [0x00000000e0c00000, 0x00000000eb2a0000, 0x00000000eb2a0000)
  eden space 136576K,  83% used [0x00000000e0c00000, 0x00000000e7ad5de0, 0x00000000e9160000)
  from space 17024K,   0% used [0x00000000e9160000, 0x00000000e917df20, 0x00000000ea200000)
  to   space 17024K,   0% used [0x00000000ea200000, 0x00000000ea200000, 0x00000000eb2a0000)
 tenured generation   total 341376K, used 44152K [0x00000000eb2a0000, 0x0000000100000000, 0x0000000100000000)
   the space 341376K,  12% used [0x00000000eb2a0000, 0x00000000eddbe2d0, 0x00000000eddbe400, 0x0000000100000000)
 Metaspace       used 35947K, capacity 36794K, committed 37120K, reserved 1081344K
  class space    used 4868K, capacity 5073K, committed 5120K, reserved 1048576K
