19:08:55,784 |-INFO in ch.qos.logback.classic.LoggerContext[default] - Could NOT find resource [logback-test.xml]
19:08:55,784 |-INFO in ch.qos.logback.classic.LoggerContext[default] - Could NOT find resource [logback.groovy]
19:08:55,784 |-INFO in ch.qos.logback.classic.LoggerContext[default] - Found resource [logback.xml] at [jar:file:/root/flamestream/lib/flamestream-runtime-1.0-SNAPSHOT.jar!/logback.xml]
19:08:55,785 |-WARN in ch.qos.logback.classic.LoggerContext[default] - Resource [logback.xml] occurs multiple times on the classpath.
19:08:55,789 |-WARN in ch.qos.logback.classic.LoggerContext[default] - Resource [logback.xml] occurs at [jar:file:/root/flamestream/lib/flamestream-runtime-1.0-SNAPSHOT.jar!/logback.xml]
19:08:55,789 |-WARN in ch.qos.logback.classic.LoggerContext[default] - Resource [logback.xml] occurs at [jar:file:/root/flamestream/flamestream-runtime-1.0-SNAPSHOT.jar!/logback.xml]
19:08:55,809 |-INFO in ch.qos.logback.core.joran.spi.ConfigurationWatchList@3fb6a447 - URL [jar:file:/root/flamestream/lib/flamestream-runtime-1.0-SNAPSHOT.jar!/logback.xml] is not of type file
19:08:55,875 |-INFO in ch.qos.logback.classic.joran.action.ConfigurationAction - debug attribute not set
19:08:55,876 |-INFO in ch.qos.logback.core.joran.action.AppenderAction - About to instantiate appender of type [ch.qos.logback.core.ConsoleAppender]
19:08:55,892 |-INFO in ch.qos.logback.core.joran.action.AppenderAction - Naming appender as [STDOUT]
19:08:55,910 |-INFO in ch.qos.logback.core.joran.action.NestedComplexPropertyIA - Assuming default type [ch.qos.logback.classic.encoder.PatternLayoutEncoder] for [encoder] property
19:08:55,997 |-INFO in ch.qos.logback.core.joran.action.AppenderAction - About to instantiate appender of type [ch.qos.logback.core.rolling.RollingFileAppender]
19:08:56,006 |-INFO in ch.qos.logback.core.joran.action.AppenderAction - Naming appender as [FILE]
19:08:56,035 |-INFO in c.q.l.core.rolling.TimeBasedRollingPolicy@127618319 - No compression will be used
19:08:56,036 |-INFO in c.q.l.core.rolling.TimeBasedRollingPolicy@127618319 - Will use the pattern /tmp/application_%d{yyyy-MM-dd}.%i.log for the active file
19:08:56,039 |-INFO in ch.qos.logback.core.rolling.SizeAndTimeBasedFNATP@6b2fad11 - The date pattern is 'yyyy-MM-dd' from file name pattern '/tmp/application_%d{yyyy-MM-dd}.%i.log'.
19:08:56,039 |-INFO in ch.qos.logback.core.rolling.SizeAndTimeBasedFNATP@6b2fad11 - Roll-over at midnight.
19:08:56,044 |-INFO in ch.qos.logback.core.rolling.SizeAndTimeBasedFNATP@6b2fad11 - Setting initial period to Mon Jun 10 19:07:20 UTC 2019
19:08:56,044 |-WARN in ch.qos.logback.core.rolling.SizeAndTimeBasedFNATP@6b2fad11 - SizeAndTimeBasedFNATP is deprecated. Use SizeAndTimeBasedRollingPolicy instead
19:08:56,044 |-WARN in ch.qos.logback.core.rolling.SizeAndTimeBasedFNATP@6b2fad11 - For more information see http://logback.qos.ch/manual/appenders.html#SizeAndTimeBasedRollingPolicy
19:08:56,049 |-INFO in ch.qos.logback.core.joran.action.NestedComplexPropertyIA - Assuming default type [ch.qos.logback.classic.encoder.PatternLayoutEncoder] for [encoder] property
19:08:56,053 |-INFO in ch.qos.logback.core.rolling.RollingFileAppender[FILE] - Active log file name: /tmp/application.log
19:08:56,053 |-INFO in ch.qos.logback.core.rolling.RollingFileAppender[FILE] - File property is set to [/tmp/application.log]
19:08:56,054 |-INFO in ch.qos.logback.classic.joran.action.RootLoggerAction - Setting level of ROOT logger to WARN
19:08:56,054 |-INFO in ch.qos.logback.core.joran.action.AppenderRefAction - Attaching appender named [STDOUT] to Logger[ROOT]
19:08:56,056 |-INFO in ch.qos.logback.core.joran.action.AppenderRefAction - Attaching appender named [FILE] to Logger[ROOT]
19:08:56,056 |-INFO in ch.qos.logback.classic.joran.action.ConfigurationAction - End of configuration.
19:08:56,057 |-INFO in ch.qos.logback.classic.joran.JoranConfigurator@79698539 - Registering current configuration as safe fallback point

Ama winner
Ama winner
2019-06-10T19:08:57.367+0000: 1.765: [Full GC (Metadata GC Threshold) 2019-06-10T19:08:57.367+0000: 1.765: [Tenured: 0K->15209K(341376K), 0.0405275 secs] 114987K->15209K(494976K), [Metaspace: 20739K->20739K(1067008K)], 0.0405947 secs] [Times: user=0.04 sys=0.00, real=0.04 secs] 
19:09:19.545 [Curator-PathChildrenCache-1] WARN  o.a.c.u.ZKPaths  - The version of ZooKeeper being used doesn't support Container nodes. CreateMode.PERSISTENT will be used instead.
2019-06-10T19:09:22.257+0000: 26.655: [GC (Allocation Failure) 2019-06-10T19:09:22.257+0000: 26.655: [DefNew: 136576K->17023K(153600K), 0.0272078 secs] 151785K->52806K(494976K), 0.0272902 secs] [Times: user=0.02 sys=0.01, real=0.02 secs] 
2019-06-10T19:09:23.765+0000: 28.164: [Full GC (Metadata GC Threshold) 2019-06-10T19:09:23.765+0000: 28.164: [Tenured: 35782K->44517K(341376K), 0.0680055 secs] 89886K->44517K(494976K), [Metaspace: 34598K->34598K(1079296K)], 0.0680771 secs] [Times: user=0.06 sys=0.01, real=0.06 secs] 
2019-06-10T19:09:31.510+0000: 35.908: [GC (Allocation Failure) 2019-06-10T19:09:31.510+0000: 35.908: [DefNew: 136576K->83K(153600K), 0.0018923 secs] 181093K->44600K(494976K), 0.0019500 secs] [Times: user=0.00 sys=0.00, real=0.00 secs] 
2019-06-10T19:09:39.321+0000: 43.719: [GC (Allocation Failure) 2019-06-10T19:09:39.321+0000: 43.719: [DefNew: 136659K->84K(153600K), 0.0017662 secs] 181176K->44601K(494976K), 0.0018206 secs] [Times: user=0.00 sys=0.00, real=0.00 secs] 
2019-06-10T19:09:47.256+0000: 51.654: [GC (Allocation Failure) 2019-06-10T19:09:47.256+0000: 51.654: [DefNew: 136660K->89K(153600K), 0.0018903 secs] 181177K->44606K(494976K), 0.0019487 secs] [Times: user=0.00 sys=0.00, real=0.01 secs] 
2019-06-10T19:09:55.171+0000: 59.569: [GC (Allocation Failure) 2019-06-10T19:09:55.171+0000: 59.569: [DefNew: 136665K->88K(153600K), 0.0018141 secs] 181182K->44605K(494976K), 0.0018865 secs] [Times: user=0.00 sys=0.00, real=0.00 secs] 
2019-06-10T19:10:03.824+0000: 68.222: [GC (Allocation Failure) 2019-06-10T19:10:03.824+0000: 68.222: [DefNew: 136664K->430K(153600K), 0.0024256 secs] 181181K->44948K(494976K), 0.0024858 secs] [Times: user=0.00 sys=0.00, real=0.01 secs] 
2019-06-10T19:10:22.781+0000: 87.179: [GC (Allocation Failure) 2019-06-10T19:10:22.781+0000: 87.179: [DefNew: 137006K->170K(153600K), 0.0021026 secs] 181524K->44688K(494976K), 0.0021669 secs] [Times: user=0.00 sys=0.00, real=0.00 secs] 
19:10:24.088 [Curator-PathChildrenCache-0] ERROR o.a.c.f.r.c.PathChildrenCache  - 
java.lang.IllegalStateException: instance must be started before calling this method
	at org.apache.curator.shaded.com.google.common.base.Preconditions.checkState(Preconditions.java:444)
	at org.apache.curator.framework.imps.CuratorFrameworkImpl.getChildren(CuratorFrameworkImpl.java:456)
	at org.apache.curator.framework.recipes.cache.PathChildrenCache.refresh(PathChildrenCache.java:521)
	at org.apache.curator.framework.recipes.cache.RefreshOperation.invoke(RefreshOperation.java:35)
	at org.apache.curator.framework.recipes.cache.PathChildrenCache$9.run(PathChildrenCache.java:786)
	at java.util.concurrent.Executors$RunnableAdapter.call(Executors.java:511)
	at java.util.concurrent.FutureTask.run(FutureTask.java:266)
	at java.util.concurrent.Executors$RunnableAdapter.call(Executors.java:511)
	at java.util.concurrent.FutureTask.run(FutureTask.java:266)
	at java.util.concurrent.ThreadPoolExecutor.runWorker(ThreadPoolExecutor.java:1149)
	at java.util.concurrent.ThreadPoolExecutor$Worker.run(ThreadPoolExecutor.java:624)
	at java.lang.Thread.run(Thread.java:748)
Heap
 def new generation   total 153600K, used 26482K [0x00000000e0c00000, 0x00000000eb2a0000, 0x00000000eb2a0000)
  eden space 136576K,  19% used [0x00000000e0c00000, 0x00000000e25b1e68, 0x00000000e9160000)
  from space 17024K,   1% used [0x00000000ea200000, 0x00000000ea22abb0, 0x00000000eb2a0000)
  to   space 17024K,   0% used [0x00000000e9160000, 0x00000000e9160000, 0x00000000ea200000)
 tenured generation   total 341376K, used 44517K [0x00000000eb2a0000, 0x0000000100000000, 0x0000000100000000)
   the space 341376K,  13% used [0x00000000eb2a0000, 0x00000000ede194b8, 0x00000000ede19600, 0x0000000100000000)
 Metaspace       used 36163K, capacity 37074K, committed 37376K, reserved 1081344K
  class space    used 4868K, capacity 5077K, committed 5120K, reserved 1048576K
