05:20:10,156 |-INFO in ch.qos.logback.classic.LoggerContext[default] - Could NOT find resource [logback-test.xml]
05:20:10,156 |-INFO in ch.qos.logback.classic.LoggerContext[default] - Could NOT find resource [logback.groovy]
05:20:10,156 |-INFO in ch.qos.logback.classic.LoggerContext[default] - Found resource [logback.xml] at [jar:file:/home/nikitasokolov/flamestream/lib/flamestream-runtime-1.0-SNAPSHOT.jar!/logback.xml]
05:20:10,157 |-WARN in ch.qos.logback.classic.LoggerContext[default] - Resource [logback.xml] occurs multiple times on the classpath.
05:20:10,157 |-WARN in ch.qos.logback.classic.LoggerContext[default] - Resource [logback.xml] occurs at [jar:file:/home/nikitasokolov/flamestream/lib/flamestream-runtime-1.0-SNAPSHOT.jar!/logback.xml]
05:20:10,157 |-WARN in ch.qos.logback.classic.LoggerContext[default] - Resource [logback.xml] occurs at [jar:file:/home/nikitasokolov/flamestream/flamestream-runtime-1.0-SNAPSHOT.jar!/logback.xml]
05:20:10,172 |-INFO in ch.qos.logback.core.joran.spi.ConfigurationWatchList@6108b2d7 - URL [jar:file:/home/nikitasokolov/flamestream/lib/flamestream-runtime-1.0-SNAPSHOT.jar!/logback.xml] is not of type file
05:20:10,224 |-INFO in ch.qos.logback.classic.joran.action.ConfigurationAction - debug attribute not set
05:20:10,225 |-INFO in ch.qos.logback.core.joran.action.AppenderAction - About to instantiate appender of type [ch.qos.logback.core.ConsoleAppender]
05:20:10,236 |-INFO in ch.qos.logback.core.joran.action.AppenderAction - Naming appender as [STDOUT]
05:20:10,246 |-INFO in ch.qos.logback.core.joran.action.NestedComplexPropertyIA - Assuming default type [ch.qos.logback.classic.encoder.PatternLayoutEncoder] for [encoder] property
05:20:10,308 |-INFO in ch.qos.logback.core.joran.action.AppenderAction - About to instantiate appender of type [ch.qos.logback.core.rolling.RollingFileAppender]
05:20:10,313 |-INFO in ch.qos.logback.core.joran.action.AppenderAction - Naming appender as [FILE]
05:20:10,336 |-INFO in c.q.l.core.rolling.TimeBasedRollingPolicy@357863579 - No compression will be used
05:20:10,337 |-INFO in c.q.l.core.rolling.TimeBasedRollingPolicy@357863579 - Will use the pattern /tmp/application_%d{yyyy-MM-dd}.%i.log for the active file
05:20:10,340 |-INFO in ch.qos.logback.core.rolling.SizeAndTimeBasedFNATP@6bf256fa - The date pattern is 'yyyy-MM-dd' from file name pattern '/tmp/application_%d{yyyy-MM-dd}.%i.log'.
05:20:10,340 |-INFO in ch.qos.logback.core.rolling.SizeAndTimeBasedFNATP@6bf256fa - Roll-over at midnight.
05:20:10,344 |-INFO in ch.qos.logback.core.rolling.SizeAndTimeBasedFNATP@6bf256fa - Setting initial period to Sun Jun 09 05:19:29 MSK 2019
05:20:10,345 |-WARN in ch.qos.logback.core.rolling.SizeAndTimeBasedFNATP@6bf256fa - SizeAndTimeBasedFNATP is deprecated. Use SizeAndTimeBasedRollingPolicy instead
05:20:10,345 |-WARN in ch.qos.logback.core.rolling.SizeAndTimeBasedFNATP@6bf256fa - For more information see http://logback.qos.ch/manual/appenders.html#SizeAndTimeBasedRollingPolicy
05:20:10,350 |-INFO in ch.qos.logback.core.joran.action.NestedComplexPropertyIA - Assuming default type [ch.qos.logback.classic.encoder.PatternLayoutEncoder] for [encoder] property
05:20:10,353 |-INFO in ch.qos.logback.core.rolling.RollingFileAppender[FILE] - Active log file name: /tmp/application.log
05:20:10,353 |-INFO in ch.qos.logback.core.rolling.RollingFileAppender[FILE] - File property is set to [/tmp/application.log]
05:20:10,354 |-INFO in ch.qos.logback.classic.joran.action.RootLoggerAction - Setting level of ROOT logger to WARN
05:20:10,354 |-INFO in ch.qos.logback.core.joran.action.AppenderRefAction - Attaching appender named [STDOUT] to Logger[ROOT]
05:20:10,354 |-INFO in ch.qos.logback.core.joran.action.AppenderRefAction - Attaching appender named [FILE] to Logger[ROOT]
05:20:10,354 |-INFO in ch.qos.logback.classic.joran.action.ConfigurationAction - End of configuration.
05:20:10,355 |-INFO in ch.qos.logback.classic.joran.JoranConfigurator@6cd8737 - Registering current configuration as safe fallback point

2019-06-09T05:20:11.330+0300: 1.391: [GC (Metadata GC Threshold) [PSYoungGen: 108152K->15816K(149504K)] 108152K->15896K(491008K), 0.0198354 secs] [Times: user=0.07 sys=0.01, real=0.02 secs] 
2019-06-09T05:20:11.350+0300: 1.411: [Full GC (Metadata GC Threshold) [PSYoungGen: 15816K->0K(149504K)] [ParOldGen: 80K->14981K(341504K)] 15896K->14981K(491008K), [Metaspace: 20803K->20803K(1067008K)], 0.0269461 secs] [Times: user=0.18 sys=0.00, real=0.02 secs] 
05:20:19.617 [Curator-PathChildrenCache-1] WARN  o.a.c.u.ZKPaths  - The version of ZooKeeper being used doesn't support Container nodes. CreateMode.PERSISTENT will be used instead.
2019-06-09T05:20:20.633+0300: 10.694: [GC (Metadata GC Threshold) [PSYoungGen: 127029K->15790K(149504K)] 142011K->50311K(491008K), 0.0331629 secs] [Times: user=0.29 sys=0.02, real=0.03 secs] 
2019-06-09T05:20:20.666+0300: 10.727: [Full GC (Metadata GC Threshold) [PSYoungGen: 15790K->0K(149504K)] [ParOldGen: 34520K->38748K(341504K)] 50311K->38748K(491008K), [Metaspace: 34568K->34568K(1079296K)], 0.0529718 secs] [Times: user=0.36 sys=0.02, real=0.06 secs] 
2019-06-09T05:20:24.867+0300: 14.928: [GC (Allocation Failure) [PSYoungGen: 128512K->448K(149504K)] 167260K->39204K(491008K), 0.0525109 secs] [Times: user=0.02 sys=0.00, real=0.06 secs] 
2019-06-09T05:20:29.568+0300: 19.629: [GC (Allocation Failure) [PSYoungGen: 128960K->448K(149504K)] 167716K->39212K(491008K), 0.0070255 secs] [Times: user=0.06 sys=0.00, real=0.01 secs] 
2019-06-09T05:20:34.198+0300: 24.259: [GC (Allocation Failure) [PSYoungGen: 128960K->448K(129024K)] 167724K->39212K(470528K), 0.0042783 secs] [Times: user=0.02 sys=0.01, real=0.00 secs] 
2019-06-09T05:20:38.917+0300: 28.978: [GC (Allocation Failure) [PSYoungGen: 128960K->512K(150016K)] 167724K->39284K(491520K), 0.0034984 secs] [Times: user=0.01 sys=0.00, real=0.01 secs] 
2019-06-09T05:20:43.651+0300: 33.713: [GC (Allocation Failure) [PSYoungGen: 129024K->384K(148992K)] 167796K->39164K(490496K), 0.0037656 secs] [Times: user=0.01 sys=0.00, real=0.00 secs] 
2019-06-09T05:20:48.414+0300: 38.475: [GC (Allocation Failure) [PSYoungGen: 128896K->416K(151552K)] 167676K->39204K(493056K), 0.0030781 secs] [Times: user=0.01 sys=0.00, real=0.00 secs] 
2019-06-09T05:20:53.337+0300: 43.398: [GC (Allocation Failure) [PSYoungGen: 132512K->480K(151040K)] 171300K->39276K(492544K), 0.0030154 secs] [Times: user=0.01 sys=0.00, real=0.01 secs] 
2019-06-09T05:20:58.275+0300: 48.336: [GC (Allocation Failure) [PSYoungGen: 132576K->448K(153600K)] 171372K->39252K(495104K), 0.0775587 secs] [Times: user=0.06 sys=0.01, real=0.08 secs] 
2019-06-09T05:21:03.340+0300: 53.401: [GC (Allocation Failure) [PSYoungGen: 136128K->448K(152576K)] 174932K->39260K(494080K), 0.0783981 secs] [Times: user=0.01 sys=0.00, real=0.08 secs] 
2019-06-09T05:21:08.344+0300: 58.405: [GC (Allocation Failure) [PSYoungGen: 136128K->480K(155136K)] 174940K->39300K(496640K), 0.0031411 secs] [Times: user=0.01 sys=0.00, real=0.00 secs] 
2019-06-09T05:21:13.876+0300: 63.937: [GC (Allocation Failure) [PSYoungGen: 139232K->823K(154112K)] 178052K->39651K(495616K), 0.0838003 secs] [Times: user=0.01 sys=0.01, real=0.09 secs] 
2019-06-09T05:21:20.400+0300: 70.461: [GC (Allocation Failure) [PSYoungGen: 139575K->480K(156672K)] 178403K->39316K(498176K), 0.0053631 secs] [Times: user=0.02 sys=0.02, real=0.00 secs] 
2019-06-09T05:21:27.049+0300: 77.110: [GC (Allocation Failure) [PSYoungGen: 142304K->448K(155648K)] 181140K->39292K(497152K), 0.0031321 secs] [Times: user=0.01 sys=0.00, real=0.01 secs] 
05:21:44.120 [Curator-PathChildrenCache-0] ERROR o.a.c.f.r.c.PathChildrenCache  - 
java.lang.IllegalStateException: instance must be started before calling this method
	at org.apache.curator.shaded.com.google.common.base.Preconditions.checkState(Preconditions.java:444)
	at org.apache.curator.framework.imps.CuratorFrameworkImpl.getChildren(CuratorFrameworkImpl.java:456)
	at org.apache.curator.framework.recipes.cache.PathChildrenCache.refresh(PathChildrenCache.java:521)
	at org.apache.curator.framework.recipes.cache.RefreshOperation.invoke(RefreshOperation.java:35)
	at org.apache.curator.framework.recipes.cache.PathChildrenCache$9.run(PathChildrenCache.java:786)
	at java.util.concurrent.Executors$RunnableAdapter.call(Executors.java:511)
	at java.util.concurrent.FutureTask.run(FutureTask.java:266)
	at java.util.concurrent.Executors$RunnableAdapter.call(Executors.java:511)
	at java.util.concurrent.FutureTask.run(FutureTask.java:266)
	at java.util.concurrent.ThreadPoolExecutor.runWorker(ThreadPoolExecutor.java:1149)
	at java.util.concurrent.ThreadPoolExecutor$Worker.run(ThreadPoolExecutor.java:624)
	at java.lang.Thread.run(Thread.java:748)
Heap
 PSYoungGen      total 155648K, used 135190K [0x00000000f5980000, 0x0000000100000000, 0x0000000100000000)
  eden space 141824K, 95% used [0x00000000f5980000,0x00000000fdd15858,0x00000000fe400000)
  from space 13824K, 3% used [0x00000000fe400000,0x00000000fe470000,0x00000000ff180000)
  to   space 13312K, 0% used [0x00000000ff300000,0x00000000ff300000,0x0000000100000000)
 ParOldGen       total 341504K, used 38844K [0x00000000e0c00000, 0x00000000f5980000, 0x00000000f5980000)
  object space 341504K, 11% used [0x00000000e0c00000,0x00000000e31ef2d8,0x00000000f5980000)
 Metaspace       used 36208K, capacity 37022K, committed 37208K, reserved 1081344K
  class space    used 4978K, capacity 5161K, committed 5248K, reserved 1048576K
