17:24:46,278 |-INFO in ch.qos.logback.classic.LoggerContext[default] - Could NOT find resource [logback-test.xml]
17:24:46,278 |-INFO in ch.qos.logback.classic.LoggerContext[default] - Could NOT find resource [logback.groovy]
17:24:46,279 |-INFO in ch.qos.logback.classic.LoggerContext[default] - Found resource [logback.xml] at [jar:file:/root/flamestream/lib/flamestream-runtime-1.0-SNAPSHOT.jar!/logback.xml]
17:24:46,280 |-WARN in ch.qos.logback.classic.LoggerContext[default] - Resource [logback.xml] occurs multiple times on the classpath.
17:24:46,280 |-WARN in ch.qos.logback.classic.LoggerContext[default] - Resource [logback.xml] occurs at [jar:file:/root/flamestream/lib/flamestream-runtime-1.0-SNAPSHOT.jar!/logback.xml]
17:24:46,280 |-WARN in ch.qos.logback.classic.LoggerContext[default] - Resource [logback.xml] occurs at [jar:file:/root/flamestream/flamestream-runtime-1.0-SNAPSHOT.jar!/logback.xml]
17:24:46,300 |-INFO in ch.qos.logback.core.joran.spi.ConfigurationWatchList@3fb6a447 - URL [jar:file:/root/flamestream/lib/flamestream-runtime-1.0-SNAPSHOT.jar!/logback.xml] is not of type file
17:24:46,377 |-INFO in ch.qos.logback.classic.joran.action.ConfigurationAction - debug attribute not set
17:24:46,378 |-INFO in ch.qos.logback.core.joran.action.AppenderAction - About to instantiate appender of type [ch.qos.logback.core.ConsoleAppender]
17:24:46,390 |-INFO in ch.qos.logback.core.joran.action.AppenderAction - Naming appender as [STDOUT]
17:24:46,413 |-INFO in ch.qos.logback.core.joran.action.NestedComplexPropertyIA - Assuming default type [ch.qos.logback.classic.encoder.PatternLayoutEncoder] for [encoder] property
17:24:46,495 |-INFO in ch.qos.logback.core.joran.action.AppenderAction - About to instantiate appender of type [ch.qos.logback.core.rolling.RollingFileAppender]
17:24:46,500 |-INFO in ch.qos.logback.core.joran.action.AppenderAction - Naming appender as [FILE]
17:24:46,533 |-INFO in c.q.l.core.rolling.TimeBasedRollingPolicy@127618319 - No compression will be used
17:24:46,535 |-INFO in c.q.l.core.rolling.TimeBasedRollingPolicy@127618319 - Will use the pattern /tmp/application_%d{yyyy-MM-dd}.%i.log for the active file
17:24:46,538 |-INFO in ch.qos.logback.core.rolling.SizeAndTimeBasedFNATP@6b2fad11 - The date pattern is 'yyyy-MM-dd' from file name pattern '/tmp/application_%d{yyyy-MM-dd}.%i.log'.
17:24:46,538 |-INFO in ch.qos.logback.core.rolling.SizeAndTimeBasedFNATP@6b2fad11 - Roll-over at midnight.
17:24:46,543 |-INFO in ch.qos.logback.core.rolling.SizeAndTimeBasedFNATP@6b2fad11 - Setting initial period to Mon Jun 10 17:23:14 UTC 2019
17:24:46,543 |-WARN in ch.qos.logback.core.rolling.SizeAndTimeBasedFNATP@6b2fad11 - SizeAndTimeBasedFNATP is deprecated. Use SizeAndTimeBasedRollingPolicy instead
17:24:46,543 |-WARN in ch.qos.logback.core.rolling.SizeAndTimeBasedFNATP@6b2fad11 - For more information see http://logback.qos.ch/manual/appenders.html#SizeAndTimeBasedRollingPolicy
17:24:46,547 |-INFO in ch.qos.logback.core.joran.action.NestedComplexPropertyIA - Assuming default type [ch.qos.logback.classic.encoder.PatternLayoutEncoder] for [encoder] property
17:24:46,552 |-INFO in ch.qos.logback.core.rolling.RollingFileAppender[FILE] - Active log file name: /tmp/application.log
17:24:46,552 |-INFO in ch.qos.logback.core.rolling.RollingFileAppender[FILE] - File property is set to [/tmp/application.log]
17:24:46,553 |-INFO in ch.qos.logback.classic.joran.action.RootLoggerAction - Setting level of ROOT logger to WARN
17:24:46,553 |-INFO in ch.qos.logback.core.joran.action.AppenderRefAction - Attaching appender named [STDOUT] to Logger[ROOT]
17:24:46,555 |-INFO in ch.qos.logback.core.joran.action.AppenderRefAction - Attaching appender named [FILE] to Logger[ROOT]
17:24:46,555 |-INFO in ch.qos.logback.classic.joran.action.ConfigurationAction - End of configuration.
17:24:46,555 |-INFO in ch.qos.logback.classic.joran.JoranConfigurator@79698539 - Registering current configuration as safe fallback point

Ama winner
Ama winner
2019-06-10T17:24:47.850+0000: 1.760: [Full GC (Metadata GC Threshold) 2019-06-10T17:24:47.850+0000: 1.760: [Tenured: 0K->15145K(341376K), 0.0406163 secs] 114988K->15145K(494976K), [Metaspace: 20739K->20739K(1067008K)], 0.0406858 secs] [Times: user=0.05 sys=0.00, real=0.05 secs] 
17:25:08.493 [Curator-PathChildrenCache-1] WARN  o.a.c.u.ZKPaths  - The version of ZooKeeper being used doesn't support Container nodes. CreateMode.PERSISTENT will be used instead.
2019-06-10T17:25:10.824+0000: 24.734: [GC (Allocation Failure) 2019-06-10T17:25:10.824+0000: 24.734: [DefNew: 117986K->17024K(153600K), 0.0183505 secs] 133131K->32656K(494976K), 0.0184193 secs] [Times: user=0.02 sys=0.00, real=0.01 secs] 
2019-06-10T17:25:15.483+0000: 29.393: [GC (Allocation Failure) 2019-06-10T17:25:15.483+0000: 29.393: [DefNew: 153600K->715K(153600K), 0.0193739 secs] 169232K->43788K(494976K), 0.0194428 secs] [Times: user=0.01 sys=0.01, real=0.01 secs] 
2019-06-10T17:25:17.316+0000: 31.226: [Full GC (Metadata GC Threshold) 2019-06-10T17:25:17.316+0000: 31.226: [Tenured: 43072K->43692K(341376K), 0.0412559 secs] 92419K->43692K(494976K), [Metaspace: 34649K->34649K(1079296K)], 0.0413307 secs] [Times: user=0.04 sys=0.00, real=0.04 secs] 
2019-06-10T17:25:22.502+0000: 36.412: [GC (Allocation Failure) 2019-06-10T17:25:22.502+0000: 36.412: [DefNew: 136576K->58K(153600K), 0.0017402 secs] 180268K->43750K(494976K), 0.0018040 secs] [Times: user=0.00 sys=0.00, real=0.01 secs] 
2019-06-10T17:25:27.658+0000: 41.568: [GC (Allocation Failure) 2019-06-10T17:25:27.658+0000: 41.568: [DefNew: 136634K->55K(153600K), 0.0017111 secs] 180326K->43748K(494976K), 0.0017726 secs] [Times: user=0.00 sys=0.00, real=0.00 secs] 
2019-06-10T17:25:32.713+0000: 46.623: [GC (Allocation Failure) 2019-06-10T17:25:32.713+0000: 46.623: [DefNew: 136631K->52K(153600K), 0.0015966 secs] 180324K->43744K(494976K), 0.0016662 secs] [Times: user=0.00 sys=0.00, real=0.00 secs] 
2019-06-10T17:25:46.566+0000: 60.476: [GC (Allocation Failure) 2019-06-10T17:25:46.566+0000: 60.476: [DefNew: 136628K->577K(153600K), 0.0029492 secs] 180320K->44270K(494976K), 0.0030059 secs] [Times: user=0.00 sys=0.00, real=0.00 secs] 
17:25:46.592 [Curator-PathChildrenCache-0] ERROR o.a.c.f.r.c.PathChildrenCache  - 
java.lang.IllegalStateException: instance must be started before calling this method
	at org.apache.curator.shaded.com.google.common.base.Preconditions.checkState(Preconditions.java:444)
	at org.apache.curator.framework.imps.CuratorFrameworkImpl.getChildren(CuratorFrameworkImpl.java:456)
	at org.apache.curator.framework.recipes.cache.PathChildrenCache.refresh(PathChildrenCache.java:521)
	at org.apache.curator.framework.recipes.cache.RefreshOperation.invoke(RefreshOperation.java:35)
	at org.apache.curator.framework.recipes.cache.PathChildrenCache$9.run(PathChildrenCache.java:786)
	at java.util.concurrent.Executors$RunnableAdapter.call(Executors.java:511)
	at java.util.concurrent.FutureTask.run(FutureTask.java:266)
	at java.util.concurrent.Executors$RunnableAdapter.call(Executors.java:511)
	at java.util.concurrent.FutureTask.run(FutureTask.java:266)
	at java.util.concurrent.ThreadPoolExecutor.runWorker(ThreadPoolExecutor.java:1149)
	at java.util.concurrent.ThreadPoolExecutor$Worker.run(ThreadPoolExecutor.java:624)
	at java.lang.Thread.run(Thread.java:748)
Heap
 def new generation   total 153600K, used 15550K [0x00000000e0c00000, 0x00000000eb2a0000, 0x00000000eb2a0000)
  eden space 136576K,  10% used [0x00000000e0c00000, 0x00000000e1a9f180, 0x00000000e9160000)
  from space 17024K,   3% used [0x00000000e9160000, 0x00000000e91f0790, 0x00000000ea200000)
  to   space 17024K,   0% used [0x00000000ea200000, 0x00000000ea200000, 0x00000000eb2a0000)
 tenured generation   total 341376K, used 43692K [0x00000000eb2a0000, 0x0000000100000000, 0x0000000100000000)
   the space 341376K,  12% used [0x00000000eb2a0000, 0x00000000edd4b1f8, 0x00000000edd4b200, 0x0000000100000000)
 Metaspace       used 35901K, capacity 36838K, committed 37120K, reserved 1081344K
  class space    used 4834K, capacity 5043K, committed 5120K, reserved 1048576K
