07:42:22,788 |-INFO in ch.qos.logback.classic.LoggerContext[default] - Could NOT find resource [logback-test.xml]
07:42:22,788 |-INFO in ch.qos.logback.classic.LoggerContext[default] - Could NOT find resource [logback.groovy]
07:42:22,789 |-INFO in ch.qos.logback.classic.LoggerContext[default] - Found resource [logback.xml] at [jar:file:/root/flamestream/lib/flamestream-runtime-1.0-SNAPSHOT.jar!/logback.xml]
07:42:22,789 |-WARN in ch.qos.logback.classic.LoggerContext[default] - Resource [logback.xml] occurs multiple times on the classpath.
07:42:22,789 |-WARN in ch.qos.logback.classic.LoggerContext[default] - Resource [logback.xml] occurs at [jar:file:/root/flamestream/lib/flamestream-runtime-1.0-SNAPSHOT.jar!/logback.xml]
07:42:22,789 |-WARN in ch.qos.logback.classic.LoggerContext[default] - Resource [logback.xml] occurs at [jar:file:/root/flamestream/flamestream-runtime-1.0-SNAPSHOT.jar!/logback.xml]
07:42:22,812 |-INFO in ch.qos.logback.core.joran.spi.ConfigurationWatchList@3fb6a447 - URL [jar:file:/root/flamestream/lib/flamestream-runtime-1.0-SNAPSHOT.jar!/logback.xml] is not of type file
07:42:22,886 |-INFO in ch.qos.logback.classic.joran.action.ConfigurationAction - debug attribute not set
07:42:22,887 |-INFO in ch.qos.logback.core.joran.action.AppenderAction - About to instantiate appender of type [ch.qos.logback.core.ConsoleAppender]
07:42:22,907 |-INFO in ch.qos.logback.core.joran.action.AppenderAction - Naming appender as [STDOUT]
07:42:22,925 |-INFO in ch.qos.logback.core.joran.action.NestedComplexPropertyIA - Assuming default type [ch.qos.logback.classic.encoder.PatternLayoutEncoder] for [encoder] property
07:42:23,011 |-INFO in ch.qos.logback.core.joran.action.AppenderAction - About to instantiate appender of type [ch.qos.logback.core.rolling.RollingFileAppender]
07:42:23,016 |-INFO in ch.qos.logback.core.joran.action.AppenderAction - Naming appender as [FILE]
07:42:23,049 |-INFO in c.q.l.core.rolling.TimeBasedRollingPolicy@127618319 - No compression will be used
07:42:23,050 |-INFO in c.q.l.core.rolling.TimeBasedRollingPolicy@127618319 - Will use the pattern /tmp/application_%d{yyyy-MM-dd}.%i.log for the active file
07:42:23,053 |-INFO in ch.qos.logback.core.rolling.SizeAndTimeBasedFNATP@6b2fad11 - The date pattern is 'yyyy-MM-dd' from file name pattern '/tmp/application_%d{yyyy-MM-dd}.%i.log'.
07:42:23,053 |-INFO in ch.qos.logback.core.rolling.SizeAndTimeBasedFNATP@6b2fad11 - Roll-over at midnight.
07:42:23,059 |-INFO in ch.qos.logback.core.rolling.SizeAndTimeBasedFNATP@6b2fad11 - Setting initial period to Tue Jun 11 07:41:02 UTC 2019
07:42:23,059 |-WARN in ch.qos.logback.core.rolling.SizeAndTimeBasedFNATP@6b2fad11 - SizeAndTimeBasedFNATP is deprecated. Use SizeAndTimeBasedRollingPolicy instead
07:42:23,059 |-WARN in ch.qos.logback.core.rolling.SizeAndTimeBasedFNATP@6b2fad11 - For more information see http://logback.qos.ch/manual/appenders.html#SizeAndTimeBasedRollingPolicy
07:42:23,063 |-INFO in ch.qos.logback.core.joran.action.NestedComplexPropertyIA - Assuming default type [ch.qos.logback.classic.encoder.PatternLayoutEncoder] for [encoder] property
07:42:23,068 |-INFO in ch.qos.logback.core.rolling.RollingFileAppender[FILE] - Active log file name: /tmp/application.log
07:42:23,068 |-INFO in ch.qos.logback.core.rolling.RollingFileAppender[FILE] - File property is set to [/tmp/application.log]
07:42:23,068 |-INFO in ch.qos.logback.classic.joran.action.RootLoggerAction - Setting level of ROOT logger to WARN
07:42:23,068 |-INFO in ch.qos.logback.core.joran.action.AppenderRefAction - Attaching appender named [STDOUT] to Logger[ROOT]
07:42:23,070 |-INFO in ch.qos.logback.core.joran.action.AppenderRefAction - Attaching appender named [FILE] to Logger[ROOT]
07:42:23,070 |-INFO in ch.qos.logback.classic.joran.action.ConfigurationAction - End of configuration.
07:42:23,071 |-INFO in ch.qos.logback.classic.joran.JoranConfigurator@79698539 - Registering current configuration as safe fallback point

Ama winner
Ama winner
2019-06-11T07:42:24.372+0000: 1.773: [Full GC (Metadata GC Threshold) 2019-06-11T07:42:24.372+0000: 1.773: [Tenured: 0K->15143K(341376K), 0.0350118 secs] 114988K->15143K(494976K), [Metaspace: 20727K->20727K(1067008K)], 0.0350748 secs] [Times: user=0.02 sys=0.01, real=0.03 secs] 
07:42:36.107 [Curator-PathChildrenCache-1] WARN  o.a.c.u.ZKPaths  - The version of ZooKeeper being used doesn't support Container nodes. CreateMode.PERSISTENT will be used instead.
2019-06-11T07:42:38.340+0000: 15.740: [GC (Allocation Failure) 2019-06-11T07:42:38.340+0000: 15.740: [DefNew: 136576K->17023K(153600K), 0.0251118 secs] 151719K->52714K(494976K), 0.0251935 secs] [Times: user=0.02 sys=0.01, real=0.03 secs] 
2019-06-11T07:42:41.983+0000: 19.384: [Full GC (Metadata GC Threshold) 2019-06-11T07:42:41.983+0000: 19.384: [Tenured: 35690K->44340K(341376K), 0.0788655 secs] 126435K->44340K(494976K), [Metaspace: 34596K->34596K(1079296K)], 0.0789482 secs] [Times: user=0.07 sys=0.01, real=0.08 secs] 
2019-06-11T07:42:48.718+0000: 26.119: [GC (Allocation Failure) 2019-06-11T07:42:48.718+0000: 26.119: [DefNew: 136576K->53K(153600K), 0.0017880 secs] 180916K->44393K(494976K), 0.0018557 secs] [Times: user=0.00 sys=0.00, real=0.00 secs] 
2019-06-11T07:42:55.551+0000: 32.952: [GC (Allocation Failure) 2019-06-11T07:42:55.551+0000: 32.952: [DefNew: 136629K->56K(153600K), 0.0015979 secs] 180969K->44396K(494976K), 0.0016539 secs] [Times: user=0.00 sys=0.00, real=0.00 secs] 
2019-06-11T07:43:02.411+0000: 39.811: [GC (Allocation Failure) 2019-06-11T07:43:02.411+0000: 39.811: [DefNew: 136632K->53K(153600K), 0.0016529 secs] 180972K->44393K(494976K), 0.0017139 secs] [Times: user=0.00 sys=0.00, real=0.00 secs] 
2019-06-11T07:43:09.252+0000: 46.653: [GC (Allocation Failure) 2019-06-11T07:43:09.252+0000: 46.653: [DefNew: 136629K->51K(153600K), 0.0016721 secs] 180969K->44392K(494976K), 0.0017326 secs] [Times: user=0.00 sys=0.00, real=0.00 secs] 
2019-06-11T07:43:19.700+0000: 57.100: [GC (Allocation Failure) 2019-06-11T07:43:19.700+0000: 57.100: [DefNew: 136627K->53K(153600K), 0.0016940 secs] 180968K->44394K(494976K), 0.0017577 secs] [Times: user=0.00 sys=0.00, real=0.00 secs] 
07:43:24.293 [Curator-PathChildrenCache-0] ERROR o.a.c.f.r.c.PathChildrenCache  - 
java.lang.IllegalStateException: instance must be started before calling this method
	at org.apache.curator.shaded.com.google.common.base.Preconditions.checkState(Preconditions.java:444)
	at org.apache.curator.framework.imps.CuratorFrameworkImpl.getChildren(CuratorFrameworkImpl.java:456)
	at org.apache.curator.framework.recipes.cache.PathChildrenCache.refresh(PathChildrenCache.java:521)
	at org.apache.curator.framework.recipes.cache.RefreshOperation.invoke(RefreshOperation.java:35)
	at org.apache.curator.framework.recipes.cache.PathChildrenCache$9.run(PathChildrenCache.java:786)
	at java.util.concurrent.Executors$RunnableAdapter.call(Executors.java:511)
	at java.util.concurrent.FutureTask.run(FutureTask.java:266)
	at java.util.concurrent.Executors$RunnableAdapter.call(Executors.java:511)
	at java.util.concurrent.FutureTask.run(FutureTask.java:266)
	at java.util.concurrent.ThreadPoolExecutor.runWorker(ThreadPoolExecutor.java:1149)
	at java.util.concurrent.ThreadPoolExecutor$Worker.run(ThreadPoolExecutor.java:624)
	at java.lang.Thread.run(Thread.java:748)
Heap
 def new generation   total 153600K, used 39071K [0x00000000e0c00000, 0x00000000eb2a0000, 0x00000000eb2a0000)
  eden space 136576K,  28% used [0x00000000e0c00000, 0x00000000e321a5c8, 0x00000000e9160000)
  from space 17024K,   0% used [0x00000000e9160000, 0x00000000e916d7e8, 0x00000000ea200000)
  to   space 17024K,   0% used [0x00000000ea200000, 0x00000000ea200000, 0x00000000eb2a0000)
 tenured generation   total 341376K, used 44340K [0x00000000eb2a0000, 0x0000000100000000, 0x0000000100000000)
   the space 341376K,  12% used [0x00000000eb2a0000, 0x00000000edded158, 0x00000000edded200, 0x0000000100000000)
 Metaspace       used 35959K, capacity 36864K, committed 37120K, reserved 1081344K
  class space    used 4863K, capacity 5074K, committed 5120K, reserved 1048576K
