17:29:41,125 |-INFO in ch.qos.logback.classic.LoggerContext[default] - Could NOT find resource [logback-test.xml]
17:29:41,125 |-INFO in ch.qos.logback.classic.LoggerContext[default] - Could NOT find resource [logback.groovy]
17:29:41,125 |-INFO in ch.qos.logback.classic.LoggerContext[default] - Found resource [logback.xml] at [jar:file:/root/flamestream/lib/flamestream-runtime-1.0-SNAPSHOT.jar!/logback.xml]
17:29:41,126 |-WARN in ch.qos.logback.classic.LoggerContext[default] - Resource [logback.xml] occurs multiple times on the classpath.
17:29:41,126 |-WARN in ch.qos.logback.classic.LoggerContext[default] - Resource [logback.xml] occurs at [jar:file:/root/flamestream/lib/flamestream-runtime-1.0-SNAPSHOT.jar!/logback.xml]
17:29:41,126 |-WARN in ch.qos.logback.classic.LoggerContext[default] - Resource [logback.xml] occurs at [jar:file:/root/flamestream/flamestream-runtime-1.0-SNAPSHOT.jar!/logback.xml]
17:29:41,145 |-INFO in ch.qos.logback.core.joran.spi.ConfigurationWatchList@3fb6a447 - URL [jar:file:/root/flamestream/lib/flamestream-runtime-1.0-SNAPSHOT.jar!/logback.xml] is not of type file
17:29:41,210 |-INFO in ch.qos.logback.classic.joran.action.ConfigurationAction - debug attribute not set
17:29:41,211 |-INFO in ch.qos.logback.core.joran.action.AppenderAction - About to instantiate appender of type [ch.qos.logback.core.ConsoleAppender]
17:29:41,227 |-INFO in ch.qos.logback.core.joran.action.AppenderAction - Naming appender as [STDOUT]
17:29:41,247 |-INFO in ch.qos.logback.core.joran.action.NestedComplexPropertyIA - Assuming default type [ch.qos.logback.classic.encoder.PatternLayoutEncoder] for [encoder] property
17:29:41,332 |-INFO in ch.qos.logback.core.joran.action.AppenderAction - About to instantiate appender of type [ch.qos.logback.core.rolling.RollingFileAppender]
17:29:41,340 |-INFO in ch.qos.logback.core.joran.action.AppenderAction - Naming appender as [FILE]
17:29:41,370 |-INFO in c.q.l.core.rolling.TimeBasedRollingPolicy@127618319 - No compression will be used
17:29:41,371 |-INFO in c.q.l.core.rolling.TimeBasedRollingPolicy@127618319 - Will use the pattern /tmp/application_%d{yyyy-MM-dd}.%i.log for the active file
17:29:41,374 |-INFO in ch.qos.logback.core.rolling.SizeAndTimeBasedFNATP@6b2fad11 - The date pattern is 'yyyy-MM-dd' from file name pattern '/tmp/application_%d{yyyy-MM-dd}.%i.log'.
17:29:41,374 |-INFO in ch.qos.logback.core.rolling.SizeAndTimeBasedFNATP@6b2fad11 - Roll-over at midnight.
17:29:41,379 |-INFO in ch.qos.logback.core.rolling.SizeAndTimeBasedFNATP@6b2fad11 - Setting initial period to Mon Jun 10 17:28:13 UTC 2019
17:29:41,379 |-WARN in ch.qos.logback.core.rolling.SizeAndTimeBasedFNATP@6b2fad11 - SizeAndTimeBasedFNATP is deprecated. Use SizeAndTimeBasedRollingPolicy instead
17:29:41,379 |-WARN in ch.qos.logback.core.rolling.SizeAndTimeBasedFNATP@6b2fad11 - For more information see http://logback.qos.ch/manual/appenders.html#SizeAndTimeBasedRollingPolicy
17:29:41,383 |-INFO in ch.qos.logback.core.joran.action.NestedComplexPropertyIA - Assuming default type [ch.qos.logback.classic.encoder.PatternLayoutEncoder] for [encoder] property
17:29:41,388 |-INFO in ch.qos.logback.core.rolling.RollingFileAppender[FILE] - Active log file name: /tmp/application.log
17:29:41,388 |-INFO in ch.qos.logback.core.rolling.RollingFileAppender[FILE] - File property is set to [/tmp/application.log]
17:29:41,389 |-INFO in ch.qos.logback.classic.joran.action.RootLoggerAction - Setting level of ROOT logger to WARN
17:29:41,389 |-INFO in ch.qos.logback.core.joran.action.AppenderRefAction - Attaching appender named [STDOUT] to Logger[ROOT]
17:29:41,391 |-INFO in ch.qos.logback.core.joran.action.AppenderRefAction - Attaching appender named [FILE] to Logger[ROOT]
17:29:41,391 |-INFO in ch.qos.logback.classic.joran.action.ConfigurationAction - End of configuration.
17:29:41,391 |-INFO in ch.qos.logback.classic.joran.JoranConfigurator@79698539 - Registering current configuration as safe fallback point

Ama winner
Ama winner
2019-06-10T17:29:42.740+0000: 1.804: [Full GC (Metadata GC Threshold) 2019-06-10T17:29:42.740+0000: 1.804: [Tenured: 0K->15177K(341376K), 0.0394849 secs] 114923K->15177K(494976K), [Metaspace: 20732K->20732K(1067008K)], 0.0395508 secs] [Times: user=0.04 sys=0.00, real=0.04 secs] 
17:30:05.329 [Curator-PathChildrenCache-1] WARN  o.a.c.u.ZKPaths  - The version of ZooKeeper being used doesn't support Container nodes. CreateMode.PERSISTENT will be used instead.
2019-06-10T17:30:07.438+0000: 26.502: [GC (Allocation Failure) 2019-06-10T17:30:07.438+0000: 26.502: [DefNew: 136576K->17023K(153600K), 0.0261965 secs] 151753K->52455K(494976K), 0.0262679 secs] [Times: user=0.03 sys=0.01, real=0.02 secs] 
2019-06-10T17:30:10.058+0000: 29.122: [Full GC (Metadata GC Threshold) 2019-06-10T17:30:10.058+0000: 29.122: [Tenured: 35431K->43935K(341376K), 0.0442529 secs] 107211K->43935K(494976K), [Metaspace: 34585K->34585K(1079296K)], 0.0443300 secs] [Times: user=0.04 sys=0.01, real=0.04 secs] 
2019-06-10T17:30:16.431+0000: 35.494: [GC (Allocation Failure) 2019-06-10T17:30:16.431+0000: 35.494: [DefNew: 136576K->56K(153600K), 0.0018252 secs] 180511K->43991K(494976K), 0.0018895 secs] [Times: user=0.00 sys=0.00, real=0.00 secs] 
2019-06-10T17:30:22.720+0000: 41.784: [GC (Allocation Failure) 2019-06-10T17:30:22.720+0000: 41.784: [DefNew: 136632K->54K(153600K), 0.0017335 secs] 180567K->43989K(494976K), 0.0017941 secs] [Times: user=0.00 sys=0.00, real=0.00 secs] 
2019-06-10T17:30:29.058+0000: 48.122: [GC (Allocation Failure) 2019-06-10T17:30:29.058+0000: 48.122: [DefNew: 136630K->57K(153600K), 0.0016773 secs] 180565K->43993K(494976K), 0.0017376 secs] [Times: user=0.00 sys=0.00, real=0.00 secs] 
2019-06-10T17:30:35.439+0000: 54.502: [GC (Allocation Failure) 2019-06-10T17:30:35.439+0000: 54.502: [DefNew: 136633K->54K(153600K), 0.0017339 secs] 180569K->43990K(494976K), 0.0017953 secs] [Times: user=0.00 sys=0.00, real=0.00 secs] 
2019-06-10T17:30:48.947+0000: 68.010: [GC (Allocation Failure) 2019-06-10T17:30:48.947+0000: 68.010: [DefNew: 136630K->390K(153600K), 0.0021750 secs] 180566K->44325K(494976K), 0.0022368 secs] [Times: user=0.00 sys=0.00, real=0.01 secs] 
17:30:50.094 [Curator-PathChildrenCache-0] ERROR o.a.c.f.r.c.PathChildrenCache  - 
java.lang.IllegalStateException: instance must be started before calling this method
	at org.apache.curator.shaded.com.google.common.base.Preconditions.checkState(Preconditions.java:444)
	at org.apache.curator.framework.imps.CuratorFrameworkImpl.getChildren(CuratorFrameworkImpl.java:456)
	at org.apache.curator.framework.recipes.cache.PathChildrenCache.refresh(PathChildrenCache.java:521)
	at org.apache.curator.framework.recipes.cache.RefreshOperation.invoke(RefreshOperation.java:35)
	at org.apache.curator.framework.recipes.cache.PathChildrenCache$9.run(PathChildrenCache.java:786)
	at java.util.concurrent.Executors$RunnableAdapter.call(Executors.java:511)
	at java.util.concurrent.FutureTask.run(FutureTask.java:266)
	at java.util.concurrent.Executors$RunnableAdapter.call(Executors.java:511)
	at java.util.concurrent.FutureTask.run(FutureTask.java:266)
	at java.util.concurrent.ThreadPoolExecutor.runWorker(ThreadPoolExecutor.java:1149)
	at java.util.concurrent.ThreadPoolExecutor$Worker.run(ThreadPoolExecutor.java:624)
	at java.lang.Thread.run(Thread.java:748)
Heap
 def new generation   total 153600K, used 21166K [0x00000000e0c00000, 0x00000000eb2a0000, 0x00000000eb2a0000)
  eden space 136576K,  15% used [0x00000000e0c00000, 0x00000000e2049f50, 0x00000000e9160000)
  from space 17024K,   2% used [0x00000000e9160000, 0x00000000e91c19d0, 0x00000000ea200000)
  to   space 17024K,   0% used [0x00000000ea200000, 0x00000000ea200000, 0x00000000eb2a0000)
 tenured generation   total 341376K, used 43935K [0x00000000eb2a0000, 0x0000000100000000, 0x0000000100000000)
   the space 341376K,  12% used [0x00000000eb2a0000, 0x00000000edd87e28, 0x00000000edd88000, 0x0000000100000000)
 Metaspace       used 36044K, capacity 36922K, committed 37120K, reserved 1081344K
  class space    used 4859K, capacity 5073K, committed 5120K, reserved 1048576K
