00:28:56,943 |-INFO in ch.qos.logback.classic.LoggerContext[default] - Could NOT find resource [logback-test.xml]
00:28:56,943 |-INFO in ch.qos.logback.classic.LoggerContext[default] - Could NOT find resource [logback.groovy]
00:28:56,943 |-INFO in ch.qos.logback.classic.LoggerContext[default] - Found resource [logback.xml] at [jar:file:/home/nikitasokolov/flamestream/lib/flamestream-runtime-1.0-SNAPSHOT.jar!/logback.xml]
00:28:56,944 |-WARN in ch.qos.logback.classic.LoggerContext[default] - Resource [logback.xml] occurs multiple times on the classpath.
00:28:56,944 |-WARN in ch.qos.logback.classic.LoggerContext[default] - Resource [logback.xml] occurs at [jar:file:/home/nikitasokolov/flamestream/lib/flamestream-runtime-1.0-SNAPSHOT.jar!/logback.xml]
00:28:56,944 |-WARN in ch.qos.logback.classic.LoggerContext[default] - Resource [logback.xml] occurs at [jar:file:/home/nikitasokolov/flamestream/flamestream-runtime-1.0-SNAPSHOT.jar!/logback.xml]
00:28:56,959 |-INFO in ch.qos.logback.core.joran.spi.ConfigurationWatchList@6108b2d7 - URL [jar:file:/home/nikitasokolov/flamestream/lib/flamestream-runtime-1.0-SNAPSHOT.jar!/logback.xml] is not of type file
00:28:57,009 |-INFO in ch.qos.logback.classic.joran.action.ConfigurationAction - debug attribute not set
00:28:57,010 |-INFO in ch.qos.logback.core.joran.action.AppenderAction - About to instantiate appender of type [ch.qos.logback.core.ConsoleAppender]
00:28:57,018 |-INFO in ch.qos.logback.core.joran.action.AppenderAction - Naming appender as [STDOUT]
00:28:57,025 |-INFO in ch.qos.logback.core.joran.action.NestedComplexPropertyIA - Assuming default type [ch.qos.logback.classic.encoder.PatternLayoutEncoder] for [encoder] property
00:28:57,080 |-INFO in ch.qos.logback.core.joran.action.AppenderAction - About to instantiate appender of type [ch.qos.logback.core.rolling.RollingFileAppender]
00:28:57,086 |-INFO in ch.qos.logback.core.joran.action.AppenderAction - Naming appender as [FILE]
00:28:57,107 |-INFO in c.q.l.core.rolling.TimeBasedRollingPolicy@357863579 - No compression will be used
00:28:57,109 |-INFO in c.q.l.core.rolling.TimeBasedRollingPolicy@357863579 - Will use the pattern /tmp/application_%d{yyyy-MM-dd}.%i.log for the active file
00:28:57,111 |-INFO in ch.qos.logback.core.rolling.SizeAndTimeBasedFNATP@6bf256fa - The date pattern is 'yyyy-MM-dd' from file name pattern '/tmp/application_%d{yyyy-MM-dd}.%i.log'.
00:28:57,112 |-INFO in ch.qos.logback.core.rolling.SizeAndTimeBasedFNATP@6bf256fa - Roll-over at midnight.
00:28:57,115 |-INFO in ch.qos.logback.core.rolling.SizeAndTimeBasedFNATP@6bf256fa - Setting initial period to Sun Jun 09 00:28:17 MSK 2019
00:28:57,115 |-WARN in ch.qos.logback.core.rolling.SizeAndTimeBasedFNATP@6bf256fa - SizeAndTimeBasedFNATP is deprecated. Use SizeAndTimeBasedRollingPolicy instead
00:28:57,115 |-WARN in ch.qos.logback.core.rolling.SizeAndTimeBasedFNATP@6bf256fa - For more information see http://logback.qos.ch/manual/appenders.html#SizeAndTimeBasedRollingPolicy
00:28:57,120 |-INFO in ch.qos.logback.core.joran.action.NestedComplexPropertyIA - Assuming default type [ch.qos.logback.classic.encoder.PatternLayoutEncoder] for [encoder] property
00:28:57,122 |-INFO in ch.qos.logback.core.rolling.RollingFileAppender[FILE] - Active log file name: /tmp/application.log
00:28:57,122 |-INFO in ch.qos.logback.core.rolling.RollingFileAppender[FILE] - File property is set to [/tmp/application.log]
00:28:57,123 |-INFO in ch.qos.logback.classic.joran.action.RootLoggerAction - Setting level of ROOT logger to WARN
00:28:57,124 |-INFO in ch.qos.logback.core.joran.action.AppenderRefAction - Attaching appender named [STDOUT] to Logger[ROOT]
00:28:57,124 |-INFO in ch.qos.logback.core.joran.action.AppenderRefAction - Attaching appender named [FILE] to Logger[ROOT]
00:28:57,124 |-INFO in ch.qos.logback.classic.joran.action.ConfigurationAction - End of configuration.
00:28:57,125 |-INFO in ch.qos.logback.classic.joran.JoranConfigurator@6cd8737 - Registering current configuration as safe fallback point

2019-06-09T00:28:58.107+0300: 1.362: [GC (Metadata GC Threshold) [PSYoungGen: 108151K->15820K(149504K)] 108151K->15901K(491008K), 0.0216179 secs] [Times: user=0.11 sys=0.03, real=0.02 secs] 
2019-06-09T00:28:58.129+0300: 1.383: [Full GC (Metadata GC Threshold) [PSYoungGen: 15820K->0K(149504K)] [ParOldGen: 80K->14981K(341504K)] 15901K->14981K(491008K), [Metaspace: 20805K->20805K(1067008K)], 0.0294322 secs] [Times: user=0.18 sys=0.02, real=0.04 secs] 
00:29:05.362 [Curator-PathChildrenCache-2] WARN  o.a.c.u.ZKPaths  - The version of ZooKeeper being used doesn't support Container nodes. CreateMode.PERSISTENT will be used instead.
2019-06-09T00:29:06.116+0300: 9.370: [GC (Metadata GC Threshold) [PSYoungGen: 128056K->16700K(149504K)] 143038K->51221K(491008K), 0.0266465 secs] [Times: user=0.20 sys=0.02, real=0.03 secs] 
2019-06-09T00:29:06.142+0300: 9.397: [Full GC (Metadata GC Threshold) [PSYoungGen: 16700K->0K(149504K)] [ParOldGen: 34521K->39621K(341504K)] 51221K->39621K(491008K), [Metaspace: 34489K->34489K(1079296K)], 0.0430053 secs] [Times: user=0.25 sys=0.01, real=0.04 secs] 
2019-06-09T00:29:08.087+0300: 11.342: [GC (Allocation Failure) [PSYoungGen: 128512K->640K(149504K)] 168133K->40261K(491008K), 0.0034766 secs] [Times: user=0.02 sys=0.00, real=0.01 secs] 
2019-06-09T00:29:10.121+0300: 13.376: [GC (Allocation Failure) [PSYoungGen: 129152K->640K(149504K)] 168773K->40269K(491008K), 0.0034084 secs] [Times: user=0.01 sys=0.01, real=0.00 secs] 
2019-06-09T00:29:11.526+0300: 14.780: [GC (Allocation Failure) [PSYoungGen: 129152K->896K(129536K)] 168781K->40534K(471040K), 0.0038341 secs] [Times: user=0.02 sys=0.00, real=0.01 secs] 
2019-06-09T00:29:13.028+0300: 16.283: [GC (Allocation Failure) [PSYoungGen: 129408K->896K(149504K)] 169046K->40534K(491008K), 0.0038062 secs] [Times: user=0.02 sys=0.00, real=0.01 secs] 
2019-06-09T00:29:14.603+0300: 17.858: [GC (Allocation Failure) [PSYoungGen: 128384K->800K(148480K)] 168022K->40438K(489984K), 0.0036423 secs] [Times: user=0.01 sys=0.01, real=0.00 secs] 
2019-06-09T00:29:15.891+0300: 19.145: [GC (Allocation Failure) [PSYoungGen: 128288K->896K(151040K)] 167926K->40542K(492544K), 0.0033874 secs] [Times: user=0.01 sys=0.00, real=0.00 secs] 
2019-06-09T00:29:17.018+0300: 20.273: [GC (Allocation Failure) [PSYoungGen: 131456K->928K(150016K)] 171102K->40574K(491520K), 0.0026352 secs] [Times: user=0.01 sys=0.00, real=0.00 secs] 
2019-06-09T00:29:18.044+0300: 21.299: [GC (Allocation Failure) [PSYoungGen: 131488K->960K(153088K)] 171134K->40614K(494592K), 0.0036251 secs] [Times: user=0.03 sys=0.00, real=0.00 secs] 
2019-06-09T00:29:19.361+0300: 22.616: [GC (Allocation Failure) [PSYoungGen: 135616K->960K(152064K)] 175270K->40622K(493568K), 0.0039118 secs] [Times: user=0.02 sys=0.01, real=0.00 secs] 
2019-06-09T00:29:20.390+0300: 23.645: [GC (Allocation Failure) [PSYoungGen: 135616K->1184K(154624K)] 175278K->40854K(496128K), 0.0030496 secs] [Times: user=0.01 sys=0.00, real=0.00 secs] 
2019-06-09T00:29:21.776+0300: 25.031: [GC (Allocation Failure) [PSYoungGen: 138912K->1024K(153600K)] 178582K->40694K(495104K), 0.0037532 secs] [Times: user=0.02 sys=0.00, real=0.01 secs] 
2019-06-09T00:29:22.930+0300: 26.185: [GC (Allocation Failure) [PSYoungGen: 138752K->1056K(156160K)] 178422K->40726K(497664K), 0.0031025 secs] [Times: user=0.02 sys=0.01, real=0.00 secs] 
2019-06-09T00:29:24.409+0300: 27.664: [GC (Allocation Failure) [PSYoungGen: 141856K->960K(155136K)] 181526K->40638K(496640K), 0.0036571 secs] [Times: user=0.01 sys=0.00, real=0.01 secs] 
2019-06-09T00:29:25.534+0300: 28.789: [GC (Allocation Failure) [PSYoungGen: 141760K->864K(157696K)] 181438K->40550K(499200K), 0.0031013 secs] [Times: user=0.01 sys=0.00, real=0.00 secs] 
2019-06-09T00:29:26.612+0300: 29.866: [GC (Allocation Failure) [PSYoungGen: 145248K->864K(157184K)] 184934K->40558K(498688K), 0.0033654 secs] [Times: user=0.02 sys=0.00, real=0.00 secs] 
2019-06-09T00:29:28.143+0300: 31.397: [GC (Allocation Failure) [PSYoungGen: 145248K->736K(159232K)] 184942K->40750K(500736K), 0.0035573 secs] [Times: user=0.01 sys=0.00, real=0.00 secs] 
2019-06-09T00:29:30.395+0300: 33.650: [GC (Allocation Failure) [PSYoungGen: 147680K->608K(158208K)] 187694K->40686K(499712K), 0.0023439 secs] [Times: user=0.01 sys=0.00, real=0.01 secs] 
00:29:37.803 [Curator-PathChildrenCache-0] ERROR o.a.c.f.r.c.PathChildrenCache  - 
java.lang.IllegalStateException: instance must be started before calling this method
	at org.apache.curator.shaded.com.google.common.base.Preconditions.checkState(Preconditions.java:444)
	at org.apache.curator.framework.imps.CuratorFrameworkImpl.getChildren(CuratorFrameworkImpl.java:456)
	at org.apache.curator.framework.recipes.cache.PathChildrenCache.refresh(PathChildrenCache.java:521)
	at org.apache.curator.framework.recipes.cache.RefreshOperation.invoke(RefreshOperation.java:35)
	at org.apache.curator.framework.recipes.cache.PathChildrenCache$9.run(PathChildrenCache.java:786)
	at java.util.concurrent.Executors$RunnableAdapter.call(Executors.java:511)
	at java.util.concurrent.FutureTask.run(FutureTask.java:266)
	at java.util.concurrent.Executors$RunnableAdapter.call(Executors.java:511)
	at java.util.concurrent.FutureTask.run(FutureTask.java:266)
	at java.util.concurrent.ThreadPoolExecutor.runWorker(ThreadPoolExecutor.java:1149)
	at java.util.concurrent.ThreadPoolExecutor$Worker.run(ThreadPoolExecutor.java:624)
	at java.lang.Thread.run(Thread.java:748)
Heap
 PSYoungGen      total 158208K, used 93095K [0x00000000f5980000, 0x0000000100000000, 0x0000000100000000)
  eden space 146944K, 62% used [0x00000000f5980000,0x00000000fb3d1d30,0x00000000fe900000)
  from space 11264K, 5% used [0x00000000fe900000,0x00000000fe998080,0x00000000ff400000)
  to   space 10752K, 0% used [0x00000000ff580000,0x00000000ff580000,0x0000000100000000)
 ParOldGen       total 341504K, used 40077K [0x00000000e0c00000, 0x00000000f5980000, 0x00000000f5980000)
  object space 341504K, 11% used [0x00000000e0c00000,0x00000000e33237a0,0x00000000f5980000)
 Metaspace       used 36000K, capacity 36930K, committed 37208K, reserved 1081344K
  class space    used 4973K, capacity 5187K, committed 5248K, reserved 1048576K
