20:10:09,644 |-INFO in ch.qos.logback.classic.LoggerContext[default] - Could NOT find resource [logback-test.xml]
20:10:09,644 |-INFO in ch.qos.logback.classic.LoggerContext[default] - Could NOT find resource [logback.groovy]
20:10:09,645 |-INFO in ch.qos.logback.classic.LoggerContext[default] - Found resource [logback.xml] at [jar:file:/root/flamestream/lib/flamestream-runtime-1.0-SNAPSHOT.jar!/logback.xml]
20:10:09,646 |-WARN in ch.qos.logback.classic.LoggerContext[default] - Resource [logback.xml] occurs multiple times on the classpath.
20:10:09,646 |-WARN in ch.qos.logback.classic.LoggerContext[default] - Resource [logback.xml] occurs at [jar:file:/root/flamestream/lib/flamestream-runtime-1.0-SNAPSHOT.jar!/logback.xml]
20:10:09,646 |-WARN in ch.qos.logback.classic.LoggerContext[default] - Resource [logback.xml] occurs at [jar:file:/root/flamestream/flamestream-runtime-1.0-SNAPSHOT.jar!/logback.xml]
20:10:09,666 |-INFO in ch.qos.logback.core.joran.spi.ConfigurationWatchList@3fb6a447 - URL [jar:file:/root/flamestream/lib/flamestream-runtime-1.0-SNAPSHOT.jar!/logback.xml] is not of type file
20:10:09,741 |-INFO in ch.qos.logback.classic.joran.action.ConfigurationAction - debug attribute not set
20:10:09,742 |-INFO in ch.qos.logback.core.joran.action.AppenderAction - About to instantiate appender of type [ch.qos.logback.core.ConsoleAppender]
20:10:09,756 |-INFO in ch.qos.logback.core.joran.action.AppenderAction - Naming appender as [STDOUT]
20:10:09,772 |-INFO in ch.qos.logback.core.joran.action.NestedComplexPropertyIA - Assuming default type [ch.qos.logback.classic.encoder.PatternLayoutEncoder] for [encoder] property
20:10:09,855 |-INFO in ch.qos.logback.core.joran.action.AppenderAction - About to instantiate appender of type [ch.qos.logback.core.rolling.RollingFileAppender]
20:10:09,860 |-INFO in ch.qos.logback.core.joran.action.AppenderAction - Naming appender as [FILE]
20:10:09,892 |-INFO in c.q.l.core.rolling.TimeBasedRollingPolicy@127618319 - No compression will be used
20:10:09,894 |-INFO in c.q.l.core.rolling.TimeBasedRollingPolicy@127618319 - Will use the pattern /tmp/application_%d{yyyy-MM-dd}.%i.log for the active file
20:10:09,897 |-INFO in ch.qos.logback.core.rolling.SizeAndTimeBasedFNATP@6b2fad11 - The date pattern is 'yyyy-MM-dd' from file name pattern '/tmp/application_%d{yyyy-MM-dd}.%i.log'.
20:10:09,897 |-INFO in ch.qos.logback.core.rolling.SizeAndTimeBasedFNATP@6b2fad11 - Roll-over at midnight.
20:10:09,902 |-INFO in ch.qos.logback.core.rolling.SizeAndTimeBasedFNATP@6b2fad11 - Setting initial period to Mon Jun 10 20:08:55 UTC 2019
20:10:09,902 |-WARN in ch.qos.logback.core.rolling.SizeAndTimeBasedFNATP@6b2fad11 - SizeAndTimeBasedFNATP is deprecated. Use SizeAndTimeBasedRollingPolicy instead
20:10:09,902 |-WARN in ch.qos.logback.core.rolling.SizeAndTimeBasedFNATP@6b2fad11 - For more information see http://logback.qos.ch/manual/appenders.html#SizeAndTimeBasedRollingPolicy
20:10:09,906 |-INFO in ch.qos.logback.core.joran.action.NestedComplexPropertyIA - Assuming default type [ch.qos.logback.classic.encoder.PatternLayoutEncoder] for [encoder] property
20:10:09,911 |-INFO in ch.qos.logback.core.rolling.RollingFileAppender[FILE] - Active log file name: /tmp/application.log
20:10:09,911 |-INFO in ch.qos.logback.core.rolling.RollingFileAppender[FILE] - File property is set to [/tmp/application.log]
20:10:09,911 |-INFO in ch.qos.logback.classic.joran.action.RootLoggerAction - Setting level of ROOT logger to WARN
20:10:09,912 |-INFO in ch.qos.logback.core.joran.action.AppenderRefAction - Attaching appender named [STDOUT] to Logger[ROOT]
20:10:09,913 |-INFO in ch.qos.logback.core.joran.action.AppenderRefAction - Attaching appender named [FILE] to Logger[ROOT]
20:10:09,914 |-INFO in ch.qos.logback.classic.joran.action.ConfigurationAction - End of configuration.
20:10:09,914 |-INFO in ch.qos.logback.classic.joran.JoranConfigurator@79698539 - Registering current configuration as safe fallback point

Ama winner
Ama winner
2019-06-10T20:10:11.234+0000: 1.778: [Full GC (Metadata GC Threshold) 2019-06-10T20:10:11.234+0000: 1.778: [Tenured: 0K->15208K(341376K), 0.0406247 secs] 114988K->15208K(494976K), [Metaspace: 20737K->20737K(1067008K)], 0.0406946 secs] [Times: user=0.04 sys=0.00, real=0.04 secs] 
20:10:28.899 [Curator-PathChildrenCache-1] WARN  o.a.c.u.ZKPaths  - The version of ZooKeeper being used doesn't support Container nodes. CreateMode.PERSISTENT will be used instead.
2019-06-10T20:10:31.025+0000: 21.568: [GC (Allocation Failure) 2019-06-10T20:10:31.025+0000: 21.568: [DefNew: 136576K->17023K(153600K), 0.0253762 secs] 151784K->52817K(494976K), 0.0254507 secs] [Times: user=0.01 sys=0.02, real=0.03 secs] 
2019-06-10T20:10:32.138+0000: 22.682: [Full GC (Metadata GC Threshold) 2019-06-10T20:10:32.138+0000: 22.682: [Tenured: 35793K->44454K(341376K), 0.0447728 secs] 77494K->44454K(494976K), [Metaspace: 34629K->34629K(1079296K)], 0.0448505 secs] [Times: user=0.04 sys=0.01, real=0.04 secs] 
2019-06-10T20:10:36.947+0000: 27.491: [GC (Allocation Failure) 2019-06-10T20:10:36.947+0000: 27.491: [DefNew: 136576K->73K(153600K), 0.0018551 secs] 181030K->44527K(494976K), 0.0019240 secs] [Times: user=0.00 sys=0.00, real=0.01 secs] 
2019-06-10T20:10:41.839+0000: 32.383: [GC (Allocation Failure) 2019-06-10T20:10:41.839+0000: 32.383: [DefNew: 136649K->75K(153600K), 0.0017821 secs] 181103K->44529K(494976K), 0.0018379 secs] [Times: user=0.00 sys=0.00, real=0.00 secs] 
2019-06-10T20:10:46.732+0000: 37.276: [GC (Allocation Failure) 2019-06-10T20:10:46.732+0000: 37.276: [DefNew: 136651K->76K(153600K), 0.0018055 secs] 181105K->44530K(494976K), 0.0018652 secs] [Times: user=0.01 sys=0.00, real=0.00 secs] 
2019-06-10T20:10:51.673+0000: 42.217: [GC (Allocation Failure) 2019-06-10T20:10:51.673+0000: 42.217: [DefNew: 136652K->77K(153600K), 0.0018037 secs] 181106K->44532K(494976K), 0.0018769 secs] [Times: user=0.00 sys=0.00, real=0.00 secs] 
2019-06-10T20:11:01.148+0000: 51.692: [GC (Allocation Failure) 2019-06-10T20:11:01.148+0000: 51.692: [DefNew: 136653K->78K(153600K), 0.0019832 secs] 181108K->44532K(494976K), 0.0020461 secs] [Times: user=0.00 sys=0.00, real=0.01 secs] 
20:11:06.124 [Curator-PathChildrenCache-0] ERROR o.a.c.f.r.c.PathChildrenCache  - 
java.lang.IllegalStateException: instance must be started before calling this method
	at org.apache.curator.shaded.com.google.common.base.Preconditions.checkState(Preconditions.java:444)
	at org.apache.curator.framework.imps.CuratorFrameworkImpl.getChildren(CuratorFrameworkImpl.java:456)
	at org.apache.curator.framework.recipes.cache.PathChildrenCache.refresh(PathChildrenCache.java:521)
	at org.apache.curator.framework.recipes.cache.RefreshOperation.invoke(RefreshOperation.java:35)
	at org.apache.curator.framework.recipes.cache.PathChildrenCache$9.run(PathChildrenCache.java:786)
	at java.util.concurrent.Executors$RunnableAdapter.call(Executors.java:511)
	at java.util.concurrent.FutureTask.run(FutureTask.java:266)
	at java.util.concurrent.Executors$RunnableAdapter.call(Executors.java:511)
	at java.util.concurrent.FutureTask.run(FutureTask.java:266)
	at java.util.concurrent.ThreadPoolExecutor.runWorker(ThreadPoolExecutor.java:1149)
	at java.util.concurrent.ThreadPoolExecutor$Worker.run(ThreadPoolExecutor.java:624)
	at java.lang.Thread.run(Thread.java:748)
Heap
 def new generation   total 153600K, used 52330K [0x00000000e0c00000, 0x00000000eb2a0000, 0x00000000eb2a0000)
  eden space 136576K,  38% used [0x00000000e0c00000, 0x00000000e3f06fd0, 0x00000000e9160000)
  from space 17024K,   0% used [0x00000000e9160000, 0x00000000e91738f8, 0x00000000ea200000)
  to   space 17024K,   0% used [0x00000000ea200000, 0x00000000ea200000, 0x00000000eb2a0000)
 tenured generation   total 341376K, used 44454K [0x00000000eb2a0000, 0x0000000100000000, 0x0000000100000000)
   the space 341376K,  13% used [0x00000000eb2a0000, 0x00000000ede09968, 0x00000000ede09a00, 0x0000000100000000)
 Metaspace       used 36002K, capacity 36876K, committed 37120K, reserved 1081344K
  class space    used 4844K, capacity 5050K, committed 5120K, reserved 1048576K
