13:51:22,078 |-INFO in ch.qos.logback.classic.LoggerContext[default] - Could NOT find resource [logback-test.xml]
13:51:22,078 |-INFO in ch.qos.logback.classic.LoggerContext[default] - Could NOT find resource [logback.groovy]
13:51:22,078 |-INFO in ch.qos.logback.classic.LoggerContext[default] - Found resource [logback.xml] at [jar:file:/home/nikitasokolov/flamestream/lib/flamestream-runtime-1.0-SNAPSHOT.jar!/logback.xml]
13:51:22,079 |-WARN in ch.qos.logback.classic.LoggerContext[default] - Resource [logback.xml] occurs multiple times on the classpath.
13:51:22,079 |-WARN in ch.qos.logback.classic.LoggerContext[default] - Resource [logback.xml] occurs at [jar:file:/home/nikitasokolov/flamestream/lib/flamestream-runtime-1.0-SNAPSHOT.jar!/logback.xml]
13:51:22,079 |-WARN in ch.qos.logback.classic.LoggerContext[default] - Resource [logback.xml] occurs at [jar:file:/home/nikitasokolov/flamestream/flamestream-runtime-1.0-SNAPSHOT.jar!/logback.xml]
13:51:22,095 |-INFO in ch.qos.logback.core.joran.spi.ConfigurationWatchList@2f7a2457 - URL [jar:file:/home/nikitasokolov/flamestream/lib/flamestream-runtime-1.0-SNAPSHOT.jar!/logback.xml] is not of type file
13:51:22,147 |-INFO in ch.qos.logback.classic.joran.action.ConfigurationAction - debug attribute not set
13:51:22,147 |-INFO in ch.qos.logback.core.joran.action.AppenderAction - About to instantiate appender of type [ch.qos.logback.core.ConsoleAppender]
13:51:22,155 |-INFO in ch.qos.logback.core.joran.action.AppenderAction - Naming appender as [STDOUT]
13:51:22,162 |-INFO in ch.qos.logback.core.joran.action.NestedComplexPropertyIA - Assuming default type [ch.qos.logback.classic.encoder.PatternLayoutEncoder] for [encoder] property
13:51:22,233 |-INFO in ch.qos.logback.core.joran.action.AppenderAction - About to instantiate appender of type [ch.qos.logback.core.rolling.RollingFileAppender]
13:51:22,238 |-INFO in ch.qos.logback.core.joran.action.AppenderAction - Naming appender as [FILE]
13:51:22,260 |-INFO in c.q.l.core.rolling.TimeBasedRollingPolicy@1449621165 - No compression will be used
13:51:22,261 |-INFO in c.q.l.core.rolling.TimeBasedRollingPolicy@1449621165 - Will use the pattern /tmp/application_%d{yyyy-MM-dd}.%i.log for the active file
13:51:22,264 |-INFO in ch.qos.logback.core.rolling.SizeAndTimeBasedFNATP@6108b2d7 - The date pattern is 'yyyy-MM-dd' from file name pattern '/tmp/application_%d{yyyy-MM-dd}.%i.log'.
13:51:22,264 |-INFO in ch.qos.logback.core.rolling.SizeAndTimeBasedFNATP@6108b2d7 - Roll-over at midnight.
13:51:22,268 |-INFO in ch.qos.logback.core.rolling.SizeAndTimeBasedFNATP@6108b2d7 - Setting initial period to Thu May 30 13:50:23 MSK 2019
13:51:22,268 |-WARN in ch.qos.logback.core.rolling.SizeAndTimeBasedFNATP@6108b2d7 - SizeAndTimeBasedFNATP is deprecated. Use SizeAndTimeBasedRollingPolicy instead
13:51:22,268 |-WARN in ch.qos.logback.core.rolling.SizeAndTimeBasedFNATP@6108b2d7 - For more information see http://logback.qos.ch/manual/appenders.html#SizeAndTimeBasedRollingPolicy
13:51:22,272 |-INFO in ch.qos.logback.core.joran.action.NestedComplexPropertyIA - Assuming default type [ch.qos.logback.classic.encoder.PatternLayoutEncoder] for [encoder] property
13:51:22,274 |-INFO in ch.qos.logback.core.rolling.RollingFileAppender[FILE] - Active log file name: /tmp/application.log
13:51:22,275 |-INFO in ch.qos.logback.core.rolling.RollingFileAppender[FILE] - File property is set to [/tmp/application.log]
13:51:22,276 |-INFO in ch.qos.logback.classic.joran.action.RootLoggerAction - Setting level of ROOT logger to WARN
13:51:22,276 |-INFO in ch.qos.logback.core.joran.action.AppenderRefAction - Attaching appender named [STDOUT] to Logger[ROOT]
13:51:22,276 |-INFO in ch.qos.logback.core.joran.action.AppenderRefAction - Attaching appender named [FILE] to Logger[ROOT]
13:51:22,276 |-INFO in ch.qos.logback.classic.joran.action.ConfigurationAction - End of configuration.
13:51:22,277 |-INFO in ch.qos.logback.classic.joran.JoranConfigurator@1554909b - Registering current configuration as safe fallback point

2019-05-30T13:51:23.261+0300: 1.377: [GC (Metadata GC Threshold) [PSYoungGen: 100405K->15868K(149504K)] 100405K->15948K(491008K), 0.0204578 secs] [Times: user=0.08 sys=0.04, real=0.02 secs] 
2019-05-30T13:51:23.281+0300: 1.397: [Full GC (Metadata GC Threshold) [PSYoungGen: 15868K->0K(149504K)] [ParOldGen: 80K->15048K(341504K)] 15948K->15048K(491008K), [Metaspace: 20803K->20803K(1067008K)], 0.0250094 secs] [Times: user=0.14 sys=0.02, real=0.03 secs] 
13:51:35.739 [Curator-PathChildrenCache-2] WARN  o.a.c.u.ZKPaths  - The version of ZooKeeper being used doesn't support Container nodes. CreateMode.PERSISTENT will be used instead.
2019-05-30T13:51:36.517+0300: 14.633: [GC (Allocation Failure) [PSYoungGen: 128512K->16837K(149504K)] 143560K->51425K(491008K), 0.0271405 secs] [Times: user=0.20 sys=0.04, real=0.03 secs] 
2019-05-30T13:51:36.783+0300: 14.899: [GC (Metadata GC Threshold) [PSYoungGen: 30118K->6610K(149504K)] 64706K->41206K(491008K), 0.0047313 secs] [Times: user=0.03 sys=0.00, real=0.01 secs] 
2019-05-30T13:51:36.787+0300: 14.904: [Full GC (Metadata GC Threshold) [PSYoungGen: 6610K->0K(149504K)] [ParOldGen: 34595K->30341K(341504K)] 41206K->30341K(491008K), [Metaspace: 34480K->34478K(1079296K)], 0.0346659 secs] [Times: user=0.17 sys=0.00, real=0.03 secs] 
2019-05-30T13:51:51.066+0300: 29.182: [GC (Allocation Failure) [PSYoungGen: 128512K->864K(149504K)] 158853K->31213K(491008K), 0.0047602 secs] [Times: user=0.03 sys=0.00, real=0.00 secs] 
2019-05-30T13:52:07.096+0300: 45.212: [GC (Allocation Failure) [PSYoungGen: 129376K->832K(129536K)] 159725K->31181K(471040K), 0.0029155 secs] [Times: user=0.02 sys=0.01, real=0.00 secs] 
2019-05-30T13:52:23.935+0300: 62.051: [GC (Allocation Failure) [PSYoungGen: 129344K->1291K(148480K)] 159693K->31648K(489984K), 0.0057595 secs] [Times: user=0.02 sys=0.02, real=0.00 secs] 
2019-05-30T13:52:46.824+0300: 84.940: [GC (Allocation Failure) [PSYoungGen: 127243K->1012K(147968K)] 157600K->31377K(489472K), 0.0045666 secs] [Times: user=0.02 sys=0.01, real=0.00 secs] 
2019-05-30T13:53:06.576+0300: 104.692: [GC (Allocation Failure) [PSYoungGen: 126964K->1076K(150016K)] 157329K->31449K(491520K), 0.0042133 secs] [Times: user=0.02 sys=0.01, real=0.00 secs] 
2019-05-30T13:53:24.199+0300: 122.315: [GC (Allocation Failure) [PSYoungGen: 129588K->980K(148992K)] 159961K->31361K(490496K), 0.0038454 secs] [Times: user=0.02 sys=0.01, real=0.00 secs] 
2019-05-30T13:53:46.521+0300: 144.637: [GC (Allocation Failure) [PSYoungGen: 129492K->1032K(151552K)] 159873K->31422K(493056K), 0.0029200 secs] [Times: user=0.01 sys=0.01, real=0.01 secs] 
2019-05-30T13:54:09.130+0300: 167.246: [GC (Allocation Failure) [PSYoungGen: 132616K->980K(150528K)] 163006K->31369K(492032K), 0.0036500 secs] [Times: user=0.01 sys=0.01, real=0.01 secs] 
2019-05-30T13:54:33.208+0300: 191.325: [GC (Allocation Failure) [PSYoungGen: 132564K->980K(153088K)] 162953K->31369K(494592K), 0.0031456 secs] [Times: user=0.02 sys=0.00, real=0.01 secs] 
2019-05-30T13:54:53.307+0300: 211.423: [GC (Allocation Failure) [PSYoungGen: 135636K->1044K(152064K)] 166025K->31433K(493568K), 0.0031767 secs] [Times: user=0.02 sys=0.00, real=0.00 secs] 
2019-05-30T13:55:16.434+0300: 234.550: [GC (Allocation Failure) [PSYoungGen: 135700K->968K(154624K)] 166089K->31358K(496128K), 0.0039044 secs] [Times: user=0.01 sys=0.01, real=0.00 secs] 
2019-05-30T13:55:37.100+0300: 255.216: [GC (Allocation Failure) [PSYoungGen: 138696K->936K(153600K)] 169086K->31334K(495104K), 0.0028900 secs] [Times: user=0.01 sys=0.01, real=0.00 secs] 
2019-05-30T13:56:06.554+0300: 284.670: [GC (Allocation Failure) [PSYoungGen: 138664K->1012K(156160K)] 169062K->31409K(497664K), 0.0047173 secs] [Times: user=0.00 sys=0.02, real=0.00 secs] 
2019-05-30T13:56:27.961+0300: 306.077: [GC (Allocation Failure) [PSYoungGen: 142324K->1044K(155648K)] 172721K->31441K(497152K), 0.0029237 secs] [Times: user=0.02 sys=0.00, real=0.01 secs] 
2019-05-30T13:56:54.128+0300: 332.244: [GC (Allocation Failure) [PSYoungGen: 142356K->1044K(157696K)] 172753K->31449K(499200K), 0.0051102 secs] [Times: user=0.02 sys=0.00, real=0.01 secs] 
2019-05-30T13:57:16.608+0300: 354.724: [GC (Allocation Failure) [PSYoungGen: 145428K->456K(157184K)] 175833K->31502K(498688K), 0.0034373 secs] [Times: user=0.01 sys=0.01, real=0.01 secs] 
2019-05-30T13:57:42.365+0300: 380.482: [GC (Allocation Failure) [PSYoungGen: 144840K->436K(159232K)] 175886K->31537K(500736K), 0.0027020 secs] [Times: user=0.01 sys=0.01, real=0.00 secs] 
2019-05-30T13:58:08.208+0300: 406.324: [GC (Allocation Failure) [PSYoungGen: 147380K->224K(158208K)] 178481K->31526K(499712K), 0.0030994 secs] [Times: user=0.01 sys=0.01, real=0.01 secs] 
2019-05-30T13:58:24.486+0300: 422.603: [GC (Allocation Failure) [PSYoungGen: 147168K->224K(160256K)] 178470K->31574K(501760K), 0.0034813 secs] [Times: user=0.02 sys=0.00, real=0.00 secs] 
2019-05-30T13:58:51.873+0300: 449.989: [GC (Allocation Failure) [PSYoungGen: 149728K->224K(159744K)] 181078K->31582K(501248K), 0.0021443 secs] [Times: user=0.01 sys=0.00, real=0.00 secs] 
2019-05-30T13:59:16.000+0300: 474.117: [GC (Allocation Failure) [PSYoungGen: 149728K->352K(161280K)] 181086K->31766K(502784K), 0.0035660 secs] [Times: user=0.01 sys=0.01, real=0.01 secs] 
2019-05-30T13:59:39.919+0300: 498.035: [GC (Allocation Failure) [PSYoungGen: 151904K->288K(160768K)] 183318K->31742K(502272K), 0.0027971 secs] [Times: user=0.01 sys=0.00, real=0.00 secs] 
2019-05-30T14:00:03.121+0300: 521.237: [GC (Allocation Failure) [PSYoungGen: 151840K->352K(162304K)] 183294K->31822K(503808K), 0.0032365 secs] [Times: user=0.01 sys=0.00, real=0.01 secs] 
2019-05-30T14:00:27.655+0300: 545.772: [GC (Allocation Failure) [PSYoungGen: 153952K->320K(161792K)] 185422K->31814K(503296K), 0.0022849 secs] [Times: user=0.01 sys=0.00, real=0.00 secs] 
2019-05-30T14:00:51.252+0300: 569.368: [GC (Allocation Failure) [PSYoungGen: 153920K->256K(163328K)] 185414K->31774K(504832K), 0.0044479 secs] [Times: user=0.02 sys=0.02, real=0.00 secs] 
2019-05-30T14:01:16.930+0300: 595.047: [GC (Allocation Failure) [PSYoungGen: 155904K->224K(162816K)] 187422K->31774K(504320K), 0.0025591 secs] [Times: user=0.01 sys=0.00, real=0.01 secs] 
2019-05-30T14:01:47.093+0300: 625.209: [GC (Allocation Failure) [PSYoungGen: 155872K->256K(164352K)] 187422K->31830K(505856K), 0.0027775 secs] [Times: user=0.02 sys=0.00, real=0.00 secs] 
2019-05-30T14:02:16.977+0300: 655.093: [GC (Allocation Failure) [PSYoungGen: 157952K->288K(163840K)] 189526K->31870K(505344K), 0.0028921 secs] [Times: user=0.00 sys=0.01, real=0.00 secs] 
2019-05-30T14:02:47.454+0300: 685.570: [GC (Allocation Failure) [PSYoungGen: 157984K->256K(164864K)] 189566K->31862K(506368K), 0.0031372 secs] [Times: user=0.02 sys=0.00, real=0.00 secs] 
2019-05-30T14:03:16.708+0300: 714.825: [GC (Allocation Failure) [PSYoungGen: 158976K->224K(164352K)] 190582K->31830K(505856K), 0.0030542 secs] [Times: user=0.01 sys=0.00, real=0.01 secs] 
2019-05-30T14:03:46.499+0300: 744.615: [GC (Allocation Failure) [PSYoungGen: 158944K->224K(165376K)] 190550K->31830K(506880K), 0.0024841 secs] [Times: user=0.01 sys=0.01, real=0.00 secs] 
2019-05-30T14:04:09.670+0300: 767.786: [GC (Allocation Failure) [PSYoungGen: 160480K->224K(165376K)] 192086K->31862K(506880K), 0.0022891 secs] [Times: user=0.01 sys=0.00, real=0.01 secs] 
2019-05-30T14:04:35.499+0300: 793.615: [GC (Allocation Failure) [PSYoungGen: 160480K->224K(166400K)] 192118K->31862K(507904K), 0.0021225 secs] [Times: user=0.01 sys=0.01, real=0.00 secs] 
2019-05-30T14:05:02.550+0300: 820.666: [GC (Allocation Failure) [PSYoungGen: 162016K->352K(165888K)] 193654K->32022K(507392K), 0.0025577 secs] [Times: user=0.01 sys=0.00, real=0.01 secs] 
14:05:26.690 [Curator-PathChildrenCache-0] ERROR o.a.c.f.r.c.PathChildrenCache  - 
java.lang.IllegalStateException: instance must be started before calling this method
	at org.apache.curator.shaded.com.google.common.base.Preconditions.checkState(Preconditions.java:444)
	at org.apache.curator.framework.imps.CuratorFrameworkImpl.getChildren(CuratorFrameworkImpl.java:456)
	at org.apache.curator.framework.recipes.cache.PathChildrenCache.refresh(PathChildrenCache.java:521)
	at org.apache.curator.framework.recipes.cache.RefreshOperation.invoke(RefreshOperation.java:35)
	at org.apache.curator.framework.recipes.cache.PathChildrenCache$9.run(PathChildrenCache.java:786)
	at java.util.concurrent.Executors$RunnableAdapter.call(Executors.java:511)
	at java.util.concurrent.FutureTask.run(FutureTask.java:266)
	at java.util.concurrent.Executors$RunnableAdapter.call(Executors.java:511)
	at java.util.concurrent.FutureTask.run(FutureTask.java:266)
	at java.util.concurrent.ThreadPoolExecutor.runWorker(ThreadPoolExecutor.java:1149)
	at java.util.concurrent.ThreadPoolExecutor$Worker.run(ThreadPoolExecutor.java:624)
	at java.lang.Thread.run(Thread.java:748)
Heap
 PSYoungGen      total 165888K, used 135367K [0x00000000f5980000, 0x0000000100000000, 0x0000000100000000)
  eden space 161792K, 83% used [0x00000000f5980000,0x00000000fdd59d20,0x00000000ff780000)
  from space 4096K, 8% used [0x00000000ff780000,0x00000000ff7d8000,0x00000000ffb80000)
  to   space 4096K, 0% used [0x00000000ffc00000,0x00000000ffc00000,0x0000000100000000)
 ParOldGen       total 341504K, used 31670K [0x00000000e0c00000, 0x00000000f5980000, 0x00000000f5980000)
  object space 341504K, 9% used [0x00000000e0c00000,0x00000000e2aed820,0x00000000f5980000)
 Metaspace       used 36748K, capacity 37718K, committed 37976K, reserved 1081344K
  class space    used 5016K, capacity 5215K, committed 5248K, reserved 1048576K
