14:51:25,933 |-INFO in ch.qos.logback.classic.LoggerContext[default] - Could NOT find resource [logback-test.xml]
14:51:25,934 |-INFO in ch.qos.logback.classic.LoggerContext[default] - Could NOT find resource [logback.groovy]
14:51:25,934 |-INFO in ch.qos.logback.classic.LoggerContext[default] - Found resource [logback.xml] at [jar:file:/root/flamestream/lib/flamestream-runtime-1.0-SNAPSHOT.jar!/logback.xml]
14:51:25,935 |-WARN in ch.qos.logback.classic.LoggerContext[default] - Resource [logback.xml] occurs multiple times on the classpath.
14:51:25,935 |-WARN in ch.qos.logback.classic.LoggerContext[default] - Resource [logback.xml] occurs at [jar:file:/root/flamestream/lib/flamestream-runtime-1.0-SNAPSHOT.jar!/logback.xml]
14:51:25,935 |-WARN in ch.qos.logback.classic.LoggerContext[default] - Resource [logback.xml] occurs at [jar:file:/root/flamestream/flamestream-runtime-1.0-SNAPSHOT.jar!/logback.xml]
14:51:25,955 |-INFO in ch.qos.logback.core.joran.spi.ConfigurationWatchList@3fb6a447 - URL [jar:file:/root/flamestream/lib/flamestream-runtime-1.0-SNAPSHOT.jar!/logback.xml] is not of type file
14:51:26,027 |-INFO in ch.qos.logback.classic.joran.action.ConfigurationAction - debug attribute not set
14:51:26,027 |-INFO in ch.qos.logback.core.joran.action.AppenderAction - About to instantiate appender of type [ch.qos.logback.core.ConsoleAppender]
14:51:26,044 |-INFO in ch.qos.logback.core.joran.action.AppenderAction - Naming appender as [STDOUT]
14:51:26,064 |-INFO in ch.qos.logback.core.joran.action.NestedComplexPropertyIA - Assuming default type [ch.qos.logback.classic.encoder.PatternLayoutEncoder] for [encoder] property
14:51:26,149 |-INFO in ch.qos.logback.core.joran.action.AppenderAction - About to instantiate appender of type [ch.qos.logback.core.rolling.RollingFileAppender]
14:51:26,154 |-INFO in ch.qos.logback.core.joran.action.AppenderAction - Naming appender as [FILE]
14:51:26,187 |-INFO in c.q.l.core.rolling.TimeBasedRollingPolicy@127618319 - No compression will be used
14:51:26,188 |-INFO in c.q.l.core.rolling.TimeBasedRollingPolicy@127618319 - Will use the pattern /tmp/application_%d{yyyy-MM-dd}.%i.log for the active file
14:51:26,191 |-INFO in ch.qos.logback.core.rolling.SizeAndTimeBasedFNATP@6b2fad11 - The date pattern is 'yyyy-MM-dd' from file name pattern '/tmp/application_%d{yyyy-MM-dd}.%i.log'.
14:51:26,191 |-INFO in ch.qos.logback.core.rolling.SizeAndTimeBasedFNATP@6b2fad11 - Roll-over at midnight.
14:51:26,197 |-INFO in ch.qos.logback.core.rolling.SizeAndTimeBasedFNATP@6b2fad11 - Setting initial period to Mon Jun 10 14:50:03 UTC 2019
14:51:26,197 |-WARN in ch.qos.logback.core.rolling.SizeAndTimeBasedFNATP@6b2fad11 - SizeAndTimeBasedFNATP is deprecated. Use SizeAndTimeBasedRollingPolicy instead
14:51:26,197 |-WARN in ch.qos.logback.core.rolling.SizeAndTimeBasedFNATP@6b2fad11 - For more information see http://logback.qos.ch/manual/appenders.html#SizeAndTimeBasedRollingPolicy
14:51:26,201 |-INFO in ch.qos.logback.core.joran.action.NestedComplexPropertyIA - Assuming default type [ch.qos.logback.classic.encoder.PatternLayoutEncoder] for [encoder] property
14:51:26,206 |-INFO in ch.qos.logback.core.rolling.RollingFileAppender[FILE] - Active log file name: /tmp/application.log
14:51:26,206 |-INFO in ch.qos.logback.core.rolling.RollingFileAppender[FILE] - File property is set to [/tmp/application.log]
14:51:26,207 |-INFO in ch.qos.logback.classic.joran.action.RootLoggerAction - Setting level of ROOT logger to WARN
14:51:26,207 |-INFO in ch.qos.logback.core.joran.action.AppenderRefAction - Attaching appender named [STDOUT] to Logger[ROOT]
14:51:26,209 |-INFO in ch.qos.logback.core.joran.action.AppenderRefAction - Attaching appender named [FILE] to Logger[ROOT]
14:51:26,209 |-INFO in ch.qos.logback.classic.joran.action.ConfigurationAction - End of configuration.
14:51:26,210 |-INFO in ch.qos.logback.classic.joran.JoranConfigurator@79698539 - Registering current configuration as safe fallback point

Ama winner
Ama winner
2019-06-10T14:51:27.588+0000: 1.844: [Full GC (Metadata GC Threshold) 2019-06-10T14:51:27.588+0000: 1.844: [Tenured: 0K->15208K(341376K), 0.0412700 secs] 114924K->15208K(494976K), [Metaspace: 20741K->20741K(1067008K)], 0.0413419 secs] [Times: user=0.04 sys=0.00, real=0.04 secs] 
14:51:50.204 [Curator-PathChildrenCache-1] WARN  o.a.c.u.ZKPaths  - The version of ZooKeeper being used doesn't support Container nodes. CreateMode.PERSISTENT will be used instead.
2019-06-10T14:51:52.816+0000: 27.073: [GC (Allocation Failure) 2019-06-10T14:51:52.816+0000: 27.073: [DefNew: 136576K->17023K(153600K), 0.0260286 secs] 151784K->52821K(494976K), 0.0260982 secs] [Times: user=0.02 sys=0.01, real=0.03 secs] 
2019-06-10T14:51:53.956+0000: 28.213: [Full GC (Metadata GC Threshold) 2019-06-10T14:51:53.956+0000: 28.213: [Tenured: 35797K->44660K(341376K), 0.0432429 secs] 83558K->44660K(494976K), [Metaspace: 34546K->34546K(1079296K)], 0.0433139 secs] [Times: user=0.04 sys=0.01, real=0.05 secs] 
2019-06-10T14:52:00.344+0000: 34.601: [GC (Allocation Failure) 2019-06-10T14:52:00.344+0000: 34.601: [DefNew: 136576K->82K(153600K), 0.0019707 secs] 181236K->44742K(494976K), 0.0020307 secs] [Times: user=0.00 sys=0.00, real=0.01 secs] 
2019-06-10T14:52:06.730+0000: 40.986: [GC (Allocation Failure) 2019-06-10T14:52:06.730+0000: 40.986: [DefNew: 136658K->85K(153600K), 0.0018871 secs] 181318K->44746K(494976K), 0.0019458 secs] [Times: user=0.00 sys=0.00, real=0.00 secs] 
2019-06-10T14:52:13.167+0000: 47.424: [GC (Allocation Failure) 2019-06-10T14:52:13.167+0000: 47.424: [DefNew: 136661K->86K(153600K), 0.0018902 secs] 181322K->44746K(494976K), 0.0019484 secs] [Times: user=0.00 sys=0.00, real=0.00 secs] 
2019-06-10T14:52:19.532+0000: 53.789: [GC (Allocation Failure) 2019-06-10T14:52:19.532+0000: 53.789: [DefNew: 136662K->85K(153600K), 0.0019108 secs] 181322K->44745K(494976K), 0.0019664 secs] [Times: user=0.00 sys=0.00, real=0.00 secs] 
2019-06-10T14:52:26.869+0000: 61.126: [GC (Allocation Failure) 2019-06-10T14:52:26.870+0000: 61.126: [DefNew: 136661K->82K(153600K), 0.0019270 secs] 181321K->44743K(494976K), 0.0019883 secs] [Times: user=0.01 sys=0.00, real=0.00 secs] 
14:52:34.490 [Curator-PathChildrenCache-0] ERROR o.a.c.f.r.c.PathChildrenCache  - 
java.lang.IllegalStateException: instance must be started before calling this method
	at org.apache.curator.shaded.com.google.common.base.Preconditions.checkState(Preconditions.java:444)
	at org.apache.curator.framework.imps.CuratorFrameworkImpl.getChildren(CuratorFrameworkImpl.java:456)
	at org.apache.curator.framework.recipes.cache.PathChildrenCache.refresh(PathChildrenCache.java:521)
	at org.apache.curator.framework.recipes.cache.RefreshOperation.invoke(RefreshOperation.java:35)
	at org.apache.curator.framework.recipes.cache.PathChildrenCache$9.run(PathChildrenCache.java:786)
	at java.util.concurrent.Executors$RunnableAdapter.call(Executors.java:511)
	at java.util.concurrent.FutureTask.run(FutureTask.java:266)
	at java.util.concurrent.Executors$RunnableAdapter.call(Executors.java:511)
	at java.util.concurrent.FutureTask.run(FutureTask.java:266)
	at java.util.concurrent.ThreadPoolExecutor.runWorker(ThreadPoolExecutor.java:1149)
	at java.util.concurrent.ThreadPoolExecutor$Worker.run(ThreadPoolExecutor.java:624)
	at java.lang.Thread.run(Thread.java:748)
Heap
 def new generation   total 153600K, used 56675K [0x00000000e0c00000, 0x00000000eb2a0000, 0x00000000eb2a0000)
  eden space 136576K,  41% used [0x00000000e0c00000, 0x00000000e43443e0, 0x00000000e9160000)
  from space 17024K,   0% used [0x00000000e9160000, 0x00000000e9174a40, 0x00000000ea200000)
  to   space 17024K,   0% used [0x00000000ea200000, 0x00000000ea200000, 0x00000000eb2a0000)
 tenured generation   total 341376K, used 44660K [0x00000000eb2a0000, 0x0000000100000000, 0x0000000100000000)
   the space 341376K,  13% used [0x00000000eb2a0000, 0x00000000ede3d2d0, 0x00000000ede3d400, 0x0000000100000000)
 Metaspace       used 36286K, capacity 37256K, committed 37376K, reserved 1081344K
  class space    used 4862K, capacity 5086K, committed 5120K, reserved 1048576K
