08:22:40,467 |-INFO in ch.qos.logback.classic.LoggerContext[default] - Could NOT find resource [logback-test.xml]
08:22:40,467 |-INFO in ch.qos.logback.classic.LoggerContext[default] - Could NOT find resource [logback.groovy]
08:22:40,467 |-INFO in ch.qos.logback.classic.LoggerContext[default] - Found resource [logback.xml] at [jar:file:/home/nikitasokolov/flamestream/lib/flamestream-runtime-1.0-SNAPSHOT.jar!/logback.xml]
08:22:40,468 |-WARN in ch.qos.logback.classic.LoggerContext[default] - Resource [logback.xml] occurs multiple times on the classpath.
08:22:40,468 |-WARN in ch.qos.logback.classic.LoggerContext[default] - Resource [logback.xml] occurs at [jar:file:/home/nikitasokolov/flamestream/lib/flamestream-runtime-1.0-SNAPSHOT.jar!/logback.xml]
08:22:40,468 |-WARN in ch.qos.logback.classic.LoggerContext[default] - Resource [logback.xml] occurs at [jar:file:/home/nikitasokolov/flamestream/flamestream-runtime-1.0-SNAPSHOT.jar!/logback.xml]
08:22:40,484 |-INFO in ch.qos.logback.core.joran.spi.ConfigurationWatchList@6108b2d7 - URL [jar:file:/home/nikitasokolov/flamestream/lib/flamestream-runtime-1.0-SNAPSHOT.jar!/logback.xml] is not of type file
08:22:40,534 |-INFO in ch.qos.logback.classic.joran.action.ConfigurationAction - debug attribute not set
08:22:40,535 |-INFO in ch.qos.logback.core.joran.action.AppenderAction - About to instantiate appender of type [ch.qos.logback.core.ConsoleAppender]
08:22:40,543 |-INFO in ch.qos.logback.core.joran.action.AppenderAction - Naming appender as [STDOUT]
08:22:40,552 |-INFO in ch.qos.logback.core.joran.action.NestedComplexPropertyIA - Assuming default type [ch.qos.logback.classic.encoder.PatternLayoutEncoder] for [encoder] property
08:22:40,609 |-INFO in ch.qos.logback.core.joran.action.AppenderAction - About to instantiate appender of type [ch.qos.logback.core.rolling.RollingFileAppender]
08:22:40,614 |-INFO in ch.qos.logback.core.joran.action.AppenderAction - Naming appender as [FILE]
08:22:40,635 |-INFO in c.q.l.core.rolling.TimeBasedRollingPolicy@357863579 - No compression will be used
08:22:40,636 |-INFO in c.q.l.core.rolling.TimeBasedRollingPolicy@357863579 - Will use the pattern /tmp/application_%d{yyyy-MM-dd}.%i.log for the active file
08:22:40,639 |-INFO in ch.qos.logback.core.rolling.SizeAndTimeBasedFNATP@6bf256fa - The date pattern is 'yyyy-MM-dd' from file name pattern '/tmp/application_%d{yyyy-MM-dd}.%i.log'.
08:22:40,639 |-INFO in ch.qos.logback.core.rolling.SizeAndTimeBasedFNATP@6bf256fa - Roll-over at midnight.
08:22:40,643 |-INFO in ch.qos.logback.core.rolling.SizeAndTimeBasedFNATP@6bf256fa - Setting initial period to Sun Jun 09 08:21:50 MSK 2019
08:22:40,643 |-WARN in ch.qos.logback.core.rolling.SizeAndTimeBasedFNATP@6bf256fa - SizeAndTimeBasedFNATP is deprecated. Use SizeAndTimeBasedRollingPolicy instead
08:22:40,643 |-WARN in ch.qos.logback.core.rolling.SizeAndTimeBasedFNATP@6bf256fa - For more information see http://logback.qos.ch/manual/appenders.html#SizeAndTimeBasedRollingPolicy
08:22:40,647 |-INFO in ch.qos.logback.core.joran.action.NestedComplexPropertyIA - Assuming default type [ch.qos.logback.classic.encoder.PatternLayoutEncoder] for [encoder] property
08:22:40,650 |-INFO in ch.qos.logback.core.rolling.RollingFileAppender[FILE] - Active log file name: /tmp/application.log
08:22:40,650 |-INFO in ch.qos.logback.core.rolling.RollingFileAppender[FILE] - File property is set to [/tmp/application.log]
08:22:40,651 |-INFO in ch.qos.logback.classic.joran.action.RootLoggerAction - Setting level of ROOT logger to WARN
08:22:40,651 |-INFO in ch.qos.logback.core.joran.action.AppenderRefAction - Attaching appender named [STDOUT] to Logger[ROOT]
08:22:40,651 |-INFO in ch.qos.logback.core.joran.action.AppenderRefAction - Attaching appender named [FILE] to Logger[ROOT]
08:22:40,651 |-INFO in ch.qos.logback.classic.joran.action.ConfigurationAction - End of configuration.
08:22:40,652 |-INFO in ch.qos.logback.classic.joran.JoranConfigurator@6cd8737 - Registering current configuration as safe fallback point

2019-06-09T08:22:41.641+0300: 1.378: [GC (Metadata GC Threshold) [PSYoungGen: 108151K->15752K(149504K)] 108151K->15832K(491008K), 0.0195977 secs] [Times: user=0.12 sys=0.01, real=0.02 secs] 
2019-06-09T08:22:41.661+0300: 1.397: [Full GC (Metadata GC Threshold) [PSYoungGen: 15752K->0K(149504K)] [ParOldGen: 80K->14981K(341504K)] 15832K->14981K(491008K), [Metaspace: 20807K->20807K(1067008K)], 0.0277677 secs] [Times: user=0.16 sys=0.03, real=0.02 secs] 
08:22:48.913 [Curator-PathChildrenCache-1] WARN  o.a.c.u.ZKPaths  - The version of ZooKeeper being used doesn't support Container nodes. CreateMode.PERSISTENT will be used instead.
2019-06-09T08:22:49.884+0300: 9.620: [GC (Metadata GC Threshold) [PSYoungGen: 125333K->15835K(149504K)] 140315K->50356K(491008K), 0.0282015 secs] [Times: user=0.20 sys=0.02, real=0.03 secs] 
2019-06-09T08:22:49.912+0300: 9.648: [Full GC (Metadata GC Threshold) [PSYoungGen: 15835K->0K(149504K)] [ParOldGen: 34521K->38788K(341504K)] 50356K->38788K(491008K), [Metaspace: 34578K->34578K(1079296K)], 0.0365377 secs] [Times: user=0.19 sys=0.02, real=0.03 secs] 
2019-06-09T08:22:52.106+0300: 11.842: [GC (Allocation Failure) [PSYoungGen: 128512K->544K(149504K)] 167300K->39340K(491008K), 0.0033464 secs] [Times: user=0.01 sys=0.01, real=0.00 secs] 
2019-06-09T08:22:54.387+0300: 14.123: [GC (Allocation Failure) [PSYoungGen: 129056K->480K(149504K)] 167852K->39284K(491008K), 0.0038089 secs] [Times: user=0.03 sys=0.00, real=0.01 secs] 
2019-06-09T08:22:56.879+0300: 16.615: [GC (Allocation Failure) [PSYoungGen: 128992K->512K(129024K)] 167796K->39324K(470528K), 0.0041967 secs] [Times: user=0.02 sys=0.00, real=0.00 secs] 
2019-06-09T08:22:58.932+0300: 18.668: [GC (Allocation Failure) [PSYoungGen: 129024K->576K(150016K)] 167836K->39388K(491520K), 0.0027842 secs] [Times: user=0.01 sys=0.01, real=0.00 secs] 
2019-06-09T08:23:01.097+0300: 20.833: [GC (Allocation Failure) [PSYoungGen: 129088K->480K(148992K)] 167900K->39292K(490496K), 0.0045812 secs] [Times: user=0.02 sys=0.01, real=0.01 secs] 
2019-06-09T08:23:02.911+0300: 22.647: [GC (Allocation Failure) [PSYoungGen: 128992K->736K(151552K)] 167804K->39548K(493056K), 0.0048599 secs] [Times: user=0.03 sys=0.00, real=0.00 secs] 
2019-06-09T08:23:05.135+0300: 24.871: [GC (Allocation Failure) [PSYoungGen: 132832K->800K(151040K)] 171644K->39620K(492544K), 0.0775694 secs] [Times: user=0.01 sys=0.00, real=0.08 secs] 
2019-06-09T08:23:07.039+0300: 26.775: [GC (Allocation Failure) [PSYoungGen: 132896K->512K(153600K)] 171716K->39340K(495104K), 0.0030415 secs] [Times: user=0.01 sys=0.00, real=0.00 secs] 
2019-06-09T08:23:09.427+0300: 29.163: [GC (Allocation Failure) [PSYoungGen: 136192K->544K(152576K)] 175020K->39380K(494080K), 0.0056410 secs] [Times: user=0.03 sys=0.00, real=0.01 secs] 
2019-06-09T08:23:11.517+0300: 31.253: [GC (Allocation Failure) [PSYoungGen: 136224K->544K(155136K)] 175060K->39380K(496640K), 0.0038019 secs] [Times: user=0.01 sys=0.01, real=0.01 secs] 
2019-06-09T08:23:13.464+0300: 33.200: [GC (Allocation Failure) [PSYoungGen: 139296K->576K(154112K)] 178132K->39420K(495616K), 0.0028392 secs] [Times: user=0.01 sys=0.00, real=0.00 secs] 
2019-06-09T08:23:15.500+0300: 35.236: [GC (Allocation Failure) [PSYoungGen: 139328K->576K(156672K)] 178172K->39420K(498176K), 0.0030282 secs] [Times: user=0.00 sys=0.01, real=0.00 secs] 
08:23:26.294 [Curator-PathChildrenCache-0] ERROR o.a.c.f.r.c.PathChildrenCache  - 
java.lang.IllegalStateException: instance must be started before calling this method
	at org.apache.curator.shaded.com.google.common.base.Preconditions.checkState(Preconditions.java:444)
	at org.apache.curator.framework.imps.CuratorFrameworkImpl.getChildren(CuratorFrameworkImpl.java:456)
	at org.apache.curator.framework.recipes.cache.PathChildrenCache.refresh(PathChildrenCache.java:521)
	at org.apache.curator.framework.recipes.cache.RefreshOperation.invoke(RefreshOperation.java:35)
	at org.apache.curator.framework.recipes.cache.PathChildrenCache$9.run(PathChildrenCache.java:786)
	at java.util.concurrent.Executors$RunnableAdapter.call(Executors.java:511)
	at java.util.concurrent.FutureTask.run(FutureTask.java:266)
	at java.util.concurrent.Executors$RunnableAdapter.call(Executors.java:511)
	at java.util.concurrent.FutureTask.run(FutureTask.java:266)
	at java.util.concurrent.ThreadPoolExecutor.runWorker(ThreadPoolExecutor.java:1149)
	at java.util.concurrent.ThreadPoolExecutor$Worker.run(ThreadPoolExecutor.java:624)
	at java.lang.Thread.run(Thread.java:748)
Heap
 PSYoungGen      total 156672K, used 99205K [0x00000000f5980000, 0x0000000100000000, 0x0000000100000000)
  eden space 141824K, 69% used [0x00000000f5980000,0x00000000fb9d16f8,0x00000000fe400000)
  from space 14848K, 3% used [0x00000000ff180000,0x00000000ff210000,0x0000000100000000)
  to   space 13824K, 0% used [0x00000000fe400000,0x00000000fe400000,0x00000000ff180000)
 ParOldGen       total 341504K, used 38844K [0x00000000e0c00000, 0x00000000f5980000, 0x00000000f5980000)
  object space 341504K, 11% used [0x00000000e0c00000,0x00000000e31ef3a8,0x00000000f5980000)
 Metaspace       used 35776K, capacity 36614K, committed 36952K, reserved 1081344K
  class space    used 4936K, capacity 5129K, committed 5248K, reserved 1048576K
