07:58:01,501 |-INFO in ch.qos.logback.classic.LoggerContext[default] - Could NOT find resource [logback-test.xml]
07:58:01,501 |-INFO in ch.qos.logback.classic.LoggerContext[default] - Could NOT find resource [logback.groovy]
07:58:01,502 |-INFO in ch.qos.logback.classic.LoggerContext[default] - Found resource [logback.xml] at [jar:file:/root/flamestream/lib/flamestream-runtime-1.0-SNAPSHOT.jar!/logback.xml]
07:58:01,502 |-WARN in ch.qos.logback.classic.LoggerContext[default] - Resource [logback.xml] occurs multiple times on the classpath.
07:58:01,502 |-WARN in ch.qos.logback.classic.LoggerContext[default] - Resource [logback.xml] occurs at [jar:file:/root/flamestream/lib/flamestream-runtime-1.0-SNAPSHOT.jar!/logback.xml]
07:58:01,502 |-WARN in ch.qos.logback.classic.LoggerContext[default] - Resource [logback.xml] occurs at [jar:file:/root/flamestream/flamestream-runtime-1.0-SNAPSHOT.jar!/logback.xml]
07:58:01,522 |-INFO in ch.qos.logback.core.joran.spi.ConfigurationWatchList@3fb6a447 - URL [jar:file:/root/flamestream/lib/flamestream-runtime-1.0-SNAPSHOT.jar!/logback.xml] is not of type file
07:58:01,589 |-INFO in ch.qos.logback.classic.joran.action.ConfigurationAction - debug attribute not set
07:58:01,590 |-INFO in ch.qos.logback.core.joran.action.AppenderAction - About to instantiate appender of type [ch.qos.logback.core.ConsoleAppender]
07:58:01,605 |-INFO in ch.qos.logback.core.joran.action.AppenderAction - Naming appender as [STDOUT]
07:58:01,626 |-INFO in ch.qos.logback.core.joran.action.NestedComplexPropertyIA - Assuming default type [ch.qos.logback.classic.encoder.PatternLayoutEncoder] for [encoder] property
07:58:01,710 |-INFO in ch.qos.logback.core.joran.action.AppenderAction - About to instantiate appender of type [ch.qos.logback.core.rolling.RollingFileAppender]
07:58:01,716 |-INFO in ch.qos.logback.core.joran.action.AppenderAction - Naming appender as [FILE]
07:58:01,746 |-INFO in c.q.l.core.rolling.TimeBasedRollingPolicy@127618319 - No compression will be used
07:58:01,747 |-INFO in c.q.l.core.rolling.TimeBasedRollingPolicy@127618319 - Will use the pattern /tmp/application_%d{yyyy-MM-dd}.%i.log for the active file
07:58:01,750 |-INFO in ch.qos.logback.core.rolling.SizeAndTimeBasedFNATP@6b2fad11 - The date pattern is 'yyyy-MM-dd' from file name pattern '/tmp/application_%d{yyyy-MM-dd}.%i.log'.
07:58:01,750 |-INFO in ch.qos.logback.core.rolling.SizeAndTimeBasedFNATP@6b2fad11 - Roll-over at midnight.
07:58:01,756 |-INFO in ch.qos.logback.core.rolling.SizeAndTimeBasedFNATP@6b2fad11 - Setting initial period to Tue Jun 11 07:56:47 UTC 2019
07:58:01,756 |-WARN in ch.qos.logback.core.rolling.SizeAndTimeBasedFNATP@6b2fad11 - SizeAndTimeBasedFNATP is deprecated. Use SizeAndTimeBasedRollingPolicy instead
07:58:01,756 |-WARN in ch.qos.logback.core.rolling.SizeAndTimeBasedFNATP@6b2fad11 - For more information see http://logback.qos.ch/manual/appenders.html#SizeAndTimeBasedRollingPolicy
07:58:01,760 |-INFO in ch.qos.logback.core.joran.action.NestedComplexPropertyIA - Assuming default type [ch.qos.logback.classic.encoder.PatternLayoutEncoder] for [encoder] property
07:58:01,765 |-INFO in ch.qos.logback.core.rolling.RollingFileAppender[FILE] - Active log file name: /tmp/application.log
07:58:01,765 |-INFO in ch.qos.logback.core.rolling.RollingFileAppender[FILE] - File property is set to [/tmp/application.log]
07:58:01,765 |-INFO in ch.qos.logback.classic.joran.action.RootLoggerAction - Setting level of ROOT logger to WARN
07:58:01,765 |-INFO in ch.qos.logback.core.joran.action.AppenderRefAction - Attaching appender named [STDOUT] to Logger[ROOT]
07:58:01,767 |-INFO in ch.qos.logback.core.joran.action.AppenderRefAction - Attaching appender named [FILE] to Logger[ROOT]
07:58:01,768 |-INFO in ch.qos.logback.classic.joran.action.ConfigurationAction - End of configuration.
07:58:01,769 |-INFO in ch.qos.logback.classic.joran.JoranConfigurator@79698539 - Registering current configuration as safe fallback point

Ama winner
Ama winner
2019-06-11T07:58:03.078+0000: 1.764: [Full GC (Metadata GC Threshold) 2019-06-11T07:58:03.078+0000: 1.764: [Tenured: 0K->15241K(341376K), 0.0360747 secs] 117750K->15241K(494976K), [Metaspace: 20729K->20729K(1067008K)], 0.0361422 secs] [Times: user=0.03 sys=0.00, real=0.04 secs] 
07:58:20.384 [Curator-PathChildrenCache-1] WARN  o.a.c.u.ZKPaths  - The version of ZooKeeper being used doesn't support Container nodes. CreateMode.PERSISTENT will be used instead.
2019-06-11T07:58:22.658+0000: 21.344: [GC (Allocation Failure) 2019-06-11T07:58:22.658+0000: 21.344: [DefNew: 136576K->17023K(153600K), 0.0283774 secs] 151817K->52637K(494976K), 0.0284514 secs] [Times: user=0.02 sys=0.01, real=0.03 secs] 
2019-06-11T07:58:25.381+0000: 24.068: [Full GC (Metadata GC Threshold) 2019-06-11T07:58:25.381+0000: 24.068: [Tenured: 35613K->43987K(341376K), 0.0513249 secs] 126785K->43987K(494976K), [Metaspace: 34567K->34567K(1079296K)], 0.0514022 secs] [Times: user=0.05 sys=0.00, real=0.05 secs] 
2019-06-11T07:58:30.352+0000: 29.038: [GC (Allocation Failure) 2019-06-11T07:58:30.352+0000: 29.038: [DefNew: 136576K->57K(153600K), 0.0017831 secs] 180563K->44045K(494976K), 0.0018531 secs] [Times: user=0.00 sys=0.00, real=0.00 secs] 
2019-06-11T07:58:35.281+0000: 33.967: [GC (Allocation Failure) 2019-06-11T07:58:35.281+0000: 33.967: [DefNew: 136633K->94K(153600K), 0.0016741 secs] 180621K->44081K(494976K), 0.0017308 secs] [Times: user=0.00 sys=0.00, real=0.00 secs] 
2019-06-11T07:58:40.195+0000: 38.881: [GC (Allocation Failure) 2019-06-11T07:58:40.195+0000: 38.881: [DefNew: 136670K->126K(153600K), 0.0016323 secs] 180657K->44113K(494976K), 0.0016916 secs] [Times: user=0.00 sys=0.00, real=0.00 secs] 
2019-06-11T07:58:45.167+0000: 43.853: [GC (Allocation Failure) 2019-06-11T07:58:45.167+0000: 43.853: [DefNew: 136702K->126K(153600K), 0.0017055 secs] 180689K->44113K(494976K), 0.0017656 secs] [Times: user=0.00 sys=0.00, real=0.00 secs] 
07:58:56.969 [Curator-PathChildrenCache-0] ERROR o.a.c.f.r.c.PathChildrenCache  - 
java.lang.IllegalStateException: instance must be started before calling this method
	at org.apache.curator.shaded.com.google.common.base.Preconditions.checkState(Preconditions.java:444)
	at org.apache.curator.framework.imps.CuratorFrameworkImpl.getChildren(CuratorFrameworkImpl.java:456)
	at org.apache.curator.framework.recipes.cache.PathChildrenCache.refresh(PathChildrenCache.java:521)
	at org.apache.curator.framework.recipes.cache.RefreshOperation.invoke(RefreshOperation.java:35)
	at org.apache.curator.framework.recipes.cache.PathChildrenCache$9.run(PathChildrenCache.java:786)
	at java.util.concurrent.Executors$RunnableAdapter.call(Executors.java:511)
	at java.util.concurrent.FutureTask.run(FutureTask.java:266)
	at java.util.concurrent.Executors$RunnableAdapter.call(Executors.java:511)
	at java.util.concurrent.FutureTask.run(FutureTask.java:266)
	at java.util.concurrent.ThreadPoolExecutor.runWorker(ThreadPoolExecutor.java:1149)
	at java.util.concurrent.ThreadPoolExecutor$Worker.run(ThreadPoolExecutor.java:624)
	at java.lang.Thread.run(Thread.java:748)
2019-06-11T07:58:58.224+0000: 56.911: [GC (Allocation Failure) 2019-06-11T07:58:58.224+0000: 56.911: [DefNew: 136702K->1159K(153600K), 0.0040252 secs] 180689K->45146K(494976K), 0.0040837 secs] [Times: user=0.00 sys=0.00, real=0.00 secs] 
Heap
 def new generation   total 153600K, used 3509K [0x00000000e0c00000, 0x00000000eb2a0000, 0x00000000eb2a0000)
  eden space 136576K,   1% used [0x00000000e0c00000, 0x00000000e0e4b8d0, 0x00000000e9160000)
  from space 17024K,   6% used [0x00000000e9160000, 0x00000000e9281cf8, 0x00000000ea200000)
  to   space 17024K,   0% used [0x00000000ea200000, 0x00000000ea200000, 0x00000000eb2a0000)
 tenured generation   total 341376K, used 43987K [0x00000000eb2a0000, 0x0000000100000000, 0x0000000100000000)
   the space 341376K,  12% used [0x00000000eb2a0000, 0x00000000edd94e78, 0x00000000edd95000, 0x0000000100000000)
 Metaspace       used 35799K, capacity 36776K, committed 37120K, reserved 1081344K
  class space    used 4831K, capacity 5054K, committed 5120K, reserved 1048576K
