14:48:58,993 |-INFO in ch.qos.logback.classic.LoggerContext[default] - Could NOT find resource [logback-test.xml]
14:48:58,993 |-INFO in ch.qos.logback.classic.LoggerContext[default] - Could NOT find resource [logback.groovy]
14:48:58,993 |-INFO in ch.qos.logback.classic.LoggerContext[default] - Found resource [logback.xml] at [jar:file:/root/flamestream/lib/flamestream-runtime-1.0-SNAPSHOT.jar!/logback.xml]
14:48:58,994 |-WARN in ch.qos.logback.classic.LoggerContext[default] - Resource [logback.xml] occurs multiple times on the classpath.
14:48:58,994 |-WARN in ch.qos.logback.classic.LoggerContext[default] - Resource [logback.xml] occurs at [jar:file:/root/flamestream/lib/flamestream-runtime-1.0-SNAPSHOT.jar!/logback.xml]
14:48:58,994 |-WARN in ch.qos.logback.classic.LoggerContext[default] - Resource [logback.xml] occurs at [jar:file:/root/flamestream/flamestream-runtime-1.0-SNAPSHOT.jar!/logback.xml]
14:48:59,017 |-INFO in ch.qos.logback.core.joran.spi.ConfigurationWatchList@3fb6a447 - URL [jar:file:/root/flamestream/lib/flamestream-runtime-1.0-SNAPSHOT.jar!/logback.xml] is not of type file
14:48:59,088 |-INFO in ch.qos.logback.classic.joran.action.ConfigurationAction - debug attribute not set
14:48:59,088 |-INFO in ch.qos.logback.core.joran.action.AppenderAction - About to instantiate appender of type [ch.qos.logback.core.ConsoleAppender]
14:48:59,105 |-INFO in ch.qos.logback.core.joran.action.AppenderAction - Naming appender as [STDOUT]
14:48:59,125 |-INFO in ch.qos.logback.core.joran.action.NestedComplexPropertyIA - Assuming default type [ch.qos.logback.classic.encoder.PatternLayoutEncoder] for [encoder] property
14:48:59,212 |-INFO in ch.qos.logback.core.joran.action.AppenderAction - About to instantiate appender of type [ch.qos.logback.core.rolling.RollingFileAppender]
14:48:59,217 |-INFO in ch.qos.logback.core.joran.action.AppenderAction - Naming appender as [FILE]
14:48:59,249 |-INFO in c.q.l.core.rolling.TimeBasedRollingPolicy@127618319 - No compression will be used
14:48:59,250 |-INFO in c.q.l.core.rolling.TimeBasedRollingPolicy@127618319 - Will use the pattern /tmp/application_%d{yyyy-MM-dd}.%i.log for the active file
14:48:59,253 |-INFO in ch.qos.logback.core.rolling.SizeAndTimeBasedFNATP@6b2fad11 - The date pattern is 'yyyy-MM-dd' from file name pattern '/tmp/application_%d{yyyy-MM-dd}.%i.log'.
14:48:59,253 |-INFO in ch.qos.logback.core.rolling.SizeAndTimeBasedFNATP@6b2fad11 - Roll-over at midnight.
14:48:59,258 |-INFO in ch.qos.logback.core.rolling.SizeAndTimeBasedFNATP@6b2fad11 - Setting initial period to Mon Jun 10 14:47:42 UTC 2019
14:48:59,258 |-WARN in ch.qos.logback.core.rolling.SizeAndTimeBasedFNATP@6b2fad11 - SizeAndTimeBasedFNATP is deprecated. Use SizeAndTimeBasedRollingPolicy instead
14:48:59,258 |-WARN in ch.qos.logback.core.rolling.SizeAndTimeBasedFNATP@6b2fad11 - For more information see http://logback.qos.ch/manual/appenders.html#SizeAndTimeBasedRollingPolicy
14:48:59,262 |-INFO in ch.qos.logback.core.joran.action.NestedComplexPropertyIA - Assuming default type [ch.qos.logback.classic.encoder.PatternLayoutEncoder] for [encoder] property
14:48:59,267 |-INFO in ch.qos.logback.core.rolling.RollingFileAppender[FILE] - Active log file name: /tmp/application.log
14:48:59,267 |-INFO in ch.qos.logback.core.rolling.RollingFileAppender[FILE] - File property is set to [/tmp/application.log]
14:48:59,268 |-INFO in ch.qos.logback.classic.joran.action.RootLoggerAction - Setting level of ROOT logger to WARN
14:48:59,268 |-INFO in ch.qos.logback.core.joran.action.AppenderRefAction - Attaching appender named [STDOUT] to Logger[ROOT]
14:48:59,270 |-INFO in ch.qos.logback.core.joran.action.AppenderRefAction - Attaching appender named [FILE] to Logger[ROOT]
14:48:59,270 |-INFO in ch.qos.logback.classic.joran.action.ConfigurationAction - End of configuration.
14:48:59,270 |-INFO in ch.qos.logback.classic.joran.JoranConfigurator@79698539 - Registering current configuration as safe fallback point

Ama winner
Ama winner
2019-06-10T14:49:00.602+0000: 1.795: [Full GC (Metadata GC Threshold) 2019-06-10T14:49:00.602+0000: 1.796: [Tenured: 0K->15240K(341376K), 0.0408497 secs] 117751K->15240K(494976K), [Metaspace: 20734K->20734K(1067008K)], 0.0409356 secs] [Times: user=0.04 sys=0.00, real=0.04 secs] 
14:49:21.590 [Curator-PathChildrenCache-1] WARN  o.a.c.u.ZKPaths  - The version of ZooKeeper being used doesn't support Container nodes. CreateMode.PERSISTENT will be used instead.
2019-06-10T14:49:24.133+0000: 25.326: [GC (Allocation Failure) 2019-06-10T14:49:24.133+0000: 25.326: [DefNew: 136576K->17023K(153600K), 0.0321994 secs] 151816K->52861K(494976K), 0.0322778 secs] [Times: user=0.03 sys=0.01, real=0.03 secs] 
2019-06-10T14:49:25.335+0000: 26.528: [Full GC (Metadata GC Threshold) 2019-06-10T14:49:25.335+0000: 26.528: [Tenured: 35837K->44636K(341376K), 0.0396903 secs] 80550K->44636K(494976K), [Metaspace: 34574K->34574K(1079296K)], 0.0397633 secs] [Times: user=0.04 sys=0.01, real=0.04 secs] 
2019-06-10T14:49:31.175+0000: 32.368: [GC (Allocation Failure) 2019-06-10T14:49:31.175+0000: 32.368: [DefNew: 136576K->135K(153600K), 0.0019917 secs] 181212K->44771K(494976K), 0.0020554 secs] [Times: user=0.00 sys=0.00, real=0.00 secs] 
2019-06-10T14:49:37.042+0000: 38.235: [GC (Allocation Failure) 2019-06-10T14:49:37.042+0000: 38.235: [DefNew: 136711K->169K(153600K), 0.0017980 secs] 181347K->44805K(494976K), 0.0018576 secs] [Times: user=0.00 sys=0.00, real=0.00 secs] 
2019-06-10T14:49:42.946+0000: 44.139: [GC (Allocation Failure) 2019-06-10T14:49:42.946+0000: 44.139: [DefNew: 136745K->171K(153600K), 0.0018051 secs] 181381K->44808K(494976K), 0.0018700 secs] [Times: user=0.01 sys=0.00, real=0.01 secs] 
2019-06-10T14:49:48.739+0000: 49.932: [GC (Allocation Failure) 2019-06-10T14:49:48.739+0000: 49.933: [DefNew: 136747K->166K(153600K), 0.0017492 secs] 181384K->44803K(494976K), 0.0018099 secs] [Times: user=0.00 sys=0.00, real=0.00 secs] 
2019-06-10T14:50:02.539+0000: 63.733: [GC (Allocation Failure) 2019-06-10T14:50:02.540+0000: 63.733: [DefNew: 136742K->510K(153600K), 0.0023967 secs] 181379K->45146K(494976K), 0.0034647 secs] [Times: user=0.00 sys=0.00, real=0.00 secs] 
14:50:04.206 [Curator-PathChildrenCache-0] ERROR o.a.c.f.r.c.PathChildrenCache  - 
java.lang.IllegalStateException: instance must be started before calling this method
	at org.apache.curator.shaded.com.google.common.base.Preconditions.checkState(Preconditions.java:444)
	at org.apache.curator.framework.imps.CuratorFrameworkImpl.getChildren(CuratorFrameworkImpl.java:456)
	at org.apache.curator.framework.recipes.cache.PathChildrenCache.refresh(PathChildrenCache.java:521)
	at org.apache.curator.framework.recipes.cache.RefreshOperation.invoke(RefreshOperation.java:35)
	at org.apache.curator.framework.recipes.cache.PathChildrenCache$9.run(PathChildrenCache.java:786)
	at java.util.concurrent.Executors$RunnableAdapter.call(Executors.java:511)
	at java.util.concurrent.FutureTask.run(FutureTask.java:266)
	at java.util.concurrent.Executors$RunnableAdapter.call(Executors.java:511)
	at java.util.concurrent.FutureTask.run(FutureTask.java:266)
	at java.util.concurrent.ThreadPoolExecutor.runWorker(ThreadPoolExecutor.java:1149)
	at java.util.concurrent.ThreadPoolExecutor$Worker.run(ThreadPoolExecutor.java:624)
	at java.lang.Thread.run(Thread.java:748)
Heap
 def new generation   total 153600K, used 26234K [0x00000000e0c00000, 0x00000000eb2a0000, 0x00000000eb2a0000)
  eden space 136576K,  18% used [0x00000000e0c00000, 0x00000000e251eea8, 0x00000000e9160000)
  from space 17024K,   2% used [0x00000000e9160000, 0x00000000e91df9c0, 0x00000000ea200000)
  to   space 17024K,   0% used [0x00000000ea200000, 0x00000000ea200000, 0x00000000eb2a0000)
 tenured generation   total 341376K, used 44636K [0x00000000eb2a0000, 0x0000000100000000, 0x0000000100000000)
   the space 341376K,  13% used [0x00000000eb2a0000, 0x00000000ede37198, 0x00000000ede37200, 0x0000000100000000)
 Metaspace       used 36245K, capacity 37126K, committed 37376K, reserved 1081344K
  class space    used 4870K, capacity 5075K, committed 5120K, reserved 1048576K
