13:20:44,595 |-INFO in ch.qos.logback.classic.LoggerContext[default] - Could NOT find resource [logback-test.xml]
13:20:44,596 |-INFO in ch.qos.logback.classic.LoggerContext[default] - Could NOT find resource [logback.groovy]
13:20:44,596 |-INFO in ch.qos.logback.classic.LoggerContext[default] - Found resource [logback.xml] at [jar:file:/root/flamestream/lib/flamestream-runtime-1.0-SNAPSHOT.jar!/logback.xml]
13:20:44,601 |-WARN in ch.qos.logback.classic.LoggerContext[default] - Resource [logback.xml] occurs multiple times on the classpath.
13:20:44,601 |-WARN in ch.qos.logback.classic.LoggerContext[default] - Resource [logback.xml] occurs at [jar:file:/root/flamestream/lib/flamestream-runtime-1.0-SNAPSHOT.jar!/logback.xml]
13:20:44,601 |-WARN in ch.qos.logback.classic.LoggerContext[default] - Resource [logback.xml] occurs at [jar:file:/root/flamestream/flamestream-runtime-1.0-SNAPSHOT.jar!/logback.xml]
13:20:44,622 |-INFO in ch.qos.logback.core.joran.spi.ConfigurationWatchList@3fb6a447 - URL [jar:file:/root/flamestream/lib/flamestream-runtime-1.0-SNAPSHOT.jar!/logback.xml] is not of type file
13:20:44,695 |-INFO in ch.qos.logback.classic.joran.action.ConfigurationAction - debug attribute not set
13:20:44,695 |-INFO in ch.qos.logback.core.joran.action.AppenderAction - About to instantiate appender of type [ch.qos.logback.core.ConsoleAppender]
13:20:44,711 |-INFO in ch.qos.logback.core.joran.action.AppenderAction - Naming appender as [STDOUT]
13:20:44,729 |-INFO in ch.qos.logback.core.joran.action.NestedComplexPropertyIA - Assuming default type [ch.qos.logback.classic.encoder.PatternLayoutEncoder] for [encoder] property
13:20:44,817 |-INFO in ch.qos.logback.core.joran.action.AppenderAction - About to instantiate appender of type [ch.qos.logback.core.rolling.RollingFileAppender]
13:20:44,822 |-INFO in ch.qos.logback.core.joran.action.AppenderAction - Naming appender as [FILE]
13:20:44,854 |-INFO in c.q.l.core.rolling.TimeBasedRollingPolicy@127618319 - No compression will be used
13:20:44,856 |-INFO in c.q.l.core.rolling.TimeBasedRollingPolicy@127618319 - Will use the pattern /tmp/application_%d{yyyy-MM-dd}.%i.log for the active file
13:20:44,859 |-INFO in ch.qos.logback.core.rolling.SizeAndTimeBasedFNATP@6b2fad11 - The date pattern is 'yyyy-MM-dd' from file name pattern '/tmp/application_%d{yyyy-MM-dd}.%i.log'.
13:20:44,859 |-INFO in ch.qos.logback.core.rolling.SizeAndTimeBasedFNATP@6b2fad11 - Roll-over at midnight.
13:20:44,864 |-INFO in ch.qos.logback.core.rolling.SizeAndTimeBasedFNATP@6b2fad11 - Setting initial period to Mon Jun 10 13:19:16 UTC 2019
13:20:44,864 |-WARN in ch.qos.logback.core.rolling.SizeAndTimeBasedFNATP@6b2fad11 - SizeAndTimeBasedFNATP is deprecated. Use SizeAndTimeBasedRollingPolicy instead
13:20:44,864 |-WARN in ch.qos.logback.core.rolling.SizeAndTimeBasedFNATP@6b2fad11 - For more information see http://logback.qos.ch/manual/appenders.html#SizeAndTimeBasedRollingPolicy
13:20:44,868 |-INFO in ch.qos.logback.core.joran.action.NestedComplexPropertyIA - Assuming default type [ch.qos.logback.classic.encoder.PatternLayoutEncoder] for [encoder] property
13:20:44,873 |-INFO in ch.qos.logback.core.rolling.RollingFileAppender[FILE] - Active log file name: /tmp/application.log
13:20:44,873 |-INFO in ch.qos.logback.core.rolling.RollingFileAppender[FILE] - File property is set to [/tmp/application.log]
13:20:44,874 |-INFO in ch.qos.logback.classic.joran.action.RootLoggerAction - Setting level of ROOT logger to WARN
13:20:44,874 |-INFO in ch.qos.logback.core.joran.action.AppenderRefAction - Attaching appender named [STDOUT] to Logger[ROOT]
13:20:44,876 |-INFO in ch.qos.logback.core.joran.action.AppenderRefAction - Attaching appender named [FILE] to Logger[ROOT]
13:20:44,876 |-INFO in ch.qos.logback.classic.joran.action.ConfigurationAction - End of configuration.
13:20:44,876 |-INFO in ch.qos.logback.classic.joran.JoranConfigurator@79698539 - Registering current configuration as safe fallback point

Ama winner
Ama winner
2019-06-10T13:20:46.157+0000: 1.745: [Full GC (Metadata GC Threshold) 2019-06-10T13:20:46.157+0000: 1.745: [Tenured: 0K->15168K(341376K), 0.0411636 secs] 115116K->15168K(494976K), [Metaspace: 20730K->20730K(1067008K)], 0.0412333 secs] [Times: user=0.04 sys=0.00, real=0.04 secs] 
13:21:02.733 [Curator-PathChildrenCache-1] WARN  o.a.c.u.ZKPaths  - The version of ZooKeeper being used doesn't support Container nodes. CreateMode.PERSISTENT will be used instead.
2019-06-10T13:21:05.482+0000: 21.070: [GC (Allocation Failure) 2019-06-10T13:21:05.482+0000: 21.071: [DefNew: 135681K->16634K(153600K), 0.0311307 secs] 150850K->51334K(494976K), 0.0311992 secs] [Times: user=0.03 sys=0.01, real=0.03 secs] 
2019-06-10T13:21:06.313+0000: 21.902: [Full GC (Metadata GC Threshold) 2019-06-10T13:21:06.313+0000: 21.902: [Tenured: 34699K->43454K(341376K), 0.0376583 secs] 74093K->43454K(494976K), [Metaspace: 34546K->34546K(1079296K)], 0.0377499 secs] [Times: user=0.03 sys=0.01, real=0.04 secs] 
2019-06-10T13:21:14.505+0000: 30.093: [GC (Allocation Failure) 2019-06-10T13:21:14.505+0000: 30.093: [DefNew: 136576K->149K(153600K), 0.0020735 secs] 180030K->43604K(494976K), 0.0021434 secs] [Times: user=0.00 sys=0.00, real=0.00 secs] 
2019-06-10T13:21:22.587+0000: 38.176: [GC (Allocation Failure) 2019-06-10T13:21:22.587+0000: 38.176: [DefNew: 136725K->150K(153600K), 0.0018449 secs] 180180K->43605K(494976K), 0.0019057 secs] [Times: user=0.00 sys=0.00, real=0.00 secs] 
2019-06-10T13:21:30.696+0000: 46.284: [GC (Allocation Failure) 2019-06-10T13:21:30.696+0000: 46.284: [DefNew: 136726K->150K(153600K), 0.0020293 secs] 180181K->43605K(494976K), 0.0020918 secs] [Times: user=0.00 sys=0.00, real=0.01 secs] 
2019-06-10T13:21:38.885+0000: 54.473: [GC (Allocation Failure) 2019-06-10T13:21:38.885+0000: 54.473: [DefNew: 136726K->152K(153600K), 0.0020840 secs] 180181K->43607K(494976K), 0.0021556 secs] [Times: user=0.00 sys=0.00, real=0.00 secs] 
2019-06-10T13:21:47.226+0000: 62.815: [GC (Allocation Failure) 2019-06-10T13:21:47.226+0000: 62.815: [DefNew: 136728K->495K(153600K), 0.0026124 secs] 180183K->43949K(494976K), 0.0026750 secs] [Times: user=0.00 sys=0.00, real=0.00 secs] 
2019-06-10T13:22:04.549+0000: 80.137: [GC (Allocation Failure) 2019-06-10T13:22:04.549+0000: 80.137: [DefNew: 137071K->497K(153600K), 0.0046229 secs] 180525K->43952K(494976K), 0.0046821 secs] [Times: user=0.00 sys=0.00, real=0.00 secs] 
13:22:04.602 [Curator-PathChildrenCache-0] ERROR o.a.c.f.r.c.PathChildrenCache  - 
java.lang.IllegalStateException: instance must be started before calling this method
	at org.apache.curator.shaded.com.google.common.base.Preconditions.checkState(Preconditions.java:444)
	at org.apache.curator.framework.imps.CuratorFrameworkImpl.getChildren(CuratorFrameworkImpl.java:456)
	at org.apache.curator.framework.recipes.cache.PathChildrenCache.refresh(PathChildrenCache.java:521)
	at org.apache.curator.framework.recipes.cache.RefreshOperation.invoke(RefreshOperation.java:35)
	at org.apache.curator.framework.recipes.cache.PathChildrenCache$9.run(PathChildrenCache.java:786)
	at java.util.concurrent.Executors$RunnableAdapter.call(Executors.java:511)
	at java.util.concurrent.FutureTask.run(FutureTask.java:266)
	at java.util.concurrent.Executors$RunnableAdapter.call(Executors.java:511)
	at java.util.concurrent.FutureTask.run(FutureTask.java:266)
	at java.util.concurrent.ThreadPoolExecutor.runWorker(ThreadPoolExecutor.java:1149)
	at java.util.concurrent.ThreadPoolExecutor$Worker.run(ThreadPoolExecutor.java:624)
	at java.lang.Thread.run(Thread.java:748)
Heap
 def new generation   total 153600K, used 10719K [0x00000000e0c00000, 0x00000000eb2a0000, 0x00000000eb2a0000)
  eden space 136576K,   7% used [0x00000000e0c00000, 0x00000000e15fb8a0, 0x00000000e9160000)
  from space 17024K,   2% used [0x00000000ea200000, 0x00000000ea27c6b8, 0x00000000eb2a0000)
  to   space 17024K,   0% used [0x00000000e9160000, 0x00000000e9160000, 0x00000000ea200000)
 tenured generation   total 341376K, used 43454K [0x00000000eb2a0000, 0x0000000100000000, 0x0000000100000000)
   the space 341376K,  12% used [0x00000000eb2a0000, 0x00000000edd0fb98, 0x00000000edd0fc00, 0x0000000100000000)
 Metaspace       used 36177K, capacity 37056K, committed 37376K, reserved 1081344K
  class space    used 4872K, capacity 5084K, committed 5120K, reserved 1048576K
