13:25:50,746 |-INFO in ch.qos.logback.classic.LoggerContext[default] - Could NOT find resource [logback-test.xml]
13:25:50,746 |-INFO in ch.qos.logback.classic.LoggerContext[default] - Could NOT find resource [logback.groovy]
13:25:50,746 |-INFO in ch.qos.logback.classic.LoggerContext[default] - Found resource [logback.xml] at [jar:file:/root/flamestream/lib/flamestream-runtime-1.0-SNAPSHOT.jar!/logback.xml]
13:25:50,746 |-WARN in ch.qos.logback.classic.LoggerContext[default] - Resource [logback.xml] occurs multiple times on the classpath.
13:25:50,747 |-WARN in ch.qos.logback.classic.LoggerContext[default] - Resource [logback.xml] occurs at [jar:file:/root/flamestream/lib/flamestream-runtime-1.0-SNAPSHOT.jar!/logback.xml]
13:25:50,747 |-WARN in ch.qos.logback.classic.LoggerContext[default] - Resource [logback.xml] occurs at [jar:file:/root/flamestream/flamestream-runtime-1.0-SNAPSHOT.jar!/logback.xml]
13:25:50,770 |-INFO in ch.qos.logback.core.joran.spi.ConfigurationWatchList@3fb6a447 - URL [jar:file:/root/flamestream/lib/flamestream-runtime-1.0-SNAPSHOT.jar!/logback.xml] is not of type file
13:25:50,839 |-INFO in ch.qos.logback.classic.joran.action.ConfigurationAction - debug attribute not set
13:25:50,840 |-INFO in ch.qos.logback.core.joran.action.AppenderAction - About to instantiate appender of type [ch.qos.logback.core.ConsoleAppender]
13:25:50,858 |-INFO in ch.qos.logback.core.joran.action.AppenderAction - Naming appender as [STDOUT]
13:25:50,876 |-INFO in ch.qos.logback.core.joran.action.NestedComplexPropertyIA - Assuming default type [ch.qos.logback.classic.encoder.PatternLayoutEncoder] for [encoder] property
13:25:50,961 |-INFO in ch.qos.logback.core.joran.action.AppenderAction - About to instantiate appender of type [ch.qos.logback.core.rolling.RollingFileAppender]
13:25:50,966 |-INFO in ch.qos.logback.core.joran.action.AppenderAction - Naming appender as [FILE]
13:25:50,997 |-INFO in c.q.l.core.rolling.TimeBasedRollingPolicy@127618319 - No compression will be used
13:25:50,999 |-INFO in c.q.l.core.rolling.TimeBasedRollingPolicy@127618319 - Will use the pattern /tmp/application_%d{yyyy-MM-dd}.%i.log for the active file
13:25:51,002 |-INFO in ch.qos.logback.core.rolling.SizeAndTimeBasedFNATP@6b2fad11 - The date pattern is 'yyyy-MM-dd' from file name pattern '/tmp/application_%d{yyyy-MM-dd}.%i.log'.
13:25:51,002 |-INFO in ch.qos.logback.core.rolling.SizeAndTimeBasedFNATP@6b2fad11 - Roll-over at midnight.
13:25:51,007 |-INFO in ch.qos.logback.core.rolling.SizeAndTimeBasedFNATP@6b2fad11 - Setting initial period to Mon Jun 10 13:24:32 UTC 2019
13:25:51,007 |-WARN in ch.qos.logback.core.rolling.SizeAndTimeBasedFNATP@6b2fad11 - SizeAndTimeBasedFNATP is deprecated. Use SizeAndTimeBasedRollingPolicy instead
13:25:51,007 |-WARN in ch.qos.logback.core.rolling.SizeAndTimeBasedFNATP@6b2fad11 - For more information see http://logback.qos.ch/manual/appenders.html#SizeAndTimeBasedRollingPolicy
13:25:51,011 |-INFO in ch.qos.logback.core.joran.action.NestedComplexPropertyIA - Assuming default type [ch.qos.logback.classic.encoder.PatternLayoutEncoder] for [encoder] property
13:25:51,016 |-INFO in ch.qos.logback.core.rolling.RollingFileAppender[FILE] - Active log file name: /tmp/application.log
13:25:51,016 |-INFO in ch.qos.logback.core.rolling.RollingFileAppender[FILE] - File property is set to [/tmp/application.log]
13:25:51,017 |-INFO in ch.qos.logback.classic.joran.action.RootLoggerAction - Setting level of ROOT logger to WARN
13:25:51,017 |-INFO in ch.qos.logback.core.joran.action.AppenderRefAction - Attaching appender named [STDOUT] to Logger[ROOT]
13:25:51,019 |-INFO in ch.qos.logback.core.joran.action.AppenderRefAction - Attaching appender named [FILE] to Logger[ROOT]
13:25:51,019 |-INFO in ch.qos.logback.classic.joran.action.ConfigurationAction - End of configuration.
13:25:51,019 |-INFO in ch.qos.logback.classic.joran.JoranConfigurator@79698539 - Registering current configuration as safe fallback point

Ama winner
Ama winner
2019-06-10T13:25:52.294+0000: 1.727: [Full GC (Metadata GC Threshold) 2019-06-10T13:25:52.294+0000: 1.727: [Tenured: 0K->15144K(341376K), 0.0395569 secs] 114924K->15144K(494976K), [Metaspace: 20738K->20738K(1067008K)], 0.0396255 secs] [Times: user=0.04 sys=0.00, real=0.04 secs] 
13:26:10.559 [Curator-PathChildrenCache-1] WARN  o.a.c.u.ZKPaths  - The version of ZooKeeper being used doesn't support Container nodes. CreateMode.PERSISTENT will be used instead.
2019-06-10T13:26:13.174+0000: 22.607: [GC (Allocation Failure) 2019-06-10T13:26:13.174+0000: 22.607: [DefNew: 136576K->17023K(153600K), 0.0277820 secs] 151720K->52537K(494976K), 0.0278648 secs] [Times: user=0.02 sys=0.01, real=0.03 secs] 
2019-06-10T13:26:13.838+0000: 23.271: [Full GC (Metadata GC Threshold) 2019-06-10T13:26:13.838+0000: 23.271: [Tenured: 35513K->44271K(341376K), 0.0528999 secs] 72971K->44271K(494976K), [Metaspace: 34579K->34579K(1079296K)], 0.0529755 secs] [Times: user=0.06 sys=0.00, real=0.05 secs] 
2019-06-10T13:26:20.755+0000: 30.188: [GC (Allocation Failure) 2019-06-10T13:26:20.755+0000: 30.188: [DefNew: 136576K->141K(153600K), 0.0020775 secs] 180847K->44413K(494976K), 0.0021367 secs] [Times: user=0.00 sys=0.00, real=0.01 secs] 
2019-06-10T13:26:27.528+0000: 36.961: [GC (Allocation Failure) 2019-06-10T13:26:27.528+0000: 36.961: [DefNew: 136717K->144K(153600K), 0.0017995 secs] 180989K->44416K(494976K), 0.0018597 secs] [Times: user=0.00 sys=0.00, real=0.00 secs] 
2019-06-10T13:26:34.361+0000: 43.794: [GC (Allocation Failure) 2019-06-10T13:26:34.361+0000: 43.794: [DefNew: 136720K->143K(153600K), 0.0018751 secs] 180992K->44415K(494976K), 0.0019387 secs] [Times: user=0.00 sys=0.00, real=0.00 secs] 
2019-06-10T13:26:41.181+0000: 50.614: [GC (Allocation Failure) 2019-06-10T13:26:41.181+0000: 50.614: [DefNew: 136719K->147K(153600K), 0.0018418 secs] 180991K->44419K(494976K), 0.0019016 secs] [Times: user=0.00 sys=0.00, real=0.00 secs] 
2019-06-10T13:26:48.023+0000: 57.456: [GC (Allocation Failure) 2019-06-10T13:26:48.023+0000: 57.456: [DefNew: 136723K->146K(153600K), 0.0019368 secs] 180995K->44417K(494976K), 0.0019975 secs] [Times: user=0.00 sys=0.01, real=0.00 secs] 
2019-06-10T13:27:01.098+0000: 70.531: [GC (Allocation Failure) 2019-06-10T13:27:01.098+0000: 70.531: [DefNew: 136722K->490K(153600K), 0.0024740 secs] 180993K->44761K(494976K), 0.0025391 secs] [Times: user=0.00 sys=0.00, real=0.00 secs] 
13:27:01.665 [Curator-PathChildrenCache-0] ERROR o.a.c.f.r.c.PathChildrenCache  - 
java.lang.IllegalStateException: instance must be started before calling this method
	at org.apache.curator.shaded.com.google.common.base.Preconditions.checkState(Preconditions.java:444)
	at org.apache.curator.framework.imps.CuratorFrameworkImpl.getChildren(CuratorFrameworkImpl.java:456)
	at org.apache.curator.framework.recipes.cache.PathChildrenCache.refresh(PathChildrenCache.java:521)
	at org.apache.curator.framework.recipes.cache.RefreshOperation.invoke(RefreshOperation.java:35)
	at org.apache.curator.framework.recipes.cache.PathChildrenCache$9.run(PathChildrenCache.java:786)
	at java.util.concurrent.Executors$RunnableAdapter.call(Executors.java:511)
	at java.util.concurrent.FutureTask.run(FutureTask.java:266)
	at java.util.concurrent.Executors$RunnableAdapter.call(Executors.java:511)
	at java.util.concurrent.FutureTask.run(FutureTask.java:266)
	at java.util.concurrent.ThreadPoolExecutor.runWorker(ThreadPoolExecutor.java:1149)
	at java.util.concurrent.ThreadPoolExecutor$Worker.run(ThreadPoolExecutor.java:624)
	at java.lang.Thread.run(Thread.java:748)
Heap
 def new generation   total 153600K, used 27136K [0x00000000e0c00000, 0x00000000eb2a0000, 0x00000000eb2a0000)
  eden space 136576K,  19% used [0x00000000e0c00000, 0x00000000e2605868, 0x00000000e9160000)
  from space 17024K,   2% used [0x00000000ea200000, 0x00000000ea27a810, 0x00000000eb2a0000)
  to   space 17024K,   0% used [0x00000000e9160000, 0x00000000e9160000, 0x00000000ea200000)
 tenured generation   total 341376K, used 44271K [0x00000000eb2a0000, 0x0000000100000000, 0x0000000100000000)
   the space 341376K,  12% used [0x00000000eb2a0000, 0x00000000edddbdb8, 0x00000000edddbe00, 0x0000000100000000)
 Metaspace       used 36318K, capacity 37254K, committed 37376K, reserved 1081344K
  class space    used 4871K, capacity 5075K, committed 5120K, reserved 1048576K
