13:11:53,586 |-INFO in ch.qos.logback.classic.LoggerContext[default] - Could NOT find resource [logback-test.xml]
13:11:53,591 |-INFO in ch.qos.logback.classic.LoggerContext[default] - Could NOT find resource [logback.groovy]
13:11:53,591 |-INFO in ch.qos.logback.classic.LoggerContext[default] - Found resource [logback.xml] at [jar:file:/root/flamestream/lib/flamestream-runtime-1.0-SNAPSHOT.jar!/logback.xml]
13:11:53,592 |-WARN in ch.qos.logback.classic.LoggerContext[default] - Resource [logback.xml] occurs multiple times on the classpath.
13:11:53,592 |-WARN in ch.qos.logback.classic.LoggerContext[default] - Resource [logback.xml] occurs at [jar:file:/root/flamestream/lib/flamestream-runtime-1.0-SNAPSHOT.jar!/logback.xml]
13:11:53,592 |-WARN in ch.qos.logback.classic.LoggerContext[default] - Resource [logback.xml] occurs at [jar:file:/root/flamestream/flamestream-runtime-1.0-SNAPSHOT.jar!/logback.xml]
13:11:53,612 |-INFO in ch.qos.logback.core.joran.spi.ConfigurationWatchList@3fb6a447 - URL [jar:file:/root/flamestream/lib/flamestream-runtime-1.0-SNAPSHOT.jar!/logback.xml] is not of type file
13:11:53,682 |-INFO in ch.qos.logback.classic.joran.action.ConfigurationAction - debug attribute not set
13:11:53,683 |-INFO in ch.qos.logback.core.joran.action.AppenderAction - About to instantiate appender of type [ch.qos.logback.core.ConsoleAppender]
13:11:53,697 |-INFO in ch.qos.logback.core.joran.action.AppenderAction - Naming appender as [STDOUT]
13:11:53,716 |-INFO in ch.qos.logback.core.joran.action.NestedComplexPropertyIA - Assuming default type [ch.qos.logback.classic.encoder.PatternLayoutEncoder] for [encoder] property
13:11:53,798 |-INFO in ch.qos.logback.core.joran.action.AppenderAction - About to instantiate appender of type [ch.qos.logback.core.rolling.RollingFileAppender]
13:11:53,806 |-INFO in ch.qos.logback.core.joran.action.AppenderAction - Naming appender as [FILE]
13:11:53,837 |-INFO in c.q.l.core.rolling.TimeBasedRollingPolicy@127618319 - No compression will be used
13:11:53,839 |-INFO in c.q.l.core.rolling.TimeBasedRollingPolicy@127618319 - Will use the pattern /tmp/application_%d{yyyy-MM-dd}.%i.log for the active file
13:11:53,842 |-INFO in ch.qos.logback.core.rolling.SizeAndTimeBasedFNATP@6b2fad11 - The date pattern is 'yyyy-MM-dd' from file name pattern '/tmp/application_%d{yyyy-MM-dd}.%i.log'.
13:11:53,842 |-INFO in ch.qos.logback.core.rolling.SizeAndTimeBasedFNATP@6b2fad11 - Roll-over at midnight.
13:11:53,847 |-INFO in ch.qos.logback.core.rolling.SizeAndTimeBasedFNATP@6b2fad11 - Setting initial period to Mon Jun 10 13:10:27 UTC 2019
13:11:53,847 |-WARN in ch.qos.logback.core.rolling.SizeAndTimeBasedFNATP@6b2fad11 - SizeAndTimeBasedFNATP is deprecated. Use SizeAndTimeBasedRollingPolicy instead
13:11:53,847 |-WARN in ch.qos.logback.core.rolling.SizeAndTimeBasedFNATP@6b2fad11 - For more information see http://logback.qos.ch/manual/appenders.html#SizeAndTimeBasedRollingPolicy
13:11:53,851 |-INFO in ch.qos.logback.core.joran.action.NestedComplexPropertyIA - Assuming default type [ch.qos.logback.classic.encoder.PatternLayoutEncoder] for [encoder] property
13:11:53,856 |-INFO in ch.qos.logback.core.rolling.RollingFileAppender[FILE] - Active log file name: /tmp/application.log
13:11:53,856 |-INFO in ch.qos.logback.core.rolling.RollingFileAppender[FILE] - File property is set to [/tmp/application.log]
13:11:53,856 |-INFO in ch.qos.logback.classic.joran.action.RootLoggerAction - Setting level of ROOT logger to WARN
13:11:53,856 |-INFO in ch.qos.logback.core.joran.action.AppenderRefAction - Attaching appender named [STDOUT] to Logger[ROOT]
13:11:53,858 |-INFO in ch.qos.logback.core.joran.action.AppenderRefAction - Attaching appender named [FILE] to Logger[ROOT]
13:11:53,858 |-INFO in ch.qos.logback.classic.joran.action.ConfigurationAction - End of configuration.
13:11:53,859 |-INFO in ch.qos.logback.classic.joran.JoranConfigurator@79698539 - Registering current configuration as safe fallback point

Ama winner
Ama winner
2019-06-10T13:11:55.129+0000: 1.722: [Full GC (Metadata GC Threshold) 2019-06-10T13:11:55.129+0000: 1.722: [Tenured: 0K->15177K(341376K), 0.0385021 secs] 117750K->15177K(494976K), [Metaspace: 20732K->20732K(1067008K)], 0.0385677 secs] [Times: user=0.04 sys=0.01, real=0.04 secs] 
13:12:13.033 [Curator-PathChildrenCache-1] WARN  o.a.c.u.ZKPaths  - The version of ZooKeeper being used doesn't support Container nodes. CreateMode.PERSISTENT will be used instead.
2019-06-10T13:12:15.244+0000: 21.836: [GC (Allocation Failure) 2019-06-10T13:12:15.244+0000: 21.836: [DefNew: 136576K->17023K(153600K), 0.0246950 secs] 151753K->52625K(494976K), 0.0247578 secs] [Times: user=0.01 sys=0.02, real=0.02 secs] 
2019-06-10T13:12:16.720+0000: 23.313: [Full GC (Metadata GC Threshold) 2019-06-10T13:12:16.720+0000: 23.313: [Tenured: 35601K->44314K(341376K), 0.0388597 secs] 78836K->44314K(494976K), [Metaspace: 34578K->34578K(1079296K)], 0.0389423 secs] [Times: user=0.03 sys=0.01, real=0.04 secs] 
2019-06-10T13:12:25.645+0000: 32.238: [GC (Allocation Failure) 2019-06-10T13:12:25.645+0000: 32.238: [DefNew: 136576K->66K(153600K), 0.0018936 secs] 180890K->44381K(494976K), 0.0019543 secs] [Times: user=0.00 sys=0.00, real=0.00 secs] 
2019-06-10T13:12:34.527+0000: 41.119: [GC (Allocation Failure) 2019-06-10T13:12:34.527+0000: 41.119: [DefNew: 136642K->70K(153600K), 0.0017791 secs] 180957K->44385K(494976K), 0.0018428 secs] [Times: user=0.00 sys=0.00, real=0.00 secs] 
2019-06-10T13:12:43.478+0000: 50.071: [GC (Allocation Failure) 2019-06-10T13:12:43.478+0000: 50.071: [DefNew: 136646K->70K(153600K), 0.0018167 secs] 180961K->44385K(494976K), 0.0018985 secs] [Times: user=0.00 sys=0.00, real=0.00 secs] 
2019-06-10T13:12:52.408+0000: 59.000: [GC (Allocation Failure) 2019-06-10T13:12:52.408+0000: 59.000: [DefNew: 136646K->68K(153600K), 0.0018155 secs] 180961K->44383K(494976K), 0.0018739 secs] [Times: user=0.00 sys=0.00, real=0.00 secs] 
2019-06-10T13:13:02.442+0000: 69.034: [GC (Allocation Failure) 2019-06-10T13:13:02.442+0000: 69.034: [DefNew: 136644K->410K(153600K), 0.0022877 secs] 180959K->44725K(494976K), 0.0023594 secs] [Times: user=0.00 sys=0.00, real=0.01 secs] 
2019-06-10T13:13:13.234+0000: 79.826: [GC (Allocation Failure) 2019-06-10T13:13:13.234+0000: 79.826: [DefNew: 136986K->167K(153600K), 0.0021078 secs] 181301K->44482K(494976K), 0.0021698 secs] [Times: user=0.00 sys=0.00, real=0.00 secs] 
13:13:31.148 [Curator-PathChildrenCache-0] ERROR o.a.c.f.r.c.PathChildrenCache  - 
java.lang.IllegalStateException: instance must be started before calling this method
	at org.apache.curator.shaded.com.google.common.base.Preconditions.checkState(Preconditions.java:444)
	at org.apache.curator.framework.imps.CuratorFrameworkImpl.getChildren(CuratorFrameworkImpl.java:456)
	at org.apache.curator.framework.recipes.cache.PathChildrenCache.refresh(PathChildrenCache.java:521)
	at org.apache.curator.framework.recipes.cache.RefreshOperation.invoke(RefreshOperation.java:35)
	at org.apache.curator.framework.recipes.cache.PathChildrenCache$9.run(PathChildrenCache.java:786)
	at java.util.concurrent.Executors$RunnableAdapter.call(Executors.java:511)
	at java.util.concurrent.FutureTask.run(FutureTask.java:266)
	at java.util.concurrent.Executors$RunnableAdapter.call(Executors.java:511)
	at java.util.concurrent.FutureTask.run(FutureTask.java:266)
	at java.util.concurrent.ThreadPoolExecutor.runWorker(ThreadPoolExecutor.java:1149)
	at java.util.concurrent.ThreadPoolExecutor$Worker.run(ThreadPoolExecutor.java:624)
	at java.lang.Thread.run(Thread.java:748)
Heap
 def new generation   total 153600K, used 106871K [0x00000000e0c00000, 0x00000000eb2a0000, 0x00000000eb2a0000)
  eden space 136576K,  78% used [0x00000000e0c00000, 0x00000000e7433e78, 0x00000000e9160000)
  from space 17024K,   0% used [0x00000000ea200000, 0x00000000ea229f08, 0x00000000eb2a0000)
  to   space 17024K,   0% used [0x00000000e9160000, 0x00000000e9160000, 0x00000000ea200000)
 tenured generation   total 341376K, used 44314K [0x00000000eb2a0000, 0x0000000100000000, 0x0000000100000000)
   the space 341376K,  12% used [0x00000000eb2a0000, 0x00000000edde6bc8, 0x00000000edde6c00, 0x0000000100000000)
 Metaspace       used 36264K, capacity 37182K, committed 37376K, reserved 1081344K
  class space    used 4870K, capacity 5073K, committed 5120K, reserved 1048576K
