05:46:23,224 |-INFO in ch.qos.logback.classic.LoggerContext[default] - Could NOT find resource [logback-test.xml]
05:46:23,224 |-INFO in ch.qos.logback.classic.LoggerContext[default] - Could NOT find resource [logback.groovy]
05:46:23,224 |-INFO in ch.qos.logback.classic.LoggerContext[default] - Found resource [logback.xml] at [jar:file:/root/flamestream/lib/flamestream-runtime-1.0-SNAPSHOT.jar!/logback.xml]
05:46:23,226 |-WARN in ch.qos.logback.classic.LoggerContext[default] - Resource [logback.xml] occurs multiple times on the classpath.
05:46:23,226 |-WARN in ch.qos.logback.classic.LoggerContext[default] - Resource [logback.xml] occurs at [jar:file:/root/flamestream/lib/flamestream-runtime-1.0-SNAPSHOT.jar!/logback.xml]
05:46:23,226 |-WARN in ch.qos.logback.classic.LoggerContext[default] - Resource [logback.xml] occurs at [jar:file:/root/flamestream/flamestream-runtime-1.0-SNAPSHOT.jar!/logback.xml]
05:46:23,246 |-INFO in ch.qos.logback.core.joran.spi.ConfigurationWatchList@3fb6a447 - URL [jar:file:/root/flamestream/lib/flamestream-runtime-1.0-SNAPSHOT.jar!/logback.xml] is not of type file
05:46:23,316 |-INFO in ch.qos.logback.classic.joran.action.ConfigurationAction - debug attribute not set
05:46:23,317 |-INFO in ch.qos.logback.core.joran.action.AppenderAction - About to instantiate appender of type [ch.qos.logback.core.ConsoleAppender]
05:46:23,336 |-INFO in ch.qos.logback.core.joran.action.AppenderAction - Naming appender as [STDOUT]
05:46:23,354 |-INFO in ch.qos.logback.core.joran.action.NestedComplexPropertyIA - Assuming default type [ch.qos.logback.classic.encoder.PatternLayoutEncoder] for [encoder] property
05:46:23,439 |-INFO in ch.qos.logback.core.joran.action.AppenderAction - About to instantiate appender of type [ch.qos.logback.core.rolling.RollingFileAppender]
05:46:23,444 |-INFO in ch.qos.logback.core.joran.action.AppenderAction - Naming appender as [FILE]
05:46:23,475 |-INFO in c.q.l.core.rolling.TimeBasedRollingPolicy@127618319 - No compression will be used
05:46:23,477 |-INFO in c.q.l.core.rolling.TimeBasedRollingPolicy@127618319 - Will use the pattern /tmp/application_%d{yyyy-MM-dd}.%i.log for the active file
05:46:23,480 |-INFO in ch.qos.logback.core.rolling.SizeAndTimeBasedFNATP@6b2fad11 - The date pattern is 'yyyy-MM-dd' from file name pattern '/tmp/application_%d{yyyy-MM-dd}.%i.log'.
05:46:23,480 |-INFO in ch.qos.logback.core.rolling.SizeAndTimeBasedFNATP@6b2fad11 - Roll-over at midnight.
05:46:23,485 |-INFO in ch.qos.logback.core.rolling.SizeAndTimeBasedFNATP@6b2fad11 - Setting initial period to Tue Jun 11 05:45:08 UTC 2019
05:46:23,485 |-WARN in ch.qos.logback.core.rolling.SizeAndTimeBasedFNATP@6b2fad11 - SizeAndTimeBasedFNATP is deprecated. Use SizeAndTimeBasedRollingPolicy instead
05:46:23,485 |-WARN in ch.qos.logback.core.rolling.SizeAndTimeBasedFNATP@6b2fad11 - For more information see http://logback.qos.ch/manual/appenders.html#SizeAndTimeBasedRollingPolicy
05:46:23,489 |-INFO in ch.qos.logback.core.joran.action.NestedComplexPropertyIA - Assuming default type [ch.qos.logback.classic.encoder.PatternLayoutEncoder] for [encoder] property
05:46:23,494 |-INFO in ch.qos.logback.core.rolling.RollingFileAppender[FILE] - Active log file name: /tmp/application.log
05:46:23,494 |-INFO in ch.qos.logback.core.rolling.RollingFileAppender[FILE] - File property is set to [/tmp/application.log]
05:46:23,495 |-INFO in ch.qos.logback.classic.joran.action.RootLoggerAction - Setting level of ROOT logger to WARN
05:46:23,495 |-INFO in ch.qos.logback.core.joran.action.AppenderRefAction - Attaching appender named [STDOUT] to Logger[ROOT]
05:46:23,497 |-INFO in ch.qos.logback.core.joran.action.AppenderRefAction - Attaching appender named [FILE] to Logger[ROOT]
05:46:23,497 |-INFO in ch.qos.logback.classic.joran.action.ConfigurationAction - End of configuration.
05:46:23,498 |-INFO in ch.qos.logback.classic.joran.JoranConfigurator@79698539 - Registering current configuration as safe fallback point

Ama winner
Ama winner
2019-06-11T05:46:24.831+0000: 1.793: [Full GC (Metadata GC Threshold) 2019-06-11T05:46:24.831+0000: 1.793: [Tenured: 0K->15240K(341376K), 0.0428583 secs] 117750K->15240K(494976K), [Metaspace: 20726K->20726K(1067008K)], 0.0429322 secs] [Times: user=0.04 sys=0.01, real=0.04 secs] 
05:46:39.035 [Curator-PathChildrenCache-1] WARN  o.a.c.u.ZKPaths  - The version of ZooKeeper being used doesn't support Container nodes. CreateMode.PERSISTENT will be used instead.
2019-06-11T05:46:41.391+0000: 18.352: [GC (Allocation Failure) 2019-06-11T05:46:41.391+0000: 18.352: [DefNew: 136576K->17023K(153600K), 0.0264107 secs] 151816K->52463K(494976K), 0.0264780 secs] [Times: user=0.03 sys=0.00, real=0.03 secs] 
2019-06-11T05:46:42.502+0000: 19.463: [Full GC (Metadata GC Threshold) 2019-06-11T05:46:42.502+0000: 19.463: [Tenured: 35439K->43640K(341376K), 0.0396975 secs] 85514K->43640K(494976K), [Metaspace: 34545K->34545K(1079296K)], 0.0397756 secs] [Times: user=0.03 sys=0.00, real=0.04 secs] 
2019-06-11T05:46:47.897+0000: 24.858: [GC (Allocation Failure) 2019-06-11T05:46:47.897+0000: 24.858: [DefNew: 136576K->136K(153600K), 0.0018934 secs] 180216K->43777K(494976K), 0.0019514 secs] [Times: user=0.00 sys=0.00, real=0.00 secs] 
2019-06-11T05:46:53.198+0000: 30.160: [GC (Allocation Failure) 2019-06-11T05:46:53.198+0000: 30.160: [DefNew: 136712K->139K(153600K), 0.0018122 secs] 180353K->43780K(494976K), 0.0018712 secs] [Times: user=0.00 sys=0.00, real=0.00 secs] 
2019-06-11T05:46:58.586+0000: 35.547: [GC (Allocation Failure) 2019-06-11T05:46:58.586+0000: 35.547: [DefNew: 136715K->171K(153600K), 0.0018461 secs] 180356K->43812K(494976K), 0.0019177 secs] [Times: user=0.00 sys=0.00, real=0.00 secs] 
2019-06-11T05:47:03.956+0000: 40.917: [GC (Allocation Failure) 2019-06-11T05:47:03.956+0000: 40.917: [DefNew: 136747K->205K(153600K), 0.0018779 secs] 180388K->43846K(494976K), 0.0019492 secs] [Times: user=0.01 sys=0.00, real=0.01 secs] 
2019-06-11T05:47:09.432+0000: 46.393: [GC (Allocation Failure) 2019-06-11T05:47:09.432+0000: 46.393: [DefNew: 136781K->239K(153600K), 0.0019047 secs] 180422K->43880K(494976K), 0.0019717 secs] [Times: user=0.00 sys=0.00, real=0.00 secs] 
05:47:15.471 [Curator-PathChildrenCache-0] ERROR o.a.c.f.r.c.PathChildrenCache  - 
java.lang.IllegalStateException: instance must be started before calling this method
	at org.apache.curator.shaded.com.google.common.base.Preconditions.checkState(Preconditions.java:444)
	at org.apache.curator.framework.imps.CuratorFrameworkImpl.getChildren(CuratorFrameworkImpl.java:456)
	at org.apache.curator.framework.recipes.cache.PathChildrenCache.refresh(PathChildrenCache.java:521)
	at org.apache.curator.framework.recipes.cache.RefreshOperation.invoke(RefreshOperation.java:35)
	at org.apache.curator.framework.recipes.cache.PathChildrenCache$9.run(PathChildrenCache.java:786)
	at java.util.concurrent.Executors$RunnableAdapter.call(Executors.java:511)
	at java.util.concurrent.FutureTask.run(FutureTask.java:266)
	at java.util.concurrent.Executors$RunnableAdapter.call(Executors.java:511)
	at java.util.concurrent.FutureTask.run(FutureTask.java:266)
	at java.util.concurrent.ThreadPoolExecutor.runWorker(ThreadPoolExecutor.java:1149)
	at java.util.concurrent.ThreadPoolExecutor$Worker.run(ThreadPoolExecutor.java:624)
	at java.lang.Thread.run(Thread.java:748)
Heap
 def new generation   total 153600K, used 57562K [0x00000000e0c00000, 0x00000000eb2a0000, 0x00000000eb2a0000)
  eden space 136576K,  41% used [0x00000000e0c00000, 0x00000000e43fac90, 0x00000000e9160000)
  from space 17024K,   1% used [0x00000000e9160000, 0x00000000e919bd60, 0x00000000ea200000)
  to   space 17024K,   0% used [0x00000000ea200000, 0x00000000ea200000, 0x00000000eb2a0000)
 tenured generation   total 341376K, used 43640K [0x00000000eb2a0000, 0x0000000100000000, 0x0000000100000000)
   the space 341376K,  12% used [0x00000000eb2a0000, 0x00000000edd3e378, 0x00000000edd3e400, 0x0000000100000000)
 Metaspace       used 35784K, capacity 36710K, committed 36864K, reserved 1081344K
  class space    used 4826K, capacity 5017K, committed 5120K, reserved 1048576K
