19:53:36,045 |-INFO in ch.qos.logback.classic.LoggerContext[default] - Could NOT find resource [logback-test.xml]
19:53:36,045 |-INFO in ch.qos.logback.classic.LoggerContext[default] - Could NOT find resource [logback.groovy]
19:53:36,046 |-INFO in ch.qos.logback.classic.LoggerContext[default] - Found resource [logback.xml] at [jar:file:/root/flamestream/lib/flamestream-runtime-1.0-SNAPSHOT.jar!/logback.xml]
19:53:36,046 |-WARN in ch.qos.logback.classic.LoggerContext[default] - Resource [logback.xml] occurs multiple times on the classpath.
19:53:36,047 |-WARN in ch.qos.logback.classic.LoggerContext[default] - Resource [logback.xml] occurs at [jar:file:/root/flamestream/lib/flamestream-runtime-1.0-SNAPSHOT.jar!/logback.xml]
19:53:36,047 |-WARN in ch.qos.logback.classic.LoggerContext[default] - Resource [logback.xml] occurs at [jar:file:/root/flamestream/flamestream-runtime-1.0-SNAPSHOT.jar!/logback.xml]
19:53:36,066 |-INFO in ch.qos.logback.core.joran.spi.ConfigurationWatchList@3fb6a447 - URL [jar:file:/root/flamestream/lib/flamestream-runtime-1.0-SNAPSHOT.jar!/logback.xml] is not of type file
19:53:36,132 |-INFO in ch.qos.logback.classic.joran.action.ConfigurationAction - debug attribute not set
19:53:36,132 |-INFO in ch.qos.logback.core.joran.action.AppenderAction - About to instantiate appender of type [ch.qos.logback.core.ConsoleAppender]
19:53:36,148 |-INFO in ch.qos.logback.core.joran.action.AppenderAction - Naming appender as [STDOUT]
19:53:36,168 |-INFO in ch.qos.logback.core.joran.action.NestedComplexPropertyIA - Assuming default type [ch.qos.logback.classic.encoder.PatternLayoutEncoder] for [encoder] property
19:53:36,250 |-INFO in ch.qos.logback.core.joran.action.AppenderAction - About to instantiate appender of type [ch.qos.logback.core.rolling.RollingFileAppender]
19:53:36,254 |-INFO in ch.qos.logback.core.joran.action.AppenderAction - Naming appender as [FILE]
19:53:36,284 |-INFO in c.q.l.core.rolling.TimeBasedRollingPolicy@127618319 - No compression will be used
19:53:36,286 |-INFO in c.q.l.core.rolling.TimeBasedRollingPolicy@127618319 - Will use the pattern /tmp/application_%d{yyyy-MM-dd}.%i.log for the active file
19:53:36,289 |-INFO in ch.qos.logback.core.rolling.SizeAndTimeBasedFNATP@6b2fad11 - The date pattern is 'yyyy-MM-dd' from file name pattern '/tmp/application_%d{yyyy-MM-dd}.%i.log'.
19:53:36,289 |-INFO in ch.qos.logback.core.rolling.SizeAndTimeBasedFNATP@6b2fad11 - Roll-over at midnight.
19:53:36,294 |-INFO in ch.qos.logback.core.rolling.SizeAndTimeBasedFNATP@6b2fad11 - Setting initial period to Mon Jun 10 19:52:19 UTC 2019
19:53:36,294 |-WARN in ch.qos.logback.core.rolling.SizeAndTimeBasedFNATP@6b2fad11 - SizeAndTimeBasedFNATP is deprecated. Use SizeAndTimeBasedRollingPolicy instead
19:53:36,294 |-WARN in ch.qos.logback.core.rolling.SizeAndTimeBasedFNATP@6b2fad11 - For more information see http://logback.qos.ch/manual/appenders.html#SizeAndTimeBasedRollingPolicy
19:53:36,298 |-INFO in ch.qos.logback.core.joran.action.NestedComplexPropertyIA - Assuming default type [ch.qos.logback.classic.encoder.PatternLayoutEncoder] for [encoder] property
19:53:36,303 |-INFO in ch.qos.logback.core.rolling.RollingFileAppender[FILE] - Active log file name: /tmp/application.log
19:53:36,303 |-INFO in ch.qos.logback.core.rolling.RollingFileAppender[FILE] - File property is set to [/tmp/application.log]
19:53:36,304 |-INFO in ch.qos.logback.classic.joran.action.RootLoggerAction - Setting level of ROOT logger to WARN
19:53:36,304 |-INFO in ch.qos.logback.core.joran.action.AppenderRefAction - Attaching appender named [STDOUT] to Logger[ROOT]
19:53:36,306 |-INFO in ch.qos.logback.core.joran.action.AppenderRefAction - Attaching appender named [FILE] to Logger[ROOT]
19:53:36,306 |-INFO in ch.qos.logback.classic.joran.action.ConfigurationAction - End of configuration.
19:53:36,306 |-INFO in ch.qos.logback.classic.joran.JoranConfigurator@79698539 - Registering current configuration as safe fallback point

Ama winner
Ama winner
2019-06-10T19:53:37.561+0000: 1.704: [Full GC (Metadata GC Threshold) 2019-06-10T19:53:37.561+0000: 1.704: [Tenured: 0K->15208K(341376K), 0.0397378 secs] 114987K->15208K(494976K), [Metaspace: 20735K->20735K(1067008K)], 0.0398066 secs] [Times: user=0.03 sys=0.01, real=0.04 secs] 
19:53:56.080 [Curator-PathChildrenCache-2] WARN  o.a.c.u.ZKPaths  - The version of ZooKeeper being used doesn't support Container nodes. CreateMode.PERSISTENT will be used instead.
2019-06-10T19:53:58.173+0000: 22.316: [GC (Allocation Failure) 2019-06-10T19:53:58.173+0000: 22.316: [DefNew: 136576K->17023K(153600K), 0.0266481 secs] 151784K->52860K(494976K), 0.0267283 secs] [Times: user=0.01 sys=0.02, real=0.03 secs] 
2019-06-10T19:53:58.676+0000: 22.819: [Full GC (Metadata GC Threshold) 2019-06-10T19:53:58.676+0000: 22.819: [Tenured: 35836K->44326K(341376K), 0.0363065 secs] 72245K->44326K(494976K), [Metaspace: 34588K->34588K(1079296K)], 0.0363838 secs] [Times: user=0.04 sys=0.00, real=0.03 secs] 
2019-06-10T19:54:04.341+0000: 28.484: [GC (Allocation Failure) 2019-06-10T19:54:04.341+0000: 28.484: [DefNew: 136576K->161K(153600K), 0.0021281 secs] 180902K->44487K(494976K), 0.0021856 secs] [Times: user=0.00 sys=0.00, real=0.00 secs] 
2019-06-10T19:54:09.997+0000: 34.140: [GC (Allocation Failure) 2019-06-10T19:54:09.997+0000: 34.140: [DefNew: 136737K->155K(153600K), 0.0019956 secs] 181063K->44481K(494976K), 0.0020616 secs] [Times: user=0.01 sys=0.00, real=0.00 secs] 
2019-06-10T19:54:15.609+0000: 39.751: [GC (Allocation Failure) 2019-06-10T19:54:15.609+0000: 39.751: [DefNew: 136731K->156K(153600K), 0.0020186 secs] 181057K->44482K(494976K), 0.0020790 secs] [Times: user=0.00 sys=0.00, real=0.00 secs] 
2019-06-10T19:54:21.250+0000: 45.393: [GC (Allocation Failure) 2019-06-10T19:54:21.251+0000: 45.393: [DefNew: 136732K->161K(153600K), 0.0020135 secs] 181058K->44487K(494976K), 0.0020800 secs] [Times: user=0.00 sys=0.00, real=0.00 secs] 
2019-06-10T19:54:26.843+0000: 50.986: [GC (Allocation Failure) 2019-06-10T19:54:26.843+0000: 50.986: [DefNew: 136737K->157K(153600K), 0.0019745 secs] 181063K->44483K(494976K), 0.0020346 secs] [Times: user=0.00 sys=0.00, real=0.01 secs] 
2019-06-10T19:54:32.522+0000: 56.665: [GC (Allocation Failure) 2019-06-10T19:54:32.522+0000: 56.665: [DefNew: 136733K->159K(153600K), 0.0020280 secs] 181059K->44485K(494976K), 0.0020971 secs] [Times: user=0.00 sys=0.00, real=0.00 secs] 
2019-06-10T19:54:38.101+0000: 62.244: [GC (Allocation Failure) 2019-06-10T19:54:38.101+0000: 62.244: [DefNew: 136735K->454K(153600K), 0.0024762 secs] 181061K->44780K(494976K), 0.0025416 secs] [Times: user=0.00 sys=0.00, real=0.00 secs] 
2019-06-10T19:54:44.346+0000: 68.489: [GC (Allocation Failure) 2019-06-10T19:54:44.346+0000: 68.489: [DefNew: 137030K->293K(153600K), 0.0024377 secs] 181356K->44619K(494976K), 0.0025035 secs] [Times: user=0.00 sys=0.00, real=0.00 secs] 
2019-06-10T19:54:50.527+0000: 74.669: [GC (Allocation Failure) 2019-06-10T19:54:50.527+0000: 74.669: [DefNew: 136869K->289K(153600K), 0.0022518 secs] 181195K->44615K(494976K), 0.0023142 secs] [Times: user=0.00 sys=0.00, real=0.00 secs] 
2019-06-10T19:55:07.606+0000: 91.749: [GC (Allocation Failure) 2019-06-10T19:55:07.606+0000: 91.749: [DefNew: 136865K->290K(153600K), 0.0023039 secs] 181191K->44616K(494976K), 0.0023760 secs] [Times: user=0.00 sys=0.00, real=0.00 secs] 
19:55:09.947 [Curator-PathChildrenCache-0] ERROR o.a.c.f.r.c.PathChildrenCache  - 
java.lang.IllegalStateException: instance must be started before calling this method
	at org.apache.curator.shaded.com.google.common.base.Preconditions.checkState(Preconditions.java:444)
	at org.apache.curator.framework.imps.CuratorFrameworkImpl.getChildren(CuratorFrameworkImpl.java:456)
	at org.apache.curator.framework.recipes.cache.PathChildrenCache.refresh(PathChildrenCache.java:521)
	at org.apache.curator.framework.recipes.cache.RefreshOperation.invoke(RefreshOperation.java:35)
	at org.apache.curator.framework.recipes.cache.PathChildrenCache$9.run(PathChildrenCache.java:786)
	at java.util.concurrent.Executors$RunnableAdapter.call(Executors.java:511)
	at java.util.concurrent.FutureTask.run(FutureTask.java:266)
	at java.util.concurrent.Executors$RunnableAdapter.call(Executors.java:511)
	at java.util.concurrent.FutureTask.run(FutureTask.java:266)
	at java.util.concurrent.ThreadPoolExecutor.runWorker(ThreadPoolExecutor.java:1149)
	at java.util.concurrent.ThreadPoolExecutor$Worker.run(ThreadPoolExecutor.java:624)
	at java.lang.Thread.run(Thread.java:748)
Heap
 def new generation   total 153600K, used 29291K [0x00000000e0c00000, 0x00000000eb2a0000, 0x00000000eb2a0000)
  eden space 136576K,  21% used [0x00000000e0c00000, 0x00000000e2852788, 0x00000000e9160000)
  from space 17024K,   1% used [0x00000000ea200000, 0x00000000ea248848, 0x00000000eb2a0000)
  to   space 17024K,   0% used [0x00000000e9160000, 0x00000000e9160000, 0x00000000ea200000)
 tenured generation   total 341376K, used 44326K [0x00000000eb2a0000, 0x0000000100000000, 0x0000000100000000)
   the space 341376K,  12% used [0x00000000eb2a0000, 0x00000000edde9818, 0x00000000edde9a00, 0x0000000100000000)
 Metaspace       used 36229K, capacity 37186K, committed 37504K, reserved 1081344K
  class space    used 4904K, capacity 5123K, committed 5248K, reserved 1048576K
