05:33:14,133 |-INFO in ch.qos.logback.classic.LoggerContext[default] - Could NOT find resource [logback-test.xml]
05:33:14,133 |-INFO in ch.qos.logback.classic.LoggerContext[default] - Could NOT find resource [logback.groovy]
05:33:14,134 |-INFO in ch.qos.logback.classic.LoggerContext[default] - Found resource [logback.xml] at [jar:file:/home/nikitasokolov/flamestream/lib/flamestream-runtime-1.0-SNAPSHOT.jar!/logback.xml]
05:33:14,134 |-WARN in ch.qos.logback.classic.LoggerContext[default] - Resource [logback.xml] occurs multiple times on the classpath.
05:33:14,134 |-WARN in ch.qos.logback.classic.LoggerContext[default] - Resource [logback.xml] occurs at [jar:file:/home/nikitasokolov/flamestream/lib/flamestream-runtime-1.0-SNAPSHOT.jar!/logback.xml]
05:33:14,134 |-WARN in ch.qos.logback.classic.LoggerContext[default] - Resource [logback.xml] occurs at [jar:file:/home/nikitasokolov/flamestream/flamestream-runtime-1.0-SNAPSHOT.jar!/logback.xml]
05:33:14,151 |-INFO in ch.qos.logback.core.joran.spi.ConfigurationWatchList@6108b2d7 - URL [jar:file:/home/nikitasokolov/flamestream/lib/flamestream-runtime-1.0-SNAPSHOT.jar!/logback.xml] is not of type file
05:33:14,202 |-INFO in ch.qos.logback.classic.joran.action.ConfigurationAction - debug attribute not set
05:33:14,202 |-INFO in ch.qos.logback.core.joran.action.AppenderAction - About to instantiate appender of type [ch.qos.logback.core.ConsoleAppender]
05:33:14,214 |-INFO in ch.qos.logback.core.joran.action.AppenderAction - Naming appender as [STDOUT]
05:33:14,224 |-INFO in ch.qos.logback.core.joran.action.NestedComplexPropertyIA - Assuming default type [ch.qos.logback.classic.encoder.PatternLayoutEncoder] for [encoder] property
05:33:14,281 |-INFO in ch.qos.logback.core.joran.action.AppenderAction - About to instantiate appender of type [ch.qos.logback.core.rolling.RollingFileAppender]
05:33:14,287 |-INFO in ch.qos.logback.core.joran.action.AppenderAction - Naming appender as [FILE]
05:33:14,309 |-INFO in c.q.l.core.rolling.TimeBasedRollingPolicy@357863579 - No compression will be used
05:33:14,310 |-INFO in c.q.l.core.rolling.TimeBasedRollingPolicy@357863579 - Will use the pattern /tmp/application_%d{yyyy-MM-dd}.%i.log for the active file
05:33:14,313 |-INFO in ch.qos.logback.core.rolling.SizeAndTimeBasedFNATP@6bf256fa - The date pattern is 'yyyy-MM-dd' from file name pattern '/tmp/application_%d{yyyy-MM-dd}.%i.log'.
05:33:14,313 |-INFO in ch.qos.logback.core.rolling.SizeAndTimeBasedFNATP@6bf256fa - Roll-over at midnight.
05:33:14,317 |-INFO in ch.qos.logback.core.rolling.SizeAndTimeBasedFNATP@6bf256fa - Setting initial period to Sun Jun 09 05:32:34 MSK 2019
05:33:14,317 |-WARN in ch.qos.logback.core.rolling.SizeAndTimeBasedFNATP@6bf256fa - SizeAndTimeBasedFNATP is deprecated. Use SizeAndTimeBasedRollingPolicy instead
05:33:14,317 |-WARN in ch.qos.logback.core.rolling.SizeAndTimeBasedFNATP@6bf256fa - For more information see http://logback.qos.ch/manual/appenders.html#SizeAndTimeBasedRollingPolicy
05:33:14,322 |-INFO in ch.qos.logback.core.joran.action.NestedComplexPropertyIA - Assuming default type [ch.qos.logback.classic.encoder.PatternLayoutEncoder] for [encoder] property
05:33:14,325 |-INFO in ch.qos.logback.core.rolling.RollingFileAppender[FILE] - Active log file name: /tmp/application.log
05:33:14,325 |-INFO in ch.qos.logback.core.rolling.RollingFileAppender[FILE] - File property is set to [/tmp/application.log]
05:33:14,327 |-INFO in ch.qos.logback.classic.joran.action.RootLoggerAction - Setting level of ROOT logger to WARN
05:33:14,327 |-INFO in ch.qos.logback.core.joran.action.AppenderRefAction - Attaching appender named [STDOUT] to Logger[ROOT]
05:33:14,328 |-INFO in ch.qos.logback.core.joran.action.AppenderRefAction - Attaching appender named [FILE] to Logger[ROOT]
05:33:14,328 |-INFO in ch.qos.logback.classic.joran.action.ConfigurationAction - End of configuration.
05:33:14,328 |-INFO in ch.qos.logback.classic.joran.JoranConfigurator@6cd8737 - Registering current configuration as safe fallback point

2019-06-09T05:33:15.338+0300: 1.413: [GC (Metadata GC Threshold) [PSYoungGen: 108151K->15778K(149504K)] 108151K->15858K(491008K), 0.0273978 secs] [Times: user=0.10 sys=0.03, real=0.02 secs] 
2019-06-09T05:33:15.366+0300: 1.440: [Full GC (Metadata GC Threshold) [PSYoungGen: 15778K->0K(149504K)] [ParOldGen: 80K->14981K(341504K)] 15858K->14981K(491008K), [Metaspace: 20802K->20802K(1067008K)], 0.0248484 secs] [Times: user=0.14 sys=0.02, real=0.03 secs] 
05:33:26.188 [Curator-PathChildrenCache-1] WARN  o.a.c.u.ZKPaths  - The version of ZooKeeper being used doesn't support Container nodes. CreateMode.PERSISTENT will be used instead.
2019-06-09T05:33:27.158+0300: 13.233: [GC (Metadata GC Threshold) [PSYoungGen: 125947K->15724K(149504K)] 140928K->50245K(491008K), 0.0333749 secs] [Times: user=0.31 sys=0.01, real=0.03 secs] 
2019-06-09T05:33:27.191+0300: 13.266: [Full GC (Metadata GC Threshold) [PSYoungGen: 15724K->0K(149504K)] [ParOldGen: 34521K->38696K(341504K)] 50245K->38696K(491008K), [Metaspace: 34560K->34560K(1079296K)], 0.0360949 secs] [Times: user=0.20 sys=0.01, real=0.03 secs] 
2019-06-09T05:33:30.593+0300: 16.667: [GC (Allocation Failure) [PSYoungGen: 128512K->480K(149504K)] 167208K->39184K(491008K), 0.0048645 secs] [Times: user=0.01 sys=0.02, real=0.01 secs] 
2019-06-09T05:33:34.530+0300: 20.605: [GC (Allocation Failure) [PSYoungGen: 128992K->416K(149504K)] 167696K->39128K(491008K), 0.0029218 secs] [Times: user=0.02 sys=0.00, real=0.00 secs] 
2019-06-09T05:33:38.473+0300: 24.547: [GC (Allocation Failure) [PSYoungGen: 128928K->512K(129536K)] 167640K->39232K(471040K), 0.0036542 secs] [Times: user=0.01 sys=0.01, real=0.00 secs] 
2019-06-09T05:33:42.439+0300: 28.514: [GC (Allocation Failure) [PSYoungGen: 129024K->384K(150016K)] 167744K->39112K(491520K), 0.0031296 secs] [Times: user=0.01 sys=0.00, real=0.00 secs] 
2019-06-09T05:33:46.420+0300: 32.495: [GC (Allocation Failure) [PSYoungGen: 128896K->768K(148992K)] 167624K->39505K(490496K), 0.0049842 secs] [Times: user=0.04 sys=0.00, real=0.00 secs] 
2019-06-09T05:33:50.323+0300: 36.398: [GC (Allocation Failure) [PSYoungGen: 129280K->768K(152064K)] 168017K->39513K(493568K), 0.0027448 secs] [Times: user=0.02 sys=0.00, real=0.00 secs] 
2019-06-09T05:33:54.459+0300: 40.534: [GC (Allocation Failure) [PSYoungGen: 133376K->736K(151040K)] 172121K->39481K(492544K), 0.0033410 secs] [Times: user=0.01 sys=0.00, real=0.00 secs] 
2019-06-09T05:33:58.595+0300: 44.669: [GC (Allocation Failure) [PSYoungGen: 133344K->704K(153600K)] 172089K->39457K(495104K), 0.0023547 secs] [Times: user=0.01 sys=0.01, real=0.00 secs] 
2019-06-09T05:34:02.825+0300: 48.900: [GC (Allocation Failure) [PSYoungGen: 136384K->768K(152576K)] 175137K->39521K(494080K), 0.0049126 secs] [Times: user=0.03 sys=0.01, real=0.01 secs] 
2019-06-09T05:34:07.045+0300: 53.119: [GC (Allocation Failure) [PSYoungGen: 136448K->736K(155136K)] 175201K->39489K(496640K), 0.0541279 secs] [Times: user=0.02 sys=0.00, real=0.06 secs] 
2019-06-09T05:34:11.371+0300: 57.445: [GC (Allocation Failure) [PSYoungGen: 139488K->736K(154112K)] 178241K->39497K(495616K), 0.0028778 secs] [Times: user=0.01 sys=0.00, real=0.00 secs] 
2019-06-09T05:34:15.666+0300: 61.741: [GC (Allocation Failure) [PSYoungGen: 139488K->1111K(156672K)] 178249K->39880K(498176K), 0.0029884 secs] [Times: user=0.02 sys=0.00, real=0.00 secs] 
2019-06-09T05:34:21.264+0300: 67.400: [GC (Allocation Failure) [PSYoungGen: 143447K->832K(156160K)] 182216K->39609K(497664K), 0.0669056 secs] [Times: user=0.03 sys=0.01, real=0.07 secs] 
2019-06-09T05:34:26.910+0300: 72.985: [GC (Allocation Failure) [PSYoungGen: 143168K->832K(158208K)] 181945K->39617K(499712K), 0.0031918 secs] [Times: user=0.01 sys=0.00, real=0.00 secs] 
05:34:39.702 [Curator-PathChildrenCache-0] ERROR o.a.c.f.r.c.PathChildrenCache  - 
java.lang.IllegalStateException: instance must be started before calling this method
	at org.apache.curator.shaded.com.google.common.base.Preconditions.checkState(Preconditions.java:444)
	at org.apache.curator.framework.imps.CuratorFrameworkImpl.getChildren(CuratorFrameworkImpl.java:456)
	at org.apache.curator.framework.recipes.cache.PathChildrenCache.refresh(PathChildrenCache.java:521)
	at org.apache.curator.framework.recipes.cache.RefreshOperation.invoke(RefreshOperation.java:35)
	at org.apache.curator.framework.recipes.cache.PathChildrenCache$9.run(PathChildrenCache.java:786)
	at java.util.concurrent.Executors$RunnableAdapter.call(Executors.java:511)
	at java.util.concurrent.FutureTask.run(FutureTask.java:266)
	at java.util.concurrent.Executors$RunnableAdapter.call(Executors.java:511)
	at java.util.concurrent.FutureTask.run(FutureTask.java:266)
	at java.util.concurrent.ThreadPoolExecutor.runWorker(ThreadPoolExecutor.java:1149)
	at java.util.concurrent.ThreadPoolExecutor$Worker.run(ThreadPoolExecutor.java:624)
	at java.lang.Thread.run(Thread.java:748)
Heap
 PSYoungGen      total 158208K, used 25909K [0x00000000f5980000, 0x0000000100000000, 0x0000000100000000)
  eden space 145408K, 17% used [0x00000000f5980000,0x00000000f71fd360,0x00000000fe780000)
  from space 12800K, 6% used [0x00000000ff380000,0x00000000ff4500a0,0x0000000100000000)
  to   space 12288K, 0% used [0x00000000fe780000,0x00000000fe780000,0x00000000ff380000)
 ParOldGen       total 341504K, used 38784K [0x00000000e0c00000, 0x00000000f5980000, 0x00000000f5980000)
  object space 341504K, 11% used [0x00000000e0c00000,0x00000000e31e03b8,0x00000000f5980000)
 Metaspace       used 36204K, capacity 37022K, committed 37208K, reserved 1081344K
  class space    used 4978K, capacity 5161K, committed 5248K, reserved 1048576K
