16:27:58,218 |-INFO in ch.qos.logback.classic.LoggerContext[default] - Could NOT find resource [logback-test.xml]
16:27:58,218 |-INFO in ch.qos.logback.classic.LoggerContext[default] - Could NOT find resource [logback.groovy]
16:27:58,218 |-INFO in ch.qos.logback.classic.LoggerContext[default] - Found resource [logback.xml] at [jar:file:/home/nikitasokolov/flamestream/lib/flamestream-runtime-1.0-SNAPSHOT.jar!/logback.xml]
16:27:58,218 |-WARN in ch.qos.logback.classic.LoggerContext[default] - Resource [logback.xml] occurs multiple times on the classpath.
16:27:58,219 |-WARN in ch.qos.logback.classic.LoggerContext[default] - Resource [logback.xml] occurs at [jar:file:/home/nikitasokolov/flamestream/lib/flamestream-runtime-1.0-SNAPSHOT.jar!/logback.xml]
16:27:58,219 |-WARN in ch.qos.logback.classic.LoggerContext[default] - Resource [logback.xml] occurs at [jar:file:/home/nikitasokolov/flamestream/flamestream-runtime-1.0-SNAPSHOT.jar!/logback.xml]
16:27:58,234 |-INFO in ch.qos.logback.core.joran.spi.ConfigurationWatchList@6108b2d7 - URL [jar:file:/home/nikitasokolov/flamestream/lib/flamestream-runtime-1.0-SNAPSHOT.jar!/logback.xml] is not of type file
16:27:58,283 |-INFO in ch.qos.logback.classic.joran.action.ConfigurationAction - debug attribute not set
16:27:58,283 |-INFO in ch.qos.logback.core.joran.action.AppenderAction - About to instantiate appender of type [ch.qos.logback.core.ConsoleAppender]
16:27:58,291 |-INFO in ch.qos.logback.core.joran.action.AppenderAction - Naming appender as [STDOUT]
16:27:58,298 |-INFO in ch.qos.logback.core.joran.action.NestedComplexPropertyIA - Assuming default type [ch.qos.logback.classic.encoder.PatternLayoutEncoder] for [encoder] property
16:27:58,350 |-INFO in ch.qos.logback.core.joran.action.AppenderAction - About to instantiate appender of type [ch.qos.logback.core.rolling.RollingFileAppender]
16:27:58,354 |-INFO in ch.qos.logback.core.joran.action.AppenderAction - Naming appender as [FILE]
16:27:58,375 |-INFO in c.q.l.core.rolling.TimeBasedRollingPolicy@357863579 - No compression will be used
16:27:58,376 |-INFO in c.q.l.core.rolling.TimeBasedRollingPolicy@357863579 - Will use the pattern /tmp/application_%d{yyyy-MM-dd}.%i.log for the active file
16:27:58,379 |-INFO in ch.qos.logback.core.rolling.SizeAndTimeBasedFNATP@6bf256fa - The date pattern is 'yyyy-MM-dd' from file name pattern '/tmp/application_%d{yyyy-MM-dd}.%i.log'.
16:27:58,379 |-INFO in ch.qos.logback.core.rolling.SizeAndTimeBasedFNATP@6bf256fa - Roll-over at midnight.
16:27:58,382 |-INFO in ch.qos.logback.core.rolling.SizeAndTimeBasedFNATP@6bf256fa - Setting initial period to Sun Jun 09 16:27:03 MSK 2019
16:27:58,383 |-WARN in ch.qos.logback.core.rolling.SizeAndTimeBasedFNATP@6bf256fa - SizeAndTimeBasedFNATP is deprecated. Use SizeAndTimeBasedRollingPolicy instead
16:27:58,383 |-WARN in ch.qos.logback.core.rolling.SizeAndTimeBasedFNATP@6bf256fa - For more information see http://logback.qos.ch/manual/appenders.html#SizeAndTimeBasedRollingPolicy
16:27:58,387 |-INFO in ch.qos.logback.core.joran.action.NestedComplexPropertyIA - Assuming default type [ch.qos.logback.classic.encoder.PatternLayoutEncoder] for [encoder] property
16:27:58,389 |-INFO in ch.qos.logback.core.rolling.RollingFileAppender[FILE] - Active log file name: /tmp/application.log
16:27:58,389 |-INFO in ch.qos.logback.core.rolling.RollingFileAppender[FILE] - File property is set to [/tmp/application.log]
16:27:58,390 |-INFO in ch.qos.logback.classic.joran.action.RootLoggerAction - Setting level of ROOT logger to WARN
16:27:58,390 |-INFO in ch.qos.logback.core.joran.action.AppenderRefAction - Attaching appender named [STDOUT] to Logger[ROOT]
16:27:58,391 |-INFO in ch.qos.logback.core.joran.action.AppenderRefAction - Attaching appender named [FILE] to Logger[ROOT]
16:27:58,391 |-INFO in ch.qos.logback.classic.joran.action.ConfigurationAction - End of configuration.
16:27:58,391 |-INFO in ch.qos.logback.classic.joran.JoranConfigurator@6cd8737 - Registering current configuration as safe fallback point

2019-06-09T16:27:59.367+0300: 1.351: [GC (Metadata GC Threshold) [PSYoungGen: 108151K->15831K(149504K)] 108151K->15911K(491008K), 0.0295871 secs] [Times: user=0.09 sys=0.04, real=0.03 secs] 
2019-06-09T16:27:59.397+0300: 1.380: [Full GC (Metadata GC Threshold) [PSYoungGen: 15831K->0K(149504K)] [ParOldGen: 80K->14981K(341504K)] 15911K->14981K(491008K), [Metaspace: 20800K->20800K(1067008K)], 0.0313768 secs] [Times: user=0.20 sys=0.02, real=0.03 secs] 
16:28:12.818 [Curator-PathChildrenCache-1] WARN  o.a.c.u.ZKPaths  - The version of ZooKeeper being used doesn't support Container nodes. CreateMode.PERSISTENT will be used instead.
2019-06-09T16:28:13.938+0300: 15.921: [GC (Allocation Failure) [PSYoungGen: 128512K->20991K(149504K)] 143493K->49872K(491008K), 0.0251205 secs] [Times: user=0.24 sys=0.01, real=0.02 secs] 
2019-06-09T16:28:13.996+0300: 15.980: [GC (Metadata GC Threshold) [PSYoungGen: 29974K->20991K(149504K)] 58855K->49912K(491008K), 0.0133150 secs] [Times: user=0.16 sys=0.00, real=0.02 secs] 
2019-06-09T16:28:14.010+0300: 15.993: [Full GC (Metadata GC Threshold) [PSYoungGen: 20991K->0K(149504K)] [ParOldGen: 28921K->32981K(341504K)] 49912K->32981K(491008K), [Metaspace: 34554K->34554K(1079296K)], 0.0372754 secs] [Times: user=0.21 sys=0.01, real=0.03 secs] 
2019-06-09T16:28:18.722+0300: 20.705: [GC (Allocation Failure) [PSYoungGen: 128512K->352K(149504K)] 161493K->33341K(491008K), 0.0039950 secs] [Times: user=0.01 sys=0.00, real=0.00 secs] 
2019-06-09T16:28:23.887+0300: 25.948: [GC (Allocation Failure) [PSYoungGen: 128864K->384K(129024K)] 161853K->33381K(470528K), 0.0817134 secs] [Times: user=0.04 sys=0.00, real=0.08 secs] 
2019-06-09T16:28:29.126+0300: 31.109: [GC (Allocation Failure) [PSYoungGen: 128896K->384K(130048K)] 161893K->33389K(471552K), 0.0826646 secs] [Times: user=0.01 sys=0.01, real=0.08 secs] 
2019-06-09T16:28:32.763+0300: 34.747: [GC (Allocation Failure) [PSYoungGen: 88960K->448K(129024K)] 121965K->33461K(470528K), 0.0024371 secs] [Times: user=0.01 sys=0.01, real=0.00 secs] 
2019-06-09T16:28:36.413+0300: 38.396: [GC (Allocation Failure) [PSYoungGen: 89024K->288K(132608K)] 122037K->33413K(474112K), 0.0028482 secs] [Times: user=0.01 sys=0.00, real=0.00 secs] 
2019-06-09T16:28:40.280+0300: 42.263: [GC (Allocation Failure) [PSYoungGen: 93472K->288K(131072K)] 126597K->33509K(472576K), 0.0601754 secs] [Times: user=0.08 sys=0.01, real=0.06 secs] 
2019-06-09T16:28:44.125+0300: 46.109: [GC (Allocation Failure) [PSYoungGen: 93472K->160K(135680K)] 126693K->33413K(477184K), 0.0034164 secs] [Times: user=0.01 sys=0.01, real=0.00 secs] 
16:28:56.559 [Curator-PathChildrenCache-0] ERROR o.a.c.f.r.c.PathChildrenCache  - 
java.lang.IllegalStateException: instance must be started before calling this method
	at org.apache.curator.shaded.com.google.common.base.Preconditions.checkState(Preconditions.java:444)
	at org.apache.curator.framework.imps.CuratorFrameworkImpl.getChildren(CuratorFrameworkImpl.java:456)
	at org.apache.curator.framework.recipes.cache.PathChildrenCache.refresh(PathChildrenCache.java:521)
	at org.apache.curator.framework.recipes.cache.RefreshOperation.invoke(RefreshOperation.java:35)
	at org.apache.curator.framework.recipes.cache.PathChildrenCache$9.run(PathChildrenCache.java:786)
	at java.util.concurrent.Executors$RunnableAdapter.call(Executors.java:511)
	at java.util.concurrent.FutureTask.run(FutureTask.java:266)
	at java.util.concurrent.Executors$RunnableAdapter.call(Executors.java:511)
	at java.util.concurrent.FutureTask.run(FutureTask.java:266)
	at java.util.concurrent.ThreadPoolExecutor.runWorker(ThreadPoolExecutor.java:1149)
	at java.util.concurrent.ThreadPoolExecutor$Worker.run(ThreadPoolExecutor.java:624)
	at java.lang.Thread.run(Thread.java:748)
Heap
 PSYoungGen      total 135680K, used 52870K [0x00000000f5980000, 0x0000000100000000, 0x0000000100000000)
  eden space 99328K, 53% used [0x00000000f5980000,0x00000000f8cf9918,0x00000000fba80000)
  from space 36352K, 0% used [0x00000000fdc80000,0x00000000fdca8000,0x0000000100000000)
  to   space 34816K, 0% used [0x00000000fba80000,0x00000000fba80000,0x00000000fdc80000)
 ParOldGen       total 341504K, used 33253K [0x00000000e0c00000, 0x00000000f5980000, 0x00000000f5980000)
  object space 341504K, 9% used [0x00000000e0c00000,0x00000000e2c79448,0x00000000f5980000)
 Metaspace       used 35666K, capacity 36542K, committed 36952K, reserved 1081344K
  class space    used 4936K, capacity 5129K, committed 5248K, reserved 1048576K
