17:08:13,470 |-INFO in ch.qos.logback.classic.LoggerContext[default] - Could NOT find resource [logback-test.xml]
17:08:13,470 |-INFO in ch.qos.logback.classic.LoggerContext[default] - Could NOT find resource [logback.groovy]
17:08:13,471 |-INFO in ch.qos.logback.classic.LoggerContext[default] - Found resource [logback.xml] at [jar:file:/root/flamestream/lib/flamestream-runtime-1.0-SNAPSHOT.jar!/logback.xml]
17:08:13,471 |-WARN in ch.qos.logback.classic.LoggerContext[default] - Resource [logback.xml] occurs multiple times on the classpath.
17:08:13,472 |-WARN in ch.qos.logback.classic.LoggerContext[default] - Resource [logback.xml] occurs at [jar:file:/root/flamestream/lib/flamestream-runtime-1.0-SNAPSHOT.jar!/logback.xml]
17:08:13,472 |-WARN in ch.qos.logback.classic.LoggerContext[default] - Resource [logback.xml] occurs at [jar:file:/root/flamestream/flamestream-runtime-1.0-SNAPSHOT.jar!/logback.xml]
17:08:13,491 |-INFO in ch.qos.logback.core.joran.spi.ConfigurationWatchList@3fb6a447 - URL [jar:file:/root/flamestream/lib/flamestream-runtime-1.0-SNAPSHOT.jar!/logback.xml] is not of type file
17:08:13,565 |-INFO in ch.qos.logback.classic.joran.action.ConfigurationAction - debug attribute not set
17:08:13,565 |-INFO in ch.qos.logback.core.joran.action.AppenderAction - About to instantiate appender of type [ch.qos.logback.core.ConsoleAppender]
17:08:13,580 |-INFO in ch.qos.logback.core.joran.action.AppenderAction - Naming appender as [STDOUT]
17:08:13,597 |-INFO in ch.qos.logback.core.joran.action.NestedComplexPropertyIA - Assuming default type [ch.qos.logback.classic.encoder.PatternLayoutEncoder] for [encoder] property
17:08:13,682 |-INFO in ch.qos.logback.core.joran.action.AppenderAction - About to instantiate appender of type [ch.qos.logback.core.rolling.RollingFileAppender]
17:08:13,687 |-INFO in ch.qos.logback.core.joran.action.AppenderAction - Naming appender as [FILE]
17:08:13,719 |-INFO in c.q.l.core.rolling.TimeBasedRollingPolicy@127618319 - No compression will be used
17:08:13,720 |-INFO in c.q.l.core.rolling.TimeBasedRollingPolicy@127618319 - Will use the pattern /tmp/application_%d{yyyy-MM-dd}.%i.log for the active file
17:08:13,723 |-INFO in ch.qos.logback.core.rolling.SizeAndTimeBasedFNATP@6b2fad11 - The date pattern is 'yyyy-MM-dd' from file name pattern '/tmp/application_%d{yyyy-MM-dd}.%i.log'.
17:08:13,723 |-INFO in ch.qos.logback.core.rolling.SizeAndTimeBasedFNATP@6b2fad11 - Roll-over at midnight.
17:08:13,728 |-INFO in ch.qos.logback.core.rolling.SizeAndTimeBasedFNATP@6b2fad11 - Setting initial period to Mon Jun 10 17:06:54 UTC 2019
17:08:13,729 |-WARN in ch.qos.logback.core.rolling.SizeAndTimeBasedFNATP@6b2fad11 - SizeAndTimeBasedFNATP is deprecated. Use SizeAndTimeBasedRollingPolicy instead
17:08:13,729 |-WARN in ch.qos.logback.core.rolling.SizeAndTimeBasedFNATP@6b2fad11 - For more information see http://logback.qos.ch/manual/appenders.html#SizeAndTimeBasedRollingPolicy
17:08:13,732 |-INFO in ch.qos.logback.core.joran.action.NestedComplexPropertyIA - Assuming default type [ch.qos.logback.classic.encoder.PatternLayoutEncoder] for [encoder] property
17:08:13,737 |-INFO in ch.qos.logback.core.rolling.RollingFileAppender[FILE] - Active log file name: /tmp/application.log
17:08:13,737 |-INFO in ch.qos.logback.core.rolling.RollingFileAppender[FILE] - File property is set to [/tmp/application.log]
17:08:13,738 |-INFO in ch.qos.logback.classic.joran.action.RootLoggerAction - Setting level of ROOT logger to WARN
17:08:13,738 |-INFO in ch.qos.logback.core.joran.action.AppenderRefAction - Attaching appender named [STDOUT] to Logger[ROOT]
17:08:13,740 |-INFO in ch.qos.logback.core.joran.action.AppenderRefAction - Attaching appender named [FILE] to Logger[ROOT]
17:08:13,740 |-INFO in ch.qos.logback.classic.joran.action.ConfigurationAction - End of configuration.
17:08:13,741 |-INFO in ch.qos.logback.classic.joran.JoranConfigurator@79698539 - Registering current configuration as safe fallback point

Ama winner
Ama winner
2019-06-10T17:08:15.055+0000: 1.771: [Full GC (Metadata GC Threshold) 2019-06-10T17:08:15.055+0000: 1.771: [Tenured: 0K->15176K(341376K), 0.0401229 secs] 114924K->15176K(494976K), [Metaspace: 20745K->20745K(1067008K)], 0.0401920 secs] [Times: user=0.04 sys=0.00, real=0.04 secs] 
17:08:36.325 [Curator-PathChildrenCache-1] WARN  o.a.c.u.ZKPaths  - The version of ZooKeeper being used doesn't support Container nodes. CreateMode.PERSISTENT will be used instead.
2019-06-10T17:08:38.758+0000: 25.475: [GC (Allocation Failure) 2019-06-10T17:08:38.758+0000: 25.475: [DefNew: 117916K->16524K(153600K), 0.0280708 secs] 133092K->31700K(494976K), 0.0281403 secs] [Times: user=0.02 sys=0.01, real=0.02 secs] 
2019-06-10T17:08:39.904+0000: 26.620: [Full GC (Metadata GC Threshold) 2019-06-10T17:08:39.904+0000: 26.620: [Tenured: 15176K->43381K(341376K), 0.0663193 secs] 79115K->43381K(494976K), [Metaspace: 34571K->34571K(1079296K)], 0.0664069 secs] [Times: user=0.07 sys=0.01, real=0.07 secs] 
2019-06-10T17:08:46.362+0000: 33.080: [GC (Allocation Failure) 2019-06-10T17:08:46.363+0000: 33.080: [DefNew: 136576K->67K(153600K), 0.0019855 secs] 179957K->43448K(494976K), 0.0030401 secs] [Times: user=0.00 sys=0.00, real=0.00 secs] 
2019-06-10T17:08:52.742+0000: 39.458: [GC (Allocation Failure) 2019-06-10T17:08:52.742+0000: 39.458: [DefNew: 136643K->73K(153600K), 0.0017988 secs] 180024K->43454K(494976K), 0.0018590 secs] [Times: user=0.00 sys=0.00, real=0.00 secs] 
2019-06-10T17:08:59.104+0000: 45.821: [GC (Allocation Failure) 2019-06-10T17:08:59.104+0000: 45.821: [DefNew: 136649K->70K(153600K), 0.0019017 secs] 180030K->43451K(494976K), 0.0019731 secs] [Times: user=0.01 sys=0.00, real=0.00 secs] 
2019-06-10T17:09:05.613+0000: 52.329: [GC (Allocation Failure) 2019-06-10T17:09:05.613+0000: 52.329: [DefNew: 136646K->73K(153600K), 0.0018429 secs] 180027K->43454K(494976K), 0.0019064 secs] [Times: user=0.00 sys=0.00, real=0.00 secs] 
2019-06-10T17:09:12.064+0000: 58.780: [GC (Allocation Failure) 2019-06-10T17:09:12.064+0000: 58.780: [DefNew: 136649K->73K(153600K), 0.0019050 secs] 180030K->43454K(494976K), 0.0019646 secs] [Times: user=0.00 sys=0.00, real=0.00 secs] 
17:09:25.561 [Curator-PathChildrenCache-0] ERROR o.a.c.f.r.c.PathChildrenCache  - 
java.lang.IllegalStateException: instance must be started before calling this method
	at org.apache.curator.shaded.com.google.common.base.Preconditions.checkState(Preconditions.java:444)
	at org.apache.curator.framework.imps.CuratorFrameworkImpl.getChildren(CuratorFrameworkImpl.java:456)
	at org.apache.curator.framework.recipes.cache.PathChildrenCache.refresh(PathChildrenCache.java:521)
	at org.apache.curator.framework.recipes.cache.RefreshOperation.invoke(RefreshOperation.java:35)
	at org.apache.curator.framework.recipes.cache.PathChildrenCache$9.run(PathChildrenCache.java:786)
	at java.util.concurrent.Executors$RunnableAdapter.call(Executors.java:511)
	at java.util.concurrent.FutureTask.run(FutureTask.java:266)
	at java.util.concurrent.Executors$RunnableAdapter.call(Executors.java:511)
	at java.util.concurrent.FutureTask.run(FutureTask.java:266)
	at java.util.concurrent.ThreadPoolExecutor.runWorker(ThreadPoolExecutor.java:1149)
	at java.util.concurrent.ThreadPoolExecutor$Worker.run(ThreadPoolExecutor.java:624)
	at java.lang.Thread.run(Thread.java:748)
Heap
 def new generation   total 153600K, used 135449K [0x00000000e0c00000, 0x00000000eb2a0000, 0x00000000eb2a0000)
  eden space 136576K,  99% used [0x00000000e0c00000, 0x00000000e9033fb0, 0x00000000e9160000)
  from space 17024K,   0% used [0x00000000e9160000, 0x00000000e9172468, 0x00000000ea200000)
  to   space 17024K,   0% used [0x00000000ea200000, 0x00000000ea200000, 0x00000000eb2a0000)
 tenured generation   total 341376K, used 43381K [0x00000000eb2a0000, 0x0000000100000000, 0x0000000100000000)
   the space 341376K,  12% used [0x00000000eb2a0000, 0x00000000edcfd480, 0x00000000edcfd600, 0x0000000100000000)
 Metaspace       used 36210K, capacity 37100K, committed 37376K, reserved 1081344K
  class space    used 4883K, capacity 5082K, committed 5120K, reserved 1048576K
