01:21:29,965 |-INFO in ch.qos.logback.classic.LoggerContext[default] - Could NOT find resource [logback-test.xml]
01:21:29,965 |-INFO in ch.qos.logback.classic.LoggerContext[default] - Could NOT find resource [logback.groovy]
01:21:29,965 |-INFO in ch.qos.logback.classic.LoggerContext[default] - Found resource [logback.xml] at [jar:file:/home/nikitasokolov/flamestream/lib/flamestream-runtime-1.0-SNAPSHOT.jar!/logback.xml]
01:21:29,965 |-WARN in ch.qos.logback.classic.LoggerContext[default] - Resource [logback.xml] occurs multiple times on the classpath.
01:21:29,966 |-WARN in ch.qos.logback.classic.LoggerContext[default] - Resource [logback.xml] occurs at [jar:file:/home/nikitasokolov/flamestream/lib/flamestream-runtime-1.0-SNAPSHOT.jar!/logback.xml]
01:21:29,966 |-WARN in ch.qos.logback.classic.LoggerContext[default] - Resource [logback.xml] occurs at [jar:file:/home/nikitasokolov/flamestream/flamestream-runtime-1.0-SNAPSHOT.jar!/logback.xml]
01:21:29,981 |-INFO in ch.qos.logback.core.joran.spi.ConfigurationWatchList@2f7a2457 - URL [jar:file:/home/nikitasokolov/flamestream/lib/flamestream-runtime-1.0-SNAPSHOT.jar!/logback.xml] is not of type file
01:21:30,031 |-INFO in ch.qos.logback.classic.joran.action.ConfigurationAction - debug attribute not set
01:21:30,032 |-INFO in ch.qos.logback.core.joran.action.AppenderAction - About to instantiate appender of type [ch.qos.logback.core.ConsoleAppender]
01:21:30,040 |-INFO in ch.qos.logback.core.joran.action.AppenderAction - Naming appender as [STDOUT]
01:21:30,048 |-INFO in ch.qos.logback.core.joran.action.NestedComplexPropertyIA - Assuming default type [ch.qos.logback.classic.encoder.PatternLayoutEncoder] for [encoder] property
01:21:30,104 |-INFO in ch.qos.logback.core.joran.action.AppenderAction - About to instantiate appender of type [ch.qos.logback.core.rolling.RollingFileAppender]
01:21:30,109 |-INFO in ch.qos.logback.core.joran.action.AppenderAction - Naming appender as [FILE]
01:21:30,131 |-INFO in c.q.l.core.rolling.TimeBasedRollingPolicy@1449621165 - No compression will be used
01:21:30,132 |-INFO in c.q.l.core.rolling.TimeBasedRollingPolicy@1449621165 - Will use the pattern /tmp/application_%d{yyyy-MM-dd}.%i.log for the active file
01:21:30,135 |-INFO in ch.qos.logback.core.rolling.SizeAndTimeBasedFNATP@6108b2d7 - The date pattern is 'yyyy-MM-dd' from file name pattern '/tmp/application_%d{yyyy-MM-dd}.%i.log'.
01:21:30,135 |-INFO in ch.qos.logback.core.rolling.SizeAndTimeBasedFNATP@6108b2d7 - Roll-over at midnight.
01:21:30,140 |-INFO in ch.qos.logback.core.rolling.SizeAndTimeBasedFNATP@6108b2d7 - Setting initial period to Sat Jun 08 01:20:52 MSK 2019
01:21:30,140 |-WARN in ch.qos.logback.core.rolling.SizeAndTimeBasedFNATP@6108b2d7 - SizeAndTimeBasedFNATP is deprecated. Use SizeAndTimeBasedRollingPolicy instead
01:21:30,140 |-WARN in ch.qos.logback.core.rolling.SizeAndTimeBasedFNATP@6108b2d7 - For more information see http://logback.qos.ch/manual/appenders.html#SizeAndTimeBasedRollingPolicy
01:21:30,144 |-INFO in ch.qos.logback.core.joran.action.NestedComplexPropertyIA - Assuming default type [ch.qos.logback.classic.encoder.PatternLayoutEncoder] for [encoder] property
01:21:30,146 |-INFO in ch.qos.logback.core.rolling.RollingFileAppender[FILE] - Active log file name: /tmp/application.log
01:21:30,146 |-INFO in ch.qos.logback.core.rolling.RollingFileAppender[FILE] - File property is set to [/tmp/application.log]
01:21:30,147 |-INFO in ch.qos.logback.classic.joran.action.RootLoggerAction - Setting level of ROOT logger to WARN
01:21:30,148 |-INFO in ch.qos.logback.core.joran.action.AppenderRefAction - Attaching appender named [STDOUT] to Logger[ROOT]
01:21:30,148 |-INFO in ch.qos.logback.core.joran.action.AppenderRefAction - Attaching appender named [FILE] to Logger[ROOT]
01:21:30,148 |-INFO in ch.qos.logback.classic.joran.action.ConfigurationAction - End of configuration.
01:21:30,149 |-INFO in ch.qos.logback.classic.joran.JoranConfigurator@1554909b - Registering current configuration as safe fallback point

2019-06-08T01:21:31.159+0300: 1.397: [GC (Metadata GC Threshold) [PSYoungGen: 108082K->15896K(149504K)] 108082K->15976K(491008K), 0.0174321 secs] [Times: user=0.05 sys=0.02, real=0.01 secs] 
2019-06-08T01:21:31.177+0300: 1.414: [Full GC (Metadata GC Threshold) [PSYoungGen: 15896K->0K(149504K)] [ParOldGen: 80K->15080K(341504K)] 15976K->15080K(491008K), [Metaspace: 20804K->20804K(1067008K)], 0.0260140 secs] [Times: user=0.17 sys=0.01, real=0.03 secs] 
01:21:42.125 [Curator-PathChildrenCache-1] WARN  o.a.c.u.ZKPaths  - The version of ZooKeeper being used doesn't support Container nodes. CreateMode.PERSISTENT will be used instead.
2019-06-08T01:21:42.886+0300: 13.124: [GC (Metadata GC Threshold) [PSYoungGen: 121370K->20987K(149504K)] 136450K->49502K(491008K), 0.0199776 secs] [Times: user=0.23 sys=0.01, real=0.02 secs] 
2019-06-08T01:21:42.907+0300: 13.144: [Full GC (Metadata GC Threshold) [PSYoungGen: 20987K->0K(149504K)] [ParOldGen: 28515K->38515K(341504K)] 49502K->38515K(491008K), [Metaspace: 34550K->34550K(1079296K)], 0.0351725 secs] [Times: user=0.16 sys=0.02, real=0.04 secs] 
2019-06-08T01:21:44.116+0300: 14.354: [GC (Allocation Failure) [PSYoungGen: 128512K->480K(149504K)] 167027K->39003K(491008K), 0.0029558 secs] [Times: user=0.01 sys=0.00, real=0.01 secs] 
2019-06-08T01:21:45.895+0300: 16.133: [GC (Allocation Failure) [PSYoungGen: 128992K->544K(149504K)] 167515K->39075K(491008K), 0.0026479 secs] [Times: user=0.01 sys=0.00, real=0.01 secs] 
2019-06-08T01:21:47.671+0300: 17.908: [GC (Allocation Failure) [PSYoungGen: 129056K->576K(129536K)] 167587K->39107K(471040K), 0.0028309 secs] [Times: user=0.01 sys=0.00, real=0.00 secs] 
2019-06-08T01:21:49.343+0300: 19.581: [GC (Allocation Failure) [PSYoungGen: 129088K->576K(133120K)] 167619K->39116K(474624K), 0.0031266 secs] [Times: user=0.02 sys=0.00, real=0.00 secs] 
2019-06-08T01:21:50.626+0300: 20.863: [GC (Allocation Failure) [PSYoungGen: 94272K->608K(131072K)] 132812K->39156K(472576K), 0.0027404 secs] [Times: user=0.02 sys=0.00, real=0.00 secs] 
2019-06-08T01:21:52.065+0300: 22.302: [GC (Allocation Failure) [PSYoungGen: 94304K->736K(137216K)] 132852K->39284K(478720K), 0.0030102 secs] [Times: user=0.01 sys=0.00, real=0.00 secs] 
01:21:58.126 [Curator-PathChildrenCache-0] ERROR o.a.c.f.r.c.PathChildrenCache  - 
java.lang.IllegalStateException: instance must be started before calling this method
	at org.apache.curator.shaded.com.google.common.base.Preconditions.checkState(Preconditions.java:444)
	at org.apache.curator.framework.imps.CuratorFrameworkImpl.getChildren(CuratorFrameworkImpl.java:456)
	at org.apache.curator.framework.recipes.cache.PathChildrenCache.refresh(PathChildrenCache.java:521)
	at org.apache.curator.framework.recipes.cache.RefreshOperation.invoke(RefreshOperation.java:35)
	at org.apache.curator.framework.recipes.cache.PathChildrenCache$9.run(PathChildrenCache.java:786)
	at java.util.concurrent.Executors$RunnableAdapter.call(Executors.java:511)
	at java.util.concurrent.FutureTask.run(FutureTask.java:266)
	at java.util.concurrent.Executors$RunnableAdapter.call(Executors.java:511)
	at java.util.concurrent.FutureTask.run(FutureTask.java:266)
	at java.util.concurrent.ThreadPoolExecutor.runWorker(ThreadPoolExecutor.java:1149)
	at java.util.concurrent.ThreadPoolExecutor$Worker.run(ThreadPoolExecutor.java:624)
	at java.lang.Thread.run(Thread.java:748)
Heap
 PSYoungGen      total 137216K, used 100115K [0x00000000f5980000, 0x0000000100000000, 0x0000000100000000)
  eden space 101888K, 97% used [0x00000000f5980000,0x00000000fba8cee8,0x00000000fbd00000)
  from space 35328K, 2% used [0x00000000fdd80000,0x00000000fde380a0,0x0000000100000000)
  to   space 33280K, 0% used [0x00000000fbd00000,0x00000000fbd00000,0x00000000fdd80000)
 ParOldGen       total 341504K, used 38547K [0x00000000e0c00000, 0x00000000f5980000, 0x00000000f5980000)
  object space 341504K, 11% used [0x00000000e0c00000,0x00000000e31a4f80,0x00000000f5980000)
 Metaspace       used 35821K, capacity 36662K, committed 36952K, reserved 1081344K
  class space    used 4945K, capacity 5139K, committed 5248K, reserved 1048576K
