16:36:29,185 |-INFO in ch.qos.logback.classic.LoggerContext[default] - Could NOT find resource [logback-test.xml]
16:36:29,185 |-INFO in ch.qos.logback.classic.LoggerContext[default] - Could NOT find resource [logback.groovy]
16:36:29,185 |-INFO in ch.qos.logback.classic.LoggerContext[default] - Found resource [logback.xml] at [jar:file:/root/flamestream/lib/flamestream-runtime-1.0-SNAPSHOT.jar!/logback.xml]
16:36:29,186 |-WARN in ch.qos.logback.classic.LoggerContext[default] - Resource [logback.xml] occurs multiple times on the classpath.
16:36:29,186 |-WARN in ch.qos.logback.classic.LoggerContext[default] - Resource [logback.xml] occurs at [jar:file:/root/flamestream/lib/flamestream-runtime-1.0-SNAPSHOT.jar!/logback.xml]
16:36:29,186 |-WARN in ch.qos.logback.classic.LoggerContext[default] - Resource [logback.xml] occurs at [jar:file:/root/flamestream/flamestream-runtime-1.0-SNAPSHOT.jar!/logback.xml]
16:36:29,206 |-INFO in ch.qos.logback.core.joran.spi.ConfigurationWatchList@3fb6a447 - URL [jar:file:/root/flamestream/lib/flamestream-runtime-1.0-SNAPSHOT.jar!/logback.xml] is not of type file
16:36:29,279 |-INFO in ch.qos.logback.classic.joran.action.ConfigurationAction - debug attribute not set
16:36:29,280 |-INFO in ch.qos.logback.core.joran.action.AppenderAction - About to instantiate appender of type [ch.qos.logback.core.ConsoleAppender]
16:36:29,295 |-INFO in ch.qos.logback.core.joran.action.AppenderAction - Naming appender as [STDOUT]
16:36:29,314 |-INFO in ch.qos.logback.core.joran.action.NestedComplexPropertyIA - Assuming default type [ch.qos.logback.classic.encoder.PatternLayoutEncoder] for [encoder] property
16:36:29,400 |-INFO in ch.qos.logback.core.joran.action.AppenderAction - About to instantiate appender of type [ch.qos.logback.core.rolling.RollingFileAppender]
16:36:29,406 |-INFO in ch.qos.logback.core.joran.action.AppenderAction - Naming appender as [FILE]
16:36:29,438 |-INFO in c.q.l.core.rolling.TimeBasedRollingPolicy@127618319 - No compression will be used
16:36:29,440 |-INFO in c.q.l.core.rolling.TimeBasedRollingPolicy@127618319 - Will use the pattern /tmp/application_%d{yyyy-MM-dd}.%i.log for the active file
16:36:29,442 |-INFO in ch.qos.logback.core.rolling.SizeAndTimeBasedFNATP@6b2fad11 - The date pattern is 'yyyy-MM-dd' from file name pattern '/tmp/application_%d{yyyy-MM-dd}.%i.log'.
16:36:29,442 |-INFO in ch.qos.logback.core.rolling.SizeAndTimeBasedFNATP@6b2fad11 - Roll-over at midnight.
16:36:29,448 |-INFO in ch.qos.logback.core.rolling.SizeAndTimeBasedFNATP@6b2fad11 - Setting initial period to Mon Jun 10 16:35:08 UTC 2019
16:36:29,448 |-WARN in ch.qos.logback.core.rolling.SizeAndTimeBasedFNATP@6b2fad11 - SizeAndTimeBasedFNATP is deprecated. Use SizeAndTimeBasedRollingPolicy instead
16:36:29,448 |-WARN in ch.qos.logback.core.rolling.SizeAndTimeBasedFNATP@6b2fad11 - For more information see http://logback.qos.ch/manual/appenders.html#SizeAndTimeBasedRollingPolicy
16:36:29,452 |-INFO in ch.qos.logback.core.joran.action.NestedComplexPropertyIA - Assuming default type [ch.qos.logback.classic.encoder.PatternLayoutEncoder] for [encoder] property
16:36:29,457 |-INFO in ch.qos.logback.core.rolling.RollingFileAppender[FILE] - Active log file name: /tmp/application.log
16:36:29,457 |-INFO in ch.qos.logback.core.rolling.RollingFileAppender[FILE] - File property is set to [/tmp/application.log]
16:36:29,458 |-INFO in ch.qos.logback.classic.joran.action.RootLoggerAction - Setting level of ROOT logger to WARN
16:36:29,458 |-INFO in ch.qos.logback.core.joran.action.AppenderRefAction - Attaching appender named [STDOUT] to Logger[ROOT]
16:36:29,460 |-INFO in ch.qos.logback.core.joran.action.AppenderRefAction - Attaching appender named [FILE] to Logger[ROOT]
16:36:29,460 |-INFO in ch.qos.logback.classic.joran.action.ConfigurationAction - End of configuration.
16:36:29,460 |-INFO in ch.qos.logback.classic.joran.JoranConfigurator@79698539 - Registering current configuration as safe fallback point

Ama winner
Ama winner
2019-06-10T16:36:30.781+0000: 1.784: [Full GC (Metadata GC Threshold) 2019-06-10T16:36:30.781+0000: 1.784: [Tenured: 0K->15241K(341376K), 0.0398588 secs] 117751K->15241K(494976K), [Metaspace: 20730K->20730K(1067008K)], 0.0399280 secs] [Times: user=0.04 sys=0.00, real=0.04 secs] 
16:36:44.799 [Curator-PathChildrenCache-2] WARN  o.a.c.u.ZKPaths  - The version of ZooKeeper being used doesn't support Container nodes. CreateMode.PERSISTENT will be used instead.
2019-06-10T16:36:47.099+0000: 18.102: [GC (Allocation Failure) 2019-06-10T16:36:47.099+0000: 18.102: [DefNew: 136576K->17024K(153600K), 0.0262712 secs] 151817K->52889K(494976K), 0.0263438 secs] [Times: user=0.03 sys=0.00, real=0.02 secs] 
2019-06-10T16:36:47.648+0000: 18.650: [Full GC (Metadata GC Threshold) 2019-06-10T16:36:47.648+0000: 18.651: [Tenured: 35865K->44661K(341376K), 0.0364969 secs] 75425K->44661K(494976K), [Metaspace: 34618K->34618K(1079296K)], 0.0365822 secs] [Times: user=0.04 sys=0.00, real=0.04 secs] 
2019-06-10T16:36:51.070+0000: 22.073: [GC (Allocation Failure) 2019-06-10T16:36:51.070+0000: 22.073: [DefNew: 136576K->200K(153600K), 0.0022889 secs] 181237K->44861K(494976K), 0.0023472 secs] [Times: user=0.00 sys=0.00, real=0.00 secs] 
2019-06-10T16:36:54.345+0000: 25.348: [GC (Allocation Failure) 2019-06-10T16:36:54.345+0000: 25.348: [DefNew: 136776K->237K(153600K), 0.0020802 secs] 181437K->44898K(494976K), 0.0021389 secs] [Times: user=0.00 sys=0.00, real=0.00 secs] 
2019-06-10T16:36:57.627+0000: 28.630: [GC (Allocation Failure) 2019-06-10T16:36:57.627+0000: 28.630: [DefNew: 136813K->244K(153600K), 0.0021045 secs] 181474K->44906K(494976K), 0.0021598 secs] [Times: user=0.00 sys=0.00, real=0.01 secs] 
2019-06-10T16:37:00.882+0000: 31.885: [GC (Allocation Failure) 2019-06-10T16:37:00.882+0000: 31.885: [DefNew: 136820K->277K(153600K), 0.0021342 secs] 181482K->44938K(494976K), 0.0021954 secs] [Times: user=0.00 sys=0.00, real=0.00 secs] 
2019-06-10T16:37:04.218+0000: 35.221: [GC (Allocation Failure) 2019-06-10T16:37:04.218+0000: 35.221: [DefNew: 136853K->276K(153600K), 0.0022110 secs] 181514K->44937K(494976K), 0.0022745 secs] [Times: user=0.00 sys=0.00, real=0.00 secs] 
2019-06-10T16:37:07.510+0000: 38.513: [GC (Allocation Failure) 2019-06-10T16:37:07.510+0000: 38.513: [DefNew: 136852K->275K(153600K), 0.0021667 secs] 181513K->44936K(494976K), 0.0022268 secs] [Times: user=0.00 sys=0.00, real=0.00 secs] 
2019-06-10T16:37:10.812+0000: 41.815: [GC (Allocation Failure) 2019-06-10T16:37:10.812+0000: 41.815: [DefNew: 136851K->281K(153600K), 0.0021861 secs] 181512K->44942K(494976K), 0.0022545 secs] [Times: user=0.00 sys=0.00, real=0.00 secs] 
16:37:21.028 [Curator-PathChildrenCache-0] ERROR o.a.c.f.r.c.PathChildrenCache  - 
java.lang.IllegalStateException: instance must be started before calling this method
	at org.apache.curator.shaded.com.google.common.base.Preconditions.checkState(Preconditions.java:444)
	at org.apache.curator.framework.imps.CuratorFrameworkImpl.getChildren(CuratorFrameworkImpl.java:456)
	at org.apache.curator.framework.recipes.cache.PathChildrenCache.refresh(PathChildrenCache.java:521)
	at org.apache.curator.framework.recipes.cache.RefreshOperation.invoke(RefreshOperation.java:35)
	at org.apache.curator.framework.recipes.cache.PathChildrenCache$9.run(PathChildrenCache.java:786)
	at java.util.concurrent.Executors$RunnableAdapter.call(Executors.java:511)
	at java.util.concurrent.FutureTask.run(FutureTask.java:266)
	at java.util.concurrent.Executors$RunnableAdapter.call(Executors.java:511)
	at java.util.concurrent.FutureTask.run(FutureTask.java:266)
	at java.util.concurrent.ThreadPoolExecutor.runWorker(ThreadPoolExecutor.java:1149)
	at java.util.concurrent.ThreadPoolExecutor$Worker.run(ThreadPoolExecutor.java:624)
	at java.lang.Thread.run(Thread.java:748)
Heap
 def new generation   total 153600K, used 118781K [0x00000000e0c00000, 0x00000000eb2a0000, 0x00000000eb2a0000)
  eden space 136576K,  86% used [0x00000000e0c00000, 0x00000000e7fb9148, 0x00000000e9160000)
  from space 17024K,   1% used [0x00000000e9160000, 0x00000000e91a6658, 0x00000000ea200000)
  to   space 17024K,   0% used [0x00000000ea200000, 0x00000000ea200000, 0x00000000eb2a0000)
 tenured generation   total 341376K, used 44661K [0x00000000eb2a0000, 0x0000000100000000, 0x0000000100000000)
   the space 341376K,  13% used [0x00000000eb2a0000, 0x00000000ede3d460, 0x00000000ede3d600, 0x0000000100000000)
 Metaspace       used 36216K, capacity 37166K, committed 37376K, reserved 1081344K
  class space    used 4874K, capacity 5067K, committed 5120K, reserved 1048576K
