15:36:55,138 |-INFO in ch.qos.logback.classic.LoggerContext[default] - Could NOT find resource [logback-test.xml]
15:36:55,138 |-INFO in ch.qos.logback.classic.LoggerContext[default] - Could NOT find resource [logback.groovy]
15:36:55,138 |-INFO in ch.qos.logback.classic.LoggerContext[default] - Found resource [logback.xml] at [jar:file:/root/flamestream/lib/flamestream-runtime-1.0-SNAPSHOT.jar!/logback.xml]
15:36:55,142 |-WARN in ch.qos.logback.classic.LoggerContext[default] - Resource [logback.xml] occurs multiple times on the classpath.
15:36:55,142 |-WARN in ch.qos.logback.classic.LoggerContext[default] - Resource [logback.xml] occurs at [jar:file:/root/flamestream/lib/flamestream-runtime-1.0-SNAPSHOT.jar!/logback.xml]
15:36:55,142 |-WARN in ch.qos.logback.classic.LoggerContext[default] - Resource [logback.xml] occurs at [jar:file:/root/flamestream/flamestream-runtime-1.0-SNAPSHOT.jar!/logback.xml]
15:36:55,162 |-INFO in ch.qos.logback.core.joran.spi.ConfigurationWatchList@3fb6a447 - URL [jar:file:/root/flamestream/lib/flamestream-runtime-1.0-SNAPSHOT.jar!/logback.xml] is not of type file
15:36:55,234 |-INFO in ch.qos.logback.classic.joran.action.ConfigurationAction - debug attribute not set
15:36:55,235 |-INFO in ch.qos.logback.core.joran.action.AppenderAction - About to instantiate appender of type [ch.qos.logback.core.ConsoleAppender]
15:36:55,249 |-INFO in ch.qos.logback.core.joran.action.AppenderAction - Naming appender as [STDOUT]
15:36:55,267 |-INFO in ch.qos.logback.core.joran.action.NestedComplexPropertyIA - Assuming default type [ch.qos.logback.classic.encoder.PatternLayoutEncoder] for [encoder] property
15:36:55,350 |-INFO in ch.qos.logback.core.joran.action.AppenderAction - About to instantiate appender of type [ch.qos.logback.core.rolling.RollingFileAppender]
15:36:55,358 |-INFO in ch.qos.logback.core.joran.action.AppenderAction - Naming appender as [FILE]
15:36:55,390 |-INFO in c.q.l.core.rolling.TimeBasedRollingPolicy@127618319 - No compression will be used
15:36:55,391 |-INFO in c.q.l.core.rolling.TimeBasedRollingPolicy@127618319 - Will use the pattern /tmp/application_%d{yyyy-MM-dd}.%i.log for the active file
15:36:55,394 |-INFO in ch.qos.logback.core.rolling.SizeAndTimeBasedFNATP@6b2fad11 - The date pattern is 'yyyy-MM-dd' from file name pattern '/tmp/application_%d{yyyy-MM-dd}.%i.log'.
15:36:55,394 |-INFO in ch.qos.logback.core.rolling.SizeAndTimeBasedFNATP@6b2fad11 - Roll-over at midnight.
15:36:55,399 |-INFO in ch.qos.logback.core.rolling.SizeAndTimeBasedFNATP@6b2fad11 - Setting initial period to Mon Jun 10 15:35:35 UTC 2019
15:36:55,400 |-WARN in ch.qos.logback.core.rolling.SizeAndTimeBasedFNATP@6b2fad11 - SizeAndTimeBasedFNATP is deprecated. Use SizeAndTimeBasedRollingPolicy instead
15:36:55,400 |-WARN in ch.qos.logback.core.rolling.SizeAndTimeBasedFNATP@6b2fad11 - For more information see http://logback.qos.ch/manual/appenders.html#SizeAndTimeBasedRollingPolicy
15:36:55,403 |-INFO in ch.qos.logback.core.joran.action.NestedComplexPropertyIA - Assuming default type [ch.qos.logback.classic.encoder.PatternLayoutEncoder] for [encoder] property
15:36:55,408 |-INFO in ch.qos.logback.core.rolling.RollingFileAppender[FILE] - Active log file name: /tmp/application.log
15:36:55,408 |-INFO in ch.qos.logback.core.rolling.RollingFileAppender[FILE] - File property is set to [/tmp/application.log]
15:36:55,409 |-INFO in ch.qos.logback.classic.joran.action.RootLoggerAction - Setting level of ROOT logger to WARN
15:36:55,409 |-INFO in ch.qos.logback.core.joran.action.AppenderRefAction - Attaching appender named [STDOUT] to Logger[ROOT]
15:36:55,411 |-INFO in ch.qos.logback.core.joran.action.AppenderRefAction - Attaching appender named [FILE] to Logger[ROOT]
15:36:55,411 |-INFO in ch.qos.logback.classic.joran.action.ConfigurationAction - End of configuration.
15:36:55,412 |-INFO in ch.qos.logback.classic.joran.JoranConfigurator@79698539 - Registering current configuration as safe fallback point

Ama winner
Ama winner
2019-06-10T15:36:56.679+0000: 1.718: [Full GC (Metadata GC Threshold) 2019-06-10T15:36:56.679+0000: 1.718: [Tenured: 0K->15175K(341376K), 0.0391762 secs] 114924K->15175K(494976K), [Metaspace: 20731K->20731K(1067008K)], 0.0392441 secs] [Times: user=0.04 sys=0.00, real=0.04 secs] 
15:37:08.643 [Curator-PathChildrenCache-1] WARN  o.a.c.u.ZKPaths  - The version of ZooKeeper being used doesn't support Container nodes. CreateMode.PERSISTENT will be used instead.
2019-06-10T15:37:10.857+0000: 15.896: [GC (Allocation Failure) 2019-06-10T15:37:10.857+0000: 15.896: [DefNew: 136576K->17023K(153600K), 0.0263374 secs] 151751K->52720K(494976K), 0.0264162 secs] [Times: user=0.02 sys=0.01, real=0.02 secs] 
2019-06-10T15:37:13.259+0000: 18.298: [Full GC (Metadata GC Threshold) 2019-06-10T15:37:13.259+0000: 18.298: [Tenured: 35696K->44440K(341376K), 0.0438379 secs] 96190K->44440K(494976K), [Metaspace: 34577K->34577K(1079296K)], 0.0439237 secs] [Times: user=0.04 sys=0.00, real=0.04 secs] 
2019-06-10T15:37:19.963+0000: 25.002: [GC (Allocation Failure) 2019-06-10T15:37:19.963+0000: 25.002: [DefNew: 136576K->96K(153600K), 0.0019122 secs] 181016K->44536K(494976K), 0.0019713 secs] [Times: user=0.00 sys=0.00, real=0.00 secs] 
2019-06-10T15:37:26.516+0000: 31.555: [GC (Allocation Failure) 2019-06-10T15:37:26.516+0000: 31.555: [DefNew: 136672K->131K(153600K), 0.0017436 secs] 181112K->44571K(494976K), 0.0018043 secs] [Times: user=0.00 sys=0.00, real=0.00 secs] 
2019-06-10T15:37:33.175+0000: 38.214: [GC (Allocation Failure) 2019-06-10T15:37:33.175+0000: 38.214: [DefNew: 136707K->163K(153600K), 0.0017202 secs] 181147K->44603K(494976K), 0.0017833 secs] [Times: user=0.00 sys=0.00, real=0.00 secs] 
2019-06-10T15:37:39.777+0000: 44.816: [GC (Allocation Failure) 2019-06-10T15:37:39.777+0000: 44.816: [DefNew: 136739K->163K(153600K), 0.0017882 secs] 181179K->44604K(494976K), 0.0018482 secs] [Times: user=0.00 sys=0.00, real=0.00 secs] 
2019-06-10T15:37:46.513+0000: 51.552: [GC (Allocation Failure) 2019-06-10T15:37:46.514+0000: 51.552: [DefNew: 136739K->164K(153600K), 0.0017743 secs] 181180K->44604K(494976K), 0.0018465 secs] [Times: user=0.01 sys=0.00, real=0.01 secs] 
15:37:57.132 [Curator-PathChildrenCache-0] ERROR o.a.c.f.r.c.PathChildrenCache  - 
java.lang.IllegalStateException: instance must be started before calling this method
	at org.apache.curator.shaded.com.google.common.base.Preconditions.checkState(Preconditions.java:444)
	at org.apache.curator.framework.imps.CuratorFrameworkImpl.getChildren(CuratorFrameworkImpl.java:456)
	at org.apache.curator.framework.recipes.cache.PathChildrenCache.refresh(PathChildrenCache.java:521)
	at org.apache.curator.framework.recipes.cache.RefreshOperation.invoke(RefreshOperation.java:35)
	at org.apache.curator.framework.recipes.cache.PathChildrenCache$9.run(PathChildrenCache.java:786)
	at java.util.concurrent.Executors$RunnableAdapter.call(Executors.java:511)
	at java.util.concurrent.FutureTask.run(FutureTask.java:266)
	at java.util.concurrent.Executors$RunnableAdapter.call(Executors.java:511)
	at java.util.concurrent.FutureTask.run(FutureTask.java:266)
	at java.util.concurrent.ThreadPoolExecutor.runWorker(ThreadPoolExecutor.java:1149)
	at java.util.concurrent.ThreadPoolExecutor$Worker.run(ThreadPoolExecutor.java:624)
	at java.lang.Thread.run(Thread.java:748)
Heap
 def new generation   total 153600K, used 90598K [0x00000000e0c00000, 0x00000000eb2a0000, 0x00000000eb2a0000)
  eden space 136576K,  66% used [0x00000000e0c00000, 0x00000000e6450900, 0x00000000e9160000)
  from space 17024K,   0% used [0x00000000e9160000, 0x00000000e91890b0, 0x00000000ea200000)
  to   space 17024K,   0% used [0x00000000ea200000, 0x00000000ea200000, 0x00000000eb2a0000)
 tenured generation   total 341376K, used 44440K [0x00000000eb2a0000, 0x0000000100000000, 0x0000000100000000)
   the space 341376K,  13% used [0x00000000eb2a0000, 0x00000000ede061a0, 0x00000000ede06200, 0x0000000100000000)
 Metaspace       used 36034K, capacity 36928K, committed 37120K, reserved 1081344K
  class space    used 4859K, capacity 5074K, committed 5120K, reserved 1048576K
