13:05:51,652 |-INFO in ch.qos.logback.classic.LoggerContext[default] - Could NOT find resource [logback-test.xml]
13:05:51,652 |-INFO in ch.qos.logback.classic.LoggerContext[default] - Could NOT find resource [logback.groovy]
13:05:51,652 |-INFO in ch.qos.logback.classic.LoggerContext[default] - Found resource [logback.xml] at [jar:file:/root/flamestream/lib/flamestream-runtime-1.0-SNAPSHOT.jar!/logback.xml]
13:05:51,653 |-WARN in ch.qos.logback.classic.LoggerContext[default] - Resource [logback.xml] occurs multiple times on the classpath.
13:05:51,653 |-WARN in ch.qos.logback.classic.LoggerContext[default] - Resource [logback.xml] occurs at [jar:file:/root/flamestream/lib/flamestream-runtime-1.0-SNAPSHOT.jar!/logback.xml]
13:05:51,653 |-WARN in ch.qos.logback.classic.LoggerContext[default] - Resource [logback.xml] occurs at [jar:file:/root/flamestream/flamestream-runtime-1.0-SNAPSHOT.jar!/logback.xml]
13:05:51,673 |-INFO in ch.qos.logback.core.joran.spi.ConfigurationWatchList@3fb6a447 - URL [jar:file:/root/flamestream/lib/flamestream-runtime-1.0-SNAPSHOT.jar!/logback.xml] is not of type file
13:05:51,746 |-INFO in ch.qos.logback.classic.joran.action.ConfigurationAction - debug attribute not set
13:05:51,747 |-INFO in ch.qos.logback.core.joran.action.AppenderAction - About to instantiate appender of type [ch.qos.logback.core.ConsoleAppender]
13:05:51,767 |-INFO in ch.qos.logback.core.joran.action.AppenderAction - Naming appender as [STDOUT]
13:05:51,785 |-INFO in ch.qos.logback.core.joran.action.NestedComplexPropertyIA - Assuming default type [ch.qos.logback.classic.encoder.PatternLayoutEncoder] for [encoder] property
13:05:51,867 |-INFO in ch.qos.logback.core.joran.action.AppenderAction - About to instantiate appender of type [ch.qos.logback.core.rolling.RollingFileAppender]
13:05:51,872 |-INFO in ch.qos.logback.core.joran.action.AppenderAction - Naming appender as [FILE]
13:05:51,903 |-INFO in c.q.l.core.rolling.TimeBasedRollingPolicy@127618319 - No compression will be used
13:05:51,905 |-INFO in c.q.l.core.rolling.TimeBasedRollingPolicy@127618319 - Will use the pattern /tmp/application_%d{yyyy-MM-dd}.%i.log for the active file
13:05:51,908 |-INFO in ch.qos.logback.core.rolling.SizeAndTimeBasedFNATP@6b2fad11 - The date pattern is 'yyyy-MM-dd' from file name pattern '/tmp/application_%d{yyyy-MM-dd}.%i.log'.
13:05:51,908 |-INFO in ch.qos.logback.core.rolling.SizeAndTimeBasedFNATP@6b2fad11 - Roll-over at midnight.
13:05:51,913 |-INFO in ch.qos.logback.core.rolling.SizeAndTimeBasedFNATP@6b2fad11 - Setting initial period to Mon Jun 10 13:04:31 UTC 2019
13:05:51,913 |-WARN in ch.qos.logback.core.rolling.SizeAndTimeBasedFNATP@6b2fad11 - SizeAndTimeBasedFNATP is deprecated. Use SizeAndTimeBasedRollingPolicy instead
13:05:51,913 |-WARN in ch.qos.logback.core.rolling.SizeAndTimeBasedFNATP@6b2fad11 - For more information see http://logback.qos.ch/manual/appenders.html#SizeAndTimeBasedRollingPolicy
13:05:51,917 |-INFO in ch.qos.logback.core.joran.action.NestedComplexPropertyIA - Assuming default type [ch.qos.logback.classic.encoder.PatternLayoutEncoder] for [encoder] property
13:05:51,922 |-INFO in ch.qos.logback.core.rolling.RollingFileAppender[FILE] - Active log file name: /tmp/application.log
13:05:51,922 |-INFO in ch.qos.logback.core.rolling.RollingFileAppender[FILE] - File property is set to [/tmp/application.log]
13:05:51,923 |-INFO in ch.qos.logback.classic.joran.action.RootLoggerAction - Setting level of ROOT logger to WARN
13:05:51,923 |-INFO in ch.qos.logback.core.joran.action.AppenderRefAction - Attaching appender named [STDOUT] to Logger[ROOT]
13:05:51,925 |-INFO in ch.qos.logback.core.joran.action.AppenderRefAction - Attaching appender named [FILE] to Logger[ROOT]
13:05:51,925 |-INFO in ch.qos.logback.classic.joran.action.ConfigurationAction - End of configuration.
13:05:51,926 |-INFO in ch.qos.logback.classic.joran.JoranConfigurator@79698539 - Registering current configuration as safe fallback point

Ama winner
Ama winner
2019-06-10T13:05:53.249+0000: 1.787: [Full GC (Metadata GC Threshold) 2019-06-10T13:05:53.249+0000: 1.787: [Tenured: 0K->15239K(341376K), 0.0389908 secs] 114923K->15239K(494976K), [Metaspace: 20737K->20737K(1067008K)], 0.0390616 secs] [Times: user=0.04 sys=0.00, real=0.04 secs] 
13:06:10.715 [Curator-PathChildrenCache-1] WARN  o.a.c.u.ZKPaths  - The version of ZooKeeper being used doesn't support Container nodes. CreateMode.PERSISTENT will be used instead.
2019-06-10T13:06:12.957+0000: 21.496: [GC (Allocation Failure) 2019-06-10T13:06:12.957+0000: 21.496: [DefNew: 136576K->17023K(153600K), 0.0251169 secs] 151815K->52888K(494976K), 0.0251977 secs] [Times: user=0.01 sys=0.01, real=0.03 secs] 
2019-06-10T13:06:14.235+0000: 22.773: [Full GC (Metadata GC Threshold) 2019-06-10T13:06:14.235+0000: 22.773: [Tenured: 35864K->44746K(341376K), 0.0413405 secs] 78544K->44746K(494976K), [Metaspace: 34580K->34580K(1079296K)], 0.0414214 secs] [Times: user=0.03 sys=0.01, real=0.04 secs] 
2019-06-10T13:06:23.853+0000: 32.392: [GC (Allocation Failure) 2019-06-10T13:06:23.853+0000: 32.392: [DefNew: 136576K->102K(153600K), 0.0018362 secs] 181322K->44848K(494976K), 0.0018973 secs] [Times: user=0.00 sys=0.00, real=0.00 secs] 
2019-06-10T13:06:33.428+0000: 41.966: [GC (Allocation Failure) 2019-06-10T13:06:33.428+0000: 41.966: [DefNew: 136678K->165K(153600K), 0.0017996 secs] 181424K->44912K(494976K), 0.0018612 secs] [Times: user=0.00 sys=0.00, real=0.00 secs] 
2019-06-10T13:06:43.245+0000: 51.783: [GC (Allocation Failure) 2019-06-10T13:06:43.245+0000: 51.783: [DefNew: 136741K->166K(153600K), 0.0018586 secs] 181488K->44912K(494976K), 0.0019266 secs] [Times: user=0.01 sys=0.00, real=0.00 secs] 
2019-06-10T13:06:53.026+0000: 61.564: [GC (Allocation Failure) 2019-06-10T13:06:53.026+0000: 61.564: [DefNew: 136742K->353K(153600K), 0.0021869 secs] 181488K->45099K(494976K), 0.0022723 secs] [Times: user=0.00 sys=0.00, real=0.00 secs] 
2019-06-10T13:07:04.789+0000: 73.327: [GC (Allocation Failure) 2019-06-10T13:07:04.789+0000: 73.327: [DefNew: 136929K->377K(153600K), 0.0022718 secs] 181675K->45124K(494976K), 0.0023361 secs] [Times: user=0.00 sys=0.00, real=0.01 secs] 
2019-06-10T13:07:16.653+0000: 85.191: [GC (Allocation Failure) 2019-06-10T13:07:16.653+0000: 85.191: [DefNew: 136953K->258K(153600K), 0.0021841 secs] 181700K->45004K(494976K), 0.0022451 secs] [Times: user=0.00 sys=0.00, real=0.00 secs] 
13:07:36.020 [Curator-PathChildrenCache-0] ERROR o.a.c.f.r.c.PathChildrenCache  - 
java.lang.IllegalStateException: instance must be started before calling this method
	at org.apache.curator.shaded.com.google.common.base.Preconditions.checkState(Preconditions.java:444)
	at org.apache.curator.framework.imps.CuratorFrameworkImpl.getChildren(CuratorFrameworkImpl.java:456)
	at org.apache.curator.framework.recipes.cache.PathChildrenCache.refresh(PathChildrenCache.java:521)
	at org.apache.curator.framework.recipes.cache.RefreshOperation.invoke(RefreshOperation.java:35)
	at org.apache.curator.framework.recipes.cache.PathChildrenCache$9.run(PathChildrenCache.java:786)
	at java.util.concurrent.Executors$RunnableAdapter.call(Executors.java:511)
	at java.util.concurrent.FutureTask.run(FutureTask.java:266)
	at java.util.concurrent.Executors$RunnableAdapter.call(Executors.java:511)
	at java.util.concurrent.FutureTask.run(FutureTask.java:266)
	at java.util.concurrent.ThreadPoolExecutor.runWorker(ThreadPoolExecutor.java:1149)
	at java.util.concurrent.ThreadPoolExecutor$Worker.run(ThreadPoolExecutor.java:624)
	at java.lang.Thread.run(Thread.java:748)
Heap
 def new generation   total 153600K, used 114793K [0x00000000e0c00000, 0x00000000eb2a0000, 0x00000000eb2a0000)
  eden space 136576K,  83% used [0x00000000e0c00000, 0x00000000e7bd9ea8, 0x00000000e9160000)
  from space 17024K,   1% used [0x00000000ea200000, 0x00000000ea240940, 0x00000000eb2a0000)
  to   space 17024K,   0% used [0x00000000e9160000, 0x00000000e9160000, 0x00000000ea200000)
 tenured generation   total 341376K, used 44746K [0x00000000eb2a0000, 0x0000000100000000, 0x0000000100000000)
   the space 341376K,  13% used [0x00000000eb2a0000, 0x00000000ede529d0, 0x00000000ede52a00, 0x0000000100000000)
 Metaspace       used 36173K, capacity 37060K, committed 37376K, reserved 1081344K
  class space    used 4871K, capacity 5074K, committed 5120K, reserved 1048576K
