13:05:51,592 |-INFO in ch.qos.logback.classic.LoggerContext[default] - Could NOT find resource [logback-test.xml]
13:05:51,592 |-INFO in ch.qos.logback.classic.LoggerContext[default] - Could NOT find resource [logback.groovy]
13:05:51,592 |-INFO in ch.qos.logback.classic.LoggerContext[default] - Found resource [logback.xml] at [jar:file:/root/flamestream/lib/flamestream-runtime-1.0-SNAPSHOT.jar!/logback.xml]
13:05:51,594 |-WARN in ch.qos.logback.classic.LoggerContext[default] - Resource [logback.xml] occurs multiple times on the classpath.
13:05:51,594 |-WARN in ch.qos.logback.classic.LoggerContext[default] - Resource [logback.xml] occurs at [jar:file:/root/flamestream/lib/flamestream-runtime-1.0-SNAPSHOT.jar!/logback.xml]
13:05:51,594 |-WARN in ch.qos.logback.classic.LoggerContext[default] - Resource [logback.xml] occurs at [jar:file:/root/flamestream/flamestream-runtime-1.0-SNAPSHOT.jar!/logback.xml]
13:05:51,613 |-INFO in ch.qos.logback.core.joran.spi.ConfigurationWatchList@3fb6a447 - URL [jar:file:/root/flamestream/lib/flamestream-runtime-1.0-SNAPSHOT.jar!/logback.xml] is not of type file
13:05:51,687 |-INFO in ch.qos.logback.classic.joran.action.ConfigurationAction - debug attribute not set
13:05:51,687 |-INFO in ch.qos.logback.core.joran.action.AppenderAction - About to instantiate appender of type [ch.qos.logback.core.ConsoleAppender]
13:05:51,703 |-INFO in ch.qos.logback.core.joran.action.AppenderAction - Naming appender as [STDOUT]
13:05:51,720 |-INFO in ch.qos.logback.core.joran.action.NestedComplexPropertyIA - Assuming default type [ch.qos.logback.classic.encoder.PatternLayoutEncoder] for [encoder] property
13:05:51,805 |-INFO in ch.qos.logback.core.joran.action.AppenderAction - About to instantiate appender of type [ch.qos.logback.core.rolling.RollingFileAppender]
13:05:51,810 |-INFO in ch.qos.logback.core.joran.action.AppenderAction - Naming appender as [FILE]
13:05:51,842 |-INFO in c.q.l.core.rolling.TimeBasedRollingPolicy@127618319 - No compression will be used
13:05:51,843 |-INFO in c.q.l.core.rolling.TimeBasedRollingPolicy@127618319 - Will use the pattern /tmp/application_%d{yyyy-MM-dd}.%i.log for the active file
13:05:51,846 |-INFO in ch.qos.logback.core.rolling.SizeAndTimeBasedFNATP@6b2fad11 - The date pattern is 'yyyy-MM-dd' from file name pattern '/tmp/application_%d{yyyy-MM-dd}.%i.log'.
13:05:51,846 |-INFO in ch.qos.logback.core.rolling.SizeAndTimeBasedFNATP@6b2fad11 - Roll-over at midnight.
13:05:51,851 |-INFO in ch.qos.logback.core.rolling.SizeAndTimeBasedFNATP@6b2fad11 - Setting initial period to Mon Jun 10 13:04:35 UTC 2019
13:05:51,851 |-WARN in ch.qos.logback.core.rolling.SizeAndTimeBasedFNATP@6b2fad11 - SizeAndTimeBasedFNATP is deprecated. Use SizeAndTimeBasedRollingPolicy instead
13:05:51,851 |-WARN in ch.qos.logback.core.rolling.SizeAndTimeBasedFNATP@6b2fad11 - For more information see http://logback.qos.ch/manual/appenders.html#SizeAndTimeBasedRollingPolicy
13:05:51,855 |-INFO in ch.qos.logback.core.joran.action.NestedComplexPropertyIA - Assuming default type [ch.qos.logback.classic.encoder.PatternLayoutEncoder] for [encoder] property
13:05:51,860 |-INFO in ch.qos.logback.core.rolling.RollingFileAppender[FILE] - Active log file name: /tmp/application.log
13:05:51,860 |-INFO in ch.qos.logback.core.rolling.RollingFileAppender[FILE] - File property is set to [/tmp/application.log]
13:05:51,861 |-INFO in ch.qos.logback.classic.joran.action.RootLoggerAction - Setting level of ROOT logger to WARN
13:05:51,861 |-INFO in ch.qos.logback.core.joran.action.AppenderRefAction - Attaching appender named [STDOUT] to Logger[ROOT]
13:05:51,863 |-INFO in ch.qos.logback.core.joran.action.AppenderRefAction - Attaching appender named [FILE] to Logger[ROOT]
13:05:51,863 |-INFO in ch.qos.logback.classic.joran.action.ConfigurationAction - End of configuration.
13:05:51,864 |-INFO in ch.qos.logback.classic.joran.JoranConfigurator@79698539 - Registering current configuration as safe fallback point

Ama winner
Ama winner
2019-06-10T13:05:53.174+0000: 1.771: [Full GC (Metadata GC Threshold) 2019-06-10T13:05:53.174+0000: 1.771: [Tenured: 0K->15145K(341376K), 0.0407828 secs] 112223K->15145K(494976K), [Metaspace: 20732K->20732K(1067008K)], 0.0408530 secs] [Times: user=0.03 sys=0.01, real=0.04 secs] 
13:06:10.729 [Curator-PathChildrenCache-1] WARN  o.a.c.u.ZKPaths  - The version of ZooKeeper being used doesn't support Container nodes. CreateMode.PERSISTENT will be used instead.
2019-06-10T13:06:12.920+0000: 21.518: [GC (Allocation Failure) 2019-06-10T13:06:12.920+0000: 21.518: [DefNew: 117164K->17023K(153600K), 0.0189242 secs] 132309K->32913K(494976K), 0.0189981 secs] [Times: user=0.02 sys=0.00, real=0.02 secs] 
2019-06-10T13:06:17.627+0000: 26.224: [Full GC (Metadata GC Threshold) 2019-06-10T13:06:17.627+0000: 26.224: [Tenured: 15889K->44435K(341376K), 0.0597778 secs] 123097K->44435K(494976K), [Metaspace: 34635K->34635K(1079296K)], 0.0598623 secs] [Times: user=0.05 sys=0.01, real=0.06 secs] 
2019-06-10T13:06:27.348+0000: 35.946: [GC (Allocation Failure) 2019-06-10T13:06:27.348+0000: 35.946: [DefNew: 136576K->58K(153600K), 0.0019254 secs] 181011K->44493K(494976K), 0.0019984 secs] [Times: user=0.00 sys=0.00, real=0.00 secs] 
2019-06-10T13:06:37.204+0000: 45.802: [GC (Allocation Failure) 2019-06-10T13:06:37.204+0000: 45.802: [DefNew: 136634K->59K(153600K), 0.0018144 secs] 181069K->44494K(494976K), 0.0018763 secs] [Times: user=0.00 sys=0.00, real=0.00 secs] 
2019-06-10T13:06:47.137+0000: 55.734: [GC (Allocation Failure) 2019-06-10T13:06:47.137+0000: 55.734: [DefNew: 136635K->57K(153600K), 0.0017724 secs] 181070K->44492K(494976K), 0.0018377 secs] [Times: user=0.00 sys=0.00, real=0.00 secs] 
2019-06-10T13:06:57.631+0000: 66.229: [GC (Allocation Failure) 2019-06-10T13:06:57.631+0000: 66.229: [DefNew: 136633K->396K(153600K), 0.0022566 secs] 181068K->44832K(494976K), 0.0023216 secs] [Times: user=0.00 sys=0.00, real=0.00 secs] 
2019-06-10T13:07:09.635+0000: 78.232: [GC (Allocation Failure) 2019-06-10T13:07:09.635+0000: 78.233: [DefNew: 136972K->143K(153600K), 0.0020456 secs] 181408K->44579K(494976K), 0.0021089 secs] [Times: user=0.00 sys=0.00, real=0.01 secs] 
2019-06-10T13:07:21.471+0000: 90.069: [GC (Allocation Failure) 2019-06-10T13:07:21.471+0000: 90.069: [DefNew: 136719K->145K(153600K), 0.0019819 secs] 181155K->44581K(494976K), 0.0020435 secs] [Times: user=0.00 sys=0.00, real=0.00 secs] 
13:07:36.072 [Curator-PathChildrenCache-0] ERROR o.a.c.f.r.c.PathChildrenCache  - 
java.lang.IllegalStateException: instance must be started before calling this method
	at org.apache.curator.shaded.com.google.common.base.Preconditions.checkState(Preconditions.java:444)
	at org.apache.curator.framework.imps.CuratorFrameworkImpl.getChildren(CuratorFrameworkImpl.java:456)
	at org.apache.curator.framework.recipes.cache.PathChildrenCache.refresh(PathChildrenCache.java:521)
	at org.apache.curator.framework.recipes.cache.RefreshOperation.invoke(RefreshOperation.java:35)
	at org.apache.curator.framework.recipes.cache.PathChildrenCache$9.run(PathChildrenCache.java:786)
	at java.util.concurrent.Executors$RunnableAdapter.call(Executors.java:511)
	at java.util.concurrent.FutureTask.run(FutureTask.java:266)
	at java.util.concurrent.Executors$RunnableAdapter.call(Executors.java:511)
	at java.util.concurrent.FutureTask.run(FutureTask.java:266)
	at java.util.concurrent.ThreadPoolExecutor.runWorker(ThreadPoolExecutor.java:1149)
	at java.util.concurrent.ThreadPoolExecutor$Worker.run(ThreadPoolExecutor.java:624)
	at java.lang.Thread.run(Thread.java:748)
Heap
 def new generation   total 153600K, used 61738K [0x00000000e0c00000, 0x00000000eb2a0000, 0x00000000eb2a0000)
  eden space 136576K,  45% used [0x00000000e0c00000, 0x00000000e48264b0, 0x00000000e9160000)
  from space 17024K,   0% used [0x00000000ea200000, 0x00000000ea224738, 0x00000000eb2a0000)
  to   space 17024K,   0% used [0x00000000e9160000, 0x00000000e9160000, 0x00000000ea200000)
 tenured generation   total 341376K, used 44435K [0x00000000eb2a0000, 0x0000000100000000, 0x0000000100000000)
   the space 341376K,  13% used [0x00000000eb2a0000, 0x00000000ede04ed8, 0x00000000ede05000, 0x0000000100000000)
 Metaspace       used 36118K, capacity 37060K, committed 37376K, reserved 1081344K
  class space    used 4870K, capacity 5074K, committed 5120K, reserved 1048576K
