19:00:37,086 |-INFO in ch.qos.logback.classic.LoggerContext[default] - Could NOT find resource [logback-test.xml]
19:00:37,086 |-INFO in ch.qos.logback.classic.LoggerContext[default] - Could NOT find resource [logback.groovy]
19:00:37,086 |-INFO in ch.qos.logback.classic.LoggerContext[default] - Found resource [logback.xml] at [jar:file:/root/flamestream/lib/flamestream-runtime-1.0-SNAPSHOT.jar!/logback.xml]
19:00:37,088 |-WARN in ch.qos.logback.classic.LoggerContext[default] - Resource [logback.xml] occurs multiple times on the classpath.
19:00:37,089 |-WARN in ch.qos.logback.classic.LoggerContext[default] - Resource [logback.xml] occurs at [jar:file:/root/flamestream/lib/flamestream-runtime-1.0-SNAPSHOT.jar!/logback.xml]
19:00:37,089 |-WARN in ch.qos.logback.classic.LoggerContext[default] - Resource [logback.xml] occurs at [jar:file:/root/flamestream/flamestream-runtime-1.0-SNAPSHOT.jar!/logback.xml]
19:00:37,109 |-INFO in ch.qos.logback.core.joran.spi.ConfigurationWatchList@3fb6a447 - URL [jar:file:/root/flamestream/lib/flamestream-runtime-1.0-SNAPSHOT.jar!/logback.xml] is not of type file
19:00:37,177 |-INFO in ch.qos.logback.classic.joran.action.ConfigurationAction - debug attribute not set
19:00:37,178 |-INFO in ch.qos.logback.core.joran.action.AppenderAction - About to instantiate appender of type [ch.qos.logback.core.ConsoleAppender]
19:00:37,194 |-INFO in ch.qos.logback.core.joran.action.AppenderAction - Naming appender as [STDOUT]
19:00:37,207 |-INFO in ch.qos.logback.core.joran.action.NestedComplexPropertyIA - Assuming default type [ch.qos.logback.classic.encoder.PatternLayoutEncoder] for [encoder] property
19:00:37,313 |-INFO in ch.qos.logback.core.joran.action.AppenderAction - About to instantiate appender of type [ch.qos.logback.core.rolling.RollingFileAppender]
19:00:37,318 |-INFO in ch.qos.logback.core.joran.action.AppenderAction - Naming appender as [FILE]
19:00:37,355 |-INFO in c.q.l.core.rolling.TimeBasedRollingPolicy@127618319 - No compression will be used
19:00:37,356 |-INFO in c.q.l.core.rolling.TimeBasedRollingPolicy@127618319 - Will use the pattern /tmp/application_%d{yyyy-MM-dd}.%i.log for the active file
19:00:37,359 |-INFO in ch.qos.logback.core.rolling.SizeAndTimeBasedFNATP@6b2fad11 - The date pattern is 'yyyy-MM-dd' from file name pattern '/tmp/application_%d{yyyy-MM-dd}.%i.log'.
19:00:37,359 |-INFO in ch.qos.logback.core.rolling.SizeAndTimeBasedFNATP@6b2fad11 - Roll-over at midnight.
19:00:37,364 |-INFO in ch.qos.logback.core.rolling.SizeAndTimeBasedFNATP@6b2fad11 - Setting initial period to Mon Jun 10 18:59:05 UTC 2019
19:00:37,364 |-WARN in ch.qos.logback.core.rolling.SizeAndTimeBasedFNATP@6b2fad11 - SizeAndTimeBasedFNATP is deprecated. Use SizeAndTimeBasedRollingPolicy instead
19:00:37,364 |-WARN in ch.qos.logback.core.rolling.SizeAndTimeBasedFNATP@6b2fad11 - For more information see http://logback.qos.ch/manual/appenders.html#SizeAndTimeBasedRollingPolicy
19:00:37,368 |-INFO in ch.qos.logback.core.joran.action.NestedComplexPropertyIA - Assuming default type [ch.qos.logback.classic.encoder.PatternLayoutEncoder] for [encoder] property
19:00:37,373 |-INFO in ch.qos.logback.core.rolling.RollingFileAppender[FILE] - Active log file name: /tmp/application.log
19:00:37,373 |-INFO in ch.qos.logback.core.rolling.RollingFileAppender[FILE] - File property is set to [/tmp/application.log]
19:00:37,374 |-INFO in ch.qos.logback.classic.joran.action.RootLoggerAction - Setting level of ROOT logger to WARN
19:00:37,374 |-INFO in ch.qos.logback.core.joran.action.AppenderRefAction - Attaching appender named [STDOUT] to Logger[ROOT]
19:00:37,376 |-INFO in ch.qos.logback.core.joran.action.AppenderRefAction - Attaching appender named [FILE] to Logger[ROOT]
19:00:37,376 |-INFO in ch.qos.logback.classic.joran.action.ConfigurationAction - End of configuration.
19:00:37,376 |-INFO in ch.qos.logback.classic.joran.JoranConfigurator@79698539 - Registering current configuration as safe fallback point

Ama winner
Ama winner
2019-06-10T19:00:38.630+0000: 1.725: [Full GC (Metadata GC Threshold) 2019-06-10T19:00:38.630+0000: 1.725: [Tenured: 0K->15176K(341376K), 0.0398854 secs] 114923K->15176K(494976K), [Metaspace: 20728K->20728K(1067008K)], 0.0399542 secs] [Times: user=0.04 sys=0.01, real=0.04 secs] 
19:00:57.455 [Curator-PathChildrenCache-1] WARN  o.a.c.u.ZKPaths  - The version of ZooKeeper being used doesn't support Container nodes. CreateMode.PERSISTENT will be used instead.
2019-06-10T19:00:59.696+0000: 22.792: [GC (Allocation Failure) 2019-06-10T19:00:59.696+0000: 22.792: [DefNew: 136569K->17023K(153600K), 0.0305150 secs] 151745K->52611K(494976K), 0.0305978 secs] [Times: user=0.03 sys=0.01, real=0.03 secs] 
2019-06-10T19:01:02.095+0000: 25.190: [Full GC (Metadata GC Threshold) 2019-06-10T19:01:02.095+0000: 25.190: [Tenured: 35587K->44019K(341376K), 0.0440843 secs] 97096K->44019K(494976K), [Metaspace: 34592K->34592K(1079296K)], 0.0441743 secs] [Times: user=0.04 sys=0.00, real=0.05 secs] 
2019-06-10T19:01:08.706+0000: 31.801: [GC (Allocation Failure) 2019-06-10T19:01:08.706+0000: 31.801: [DefNew: 136576K->62K(153600K), 0.0017794 secs] 180595K->44082K(494976K), 0.0018374 secs] [Times: user=0.00 sys=0.00, real=0.00 secs] 
2019-06-10T19:01:15.334+0000: 38.430: [GC (Allocation Failure) 2019-06-10T19:01:15.334+0000: 38.430: [DefNew: 136638K->66K(153600K), 0.0017578 secs] 180658K->44086K(494976K), 0.0018232 secs] [Times: user=0.00 sys=0.00, real=0.00 secs] 
2019-06-10T19:01:22.088+0000: 45.184: [GC (Allocation Failure) 2019-06-10T19:01:22.088+0000: 45.184: [DefNew: 136642K->66K(153600K), 0.0017005 secs] 180662K->44085K(494976K), 0.0017605 secs] [Times: user=0.00 sys=0.00, real=0.00 secs] 
2019-06-10T19:01:28.891+0000: 51.986: [GC (Allocation Failure) 2019-06-10T19:01:28.891+0000: 51.986: [DefNew: 136642K->63K(153600K), 0.0016915 secs] 180661K->44083K(494976K), 0.0017530 secs] [Times: user=0.01 sys=0.00, real=0.01 secs] 
2019-06-10T19:01:35.703+0000: 58.799: [GC (Allocation Failure) 2019-06-10T19:01:35.703+0000: 58.799: [DefNew: 136639K->65K(153600K), 0.0017558 secs] 180659K->44085K(494976K), 0.0018193 secs] [Times: user=0.00 sys=0.00, real=0.00 secs] 
19:01:43.134 [Curator-PathChildrenCache-0] ERROR o.a.c.f.r.c.PathChildrenCache  - 
java.lang.IllegalStateException: instance must be started before calling this method
	at org.apache.curator.shaded.com.google.common.base.Preconditions.checkState(Preconditions.java:444)
	at org.apache.curator.framework.imps.CuratorFrameworkImpl.getChildren(CuratorFrameworkImpl.java:456)
	at org.apache.curator.framework.recipes.cache.PathChildrenCache.refresh(PathChildrenCache.java:521)
	at org.apache.curator.framework.recipes.cache.RefreshOperation.invoke(RefreshOperation.java:35)
	at org.apache.curator.framework.recipes.cache.PathChildrenCache$9.run(PathChildrenCache.java:786)
	at java.util.concurrent.Executors$RunnableAdapter.call(Executors.java:511)
	at java.util.concurrent.FutureTask.run(FutureTask.java:266)
	at java.util.concurrent.Executors$RunnableAdapter.call(Executors.java:511)
	at java.util.concurrent.FutureTask.run(FutureTask.java:266)
	at java.util.concurrent.ThreadPoolExecutor.runWorker(ThreadPoolExecutor.java:1149)
	at java.util.concurrent.ThreadPoolExecutor$Worker.run(ThreadPoolExecutor.java:624)
	at java.lang.Thread.run(Thread.java:748)
Heap
 def new generation   total 153600K, used 77466K [0x00000000e0c00000, 0x00000000eb2a0000, 0x00000000eb2a0000)
  eden space 136576K,  56% used [0x00000000e0c00000, 0x00000000e57962b0, 0x00000000e9160000)
  from space 17024K,   0% used [0x00000000e9160000, 0x00000000e91706b0, 0x00000000ea200000)
  to   space 17024K,   0% used [0x00000000ea200000, 0x00000000ea200000, 0x00000000eb2a0000)
 tenured generation   total 341376K, used 44019K [0x00000000eb2a0000, 0x0000000100000000, 0x0000000100000000)
   the space 341376K,  12% used [0x00000000eb2a0000, 0x00000000edd9ce60, 0x00000000edd9d000, 0x0000000100000000)
 Metaspace       used 36174K, capacity 37056K, committed 37376K, reserved 1081344K
  class space    used 4870K, capacity 5074K, committed 5120K, reserved 1048576K
