16:46:31,480 |-INFO in ch.qos.logback.classic.LoggerContext[default] - Could NOT find resource [logback-test.xml]
16:46:31,480 |-INFO in ch.qos.logback.classic.LoggerContext[default] - Could NOT find resource [logback.groovy]
16:46:31,480 |-INFO in ch.qos.logback.classic.LoggerContext[default] - Found resource [logback.xml] at [jar:file:/root/flamestream/lib/flamestream-runtime-1.0-SNAPSHOT.jar!/logback.xml]
16:46:31,480 |-WARN in ch.qos.logback.classic.LoggerContext[default] - Resource [logback.xml] occurs multiple times on the classpath.
16:46:31,485 |-WARN in ch.qos.logback.classic.LoggerContext[default] - Resource [logback.xml] occurs at [jar:file:/root/flamestream/lib/flamestream-runtime-1.0-SNAPSHOT.jar!/logback.xml]
16:46:31,485 |-WARN in ch.qos.logback.classic.LoggerContext[default] - Resource [logback.xml] occurs at [jar:file:/root/flamestream/flamestream-runtime-1.0-SNAPSHOT.jar!/logback.xml]
16:46:31,505 |-INFO in ch.qos.logback.core.joran.spi.ConfigurationWatchList@3fb6a447 - URL [jar:file:/root/flamestream/lib/flamestream-runtime-1.0-SNAPSHOT.jar!/logback.xml] is not of type file
16:46:31,576 |-INFO in ch.qos.logback.classic.joran.action.ConfigurationAction - debug attribute not set
16:46:31,577 |-INFO in ch.qos.logback.core.joran.action.AppenderAction - About to instantiate appender of type [ch.qos.logback.core.ConsoleAppender]
16:46:31,597 |-INFO in ch.qos.logback.core.joran.action.AppenderAction - Naming appender as [STDOUT]
16:46:31,615 |-INFO in ch.qos.logback.core.joran.action.NestedComplexPropertyIA - Assuming default type [ch.qos.logback.classic.encoder.PatternLayoutEncoder] for [encoder] property
16:46:31,697 |-INFO in ch.qos.logback.core.joran.action.AppenderAction - About to instantiate appender of type [ch.qos.logback.core.rolling.RollingFileAppender]
16:46:31,702 |-INFO in ch.qos.logback.core.joran.action.AppenderAction - Naming appender as [FILE]
16:46:31,734 |-INFO in c.q.l.core.rolling.TimeBasedRollingPolicy@127618319 - No compression will be used
16:46:31,735 |-INFO in c.q.l.core.rolling.TimeBasedRollingPolicy@127618319 - Will use the pattern /tmp/application_%d{yyyy-MM-dd}.%i.log for the active file
16:46:31,739 |-INFO in ch.qos.logback.core.rolling.SizeAndTimeBasedFNATP@6b2fad11 - The date pattern is 'yyyy-MM-dd' from file name pattern '/tmp/application_%d{yyyy-MM-dd}.%i.log'.
16:46:31,739 |-INFO in ch.qos.logback.core.rolling.SizeAndTimeBasedFNATP@6b2fad11 - Roll-over at midnight.
16:46:31,744 |-INFO in ch.qos.logback.core.rolling.SizeAndTimeBasedFNATP@6b2fad11 - Setting initial period to Mon Jun 10 16:44:59 UTC 2019
16:46:31,744 |-WARN in ch.qos.logback.core.rolling.SizeAndTimeBasedFNATP@6b2fad11 - SizeAndTimeBasedFNATP is deprecated. Use SizeAndTimeBasedRollingPolicy instead
16:46:31,744 |-WARN in ch.qos.logback.core.rolling.SizeAndTimeBasedFNATP@6b2fad11 - For more information see http://logback.qos.ch/manual/appenders.html#SizeAndTimeBasedRollingPolicy
16:46:31,748 |-INFO in ch.qos.logback.core.joran.action.NestedComplexPropertyIA - Assuming default type [ch.qos.logback.classic.encoder.PatternLayoutEncoder] for [encoder] property
16:46:31,753 |-INFO in ch.qos.logback.core.rolling.RollingFileAppender[FILE] - Active log file name: /tmp/application.log
16:46:31,753 |-INFO in ch.qos.logback.core.rolling.RollingFileAppender[FILE] - File property is set to [/tmp/application.log]
16:46:31,754 |-INFO in ch.qos.logback.classic.joran.action.RootLoggerAction - Setting level of ROOT logger to WARN
16:46:31,754 |-INFO in ch.qos.logback.core.joran.action.AppenderRefAction - Attaching appender named [STDOUT] to Logger[ROOT]
16:46:31,756 |-INFO in ch.qos.logback.core.joran.action.AppenderRefAction - Attaching appender named [FILE] to Logger[ROOT]
16:46:31,756 |-INFO in ch.qos.logback.classic.joran.action.ConfigurationAction - End of configuration.
16:46:31,756 |-INFO in ch.qos.logback.classic.joran.JoranConfigurator@79698539 - Registering current configuration as safe fallback point

Ama winner
Ama winner
2019-06-10T16:46:33.403+0000: 2.108: [Full GC (Metadata GC Threshold) 2019-06-10T16:46:33.403+0000: 2.108: [Tenured: 0K->15143K(341376K), 0.0413833 secs] 115020K->15143K(494976K), [Metaspace: 20738K->20738K(1067008K)], 0.0414508 secs] [Times: user=0.03 sys=0.01, real=0.04 secs] 
16:46:55.858 [Curator-PathChildrenCache-1] WARN  o.a.c.u.ZKPaths  - The version of ZooKeeper being used doesn't support Container nodes. CreateMode.PERSISTENT will be used instead.
2019-06-10T16:46:58.275+0000: 26.980: [GC (Allocation Failure) 2019-06-10T16:46:58.276+0000: 26.980: [DefNew: 136576K->17023K(153600K), 0.0254228 secs] 151719K->52852K(494976K), 0.0254979 secs] [Times: user=0.01 sys=0.01, real=0.03 secs] 
2019-06-10T16:46:59.103+0000: 27.808: [Full GC (Metadata GC Threshold) 2019-06-10T16:46:59.103+0000: 27.808: [Tenured: 35828K->44603K(341376K), 0.0449264 secs] 70951K->44603K(494976K), [Metaspace: 34621K->34621K(1079296K)], 0.0450123 secs] [Times: user=0.05 sys=0.00, real=0.04 secs] 
2019-06-10T16:47:06.082+0000: 34.787: [GC (Allocation Failure) 2019-06-10T16:47:06.082+0000: 34.787: [DefNew: 136576K->111K(153600K), 0.0019647 secs] 181179K->44715K(494976K), 0.0020288 secs] [Times: user=0.00 sys=0.00, real=0.00 secs] 
2019-06-10T16:47:12.831+0000: 41.536: [GC (Allocation Failure) 2019-06-10T16:47:12.831+0000: 41.536: [DefNew: 136687K->144K(153600K), 0.0018515 secs] 181291K->44748K(494976K), 0.0019245 secs] [Times: user=0.00 sys=0.00, real=0.00 secs] 
2019-06-10T16:47:19.760+0000: 48.465: [GC (Allocation Failure) 2019-06-10T16:47:19.760+0000: 48.465: [DefNew: 136720K->146K(153600K), 0.0018686 secs] 181324K->44750K(494976K), 0.0019306 secs] [Times: user=0.00 sys=0.00, real=0.00 secs] 
2019-06-10T16:47:26.687+0000: 55.392: [GC (Allocation Failure) 2019-06-10T16:47:26.687+0000: 55.392: [DefNew: 136722K->145K(153600K), 0.0019203 secs] 181326K->44749K(494976K), 0.0019875 secs] [Times: user=0.00 sys=0.00, real=0.01 secs] 
2019-06-10T16:47:33.540+0000: 62.245: [GC (Allocation Failure) 2019-06-10T16:47:33.540+0000: 62.245: [DefNew: 136721K->323K(153600K), 0.0021760 secs] 181325K->44927K(494976K), 0.0022351 secs] [Times: user=0.00 sys=0.00, real=0.00 secs] 
2019-06-10T16:47:53.796+0000: 82.501: [GC (Allocation Failure) 2019-06-10T16:47:53.796+0000: 82.501: [DefNew: 136899K->371K(153600K), 0.0024285 secs] 181503K->44974K(494976K), 0.0024958 secs] [Times: user=0.00 sys=0.00, real=0.01 secs] 
16:47:54.857 [Curator-PathChildrenCache-0] ERROR o.a.c.f.r.c.PathChildrenCache  - 
java.lang.IllegalStateException: instance must be started before calling this method
	at org.apache.curator.shaded.com.google.common.base.Preconditions.checkState(Preconditions.java:444)
	at org.apache.curator.framework.imps.CuratorFrameworkImpl.getChildren(CuratorFrameworkImpl.java:456)
	at org.apache.curator.framework.recipes.cache.PathChildrenCache.refresh(PathChildrenCache.java:521)
	at org.apache.curator.framework.recipes.cache.RefreshOperation.invoke(RefreshOperation.java:35)
	at org.apache.curator.framework.recipes.cache.PathChildrenCache$9.run(PathChildrenCache.java:786)
	at java.util.concurrent.Executors$RunnableAdapter.call(Executors.java:511)
	at java.util.concurrent.FutureTask.run(FutureTask.java:266)
	at java.util.concurrent.Executors$RunnableAdapter.call(Executors.java:511)
	at java.util.concurrent.FutureTask.run(FutureTask.java:266)
	at java.util.concurrent.ThreadPoolExecutor.runWorker(ThreadPoolExecutor.java:1149)
	at java.util.concurrent.ThreadPoolExecutor$Worker.run(ThreadPoolExecutor.java:624)
	at java.lang.Thread.run(Thread.java:748)
Heap
 def new generation   total 153600K, used 32416K [0x00000000e0c00000, 0x00000000eb2a0000, 0x00000000eb2a0000)
  eden space 136576K,  23% used [0x00000000e0c00000, 0x00000000e2b4b400, 0x00000000e9160000)
  from space 17024K,   2% used [0x00000000ea200000, 0x00000000ea25cc00, 0x00000000eb2a0000)
  to   space 17024K,   0% used [0x00000000e9160000, 0x00000000e9160000, 0x00000000ea200000)
 tenured generation   total 341376K, used 44603K [0x00000000eb2a0000, 0x0000000100000000, 0x0000000100000000)
   the space 341376K,  13% used [0x00000000eb2a0000, 0x00000000ede2ef20, 0x00000000ede2f000, 0x0000000100000000)
 Metaspace       used 36394K, capacity 37356K, committed 37632K, reserved 1081344K
  class space    used 4885K, capacity 5082K, committed 5120K, reserved 1048576K
