10:02:41,958 |-INFO in ch.qos.logback.classic.LoggerContext[default] - Could NOT find resource [logback-test.xml]
10:02:41,958 |-INFO in ch.qos.logback.classic.LoggerContext[default] - Could NOT find resource [logback.groovy]
10:02:41,958 |-INFO in ch.qos.logback.classic.LoggerContext[default] - Found resource [logback.xml] at [jar:file:/home/nikitasokolov/flamestream/lib/flamestream-runtime-1.0-SNAPSHOT.jar!/logback.xml]
10:02:41,959 |-WARN in ch.qos.logback.classic.LoggerContext[default] - Resource [logback.xml] occurs multiple times on the classpath.
10:02:41,959 |-WARN in ch.qos.logback.classic.LoggerContext[default] - Resource [logback.xml] occurs at [jar:file:/home/nikitasokolov/flamestream/lib/flamestream-runtime-1.0-SNAPSHOT.jar!/logback.xml]
10:02:41,959 |-WARN in ch.qos.logback.classic.LoggerContext[default] - Resource [logback.xml] occurs at [jar:file:/home/nikitasokolov/flamestream/flamestream-runtime-1.0-SNAPSHOT.jar!/logback.xml]
10:02:41,975 |-INFO in ch.qos.logback.core.joran.spi.ConfigurationWatchList@6108b2d7 - URL [jar:file:/home/nikitasokolov/flamestream/lib/flamestream-runtime-1.0-SNAPSHOT.jar!/logback.xml] is not of type file
10:02:42,029 |-INFO in ch.qos.logback.classic.joran.action.ConfigurationAction - debug attribute not set
10:02:42,030 |-INFO in ch.qos.logback.core.joran.action.AppenderAction - About to instantiate appender of type [ch.qos.logback.core.ConsoleAppender]
10:02:42,041 |-INFO in ch.qos.logback.core.joran.action.AppenderAction - Naming appender as [STDOUT]
10:02:42,049 |-INFO in ch.qos.logback.core.joran.action.NestedComplexPropertyIA - Assuming default type [ch.qos.logback.classic.encoder.PatternLayoutEncoder] for [encoder] property
10:02:42,106 |-INFO in ch.qos.logback.core.joran.action.AppenderAction - About to instantiate appender of type [ch.qos.logback.core.rolling.RollingFileAppender]
10:02:42,112 |-INFO in ch.qos.logback.core.joran.action.AppenderAction - Naming appender as [FILE]
10:02:42,133 |-INFO in c.q.l.core.rolling.TimeBasedRollingPolicy@357863579 - No compression will be used
10:02:42,135 |-INFO in c.q.l.core.rolling.TimeBasedRollingPolicy@357863579 - Will use the pattern /tmp/application_%d{yyyy-MM-dd}.%i.log for the active file
10:02:42,137 |-INFO in ch.qos.logback.core.rolling.SizeAndTimeBasedFNATP@6bf256fa - The date pattern is 'yyyy-MM-dd' from file name pattern '/tmp/application_%d{yyyy-MM-dd}.%i.log'.
10:02:42,137 |-INFO in ch.qos.logback.core.rolling.SizeAndTimeBasedFNATP@6bf256fa - Roll-over at midnight.
10:02:42,141 |-INFO in ch.qos.logback.core.rolling.SizeAndTimeBasedFNATP@6bf256fa - Setting initial period to Sun Jun 09 10:01:50 MSK 2019
10:02:42,141 |-WARN in ch.qos.logback.core.rolling.SizeAndTimeBasedFNATP@6bf256fa - SizeAndTimeBasedFNATP is deprecated. Use SizeAndTimeBasedRollingPolicy instead
10:02:42,141 |-WARN in ch.qos.logback.core.rolling.SizeAndTimeBasedFNATP@6bf256fa - For more information see http://logback.qos.ch/manual/appenders.html#SizeAndTimeBasedRollingPolicy
10:02:42,146 |-INFO in ch.qos.logback.core.joran.action.NestedComplexPropertyIA - Assuming default type [ch.qos.logback.classic.encoder.PatternLayoutEncoder] for [encoder] property
10:02:42,149 |-INFO in ch.qos.logback.core.rolling.RollingFileAppender[FILE] - Active log file name: /tmp/application.log
10:02:42,149 |-INFO in ch.qos.logback.core.rolling.RollingFileAppender[FILE] - File property is set to [/tmp/application.log]
10:02:42,151 |-INFO in ch.qos.logback.classic.joran.action.RootLoggerAction - Setting level of ROOT logger to WARN
10:02:42,151 |-INFO in ch.qos.logback.core.joran.action.AppenderRefAction - Attaching appender named [STDOUT] to Logger[ROOT]
10:02:42,152 |-INFO in ch.qos.logback.core.joran.action.AppenderRefAction - Attaching appender named [FILE] to Logger[ROOT]
10:02:42,152 |-INFO in ch.qos.logback.classic.joran.action.ConfigurationAction - End of configuration.
10:02:42,152 |-INFO in ch.qos.logback.classic.joran.JoranConfigurator@6cd8737 - Registering current configuration as safe fallback point

2019-06-09T10:02:43.128+0300: 1.383: [GC (Metadata GC Threshold) [PSYoungGen: 105581K->15800K(149504K)] 105581K->15880K(491008K), 0.0218245 secs] [Times: user=0.11 sys=0.04, real=0.03 secs] 
2019-06-09T10:02:43.150+0300: 1.405: [Full GC (Metadata GC Threshold) [PSYoungGen: 15800K->0K(149504K)] [ParOldGen: 80K->14981K(341504K)] 15880K->14981K(491008K), [Metaspace: 20800K->20800K(1067008K)], 0.0283615 secs] [Times: user=0.18 sys=0.01, real=0.03 secs] 
10:02:50.442 [Curator-PathChildrenCache-1] WARN  o.a.c.u.ZKPaths  - The version of ZooKeeper being used doesn't support Container nodes. CreateMode.PERSISTENT will be used instead.
2019-06-09T10:02:51.361+0300: 9.616: [GC (Metadata GC Threshold) [PSYoungGen: 125244K->15881K(149504K)] 140225K->50402K(491008K), 0.0267133 secs] [Times: user=0.21 sys=0.02, real=0.02 secs] 
2019-06-09T10:02:51.388+0300: 9.642: [Full GC (Metadata GC Threshold) [PSYoungGen: 15881K->0K(149504K)] [ParOldGen: 34520K->38721K(341504K)] 50402K->38721K(491008K), [Metaspace: 34558K->34558K(1079296K)], 0.0365986 secs] [Times: user=0.20 sys=0.01, real=0.04 secs] 
2019-06-09T10:02:56.669+0300: 14.923: [GC (Allocation Failure) [PSYoungGen: 128512K->512K(149504K)] 167233K->39241K(491008K), 0.0046039 secs] [Times: user=0.01 sys=0.03, real=0.01 secs] 
2019-06-09T10:03:02.778+0300: 21.032: [GC (Allocation Failure) [PSYoungGen: 129024K->448K(149504K)] 167753K->39185K(491008K), 0.0049768 secs] [Times: user=0.04 sys=0.01, real=0.00 secs] 
2019-06-09T10:03:08.916+0300: 27.171: [GC (Allocation Failure) [PSYoungGen: 128960K->448K(129024K)] 167697K->39193K(470528K), 0.0048882 secs] [Times: user=0.04 sys=0.00, real=0.01 secs] 
2019-06-09T10:03:15.052+0300: 33.306: [GC (Allocation Failure) [PSYoungGen: 128960K->384K(150016K)] 167705K->39137K(491520K), 0.0040761 secs] [Times: user=0.02 sys=0.00, real=0.00 secs] 
2019-06-09T10:03:21.295+0300: 39.549: [GC (Allocation Failure) [PSYoungGen: 128896K->416K(148992K)] 167649K->39177K(490496K), 0.0026173 secs] [Times: user=0.01 sys=0.01, real=0.00 secs] 
2019-06-09T10:03:27.559+0300: 45.814: [GC (Allocation Failure) [PSYoungGen: 128928K->480K(151552K)] 167689K->39249K(493056K), 0.0041962 secs] [Times: user=0.04 sys=0.00, real=0.00 secs] 
2019-06-09T10:03:33.946+0300: 52.201: [GC (Allocation Failure) [PSYoungGen: 132576K->416K(151040K)] 171345K->39185K(492544K), 0.0028456 secs] [Times: user=0.02 sys=0.00, real=0.00 secs] 
2019-06-09T10:03:40.376+0300: 58.631: [GC (Allocation Failure) [PSYoungGen: 132512K->416K(153088K)] 171281K->39193K(494592K), 0.0030187 secs] [Times: user=0.01 sys=0.00, real=0.01 secs] 
2019-06-09T10:03:47.726+0300: 65.980: [GC (Allocation Failure) [PSYoungGen: 135584K->759K(152576K)] 174361K->39544K(494080K), 0.0049862 secs] [Times: user=0.02 sys=0.01, real=0.01 secs] 
2019-06-09T10:03:56.038+0300: 74.292: [GC (Allocation Failure) [PSYoungGen: 135927K->544K(155136K)] 174712K->39329K(496640K), 0.0035266 secs] [Times: user=0.01 sys=0.01, real=0.01 secs] 
10:04:10.732 [Curator-PathChildrenCache-0] ERROR o.a.c.f.r.c.PathChildrenCache  - 
java.lang.IllegalStateException: instance must be started before calling this method
	at org.apache.curator.shaded.com.google.common.base.Preconditions.checkState(Preconditions.java:444)
	at org.apache.curator.framework.imps.CuratorFrameworkImpl.getChildren(CuratorFrameworkImpl.java:456)
	at org.apache.curator.framework.recipes.cache.PathChildrenCache.refresh(PathChildrenCache.java:521)
	at org.apache.curator.framework.recipes.cache.RefreshOperation.invoke(RefreshOperation.java:35)
	at org.apache.curator.framework.recipes.cache.PathChildrenCache$9.run(PathChildrenCache.java:786)
	at java.util.concurrent.Executors$RunnableAdapter.call(Executors.java:511)
	at java.util.concurrent.FutureTask.run(FutureTask.java:266)
	at java.util.concurrent.Executors$RunnableAdapter.call(Executors.java:511)
	at java.util.concurrent.FutureTask.run(FutureTask.java:266)
	at java.util.concurrent.ThreadPoolExecutor.runWorker(ThreadPoolExecutor.java:1149)
	at java.util.concurrent.ThreadPoolExecutor$Worker.run(ThreadPoolExecutor.java:624)
	at java.lang.Thread.run(Thread.java:748)
Heap
 PSYoungGen      total 155136K, used 67702K [0x00000000f5980000, 0x0000000100000000, 0x0000000100000000)
  eden space 138752K, 48% used [0x00000000f5980000,0x00000000f9b157f8,0x00000000fe100000)
  from space 16384K, 3% used [0x00000000ff000000,0x00000000ff088020,0x0000000100000000)
  to   space 15360K, 0% used [0x00000000fe100000,0x00000000fe100000,0x00000000ff000000)
 ParOldGen       total 341504K, used 38785K [0x00000000e0c00000, 0x00000000f5980000, 0x00000000f5980000)
  object space 341504K, 11% used [0x00000000e0c00000,0x00000000e31e0620,0x00000000f5980000)
 Metaspace       used 36165K, capacity 37022K, committed 37208K, reserved 1081344K
  class space    used 4978K, capacity 5161K, committed 5248K, reserved 1048576K
