08:02:40,287 |-INFO in ch.qos.logback.classic.LoggerContext[default] - Could NOT find resource [logback-test.xml]
08:02:40,287 |-INFO in ch.qos.logback.classic.LoggerContext[default] - Could NOT find resource [logback.groovy]
08:02:40,287 |-INFO in ch.qos.logback.classic.LoggerContext[default] - Found resource [logback.xml] at [jar:file:/root/flamestream/lib/flamestream-runtime-1.0-SNAPSHOT.jar!/logback.xml]
08:02:40,292 |-WARN in ch.qos.logback.classic.LoggerContext[default] - Resource [logback.xml] occurs multiple times on the classpath.
08:02:40,292 |-WARN in ch.qos.logback.classic.LoggerContext[default] - Resource [logback.xml] occurs at [jar:file:/root/flamestream/lib/flamestream-runtime-1.0-SNAPSHOT.jar!/logback.xml]
08:02:40,292 |-WARN in ch.qos.logback.classic.LoggerContext[default] - Resource [logback.xml] occurs at [jar:file:/root/flamestream/flamestream-runtime-1.0-SNAPSHOT.jar!/logback.xml]
08:02:40,312 |-INFO in ch.qos.logback.core.joran.spi.ConfigurationWatchList@3fb6a447 - URL [jar:file:/root/flamestream/lib/flamestream-runtime-1.0-SNAPSHOT.jar!/logback.xml] is not of type file
08:02:40,384 |-INFO in ch.qos.logback.classic.joran.action.ConfigurationAction - debug attribute not set
08:02:40,385 |-INFO in ch.qos.logback.core.joran.action.AppenderAction - About to instantiate appender of type [ch.qos.logback.core.ConsoleAppender]
08:02:40,403 |-INFO in ch.qos.logback.core.joran.action.AppenderAction - Naming appender as [STDOUT]
08:02:40,421 |-INFO in ch.qos.logback.core.joran.action.NestedComplexPropertyIA - Assuming default type [ch.qos.logback.classic.encoder.PatternLayoutEncoder] for [encoder] property
08:02:40,502 |-INFO in ch.qos.logback.core.joran.action.AppenderAction - About to instantiate appender of type [ch.qos.logback.core.rolling.RollingFileAppender]
08:02:40,507 |-INFO in ch.qos.logback.core.joran.action.AppenderAction - Naming appender as [FILE]
08:02:40,538 |-INFO in c.q.l.core.rolling.TimeBasedRollingPolicy@127618319 - No compression will be used
08:02:40,540 |-INFO in c.q.l.core.rolling.TimeBasedRollingPolicy@127618319 - Will use the pattern /tmp/application_%d{yyyy-MM-dd}.%i.log for the active file
08:02:40,543 |-INFO in ch.qos.logback.core.rolling.SizeAndTimeBasedFNATP@6b2fad11 - The date pattern is 'yyyy-MM-dd' from file name pattern '/tmp/application_%d{yyyy-MM-dd}.%i.log'.
08:02:40,543 |-INFO in ch.qos.logback.core.rolling.SizeAndTimeBasedFNATP@6b2fad11 - Roll-over at midnight.
08:02:40,548 |-INFO in ch.qos.logback.core.rolling.SizeAndTimeBasedFNATP@6b2fad11 - Setting initial period to Tue Jun 11 08:01:17 UTC 2019
08:02:40,548 |-WARN in ch.qos.logback.core.rolling.SizeAndTimeBasedFNATP@6b2fad11 - SizeAndTimeBasedFNATP is deprecated. Use SizeAndTimeBasedRollingPolicy instead
08:02:40,548 |-WARN in ch.qos.logback.core.rolling.SizeAndTimeBasedFNATP@6b2fad11 - For more information see http://logback.qos.ch/manual/appenders.html#SizeAndTimeBasedRollingPolicy
08:02:40,552 |-INFO in ch.qos.logback.core.joran.action.NestedComplexPropertyIA - Assuming default type [ch.qos.logback.classic.encoder.PatternLayoutEncoder] for [encoder] property
08:02:40,557 |-INFO in ch.qos.logback.core.rolling.RollingFileAppender[FILE] - Active log file name: /tmp/application.log
08:02:40,557 |-INFO in ch.qos.logback.core.rolling.RollingFileAppender[FILE] - File property is set to [/tmp/application.log]
08:02:40,558 |-INFO in ch.qos.logback.classic.joran.action.RootLoggerAction - Setting level of ROOT logger to WARN
08:02:40,558 |-INFO in ch.qos.logback.core.joran.action.AppenderRefAction - Attaching appender named [STDOUT] to Logger[ROOT]
08:02:40,560 |-INFO in ch.qos.logback.core.joran.action.AppenderRefAction - Attaching appender named [FILE] to Logger[ROOT]
08:02:40,560 |-INFO in ch.qos.logback.classic.joran.action.ConfigurationAction - End of configuration.
08:02:40,560 |-INFO in ch.qos.logback.classic.joran.JoranConfigurator@79698539 - Registering current configuration as safe fallback point

Ama winner
Ama winner
2019-06-11T08:02:41.893+0000: 1.792: [Full GC (Metadata GC Threshold) 2019-06-11T08:02:41.893+0000: 1.792: [Tenured: 0K->15209K(341376K), 0.0400160 secs] 114923K->15209K(494976K), [Metaspace: 20732K->20732K(1067008K)], 0.0400825 secs] [Times: user=0.03 sys=0.00, real=0.04 secs] 
08:02:59.518 [Curator-PathChildrenCache-1] WARN  o.a.c.u.ZKPaths  - The version of ZooKeeper being used doesn't support Container nodes. CreateMode.PERSISTENT will be used instead.
2019-06-11T08:03:01.856+0000: 21.755: [GC (Allocation Failure) 2019-06-11T08:03:01.856+0000: 21.755: [DefNew: 136576K->17023K(153600K), 0.0374370 secs] 151785K->52643K(494976K), 0.0375057 secs] [Times: user=0.03 sys=0.01, real=0.03 secs] 
2019-06-11T08:03:05.259+0000: 25.157: [Full GC (Metadata GC Threshold) 2019-06-11T08:03:05.259+0000: 25.157: [Tenured: 35619K->43985K(341376K), 0.0940953 secs] 126661K->43985K(494976K), [Metaspace: 34570K->34570K(1079296K)], 0.0941690 secs] [Times: user=0.09 sys=0.00, real=0.09 secs] 
2019-06-11T08:03:11.568+0000: 31.466: [GC (Allocation Failure) 2019-06-11T08:03:11.568+0000: 31.466: [DefNew: 136576K->58K(153600K), 0.0017169 secs] 180561K->44043K(494976K), 0.0017747 secs] [Times: user=0.00 sys=0.00, real=0.01 secs] 
2019-06-11T08:03:17.874+0000: 37.772: [GC (Allocation Failure) 2019-06-11T08:03:17.874+0000: 37.772: [DefNew: 136634K->55K(153600K), 0.0017125 secs] 180619K->44040K(494976K), 0.0017745 secs] [Times: user=0.00 sys=0.01, real=0.00 secs] 
2019-06-11T08:03:24.173+0000: 44.072: [GC (Allocation Failure) 2019-06-11T08:03:24.173+0000: 44.072: [DefNew: 136631K->59K(153600K), 0.0016313 secs] 180616K->44044K(494976K), 0.0017048 secs] [Times: user=0.00 sys=0.00, real=0.00 secs] 
2019-06-11T08:03:30.513+0000: 50.411: [GC (Allocation Failure) 2019-06-11T08:03:30.513+0000: 50.411: [DefNew: 136635K->57K(153600K), 0.0016477 secs] 180620K->44043K(494976K), 0.0017080 secs] [Times: user=0.00 sys=0.00, real=0.00 secs] 
08:03:41.499 [Curator-PathChildrenCache-0] ERROR o.a.c.f.r.c.PathChildrenCache  - 
java.lang.IllegalStateException: instance must be started before calling this method
	at org.apache.curator.shaded.com.google.common.base.Preconditions.checkState(Preconditions.java:444)
	at org.apache.curator.framework.imps.CuratorFrameworkImpl.getChildren(CuratorFrameworkImpl.java:456)
	at org.apache.curator.framework.recipes.cache.PathChildrenCache.refresh(PathChildrenCache.java:521)
	at org.apache.curator.framework.recipes.cache.RefreshOperation.invoke(RefreshOperation.java:35)
	at org.apache.curator.framework.recipes.cache.PathChildrenCache$9.run(PathChildrenCache.java:786)
	at java.util.concurrent.Executors$RunnableAdapter.call(Executors.java:511)
	at java.util.concurrent.FutureTask.run(FutureTask.java:266)
	at java.util.concurrent.Executors$RunnableAdapter.call(Executors.java:511)
	at java.util.concurrent.FutureTask.run(FutureTask.java:266)
	at java.util.concurrent.ThreadPoolExecutor.runWorker(ThreadPoolExecutor.java:1149)
	at java.util.concurrent.ThreadPoolExecutor$Worker.run(ThreadPoolExecutor.java:624)
	at java.lang.Thread.run(Thread.java:748)
2019-06-11T08:03:42.697+0000: 62.596: [GC (Allocation Failure) 2019-06-11T08:03:42.697+0000: 62.596: [DefNew: 136633K->1119K(153600K), 0.0042124 secs] 180619K->45104K(494976K), 0.0042641 secs] [Times: user=0.01 sys=0.00, real=0.00 secs] 
Heap
 def new generation   total 153600K, used 1980K [0x00000000e0c00000, 0x00000000eb2a0000, 0x00000000eb2a0000)
  eden space 136576K,   0% used [0x00000000e0c00000, 0x00000000e0cd74f0, 0x00000000e9160000)
  from space 17024K,   6% used [0x00000000e9160000, 0x00000000e9277ef8, 0x00000000ea200000)
  to   space 17024K,   0% used [0x00000000ea200000, 0x00000000ea200000, 0x00000000eb2a0000)
 tenured generation   total 341376K, used 43985K [0x00000000eb2a0000, 0x0000000100000000, 0x0000000100000000)
   the space 341376K,  12% used [0x00000000eb2a0000, 0x00000000edd944c8, 0x00000000edd94600, 0x0000000100000000)
 Metaspace       used 35896K, capacity 36794K, committed 37120K, reserved 1081344K
  class space    used 4859K, capacity 5073K, committed 5120K, reserved 1048576K
