19:53:37,580 |-INFO in ch.qos.logback.classic.LoggerContext[default] - Could NOT find resource [logback-test.xml]
19:53:37,580 |-INFO in ch.qos.logback.classic.LoggerContext[default] - Could NOT find resource [logback.groovy]
19:53:37,580 |-INFO in ch.qos.logback.classic.LoggerContext[default] - Found resource [logback.xml] at [jar:file:/root/flamestream/lib/flamestream-runtime-1.0-SNAPSHOT.jar!/logback.xml]
19:53:37,585 |-WARN in ch.qos.logback.classic.LoggerContext[default] - Resource [logback.xml] occurs multiple times on the classpath.
19:53:37,585 |-WARN in ch.qos.logback.classic.LoggerContext[default] - Resource [logback.xml] occurs at [jar:file:/root/flamestream/lib/flamestream-runtime-1.0-SNAPSHOT.jar!/logback.xml]
19:53:37,585 |-WARN in ch.qos.logback.classic.LoggerContext[default] - Resource [logback.xml] occurs at [jar:file:/root/flamestream/flamestream-runtime-1.0-SNAPSHOT.jar!/logback.xml]
19:53:37,606 |-INFO in ch.qos.logback.core.joran.spi.ConfigurationWatchList@3fb6a447 - URL [jar:file:/root/flamestream/lib/flamestream-runtime-1.0-SNAPSHOT.jar!/logback.xml] is not of type file
19:53:37,677 |-INFO in ch.qos.logback.classic.joran.action.ConfigurationAction - debug attribute not set
19:53:37,677 |-INFO in ch.qos.logback.core.joran.action.AppenderAction - About to instantiate appender of type [ch.qos.logback.core.ConsoleAppender]
19:53:37,697 |-INFO in ch.qos.logback.core.joran.action.AppenderAction - Naming appender as [STDOUT]
19:53:37,715 |-INFO in ch.qos.logback.core.joran.action.NestedComplexPropertyIA - Assuming default type [ch.qos.logback.classic.encoder.PatternLayoutEncoder] for [encoder] property
19:53:37,800 |-INFO in ch.qos.logback.core.joran.action.AppenderAction - About to instantiate appender of type [ch.qos.logback.core.rolling.RollingFileAppender]
19:53:37,805 |-INFO in ch.qos.logback.core.joran.action.AppenderAction - Naming appender as [FILE]
19:53:37,838 |-INFO in c.q.l.core.rolling.TimeBasedRollingPolicy@127618319 - No compression will be used
19:53:37,839 |-INFO in c.q.l.core.rolling.TimeBasedRollingPolicy@127618319 - Will use the pattern /tmp/application_%d{yyyy-MM-dd}.%i.log for the active file
19:53:37,842 |-INFO in ch.qos.logback.core.rolling.SizeAndTimeBasedFNATP@6b2fad11 - The date pattern is 'yyyy-MM-dd' from file name pattern '/tmp/application_%d{yyyy-MM-dd}.%i.log'.
19:53:37,842 |-INFO in ch.qos.logback.core.rolling.SizeAndTimeBasedFNATP@6b2fad11 - Roll-over at midnight.
19:53:37,848 |-INFO in ch.qos.logback.core.rolling.SizeAndTimeBasedFNATP@6b2fad11 - Setting initial period to Mon Jun 10 19:52:19 UTC 2019
19:53:37,848 |-WARN in ch.qos.logback.core.rolling.SizeAndTimeBasedFNATP@6b2fad11 - SizeAndTimeBasedFNATP is deprecated. Use SizeAndTimeBasedRollingPolicy instead
19:53:37,848 |-WARN in ch.qos.logback.core.rolling.SizeAndTimeBasedFNATP@6b2fad11 - For more information see http://logback.qos.ch/manual/appenders.html#SizeAndTimeBasedRollingPolicy
19:53:37,851 |-INFO in ch.qos.logback.core.joran.action.NestedComplexPropertyIA - Assuming default type [ch.qos.logback.classic.encoder.PatternLayoutEncoder] for [encoder] property
19:53:37,856 |-INFO in ch.qos.logback.core.rolling.RollingFileAppender[FILE] - Active log file name: /tmp/application.log
19:53:37,856 |-INFO in ch.qos.logback.core.rolling.RollingFileAppender[FILE] - File property is set to [/tmp/application.log]
19:53:37,857 |-INFO in ch.qos.logback.classic.joran.action.RootLoggerAction - Setting level of ROOT logger to WARN
19:53:37,857 |-INFO in ch.qos.logback.core.joran.action.AppenderRefAction - Attaching appender named [STDOUT] to Logger[ROOT]
19:53:37,859 |-INFO in ch.qos.logback.core.joran.action.AppenderRefAction - Attaching appender named [FILE] to Logger[ROOT]
19:53:37,859 |-INFO in ch.qos.logback.classic.joran.action.ConfigurationAction - End of configuration.
19:53:37,860 |-INFO in ch.qos.logback.classic.joran.JoranConfigurator@79698539 - Registering current configuration as safe fallback point

Ama winner
Ama winner
2019-06-10T19:53:39.144+0000: 1.746: [Full GC (Metadata GC Threshold) 2019-06-10T19:53:39.144+0000: 1.746: [Tenured: 0K->15144K(341376K), 0.0405967 secs] 114923K->15144K(494976K), [Metaspace: 20735K->20735K(1067008K)], 0.0406819 secs] [Times: user=0.04 sys=0.00, real=0.05 secs] 
19:53:56.075 [Curator-PathChildrenCache-1] WARN  o.a.c.u.ZKPaths  - The version of ZooKeeper being used doesn't support Container nodes. CreateMode.PERSISTENT will be used instead.
2019-06-10T19:53:58.313+0000: 20.915: [GC (Allocation Failure) 2019-06-10T19:53:58.313+0000: 20.915: [DefNew: 136576K->17024K(153600K), 0.0258444 secs] 151720K->52572K(494976K), 0.0259087 secs] [Times: user=0.03 sys=0.01, real=0.03 secs] 
2019-06-10T19:54:05.444+0000: 28.046: [Full GC (Metadata GC Threshold) 2019-06-10T19:54:05.444+0000: 28.046: [Tenured: 35548K->44046K(341376K), 0.0610702 secs] 167736K->44046K(494976K), [Metaspace: 34616K->34616K(1079296K)], 0.0611502 secs] [Times: user=0.06 sys=0.00, real=0.07 secs] 
2019-06-10T19:54:14.008+0000: 36.610: [GC (Allocation Failure) 2019-06-10T19:54:14.008+0000: 36.610: [DefNew: 136576K->57K(153600K), 0.0019575 secs] 180622K->44104K(494976K), 0.0020247 secs] [Times: user=0.00 sys=0.00, real=0.00 secs] 
2019-06-10T19:54:22.721+0000: 45.323: [GC (Allocation Failure) 2019-06-10T19:54:22.721+0000: 45.324: [DefNew: 136633K->50K(153600K), 0.0016225 secs] 180680K->44097K(494976K), 0.0016829 secs] [Times: user=0.01 sys=0.00, real=0.00 secs] 
2019-06-10T19:54:31.536+0000: 54.138: [GC (Allocation Failure) 2019-06-10T19:54:31.536+0000: 54.138: [DefNew: 136626K->52K(153600K), 0.0017217 secs] 180673K->44099K(494976K), 0.0017935 secs] [Times: user=0.00 sys=0.00, real=0.01 secs] 
2019-06-10T19:54:40.376+0000: 62.978: [GC (Allocation Failure) 2019-06-10T19:54:40.376+0000: 62.978: [DefNew: 136628K->382K(153600K), 0.0021257 secs] 180675K->44429K(494976K), 0.0021869 secs] [Times: user=0.00 sys=0.00, real=0.00 secs] 
2019-06-10T19:54:50.595+0000: 73.197: [GC (Allocation Failure) 2019-06-10T19:54:50.595+0000: 73.197: [DefNew: 136958K->134K(153600K), 0.0019526 secs] 181005K->44181K(494976K), 0.0020180 secs] [Times: user=0.00 sys=0.00, real=0.01 secs] 
19:55:14.508 [Curator-PathChildrenCache-0] ERROR o.a.c.f.r.c.PathChildrenCache  - 
java.lang.IllegalStateException: instance must be started before calling this method
	at org.apache.curator.shaded.com.google.common.base.Preconditions.checkState(Preconditions.java:444)
	at org.apache.curator.framework.imps.CuratorFrameworkImpl.getChildren(CuratorFrameworkImpl.java:456)
	at org.apache.curator.framework.recipes.cache.PathChildrenCache.refresh(PathChildrenCache.java:521)
	at org.apache.curator.framework.recipes.cache.RefreshOperation.invoke(RefreshOperation.java:35)
	at org.apache.curator.framework.recipes.cache.PathChildrenCache$9.run(PathChildrenCache.java:786)
	at java.util.concurrent.Executors$RunnableAdapter.call(Executors.java:511)
	at java.util.concurrent.FutureTask.run(FutureTask.java:266)
	at java.util.concurrent.Executors$RunnableAdapter.call(Executors.java:511)
	at java.util.concurrent.FutureTask.run(FutureTask.java:266)
	at java.util.concurrent.ThreadPoolExecutor.runWorker(ThreadPoolExecutor.java:1149)
	at java.util.concurrent.ThreadPoolExecutor$Worker.run(ThreadPoolExecutor.java:624)
	at java.lang.Thread.run(Thread.java:748)
Heap
 def new generation   total 153600K, used 126441K [0x00000000e0c00000, 0x00000000eb2a0000, 0x00000000eb2a0000)
  eden space 136576K,  92% used [0x00000000e0c00000, 0x00000000e8758dd0, 0x00000000e9160000)
  from space 17024K,   0% used [0x00000000e9160000, 0x00000000e91819a8, 0x00000000ea200000)
  to   space 17024K,   0% used [0x00000000ea200000, 0x00000000ea200000, 0x00000000eb2a0000)
 tenured generation   total 341376K, used 44046K [0x00000000eb2a0000, 0x0000000100000000, 0x0000000100000000)
   the space 341376K,  12% used [0x00000000eb2a0000, 0x00000000edda3a68, 0x00000000edda3c00, 0x0000000100000000)
 Metaspace       used 35987K, capacity 36858K, committed 37120K, reserved 1081344K
  class space    used 4860K, capacity 5073K, committed 5120K, reserved 1048576K
