23:09:57,334 |-INFO in ch.qos.logback.classic.LoggerContext[default] - Could NOT find resource [logback-test.xml]
23:09:57,335 |-INFO in ch.qos.logback.classic.LoggerContext[default] - Could NOT find resource [logback.groovy]
23:09:57,335 |-INFO in ch.qos.logback.classic.LoggerContext[default] - Found resource [logback.xml] at [jar:file:/home/nikitasokolov/flamestream/lib/flamestream-runtime-1.0-SNAPSHOT.jar!/logback.xml]
23:09:57,335 |-WARN in ch.qos.logback.classic.LoggerContext[default] - Resource [logback.xml] occurs multiple times on the classpath.
23:09:57,336 |-WARN in ch.qos.logback.classic.LoggerContext[default] - Resource [logback.xml] occurs at [jar:file:/home/nikitasokolov/flamestream/lib/flamestream-runtime-1.0-SNAPSHOT.jar!/logback.xml]
23:09:57,336 |-WARN in ch.qos.logback.classic.LoggerContext[default] - Resource [logback.xml] occurs at [jar:file:/home/nikitasokolov/flamestream/flamestream-runtime-1.0-SNAPSHOT.jar!/logback.xml]
23:09:57,351 |-INFO in ch.qos.logback.core.joran.spi.ConfigurationWatchList@6bf256fa - URL [jar:file:/home/nikitasokolov/flamestream/lib/flamestream-runtime-1.0-SNAPSHOT.jar!/logback.xml] is not of type file
23:09:57,404 |-INFO in ch.qos.logback.classic.joran.action.ConfigurationAction - debug attribute not set
23:09:57,405 |-INFO in ch.qos.logback.core.joran.action.AppenderAction - About to instantiate appender of type [ch.qos.logback.core.ConsoleAppender]
23:09:57,412 |-INFO in ch.qos.logback.core.joran.action.AppenderAction - Naming appender as [STDOUT]
23:09:57,420 |-INFO in ch.qos.logback.core.joran.action.NestedComplexPropertyIA - Assuming default type [ch.qos.logback.classic.encoder.PatternLayoutEncoder] for [encoder] property
23:09:57,481 |-INFO in ch.qos.logback.core.joran.action.AppenderAction - About to instantiate appender of type [ch.qos.logback.core.rolling.RollingFileAppender]
23:09:57,487 |-INFO in ch.qos.logback.core.joran.action.AppenderAction - Naming appender as [FILE]
23:09:57,510 |-INFO in c.q.l.core.rolling.TimeBasedRollingPolicy@114132791 - No compression will be used
23:09:57,512 |-INFO in c.q.l.core.rolling.TimeBasedRollingPolicy@114132791 - Will use the pattern /tmp/application_%d{yyyy-MM-dd}.%i.log for the active file
23:09:57,515 |-INFO in ch.qos.logback.core.rolling.SizeAndTimeBasedFNATP@22f71333 - The date pattern is 'yyyy-MM-dd' from file name pattern '/tmp/application_%d{yyyy-MM-dd}.%i.log'.
23:09:57,515 |-INFO in ch.qos.logback.core.rolling.SizeAndTimeBasedFNATP@22f71333 - Roll-over at midnight.
23:09:57,519 |-INFO in ch.qos.logback.core.rolling.SizeAndTimeBasedFNATP@22f71333 - Setting initial period to Thu Jun 06 22:00:24 MSK 2019
23:09:57,519 |-WARN in ch.qos.logback.core.rolling.SizeAndTimeBasedFNATP@22f71333 - SizeAndTimeBasedFNATP is deprecated. Use SizeAndTimeBasedRollingPolicy instead
23:09:57,519 |-WARN in ch.qos.logback.core.rolling.SizeAndTimeBasedFNATP@22f71333 - For more information see http://logback.qos.ch/manual/appenders.html#SizeAndTimeBasedRollingPolicy
23:09:57,523 |-INFO in ch.qos.logback.core.joran.action.NestedComplexPropertyIA - Assuming default type [ch.qos.logback.classic.encoder.PatternLayoutEncoder] for [encoder] property
23:09:57,526 |-INFO in ch.qos.logback.core.rolling.RollingFileAppender[FILE] - Active log file name: /tmp/application.log
23:09:57,527 |-INFO in ch.qos.logback.core.rolling.RollingFileAppender[FILE] - File property is set to [/tmp/application.log]
23:09:57,528 |-ERROR in ch.qos.logback.core.rolling.RollingFileAppender[FILE] - openFile(/tmp/application.log,true) call failed. java.io.FileNotFoundException: /tmp/application.log (Permission denied)
	at java.io.FileNotFoundException: /tmp/application.log (Permission denied)
	at 	at java.io.FileOutputStream.open0(Native Method)
	at 	at java.io.FileOutputStream.open(FileOutputStream.java:270)
	at 	at java.io.FileOutputStream.<init>(FileOutputStream.java:213)
	at 	at ch.qos.logback.core.recovery.ResilientFileOutputStream.<init>(ResilientFileOutputStream.java:26)
	at 	at ch.qos.logback.core.FileAppender.openFile(FileAppender.java:204)
	at 	at ch.qos.logback.core.FileAppender.start(FileAppender.java:127)
	at 	at ch.qos.logback.core.rolling.RollingFileAppender.start(RollingFileAppender.java:100)
	at 	at ch.qos.logback.core.joran.action.AppenderAction.end(AppenderAction.java:90)
	at 	at ch.qos.logback.core.joran.spi.Interpreter.callEndAction(Interpreter.java:309)
	at 	at ch.qos.logback.core.joran.spi.Interpreter.endElement(Interpreter.java:193)
	at 	at ch.qos.logback.core.joran.spi.Interpreter.endElement(Interpreter.java:179)
	at 	at ch.qos.logback.core.joran.spi.EventPlayer.play(EventPlayer.java:62)
	at 	at ch.qos.logback.core.joran.GenericConfigurator.doConfigure(GenericConfigurator.java:165)
	at 	at ch.qos.logback.core.joran.GenericConfigurator.doConfigure(GenericConfigurator.java:152)
	at 	at ch.qos.logback.core.joran.GenericConfigurator.doConfigure(GenericConfigurator.java:110)
	at 	at ch.qos.logback.core.joran.GenericConfigurator.doConfigure(GenericConfigurator.java:53)
	at 	at ch.qos.logback.classic.util.ContextInitializer.configureByResource(ContextInitializer.java:75)
	at 	at ch.qos.logback.classic.util.ContextInitializer.autoConfig(ContextInitializer.java:150)
	at 	at org.slf4j.impl.StaticLoggerBinder.init(StaticLoggerBinder.java:84)
	at 	at org.slf4j.impl.StaticLoggerBinder.<clinit>(StaticLoggerBinder.java:55)
	at 	at org.slf4j.LoggerFactory.bind(LoggerFactory.java:150)
	at 	at org.slf4j.LoggerFactory.performInitialization(LoggerFactory.java:124)
	at 	at org.slf4j.LoggerFactory.getILoggerFactory(LoggerFactory.java:412)
	at 	at org.slf4j.LoggerFactory.getLogger(LoggerFactory.java:357)
	at 	at org.slf4j.LoggerFactory.getLogger(LoggerFactory.java:383)
	at 	at com.spbsu.flamestream.runtime.WorkerApplication.<init>(WorkerApplication.java:26)
	at 	at com.spbsu.flamestream.runtime.WorkerApplication.main(WorkerApplication.java:68)
23:09:57,528 |-INFO in ch.qos.logback.classic.joran.action.RootLoggerAction - Setting level of ROOT logger to WARN
23:09:57,528 |-INFO in ch.qos.logback.core.joran.action.AppenderRefAction - Attaching appender named [STDOUT] to Logger[ROOT]
23:09:57,528 |-INFO in ch.qos.logback.core.joran.action.AppenderRefAction - Attaching appender named [FILE] to Logger[ROOT]
23:09:57,528 |-INFO in ch.qos.logback.classic.joran.action.ConfigurationAction - End of configuration.
23:09:57,529 |-INFO in ch.qos.logback.classic.joran.JoranConfigurator@3498ed - Registering current configuration as safe fallback point

2019-06-08T23:09:58.541+0300: 1.404: [GC (Metadata GC Threshold) [PSYoungGen: 95347K->15909K(149504K)] 95347K->15989K(491008K), 0.0338586 secs] [Times: user=0.17 sys=0.04, real=0.04 secs] 
2019-06-08T23:09:58.575+0300: 1.438: [Full GC (Metadata GC Threshold) [PSYoungGen: 15909K->0K(149504K)] [ParOldGen: 80K->15080K(341504K)] 15989K->15080K(491008K), [Metaspace: 20803K->20803K(1067008K)], 0.0268547 secs] [Times: user=0.16 sys=0.01, real=0.03 secs] 
23:10:06.846 [Curator-PathChildrenCache-2] WARN  o.a.c.u.ZKPaths  - The version of ZooKeeper being used doesn't support Container nodes. CreateMode.PERSISTENT will be used instead.
2019-06-08T23:10:07.459+0300: 10.322: [GC (Allocation Failure) [PSYoungGen: 128512K->20971K(149504K)] 143592K->50880K(491008K), 0.0193305 secs] [Times: user=0.20 sys=0.03, real=0.02 secs] 
2019-06-08T23:10:07.557+0300: 10.421: [GC (Metadata GC Threshold) [PSYoungGen: 33863K->20991K(149504K)] 63772K->51244K(491008K), 0.0101818 secs] [Times: user=0.11 sys=0.00, real=0.01 secs] 
2019-06-08T23:10:07.568+0300: 10.431: [Full GC (Metadata GC Threshold) [PSYoungGen: 20991K->0K(149504K)] [ParOldGen: 30252K->40100K(341504K)] 51244K->40100K(491008K), [Metaspace: 34430K->34429K(1079296K)], 0.0337740 secs] [Times: user=0.15 sys=0.01, real=0.03 secs] 
2019-06-08T23:10:10.117+0300: 12.980: [GC (Allocation Failure) [PSYoungGen: 128512K->704K(149504K)] 168612K->40804K(491008K), 0.0037407 secs] [Times: user=0.02 sys=0.01, real=0.00 secs] 
2019-06-08T23:10:12.225+0300: 15.089: [GC (Allocation Failure) [PSYoungGen: 129216K->640K(129536K)] 169316K->40748K(471040K), 0.0028523 secs] [Times: user=0.02 sys=0.00, real=0.00 secs] 
2019-06-08T23:10:14.401+0300: 17.264: [GC (Allocation Failure) [PSYoungGen: 129152K->768K(128512K)] 169260K->40884K(470016K), 0.0033699 secs] [Times: user=0.02 sys=0.00, real=0.01 secs] 
2019-06-08T23:10:15.795+0300: 18.658: [GC (Allocation Failure) [PSYoungGen: 88320K->832K(129024K)] 128436K->40956K(470528K), 0.0034599 secs] [Times: user=0.02 sys=0.00, real=0.00 secs] 
2019-06-08T23:10:17.141+0300: 20.004: [GC (Allocation Failure) [PSYoungGen: 88384K->480K(132096K)] 128508K->41004K(473600K), 0.0037864 secs] [Times: user=0.00 sys=0.01, real=0.01 secs] 
2019-06-08T23:10:18.424+0300: 21.287: [GC (Allocation Failure) [PSYoungGen: 92640K->576K(130560K)] 133164K->41212K(472064K), 0.0030462 secs] [Times: user=0.01 sys=0.01, real=0.00 secs] 
2019-06-08T23:10:19.870+0300: 22.733: [GC (Allocation Failure) [PSYoungGen: 92736K->416K(134656K)] 133372K->41052K(476160K), 0.0081736 secs] [Times: user=0.08 sys=0.01, real=0.01 secs] 
2019-06-08T23:10:21.086+0300: 23.950: [GC (Allocation Failure) [PSYoungGen: 98208K->416K(133632K)] 138844K->41052K(475136K), 0.0023957 secs] [Times: user=0.01 sys=0.01, real=0.00 secs] 
2019-06-08T23:10:22.301+0300: 25.164: [GC (Allocation Failure) [PSYoungGen: 98208K->480K(137728K)] 138844K->41116K(479232K), 0.0027028 secs] [Times: user=0.01 sys=0.00, real=0.01 secs] 
2019-06-08T23:10:23.503+0300: 26.366: [GC (Allocation Failure) [PSYoungGen: 103904K->448K(136192K)] 144540K->41092K(477696K), 0.0028440 secs] [Times: user=0.01 sys=0.00, real=0.00 secs] 
2019-06-08T23:10:24.957+0300: 27.820: [GC (Allocation Failure) [PSYoungGen: 103872K->480K(140800K)] 144516K->41124K(482304K), 0.0034090 secs] [Times: user=0.03 sys=0.00, real=0.00 secs] 
2019-06-08T23:10:26.287+0300: 29.151: [GC (Allocation Failure) [PSYoungGen: 110048K->480K(139264K)] 150692K->41124K(480768K), 0.0032161 secs] [Times: user=0.01 sys=0.00, real=0.00 secs] 
2019-06-08T23:10:27.586+0300: 30.450: [GC (Allocation Failure) [PSYoungGen: 110048K->576K(144384K)] 150692K->41228K(485888K), 0.0021421 secs] [Times: user=0.01 sys=0.00, real=0.00 secs] 
2019-06-08T23:10:28.816+0300: 31.679: [GC (Allocation Failure) [PSYoungGen: 116800K->512K(142336K)] 157452K->41164K(483840K), 0.0028611 secs] [Times: user=0.01 sys=0.00, real=0.00 secs] 
2019-06-08T23:10:30.248+0300: 33.111: [GC (Allocation Failure) [PSYoungGen: 116736K->608K(146944K)] 157388K->41260K(488448K), 0.0029299 secs] [Times: user=0.01 sys=0.00, real=0.00 secs] 
2019-06-08T23:10:31.653+0300: 34.516: [GC (Allocation Failure) [PSYoungGen: 122464K->512K(145408K)] 163116K->41164K(486912K), 0.0024697 secs] [Times: user=0.01 sys=0.00, real=0.01 secs] 
2019-06-08T23:10:33.136+0300: 35.999: [GC (Allocation Failure) [PSYoungGen: 122368K->576K(150016K)] 163020K->41228K(491520K), 0.0027890 secs] [Times: user=0.01 sys=0.01, real=0.00 secs] 
2019-06-08T23:10:34.693+0300: 37.556: [GC (Allocation Failure) [PSYoungGen: 128576K->544K(148480K)] 169228K->41196K(489984K), 0.0019947 secs] [Times: user=0.01 sys=0.00, real=0.01 secs] 
2019-06-08T23:10:35.852+0300: 38.715: [GC (Allocation Failure) [PSYoungGen: 128544K->480K(152576K)] 169196K->41212K(494080K), 0.0022672 secs] [Times: user=0.01 sys=0.00, real=0.01 secs] 
2019-06-08T23:10:37.693+0300: 40.556: [GC (Allocation Failure) [PSYoungGen: 133600K->384K(151040K)] 174332K->41124K(492544K), 0.0036534 secs] [Times: user=0.02 sys=0.00, real=0.01 secs] 
2019-06-08T23:10:40.426+0300: 43.289: [GC (Allocation Failure) [PSYoungGen: 133504K->512K(154624K)] 174244K->41268K(496128K), 0.0021923 secs] [Times: user=0.01 sys=0.00, real=0.00 secs] 
2019-06-08T23:10:43.331+0300: 46.194: [GC (Allocation Failure) [PSYoungGen: 138240K->448K(153600K)] 178996K->41236K(495104K), 0.0029270 secs] [Times: user=0.01 sys=0.00, real=0.00 secs] 
23:10:48.291 [Curator-PathChildrenCache-0] ERROR o.a.c.f.r.c.PathChildrenCache  - 
java.lang.IllegalStateException: instance must be started before calling this method
	at org.apache.curator.shaded.com.google.common.base.Preconditions.checkState(Preconditions.java:444)
	at org.apache.curator.framework.imps.CuratorFrameworkImpl.getChildren(CuratorFrameworkImpl.java:456)
	at org.apache.curator.framework.recipes.cache.PathChildrenCache.refresh(PathChildrenCache.java:521)
	at org.apache.curator.framework.recipes.cache.RefreshOperation.invoke(RefreshOperation.java:35)
	at org.apache.curator.framework.recipes.cache.PathChildrenCache$9.run(PathChildrenCache.java:786)
	at java.util.concurrent.Executors$RunnableAdapter.call(Executors.java:511)
	at java.util.concurrent.FutureTask.run(FutureTask.java:266)
	at java.util.concurrent.Executors$RunnableAdapter.call(Executors.java:511)
	at java.util.concurrent.FutureTask.run(FutureTask.java:266)
	at java.util.concurrent.ThreadPoolExecutor.runWorker(ThreadPoolExecutor.java:1149)
	at java.util.concurrent.ThreadPoolExecutor$Worker.run(ThreadPoolExecutor.java:624)
	at java.lang.Thread.run(Thread.java:748)
23:10:48.386 [worker-akka.actor.default-dispatcher-8] ERROR c.s.f.r.WorkerApplication  - Something went wrong during trace flush
java.nio.file.AccessDeniedException: /tmp/trace.csv
	at sun.nio.fs.UnixException.translateToIOException(UnixException.java:84)
	at sun.nio.fs.UnixException.rethrowAsIOException(UnixException.java:102)
	at sun.nio.fs.UnixException.rethrowAsIOException(UnixException.java:107)
	at sun.nio.fs.UnixFileSystemProvider.newByteChannel(UnixFileSystemProvider.java:214)
	at java.nio.file.spi.FileSystemProvider.newOutputStream(FileSystemProvider.java:434)
	at java.nio.file.Files.newOutputStream(Files.java:216)
	at java.nio.file.Files.newBufferedWriter(Files.java:2860)
	at java.nio.file.Files.newBufferedWriter(Files.java:2896)
	at com.spbsu.flamestream.runtime.utils.tracing.Tracing.flush(Tracing.java:35)
	at com.spbsu.flamestream.runtime.WorkerApplication.lambda$run$0(WorkerApplication.java:109)
	at akka.actor.ActorSystemImpl$TerminationCallbacks$$anonfun$addRec$1$1.applyOrElse(ActorSystem.scala:1036)
	at akka.actor.ActorSystemImpl$TerminationCallbacks$$anonfun$addRec$1$1.applyOrElse(ActorSystem.scala:1036)
	at scala.concurrent.Future$$anonfun$andThen$1.apply(Future.scala:436)
	at scala.concurrent.Future$$anonfun$andThen$1.apply(Future.scala:435)
	at scala.concurrent.impl.CallbackRunnable.run(Promise.scala:36)
	at akka.dispatch.BatchingExecutor$AbstractBatch.processBatch(BatchingExecutor.scala:55)
	at akka.dispatch.BatchingExecutor$BlockableBatch$$anonfun$run$1.apply$mcV$sp(BatchingExecutor.scala:91)
	at akka.dispatch.BatchingExecutor$BlockableBatch$$anonfun$run$1.apply(BatchingExecutor.scala:91)
	at akka.dispatch.BatchingExecutor$BlockableBatch$$anonfun$run$1.apply(BatchingExecutor.scala:91)
	at scala.concurrent.BlockContext$.withBlockContext(BlockContext.scala:72)
	at akka.dispatch.BatchingExecutor$BlockableBatch.run(BatchingExecutor.scala:90)
	at akka.dispatch.TaskInvocation.run(AbstractDispatcher.scala:40)
	at akka.dispatch.ForkJoinExecutorConfigurator$AkkaForkJoinTask.exec(ForkJoinExecutorConfigurator.scala:44)
	at akka.dispatch.forkjoin.ForkJoinTask.doExec(ForkJoinTask.java:260)
	at akka.dispatch.forkjoin.ForkJoinPool$WorkQueue.runTask(ForkJoinPool.java:1339)
	at akka.dispatch.forkjoin.ForkJoinPool.runWorker(ForkJoinPool.java:1979)
	at akka.dispatch.forkjoin.ForkJoinWorkerThread.run(ForkJoinWorkerThread.java:107)
Heap
 PSYoungGen      total 153600K, used 16316K [0x00000000f5980000, 0x0000000100000000, 0x0000000100000000)
  eden space 137728K, 11% used [0x00000000f5980000,0x00000000f68ff380,0x00000000fe000000)
  from space 15872K, 2% used [0x00000000fe000000,0x00000000fe070040,0x00000000fef80000)
  to   space 14848K, 0% used [0x00000000ff180000,0x00000000ff180000,0x0000000100000000)
 ParOldGen       total 341504K, used 40788K [0x00000000e0c00000, 0x00000000f5980000, 0x00000000f5980000)
  object space 341504K, 11% used [0x00000000e0c00000,0x00000000e33d5178,0x00000000f5980000)
 Metaspace       used 36147K, capacity 37080K, committed 37248K, reserved 1081344K
  class space    used 4984K, capacity 5188K, committed 5248K, reserved 1048576K
