13:30:57,537 |-INFO in ch.qos.logback.classic.LoggerContext[default] - Could NOT find resource [logback-test.xml]
13:30:57,537 |-INFO in ch.qos.logback.classic.LoggerContext[default] - Could NOT find resource [logback.groovy]
13:30:57,540 |-INFO in ch.qos.logback.classic.LoggerContext[default] - Found resource [logback.xml] at [jar:file:/root/flamestream/lib/flamestream-runtime-1.0-SNAPSHOT.jar!/logback.xml]
13:30:57,541 |-WARN in ch.qos.logback.classic.LoggerContext[default] - Resource [logback.xml] occurs multiple times on the classpath.
13:30:57,541 |-WARN in ch.qos.logback.classic.LoggerContext[default] - Resource [logback.xml] occurs at [jar:file:/root/flamestream/lib/flamestream-runtime-1.0-SNAPSHOT.jar!/logback.xml]
13:30:57,541 |-WARN in ch.qos.logback.classic.LoggerContext[default] - Resource [logback.xml] occurs at [jar:file:/root/flamestream/flamestream-runtime-1.0-SNAPSHOT.jar!/logback.xml]
13:30:57,561 |-INFO in ch.qos.logback.core.joran.spi.ConfigurationWatchList@3fb6a447 - URL [jar:file:/root/flamestream/lib/flamestream-runtime-1.0-SNAPSHOT.jar!/logback.xml] is not of type file
13:30:57,628 |-INFO in ch.qos.logback.classic.joran.action.ConfigurationAction - debug attribute not set
13:30:57,628 |-INFO in ch.qos.logback.core.joran.action.AppenderAction - About to instantiate appender of type [ch.qos.logback.core.ConsoleAppender]
13:30:57,644 |-INFO in ch.qos.logback.core.joran.action.AppenderAction - Naming appender as [STDOUT]
13:30:57,664 |-INFO in ch.qos.logback.core.joran.action.NestedComplexPropertyIA - Assuming default type [ch.qos.logback.classic.encoder.PatternLayoutEncoder] for [encoder] property
13:30:57,749 |-INFO in ch.qos.logback.core.joran.action.AppenderAction - About to instantiate appender of type [ch.qos.logback.core.rolling.RollingFileAppender]
13:30:57,756 |-INFO in ch.qos.logback.core.joran.action.AppenderAction - Naming appender as [FILE]
13:30:57,785 |-INFO in c.q.l.core.rolling.TimeBasedRollingPolicy@127618319 - No compression will be used
13:30:57,787 |-INFO in c.q.l.core.rolling.TimeBasedRollingPolicy@127618319 - Will use the pattern /tmp/application_%d{yyyy-MM-dd}.%i.log for the active file
13:30:57,789 |-INFO in ch.qos.logback.core.rolling.SizeAndTimeBasedFNATP@6b2fad11 - The date pattern is 'yyyy-MM-dd' from file name pattern '/tmp/application_%d{yyyy-MM-dd}.%i.log'.
13:30:57,789 |-INFO in ch.qos.logback.core.rolling.SizeAndTimeBasedFNATP@6b2fad11 - Roll-over at midnight.
13:30:57,794 |-INFO in ch.qos.logback.core.rolling.SizeAndTimeBasedFNATP@6b2fad11 - Setting initial period to Mon Jun 10 13:29:42 UTC 2019
13:30:57,795 |-WARN in ch.qos.logback.core.rolling.SizeAndTimeBasedFNATP@6b2fad11 - SizeAndTimeBasedFNATP is deprecated. Use SizeAndTimeBasedRollingPolicy instead
13:30:57,795 |-WARN in ch.qos.logback.core.rolling.SizeAndTimeBasedFNATP@6b2fad11 - For more information see http://logback.qos.ch/manual/appenders.html#SizeAndTimeBasedRollingPolicy
13:30:57,799 |-INFO in ch.qos.logback.core.joran.action.NestedComplexPropertyIA - Assuming default type [ch.qos.logback.classic.encoder.PatternLayoutEncoder] for [encoder] property
13:30:57,803 |-INFO in ch.qos.logback.core.rolling.RollingFileAppender[FILE] - Active log file name: /tmp/application.log
13:30:57,803 |-INFO in ch.qos.logback.core.rolling.RollingFileAppender[FILE] - File property is set to [/tmp/application.log]
13:30:57,804 |-INFO in ch.qos.logback.classic.joran.action.RootLoggerAction - Setting level of ROOT logger to WARN
13:30:57,804 |-INFO in ch.qos.logback.core.joran.action.AppenderRefAction - Attaching appender named [STDOUT] to Logger[ROOT]
13:30:57,806 |-INFO in ch.qos.logback.core.joran.action.AppenderRefAction - Attaching appender named [FILE] to Logger[ROOT]
13:30:57,806 |-INFO in ch.qos.logback.classic.joran.action.ConfigurationAction - End of configuration.
13:30:57,807 |-INFO in ch.qos.logback.classic.joran.JoranConfigurator@79698539 - Registering current configuration as safe fallback point

Ama winner
Ama winner
2019-06-10T13:30:59.112+0000: 1.756: [Full GC (Metadata GC Threshold) 2019-06-10T13:30:59.112+0000: 1.756: [Tenured: 0K->15232K(341376K), 0.0404203 secs] 114987K->15232K(494976K), [Metaspace: 20728K->20728K(1067008K)], 0.0404870 secs] [Times: user=0.03 sys=0.01, real=0.04 secs] 
13:31:12.518 [Curator-PathChildrenCache-1] WARN  o.a.c.u.ZKPaths  - The version of ZooKeeper being used doesn't support Container nodes. CreateMode.PERSISTENT will be used instead.
2019-06-10T13:31:15.070+0000: 17.715: [GC (Allocation Failure) 2019-06-10T13:31:15.070+0000: 17.715: [DefNew: 136576K->17023K(153600K), 0.0265139 secs] 151808K->52830K(494976K), 0.0265933 secs] [Times: user=0.01 sys=0.01, real=0.03 secs] 
2019-06-10T13:31:15.908+0000: 18.553: [Full GC (Metadata GC Threshold) 2019-06-10T13:31:15.908+0000: 18.553: [Tenured: 35806K->44429K(341376K), 0.0374553 secs] 76043K->44429K(494976K), [Metaspace: 34514K->34514K(1079296K)], 0.0375288 secs] [Times: user=0.04 sys=0.00, real=0.04 secs] 
2019-06-10T13:31:22.427+0000: 25.071: [GC (Allocation Failure) 2019-06-10T13:31:22.427+0000: 25.071: [DefNew: 136576K->140K(153600K), 0.0018087 secs] 181005K->44570K(494976K), 0.0018742 secs] [Times: user=0.00 sys=0.00, real=0.00 secs] 
2019-06-10T13:31:29.054+0000: 31.699: [GC (Allocation Failure) 2019-06-10T13:31:29.055+0000: 31.699: [DefNew: 136716K->139K(153600K), 0.0017424 secs] 181146K->44568K(494976K), 0.0017981 secs] [Times: user=0.00 sys=0.00, real=0.00 secs] 
2019-06-10T13:31:35.584+0000: 38.229: [GC (Allocation Failure) 2019-06-10T13:31:35.584+0000: 38.229: [DefNew: 136715K->171K(153600K), 0.0018005 secs] 181144K->44600K(494976K), 0.0018665 secs] [Times: user=0.00 sys=0.00, real=0.01 secs] 
2019-06-10T13:31:42.061+0000: 44.706: [GC (Allocation Failure) 2019-06-10T13:31:42.061+0000: 44.706: [DefNew: 136747K->235K(153600K), 0.0018036 secs] 181176K->44665K(494976K), 0.0018644 secs] [Times: user=0.00 sys=0.00, real=0.00 secs] 
2019-06-10T13:31:52.177+0000: 54.822: [GC (Allocation Failure) 2019-06-10T13:31:52.177+0000: 54.822: [DefNew: 136811K->235K(153600K), 0.0019040 secs] 181241K->44665K(494976K), 0.0019639 secs] [Times: user=0.00 sys=0.01, real=0.00 secs] 
13:31:53.241 [Curator-PathChildrenCache-0] ERROR o.a.c.f.r.c.PathChildrenCache  - 
java.lang.IllegalStateException: instance must be started before calling this method
	at org.apache.curator.shaded.com.google.common.base.Preconditions.checkState(Preconditions.java:444)
	at org.apache.curator.framework.imps.CuratorFrameworkImpl.getChildren(CuratorFrameworkImpl.java:456)
	at org.apache.curator.framework.recipes.cache.PathChildrenCache.refresh(PathChildrenCache.java:521)
	at org.apache.curator.framework.recipes.cache.RefreshOperation.invoke(RefreshOperation.java:35)
	at org.apache.curator.framework.recipes.cache.PathChildrenCache$9.run(PathChildrenCache.java:786)
	at java.util.concurrent.Executors$RunnableAdapter.call(Executors.java:511)
	at java.util.concurrent.FutureTask.run(FutureTask.java:266)
	at java.util.concurrent.Executors$RunnableAdapter.call(Executors.java:511)
	at java.util.concurrent.FutureTask.run(FutureTask.java:266)
	at java.util.concurrent.ThreadPoolExecutor.runWorker(ThreadPoolExecutor.java:1149)
	at java.util.concurrent.ThreadPoolExecutor$Worker.run(ThreadPoolExecutor.java:624)
	at java.lang.Thread.run(Thread.java:748)
Heap
 def new generation   total 153600K, used 26575K [0x00000000e0c00000, 0x00000000eb2a0000, 0x00000000eb2a0000)
  eden space 136576K,  19% used [0x00000000e0c00000, 0x00000000e25b8e68, 0x00000000e9160000)
  from space 17024K,   1% used [0x00000000e9160000, 0x00000000e919add8, 0x00000000ea200000)
  to   space 17024K,   0% used [0x00000000ea200000, 0x00000000ea200000, 0x00000000eb2a0000)
 tenured generation   total 341376K, used 44429K [0x00000000eb2a0000, 0x0000000100000000, 0x0000000100000000)
   the space 341376K,  13% used [0x00000000eb2a0000, 0x00000000ede03690, 0x00000000ede03800, 0x0000000100000000)
 Metaspace       used 35720K, capacity 36606K, committed 36864K, reserved 1081344K
  class space    used 4811K, capacity 5009K, committed 5120K, reserved 1048576K
