19:44:58,765 |-INFO in ch.qos.logback.classic.LoggerContext[default] - Could NOT find resource [logback-test.xml]
19:44:58,765 |-INFO in ch.qos.logback.classic.LoggerContext[default] - Could NOT find resource [logback.groovy]
19:44:58,765 |-INFO in ch.qos.logback.classic.LoggerContext[default] - Found resource [logback.xml] at [jar:file:/root/flamestream/lib/flamestream-runtime-1.0-SNAPSHOT.jar!/logback.xml]
19:44:58,768 |-WARN in ch.qos.logback.classic.LoggerContext[default] - Resource [logback.xml] occurs multiple times on the classpath.
19:44:58,769 |-WARN in ch.qos.logback.classic.LoggerContext[default] - Resource [logback.xml] occurs at [jar:file:/root/flamestream/lib/flamestream-runtime-1.0-SNAPSHOT.jar!/logback.xml]
19:44:58,769 |-WARN in ch.qos.logback.classic.LoggerContext[default] - Resource [logback.xml] occurs at [jar:file:/root/flamestream/flamestream-runtime-1.0-SNAPSHOT.jar!/logback.xml]
19:44:58,789 |-INFO in ch.qos.logback.core.joran.spi.ConfigurationWatchList@3fb6a447 - URL [jar:file:/root/flamestream/lib/flamestream-runtime-1.0-SNAPSHOT.jar!/logback.xml] is not of type file
19:44:58,856 |-INFO in ch.qos.logback.classic.joran.action.ConfigurationAction - debug attribute not set
19:44:58,856 |-INFO in ch.qos.logback.core.joran.action.AppenderAction - About to instantiate appender of type [ch.qos.logback.core.ConsoleAppender]
19:44:58,872 |-INFO in ch.qos.logback.core.joran.action.AppenderAction - Naming appender as [STDOUT]
19:44:58,892 |-INFO in ch.qos.logback.core.joran.action.NestedComplexPropertyIA - Assuming default type [ch.qos.logback.classic.encoder.PatternLayoutEncoder] for [encoder] property
19:44:58,980 |-INFO in ch.qos.logback.core.joran.action.AppenderAction - About to instantiate appender of type [ch.qos.logback.core.rolling.RollingFileAppender]
19:44:58,985 |-INFO in ch.qos.logback.core.joran.action.AppenderAction - Naming appender as [FILE]
19:44:59,014 |-INFO in c.q.l.core.rolling.TimeBasedRollingPolicy@127618319 - No compression will be used
19:44:59,015 |-INFO in c.q.l.core.rolling.TimeBasedRollingPolicy@127618319 - Will use the pattern /tmp/application_%d{yyyy-MM-dd}.%i.log for the active file
19:44:59,018 |-INFO in ch.qos.logback.core.rolling.SizeAndTimeBasedFNATP@6b2fad11 - The date pattern is 'yyyy-MM-dd' from file name pattern '/tmp/application_%d{yyyy-MM-dd}.%i.log'.
19:44:59,018 |-INFO in ch.qos.logback.core.rolling.SizeAndTimeBasedFNATP@6b2fad11 - Roll-over at midnight.
19:44:59,023 |-INFO in ch.qos.logback.core.rolling.SizeAndTimeBasedFNATP@6b2fad11 - Setting initial period to Mon Jun 10 19:43:27 UTC 2019
19:44:59,023 |-WARN in ch.qos.logback.core.rolling.SizeAndTimeBasedFNATP@6b2fad11 - SizeAndTimeBasedFNATP is deprecated. Use SizeAndTimeBasedRollingPolicy instead
19:44:59,023 |-WARN in ch.qos.logback.core.rolling.SizeAndTimeBasedFNATP@6b2fad11 - For more information see http://logback.qos.ch/manual/appenders.html#SizeAndTimeBasedRollingPolicy
19:44:59,027 |-INFO in ch.qos.logback.core.joran.action.NestedComplexPropertyIA - Assuming default type [ch.qos.logback.classic.encoder.PatternLayoutEncoder] for [encoder] property
19:44:59,032 |-INFO in ch.qos.logback.core.rolling.RollingFileAppender[FILE] - Active log file name: /tmp/application.log
19:44:59,032 |-INFO in ch.qos.logback.core.rolling.RollingFileAppender[FILE] - File property is set to [/tmp/application.log]
19:44:59,033 |-INFO in ch.qos.logback.classic.joran.action.RootLoggerAction - Setting level of ROOT logger to WARN
19:44:59,033 |-INFO in ch.qos.logback.core.joran.action.AppenderRefAction - Attaching appender named [STDOUT] to Logger[ROOT]
19:44:59,035 |-INFO in ch.qos.logback.core.joran.action.AppenderRefAction - Attaching appender named [FILE] to Logger[ROOT]
19:44:59,035 |-INFO in ch.qos.logback.classic.joran.action.ConfigurationAction - End of configuration.
19:44:59,035 |-INFO in ch.qos.logback.classic.joran.JoranConfigurator@79698539 - Registering current configuration as safe fallback point

Ama winner
Ama winner
2019-06-10T19:45:00.350+0000: 1.766: [Full GC (Metadata GC Threshold) 2019-06-10T19:45:00.350+0000: 1.766: [Tenured: 0K->15144K(341376K), 0.0406666 secs] 114923K->15144K(494976K), [Metaspace: 20730K->20730K(1067008K)], 0.0407354 secs] [Times: user=0.04 sys=0.00, real=0.04 secs] 
19:45:23.367 [Curator-PathChildrenCache-1] WARN  o.a.c.u.ZKPaths  - The version of ZooKeeper being used doesn't support Container nodes. CreateMode.PERSISTENT will be used instead.
2019-06-10T19:45:25.465+0000: 26.881: [GC (Allocation Failure) 2019-06-10T19:45:25.465+0000: 26.881: [DefNew: 136576K->17023K(153600K), 0.0252985 secs] 151720K->52466K(494976K), 0.0253673 secs] [Times: user=0.02 sys=0.00, real=0.02 secs] 
2019-06-10T19:45:31.098+0000: 32.514: [Full GC (Metadata GC Threshold) 2019-06-10T19:45:31.098+0000: 32.514: [Tenured: 35442K->44175K(341376K), 0.0574340 secs] 152881K->44175K(494976K), [Metaspace: 34622K->34622K(1079296K)], 0.0575214 secs] [Times: user=0.05 sys=0.00, real=0.06 secs] 
2019-06-10T19:45:38.855+0000: 40.271: [GC (Allocation Failure) 2019-06-10T19:45:38.855+0000: 40.271: [DefNew: 136576K->52K(153600K), 0.0017791 secs] 180751K->44227K(494976K), 0.0018526 secs] [Times: user=0.00 sys=0.00, real=0.00 secs] 
2019-06-10T19:45:46.516+0000: 47.932: [GC (Allocation Failure) 2019-06-10T19:45:46.516+0000: 47.932: [DefNew: 136628K->50K(153600K), 0.0016895 secs] 180803K->44226K(494976K), 0.0017633 secs] [Times: user=0.00 sys=0.00, real=0.00 secs] 
2019-06-10T19:45:54.317+0000: 55.733: [GC (Allocation Failure) 2019-06-10T19:45:54.317+0000: 55.733: [DefNew: 136626K->54K(153600K), 0.0016826 secs] 180802K->44230K(494976K), 0.0017435 secs] [Times: user=0.01 sys=0.00, real=0.00 secs] 
2019-06-10T19:46:02.113+0000: 63.529: [GC (Allocation Failure) 2019-06-10T19:46:02.113+0000: 63.529: [DefNew: 136630K->374K(153600K), 0.0021960 secs] 180806K->44549K(494976K), 0.0022566 secs] [Times: user=0.00 sys=0.00, real=0.01 secs] 
2019-06-10T19:46:15.283+0000: 76.699: [GC (Allocation Failure) 2019-06-10T19:46:15.283+0000: 76.699: [DefNew: 136950K->136K(153600K), 0.0019451 secs] 181125K->44312K(494976K), 0.0020022 secs] [Times: user=0.00 sys=0.00, real=0.00 secs] 
19:46:19.702 [Curator-PathChildrenCache-0] ERROR o.a.c.f.r.c.PathChildrenCache  - 
java.lang.IllegalStateException: instance must be started before calling this method
	at org.apache.curator.shaded.com.google.common.base.Preconditions.checkState(Preconditions.java:444)
	at org.apache.curator.framework.imps.CuratorFrameworkImpl.getChildren(CuratorFrameworkImpl.java:456)
	at org.apache.curator.framework.recipes.cache.PathChildrenCache.refresh(PathChildrenCache.java:521)
	at org.apache.curator.framework.recipes.cache.RefreshOperation.invoke(RefreshOperation.java:35)
	at org.apache.curator.framework.recipes.cache.PathChildrenCache$9.run(PathChildrenCache.java:786)
	at java.util.concurrent.Executors$RunnableAdapter.call(Executors.java:511)
	at java.util.concurrent.FutureTask.run(FutureTask.java:266)
	at java.util.concurrent.Executors$RunnableAdapter.call(Executors.java:511)
	at java.util.concurrent.FutureTask.run(FutureTask.java:266)
	at java.util.concurrent.ThreadPoolExecutor.runWorker(ThreadPoolExecutor.java:1149)
	at java.util.concurrent.ThreadPoolExecutor$Worker.run(ThreadPoolExecutor.java:624)
	at java.lang.Thread.run(Thread.java:748)
Heap
 def new generation   total 153600K, used 32419K [0x00000000e0c00000, 0x00000000eb2a0000, 0x00000000eb2a0000)
  eden space 136576K,  23% used [0x00000000e0c00000, 0x00000000e2b86a68, 0x00000000e9160000)
  from space 17024K,   0% used [0x00000000e9160000, 0x00000000e9182258, 0x00000000ea200000)
  to   space 17024K,   0% used [0x00000000ea200000, 0x00000000ea200000, 0x00000000eb2a0000)
 tenured generation   total 341376K, used 44175K [0x00000000eb2a0000, 0x0000000100000000, 0x0000000100000000)
   the space 341376K,  12% used [0x00000000eb2a0000, 0x00000000eddc3e18, 0x00000000eddc4000, 0x0000000100000000)
 Metaspace       used 36009K, capacity 36922K, committed 37120K, reserved 1081344K
  class space    used 4856K, capacity 5073K, committed 5120K, reserved 1048576K
