05:41:54,572 |-INFO in ch.qos.logback.classic.LoggerContext[default] - Could NOT find resource [logback-test.xml]
05:41:54,572 |-INFO in ch.qos.logback.classic.LoggerContext[default] - Could NOT find resource [logback.groovy]
05:41:54,572 |-INFO in ch.qos.logback.classic.LoggerContext[default] - Found resource [logback.xml] at [jar:file:/root/flamestream/lib/flamestream-runtime-1.0-SNAPSHOT.jar!/logback.xml]
05:41:54,577 |-WARN in ch.qos.logback.classic.LoggerContext[default] - Resource [logback.xml] occurs multiple times on the classpath.
05:41:54,578 |-WARN in ch.qos.logback.classic.LoggerContext[default] - Resource [logback.xml] occurs at [jar:file:/root/flamestream/lib/flamestream-runtime-1.0-SNAPSHOT.jar!/logback.xml]
05:41:54,578 |-WARN in ch.qos.logback.classic.LoggerContext[default] - Resource [logback.xml] occurs at [jar:file:/root/flamestream/flamestream-runtime-1.0-SNAPSHOT.jar!/logback.xml]
05:41:54,597 |-INFO in ch.qos.logback.core.joran.spi.ConfigurationWatchList@3fb6a447 - URL [jar:file:/root/flamestream/lib/flamestream-runtime-1.0-SNAPSHOT.jar!/logback.xml] is not of type file
05:41:54,663 |-INFO in ch.qos.logback.classic.joran.action.ConfigurationAction - debug attribute not set
05:41:54,664 |-INFO in ch.qos.logback.core.joran.action.AppenderAction - About to instantiate appender of type [ch.qos.logback.core.ConsoleAppender]
05:41:54,681 |-INFO in ch.qos.logback.core.joran.action.AppenderAction - Naming appender as [STDOUT]
05:41:54,694 |-INFO in ch.qos.logback.core.joran.action.NestedComplexPropertyIA - Assuming default type [ch.qos.logback.classic.encoder.PatternLayoutEncoder] for [encoder] property
05:41:54,801 |-INFO in ch.qos.logback.core.joran.action.AppenderAction - About to instantiate appender of type [ch.qos.logback.core.rolling.RollingFileAppender]
05:41:54,809 |-INFO in ch.qos.logback.core.joran.action.AppenderAction - Naming appender as [FILE]
05:41:54,839 |-INFO in c.q.l.core.rolling.TimeBasedRollingPolicy@127618319 - No compression will be used
05:41:54,840 |-INFO in c.q.l.core.rolling.TimeBasedRollingPolicy@127618319 - Will use the pattern /tmp/application_%d{yyyy-MM-dd}.%i.log for the active file
05:41:54,843 |-INFO in ch.qos.logback.core.rolling.SizeAndTimeBasedFNATP@6b2fad11 - The date pattern is 'yyyy-MM-dd' from file name pattern '/tmp/application_%d{yyyy-MM-dd}.%i.log'.
05:41:54,843 |-INFO in ch.qos.logback.core.rolling.SizeAndTimeBasedFNATP@6b2fad11 - Roll-over at midnight.
05:41:54,849 |-INFO in ch.qos.logback.core.rolling.SizeAndTimeBasedFNATP@6b2fad11 - Setting initial period to Tue Jun 11 05:40:38 UTC 2019
05:41:54,849 |-WARN in ch.qos.logback.core.rolling.SizeAndTimeBasedFNATP@6b2fad11 - SizeAndTimeBasedFNATP is deprecated. Use SizeAndTimeBasedRollingPolicy instead
05:41:54,849 |-WARN in ch.qos.logback.core.rolling.SizeAndTimeBasedFNATP@6b2fad11 - For more information see http://logback.qos.ch/manual/appenders.html#SizeAndTimeBasedRollingPolicy
05:41:54,853 |-INFO in ch.qos.logback.core.joran.action.NestedComplexPropertyIA - Assuming default type [ch.qos.logback.classic.encoder.PatternLayoutEncoder] for [encoder] property
05:41:54,858 |-INFO in ch.qos.logback.core.rolling.RollingFileAppender[FILE] - Active log file name: /tmp/application.log
05:41:54,858 |-INFO in ch.qos.logback.core.rolling.RollingFileAppender[FILE] - File property is set to [/tmp/application.log]
05:41:54,859 |-INFO in ch.qos.logback.classic.joran.action.RootLoggerAction - Setting level of ROOT logger to WARN
05:41:54,859 |-INFO in ch.qos.logback.core.joran.action.AppenderRefAction - Attaching appender named [STDOUT] to Logger[ROOT]
05:41:54,861 |-INFO in ch.qos.logback.core.joran.action.AppenderRefAction - Attaching appender named [FILE] to Logger[ROOT]
05:41:54,861 |-INFO in ch.qos.logback.classic.joran.action.ConfigurationAction - End of configuration.
05:41:54,862 |-INFO in ch.qos.logback.classic.joran.JoranConfigurator@79698539 - Registering current configuration as safe fallback point

Ama winner
Ama winner
2019-06-11T05:41:56.173+0000: 1.787: [Full GC (Metadata GC Threshold) 2019-06-11T05:41:56.174+0000: 1.787: [Tenured: 0K->15175K(341376K), 0.0408421 secs] 115051K->15175K(494976K), [Metaspace: 20731K->20731K(1067008K)], 0.0409083 secs] [Times: user=0.03 sys=0.00, real=0.04 secs] 
05:42:17.069 [Curator-PathChildrenCache-1] WARN  o.a.c.u.ZKPaths  - The version of ZooKeeper being used doesn't support Container nodes. CreateMode.PERSISTENT will be used instead.
2019-06-11T05:42:19.364+0000: 24.978: [GC (Allocation Failure) 2019-06-11T05:42:19.364+0000: 24.978: [DefNew: 136576K->17023K(153600K), 0.0267124 secs] 151751K->52534K(494976K), 0.0267924 secs] [Times: user=0.01 sys=0.02, real=0.03 secs] 
2019-06-11T05:42:20.151+0000: 25.765: [Full GC (Metadata GC Threshold) 2019-06-11T05:42:20.151+0000: 25.765: [Tenured: 35510K->43822K(341376K), 0.0373330 secs] 79257K->43822K(494976K), [Metaspace: 34606K->34606K(1079296K)], 0.0374073 secs] [Times: user=0.04 sys=0.00, real=0.04 secs] 
2019-06-11T05:42:24.315+0000: 29.929: [GC (Allocation Failure) 2019-06-11T05:42:24.315+0000: 29.929: [DefNew: 136576K->70K(153600K), 0.0018524 secs] 180398K->43892K(494976K), 0.0019234 secs] [Times: user=0.01 sys=0.00, real=0.01 secs] 
2019-06-11T05:42:28.607+0000: 34.221: [GC (Allocation Failure) 2019-06-11T05:42:28.607+0000: 34.221: [DefNew: 136646K->80K(153600K), 0.0017347 secs] 180468K->43902K(494976K), 0.0017951 secs] [Times: user=0.01 sys=0.00, real=0.01 secs] 
2019-06-11T05:42:32.910+0000: 38.523: [GC (Allocation Failure) 2019-06-11T05:42:32.910+0000: 38.523: [DefNew: 136656K->75K(153600K), 0.0017444 secs] 180478K->43898K(494976K), 0.0018047 secs] [Times: user=0.00 sys=0.00, real=0.00 secs] 
2019-06-11T05:42:37.241+0000: 42.854: [GC (Allocation Failure) 2019-06-11T05:42:37.241+0000: 42.854: [DefNew: 136651K->73K(153600K), 0.0017822 secs] 180474K->43895K(494976K), 0.0018539 secs] [Times: user=0.00 sys=0.00, real=0.00 secs] 
05:42:47.741 [Curator-PathChildrenCache-0] ERROR o.a.c.f.r.c.PathChildrenCache  - 
java.lang.IllegalStateException: instance must be started before calling this method
	at org.apache.curator.shaded.com.google.common.base.Preconditions.checkState(Preconditions.java:444)
	at org.apache.curator.framework.imps.CuratorFrameworkImpl.getChildren(CuratorFrameworkImpl.java:456)
	at org.apache.curator.framework.recipes.cache.PathChildrenCache.refresh(PathChildrenCache.java:521)
	at org.apache.curator.framework.recipes.cache.RefreshOperation.invoke(RefreshOperation.java:35)
	at org.apache.curator.framework.recipes.cache.PathChildrenCache$9.run(PathChildrenCache.java:786)
	at java.util.concurrent.Executors$RunnableAdapter.call(Executors.java:511)
	at java.util.concurrent.FutureTask.run(FutureTask.java:266)
	at java.util.concurrent.Executors$RunnableAdapter.call(Executors.java:511)
	at java.util.concurrent.FutureTask.run(FutureTask.java:266)
	at java.util.concurrent.ThreadPoolExecutor.runWorker(ThreadPoolExecutor.java:1149)
	at java.util.concurrent.ThreadPoolExecutor$Worker.run(ThreadPoolExecutor.java:624)
	at java.lang.Thread.run(Thread.java:748)
2019-06-11T05:42:47.809+0000: 53.423: [GC (Allocation Failure) 2019-06-11T05:42:47.810+0000: 53.423: [DefNew: 136649K->798K(153600K), 0.0033282 secs] 180471K->44620K(494976K), 0.0033924 secs] [Times: user=0.01 sys=0.00, real=0.00 secs] 
Heap
 def new generation   total 153600K, used 11068K [0x00000000e0c00000, 0x00000000eb2a0000, 0x00000000eb2a0000)
  eden space 136576K,   7% used [0x00000000e0c00000, 0x00000000e1607b90, 0x00000000e9160000)
  from space 17024K,   4% used [0x00000000e9160000, 0x00000000e9227820, 0x00000000ea200000)
  to   space 17024K,   0% used [0x00000000ea200000, 0x00000000ea200000, 0x00000000eb2a0000)
 tenured generation   total 341376K, used 43822K [0x00000000eb2a0000, 0x0000000100000000, 0x0000000100000000)
   the space 341376K,  12% used [0x00000000eb2a0000, 0x00000000edd6b8d0, 0x00000000edd6ba00, 0x0000000100000000)
 Metaspace       used 35876K, capacity 36814K, committed 37120K, reserved 1081344K
  class space    used 4848K, capacity 5061K, committed 5120K, reserved 1048576K
