15:18:01,658 |-INFO in ch.qos.logback.classic.LoggerContext[default] - Could NOT find resource [logback-test.xml]
15:18:01,659 |-INFO in ch.qos.logback.classic.LoggerContext[default] - Could NOT find resource [logback.groovy]
15:18:01,664 |-INFO in ch.qos.logback.classic.LoggerContext[default] - Found resource [logback.xml] at [jar:file:/root/flamestream/lib/flamestream-runtime-1.0-SNAPSHOT.jar!/logback.xml]
15:18:01,665 |-WARN in ch.qos.logback.classic.LoggerContext[default] - Resource [logback.xml] occurs multiple times on the classpath.
15:18:01,665 |-WARN in ch.qos.logback.classic.LoggerContext[default] - Resource [logback.xml] occurs at [jar:file:/root/flamestream/lib/flamestream-runtime-1.0-SNAPSHOT.jar!/logback.xml]
15:18:01,665 |-WARN in ch.qos.logback.classic.LoggerContext[default] - Resource [logback.xml] occurs at [jar:file:/root/flamestream/flamestream-runtime-1.0-SNAPSHOT.jar!/logback.xml]
15:18:01,685 |-INFO in ch.qos.logback.core.joran.spi.ConfigurationWatchList@3fb6a447 - URL [jar:file:/root/flamestream/lib/flamestream-runtime-1.0-SNAPSHOT.jar!/logback.xml] is not of type file
15:18:01,753 |-INFO in ch.qos.logback.classic.joran.action.ConfigurationAction - debug attribute not set
15:18:01,754 |-INFO in ch.qos.logback.core.joran.action.AppenderAction - About to instantiate appender of type [ch.qos.logback.core.ConsoleAppender]
15:18:01,772 |-INFO in ch.qos.logback.core.joran.action.AppenderAction - Naming appender as [STDOUT]
15:18:01,793 |-INFO in ch.qos.logback.core.joran.action.NestedComplexPropertyIA - Assuming default type [ch.qos.logback.classic.encoder.PatternLayoutEncoder] for [encoder] property
15:18:01,880 |-INFO in ch.qos.logback.core.joran.action.AppenderAction - About to instantiate appender of type [ch.qos.logback.core.rolling.RollingFileAppender]
15:18:01,884 |-INFO in ch.qos.logback.core.joran.action.AppenderAction - Naming appender as [FILE]
15:18:01,915 |-INFO in c.q.l.core.rolling.TimeBasedRollingPolicy@127618319 - No compression will be used
15:18:01,916 |-INFO in c.q.l.core.rolling.TimeBasedRollingPolicy@127618319 - Will use the pattern /tmp/application_%d{yyyy-MM-dd}.%i.log for the active file
15:18:01,919 |-INFO in ch.qos.logback.core.rolling.SizeAndTimeBasedFNATP@6b2fad11 - The date pattern is 'yyyy-MM-dd' from file name pattern '/tmp/application_%d{yyyy-MM-dd}.%i.log'.
15:18:01,919 |-INFO in ch.qos.logback.core.rolling.SizeAndTimeBasedFNATP@6b2fad11 - Roll-over at midnight.
15:18:01,924 |-INFO in ch.qos.logback.core.rolling.SizeAndTimeBasedFNATP@6b2fad11 - Setting initial period to Mon Jun 10 15:16:39 UTC 2019
15:18:01,924 |-WARN in ch.qos.logback.core.rolling.SizeAndTimeBasedFNATP@6b2fad11 - SizeAndTimeBasedFNATP is deprecated. Use SizeAndTimeBasedRollingPolicy instead
15:18:01,924 |-WARN in ch.qos.logback.core.rolling.SizeAndTimeBasedFNATP@6b2fad11 - For more information see http://logback.qos.ch/manual/appenders.html#SizeAndTimeBasedRollingPolicy
15:18:01,928 |-INFO in ch.qos.logback.core.joran.action.NestedComplexPropertyIA - Assuming default type [ch.qos.logback.classic.encoder.PatternLayoutEncoder] for [encoder] property
15:18:01,933 |-INFO in ch.qos.logback.core.rolling.RollingFileAppender[FILE] - Active log file name: /tmp/application.log
15:18:01,933 |-INFO in ch.qos.logback.core.rolling.RollingFileAppender[FILE] - File property is set to [/tmp/application.log]
15:18:01,934 |-INFO in ch.qos.logback.classic.joran.action.RootLoggerAction - Setting level of ROOT logger to WARN
15:18:01,934 |-INFO in ch.qos.logback.core.joran.action.AppenderRefAction - Attaching appender named [STDOUT] to Logger[ROOT]
15:18:01,936 |-INFO in ch.qos.logback.core.joran.action.AppenderRefAction - Attaching appender named [FILE] to Logger[ROOT]
15:18:01,936 |-INFO in ch.qos.logback.classic.joran.action.ConfigurationAction - End of configuration.
15:18:01,937 |-INFO in ch.qos.logback.classic.joran.JoranConfigurator@79698539 - Registering current configuration as safe fallback point

Ama winner
Ama winner
2019-06-10T15:18:03.218+0000: 1.748: [Full GC (Metadata GC Threshold) 2019-06-10T15:18:03.218+0000: 1.748: [Tenured: 0K->15241K(341376K), 0.0413282 secs] 117814K->15241K(494976K), [Metaspace: 20732K->20732K(1067008K)], 0.0413955 secs] [Times: user=0.04 sys=0.00, real=0.04 secs] 
15:18:15.773 [Curator-PathChildrenCache-1] WARN  o.a.c.u.ZKPaths  - The version of ZooKeeper being used doesn't support Container nodes. CreateMode.PERSISTENT will be used instead.
2019-06-10T15:18:18.443+0000: 16.974: [GC (Allocation Failure) 2019-06-10T15:18:18.443+0000: 16.974: [DefNew: 136576K->17023K(153600K), 0.0267454 secs] 151817K->52806K(494976K), 0.0268117 secs] [Times: user=0.02 sys=0.00, real=0.02 secs] 
2019-06-10T15:18:20.017+0000: 18.547: [Full GC (Metadata GC Threshold) 2019-06-10T15:18:20.017+0000: 18.547: [Tenured: 35782K->44524K(341376K), 0.0419570 secs] 90579K->44524K(494976K), [Metaspace: 34597K->34597K(1079296K)], 0.0420432 secs] [Times: user=0.05 sys=0.00, real=0.04 secs] 
2019-06-10T15:18:26.821+0000: 25.352: [GC (Allocation Failure) 2019-06-10T15:18:26.822+0000: 25.352: [DefNew: 136576K->96K(153600K), 0.0018508 secs] 181100K->44621K(494976K), 0.0019172 secs] [Times: user=0.01 sys=0.00, real=0.01 secs] 
2019-06-10T15:18:33.620+0000: 32.150: [GC (Allocation Failure) 2019-06-10T15:18:33.620+0000: 32.150: [DefNew: 136672K->97K(153600K), 0.0017379 secs] 181197K->44621K(494976K), 0.0017997 secs] [Times: user=0.00 sys=0.00, real=0.00 secs] 
2019-06-10T15:18:40.476+0000: 39.006: [GC (Allocation Failure) 2019-06-10T15:18:40.476+0000: 39.006: [DefNew: 136673K->94K(153600K), 0.0017459 secs] 181197K->44619K(494976K), 0.0018163 secs] [Times: user=0.00 sys=0.00, real=0.00 secs] 
2019-06-10T15:18:47.362+0000: 45.892: [GC (Allocation Failure) 2019-06-10T15:18:47.362+0000: 45.892: [DefNew: 136670K->128K(153600K), 0.0017428 secs] 181195K->44653K(494976K), 0.0018112 secs] [Times: user=0.00 sys=0.00, real=0.01 secs] 
2019-06-10T15:18:54.248+0000: 52.779: [GC (Allocation Failure) 2019-06-10T15:18:54.248+0000: 52.779: [DefNew: 136704K->130K(153600K), 0.0018136 secs] 181229K->44655K(494976K), 0.0018739 secs] [Times: user=0.00 sys=0.00, real=0.00 secs] 
2019-06-10T15:19:10.613+0000: 69.143: [GC (Allocation Failure) 2019-06-10T15:19:10.613+0000: 69.143: [DefNew: 136706K->478K(153600K), 0.0023842 secs] 181231K->45003K(494976K), 0.0024489 secs] [Times: user=0.00 sys=0.00, real=0.00 secs] 
15:19:10.970 [Curator-PathChildrenCache-0] ERROR o.a.c.f.r.c.PathChildrenCache  - 
java.lang.IllegalStateException: instance must be started before calling this method
	at org.apache.curator.shaded.com.google.common.base.Preconditions.checkState(Preconditions.java:444)
	at org.apache.curator.framework.imps.CuratorFrameworkImpl.getChildren(CuratorFrameworkImpl.java:456)
	at org.apache.curator.framework.recipes.cache.PathChildrenCache.refresh(PathChildrenCache.java:521)
	at org.apache.curator.framework.recipes.cache.RefreshOperation.invoke(RefreshOperation.java:35)
	at org.apache.curator.framework.recipes.cache.PathChildrenCache$9.run(PathChildrenCache.java:786)
	at java.util.concurrent.Executors$RunnableAdapter.call(Executors.java:511)
	at java.util.concurrent.FutureTask.run(FutureTask.java:266)
	at java.util.concurrent.Executors$RunnableAdapter.call(Executors.java:511)
	at java.util.concurrent.FutureTask.run(FutureTask.java:266)
	at java.util.concurrent.ThreadPoolExecutor.runWorker(ThreadPoolExecutor.java:1149)
	at java.util.concurrent.ThreadPoolExecutor$Worker.run(ThreadPoolExecutor.java:624)
	at java.lang.Thread.run(Thread.java:748)
Heap
 def new generation   total 153600K, used 24089K [0x00000000e0c00000, 0x00000000eb2a0000, 0x00000000eb2a0000)
  eden space 136576K,  17% used [0x00000000e0c00000, 0x00000000e230ec18, 0x00000000e9160000)
  from space 17024K,   2% used [0x00000000ea200000, 0x00000000ea277b18, 0x00000000eb2a0000)
  to   space 17024K,   0% used [0x00000000e9160000, 0x00000000e9160000, 0x00000000ea200000)
 tenured generation   total 341376K, used 44524K [0x00000000eb2a0000, 0x0000000100000000, 0x0000000100000000)
   the space 341376K,  13% used [0x00000000eb2a0000, 0x00000000ede1b2d8, 0x00000000ede1b400, 0x0000000100000000)
 Metaspace       used 36209K, capacity 37134K, committed 37376K, reserved 1081344K
  class space    used 4869K, capacity 5075K, committed 5120K, reserved 1048576K
