12:40:29,950 |-INFO in ch.qos.logback.classic.LoggerContext[default] - Could NOT find resource [logback-test.xml]
12:40:29,950 |-INFO in ch.qos.logback.classic.LoggerContext[default] - Could NOT find resource [logback.groovy]
12:40:29,950 |-INFO in ch.qos.logback.classic.LoggerContext[default] - Found resource [logback.xml] at [jar:file:/home/nikitasokolov/flamestream/lib/flamestream-runtime-1.0-SNAPSHOT.jar!/logback.xml]
12:40:29,950 |-WARN in ch.qos.logback.classic.LoggerContext[default] - Resource [logback.xml] occurs multiple times on the classpath.
12:40:29,951 |-WARN in ch.qos.logback.classic.LoggerContext[default] - Resource [logback.xml] occurs at [jar:file:/home/nikitasokolov/flamestream/lib/flamestream-runtime-1.0-SNAPSHOT.jar!/logback.xml]
12:40:29,951 |-WARN in ch.qos.logback.classic.LoggerContext[default] - Resource [logback.xml] occurs at [jar:file:/home/nikitasokolov/flamestream/flamestream-runtime-1.0-SNAPSHOT.jar!/logback.xml]
12:40:29,966 |-INFO in ch.qos.logback.core.joran.spi.ConfigurationWatchList@6108b2d7 - URL [jar:file:/home/nikitasokolov/flamestream/lib/flamestream-runtime-1.0-SNAPSHOT.jar!/logback.xml] is not of type file
12:40:30,018 |-INFO in ch.qos.logback.classic.joran.action.ConfigurationAction - debug attribute not set
12:40:30,018 |-INFO in ch.qos.logback.core.joran.action.AppenderAction - About to instantiate appender of type [ch.qos.logback.core.ConsoleAppender]
12:40:30,026 |-INFO in ch.qos.logback.core.joran.action.AppenderAction - Naming appender as [STDOUT]
12:40:30,036 |-INFO in ch.qos.logback.core.joran.action.NestedComplexPropertyIA - Assuming default type [ch.qos.logback.classic.encoder.PatternLayoutEncoder] for [encoder] property
12:40:30,093 |-INFO in ch.qos.logback.core.joran.action.AppenderAction - About to instantiate appender of type [ch.qos.logback.core.rolling.RollingFileAppender]
12:40:30,098 |-INFO in ch.qos.logback.core.joran.action.AppenderAction - Naming appender as [FILE]
12:40:30,123 |-INFO in c.q.l.core.rolling.TimeBasedRollingPolicy@357863579 - No compression will be used
12:40:30,124 |-INFO in c.q.l.core.rolling.TimeBasedRollingPolicy@357863579 - Will use the pattern /tmp/application_%d{yyyy-MM-dd}.%i.log for the active file
12:40:30,127 |-INFO in ch.qos.logback.core.rolling.SizeAndTimeBasedFNATP@6bf256fa - The date pattern is 'yyyy-MM-dd' from file name pattern '/tmp/application_%d{yyyy-MM-dd}.%i.log'.
12:40:30,127 |-INFO in ch.qos.logback.core.rolling.SizeAndTimeBasedFNATP@6bf256fa - Roll-over at midnight.
12:40:30,131 |-INFO in ch.qos.logback.core.rolling.SizeAndTimeBasedFNATP@6bf256fa - Setting initial period to Sun Jun 09 12:39:43 MSK 2019
12:40:30,131 |-WARN in ch.qos.logback.core.rolling.SizeAndTimeBasedFNATP@6bf256fa - SizeAndTimeBasedFNATP is deprecated. Use SizeAndTimeBasedRollingPolicy instead
12:40:30,131 |-WARN in ch.qos.logback.core.rolling.SizeAndTimeBasedFNATP@6bf256fa - For more information see http://logback.qos.ch/manual/appenders.html#SizeAndTimeBasedRollingPolicy
12:40:30,136 |-INFO in ch.qos.logback.core.joran.action.NestedComplexPropertyIA - Assuming default type [ch.qos.logback.classic.encoder.PatternLayoutEncoder] for [encoder] property
12:40:30,139 |-INFO in ch.qos.logback.core.rolling.RollingFileAppender[FILE] - Active log file name: /tmp/application.log
12:40:30,139 |-INFO in ch.qos.logback.core.rolling.RollingFileAppender[FILE] - File property is set to [/tmp/application.log]
12:40:30,140 |-INFO in ch.qos.logback.classic.joran.action.RootLoggerAction - Setting level of ROOT logger to WARN
12:40:30,141 |-INFO in ch.qos.logback.core.joran.action.AppenderRefAction - Attaching appender named [STDOUT] to Logger[ROOT]
12:40:30,141 |-INFO in ch.qos.logback.core.joran.action.AppenderRefAction - Attaching appender named [FILE] to Logger[ROOT]
12:40:30,141 |-INFO in ch.qos.logback.classic.joran.action.ConfigurationAction - End of configuration.
12:40:30,142 |-INFO in ch.qos.logback.classic.joran.JoranConfigurator@6cd8737 - Registering current configuration as safe fallback point

2019-06-09T12:40:31.141+0300: 1.401: [GC (Metadata GC Threshold) [PSYoungGen: 110722K->15979K(149504K)] 110722K->16059K(491008K), 0.0177748 secs] [Times: user=0.05 sys=0.01, real=0.02 secs] 
2019-06-09T12:40:31.159+0300: 1.418: [Full GC (Metadata GC Threshold) [PSYoungGen: 15979K->0K(149504K)] [ParOldGen: 80K->15078K(341504K)] 16059K->15078K(491008K), [Metaspace: 20805K->20805K(1067008K)], 0.0284990 secs] [Times: user=0.18 sys=0.01, real=0.02 secs] 
12:40:43.842 [Curator-PathChildrenCache-1] WARN  o.a.c.u.ZKPaths  - The version of ZooKeeper being used doesn't support Container nodes. CreateMode.PERSISTENT will be used instead.
2019-06-09T12:40:44.739+0300: 14.999: [GC (Metadata GC Threshold) [PSYoungGen: 127686K->15686K(149504K)] 142764K->50303K(491008K), 0.0253984 secs] [Times: user=0.21 sys=0.01, real=0.02 secs] 
2019-06-09T12:40:44.764+0300: 15.024: [Full GC (Metadata GC Threshold) [PSYoungGen: 15686K->0K(149504K)] [ParOldGen: 34617K->38854K(341504K)] 50303K->38854K(491008K), [Metaspace: 34545K->34545K(1079296K)], 0.0359342 secs] [Times: user=0.20 sys=0.00, real=0.04 secs] 
2019-06-09T12:40:49.495+0300: 19.756: [GC (Allocation Failure) [PSYoungGen: 128512K->416K(149504K)] 167366K->39278K(491008K), 0.0065895 secs] [Times: user=0.02 sys=0.01, real=0.01 secs] 
2019-06-09T12:40:54.861+0300: 25.121: [GC (Allocation Failure) [PSYoungGen: 128928K->384K(149504K)] 167790K->39254K(491008K), 0.0800794 secs] [Times: user=0.03 sys=0.02, real=0.08 secs] 
2019-06-09T12:41:00.146+0300: 30.405: [GC (Allocation Failure) [PSYoungGen: 128896K->384K(129024K)] 167766K->39262K(470528K), 0.0735237 secs] [Times: user=0.02 sys=0.00, real=0.08 secs] 
2019-06-09T12:41:05.431+0300: 35.690: [GC (Allocation Failure) [PSYoungGen: 128896K->416K(150016K)] 167774K->39302K(491520K), 0.0043608 secs] [Times: user=0.02 sys=0.00, real=0.00 secs] 
2019-06-09T12:41:10.837+0300: 41.097: [GC (Allocation Failure) [PSYoungGen: 128928K->320K(148992K)] 167814K->39214K(490496K), 0.0704679 secs] [Times: user=0.06 sys=0.02, real=0.07 secs] 
2019-06-09T12:41:16.262+0300: 46.522: [GC (Allocation Failure) [PSYoungGen: 128832K->384K(151552K)] 167726K->39286K(493056K), 0.0673234 secs] [Times: user=0.02 sys=0.00, real=0.07 secs] 
2019-06-09T12:41:21.753+0300: 52.012: [GC (Allocation Failure) [PSYoungGen: 131968K->352K(150528K)] 170870K->39254K(492032K), 0.0770178 secs] [Times: user=0.03 sys=0.01, real=0.08 secs] 
2019-06-09T12:41:27.229+0300: 57.488: [GC (Allocation Failure) [PSYoungGen: 131936K->384K(153088K)] 170838K->39286K(494592K), 0.0030468 secs] [Times: user=0.01 sys=0.01, real=0.01 secs] 
2019-06-09T12:41:38.872+0300: 69.132: [GC (Allocation Failure) [PSYoungGen: 135552K->1064K(152576K)] 174454K->39974K(494080K), 0.0040658 secs] [Times: user=0.02 sys=0.00, real=0.00 secs] 
12:41:38.889 [Curator-PathChildrenCache-0] ERROR o.a.c.f.r.c.PathChildrenCache  - 
java.lang.IllegalStateException: instance must be started before calling this method
	at org.apache.curator.shaded.com.google.common.base.Preconditions.checkState(Preconditions.java:444)
	at org.apache.curator.framework.imps.CuratorFrameworkImpl.getChildren(CuratorFrameworkImpl.java:456)
	at org.apache.curator.framework.recipes.cache.PathChildrenCache.refresh(PathChildrenCache.java:521)
	at org.apache.curator.framework.recipes.cache.RefreshOperation.invoke(RefreshOperation.java:35)
	at org.apache.curator.framework.recipes.cache.PathChildrenCache$9.run(PathChildrenCache.java:786)
	at java.util.concurrent.Executors$RunnableAdapter.call(Executors.java:511)
	at java.util.concurrent.FutureTask.run(FutureTask.java:266)
	at java.util.concurrent.Executors$RunnableAdapter.call(Executors.java:511)
	at java.util.concurrent.FutureTask.run(FutureTask.java:266)
	at java.util.concurrent.ThreadPoolExecutor.runWorker(ThreadPoolExecutor.java:1149)
	at java.util.concurrent.ThreadPoolExecutor$Worker.run(ThreadPoolExecutor.java:624)
	at java.lang.Thread.run(Thread.java:748)
Heap
 PSYoungGen      total 152576K, used 8392K [0x00000000f5980000, 0x0000000100000000, 0x0000000100000000)
  eden space 135168K, 5% used [0x00000000f5980000,0x00000000f60a7eb8,0x00000000fdd80000)
  from space 17408K, 6% used [0x00000000fdd80000,0x00000000fde8a150,0x00000000fee80000)
  to   space 16384K, 0% used [0x00000000ff000000,0x00000000ff000000,0x0000000100000000)
 ParOldGen       total 341504K, used 38910K [0x00000000e0c00000, 0x00000000f5980000, 0x00000000f5980000)
  object space 341504K, 11% used [0x00000000e0c00000,0x00000000e31ff9d8,0x00000000f5980000)
 Metaspace       used 36052K, capacity 36894K, committed 37208K, reserved 1081344K
  class space    used 4979K, capacity 5161K, committed 5248K, reserved 1048576K
