08:51:27,347 |-INFO in ch.qos.logback.classic.LoggerContext[default] - Could NOT find resource [logback-test.xml]
08:51:27,347 |-INFO in ch.qos.logback.classic.LoggerContext[default] - Could NOT find resource [logback.groovy]
08:51:27,348 |-INFO in ch.qos.logback.classic.LoggerContext[default] - Found resource [logback.xml] at [jar:file:/home/nikitasokolov/flamestream/lib/flamestream-runtime-1.0-SNAPSHOT.jar!/logback.xml]
08:51:27,348 |-WARN in ch.qos.logback.classic.LoggerContext[default] - Resource [logback.xml] occurs multiple times on the classpath.
08:51:27,348 |-WARN in ch.qos.logback.classic.LoggerContext[default] - Resource [logback.xml] occurs at [jar:file:/home/nikitasokolov/flamestream/lib/flamestream-runtime-1.0-SNAPSHOT.jar!/logback.xml]
08:51:27,348 |-WARN in ch.qos.logback.classic.LoggerContext[default] - Resource [logback.xml] occurs at [jar:file:/home/nikitasokolov/flamestream/flamestream-runtime-1.0-SNAPSHOT.jar!/logback.xml]
08:51:27,365 |-INFO in ch.qos.logback.core.joran.spi.ConfigurationWatchList@6108b2d7 - URL [jar:file:/home/nikitasokolov/flamestream/lib/flamestream-runtime-1.0-SNAPSHOT.jar!/logback.xml] is not of type file
08:51:27,415 |-INFO in ch.qos.logback.classic.joran.action.ConfigurationAction - debug attribute not set
08:51:27,415 |-INFO in ch.qos.logback.core.joran.action.AppenderAction - About to instantiate appender of type [ch.qos.logback.core.ConsoleAppender]
08:51:27,423 |-INFO in ch.qos.logback.core.joran.action.AppenderAction - Naming appender as [STDOUT]
08:51:27,431 |-INFO in ch.qos.logback.core.joran.action.NestedComplexPropertyIA - Assuming default type [ch.qos.logback.classic.encoder.PatternLayoutEncoder] for [encoder] property
08:51:27,487 |-INFO in ch.qos.logback.core.joran.action.AppenderAction - About to instantiate appender of type [ch.qos.logback.core.rolling.RollingFileAppender]
08:51:27,491 |-INFO in ch.qos.logback.core.joran.action.AppenderAction - Naming appender as [FILE]
08:51:27,513 |-INFO in c.q.l.core.rolling.TimeBasedRollingPolicy@357863579 - No compression will be used
08:51:27,514 |-INFO in c.q.l.core.rolling.TimeBasedRollingPolicy@357863579 - Will use the pattern /tmp/application_%d{yyyy-MM-dd}.%i.log for the active file
08:51:27,517 |-INFO in ch.qos.logback.core.rolling.SizeAndTimeBasedFNATP@6bf256fa - The date pattern is 'yyyy-MM-dd' from file name pattern '/tmp/application_%d{yyyy-MM-dd}.%i.log'.
08:51:27,517 |-INFO in ch.qos.logback.core.rolling.SizeAndTimeBasedFNATP@6bf256fa - Roll-over at midnight.
08:51:27,521 |-INFO in ch.qos.logback.core.rolling.SizeAndTimeBasedFNATP@6bf256fa - Setting initial period to Sun Jun 09 08:50:38 MSK 2019
08:51:27,521 |-WARN in ch.qos.logback.core.rolling.SizeAndTimeBasedFNATP@6bf256fa - SizeAndTimeBasedFNATP is deprecated. Use SizeAndTimeBasedRollingPolicy instead
08:51:27,521 |-WARN in ch.qos.logback.core.rolling.SizeAndTimeBasedFNATP@6bf256fa - For more information see http://logback.qos.ch/manual/appenders.html#SizeAndTimeBasedRollingPolicy
08:51:27,525 |-INFO in ch.qos.logback.core.joran.action.NestedComplexPropertyIA - Assuming default type [ch.qos.logback.classic.encoder.PatternLayoutEncoder] for [encoder] property
08:51:27,527 |-INFO in ch.qos.logback.core.rolling.RollingFileAppender[FILE] - Active log file name: /tmp/application.log
08:51:27,527 |-INFO in ch.qos.logback.core.rolling.RollingFileAppender[FILE] - File property is set to [/tmp/application.log]
08:51:27,528 |-INFO in ch.qos.logback.classic.joran.action.RootLoggerAction - Setting level of ROOT logger to WARN
08:51:27,528 |-INFO in ch.qos.logback.core.joran.action.AppenderRefAction - Attaching appender named [STDOUT] to Logger[ROOT]
08:51:27,529 |-INFO in ch.qos.logback.core.joran.action.AppenderRefAction - Attaching appender named [FILE] to Logger[ROOT]
08:51:27,529 |-INFO in ch.qos.logback.classic.joran.action.ConfigurationAction - End of configuration.
08:51:27,530 |-INFO in ch.qos.logback.classic.joran.JoranConfigurator@6cd8737 - Registering current configuration as safe fallback point

2019-06-09T08:51:28.524+0300: 1.395: [GC (Metadata GC Threshold) [PSYoungGen: 110722K->15983K(149504K)] 110722K->16063K(491008K), 0.0196966 secs] [Times: user=0.04 sys=0.06, real=0.02 secs] 
2019-06-09T08:51:28.544+0300: 1.415: [Full GC (Metadata GC Threshold) [PSYoungGen: 15983K->0K(149504K)] [ParOldGen: 80K->15078K(341504K)] 16063K->15078K(491008K), [Metaspace: 20802K->20802K(1067008K)], 0.0263387 secs] [Times: user=0.16 sys=0.01, real=0.03 secs] 
08:51:39.912 [Curator-PathChildrenCache-1] WARN  o.a.c.u.ZKPaths  - The version of ZooKeeper being used doesn't support Container nodes. CreateMode.PERSISTENT will be used instead.
2019-06-09T08:51:40.821+0300: 13.692: [GC (Metadata GC Threshold) [PSYoungGen: 126132K->15888K(149504K)] 141211K->50506K(491008K), 0.0279149 secs] [Times: user=0.19 sys=0.01, real=0.02 secs] 
2019-06-09T08:51:40.849+0300: 13.720: [Full GC (Metadata GC Threshold) [PSYoungGen: 15888K->0K(149504K)] [ParOldGen: 34617K->38867K(341504K)] 50506K->38867K(491008K), [Metaspace: 34564K->34564K(1079296K)], 0.0497007 secs] [Times: user=0.34 sys=0.02, real=0.06 secs] 
2019-06-09T08:51:45.699+0300: 18.570: [GC (Allocation Failure) [PSYoungGen: 128512K->576K(149504K)] 167379K->39451K(491008K), 0.0088747 secs] [Times: user=0.08 sys=0.00, real=0.00 secs] 
2019-06-09T08:51:51.296+0300: 24.167: [GC (Allocation Failure) [PSYoungGen: 129088K->512K(149504K)] 167963K->39395K(491008K), 0.1100530 secs] [Times: user=0.02 sys=0.00, real=0.11 secs] 
2019-06-09T08:51:56.853+0300: 29.724: [GC (Allocation Failure) [PSYoungGen: 129024K->512K(129536K)] 167907K->39403K(471040K), 0.0859129 secs] [Times: user=0.01 sys=0.01, real=0.09 secs] 
2019-06-09T08:52:02.459+0300: 35.330: [GC (Allocation Failure) [PSYoungGen: 129024K->512K(150016K)] 167915K->39411K(491520K), 0.0082923 secs] [Times: user=0.06 sys=0.01, real=0.00 secs] 
2019-06-09T08:52:08.143+0300: 41.014: [GC (Allocation Failure) [PSYoungGen: 129024K->544K(148992K)] 167923K->39443K(490496K), 0.0042417 secs] [Times: user=0.01 sys=0.01, real=0.00 secs] 
2019-06-09T08:52:13.844+0300: 46.715: [GC (Allocation Failure) [PSYoungGen: 129056K->608K(151552K)] 167955K->39507K(493056K), 0.0028651 secs] [Times: user=0.01 sys=0.00, real=0.00 secs] 
2019-06-09T08:52:19.688+0300: 52.559: [GC (Allocation Failure) [PSYoungGen: 132192K->640K(150528K)] 171091K->39539K(492032K), 0.0025971 secs] [Times: user=0.02 sys=0.00, real=0.01 secs] 
2019-06-09T08:52:25.503+0300: 58.374: [GC (Allocation Failure) [PSYoungGen: 132224K->672K(153088K)] 171123K->39579K(494592K), 0.0045710 secs] [Times: user=0.03 sys=0.00, real=0.00 secs] 
2019-06-09T08:52:32.042+0300: 64.913: [GC (Allocation Failure) [PSYoungGen: 135840K->1047K(152576K)] 174747K->39962K(494080K), 0.0031211 secs] [Times: user=0.02 sys=0.00, real=0.00 secs] 
2019-06-09T08:52:39.626+0300: 72.497: [GC (Allocation Failure) [PSYoungGen: 136215K->736K(155136K)] 175130K->39651K(496640K), 0.0028633 secs] [Times: user=0.01 sys=0.00, real=0.00 secs] 
2019-06-09T08:52:47.366+0300: 80.238: [GC (Allocation Failure) [PSYoungGen: 139488K->640K(154112K)] 178403K->39563K(495616K), 0.0033063 secs] [Times: user=0.01 sys=0.00, real=0.01 secs] 
08:52:59.685 [Curator-PathChildrenCache-0] ERROR o.a.c.f.r.c.PathChildrenCache  - 
java.lang.IllegalStateException: instance must be started before calling this method
	at org.apache.curator.shaded.com.google.common.base.Preconditions.checkState(Preconditions.java:444)
	at org.apache.curator.framework.imps.CuratorFrameworkImpl.getChildren(CuratorFrameworkImpl.java:456)
	at org.apache.curator.framework.recipes.cache.PathChildrenCache.refresh(PathChildrenCache.java:521)
	at org.apache.curator.framework.recipes.cache.RefreshOperation.invoke(RefreshOperation.java:35)
	at org.apache.curator.framework.recipes.cache.PathChildrenCache$9.run(PathChildrenCache.java:786)
	at java.util.concurrent.Executors$RunnableAdapter.call(Executors.java:511)
	at java.util.concurrent.FutureTask.run(FutureTask.java:266)
	at java.util.concurrent.Executors$RunnableAdapter.call(Executors.java:511)
	at java.util.concurrent.FutureTask.run(FutureTask.java:266)
	at java.util.concurrent.ThreadPoolExecutor.runWorker(ThreadPoolExecutor.java:1149)
	at java.util.concurrent.ThreadPoolExecutor$Worker.run(ThreadPoolExecutor.java:624)
	at java.lang.Thread.run(Thread.java:748)
Heap
 PSYoungGen      total 154112K, used 39456K [0x00000000f5980000, 0x0000000100000000, 0x0000000100000000)
  eden space 138752K, 27% used [0x00000000f5980000,0x00000000f7f68270,0x00000000fe100000)
  from space 15360K, 4% used [0x00000000fe100000,0x00000000fe1a0080,0x00000000ff000000)
  to   space 14848K, 0% used [0x00000000ff180000,0x00000000ff180000,0x0000000100000000)
 ParOldGen       total 341504K, used 38923K [0x00000000e0c00000, 0x00000000f5980000, 0x00000000f5980000)
  object space 341504K, 11% used [0x00000000e0c00000,0x00000000e3202cb0,0x00000000f5980000)
 Metaspace       used 36185K, capacity 37022K, committed 37208K, reserved 1081344K
  class space    used 4978K, capacity 5161K, committed 5248K, reserved 1048576K
