13:30:59,121 |-INFO in ch.qos.logback.classic.LoggerContext[default] - Could NOT find resource [logback-test.xml]
13:30:59,121 |-INFO in ch.qos.logback.classic.LoggerContext[default] - Could NOT find resource [logback.groovy]
13:30:59,121 |-INFO in ch.qos.logback.classic.LoggerContext[default] - Found resource [logback.xml] at [jar:file:/root/flamestream/lib/flamestream-runtime-1.0-SNAPSHOT.jar!/logback.xml]
13:30:59,122 |-WARN in ch.qos.logback.classic.LoggerContext[default] - Resource [logback.xml] occurs multiple times on the classpath.
13:30:59,122 |-WARN in ch.qos.logback.classic.LoggerContext[default] - Resource [logback.xml] occurs at [jar:file:/root/flamestream/lib/flamestream-runtime-1.0-SNAPSHOT.jar!/logback.xml]
13:30:59,122 |-WARN in ch.qos.logback.classic.LoggerContext[default] - Resource [logback.xml] occurs at [jar:file:/root/flamestream/flamestream-runtime-1.0-SNAPSHOT.jar!/logback.xml]
13:30:59,142 |-INFO in ch.qos.logback.core.joran.spi.ConfigurationWatchList@3fb6a447 - URL [jar:file:/root/flamestream/lib/flamestream-runtime-1.0-SNAPSHOT.jar!/logback.xml] is not of type file
13:30:59,215 |-INFO in ch.qos.logback.classic.joran.action.ConfigurationAction - debug attribute not set
13:30:59,215 |-INFO in ch.qos.logback.core.joran.action.AppenderAction - About to instantiate appender of type [ch.qos.logback.core.ConsoleAppender]
13:30:59,233 |-INFO in ch.qos.logback.core.joran.action.AppenderAction - Naming appender as [STDOUT]
13:30:59,245 |-INFO in ch.qos.logback.core.joran.action.NestedComplexPropertyIA - Assuming default type [ch.qos.logback.classic.encoder.PatternLayoutEncoder] for [encoder] property
13:30:59,332 |-INFO in ch.qos.logback.core.joran.action.AppenderAction - About to instantiate appender of type [ch.qos.logback.core.rolling.RollingFileAppender]
13:30:59,341 |-INFO in ch.qos.logback.core.joran.action.AppenderAction - Naming appender as [FILE]
13:30:59,371 |-INFO in c.q.l.core.rolling.TimeBasedRollingPolicy@127618319 - No compression will be used
13:30:59,372 |-INFO in c.q.l.core.rolling.TimeBasedRollingPolicy@127618319 - Will use the pattern /tmp/application_%d{yyyy-MM-dd}.%i.log for the active file
13:30:59,375 |-INFO in ch.qos.logback.core.rolling.SizeAndTimeBasedFNATP@6b2fad11 - The date pattern is 'yyyy-MM-dd' from file name pattern '/tmp/application_%d{yyyy-MM-dd}.%i.log'.
13:30:59,375 |-INFO in ch.qos.logback.core.rolling.SizeAndTimeBasedFNATP@6b2fad11 - Roll-over at midnight.
13:30:59,380 |-INFO in ch.qos.logback.core.rolling.SizeAndTimeBasedFNATP@6b2fad11 - Setting initial period to Mon Jun 10 13:29:42 UTC 2019
13:30:59,381 |-WARN in ch.qos.logback.core.rolling.SizeAndTimeBasedFNATP@6b2fad11 - SizeAndTimeBasedFNATP is deprecated. Use SizeAndTimeBasedRollingPolicy instead
13:30:59,381 |-WARN in ch.qos.logback.core.rolling.SizeAndTimeBasedFNATP@6b2fad11 - For more information see http://logback.qos.ch/manual/appenders.html#SizeAndTimeBasedRollingPolicy
13:30:59,384 |-INFO in ch.qos.logback.core.joran.action.NestedComplexPropertyIA - Assuming default type [ch.qos.logback.classic.encoder.PatternLayoutEncoder] for [encoder] property
13:30:59,389 |-INFO in ch.qos.logback.core.rolling.RollingFileAppender[FILE] - Active log file name: /tmp/application.log
13:30:59,389 |-INFO in ch.qos.logback.core.rolling.RollingFileAppender[FILE] - File property is set to [/tmp/application.log]
13:30:59,390 |-INFO in ch.qos.logback.classic.joran.action.RootLoggerAction - Setting level of ROOT logger to WARN
13:30:59,390 |-INFO in ch.qos.logback.core.joran.action.AppenderRefAction - Attaching appender named [STDOUT] to Logger[ROOT]
13:30:59,392 |-INFO in ch.qos.logback.core.joran.action.AppenderRefAction - Attaching appender named [FILE] to Logger[ROOT]
13:30:59,392 |-INFO in ch.qos.logback.classic.joran.action.ConfigurationAction - End of configuration.
13:30:59,393 |-INFO in ch.qos.logback.classic.joran.JoranConfigurator@79698539 - Registering current configuration as safe fallback point

Ama winner
Ama winner
2019-06-10T13:31:00.676+0000: 1.742: [Full GC (Metadata GC Threshold) 2019-06-10T13:31:00.676+0000: 1.742: [Tenured: 0K->15208K(341376K), 0.0405230 secs] 114987K->15208K(494976K), [Metaspace: 20731K->20731K(1067008K)], 0.0406053 secs] [Times: user=0.04 sys=0.00, real=0.05 secs] 
13:31:12.573 [Curator-PathChildrenCache-1] WARN  o.a.c.u.ZKPaths  - The version of ZooKeeper being used doesn't support Container nodes. CreateMode.PERSISTENT will be used instead.
2019-06-10T13:31:14.831+0000: 15.897: [GC (Allocation Failure) 2019-06-10T13:31:14.831+0000: 15.897: [DefNew: 136576K->17024K(153600K), 0.0280371 secs] 151784K->52926K(494976K), 0.0281113 secs] [Times: user=0.02 sys=0.01, real=0.03 secs] 
2019-06-10T13:31:16.373+0000: 17.439: [Full GC (Metadata GC Threshold) 2019-06-10T13:31:16.373+0000: 17.439: [Tenured: 35902K->44842K(341376K), 0.0453149 secs] 86573K->44842K(494976K), [Metaspace: 34599K->34599K(1079296K)], 0.0453911 secs] [Times: user=0.04 sys=0.01, real=0.05 secs] 
2019-06-10T13:31:23.076+0000: 24.142: [GC (Allocation Failure) 2019-06-10T13:31:23.076+0000: 24.142: [DefNew: 136576K->101K(153600K), 0.0018628 secs] 181418K->44943K(494976K), 0.0019201 secs] [Times: user=0.00 sys=0.00, real=0.01 secs] 
2019-06-10T13:31:29.773+0000: 30.840: [GC (Allocation Failure) 2019-06-10T13:31:29.773+0000: 30.840: [DefNew: 136677K->102K(153600K), 0.0016947 secs] 181519K->44945K(494976K), 0.0017641 secs] [Times: user=0.00 sys=0.00, real=0.00 secs] 
2019-06-10T13:31:36.365+0000: 37.432: [GC (Allocation Failure) 2019-06-10T13:31:36.365+0000: 37.432: [DefNew: 136678K->103K(153600K), 0.0018553 secs] 181521K->44946K(494976K), 0.0019326 secs] [Times: user=0.01 sys=0.00, real=0.00 secs] 
2019-06-10T13:31:42.965+0000: 44.031: [GC (Allocation Failure) 2019-06-10T13:31:42.965+0000: 44.031: [DefNew: 136679K->133K(153600K), 0.0017753 secs] 181522K->44976K(494976K), 0.0018388 secs] [Times: user=0.00 sys=0.00, real=0.00 secs] 
2019-06-10T13:31:53.918+0000: 54.985: [GC (Allocation Failure) 2019-06-10T13:31:53.918+0000: 54.985: [DefNew: 136709K->522K(153600K), 0.0037285 secs] 181552K->45364K(494976K), 0.0038074 secs] [Times: user=0.00 sys=0.00, real=0.00 secs] 
13:31:53.938 [Curator-PathChildrenCache-0] ERROR o.a.c.f.r.c.PathChildrenCache  - 
java.lang.IllegalStateException: instance must be started before calling this method
	at org.apache.curator.shaded.com.google.common.base.Preconditions.checkState(Preconditions.java:444)
	at org.apache.curator.framework.imps.CuratorFrameworkImpl.getChildren(CuratorFrameworkImpl.java:456)
	at org.apache.curator.framework.recipes.cache.PathChildrenCache.refresh(PathChildrenCache.java:521)
	at org.apache.curator.framework.recipes.cache.RefreshOperation.invoke(RefreshOperation.java:35)
	at org.apache.curator.framework.recipes.cache.PathChildrenCache$9.run(PathChildrenCache.java:786)
	at java.util.concurrent.Executors$RunnableAdapter.call(Executors.java:511)
	at java.util.concurrent.FutureTask.run(FutureTask.java:266)
	at java.util.concurrent.Executors$RunnableAdapter.call(Executors.java:511)
	at java.util.concurrent.FutureTask.run(FutureTask.java:266)
	at java.util.concurrent.ThreadPoolExecutor.runWorker(ThreadPoolExecutor.java:1149)
	at java.util.concurrent.ThreadPoolExecutor$Worker.run(ThreadPoolExecutor.java:624)
	at java.lang.Thread.run(Thread.java:748)
Heap
 def new generation   total 153600K, used 10286K [0x00000000e0c00000, 0x00000000eb2a0000, 0x00000000eb2a0000)
  eden space 136576K,   7% used [0x00000000e0c00000, 0x00000000e1588f20, 0x00000000e9160000)
  from space 17024K,   3% used [0x00000000e9160000, 0x00000000e91e2930, 0x00000000ea200000)
  to   space 17024K,   0% used [0x00000000ea200000, 0x00000000ea200000, 0x00000000eb2a0000)
 tenured generation   total 341376K, used 44842K [0x00000000eb2a0000, 0x0000000100000000, 0x0000000100000000)
   the space 341376K,  13% used [0x00000000eb2a0000, 0x00000000ede6aa00, 0x00000000ede6aa00, 0x0000000100000000)
 Metaspace       used 35784K, capacity 36704K, committed 36864K, reserved 1081344K
  class space    used 4826K, capacity 5042K, committed 5120K, reserved 1048576K
