18:13:48,662 |-INFO in ch.qos.logback.classic.LoggerContext[default] - Could NOT find resource [logback-test.xml]
18:13:48,663 |-INFO in ch.qos.logback.classic.LoggerContext[default] - Could NOT find resource [logback.groovy]
18:13:48,663 |-INFO in ch.qos.logback.classic.LoggerContext[default] - Found resource [logback.xml] at [jar:file:/root/flamestream/lib/flamestream-runtime-1.0-SNAPSHOT.jar!/logback.xml]
18:13:48,664 |-WARN in ch.qos.logback.classic.LoggerContext[default] - Resource [logback.xml] occurs multiple times on the classpath.
18:13:48,664 |-WARN in ch.qos.logback.classic.LoggerContext[default] - Resource [logback.xml] occurs at [jar:file:/root/flamestream/lib/flamestream-runtime-1.0-SNAPSHOT.jar!/logback.xml]
18:13:48,664 |-WARN in ch.qos.logback.classic.LoggerContext[default] - Resource [logback.xml] occurs at [jar:file:/root/flamestream/flamestream-runtime-1.0-SNAPSHOT.jar!/logback.xml]
18:13:48,684 |-INFO in ch.qos.logback.core.joran.spi.ConfigurationWatchList@3fb6a447 - URL [jar:file:/root/flamestream/lib/flamestream-runtime-1.0-SNAPSHOT.jar!/logback.xml] is not of type file
18:13:48,754 |-INFO in ch.qos.logback.classic.joran.action.ConfigurationAction - debug attribute not set
18:13:48,755 |-INFO in ch.qos.logback.core.joran.action.AppenderAction - About to instantiate appender of type [ch.qos.logback.core.ConsoleAppender]
18:13:48,774 |-INFO in ch.qos.logback.core.joran.action.AppenderAction - Naming appender as [STDOUT]
18:13:48,790 |-INFO in ch.qos.logback.core.joran.action.NestedComplexPropertyIA - Assuming default type [ch.qos.logback.classic.encoder.PatternLayoutEncoder] for [encoder] property
18:13:48,875 |-INFO in ch.qos.logback.core.joran.action.AppenderAction - About to instantiate appender of type [ch.qos.logback.core.rolling.RollingFileAppender]
18:13:48,880 |-INFO in ch.qos.logback.core.joran.action.AppenderAction - Naming appender as [FILE]
18:13:48,912 |-INFO in c.q.l.core.rolling.TimeBasedRollingPolicy@127618319 - No compression will be used
18:13:48,913 |-INFO in c.q.l.core.rolling.TimeBasedRollingPolicy@127618319 - Will use the pattern /tmp/application_%d{yyyy-MM-dd}.%i.log for the active file
18:13:48,916 |-INFO in ch.qos.logback.core.rolling.SizeAndTimeBasedFNATP@6b2fad11 - The date pattern is 'yyyy-MM-dd' from file name pattern '/tmp/application_%d{yyyy-MM-dd}.%i.log'.
18:13:48,916 |-INFO in ch.qos.logback.core.rolling.SizeAndTimeBasedFNATP@6b2fad11 - Roll-over at midnight.
18:13:48,921 |-INFO in ch.qos.logback.core.rolling.SizeAndTimeBasedFNATP@6b2fad11 - Setting initial period to Mon Jun 10 18:12:25 UTC 2019
18:13:48,921 |-WARN in ch.qos.logback.core.rolling.SizeAndTimeBasedFNATP@6b2fad11 - SizeAndTimeBasedFNATP is deprecated. Use SizeAndTimeBasedRollingPolicy instead
18:13:48,921 |-WARN in ch.qos.logback.core.rolling.SizeAndTimeBasedFNATP@6b2fad11 - For more information see http://logback.qos.ch/manual/appenders.html#SizeAndTimeBasedRollingPolicy
18:13:48,925 |-INFO in ch.qos.logback.core.joran.action.NestedComplexPropertyIA - Assuming default type [ch.qos.logback.classic.encoder.PatternLayoutEncoder] for [encoder] property
18:13:48,930 |-INFO in ch.qos.logback.core.rolling.RollingFileAppender[FILE] - Active log file name: /tmp/application.log
18:13:48,930 |-INFO in ch.qos.logback.core.rolling.RollingFileAppender[FILE] - File property is set to [/tmp/application.log]
18:13:48,931 |-INFO in ch.qos.logback.classic.joran.action.RootLoggerAction - Setting level of ROOT logger to WARN
18:13:48,931 |-INFO in ch.qos.logback.core.joran.action.AppenderRefAction - Attaching appender named [STDOUT] to Logger[ROOT]
18:13:48,933 |-INFO in ch.qos.logback.core.joran.action.AppenderRefAction - Attaching appender named [FILE] to Logger[ROOT]
18:13:48,933 |-INFO in ch.qos.logback.classic.joran.action.ConfigurationAction - End of configuration.
18:13:48,933 |-INFO in ch.qos.logback.classic.joran.JoranConfigurator@79698539 - Registering current configuration as safe fallback point

Ama winner
Ama winner
2019-06-10T18:13:50.221+0000: 1.742: [Full GC (Metadata GC Threshold) 2019-06-10T18:13:50.221+0000: 1.742: [Tenured: 0K->15175K(341376K), 0.0403692 secs] 114987K->15175K(494976K), [Metaspace: 20732K->20732K(1067008K)], 0.0404360 secs] [Times: user=0.04 sys=0.00, real=0.04 secs] 
18:14:09.562 [Curator-PathChildrenCache-1] WARN  o.a.c.u.ZKPaths  - The version of ZooKeeper being used doesn't support Container nodes. CreateMode.PERSISTENT will be used instead.
2019-06-10T18:14:11.823+0000: 23.343: [GC (Allocation Failure) 2019-06-10T18:14:11.823+0000: 23.343: [DefNew: 136576K->17024K(153600K), 0.0264716 secs] 151751K->52570K(494976K), 0.0265436 secs] [Times: user=0.02 sys=0.01, real=0.03 secs] 
2019-06-10T18:14:14.215+0000: 25.736: [Full GC (Metadata GC Threshold) 2019-06-10T18:14:14.215+0000: 25.736: [Tenured: 35546K->44023K(341376K), 0.0913416 secs] 101727K->44023K(494976K), [Metaspace: 34608K->34608K(1079296K)], 0.0914215 secs] [Times: user=0.09 sys=0.00, real=0.09 secs] 
2019-06-10T18:14:19.858+0000: 31.378: [GC (Allocation Failure) 2019-06-10T18:14:19.858+0000: 31.378: [DefNew: 136576K->66K(153600K), 0.0018234 secs] 180599K->44089K(494976K), 0.0018819 secs] [Times: user=0.00 sys=0.00, real=0.00 secs] 
2019-06-10T18:14:25.531+0000: 37.051: [GC (Allocation Failure) 2019-06-10T18:14:25.531+0000: 37.051: [DefNew: 136642K->66K(153600K), 0.0017057 secs] 180665K->44090K(494976K), 0.0017663 secs] [Times: user=0.00 sys=0.00, real=0.00 secs] 
2019-06-10T18:14:31.144+0000: 42.664: [GC (Allocation Failure) 2019-06-10T18:14:31.144+0000: 42.664: [DefNew: 136642K->69K(153600K), 0.0017497 secs] 180666K->44093K(494976K), 0.0018113 secs] [Times: user=0.00 sys=0.00, real=0.01 secs] 
2019-06-10T18:14:36.837+0000: 48.357: [GC (Allocation Failure) 2019-06-10T18:14:36.837+0000: 48.357: [DefNew: 136645K->71K(153600K), 0.0017162 secs] 180669K->44095K(494976K), 0.0017850 secs] [Times: user=0.00 sys=0.00, real=0.00 secs] 
2019-06-10T18:14:49.027+0000: 60.547: [GC (Allocation Failure) 2019-06-10T18:14:49.027+0000: 60.547: [DefNew: 136647K->115K(153600K), 0.0021072 secs] 180671K->44139K(494976K), 0.0021633 secs] [Times: user=0.00 sys=0.00, real=0.00 secs] 
18:14:49.096 [Curator-PathChildrenCache-0] ERROR o.a.c.f.r.c.PathChildrenCache  - 
java.lang.IllegalStateException: instance must be started before calling this method
	at org.apache.curator.shaded.com.google.common.base.Preconditions.checkState(Preconditions.java:444)
	at org.apache.curator.framework.imps.CuratorFrameworkImpl.getChildren(CuratorFrameworkImpl.java:456)
	at org.apache.curator.framework.recipes.cache.PathChildrenCache.refresh(PathChildrenCache.java:521)
	at org.apache.curator.framework.recipes.cache.RefreshOperation.invoke(RefreshOperation.java:35)
	at org.apache.curator.framework.recipes.cache.PathChildrenCache$9.run(PathChildrenCache.java:786)
	at java.util.concurrent.Executors$RunnableAdapter.call(Executors.java:511)
	at java.util.concurrent.FutureTask.run(FutureTask.java:266)
	at java.util.concurrent.Executors$RunnableAdapter.call(Executors.java:511)
	at java.util.concurrent.FutureTask.run(FutureTask.java:266)
	at java.util.concurrent.ThreadPoolExecutor.runWorker(ThreadPoolExecutor.java:1149)
	at java.util.concurrent.ThreadPoolExecutor$Worker.run(ThreadPoolExecutor.java:624)
	at java.lang.Thread.run(Thread.java:748)
Heap
 def new generation   total 153600K, used 17244K [0x00000000e0c00000, 0x00000000eb2a0000, 0x00000000eb2a0000)
  eden space 136576K,  12% used [0x00000000e0c00000, 0x00000000e1cba130, 0x00000000e9160000)
  from space 17024K,   0% used [0x00000000e9160000, 0x00000000e917cfd0, 0x00000000ea200000)
  to   space 17024K,   0% used [0x00000000ea200000, 0x00000000ea200000, 0x00000000eb2a0000)
 tenured generation   total 341376K, used 44023K [0x00000000eb2a0000, 0x0000000100000000, 0x0000000100000000)
   the space 341376K,  12% used [0x00000000eb2a0000, 0x00000000edd9df88, 0x00000000edd9e000, 0x0000000100000000)
 Metaspace       used 35679K, capacity 36538K, committed 36864K, reserved 1081344K
  class space    used 4812K, capacity 5009K, committed 5120K, reserved 1048576K
