12:59:27,535 |-INFO in ch.qos.logback.classic.LoggerContext[default] - Could NOT find resource [logback-test.xml]
12:59:27,535 |-INFO in ch.qos.logback.classic.LoggerContext[default] - Could NOT find resource [logback.groovy]
12:59:27,536 |-INFO in ch.qos.logback.classic.LoggerContext[default] - Found resource [logback.xml] at [jar:file:/root/flamestream/lib/flamestream-runtime-1.0-SNAPSHOT.jar!/logback.xml]
12:59:27,537 |-WARN in ch.qos.logback.classic.LoggerContext[default] - Resource [logback.xml] occurs multiple times on the classpath.
12:59:27,537 |-WARN in ch.qos.logback.classic.LoggerContext[default] - Resource [logback.xml] occurs at [jar:file:/root/flamestream/lib/flamestream-runtime-1.0-SNAPSHOT.jar!/logback.xml]
12:59:27,537 |-WARN in ch.qos.logback.classic.LoggerContext[default] - Resource [logback.xml] occurs at [jar:file:/root/flamestream/flamestream-runtime-1.0-SNAPSHOT.jar!/logback.xml]
12:59:27,556 |-INFO in ch.qos.logback.core.joran.spi.ConfigurationWatchList@3fb6a447 - URL [jar:file:/root/flamestream/lib/flamestream-runtime-1.0-SNAPSHOT.jar!/logback.xml] is not of type file
12:59:27,629 |-INFO in ch.qos.logback.classic.joran.action.ConfigurationAction - debug attribute not set
12:59:27,630 |-INFO in ch.qos.logback.core.joran.action.AppenderAction - About to instantiate appender of type [ch.qos.logback.core.ConsoleAppender]
12:59:27,646 |-INFO in ch.qos.logback.core.joran.action.AppenderAction - Naming appender as [STDOUT]
12:59:27,666 |-INFO in ch.qos.logback.core.joran.action.NestedComplexPropertyIA - Assuming default type [ch.qos.logback.classic.encoder.PatternLayoutEncoder] for [encoder] property
12:59:27,755 |-INFO in ch.qos.logback.core.joran.action.AppenderAction - About to instantiate appender of type [ch.qos.logback.core.rolling.RollingFileAppender]
12:59:27,760 |-INFO in ch.qos.logback.core.joran.action.AppenderAction - Naming appender as [FILE]
12:59:27,791 |-INFO in c.q.l.core.rolling.TimeBasedRollingPolicy@127618319 - No compression will be used
12:59:27,792 |-INFO in c.q.l.core.rolling.TimeBasedRollingPolicy@127618319 - Will use the pattern /tmp/application_%d{yyyy-MM-dd}.%i.log for the active file
12:59:27,795 |-INFO in ch.qos.logback.core.rolling.SizeAndTimeBasedFNATP@6b2fad11 - The date pattern is 'yyyy-MM-dd' from file name pattern '/tmp/application_%d{yyyy-MM-dd}.%i.log'.
12:59:27,795 |-INFO in ch.qos.logback.core.rolling.SizeAndTimeBasedFNATP@6b2fad11 - Roll-over at midnight.
12:59:27,800 |-INFO in ch.qos.logback.core.rolling.SizeAndTimeBasedFNATP@6b2fad11 - Setting initial period to Mon Jun 10 12:54:59 UTC 2019
12:59:27,800 |-WARN in ch.qos.logback.core.rolling.SizeAndTimeBasedFNATP@6b2fad11 - SizeAndTimeBasedFNATP is deprecated. Use SizeAndTimeBasedRollingPolicy instead
12:59:27,800 |-WARN in ch.qos.logback.core.rolling.SizeAndTimeBasedFNATP@6b2fad11 - For more information see http://logback.qos.ch/manual/appenders.html#SizeAndTimeBasedRollingPolicy
12:59:27,804 |-INFO in ch.qos.logback.core.joran.action.NestedComplexPropertyIA - Assuming default type [ch.qos.logback.classic.encoder.PatternLayoutEncoder] for [encoder] property
12:59:27,810 |-INFO in ch.qos.logback.core.rolling.RollingFileAppender[FILE] - Active log file name: /tmp/application.log
12:59:27,810 |-INFO in ch.qos.logback.core.rolling.RollingFileAppender[FILE] - File property is set to [/tmp/application.log]
12:59:27,810 |-INFO in ch.qos.logback.classic.joran.action.RootLoggerAction - Setting level of ROOT logger to WARN
12:59:27,811 |-INFO in ch.qos.logback.core.joran.action.AppenderRefAction - Attaching appender named [STDOUT] to Logger[ROOT]
12:59:27,813 |-INFO in ch.qos.logback.core.joran.action.AppenderRefAction - Attaching appender named [FILE] to Logger[ROOT]
12:59:27,813 |-INFO in ch.qos.logback.classic.joran.action.ConfigurationAction - End of configuration.
12:59:27,813 |-INFO in ch.qos.logback.classic.joran.JoranConfigurator@79698539 - Registering current configuration as safe fallback point

Ama winner
Ama winner
2019-06-10T12:59:29.126+0000: 1.782: [Full GC (Metadata GC Threshold) 2019-06-10T12:59:29.126+0000: 1.782: [Tenured: 0K->15177K(341376K), 0.0413682 secs] 112258K->15177K(494976K), [Metaspace: 20736K->20736K(1067008K)], 0.0414507 secs] [Times: user=0.04 sys=0.00, real=0.04 secs] 
12:59:46.778 [Curator-PathChildrenCache-1] WARN  o.a.c.u.ZKPaths  - The version of ZooKeeper being used doesn't support Container nodes. CreateMode.PERSISTENT will be used instead.
2019-06-10T12:59:49.034+0000: 21.690: [GC (Allocation Failure) 2019-06-10T12:59:49.034+0000: 21.690: [DefNew: 118173K->17023K(153600K), 0.0229120 secs] 133351K->32663K(494976K), 0.0229752 secs] [Times: user=0.01 sys=0.02, real=0.02 secs] 
2019-06-10T12:59:50.671+0000: 23.327: [Full GC (Metadata GC Threshold) 2019-06-10T12:59:50.671+0000: 23.327: [Tenured: 15639K->43965K(341376K), 0.0480407 secs] 82042K->43965K(494976K), [Metaspace: 34611K->34611K(1079296K)], 0.0481157 secs] [Times: user=0.03 sys=0.01, real=0.04 secs] 
2019-06-10T13:00:00.626+0000: 33.282: [GC (Allocation Failure) 2019-06-10T13:00:00.627+0000: 33.282: [DefNew: 136576K->69K(153600K), 0.0020704 secs] 180541K->44035K(494976K), 0.0032153 secs] [Times: user=0.00 sys=0.00, real=0.00 secs] 
2019-06-10T13:00:10.675+0000: 43.331: [GC (Allocation Failure) 2019-06-10T13:00:10.675+0000: 43.331: [DefNew: 136645K->66K(153600K), 0.0018112 secs] 180611K->44032K(494976K), 0.0018746 secs] [Times: user=0.01 sys=0.00, real=0.00 secs] 
2019-06-10T13:00:20.862+0000: 53.518: [GC (Allocation Failure) 2019-06-10T13:00:20.862+0000: 53.518: [DefNew: 136642K->70K(153600K), 0.0018300 secs] 180608K->44036K(494976K), 0.0018915 secs] [Times: user=0.00 sys=0.00, real=0.01 secs] 
2019-06-10T13:00:31.466+0000: 64.121: [GC (Allocation Failure) 2019-06-10T13:00:31.466+0000: 64.122: [DefNew: 136646K->407K(153600K), 0.0023136 secs] 180612K->44373K(494976K), 0.0023882 secs] [Times: user=0.01 sys=0.00, real=0.00 secs] 
2019-06-10T13:00:44.162+0000: 76.817: [GC (Allocation Failure) 2019-06-10T13:00:44.162+0000: 76.817: [DefNew: 136983K->159K(153600K), 0.0021537 secs] 180949K->44125K(494976K), 0.0022244 secs] [Times: user=0.00 sys=0.00, real=0.01 secs] 
2019-06-10T13:00:56.800+0000: 89.456: [GC (Allocation Failure) 2019-06-10T13:00:56.800+0000: 89.456: [DefNew: 136735K->164K(153600K), 0.0021043 secs] 180701K->44130K(494976K), 0.0021665 secs] [Times: user=0.01 sys=0.00, real=0.00 secs] 
2019-06-10T13:01:18.905+0000: 111.561: [GC (Allocation Failure) 2019-06-10T13:01:18.905+0000: 111.561: [DefNew: 136740K->162K(153600K), 0.0022164 secs] 180706K->44127K(494976K), 0.0022806 secs] [Times: user=0.00 sys=0.00, real=0.00 secs] 
13:01:20.322 [Curator-PathChildrenCache-0] ERROR o.a.c.f.r.c.PathChildrenCache  - 
java.lang.IllegalStateException: instance must be started before calling this method
	at org.apache.curator.shaded.com.google.common.base.Preconditions.checkState(Preconditions.java:444)
	at org.apache.curator.framework.imps.CuratorFrameworkImpl.getChildren(CuratorFrameworkImpl.java:456)
	at org.apache.curator.framework.recipes.cache.PathChildrenCache.refresh(PathChildrenCache.java:521)
	at org.apache.curator.framework.recipes.cache.RefreshOperation.invoke(RefreshOperation.java:35)
	at org.apache.curator.framework.recipes.cache.PathChildrenCache$9.run(PathChildrenCache.java:786)
	at java.util.concurrent.Executors$RunnableAdapter.call(Executors.java:511)
	at java.util.concurrent.FutureTask.run(FutureTask.java:266)
	at java.util.concurrent.Executors$RunnableAdapter.call(Executors.java:511)
	at java.util.concurrent.FutureTask.run(FutureTask.java:266)
	at java.util.concurrent.ThreadPoolExecutor.runWorker(ThreadPoolExecutor.java:1149)
	at java.util.concurrent.ThreadPoolExecutor$Worker.run(ThreadPoolExecutor.java:624)
	at java.lang.Thread.run(Thread.java:748)
Heap
 def new generation   total 153600K, used 21444K [0x00000000e0c00000, 0x00000000eb2a0000, 0x00000000eb2a0000)
  eden space 136576K,  15% used [0x00000000e0c00000, 0x00000000e20c8918, 0x00000000e9160000)
  from space 17024K,   0% used [0x00000000e9160000, 0x00000000e9188850, 0x00000000ea200000)
  to   space 17024K,   0% used [0x00000000ea200000, 0x00000000ea200000, 0x00000000eb2a0000)
 tenured generation   total 341376K, used 43965K [0x00000000eb2a0000, 0x0000000100000000, 0x0000000100000000)
   the space 341376K,  12% used [0x00000000eb2a0000, 0x00000000edd8f708, 0x00000000edd8f800, 0x0000000100000000)
 Metaspace       used 36185K, capacity 37074K, committed 37376K, reserved 1081344K
  class space    used 4876K, capacity 5087K, committed 5120K, reserved 1048576K
