08:24:57,569 |-INFO in ch.qos.logback.classic.LoggerContext[default] - Could NOT find resource [logback-test.xml]
08:24:57,569 |-INFO in ch.qos.logback.classic.LoggerContext[default] - Could NOT find resource [logback.groovy]
08:24:57,570 |-INFO in ch.qos.logback.classic.LoggerContext[default] - Found resource [logback.xml] at [jar:file:/root/flamestream/lib/flamestream-runtime-1.0-SNAPSHOT.jar!/logback.xml]
08:24:57,570 |-WARN in ch.qos.logback.classic.LoggerContext[default] - Resource [logback.xml] occurs multiple times on the classpath.
08:24:57,570 |-WARN in ch.qos.logback.classic.LoggerContext[default] - Resource [logback.xml] occurs at [jar:file:/root/flamestream/lib/flamestream-runtime-1.0-SNAPSHOT.jar!/logback.xml]
08:24:57,570 |-WARN in ch.qos.logback.classic.LoggerContext[default] - Resource [logback.xml] occurs at [jar:file:/root/flamestream/flamestream-runtime-1.0-SNAPSHOT.jar!/logback.xml]
08:24:57,593 |-INFO in ch.qos.logback.core.joran.spi.ConfigurationWatchList@3fb6a447 - URL [jar:file:/root/flamestream/lib/flamestream-runtime-1.0-SNAPSHOT.jar!/logback.xml] is not of type file
08:24:57,665 |-INFO in ch.qos.logback.classic.joran.action.ConfigurationAction - debug attribute not set
08:24:57,665 |-INFO in ch.qos.logback.core.joran.action.AppenderAction - About to instantiate appender of type [ch.qos.logback.core.ConsoleAppender]
08:24:57,683 |-INFO in ch.qos.logback.core.joran.action.AppenderAction - Naming appender as [STDOUT]
08:24:57,698 |-INFO in ch.qos.logback.core.joran.action.NestedComplexPropertyIA - Assuming default type [ch.qos.logback.classic.encoder.PatternLayoutEncoder] for [encoder] property
08:24:57,782 |-INFO in ch.qos.logback.core.joran.action.AppenderAction - About to instantiate appender of type [ch.qos.logback.core.rolling.RollingFileAppender]
08:24:57,787 |-INFO in ch.qos.logback.core.joran.action.AppenderAction - Naming appender as [FILE]
08:24:57,817 |-INFO in c.q.l.core.rolling.TimeBasedRollingPolicy@127618319 - No compression will be used
08:24:57,818 |-INFO in c.q.l.core.rolling.TimeBasedRollingPolicy@127618319 - Will use the pattern /tmp/application_%d{yyyy-MM-dd}.%i.log for the active file
08:24:57,821 |-INFO in ch.qos.logback.core.rolling.SizeAndTimeBasedFNATP@6b2fad11 - The date pattern is 'yyyy-MM-dd' from file name pattern '/tmp/application_%d{yyyy-MM-dd}.%i.log'.
08:24:57,821 |-INFO in ch.qos.logback.core.rolling.SizeAndTimeBasedFNATP@6b2fad11 - Roll-over at midnight.
08:24:57,826 |-INFO in ch.qos.logback.core.rolling.SizeAndTimeBasedFNATP@6b2fad11 - Setting initial period to Tue Jun 11 08:23:41 UTC 2019
08:24:57,826 |-WARN in ch.qos.logback.core.rolling.SizeAndTimeBasedFNATP@6b2fad11 - SizeAndTimeBasedFNATP is deprecated. Use SizeAndTimeBasedRollingPolicy instead
08:24:57,826 |-WARN in ch.qos.logback.core.rolling.SizeAndTimeBasedFNATP@6b2fad11 - For more information see http://logback.qos.ch/manual/appenders.html#SizeAndTimeBasedRollingPolicy
08:24:57,830 |-INFO in ch.qos.logback.core.joran.action.NestedComplexPropertyIA - Assuming default type [ch.qos.logback.classic.encoder.PatternLayoutEncoder] for [encoder] property
08:24:57,835 |-INFO in ch.qos.logback.core.rolling.RollingFileAppender[FILE] - Active log file name: /tmp/application.log
08:24:57,835 |-INFO in ch.qos.logback.core.rolling.RollingFileAppender[FILE] - File property is set to [/tmp/application.log]
08:24:57,836 |-INFO in ch.qos.logback.classic.joran.action.RootLoggerAction - Setting level of ROOT logger to WARN
08:24:57,836 |-INFO in ch.qos.logback.core.joran.action.AppenderRefAction - Attaching appender named [STDOUT] to Logger[ROOT]
08:24:57,838 |-INFO in ch.qos.logback.core.joran.action.AppenderRefAction - Attaching appender named [FILE] to Logger[ROOT]
08:24:57,838 |-INFO in ch.qos.logback.classic.joran.action.ConfigurationAction - End of configuration.
08:24:57,838 |-INFO in ch.qos.logback.classic.joran.JoranConfigurator@79698539 - Registering current configuration as safe fallback point

Ama winner
Ama winner
2019-06-11T08:24:59.068+0000: 1.678: [Full GC (Metadata GC Threshold) 2019-06-11T08:24:59.068+0000: 1.678: [Tenured: 0K->15176K(341376K), 0.0352695 secs] 114987K->15176K(494976K), [Metaspace: 20744K->20744K(1067008K)], 0.0353376 secs] [Times: user=0.04 sys=0.00, real=0.04 secs] 
08:25:16.771 [Curator-PathChildrenCache-2] WARN  o.a.c.u.ZKPaths  - The version of ZooKeeper being used doesn't support Container nodes. CreateMode.PERSISTENT will be used instead.
2019-06-11T08:25:18.856+0000: 21.467: [GC (Allocation Failure) 2019-06-11T08:25:18.856+0000: 21.467: [DefNew: 136576K->17024K(153600K), 0.0256716 secs] 151752K->52748K(494976K), 0.0257409 secs] [Times: user=0.02 sys=0.01, real=0.03 secs] 
2019-06-11T08:25:19.078+0000: 21.688: [Full GC (Metadata GC Threshold) 2019-06-11T08:25:19.078+0000: 21.688: [Tenured: 35724K->44146K(341376K), 0.0328410 secs] 67067K->44146K(494976K), [Metaspace: 34442K->34442K(1079296K)], 0.0329357 secs] [Times: user=0.04 sys=0.00, real=0.04 secs] 
2019-06-11T08:25:22.817+0000: 25.428: [GC (Allocation Failure) 2019-06-11T08:25:22.818+0000: 25.428: [DefNew: 136576K->94K(153600K), 0.0019820 secs] 180722K->44240K(494976K), 0.0020504 secs] [Times: user=0.00 sys=0.00, real=0.01 secs] 
2019-06-11T08:25:26.404+0000: 29.014: [GC (Allocation Failure) 2019-06-11T08:25:26.404+0000: 29.014: [DefNew: 136670K->110K(153600K), 0.0018462 secs] 180816K->44256K(494976K), 0.0019061 secs] [Times: user=0.00 sys=0.00, real=0.00 secs] 
2019-06-11T08:25:30.031+0000: 32.642: [GC (Allocation Failure) 2019-06-11T08:25:30.032+0000: 32.642: [DefNew: 136686K->105K(153600K), 0.0018900 secs] 180832K->44251K(494976K), 0.0030145 secs] [Times: user=0.00 sys=0.00, real=0.01 secs] 
2019-06-11T08:25:33.690+0000: 36.301: [GC (Allocation Failure) 2019-06-11T08:25:33.691+0000: 36.301: [DefNew: 136681K->106K(153600K), 0.0018449 secs] 180827K->44252K(494976K), 0.0019078 secs] [Times: user=0.00 sys=0.00, real=0.01 secs] 
2019-06-11T08:25:37.377+0000: 39.987: [GC (Allocation Failure) 2019-06-11T08:25:37.377+0000: 39.987: [DefNew: 136682K->108K(153600K), 0.0018568 secs] 180828K->44254K(494976K), 0.0019191 secs] [Times: user=0.00 sys=0.00, real=0.01 secs] 
2019-06-11T08:25:41.060+0000: 43.670: [GC (Allocation Failure) 2019-06-11T08:25:41.060+0000: 43.670: [DefNew: 136684K->116K(153600K), 0.0019517 secs] 180830K->44262K(494976K), 0.0020131 secs] [Times: user=0.00 sys=0.00, real=0.00 secs] 
2019-06-11T08:25:44.739+0000: 47.349: [GC (Allocation Failure) 2019-06-11T08:25:44.739+0000: 47.349: [DefNew: 136692K->110K(153600K), 0.0018796 secs] 180838K->44256K(494976K), 0.0019397 secs] [Times: user=0.01 sys=0.00, real=0.01 secs] 
2019-06-11T08:25:48.429+0000: 51.040: [GC (Allocation Failure) 2019-06-11T08:25:48.430+0000: 51.040: [DefNew: 136686K->110K(153600K), 0.0019487 secs] 180832K->44256K(494976K), 0.0020208 secs] [Times: user=0.01 sys=0.00, real=0.01 secs] 
2019-06-11T08:25:57.264+0000: 59.874: [GC (Allocation Failure) 2019-06-11T08:25:57.264+0000: 59.874: [DefNew: 136686K->107K(153600K), 0.0020859 secs] 180832K->44253K(494976K), 0.0021477 secs] [Times: user=0.00 sys=0.00, real=0.00 secs] 
08:26:00.287 [Curator-PathChildrenCache-0] ERROR o.a.c.f.r.c.PathChildrenCache  - 
java.lang.IllegalStateException: instance must be started before calling this method
	at org.apache.curator.shaded.com.google.common.base.Preconditions.checkState(Preconditions.java:444)
	at org.apache.curator.framework.imps.CuratorFrameworkImpl.getChildren(CuratorFrameworkImpl.java:456)
	at org.apache.curator.framework.recipes.cache.PathChildrenCache.refresh(PathChildrenCache.java:521)
	at org.apache.curator.framework.recipes.cache.RefreshOperation.invoke(RefreshOperation.java:35)
	at org.apache.curator.framework.recipes.cache.PathChildrenCache$9.run(PathChildrenCache.java:786)
	at java.util.concurrent.Executors$RunnableAdapter.call(Executors.java:511)
	at java.util.concurrent.FutureTask.run(FutureTask.java:266)
	at java.util.concurrent.Executors$RunnableAdapter.call(Executors.java:511)
	at java.util.concurrent.FutureTask.run(FutureTask.java:266)
	at java.util.concurrent.ThreadPoolExecutor.runWorker(ThreadPoolExecutor.java:1149)
	at java.util.concurrent.ThreadPoolExecutor$Worker.run(ThreadPoolExecutor.java:624)
	at java.lang.Thread.run(Thread.java:748)
Heap
 def new generation   total 153600K, used 35573K [0x00000000e0c00000, 0x00000000eb2a0000, 0x00000000eb2a0000)
  eden space 136576K,  25% used [0x00000000e0c00000, 0x00000000e2ea2738, 0x00000000e9160000)
  from space 17024K,   0% used [0x00000000e9160000, 0x00000000e917ad48, 0x00000000ea200000)
  to   space 17024K,   0% used [0x00000000ea200000, 0x00000000ea200000, 0x00000000eb2a0000)
 tenured generation   total 341376K, used 44146K [0x00000000eb2a0000, 0x0000000100000000, 0x0000000100000000)
   the space 341376K,  12% used [0x00000000eb2a0000, 0x00000000eddbc860, 0x00000000eddbca00, 0x0000000100000000)
 Metaspace       used 36133K, capacity 37122K, committed 37504K, reserved 1081344K
  class space    used 4901K, capacity 5123K, committed 5248K, reserved 1048576K
