13:02:47,931 |-INFO in ch.qos.logback.classic.LoggerContext[default] - Could NOT find resource [logback-test.xml]
13:02:47,931 |-INFO in ch.qos.logback.classic.LoggerContext[default] - Could NOT find resource [logback.groovy]
13:02:47,932 |-INFO in ch.qos.logback.classic.LoggerContext[default] - Found resource [logback.xml] at [jar:file:/root/flamestream/lib/flamestream-runtime-1.0-SNAPSHOT.jar!/logback.xml]
13:02:47,932 |-WARN in ch.qos.logback.classic.LoggerContext[default] - Resource [logback.xml] occurs multiple times on the classpath.
13:02:47,933 |-WARN in ch.qos.logback.classic.LoggerContext[default] - Resource [logback.xml] occurs at [jar:file:/root/flamestream/lib/flamestream-runtime-1.0-SNAPSHOT.jar!/logback.xml]
13:02:47,933 |-WARN in ch.qos.logback.classic.LoggerContext[default] - Resource [logback.xml] occurs at [jar:file:/root/flamestream/flamestream-runtime-1.0-SNAPSHOT.jar!/logback.xml]
13:02:47,953 |-INFO in ch.qos.logback.core.joran.spi.ConfigurationWatchList@3fb6a447 - URL [jar:file:/root/flamestream/lib/flamestream-runtime-1.0-SNAPSHOT.jar!/logback.xml] is not of type file
13:02:48,024 |-INFO in ch.qos.logback.classic.joran.action.ConfigurationAction - debug attribute not set
13:02:48,025 |-INFO in ch.qos.logback.core.joran.action.AppenderAction - About to instantiate appender of type [ch.qos.logback.core.ConsoleAppender]
13:02:48,039 |-INFO in ch.qos.logback.core.joran.action.AppenderAction - Naming appender as [STDOUT]
13:02:48,063 |-INFO in ch.qos.logback.core.joran.action.NestedComplexPropertyIA - Assuming default type [ch.qos.logback.classic.encoder.PatternLayoutEncoder] for [encoder] property
13:02:48,145 |-INFO in ch.qos.logback.core.joran.action.AppenderAction - About to instantiate appender of type [ch.qos.logback.core.rolling.RollingFileAppender]
13:02:48,150 |-INFO in ch.qos.logback.core.joran.action.AppenderAction - Naming appender as [FILE]
13:02:48,181 |-INFO in c.q.l.core.rolling.TimeBasedRollingPolicy@127618319 - No compression will be used
13:02:48,182 |-INFO in c.q.l.core.rolling.TimeBasedRollingPolicy@127618319 - Will use the pattern /tmp/application_%d{yyyy-MM-dd}.%i.log for the active file
13:02:48,185 |-INFO in ch.qos.logback.core.rolling.SizeAndTimeBasedFNATP@6b2fad11 - The date pattern is 'yyyy-MM-dd' from file name pattern '/tmp/application_%d{yyyy-MM-dd}.%i.log'.
13:02:48,185 |-INFO in ch.qos.logback.core.rolling.SizeAndTimeBasedFNATP@6b2fad11 - Roll-over at midnight.
13:02:48,190 |-INFO in ch.qos.logback.core.rolling.SizeAndTimeBasedFNATP@6b2fad11 - Setting initial period to Mon Jun 10 13:01:20 UTC 2019
13:02:48,190 |-WARN in ch.qos.logback.core.rolling.SizeAndTimeBasedFNATP@6b2fad11 - SizeAndTimeBasedFNATP is deprecated. Use SizeAndTimeBasedRollingPolicy instead
13:02:48,190 |-WARN in ch.qos.logback.core.rolling.SizeAndTimeBasedFNATP@6b2fad11 - For more information see http://logback.qos.ch/manual/appenders.html#SizeAndTimeBasedRollingPolicy
13:02:48,194 |-INFO in ch.qos.logback.core.joran.action.NestedComplexPropertyIA - Assuming default type [ch.qos.logback.classic.encoder.PatternLayoutEncoder] for [encoder] property
13:02:48,199 |-INFO in ch.qos.logback.core.rolling.RollingFileAppender[FILE] - Active log file name: /tmp/application.log
13:02:48,199 |-INFO in ch.qos.logback.core.rolling.RollingFileAppender[FILE] - File property is set to [/tmp/application.log]
13:02:48,200 |-INFO in ch.qos.logback.classic.joran.action.RootLoggerAction - Setting level of ROOT logger to WARN
13:02:48,200 |-INFO in ch.qos.logback.core.joran.action.AppenderRefAction - Attaching appender named [STDOUT] to Logger[ROOT]
13:02:48,202 |-INFO in ch.qos.logback.core.joran.action.AppenderRefAction - Attaching appender named [FILE] to Logger[ROOT]
13:02:48,202 |-INFO in ch.qos.logback.classic.joran.action.ConfigurationAction - End of configuration.
13:02:48,202 |-INFO in ch.qos.logback.classic.joran.JoranConfigurator@79698539 - Registering current configuration as safe fallback point

Ama winner
Ama winner
2019-06-10T13:02:49.486+0000: 1.743: [Full GC (Metadata GC Threshold) 2019-06-10T13:02:49.486+0000: 1.743: [Tenured: 0K->15207K(341376K), 0.0398783 secs] 114923K->15207K(494976K), [Metaspace: 20731K->20731K(1067008K)], 0.0399422 secs] [Times: user=0.03 sys=0.00, real=0.04 secs] 
13:03:05.804 [Curator-PathChildrenCache-1] WARN  o.a.c.u.ZKPaths  - The version of ZooKeeper being used doesn't support Container nodes. CreateMode.PERSISTENT will be used instead.
2019-06-10T13:03:08.217+0000: 20.474: [GC (Allocation Failure) 2019-06-10T13:03:08.217+0000: 20.474: [DefNew: 136576K->17023K(153600K), 0.0265764 secs] 151783K->52495K(494976K), 0.0266460 secs] [Times: user=0.02 sys=0.01, real=0.02 secs] 
2019-06-10T13:03:11.493+0000: 23.750: [Full GC (Metadata GC Threshold) 2019-06-10T13:03:11.493+0000: 23.750: [Tenured: 35471K->44301K(341376K), 0.0825890 secs] 105471K->44301K(494976K), [Metaspace: 34575K->34575K(1079296K)], 0.0826640 secs] [Times: user=0.08 sys=0.00, real=0.08 secs] 
2019-06-10T13:03:21.370+0000: 33.627: [GC (Allocation Failure) 2019-06-10T13:03:21.370+0000: 33.627: [DefNew: 136576K->60K(153600K), 0.0019168 secs] 180877K->44362K(494976K), 0.0019721 secs] [Times: user=0.00 sys=0.00, real=0.00 secs] 
2019-06-10T13:03:31.524+0000: 43.782: [GC (Allocation Failure) 2019-06-10T13:03:31.525+0000: 43.782: [DefNew: 136636K->56K(153600K), 0.0018333 secs] 180938K->44357K(494976K), 0.0018952 secs] [Times: user=0.00 sys=0.00, real=0.00 secs] 
2019-06-10T13:03:41.694+0000: 53.951: [GC (Allocation Failure) 2019-06-10T13:03:41.694+0000: 53.951: [DefNew: 136632K->61K(153600K), 0.0018856 secs] 180933K->44362K(494976K), 0.0019446 secs] [Times: user=0.00 sys=0.00, real=0.01 secs] 
2019-06-10T13:03:52.230+0000: 64.487: [GC (Allocation Failure) 2019-06-10T13:03:52.230+0000: 64.487: [DefNew: 136637K->400K(153600K), 0.0023861 secs] 180938K->44702K(494976K), 0.0024464 secs] [Times: user=0.00 sys=0.01, real=0.00 secs] 
2019-06-10T13:04:04.626+0000: 76.883: [GC (Allocation Failure) 2019-06-10T13:04:04.626+0000: 76.883: [DefNew: 136976K->159K(153600K), 0.0021045 secs] 181278K->44460K(494976K), 0.0021633 secs] [Times: user=0.00 sys=0.00, real=0.01 secs] 
2019-06-10T13:04:17.069+0000: 89.327: [GC (Allocation Failure) 2019-06-10T13:04:17.069+0000: 89.327: [DefNew: 136735K->158K(153600K), 0.0020375 secs] 181036K->44459K(494976K), 0.0021070 secs] [Times: user=0.00 sys=0.00, real=0.00 secs] 
13:04:36.030 [Curator-PathChildrenCache-0] ERROR o.a.c.f.r.c.PathChildrenCache  - 
java.lang.IllegalStateException: instance must be started before calling this method
	at org.apache.curator.shaded.com.google.common.base.Preconditions.checkState(Preconditions.java:444)
	at org.apache.curator.framework.imps.CuratorFrameworkImpl.getChildren(CuratorFrameworkImpl.java:456)
	at org.apache.curator.framework.recipes.cache.PathChildrenCache.refresh(PathChildrenCache.java:521)
	at org.apache.curator.framework.recipes.cache.RefreshOperation.invoke(RefreshOperation.java:35)
	at org.apache.curator.framework.recipes.cache.PathChildrenCache$9.run(PathChildrenCache.java:786)
	at java.util.concurrent.Executors$RunnableAdapter.call(Executors.java:511)
	at java.util.concurrent.FutureTask.run(FutureTask.java:266)
	at java.util.concurrent.Executors$RunnableAdapter.call(Executors.java:511)
	at java.util.concurrent.FutureTask.run(FutureTask.java:266)
	at java.util.concurrent.ThreadPoolExecutor.runWorker(ThreadPoolExecutor.java:1149)
	at java.util.concurrent.ThreadPoolExecutor$Worker.run(ThreadPoolExecutor.java:624)
	at java.lang.Thread.run(Thread.java:748)
Heap
 def new generation   total 153600K, used 97519K [0x00000000e0c00000, 0x00000000eb2a0000, 0x00000000eb2a0000)
  eden space 136576K,  71% used [0x00000000e0c00000, 0x00000000e6b14280, 0x00000000e9160000)
  from space 17024K,   0% used [0x00000000ea200000, 0x00000000ea227a98, 0x00000000eb2a0000)
  to   space 17024K,   0% used [0x00000000e9160000, 0x00000000e9160000, 0x00000000ea200000)
 tenured generation   total 341376K, used 44301K [0x00000000eb2a0000, 0x0000000100000000, 0x0000000100000000)
   the space 341376K,  12% used [0x00000000eb2a0000, 0x00000000edde3480, 0x00000000edde3600, 0x0000000100000000)
 Metaspace       used 36120K, capacity 36990K, committed 37120K, reserved 1081344K
  class space    used 4865K, capacity 5073K, committed 5120K, reserved 1048576K
