14:56:09,615 |-INFO in ch.qos.logback.classic.LoggerContext[default] - Could NOT find resource [logback-test.xml]
14:56:09,615 |-INFO in ch.qos.logback.classic.LoggerContext[default] - Could NOT find resource [logback.groovy]
14:56:09,615 |-INFO in ch.qos.logback.classic.LoggerContext[default] - Found resource [logback.xml] at [jar:file:/root/flamestream/lib/flamestream-runtime-1.0-SNAPSHOT.jar!/logback.xml]
14:56:09,616 |-WARN in ch.qos.logback.classic.LoggerContext[default] - Resource [logback.xml] occurs multiple times on the classpath.
14:56:09,616 |-WARN in ch.qos.logback.classic.LoggerContext[default] - Resource [logback.xml] occurs at [jar:file:/root/flamestream/lib/flamestream-runtime-1.0-SNAPSHOT.jar!/logback.xml]
14:56:09,616 |-WARN in ch.qos.logback.classic.LoggerContext[default] - Resource [logback.xml] occurs at [jar:file:/root/flamestream/flamestream-runtime-1.0-SNAPSHOT.jar!/logback.xml]
14:56:09,637 |-INFO in ch.qos.logback.core.joran.spi.ConfigurationWatchList@3fb6a447 - URL [jar:file:/root/flamestream/lib/flamestream-runtime-1.0-SNAPSHOT.jar!/logback.xml] is not of type file
14:56:09,703 |-INFO in ch.qos.logback.classic.joran.action.ConfigurationAction - debug attribute not set
14:56:09,704 |-INFO in ch.qos.logback.core.joran.action.AppenderAction - About to instantiate appender of type [ch.qos.logback.core.ConsoleAppender]
14:56:09,720 |-INFO in ch.qos.logback.core.joran.action.AppenderAction - Naming appender as [STDOUT]
14:56:09,739 |-INFO in ch.qos.logback.core.joran.action.NestedComplexPropertyIA - Assuming default type [ch.qos.logback.classic.encoder.PatternLayoutEncoder] for [encoder] property
14:56:09,841 |-INFO in ch.qos.logback.core.joran.action.AppenderAction - About to instantiate appender of type [ch.qos.logback.core.rolling.RollingFileAppender]
14:56:09,849 |-INFO in ch.qos.logback.core.joran.action.AppenderAction - Naming appender as [FILE]
14:56:09,879 |-INFO in c.q.l.core.rolling.TimeBasedRollingPolicy@127618319 - No compression will be used
14:56:09,880 |-INFO in c.q.l.core.rolling.TimeBasedRollingPolicy@127618319 - Will use the pattern /tmp/application_%d{yyyy-MM-dd}.%i.log for the active file
14:56:09,883 |-INFO in ch.qos.logback.core.rolling.SizeAndTimeBasedFNATP@6b2fad11 - The date pattern is 'yyyy-MM-dd' from file name pattern '/tmp/application_%d{yyyy-MM-dd}.%i.log'.
14:56:09,883 |-INFO in ch.qos.logback.core.rolling.SizeAndTimeBasedFNATP@6b2fad11 - Roll-over at midnight.
14:56:09,888 |-INFO in ch.qos.logback.core.rolling.SizeAndTimeBasedFNATP@6b2fad11 - Setting initial period to Mon Jun 10 14:54:53 UTC 2019
14:56:09,888 |-WARN in ch.qos.logback.core.rolling.SizeAndTimeBasedFNATP@6b2fad11 - SizeAndTimeBasedFNATP is deprecated. Use SizeAndTimeBasedRollingPolicy instead
14:56:09,888 |-WARN in ch.qos.logback.core.rolling.SizeAndTimeBasedFNATP@6b2fad11 - For more information see http://logback.qos.ch/manual/appenders.html#SizeAndTimeBasedRollingPolicy
14:56:09,893 |-INFO in ch.qos.logback.core.joran.action.NestedComplexPropertyIA - Assuming default type [ch.qos.logback.classic.encoder.PatternLayoutEncoder] for [encoder] property
14:56:09,898 |-INFO in ch.qos.logback.core.rolling.RollingFileAppender[FILE] - Active log file name: /tmp/application.log
14:56:09,898 |-INFO in ch.qos.logback.core.rolling.RollingFileAppender[FILE] - File property is set to [/tmp/application.log]
14:56:09,898 |-INFO in ch.qos.logback.classic.joran.action.RootLoggerAction - Setting level of ROOT logger to WARN
14:56:09,899 |-INFO in ch.qos.logback.core.joran.action.AppenderRefAction - Attaching appender named [STDOUT] to Logger[ROOT]
14:56:09,901 |-INFO in ch.qos.logback.core.joran.action.AppenderRefAction - Attaching appender named [FILE] to Logger[ROOT]
14:56:09,901 |-INFO in ch.qos.logback.classic.joran.action.ConfigurationAction - End of configuration.
14:56:09,901 |-INFO in ch.qos.logback.classic.joran.JoranConfigurator@79698539 - Registering current configuration as safe fallback point

Ama winner
Ama winner
2019-06-10T14:56:11.205+0000: 1.777: [Full GC (Metadata GC Threshold) 2019-06-10T14:56:11.206+0000: 1.777: [Tenured: 0K->15176K(341376K), 0.0412206 secs] 114923K->15176K(494976K), [Metaspace: 20741K->20741K(1067008K)], 0.0412897 secs] [Times: user=0.04 sys=0.00, real=0.04 secs] 
14:56:28.560 [Curator-PathChildrenCache-1] WARN  o.a.c.u.ZKPaths  - The version of ZooKeeper being used doesn't support Container nodes. CreateMode.PERSISTENT will be used instead.
2019-06-10T14:56:31.008+0000: 21.579: [GC (Allocation Failure) 2019-06-10T14:56:31.008+0000: 21.579: [DefNew: 136576K->17023K(153600K), 0.0290935 secs] 151752K->52566K(494976K), 0.0291736 secs] [Times: user=0.02 sys=0.00, real=0.02 secs] 
2019-06-10T14:56:32.075+0000: 22.646: [Full GC (Metadata GC Threshold) 2019-06-10T14:56:32.075+0000: 22.646: [Tenured: 35542K->44218K(341376K), 0.0652839 secs] 82742K->44218K(494976K), [Metaspace: 34588K->34588K(1079296K)], 0.0653674 secs] [Times: user=0.06 sys=0.00, real=0.07 secs] 
2019-06-10T14:56:39.397+0000: 29.969: [GC (Allocation Failure) 2019-06-10T14:56:39.397+0000: 29.969: [DefNew: 136576K->96K(153600K), 0.0020116 secs] 180794K->44315K(494976K), 0.0020719 secs] [Times: user=0.00 sys=0.00, real=0.00 secs] 
2019-06-10T14:56:46.887+0000: 37.459: [GC (Allocation Failure) 2019-06-10T14:56:46.887+0000: 37.459: [DefNew: 136672K->92K(153600K), 0.0019238 secs] 180891K->44310K(494976K), 0.0019863 secs] [Times: user=0.00 sys=0.00, real=0.00 secs] 
2019-06-10T14:56:54.111+0000: 44.683: [GC (Allocation Failure) 2019-06-10T14:56:54.112+0000: 44.683: [DefNew: 136668K->94K(153600K), 0.0019211 secs] 180886K->44312K(494976K), 0.0019783 secs] [Times: user=0.00 sys=0.00, real=0.00 secs] 
2019-06-10T14:57:01.317+0000: 51.889: [GC (Allocation Failure) 2019-06-10T14:57:01.317+0000: 51.889: [DefNew: 136670K->94K(153600K), 0.0019544 secs] 180888K->44312K(494976K), 0.0020232 secs] [Times: user=0.00 sys=0.00, real=0.00 secs] 
2019-06-10T14:57:08.585+0000: 59.157: [GC (Allocation Failure) 2019-06-10T14:57:08.586+0000: 59.157: [DefNew: 136670K->94K(153600K), 0.0019326 secs] 180888K->44312K(494976K), 0.0020049 secs] [Times: user=0.01 sys=0.00, real=0.00 secs] 
14:57:20.039 [Curator-PathChildrenCache-0] ERROR o.a.c.f.r.c.PathChildrenCache  - 
java.lang.IllegalStateException: instance must be started before calling this method
	at org.apache.curator.shaded.com.google.common.base.Preconditions.checkState(Preconditions.java:444)
	at org.apache.curator.framework.imps.CuratorFrameworkImpl.getChildren(CuratorFrameworkImpl.java:456)
	at org.apache.curator.framework.recipes.cache.PathChildrenCache.refresh(PathChildrenCache.java:521)
	at org.apache.curator.framework.recipes.cache.RefreshOperation.invoke(RefreshOperation.java:35)
	at org.apache.curator.framework.recipes.cache.PathChildrenCache$9.run(PathChildrenCache.java:786)
	at java.util.concurrent.Executors$RunnableAdapter.call(Executors.java:511)
	at java.util.concurrent.FutureTask.run(FutureTask.java:266)
	at java.util.concurrent.Executors$RunnableAdapter.call(Executors.java:511)
	at java.util.concurrent.FutureTask.run(FutureTask.java:266)
	at java.util.concurrent.ThreadPoolExecutor.runWorker(ThreadPoolExecutor.java:1149)
	at java.util.concurrent.ThreadPoolExecutor$Worker.run(ThreadPoolExecutor.java:624)
	at java.lang.Thread.run(Thread.java:748)
Heap
 def new generation   total 153600K, used 111495K [0x00000000e0c00000, 0x00000000eb2a0000, 0x00000000eb2a0000)
  eden space 136576K,  81% used [0x00000000e0c00000, 0x00000000e78ca238, 0x00000000e9160000)
  from space 17024K,   0% used [0x00000000e9160000, 0x00000000e9177a98, 0x00000000ea200000)
  to   space 17024K,   0% used [0x00000000ea200000, 0x00000000ea200000, 0x00000000eb2a0000)
 tenured generation   total 341376K, used 44218K [0x00000000eb2a0000, 0x0000000100000000, 0x0000000100000000)
   the space 341376K,  12% used [0x00000000eb2a0000, 0x00000000eddce950, 0x00000000eddcea00, 0x0000000100000000)
 Metaspace       used 36345K, capacity 37202K, committed 37376K, reserved 1081344K
  class space    used 4870K, capacity 5077K, committed 5120K, reserved 1048576K
