19:35:03,294 |-INFO in ch.qos.logback.classic.LoggerContext[default] - Could NOT find resource [logback-test.xml]
19:35:03,295 |-INFO in ch.qos.logback.classic.LoggerContext[default] - Could NOT find resource [logback.groovy]
19:35:03,295 |-INFO in ch.qos.logback.classic.LoggerContext[default] - Found resource [logback.xml] at [jar:file:/root/flamestream/lib/flamestream-runtime-1.0-SNAPSHOT.jar!/logback.xml]
19:35:03,296 |-WARN in ch.qos.logback.classic.LoggerContext[default] - Resource [logback.xml] occurs multiple times on the classpath.
19:35:03,296 |-WARN in ch.qos.logback.classic.LoggerContext[default] - Resource [logback.xml] occurs at [jar:file:/root/flamestream/lib/flamestream-runtime-1.0-SNAPSHOT.jar!/logback.xml]
19:35:03,296 |-WARN in ch.qos.logback.classic.LoggerContext[default] - Resource [logback.xml] occurs at [jar:file:/root/flamestream/flamestream-runtime-1.0-SNAPSHOT.jar!/logback.xml]
19:35:03,315 |-INFO in ch.qos.logback.core.joran.spi.ConfigurationWatchList@3fb6a447 - URL [jar:file:/root/flamestream/lib/flamestream-runtime-1.0-SNAPSHOT.jar!/logback.xml] is not of type file
19:35:03,389 |-INFO in ch.qos.logback.classic.joran.action.ConfigurationAction - debug attribute not set
19:35:03,389 |-INFO in ch.qos.logback.core.joran.action.AppenderAction - About to instantiate appender of type [ch.qos.logback.core.ConsoleAppender]
19:35:03,403 |-INFO in ch.qos.logback.core.joran.action.AppenderAction - Naming appender as [STDOUT]
19:35:03,421 |-INFO in ch.qos.logback.core.joran.action.NestedComplexPropertyIA - Assuming default type [ch.qos.logback.classic.encoder.PatternLayoutEncoder] for [encoder] property
19:35:03,511 |-INFO in ch.qos.logback.core.joran.action.AppenderAction - About to instantiate appender of type [ch.qos.logback.core.rolling.RollingFileAppender]
19:35:03,515 |-INFO in ch.qos.logback.core.joran.action.AppenderAction - Naming appender as [FILE]
19:35:03,546 |-INFO in c.q.l.core.rolling.TimeBasedRollingPolicy@127618319 - No compression will be used
19:35:03,547 |-INFO in c.q.l.core.rolling.TimeBasedRollingPolicy@127618319 - Will use the pattern /tmp/application_%d{yyyy-MM-dd}.%i.log for the active file
19:35:03,550 |-INFO in ch.qos.logback.core.rolling.SizeAndTimeBasedFNATP@6b2fad11 - The date pattern is 'yyyy-MM-dd' from file name pattern '/tmp/application_%d{yyyy-MM-dd}.%i.log'.
19:35:03,550 |-INFO in ch.qos.logback.core.rolling.SizeAndTimeBasedFNATP@6b2fad11 - Roll-over at midnight.
19:35:03,556 |-INFO in ch.qos.logback.core.rolling.SizeAndTimeBasedFNATP@6b2fad11 - Setting initial period to Mon Jun 10 19:33:31 UTC 2019
19:35:03,556 |-WARN in ch.qos.logback.core.rolling.SizeAndTimeBasedFNATP@6b2fad11 - SizeAndTimeBasedFNATP is deprecated. Use SizeAndTimeBasedRollingPolicy instead
19:35:03,556 |-WARN in ch.qos.logback.core.rolling.SizeAndTimeBasedFNATP@6b2fad11 - For more information see http://logback.qos.ch/manual/appenders.html#SizeAndTimeBasedRollingPolicy
19:35:03,560 |-INFO in ch.qos.logback.core.joran.action.NestedComplexPropertyIA - Assuming default type [ch.qos.logback.classic.encoder.PatternLayoutEncoder] for [encoder] property
19:35:03,565 |-INFO in ch.qos.logback.core.rolling.RollingFileAppender[FILE] - Active log file name: /tmp/application.log
19:35:03,565 |-INFO in ch.qos.logback.core.rolling.RollingFileAppender[FILE] - File property is set to [/tmp/application.log]
19:35:03,566 |-INFO in ch.qos.logback.classic.joran.action.RootLoggerAction - Setting level of ROOT logger to WARN
19:35:03,566 |-INFO in ch.qos.logback.core.joran.action.AppenderRefAction - Attaching appender named [STDOUT] to Logger[ROOT]
19:35:03,568 |-INFO in ch.qos.logback.core.joran.action.AppenderRefAction - Attaching appender named [FILE] to Logger[ROOT]
19:35:03,568 |-INFO in ch.qos.logback.classic.joran.action.ConfigurationAction - End of configuration.
19:35:03,569 |-INFO in ch.qos.logback.classic.joran.JoranConfigurator@79698539 - Registering current configuration as safe fallback point

Ama winner
Ama winner
2019-06-10T19:35:04.903+0000: 1.798: [Full GC (Metadata GC Threshold) 2019-06-10T19:35:04.903+0000: 1.798: [Tenured: 0K->15175K(341376K), 0.0407517 secs] 114987K->15175K(494976K), [Metaspace: 20728K->20728K(1067008K)], 0.0408215 secs] [Times: user=0.04 sys=0.00, real=0.04 secs] 
19:35:21.016 [Curator-PathChildrenCache-1] WARN  o.a.c.u.ZKPaths  - The version of ZooKeeper being used doesn't support Container nodes. CreateMode.PERSISTENT will be used instead.
2019-06-10T19:35:23.164+0000: 20.059: [GC (Allocation Failure) 2019-06-10T19:35:23.164+0000: 20.059: [DefNew: 136576K->17024K(153600K), 0.0281625 secs] 151751K->52658K(494976K), 0.0282602 secs] [Times: user=0.01 sys=0.01, real=0.03 secs] 
2019-06-10T19:35:29.085+0000: 25.980: [GC (Allocation Failure) 2019-06-10T19:35:29.085+0000: 25.980: [DefNew: 153600K->286K(153600K), 0.0098115 secs] 189234K->44208K(494976K), 0.0098966 secs] [Times: user=0.01 sys=0.00, real=0.00 secs] 
2019-06-10T19:35:29.793+0000: 26.688: [Full GC (Metadata GC Threshold) 2019-06-10T19:35:29.793+0000: 26.688: [Tenured: 43921K->44192K(341376K), 0.0341392 secs] 64302K->44192K(494976K), [Metaspace: 34572K->34572K(1079296K)], 0.0342238 secs] [Times: user=0.04 sys=0.00, real=0.04 secs] 
2019-06-10T19:35:35.638+0000: 32.534: [GC (Allocation Failure) 2019-06-10T19:35:35.638+0000: 32.534: [DefNew: 136576K->83K(153600K), 0.0016833 secs] 180768K->44275K(494976K), 0.0017426 secs] [Times: user=0.00 sys=0.00, real=0.00 secs] 
2019-06-10T19:35:41.441+0000: 38.336: [GC (Allocation Failure) 2019-06-10T19:35:41.441+0000: 38.336: [DefNew: 136659K->89K(153600K), 0.0015986 secs] 180851K->44281K(494976K), 0.0016595 secs] [Times: user=0.00 sys=0.00, real=0.00 secs] 
2019-06-10T19:35:47.277+0000: 44.172: [GC (Allocation Failure) 2019-06-10T19:35:47.277+0000: 44.172: [DefNew: 136665K->91K(153600K), 0.0016600 secs] 180857K->44283K(494976K), 0.0017266 secs] [Times: user=0.00 sys=0.00, real=0.00 secs] 
2019-06-10T19:35:57.726+0000: 54.622: [GC (Allocation Failure) 2019-06-10T19:35:57.726+0000: 54.622: [DefNew: 136667K->85K(153600K), 0.0017677 secs] 180859K->44278K(494976K), 0.0018396 secs] [Times: user=0.00 sys=0.00, real=0.00 secs] 
19:35:59.796 [Curator-PathChildrenCache-0] ERROR o.a.c.f.r.c.PathChildrenCache  - 
java.lang.IllegalStateException: instance must be started before calling this method
	at org.apache.curator.shaded.com.google.common.base.Preconditions.checkState(Preconditions.java:444)
	at org.apache.curator.framework.imps.CuratorFrameworkImpl.getChildren(CuratorFrameworkImpl.java:456)
	at org.apache.curator.framework.recipes.cache.PathChildrenCache.refresh(PathChildrenCache.java:521)
	at org.apache.curator.framework.recipes.cache.RefreshOperation.invoke(RefreshOperation.java:35)
	at org.apache.curator.framework.recipes.cache.PathChildrenCache$9.run(PathChildrenCache.java:786)
	at java.util.concurrent.Executors$RunnableAdapter.call(Executors.java:511)
	at java.util.concurrent.FutureTask.run(FutureTask.java:266)
	at java.util.concurrent.Executors$RunnableAdapter.call(Executors.java:511)
	at java.util.concurrent.FutureTask.run(FutureTask.java:266)
	at java.util.concurrent.ThreadPoolExecutor.runWorker(ThreadPoolExecutor.java:1149)
	at java.util.concurrent.ThreadPoolExecutor$Worker.run(ThreadPoolExecutor.java:624)
	at java.lang.Thread.run(Thread.java:748)
Heap
 def new generation   total 153600K, used 27942K [0x00000000e0c00000, 0x00000000eb2a0000, 0x00000000eb2a0000)
  eden space 136576K,  20% used [0x00000000e0c00000, 0x00000000e27343e8, 0x00000000e9160000)
  from space 17024K,   0% used [0x00000000e9160000, 0x00000000e91757b8, 0x00000000ea200000)
  to   space 17024K,   0% used [0x00000000ea200000, 0x00000000ea200000, 0x00000000eb2a0000)
 tenured generation   total 341376K, used 44192K [0x00000000eb2a0000, 0x0000000100000000, 0x0000000100000000)
   the space 341376K,  12% used [0x00000000eb2a0000, 0x00000000eddc80c0, 0x00000000eddc8200, 0x0000000100000000)
 Metaspace       used 35640K, capacity 36538K, committed 36864K, reserved 1081344K
  class space    used 4812K, capacity 5009K, committed 5120K, reserved 1048576K
