11:34:51,949 |-INFO in ch.qos.logback.classic.LoggerContext[default] - Could NOT find resource [logback-test.xml]
11:34:51,949 |-INFO in ch.qos.logback.classic.LoggerContext[default] - Could NOT find resource [logback.groovy]
11:34:51,950 |-INFO in ch.qos.logback.classic.LoggerContext[default] - Found resource [logback.xml] at [jar:file:/home/ubuntu/flamestream/lib/flamestream-runtime-1.0-SNAPSHOT.jar!/logback.xml]
11:34:51,950 |-WARN in ch.qos.logback.classic.LoggerContext[default] - Resource [logback.xml] occurs multiple times on the classpath.
11:34:51,950 |-WARN in ch.qos.logback.classic.LoggerContext[default] - Resource [logback.xml] occurs at [jar:file:/home/ubuntu/flamestream/flamestream-runtime-1.0-SNAPSHOT.jar!/logback.xml]
11:34:51,950 |-WARN in ch.qos.logback.classic.LoggerContext[default] - Resource [logback.xml] occurs at [jar:file:/home/ubuntu/flamestream/lib/flamestream-runtime-1.0-SNAPSHOT.jar!/logback.xml]
11:34:51,969 |-INFO in ch.qos.logback.core.joran.spi.ConfigurationWatchList@4678c730 - URL [jar:file:/home/ubuntu/flamestream/lib/flamestream-runtime-1.0-SNAPSHOT.jar!/logback.xml] is not of type file
11:34:52,035 |-INFO in ch.qos.logback.classic.joran.action.ConfigurationAction - debug attribute not set
11:34:52,035 |-INFO in ch.qos.logback.core.joran.action.AppenderAction - About to instantiate appender of type [ch.qos.logback.core.ConsoleAppender]
11:34:52,054 |-INFO in ch.qos.logback.core.joran.action.AppenderAction - Naming appender as [STDOUT]
11:34:52,069 |-INFO in ch.qos.logback.core.joran.action.NestedComplexPropertyIA - Assuming default type [ch.qos.logback.classic.encoder.PatternLayoutEncoder] for [encoder] property
11:34:52,168 |-INFO in ch.qos.logback.core.joran.action.AppenderAction - About to instantiate appender of type [ch.qos.logback.core.rolling.RollingFileAppender]
11:34:52,172 |-INFO in ch.qos.logback.core.joran.action.AppenderAction - Naming appender as [FILE]
11:34:52,209 |-INFO in c.q.l.core.rolling.TimeBasedRollingPolicy@1734853116 - No compression will be used
11:34:52,215 |-INFO in c.q.l.core.rolling.TimeBasedRollingPolicy@1734853116 - Will use the pattern /tmp/application_%d{yyyy-MM-dd}.%i.log for the active file
11:34:52,218 |-INFO in ch.qos.logback.core.rolling.SizeAndTimeBasedFNATP@29ee9faa - The date pattern is 'yyyy-MM-dd' from file name pattern '/tmp/application_%d{yyyy-MM-dd}.%i.log'.
11:34:52,218 |-INFO in ch.qos.logback.core.rolling.SizeAndTimeBasedFNATP@29ee9faa - Roll-over at midnight.
11:34:52,228 |-INFO in ch.qos.logback.core.rolling.SizeAndTimeBasedFNATP@29ee9faa - Setting initial period to Thu Oct 10 11:34:27 UTC 2019
11:34:52,228 |-WARN in ch.qos.logback.core.rolling.SizeAndTimeBasedFNATP@29ee9faa - SizeAndTimeBasedFNATP is deprecated. Use SizeAndTimeBasedRollingPolicy instead
11:34:52,228 |-WARN in ch.qos.logback.core.rolling.SizeAndTimeBasedFNATP@29ee9faa - For more information see http://logback.qos.ch/manual/appenders.html#SizeAndTimeBasedRollingPolicy
11:34:52,234 |-INFO in ch.qos.logback.core.joran.action.NestedComplexPropertyIA - Assuming default type [ch.qos.logback.classic.encoder.PatternLayoutEncoder] for [encoder] property
11:34:52,241 |-INFO in ch.qos.logback.core.rolling.RollingFileAppender[FILE] - Active log file name: /tmp/application.log
11:34:52,241 |-INFO in ch.qos.logback.core.rolling.RollingFileAppender[FILE] - File property is set to [/tmp/application.log]
11:34:52,242 |-INFO in ch.qos.logback.classic.joran.action.RootLoggerAction - Setting level of ROOT logger to INFO
11:34:52,242 |-INFO in ch.qos.logback.core.joran.action.AppenderRefAction - Attaching appender named [STDOUT] to Logger[ROOT]
11:34:52,243 |-INFO in ch.qos.logback.core.joran.action.AppenderRefAction - Attaching appender named [FILE] to Logger[ROOT]
11:34:52,243 |-INFO in ch.qos.logback.classic.joran.action.ConfigurationAction - End of configuration.
11:34:52,243 |-INFO in ch.qos.logback.classic.joran.JoranConfigurator@c038203 - Registering current configuration as safe fallback point

11:34:52.251 [main] INFO  c.s.f.r.WorkerApplication  - Starting worker with workerConfig 'WorkerConfig{id='flamestream-benchmarks-worker-9', localAddress=flamestream-benchmarks-worker-9/10.0.0.6:5412, zkString='flamestream-benchmarks-manager:12181', snapshotPath='/home/ubuntu/flamestream/data', guarantees=AT_MOST_ONCE}'
11:34:53.676 [worker-akka.actor.default-dispatcher-6] INFO  a.e.s.Slf4jLogger  - Slf4jLogger started
2019-10-10T11:34:53.818+0000: 2.203: [Full GC (Metadata GC Threshold) 2019-10-10T11:34:53.818+0000: 2.203: [Tenured: 0K->13625K(1024000K), 0.0491560 secs] 139464K->13625K(1484800K), [Metaspace: 20210K->20210K(1067008K)], 0.0492435 secs] [Times: user=0.05 sys=0.01, real=0.05 secs] 
11:34:53.968 [worker-akka.actor.default-dispatcher-6] WARN  a.r.RemoteActorRefProvider akka.remote.RemoteActorRefProvider - Using the 'remote' ActorRefProvider directly, which is a low-level layer. For most use cases, the 'cluster' abstraction on top of remoting is more suitable instead.
11:34:53.973 [worker-akka.actor.default-dispatcher-6] WARN  a.r.RemoteActorRefProvider akka.remote.RemoteActorRefProvider - Akka Cluster not in use - Using Akka Cluster is recommended if you need remote watch and deploy.
11:34:54.095 [worker-akka.actor.default-dispatcher-6] INFO  a.r.a.a.ArteryAeronUdpTransport(akka://worker) akka.remote.artery.aeron.ArteryAeronUdpTransport(akka://worker) - Started embedded media driver in directory [/dev/shm/aeron-flamestream-benchmarks-worker-9]
11:34:54.131 [worker-akka.actor.default-dispatcher-6] WARN  a.r.a.a.ArteryAeronUdpTransport(akka://worker) akka.remote.artery.aeron.ArteryAeronUdpTransport(akka://worker) - Aeron CnC version mismatch: compiled version = 15, file version = 16
11:34:54.403 [worker-akka.actor.default-dispatcher-6] INFO  a.r.a.a.ArteryAeronUdpTransport(akka://worker) akka.remote.artery.aeron.ArteryAeronUdpTransport(akka://worker) - Remoting started with transport [Artery aeron-udp]; listening on address [akka://worker@flamestream-benchmarks-worker-9:5412] and bound to [akka://worker@0.0.0.0:5412] with UID [558060612131952260]
11:34:54.889 [worker-akka.actor.default-dispatcher-6] WARN  a.s.Serialization(akka://worker) akka.serialization.Serialization(akka://worker) - Using serializer [com.romix.akka.serialization.kryo.KryoSerializer] for message [akka.actor.ActorSelectionMessage]. Note that this serializer is not implemented by Akka. It's not recommended to replace serializers for messages provided by Akka.
11:34:54.890 [worker-akka.actor.default-dispatcher-6] WARN  a.s.Serialization(akka://worker) akka.serialization.Serialization(akka://worker) - Using serializer [com.romix.akka.serialization.kryo.KryoSerializer] for message [akka.actor.ActorIdentity]. Note that this serializer is not implemented by Akka. It's not recommended to replace serializers for messages provided by Akka.
11:34:54.945 [worker-akka.actor.default-dispatcher-9] INFO  a.a.RepointableActorRef akka://worker/user/watcher - Starting...
11:34:55.072 [worker-akka.actor.default-dispatcher-6] INFO  o.a.c.u.Compatibility  - Running in ZooKeeper 3.4.x compatibility mode
11:34:55.102 [worker-akka.actor.default-dispatcher-6] INFO  o.a.c.f.i.CuratorFrameworkImpl  - Starting
11:34:55.112 [worker-akka.actor.default-dispatcher-6] INFO  o.a.z.ZooKeeper  - Client environment:zookeeper.version=3.4.14-4c25d480e66aadd371de8bd2fd8da255ac140bcf, built on 03/06/2019 16:18 GMT
11:34:55.113 [worker-akka.actor.default-dispatcher-6] INFO  o.a.z.ZooKeeper  - Client environment:host.name=flamestream-benchmarks-worker-9
11:34:55.113 [worker-akka.actor.default-dispatcher-6] INFO  o.a.z.ZooKeeper  - Client environment:java.version=1.8.0_222
11:34:55.113 [worker-akka.actor.default-dispatcher-6] INFO  o.a.z.ZooKeeper  - Client environment:java.vendor=Private Build
11:34:55.115 [worker-akka.actor.default-dispatcher-6] INFO  o.a.z.ZooKeeper  - Client environment:java.home=/usr/lib/jvm/java-8-openjdk-amd64/jre
11:34:55.115 [worker-akka.actor.default-dispatcher-6] INFO  o.a.z.ZooKeeper  - Client environment:java.class.path=lib/curator-framework-4.0.1.jar:lib/commons-csv-1.4.jar:lib/aeron-client-1.21.2.jar:lib/scala-library-2.12.9.jar:lib/asm-5.0.4.jar:lib/agrona-1.0.1.jar:lib/curator-recipes-4.0.1.jar:lib/akka-testkit_2.12-2.6.0-M6.jar:lib/flamestream-runtime-1.0-SNAPSHOT.jar:lib/slf4j-simple-2.0.0-alpha1.jar:lib/jsr305-3.0.2.jar:lib/trove4j-3.0.3.jar:lib/flamestream-core-1.0-SNAPSHOT.jar:lib/commons-io-2.4.jar:lib/minlog-1.3.0.jar:lib/kryonet-2.21.jar:lib/commons-1.4.9.jar:lib/jline-0.9.94.jar:lib/akka-remote_2.12-2.6.0-M6.jar:lib/leveldbjni-all-1.8.jar:lib/lz4-1.3.0.jar:lib/slf4j-api-1.7.24.jar:lib/scala-parser-combinators_2.12-1.1.2.jar:lib/flamestream-core-1.0-SNAPSHOT-tests.jar:lib/logback-core-1.2.3.jar:lib/netty-3.10.6.Final.jar:lib/protobuf-java-3.9.0.jar:lib/minlog-1.2.jar:lib/leveldb-api-0.7.jar:lib/jool-0.9.12.jar:lib/commons-cli-1.4.jar:lib/jblas-1.2.4.jar:lib/reflectasm-1.11.3.jar:lib/reflectasm-1.07-shaded.jar:lib/audience-annotations-0.5.0.jar:lib/jackson-annotations-2.9.6.jar:lib/commons-lang-2.6.jar:lib/ssl-config-core_2.12-0.3.8.jar:lib/annotations-13.0.jar:lib/logback-classic-1.2.3.jar:lib/guava-21.0.jar:lib/reactive-streams-1.0.2.jar:lib/spotbugs-annotations-3.1.9.jar:lib/leveldb-0.7.jar:lib/commons-pool2-2.4.2.jar:lib/rocksdbjni-5.5.1.jar:lib/jackson-core-2.9.9.jar:lib/jackson-databind-2.9.9.2.jar:lib/akka-protobuf-v3_2.12-2.6.0-M6.jar:lib/jackson-annotations-2.9.0.jar:lib/flamestream-examples-1.0-SNAPSHOT.jar:lib/objenesis-2.1.jar:lib/akka-kryo-serialization_2.12-0.5.2.jar:lib/scala-java8-compat_2.12-0.8.0.jar:lib/zookeeper-3.4.14.jar:lib/akka-slf4j_2.12-2.6.0-M6.jar:lib/kryo-4.0.0.jar:lib/akka-stream_2.12-2.6.0-M6.jar:lib/aeron-driver-1.21.2.jar:lib/config-1.3.1.jar:lib/annotations-12.0.jar:lib/jedis-2.9.0.jar:lib/jcommander-1.48.jar:lib/testng-6.10.jar:lib/akka-actor_2.12-2.6.0-M6.jar:lib/curator-client-4.0.1.jar:flamestream-runtime-1.0-SNAPSHOT.jar
11:34:55.115 [worker-akka.actor.default-dispatcher-6] INFO  o.a.z.ZooKeeper  - Client environment:java.library.path=/usr/java/packages/lib/amd64:/usr/lib/x86_64-linux-gnu/jni:/lib/x86_64-linux-gnu:/usr/lib/x86_64-linux-gnu:/usr/lib/jni:/lib:/usr/lib
11:34:55.115 [worker-akka.actor.default-dispatcher-6] INFO  o.a.z.ZooKeeper  - Client environment:java.io.tmpdir=/tmp
11:34:55.116 [worker-akka.actor.default-dispatcher-6] INFO  o.a.z.ZooKeeper  - Client environment:java.compiler=<NA>
11:34:55.117 [worker-akka.actor.default-dispatcher-6] INFO  o.a.z.ZooKeeper  - Client environment:os.name=Linux
11:34:55.117 [worker-akka.actor.default-dispatcher-6] INFO  o.a.z.ZooKeeper  - Client environment:os.arch=amd64
11:34:55.117 [worker-akka.actor.default-dispatcher-6] INFO  o.a.z.ZooKeeper  - Client environment:os.version=4.15.0-1040-gcp
11:34:55.117 [worker-akka.actor.default-dispatcher-6] INFO  o.a.z.ZooKeeper  - Client environment:user.name=ubuntu
11:34:55.117 [worker-akka.actor.default-dispatcher-6] INFO  o.a.z.ZooKeeper  - Client environment:user.home=/home/ubuntu
11:34:55.118 [worker-akka.actor.default-dispatcher-6] INFO  o.a.z.ZooKeeper  - Client environment:user.dir=/home/ubuntu/flamestream
11:34:55.122 [worker-akka.actor.default-dispatcher-6] INFO  o.a.z.ZooKeeper  - Initiating client connection, connectString=flamestream-benchmarks-manager:12181 sessionTimeout=60000 watcher=org.apache.curator.ConnectionState@3c5e82fa
11:34:55.153 [worker-akka.actor.default-dispatcher-6-SendThread(flamestream-benchmarks-manager:12181)] INFO  o.a.z.ClientCnxn  - Opening socket connection to server flamestream-benchmarks-manager/10.0.0.21:12181. Will not attempt to authenticate using SASL (unknown error)
11:34:55.156 [worker-akka.actor.default-dispatcher-6] INFO  o.a.c.f.i.CuratorFrameworkImpl  - Default schema
11:34:55.158 [worker-akka.actor.default-dispatcher-6-SendThread(flamestream-benchmarks-manager:12181)] INFO  o.a.z.ClientCnxn  - Socket connection established to flamestream-benchmarks-manager/10.0.0.21:12181, initiating session
11:34:55.168 [worker-akka.actor.default-dispatcher-6-SendThread(flamestream-benchmarks-manager:12181)] INFO  o.a.z.ClientCnxn  - Session establishment complete on server flamestream-benchmarks-manager/10.0.0.21:12181, sessionid = 0x100002c53420006, negotiated timeout = 60000
11:34:55.174 [worker-akka.actor.default-dispatcher-6-EventThread] INFO  o.a.c.f.s.ConnectionStateManager  - State change: CONNECTED
11:34:55.179 [worker-akka.actor.default-dispatcher-9] INFO  a.a.RepointableActorRef akka://worker/user/watcher - Initializing rocksDB backend
2019-10-10T11:34:56.014+0000: 4.399: [Full GC (Metadata GC Threshold) 2019-10-10T11:34:56.014+0000: 4.399: [Tenured: 13625K->25942K(1024000K), 0.0760700 secs] 161115K->25942K(1484800K), [Metaspace: 33706K->33706K(1079296K)], 0.0761682 secs] [Times: user=0.07 sys=0.00, real=0.08 secs] 
11:34:56.179 [worker-akka.actor.default-dispatcher-6] INFO  a.a.LocalActorRef akka://worker/user/watcher/processing-watcher - Starting...
11:35:02.193 [Curator-PathChildrenCache-1] WARN  o.a.c.u.ZKPaths  - The version of ZooKeeper being used doesn't support Container nodes. CreateMode.PERSISTENT will be used instead.
11:35:02.330 [worker-akka.actor.default-dispatcher-6] INFO  a.a.LocalActorRef akka://worker/user/watcher/processing-watcher/$a - Starting...
11:35:02.370 [worker-akka.actor.default-dispatcher-10] INFO  a.a.LocalActorRef akka://worker/user/watcher/processing-watcher/$a - Stopped
11:35:04.046 [worker-akka.actor.default-dispatcher-10] INFO  a.a.LocalActorRef akka://worker/user/watcher/processing-watcher/graph/graph - Starting...
11:35:06.250 [worker-akka.actor.default-dispatcher-9] INFO  a.a.LocalActorRef akka://worker/user/watcher/processing-watcher/graph/graph - Finishing constructor
11:35:06.253 [worker-akka.actor.default-dispatcher-10] INFO  a.a.LocalActorRef akka://worker/user/watcher/processing-watcher/graph/negotiator - Starting...
11:35:06.257 [worker-akka.actor.default-dispatcher-10] INFO  a.a.LocalActorRef akka://worker/user/watcher/processing-watcher/graph/edge - Starting...
11:35:06.260 [worker-akka.actor.default-dispatcher-9] INFO  a.a.LocalActorRef akka://worker/user/watcher/processing-watcher/graph - Starting FlameNode with config 'ClusterConfig{paths={flamestream-benchmarks-worker-1=akka://worker@flamestream-benchmarks-worker-1:5412/user/watcher/processing-watcher/graph, flamestream-benchmarks-worker-0=akka://worker@flamestream-benchmarks-worker-0:5412/user/watcher/processing-watcher/graph, flamestream-benchmarks-worker-9=akka://worker@flamestream-benchmarks-worker-9:5412/user/watcher/processing-watcher/graph, flamestream-benchmarks-worker-8=akka://worker@flamestream-benchmarks-worker-8:5412/user/watcher/processing-watcher/graph, flamestream-benchmarks-worker-7=akka://worker@flamestream-benchmarks-worker-7:5412/user/watcher/processing-watcher/graph, flamestream-benchmarks-worker-6=akka://worker@flamestream-benchmarks-worker-6:5412/user/watcher/processing-watcher/graph, flamestream-benchmarks-worker-5=akka://worker@flamestream-benchmarks-worker-5:5412/user/watcher/processing-watcher/graph, flamestream-benchmarks-worker-4=akka://worker@flamestream-benchmarks-worker-4:5412/user/watcher/processing-watcher/graph, flamestream-benchmarks-worker-3=akka://worker@flamestream-benchmarks-worker-3:5412/user/watcher/processing-watcher/graph, flamestream-benchmarks-worker-2=akka://worker@flamestream-benchmarks-worker-2:5412/user/watcher/processing-watcher/graph, flamestream-benchmarks-worker-14=akka://worker@flamestream-benchmarks-worker-14:5412/user/watcher/processing-watcher/graph, flamestream-benchmarks-worker-13=akka://worker@flamestream-benchmarks-worker-13:5412/user/watcher/processing-watcher/graph, flamestream-benchmarks-worker-12=akka://worker@flamestream-benchmarks-worker-12:5412/user/watcher/processing-watcher/graph, flamestream-benchmarks-worker-11=akka://worker@flamestream-benchmarks-worker-11:5412/user/watcher/processing-watcher/graph, flamestream-benchmarks-worker-10=akka://worker@flamestream-benchmarks-worker-10:5412/user/watcher/processing-watcher/graph}}'
11:35:06.303 [worker-akka.actor.default-dispatcher-6] INFO  a.a.LocalActorRef akka://worker/user/watcher/processing-watcher/graph/negotiator - Requesting ticket for the frontClass FlameSocketGraphDeployerFront@flamestream-benchmarks-worker-9
11:35:06.323 [worker-akka.actor.default-dispatcher-13] INFO  a.a.LocalActorRef akka://worker/user/watcher/processing-watcher/graph/graph - Received last commit 'LastCommit{globalTime=(0000000, min@min)}'
11:35:06.358 [worker-akka.actor.default-dispatcher-10] INFO  c.s.f.r.e.s.SocketRear  - FlameSocketGraphDeployerRear@flamestream-benchmarks-worker-9: connecting to flamestream-benchmarks-manager:5678
11:35:06.372 [worker-akka.actor.default-dispatcher-13] INFO  a.a.LocalActorRef akka://worker/user/watcher/processing-watcher/graph/edge/FlameSocketGraphDeployerFront - Starting...
11:35:06.382 [worker-akka.actor.default-dispatcher-9] INFO  a.a.LocalActorRef akka://worker/user/watcher/processing-watcher/graph/negotiator - Ticket for the frontClass received: FrontTicket{allowedTimestamp=(0000000, FlameSocketGraphDeployerFront@flamestream-benchmarks-worker-9)}
11:35:06.382 [worker-akka.actor.default-dispatcher-10] INFO  c.s.f.r.e.s.SocketRear  - FlameSocketGraphDeployerRear@flamestream-benchmarks-worker-9: connected to flamestream-benchmarks-manager:5678
11:35:06.383 [worker-akka.actor.default-dispatcher-10] INFO  a.a.LocalActorRef akka://worker/user/watcher/processing-watcher/graph/edge/FlameSocketGraphDeployerRear - Starting...
11:35:06.384 [worker-akka.actor.default-dispatcher-9] INFO  c.s.f.r.e.s.SocketFront  - FlameSocketGraphDeployerFront@flamestream-benchmarks-worker-9: connecting to flamestream-benchmarks-manager:4567
11:35:06.627 [worker-akka.actor.default-dispatcher-9] INFO  a.a.LocalActorRef akka://worker/user/watcher/processing-watcher/graph/graph/$a - Starting...
11:35:06.630 [worker-akka.actor.default-dispatcher-9] INFO  a.a.LocalActorRef akka://worker/user/watcher/processing-watcher/graph/graph/$b - Starting...
11:35:06.634 [worker-akka.actor.default-dispatcher-9] INFO  a.a.LocalActorRef akka://worker/user/watcher/processing-watcher/graph/graph/$c - Starting...
11:35:06.636 [worker-akka.actor.default-dispatcher-9] INFO  a.a.LocalActorRef akka://worker/user/watcher/processing-watcher/graph/graph/$d - Starting...
11:35:06.638 [worker-akka.actor.default-dispatcher-9] INFO  a.a.LocalActorRef akka://worker/user/watcher/processing-watcher/graph/graph/$e - Starting...
11:35:06.641 [worker-akka.actor.default-dispatcher-9] INFO  a.a.LocalActorRef akka://worker/user/watcher/processing-watcher/graph/graph/$f - Starting...
11:35:06.643 [worker-akka.actor.default-dispatcher-9] INFO  a.a.LocalActorRef akka://worker/user/watcher/processing-watcher/graph/graph/$g - Starting...
11:35:06.647 [worker-akka.actor.default-dispatcher-9] INFO  a.a.LocalActorRef akka://worker/user/watcher/processing-watcher/graph/graph/$h - Starting...
11:35:06.648 [worker-akka.actor.default-dispatcher-9] INFO  a.a.LocalActorRef akka://worker/user/watcher/processing-watcher/graph/graph/$i - Starting...
11:35:06.652 [worker-akka.actor.default-dispatcher-9] INFO  a.a.LocalActorRef akka://worker/user/watcher/processing-watcher/graph/graph/$j - Starting...
11:35:06.661 [worker-akka.actor.default-dispatcher-9] INFO  a.a.LocalActorRef akka://worker/user/watcher/processing-watcher/graph/graph/$k - Starting...
11:35:06.685 [worker-akka.actor.default-dispatcher-9] INFO  a.a.LocalActorRef akka://worker/user/watcher/processing-watcher/graph/graph/$l - Starting...
11:35:06.687 [worker-akka.actor.default-dispatcher-9] INFO  a.a.LocalActorRef akka://worker/user/watcher/processing-watcher/graph/graph/$m - Starting...
11:35:06.689 [worker-akka.actor.default-dispatcher-9] INFO  a.a.LocalActorRef akka://worker/user/watcher/processing-watcher/graph/graph/$n - Starting...
11:35:06.692 [worker-akka.actor.default-dispatcher-9] INFO  a.a.LocalActorRef akka://worker/user/watcher/processing-watcher/graph/graph/$o - Starting...
11:35:06.699 [worker-akka.actor.default-dispatcher-9] INFO  a.a.LocalActorRef akka://worker/user/watcher/processing-watcher/graph/graph/$k - Attached rear to graph (-9223372036854775808, min@min)
11:35:06.701 [worker-akka.actor.default-dispatcher-9] INFO  a.a.LocalActorRef akka://worker/user/watcher/processing-watcher/graph/graph/$p - Starting...
11:35:06.703 [worker-akka.actor.default-dispatcher-9] INFO  a.a.LocalActorRef akka://worker/user/watcher/processing-watcher/graph/graph/$q - Starting...
11:35:06.705 [worker-akka.actor.default-dispatcher-9] INFO  a.a.LocalActorRef akka://worker/user/watcher/processing-watcher/graph/graph/$r - Starting...
11:35:06.706 [worker-akka.actor.default-dispatcher-9] INFO  a.a.LocalActorRef akka://worker/user/watcher/processing-watcher/graph/graph/$s - Starting...
11:35:06.707 [worker-akka.actor.default-dispatcher-9] INFO  a.a.LocalActorRef akka://worker/user/watcher/processing-watcher/graph/graph/$t - Starting...
11:35:06.707 [worker-akka.actor.default-dispatcher-9] INFO  a.a.LocalActorRef akka://worker/user/watcher/processing-watcher/graph/graph/$u - Starting...
11:35:06.708 [worker-akka.actor.default-dispatcher-9] INFO  a.a.LocalActorRef akka://worker/user/watcher/processing-watcher/graph/graph/$v - Starting...
11:35:06.710 [worker-akka.actor.default-dispatcher-9] INFO  a.a.LocalActorRef akka://worker/user/watcher/processing-watcher/graph/graph/$w - Starting...
11:35:06.711 [worker-akka.actor.default-dispatcher-9] INFO  a.a.LocalActorRef akka://worker/user/watcher/processing-watcher/graph/graph/$x - Starting...
11:35:06.711 [worker-akka.actor.default-dispatcher-9] INFO  a.a.LocalActorRef akka://worker/user/watcher/processing-watcher/graph/graph/$y - Starting...
11:35:06.712 [worker-akka.actor.default-dispatcher-9] INFO  a.a.LocalActorRef akka://worker/user/watcher/processing-watcher/graph/graph/$z - Starting...
11:35:06.713 [worker-akka.actor.default-dispatcher-9] INFO  a.a.LocalActorRef akka://worker/user/watcher/processing-watcher/graph/graph/$A - Starting...
11:35:06.714 [worker-akka.actor.default-dispatcher-9] INFO  a.a.LocalActorRef akka://worker/user/watcher/processing-watcher/graph/graph/$B - Starting...
11:35:06.715 [worker-akka.actor.default-dispatcher-9] INFO  a.a.LocalActorRef akka://worker/user/watcher/processing-watcher/graph/graph/$C - Starting...
11:35:06.716 [worker-akka.actor.default-dispatcher-9] INFO  a.a.LocalActorRef akka://worker/user/watcher/processing-watcher/graph/graph/$D - Starting...
11:35:06.717 [worker-akka.actor.default-dispatcher-9] INFO  a.a.LocalActorRef akka://worker/user/watcher/processing-watcher/graph/graph/$E - Starting...
11:35:06.719 [worker-akka.actor.default-dispatcher-9] INFO  a.a.LocalActorRef akka://worker/user/watcher/processing-watcher/graph/graph/$F - Starting...
11:35:06.720 [worker-akka.actor.default-dispatcher-9] INFO  a.a.LocalActorRef akka://worker/user/watcher/processing-watcher/graph/graph/$G - Starting...
11:35:06.721 [worker-akka.actor.default-dispatcher-9] INFO  a.a.LocalActorRef akka://worker/user/watcher/processing-watcher/graph/graph/$H - Starting...
11:35:06.722 [worker-akka.actor.default-dispatcher-9] INFO  a.a.LocalActorRef akka://worker/user/watcher/processing-watcher/graph/graph/$I - Starting...
11:35:06.724 [worker-akka.actor.default-dispatcher-10] INFO  a.a.LocalActorRef akka://worker/user/watcher/processing-watcher/graph/graph/$J - Starting...
11:35:06.725 [worker-akka.actor.default-dispatcher-10] INFO  a.a.LocalActorRef akka://worker/user/watcher/processing-watcher/graph/graph/$L - Starting...
11:35:06.725 [worker-akka.actor.default-dispatcher-10] INFO  a.a.LocalActorRef akka://worker/user/watcher/processing-watcher/graph/graph/$K - Starting...
11:35:06.725 [worker-akka.actor.default-dispatcher-10] INFO  a.a.LocalActorRef akka://worker/user/watcher/processing-watcher/graph/graph/$M - Starting...
11:35:06.725 [worker-akka.actor.default-dispatcher-10] INFO  a.a.LocalActorRef akka://worker/user/watcher/processing-watcher/graph/graph/$N - Starting...
11:35:06.725 [worker-akka.actor.default-dispatcher-10] INFO  a.a.LocalActorRef akka://worker/user/watcher/processing-watcher/graph/graph/$O - Starting...
11:35:06.725 [worker-akka.actor.default-dispatcher-10] INFO  a.a.LocalActorRef akka://worker/user/watcher/processing-watcher/graph/graph/$P - Starting...
11:35:06.726 [worker-akka.actor.default-dispatcher-9] INFO  a.a.LocalActorRef akka://worker/user/watcher/processing-watcher/graph/graph/$R - Starting...
11:35:06.727 [worker-akka.actor.default-dispatcher-9] INFO  a.a.LocalActorRef akka://worker/user/watcher/processing-watcher/graph/graph/$Q - Starting...
11:35:06.728 [worker-akka.actor.default-dispatcher-9] INFO  a.a.LocalActorRef akka://worker/user/watcher/processing-watcher/graph/graph/$T - Starting...
11:35:06.731 [worker-akka.actor.default-dispatcher-9] INFO  a.a.LocalActorRef akka://worker/user/watcher/processing-watcher/graph/graph/$S - Starting...
11:35:06.732 [worker-akka.actor.default-dispatcher-9] INFO  a.a.LocalActorRef akka://worker/user/watcher/processing-watcher/graph/graph/$U - Starting...
11:35:06.733 [worker-akka.actor.default-dispatcher-9] INFO  a.a.LocalActorRef akka://worker/user/watcher/processing-watcher/graph/graph/$V - Starting...
11:35:06.735 [worker-akka.actor.default-dispatcher-13] INFO  a.a.LocalActorRef akka://worker/user/watcher/processing-watcher/graph/graph/$W - Starting...
11:35:06.735 [worker-akka.actor.default-dispatcher-13] INFO  a.a.LocalActorRef akka://worker/user/watcher/processing-watcher/graph/graph/$X - Starting...
11:35:06.735 [worker-akka.actor.default-dispatcher-13] INFO  a.a.LocalActorRef akka://worker/user/watcher/processing-watcher/graph/graph/$Y - Starting...
11:35:06.736 [worker-akka.actor.default-dispatcher-13] INFO  a.a.LocalActorRef akka://worker/user/watcher/processing-watcher/graph/graph/$Z - Starting...
11:35:06.736 [worker-akka.actor.default-dispatcher-13] INFO  a.a.LocalActorRef akka://worker/user/watcher/processing-watcher/graph/graph/$0 - Starting...
11:35:06.736 [worker-akka.actor.default-dispatcher-13] INFO  a.a.LocalActorRef akka://worker/user/watcher/processing-watcher/graph/graph/$1 - Starting...
11:35:06.737 [worker-akka.actor.default-dispatcher-9] INFO  a.a.LocalActorRef akka://worker/user/watcher/processing-watcher/graph/graph/$3 - Starting...
11:35:06.737 [worker-akka.actor.default-dispatcher-9] INFO  a.a.LocalActorRef akka://worker/user/watcher/processing-watcher/graph/graph/$2 - Starting...
11:35:06.738 [worker-akka.actor.default-dispatcher-9] INFO  a.a.LocalActorRef akka://worker/user/watcher/processing-watcher/graph/graph/$5 - Starting...
11:35:06.739 [worker-akka.actor.default-dispatcher-9] INFO  a.a.LocalActorRef akka://worker/user/watcher/processing-watcher/graph/graph/$4 - Starting...
11:35:06.740 [worker-akka.actor.default-dispatcher-9] INFO  a.a.LocalActorRef akka://worker/user/watcher/processing-watcher/graph/graph/$6 - Starting...
11:35:06.741 [worker-akka.actor.default-dispatcher-9] INFO  a.a.LocalActorRef akka://worker/user/watcher/processing-watcher/graph/graph/$7 - Starting...
11:35:06.743 [worker-akka.actor.default-dispatcher-9] INFO  a.a.LocalActorRef akka://worker/user/watcher/processing-watcher/graph/graph/$9 - Starting...
11:35:06.745 [worker-akka.actor.default-dispatcher-10] INFO  a.a.LocalActorRef akka://worker/user/watcher/processing-watcher/graph/graph/$8 - Starting...
11:35:06.745 [worker-akka.actor.default-dispatcher-10] INFO  a.a.LocalActorRef akka://worker/user/watcher/processing-watcher/graph/graph/$~ - Starting...
11:35:06.745 [worker-akka.actor.default-dispatcher-10] INFO  a.a.LocalActorRef akka://worker/user/watcher/processing-watcher/graph/graph/$+ - Starting...
11:35:06.745 [worker-akka.actor.default-dispatcher-9] INFO  a.a.LocalActorRef akka://worker/user/watcher/processing-watcher/graph/graph/$ab - Starting...
11:35:06.746 [worker-akka.actor.default-dispatcher-9] INFO  a.a.LocalActorRef akka://worker/user/watcher/processing-watcher/graph/graph/$bb - Starting...
11:35:06.747 [worker-akka.actor.default-dispatcher-9] INFO  a.a.LocalActorRef akka://worker/user/watcher/processing-watcher/graph/graph/$cb - Starting...
11:35:06.749 [worker-akka.actor.default-dispatcher-9] INFO  a.a.LocalActorRef akka://worker/user/watcher/processing-watcher/graph/graph/$eb - Starting...
11:35:06.750 [worker-akka.actor.default-dispatcher-9] INFO  a.a.LocalActorRef akka://worker/user/watcher/processing-watcher/graph/graph/$db - Starting...
11:35:06.751 [worker-akka.actor.default-dispatcher-9] INFO  a.a.LocalActorRef akka://worker/user/watcher/processing-watcher/graph/graph/$gb - Starting...
11:35:06.753 [worker-akka.actor.default-dispatcher-10] INFO  a.a.LocalActorRef akka://worker/user/watcher/processing-watcher/graph/graph/$fb - Starting...
11:35:06.753 [worker-akka.actor.default-dispatcher-10] INFO  a.a.LocalActorRef akka://worker/user/watcher/processing-watcher/graph/graph/$hb - Starting...
11:35:06.753 [worker-akka.actor.default-dispatcher-10] INFO  a.a.LocalActorRef akka://worker/user/watcher/processing-watcher/graph/graph/$ib - Starting...
11:35:06.753 [worker-akka.actor.default-dispatcher-10] INFO  a.a.LocalActorRef akka://worker/user/watcher/processing-watcher/graph/graph/$kb - Starting...
11:35:06.754 [worker-akka.actor.default-dispatcher-9] INFO  a.a.LocalActorRef akka://worker/user/watcher/processing-watcher/graph/graph/$jb - Starting...
11:35:06.755 [worker-akka.actor.default-dispatcher-9] INFO  a.a.LocalActorRef akka://worker/user/watcher/processing-watcher/graph/graph/$lb - Starting...
11:35:06.757 [worker-akka.actor.default-dispatcher-9] INFO  a.a.LocalActorRef akka://worker/user/watcher/processing-watcher/graph/graph/$mb - Starting...
11:35:06.758 [worker-akka.actor.default-dispatcher-9] INFO  a.a.LocalActorRef akka://worker/user/watcher/processing-watcher/graph/graph/$nb - Starting...
11:35:06.759 [worker-akka.actor.default-dispatcher-9] INFO  a.a.LocalActorRef akka://worker/user/watcher/processing-watcher/graph/graph/$ob - Starting...
11:35:06.760 [worker-akka.actor.default-dispatcher-9] INFO  a.a.LocalActorRef akka://worker/user/watcher/processing-watcher/graph/graph/$pb - Starting...
11:35:06.763 [worker-akka.actor.default-dispatcher-10] INFO  a.a.LocalActorRef akka://worker/user/watcher/processing-watcher/graph/graph/$rb - Starting...
11:35:06.763 [worker-akka.actor.default-dispatcher-10] INFO  a.a.LocalActorRef akka://worker/user/watcher/processing-watcher/graph/graph/$qb - Starting...
11:35:06.763 [worker-akka.actor.default-dispatcher-10] INFO  a.a.LocalActorRef akka://worker/user/watcher/processing-watcher/graph/graph/$sb - Starting...
11:35:06.763 [worker-akka.actor.default-dispatcher-10] INFO  a.a.LocalActorRef akka://worker/user/watcher/processing-watcher/graph/graph/$ub - Starting...
11:35:06.763 [worker-akka.actor.default-dispatcher-10] INFO  a.a.LocalActorRef akka://worker/user/watcher/processing-watcher/graph/graph/$vb - Starting...
11:35:06.764 [worker-akka.actor.default-dispatcher-9] INFO  a.a.LocalActorRef akka://worker/user/watcher/processing-watcher/graph/graph/$tb - Starting...
11:35:06.765 [worker-akka.actor.default-dispatcher-9] INFO  a.a.LocalActorRef akka://worker/user/watcher/processing-watcher/graph/graph/$wb - Starting...
11:35:06.766 [worker-akka.actor.default-dispatcher-9] INFO  a.a.LocalActorRef akka://worker/user/watcher/processing-watcher/graph/graph/$xb - Starting...
11:35:06.767 [worker-akka.actor.default-dispatcher-9] INFO  a.a.LocalActorRef akka://worker/user/watcher/processing-watcher/graph/graph/$yb - Starting...
11:35:06.768 [worker-akka.actor.default-dispatcher-9] INFO  a.a.LocalActorRef akka://worker/user/watcher/processing-watcher/graph/graph/$zb - Starting...
11:35:06.770 [worker-akka.actor.default-dispatcher-9] INFO  a.a.LocalActorRef akka://worker/user/watcher/processing-watcher/graph/graph/$Bb - Starting...
11:35:06.771 [worker-akka.actor.default-dispatcher-9] INFO  a.a.LocalActorRef akka://worker/user/watcher/processing-watcher/graph/graph/$Ab - Starting...
11:35:06.773 [worker-akka.actor.default-dispatcher-9] INFO  a.a.LocalActorRef akka://worker/user/watcher/processing-watcher/graph/graph/$Cb - Starting...
11:35:06.775 [worker-akka.actor.default-dispatcher-10] INFO  a.a.LocalActorRef akka://worker/user/watcher/processing-watcher/graph/graph/$Db - Starting...
11:35:06.775 [worker-akka.actor.default-dispatcher-10] INFO  a.a.LocalActorRef akka://worker/user/watcher/processing-watcher/graph/graph/$Fb - Starting...
11:35:06.775 [worker-akka.actor.default-dispatcher-10] INFO  a.a.LocalActorRef akka://worker/user/watcher/processing-watcher/graph/graph/$Gb - Starting...
11:35:06.775 [worker-akka.actor.default-dispatcher-10] INFO  a.a.LocalActorRef akka://worker/user/watcher/processing-watcher/graph/graph/$Eb - Starting...
11:35:06.775 [worker-akka.actor.default-dispatcher-10] INFO  a.a.LocalActorRef akka://worker/user/watcher/processing-watcher/graph/graph/$Ib - Starting...
11:35:06.775 [worker-akka.actor.default-dispatcher-10] INFO  a.a.LocalActorRef akka://worker/user/watcher/processing-watcher/graph/graph/$Hb - Starting...
11:35:06.776 [worker-akka.actor.default-dispatcher-9] INFO  a.a.LocalActorRef akka://worker/user/watcher/processing-watcher/graph/graph/$Jb - Starting...
11:35:06.777 [worker-akka.actor.default-dispatcher-9] INFO  a.a.LocalActorRef akka://worker/user/watcher/processing-watcher/graph/graph/$Kb - Starting...
11:35:06.778 [worker-akka.actor.default-dispatcher-9] INFO  a.a.LocalActorRef akka://worker/user/watcher/processing-watcher/graph/graph/$Lb - Starting...
11:35:06.779 [worker-akka.actor.default-dispatcher-9] INFO  a.a.LocalActorRef akka://worker/user/watcher/processing-watcher/graph/graph/$Mb - Starting...
11:35:06.780 [worker-akka.actor.default-dispatcher-9] INFO  a.a.LocalActorRef akka://worker/user/watcher/processing-watcher/graph/graph/$Nb - Starting...
2019-10-10T11:35:22.892+0000: 31.278: [GC (Allocation Failure) 2019-10-10T11:35:22.893+0000: 31.278: [DefNew: 409600K->32126K(460800K), 0.0888192 secs] 435542K->58068K(1484800K), 0.0904278 secs] [Times: user=0.08 sys=0.02, real=0.09 secs] 
2019-10-10T11:35:34.851+0000: 43.238: [GC (Allocation Failure) 2019-10-10T11:35:34.853+0000: 43.238: [DefNew: 441726K->1167K(460800K), 0.0402990 secs] 467668K->55928K(1484800K), 0.0417497 secs] [Times: user=0.02 sys=0.02, real=0.04 secs] 
2019-10-10T11:35:43.556+0000: 51.941: [GC (Allocation Failure) 2019-10-10T11:35:43.556+0000: 51.941: [DefNew: 410767K->1348K(460800K), 0.0059319 secs] 465528K->56109K(1484800K), 0.0060283 secs] [Times: user=0.01 sys=0.00, real=0.00 secs] 
2019-10-10T11:35:50.125+0000: 58.510: [GC (Allocation Failure) 2019-10-10T11:35:50.125+0000: 58.510: [DefNew: 410948K->1442K(460800K), 0.0055478 secs] 465709K->56203K(1484800K), 0.0056439 secs] [Times: user=0.01 sys=0.00, real=0.01 secs] 
2019-10-10T11:35:59.521+0000: 67.906: [GC (Allocation Failure) 2019-10-10T11:35:59.521+0000: 67.906: [DefNew: 411042K->1987K(460800K), 0.0065048 secs] 465803K->56748K(1484800K), 0.0065997 secs] [Times: user=0.01 sys=0.00, real=0.01 secs] 
2019-10-10T11:36:09.117+0000: 77.502: [GC (Allocation Failure) 2019-10-10T11:36:09.117+0000: 77.502: [DefNew: 411587K->1791K(460800K), 0.0054420 secs] 466348K->56552K(1484800K), 0.0055505 secs] [Times: user=0.00 sys=0.00, real=0.00 secs] 
2019-10-10T11:36:16.949+0000: 85.335: [GC (Allocation Failure) 2019-10-10T11:36:16.950+0000: 85.335: [DefNew: 411391K->1795K(460800K), 0.0043638 secs] 466152K->56556K(1484800K), 0.0044677 secs] [Times: user=0.01 sys=0.00, real=0.00 secs] 
2019-10-10T11:36:24.100+0000: 92.486: [GC (Allocation Failure) 2019-10-10T11:36:24.101+0000: 92.486: [DefNew: 411395K->1741K(460800K), 0.0042888 secs] 466156K->56503K(1484800K), 0.0044095 secs] [Times: user=0.00 sys=0.00, real=0.00 secs] 
2019-10-10T11:36:31.499+0000: 99.884: [GC (Allocation Failure) 2019-10-10T11:36:31.499+0000: 99.884: [DefNew: 411341K->1781K(460800K), 0.0043926 secs] 466103K->56542K(1484800K), 0.0044882 secs] [Times: user=0.00 sys=0.00, real=0.00 secs] 
2019-10-10T11:36:38.693+0000: 107.078: [GC (Allocation Failure) 2019-10-10T11:36:38.693+0000: 107.078: [DefNew: 411381K->1806K(460800K), 0.0044019 secs] 466142K->56567K(1484800K), 0.0044966 secs] [Times: user=0.00 sys=0.00, real=0.01 secs] 
2019-10-10T11:36:46.406+0000: 114.791: [GC (Allocation Failure) 2019-10-10T11:36:46.406+0000: 114.791: [DefNew: 411406K->1742K(460800K), 0.0043131 secs] 466167K->56503K(1484800K), 0.0044079 secs] [Times: user=0.01 sys=0.00, real=0.01 secs] 
2019-10-10T11:36:53.966+0000: 122.351: [GC (Allocation Failure) 2019-10-10T11:36:53.966+0000: 122.351: [DefNew: 411342K->1752K(460800K), 0.0044255 secs] 466103K->56514K(1484800K), 0.0045211 secs] [Times: user=0.00 sys=0.00, real=0.01 secs] 
2019-10-10T11:37:01.120+0000: 129.505: [GC (Allocation Failure) 2019-10-10T11:37:01.120+0000: 129.505: [DefNew: 411352K->1873K(460800K), 0.0049978 secs] 466114K->56634K(1484800K), 0.0051133 secs] [Times: user=0.00 sys=0.00, real=0.00 secs] 
2019-10-10T11:37:08.850+0000: 137.235: [GC (Allocation Failure) 2019-10-10T11:37:08.850+0000: 137.235: [DefNew: 411473K->1839K(460800K), 0.0045673 secs] 466234K->56600K(1484800K), 0.0046608 secs] [Times: user=0.01 sys=0.00, real=0.00 secs] 
2019-10-10T11:37:16.163+0000: 144.549: [GC (Allocation Failure) 2019-10-10T11:37:16.163+0000: 144.549: [DefNew: 411439K->1859K(460800K), 0.0047230 secs] 466200K->56621K(1484800K), 0.0048121 secs] [Times: user=0.00 sys=0.00, real=0.01 secs] 
2019-10-10T11:37:23.570+0000: 151.956: [GC (Allocation Failure) 2019-10-10T11:37:23.571+0000: 151.956: [DefNew: 411459K->1851K(460800K), 0.0047101 secs] 466221K->56612K(1484800K), 0.0048060 secs] [Times: user=0.01 sys=0.00, real=0.01 secs] 
2019-10-10T11:37:31.326+0000: 159.711: [GC (Allocation Failure) 2019-10-10T11:37:31.326+0000: 159.711: [DefNew: 411451K->1579K(460800K), 0.0049092 secs] 466212K->56629K(1484800K), 0.0049994 secs] [Times: user=0.00 sys=0.00, real=0.01 secs] 
2019-10-10T11:37:38.630+0000: 167.015: [GC (Allocation Failure) 2019-10-10T11:37:38.630+0000: 167.015: [DefNew: 411179K->1379K(460800K), 0.0044763 secs] 466229K->56600K(1484800K), 0.0045843 secs] [Times: user=0.00 sys=0.00, real=0.00 secs] 
2019-10-10T11:37:46.544+0000: 174.930: [GC (Allocation Failure) 2019-10-10T11:37:46.544+0000: 174.930: [DefNew: 410979K->1218K(460800K), 0.0043657 secs] 466200K->56600K(1484800K), 0.0044596 secs] [Times: user=0.01 sys=0.00, real=0.01 secs] 
2019-10-10T11:37:54.041+0000: 182.426: [GC (Allocation Failure) 2019-10-10T11:37:54.041+0000: 182.426: [DefNew: 410818K->309K(460800K), 0.0047022 secs] 466200K->56675K(1484800K), 0.0048040 secs] [Times: user=0.00 sys=0.00, real=0.00 secs] 
2019-10-10T11:38:01.164+0000: 189.549: [GC (Allocation Failure) 2019-10-10T11:38:01.164+0000: 189.549: [DefNew: 409909K->261K(460800K), 0.0029924 secs] 466275K->56628K(1484800K), 0.0030722 secs] [Times: user=0.01 sys=0.00, real=0.01 secs] 
2019-10-10T11:38:08.954+0000: 197.340: [GC (Allocation Failure) 2019-10-10T11:38:08.955+0000: 197.340: [DefNew: 409861K->270K(460800K), 0.0029196 secs] 466228K->56638K(1484800K), 0.0030389 secs] [Times: user=0.00 sys=0.00, real=0.01 secs] 
2019-10-10T11:38:16.343+0000: 204.728: [GC (Allocation Failure) 2019-10-10T11:38:16.343+0000: 204.728: [DefNew: 409870K->261K(460800K), 0.0030416 secs] 466238K->56629K(1484800K), 0.0031533 secs] [Times: user=0.01 sys=0.00, real=0.00 secs] 
2019-10-10T11:38:23.709+0000: 212.095: [GC (Allocation Failure) 2019-10-10T11:38:23.709+0000: 212.095: [DefNew: 409861K->270K(460800K), 0.0030368 secs] 466229K->56639K(1484800K), 0.0031346 secs] [Times: user=0.00 sys=0.00, real=0.00 secs] 
2019-10-10T11:38:31.517+0000: 219.902: [GC (Allocation Failure) 2019-10-10T11:38:31.517+0000: 219.902: [DefNew: 409870K->261K(460800K), 0.0028822 secs] 466239K->56629K(1484800K), 0.0029665 secs] [Times: user=0.00 sys=0.00, real=0.00 secs] 
2019-10-10T11:38:38.858+0000: 227.244: [GC (Allocation Failure) 2019-10-10T11:38:38.858+0000: 227.244: [DefNew: 409861K->301K(460800K), 0.0029308 secs] 466229K->56670K(1484800K), 0.0030322 secs] [Times: user=0.01 sys=0.00, real=0.00 secs] 
2019-10-10T11:38:46.231+0000: 234.616: [GC (Allocation Failure) 2019-10-10T11:38:46.231+0000: 234.616: [DefNew: 409901K->258K(460800K), 0.0028466 secs] 466270K->56632K(1484800K), 0.0029375 secs] [Times: user=0.00 sys=0.00, real=0.00 secs] 
2019-10-10T11:38:54.037+0000: 242.423: [GC (Allocation Failure) 2019-10-10T11:38:54.037+0000: 242.423: [DefNew: 409858K->185K(460800K), 0.0031542 secs] 466232K->56648K(1484800K), 0.0032557 secs] [Times: user=0.01 sys=0.00, real=0.00 secs] 
2019-10-10T11:39:01.261+0000: 249.646: [GC (Allocation Failure) 2019-10-10T11:39:01.261+0000: 249.646: [DefNew: 409785K->194K(460800K), 0.0030005 secs] 466248K->56657K(1484800K), 0.0030963 secs] [Times: user=0.00 sys=0.00, real=0.00 secs] 
2019-10-10T11:39:08.503+0000: 256.889: [GC (Allocation Failure) 2019-10-10T11:39:08.503+0000: 256.889: [DefNew: 409794K->192K(460800K), 0.0026414 secs] 466257K->56655K(1484800K), 0.0027458 secs] [Times: user=0.00 sys=0.00, real=0.00 secs] 
2019-10-10T11:39:16.341+0000: 264.726: [GC (Allocation Failure) 2019-10-10T11:39:16.341+0000: 264.726: [DefNew: 409792K->209K(460800K), 0.0027890 secs] 466255K->56672K(1484800K), 0.0028736 secs] [Times: user=0.00 sys=0.00, real=0.00 secs] 
2019-10-10T11:39:23.723+0000: 272.108: [GC (Allocation Failure) 2019-10-10T11:39:23.723+0000: 272.108: [DefNew: 409809K->198K(460800K), 0.0028544 secs] 466272K->56661K(1484800K), 0.0029769 secs] [Times: user=0.01 sys=0.00, real=0.00 secs] 
2019-10-10T11:39:31.001+0000: 279.386: [GC (Allocation Failure) 2019-10-10T11:39:31.001+0000: 279.386: [DefNew: 409798K->226K(460800K), 0.0028204 secs] 466261K->56689K(1484800K), 0.0029057 secs] [Times: user=0.00 sys=0.00, real=0.00 secs] 
2019-10-10T11:39:38.789+0000: 287.174: [GC (Allocation Failure) 2019-10-10T11:39:38.789+0000: 287.174: [DefNew: 409826K->198K(460800K), 0.0028837 secs] 466289K->56661K(1484800K), 0.0029717 secs] [Times: user=0.00 sys=0.00, real=0.00 secs] 
2019-10-10T11:39:46.107+0000: 294.492: [GC (Allocation Failure) 2019-10-10T11:39:46.107+0000: 294.492: [DefNew: 409798K->184K(460800K), 0.0029265 secs] 466261K->56662K(1484800K), 0.0030236 secs] [Times: user=0.00 sys=0.00, real=0.00 secs] 
2019-10-10T11:39:53.643+0000: 302.028: [GC (Allocation Failure) 2019-10-10T11:39:53.643+0000: 302.028: [DefNew: 409784K->187K(460800K), 0.0027896 secs] 466262K->56678K(1484800K), 0.0028787 secs] [Times: user=0.00 sys=0.00, real=0.00 secs] 
2019-10-10T11:40:01.074+0000: 309.459: [GC (Allocation Failure) 2019-10-10T11:40:01.074+0000: 309.459: [DefNew: 409787K->271K(460800K), 0.0031250 secs] 466278K->56762K(1484800K), 0.0032046 secs] [Times: user=0.01 sys=0.00, real=0.01 secs] 
2019-10-10T11:40:08.359+0000: 316.744: [GC (Allocation Failure) 2019-10-10T11:40:08.359+0000: 316.744: [DefNew: 409871K->240K(460800K), 0.0028395 secs] 466362K->56731K(1484800K), 0.0029518 secs] [Times: user=0.00 sys=0.00, real=0.00 secs] 
2019-10-10T11:40:15.651+0000: 324.036: [GC (Allocation Failure) 2019-10-10T11:40:15.651+0000: 324.036: [DefNew: 409840K->237K(460800K), 0.0032153 secs] 466331K->56728K(1484800K), 0.0033118 secs] [Times: user=0.00 sys=0.00, real=0.00 secs] 
2019-10-10T11:40:23.429+0000: 331.814: [GC (Allocation Failure) 2019-10-10T11:40:23.429+0000: 331.814: [DefNew: 409837K->280K(460800K), 0.0028691 secs] 466328K->56772K(1484800K), 0.0029643 secs] [Times: user=0.00 sys=0.00, real=0.00 secs] 
2019-10-10T11:40:30.759+0000: 339.144: [GC (Allocation Failure) 2019-10-10T11:40:30.759+0000: 339.144: [DefNew: 409880K->299K(460800K), 0.0029080 secs] 466372K->56790K(1484800K), 0.0029976 secs] [Times: user=0.00 sys=0.00, real=0.00 secs] 
2019-10-10T11:40:38.025+0000: 346.410: [GC (Allocation Failure) 2019-10-10T11:40:38.025+0000: 346.410: [DefNew: 409899K->325K(460800K), 0.0032281 secs] 466390K->56816K(1484800K), 0.0033307 secs] [Times: user=0.01 sys=0.00, real=0.01 secs] 
2019-10-10T11:40:45.799+0000: 354.184: [GC (Allocation Failure) 2019-10-10T11:40:45.799+0000: 354.184: [DefNew: 409925K->289K(460800K), 0.0033958 secs] 466416K->56785K(1484800K), 0.0034929 secs] [Times: user=0.00 sys=0.00, real=0.00 secs] 
2019-10-10T11:40:53.202+0000: 361.587: [GC (Allocation Failure) 2019-10-10T11:40:53.202+0000: 361.587: [DefNew: 409889K->284K(460800K), 0.0030001 secs] 466385K->56803K(1484800K), 0.0030973 secs] [Times: user=0.00 sys=0.00, real=0.00 secs] 
2019-10-10T11:41:00.441+0000: 368.826: [GC (Allocation Failure) 2019-10-10T11:41:00.441+0000: 368.826: [DefNew: 409884K->241K(460800K), 0.0029972 secs] 466403K->56760K(1484800K), 0.0030879 secs] [Times: user=0.00 sys=0.00, real=0.00 secs] 
2019-10-10T11:41:08.219+0000: 376.604: [GC (Allocation Failure) 2019-10-10T11:41:08.219+0000: 376.604: [DefNew: 409841K->274K(460800K), 0.0028876 secs] 466360K->56798K(1484800K), 0.0029838 secs] [Times: user=0.00 sys=0.00, real=0.00 secs] 
2019-10-10T11:41:15.549+0000: 383.935: [GC (Allocation Failure) 2019-10-10T11:41:15.550+0000: 383.935: [DefNew: 409874K->278K(460800K), 0.0029890 secs] 466398K->56802K(1484800K), 0.0030865 secs] [Times: user=0.00 sys=0.00, real=0.00 secs] 
2019-10-10T11:41:22.972+0000: 391.357: [GC (Allocation Failure) 2019-10-10T11:41:22.972+0000: 391.357: [DefNew: 409878K->276K(460800K), 0.0029177 secs] 466402K->56800K(1484800K), 0.0030160 secs] [Times: user=0.00 sys=0.00, real=0.00 secs] 
2019-10-10T11:41:30.729+0000: 399.114: [GC (Allocation Failure) 2019-10-10T11:41:30.729+0000: 399.114: [DefNew: 409876K->242K(460800K), 0.0028421 secs] 466400K->56766K(1484800K), 0.0029432 secs] [Times: user=0.00 sys=0.00, real=0.00 secs] 
2019-10-10T11:41:38.006+0000: 406.391: [GC (Allocation Failure) 2019-10-10T11:41:38.006+0000: 406.391: [DefNew: 409842K->242K(460800K), 0.0031083 secs] 466366K->56767K(1484800K), 0.0031939 secs] [Times: user=0.00 sys=0.00, real=0.01 secs] 
2019-10-10T11:41:45.374+0000: 413.759: [GC (Allocation Failure) 2019-10-10T11:41:45.374+0000: 413.759: [DefNew: 409842K->232K(460800K), 0.0029431 secs] 466367K->56761K(1484800K), 0.0030458 secs] [Times: user=0.00 sys=0.00, real=0.01 secs] 
2019-10-10T11:41:53.170+0000: 421.555: [GC (Allocation Failure) 2019-10-10T11:41:53.170+0000: 421.555: [DefNew: 409832K->219K(460800K), 0.0031046 secs] 466361K->56811K(1484800K), 0.0031982 secs] [Times: user=0.00 sys=0.00, real=0.00 secs] 
2019-10-10T11:42:00.461+0000: 428.846: [GC (Allocation Failure) 2019-10-10T11:42:00.461+0000: 428.846: [DefNew: 409819K->181K(460800K), 0.0028392 secs] 466411K->56773K(1484800K), 0.0029283 secs] [Times: user=0.00 sys=0.00, real=0.00 secs] 
2019-10-10T11:42:07.726+0000: 436.111: [GC (Allocation Failure) 2019-10-10T11:42:07.726+0000: 436.112: [DefNew: 409781K->246K(460800K), 0.0031536 secs] 466373K->56838K(1484800K), 0.0032558 secs] [Times: user=0.01 sys=0.00, real=0.01 secs] 
2019-10-10T11:42:15.580+0000: 443.966: [GC (Allocation Failure) 2019-10-10T11:42:15.581+0000: 443.966: [DefNew: 409846K->185K(460800K), 0.0028326 secs] 466438K->56777K(1484800K), 0.0029234 secs] [Times: user=0.00 sys=0.00, real=0.00 secs] 
2019-10-10T11:42:22.894+0000: 451.279: [GC (Allocation Failure) 2019-10-10T11:42:22.894+0000: 451.279: [DefNew: 409785K->182K(460800K), 0.0027165 secs] 466377K->56775K(1484800K), 0.0028033 secs] [Times: user=0.00 sys=0.00, real=0.01 secs] 
2019-10-10T11:42:30.148+0000: 458.533: [GC (Allocation Failure) 2019-10-10T11:42:30.148+0000: 458.533: [DefNew: 409782K->229K(460800K), 0.0028846 secs] 466375K->56822K(1484800K), 0.0029726 secs] [Times: user=0.00 sys=0.01, real=0.00 secs] 
11:42:33.611 [worker-akka.actor.default-dispatcher-13] INFO  a.r.a.Association(akka://worker) akka.remote.artery.Association(akka://worker) - Stopping idle outbound stream [2] to [akka://worker@flamestream-benchmarks-worker-0:5412]
2019-10-10T11:42:38.008+0000: 466.393: [GC (Allocation Failure) 2019-10-10T11:42:38.008+0000: 466.393: [DefNew: 409829K->301K(460800K), 0.0033037 secs] 466422K->56894K(1484800K), 0.0034059 secs] [Times: user=0.00 sys=0.00, real=0.00 secs] 
2019-10-10T11:42:45.278+0000: 473.663: [GC (Allocation Failure) 2019-10-10T11:42:45.278+0000: 473.663: [DefNew: 409901K->300K(460800K), 0.0032449 secs] 466494K->56897K(1484800K), 0.0033390 secs] [Times: user=0.00 sys=0.00, real=0.00 secs] 
2019-10-10T11:42:53.099+0000: 481.484: [GC (Allocation Failure) 2019-10-10T11:42:53.099+0000: 481.484: [DefNew: 409900K->210K(460800K), 0.0030419 secs] 466497K->56833K(1484800K), 0.0031356 secs] [Times: user=0.00 sys=0.00, real=0.00 secs] 
2019-10-10T11:43:00.492+0000: 488.877: [GC (Allocation Failure) 2019-10-10T11:43:00.492+0000: 488.877: [DefNew: 409810K->261K(460800K), 0.0033081 secs] 466433K->56884K(1484800K), 0.0034122 secs] [Times: user=0.01 sys=0.00, real=0.01 secs] 
2019-10-10T11:43:07.809+0000: 496.194: [GC (Allocation Failure) 2019-10-10T11:43:07.809+0000: 496.194: [DefNew: 409861K->249K(460800K), 0.0031540 secs] 466484K->56873K(1484800K), 0.0033989 secs] [Times: user=0.00 sys=0.00, real=0.00 secs] 
2019-10-10T11:43:15.584+0000: 503.969: [GC (Allocation Failure) 2019-10-10T11:43:15.584+0000: 503.969: [DefNew: 409849K->220K(460800K), 0.0029133 secs] 466473K->56843K(1484800K), 0.0030017 secs] [Times: user=0.00 sys=0.00, real=0.00 secs] 
2019-10-10T11:43:22.919+0000: 511.304: [GC (Allocation Failure) 2019-10-10T11:43:22.919+0000: 511.304: [DefNew: 409820K->218K(460800K), 0.0029664 secs] 466443K->56842K(1484800K), 0.0030618 secs] [Times: user=0.00 sys=0.00, real=0.00 secs] 
2019-10-10T11:43:30.273+0000: 518.658: [GC (Allocation Failure) 2019-10-10T11:43:30.273+0000: 518.658: [DefNew: 409818K->219K(460800K), 0.0031000 secs] 466442K->56842K(1484800K), 0.0031810 secs] [Times: user=0.01 sys=0.00, real=0.01 secs] 
2019-10-10T11:43:38.055+0000: 526.441: [GC (Allocation Failure) 2019-10-10T11:43:38.055+0000: 526.441: [DefNew: 409819K->224K(460800K), 0.0032289 secs] 466442K->56847K(1484800K), 0.0033189 secs] [Times: user=0.00 sys=0.00, real=0.00 secs] 
2019-10-10T11:43:45.377+0000: 533.763: [GC (Allocation Failure) 2019-10-10T11:43:45.377+0000: 533.763: [DefNew: 409824K->218K(460800K), 0.0030281 secs] 466447K->56842K(1484800K), 0.0031210 secs] [Times: user=0.00 sys=0.00, real=0.00 secs] 
2019-10-10T11:43:52.724+0000: 541.109: [GC (Allocation Failure) 2019-10-10T11:43:52.724+0000: 541.109: [DefNew: 409818K->207K(460800K), 0.0030095 secs] 466442K->56844K(1484800K), 0.0031021 secs] [Times: user=0.00 sys=0.00, real=0.00 secs] 
2019-10-10T11:44:00.498+0000: 548.883: [GC (Allocation Failure) 2019-10-10T11:44:00.498+0000: 548.884: [DefNew: 409807K->265K(460800K), 0.0032373 secs] 466444K->56902K(1484800K), 0.0033296 secs] [Times: user=0.01 sys=0.00, real=0.00 secs] 
2019-10-10T11:44:07.810+0000: 556.195: [GC (Allocation Failure) 2019-10-10T11:44:07.810+0000: 556.195: [DefNew: 409865K->265K(460800K), 0.0031366 secs] 466502K->56903K(1484800K), 0.0032517 secs] [Times: user=0.00 sys=0.00, real=0.00 secs] 
2019-10-10T11:44:15.100+0000: 563.486: [GC (Allocation Failure) 2019-10-10T11:44:15.101+0000: 563.486: [DefNew: 409865K->226K(460800K), 0.0030875 secs] 466503K->56864K(1484800K), 0.0031954 secs] [Times: user=0.00 sys=0.00, real=0.00 secs] 
2019-10-10T11:44:22.909+0000: 571.294: [GC (Allocation Failure) 2019-10-10T11:44:22.909+0000: 571.294: [DefNew: 409826K->258K(460800K), 0.0030833 secs] 466464K->56897K(1484800K), 0.0031736 secs] [Times: user=0.00 sys=0.00, real=0.00 secs] 
2019-10-10T11:44:30.274+0000: 578.660: [GC (Allocation Failure) 2019-10-10T11:44:30.274+0000: 578.660: [DefNew: 409858K->244K(460800K), 0.0033980 secs] 466497K->56939K(1484800K), 0.0034980 secs] [Times: user=0.00 sys=0.00, real=0.01 secs] 
2019-10-10T11:44:37.596+0000: 585.981: [GC (Allocation Failure) 2019-10-10T11:44:37.596+0000: 585.981: [DefNew: 409844K->194K(460800K), 0.0027944 secs] 466539K->56890K(1484800K), 0.0028852 secs] [Times: user=0.00 sys=0.00, real=0.00 secs] 
2019-10-10T11:44:45.428+0000: 593.814: [GC (Allocation Failure) 2019-10-10T11:44:45.428+0000: 593.814: [DefNew: 409794K->215K(460800K), 0.0027523 secs] 466490K->56911K(1484800K), 0.0028409 secs] [Times: user=0.01 sys=0.00, real=0.00 secs] 
2019-10-10T11:44:52.746+0000: 601.131: [GC (Allocation Failure) 2019-10-10T11:44:52.746+0000: 601.131: [DefNew: 409815K->222K(460800K), 0.0029984 secs] 466511K->56928K(1484800K), 0.0030779 secs] [Times: user=0.00 sys=0.00, real=0.01 secs] 
2019-10-10T11:44:59.890+0000: 608.275: [GC (Allocation Failure) 2019-10-10T11:44:59.890+0000: 608.275: [DefNew: 409822K->190K(460800K), 0.0030496 secs] 466528K->56896K(1484800K), 0.0031548 secs] [Times: user=0.00 sys=0.00, real=0.00 secs] 
2019-10-10T11:45:07.731+0000: 616.116: [GC (Allocation Failure) 2019-10-10T11:45:07.731+0000: 616.116: [DefNew: 409790K->222K(460800K), 0.0028135 secs] 466496K->56929K(1484800K), 0.0029093 secs] [Times: user=0.00 sys=0.00, real=0.00 secs] 
2019-10-10T11:45:15.114+0000: 623.499: [GC (Allocation Failure) 2019-10-10T11:45:15.114+0000: 623.499: [DefNew: 409822K->257K(460800K), 0.0028778 secs] 466529K->56964K(1484800K), 0.0029654 secs] [Times: user=0.00 sys=0.00, real=0.01 secs] 
2019-10-10T11:45:22.977+0000: 631.362: [GC (Allocation Failure) 2019-10-10T11:45:22.977+0000: 631.363: [DefNew: 409857K->178K(460800K), 0.0028786 secs] 466564K->56884K(1484800K), 0.0029649 secs] [Times: user=0.00 sys=0.00, real=0.00 secs] 
2019-10-10T11:45:30.343+0000: 638.729: [GC (Allocation Failure) 2019-10-10T11:45:30.344+0000: 638.729: [DefNew: 409778K->199K(460800K), 0.0027553 secs] 466484K->56905K(1484800K), 0.0028621 secs] [Times: user=0.00 sys=0.00, real=0.00 secs] 
2019-10-10T11:45:37.618+0000: 646.003: [GC (Allocation Failure) 2019-10-10T11:45:37.618+0000: 646.003: [DefNew: 409799K->178K(460800K), 0.0028675 secs] 466505K->56885K(1484800K), 0.0029661 secs] [Times: user=0.01 sys=0.00, real=0.00 secs] 
2019-10-10T11:45:45.439+0000: 653.824: [GC (Allocation Failure) 2019-10-10T11:45:45.439+0000: 653.824: [DefNew: 409778K->180K(460800K), 0.0029666 secs] 466485K->56886K(1484800K), 0.0030694 secs] [Times: user=0.01 sys=0.00, real=0.00 secs] 
2019-10-10T11:45:52.823+0000: 661.208: [GC (Allocation Failure) 2019-10-10T11:45:52.823+0000: 661.208: [DefNew: 409780K->159K(460800K), 0.0028190 secs] 466486K->56886K(1484800K), 0.0029123 secs] [Times: user=0.00 sys=0.00, real=0.00 secs] 
2019-10-10T11:46:00.048+0000: 668.433: [GC (Allocation Failure) 2019-10-10T11:46:00.048+0000: 668.433: [DefNew: 409759K->164K(460800K), 0.0032919 secs] 466486K->56891K(1484800K), 0.0034047 secs] [Times: user=0.00 sys=0.00, real=0.00 secs] 
2019-10-10T11:46:07.823+0000: 676.208: [GC (Allocation Failure) 2019-10-10T11:46:07.823+0000: 676.208: [DefNew: 409764K->174K(460800K), 0.0027158 secs] 466491K->56901K(1484800K), 0.0028165 secs] [Times: user=0.00 sys=0.00, real=0.00 secs] 
2019-10-10T11:46:15.179+0000: 683.564: [GC (Allocation Failure) 2019-10-10T11:46:15.179+0000: 683.564: [DefNew: 409774K->237K(460800K), 0.0027340 secs] 466501K->56964K(1484800K), 0.0028679 secs] [Times: user=0.01 sys=0.00, real=0.00 secs] 
2019-10-10T11:46:22.448+0000: 690.833: [GC (Allocation Failure) 2019-10-10T11:46:22.448+0000: 690.833: [DefNew: 409837K->165K(460800K), 0.0027677 secs] 466564K->56893K(1484800K), 0.0028603 secs] [Times: user=0.01 sys=0.00, real=0.00 secs] 
2019-10-10T11:46:30.347+0000: 698.732: [GC (Allocation Failure) 2019-10-10T11:46:30.347+0000: 698.732: [DefNew: 409765K->164K(460800K), 0.0027119 secs] 466493K->56891K(1484800K), 0.0028127 secs] [Times: user=0.00 sys=0.00, real=0.00 secs] 
2019-10-10T11:46:37.638+0000: 706.023: [GC (Allocation Failure) 2019-10-10T11:46:37.638+0000: 706.023: [DefNew: 409764K->224K(460800K), 0.0028282 secs] 466491K->56952K(1484800K), 0.0029176 secs] [Times: user=0.00 sys=0.00, real=0.00 secs] 
2019-10-10T11:46:45.513+0000: 713.898: [GC (Allocation Failure) 2019-10-10T11:46:45.513+0000: 713.898: [DefNew: 409824K->178K(460800K), 0.0026325 secs] 466552K->56905K(1484800K), 0.0027228 secs] [Times: user=0.00 sys=0.00, real=0.01 secs] 
2019-10-10T11:46:52.870+0000: 721.255: [GC (Allocation Failure) 2019-10-10T11:46:52.870+0000: 721.255: [DefNew: 409778K->150K(460800K), 0.0028264 secs] 466505K->56892K(1484800K), 0.0029032 secs] [Times: user=0.00 sys=0.00, real=0.00 secs] 
2019-10-10T11:47:00.162+0000: 728.547: [GC (Allocation Failure) 2019-10-10T11:47:00.162+0000: 728.547: [DefNew: 409750K->222K(460800K), 0.0030495 secs] 466492K->56969K(1484800K), 0.0031378 secs] [Times: user=0.00 sys=0.00, real=0.00 secs] 
2019-10-10T11:47:07.929+0000: 736.314: [GC (Allocation Failure) 2019-10-10T11:47:07.929+0000: 736.314: [DefNew: 409822K->157K(460800K), 0.0026894 secs] 466569K->56904K(1484800K), 0.0027871 secs] [Times: user=0.00 sys=0.00, real=0.00 secs] 
2019-10-10T11:47:15.285+0000: 743.671: [GC (Allocation Failure) 2019-10-10T11:47:15.286+0000: 743.671: [DefNew: 409757K->158K(460800K), 0.0027127 secs] 466504K->56905K(1484800K), 0.0027999 secs] [Times: user=0.00 sys=0.00, real=0.01 secs] 
2019-10-10T11:47:22.575+0000: 750.960: [GC (Allocation Failure) 2019-10-10T11:47:22.575+0000: 750.960: [DefNew: 409758K->180K(460800K), 0.0026173 secs] 466505K->56927K(1484800K), 0.0026991 secs] [Times: user=0.00 sys=0.00, real=0.01 secs] 
2019-10-10T11:47:30.415+0000: 758.800: [GC (Allocation Failure) 2019-10-10T11:47:30.415+0000: 758.800: [DefNew: 409780K->159K(460800K), 0.0026046 secs] 466527K->56905K(1484800K), 0.0027410 secs] [Times: user=0.00 sys=0.00, real=0.01 secs] 
2019-10-10T11:47:37.747+0000: 766.133: [GC (Allocation Failure) 2019-10-10T11:47:37.747+0000: 766.133: [DefNew: 409759K->157K(460800K), 0.0026793 secs] 466505K->56904K(1484800K), 0.0027643 secs] [Times: user=0.00 sys=0.00, real=0.00 secs] 
2019-10-10T11:47:45.076+0000: 773.461: [GC (Allocation Failure) 2019-10-10T11:47:45.076+0000: 773.461: [DefNew: 409757K->157K(460800K), 0.0027765 secs] 466504K->56904K(1484800K), 0.0028766 secs] [Times: user=0.00 sys=0.00, real=0.00 secs] 
2019-10-10T11:47:52.869+0000: 781.254: [GC (Allocation Failure) 2019-10-10T11:47:52.869+0000: 781.254: [DefNew: 409757K->150K(460800K), 0.0026761 secs] 466504K->56906K(1484800K), 0.0027556 secs] [Times: user=0.00 sys=0.00, real=0.00 secs] 
2019-10-10T11:48:00.137+0000: 788.523: [GC (Allocation Failure) 2019-10-10T11:48:00.137+0000: 788.523: [DefNew: 409750K->157K(460800K), 0.0029964 secs] 466506K->56912K(1484800K), 0.0030886 secs] [Times: user=0.00 sys=0.00, real=0.00 secs] 
2019-10-10T11:48:07.441+0000: 795.826: [GC (Allocation Failure) 2019-10-10T11:48:07.441+0000: 795.826: [DefNew: 409757K->181K(460800K), 0.0027350 secs] 466512K->56937K(1484800K), 0.0028240 secs] [Times: user=0.00 sys=0.00, real=0.00 secs] 
2019-10-10T11:48:15.325+0000: 803.711: [GC (Allocation Failure) 2019-10-10T11:48:15.325+0000: 803.711: [DefNew: 409781K->158K(460800K), 0.0026910 secs] 466537K->56913K(1484800K), 0.0027801 secs] [Times: user=0.00 sys=0.00, real=0.01 secs] 
2019-10-10T11:48:22.633+0000: 811.019: [GC (Allocation Failure) 2019-10-10T11:48:22.634+0000: 811.019: [DefNew: 409758K->160K(460800K), 0.0026192 secs] 466513K->56915K(1484800K), 0.0027018 secs] [Times: user=0.00 sys=0.00, real=0.01 secs] 
2019-10-10T11:48:29.904+0000: 818.289: [GC (Allocation Failure) 2019-10-10T11:48:29.904+0000: 818.289: [DefNew: 409760K->170K(460800K), 0.0026053 secs] 466515K->56926K(1484800K), 0.0027093 secs] [Times: user=0.00 sys=0.00, real=0.00 secs] 
2019-10-10T11:48:37.738+0000: 826.123: [GC (Allocation Failure) 2019-10-10T11:48:37.738+0000: 826.123: [DefNew: 409770K->185K(460800K), 0.0027054 secs] 466526K->56940K(1484800K), 0.0028039 secs] [Times: user=0.00 sys=0.00, real=0.00 secs] 
2019-10-10T11:48:45.085+0000: 833.470: [GC (Allocation Failure) 2019-10-10T11:48:45.085+0000: 833.470: [DefNew: 409785K->168K(460800K), 0.0027458 secs] 466540K->56924K(1484800K), 0.0028365 secs] [Times: user=0.00 sys=0.00, real=0.01 secs] 
2019-10-10T11:48:52.375+0000: 840.760: [GC (Allocation Failure) 2019-10-10T11:48:52.375+0000: 840.760: [DefNew: 409768K->153K(460800K), 0.0028584 secs] 466524K->56920K(1484800K), 0.0029674 secs] [Times: user=0.00 sys=0.00, real=0.01 secs] 
2019-10-10T11:49:00.088+0000: 848.473: [GC (Allocation Failure) 2019-10-10T11:49:00.088+0000: 848.473: [DefNew: 409753K->157K(460800K), 0.0027075 secs] 466520K->56924K(1484800K), 0.0028002 secs] [Times: user=0.00 sys=0.00, real=0.00 secs] 
2019-10-10T11:49:07.431+0000: 855.816: [GC (Allocation Failure) 2019-10-10T11:49:07.431+0000: 855.816: [DefNew: 409757K->158K(460800K), 0.0025889 secs] 466524K->56926K(1484800K), 0.0026791 secs] [Times: user=0.00 sys=0.00, real=0.00 secs] 
2019-10-10T11:49:14.721+0000: 863.107: [GC (Allocation Failure) 2019-10-10T11:49:14.721+0000: 863.107: [DefNew: 409758K->157K(460800K), 0.0027325 secs] 466526K->56924K(1484800K), 0.0028328 secs] [Times: user=0.00 sys=0.00, real=0.00 secs] 
2019-10-10T11:49:22.533+0000: 870.918: [GC (Allocation Failure) 2019-10-10T11:49:22.533+0000: 870.918: [DefNew: 409757K->205K(460800K), 0.0029655 secs] 466524K->56972K(1484800K), 0.0030683 secs] [Times: user=0.01 sys=0.00, real=0.01 secs] 
2019-10-10T11:49:29.841+0000: 878.226: [GC (Allocation Failure) 2019-10-10T11:49:29.841+0000: 878.226: [DefNew: 409805K->156K(460800K), 0.0028156 secs] 466572K->56924K(1484800K), 0.0029102 secs] [Times: user=0.00 sys=0.00, real=0.00 secs] 
2019-10-10T11:49:37.606+0000: 885.991: [GC (Allocation Failure) 2019-10-10T11:49:37.606+0000: 885.991: [DefNew: 409756K->157K(460800K), 0.0027049 secs] 466524K->56925K(1484800K), 0.0028172 secs] [Times: user=0.00 sys=0.00, real=0.01 secs] 
2019-10-10T11:49:45.035+0000: 893.420: [GC (Allocation Failure) 2019-10-10T11:49:45.035+0000: 893.420: [DefNew: 409757K->224K(460800K), 0.0029983 secs] 466525K->56992K(1484800K), 0.0030963 secs] [Times: user=0.00 sys=0.00, real=0.01 secs] 
2019-10-10T11:49:52.287+0000: 900.672: [GC (Allocation Failure) 2019-10-10T11:49:52.287+0000: 900.672: [DefNew: 409824K->148K(460800K), 0.0028273 secs] 466592K->56924K(1484800K), 0.0029247 secs] [Times: user=0.00 sys=0.00, real=0.01 secs] 
2019-10-10T11:49:59.605+0000: 907.990: [GC (Allocation Failure) 2019-10-10T11:49:59.605+0000: 907.990: [DefNew: 409748K->167K(460800K), 0.0029210 secs] 466524K->56943K(1484800K), 0.0030315 secs] [Times: user=0.00 sys=0.00, real=0.01 secs] 
2019-10-10T11:50:07.458+0000: 915.843: [GC (Allocation Failure) 2019-10-10T11:50:07.458+0000: 915.843: [DefNew: 409767K->158K(460800K), 0.0029535 secs] 466543K->56933K(1484800K), 0.0030550 secs] [Times: user=0.01 sys=0.00, real=0.00 secs] 
2019-10-10T11:50:14.781+0000: 923.166: [GC (Allocation Failure) 2019-10-10T11:50:14.781+0000: 923.166: [DefNew: 409758K->240K(460800K), 0.0029433 secs] 466533K->57015K(1484800K), 0.0030461 secs] [Times: user=0.00 sys=0.00, real=0.00 secs] 
2019-10-10T11:50:22.581+0000: 930.966: [GC (Allocation Failure) 2019-10-10T11:50:22.581+0000: 930.966: [DefNew: 409840K->159K(460800K), 0.0026889 secs] 466615K->56935K(1484800K), 0.0027826 secs] [Times: user=0.00 sys=0.00, real=0.00 secs] 
2019-10-10T11:50:29.926+0000: 938.311: [GC (Allocation Failure) 2019-10-10T11:50:29.926+0000: 938.311: [DefNew: 409759K->165K(460800K), 0.0027711 secs] 466535K->56941K(1484800K), 0.0028518 secs] [Times: user=0.00 sys=0.00, real=0.01 secs] 
2019-10-10T11:50:37.159+0000: 945.545: [GC (Allocation Failure) 2019-10-10T11:50:37.159+0000: 945.545: [DefNew: 409765K->193K(460800K), 0.0033624 secs] 466541K->56969K(1484800K), 0.0034647 secs] [Times: user=0.00 sys=0.00, real=0.00 secs] 
2019-10-10T11:50:45.047+0000: 953.433: [GC (Allocation Failure) 2019-10-10T11:50:45.048+0000: 953.433: [DefNew: 409793K->159K(460800K), 0.0026707 secs] 466569K->56934K(1484800K), 0.0027626 secs] [Times: user=0.00 sys=0.00, real=0.00 secs] 
2019-10-10T11:50:52.440+0000: 960.826: [GC (Allocation Failure) 2019-10-10T11:50:52.440+0000: 960.826: [DefNew: 409759K->158K(460800K), 0.0029518 secs] 466534K->56945K(1484800K), 0.0030456 secs] [Times: user=0.00 sys=0.00, real=0.00 secs] 
2019-10-10T11:50:59.783+0000: 968.169: [GC (Allocation Failure) 2019-10-10T11:50:59.783+0000: 968.169: [DefNew: 409758K->154K(460800K), 0.0027553 secs] 466545K->56942K(1484800K), 0.0028451 secs] [Times: user=0.00 sys=0.00, real=0.00 secs] 
2019-10-10T11:51:07.480+0000: 975.865: [GC (Allocation Failure) 2019-10-10T11:51:07.480+0000: 975.865: [DefNew: 409754K->210K(460800K), 0.0029468 secs] 466542K->56998K(1484800K), 0.0030452 secs] [Times: user=0.00 sys=0.00, real=0.00 secs] 
2019-10-10T11:51:14.796+0000: 983.181: [GC (Allocation Failure) 2019-10-10T11:51:14.796+0000: 983.181: [DefNew: 409810K->156K(460800K), 0.0028374 secs] 466598K->56943K(1484800K), 0.0029271 secs] [Times: user=0.01 sys=0.00, real=0.00 secs] 
2019-10-10T11:51:22.116+0000: 990.501: [GC (Allocation Failure) 2019-10-10T11:51:22.116+0000: 990.501: [DefNew: 409756K->199K(460800K), 0.0029235 secs] 466543K->56986K(1484800K), 0.0030147 secs] [Times: user=0.01 sys=0.00, real=0.00 secs] 
2019-10-10T11:51:29.939+0000: 998.325: [GC (Allocation Failure) 2019-10-10T11:51:29.939+0000: 998.325: [DefNew: 409799K->155K(460800K), 0.0025750 secs] 466586K->56942K(1484800K), 0.0026555 secs] [Times: user=0.00 sys=0.00, real=0.00 secs] 
2019-10-10T11:51:37.291+0000: 1005.676: [GC (Allocation Failure) 2019-10-10T11:51:37.291+0000: 1005.676: [DefNew: 409755K->168K(460800K), 0.0028960 secs] 466542K->56956K(1484800K), 0.0029902 secs] [Times: user=0.00 sys=0.00, real=0.00 secs] 
2019-10-10T11:51:44.569+0000: 1012.954: [GC (Allocation Failure) 2019-10-10T11:51:44.569+0000: 1012.954: [DefNew: 409768K->168K(460800K), 0.0027635 secs] 466556K->56956K(1484800K), 0.0028917 secs] [Times: user=0.00 sys=0.00, real=0.00 secs] 
11:51:50.323 [Client] INFO  c.s.f.r.e.s.SocketRear  - FlameSocketGraphDeployerRear@flamestream-benchmarks-worker-9: has been disconnected from Connection 5
11:51:50.330 [Client] INFO  c.s.f.r.e.s.SocketFront  - FlameSocketGraphDeployerFront@flamestream-benchmarks-worker-9 has been disconnected from Connection 5
11:51:54.748 [worker-akka.actor.default-dispatcher-13] INFO  a.r.a.Association(akka://worker) akka.remote.artery.Association(akka://worker) - Association to [akka://worker@flamestream-benchmarks-worker-1:5412] having UID [-1841295077369734911] has been stopped. All messages to this UID will be delivered to dead letters. Reason: ActorSystem terminated
11:51:54.929 [worker-akka.actor.default-dispatcher-13] INFO  a.r.a.Association(akka://worker) akka.remote.artery.Association(akka://worker) - Association to [akka://worker@flamestream-benchmarks-worker-2:5412] having UID [6444600634398261218] has been stopped. All messages to this UID will be delivered to dead letters. Reason: ActorSystem terminated
11:51:55.040 [worker-akka.actor.default-dispatcher-13] INFO  a.r.a.Association(akka://worker) akka.remote.artery.Association(akka://worker) - Association to [akka://worker@flamestream-benchmarks-worker-4:5412] having UID [8035050663617044396] has been stopped. All messages to this UID will be delivered to dead letters. Reason: ActorSystem terminated
11:51:55.080 [worker-akka.actor.default-dispatcher-13] INFO  a.r.a.Association(akka://worker) akka.remote.artery.Association(akka://worker) - Association to [akka://worker@flamestream-benchmarks-worker-3:5412] having UID [-4933178446897725924] has been stopped. All messages to this UID will be delivered to dead letters. Reason: ActorSystem terminated
11:51:55.623 [worker-akka.actor.default-dispatcher-13] INFO  a.r.a.Association(akka://worker) akka.remote.artery.Association(akka://worker) - Association to [akka://worker@flamestream-benchmarks-worker-0:5412] having UID [3620502731318403711] has been stopped. All messages to this UID will be delivered to dead letters. Reason: ActorSystem terminated
11:51:55.751 [worker-akka.actor.default-dispatcher-13] INFO  a.a.LocalActorRef akka://worker/user/watcher/processing-watcher/graph/edge/FlameSocketGraphDeployerRear - Stopped
11:51:55.755 [worker-akka.actor.default-dispatcher-13] INFO  a.a.LocalActorRef akka://worker/user/watcher/processing-watcher/graph/negotiator - Stopped
11:51:55.770 [worker-akka.actor.default-dispatcher-12] INFO  a.a.LocalActorRef akka://worker/user/watcher/processing-watcher/graph/edge/FlameSocketGraphDeployerFront - Stopped
11:51:55.775 [worker-akka.actor.default-dispatcher-10] INFO  a.a.LocalActorRef akka://worker/user/watcher/processing-watcher/graph/graph/$+ - Stopped
11:51:55.776 [worker-akka.actor.default-dispatcher-10] INFO  a.a.LocalActorRef akka://worker/user/watcher/processing-watcher/graph/edge - Stopped
11:51:55.776 [worker-akka.actor.default-dispatcher-17] INFO  a.a.LocalActorRef akka://worker/user/watcher/processing-watcher/graph/graph/$0 - Stopped
11:51:55.778 [worker-akka.actor.default-dispatcher-19] INFO  a.a.LocalActorRef akka://worker/user/watcher/processing-watcher/graph/graph/$1 - Stopped
11:51:55.779 [worker-akka.actor.default-dispatcher-19] INFO  a.a.LocalActorRef akka://worker/user/watcher/processing-watcher/graph/graph/$2 - Stopped
11:51:55.781 [worker-akka.actor.default-dispatcher-19] INFO  a.a.LocalActorRef akka://worker/user/watcher/processing-watcher/graph/graph/$3 - Stopped
11:51:55.783 [worker-akka.actor.default-dispatcher-19] INFO  a.a.LocalActorRef akka://worker/user/watcher/processing-watcher/graph/graph/$4 - Stopped
11:51:55.784 [worker-akka.actor.default-dispatcher-19] INFO  a.a.LocalActorRef akka://worker/user/watcher/processing-watcher/graph/graph/$5 - Stopped
11:51:55.785 [worker-akka.actor.default-dispatcher-19] INFO  a.a.LocalActorRef akka://worker/user/watcher/processing-watcher/graph/graph/$6 - Stopped
11:51:55.787 [worker-akka.actor.default-dispatcher-18] INFO  a.a.LocalActorRef akka://worker/user/watcher/processing-watcher/graph/graph/$7 - Stopped
11:51:55.787 [worker-akka.actor.default-dispatcher-18] INFO  a.a.LocalActorRef akka://worker/user/watcher/processing-watcher/graph/graph/$8 - Stopped
11:51:55.788 [worker-akka.actor.default-dispatcher-19] INFO  a.a.LocalActorRef akka://worker/user/watcher/processing-watcher/graph/graph/$9 - Stopped
11:51:55.789 [worker-akka.actor.default-dispatcher-19] INFO  a.a.LocalActorRef akka://worker/user/watcher/processing-watcher/graph/graph/$A - Stopped
11:51:55.791 [worker-akka.actor.default-dispatcher-19] INFO  a.a.LocalActorRef akka://worker/user/watcher/processing-watcher/graph/graph/$Ab - Stopped
11:51:55.792 [worker-akka.actor.default-dispatcher-19] INFO  a.a.LocalActorRef akka://worker/user/watcher/processing-watcher/graph/graph/$B - Stopped
11:51:55.793 [worker-akka.actor.default-dispatcher-19] INFO  a.a.LocalActorRef akka://worker/user/watcher/processing-watcher/graph/graph/$Bb - Stopped
11:51:55.795 [worker-akka.actor.default-dispatcher-19] INFO  a.a.LocalActorRef akka://worker/user/watcher/processing-watcher/graph/graph/$C - Stopped
11:51:55.796 [worker-akka.actor.default-dispatcher-19] INFO  a.a.LocalActorRef akka://worker/user/watcher/processing-watcher/graph/graph/$Cb - Stopped
11:51:55.797 [worker-akka.actor.default-dispatcher-19] INFO  a.a.LocalActorRef akka://worker/user/watcher/processing-watcher/graph/graph/$D - Stopped
11:51:55.799 [worker-akka.actor.default-dispatcher-19] INFO  a.a.LocalActorRef akka://worker/user/watcher/processing-watcher/graph/graph/$Db - Stopped
11:51:55.800 [worker-akka.actor.default-dispatcher-19] INFO  a.a.LocalActorRef akka://worker/user/watcher/processing-watcher/graph/graph/$E - Stopped
11:51:55.801 [worker-akka.actor.default-dispatcher-19] INFO  a.a.LocalActorRef akka://worker/user/watcher/processing-watcher/graph/graph/$Eb - Stopped
11:51:55.803 [worker-akka.actor.default-dispatcher-18] INFO  a.a.LocalActorRef akka://worker/user/watcher/processing-watcher/graph/graph/$F - Stopped
11:51:55.803 [worker-akka.actor.default-dispatcher-19] INFO  a.a.LocalActorRef akka://worker/user/watcher/processing-watcher/graph/graph/$Fb - Stopped
11:51:55.805 [worker-akka.actor.default-dispatcher-18] INFO  a.a.LocalActorRef akka://worker/user/watcher/processing-watcher/graph/graph/$G - Stopped
11:51:55.806 [worker-akka.actor.default-dispatcher-18] INFO  a.a.LocalActorRef akka://worker/user/watcher/processing-watcher/graph/graph/$Gb - Stopped
11:51:55.808 [worker-akka.actor.default-dispatcher-18] INFO  a.a.LocalActorRef akka://worker/user/watcher/processing-watcher/graph/graph/$H - Stopped
11:51:55.809 [worker-akka.actor.default-dispatcher-18] INFO  a.a.LocalActorRef akka://worker/user/watcher/processing-watcher/graph/graph/$Hb - Stopped
11:51:55.810 [worker-akka.actor.default-dispatcher-18] INFO  a.a.LocalActorRef akka://worker/user/watcher/processing-watcher/graph/graph/$I - Stopped
11:51:55.811 [worker-akka.actor.default-dispatcher-18] INFO  a.a.LocalActorRef akka://worker/user/watcher/processing-watcher/graph/graph/$Ib - Stopped
11:51:55.812 [worker-akka.actor.default-dispatcher-18] INFO  a.a.LocalActorRef akka://worker/user/watcher/processing-watcher/graph/graph/$J - Stopped
11:51:55.813 [worker-akka.actor.default-dispatcher-18] INFO  a.a.LocalActorRef akka://worker/user/watcher/processing-watcher/graph/graph/$Jb - Stopped
11:51:55.814 [worker-akka.actor.default-dispatcher-18] INFO  a.a.LocalActorRef akka://worker/user/watcher/processing-watcher/graph/graph/$K - Stopped
11:51:55.814 [worker-akka.actor.default-dispatcher-18] INFO  a.a.LocalActorRef akka://worker/user/watcher/processing-watcher/graph/graph/$Kb - Stopped
11:51:55.816 [worker-akka.actor.default-dispatcher-18] INFO  a.a.LocalActorRef akka://worker/user/watcher/processing-watcher/graph/graph/$L - Stopped
11:51:55.817 [worker-akka.actor.default-dispatcher-18] INFO  a.a.LocalActorRef akka://worker/user/watcher/processing-watcher/graph/graph/$Lb - Stopped
11:51:55.817 [worker-akka.actor.default-dispatcher-18] INFO  a.a.LocalActorRef akka://worker/user/watcher/processing-watcher/graph/graph/$M - Stopped
11:51:55.818 [worker-akka.actor.default-dispatcher-18] INFO  a.a.LocalActorRef akka://worker/user/watcher/processing-watcher/graph/graph/$Mb - Stopped
11:51:55.819 [worker-akka.actor.default-dispatcher-18] INFO  a.a.LocalActorRef akka://worker/user/watcher/processing-watcher/graph/graph/$N - Stopped
11:51:55.820 [worker-akka.actor.default-dispatcher-18] INFO  a.a.LocalActorRef akka://worker/user/watcher/processing-watcher/graph/graph/$Nb - Stopped
11:51:55.820 [worker-akka.actor.default-dispatcher-18] INFO  a.a.LocalActorRef akka://worker/user/watcher/processing-watcher/graph/graph/$O - Stopped
11:51:55.821 [worker-akka.actor.default-dispatcher-18] INFO  a.a.LocalActorRef akka://worker/user/watcher/processing-watcher/graph/graph/$P - Stopped
11:51:55.822 [worker-akka.actor.default-dispatcher-18] INFO  a.a.LocalActorRef akka://worker/user/watcher/processing-watcher/graph/graph/$Q - Stopped
11:51:55.823 [worker-akka.actor.default-dispatcher-18] INFO  a.a.LocalActorRef akka://worker/user/watcher/processing-watcher/graph/graph/$R - Stopped
11:51:55.824 [worker-akka.actor.default-dispatcher-18] INFO  a.a.LocalActorRef akka://worker/user/watcher/processing-watcher/graph/graph/$S - Stopped
11:51:55.825 [worker-akka.actor.default-dispatcher-18] INFO  a.a.LocalActorRef akka://worker/user/watcher/processing-watcher/graph/graph/$T - Stopped
11:51:55.826 [worker-akka.actor.default-dispatcher-18] INFO  a.a.LocalActorRef akka://worker/user/watcher/processing-watcher/graph/graph/$U - Stopped
11:51:55.827 [worker-akka.actor.default-dispatcher-18] INFO  a.a.LocalActorRef akka://worker/user/watcher/processing-watcher/graph/graph/$V - Stopped
11:51:55.828 [worker-akka.actor.default-dispatcher-18] INFO  a.a.LocalActorRef akka://worker/user/watcher/processing-watcher/graph/graph/$W - Stopped
11:51:55.829 [worker-akka.actor.default-dispatcher-18] INFO  a.a.LocalActorRef akka://worker/user/watcher/processing-watcher/graph/graph/$X - Stopped
11:51:55.833 [worker-akka.actor.default-dispatcher-18] INFO  a.a.LocalActorRef akka://worker/user/watcher/processing-watcher/graph/graph/$Y - Stopped
11:51:55.834 [worker-akka.actor.default-dispatcher-18] INFO  a.a.LocalActorRef akka://worker/user/watcher/processing-watcher/graph/graph/$Z - Stopped
11:51:55.836 [worker-akka.actor.default-dispatcher-18] INFO  a.a.LocalActorRef akka://worker/user/watcher/processing-watcher/graph/graph/$a - Stopped
11:51:55.837 [worker-akka.actor.default-dispatcher-18] INFO  a.a.LocalActorRef akka://worker/user/watcher/processing-watcher/graph/graph/$ab - Stopped
11:51:55.838 [worker-akka.actor.default-dispatcher-18] INFO  a.a.LocalActorRef akka://worker/user/watcher/processing-watcher/graph/graph/$b - Stopped
11:51:55.839 [worker-akka.actor.default-dispatcher-18] INFO  a.a.LocalActorRef akka://worker/user/watcher/processing-watcher/graph/graph/$bb - Stopped
11:51:55.840 [worker-akka.actor.default-dispatcher-18] INFO  a.a.LocalActorRef akka://worker/user/watcher/processing-watcher/graph/graph/$c - Stopped
11:51:55.841 [worker-akka.actor.default-dispatcher-18] INFO  a.a.LocalActorRef akka://worker/user/watcher/processing-watcher/graph/graph/$cb - Stopped
11:51:55.842 [worker-akka.actor.default-dispatcher-18] INFO  a.a.LocalActorRef akka://worker/user/watcher/processing-watcher/graph/graph/$d - Stopped
11:51:55.843 [worker-akka.actor.default-dispatcher-18] INFO  a.a.LocalActorRef akka://worker/user/watcher/processing-watcher/graph/graph/$db - Stopped
11:51:55.843 [worker-akka.actor.default-dispatcher-18] INFO  a.a.LocalActorRef akka://worker/user/watcher/processing-watcher/graph/graph/$e - Stopped
11:51:55.844 [worker-akka.actor.default-dispatcher-18] INFO  a.a.LocalActorRef akka://worker/user/watcher/processing-watcher/graph/graph/$eb - Stopped
11:51:55.845 [worker-akka.actor.default-dispatcher-18] INFO  a.a.LocalActorRef akka://worker/user/watcher/processing-watcher/graph/graph/$f - Stopped
11:51:55.846 [worker-akka.actor.default-dispatcher-18] INFO  a.a.LocalActorRef akka://worker/user/watcher/processing-watcher/graph/graph/$fb - Stopped
11:51:55.847 [worker-akka.actor.default-dispatcher-18] INFO  a.a.LocalActorRef akka://worker/user/watcher/processing-watcher/graph/graph/$g - Stopped
11:51:55.848 [worker-akka.actor.default-dispatcher-18] INFO  a.a.LocalActorRef akka://worker/user/watcher/processing-watcher/graph/graph/$gb - Stopped
11:51:55.848 [worker-akka.actor.default-dispatcher-18] INFO  a.a.LocalActorRef akka://worker/user/watcher/processing-watcher/graph/graph/$h - Stopped
11:51:55.849 [worker-akka.actor.default-dispatcher-18] INFO  a.a.LocalActorRef akka://worker/user/watcher/processing-watcher/graph/graph/$hb - Stopped
11:51:55.850 [worker-akka.actor.default-dispatcher-18] INFO  a.a.LocalActorRef akka://worker/user/watcher/processing-watcher/graph/graph/$i - Stopped
11:51:55.851 [worker-akka.actor.default-dispatcher-18] INFO  a.a.LocalActorRef akka://worker/user/watcher/processing-watcher/graph/graph/$ib - Stopped
11:51:55.851 [worker-akka.actor.default-dispatcher-18] INFO  a.a.LocalActorRef akka://worker/user/watcher/processing-watcher/graph/graph/$j - Stopped
11:51:55.852 [worker-akka.actor.default-dispatcher-18] INFO  a.a.LocalActorRef akka://worker/user/watcher/processing-watcher/graph/graph/$jb - Stopped
11:51:55.853 [worker-akka.actor.default-dispatcher-18] INFO  a.a.LocalActorRef akka://worker/user/watcher/processing-watcher/graph/graph/$k - Stopped
11:51:55.854 [worker-akka.actor.default-dispatcher-18] INFO  a.a.LocalActorRef akka://worker/user/watcher/processing-watcher/graph/graph/$kb - Stopped
11:51:55.855 [worker-akka.actor.default-dispatcher-18] INFO  a.a.LocalActorRef akka://worker/user/watcher/processing-watcher/graph/graph/$l - Stopped
11:51:55.856 [worker-akka.actor.default-dispatcher-18] INFO  a.a.LocalActorRef akka://worker/user/watcher/processing-watcher/graph/graph/$lb - Stopped
11:51:55.857 [worker-akka.actor.default-dispatcher-18] INFO  a.a.LocalActorRef akka://worker/user/watcher/processing-watcher/graph/graph/$m - Stopped
11:51:55.857 [worker-akka.actor.default-dispatcher-18] INFO  a.a.LocalActorRef akka://worker/user/watcher/processing-watcher/graph/graph/$mb - Stopped
11:51:55.858 [worker-akka.actor.default-dispatcher-18] INFO  a.a.LocalActorRef akka://worker/user/watcher/processing-watcher/graph/graph/$n - Stopped
11:51:55.859 [worker-akka.actor.default-dispatcher-18] INFO  a.a.LocalActorRef akka://worker/user/watcher/processing-watcher/graph/graph/$nb - Stopped
11:51:55.859 [worker-akka.actor.default-dispatcher-18] INFO  a.a.LocalActorRef akka://worker/user/watcher/processing-watcher/graph/graph/$o - Stopped
11:51:55.860 [worker-akka.actor.default-dispatcher-18] INFO  a.a.LocalActorRef akka://worker/user/watcher/processing-watcher/graph/graph/$ob - Stopped
11:51:55.861 [worker-akka.actor.default-dispatcher-18] INFO  a.a.LocalActorRef akka://worker/user/watcher/processing-watcher/graph/graph/$p - Stopped
11:51:55.862 [worker-akka.actor.default-dispatcher-18] INFO  a.a.LocalActorRef akka://worker/user/watcher/processing-watcher/graph/graph/$pb - Stopped
11:51:55.863 [worker-akka.actor.default-dispatcher-18] INFO  a.a.LocalActorRef akka://worker/user/watcher/processing-watcher/graph/graph/$q - Stopped
11:51:55.864 [worker-akka.actor.default-dispatcher-18] INFO  a.a.LocalActorRef akka://worker/user/watcher/processing-watcher/graph/graph/$qb - Stopped
11:51:55.865 [worker-akka.actor.default-dispatcher-18] INFO  a.a.LocalActorRef akka://worker/user/watcher/processing-watcher/graph/graph/$r - Stopped
11:51:55.866 [worker-akka.actor.default-dispatcher-18] INFO  a.a.LocalActorRef akka://worker/user/watcher/processing-watcher/graph/graph/$rb - Stopped
11:51:55.866 [worker-akka.actor.default-dispatcher-18] INFO  a.a.LocalActorRef akka://worker/user/watcher/processing-watcher/graph/graph/$s - Stopped
11:51:55.867 [worker-akka.actor.default-dispatcher-18] INFO  a.a.LocalActorRef akka://worker/user/watcher/processing-watcher/graph/graph/$sb - Stopped
11:51:55.868 [worker-akka.actor.default-dispatcher-18] INFO  a.a.LocalActorRef akka://worker/user/watcher/processing-watcher/graph/graph/$t - Stopped
11:51:55.868 [worker-akka.actor.default-dispatcher-18] INFO  a.a.LocalActorRef akka://worker/user/watcher/processing-watcher/graph/graph/$tb - Stopped
11:51:55.869 [worker-akka.actor.default-dispatcher-18] INFO  a.a.LocalActorRef akka://worker/user/watcher/processing-watcher/graph/graph/$u - Stopped
11:51:55.870 [worker-akka.actor.default-dispatcher-18] INFO  a.a.LocalActorRef akka://worker/user/watcher/processing-watcher/graph/graph/$ub - Stopped
11:51:55.870 [worker-akka.actor.default-dispatcher-18] INFO  a.a.LocalActorRef akka://worker/user/watcher/processing-watcher/graph/graph/$v - Stopped
11:51:55.870 [worker-akka.actor.default-dispatcher-18] INFO  a.a.LocalActorRef akka://worker/user/watcher/processing-watcher/graph/graph/$vb - Stopped
11:51:55.871 [worker-akka.actor.default-dispatcher-18] INFO  a.a.LocalActorRef akka://worker/user/watcher/processing-watcher/graph/graph/$w - Stopped
11:51:55.872 [worker-akka.actor.default-dispatcher-18] INFO  a.a.LocalActorRef akka://worker/user/watcher/processing-watcher/graph/graph/$wb - Stopped
11:51:55.873 [worker-akka.actor.default-dispatcher-18] INFO  a.a.LocalActorRef akka://worker/user/watcher/processing-watcher/graph/graph/$x - Stopped
11:51:55.874 [worker-akka.actor.default-dispatcher-18] INFO  a.a.LocalActorRef akka://worker/user/watcher/processing-watcher/graph/graph/$xb - Stopped
11:51:55.876 [worker-akka.actor.default-dispatcher-18] INFO  a.a.LocalActorRef akka://worker/user/watcher/processing-watcher/graph/graph/$y - Stopped
11:51:55.876 [worker-akka.actor.default-dispatcher-18] INFO  a.a.LocalActorRef akka://worker/user/watcher/processing-watcher/graph/graph/$yb - Stopped
11:51:55.877 [worker-akka.actor.default-dispatcher-18] INFO  a.a.LocalActorRef akka://worker/user/watcher/processing-watcher/graph/graph/$z - Stopped
11:51:55.878 [worker-akka.actor.default-dispatcher-18] INFO  a.a.LocalActorRef akka://worker/user/watcher/processing-watcher/graph/graph/$zb - Stopped
11:51:55.879 [worker-akka.actor.default-dispatcher-18] INFO  a.a.LocalActorRef akka://worker/user/watcher/processing-watcher/graph/graph/$~ - Stopped
11:51:55.896 [worker-akka.actor.default-dispatcher-18] INFO  a.a.LocalActorRef akka://worker/user/watcher/processing-watcher/graph/graph - Stopped
11:51:55.904 [worker-akka.actor.default-dispatcher-18] INFO  a.a.LocalActorRef akka://worker/user/watcher/processing-watcher/graph - Stopped
11:51:55.905 [worker-akka.actor.default-dispatcher-10] INFO  a.a.LocalActorRef akka://worker/user/watcher/processing-watcher - Stopped
11:51:55.906 [Curator-Framework-0] INFO  o.a.c.f.i.CuratorFrameworkImpl  - backgroundOperationsLoop exiting
11:51:55.917 [Curator-PathChildrenCache-0] ERROR o.a.c.f.r.c.PathChildrenCache  - 
java.lang.IllegalStateException: instance must be started before calling this method
	at org.apache.curator.shaded.com.google.common.base.Preconditions.checkState(Preconditions.java:444)
	at org.apache.curator.framework.imps.CuratorFrameworkImpl.getChildren(CuratorFrameworkImpl.java:456)
	at org.apache.curator.framework.recipes.cache.PathChildrenCache.refresh(PathChildrenCache.java:521)
	at org.apache.curator.framework.recipes.cache.RefreshOperation.invoke(RefreshOperation.java:35)
	at org.apache.curator.framework.recipes.cache.PathChildrenCache$9.run(PathChildrenCache.java:786)
	at java.util.concurrent.Executors$RunnableAdapter.call(Executors.java:511)
	at java.util.concurrent.FutureTask.run(FutureTask.java:266)
	at java.util.concurrent.Executors$RunnableAdapter.call(Executors.java:511)
	at java.util.concurrent.FutureTask.run(FutureTask.java:266)
	at java.util.concurrent.ThreadPoolExecutor.runWorker(ThreadPoolExecutor.java:1149)
	at java.util.concurrent.ThreadPoolExecutor$Worker.run(ThreadPoolExecutor.java:624)
	at java.lang.Thread.run(Thread.java:748)
11:51:55.918 [worker-akka.actor.default-dispatcher-6-EventThread] INFO  o.a.z.ClientCnxn  - EventThread shut down for session: 0x100002c53420006
11:51:55.918 [worker-akka.actor.default-dispatcher-10] INFO  o.a.z.ZooKeeper  - Session: 0x100002c53420006 closed
11:51:55.919 [worker-akka.actor.default-dispatcher-18] INFO  a.a.RepointableActorRef akka://worker/user/watcher - Stopped
11:51:55.927 [worker-akka.actor.default-dispatcher-10] INFO  a.r.RemoteActorRefProvider$RemotingTerminator akka://worker@flamestream-benchmarks-worker-9:5412/system/remoting-terminator - Shutting down remote daemon.
11:51:55.929 [worker-akka.actor.default-dispatcher-10] INFO  a.r.RemoteActorRefProvider$RemotingTerminator akka://worker@flamestream-benchmarks-worker-9:5412/system/remoting-terminator - Remote daemon shut down; proceeding with flushing remote transports.
11:51:57.148 [worker-akka.actor.default-dispatcher-10] INFO  a.r.RemoteActorRefProvider$RemotingTerminator akka://worker@flamestream-benchmarks-worker-9:5412/system/remoting-terminator - Remoting shut down.
Heap
 def new generation   total 460800K, used 349043K [0x00000000a2400000, 0x00000000c1800000, 0x00000000c1800000)
  eden space 409600K,  85% used [0x00000000a2400000, 0x00000000b78b2c90, 0x00000000bb400000)
  from space 51200K,   0% used [0x00000000be600000, 0x00000000be62a200, 0x00000000c1800000)
  to   space 51200K,   0% used [0x00000000bb400000, 0x00000000bb400000, 0x00000000be600000)
 tenured generation   total 1024000K, used 56787K [0x00000000c1800000, 0x0000000100000000, 0x0000000100000000)
   the space 1024000K,   5% used [0x00000000c1800000, 0x00000000c4f74e50, 0x00000000c4f75000, 0x0000000100000000)
 Metaspace       used 40728K, capacity 43550K, committed 43648K, reserved 1087488K
  class space    used 5341K, capacity 5663K, committed 5760K, reserved 1048576K
