23:27:51,035 |-INFO in ch.qos.logback.classic.LoggerContext[default] - Could NOT find resource [logback-test.xml]
23:27:51,035 |-INFO in ch.qos.logback.classic.LoggerContext[default] - Could NOT find resource [logback.groovy]
23:27:51,035 |-INFO in ch.qos.logback.classic.LoggerContext[default] - Found resource [logback.xml] at [jar:file:/home/nikitasokolov/flamestream/lib/flamestream-runtime-1.0-SNAPSHOT.jar!/logback.xml]
23:27:51,036 |-WARN in ch.qos.logback.classic.LoggerContext[default] - Resource [logback.xml] occurs multiple times on the classpath.
23:27:51,036 |-WARN in ch.qos.logback.classic.LoggerContext[default] - Resource [logback.xml] occurs at [jar:file:/home/nikitasokolov/flamestream/lib/flamestream-runtime-1.0-SNAPSHOT.jar!/logback.xml]
23:27:51,036 |-WARN in ch.qos.logback.classic.LoggerContext[default] - Resource [logback.xml] occurs at [jar:file:/home/nikitasokolov/flamestream/flamestream-runtime-1.0-SNAPSHOT.jar!/logback.xml]
23:27:51,052 |-INFO in ch.qos.logback.core.joran.spi.ConfigurationWatchList@6108b2d7 - URL [jar:file:/home/nikitasokolov/flamestream/lib/flamestream-runtime-1.0-SNAPSHOT.jar!/logback.xml] is not of type file
23:27:51,105 |-INFO in ch.qos.logback.classic.joran.action.ConfigurationAction - debug attribute not set
23:27:51,106 |-INFO in ch.qos.logback.core.joran.action.AppenderAction - About to instantiate appender of type [ch.qos.logback.core.ConsoleAppender]
23:27:51,116 |-INFO in ch.qos.logback.core.joran.action.AppenderAction - Naming appender as [STDOUT]
23:27:51,124 |-INFO in ch.qos.logback.core.joran.action.NestedComplexPropertyIA - Assuming default type [ch.qos.logback.classic.encoder.PatternLayoutEncoder] for [encoder] property
23:27:51,184 |-INFO in ch.qos.logback.core.joran.action.AppenderAction - About to instantiate appender of type [ch.qos.logback.core.rolling.RollingFileAppender]
23:27:51,189 |-INFO in ch.qos.logback.core.joran.action.AppenderAction - Naming appender as [FILE]
23:27:51,210 |-INFO in c.q.l.core.rolling.TimeBasedRollingPolicy@357863579 - No compression will be used
23:27:51,211 |-INFO in c.q.l.core.rolling.TimeBasedRollingPolicy@357863579 - Will use the pattern /tmp/application_%d{yyyy-MM-dd}.%i.log for the active file
23:27:51,214 |-INFO in ch.qos.logback.core.rolling.SizeAndTimeBasedFNATP@6bf256fa - The date pattern is 'yyyy-MM-dd' from file name pattern '/tmp/application_%d{yyyy-MM-dd}.%i.log'.
23:27:51,214 |-INFO in ch.qos.logback.core.rolling.SizeAndTimeBasedFNATP@6bf256fa - Roll-over at midnight.
23:27:51,218 |-INFO in ch.qos.logback.core.rolling.SizeAndTimeBasedFNATP@6bf256fa - Setting initial period to Sat Jun 08 23:27:06 MSK 2019
23:27:51,219 |-WARN in ch.qos.logback.core.rolling.SizeAndTimeBasedFNATP@6bf256fa - SizeAndTimeBasedFNATP is deprecated. Use SizeAndTimeBasedRollingPolicy instead
23:27:51,219 |-WARN in ch.qos.logback.core.rolling.SizeAndTimeBasedFNATP@6bf256fa - For more information see http://logback.qos.ch/manual/appenders.html#SizeAndTimeBasedRollingPolicy
23:27:51,223 |-INFO in ch.qos.logback.core.joran.action.NestedComplexPropertyIA - Assuming default type [ch.qos.logback.classic.encoder.PatternLayoutEncoder] for [encoder] property
23:27:51,225 |-INFO in ch.qos.logback.core.rolling.RollingFileAppender[FILE] - Active log file name: /tmp/application.log
23:27:51,225 |-INFO in ch.qos.logback.core.rolling.RollingFileAppender[FILE] - File property is set to [/tmp/application.log]
23:27:51,226 |-INFO in ch.qos.logback.classic.joran.action.RootLoggerAction - Setting level of ROOT logger to WARN
23:27:51,226 |-INFO in ch.qos.logback.core.joran.action.AppenderRefAction - Attaching appender named [STDOUT] to Logger[ROOT]
23:27:51,227 |-INFO in ch.qos.logback.core.joran.action.AppenderRefAction - Attaching appender named [FILE] to Logger[ROOT]
23:27:51,227 |-INFO in ch.qos.logback.classic.joran.action.ConfigurationAction - End of configuration.
23:27:51,227 |-INFO in ch.qos.logback.classic.joran.JoranConfigurator@6cd8737 - Registering current configuration as safe fallback point

2019-06-08T23:27:52.235+0300: 1.415: [GC (Metadata GC Threshold) [PSYoungGen: 108151K->15987K(149504K)] 108151K->16067K(491008K), 0.0228664 secs] [Times: user=0.11 sys=0.02, real=0.03 secs] 
2019-06-08T23:27:52.258+0300: 1.438: [Full GC (Metadata GC Threshold) [PSYoungGen: 15987K->0K(149504K)] [ParOldGen: 80K->15078K(341504K)] 16067K->15078K(491008K), [Metaspace: 20800K->20800K(1067008K)], 0.0248293 secs] [Times: user=0.12 sys=0.04, real=0.02 secs] 
23:27:59.493 [Curator-PathChildrenCache-1] WARN  o.a.c.u.ZKPaths  - The version of ZooKeeper being used doesn't support Container nodes. CreateMode.PERSISTENT will be used instead.
2019-06-08T23:28:00.518+0300: 9.698: [GC (Metadata GC Threshold) [PSYoungGen: 126345K->15994K(149504K)] 141423K->50611K(491008K), 0.0306475 secs] [Times: user=0.27 sys=0.01, real=0.02 secs] 
2019-06-08T23:28:00.549+0300: 9.729: [Full GC (Metadata GC Threshold) [PSYoungGen: 15994K->0K(149504K)] [ParOldGen: 34617K->39064K(341504K)] 50611K->39064K(491008K), [Metaspace: 34565K->34565K(1079296K)], 0.0360212 secs] [Times: user=0.19 sys=0.02, real=0.04 secs] 
2019-06-08T23:28:04.243+0300: 13.423: [GC (Allocation Failure) [PSYoungGen: 128512K->512K(149504K)] 167576K->39584K(491008K), 0.0043100 secs] [Times: user=0.03 sys=0.00, real=0.00 secs] 
2019-06-08T23:28:08.569+0300: 17.749: [GC (Allocation Failure) [PSYoungGen: 129024K->512K(149504K)] 168096K->39584K(491008K), 0.0033096 secs] [Times: user=0.00 sys=0.01, real=0.01 secs] 
2019-06-08T23:28:12.883+0300: 22.063: [GC (Allocation Failure) [PSYoungGen: 129024K->576K(129536K)] 168096K->39656K(471040K), 0.0031549 secs] [Times: user=0.01 sys=0.00, real=0.00 secs] 
2019-06-08T23:28:17.225+0300: 26.405: [GC (Allocation Failure) [PSYoungGen: 129088K->480K(150016K)] 168168K->39568K(491520K), 0.0086568 secs] [Times: user=0.06 sys=0.01, real=0.01 secs] 
2019-06-08T23:28:21.572+0300: 30.752: [GC (Allocation Failure) [PSYoungGen: 128992K->544K(148992K)] 168080K->39640K(490496K), 0.0032963 secs] [Times: user=0.01 sys=0.00, real=0.00 secs] 
2019-06-08T23:28:25.961+0300: 35.141: [GC (Allocation Failure) [PSYoungGen: 129056K->608K(151552K)] 168152K->39712K(493056K), 0.0029784 secs] [Times: user=0.02 sys=0.00, real=0.00 secs] 
2019-06-08T23:28:30.476+0300: 39.656: [GC (Allocation Failure) [PSYoungGen: 132192K->672K(150528K)] 171296K->39784K(492032K), 0.0034177 secs] [Times: user=0.01 sys=0.01, real=0.01 secs] 
2019-06-08T23:28:34.969+0300: 44.149: [GC (Allocation Failure) [PSYoungGen: 132256K->608K(153088K)] 171368K->39728K(494592K), 0.0027910 secs] [Times: user=0.01 sys=0.00, real=0.01 secs] 
2019-06-08T23:28:39.613+0300: 48.793: [GC (Allocation Failure) [PSYoungGen: 135776K->736K(152576K)] 174896K->39864K(494080K), 0.0028795 secs] [Times: user=0.01 sys=0.01, real=0.00 secs] 
2019-06-08T23:28:44.198+0300: 53.378: [GC (Allocation Failure) [PSYoungGen: 135904K->608K(154624K)] 175032K->39744K(496128K), 0.0045049 secs] [Times: user=0.02 sys=0.00, real=0.00 secs] 
2019-06-08T23:28:48.887+0300: 58.067: [GC (Allocation Failure) [PSYoungGen: 138848K->704K(154112K)] 177984K->39848K(495616K), 0.0034160 secs] [Times: user=0.01 sys=0.01, real=0.01 secs] 
2019-06-08T23:28:53.761+0300: 62.941: [GC (Allocation Failure) [PSYoungGen: 138944K->1143K(156672K)] 178088K->40295K(498176K), 0.0037531 secs] [Times: user=0.01 sys=0.00, real=0.00 secs] 
2019-06-08T23:28:59.913+0300: 69.093: [GC (Allocation Failure) [PSYoungGen: 142967K->864K(155648K)] 182119K->40016K(497152K), 0.0727029 secs] [Times: user=0.01 sys=0.01, real=0.07 secs] 
2019-06-08T23:29:06.034+0300: 75.214: [GC (Allocation Failure) [PSYoungGen: 142688K->832K(158208K)] 181840K->39992K(499712K), 0.0040677 secs] [Times: user=0.01 sys=0.01, real=0.01 secs] 
2019-06-08T23:29:12.329+0300: 81.509: [GC (Allocation Failure) [PSYoungGen: 145728K->800K(157184K)] 184888K->39968K(498688K), 0.0032981 secs] [Times: user=0.01 sys=0.00, real=0.01 secs] 
2019-06-08T23:29:18.494+0300: 87.674: [GC (Allocation Failure) [PSYoungGen: 145696K->576K(159232K)] 184864K->39952K(500736K), 0.0031270 secs] [Times: user=0.01 sys=0.00, real=0.00 secs] 
23:29:32.103 [Curator-PathChildrenCache-0] ERROR o.a.c.f.r.c.PathChildrenCache  - 
java.lang.IllegalStateException: instance must be started before calling this method
	at org.apache.curator.shaded.com.google.common.base.Preconditions.checkState(Preconditions.java:444)
	at org.apache.curator.framework.imps.CuratorFrameworkImpl.getChildren(CuratorFrameworkImpl.java:456)
	at org.apache.curator.framework.recipes.cache.PathChildrenCache.refresh(PathChildrenCache.java:521)
	at org.apache.curator.framework.recipes.cache.RefreshOperation.invoke(RefreshOperation.java:35)
	at org.apache.curator.framework.recipes.cache.PathChildrenCache$9.run(PathChildrenCache.java:786)
	at java.util.concurrent.Executors$RunnableAdapter.call(Executors.java:511)
	at java.util.concurrent.FutureTask.run(FutureTask.java:266)
	at java.util.concurrent.Executors$RunnableAdapter.call(Executors.java:511)
	at java.util.concurrent.FutureTask.run(FutureTask.java:266)
	at java.util.concurrent.ThreadPoolExecutor.runWorker(ThreadPoolExecutor.java:1149)
	at java.util.concurrent.ThreadPoolExecutor$Worker.run(ThreadPoolExecutor.java:624)
	at java.lang.Thread.run(Thread.java:748)
Heap
 PSYoungGen      total 159232K, used 66590K [0x00000000f5980000, 0x0000000100000000, 0x0000000100000000)
  eden space 147456K, 44% used [0x00000000f5980000,0x00000000f99f7898,0x00000000fe980000)
  from space 11776K, 4% used [0x00000000ff480000,0x00000000ff510080,0x0000000100000000)
  to   space 11264K, 0% used [0x00000000fe980000,0x00000000fe980000,0x00000000ff480000)
 ParOldGen       total 341504K, used 39376K [0x00000000e0c00000, 0x00000000f5980000, 0x00000000f5980000)
  object space 341504K, 11% used [0x00000000e0c00000,0x00000000e32740c8,0x00000000f5980000)
 Metaspace       used 36232K, capacity 37030K, committed 37208K, reserved 1081344K
  class space    used 4978K, capacity 5161K, committed 5248K, reserved 1048576K
