08:27:16,884 |-INFO in ch.qos.logback.classic.LoggerContext[default] - Could NOT find resource [logback-test.xml]
08:27:16,884 |-INFO in ch.qos.logback.classic.LoggerContext[default] - Could NOT find resource [logback.groovy]
08:27:16,884 |-INFO in ch.qos.logback.classic.LoggerContext[default] - Found resource [logback.xml] at [jar:file:/root/flamestream/lib/flamestream-runtime-1.0-SNAPSHOT.jar!/logback.xml]
08:27:16,885 |-WARN in ch.qos.logback.classic.LoggerContext[default] - Resource [logback.xml] occurs multiple times on the classpath.
08:27:16,885 |-WARN in ch.qos.logback.classic.LoggerContext[default] - Resource [logback.xml] occurs at [jar:file:/root/flamestream/lib/flamestream-runtime-1.0-SNAPSHOT.jar!/logback.xml]
08:27:16,885 |-WARN in ch.qos.logback.classic.LoggerContext[default] - Resource [logback.xml] occurs at [jar:file:/root/flamestream/flamestream-runtime-1.0-SNAPSHOT.jar!/logback.xml]
08:27:16,904 |-INFO in ch.qos.logback.core.joran.spi.ConfigurationWatchList@3fb6a447 - URL [jar:file:/root/flamestream/lib/flamestream-runtime-1.0-SNAPSHOT.jar!/logback.xml] is not of type file
08:27:16,972 |-INFO in ch.qos.logback.classic.joran.action.ConfigurationAction - debug attribute not set
08:27:16,973 |-INFO in ch.qos.logback.core.joran.action.AppenderAction - About to instantiate appender of type [ch.qos.logback.core.ConsoleAppender]
08:27:16,993 |-INFO in ch.qos.logback.core.joran.action.AppenderAction - Naming appender as [STDOUT]
08:27:17,011 |-INFO in ch.qos.logback.core.joran.action.NestedComplexPropertyIA - Assuming default type [ch.qos.logback.classic.encoder.PatternLayoutEncoder] for [encoder] property
08:27:17,092 |-INFO in ch.qos.logback.core.joran.action.AppenderAction - About to instantiate appender of type [ch.qos.logback.core.rolling.RollingFileAppender]
08:27:17,097 |-INFO in ch.qos.logback.core.joran.action.AppenderAction - Naming appender as [FILE]
08:27:17,131 |-INFO in c.q.l.core.rolling.TimeBasedRollingPolicy@127618319 - No compression will be used
08:27:17,132 |-INFO in c.q.l.core.rolling.TimeBasedRollingPolicy@127618319 - Will use the pattern /tmp/application_%d{yyyy-MM-dd}.%i.log for the active file
08:27:17,135 |-INFO in ch.qos.logback.core.rolling.SizeAndTimeBasedFNATP@6b2fad11 - The date pattern is 'yyyy-MM-dd' from file name pattern '/tmp/application_%d{yyyy-MM-dd}.%i.log'.
08:27:17,135 |-INFO in ch.qos.logback.core.rolling.SizeAndTimeBasedFNATP@6b2fad11 - Roll-over at midnight.
08:27:17,140 |-INFO in ch.qos.logback.core.rolling.SizeAndTimeBasedFNATP@6b2fad11 - Setting initial period to Tue Jun 11 08:26:01 UTC 2019
08:27:17,140 |-WARN in ch.qos.logback.core.rolling.SizeAndTimeBasedFNATP@6b2fad11 - SizeAndTimeBasedFNATP is deprecated. Use SizeAndTimeBasedRollingPolicy instead
08:27:17,140 |-WARN in ch.qos.logback.core.rolling.SizeAndTimeBasedFNATP@6b2fad11 - For more information see http://logback.qos.ch/manual/appenders.html#SizeAndTimeBasedRollingPolicy
08:27:17,144 |-INFO in ch.qos.logback.core.joran.action.NestedComplexPropertyIA - Assuming default type [ch.qos.logback.classic.encoder.PatternLayoutEncoder] for [encoder] property
08:27:17,149 |-INFO in ch.qos.logback.core.rolling.RollingFileAppender[FILE] - Active log file name: /tmp/application.log
08:27:17,149 |-INFO in ch.qos.logback.core.rolling.RollingFileAppender[FILE] - File property is set to [/tmp/application.log]
08:27:17,150 |-INFO in ch.qos.logback.classic.joran.action.RootLoggerAction - Setting level of ROOT logger to WARN
08:27:17,150 |-INFO in ch.qos.logback.core.joran.action.AppenderRefAction - Attaching appender named [STDOUT] to Logger[ROOT]
08:27:17,152 |-INFO in ch.qos.logback.core.joran.action.AppenderRefAction - Attaching appender named [FILE] to Logger[ROOT]
08:27:17,152 |-INFO in ch.qos.logback.classic.joran.action.ConfigurationAction - End of configuration.
08:27:17,153 |-INFO in ch.qos.logback.classic.joran.JoranConfigurator@79698539 - Registering current configuration as safe fallback point

Ama winner
Ama winner
2019-06-11T08:27:18.387+0000: 1.693: [Full GC (Metadata GC Threshold) 2019-06-11T08:27:18.387+0000: 1.693: [Tenured: 0K->15144K(341376K), 0.0391078 secs] 114987K->15144K(494976K), [Metaspace: 20731K->20731K(1067008K)], 0.0391736 secs] [Times: user=0.03 sys=0.00, real=0.04 secs] 
08:27:33.584 [Curator-PathChildrenCache-1] WARN  o.a.c.u.ZKPaths  - The version of ZooKeeper being used doesn't support Container nodes. CreateMode.PERSISTENT will be used instead.
2019-06-11T08:27:35.915+0000: 19.220: [GC (Allocation Failure) 2019-06-11T08:27:35.915+0000: 19.220: [DefNew: 136576K->17023K(153600K), 0.0333275 secs] 151720K->52471K(494976K), 0.0333995 secs] [Times: user=0.02 sys=0.01, real=0.04 secs] 
2019-06-11T08:27:42.408+0000: 25.714: [GC (Allocation Failure) 2019-06-11T08:27:42.408+0000: 25.714: [DefNew: 153599K->164K(153600K), 0.0095455 secs] 189047K->43707K(494976K), 0.0096102 secs] [Times: user=0.00 sys=0.01, real=0.01 secs] 
2019-06-11T08:27:44.374+0000: 27.680: [Full GC (Metadata GC Threshold) 2019-06-11T08:27:44.374+0000: 27.680: [Tenured: 43543K->43699K(341376K), 0.0398846 secs] 87382K->43699K(494976K), [Metaspace: 34614K->34614K(1079296K)], 0.0399579 secs] [Times: user=0.04 sys=0.00, real=0.04 secs] 
2019-06-11T08:27:50.989+0000: 34.294: [GC (Allocation Failure) 2019-06-11T08:27:50.989+0000: 34.294: [DefNew: 136576K->48K(153600K), 0.0015787 secs] 180275K->43747K(494976K), 0.0016616 secs] [Times: user=0.00 sys=0.00, real=0.00 secs] 
2019-06-11T08:27:57.612+0000: 40.917: [GC (Allocation Failure) 2019-06-11T08:27:57.612+0000: 40.917: [DefNew: 136624K->50K(153600K), 0.0016176 secs] 180323K->43749K(494976K), 0.0016775 secs] [Times: user=0.00 sys=0.00, real=0.00 secs] 
2019-06-11T08:28:04.278+0000: 47.583: [GC (Allocation Failure) 2019-06-11T08:28:04.278+0000: 47.583: [DefNew: 136626K->56K(153600K), 0.0016219 secs] 180325K->43756K(494976K), 0.0016826 secs] [Times: user=0.01 sys=0.00, real=0.00 secs] 
2019-06-11T08:28:10.943+0000: 54.249: [GC (Allocation Failure) 2019-06-11T08:28:10.943+0000: 54.249: [DefNew: 136632K->49K(153600K), 0.0016921 secs] 180332K->43748K(494976K), 0.0017602 secs] [Times: user=0.00 sys=0.00, real=0.01 secs] 
08:28:18.721 [Curator-PathChildrenCache-0] ERROR o.a.c.f.r.c.PathChildrenCache  - 
java.lang.IllegalStateException: instance must be started before calling this method
	at org.apache.curator.shaded.com.google.common.base.Preconditions.checkState(Preconditions.java:444)
	at org.apache.curator.framework.imps.CuratorFrameworkImpl.getChildren(CuratorFrameworkImpl.java:456)
	at org.apache.curator.framework.recipes.cache.PathChildrenCache.refresh(PathChildrenCache.java:521)
	at org.apache.curator.framework.recipes.cache.RefreshOperation.invoke(RefreshOperation.java:35)
	at org.apache.curator.framework.recipes.cache.PathChildrenCache$9.run(PathChildrenCache.java:786)
	at java.util.concurrent.Executors$RunnableAdapter.call(Executors.java:511)
	at java.util.concurrent.FutureTask.run(FutureTask.java:266)
	at java.util.concurrent.Executors$RunnableAdapter.call(Executors.java:511)
	at java.util.concurrent.FutureTask.run(FutureTask.java:266)
	at java.util.concurrent.ThreadPoolExecutor.runWorker(ThreadPoolExecutor.java:1149)
	at java.util.concurrent.ThreadPoolExecutor$Worker.run(ThreadPoolExecutor.java:624)
	at java.lang.Thread.run(Thread.java:748)
Heap
 def new generation   total 153600K, used 82549K [0x00000000e0c00000, 0x00000000eb2a0000, 0x00000000eb2a0000)
  eden space 136576K,  60% used [0x00000000e0c00000, 0x00000000e5c90ec0, 0x00000000e9160000)
  from space 17024K,   0% used [0x00000000e9160000, 0x00000000e916c578, 0x00000000ea200000)
  to   space 17024K,   0% used [0x00000000ea200000, 0x00000000ea200000, 0x00000000eb2a0000)
 tenured generation   total 341376K, used 43699K [0x00000000eb2a0000, 0x0000000100000000, 0x0000000100000000)
   the space 341376K,  12% used [0x00000000eb2a0000, 0x00000000edd4ccf8, 0x00000000edd4ce00, 0x0000000100000000)
 Metaspace       used 35950K, capacity 36858K, committed 37120K, reserved 1081344K
  class space    used 4867K, capacity 5073K, committed 5120K, reserved 1048576K
