13:05:49,737 |-INFO in ch.qos.logback.classic.LoggerContext[default] - Could NOT find resource [logback-test.xml]
13:05:49,737 |-INFO in ch.qos.logback.classic.LoggerContext[default] - Could NOT find resource [logback.groovy]
13:05:49,738 |-INFO in ch.qos.logback.classic.LoggerContext[default] - Found resource [logback.xml] at [jar:file:/root/flamestream/lib/flamestream-runtime-1.0-SNAPSHOT.jar!/logback.xml]
13:05:49,738 |-WARN in ch.qos.logback.classic.LoggerContext[default] - Resource [logback.xml] occurs multiple times on the classpath.
13:05:49,739 |-WARN in ch.qos.logback.classic.LoggerContext[default] - Resource [logback.xml] occurs at [jar:file:/root/flamestream/lib/flamestream-runtime-1.0-SNAPSHOT.jar!/logback.xml]
13:05:49,739 |-WARN in ch.qos.logback.classic.LoggerContext[default] - Resource [logback.xml] occurs at [jar:file:/root/flamestream/flamestream-runtime-1.0-SNAPSHOT.jar!/logback.xml]
13:05:49,758 |-INFO in ch.qos.logback.core.joran.spi.ConfigurationWatchList@3fb6a447 - URL [jar:file:/root/flamestream/lib/flamestream-runtime-1.0-SNAPSHOT.jar!/logback.xml] is not of type file
13:05:49,824 |-INFO in ch.qos.logback.classic.joran.action.ConfigurationAction - debug attribute not set
13:05:49,824 |-INFO in ch.qos.logback.core.joran.action.AppenderAction - About to instantiate appender of type [ch.qos.logback.core.ConsoleAppender]
13:05:49,840 |-INFO in ch.qos.logback.core.joran.action.AppenderAction - Naming appender as [STDOUT]
13:05:49,860 |-INFO in ch.qos.logback.core.joran.action.NestedComplexPropertyIA - Assuming default type [ch.qos.logback.classic.encoder.PatternLayoutEncoder] for [encoder] property
13:05:49,957 |-INFO in ch.qos.logback.core.joran.action.AppenderAction - About to instantiate appender of type [ch.qos.logback.core.rolling.RollingFileAppender]
13:05:49,970 |-INFO in ch.qos.logback.core.joran.action.AppenderAction - Naming appender as [FILE]
13:05:49,997 |-INFO in c.q.l.core.rolling.TimeBasedRollingPolicy@127618319 - No compression will be used
13:05:49,998 |-INFO in c.q.l.core.rolling.TimeBasedRollingPolicy@127618319 - Will use the pattern /tmp/application_%d{yyyy-MM-dd}.%i.log for the active file
13:05:50,001 |-INFO in ch.qos.logback.core.rolling.SizeAndTimeBasedFNATP@6b2fad11 - The date pattern is 'yyyy-MM-dd' from file name pattern '/tmp/application_%d{yyyy-MM-dd}.%i.log'.
13:05:50,001 |-INFO in ch.qos.logback.core.rolling.SizeAndTimeBasedFNATP@6b2fad11 - Roll-over at midnight.
13:05:50,006 |-INFO in ch.qos.logback.core.rolling.SizeAndTimeBasedFNATP@6b2fad11 - Setting initial period to Mon Jun 10 13:04:31 UTC 2019
13:05:50,007 |-WARN in ch.qos.logback.core.rolling.SizeAndTimeBasedFNATP@6b2fad11 - SizeAndTimeBasedFNATP is deprecated. Use SizeAndTimeBasedRollingPolicy instead
13:05:50,007 |-WARN in ch.qos.logback.core.rolling.SizeAndTimeBasedFNATP@6b2fad11 - For more information see http://logback.qos.ch/manual/appenders.html#SizeAndTimeBasedRollingPolicy
13:05:50,012 |-INFO in ch.qos.logback.core.joran.action.NestedComplexPropertyIA - Assuming default type [ch.qos.logback.classic.encoder.PatternLayoutEncoder] for [encoder] property
13:05:50,016 |-INFO in ch.qos.logback.core.rolling.RollingFileAppender[FILE] - Active log file name: /tmp/application.log
13:05:50,016 |-INFO in ch.qos.logback.core.rolling.RollingFileAppender[FILE] - File property is set to [/tmp/application.log]
13:05:50,016 |-INFO in ch.qos.logback.classic.joran.action.RootLoggerAction - Setting level of ROOT logger to WARN
13:05:50,017 |-INFO in ch.qos.logback.core.joran.action.AppenderRefAction - Attaching appender named [STDOUT] to Logger[ROOT]
13:05:50,017 |-INFO in ch.qos.logback.core.joran.action.AppenderRefAction - Attaching appender named [FILE] to Logger[ROOT]
13:05:50,017 |-INFO in ch.qos.logback.classic.joran.action.ConfigurationAction - End of configuration.
13:05:50,018 |-INFO in ch.qos.logback.classic.joran.JoranConfigurator@79698539 - Registering current configuration as safe fallback point

Ama winner
Ama winner
2019-06-10T13:05:51.285+0000: 1.735: [Full GC (Metadata GC Threshold) 2019-06-10T13:05:51.285+0000: 1.735: [Tenured: 0K->15240K(341376K), 0.0395238 secs] 114987K->15240K(494976K), [Metaspace: 20733K->20733K(1067008K)], 0.0395918 secs] [Times: user=0.03 sys=0.00, real=0.04 secs] 
13:06:10.702 [Curator-PathChildrenCache-2] WARN  o.a.c.u.ZKPaths  - The version of ZooKeeper being used doesn't support Container nodes. CreateMode.PERSISTENT will be used instead.
2019-06-10T13:06:13.194+0000: 23.644: [GC (Allocation Failure) 2019-06-10T13:06:13.194+0000: 23.644: [DefNew: 136576K->17024K(153600K), 0.0277710 secs] 151816K->52982K(494976K), 0.0278497 secs] [Times: user=0.03 sys=0.00, real=0.02 secs] 
2019-06-10T13:06:13.541+0000: 23.991: [Full GC (Metadata GC Threshold) 2019-06-10T13:06:13.541+0000: 23.991: [Tenured: 35958K->44666K(341376K), 0.0357432 secs] 71305K->44666K(494976K), [Metaspace: 34633K->34633K(1079296K)], 0.0358170 secs] [Times: user=0.03 sys=0.00, real=0.04 secs] 
2019-06-10T13:06:20.331+0000: 30.780: [GC (Allocation Failure) 2019-06-10T13:06:20.331+0000: 30.780: [DefNew: 136576K->302K(153600K), 0.0024438 secs] 181242K->44969K(494976K), 0.0025027 secs] [Times: user=0.01 sys=0.00, real=0.00 secs] 
2019-06-10T13:06:26.839+0000: 37.289: [GC (Allocation Failure) 2019-06-10T13:06:26.839+0000: 37.289: [DefNew: 136878K->332K(153600K), 0.0022259 secs] 181545K->44999K(494976K), 0.0022904 secs] [Times: user=0.00 sys=0.00, real=0.00 secs] 
2019-06-10T13:06:33.380+0000: 43.829: [GC (Allocation Failure) 2019-06-10T13:06:33.380+0000: 43.829: [DefNew: 136908K->328K(153600K), 0.0021754 secs] 181575K->44994K(494976K), 0.0022352 secs] [Times: user=0.00 sys=0.00, real=0.00 secs] 
2019-06-10T13:06:39.982+0000: 50.432: [GC (Allocation Failure) 2019-06-10T13:06:39.982+0000: 50.432: [DefNew: 136904K->332K(153600K), 0.0022558 secs] 181570K->44999K(494976K), 0.0023155 secs] [Times: user=0.00 sys=0.00, real=0.00 secs] 
2019-06-10T13:06:46.616+0000: 57.066: [GC (Allocation Failure) 2019-06-10T13:06:46.616+0000: 57.066: [DefNew: 136908K->333K(153600K), 0.0020959 secs] 181575K->45000K(494976K), 0.0021622 secs] [Times: user=0.00 sys=0.00, real=0.00 secs] 
2019-06-10T13:06:53.294+0000: 63.744: [GC (Allocation Failure) 2019-06-10T13:06:53.295+0000: 63.744: [DefNew: 136909K->658K(153600K), 0.0026870 secs] 181576K->45324K(494976K), 0.0034922 secs] [Times: user=0.01 sys=0.00, real=0.00 secs] 
2019-06-10T13:07:00.890+0000: 71.340: [GC (Allocation Failure) 2019-06-10T13:07:00.890+0000: 71.340: [DefNew: 137234K->432K(153600K), 0.0023688 secs] 181900K->45099K(494976K), 0.0024295 secs] [Times: user=0.00 sys=0.00, real=0.00 secs] 
2019-06-10T13:07:08.433+0000: 78.882: [GC (Allocation Failure) 2019-06-10T13:07:08.433+0000: 78.882: [DefNew: 137008K->434K(153600K), 0.0023549 secs] 181675K->45101K(494976K), 0.0024154 secs] [Times: user=0.00 sys=0.00, real=0.01 secs] 
2019-06-10T13:07:15.952+0000: 86.402: [GC (Allocation Failure) 2019-06-10T13:07:15.952+0000: 86.402: [DefNew: 137010K->447K(153600K), 0.0024736 secs] 181677K->45114K(494976K), 0.0025336 secs] [Times: user=0.00 sys=0.00, real=0.01 secs] 
2019-06-10T13:07:32.226+0000: 102.676: [GC (Allocation Failure) 2019-06-10T13:07:32.226+0000: 102.676: [DefNew: 137023K->434K(153600K), 0.0024443 secs] 181690K->45100K(494976K), 0.0025047 secs] [Times: user=0.00 sys=0.00, real=0.00 secs] 
13:07:34.914 [Curator-PathChildrenCache-0] ERROR o.a.c.f.r.c.PathChildrenCache  - 
java.lang.IllegalStateException: instance must be started before calling this method
	at org.apache.curator.shaded.com.google.common.base.Preconditions.checkState(Preconditions.java:444)
	at org.apache.curator.framework.imps.CuratorFrameworkImpl.getChildren(CuratorFrameworkImpl.java:456)
	at org.apache.curator.framework.recipes.cache.PathChildrenCache.refresh(PathChildrenCache.java:521)
	at org.apache.curator.framework.recipes.cache.RefreshOperation.invoke(RefreshOperation.java:35)
	at org.apache.curator.framework.recipes.cache.PathChildrenCache$9.run(PathChildrenCache.java:786)
	at java.util.concurrent.Executors$RunnableAdapter.call(Executors.java:511)
	at java.util.concurrent.FutureTask.run(FutureTask.java:266)
	at java.util.concurrent.Executors$RunnableAdapter.call(Executors.java:511)
	at java.util.concurrent.FutureTask.run(FutureTask.java:266)
	at java.util.concurrent.ThreadPoolExecutor.runWorker(ThreadPoolExecutor.java:1149)
	at java.util.concurrent.ThreadPoolExecutor$Worker.run(ThreadPoolExecutor.java:624)
	at java.lang.Thread.run(Thread.java:748)
Heap
 def new generation   total 153600K, used 45407K [0x00000000e0c00000, 0x00000000eb2a0000, 0x00000000eb2a0000)
  eden space 136576K,  32% used [0x00000000e0c00000, 0x00000000e37eb500, 0x00000000e9160000)
  from space 17024K,   2% used [0x00000000ea200000, 0x00000000ea26c8b0, 0x00000000eb2a0000)
  to   space 17024K,   0% used [0x00000000e9160000, 0x00000000e9160000, 0x00000000ea200000)
 tenured generation   total 341376K, used 44666K [0x00000000eb2a0000, 0x0000000100000000, 0x0000000100000000)
   the space 341376K,  13% used [0x00000000eb2a0000, 0x00000000ede3eb18, 0x00000000ede3ec00, 0x0000000100000000)
 Metaspace       used 36470K, capacity 37442K, committed 37760K, reserved 1081344K
  class space    used 4901K, capacity 5123K, committed 5248K, reserved 1048576K
