15:34:35,501 |-INFO in ch.qos.logback.classic.LoggerContext[default] - Could NOT find resource [logback-test.xml]
15:34:35,501 |-INFO in ch.qos.logback.classic.LoggerContext[default] - Could NOT find resource [logback.groovy]
15:34:35,501 |-INFO in ch.qos.logback.classic.LoggerContext[default] - Found resource [logback.xml] at [jar:file:/root/flamestream/lib/flamestream-runtime-1.0-SNAPSHOT.jar!/logback.xml]
15:34:35,502 |-WARN in ch.qos.logback.classic.LoggerContext[default] - Resource [logback.xml] occurs multiple times on the classpath.
15:34:35,502 |-WARN in ch.qos.logback.classic.LoggerContext[default] - Resource [logback.xml] occurs at [jar:file:/root/flamestream/lib/flamestream-runtime-1.0-SNAPSHOT.jar!/logback.xml]
15:34:35,502 |-WARN in ch.qos.logback.classic.LoggerContext[default] - Resource [logback.xml] occurs at [jar:file:/root/flamestream/flamestream-runtime-1.0-SNAPSHOT.jar!/logback.xml]
15:34:35,521 |-INFO in ch.qos.logback.core.joran.spi.ConfigurationWatchList@3fb6a447 - URL [jar:file:/root/flamestream/lib/flamestream-runtime-1.0-SNAPSHOT.jar!/logback.xml] is not of type file
15:34:35,593 |-INFO in ch.qos.logback.classic.joran.action.ConfigurationAction - debug attribute not set
15:34:35,594 |-INFO in ch.qos.logback.core.joran.action.AppenderAction - About to instantiate appender of type [ch.qos.logback.core.ConsoleAppender]
15:34:35,606 |-INFO in ch.qos.logback.core.joran.action.AppenderAction - Naming appender as [STDOUT]
15:34:35,616 |-INFO in ch.qos.logback.core.joran.action.NestedComplexPropertyIA - Assuming default type [ch.qos.logback.classic.encoder.PatternLayoutEncoder] for [encoder] property
15:34:35,715 |-INFO in ch.qos.logback.core.joran.action.AppenderAction - About to instantiate appender of type [ch.qos.logback.core.rolling.RollingFileAppender]
15:34:35,724 |-INFO in ch.qos.logback.core.joran.action.AppenderAction - Naming appender as [FILE]
15:34:35,754 |-INFO in c.q.l.core.rolling.TimeBasedRollingPolicy@127618319 - No compression will be used
15:34:35,755 |-INFO in c.q.l.core.rolling.TimeBasedRollingPolicy@127618319 - Will use the pattern /tmp/application_%d{yyyy-MM-dd}.%i.log for the active file
15:34:35,758 |-INFO in ch.qos.logback.core.rolling.SizeAndTimeBasedFNATP@6b2fad11 - The date pattern is 'yyyy-MM-dd' from file name pattern '/tmp/application_%d{yyyy-MM-dd}.%i.log'.
15:34:35,758 |-INFO in ch.qos.logback.core.rolling.SizeAndTimeBasedFNATP@6b2fad11 - Roll-over at midnight.
15:34:35,763 |-INFO in ch.qos.logback.core.rolling.SizeAndTimeBasedFNATP@6b2fad11 - Setting initial period to Mon Jun 10 15:33:13 UTC 2019
15:34:35,763 |-WARN in ch.qos.logback.core.rolling.SizeAndTimeBasedFNATP@6b2fad11 - SizeAndTimeBasedFNATP is deprecated. Use SizeAndTimeBasedRollingPolicy instead
15:34:35,763 |-WARN in ch.qos.logback.core.rolling.SizeAndTimeBasedFNATP@6b2fad11 - For more information see http://logback.qos.ch/manual/appenders.html#SizeAndTimeBasedRollingPolicy
15:34:35,768 |-INFO in ch.qos.logback.core.joran.action.NestedComplexPropertyIA - Assuming default type [ch.qos.logback.classic.encoder.PatternLayoutEncoder] for [encoder] property
15:34:35,773 |-INFO in ch.qos.logback.core.rolling.RollingFileAppender[FILE] - Active log file name: /tmp/application.log
15:34:35,773 |-INFO in ch.qos.logback.core.rolling.RollingFileAppender[FILE] - File property is set to [/tmp/application.log]
15:34:35,774 |-INFO in ch.qos.logback.classic.joran.action.RootLoggerAction - Setting level of ROOT logger to WARN
15:34:35,774 |-INFO in ch.qos.logback.core.joran.action.AppenderRefAction - Attaching appender named [STDOUT] to Logger[ROOT]
15:34:35,774 |-INFO in ch.qos.logback.core.joran.action.AppenderRefAction - Attaching appender named [FILE] to Logger[ROOT]
15:34:35,774 |-INFO in ch.qos.logback.classic.joran.action.ConfigurationAction - End of configuration.
15:34:35,775 |-INFO in ch.qos.logback.classic.joran.JoranConfigurator@79698539 - Registering current configuration as safe fallback point

Ama winner
Ama winner
2019-06-10T15:34:37.052+0000: 1.741: [Full GC (Metadata GC Threshold) 2019-06-10T15:34:37.052+0000: 1.741: [Tenured: 0K->15241K(341376K), 0.0402898 secs] 117750K->15241K(494976K), [Metaspace: 20736K->20736K(1067008K)], 0.0403574 secs] [Times: user=0.03 sys=0.00, real=0.04 secs] 
15:34:53.984 [Curator-PathChildrenCache-1] WARN  o.a.c.u.ZKPaths  - The version of ZooKeeper being used doesn't support Container nodes. CreateMode.PERSISTENT will be used instead.
2019-06-10T15:34:56.294+0000: 20.982: [GC (Allocation Failure) 2019-06-10T15:34:56.294+0000: 20.982: [DefNew: 136576K->17023K(153600K), 0.0280879 secs] 151817K->52835K(494976K), 0.0281592 secs] [Times: user=0.02 sys=0.01, real=0.03 secs] 
2019-06-10T15:34:57.201+0000: 21.890: [Full GC (Metadata GC Threshold) 2019-06-10T15:34:57.201+0000: 21.890: [Tenured: 35811K->44427K(341376K), 0.0354996 secs] 71089K->44427K(494976K), [Metaspace: 34571K->34571K(1079296K)], 0.0355722 secs] [Times: user=0.04 sys=0.00, real=0.03 secs] 
2019-06-10T15:35:03.798+0000: 28.487: [GC (Allocation Failure) 2019-06-10T15:35:03.799+0000: 28.487: [DefNew: 136576K->230K(153600K), 0.0022443 secs] 181003K->44657K(494976K), 0.0023028 secs] [Times: user=0.00 sys=0.00, real=0.00 secs] 
2019-06-10T15:35:10.424+0000: 35.113: [GC (Allocation Failure) 2019-06-10T15:35:10.424+0000: 35.113: [DefNew: 136806K->294K(153600K), 0.0021176 secs] 181233K->44721K(494976K), 0.0021797 secs] [Times: user=0.00 sys=0.00, real=0.01 secs] 
2019-06-10T15:35:17.047+0000: 41.736: [GC (Allocation Failure) 2019-06-10T15:35:17.047+0000: 41.736: [DefNew: 136870K->298K(153600K), 0.0021333 secs] 181297K->44725K(494976K), 0.0021917 secs] [Times: user=0.00 sys=0.00, real=0.00 secs] 
2019-06-10T15:35:23.558+0000: 48.247: [GC (Allocation Failure) 2019-06-10T15:35:23.558+0000: 48.247: [DefNew: 136874K->297K(153600K), 0.0021433 secs] 181301K->44724K(494976K), 0.0022009 secs] [Times: user=0.00 sys=0.00, real=0.00 secs] 
2019-06-10T15:35:34.357+0000: 59.045: [GC (Allocation Failure) 2019-06-10T15:35:34.357+0000: 59.045: [DefNew: 136873K->282K(153600K), 0.0019885 secs] 181300K->44709K(494976K), 0.0020615 secs] [Times: user=0.00 sys=0.00, real=0.01 secs] 
15:35:35.160 [Curator-PathChildrenCache-0] ERROR o.a.c.f.r.c.PathChildrenCache  - 
java.lang.IllegalStateException: instance must be started before calling this method
	at org.apache.curator.shaded.com.google.common.base.Preconditions.checkState(Preconditions.java:444)
	at org.apache.curator.framework.imps.CuratorFrameworkImpl.getChildren(CuratorFrameworkImpl.java:456)
	at org.apache.curator.framework.recipes.cache.PathChildrenCache.refresh(PathChildrenCache.java:521)
	at org.apache.curator.framework.recipes.cache.RefreshOperation.invoke(RefreshOperation.java:35)
	at org.apache.curator.framework.recipes.cache.PathChildrenCache$9.run(PathChildrenCache.java:786)
	at java.util.concurrent.Executors$RunnableAdapter.call(Executors.java:511)
	at java.util.concurrent.FutureTask.run(FutureTask.java:266)
	at java.util.concurrent.Executors$RunnableAdapter.call(Executors.java:511)
	at java.util.concurrent.FutureTask.run(FutureTask.java:266)
	at java.util.concurrent.ThreadPoolExecutor.runWorker(ThreadPoolExecutor.java:1149)
	at java.util.concurrent.ThreadPoolExecutor$Worker.run(ThreadPoolExecutor.java:624)
	at java.lang.Thread.run(Thread.java:748)
Heap
 def new generation   total 153600K, used 29728K [0x00000000e0c00000, 0x00000000eb2a0000, 0x00000000eb2a0000)
  eden space 136576K,  21% used [0x00000000e0c00000, 0x00000000e28c1670, 0x00000000e9160000)
  from space 17024K,   1% used [0x00000000e9160000, 0x00000000e91a6a40, 0x00000000ea200000)
  to   space 17024K,   0% used [0x00000000ea200000, 0x00000000ea200000, 0x00000000eb2a0000)
 tenured generation   total 341376K, used 44427K [0x00000000eb2a0000, 0x0000000100000000, 0x0000000100000000)
   the space 341376K,  13% used [0x00000000eb2a0000, 0x00000000ede02cf0, 0x00000000ede02e00, 0x0000000100000000)
 Metaspace       used 36033K, capacity 36978K, committed 37120K, reserved 1081344K
  class space    used 4828K, capacity 5045K, committed 5120K, reserved 1048576K
