13:17:46,249 |-INFO in ch.qos.logback.classic.LoggerContext[default] - Could NOT find resource [logback-test.xml]
13:17:46,249 |-INFO in ch.qos.logback.classic.LoggerContext[default] - Could NOT find resource [logback.groovy]
13:17:46,249 |-INFO in ch.qos.logback.classic.LoggerContext[default] - Found resource [logback.xml] at [jar:file:/root/flamestream/lib/flamestream-runtime-1.0-SNAPSHOT.jar!/logback.xml]
13:17:46,250 |-WARN in ch.qos.logback.classic.LoggerContext[default] - Resource [logback.xml] occurs multiple times on the classpath.
13:17:46,250 |-WARN in ch.qos.logback.classic.LoggerContext[default] - Resource [logback.xml] occurs at [jar:file:/root/flamestream/lib/flamestream-runtime-1.0-SNAPSHOT.jar!/logback.xml]
13:17:46,250 |-WARN in ch.qos.logback.classic.LoggerContext[default] - Resource [logback.xml] occurs at [jar:file:/root/flamestream/flamestream-runtime-1.0-SNAPSHOT.jar!/logback.xml]
13:17:46,273 |-INFO in ch.qos.logback.core.joran.spi.ConfigurationWatchList@3fb6a447 - URL [jar:file:/root/flamestream/lib/flamestream-runtime-1.0-SNAPSHOT.jar!/logback.xml] is not of type file
13:17:46,347 |-INFO in ch.qos.logback.classic.joran.action.ConfigurationAction - debug attribute not set
13:17:46,347 |-INFO in ch.qos.logback.core.joran.action.AppenderAction - About to instantiate appender of type [ch.qos.logback.core.ConsoleAppender]
13:17:46,362 |-INFO in ch.qos.logback.core.joran.action.AppenderAction - Naming appender as [STDOUT]
13:17:46,380 |-INFO in ch.qos.logback.core.joran.action.NestedComplexPropertyIA - Assuming default type [ch.qos.logback.classic.encoder.PatternLayoutEncoder] for [encoder] property
13:17:46,463 |-INFO in ch.qos.logback.core.joran.action.AppenderAction - About to instantiate appender of type [ch.qos.logback.core.rolling.RollingFileAppender]
13:17:46,467 |-INFO in ch.qos.logback.core.joran.action.AppenderAction - Naming appender as [FILE]
13:17:46,499 |-INFO in c.q.l.core.rolling.TimeBasedRollingPolicy@127618319 - No compression will be used
13:17:46,501 |-INFO in c.q.l.core.rolling.TimeBasedRollingPolicy@127618319 - Will use the pattern /tmp/application_%d{yyyy-MM-dd}.%i.log for the active file
13:17:46,504 |-INFO in ch.qos.logback.core.rolling.SizeAndTimeBasedFNATP@6b2fad11 - The date pattern is 'yyyy-MM-dd' from file name pattern '/tmp/application_%d{yyyy-MM-dd}.%i.log'.
13:17:46,504 |-INFO in ch.qos.logback.core.rolling.SizeAndTimeBasedFNATP@6b2fad11 - Roll-over at midnight.
13:17:46,509 |-INFO in ch.qos.logback.core.rolling.SizeAndTimeBasedFNATP@6b2fad11 - Setting initial period to Mon Jun 10 13:16:23 UTC 2019
13:17:46,509 |-WARN in ch.qos.logback.core.rolling.SizeAndTimeBasedFNATP@6b2fad11 - SizeAndTimeBasedFNATP is deprecated. Use SizeAndTimeBasedRollingPolicy instead
13:17:46,509 |-WARN in ch.qos.logback.core.rolling.SizeAndTimeBasedFNATP@6b2fad11 - For more information see http://logback.qos.ch/manual/appenders.html#SizeAndTimeBasedRollingPolicy
13:17:46,513 |-INFO in ch.qos.logback.core.joran.action.NestedComplexPropertyIA - Assuming default type [ch.qos.logback.classic.encoder.PatternLayoutEncoder] for [encoder] property
13:17:46,518 |-INFO in ch.qos.logback.core.rolling.RollingFileAppender[FILE] - Active log file name: /tmp/application.log
13:17:46,518 |-INFO in ch.qos.logback.core.rolling.RollingFileAppender[FILE] - File property is set to [/tmp/application.log]
13:17:46,518 |-INFO in ch.qos.logback.classic.joran.action.RootLoggerAction - Setting level of ROOT logger to WARN
13:17:46,518 |-INFO in ch.qos.logback.core.joran.action.AppenderRefAction - Attaching appender named [STDOUT] to Logger[ROOT]
13:17:46,520 |-INFO in ch.qos.logback.core.joran.action.AppenderRefAction - Attaching appender named [FILE] to Logger[ROOT]
13:17:46,520 |-INFO in ch.qos.logback.classic.joran.action.ConfigurationAction - End of configuration.
13:17:46,521 |-INFO in ch.qos.logback.classic.joran.JoranConfigurator@79698539 - Registering current configuration as safe fallback point

Ama winner
Ama winner
2019-06-10T13:17:48.110+0000: 2.045: [Full GC (Metadata GC Threshold) 2019-06-10T13:17:48.110+0000: 2.045: [Tenured: 0K->15240K(341376K), 0.0374048 secs] 117783K->15240K(494976K), [Metaspace: 20737K->20737K(1067008K)], 0.0374720 secs] [Times: user=0.04 sys=0.00, real=0.04 secs] 
13:18:04.680 [Curator-PathChildrenCache-1] WARN  o.a.c.u.ZKPaths  - The version of ZooKeeper being used doesn't support Container nodes. CreateMode.PERSISTENT will be used instead.
2019-06-10T13:18:07.320+0000: 21.255: [GC (Allocation Failure) 2019-06-10T13:18:07.320+0000: 21.255: [DefNew: 136576K->17024K(153600K), 0.0262184 secs] 151816K->52863K(494976K), 0.0262863 secs] [Times: user=0.02 sys=0.00, real=0.03 secs] 
2019-06-10T13:18:11.271+0000: 25.206: [Full GC (Metadata GC Threshold) 2019-06-10T13:18:11.271+0000: 25.206: [Tenured: 35839K->44633K(341376K), 0.0501287 secs] 121839K->44633K(494976K), [Metaspace: 34579K->34579K(1079296K)], 0.0502164 secs] [Times: user=0.05 sys=0.01, real=0.04 secs] 
2019-06-10T13:18:19.311+0000: 33.247: [GC (Allocation Failure) 2019-06-10T13:18:19.312+0000: 33.247: [DefNew: 136576K->50K(153600K), 0.0018345 secs] 181209K->44683K(494976K), 0.0030518 secs] [Times: user=0.00 sys=0.00, real=0.00 secs] 
2019-06-10T13:18:27.494+0000: 41.429: [GC (Allocation Failure) 2019-06-10T13:18:27.494+0000: 41.429: [DefNew: 136626K->84K(153600K), 0.0017690 secs] 181259K->44717K(494976K), 0.0018287 secs] [Times: user=0.00 sys=0.00, real=0.00 secs] 
2019-06-10T13:18:35.699+0000: 49.634: [GC (Allocation Failure) 2019-06-10T13:18:35.699+0000: 49.634: [DefNew: 136660K->85K(153600K), 0.0017847 secs] 181293K->44718K(494976K), 0.0018655 secs] [Times: user=0.00 sys=0.00, real=0.00 secs] 
2019-06-10T13:18:43.944+0000: 57.879: [GC (Allocation Failure) 2019-06-10T13:18:43.944+0000: 57.879: [DefNew: 136661K->86K(153600K), 0.0018030 secs] 181294K->44720K(494976K), 0.0018643 secs] [Times: user=0.00 sys=0.00, real=0.00 secs] 
2019-06-10T13:18:52.823+0000: 66.758: [GC (Allocation Failure) 2019-06-10T13:18:52.823+0000: 66.758: [DefNew: 136662K->429K(153600K), 0.0022608 secs] 181296K->45062K(494976K), 0.0023328 secs] [Times: user=0.00 sys=0.01, real=0.00 secs] 
2019-06-10T13:19:12.175+0000: 86.110: [GC (Allocation Failure) 2019-06-10T13:19:12.175+0000: 86.110: [DefNew: 137005K->181K(153600K), 0.0020354 secs] 181638K->44814K(494976K), 0.0020863 secs] [Times: user=0.00 sys=0.00, real=0.00 secs] 
13:19:16.717 [Curator-PathChildrenCache-0] ERROR o.a.c.f.r.c.PathChildrenCache  - 
java.lang.IllegalStateException: instance must be started before calling this method
	at org.apache.curator.shaded.com.google.common.base.Preconditions.checkState(Preconditions.java:444)
	at org.apache.curator.framework.imps.CuratorFrameworkImpl.getChildren(CuratorFrameworkImpl.java:456)
	at org.apache.curator.framework.recipes.cache.PathChildrenCache.refresh(PathChildrenCache.java:521)
	at org.apache.curator.framework.recipes.cache.RefreshOperation.invoke(RefreshOperation.java:35)
	at org.apache.curator.framework.recipes.cache.PathChildrenCache$9.run(PathChildrenCache.java:786)
	at java.util.concurrent.Executors$RunnableAdapter.call(Executors.java:511)
	at java.util.concurrent.FutureTask.run(FutureTask.java:266)
	at java.util.concurrent.Executors$RunnableAdapter.call(Executors.java:511)
	at java.util.concurrent.FutureTask.run(FutureTask.java:266)
	at java.util.concurrent.ThreadPoolExecutor.runWorker(ThreadPoolExecutor.java:1149)
	at java.util.concurrent.ThreadPoolExecutor$Worker.run(ThreadPoolExecutor.java:624)
	at java.lang.Thread.run(Thread.java:748)
Heap
 def new generation   total 153600K, used 32237K [0x00000000e0c00000, 0x00000000eb2a0000, 0x00000000eb2a0000)
  eden space 136576K,  23% used [0x00000000e0c00000, 0x00000000e2b4e110, 0x00000000e9160000)
  from space 17024K,   1% used [0x00000000ea200000, 0x00000000ea22d670, 0x00000000eb2a0000)
  to   space 17024K,   0% used [0x00000000e9160000, 0x00000000e9160000, 0x00000000ea200000)
 tenured generation   total 341376K, used 44633K [0x00000000eb2a0000, 0x0000000100000000, 0x0000000100000000)
   the space 341376K,  13% used [0x00000000eb2a0000, 0x00000000ede36460, 0x00000000ede36600, 0x0000000100000000)
 Metaspace       used 36105K, capacity 36968K, committed 37120K, reserved 1081344K
  class space    used 4847K, capacity 5042K, committed 5120K, reserved 1048576K
