20:07:57,816 |-INFO in ch.qos.logback.classic.LoggerContext[default] - Could NOT find resource [logback-test.xml]
20:07:57,816 |-INFO in ch.qos.logback.classic.LoggerContext[default] - Could NOT find resource [logback.groovy]
20:07:57,816 |-INFO in ch.qos.logback.classic.LoggerContext[default] - Found resource [logback.xml] at [jar:file:/root/flamestream/lib/flamestream-runtime-1.0-SNAPSHOT.jar!/logback.xml]
20:07:57,819 |-WARN in ch.qos.logback.classic.LoggerContext[default] - Resource [logback.xml] occurs multiple times on the classpath.
20:07:57,820 |-WARN in ch.qos.logback.classic.LoggerContext[default] - Resource [logback.xml] occurs at [jar:file:/root/flamestream/lib/flamestream-runtime-1.0-SNAPSHOT.jar!/logback.xml]
20:07:57,820 |-WARN in ch.qos.logback.classic.LoggerContext[default] - Resource [logback.xml] occurs at [jar:file:/root/flamestream/flamestream-runtime-1.0-SNAPSHOT.jar!/logback.xml]
20:07:57,839 |-INFO in ch.qos.logback.core.joran.spi.ConfigurationWatchList@3fb6a447 - URL [jar:file:/root/flamestream/lib/flamestream-runtime-1.0-SNAPSHOT.jar!/logback.xml] is not of type file
20:07:57,913 |-INFO in ch.qos.logback.classic.joran.action.ConfigurationAction - debug attribute not set
20:07:57,913 |-INFO in ch.qos.logback.core.joran.action.AppenderAction - About to instantiate appender of type [ch.qos.logback.core.ConsoleAppender]
20:07:57,928 |-INFO in ch.qos.logback.core.joran.action.AppenderAction - Naming appender as [STDOUT]
20:07:57,946 |-INFO in ch.qos.logback.core.joran.action.NestedComplexPropertyIA - Assuming default type [ch.qos.logback.classic.encoder.PatternLayoutEncoder] for [encoder] property
20:07:58,025 |-INFO in ch.qos.logback.core.joran.action.AppenderAction - About to instantiate appender of type [ch.qos.logback.core.rolling.RollingFileAppender]
20:07:58,032 |-INFO in ch.qos.logback.core.joran.action.AppenderAction - Naming appender as [FILE]
20:07:58,063 |-INFO in c.q.l.core.rolling.TimeBasedRollingPolicy@127618319 - No compression will be used
20:07:58,064 |-INFO in c.q.l.core.rolling.TimeBasedRollingPolicy@127618319 - Will use the pattern /tmp/application_%d{yyyy-MM-dd}.%i.log for the active file
20:07:58,067 |-INFO in ch.qos.logback.core.rolling.SizeAndTimeBasedFNATP@6b2fad11 - The date pattern is 'yyyy-MM-dd' from file name pattern '/tmp/application_%d{yyyy-MM-dd}.%i.log'.
20:07:58,067 |-INFO in ch.qos.logback.core.rolling.SizeAndTimeBasedFNATP@6b2fad11 - Roll-over at midnight.
20:07:58,073 |-INFO in ch.qos.logback.core.rolling.SizeAndTimeBasedFNATP@6b2fad11 - Setting initial period to Mon Jun 10 20:06:29 UTC 2019
20:07:58,073 |-WARN in ch.qos.logback.core.rolling.SizeAndTimeBasedFNATP@6b2fad11 - SizeAndTimeBasedFNATP is deprecated. Use SizeAndTimeBasedRollingPolicy instead
20:07:58,073 |-WARN in ch.qos.logback.core.rolling.SizeAndTimeBasedFNATP@6b2fad11 - For more information see http://logback.qos.ch/manual/appenders.html#SizeAndTimeBasedRollingPolicy
20:07:58,076 |-INFO in ch.qos.logback.core.joran.action.NestedComplexPropertyIA - Assuming default type [ch.qos.logback.classic.encoder.PatternLayoutEncoder] for [encoder] property
20:07:58,081 |-INFO in ch.qos.logback.core.rolling.RollingFileAppender[FILE] - Active log file name: /tmp/application.log
20:07:58,081 |-INFO in ch.qos.logback.core.rolling.RollingFileAppender[FILE] - File property is set to [/tmp/application.log]
20:07:58,082 |-INFO in ch.qos.logback.classic.joran.action.RootLoggerAction - Setting level of ROOT logger to WARN
20:07:58,082 |-INFO in ch.qos.logback.core.joran.action.AppenderRefAction - Attaching appender named [STDOUT] to Logger[ROOT]
20:07:58,084 |-INFO in ch.qos.logback.core.joran.action.AppenderRefAction - Attaching appender named [FILE] to Logger[ROOT]
20:07:58,084 |-INFO in ch.qos.logback.classic.joran.action.ConfigurationAction - End of configuration.
20:07:58,085 |-INFO in ch.qos.logback.classic.joran.JoranConfigurator@79698539 - Registering current configuration as safe fallback point

Ama winner
Ama winner
2019-06-10T20:07:59.367+0000: 1.734: [Full GC (Metadata GC Threshold) 2019-06-10T20:07:59.367+0000: 1.734: [Tenured: 0K->15241K(341376K), 0.0399065 secs] 114987K->15241K(494976K), [Metaspace: 20736K->20736K(1067008K)], 0.0399699 secs] [Times: user=0.04 sys=0.00, real=0.04 secs] 
20:08:21.842 [Curator-PathChildrenCache-2] WARN  o.a.c.u.ZKPaths  - The version of ZooKeeper being used doesn't support Container nodes. CreateMode.PERSISTENT will be used instead.
2019-06-10T20:08:23.963+0000: 26.329: [GC (Allocation Failure) 2019-06-10T20:08:23.963+0000: 26.329: [DefNew: 136576K->17024K(153600K), 0.0255761 secs] 151817K->52955K(494976K), 0.0256475 secs] [Times: user=0.02 sys=0.01, real=0.02 secs] 
2019-06-10T20:08:24.274+0000: 26.641: [Full GC (Metadata GC Threshold) 2019-06-10T20:08:24.274+0000: 26.641: [Tenured: 35931K->44609K(341376K), 0.0382432 secs] 68838K->44609K(494976K), [Metaspace: 34502K->34502K(1079296K)], 0.0383236 secs] [Times: user=0.03 sys=0.01, real=0.04 secs] 
2019-06-10T20:08:27.146+0000: 29.513: [GC (Allocation Failure) 2019-06-10T20:08:27.146+0000: 29.513: [DefNew: 136576K->169K(153600K), 0.0022817 secs] 181185K->44779K(494976K), 0.0023439 secs] [Times: user=0.01 sys=0.00, real=0.01 secs] 
2019-06-10T20:08:29.614+0000: 31.980: [GC (Allocation Failure) 2019-06-10T20:08:29.614+0000: 31.980: [DefNew: 136745K->213K(153600K), 0.0021333 secs] 181355K->44822K(494976K), 0.0021891 secs] [Times: user=0.01 sys=0.00, real=0.00 secs] 
2019-06-10T20:08:32.130+0000: 34.496: [GC (Allocation Failure) 2019-06-10T20:08:32.130+0000: 34.496: [DefNew: 136789K->217K(153600K), 0.0021771 secs] 181398K->44826K(494976K), 0.0022385 secs] [Times: user=0.00 sys=0.00, real=0.00 secs] 
2019-06-10T20:08:34.605+0000: 36.971: [GC (Allocation Failure) 2019-06-10T20:08:34.605+0000: 36.971: [DefNew: 136793K->250K(153600K), 0.0021967 secs] 181402K->44859K(494976K), 0.0022559 secs] [Times: user=0.00 sys=0.00, real=0.00 secs] 
2019-06-10T20:08:37.131+0000: 39.497: [GC (Allocation Failure) 2019-06-10T20:08:37.131+0000: 39.497: [DefNew: 136826K->251K(153600K), 0.0022429 secs] 181435K->44860K(494976K), 0.0023024 secs] [Times: user=0.01 sys=0.00, real=0.00 secs] 
2019-06-10T20:08:39.592+0000: 41.959: [GC (Allocation Failure) 2019-06-10T20:08:39.592+0000: 41.959: [DefNew: 136827K->284K(153600K), 0.0022223 secs] 181436K->44893K(494976K), 0.0022829 secs] [Times: user=0.00 sys=0.00, real=0.00 secs] 
2019-06-10T20:08:42.075+0000: 44.441: [GC (Allocation Failure) 2019-06-10T20:08:42.075+0000: 44.441: [DefNew: 136860K->288K(153600K), 0.0022414 secs] 181469K->44897K(494976K), 0.0023017 secs] [Times: user=0.00 sys=0.00, real=0.01 secs] 
2019-06-10T20:08:44.553+0000: 46.920: [GC (Allocation Failure) 2019-06-10T20:08:44.553+0000: 46.920: [DefNew: 136864K->288K(153600K), 0.0022821 secs] 181473K->44897K(494976K), 0.0023439 secs] [Times: user=0.00 sys=0.00, real=0.00 secs] 
20:08:55.264 [Curator-PathChildrenCache-0] ERROR o.a.c.f.r.c.PathChildrenCache  - 
java.lang.IllegalStateException: instance must be started before calling this method
	at org.apache.curator.shaded.com.google.common.base.Preconditions.checkState(Preconditions.java:444)
	at org.apache.curator.framework.imps.CuratorFrameworkImpl.getChildren(CuratorFrameworkImpl.java:456)
	at org.apache.curator.framework.recipes.cache.PathChildrenCache.refresh(PathChildrenCache.java:521)
	at org.apache.curator.framework.recipes.cache.RefreshOperation.invoke(RefreshOperation.java:35)
	at org.apache.curator.framework.recipes.cache.PathChildrenCache$9.run(PathChildrenCache.java:786)
	at java.util.concurrent.Executors$RunnableAdapter.call(Executors.java:511)
	at java.util.concurrent.FutureTask.run(FutureTask.java:266)
	at java.util.concurrent.Executors$RunnableAdapter.call(Executors.java:511)
	at java.util.concurrent.FutureTask.run(FutureTask.java:266)
	at java.util.concurrent.ThreadPoolExecutor.runWorker(ThreadPoolExecutor.java:1149)
	at java.util.concurrent.ThreadPoolExecutor$Worker.run(ThreadPoolExecutor.java:624)
	at java.lang.Thread.run(Thread.java:748)
Heap
 def new generation   total 153600K, used 73311K [0x00000000e0c00000, 0x00000000eb2a0000, 0x00000000eb2a0000)
  eden space 136576K,  53% used [0x00000000e0c00000, 0x00000000e534fe50, 0x00000000e9160000)
  from space 17024K,   1% used [0x00000000ea200000, 0x00000000ea248008, 0x00000000eb2a0000)
  to   space 17024K,   0% used [0x00000000e9160000, 0x00000000e9160000, 0x00000000ea200000)
 tenured generation   total 341376K, used 44609K [0x00000000eb2a0000, 0x0000000100000000, 0x0000000100000000)
   the space 341376K,  13% used [0x00000000eb2a0000, 0x00000000ede304f0, 0x00000000ede30600, 0x0000000100000000)
 Metaspace       used 36032K, capacity 37038K, committed 37120K, reserved 1081344K
  class space    used 4872K, capacity 5067K, committed 5120K, reserved 1048576K
