19:00:37,086 |-INFO in ch.qos.logback.classic.LoggerContext[default] - Could NOT find resource [logback-test.xml]
19:00:37,086 |-INFO in ch.qos.logback.classic.LoggerContext[default] - Could NOT find resource [logback.groovy]
19:00:37,086 |-INFO in ch.qos.logback.classic.LoggerContext[default] - Found resource [logback.xml] at [jar:file:/root/flamestream/lib/flamestream-runtime-1.0-SNAPSHOT.jar!/logback.xml]
19:00:37,087 |-WARN in ch.qos.logback.classic.LoggerContext[default] - Resource [logback.xml] occurs multiple times on the classpath.
19:00:37,087 |-WARN in ch.qos.logback.classic.LoggerContext[default] - Resource [logback.xml] occurs at [jar:file:/root/flamestream/lib/flamestream-runtime-1.0-SNAPSHOT.jar!/logback.xml]
19:00:37,087 |-WARN in ch.qos.logback.classic.LoggerContext[default] - Resource [logback.xml] occurs at [jar:file:/root/flamestream/flamestream-runtime-1.0-SNAPSHOT.jar!/logback.xml]
19:00:37,107 |-INFO in ch.qos.logback.core.joran.spi.ConfigurationWatchList@3fb6a447 - URL [jar:file:/root/flamestream/lib/flamestream-runtime-1.0-SNAPSHOT.jar!/logback.xml] is not of type file
19:00:37,179 |-INFO in ch.qos.logback.classic.joran.action.ConfigurationAction - debug attribute not set
19:00:37,180 |-INFO in ch.qos.logback.core.joran.action.AppenderAction - About to instantiate appender of type [ch.qos.logback.core.ConsoleAppender]
19:00:37,196 |-INFO in ch.qos.logback.core.joran.action.AppenderAction - Naming appender as [STDOUT]
19:00:37,213 |-INFO in ch.qos.logback.core.joran.action.NestedComplexPropertyIA - Assuming default type [ch.qos.logback.classic.encoder.PatternLayoutEncoder] for [encoder] property
19:00:37,292 |-INFO in ch.qos.logback.core.joran.action.AppenderAction - About to instantiate appender of type [ch.qos.logback.core.rolling.RollingFileAppender]
19:00:37,301 |-INFO in ch.qos.logback.core.joran.action.AppenderAction - Naming appender as [FILE]
19:00:37,333 |-INFO in c.q.l.core.rolling.TimeBasedRollingPolicy@127618319 - No compression will be used
19:00:37,334 |-INFO in c.q.l.core.rolling.TimeBasedRollingPolicy@127618319 - Will use the pattern /tmp/application_%d{yyyy-MM-dd}.%i.log for the active file
19:00:37,337 |-INFO in ch.qos.logback.core.rolling.SizeAndTimeBasedFNATP@6b2fad11 - The date pattern is 'yyyy-MM-dd' from file name pattern '/tmp/application_%d{yyyy-MM-dd}.%i.log'.
19:00:37,337 |-INFO in ch.qos.logback.core.rolling.SizeAndTimeBasedFNATP@6b2fad11 - Roll-over at midnight.
19:00:37,342 |-INFO in ch.qos.logback.core.rolling.SizeAndTimeBasedFNATP@6b2fad11 - Setting initial period to Mon Jun 10 18:59:05 UTC 2019
19:00:37,342 |-WARN in ch.qos.logback.core.rolling.SizeAndTimeBasedFNATP@6b2fad11 - SizeAndTimeBasedFNATP is deprecated. Use SizeAndTimeBasedRollingPolicy instead
19:00:37,342 |-WARN in ch.qos.logback.core.rolling.SizeAndTimeBasedFNATP@6b2fad11 - For more information see http://logback.qos.ch/manual/appenders.html#SizeAndTimeBasedRollingPolicy
19:00:37,346 |-INFO in ch.qos.logback.core.joran.action.NestedComplexPropertyIA - Assuming default type [ch.qos.logback.classic.encoder.PatternLayoutEncoder] for [encoder] property
19:00:37,351 |-INFO in ch.qos.logback.core.rolling.RollingFileAppender[FILE] - Active log file name: /tmp/application.log
19:00:37,351 |-INFO in ch.qos.logback.core.rolling.RollingFileAppender[FILE] - File property is set to [/tmp/application.log]
19:00:37,352 |-INFO in ch.qos.logback.classic.joran.action.RootLoggerAction - Setting level of ROOT logger to WARN
19:00:37,352 |-INFO in ch.qos.logback.core.joran.action.AppenderRefAction - Attaching appender named [STDOUT] to Logger[ROOT]
19:00:37,354 |-INFO in ch.qos.logback.core.joran.action.AppenderRefAction - Attaching appender named [FILE] to Logger[ROOT]
19:00:37,354 |-INFO in ch.qos.logback.classic.joran.action.ConfigurationAction - End of configuration.
19:00:37,355 |-INFO in ch.qos.logback.classic.joran.JoranConfigurator@79698539 - Registering current configuration as safe fallback point

Ama winner
Ama winner
2019-06-10T19:00:38.628+0000: 1.728: [Full GC (Metadata GC Threshold) 2019-06-10T19:00:38.628+0000: 1.728: [Tenured: 0K->15143K(341376K), 0.0421642 secs] 114924K->15143K(494976K), [Metaspace: 20727K->20727K(1067008K)], 0.0422359 secs] [Times: user=0.04 sys=0.00, real=0.04 secs] 
19:00:57.414 [Curator-PathChildrenCache-1] WARN  o.a.c.u.ZKPaths  - The version of ZooKeeper being used doesn't support Container nodes. CreateMode.PERSISTENT will be used instead.
2019-06-10T19:00:59.661+0000: 22.762: [GC (Allocation Failure) 2019-06-10T19:00:59.661+0000: 22.762: [DefNew: 136576K->17024K(153600K), 0.0261123 secs] 151719K->52549K(494976K), 0.0261840 secs] [Times: user=0.01 sys=0.02, real=0.03 secs] 
2019-06-10T19:01:03.037+0000: 26.138: [Full GC (Metadata GC Threshold) 2019-06-10T19:01:03.037+0000: 26.138: [Tenured: 35525K->44137K(341376K), 0.0514394 secs] 116008K->44137K(494976K), [Metaspace: 34618K->34618K(1079296K)], 0.0515227 secs] [Times: user=0.05 sys=0.01, real=0.05 secs] 
2019-06-10T19:01:09.487+0000: 32.588: [GC (Allocation Failure) 2019-06-10T19:01:09.487+0000: 32.588: [DefNew: 136576K->69K(153600K), 0.0018710 secs] 180713K->44207K(494976K), 0.0019235 secs] [Times: user=0.00 sys=0.00, real=0.00 secs] 
2019-06-10T19:01:16.057+0000: 39.157: [GC (Allocation Failure) 2019-06-10T19:01:16.057+0000: 39.158: [DefNew: 136645K->68K(153600K), 0.0018543 secs] 180783K->44206K(494976K), 0.0019116 secs] [Times: user=0.00 sys=0.00, real=0.01 secs] 
2019-06-10T19:01:22.670+0000: 45.771: [GC (Allocation Failure) 2019-06-10T19:01:22.670+0000: 45.771: [DefNew: 136644K->77K(153600K), 0.0017827 secs] 180782K->44214K(494976K), 0.0018392 secs] [Times: user=0.00 sys=0.00, real=0.00 secs] 
2019-06-10T19:01:29.295+0000: 52.396: [GC (Allocation Failure) 2019-06-10T19:01:29.295+0000: 52.396: [DefNew: 136653K->73K(153600K), 0.0019903 secs] 180790K->44210K(494976K), 0.0020607 secs] [Times: user=0.00 sys=0.00, real=0.01 secs] 
2019-06-10T19:01:35.959+0000: 59.059: [GC (Allocation Failure) 2019-06-10T19:01:35.959+0000: 59.059: [DefNew: 136649K->70K(153600K), 0.0018562 secs] 180786K->44207K(494976K), 0.0019100 secs] [Times: user=0.00 sys=0.00, real=0.00 secs] 
19:01:43.344 [Curator-PathChildrenCache-0] ERROR o.a.c.f.r.c.PathChildrenCache  - 
java.lang.IllegalStateException: instance must be started before calling this method
	at org.apache.curator.shaded.com.google.common.base.Preconditions.checkState(Preconditions.java:444)
	at org.apache.curator.framework.imps.CuratorFrameworkImpl.getChildren(CuratorFrameworkImpl.java:456)
	at org.apache.curator.framework.recipes.cache.PathChildrenCache.refresh(PathChildrenCache.java:521)
	at org.apache.curator.framework.recipes.cache.RefreshOperation.invoke(RefreshOperation.java:35)
	at org.apache.curator.framework.recipes.cache.PathChildrenCache$9.run(PathChildrenCache.java:786)
	at java.util.concurrent.Executors$RunnableAdapter.call(Executors.java:511)
	at java.util.concurrent.FutureTask.run(FutureTask.java:266)
	at java.util.concurrent.Executors$RunnableAdapter.call(Executors.java:511)
	at java.util.concurrent.FutureTask.run(FutureTask.java:266)
	at java.util.concurrent.ThreadPoolExecutor.runWorker(ThreadPoolExecutor.java:1149)
	at java.util.concurrent.ThreadPoolExecutor$Worker.run(ThreadPoolExecutor.java:624)
	at java.lang.Thread.run(Thread.java:748)
Heap
 def new generation   total 153600K, used 67463K [0x00000000e0c00000, 0x00000000eb2a0000, 0x00000000eb2a0000)
  eden space 136576K,  49% used [0x00000000e0c00000, 0x00000000e4dd0470, 0x00000000e9160000)
  from space 17024K,   0% used [0x00000000e9160000, 0x00000000e91719b8, 0x00000000ea200000)
  to   space 17024K,   0% used [0x00000000ea200000, 0x00000000ea200000, 0x00000000eb2a0000)
 tenured generation   total 341376K, used 44137K [0x00000000eb2a0000, 0x0000000100000000, 0x0000000100000000)
   the space 341376K,  12% used [0x00000000eb2a0000, 0x00000000eddba5d0, 0x00000000eddba600, 0x0000000100000000)
 Metaspace       used 36210K, capacity 37068K, committed 37376K, reserved 1081344K
  class space    used 4860K, capacity 5076K, committed 5120K, reserved 1048576K
