18:52:58,689 |-INFO in ch.qos.logback.classic.LoggerContext[default] - Could NOT find resource [logback-test.xml]
18:52:58,689 |-INFO in ch.qos.logback.classic.LoggerContext[default] - Could NOT find resource [logback.groovy]
18:52:58,690 |-INFO in ch.qos.logback.classic.LoggerContext[default] - Found resource [logback.xml] at [jar:file:/root/flamestream/lib/flamestream-runtime-1.0-SNAPSHOT.jar!/logback.xml]
18:52:58,690 |-WARN in ch.qos.logback.classic.LoggerContext[default] - Resource [logback.xml] occurs multiple times on the classpath.
18:52:58,690 |-WARN in ch.qos.logback.classic.LoggerContext[default] - Resource [logback.xml] occurs at [jar:file:/root/flamestream/lib/flamestream-runtime-1.0-SNAPSHOT.jar!/logback.xml]
18:52:58,690 |-WARN in ch.qos.logback.classic.LoggerContext[default] - Resource [logback.xml] occurs at [jar:file:/root/flamestream/flamestream-runtime-1.0-SNAPSHOT.jar!/logback.xml]
18:52:58,713 |-INFO in ch.qos.logback.core.joran.spi.ConfigurationWatchList@3fb6a447 - URL [jar:file:/root/flamestream/lib/flamestream-runtime-1.0-SNAPSHOT.jar!/logback.xml] is not of type file
18:52:58,777 |-INFO in ch.qos.logback.classic.joran.action.ConfigurationAction - debug attribute not set
18:52:58,778 |-INFO in ch.qos.logback.core.joran.action.AppenderAction - About to instantiate appender of type [ch.qos.logback.core.ConsoleAppender]
18:52:58,792 |-INFO in ch.qos.logback.core.joran.action.AppenderAction - Naming appender as [STDOUT]
18:52:58,809 |-INFO in ch.qos.logback.core.joran.action.NestedComplexPropertyIA - Assuming default type [ch.qos.logback.classic.encoder.PatternLayoutEncoder] for [encoder] property
18:52:58,890 |-INFO in ch.qos.logback.core.joran.action.AppenderAction - About to instantiate appender of type [ch.qos.logback.core.rolling.RollingFileAppender]
18:52:58,898 |-INFO in ch.qos.logback.core.joran.action.AppenderAction - Naming appender as [FILE]
18:52:58,926 |-INFO in c.q.l.core.rolling.TimeBasedRollingPolicy@127618319 - No compression will be used
18:52:58,927 |-INFO in c.q.l.core.rolling.TimeBasedRollingPolicy@127618319 - Will use the pattern /tmp/application_%d{yyyy-MM-dd}.%i.log for the active file
18:52:58,930 |-INFO in ch.qos.logback.core.rolling.SizeAndTimeBasedFNATP@6b2fad11 - The date pattern is 'yyyy-MM-dd' from file name pattern '/tmp/application_%d{yyyy-MM-dd}.%i.log'.
18:52:58,930 |-INFO in ch.qos.logback.core.rolling.SizeAndTimeBasedFNATP@6b2fad11 - Roll-over at midnight.
18:52:58,935 |-INFO in ch.qos.logback.core.rolling.SizeAndTimeBasedFNATP@6b2fad11 - Setting initial period to Mon Jun 10 18:51:24 UTC 2019
18:52:58,935 |-WARN in ch.qos.logback.core.rolling.SizeAndTimeBasedFNATP@6b2fad11 - SizeAndTimeBasedFNATP is deprecated. Use SizeAndTimeBasedRollingPolicy instead
18:52:58,935 |-WARN in ch.qos.logback.core.rolling.SizeAndTimeBasedFNATP@6b2fad11 - For more information see http://logback.qos.ch/manual/appenders.html#SizeAndTimeBasedRollingPolicy
18:52:58,940 |-INFO in ch.qos.logback.core.joran.action.NestedComplexPropertyIA - Assuming default type [ch.qos.logback.classic.encoder.PatternLayoutEncoder] for [encoder] property
18:52:58,944 |-INFO in ch.qos.logback.core.rolling.RollingFileAppender[FILE] - Active log file name: /tmp/application.log
18:52:58,944 |-INFO in ch.qos.logback.core.rolling.RollingFileAppender[FILE] - File property is set to [/tmp/application.log]
18:52:58,945 |-INFO in ch.qos.logback.classic.joran.action.RootLoggerAction - Setting level of ROOT logger to WARN
18:52:58,945 |-INFO in ch.qos.logback.core.joran.action.AppenderRefAction - Attaching appender named [STDOUT] to Logger[ROOT]
18:52:58,946 |-INFO in ch.qos.logback.core.joran.action.AppenderRefAction - Attaching appender named [FILE] to Logger[ROOT]
18:52:58,946 |-INFO in ch.qos.logback.classic.joran.action.ConfigurationAction - End of configuration.
18:52:58,946 |-INFO in ch.qos.logback.classic.joran.JoranConfigurator@79698539 - Registering current configuration as safe fallback point

Ama winner
Ama winner
2019-06-10T18:53:00.233+0000: 1.720: [Full GC (Metadata GC Threshold) 2019-06-10T18:53:00.233+0000: 1.720: [Tenured: 0K->15177K(341376K), 0.0343279 secs] 114987K->15177K(494976K), [Metaspace: 20737K->20737K(1067008K)], 0.0343941 secs] [Times: user=0.03 sys=0.01, real=0.04 secs] 
18:53:18.560 [Curator-PathChildrenCache-1] WARN  o.a.c.u.ZKPaths  - The version of ZooKeeper being used doesn't support Container nodes. CreateMode.PERSISTENT will be used instead.
2019-06-10T18:53:20.759+0000: 22.246: [GC (Allocation Failure) 2019-06-10T18:53:20.759+0000: 22.246: [DefNew: 136576K->17024K(153600K), 0.0272232 secs] 151753K->52508K(494976K), 0.0272882 secs] [Times: user=0.02 sys=0.01, real=0.02 secs] 
2019-06-10T18:53:26.306+0000: 27.793: [GC (Allocation Failure) 2019-06-10T18:53:26.306+0000: 27.793: [DefNew: 153600K->224K(153600K), 0.0098121 secs] 189084K->43887K(494976K), 0.0098767 secs] [Times: user=0.01 sys=0.00, real=0.02 secs] 
2019-06-10T18:53:27.285+0000: 28.772: [Full GC (Metadata GC Threshold) 2019-06-10T18:53:27.285+0000: 28.772: [Tenured: 43663K->43872K(341376K), 0.0358331 secs] 72768K->43872K(494976K), [Metaspace: 34606K->34606K(1079296K)], 0.0359060 secs] [Times: user=0.03 sys=0.00, real=0.04 secs] 
2019-06-10T18:53:32.410+0000: 33.897: [GC (Allocation Failure) 2019-06-10T18:53:32.410+0000: 33.897: [DefNew: 136576K->49K(153600K), 0.0017177 secs] 180448K->43922K(494976K), 0.0017787 secs] [Times: user=0.00 sys=0.00, real=0.00 secs] 
2019-06-10T18:53:37.527+0000: 39.014: [GC (Allocation Failure) 2019-06-10T18:53:37.527+0000: 39.014: [DefNew: 136625K->58K(153600K), 0.0015715 secs] 180498K->43931K(494976K), 0.0016316 secs] [Times: user=0.00 sys=0.00, real=0.00 secs] 
2019-06-10T18:53:42.643+0000: 44.130: [GC (Allocation Failure) 2019-06-10T18:53:42.643+0000: 44.130: [DefNew: 136634K->51K(153600K), 0.0016088 secs] 180507K->43923K(494976K), 0.0016693 secs] [Times: user=0.00 sys=0.00, real=0.00 secs] 
18:53:52.139 [Curator-PathChildrenCache-0] ERROR o.a.c.f.r.c.PathChildrenCache  - 
java.lang.IllegalStateException: instance must be started before calling this method
	at org.apache.curator.shaded.com.google.common.base.Preconditions.checkState(Preconditions.java:444)
	at org.apache.curator.framework.imps.CuratorFrameworkImpl.getChildren(CuratorFrameworkImpl.java:456)
	at org.apache.curator.framework.recipes.cache.PathChildrenCache.refresh(PathChildrenCache.java:521)
	at org.apache.curator.framework.recipes.cache.RefreshOperation.invoke(RefreshOperation.java:35)
	at org.apache.curator.framework.recipes.cache.PathChildrenCache$9.run(PathChildrenCache.java:786)
	at java.util.concurrent.Executors$RunnableAdapter.call(Executors.java:511)
	at java.util.concurrent.FutureTask.run(FutureTask.java:266)
	at java.util.concurrent.Executors$RunnableAdapter.call(Executors.java:511)
	at java.util.concurrent.FutureTask.run(FutureTask.java:266)
	at java.util.concurrent.ThreadPoolExecutor.runWorker(ThreadPoolExecutor.java:1149)
	at java.util.concurrent.ThreadPoolExecutor$Worker.run(ThreadPoolExecutor.java:624)
	at java.lang.Thread.run(Thread.java:748)
2019-06-10T18:53:53.307+0000: 54.794: [GC (Allocation Failure) 2019-06-10T18:53:53.307+0000: 54.794: [DefNew: 136627K->941K(153600K), 0.0039209 secs] 180499K->44813K(494976K), 0.0039811 secs] [Times: user=0.00 sys=0.01, real=0.00 secs] 
Heap
 def new generation   total 153600K, used 3692K [0x00000000e0c00000, 0x00000000eb2a0000, 0x00000000eb2a0000)
  eden space 136576K,   2% used [0x00000000e0c00000, 0x00000000e0eafc00, 0x00000000e9160000)
  from space 17024K,   5% used [0x00000000e9160000, 0x00000000e924b418, 0x00000000ea200000)
  to   space 17024K,   0% used [0x00000000ea200000, 0x00000000ea200000, 0x00000000eb2a0000)
 tenured generation   total 341376K, used 43872K [0x00000000eb2a0000, 0x0000000100000000, 0x0000000100000000)
   the space 341376K,  12% used [0x00000000eb2a0000, 0x00000000edd78338, 0x00000000edd78400, 0x0000000100000000)
 Metaspace       used 35781K, capacity 36672K, committed 36864K, reserved 1081344K
  class space    used 4813K, capacity 5010K, committed 5120K, reserved 1048576K
