17:35:10,978 |-INFO in ch.qos.logback.classic.LoggerContext[default] - Could NOT find resource [logback-test.xml]
17:35:10,978 |-INFO in ch.qos.logback.classic.LoggerContext[default] - Could NOT find resource [logback.groovy]
17:35:10,979 |-INFO in ch.qos.logback.classic.LoggerContext[default] - Found resource [logback.xml] at [jar:file:/root/flamestream/lib/flamestream-runtime-1.0-SNAPSHOT.jar!/logback.xml]
17:35:10,979 |-WARN in ch.qos.logback.classic.LoggerContext[default] - Resource [logback.xml] occurs multiple times on the classpath.
17:35:10,980 |-WARN in ch.qos.logback.classic.LoggerContext[default] - Resource [logback.xml] occurs at [jar:file:/root/flamestream/lib/flamestream-runtime-1.0-SNAPSHOT.jar!/logback.xml]
17:35:10,980 |-WARN in ch.qos.logback.classic.LoggerContext[default] - Resource [logback.xml] occurs at [jar:file:/root/flamestream/flamestream-runtime-1.0-SNAPSHOT.jar!/logback.xml]
17:35:10,999 |-INFO in ch.qos.logback.core.joran.spi.ConfigurationWatchList@3fb6a447 - URL [jar:file:/root/flamestream/lib/flamestream-runtime-1.0-SNAPSHOT.jar!/logback.xml] is not of type file
17:35:11,071 |-INFO in ch.qos.logback.classic.joran.action.ConfigurationAction - debug attribute not set
17:35:11,071 |-INFO in ch.qos.logback.core.joran.action.AppenderAction - About to instantiate appender of type [ch.qos.logback.core.ConsoleAppender]
17:35:11,086 |-INFO in ch.qos.logback.core.joran.action.AppenderAction - Naming appender as [STDOUT]
17:35:11,104 |-INFO in ch.qos.logback.core.joran.action.NestedComplexPropertyIA - Assuming default type [ch.qos.logback.classic.encoder.PatternLayoutEncoder] for [encoder] property
17:35:11,188 |-INFO in ch.qos.logback.core.joran.action.AppenderAction - About to instantiate appender of type [ch.qos.logback.core.rolling.RollingFileAppender]
17:35:11,193 |-INFO in ch.qos.logback.core.joran.action.AppenderAction - Naming appender as [FILE]
17:35:11,225 |-INFO in c.q.l.core.rolling.TimeBasedRollingPolicy@127618319 - No compression will be used
17:35:11,226 |-INFO in c.q.l.core.rolling.TimeBasedRollingPolicy@127618319 - Will use the pattern /tmp/application_%d{yyyy-MM-dd}.%i.log for the active file
17:35:11,229 |-INFO in ch.qos.logback.core.rolling.SizeAndTimeBasedFNATP@6b2fad11 - The date pattern is 'yyyy-MM-dd' from file name pattern '/tmp/application_%d{yyyy-MM-dd}.%i.log'.
17:35:11,229 |-INFO in ch.qos.logback.core.rolling.SizeAndTimeBasedFNATP@6b2fad11 - Roll-over at midnight.
17:35:11,234 |-INFO in ch.qos.logback.core.rolling.SizeAndTimeBasedFNATP@6b2fad11 - Setting initial period to Mon Jun 10 17:33:41 UTC 2019
17:35:11,234 |-WARN in ch.qos.logback.core.rolling.SizeAndTimeBasedFNATP@6b2fad11 - SizeAndTimeBasedFNATP is deprecated. Use SizeAndTimeBasedRollingPolicy instead
17:35:11,234 |-WARN in ch.qos.logback.core.rolling.SizeAndTimeBasedFNATP@6b2fad11 - For more information see http://logback.qos.ch/manual/appenders.html#SizeAndTimeBasedRollingPolicy
17:35:11,238 |-INFO in ch.qos.logback.core.joran.action.NestedComplexPropertyIA - Assuming default type [ch.qos.logback.classic.encoder.PatternLayoutEncoder] for [encoder] property
17:35:11,243 |-INFO in ch.qos.logback.core.rolling.RollingFileAppender[FILE] - Active log file name: /tmp/application.log
17:35:11,243 |-INFO in ch.qos.logback.core.rolling.RollingFileAppender[FILE] - File property is set to [/tmp/application.log]
17:35:11,244 |-INFO in ch.qos.logback.classic.joran.action.RootLoggerAction - Setting level of ROOT logger to WARN
17:35:11,244 |-INFO in ch.qos.logback.core.joran.action.AppenderRefAction - Attaching appender named [STDOUT] to Logger[ROOT]
17:35:11,246 |-INFO in ch.qos.logback.core.joran.action.AppenderRefAction - Attaching appender named [FILE] to Logger[ROOT]
17:35:11,246 |-INFO in ch.qos.logback.classic.joran.action.ConfigurationAction - End of configuration.
17:35:11,246 |-INFO in ch.qos.logback.classic.joran.JoranConfigurator@79698539 - Registering current configuration as safe fallback point

Ama winner
Ama winner
2019-06-10T17:35:12.517+0000: 1.726: [Full GC (Metadata GC Threshold) 2019-06-10T17:35:12.517+0000: 1.726: [Tenured: 0K->15240K(341376K), 0.0419413 secs] 114924K->15240K(494976K), [Metaspace: 20732K->20732K(1067008K)], 0.0420067 secs] [Times: user=0.04 sys=0.00, real=0.04 secs] 
17:35:24.779 [Curator-PathChildrenCache-1] WARN  o.a.c.u.ZKPaths  - The version of ZooKeeper being used doesn't support Container nodes. CreateMode.PERSISTENT will be used instead.
2019-06-10T17:35:27.351+0000: 16.559: [GC (Allocation Failure) 2019-06-10T17:35:27.351+0000: 16.559: [DefNew: 136576K->17023K(153600K), 0.0271601 secs] 151816K->52702K(494976K), 0.0272535 secs] [Times: user=0.02 sys=0.02, real=0.02 secs] 
2019-06-10T17:35:34.403+0000: 23.611: [GC (Allocation Failure) 2019-06-10T17:35:34.403+0000: 23.611: [DefNew: 153599K->299K(153600K), 0.0102854 secs] 189278K->44174K(494976K), 0.0103612 secs] [Times: user=0.01 sys=0.01, real=0.01 secs] 
2019-06-10T17:35:41.444+0000: 30.652: [GC (Allocation Failure) 2019-06-10T17:35:41.444+0000: 30.652: [DefNew: 136875K->325K(153600K), 0.0027614 secs] 180750K->44200K(494976K), 0.0028249 secs] [Times: user=0.00 sys=0.00, real=0.00 secs] 
2019-06-10T17:35:45.846+0000: 35.055: [Full GC (Metadata GC Threshold) 2019-06-10T17:35:45.846+0000: 35.055: [Tenured: 43874K->44233K(341376K), 0.0495949 secs] 131418K->44233K(494976K), [Metaspace: 34634K->34634K(1079296K)], 0.0496707 secs] [Times: user=0.05 sys=0.00, real=0.05 secs] 
2019-06-10T17:35:52.959+0000: 42.167: [GC (Allocation Failure) 2019-06-10T17:35:52.959+0000: 42.167: [DefNew: 136576K->80K(153600K), 0.0017124 secs] 180809K->44314K(494976K), 0.0017861 secs] [Times: user=0.00 sys=0.00, real=0.00 secs] 
2019-06-10T17:36:00.036+0000: 49.244: [GC (Allocation Failure) 2019-06-10T17:36:00.036+0000: 49.244: [DefNew: 136656K->114K(153600K), 0.0017765 secs] 180890K->44347K(494976K), 0.0018400 secs] [Times: user=0.00 sys=0.00, real=0.00 secs] 
2019-06-10T17:36:07.163+0000: 56.371: [GC (Allocation Failure) 2019-06-10T17:36:07.163+0000: 56.371: [DefNew: 136690K->121K(153600K), 0.0016272 secs] 180923K->44354K(494976K), 0.0016889 secs] [Times: user=0.00 sys=0.00, real=0.00 secs] 
17:36:14.663 [Curator-PathChildrenCache-0] ERROR o.a.c.f.r.c.PathChildrenCache  - 
java.lang.IllegalStateException: instance must be started before calling this method
	at org.apache.curator.shaded.com.google.common.base.Preconditions.checkState(Preconditions.java:444)
	at org.apache.curator.framework.imps.CuratorFrameworkImpl.getChildren(CuratorFrameworkImpl.java:456)
	at org.apache.curator.framework.recipes.cache.PathChildrenCache.refresh(PathChildrenCache.java:521)
	at org.apache.curator.framework.recipes.cache.RefreshOperation.invoke(RefreshOperation.java:35)
	at org.apache.curator.framework.recipes.cache.PathChildrenCache$9.run(PathChildrenCache.java:786)
	at java.util.concurrent.Executors$RunnableAdapter.call(Executors.java:511)
	at java.util.concurrent.FutureTask.run(FutureTask.java:266)
	at java.util.concurrent.Executors$RunnableAdapter.call(Executors.java:511)
	at java.util.concurrent.FutureTask.run(FutureTask.java:266)
	at java.util.concurrent.ThreadPoolExecutor.runWorker(ThreadPoolExecutor.java:1149)
	at java.util.concurrent.ThreadPoolExecutor$Worker.run(ThreadPoolExecutor.java:624)
	at java.lang.Thread.run(Thread.java:748)
Heap
 def new generation   total 153600K, used 61219K [0x00000000e0c00000, 0x00000000eb2a0000, 0x00000000eb2a0000)
  eden space 136576K,  44% used [0x00000000e0c00000, 0x00000000e47aaa40, 0x00000000e9160000)
  from space 17024K,   0% used [0x00000000e9160000, 0x00000000e917e4c0, 0x00000000ea200000)
  to   space 17024K,   0% used [0x00000000ea200000, 0x00000000ea200000, 0x00000000eb2a0000)
 tenured generation   total 341376K, used 44233K [0x00000000eb2a0000, 0x0000000100000000, 0x0000000100000000)
   the space 341376K,  12% used [0x00000000eb2a0000, 0x00000000eddd2530, 0x00000000eddd2600, 0x0000000100000000)
 Metaspace       used 35986K, capacity 36928K, committed 37120K, reserved 1081344K
  class space    used 4857K, capacity 5074K, committed 5120K, reserved 1048576K
