08:02:35,280 |-INFO in ch.qos.logback.classic.LoggerContext[default] - Could NOT find resource [logback-test.xml]
08:02:35,280 |-INFO in ch.qos.logback.classic.LoggerContext[default] - Could NOT find resource [logback.groovy]
08:02:35,281 |-INFO in ch.qos.logback.classic.LoggerContext[default] - Found resource [logback.xml] at [jar:file:/root/flamestream/lib/flamestream-runtime-1.0-SNAPSHOT.jar!/logback.xml]
08:02:35,281 |-WARN in ch.qos.logback.classic.LoggerContext[default] - Resource [logback.xml] occurs multiple times on the classpath.
08:02:35,281 |-WARN in ch.qos.logback.classic.LoggerContext[default] - Resource [logback.xml] occurs at [jar:file:/root/flamestream/lib/flamestream-runtime-1.0-SNAPSHOT.jar!/logback.xml]
08:02:35,281 |-WARN in ch.qos.logback.classic.LoggerContext[default] - Resource [logback.xml] occurs at [jar:file:/root/flamestream/flamestream-runtime-1.0-SNAPSHOT.jar!/logback.xml]
08:02:35,303 |-INFO in ch.qos.logback.core.joran.spi.ConfigurationWatchList@3fb6a447 - URL [jar:file:/root/flamestream/lib/flamestream-runtime-1.0-SNAPSHOT.jar!/logback.xml] is not of type file
08:02:35,376 |-INFO in ch.qos.logback.classic.joran.action.ConfigurationAction - debug attribute not set
08:02:35,376 |-INFO in ch.qos.logback.core.joran.action.AppenderAction - About to instantiate appender of type [ch.qos.logback.core.ConsoleAppender]
08:02:35,392 |-INFO in ch.qos.logback.core.joran.action.AppenderAction - Naming appender as [STDOUT]
08:02:35,411 |-INFO in ch.qos.logback.core.joran.action.NestedComplexPropertyIA - Assuming default type [ch.qos.logback.classic.encoder.PatternLayoutEncoder] for [encoder] property
08:02:35,495 |-INFO in ch.qos.logback.core.joran.action.AppenderAction - About to instantiate appender of type [ch.qos.logback.core.rolling.RollingFileAppender]
08:02:35,500 |-INFO in ch.qos.logback.core.joran.action.AppenderAction - Naming appender as [FILE]
08:02:35,531 |-INFO in c.q.l.core.rolling.TimeBasedRollingPolicy@127618319 - No compression will be used
08:02:35,533 |-INFO in c.q.l.core.rolling.TimeBasedRollingPolicy@127618319 - Will use the pattern /tmp/application_%d{yyyy-MM-dd}.%i.log for the active file
08:02:35,536 |-INFO in ch.qos.logback.core.rolling.SizeAndTimeBasedFNATP@6b2fad11 - The date pattern is 'yyyy-MM-dd' from file name pattern '/tmp/application_%d{yyyy-MM-dd}.%i.log'.
08:02:35,536 |-INFO in ch.qos.logback.core.rolling.SizeAndTimeBasedFNATP@6b2fad11 - Roll-over at midnight.
08:02:35,541 |-INFO in ch.qos.logback.core.rolling.SizeAndTimeBasedFNATP@6b2fad11 - Setting initial period to Tue Jun 11 08:01:16 UTC 2019
08:02:35,541 |-WARN in ch.qos.logback.core.rolling.SizeAndTimeBasedFNATP@6b2fad11 - SizeAndTimeBasedFNATP is deprecated. Use SizeAndTimeBasedRollingPolicy instead
08:02:35,541 |-WARN in ch.qos.logback.core.rolling.SizeAndTimeBasedFNATP@6b2fad11 - For more information see http://logback.qos.ch/manual/appenders.html#SizeAndTimeBasedRollingPolicy
08:02:35,545 |-INFO in ch.qos.logback.core.joran.action.NestedComplexPropertyIA - Assuming default type [ch.qos.logback.classic.encoder.PatternLayoutEncoder] for [encoder] property
08:02:35,550 |-INFO in ch.qos.logback.core.rolling.RollingFileAppender[FILE] - Active log file name: /tmp/application.log
08:02:35,550 |-INFO in ch.qos.logback.core.rolling.RollingFileAppender[FILE] - File property is set to [/tmp/application.log]
08:02:35,550 |-INFO in ch.qos.logback.classic.joran.action.RootLoggerAction - Setting level of ROOT logger to WARN
08:02:35,551 |-INFO in ch.qos.logback.core.joran.action.AppenderRefAction - Attaching appender named [STDOUT] to Logger[ROOT]
08:02:35,552 |-INFO in ch.qos.logback.core.joran.action.AppenderRefAction - Attaching appender named [FILE] to Logger[ROOT]
08:02:35,552 |-INFO in ch.qos.logback.classic.joran.action.ConfigurationAction - End of configuration.
08:02:35,553 |-INFO in ch.qos.logback.classic.joran.JoranConfigurator@79698539 - Registering current configuration as safe fallback point

Ama winner
Ama winner
2019-06-11T08:02:36.849+0000: 1.749: [Full GC (Metadata GC Threshold) 2019-06-11T08:02:36.849+0000: 1.749: [Tenured: 0K->15143K(341376K), 0.0393095 secs] 114923K->15143K(494976K), [Metaspace: 20730K->20730K(1067008K)], 0.0393771 secs] [Times: user=0.04 sys=0.01, real=0.04 secs] 
08:02:59.498 [Curator-PathChildrenCache-2] WARN  o.a.c.u.ZKPaths  - The version of ZooKeeper being used doesn't support Container nodes. CreateMode.PERSISTENT will be used instead.
2019-06-11T08:03:01.916+0000: 26.816: [GC (Allocation Failure) 2019-06-11T08:03:01.916+0000: 26.816: [DefNew: 136576K->17023K(153600K), 0.0267169 secs] 151719K->52717K(494976K), 0.0268011 secs] [Times: user=0.01 sys=0.01, real=0.02 secs] 
2019-06-11T08:03:02.340+0000: 27.241: [Full GC (Metadata GC Threshold) 2019-06-11T08:03:02.340+0000: 27.241: [Tenured: 35693K->44317K(341376K), 0.0376017 secs] 70031K->44317K(494976K), [Metaspace: 34546K->34546K(1079296K)], 0.0376964 secs] [Times: user=0.03 sys=0.01, real=0.04 secs] 
2019-06-11T08:03:06.006+0000: 30.907: [GC (Allocation Failure) 2019-06-11T08:03:06.006+0000: 30.907: [DefNew: 136576K->116K(153600K), 0.0019194 secs] 180893K->44433K(494976K), 0.0019805 secs] [Times: user=0.00 sys=0.01, real=0.00 secs] 
2019-06-11T08:03:09.731+0000: 34.632: [GC (Allocation Failure) 2019-06-11T08:03:09.731+0000: 34.632: [DefNew: 136692K->110K(153600K), 0.0017599 secs] 181009K->44428K(494976K), 0.0018197 secs] [Times: user=0.00 sys=0.00, real=0.00 secs] 
2019-06-11T08:03:13.356+0000: 38.256: [GC (Allocation Failure) 2019-06-11T08:03:13.356+0000: 38.256: [DefNew: 136686K->113K(153600K), 0.0018211 secs] 181004K->44430K(494976K), 0.0018805 secs] [Times: user=0.00 sys=0.00, real=0.00 secs] 
2019-06-11T08:03:17.018+0000: 41.918: [GC (Allocation Failure) 2019-06-11T08:03:17.018+0000: 41.919: [DefNew: 136689K->115K(153600K), 0.0018093 secs] 181006K->44432K(494976K), 0.0018650 secs] [Times: user=0.01 sys=0.00, real=0.00 secs] 
2019-06-11T08:03:20.680+0000: 45.581: [GC (Allocation Failure) 2019-06-11T08:03:20.680+0000: 45.581: [DefNew: 136691K->109K(153600K), 0.0017963 secs] 181008K->44426K(494976K), 0.0018598 secs] [Times: user=0.00 sys=0.00, real=0.00 secs] 
2019-06-11T08:03:24.331+0000: 49.231: [GC (Allocation Failure) 2019-06-11T08:03:24.331+0000: 49.231: [DefNew: 136685K->110K(153600K), 0.0017327 secs] 181002K->44427K(494976K), 0.0017905 secs] [Times: user=0.00 sys=0.00, real=0.00 secs] 
2019-06-11T08:03:28.018+0000: 52.918: [GC (Allocation Failure) 2019-06-11T08:03:28.018+0000: 52.918: [DefNew: 136686K->120K(153600K), 0.0018555 secs] 181003K->44438K(494976K), 0.0019147 secs] [Times: user=0.00 sys=0.00, real=0.00 secs] 
2019-06-11T08:03:31.711+0000: 56.611: [GC (Allocation Failure) 2019-06-11T08:03:31.711+0000: 56.612: [DefNew: 136696K->120K(153600K), 0.0018174 secs] 181014K->44437K(494976K), 0.0018759 secs] [Times: user=0.00 sys=0.00, real=0.00 secs] 
2019-06-11T08:03:40.748+0000: 65.648: [GC (Allocation Failure) 2019-06-11T08:03:40.748+0000: 65.648: [DefNew: 136696K->412K(153600K), 0.0023869 secs] 181013K->44729K(494976K), 0.0024348 secs] [Times: user=0.00 sys=0.00, real=0.00 secs] 
08:03:40.793 [Curator-PathChildrenCache-0] ERROR o.a.c.f.r.c.PathChildrenCache  - 
java.lang.IllegalStateException: instance must be started before calling this method
	at org.apache.curator.shaded.com.google.common.base.Preconditions.checkState(Preconditions.java:444)
	at org.apache.curator.framework.imps.CuratorFrameworkImpl.getChildren(CuratorFrameworkImpl.java:456)
	at org.apache.curator.framework.recipes.cache.PathChildrenCache.refresh(PathChildrenCache.java:521)
	at org.apache.curator.framework.recipes.cache.RefreshOperation.invoke(RefreshOperation.java:35)
	at org.apache.curator.framework.recipes.cache.PathChildrenCache$9.run(PathChildrenCache.java:786)
	at java.util.concurrent.Executors$RunnableAdapter.call(Executors.java:511)
	at java.util.concurrent.FutureTask.run(FutureTask.java:266)
	at java.util.concurrent.Executors$RunnableAdapter.call(Executors.java:511)
	at java.util.concurrent.FutureTask.run(FutureTask.java:266)
	at java.util.concurrent.ThreadPoolExecutor.runWorker(ThreadPoolExecutor.java:1149)
	at java.util.concurrent.ThreadPoolExecutor$Worker.run(ThreadPoolExecutor.java:624)
	at java.lang.Thread.run(Thread.java:748)
Heap
 def new generation   total 153600K, used 22080K [0x00000000e0c00000, 0x00000000eb2a0000, 0x00000000eb2a0000)
  eden space 136576K,  15% used [0x00000000e0c00000, 0x00000000e2128f00, 0x00000000e9160000)
  from space 17024K,   2% used [0x00000000e9160000, 0x00000000e91c7150, 0x00000000ea200000)
  to   space 17024K,   0% used [0x00000000ea200000, 0x00000000ea200000, 0x00000000eb2a0000)
 tenured generation   total 341376K, used 44317K [0x00000000eb2a0000, 0x0000000100000000, 0x0000000100000000)
   the space 341376K,  12% used [0x00000000eb2a0000, 0x00000000edde7600, 0x00000000edde7600, 0x0000000100000000)
 Metaspace       used 36184K, capacity 37180K, committed 37504K, reserved 1081344K
  class space    used 4901K, capacity 5122K, committed 5248K, reserved 1048576K
