07:37:30,877 |-INFO in ch.qos.logback.classic.LoggerContext[default] - Could NOT find resource [logback-test.xml]
07:37:30,877 |-INFO in ch.qos.logback.classic.LoggerContext[default] - Could NOT find resource [logback.groovy]
07:37:30,877 |-INFO in ch.qos.logback.classic.LoggerContext[default] - Found resource [logback.xml] at [jar:file:/root/flamestream/lib/flamestream-runtime-1.0-SNAPSHOT.jar!/logback.xml]
07:37:30,883 |-WARN in ch.qos.logback.classic.LoggerContext[default] - Resource [logback.xml] occurs multiple times on the classpath.
07:37:30,883 |-WARN in ch.qos.logback.classic.LoggerContext[default] - Resource [logback.xml] occurs at [jar:file:/root/flamestream/lib/flamestream-runtime-1.0-SNAPSHOT.jar!/logback.xml]
07:37:30,883 |-WARN in ch.qos.logback.classic.LoggerContext[default] - Resource [logback.xml] occurs at [jar:file:/root/flamestream/flamestream-runtime-1.0-SNAPSHOT.jar!/logback.xml]
07:37:30,902 |-INFO in ch.qos.logback.core.joran.spi.ConfigurationWatchList@3fb6a447 - URL [jar:file:/root/flamestream/lib/flamestream-runtime-1.0-SNAPSHOT.jar!/logback.xml] is not of type file
07:37:30,974 |-INFO in ch.qos.logback.classic.joran.action.ConfigurationAction - debug attribute not set
07:37:30,974 |-INFO in ch.qos.logback.core.joran.action.AppenderAction - About to instantiate appender of type [ch.qos.logback.core.ConsoleAppender]
07:37:30,993 |-INFO in ch.qos.logback.core.joran.action.AppenderAction - Naming appender as [STDOUT]
07:37:31,007 |-INFO in ch.qos.logback.core.joran.action.NestedComplexPropertyIA - Assuming default type [ch.qos.logback.classic.encoder.PatternLayoutEncoder] for [encoder] property
07:37:31,091 |-INFO in ch.qos.logback.core.joran.action.AppenderAction - About to instantiate appender of type [ch.qos.logback.core.rolling.RollingFileAppender]
07:37:31,096 |-INFO in ch.qos.logback.core.joran.action.AppenderAction - Naming appender as [FILE]
07:37:31,127 |-INFO in c.q.l.core.rolling.TimeBasedRollingPolicy@127618319 - No compression will be used
07:37:31,128 |-INFO in c.q.l.core.rolling.TimeBasedRollingPolicy@127618319 - Will use the pattern /tmp/application_%d{yyyy-MM-dd}.%i.log for the active file
07:37:31,131 |-INFO in ch.qos.logback.core.rolling.SizeAndTimeBasedFNATP@6b2fad11 - The date pattern is 'yyyy-MM-dd' from file name pattern '/tmp/application_%d{yyyy-MM-dd}.%i.log'.
07:37:31,131 |-INFO in ch.qos.logback.core.rolling.SizeAndTimeBasedFNATP@6b2fad11 - Roll-over at midnight.
07:37:31,136 |-INFO in ch.qos.logback.core.rolling.SizeAndTimeBasedFNATP@6b2fad11 - Setting initial period to Tue Jun 11 07:36:05 UTC 2019
07:37:31,136 |-WARN in ch.qos.logback.core.rolling.SizeAndTimeBasedFNATP@6b2fad11 - SizeAndTimeBasedFNATP is deprecated. Use SizeAndTimeBasedRollingPolicy instead
07:37:31,136 |-WARN in ch.qos.logback.core.rolling.SizeAndTimeBasedFNATP@6b2fad11 - For more information see http://logback.qos.ch/manual/appenders.html#SizeAndTimeBasedRollingPolicy
07:37:31,140 |-INFO in ch.qos.logback.core.joran.action.NestedComplexPropertyIA - Assuming default type [ch.qos.logback.classic.encoder.PatternLayoutEncoder] for [encoder] property
07:37:31,145 |-INFO in ch.qos.logback.core.rolling.RollingFileAppender[FILE] - Active log file name: /tmp/application.log
07:37:31,145 |-INFO in ch.qos.logback.core.rolling.RollingFileAppender[FILE] - File property is set to [/tmp/application.log]
07:37:31,146 |-INFO in ch.qos.logback.classic.joran.action.RootLoggerAction - Setting level of ROOT logger to WARN
07:37:31,146 |-INFO in ch.qos.logback.core.joran.action.AppenderRefAction - Attaching appender named [STDOUT] to Logger[ROOT]
07:37:31,148 |-INFO in ch.qos.logback.core.joran.action.AppenderRefAction - Attaching appender named [FILE] to Logger[ROOT]
07:37:31,148 |-INFO in ch.qos.logback.classic.joran.action.ConfigurationAction - End of configuration.
07:37:31,148 |-INFO in ch.qos.logback.classic.joran.JoranConfigurator@79698539 - Registering current configuration as safe fallback point

Ama winner
Ama winner
2019-06-11T07:37:32.414+0000: 1.716: [Full GC (Metadata GC Threshold) 2019-06-11T07:37:32.414+0000: 1.716: [Tenured: 0K->15241K(341376K), 0.0392365 secs] 114987K->15241K(494976K), [Metaspace: 20732K->20732K(1067008K)], 0.0393153 secs] [Times: user=0.03 sys=0.00, real=0.03 secs] 
07:37:50.394 [Curator-PathChildrenCache-2] WARN  o.a.c.u.ZKPaths  - The version of ZooKeeper being used doesn't support Container nodes. CreateMode.PERSISTENT will be used instead.
2019-06-11T07:37:52.680+0000: 21.983: [GC (Allocation Failure) 2019-06-11T07:37:52.681+0000: 21.983: [DefNew: 136576K->17024K(153600K), 0.0255495 secs] 151817K->53005K(494976K), 0.0256338 secs] [Times: user=0.02 sys=0.01, real=0.03 secs] 
2019-06-11T07:37:53.176+0000: 22.478: [Full GC (Metadata GC Threshold) 2019-06-11T07:37:53.176+0000: 22.478: [Tenured: 35981K->44880K(341376K), 0.0358581 secs] 74061K->44880K(494976K), [Metaspace: 34580K->34580K(1079296K)], 0.0359335 secs] [Times: user=0.04 sys=0.00, real=0.03 secs] 
2019-06-11T07:37:56.396+0000: 25.698: [GC (Allocation Failure) 2019-06-11T07:37:56.396+0000: 25.698: [DefNew: 136576K->104K(153600K), 0.0019326 secs] 181456K->44985K(494976K), 0.0019912 secs] [Times: user=0.00 sys=0.00, real=0.00 secs] 
2019-06-11T07:37:59.678+0000: 28.981: [GC (Allocation Failure) 2019-06-11T07:37:59.678+0000: 28.981: [DefNew: 136680K->118K(153600K), 0.0017561 secs] 181561K->44999K(494976K), 0.0018181 secs] [Times: user=0.01 sys=0.00, real=0.00 secs] 
2019-06-11T07:38:02.927+0000: 32.229: [GC (Allocation Failure) 2019-06-11T07:38:02.927+0000: 32.230: [DefNew: 136694K->116K(153600K), 0.0017730 secs] 181575K->44997K(494976K), 0.0018382 secs] [Times: user=0.01 sys=0.00, real=0.00 secs] 
2019-06-11T07:38:06.177+0000: 35.479: [GC (Allocation Failure) 2019-06-11T07:38:06.177+0000: 35.479: [DefNew: 136692K->128K(153600K), 0.0018672 secs] 181573K->45009K(494976K), 0.0019286 secs] [Times: user=0.00 sys=0.00, real=0.00 secs] 
2019-06-11T07:38:09.414+0000: 38.717: [GC (Allocation Failure) 2019-06-11T07:38:09.414+0000: 38.717: [DefNew: 136704K->120K(153600K), 0.0018832 secs] 181585K->45001K(494976K), 0.0019539 secs] [Times: user=0.00 sys=0.00, real=0.00 secs] 
2019-06-11T07:38:12.669+0000: 41.972: [GC (Allocation Failure) 2019-06-11T07:38:12.669+0000: 41.972: [DefNew: 136696K->121K(153600K), 0.0018847 secs] 181577K->45002K(494976K), 0.0019567 secs] [Times: user=0.00 sys=0.00, real=0.00 secs] 
2019-06-11T07:38:15.933+0000: 45.235: [GC (Allocation Failure) 2019-06-11T07:38:15.933+0000: 45.235: [DefNew: 136697K->118K(153600K), 0.0018393 secs] 181578K->44999K(494976K), 0.0019113 secs] [Times: user=0.00 sys=0.00, real=0.01 secs] 
2019-06-11T07:38:19.184+0000: 48.486: [GC (Allocation Failure) 2019-06-11T07:38:19.184+0000: 48.486: [DefNew: 136694K->119K(153600K), 0.0018828 secs] 181575K->45000K(494976K), 0.0019450 secs] [Times: user=0.00 sys=0.00, real=0.01 secs] 
2019-06-11T07:38:29.999+0000: 59.301: [GC (Allocation Failure) 2019-06-11T07:38:29.999+0000: 59.301: [DefNew: 136695K->118K(153600K), 0.0019770 secs] 181576K->44999K(494976K), 0.0020424 secs] [Times: user=0.00 sys=0.00, real=0.00 secs] 
07:38:32.169 [Curator-PathChildrenCache-0] ERROR o.a.c.f.r.c.PathChildrenCache  - 
java.lang.IllegalStateException: instance must be started before calling this method
	at org.apache.curator.shaded.com.google.common.base.Preconditions.checkState(Preconditions.java:444)
	at org.apache.curator.framework.imps.CuratorFrameworkImpl.getChildren(CuratorFrameworkImpl.java:456)
	at org.apache.curator.framework.recipes.cache.PathChildrenCache.refresh(PathChildrenCache.java:521)
	at org.apache.curator.framework.recipes.cache.RefreshOperation.invoke(RefreshOperation.java:35)
	at org.apache.curator.framework.recipes.cache.PathChildrenCache$9.run(PathChildrenCache.java:786)
	at java.util.concurrent.Executors$RunnableAdapter.call(Executors.java:511)
	at java.util.concurrent.FutureTask.run(FutureTask.java:266)
	at java.util.concurrent.Executors$RunnableAdapter.call(Executors.java:511)
	at java.util.concurrent.FutureTask.run(FutureTask.java:266)
	at java.util.concurrent.ThreadPoolExecutor.runWorker(ThreadPoolExecutor.java:1149)
	at java.util.concurrent.ThreadPoolExecutor$Worker.run(ThreadPoolExecutor.java:624)
	at java.lang.Thread.run(Thread.java:748)
Heap
 def new generation   total 153600K, used 31688K [0x00000000e0c00000, 0x00000000eb2a0000, 0x00000000eb2a0000)
  eden space 136576K,  23% used [0x00000000e0c00000, 0x00000000e2ad45e0, 0x00000000e9160000)
  from space 17024K,   0% used [0x00000000e9160000, 0x00000000e917dad0, 0x00000000ea200000)
  to   space 17024K,   0% used [0x00000000ea200000, 0x00000000ea200000, 0x00000000eb2a0000)
 tenured generation   total 341376K, used 44880K [0x00000000eb2a0000, 0x0000000100000000, 0x0000000100000000)
   the space 341376K,  13% used [0x00000000eb2a0000, 0x00000000ede743f8, 0x00000000ede74400, 0x0000000100000000)
 Metaspace       used 35871K, capacity 36875K, committed 37120K, reserved 1081344K
  class space    used 4864K, capacity 5072K, committed 5120K, reserved 1048576K
