23:21:25,521 |-INFO in ch.qos.logback.classic.LoggerContext[default] - Could NOT find resource [logback-test.xml]
23:21:25,521 |-INFO in ch.qos.logback.classic.LoggerContext[default] - Could NOT find resource [logback.groovy]
23:21:25,522 |-INFO in ch.qos.logback.classic.LoggerContext[default] - Found resource [logback.xml] at [jar:file:/home/nikitasokolov/flamestream/lib/flamestream-runtime-1.0-SNAPSHOT.jar!/logback.xml]
23:21:25,522 |-WARN in ch.qos.logback.classic.LoggerContext[default] - Resource [logback.xml] occurs multiple times on the classpath.
23:21:25,522 |-WARN in ch.qos.logback.classic.LoggerContext[default] - Resource [logback.xml] occurs at [jar:file:/home/nikitasokolov/flamestream/lib/flamestream-runtime-1.0-SNAPSHOT.jar!/logback.xml]
23:21:25,522 |-WARN in ch.qos.logback.classic.LoggerContext[default] - Resource [logback.xml] occurs at [jar:file:/home/nikitasokolov/flamestream/flamestream-runtime-1.0-SNAPSHOT.jar!/logback.xml]
23:21:25,540 |-INFO in ch.qos.logback.core.joran.spi.ConfigurationWatchList@6108b2d7 - URL [jar:file:/home/nikitasokolov/flamestream/lib/flamestream-runtime-1.0-SNAPSHOT.jar!/logback.xml] is not of type file
23:21:25,590 |-INFO in ch.qos.logback.classic.joran.action.ConfigurationAction - debug attribute not set
23:21:25,591 |-INFO in ch.qos.logback.core.joran.action.AppenderAction - About to instantiate appender of type [ch.qos.logback.core.ConsoleAppender]
23:21:25,598 |-INFO in ch.qos.logback.core.joran.action.AppenderAction - Naming appender as [STDOUT]
23:21:25,606 |-INFO in ch.qos.logback.core.joran.action.NestedComplexPropertyIA - Assuming default type [ch.qos.logback.classic.encoder.PatternLayoutEncoder] for [encoder] property
23:21:25,665 |-INFO in ch.qos.logback.core.joran.action.AppenderAction - About to instantiate appender of type [ch.qos.logback.core.rolling.RollingFileAppender]
23:21:25,670 |-INFO in ch.qos.logback.core.joran.action.AppenderAction - Naming appender as [FILE]
23:21:25,692 |-INFO in c.q.l.core.rolling.TimeBasedRollingPolicy@357863579 - No compression will be used
23:21:25,693 |-INFO in c.q.l.core.rolling.TimeBasedRollingPolicy@357863579 - Will use the pattern /tmp/application_%d{yyyy-MM-dd}.%i.log for the active file
23:21:25,696 |-INFO in ch.qos.logback.core.rolling.SizeAndTimeBasedFNATP@6bf256fa - The date pattern is 'yyyy-MM-dd' from file name pattern '/tmp/application_%d{yyyy-MM-dd}.%i.log'.
23:21:25,696 |-INFO in ch.qos.logback.core.rolling.SizeAndTimeBasedFNATP@6bf256fa - Roll-over at midnight.
23:21:25,700 |-INFO in ch.qos.logback.core.rolling.SizeAndTimeBasedFNATP@6bf256fa - Setting initial period to Sat Jun 08 23:20:45 MSK 2019
23:21:25,700 |-WARN in ch.qos.logback.core.rolling.SizeAndTimeBasedFNATP@6bf256fa - SizeAndTimeBasedFNATP is deprecated. Use SizeAndTimeBasedRollingPolicy instead
23:21:25,700 |-WARN in ch.qos.logback.core.rolling.SizeAndTimeBasedFNATP@6bf256fa - For more information see http://logback.qos.ch/manual/appenders.html#SizeAndTimeBasedRollingPolicy
23:21:25,705 |-INFO in ch.qos.logback.core.joran.action.NestedComplexPropertyIA - Assuming default type [ch.qos.logback.classic.encoder.PatternLayoutEncoder] for [encoder] property
23:21:25,707 |-INFO in ch.qos.logback.core.rolling.RollingFileAppender[FILE] - Active log file name: /tmp/application.log
23:21:25,707 |-INFO in ch.qos.logback.core.rolling.RollingFileAppender[FILE] - File property is set to [/tmp/application.log]
23:21:25,709 |-INFO in ch.qos.logback.classic.joran.action.RootLoggerAction - Setting level of ROOT logger to WARN
23:21:25,709 |-INFO in ch.qos.logback.core.joran.action.AppenderRefAction - Attaching appender named [STDOUT] to Logger[ROOT]
23:21:25,709 |-INFO in ch.qos.logback.core.joran.action.AppenderRefAction - Attaching appender named [FILE] to Logger[ROOT]
23:21:25,709 |-INFO in ch.qos.logback.classic.joran.action.ConfigurationAction - End of configuration.
23:21:25,710 |-INFO in ch.qos.logback.classic.joran.JoranConfigurator@6cd8737 - Registering current configuration as safe fallback point

2019-06-08T23:21:26.712+0300: 1.406: [GC (Metadata GC Threshold) [PSYoungGen: 108152K->15916K(149504K)] 108152K->15996K(491008K), 0.0203634 secs] [Times: user=0.07 sys=0.03, real=0.02 secs] 
2019-06-08T23:21:26.733+0300: 1.427: [Full GC (Metadata GC Threshold) [PSYoungGen: 15916K->0K(149504K)] [ParOldGen: 80K->15078K(341504K)] 15996K->15078K(491008K), [Metaspace: 20800K->20800K(1067008K)], 0.0286477 secs] [Times: user=0.19 sys=0.01, real=0.03 secs] 
23:21:37.813 [Curator-PathChildrenCache-1] WARN  o.a.c.u.ZKPaths  - The version of ZooKeeper being used doesn't support Container nodes. CreateMode.PERSISTENT will be used instead.
2019-06-08T23:21:38.727+0300: 13.421: [GC (Metadata GC Threshold) [PSYoungGen: 124444K->20987K(149504K)] 139522K->49948K(491008K), 0.0253869 secs] [Times: user=0.29 sys=0.03, real=0.03 secs] 
2019-06-08T23:21:38.753+0300: 13.447: [Full GC (Metadata GC Threshold) [PSYoungGen: 20987K->0K(149504K)] [ParOldGen: 28960K->38970K(341504K)] 49948K->38970K(491008K), [Metaspace: 34577K->34577K(1079296K)], 0.0429933 secs] [Times: user=0.15 sys=0.03, real=0.04 secs] 
2019-06-08T23:21:40.572+0300: 15.266: [GC (Allocation Failure) [PSYoungGen: 128512K->704K(149504K)] 167482K->39682K(491008K), 0.0024467 secs] [Times: user=0.02 sys=0.00, real=0.00 secs] 
2019-06-08T23:21:42.257+0300: 16.950: [GC (Allocation Failure) [PSYoungGen: 129216K->608K(149504K)] 168194K->39594K(491008K), 0.0036751 secs] [Times: user=0.00 sys=0.02, real=0.01 secs] 
2019-06-08T23:21:43.962+0300: 18.656: [GC (Allocation Failure) [PSYoungGen: 129120K->672K(129536K)] 168106K->39666K(471040K), 0.0038698 secs] [Times: user=0.02 sys=0.01, real=0.00 secs] 
2019-06-08T23:21:44.847+0300: 19.541: [GC (Allocation Failure) [PSYoungGen: 129184K->768K(133120K)] 168178K->39762K(474624K), 0.0039441 secs] [Times: user=0.01 sys=0.00, real=0.01 secs] 
2019-06-08T23:21:45.661+0300: 20.355: [GC (Allocation Failure) [PSYoungGen: 93952K->736K(130560K)] 132946K->39730K(472064K), 0.0032587 secs] [Times: user=0.02 sys=0.00, real=0.00 secs] 
2019-06-08T23:21:46.986+0300: 21.679: [GC (Allocation Failure) [PSYoungGen: 93920K->736K(136704K)] 132914K->39738K(478208K), 0.0076437 secs] [Times: user=0.07 sys=0.01, real=0.01 secs] 
2019-06-08T23:21:47.931+0300: 22.624: [GC (Allocation Failure) [PSYoungGen: 102112K->832K(135168K)] 141114K->39834K(476672K), 0.0032660 secs] [Times: user=0.02 sys=0.00, real=0.00 secs] 
2019-06-08T23:21:48.813+0300: 23.507: [GC (Allocation Failure) [PSYoungGen: 102208K->736K(140288K)] 141210K->39738K(481792K), 0.0029829 secs] [Times: user=0.02 sys=0.00, real=0.00 secs] 
2019-06-08T23:21:49.495+0300: 24.189: [GC (Allocation Failure) [PSYoungGen: 109280K->800K(138752K)] 148282K->39802K(480256K), 0.0045166 secs] [Times: user=0.03 sys=0.00, real=0.01 secs] 
2019-06-08T23:21:50.534+0300: 25.228: [GC (Allocation Failure) [PSYoungGen: 109344K->1088K(143360K)] 148346K->40098K(484864K), 0.0033399 secs] [Times: user=0.02 sys=0.01, real=0.00 secs] 
2019-06-08T23:21:51.488+0300: 26.181: [GC (Allocation Failure) [PSYoungGen: 115776K->832K(141824K)] 154786K->39850K(483328K), 0.0029411 secs] [Times: user=0.01 sys=0.01, real=0.01 secs] 
2019-06-08T23:21:52.291+0300: 26.985: [GC (Allocation Failure) [PSYoungGen: 115520K->768K(146432K)] 154538K->39786K(487936K), 0.0024589 secs] [Times: user=0.01 sys=0.00, real=0.00 secs] 
2019-06-08T23:21:53.350+0300: 28.044: [GC (Allocation Failure) [PSYoungGen: 121600K->800K(144896K)] 160618K->39818K(486400K), 0.0038398 secs] [Times: user=0.02 sys=0.00, real=0.00 secs] 
2019-06-08T23:21:54.573+0300: 29.267: [GC (Allocation Failure) [PSYoungGen: 121632K->928K(148992K)] 160650K->39946K(490496K), 0.0568256 secs] [Times: user=0.01 sys=0.00, real=0.06 secs] 
2019-06-08T23:21:55.395+0300: 30.089: [GC (Allocation Failure) [PSYoungGen: 127392K->768K(147968K)] 166410K->39786K(489472K), 0.0044048 secs] [Times: user=0.02 sys=0.00, real=0.01 secs] 
2019-06-08T23:21:56.745+0300: 31.439: [GC (Allocation Failure) [PSYoungGen: 127232K->544K(151552K)] 166250K->39890K(493056K), 0.0033672 secs] [Times: user=0.01 sys=0.01, real=0.00 secs] 
2019-06-08T23:21:57.667+0300: 32.360: [GC (Allocation Failure) [PSYoungGen: 132128K->544K(150528K)] 171474K->40002K(492032K), 0.0032600 secs] [Times: user=0.02 sys=0.00, real=0.01 secs] 
2019-06-08T23:21:58.991+0300: 33.685: [GC (Allocation Failure) [PSYoungGen: 132128K->544K(154112K)] 171586K->40074K(495616K), 0.0029251 secs] [Times: user=0.02 sys=0.00, real=0.00 secs] 
2019-06-08T23:22:00.321+0300: 35.015: [GC (Allocation Failure) [PSYoungGen: 137248K->576K(153088K)] 176778K->40146K(494592K), 0.0029753 secs] [Times: user=0.01 sys=0.01, real=0.00 secs] 
2019-06-08T23:22:02.164+0300: 36.857: [GC (Allocation Failure) [PSYoungGen: 137280K->352K(156160K)] 176850K->39954K(497664K), 0.0027781 secs] [Times: user=0.01 sys=0.00, real=0.00 secs] 
23:22:08.966 [Curator-PathChildrenCache-0] ERROR o.a.c.f.r.c.PathChildrenCache  - 
java.lang.IllegalStateException: instance must be started before calling this method
	at org.apache.curator.shaded.com.google.common.base.Preconditions.checkState(Preconditions.java:444)
	at org.apache.curator.framework.imps.CuratorFrameworkImpl.getChildren(CuratorFrameworkImpl.java:456)
	at org.apache.curator.framework.recipes.cache.PathChildrenCache.refresh(PathChildrenCache.java:521)
	at org.apache.curator.framework.recipes.cache.RefreshOperation.invoke(RefreshOperation.java:35)
	at org.apache.curator.framework.recipes.cache.PathChildrenCache$9.run(PathChildrenCache.java:786)
	at java.util.concurrent.Executors$RunnableAdapter.call(Executors.java:511)
	at java.util.concurrent.FutureTask.run(FutureTask.java:266)
	at java.util.concurrent.Executors$RunnableAdapter.call(Executors.java:511)
	at java.util.concurrent.FutureTask.run(FutureTask.java:266)
	at java.util.concurrent.ThreadPoolExecutor.runWorker(ThreadPoolExecutor.java:1149)
	at java.util.concurrent.ThreadPoolExecutor$Worker.run(ThreadPoolExecutor.java:624)
	at java.lang.Thread.run(Thread.java:748)
Heap
 PSYoungGen      total 156160K, used 139467K [0x00000000f5980000, 0x0000000100000000, 0x0000000100000000)
  eden space 140800K, 98% used [0x00000000f5980000,0x00000000fe15af50,0x00000000fe300000)
  from space 15360K, 2% used [0x00000000ff100000,0x00000000ff158010,0x0000000100000000)
  to   space 14336K, 0% used [0x00000000fe300000,0x00000000fe300000,0x00000000ff100000)
 ParOldGen       total 341504K, used 39602K [0x00000000e0c00000, 0x00000000f5980000, 0x00000000f5980000)
  object space 341504K, 11% used [0x00000000e0c00000,0x00000000e32acb00,0x00000000f5980000)
 Metaspace       used 35799K, capacity 36622K, committed 36952K, reserved 1081344K
  class space    used 4935K, capacity 5129K, committed 5248K, reserved 1048576K
