13:35:37,453 |-INFO in ch.qos.logback.classic.LoggerContext[default] - Could NOT find resource [logback-test.xml]
13:35:37,453 |-INFO in ch.qos.logback.classic.LoggerContext[default] - Could NOT find resource [logback.groovy]
13:35:37,453 |-INFO in ch.qos.logback.classic.LoggerContext[default] - Found resource [logback.xml] at [jar:file:/root/flamestream/lib/flamestream-runtime-1.0-SNAPSHOT.jar!/logback.xml]
13:35:37,454 |-WARN in ch.qos.logback.classic.LoggerContext[default] - Resource [logback.xml] occurs multiple times on the classpath.
13:35:37,454 |-WARN in ch.qos.logback.classic.LoggerContext[default] - Resource [logback.xml] occurs at [jar:file:/root/flamestream/lib/flamestream-runtime-1.0-SNAPSHOT.jar!/logback.xml]
13:35:37,454 |-WARN in ch.qos.logback.classic.LoggerContext[default] - Resource [logback.xml] occurs at [jar:file:/root/flamestream/flamestream-runtime-1.0-SNAPSHOT.jar!/logback.xml]
13:35:37,474 |-INFO in ch.qos.logback.core.joran.spi.ConfigurationWatchList@3fb6a447 - URL [jar:file:/root/flamestream/lib/flamestream-runtime-1.0-SNAPSHOT.jar!/logback.xml] is not of type file
13:35:37,545 |-INFO in ch.qos.logback.classic.joran.action.ConfigurationAction - debug attribute not set
13:35:37,545 |-INFO in ch.qos.logback.core.joran.action.AppenderAction - About to instantiate appender of type [ch.qos.logback.core.ConsoleAppender]
13:35:37,564 |-INFO in ch.qos.logback.core.joran.action.AppenderAction - Naming appender as [STDOUT]
13:35:37,581 |-INFO in ch.qos.logback.core.joran.action.NestedComplexPropertyIA - Assuming default type [ch.qos.logback.classic.encoder.PatternLayoutEncoder] for [encoder] property
13:35:37,668 |-INFO in ch.qos.logback.core.joran.action.AppenderAction - About to instantiate appender of type [ch.qos.logback.core.rolling.RollingFileAppender]
13:35:37,673 |-INFO in ch.qos.logback.core.joran.action.AppenderAction - Naming appender as [FILE]
13:35:37,705 |-INFO in c.q.l.core.rolling.TimeBasedRollingPolicy@127618319 - No compression will be used
13:35:37,706 |-INFO in c.q.l.core.rolling.TimeBasedRollingPolicy@127618319 - Will use the pattern /tmp/application_%d{yyyy-MM-dd}.%i.log for the active file
13:35:37,709 |-INFO in ch.qos.logback.core.rolling.SizeAndTimeBasedFNATP@6b2fad11 - The date pattern is 'yyyy-MM-dd' from file name pattern '/tmp/application_%d{yyyy-MM-dd}.%i.log'.
13:35:37,709 |-INFO in ch.qos.logback.core.rolling.SizeAndTimeBasedFNATP@6b2fad11 - Roll-over at midnight.
13:35:37,714 |-INFO in ch.qos.logback.core.rolling.SizeAndTimeBasedFNATP@6b2fad11 - Setting initial period to Mon Jun 10 13:34:16 UTC 2019
13:35:37,714 |-WARN in ch.qos.logback.core.rolling.SizeAndTimeBasedFNATP@6b2fad11 - SizeAndTimeBasedFNATP is deprecated. Use SizeAndTimeBasedRollingPolicy instead
13:35:37,714 |-WARN in ch.qos.logback.core.rolling.SizeAndTimeBasedFNATP@6b2fad11 - For more information see http://logback.qos.ch/manual/appenders.html#SizeAndTimeBasedRollingPolicy
13:35:37,717 |-INFO in ch.qos.logback.core.joran.action.NestedComplexPropertyIA - Assuming default type [ch.qos.logback.classic.encoder.PatternLayoutEncoder] for [encoder] property
13:35:37,722 |-INFO in ch.qos.logback.core.rolling.RollingFileAppender[FILE] - Active log file name: /tmp/application.log
13:35:37,722 |-INFO in ch.qos.logback.core.rolling.RollingFileAppender[FILE] - File property is set to [/tmp/application.log]
13:35:37,723 |-INFO in ch.qos.logback.classic.joran.action.RootLoggerAction - Setting level of ROOT logger to WARN
13:35:37,723 |-INFO in ch.qos.logback.core.joran.action.AppenderRefAction - Attaching appender named [STDOUT] to Logger[ROOT]
13:35:37,725 |-INFO in ch.qos.logback.core.joran.action.AppenderRefAction - Attaching appender named [FILE] to Logger[ROOT]
13:35:37,725 |-INFO in ch.qos.logback.classic.joran.action.ConfigurationAction - End of configuration.
13:35:37,726 |-INFO in ch.qos.logback.classic.joran.JoranConfigurator@79698539 - Registering current configuration as safe fallback point

Ama winner
Ama winner
2019-06-10T13:35:39.017+0000: 1.751: [Full GC (Metadata GC Threshold) 2019-06-10T13:35:39.017+0000: 1.751: [Tenured: 0K->15144K(341376K), 0.0399170 secs] 114924K->15144K(494976K), [Metaspace: 20728K->20728K(1067008K)], 0.0400029 secs] [Times: user=0.04 sys=0.00, real=0.04 secs] 
13:36:02.275 [Curator-PathChildrenCache-2] WARN  o.a.c.u.ZKPaths  - The version of ZooKeeper being used doesn't support Container nodes. CreateMode.PERSISTENT will be used instead.
2019-06-10T13:36:04.412+0000: 27.146: [GC (Allocation Failure) 2019-06-10T13:36:04.412+0000: 27.146: [DefNew: 136576K->17024K(153600K), 0.0277891 secs] 151720K->52913K(494976K), 0.0278749 secs] [Times: user=0.02 sys=0.01, real=0.03 secs] 
2019-06-10T13:36:04.800+0000: 27.534: [Full GC (Metadata GC Threshold) 2019-06-10T13:36:04.800+0000: 27.534: [Tenured: 35889K->44681K(341376K), 0.0398578 secs] 69798K->44681K(494976K), [Metaspace: 34533K->34533K(1079296K)], 0.0399450 secs] [Times: user=0.04 sys=0.00, real=0.04 secs] 
2019-06-10T13:36:08.605+0000: 31.339: [GC (Allocation Failure) 2019-06-10T13:36:08.605+0000: 31.339: [DefNew: 136576K->265K(153600K), 0.0024421 secs] 181257K->44946K(494976K), 0.0025181 secs] [Times: user=0.00 sys=0.00, real=0.00 secs] 
2019-06-10T13:36:12.354+0000: 35.088: [GC (Allocation Failure) 2019-06-10T13:36:12.354+0000: 35.088: [DefNew: 136841K->273K(153600K), 0.0022716 secs] 181522K->44954K(494976K), 0.0023342 secs] [Times: user=0.00 sys=0.00, real=0.00 secs] 
2019-06-10T13:36:16.057+0000: 38.791: [GC (Allocation Failure) 2019-06-10T13:36:16.057+0000: 38.791: [DefNew: 136849K->280K(153600K), 0.0022139 secs] 181530K->44962K(494976K), 0.0022731 secs] [Times: user=0.00 sys=0.00, real=0.00 secs] 
2019-06-10T13:36:19.719+0000: 42.453: [GC (Allocation Failure) 2019-06-10T13:36:19.719+0000: 42.453: [DefNew: 136856K->274K(153600K), 0.0022865 secs] 181538K->44955K(494976K), 0.0023555 secs] [Times: user=0.00 sys=0.00, real=0.00 secs] 
2019-06-10T13:36:23.396+0000: 46.130: [GC (Allocation Failure) 2019-06-10T13:36:23.396+0000: 46.130: [DefNew: 136850K->273K(153600K), 0.0022873 secs] 181531K->44955K(494976K), 0.0023480 secs] [Times: user=0.00 sys=0.00, real=0.01 secs] 
2019-06-10T13:36:27.012+0000: 49.746: [GC (Allocation Failure) 2019-06-10T13:36:27.012+0000: 49.746: [DefNew: 136849K->274K(153600K), 0.0023690 secs] 181531K->44956K(494976K), 0.0024292 secs] [Times: user=0.00 sys=0.00, real=0.00 secs] 
13:36:35.726 [Curator-PathChildrenCache-0] ERROR o.a.c.f.r.c.PathChildrenCache  - 
java.lang.IllegalStateException: instance must be started before calling this method
	at org.apache.curator.shaded.com.google.common.base.Preconditions.checkState(Preconditions.java:444)
	at org.apache.curator.framework.imps.CuratorFrameworkImpl.getChildren(CuratorFrameworkImpl.java:456)
	at org.apache.curator.framework.recipes.cache.PathChildrenCache.refresh(PathChildrenCache.java:521)
	at org.apache.curator.framework.recipes.cache.RefreshOperation.invoke(RefreshOperation.java:35)
	at org.apache.curator.framework.recipes.cache.PathChildrenCache$9.run(PathChildrenCache.java:786)
	at java.util.concurrent.Executors$RunnableAdapter.call(Executors.java:511)
	at java.util.concurrent.FutureTask.run(FutureTask.java:266)
	at java.util.concurrent.Executors$RunnableAdapter.call(Executors.java:511)
	at java.util.concurrent.FutureTask.run(FutureTask.java:266)
	at java.util.concurrent.ThreadPoolExecutor.runWorker(ThreadPoolExecutor.java:1149)
	at java.util.concurrent.ThreadPoolExecutor$Worker.run(ThreadPoolExecutor.java:624)
	at java.lang.Thread.run(Thread.java:748)
Heap
 def new generation   total 153600K, used 133960K [0x00000000e0c00000, 0x00000000eb2a0000, 0x00000000eb2a0000)
  eden space 136576K,  97% used [0x00000000e0c00000, 0x00000000e8e8d4d8, 0x00000000e9160000)
  from space 17024K,   1% used [0x00000000ea200000, 0x00000000ea244be8, 0x00000000eb2a0000)
  to   space 17024K,   0% used [0x00000000e9160000, 0x00000000e9160000, 0x00000000ea200000)
 tenured generation   total 341376K, used 44681K [0x00000000eb2a0000, 0x0000000100000000, 0x0000000100000000)
   the space 341376K,  13% used [0x00000000eb2a0000, 0x00000000ede42548, 0x00000000ede42600, 0x0000000100000000)
 Metaspace       used 36158K, capacity 37106K, committed 37376K, reserved 1081344K
  class space    used 4868K, capacity 5067K, committed 5120K, reserved 1048576K
