06:02:18,975 |-INFO in ch.qos.logback.classic.LoggerContext[default] - Could NOT find resource [logback-test.xml]
06:02:18,975 |-INFO in ch.qos.logback.classic.LoggerContext[default] - Could NOT find resource [logback.groovy]
06:02:18,976 |-INFO in ch.qos.logback.classic.LoggerContext[default] - Found resource [logback.xml] at [jar:file:/root/flamestream/lib/flamestream-runtime-1.0-SNAPSHOT.jar!/logback.xml]
06:02:18,977 |-WARN in ch.qos.logback.classic.LoggerContext[default] - Resource [logback.xml] occurs multiple times on the classpath.
06:02:18,977 |-WARN in ch.qos.logback.classic.LoggerContext[default] - Resource [logback.xml] occurs at [jar:file:/root/flamestream/lib/flamestream-runtime-1.0-SNAPSHOT.jar!/logback.xml]
06:02:18,977 |-WARN in ch.qos.logback.classic.LoggerContext[default] - Resource [logback.xml] occurs at [jar:file:/root/flamestream/flamestream-runtime-1.0-SNAPSHOT.jar!/logback.xml]
06:02:18,997 |-INFO in ch.qos.logback.core.joran.spi.ConfigurationWatchList@3fb6a447 - URL [jar:file:/root/flamestream/lib/flamestream-runtime-1.0-SNAPSHOT.jar!/logback.xml] is not of type file
06:02:19,071 |-INFO in ch.qos.logback.classic.joran.action.ConfigurationAction - debug attribute not set
06:02:19,072 |-INFO in ch.qos.logback.core.joran.action.AppenderAction - About to instantiate appender of type [ch.qos.logback.core.ConsoleAppender]
06:02:19,084 |-INFO in ch.qos.logback.core.joran.action.AppenderAction - Naming appender as [STDOUT]
06:02:19,104 |-INFO in ch.qos.logback.core.joran.action.NestedComplexPropertyIA - Assuming default type [ch.qos.logback.classic.encoder.PatternLayoutEncoder] for [encoder] property
06:02:19,190 |-INFO in ch.qos.logback.core.joran.action.AppenderAction - About to instantiate appender of type [ch.qos.logback.core.rolling.RollingFileAppender]
06:02:19,195 |-INFO in ch.qos.logback.core.joran.action.AppenderAction - Naming appender as [FILE]
06:02:19,227 |-INFO in c.q.l.core.rolling.TimeBasedRollingPolicy@127618319 - No compression will be used
06:02:19,228 |-INFO in c.q.l.core.rolling.TimeBasedRollingPolicy@127618319 - Will use the pattern /tmp/application_%d{yyyy-MM-dd}.%i.log for the active file
06:02:19,231 |-INFO in ch.qos.logback.core.rolling.SizeAndTimeBasedFNATP@6b2fad11 - The date pattern is 'yyyy-MM-dd' from file name pattern '/tmp/application_%d{yyyy-MM-dd}.%i.log'.
06:02:19,231 |-INFO in ch.qos.logback.core.rolling.SizeAndTimeBasedFNATP@6b2fad11 - Roll-over at midnight.
06:02:19,236 |-INFO in ch.qos.logback.core.rolling.SizeAndTimeBasedFNATP@6b2fad11 - Setting initial period to Tue Jun 11 06:00:43 UTC 2019
06:02:19,236 |-WARN in ch.qos.logback.core.rolling.SizeAndTimeBasedFNATP@6b2fad11 - SizeAndTimeBasedFNATP is deprecated. Use SizeAndTimeBasedRollingPolicy instead
06:02:19,236 |-WARN in ch.qos.logback.core.rolling.SizeAndTimeBasedFNATP@6b2fad11 - For more information see http://logback.qos.ch/manual/appenders.html#SizeAndTimeBasedRollingPolicy
06:02:19,240 |-INFO in ch.qos.logback.core.joran.action.NestedComplexPropertyIA - Assuming default type [ch.qos.logback.classic.encoder.PatternLayoutEncoder] for [encoder] property
06:02:19,245 |-INFO in ch.qos.logback.core.rolling.RollingFileAppender[FILE] - Active log file name: /tmp/application.log
06:02:19,245 |-INFO in ch.qos.logback.core.rolling.RollingFileAppender[FILE] - File property is set to [/tmp/application.log]
06:02:19,246 |-INFO in ch.qos.logback.classic.joran.action.RootLoggerAction - Setting level of ROOT logger to WARN
06:02:19,246 |-INFO in ch.qos.logback.core.joran.action.AppenderRefAction - Attaching appender named [STDOUT] to Logger[ROOT]
06:02:19,248 |-INFO in ch.qos.logback.core.joran.action.AppenderRefAction - Attaching appender named [FILE] to Logger[ROOT]
06:02:19,248 |-INFO in ch.qos.logback.classic.joran.action.ConfigurationAction - End of configuration.
06:02:19,248 |-INFO in ch.qos.logback.classic.joran.JoranConfigurator@79698539 - Registering current configuration as safe fallback point

Ama winner
Ama winner
2019-06-11T06:02:20.853+0000: 2.064: [Full GC (Metadata GC Threshold) 2019-06-11T06:02:20.853+0000: 2.064: [Tenured: 0K->15240K(341376K), 0.0387881 secs] 120482K->15240K(494976K), [Metaspace: 20734K->20734K(1067008K)], 0.0388576 secs] [Times: user=0.03 sys=0.00, real=0.04 secs] 
06:03:14.641 [Curator-PathChildrenCache-1] WARN  o.a.c.u.ZKPaths  - The version of ZooKeeper being used doesn't support Container nodes. CreateMode.PERSISTENT will be used instead.
2019-06-11T06:03:35.717+0000: 76.927: [GC (Allocation Failure) 2019-06-11T06:03:35.717+0000: 76.927: [DefNew: 136576K->16398K(153600K), 0.0168701 secs] 151816K->31639K(494976K), 0.0169442 secs] [Times: user=0.02 sys=0.01, real=0.02 secs] 
2019-06-11T06:04:02.172+0000: 103.383: [GC (Allocation Failure) 2019-06-11T06:04:02.172+0000: 103.383: [DefNew: 135919K->1482K(153600K), 0.0133818 secs] 151160K->23534K(494976K), 0.0134521 secs] [Times: user=0.01 sys=0.01, real=0.02 secs] 
2019-06-11T06:04:02.308+0000: 103.518: [Full GC (Metadata GC Threshold) 2019-06-11T06:04:02.308+0000: 103.518: [Tenured: 22052K->43056K(341376K), 0.0455377 secs] 49337K->43056K(494976K), [Metaspace: 34747K->34747K(1079296K)], 0.0456338 secs] [Times: user=0.04 sys=0.01, real=0.04 secs] 
2019-06-11T06:04:10.338+0000: 111.548: [GC (Allocation Failure) 2019-06-11T06:04:10.338+0000: 111.548: [DefNew: 136576K->280K(153600K), 0.0024127 secs] 179632K->43336K(494976K), 0.0025003 secs] [Times: user=0.00 sys=0.00, real=0.00 secs] 
2019-06-11T06:04:16.872+0000: 118.082: [GC (Allocation Failure) 2019-06-11T06:04:16.872+0000: 118.082: [DefNew: 136856K->255K(153600K), 0.0021092 secs] 179912K->43311K(494976K), 0.0021716 secs] [Times: user=0.01 sys=0.00, real=0.00 secs] 
2019-06-11T06:04:42.291+0000: 143.501: [GC (Allocation Failure) 2019-06-11T06:04:42.291+0000: 143.502: [DefNew: 136831K->1133K(153600K), 0.0038468 secs] 179887K->44190K(494976K), 0.0039134 secs] [Times: user=0.00 sys=0.00, real=0.00 secs] 
2019-06-11T06:05:30.706+0000: 191.916: [GC (Allocation Failure) 2019-06-11T06:05:30.706+0000: 191.916: [DefNew: 137709K->1142K(153600K), 0.0030021 secs] 180766K->44199K(494976K), 0.0030599 secs] [Times: user=0.00 sys=0.00, real=0.00 secs] 
2019-06-11T06:06:17.859+0000: 239.069: [GC (Allocation Failure) 2019-06-11T06:06:17.859+0000: 239.069: [DefNew: 137718K->1138K(153600K), 0.0030116 secs] 180775K->44195K(494976K), 0.0030780 secs] [Times: user=0.00 sys=0.00, real=0.00 secs] 
2019-06-11T06:07:05.707+0000: 286.918: [GC (Allocation Failure) 2019-06-11T06:07:05.708+0000: 286.918: [DefNew: 137714K->1147K(153600K), 0.0030174 secs] 180771K->44203K(494976K), 0.0030787 secs] [Times: user=0.00 sys=0.00, real=0.00 secs] 
2019-06-11T06:07:52.232+0000: 333.443: [GC (Allocation Failure) 2019-06-11T06:07:52.232+0000: 333.443: [DefNew: 137723K->1145K(153600K), 0.0029077 secs] 180779K->44201K(494976K), 0.0029714 secs] [Times: user=0.00 sys=0.00, real=0.00 secs] 
2019-06-11T06:08:51.574+0000: 392.785: [GC (Allocation Failure) 2019-06-11T06:08:51.575+0000: 392.785: [DefNew: 137721K->1147K(153600K), 0.0151704 secs] 180777K->44204K(494976K), 0.0152507 secs] [Times: user=0.01 sys=0.00, real=0.02 secs] 
2019-06-11T06:09:53.980+0000: 455.191: [GC (Allocation Failure) 2019-06-11T06:09:53.980+0000: 455.191: [DefNew: 137723K->1150K(153600K), 0.0151944 secs] 180780K->44206K(494976K), 0.0152617 secs] [Times: user=0.02 sys=0.00, real=0.01 secs] 
2019-06-11T06:10:42.652+0000: 503.863: [GC (Allocation Failure) 2019-06-11T06:10:42.652+0000: 503.863: [DefNew: 137726K->1151K(153600K), 0.0030054 secs] 180782K->44208K(494976K), 0.0030842 secs] [Times: user=0.00 sys=0.00, real=0.00 secs] 
2019-06-11T06:11:27.362+0000: 548.573: [GC (Allocation Failure) 2019-06-11T06:11:27.362+0000: 548.573: [DefNew: 137727K->1153K(153600K), 0.0029411 secs] 180784K->44210K(494976K), 0.0029975 secs] [Times: user=0.00 sys=0.00, real=0.01 secs] 
2019-06-11T06:12:20.797+0000: 602.007: [GC (Allocation Failure) 2019-06-11T06:12:20.797+0000: 602.007: [DefNew: 137729K->1154K(153600K), 0.0029751 secs] 180786K->44211K(494976K), 0.0030541 secs] [Times: user=0.00 sys=0.00, real=0.01 secs] 
2019-06-11T06:13:23.917+0000: 665.128: [GC (Allocation Failure) 2019-06-11T06:13:23.918+0000: 665.128: [DefNew: 137730K->1150K(153600K), 0.0030213 secs] 180787K->44206K(494976K), 0.0031019 secs] [Times: user=0.00 sys=0.00, real=0.00 secs] 
2019-06-11T06:14:27.857+0000: 729.068: [GC (Allocation Failure) 2019-06-11T06:14:27.857+0000: 729.068: [DefNew: 137726K->1151K(153600K), 0.0028233 secs] 180782K->44208K(494976K), 0.0028794 secs] [Times: user=0.00 sys=0.01, real=0.00 secs] 
2019-06-11T06:15:25.616+0000: 786.826: [GC (Allocation Failure) 2019-06-11T06:15:25.616+0000: 786.826: [DefNew: 137727K->1153K(153600K), 0.0029751 secs] 180784K->44210K(494976K), 0.0030323 secs] [Times: user=0.01 sys=0.00, real=0.01 secs] 
2019-06-11T06:16:14.993+0000: 836.204: [GC (Allocation Failure) 2019-06-11T06:16:14.993+0000: 836.204: [DefNew: 137729K->946K(153600K), 0.0029643 secs] 180786K->44210K(494976K), 0.0030187 secs] [Times: user=0.00 sys=0.00, real=0.00 secs] 
2019-06-11T06:17:17.727+0000: 898.937: [GC (Allocation Failure) 2019-06-11T06:17:17.727+0000: 898.937: [DefNew: 137522K->944K(153600K), 0.0024896 secs] 180786K->44211K(494976K), 0.0025681 secs] [Times: user=0.00 sys=0.00, real=0.00 secs] 
2019-06-11T06:18:41.801+0000: 983.011: [GC (Allocation Failure) 2019-06-11T06:18:41.801+0000: 983.011: [DefNew: 137520K->80K(153600K), 0.0148826 secs] 180787K->44216K(494976K), 0.0149518 secs] [Times: user=0.02 sys=0.00, real=0.01 secs] 
2019-06-11T06:20:05.863+0000: 1067.074: [GC (Allocation Failure) 2019-06-11T06:20:05.863+0000: 1067.074: [DefNew: 136656K->131K(153600K), 0.0017357 secs] 180792K->44273K(494976K), 0.0018054 secs] [Times: user=0.00 sys=0.00, real=0.01 secs] 
2019-06-11T06:20:56.154+0000: 1117.364: [GC (Allocation Failure) 2019-06-11T06:20:56.154+0000: 1117.365: [DefNew: 136707K->130K(153600K), 0.0016693 secs] 180849K->44273K(494976K), 0.0017261 secs] [Times: user=0.00 sys=0.00, real=0.00 secs] 
2019-06-11T06:22:07.777+0000: 1188.987: [GC (Allocation Failure) 2019-06-11T06:22:07.777+0000: 1188.987: [DefNew: 136706K->131K(153600K), 0.0018207 secs] 180849K->44275K(494976K), 0.0018815 secs] [Times: user=0.00 sys=0.00, real=0.01 secs] 
2019-06-11T06:23:31.329+0000: 1272.539: [GC (Allocation Failure) 2019-06-11T06:23:31.329+0000: 1272.539: [DefNew: 136707K->135K(153600K), 0.0099264 secs] 180851K->44280K(494976K), 0.0099999 secs] [Times: user=0.00 sys=0.00, real=0.01 secs] 
2019-06-11T06:24:54.445+0000: 1355.655: [GC (Allocation Failure) 2019-06-11T06:24:54.445+0000: 1355.655: [DefNew: 136711K->136K(153600K), 0.0017601 secs] 180856K->44283K(494976K), 0.0018252 secs] [Times: user=0.00 sys=0.00, real=0.00 secs] 
2019-06-11T06:25:47.727+0000: 1408.937: [GC (Allocation Failure) 2019-06-11T06:25:47.727+0000: 1408.937: [DefNew: 136712K->139K(153600K), 0.0017466 secs] 180859K->44287K(494976K), 0.0018190 secs] [Times: user=0.00 sys=0.01, real=0.00 secs] 
2019-06-11T06:26:51.251+0000: 1472.461: [GC (Allocation Failure) 2019-06-11T06:26:51.251+0000: 1472.461: [DefNew: 136715K->139K(153600K), 0.0017699 secs] 180863K->44287K(494976K), 0.0018256 secs] [Times: user=0.01 sys=0.00, real=0.00 secs] 
2019-06-11T06:27:58.195+0000: 1539.406: [GC (Allocation Failure) 2019-06-11T06:27:58.196+0000: 1539.406: [DefNew: 136715K->171K(153600K), 0.0018134 secs] 180863K->44321K(494976K), 0.0018694 secs] [Times: user=0.00 sys=0.00, real=0.01 secs] 
2019-06-11T06:29:05.754+0000: 1606.965: [GC (Allocation Failure) 2019-06-11T06:29:05.755+0000: 1606.965: [DefNew: 136747K->172K(153600K), 0.0017685 secs] 180897K->44323K(494976K), 0.0018268 secs] [Times: user=0.00 sys=0.00, real=0.00 secs] 
2019-06-11T06:30:11.348+0000: 1672.558: [GC (Allocation Failure) 2019-06-11T06:30:11.348+0000: 1672.558: [DefNew: 136748K->171K(153600K), 0.0017882 secs] 180899K->44324K(494976K), 0.0018475 secs] [Times: user=0.00 sys=0.00, real=0.00 secs] 
2019-06-11T06:30:57.662+0000: 1718.872: [GC (Allocation Failure) 2019-06-11T06:30:57.662+0000: 1718.872: [DefNew: 136747K->172K(153600K), 0.0018413 secs] 180900K->44326K(494976K), 0.0019125 secs] [Times: user=0.00 sys=0.00, real=0.00 secs] 
2019-06-11T06:31:47.126+0000: 1768.336: [GC (Allocation Failure) 2019-06-11T06:31:47.126+0000: 1768.336: [DefNew: 136748K->172K(153600K), 0.0017182 secs] 180902K->44327K(494976K), 0.0017744 secs] [Times: user=0.00 sys=0.01, real=0.00 secs] 
2019-06-11T06:32:50.553+0000: 1831.764: [GC (Allocation Failure) 2019-06-11T06:32:50.554+0000: 1831.764: [DefNew: 136748K->238K(153600K), 0.0018126 secs] 180903K->44393K(494976K), 0.0018805 secs] [Times: user=0.00 sys=0.00, real=0.00 secs] 
2019-06-11T06:33:58.920+0000: 1900.131: [GC (Allocation Failure) 2019-06-11T06:33:58.921+0000: 1900.131: [DefNew: 136814K->239K(153600K), 0.0017943 secs] 180969K->44395K(494976K), 0.0018510 secs] [Times: user=0.00 sys=0.00, real=0.00 secs] 
2019-06-11T06:35:07.237+0000: 1968.447: [GC (Allocation Failure) 2019-06-11T06:35:07.237+0000: 1968.447: [DefNew: 136815K->237K(153600K), 0.0142642 secs] 180971K->44396K(494976K), 0.0143294 secs] [Times: user=0.01 sys=0.00, real=0.01 secs] 
2019-06-11T06:35:53.798+0000: 2015.008: [GC (Allocation Failure) 2019-06-11T06:35:53.798+0000: 2015.008: [DefNew: 136813K->159K(153600K), 0.0017635 secs] 180972K->44384K(494976K), 0.0018194 secs] [Times: user=0.00 sys=0.00, real=0.00 secs] 
2019-06-11T06:36:48.470+0000: 2069.680: [GC (Allocation Failure) 2019-06-11T06:36:48.470+0000: 2069.680: [DefNew: 136735K->160K(153600K), 0.0016855 secs] 180960K->44386K(494976K), 0.0017493 secs] [Times: user=0.00 sys=0.00, real=0.00 secs] 
2019-06-11T06:37:59.217+0000: 2140.428: [GC (Allocation Failure) 2019-06-11T06:37:59.217+0000: 2140.428: [DefNew: 136736K->160K(153600K), 0.0017726 secs] 180962K->44387K(494976K), 0.0018321 secs] [Times: user=0.00 sys=0.00, real=0.00 secs] 
2019-06-11T06:39:10.714+0000: 2211.924: [GC (Allocation Failure) 2019-06-11T06:39:10.714+0000: 2211.924: [DefNew: 136736K->160K(153600K), 0.0017035 secs] 180963K->44389K(494976K), 0.0017631 secs] [Times: user=0.00 sys=0.00, real=0.00 secs] 
2019-06-11T06:40:16.892+0000: 2278.102: [GC (Allocation Failure) 2019-06-11T06:40:16.892+0000: 2278.102: [DefNew: 136736K->160K(153600K), 0.0017537 secs] 180965K->44391K(494976K), 0.0018175 secs] [Times: user=0.00 sys=0.00, real=0.00 secs] 
2019-06-11T06:41:03.838+0000: 2325.048: [GC (Allocation Failure) 2019-06-11T06:41:03.838+0000: 2325.048: [DefNew: 136736K->159K(153600K), 0.0017019 secs] 180967K->44393K(494976K), 0.0017675 secs] [Times: user=0.00 sys=0.00, real=0.00 secs] 
2019-06-11T06:41:57.711+0000: 2378.922: [GC (Allocation Failure) 2019-06-11T06:41:57.711+0000: 2378.922: [DefNew: 136735K->161K(153600K), 0.0017493 secs] 180969K->44395K(494976K), 0.0018079 secs] [Times: user=0.00 sys=0.00, real=0.00 secs] 
2019-06-11T06:43:00.787+0000: 2441.998: [GC (Allocation Failure) 2019-06-11T06:43:00.787+0000: 2441.998: [DefNew: 136737K->129K(153600K), 0.0017884 secs] 180971K->44396K(494976K), 0.0018568 secs] [Times: user=0.00 sys=0.00, real=0.00 secs] 
2019-06-11T06:44:01.069+0000: 2502.279: [GC (Allocation Failure) 2019-06-11T06:44:01.069+0000: 2502.279: [DefNew: 136705K->162K(153600K), 0.0017828 secs] 180972K->44430K(494976K), 0.0018429 secs] [Times: user=0.00 sys=0.00, real=0.00 secs] 
2019-06-11T06:45:03.135+0000: 2564.345: [GC (Allocation Failure) 2019-06-11T06:45:03.135+0000: 2564.345: [DefNew: 136738K->163K(153600K), 0.0018215 secs] 181006K->44431K(494976K), 0.0018801 secs] [Times: user=0.01 sys=0.00, real=0.00 secs] 
2019-06-11T06:45:50.128+0000: 2611.338: [GC (Allocation Failure) 2019-06-11T06:45:50.128+0000: 2611.338: [DefNew: 136739K->164K(153600K), 0.0017774 secs] 181007K->44433K(494976K), 0.0018362 secs] [Times: user=0.01 sys=0.00, real=0.00 secs] 
2019-06-11T06:46:36.360+0000: 2657.570: [GC (Allocation Failure) 2019-06-11T06:46:36.360+0000: 2657.570: [DefNew: 136740K->166K(153600K), 0.0017648 secs] 181009K->44436K(494976K), 0.0018229 secs] [Times: user=0.01 sys=0.00, real=0.00 secs] 
2019-06-11T06:47:34.208+0000: 2715.418: [GC (Allocation Failure) 2019-06-11T06:47:34.208+0000: 2715.418: [DefNew: 136742K->102K(153600K), 0.0017101 secs] 181012K->44437K(494976K), 0.0017660 secs] [Times: user=0.00 sys=0.00, real=0.00 secs] 
2019-06-11T06:48:35.295+0000: 2776.505: [GC (Allocation Failure) 2019-06-11T06:48:35.295+0000: 2776.505: [DefNew: 136678K->104K(153600K), 0.0182750 secs] 181013K->44440K(494976K), 0.0183376 secs] [Times: user=0.02 sys=0.00, real=0.02 secs] 
2019-06-11T06:49:36.116+0000: 2837.327: [GC (Allocation Failure) 2019-06-11T06:49:36.116+0000: 2837.327: [DefNew: 136680K->105K(153600K), 0.0017531 secs] 181016K->44442K(494976K), 0.0018103 secs] [Times: user=0.00 sys=0.00, real=0.01 secs] 
2019-06-11T06:50:29.734+0000: 2890.945: [GC (Allocation Failure) 2019-06-11T06:50:29.734+0000: 2890.945: [DefNew: 136681K->106K(153600K), 0.0017265 secs] 181018K->44444K(494976K), 0.0017837 secs] [Times: user=0.00 sys=0.00, real=0.00 secs] 
2019-06-11T06:51:14.981+0000: 2936.191: [GC (Allocation Failure) 2019-06-11T06:51:14.981+0000: 2936.191: [DefNew: 136682K->104K(153600K), 0.0017372 secs] 181020K->44444K(494976K), 0.0018001 secs] [Times: user=0.00 sys=0.00, real=0.00 secs] 
2019-06-11T06:52:05.566+0000: 2986.776: [GC (Allocation Failure) 2019-06-11T06:52:05.566+0000: 2986.776: [DefNew: 136680K->103K(153600K), 0.0018215 secs] 181020K->44445K(494976K), 0.0018820 secs] [Times: user=0.00 sys=0.00, real=0.00 secs] 
2019-06-11T06:53:06.481+0000: 3047.691: [GC (Allocation Failure) 2019-06-11T06:53:06.481+0000: 3047.691: [DefNew: 136679K->103K(153600K), 0.0016932 secs] 181021K->44447K(494976K), 0.0017635 secs] [Times: user=0.01 sys=0.00, real=0.00 secs] 
2019-06-11T06:54:09.956+0000: 3111.166: [GC (Allocation Failure) 2019-06-11T06:54:09.956+0000: 3111.166: [DefNew: 136679K->103K(153600K), 0.0018382 secs] 181023K->44448K(494976K), 0.0018956 secs] [Times: user=0.00 sys=0.00, real=0.01 secs] 
2019-06-11T06:55:11.845+0000: 3173.055: [GC (Allocation Failure) 2019-06-11T06:55:11.845+0000: 3173.055: [DefNew: 136679K->93K(153600K), 0.0017293 secs] 181024K->44439K(494976K), 0.0017852 secs] [Times: user=0.00 sys=0.00, real=0.01 secs] 
2019-06-11T06:55:56.655+0000: 3217.866: [GC (Allocation Failure) 2019-06-11T06:55:56.656+0000: 3217.866: [DefNew: 136669K->94K(153600K), 0.0017519 secs] 181015K->44441K(494976K), 0.0018110 secs] [Times: user=0.00 sys=0.00, real=0.01 secs] 
2019-06-11T06:56:44.343+0000: 3265.553: [GC (Allocation Failure) 2019-06-11T06:56:44.343+0000: 3265.553: [DefNew: 136670K->94K(153600K), 0.0016739 secs] 181017K->44442K(494976K), 0.0017422 secs] [Times: user=0.00 sys=0.00, real=0.00 secs] 
2019-06-11T06:57:47.845+0000: 3329.055: [GC (Allocation Failure) 2019-06-11T06:57:47.845+0000: 3329.055: [DefNew: 136670K->64K(153600K), 0.0017723 secs] 181018K->44445K(494976K), 0.0018311 secs] [Times: user=0.00 sys=0.00, real=0.01 secs] 
2019-06-11T06:59:04.108+0000: 3405.319: [GC (Allocation Failure) 2019-06-11T06:59:04.108+0000: 3405.319: [DefNew: 136640K->64K(153600K), 0.0017591 secs] 181021K->44446K(494976K), 0.0018194 secs] [Times: user=0.00 sys=0.00, real=0.00 secs] 
2019-06-11T07:00:16.222+0000: 3477.433: [GC (Allocation Failure) 2019-06-11T07:00:16.222+0000: 3477.433: [DefNew: 136640K->64K(153600K), 0.0017094 secs] 181022K->44447K(494976K), 0.0017746 secs] [Times: user=0.00 sys=0.00, real=0.00 secs] 
2019-06-11T07:01:07.892+0000: 3529.102: [GC (Allocation Failure) 2019-06-11T07:01:07.892+0000: 3529.102: [DefNew: 136640K->66K(153600K), 0.0017519 secs] 181023K->44450K(494976K), 0.0018202 secs] [Times: user=0.00 sys=0.00, real=0.00 secs] 
2019-06-11T07:02:16.178+0000: 3597.388: [GC (Allocation Failure) 2019-06-11T07:02:16.178+0000: 3597.388: [DefNew: 136642K->67K(153600K), 0.0017953 secs] 181026K->44452K(494976K), 0.0018620 secs] [Times: user=0.00 sys=0.00, real=0.00 secs] 
2019-06-11T07:03:37.379+0000: 3678.589: [GC (Allocation Failure) 2019-06-11T07:03:37.379+0000: 3678.589: [DefNew: 136643K->126K(153600K), 0.0017922 secs] 181028K->44513K(494976K), 0.0018568 secs] [Times: user=0.00 sys=0.00, real=0.00 secs] 
07:03:54.481 [Curator-PathChildrenCache-0] ERROR o.a.c.f.r.c.PathChildrenCache  - 
java.lang.IllegalStateException: instance must be started before calling this method
	at org.apache.curator.shaded.com.google.common.base.Preconditions.checkState(Preconditions.java:444)
	at org.apache.curator.framework.imps.CuratorFrameworkImpl.getChildren(CuratorFrameworkImpl.java:456)
	at org.apache.curator.framework.recipes.cache.PathChildrenCache.refresh(PathChildrenCache.java:521)
	at org.apache.curator.framework.recipes.cache.RefreshOperation.invoke(RefreshOperation.java:35)
	at org.apache.curator.framework.recipes.cache.PathChildrenCache$9.run(PathChildrenCache.java:786)
	at java.util.concurrent.Executors$RunnableAdapter.call(Executors.java:511)
	at java.util.concurrent.FutureTask.run(FutureTask.java:266)
	at java.util.concurrent.Executors$RunnableAdapter.call(Executors.java:511)
	at java.util.concurrent.FutureTask.run(FutureTask.java:266)
	at java.util.concurrent.ThreadPoolExecutor.runWorker(ThreadPoolExecutor.java:1149)
	at java.util.concurrent.ThreadPoolExecutor$Worker.run(ThreadPoolExecutor.java:624)
	at java.lang.Thread.run(Thread.java:748)
07:03:55.054 [worker-akka.actor.default-dispatcher-17] ERROR a.r.a.Association(akka://worker) akka.remote.artery.Association(akka://worker) - Outbound control stream to [akka://worker@10.0.0.34:5412] failed after shutdown. 
akka.remote.artery.Association$OutboundStreamStopQuarantinedSignal$: 
07:03:55.092 [worker-akka.actor.default-dispatcher-17] ERROR a.r.a.Association(akka://worker) akka.remote.artery.Association(akka://worker) - Outbound message stream to [akka://worker@10.0.0.34:5412] failed after shutdown. 
akka.remote.artery.Association$OutboundStreamStopQuarantinedSignal$: 
07:03:55.382 [worker-akka.actor.default-dispatcher-17] ERROR a.r.a.Association(akka://worker) akka.remote.artery.Association(akka://worker) - Outbound control stream to [akka://worker@10.0.0.40:5412] failed after shutdown. 
akka.remote.artery.Association$OutboundStreamStopQuarantinedSignal$: 
07:03:55.383 [worker-akka.actor.default-dispatcher-17] ERROR a.r.a.Association(akka://worker) akka.remote.artery.Association(akka://worker) - Outbound message stream to [akka://worker@10.0.0.40:5412] failed after shutdown. 
akka.remote.artery.Association$OutboundStreamStopQuarantinedSignal$: 
07:03:55.582 [worker-akka.actor.default-dispatcher-17] ERROR a.r.a.Association(akka://worker) akka.remote.artery.Association(akka://worker) - Outbound control stream to [akka://worker@10.0.0.189:5412] failed after shutdown. 
akka.remote.artery.Association$OutboundStreamStopQuarantinedSignal$: 
07:03:55.582 [worker-akka.actor.default-dispatcher-17] ERROR a.r.a.Association(akka://worker) akka.remote.artery.Association(akka://worker) - Outbound message stream to [akka://worker@10.0.0.189:5412] failed after shutdown. 
akka.remote.artery.Association$OutboundStreamStopQuarantinedSignal$: 
Heap
 def new generation   total 153600K, used 30897K [0x00000000e0c00000, 0x00000000eb2a0000, 0x00000000eb2a0000)
  eden space 136576K,  22% used [0x00000000e0c00000, 0x00000000e2a0ca30, 0x00000000e9160000)
  from space 17024K,   0% used [0x00000000e9160000, 0x00000000e917fa78, 0x00000000ea200000)
  to   space 17024K,   0% used [0x00000000ea200000, 0x00000000ea200000, 0x00000000eb2a0000)
 tenured generation   total 341376K, used 44387K [0x00000000eb2a0000, 0x0000000100000000, 0x0000000100000000)
   the space 341376K,  13% used [0x00000000eb2a0000, 0x00000000eddf8ce8, 0x00000000eddf8e00, 0x0000000100000000)
 Metaspace       used 36584K, capacity 37476K, committed 37632K, reserved 1081344K
  class space    used 4886K, capacity 5106K, committed 5120K, reserved 1048576K
