14:51:25,836 |-INFO in ch.qos.logback.classic.LoggerContext[default] - Could NOT find resource [logback-test.xml]
14:51:25,836 |-INFO in ch.qos.logback.classic.LoggerContext[default] - Could NOT find resource [logback.groovy]
14:51:25,836 |-INFO in ch.qos.logback.classic.LoggerContext[default] - Found resource [logback.xml] at [jar:file:/root/flamestream/lib/flamestream-runtime-1.0-SNAPSHOT.jar!/logback.xml]
14:51:25,836 |-WARN in ch.qos.logback.classic.LoggerContext[default] - Resource [logback.xml] occurs multiple times on the classpath.
14:51:25,841 |-WARN in ch.qos.logback.classic.LoggerContext[default] - Resource [logback.xml] occurs at [jar:file:/root/flamestream/lib/flamestream-runtime-1.0-SNAPSHOT.jar!/logback.xml]
14:51:25,841 |-WARN in ch.qos.logback.classic.LoggerContext[default] - Resource [logback.xml] occurs at [jar:file:/root/flamestream/flamestream-runtime-1.0-SNAPSHOT.jar!/logback.xml]
14:51:25,860 |-INFO in ch.qos.logback.core.joran.spi.ConfigurationWatchList@3fb6a447 - URL [jar:file:/root/flamestream/lib/flamestream-runtime-1.0-SNAPSHOT.jar!/logback.xml] is not of type file
14:51:25,927 |-INFO in ch.qos.logback.classic.joran.action.ConfigurationAction - debug attribute not set
14:51:25,928 |-INFO in ch.qos.logback.core.joran.action.AppenderAction - About to instantiate appender of type [ch.qos.logback.core.ConsoleAppender]
14:51:25,945 |-INFO in ch.qos.logback.core.joran.action.AppenderAction - Naming appender as [STDOUT]
14:51:25,955 |-INFO in ch.qos.logback.core.joran.action.NestedComplexPropertyIA - Assuming default type [ch.qos.logback.classic.encoder.PatternLayoutEncoder] for [encoder] property
14:51:26,061 |-INFO in ch.qos.logback.core.joran.action.AppenderAction - About to instantiate appender of type [ch.qos.logback.core.rolling.RollingFileAppender]
14:51:26,069 |-INFO in ch.qos.logback.core.joran.action.AppenderAction - Naming appender as [FILE]
14:51:26,100 |-INFO in c.q.l.core.rolling.TimeBasedRollingPolicy@127618319 - No compression will be used
14:51:26,101 |-INFO in c.q.l.core.rolling.TimeBasedRollingPolicy@127618319 - Will use the pattern /tmp/application_%d{yyyy-MM-dd}.%i.log for the active file
14:51:26,104 |-INFO in ch.qos.logback.core.rolling.SizeAndTimeBasedFNATP@6b2fad11 - The date pattern is 'yyyy-MM-dd' from file name pattern '/tmp/application_%d{yyyy-MM-dd}.%i.log'.
14:51:26,104 |-INFO in ch.qos.logback.core.rolling.SizeAndTimeBasedFNATP@6b2fad11 - Roll-over at midnight.
14:51:26,109 |-INFO in ch.qos.logback.core.rolling.SizeAndTimeBasedFNATP@6b2fad11 - Setting initial period to Mon Jun 10 14:50:03 UTC 2019
14:51:26,109 |-WARN in ch.qos.logback.core.rolling.SizeAndTimeBasedFNATP@6b2fad11 - SizeAndTimeBasedFNATP is deprecated. Use SizeAndTimeBasedRollingPolicy instead
14:51:26,109 |-WARN in ch.qos.logback.core.rolling.SizeAndTimeBasedFNATP@6b2fad11 - For more information see http://logback.qos.ch/manual/appenders.html#SizeAndTimeBasedRollingPolicy
14:51:26,114 |-INFO in ch.qos.logback.core.joran.action.NestedComplexPropertyIA - Assuming default type [ch.qos.logback.classic.encoder.PatternLayoutEncoder] for [encoder] property
14:51:26,118 |-INFO in ch.qos.logback.core.rolling.RollingFileAppender[FILE] - Active log file name: /tmp/application.log
14:51:26,119 |-INFO in ch.qos.logback.core.rolling.RollingFileAppender[FILE] - File property is set to [/tmp/application.log]
14:51:26,119 |-INFO in ch.qos.logback.classic.joran.action.RootLoggerAction - Setting level of ROOT logger to WARN
14:51:26,119 |-INFO in ch.qos.logback.core.joran.action.AppenderRefAction - Attaching appender named [STDOUT] to Logger[ROOT]
14:51:26,121 |-INFO in ch.qos.logback.core.joran.action.AppenderRefAction - Attaching appender named [FILE] to Logger[ROOT]
14:51:26,121 |-INFO in ch.qos.logback.classic.joran.action.ConfigurationAction - End of configuration.
14:51:26,122 |-INFO in ch.qos.logback.classic.joran.JoranConfigurator@79698539 - Registering current configuration as safe fallback point

Ama winner
Ama winner
2019-06-10T14:51:27.412+0000: 1.759: [Full GC (Metadata GC Threshold) 2019-06-10T14:51:27.412+0000: 1.759: [Tenured: 0K->15176K(341376K), 0.0408644 secs] 114923K->15176K(494976K), [Metaspace: 20738K->20738K(1067008K)], 0.0409317 secs] [Times: user=0.04 sys=0.00, real=0.04 secs] 
14:51:50.213 [Curator-PathChildrenCache-1] WARN  o.a.c.u.ZKPaths  - The version of ZooKeeper being used doesn't support Container nodes. CreateMode.PERSISTENT will be used instead.
2019-06-10T14:51:52.670+0000: 27.017: [GC (Allocation Failure) 2019-06-10T14:51:52.670+0000: 27.017: [DefNew: 136576K->17023K(153600K), 0.0293690 secs] 151752K->52542K(494976K), 0.0294537 secs] [Times: user=0.03 sys=0.00, real=0.03 secs] 
2019-06-10T14:51:53.215+0000: 27.562: [Full GC (Metadata GC Threshold) 2019-06-10T14:51:53.215+0000: 27.562: [Tenured: 35518K->44190K(341376K), 0.0394165 secs] 71952K->44190K(494976K), [Metaspace: 34553K->34553K(1079296K)], 0.0394891 secs] [Times: user=0.03 sys=0.01, real=0.04 secs] 
2019-06-10T14:51:59.163+0000: 33.510: [GC (Allocation Failure) 2019-06-10T14:51:59.163+0000: 33.510: [DefNew: 136576K->203K(153600K), 0.0021929 secs] 180766K->44394K(494976K), 0.0022557 secs] [Times: user=0.00 sys=0.00, real=0.00 secs] 
2019-06-10T14:52:05.213+0000: 39.560: [GC (Allocation Failure) 2019-06-10T14:52:05.213+0000: 39.560: [DefNew: 136779K->204K(153600K), 0.0019627 secs] 180970K->44395K(494976K), 0.0020229 secs] [Times: user=0.00 sys=0.00, real=0.00 secs] 
2019-06-10T14:52:11.296+0000: 45.643: [GC (Allocation Failure) 2019-06-10T14:52:11.296+0000: 45.643: [DefNew: 136780K->202K(153600K), 0.0020405 secs] 180971K->44393K(494976K), 0.0021011 secs] [Times: user=0.00 sys=0.00, real=0.01 secs] 
2019-06-10T14:52:17.320+0000: 51.667: [GC (Allocation Failure) 2019-06-10T14:52:17.320+0000: 51.667: [DefNew: 136778K->202K(153600K), 0.0020743 secs] 180969K->44393K(494976K), 0.0021335 secs] [Times: user=0.00 sys=0.00, real=0.00 secs] 
2019-06-10T14:52:23.329+0000: 57.676: [GC (Allocation Failure) 2019-06-10T14:52:23.329+0000: 57.676: [DefNew: 136778K->204K(153600K), 0.0020219 secs] 180969K->44395K(494976K), 0.0020888 secs] [Times: user=0.00 sys=0.00, real=0.00 secs] 
14:52:34.425 [Curator-PathChildrenCache-0] ERROR o.a.c.f.r.c.PathChildrenCache  - 
java.lang.IllegalStateException: instance must be started before calling this method
	at org.apache.curator.shaded.com.google.common.base.Preconditions.checkState(Preconditions.java:444)
	at org.apache.curator.framework.imps.CuratorFrameworkImpl.getChildren(CuratorFrameworkImpl.java:456)
	at org.apache.curator.framework.recipes.cache.PathChildrenCache.refresh(PathChildrenCache.java:521)
	at org.apache.curator.framework.recipes.cache.RefreshOperation.invoke(RefreshOperation.java:35)
	at org.apache.curator.framework.recipes.cache.PathChildrenCache$9.run(PathChildrenCache.java:786)
	at java.util.concurrent.Executors$RunnableAdapter.call(Executors.java:511)
	at java.util.concurrent.FutureTask.run(FutureTask.java:266)
	at java.util.concurrent.Executors$RunnableAdapter.call(Executors.java:511)
	at java.util.concurrent.FutureTask.run(FutureTask.java:266)
	at java.util.concurrent.ThreadPoolExecutor.runWorker(ThreadPoolExecutor.java:1149)
	at java.util.concurrent.ThreadPoolExecutor$Worker.run(ThreadPoolExecutor.java:624)
	at java.lang.Thread.run(Thread.java:748)
Heap
 def new generation   total 153600K, used 107591K [0x00000000e0c00000, 0x00000000eb2a0000, 0x00000000eb2a0000)
  eden space 136576K,  78% used [0x00000000e0c00000, 0x00000000e74deb28, 0x00000000e9160000)
  from space 17024K,   1% used [0x00000000e9160000, 0x00000000e9193180, 0x00000000ea200000)
  to   space 17024K,   0% used [0x00000000ea200000, 0x00000000ea200000, 0x00000000eb2a0000)
 tenured generation   total 341376K, used 44190K [0x00000000eb2a0000, 0x0000000100000000, 0x0000000100000000)
   the space 341376K,  12% used [0x00000000eb2a0000, 0x00000000eddc7b60, 0x00000000eddc7c00, 0x0000000100000000)
 Metaspace       used 36304K, capacity 37224K, committed 37376K, reserved 1081344K
  class space    used 4889K, capacity 5092K, committed 5120K, reserved 1048576K
