19:37:35,970 |-INFO in ch.qos.logback.classic.LoggerContext[default] - Could NOT find resource [logback-test.xml]
19:37:35,970 |-INFO in ch.qos.logback.classic.LoggerContext[default] - Could NOT find resource [logback.groovy]
19:37:35,971 |-INFO in ch.qos.logback.classic.LoggerContext[default] - Found resource [logback.xml] at [jar:file:/root/flamestream/lib/flamestream-runtime-1.0-SNAPSHOT.jar!/logback.xml]
19:37:35,974 |-WARN in ch.qos.logback.classic.LoggerContext[default] - Resource [logback.xml] occurs multiple times on the classpath.
19:37:35,974 |-WARN in ch.qos.logback.classic.LoggerContext[default] - Resource [logback.xml] occurs at [jar:file:/root/flamestream/lib/flamestream-runtime-1.0-SNAPSHOT.jar!/logback.xml]
19:37:35,974 |-WARN in ch.qos.logback.classic.LoggerContext[default] - Resource [logback.xml] occurs at [jar:file:/root/flamestream/flamestream-runtime-1.0-SNAPSHOT.jar!/logback.xml]
19:37:35,994 |-INFO in ch.qos.logback.core.joran.spi.ConfigurationWatchList@3fb6a447 - URL [jar:file:/root/flamestream/lib/flamestream-runtime-1.0-SNAPSHOT.jar!/logback.xml] is not of type file
19:37:36,061 |-INFO in ch.qos.logback.classic.joran.action.ConfigurationAction - debug attribute not set
19:37:36,062 |-INFO in ch.qos.logback.core.joran.action.AppenderAction - About to instantiate appender of type [ch.qos.logback.core.ConsoleAppender]
19:37:36,078 |-INFO in ch.qos.logback.core.joran.action.AppenderAction - Naming appender as [STDOUT]
19:37:36,090 |-INFO in ch.qos.logback.core.joran.action.NestedComplexPropertyIA - Assuming default type [ch.qos.logback.classic.encoder.PatternLayoutEncoder] for [encoder] property
19:37:36,182 |-INFO in ch.qos.logback.core.joran.action.AppenderAction - About to instantiate appender of type [ch.qos.logback.core.rolling.RollingFileAppender]
19:37:36,187 |-INFO in ch.qos.logback.core.joran.action.AppenderAction - Naming appender as [FILE]
19:37:36,217 |-INFO in c.q.l.core.rolling.TimeBasedRollingPolicy@127618319 - No compression will be used
19:37:36,218 |-INFO in c.q.l.core.rolling.TimeBasedRollingPolicy@127618319 - Will use the pattern /tmp/application_%d{yyyy-MM-dd}.%i.log for the active file
19:37:36,221 |-INFO in ch.qos.logback.core.rolling.SizeAndTimeBasedFNATP@6b2fad11 - The date pattern is 'yyyy-MM-dd' from file name pattern '/tmp/application_%d{yyyy-MM-dd}.%i.log'.
19:37:36,221 |-INFO in ch.qos.logback.core.rolling.SizeAndTimeBasedFNATP@6b2fad11 - Roll-over at midnight.
19:37:36,227 |-INFO in ch.qos.logback.core.rolling.SizeAndTimeBasedFNATP@6b2fad11 - Setting initial period to Mon Jun 10 19:35:59 UTC 2019
19:37:36,227 |-WARN in ch.qos.logback.core.rolling.SizeAndTimeBasedFNATP@6b2fad11 - SizeAndTimeBasedFNATP is deprecated. Use SizeAndTimeBasedRollingPolicy instead
19:37:36,227 |-WARN in ch.qos.logback.core.rolling.SizeAndTimeBasedFNATP@6b2fad11 - For more information see http://logback.qos.ch/manual/appenders.html#SizeAndTimeBasedRollingPolicy
19:37:36,230 |-INFO in ch.qos.logback.core.joran.action.NestedComplexPropertyIA - Assuming default type [ch.qos.logback.classic.encoder.PatternLayoutEncoder] for [encoder] property
19:37:36,235 |-INFO in ch.qos.logback.core.rolling.RollingFileAppender[FILE] - Active log file name: /tmp/application.log
19:37:36,235 |-INFO in ch.qos.logback.core.rolling.RollingFileAppender[FILE] - File property is set to [/tmp/application.log]
19:37:36,236 |-INFO in ch.qos.logback.classic.joran.action.RootLoggerAction - Setting level of ROOT logger to WARN
19:37:36,236 |-INFO in ch.qos.logback.core.joran.action.AppenderRefAction - Attaching appender named [STDOUT] to Logger[ROOT]
19:37:36,238 |-INFO in ch.qos.logback.core.joran.action.AppenderRefAction - Attaching appender named [FILE] to Logger[ROOT]
19:37:36,238 |-INFO in ch.qos.logback.classic.joran.action.ConfigurationAction - End of configuration.
19:37:36,239 |-INFO in ch.qos.logback.classic.joran.JoranConfigurator@79698539 - Registering current configuration as safe fallback point

Ama winner
Ama winner
2019-06-10T19:37:37.507+0000: 1.718: [Full GC (Metadata GC Threshold) 2019-06-10T19:37:37.507+0000: 1.718: [Tenured: 0K->15144K(341376K), 0.0396546 secs] 114987K->15144K(494976K), [Metaspace: 20740K->20740K(1067008K)], 0.0397344 secs] [Times: user=0.04 sys=0.00, real=0.04 secs] 
19:37:56.392 [Curator-PathChildrenCache-1] WARN  o.a.c.u.ZKPaths  - The version of ZooKeeper being used doesn't support Container nodes. CreateMode.PERSISTENT will be used instead.
2019-06-10T19:37:58.945+0000: 23.156: [GC (Allocation Failure) 2019-06-10T19:37:58.945+0000: 23.156: [DefNew: 136576K->17023K(153600K), 0.0272877 secs] 151720K->52589K(494976K), 0.0273622 secs] [Times: user=0.01 sys=0.01, real=0.03 secs] 
2019-06-10T19:38:02.079+0000: 26.290: [Full GC (Metadata GC Threshold) 2019-06-10T19:38:02.079+0000: 26.290: [Tenured: 35565K->43905K(341376K), 0.0501133 secs] 125497K->43905K(494976K), [Metaspace: 34620K->34620K(1079296K)], 0.0501889 secs] [Times: user=0.05 sys=0.01, real=0.05 secs] 
2019-06-10T19:38:08.195+0000: 32.406: [GC (Allocation Failure) 2019-06-10T19:38:08.195+0000: 32.406: [DefNew: 136576K->54K(153600K), 0.0017659 secs] 180481K->43959K(494976K), 0.0018250 secs] [Times: user=0.00 sys=0.00, real=0.00 secs] 
2019-06-10T19:38:14.317+0000: 38.528: [GC (Allocation Failure) 2019-06-10T19:38:14.317+0000: 38.528: [DefNew: 136630K->57K(153600K), 0.0015750 secs] 180535K->43962K(494976K), 0.0016470 secs] [Times: user=0.00 sys=0.00, real=0.00 secs] 
2019-06-10T19:38:20.491+0000: 44.701: [GC (Allocation Failure) 2019-06-10T19:38:20.491+0000: 44.701: [DefNew: 136633K->56K(153600K), 0.0016347 secs] 180538K->43961K(494976K), 0.0016944 secs] [Times: user=0.00 sys=0.00, real=0.00 secs] 
2019-06-10T19:38:26.673+0000: 50.884: [GC (Allocation Failure) 2019-06-10T19:38:26.673+0000: 50.884: [DefNew: 136632K->56K(153600K), 0.0017144 secs] 180537K->43961K(494976K), 0.0017742 secs] [Times: user=0.00 sys=0.00, real=0.01 secs] 
2019-06-10T19:38:38.781+0000: 62.991: [GC (Allocation Failure) 2019-06-10T19:38:38.781+0000: 62.991: [DefNew: 136632K->365K(153600K), 0.0022368 secs] 180537K->44270K(494976K), 0.0022883 secs] [Times: user=0.01 sys=0.00, real=0.00 secs] 
19:38:38.893 [Curator-PathChildrenCache-0] ERROR o.a.c.f.r.c.PathChildrenCache  - 
java.lang.IllegalStateException: instance must be started before calling this method
	at org.apache.curator.shaded.com.google.common.base.Preconditions.checkState(Preconditions.java:444)
	at org.apache.curator.framework.imps.CuratorFrameworkImpl.getChildren(CuratorFrameworkImpl.java:456)
	at org.apache.curator.framework.recipes.cache.PathChildrenCache.refresh(PathChildrenCache.java:521)
	at org.apache.curator.framework.recipes.cache.RefreshOperation.invoke(RefreshOperation.java:35)
	at org.apache.curator.framework.recipes.cache.PathChildrenCache$9.run(PathChildrenCache.java:786)
	at java.util.concurrent.Executors$RunnableAdapter.call(Executors.java:511)
	at java.util.concurrent.FutureTask.run(FutureTask.java:266)
	at java.util.concurrent.Executors$RunnableAdapter.call(Executors.java:511)
	at java.util.concurrent.FutureTask.run(FutureTask.java:266)
	at java.util.concurrent.ThreadPoolExecutor.runWorker(ThreadPoolExecutor.java:1149)
	at java.util.concurrent.ThreadPoolExecutor$Worker.run(ThreadPoolExecutor.java:624)
	at java.lang.Thread.run(Thread.java:748)
Heap
 def new generation   total 153600K, used 26059K [0x00000000e0c00000, 0x00000000eb2a0000, 0x00000000eb2a0000)
  eden space 136576K,  18% used [0x00000000e0c00000, 0x00000000e25178c8, 0x00000000e9160000)
  from space 17024K,   2% used [0x00000000e9160000, 0x00000000e91bb610, 0x00000000ea200000)
  to   space 17024K,   0% used [0x00000000ea200000, 0x00000000ea200000, 0x00000000eb2a0000)
 tenured generation   total 341376K, used 43905K [0x00000000eb2a0000, 0x0000000100000000, 0x0000000100000000)
   the space 341376K,  12% used [0x00000000eb2a0000, 0x00000000edd80428, 0x00000000edd80600, 0x0000000100000000)
 Metaspace       used 36156K, capacity 37062K, committed 37376K, reserved 1081344K
  class space    used 4870K, capacity 5075K, committed 5120K, reserved 1048576K
