00:42:55,179 |-INFO in ch.qos.logback.classic.LoggerContext[default] - Could NOT find resource [logback-test.xml]
00:42:55,179 |-INFO in ch.qos.logback.classic.LoggerContext[default] - Could NOT find resource [logback.groovy]
00:42:55,179 |-INFO in ch.qos.logback.classic.LoggerContext[default] - Found resource [logback.xml] at [jar:file:/home/nikitasokolov/flamestream/lib/flamestream-runtime-1.0-SNAPSHOT.jar!/logback.xml]
00:42:55,180 |-WARN in ch.qos.logback.classic.LoggerContext[default] - Resource [logback.xml] occurs multiple times on the classpath.
00:42:55,180 |-WARN in ch.qos.logback.classic.LoggerContext[default] - Resource [logback.xml] occurs at [jar:file:/home/nikitasokolov/flamestream/lib/flamestream-runtime-1.0-SNAPSHOT.jar!/logback.xml]
00:42:55,180 |-WARN in ch.qos.logback.classic.LoggerContext[default] - Resource [logback.xml] occurs at [jar:file:/home/nikitasokolov/flamestream/flamestream-runtime-1.0-SNAPSHOT.jar!/logback.xml]
00:42:55,196 |-INFO in ch.qos.logback.core.joran.spi.ConfigurationWatchList@6aaa5eb0 - URL [jar:file:/home/nikitasokolov/flamestream/lib/flamestream-runtime-1.0-SNAPSHOT.jar!/logback.xml] is not of type file
00:42:55,248 |-INFO in ch.qos.logback.classic.joran.action.ConfigurationAction - debug attribute not set
00:42:55,249 |-INFO in ch.qos.logback.core.joran.action.AppenderAction - About to instantiate appender of type [ch.qos.logback.core.ConsoleAppender]
00:42:55,256 |-INFO in ch.qos.logback.core.joran.action.AppenderAction - Naming appender as [STDOUT]
00:42:55,263 |-INFO in ch.qos.logback.core.joran.action.NestedComplexPropertyIA - Assuming default type [ch.qos.logback.classic.encoder.PatternLayoutEncoder] for [encoder] property
00:42:55,322 |-INFO in ch.qos.logback.core.joran.action.AppenderAction - About to instantiate appender of type [ch.qos.logback.core.rolling.RollingFileAppender]
00:42:55,328 |-INFO in ch.qos.logback.core.joran.action.AppenderAction - Naming appender as [FILE]
00:42:55,349 |-INFO in c.q.l.core.rolling.TimeBasedRollingPolicy@3447021 - No compression will be used
00:42:55,351 |-INFO in c.q.l.core.rolling.TimeBasedRollingPolicy@3447021 - Will use the pattern /tmp/application_%d{yyyy-MM-dd}.%i.log for the active file
00:42:55,354 |-INFO in ch.qos.logback.core.rolling.SizeAndTimeBasedFNATP@1a407d53 - The date pattern is 'yyyy-MM-dd' from file name pattern '/tmp/application_%d{yyyy-MM-dd}.%i.log'.
00:42:55,354 |-INFO in ch.qos.logback.core.rolling.SizeAndTimeBasedFNATP@1a407d53 - Roll-over at midnight.
00:42:55,358 |-INFO in ch.qos.logback.core.rolling.SizeAndTimeBasedFNATP@1a407d53 - Setting initial period to Thu Jun 06 22:00:24 MSK 2019
00:42:55,358 |-WARN in ch.qos.logback.core.rolling.SizeAndTimeBasedFNATP@1a407d53 - SizeAndTimeBasedFNATP is deprecated. Use SizeAndTimeBasedRollingPolicy instead
00:42:55,358 |-WARN in ch.qos.logback.core.rolling.SizeAndTimeBasedFNATP@1a407d53 - For more information see http://logback.qos.ch/manual/appenders.html#SizeAndTimeBasedRollingPolicy
00:42:55,361 |-INFO in ch.qos.logback.core.joran.action.NestedComplexPropertyIA - Assuming default type [ch.qos.logback.classic.encoder.PatternLayoutEncoder] for [encoder] property
00:42:55,364 |-INFO in ch.qos.logback.core.rolling.RollingFileAppender[FILE] - Active log file name: /tmp/application.log
00:42:55,364 |-INFO in ch.qos.logback.core.rolling.RollingFileAppender[FILE] - File property is set to [/tmp/application.log]
00:42:55,365 |-ERROR in ch.qos.logback.core.rolling.RollingFileAppender[FILE] - openFile(/tmp/application.log,true) call failed. java.io.FileNotFoundException: /tmp/application.log (Permission denied)
	at java.io.FileNotFoundException: /tmp/application.log (Permission denied)
	at 	at java.io.FileOutputStream.open0(Native Method)
	at 	at java.io.FileOutputStream.open(FileOutputStream.java:270)
	at 	at java.io.FileOutputStream.<init>(FileOutputStream.java:213)
	at 	at ch.qos.logback.core.recovery.ResilientFileOutputStream.<init>(ResilientFileOutputStream.java:26)
	at 	at ch.qos.logback.core.FileAppender.openFile(FileAppender.java:204)
	at 	at ch.qos.logback.core.FileAppender.start(FileAppender.java:127)
	at 	at ch.qos.logback.core.rolling.RollingFileAppender.start(RollingFileAppender.java:100)
	at 	at ch.qos.logback.core.joran.action.AppenderAction.end(AppenderAction.java:90)
	at 	at ch.qos.logback.core.joran.spi.Interpreter.callEndAction(Interpreter.java:309)
	at 	at ch.qos.logback.core.joran.spi.Interpreter.endElement(Interpreter.java:193)
	at 	at ch.qos.logback.core.joran.spi.Interpreter.endElement(Interpreter.java:179)
	at 	at ch.qos.logback.core.joran.spi.EventPlayer.play(EventPlayer.java:62)
	at 	at ch.qos.logback.core.joran.GenericConfigurator.doConfigure(GenericConfigurator.java:165)
	at 	at ch.qos.logback.core.joran.GenericConfigurator.doConfigure(GenericConfigurator.java:152)
	at 	at ch.qos.logback.core.joran.GenericConfigurator.doConfigure(GenericConfigurator.java:110)
	at 	at ch.qos.logback.core.joran.GenericConfigurator.doConfigure(GenericConfigurator.java:53)
	at 	at ch.qos.logback.classic.util.ContextInitializer.configureByResource(ContextInitializer.java:75)
	at 	at ch.qos.logback.classic.util.ContextInitializer.autoConfig(ContextInitializer.java:150)
	at 	at org.slf4j.impl.StaticLoggerBinder.init(StaticLoggerBinder.java:84)
	at 	at org.slf4j.impl.StaticLoggerBinder.<clinit>(StaticLoggerBinder.java:55)
	at 	at org.slf4j.LoggerFactory.bind(LoggerFactory.java:150)
	at 	at org.slf4j.LoggerFactory.performInitialization(LoggerFactory.java:124)
	at 	at org.slf4j.LoggerFactory.getILoggerFactory(LoggerFactory.java:412)
	at 	at org.slf4j.LoggerFactory.getLogger(LoggerFactory.java:357)
	at 	at org.slf4j.LoggerFactory.getLogger(LoggerFactory.java:383)
	at 	at com.spbsu.flamestream.runtime.WorkerApplication.<init>(WorkerApplication.java:26)
	at 	at com.spbsu.flamestream.runtime.WorkerApplication.main(WorkerApplication.java:68)
00:42:55,365 |-INFO in ch.qos.logback.classic.joran.action.RootLoggerAction - Setting level of ROOT logger to WARN
00:42:55,365 |-INFO in ch.qos.logback.core.joran.action.AppenderRefAction - Attaching appender named [STDOUT] to Logger[ROOT]
00:42:55,366 |-INFO in ch.qos.logback.core.joran.action.AppenderRefAction - Attaching appender named [FILE] to Logger[ROOT]
00:42:55,366 |-INFO in ch.qos.logback.classic.joran.action.ConfigurationAction - End of configuration.
00:42:55,366 |-INFO in ch.qos.logback.classic.joran.JoranConfigurator@21bcffb5 - Registering current configuration as safe fallback point

Ama winner
Ama winner
2019-06-09T00:42:56.360+0300: 1.371: [GC (Metadata GC Threshold) [PSYoungGen: 92676K->15881K(149504K)] 92676K->15961K(491008K), 0.0183286 secs] [Times: user=0.11 sys=0.00, real=0.02 secs] 
2019-06-09T00:42:56.378+0300: 1.389: [Full GC (Metadata GC Threshold) [PSYoungGen: 15881K->0K(149504K)] [ParOldGen: 80K->15102K(341504K)] 15961K->15102K(491008K), [Metaspace: 20800K->20800K(1067008K)], 0.0256319 secs] [Times: user=0.14 sys=0.02, real=0.02 secs] 
00:43:04.726 [Curator-PathChildrenCache-1] WARN  o.a.c.u.ZKPaths  - The version of ZooKeeper being used doesn't support Container nodes. CreateMode.PERSISTENT will be used instead.
2019-06-09T00:43:05.824+0300: 10.835: [GC (Allocation Failure) [PSYoungGen: 128512K->20971K(149504K)] 143614K->50098K(491008K), 0.0176865 secs] [Times: user=0.21 sys=0.02, real=0.02 secs] 
2019-06-09T00:43:05.872+0300: 10.883: [GC (Metadata GC Threshold) [PSYoungGen: 26195K->20987K(149504K)] 55322K->50210K(491008K), 0.0110570 secs] [Times: user=0.13 sys=0.01, real=0.01 secs] 
2019-06-09T00:43:05.883+0300: 10.894: [Full GC (Metadata GC Threshold) [PSYoungGen: 20987K->0K(149504K)] [ParOldGen: 29223K->38635K(341504K)] 50210K->38635K(491008K), [Metaspace: 34551K->34551K(1079296K)], 0.0337557 secs] [Times: user=0.18 sys=0.00, real=0.04 secs] 
2019-06-09T00:43:09.713+0300: 14.724: [GC (Allocation Failure) [PSYoungGen: 128512K->448K(149504K)] 167147K->39091K(491008K), 0.0770653 secs] [Times: user=0.04 sys=0.01, real=0.07 secs] 
2019-06-09T00:43:13.991+0300: 19.002: [GC (Allocation Failure) [PSYoungGen: 128960K->480K(129024K)] 167603K->39131K(470528K), 0.0035240 secs] [Times: user=0.01 sys=0.00, real=0.01 secs] 
2019-06-09T00:43:18.255+0300: 23.266: [GC (Allocation Failure) [PSYoungGen: 128992K->448K(130048K)] 167643K->39107K(471552K), 0.0050768 secs] [Times: user=0.03 sys=0.00, real=0.00 secs] 
2019-06-09T00:43:21.259+0300: 26.270: [GC (Allocation Failure) [PSYoungGen: 89024K->512K(129024K)] 127683K->39179K(470528K), 0.0022418 secs] [Times: user=0.02 sys=0.00, real=0.00 secs] 
2019-06-09T00:43:24.312+0300: 29.323: [GC (Allocation Failure) [PSYoungGen: 89088K->384K(132608K)] 127755K->39339K(474112K), 0.0050476 secs] [Times: user=0.01 sys=0.02, real=0.01 secs] 
2019-06-09T00:43:27.427+0300: 32.439: [GC (Allocation Failure) [PSYoungGen: 93568K->320K(131072K)] 132523K->39339K(472576K), 0.0025041 secs] [Times: user=0.01 sys=0.00, real=0.00 secs] 
2019-06-09T00:43:30.593+0300: 35.604: [GC (Allocation Failure) [PSYoungGen: 93504K->320K(135168K)] 132523K->39403K(476672K), 0.0036314 secs] [Times: user=0.02 sys=0.00, real=0.00 secs] 
2019-06-09T00:43:33.981+0300: 38.992: [GC (Allocation Failure) [PSYoungGen: 99136K->352K(134144K)] 138219K->39547K(475648K), 0.0040916 secs] [Times: user=0.02 sys=0.01, real=0.01 secs] 
2019-06-09T00:43:37.359+0300: 42.370: [GC (Allocation Failure) [PSYoungGen: 99168K->224K(138240K)] 138363K->39547K(479744K), 0.0024474 secs] [Times: user=0.00 sys=0.00, real=0.00 secs] 
2019-06-09T00:43:40.960+0300: 45.971: [GC (Allocation Failure) [PSYoungGen: 104672K->224K(136704K)] 143995K->39547K(478208K), 0.0068057 secs] [Times: user=0.05 sys=0.00, real=0.01 secs] 
2019-06-09T00:43:44.506+0300: 49.517: [GC (Allocation Failure) [PSYoungGen: 104672K->352K(141312K)] 143995K->39675K(482816K), 0.0024593 secs] [Times: user=0.01 sys=0.00, real=0.00 secs] 
2019-06-09T00:43:48.282+0300: 53.294: [GC (Allocation Failure) [PSYoungGen: 110944K->256K(139776K)] 150267K->39587K(481280K), 0.0119468 secs] [Times: user=0.10 sys=0.00, real=0.02 secs] 
2019-06-09T00:43:52.061+0300: 57.072: [GC (Allocation Failure) [PSYoungGen: 110848K->320K(144384K)] 150179K->39651K(485888K), 0.0023181 secs] [Times: user=0.01 sys=0.00, real=0.00 secs] 
2019-06-09T00:43:56.045+0300: 61.056: [GC (Allocation Failure) [PSYoungGen: 117056K->288K(142848K)] 156387K->39619K(484352K), 0.0029136 secs] [Times: user=0.01 sys=0.00, real=0.00 secs] 
2019-06-09T00:44:00.694+0300: 65.705: [GC (Allocation Failure) [PSYoungGen: 117024K->704K(147456K)] 156355K->40043K(488960K), 0.0025001 secs] [Times: user=0.01 sys=0.00, real=0.00 secs] 
2019-06-09T00:44:06.028+0300: 71.040: [GC (Allocation Failure) [PSYoungGen: 123584K->416K(145920K)] 162923K->39763K(487424K), 0.0027142 secs] [Times: user=0.01 sys=0.00, real=0.00 secs] 
2019-06-09T00:44:11.357+0300: 76.368: [GC (Allocation Failure) [PSYoungGen: 123296K->512K(150528K)] 162643K->39867K(492032K), 0.0020540 secs] [Times: user=0.01 sys=0.01, real=0.00 secs] 
2019-06-09T00:44:16.973+0300: 81.984: [GC (Allocation Failure) [PSYoungGen: 129536K->512K(148992K)] 168891K->39867K(490496K), 0.0024696 secs] [Times: user=0.01 sys=0.00, real=0.00 secs] 
00:44:33.101 [Curator-PathChildrenCache-0] ERROR o.a.c.f.r.c.PathChildrenCache  - 
java.lang.IllegalStateException: instance must be started before calling this method
	at org.apache.curator.shaded.com.google.common.base.Preconditions.checkState(Preconditions.java:444)
	at org.apache.curator.framework.imps.CuratorFrameworkImpl.getChildren(CuratorFrameworkImpl.java:456)
	at org.apache.curator.framework.recipes.cache.PathChildrenCache.refresh(PathChildrenCache.java:521)
	at org.apache.curator.framework.recipes.cache.RefreshOperation.invoke(RefreshOperation.java:35)
	at org.apache.curator.framework.recipes.cache.PathChildrenCache$9.run(PathChildrenCache.java:786)
	at java.util.concurrent.Executors$RunnableAdapter.call(Executors.java:511)
	at java.util.concurrent.FutureTask.run(FutureTask.java:266)
	at java.util.concurrent.Executors$RunnableAdapter.call(Executors.java:511)
	at java.util.concurrent.FutureTask.run(FutureTask.java:266)
	at java.util.concurrent.ThreadPoolExecutor.runWorker(ThreadPoolExecutor.java:1149)
	at java.util.concurrent.ThreadPoolExecutor$Worker.run(ThreadPoolExecutor.java:624)
	at java.lang.Thread.run(Thread.java:748)
00:44:34.184 [worker-akka.actor.default-dispatcher-3] ERROR c.s.f.r.WorkerApplication  - Something went wrong during trace flush
java.nio.file.AccessDeniedException: /tmp/trace.csv
	at sun.nio.fs.UnixException.translateToIOException(UnixException.java:84)
	at sun.nio.fs.UnixException.rethrowAsIOException(UnixException.java:102)
	at sun.nio.fs.UnixException.rethrowAsIOException(UnixException.java:107)
	at sun.nio.fs.UnixFileSystemProvider.newByteChannel(UnixFileSystemProvider.java:214)
	at java.nio.file.spi.FileSystemProvider.newOutputStream(FileSystemProvider.java:434)
	at java.nio.file.Files.newOutputStream(Files.java:216)
	at java.nio.file.Files.newBufferedWriter(Files.java:2860)
	at java.nio.file.Files.newBufferedWriter(Files.java:2896)
	at com.spbsu.flamestream.runtime.utils.tracing.Tracing.flush(Tracing.java:35)
	at com.spbsu.flamestream.runtime.WorkerApplication.lambda$run$0(WorkerApplication.java:109)
	at akka.actor.ActorSystemImpl$TerminationCallbacks$$anonfun$addRec$1$1.applyOrElse(ActorSystem.scala:1036)
	at akka.actor.ActorSystemImpl$TerminationCallbacks$$anonfun$addRec$1$1.applyOrElse(ActorSystem.scala:1036)
	at scala.concurrent.Future$$anonfun$andThen$1.apply(Future.scala:436)
	at scala.concurrent.Future$$anonfun$andThen$1.apply(Future.scala:435)
	at scala.concurrent.impl.CallbackRunnable.run(Promise.scala:36)
	at akka.dispatch.BatchingExecutor$AbstractBatch.processBatch(BatchingExecutor.scala:55)
	at akka.dispatch.BatchingExecutor$BlockableBatch$$anonfun$run$1.apply$mcV$sp(BatchingExecutor.scala:91)
	at akka.dispatch.BatchingExecutor$BlockableBatch$$anonfun$run$1.apply(BatchingExecutor.scala:91)
	at akka.dispatch.BatchingExecutor$BlockableBatch$$anonfun$run$1.apply(BatchingExecutor.scala:91)
	at scala.concurrent.BlockContext$.withBlockContext(BlockContext.scala:72)
	at akka.dispatch.BatchingExecutor$BlockableBatch.run(BatchingExecutor.scala:90)
	at akka.dispatch.TaskInvocation.run(AbstractDispatcher.scala:40)
	at akka.dispatch.ForkJoinExecutorConfigurator$AkkaForkJoinTask.exec(ForkJoinExecutorConfigurator.scala:44)
	at akka.dispatch.forkjoin.ForkJoinTask.doExec(ForkJoinTask.java:260)
	at akka.dispatch.forkjoin.ForkJoinPool$WorkQueue.runTask(ForkJoinPool.java:1339)
	at akka.dispatch.forkjoin.ForkJoinPool.runWorker(ForkJoinPool.java:1979)
	at akka.dispatch.forkjoin.ForkJoinWorkerThread.run(ForkJoinWorkerThread.java:107)
Heap
 PSYoungGen      total 148992K, used 125285K [0x00000000f5980000, 0x0000000100000000, 0x0000000100000000)
  eden space 129024K, 96% used [0x00000000f5980000,0x00000000fd359598,0x00000000fd780000)
  from space 19968K, 2% used [0x00000000fd780000,0x00000000fd800060,0x00000000feb00000)
  to   space 18944K, 0% used [0x00000000fed80000,0x00000000fed80000,0x0000000100000000)
 ParOldGen       total 341504K, used 39355K [0x00000000e0c00000, 0x00000000f5980000, 0x00000000f5980000)
  object space 341504K, 11% used [0x00000000e0c00000,0x00000000e326ee20,0x00000000f5980000)
 Metaspace       used 36233K, capacity 37096K, committed 37464K, reserved 1081344K
  class space    used 4972K, capacity 5160K, committed 5248K, reserved 1048576K
