19:18:12,737 |-INFO in ch.qos.logback.classic.LoggerContext[default] - Could NOT find resource [logback-test.xml]
19:18:12,737 |-INFO in ch.qos.logback.classic.LoggerContext[default] - Could NOT find resource [logback.groovy]
19:18:12,737 |-INFO in ch.qos.logback.classic.LoggerContext[default] - Found resource [logback.xml] at [jar:file:/root/flamestream/lib/flamestream-runtime-1.0-SNAPSHOT.jar!/logback.xml]
19:18:12,737 |-WARN in ch.qos.logback.classic.LoggerContext[default] - Resource [logback.xml] occurs multiple times on the classpath.
19:18:12,742 |-WARN in ch.qos.logback.classic.LoggerContext[default] - Resource [logback.xml] occurs at [jar:file:/root/flamestream/lib/flamestream-runtime-1.0-SNAPSHOT.jar!/logback.xml]
19:18:12,742 |-WARN in ch.qos.logback.classic.LoggerContext[default] - Resource [logback.xml] occurs at [jar:file:/root/flamestream/flamestream-runtime-1.0-SNAPSHOT.jar!/logback.xml]
19:18:12,762 |-INFO in ch.qos.logback.core.joran.spi.ConfigurationWatchList@3fb6a447 - URL [jar:file:/root/flamestream/lib/flamestream-runtime-1.0-SNAPSHOT.jar!/logback.xml] is not of type file
19:18:12,828 |-INFO in ch.qos.logback.classic.joran.action.ConfigurationAction - debug attribute not set
19:18:12,828 |-INFO in ch.qos.logback.core.joran.action.AppenderAction - About to instantiate appender of type [ch.qos.logback.core.ConsoleAppender]
19:18:12,844 |-INFO in ch.qos.logback.core.joran.action.AppenderAction - Naming appender as [STDOUT]
19:18:12,864 |-INFO in ch.qos.logback.core.joran.action.NestedComplexPropertyIA - Assuming default type [ch.qos.logback.classic.encoder.PatternLayoutEncoder] for [encoder] property
19:18:12,960 |-INFO in ch.qos.logback.core.joran.action.AppenderAction - About to instantiate appender of type [ch.qos.logback.core.rolling.RollingFileAppender]
19:18:12,964 |-INFO in ch.qos.logback.core.joran.action.AppenderAction - Naming appender as [FILE]
19:18:12,993 |-INFO in c.q.l.core.rolling.TimeBasedRollingPolicy@127618319 - No compression will be used
19:18:12,994 |-INFO in c.q.l.core.rolling.TimeBasedRollingPolicy@127618319 - Will use the pattern /tmp/application_%d{yyyy-MM-dd}.%i.log for the active file
19:18:12,997 |-INFO in ch.qos.logback.core.rolling.SizeAndTimeBasedFNATP@6b2fad11 - The date pattern is 'yyyy-MM-dd' from file name pattern '/tmp/application_%d{yyyy-MM-dd}.%i.log'.
19:18:12,997 |-INFO in ch.qos.logback.core.rolling.SizeAndTimeBasedFNATP@6b2fad11 - Roll-over at midnight.
19:18:13,002 |-INFO in ch.qos.logback.core.rolling.SizeAndTimeBasedFNATP@6b2fad11 - Setting initial period to Mon Jun 10 19:16:39 UTC 2019
19:18:13,002 |-WARN in ch.qos.logback.core.rolling.SizeAndTimeBasedFNATP@6b2fad11 - SizeAndTimeBasedFNATP is deprecated. Use SizeAndTimeBasedRollingPolicy instead
19:18:13,002 |-WARN in ch.qos.logback.core.rolling.SizeAndTimeBasedFNATP@6b2fad11 - For more information see http://logback.qos.ch/manual/appenders.html#SizeAndTimeBasedRollingPolicy
19:18:13,006 |-INFO in ch.qos.logback.core.joran.action.NestedComplexPropertyIA - Assuming default type [ch.qos.logback.classic.encoder.PatternLayoutEncoder] for [encoder] property
19:18:13,011 |-INFO in ch.qos.logback.core.rolling.RollingFileAppender[FILE] - Active log file name: /tmp/application.log
19:18:13,011 |-INFO in ch.qos.logback.core.rolling.RollingFileAppender[FILE] - File property is set to [/tmp/application.log]
19:18:13,012 |-INFO in ch.qos.logback.classic.joran.action.RootLoggerAction - Setting level of ROOT logger to WARN
19:18:13,012 |-INFO in ch.qos.logback.core.joran.action.AppenderRefAction - Attaching appender named [STDOUT] to Logger[ROOT]
19:18:13,014 |-INFO in ch.qos.logback.core.joran.action.AppenderRefAction - Attaching appender named [FILE] to Logger[ROOT]
19:18:13,014 |-INFO in ch.qos.logback.classic.joran.action.ConfigurationAction - End of configuration.
19:18:13,014 |-INFO in ch.qos.logback.classic.joran.JoranConfigurator@79698539 - Registering current configuration as safe fallback point

Ama winner
Ama winner
2019-06-10T19:18:14.276+0000: 1.716: [Full GC (Metadata GC Threshold) 2019-06-10T19:18:14.276+0000: 1.716: [Tenured: 0K->15240K(341376K), 0.0398757 secs] 114923K->15240K(494976K), [Metaspace: 20737K->20737K(1067008K)], 0.0399416 secs] [Times: user=0.04 sys=0.00, real=0.04 secs] 
19:18:37.068 [Curator-PathChildrenCache-1] WARN  o.a.c.u.ZKPaths  - The version of ZooKeeper being used doesn't support Container nodes. CreateMode.PERSISTENT will be used instead.
2019-06-10T19:18:39.303+0000: 26.744: [GC (Allocation Failure) 2019-06-10T19:18:39.303+0000: 26.744: [DefNew: 136576K->17023K(153600K), 0.0249407 secs] 151816K->52737K(494976K), 0.0250092 secs] [Times: user=0.01 sys=0.01, real=0.03 secs] 
2019-06-10T19:18:45.870+0000: 33.311: [Full GC (Metadata GC Threshold) 2019-06-10T19:18:45.871+0000: 33.311: [Tenured: 35713K->44375K(341376K), 0.0553958 secs] 153569K->44375K(494976K), [Metaspace: 34602K->34602K(1079296K)], 0.0565921 secs] [Times: user=0.05 sys=0.01, real=0.06 secs] 
2019-06-10T19:18:54.895+0000: 42.335: [GC (Allocation Failure) 2019-06-10T19:18:54.895+0000: 42.335: [DefNew: 136576K->116K(153600K), 0.0018146 secs] 180951K->44491K(494976K), 0.0018749 secs] [Times: user=0.00 sys=0.00, real=0.00 secs] 
2019-06-10T19:19:03.877+0000: 51.318: [GC (Allocation Failure) 2019-06-10T19:19:03.878+0000: 51.318: [DefNew: 136692K->118K(153600K), 0.0016918 secs] 181067K->44493K(494976K), 0.0017505 secs] [Times: user=0.01 sys=0.00, real=0.00 secs] 
2019-06-10T19:19:13.089+0000: 60.530: [GC (Allocation Failure) 2019-06-10T19:19:13.089+0000: 60.530: [DefNew: 136694K->115K(153600K), 0.0016727 secs] 181069K->44490K(494976K), 0.0017462 secs] [Times: user=0.00 sys=0.00, real=0.00 secs] 
2019-06-10T19:19:23.407+0000: 70.847: [GC (Allocation Failure) 2019-06-10T19:19:23.407+0000: 70.847: [DefNew: 136691K->449K(153600K), 0.0021524 secs] 181066K->44824K(494976K), 0.0022181 secs] [Times: user=0.00 sys=0.00, real=0.00 secs] 
2019-06-10T19:19:34.106+0000: 81.546: [GC (Allocation Failure) 2019-06-10T19:19:34.106+0000: 81.546: [DefNew: 137025K->202K(153600K), 0.0019496 secs] 181400K->44577K(494976K), 0.0020271 secs] [Times: user=0.01 sys=0.00, real=0.00 secs] 
19:19:50.222 [Curator-PathChildrenCache-0] ERROR o.a.c.f.r.c.PathChildrenCache  - 
java.lang.IllegalStateException: instance must be started before calling this method
	at org.apache.curator.shaded.com.google.common.base.Preconditions.checkState(Preconditions.java:444)
	at org.apache.curator.framework.imps.CuratorFrameworkImpl.getChildren(CuratorFrameworkImpl.java:456)
	at org.apache.curator.framework.recipes.cache.PathChildrenCache.refresh(PathChildrenCache.java:521)
	at org.apache.curator.framework.recipes.cache.RefreshOperation.invoke(RefreshOperation.java:35)
	at org.apache.curator.framework.recipes.cache.PathChildrenCache$9.run(PathChildrenCache.java:786)
	at java.util.concurrent.Executors$RunnableAdapter.call(Executors.java:511)
	at java.util.concurrent.FutureTask.run(FutureTask.java:266)
	at java.util.concurrent.Executors$RunnableAdapter.call(Executors.java:511)
	at java.util.concurrent.FutureTask.run(FutureTask.java:266)
	at java.util.concurrent.ThreadPoolExecutor.runWorker(ThreadPoolExecutor.java:1149)
	at java.util.concurrent.ThreadPoolExecutor$Worker.run(ThreadPoolExecutor.java:624)
	at java.lang.Thread.run(Thread.java:748)
Heap
 def new generation   total 153600K, used 132059K [0x00000000e0c00000, 0x00000000eb2a0000, 0x00000000eb2a0000)
  eden space 136576K,  96% used [0x00000000e0c00000, 0x00000000e8cc4318, 0x00000000e9160000)
  from space 17024K,   1% used [0x00000000e9160000, 0x00000000e91929f0, 0x00000000ea200000)
  to   space 17024K,   0% used [0x00000000ea200000, 0x00000000ea200000, 0x00000000eb2a0000)
 tenured generation   total 341376K, used 44375K [0x00000000eb2a0000, 0x0000000100000000, 0x0000000100000000)
   the space 341376K,  12% used [0x00000000eb2a0000, 0x00000000eddf5c68, 0x00000000eddf5e00, 0x0000000100000000)
 Metaspace       used 36151K, capacity 37050K, committed 37376K, reserved 1081344K
  class space    used 4854K, capacity 5073K, committed 5120K, reserved 1048576K
