01:18:02,088 |-INFO in ch.qos.logback.classic.LoggerContext[default] - Could NOT find resource [logback-test.xml]
01:18:02,088 |-INFO in ch.qos.logback.classic.LoggerContext[default] - Could NOT find resource [logback.groovy]
01:18:02,088 |-INFO in ch.qos.logback.classic.LoggerContext[default] - Found resource [logback.xml] at [jar:file:/home/nikitasokolov/flamestream/lib/flamestream-runtime-1.0-SNAPSHOT.jar!/logback.xml]
01:18:02,089 |-WARN in ch.qos.logback.classic.LoggerContext[default] - Resource [logback.xml] occurs multiple times on the classpath.
01:18:02,089 |-WARN in ch.qos.logback.classic.LoggerContext[default] - Resource [logback.xml] occurs at [jar:file:/home/nikitasokolov/flamestream/lib/flamestream-runtime-1.0-SNAPSHOT.jar!/logback.xml]
01:18:02,089 |-WARN in ch.qos.logback.classic.LoggerContext[default] - Resource [logback.xml] occurs at [jar:file:/home/nikitasokolov/flamestream/flamestream-runtime-1.0-SNAPSHOT.jar!/logback.xml]
01:18:02,106 |-INFO in ch.qos.logback.core.joran.spi.ConfigurationWatchList@2f7a2457 - URL [jar:file:/home/nikitasokolov/flamestream/lib/flamestream-runtime-1.0-SNAPSHOT.jar!/logback.xml] is not of type file
01:18:02,157 |-INFO in ch.qos.logback.classic.joran.action.ConfigurationAction - debug attribute not set
01:18:02,158 |-INFO in ch.qos.logback.core.joran.action.AppenderAction - About to instantiate appender of type [ch.qos.logback.core.ConsoleAppender]
01:18:02,166 |-INFO in ch.qos.logback.core.joran.action.AppenderAction - Naming appender as [STDOUT]
01:18:02,175 |-INFO in ch.qos.logback.core.joran.action.NestedComplexPropertyIA - Assuming default type [ch.qos.logback.classic.encoder.PatternLayoutEncoder] for [encoder] property
01:18:02,229 |-INFO in ch.qos.logback.core.joran.action.AppenderAction - About to instantiate appender of type [ch.qos.logback.core.rolling.RollingFileAppender]
01:18:02,234 |-INFO in ch.qos.logback.core.joran.action.AppenderAction - Naming appender as [FILE]
01:18:02,256 |-INFO in c.q.l.core.rolling.TimeBasedRollingPolicy@1449621165 - No compression will be used
01:18:02,257 |-INFO in c.q.l.core.rolling.TimeBasedRollingPolicy@1449621165 - Will use the pattern /tmp/application_%d{yyyy-MM-dd}.%i.log for the active file
01:18:02,260 |-INFO in ch.qos.logback.core.rolling.SizeAndTimeBasedFNATP@6108b2d7 - The date pattern is 'yyyy-MM-dd' from file name pattern '/tmp/application_%d{yyyy-MM-dd}.%i.log'.
01:18:02,260 |-INFO in ch.qos.logback.core.rolling.SizeAndTimeBasedFNATP@6108b2d7 - Roll-over at midnight.
01:18:02,264 |-INFO in ch.qos.logback.core.rolling.SizeAndTimeBasedFNATP@6108b2d7 - Setting initial period to Sat Jun 08 01:17:23 MSK 2019
01:18:02,264 |-WARN in ch.qos.logback.core.rolling.SizeAndTimeBasedFNATP@6108b2d7 - SizeAndTimeBasedFNATP is deprecated. Use SizeAndTimeBasedRollingPolicy instead
01:18:02,264 |-WARN in ch.qos.logback.core.rolling.SizeAndTimeBasedFNATP@6108b2d7 - For more information see http://logback.qos.ch/manual/appenders.html#SizeAndTimeBasedRollingPolicy
01:18:02,269 |-INFO in ch.qos.logback.core.joran.action.NestedComplexPropertyIA - Assuming default type [ch.qos.logback.classic.encoder.PatternLayoutEncoder] for [encoder] property
01:18:02,271 |-INFO in ch.qos.logback.core.rolling.RollingFileAppender[FILE] - Active log file name: /tmp/application.log
01:18:02,271 |-INFO in ch.qos.logback.core.rolling.RollingFileAppender[FILE] - File property is set to [/tmp/application.log]
01:18:02,272 |-INFO in ch.qos.logback.classic.joran.action.RootLoggerAction - Setting level of ROOT logger to WARN
01:18:02,272 |-INFO in ch.qos.logback.core.joran.action.AppenderRefAction - Attaching appender named [STDOUT] to Logger[ROOT]
01:18:02,273 |-INFO in ch.qos.logback.core.joran.action.AppenderRefAction - Attaching appender named [FILE] to Logger[ROOT]
01:18:02,273 |-INFO in ch.qos.logback.classic.joran.action.ConfigurationAction - End of configuration.
01:18:02,274 |-INFO in ch.qos.logback.classic.joran.JoranConfigurator@1554909b - Registering current configuration as safe fallback point

2019-06-08T01:18:03.292+0300: 1.410: [GC (Metadata GC Threshold) [PSYoungGen: 108082K->15967K(149504K)] 108082K->16047K(491008K), 0.0208304 secs] [Times: user=0.10 sys=0.03, real=0.02 secs] 
2019-06-08T01:18:03.312+0300: 1.431: [Full GC (Metadata GC Threshold) [PSYoungGen: 15967K->0K(149504K)] [ParOldGen: 80K->15080K(341504K)] 16047K->15080K(491008K), [Metaspace: 20804K->20804K(1067008K)], 0.0260375 secs] [Times: user=0.17 sys=0.00, real=0.03 secs] 
01:18:13.132 [Curator-PathChildrenCache-2] WARN  o.a.c.u.ZKPaths  - The version of ZooKeeper being used doesn't support Container nodes. CreateMode.PERSISTENT will be used instead.
2019-06-08T01:18:13.796+0300: 11.915: [GC (Metadata GC Threshold) [PSYoungGen: 123221K->16232K(149504K)] 138302K->50852K(491008K), 0.0333600 secs] [Times: user=0.27 sys=0.02, real=0.03 secs] 
2019-06-08T01:18:13.830+0300: 11.948: [Full GC (Metadata GC Threshold) [PSYoungGen: 16232K->0K(149504K)] [ParOldGen: 34620K->39459K(341504K)] 50852K->39459K(491008K), [Metaspace: 34457K->34457K(1079296K)], 0.0358979 secs] [Times: user=0.18 sys=0.02, real=0.03 secs] 
2019-06-08T01:18:15.117+0300: 13.236: [GC (Allocation Failure) [PSYoungGen: 128512K->576K(149504K)] 167971K->40043K(491008K), 0.0026025 secs] [Times: user=0.01 sys=0.00, real=0.01 secs] 
2019-06-08T01:18:16.439+0300: 14.558: [GC (Allocation Failure) [PSYoungGen: 129088K->544K(149504K)] 168555K->40019K(491008K), 0.0024973 secs] [Times: user=0.01 sys=0.00, real=0.00 secs] 
2019-06-08T01:18:17.889+0300: 16.007: [GC (Allocation Failure) [PSYoungGen: 129056K->608K(129536K)] 168531K->40091K(471040K), 0.0031891 secs] [Times: user=0.02 sys=0.00, real=0.01 secs] 
2019-06-08T01:18:19.222+0300: 17.340: [GC (Allocation Failure) [PSYoungGen: 129120K->736K(149504K)] 168603K->40227K(491008K), 0.0038969 secs] [Times: user=0.03 sys=0.01, real=0.00 secs] 
2019-06-08T01:18:20.681+0300: 18.799: [GC (Allocation Failure) [PSYoungGen: 128736K->736K(148992K)] 168227K->40227K(490496K), 0.0031773 secs] [Times: user=0.01 sys=0.00, real=0.00 secs] 
2019-06-08T01:18:22.122+0300: 20.241: [GC (Allocation Failure) [PSYoungGen: 128736K->704K(151552K)] 168227K->40203K(493056K), 0.0026707 secs] [Times: user=0.01 sys=0.00, real=0.00 secs] 
01:18:28.259 [Curator-PathChildrenCache-0] ERROR o.a.c.f.r.c.PathChildrenCache  - 
java.lang.IllegalStateException: instance must be started before calling this method
	at org.apache.curator.shaded.com.google.common.base.Preconditions.checkState(Preconditions.java:444)
	at org.apache.curator.framework.imps.CuratorFrameworkImpl.getChildren(CuratorFrameworkImpl.java:456)
	at org.apache.curator.framework.recipes.cache.PathChildrenCache.refresh(PathChildrenCache.java:521)
	at org.apache.curator.framework.recipes.cache.RefreshOperation.invoke(RefreshOperation.java:35)
	at org.apache.curator.framework.recipes.cache.PathChildrenCache$9.run(PathChildrenCache.java:786)
	at java.util.concurrent.Executors$RunnableAdapter.call(Executors.java:511)
	at java.util.concurrent.FutureTask.run(FutureTask.java:266)
	at java.util.concurrent.Executors$RunnableAdapter.call(Executors.java:511)
	at java.util.concurrent.FutureTask.run(FutureTask.java:266)
	at java.util.concurrent.ThreadPoolExecutor.runWorker(ThreadPoolExecutor.java:1149)
	at java.util.concurrent.ThreadPoolExecutor$Worker.run(ThreadPoolExecutor.java:624)
	at java.lang.Thread.run(Thread.java:748)
Heap
 PSYoungGen      total 151552K, used 39304K [0x00000000f5980000, 0x0000000100000000, 0x0000000100000000)
  eden space 131584K, 29% used [0x00000000f5980000,0x00000000f7f32008,0x00000000fda00000)
  from space 19968K, 3% used [0x00000000fec80000,0x00000000fed30080,0x0000000100000000)
  to   space 18944K, 0% used [0x00000000fda00000,0x00000000fda00000,0x00000000fec80000)
 ParOldGen       total 341504K, used 39499K [0x00000000e0c00000, 0x00000000f5980000, 0x00000000f5980000)
  object space 341504K, 11% used [0x00000000e0c00000,0x00000000e3292e50,0x00000000f5980000)
 Metaspace       used 36039K, capacity 37092K, committed 37208K, reserved 1081344K
  class space    used 4982K, capacity 5196K, committed 5248K, reserved 1048576K
