13:23:13,098 |-INFO in ch.qos.logback.classic.LoggerContext[default] - Could NOT find resource [logback-test.xml]
13:23:13,098 |-INFO in ch.qos.logback.classic.LoggerContext[default] - Could NOT find resource [logback.groovy]
13:23:13,099 |-INFO in ch.qos.logback.classic.LoggerContext[default] - Found resource [logback.xml] at [jar:file:/root/flamestream/lib/flamestream-runtime-1.0-SNAPSHOT.jar!/logback.xml]
13:23:13,099 |-WARN in ch.qos.logback.classic.LoggerContext[default] - Resource [logback.xml] occurs multiple times on the classpath.
13:23:13,100 |-WARN in ch.qos.logback.classic.LoggerContext[default] - Resource [logback.xml] occurs at [jar:file:/root/flamestream/lib/flamestream-runtime-1.0-SNAPSHOT.jar!/logback.xml]
13:23:13,100 |-WARN in ch.qos.logback.classic.LoggerContext[default] - Resource [logback.xml] occurs at [jar:file:/root/flamestream/flamestream-runtime-1.0-SNAPSHOT.jar!/logback.xml]
13:23:13,120 |-INFO in ch.qos.logback.core.joran.spi.ConfigurationWatchList@3fb6a447 - URL [jar:file:/root/flamestream/lib/flamestream-runtime-1.0-SNAPSHOT.jar!/logback.xml] is not of type file
13:23:13,195 |-INFO in ch.qos.logback.classic.joran.action.ConfigurationAction - debug attribute not set
13:23:13,196 |-INFO in ch.qos.logback.core.joran.action.AppenderAction - About to instantiate appender of type [ch.qos.logback.core.ConsoleAppender]
13:23:13,208 |-INFO in ch.qos.logback.core.joran.action.AppenderAction - Naming appender as [STDOUT]
13:23:13,230 |-INFO in ch.qos.logback.core.joran.action.NestedComplexPropertyIA - Assuming default type [ch.qos.logback.classic.encoder.PatternLayoutEncoder] for [encoder] property
13:23:13,316 |-INFO in ch.qos.logback.core.joran.action.AppenderAction - About to instantiate appender of type [ch.qos.logback.core.rolling.RollingFileAppender]
13:23:13,321 |-INFO in ch.qos.logback.core.joran.action.AppenderAction - Naming appender as [FILE]
13:23:13,352 |-INFO in c.q.l.core.rolling.TimeBasedRollingPolicy@127618319 - No compression will be used
13:23:13,353 |-INFO in c.q.l.core.rolling.TimeBasedRollingPolicy@127618319 - Will use the pattern /tmp/application_%d{yyyy-MM-dd}.%i.log for the active file
13:23:13,356 |-INFO in ch.qos.logback.core.rolling.SizeAndTimeBasedFNATP@6b2fad11 - The date pattern is 'yyyy-MM-dd' from file name pattern '/tmp/application_%d{yyyy-MM-dd}.%i.log'.
13:23:13,356 |-INFO in ch.qos.logback.core.rolling.SizeAndTimeBasedFNATP@6b2fad11 - Roll-over at midnight.
13:23:13,361 |-INFO in ch.qos.logback.core.rolling.SizeAndTimeBasedFNATP@6b2fad11 - Setting initial period to Mon Jun 10 13:22:03 UTC 2019
13:23:13,362 |-WARN in ch.qos.logback.core.rolling.SizeAndTimeBasedFNATP@6b2fad11 - SizeAndTimeBasedFNATP is deprecated. Use SizeAndTimeBasedRollingPolicy instead
13:23:13,362 |-WARN in ch.qos.logback.core.rolling.SizeAndTimeBasedFNATP@6b2fad11 - For more information see http://logback.qos.ch/manual/appenders.html#SizeAndTimeBasedRollingPolicy
13:23:13,365 |-INFO in ch.qos.logback.core.joran.action.NestedComplexPropertyIA - Assuming default type [ch.qos.logback.classic.encoder.PatternLayoutEncoder] for [encoder] property
13:23:13,370 |-INFO in ch.qos.logback.core.rolling.RollingFileAppender[FILE] - Active log file name: /tmp/application.log
13:23:13,370 |-INFO in ch.qos.logback.core.rolling.RollingFileAppender[FILE] - File property is set to [/tmp/application.log]
13:23:13,371 |-INFO in ch.qos.logback.classic.joran.action.RootLoggerAction - Setting level of ROOT logger to WARN
13:23:13,371 |-INFO in ch.qos.logback.core.joran.action.AppenderRefAction - Attaching appender named [STDOUT] to Logger[ROOT]
13:23:13,373 |-INFO in ch.qos.logback.core.joran.action.AppenderRefAction - Attaching appender named [FILE] to Logger[ROOT]
13:23:13,373 |-INFO in ch.qos.logback.classic.joran.action.ConfigurationAction - End of configuration.
13:23:13,374 |-INFO in ch.qos.logback.classic.joran.JoranConfigurator@79698539 - Registering current configuration as safe fallback point

Ama winner
Ama winner
2019-06-10T13:23:14.699+0000: 1.792: [Full GC (Metadata GC Threshold) 2019-06-10T13:23:14.699+0000: 1.792: [Tenured: 0K->15177K(341376K), 0.0418842 secs] 114987K->15177K(494976K), [Metaspace: 20740K->20740K(1067008K)], 0.0419504 secs] [Times: user=0.03 sys=0.01, real=0.04 secs] 
13:23:32.668 [Curator-PathChildrenCache-1] WARN  o.a.c.u.ZKPaths  - The version of ZooKeeper being used doesn't support Container nodes. CreateMode.PERSISTENT will be used instead.
2019-06-10T13:23:35.278+0000: 22.371: [GC (Allocation Failure) 2019-06-10T13:23:35.278+0000: 22.371: [DefNew: 136576K->17023K(153600K), 0.0263742 secs] 151753K->52549K(494976K), 0.0264696 secs] [Times: user=0.02 sys=0.00, real=0.02 secs] 
2019-06-10T13:23:37.220+0000: 24.313: [Full GC (Metadata GC Threshold) 2019-06-10T13:23:37.220+0000: 24.313: [Tenured: 35525K->44126K(341376K), 0.0419603 secs] 93547K->44126K(494976K), [Metaspace: 34608K->34608K(1079296K)], 0.0420319 secs] [Times: user=0.04 sys=0.00, real=0.04 secs] 
2019-06-10T13:23:44.724+0000: 31.817: [GC (Allocation Failure) 2019-06-10T13:23:44.724+0000: 31.817: [DefNew: 136576K->84K(153600K), 0.0020684 secs] 180702K->44210K(494976K), 0.0021407 secs] [Times: user=0.00 sys=0.00, real=0.01 secs] 
2019-06-10T13:23:52.176+0000: 39.269: [GC (Allocation Failure) 2019-06-10T13:23:52.176+0000: 39.269: [DefNew: 136660K->85K(153600K), 0.0018761 secs] 180786K->44212K(494976K), 0.0019466 secs] [Times: user=0.00 sys=0.00, real=0.01 secs] 
2019-06-10T13:23:59.727+0000: 46.819: [GC (Allocation Failure) 2019-06-10T13:23:59.727+0000: 46.819: [DefNew: 136661K->84K(153600K), 0.0018549 secs] 180788K->44210K(494976K), 0.0019250 secs] [Times: user=0.00 sys=0.00, real=0.00 secs] 
2019-06-10T13:24:07.268+0000: 54.360: [GC (Allocation Failure) 2019-06-10T13:24:07.268+0000: 54.360: [DefNew: 136660K->89K(153600K), 0.0019542 secs] 180786K->44216K(494976K), 0.0020134 secs] [Times: user=0.00 sys=0.00, real=0.00 secs] 
2019-06-10T13:24:14.846+0000: 61.939: [GC (Allocation Failure) 2019-06-10T13:24:14.847+0000: 61.939: [DefNew: 136665K->160K(153600K), 0.0020098 secs] 180792K->44287K(494976K), 0.0020668 secs] [Times: user=0.01 sys=0.00, real=0.00 secs] 
13:24:32.690 [Curator-PathChildrenCache-0] ERROR o.a.c.f.r.c.PathChildrenCache  - 
java.lang.IllegalStateException: instance must be started before calling this method
	at org.apache.curator.shaded.com.google.common.base.Preconditions.checkState(Preconditions.java:444)
	at org.apache.curator.framework.imps.CuratorFrameworkImpl.getChildren(CuratorFrameworkImpl.java:456)
	at org.apache.curator.framework.recipes.cache.PathChildrenCache.refresh(PathChildrenCache.java:521)
	at org.apache.curator.framework.recipes.cache.RefreshOperation.invoke(RefreshOperation.java:35)
	at org.apache.curator.framework.recipes.cache.PathChildrenCache$9.run(PathChildrenCache.java:786)
	at java.util.concurrent.Executors$RunnableAdapter.call(Executors.java:511)
	at java.util.concurrent.FutureTask.run(FutureTask.java:266)
	at java.util.concurrent.Executors$RunnableAdapter.call(Executors.java:511)
	at java.util.concurrent.FutureTask.run(FutureTask.java:266)
	at java.util.concurrent.ThreadPoolExecutor.runWorker(ThreadPoolExecutor.java:1149)
	at java.util.concurrent.ThreadPoolExecutor$Worker.run(ThreadPoolExecutor.java:624)
	at java.lang.Thread.run(Thread.java:748)
2019-06-10T13:24:33.002+0000: 80.095: [GC (Allocation Failure) 2019-06-10T13:24:33.002+0000: 80.095: [DefNew: 136736K->1073K(153600K), 0.0035799 secs] 180863K->45200K(494976K), 0.0036465 secs] [Times: user=0.00 sys=0.00, real=0.01 secs] 
Heap
 def new generation   total 153600K, used 9724K [0x00000000e0c00000, 0x00000000eb2a0000, 0x00000000eb2a0000)
  eden space 136576K,   6% used [0x00000000e0c00000, 0x00000000e1472a58, 0x00000000e9160000)
  from space 17024K,   6% used [0x00000000ea200000, 0x00000000ea30c720, 0x00000000eb2a0000)
  to   space 17024K,   0% used [0x00000000e9160000, 0x00000000e9160000, 0x00000000ea200000)
 tenured generation   total 341376K, used 44126K [0x00000000eb2a0000, 0x0000000100000000, 0x0000000100000000)
   the space 341376K,  12% used [0x00000000eb2a0000, 0x00000000eddb79e0, 0x00000000eddb7a00, 0x0000000100000000)
 Metaspace       used 36275K, capacity 37200K, committed 37376K, reserved 1081344K
  class space    used 4857K, capacity 5076K, committed 5120K, reserved 1048576K
