07:26:16,149 |-INFO in ch.qos.logback.classic.LoggerContext[default] - Could NOT find resource [logback-test.xml]
07:26:16,149 |-INFO in ch.qos.logback.classic.LoggerContext[default] - Could NOT find resource [logback.groovy]
07:26:16,150 |-INFO in ch.qos.logback.classic.LoggerContext[default] - Found resource [logback.xml] at [jar:file:/root/flamestream/lib/flamestream-runtime-1.0-SNAPSHOT.jar!/logback.xml]
07:26:16,151 |-WARN in ch.qos.logback.classic.LoggerContext[default] - Resource [logback.xml] occurs multiple times on the classpath.
07:26:16,151 |-WARN in ch.qos.logback.classic.LoggerContext[default] - Resource [logback.xml] occurs at [jar:file:/root/flamestream/lib/flamestream-runtime-1.0-SNAPSHOT.jar!/logback.xml]
07:26:16,151 |-WARN in ch.qos.logback.classic.LoggerContext[default] - Resource [logback.xml] occurs at [jar:file:/root/flamestream/flamestream-runtime-1.0-SNAPSHOT.jar!/logback.xml]
07:26:16,171 |-INFO in ch.qos.logback.core.joran.spi.ConfigurationWatchList@3fb6a447 - URL [jar:file:/root/flamestream/lib/flamestream-runtime-1.0-SNAPSHOT.jar!/logback.xml] is not of type file
07:26:16,241 |-INFO in ch.qos.logback.classic.joran.action.ConfigurationAction - debug attribute not set
07:26:16,242 |-INFO in ch.qos.logback.core.joran.action.AppenderAction - About to instantiate appender of type [ch.qos.logback.core.ConsoleAppender]
07:26:16,260 |-INFO in ch.qos.logback.core.joran.action.AppenderAction - Naming appender as [STDOUT]
07:26:16,278 |-INFO in ch.qos.logback.core.joran.action.NestedComplexPropertyIA - Assuming default type [ch.qos.logback.classic.encoder.PatternLayoutEncoder] for [encoder] property
07:26:16,360 |-INFO in ch.qos.logback.core.joran.action.AppenderAction - About to instantiate appender of type [ch.qos.logback.core.rolling.RollingFileAppender]
07:26:16,369 |-INFO in ch.qos.logback.core.joran.action.AppenderAction - Naming appender as [FILE]
07:26:16,401 |-INFO in c.q.l.core.rolling.TimeBasedRollingPolicy@127618319 - No compression will be used
07:26:16,402 |-INFO in c.q.l.core.rolling.TimeBasedRollingPolicy@127618319 - Will use the pattern /tmp/application_%d{yyyy-MM-dd}.%i.log for the active file
07:26:16,405 |-INFO in ch.qos.logback.core.rolling.SizeAndTimeBasedFNATP@6b2fad11 - The date pattern is 'yyyy-MM-dd' from file name pattern '/tmp/application_%d{yyyy-MM-dd}.%i.log'.
07:26:16,405 |-INFO in ch.qos.logback.core.rolling.SizeAndTimeBasedFNATP@6b2fad11 - Roll-over at midnight.
07:26:16,411 |-INFO in ch.qos.logback.core.rolling.SizeAndTimeBasedFNATP@6b2fad11 - Setting initial period to Tue Jun 11 07:24:44 UTC 2019
07:26:16,411 |-WARN in ch.qos.logback.core.rolling.SizeAndTimeBasedFNATP@6b2fad11 - SizeAndTimeBasedFNATP is deprecated. Use SizeAndTimeBasedRollingPolicy instead
07:26:16,411 |-WARN in ch.qos.logback.core.rolling.SizeAndTimeBasedFNATP@6b2fad11 - For more information see http://logback.qos.ch/manual/appenders.html#SizeAndTimeBasedRollingPolicy
07:26:16,415 |-INFO in ch.qos.logback.core.joran.action.NestedComplexPropertyIA - Assuming default type [ch.qos.logback.classic.encoder.PatternLayoutEncoder] for [encoder] property
07:26:16,419 |-INFO in ch.qos.logback.core.rolling.RollingFileAppender[FILE] - Active log file name: /tmp/application.log
07:26:16,419 |-INFO in ch.qos.logback.core.rolling.RollingFileAppender[FILE] - File property is set to [/tmp/application.log]
07:26:16,420 |-INFO in ch.qos.logback.classic.joran.action.RootLoggerAction - Setting level of ROOT logger to WARN
07:26:16,420 |-INFO in ch.qos.logback.core.joran.action.AppenderRefAction - Attaching appender named [STDOUT] to Logger[ROOT]
07:26:16,422 |-INFO in ch.qos.logback.core.joran.action.AppenderRefAction - Attaching appender named [FILE] to Logger[ROOT]
07:26:16,422 |-INFO in ch.qos.logback.classic.joran.action.ConfigurationAction - End of configuration.
07:26:16,423 |-INFO in ch.qos.logback.classic.joran.JoranConfigurator@79698539 - Registering current configuration as safe fallback point

Ama winner
Ama winner
2019-06-11T07:26:17.729+0000: 1.767: [Full GC (Metadata GC Threshold) 2019-06-11T07:26:17.729+0000: 1.767: [Tenured: 0K->15240K(341376K), 0.0402392 secs] 114923K->15240K(494976K), [Metaspace: 20738K->20738K(1067008K)], 0.0403092 secs] [Times: user=0.04 sys=0.00, real=0.04 secs] 
07:26:35.446 [Curator-PathChildrenCache-2] WARN  o.a.c.u.ZKPaths  - The version of ZooKeeper being used doesn't support Container nodes. CreateMode.PERSISTENT will be used instead.
2019-06-11T07:26:37.453+0000: 21.491: [GC (Allocation Failure) 2019-06-11T07:26:37.453+0000: 21.491: [DefNew: 136576K->17023K(153600K), 0.0373299 secs] 151816K->52896K(494976K), 0.0374009 secs] [Times: user=0.03 sys=0.01, real=0.04 secs] 
2019-06-11T07:26:37.817+0000: 21.855: [Full GC (Metadata GC Threshold) 2019-06-11T07:26:37.817+0000: 21.855: [Tenured: 35872K->44569K(341376K), 0.0365916 secs] 70933K->44569K(494976K), [Metaspace: 34482K->34482K(1079296K)], 0.0366675 secs] [Times: user=0.03 sys=0.01, real=0.03 secs] 
2019-06-11T07:26:39.744+0000: 23.783: [GC (Allocation Failure) 2019-06-11T07:26:39.744+0000: 23.783: [DefNew: 136576K->663K(153600K), 0.0030009 secs] 181145K->45232K(494976K), 0.0030573 secs] [Times: user=0.01 sys=0.00, real=0.00 secs] 
2019-06-11T07:26:40.860+0000: 24.898: [GC (Allocation Failure) 2019-06-11T07:26:40.860+0000: 24.898: [DefNew: 137239K->118K(153600K), 0.0018916 secs] 181808K->44687K(494976K), 0.0019521 secs] [Times: user=0.00 sys=0.00, real=0.00 secs] 
2019-06-11T07:26:41.974+0000: 26.012: [GC (Allocation Failure) 2019-06-11T07:26:41.974+0000: 26.012: [DefNew: 136694K->128K(153600K), 0.0019202 secs] 181263K->44697K(494976K), 0.0019792 secs] [Times: user=0.00 sys=0.00, real=0.00 secs] 
2019-06-11T07:26:43.119+0000: 27.157: [GC (Allocation Failure) 2019-06-11T07:26:43.119+0000: 27.157: [DefNew: 136704K->137K(153600K), 0.0019376 secs] 181273K->44706K(494976K), 0.0019955 secs] [Times: user=0.00 sys=0.00, real=0.00 secs] 
2019-06-11T07:26:44.294+0000: 28.332: [GC (Allocation Failure) 2019-06-11T07:26:44.294+0000: 28.333: [DefNew: 136713K->137K(153600K), 0.0019254 secs] 181282K->44706K(494976K), 0.0019852 secs] [Times: user=0.01 sys=0.00, real=0.00 secs] 
2019-06-11T07:26:45.508+0000: 29.546: [GC (Allocation Failure) 2019-06-11T07:26:45.508+0000: 29.546: [DefNew: 136713K->144K(153600K), 0.0019438 secs] 181282K->44713K(494976K), 0.0020013 secs] [Times: user=0.00 sys=0.00, real=0.01 secs] 
07:26:55.292 [Curator-PathChildrenCache-0] ERROR o.a.c.f.r.c.PathChildrenCache  - 
java.lang.IllegalStateException: instance must be started before calling this method
	at org.apache.curator.shaded.com.google.common.base.Preconditions.checkState(Preconditions.java:444)
	at org.apache.curator.framework.imps.CuratorFrameworkImpl.getChildren(CuratorFrameworkImpl.java:456)
	at org.apache.curator.framework.recipes.cache.PathChildrenCache.refresh(PathChildrenCache.java:521)
	at org.apache.curator.framework.recipes.cache.RefreshOperation.invoke(RefreshOperation.java:35)
	at org.apache.curator.framework.recipes.cache.PathChildrenCache$9.run(PathChildrenCache.java:786)
	at java.util.concurrent.Executors$RunnableAdapter.call(Executors.java:511)
	at java.util.concurrent.FutureTask.run(FutureTask.java:266)
	at java.util.concurrent.Executors$RunnableAdapter.call(Executors.java:511)
	at java.util.concurrent.FutureTask.run(FutureTask.java:266)
	at java.util.concurrent.ThreadPoolExecutor.runWorker(ThreadPoolExecutor.java:1149)
	at java.util.concurrent.ThreadPoolExecutor$Worker.run(ThreadPoolExecutor.java:624)
	at java.lang.Thread.run(Thread.java:748)
Heap
 def new generation   total 153600K, used 135225K [0x00000000e0c00000, 0x00000000eb2a0000, 0x00000000eb2a0000)
  eden space 136576K,  98% used [0x00000000e0c00000, 0x00000000e8fea288, 0x00000000e9160000)
  from space 17024K,   0% used [0x00000000ea200000, 0x00000000ea224268, 0x00000000eb2a0000)
  to   space 17024K,   0% used [0x00000000e9160000, 0x00000000e9160000, 0x00000000ea200000)
 tenured generation   total 341376K, used 44569K [0x00000000eb2a0000, 0x0000000100000000, 0x0000000100000000)
   the space 341376K,  13% used [0x00000000eb2a0000, 0x00000000ede26420, 0x00000000ede26600, 0x0000000100000000)
 Metaspace       used 35881K, capacity 36846K, committed 37120K, reserved 1081344K
  class space    used 4871K, capacity 5067K, committed 5120K, reserved 1048576K
