07:20:57,558 |-INFO in ch.qos.logback.classic.LoggerContext[default] - Could NOT find resource [logback-test.xml]
07:20:57,558 |-INFO in ch.qos.logback.classic.LoggerContext[default] - Could NOT find resource [logback.groovy]
07:20:57,559 |-INFO in ch.qos.logback.classic.LoggerContext[default] - Found resource [logback.xml] at [jar:file:/root/flamestream/lib/flamestream-runtime-1.0-SNAPSHOT.jar!/logback.xml]
07:20:57,560 |-WARN in ch.qos.logback.classic.LoggerContext[default] - Resource [logback.xml] occurs multiple times on the classpath.
07:20:57,560 |-WARN in ch.qos.logback.classic.LoggerContext[default] - Resource [logback.xml] occurs at [jar:file:/root/flamestream/lib/flamestream-runtime-1.0-SNAPSHOT.jar!/logback.xml]
07:20:57,560 |-WARN in ch.qos.logback.classic.LoggerContext[default] - Resource [logback.xml] occurs at [jar:file:/root/flamestream/flamestream-runtime-1.0-SNAPSHOT.jar!/logback.xml]
07:20:57,580 |-INFO in ch.qos.logback.core.joran.spi.ConfigurationWatchList@3fb6a447 - URL [jar:file:/root/flamestream/lib/flamestream-runtime-1.0-SNAPSHOT.jar!/logback.xml] is not of type file
07:20:57,647 |-INFO in ch.qos.logback.classic.joran.action.ConfigurationAction - debug attribute not set
07:20:57,648 |-INFO in ch.qos.logback.core.joran.action.AppenderAction - About to instantiate appender of type [ch.qos.logback.core.ConsoleAppender]
07:20:57,664 |-INFO in ch.qos.logback.core.joran.action.AppenderAction - Naming appender as [STDOUT]
07:20:57,682 |-INFO in ch.qos.logback.core.joran.action.NestedComplexPropertyIA - Assuming default type [ch.qos.logback.classic.encoder.PatternLayoutEncoder] for [encoder] property
07:20:57,774 |-INFO in ch.qos.logback.core.joran.action.AppenderAction - About to instantiate appender of type [ch.qos.logback.core.rolling.RollingFileAppender]
07:20:57,779 |-INFO in ch.qos.logback.core.joran.action.AppenderAction - Naming appender as [FILE]
07:20:57,810 |-INFO in c.q.l.core.rolling.TimeBasedRollingPolicy@127618319 - No compression will be used
07:20:57,812 |-INFO in c.q.l.core.rolling.TimeBasedRollingPolicy@127618319 - Will use the pattern /tmp/application_%d{yyyy-MM-dd}.%i.log for the active file
07:20:57,815 |-INFO in ch.qos.logback.core.rolling.SizeAndTimeBasedFNATP@6b2fad11 - The date pattern is 'yyyy-MM-dd' from file name pattern '/tmp/application_%d{yyyy-MM-dd}.%i.log'.
07:20:57,815 |-INFO in ch.qos.logback.core.rolling.SizeAndTimeBasedFNATP@6b2fad11 - Roll-over at midnight.
07:20:57,820 |-INFO in ch.qos.logback.core.rolling.SizeAndTimeBasedFNATP@6b2fad11 - Setting initial period to Tue Jun 11 07:19:15 UTC 2019
07:20:57,820 |-WARN in ch.qos.logback.core.rolling.SizeAndTimeBasedFNATP@6b2fad11 - SizeAndTimeBasedFNATP is deprecated. Use SizeAndTimeBasedRollingPolicy instead
07:20:57,820 |-WARN in ch.qos.logback.core.rolling.SizeAndTimeBasedFNATP@6b2fad11 - For more information see http://logback.qos.ch/manual/appenders.html#SizeAndTimeBasedRollingPolicy
07:20:57,824 |-INFO in ch.qos.logback.core.joran.action.NestedComplexPropertyIA - Assuming default type [ch.qos.logback.classic.encoder.PatternLayoutEncoder] for [encoder] property
07:20:57,829 |-INFO in ch.qos.logback.core.rolling.RollingFileAppender[FILE] - Active log file name: /tmp/application.log
07:20:57,829 |-INFO in ch.qos.logback.core.rolling.RollingFileAppender[FILE] - File property is set to [/tmp/application.log]
07:20:57,830 |-INFO in ch.qos.logback.classic.joran.action.RootLoggerAction - Setting level of ROOT logger to WARN
07:20:57,830 |-INFO in ch.qos.logback.core.joran.action.AppenderRefAction - Attaching appender named [STDOUT] to Logger[ROOT]
07:20:57,832 |-INFO in ch.qos.logback.core.joran.action.AppenderRefAction - Attaching appender named [FILE] to Logger[ROOT]
07:20:57,832 |-INFO in ch.qos.logback.classic.joran.action.ConfigurationAction - End of configuration.
07:20:57,833 |-INFO in ch.qos.logback.classic.joran.JoranConfigurator@79698539 - Registering current configuration as safe fallback point

Ama winner
Ama winner
2019-06-11T07:20:59.155+0000: 1.782: [Full GC (Metadata GC Threshold) 2019-06-11T07:20:59.155+0000: 1.782: [Tenured: 0K->15207K(341376K), 0.0403570 secs] 114986K->15207K(494976K), [Metaspace: 20729K->20729K(1067008K)], 0.0404263 secs] [Times: user=0.03 sys=0.00, real=0.04 secs] 
07:21:16.478 [Curator-PathChildrenCache-1] WARN  o.a.c.u.ZKPaths  - The version of ZooKeeper being used doesn't support Container nodes. CreateMode.PERSISTENT will be used instead.
2019-06-11T07:21:18.688+0000: 21.314: [GC (Allocation Failure) 2019-06-11T07:21:18.688+0000: 21.314: [DefNew: 136576K->17023K(153600K), 0.0262285 secs] 151783K->52644K(494976K), 0.0262987 secs] [Times: user=0.02 sys=0.01, real=0.03 secs] 
2019-06-11T07:21:22.115+0000: 24.742: [Full GC (Metadata GC Threshold) 2019-06-11T07:21:22.115+0000: 24.742: [Tenured: 35620K->44140K(341376K), 0.0515573 secs] 124480K->44140K(494976K), [Metaspace: 34586K->34586K(1079296K)], 0.0516413 secs] [Times: user=0.05 sys=0.01, real=0.05 secs] 
2019-06-11T07:21:29.046+0000: 31.673: [GC (Allocation Failure) 2019-06-11T07:21:29.046+0000: 31.673: [DefNew: 136576K->63K(153600K), 0.0018417 secs] 180716K->44203K(494976K), 0.0018995 secs] [Times: user=0.00 sys=0.00, real=0.00 secs] 
2019-06-11T07:21:35.908+0000: 38.535: [GC (Allocation Failure) 2019-06-11T07:21:35.908+0000: 38.535: [DefNew: 136639K->57K(153600K), 0.0018806 secs] 180779K->44197K(494976K), 0.0019438 secs] [Times: user=0.00 sys=0.00, real=0.01 secs] 
2019-06-11T07:21:42.805+0000: 45.432: [GC (Allocation Failure) 2019-06-11T07:21:42.805+0000: 45.432: [DefNew: 136633K->66K(153600K), 0.0017729 secs] 180773K->44206K(494976K), 0.0018339 secs] [Times: user=0.00 sys=0.01, real=0.00 secs] 
2019-06-11T07:21:49.727+0000: 52.354: [GC (Allocation Failure) 2019-06-11T07:21:49.727+0000: 52.354: [DefNew: 136642K->60K(153600K), 0.0019066 secs] 180782K->44200K(494976K), 0.0019656 secs] [Times: user=0.00 sys=0.00, real=0.01 secs] 
2019-06-11T07:21:56.691+0000: 59.318: [GC (Allocation Failure) 2019-06-11T07:21:56.691+0000: 59.318: [DefNew: 136636K->64K(153600K), 0.0018454 secs] 180776K->44205K(494976K), 0.0019045 secs] [Times: user=0.00 sys=0.00, real=0.00 secs] 
07:22:06.173 [Curator-PathChildrenCache-0] ERROR o.a.c.f.r.c.PathChildrenCache  - 
java.lang.IllegalStateException: instance must be started before calling this method
	at org.apache.curator.shaded.com.google.common.base.Preconditions.checkState(Preconditions.java:444)
	at org.apache.curator.framework.imps.CuratorFrameworkImpl.getChildren(CuratorFrameworkImpl.java:456)
	at org.apache.curator.framework.recipes.cache.PathChildrenCache.refresh(PathChildrenCache.java:521)
	at org.apache.curator.framework.recipes.cache.RefreshOperation.invoke(RefreshOperation.java:35)
	at org.apache.curator.framework.recipes.cache.PathChildrenCache$9.run(PathChildrenCache.java:786)
	at java.util.concurrent.Executors$RunnableAdapter.call(Executors.java:511)
	at java.util.concurrent.FutureTask.run(FutureTask.java:266)
	at java.util.concurrent.Executors$RunnableAdapter.call(Executors.java:511)
	at java.util.concurrent.FutureTask.run(FutureTask.java:266)
	at java.util.concurrent.ThreadPoolExecutor.runWorker(ThreadPoolExecutor.java:1149)
	at java.util.concurrent.ThreadPoolExecutor$Worker.run(ThreadPoolExecutor.java:624)
	at java.lang.Thread.run(Thread.java:748)
Heap
 def new generation   total 153600K, used 98850K [0x00000000e0c00000, 0x00000000eb2a0000, 0x00000000eb2a0000)
  eden space 136576K,  72% used [0x00000000e0c00000, 0x00000000e6c78618, 0x00000000e9160000)
  from space 17024K,   0% used [0x00000000e9160000, 0x00000000e91703b8, 0x00000000ea200000)
  to   space 17024K,   0% used [0x00000000ea200000, 0x00000000ea200000, 0x00000000eb2a0000)
 tenured generation   total 341376K, used 44140K [0x00000000eb2a0000, 0x0000000100000000, 0x0000000100000000)
   the space 341376K,  12% used [0x00000000eb2a0000, 0x00000000eddbb108, 0x00000000eddbb200, 0x0000000100000000)
 Metaspace       used 36032K, capacity 36966K, committed 37120K, reserved 1081344K
  class space    used 4870K, capacity 5081K, committed 5120K, reserved 1048576K
