13:23:14,631 |-INFO in ch.qos.logback.classic.LoggerContext[default] - Could NOT find resource [logback-test.xml]
13:23:14,631 |-INFO in ch.qos.logback.classic.LoggerContext[default] - Could NOT find resource [logback.groovy]
13:23:14,632 |-INFO in ch.qos.logback.classic.LoggerContext[default] - Found resource [logback.xml] at [jar:file:/root/flamestream/lib/flamestream-runtime-1.0-SNAPSHOT.jar!/logback.xml]
13:23:14,633 |-WARN in ch.qos.logback.classic.LoggerContext[default] - Resource [logback.xml] occurs multiple times on the classpath.
13:23:14,633 |-WARN in ch.qos.logback.classic.LoggerContext[default] - Resource [logback.xml] occurs at [jar:file:/root/flamestream/lib/flamestream-runtime-1.0-SNAPSHOT.jar!/logback.xml]
13:23:14,633 |-WARN in ch.qos.logback.classic.LoggerContext[default] - Resource [logback.xml] occurs at [jar:file:/root/flamestream/flamestream-runtime-1.0-SNAPSHOT.jar!/logback.xml]
13:23:14,652 |-INFO in ch.qos.logback.core.joran.spi.ConfigurationWatchList@3fb6a447 - URL [jar:file:/root/flamestream/lib/flamestream-runtime-1.0-SNAPSHOT.jar!/logback.xml] is not of type file
13:23:14,716 |-INFO in ch.qos.logback.classic.joran.action.ConfigurationAction - debug attribute not set
13:23:14,717 |-INFO in ch.qos.logback.core.joran.action.AppenderAction - About to instantiate appender of type [ch.qos.logback.core.ConsoleAppender]
13:23:14,732 |-INFO in ch.qos.logback.core.joran.action.AppenderAction - Naming appender as [STDOUT]
13:23:14,753 |-INFO in ch.qos.logback.core.joran.action.NestedComplexPropertyIA - Assuming default type [ch.qos.logback.classic.encoder.PatternLayoutEncoder] for [encoder] property
13:23:14,835 |-INFO in ch.qos.logback.core.joran.action.AppenderAction - About to instantiate appender of type [ch.qos.logback.core.rolling.RollingFileAppender]
13:23:14,839 |-INFO in ch.qos.logback.core.joran.action.AppenderAction - Naming appender as [FILE]
13:23:14,870 |-INFO in c.q.l.core.rolling.TimeBasedRollingPolicy@127618319 - No compression will be used
13:23:14,871 |-INFO in c.q.l.core.rolling.TimeBasedRollingPolicy@127618319 - Will use the pattern /tmp/application_%d{yyyy-MM-dd}.%i.log for the active file
13:23:14,874 |-INFO in ch.qos.logback.core.rolling.SizeAndTimeBasedFNATP@6b2fad11 - The date pattern is 'yyyy-MM-dd' from file name pattern '/tmp/application_%d{yyyy-MM-dd}.%i.log'.
13:23:14,874 |-INFO in ch.qos.logback.core.rolling.SizeAndTimeBasedFNATP@6b2fad11 - Roll-over at midnight.
13:23:14,879 |-INFO in ch.qos.logback.core.rolling.SizeAndTimeBasedFNATP@6b2fad11 - Setting initial period to Mon Jun 10 13:22:04 UTC 2019
13:23:14,879 |-WARN in ch.qos.logback.core.rolling.SizeAndTimeBasedFNATP@6b2fad11 - SizeAndTimeBasedFNATP is deprecated. Use SizeAndTimeBasedRollingPolicy instead
13:23:14,879 |-WARN in ch.qos.logback.core.rolling.SizeAndTimeBasedFNATP@6b2fad11 - For more information see http://logback.qos.ch/manual/appenders.html#SizeAndTimeBasedRollingPolicy
13:23:14,883 |-INFO in ch.qos.logback.core.joran.action.NestedComplexPropertyIA - Assuming default type [ch.qos.logback.classic.encoder.PatternLayoutEncoder] for [encoder] property
13:23:14,888 |-INFO in ch.qos.logback.core.rolling.RollingFileAppender[FILE] - Active log file name: /tmp/application.log
13:23:14,888 |-INFO in ch.qos.logback.core.rolling.RollingFileAppender[FILE] - File property is set to [/tmp/application.log]
13:23:14,889 |-INFO in ch.qos.logback.classic.joran.action.RootLoggerAction - Setting level of ROOT logger to WARN
13:23:14,889 |-INFO in ch.qos.logback.core.joran.action.AppenderRefAction - Attaching appender named [STDOUT] to Logger[ROOT]
13:23:14,891 |-INFO in ch.qos.logback.core.joran.action.AppenderRefAction - Attaching appender named [FILE] to Logger[ROOT]
13:23:14,891 |-INFO in ch.qos.logback.classic.joran.action.ConfigurationAction - End of configuration.
13:23:14,891 |-INFO in ch.qos.logback.classic.joran.JoranConfigurator@79698539 - Registering current configuration as safe fallback point

Ama winner
Ama winner
2019-06-10T13:23:16.222+0000: 1.775: [Full GC (Metadata GC Threshold) 2019-06-10T13:23:16.223+0000: 1.775: [Tenured: 0K->15241K(341376K), 0.0399914 secs] 114923K->15241K(494976K), [Metaspace: 20733K->20733K(1067008K)], 0.0400594 secs] [Times: user=0.04 sys=0.00, real=0.04 secs] 
13:23:32.670 [Curator-PathChildrenCache-1] WARN  o.a.c.u.ZKPaths  - The version of ZooKeeper being used doesn't support Container nodes. CreateMode.PERSISTENT will be used instead.
2019-06-10T13:23:35.264+0000: 20.817: [GC (Allocation Failure) 2019-06-10T13:23:35.264+0000: 20.817: [DefNew: 136576K->17023K(153600K), 0.0255818 secs] 151817K->52869K(494976K), 0.0256640 secs] [Times: user=0.01 sys=0.01, real=0.02 secs] 
2019-06-10T13:23:36.891+0000: 22.444: [Full GC (Metadata GC Threshold) 2019-06-10T13:23:36.891+0000: 22.444: [Tenured: 35845K->44659K(341376K), 0.0496852 secs] 88278K->44659K(494976K), [Metaspace: 34618K->34618K(1079296K)], 0.0497592 secs] [Times: user=0.05 sys=0.01, real=0.04 secs] 
2019-06-10T13:23:44.752+0000: 30.304: [GC (Allocation Failure) 2019-06-10T13:23:44.752+0000: 30.304: [DefNew: 136576K->95K(153600K), 0.0019083 secs] 181235K->44754K(494976K), 0.0019666 secs] [Times: user=0.01 sys=0.00, real=0.00 secs] 
2019-06-10T13:23:52.517+0000: 38.070: [GC (Allocation Failure) 2019-06-10T13:23:52.517+0000: 38.070: [DefNew: 136671K->96K(153600K), 0.0017669 secs] 181330K->44755K(494976K), 0.0018273 secs] [Times: user=0.00 sys=0.00, real=0.00 secs] 
2019-06-10T13:24:00.331+0000: 45.883: [GC (Allocation Failure) 2019-06-10T13:24:00.331+0000: 45.884: [DefNew: 136672K->130K(153600K), 0.0017790 secs] 181331K->44789K(494976K), 0.0018417 secs] [Times: user=0.00 sys=0.00, real=0.00 secs] 
2019-06-10T13:24:08.228+0000: 53.780: [GC (Allocation Failure) 2019-06-10T13:24:08.228+0000: 53.780: [DefNew: 136706K->131K(153600K), 0.0017989 secs] 181365K->44790K(494976K), 0.0018577 secs] [Times: user=0.00 sys=0.00, real=0.00 secs] 
2019-06-10T13:24:16.192+0000: 61.744: [GC (Allocation Failure) 2019-06-10T13:24:16.192+0000: 61.744: [DefNew: 136707K->320K(153600K), 0.0020539 secs] 181366K->44980K(494976K), 0.0021263 secs] [Times: user=0.00 sys=0.00, real=0.00 secs] 
13:24:33.228 [Curator-PathChildrenCache-0] ERROR o.a.c.f.r.c.PathChildrenCache  - 
java.lang.IllegalStateException: instance must be started before calling this method
	at org.apache.curator.shaded.com.google.common.base.Preconditions.checkState(Preconditions.java:444)
	at org.apache.curator.framework.imps.CuratorFrameworkImpl.getChildren(CuratorFrameworkImpl.java:456)
	at org.apache.curator.framework.recipes.cache.PathChildrenCache.refresh(PathChildrenCache.java:521)
	at org.apache.curator.framework.recipes.cache.RefreshOperation.invoke(RefreshOperation.java:35)
	at org.apache.curator.framework.recipes.cache.PathChildrenCache$9.run(PathChildrenCache.java:786)
	at java.util.concurrent.Executors$RunnableAdapter.call(Executors.java:511)
	at java.util.concurrent.FutureTask.run(FutureTask.java:266)
	at java.util.concurrent.Executors$RunnableAdapter.call(Executors.java:511)
	at java.util.concurrent.FutureTask.run(FutureTask.java:266)
	at java.util.concurrent.ThreadPoolExecutor.runWorker(ThreadPoolExecutor.java:1149)
	at java.util.concurrent.ThreadPoolExecutor$Worker.run(ThreadPoolExecutor.java:624)
	at java.lang.Thread.run(Thread.java:748)
Heap
 def new generation   total 153600K, used 111801K [0x00000000e0c00000, 0x00000000eb2a0000, 0x00000000eb2a0000)
  eden space 136576K,  81% used [0x00000000e0c00000, 0x00000000e78de0c0, 0x00000000e9160000)
  from space 17024K,   1% used [0x00000000e9160000, 0x00000000e91b03a0, 0x00000000ea200000)
  to   space 17024K,   0% used [0x00000000ea200000, 0x00000000ea200000, 0x00000000eb2a0000)
 tenured generation   total 341376K, used 44659K [0x00000000eb2a0000, 0x0000000100000000, 0x0000000100000000)
   the space 341376K,  13% used [0x00000000eb2a0000, 0x00000000ede3cc70, 0x00000000ede3ce00, 0x0000000100000000)
 Metaspace       used 36108K, capacity 36986K, committed 37120K, reserved 1081344K
  class space    used 4858K, capacity 5073K, committed 5120K, reserved 1048576K
