16:20:50,201 |-INFO in ch.qos.logback.classic.LoggerContext[default] - Could NOT find resource [logback-test.xml]
16:20:50,201 |-INFO in ch.qos.logback.classic.LoggerContext[default] - Could NOT find resource [logback.groovy]
16:20:50,201 |-INFO in ch.qos.logback.classic.LoggerContext[default] - Found resource [logback.xml] at [jar:file:/root/flamestream/lib/flamestream-runtime-1.0-SNAPSHOT.jar!/logback.xml]
16:20:50,201 |-WARN in ch.qos.logback.classic.LoggerContext[default] - Resource [logback.xml] occurs multiple times on the classpath.
16:20:50,201 |-WARN in ch.qos.logback.classic.LoggerContext[default] - Resource [logback.xml] occurs at [jar:file:/root/flamestream/lib/flamestream-runtime-1.0-SNAPSHOT.jar!/logback.xml]
16:20:50,201 |-WARN in ch.qos.logback.classic.LoggerContext[default] - Resource [logback.xml] occurs at [jar:file:/root/flamestream/flamestream-runtime-1.0-SNAPSHOT.jar!/logback.xml]
16:20:50,226 |-INFO in ch.qos.logback.core.joran.spi.ConfigurationWatchList@3fb6a447 - URL [jar:file:/root/flamestream/lib/flamestream-runtime-1.0-SNAPSHOT.jar!/logback.xml] is not of type file
16:20:50,296 |-INFO in ch.qos.logback.classic.joran.action.ConfigurationAction - debug attribute not set
16:20:50,297 |-INFO in ch.qos.logback.core.joran.action.AppenderAction - About to instantiate appender of type [ch.qos.logback.core.ConsoleAppender]
16:20:50,312 |-INFO in ch.qos.logback.core.joran.action.AppenderAction - Naming appender as [STDOUT]
16:20:50,332 |-INFO in ch.qos.logback.core.joran.action.NestedComplexPropertyIA - Assuming default type [ch.qos.logback.classic.encoder.PatternLayoutEncoder] for [encoder] property
16:20:50,419 |-INFO in ch.qos.logback.core.joran.action.AppenderAction - About to instantiate appender of type [ch.qos.logback.core.rolling.RollingFileAppender]
16:20:50,425 |-INFO in ch.qos.logback.core.joran.action.AppenderAction - Naming appender as [FILE]
16:20:50,456 |-INFO in c.q.l.core.rolling.TimeBasedRollingPolicy@127618319 - No compression will be used
16:20:50,457 |-INFO in c.q.l.core.rolling.TimeBasedRollingPolicy@127618319 - Will use the pattern /tmp/application_%d{yyyy-MM-dd}.%i.log for the active file
16:20:50,460 |-INFO in ch.qos.logback.core.rolling.SizeAndTimeBasedFNATP@6b2fad11 - The date pattern is 'yyyy-MM-dd' from file name pattern '/tmp/application_%d{yyyy-MM-dd}.%i.log'.
16:20:50,460 |-INFO in ch.qos.logback.core.rolling.SizeAndTimeBasedFNATP@6b2fad11 - Roll-over at midnight.
16:20:50,466 |-INFO in ch.qos.logback.core.rolling.SizeAndTimeBasedFNATP@6b2fad11 - Setting initial period to Mon Jun 10 16:19:24 UTC 2019
16:20:50,466 |-WARN in ch.qos.logback.core.rolling.SizeAndTimeBasedFNATP@6b2fad11 - SizeAndTimeBasedFNATP is deprecated. Use SizeAndTimeBasedRollingPolicy instead
16:20:50,466 |-WARN in ch.qos.logback.core.rolling.SizeAndTimeBasedFNATP@6b2fad11 - For more information see http://logback.qos.ch/manual/appenders.html#SizeAndTimeBasedRollingPolicy
16:20:50,470 |-INFO in ch.qos.logback.core.joran.action.NestedComplexPropertyIA - Assuming default type [ch.qos.logback.classic.encoder.PatternLayoutEncoder] for [encoder] property
16:20:50,475 |-INFO in ch.qos.logback.core.rolling.RollingFileAppender[FILE] - Active log file name: /tmp/application.log
16:20:50,475 |-INFO in ch.qos.logback.core.rolling.RollingFileAppender[FILE] - File property is set to [/tmp/application.log]
16:20:50,476 |-INFO in ch.qos.logback.classic.joran.action.RootLoggerAction - Setting level of ROOT logger to WARN
16:20:50,476 |-INFO in ch.qos.logback.core.joran.action.AppenderRefAction - Attaching appender named [STDOUT] to Logger[ROOT]
16:20:50,478 |-INFO in ch.qos.logback.core.joran.action.AppenderRefAction - Attaching appender named [FILE] to Logger[ROOT]
16:20:50,478 |-INFO in ch.qos.logback.classic.joran.action.ConfigurationAction - End of configuration.
16:20:50,479 |-INFO in ch.qos.logback.classic.joran.JoranConfigurator@79698539 - Registering current configuration as safe fallback point

Ama winner
Ama winner
2019-06-10T16:20:51.796+0000: 1.780: [Full GC (Metadata GC Threshold) 2019-06-10T16:20:51.796+0000: 1.780: [Tenured: 0K->15144K(341376K), 0.0360298 secs] 114923K->15144K(494976K), [Metaspace: 20738K->20738K(1067008K)], 0.0360943 secs] [Times: user=0.03 sys=0.01, real=0.04 secs] 
16:21:07.850 [Curator-PathChildrenCache-1] WARN  o.a.c.u.ZKPaths  - The version of ZooKeeper being used doesn't support Container nodes. CreateMode.PERSISTENT will be used instead.
2019-06-10T16:21:10.081+0000: 20.065: [GC (Allocation Failure) 2019-06-10T16:21:10.081+0000: 20.065: [DefNew: 136576K->17024K(153600K), 0.0272272 secs] 151720K->52677K(494976K), 0.0273161 secs] [Times: user=0.01 sys=0.01, real=0.03 secs] 
2019-06-10T16:21:11.550+0000: 21.534: [Full GC (Metadata GC Threshold) 2019-06-10T16:21:11.550+0000: 21.534: [Tenured: 35653K->44246K(341376K), 0.0402804 secs] 81086K->44246K(494976K), [Metaspace: 34633K->34633K(1079296K)], 0.0403771 secs] [Times: user=0.04 sys=0.00, real=0.04 secs] 
2019-06-10T16:21:18.408+0000: 28.392: [GC (Allocation Failure) 2019-06-10T16:21:18.408+0000: 28.392: [DefNew: 136576K->67K(153600K), 0.0018187 secs] 180822K->44313K(494976K), 0.0018746 secs] [Times: user=0.00 sys=0.00, real=0.00 secs] 
2019-06-10T16:21:25.191+0000: 35.175: [GC (Allocation Failure) 2019-06-10T16:21:25.191+0000: 35.175: [DefNew: 136643K->65K(153600K), 0.0017414 secs] 180889K->44312K(494976K), 0.0018023 secs] [Times: user=0.00 sys=0.00, real=0.00 secs] 
2019-06-10T16:21:32.084+0000: 42.068: [GC (Allocation Failure) 2019-06-10T16:21:32.084+0000: 42.068: [DefNew: 136641K->67K(153600K), 0.0018003 secs] 180888K->44314K(494976K), 0.0018704 secs] [Times: user=0.00 sys=0.00, real=0.00 secs] 
2019-06-10T16:21:39.005+0000: 48.989: [GC (Allocation Failure) 2019-06-10T16:21:39.005+0000: 48.989: [DefNew: 136643K->66K(153600K), 0.0017331 secs] 180890K->44313K(494976K), 0.0018009 secs] [Times: user=0.00 sys=0.00, real=0.00 secs] 
2019-06-10T16:21:45.910+0000: 55.894: [GC (Allocation Failure) 2019-06-10T16:21:45.910+0000: 55.894: [DefNew: 136642K->66K(153600K), 0.0017323 secs] 180889K->44312K(494976K), 0.0017910 secs] [Times: user=0.01 sys=0.00, real=0.00 secs] 
16:21:58.840 [Curator-PathChildrenCache-0] ERROR o.a.c.f.r.c.PathChildrenCache  - 
java.lang.IllegalStateException: instance must be started before calling this method
	at org.apache.curator.shaded.com.google.common.base.Preconditions.checkState(Preconditions.java:444)
	at org.apache.curator.framework.imps.CuratorFrameworkImpl.getChildren(CuratorFrameworkImpl.java:456)
	at org.apache.curator.framework.recipes.cache.PathChildrenCache.refresh(PathChildrenCache.java:521)
	at org.apache.curator.framework.recipes.cache.RefreshOperation.invoke(RefreshOperation.java:35)
	at org.apache.curator.framework.recipes.cache.PathChildrenCache$9.run(PathChildrenCache.java:786)
	at java.util.concurrent.Executors$RunnableAdapter.call(Executors.java:511)
	at java.util.concurrent.FutureTask.run(FutureTask.java:266)
	at java.util.concurrent.Executors$RunnableAdapter.call(Executors.java:511)
	at java.util.concurrent.FutureTask.run(FutureTask.java:266)
	at java.util.concurrent.ThreadPoolExecutor.runWorker(ThreadPoolExecutor.java:1149)
	at java.util.concurrent.ThreadPoolExecutor$Worker.run(ThreadPoolExecutor.java:624)
	at java.lang.Thread.run(Thread.java:748)
Heap
 def new generation   total 153600K, used 80159K [0x00000000e0c00000, 0x00000000eb2a0000, 0x00000000eb2a0000)
  eden space 136576K,  58% used [0x00000000e0c00000, 0x00000000e5a374e0, 0x00000000e9160000)
  from space 17024K,   0% used [0x00000000e9160000, 0x00000000e9170980, 0x00000000ea200000)
  to   space 17024K,   0% used [0x00000000ea200000, 0x00000000ea200000, 0x00000000eb2a0000)
 tenured generation   total 341376K, used 44246K [0x00000000eb2a0000, 0x0000000100000000, 0x0000000100000000)
   the space 341376K,  12% used [0x00000000eb2a0000, 0x00000000eddd5a50, 0x00000000eddd5c00, 0x0000000100000000)
 Metaspace       used 36102K, capacity 36986K, committed 37120K, reserved 1081344K
  class space    used 4870K, capacity 5073K, committed 5120K, reserved 1048576K
