16:43:51,964 |-INFO in ch.qos.logback.classic.LoggerContext[default] - Could NOT find resource [logback-test.xml]
16:43:51,964 |-INFO in ch.qos.logback.classic.LoggerContext[default] - Could NOT find resource [logback.groovy]
16:43:51,964 |-INFO in ch.qos.logback.classic.LoggerContext[default] - Found resource [logback.xml] at [jar:file:/root/flamestream/lib/flamestream-runtime-1.0-SNAPSHOT.jar!/logback.xml]
16:43:51,964 |-WARN in ch.qos.logback.classic.LoggerContext[default] - Resource [logback.xml] occurs multiple times on the classpath.
16:43:51,964 |-WARN in ch.qos.logback.classic.LoggerContext[default] - Resource [logback.xml] occurs at [jar:file:/root/flamestream/lib/flamestream-runtime-1.0-SNAPSHOT.jar!/logback.xml]
16:43:51,965 |-WARN in ch.qos.logback.classic.LoggerContext[default] - Resource [logback.xml] occurs at [jar:file:/root/flamestream/flamestream-runtime-1.0-SNAPSHOT.jar!/logback.xml]
16:43:51,989 |-INFO in ch.qos.logback.core.joran.spi.ConfigurationWatchList@3fb6a447 - URL [jar:file:/root/flamestream/lib/flamestream-runtime-1.0-SNAPSHOT.jar!/logback.xml] is not of type file
16:43:52,061 |-INFO in ch.qos.logback.classic.joran.action.ConfigurationAction - debug attribute not set
16:43:52,062 |-INFO in ch.qos.logback.core.joran.action.AppenderAction - About to instantiate appender of type [ch.qos.logback.core.ConsoleAppender]
16:43:52,081 |-INFO in ch.qos.logback.core.joran.action.AppenderAction - Naming appender as [STDOUT]
16:43:52,099 |-INFO in ch.qos.logback.core.joran.action.NestedComplexPropertyIA - Assuming default type [ch.qos.logback.classic.encoder.PatternLayoutEncoder] for [encoder] property
16:43:52,180 |-INFO in ch.qos.logback.core.joran.action.AppenderAction - About to instantiate appender of type [ch.qos.logback.core.rolling.RollingFileAppender]
16:43:52,189 |-INFO in ch.qos.logback.core.joran.action.AppenderAction - Naming appender as [FILE]
16:43:52,220 |-INFO in c.q.l.core.rolling.TimeBasedRollingPolicy@127618319 - No compression will be used
16:43:52,221 |-INFO in c.q.l.core.rolling.TimeBasedRollingPolicy@127618319 - Will use the pattern /tmp/application_%d{yyyy-MM-dd}.%i.log for the active file
16:43:52,224 |-INFO in ch.qos.logback.core.rolling.SizeAndTimeBasedFNATP@6b2fad11 - The date pattern is 'yyyy-MM-dd' from file name pattern '/tmp/application_%d{yyyy-MM-dd}.%i.log'.
16:43:52,224 |-INFO in ch.qos.logback.core.rolling.SizeAndTimeBasedFNATP@6b2fad11 - Roll-over at midnight.
16:43:52,230 |-INFO in ch.qos.logback.core.rolling.SizeAndTimeBasedFNATP@6b2fad11 - Setting initial period to Mon Jun 10 16:42:24 UTC 2019
16:43:52,230 |-WARN in ch.qos.logback.core.rolling.SizeAndTimeBasedFNATP@6b2fad11 - SizeAndTimeBasedFNATP is deprecated. Use SizeAndTimeBasedRollingPolicy instead
16:43:52,230 |-WARN in ch.qos.logback.core.rolling.SizeAndTimeBasedFNATP@6b2fad11 - For more information see http://logback.qos.ch/manual/appenders.html#SizeAndTimeBasedRollingPolicy
16:43:52,234 |-INFO in ch.qos.logback.core.joran.action.NestedComplexPropertyIA - Assuming default type [ch.qos.logback.classic.encoder.PatternLayoutEncoder] for [encoder] property
16:43:52,239 |-INFO in ch.qos.logback.core.rolling.RollingFileAppender[FILE] - Active log file name: /tmp/application.log
16:43:52,239 |-INFO in ch.qos.logback.core.rolling.RollingFileAppender[FILE] - File property is set to [/tmp/application.log]
16:43:52,240 |-INFO in ch.qos.logback.classic.joran.action.RootLoggerAction - Setting level of ROOT logger to WARN
16:43:52,240 |-INFO in ch.qos.logback.core.joran.action.AppenderRefAction - Attaching appender named [STDOUT] to Logger[ROOT]
16:43:52,242 |-INFO in ch.qos.logback.core.joran.action.AppenderRefAction - Attaching appender named [FILE] to Logger[ROOT]
16:43:52,242 |-INFO in ch.qos.logback.classic.joran.action.ConfigurationAction - End of configuration.
16:43:52,242 |-INFO in ch.qos.logback.classic.joran.JoranConfigurator@79698539 - Registering current configuration as safe fallback point

Ama winner
Ama winner
2019-06-10T16:43:53.531+0000: 1.752: [Full GC (Metadata GC Threshold) 2019-06-10T16:43:53.531+0000: 1.752: [Tenured: 0K->15176K(341376K), 0.0401209 secs] 114923K->15176K(494976K), [Metaspace: 20731K->20731K(1067008K)], 0.0401884 secs] [Times: user=0.04 sys=0.01, real=0.04 secs] 
16:44:11.474 [Curator-PathChildrenCache-1] WARN  o.a.c.u.ZKPaths  - The version of ZooKeeper being used doesn't support Container nodes. CreateMode.PERSISTENT will be used instead.
2019-06-10T16:44:13.711+0000: 21.933: [GC (Allocation Failure) 2019-06-10T16:44:13.711+0000: 21.933: [DefNew: 136576K->17023K(153600K), 0.0288540 secs] 151752K->52564K(494976K), 0.0289387 secs] [Times: user=0.01 sys=0.02, real=0.03 secs] 
2019-06-10T16:44:14.660+0000: 22.881: [Full GC (Metadata GC Threshold) 2019-06-10T16:44:14.660+0000: 22.881: [Tenured: 35540K->44081K(341376K), 0.0412913 secs] 76809K->44081K(494976K), [Metaspace: 34566K->34566K(1079296K)], 0.0413704 secs] [Times: user=0.04 sys=0.00, real=0.04 secs] 
2019-06-10T16:44:21.135+0000: 29.356: [GC (Allocation Failure) 2019-06-10T16:44:21.135+0000: 29.356: [DefNew: 136576K->72K(153600K), 0.0018444 secs] 180657K->44154K(494976K), 0.0019052 secs] [Times: user=0.00 sys=0.00, real=0.01 secs] 
2019-06-10T16:44:27.629+0000: 35.851: [GC (Allocation Failure) 2019-06-10T16:44:27.629+0000: 35.851: [DefNew: 136648K->76K(153600K), 0.0018427 secs] 180730K->44158K(494976K), 0.0019057 secs] [Times: user=0.00 sys=0.00, real=0.00 secs] 
2019-06-10T16:44:34.156+0000: 42.378: [GC (Allocation Failure) 2019-06-10T16:44:34.156+0000: 42.378: [DefNew: 136652K->75K(153600K), 0.0019301 secs] 180734K->44156K(494976K), 0.0019961 secs] [Times: user=0.00 sys=0.00, real=0.01 secs] 
2019-06-10T16:44:40.661+0000: 48.882: [GC (Allocation Failure) 2019-06-10T16:44:40.661+0000: 48.882: [DefNew: 136651K->73K(153600K), 0.0017788 secs] 180732K->44155K(494976K), 0.0018385 secs] [Times: user=0.00 sys=0.00, real=0.00 secs] 
2019-06-10T16:44:47.141+0000: 55.363: [GC (Allocation Failure) 2019-06-10T16:44:47.141+0000: 55.363: [DefNew: 136649K->74K(153600K), 0.0018367 secs] 180731K->44156K(494976K), 0.0019003 secs] [Times: user=0.00 sys=0.00, real=0.00 secs] 
16:44:59.657 [Curator-PathChildrenCache-0] ERROR o.a.c.f.r.c.PathChildrenCache  - 
java.lang.IllegalStateException: instance must be started before calling this method
	at org.apache.curator.shaded.com.google.common.base.Preconditions.checkState(Preconditions.java:444)
	at org.apache.curator.framework.imps.CuratorFrameworkImpl.getChildren(CuratorFrameworkImpl.java:456)
	at org.apache.curator.framework.recipes.cache.PathChildrenCache.refresh(PathChildrenCache.java:521)
	at org.apache.curator.framework.recipes.cache.RefreshOperation.invoke(RefreshOperation.java:35)
	at org.apache.curator.framework.recipes.cache.PathChildrenCache$9.run(PathChildrenCache.java:786)
	at java.util.concurrent.Executors$RunnableAdapter.call(Executors.java:511)
	at java.util.concurrent.FutureTask.run(FutureTask.java:266)
	at java.util.concurrent.Executors$RunnableAdapter.call(Executors.java:511)
	at java.util.concurrent.FutureTask.run(FutureTask.java:266)
	at java.util.concurrent.ThreadPoolExecutor.runWorker(ThreadPoolExecutor.java:1149)
	at java.util.concurrent.ThreadPoolExecutor$Worker.run(ThreadPoolExecutor.java:624)
	at java.lang.Thread.run(Thread.java:748)
2019-06-10T16:45:00.610+0000: 68.832: [GC (Allocation Failure) 2019-06-10T16:45:00.610+0000: 68.832: [DefNew: 136650K->893K(153600K), 0.0033425 secs] 180732K->44975K(494976K), 0.0034113 secs] [Times: user=0.00 sys=0.00, real=0.00 secs] 
Heap
 def new generation   total 153600K, used 8002K [0x00000000e0c00000, 0x00000000eb2a0000, 0x00000000eb2a0000)
  eden space 136576K,   5% used [0x00000000e0c00000, 0x00000000e12f1120, 0x00000000e9160000)
  from space 17024K,   5% used [0x00000000ea200000, 0x00000000ea2df750, 0x00000000eb2a0000)
  to   space 17024K,   0% used [0x00000000e9160000, 0x00000000e9160000, 0x00000000ea200000)
 tenured generation   total 341376K, used 44081K [0x00000000eb2a0000, 0x0000000100000000, 0x0000000100000000)
   the space 341376K,  12% used [0x00000000eb2a0000, 0x00000000eddac770, 0x00000000eddac800, 0x0000000100000000)
 Metaspace       used 36294K, capacity 37224K, committed 37376K, reserved 1081344K
  class space    used 4875K, capacity 5092K, committed 5120K, reserved 1048576K
