07:42:22,758 |-INFO in ch.qos.logback.classic.LoggerContext[default] - Could NOT find resource [logback-test.xml]
07:42:22,758 |-INFO in ch.qos.logback.classic.LoggerContext[default] - Could NOT find resource [logback.groovy]
07:42:22,759 |-INFO in ch.qos.logback.classic.LoggerContext[default] - Found resource [logback.xml] at [jar:file:/root/flamestream/lib/flamestream-runtime-1.0-SNAPSHOT.jar!/logback.xml]
07:42:22,759 |-WARN in ch.qos.logback.classic.LoggerContext[default] - Resource [logback.xml] occurs multiple times on the classpath.
07:42:22,759 |-WARN in ch.qos.logback.classic.LoggerContext[default] - Resource [logback.xml] occurs at [jar:file:/root/flamestream/lib/flamestream-runtime-1.0-SNAPSHOT.jar!/logback.xml]
07:42:22,759 |-WARN in ch.qos.logback.classic.LoggerContext[default] - Resource [logback.xml] occurs at [jar:file:/root/flamestream/flamestream-runtime-1.0-SNAPSHOT.jar!/logback.xml]
07:42:22,780 |-INFO in ch.qos.logback.core.joran.spi.ConfigurationWatchList@3fb6a447 - URL [jar:file:/root/flamestream/lib/flamestream-runtime-1.0-SNAPSHOT.jar!/logback.xml] is not of type file
07:42:22,846 |-INFO in ch.qos.logback.classic.joran.action.ConfigurationAction - debug attribute not set
07:42:22,847 |-INFO in ch.qos.logback.core.joran.action.AppenderAction - About to instantiate appender of type [ch.qos.logback.core.ConsoleAppender]
07:42:22,863 |-INFO in ch.qos.logback.core.joran.action.AppenderAction - Naming appender as [STDOUT]
07:42:22,882 |-INFO in ch.qos.logback.core.joran.action.NestedComplexPropertyIA - Assuming default type [ch.qos.logback.classic.encoder.PatternLayoutEncoder] for [encoder] property
07:42:22,963 |-INFO in ch.qos.logback.core.joran.action.AppenderAction - About to instantiate appender of type [ch.qos.logback.core.rolling.RollingFileAppender]
07:42:22,969 |-INFO in ch.qos.logback.core.joran.action.AppenderAction - Naming appender as [FILE]
07:42:22,999 |-INFO in c.q.l.core.rolling.TimeBasedRollingPolicy@127618319 - No compression will be used
07:42:23,000 |-INFO in c.q.l.core.rolling.TimeBasedRollingPolicy@127618319 - Will use the pattern /tmp/application_%d{yyyy-MM-dd}.%i.log for the active file
07:42:23,003 |-INFO in ch.qos.logback.core.rolling.SizeAndTimeBasedFNATP@6b2fad11 - The date pattern is 'yyyy-MM-dd' from file name pattern '/tmp/application_%d{yyyy-MM-dd}.%i.log'.
07:42:23,003 |-INFO in ch.qos.logback.core.rolling.SizeAndTimeBasedFNATP@6b2fad11 - Roll-over at midnight.
07:42:23,008 |-INFO in ch.qos.logback.core.rolling.SizeAndTimeBasedFNATP@6b2fad11 - Setting initial period to Tue Jun 11 07:41:02 UTC 2019
07:42:23,008 |-WARN in ch.qos.logback.core.rolling.SizeAndTimeBasedFNATP@6b2fad11 - SizeAndTimeBasedFNATP is deprecated. Use SizeAndTimeBasedRollingPolicy instead
07:42:23,008 |-WARN in ch.qos.logback.core.rolling.SizeAndTimeBasedFNATP@6b2fad11 - For more information see http://logback.qos.ch/manual/appenders.html#SizeAndTimeBasedRollingPolicy
07:42:23,012 |-INFO in ch.qos.logback.core.joran.action.NestedComplexPropertyIA - Assuming default type [ch.qos.logback.classic.encoder.PatternLayoutEncoder] for [encoder] property
07:42:23,017 |-INFO in ch.qos.logback.core.rolling.RollingFileAppender[FILE] - Active log file name: /tmp/application.log
07:42:23,017 |-INFO in ch.qos.logback.core.rolling.RollingFileAppender[FILE] - File property is set to [/tmp/application.log]
07:42:23,017 |-INFO in ch.qos.logback.classic.joran.action.RootLoggerAction - Setting level of ROOT logger to WARN
07:42:23,018 |-INFO in ch.qos.logback.core.joran.action.AppenderRefAction - Attaching appender named [STDOUT] to Logger[ROOT]
07:42:23,019 |-INFO in ch.qos.logback.core.joran.action.AppenderRefAction - Attaching appender named [FILE] to Logger[ROOT]
07:42:23,019 |-INFO in ch.qos.logback.classic.joran.action.ConfigurationAction - End of configuration.
07:42:23,020 |-INFO in ch.qos.logback.classic.joran.JoranConfigurator@79698539 - Registering current configuration as safe fallback point

Ama winner
Ama winner
2019-06-11T07:42:24.278+0000: 1.704: [Full GC (Metadata GC Threshold) 2019-06-11T07:42:24.278+0000: 1.704: [Tenured: 0K->15240K(341376K), 0.0350279 secs] 114923K->15240K(494976K), [Metaspace: 20734K->20734K(1067008K)], 0.0350963 secs] [Times: user=0.03 sys=0.00, real=0.03 secs] 
07:42:36.037 [Curator-PathChildrenCache-1] WARN  o.a.c.u.ZKPaths  - The version of ZooKeeper being used doesn't support Container nodes. CreateMode.PERSISTENT will be used instead.
2019-06-11T07:42:38.499+0000: 15.925: [GC (Allocation Failure) 2019-06-11T07:42:38.499+0000: 15.925: [DefNew: 136576K->17023K(153600K), 0.0253141 secs] 151816K->52737K(494976K), 0.0253874 secs] [Times: user=0.02 sys=0.01, real=0.02 secs] 
2019-06-11T07:42:41.461+0000: 18.887: [Full GC (Metadata GC Threshold) 2019-06-11T07:42:41.461+0000: 18.887: [Tenured: 35713K->44255K(341376K), 0.0486663 secs] 117645K->44255K(494976K), [Metaspace: 34583K->34583K(1079296K)], 0.0487434 secs] [Times: user=0.05 sys=0.00, real=0.05 secs] 
2019-06-11T07:42:48.035+0000: 25.461: [GC (Allocation Failure) 2019-06-11T07:42:48.035+0000: 25.461: [DefNew: 136576K->87K(153600K), 0.0018120 secs] 180831K->44343K(494976K), 0.0018712 secs] [Times: user=0.00 sys=0.00, real=0.01 secs] 
2019-06-11T07:42:54.677+0000: 32.103: [GC (Allocation Failure) 2019-06-11T07:42:54.677+0000: 32.103: [DefNew: 136663K->118K(153600K), 0.0016792 secs] 180919K->44374K(494976K), 0.0017355 secs] [Times: user=0.01 sys=0.00, real=0.00 secs] 
2019-06-11T07:43:01.363+0000: 38.789: [GC (Allocation Failure) 2019-06-11T07:43:01.363+0000: 38.789: [DefNew: 136694K->121K(153600K), 0.0017092 secs] 180950K->44377K(494976K), 0.0017728 secs] [Times: user=0.01 sys=0.00, real=0.00 secs] 
2019-06-11T07:43:08.098+0000: 45.524: [GC (Allocation Failure) 2019-06-11T07:43:08.098+0000: 45.524: [DefNew: 136697K->126K(153600K), 0.0017047 secs] 180953K->44382K(494976K), 0.0017665 secs] [Times: user=0.00 sys=0.00, real=0.00 secs] 
2019-06-11T07:43:14.838+0000: 52.264: [GC (Allocation Failure) 2019-06-11T07:43:14.838+0000: 52.264: [DefNew: 136702K->120K(153600K), 0.0016948 secs] 180958K->44376K(494976K), 0.0017546 secs] [Times: user=0.00 sys=0.00, real=0.00 secs] 
07:43:24.207 [Curator-PathChildrenCache-0] ERROR o.a.c.f.r.c.PathChildrenCache  - 
java.lang.IllegalStateException: instance must be started before calling this method
	at org.apache.curator.shaded.com.google.common.base.Preconditions.checkState(Preconditions.java:444)
	at org.apache.curator.framework.imps.CuratorFrameworkImpl.getChildren(CuratorFrameworkImpl.java:456)
	at org.apache.curator.framework.recipes.cache.PathChildrenCache.refresh(PathChildrenCache.java:521)
	at org.apache.curator.framework.recipes.cache.RefreshOperation.invoke(RefreshOperation.java:35)
	at org.apache.curator.framework.recipes.cache.PathChildrenCache$9.run(PathChildrenCache.java:786)
	at java.util.concurrent.Executors$RunnableAdapter.call(Executors.java:511)
	at java.util.concurrent.FutureTask.run(FutureTask.java:266)
	at java.util.concurrent.Executors$RunnableAdapter.call(Executors.java:511)
	at java.util.concurrent.FutureTask.run(FutureTask.java:266)
	at java.util.concurrent.ThreadPoolExecutor.runWorker(ThreadPoolExecutor.java:1149)
	at java.util.concurrent.ThreadPoolExecutor$Worker.run(ThreadPoolExecutor.java:624)
	at java.lang.Thread.run(Thread.java:748)
Heap
 def new generation   total 153600K, used 61374K [0x00000000e0c00000, 0x00000000eb2a0000, 0x00000000eb2a0000)
  eden space 136576K,  44% used [0x00000000e0c00000, 0x00000000e47d15b0, 0x00000000e9160000)
  from space 17024K,   0% used [0x00000000e9160000, 0x00000000e917e3e8, 0x00000000ea200000)
  to   space 17024K,   0% used [0x00000000ea200000, 0x00000000ea200000, 0x00000000eb2a0000)
 tenured generation   total 341376K, used 44255K [0x00000000eb2a0000, 0x0000000100000000, 0x0000000100000000)
   the space 341376K,  12% used [0x00000000eb2a0000, 0x00000000eddd7f38, 0x00000000eddd8000, 0x0000000100000000)
 Metaspace       used 35926K, capacity 36800K, committed 37120K, reserved 1081344K
  class space    used 4860K, capacity 5074K, committed 5120K, reserved 1048576K
