13:28:24,710 |-INFO in ch.qos.logback.classic.LoggerContext[default] - Could NOT find resource [logback-test.xml]
13:28:24,710 |-INFO in ch.qos.logback.classic.LoggerContext[default] - Could NOT find resource [logback.groovy]
13:28:24,710 |-INFO in ch.qos.logback.classic.LoggerContext[default] - Found resource [logback.xml] at [jar:file:/root/flamestream/lib/flamestream-runtime-1.0-SNAPSHOT.jar!/logback.xml]
13:28:24,710 |-WARN in ch.qos.logback.classic.LoggerContext[default] - Resource [logback.xml] occurs multiple times on the classpath.
13:28:24,711 |-WARN in ch.qos.logback.classic.LoggerContext[default] - Resource [logback.xml] occurs at [jar:file:/root/flamestream/lib/flamestream-runtime-1.0-SNAPSHOT.jar!/logback.xml]
13:28:24,711 |-WARN in ch.qos.logback.classic.LoggerContext[default] - Resource [logback.xml] occurs at [jar:file:/root/flamestream/flamestream-runtime-1.0-SNAPSHOT.jar!/logback.xml]
13:28:24,734 |-INFO in ch.qos.logback.core.joran.spi.ConfigurationWatchList@3fb6a447 - URL [jar:file:/root/flamestream/lib/flamestream-runtime-1.0-SNAPSHOT.jar!/logback.xml] is not of type file
13:28:24,801 |-INFO in ch.qos.logback.classic.joran.action.ConfigurationAction - debug attribute not set
13:28:24,802 |-INFO in ch.qos.logback.core.joran.action.AppenderAction - About to instantiate appender of type [ch.qos.logback.core.ConsoleAppender]
13:28:24,818 |-INFO in ch.qos.logback.core.joran.action.AppenderAction - Naming appender as [STDOUT]
13:28:24,829 |-INFO in ch.qos.logback.core.joran.action.NestedComplexPropertyIA - Assuming default type [ch.qos.logback.classic.encoder.PatternLayoutEncoder] for [encoder] property
13:28:24,926 |-INFO in ch.qos.logback.core.joran.action.AppenderAction - About to instantiate appender of type [ch.qos.logback.core.rolling.RollingFileAppender]
13:28:24,939 |-INFO in ch.qos.logback.core.joran.action.AppenderAction - Naming appender as [FILE]
13:28:24,968 |-INFO in c.q.l.core.rolling.TimeBasedRollingPolicy@127618319 - No compression will be used
13:28:24,969 |-INFO in c.q.l.core.rolling.TimeBasedRollingPolicy@127618319 - Will use the pattern /tmp/application_%d{yyyy-MM-dd}.%i.log for the active file
13:28:24,972 |-INFO in ch.qos.logback.core.rolling.SizeAndTimeBasedFNATP@6b2fad11 - The date pattern is 'yyyy-MM-dd' from file name pattern '/tmp/application_%d{yyyy-MM-dd}.%i.log'.
13:28:24,972 |-INFO in ch.qos.logback.core.rolling.SizeAndTimeBasedFNATP@6b2fad11 - Roll-over at midnight.
13:28:24,978 |-INFO in ch.qos.logback.core.rolling.SizeAndTimeBasedFNATP@6b2fad11 - Setting initial period to Mon Jun 10 13:27:02 UTC 2019
13:28:24,978 |-WARN in ch.qos.logback.core.rolling.SizeAndTimeBasedFNATP@6b2fad11 - SizeAndTimeBasedFNATP is deprecated. Use SizeAndTimeBasedRollingPolicy instead
13:28:24,978 |-WARN in ch.qos.logback.core.rolling.SizeAndTimeBasedFNATP@6b2fad11 - For more information see http://logback.qos.ch/manual/appenders.html#SizeAndTimeBasedRollingPolicy
13:28:24,982 |-INFO in ch.qos.logback.core.joran.action.NestedComplexPropertyIA - Assuming default type [ch.qos.logback.classic.encoder.PatternLayoutEncoder] for [encoder] property
13:28:24,986 |-INFO in ch.qos.logback.core.rolling.RollingFileAppender[FILE] - Active log file name: /tmp/application.log
13:28:24,986 |-INFO in ch.qos.logback.core.rolling.RollingFileAppender[FILE] - File property is set to [/tmp/application.log]
13:28:24,988 |-INFO in ch.qos.logback.classic.joran.action.RootLoggerAction - Setting level of ROOT logger to WARN
13:28:24,988 |-INFO in ch.qos.logback.core.joran.action.AppenderRefAction - Attaching appender named [STDOUT] to Logger[ROOT]
13:28:24,990 |-INFO in ch.qos.logback.core.joran.action.AppenderRefAction - Attaching appender named [FILE] to Logger[ROOT]
13:28:24,990 |-INFO in ch.qos.logback.classic.joran.action.ConfigurationAction - End of configuration.
13:28:24,990 |-INFO in ch.qos.logback.classic.joran.JoranConfigurator@79698539 - Registering current configuration as safe fallback point

Ama winner
Ama winner
2019-06-10T13:28:26.267+0000: 1.738: [Full GC (Metadata GC Threshold) 2019-06-10T13:28:26.267+0000: 1.738: [Tenured: 0K->15176K(341376K), 0.0406510 secs] 114923K->15176K(494976K), [Metaspace: 20745K->20745K(1067008K)], 0.0407186 secs] [Times: user=0.04 sys=0.00, real=0.04 secs] 
13:28:48.394 [Curator-PathChildrenCache-1] WARN  o.a.c.u.ZKPaths  - The version of ZooKeeper being used doesn't support Container nodes. CreateMode.PERSISTENT will be used instead.
2019-06-10T13:28:50.804+0000: 26.276: [GC (Allocation Failure) 2019-06-10T13:28:50.804+0000: 26.276: [DefNew: 136576K->17023K(153600K), 0.0280342 secs] 151752K->52595K(494976K), 0.0281041 secs] [Times: user=0.02 sys=0.01, real=0.03 secs] 
2019-06-10T13:28:52.578+0000: 28.049: [Full GC (Metadata GC Threshold) 2019-06-10T13:28:52.578+0000: 28.049: [Tenured: 35571K->44269K(341376K), 0.0431683 secs] 90193K->44269K(494976K), [Metaspace: 34632K->34632K(1079296K)], 0.0432462 secs] [Times: user=0.04 sys=0.00, real=0.04 secs] 
2019-06-10T13:28:59.086+0000: 34.557: [GC (Allocation Failure) 2019-06-10T13:28:59.086+0000: 34.557: [DefNew: 136576K->64K(153600K), 0.0017393 secs] 180845K->44333K(494976K), 0.0017980 secs] [Times: user=0.00 sys=0.00, real=0.00 secs] 
2019-06-10T13:29:05.650+0000: 41.121: [GC (Allocation Failure) 2019-06-10T13:29:05.650+0000: 41.121: [DefNew: 136640K->65K(153600K), 0.0016858 secs] 180909K->44334K(494976K), 0.0017604 secs] [Times: user=0.00 sys=0.00, real=0.01 secs] 
2019-06-10T13:29:12.241+0000: 47.713: [GC (Allocation Failure) 2019-06-10T13:29:12.241+0000: 47.713: [DefNew: 136641K->70K(153600K), 0.0017800 secs] 180910K->44340K(494976K), 0.0018529 secs] [Times: user=0.00 sys=0.00, real=0.01 secs] 
2019-06-10T13:29:18.896+0000: 54.367: [GC (Allocation Failure) 2019-06-10T13:29:18.896+0000: 54.367: [DefNew: 136646K->68K(153600K), 0.0017541 secs] 180916K->44337K(494976K), 0.0018161 secs] [Times: user=0.00 sys=0.00, real=0.00 secs] 
2019-06-10T13:29:25.586+0000: 61.057: [GC (Allocation Failure) 2019-06-10T13:29:25.586+0000: 61.057: [DefNew: 136644K->257K(153600K), 0.0019682 secs] 180913K->44526K(494976K), 0.0020379 secs] [Times: user=0.00 sys=0.00, real=0.00 secs] 
13:29:42.965 [Curator-PathChildrenCache-0] ERROR o.a.c.f.r.c.PathChildrenCache  - 
java.lang.IllegalStateException: instance must be started before calling this method
	at org.apache.curator.shaded.com.google.common.base.Preconditions.checkState(Preconditions.java:444)
	at org.apache.curator.framework.imps.CuratorFrameworkImpl.getChildren(CuratorFrameworkImpl.java:456)
	at org.apache.curator.framework.recipes.cache.PathChildrenCache.refresh(PathChildrenCache.java:521)
	at org.apache.curator.framework.recipes.cache.RefreshOperation.invoke(RefreshOperation.java:35)
	at org.apache.curator.framework.recipes.cache.PathChildrenCache$9.run(PathChildrenCache.java:786)
	at java.util.concurrent.Executors$RunnableAdapter.call(Executors.java:511)
	at java.util.concurrent.FutureTask.run(FutureTask.java:266)
	at java.util.concurrent.Executors$RunnableAdapter.call(Executors.java:511)
	at java.util.concurrent.FutureTask.run(FutureTask.java:266)
	at java.util.concurrent.ThreadPoolExecutor.runWorker(ThreadPoolExecutor.java:1149)
	at java.util.concurrent.ThreadPoolExecutor$Worker.run(ThreadPoolExecutor.java:624)
	at java.lang.Thread.run(Thread.java:748)
Heap
 def new generation   total 153600K, used 103643K [0x00000000e0c00000, 0x00000000eb2a0000, 0x00000000eb2a0000)
  eden space 136576K,  75% used [0x00000000e0c00000, 0x00000000e70f66f0, 0x00000000e9160000)
  from space 17024K,   1% used [0x00000000e9160000, 0x00000000e91a0668, 0x00000000ea200000)
  to   space 17024K,   0% used [0x00000000ea200000, 0x00000000ea200000, 0x00000000eb2a0000)
 tenured generation   total 341376K, used 44269K [0x00000000eb2a0000, 0x0000000100000000, 0x0000000100000000)
   the space 341376K,  12% used [0x00000000eb2a0000, 0x00000000edddb468, 0x00000000edddb600, 0x0000000100000000)
 Metaspace       used 36102K, capacity 37002K, committed 37120K, reserved 1081344K
  class space    used 4868K, capacity 5075K, committed 5120K, reserved 1048576K
