13:05:49,796 |-INFO in ch.qos.logback.classic.LoggerContext[default] - Could NOT find resource [logback-test.xml]
13:05:49,796 |-INFO in ch.qos.logback.classic.LoggerContext[default] - Could NOT find resource [logback.groovy]
13:05:49,796 |-INFO in ch.qos.logback.classic.LoggerContext[default] - Found resource [logback.xml] at [jar:file:/root/flamestream/lib/flamestream-runtime-1.0-SNAPSHOT.jar!/logback.xml]
13:05:49,797 |-WARN in ch.qos.logback.classic.LoggerContext[default] - Resource [logback.xml] occurs multiple times on the classpath.
13:05:49,801 |-WARN in ch.qos.logback.classic.LoggerContext[default] - Resource [logback.xml] occurs at [jar:file:/root/flamestream/lib/flamestream-runtime-1.0-SNAPSHOT.jar!/logback.xml]
13:05:49,801 |-WARN in ch.qos.logback.classic.LoggerContext[default] - Resource [logback.xml] occurs at [jar:file:/root/flamestream/flamestream-runtime-1.0-SNAPSHOT.jar!/logback.xml]
13:05:49,823 |-INFO in ch.qos.logback.core.joran.spi.ConfigurationWatchList@3fb6a447 - URL [jar:file:/root/flamestream/lib/flamestream-runtime-1.0-SNAPSHOT.jar!/logback.xml] is not of type file
13:05:49,895 |-INFO in ch.qos.logback.classic.joran.action.ConfigurationAction - debug attribute not set
13:05:49,896 |-INFO in ch.qos.logback.core.joran.action.AppenderAction - About to instantiate appender of type [ch.qos.logback.core.ConsoleAppender]
13:05:49,914 |-INFO in ch.qos.logback.core.joran.action.AppenderAction - Naming appender as [STDOUT]
13:05:49,927 |-INFO in ch.qos.logback.core.joran.action.NestedComplexPropertyIA - Assuming default type [ch.qos.logback.classic.encoder.PatternLayoutEncoder] for [encoder] property
13:05:50,012 |-INFO in ch.qos.logback.core.joran.action.AppenderAction - About to instantiate appender of type [ch.qos.logback.core.rolling.RollingFileAppender]
13:05:50,017 |-INFO in ch.qos.logback.core.joran.action.AppenderAction - Naming appender as [FILE]
13:05:50,047 |-INFO in c.q.l.core.rolling.TimeBasedRollingPolicy@127618319 - No compression will be used
13:05:50,049 |-INFO in c.q.l.core.rolling.TimeBasedRollingPolicy@127618319 - Will use the pattern /tmp/application_%d{yyyy-MM-dd}.%i.log for the active file
13:05:50,052 |-INFO in ch.qos.logback.core.rolling.SizeAndTimeBasedFNATP@6b2fad11 - The date pattern is 'yyyy-MM-dd' from file name pattern '/tmp/application_%d{yyyy-MM-dd}.%i.log'.
13:05:50,052 |-INFO in ch.qos.logback.core.rolling.SizeAndTimeBasedFNATP@6b2fad11 - Roll-over at midnight.
13:05:50,057 |-INFO in ch.qos.logback.core.rolling.SizeAndTimeBasedFNATP@6b2fad11 - Setting initial period to Mon Jun 10 13:04:31 UTC 2019
13:05:50,057 |-WARN in ch.qos.logback.core.rolling.SizeAndTimeBasedFNATP@6b2fad11 - SizeAndTimeBasedFNATP is deprecated. Use SizeAndTimeBasedRollingPolicy instead
13:05:50,057 |-WARN in ch.qos.logback.core.rolling.SizeAndTimeBasedFNATP@6b2fad11 - For more information see http://logback.qos.ch/manual/appenders.html#SizeAndTimeBasedRollingPolicy
13:05:50,061 |-INFO in ch.qos.logback.core.joran.action.NestedComplexPropertyIA - Assuming default type [ch.qos.logback.classic.encoder.PatternLayoutEncoder] for [encoder] property
13:05:50,066 |-INFO in ch.qos.logback.core.rolling.RollingFileAppender[FILE] - Active log file name: /tmp/application.log
13:05:50,066 |-INFO in ch.qos.logback.core.rolling.RollingFileAppender[FILE] - File property is set to [/tmp/application.log]
13:05:50,066 |-INFO in ch.qos.logback.classic.joran.action.RootLoggerAction - Setting level of ROOT logger to WARN
13:05:50,067 |-INFO in ch.qos.logback.core.joran.action.AppenderRefAction - Attaching appender named [STDOUT] to Logger[ROOT]
13:05:50,068 |-INFO in ch.qos.logback.core.joran.action.AppenderRefAction - Attaching appender named [FILE] to Logger[ROOT]
13:05:50,068 |-INFO in ch.qos.logback.classic.joran.action.ConfigurationAction - End of configuration.
13:05:50,069 |-INFO in ch.qos.logback.classic.joran.JoranConfigurator@79698539 - Registering current configuration as safe fallback point

Ama winner
Ama winner
2019-06-10T13:05:51.411+0000: 1.792: [Full GC (Metadata GC Threshold) 2019-06-10T13:05:51.411+0000: 1.792: [Tenured: 0K->15242K(341376K), 0.0409167 secs] 114986K->15242K(494976K), [Metaspace: 20734K->20734K(1067008K)], 0.0409878 secs] [Times: user=0.03 sys=0.00, real=0.04 secs] 
13:06:10.708 [Curator-PathChildrenCache-1] WARN  o.a.c.u.ZKPaths  - The version of ZooKeeper being used doesn't support Container nodes. CreateMode.PERSISTENT will be used instead.
2019-06-10T13:06:13.272+0000: 23.654: [GC (Allocation Failure) 2019-06-10T13:06:13.272+0000: 23.654: [DefNew: 136576K->17023K(153600K), 0.0263002 secs] 151818K->52538K(494976K), 0.0263714 secs] [Times: user=0.02 sys=0.01, real=0.03 secs] 
2019-06-10T13:06:14.466+0000: 24.848: [Full GC (Metadata GC Threshold) 2019-06-10T13:06:14.466+0000: 24.848: [Tenured: 35514K->44447K(341376K), 0.0414850 secs] 80155K->44447K(494976K), [Metaspace: 34587K->34587K(1079296K)], 0.0415717 secs] [Times: user=0.04 sys=0.00, real=0.04 secs] 
2019-06-10T13:06:23.967+0000: 34.349: [GC (Allocation Failure) 2019-06-10T13:06:23.967+0000: 34.349: [DefNew: 136576K->111K(153600K), 0.0021347 secs] 181023K->44558K(494976K), 0.0022078 secs] [Times: user=0.00 sys=0.00, real=0.00 secs] 
2019-06-10T13:06:33.729+0000: 44.110: [GC (Allocation Failure) 2019-06-10T13:06:33.729+0000: 44.111: [DefNew: 136687K->214K(153600K), 0.0020899 secs] 181134K->44662K(494976K), 0.0021450 secs] [Times: user=0.00 sys=0.00, real=0.00 secs] 
2019-06-10T13:06:43.514+0000: 53.896: [GC (Allocation Failure) 2019-06-10T13:06:43.514+0000: 53.896: [DefNew: 136790K->219K(153600K), 0.0020491 secs] 181238K->44667K(494976K), 0.0021220 secs] [Times: user=0.00 sys=0.00, real=0.00 secs] 
2019-06-10T13:06:53.365+0000: 63.748: [GC (Allocation Failure) 2019-06-10T13:06:53.366+0000: 63.748: [DefNew: 136795K->515K(153600K), 0.0025134 secs] 181243K->44962K(494976K), 0.0034396 secs] [Times: user=0.00 sys=0.00, real=0.00 secs] 
2019-06-10T13:07:05.315+0000: 75.697: [GC (Allocation Failure) 2019-06-10T13:07:05.315+0000: 75.697: [DefNew: 137091K->311K(153600K), 0.0023772 secs] 181538K->44758K(494976K), 0.0024404 secs] [Times: user=0.00 sys=0.00, real=0.01 secs] 
2019-06-10T13:07:17.295+0000: 87.677: [GC (Allocation Failure) 2019-06-10T13:07:17.295+0000: 87.677: [DefNew: 136887K->308K(153600K), 0.0023403 secs] 181334K->44756K(494976K), 0.0023991 secs] [Times: user=0.00 sys=0.00, real=0.01 secs] 
13:07:35.023 [Curator-PathChildrenCache-0] ERROR o.a.c.f.r.c.PathChildrenCache  - 
java.lang.IllegalStateException: instance must be started before calling this method
	at org.apache.curator.shaded.com.google.common.base.Preconditions.checkState(Preconditions.java:444)
	at org.apache.curator.framework.imps.CuratorFrameworkImpl.getChildren(CuratorFrameworkImpl.java:456)
	at org.apache.curator.framework.recipes.cache.PathChildrenCache.refresh(PathChildrenCache.java:521)
	at org.apache.curator.framework.recipes.cache.RefreshOperation.invoke(RefreshOperation.java:35)
	at org.apache.curator.framework.recipes.cache.PathChildrenCache$9.run(PathChildrenCache.java:786)
	at java.util.concurrent.Executors$RunnableAdapter.call(Executors.java:511)
	at java.util.concurrent.FutureTask.run(FutureTask.java:266)
	at java.util.concurrent.Executors$RunnableAdapter.call(Executors.java:511)
	at java.util.concurrent.FutureTask.run(FutureTask.java:266)
	at java.util.concurrent.ThreadPoolExecutor.runWorker(ThreadPoolExecutor.java:1149)
	at java.util.concurrent.ThreadPoolExecutor$Worker.run(ThreadPoolExecutor.java:624)
	at java.lang.Thread.run(Thread.java:748)
Heap
 def new generation   total 153600K, used 122844K [0x00000000e0c00000, 0x00000000eb2a0000, 0x00000000eb2a0000)
  eden space 136576K,  89% used [0x00000000e0c00000, 0x00000000e83a9f00, 0x00000000e9160000)
  from space 17024K,   1% used [0x00000000ea200000, 0x00000000ea24d228, 0x00000000eb2a0000)
  to   space 17024K,   0% used [0x00000000e9160000, 0x00000000e9160000, 0x00000000ea200000)
 tenured generation   total 341376K, used 44447K [0x00000000eb2a0000, 0x0000000100000000, 0x0000000100000000)
   the space 341376K,  13% used [0x00000000eb2a0000, 0x00000000ede07ea0, 0x00000000ede08000, 0x0000000100000000)
 Metaspace       used 36351K, capacity 37266K, committed 37376K, reserved 1081344K
  class space    used 4874K, capacity 5077K, committed 5120K, reserved 1048576K
