00:17:03,956 |-INFO in ch.qos.logback.classic.LoggerContext[default] - Could NOT find resource [logback-test.xml]
00:17:03,956 |-INFO in ch.qos.logback.classic.LoggerContext[default] - Could NOT find resource [logback.groovy]
00:17:03,957 |-INFO in ch.qos.logback.classic.LoggerContext[default] - Found resource [logback.xml] at [jar:file:/home/nikitasokolov/flamestream/lib/flamestream-runtime-1.0-SNAPSHOT.jar!/logback.xml]
00:17:03,957 |-WARN in ch.qos.logback.classic.LoggerContext[default] - Resource [logback.xml] occurs multiple times on the classpath.
00:17:03,957 |-WARN in ch.qos.logback.classic.LoggerContext[default] - Resource [logback.xml] occurs at [jar:file:/home/nikitasokolov/flamestream/lib/flamestream-runtime-1.0-SNAPSHOT.jar!/logback.xml]
00:17:03,957 |-WARN in ch.qos.logback.classic.LoggerContext[default] - Resource [logback.xml] occurs at [jar:file:/home/nikitasokolov/flamestream/flamestream-runtime-1.0-SNAPSHOT.jar!/logback.xml]
00:17:03,974 |-INFO in ch.qos.logback.core.joran.spi.ConfigurationWatchList@6108b2d7 - URL [jar:file:/home/nikitasokolov/flamestream/lib/flamestream-runtime-1.0-SNAPSHOT.jar!/logback.xml] is not of type file
00:17:04,025 |-INFO in ch.qos.logback.classic.joran.action.ConfigurationAction - debug attribute not set
00:17:04,025 |-INFO in ch.qos.logback.core.joran.action.AppenderAction - About to instantiate appender of type [ch.qos.logback.core.ConsoleAppender]
00:17:04,034 |-INFO in ch.qos.logback.core.joran.action.AppenderAction - Naming appender as [STDOUT]
00:17:04,042 |-INFO in ch.qos.logback.core.joran.action.NestedComplexPropertyIA - Assuming default type [ch.qos.logback.classic.encoder.PatternLayoutEncoder] for [encoder] property
00:17:04,098 |-INFO in ch.qos.logback.core.joran.action.AppenderAction - About to instantiate appender of type [ch.qos.logback.core.rolling.RollingFileAppender]
00:17:04,104 |-INFO in ch.qos.logback.core.joran.action.AppenderAction - Naming appender as [FILE]
00:17:04,127 |-INFO in c.q.l.core.rolling.TimeBasedRollingPolicy@357863579 - No compression will be used
00:17:04,128 |-INFO in c.q.l.core.rolling.TimeBasedRollingPolicy@357863579 - Will use the pattern /tmp/application_%d{yyyy-MM-dd}.%i.log for the active file
00:17:04,131 |-INFO in ch.qos.logback.core.rolling.SizeAndTimeBasedFNATP@6bf256fa - The date pattern is 'yyyy-MM-dd' from file name pattern '/tmp/application_%d{yyyy-MM-dd}.%i.log'.
00:17:04,131 |-INFO in ch.qos.logback.core.rolling.SizeAndTimeBasedFNATP@6bf256fa - Roll-over at midnight.
00:17:04,135 |-INFO in ch.qos.logback.core.rolling.SizeAndTimeBasedFNATP@6bf256fa - Setting initial period to Sun Jun 09 00:16:19 MSK 2019
00:17:04,135 |-WARN in ch.qos.logback.core.rolling.SizeAndTimeBasedFNATP@6bf256fa - SizeAndTimeBasedFNATP is deprecated. Use SizeAndTimeBasedRollingPolicy instead
00:17:04,135 |-WARN in ch.qos.logback.core.rolling.SizeAndTimeBasedFNATP@6bf256fa - For more information see http://logback.qos.ch/manual/appenders.html#SizeAndTimeBasedRollingPolicy
00:17:04,140 |-INFO in ch.qos.logback.core.joran.action.NestedComplexPropertyIA - Assuming default type [ch.qos.logback.classic.encoder.PatternLayoutEncoder] for [encoder] property
00:17:04,143 |-INFO in ch.qos.logback.core.rolling.RollingFileAppender[FILE] - Active log file name: /tmp/application.log
00:17:04,143 |-INFO in ch.qos.logback.core.rolling.RollingFileAppender[FILE] - File property is set to [/tmp/application.log]
00:17:04,144 |-INFO in ch.qos.logback.classic.joran.action.RootLoggerAction - Setting level of ROOT logger to WARN
00:17:04,144 |-INFO in ch.qos.logback.core.joran.action.AppenderRefAction - Attaching appender named [STDOUT] to Logger[ROOT]
00:17:04,145 |-INFO in ch.qos.logback.core.joran.action.AppenderRefAction - Attaching appender named [FILE] to Logger[ROOT]
00:17:04,145 |-INFO in ch.qos.logback.classic.joran.action.ConfigurationAction - End of configuration.
00:17:04,145 |-INFO in ch.qos.logback.classic.joran.JoranConfigurator@6cd8737 - Registering current configuration as safe fallback point

2019-06-09T00:17:05.137+0300: 1.380: [GC (Metadata GC Threshold) [PSYoungGen: 110722K->15940K(149504K)] 110722K->16020K(491008K), 0.0198287 secs] [Times: user=0.09 sys=0.02, real=0.02 secs] 
2019-06-09T00:17:05.157+0300: 1.400: [Full GC (Metadata GC Threshold) [PSYoungGen: 15940K->0K(149504K)] [ParOldGen: 80K->15078K(341504K)] 16020K->15078K(491008K), [Metaspace: 20806K->20806K(1067008K)], 0.0299221 secs] [Times: user=0.20 sys=0.02, real=0.03 secs] 
00:17:17.040 [Curator-PathChildrenCache-1] WARN  o.a.c.u.ZKPaths  - The version of ZooKeeper being used doesn't support Container nodes. CreateMode.PERSISTENT will be used instead.
2019-06-09T00:17:18.307+0300: 14.549: [GC (Metadata GC Threshold) [PSYoungGen: 126445K->15798K(149504K)] 141523K->50415K(491008K), 0.0295614 secs] [Times: user=0.23 sys=0.02, real=0.03 secs] 
2019-06-09T00:17:18.336+0300: 14.578: [Full GC (Metadata GC Threshold) [PSYoungGen: 15798K->0K(149504K)] [ParOldGen: 34617K->38908K(341504K)] 50415K->38908K(491008K), [Metaspace: 34583K->34583K(1079296K)], 0.0472857 secs] [Times: user=0.27 sys=0.03, real=0.05 secs] 
2019-06-09T00:17:20.614+0300: 16.856: [GC (Allocation Failure) [PSYoungGen: 128512K->672K(149504K)] 167420K->39588K(491008K), 0.0027695 secs] [Times: user=0.01 sys=0.01, real=0.00 secs] 
2019-06-09T00:17:22.831+0300: 19.073: [GC (Allocation Failure) [PSYoungGen: 129184K->544K(149504K)] 168100K->39468K(491008K), 0.0028690 secs] [Times: user=0.02 sys=0.00, real=0.00 secs] 
2019-06-09T00:17:25.292+0300: 21.534: [GC (Allocation Failure) [PSYoungGen: 129056K->512K(129024K)] 167980K->39444K(470528K), 0.0038159 secs] [Times: user=0.03 sys=0.00, real=0.00 secs] 
2019-06-09T00:17:27.540+0300: 23.782: [GC (Allocation Failure) [PSYoungGen: 129024K->576K(150016K)] 167956K->39516K(491520K), 0.0034790 secs] [Times: user=0.02 sys=0.00, real=0.00 secs] 
2019-06-09T00:17:29.532+0300: 25.775: [GC (Allocation Failure) [PSYoungGen: 129088K->608K(148992K)] 168028K->39556K(490496K), 0.0064799 secs] [Times: user=0.03 sys=0.02, real=0.01 secs] 
2019-06-09T00:17:31.868+0300: 28.110: [GC (Allocation Failure) [PSYoungGen: 129120K->640K(151552K)] 168068K->39588K(493056K), 0.0033748 secs] [Times: user=0.02 sys=0.01, real=0.01 secs] 
2019-06-09T00:17:33.660+0300: 29.902: [GC (Allocation Failure) [PSYoungGen: 132736K->640K(151040K)] 171684K->39596K(492544K), 0.0043000 secs] [Times: user=0.04 sys=0.00, real=0.00 secs] 
2019-06-09T00:17:35.591+0300: 31.833: [GC (Allocation Failure) [PSYoungGen: 132736K->608K(153088K)] 171692K->39564K(494592K), 0.0037689 secs] [Times: user=0.01 sys=0.00, real=0.00 secs] 
2019-06-09T00:17:37.503+0300: 33.745: [GC (Allocation Failure) [PSYoungGen: 135776K->640K(152576K)] 174732K->39596K(494080K), 0.0028664 secs] [Times: user=0.01 sys=0.00, real=0.00 secs] 
2019-06-09T00:17:39.593+0300: 35.836: [GC (Allocation Failure) [PSYoungGen: 135808K->576K(154624K)] 174764K->39540K(496128K), 0.0035819 secs] [Times: user=0.00 sys=0.00, real=0.00 secs] 
2019-06-09T00:17:41.341+0300: 37.583: [GC (Allocation Failure) [PSYoungGen: 138816K->608K(154112K)] 177780K->39572K(495616K), 0.0066103 secs] [Times: user=0.05 sys=0.00, real=0.00 secs] 
2019-06-09T00:17:43.039+0300: 39.282: [GC (Allocation Failure) [PSYoungGen: 138848K->704K(156672K)] 177812K->39668K(498176K), 0.0063045 secs] [Times: user=0.06 sys=0.00, real=0.00 secs] 
2019-06-09T00:17:45.325+0300: 41.567: [GC (Allocation Failure) [PSYoungGen: 142528K->768K(155648K)] 181492K->39732K(497152K), 0.0053650 secs] [Times: user=0.02 sys=0.01, real=0.01 secs] 
2019-06-09T00:17:47.555+0300: 43.797: [GC (Allocation Failure) [PSYoungGen: 142592K->704K(158208K)] 181556K->39676K(499712K), 0.0029916 secs] [Times: user=0.01 sys=0.00, real=0.01 secs] 
2019-06-09T00:17:49.833+0300: 46.075: [GC (Allocation Failure) [PSYoungGen: 145600K->768K(157184K)] 184572K->39740K(498688K), 0.0053356 secs] [Times: user=0.04 sys=0.00, real=0.01 secs] 
2019-06-09T00:17:51.971+0300: 48.213: [GC (Allocation Failure) [PSYoungGen: 145664K->544K(159232K)] 184636K->39788K(500736K), 0.0040751 secs] [Times: user=0.01 sys=0.00, real=0.00 secs] 
2019-06-09T00:17:54.870+0300: 51.112: [GC (Allocation Failure) [PSYoungGen: 148000K->480K(158720K)] 187244K->39796K(500224K), 0.0050468 secs] [Times: user=0.03 sys=0.00, real=0.00 secs] 
00:18:02.397 [Curator-PathChildrenCache-0] ERROR o.a.c.f.r.c.PathChildrenCache  - 
java.lang.IllegalStateException: instance must be started before calling this method
	at org.apache.curator.shaded.com.google.common.base.Preconditions.checkState(Preconditions.java:444)
	at org.apache.curator.framework.imps.CuratorFrameworkImpl.getChildren(CuratorFrameworkImpl.java:456)
	at org.apache.curator.framework.recipes.cache.PathChildrenCache.refresh(PathChildrenCache.java:521)
	at org.apache.curator.framework.recipes.cache.RefreshOperation.invoke(RefreshOperation.java:35)
	at org.apache.curator.framework.recipes.cache.PathChildrenCache$9.run(PathChildrenCache.java:786)
	at java.util.concurrent.Executors$RunnableAdapter.call(Executors.java:511)
	at java.util.concurrent.FutureTask.run(FutureTask.java:266)
	at java.util.concurrent.Executors$RunnableAdapter.call(Executors.java:511)
	at java.util.concurrent.FutureTask.run(FutureTask.java:266)
	at java.util.concurrent.ThreadPoolExecutor.runWorker(ThreadPoolExecutor.java:1149)
	at java.util.concurrent.ThreadPoolExecutor$Worker.run(ThreadPoolExecutor.java:624)
	at java.lang.Thread.run(Thread.java:748)
Heap
 PSYoungGen      total 158720K, used 81428K [0x00000000f5980000, 0x0000000100000000, 0x0000000100000000)
  eden space 147456K, 54% used [0x00000000f5980000,0x00000000fa88d0e0,0x00000000fe980000)
  from space 11264K, 4% used [0x00000000fe980000,0x00000000fe9f8050,0x00000000ff480000)
  to   space 10240K, 0% used [0x00000000ff600000,0x00000000ff600000,0x0000000100000000)
 ParOldGen       total 341504K, used 39316K [0x00000000e0c00000, 0x00000000f5980000, 0x00000000f5980000)
  object space 341504K, 11% used [0x00000000e0c00000,0x00000000e32650d8,0x00000000f5980000)
 Metaspace       used 35817K, capacity 36686K, committed 36952K, reserved 1081344K
  class space    used 4937K, capacity 5129K, committed 5248K, reserved 1048576K
