12:59:25,926 |-INFO in ch.qos.logback.classic.LoggerContext[default] - Could NOT find resource [logback-test.xml]
12:59:25,926 |-INFO in ch.qos.logback.classic.LoggerContext[default] - Could NOT find resource [logback.groovy]
12:59:25,926 |-INFO in ch.qos.logback.classic.LoggerContext[default] - Found resource [logback.xml] at [jar:file:/root/flamestream/lib/flamestream-runtime-1.0-SNAPSHOT.jar!/logback.xml]
12:59:25,927 |-WARN in ch.qos.logback.classic.LoggerContext[default] - Resource [logback.xml] occurs multiple times on the classpath.
12:59:25,927 |-WARN in ch.qos.logback.classic.LoggerContext[default] - Resource [logback.xml] occurs at [jar:file:/root/flamestream/lib/flamestream-runtime-1.0-SNAPSHOT.jar!/logback.xml]
12:59:25,927 |-WARN in ch.qos.logback.classic.LoggerContext[default] - Resource [logback.xml] occurs at [jar:file:/root/flamestream/flamestream-runtime-1.0-SNAPSHOT.jar!/logback.xml]
12:59:25,946 |-INFO in ch.qos.logback.core.joran.spi.ConfigurationWatchList@3fb6a447 - URL [jar:file:/root/flamestream/lib/flamestream-runtime-1.0-SNAPSHOT.jar!/logback.xml] is not of type file
12:59:26,021 |-INFO in ch.qos.logback.classic.joran.action.ConfigurationAction - debug attribute not set
12:59:26,022 |-INFO in ch.qos.logback.core.joran.action.AppenderAction - About to instantiate appender of type [ch.qos.logback.core.ConsoleAppender]
12:59:26,038 |-INFO in ch.qos.logback.core.joran.action.AppenderAction - Naming appender as [STDOUT]
12:59:26,054 |-INFO in ch.qos.logback.core.joran.action.NestedComplexPropertyIA - Assuming default type [ch.qos.logback.classic.encoder.PatternLayoutEncoder] for [encoder] property
12:59:26,141 |-INFO in ch.qos.logback.core.joran.action.AppenderAction - About to instantiate appender of type [ch.qos.logback.core.rolling.RollingFileAppender]
12:59:26,146 |-INFO in ch.qos.logback.core.joran.action.AppenderAction - Naming appender as [FILE]
12:59:26,177 |-INFO in c.q.l.core.rolling.TimeBasedRollingPolicy@127618319 - No compression will be used
12:59:26,178 |-INFO in c.q.l.core.rolling.TimeBasedRollingPolicy@127618319 - Will use the pattern /tmp/application_%d{yyyy-MM-dd}.%i.log for the active file
12:59:26,181 |-INFO in ch.qos.logback.core.rolling.SizeAndTimeBasedFNATP@6b2fad11 - The date pattern is 'yyyy-MM-dd' from file name pattern '/tmp/application_%d{yyyy-MM-dd}.%i.log'.
12:59:26,181 |-INFO in ch.qos.logback.core.rolling.SizeAndTimeBasedFNATP@6b2fad11 - Roll-over at midnight.
12:59:26,187 |-INFO in ch.qos.logback.core.rolling.SizeAndTimeBasedFNATP@6b2fad11 - Setting initial period to Mon Jun 10 12:54:59 UTC 2019
12:59:26,187 |-WARN in ch.qos.logback.core.rolling.SizeAndTimeBasedFNATP@6b2fad11 - SizeAndTimeBasedFNATP is deprecated. Use SizeAndTimeBasedRollingPolicy instead
12:59:26,187 |-WARN in ch.qos.logback.core.rolling.SizeAndTimeBasedFNATP@6b2fad11 - For more information see http://logback.qos.ch/manual/appenders.html#SizeAndTimeBasedRollingPolicy
12:59:26,191 |-INFO in ch.qos.logback.core.joran.action.NestedComplexPropertyIA - Assuming default type [ch.qos.logback.classic.encoder.PatternLayoutEncoder] for [encoder] property
12:59:26,196 |-INFO in ch.qos.logback.core.rolling.RollingFileAppender[FILE] - Active log file name: /tmp/application.log
12:59:26,196 |-INFO in ch.qos.logback.core.rolling.RollingFileAppender[FILE] - File property is set to [/tmp/application.log]
12:59:26,197 |-INFO in ch.qos.logback.classic.joran.action.RootLoggerAction - Setting level of ROOT logger to WARN
12:59:26,197 |-INFO in ch.qos.logback.core.joran.action.AppenderRefAction - Attaching appender named [STDOUT] to Logger[ROOT]
12:59:26,199 |-INFO in ch.qos.logback.core.joran.action.AppenderRefAction - Attaching appender named [FILE] to Logger[ROOT]
12:59:26,199 |-INFO in ch.qos.logback.classic.joran.action.ConfigurationAction - End of configuration.
12:59:26,199 |-INFO in ch.qos.logback.classic.joran.JoranConfigurator@79698539 - Registering current configuration as safe fallback point

Ama winner
Ama winner
2019-06-10T12:59:27.465+0000: 1.726: [Full GC (Metadata GC Threshold) 2019-06-10T12:59:27.465+0000: 1.726: [Tenured: 0K->15177K(341376K), 0.0395484 secs] 114923K->15177K(494976K), [Metaspace: 20738K->20738K(1067008K)], 0.0396168 secs] [Times: user=0.03 sys=0.01, real=0.03 secs] 
12:59:46.698 [Curator-PathChildrenCache-1] WARN  o.a.c.u.ZKPaths  - The version of ZooKeeper being used doesn't support Container nodes. CreateMode.PERSISTENT will be used instead.
2019-06-10T12:59:49.013+0000: 23.274: [GC (Allocation Failure) 2019-06-10T12:59:49.013+0000: 23.274: [DefNew: 136576K->17024K(153600K), 0.0274650 secs] 151753K->52636K(494976K), 0.0275405 secs] [Times: user=0.02 sys=0.01, real=0.03 secs] 
2019-06-10T12:59:51.035+0000: 25.295: [Full GC (Metadata GC Threshold) 2019-06-10T12:59:51.035+0000: 25.295: [Tenured: 35612K->44270K(341376K), 0.0412916 secs] 82676K->44270K(494976K), [Metaspace: 34571K->34571K(1079296K)], 0.0413640 secs] [Times: user=0.04 sys=0.00, real=0.04 secs] 
2019-06-10T13:00:01.146+0000: 35.407: [GC (Allocation Failure) 2019-06-10T13:00:01.146+0000: 35.407: [DefNew: 136576K->78K(153600K), 0.0020445 secs] 180846K->44349K(494976K), 0.0021202 secs] [Times: user=0.00 sys=0.00, real=0.00 secs] 
2019-06-10T13:00:11.654+0000: 45.915: [GC (Allocation Failure) 2019-06-10T13:00:11.654+0000: 45.915: [DefNew: 136654K->81K(153600K), 0.0018633 secs] 180925K->44352K(494976K), 0.0019215 secs] [Times: user=0.00 sys=0.00, real=0.00 secs] 
2019-06-10T13:00:22.227+0000: 56.487: [GC (Allocation Failure) 2019-06-10T13:00:22.227+0000: 56.487: [DefNew: 136657K->80K(153600K), 0.0019844 secs] 180928K->44351K(494976K), 0.0020492 secs] [Times: user=0.00 sys=0.00, real=0.00 secs] 
2019-06-10T13:00:33.588+0000: 67.848: [GC (Allocation Failure) 2019-06-10T13:00:33.588+0000: 67.848: [DefNew: 136656K->419K(153600K), 0.0023829 secs] 180927K->44690K(494976K), 0.0024539 secs] [Times: user=0.01 sys=0.00, real=0.00 secs] 
2019-06-10T13:00:46.512+0000: 80.772: [GC (Allocation Failure) 2019-06-10T13:00:46.512+0000: 80.772: [DefNew: 136995K->169K(153600K), 0.0020929 secs] 181266K->44440K(494976K), 0.0021518 secs] [Times: user=0.01 sys=0.00, real=0.00 secs] 
2019-06-10T13:00:59.550+0000: 93.810: [GC (Allocation Failure) 2019-06-10T13:00:59.550+0000: 93.810: [DefNew: 136745K->176K(153600K), 0.0021992 secs] 181016K->44447K(494976K), 0.0022555 secs] [Times: user=0.00 sys=0.00, real=0.00 secs] 
13:01:19.452 [Curator-PathChildrenCache-0] ERROR o.a.c.f.r.c.PathChildrenCache  - 
java.lang.IllegalStateException: instance must be started before calling this method
	at org.apache.curator.shaded.com.google.common.base.Preconditions.checkState(Preconditions.java:444)
	at org.apache.curator.framework.imps.CuratorFrameworkImpl.getChildren(CuratorFrameworkImpl.java:456)
	at org.apache.curator.framework.recipes.cache.PathChildrenCache.refresh(PathChildrenCache.java:521)
	at org.apache.curator.framework.recipes.cache.RefreshOperation.invoke(RefreshOperation.java:35)
	at org.apache.curator.framework.recipes.cache.PathChildrenCache$9.run(PathChildrenCache.java:786)
	at java.util.concurrent.Executors$RunnableAdapter.call(Executors.java:511)
	at java.util.concurrent.FutureTask.run(FutureTask.java:266)
	at java.util.concurrent.Executors$RunnableAdapter.call(Executors.java:511)
	at java.util.concurrent.FutureTask.run(FutureTask.java:266)
	at java.util.concurrent.ThreadPoolExecutor.runWorker(ThreadPoolExecutor.java:1149)
	at java.util.concurrent.ThreadPoolExecutor$Worker.run(ThreadPoolExecutor.java:624)
	at java.lang.Thread.run(Thread.java:748)
Heap
 def new generation   total 153600K, used 135721K [0x00000000e0c00000, 0x00000000eb2a0000, 0x00000000eb2a0000)
  eden space 136576K,  99% used [0x00000000e0c00000, 0x00000000e905e020, 0x00000000e9160000)
  from space 17024K,   1% used [0x00000000ea200000, 0x00000000ea22c3e0, 0x00000000eb2a0000)
  to   space 17024K,   0% used [0x00000000e9160000, 0x00000000e9160000, 0x00000000ea200000)
 tenured generation   total 341376K, used 44270K [0x00000000eb2a0000, 0x0000000100000000, 0x0000000100000000)
   the space 341376K,  12% used [0x00000000eb2a0000, 0x00000000edddbbb8, 0x00000000edddbc00, 0x0000000100000000)
 Metaspace       used 36306K, capacity 37196K, committed 37376K, reserved 1081344K
  class space    used 4856K, capacity 5076K, committed 5120K, reserved 1048576K
