07:35:11,477 |-INFO in ch.qos.logback.classic.LoggerContext[default] - Could NOT find resource [logback-test.xml]
07:35:11,477 |-INFO in ch.qos.logback.classic.LoggerContext[default] - Could NOT find resource [logback.groovy]
07:35:11,477 |-INFO in ch.qos.logback.classic.LoggerContext[default] - Found resource [logback.xml] at [jar:file:/root/flamestream/lib/flamestream-runtime-1.0-SNAPSHOT.jar!/logback.xml]
07:35:11,478 |-WARN in ch.qos.logback.classic.LoggerContext[default] - Resource [logback.xml] occurs multiple times on the classpath.
07:35:11,478 |-WARN in ch.qos.logback.classic.LoggerContext[default] - Resource [logback.xml] occurs at [jar:file:/root/flamestream/lib/flamestream-runtime-1.0-SNAPSHOT.jar!/logback.xml]
07:35:11,478 |-WARN in ch.qos.logback.classic.LoggerContext[default] - Resource [logback.xml] occurs at [jar:file:/root/flamestream/flamestream-runtime-1.0-SNAPSHOT.jar!/logback.xml]
07:35:11,497 |-INFO in ch.qos.logback.core.joran.spi.ConfigurationWatchList@3fb6a447 - URL [jar:file:/root/flamestream/lib/flamestream-runtime-1.0-SNAPSHOT.jar!/logback.xml] is not of type file
07:35:11,566 |-INFO in ch.qos.logback.classic.joran.action.ConfigurationAction - debug attribute not set
07:35:11,566 |-INFO in ch.qos.logback.core.joran.action.AppenderAction - About to instantiate appender of type [ch.qos.logback.core.ConsoleAppender]
07:35:11,586 |-INFO in ch.qos.logback.core.joran.action.AppenderAction - Naming appender as [STDOUT]
07:35:11,602 |-INFO in ch.qos.logback.core.joran.action.NestedComplexPropertyIA - Assuming default type [ch.qos.logback.classic.encoder.PatternLayoutEncoder] for [encoder] property
07:35:11,680 |-INFO in ch.qos.logback.core.joran.action.AppenderAction - About to instantiate appender of type [ch.qos.logback.core.rolling.RollingFileAppender]
07:35:11,685 |-INFO in ch.qos.logback.core.joran.action.AppenderAction - Naming appender as [FILE]
07:35:11,716 |-INFO in c.q.l.core.rolling.TimeBasedRollingPolicy@127618319 - No compression will be used
07:35:11,718 |-INFO in c.q.l.core.rolling.TimeBasedRollingPolicy@127618319 - Will use the pattern /tmp/application_%d{yyyy-MM-dd}.%i.log for the active file
07:35:11,721 |-INFO in ch.qos.logback.core.rolling.SizeAndTimeBasedFNATP@6b2fad11 - The date pattern is 'yyyy-MM-dd' from file name pattern '/tmp/application_%d{yyyy-MM-dd}.%i.log'.
07:35:11,721 |-INFO in ch.qos.logback.core.rolling.SizeAndTimeBasedFNATP@6b2fad11 - Roll-over at midnight.
07:35:11,726 |-INFO in ch.qos.logback.core.rolling.SizeAndTimeBasedFNATP@6b2fad11 - Setting initial period to Tue Jun 11 07:33:43 UTC 2019
07:35:11,726 |-WARN in ch.qos.logback.core.rolling.SizeAndTimeBasedFNATP@6b2fad11 - SizeAndTimeBasedFNATP is deprecated. Use SizeAndTimeBasedRollingPolicy instead
07:35:11,726 |-WARN in ch.qos.logback.core.rolling.SizeAndTimeBasedFNATP@6b2fad11 - For more information see http://logback.qos.ch/manual/appenders.html#SizeAndTimeBasedRollingPolicy
07:35:11,730 |-INFO in ch.qos.logback.core.joran.action.NestedComplexPropertyIA - Assuming default type [ch.qos.logback.classic.encoder.PatternLayoutEncoder] for [encoder] property
07:35:11,735 |-INFO in ch.qos.logback.core.rolling.RollingFileAppender[FILE] - Active log file name: /tmp/application.log
07:35:11,735 |-INFO in ch.qos.logback.core.rolling.RollingFileAppender[FILE] - File property is set to [/tmp/application.log]
07:35:11,736 |-INFO in ch.qos.logback.classic.joran.action.RootLoggerAction - Setting level of ROOT logger to WARN
07:35:11,736 |-INFO in ch.qos.logback.core.joran.action.AppenderRefAction - Attaching appender named [STDOUT] to Logger[ROOT]
07:35:11,738 |-INFO in ch.qos.logback.core.joran.action.AppenderRefAction - Attaching appender named [FILE] to Logger[ROOT]
07:35:11,738 |-INFO in ch.qos.logback.classic.joran.action.ConfigurationAction - End of configuration.
07:35:11,738 |-INFO in ch.qos.logback.classic.joran.JoranConfigurator@79698539 - Registering current configuration as safe fallback point

Ama winner
Ama winner
2019-06-11T07:35:13.199+0000: 1.907: [Full GC (Metadata GC Threshold) 2019-06-11T07:35:13.199+0000: 1.907: [Tenured: 0K->15208K(341376K), 0.0407210 secs] 114987K->15208K(494976K), [Metaspace: 20731K->20731K(1067008K)], 0.0407894 secs] [Times: user=0.03 sys=0.01, real=0.04 secs] 
07:35:33.139 [Curator-PathChildrenCache-2] WARN  o.a.c.u.ZKPaths  - The version of ZooKeeper being used doesn't support Container nodes. CreateMode.PERSISTENT will be used instead.
2019-06-11T07:35:35.206+0000: 23.914: [GC (Allocation Failure) 2019-06-11T07:35:35.206+0000: 23.914: [DefNew: 136576K->17024K(153600K), 0.0269723 secs] 151784K->53089K(494976K), 0.0270608 secs] [Times: user=0.02 sys=0.00, real=0.02 secs] 
2019-06-11T07:35:35.724+0000: 24.432: [Full GC (Metadata GC Threshold) 2019-06-11T07:35:35.724+0000: 24.432: [Tenured: 36065K->44801K(341376K), 0.0380346 secs] 72552K->44801K(494976K), [Metaspace: 34560K->34560K(1079296K)], 0.0381250 secs] [Times: user=0.03 sys=0.01, real=0.04 secs] 
2019-06-11T07:35:38.672+0000: 27.380: [GC (Allocation Failure) 2019-06-11T07:35:38.672+0000: 27.380: [DefNew: 136576K->80K(153600K), 0.0018931 secs] 181377K->44881K(494976K), 0.0019642 secs] [Times: user=0.00 sys=0.00, real=0.01 secs] 
2019-06-11T07:35:41.531+0000: 30.239: [GC (Allocation Failure) 2019-06-11T07:35:41.531+0000: 30.239: [DefNew: 136656K->127K(153600K), 0.0017639 secs] 181457K->44928K(494976K), 0.0018266 secs] [Times: user=0.00 sys=0.00, real=0.00 secs] 
2019-06-11T07:35:44.394+0000: 33.102: [GC (Allocation Failure) 2019-06-11T07:35:44.394+0000: 33.102: [DefNew: 136703K->130K(153600K), 0.0017393 secs] 181504K->44931K(494976K), 0.0017945 secs] [Times: user=0.00 sys=0.00, real=0.00 secs] 
2019-06-11T07:35:47.281+0000: 35.989: [GC (Allocation Failure) 2019-06-11T07:35:47.281+0000: 35.989: [DefNew: 136706K->169K(153600K), 0.0017495 secs] 181507K->44970K(494976K), 0.0018084 secs] [Times: user=0.00 sys=0.00, real=0.00 secs] 
2019-06-11T07:35:50.124+0000: 38.832: [GC (Allocation Failure) 2019-06-11T07:35:50.124+0000: 38.832: [DefNew: 136745K->161K(153600K), 0.0018461 secs] 181546K->44963K(494976K), 0.0019102 secs] [Times: user=0.01 sys=0.00, real=0.01 secs] 
2019-06-11T07:35:52.995+0000: 41.703: [GC (Allocation Failure) 2019-06-11T07:35:52.995+0000: 41.703: [DefNew: 136737K->167K(153600K), 0.0018244 secs] 181539K->44968K(494976K), 0.0018945 secs] [Times: user=0.00 sys=0.00, real=0.00 secs] 
2019-06-11T07:35:55.855+0000: 44.562: [GC (Allocation Failure) 2019-06-11T07:35:55.855+0000: 44.563: [DefNew: 136743K->164K(153600K), 0.0017527 secs] 181544K->44965K(494976K), 0.0018132 secs] [Times: user=0.00 sys=0.00, real=0.00 secs] 
2019-06-11T07:35:58.728+0000: 47.436: [GC (Allocation Failure) 2019-06-11T07:35:58.728+0000: 47.436: [DefNew: 136740K->165K(153600K), 0.0018561 secs] 181541K->44966K(494976K), 0.0019173 secs] [Times: user=0.00 sys=0.00, real=0.00 secs] 
07:36:05.686 [Curator-PathChildrenCache-0] ERROR o.a.c.f.r.c.PathChildrenCache  - 
java.lang.IllegalStateException: instance must be started before calling this method
	at org.apache.curator.shaded.com.google.common.base.Preconditions.checkState(Preconditions.java:444)
	at org.apache.curator.framework.imps.CuratorFrameworkImpl.getChildren(CuratorFrameworkImpl.java:456)
	at org.apache.curator.framework.recipes.cache.PathChildrenCache.refresh(PathChildrenCache.java:521)
	at org.apache.curator.framework.recipes.cache.RefreshOperation.invoke(RefreshOperation.java:35)
	at org.apache.curator.framework.recipes.cache.PathChildrenCache$9.run(PathChildrenCache.java:786)
	at java.util.concurrent.Executors$RunnableAdapter.call(Executors.java:511)
	at java.util.concurrent.FutureTask.run(FutureTask.java:266)
	at java.util.concurrent.Executors$RunnableAdapter.call(Executors.java:511)
	at java.util.concurrent.FutureTask.run(FutureTask.java:266)
	at java.util.concurrent.ThreadPoolExecutor.runWorker(ThreadPoolExecutor.java:1149)
	at java.util.concurrent.ThreadPoolExecutor$Worker.run(ThreadPoolExecutor.java:624)
	at java.lang.Thread.run(Thread.java:748)
Heap
 def new generation   total 153600K, used 117543K [0x00000000e0c00000, 0x00000000eb2a0000, 0x00000000eb2a0000)
  eden space 136576K,  85% used [0x00000000e0c00000, 0x00000000e7ea07e0, 0x00000000e9160000)
  from space 17024K,   0% used [0x00000000ea200000, 0x00000000ea229560, 0x00000000eb2a0000)
  to   space 17024K,   0% used [0x00000000e9160000, 0x00000000e9160000, 0x00000000ea200000)
 tenured generation   total 341376K, used 44801K [0x00000000eb2a0000, 0x0000000100000000, 0x0000000100000000)
   the space 341376K,  13% used [0x00000000eb2a0000, 0x00000000ede60440, 0x00000000ede60600, 0x0000000100000000)
 Metaspace       used 35961K, capacity 36930K, committed 37120K, reserved 1081344K
  class space    used 4858K, capacity 5059K, committed 5120K, reserved 1048576K
