14:13:56,600 |-INFO in ch.qos.logback.classic.LoggerContext[default] - Could NOT find resource [logback-test.xml]
14:13:56,600 |-INFO in ch.qos.logback.classic.LoggerContext[default] - Could NOT find resource [logback.groovy]
14:13:56,600 |-INFO in ch.qos.logback.classic.LoggerContext[default] - Found resource [logback.xml] at [jar:file:/home/nikitasokolov/flamestream/lib/flamestream-runtime-1.0-SNAPSHOT.jar!/logback.xml]
14:13:56,601 |-WARN in ch.qos.logback.classic.LoggerContext[default] - Resource [logback.xml] occurs multiple times on the classpath.
14:13:56,601 |-WARN in ch.qos.logback.classic.LoggerContext[default] - Resource [logback.xml] occurs at [jar:file:/home/nikitasokolov/flamestream/lib/flamestream-runtime-1.0-SNAPSHOT.jar!/logback.xml]
14:13:56,601 |-WARN in ch.qos.logback.classic.LoggerContext[default] - Resource [logback.xml] occurs at [jar:file:/home/nikitasokolov/flamestream/flamestream-runtime-1.0-SNAPSHOT.jar!/logback.xml]
14:13:56,616 |-INFO in ch.qos.logback.core.joran.spi.ConfigurationWatchList@6108b2d7 - URL [jar:file:/home/nikitasokolov/flamestream/lib/flamestream-runtime-1.0-SNAPSHOT.jar!/logback.xml] is not of type file
14:13:56,667 |-INFO in ch.qos.logback.classic.joran.action.ConfigurationAction - debug attribute not set
14:13:56,667 |-INFO in ch.qos.logback.core.joran.action.AppenderAction - About to instantiate appender of type [ch.qos.logback.core.ConsoleAppender]
14:13:56,675 |-INFO in ch.qos.logback.core.joran.action.AppenderAction - Naming appender as [STDOUT]
14:13:56,683 |-INFO in ch.qos.logback.core.joran.action.NestedComplexPropertyIA - Assuming default type [ch.qos.logback.classic.encoder.PatternLayoutEncoder] for [encoder] property
14:13:56,739 |-INFO in ch.qos.logback.core.joran.action.AppenderAction - About to instantiate appender of type [ch.qos.logback.core.rolling.RollingFileAppender]
14:13:56,744 |-INFO in ch.qos.logback.core.joran.action.AppenderAction - Naming appender as [FILE]
14:13:56,767 |-INFO in c.q.l.core.rolling.TimeBasedRollingPolicy@357863579 - No compression will be used
14:13:56,768 |-INFO in c.q.l.core.rolling.TimeBasedRollingPolicy@357863579 - Will use the pattern /tmp/application_%d{yyyy-MM-dd}.%i.log for the active file
14:13:56,771 |-INFO in ch.qos.logback.core.rolling.SizeAndTimeBasedFNATP@6bf256fa - The date pattern is 'yyyy-MM-dd' from file name pattern '/tmp/application_%d{yyyy-MM-dd}.%i.log'.
14:13:56,771 |-INFO in ch.qos.logback.core.rolling.SizeAndTimeBasedFNATP@6bf256fa - Roll-over at midnight.
14:13:56,775 |-INFO in ch.qos.logback.core.rolling.SizeAndTimeBasedFNATP@6bf256fa - Setting initial period to Sun Jun 09 14:13:13 MSK 2019
14:13:56,775 |-WARN in ch.qos.logback.core.rolling.SizeAndTimeBasedFNATP@6bf256fa - SizeAndTimeBasedFNATP is deprecated. Use SizeAndTimeBasedRollingPolicy instead
14:13:56,775 |-WARN in ch.qos.logback.core.rolling.SizeAndTimeBasedFNATP@6bf256fa - For more information see http://logback.qos.ch/manual/appenders.html#SizeAndTimeBasedRollingPolicy
14:13:56,780 |-INFO in ch.qos.logback.core.joran.action.NestedComplexPropertyIA - Assuming default type [ch.qos.logback.classic.encoder.PatternLayoutEncoder] for [encoder] property
14:13:56,783 |-INFO in ch.qos.logback.core.rolling.RollingFileAppender[FILE] - Active log file name: /tmp/application.log
14:13:56,783 |-INFO in ch.qos.logback.core.rolling.RollingFileAppender[FILE] - File property is set to [/tmp/application.log]
14:13:56,784 |-INFO in ch.qos.logback.classic.joran.action.RootLoggerAction - Setting level of ROOT logger to WARN
14:13:56,784 |-INFO in ch.qos.logback.core.joran.action.AppenderRefAction - Attaching appender named [STDOUT] to Logger[ROOT]
14:13:56,785 |-INFO in ch.qos.logback.core.joran.action.AppenderRefAction - Attaching appender named [FILE] to Logger[ROOT]
14:13:56,785 |-INFO in ch.qos.logback.classic.joran.action.ConfigurationAction - End of configuration.
14:13:56,785 |-INFO in ch.qos.logback.classic.joran.JoranConfigurator@6cd8737 - Registering current configuration as safe fallback point

2019-06-09T14:13:57.776+0300: 1.386: [GC (Metadata GC Threshold) [PSYoungGen: 110721K->16020K(149504K)] 110721K->16100K(491008K), 0.0243569 secs] [Times: user=0.08 sys=0.04, real=0.03 secs] 
2019-06-09T14:13:57.801+0300: 1.410: [Full GC (Metadata GC Threshold) [PSYoungGen: 16020K->0K(149504K)] [ParOldGen: 80K->15086K(341504K)] 16100K->15086K(491008K), [Metaspace: 20802K->20802K(1067008K)], 0.0302949 secs] [Times: user=0.17 sys=0.02, real=0.03 secs] 
14:14:09.079 [Curator-PathChildrenCache-1] WARN  o.a.c.u.ZKPaths  - The version of ZooKeeper being used doesn't support Container nodes. CreateMode.PERSISTENT will be used instead.
2019-06-09T14:14:09.996+0300: 13.605: [GC (Metadata GC Threshold) [PSYoungGen: 127697K->15771K(149504K)] 142784K->50397K(491008K), 0.0261253 secs] [Times: user=0.20 sys=0.03, real=0.03 secs] 
2019-06-09T14:14:10.022+0300: 13.631: [Full GC (Metadata GC Threshold) [PSYoungGen: 15771K->0K(149504K)] [ParOldGen: 34625K->38899K(341504K)] 50397K->38899K(491008K), [Metaspace: 34543K->34543K(1079296K)], 0.0369012 secs] [Times: user=0.20 sys=0.01, real=0.04 secs] 
2019-06-09T14:14:12.168+0300: 15.777: [GC (Allocation Failure) [PSYoungGen: 128512K->480K(149504K)] 167411K->39387K(491008K), 0.0039742 secs] [Times: user=0.02 sys=0.00, real=0.01 secs] 
2019-06-09T14:14:14.652+0300: 18.261: [GC (Allocation Failure) [PSYoungGen: 128992K->512K(149504K)] 167899K->39427K(491008K), 0.0029186 secs] [Times: user=0.02 sys=0.00, real=0.00 secs] 
2019-06-09T14:14:17.191+0300: 20.800: [GC (Allocation Failure) [PSYoungGen: 129024K->480K(129024K)] 167939K->39403K(470528K), 0.0095115 secs] [Times: user=0.09 sys=0.00, real=0.01 secs] 
2019-06-09T14:14:19.737+0300: 23.346: [GC (Allocation Failure) [PSYoungGen: 128992K->544K(150016K)] 167915K->39467K(491520K), 0.0033309 secs] [Times: user=0.02 sys=0.00, real=0.01 secs] 
2019-06-09T14:14:22.264+0300: 25.873: [GC (Allocation Failure) [PSYoungGen: 129056K->480K(148992K)] 167979K->39403K(490496K), 0.0054530 secs] [Times: user=0.04 sys=0.00, real=0.00 secs] 
2019-06-09T14:14:24.826+0300: 28.436: [GC (Allocation Failure) [PSYoungGen: 128992K->480K(151552K)] 167915K->39411K(493056K), 0.0046617 secs] [Times: user=0.03 sys=0.01, real=0.01 secs] 
2019-06-09T14:14:27.450+0300: 31.059: [GC (Allocation Failure) [PSYoungGen: 132064K->480K(150528K)] 170995K->39419K(492032K), 0.0038633 secs] [Times: user=0.02 sys=0.01, real=0.00 secs] 
2019-06-09T14:14:30.039+0300: 33.648: [GC (Allocation Failure) [PSYoungGen: 132064K->352K(153088K)] 171003K->39299K(494592K), 0.0030984 secs] [Times: user=0.02 sys=0.00, real=0.00 secs] 
14:14:38.758 [Curator-PathChildrenCache-0] ERROR o.a.c.f.r.c.PathChildrenCache  - 
java.lang.IllegalStateException: instance must be started before calling this method
	at org.apache.curator.shaded.com.google.common.base.Preconditions.checkState(Preconditions.java:444)
	at org.apache.curator.framework.imps.CuratorFrameworkImpl.getChildren(CuratorFrameworkImpl.java:456)
	at org.apache.curator.framework.recipes.cache.PathChildrenCache.refresh(PathChildrenCache.java:521)
	at org.apache.curator.framework.recipes.cache.RefreshOperation.invoke(RefreshOperation.java:35)
	at org.apache.curator.framework.recipes.cache.PathChildrenCache$9.run(PathChildrenCache.java:786)
	at java.util.concurrent.Executors$RunnableAdapter.call(Executors.java:511)
	at java.util.concurrent.FutureTask.run(FutureTask.java:266)
	at java.util.concurrent.Executors$RunnableAdapter.call(Executors.java:511)
	at java.util.concurrent.FutureTask.run(FutureTask.java:266)
	at java.util.concurrent.ThreadPoolExecutor.runWorker(ThreadPoolExecutor.java:1149)
	at java.util.concurrent.ThreadPoolExecutor$Worker.run(ThreadPoolExecutor.java:624)
	at java.lang.Thread.run(Thread.java:748)
Heap
 PSYoungGen      total 153088K, used 18465K [0x00000000f5980000, 0x0000000100000000, 0x0000000100000000)
  eden space 135168K, 13% used [0x00000000f5980000,0x00000000f6b305c0,0x00000000fdd80000)
  from space 17920K, 1% used [0x00000000fee80000,0x00000000feed8020,0x0000000100000000)
  to   space 17408K, 0% used [0x00000000fdd80000,0x00000000fdd80000,0x00000000fee80000)
 ParOldGen       total 341504K, used 38947K [0x00000000e0c00000, 0x00000000f5980000, 0x00000000f5980000)
  object space 341504K, 11% used [0x00000000e0c00000,0x00000000e3208e00,0x00000000f5980000)
 Metaspace       used 35681K, capacity 36542K, committed 36952K, reserved 1081344K
  class space    used 4936K, capacity 5129K, committed 5248K, reserved 1048576K
