23:06:43,454 |-INFO in ch.qos.logback.classic.LoggerContext[default] - Could NOT find resource [logback-test.xml]
23:06:43,454 |-INFO in ch.qos.logback.classic.LoggerContext[default] - Could NOT find resource [logback.groovy]
23:06:43,455 |-INFO in ch.qos.logback.classic.LoggerContext[default] - Found resource [logback.xml] at [jar:file:/home/nikitasokolov/flamestream/lib/flamestream-runtime-1.0-SNAPSHOT.jar!/logback.xml]
23:06:43,455 |-WARN in ch.qos.logback.classic.LoggerContext[default] - Resource [logback.xml] occurs multiple times on the classpath.
23:06:43,455 |-WARN in ch.qos.logback.classic.LoggerContext[default] - Resource [logback.xml] occurs at [jar:file:/home/nikitasokolov/flamestream/lib/flamestream-runtime-1.0-SNAPSHOT.jar!/logback.xml]
23:06:43,455 |-WARN in ch.qos.logback.classic.LoggerContext[default] - Resource [logback.xml] occurs at [jar:file:/home/nikitasokolov/flamestream/flamestream-runtime-1.0-SNAPSHOT.jar!/logback.xml]
23:06:43,471 |-INFO in ch.qos.logback.core.joran.spi.ConfigurationWatchList@6108b2d7 - URL [jar:file:/home/nikitasokolov/flamestream/lib/flamestream-runtime-1.0-SNAPSHOT.jar!/logback.xml] is not of type file
23:06:43,520 |-INFO in ch.qos.logback.classic.joran.action.ConfigurationAction - debug attribute not set
23:06:43,521 |-INFO in ch.qos.logback.core.joran.action.AppenderAction - About to instantiate appender of type [ch.qos.logback.core.ConsoleAppender]
23:06:43,528 |-INFO in ch.qos.logback.core.joran.action.AppenderAction - Naming appender as [STDOUT]
23:06:43,536 |-INFO in ch.qos.logback.core.joran.action.NestedComplexPropertyIA - Assuming default type [ch.qos.logback.classic.encoder.PatternLayoutEncoder] for [encoder] property
23:06:43,589 |-INFO in ch.qos.logback.core.joran.action.AppenderAction - About to instantiate appender of type [ch.qos.logback.core.rolling.RollingFileAppender]
23:06:43,594 |-INFO in ch.qos.logback.core.joran.action.AppenderAction - Naming appender as [FILE]
23:06:43,616 |-INFO in c.q.l.core.rolling.TimeBasedRollingPolicy@357863579 - No compression will be used
23:06:43,618 |-INFO in c.q.l.core.rolling.TimeBasedRollingPolicy@357863579 - Will use the pattern /tmp/application_%d{yyyy-MM-dd}.%i.log for the active file
23:06:43,620 |-INFO in ch.qos.logback.core.rolling.SizeAndTimeBasedFNATP@6bf256fa - The date pattern is 'yyyy-MM-dd' from file name pattern '/tmp/application_%d{yyyy-MM-dd}.%i.log'.
23:06:43,620 |-INFO in ch.qos.logback.core.rolling.SizeAndTimeBasedFNATP@6bf256fa - Roll-over at midnight.
23:06:43,624 |-INFO in ch.qos.logback.core.rolling.SizeAndTimeBasedFNATP@6bf256fa - Setting initial period to Sat Jun 08 23:06:06 MSK 2019
23:06:43,624 |-WARN in ch.qos.logback.core.rolling.SizeAndTimeBasedFNATP@6bf256fa - SizeAndTimeBasedFNATP is deprecated. Use SizeAndTimeBasedRollingPolicy instead
23:06:43,624 |-WARN in ch.qos.logback.core.rolling.SizeAndTimeBasedFNATP@6bf256fa - For more information see http://logback.qos.ch/manual/appenders.html#SizeAndTimeBasedRollingPolicy
23:06:43,629 |-INFO in ch.qos.logback.core.joran.action.NestedComplexPropertyIA - Assuming default type [ch.qos.logback.classic.encoder.PatternLayoutEncoder] for [encoder] property
23:06:43,631 |-INFO in ch.qos.logback.core.rolling.RollingFileAppender[FILE] - Active log file name: /tmp/application.log
23:06:43,631 |-INFO in ch.qos.logback.core.rolling.RollingFileAppender[FILE] - File property is set to [/tmp/application.log]
23:06:43,632 |-INFO in ch.qos.logback.classic.joran.action.RootLoggerAction - Setting level of ROOT logger to WARN
23:06:43,632 |-INFO in ch.qos.logback.core.joran.action.AppenderRefAction - Attaching appender named [STDOUT] to Logger[ROOT]
23:06:43,633 |-INFO in ch.qos.logback.core.joran.action.AppenderRefAction - Attaching appender named [FILE] to Logger[ROOT]
23:06:43,633 |-INFO in ch.qos.logback.classic.joran.action.ConfigurationAction - End of configuration.
23:06:43,633 |-INFO in ch.qos.logback.classic.joran.JoranConfigurator@6cd8737 - Registering current configuration as safe fallback point

2019-06-08T23:06:44.641+0300: 1.391: [GC (Metadata GC Threshold) [PSYoungGen: 108152K->15831K(149504K)] 108152K->15911K(491008K), 0.0218551 secs] [Times: user=0.10 sys=0.00, real=0.02 secs] 
2019-06-08T23:06:44.663+0300: 1.413: [Full GC (Metadata GC Threshold) [PSYoungGen: 15831K->0K(149504K)] [ParOldGen: 80K->14981K(341504K)] 15911K->14981K(491008K), [Metaspace: 20802K->20802K(1067008K)], 0.0289306 secs] [Times: user=0.19 sys=0.01, real=0.03 secs] 
23:06:55.168 [Curator-PathChildrenCache-1] WARN  o.a.c.u.ZKPaths  - The version of ZooKeeper being used doesn't support Container nodes. CreateMode.PERSISTENT will be used instead.
2019-06-08T23:06:56.150+0300: 12.900: [GC (Metadata GC Threshold) [PSYoungGen: 125352K->20971K(149504K)] 140334K->49826K(491008K), 0.0288607 secs] [Times: user=0.28 sys=0.02, real=0.03 secs] 
2019-06-08T23:06:56.179+0300: 12.929: [Full GC (Metadata GC Threshold) [PSYoungGen: 20971K->0K(149504K)] [ParOldGen: 28855K->38831K(341504K)] 49826K->38831K(491008K), [Metaspace: 34572K->34572K(1079296K)], 0.0433735 secs] [Times: user=0.16 sys=0.02, real=0.04 secs] 
2019-06-08T23:06:58.322+0300: 15.072: [GC (Allocation Failure) [PSYoungGen: 128512K->576K(149504K)] 167343K->39415K(491008K), 0.0030690 secs] [Times: user=0.02 sys=0.01, real=0.00 secs] 
2019-06-08T23:07:00.639+0300: 17.389: [GC (Allocation Failure) [PSYoungGen: 129088K->640K(149504K)] 167927K->39487K(491008K), 0.0036452 secs] [Times: user=0.03 sys=0.00, real=0.00 secs] 
2019-06-08T23:07:02.915+0300: 19.665: [GC (Allocation Failure) [PSYoungGen: 129152K->768K(129536K)] 167999K->39623K(471040K), 0.0032473 secs] [Times: user=0.02 sys=0.00, real=0.01 secs] 
2019-06-08T23:07:04.848+0300: 21.598: [GC (Allocation Failure) [PSYoungGen: 129280K->768K(133120K)] 168135K->39631K(474624K), 0.0031764 secs] [Times: user=0.02 sys=0.00, real=0.01 secs] 
2019-06-08T23:07:06.311+0300: 23.061: [GC (Allocation Failure) [PSYoungGen: 93952K->800K(130560K)] 132815K->39663K(472064K), 0.0033671 secs] [Times: user=0.01 sys=0.00, real=0.00 secs] 
2019-06-08T23:07:07.473+0300: 24.223: [GC (Allocation Failure) [PSYoungGen: 93984K->864K(137216K)] 132847K->39727K(478720K), 0.0081201 secs] [Times: user=0.06 sys=0.01, real=0.01 secs] 
2019-06-08T23:07:09.159+0300: 25.909: [GC (Allocation Failure) [PSYoungGen: 102752K->800K(135168K)] 141615K->39671K(476672K), 0.0024577 secs] [Times: user=0.01 sys=0.01, real=0.00 secs] 
2019-06-08T23:07:10.628+0300: 27.379: [GC (Allocation Failure) [PSYoungGen: 102688K->864K(140288K)] 141559K->39735K(481792K), 0.0041631 secs] [Times: user=0.01 sys=0.02, real=0.01 secs] 
2019-06-08T23:07:12.111+0300: 28.861: [GC (Allocation Failure) [PSYoungGen: 109408K->800K(138752K)] 148279K->39671K(480256K), 0.0645726 secs] [Times: user=0.01 sys=0.00, real=0.06 secs] 
2019-06-08T23:07:13.692+0300: 30.442: [GC (Allocation Failure) [PSYoungGen: 109344K->800K(143360K)] 148215K->39671K(484864K), 0.0028145 secs] [Times: user=0.01 sys=0.00, real=0.00 secs] 
2019-06-08T23:07:15.426+0300: 32.176: [GC (Allocation Failure) [PSYoungGen: 115488K->736K(141824K)] 154359K->39607K(483328K), 0.0029734 secs] [Times: user=0.01 sys=0.00, real=0.00 secs] 
2019-06-08T23:07:17.499+0300: 34.249: [GC (Allocation Failure) [PSYoungGen: 115424K->800K(146432K)] 154295K->39671K(487936K), 0.0027992 secs] [Times: user=0.01 sys=0.00, real=0.00 secs] 
2019-06-08T23:07:19.151+0300: 35.901: [GC (Allocation Failure) [PSYoungGen: 121632K->768K(144896K)] 160503K->39639K(486400K), 0.0031193 secs] [Times: user=0.01 sys=0.00, real=0.00 secs] 
2019-06-08T23:07:20.687+0300: 37.437: [GC (Allocation Failure) [PSYoungGen: 121600K->768K(148992K)] 160471K->39639K(490496K), 0.0033938 secs] [Times: user=0.02 sys=0.00, real=0.01 secs] 
2019-06-08T23:07:22.251+0300: 39.001: [GC (Allocation Failure) [PSYoungGen: 127232K->864K(147968K)] 166103K->39735K(489472K), 0.0030824 secs] [Times: user=0.01 sys=0.00, real=0.00 secs] 
2019-06-08T23:07:23.792+0300: 40.542: [GC (Allocation Failure) [PSYoungGen: 127328K->576K(151552K)] 166199K->39767K(493056K), 0.0040663 secs] [Times: user=0.03 sys=0.00, real=0.00 secs] 
2019-06-08T23:07:25.258+0300: 42.008: [GC (Allocation Failure) [PSYoungGen: 132160K->448K(150528K)] 171351K->39855K(492032K), 0.0034971 secs] [Times: user=0.01 sys=0.01, real=0.00 secs] 
2019-06-08T23:07:26.912+0300: 43.662: [GC (Allocation Failure) [PSYoungGen: 132032K->320K(154112K)] 171439K->39775K(495616K), 0.0028000 secs] [Times: user=0.01 sys=0.00, real=0.00 secs] 
2019-06-08T23:07:29.005+0300: 45.755: [GC (Allocation Failure) [PSYoungGen: 137024K->384K(153088K)] 176479K->39903K(494592K), 0.0027654 secs] [Times: user=0.02 sys=0.00, real=0.00 secs] 
2019-06-08T23:07:31.224+0300: 47.974: [GC (Allocation Failure) [PSYoungGen: 137088K->416K(156160K)] 176607K->39935K(497664K), 0.0029185 secs] [Times: user=0.02 sys=0.01, real=0.00 secs] 
23:07:42.914 [Curator-PathChildrenCache-0] ERROR o.a.c.f.r.c.PathChildrenCache  - 
java.lang.IllegalStateException: instance must be started before calling this method
	at org.apache.curator.shaded.com.google.common.base.Preconditions.checkState(Preconditions.java:444)
	at org.apache.curator.framework.imps.CuratorFrameworkImpl.getChildren(CuratorFrameworkImpl.java:456)
	at org.apache.curator.framework.recipes.cache.PathChildrenCache.refresh(PathChildrenCache.java:521)
	at org.apache.curator.framework.recipes.cache.RefreshOperation.invoke(RefreshOperation.java:35)
	at org.apache.curator.framework.recipes.cache.PathChildrenCache$9.run(PathChildrenCache.java:786)
	at java.util.concurrent.Executors$RunnableAdapter.call(Executors.java:511)
	at java.util.concurrent.FutureTask.run(FutureTask.java:266)
	at java.util.concurrent.Executors$RunnableAdapter.call(Executors.java:511)
	at java.util.concurrent.FutureTask.run(FutureTask.java:266)
	at java.util.concurrent.ThreadPoolExecutor.runWorker(ThreadPoolExecutor.java:1149)
	at java.util.concurrent.ThreadPoolExecutor$Worker.run(ThreadPoolExecutor.java:624)
	at java.lang.Thread.run(Thread.java:748)
Heap
 PSYoungGen      total 156160K, used 140960K [0x00000000f5980000, 0x0000000100000000, 0x0000000100000000)
  eden space 140800K, 99% used [0x00000000f5980000,0x00000000fe2c0110,0x00000000fe300000)
  from space 15360K, 2% used [0x00000000ff100000,0x00000000ff168000,0x0000000100000000)
  to   space 14336K, 0% used [0x00000000fe300000,0x00000000fe300000,0x00000000ff100000)
 ParOldGen       total 341504K, used 39519K [0x00000000e0c00000, 0x00000000f5980000, 0x00000000f5980000)
  object space 341504K, 11% used [0x00000000e0c00000,0x00000000e3297e20,0x00000000f5980000)
 Metaspace       used 35804K, capacity 36686K, committed 36952K, reserved 1081344K
  class space    used 4935K, capacity 5129K, committed 5248K, reserved 1048576K
