19:05:56,658 |-INFO in ch.qos.logback.classic.LoggerContext[default] - Could NOT find resource [logback-test.xml]
19:05:56,658 |-INFO in ch.qos.logback.classic.LoggerContext[default] - Could NOT find resource [logback.groovy]
19:05:56,658 |-INFO in ch.qos.logback.classic.LoggerContext[default] - Found resource [logback.xml] at [jar:file:/root/flamestream/lib/flamestream-runtime-1.0-SNAPSHOT.jar!/logback.xml]
19:05:56,663 |-WARN in ch.qos.logback.classic.LoggerContext[default] - Resource [logback.xml] occurs multiple times on the classpath.
19:05:56,663 |-WARN in ch.qos.logback.classic.LoggerContext[default] - Resource [logback.xml] occurs at [jar:file:/root/flamestream/lib/flamestream-runtime-1.0-SNAPSHOT.jar!/logback.xml]
19:05:56,663 |-WARN in ch.qos.logback.classic.LoggerContext[default] - Resource [logback.xml] occurs at [jar:file:/root/flamestream/flamestream-runtime-1.0-SNAPSHOT.jar!/logback.xml]
19:05:56,682 |-INFO in ch.qos.logback.core.joran.spi.ConfigurationWatchList@3fb6a447 - URL [jar:file:/root/flamestream/lib/flamestream-runtime-1.0-SNAPSHOT.jar!/logback.xml] is not of type file
19:05:56,749 |-INFO in ch.qos.logback.classic.joran.action.ConfigurationAction - debug attribute not set
19:05:56,750 |-INFO in ch.qos.logback.core.joran.action.AppenderAction - About to instantiate appender of type [ch.qos.logback.core.ConsoleAppender]
19:05:56,767 |-INFO in ch.qos.logback.core.joran.action.AppenderAction - Naming appender as [STDOUT]
19:05:56,779 |-INFO in ch.qos.logback.core.joran.action.NestedComplexPropertyIA - Assuming default type [ch.qos.logback.classic.encoder.PatternLayoutEncoder] for [encoder] property
19:05:56,884 |-INFO in ch.qos.logback.core.joran.action.AppenderAction - About to instantiate appender of type [ch.qos.logback.core.rolling.RollingFileAppender]
19:05:56,895 |-INFO in ch.qos.logback.core.joran.action.AppenderAction - Naming appender as [FILE]
19:05:56,922 |-INFO in c.q.l.core.rolling.TimeBasedRollingPolicy@127618319 - No compression will be used
19:05:56,923 |-INFO in c.q.l.core.rolling.TimeBasedRollingPolicy@127618319 - Will use the pattern /tmp/application_%d{yyyy-MM-dd}.%i.log for the active file
19:05:56,926 |-INFO in ch.qos.logback.core.rolling.SizeAndTimeBasedFNATP@6b2fad11 - The date pattern is 'yyyy-MM-dd' from file name pattern '/tmp/application_%d{yyyy-MM-dd}.%i.log'.
19:05:56,926 |-INFO in ch.qos.logback.core.rolling.SizeAndTimeBasedFNATP@6b2fad11 - Roll-over at midnight.
19:05:56,931 |-INFO in ch.qos.logback.core.rolling.SizeAndTimeBasedFNATP@6b2fad11 - Setting initial period to Mon Jun 10 19:04:25 UTC 2019
19:05:56,931 |-WARN in ch.qos.logback.core.rolling.SizeAndTimeBasedFNATP@6b2fad11 - SizeAndTimeBasedFNATP is deprecated. Use SizeAndTimeBasedRollingPolicy instead
19:05:56,931 |-WARN in ch.qos.logback.core.rolling.SizeAndTimeBasedFNATP@6b2fad11 - For more information see http://logback.qos.ch/manual/appenders.html#SizeAndTimeBasedRollingPolicy
19:05:56,935 |-INFO in ch.qos.logback.core.joran.action.NestedComplexPropertyIA - Assuming default type [ch.qos.logback.classic.encoder.PatternLayoutEncoder] for [encoder] property
19:05:56,940 |-INFO in ch.qos.logback.core.rolling.RollingFileAppender[FILE] - Active log file name: /tmp/application.log
19:05:56,940 |-INFO in ch.qos.logback.core.rolling.RollingFileAppender[FILE] - File property is set to [/tmp/application.log]
19:05:56,941 |-INFO in ch.qos.logback.classic.joran.action.RootLoggerAction - Setting level of ROOT logger to WARN
19:05:56,941 |-INFO in ch.qos.logback.core.joran.action.AppenderRefAction - Attaching appender named [STDOUT] to Logger[ROOT]
19:05:56,943 |-INFO in ch.qos.logback.core.joran.action.AppenderRefAction - Attaching appender named [FILE] to Logger[ROOT]
19:05:56,943 |-INFO in ch.qos.logback.classic.joran.action.ConfigurationAction - End of configuration.
19:05:56,944 |-INFO in ch.qos.logback.classic.joran.JoranConfigurator@79698539 - Registering current configuration as safe fallback point

Ama winner
Ama winner
2019-06-10T19:05:58.199+0000: 1.727: [Full GC (Metadata GC Threshold) 2019-06-10T19:05:58.199+0000: 1.727: [Tenured: 0K->15207K(341376K), 0.0382554 secs] 112223K->15207K(494976K), [Metaspace: 20724K->20724K(1067008K)], 0.0383182 secs] [Times: user=0.03 sys=0.00, real=0.04 secs] 
19:06:19.582 [Curator-PathChildrenCache-1] WARN  o.a.c.u.ZKPaths  - The version of ZooKeeper being used doesn't support Container nodes. CreateMode.PERSISTENT will be used instead.
2019-06-10T19:06:22.117+0000: 25.645: [GC (Allocation Failure) 2019-06-10T19:06:22.117+0000: 25.645: [DefNew: 118389K->17024K(153600K), 0.0179150 secs] 133596K->33006K(494976K), 0.0179837 secs] [Times: user=0.01 sys=0.01, real=0.02 secs] 
2019-06-10T19:06:24.224+0000: 27.752: [Full GC (Metadata GC Threshold) 2019-06-10T19:06:24.225+0000: 27.752: [Tenured: 15982K->44391K(341376K), 0.0864361 secs] 94397K->44391K(494976K), [Metaspace: 34595K->34595K(1079296K)], 0.0865152 secs] [Times: user=0.08 sys=0.01, real=0.09 secs] 
2019-06-10T19:06:31.863+0000: 35.390: [GC (Allocation Failure) 2019-06-10T19:06:31.863+0000: 35.390: [DefNew: 136576K->125K(153600K), 0.0019112 secs] 180967K->44517K(494976K), 0.0019764 secs] [Times: user=0.00 sys=0.00, real=0.00 secs] 
2019-06-10T19:06:39.418+0000: 42.945: [GC (Allocation Failure) 2019-06-10T19:06:39.418+0000: 42.945: [DefNew: 136701K->130K(153600K), 0.0017798 secs] 181093K->44522K(494976K), 0.0018408 secs] [Times: user=0.00 sys=0.00, real=0.00 secs] 
2019-06-10T19:06:47.102+0000: 50.629: [GC (Allocation Failure) 2019-06-10T19:06:47.102+0000: 50.629: [DefNew: 136706K->125K(153600K), 0.0018005 secs] 181098K->44517K(494976K), 0.0018622 secs] [Times: user=0.00 sys=0.00, real=0.00 secs] 
2019-06-10T19:06:54.762+0000: 58.290: [GC (Allocation Failure) 2019-06-10T19:06:54.762+0000: 58.290: [DefNew: 136701K->125K(153600K), 0.0018470 secs] 181093K->44517K(494976K), 0.0019230 secs] [Times: user=0.00 sys=0.00, real=0.00 secs] 
2019-06-10T19:07:02.869+0000: 66.397: [GC (Allocation Failure) 2019-06-10T19:07:02.869+0000: 66.397: [DefNew: 136701K->461K(153600K), 0.0022950 secs] 181093K->44852K(494976K), 0.0023561 secs] [Times: user=0.00 sys=0.00, real=0.00 secs] 
19:07:20.745 [Curator-PathChildrenCache-0] ERROR o.a.c.f.r.c.PathChildrenCache  - 
java.lang.IllegalStateException: instance must be started before calling this method
	at org.apache.curator.shaded.com.google.common.base.Preconditions.checkState(Preconditions.java:444)
	at org.apache.curator.framework.imps.CuratorFrameworkImpl.getChildren(CuratorFrameworkImpl.java:456)
	at org.apache.curator.framework.recipes.cache.PathChildrenCache.refresh(PathChildrenCache.java:521)
	at org.apache.curator.framework.recipes.cache.RefreshOperation.invoke(RefreshOperation.java:35)
	at org.apache.curator.framework.recipes.cache.PathChildrenCache$9.run(PathChildrenCache.java:786)
	at java.util.concurrent.Executors$RunnableAdapter.call(Executors.java:511)
	at java.util.concurrent.FutureTask.run(FutureTask.java:266)
	at java.util.concurrent.Executors$RunnableAdapter.call(Executors.java:511)
	at java.util.concurrent.FutureTask.run(FutureTask.java:266)
	at java.util.concurrent.ThreadPoolExecutor.runWorker(ThreadPoolExecutor.java:1149)
	at java.util.concurrent.ThreadPoolExecutor$Worker.run(ThreadPoolExecutor.java:624)
	at java.lang.Thread.run(Thread.java:748)
Heap
 def new generation   total 153600K, used 129854K [0x00000000e0c00000, 0x00000000eb2a0000, 0x00000000eb2a0000)
  eden space 136576K,  94% used [0x00000000e0c00000, 0x00000000e8a5c6b8, 0x00000000e9160000)
  from space 17024K,   2% used [0x00000000e9160000, 0x00000000e91d3400, 0x00000000ea200000)
  to   space 17024K,   0% used [0x00000000ea200000, 0x00000000ea200000, 0x00000000eb2a0000)
 tenured generation   total 341376K, used 44391K [0x00000000eb2a0000, 0x0000000100000000, 0x0000000100000000)
   the space 341376K,  13% used [0x00000000eb2a0000, 0x00000000eddf9fc0, 0x00000000eddfa000, 0x0000000100000000)
 Metaspace       used 36175K, capacity 37062K, committed 37376K, reserved 1081344K
  class space    used 4873K, capacity 5075K, committed 5120K, reserved 1048576K
