07:37:31,006 |-INFO in ch.qos.logback.classic.LoggerContext[default] - Could NOT find resource [logback-test.xml]
07:37:31,007 |-INFO in ch.qos.logback.classic.LoggerContext[default] - Could NOT find resource [logback.groovy]
07:37:31,007 |-INFO in ch.qos.logback.classic.LoggerContext[default] - Found resource [logback.xml] at [jar:file:/root/flamestream/lib/flamestream-runtime-1.0-SNAPSHOT.jar!/logback.xml]
07:37:31,008 |-WARN in ch.qos.logback.classic.LoggerContext[default] - Resource [logback.xml] occurs multiple times on the classpath.
07:37:31,008 |-WARN in ch.qos.logback.classic.LoggerContext[default] - Resource [logback.xml] occurs at [jar:file:/root/flamestream/lib/flamestream-runtime-1.0-SNAPSHOT.jar!/logback.xml]
07:37:31,008 |-WARN in ch.qos.logback.classic.LoggerContext[default] - Resource [logback.xml] occurs at [jar:file:/root/flamestream/flamestream-runtime-1.0-SNAPSHOT.jar!/logback.xml]
07:37:31,027 |-INFO in ch.qos.logback.core.joran.spi.ConfigurationWatchList@3fb6a447 - URL [jar:file:/root/flamestream/lib/flamestream-runtime-1.0-SNAPSHOT.jar!/logback.xml] is not of type file
07:37:31,100 |-INFO in ch.qos.logback.classic.joran.action.ConfigurationAction - debug attribute not set
07:37:31,100 |-INFO in ch.qos.logback.core.joran.action.AppenderAction - About to instantiate appender of type [ch.qos.logback.core.ConsoleAppender]
07:37:31,114 |-INFO in ch.qos.logback.core.joran.action.AppenderAction - Naming appender as [STDOUT]
07:37:31,131 |-INFO in ch.qos.logback.core.joran.action.NestedComplexPropertyIA - Assuming default type [ch.qos.logback.classic.encoder.PatternLayoutEncoder] for [encoder] property
07:37:31,225 |-INFO in ch.qos.logback.core.joran.action.AppenderAction - About to instantiate appender of type [ch.qos.logback.core.rolling.RollingFileAppender]
07:37:31,230 |-INFO in ch.qos.logback.core.joran.action.AppenderAction - Naming appender as [FILE]
07:37:31,261 |-INFO in c.q.l.core.rolling.TimeBasedRollingPolicy@127618319 - No compression will be used
07:37:31,262 |-INFO in c.q.l.core.rolling.TimeBasedRollingPolicy@127618319 - Will use the pattern /tmp/application_%d{yyyy-MM-dd}.%i.log for the active file
07:37:31,265 |-INFO in ch.qos.logback.core.rolling.SizeAndTimeBasedFNATP@6b2fad11 - The date pattern is 'yyyy-MM-dd' from file name pattern '/tmp/application_%d{yyyy-MM-dd}.%i.log'.
07:37:31,265 |-INFO in ch.qos.logback.core.rolling.SizeAndTimeBasedFNATP@6b2fad11 - Roll-over at midnight.
07:37:31,270 |-INFO in ch.qos.logback.core.rolling.SizeAndTimeBasedFNATP@6b2fad11 - Setting initial period to Tue Jun 11 07:36:05 UTC 2019
07:37:31,270 |-WARN in ch.qos.logback.core.rolling.SizeAndTimeBasedFNATP@6b2fad11 - SizeAndTimeBasedFNATP is deprecated. Use SizeAndTimeBasedRollingPolicy instead
07:37:31,270 |-WARN in ch.qos.logback.core.rolling.SizeAndTimeBasedFNATP@6b2fad11 - For more information see http://logback.qos.ch/manual/appenders.html#SizeAndTimeBasedRollingPolicy
07:37:31,274 |-INFO in ch.qos.logback.core.joran.action.NestedComplexPropertyIA - Assuming default type [ch.qos.logback.classic.encoder.PatternLayoutEncoder] for [encoder] property
07:37:31,279 |-INFO in ch.qos.logback.core.rolling.RollingFileAppender[FILE] - Active log file name: /tmp/application.log
07:37:31,279 |-INFO in ch.qos.logback.core.rolling.RollingFileAppender[FILE] - File property is set to [/tmp/application.log]
07:37:31,280 |-INFO in ch.qos.logback.classic.joran.action.RootLoggerAction - Setting level of ROOT logger to WARN
07:37:31,280 |-INFO in ch.qos.logback.core.joran.action.AppenderRefAction - Attaching appender named [STDOUT] to Logger[ROOT]
07:37:31,282 |-INFO in ch.qos.logback.core.joran.action.AppenderRefAction - Attaching appender named [FILE] to Logger[ROOT]
07:37:31,282 |-INFO in ch.qos.logback.classic.joran.action.ConfigurationAction - End of configuration.
07:37:31,282 |-INFO in ch.qos.logback.classic.joran.JoranConfigurator@79698539 - Registering current configuration as safe fallback point

Ama winner
Ama winner
2019-06-11T07:37:32.920+0000: 2.103: [Full GC (Metadata GC Threshold) 2019-06-11T07:37:32.920+0000: 2.104: [Tenured: 0K->15176K(341376K), 0.0386105 secs] 117718K->15176K(494976K), [Metaspace: 20737K->20737K(1067008K)], 0.0386790 secs] [Times: user=0.03 sys=0.00, real=0.04 secs] 
07:37:50.455 [Curator-PathChildrenCache-1] WARN  o.a.c.u.ZKPaths  - The version of ZooKeeper being used doesn't support Container nodes. CreateMode.PERSISTENT will be used instead.
2019-06-11T07:37:53.021+0000: 22.204: [GC (Allocation Failure) 2019-06-11T07:37:53.021+0000: 22.204: [DefNew: 136576K->17023K(153600K), 0.0257643 secs] 151752K->52507K(494976K), 0.0258328 secs] [Times: user=0.02 sys=0.01, real=0.03 secs] 
2019-06-11T07:37:53.707+0000: 22.890: [Full GC (Metadata GC Threshold) 2019-06-11T07:37:53.707+0000: 22.890: [Tenured: 35483K->43739K(341376K), 0.0455670 secs] 73293K->43739K(494976K), [Metaspace: 34568K->34568K(1079296K)], 0.0456426 secs] [Times: user=0.04 sys=0.00, real=0.04 secs] 
2019-06-11T07:37:59.066+0000: 28.249: [GC (Allocation Failure) 2019-06-11T07:37:59.066+0000: 28.249: [DefNew: 136576K->94K(153600K), 0.0019497 secs] 180315K->43834K(494976K), 0.0020161 secs] [Times: user=0.01 sys=0.00, real=0.00 secs] 
2019-06-11T07:38:04.383+0000: 33.566: [GC (Allocation Failure) 2019-06-11T07:38:04.383+0000: 33.566: [DefNew: 136670K->96K(153600K), 0.0018236 secs] 180410K->43835K(494976K), 0.0019018 secs] [Times: user=0.01 sys=0.00, real=0.01 secs] 
2019-06-11T07:38:09.790+0000: 38.973: [GC (Allocation Failure) 2019-06-11T07:38:09.790+0000: 38.973: [DefNew: 136672K->95K(153600K), 0.0018826 secs] 180411K->43835K(494976K), 0.0019404 secs] [Times: user=0.00 sys=0.00, real=0.00 secs] 
2019-06-11T07:38:15.178+0000: 44.361: [GC (Allocation Failure) 2019-06-11T07:38:15.178+0000: 44.361: [DefNew: 136671K->95K(153600K), 0.0018570 secs] 180411K->43835K(494976K), 0.0019144 secs] [Times: user=0.00 sys=0.00, real=0.00 secs] 
2019-06-11T07:38:20.600+0000: 49.783: [GC (Allocation Failure) 2019-06-11T07:38:20.600+0000: 49.783: [DefNew: 136671K->97K(153600K), 0.0019261 secs] 180411K->43837K(494976K), 0.0019839 secs] [Times: user=0.00 sys=0.00, real=0.00 secs] 
07:38:32.276 [Curator-PathChildrenCache-0] ERROR o.a.c.f.r.c.PathChildrenCache  - 
java.lang.IllegalStateException: instance must be started before calling this method
	at org.apache.curator.shaded.com.google.common.base.Preconditions.checkState(Preconditions.java:444)
	at org.apache.curator.framework.imps.CuratorFrameworkImpl.getChildren(CuratorFrameworkImpl.java:456)
	at org.apache.curator.framework.recipes.cache.PathChildrenCache.refresh(PathChildrenCache.java:521)
	at org.apache.curator.framework.recipes.cache.RefreshOperation.invoke(RefreshOperation.java:35)
	at org.apache.curator.framework.recipes.cache.PathChildrenCache$9.run(PathChildrenCache.java:786)
	at java.util.concurrent.Executors$RunnableAdapter.call(Executors.java:511)
	at java.util.concurrent.FutureTask.run(FutureTask.java:266)
	at java.util.concurrent.Executors$RunnableAdapter.call(Executors.java:511)
	at java.util.concurrent.FutureTask.run(FutureTask.java:266)
	at java.util.concurrent.ThreadPoolExecutor.runWorker(ThreadPoolExecutor.java:1149)
	at java.util.concurrent.ThreadPoolExecutor$Worker.run(ThreadPoolExecutor.java:624)
	at java.lang.Thread.run(Thread.java:748)
Heap
 def new generation   total 153600K, used 103796K [0x00000000e0c00000, 0x00000000eb2a0000, 0x00000000eb2a0000)
  eden space 136576K,  75% used [0x00000000e0c00000, 0x00000000e7144b08, 0x00000000e9160000)
  from space 17024K,   0% used [0x00000000e9160000, 0x00000000e9178638, 0x00000000ea200000)
  to   space 17024K,   0% used [0x00000000ea200000, 0x00000000ea200000, 0x00000000eb2a0000)
 tenured generation   total 341376K, used 43739K [0x00000000eb2a0000, 0x0000000100000000, 0x0000000100000000)
   the space 341376K,  12% used [0x00000000eb2a0000, 0x00000000edd56e48, 0x00000000edd57000, 0x0000000100000000)
 Metaspace       used 36122K, capacity 37040K, committed 37376K, reserved 1081344K
  class space    used 4845K, capacity 5056K, committed 5120K, reserved 1048576K
