19:03:08,226 |-INFO in ch.qos.logback.classic.LoggerContext[default] - Could NOT find resource [logback-test.xml]
19:03:08,226 |-INFO in ch.qos.logback.classic.LoggerContext[default] - Could NOT find resource [logback.groovy]
19:03:08,227 |-INFO in ch.qos.logback.classic.LoggerContext[default] - Found resource [logback.xml] at [jar:file:/root/flamestream/lib/flamestream-runtime-1.0-SNAPSHOT.jar!/logback.xml]
19:03:08,227 |-WARN in ch.qos.logback.classic.LoggerContext[default] - Resource [logback.xml] occurs multiple times on the classpath.
19:03:08,227 |-WARN in ch.qos.logback.classic.LoggerContext[default] - Resource [logback.xml] occurs at [jar:file:/root/flamestream/lib/flamestream-runtime-1.0-SNAPSHOT.jar!/logback.xml]
19:03:08,227 |-WARN in ch.qos.logback.classic.LoggerContext[default] - Resource [logback.xml] occurs at [jar:file:/root/flamestream/flamestream-runtime-1.0-SNAPSHOT.jar!/logback.xml]
19:03:08,247 |-INFO in ch.qos.logback.core.joran.spi.ConfigurationWatchList@3fb6a447 - URL [jar:file:/root/flamestream/lib/flamestream-runtime-1.0-SNAPSHOT.jar!/logback.xml] is not of type file
19:03:08,313 |-INFO in ch.qos.logback.classic.joran.action.ConfigurationAction - debug attribute not set
19:03:08,314 |-INFO in ch.qos.logback.core.joran.action.AppenderAction - About to instantiate appender of type [ch.qos.logback.core.ConsoleAppender]
19:03:08,329 |-INFO in ch.qos.logback.core.joran.action.AppenderAction - Naming appender as [STDOUT]
19:03:08,350 |-INFO in ch.qos.logback.core.joran.action.NestedComplexPropertyIA - Assuming default type [ch.qos.logback.classic.encoder.PatternLayoutEncoder] for [encoder] property
19:03:08,435 |-INFO in ch.qos.logback.core.joran.action.AppenderAction - About to instantiate appender of type [ch.qos.logback.core.rolling.RollingFileAppender]
19:03:08,440 |-INFO in ch.qos.logback.core.joran.action.AppenderAction - Naming appender as [FILE]
19:03:08,470 |-INFO in c.q.l.core.rolling.TimeBasedRollingPolicy@127618319 - No compression will be used
19:03:08,471 |-INFO in c.q.l.core.rolling.TimeBasedRollingPolicy@127618319 - Will use the pattern /tmp/application_%d{yyyy-MM-dd}.%i.log for the active file
19:03:08,474 |-INFO in ch.qos.logback.core.rolling.SizeAndTimeBasedFNATP@6b2fad11 - The date pattern is 'yyyy-MM-dd' from file name pattern '/tmp/application_%d{yyyy-MM-dd}.%i.log'.
19:03:08,474 |-INFO in ch.qos.logback.core.rolling.SizeAndTimeBasedFNATP@6b2fad11 - Roll-over at midnight.
19:03:08,480 |-INFO in ch.qos.logback.core.rolling.SizeAndTimeBasedFNATP@6b2fad11 - Setting initial period to Mon Jun 10 19:01:43 UTC 2019
19:03:08,480 |-WARN in ch.qos.logback.core.rolling.SizeAndTimeBasedFNATP@6b2fad11 - SizeAndTimeBasedFNATP is deprecated. Use SizeAndTimeBasedRollingPolicy instead
19:03:08,480 |-WARN in ch.qos.logback.core.rolling.SizeAndTimeBasedFNATP@6b2fad11 - For more information see http://logback.qos.ch/manual/appenders.html#SizeAndTimeBasedRollingPolicy
19:03:08,484 |-INFO in ch.qos.logback.core.joran.action.NestedComplexPropertyIA - Assuming default type [ch.qos.logback.classic.encoder.PatternLayoutEncoder] for [encoder] property
19:03:08,489 |-INFO in ch.qos.logback.core.rolling.RollingFileAppender[FILE] - Active log file name: /tmp/application.log
19:03:08,489 |-INFO in ch.qos.logback.core.rolling.RollingFileAppender[FILE] - File property is set to [/tmp/application.log]
19:03:08,489 |-INFO in ch.qos.logback.classic.joran.action.RootLoggerAction - Setting level of ROOT logger to WARN
19:03:08,490 |-INFO in ch.qos.logback.core.joran.action.AppenderRefAction - Attaching appender named [STDOUT] to Logger[ROOT]
19:03:08,492 |-INFO in ch.qos.logback.core.joran.action.AppenderRefAction - Attaching appender named [FILE] to Logger[ROOT]
19:03:08,492 |-INFO in ch.qos.logback.classic.joran.action.ConfigurationAction - End of configuration.
19:03:08,493 |-INFO in ch.qos.logback.classic.joran.JoranConfigurator@79698539 - Registering current configuration as safe fallback point

Ama winner
Ama winner
2019-06-10T19:03:09.804+0000: 1.762: [Full GC (Metadata GC Threshold) 2019-06-10T19:03:09.804+0000: 1.762: [Tenured: 0K->15176K(341376K), 0.0408186 secs] 114987K->15176K(494976K), [Metaspace: 20735K->20735K(1067008K)], 0.0408858 secs] [Times: user=0.04 sys=0.00, real=0.04 secs] 
19:03:26.926 [Curator-PathChildrenCache-1] WARN  o.a.c.u.ZKPaths  - The version of ZooKeeper being used doesn't support Container nodes. CreateMode.PERSISTENT will be used instead.
2019-06-10T19:03:29.314+0000: 21.273: [GC (Allocation Failure) 2019-06-10T19:03:29.314+0000: 21.273: [DefNew: 136576K->17024K(153600K), 0.0246864 secs] 151752K->52358K(494976K), 0.0247547 secs] [Times: user=0.02 sys=0.00, real=0.03 secs] 
2019-06-10T19:03:30.761+0000: 22.720: [Full GC (Metadata GC Threshold) 2019-06-10T19:03:30.761+0000: 22.720: [Tenured: 35334K->43780K(341376K), 0.0412118 secs] 84897K->43780K(494976K), [Metaspace: 34577K->34577K(1079296K)], 0.0412872 secs] [Times: user=0.04 sys=0.00, real=0.04 secs] 
2019-06-10T19:03:37.747+0000: 29.706: [GC (Allocation Failure) 2019-06-10T19:03:37.747+0000: 29.706: [DefNew: 136576K->73K(153600K), 0.0018899 secs] 180356K->43853K(494976K), 0.0019481 secs] [Times: user=0.00 sys=0.00, real=0.00 secs] 
2019-06-10T19:03:44.901+0000: 36.860: [GC (Allocation Failure) 2019-06-10T19:03:44.901+0000: 36.860: [DefNew: 136649K->71K(153600K), 0.0017877 secs] 180429K->43851K(494976K), 0.0018508 secs] [Times: user=0.00 sys=0.00, real=0.00 secs] 
2019-06-10T19:03:52.116+0000: 44.075: [GC (Allocation Failure) 2019-06-10T19:03:52.116+0000: 44.075: [DefNew: 136647K->78K(153600K), 0.0017502 secs] 180427K->43858K(494976K), 0.0018173 secs] [Times: user=0.00 sys=0.00, real=0.00 secs] 
2019-06-10T19:03:59.370+0000: 51.329: [GC (Allocation Failure) 2019-06-10T19:03:59.370+0000: 51.329: [DefNew: 136654K->71K(153600K), 0.0018167 secs] 180434K->43851K(494976K), 0.0018905 secs] [Times: user=0.01 sys=0.00, real=0.00 secs] 
2019-06-10T19:04:06.625+0000: 58.584: [GC (Allocation Failure) 2019-06-10T19:04:06.625+0000: 58.584: [DefNew: 136647K->72K(153600K), 0.0017740 secs] 180427K->43852K(494976K), 0.0018336 secs] [Times: user=0.00 sys=0.00, real=0.00 secs] 
19:04:25.968 [Curator-PathChildrenCache-0] ERROR o.a.c.f.r.c.PathChildrenCache  - 
java.lang.IllegalStateException: instance must be started before calling this method
	at org.apache.curator.shaded.com.google.common.base.Preconditions.checkState(Preconditions.java:444)
	at org.apache.curator.framework.imps.CuratorFrameworkImpl.getChildren(CuratorFrameworkImpl.java:456)
	at org.apache.curator.framework.recipes.cache.PathChildrenCache.refresh(PathChildrenCache.java:521)
	at org.apache.curator.framework.recipes.cache.RefreshOperation.invoke(RefreshOperation.java:35)
	at org.apache.curator.framework.recipes.cache.PathChildrenCache$9.run(PathChildrenCache.java:786)
	at java.util.concurrent.Executors$RunnableAdapter.call(Executors.java:511)
	at java.util.concurrent.FutureTask.run(FutureTask.java:266)
	at java.util.concurrent.Executors$RunnableAdapter.call(Executors.java:511)
	at java.util.concurrent.FutureTask.run(FutureTask.java:266)
	at java.util.concurrent.ThreadPoolExecutor.runWorker(ThreadPoolExecutor.java:1149)
	at java.util.concurrent.ThreadPoolExecutor$Worker.run(ThreadPoolExecutor.java:624)
	at java.lang.Thread.run(Thread.java:748)
2019-06-10T19:04:27.021+0000: 78.980: [GC (Allocation Failure) 2019-06-10T19:04:27.021+0000: 78.980: [DefNew: 136648K->1188K(153600K), 0.0036201 secs] 180428K->44968K(494976K), 0.0036795 secs] [Times: user=0.00 sys=0.00, real=0.00 secs] 
Heap
 def new generation   total 153600K, used 7137K [0x00000000e0c00000, 0x00000000eb2a0000, 0x00000000eb2a0000)
  eden space 136576K,   4% used [0x00000000e0c00000, 0x00000000e11cf4e0, 0x00000000e9160000)
  from space 17024K,   6% used [0x00000000ea200000, 0x00000000ea329198, 0x00000000eb2a0000)
  to   space 17024K,   0% used [0x00000000e9160000, 0x00000000e9160000, 0x00000000ea200000)
 tenured generation   total 341376K, used 43780K [0x00000000eb2a0000, 0x0000000100000000, 0x0000000100000000)
   the space 341376K,  12% used [0x00000000eb2a0000, 0x00000000edd610f8, 0x00000000edd61200, 0x0000000100000000)
 Metaspace       used 36202K, capacity 37134K, committed 37376K, reserved 1081344K
  class space    used 4875K, capacity 5087K, committed 5120K, reserved 1048576K
