22:49:43,050 |-INFO in ch.qos.logback.classic.LoggerContext[default] - Could NOT find resource [logback-test.xml]
22:49:43,050 |-INFO in ch.qos.logback.classic.LoggerContext[default] - Could NOT find resource [logback.groovy]
22:49:43,050 |-INFO in ch.qos.logback.classic.LoggerContext[default] - Found resource [logback.xml] at [jar:file:/home/nikitasokolov/flamestream/lib/flamestream-runtime-1.0-SNAPSHOT.jar!/logback.xml]
22:49:43,050 |-WARN in ch.qos.logback.classic.LoggerContext[default] - Resource [logback.xml] occurs multiple times on the classpath.
22:49:43,051 |-WARN in ch.qos.logback.classic.LoggerContext[default] - Resource [logback.xml] occurs at [jar:file:/home/nikitasokolov/flamestream/lib/flamestream-runtime-1.0-SNAPSHOT.jar!/logback.xml]
22:49:43,051 |-WARN in ch.qos.logback.classic.LoggerContext[default] - Resource [logback.xml] occurs at [jar:file:/home/nikitasokolov/flamestream/flamestream-runtime-1.0-SNAPSHOT.jar!/logback.xml]
22:49:43,067 |-INFO in ch.qos.logback.core.joran.spi.ConfigurationWatchList@6108b2d7 - URL [jar:file:/home/nikitasokolov/flamestream/lib/flamestream-runtime-1.0-SNAPSHOT.jar!/logback.xml] is not of type file
22:49:43,119 |-INFO in ch.qos.logback.classic.joran.action.ConfigurationAction - debug attribute not set
22:49:43,119 |-INFO in ch.qos.logback.core.joran.action.AppenderAction - About to instantiate appender of type [ch.qos.logback.core.ConsoleAppender]
22:49:43,127 |-INFO in ch.qos.logback.core.joran.action.AppenderAction - Naming appender as [STDOUT]
22:49:43,136 |-INFO in ch.qos.logback.core.joran.action.NestedComplexPropertyIA - Assuming default type [ch.qos.logback.classic.encoder.PatternLayoutEncoder] for [encoder] property
22:49:43,191 |-INFO in ch.qos.logback.core.joran.action.AppenderAction - About to instantiate appender of type [ch.qos.logback.core.rolling.RollingFileAppender]
22:49:43,196 |-INFO in ch.qos.logback.core.joran.action.AppenderAction - Naming appender as [FILE]
22:49:43,218 |-INFO in c.q.l.core.rolling.TimeBasedRollingPolicy@357863579 - No compression will be used
22:49:43,219 |-INFO in c.q.l.core.rolling.TimeBasedRollingPolicy@357863579 - Will use the pattern /tmp/application_%d{yyyy-MM-dd}.%i.log for the active file
22:49:43,222 |-INFO in ch.qos.logback.core.rolling.SizeAndTimeBasedFNATP@6bf256fa - The date pattern is 'yyyy-MM-dd' from file name pattern '/tmp/application_%d{yyyy-MM-dd}.%i.log'.
22:49:43,222 |-INFO in ch.qos.logback.core.rolling.SizeAndTimeBasedFNATP@6bf256fa - Roll-over at midnight.
22:49:43,226 |-INFO in ch.qos.logback.core.rolling.SizeAndTimeBasedFNATP@6bf256fa - Setting initial period to Sat Jun 08 22:49:01 MSK 2019
22:49:43,226 |-WARN in ch.qos.logback.core.rolling.SizeAndTimeBasedFNATP@6bf256fa - SizeAndTimeBasedFNATP is deprecated. Use SizeAndTimeBasedRollingPolicy instead
22:49:43,226 |-WARN in ch.qos.logback.core.rolling.SizeAndTimeBasedFNATP@6bf256fa - For more information see http://logback.qos.ch/manual/appenders.html#SizeAndTimeBasedRollingPolicy
22:49:43,231 |-INFO in ch.qos.logback.core.joran.action.NestedComplexPropertyIA - Assuming default type [ch.qos.logback.classic.encoder.PatternLayoutEncoder] for [encoder] property
22:49:43,234 |-INFO in ch.qos.logback.core.rolling.RollingFileAppender[FILE] - Active log file name: /tmp/application.log
22:49:43,234 |-INFO in ch.qos.logback.core.rolling.RollingFileAppender[FILE] - File property is set to [/tmp/application.log]
22:49:43,235 |-INFO in ch.qos.logback.classic.joran.action.RootLoggerAction - Setting level of ROOT logger to WARN
22:49:43,236 |-INFO in ch.qos.logback.core.joran.action.AppenderRefAction - Attaching appender named [STDOUT] to Logger[ROOT]
22:49:43,236 |-INFO in ch.qos.logback.core.joran.action.AppenderRefAction - Attaching appender named [FILE] to Logger[ROOT]
22:49:43,236 |-INFO in ch.qos.logback.classic.joran.action.ConfigurationAction - End of configuration.
22:49:43,237 |-INFO in ch.qos.logback.classic.joran.JoranConfigurator@6cd8737 - Registering current configuration as safe fallback point

2019-06-08T22:49:44.215+0300: 1.360: [GC (Metadata GC Threshold) [PSYoungGen: 110722K->15997K(149504K)] 110722K->16077K(491008K), 0.0208264 secs] [Times: user=0.07 sys=0.04, real=0.02 secs] 
2019-06-08T22:49:44.236+0300: 1.381: [Full GC (Metadata GC Threshold) [PSYoungGen: 15997K->0K(149504K)] [ParOldGen: 80K->15128K(341504K)] 16077K->15128K(491008K), [Metaspace: 20802K->20802K(1067008K)], 0.0282806 secs] [Times: user=0.18 sys=0.01, real=0.03 secs] 
22:49:52.955 [Curator-PathChildrenCache-1] WARN  o.a.c.u.ZKPaths  - The version of ZooKeeper being used doesn't support Container nodes. CreateMode.PERSISTENT will be used instead.
2019-06-08T22:49:53.876+0300: 11.021: [GC (Metadata GC Threshold) [PSYoungGen: 126802K->15750K(149504K)] 141930K->50418K(491008K), 0.0326761 secs] [Times: user=0.28 sys=0.04, real=0.03 secs] 
2019-06-08T22:49:53.909+0300: 11.054: [Full GC (Metadata GC Threshold) [PSYoungGen: 15750K->0K(149504K)] [ParOldGen: 34667K->39048K(341504K)] 50418K->39048K(491008K), [Metaspace: 34570K->34570K(1079296K)], 0.0405593 secs] [Times: user=0.23 sys=0.02, real=0.05 secs] 
2019-06-08T22:49:56.005+0300: 13.149: [GC (Allocation Failure) [PSYoungGen: 128512K->576K(149504K)] 167560K->39632K(491008K), 0.0037901 secs] [Times: user=0.02 sys=0.00, real=0.00 secs] 
2019-06-08T22:49:58.695+0300: 15.840: [GC (Allocation Failure) [PSYoungGen: 129088K->608K(149504K)] 168144K->39672K(491008K), 0.0026574 secs] [Times: user=0.01 sys=0.00, real=0.01 secs] 
2019-06-08T22:50:01.316+0300: 18.461: [GC (Allocation Failure) [PSYoungGen: 129120K->480K(129024K)] 168184K->39552K(470528K), 0.0062603 secs] [Times: user=0.04 sys=0.01, real=0.01 secs] 
2019-06-08T22:50:04.006+0300: 21.151: [GC (Allocation Failure) [PSYoungGen: 128992K->608K(150016K)] 168064K->39688K(491520K), 0.0702228 secs] [Times: user=0.03 sys=0.01, real=0.07 secs] 
2019-06-08T22:50:06.651+0300: 23.796: [GC (Allocation Failure) [PSYoungGen: 129120K->576K(148992K)] 168200K->39656K(490496K), 0.0036707 secs] [Times: user=0.02 sys=0.00, real=0.00 secs] 
2019-06-08T22:50:09.339+0300: 26.532: [GC (Allocation Failure) [PSYoungGen: 129088K->576K(151552K)] 168168K->39656K(493056K), 0.0522872 secs] [Times: user=0.01 sys=0.00, real=0.05 secs] 
2019-06-08T22:50:12.110+0300: 29.254: [GC (Allocation Failure) [PSYoungGen: 132160K->480K(150528K)] 171240K->39560K(492032K), 0.0029377 secs] [Times: user=0.02 sys=0.00, real=0.00 secs] 
2019-06-08T22:50:14.819+0300: 31.964: [GC (Allocation Failure) [PSYoungGen: 132064K->544K(153088K)] 171144K->39632K(494592K), 0.0926431 secs] [Times: user=0.03 sys=0.00, real=0.09 secs] 
2019-06-08T22:50:17.647+0300: 34.792: [GC (Allocation Failure) [PSYoungGen: 135712K->672K(152576K)] 174800K->39760K(494080K), 0.0026732 secs] [Times: user=0.01 sys=0.01, real=0.01 secs] 
2019-06-08T22:50:20.492+0300: 37.637: [GC (Allocation Failure) [PSYoungGen: 135840K->608K(154624K)] 174928K->39704K(496128K), 0.0041773 secs] [Times: user=0.02 sys=0.00, real=0.00 secs] 
2019-06-08T22:50:23.369+0300: 40.514: [GC (Allocation Failure) [PSYoungGen: 138848K->576K(154112K)] 177944K->39672K(495616K), 0.0032233 secs] [Times: user=0.01 sys=0.01, real=0.01 secs] 
2019-06-08T22:50:26.235+0300: 43.380: [GC (Allocation Failure) [PSYoungGen: 138816K->544K(156672K)] 177912K->39640K(498176K), 0.0539384 secs] [Times: user=0.02 sys=0.00, real=0.05 secs] 
2019-06-08T22:50:29.183+0300: 46.328: [GC (Allocation Failure) [PSYoungGen: 142368K->576K(155648K)] 181464K->39672K(497152K), 0.0027133 secs] [Times: user=0.01 sys=0.00, real=0.00 secs] 
2019-06-08T22:50:32.165+0300: 49.310: [GC (Allocation Failure) [PSYoungGen: 142400K->608K(158208K)] 181496K->39704K(499712K), 0.0802037 secs] [Times: user=0.01 sys=0.00, real=0.08 secs] 
2019-06-08T22:50:35.180+0300: 52.325: [GC (Allocation Failure) [PSYoungGen: 145504K->672K(157184K)] 184600K->39776K(498688K), 0.0027384 secs] [Times: user=0.01 sys=0.00, real=0.00 secs] 
2019-06-08T22:50:38.214+0300: 55.359: [GC (Allocation Failure) [PSYoungGen: 145568K->704K(159232K)] 184672K->40120K(500736K), 0.0724675 secs] [Times: user=0.01 sys=0.01, real=0.07 secs] 
2019-06-08T22:50:41.281+0300: 58.426: [GC (Allocation Failure) [PSYoungGen: 148160K->576K(158720K)] 187576K->40080K(500224K), 0.0058146 secs] [Times: user=0.03 sys=0.01, real=0.00 secs] 
2019-06-08T22:50:44.357+0300: 61.502: [GC (Allocation Failure) [PSYoungGen: 148032K->704K(160768K)] 187536K->40232K(502272K), 0.0027899 secs] [Times: user=0.01 sys=0.00, real=0.01 secs] 
22:50:54.511 [Curator-PathChildrenCache-0] ERROR o.a.c.f.r.c.PathChildrenCache  - 
java.lang.IllegalStateException: instance must be started before calling this method
	at org.apache.curator.shaded.com.google.common.base.Preconditions.checkState(Preconditions.java:444)
	at org.apache.curator.framework.imps.CuratorFrameworkImpl.getChildren(CuratorFrameworkImpl.java:456)
	at org.apache.curator.framework.recipes.cache.PathChildrenCache.refresh(PathChildrenCache.java:521)
	at org.apache.curator.framework.recipes.cache.RefreshOperation.invoke(RefreshOperation.java:35)
	at org.apache.curator.framework.recipes.cache.PathChildrenCache$9.run(PathChildrenCache.java:786)
	at java.util.concurrent.Executors$RunnableAdapter.call(Executors.java:511)
	at java.util.concurrent.FutureTask.run(FutureTask.java:266)
	at java.util.concurrent.Executors$RunnableAdapter.call(Executors.java:511)
	at java.util.concurrent.FutureTask.run(FutureTask.java:266)
	at java.util.concurrent.ThreadPoolExecutor.runWorker(ThreadPoolExecutor.java:1149)
	at java.util.concurrent.ThreadPoolExecutor$Worker.run(ThreadPoolExecutor.java:624)
	at java.lang.Thread.run(Thread.java:748)
Heap
 PSYoungGen      total 160768K, used 76718K [0x00000000f5980000, 0x0000000100000000, 0x0000000100000000)
  eden space 150528K, 50% used [0x00000000f5980000,0x00000000fa3bb880,0x00000000fec80000)
  from space 10240K, 6% used [0x00000000ff600000,0x00000000ff6b00b0,0x0000000100000000)
  to   space 9728K, 0% used [0x00000000fec80000,0x00000000fec80000,0x00000000ff600000)
 ParOldGen       total 341504K, used 39528K [0x00000000e0c00000, 0x00000000f5980000, 0x00000000f5980000)
  object space 341504K, 11% used [0x00000000e0c00000,0x00000000e329a1b8,0x00000000f5980000)
 Metaspace       used 36141K, capacity 36962K, committed 37208K, reserved 1081344K
  class space    used 4977K, capacity 5161K, committed 5248K, reserved 1048576K
