07:03:01,548 |-INFO in ch.qos.logback.classic.LoggerContext[default] - Could NOT find resource [logback-test.xml]
07:03:01,548 |-INFO in ch.qos.logback.classic.LoggerContext[default] - Could NOT find resource [logback.groovy]
07:03:01,548 |-INFO in ch.qos.logback.classic.LoggerContext[default] - Found resource [logback.xml] at [jar:file:/home/nikitasokolov/flamestream/lib/flamestream-runtime-1.0-SNAPSHOT.jar!/logback.xml]
07:03:01,548 |-WARN in ch.qos.logback.classic.LoggerContext[default] - Resource [logback.xml] occurs multiple times on the classpath.
07:03:01,549 |-WARN in ch.qos.logback.classic.LoggerContext[default] - Resource [logback.xml] occurs at [jar:file:/home/nikitasokolov/flamestream/lib/flamestream-runtime-1.0-SNAPSHOT.jar!/logback.xml]
07:03:01,549 |-WARN in ch.qos.logback.classic.LoggerContext[default] - Resource [logback.xml] occurs at [jar:file:/home/nikitasokolov/flamestream/flamestream-runtime-1.0-SNAPSHOT.jar!/logback.xml]
07:03:01,564 |-INFO in ch.qos.logback.core.joran.spi.ConfigurationWatchList@6108b2d7 - URL [jar:file:/home/nikitasokolov/flamestream/lib/flamestream-runtime-1.0-SNAPSHOT.jar!/logback.xml] is not of type file
07:03:01,614 |-INFO in ch.qos.logback.classic.joran.action.ConfigurationAction - debug attribute not set
07:03:01,614 |-INFO in ch.qos.logback.core.joran.action.AppenderAction - About to instantiate appender of type [ch.qos.logback.core.ConsoleAppender]
07:03:01,622 |-INFO in ch.qos.logback.core.joran.action.AppenderAction - Naming appender as [STDOUT]
07:03:01,630 |-INFO in ch.qos.logback.core.joran.action.NestedComplexPropertyIA - Assuming default type [ch.qos.logback.classic.encoder.PatternLayoutEncoder] for [encoder] property
07:03:01,687 |-INFO in ch.qos.logback.core.joran.action.AppenderAction - About to instantiate appender of type [ch.qos.logback.core.rolling.RollingFileAppender]
07:03:01,692 |-INFO in ch.qos.logback.core.joran.action.AppenderAction - Naming appender as [FILE]
07:03:01,713 |-INFO in c.q.l.core.rolling.TimeBasedRollingPolicy@357863579 - No compression will be used
07:03:01,714 |-INFO in c.q.l.core.rolling.TimeBasedRollingPolicy@357863579 - Will use the pattern /tmp/application_%d{yyyy-MM-dd}.%i.log for the active file
07:03:01,717 |-INFO in ch.qos.logback.core.rolling.SizeAndTimeBasedFNATP@6bf256fa - The date pattern is 'yyyy-MM-dd' from file name pattern '/tmp/application_%d{yyyy-MM-dd}.%i.log'.
07:03:01,717 |-INFO in ch.qos.logback.core.rolling.SizeAndTimeBasedFNATP@6bf256fa - Roll-over at midnight.
07:03:01,721 |-INFO in ch.qos.logback.core.rolling.SizeAndTimeBasedFNATP@6bf256fa - Setting initial period to Sun Jun 09 07:02:15 MSK 2019
07:03:01,721 |-WARN in ch.qos.logback.core.rolling.SizeAndTimeBasedFNATP@6bf256fa - SizeAndTimeBasedFNATP is deprecated. Use SizeAndTimeBasedRollingPolicy instead
07:03:01,721 |-WARN in ch.qos.logback.core.rolling.SizeAndTimeBasedFNATP@6bf256fa - For more information see http://logback.qos.ch/manual/appenders.html#SizeAndTimeBasedRollingPolicy
07:03:01,725 |-INFO in ch.qos.logback.core.joran.action.NestedComplexPropertyIA - Assuming default type [ch.qos.logback.classic.encoder.PatternLayoutEncoder] for [encoder] property
07:03:01,728 |-INFO in ch.qos.logback.core.rolling.RollingFileAppender[FILE] - Active log file name: /tmp/application.log
07:03:01,728 |-INFO in ch.qos.logback.core.rolling.RollingFileAppender[FILE] - File property is set to [/tmp/application.log]
07:03:01,729 |-INFO in ch.qos.logback.classic.joran.action.RootLoggerAction - Setting level of ROOT logger to WARN
07:03:01,729 |-INFO in ch.qos.logback.core.joran.action.AppenderRefAction - Attaching appender named [STDOUT] to Logger[ROOT]
07:03:01,729 |-INFO in ch.qos.logback.core.joran.action.AppenderRefAction - Attaching appender named [FILE] to Logger[ROOT]
07:03:01,729 |-INFO in ch.qos.logback.classic.joran.action.ConfigurationAction - End of configuration.
07:03:01,730 |-INFO in ch.qos.logback.classic.joran.JoranConfigurator@6cd8737 - Registering current configuration as safe fallback point

2019-06-09T07:03:02.737+0300: 1.395: [GC (Metadata GC Threshold) [PSYoungGen: 110722K->15967K(149504K)] 110722K->16047K(491008K), 0.0224825 secs] [Times: user=0.10 sys=0.03, real=0.03 secs] 
2019-06-09T07:03:02.759+0300: 1.418: [Full GC (Metadata GC Threshold) [PSYoungGen: 15967K->0K(149504K)] [ParOldGen: 80K->15078K(341504K)] 16047K->15078K(491008K), [Metaspace: 20802K->20802K(1067008K)], 0.0285986 secs] [Times: user=0.19 sys=0.01, real=0.02 secs] 
07:03:15.159 [Curator-PathChildrenCache-1] WARN  o.a.c.u.ZKPaths  - The version of ZooKeeper being used doesn't support Container nodes. CreateMode.PERSISTENT will be used instead.
2019-06-09T07:03:16.079+0300: 14.738: [GC (Metadata GC Threshold) [PSYoungGen: 127002K->20991K(149504K)] 142080K->49986K(491008K), 0.0247591 secs] [Times: user=0.19 sys=0.03, real=0.02 secs] 
2019-06-09T07:03:16.104+0300: 14.763: [Full GC (Metadata GC Threshold) [PSYoungGen: 20991K->0K(149504K)] [ParOldGen: 28995K->38963K(341504K)] 49986K->38963K(491008K), [Metaspace: 34571K->34571K(1079296K)], 0.0358139 secs] [Times: user=0.18 sys=0.01, real=0.04 secs] 
2019-06-09T07:03:18.329+0300: 16.988: [GC (Allocation Failure) [PSYoungGen: 128512K->480K(149504K)] 167475K->39451K(491008K), 0.0044313 secs] [Times: user=0.02 sys=0.00, real=0.01 secs] 
2019-06-09T07:03:20.844+0300: 19.502: [GC (Allocation Failure) [PSYoungGen: 128992K->416K(149504K)] 167963K->39395K(491008K), 0.0028081 secs] [Times: user=0.01 sys=0.00, real=0.00 secs] 
2019-06-09T07:03:23.437+0300: 22.096: [GC (Allocation Failure) [PSYoungGen: 128928K->480K(129024K)] 167907K->39467K(470528K), 0.0075993 secs] [Times: user=0.07 sys=0.01, real=0.01 secs] 
2019-06-09T07:03:26.015+0300: 24.673: [GC (Allocation Failure) [PSYoungGen: 128992K->448K(132608K)] 167979K->39443K(474112K), 0.0027226 secs] [Times: user=0.01 sys=0.01, real=0.00 secs] 
2019-06-09T07:03:27.894+0300: 26.553: [GC (Allocation Failure) [PSYoungGen: 93120K->544K(130560K)] 132115K->39547K(472064K), 0.0028626 secs] [Times: user=0.01 sys=0.00, real=0.00 secs] 
2019-06-09T07:03:29.763+0300: 28.421: [GC (Allocation Failure) [PSYoungGen: 93216K->512K(136704K)] 132219K->39523K(478208K), 0.0052664 secs] [Times: user=0.05 sys=0.00, real=0.00 secs] 
2019-06-09T07:03:31.821+0300: 30.479: [GC (Allocation Failure) [PSYoungGen: 101888K->544K(135168K)] 140899K->39563K(476672K), 0.0051554 secs] [Times: user=0.02 sys=0.00, real=0.00 secs] 
2019-06-09T07:03:33.866+0300: 32.525: [GC (Allocation Failure) [PSYoungGen: 101920K->512K(140288K)] 140939K->39531K(481792K), 0.0030605 secs] [Times: user=0.01 sys=0.00, real=0.00 secs] 
2019-06-09T07:03:36.073+0300: 34.731: [GC (Allocation Failure) [PSYoungGen: 109056K->512K(138752K)] 148075K->39531K(480256K), 0.0031330 secs] [Times: user=0.00 sys=0.01, real=0.00 secs] 
2019-06-09T07:03:38.273+0300: 36.932: [GC (Allocation Failure) [PSYoungGen: 109056K->480K(143360K)] 148075K->39507K(484864K), 0.0028868 secs] [Times: user=0.01 sys=0.00, real=0.00 secs] 
2019-06-09T07:03:40.589+0300: 39.247: [GC (Allocation Failure) [PSYoungGen: 115168K->480K(141824K)] 154195K->39515K(483328K), 0.0033736 secs] [Times: user=0.02 sys=0.01, real=0.01 secs] 
2019-06-09T07:03:42.901+0300: 41.560: [GC (Allocation Failure) [PSYoungGen: 115168K->576K(146432K)] 154203K->39611K(487936K), 0.0020497 secs] [Times: user=0.01 sys=0.01, real=0.00 secs] 
2019-06-09T07:03:45.343+0300: 44.002: [GC (Allocation Failure) [PSYoungGen: 121408K->704K(144896K)] 160443K->39747K(486400K), 0.0034579 secs] [Times: user=0.01 sys=0.01, real=0.00 secs] 
2019-06-09T07:03:47.782+0300: 46.441: [GC (Allocation Failure) [PSYoungGen: 121536K->672K(148992K)] 160579K->39715K(490496K), 0.0024408 secs] [Times: user=0.01 sys=0.01, real=0.00 secs] 
2019-06-09T07:03:50.339+0300: 48.998: [GC (Allocation Failure) [PSYoungGen: 127136K->864K(147968K)] 166179K->39907K(489472K), 0.0037951 secs] [Times: user=0.02 sys=0.00, real=0.00 secs] 
07:03:57.403 [Curator-PathChildrenCache-0] ERROR o.a.c.f.r.c.PathChildrenCache  - 
java.lang.IllegalStateException: instance must be started before calling this method
	at org.apache.curator.shaded.com.google.common.base.Preconditions.checkState(Preconditions.java:444)
	at org.apache.curator.framework.imps.CuratorFrameworkImpl.getChildren(CuratorFrameworkImpl.java:456)
	at org.apache.curator.framework.recipes.cache.PathChildrenCache.refresh(PathChildrenCache.java:521)
	at org.apache.curator.framework.recipes.cache.RefreshOperation.invoke(RefreshOperation.java:35)
	at org.apache.curator.framework.recipes.cache.PathChildrenCache$9.run(PathChildrenCache.java:786)
	at java.util.concurrent.Executors$RunnableAdapter.call(Executors.java:511)
	at java.util.concurrent.FutureTask.run(FutureTask.java:266)
	at java.util.concurrent.Executors$RunnableAdapter.call(Executors.java:511)
	at java.util.concurrent.FutureTask.run(FutureTask.java:266)
	at java.util.concurrent.ThreadPoolExecutor.runWorker(ThreadPoolExecutor.java:1149)
	at java.util.concurrent.ThreadPoolExecutor$Worker.run(ThreadPoolExecutor.java:624)
	at java.lang.Thread.run(Thread.java:748)
Heap
 PSYoungGen      total 147968K, used 109083K [0x00000000f5980000, 0x0000000100000000, 0x0000000100000000)
  eden space 126464K, 85% used [0x00000000f5980000,0x00000000fc32ec50,0x00000000fd500000)
  from space 21504K, 4% used [0x00000000fd500000,0x00000000fd5d80b0,0x00000000fea00000)
  to   space 19968K, 0% used [0x00000000fec80000,0x00000000fec80000,0x0000000100000000)
 ParOldGen       total 341504K, used 39043K [0x00000000e0c00000, 0x00000000f5980000, 0x00000000f5980000)
  object space 341504K, 11% used [0x00000000e0c00000,0x00000000e3220c50,0x00000000f5980000)
 Metaspace       used 35763K, capacity 36606K, committed 36952K, reserved 1081344K
  class space    used 4937K, capacity 5129K, committed 5248K, reserved 1048576K
