07:58:01,387 |-INFO in ch.qos.logback.classic.LoggerContext[default] - Could NOT find resource [logback-test.xml]
07:58:01,387 |-INFO in ch.qos.logback.classic.LoggerContext[default] - Could NOT find resource [logback.groovy]
07:58:01,388 |-INFO in ch.qos.logback.classic.LoggerContext[default] - Found resource [logback.xml] at [jar:file:/root/flamestream/lib/flamestream-runtime-1.0-SNAPSHOT.jar!/logback.xml]
07:58:01,388 |-WARN in ch.qos.logback.classic.LoggerContext[default] - Resource [logback.xml] occurs multiple times on the classpath.
07:58:01,389 |-WARN in ch.qos.logback.classic.LoggerContext[default] - Resource [logback.xml] occurs at [jar:file:/root/flamestream/lib/flamestream-runtime-1.0-SNAPSHOT.jar!/logback.xml]
07:58:01,389 |-WARN in ch.qos.logback.classic.LoggerContext[default] - Resource [logback.xml] occurs at [jar:file:/root/flamestream/flamestream-runtime-1.0-SNAPSHOT.jar!/logback.xml]
07:58:01,409 |-INFO in ch.qos.logback.core.joran.spi.ConfigurationWatchList@3fb6a447 - URL [jar:file:/root/flamestream/lib/flamestream-runtime-1.0-SNAPSHOT.jar!/logback.xml] is not of type file
07:58:01,476 |-INFO in ch.qos.logback.classic.joran.action.ConfigurationAction - debug attribute not set
07:58:01,476 |-INFO in ch.qos.logback.core.joran.action.AppenderAction - About to instantiate appender of type [ch.qos.logback.core.ConsoleAppender]
07:58:01,492 |-INFO in ch.qos.logback.core.joran.action.AppenderAction - Naming appender as [STDOUT]
07:58:01,512 |-INFO in ch.qos.logback.core.joran.action.NestedComplexPropertyIA - Assuming default type [ch.qos.logback.classic.encoder.PatternLayoutEncoder] for [encoder] property
07:58:01,609 |-INFO in ch.qos.logback.core.joran.action.AppenderAction - About to instantiate appender of type [ch.qos.logback.core.rolling.RollingFileAppender]
07:58:01,614 |-INFO in ch.qos.logback.core.joran.action.AppenderAction - Naming appender as [FILE]
07:58:01,650 |-INFO in c.q.l.core.rolling.TimeBasedRollingPolicy@127618319 - No compression will be used
07:58:01,651 |-INFO in c.q.l.core.rolling.TimeBasedRollingPolicy@127618319 - Will use the pattern /tmp/application_%d{yyyy-MM-dd}.%i.log for the active file
07:58:01,654 |-INFO in ch.qos.logback.core.rolling.SizeAndTimeBasedFNATP@6b2fad11 - The date pattern is 'yyyy-MM-dd' from file name pattern '/tmp/application_%d{yyyy-MM-dd}.%i.log'.
07:58:01,654 |-INFO in ch.qos.logback.core.rolling.SizeAndTimeBasedFNATP@6b2fad11 - Roll-over at midnight.
07:58:01,659 |-INFO in ch.qos.logback.core.rolling.SizeAndTimeBasedFNATP@6b2fad11 - Setting initial period to Tue Jun 11 07:56:47 UTC 2019
07:58:01,659 |-WARN in ch.qos.logback.core.rolling.SizeAndTimeBasedFNATP@6b2fad11 - SizeAndTimeBasedFNATP is deprecated. Use SizeAndTimeBasedRollingPolicy instead
07:58:01,659 |-WARN in ch.qos.logback.core.rolling.SizeAndTimeBasedFNATP@6b2fad11 - For more information see http://logback.qos.ch/manual/appenders.html#SizeAndTimeBasedRollingPolicy
07:58:01,664 |-INFO in ch.qos.logback.core.joran.action.NestedComplexPropertyIA - Assuming default type [ch.qos.logback.classic.encoder.PatternLayoutEncoder] for [encoder] property
07:58:01,668 |-INFO in ch.qos.logback.core.rolling.RollingFileAppender[FILE] - Active log file name: /tmp/application.log
07:58:01,668 |-INFO in ch.qos.logback.core.rolling.RollingFileAppender[FILE] - File property is set to [/tmp/application.log]
07:58:01,669 |-INFO in ch.qos.logback.classic.joran.action.RootLoggerAction - Setting level of ROOT logger to WARN
07:58:01,669 |-INFO in ch.qos.logback.core.joran.action.AppenderRefAction - Attaching appender named [STDOUT] to Logger[ROOT]
07:58:01,671 |-INFO in ch.qos.logback.core.joran.action.AppenderRefAction - Attaching appender named [FILE] to Logger[ROOT]
07:58:01,671 |-INFO in ch.qos.logback.classic.joran.action.ConfigurationAction - End of configuration.
07:58:01,672 |-INFO in ch.qos.logback.classic.joran.JoranConfigurator@79698539 - Registering current configuration as safe fallback point

Ama winner
Ama winner
2019-06-11T07:58:02.955+0000: 1.753: [Full GC (Metadata GC Threshold) 2019-06-11T07:58:02.955+0000: 1.753: [Tenured: 0K->15240K(341376K), 0.0414591 secs] 114987K->15240K(494976K), [Metaspace: 20736K->20736K(1067008K)], 0.0415244 secs] [Times: user=0.04 sys=0.01, real=0.04 secs] 
07:58:20.317 [Curator-PathChildrenCache-2] WARN  o.a.c.u.ZKPaths  - The version of ZooKeeper being used doesn't support Container nodes. CreateMode.PERSISTENT will be used instead.
2019-06-11T07:58:22.402+0000: 21.201: [GC (Allocation Failure) 2019-06-11T07:58:22.402+0000: 21.201: [DefNew: 136576K->17023K(153600K), 0.0271281 secs] 151816K->52739K(494976K), 0.0272053 secs] [Times: user=0.03 sys=0.00, real=0.03 secs] 
2019-06-11T07:58:22.842+0000: 21.641: [Full GC (Metadata GC Threshold) 2019-06-11T07:58:22.843+0000: 21.641: [Tenured: 35715K->44153K(341376K), 0.0356889 secs] 70404K->44153K(494976K), [Metaspace: 34504K->34504K(1079296K)], 0.0357791 secs] [Times: user=0.04 sys=0.00, real=0.04 secs] 
2019-06-11T07:58:25.755+0000: 24.553: [GC (Allocation Failure) 2019-06-11T07:58:25.755+0000: 24.553: [DefNew: 136576K->75K(153600K), 0.0017786 secs] 180729K->44229K(494976K), 0.0018346 secs] [Times: user=0.00 sys=0.00, real=0.00 secs] 
2019-06-11T07:58:28.580+0000: 27.378: [GC (Allocation Failure) 2019-06-11T07:58:28.580+0000: 27.378: [DefNew: 136651K->126K(153600K), 0.0017493 secs] 180805K->44280K(494976K), 0.0018161 secs] [Times: user=0.00 sys=0.00, real=0.00 secs] 
2019-06-11T07:58:31.345+0000: 30.143: [GC (Allocation Failure) 2019-06-11T07:58:31.345+0000: 30.143: [DefNew: 136702K->160K(153600K), 0.0017998 secs] 180856K->44314K(494976K), 0.0018589 secs] [Times: user=0.01 sys=0.00, real=0.01 secs] 
2019-06-11T07:58:34.150+0000: 32.948: [GC (Allocation Failure) 2019-06-11T07:58:34.150+0000: 32.948: [DefNew: 136736K->168K(153600K), 0.0017473 secs] 180890K->44322K(494976K), 0.0018024 secs] [Times: user=0.01 sys=0.00, real=0.00 secs] 
2019-06-11T07:58:36.952+0000: 35.750: [GC (Allocation Failure) 2019-06-11T07:58:36.952+0000: 35.750: [DefNew: 136744K->196K(153600K), 0.0018331 secs] 180898K->44350K(494976K), 0.0018908 secs] [Times: user=0.00 sys=0.00, real=0.01 secs] 
2019-06-11T07:58:39.762+0000: 38.561: [GC (Allocation Failure) 2019-06-11T07:58:39.762+0000: 38.561: [DefNew: 136772K->207K(153600K), 0.0017523 secs] 180926K->44361K(494976K), 0.0018150 secs] [Times: user=0.00 sys=0.01, real=0.00 secs] 
2019-06-11T07:58:42.581+0000: 41.380: [GC (Allocation Failure) 2019-06-11T07:58:42.581+0000: 41.380: [DefNew: 136783K->195K(153600K), 0.0017827 secs] 180937K->44349K(494976K), 0.0018477 secs] [Times: user=0.00 sys=0.00, real=0.00 secs] 
2019-06-11T07:58:45.389+0000: 44.188: [GC (Allocation Failure) 2019-06-11T07:58:45.389+0000: 44.188: [DefNew: 136771K->194K(153600K), 0.0018215 secs] 180925K->44348K(494976K), 0.0018809 secs] [Times: user=0.00 sys=0.00, real=0.00 secs] 
2019-06-11T07:58:56.858+0000: 55.657: [GC (Allocation Failure) 2019-06-11T07:58:56.858+0000: 55.657: [DefNew: 136770K->443K(153600K), 0.0042651 secs] 180924K->44597K(494976K), 0.0043182 secs] [Times: user=0.01 sys=0.00, real=0.00 secs] 
07:58:56.886 [Curator-PathChildrenCache-0] ERROR o.a.c.f.r.c.PathChildrenCache  - 
java.lang.IllegalStateException: instance must be started before calling this method
	at org.apache.curator.shaded.com.google.common.base.Preconditions.checkState(Preconditions.java:444)
	at org.apache.curator.framework.imps.CuratorFrameworkImpl.getChildren(CuratorFrameworkImpl.java:456)
	at org.apache.curator.framework.recipes.cache.PathChildrenCache.refresh(PathChildrenCache.java:521)
	at org.apache.curator.framework.recipes.cache.RefreshOperation.invoke(RefreshOperation.java:35)
	at org.apache.curator.framework.recipes.cache.PathChildrenCache$9.run(PathChildrenCache.java:786)
	at java.util.concurrent.Executors$RunnableAdapter.call(Executors.java:511)
	at java.util.concurrent.FutureTask.run(FutureTask.java:266)
	at java.util.concurrent.Executors$RunnableAdapter.call(Executors.java:511)
	at java.util.concurrent.FutureTask.run(FutureTask.java:266)
	at java.util.concurrent.ThreadPoolExecutor.runWorker(ThreadPoolExecutor.java:1149)
	at java.util.concurrent.ThreadPoolExecutor$Worker.run(ThreadPoolExecutor.java:624)
	at java.lang.Thread.run(Thread.java:748)
Heap
 def new generation   total 153600K, used 21692K [0x00000000e0c00000, 0x00000000eb2a0000, 0x00000000eb2a0000)
  eden space 136576K,  15% used [0x00000000e0c00000, 0x00000000e20c04f0, 0x00000000e9160000)
  from space 17024K,   2% used [0x00000000e9160000, 0x00000000e91ceda0, 0x00000000ea200000)
  to   space 17024K,   0% used [0x00000000ea200000, 0x00000000ea200000, 0x00000000eb2a0000)
 tenured generation   total 341376K, used 44153K [0x00000000eb2a0000, 0x0000000100000000, 0x0000000100000000)
   the space 341376K,  12% used [0x00000000eb2a0000, 0x00000000eddbe7f0, 0x00000000eddbe800, 0x0000000100000000)
 Metaspace       used 35785K, capacity 36732K, committed 36864K, reserved 1081344K
  class space    used 4859K, capacity 5058K, committed 5120K, reserved 1048576K
