13:23:14,566 |-INFO in ch.qos.logback.classic.LoggerContext[default] - Could NOT find resource [logback-test.xml]
13:23:14,566 |-INFO in ch.qos.logback.classic.LoggerContext[default] - Could NOT find resource [logback.groovy]
13:23:14,571 |-INFO in ch.qos.logback.classic.LoggerContext[default] - Found resource [logback.xml] at [jar:file:/root/flamestream/lib/flamestream-runtime-1.0-SNAPSHOT.jar!/logback.xml]
13:23:14,572 |-WARN in ch.qos.logback.classic.LoggerContext[default] - Resource [logback.xml] occurs multiple times on the classpath.
13:23:14,572 |-WARN in ch.qos.logback.classic.LoggerContext[default] - Resource [logback.xml] occurs at [jar:file:/root/flamestream/lib/flamestream-runtime-1.0-SNAPSHOT.jar!/logback.xml]
13:23:14,572 |-WARN in ch.qos.logback.classic.LoggerContext[default] - Resource [logback.xml] occurs at [jar:file:/root/flamestream/flamestream-runtime-1.0-SNAPSHOT.jar!/logback.xml]
13:23:14,591 |-INFO in ch.qos.logback.core.joran.spi.ConfigurationWatchList@3fb6a447 - URL [jar:file:/root/flamestream/lib/flamestream-runtime-1.0-SNAPSHOT.jar!/logback.xml] is not of type file
13:23:14,657 |-INFO in ch.qos.logback.classic.joran.action.ConfigurationAction - debug attribute not set
13:23:14,657 |-INFO in ch.qos.logback.core.joran.action.AppenderAction - About to instantiate appender of type [ch.qos.logback.core.ConsoleAppender]
13:23:14,674 |-INFO in ch.qos.logback.core.joran.action.AppenderAction - Naming appender as [STDOUT]
13:23:14,692 |-INFO in ch.qos.logback.core.joran.action.NestedComplexPropertyIA - Assuming default type [ch.qos.logback.classic.encoder.PatternLayoutEncoder] for [encoder] property
13:23:14,776 |-INFO in ch.qos.logback.core.joran.action.AppenderAction - About to instantiate appender of type [ch.qos.logback.core.rolling.RollingFileAppender]
13:23:14,781 |-INFO in ch.qos.logback.core.joran.action.AppenderAction - Naming appender as [FILE]
13:23:14,811 |-INFO in c.q.l.core.rolling.TimeBasedRollingPolicy@127618319 - No compression will be used
13:23:14,813 |-INFO in c.q.l.core.rolling.TimeBasedRollingPolicy@127618319 - Will use the pattern /tmp/application_%d{yyyy-MM-dd}.%i.log for the active file
13:23:14,815 |-INFO in ch.qos.logback.core.rolling.SizeAndTimeBasedFNATP@6b2fad11 - The date pattern is 'yyyy-MM-dd' from file name pattern '/tmp/application_%d{yyyy-MM-dd}.%i.log'.
13:23:14,815 |-INFO in ch.qos.logback.core.rolling.SizeAndTimeBasedFNATP@6b2fad11 - Roll-over at midnight.
13:23:14,821 |-INFO in ch.qos.logback.core.rolling.SizeAndTimeBasedFNATP@6b2fad11 - Setting initial period to Mon Jun 10 13:22:04 UTC 2019
13:23:14,821 |-WARN in ch.qos.logback.core.rolling.SizeAndTimeBasedFNATP@6b2fad11 - SizeAndTimeBasedFNATP is deprecated. Use SizeAndTimeBasedRollingPolicy instead
13:23:14,821 |-WARN in ch.qos.logback.core.rolling.SizeAndTimeBasedFNATP@6b2fad11 - For more information see http://logback.qos.ch/manual/appenders.html#SizeAndTimeBasedRollingPolicy
13:23:14,824 |-INFO in ch.qos.logback.core.joran.action.NestedComplexPropertyIA - Assuming default type [ch.qos.logback.classic.encoder.PatternLayoutEncoder] for [encoder] property
13:23:14,829 |-INFO in ch.qos.logback.core.rolling.RollingFileAppender[FILE] - Active log file name: /tmp/application.log
13:23:14,829 |-INFO in ch.qos.logback.core.rolling.RollingFileAppender[FILE] - File property is set to [/tmp/application.log]
13:23:14,830 |-INFO in ch.qos.logback.classic.joran.action.RootLoggerAction - Setting level of ROOT logger to WARN
13:23:14,830 |-INFO in ch.qos.logback.core.joran.action.AppenderRefAction - Attaching appender named [STDOUT] to Logger[ROOT]
13:23:14,832 |-INFO in ch.qos.logback.core.joran.action.AppenderRefAction - Attaching appender named [FILE] to Logger[ROOT]
13:23:14,832 |-INFO in ch.qos.logback.classic.joran.action.ConfigurationAction - End of configuration.
13:23:14,833 |-INFO in ch.qos.logback.classic.joran.JoranConfigurator@79698539 - Registering current configuration as safe fallback point

Ama winner
Ama winner
2019-06-10T13:23:16.151+0000: 1.766: [Full GC (Metadata GC Threshold) 2019-06-10T13:23:16.151+0000: 1.766: [Tenured: 0K->15176K(341376K), 0.0399626 secs] 114923K->15176K(494976K), [Metaspace: 20729K->20729K(1067008K)], 0.0400316 secs] [Times: user=0.04 sys=0.01, real=0.04 secs] 
13:23:32.707 [Curator-PathChildrenCache-1] WARN  o.a.c.u.ZKPaths  - The version of ZooKeeper being used doesn't support Container nodes. CreateMode.PERSISTENT will be used instead.
2019-06-10T13:23:35.072+0000: 20.687: [GC (Allocation Failure) 2019-06-10T13:23:35.072+0000: 20.687: [DefNew: 136576K->17023K(153600K), 0.0263820 secs] 151752K->52447K(494976K), 0.0264607 secs] [Times: user=0.02 sys=0.01, real=0.02 secs] 
2019-06-10T13:23:36.230+0000: 21.845: [Full GC (Metadata GC Threshold) 2019-06-10T13:23:36.230+0000: 21.845: [Tenured: 35423K->44054K(341376K), 0.0387217 secs] 82178K->44054K(494976K), [Metaspace: 34573K->34573K(1079296K)], 0.0387972 secs] [Times: user=0.03 sys=0.01, real=0.04 secs] 
2019-06-10T13:23:43.649+0000: 29.264: [GC (Allocation Failure) 2019-06-10T13:23:43.649+0000: 29.264: [DefNew: 136576K->70K(153600K), 0.0019696 secs] 180630K->44125K(494976K), 0.0020341 secs] [Times: user=0.00 sys=0.00, real=0.01 secs] 
2019-06-10T13:23:51.087+0000: 36.702: [GC (Allocation Failure) 2019-06-10T13:23:51.087+0000: 36.702: [DefNew: 136646K->73K(153600K), 0.0017595 secs] 180701K->44128K(494976K), 0.0018254 secs] [Times: user=0.00 sys=0.00, real=0.00 secs] 
2019-06-10T13:23:58.517+0000: 44.132: [GC (Allocation Failure) 2019-06-10T13:23:58.517+0000: 44.132: [DefNew: 136649K->75K(153600K), 0.0018354 secs] 180704K->44130K(494976K), 0.0018947 secs] [Times: user=0.00 sys=0.00, real=0.00 secs] 
2019-06-10T13:24:05.977+0000: 51.593: [GC (Allocation Failure) 2019-06-10T13:24:05.977+0000: 51.593: [DefNew: 136651K->74K(153600K), 0.0018908 secs] 180706K->44129K(494976K), 0.0019654 secs] [Times: user=0.00 sys=0.00, real=0.00 secs] 
2019-06-10T13:24:13.490+0000: 59.105: [GC (Allocation Failure) 2019-06-10T13:24:13.490+0000: 59.105: [DefNew: 136650K->79K(153600K), 0.0019366 secs] 180705K->44134K(494976K), 0.0020142 secs] [Times: user=0.01 sys=0.00, real=0.01 secs] 
2019-06-10T13:24:29.692+0000: 75.307: [GC (Allocation Failure) 2019-06-10T13:24:29.692+0000: 75.307: [DefNew: 136655K->424K(153600K), 0.0024082 secs] 180710K->44479K(494976K), 0.0024668 secs] [Times: user=0.00 sys=0.00, real=0.00 secs] 
13:24:33.256 [Curator-PathChildrenCache-0] ERROR o.a.c.f.r.c.PathChildrenCache  - 
java.lang.IllegalStateException: instance must be started before calling this method
	at org.apache.curator.shaded.com.google.common.base.Preconditions.checkState(Preconditions.java:444)
	at org.apache.curator.framework.imps.CuratorFrameworkImpl.getChildren(CuratorFrameworkImpl.java:456)
	at org.apache.curator.framework.recipes.cache.PathChildrenCache.refresh(PathChildrenCache.java:521)
	at org.apache.curator.framework.recipes.cache.RefreshOperation.invoke(RefreshOperation.java:35)
	at org.apache.curator.framework.recipes.cache.PathChildrenCache$9.run(PathChildrenCache.java:786)
	at java.util.concurrent.Executors$RunnableAdapter.call(Executors.java:511)
	at java.util.concurrent.FutureTask.run(FutureTask.java:266)
	at java.util.concurrent.Executors$RunnableAdapter.call(Executors.java:511)
	at java.util.concurrent.FutureTask.run(FutureTask.java:266)
	at java.util.concurrent.ThreadPoolExecutor.runWorker(ThreadPoolExecutor.java:1149)
	at java.util.concurrent.ThreadPoolExecutor$Worker.run(ThreadPoolExecutor.java:624)
	at java.lang.Thread.run(Thread.java:748)
Heap
 def new generation   total 153600K, used 26832K [0x00000000e0c00000, 0x00000000eb2a0000, 0x00000000eb2a0000)
  eden space 136576K,  19% used [0x00000000e0c00000, 0x00000000e25c9f60, 0x00000000e9160000)
  from space 17024K,   2% used [0x00000000ea200000, 0x00000000ea26a1a0, 0x00000000eb2a0000)
  to   space 17024K,   0% used [0x00000000e9160000, 0x00000000e9160000, 0x00000000ea200000)
 tenured generation   total 341376K, used 44054K [0x00000000eb2a0000, 0x0000000100000000, 0x0000000100000000)
   the space 341376K,  12% used [0x00000000eb2a0000, 0x00000000edda5b30, 0x00000000edda5c00, 0x0000000100000000)
 Metaspace       used 36177K, capacity 37070K, committed 37376K, reserved 1081344K
  class space    used 4874K, capacity 5087K, committed 5120K, reserved 1048576K
