19:47:48,807 |-INFO in ch.qos.logback.classic.LoggerContext[default] - Could NOT find resource [logback-test.xml]
19:47:48,807 |-INFO in ch.qos.logback.classic.LoggerContext[default] - Could NOT find resource [logback.groovy]
19:47:48,807 |-INFO in ch.qos.logback.classic.LoggerContext[default] - Found resource [logback.xml] at [jar:file:/root/flamestream/lib/flamestream-runtime-1.0-SNAPSHOT.jar!/logback.xml]
19:47:48,808 |-WARN in ch.qos.logback.classic.LoggerContext[default] - Resource [logback.xml] occurs multiple times on the classpath.
19:47:48,808 |-WARN in ch.qos.logback.classic.LoggerContext[default] - Resource [logback.xml] occurs at [jar:file:/root/flamestream/lib/flamestream-runtime-1.0-SNAPSHOT.jar!/logback.xml]
19:47:48,808 |-WARN in ch.qos.logback.classic.LoggerContext[default] - Resource [logback.xml] occurs at [jar:file:/root/flamestream/flamestream-runtime-1.0-SNAPSHOT.jar!/logback.xml]
19:47:48,832 |-INFO in ch.qos.logback.core.joran.spi.ConfigurationWatchList@3fb6a447 - URL [jar:file:/root/flamestream/lib/flamestream-runtime-1.0-SNAPSHOT.jar!/logback.xml] is not of type file
19:47:48,905 |-INFO in ch.qos.logback.classic.joran.action.ConfigurationAction - debug attribute not set
19:47:48,906 |-INFO in ch.qos.logback.core.joran.action.AppenderAction - About to instantiate appender of type [ch.qos.logback.core.ConsoleAppender]
19:47:48,919 |-INFO in ch.qos.logback.core.joran.action.AppenderAction - Naming appender as [STDOUT]
19:47:48,936 |-INFO in ch.qos.logback.core.joran.action.NestedComplexPropertyIA - Assuming default type [ch.qos.logback.classic.encoder.PatternLayoutEncoder] for [encoder] property
19:47:49,016 |-INFO in ch.qos.logback.core.joran.action.AppenderAction - About to instantiate appender of type [ch.qos.logback.core.rolling.RollingFileAppender]
19:47:49,024 |-INFO in ch.qos.logback.core.joran.action.AppenderAction - Naming appender as [FILE]
19:47:49,056 |-INFO in c.q.l.core.rolling.TimeBasedRollingPolicy@127618319 - No compression will be used
19:47:49,057 |-INFO in c.q.l.core.rolling.TimeBasedRollingPolicy@127618319 - Will use the pattern /tmp/application_%d{yyyy-MM-dd}.%i.log for the active file
19:47:49,060 |-INFO in ch.qos.logback.core.rolling.SizeAndTimeBasedFNATP@6b2fad11 - The date pattern is 'yyyy-MM-dd' from file name pattern '/tmp/application_%d{yyyy-MM-dd}.%i.log'.
19:47:49,060 |-INFO in ch.qos.logback.core.rolling.SizeAndTimeBasedFNATP@6b2fad11 - Roll-over at midnight.
19:47:49,065 |-INFO in ch.qos.logback.core.rolling.SizeAndTimeBasedFNATP@6b2fad11 - Setting initial period to Mon Jun 10 19:46:20 UTC 2019
19:47:49,065 |-WARN in ch.qos.logback.core.rolling.SizeAndTimeBasedFNATP@6b2fad11 - SizeAndTimeBasedFNATP is deprecated. Use SizeAndTimeBasedRollingPolicy instead
19:47:49,065 |-WARN in ch.qos.logback.core.rolling.SizeAndTimeBasedFNATP@6b2fad11 - For more information see http://logback.qos.ch/manual/appenders.html#SizeAndTimeBasedRollingPolicy
19:47:49,069 |-INFO in ch.qos.logback.core.joran.action.NestedComplexPropertyIA - Assuming default type [ch.qos.logback.classic.encoder.PatternLayoutEncoder] for [encoder] property
19:47:49,074 |-INFO in ch.qos.logback.core.rolling.RollingFileAppender[FILE] - Active log file name: /tmp/application.log
19:47:49,074 |-INFO in ch.qos.logback.core.rolling.RollingFileAppender[FILE] - File property is set to [/tmp/application.log]
19:47:49,075 |-INFO in ch.qos.logback.classic.joran.action.RootLoggerAction - Setting level of ROOT logger to WARN
19:47:49,075 |-INFO in ch.qos.logback.core.joran.action.AppenderRefAction - Attaching appender named [STDOUT] to Logger[ROOT]
19:47:49,077 |-INFO in ch.qos.logback.core.joran.action.AppenderRefAction - Attaching appender named [FILE] to Logger[ROOT]
19:47:49,077 |-INFO in ch.qos.logback.classic.joran.action.ConfigurationAction - End of configuration.
19:47:49,078 |-INFO in ch.qos.logback.classic.joran.JoranConfigurator@79698539 - Registering current configuration as safe fallback point

Ama winner
Ama winner
2019-06-10T19:47:50.374+0000: 1.747: [Full GC (Metadata GC Threshold) 2019-06-10T19:47:50.374+0000: 1.747: [Tenured: 0K->15208K(341376K), 0.0409164 secs] 114988K->15208K(494976K), [Metaspace: 20731K->20731K(1067008K)], 0.0409995 secs] [Times: user=0.04 sys=0.00, real=0.04 secs] 
19:48:10.862 [Curator-PathChildrenCache-1] WARN  o.a.c.u.ZKPaths  - The version of ZooKeeper being used doesn't support Container nodes. CreateMode.PERSISTENT will be used instead.
2019-06-10T19:48:13.003+0000: 24.376: [GC (Allocation Failure) 2019-06-10T19:48:13.003+0000: 24.376: [DefNew: 136576K->17024K(153600K), 0.0254131 secs] 151784K->52669K(494976K), 0.0254798 secs] [Times: user=0.02 sys=0.01, real=0.03 secs] 
2019-06-10T19:48:15.461+0000: 26.834: [Full GC (Metadata GC Threshold) 2019-06-10T19:48:15.461+0000: 26.834: [Tenured: 35645K->44224K(341376K), 0.0465914 secs] 96116K->44224K(494976K), [Metaspace: 34595K->34595K(1079296K)], 0.0466787 secs] [Times: user=0.04 sys=0.01, real=0.05 secs] 
2019-06-10T19:48:23.672+0000: 35.046: [GC (Allocation Failure) 2019-06-10T19:48:23.672+0000: 35.046: [DefNew: 136576K->60K(153600K), 0.0017604 secs] 180800K->44284K(494976K), 0.0018205 secs] [Times: user=0.00 sys=0.00, real=0.00 secs] 
2019-06-10T19:48:31.774+0000: 43.148: [GC (Allocation Failure) 2019-06-10T19:48:31.774+0000: 43.148: [DefNew: 136636K->59K(153600K), 0.0016606 secs] 180860K->44284K(494976K), 0.0017264 secs] [Times: user=0.00 sys=0.00, real=0.00 secs] 
2019-06-10T19:48:39.979+0000: 51.352: [GC (Allocation Failure) 2019-06-10T19:48:39.979+0000: 51.352: [DefNew: 136635K->61K(153600K), 0.0017132 secs] 180860K->44285K(494976K), 0.0017746 secs] [Times: user=0.00 sys=0.00, real=0.00 secs] 
2019-06-10T19:48:48.238+0000: 59.612: [GC (Allocation Failure) 2019-06-10T19:48:48.238+0000: 59.612: [DefNew: 136637K->65K(153600K), 0.0016811 secs] 180861K->44290K(494976K), 0.0017377 secs] [Times: user=0.00 sys=0.00, real=0.00 secs] 
2019-06-10T19:48:57.216+0000: 68.589: [GC (Allocation Failure) 2019-06-10T19:48:57.216+0000: 68.589: [DefNew: 136641K->392K(153600K), 0.0022903 secs] 180866K->44617K(494976K), 0.0023612 secs] [Times: user=0.00 sys=0.01, real=0.01 secs] 
19:49:20.345 [Curator-PathChildrenCache-0] ERROR o.a.c.f.r.c.PathChildrenCache  - 
java.lang.IllegalStateException: instance must be started before calling this method
	at org.apache.curator.shaded.com.google.common.base.Preconditions.checkState(Preconditions.java:444)
	at org.apache.curator.framework.imps.CuratorFrameworkImpl.getChildren(CuratorFrameworkImpl.java:456)
	at org.apache.curator.framework.recipes.cache.PathChildrenCache.refresh(PathChildrenCache.java:521)
	at org.apache.curator.framework.recipes.cache.RefreshOperation.invoke(RefreshOperation.java:35)
	at org.apache.curator.framework.recipes.cache.PathChildrenCache$9.run(PathChildrenCache.java:786)
	at java.util.concurrent.Executors$RunnableAdapter.call(Executors.java:511)
	at java.util.concurrent.FutureTask.run(FutureTask.java:266)
	at java.util.concurrent.Executors$RunnableAdapter.call(Executors.java:511)
	at java.util.concurrent.FutureTask.run(FutureTask.java:266)
	at java.util.concurrent.ThreadPoolExecutor.runWorker(ThreadPoolExecutor.java:1149)
	at java.util.concurrent.ThreadPoolExecutor$Worker.run(ThreadPoolExecutor.java:624)
	at java.lang.Thread.run(Thread.java:748)
2019-06-10T19:49:20.844+0000: 92.218: [GC (Allocation Failure) 2019-06-10T19:49:20.844+0000: 92.218: [DefNew: 136968K->769K(153600K), 0.0032063 secs] 181193K->44993K(494976K), 0.0032685 secs] [Times: user=0.00 sys=0.00, real=0.00 secs] 
Heap
 def new generation   total 153600K, used 6280K [0x00000000e0c00000, 0x00000000eb2a0000, 0x00000000eb2a0000)
  eden space 136576K,   4% used [0x00000000e0c00000, 0x00000000e1161e50, 0x00000000e9160000)
  from space 17024K,   4% used [0x00000000ea200000, 0x00000000ea2c0460, 0x00000000eb2a0000)
  to   space 17024K,   0% used [0x00000000e9160000, 0x00000000e9160000, 0x00000000ea200000)
 tenured generation   total 341376K, used 44224K [0x00000000eb2a0000, 0x0000000100000000, 0x0000000100000000)
   the space 341376K,  12% used [0x00000000eb2a0000, 0x00000000eddd0230, 0x00000000eddd0400, 0x0000000100000000)
 Metaspace       used 36196K, capacity 37056K, committed 37376K, reserved 1081344K
  class space    used 4872K, capacity 5074K, committed 5120K, reserved 1048576K
