14:01:42,399 |-INFO in ch.qos.logback.classic.LoggerContext[default] - Could NOT find resource [logback-test.xml]
14:01:42,400 |-INFO in ch.qos.logback.classic.LoggerContext[default] - Could NOT find resource [logback.groovy]
14:01:42,400 |-INFO in ch.qos.logback.classic.LoggerContext[default] - Found resource [logback.xml] at [jar:file:/home/nikitasokolov/flamestream/lib/flamestream-runtime-1.0-SNAPSHOT.jar!/logback.xml]
14:01:42,401 |-WARN in ch.qos.logback.classic.LoggerContext[default] - Resource [logback.xml] occurs multiple times on the classpath.
14:01:42,401 |-WARN in ch.qos.logback.classic.LoggerContext[default] - Resource [logback.xml] occurs at [jar:file:/home/nikitasokolov/flamestream/lib/flamestream-runtime-1.0-SNAPSHOT.jar!/logback.xml]
14:01:42,401 |-WARN in ch.qos.logback.classic.LoggerContext[default] - Resource [logback.xml] occurs at [jar:file:/home/nikitasokolov/flamestream/flamestream-runtime-1.0-SNAPSHOT.jar!/logback.xml]
14:01:42,417 |-INFO in ch.qos.logback.core.joran.spi.ConfigurationWatchList@6108b2d7 - URL [jar:file:/home/nikitasokolov/flamestream/lib/flamestream-runtime-1.0-SNAPSHOT.jar!/logback.xml] is not of type file
14:01:42,468 |-INFO in ch.qos.logback.classic.joran.action.ConfigurationAction - debug attribute not set
14:01:42,469 |-INFO in ch.qos.logback.core.joran.action.AppenderAction - About to instantiate appender of type [ch.qos.logback.core.ConsoleAppender]
14:01:42,477 |-INFO in ch.qos.logback.core.joran.action.AppenderAction - Naming appender as [STDOUT]
14:01:42,485 |-INFO in ch.qos.logback.core.joran.action.NestedComplexPropertyIA - Assuming default type [ch.qos.logback.classic.encoder.PatternLayoutEncoder] for [encoder] property
14:01:42,541 |-INFO in ch.qos.logback.core.joran.action.AppenderAction - About to instantiate appender of type [ch.qos.logback.core.rolling.RollingFileAppender]
14:01:42,546 |-INFO in ch.qos.logback.core.joran.action.AppenderAction - Naming appender as [FILE]
14:01:42,568 |-INFO in c.q.l.core.rolling.TimeBasedRollingPolicy@357863579 - No compression will be used
14:01:42,570 |-INFO in c.q.l.core.rolling.TimeBasedRollingPolicy@357863579 - Will use the pattern /tmp/application_%d{yyyy-MM-dd}.%i.log for the active file
14:01:42,573 |-INFO in ch.qos.logback.core.rolling.SizeAndTimeBasedFNATP@6bf256fa - The date pattern is 'yyyy-MM-dd' from file name pattern '/tmp/application_%d{yyyy-MM-dd}.%i.log'.
14:01:42,573 |-INFO in ch.qos.logback.core.rolling.SizeAndTimeBasedFNATP@6bf256fa - Roll-over at midnight.
14:01:42,576 |-INFO in ch.qos.logback.core.rolling.SizeAndTimeBasedFNATP@6bf256fa - Setting initial period to Sun Jun 09 14:00:57 MSK 2019
14:01:42,577 |-WARN in ch.qos.logback.core.rolling.SizeAndTimeBasedFNATP@6bf256fa - SizeAndTimeBasedFNATP is deprecated. Use SizeAndTimeBasedRollingPolicy instead
14:01:42,577 |-WARN in ch.qos.logback.core.rolling.SizeAndTimeBasedFNATP@6bf256fa - For more information see http://logback.qos.ch/manual/appenders.html#SizeAndTimeBasedRollingPolicy
14:01:42,581 |-INFO in ch.qos.logback.core.joran.action.NestedComplexPropertyIA - Assuming default type [ch.qos.logback.classic.encoder.PatternLayoutEncoder] for [encoder] property
14:01:42,583 |-INFO in ch.qos.logback.core.rolling.RollingFileAppender[FILE] - Active log file name: /tmp/application.log
14:01:42,583 |-INFO in ch.qos.logback.core.rolling.RollingFileAppender[FILE] - File property is set to [/tmp/application.log]
14:01:42,585 |-INFO in ch.qos.logback.classic.joran.action.RootLoggerAction - Setting level of ROOT logger to WARN
14:01:42,585 |-INFO in ch.qos.logback.core.joran.action.AppenderRefAction - Attaching appender named [STDOUT] to Logger[ROOT]
14:01:42,585 |-INFO in ch.qos.logback.core.joran.action.AppenderRefAction - Attaching appender named [FILE] to Logger[ROOT]
14:01:42,585 |-INFO in ch.qos.logback.classic.joran.action.ConfigurationAction - End of configuration.
14:01:42,586 |-INFO in ch.qos.logback.classic.joran.JoranConfigurator@6cd8737 - Registering current configuration as safe fallback point

2019-06-09T14:01:43.605+0300: 1.407: [GC (Metadata GC Threshold) [PSYoungGen: 108151K->15839K(149504K)] 108151K->15919K(491008K), 0.0325855 secs] [Times: user=0.15 sys=0.07, real=0.03 secs] 
2019-06-09T14:01:43.637+0300: 1.440: [Full GC (Metadata GC Threshold) [PSYoungGen: 15839K->0K(149504K)] [ParOldGen: 80K->14981K(341504K)] 15919K->14981K(491008K), [Metaspace: 20802K->20802K(1067008K)], 0.0296061 secs] [Times: user=0.19 sys=0.01, real=0.03 secs] 
14:01:55.140 [Curator-PathChildrenCache-1] WARN  o.a.c.u.ZKPaths  - The version of ZooKeeper being used doesn't support Container nodes. CreateMode.PERSISTENT will be used instead.
2019-06-09T14:01:56.190+0300: 13.993: [GC (Metadata GC Threshold) [PSYoungGen: 128512K->15875K(149504K)] 143493K->50396K(491008K), 0.0278009 secs] [Times: user=0.25 sys=0.03, real=0.03 secs] 
2019-06-09T14:01:56.218+0300: 14.021: [Full GC (Metadata GC Threshold) [PSYoungGen: 15875K->0K(149504K)] [ParOldGen: 34521K->38837K(341504K)] 50396K->38837K(491008K), [Metaspace: 34555K->34555K(1079296K)], 0.0603276 secs] [Times: user=0.21 sys=0.03, real=0.06 secs] 
2019-06-09T14:01:59.976+0300: 17.779: [GC (Allocation Failure) [PSYoungGen: 128512K->320K(149504K)] 167349K->39165K(491008K), 0.0030877 secs] [Times: user=0.02 sys=0.00, real=0.01 secs] 
2019-06-09T14:02:04.367+0300: 22.170: [GC (Allocation Failure) [PSYoungGen: 128832K->352K(149504K)] 167677K->39205K(491008K), 0.0038522 secs] [Times: user=0.02 sys=0.00, real=0.01 secs] 
2019-06-09T14:02:08.846+0300: 26.649: [GC (Allocation Failure) [PSYoungGen: 128864K->352K(129024K)] 167717K->39213K(470528K), 0.0038393 secs] [Times: user=0.01 sys=0.00, real=0.01 secs] 
2019-06-09T14:02:13.379+0300: 31.182: [GC (Allocation Failure) [PSYoungGen: 128864K->288K(150016K)] 167725K->39157K(491520K), 0.0031558 secs] [Times: user=0.01 sys=0.01, real=0.00 secs] 
2019-06-09T14:02:17.873+0300: 35.676: [GC (Allocation Failure) [PSYoungGen: 128800K->384K(148992K)] 167669K->39261K(490496K), 0.0089850 secs] [Times: user=0.07 sys=0.02, real=0.01 secs] 
2019-06-09T14:02:22.414+0300: 40.217: [GC (Allocation Failure) [PSYoungGen: 128896K->384K(151552K)] 167773K->39269K(493056K), 0.0042126 secs] [Times: user=0.02 sys=0.00, real=0.01 secs] 
2019-06-09T14:02:27.101+0300: 44.904: [GC (Allocation Failure) [PSYoungGen: 132480K->352K(151040K)] 171365K->39245K(492544K), 0.0031388 secs] [Times: user=0.02 sys=0.00, real=0.00 secs] 
2019-06-09T14:02:31.713+0300: 49.516: [GC (Allocation Failure) [PSYoungGen: 132448K->288K(153088K)] 171341K->39181K(494592K), 0.0037009 secs] [Times: user=0.00 sys=0.01, real=0.00 secs] 
14:02:37.441 [Curator-PathChildrenCache-0] ERROR o.a.c.f.r.c.PathChildrenCache  - 
java.lang.IllegalStateException: instance must be started before calling this method
	at org.apache.curator.shaded.com.google.common.base.Preconditions.checkState(Preconditions.java:444)
	at org.apache.curator.framework.imps.CuratorFrameworkImpl.getChildren(CuratorFrameworkImpl.java:456)
	at org.apache.curator.framework.recipes.cache.PathChildrenCache.refresh(PathChildrenCache.java:521)
	at org.apache.curator.framework.recipes.cache.RefreshOperation.invoke(RefreshOperation.java:35)
	at org.apache.curator.framework.recipes.cache.PathChildrenCache$9.run(PathChildrenCache.java:786)
	at java.util.concurrent.Executors$RunnableAdapter.call(Executors.java:511)
	at java.util.concurrent.FutureTask.run(FutureTask.java:266)
	at java.util.concurrent.Executors$RunnableAdapter.call(Executors.java:511)
	at java.util.concurrent.FutureTask.run(FutureTask.java:266)
	at java.util.concurrent.ThreadPoolExecutor.runWorker(ThreadPoolExecutor.java:1149)
	at java.util.concurrent.ThreadPoolExecutor$Worker.run(ThreadPoolExecutor.java:624)
	at java.lang.Thread.run(Thread.java:748)
Heap
 PSYoungGen      total 153088K, used 25533K [0x00000000f5980000, 0x0000000100000000, 0x0000000100000000)
  eden space 135168K, 18% used [0x00000000f5980000,0x00000000f7227610,0x00000000fdd80000)
  from space 17920K, 1% used [0x00000000fee80000,0x00000000feec8010,0x0000000100000000)
  to   space 17408K, 0% used [0x00000000fdd80000,0x00000000fdd80000,0x00000000fee80000)
 ParOldGen       total 341504K, used 38893K [0x00000000e0c00000, 0x00000000f5980000, 0x00000000f5980000)
  object space 341504K, 11% used [0x00000000e0c00000,0x00000000e31fb5a8,0x00000000f5980000)
 Metaspace       used 35693K, capacity 36542K, committed 36952K, reserved 1081344K
  class space    used 4935K, capacity 5129K, committed 5248K, reserved 1048576K
