18:53:47,827 |-INFO in ch.qos.logback.classic.LoggerContext[default] - Could NOT find resource [logback-test.xml]
18:53:47,828 |-INFO in ch.qos.logback.classic.LoggerContext[default] - Could NOT find resource [logback.groovy]
18:53:47,828 |-INFO in ch.qos.logback.classic.LoggerContext[default] - Found resource [logback.xml] at [jar:file:/home/ubuntu/flamestream/lib/flamestream-runtime-1.0-SNAPSHOT.jar!/logback.xml]
18:53:47,828 |-WARN in ch.qos.logback.classic.LoggerContext[default] - Resource [logback.xml] occurs multiple times on the classpath.
18:53:47,828 |-WARN in ch.qos.logback.classic.LoggerContext[default] - Resource [logback.xml] occurs at [jar:file:/home/ubuntu/flamestream/flamestream-runtime-1.0-SNAPSHOT.jar!/logback.xml]
18:53:47,828 |-WARN in ch.qos.logback.classic.LoggerContext[default] - Resource [logback.xml] occurs at [jar:file:/home/ubuntu/flamestream/lib/flamestream-runtime-1.0-SNAPSHOT.jar!/logback.xml]
18:53:47,860 |-INFO in ch.qos.logback.core.joran.spi.ConfigurationWatchList@4678c730 - URL [jar:file:/home/ubuntu/flamestream/lib/flamestream-runtime-1.0-SNAPSHOT.jar!/logback.xml] is not of type file
18:53:47,925 |-INFO in ch.qos.logback.classic.joran.action.ConfigurationAction - debug attribute not set
18:53:47,926 |-INFO in ch.qos.logback.core.joran.action.AppenderAction - About to instantiate appender of type [ch.qos.logback.core.ConsoleAppender]
18:53:47,941 |-INFO in ch.qos.logback.core.joran.action.AppenderAction - Naming appender as [STDOUT]
18:53:47,959 |-INFO in ch.qos.logback.core.joran.action.NestedComplexPropertyIA - Assuming default type [ch.qos.logback.classic.encoder.PatternLayoutEncoder] for [encoder] property
18:53:48,042 |-INFO in ch.qos.logback.core.joran.action.AppenderAction - About to instantiate appender of type [ch.qos.logback.core.rolling.RollingFileAppender]
18:53:48,050 |-INFO in ch.qos.logback.core.joran.action.AppenderAction - Naming appender as [FILE]
18:53:48,082 |-INFO in c.q.l.core.rolling.TimeBasedRollingPolicy@1734853116 - No compression will be used
18:53:48,088 |-INFO in c.q.l.core.rolling.TimeBasedRollingPolicy@1734853116 - Will use the pattern /tmp/application_%d{yyyy-MM-dd}.%i.log for the active file
18:53:48,092 |-INFO in ch.qos.logback.core.rolling.SizeAndTimeBasedFNATP@29ee9faa - The date pattern is 'yyyy-MM-dd' from file name pattern '/tmp/application_%d{yyyy-MM-dd}.%i.log'.
18:53:48,092 |-INFO in ch.qos.logback.core.rolling.SizeAndTimeBasedFNATP@29ee9faa - Roll-over at midnight.
18:53:48,098 |-INFO in ch.qos.logback.core.rolling.SizeAndTimeBasedFNATP@29ee9faa - Setting initial period to Sat Sep 28 18:52:00 UTC 2019
18:53:48,098 |-WARN in ch.qos.logback.core.rolling.SizeAndTimeBasedFNATP@29ee9faa - SizeAndTimeBasedFNATP is deprecated. Use SizeAndTimeBasedRollingPolicy instead
18:53:48,098 |-WARN in ch.qos.logback.core.rolling.SizeAndTimeBasedFNATP@29ee9faa - For more information see http://logback.qos.ch/manual/appenders.html#SizeAndTimeBasedRollingPolicy
18:53:48,104 |-INFO in ch.qos.logback.core.joran.action.NestedComplexPropertyIA - Assuming default type [ch.qos.logback.classic.encoder.PatternLayoutEncoder] for [encoder] property
18:53:48,111 |-INFO in ch.qos.logback.core.rolling.RollingFileAppender[FILE] - Active log file name: /tmp/application.log
18:53:48,111 |-INFO in ch.qos.logback.core.rolling.RollingFileAppender[FILE] - File property is set to [/tmp/application.log]
18:53:48,112 |-INFO in ch.qos.logback.classic.joran.action.RootLoggerAction - Setting level of ROOT logger to INFO
18:53:48,112 |-INFO in ch.qos.logback.core.joran.action.AppenderRefAction - Attaching appender named [STDOUT] to Logger[ROOT]
18:53:48,113 |-INFO in ch.qos.logback.core.joran.action.AppenderRefAction - Attaching appender named [FILE] to Logger[ROOT]
18:53:48,113 |-INFO in ch.qos.logback.classic.joran.action.ConfigurationAction - End of configuration.
18:53:48,113 |-INFO in ch.qos.logback.classic.joran.JoranConfigurator@c038203 - Registering current configuration as safe fallback point

18:53:48.120 [main] INFO  c.s.f.r.WorkerApplication  - Starting worker with workerConfig 'WorkerConfig{id='flamestream-benchmarks-worker-8', localAddress=flamestream-benchmarks-worker-8/10.0.0.19:5412, zkString='flamestream-benchmarks-manager:12181', snapshotPath='/home/ubuntu/flamestream/data', guarantees=AT_MOST_ONCE}'
18:53:49.529 [worker-akka.actor.default-dispatcher-6] INFO  a.e.s.Slf4jLogger  - Slf4jLogger started
2019-09-28T18:53:49.686+0000: 2.190: [Full GC (Metadata GC Threshold) 2019-09-28T18:53:49.686+0000: 2.191: [Tenured: 0K->13602K(1024000K), 0.0512633 secs] 139456K->13602K(1484800K), [Metaspace: 20213K->20213K(1067008K)], 0.0513528 secs] [Times: user=0.04 sys=0.00, real=0.05 secs] 
18:53:49.834 [worker-akka.actor.default-dispatcher-6] WARN  a.r.RemoteActorRefProvider akka.remote.RemoteActorRefProvider - Using the 'remote' ActorRefProvider directly, which is a low-level layer. For most use cases, the 'cluster' abstraction on top of remoting is more suitable instead.
18:53:49.840 [worker-akka.actor.default-dispatcher-6] WARN  a.r.RemoteActorRefProvider akka.remote.RemoteActorRefProvider - Akka Cluster not in use - Using Akka Cluster is recommended if you need remote watch and deploy.
18:53:49.964 [worker-akka.actor.default-dispatcher-6] INFO  a.r.a.a.ArteryAeronUdpTransport(akka://worker) akka.remote.artery.aeron.ArteryAeronUdpTransport(akka://worker) - Started embedded media driver in directory [/dev/shm/aeron-flamestream-benchmarks-worker-8]
18:53:50.007 [worker-akka.actor.default-dispatcher-6] WARN  a.r.a.a.ArteryAeronUdpTransport(akka://worker) akka.remote.artery.aeron.ArteryAeronUdpTransport(akka://worker) - Aeron CnC version mismatch: compiled version = 15, file version = 16
18:53:50.264 [worker-akka.actor.default-dispatcher-6] INFO  a.r.a.a.ArteryAeronUdpTransport(akka://worker) akka.remote.artery.aeron.ArteryAeronUdpTransport(akka://worker) - Remoting started with transport [Artery aeron-udp]; listening on address [akka://worker@flamestream-benchmarks-worker-8:5412] and bound to [akka://worker@0.0.0.0:5412] with UID [210704701648988527]
18:53:50.859 [worker-akka.actor.default-dispatcher-6] WARN  a.s.Serialization(akka://worker) akka.serialization.Serialization(akka://worker) - Using serializer [com.romix.akka.serialization.kryo.KryoSerializer] for message [akka.actor.ActorSelectionMessage]. Note that this serializer is not implemented by Akka. It's not recommended to replace serializers for messages provided by Akka.
18:53:50.860 [worker-akka.actor.default-dispatcher-6] WARN  a.s.Serialization(akka://worker) akka.serialization.Serialization(akka://worker) - Using serializer [com.romix.akka.serialization.kryo.KryoSerializer] for message [akka.actor.ActorIdentity]. Note that this serializer is not implemented by Akka. It's not recommended to replace serializers for messages provided by Akka.
18:53:50.912 [worker-akka.actor.default-dispatcher-9] INFO  a.a.RepointableActorRef akka://worker/user/watcher - Starting...
18:53:51.065 [worker-akka.actor.default-dispatcher-6] INFO  o.a.c.u.Compatibility  - Running in ZooKeeper 3.4.x compatibility mode
18:53:51.100 [worker-akka.actor.default-dispatcher-6] INFO  o.a.c.f.i.CuratorFrameworkImpl  - Starting
18:53:51.110 [worker-akka.actor.default-dispatcher-6] INFO  o.a.z.ZooKeeper  - Client environment:zookeeper.version=3.4.14-4c25d480e66aadd371de8bd2fd8da255ac140bcf, built on 03/06/2019 16:18 GMT
18:53:51.111 [worker-akka.actor.default-dispatcher-6] INFO  o.a.z.ZooKeeper  - Client environment:host.name=flamestream-benchmarks-worker-8
18:53:51.111 [worker-akka.actor.default-dispatcher-6] INFO  o.a.z.ZooKeeper  - Client environment:java.version=1.8.0_222
18:53:51.111 [worker-akka.actor.default-dispatcher-6] INFO  o.a.z.ZooKeeper  - Client environment:java.vendor=Private Build
18:53:51.113 [worker-akka.actor.default-dispatcher-6] INFO  o.a.z.ZooKeeper  - Client environment:java.home=/usr/lib/jvm/java-8-openjdk-amd64/jre
18:53:51.113 [worker-akka.actor.default-dispatcher-6] INFO  o.a.z.ZooKeeper  - Client environment:java.class.path=lib/curator-framework-4.0.1.jar:lib/commons-csv-1.4.jar:lib/aeron-client-1.21.2.jar:lib/scala-library-2.12.9.jar:lib/asm-5.0.4.jar:lib/agrona-1.0.1.jar:lib/curator-recipes-4.0.1.jar:lib/akka-testkit_2.12-2.6.0-M6.jar:lib/flamestream-runtime-1.0-SNAPSHOT.jar:lib/jsr305-3.0.2.jar:lib/trove4j-3.0.3.jar:lib/flamestream-core-1.0-SNAPSHOT.jar:lib/commons-io-2.4.jar:lib/minlog-1.3.0.jar:lib/kryonet-2.21.jar:lib/commons-1.4.9.jar:lib/jline-0.9.94.jar:lib/akka-remote_2.12-2.6.0-M6.jar:lib/leveldbjni-all-1.8.jar:lib/lz4-1.3.0.jar:lib/slf4j-api-1.7.24.jar:lib/scala-parser-combinators_2.12-1.1.2.jar:lib/flamestream-core-1.0-SNAPSHOT-tests.jar:lib/logback-core-1.2.3.jar:lib/netty-3.10.6.Final.jar:lib/protobuf-java-3.9.0.jar:lib/minlog-1.2.jar:lib/leveldb-api-0.7.jar:lib/jool-0.9.12.jar:lib/commons-cli-1.4.jar:lib/jblas-1.2.4.jar:lib/reflectasm-1.11.3.jar:lib/reflectasm-1.07-shaded.jar:lib/audience-annotations-0.5.0.jar:lib/jackson-annotations-2.9.6.jar:lib/commons-lang-2.6.jar:lib/ssl-config-core_2.12-0.3.8.jar:lib/annotations-13.0.jar:lib/logback-classic-1.2.3.jar:lib/guava-21.0.jar:lib/reactive-streams-1.0.2.jar:lib/spotbugs-annotations-3.1.9.jar:lib/leveldb-0.7.jar:lib/commons-pool2-2.4.2.jar:lib/rocksdbjni-5.5.1.jar:lib/jackson-core-2.9.9.jar:lib/jackson-databind-2.9.9.2.jar:lib/akka-protobuf-v3_2.12-2.6.0-M6.jar:lib/jackson-annotations-2.9.0.jar:lib/flamestream-examples-1.0-SNAPSHOT.jar:lib/objenesis-2.1.jar:lib/akka-kryo-serialization_2.12-0.5.2.jar:lib/scala-java8-compat_2.12-0.8.0.jar:lib/zookeeper-3.4.14.jar:lib/akka-slf4j_2.12-2.6.0-M6.jar:lib/kryo-4.0.0.jar:lib/akka-stream_2.12-2.6.0-M6.jar:lib/slf4j-simple-2.0.0-alpha0.jar:lib/aeron-driver-1.21.2.jar:lib/config-1.3.1.jar:lib/annotations-12.0.jar:lib/jedis-2.9.0.jar:lib/jcommander-1.48.jar:lib/testng-6.10.jar:lib/akka-actor_2.12-2.6.0-M6.jar:lib/curator-client-4.0.1.jar:flamestream-runtime-1.0-SNAPSHOT.jar
18:53:51.113 [worker-akka.actor.default-dispatcher-6] INFO  o.a.z.ZooKeeper  - Client environment:java.library.path=/usr/java/packages/lib/amd64:/usr/lib/x86_64-linux-gnu/jni:/lib/x86_64-linux-gnu:/usr/lib/x86_64-linux-gnu:/usr/lib/jni:/lib:/usr/lib
18:53:51.113 [worker-akka.actor.default-dispatcher-6] INFO  o.a.z.ZooKeeper  - Client environment:java.io.tmpdir=/tmp
18:53:51.113 [worker-akka.actor.default-dispatcher-6] INFO  o.a.z.ZooKeeper  - Client environment:java.compiler=<NA>
18:53:51.114 [worker-akka.actor.default-dispatcher-6] INFO  o.a.z.ZooKeeper  - Client environment:os.name=Linux
18:53:51.115 [worker-akka.actor.default-dispatcher-6] INFO  o.a.z.ZooKeeper  - Client environment:os.arch=amd64
18:53:51.117 [worker-akka.actor.default-dispatcher-6] INFO  o.a.z.ZooKeeper  - Client environment:os.version=4.15.0-1040-gcp
18:53:51.117 [worker-akka.actor.default-dispatcher-6] INFO  o.a.z.ZooKeeper  - Client environment:user.name=ubuntu
18:53:51.118 [worker-akka.actor.default-dispatcher-6] INFO  o.a.z.ZooKeeper  - Client environment:user.home=/home/ubuntu
18:53:51.118 [worker-akka.actor.default-dispatcher-6] INFO  o.a.z.ZooKeeper  - Client environment:user.dir=/home/ubuntu/flamestream
18:53:51.120 [worker-akka.actor.default-dispatcher-6] INFO  o.a.z.ZooKeeper  - Initiating client connection, connectString=flamestream-benchmarks-manager:12181 sessionTimeout=60000 watcher=org.apache.curator.ConnectionState@652f61e2
18:53:51.147 [worker-akka.actor.default-dispatcher-6-SendThread(flamestream-benchmarks-manager:12181)] INFO  o.a.z.ClientCnxn  - Opening socket connection to server flamestream-benchmarks-manager/10.0.0.2:12181. Will not attempt to authenticate using SASL (unknown error)
18:53:51.152 [worker-akka.actor.default-dispatcher-6] INFO  o.a.c.f.i.CuratorFrameworkImpl  - Default schema
18:53:51.153 [worker-akka.actor.default-dispatcher-6-SendThread(flamestream-benchmarks-manager:12181)] INFO  o.a.z.ClientCnxn  - Socket connection established to flamestream-benchmarks-manager/10.0.0.2:12181, initiating session
18:53:51.166 [worker-akka.actor.default-dispatcher-6-SendThread(flamestream-benchmarks-manager:12181)] INFO  o.a.z.ClientCnxn  - Session establishment complete on server flamestream-benchmarks-manager/10.0.0.2:12181, sessionid = 0x100015787a40009, negotiated timeout = 60000
18:53:51.173 [worker-akka.actor.default-dispatcher-6-EventThread] INFO  o.a.c.f.s.ConnectionStateManager  - State change: CONNECTED
18:53:51.176 [worker-akka.actor.default-dispatcher-9] INFO  a.a.RepointableActorRef akka://worker/user/watcher - Initializing rocksDB backend
2019-09-28T18:53:51.985+0000: 4.489: [Full GC (Metadata GC Threshold) 2019-09-28T18:53:51.985+0000: 4.489: [Tenured: 13602K->25952K(1024000K), 0.1449626 secs] 159490K->25952K(1484800K), [Metaspace: 33697K->33697K(1079296K)], 0.1450869 secs] [Times: user=0.06 sys=0.02, real=0.14 secs] 
18:53:52.240 [worker-akka.actor.default-dispatcher-6] INFO  a.a.LocalActorRef akka://worker/user/watcher/processing-watcher - Starting...
18:54:00.536 [Curator-PathChildrenCache-1] WARN  o.a.c.u.ZKPaths  - The version of ZooKeeper being used doesn't support Container nodes. CreateMode.PERSISTENT will be used instead.
18:54:00.623 [worker-akka.actor.default-dispatcher-6] INFO  a.a.LocalActorRef akka://worker/user/watcher/processing-watcher/$a - Starting...
18:54:00.658 [worker-akka.actor.default-dispatcher-10] INFO  a.a.LocalActorRef akka://worker/user/watcher/processing-watcher/$a - Stopped
18:54:03.289 [worker-akka.actor.default-dispatcher-9] INFO  a.a.LocalActorRef akka://worker/user/watcher/processing-watcher/graph/graph - Starting...
18:54:08.301 [worker-akka.actor.default-dispatcher-10] INFO  a.a.LocalActorRef akka://worker/user/watcher/processing-watcher/graph/graph - Finishing constructor
18:54:08.303 [worker-akka.actor.default-dispatcher-9] INFO  a.a.LocalActorRef akka://worker/user/watcher/processing-watcher/graph/negotiator - Starting...
18:54:08.308 [worker-akka.actor.default-dispatcher-9] INFO  a.a.LocalActorRef akka://worker/user/watcher/processing-watcher/graph/edge - Starting...
18:54:08.315 [worker-akka.actor.default-dispatcher-10] INFO  a.a.LocalActorRef akka://worker/user/watcher/processing-watcher/graph - Starting FlameNode with config 'ClusterConfig{paths={flamestream-benchmarks-worker-1=akka://worker@flamestream-benchmarks-worker-1:5412/user/watcher/processing-watcher/graph, flamestream-benchmarks-worker-0=akka://worker@flamestream-benchmarks-worker-0:5412/user/watcher/processing-watcher/graph, flamestream-benchmarks-worker-9=akka://worker@flamestream-benchmarks-worker-9:5412/user/watcher/processing-watcher/graph, flamestream-benchmarks-worker-8=akka://worker@flamestream-benchmarks-worker-8:5412/user/watcher/processing-watcher/graph, flamestream-benchmarks-worker-7=akka://worker@flamestream-benchmarks-worker-7:5412/user/watcher/processing-watcher/graph, flamestream-benchmarks-worker-6=akka://worker@flamestream-benchmarks-worker-6:5412/user/watcher/processing-watcher/graph, flamestream-benchmarks-worker-5=akka://worker@flamestream-benchmarks-worker-5:5412/user/watcher/processing-watcher/graph, flamestream-benchmarks-worker-4=akka://worker@flamestream-benchmarks-worker-4:5412/user/watcher/processing-watcher/graph, flamestream-benchmarks-worker-3=akka://worker@flamestream-benchmarks-worker-3:5412/user/watcher/processing-watcher/graph, flamestream-benchmarks-worker-2=akka://worker@flamestream-benchmarks-worker-2:5412/user/watcher/processing-watcher/graph, flamestream-benchmarks-worker-14=akka://worker@flamestream-benchmarks-worker-14:5412/user/watcher/processing-watcher/graph, flamestream-benchmarks-worker-13=akka://worker@flamestream-benchmarks-worker-13:5412/user/watcher/processing-watcher/graph, flamestream-benchmarks-worker-12=akka://worker@flamestream-benchmarks-worker-12:5412/user/watcher/processing-watcher/graph, flamestream-benchmarks-worker-11=akka://worker@flamestream-benchmarks-worker-11:5412/user/watcher/processing-watcher/graph, flamestream-benchmarks-worker-10=akka://worker@flamestream-benchmarks-worker-10:5412/user/watcher/processing-watcher/graph}}'
18:54:08.335 [worker-akka.actor.default-dispatcher-10] INFO  a.a.LocalActorRef akka://worker/user/watcher/processing-watcher/graph/negotiator - Requesting ticket for the frontClass FlameSocketGraphDeployerFront@flamestream-benchmarks-worker-8
18:54:08.371 [worker-akka.actor.default-dispatcher-6] INFO  a.a.LocalActorRef akka://worker/user/watcher/processing-watcher/graph/graph - Received last commit 'LastCommit{globalTime=(0000000, min@min)}'
18:54:08.410 [worker-akka.actor.default-dispatcher-13] INFO  c.s.f.r.e.s.SocketRear  - FlameSocketGraphDeployerRear@flamestream-benchmarks-worker-8: connecting to flamestream-benchmarks-manager:5678
18:54:08.421 [worker-akka.actor.default-dispatcher-6] INFO  a.a.LocalActorRef akka://worker/user/watcher/processing-watcher/graph/edge/FlameSocketGraphDeployerFront - Starting...
18:54:08.430 [worker-akka.actor.default-dispatcher-13] INFO  c.s.f.r.e.s.SocketRear  - FlameSocketGraphDeployerRear@flamestream-benchmarks-worker-8: connected to flamestream-benchmarks-manager:5678
18:54:08.432 [worker-akka.actor.default-dispatcher-13] INFO  a.a.LocalActorRef akka://worker/user/watcher/processing-watcher/graph/edge/FlameSocketGraphDeployerRear - Starting...
18:54:08.435 [worker-akka.actor.default-dispatcher-6] INFO  c.s.f.r.e.s.SocketFront  - FlameSocketGraphDeployerFront@flamestream-benchmarks-worker-8: connecting to flamestream-benchmarks-manager:4567
18:54:08.435 [worker-akka.actor.default-dispatcher-9] INFO  a.a.LocalActorRef akka://worker/user/watcher/processing-watcher/graph/negotiator - Ticket for the frontClass received: FrontTicket{allowedTimestamp=(0000000, FlameSocketGraphDeployerFront@flamestream-benchmarks-worker-8)}
18:54:08.644 [worker-akka.actor.default-dispatcher-6] INFO  a.a.LocalActorRef akka://worker/user/watcher/processing-watcher/graph/graph/$a - Starting...
18:54:08.647 [worker-akka.actor.default-dispatcher-6] INFO  a.a.LocalActorRef akka://worker/user/watcher/processing-watcher/graph/graph/$b - Starting...
18:54:08.650 [worker-akka.actor.default-dispatcher-6] INFO  a.a.LocalActorRef akka://worker/user/watcher/processing-watcher/graph/graph/$c - Starting...
18:54:08.653 [worker-akka.actor.default-dispatcher-6] INFO  a.a.LocalActorRef akka://worker/user/watcher/processing-watcher/graph/graph/$d - Starting...
18:54:08.654 [worker-akka.actor.default-dispatcher-6] INFO  a.a.LocalActorRef akka://worker/user/watcher/processing-watcher/graph/graph/$e - Starting...
18:54:08.656 [worker-akka.actor.default-dispatcher-6] INFO  a.a.LocalActorRef akka://worker/user/watcher/processing-watcher/graph/graph/$f - Starting...
18:54:08.657 [worker-akka.actor.default-dispatcher-6] INFO  a.a.LocalActorRef akka://worker/user/watcher/processing-watcher/graph/graph/$g - Starting...
18:54:08.660 [worker-akka.actor.default-dispatcher-6] INFO  a.a.LocalActorRef akka://worker/user/watcher/processing-watcher/graph/graph/$h - Starting...
18:54:08.663 [worker-akka.actor.default-dispatcher-6] INFO  a.a.LocalActorRef akka://worker/user/watcher/processing-watcher/graph/graph/$i - Starting...
18:54:08.665 [worker-akka.actor.default-dispatcher-6] INFO  a.a.LocalActorRef akka://worker/user/watcher/processing-watcher/graph/graph/$j - Starting...
18:54:08.667 [worker-akka.actor.default-dispatcher-6] INFO  a.a.LocalActorRef akka://worker/user/watcher/processing-watcher/graph/graph/$k - Starting...
18:54:08.668 [worker-akka.actor.default-dispatcher-6] INFO  a.a.LocalActorRef akka://worker/user/watcher/processing-watcher/graph/graph/$l - Starting...
18:54:08.669 [worker-akka.actor.default-dispatcher-6] INFO  a.a.LocalActorRef akka://worker/user/watcher/processing-watcher/graph/graph/$m - Starting...
18:54:08.671 [worker-akka.actor.default-dispatcher-6] INFO  a.a.LocalActorRef akka://worker/user/watcher/processing-watcher/graph/graph/$n - Starting...
18:54:08.672 [worker-akka.actor.default-dispatcher-6] INFO  a.a.LocalActorRef akka://worker/user/watcher/processing-watcher/graph/graph/$o - Starting...
18:54:08.676 [worker-akka.actor.default-dispatcher-6] INFO  a.a.LocalActorRef akka://worker/user/watcher/processing-watcher/graph/graph/$p - Starting...
18:54:08.678 [worker-akka.actor.default-dispatcher-6] INFO  a.a.LocalActorRef akka://worker/user/watcher/processing-watcher/graph/graph/$q - Starting...
18:54:08.680 [worker-akka.actor.default-dispatcher-6] INFO  a.a.LocalActorRef akka://worker/user/watcher/processing-watcher/graph/graph/$r - Starting...
18:54:08.681 [worker-akka.actor.default-dispatcher-6] INFO  a.a.LocalActorRef akka://worker/user/watcher/processing-watcher/graph/graph/$s - Starting...
18:54:08.683 [worker-akka.actor.default-dispatcher-6] INFO  a.a.LocalActorRef akka://worker/user/watcher/processing-watcher/graph/graph/$t - Starting...
18:54:08.684 [worker-akka.actor.default-dispatcher-6] INFO  a.a.LocalActorRef akka://worker/user/watcher/processing-watcher/graph/graph/$u - Starting...
18:54:08.685 [worker-akka.actor.default-dispatcher-6] INFO  a.a.LocalActorRef akka://worker/user/watcher/processing-watcher/graph/graph/$v - Starting...
18:54:08.686 [worker-akka.actor.default-dispatcher-6] INFO  a.a.LocalActorRef akka://worker/user/watcher/processing-watcher/graph/graph/$w - Starting...
18:54:08.687 [worker-akka.actor.default-dispatcher-6] INFO  a.a.LocalActorRef akka://worker/user/watcher/processing-watcher/graph/graph/$x - Starting...
18:54:08.689 [worker-akka.actor.default-dispatcher-6] INFO  a.a.LocalActorRef akka://worker/user/watcher/processing-watcher/graph/graph/$y - Starting...
18:54:08.691 [worker-akka.actor.default-dispatcher-6] INFO  a.a.LocalActorRef akka://worker/user/watcher/processing-watcher/graph/graph/$z - Starting...
18:54:08.692 [worker-akka.actor.default-dispatcher-6] INFO  a.a.LocalActorRef akka://worker/user/watcher/processing-watcher/graph/graph/$A - Starting...
18:54:08.694 [worker-akka.actor.default-dispatcher-6] INFO  a.a.LocalActorRef akka://worker/user/watcher/processing-watcher/graph/graph/$B - Starting...
18:54:08.695 [worker-akka.actor.default-dispatcher-6] INFO  a.a.LocalActorRef akka://worker/user/watcher/processing-watcher/graph/graph/$C - Starting...
18:54:08.696 [worker-akka.actor.default-dispatcher-6] INFO  a.a.LocalActorRef akka://worker/user/watcher/processing-watcher/graph/graph/$D - Starting...
18:54:08.697 [worker-akka.actor.default-dispatcher-6] INFO  a.a.LocalActorRef akka://worker/user/watcher/processing-watcher/graph/graph/$E - Starting...
18:54:08.699 [worker-akka.actor.default-dispatcher-6] INFO  a.a.LocalActorRef akka://worker/user/watcher/processing-watcher/graph/graph/$F - Starting...
18:54:08.700 [worker-akka.actor.default-dispatcher-6] INFO  a.a.LocalActorRef akka://worker/user/watcher/processing-watcher/graph/graph/$G - Starting...
18:54:08.701 [worker-akka.actor.default-dispatcher-6] INFO  a.a.LocalActorRef akka://worker/user/watcher/processing-watcher/graph/graph/$H - Starting...
18:54:08.703 [worker-akka.actor.default-dispatcher-6] INFO  a.a.LocalActorRef akka://worker/user/watcher/processing-watcher/graph/graph/$I - Starting...
18:54:08.704 [worker-akka.actor.default-dispatcher-6] INFO  a.a.LocalActorRef akka://worker/user/watcher/processing-watcher/graph/graph/$J - Starting...
18:54:08.706 [worker-akka.actor.default-dispatcher-6] INFO  a.a.LocalActorRef akka://worker/user/watcher/processing-watcher/graph/graph/$K - Starting...
18:54:08.707 [worker-akka.actor.default-dispatcher-6] INFO  a.a.LocalActorRef akka://worker/user/watcher/processing-watcher/graph/graph/$L - Starting...
18:54:08.708 [worker-akka.actor.default-dispatcher-6] INFO  a.a.LocalActorRef akka://worker/user/watcher/processing-watcher/graph/graph/$M - Starting...
18:54:08.710 [worker-akka.actor.default-dispatcher-6] INFO  a.a.LocalActorRef akka://worker/user/watcher/processing-watcher/graph/graph/$N - Starting...
18:54:08.711 [worker-akka.actor.default-dispatcher-6] INFO  a.a.LocalActorRef akka://worker/user/watcher/processing-watcher/graph/graph/$O - Starting...
18:54:08.712 [worker-akka.actor.default-dispatcher-6] INFO  a.a.LocalActorRef akka://worker/user/watcher/processing-watcher/graph/graph/$P - Starting...
18:54:08.714 [worker-akka.actor.default-dispatcher-6] INFO  a.a.LocalActorRef akka://worker/user/watcher/processing-watcher/graph/graph/$Q - Starting...
18:54:08.715 [worker-akka.actor.default-dispatcher-6] INFO  a.a.LocalActorRef akka://worker/user/watcher/processing-watcher/graph/graph/$R - Starting...
18:54:08.716 [worker-akka.actor.default-dispatcher-6] INFO  a.a.LocalActorRef akka://worker/user/watcher/processing-watcher/graph/graph/$S - Starting...
18:54:08.717 [worker-akka.actor.default-dispatcher-6] INFO  a.a.LocalActorRef akka://worker/user/watcher/processing-watcher/graph/graph/$T - Starting...
18:54:08.719 [worker-akka.actor.default-dispatcher-6] INFO  a.a.LocalActorRef akka://worker/user/watcher/processing-watcher/graph/graph/$U - Starting...
18:54:08.720 [worker-akka.actor.default-dispatcher-6] INFO  a.a.LocalActorRef akka://worker/user/watcher/processing-watcher/graph/graph/$V - Starting...
18:54:08.722 [worker-akka.actor.default-dispatcher-6] INFO  a.a.LocalActorRef akka://worker/user/watcher/processing-watcher/graph/graph/$W - Starting...
18:54:08.726 [worker-akka.actor.default-dispatcher-6] INFO  a.a.LocalActorRef akka://worker/user/watcher/processing-watcher/graph/graph/$X - Starting...
18:54:08.728 [worker-akka.actor.default-dispatcher-6] INFO  a.a.LocalActorRef akka://worker/user/watcher/processing-watcher/graph/graph/$Y - Starting...
18:54:08.729 [worker-akka.actor.default-dispatcher-6] INFO  a.a.LocalActorRef akka://worker/user/watcher/processing-watcher/graph/graph/$Z - Starting...
18:54:08.730 [worker-akka.actor.default-dispatcher-6] INFO  a.a.LocalActorRef akka://worker/user/watcher/processing-watcher/graph/graph/$0 - Starting...
18:54:08.731 [worker-akka.actor.default-dispatcher-6] INFO  a.a.LocalActorRef akka://worker/user/watcher/processing-watcher/graph/graph/$1 - Starting...
18:54:08.733 [worker-akka.actor.default-dispatcher-6] INFO  a.a.LocalActorRef akka://worker/user/watcher/processing-watcher/graph/graph/$2 - Starting...
18:54:08.734 [worker-akka.actor.default-dispatcher-6] INFO  a.a.LocalActorRef akka://worker/user/watcher/processing-watcher/graph/graph/$3 - Starting...
18:54:08.736 [worker-akka.actor.default-dispatcher-6] INFO  a.a.LocalActorRef akka://worker/user/watcher/processing-watcher/graph/graph/$4 - Starting...
18:54:08.737 [worker-akka.actor.default-dispatcher-6] INFO  a.a.LocalActorRef akka://worker/user/watcher/processing-watcher/graph/graph/$5 - Starting...
18:54:08.738 [worker-akka.actor.default-dispatcher-6] INFO  a.a.LocalActorRef akka://worker/user/watcher/processing-watcher/graph/graph/$6 - Starting...
18:54:08.740 [worker-akka.actor.default-dispatcher-6] INFO  a.a.LocalActorRef akka://worker/user/watcher/processing-watcher/graph/graph/$7 - Starting...
18:54:08.741 [worker-akka.actor.default-dispatcher-6] INFO  a.a.LocalActorRef akka://worker/user/watcher/processing-watcher/graph/graph/$8 - Starting...
18:54:08.748 [worker-akka.actor.default-dispatcher-6] INFO  a.a.LocalActorRef akka://worker/user/watcher/processing-watcher/graph/graph/$9 - Starting...
18:54:08.771 [worker-akka.actor.default-dispatcher-6] INFO  a.a.LocalActorRef akka://worker/user/watcher/processing-watcher/graph/graph/$+ - Starting...
18:54:08.775 [worker-akka.actor.default-dispatcher-6] INFO  a.a.LocalActorRef akka://worker/user/watcher/processing-watcher/graph/graph/$~ - Starting...
18:54:08.777 [worker-akka.actor.default-dispatcher-6] INFO  a.a.LocalActorRef akka://worker/user/watcher/processing-watcher/graph/graph/$ab - Starting...
18:54:08.779 [worker-akka.actor.default-dispatcher-6] INFO  a.a.LocalActorRef akka://worker/user/watcher/processing-watcher/graph/graph/$bb - Starting...
18:54:08.780 [worker-akka.actor.default-dispatcher-6] INFO  a.a.LocalActorRef akka://worker/user/watcher/processing-watcher/graph/graph/$cb - Starting...
18:54:08.786 [worker-akka.actor.default-dispatcher-6] INFO  a.a.LocalActorRef akka://worker/user/watcher/processing-watcher/graph/graph/$9 - Attached rear to graph (-9223372036854775808, min@min)
18:54:08.787 [worker-akka.actor.default-dispatcher-6] INFO  a.a.LocalActorRef akka://worker/user/watcher/processing-watcher/graph/graph/$db - Starting...
18:54:08.788 [worker-akka.actor.default-dispatcher-6] INFO  a.a.LocalActorRef akka://worker/user/watcher/processing-watcher/graph/graph/$eb - Starting...
18:54:08.789 [worker-akka.actor.default-dispatcher-6] INFO  a.a.LocalActorRef akka://worker/user/watcher/processing-watcher/graph/graph/$fb - Starting...
18:54:08.790 [worker-akka.actor.default-dispatcher-6] INFO  a.a.LocalActorRef akka://worker/user/watcher/processing-watcher/graph/graph/$gb - Starting...
18:54:08.791 [worker-akka.actor.default-dispatcher-6] INFO  a.a.LocalActorRef akka://worker/user/watcher/processing-watcher/graph/graph/$hb - Starting...
18:54:08.791 [worker-akka.actor.default-dispatcher-6] INFO  a.a.LocalActorRef akka://worker/user/watcher/processing-watcher/graph/graph/$ib - Starting...
18:54:08.792 [worker-akka.actor.default-dispatcher-6] INFO  a.a.LocalActorRef akka://worker/user/watcher/processing-watcher/graph/graph/$jb - Starting...
18:54:08.794 [worker-akka.actor.default-dispatcher-6] INFO  a.a.LocalActorRef akka://worker/user/watcher/processing-watcher/graph/graph/$kb - Starting...
18:54:08.794 [worker-akka.actor.default-dispatcher-6] INFO  a.a.LocalActorRef akka://worker/user/watcher/processing-watcher/graph/graph/$lb - Starting...
18:54:08.795 [worker-akka.actor.default-dispatcher-6] INFO  a.a.LocalActorRef akka://worker/user/watcher/processing-watcher/graph/graph/$mb - Starting...
18:54:08.796 [worker-akka.actor.default-dispatcher-6] INFO  a.a.LocalActorRef akka://worker/user/watcher/processing-watcher/graph/graph/$nb - Starting...
18:54:08.797 [worker-akka.actor.default-dispatcher-6] INFO  a.a.LocalActorRef akka://worker/user/watcher/processing-watcher/graph/graph/$ob - Starting...
18:54:08.799 [worker-akka.actor.default-dispatcher-6] INFO  a.a.LocalActorRef akka://worker/user/watcher/processing-watcher/graph/graph/$pb - Starting...
18:54:08.800 [worker-akka.actor.default-dispatcher-6] INFO  a.a.LocalActorRef akka://worker/user/watcher/processing-watcher/graph/graph/$rb - Starting...
18:54:08.801 [worker-akka.actor.default-dispatcher-6] INFO  a.a.LocalActorRef akka://worker/user/watcher/processing-watcher/graph/graph/$qb - Starting...
18:54:08.803 [worker-akka.actor.default-dispatcher-13] INFO  a.a.LocalActorRef akka://worker/user/watcher/processing-watcher/graph/graph/$sb - Starting...
18:54:08.804 [worker-akka.actor.default-dispatcher-13] INFO  a.a.LocalActorRef akka://worker/user/watcher/processing-watcher/graph/graph/$tb - Starting...
18:54:08.804 [worker-akka.actor.default-dispatcher-13] INFO  a.a.LocalActorRef akka://worker/user/watcher/processing-watcher/graph/graph/$ub - Starting...
18:54:08.804 [worker-akka.actor.default-dispatcher-13] INFO  a.a.LocalActorRef akka://worker/user/watcher/processing-watcher/graph/graph/$wb - Starting...
18:54:08.804 [worker-akka.actor.default-dispatcher-13] INFO  a.a.LocalActorRef akka://worker/user/watcher/processing-watcher/graph/graph/$xb - Starting...
18:54:08.804 [worker-akka.actor.default-dispatcher-6] INFO  a.a.LocalActorRef akka://worker/user/watcher/processing-watcher/graph/graph/$vb - Starting...
18:54:08.805 [worker-akka.actor.default-dispatcher-6] INFO  a.a.LocalActorRef akka://worker/user/watcher/processing-watcher/graph/graph/$yb - Starting...
18:54:08.806 [worker-akka.actor.default-dispatcher-6] INFO  a.a.LocalActorRef akka://worker/user/watcher/processing-watcher/graph/graph/$zb - Starting...
18:54:08.808 [worker-akka.actor.default-dispatcher-6] INFO  a.a.LocalActorRef akka://worker/user/watcher/processing-watcher/graph/graph/$Ab - Starting...
18:54:08.809 [worker-akka.actor.default-dispatcher-6] INFO  a.a.LocalActorRef akka://worker/user/watcher/processing-watcher/graph/graph/$Bb - Starting...
18:54:08.810 [worker-akka.actor.default-dispatcher-6] INFO  a.a.LocalActorRef akka://worker/user/watcher/processing-watcher/graph/graph/$Cb - Starting...
18:54:08.810 [worker-akka.actor.default-dispatcher-6] INFO  a.a.LocalActorRef akka://worker/user/watcher/processing-watcher/graph/graph/$Db - Starting...
18:54:08.812 [worker-akka.actor.default-dispatcher-13] INFO  a.a.LocalActorRef akka://worker/user/watcher/processing-watcher/graph/graph/$Fb - Starting...
18:54:08.812 [worker-akka.actor.default-dispatcher-13] INFO  a.a.LocalActorRef akka://worker/user/watcher/processing-watcher/graph/graph/$Eb - Starting...
18:54:08.813 [worker-akka.actor.default-dispatcher-13] INFO  a.a.LocalActorRef akka://worker/user/watcher/processing-watcher/graph/graph/$Gb - Starting...
18:54:08.813 [worker-akka.actor.default-dispatcher-13] INFO  a.a.LocalActorRef akka://worker/user/watcher/processing-watcher/graph/graph/$Hb - Starting...
18:54:08.813 [worker-akka.actor.default-dispatcher-13] INFO  a.a.LocalActorRef akka://worker/user/watcher/processing-watcher/graph/graph/$Ib - Starting...
18:54:08.813 [worker-akka.actor.default-dispatcher-13] INFO  a.a.LocalActorRef akka://worker/user/watcher/processing-watcher/graph/graph/$Jb - Starting...
18:54:08.814 [worker-akka.actor.default-dispatcher-6] INFO  a.a.LocalActorRef akka://worker/user/watcher/processing-watcher/graph/graph/$Kb - Starting...
18:54:08.815 [worker-akka.actor.default-dispatcher-6] INFO  a.a.LocalActorRef akka://worker/user/watcher/processing-watcher/graph/graph/$Lb - Starting...
18:54:08.815 [worker-akka.actor.default-dispatcher-6] INFO  a.a.LocalActorRef akka://worker/user/watcher/processing-watcher/graph/graph/$Mb - Starting...
18:54:08.816 [worker-akka.actor.default-dispatcher-6] INFO  a.a.LocalActorRef akka://worker/user/watcher/processing-watcher/graph/graph/$Nb - Starting...
2019-09-28T18:54:25.027+0000: 37.532: [GC (Allocation Failure) 2019-09-28T18:54:25.027+0000: 37.532: [DefNew: 409600K->32391K(460800K), 0.0692835 secs] 435552K->58344K(1484800K), 0.0693853 secs] [Times: user=0.06 sys=0.01, real=0.07 secs] 
2019-09-28T18:54:34.746+0000: 47.250: [GC (Allocation Failure) 2019-09-28T18:54:34.746+0000: 47.250: [DefNew: 441991K->1122K(460800K), 0.0406738 secs] 467944K->56168K(1484800K), 0.0407692 secs] [Times: user=0.03 sys=0.01, real=0.04 secs] 
2019-09-28T18:54:41.265+0000: 53.769: [GC (Allocation Failure) 2019-09-28T18:54:41.265+0000: 53.769: [DefNew: 410722K->1189K(460800K), 0.0052279 secs] 465768K->56235K(1484800K), 0.0053197 secs] [Times: user=0.01 sys=0.00, real=0.00 secs] 
2019-09-28T18:54:46.485+0000: 58.991: [GC (Allocation Failure) 2019-09-28T18:54:46.487+0000: 58.991: [DefNew: 410789K->1210K(460800K), 0.0054765 secs] 465835K->56256K(1484800K), 0.0067589 secs] [Times: user=0.01 sys=0.00, real=0.00 secs] 
2019-09-28T18:54:53.883+0000: 66.388: [GC (Allocation Failure) 2019-09-28T18:54:53.883+0000: 66.388: [DefNew: 410810K->1836K(460800K), 0.0064355 secs] 465856K->56882K(1484800K), 0.0065292 secs] [Times: user=0.01 sys=0.00, real=0.00 secs] 
2019-09-28T18:55:01.194+0000: 73.699: [GC (Allocation Failure) 2019-09-28T18:55:01.194+0000: 73.699: [DefNew: 411436K->1485K(460800K), 0.0043517 secs] 466482K->56531K(1484800K), 0.0044775 secs] [Times: user=0.00 sys=0.00, real=0.01 secs] 
2019-09-28T18:55:08.335+0000: 80.840: [GC (Allocation Failure) 2019-09-28T18:55:08.335+0000: 80.840: [DefNew: 411085K->1535K(460800K), 0.0042852 secs] 466131K->56581K(1484800K), 0.0043734 secs] [Times: user=0.01 sys=0.00, real=0.00 secs] 
2019-09-28T18:55:15.644+0000: 88.148: [GC (Allocation Failure) 2019-09-28T18:55:15.644+0000: 88.148: [DefNew: 411135K->1494K(460800K), 0.0043370 secs] 466181K->56541K(1484800K), 0.0044253 secs] [Times: user=0.00 sys=0.00, real=0.00 secs] 
2019-09-28T18:55:22.857+0000: 95.362: [GC (Allocation Failure) 2019-09-28T18:55:22.857+0000: 95.362: [DefNew: 411094K->1485K(460800K), 0.0042041 secs] 466141K->56531K(1484800K), 0.0042895 secs] [Times: user=0.00 sys=0.00, real=0.00 secs] 
2019-09-28T18:55:30.580+0000: 103.085: [GC (Allocation Failure) 2019-09-28T18:55:30.580+0000: 103.085: [DefNew: 411085K->1487K(460800K), 0.0043712 secs] 466131K->56533K(1484800K), 0.0044638 secs] [Times: user=0.00 sys=0.00, real=0.01 secs] 
2019-09-28T18:55:37.846+0000: 110.350: [GC (Allocation Failure) 2019-09-28T18:55:37.846+0000: 110.350: [DefNew: 411087K->1486K(460800K), 0.0042747 secs] 466133K->56532K(1484800K), 0.0043769 secs] [Times: user=0.01 sys=0.00, real=0.00 secs] 
2019-09-28T18:55:45.059+0000: 117.564: [GC (Allocation Failure) 2019-09-28T18:55:45.059+0000: 117.564: [DefNew: 411086K->1486K(460800K), 0.0040996 secs] 466132K->56532K(1484800K), 0.0041931 secs] [Times: user=0.00 sys=0.00, real=0.01 secs] 
2019-09-28T18:55:52.642+0000: 125.147: [GC (Allocation Failure) 2019-09-28T18:55:52.642+0000: 125.147: [DefNew: 411086K->1601K(460800K), 0.0045259 secs] 466132K->56647K(1484800K), 0.0046272 secs] [Times: user=0.00 sys=0.00, real=0.01 secs] 
2019-09-28T18:56:00.042+0000: 132.547: [GC (Allocation Failure) 2019-09-28T18:56:00.042+0000: 132.547: [DefNew: 411201K->1590K(460800K), 0.0045618 secs] 466247K->56637K(1484800K), 0.0046525 secs] [Times: user=0.01 sys=0.00, real=0.01 secs] 
2019-09-28T18:56:07.287+0000: 139.792: [GC (Allocation Failure) 2019-09-28T18:56:07.287+0000: 139.792: [DefNew: 411190K->1605K(460800K), 0.0045253 secs] 466237K->56651K(1484800K), 0.0046301 secs] [Times: user=0.01 sys=0.00, real=0.00 secs] 
2019-09-28T18:56:14.585+0000: 147.089: [GC (Allocation Failure) 2019-09-28T18:56:14.585+0000: 147.089: [DefNew: 411205K->1598K(460800K), 0.0043020 secs] 466251K->56644K(1484800K), 0.0043946 secs] [Times: user=0.00 sys=0.00, real=0.00 secs] 
2019-09-28T18:56:22.423+0000: 154.927: [GC (Allocation Failure) 2019-09-28T18:56:22.423+0000: 154.927: [DefNew: 411198K->1396K(460800K), 0.0046354 secs] 466244K->56634K(1484800K), 0.0047295 secs] [Times: user=0.01 sys=0.00, real=0.01 secs] 
2019-09-28T18:56:29.703+0000: 162.208: [GC (Allocation Failure) 2019-09-28T18:56:29.703+0000: 162.208: [DefNew: 410996K->1277K(460800K), 0.0041921 secs] 466234K->56616K(1484800K), 0.0042845 secs] [Times: user=0.00 sys=0.00, real=0.00 secs] 
2019-09-28T18:56:37.069+0000: 169.573: [GC (Allocation Failure) 2019-09-28T18:56:37.069+0000: 169.573: [DefNew: 410877K->1215K(460800K), 0.0040697 secs] 466216K->56616K(1484800K), 0.0041571 secs] [Times: user=0.01 sys=0.00, real=0.00 secs] 
2019-09-28T18:56:44.853+0000: 177.358: [GC (Allocation Failure) 2019-09-28T18:56:44.853+0000: 177.358: [DefNew: 410815K->222K(460800K), 0.0045895 secs] 466216K->56618K(1484800K), 0.0046838 secs] [Times: user=0.01 sys=0.00, real=0.01 secs] 
2019-09-28T18:56:52.021+0000: 184.525: [GC (Allocation Failure) 2019-09-28T18:56:52.021+0000: 184.525: [DefNew: 409822K->351K(460800K), 0.0032348 secs] 466218K->56749K(1484800K), 0.0033401 secs] [Times: user=0.00 sys=0.00, real=0.01 secs] 
2019-09-28T18:56:59.324+0000: 191.830: [GC (Allocation Failure) 2019-09-28T18:56:59.326+0000: 191.830: [DefNew: 409951K->340K(460800K), 0.0029499 secs] 466349K->56737K(1484800K), 0.0045366 secs] [Times: user=0.01 sys=0.00, real=0.00 secs] 
2019-09-28T18:57:06.533+0000: 199.037: [GC (Allocation Failure) 2019-09-28T18:57:06.533+0000: 199.037: [DefNew: 409940K->315K(460800K), 0.0028925 secs] 466337K->56713K(1484800K), 0.0029827 secs] [Times: user=0.00 sys=0.00, real=0.01 secs] 
2019-09-28T18:57:14.413+0000: 206.918: [GC (Allocation Failure) 2019-09-28T18:57:14.413+0000: 206.918: [DefNew: 409915K->311K(460800K), 0.0028051 secs] 466313K->56708K(1484800K), 0.0028922 secs] [Times: user=0.00 sys=0.00, real=0.01 secs] 
2019-09-28T18:57:21.682+0000: 214.186: [GC (Allocation Failure) 2019-09-28T18:57:21.682+0000: 214.186: [DefNew: 409911K->314K(460800K), 0.0028203 secs] 466308K->56712K(1484800K), 0.0029082 secs] [Times: user=0.00 sys=0.00, real=0.01 secs] 
2019-09-28T18:57:28.961+0000: 221.466: [GC (Allocation Failure) 2019-09-28T18:57:28.962+0000: 221.466: [DefNew: 409914K->333K(460800K), 0.0028602 secs] 466312K->56731K(1484800K), 0.0029535 secs] [Times: user=0.01 sys=0.00, real=0.01 secs] 
2019-09-28T18:57:36.745+0000: 229.250: [GC (Allocation Failure) 2019-09-28T18:57:36.745+0000: 229.250: [DefNew: 409933K->341K(460800K), 0.0029272 secs] 466331K->56738K(1484800K), 0.0030324 secs] [Times: user=0.00 sys=0.00, real=0.00 secs] 
2019-09-28T18:57:44.059+0000: 236.563: [GC (Allocation Failure) 2019-09-28T18:57:44.059+0000: 236.563: [DefNew: 409941K->237K(460800K), 0.0029955 secs] 466338K->56717K(1484800K), 0.0031078 secs] [Times: user=0.00 sys=0.01, real=0.00 secs] 
2019-09-28T18:57:51.278+0000: 243.783: [GC (Allocation Failure) 2019-09-28T18:57:51.278+0000: 243.783: [DefNew: 409837K->348K(460800K), 0.0031488 secs] 466317K->56829K(1484800K), 0.0032425 secs] [Times: user=0.01 sys=0.00, real=0.00 secs] 
2019-09-28T18:57:59.018+0000: 251.523: [GC (Allocation Failure) 2019-09-28T18:57:59.018+0000: 251.523: [DefNew: 409948K->303K(460800K), 0.0029803 secs] 466429K->56784K(1484800K), 0.0030686 secs] [Times: user=0.01 sys=0.00, real=0.00 secs] 
2019-09-28T18:58:06.301+0000: 258.805: [GC (Allocation Failure) 2019-09-28T18:58:06.301+0000: 258.805: [DefNew: 409903K->281K(460800K), 0.0028094 secs] 466384K->56762K(1484800K), 0.0029054 secs] [Times: user=0.00 sys=0.00, real=0.01 secs] 
2019-09-28T18:58:13.530+0000: 266.034: [GC (Allocation Failure) 2019-09-28T18:58:13.530+0000: 266.034: [DefNew: 409881K->286K(460800K), 0.0029433 secs] 466362K->56767K(1484800K), 0.0030399 secs] [Times: user=0.00 sys=0.00, real=0.00 secs] 
2019-09-28T18:58:20.846+0000: 273.351: [GC (Allocation Failure) 2019-09-28T18:58:20.846+0000: 273.351: [DefNew: 409886K->271K(460800K), 0.0026945 secs] 466367K->56752K(1484800K), 0.0027960 secs] [Times: user=0.00 sys=0.00, real=0.00 secs] 
2019-09-28T18:58:28.627+0000: 281.131: [GC (Allocation Failure) 2019-09-28T18:58:28.627+0000: 281.131: [DefNew: 409871K->329K(460800K), 0.0030453 secs] 466352K->56809K(1484800K), 0.0031228 secs] [Times: user=0.00 sys=0.01, real=0.00 secs] 
2019-09-28T18:58:35.924+0000: 288.428: [GC (Allocation Failure) 2019-09-28T18:58:35.924+0000: 288.428: [DefNew: 409929K->272K(460800K), 0.0027576 secs] 466409K->56753K(1484800K), 0.0028453 secs] [Times: user=0.00 sys=0.00, real=0.00 secs] 
2019-09-28T18:58:43.170+0000: 295.675: [GC (Allocation Failure) 2019-09-28T18:58:43.170+0000: 295.675: [DefNew: 409872K->209K(460800K), 0.0030454 secs] 466353K->56781K(1484800K), 0.0031693 secs] [Times: user=0.00 sys=0.00, real=0.00 secs] 
2019-09-28T18:58:50.916+0000: 303.421: [GC (Allocation Failure) 2019-09-28T18:58:50.916+0000: 303.421: [DefNew: 409809K->237K(460800K), 0.0029880 secs] 466381K->56809K(1484800K), 0.0030754 secs] [Times: user=0.00 sys=0.00, real=0.00 secs] 
2019-09-28T18:58:58.217+0000: 310.721: [GC (Allocation Failure) 2019-09-28T18:58:58.217+0000: 310.721: [DefNew: 409837K->242K(460800K), 0.0029698 secs] 466409K->56814K(1484800K), 0.0030574 secs] [Times: user=0.00 sys=0.00, real=0.00 secs] 
2019-09-28T18:59:05.513+0000: 318.017: [GC (Allocation Failure) 2019-09-28T18:59:05.513+0000: 318.017: [DefNew: 409842K->208K(460800K), 0.0026853 secs] 466414K->56781K(1484800K), 0.0027780 secs] [Times: user=0.00 sys=0.00, real=0.01 secs] 
2019-09-28T18:59:13.398+0000: 325.902: [GC (Allocation Failure) 2019-09-28T18:59:13.398+0000: 325.902: [DefNew: 409808K->210K(460800K), 0.0027408 secs] 466381K->56783K(1484800K), 0.0028274 secs] [Times: user=0.01 sys=0.00, real=0.00 secs] 
2019-09-28T18:59:20.659+0000: 333.163: [GC (Allocation Failure) 2019-09-28T18:59:20.659+0000: 333.163: [DefNew: 409810K->208K(460800K), 0.0027871 secs] 466383K->56781K(1484800K), 0.0029009 secs] [Times: user=0.00 sys=0.00, real=0.00 secs] 
2019-09-28T18:59:27.969+0000: 340.474: [GC (Allocation Failure) 2019-09-28T18:59:27.969+0000: 340.474: [DefNew: 409808K->244K(460800K), 0.0028302 secs] 466381K->56816K(1484800K), 0.0029099 secs] [Times: user=0.01 sys=0.00, real=0.00 secs] 
2019-09-28T18:59:35.695+0000: 348.199: [GC (Allocation Failure) 2019-09-28T18:59:35.695+0000: 348.199: [DefNew: 409844K->218K(460800K), 0.0026929 secs] 466416K->56790K(1484800K), 0.0027879 secs] [Times: user=0.00 sys=0.00, real=0.00 secs] 
2019-09-28T18:59:42.964+0000: 355.468: [GC (Allocation Failure) 2019-09-28T18:59:42.964+0000: 355.468: [DefNew: 409818K->293K(460800K), 0.0029391 secs] 466390K->56903K(1484800K), 0.0030428 secs] [Times: user=0.00 sys=0.00, real=0.00 secs] 
2019-09-28T18:59:50.353+0000: 362.858: [GC (Allocation Failure) 2019-09-28T18:59:50.353+0000: 362.858: [DefNew: 409893K->167K(460800K), 0.0027076 secs] 466503K->56783K(1484800K), 0.0027979 secs] [Times: user=0.00 sys=0.00, real=0.01 secs] 
2019-09-28T18:59:57.978+0000: 370.482: [GC (Allocation Failure) 2019-09-28T18:59:57.978+0000: 370.482: [DefNew: 409767K->187K(460800K), 0.0028356 secs] 466383K->56802K(1484800K), 0.0029372 secs] [Times: user=0.01 sys=0.00, real=0.00 secs] 
2019-09-28T19:00:05.254+0000: 377.758: [GC (Allocation Failure) 2019-09-28T19:00:05.254+0000: 377.758: [DefNew: 409787K->219K(460800K), 0.0031088 secs] 466402K->56835K(1484800K), 0.0031991 secs] [Times: user=0.00 sys=0.00, real=0.01 secs] 
2019-09-28T19:00:12.488+0000: 384.993: [GC (Allocation Failure) 2019-09-28T19:00:12.488+0000: 384.993: [DefNew: 409819K->185K(460800K), 0.0027737 secs] 466435K->56801K(1484800K), 0.0028623 secs] [Times: user=0.00 sys=0.01, real=0.00 secs] 
2019-09-28T19:00:19.783+0000: 392.287: [GC (Allocation Failure) 2019-09-28T19:00:19.783+0000: 392.288: [DefNew: 409785K->216K(460800K), 0.0028039 secs] 466401K->56832K(1484800K), 0.0028896 secs] [Times: user=0.00 sys=0.00, real=0.00 secs] 
2019-09-28T19:00:27.581+0000: 400.086: [GC (Allocation Failure) 2019-09-28T19:00:27.581+0000: 400.086: [DefNew: 409816K->187K(460800K), 0.0026909 secs] 466432K->56802K(1484800K), 0.0027769 secs] [Times: user=0.00 sys=0.00, real=0.01 secs] 
2019-09-28T19:00:34.831+0000: 407.335: [GC (Allocation Failure) 2019-09-28T19:00:34.831+0000: 407.335: [DefNew: 409787K->187K(460800K), 0.0027590 secs] 466402K->56803K(1484800K), 0.0028343 secs] [Times: user=0.01 sys=0.00, real=0.00 secs] 
2019-09-28T19:00:42.102+0000: 414.606: [GC (Allocation Failure) 2019-09-28T19:00:42.102+0000: 414.606: [DefNew: 409787K->239K(460800K), 0.0029265 secs] 466403K->56866K(1484800K), 0.0030186 secs] [Times: user=0.00 sys=0.00, real=0.01 secs] 
2019-09-28T19:00:49.969+0000: 422.473: [GC (Allocation Failure) 2019-09-28T19:00:49.969+0000: 422.473: [DefNew: 409839K->215K(460800K), 0.0029470 secs] 466466K->56859K(1484800K), 0.0030467 secs] [Times: user=0.01 sys=0.00, real=0.00 secs] 
2019-09-28T19:00:57.076+0000: 429.581: [GC (Allocation Failure) 2019-09-28T19:00:57.076+0000: 429.581: [DefNew: 409815K->182K(460800K), 0.0028732 secs] 466459K->56826K(1484800K), 0.0029748 secs] [Times: user=0.01 sys=0.00, real=0.00 secs] 
2019-09-28T19:01:04.340+0000: 436.844: [GC (Allocation Failure) 2019-09-28T19:01:04.340+0000: 436.844: [DefNew: 409782K->181K(460800K), 0.0027582 secs] 466426K->56826K(1484800K), 0.0028342 secs] [Times: user=0.00 sys=0.01, real=0.01 secs] 
2019-09-28T19:01:11.653+0000: 444.158: [GC (Allocation Failure) 2019-09-28T19:01:11.653+0000: 444.158: [DefNew: 409781K->212K(460800K), 0.0027720 secs] 466426K->56856K(1484800K), 0.0028607 secs] [Times: user=0.00 sys=0.00, real=0.01 secs] 
2019-09-28T19:01:19.372+0000: 451.877: [GC (Allocation Failure) 2019-09-28T19:01:19.372+0000: 451.877: [DefNew: 409812K->182K(460800K), 0.0027385 secs] 466456K->56827K(1484800K), 0.0028248 secs] [Times: user=0.00 sys=0.00, real=0.01 secs] 
2019-09-28T19:01:26.665+0000: 459.170: [GC (Allocation Failure) 2019-09-28T19:01:26.665+0000: 459.170: [DefNew: 409782K->182K(460800K), 0.0027452 secs] 466427K->56827K(1484800K), 0.0028321 secs] [Times: user=0.00 sys=0.00, real=0.00 secs] 
19:01:31.915 [worker-akka.actor.default-dispatcher-9] INFO  a.r.a.Association(akka://worker) akka.remote.artery.Association(akka://worker) - Stopping idle outbound stream [2] to [akka://worker@flamestream-benchmarks-worker-0:5412]
2019-09-28T19:01:34.049+0000: 466.553: [GC (Allocation Failure) 2019-09-28T19:01:34.049+0000: 466.553: [DefNew: 409782K->278K(460800K), 0.0030980 secs] 466427K->56924K(1484800K), 0.0031784 secs] [Times: user=0.00 sys=0.00, real=0.00 secs] 
2019-09-28T19:01:41.686+0000: 474.191: [GC (Allocation Failure) 2019-09-28T19:01:41.687+0000: 474.191: [DefNew: 409878K->244K(460800K), 0.0030783 secs] 466524K->56891K(1484800K), 0.0031715 secs] [Times: user=0.00 sys=0.00, real=0.00 secs] 
2019-09-28T19:01:49.070+0000: 481.575: [GC (Allocation Failure) 2019-09-28T19:01:49.070+0000: 481.575: [DefNew: 409844K->314K(460800K), 0.0033924 secs] 466491K->56978K(1484800K), 0.0034923 secs] [Times: user=0.01 sys=0.00, real=0.00 secs] 
2019-09-28T19:01:56.169+0000: 488.674: [GC (Allocation Failure) 2019-09-28T19:01:56.169+0000: 488.674: [DefNew: 409914K->238K(460800K), 0.0033274 secs] 466578K->56903K(1484800K), 0.0034308 secs] [Times: user=0.00 sys=0.00, real=0.00 secs] 
2019-09-28T19:02:04.113+0000: 496.617: [GC (Allocation Failure) 2019-09-28T19:02:04.113+0000: 496.617: [DefNew: 409838K->229K(460800K), 0.0029198 secs] 466503K->56894K(1484800K), 0.0030320 secs] [Times: user=0.01 sys=0.00, real=0.01 secs] 
2019-09-28T19:02:11.365+0000: 503.869: [GC (Allocation Failure) 2019-09-28T19:02:11.365+0000: 503.869: [DefNew: 409829K->242K(460800K), 0.0031175 secs] 466494K->56906K(1484800K), 0.0032058 secs] [Times: user=0.01 sys=0.00, real=0.00 secs] 
2019-09-28T19:02:18.646+0000: 511.150: [GC (Allocation Failure) 2019-09-28T19:02:18.646+0000: 511.150: [DefNew: 409842K->230K(460800K), 0.0030074 secs] 466506K->56895K(1484800K), 0.0030968 secs] [Times: user=0.00 sys=0.00, real=0.00 secs] 
2019-09-28T19:02:26.421+0000: 518.926: [GC (Allocation Failure) 2019-09-28T19:02:26.421+0000: 518.926: [DefNew: 409830K->256K(460800K), 0.0030871 secs] 466495K->56921K(1484800K), 0.0031827 secs] [Times: user=0.00 sys=0.00, real=0.01 secs] 
2019-09-28T19:02:33.670+0000: 526.175: [GC (Allocation Failure) 2019-09-28T19:02:33.670+0000: 526.175: [DefNew: 409856K->228K(460800K), 0.0031046 secs] 466521K->56895K(1484800K), 0.0031996 secs] [Times: user=0.00 sys=0.00, real=0.00 secs] 
2019-09-28T19:02:40.932+0000: 533.437: [GC (Allocation Failure) 2019-09-28T19:02:40.932+0000: 533.437: [DefNew: 409828K->219K(460800K), 0.0030487 secs] 466495K->56894K(1484800K), 0.0031300 secs] [Times: user=0.01 sys=0.00, real=0.01 secs] 
2019-09-28T19:02:48.166+0000: 540.670: [GC (Allocation Failure) 2019-09-28T19:02:48.166+0000: 540.670: [DefNew: 409819K->204K(460800K), 0.0030105 secs] 466494K->56894K(1484800K), 0.0031061 secs] [Times: user=0.00 sys=0.00, real=0.00 secs] 
2019-09-28T19:02:55.923+0000: 548.428: [GC (Allocation Failure) 2019-09-28T19:02:55.923+0000: 548.428: [DefNew: 409804K->221K(460800K), 0.0030391 secs] 466494K->56911K(1484800K), 0.0031317 secs] [Times: user=0.00 sys=0.00, real=0.00 secs] 
2019-09-28T19:03:03.333+0000: 555.837: [GC (Allocation Failure) 2019-09-28T19:03:03.333+0000: 555.837: [DefNew: 409821K->324K(460800K), 0.0033637 secs] 466511K->57014K(1484800K), 0.0034548 secs] [Times: user=0.00 sys=0.00, real=0.01 secs] 
2019-09-28T19:03:10.618+0000: 563.123: [GC (Allocation Failure) 2019-09-28T19:03:10.618+0000: 563.123: [DefNew: 409924K->237K(460800K), 0.0029683 secs] 466614K->56928K(1484800K), 0.0030508 secs] [Times: user=0.00 sys=0.00, real=0.00 secs] 
2019-09-28T19:03:18.391+0000: 570.896: [GC (Allocation Failure) 2019-09-28T19:03:18.391+0000: 570.896: [DefNew: 409837K->247K(460800K), 0.0030466 secs] 466528K->56937K(1484800K), 0.0031390 secs] [Times: user=0.00 sys=0.00, real=0.00 secs] 
2019-09-28T19:03:25.707+0000: 578.212: [GC (Allocation Failure) 2019-09-28T19:03:25.707+0000: 578.212: [DefNew: 409847K->247K(460800K), 0.0031532 secs] 466537K->56974K(1484800K), 0.0032436 secs] [Times: user=0.00 sys=0.00, real=0.00 secs] 
2019-09-28T19:03:32.934+0000: 585.438: [GC (Allocation Failure) 2019-09-28T19:03:32.934+0000: 585.438: [DefNew: 409847K->219K(460800K), 0.0029140 secs] 466574K->56967K(1484800K), 0.0030078 secs] [Times: user=0.01 sys=0.00, real=0.01 secs] 
2019-09-28T19:03:40.707+0000: 593.211: [GC (Allocation Failure) 2019-09-28T19:03:40.707+0000: 593.211: [DefNew: 409819K->207K(460800K), 0.0027072 secs] 466567K->56955K(1484800K), 0.0027867 secs] [Times: user=0.00 sys=0.00, real=0.00 secs] 
2019-09-28T19:03:47.988+0000: 600.493: [GC (Allocation Failure) 2019-09-28T19:03:47.988+0000: 600.493: [DefNew: 409807K->156K(460800K), 0.0026818 secs] 466555K->56913K(1484800K), 0.0027819 secs] [Times: user=0.01 sys=0.00, real=0.00 secs] 
2019-09-28T19:03:55.266+0000: 607.771: [GC (Allocation Failure) 2019-09-28T19:03:55.266+0000: 607.771: [DefNew: 409756K->224K(460800K), 0.0030693 secs] 466513K->56981K(1484800K), 0.0031594 secs] [Times: user=0.00 sys=0.00, real=0.00 secs] 
2019-09-28T19:04:03.077+0000: 615.581: [GC (Allocation Failure) 2019-09-28T19:04:03.077+0000: 615.581: [DefNew: 409824K->170K(460800K), 0.0027218 secs] 466581K->56928K(1484800K), 0.0028089 secs] [Times: user=0.00 sys=0.00, real=0.00 secs] 
2019-09-28T19:04:10.314+0000: 622.818: [GC (Allocation Failure) 2019-09-28T19:04:10.314+0000: 622.818: [DefNew: 409770K->200K(460800K), 0.0027616 secs] 466528K->56957K(1484800K), 0.0028577 secs] [Times: user=0.01 sys=0.00, real=0.01 secs] 
2019-09-28T19:04:17.603+0000: 630.107: [GC (Allocation Failure) 2019-09-28T19:04:17.603+0000: 630.107: [DefNew: 409800K->193K(460800K), 0.0027299 secs] 466557K->56951K(1484800K), 0.0028271 secs] [Times: user=0.01 sys=0.00, real=0.01 secs] 
2019-09-28T19:04:25.392+0000: 637.897: [GC (Allocation Failure) 2019-09-28T19:04:25.392+0000: 637.897: [DefNew: 409793K->188K(460800K), 0.0028292 secs] 466551K->56946K(1484800K), 0.0029200 secs] [Times: user=0.01 sys=0.00, real=0.01 secs] 
2019-09-28T19:04:32.660+0000: 645.165: [GC (Allocation Failure) 2019-09-28T19:04:32.660+0000: 645.165: [DefNew: 409788K->169K(460800K), 0.0027109 secs] 466546K->56927K(1484800K), 0.0027942 secs] [Times: user=0.01 sys=0.00, real=0.01 secs] 
2019-09-28T19:04:39.946+0000: 652.450: [GC (Allocation Failure) 2019-09-28T19:04:39.946+0000: 652.450: [DefNew: 409769K->239K(460800K), 0.0029628 secs] 466527K->56997K(1484800K), 0.0030709 secs] [Times: user=0.00 sys=0.00, real=0.00 secs] 
2019-09-28T19:04:47.478+0000: 659.983: [GC (Allocation Failure) 2019-09-28T19:04:47.478+0000: 659.983: [DefNew: 409839K->154K(460800K), 0.0028591 secs] 466597K->56928K(1484800K), 0.0029356 secs] [Times: user=0.01 sys=0.00, real=0.00 secs] 
2019-09-28T19:04:54.983+0000: 667.487: [GC (Allocation Failure) 2019-09-28T19:04:54.983+0000: 667.487: [DefNew: 409754K->246K(460800K), 0.0030056 secs] 466528K->57019K(1484800K), 0.0030970 secs] [Times: user=0.00 sys=0.00, real=0.01 secs] 
2019-09-28T19:05:02.456+0000: 674.960: [GC (Allocation Failure) 2019-09-28T19:05:02.456+0000: 674.960: [DefNew: 409846K->170K(460800K), 0.0027638 secs] 466619K->56944K(1484800K), 0.0028673 secs] [Times: user=0.01 sys=0.00, real=0.00 secs] 
2019-09-28T19:05:10.264+0000: 682.769: [GC (Allocation Failure) 2019-09-28T19:05:10.264+0000: 682.769: [DefNew: 409770K->161K(460800K), 0.0026889 secs] 466544K->56936K(1484800K), 0.0027824 secs] [Times: user=0.00 sys=0.00, real=0.00 secs] 
2019-09-28T19:05:17.561+0000: 690.065: [GC (Allocation Failure) 2019-09-28T19:05:17.561+0000: 690.065: [DefNew: 409761K->169K(460800K), 0.0029943 secs] 466536K->56943K(1484800K), 0.0030827 secs] [Times: user=0.00 sys=0.01, real=0.01 secs] 
2019-09-28T19:05:24.777+0000: 697.281: [GC (Allocation Failure) 2019-09-28T19:05:24.777+0000: 697.281: [DefNew: 409769K->176K(460800K), 0.0027861 secs] 466543K->56950K(1484800K), 0.0028929 secs] [Times: user=0.00 sys=0.00, real=0.00 secs] 
2019-09-28T19:05:32.587+0000: 705.091: [GC (Allocation Failure) 2019-09-28T19:05:32.587+0000: 705.091: [DefNew: 409776K->168K(460800K), 0.0027974 secs] 466550K->56944K(1484800K), 0.0029071 secs] [Times: user=0.00 sys=0.00, real=0.00 secs] 
2019-09-28T19:05:39.911+0000: 712.415: [GC (Allocation Failure) 2019-09-28T19:05:39.911+0000: 712.415: [DefNew: 409768K->200K(460800K), 0.0026849 secs] 466544K->56976K(1484800K), 0.0027974 secs] [Times: user=0.00 sys=0.00, real=0.00 secs] 
2019-09-28T19:05:47.119+0000: 719.623: [GC (Allocation Failure) 2019-09-28T19:05:47.119+0000: 719.623: [DefNew: 409800K->248K(460800K), 0.0028446 secs] 466576K->57039K(1484800K), 0.0029272 secs] [Times: user=0.00 sys=0.00, real=0.00 secs] 
2019-09-28T19:05:54.349+0000: 726.854: [GC (Allocation Failure) 2019-09-28T19:05:54.349+0000: 726.854: [DefNew: 409848K->201K(460800K), 0.0031075 secs] 466639K->56991K(1484800K), 0.0032140 secs] [Times: user=0.00 sys=0.00, real=0.00 secs] 
2019-09-28T19:06:02.160+0000: 734.665: [GC (Allocation Failure) 2019-09-28T19:06:02.160+0000: 734.665: [DefNew: 409801K->169K(460800K), 0.0027995 secs] 466591K->56960K(1484800K), 0.0028948 secs] [Times: user=0.00 sys=0.00, real=0.01 secs] 
2019-09-28T19:06:09.431+0000: 741.936: [GC (Allocation Failure) 2019-09-28T19:06:09.431+0000: 741.936: [DefNew: 409769K->158K(460800K), 0.0026660 secs] 466560K->56949K(1484800K), 0.0027525 secs] [Times: user=0.00 sys=0.01, real=0.00 secs] 
2019-09-28T19:06:16.711+0000: 749.215: [GC (Allocation Failure) 2019-09-28T19:06:16.711+0000: 749.215: [DefNew: 409758K->163K(460800K), 0.0027918 secs] 466549K->56954K(1484800K), 0.0029139 secs] [Times: user=0.01 sys=0.00, real=0.00 secs] 
2019-09-28T19:06:24.550+0000: 757.055: [GC (Allocation Failure) 2019-09-28T19:06:24.550+0000: 757.055: [DefNew: 409763K->159K(460800K), 0.0027492 secs] 466554K->56950K(1484800K), 0.0028530 secs] [Times: user=0.00 sys=0.01, real=0.00 secs] 
2019-09-28T19:06:31.845+0000: 764.349: [GC (Allocation Failure) 2019-09-28T19:06:31.845+0000: 764.349: [DefNew: 409759K->202K(460800K), 0.0028644 secs] 466550K->56993K(1484800K), 0.0029498 secs] [Times: user=0.00 sys=0.00, real=0.00 secs] 
2019-09-28T19:06:39.098+0000: 771.602: [GC (Allocation Failure) 2019-09-28T19:06:39.098+0000: 771.602: [DefNew: 409802K->225K(460800K), 0.0027409 secs] 466593K->57016K(1484800K), 0.0028266 secs] [Times: user=0.00 sys=0.00, real=0.00 secs] 
2019-09-28T19:06:46.856+0000: 779.361: [GC (Allocation Failure) 2019-09-28T19:06:46.856+0000: 779.361: [DefNew: 409825K->187K(460800K), 0.0028031 secs] 466616K->56987K(1484800K), 0.0028965 secs] [Times: user=0.00 sys=0.00, real=0.00 secs] 
2019-09-28T19:06:54.120+0000: 786.625: [GC (Allocation Failure) 2019-09-28T19:06:54.120+0000: 786.625: [DefNew: 409787K->174K(460800K), 0.0029163 secs] 466587K->56973K(1484800K), 0.0030025 secs] [Times: user=0.00 sys=0.00, real=0.01 secs] 
2019-09-28T19:07:01.500+0000: 794.004: [GC (Allocation Failure) 2019-09-28T19:07:01.500+0000: 794.004: [DefNew: 409774K->196K(460800K), 0.0028678 secs] 466573K->56996K(1484800K), 0.0029434 secs] [Times: user=0.00 sys=0.00, real=0.00 secs] 
2019-09-28T19:07:09.160+0000: 801.665: [GC (Allocation Failure) 2019-09-28T19:07:09.160+0000: 801.665: [DefNew: 409796K->155K(460800K), 0.0026108 secs] 466596K->56958K(1484800K), 0.0027075 secs] [Times: user=0.00 sys=0.00, real=0.01 secs] 
2019-09-28T19:07:16.436+0000: 808.940: [GC (Allocation Failure) 2019-09-28T19:07:16.436+0000: 808.940: [DefNew: 409755K->200K(460800K), 0.0025854 secs] 466558K->57004K(1484800K), 0.0026925 secs] [Times: user=0.00 sys=0.00, real=0.00 secs] 
2019-09-28T19:07:23.676+0000: 816.180: [GC (Allocation Failure) 2019-09-28T19:07:23.676+0000: 816.180: [DefNew: 409800K->161K(460800K), 0.0026420 secs] 466604K->56965K(1484800K), 0.0027413 secs] [Times: user=0.01 sys=0.00, real=0.00 secs] 
2019-09-28T19:07:30.950+0000: 823.454: [GC (Allocation Failure) 2019-09-28T19:07:30.950+0000: 823.454: [DefNew: 409761K->198K(460800K), 0.0027622 secs] 466565K->57001K(1484800K), 0.0028406 secs] [Times: user=0.01 sys=0.00, real=0.00 secs] 
2019-09-28T19:07:38.720+0000: 831.225: [GC (Allocation Failure) 2019-09-28T19:07:38.720+0000: 831.225: [DefNew: 409798K->154K(460800K), 0.0027146 secs] 466601K->56958K(1484800K), 0.0028293 secs] [Times: user=0.01 sys=0.00, real=0.01 secs] 
2019-09-28T19:07:45.977+0000: 838.482: [GC (Allocation Failure) 2019-09-28T19:07:45.978+0000: 838.482: [DefNew: 409754K->200K(460800K), 0.0027755 secs] 466558K->57013K(1484800K), 0.0028765 secs] [Times: user=0.01 sys=0.00, real=0.00 secs] 
2019-09-28T19:07:53.221+0000: 845.725: [GC (Allocation Failure) 2019-09-28T19:07:53.221+0000: 845.725: [DefNew: 409800K->227K(460800K), 0.0029761 secs] 466613K->57040K(1484800K), 0.0030659 secs] [Times: user=0.00 sys=0.00, real=0.01 secs] 
2019-09-28T19:08:01.018+0000: 853.523: [GC (Allocation Failure) 2019-09-28T19:08:01.018+0000: 853.523: [DefNew: 409827K->168K(460800K), 0.0026894 secs] 466640K->56981K(1484800K), 0.0027688 secs] [Times: user=0.00 sys=0.00, real=0.00 secs] 
2019-09-28T19:08:08.327+0000: 860.831: [GC (Allocation Failure) 2019-09-28T19:08:08.327+0000: 860.832: [DefNew: 409768K->182K(460800K), 0.0027068 secs] 466581K->56995K(1484800K), 0.0028060 secs] [Times: user=0.00 sys=0.00, real=0.00 secs] 
2019-09-28T19:08:15.572+0000: 868.076: [GC (Allocation Failure) 2019-09-28T19:08:15.572+0000: 868.076: [DefNew: 409782K->161K(460800K), 0.0026359 secs] 466595K->56974K(1484800K), 0.0027236 secs] [Times: user=0.01 sys=0.00, real=0.00 secs] 
2019-09-28T19:08:23.194+0000: 875.699: [GC (Allocation Failure) 2019-09-28T19:08:23.194+0000: 875.699: [DefNew: 409761K->155K(460800K), 0.0027191 secs] 466574K->56968K(1484800K), 0.0028360 secs] [Times: user=0.00 sys=0.00, real=0.01 secs] 
2019-09-28T19:08:30.653+0000: 883.158: [GC (Allocation Failure) 2019-09-28T19:08:30.654+0000: 883.158: [DefNew: 409755K->154K(460800K), 0.0025413 secs] 466568K->56968K(1484800K), 0.0026173 secs] [Times: user=0.00 sys=0.00, real=0.01 secs] 
2019-09-28T19:08:37.940+0000: 890.445: [GC (Allocation Failure) 2019-09-28T19:08:37.940+0000: 890.445: [DefNew: 409754K->154K(460800K), 0.0027553 secs] 466568K->56967K(1484800K), 0.0028409 secs] [Times: user=0.00 sys=0.00, real=0.01 secs] 
2019-09-28T19:08:45.186+0000: 897.691: [GC (Allocation Failure) 2019-09-28T19:08:45.186+0000: 897.691: [DefNew: 409754K->170K(460800K), 0.0028331 secs] 466567K->56990K(1484800K), 0.0029273 secs] [Times: user=0.01 sys=0.00, real=0.00 secs] 
2019-09-28T19:08:52.934+0000: 905.438: [GC (Allocation Failure) 2019-09-28T19:08:52.934+0000: 905.438: [DefNew: 409770K->156K(460800K), 0.0027411 secs] 466590K->56977K(1484800K), 0.0028331 secs] [Times: user=0.00 sys=0.00, real=0.01 secs] 
2019-09-28T19:09:00.174+0000: 912.678: [GC (Allocation Failure) 2019-09-28T19:09:00.174+0000: 912.678: [DefNew: 409756K->156K(460800K), 0.0025529 secs] 466577K->56977K(1484800K), 0.0026401 secs] [Times: user=0.00 sys=0.00, real=0.01 secs] 
2019-09-28T19:09:07.407+0000: 919.911: [GC (Allocation Failure) 2019-09-28T19:09:07.407+0000: 919.911: [DefNew: 409756K->175K(460800K), 0.0026591 secs] 466577K->56996K(1484800K), 0.0027365 secs] [Times: user=0.00 sys=0.00, real=0.00 secs] 
2019-09-28T19:09:15.252+0000: 927.757: [GC (Allocation Failure) 2019-09-28T19:09:15.253+0000: 927.757: [DefNew: 409775K->158K(460800K), 0.0026906 secs] 466596K->56979K(1484800K), 0.0027857 secs] [Times: user=0.00 sys=0.00, real=0.01 secs] 
2019-09-28T19:09:22.517+0000: 935.022: [GC (Allocation Failure) 2019-09-28T19:09:22.517+0000: 935.022: [DefNew: 409758K->201K(460800K), 0.0028790 secs] 466579K->57022K(1484800K), 0.0029656 secs] [Times: user=0.00 sys=0.00, real=0.00 secs] 
2019-09-28T19:09:29.806+0000: 942.310: [GC (Allocation Failure) 2019-09-28T19:09:29.806+0000: 942.310: [DefNew: 409801K->238K(460800K), 0.0028260 secs] 466622K->57059K(1484800K), 0.0029150 secs] [Times: user=0.01 sys=0.00, real=0.00 secs] 
2019-09-28T19:09:37.567+0000: 950.071: [GC (Allocation Failure) 2019-09-28T19:09:37.567+0000: 950.071: [DefNew: 409838K->157K(460800K), 0.0026499 secs] 466659K->56978K(1484800K), 0.0027381 secs] [Times: user=0.00 sys=0.00, real=0.00 secs] 
2019-09-28T19:09:44.832+0000: 957.336: [GC (Allocation Failure) 2019-09-28T19:09:44.832+0000: 957.336: [DefNew: 409757K->173K(460800K), 0.0029658 secs] 466578K->57004K(1484800K), 0.0030579 secs] [Times: user=0.00 sys=0.00, real=0.01 secs] 
2019-09-28T19:09:52.094+0000: 964.598: [GC (Allocation Failure) 2019-09-28T19:09:52.094+0000: 964.598: [DefNew: 409773K->199K(460800K), 0.0028684 secs] 466604K->57030K(1484800K), 0.0029618 secs] [Times: user=0.00 sys=0.00, real=0.01 secs] 
2019-09-28T19:09:59.286+0000: 971.790: [GC (Allocation Failure) 2019-09-28T19:09:59.286+0000: 971.790: [DefNew: 409799K->155K(460800K), 0.0026178 secs] 466630K->56986K(1484800K), 0.0027012 secs] [Times: user=0.01 sys=0.00, real=0.00 secs] 
2019-09-28T19:10:07.161+0000: 979.666: [GC (Allocation Failure) 2019-09-28T19:10:07.161+0000: 979.666: [DefNew: 409755K->156K(460800K), 0.0027304 secs] 466586K->56987K(1484800K), 0.0028085 secs] [Times: user=0.01 sys=0.00, real=0.01 secs] 
2019-09-28T19:10:14.425+0000: 986.930: [GC (Allocation Failure) 2019-09-28T19:10:14.425+0000: 986.930: [DefNew: 409756K->155K(460800K), 0.0028611 secs] 466587K->56986K(1484800K), 0.0029506 secs] [Times: user=0.00 sys=0.00, real=0.00 secs] 
2019-09-28T19:10:21.658+0000: 994.162: [GC (Allocation Failure) 2019-09-28T19:10:21.658+0000: 994.162: [DefNew: 409755K->155K(460800K), 0.0026461 secs] 466586K->56986K(1484800K), 0.0027369 secs] [Times: user=0.01 sys=0.00, real=0.00 secs] 
2019-09-28T19:10:29.471+0000: 1001.975: [GC (Allocation Failure) 2019-09-28T19:10:29.471+0000: 1001.975: [DefNew: 409755K->157K(460800K), 0.0026204 secs] 466586K->56989K(1484800K), 0.0027366 secs] [Times: user=0.00 sys=0.00, real=0.00 secs] 
2019-09-28T19:10:36.722+0000: 1009.226: [GC (Allocation Failure) 2019-09-28T19:10:36.722+0000: 1009.226: [DefNew: 409757K->155K(460800K), 0.0027245 secs] 466589K->56987K(1484800K), 0.0028049 secs] [Times: user=0.00 sys=0.00, real=0.01 secs] 
2019-09-28T19:10:43.952+0000: 1016.457: [GC (Allocation Failure) 2019-09-28T19:10:43.952+0000: 1016.457: [DefNew: 409755K->229K(460800K), 0.0028339 secs] 466587K->57070K(1484800K), 0.0029291 secs] [Times: user=0.00 sys=0.00, real=0.01 secs] 
2019-09-28T19:10:51.801+0000: 1024.306: [GC (Allocation Failure) 2019-09-28T19:10:51.801+0000: 1024.306: [DefNew: 409829K->163K(460800K), 0.0029454 secs] 466670K->57004K(1484800K), 0.0030343 secs] [Times: user=0.00 sys=0.00, real=0.01 secs] 
19:10:55.522 [Client] INFO  c.s.f.r.e.s.SocketRear  - FlameSocketGraphDeployerRear@flamestream-benchmarks-worker-8: has been disconnected from Connection 4
19:10:55.525 [Client] INFO  c.s.f.r.e.s.SocketFront  - FlameSocketGraphDeployerFront@flamestream-benchmarks-worker-8 has been disconnected from Connection 4
19:11:14.753 [worker-akka.actor.default-dispatcher-9] INFO  a.r.a.Association(akka://worker) akka.remote.artery.Association(akka://worker) - Association to [akka://worker@flamestream-benchmarks-worker-0:5412] having UID [8671737266674996310] has been stopped. All messages to this UID will be delivered to dead letters. Reason: ActorSystem terminated
19:11:14.759 [worker-akka.actor.default-dispatcher-9] INFO  a.r.a.Association(akka://worker) akka.remote.artery.Association(akka://worker) - Association to [akka://worker@flamestream-benchmarks-worker-2:5412] having UID [-1357220282590935731] has been stopped. All messages to this UID will be delivered to dead letters. Reason: ActorSystem terminated
19:11:14.812 [worker-akka.actor.default-dispatcher-6] INFO  a.r.a.Association(akka://worker) akka.remote.artery.Association(akka://worker) - Association to [akka://worker@flamestream-benchmarks-worker-1:5412] having UID [9003752637410361599] has been stopped. All messages to this UID will be delivered to dead letters. Reason: ActorSystem terminated
19:11:14.861 [worker-akka.actor.default-dispatcher-10] INFO  a.a.LocalActorRef akka://worker/user/watcher/processing-watcher/graph/edge/FlameSocketGraphDeployerRear - Stopped
19:11:14.866 [worker-akka.actor.default-dispatcher-10] INFO  a.a.LocalActorRef akka://worker/user/watcher/processing-watcher/graph/negotiator - Stopped
19:11:14.878 [worker-akka.actor.default-dispatcher-12] INFO  a.a.LocalActorRef akka://worker/user/watcher/processing-watcher/graph/graph/$+ - Stopped
19:11:14.882 [worker-akka.actor.default-dispatcher-13] INFO  a.a.LocalActorRef akka://worker/user/watcher/processing-watcher/graph/edge/FlameSocketGraphDeployerFront - Stopped
19:11:14.886 [worker-akka.actor.default-dispatcher-6] INFO  a.a.LocalActorRef akka://worker/user/watcher/processing-watcher/graph/edge - Stopped
19:11:14.891 [worker-akka.actor.default-dispatcher-18] INFO  a.a.LocalActorRef akka://worker/user/watcher/processing-watcher/graph/graph/$0 - Stopped
19:11:14.891 [worker-akka.actor.default-dispatcher-18] INFO  a.a.LocalActorRef akka://worker/user/watcher/processing-watcher/graph/graph/$1 - Stopped
19:11:14.892 [worker-akka.actor.default-dispatcher-18] INFO  a.a.LocalActorRef akka://worker/user/watcher/processing-watcher/graph/graph/$2 - Stopped
19:11:14.892 [worker-akka.actor.default-dispatcher-18] INFO  a.a.LocalActorRef akka://worker/user/watcher/processing-watcher/graph/graph/$3 - Stopped
19:11:14.892 [worker-akka.actor.default-dispatcher-18] INFO  a.a.LocalActorRef akka://worker/user/watcher/processing-watcher/graph/graph/$4 - Stopped
19:11:14.892 [worker-akka.actor.default-dispatcher-18] INFO  a.a.LocalActorRef akka://worker/user/watcher/processing-watcher/graph/graph/$5 - Stopped
19:11:14.892 [worker-akka.actor.default-dispatcher-18] INFO  a.a.LocalActorRef akka://worker/user/watcher/processing-watcher/graph/graph/$6 - Stopped
19:11:14.893 [worker-akka.actor.default-dispatcher-18] INFO  a.a.LocalActorRef akka://worker/user/watcher/processing-watcher/graph/graph/$7 - Stopped
19:11:14.893 [worker-akka.actor.default-dispatcher-18] INFO  a.a.LocalActorRef akka://worker/user/watcher/processing-watcher/graph/graph/$8 - Stopped
19:11:14.893 [worker-akka.actor.default-dispatcher-18] INFO  a.a.LocalActorRef akka://worker/user/watcher/processing-watcher/graph/graph/$9 - Stopped
19:11:14.893 [worker-akka.actor.default-dispatcher-18] INFO  a.a.LocalActorRef akka://worker/user/watcher/processing-watcher/graph/graph/$A - Stopped
19:11:14.894 [worker-akka.actor.default-dispatcher-18] INFO  a.a.LocalActorRef akka://worker/user/watcher/processing-watcher/graph/graph/$Ab - Stopped
19:11:14.894 [worker-akka.actor.default-dispatcher-18] INFO  a.a.LocalActorRef akka://worker/user/watcher/processing-watcher/graph/graph/$B - Stopped
19:11:14.894 [worker-akka.actor.default-dispatcher-18] INFO  a.a.LocalActorRef akka://worker/user/watcher/processing-watcher/graph/graph/$Bb - Stopped
19:11:14.894 [worker-akka.actor.default-dispatcher-18] INFO  a.a.LocalActorRef akka://worker/user/watcher/processing-watcher/graph/graph/$C - Stopped
19:11:14.899 [worker-akka.actor.default-dispatcher-21] INFO  a.a.LocalActorRef akka://worker/user/watcher/processing-watcher/graph/graph/$Cb - Stopped
19:11:14.904 [worker-akka.actor.default-dispatcher-18] INFO  a.a.LocalActorRef akka://worker/user/watcher/processing-watcher/graph/graph/$D - Stopped
19:11:14.906 [worker-akka.actor.default-dispatcher-18] INFO  a.a.LocalActorRef akka://worker/user/watcher/processing-watcher/graph/graph/$Db - Stopped
19:11:14.906 [worker-akka.actor.default-dispatcher-18] INFO  a.a.LocalActorRef akka://worker/user/watcher/processing-watcher/graph/graph/$E - Stopped
19:11:14.907 [worker-akka.actor.default-dispatcher-18] INFO  a.a.LocalActorRef akka://worker/user/watcher/processing-watcher/graph/graph/$Eb - Stopped
19:11:14.908 [worker-akka.actor.default-dispatcher-18] INFO  a.a.LocalActorRef akka://worker/user/watcher/processing-watcher/graph/graph/$F - Stopped
19:11:14.909 [worker-akka.actor.default-dispatcher-18] INFO  a.a.LocalActorRef akka://worker/user/watcher/processing-watcher/graph/graph/$Fb - Stopped
19:11:14.910 [worker-akka.actor.default-dispatcher-18] INFO  a.a.LocalActorRef akka://worker/user/watcher/processing-watcher/graph/graph/$G - Stopped
19:11:14.910 [worker-akka.actor.default-dispatcher-18] INFO  a.a.LocalActorRef akka://worker/user/watcher/processing-watcher/graph/graph/$Gb - Stopped
19:11:14.912 [worker-akka.actor.default-dispatcher-18] INFO  a.a.LocalActorRef akka://worker/user/watcher/processing-watcher/graph/graph/$H - Stopped
19:11:14.913 [worker-akka.actor.default-dispatcher-18] INFO  a.a.LocalActorRef akka://worker/user/watcher/processing-watcher/graph/graph/$Hb - Stopped
19:11:14.914 [worker-akka.actor.default-dispatcher-18] INFO  a.a.LocalActorRef akka://worker/user/watcher/processing-watcher/graph/graph/$I - Stopped
19:11:14.914 [worker-akka.actor.default-dispatcher-18] INFO  a.a.LocalActorRef akka://worker/user/watcher/processing-watcher/graph/graph/$Ib - Stopped
19:11:14.915 [worker-akka.actor.default-dispatcher-18] INFO  a.a.LocalActorRef akka://worker/user/watcher/processing-watcher/graph/graph/$J - Stopped
19:11:14.915 [worker-akka.actor.default-dispatcher-18] INFO  a.a.LocalActorRef akka://worker/user/watcher/processing-watcher/graph/graph/$Jb - Stopped
19:11:14.916 [worker-akka.actor.default-dispatcher-18] INFO  a.a.LocalActorRef akka://worker/user/watcher/processing-watcher/graph/graph/$K - Stopped
19:11:14.917 [worker-akka.actor.default-dispatcher-18] INFO  a.a.LocalActorRef akka://worker/user/watcher/processing-watcher/graph/graph/$Kb - Stopped
19:11:14.918 [worker-akka.actor.default-dispatcher-18] INFO  a.a.LocalActorRef akka://worker/user/watcher/processing-watcher/graph/graph/$L - Stopped
19:11:14.918 [worker-akka.actor.default-dispatcher-18] INFO  a.a.LocalActorRef akka://worker/user/watcher/processing-watcher/graph/graph/$Lb - Stopped
19:11:14.919 [worker-akka.actor.default-dispatcher-18] INFO  a.a.LocalActorRef akka://worker/user/watcher/processing-watcher/graph/graph/$M - Stopped
19:11:14.920 [worker-akka.actor.default-dispatcher-18] INFO  a.a.LocalActorRef akka://worker/user/watcher/processing-watcher/graph/graph/$Mb - Stopped
19:11:14.921 [worker-akka.actor.default-dispatcher-18] INFO  a.a.LocalActorRef akka://worker/user/watcher/processing-watcher/graph/graph/$N - Stopped
19:11:14.922 [worker-akka.actor.default-dispatcher-18] INFO  a.a.LocalActorRef akka://worker/user/watcher/processing-watcher/graph/graph/$Nb - Stopped
19:11:14.923 [worker-akka.actor.default-dispatcher-18] INFO  a.a.LocalActorRef akka://worker/user/watcher/processing-watcher/graph/graph/$O - Stopped
19:11:14.924 [worker-akka.actor.default-dispatcher-18] INFO  a.a.LocalActorRef akka://worker/user/watcher/processing-watcher/graph/graph/$P - Stopped
19:11:14.925 [worker-akka.actor.default-dispatcher-18] INFO  a.a.LocalActorRef akka://worker/user/watcher/processing-watcher/graph/graph/$Q - Stopped
19:11:14.926 [worker-akka.actor.default-dispatcher-18] INFO  a.a.LocalActorRef akka://worker/user/watcher/processing-watcher/graph/graph/$R - Stopped
19:11:14.926 [worker-akka.actor.default-dispatcher-18] INFO  a.a.LocalActorRef akka://worker/user/watcher/processing-watcher/graph/graph/$S - Stopped
19:11:14.927 [worker-akka.actor.default-dispatcher-18] INFO  a.a.LocalActorRef akka://worker/user/watcher/processing-watcher/graph/graph/$T - Stopped
19:11:14.928 [worker-akka.actor.default-dispatcher-18] INFO  a.a.LocalActorRef akka://worker/user/watcher/processing-watcher/graph/graph/$U - Stopped
19:11:14.929 [worker-akka.actor.default-dispatcher-18] INFO  a.a.LocalActorRef akka://worker/user/watcher/processing-watcher/graph/graph/$V - Stopped
19:11:14.930 [worker-akka.actor.default-dispatcher-18] INFO  a.a.LocalActorRef akka://worker/user/watcher/processing-watcher/graph/graph/$W - Stopped
19:11:14.930 [worker-akka.actor.default-dispatcher-18] INFO  a.a.LocalActorRef akka://worker/user/watcher/processing-watcher/graph/graph/$X - Stopped
19:11:14.931 [worker-akka.actor.default-dispatcher-18] INFO  a.a.LocalActorRef akka://worker/user/watcher/processing-watcher/graph/graph/$Y - Stopped
19:11:14.932 [worker-akka.actor.default-dispatcher-18] INFO  a.a.LocalActorRef akka://worker/user/watcher/processing-watcher/graph/graph/$Z - Stopped
19:11:14.933 [worker-akka.actor.default-dispatcher-18] INFO  a.a.LocalActorRef akka://worker/user/watcher/processing-watcher/graph/graph/$a - Stopped
19:11:14.934 [worker-akka.actor.default-dispatcher-18] INFO  a.a.LocalActorRef akka://worker/user/watcher/processing-watcher/graph/graph/$ab - Stopped
19:11:14.935 [worker-akka.actor.default-dispatcher-18] INFO  a.a.LocalActorRef akka://worker/user/watcher/processing-watcher/graph/graph/$b - Stopped
19:11:14.936 [worker-akka.actor.default-dispatcher-18] INFO  a.a.LocalActorRef akka://worker/user/watcher/processing-watcher/graph/graph/$bb - Stopped
19:11:14.937 [worker-akka.actor.default-dispatcher-18] INFO  a.a.LocalActorRef akka://worker/user/watcher/processing-watcher/graph/graph/$c - Stopped
19:11:14.938 [worker-akka.actor.default-dispatcher-18] INFO  a.a.LocalActorRef akka://worker/user/watcher/processing-watcher/graph/graph/$cb - Stopped
19:11:14.939 [worker-akka.actor.default-dispatcher-18] INFO  a.a.LocalActorRef akka://worker/user/watcher/processing-watcher/graph/graph/$d - Stopped
19:11:14.940 [worker-akka.actor.default-dispatcher-18] INFO  a.a.LocalActorRef akka://worker/user/watcher/processing-watcher/graph/graph/$db - Stopped
19:11:14.940 [worker-akka.actor.default-dispatcher-18] INFO  a.a.LocalActorRef akka://worker/user/watcher/processing-watcher/graph/graph/$e - Stopped
19:11:14.941 [worker-akka.actor.default-dispatcher-18] INFO  a.a.LocalActorRef akka://worker/user/watcher/processing-watcher/graph/graph/$eb - Stopped
19:11:14.942 [worker-akka.actor.default-dispatcher-18] INFO  a.a.LocalActorRef akka://worker/user/watcher/processing-watcher/graph/graph/$f - Stopped
19:11:14.943 [worker-akka.actor.default-dispatcher-18] INFO  a.a.LocalActorRef akka://worker/user/watcher/processing-watcher/graph/graph/$fb - Stopped
19:11:14.944 [worker-akka.actor.default-dispatcher-18] INFO  a.a.LocalActorRef akka://worker/user/watcher/processing-watcher/graph/graph/$g - Stopped
19:11:14.944 [worker-akka.actor.default-dispatcher-18] INFO  a.a.LocalActorRef akka://worker/user/watcher/processing-watcher/graph/graph/$gb - Stopped
19:11:14.945 [worker-akka.actor.default-dispatcher-18] INFO  a.a.LocalActorRef akka://worker/user/watcher/processing-watcher/graph/graph/$h - Stopped
19:11:14.946 [worker-akka.actor.default-dispatcher-18] INFO  a.a.LocalActorRef akka://worker/user/watcher/processing-watcher/graph/graph/$hb - Stopped
19:11:14.948 [worker-akka.actor.default-dispatcher-18] INFO  a.a.LocalActorRef akka://worker/user/watcher/processing-watcher/graph/graph/$i - Stopped
19:11:14.949 [worker-akka.actor.default-dispatcher-18] INFO  a.a.LocalActorRef akka://worker/user/watcher/processing-watcher/graph/graph/$ib - Stopped
19:11:14.950 [worker-akka.actor.default-dispatcher-18] INFO  a.a.LocalActorRef akka://worker/user/watcher/processing-watcher/graph/graph/$j - Stopped
19:11:14.950 [worker-akka.actor.default-dispatcher-18] INFO  a.a.LocalActorRef akka://worker/user/watcher/processing-watcher/graph/graph/$jb - Stopped
19:11:14.951 [worker-akka.actor.default-dispatcher-18] INFO  a.a.LocalActorRef akka://worker/user/watcher/processing-watcher/graph/graph/$k - Stopped
19:11:14.952 [worker-akka.actor.default-dispatcher-18] INFO  a.a.LocalActorRef akka://worker/user/watcher/processing-watcher/graph/graph/$kb - Stopped
19:11:14.952 [worker-akka.actor.default-dispatcher-18] INFO  a.a.LocalActorRef akka://worker/user/watcher/processing-watcher/graph/graph/$l - Stopped
19:11:14.954 [worker-akka.actor.default-dispatcher-18] INFO  a.a.LocalActorRef akka://worker/user/watcher/processing-watcher/graph/graph/$lb - Stopped
19:11:14.955 [worker-akka.actor.default-dispatcher-18] INFO  a.a.LocalActorRef akka://worker/user/watcher/processing-watcher/graph/graph/$m - Stopped
19:11:14.955 [worker-akka.actor.default-dispatcher-18] INFO  a.a.LocalActorRef akka://worker/user/watcher/processing-watcher/graph/graph/$mb - Stopped
19:11:14.956 [worker-akka.actor.default-dispatcher-18] INFO  a.a.LocalActorRef akka://worker/user/watcher/processing-watcher/graph/graph/$n - Stopped
19:11:14.957 [worker-akka.actor.default-dispatcher-18] INFO  a.a.LocalActorRef akka://worker/user/watcher/processing-watcher/graph/graph/$nb - Stopped
19:11:14.957 [worker-akka.actor.default-dispatcher-18] INFO  a.a.LocalActorRef akka://worker/user/watcher/processing-watcher/graph/graph/$o - Stopped
19:11:14.958 [worker-akka.actor.default-dispatcher-18] INFO  a.a.LocalActorRef akka://worker/user/watcher/processing-watcher/graph/graph/$ob - Stopped
19:11:14.959 [worker-akka.actor.default-dispatcher-18] INFO  a.a.LocalActorRef akka://worker/user/watcher/processing-watcher/graph/graph/$p - Stopped
19:11:14.960 [worker-akka.actor.default-dispatcher-18] INFO  a.a.LocalActorRef akka://worker/user/watcher/processing-watcher/graph/graph/$pb - Stopped
19:11:14.961 [worker-akka.actor.default-dispatcher-18] INFO  a.a.LocalActorRef akka://worker/user/watcher/processing-watcher/graph/graph/$q - Stopped
19:11:14.962 [worker-akka.actor.default-dispatcher-18] INFO  a.a.LocalActorRef akka://worker/user/watcher/processing-watcher/graph/graph/$qb - Stopped
19:11:14.962 [worker-akka.actor.default-dispatcher-18] INFO  a.a.LocalActorRef akka://worker/user/watcher/processing-watcher/graph/graph/$r - Stopped
19:11:14.963 [worker-akka.actor.default-dispatcher-18] INFO  a.a.LocalActorRef akka://worker/user/watcher/processing-watcher/graph/graph/$rb - Stopped
19:11:14.964 [worker-akka.actor.default-dispatcher-18] INFO  a.a.LocalActorRef akka://worker/user/watcher/processing-watcher/graph/graph/$s - Stopped
19:11:14.965 [worker-akka.actor.default-dispatcher-18] INFO  a.a.LocalActorRef akka://worker/user/watcher/processing-watcher/graph/graph/$sb - Stopped
19:11:14.967 [worker-akka.actor.default-dispatcher-18] INFO  a.a.LocalActorRef akka://worker/user/watcher/processing-watcher/graph/graph/$t - Stopped
19:11:14.968 [worker-akka.actor.default-dispatcher-18] INFO  a.a.LocalActorRef akka://worker/user/watcher/processing-watcher/graph/graph/$tb - Stopped
19:11:14.968 [worker-akka.actor.default-dispatcher-18] INFO  a.a.LocalActorRef akka://worker/user/watcher/processing-watcher/graph/graph/$u - Stopped
19:11:14.969 [worker-akka.actor.default-dispatcher-18] INFO  a.a.LocalActorRef akka://worker/user/watcher/processing-watcher/graph/graph/$ub - Stopped
19:11:14.970 [worker-akka.actor.default-dispatcher-18] INFO  a.a.LocalActorRef akka://worker/user/watcher/processing-watcher/graph/graph/$v - Stopped
19:11:14.970 [worker-akka.actor.default-dispatcher-18] INFO  a.a.LocalActorRef akka://worker/user/watcher/processing-watcher/graph/graph/$vb - Stopped
19:11:14.971 [worker-akka.actor.default-dispatcher-18] INFO  a.a.LocalActorRef akka://worker/user/watcher/processing-watcher/graph/graph/$w - Stopped
19:11:14.972 [worker-akka.actor.default-dispatcher-18] INFO  a.a.LocalActorRef akka://worker/user/watcher/processing-watcher/graph/graph/$wb - Stopped
19:11:14.973 [worker-akka.actor.default-dispatcher-18] INFO  a.a.LocalActorRef akka://worker/user/watcher/processing-watcher/graph/graph/$x - Stopped
19:11:14.975 [worker-akka.actor.default-dispatcher-18] INFO  a.a.LocalActorRef akka://worker/user/watcher/processing-watcher/graph/graph/$xb - Stopped
19:11:14.976 [worker-akka.actor.default-dispatcher-18] INFO  a.a.LocalActorRef akka://worker/user/watcher/processing-watcher/graph/graph/$y - Stopped
19:11:14.976 [worker-akka.actor.default-dispatcher-18] INFO  a.a.LocalActorRef akka://worker/user/watcher/processing-watcher/graph/graph/$yb - Stopped
19:11:14.977 [worker-akka.actor.default-dispatcher-18] INFO  a.a.LocalActorRef akka://worker/user/watcher/processing-watcher/graph/graph/$z - Stopped
19:11:14.977 [worker-akka.actor.default-dispatcher-18] INFO  a.a.LocalActorRef akka://worker/user/watcher/processing-watcher/graph/graph/$zb - Stopped
19:11:14.979 [worker-akka.actor.default-dispatcher-18] INFO  a.a.LocalActorRef akka://worker/user/watcher/processing-watcher/graph/graph/$~ - Stopped
19:11:14.999 [worker-akka.actor.default-dispatcher-18] INFO  a.a.LocalActorRef akka://worker/user/watcher/processing-watcher/graph/graph - Stopped
19:11:15.005 [worker-akka.actor.default-dispatcher-18] INFO  a.a.LocalActorRef akka://worker/user/watcher/processing-watcher/graph - Stopped
19:11:15.005 [worker-akka.actor.default-dispatcher-19] INFO  a.a.LocalActorRef akka://worker/user/watcher/processing-watcher - Stopped
19:11:15.007 [Curator-Framework-0] INFO  o.a.c.f.i.CuratorFrameworkImpl  - backgroundOperationsLoop exiting
19:11:15.016 [worker-akka.actor.default-dispatcher-6-EventThread] INFO  o.a.z.ClientCnxn  - EventThread shut down for session: 0x100015787a40009
19:11:15.016 [worker-akka.actor.default-dispatcher-21] INFO  o.a.z.ZooKeeper  - Session: 0x100015787a40009 closed
19:11:15.017 [worker-akka.actor.default-dispatcher-20] INFO  a.a.RepointableActorRef akka://worker/user/watcher - Stopped
19:11:15.015 [Curator-PathChildrenCache-0] ERROR o.a.c.f.r.c.PathChildrenCache  - 
java.lang.IllegalStateException: instance must be started before calling this method
	at org.apache.curator.shaded.com.google.common.base.Preconditions.checkState(Preconditions.java:444)
	at org.apache.curator.framework.imps.CuratorFrameworkImpl.getChildren(CuratorFrameworkImpl.java:456)
	at org.apache.curator.framework.recipes.cache.PathChildrenCache.refresh(PathChildrenCache.java:521)
	at org.apache.curator.framework.recipes.cache.RefreshOperation.invoke(RefreshOperation.java:35)
	at org.apache.curator.framework.recipes.cache.PathChildrenCache$9.run(PathChildrenCache.java:786)
	at java.util.concurrent.Executors$RunnableAdapter.call(Executors.java:511)
	at java.util.concurrent.FutureTask.run(FutureTask.java:266)
	at java.util.concurrent.Executors$RunnableAdapter.call(Executors.java:511)
	at java.util.concurrent.FutureTask.run(FutureTask.java:266)
	at java.util.concurrent.ThreadPoolExecutor.runWorker(ThreadPoolExecutor.java:1149)
	at java.util.concurrent.ThreadPoolExecutor$Worker.run(ThreadPoolExecutor.java:624)
	at java.lang.Thread.run(Thread.java:748)
19:11:15.039 [worker-akka.actor.default-dispatcher-21] INFO  a.r.RemoteActorRefProvider$RemotingTerminator akka://worker@flamestream-benchmarks-worker-8:5412/system/remoting-terminator - Shutting down remote daemon.
19:11:15.039 [worker-akka.actor.default-dispatcher-21] INFO  a.r.RemoteActorRefProvider$RemotingTerminator akka://worker@flamestream-benchmarks-worker-8:5412/system/remoting-terminator - Remote daemon shut down; proceeding with flushing remote transports.
19:11:16.295 [worker-akka.actor.default-dispatcher-21] INFO  a.r.RemoteActorRefProvider$RemotingTerminator akka://worker@flamestream-benchmarks-worker-8:5412/system/remoting-terminator - Remoting shut down.
Heap
 def new generation   total 460800K, used 255539K [0x00000000a2400000, 0x00000000c1800000, 0x00000000c1800000)
  eden space 409600K,  62% used [0x00000000a2400000, 0x00000000b1d64018, 0x00000000bb400000)
  from space 51200K,   0% used [0x00000000bb400000, 0x00000000bb428c40, 0x00000000be600000)
  to   space 51200K,   0% used [0x00000000be600000, 0x00000000be600000, 0x00000000c1800000)
 tenured generation   total 1024000K, used 56841K [0x00000000c1800000, 0x0000000100000000, 0x0000000100000000)
   the space 1024000K,   5% used [0x00000000c1800000, 0x00000000c4f82468, 0x00000000c4f82600, 0x0000000100000000)
 Metaspace       used 40688K, capacity 43464K, committed 43648K, reserved 1087488K
  class space    used 5337K, capacity 5657K, committed 5760K, reserved 1048576K
