05:48:29,868 |-INFO in ch.qos.logback.classic.LoggerContext[default] - Could NOT find resource [logback-test.xml]
05:48:29,868 |-INFO in ch.qos.logback.classic.LoggerContext[default] - Could NOT find resource [logback.groovy]
05:48:29,869 |-INFO in ch.qos.logback.classic.LoggerContext[default] - Found resource [logback.xml] at [jar:file:/root/flamestream/lib/flamestream-runtime-1.0-SNAPSHOT.jar!/logback.xml]
05:48:29,874 |-WARN in ch.qos.logback.classic.LoggerContext[default] - Resource [logback.xml] occurs multiple times on the classpath.
05:48:29,874 |-WARN in ch.qos.logback.classic.LoggerContext[default] - Resource [logback.xml] occurs at [jar:file:/root/flamestream/lib/flamestream-runtime-1.0-SNAPSHOT.jar!/logback.xml]
05:48:29,874 |-WARN in ch.qos.logback.classic.LoggerContext[default] - Resource [logback.xml] occurs at [jar:file:/root/flamestream/flamestream-runtime-1.0-SNAPSHOT.jar!/logback.xml]
05:48:29,893 |-INFO in ch.qos.logback.core.joran.spi.ConfigurationWatchList@3fb6a447 - URL [jar:file:/root/flamestream/lib/flamestream-runtime-1.0-SNAPSHOT.jar!/logback.xml] is not of type file
05:48:29,959 |-INFO in ch.qos.logback.classic.joran.action.ConfigurationAction - debug attribute not set
05:48:29,960 |-INFO in ch.qos.logback.core.joran.action.AppenderAction - About to instantiate appender of type [ch.qos.logback.core.ConsoleAppender]
05:48:29,976 |-INFO in ch.qos.logback.core.joran.action.AppenderAction - Naming appender as [STDOUT]
05:48:29,994 |-INFO in ch.qos.logback.core.joran.action.NestedComplexPropertyIA - Assuming default type [ch.qos.logback.classic.encoder.PatternLayoutEncoder] for [encoder] property
05:48:30,073 |-INFO in ch.qos.logback.core.joran.action.AppenderAction - About to instantiate appender of type [ch.qos.logback.core.rolling.RollingFileAppender]
05:48:30,081 |-INFO in ch.qos.logback.core.joran.action.AppenderAction - Naming appender as [FILE]
05:48:30,111 |-INFO in c.q.l.core.rolling.TimeBasedRollingPolicy@127618319 - No compression will be used
05:48:30,112 |-INFO in c.q.l.core.rolling.TimeBasedRollingPolicy@127618319 - Will use the pattern /tmp/application_%d{yyyy-MM-dd}.%i.log for the active file
05:48:30,115 |-INFO in ch.qos.logback.core.rolling.SizeAndTimeBasedFNATP@6b2fad11 - The date pattern is 'yyyy-MM-dd' from file name pattern '/tmp/application_%d{yyyy-MM-dd}.%i.log'.
05:48:30,115 |-INFO in ch.qos.logback.core.rolling.SizeAndTimeBasedFNATP@6b2fad11 - Roll-over at midnight.
05:48:30,120 |-INFO in ch.qos.logback.core.rolling.SizeAndTimeBasedFNATP@6b2fad11 - Setting initial period to Tue Jun 11 05:47:15 UTC 2019
05:48:30,121 |-WARN in ch.qos.logback.core.rolling.SizeAndTimeBasedFNATP@6b2fad11 - SizeAndTimeBasedFNATP is deprecated. Use SizeAndTimeBasedRollingPolicy instead
05:48:30,121 |-WARN in ch.qos.logback.core.rolling.SizeAndTimeBasedFNATP@6b2fad11 - For more information see http://logback.qos.ch/manual/appenders.html#SizeAndTimeBasedRollingPolicy
05:48:30,125 |-INFO in ch.qos.logback.core.joran.action.NestedComplexPropertyIA - Assuming default type [ch.qos.logback.classic.encoder.PatternLayoutEncoder] for [encoder] property
05:48:30,129 |-INFO in ch.qos.logback.core.rolling.RollingFileAppender[FILE] - Active log file name: /tmp/application.log
05:48:30,129 |-INFO in ch.qos.logback.core.rolling.RollingFileAppender[FILE] - File property is set to [/tmp/application.log]
05:48:30,130 |-INFO in ch.qos.logback.classic.joran.action.RootLoggerAction - Setting level of ROOT logger to WARN
05:48:30,130 |-INFO in ch.qos.logback.core.joran.action.AppenderRefAction - Attaching appender named [STDOUT] to Logger[ROOT]
05:48:30,132 |-INFO in ch.qos.logback.core.joran.action.AppenderRefAction - Attaching appender named [FILE] to Logger[ROOT]
05:48:30,132 |-INFO in ch.qos.logback.classic.joran.action.ConfigurationAction - End of configuration.
05:48:30,133 |-INFO in ch.qos.logback.classic.joran.JoranConfigurator@79698539 - Registering current configuration as safe fallback point

Ama winner
Ama winner
2019-06-11T05:48:31.491+0000: 1.803: [Full GC (Metadata GC Threshold) 2019-06-11T05:48:31.491+0000: 1.803: [Tenured: 0K->15240K(341376K), 0.0419622 secs] 114923K->15240K(494976K), [Metaspace: 20733K->20733K(1067008K)], 0.0420320 secs] [Times: user=0.04 sys=0.00, real=0.04 secs] 
05:48:48.633 [Curator-PathChildrenCache-2] WARN  o.a.c.u.ZKPaths  - The version of ZooKeeper being used doesn't support Container nodes. CreateMode.PERSISTENT will be used instead.
2019-06-11T05:48:50.883+0000: 21.195: [GC (Allocation Failure) 2019-06-11T05:48:50.883+0000: 21.195: [DefNew: 136576K->17023K(153600K), 0.0266832 secs] 151816K->52852K(494976K), 0.0267565 secs] [Times: user=0.02 sys=0.00, real=0.03 secs] 
2019-06-11T05:48:51.223+0000: 21.535: [Full GC (Metadata GC Threshold) 2019-06-11T05:48:51.223+0000: 21.535: [Tenured: 35828K->44427K(341376K), 0.0377990 secs] 68937K->44427K(494976K), [Metaspace: 34565K->34565K(1079296K)], 0.0378790 secs] [Times: user=0.04 sys=0.00, real=0.04 secs] 
2019-06-11T05:48:54.962+0000: 25.274: [GC (Allocation Failure) 2019-06-11T05:48:54.962+0000: 25.274: [DefNew: 136576K->144K(153600K), 0.0023378 secs] 181003K->44572K(494976K), 0.0024053 secs] [Times: user=0.01 sys=0.00, real=0.00 secs] 
2019-06-11T05:48:58.601+0000: 28.913: [GC (Allocation Failure) 2019-06-11T05:48:58.601+0000: 28.913: [DefNew: 136720K->158K(153600K), 0.0019432 secs] 181148K->44586K(494976K), 0.0020036 secs] [Times: user=0.00 sys=0.00, real=0.00 secs] 
2019-06-11T05:49:02.233+0000: 32.547: [GC (Allocation Failure) 2019-06-11T05:49:02.234+0000: 32.547: [DefNew: 136734K->162K(153600K), 0.0019776 secs] 181162K->44590K(494976K), 0.0031258 secs] [Times: user=0.00 sys=0.00, real=0.00 secs] 
2019-06-11T05:49:05.879+0000: 36.192: [GC (Allocation Failure) 2019-06-11T05:49:05.879+0000: 36.192: [DefNew: 136738K->160K(153600K), 0.0020251 secs] 181166K->44588K(494976K), 0.0020841 secs] [Times: user=0.00 sys=0.00, real=0.00 secs] 
2019-06-11T05:49:09.555+0000: 39.868: [GC (Allocation Failure) 2019-06-11T05:49:09.555+0000: 39.868: [DefNew: 136736K->168K(153600K), 0.0020601 secs] 181164K->44596K(494976K), 0.0021207 secs] [Times: user=0.01 sys=0.00, real=0.01 secs] 
2019-06-11T05:49:13.217+0000: 43.529: [GC (Allocation Failure) 2019-06-11T05:49:13.217+0000: 43.529: [DefNew: 136744K->162K(153600K), 0.0020832 secs] 181172K->44590K(494976K), 0.0021515 secs] [Times: user=0.00 sys=0.00, real=0.01 secs] 
2019-06-11T05:49:16.901+0000: 47.213: [GC (Allocation Failure) 2019-06-11T05:49:16.901+0000: 47.213: [DefNew: 136738K->164K(153600K), 0.0020701 secs] 181166K->44592K(494976K), 0.0021294 secs] [Times: user=0.00 sys=0.00, real=0.00 secs] 
2019-06-11T05:49:20.596+0000: 50.909: [GC (Allocation Failure) 2019-06-11T05:49:20.596+0000: 50.909: [DefNew: 136740K->188K(153600K), 0.0020955 secs] 181168K->44616K(494976K), 0.0021554 secs] [Times: user=0.00 sys=0.00, real=0.01 secs] 
2019-06-11T05:49:32.163+0000: 62.476: [GC (Allocation Failure) 2019-06-11T05:49:32.163+0000: 62.476: [DefNew: 136764K->324K(153600K), 0.0391916 secs] 181192K->44751K(494976K), 0.0392634 secs] [Times: user=0.02 sys=0.00, real=0.04 secs] 
05:49:32.820 [Curator-PathChildrenCache-0] ERROR o.a.c.f.r.c.PathChildrenCache  - 
java.lang.IllegalStateException: instance must be started before calling this method
	at org.apache.curator.shaded.com.google.common.base.Preconditions.checkState(Preconditions.java:444)
	at org.apache.curator.framework.imps.CuratorFrameworkImpl.getChildren(CuratorFrameworkImpl.java:456)
	at org.apache.curator.framework.recipes.cache.PathChildrenCache.refresh(PathChildrenCache.java:521)
	at org.apache.curator.framework.recipes.cache.RefreshOperation.invoke(RefreshOperation.java:35)
	at org.apache.curator.framework.recipes.cache.PathChildrenCache$9.run(PathChildrenCache.java:786)
	at java.util.concurrent.Executors$RunnableAdapter.call(Executors.java:511)
	at java.util.concurrent.FutureTask.run(FutureTask.java:266)
	at java.util.concurrent.Executors$RunnableAdapter.call(Executors.java:511)
	at java.util.concurrent.FutureTask.run(FutureTask.java:266)
	at java.util.concurrent.ThreadPoolExecutor.runWorker(ThreadPoolExecutor.java:1149)
	at java.util.concurrent.ThreadPoolExecutor$Worker.run(ThreadPoolExecutor.java:624)
	at java.lang.Thread.run(Thread.java:748)
Heap
 def new generation   total 153600K, used 28895K [0x00000000e0c00000, 0x00000000eb2a0000, 0x00000000eb2a0000)
  eden space 136576K,  20% used [0x00000000e0c00000, 0x00000000e27e6c90, 0x00000000e9160000)
  from space 17024K,   1% used [0x00000000e9160000, 0x00000000e91b1020, 0x00000000ea200000)
  to   space 17024K,   0% used [0x00000000ea200000, 0x00000000ea200000, 0x00000000eb2a0000)
 tenured generation   total 341376K, used 44427K [0x00000000eb2a0000, 0x0000000100000000, 0x0000000100000000)
   the space 341376K,  13% used [0x00000000eb2a0000, 0x00000000ede02ed0, 0x00000000ede03000, 0x0000000100000000)
 Metaspace       used 36424K, capacity 37399K, committed 37760K, reserved 1081344K
  class space    used 4907K, capacity 5138K, committed 5248K, reserved 1048576K
