13:17:44,744 |-INFO in ch.qos.logback.classic.LoggerContext[default] - Could NOT find resource [logback-test.xml]
13:17:44,744 |-INFO in ch.qos.logback.classic.LoggerContext[default] - Could NOT find resource [logback.groovy]
13:17:44,744 |-INFO in ch.qos.logback.classic.LoggerContext[default] - Found resource [logback.xml] at [jar:file:/root/flamestream/lib/flamestream-runtime-1.0-SNAPSHOT.jar!/logback.xml]
13:17:44,745 |-WARN in ch.qos.logback.classic.LoggerContext[default] - Resource [logback.xml] occurs multiple times on the classpath.
13:17:44,745 |-WARN in ch.qos.logback.classic.LoggerContext[default] - Resource [logback.xml] occurs at [jar:file:/root/flamestream/lib/flamestream-runtime-1.0-SNAPSHOT.jar!/logback.xml]
13:17:44,745 |-WARN in ch.qos.logback.classic.LoggerContext[default] - Resource [logback.xml] occurs at [jar:file:/root/flamestream/flamestream-runtime-1.0-SNAPSHOT.jar!/logback.xml]
13:17:44,769 |-INFO in ch.qos.logback.core.joran.spi.ConfigurationWatchList@3fb6a447 - URL [jar:file:/root/flamestream/lib/flamestream-runtime-1.0-SNAPSHOT.jar!/logback.xml] is not of type file
13:17:44,835 |-INFO in ch.qos.logback.classic.joran.action.ConfigurationAction - debug attribute not set
13:17:44,836 |-INFO in ch.qos.logback.core.joran.action.AppenderAction - About to instantiate appender of type [ch.qos.logback.core.ConsoleAppender]
13:17:44,852 |-INFO in ch.qos.logback.core.joran.action.AppenderAction - Naming appender as [STDOUT]
13:17:44,872 |-INFO in ch.qos.logback.core.joran.action.NestedComplexPropertyIA - Assuming default type [ch.qos.logback.classic.encoder.PatternLayoutEncoder] for [encoder] property
13:17:44,973 |-INFO in ch.qos.logback.core.joran.action.AppenderAction - About to instantiate appender of type [ch.qos.logback.core.rolling.RollingFileAppender]
13:17:44,982 |-INFO in ch.qos.logback.core.joran.action.AppenderAction - Naming appender as [FILE]
13:17:45,011 |-INFO in c.q.l.core.rolling.TimeBasedRollingPolicy@127618319 - No compression will be used
13:17:45,013 |-INFO in c.q.l.core.rolling.TimeBasedRollingPolicy@127618319 - Will use the pattern /tmp/application_%d{yyyy-MM-dd}.%i.log for the active file
13:17:45,016 |-INFO in ch.qos.logback.core.rolling.SizeAndTimeBasedFNATP@6b2fad11 - The date pattern is 'yyyy-MM-dd' from file name pattern '/tmp/application_%d{yyyy-MM-dd}.%i.log'.
13:17:45,016 |-INFO in ch.qos.logback.core.rolling.SizeAndTimeBasedFNATP@6b2fad11 - Roll-over at midnight.
13:17:45,021 |-INFO in ch.qos.logback.core.rolling.SizeAndTimeBasedFNATP@6b2fad11 - Setting initial period to Mon Jun 10 13:16:22 UTC 2019
13:17:45,021 |-WARN in ch.qos.logback.core.rolling.SizeAndTimeBasedFNATP@6b2fad11 - SizeAndTimeBasedFNATP is deprecated. Use SizeAndTimeBasedRollingPolicy instead
13:17:45,021 |-WARN in ch.qos.logback.core.rolling.SizeAndTimeBasedFNATP@6b2fad11 - For more information see http://logback.qos.ch/manual/appenders.html#SizeAndTimeBasedRollingPolicy
13:17:45,026 |-INFO in ch.qos.logback.core.joran.action.NestedComplexPropertyIA - Assuming default type [ch.qos.logback.classic.encoder.PatternLayoutEncoder] for [encoder] property
13:17:45,031 |-INFO in ch.qos.logback.core.rolling.RollingFileAppender[FILE] - Active log file name: /tmp/application.log
13:17:45,031 |-INFO in ch.qos.logback.core.rolling.RollingFileAppender[FILE] - File property is set to [/tmp/application.log]
13:17:45,032 |-INFO in ch.qos.logback.classic.joran.action.RootLoggerAction - Setting level of ROOT logger to WARN
13:17:45,032 |-INFO in ch.qos.logback.core.joran.action.AppenderRefAction - Attaching appender named [STDOUT] to Logger[ROOT]
13:17:45,034 |-INFO in ch.qos.logback.core.joran.action.AppenderRefAction - Attaching appender named [FILE] to Logger[ROOT]
13:17:45,034 |-INFO in ch.qos.logback.classic.joran.action.ConfigurationAction - End of configuration.
13:17:45,034 |-INFO in ch.qos.logback.classic.joran.JoranConfigurator@79698539 - Registering current configuration as safe fallback point

Ama winner
Ama winner
2019-06-10T13:17:46.354+0000: 1.794: [Full GC (Metadata GC Threshold) 2019-06-10T13:17:46.354+0000: 1.795: [Tenured: 0K->15241K(341376K), 0.0422966 secs] 114987K->15241K(494976K), [Metaspace: 20742K->20742K(1067008K)], 0.0423664 secs] [Times: user=0.04 sys=0.00, real=0.04 secs] 
13:18:04.603 [Curator-PathChildrenCache-2] WARN  o.a.c.u.ZKPaths  - The version of ZooKeeper being used doesn't support Container nodes. CreateMode.PERSISTENT will be used instead.
2019-06-10T13:18:07.145+0000: 22.585: [GC (Allocation Failure) 2019-06-10T13:18:07.145+0000: 22.585: [DefNew: 136576K->17023K(153600K), 0.0304893 secs] 151817K->52841K(494976K), 0.0305709 secs] [Times: user=0.01 sys=0.01, real=0.03 secs] 
2019-06-10T13:18:08.272+0000: 23.712: [Full GC (Metadata GC Threshold) 2019-06-10T13:18:08.272+0000: 23.712: [Tenured: 35817K->44662K(341376K), 0.0420922 secs] 78567K->44662K(494976K), [Metaspace: 34569K->34569K(1079296K)], 0.0421736 secs] [Times: user=0.03 sys=0.00, real=0.04 secs] 
2019-06-10T13:18:16.704+0000: 32.145: [GC (Allocation Failure) 2019-06-10T13:18:16.704+0000: 32.145: [DefNew: 136576K->111K(153600K), 0.0019240 secs] 181238K->44774K(494976K), 0.0019791 secs] [Times: user=0.01 sys=0.00, real=0.01 secs] 
2019-06-10T13:18:25.129+0000: 40.570: [GC (Allocation Failure) 2019-06-10T13:18:25.129+0000: 40.570: [DefNew: 136687K->178K(153600K), 0.0019581 secs] 181350K->44841K(494976K), 0.0020269 secs] [Times: user=0.00 sys=0.00, real=0.00 secs] 
2019-06-10T13:18:33.689+0000: 49.130: [GC (Allocation Failure) 2019-06-10T13:18:33.689+0000: 49.130: [DefNew: 136754K->211K(153600K), 0.0020154 secs] 181417K->44874K(494976K), 0.0020779 secs] [Times: user=0.00 sys=0.00, real=0.00 secs] 
2019-06-10T13:18:42.318+0000: 57.758: [GC (Allocation Failure) 2019-06-10T13:18:42.318+0000: 57.758: [DefNew: 136787K->213K(153600K), 0.0020152 secs] 181450K->44876K(494976K), 0.0020891 secs] [Times: user=0.00 sys=0.00, real=0.00 secs] 
2019-06-10T13:18:51.290+0000: 66.730: [GC (Allocation Failure) 2019-06-10T13:18:51.290+0000: 66.730: [DefNew: 136789K->566K(153600K), 0.0025904 secs] 181452K->45229K(494976K), 0.0026567 secs] [Times: user=0.00 sys=0.00, real=0.00 secs] 
2019-06-10T13:19:07.090+0000: 82.530: [GC (Allocation Failure) 2019-06-10T13:19:07.090+0000: 82.530: [DefNew: 137142K->309K(153600K), 0.0022129 secs] 181805K->44972K(494976K), 0.0022795 secs] [Times: user=0.00 sys=0.00, real=0.00 secs] 
13:19:16.384 [Curator-PathChildrenCache-0] ERROR o.a.c.f.r.c.PathChildrenCache  - 
java.lang.IllegalStateException: instance must be started before calling this method
	at org.apache.curator.shaded.com.google.common.base.Preconditions.checkState(Preconditions.java:444)
	at org.apache.curator.framework.imps.CuratorFrameworkImpl.getChildren(CuratorFrameworkImpl.java:456)
	at org.apache.curator.framework.recipes.cache.PathChildrenCache.refresh(PathChildrenCache.java:521)
	at org.apache.curator.framework.recipes.cache.RefreshOperation.invoke(RefreshOperation.java:35)
	at org.apache.curator.framework.recipes.cache.PathChildrenCache$9.run(PathChildrenCache.java:786)
	at java.util.concurrent.Executors$RunnableAdapter.call(Executors.java:511)
	at java.util.concurrent.FutureTask.run(FutureTask.java:266)
	at java.util.concurrent.Executors$RunnableAdapter.call(Executors.java:511)
	at java.util.concurrent.FutureTask.run(FutureTask.java:266)
	at java.util.concurrent.ThreadPoolExecutor.runWorker(ThreadPoolExecutor.java:1149)
	at java.util.concurrent.ThreadPoolExecutor$Worker.run(ThreadPoolExecutor.java:624)
	at java.lang.Thread.run(Thread.java:748)
Heap
 def new generation   total 153600K, used 51920K [0x00000000e0c00000, 0x00000000eb2a0000, 0x00000000eb2a0000)
  eden space 136576K,  37% used [0x00000000e0c00000, 0x00000000e3e66d38, 0x00000000e9160000)
  from space 17024K,   1% used [0x00000000ea200000, 0x00000000ea24d5c8, 0x00000000eb2a0000)
  to   space 17024K,   0% used [0x00000000e9160000, 0x00000000e9160000, 0x00000000ea200000)
 tenured generation   total 341376K, used 44662K [0x00000000eb2a0000, 0x0000000100000000, 0x0000000100000000)
   the space 341376K,  13% used [0x00000000eb2a0000, 0x00000000ede3dbd8, 0x00000000ede3dc00, 0x0000000100000000)
 Metaspace       used 36330K, capacity 37266K, committed 37376K, reserved 1081344K
  class space    used 4864K, capacity 5087K, committed 5120K, reserved 1048576K
