07:40:00,708 |-INFO in ch.qos.logback.classic.LoggerContext[default] - Could NOT find resource [logback-test.xml]
07:40:00,708 |-INFO in ch.qos.logback.classic.LoggerContext[default] - Could NOT find resource [logback.groovy]
07:40:00,709 |-INFO in ch.qos.logback.classic.LoggerContext[default] - Found resource [logback.xml] at [jar:file:/root/flamestream/lib/flamestream-runtime-1.0-SNAPSHOT.jar!/logback.xml]
07:40:00,709 |-WARN in ch.qos.logback.classic.LoggerContext[default] - Resource [logback.xml] occurs multiple times on the classpath.
07:40:00,710 |-WARN in ch.qos.logback.classic.LoggerContext[default] - Resource [logback.xml] occurs at [jar:file:/root/flamestream/lib/flamestream-runtime-1.0-SNAPSHOT.jar!/logback.xml]
07:40:00,710 |-WARN in ch.qos.logback.classic.LoggerContext[default] - Resource [logback.xml] occurs at [jar:file:/root/flamestream/flamestream-runtime-1.0-SNAPSHOT.jar!/logback.xml]
07:40:00,728 |-INFO in ch.qos.logback.core.joran.spi.ConfigurationWatchList@3fb6a447 - URL [jar:file:/root/flamestream/lib/flamestream-runtime-1.0-SNAPSHOT.jar!/logback.xml] is not of type file
07:40:00,793 |-INFO in ch.qos.logback.classic.joran.action.ConfigurationAction - debug attribute not set
07:40:00,794 |-INFO in ch.qos.logback.core.joran.action.AppenderAction - About to instantiate appender of type [ch.qos.logback.core.ConsoleAppender]
07:40:00,809 |-INFO in ch.qos.logback.core.joran.action.AppenderAction - Naming appender as [STDOUT]
07:40:00,830 |-INFO in ch.qos.logback.core.joran.action.NestedComplexPropertyIA - Assuming default type [ch.qos.logback.classic.encoder.PatternLayoutEncoder] for [encoder] property
07:40:00,906 |-INFO in ch.qos.logback.core.joran.action.AppenderAction - About to instantiate appender of type [ch.qos.logback.core.rolling.RollingFileAppender]
07:40:00,915 |-INFO in ch.qos.logback.core.joran.action.AppenderAction - Naming appender as [FILE]
07:40:00,945 |-INFO in c.q.l.core.rolling.TimeBasedRollingPolicy@127618319 - No compression will be used
07:40:00,946 |-INFO in c.q.l.core.rolling.TimeBasedRollingPolicy@127618319 - Will use the pattern /tmp/application_%d{yyyy-MM-dd}.%i.log for the active file
07:40:00,949 |-INFO in ch.qos.logback.core.rolling.SizeAndTimeBasedFNATP@6b2fad11 - The date pattern is 'yyyy-MM-dd' from file name pattern '/tmp/application_%d{yyyy-MM-dd}.%i.log'.
07:40:00,949 |-INFO in ch.qos.logback.core.rolling.SizeAndTimeBasedFNATP@6b2fad11 - Roll-over at midnight.
07:40:00,955 |-INFO in ch.qos.logback.core.rolling.SizeAndTimeBasedFNATP@6b2fad11 - Setting initial period to Tue Jun 11 07:38:32 UTC 2019
07:40:00,955 |-WARN in ch.qos.logback.core.rolling.SizeAndTimeBasedFNATP@6b2fad11 - SizeAndTimeBasedFNATP is deprecated. Use SizeAndTimeBasedRollingPolicy instead
07:40:00,955 |-WARN in ch.qos.logback.core.rolling.SizeAndTimeBasedFNATP@6b2fad11 - For more information see http://logback.qos.ch/manual/appenders.html#SizeAndTimeBasedRollingPolicy
07:40:00,959 |-INFO in ch.qos.logback.core.joran.action.NestedComplexPropertyIA - Assuming default type [ch.qos.logback.classic.encoder.PatternLayoutEncoder] for [encoder] property
07:40:00,963 |-INFO in ch.qos.logback.core.rolling.RollingFileAppender[FILE] - Active log file name: /tmp/application.log
07:40:00,963 |-INFO in ch.qos.logback.core.rolling.RollingFileAppender[FILE] - File property is set to [/tmp/application.log]
07:40:00,964 |-INFO in ch.qos.logback.classic.joran.action.RootLoggerAction - Setting level of ROOT logger to WARN
07:40:00,964 |-INFO in ch.qos.logback.core.joran.action.AppenderRefAction - Attaching appender named [STDOUT] to Logger[ROOT]
07:40:00,966 |-INFO in ch.qos.logback.core.joran.action.AppenderRefAction - Attaching appender named [FILE] to Logger[ROOT]
07:40:00,966 |-INFO in ch.qos.logback.classic.joran.action.ConfigurationAction - End of configuration.
07:40:00,967 |-INFO in ch.qos.logback.classic.joran.JoranConfigurator@79698539 - Registering current configuration as safe fallback point

Ama winner
Ama winner
2019-06-11T07:40:02.300+0000: 1.776: [Full GC (Metadata GC Threshold) 2019-06-11T07:40:02.300+0000: 1.776: [Tenured: 0K->15242K(341376K), 0.0398527 secs] 117750K->15242K(494976K), [Metaspace: 20731K->20731K(1067008K)], 0.0399243 secs] [Times: user=0.03 sys=0.00, real=0.04 secs] 
07:40:18.829 [Curator-PathChildrenCache-1] WARN  o.a.c.u.ZKPaths  - The version of ZooKeeper being used doesn't support Container nodes. CreateMode.PERSISTENT will be used instead.
2019-06-11T07:40:20.993+0000: 20.469: [GC (Allocation Failure) 2019-06-11T07:40:20.993+0000: 20.469: [DefNew: 136576K->17024K(153600K), 0.0258045 secs] 151818K->52673K(494976K), 0.0258806 secs] [Times: user=0.02 sys=0.01, real=0.03 secs] 
2019-06-11T07:40:27.256+0000: 26.732: [GC (Allocation Failure) 2019-06-11T07:40:27.256+0000: 26.732: [DefNew: 153600K->320K(153600K), 0.0096235 secs] 189249K->44259K(494976K), 0.0096848 secs] [Times: user=0.01 sys=0.00, real=0.00 secs] 
2019-06-11T07:40:30.253+0000: 29.729: [Full GC (Metadata GC Threshold) 2019-06-11T07:40:30.253+0000: 29.729: [Tenured: 43939K->44230K(341376K), 0.0440724 secs] 114481K->44230K(494976K), [Metaspace: 34595K->34595K(1079296K)], 0.0441446 secs] [Times: user=0.04 sys=0.00, real=0.05 secs] 
2019-06-11T07:40:36.316+0000: 35.792: [GC (Allocation Failure) 2019-06-11T07:40:36.316+0000: 35.792: [DefNew: 136576K->48K(153600K), 0.0016378 secs] 180806K->44279K(494976K), 0.0016994 secs] [Times: user=0.00 sys=0.00, real=0.00 secs] 
2019-06-11T07:40:42.379+0000: 41.855: [GC (Allocation Failure) 2019-06-11T07:40:42.379+0000: 41.855: [DefNew: 136624K->51K(153600K), 0.0016046 secs] 180855K->44281K(494976K), 0.0016646 secs] [Times: user=0.00 sys=0.00, real=0.00 secs] 
2019-06-11T07:40:48.464+0000: 47.940: [GC (Allocation Failure) 2019-06-11T07:40:48.464+0000: 47.940: [DefNew: 136627K->81K(153600K), 0.0015710 secs] 180857K->44312K(494976K), 0.0016308 secs] [Times: user=0.00 sys=0.00, real=0.00 secs] 
2019-06-11T07:40:56.885+0000: 56.361: [GC (Allocation Failure) 2019-06-11T07:40:56.885+0000: 56.361: [DefNew: 136657K->83K(153600K), 0.0016674 secs] 180888K->44314K(494976K), 0.0017298 secs] [Times: user=0.00 sys=0.00, real=0.01 secs] 
07:41:02.026 [Curator-PathChildrenCache-0] ERROR o.a.c.f.r.c.PathChildrenCache  - 
java.lang.IllegalStateException: instance must be started before calling this method
	at org.apache.curator.shaded.com.google.common.base.Preconditions.checkState(Preconditions.java:444)
	at org.apache.curator.framework.imps.CuratorFrameworkImpl.getChildren(CuratorFrameworkImpl.java:456)
	at org.apache.curator.framework.recipes.cache.PathChildrenCache.refresh(PathChildrenCache.java:521)
	at org.apache.curator.framework.recipes.cache.RefreshOperation.invoke(RefreshOperation.java:35)
	at org.apache.curator.framework.recipes.cache.PathChildrenCache$9.run(PathChildrenCache.java:786)
	at java.util.concurrent.Executors$RunnableAdapter.call(Executors.java:511)
	at java.util.concurrent.FutureTask.run(FutureTask.java:266)
	at java.util.concurrent.Executors$RunnableAdapter.call(Executors.java:511)
	at java.util.concurrent.FutureTask.run(FutureTask.java:266)
	at java.util.concurrent.ThreadPoolExecutor.runWorker(ThreadPoolExecutor.java:1149)
	at java.util.concurrent.ThreadPoolExecutor$Worker.run(ThreadPoolExecutor.java:624)
	at java.lang.Thread.run(Thread.java:748)
Heap
 def new generation   total 153600K, used 42552K [0x00000000e0c00000, 0x00000000eb2a0000, 0x00000000eb2a0000)
  eden space 136576K,  31% used [0x00000000e0c00000, 0x00000000e3579290, 0x00000000e9160000)
  from space 17024K,   0% used [0x00000000e9160000, 0x00000000e9174e48, 0x00000000ea200000)
  to   space 17024K,   0% used [0x00000000ea200000, 0x00000000ea200000, 0x00000000eb2a0000)
 tenured generation   total 341376K, used 44230K [0x00000000eb2a0000, 0x0000000100000000, 0x0000000100000000)
   the space 341376K,  12% used [0x00000000eb2a0000, 0x00000000eddd1a18, 0x00000000eddd1c00, 0x0000000100000000)
 Metaspace       used 35754K, capacity 36640K, committed 36864K, reserved 1081344K
  class space    used 4823K, capacity 5042K, committed 5120K, reserved 1048576K
