07:55:59,619 |-INFO in ch.qos.logback.classic.LoggerContext[default] - Could NOT find resource [logback-test.xml]
07:55:59,619 |-INFO in ch.qos.logback.classic.LoggerContext[default] - Could NOT find resource [logback.groovy]
07:55:59,619 |-INFO in ch.qos.logback.classic.LoggerContext[default] - Found resource [logback.xml] at [jar:file:/root/flamestream/lib/flamestream-runtime-1.0-SNAPSHOT.jar!/logback.xml]
07:55:59,620 |-WARN in ch.qos.logback.classic.LoggerContext[default] - Resource [logback.xml] occurs multiple times on the classpath.
07:55:59,620 |-WARN in ch.qos.logback.classic.LoggerContext[default] - Resource [logback.xml] occurs at [jar:file:/root/flamestream/lib/flamestream-runtime-1.0-SNAPSHOT.jar!/logback.xml]
07:55:59,620 |-WARN in ch.qos.logback.classic.LoggerContext[default] - Resource [logback.xml] occurs at [jar:file:/root/flamestream/flamestream-runtime-1.0-SNAPSHOT.jar!/logback.xml]
07:55:59,640 |-INFO in ch.qos.logback.core.joran.spi.ConfigurationWatchList@3fb6a447 - URL [jar:file:/root/flamestream/lib/flamestream-runtime-1.0-SNAPSHOT.jar!/logback.xml] is not of type file
07:55:59,712 |-INFO in ch.qos.logback.classic.joran.action.ConfigurationAction - debug attribute not set
07:55:59,713 |-INFO in ch.qos.logback.core.joran.action.AppenderAction - About to instantiate appender of type [ch.qos.logback.core.ConsoleAppender]
07:55:59,729 |-INFO in ch.qos.logback.core.joran.action.AppenderAction - Naming appender as [STDOUT]
07:55:59,743 |-INFO in ch.qos.logback.core.joran.action.NestedComplexPropertyIA - Assuming default type [ch.qos.logback.classic.encoder.PatternLayoutEncoder] for [encoder] property
07:55:59,831 |-INFO in ch.qos.logback.core.joran.action.AppenderAction - About to instantiate appender of type [ch.qos.logback.core.rolling.RollingFileAppender]
07:55:59,837 |-INFO in ch.qos.logback.core.joran.action.AppenderAction - Naming appender as [FILE]
07:55:59,869 |-INFO in c.q.l.core.rolling.TimeBasedRollingPolicy@127618319 - No compression will be used
07:55:59,870 |-INFO in c.q.l.core.rolling.TimeBasedRollingPolicy@127618319 - Will use the pattern /tmp/application_%d{yyyy-MM-dd}.%i.log for the active file
07:55:59,873 |-INFO in ch.qos.logback.core.rolling.SizeAndTimeBasedFNATP@6b2fad11 - The date pattern is 'yyyy-MM-dd' from file name pattern '/tmp/application_%d{yyyy-MM-dd}.%i.log'.
07:55:59,873 |-INFO in ch.qos.logback.core.rolling.SizeAndTimeBasedFNATP@6b2fad11 - Roll-over at midnight.
07:55:59,878 |-INFO in ch.qos.logback.core.rolling.SizeAndTimeBasedFNATP@6b2fad11 - Setting initial period to Tue Jun 11 07:54:38 UTC 2019
07:55:59,878 |-WARN in ch.qos.logback.core.rolling.SizeAndTimeBasedFNATP@6b2fad11 - SizeAndTimeBasedFNATP is deprecated. Use SizeAndTimeBasedRollingPolicy instead
07:55:59,878 |-WARN in ch.qos.logback.core.rolling.SizeAndTimeBasedFNATP@6b2fad11 - For more information see http://logback.qos.ch/manual/appenders.html#SizeAndTimeBasedRollingPolicy
07:55:59,882 |-INFO in ch.qos.logback.core.joran.action.NestedComplexPropertyIA - Assuming default type [ch.qos.logback.classic.encoder.PatternLayoutEncoder] for [encoder] property
07:55:59,887 |-INFO in ch.qos.logback.core.rolling.RollingFileAppender[FILE] - Active log file name: /tmp/application.log
07:55:59,887 |-INFO in ch.qos.logback.core.rolling.RollingFileAppender[FILE] - File property is set to [/tmp/application.log]
07:55:59,888 |-INFO in ch.qos.logback.classic.joran.action.RootLoggerAction - Setting level of ROOT logger to WARN
07:55:59,888 |-INFO in ch.qos.logback.core.joran.action.AppenderRefAction - Attaching appender named [STDOUT] to Logger[ROOT]
07:55:59,890 |-INFO in ch.qos.logback.core.joran.action.AppenderRefAction - Attaching appender named [FILE] to Logger[ROOT]
07:55:59,890 |-INFO in ch.qos.logback.classic.joran.action.ConfigurationAction - End of configuration.
07:55:59,890 |-INFO in ch.qos.logback.classic.joran.JoranConfigurator@79698539 - Registering current configuration as safe fallback point

Ama winner
Ama winner
2019-06-11T07:56:01.177+0000: 1.745: [Full GC (Metadata GC Threshold) 2019-06-11T07:56:01.177+0000: 1.745: [Tenured: 0K->15177K(341376K), 0.0409502 secs] 114923K->15177K(494976K), [Metaspace: 20725K->20725K(1067008K)], 0.0410345 secs] [Times: user=0.04 sys=0.01, real=0.05 secs] 
07:56:19.184 [Curator-PathChildrenCache-2] WARN  o.a.c.u.ZKPaths  - The version of ZooKeeper being used doesn't support Container nodes. CreateMode.PERSISTENT will be used instead.
2019-06-11T07:56:21.194+0000: 21.762: [GC (Allocation Failure) 2019-06-11T07:56:21.194+0000: 21.762: [DefNew: 117084K->16756K(153600K), 0.0188348 secs] 132261K->31933K(494976K), 0.0189040 secs] [Times: user=0.02 sys=0.00, real=0.02 secs] 
2019-06-11T07:56:21.607+0000: 22.176: [Full GC (Metadata GC Threshold) 2019-06-11T07:56:21.607+0000: 22.176: [Tenured: 15177K->43270K(341376K), 0.0447681 secs] 68071K->43270K(494976K), [Metaspace: 34500K->34500K(1079296K)], 0.0448496 secs] [Times: user=0.03 sys=0.01, real=0.05 secs] 
2019-06-11T07:56:24.081+0000: 24.649: [GC (Allocation Failure) 2019-06-11T07:56:24.081+0000: 24.649: [DefNew: 136576K->128K(153600K), 0.0020618 secs] 179846K->43399K(494976K), 0.0021209 secs] [Times: user=0.00 sys=0.00, real=0.00 secs] 
2019-06-11T07:56:26.434+0000: 27.002: [GC (Allocation Failure) 2019-06-11T07:56:26.434+0000: 27.002: [DefNew: 136704K->170K(153600K), 0.0019060 secs] 179975K->43441K(494976K), 0.0019640 secs] [Times: user=0.00 sys=0.00, real=0.00 secs] 
2019-06-11T07:56:28.759+0000: 29.327: [GC (Allocation Failure) 2019-06-11T07:56:28.759+0000: 29.327: [DefNew: 136746K->184K(153600K), 0.0020152 secs] 180017K->43454K(494976K), 0.0020733 secs] [Times: user=0.01 sys=0.00, real=0.00 secs] 
2019-06-11T07:56:31.076+0000: 31.644: [GC (Allocation Failure) 2019-06-11T07:56:31.076+0000: 31.644: [DefNew: 136760K->174K(153600K), 0.0019418 secs] 180030K->43444K(494976K), 0.0020158 secs] [Times: user=0.00 sys=0.00, real=0.01 secs] 
2019-06-11T07:56:33.418+0000: 33.987: [GC (Allocation Failure) 2019-06-11T07:56:33.418+0000: 33.987: [DefNew: 136750K->176K(153600K), 0.0019945 secs] 180020K->43447K(494976K), 0.0020547 secs] [Times: user=0.00 sys=0.00, real=0.00 secs] 
2019-06-11T07:56:35.716+0000: 36.284: [GC (Allocation Failure) 2019-06-11T07:56:35.716+0000: 36.284: [DefNew: 136752K->175K(153600K), 0.0020920 secs] 180023K->43446K(494976K), 0.0021670 secs] [Times: user=0.00 sys=0.00, real=0.01 secs] 
2019-06-11T07:56:38.014+0000: 38.582: [GC (Allocation Failure) 2019-06-11T07:56:38.014+0000: 38.583: [DefNew: 136751K->175K(153600K), 0.0020237 secs] 180022K->43446K(494976K), 0.0020850 secs] [Times: user=0.00 sys=0.00, real=0.00 secs] 
2019-06-11T07:56:40.296+0000: 40.864: [GC (Allocation Failure) 2019-06-11T07:56:40.296+0000: 40.864: [DefNew: 136751K->176K(153600K), 0.0019860 secs] 180022K->43447K(494976K), 0.0020473 secs] [Times: user=0.00 sys=0.00, real=0.01 secs] 
07:56:47.700 [Curator-PathChildrenCache-0] ERROR o.a.c.f.r.c.PathChildrenCache  - 
java.lang.IllegalStateException: instance must be started before calling this method
	at org.apache.curator.shaded.com.google.common.base.Preconditions.checkState(Preconditions.java:444)
	at org.apache.curator.framework.imps.CuratorFrameworkImpl.getChildren(CuratorFrameworkImpl.java:456)
	at org.apache.curator.framework.recipes.cache.PathChildrenCache.refresh(PathChildrenCache.java:521)
	at org.apache.curator.framework.recipes.cache.RefreshOperation.invoke(RefreshOperation.java:35)
	at org.apache.curator.framework.recipes.cache.PathChildrenCache$9.run(PathChildrenCache.java:786)
	at java.util.concurrent.Executors$RunnableAdapter.call(Executors.java:511)
	at java.util.concurrent.FutureTask.run(FutureTask.java:266)
	at java.util.concurrent.Executors$RunnableAdapter.call(Executors.java:511)
	at java.util.concurrent.FutureTask.run(FutureTask.java:266)
	at java.util.concurrent.ThreadPoolExecutor.runWorker(ThreadPoolExecutor.java:1149)
	at java.util.concurrent.ThreadPoolExecutor$Worker.run(ThreadPoolExecutor.java:624)
	at java.lang.Thread.run(Thread.java:748)
2019-06-11T07:56:47.777+0000: 48.345: [GC (Allocation Failure) 2019-06-11T07:56:47.777+0000: 48.345: [DefNew: 136752K->666K(153600K), 0.0034454 secs] 180023K->43937K(494976K), 0.0035089 secs] [Times: user=0.00 sys=0.00, real=0.00 secs] 
Heap
 def new generation   total 153600K, used 11289K [0x00000000e0c00000, 0x00000000eb2a0000, 0x00000000eb2a0000)
  eden space 136576K,   7% used [0x00000000e0c00000, 0x00000000e165fe20, 0x00000000e9160000)
  from space 17024K,   3% used [0x00000000e9160000, 0x00000000e92069c0, 0x00000000ea200000)
  to   space 17024K,   0% used [0x00000000ea200000, 0x00000000ea200000, 0x00000000eb2a0000)
 tenured generation   total 341376K, used 43270K [0x00000000eb2a0000, 0x0000000100000000, 0x0000000100000000)
   the space 341376K,  12% used [0x00000000eb2a0000, 0x00000000edce1b20, 0x00000000edce1c00, 0x0000000100000000)
 Metaspace       used 35930K, capacity 36904K, committed 37120K, reserved 1081344K
  class space    used 4873K, capacity 5066K, committed 5120K, reserved 1048576K
