16:18:26,962 |-INFO in ch.qos.logback.classic.LoggerContext[default] - Could NOT find resource [logback-test.xml]
16:18:26,962 |-INFO in ch.qos.logback.classic.LoggerContext[default] - Could NOT find resource [logback.groovy]
16:18:26,962 |-INFO in ch.qos.logback.classic.LoggerContext[default] - Found resource [logback.xml] at [jar:file:/root/flamestream/lib/flamestream-runtime-1.0-SNAPSHOT.jar!/logback.xml]
16:18:26,963 |-WARN in ch.qos.logback.classic.LoggerContext[default] - Resource [logback.xml] occurs multiple times on the classpath.
16:18:26,968 |-WARN in ch.qos.logback.classic.LoggerContext[default] - Resource [logback.xml] occurs at [jar:file:/root/flamestream/lib/flamestream-runtime-1.0-SNAPSHOT.jar!/logback.xml]
16:18:26,968 |-WARN in ch.qos.logback.classic.LoggerContext[default] - Resource [logback.xml] occurs at [jar:file:/root/flamestream/flamestream-runtime-1.0-SNAPSHOT.jar!/logback.xml]
16:18:26,988 |-INFO in ch.qos.logback.core.joran.spi.ConfigurationWatchList@3fb6a447 - URL [jar:file:/root/flamestream/lib/flamestream-runtime-1.0-SNAPSHOT.jar!/logback.xml] is not of type file
16:18:27,061 |-INFO in ch.qos.logback.classic.joran.action.ConfigurationAction - debug attribute not set
16:18:27,062 |-INFO in ch.qos.logback.core.joran.action.AppenderAction - About to instantiate appender of type [ch.qos.logback.core.ConsoleAppender]
16:18:27,078 |-INFO in ch.qos.logback.core.joran.action.AppenderAction - Naming appender as [STDOUT]
16:18:27,096 |-INFO in ch.qos.logback.core.joran.action.NestedComplexPropertyIA - Assuming default type [ch.qos.logback.classic.encoder.PatternLayoutEncoder] for [encoder] property
16:18:27,183 |-INFO in ch.qos.logback.core.joran.action.AppenderAction - About to instantiate appender of type [ch.qos.logback.core.rolling.RollingFileAppender]
16:18:27,188 |-INFO in ch.qos.logback.core.joran.action.AppenderAction - Naming appender as [FILE]
16:18:27,219 |-INFO in c.q.l.core.rolling.TimeBasedRollingPolicy@127618319 - No compression will be used
16:18:27,220 |-INFO in c.q.l.core.rolling.TimeBasedRollingPolicy@127618319 - Will use the pattern /tmp/application_%d{yyyy-MM-dd}.%i.log for the active file
16:18:27,223 |-INFO in ch.qos.logback.core.rolling.SizeAndTimeBasedFNATP@6b2fad11 - The date pattern is 'yyyy-MM-dd' from file name pattern '/tmp/application_%d{yyyy-MM-dd}.%i.log'.
16:18:27,223 |-INFO in ch.qos.logback.core.rolling.SizeAndTimeBasedFNATP@6b2fad11 - Roll-over at midnight.
16:18:27,229 |-INFO in ch.qos.logback.core.rolling.SizeAndTimeBasedFNATP@6b2fad11 - Setting initial period to Mon Jun 10 16:17:11 UTC 2019
16:18:27,229 |-WARN in ch.qos.logback.core.rolling.SizeAndTimeBasedFNATP@6b2fad11 - SizeAndTimeBasedFNATP is deprecated. Use SizeAndTimeBasedRollingPolicy instead
16:18:27,229 |-WARN in ch.qos.logback.core.rolling.SizeAndTimeBasedFNATP@6b2fad11 - For more information see http://logback.qos.ch/manual/appenders.html#SizeAndTimeBasedRollingPolicy
16:18:27,233 |-INFO in ch.qos.logback.core.joran.action.NestedComplexPropertyIA - Assuming default type [ch.qos.logback.classic.encoder.PatternLayoutEncoder] for [encoder] property
16:18:27,238 |-INFO in ch.qos.logback.core.rolling.RollingFileAppender[FILE] - Active log file name: /tmp/application.log
16:18:27,238 |-INFO in ch.qos.logback.core.rolling.RollingFileAppender[FILE] - File property is set to [/tmp/application.log]
16:18:27,238 |-INFO in ch.qos.logback.classic.joran.action.RootLoggerAction - Setting level of ROOT logger to WARN
16:18:27,239 |-INFO in ch.qos.logback.core.joran.action.AppenderRefAction - Attaching appender named [STDOUT] to Logger[ROOT]
16:18:27,240 |-INFO in ch.qos.logback.core.joran.action.AppenderRefAction - Attaching appender named [FILE] to Logger[ROOT]
16:18:27,241 |-INFO in ch.qos.logback.classic.joran.action.ConfigurationAction - End of configuration.
16:18:27,241 |-INFO in ch.qos.logback.classic.joran.JoranConfigurator@79698539 - Registering current configuration as safe fallback point

Ama winner
Ama winner
2019-06-10T16:18:28.833+0000: 2.056: [Full GC (Metadata GC Threshold) 2019-06-10T16:18:28.833+0000: 2.056: [Tenured: 0K->15241K(341376K), 0.0391425 secs] 120481K->15241K(494976K), [Metaspace: 20735K->20735K(1067008K)], 0.0392112 secs] [Times: user=0.03 sys=0.00, real=0.04 secs] 
16:18:42.249 [Curator-PathChildrenCache-1] WARN  o.a.c.u.ZKPaths  - The version of ZooKeeper being used doesn't support Container nodes. CreateMode.PERSISTENT will be used instead.
2019-06-10T16:18:44.479+0000: 17.702: [GC (Allocation Failure) 2019-06-10T16:18:44.479+0000: 17.702: [DefNew: 117906K->17023K(153600K), 0.0176469 secs] 133148K->32891K(494976K), 0.0177153 secs] [Times: user=0.02 sys=0.00, real=0.01 secs] 
2019-06-10T16:18:45.432+0000: 18.654: [Full GC (Metadata GC Threshold) 2019-06-10T16:18:45.432+0000: 18.654: [Tenured: 15867K->44273K(341376K), 0.0874524 secs] 77295K->44273K(494976K), [Metaspace: 34573K->34573K(1079296K)], 0.0875337 secs] [Times: user=0.08 sys=0.02, real=0.09 secs] 
2019-06-10T16:18:51.641+0000: 24.864: [GC (Allocation Failure) 2019-06-10T16:18:51.641+0000: 24.864: [DefNew: 136576K->71K(153600K), 0.0018201 secs] 180849K->44345K(494976K), 0.0018795 secs] [Times: user=0.00 sys=0.00, real=0.00 secs] 
2019-06-10T16:18:57.757+0000: 30.980: [GC (Allocation Failure) 2019-06-10T16:18:57.757+0000: 30.980: [DefNew: 136647K->74K(153600K), 0.0018071 secs] 180921K->44348K(494976K), 0.0018622 secs] [Times: user=0.00 sys=0.00, real=0.00 secs] 
2019-06-10T16:19:03.919+0000: 37.142: [GC (Allocation Failure) 2019-06-10T16:19:03.919+0000: 37.142: [DefNew: 136650K->78K(153600K), 0.0018683 secs] 180924K->44352K(494976K), 0.0019293 secs] [Times: user=0.00 sys=0.00, real=0.00 secs] 
2019-06-10T16:19:10.145+0000: 43.368: [GC (Allocation Failure) 2019-06-10T16:19:10.145+0000: 43.368: [DefNew: 136654K->78K(153600K), 0.0017703 secs] 180928K->44352K(494976K), 0.0018406 secs] [Times: user=0.00 sys=0.00, real=0.00 secs] 
2019-06-10T16:19:16.330+0000: 49.552: [GC (Allocation Failure) 2019-06-10T16:19:16.330+0000: 49.552: [DefNew: 136654K->74K(153600K), 0.0017396 secs] 180928K->44348K(494976K), 0.0018008 secs] [Times: user=0.00 sys=0.00, real=0.01 secs] 
16:19:23.064 [Curator-PathChildrenCache-0] ERROR o.a.c.f.r.c.PathChildrenCache  - 
java.lang.IllegalStateException: instance must be started before calling this method
	at org.apache.curator.shaded.com.google.common.base.Preconditions.checkState(Preconditions.java:444)
	at org.apache.curator.framework.imps.CuratorFrameworkImpl.getChildren(CuratorFrameworkImpl.java:456)
	at org.apache.curator.framework.recipes.cache.PathChildrenCache.refresh(PathChildrenCache.java:521)
	at org.apache.curator.framework.recipes.cache.RefreshOperation.invoke(RefreshOperation.java:35)
	at org.apache.curator.framework.recipes.cache.PathChildrenCache$9.run(PathChildrenCache.java:786)
	at java.util.concurrent.Executors$RunnableAdapter.call(Executors.java:511)
	at java.util.concurrent.FutureTask.run(FutureTask.java:266)
	at java.util.concurrent.Executors$RunnableAdapter.call(Executors.java:511)
	at java.util.concurrent.FutureTask.run(FutureTask.java:266)
	at java.util.concurrent.ThreadPoolExecutor.runWorker(ThreadPoolExecutor.java:1149)
	at java.util.concurrent.ThreadPoolExecutor$Worker.run(ThreadPoolExecutor.java:624)
	at java.lang.Thread.run(Thread.java:748)
Heap
 def new generation   total 153600K, used 85445K [0x00000000e0c00000, 0x00000000eb2a0000, 0x00000000eb2a0000)
  eden space 136576K,  62% used [0x00000000e0c00000, 0x00000000e5f5eac8, 0x00000000e9160000)
  from space 17024K,   0% used [0x00000000e9160000, 0x00000000e9172bb0, 0x00000000ea200000)
  to   space 17024K,   0% used [0x00000000ea200000, 0x00000000ea200000, 0x00000000eb2a0000)
 tenured generation   total 341376K, used 44273K [0x00000000eb2a0000, 0x0000000100000000, 0x0000000100000000)
   the space 341376K,  12% used [0x00000000eb2a0000, 0x00000000edddc6f0, 0x00000000edddc800, 0x0000000100000000)
 Metaspace       used 35957K, capacity 36846K, committed 37120K, reserved 1081344K
  class space    used 4832K, capacity 5055K, committed 5120K, reserved 1048576K
