07:58:01,452 |-INFO in ch.qos.logback.classic.LoggerContext[default] - Could NOT find resource [logback-test.xml]
07:58:01,452 |-INFO in ch.qos.logback.classic.LoggerContext[default] - Could NOT find resource [logback.groovy]
07:58:01,452 |-INFO in ch.qos.logback.classic.LoggerContext[default] - Found resource [logback.xml] at [jar:file:/root/flamestream/lib/flamestream-runtime-1.0-SNAPSHOT.jar!/logback.xml]
07:58:01,453 |-WARN in ch.qos.logback.classic.LoggerContext[default] - Resource [logback.xml] occurs multiple times on the classpath.
07:58:01,453 |-WARN in ch.qos.logback.classic.LoggerContext[default] - Resource [logback.xml] occurs at [jar:file:/root/flamestream/lib/flamestream-runtime-1.0-SNAPSHOT.jar!/logback.xml]
07:58:01,453 |-WARN in ch.qos.logback.classic.LoggerContext[default] - Resource [logback.xml] occurs at [jar:file:/root/flamestream/flamestream-runtime-1.0-SNAPSHOT.jar!/logback.xml]
07:58:01,473 |-INFO in ch.qos.logback.core.joran.spi.ConfigurationWatchList@3fb6a447 - URL [jar:file:/root/flamestream/lib/flamestream-runtime-1.0-SNAPSHOT.jar!/logback.xml] is not of type file
07:58:01,544 |-INFO in ch.qos.logback.classic.joran.action.ConfigurationAction - debug attribute not set
07:58:01,544 |-INFO in ch.qos.logback.core.joran.action.AppenderAction - About to instantiate appender of type [ch.qos.logback.core.ConsoleAppender]
07:58:01,565 |-INFO in ch.qos.logback.core.joran.action.AppenderAction - Naming appender as [STDOUT]
07:58:01,583 |-INFO in ch.qos.logback.core.joran.action.NestedComplexPropertyIA - Assuming default type [ch.qos.logback.classic.encoder.PatternLayoutEncoder] for [encoder] property
07:58:01,669 |-INFO in ch.qos.logback.core.joran.action.AppenderAction - About to instantiate appender of type [ch.qos.logback.core.rolling.RollingFileAppender]
07:58:01,674 |-INFO in ch.qos.logback.core.joran.action.AppenderAction - Naming appender as [FILE]
07:58:01,705 |-INFO in c.q.l.core.rolling.TimeBasedRollingPolicy@127618319 - No compression will be used
07:58:01,706 |-INFO in c.q.l.core.rolling.TimeBasedRollingPolicy@127618319 - Will use the pattern /tmp/application_%d{yyyy-MM-dd}.%i.log for the active file
07:58:01,709 |-INFO in ch.qos.logback.core.rolling.SizeAndTimeBasedFNATP@6b2fad11 - The date pattern is 'yyyy-MM-dd' from file name pattern '/tmp/application_%d{yyyy-MM-dd}.%i.log'.
07:58:01,709 |-INFO in ch.qos.logback.core.rolling.SizeAndTimeBasedFNATP@6b2fad11 - Roll-over at midnight.
07:58:01,714 |-INFO in ch.qos.logback.core.rolling.SizeAndTimeBasedFNATP@6b2fad11 - Setting initial period to Tue Jun 11 07:56:47 UTC 2019
07:58:01,714 |-WARN in ch.qos.logback.core.rolling.SizeAndTimeBasedFNATP@6b2fad11 - SizeAndTimeBasedFNATP is deprecated. Use SizeAndTimeBasedRollingPolicy instead
07:58:01,714 |-WARN in ch.qos.logback.core.rolling.SizeAndTimeBasedFNATP@6b2fad11 - For more information see http://logback.qos.ch/manual/appenders.html#SizeAndTimeBasedRollingPolicy
07:58:01,718 |-INFO in ch.qos.logback.core.joran.action.NestedComplexPropertyIA - Assuming default type [ch.qos.logback.classic.encoder.PatternLayoutEncoder] for [encoder] property
07:58:01,723 |-INFO in ch.qos.logback.core.rolling.RollingFileAppender[FILE] - Active log file name: /tmp/application.log
07:58:01,723 |-INFO in ch.qos.logback.core.rolling.RollingFileAppender[FILE] - File property is set to [/tmp/application.log]
07:58:01,724 |-INFO in ch.qos.logback.classic.joran.action.RootLoggerAction - Setting level of ROOT logger to WARN
07:58:01,724 |-INFO in ch.qos.logback.core.joran.action.AppenderRefAction - Attaching appender named [STDOUT] to Logger[ROOT]
07:58:01,726 |-INFO in ch.qos.logback.core.joran.action.AppenderRefAction - Attaching appender named [FILE] to Logger[ROOT]
07:58:01,726 |-INFO in ch.qos.logback.classic.joran.action.ConfigurationAction - End of configuration.
07:58:01,727 |-INFO in ch.qos.logback.classic.joran.JoranConfigurator@79698539 - Registering current configuration as safe fallback point

Ama winner
Ama winner
2019-06-11T07:58:03.380+0000: 2.115: [Full GC (Metadata GC Threshold) 2019-06-11T07:58:03.380+0000: 2.115: [Tenured: 0K->15145K(341376K), 0.0404478 secs] 114955K->15145K(494976K), [Metaspace: 20736K->20736K(1067008K)], 0.0405145 secs] [Times: user=0.04 sys=0.00, real=0.04 secs] 
07:58:20.414 [Curator-PathChildrenCache-1] WARN  o.a.c.u.ZKPaths  - The version of ZooKeeper being used doesn't support Container nodes. CreateMode.PERSISTENT will be used instead.
2019-06-11T07:58:22.886+0000: 21.621: [GC (Allocation Failure) 2019-06-11T07:58:22.886+0000: 21.621: [DefNew: 136576K->17023K(153600K), 0.0337922 secs] 151721K->52828K(494976K), 0.0338579 secs] [Times: user=0.02 sys=0.01, real=0.04 secs] 
2019-06-11T07:58:24.161+0000: 22.895: [Full GC (Metadata GC Threshold) 2019-06-11T07:58:24.161+0000: 22.895: [Tenured: 35804K->44325K(341376K), 0.0689869 secs] 94849K->44325K(494976K), [Metaspace: 34631K->34631K(1079296K)], 0.0690623 secs] [Times: user=0.06 sys=0.01, real=0.07 secs] 
2019-06-11T07:58:29.061+0000: 27.796: [GC (Allocation Failure) 2019-06-11T07:58:29.061+0000: 27.796: [DefNew: 136576K->68K(153600K), 0.0017902 secs] 180901K->44394K(494976K), 0.0018452 secs] [Times: user=0.00 sys=0.01, real=0.00 secs] 
2019-06-11T07:58:33.877+0000: 32.612: [GC (Allocation Failure) 2019-06-11T07:58:33.877+0000: 32.612: [DefNew: 136644K->103K(153600K), 0.0017729 secs] 180970K->44429K(494976K), 0.0018308 secs] [Times: user=0.01 sys=0.00, real=0.00 secs] 
2019-06-11T07:58:38.689+0000: 37.423: [GC (Allocation Failure) 2019-06-11T07:58:38.689+0000: 37.423: [DefNew: 136679K->103K(153600K), 0.0017690 secs] 181005K->44429K(494976K), 0.0018304 secs] [Times: user=0.00 sys=0.00, real=0.00 secs] 
2019-06-11T07:58:43.541+0000: 42.275: [GC (Allocation Failure) 2019-06-11T07:58:43.541+0000: 42.276: [DefNew: 136679K->104K(153600K), 0.0017754 secs] 181005K->44429K(494976K), 0.0018340 secs] [Times: user=0.00 sys=0.00, real=0.00 secs] 
2019-06-11T07:58:54.424+0000: 53.158: [GC (Allocation Failure) 2019-06-11T07:58:54.424+0000: 53.158: [DefNew: 136680K->106K(153600K), 0.0020137 secs] 181005K->44432K(494976K), 0.0020834 secs] [Times: user=0.00 sys=0.00, real=0.00 secs] 
07:58:57.766 [Curator-PathChildrenCache-0] ERROR o.a.c.f.r.c.PathChildrenCache  - 
java.lang.IllegalStateException: instance must be started before calling this method
	at org.apache.curator.shaded.com.google.common.base.Preconditions.checkState(Preconditions.java:444)
	at org.apache.curator.framework.imps.CuratorFrameworkImpl.getChildren(CuratorFrameworkImpl.java:456)
	at org.apache.curator.framework.recipes.cache.PathChildrenCache.refresh(PathChildrenCache.java:521)
	at org.apache.curator.framework.recipes.cache.RefreshOperation.invoke(RefreshOperation.java:35)
	at org.apache.curator.framework.recipes.cache.PathChildrenCache$9.run(PathChildrenCache.java:786)
	at java.util.concurrent.Executors$RunnableAdapter.call(Executors.java:511)
	at java.util.concurrent.FutureTask.run(FutureTask.java:266)
	at java.util.concurrent.Executors$RunnableAdapter.call(Executors.java:511)
	at java.util.concurrent.FutureTask.run(FutureTask.java:266)
	at java.util.concurrent.ThreadPoolExecutor.runWorker(ThreadPoolExecutor.java:1149)
	at java.util.concurrent.ThreadPoolExecutor$Worker.run(ThreadPoolExecutor.java:624)
	at java.lang.Thread.run(Thread.java:748)
Heap
 def new generation   total 153600K, used 34095K [0x00000000e0c00000, 0x00000000eb2a0000, 0x00000000eb2a0000)
  eden space 136576K,  24% used [0x00000000e0c00000, 0x00000000e2d31398, 0x00000000e9160000)
  from space 17024K,   0% used [0x00000000e9160000, 0x00000000e917a930, 0x00000000ea200000)
  to   space 17024K,   0% used [0x00000000ea200000, 0x00000000ea200000, 0x00000000eb2a0000)
 tenured generation   total 341376K, used 44325K [0x00000000eb2a0000, 0x0000000100000000, 0x0000000100000000)
   the space 341376K,  12% used [0x00000000eb2a0000, 0x00000000edde9778, 0x00000000edde9800, 0x0000000100000000)
 Metaspace       used 35945K, capacity 36872K, committed 37120K, reserved 1081344K
  class space    used 4844K, capacity 5060K, committed 5120K, reserved 1048576K
