17:03:11,774 |-INFO in ch.qos.logback.classic.LoggerContext[default] - Could NOT find resource [logback-test.xml]
17:03:11,774 |-INFO in ch.qos.logback.classic.LoggerContext[default] - Could NOT find resource [logback.groovy]
17:03:11,775 |-INFO in ch.qos.logback.classic.LoggerContext[default] - Found resource [logback.xml] at [jar:file:/root/flamestream/lib/flamestream-runtime-1.0-SNAPSHOT.jar!/logback.xml]
17:03:11,778 |-WARN in ch.qos.logback.classic.LoggerContext[default] - Resource [logback.xml] occurs multiple times on the classpath.
17:03:11,778 |-WARN in ch.qos.logback.classic.LoggerContext[default] - Resource [logback.xml] occurs at [jar:file:/root/flamestream/lib/flamestream-runtime-1.0-SNAPSHOT.jar!/logback.xml]
17:03:11,778 |-WARN in ch.qos.logback.classic.LoggerContext[default] - Resource [logback.xml] occurs at [jar:file:/root/flamestream/flamestream-runtime-1.0-SNAPSHOT.jar!/logback.xml]
17:03:11,798 |-INFO in ch.qos.logback.core.joran.spi.ConfigurationWatchList@3fb6a447 - URL [jar:file:/root/flamestream/lib/flamestream-runtime-1.0-SNAPSHOT.jar!/logback.xml] is not of type file
17:03:11,865 |-INFO in ch.qos.logback.classic.joran.action.ConfigurationAction - debug attribute not set
17:03:11,866 |-INFO in ch.qos.logback.core.joran.action.AppenderAction - About to instantiate appender of type [ch.qos.logback.core.ConsoleAppender]
17:03:11,882 |-INFO in ch.qos.logback.core.joran.action.AppenderAction - Naming appender as [STDOUT]
17:03:11,900 |-INFO in ch.qos.logback.core.joran.action.NestedComplexPropertyIA - Assuming default type [ch.qos.logback.classic.encoder.PatternLayoutEncoder] for [encoder] property
17:03:11,985 |-INFO in ch.qos.logback.core.joran.action.AppenderAction - About to instantiate appender of type [ch.qos.logback.core.rolling.RollingFileAppender]
17:03:11,990 |-INFO in ch.qos.logback.core.joran.action.AppenderAction - Naming appender as [FILE]
17:03:12,025 |-INFO in c.q.l.core.rolling.TimeBasedRollingPolicy@127618319 - No compression will be used
17:03:12,027 |-INFO in c.q.l.core.rolling.TimeBasedRollingPolicy@127618319 - Will use the pattern /tmp/application_%d{yyyy-MM-dd}.%i.log for the active file
17:03:12,030 |-INFO in ch.qos.logback.core.rolling.SizeAndTimeBasedFNATP@6b2fad11 - The date pattern is 'yyyy-MM-dd' from file name pattern '/tmp/application_%d{yyyy-MM-dd}.%i.log'.
17:03:12,030 |-INFO in ch.qos.logback.core.rolling.SizeAndTimeBasedFNATP@6b2fad11 - Roll-over at midnight.
17:03:12,035 |-INFO in ch.qos.logback.core.rolling.SizeAndTimeBasedFNATP@6b2fad11 - Setting initial period to Mon Jun 10 17:01:38 UTC 2019
17:03:12,035 |-WARN in ch.qos.logback.core.rolling.SizeAndTimeBasedFNATP@6b2fad11 - SizeAndTimeBasedFNATP is deprecated. Use SizeAndTimeBasedRollingPolicy instead
17:03:12,035 |-WARN in ch.qos.logback.core.rolling.SizeAndTimeBasedFNATP@6b2fad11 - For more information see http://logback.qos.ch/manual/appenders.html#SizeAndTimeBasedRollingPolicy
17:03:12,039 |-INFO in ch.qos.logback.core.joran.action.NestedComplexPropertyIA - Assuming default type [ch.qos.logback.classic.encoder.PatternLayoutEncoder] for [encoder] property
17:03:12,043 |-INFO in ch.qos.logback.core.rolling.RollingFileAppender[FILE] - Active log file name: /tmp/application.log
17:03:12,043 |-INFO in ch.qos.logback.core.rolling.RollingFileAppender[FILE] - File property is set to [/tmp/application.log]
17:03:12,044 |-INFO in ch.qos.logback.classic.joran.action.RootLoggerAction - Setting level of ROOT logger to WARN
17:03:12,044 |-INFO in ch.qos.logback.core.joran.action.AppenderRefAction - Attaching appender named [STDOUT] to Logger[ROOT]
17:03:12,046 |-INFO in ch.qos.logback.core.joran.action.AppenderRefAction - Attaching appender named [FILE] to Logger[ROOT]
17:03:12,046 |-INFO in ch.qos.logback.classic.joran.action.ConfigurationAction - End of configuration.
17:03:12,047 |-INFO in ch.qos.logback.classic.joran.JoranConfigurator@79698539 - Registering current configuration as safe fallback point

Ama winner
Ama winner
2019-06-10T17:03:13.329+0000: 1.732: [Full GC (Metadata GC Threshold) 2019-06-10T17:03:13.329+0000: 1.732: [Tenured: 0K->15240K(341376K), 0.0393579 secs] 117750K->15240K(494976K), [Metaspace: 20732K->20732K(1067008K)], 0.0394255 secs] [Times: user=0.03 sys=0.01, real=0.04 secs] 
17:03:35.729 [Curator-PathChildrenCache-2] WARN  o.a.c.u.ZKPaths  - The version of ZooKeeper being used doesn't support Container nodes. CreateMode.PERSISTENT will be used instead.
2019-06-10T17:03:38.116+0000: 26.518: [GC (Allocation Failure) 2019-06-10T17:03:38.116+0000: 26.518: [DefNew: 136576K->17024K(153600K), 0.0253415 secs] 151816K->52893K(494976K), 0.0254193 secs] [Times: user=0.01 sys=0.01, real=0.03 secs] 
2019-06-10T17:03:39.192+0000: 27.594: [Full GC (Metadata GC Threshold) 2019-06-10T17:03:39.192+0000: 27.594: [Tenured: 35869K->44640K(341376K), 0.0399669 secs] 82359K->44640K(494976K), [Metaspace: 34591K->34591K(1079296K)], 0.0400457 secs] [Times: user=0.03 sys=0.00, real=0.04 secs] 
2019-06-10T17:03:44.962+0000: 33.365: [GC (Allocation Failure) 2019-06-10T17:03:44.962+0000: 33.365: [DefNew: 136576K->70K(153600K), 0.0018149 secs] 181216K->44711K(494976K), 0.0018844 secs] [Times: user=0.00 sys=0.00, real=0.00 secs] 
2019-06-10T17:03:50.626+0000: 39.029: [GC (Allocation Failure) 2019-06-10T17:03:50.626+0000: 39.029: [DefNew: 136646K->72K(153600K), 0.0017845 secs] 181287K->44713K(494976K), 0.0018472 secs] [Times: user=0.00 sys=0.00, real=0.00 secs] 
2019-06-10T17:03:56.224+0000: 44.626: [GC (Allocation Failure) 2019-06-10T17:03:56.224+0000: 44.627: [DefNew: 136648K->73K(153600K), 0.0017492 secs] 181289K->44713K(494976K), 0.0018209 secs] [Times: user=0.00 sys=0.00, real=0.00 secs] 
2019-06-10T17:04:01.882+0000: 50.285: [GC (Allocation Failure) 2019-06-10T17:04:01.882+0000: 50.285: [DefNew: 136649K->80K(153600K), 0.0017294 secs] 181289K->44721K(494976K), 0.0017899 secs] [Times: user=0.01 sys=0.00, real=0.00 secs] 
2019-06-10T17:04:10.609+0000: 59.011: [GC (Allocation Failure) 2019-06-10T17:04:10.609+0000: 59.012: [DefNew: 136656K->74K(153600K), 0.0017104 secs] 181297K->44714K(494976K), 0.0017802 secs] [Times: user=0.00 sys=0.00, real=0.00 secs] 
17:04:17.911 [Curator-PathChildrenCache-0] ERROR o.a.c.f.r.c.PathChildrenCache  - 
java.lang.IllegalStateException: instance must be started before calling this method
	at org.apache.curator.shaded.com.google.common.base.Preconditions.checkState(Preconditions.java:444)
	at org.apache.curator.framework.imps.CuratorFrameworkImpl.getChildren(CuratorFrameworkImpl.java:456)
	at org.apache.curator.framework.recipes.cache.PathChildrenCache.refresh(PathChildrenCache.java:521)
	at org.apache.curator.framework.recipes.cache.RefreshOperation.invoke(RefreshOperation.java:35)
	at org.apache.curator.framework.recipes.cache.PathChildrenCache$9.run(PathChildrenCache.java:786)
	at java.util.concurrent.Executors$RunnableAdapter.call(Executors.java:511)
	at java.util.concurrent.FutureTask.run(FutureTask.java:266)
	at java.util.concurrent.Executors$RunnableAdapter.call(Executors.java:511)
	at java.util.concurrent.FutureTask.run(FutureTask.java:266)
	at java.util.concurrent.ThreadPoolExecutor.runWorker(ThreadPoolExecutor.java:1149)
	at java.util.concurrent.ThreadPoolExecutor$Worker.run(ThreadPoolExecutor.java:624)
	at java.lang.Thread.run(Thread.java:748)
Heap
 def new generation   total 153600K, used 61644K [0x00000000e0c00000, 0x00000000eb2a0000, 0x00000000eb2a0000)
  eden space 136576K,  45% used [0x00000000e0c00000, 0x00000000e48207b8, 0x00000000e9160000)
  from space 17024K,   0% used [0x00000000e9160000, 0x00000000e91728d8, 0x00000000ea200000)
  to   space 17024K,   0% used [0x00000000ea200000, 0x00000000ea200000, 0x00000000eb2a0000)
 tenured generation   total 341376K, used 44640K [0x00000000eb2a0000, 0x0000000100000000, 0x0000000100000000)
   the space 341376K,  13% used [0x00000000eb2a0000, 0x00000000ede38318, 0x00000000ede38400, 0x0000000100000000)
 Metaspace       used 36201K, capacity 37126K, committed 37376K, reserved 1081344K
  class space    used 4871K, capacity 5075K, committed 5120K, reserved 1048576K
