17:43:24,710 |-INFO in ch.qos.logback.classic.LoggerContext[default] - Could NOT find resource [logback-test.xml]
17:43:24,710 |-INFO in ch.qos.logback.classic.LoggerContext[default] - Could NOT find resource [logback.groovy]
17:43:24,710 |-INFO in ch.qos.logback.classic.LoggerContext[default] - Found resource [logback.xml] at [jar:file:/root/flamestream/lib/flamestream-runtime-1.0-SNAPSHOT.jar!/logback.xml]
17:43:24,715 |-WARN in ch.qos.logback.classic.LoggerContext[default] - Resource [logback.xml] occurs multiple times on the classpath.
17:43:24,716 |-WARN in ch.qos.logback.classic.LoggerContext[default] - Resource [logback.xml] occurs at [jar:file:/root/flamestream/lib/flamestream-runtime-1.0-SNAPSHOT.jar!/logback.xml]
17:43:24,716 |-WARN in ch.qos.logback.classic.LoggerContext[default] - Resource [logback.xml] occurs at [jar:file:/root/flamestream/flamestream-runtime-1.0-SNAPSHOT.jar!/logback.xml]
17:43:24,734 |-INFO in ch.qos.logback.core.joran.spi.ConfigurationWatchList@3fb6a447 - URL [jar:file:/root/flamestream/lib/flamestream-runtime-1.0-SNAPSHOT.jar!/logback.xml] is not of type file
17:43:24,809 |-INFO in ch.qos.logback.classic.joran.action.ConfigurationAction - debug attribute not set
17:43:24,810 |-INFO in ch.qos.logback.core.joran.action.AppenderAction - About to instantiate appender of type [ch.qos.logback.core.ConsoleAppender]
17:43:24,822 |-INFO in ch.qos.logback.core.joran.action.AppenderAction - Naming appender as [STDOUT]
17:43:24,840 |-INFO in ch.qos.logback.core.joran.action.NestedComplexPropertyIA - Assuming default type [ch.qos.logback.classic.encoder.PatternLayoutEncoder] for [encoder] property
17:43:24,924 |-INFO in ch.qos.logback.core.joran.action.AppenderAction - About to instantiate appender of type [ch.qos.logback.core.rolling.RollingFileAppender]
17:43:24,928 |-INFO in ch.qos.logback.core.joran.action.AppenderAction - Naming appender as [FILE]
17:43:24,959 |-INFO in c.q.l.core.rolling.TimeBasedRollingPolicy@127618319 - No compression will be used
17:43:24,960 |-INFO in c.q.l.core.rolling.TimeBasedRollingPolicy@127618319 - Will use the pattern /tmp/application_%d{yyyy-MM-dd}.%i.log for the active file
17:43:24,963 |-INFO in ch.qos.logback.core.rolling.SizeAndTimeBasedFNATP@6b2fad11 - The date pattern is 'yyyy-MM-dd' from file name pattern '/tmp/application_%d{yyyy-MM-dd}.%i.log'.
17:43:24,963 |-INFO in ch.qos.logback.core.rolling.SizeAndTimeBasedFNATP@6b2fad11 - Roll-over at midnight.
17:43:24,969 |-INFO in ch.qos.logback.core.rolling.SizeAndTimeBasedFNATP@6b2fad11 - Setting initial period to Mon Jun 10 17:42:06 UTC 2019
17:43:24,969 |-WARN in ch.qos.logback.core.rolling.SizeAndTimeBasedFNATP@6b2fad11 - SizeAndTimeBasedFNATP is deprecated. Use SizeAndTimeBasedRollingPolicy instead
17:43:24,969 |-WARN in ch.qos.logback.core.rolling.SizeAndTimeBasedFNATP@6b2fad11 - For more information see http://logback.qos.ch/manual/appenders.html#SizeAndTimeBasedRollingPolicy
17:43:24,972 |-INFO in ch.qos.logback.core.joran.action.NestedComplexPropertyIA - Assuming default type [ch.qos.logback.classic.encoder.PatternLayoutEncoder] for [encoder] property
17:43:24,977 |-INFO in ch.qos.logback.core.rolling.RollingFileAppender[FILE] - Active log file name: /tmp/application.log
17:43:24,977 |-INFO in ch.qos.logback.core.rolling.RollingFileAppender[FILE] - File property is set to [/tmp/application.log]
17:43:24,978 |-INFO in ch.qos.logback.classic.joran.action.RootLoggerAction - Setting level of ROOT logger to WARN
17:43:24,978 |-INFO in ch.qos.logback.core.joran.action.AppenderRefAction - Attaching appender named [STDOUT] to Logger[ROOT]
17:43:24,980 |-INFO in ch.qos.logback.core.joran.action.AppenderRefAction - Attaching appender named [FILE] to Logger[ROOT]
17:43:24,980 |-INFO in ch.qos.logback.classic.joran.action.ConfigurationAction - End of configuration.
17:43:24,981 |-INFO in ch.qos.logback.classic.joran.JoranConfigurator@79698539 - Registering current configuration as safe fallback point

Ama winner
Ama winner
2019-06-10T17:43:26.225+0000: 1.692: [Full GC (Metadata GC Threshold) 2019-06-10T17:43:26.225+0000: 1.692: [Tenured: 0K->15209K(341376K), 0.0397996 secs] 114924K->15209K(494976K), [Metaspace: 20734K->20734K(1067008K)], 0.0398675 secs] [Times: user=0.03 sys=0.00, real=0.04 secs] 
17:43:49.047 [Curator-PathChildrenCache-2] WARN  o.a.c.u.ZKPaths  - The version of ZooKeeper being used doesn't support Container nodes. CreateMode.PERSISTENT will be used instead.
2019-06-10T17:43:51.177+0000: 26.645: [GC (Allocation Failure) 2019-06-10T17:43:51.177+0000: 26.645: [DefNew: 136576K->17024K(153600K), 0.0260522 secs] 151785K->53035K(494976K), 0.0261338 secs] [Times: user=0.02 sys=0.01, real=0.03 secs] 
2019-06-10T17:43:51.627+0000: 27.094: [Full GC (Metadata GC Threshold) 2019-06-10T17:43:51.627+0000: 27.094: [Tenured: 36011K->44737K(341376K), 0.0365023 secs] 71384K->44737K(494976K), [Metaspace: 34528K->34528K(1079296K)], 0.0366023 secs] [Times: user=0.03 sys=0.00, real=0.04 secs] 
2019-06-10T17:43:54.348+0000: 29.815: [GC (Allocation Failure) 2019-06-10T17:43:54.348+0000: 29.815: [DefNew: 136576K->153K(153600K), 0.0019935 secs] 181313K->44891K(494976K), 0.0020511 secs] [Times: user=0.00 sys=0.00, real=0.00 secs] 
2019-06-10T17:43:56.851+0000: 32.319: [GC (Allocation Failure) 2019-06-10T17:43:56.851+0000: 32.319: [DefNew: 136729K->174K(153600K), 0.0018439 secs] 181467K->44912K(494976K), 0.0019041 secs] [Times: user=0.00 sys=0.00, real=0.00 secs] 
2019-06-10T17:43:59.421+0000: 34.889: [GC (Allocation Failure) 2019-06-10T17:43:59.421+0000: 34.889: [DefNew: 136750K->175K(153600K), 0.0019389 secs] 181488K->44913K(494976K), 0.0020017 secs] [Times: user=0.00 sys=0.00, real=0.00 secs] 
2019-06-10T17:44:01.975+0000: 37.443: [GC (Allocation Failure) 2019-06-10T17:44:01.975+0000: 37.443: [DefNew: 136751K->180K(153600K), 0.0019681 secs] 181489K->44918K(494976K), 0.0020297 secs] [Times: user=0.00 sys=0.00, real=0.00 secs] 
2019-06-10T17:44:04.502+0000: 39.969: [GC (Allocation Failure) 2019-06-10T17:44:04.502+0000: 39.969: [DefNew: 136756K->176K(153600K), 0.0019898 secs] 181494K->44914K(494976K), 0.0020514 secs] [Times: user=0.00 sys=0.00, real=0.00 secs] 
2019-06-10T17:44:06.990+0000: 42.458: [GC (Allocation Failure) 2019-06-10T17:44:06.991+0000: 42.458: [DefNew: 136752K->175K(153600K), 0.0020124 secs] 181490K->44912K(494976K), 0.0020753 secs] [Times: user=0.00 sys=0.00, real=0.01 secs] 
17:44:15.527 [Curator-PathChildrenCache-0] ERROR o.a.c.f.r.c.PathChildrenCache  - 
java.lang.IllegalStateException: instance must be started before calling this method
	at org.apache.curator.shaded.com.google.common.base.Preconditions.checkState(Preconditions.java:444)
	at org.apache.curator.framework.imps.CuratorFrameworkImpl.getChildren(CuratorFrameworkImpl.java:456)
	at org.apache.curator.framework.recipes.cache.PathChildrenCache.refresh(PathChildrenCache.java:521)
	at org.apache.curator.framework.recipes.cache.RefreshOperation.invoke(RefreshOperation.java:35)
	at org.apache.curator.framework.recipes.cache.PathChildrenCache$9.run(PathChildrenCache.java:786)
	at java.util.concurrent.Executors$RunnableAdapter.call(Executors.java:511)
	at java.util.concurrent.FutureTask.run(FutureTask.java:266)
	at java.util.concurrent.Executors$RunnableAdapter.call(Executors.java:511)
	at java.util.concurrent.FutureTask.run(FutureTask.java:266)
	at java.util.concurrent.ThreadPoolExecutor.runWorker(ThreadPoolExecutor.java:1149)
	at java.util.concurrent.ThreadPoolExecutor$Worker.run(ThreadPoolExecutor.java:624)
	at java.lang.Thread.run(Thread.java:748)
Heap
 def new generation   total 153600K, used 115499K [0x00000000e0c00000, 0x00000000eb2a0000, 0x00000000eb2a0000)
  eden space 136576K,  84% used [0x00000000e0c00000, 0x00000000e7c9f3b0, 0x00000000e9160000)
  from space 17024K,   1% used [0x00000000ea200000, 0x00000000ea22bc10, 0x00000000eb2a0000)
  to   space 17024K,   0% used [0x00000000e9160000, 0x00000000e9160000, 0x00000000ea200000)
 tenured generation   total 341376K, used 44737K [0x00000000eb2a0000, 0x0000000100000000, 0x0000000100000000)
   the space 341376K,  13% used [0x00000000eb2a0000, 0x00000000ede50770, 0x00000000ede50800, 0x0000000100000000)
 Metaspace       used 35994K, capacity 36936K, committed 37120K, reserved 1081344K
  class space    used 4861K, capacity 5060K, committed 5120K, reserved 1048576K
