08:07:46,054 |-INFO in ch.qos.logback.classic.LoggerContext[default] - Could NOT find resource [logback-test.xml]
08:07:46,054 |-INFO in ch.qos.logback.classic.LoggerContext[default] - Could NOT find resource [logback.groovy]
08:07:46,054 |-INFO in ch.qos.logback.classic.LoggerContext[default] - Found resource [logback.xml] at [jar:file:/root/flamestream/lib/flamestream-runtime-1.0-SNAPSHOT.jar!/logback.xml]
08:07:46,055 |-WARN in ch.qos.logback.classic.LoggerContext[default] - Resource [logback.xml] occurs multiple times on the classpath.
08:07:46,055 |-WARN in ch.qos.logback.classic.LoggerContext[default] - Resource [logback.xml] occurs at [jar:file:/root/flamestream/lib/flamestream-runtime-1.0-SNAPSHOT.jar!/logback.xml]
08:07:46,055 |-WARN in ch.qos.logback.classic.LoggerContext[default] - Resource [logback.xml] occurs at [jar:file:/root/flamestream/flamestream-runtime-1.0-SNAPSHOT.jar!/logback.xml]
08:07:46,075 |-INFO in ch.qos.logback.core.joran.spi.ConfigurationWatchList@3fb6a447 - URL [jar:file:/root/flamestream/lib/flamestream-runtime-1.0-SNAPSHOT.jar!/logback.xml] is not of type file
08:07:46,141 |-INFO in ch.qos.logback.classic.joran.action.ConfigurationAction - debug attribute not set
08:07:46,142 |-INFO in ch.qos.logback.core.joran.action.AppenderAction - About to instantiate appender of type [ch.qos.logback.core.ConsoleAppender]
08:07:46,158 |-INFO in ch.qos.logback.core.joran.action.AppenderAction - Naming appender as [STDOUT]
08:07:46,177 |-INFO in ch.qos.logback.core.joran.action.NestedComplexPropertyIA - Assuming default type [ch.qos.logback.classic.encoder.PatternLayoutEncoder] for [encoder] property
08:07:46,263 |-INFO in ch.qos.logback.core.joran.action.AppenderAction - About to instantiate appender of type [ch.qos.logback.core.rolling.RollingFileAppender]
08:07:46,268 |-INFO in ch.qos.logback.core.joran.action.AppenderAction - Naming appender as [FILE]
08:07:46,298 |-INFO in c.q.l.core.rolling.TimeBasedRollingPolicy@127618319 - No compression will be used
08:07:46,300 |-INFO in c.q.l.core.rolling.TimeBasedRollingPolicy@127618319 - Will use the pattern /tmp/application_%d{yyyy-MM-dd}.%i.log for the active file
08:07:46,303 |-INFO in ch.qos.logback.core.rolling.SizeAndTimeBasedFNATP@6b2fad11 - The date pattern is 'yyyy-MM-dd' from file name pattern '/tmp/application_%d{yyyy-MM-dd}.%i.log'.
08:07:46,303 |-INFO in ch.qos.logback.core.rolling.SizeAndTimeBasedFNATP@6b2fad11 - Roll-over at midnight.
08:07:46,308 |-INFO in ch.qos.logback.core.rolling.SizeAndTimeBasedFNATP@6b2fad11 - Setting initial period to Tue Jun 11 08:06:20 UTC 2019
08:07:46,308 |-WARN in ch.qos.logback.core.rolling.SizeAndTimeBasedFNATP@6b2fad11 - SizeAndTimeBasedFNATP is deprecated. Use SizeAndTimeBasedRollingPolicy instead
08:07:46,308 |-WARN in ch.qos.logback.core.rolling.SizeAndTimeBasedFNATP@6b2fad11 - For more information see http://logback.qos.ch/manual/appenders.html#SizeAndTimeBasedRollingPolicy
08:07:46,312 |-INFO in ch.qos.logback.core.joran.action.NestedComplexPropertyIA - Assuming default type [ch.qos.logback.classic.encoder.PatternLayoutEncoder] for [encoder] property
08:07:46,316 |-INFO in ch.qos.logback.core.rolling.RollingFileAppender[FILE] - Active log file name: /tmp/application.log
08:07:46,316 |-INFO in ch.qos.logback.core.rolling.RollingFileAppender[FILE] - File property is set to [/tmp/application.log]
08:07:46,317 |-INFO in ch.qos.logback.classic.joran.action.RootLoggerAction - Setting level of ROOT logger to WARN
08:07:46,317 |-INFO in ch.qos.logback.core.joran.action.AppenderRefAction - Attaching appender named [STDOUT] to Logger[ROOT]
08:07:46,319 |-INFO in ch.qos.logback.core.joran.action.AppenderRefAction - Attaching appender named [FILE] to Logger[ROOT]
08:07:46,319 |-INFO in ch.qos.logback.classic.joran.action.ConfigurationAction - End of configuration.
08:07:46,320 |-INFO in ch.qos.logback.classic.joran.JoranConfigurator@79698539 - Registering current configuration as safe fallback point

Ama winner
Ama winner
2019-06-11T08:07:47.590+0000: 1.724: [Full GC (Metadata GC Threshold) 2019-06-11T08:07:47.590+0000: 1.724: [Tenured: 0K->15240K(341376K), 0.0398707 secs] 114986K->15240K(494976K), [Metaspace: 20734K->20734K(1067008K)], 0.0399375 secs] [Times: user=0.03 sys=0.00, real=0.04 secs] 
08:08:05.753 [Curator-PathChildrenCache-1] WARN  o.a.c.u.ZKPaths  - The version of ZooKeeper being used doesn't support Container nodes. CreateMode.PERSISTENT will be used instead.
2019-06-11T08:08:08.079+0000: 22.214: [GC (Allocation Failure) 2019-06-11T08:08:08.079+0000: 22.214: [DefNew: 136576K->17024K(153600K), 0.0250560 secs] 151816K->52537K(494976K), 0.0251339 secs] [Times: user=0.02 sys=0.01, real=0.02 secs] 
2019-06-11T08:08:14.431+0000: 28.566: [Full GC (Metadata GC Threshold) 2019-06-11T08:08:14.431+0000: 28.566: [Tenured: 35513K->43906K(341376K), 0.0590800 secs] 173663K->43906K(494976K), [Metaspace: 34594K->34594K(1079296K)], 0.0591595 secs] [Times: user=0.06 sys=0.00, real=0.06 secs] 
2019-06-11T08:08:21.644+0000: 35.778: [GC (Allocation Failure) 2019-06-11T08:08:21.644+0000: 35.778: [DefNew: 136576K->86K(153600K), 0.0017459 secs] 180482K->43992K(494976K), 0.0018099 secs] [Times: user=0.00 sys=0.00, real=0.00 secs] 
2019-06-11T08:08:28.823+0000: 42.958: [GC (Allocation Failure) 2019-06-11T08:08:28.823+0000: 42.958: [DefNew: 136662K->116K(153600K), 0.0016056 secs] 180568K->44023K(494976K), 0.0016641 secs] [Times: user=0.00 sys=0.00, real=0.00 secs] 
2019-06-11T08:08:36.106+0000: 50.241: [GC (Allocation Failure) 2019-06-11T08:08:36.106+0000: 50.241: [DefNew: 136692K->115K(153600K), 0.0016762 secs] 180599K->44022K(494976K), 0.0017386 secs] [Times: user=0.01 sys=0.00, real=0.01 secs] 
2019-06-11T08:08:43.388+0000: 57.523: [GC (Allocation Failure) 2019-06-11T08:08:43.388+0000: 57.523: [DefNew: 136691K->122K(153600K), 0.0016472 secs] 180598K->44028K(494976K), 0.0017044 secs] [Times: user=0.00 sys=0.00, real=0.00 secs] 
2019-06-11T08:08:59.230+0000: 73.365: [GC (Allocation Failure) 2019-06-11T08:08:59.230+0000: 73.365: [DefNew: 136698K->435K(153600K), 0.0021367 secs] 180604K->44341K(494976K), 0.0021992 secs] [Times: user=0.00 sys=0.00, real=0.00 secs] 
08:08:59.843 [Curator-PathChildrenCache-0] ERROR o.a.c.f.r.c.PathChildrenCache  - 
java.lang.IllegalStateException: instance must be started before calling this method
	at org.apache.curator.shaded.com.google.common.base.Preconditions.checkState(Preconditions.java:444)
	at org.apache.curator.framework.imps.CuratorFrameworkImpl.getChildren(CuratorFrameworkImpl.java:456)
	at org.apache.curator.framework.recipes.cache.PathChildrenCache.refresh(PathChildrenCache.java:521)
	at org.apache.curator.framework.recipes.cache.RefreshOperation.invoke(RefreshOperation.java:35)
	at org.apache.curator.framework.recipes.cache.PathChildrenCache$9.run(PathChildrenCache.java:786)
	at java.util.concurrent.Executors$RunnableAdapter.call(Executors.java:511)
	at java.util.concurrent.FutureTask.run(FutureTask.java:266)
	at java.util.concurrent.Executors$RunnableAdapter.call(Executors.java:511)
	at java.util.concurrent.FutureTask.run(FutureTask.java:266)
	at java.util.concurrent.ThreadPoolExecutor.runWorker(ThreadPoolExecutor.java:1149)
	at java.util.concurrent.ThreadPoolExecutor$Worker.run(ThreadPoolExecutor.java:624)
	at java.lang.Thread.run(Thread.java:748)
Heap
 def new generation   total 153600K, used 32020K [0x00000000e0c00000, 0x00000000eb2a0000, 0x00000000eb2a0000)
  eden space 136576K,  23% used [0x00000000e0c00000, 0x00000000e2ad82c8, 0x00000000e9160000)
  from space 17024K,   2% used [0x00000000e9160000, 0x00000000e91ccea0, 0x00000000ea200000)
  to   space 17024K,   0% used [0x00000000ea200000, 0x00000000ea200000, 0x00000000eb2a0000)
 tenured generation   total 341376K, used 43906K [0x00000000eb2a0000, 0x0000000100000000, 0x0000000100000000)
   the space 341376K,  12% used [0x00000000eb2a0000, 0x00000000edd80938, 0x00000000edd80a00, 0x0000000100000000)
 Metaspace       used 36111K, capacity 36992K, committed 37120K, reserved 1081344K
  class space    used 4872K, capacity 5074K, committed 5120K, reserved 1048576K
