09:37:50,751 |-INFO in ch.qos.logback.classic.LoggerContext[default] - Could NOT find resource [logback-test.xml]
09:37:50,752 |-INFO in ch.qos.logback.classic.LoggerContext[default] - Could NOT find resource [logback.groovy]
09:37:50,752 |-INFO in ch.qos.logback.classic.LoggerContext[default] - Found resource [logback.xml] at [jar:file:/root/flamestream/lib/flamestream-runtime-1.0-SNAPSHOT.jar!/logback.xml]
09:37:50,753 |-WARN in ch.qos.logback.classic.LoggerContext[default] - Resource [logback.xml] occurs multiple times on the classpath.
09:37:50,753 |-WARN in ch.qos.logback.classic.LoggerContext[default] - Resource [logback.xml] occurs at [jar:file:/root/flamestream/lib/flamestream-runtime-1.0-SNAPSHOT.jar!/logback.xml]
09:37:50,753 |-WARN in ch.qos.logback.classic.LoggerContext[default] - Resource [logback.xml] occurs at [jar:file:/root/flamestream/flamestream-runtime-1.0-SNAPSHOT.jar!/logback.xml]
09:37:50,773 |-INFO in ch.qos.logback.core.joran.spi.ConfigurationWatchList@3fb6a447 - URL [jar:file:/root/flamestream/lib/flamestream-runtime-1.0-SNAPSHOT.jar!/logback.xml] is not of type file
09:37:50,843 |-INFO in ch.qos.logback.classic.joran.action.ConfigurationAction - debug attribute not set
09:37:50,843 |-INFO in ch.qos.logback.core.joran.action.AppenderAction - About to instantiate appender of type [ch.qos.logback.core.ConsoleAppender]
09:37:50,863 |-INFO in ch.qos.logback.core.joran.action.AppenderAction - Naming appender as [STDOUT]
09:37:50,878 |-INFO in ch.qos.logback.core.joran.action.NestedComplexPropertyIA - Assuming default type [ch.qos.logback.classic.encoder.PatternLayoutEncoder] for [encoder] property
09:37:50,962 |-INFO in ch.qos.logback.core.joran.action.AppenderAction - About to instantiate appender of type [ch.qos.logback.core.rolling.RollingFileAppender]
09:37:50,968 |-INFO in ch.qos.logback.core.joran.action.AppenderAction - Naming appender as [FILE]
09:37:50,998 |-INFO in c.q.l.core.rolling.TimeBasedRollingPolicy@127618319 - No compression will be used
09:37:50,999 |-INFO in c.q.l.core.rolling.TimeBasedRollingPolicy@127618319 - Will use the pattern /tmp/application_%d{yyyy-MM-dd}.%i.log for the active file
09:37:51,002 |-INFO in ch.qos.logback.core.rolling.SizeAndTimeBasedFNATP@6b2fad11 - The date pattern is 'yyyy-MM-dd' from file name pattern '/tmp/application_%d{yyyy-MM-dd}.%i.log'.
09:37:51,002 |-INFO in ch.qos.logback.core.rolling.SizeAndTimeBasedFNATP@6b2fad11 - Roll-over at midnight.
09:37:51,007 |-INFO in ch.qos.logback.core.rolling.SizeAndTimeBasedFNATP@6b2fad11 - Setting initial period to Tue Jun 11 09:36:32 UTC 2019
09:37:51,007 |-WARN in ch.qos.logback.core.rolling.SizeAndTimeBasedFNATP@6b2fad11 - SizeAndTimeBasedFNATP is deprecated. Use SizeAndTimeBasedRollingPolicy instead
09:37:51,007 |-WARN in ch.qos.logback.core.rolling.SizeAndTimeBasedFNATP@6b2fad11 - For more information see http://logback.qos.ch/manual/appenders.html#SizeAndTimeBasedRollingPolicy
09:37:51,011 |-INFO in ch.qos.logback.core.joran.action.NestedComplexPropertyIA - Assuming default type [ch.qos.logback.classic.encoder.PatternLayoutEncoder] for [encoder] property
09:37:51,015 |-INFO in ch.qos.logback.core.rolling.RollingFileAppender[FILE] - Active log file name: /tmp/application.log
09:37:51,015 |-INFO in ch.qos.logback.core.rolling.RollingFileAppender[FILE] - File property is set to [/tmp/application.log]
09:37:51,016 |-INFO in ch.qos.logback.classic.joran.action.RootLoggerAction - Setting level of ROOT logger to WARN
09:37:51,016 |-INFO in ch.qos.logback.core.joran.action.AppenderRefAction - Attaching appender named [STDOUT] to Logger[ROOT]
09:37:51,018 |-INFO in ch.qos.logback.core.joran.action.AppenderRefAction - Attaching appender named [FILE] to Logger[ROOT]
09:37:51,018 |-INFO in ch.qos.logback.classic.joran.action.ConfigurationAction - End of configuration.
09:37:51,019 |-INFO in ch.qos.logback.classic.joran.JoranConfigurator@79698539 - Registering current configuration as safe fallback point

Ama winner
Ama winner
2019-06-11T09:37:52.272+0000: 1.704: [Full GC (Metadata GC Threshold) 2019-06-11T09:37:52.272+0000: 1.704: [Tenured: 0K->15208K(341376K), 0.0391707 secs] 114923K->15208K(494976K), [Metaspace: 20731K->20731K(1067008K)], 0.0392383 secs] [Times: user=0.03 sys=0.00, real=0.04 secs] 
09:38:09.054 [Curator-PathChildrenCache-2] WARN  o.a.c.u.ZKPaths  - The version of ZooKeeper being used doesn't support Container nodes. CreateMode.PERSISTENT will be used instead.
2019-06-11T09:38:12.748+0000: 22.180: [GC (Allocation Failure) 2019-06-11T09:38:12.748+0000: 22.180: [DefNew: 136576K->17023K(153600K), 0.0274358 secs] 151784K->52072K(494976K), 0.0275060 secs] [Times: user=0.02 sys=0.01, real=0.03 secs] 
2019-06-11T09:38:16.436+0000: 25.869: [GC (Allocation Failure) 2019-06-11T09:38:16.436+0000: 25.869: [DefNew: 153599K->1669K(153600K), 0.0135807 secs] 188648K->44232K(494976K), 0.0136399 secs] [Times: user=0.02 sys=0.00, real=0.01 secs] 
2019-06-11T09:38:18.334+0000: 27.766: [Full GC (Metadata GC Threshold) 2019-06-11T09:38:18.334+0000: 27.766: [Tenured: 42562K->43035K(341376K), 0.0536838 secs] 159138K->43035K(494976K), [Metaspace: 34611K->34611K(1079296K)], 0.0537568 secs] [Times: user=0.05 sys=0.00, real=0.06 secs] 
2019-06-11T09:38:20.998+0000: 30.431: [GC (Allocation Failure) 2019-06-11T09:38:20.998+0000: 30.431: [DefNew: 136576K->216K(153600K), 0.0020801 secs] 179611K->43252K(494976K), 0.0021422 secs] [Times: user=0.01 sys=0.00, real=0.00 secs] 
2019-06-11T09:38:25.344+0000: 34.777: [GC (Allocation Failure) 2019-06-11T09:38:25.344+0000: 34.777: [DefNew: 136792K->303K(153600K), 0.0022037 secs] 179828K->43339K(494976K), 0.0022627 secs] [Times: user=0.00 sys=0.00, real=0.01 secs] 
2019-06-11T09:38:29.856+0000: 39.288: [GC (Allocation Failure) 2019-06-11T09:38:29.856+0000: 39.289: [DefNew: 136879K->340K(153600K), 0.0023725 secs] 179915K->43376K(494976K), 0.0024318 secs] [Times: user=0.00 sys=0.00, real=0.00 secs] 
2019-06-11T09:38:34.114+0000: 43.546: [GC (Allocation Failure) 2019-06-11T09:38:34.114+0000: 43.546: [DefNew: 136916K->332K(153600K), 0.0021867 secs] 179952K->43368K(494976K), 0.0022447 secs] [Times: user=0.00 sys=0.00, real=0.01 secs] 
2019-06-11T09:38:38.463+0000: 47.896: [GC (Allocation Failure) 2019-06-11T09:38:38.463+0000: 47.896: [DefNew: 136908K->378K(153600K), 0.0022852 secs] 179944K->43414K(494976K), 0.0023411 secs] [Times: user=0.00 sys=0.00, real=0.00 secs] 
2019-06-11T09:38:42.020+0000: 51.453: [GC (Allocation Failure) 2019-06-11T09:38:42.020+0000: 51.453: [DefNew: 136954K->389K(153600K), 0.0022921 secs] 179990K->43425K(494976K), 0.0023522 secs] [Times: user=0.01 sys=0.00, real=0.00 secs] 
2019-06-11T09:38:45.626+0000: 55.058: [GC (Allocation Failure) 2019-06-11T09:38:45.626+0000: 55.058: [DefNew: 136965K->456K(153600K), 0.0025046 secs] 180001K->43492K(494976K), 0.0025623 secs] [Times: user=0.00 sys=0.00, real=0.01 secs] 
2019-06-11T09:38:49.976+0000: 59.409: [GC (Allocation Failure) 2019-06-11T09:38:49.976+0000: 59.409: [DefNew: 137032K->732K(153600K), 0.0027159 secs] 180068K->43768K(494976K), 0.0027752 secs] [Times: user=0.00 sys=0.00, real=0.00 secs] 
2019-06-11T09:38:53.661+0000: 63.094: [GC (Allocation Failure) 2019-06-11T09:38:53.661+0000: 63.094: [DefNew: 137308K->750K(153600K), 0.0029760 secs] 180344K->43786K(494976K), 0.0030367 secs] [Times: user=0.00 sys=0.00, real=0.00 secs] 
2019-06-11T09:38:57.415+0000: 66.847: [GC (Allocation Failure) 2019-06-11T09:38:57.415+0000: 66.847: [DefNew: 137326K->656K(153600K), 0.0025590 secs] 180362K->43692K(494976K), 0.0026180 secs] [Times: user=0.00 sys=0.00, real=0.00 secs] 
2019-06-11T09:39:01.028+0000: 70.461: [GC (Allocation Failure) 2019-06-11T09:39:01.028+0000: 70.461: [DefNew: 137232K->695K(153600K), 0.0027737 secs] 180268K->43731K(494976K), 0.0028368 secs] [Times: user=0.00 sys=0.00, real=0.00 secs] 
2019-06-11T09:39:04.981+0000: 74.414: [GC (Allocation Failure) 2019-06-11T09:39:04.981+0000: 74.414: [DefNew: 137271K->723K(153600K), 0.0027965 secs] 180307K->43759K(494976K), 0.0028560 secs] [Times: user=0.00 sys=0.00, real=0.00 secs] 
2019-06-11T09:39:08.757+0000: 78.190: [GC (Allocation Failure) 2019-06-11T09:39:08.757+0000: 78.190: [DefNew: 137299K->741K(153600K), 0.0027602 secs] 180335K->43777K(494976K), 0.0028281 secs] [Times: user=0.00 sys=0.00, real=0.00 secs] 
2019-06-11T09:39:12.490+0000: 81.923: [GC (Allocation Failure) 2019-06-11T09:39:12.490+0000: 81.923: [DefNew: 137317K->766K(153600K), 0.0027520 secs] 180353K->43802K(494976K), 0.0028188 secs] [Times: user=0.00 sys=0.00, real=0.00 secs] 
2019-06-11T09:39:16.222+0000: 85.655: [GC (Allocation Failure) 2019-06-11T09:39:16.222+0000: 85.655: [DefNew: 137342K->795K(153600K), 0.0028087 secs] 180378K->43830K(494976K), 0.0028959 secs] [Times: user=0.00 sys=0.00, real=0.00 secs] 
2019-06-11T09:39:19.334+0000: 88.766: [GC (Allocation Failure) 2019-06-11T09:39:19.334+0000: 88.766: [DefNew: 137371K->830K(153600K), 0.0029176 secs] 180406K->43905K(494976K), 0.0029773 secs] [Times: user=0.00 sys=0.00, real=0.01 secs] 
2019-06-11T09:39:24.014+0000: 93.447: [GC (Allocation Failure) 2019-06-11T09:39:24.014+0000: 93.447: [DefNew: 137406K->815K(153600K), 0.0027973 secs] 180481K->43948K(494976K), 0.0028510 secs] [Times: user=0.01 sys=0.00, real=0.01 secs] 
2019-06-11T09:39:27.910+0000: 97.343: [GC (Allocation Failure) 2019-06-11T09:39:27.910+0000: 97.343: [DefNew: 137391K->762K(153600K), 0.0027740 secs] 180524K->43932K(494976K), 0.0028452 secs] [Times: user=0.00 sys=0.00, real=0.00 secs] 
2019-06-11T09:39:31.386+0000: 100.818: [GC (Allocation Failure) 2019-06-11T09:39:31.386+0000: 100.818: [DefNew: 137338K->984K(153600K), 0.0029789 secs] 180508K->44219K(494976K), 0.0030374 secs] [Times: user=0.00 sys=0.00, real=0.01 secs] 
2019-06-11T09:39:36.196+0000: 105.629: [GC (Allocation Failure) 2019-06-11T09:39:36.196+0000: 105.629: [DefNew: 137560K->956K(153600K), 0.0029598 secs] 180795K->44229K(494976K), 0.0030206 secs] [Times: user=0.00 sys=0.00, real=0.00 secs] 
2019-06-11T09:39:40.456+0000: 109.889: [GC (Allocation Failure) 2019-06-11T09:39:40.456+0000: 109.889: [DefNew: 137532K->865K(153600K), 0.0029418 secs] 180805K->44165K(494976K), 0.0030167 secs] [Times: user=0.00 sys=0.00, real=0.00 secs] 
2019-06-11T09:39:44.419+0000: 113.852: [GC (Allocation Failure) 2019-06-11T09:39:44.419+0000: 113.852: [DefNew: 137441K->763K(153600K), 0.0028217 secs] 180741K->44096K(494976K), 0.0028800 secs] [Times: user=0.01 sys=0.00, real=0.00 secs] 
2019-06-11T09:39:47.641+0000: 117.074: [GC (Allocation Failure) 2019-06-11T09:39:47.641+0000: 117.074: [DefNew: 137339K->1276K(153600K), 0.0037576 secs] 180672K->44680K(494976K), 0.0038147 secs] [Times: user=0.01 sys=0.00, real=0.00 secs] 
2019-06-11T09:39:52.261+0000: 121.693: [GC (Allocation Failure) 2019-06-11T09:39:52.261+0000: 121.693: [DefNew: 137852K->642K(153600K), 0.0027542 secs] 181256K->44157K(494976K), 0.0028190 secs] [Times: user=0.00 sys=0.00, real=0.00 secs] 
2019-06-11T09:39:56.494+0000: 125.927: [GC (Allocation Failure) 2019-06-11T09:39:56.494+0000: 125.927: [DefNew: 137218K->650K(153600K), 0.0027307 secs] 180733K->44200K(494976K), 0.0028053 secs] [Times: user=0.00 sys=0.00, real=0.01 secs] 
2019-06-11T09:39:59.975+0000: 129.408: [GC (Allocation Failure) 2019-06-11T09:39:59.975+0000: 129.408: [DefNew: 137226K->635K(153600K), 0.0028651 secs] 180776K->44228K(494976K), 0.0029366 secs] [Times: user=0.00 sys=0.01, real=0.00 secs] 
2019-06-11T09:40:04.108+0000: 133.540: [GC (Allocation Failure) 2019-06-11T09:40:04.108+0000: 133.540: [DefNew: 137211K->953K(153600K), 0.0031077 secs] 180804K->44574K(494976K), 0.0031661 secs] [Times: user=0.00 sys=0.00, real=0.00 secs] 
2019-06-11T09:40:07.692+0000: 137.125: [GC (Allocation Failure) 2019-06-11T09:40:07.692+0000: 137.125: [DefNew: 137529K->640K(153600K), 0.0026970 secs] 181150K->44279K(494976K), 0.0027595 secs] [Times: user=0.01 sys=0.00, real=0.01 secs] 
2019-06-11T09:40:12.317+0000: 141.750: [GC (Allocation Failure) 2019-06-11T09:40:12.317+0000: 141.750: [DefNew: 137216K->640K(153600K), 0.0027184 secs] 180855K->44305K(494976K), 0.0027831 secs] [Times: user=0.00 sys=0.00, real=0.00 secs] 
2019-06-11T09:40:16.208+0000: 145.641: [GC (Allocation Failure) 2019-06-11T09:40:16.208+0000: 145.641: [DefNew: 137216K->726K(153600K), 0.0027819 secs] 180881K->44419K(494976K), 0.0028800 secs] [Times: user=0.00 sys=0.00, real=0.00 secs] 
2019-06-11T09:40:19.597+0000: 149.029: [GC (Allocation Failure) 2019-06-11T09:40:19.597+0000: 149.029: [DefNew: 137302K->753K(153600K), 0.0026701 secs] 180995K->44470K(494976K), 0.0027262 secs] [Times: user=0.00 sys=0.00, real=0.00 secs] 
2019-06-11T09:40:24.250+0000: 153.682: [GC (Allocation Failure) 2019-06-11T09:40:24.250+0000: 153.682: [DefNew: 137329K->620K(153600K), 0.0025239 secs] 181046K->44365K(494976K), 0.0025769 secs] [Times: user=0.00 sys=0.00, real=0.00 secs] 
2019-06-11T09:40:28.781+0000: 158.213: [GC (Allocation Failure) 2019-06-11T09:40:28.781+0000: 158.213: [DefNew: 137196K->643K(153600K), 0.0029232 secs] 180941K->44404K(494976K), 0.0030104 secs] [Times: user=0.00 sys=0.00, real=0.00 secs] 
2019-06-11T09:40:33.374+0000: 162.806: [GC (Allocation Failure) 2019-06-11T09:40:33.374+0000: 162.806: [DefNew: 137219K->622K(153600K), 0.0026091 secs] 180980K->44409K(494976K), 0.0026697 secs] [Times: user=0.00 sys=0.00, real=0.01 secs] 
2019-06-11T09:40:37.761+0000: 167.194: [GC (Allocation Failure) 2019-06-11T09:40:37.761+0000: 167.194: [DefNew: 137198K->783K(153600K), 0.0027363 secs] 180985K->44602K(494976K), 0.0027937 secs] [Times: user=0.00 sys=0.00, real=0.00 secs] 
2019-06-11T09:40:41.538+0000: 170.971: [GC (Allocation Failure) 2019-06-11T09:40:41.538+0000: 170.971: [DefNew: 137359K->625K(153600K), 0.0026513 secs] 181178K->44462K(494976K), 0.0027102 secs] [Times: user=0.00 sys=0.00, real=0.00 secs] 
2019-06-11T09:40:44.933+0000: 174.366: [GC (Allocation Failure) 2019-06-11T09:40:44.933+0000: 174.366: [DefNew: 137201K->1172K(153600K), 0.0031221 secs] 181038K->45034K(494976K), 0.0031855 secs] [Times: user=0.00 sys=0.00, real=0.01 secs] 
2019-06-11T09:40:47.976+0000: 177.408: [GC (Allocation Failure) 2019-06-11T09:40:47.976+0000: 177.408: [DefNew: 137748K->617K(153600K), 0.0025960 secs] 181610K->44509K(494976K), 0.0026572 secs] [Times: user=0.00 sys=0.00, real=0.00 secs] 
2019-06-11T09:40:53.587+0000: 183.020: [GC (Allocation Failure) 2019-06-11T09:40:53.587+0000: 183.020: [DefNew: 137193K->622K(153600K), 0.0025422 secs] 181085K->44539K(494976K), 0.0026126 secs] [Times: user=0.00 sys=0.01, real=0.00 secs] 
2019-06-11T09:40:58.429+0000: 187.862: [GC (Allocation Failure) 2019-06-11T09:40:58.429+0000: 187.862: [DefNew: 137198K->622K(153600K), 0.0025897 secs] 181115K->44568K(494976K), 0.0026470 secs] [Times: user=0.00 sys=0.00, real=0.00 secs] 
2019-06-11T09:41:02.308+0000: 191.741: [GC (Allocation Failure) 2019-06-11T09:41:02.308+0000: 191.741: [DefNew: 137198K->683K(153600K), 0.0029501 secs] 181144K->44656K(494976K), 0.0030128 secs] [Times: user=0.00 sys=0.00, real=0.00 secs] 
2019-06-11T09:41:06.475+0000: 195.908: [GC (Allocation Failure) 2019-06-11T09:41:06.475+0000: 195.908: [DefNew: 137259K->615K(153600K), 0.0026746 secs] 181232K->44608K(494976K), 0.0027425 secs] [Times: user=0.00 sys=0.00, real=0.00 secs] 
2019-06-11T09:41:09.913+0000: 199.346: [GC (Allocation Failure) 2019-06-11T09:41:09.913+0000: 199.346: [DefNew: 137191K->661K(153600K), 0.0027467 secs] 181184K->44680K(494976K), 0.0028168 secs] [Times: user=0.00 sys=0.00, real=0.01 secs] 
2019-06-11T09:41:15.090+0000: 204.522: [GC (Allocation Failure) 2019-06-11T09:41:15.090+0000: 204.522: [DefNew: 137237K->606K(153600K), 0.0024723 secs] 181256K->44652K(494976K), 0.0025384 secs] [Times: user=0.00 sys=0.00, real=0.00 secs] 
2019-06-11T09:41:19.149+0000: 208.581: [GC (Allocation Failure) 2019-06-11T09:41:19.149+0000: 208.581: [DefNew: 137182K->805K(153600K), 0.0025933 secs] 181228K->44870K(494976K), 0.0026545 secs] [Times: user=0.01 sys=0.00, real=0.00 secs] 
2019-06-11T09:41:24.842+0000: 214.275: [GC (Allocation Failure) 2019-06-11T09:41:24.842+0000: 214.275: [DefNew: 137381K->606K(153600K), 0.0026427 secs] 181446K->44695K(494976K), 0.0026940 secs] [Times: user=0.00 sys=0.00, real=0.00 secs] 
2019-06-11T09:41:28.950+0000: 218.383: [GC (Allocation Failure) 2019-06-11T09:41:28.951+0000: 218.383: [DefNew: 137182K->600K(153600K), 0.0025896 secs] 181271K->44707K(494976K), 0.0026485 secs] [Times: user=0.00 sys=0.00, real=0.00 secs] 
2019-06-11T09:41:32.252+0000: 221.685: [GC (Allocation Failure) 2019-06-11T09:41:32.252+0000: 221.685: [DefNew: 137176K->606K(153600K), 0.0025614 secs] 181283K->44736K(494976K), 0.0026211 secs] [Times: user=0.00 sys=0.00, real=0.01 secs] 
2019-06-11T09:41:36.332+0000: 225.764: [GC (Allocation Failure) 2019-06-11T09:41:36.332+0000: 225.764: [DefNew: 137182K->724K(153600K), 0.0026108 secs] 181312K->44873K(494976K), 0.0026775 secs] [Times: user=0.00 sys=0.00, real=0.01 secs] 
2019-06-11T09:41:41.071+0000: 230.504: [GC (Allocation Failure) 2019-06-11T09:41:41.071+0000: 230.504: [DefNew: 137300K->602K(153600K), 0.0025958 secs] 181449K->44777K(494976K), 0.0026585 secs] [Times: user=0.00 sys=0.00, real=0.00 secs] 
2019-06-11T09:41:45.595+0000: 235.028: [GC (Allocation Failure) 2019-06-11T09:41:45.595+0000: 235.028: [DefNew: 137178K->665K(153600K), 0.0026773 secs] 181353K->44867K(494976K), 0.0027374 secs] [Times: user=0.00 sys=0.00, real=0.00 secs] 
2019-06-11T09:41:50.679+0000: 240.112: [GC (Allocation Failure) 2019-06-11T09:41:50.679+0000: 240.112: [DefNew: 137241K->851K(153600K), 0.0026618 secs] 181443K->45068K(494976K), 0.0027187 secs] [Times: user=0.00 sys=0.00, real=0.00 secs] 
2019-06-11T09:41:55.096+0000: 244.528: [GC (Allocation Failure) 2019-06-11T09:41:55.096+0000: 244.528: [DefNew: 137427K->614K(153600K), 0.0027235 secs] 181644K->44858K(494976K), 0.0027857 secs] [Times: user=0.00 sys=0.00, real=0.00 secs] 
2019-06-11T09:41:59.282+0000: 248.715: [GC (Allocation Failure) 2019-06-11T09:41:59.282+0000: 248.715: [DefNew: 137190K->621K(153600K), 0.0025367 secs] 181434K->44886K(494976K), 0.0025965 secs] [Times: user=0.00 sys=0.00, real=0.00 secs] 
2019-06-11T09:42:03.994+0000: 253.426: [GC (Allocation Failure) 2019-06-11T09:42:03.994+0000: 253.426: [DefNew: 137197K->602K(153600K), 0.0026107 secs] 181462K->44894K(494976K), 0.0026811 secs] [Times: user=0.00 sys=0.00, real=0.01 secs] 
2019-06-11T09:42:07.047+0000: 256.480: [GC (Allocation Failure) 2019-06-11T09:42:07.047+0000: 256.480: [DefNew: 137178K->624K(153600K), 0.0026042 secs] 181470K->44935K(494976K), 0.0026629 secs] [Times: user=0.00 sys=0.00, real=0.00 secs] 
2019-06-11T09:42:12.143+0000: 261.576: [GC (Allocation Failure) 2019-06-11T09:42:12.143+0000: 261.576: [DefNew: 137200K->1798K(153600K), 0.0033019 secs] 181511K->46132K(494976K), 0.0033657 secs] [Times: user=0.00 sys=0.00, real=0.01 secs] 
2019-06-11T09:42:15.753+0000: 265.186: [GC (Allocation Failure) 2019-06-11T09:42:15.753+0000: 265.186: [DefNew: 138374K->586K(153600K), 0.0025661 secs] 182708K->44947K(494976K), 0.0026310 secs] [Times: user=0.01 sys=0.00, real=0.01 secs] 
2019-06-11T09:42:21.615+0000: 271.047: [GC (Allocation Failure) 2019-06-11T09:42:21.615+0000: 271.047: [DefNew: 137162K->585K(153600K), 0.0027142 secs] 181523K->44963K(494976K), 0.0027753 secs] [Times: user=0.01 sys=0.00, real=0.00 secs] 
2019-06-11T09:42:24.991+0000: 274.424: [GC (Allocation Failure) 2019-06-11T09:42:24.991+0000: 274.424: [DefNew: 137161K->478K(153600K), 0.0023229 secs] 181539K->44876K(494976K), 0.0023746 secs] [Times: user=0.00 sys=0.00, real=0.00 secs] 
09:42:38.082 [Curator-PathChildrenCache-0] ERROR o.a.c.f.r.c.PathChildrenCache  - 
java.lang.IllegalStateException: instance must be started before calling this method
	at org.apache.curator.shaded.com.google.common.base.Preconditions.checkState(Preconditions.java:444)
	at org.apache.curator.framework.imps.CuratorFrameworkImpl.getChildren(CuratorFrameworkImpl.java:456)
	at org.apache.curator.framework.recipes.cache.PathChildrenCache.refresh(PathChildrenCache.java:521)
	at org.apache.curator.framework.recipes.cache.RefreshOperation.invoke(RefreshOperation.java:35)
	at org.apache.curator.framework.recipes.cache.PathChildrenCache$9.run(PathChildrenCache.java:786)
	at java.util.concurrent.Executors$RunnableAdapter.call(Executors.java:511)
	at java.util.concurrent.FutureTask.run(FutureTask.java:266)
	at java.util.concurrent.Executors$RunnableAdapter.call(Executors.java:511)
	at java.util.concurrent.FutureTask.run(FutureTask.java:266)
	at java.util.concurrent.ThreadPoolExecutor.runWorker(ThreadPoolExecutor.java:1149)
	at java.util.concurrent.ThreadPoolExecutor$Worker.run(ThreadPoolExecutor.java:624)
	at java.lang.Thread.run(Thread.java:748)
Heap
 def new generation   total 153600K, used 122961K [0x00000000e0c00000, 0x00000000eb2a0000, 0x00000000eb2a0000)
  eden space 136576K,  89% used [0x00000000e0c00000, 0x00000000e839cbf0, 0x00000000e9160000)
  from space 17024K,   2% used [0x00000000e9160000, 0x00000000e91d7998, 0x00000000ea200000)
  to   space 17024K,   0% used [0x00000000ea200000, 0x00000000ea200000, 0x00000000eb2a0000)
 tenured generation   total 341376K, used 44397K [0x00000000eb2a0000, 0x0000000100000000, 0x0000000100000000)
   the space 341376K,  13% used [0x00000000eb2a0000, 0x00000000eddfb6c8, 0x00000000eddfb800, 0x0000000100000000)
 Metaspace       used 36179K, capacity 37074K, committed 37376K, reserved 1081344K
  class space    used 4860K, capacity 5067K, committed 5120K, reserved 1048576K
