16:07:23,246 |-INFO in ch.qos.logback.classic.LoggerContext[default] - Could NOT find resource [logback-test.xml]
16:07:23,246 |-INFO in ch.qos.logback.classic.LoggerContext[default] - Could NOT find resource [logback.groovy]
16:07:23,246 |-INFO in ch.qos.logback.classic.LoggerContext[default] - Found resource [logback.xml] at [jar:file:/root/flamestream/lib/flamestream-runtime-1.0-SNAPSHOT.jar!/logback.xml]
16:07:23,247 |-WARN in ch.qos.logback.classic.LoggerContext[default] - Resource [logback.xml] occurs multiple times on the classpath.
16:07:23,247 |-WARN in ch.qos.logback.classic.LoggerContext[default] - Resource [logback.xml] occurs at [jar:file:/root/flamestream/lib/flamestream-runtime-1.0-SNAPSHOT.jar!/logback.xml]
16:07:23,247 |-WARN in ch.qos.logback.classic.LoggerContext[default] - Resource [logback.xml] occurs at [jar:file:/root/flamestream/flamestream-runtime-1.0-SNAPSHOT.jar!/logback.xml]
16:07:23,266 |-INFO in ch.qos.logback.core.joran.spi.ConfigurationWatchList@3fb6a447 - URL [jar:file:/root/flamestream/lib/flamestream-runtime-1.0-SNAPSHOT.jar!/logback.xml] is not of type file
16:07:23,331 |-INFO in ch.qos.logback.classic.joran.action.ConfigurationAction - debug attribute not set
16:07:23,332 |-INFO in ch.qos.logback.core.joran.action.AppenderAction - About to instantiate appender of type [ch.qos.logback.core.ConsoleAppender]
16:07:23,349 |-INFO in ch.qos.logback.core.joran.action.AppenderAction - Naming appender as [STDOUT]
16:07:23,366 |-INFO in ch.qos.logback.core.joran.action.NestedComplexPropertyIA - Assuming default type [ch.qos.logback.classic.encoder.PatternLayoutEncoder] for [encoder] property
16:07:23,448 |-INFO in ch.qos.logback.core.joran.action.AppenderAction - About to instantiate appender of type [ch.qos.logback.core.rolling.RollingFileAppender]
16:07:23,458 |-INFO in ch.qos.logback.core.joran.action.AppenderAction - Naming appender as [FILE]
16:07:23,487 |-INFO in c.q.l.core.rolling.TimeBasedRollingPolicy@127618319 - No compression will be used
16:07:23,488 |-INFO in c.q.l.core.rolling.TimeBasedRollingPolicy@127618319 - Will use the pattern /tmp/application_%d{yyyy-MM-dd}.%i.log for the active file
16:07:23,491 |-INFO in ch.qos.logback.core.rolling.SizeAndTimeBasedFNATP@6b2fad11 - The date pattern is 'yyyy-MM-dd' from file name pattern '/tmp/application_%d{yyyy-MM-dd}.%i.log'.
16:07:23,491 |-INFO in ch.qos.logback.core.rolling.SizeAndTimeBasedFNATP@6b2fad11 - Roll-over at midnight.
16:07:23,496 |-INFO in ch.qos.logback.core.rolling.SizeAndTimeBasedFNATP@6b2fad11 - Setting initial period to Mon Jun 10 16:06:07 UTC 2019
16:07:23,496 |-WARN in ch.qos.logback.core.rolling.SizeAndTimeBasedFNATP@6b2fad11 - SizeAndTimeBasedFNATP is deprecated. Use SizeAndTimeBasedRollingPolicy instead
16:07:23,496 |-WARN in ch.qos.logback.core.rolling.SizeAndTimeBasedFNATP@6b2fad11 - For more information see http://logback.qos.ch/manual/appenders.html#SizeAndTimeBasedRollingPolicy
16:07:23,500 |-INFO in ch.qos.logback.core.joran.action.NestedComplexPropertyIA - Assuming default type [ch.qos.logback.classic.encoder.PatternLayoutEncoder] for [encoder] property
16:07:23,505 |-INFO in ch.qos.logback.core.rolling.RollingFileAppender[FILE] - Active log file name: /tmp/application.log
16:07:23,505 |-INFO in ch.qos.logback.core.rolling.RollingFileAppender[FILE] - File property is set to [/tmp/application.log]
16:07:23,506 |-INFO in ch.qos.logback.classic.joran.action.RootLoggerAction - Setting level of ROOT logger to WARN
16:07:23,506 |-INFO in ch.qos.logback.core.joran.action.AppenderRefAction - Attaching appender named [STDOUT] to Logger[ROOT]
16:07:23,508 |-INFO in ch.qos.logback.core.joran.action.AppenderRefAction - Attaching appender named [FILE] to Logger[ROOT]
16:07:23,508 |-INFO in ch.qos.logback.classic.joran.action.ConfigurationAction - End of configuration.
16:07:23,509 |-INFO in ch.qos.logback.classic.joran.JoranConfigurator@79698539 - Registering current configuration as safe fallback point

Ama winner
Ama winner
2019-06-10T16:07:24.813+0000: 1.752: [Full GC (Metadata GC Threshold) 2019-06-10T16:07:24.813+0000: 1.752: [Tenured: 0K->15208K(341376K), 0.0398818 secs] 114987K->15208K(494976K), [Metaspace: 20736K->20736K(1067008K)], 0.0399471 secs] [Times: user=0.04 sys=0.01, real=0.04 secs] 
16:07:43.882 [Curator-PathChildrenCache-2] WARN  o.a.c.u.ZKPaths  - The version of ZooKeeper being used doesn't support Container nodes. CreateMode.PERSISTENT will be used instead.
2019-06-10T16:07:46.356+0000: 23.296: [GC (Allocation Failure) 2019-06-10T16:07:46.356+0000: 23.296: [DefNew: 120235K->17023K(153600K), 0.0205812 secs] 135444K->33306K(494976K), 0.0206420 secs] [Times: user=0.02 sys=0.00, real=0.02 secs] 
2019-06-10T16:07:46.816+0000: 23.755: [Full GC (Metadata GC Threshold) 2019-06-10T16:07:46.816+0000: 23.755: [Tenured: 16282K->44740K(341376K), 0.0462318 secs] 69232K->44740K(494976K), [Metaspace: 34587K->34587K(1079296K)], 0.0463035 secs] [Times: user=0.05 sys=0.00, real=0.05 secs] 
2019-06-10T16:07:49.260+0000: 26.199: [GC (Allocation Failure) 2019-06-10T16:07:49.260+0000: 26.199: [DefNew: 136576K->232K(153600K), 0.0023155 secs] 181316K->44973K(494976K), 0.0023745 secs] [Times: user=0.01 sys=0.00, real=0.00 secs] 
2019-06-10T16:07:51.443+0000: 28.382: [GC (Allocation Failure) 2019-06-10T16:07:51.443+0000: 28.382: [DefNew: 136808K->257K(153600K), 0.0020956 secs] 181549K->44998K(494976K), 0.0021492 secs] [Times: user=0.00 sys=0.00, real=0.00 secs] 
2019-06-10T16:07:53.635+0000: 30.575: [GC (Allocation Failure) 2019-06-10T16:07:53.635+0000: 30.575: [DefNew: 136833K->278K(153600K), 0.0021269 secs] 181574K->45019K(494976K), 0.0021831 secs] [Times: user=0.01 sys=0.00, real=0.01 secs] 
2019-06-10T16:07:55.873+0000: 32.812: [GC (Allocation Failure) 2019-06-10T16:07:55.873+0000: 32.812: [DefNew: 136854K->290K(153600K), 0.0021834 secs] 181595K->45030K(494976K), 0.0022466 secs] [Times: user=0.00 sys=0.00, real=0.00 secs] 
2019-06-10T16:07:58.103+0000: 35.043: [GC (Allocation Failure) 2019-06-10T16:07:58.103+0000: 35.043: [DefNew: 136866K->289K(153600K), 0.0022138 secs] 181606K->45030K(494976K), 0.0022710 secs] [Times: user=0.00 sys=0.00, real=0.01 secs] 
16:08:09.287 [Curator-PathChildrenCache-0] ERROR o.a.c.f.r.c.PathChildrenCache  - 
java.lang.IllegalStateException: instance must be started before calling this method
	at org.apache.curator.shaded.com.google.common.base.Preconditions.checkState(Preconditions.java:444)
	at org.apache.curator.framework.imps.CuratorFrameworkImpl.getChildren(CuratorFrameworkImpl.java:456)
	at org.apache.curator.framework.recipes.cache.PathChildrenCache.refresh(PathChildrenCache.java:521)
	at org.apache.curator.framework.recipes.cache.RefreshOperation.invoke(RefreshOperation.java:35)
	at org.apache.curator.framework.recipes.cache.PathChildrenCache$9.run(PathChildrenCache.java:786)
	at java.util.concurrent.Executors$RunnableAdapter.call(Executors.java:511)
	at java.util.concurrent.FutureTask.run(FutureTask.java:266)
	at java.util.concurrent.Executors$RunnableAdapter.call(Executors.java:511)
	at java.util.concurrent.FutureTask.run(FutureTask.java:266)
	at java.util.concurrent.ThreadPoolExecutor.runWorker(ThreadPoolExecutor.java:1149)
	at java.util.concurrent.ThreadPoolExecutor$Worker.run(ThreadPoolExecutor.java:624)
	at java.lang.Thread.run(Thread.java:748)
Heap
 def new generation   total 153600K, used 103802K [0x00000000e0c00000, 0x00000000eb2a0000, 0x00000000eb2a0000)
  eden space 136576K,  75% used [0x00000000e0c00000, 0x00000000e7116348, 0x00000000e9160000)
  from space 17024K,   1% used [0x00000000e9160000, 0x00000000e91a87c0, 0x00000000ea200000)
  to   space 17024K,   0% used [0x00000000ea200000, 0x00000000ea200000, 0x00000000eb2a0000)
 tenured generation   total 341376K, used 44740K [0x00000000eb2a0000, 0x0000000100000000, 0x0000000100000000)
   the space 341376K,  13% used [0x00000000eb2a0000, 0x00000000ede51198, 0x00000000ede51200, 0x0000000100000000)
 Metaspace       used 35940K, capacity 36884K, committed 37120K, reserved 1081344K
  class space    used 4859K, capacity 5062K, committed 5120K, reserved 1048576K
