10:41:44,443 |-INFO in ch.qos.logback.classic.LoggerContext[default] - Could NOT find resource [logback-test.xml]
10:41:44,443 |-INFO in ch.qos.logback.classic.LoggerContext[default] - Could NOT find resource [logback.groovy]
10:41:44,443 |-INFO in ch.qos.logback.classic.LoggerContext[default] - Found resource [logback.xml] at [jar:file:/home/nikitasokolov/flamestream/lib/flamestream-runtime-1.0-SNAPSHOT.jar!/logback.xml]
10:41:44,444 |-WARN in ch.qos.logback.classic.LoggerContext[default] - Resource [logback.xml] occurs multiple times on the classpath.
10:41:44,444 |-WARN in ch.qos.logback.classic.LoggerContext[default] - Resource [logback.xml] occurs at [jar:file:/home/nikitasokolov/flamestream/lib/flamestream-runtime-1.0-SNAPSHOT.jar!/logback.xml]
10:41:44,444 |-WARN in ch.qos.logback.classic.LoggerContext[default] - Resource [logback.xml] occurs at [jar:file:/home/nikitasokolov/flamestream/flamestream-runtime-1.0-SNAPSHOT.jar!/logback.xml]
10:41:44,460 |-INFO in ch.qos.logback.core.joran.spi.ConfigurationWatchList@6108b2d7 - URL [jar:file:/home/nikitasokolov/flamestream/lib/flamestream-runtime-1.0-SNAPSHOT.jar!/logback.xml] is not of type file
10:41:44,513 |-INFO in ch.qos.logback.classic.joran.action.ConfigurationAction - debug attribute not set
10:41:44,514 |-INFO in ch.qos.logback.core.joran.action.AppenderAction - About to instantiate appender of type [ch.qos.logback.core.ConsoleAppender]
10:41:44,524 |-INFO in ch.qos.logback.core.joran.action.AppenderAction - Naming appender as [STDOUT]
10:41:44,533 |-INFO in ch.qos.logback.core.joran.action.NestedComplexPropertyIA - Assuming default type [ch.qos.logback.classic.encoder.PatternLayoutEncoder] for [encoder] property
10:41:44,589 |-INFO in ch.qos.logback.core.joran.action.AppenderAction - About to instantiate appender of type [ch.qos.logback.core.rolling.RollingFileAppender]
10:41:44,594 |-INFO in ch.qos.logback.core.joran.action.AppenderAction - Naming appender as [FILE]
10:41:44,616 |-INFO in c.q.l.core.rolling.TimeBasedRollingPolicy@357863579 - No compression will be used
10:41:44,617 |-INFO in c.q.l.core.rolling.TimeBasedRollingPolicy@357863579 - Will use the pattern /tmp/application_%d{yyyy-MM-dd}.%i.log for the active file
10:41:44,620 |-INFO in ch.qos.logback.core.rolling.SizeAndTimeBasedFNATP@6bf256fa - The date pattern is 'yyyy-MM-dd' from file name pattern '/tmp/application_%d{yyyy-MM-dd}.%i.log'.
10:41:44,620 |-INFO in ch.qos.logback.core.rolling.SizeAndTimeBasedFNATP@6bf256fa - Roll-over at midnight.
10:41:44,624 |-INFO in ch.qos.logback.core.rolling.SizeAndTimeBasedFNATP@6bf256fa - Setting initial period to Sun Jun 09 10:41:04 MSK 2019
10:41:44,624 |-WARN in ch.qos.logback.core.rolling.SizeAndTimeBasedFNATP@6bf256fa - SizeAndTimeBasedFNATP is deprecated. Use SizeAndTimeBasedRollingPolicy instead
10:41:44,624 |-WARN in ch.qos.logback.core.rolling.SizeAndTimeBasedFNATP@6bf256fa - For more information see http://logback.qos.ch/manual/appenders.html#SizeAndTimeBasedRollingPolicy
10:41:44,630 |-INFO in ch.qos.logback.core.joran.action.NestedComplexPropertyIA - Assuming default type [ch.qos.logback.classic.encoder.PatternLayoutEncoder] for [encoder] property
10:41:44,633 |-INFO in ch.qos.logback.core.rolling.RollingFileAppender[FILE] - Active log file name: /tmp/application.log
10:41:44,633 |-INFO in ch.qos.logback.core.rolling.RollingFileAppender[FILE] - File property is set to [/tmp/application.log]
10:41:44,634 |-INFO in ch.qos.logback.classic.joran.action.RootLoggerAction - Setting level of ROOT logger to WARN
10:41:44,634 |-INFO in ch.qos.logback.core.joran.action.AppenderRefAction - Attaching appender named [STDOUT] to Logger[ROOT]
10:41:44,635 |-INFO in ch.qos.logback.core.joran.action.AppenderRefAction - Attaching appender named [FILE] to Logger[ROOT]
10:41:44,635 |-INFO in ch.qos.logback.classic.joran.action.ConfigurationAction - End of configuration.
10:41:44,635 |-INFO in ch.qos.logback.classic.joran.JoranConfigurator@6cd8737 - Registering current configuration as safe fallback point

2019-06-09T10:41:45.633+0300: 1.398: [GC (Metadata GC Threshold) [PSYoungGen: 108152K->15904K(149504K)] 108152K->15984K(491008K), 0.0265873 secs] [Times: user=0.12 sys=0.04, real=0.03 secs] 
2019-06-09T10:41:45.660+0300: 1.425: [Full GC (Metadata GC Threshold) [PSYoungGen: 15904K->0K(149504K)] [ParOldGen: 80K->14981K(341504K)] 15984K->14981K(491008K), [Metaspace: 20801K->20801K(1067008K)], 0.0277240 secs] [Times: user=0.17 sys=0.01, real=0.02 secs] 
10:41:58.002 [Curator-PathChildrenCache-1] WARN  o.a.c.u.ZKPaths  - The version of ZooKeeper being used doesn't support Container nodes. CreateMode.PERSISTENT will be used instead.
2019-06-09T10:41:58.850+0300: 14.616: [GC (Metadata GC Threshold) [PSYoungGen: 126682K->15729K(149504K)] 141664K->50250K(491008K), 0.0265643 secs] [Times: user=0.23 sys=0.02, real=0.02 secs] 
2019-06-09T10:41:58.877+0300: 14.642: [Full GC (Metadata GC Threshold) [PSYoungGen: 15729K->0K(149504K)] [ParOldGen: 34521K->38569K(341504K)] 50250K->38569K(491008K), [Metaspace: 34555K->34555K(1079296K)], 0.0482433 secs] [Times: user=0.32 sys=0.02, real=0.05 secs] 
2019-06-09T10:42:01.115+0300: 16.881: [GC (Allocation Failure) [PSYoungGen: 128512K->512K(149504K)] 167081K->39089K(491008K), 0.0039918 secs] [Times: user=0.02 sys=0.00, real=0.01 secs] 
2019-06-09T10:42:03.323+0300: 19.088: [GC (Allocation Failure) [PSYoungGen: 129024K->416K(149504K)] 167601K->39001K(491008K), 0.0029278 secs] [Times: user=0.01 sys=0.00, real=0.00 secs] 
2019-06-09T10:42:05.866+0300: 21.632: [GC (Allocation Failure) [PSYoungGen: 128928K->480K(129024K)] 167513K->39065K(470528K), 0.0048571 secs] [Times: user=0.03 sys=0.00, real=0.01 secs] 
2019-06-09T10:42:08.245+0300: 24.010: [GC (Allocation Failure) [PSYoungGen: 128992K->448K(150016K)] 167577K->39033K(491520K), 0.0036675 secs] [Times: user=0.02 sys=0.00, real=0.00 secs] 
2019-06-09T10:42:10.724+0300: 26.490: [GC (Allocation Failure) [PSYoungGen: 128960K->576K(148992K)] 167545K->39161K(490496K), 0.0022624 secs] [Times: user=0.01 sys=0.00, real=0.00 secs] 
2019-06-09T10:42:13.078+0300: 28.844: [GC (Allocation Failure) [PSYoungGen: 129088K->512K(151552K)] 167673K->39105K(493056K), 0.0032711 secs] [Times: user=0.01 sys=0.00, real=0.00 secs] 
2019-06-09T10:42:15.813+0300: 31.578: [GC (Allocation Failure) [PSYoungGen: 132608K->576K(151040K)] 171201K->39177K(492544K), 0.0117830 secs] [Times: user=0.08 sys=0.03, real=0.01 secs] 
2019-06-09T10:42:18.296+0300: 34.062: [GC (Allocation Failure) [PSYoungGen: 132672K->544K(153600K)] 171273K->39153K(495104K), 0.0023823 secs] [Times: user=0.01 sys=0.00, real=0.01 secs] 
2019-06-09T10:42:20.720+0300: 36.485: [GC (Allocation Failure) [PSYoungGen: 136224K->704K(152576K)] 174833K->39321K(494080K), 0.0030844 secs] [Times: user=0.01 sys=0.00, real=0.00 secs] 
2019-06-09T10:42:23.207+0300: 38.972: [GC (Allocation Failure) [PSYoungGen: 136384K->672K(155136K)] 175001K->39297K(496640K), 0.0028959 secs] [Times: user=0.02 sys=0.00, real=0.01 secs] 
10:42:34.817 [Curator-PathChildrenCache-0] ERROR o.a.c.f.r.c.PathChildrenCache  - 
java.lang.IllegalStateException: instance must be started before calling this method
	at org.apache.curator.shaded.com.google.common.base.Preconditions.checkState(Preconditions.java:444)
	at org.apache.curator.framework.imps.CuratorFrameworkImpl.getChildren(CuratorFrameworkImpl.java:456)
	at org.apache.curator.framework.recipes.cache.PathChildrenCache.refresh(PathChildrenCache.java:521)
	at org.apache.curator.framework.recipes.cache.RefreshOperation.invoke(RefreshOperation.java:35)
	at org.apache.curator.framework.recipes.cache.PathChildrenCache$9.run(PathChildrenCache.java:786)
	at java.util.concurrent.Executors$RunnableAdapter.call(Executors.java:511)
	at java.util.concurrent.FutureTask.run(FutureTask.java:266)
	at java.util.concurrent.Executors$RunnableAdapter.call(Executors.java:511)
	at java.util.concurrent.FutureTask.run(FutureTask.java:266)
	at java.util.concurrent.ThreadPoolExecutor.runWorker(ThreadPoolExecutor.java:1149)
	at java.util.concurrent.ThreadPoolExecutor$Worker.run(ThreadPoolExecutor.java:624)
	at java.lang.Thread.run(Thread.java:748)
Heap
 PSYoungGen      total 155136K, used 116173K [0x00000000f5980000, 0x0000000100000000, 0x0000000100000000)
  eden space 138752K, 83% used [0x00000000f5980000,0x00000000fca4b4d0,0x00000000fe100000)
  from space 16384K, 4% used [0x00000000ff000000,0x00000000ff0a8050,0x0000000100000000)
  to   space 15360K, 0% used [0x00000000fe100000,0x00000000fe100000,0x00000000ff000000)
 ParOldGen       total 341504K, used 38625K [0x00000000e0c00000, 0x00000000f5980000, 0x00000000f5980000)
  object space 341504K, 11% used [0x00000000e0c00000,0x00000000e31b86a8,0x00000000f5980000)
 Metaspace       used 35734K, capacity 36614K, committed 36952K, reserved 1081344K
  class space    used 4936K, capacity 5129K, committed 5248K, reserved 1048576K
