07:21:42,547 |-INFO in ch.qos.logback.classic.LoggerContext[default] - Could NOT find resource [logback-test.xml]
07:21:42,548 |-INFO in ch.qos.logback.classic.LoggerContext[default] - Could NOT find resource [logback.groovy]
07:21:42,548 |-INFO in ch.qos.logback.classic.LoggerContext[default] - Found resource [logback.xml] at [jar:file:/home/ubuntu/flamestream/lib/flamestream-runtime-1.0-SNAPSHOT.jar!/logback.xml]
07:21:42,548 |-WARN in ch.qos.logback.classic.LoggerContext[default] - Resource [logback.xml] occurs multiple times on the classpath.
07:21:42,549 |-WARN in ch.qos.logback.classic.LoggerContext[default] - Resource [logback.xml] occurs at [jar:file:/home/ubuntu/flamestream/flamestream-runtime-1.0-SNAPSHOT.jar!/logback.xml]
07:21:42,549 |-WARN in ch.qos.logback.classic.LoggerContext[default] - Resource [logback.xml] occurs at [jar:file:/home/ubuntu/flamestream/lib/flamestream-runtime-1.0-SNAPSHOT.jar!/logback.xml]
07:21:42,564 |-INFO in ch.qos.logback.core.joran.spi.ConfigurationWatchList@4678c730 - URL [jar:file:/home/ubuntu/flamestream/lib/flamestream-runtime-1.0-SNAPSHOT.jar!/logback.xml] is not of type file
07:21:42,622 |-INFO in ch.qos.logback.classic.joran.action.ConfigurationAction - debug attribute not set
07:21:42,622 |-INFO in ch.qos.logback.core.joran.action.AppenderAction - About to instantiate appender of type [ch.qos.logback.core.ConsoleAppender]
07:21:42,648 |-INFO in ch.qos.logback.core.joran.action.AppenderAction - Naming appender as [STDOUT]
07:21:42,662 |-INFO in ch.qos.logback.core.joran.action.NestedComplexPropertyIA - Assuming default type [ch.qos.logback.classic.encoder.PatternLayoutEncoder] for [encoder] property
07:21:42,751 |-INFO in ch.qos.logback.core.joran.action.AppenderAction - About to instantiate appender of type [ch.qos.logback.core.rolling.RollingFileAppender]
07:21:42,759 |-INFO in ch.qos.logback.core.joran.action.AppenderAction - Naming appender as [FILE]
07:21:42,798 |-INFO in c.q.l.core.rolling.TimeBasedRollingPolicy@1734853116 - No compression will be used
07:21:42,799 |-INFO in c.q.l.core.rolling.TimeBasedRollingPolicy@1734853116 - Will use the pattern /tmp/application_%d{yyyy-MM-dd}.%i.log for the active file
07:21:42,811 |-INFO in ch.qos.logback.core.rolling.SizeAndTimeBasedFNATP@29ee9faa - The date pattern is 'yyyy-MM-dd' from file name pattern '/tmp/application_%d{yyyy-MM-dd}.%i.log'.
07:21:42,811 |-INFO in ch.qos.logback.core.rolling.SizeAndTimeBasedFNATP@29ee9faa - Roll-over at midnight.
07:21:42,821 |-INFO in ch.qos.logback.core.rolling.SizeAndTimeBasedFNATP@29ee9faa - Setting initial period to Sun Oct 06 07:17:39 UTC 2019
07:21:42,822 |-WARN in ch.qos.logback.core.rolling.SizeAndTimeBasedFNATP@29ee9faa - SizeAndTimeBasedFNATP is deprecated. Use SizeAndTimeBasedRollingPolicy instead
07:21:42,822 |-WARN in ch.qos.logback.core.rolling.SizeAndTimeBasedFNATP@29ee9faa - For more information see http://logback.qos.ch/manual/appenders.html#SizeAndTimeBasedRollingPolicy
07:21:42,828 |-INFO in ch.qos.logback.core.joran.action.NestedComplexPropertyIA - Assuming default type [ch.qos.logback.classic.encoder.PatternLayoutEncoder] for [encoder] property
07:21:42,830 |-INFO in ch.qos.logback.core.rolling.RollingFileAppender[FILE] - Active log file name: /tmp/application.log
07:21:42,830 |-INFO in ch.qos.logback.core.rolling.RollingFileAppender[FILE] - File property is set to [/tmp/application.log]
07:21:42,830 |-INFO in ch.qos.logback.classic.joran.action.RootLoggerAction - Setting level of ROOT logger to INFO
07:21:42,831 |-INFO in ch.qos.logback.core.joran.action.AppenderRefAction - Attaching appender named [STDOUT] to Logger[ROOT]
07:21:42,831 |-INFO in ch.qos.logback.core.joran.action.AppenderRefAction - Attaching appender named [FILE] to Logger[ROOT]
07:21:42,831 |-INFO in ch.qos.logback.classic.joran.action.ConfigurationAction - End of configuration.
07:21:42,836 |-INFO in ch.qos.logback.classic.joran.JoranConfigurator@c038203 - Registering current configuration as safe fallback point

07:21:42.843 [main] INFO  c.s.f.r.WorkerApplication  - Starting worker with workerConfig 'WorkerConfig{id='flamestream-benchmarks-worker-1', localAddress=flamestream-benchmarks-worker-1/10.0.0.31:5412, zkString='flamestream-benchmarks-manager:12181', snapshotPath='/home/ubuntu/flamestream/data', guarantees=AT_MOST_ONCE}'
07:21:44.237 [worker-akka.actor.default-dispatcher-6] INFO  a.e.s.Slf4jLogger  - Slf4jLogger started
2019-10-06T07:21:44.381+0000: 2.164: [Full GC (Metadata GC Threshold) 2019-10-06T07:21:44.381+0000: 2.164: [Tenured: 0K->13624K(1024000K), 0.0543544 secs] 139464K->13624K(1484800K), [Metaspace: 20224K->20224K(1067008K)], 0.0544951 secs] [Times: user=0.04 sys=0.01, real=0.06 secs] 
07:21:44.535 [worker-akka.actor.default-dispatcher-6] WARN  a.r.RemoteActorRefProvider akka.remote.RemoteActorRefProvider - Using the 'remote' ActorRefProvider directly, which is a low-level layer. For most use cases, the 'cluster' abstraction on top of remoting is more suitable instead.
07:21:44.541 [worker-akka.actor.default-dispatcher-6] WARN  a.r.RemoteActorRefProvider akka.remote.RemoteActorRefProvider - Akka Cluster not in use - Using Akka Cluster is recommended if you need remote watch and deploy.
07:21:44.661 [worker-akka.actor.default-dispatcher-6] INFO  a.r.a.a.ArteryAeronUdpTransport(akka://worker) akka.remote.artery.aeron.ArteryAeronUdpTransport(akka://worker) - Started embedded media driver in directory [/dev/shm/aeron-flamestream-benchmarks-worker-1]
07:21:44.700 [worker-akka.actor.default-dispatcher-6] WARN  a.r.a.a.ArteryAeronUdpTransport(akka://worker) akka.remote.artery.aeron.ArteryAeronUdpTransport(akka://worker) - Aeron CnC version mismatch: compiled version = 15, file version = 16
07:21:44.960 [worker-akka.actor.default-dispatcher-6] INFO  a.r.a.a.ArteryAeronUdpTransport(akka://worker) akka.remote.artery.aeron.ArteryAeronUdpTransport(akka://worker) - Remoting started with transport [Artery aeron-udp]; listening on address [akka://worker@flamestream-benchmarks-worker-1:5412] and bound to [akka://worker@0.0.0.0:5412] with UID [-6550932144763710813]
07:21:45.507 [worker-akka.actor.default-dispatcher-6] WARN  a.s.Serialization(akka://worker) akka.serialization.Serialization(akka://worker) - Using serializer [com.romix.akka.serialization.kryo.KryoSerializer] for message [akka.actor.ActorSelectionMessage]. Note that this serializer is not implemented by Akka. It's not recommended to replace serializers for messages provided by Akka.
07:21:45.508 [worker-akka.actor.default-dispatcher-6] WARN  a.s.Serialization(akka://worker) akka.serialization.Serialization(akka://worker) - Using serializer [com.romix.akka.serialization.kryo.KryoSerializer] for message [akka.actor.ActorIdentity]. Note that this serializer is not implemented by Akka. It's not recommended to replace serializers for messages provided by Akka.
07:21:45.559 [worker-akka.actor.default-dispatcher-9] INFO  a.a.RepointableActorRef akka://worker/user/watcher - Starting...
07:21:45.694 [worker-akka.actor.default-dispatcher-6] INFO  o.a.c.u.Compatibility  - Running in ZooKeeper 3.4.x compatibility mode
07:21:45.752 [worker-akka.actor.default-dispatcher-6] INFO  o.a.c.f.i.CuratorFrameworkImpl  - Starting
07:21:45.777 [worker-akka.actor.default-dispatcher-6] INFO  o.a.z.ZooKeeper  - Client environment:zookeeper.version=3.4.14-4c25d480e66aadd371de8bd2fd8da255ac140bcf, built on 03/06/2019 16:18 GMT
07:21:45.778 [worker-akka.actor.default-dispatcher-6] INFO  o.a.z.ZooKeeper  - Client environment:host.name=flamestream-benchmarks-worker-1
07:21:45.779 [worker-akka.actor.default-dispatcher-6] INFO  o.a.z.ZooKeeper  - Client environment:java.version=1.8.0_222
07:21:45.779 [worker-akka.actor.default-dispatcher-6] INFO  o.a.z.ZooKeeper  - Client environment:java.vendor=Private Build
07:21:45.781 [worker-akka.actor.default-dispatcher-6] INFO  o.a.z.ZooKeeper  - Client environment:java.home=/usr/lib/jvm/java-8-openjdk-amd64/jre
07:21:45.781 [worker-akka.actor.default-dispatcher-6] INFO  o.a.z.ZooKeeper  - Client environment:java.class.path=lib/curator-framework-4.0.1.jar:lib/commons-csv-1.4.jar:lib/aeron-client-1.21.2.jar:lib/scala-library-2.12.9.jar:lib/asm-5.0.4.jar:lib/agrona-1.0.1.jar:lib/curator-recipes-4.0.1.jar:lib/akka-testkit_2.12-2.6.0-M6.jar:lib/flamestream-runtime-1.0-SNAPSHOT.jar:lib/slf4j-simple-2.0.0-alpha1.jar:lib/jsr305-3.0.2.jar:lib/trove4j-3.0.3.jar:lib/flamestream-core-1.0-SNAPSHOT.jar:lib/commons-io-2.4.jar:lib/minlog-1.3.0.jar:lib/kryonet-2.21.jar:lib/commons-1.4.9.jar:lib/jline-0.9.94.jar:lib/akka-remote_2.12-2.6.0-M6.jar:lib/leveldbjni-all-1.8.jar:lib/lz4-1.3.0.jar:lib/slf4j-api-1.7.24.jar:lib/scala-parser-combinators_2.12-1.1.2.jar:lib/flamestream-core-1.0-SNAPSHOT-tests.jar:lib/logback-core-1.2.3.jar:lib/netty-3.10.6.Final.jar:lib/protobuf-java-3.9.0.jar:lib/minlog-1.2.jar:lib/leveldb-api-0.7.jar:lib/jool-0.9.12.jar:lib/commons-cli-1.4.jar:lib/jblas-1.2.4.jar:lib/reflectasm-1.11.3.jar:lib/reflectasm-1.07-shaded.jar:lib/audience-annotations-0.5.0.jar:lib/jackson-annotations-2.9.6.jar:lib/commons-lang-2.6.jar:lib/ssl-config-core_2.12-0.3.8.jar:lib/annotations-13.0.jar:lib/logback-classic-1.2.3.jar:lib/guava-21.0.jar:lib/reactive-streams-1.0.2.jar:lib/spotbugs-annotations-3.1.9.jar:lib/leveldb-0.7.jar:lib/commons-pool2-2.4.2.jar:lib/rocksdbjni-5.5.1.jar:lib/jackson-core-2.9.9.jar:lib/jackson-databind-2.9.9.2.jar:lib/akka-protobuf-v3_2.12-2.6.0-M6.jar:lib/jackson-annotations-2.9.0.jar:lib/flamestream-examples-1.0-SNAPSHOT.jar:lib/objenesis-2.1.jar:lib/akka-kryo-serialization_2.12-0.5.2.jar:lib/scala-java8-compat_2.12-0.8.0.jar:lib/zookeeper-3.4.14.jar:lib/akka-slf4j_2.12-2.6.0-M6.jar:lib/kryo-4.0.0.jar:lib/akka-stream_2.12-2.6.0-M6.jar:lib/aeron-driver-1.21.2.jar:lib/config-1.3.1.jar:lib/annotations-12.0.jar:lib/jedis-2.9.0.jar:lib/jcommander-1.48.jar:lib/testng-6.10.jar:lib/akka-actor_2.12-2.6.0-M6.jar:lib/curator-client-4.0.1.jar:flamestream-runtime-1.0-SNAPSHOT.jar
07:21:45.782 [worker-akka.actor.default-dispatcher-6] INFO  o.a.z.ZooKeeper  - Client environment:java.library.path=/usr/java/packages/lib/amd64:/usr/lib/x86_64-linux-gnu/jni:/lib/x86_64-linux-gnu:/usr/lib/x86_64-linux-gnu:/usr/lib/jni:/lib:/usr/lib
07:21:45.785 [worker-akka.actor.default-dispatcher-6] INFO  o.a.z.ZooKeeper  - Client environment:java.io.tmpdir=/tmp
07:21:45.785 [worker-akka.actor.default-dispatcher-6] INFO  o.a.z.ZooKeeper  - Client environment:java.compiler=<NA>
07:21:45.786 [worker-akka.actor.default-dispatcher-6] INFO  o.a.z.ZooKeeper  - Client environment:os.name=Linux
07:21:45.786 [worker-akka.actor.default-dispatcher-6] INFO  o.a.z.ZooKeeper  - Client environment:os.arch=amd64
07:21:45.786 [worker-akka.actor.default-dispatcher-6] INFO  o.a.z.ZooKeeper  - Client environment:os.version=4.15.0-1040-gcp
07:21:45.786 [worker-akka.actor.default-dispatcher-6] INFO  o.a.z.ZooKeeper  - Client environment:user.name=ubuntu
07:21:45.787 [worker-akka.actor.default-dispatcher-6] INFO  o.a.z.ZooKeeper  - Client environment:user.home=/home/ubuntu
07:21:45.787 [worker-akka.actor.default-dispatcher-6] INFO  o.a.z.ZooKeeper  - Client environment:user.dir=/home/ubuntu/flamestream
07:21:45.791 [worker-akka.actor.default-dispatcher-6] INFO  o.a.z.ZooKeeper  - Initiating client connection, connectString=flamestream-benchmarks-manager:12181 sessionTimeout=60000 watcher=org.apache.curator.ConnectionState@76e26f57
07:21:45.844 [worker-akka.actor.default-dispatcher-6-SendThread(flamestream-benchmarks-manager:12181)] INFO  o.a.z.ClientCnxn  - Opening socket connection to server flamestream-benchmarks-manager/10.0.0.2:12181. Will not attempt to authenticate using SASL (unknown error)
07:21:45.847 [worker-akka.actor.default-dispatcher-6] INFO  o.a.c.f.i.CuratorFrameworkImpl  - Default schema
07:21:45.852 [worker-akka.actor.default-dispatcher-6-SendThread(flamestream-benchmarks-manager:12181)] INFO  o.a.z.ClientCnxn  - Socket connection established to flamestream-benchmarks-manager/10.0.0.2:12181, initiating session
07:21:45.881 [worker-akka.actor.default-dispatcher-6-SendThread(flamestream-benchmarks-manager:12181)] INFO  o.a.z.ClientCnxn  - Session establishment complete on server flamestream-benchmarks-manager/10.0.0.2:12181, sessionid = 0x10000432c720001, negotiated timeout = 60000
07:21:45.891 [worker-akka.actor.default-dispatcher-6-EventThread] INFO  o.a.c.f.s.ConnectionStateManager  - State change: CONNECTED
07:21:45.894 [worker-akka.actor.default-dispatcher-9] INFO  a.a.RepointableActorRef akka://worker/user/watcher - Initializing rocksDB backend
2019-10-06T07:21:46.721+0000: 4.505: [Full GC (Metadata GC Threshold) 2019-10-06T07:21:46.721+0000: 4.505: [Tenured: 13624K->25907K(1024000K), 0.1525439 secs] 161114K->25907K(1484800K), [Metaspace: 33681K->33681K(1079296K)], 0.1526651 secs] [Times: user=0.14 sys=0.01, real=0.15 secs] 
07:21:46.970 [worker-akka.actor.default-dispatcher-6] INFO  a.a.LocalActorRef akka://worker/user/watcher/processing-watcher - Starting...
07:21:46.995 [worker-akka.actor.default-dispatcher-9] INFO  a.a.LocalActorRef akka://worker/user/watcher/acker - Starting...
07:22:22.420 [worker-akka.actor.default-dispatcher-11] INFO  a.a.LocalActorRef akka://worker/user/watcher/processing-watcher/$a - Starting...
07:22:22.441 [worker-akka.actor.default-dispatcher-6] INFO  a.a.LocalActorRef akka://worker/user/watcher/processing-watcher/$a - Stopped
07:22:28.301 [worker-akka.actor.default-dispatcher-11] INFO  a.a.LocalActorRef akka://worker/user/watcher/processing-watcher/$d/$a - Starting...
07:22:28.312 [worker-akka.actor.default-dispatcher-6] INFO  a.a.LocalActorRef akka://worker/user/watcher/processing-watcher/$d - Starting...
07:22:33.289 [worker-akka.actor.default-dispatcher-9] INFO  a.a.LocalActorRef akka://worker/user/watcher/processing-watcher/graph/graph - Starting...
07:22:37.497 [worker-akka.actor.default-dispatcher-6] INFO  a.a.LocalActorRef akka://worker/user/watcher/processing-watcher/graph/graph - Finishing constructor
07:22:37.500 [worker-akka.actor.default-dispatcher-9] INFO  a.a.LocalActorRef akka://worker/user/watcher/processing-watcher/graph/negotiator - Starting...
07:22:37.502 [worker-akka.actor.default-dispatcher-9] INFO  a.a.LocalActorRef akka://worker/user/watcher/processing-watcher/graph/edge - Starting...
07:22:37.513 [worker-akka.actor.default-dispatcher-6] INFO  a.a.LocalActorRef akka://worker/user/watcher/processing-watcher/graph - Starting FlameNode with config 'ClusterConfig{paths={flamestream-benchmarks-worker-85=akka://worker@flamestream-benchmarks-worker-85:5412/user/watcher/processing-watcher/graph, flamestream-benchmarks-worker-84=akka://worker@flamestream-benchmarks-worker-84:5412/user/watcher/processing-watcher/graph, flamestream-benchmarks-worker-83=akka://worker@flamestream-benchmarks-worker-83:5412/user/watcher/processing-watcher/graph, flamestream-benchmarks-worker-82=akka://worker@flamestream-benchmarks-worker-82:5412/user/watcher/processing-watcher/graph, flamestream-benchmarks-worker-81=akka://worker@flamestream-benchmarks-worker-81:5412/user/watcher/processing-watcher/graph, flamestream-benchmarks-worker-80=akka://worker@flamestream-benchmarks-worker-80:5412/user/watcher/processing-watcher/graph, flamestream-benchmarks-worker-1=akka://worker@flamestream-benchmarks-worker-1:5412/user/watcher/processing-watcher/graph, flamestream-benchmarks-worker-0=akka://worker@flamestream-benchmarks-worker-0:5412/user/watcher/processing-watcher/graph, flamestream-benchmarks-worker-89=akka://worker@flamestream-benchmarks-worker-89:5412/user/watcher/processing-watcher/graph, flamestream-benchmarks-worker-88=akka://worker@flamestream-benchmarks-worker-88:5412/user/watcher/processing-watcher/graph, flamestream-benchmarks-worker-87=akka://worker@flamestream-benchmarks-worker-87:5412/user/watcher/processing-watcher/graph, flamestream-benchmarks-worker-86=akka://worker@flamestream-benchmarks-worker-86:5412/user/watcher/processing-watcher/graph, flamestream-benchmarks-worker-96=akka://worker@flamestream-benchmarks-worker-96:5412/user/watcher/processing-watcher/graph, flamestream-benchmarks-worker-95=akka://worker@flamestream-benchmarks-worker-95:5412/user/watcher/processing-watcher/graph, flamestream-benchmarks-worker-94=akka://worker@flamestream-benchmarks-worker-94:5412/user/watcher/processing-watcher/graph, flamestream-benchmarks-worker-93=akka://worker@flamestream-benchmarks-worker-93:5412/user/watcher/processing-watcher/graph, flamestream-benchmarks-worker-92=akka://worker@flamestream-benchmarks-worker-92:5412/user/watcher/processing-watcher/graph, flamestream-benchmarks-worker-91=akka://worker@flamestream-benchmarks-worker-91:5412/user/watcher/processing-watcher/graph, flamestream-benchmarks-worker-90=akka://worker@flamestream-benchmarks-worker-90:5412/user/watcher/processing-watcher/graph, flamestream-benchmarks-worker-9=akka://worker@flamestream-benchmarks-worker-9:5412/user/watcher/processing-watcher/graph, flamestream-benchmarks-worker-8=akka://worker@flamestream-benchmarks-worker-8:5412/user/watcher/processing-watcher/graph, flamestream-benchmarks-worker-7=akka://worker@flamestream-benchmarks-worker-7:5412/user/watcher/processing-watcher/graph, flamestream-benchmarks-worker-6=akka://worker@flamestream-benchmarks-worker-6:5412/user/watcher/processing-watcher/graph, flamestream-benchmarks-worker-5=akka://worker@flamestream-benchmarks-worker-5:5412/user/watcher/processing-watcher/graph, flamestream-benchmarks-worker-19=akka://worker@flamestream-benchmarks-worker-19:5412/user/watcher/processing-watcher/graph, flamestream-benchmarks-worker-4=akka://worker@flamestream-benchmarks-worker-4:5412/user/watcher/processing-watcher/graph, flamestream-benchmarks-worker-18=akka://worker@flamestream-benchmarks-worker-18:5412/user/watcher/processing-watcher/graph, flamestream-benchmarks-worker-3=akka://worker@flamestream-benchmarks-worker-3:5412/user/watcher/processing-watcher/graph, flamestream-benchmarks-worker-17=akka://worker@flamestream-benchmarks-worker-17:5412/user/watcher/processing-watcher/graph, flamestream-benchmarks-worker-2=akka://worker@flamestream-benchmarks-worker-2:5412/user/watcher/processing-watcher/graph, flamestream-benchmarks-worker-16=akka://worker@flamestream-benchmarks-worker-16:5412/user/watcher/processing-watcher/graph, flamestream-benchmarks-worker-15=akka://worker@flamestream-benchmarks-worker-15:5412/user/watcher/processing-watcher/graph, flamestream-benchmarks-worker-14=akka://worker@flamestream-benchmarks-worker-14:5412/user/watcher/processing-watcher/graph, flamestream-benchmarks-worker-13=akka://worker@flamestream-benchmarks-worker-13:5412/user/watcher/processing-watcher/graph, flamestream-benchmarks-worker-12=akka://worker@flamestream-benchmarks-worker-12:5412/user/watcher/processing-watcher/graph, flamestream-benchmarks-worker-99=akka://worker@flamestream-benchmarks-worker-99:5412/user/watcher/processing-watcher/graph, flamestream-benchmarks-worker-11=akka://worker@flamestream-benchmarks-worker-11:5412/user/watcher/processing-watcher/graph, flamestream-benchmarks-worker-98=akka://worker@flamestream-benchmarks-worker-98:5412/user/watcher/processing-watcher/graph, flamestream-benchmarks-worker-10=akka://worker@flamestream-benchmarks-worker-10:5412/user/watcher/processing-watcher/graph, flamestream-benchmarks-worker-97=akka://worker@flamestream-benchmarks-worker-97:5412/user/watcher/processing-watcher/graph, flamestream-benchmarks-worker-63=akka://worker@flamestream-benchmarks-worker-63:5412/user/watcher/processing-watcher/graph, flamestream-benchmarks-worker-62=akka://worker@flamestream-benchmarks-worker-62:5412/user/watcher/processing-watcher/graph, flamestream-benchmarks-worker-61=akka://worker@flamestream-benchmarks-worker-61:5412/user/watcher/processing-watcher/graph, flamestream-benchmarks-worker-60=akka://worker@flamestream-benchmarks-worker-60:5412/user/watcher/processing-watcher/graph, flamestream-benchmarks-worker-69=akka://worker@flamestream-benchmarks-worker-69:5412/user/watcher/processing-watcher/graph, flamestream-benchmarks-worker-68=akka://worker@flamestream-benchmarks-worker-68:5412/user/watcher/processing-watcher/graph, flamestream-benchmarks-worker-67=akka://worker@flamestream-benchmarks-worker-67:5412/user/watcher/processing-watcher/graph, flamestream-benchmarks-worker-66=akka://worker@flamestream-benchmarks-worker-66:5412/user/watcher/processing-watcher/graph, flamestream-benchmarks-worker-65=akka://worker@flamestream-benchmarks-worker-65:5412/user/watcher/processing-watcher/graph, flamestream-benchmarks-worker-64=akka://worker@flamestream-benchmarks-worker-64:5412/user/watcher/processing-watcher/graph, flamestream-benchmarks-worker-74=akka://worker@flamestream-benchmarks-worker-74:5412/user/watcher/processing-watcher/graph, flamestream-benchmarks-worker-73=akka://worker@flamestream-benchmarks-worker-73:5412/user/watcher/processing-watcher/graph, flamestream-benchmarks-worker-72=akka://worker@flamestream-benchmarks-worker-72:5412/user/watcher/processing-watcher/graph, flamestream-benchmarks-worker-71=akka://worker@flamestream-benchmarks-worker-71:5412/user/watcher/processing-watcher/graph, flamestream-benchmarks-worker-70=akka://worker@flamestream-benchmarks-worker-70:5412/user/watcher/processing-watcher/graph, flamestream-benchmarks-worker-79=akka://worker@flamestream-benchmarks-worker-79:5412/user/watcher/processing-watcher/graph, flamestream-benchmarks-worker-78=akka://worker@flamestream-benchmarks-worker-78:5412/user/watcher/processing-watcher/graph, flamestream-benchmarks-worker-77=akka://worker@flamestream-benchmarks-worker-77:5412/user/watcher/processing-watcher/graph, flamestream-benchmarks-worker-76=akka://worker@flamestream-benchmarks-worker-76:5412/user/watcher/processing-watcher/graph, flamestream-benchmarks-worker-75=akka://worker@flamestream-benchmarks-worker-75:5412/user/watcher/processing-watcher/graph, flamestream-benchmarks-worker-41=akka://worker@flamestream-benchmarks-worker-41:5412/user/watcher/processing-watcher/graph, flamestream-benchmarks-worker-40=akka://worker@flamestream-benchmarks-worker-40:5412/user/watcher/processing-watcher/graph, flamestream-benchmarks-worker-49=akka://worker@flamestream-benchmarks-worker-49:5412/user/watcher/processing-watcher/graph, flamestream-benchmarks-worker-48=akka://worker@flamestream-benchmarks-worker-48:5412/user/watcher/processing-watcher/graph, flamestream-benchmarks-worker-47=akka://worker@flamestream-benchmarks-worker-47:5412/user/watcher/processing-watcher/graph, flamestream-benchmarks-worker-46=akka://worker@flamestream-benchmarks-worker-46:5412/user/watcher/processing-watcher/graph, flamestream-benchmarks-worker-45=akka://worker@flamestream-benchmarks-worker-45:5412/user/watcher/processing-watcher/graph, flamestream-benchmarks-worker-44=akka://worker@flamestream-benchmarks-worker-44:5412/user/watcher/processing-watcher/graph, flamestream-benchmarks-worker-43=akka://worker@flamestream-benchmarks-worker-43:5412/user/watcher/processing-watcher/graph, flamestream-benchmarks-worker-42=akka://worker@flamestream-benchmarks-worker-42:5412/user/watcher/processing-watcher/graph, flamestream-benchmarks-worker-52=akka://worker@flamestream-benchmarks-worker-52:5412/user/watcher/processing-watcher/graph, flamestream-benchmarks-worker-51=akka://worker@flamestream-benchmarks-worker-51:5412/user/watcher/processing-watcher/graph, flamestream-benchmarks-worker-50=akka://worker@flamestream-benchmarks-worker-50:5412/user/watcher/processing-watcher/graph, flamestream-benchmarks-worker-59=akka://worker@flamestream-benchmarks-worker-59:5412/user/watcher/processing-watcher/graph, flamestream-benchmarks-worker-58=akka://worker@flamestream-benchmarks-worker-58:5412/user/watcher/processing-watcher/graph, flamestream-benchmarks-worker-57=akka://worker@flamestream-benchmarks-worker-57:5412/user/watcher/processing-watcher/graph, flamestream-benchmarks-worker-56=akka://worker@flamestream-benchmarks-worker-56:5412/user/watcher/processing-watcher/graph, flamestream-benchmarks-worker-55=akka://worker@flamestream-benchmarks-worker-55:5412/user/watcher/processing-watcher/graph, flamestream-benchmarks-worker-54=akka://worker@flamestream-benchmarks-worker-54:5412/user/watcher/processing-watcher/graph, flamestream-benchmarks-worker-53=akka://worker@flamestream-benchmarks-worker-53:5412/user/watcher/processing-watcher/graph, flamestream-benchmarks-worker-29=akka://worker@flamestream-benchmarks-worker-29:5412/user/watcher/processing-watcher/graph, flamestream-benchmarks-worker-28=akka://worker@flamestream-benchmarks-worker-28:5412/user/watcher/processing-watcher/graph, flamestream-benchmarks-worker-27=akka://worker@flamestream-benchmarks-worker-27:5412/user/watcher/processing-watcher/graph, flamestream-benchmarks-worker-26=akka://worker@flamestream-benchmarks-worker-26:5412/user/watcher/processing-watcher/graph, flamestream-benchmarks-worker-25=akka://worker@flamestream-benchmarks-worker-25:5412/user/watcher/processing-watcher/graph, flamestream-benchmarks-worker-24=akka://worker@flamestream-benchmarks-worker-24:5412/user/watcher/processing-watcher/graph, flamestream-benchmarks-worker-23=akka://worker@flamestream-benchmarks-worker-23:5412/user/watcher/processing-watcher/graph, flamestream-benchmarks-worker-22=akka://worker@flamestream-benchmarks-worker-22:5412/user/watcher/processing-watcher/graph, flamestream-benchmarks-worker-21=akka://worker@flamestream-benchmarks-worker-21:5412/user/watcher/processing-watcher/graph, flamestream-benchmarks-worker-20=akka://worker@flamestream-benchmarks-worker-20:5412/user/watcher/processing-watcher/graph, flamestream-benchmarks-worker-30=akka://worker@flamestream-benchmarks-worker-30:5412/user/watcher/processing-watcher/graph, flamestream-benchmarks-worker-39=akka://worker@flamestream-benchmarks-worker-39:5412/user/watcher/processing-watcher/graph, flamestream-benchmarks-worker-38=akka://worker@flamestream-benchmarks-worker-38:5412/user/watcher/processing-watcher/graph, flamestream-benchmarks-worker-37=akka://worker@flamestream-benchmarks-worker-37:5412/user/watcher/processing-watcher/graph, flamestream-benchmarks-worker-36=akka://worker@flamestream-benchmarks-worker-36:5412/user/watcher/processing-watcher/graph, flamestream-benchmarks-worker-35=akka://worker@flamestream-benchmarks-worker-35:5412/user/watcher/processing-watcher/graph, flamestream-benchmarks-worker-34=akka://worker@flamestream-benchmarks-worker-34:5412/user/watcher/processing-watcher/graph, flamestream-benchmarks-worker-33=akka://worker@flamestream-benchmarks-worker-33:5412/user/watcher/processing-watcher/graph, flamestream-benchmarks-worker-32=akka://worker@flamestream-benchmarks-worker-32:5412/user/watcher/processing-watcher/graph, flamestream-benchmarks-worker-31=akka://worker@flamestream-benchmarks-worker-31:5412/user/watcher/processing-watcher/graph}}'
07:22:37.539 [worker-akka.actor.default-dispatcher-11] INFO  a.a.LocalActorRef akka://worker/user/watcher/processing-watcher/graph/negotiator - Requesting ticket for the frontClass FlameSocketGraphDeployerFront@flamestream-benchmarks-worker-1
07:22:37.594 [worker-akka.actor.default-dispatcher-9] INFO  c.s.f.r.e.s.SocketRear  - FlameSocketGraphDeployerRear@flamestream-benchmarks-worker-1: connecting to flamestream-benchmarks-manager:5678
07:22:37.602 [worker-akka.actor.default-dispatcher-17] INFO  a.a.LocalActorRef akka://worker/user/watcher/processing-watcher/graph/edge/FlameSocketGraphDeployerFront - Starting...
07:22:37.615 [worker-akka.actor.default-dispatcher-9] INFO  c.s.f.r.e.s.SocketRear  - FlameSocketGraphDeployerRear@flamestream-benchmarks-worker-1: connected to flamestream-benchmarks-manager:5678
07:22:37.619 [worker-akka.actor.default-dispatcher-12] INFO  a.a.LocalActorRef akka://worker/user/watcher/processing-watcher/graph/edge/FlameSocketGraphDeployerRear - Starting...
07:22:37.902 [worker-akka.actor.default-dispatcher-9] INFO  a.a.LocalActorRef akka://worker/user/watcher/processing-watcher/graph/graph - Received last commit 'LastCommit{globalTime=(0000000, min@min)}'
07:22:38.119 [worker-akka.actor.default-dispatcher-9] INFO  a.a.LocalActorRef akka://worker/user/watcher/processing-watcher/graph/graph/$a - Starting...
07:22:38.122 [worker-akka.actor.default-dispatcher-9] INFO  a.a.LocalActorRef akka://worker/user/watcher/processing-watcher/graph/graph/$b - Starting...
07:22:38.129 [worker-akka.actor.default-dispatcher-9] INFO  a.a.LocalActorRef akka://worker/user/watcher/processing-watcher/graph/graph/$c - Starting...
07:22:38.131 [worker-akka.actor.default-dispatcher-9] INFO  a.a.LocalActorRef akka://worker/user/watcher/processing-watcher/graph/graph/$d - Starting...
07:22:38.133 [worker-akka.actor.default-dispatcher-9] INFO  a.a.LocalActorRef akka://worker/user/watcher/processing-watcher/graph/graph/$e - Starting...
07:22:38.135 [worker-akka.actor.default-dispatcher-9] INFO  a.a.LocalActorRef akka://worker/user/watcher/processing-watcher/graph/graph/$f - Starting...
07:22:38.137 [worker-akka.actor.default-dispatcher-9] INFO  a.a.LocalActorRef akka://worker/user/watcher/processing-watcher/graph/graph/$g - Starting...
07:22:38.139 [worker-akka.actor.default-dispatcher-9] INFO  a.a.LocalActorRef akka://worker/user/watcher/processing-watcher/graph/graph/$h - Starting...
07:22:38.141 [worker-akka.actor.default-dispatcher-9] INFO  a.a.LocalActorRef akka://worker/user/watcher/processing-watcher/graph/graph/$i - Starting...
07:22:38.142 [worker-akka.actor.default-dispatcher-9] INFO  a.a.LocalActorRef akka://worker/user/watcher/processing-watcher/graph/graph/$j - Starting...
07:22:38.144 [worker-akka.actor.default-dispatcher-9] INFO  a.a.LocalActorRef akka://worker/user/watcher/processing-watcher/graph/graph/$k - Starting...
07:22:38.145 [worker-akka.actor.default-dispatcher-9] INFO  a.a.LocalActorRef akka://worker/user/watcher/processing-watcher/graph/graph/$l - Starting...
07:22:38.147 [worker-akka.actor.default-dispatcher-9] INFO  a.a.LocalActorRef akka://worker/user/watcher/processing-watcher/graph/graph/$m - Starting...
07:22:38.149 [worker-akka.actor.default-dispatcher-9] INFO  a.a.LocalActorRef akka://worker/user/watcher/processing-watcher/graph/graph/$n - Starting...
07:22:38.150 [worker-akka.actor.default-dispatcher-9] INFO  a.a.LocalActorRef akka://worker/user/watcher/processing-watcher/graph/graph/$o - Starting...
07:22:38.155 [worker-akka.actor.default-dispatcher-9] INFO  a.a.LocalActorRef akka://worker/user/watcher/processing-watcher/graph/graph/$p - Starting...
07:22:38.157 [worker-akka.actor.default-dispatcher-9] INFO  a.a.LocalActorRef akka://worker/user/watcher/processing-watcher/graph/graph/$q - Starting...
07:22:38.158 [worker-akka.actor.default-dispatcher-9] INFO  a.a.LocalActorRef akka://worker/user/watcher/processing-watcher/graph/graph/$r - Starting...
07:22:38.160 [worker-akka.actor.default-dispatcher-9] INFO  a.a.LocalActorRef akka://worker/user/watcher/processing-watcher/graph/graph/$s - Starting...
07:22:38.162 [worker-akka.actor.default-dispatcher-9] INFO  a.a.LocalActorRef akka://worker/user/watcher/processing-watcher/graph/graph/$t - Starting...
07:22:38.163 [worker-akka.actor.default-dispatcher-9] INFO  a.a.LocalActorRef akka://worker/user/watcher/processing-watcher/graph/graph/$u - Starting...
07:22:38.165 [worker-akka.actor.default-dispatcher-9] INFO  a.a.LocalActorRef akka://worker/user/watcher/processing-watcher/graph/graph/$v - Starting...
07:22:38.166 [worker-akka.actor.default-dispatcher-9] INFO  a.a.LocalActorRef akka://worker/user/watcher/processing-watcher/graph/graph/$w - Starting...
07:22:38.168 [worker-akka.actor.default-dispatcher-9] INFO  a.a.LocalActorRef akka://worker/user/watcher/processing-watcher/graph/graph/$x - Starting...
07:22:38.170 [worker-akka.actor.default-dispatcher-9] INFO  a.a.LocalActorRef akka://worker/user/watcher/processing-watcher/graph/graph/$y - Starting...
07:22:38.171 [worker-akka.actor.default-dispatcher-9] INFO  a.a.LocalActorRef akka://worker/user/watcher/processing-watcher/graph/graph/$z - Starting...
07:22:38.186 [worker-akka.actor.default-dispatcher-9] INFO  a.a.LocalActorRef akka://worker/user/watcher/processing-watcher/graph/graph/$A - Starting...
07:22:38.190 [worker-akka.actor.default-dispatcher-9] INFO  a.a.LocalActorRef akka://worker/user/watcher/processing-watcher/graph/graph/$B - Starting...
07:22:38.192 [worker-akka.actor.default-dispatcher-9] INFO  a.a.LocalActorRef akka://worker/user/watcher/processing-watcher/graph/graph/$C - Starting...
07:22:38.193 [worker-akka.actor.default-dispatcher-9] INFO  a.a.LocalActorRef akka://worker/user/watcher/processing-watcher/graph/graph/$D - Starting...
07:22:38.198 [worker-akka.actor.default-dispatcher-9] INFO  a.a.LocalActorRef akka://worker/user/watcher/processing-watcher/graph/negotiator - Ticket for the frontClass received: FrontTicket{allowedTimestamp=(0000000, FlameSocketGraphDeployerFront@flamestream-benchmarks-worker-1)}
07:22:38.198 [worker-akka.actor.default-dispatcher-9] INFO  a.a.LocalActorRef akka://worker/user/watcher/processing-watcher/graph/graph/$E - Starting...
07:22:38.198 [worker-akka.actor.default-dispatcher-9] INFO  a.a.LocalActorRef akka://worker/user/watcher/processing-watcher/graph/graph/$F - Starting...
07:22:38.198 [worker-akka.actor.default-dispatcher-9] INFO  a.a.LocalActorRef akka://worker/user/watcher/processing-watcher/graph/graph/$G - Starting...
07:22:38.198 [worker-akka.actor.default-dispatcher-9] INFO  a.a.LocalActorRef akka://worker/user/watcher/processing-watcher/graph/graph/$H - Starting...
07:22:38.198 [worker-akka.actor.default-dispatcher-9] INFO  a.a.LocalActorRef akka://worker/user/watcher/processing-watcher/graph/graph/$I - Starting...
07:22:38.198 [worker-akka.actor.default-dispatcher-9] INFO  a.a.LocalActorRef akka://worker/user/watcher/processing-watcher/graph/graph/$J - Starting...
07:22:38.198 [worker-akka.actor.default-dispatcher-9] INFO  a.a.LocalActorRef akka://worker/user/watcher/processing-watcher/graph/graph/$K - Starting...
07:22:38.198 [worker-akka.actor.default-dispatcher-9] INFO  a.a.LocalActorRef akka://worker/user/watcher/processing-watcher/graph/graph/$L - Starting...
07:22:38.201 [worker-akka.actor.default-dispatcher-12] INFO  c.s.f.r.e.s.SocketFront  - FlameSocketGraphDeployerFront@flamestream-benchmarks-worker-1: connecting to flamestream-benchmarks-manager:4567
07:22:38.217 [worker-akka.actor.default-dispatcher-9] INFO  a.a.LocalActorRef akka://worker/user/watcher/processing-watcher/graph/graph/$M - Starting...
07:22:38.242 [worker-akka.actor.default-dispatcher-9] INFO  a.a.LocalActorRef akka://worker/user/watcher/processing-watcher/graph/graph/$N - Starting...
07:22:38.243 [worker-akka.actor.default-dispatcher-9] INFO  a.a.LocalActorRef akka://worker/user/watcher/processing-watcher/graph/graph/$O - Starting...
07:22:38.245 [worker-akka.actor.default-dispatcher-9] INFO  a.a.LocalActorRef akka://worker/user/watcher/processing-watcher/graph/graph/$P - Starting...
07:22:38.246 [worker-akka.actor.default-dispatcher-9] INFO  a.a.LocalActorRef akka://worker/user/watcher/processing-watcher/graph/graph/$Q - Starting...
07:22:38.246 [worker-akka.actor.default-dispatcher-9] INFO  a.a.LocalActorRef akka://worker/user/watcher/processing-watcher/graph/graph/$R - Starting...
07:22:38.246 [worker-akka.actor.default-dispatcher-9] INFO  a.a.LocalActorRef akka://worker/user/watcher/processing-watcher/graph/graph/$S - Starting...
07:22:38.247 [worker-akka.actor.default-dispatcher-9] INFO  a.a.LocalActorRef akka://worker/user/watcher/processing-watcher/graph/graph/$T - Starting...
07:22:38.247 [worker-akka.actor.default-dispatcher-9] INFO  a.a.LocalActorRef akka://worker/user/watcher/processing-watcher/graph/graph/$U - Starting...
07:22:38.274 [worker-akka.actor.default-dispatcher-9] INFO  a.a.LocalActorRef akka://worker/user/watcher/processing-watcher/graph/graph/$V - Starting...
07:22:38.275 [worker-akka.actor.default-dispatcher-9] INFO  a.a.LocalActorRef akka://worker/user/watcher/processing-watcher/graph/graph/$W - Starting...
07:22:38.275 [worker-akka.actor.default-dispatcher-9] INFO  a.a.LocalActorRef akka://worker/user/watcher/processing-watcher/graph/graph/$X - Starting...
07:22:38.275 [worker-akka.actor.default-dispatcher-9] INFO  a.a.LocalActorRef akka://worker/user/watcher/processing-watcher/graph/graph/$Y - Starting...
07:22:38.275 [worker-akka.actor.default-dispatcher-9] INFO  a.a.LocalActorRef akka://worker/user/watcher/processing-watcher/graph/graph/$Z - Starting...
07:22:38.286 [worker-akka.actor.default-dispatcher-6] INFO  a.a.LocalActorRef akka://worker/user/watcher/processing-watcher/graph/graph/$0 - Starting...
07:22:38.286 [worker-akka.actor.default-dispatcher-6] INFO  a.a.LocalActorRef akka://worker/user/watcher/processing-watcher/graph/graph/$1 - Starting...
07:22:38.286 [worker-akka.actor.default-dispatcher-6] INFO  a.a.LocalActorRef akka://worker/user/watcher/processing-watcher/graph/graph/$2 - Starting...
07:22:38.286 [worker-akka.actor.default-dispatcher-6] INFO  a.a.LocalActorRef akka://worker/user/watcher/processing-watcher/graph/graph/$3 - Starting...
07:22:38.286 [worker-akka.actor.default-dispatcher-6] INFO  a.a.LocalActorRef akka://worker/user/watcher/processing-watcher/graph/graph/$4 - Starting...
07:22:38.286 [worker-akka.actor.default-dispatcher-6] INFO  a.a.LocalActorRef akka://worker/user/watcher/processing-watcher/graph/graph/$5 - Starting...
07:22:38.286 [worker-akka.actor.default-dispatcher-6] INFO  a.a.LocalActorRef akka://worker/user/watcher/processing-watcher/graph/graph/$6 - Starting...
07:22:38.286 [worker-akka.actor.default-dispatcher-6] INFO  a.a.LocalActorRef akka://worker/user/watcher/processing-watcher/graph/graph/$7 - Starting...
07:22:38.286 [worker-akka.actor.default-dispatcher-6] INFO  a.a.LocalActorRef akka://worker/user/watcher/processing-watcher/graph/graph/$8 - Starting...
07:22:38.287 [worker-akka.actor.default-dispatcher-6] INFO  a.a.LocalActorRef akka://worker/user/watcher/processing-watcher/graph/graph/$9 - Starting...
07:22:38.287 [worker-akka.actor.default-dispatcher-6] INFO  a.a.LocalActorRef akka://worker/user/watcher/processing-watcher/graph/graph/$+ - Starting...
07:22:38.287 [worker-akka.actor.default-dispatcher-6] INFO  a.a.LocalActorRef akka://worker/user/watcher/processing-watcher/graph/graph/$~ - Starting...
07:22:38.287 [worker-akka.actor.default-dispatcher-6] INFO  a.a.LocalActorRef akka://worker/user/watcher/processing-watcher/graph/graph/$ab - Starting...
07:22:38.287 [worker-akka.actor.default-dispatcher-6] INFO  a.a.LocalActorRef akka://worker/user/watcher/processing-watcher/graph/graph/$bb - Starting...
07:22:38.298 [worker-akka.actor.default-dispatcher-9] INFO  a.a.LocalActorRef akka://worker/user/watcher/processing-watcher/graph/graph/$cb - Starting...
07:22:38.298 [worker-akka.actor.default-dispatcher-9] INFO  a.a.LocalActorRef akka://worker/user/watcher/acker - Unregistering front FlameSocketGraphDeployerFront@flamestream-benchmarks-worker-0
07:22:38.299 [worker-akka.actor.default-dispatcher-17] INFO  a.a.LocalActorRef akka://worker/user/watcher/processing-watcher/graph/graph/$M - Attached rear to graph (-9223372036854775808, min@min)
07:22:38.300 [worker-akka.actor.default-dispatcher-17] INFO  a.a.LocalActorRef akka://worker/user/watcher/processing-watcher/graph/graph/$eb - Starting...
07:22:38.300 [worker-akka.actor.default-dispatcher-17] INFO  a.a.LocalActorRef akka://worker/user/watcher/processing-watcher/graph/graph/$fb - Starting...
07:22:38.301 [worker-akka.actor.default-dispatcher-17] INFO  a.a.LocalActorRef akka://worker/user/watcher/processing-watcher/graph/graph/$gb - Starting...
07:22:38.301 [worker-akka.actor.default-dispatcher-17] INFO  a.a.LocalActorRef akka://worker/user/watcher/processing-watcher/graph/graph/$hb - Starting...
07:22:38.301 [worker-akka.actor.default-dispatcher-17] INFO  a.a.LocalActorRef akka://worker/user/watcher/processing-watcher/graph/graph/$ib - Starting...
07:22:38.316 [worker-akka.actor.default-dispatcher-17] INFO  a.a.LocalActorRef akka://worker/user/watcher/processing-watcher/graph/graph/$jb - Starting...
07:22:38.317 [worker-akka.actor.default-dispatcher-17] INFO  a.a.LocalActorRef akka://worker/user/watcher/processing-watcher/graph/graph/$kb - Starting...
07:22:38.317 [worker-akka.actor.default-dispatcher-12] INFO  a.a.LocalActorRef akka://worker/user/watcher/processing-watcher/graph/graph/$lb - Starting...
07:22:38.317 [worker-akka.actor.default-dispatcher-12] INFO  a.a.LocalActorRef akka://worker/user/watcher/processing-watcher/graph/graph/$mb - Starting...
07:22:38.317 [worker-akka.actor.default-dispatcher-12] INFO  a.a.LocalActorRef akka://worker/user/watcher/processing-watcher/graph/graph/$nb - Starting...
07:22:38.317 [worker-akka.actor.default-dispatcher-12] INFO  a.a.LocalActorRef akka://worker/user/watcher/processing-watcher/graph/graph/$ob - Starting...
07:22:38.317 [worker-akka.actor.default-dispatcher-12] INFO  a.a.LocalActorRef akka://worker/user/watcher/processing-watcher/graph/graph/$pb - Starting...
07:22:38.317 [worker-akka.actor.default-dispatcher-12] INFO  a.a.LocalActorRef akka://worker/user/watcher/processing-watcher/graph/graph/$qb - Starting...
07:22:38.318 [worker-akka.actor.default-dispatcher-12] INFO  a.a.LocalActorRef akka://worker/user/watcher/processing-watcher/graph/graph/$db - Starting...
07:22:38.318 [worker-akka.actor.default-dispatcher-12] INFO  a.a.LocalActorRef akka://worker/user/watcher/processing-watcher/graph/graph/$sb - Starting...
07:22:38.318 [worker-akka.actor.default-dispatcher-12] INFO  a.a.LocalActorRef akka://worker/user/watcher/processing-watcher/graph/graph/$tb - Starting...
07:22:38.318 [worker-akka.actor.default-dispatcher-12] INFO  a.a.LocalActorRef akka://worker/user/watcher/processing-watcher/graph/graph/$ub - Starting...
07:22:38.318 [worker-akka.actor.default-dispatcher-11] INFO  a.a.LocalActorRef akka://worker/user/watcher/processing-watcher/graph/graph/$vb - Starting...
07:22:38.319 [Client] INFO  c.s.f.r.e.s.SocketFront  - FlameSocketGraphDeployerFront@flamestream-benchmarks-worker-1 has been disconnected from Connection 3
07:22:38.320 [worker-akka.actor.default-dispatcher-17] INFO  a.a.LocalActorRef akka://worker/user/watcher/processing-watcher/graph/graph/$rb - Starting...
07:22:38.320 [worker-akka.actor.default-dispatcher-17] INFO  a.a.LocalActorRef akka://worker/user/watcher/processing-watcher/graph/graph/$xb - Starting...
07:22:38.320 [worker-akka.actor.default-dispatcher-17] INFO  a.a.LocalActorRef akka://worker/user/watcher/processing-watcher/graph/graph/$yb - Starting...
07:22:38.321 [worker-akka.actor.default-dispatcher-17] INFO  a.a.LocalActorRef akka://worker/user/watcher/processing-watcher/graph/graph/$zb - Starting...
07:22:38.321 [worker-akka.actor.default-dispatcher-17] INFO  a.a.LocalActorRef akka://worker/user/watcher/processing-watcher/graph/graph/$Ab - Starting...
07:22:38.321 [worker-akka.actor.default-dispatcher-17] INFO  a.a.LocalActorRef akka://worker/user/watcher/processing-watcher/graph/graph/$Bb - Starting...
07:22:38.321 [worker-akka.actor.default-dispatcher-17] INFO  a.a.LocalActorRef akka://worker/user/watcher/processing-watcher/graph/graph/$Cb - Starting...
07:22:38.321 [worker-akka.actor.default-dispatcher-17] INFO  a.a.LocalActorRef akka://worker/user/watcher/processing-watcher/graph/graph/$Db - Starting...
07:22:38.326 [worker-akka.actor.default-dispatcher-17] INFO  a.a.LocalActorRef akka://worker/user/watcher/processing-watcher/graph/graph/$Fb - Starting...
07:22:38.329 [worker-akka.actor.default-dispatcher-17] INFO  a.a.LocalActorRef akka://worker/user/watcher/processing-watcher/graph/graph/$Gb - Starting...
07:22:38.329 [worker-akka.actor.default-dispatcher-17] INFO  a.a.LocalActorRef akka://worker/user/watcher/processing-watcher/graph/graph/$Hb - Starting...
07:22:38.329 [worker-akka.actor.default-dispatcher-17] INFO  a.a.LocalActorRef akka://worker/user/watcher/processing-watcher/graph/graph/$Ib - Starting...
07:22:38.329 [worker-akka.actor.default-dispatcher-17] INFO  a.a.LocalActorRef akka://worker/user/watcher/processing-watcher/graph/graph/$Jb - Starting...
07:22:38.329 [worker-akka.actor.default-dispatcher-9] INFO  a.a.LocalActorRef akka://worker/user/watcher/processing-watcher/graph/graph/$Kb - Starting...
07:22:38.329 [worker-akka.actor.default-dispatcher-9] INFO  a.a.LocalActorRef akka://worker/user/watcher/processing-watcher/graph/graph/$Lb - Starting...
07:22:38.330 [worker-akka.actor.default-dispatcher-9] INFO  a.a.LocalActorRef akka://worker/user/watcher/processing-watcher/graph/graph/$Mb - Starting...
07:22:38.330 [worker-akka.actor.default-dispatcher-9] INFO  a.a.LocalActorRef akka://worker/user/watcher/processing-watcher/graph/graph/$Nb - Starting...
07:22:38.330 [worker-akka.actor.default-dispatcher-9] INFO  a.a.LocalActorRef akka://worker/user/watcher/processing-watcher/graph/graph/$Eb - Starting...
07:22:38.330 [worker-akka.actor.default-dispatcher-9] INFO  a.a.LocalActorRef akka://worker/user/watcher/processing-watcher/graph/graph/$wb - Starting...
07:22:38.366 [worker-akka.actor.default-dispatcher-17] INFO  a.a.LocalActorRef akka://worker/user/watcher/acker - Unregistering front FlameSocketGraphDeployerFront@flamestream-benchmarks-worker-1
07:22:38.416 [worker-akka.actor.default-dispatcher-17] INFO  a.a.LocalActorRef akka://worker/user/watcher/acker - Unregistering front FlameSocketGraphDeployerFront@flamestream-benchmarks-worker-2
2019-10-06T07:23:14.318+0000: 92.103: [GC (Allocation Failure) 2019-10-06T07:23:14.319+0000: 92.103: [DefNew: 409600K->44776K(460800K), 0.0933237 secs] 435507K->90215K(1484800K), 0.0951769 secs] [Times: user=0.07 sys=0.02, real=0.09 secs] 
2019-10-06T07:23:17.657+0000: 95.440: [GC (Allocation Failure) 2019-10-06T07:23:17.657+0000: 95.440: [DefNew: 454376K->134K(460800K), 0.0952829 secs] 499815K->87646K(1484800K), 0.0953759 secs] [Times: user=0.07 sys=0.02, real=0.09 secs] 
2019-10-06T07:23:20.779+0000: 98.563: [GC (Allocation Failure) 2019-10-06T07:23:20.779+0000: 98.563: [DefNew: 409734K->196K(460800K), 0.0036873 secs] 497246K->87708K(1484800K), 0.0078463 secs] [Times: user=0.01 sys=0.00, real=0.01 secs] 
2019-10-06T07:23:23.058+0000: 100.842: [GC (Allocation Failure) 2019-10-06T07:23:23.058+0000: 100.842: [DefNew: 409796K->287K(460800K), 0.0037405 secs] 497308K->87799K(1484800K), 0.0038410 secs] [Times: user=0.01 sys=0.00, real=0.00 secs] 
2019-10-06T07:23:26.178+0000: 103.963: [GC (Allocation Failure) 2019-10-06T07:23:26.179+0000: 103.963: [DefNew: 409887K->223K(460800K), 0.0042858 secs] 497399K->87736K(1484800K), 0.0057268 secs] [Times: user=0.01 sys=0.00, real=0.01 secs] 
2019-10-06T07:23:28.851+0000: 106.635: [GC (Allocation Failure) 2019-10-06T07:23:28.851+0000: 106.635: [DefNew: 409823K->255K(460800K), 0.0060393 secs] 497336K->87767K(1484800K), 0.0061400 secs] [Times: user=0.01 sys=0.00, real=0.01 secs] 
2019-10-06T07:23:31.821+0000: 109.605: [GC (Allocation Failure) 2019-10-06T07:23:31.821+0000: 109.605: [DefNew: 409855K->186K(460800K), 0.0039229 secs] 497367K->87698K(1484800K), 0.0040286 secs] [Times: user=0.00 sys=0.00, real=0.01 secs] 
2019-10-06T07:23:34.748+0000: 112.531: [GC (Allocation Failure) 2019-10-06T07:23:34.748+0000: 112.532: [DefNew: 409786K->236K(460800K), 0.0041349 secs] 497298K->87748K(1484800K), 0.0042356 secs] [Times: user=0.00 sys=0.00, real=0.00 secs] 
2019-10-06T07:23:37.848+0000: 115.632: [GC (Allocation Failure) 2019-10-06T07:23:37.848+0000: 115.632: [DefNew: 409836K->206K(460800K), 0.0037924 secs] 497348K->87719K(1484800K), 0.0038926 secs] [Times: user=0.00 sys=0.00, real=0.00 secs] 
2019-10-06T07:23:40.887+0000: 118.671: [GC (Allocation Failure) 2019-10-06T07:23:40.887+0000: 118.671: [DefNew: 409806K->195K(460800K), 0.0036810 secs] 497319K->87707K(1484800K), 0.0037943 secs] [Times: user=0.00 sys=0.00, real=0.00 secs] 
2019-10-06T07:23:43.914+0000: 121.697: [GC (Allocation Failure) 2019-10-06T07:23:43.914+0000: 121.697: [DefNew: 409795K->203K(460800K), 0.0037454 secs] 497307K->87716K(1484800K), 0.0038538 secs] [Times: user=0.01 sys=0.00, real=0.01 secs] 
2019-10-06T07:23:47.408+0000: 125.192: [GC (Allocation Failure) 2019-10-06T07:23:47.408+0000: 125.192: [DefNew: 409803K->438K(460800K), 0.0046756 secs] 497316K->87950K(1484800K), 0.0047804 secs] [Times: user=0.00 sys=0.00, real=0.00 secs] 
2019-10-06T07:23:50.579+0000: 128.362: [GC (Allocation Failure) 2019-10-06T07:23:50.579+0000: 128.362: [DefNew: 410038K->500K(460800K), 0.0042358 secs] 497550K->88013K(1484800K), 0.0043574 secs] [Times: user=0.00 sys=0.01, real=0.01 secs] 
2019-10-06T07:23:53.837+0000: 131.621: [GC (Allocation Failure) 2019-10-06T07:23:53.837+0000: 131.621: [DefNew: 410100K->594K(460800K), 0.0047106 secs] 497613K->88107K(1484800K), 0.0048148 secs] [Times: user=0.01 sys=0.00, real=0.00 secs] 
2019-10-06T07:23:57.123+0000: 134.906: [GC (Allocation Failure) 2019-10-06T07:23:57.123+0000: 134.906: [DefNew: 410194K->591K(460800K), 0.0041476 secs] 497707K->88103K(1484800K), 0.0042483 secs] [Times: user=0.00 sys=0.00, real=0.01 secs] 
2019-10-06T07:24:00.371+0000: 138.154: [GC (Allocation Failure) 2019-10-06T07:24:00.371+0000: 138.154: [DefNew: 410191K->674K(460800K), 0.0046234 secs] 497703K->88186K(1484800K), 0.0047299 secs] [Times: user=0.00 sys=0.00, real=0.01 secs] 
2019-10-06T07:24:03.609+0000: 141.393: [GC (Allocation Failure) 2019-10-06T07:24:03.609+0000: 141.393: [DefNew: 410274K->684K(460800K), 0.0046021 secs] 497786K->88234K(1484800K), 0.0046979 secs] [Times: user=0.00 sys=0.00, real=0.00 secs] 
2019-10-06T07:24:06.805+0000: 144.588: [GC (Allocation Failure) 2019-10-06T07:24:06.805+0000: 144.588: [DefNew: 410284K->727K(460800K), 0.0046050 secs] 497834K->88310K(1484800K), 0.0047149 secs] [Times: user=0.00 sys=0.00, real=0.00 secs] 
2019-10-06T07:24:09.968+0000: 147.752: [GC (Allocation Failure) 2019-10-06T07:24:09.968+0000: 147.752: [DefNew: 410327K->757K(460800K), 0.0044560 secs] 497910K->88339K(1484800K), 0.0045619 secs] [Times: user=0.00 sys=0.00, real=0.00 secs] 
2019-10-06T07:24:13.001+0000: 150.785: [GC (Allocation Failure) 2019-10-06T07:24:13.001+0000: 150.785: [DefNew: 410357K->745K(460800K), 0.0043984 secs] 497939K->88335K(1484800K), 0.0046574 secs] [Times: user=0.01 sys=0.00, real=0.01 secs] 
2019-10-06T07:24:16.040+0000: 153.824: [GC (Allocation Failure) 2019-10-06T07:24:16.041+0000: 153.824: [DefNew: 410345K->743K(460800K), 0.0045979 secs] 497935K->88335K(1484800K), 0.0046970 secs] [Times: user=0.00 sys=0.00, real=0.01 secs] 
2019-10-06T07:24:19.078+0000: 156.862: [GC (Allocation Failure) 2019-10-06T07:24:19.078+0000: 156.862: [DefNew: 410343K->742K(460800K), 0.0047585 secs] 497935K->88334K(1484800K), 0.0048552 secs] [Times: user=0.01 sys=0.00, real=0.00 secs] 
2019-10-06T07:24:22.113+0000: 159.897: [GC (Allocation Failure) 2019-10-06T07:24:22.113+0000: 159.897: [DefNew: 410342K->743K(460800K), 0.0045408 secs] 497934K->88336K(1484800K), 0.0046519 secs] [Times: user=0.00 sys=0.00, real=0.01 secs] 
2019-10-06T07:24:25.138+0000: 162.921: [GC (Allocation Failure) 2019-10-06T07:24:25.138+0000: 162.921: [DefNew: 410343K->752K(460800K), 0.0047891 secs] 497936K->88346K(1484800K), 0.0048953 secs] [Times: user=0.00 sys=0.00, real=0.00 secs] 
2019-10-06T07:24:28.147+0000: 165.931: [GC (Allocation Failure) 2019-10-06T07:24:28.148+0000: 165.931: [DefNew: 410352K->758K(460800K), 0.0043322 secs] 497946K->88352K(1484800K), 0.0044319 secs] [Times: user=0.00 sys=0.00, real=0.00 secs] 
2019-10-06T07:24:31.182+0000: 168.965: [GC (Allocation Failure) 2019-10-06T07:24:31.182+0000: 168.965: [DefNew: 410358K->740K(460800K), 0.0042321 secs] 497952K->88334K(1484800K), 0.0043415 secs] [Times: user=0.01 sys=0.00, real=0.01 secs] 
2019-10-06T07:24:34.189+0000: 171.972: [GC (Allocation Failure) 2019-10-06T07:24:34.189+0000: 171.972: [DefNew: 410340K->490K(460800K), 0.0044196 secs] 497934K->88335K(1484800K), 0.0045127 secs] [Times: user=0.00 sys=0.00, real=0.00 secs] 
2019-10-06T07:24:37.240+0000: 175.024: [GC (Allocation Failure) 2019-10-06T07:24:37.240+0000: 175.024: [DefNew: 410090K->424K(460800K), 0.0039481 secs] 497935K->88324K(1484800K), 0.0040497 secs] [Times: user=0.00 sys=0.00, real=0.01 secs] 
2019-10-06T07:24:40.265+0000: 178.050: [GC (Allocation Failure) 2019-10-06T07:24:40.266+0000: 178.050: [DefNew: 410024K->377K(460800K), 0.0041002 secs] 497924K->88333K(1484800K), 0.0057013 secs] [Times: user=0.01 sys=0.00, real=0.00 secs] 
2019-10-06T07:24:43.295+0000: 181.079: [GC (Allocation Failure) 2019-10-06T07:24:43.295+0000: 181.079: [DefNew: 409977K->347K(460800K), 0.0041227 secs] 497933K->88356K(1484800K), 0.0042232 secs] [Times: user=0.01 sys=0.00, real=0.00 secs] 
2019-10-06T07:24:46.360+0000: 184.144: [GC (Allocation Failure) 2019-10-06T07:24:46.360+0000: 184.144: [DefNew: 409947K->483K(460800K), 0.0046248 secs] 497956K->88564K(1484800K), 0.0047345 secs] [Times: user=0.00 sys=0.00, real=0.01 secs] 
2019-10-06T07:24:49.607+0000: 187.390: [GC (Allocation Failure) 2019-10-06T07:24:49.607+0000: 187.390: [DefNew: 410083K->457K(460800K), 0.0050721 secs] 498164K->88594K(1484800K), 0.0051678 secs] [Times: user=0.00 sys=0.01, real=0.00 secs] 
2019-10-06T07:24:52.776+0000: 190.559: [GC (Allocation Failure) 2019-10-06T07:24:52.776+0000: 190.559: [DefNew: 410057K->435K(460800K), 0.0042643 secs] 498194K->88643K(1484800K), 0.0043788 secs] [Times: user=0.00 sys=0.00, real=0.00 secs] 
2019-10-06T07:24:55.916+0000: 193.699: [GC (Allocation Failure) 2019-10-06T07:24:55.916+0000: 193.699: [DefNew: 410035K->422K(460800K), 0.0040346 secs] 498243K->88649K(1484800K), 0.0041279 secs] [Times: user=0.00 sys=0.00, real=0.00 secs] 
2019-10-06T07:24:59.116+0000: 196.900: [GC (Allocation Failure) 2019-10-06T07:24:59.116+0000: 196.900: [DefNew: 410022K->469K(460800K), 0.0040353 secs] 498249K->88697K(1484800K), 0.0041430 secs] [Times: user=0.00 sys=0.00, real=0.00 secs] 
2019-10-06T07:25:02.249+0000: 200.033: [GC (Allocation Failure) 2019-10-06T07:25:02.249+0000: 200.033: [DefNew: 410069K->512K(460800K), 0.0040735 secs] 498297K->88740K(1484800K), 0.0041782 secs] [Times: user=0.00 sys=0.00, real=0.00 secs] 
2019-10-06T07:25:05.398+0000: 203.182: [GC (Allocation Failure) 2019-10-06T07:25:05.398+0000: 203.182: [DefNew: 410112K->552K(460800K), 0.0042124 secs] 498340K->88780K(1484800K), 0.0043098 secs] [Times: user=0.00 sys=0.00, real=0.00 secs] 
2019-10-06T07:25:08.763+0000: 206.546: [GC (Allocation Failure) 2019-10-06T07:25:08.763+0000: 206.546: [DefNew: 410152K->603K(460800K), 0.0044067 secs] 498380K->88831K(1484800K), 0.0045245 secs] [Times: user=0.00 sys=0.00, real=0.01 secs] 
2019-10-06T07:25:11.822+0000: 209.606: [GC (Allocation Failure) 2019-10-06T07:25:11.822+0000: 209.606: [DefNew: 410203K->625K(460800K), 0.0041823 secs] 498431K->88853K(1484800K), 0.0042734 secs] [Times: user=0.00 sys=0.00, real=0.01 secs] 
2019-10-06T07:25:14.866+0000: 212.650: [GC (Allocation Failure) 2019-10-06T07:25:14.866+0000: 212.650: [DefNew: 410225K->658K(460800K), 0.0043697 secs] 498453K->88886K(1484800K), 0.0044619 secs] [Times: user=0.00 sys=0.00, real=0.00 secs] 
2019-10-06T07:25:17.893+0000: 215.677: [GC (Allocation Failure) 2019-10-06T07:25:17.894+0000: 215.677: [DefNew: 410258K->619K(460800K), 0.0041036 secs] 498486K->88847K(1484800K), 0.0042310 secs] [Times: user=0.01 sys=0.00, real=0.01 secs] 
2019-10-06T07:25:20.926+0000: 218.709: [GC (Allocation Failure) 2019-10-06T07:25:20.926+0000: 218.709: [DefNew: 410219K->639K(460800K), 0.0043932 secs] 498447K->88867K(1484800K), 0.0044985 secs] [Times: user=0.00 sys=0.00, real=0.00 secs] 
2019-10-06T07:25:23.957+0000: 221.741: [GC (Allocation Failure) 2019-10-06T07:25:23.957+0000: 221.741: [DefNew: 410239K->633K(460800K), 0.0043388 secs] 498467K->88862K(1484800K), 0.0044457 secs] [Times: user=0.00 sys=0.00, real=0.00 secs] 
2019-10-06T07:25:26.999+0000: 224.783: [GC (Allocation Failure) 2019-10-06T07:25:26.999+0000: 224.783: [DefNew: 410233K->637K(460800K), 0.0043558 secs] 498462K->88866K(1484800K), 0.0044528 secs] [Times: user=0.00 sys=0.00, real=0.01 secs] 
2019-10-06T07:25:30.023+0000: 227.806: [GC (Allocation Failure) 2019-10-06T07:25:30.023+0000: 227.806: [DefNew: 410237K->619K(460800K), 0.0041395 secs] 498466K->88848K(1484800K), 0.0042427 secs] [Times: user=0.00 sys=0.00, real=0.01 secs] 
2019-10-06T07:25:33.051+0000: 230.834: [GC (Allocation Failure) 2019-10-06T07:25:33.051+0000: 230.834: [DefNew: 410219K->423K(460800K), 0.0044540 secs] 498448K->88848K(1484800K), 0.0045507 secs] [Times: user=0.00 sys=0.00, real=0.00 secs] 
2019-10-06T07:25:36.075+0000: 233.858: [GC (Allocation Failure) 2019-10-06T07:25:36.075+0000: 233.858: [DefNew: 410023K->372K(460800K), 0.0041733 secs] 498448K->88848K(1484800K), 0.0042837 secs] [Times: user=0.00 sys=0.00, real=0.01 secs] 
2019-10-06T07:25:39.120+0000: 236.903: [GC (Allocation Failure) 2019-10-06T07:25:39.120+0000: 236.903: [DefNew: 409972K->319K(460800K), 0.0039071 secs] 498448K->88848K(1484800K), 0.0039977 secs] [Times: user=0.00 sys=0.00, real=0.01 secs] 
2019-10-06T07:25:42.119+0000: 239.903: [GC (Allocation Failure) 2019-10-06T07:25:42.119+0000: 239.903: [DefNew: 409919K->314K(460800K), 0.0039116 secs] 498448K->88857K(1484800K), 0.0040059 secs] [Times: user=0.00 sys=0.00, real=0.01 secs] 
2019-10-06T07:25:45.191+0000: 242.975: [GC (Allocation Failure) 2019-10-06T07:25:45.191+0000: 242.975: [DefNew: 409914K->475K(460800K), 0.0044667 secs] 498457K->89069K(1484800K), 0.0045761 secs] [Times: user=0.00 sys=0.00, real=0.01 secs] 
2019-10-06T07:25:48.268+0000: 246.052: [GC (Allocation Failure) 2019-10-06T07:25:48.268+0000: 246.052: [DefNew: 410075K->414K(460800K), 0.0040785 secs] 498669K->89048K(1484800K), 0.0041791 secs] [Times: user=0.00 sys=0.00, real=0.00 secs] 
2019-10-06T07:25:51.421+0000: 249.204: [GC (Allocation Failure) 2019-10-06T07:25:51.421+0000: 249.204: [DefNew: 410014K->493K(460800K), 0.0043179 secs] 498648K->89167K(1484800K), 0.0044170 secs] [Times: user=0.00 sys=0.00, real=0.01 secs] 
2019-10-06T07:25:54.503+0000: 252.287: [GC (Allocation Failure) 2019-10-06T07:25:54.503+0000: 252.287: [DefNew: 410093K->452K(460800K), 0.0042228 secs] 498767K->89171K(1484800K), 0.0043254 secs] [Times: user=0.01 sys=0.00, real=0.00 secs] 
2019-10-06T07:25:57.578+0000: 255.362: [GC (Allocation Failure) 2019-10-06T07:25:57.578+0000: 255.362: [DefNew: 410052K->472K(460800K), 0.0041958 secs] 498771K->89214K(1484800K), 0.0042849 secs] [Times: user=0.01 sys=0.00, real=0.00 secs] 
2019-10-06T07:26:00.732+0000: 258.516: [GC (Allocation Failure) 2019-10-06T07:26:00.732+0000: 258.516: [DefNew: 410072K->497K(460800K), 0.0041776 secs] 498814K->89238K(1484800K), 0.0042659 secs] [Times: user=0.00 sys=0.00, real=0.01 secs] 
2019-10-06T07:26:03.853+0000: 261.637: [GC (Allocation Failure) 2019-10-06T07:26:03.853+0000: 261.637: [DefNew: 410097K->545K(460800K), 0.0041407 secs] 498838K->89287K(1484800K), 0.0042336 secs] [Times: user=0.00 sys=0.00, real=0.01 secs] 
2019-10-06T07:26:06.955+0000: 264.738: [GC (Allocation Failure) 2019-10-06T07:26:06.955+0000: 264.738: [DefNew: 410145K->599K(460800K), 0.0042351 secs] 498887K->89341K(1484800K), 0.0043298 secs] [Times: user=0.01 sys=0.00, real=0.01 secs] 
2019-10-06T07:26:10.035+0000: 267.818: [GC (Allocation Failure) 2019-10-06T07:26:10.035+0000: 267.818: [DefNew: 410199K->631K(460800K), 0.0044349 secs] 498941K->89373K(1484800K), 0.0045352 secs] [Times: user=0.00 sys=0.01, real=0.01 secs] 
2019-10-06T07:26:13.073+0000: 270.856: [GC (Allocation Failure) 2019-10-06T07:26:13.073+0000: 270.856: [DefNew: 410231K->650K(460800K), 0.0041247 secs] 498973K->89392K(1484800K), 0.0042311 secs] [Times: user=0.01 sys=0.00, real=0.01 secs] 
2019-10-06T07:26:16.098+0000: 273.881: [GC (Allocation Failure) 2019-10-06T07:26:16.098+0000: 273.881: [DefNew: 410250K->640K(460800K), 0.0041151 secs] 498992K->89382K(1484800K), 0.0042015 secs] [Times: user=0.00 sys=0.00, real=0.00 secs] 
2019-10-06T07:26:19.089+0000: 276.873: [GC (Allocation Failure) 2019-10-06T07:26:19.089+0000: 276.873: [DefNew: 410240K->633K(460800K), 0.0041321 secs] 498982K->89375K(1484800K), 0.0042338 secs] [Times: user=0.00 sys=0.00, real=0.00 secs] 
2019-10-06T07:26:22.100+0000: 279.883: [GC (Allocation Failure) 2019-10-06T07:26:22.100+0000: 279.883: [DefNew: 410233K->631K(460800K), 0.0041202 secs] 498975K->89373K(1484800K), 0.0042061 secs] [Times: user=0.00 sys=0.00, real=0.01 secs] 
2019-10-06T07:26:25.112+0000: 282.896: [GC (Allocation Failure) 2019-10-06T07:26:25.112+0000: 282.896: [DefNew: 410231K->631K(460800K), 0.0040265 secs] 498973K->89373K(1484800K), 0.0041322 secs] [Times: user=0.01 sys=0.00, real=0.01 secs] 
2019-10-06T07:26:28.143+0000: 285.927: [GC (Allocation Failure) 2019-10-06T07:26:28.143+0000: 285.927: [DefNew: 410231K->650K(460800K), 0.0041065 secs] 498973K->89391K(1484800K), 0.0041971 secs] [Times: user=0.00 sys=0.00, real=0.00 secs] 
2019-10-06T07:26:31.129+0000: 288.913: [GC (Allocation Failure) 2019-10-06T07:26:31.130+0000: 288.913: [DefNew: 410249K->460K(460800K), 0.0043488 secs] 498991K->89387K(1484800K), 0.0044580 secs] [Times: user=0.01 sys=0.00, real=0.00 secs] 
2019-10-06T07:26:33.740+0000: 291.524: [GC (Allocation Failure) 2019-10-06T07:26:33.741+0000: 291.524: [DefNew: 410060K->452K(460800K), 0.0040281 secs] 498987K->89406K(1484800K), 0.0041284 secs] [Times: user=0.01 sys=0.00, real=0.01 secs] 
2019-10-06T07:26:36.377+0000: 294.161: [GC (Allocation Failure) 2019-10-06T07:26:36.377+0000: 294.161: [DefNew: 410052K->383K(460800K), 0.0040208 secs] 499006K->89405K(1484800K), 0.0041339 secs] [Times: user=0.01 sys=0.00, real=0.00 secs] 
2019-10-06T07:26:39.014+0000: 296.797: [GC (Allocation Failure) 2019-10-06T07:26:39.014+0000: 296.797: [DefNew: 409983K->323K(460800K), 0.0039237 secs] 499005K->89387K(1484800K), 0.0040090 secs] [Times: user=0.01 sys=0.00, real=0.01 secs] 
2019-10-06T07:26:41.653+0000: 299.437: [GC (Allocation Failure) 2019-10-06T07:26:41.654+0000: 299.437: [DefNew: 409923K->286K(460800K), 0.0040827 secs] 498987K->89393K(1484800K), 0.0053856 secs] [Times: user=0.00 sys=0.00, real=0.01 secs] 
2019-10-06T07:26:44.282+0000: 302.066: [GC (Allocation Failure) 2019-10-06T07:26:44.282+0000: 302.066: [DefNew: 409886K->273K(460800K), 0.0037438 secs] 498993K->89394K(1484800K), 0.0038252 secs] [Times: user=0.00 sys=0.00, real=0.01 secs] 
2019-10-06T07:26:46.917+0000: 304.701: [GC (Allocation Failure) 2019-10-06T07:26:46.917+0000: 304.701: [DefNew: 409873K->356K(460800K), 0.0042566 secs] 498994K->89540K(1484800K), 0.0043694 secs] [Times: user=0.01 sys=0.00, real=0.00 secs] 
2019-10-06T07:26:49.576+0000: 307.360: [GC (Allocation Failure) 2019-10-06T07:26:49.576+0000: 307.360: [DefNew: 409956K->354K(460800K), 0.0041408 secs] 499140K->89588K(1484800K), 0.0042303 secs] [Times: user=0.01 sys=0.00, real=0.00 secs] 
2019-10-06T07:26:52.261+0000: 310.045: [GC (Allocation Failure) 2019-10-06T07:26:52.261+0000: 310.045: [DefNew: 409954K->336K(460800K), 0.0039972 secs] 499188K->89602K(1484800K), 0.0040897 secs] [Times: user=0.01 sys=0.00, real=0.01 secs] 
2019-10-06T07:26:54.863+0000: 312.646: [GC (Allocation Failure) 2019-10-06T07:26:54.863+0000: 312.646: [DefNew: 409936K->364K(460800K), 0.0039418 secs] 499202K->89630K(1484800K), 0.0040349 secs] [Times: user=0.01 sys=0.00, real=0.01 secs] 
2019-10-06T07:26:57.508+0000: 315.292: [GC (Allocation Failure) 2019-10-06T07:26:57.508+0000: 315.292: [DefNew: 409964K->411K(460800K), 0.0041165 secs] 499230K->89677K(1484800K), 0.0042109 secs] [Times: user=0.01 sys=0.00, real=0.00 secs] 
2019-10-06T07:27:00.202+0000: 317.986: [GC (Allocation Failure) 2019-10-06T07:27:00.202+0000: 317.986: [DefNew: 410011K->445K(460800K), 0.0038992 secs] 499277K->89712K(1484800K), 0.0039927 secs] [Times: user=0.00 sys=0.00, real=0.01 secs] 
2019-10-06T07:27:02.845+0000: 320.630: [GC (Allocation Failure) 2019-10-06T07:27:02.846+0000: 320.630: [DefNew: 410045K->479K(460800K), 0.0041873 secs] 499312K->89745K(1484800K), 0.0053426 secs] [Times: user=0.01 sys=0.00, real=0.00 secs] 
2019-10-06T07:27:05.500+0000: 323.284: [GC (Allocation Failure) 2019-10-06T07:27:05.500+0000: 323.284: [DefNew: 410079K->503K(460800K), 0.0040966 secs] 499345K->89770K(1484800K), 0.0042106 secs] [Times: user=0.00 sys=0.00, real=0.01 secs] 
2019-10-06T07:27:08.167+0000: 325.952: [GC (Allocation Failure) 2019-10-06T07:27:08.169+0000: 325.952: [DefNew: 410103K->566K(460800K), 0.0044138 secs] 499370K->89832K(1484800K), 0.0058668 secs] [Times: user=0.01 sys=0.00, real=0.00 secs] 
2019-10-06T07:27:10.795+0000: 328.579: [GC (Allocation Failure) 2019-10-06T07:27:10.795+0000: 328.579: [DefNew: 410166K->575K(460800K), 0.0044802 secs] 499432K->89842K(1484800K), 0.0046120 secs] [Times: user=0.01 sys=0.00, real=0.01 secs] 
2019-10-06T07:27:13.407+0000: 331.190: [GC (Allocation Failure) 2019-10-06T07:27:13.407+0000: 331.191: [DefNew: 410175K->576K(460800K), 0.0039537 secs] 499442K->89842K(1484800K), 0.0040596 secs] [Times: user=0.01 sys=0.00, real=0.00 secs] 
2019-10-06T07:27:16.039+0000: 333.823: [GC (Allocation Failure) 2019-10-06T07:27:16.040+0000: 333.823: [DefNew: 410176K->628K(460800K), 0.0044280 secs] 499442K->89894K(1484800K), 0.0045371 secs] [Times: user=0.00 sys=0.00, real=0.01 secs] 
2019-10-06T07:27:18.631+0000: 336.416: [GC (Allocation Failure) 2019-10-06T07:27:18.633+0000: 336.416: [DefNew: 410228K->589K(460800K), 0.0044846 secs] 499494K->89856K(1484800K), 0.0058541 secs] [Times: user=0.00 sys=0.00, real=0.01 secs] 
2019-10-06T07:27:21.242+0000: 339.025: [GC (Allocation Failure) 2019-10-06T07:27:21.242+0000: 339.025: [DefNew: 410189K->576K(460800K), 0.0041043 secs] 499456K->89843K(1484800K), 0.0042167 secs] [Times: user=0.00 sys=0.00, real=0.01 secs] 
2019-10-06T07:27:23.853+0000: 341.636: [GC (Allocation Failure) 2019-10-06T07:27:23.853+0000: 341.636: [DefNew: 410176K->576K(460800K), 0.0041797 secs] 499443K->89843K(1484800K), 0.0042702 secs] [Times: user=0.00 sys=0.00, real=0.01 secs] 
2019-10-06T07:27:26.478+0000: 344.261: [GC (Allocation Failure) 2019-10-06T07:27:26.478+0000: 344.261: [DefNew: 410176K->400K(460800K), 0.0043792 secs] 499443K->89846K(1484800K), 0.0044701 secs] [Times: user=0.01 sys=0.00, real=0.00 secs] 
2019-10-06T07:27:29.074+0000: 346.858: [GC (Allocation Failure) 2019-10-06T07:27:29.075+0000: 346.858: [DefNew: 410000K->381K(460800K), 0.0041137 secs] 499446K->89849K(1484800K), 0.0054077 secs] [Times: user=0.00 sys=0.00, real=0.01 secs] 
2019-10-06T07:27:31.703+0000: 349.486: [GC (Allocation Failure) 2019-10-06T07:27:31.703+0000: 349.486: [DefNew: 409981K->372K(460800K), 0.0041306 secs] 499449K->89868K(1484800K), 0.0042348 secs] [Times: user=0.01 sys=0.00, real=0.01 secs] 
2019-10-06T07:27:34.331+0000: 352.114: [GC (Allocation Failure) 2019-10-06T07:27:34.331+0000: 352.114: [DefNew: 409972K->326K(460800K), 0.0042547 secs] 499468K->89849K(1484800K), 0.0043613 secs] [Times: user=0.00 sys=0.00, real=0.00 secs] 
2019-10-06T07:27:36.941+0000: 354.725: [GC (Allocation Failure) 2019-10-06T07:27:36.942+0000: 354.725: [DefNew: 409926K->279K(460800K), 0.0045011 secs] 499449K->89849K(1484800K), 0.0046013 secs] [Times: user=0.00 sys=0.01, real=0.01 secs] 
2019-10-06T07:27:39.562+0000: 357.347: [GC (Allocation Failure) 2019-10-06T07:27:39.564+0000: 357.347: [DefNew: 409879K->237K(460800K), 0.0041976 secs] 499449K->89849K(1484800K), 0.0060324 secs] [Times: user=0.01 sys=0.00, real=0.01 secs] 
2019-10-06T07:27:42.195+0000: 359.978: [GC (Allocation Failure) 2019-10-06T07:27:42.195+0000: 359.978: [DefNew: 409837K->213K(460800K), 0.0039152 secs] 499449K->89849K(1484800K), 0.0040064 secs] [Times: user=0.01 sys=0.00, real=0.01 secs] 
2019-10-06T07:27:44.828+0000: 362.613: [GC (Allocation Failure) 2019-10-06T07:27:44.829+0000: 362.613: [DefNew: 409813K->186K(460800K), 0.0039329 secs] 499449K->89849K(1484800K), 0.0055073 secs] [Times: user=0.00 sys=0.00, real=0.00 secs] 
2019-10-06T07:27:47.462+0000: 365.246: [GC (Allocation Failure) 2019-10-06T07:27:47.462+0000: 365.246: [DefNew: 409786K->199K(460800K), 0.0041369 secs] 499449K->89925K(1484800K), 0.0042173 secs] [Times: user=0.00 sys=0.00, real=0.01 secs] 
2019-10-06T07:27:50.090+0000: 367.874: [GC (Allocation Failure) 2019-10-06T07:27:50.091+0000: 367.875: [DefNew: 409799K->189K(460800K), 0.0039930 secs] 499525K->89924K(1484800K), 0.0052265 secs] [Times: user=0.00 sys=0.00, real=0.00 secs] 
2019-10-06T07:27:52.757+0000: 370.540: [GC (Allocation Failure) 2019-10-06T07:27:52.757+0000: 370.540: [DefNew: 409789K->202K(460800K), 0.0037305 secs] 499524K->89937K(1484800K), 0.0038197 secs] [Times: user=0.00 sys=0.00, real=0.00 secs] 
2019-10-06T07:27:55.678+0000: 373.461: [GC (Allocation Failure) 2019-10-06T07:27:55.678+0000: 373.461: [DefNew: 409802K->292K(460800K), 0.0075452 secs] 499537K->90027K(1484800K), 0.0076351 secs] [Times: user=0.01 sys=0.00, real=0.01 secs] 
2019-10-06T07:27:58.537+0000: 376.321: [GC (Allocation Failure) 2019-10-06T07:27:58.538+0000: 376.321: [DefNew: 409892K->245K(460800K), 0.0038279 secs] 499627K->89981K(1484800K), 0.0039345 secs] [Times: user=0.01 sys=0.00, real=0.00 secs] 
2019-10-06T07:28:00.976+0000: 378.761: [GC (Allocation Failure) 2019-10-06T07:28:00.978+0000: 378.761: [DefNew: 409845K->279K(460800K), 0.0039089 secs] 499581K->90014K(1484800K), 0.0052115 secs] [Times: user=0.01 sys=0.00, real=0.00 secs] 
2019-10-06T07:28:03.921+0000: 381.704: [GC (Allocation Failure) 2019-10-06T07:28:03.921+0000: 381.704: [DefNew: 409879K->306K(460800K), 0.0038286 secs] 499614K->90041K(1484800K), 0.0039191 secs] [Times: user=0.00 sys=0.00, real=0.01 secs] 
2019-10-06T07:28:06.163+0000: 383.947: [GC (Allocation Failure) 2019-10-06T07:28:06.164+0000: 383.947: [DefNew: 409906K->475K(460800K), 0.0044178 secs] 499641K->90215K(1484800K), 0.0058397 secs] [Times: user=0.01 sys=0.00, real=0.01 secs] 
2019-10-06T07:28:08.669+0000: 386.452: [GC (Allocation Failure) 2019-10-06T07:28:08.669+0000: 386.452: [DefNew: 410075K->340K(460800K), 0.0040290 secs] 499815K->90081K(1484800K), 0.0041390 secs] [Times: user=0.00 sys=0.00, real=0.00 secs] 
2019-10-06T07:28:11.321+0000: 389.104: [GC (Allocation Failure) 2019-10-06T07:28:11.321+0000: 389.104: [DefNew: 409940K->342K(460800K), 0.0039308 secs] 499681K->90084K(1484800K), 0.0040226 secs] [Times: user=0.00 sys=0.00, real=0.01 secs] 
2019-10-06T07:28:13.929+0000: 391.712: [GC (Allocation Failure) 2019-10-06T07:28:13.929+0000: 391.712: [DefNew: 409942K->348K(460800K), 0.0041737 secs] 499684K->90090K(1484800K), 0.0042815 secs] [Times: user=0.00 sys=0.00, real=0.00 secs] 
2019-10-06T07:28:16.562+0000: 394.347: [GC (Allocation Failure) 2019-10-06T07:28:16.563+0000: 394.347: [DefNew: 409948K->386K(460800K), 0.0042970 secs] 499690K->90127K(1484800K), 0.0058556 secs] [Times: user=0.01 sys=0.00, real=0.01 secs] 
2019-10-06T07:28:19.177+0000: 396.960: [GC (Allocation Failure) 2019-10-06T07:28:19.177+0000: 396.960: [DefNew: 409986K->348K(460800K), 0.0039018 secs] 499727K->90090K(1484800K), 0.0039945 secs] [Times: user=0.01 sys=0.00, real=0.00 secs] 
2019-10-06T07:28:21.796+0000: 399.581: [GC (Allocation Failure) 2019-10-06T07:28:21.797+0000: 399.581: [DefNew: 409948K->338K(460800K), 0.0043772 secs] 499690K->90079K(1484800K), 0.0057141 secs] [Times: user=0.00 sys=0.00, real=0.00 secs] 
2019-10-06T07:28:24.446+0000: 402.229: [GC (Allocation Failure) 2019-10-06T07:28:24.446+0000: 402.229: [DefNew: 409938K->337K(460800K), 0.0038670 secs] 499679K->90079K(1484800K), 0.0039455 secs] [Times: user=0.00 sys=0.00, real=0.00 secs] 
2019-10-06T07:28:27.068+0000: 404.853: [GC (Allocation Failure) 2019-10-06T07:28:27.070+0000: 404.853: [DefNew: 409937K->312K(460800K), 0.0042088 secs] 499679K->90112K(1484800K), 0.0054297 secs] [Times: user=0.00 sys=0.00, real=0.00 secs] 
2019-10-06T07:28:29.701+0000: 407.485: [GC (Allocation Failure) 2019-10-06T07:28:29.701+0000: 407.485: [DefNew: 409912K->349K(460800K), 0.0039748 secs] 499712K->90159K(1484800K), 0.0040739 secs] [Times: user=0.00 sys=0.01, real=0.01 secs] 
2019-10-06T07:28:32.324+0000: 410.108: [GC (Allocation Failure) 2019-10-06T07:28:32.324+0000: 410.108: [DefNew: 409949K->260K(460800K), 0.0037991 secs] 499759K->90090K(1484800K), 0.0039045 secs] [Times: user=0.01 sys=0.00, real=0.00 secs] 
2019-10-06T07:28:34.951+0000: 412.734: [GC (Allocation Failure) 2019-10-06T07:28:34.951+0000: 412.735: [DefNew: 409860K->223K(460800K), 0.0039222 secs] 499690K->90090K(1484800K), 0.0040191 secs] [Times: user=0.00 sys=0.00, real=0.00 secs] 
2019-10-06T07:28:37.588+0000: 415.373: [GC (Allocation Failure) 2019-10-06T07:28:37.589+0000: 415.373: [DefNew: 409823K->215K(460800K), 0.0037635 secs] 499690K->90090K(1484800K), 0.0050510 secs] [Times: user=0.01 sys=0.00, real=0.00 secs] 
2019-10-06T07:28:40.222+0000: 418.006: [GC (Allocation Failure) 2019-10-06T07:28:40.222+0000: 418.006: [DefNew: 409815K->172K(460800K), 0.0038397 secs] 499690K->90091K(1484800K), 0.0039634 secs] [Times: user=0.00 sys=0.00, real=0.01 secs] 
2019-10-06T07:28:42.858+0000: 420.643: [GC (Allocation Failure) 2019-10-06T07:28:42.860+0000: 420.643: [DefNew: 409772K->156K(460800K), 0.0039813 secs] 499691K->90091K(1484800K), 0.0055067 secs] [Times: user=0.00 sys=0.00, real=0.01 secs] 
2019-10-06T07:28:45.628+0000: 423.411: [GC (Allocation Failure) 2019-10-06T07:28:45.628+0000: 423.411: [DefNew: 409756K->190K(460800K), 0.0040035 secs] 499691K->90133K(1484800K), 0.0041091 secs] [Times: user=0.00 sys=0.00, real=0.00 secs] 
2019-10-06T07:28:48.197+0000: 425.982: [GC (Allocation Failure) 2019-10-06T07:28:48.198+0000: 425.982: [DefNew: 409790K->239K(460800K), 0.0040611 secs] 499733K->90209K(1484800K), 0.0053598 secs] [Times: user=0.00 sys=0.00, real=0.00 secs] 
2019-10-06T07:28:50.773+0000: 428.557: [GC (Allocation Failure) 2019-10-06T07:28:50.773+0000: 428.557: [DefNew: 409839K->277K(460800K), 0.0046830 secs] 499809K->90260K(1484800K), 0.0048003 secs] [Times: user=0.01 sys=0.00, real=0.01 secs] 
2019-10-06T07:28:53.425+0000: 431.210: [GC (Allocation Failure) 2019-10-06T07:28:53.426+0000: 431.210: [DefNew: 409877K->248K(460800K), 0.0040569 secs] 499860K->90231K(1484800K), 0.0053077 secs] [Times: user=0.00 sys=0.00, real=0.00 secs] 
2019-10-06T07:28:56.065+0000: 433.848: [GC (Allocation Failure) 2019-10-06T07:28:56.065+0000: 433.848: [DefNew: 409848K->292K(460800K), 0.0039258 secs] 499831K->90274K(1484800K), 0.0040252 secs] [Times: user=0.01 sys=0.00, real=0.00 secs] 
2019-10-06T07:28:58.723+0000: 436.508: [GC (Allocation Failure) 2019-10-06T07:28:58.724+0000: 436.508: [DefNew: 409892K->255K(460800K), 0.0040618 secs] 499874K->90238K(1484800K), 0.0053703 secs] [Times: user=0.00 sys=0.00, real=0.01 secs] 
2019-10-06T07:29:01.362+0000: 439.146: [GC (Allocation Failure) 2019-10-06T07:29:01.363+0000: 439.146: [DefNew: 409855K->285K(460800K), 0.0039260 secs] 499838K->90268K(1484800K), 0.0040393 secs] [Times: user=0.00 sys=0.00, real=0.01 secs] 
2019-10-06T07:29:04.046+0000: 441.830: [GC (Allocation Failure) 2019-10-06T07:29:04.047+0000: 441.831: [DefNew: 409885K->304K(460800K), 0.0040849 secs] 499868K->90287K(1484800K), 0.0054595 secs] [Times: user=0.00 sys=0.00, real=0.00 secs] 
2019-10-06T07:29:06.685+0000: 444.468: [GC (Allocation Failure) 2019-10-06T07:29:06.685+0000: 444.468: [DefNew: 409904K->313K(460800K), 0.0040069 secs] 499887K->90296K(1484800K), 0.0041094 secs] [Times: user=0.01 sys=0.00, real=0.00 secs] 
2019-10-06T07:29:09.353+0000: 447.137: [GC (Allocation Failure) 2019-10-06T07:29:09.354+0000: 447.137: [DefNew: 409913K->366K(460800K), 0.0039462 secs] 499896K->90349K(1484800K), 0.0051976 secs] [Times: user=0.00 sys=0.00, real=0.01 secs] 
2019-10-06T07:29:11.965+0000: 449.749: [GC (Allocation Failure) 2019-10-06T07:29:11.965+0000: 449.749: [DefNew: 409966K->310K(460800K), 0.0039702 secs] 499949K->90293K(1484800K), 0.0040735 secs] [Times: user=0.01 sys=0.00, real=0.00 secs] 
2019-10-06T07:29:14.595+0000: 452.379: [GC (Allocation Failure) 2019-10-06T07:29:14.596+0000: 452.379: [DefNew: 409910K->329K(460800K), 0.0041387 secs] 499893K->90312K(1484800K), 0.0054067 secs] [Times: user=0.01 sys=0.00, real=0.01 secs] 
2019-10-06T07:29:17.213+0000: 454.996: [GC (Allocation Failure) 2019-10-06T07:29:17.213+0000: 454.996: [DefNew: 409929K->333K(460800K), 0.0039004 secs] 499912K->90316K(1484800K), 0.0040034 secs] [Times: user=0.00 sys=0.00, real=0.01 secs] 
2019-10-06T07:29:19.850+0000: 457.634: [GC (Allocation Failure) 2019-10-06T07:29:19.851+0000: 457.634: [DefNew: 409933K->341K(460800K), 0.0042184 secs] 499916K->90323K(1484800K), 0.0056204 secs] [Times: user=0.00 sys=0.00, real=0.01 secs] 
2019-10-06T07:29:22.452+0000: 460.235: [GC (Allocation Failure) 2019-10-06T07:29:22.452+0000: 460.235: [DefNew: 409941K->391K(460800K), 0.0039577 secs] 499923K->90374K(1484800K), 0.0040564 secs] [Times: user=0.01 sys=0.00, real=0.01 secs] 
2019-10-06T07:29:25.081+0000: 462.866: [GC (Allocation Failure) 2019-10-06T07:29:25.082+0000: 462.866: [DefNew: 409991K->293K(460800K), 0.0042293 secs] 499974K->90319K(1484800K), 0.0057728 secs] [Times: user=0.01 sys=0.00, real=0.01 secs] 
2019-10-06T07:29:27.692+0000: 465.475: [GC (Allocation Failure) 2019-10-06T07:29:27.692+0000: 465.475: [DefNew: 409893K->256K(460800K), 0.0039941 secs] 499919K->90314K(1484800K), 0.0040796 secs] [Times: user=0.00 sys=0.00, real=0.01 secs] 
2019-10-06T07:29:30.307+0000: 468.092: [GC (Allocation Failure) 2019-10-06T07:29:30.308+0000: 468.092: [DefNew: 409856K->206K(460800K), 0.0040067 secs] 499914K->90294K(1484800K), 0.0054202 secs] [Times: user=0.00 sys=0.00, real=0.00 secs] 
2019-10-06T07:29:32.929+0000: 470.712: [GC (Allocation Failure) 2019-10-06T07:29:32.929+0000: 470.712: [DefNew: 409806K->208K(460800K), 0.0040497 secs] 499894K->90319K(1484800K), 0.0041499 secs] [Times: user=0.01 sys=0.00, real=0.00 secs] 
2019-10-06T07:29:35.529+0000: 473.314: [GC (Allocation Failure) 2019-10-06T07:29:35.530+0000: 473.314: [DefNew: 409808K->224K(460800K), 0.0039806 secs] 499919K->90345K(1484800K), 0.0054377 secs] [Times: user=0.00 sys=0.00, real=0.00 secs] 
2019-10-06T07:29:38.163+0000: 475.946: [GC (Allocation Failure) 2019-10-06T07:29:38.163+0000: 475.946: [DefNew: 409824K->188K(460800K), 0.0038248 secs] 499945K->90320K(1484800K), 0.0039335 secs] [Times: user=0.00 sys=0.01, real=0.01 secs] 
2019-10-06T07:29:40.796+0000: 478.581: [GC (Allocation Failure) 2019-10-06T07:29:40.798+0000: 478.581: [DefNew: 409788K->175K(460800K), 0.0042815 secs] 499920K->90318K(1484800K), 0.0057290 secs] [Times: user=0.01 sys=0.00, real=0.00 secs] 
2019-10-06T07:29:43.432+0000: 481.216: [GC (Allocation Failure) 2019-10-06T07:29:43.432+0000: 481.216: [DefNew: 409775K->141K(460800K), 0.0037844 secs] 499918K->90319K(1484800K), 0.0038808 secs] [Times: user=0.01 sys=0.00, real=0.01 secs] 
2019-10-06T07:29:46.325+0000: 484.109: [GC (Allocation Failure) 2019-10-06T07:29:46.326+0000: 484.109: [DefNew: 409741K->164K(460800K), 0.0039442 secs] 499919K->90352K(1484800K), 0.0040476 secs] [Times: user=0.00 sys=0.00, real=0.00 secs] 
2019-10-06T07:29:48.745+0000: 486.528: [GC (Allocation Failure) 2019-10-06T07:29:48.745+0000: 486.528: [DefNew: 409764K->168K(460800K), 0.0042620 secs] 499952K->90365K(1484800K), 0.0043765 secs] [Times: user=0.00 sys=0.00, real=0.00 secs] 
2019-10-06T07:29:51.420+0000: 489.204: [GC (Allocation Failure) 2019-10-06T07:29:51.421+0000: 489.204: [DefNew: 409768K->195K(460800K), 0.0038674 secs] 499965K->90393K(1484800K), 0.0051353 secs] [Times: user=0.00 sys=0.00, real=0.01 secs] 
07:29:51.504 [Client] INFO  c.s.f.r.e.s.SocketRear  - FlameSocketGraphDeployerRear@flamestream-benchmarks-worker-1: has been disconnected from Connection 1
07:29:51.512 [worker-akka.actor.default-dispatcher-9] INFO  a.a.LocalActorRef akka://worker/user/watcher/acker - Unregistering front FlameSocketGraphDeployerFront@flamestream-benchmarks-worker-38
07:29:51.515 [worker-akka.actor.default-dispatcher-9] INFO  a.a.LocalActorRef akka://worker/user/watcher/acker - Unregistering front FlameSocketGraphDeployerFront@flamestream-benchmarks-worker-36
07:29:51.515 [worker-akka.actor.default-dispatcher-9] INFO  a.a.LocalActorRef akka://worker/user/watcher/acker - Unregistering front FlameSocketGraphDeployerFront@flamestream-benchmarks-worker-25
07:29:51.515 [worker-akka.actor.default-dispatcher-9] INFO  a.a.LocalActorRef akka://worker/user/watcher/acker - Unregistering front FlameSocketGraphDeployerFront@flamestream-benchmarks-worker-51
07:29:51.515 [worker-akka.actor.default-dispatcher-9] INFO  a.a.LocalActorRef akka://worker/user/watcher/acker - Unregistering front FlameSocketGraphDeployerFront@flamestream-benchmarks-worker-48
07:29:51.516 [worker-akka.actor.default-dispatcher-9] INFO  a.a.LocalActorRef akka://worker/user/watcher/acker - Unregistering front FlameSocketGraphDeployerFront@flamestream-benchmarks-worker-54
07:29:51.516 [worker-akka.actor.default-dispatcher-9] INFO  a.a.LocalActorRef akka://worker/user/watcher/acker - Unregistering front FlameSocketGraphDeployerFront@flamestream-benchmarks-worker-33
07:29:51.516 [worker-akka.actor.default-dispatcher-9] INFO  a.a.LocalActorRef akka://worker/user/watcher/acker - Unregistering front FlameSocketGraphDeployerFront@flamestream-benchmarks-worker-44
07:29:51.516 [worker-akka.actor.default-dispatcher-9] INFO  a.a.LocalActorRef akka://worker/user/watcher/acker - Unregistering front FlameSocketGraphDeployerFront@flamestream-benchmarks-worker-58
07:29:51.522 [worker-akka.actor.default-dispatcher-12] INFO  a.a.LocalActorRef akka://worker/user/watcher/acker - Unregistering front FlameSocketGraphDeployerFront@flamestream-benchmarks-worker-3
07:29:51.522 [worker-akka.actor.default-dispatcher-12] INFO  a.a.LocalActorRef akka://worker/user/watcher/acker - Unregistering front FlameSocketGraphDeployerFront@flamestream-benchmarks-worker-71
07:29:51.522 [worker-akka.actor.default-dispatcher-12] INFO  a.a.LocalActorRef akka://worker/user/watcher/acker - Unregistering front FlameSocketGraphDeployerFront@flamestream-benchmarks-worker-72
07:29:51.523 [worker-akka.actor.default-dispatcher-12] INFO  a.a.LocalActorRef akka://worker/user/watcher/acker - Unregistering front FlameSocketGraphDeployerFront@flamestream-benchmarks-worker-79
07:29:51.523 [worker-akka.actor.default-dispatcher-12] INFO  a.a.LocalActorRef akka://worker/user/watcher/acker - Unregistering front FlameSocketGraphDeployerFront@flamestream-benchmarks-worker-56
07:29:51.523 [worker-akka.actor.default-dispatcher-12] INFO  a.a.LocalActorRef akka://worker/user/watcher/acker - Unregistering front FlameSocketGraphDeployerFront@flamestream-benchmarks-worker-14
07:29:51.533 [worker-akka.actor.default-dispatcher-9] INFO  a.a.LocalActorRef akka://worker/user/watcher/acker - Unregistering front FlameSocketGraphDeployerFront@flamestream-benchmarks-worker-65
07:29:51.534 [worker-akka.actor.default-dispatcher-9] INFO  a.a.LocalActorRef akka://worker/user/watcher/acker - Unregistering front FlameSocketGraphDeployerFront@flamestream-benchmarks-worker-87
07:29:51.534 [worker-akka.actor.default-dispatcher-9] INFO  a.a.LocalActorRef akka://worker/user/watcher/acker - Unregistering front FlameSocketGraphDeployerFront@flamestream-benchmarks-worker-97
07:29:51.534 [worker-akka.actor.default-dispatcher-9] INFO  a.a.LocalActorRef akka://worker/user/watcher/acker - Unregistering front FlameSocketGraphDeployerFront@flamestream-benchmarks-worker-74
07:29:51.534 [worker-akka.actor.default-dispatcher-9] INFO  a.a.LocalActorRef akka://worker/user/watcher/acker - Unregistering front FlameSocketGraphDeployerFront@flamestream-benchmarks-worker-4
07:29:51.534 [worker-akka.actor.default-dispatcher-9] INFO  a.a.LocalActorRef akka://worker/user/watcher/acker - Unregistering front FlameSocketGraphDeployerFront@flamestream-benchmarks-worker-45
07:29:51.534 [worker-akka.actor.default-dispatcher-9] INFO  a.a.LocalActorRef akka://worker/user/watcher/acker - Unregistering front FlameSocketGraphDeployerFront@flamestream-benchmarks-worker-12
07:29:51.534 [worker-akka.actor.default-dispatcher-9] INFO  a.a.LocalActorRef akka://worker/user/watcher/acker - Unregistering front FlameSocketGraphDeployerFront@flamestream-benchmarks-worker-95
07:29:51.534 [worker-akka.actor.default-dispatcher-9] INFO  a.a.LocalActorRef akka://worker/user/watcher/acker - Unregistering front FlameSocketGraphDeployerFront@flamestream-benchmarks-worker-64
07:29:51.534 [worker-akka.actor.default-dispatcher-9] INFO  a.a.LocalActorRef akka://worker/user/watcher/acker - Unregistering front FlameSocketGraphDeployerFront@flamestream-benchmarks-worker-5
07:29:51.534 [worker-akka.actor.default-dispatcher-12] INFO  a.a.LocalActorRef akka://worker/user/watcher/acker - Unregistering front FlameSocketGraphDeployerFront@flamestream-benchmarks-worker-61
07:29:51.535 [worker-akka.actor.default-dispatcher-12] INFO  a.a.LocalActorRef akka://worker/user/watcher/acker - Unregistering front FlameSocketGraphDeployerFront@flamestream-benchmarks-worker-98
07:29:51.535 [worker-akka.actor.default-dispatcher-12] INFO  a.a.LocalActorRef akka://worker/user/watcher/acker - Unregistering front FlameSocketGraphDeployerFront@flamestream-benchmarks-worker-96
07:29:51.535 [worker-akka.actor.default-dispatcher-12] INFO  a.a.LocalActorRef akka://worker/user/watcher/acker - Unregistering front FlameSocketGraphDeployerFront@flamestream-benchmarks-worker-17
07:29:51.535 [worker-akka.actor.default-dispatcher-12] INFO  a.a.LocalActorRef akka://worker/user/watcher/acker - Unregistering front FlameSocketGraphDeployerFront@flamestream-benchmarks-worker-89
07:29:51.535 [worker-akka.actor.default-dispatcher-12] INFO  a.a.LocalActorRef akka://worker/user/watcher/acker - Unregistering front FlameSocketGraphDeployerFront@flamestream-benchmarks-worker-67
07:29:51.535 [worker-akka.actor.default-dispatcher-12] INFO  a.a.LocalActorRef akka://worker/user/watcher/acker - Unregistering front FlameSocketGraphDeployerFront@flamestream-benchmarks-worker-99
07:29:51.535 [worker-akka.actor.default-dispatcher-12] INFO  a.a.LocalActorRef akka://worker/user/watcher/acker - Unregistering front FlameSocketGraphDeployerFront@flamestream-benchmarks-worker-68
07:29:51.535 [worker-akka.actor.default-dispatcher-12] INFO  a.a.LocalActorRef akka://worker/user/watcher/acker - Unregistering front FlameSocketGraphDeployerFront@flamestream-benchmarks-worker-84
07:29:51.535 [worker-akka.actor.default-dispatcher-12] INFO  a.a.LocalActorRef akka://worker/user/watcher/acker - Unregistering front FlameSocketGraphDeployerFront@flamestream-benchmarks-worker-40
07:29:51.547 [worker-akka.actor.default-dispatcher-9] INFO  a.a.LocalActorRef akka://worker/user/watcher/acker - Unregistering front FlameSocketGraphDeployerFront@flamestream-benchmarks-worker-75
07:29:51.548 [worker-akka.actor.default-dispatcher-9] INFO  a.a.LocalActorRef akka://worker/user/watcher/acker - Unregistering front FlameSocketGraphDeployerFront@flamestream-benchmarks-worker-19
07:29:51.548 [worker-akka.actor.default-dispatcher-9] INFO  a.a.LocalActorRef akka://worker/user/watcher/acker - Unregistering front FlameSocketGraphDeployerFront@flamestream-benchmarks-worker-18
07:29:51.552 [worker-akka.actor.default-dispatcher-9] INFO  a.a.LocalActorRef akka://worker/user/watcher/acker - Unregistering front FlameSocketGraphDeployerFront@flamestream-benchmarks-worker-9
07:29:51.553 [worker-akka.actor.default-dispatcher-9] INFO  a.a.LocalActorRef akka://worker/user/watcher/acker - Unregistering front FlameSocketGraphDeployerFront@flamestream-benchmarks-worker-24
07:29:51.553 [worker-akka.actor.default-dispatcher-9] INFO  a.a.LocalActorRef akka://worker/user/watcher/acker - Unregistering front FlameSocketGraphDeployerFront@flamestream-benchmarks-worker-81
07:29:51.553 [worker-akka.actor.default-dispatcher-9] INFO  a.a.LocalActorRef akka://worker/user/watcher/acker - Unregistering front FlameSocketGraphDeployerFront@flamestream-benchmarks-worker-28
07:29:51.553 [worker-akka.actor.default-dispatcher-9] INFO  a.a.LocalActorRef akka://worker/user/watcher/acker - Unregistering front FlameSocketGraphDeployerFront@flamestream-benchmarks-worker-60
07:29:51.553 [worker-akka.actor.default-dispatcher-9] INFO  a.a.LocalActorRef akka://worker/user/watcher/acker - Unregistering front FlameSocketGraphDeployerFront@flamestream-benchmarks-worker-10
07:29:51.553 [worker-akka.actor.default-dispatcher-9] INFO  a.a.LocalActorRef akka://worker/user/watcher/acker - Unregistering front FlameSocketGraphDeployerFront@flamestream-benchmarks-worker-27
07:29:51.553 [worker-akka.actor.default-dispatcher-9] INFO  a.a.LocalActorRef akka://worker/user/watcher/acker - Unregistering front FlameSocketGraphDeployerFront@flamestream-benchmarks-worker-34
07:29:51.553 [worker-akka.actor.default-dispatcher-9] INFO  a.a.LocalActorRef akka://worker/user/watcher/acker - Unregistering front FlameSocketGraphDeployerFront@flamestream-benchmarks-worker-32
07:29:51.553 [worker-akka.actor.default-dispatcher-9] INFO  a.a.LocalActorRef akka://worker/user/watcher/acker - Unregistering front FlameSocketGraphDeployerFront@flamestream-benchmarks-worker-80
07:29:51.553 [worker-akka.actor.default-dispatcher-9] INFO  a.a.LocalActorRef akka://worker/user/watcher/acker - Unregistering front FlameSocketGraphDeployerFront@flamestream-benchmarks-worker-8
07:29:51.553 [worker-akka.actor.default-dispatcher-9] INFO  a.a.LocalActorRef akka://worker/user/watcher/acker - Unregistering front FlameSocketGraphDeployerFront@flamestream-benchmarks-worker-11
07:29:51.553 [worker-akka.actor.default-dispatcher-9] INFO  a.a.LocalActorRef akka://worker/user/watcher/acker - Unregistering front FlameSocketGraphDeployerFront@flamestream-benchmarks-worker-23
07:29:51.554 [worker-akka.actor.default-dispatcher-9] INFO  a.a.LocalActorRef akka://worker/user/watcher/acker - Unregistering front FlameSocketGraphDeployerFront@flamestream-benchmarks-worker-92
07:29:51.554 [worker-akka.actor.default-dispatcher-9] INFO  a.a.LocalActorRef akka://worker/user/watcher/acker - Unregistering front FlameSocketGraphDeployerFront@flamestream-benchmarks-worker-16
07:29:51.555 [worker-akka.actor.default-dispatcher-17] INFO  a.a.LocalActorRef akka://worker/user/watcher/acker - Unregistering front FlameSocketGraphDeployerFront@flamestream-benchmarks-worker-6
07:29:51.556 [worker-akka.actor.default-dispatcher-9] INFO  a.a.LocalActorRef akka://worker/user/watcher/acker - Unregistering front FlameSocketGraphDeployerFront@flamestream-benchmarks-worker-91
07:29:51.561 [worker-akka.actor.default-dispatcher-9] INFO  a.a.LocalActorRef akka://worker/user/watcher/acker - Unregistering front FlameSocketGraphDeployerFront@flamestream-benchmarks-worker-90
07:29:51.561 [worker-akka.actor.default-dispatcher-9] INFO  a.a.LocalActorRef akka://worker/user/watcher/acker - Unregistering front FlameSocketGraphDeployerFront@flamestream-benchmarks-worker-76
07:29:51.561 [worker-akka.actor.default-dispatcher-9] INFO  a.a.LocalActorRef akka://worker/user/watcher/acker - Unregistering front FlameSocketGraphDeployerFront@flamestream-benchmarks-worker-88
07:29:51.561 [worker-akka.actor.default-dispatcher-9] INFO  a.a.LocalActorRef akka://worker/user/watcher/acker - Unregistering front FlameSocketGraphDeployerFront@flamestream-benchmarks-worker-94
07:29:51.561 [worker-akka.actor.default-dispatcher-9] INFO  a.a.LocalActorRef akka://worker/user/watcher/acker - Unregistering front FlameSocketGraphDeployerFront@flamestream-benchmarks-worker-39
07:29:51.562 [worker-akka.actor.default-dispatcher-9] INFO  a.a.LocalActorRef akka://worker/user/watcher/acker - Unregistering front FlameSocketGraphDeployerFront@flamestream-benchmarks-worker-63
07:29:51.562 [worker-akka.actor.default-dispatcher-9] INFO  a.a.LocalActorRef akka://worker/user/watcher/acker - Unregistering front FlameSocketGraphDeployerFront@flamestream-benchmarks-worker-42
07:29:51.562 [worker-akka.actor.default-dispatcher-9] INFO  a.a.LocalActorRef akka://worker/user/watcher/acker - Unregistering front FlameSocketGraphDeployerFront@flamestream-benchmarks-worker-70
07:29:51.562 [worker-akka.actor.default-dispatcher-9] INFO  a.a.LocalActorRef akka://worker/user/watcher/acker - Unregistering front FlameSocketGraphDeployerFront@flamestream-benchmarks-worker-43
07:29:51.562 [worker-akka.actor.default-dispatcher-9] INFO  a.a.LocalActorRef akka://worker/user/watcher/acker - Unregistering front FlameSocketGraphDeployerFront@flamestream-benchmarks-worker-21
07:29:51.567 [worker-akka.actor.default-dispatcher-17] INFO  a.a.LocalActorRef akka://worker/user/watcher/acker - Unregistering front FlameSocketGraphDeployerFront@flamestream-benchmarks-worker-46
07:29:51.567 [worker-akka.actor.default-dispatcher-17] INFO  a.a.LocalActorRef akka://worker/user/watcher/acker - Unregistering front FlameSocketGraphDeployerFront@flamestream-benchmarks-worker-66
07:29:51.567 [worker-akka.actor.default-dispatcher-17] INFO  a.a.LocalActorRef akka://worker/user/watcher/acker - Unregistering front FlameSocketGraphDeployerFront@flamestream-benchmarks-worker-22
07:29:51.568 [worker-akka.actor.default-dispatcher-17] INFO  a.a.LocalActorRef akka://worker/user/watcher/acker - Unregistering front FlameSocketGraphDeployerFront@flamestream-benchmarks-worker-29
07:29:51.568 [worker-akka.actor.default-dispatcher-17] INFO  a.a.LocalActorRef akka://worker/user/watcher/acker - Unregistering front FlameSocketGraphDeployerFront@flamestream-benchmarks-worker-77
07:29:51.568 [worker-akka.actor.default-dispatcher-17] INFO  a.a.LocalActorRef akka://worker/user/watcher/acker - Unregistering front FlameSocketGraphDeployerFront@flamestream-benchmarks-worker-82
07:29:51.573 [worker-akka.actor.default-dispatcher-17] INFO  a.a.LocalActorRef akka://worker/user/watcher/acker - Unregistering front FlameSocketGraphDeployerFront@flamestream-benchmarks-worker-83
07:29:51.573 [worker-akka.actor.default-dispatcher-17] INFO  a.a.LocalActorRef akka://worker/user/watcher/acker - Unregistering front FlameSocketGraphDeployerFront@flamestream-benchmarks-worker-7
07:29:51.573 [worker-akka.actor.default-dispatcher-17] INFO  a.a.LocalActorRef akka://worker/user/watcher/acker - Unregistering front FlameSocketGraphDeployerFront@flamestream-benchmarks-worker-15
07:29:51.573 [worker-akka.actor.default-dispatcher-17] INFO  a.a.LocalActorRef akka://worker/user/watcher/acker - Unregistering front FlameSocketGraphDeployerFront@flamestream-benchmarks-worker-53
07:29:51.573 [worker-akka.actor.default-dispatcher-17] INFO  a.a.LocalActorRef akka://worker/user/watcher/acker - Unregistering front FlameSocketGraphDeployerFront@flamestream-benchmarks-worker-55
07:29:51.573 [worker-akka.actor.default-dispatcher-17] INFO  a.a.LocalActorRef akka://worker/user/watcher/acker - Unregistering front FlameSocketGraphDeployerFront@flamestream-benchmarks-worker-73
07:29:51.573 [worker-akka.actor.default-dispatcher-17] INFO  a.a.LocalActorRef akka://worker/user/watcher/acker - Unregistering front FlameSocketGraphDeployerFront@flamestream-benchmarks-worker-20
07:29:51.574 [worker-akka.actor.default-dispatcher-17] INFO  a.a.LocalActorRef akka://worker/user/watcher/acker - Unregistering front FlameSocketGraphDeployerFront@flamestream-benchmarks-worker-62
07:29:51.574 [worker-akka.actor.default-dispatcher-17] INFO  a.a.LocalActorRef akka://worker/user/watcher/acker - Unregistering front FlameSocketGraphDeployerFront@flamestream-benchmarks-worker-13
07:29:51.574 [worker-akka.actor.default-dispatcher-17] INFO  a.a.LocalActorRef akka://worker/user/watcher/acker - Unregistering front FlameSocketGraphDeployerFront@flamestream-benchmarks-worker-78
07:29:51.574 [worker-akka.actor.default-dispatcher-17] INFO  a.a.LocalActorRef akka://worker/user/watcher/acker - Unregistering front FlameSocketGraphDeployerFront@flamestream-benchmarks-worker-35
07:29:51.574 [worker-akka.actor.default-dispatcher-17] INFO  a.a.LocalActorRef akka://worker/user/watcher/acker - Unregistering front FlameSocketGraphDeployerFront@flamestream-benchmarks-worker-52
07:29:51.574 [worker-akka.actor.default-dispatcher-17] INFO  a.a.LocalActorRef akka://worker/user/watcher/acker - Unregistering front FlameSocketGraphDeployerFront@flamestream-benchmarks-worker-69
07:29:51.578 [worker-akka.actor.default-dispatcher-12] INFO  a.a.LocalActorRef akka://worker/user/watcher/acker - Unregistering front FlameSocketGraphDeployerFront@flamestream-benchmarks-worker-30
07:29:51.578 [worker-akka.actor.default-dispatcher-12] INFO  a.a.LocalActorRef akka://worker/user/watcher/acker - Unregistering front FlameSocketGraphDeployerFront@flamestream-benchmarks-worker-85
07:29:51.578 [worker-akka.actor.default-dispatcher-12] INFO  a.a.LocalActorRef akka://worker/user/watcher/acker - Unregistering front FlameSocketGraphDeployerFront@flamestream-benchmarks-worker-47
07:29:51.578 [worker-akka.actor.default-dispatcher-12] INFO  a.a.LocalActorRef akka://worker/user/watcher/acker - Unregistering front FlameSocketGraphDeployerFront@flamestream-benchmarks-worker-49
07:29:51.578 [worker-akka.actor.default-dispatcher-12] INFO  a.a.LocalActorRef akka://worker/user/watcher/acker - Unregistering front FlameSocketGraphDeployerFront@flamestream-benchmarks-worker-31
07:29:51.581 [worker-akka.actor.default-dispatcher-12] INFO  a.a.LocalActorRef akka://worker/user/watcher/acker - Unregistering front FlameSocketGraphDeployerFront@flamestream-benchmarks-worker-37
07:29:51.581 [worker-akka.actor.default-dispatcher-12] INFO  a.a.LocalActorRef akka://worker/user/watcher/acker - Unregistering front FlameSocketGraphDeployerFront@flamestream-benchmarks-worker-93
07:29:51.613 [worker-akka.actor.default-dispatcher-12] INFO  a.a.LocalActorRef akka://worker/user/watcher/acker - Unregistering front FlameSocketGraphDeployerFront@flamestream-benchmarks-worker-26
07:29:51.656 [worker-akka.actor.default-dispatcher-12] INFO  a.a.LocalActorRef akka://worker/user/watcher/acker - Unregistering front FlameSocketGraphDeployerFront@flamestream-benchmarks-worker-41
07:29:51.657 [worker-akka.actor.default-dispatcher-12] INFO  a.a.LocalActorRef akka://worker/user/watcher/acker - Unregistering front FlameSocketGraphDeployerFront@flamestream-benchmarks-worker-59
07:29:51.657 [worker-akka.actor.default-dispatcher-12] INFO  a.a.LocalActorRef akka://worker/user/watcher/acker - Unregistering front FlameSocketGraphDeployerFront@flamestream-benchmarks-worker-86
07:29:51.657 [worker-akka.actor.default-dispatcher-12] INFO  a.a.LocalActorRef akka://worker/user/watcher/acker - Unregistering front FlameSocketGraphDeployerFront@flamestream-benchmarks-worker-57
07:29:51.665 [worker-akka.actor.default-dispatcher-12] INFO  a.a.LocalActorRef akka://worker/user/watcher/acker - Unregistering front FlameSocketGraphDeployerFront@flamestream-benchmarks-worker-50
07:29:51.705 [worker-akka.actor.default-dispatcher-12] WARN  c.s.f.r.e.s.SocketRear  - FlameSocketGraphDeployerRear@flamestream-benchmarks-worker-1: writing to closed log
07:29:51.851 [worker-akka.actor.default-dispatcher-12] WARN  c.s.f.r.e.s.SocketRear  - FlameSocketGraphDeployerRear@flamestream-benchmarks-worker-1: writing to closed log
07:29:51.985 [worker-akka.actor.default-dispatcher-12] WARN  c.s.f.r.e.s.SocketRear  - FlameSocketGraphDeployerRear@flamestream-benchmarks-worker-1: writing to closed log
07:31:40.520 [worker-akka.actor.default-dispatcher-12] INFO  a.a.LocalActorRef akka://worker/user/watcher/acker - Stopped
07:31:40.521 [worker-akka.actor.default-dispatcher-16] INFO  a.a.LocalActorRef akka://worker/user/watcher/processing-watcher/graph/edge/FlameSocketGraphDeployerFront - Stopped
07:31:40.523 [worker-akka.actor.default-dispatcher-6] INFO  a.a.LocalActorRef akka://worker/user/watcher/processing-watcher/graph/graph/$+ - Stopped
07:31:40.523 [worker-akka.actor.default-dispatcher-6] INFO  a.a.LocalActorRef akka://worker/user/watcher/processing-watcher/graph/graph/$0 - Stopped
07:31:40.523 [worker-akka.actor.default-dispatcher-6] INFO  a.a.LocalActorRef akka://worker/user/watcher/processing-watcher/graph/graph/$1 - Stopped
07:31:40.523 [worker-akka.actor.default-dispatcher-6] INFO  a.a.LocalActorRef akka://worker/user/watcher/processing-watcher/graph/graph/$2 - Stopped
07:31:40.524 [worker-akka.actor.default-dispatcher-6] INFO  a.a.LocalActorRef akka://worker/user/watcher/processing-watcher/graph/graph/$3 - Stopped
07:31:40.524 [worker-akka.actor.default-dispatcher-6] INFO  a.a.LocalActorRef akka://worker/user/watcher/processing-watcher/graph/graph/$4 - Stopped
07:31:40.524 [worker-akka.actor.default-dispatcher-6] INFO  a.a.LocalActorRef akka://worker/user/watcher/processing-watcher/graph/graph/$5 - Stopped
07:31:40.524 [worker-akka.actor.default-dispatcher-6] INFO  a.a.LocalActorRef akka://worker/user/watcher/processing-watcher/graph/graph/$6 - Stopped
07:31:40.525 [worker-akka.actor.default-dispatcher-6] INFO  a.a.LocalActorRef akka://worker/user/watcher/processing-watcher/graph/graph/$7 - Stopped
07:31:40.525 [worker-akka.actor.default-dispatcher-15] INFO  a.a.LocalActorRef akka://worker/user/watcher/processing-watcher/$d/$a - Stopped
07:31:40.526 [worker-akka.actor.default-dispatcher-6] INFO  a.a.LocalActorRef akka://worker/user/watcher/processing-watcher/$d - Stopped
07:31:40.526 [worker-akka.actor.default-dispatcher-6] INFO  a.a.LocalActorRef akka://worker/user/watcher/processing-watcher/graph/graph/$8 - Stopped
07:31:40.527 [worker-akka.actor.default-dispatcher-9] INFO  a.a.LocalActorRef akka://worker/user/watcher/processing-watcher/graph/graph/$9 - Stopped
07:31:40.534 [worker-akka.actor.default-dispatcher-12] INFO  a.a.LocalActorRef akka://worker/user/watcher/processing-watcher/graph/edge/FlameSocketGraphDeployerRear - Stopped
07:31:40.534 [worker-akka.actor.default-dispatcher-12] INFO  a.a.LocalActorRef akka://worker/user/watcher/processing-watcher/graph/graph/$A - Stopped
07:31:40.534 [worker-akka.actor.default-dispatcher-12] INFO  a.a.LocalActorRef akka://worker/user/watcher/processing-watcher/graph/graph/$Ab - Stopped
07:31:40.534 [worker-akka.actor.default-dispatcher-12] INFO  a.a.LocalActorRef akka://worker/user/watcher/processing-watcher/graph/graph/$B - Stopped
07:31:40.534 [worker-akka.actor.default-dispatcher-12] INFO  a.a.LocalActorRef akka://worker/user/watcher/processing-watcher/graph/graph/$Bb - Stopped
07:31:40.534 [worker-akka.actor.default-dispatcher-12] INFO  a.a.LocalActorRef akka://worker/user/watcher/processing-watcher/graph/graph/$C - Stopped
07:31:40.538 [worker-akka.actor.default-dispatcher-11] INFO  a.a.LocalActorRef akka://worker/user/watcher/processing-watcher/graph/graph/$Cb - Stopped
07:31:40.538 [worker-akka.actor.default-dispatcher-11] INFO  a.a.LocalActorRef akka://worker/user/watcher/processing-watcher/graph/edge - Stopped
07:31:40.541 [worker-akka.actor.default-dispatcher-17] INFO  a.a.LocalActorRef akka://worker/user/watcher/processing-watcher/graph/negotiator - Stopped
07:31:40.541 [worker-akka.actor.default-dispatcher-6] INFO  a.a.LocalActorRef akka://worker/user/watcher/processing-watcher/graph/graph/$D - Stopped
07:31:40.542 [worker-akka.actor.default-dispatcher-6] INFO  a.a.LocalActorRef akka://worker/user/watcher/processing-watcher/graph/graph/$Db - Stopped
07:31:40.542 [worker-akka.actor.default-dispatcher-6] INFO  a.a.LocalActorRef akka://worker/user/watcher/processing-watcher/graph/graph/$E - Stopped
07:31:40.542 [worker-akka.actor.default-dispatcher-6] INFO  a.a.LocalActorRef akka://worker/user/watcher/processing-watcher/graph/graph/$Eb - Stopped
07:31:40.542 [worker-akka.actor.default-dispatcher-6] INFO  a.a.LocalActorRef akka://worker/user/watcher/processing-watcher/graph/graph/$F - Stopped
07:31:40.542 [worker-akka.actor.default-dispatcher-6] INFO  a.a.LocalActorRef akka://worker/user/watcher/processing-watcher/graph/graph/$Fb - Stopped
07:31:40.543 [worker-akka.actor.default-dispatcher-6] INFO  a.a.LocalActorRef akka://worker/user/watcher/processing-watcher/graph/graph/$G - Stopped
07:31:40.543 [worker-akka.actor.default-dispatcher-6] INFO  a.a.LocalActorRef akka://worker/user/watcher/processing-watcher/graph/graph/$Gb - Stopped
07:31:40.543 [worker-akka.actor.default-dispatcher-6] INFO  a.a.LocalActorRef akka://worker/user/watcher/processing-watcher/graph/graph/$H - Stopped
07:31:40.543 [worker-akka.actor.default-dispatcher-22] INFO  a.a.LocalActorRef akka://worker/user/watcher/processing-watcher/graph/graph/$Hb - Stopped
07:31:40.544 [worker-akka.actor.default-dispatcher-21] INFO  a.a.LocalActorRef akka://worker/user/watcher/processing-watcher/graph/graph/$I - Stopped
07:31:40.544 [worker-akka.actor.default-dispatcher-21] INFO  a.a.LocalActorRef akka://worker/user/watcher/processing-watcher/graph/graph/$Ib - Stopped
07:31:40.544 [worker-akka.actor.default-dispatcher-21] INFO  a.a.LocalActorRef akka://worker/user/watcher/processing-watcher/graph/graph/$J - Stopped
07:31:40.545 [worker-akka.actor.default-dispatcher-23] INFO  a.a.LocalActorRef akka://worker/user/watcher/processing-watcher/graph/graph/$Jb - Stopped
07:31:40.546 [worker-akka.actor.default-dispatcher-23] INFO  a.a.LocalActorRef akka://worker/user/watcher/processing-watcher/graph/graph/$K - Stopped
07:31:40.546 [worker-akka.actor.default-dispatcher-23] INFO  a.a.LocalActorRef akka://worker/user/watcher/processing-watcher/graph/graph/$Kb - Stopped
07:31:40.547 [worker-akka.actor.default-dispatcher-23] INFO  a.a.LocalActorRef akka://worker/user/watcher/processing-watcher/graph/graph/$L - Stopped
07:31:40.548 [worker-akka.actor.default-dispatcher-23] INFO  a.a.LocalActorRef akka://worker/user/watcher/processing-watcher/graph/graph/$Lb - Stopped
07:31:40.552 [worker-akka.actor.default-dispatcher-21] INFO  a.a.LocalActorRef akka://worker/user/watcher/processing-watcher/graph/graph/$M - Stopped
07:31:40.552 [worker-akka.actor.default-dispatcher-21] INFO  a.a.LocalActorRef akka://worker/user/watcher/processing-watcher/graph/graph/$Mb - Stopped
07:31:40.552 [worker-akka.actor.default-dispatcher-21] INFO  a.a.LocalActorRef akka://worker/user/watcher/processing-watcher/graph/graph/$N - Stopped
07:31:40.552 [worker-akka.actor.default-dispatcher-21] INFO  a.a.LocalActorRef akka://worker/user/watcher/processing-watcher/graph/graph/$Nb - Stopped
07:31:40.552 [worker-akka.actor.default-dispatcher-21] INFO  a.a.LocalActorRef akka://worker/user/watcher/processing-watcher/graph/graph/$O - Stopped
07:31:40.553 [worker-akka.actor.default-dispatcher-21] INFO  a.a.LocalActorRef akka://worker/user/watcher/processing-watcher/graph/graph/$P - Stopped
07:31:40.554 [worker-akka.actor.default-dispatcher-23] INFO  a.a.LocalActorRef akka://worker/user/watcher/processing-watcher/graph/graph/$Q - Stopped
07:31:40.556 [worker-akka.actor.default-dispatcher-23] INFO  a.a.LocalActorRef akka://worker/user/watcher/processing-watcher/graph/graph/$R - Stopped
07:31:40.557 [worker-akka.actor.default-dispatcher-23] INFO  a.a.LocalActorRef akka://worker/user/watcher/processing-watcher/graph/graph/$S - Stopped
07:31:40.557 [worker-akka.actor.default-dispatcher-23] INFO  a.a.LocalActorRef akka://worker/user/watcher/processing-watcher/graph/graph/$T - Stopped
07:31:40.558 [worker-akka.actor.default-dispatcher-23] INFO  a.a.LocalActorRef akka://worker/user/watcher/processing-watcher/graph/graph/$U - Stopped
07:31:40.558 [worker-akka.actor.default-dispatcher-23] INFO  a.a.LocalActorRef akka://worker/user/watcher/processing-watcher/graph/graph/$V - Stopped
07:31:40.560 [worker-akka.actor.default-dispatcher-23] INFO  a.a.LocalActorRef akka://worker/user/watcher/processing-watcher/graph/graph/$W - Stopped
07:31:40.560 [worker-akka.actor.default-dispatcher-23] INFO  a.a.LocalActorRef akka://worker/user/watcher/processing-watcher/graph/graph/$X - Stopped
07:31:40.561 [worker-akka.actor.default-dispatcher-23] INFO  a.a.LocalActorRef akka://worker/user/watcher/processing-watcher/graph/graph/$Y - Stopped
07:31:40.563 [worker-akka.actor.default-dispatcher-23] INFO  a.a.LocalActorRef akka://worker/user/watcher/processing-watcher/graph/graph/$Z - Stopped
07:31:40.563 [worker-akka.actor.default-dispatcher-23] INFO  a.a.LocalActorRef akka://worker/user/watcher/processing-watcher/graph/graph/$a - Stopped
07:31:40.565 [worker-akka.actor.default-dispatcher-22] INFO  a.a.LocalActorRef akka://worker/user/watcher/processing-watcher/graph/graph/$ab - Stopped
07:31:40.565 [worker-akka.actor.default-dispatcher-22] INFO  a.a.LocalActorRef akka://worker/user/watcher/processing-watcher/graph/graph/$b - Stopped
07:31:40.565 [worker-akka.actor.default-dispatcher-22] INFO  a.a.LocalActorRef akka://worker/user/watcher/processing-watcher/graph/graph/$bb - Stopped
07:31:40.565 [worker-akka.actor.default-dispatcher-22] INFO  a.a.LocalActorRef akka://worker/user/watcher/processing-watcher/graph/graph/$c - Stopped
07:31:40.566 [worker-akka.actor.default-dispatcher-23] INFO  a.a.LocalActorRef akka://worker/user/watcher/processing-watcher/graph/graph/$cb - Stopped
07:31:40.566 [worker-akka.actor.default-dispatcher-23] INFO  a.a.LocalActorRef akka://worker/user/watcher/processing-watcher/graph/graph/$d - Stopped
07:31:40.566 [worker-akka.actor.default-dispatcher-23] INFO  a.a.LocalActorRef akka://worker/user/watcher/processing-watcher/graph/graph/$db - Stopped
07:31:40.567 [worker-akka.actor.default-dispatcher-23] INFO  a.a.LocalActorRef akka://worker/user/watcher/processing-watcher/graph/graph/$e - Stopped
07:31:40.569 [worker-akka.actor.default-dispatcher-23] INFO  a.a.LocalActorRef akka://worker/user/watcher/processing-watcher/graph/graph/$eb - Stopped
07:31:40.569 [worker-akka.actor.default-dispatcher-23] INFO  a.a.LocalActorRef akka://worker/user/watcher/processing-watcher/graph/graph/$f - Stopped
07:31:40.570 [worker-akka.actor.default-dispatcher-23] INFO  a.a.LocalActorRef akka://worker/user/watcher/processing-watcher/graph/graph/$fb - Stopped
07:31:40.570 [worker-akka.actor.default-dispatcher-23] INFO  a.a.LocalActorRef akka://worker/user/watcher/processing-watcher/graph/graph/$g - Stopped
07:31:40.571 [worker-akka.actor.default-dispatcher-23] INFO  a.a.LocalActorRef akka://worker/user/watcher/processing-watcher/graph/graph/$gb - Stopped
07:31:40.572 [worker-akka.actor.default-dispatcher-23] INFO  a.a.LocalActorRef akka://worker/user/watcher/processing-watcher/graph/graph/$h - Stopped
07:31:40.572 [worker-akka.actor.default-dispatcher-23] INFO  a.a.LocalActorRef akka://worker/user/watcher/processing-watcher/graph/graph/$hb - Stopped
07:31:40.574 [worker-akka.actor.default-dispatcher-23] INFO  a.a.LocalActorRef akka://worker/user/watcher/processing-watcher/graph/graph/$i - Stopped
07:31:40.574 [worker-akka.actor.default-dispatcher-23] INFO  a.a.LocalActorRef akka://worker/user/watcher/processing-watcher/graph/graph/$ib - Stopped
07:31:40.575 [worker-akka.actor.default-dispatcher-23] INFO  a.a.LocalActorRef akka://worker/user/watcher/processing-watcher/graph/graph/$j - Stopped
07:31:40.575 [worker-akka.actor.default-dispatcher-23] INFO  a.a.LocalActorRef akka://worker/user/watcher/processing-watcher/graph/graph/$jb - Stopped
07:31:40.576 [worker-akka.actor.default-dispatcher-23] INFO  a.a.LocalActorRef akka://worker/user/watcher/processing-watcher/graph/graph/$k - Stopped
07:31:40.576 [worker-akka.actor.default-dispatcher-23] INFO  a.a.LocalActorRef akka://worker/user/watcher/processing-watcher/graph/graph/$kb - Stopped
07:31:40.578 [worker-akka.actor.default-dispatcher-23] INFO  a.a.LocalActorRef akka://worker/user/watcher/processing-watcher/graph/graph/$l - Stopped
07:31:40.579 [worker-akka.actor.default-dispatcher-23] INFO  a.a.LocalActorRef akka://worker/user/watcher/processing-watcher/graph/graph/$lb - Stopped
07:31:40.580 [worker-akka.actor.default-dispatcher-23] INFO  a.a.LocalActorRef akka://worker/user/watcher/processing-watcher/graph/graph/$m - Stopped
07:31:40.581 [worker-akka.actor.default-dispatcher-23] INFO  a.a.LocalActorRef akka://worker/user/watcher/processing-watcher/graph/graph/$mb - Stopped
07:31:40.582 [worker-akka.actor.default-dispatcher-23] INFO  a.a.LocalActorRef akka://worker/user/watcher/processing-watcher/graph/graph/$n - Stopped
07:31:40.582 [worker-akka.actor.default-dispatcher-23] INFO  a.a.LocalActorRef akka://worker/user/watcher/processing-watcher/graph/graph/$nb - Stopped
07:31:40.584 [worker-akka.actor.default-dispatcher-22] INFO  a.a.LocalActorRef akka://worker/user/watcher/processing-watcher/graph/graph/$o - Stopped
07:31:40.584 [worker-akka.actor.default-dispatcher-22] INFO  a.a.LocalActorRef akka://worker/user/watcher/processing-watcher/graph/graph/$ob - Stopped
07:31:40.584 [worker-akka.actor.default-dispatcher-22] INFO  a.a.LocalActorRef akka://worker/user/watcher/processing-watcher/graph/graph/$p - Stopped
07:31:40.584 [worker-akka.actor.default-dispatcher-22] INFO  a.a.LocalActorRef akka://worker/user/watcher/processing-watcher/graph/graph/$pb - Stopped
07:31:40.584 [worker-akka.actor.default-dispatcher-22] INFO  a.a.LocalActorRef akka://worker/user/watcher/processing-watcher/graph/graph/$q - Stopped
07:31:40.584 [worker-akka.actor.default-dispatcher-22] INFO  a.a.LocalActorRef akka://worker/user/watcher/processing-watcher/graph/graph/$qb - Stopped
07:31:40.584 [worker-akka.actor.default-dispatcher-22] INFO  a.a.LocalActorRef akka://worker/user/watcher/processing-watcher/graph/graph/$r - Stopped
07:31:40.585 [worker-akka.actor.default-dispatcher-23] INFO  a.a.LocalActorRef akka://worker/user/watcher/processing-watcher/graph/graph/$rb - Stopped
07:31:40.586 [worker-akka.actor.default-dispatcher-23] INFO  a.a.LocalActorRef akka://worker/user/watcher/processing-watcher/graph/graph/$s - Stopped
07:31:40.587 [worker-akka.actor.default-dispatcher-23] INFO  a.a.LocalActorRef akka://worker/user/watcher/processing-watcher/graph/graph/$sb - Stopped
07:31:40.588 [worker-akka.actor.default-dispatcher-23] INFO  a.a.LocalActorRef akka://worker/user/watcher/processing-watcher/graph/graph/$t - Stopped
07:31:40.588 [worker-akka.actor.default-dispatcher-23] INFO  a.a.LocalActorRef akka://worker/user/watcher/processing-watcher/graph/graph/$tb - Stopped
07:31:40.589 [worker-akka.actor.default-dispatcher-23] INFO  a.a.LocalActorRef akka://worker/user/watcher/processing-watcher/graph/graph/$u - Stopped
07:31:40.590 [worker-akka.actor.default-dispatcher-23] INFO  a.a.LocalActorRef akka://worker/user/watcher/processing-watcher/graph/graph/$ub - Stopped
07:31:40.591 [worker-akka.actor.default-dispatcher-23] INFO  a.a.LocalActorRef akka://worker/user/watcher/processing-watcher/graph/graph/$v - Stopped
07:31:40.592 [worker-akka.actor.default-dispatcher-23] INFO  a.a.LocalActorRef akka://worker/user/watcher/processing-watcher/graph/graph/$vb - Stopped
07:31:40.593 [worker-akka.actor.default-dispatcher-23] INFO  a.a.LocalActorRef akka://worker/user/watcher/processing-watcher/graph/graph/$w - Stopped
07:31:40.595 [worker-akka.actor.default-dispatcher-21] INFO  a.a.LocalActorRef akka://worker/user/watcher/processing-watcher/graph/graph/$wb - Stopped
07:31:40.595 [worker-akka.actor.default-dispatcher-21] INFO  a.a.LocalActorRef akka://worker/user/watcher/processing-watcher/graph/graph/$x - Stopped
07:31:40.595 [worker-akka.actor.default-dispatcher-21] INFO  a.a.LocalActorRef akka://worker/user/watcher/processing-watcher/graph/graph/$xb - Stopped
07:31:40.595 [worker-akka.actor.default-dispatcher-21] INFO  a.a.LocalActorRef akka://worker/user/watcher/processing-watcher/graph/graph/$y - Stopped
07:31:40.595 [worker-akka.actor.default-dispatcher-21] INFO  a.a.LocalActorRef akka://worker/user/watcher/processing-watcher/graph/graph/$yb - Stopped
07:31:40.595 [worker-akka.actor.default-dispatcher-23] INFO  a.a.LocalActorRef akka://worker/user/watcher/processing-watcher/graph/graph/$z - Stopped
07:31:40.596 [worker-akka.actor.default-dispatcher-23] INFO  a.a.LocalActorRef akka://worker/user/watcher/processing-watcher/graph/graph/$zb - Stopped
07:31:40.597 [worker-akka.actor.default-dispatcher-23] INFO  a.a.LocalActorRef akka://worker/user/watcher/processing-watcher/graph/graph/$~ - Stopped
07:31:40.613 [worker-akka.actor.default-dispatcher-23] INFO  a.a.LocalActorRef akka://worker/user/watcher/processing-watcher/graph/graph - Stopped
07:31:40.619 [worker-akka.actor.default-dispatcher-23] INFO  a.a.LocalActorRef akka://worker/user/watcher/processing-watcher/graph - Stopped
07:31:40.620 [worker-akka.actor.default-dispatcher-6] INFO  a.a.LocalActorRef akka://worker/user/watcher/processing-watcher - Stopped
07:31:40.621 [Curator-Framework-0] INFO  o.a.c.f.i.CuratorFrameworkImpl  - backgroundOperationsLoop exiting
07:31:40.632 [worker-akka.actor.default-dispatcher-6] INFO  o.a.z.ZooKeeper  - Session: 0x10000432c720001 closed
07:31:40.632 [worker-akka.actor.default-dispatcher-6-EventThread] INFO  o.a.z.ClientCnxn  - EventThread shut down for session: 0x10000432c720001
07:31:40.633 [worker-akka.actor.default-dispatcher-23] INFO  a.a.RepointableActorRef akka://worker/user/watcher - Stopped
07:31:40.639 [Curator-PathChildrenCache-0] ERROR o.a.c.f.r.c.PathChildrenCache  - 
java.lang.IllegalStateException: instance must be started before calling this method
	at org.apache.curator.shaded.com.google.common.base.Preconditions.checkState(Preconditions.java:444)
	at org.apache.curator.framework.imps.CuratorFrameworkImpl.getChildren(CuratorFrameworkImpl.java:456)
	at org.apache.curator.framework.recipes.cache.PathChildrenCache.refresh(PathChildrenCache.java:521)
	at org.apache.curator.framework.recipes.cache.RefreshOperation.invoke(RefreshOperation.java:35)
	at org.apache.curator.framework.recipes.cache.PathChildrenCache$9.run(PathChildrenCache.java:786)
	at java.util.concurrent.Executors$RunnableAdapter.call(Executors.java:511)
	at java.util.concurrent.FutureTask.run(FutureTask.java:266)
	at java.util.concurrent.Executors$RunnableAdapter.call(Executors.java:511)
	at java.util.concurrent.FutureTask.run(FutureTask.java:266)
	at java.util.concurrent.ThreadPoolExecutor.runWorker(ThreadPoolExecutor.java:1149)
	at java.util.concurrent.ThreadPoolExecutor$Worker.run(ThreadPoolExecutor.java:624)
	at java.lang.Thread.run(Thread.java:748)
07:31:40.671 [worker-akka.actor.default-dispatcher-6] INFO  a.r.RemoteActorRefProvider$RemotingTerminator akka://worker@flamestream-benchmarks-worker-1:5412/system/remoting-terminator - Shutting down remote daemon.
07:31:40.672 [worker-akka.actor.default-dispatcher-6] INFO  a.r.RemoteActorRefProvider$RemotingTerminator akka://worker@flamestream-benchmarks-worker-1:5412/system/remoting-terminator - Remote daemon shut down; proceeding with flushing remote transports.
07:31:42.430 [worker-akka.actor.default-dispatcher-6] INFO  a.r.RemoteActorRefProvider$RemotingTerminator akka://worker@flamestream-benchmarks-worker-1:5412/system/remoting-terminator - Remoting shut down.
Heap
 def new generation   total 460800K, used 114324K [0x00000000a2400000, 0x00000000c1800000, 0x00000000c1800000)
  eden space 409600K,  27% used [0x00000000a2400000, 0x00000000a9374478, 0x00000000bb400000)
  from space 51200K,   0% used [0x00000000be600000, 0x00000000be630cb8, 0x00000000c1800000)
  to   space 51200K,   0% used [0x00000000bb400000, 0x00000000bb400000, 0x00000000be600000)
 tenured generation   total 1024000K, used 90197K [0x00000000c1800000, 0x0000000100000000, 0x0000000100000000)
   the space 1024000K,   8% used [0x00000000c1800000, 0x00000000c7015760, 0x00000000c7015800, 0x0000000100000000)
 Metaspace       used 41533K, capacity 44458K, committed 44672K, reserved 1087488K
  class space    used 5349K, capacity 5689K, committed 5760K, reserved 1048576K
