08:22:46,325 |-INFO in ch.qos.logback.classic.LoggerContext[default] - Could NOT find resource [logback-test.xml]
08:22:46,325 |-INFO in ch.qos.logback.classic.LoggerContext[default] - Could NOT find resource [logback.groovy]
08:22:46,325 |-INFO in ch.qos.logback.classic.LoggerContext[default] - Found resource [logback.xml] at [jar:file:/root/flamestream/lib/flamestream-runtime-1.0-SNAPSHOT.jar!/logback.xml]
08:22:46,328 |-WARN in ch.qos.logback.classic.LoggerContext[default] - Resource [logback.xml] occurs multiple times on the classpath.
08:22:46,328 |-WARN in ch.qos.logback.classic.LoggerContext[default] - Resource [logback.xml] occurs at [jar:file:/root/flamestream/lib/flamestream-runtime-1.0-SNAPSHOT.jar!/logback.xml]
08:22:46,328 |-WARN in ch.qos.logback.classic.LoggerContext[default] - Resource [logback.xml] occurs at [jar:file:/root/flamestream/flamestream-runtime-1.0-SNAPSHOT.jar!/logback.xml]
08:22:46,349 |-INFO in ch.qos.logback.core.joran.spi.ConfigurationWatchList@3fb6a447 - URL [jar:file:/root/flamestream/lib/flamestream-runtime-1.0-SNAPSHOT.jar!/logback.xml] is not of type file
08:22:46,416 |-INFO in ch.qos.logback.classic.joran.action.ConfigurationAction - debug attribute not set
08:22:46,416 |-INFO in ch.qos.logback.core.joran.action.AppenderAction - About to instantiate appender of type [ch.qos.logback.core.ConsoleAppender]
08:22:46,432 |-INFO in ch.qos.logback.core.joran.action.AppenderAction - Naming appender as [STDOUT]
08:22:46,452 |-INFO in ch.qos.logback.core.joran.action.NestedComplexPropertyIA - Assuming default type [ch.qos.logback.classic.encoder.PatternLayoutEncoder] for [encoder] property
08:22:46,549 |-INFO in ch.qos.logback.core.joran.action.AppenderAction - About to instantiate appender of type [ch.qos.logback.core.rolling.RollingFileAppender]
08:22:46,555 |-INFO in ch.qos.logback.core.joran.action.AppenderAction - Naming appender as [FILE]
08:22:46,591 |-INFO in c.q.l.core.rolling.TimeBasedRollingPolicy@127618319 - No compression will be used
08:22:46,592 |-INFO in c.q.l.core.rolling.TimeBasedRollingPolicy@127618319 - Will use the pattern /tmp/application_%d{yyyy-MM-dd}.%i.log for the active file
08:22:46,595 |-INFO in ch.qos.logback.core.rolling.SizeAndTimeBasedFNATP@6b2fad11 - The date pattern is 'yyyy-MM-dd' from file name pattern '/tmp/application_%d{yyyy-MM-dd}.%i.log'.
08:22:46,595 |-INFO in ch.qos.logback.core.rolling.SizeAndTimeBasedFNATP@6b2fad11 - Roll-over at midnight.
08:22:46,600 |-INFO in ch.qos.logback.core.rolling.SizeAndTimeBasedFNATP@6b2fad11 - Setting initial period to Tue Jun 11 08:21:35 UTC 2019
08:22:46,600 |-WARN in ch.qos.logback.core.rolling.SizeAndTimeBasedFNATP@6b2fad11 - SizeAndTimeBasedFNATP is deprecated. Use SizeAndTimeBasedRollingPolicy instead
08:22:46,601 |-WARN in ch.qos.logback.core.rolling.SizeAndTimeBasedFNATP@6b2fad11 - For more information see http://logback.qos.ch/manual/appenders.html#SizeAndTimeBasedRollingPolicy
08:22:46,605 |-INFO in ch.qos.logback.core.joran.action.NestedComplexPropertyIA - Assuming default type [ch.qos.logback.classic.encoder.PatternLayoutEncoder] for [encoder] property
08:22:46,609 |-INFO in ch.qos.logback.core.rolling.RollingFileAppender[FILE] - Active log file name: /tmp/application.log
08:22:46,609 |-INFO in ch.qos.logback.core.rolling.RollingFileAppender[FILE] - File property is set to [/tmp/application.log]
08:22:46,610 |-INFO in ch.qos.logback.classic.joran.action.RootLoggerAction - Setting level of ROOT logger to WARN
08:22:46,610 |-INFO in ch.qos.logback.core.joran.action.AppenderRefAction - Attaching appender named [STDOUT] to Logger[ROOT]
08:22:46,612 |-INFO in ch.qos.logback.core.joran.action.AppenderRefAction - Attaching appender named [FILE] to Logger[ROOT]
08:22:46,612 |-INFO in ch.qos.logback.classic.joran.action.ConfigurationAction - End of configuration.
08:22:46,613 |-INFO in ch.qos.logback.classic.joran.JoranConfigurator@79698539 - Registering current configuration as safe fallback point

Ama winner
Ama winner
2019-06-11T08:22:47.898+0000: 1.757: [Full GC (Metadata GC Threshold) 2019-06-11T08:22:47.898+0000: 1.757: [Tenured: 0K->15208K(341376K), 0.0391014 secs] 114987K->15208K(494976K), [Metaspace: 20736K->20736K(1067008K)], 0.0391668 secs] [Times: user=0.04 sys=0.00, real=0.04 secs] 
08:23:03.204 [Curator-PathChildrenCache-1] WARN  o.a.c.u.ZKPaths  - The version of ZooKeeper being used doesn't support Container nodes. CreateMode.PERSISTENT will be used instead.
2019-06-11T08:23:05.550+0000: 19.408: [GC (Allocation Failure) 2019-06-11T08:23:05.550+0000: 19.408: [DefNew: 136576K->17023K(153600K), 0.0288295 secs] 151784K->52478K(494976K), 0.0289101 secs] [Times: user=0.01 sys=0.02, real=0.03 secs] 
2019-06-11T08:23:11.280+0000: 25.139: [GC (Allocation Failure) 2019-06-11T08:23:11.280+0000: 25.139: [DefNew: 153599K->340K(153600K), 0.0096907 secs] 189054K->43907K(494976K), 0.0097590 secs] [Times: user=0.01 sys=0.00, real=0.01 secs] 
2019-06-11T08:23:16.920+0000: 30.778: [GC (Allocation Failure) 2019-06-11T08:23:16.920+0000: 30.778: [DefNew: 136916K->266K(153600K), 0.0027102 secs] 180483K->43833K(494976K), 0.0027700 secs] [Times: user=0.01 sys=0.00, real=0.00 secs] 
2019-06-11T08:23:22.658+0000: 36.517: [GC (Allocation Failure) 2019-06-11T08:23:22.658+0000: 36.517: [DefNew: 136842K->270K(153600K), 0.0027160 secs] 180409K->43836K(494976K), 0.0028056 secs] [Times: user=0.01 sys=0.00, real=0.00 secs] 
2019-06-11T08:23:24.086+0000: 37.945: [Full GC (Metadata GC Threshold) 2019-06-11T08:23:24.087+0000: 37.945: [Tenured: 43566K->43831K(341376K), 0.0387270 secs] 80037K->43831K(494976K), [Metaspace: 34638K->34638K(1079296K)], 0.0388141 secs] [Times: user=0.03 sys=0.00, real=0.04 secs] 
2019-06-11T08:23:29.808+0000: 43.666: [GC (Allocation Failure) 2019-06-11T08:23:29.808+0000: 43.666: [DefNew: 136576K->48K(153600K), 0.0016315 secs] 180407K->43879K(494976K), 0.0016906 secs] [Times: user=0.01 sys=0.00, real=0.00 secs] 
2019-06-11T08:23:40.615+0000: 54.473: [GC (Allocation Failure) 2019-06-11T08:23:40.615+0000: 54.473: [DefNew: 136624K->48K(153600K), 0.0015525 secs] 180455K->43880K(494976K), 0.0016454 secs] [Times: user=0.00 sys=0.01, real=0.00 secs] 
08:23:41.189 [Curator-PathChildrenCache-0] ERROR o.a.c.f.r.c.PathChildrenCache  - 
java.lang.IllegalStateException: instance must be started before calling this method
	at org.apache.curator.shaded.com.google.common.base.Preconditions.checkState(Preconditions.java:444)
	at org.apache.curator.framework.imps.CuratorFrameworkImpl.getChildren(CuratorFrameworkImpl.java:456)
	at org.apache.curator.framework.recipes.cache.PathChildrenCache.refresh(PathChildrenCache.java:521)
	at org.apache.curator.framework.recipes.cache.RefreshOperation.invoke(RefreshOperation.java:35)
	at org.apache.curator.framework.recipes.cache.PathChildrenCache$9.run(PathChildrenCache.java:786)
	at java.util.concurrent.Executors$RunnableAdapter.call(Executors.java:511)
	at java.util.concurrent.FutureTask.run(FutureTask.java:266)
	at java.util.concurrent.Executors$RunnableAdapter.call(Executors.java:511)
	at java.util.concurrent.FutureTask.run(FutureTask.java:266)
	at java.util.concurrent.ThreadPoolExecutor.runWorker(ThreadPoolExecutor.java:1149)
	at java.util.concurrent.ThreadPoolExecutor$Worker.run(ThreadPoolExecutor.java:624)
	at java.lang.Thread.run(Thread.java:748)
Heap
 def new generation   total 153600K, used 21816K [0x00000000e0c00000, 0x00000000eb2a0000, 0x00000000eb2a0000)
  eden space 136576K,  15% used [0x00000000e0c00000, 0x00000000e2142000, 0x00000000e9160000)
  from space 17024K,   0% used [0x00000000e9160000, 0x00000000e916c218, 0x00000000ea200000)
  to   space 17024K,   0% used [0x00000000ea200000, 0x00000000ea200000, 0x00000000eb2a0000)
 tenured generation   total 341376K, used 43831K [0x00000000eb2a0000, 0x0000000100000000, 0x0000000100000000)
   the space 341376K,  12% used [0x00000000eb2a0000, 0x00000000edd6dec8, 0x00000000edd6e000, 0x0000000100000000)
 Metaspace       used 35587K, capacity 36442K, committed 36608K, reserved 1081344K
  class space    used 4820K, capacity 5041K, committed 5120K, reserved 1048576K
