14:46:52,222 |-INFO in ch.qos.logback.classic.LoggerContext[default] - Could NOT find resource [logback-test.xml]
14:46:52,222 |-INFO in ch.qos.logback.classic.LoggerContext[default] - Could NOT find resource [logback.groovy]
14:46:52,222 |-INFO in ch.qos.logback.classic.LoggerContext[default] - Found resource [logback.xml] at [jar:file:/root/flamestream/lib/flamestream-runtime-1.0-SNAPSHOT.jar!/logback.xml]
14:46:52,223 |-WARN in ch.qos.logback.classic.LoggerContext[default] - Resource [logback.xml] occurs multiple times on the classpath.
14:46:52,223 |-WARN in ch.qos.logback.classic.LoggerContext[default] - Resource [logback.xml] occurs at [jar:file:/root/flamestream/lib/flamestream-runtime-1.0-SNAPSHOT.jar!/logback.xml]
14:46:52,223 |-WARN in ch.qos.logback.classic.LoggerContext[default] - Resource [logback.xml] occurs at [jar:file:/root/flamestream/flamestream-runtime-1.0-SNAPSHOT.jar!/logback.xml]
14:46:52,244 |-INFO in ch.qos.logback.core.joran.spi.ConfigurationWatchList@3fb6a447 - URL [jar:file:/root/flamestream/lib/flamestream-runtime-1.0-SNAPSHOT.jar!/logback.xml] is not of type file
14:46:52,309 |-INFO in ch.qos.logback.classic.joran.action.ConfigurationAction - debug attribute not set
14:46:52,310 |-INFO in ch.qos.logback.core.joran.action.AppenderAction - About to instantiate appender of type [ch.qos.logback.core.ConsoleAppender]
14:46:52,326 |-INFO in ch.qos.logback.core.joran.action.AppenderAction - Naming appender as [STDOUT]
14:46:52,344 |-INFO in ch.qos.logback.core.joran.action.NestedComplexPropertyIA - Assuming default type [ch.qos.logback.classic.encoder.PatternLayoutEncoder] for [encoder] property
14:46:52,430 |-INFO in ch.qos.logback.core.joran.action.AppenderAction - About to instantiate appender of type [ch.qos.logback.core.rolling.RollingFileAppender]
14:46:52,439 |-INFO in ch.qos.logback.core.joran.action.AppenderAction - Naming appender as [FILE]
14:46:52,468 |-INFO in c.q.l.core.rolling.TimeBasedRollingPolicy@127618319 - No compression will be used
14:46:52,469 |-INFO in c.q.l.core.rolling.TimeBasedRollingPolicy@127618319 - Will use the pattern /tmp/application_%d{yyyy-MM-dd}.%i.log for the active file
14:46:52,472 |-INFO in ch.qos.logback.core.rolling.SizeAndTimeBasedFNATP@6b2fad11 - The date pattern is 'yyyy-MM-dd' from file name pattern '/tmp/application_%d{yyyy-MM-dd}.%i.log'.
14:46:52,472 |-INFO in ch.qos.logback.core.rolling.SizeAndTimeBasedFNATP@6b2fad11 - Roll-over at midnight.
14:46:52,478 |-INFO in ch.qos.logback.core.rolling.SizeAndTimeBasedFNATP@6b2fad11 - Setting initial period to Mon Jun 10 14:45:27 UTC 2019
14:46:52,478 |-WARN in ch.qos.logback.core.rolling.SizeAndTimeBasedFNATP@6b2fad11 - SizeAndTimeBasedFNATP is deprecated. Use SizeAndTimeBasedRollingPolicy instead
14:46:52,478 |-WARN in ch.qos.logback.core.rolling.SizeAndTimeBasedFNATP@6b2fad11 - For more information see http://logback.qos.ch/manual/appenders.html#SizeAndTimeBasedRollingPolicy
14:46:52,482 |-INFO in ch.qos.logback.core.joran.action.NestedComplexPropertyIA - Assuming default type [ch.qos.logback.classic.encoder.PatternLayoutEncoder] for [encoder] property
14:46:52,487 |-INFO in ch.qos.logback.core.rolling.RollingFileAppender[FILE] - Active log file name: /tmp/application.log
14:46:52,487 |-INFO in ch.qos.logback.core.rolling.RollingFileAppender[FILE] - File property is set to [/tmp/application.log]
14:46:52,488 |-INFO in ch.qos.logback.classic.joran.action.RootLoggerAction - Setting level of ROOT logger to WARN
14:46:52,488 |-INFO in ch.qos.logback.core.joran.action.AppenderRefAction - Attaching appender named [STDOUT] to Logger[ROOT]
14:46:52,490 |-INFO in ch.qos.logback.core.joran.action.AppenderRefAction - Attaching appender named [FILE] to Logger[ROOT]
14:46:52,490 |-INFO in ch.qos.logback.classic.joran.action.ConfigurationAction - End of configuration.
14:46:52,490 |-INFO in ch.qos.logback.classic.joran.JoranConfigurator@79698539 - Registering current configuration as safe fallback point

Ama winner
Ama winner
2019-06-10T14:46:53.769+0000: 1.732: [Full GC (Metadata GC Threshold) 2019-06-10T14:46:53.769+0000: 1.732: [Tenured: 0K->15241K(341376K), 0.0423764 secs] 114923K->15241K(494976K), [Metaspace: 20732K->20732K(1067008K)], 0.0424484 secs] [Times: user=0.03 sys=0.00, real=0.05 secs] 
14:47:08.812 [Curator-PathChildrenCache-2] WARN  o.a.c.u.ZKPaths  - The version of ZooKeeper being used doesn't support Container nodes. CreateMode.PERSISTENT will be used instead.
2019-06-10T14:47:10.838+0000: 18.801: [GC (Allocation Failure) 2019-06-10T14:47:10.839+0000: 18.801: [DefNew: 136576K->17023K(153600K), 0.0329805 secs] 151817K->52896K(494976K), 0.0330602 secs] [Times: user=0.02 sys=0.01, real=0.04 secs] 
2019-06-10T14:47:11.620+0000: 19.583: [Full GC (Metadata GC Threshold) 2019-06-10T14:47:11.620+0000: 19.583: [Tenured: 35872K->44679K(341376K), 0.0475666 secs] 74014K->44679K(494976K), [Metaspace: 34597K->34597K(1079296K)], 0.0476439 secs] [Times: user=0.04 sys=0.00, real=0.04 secs] 
2019-06-10T14:47:15.460+0000: 23.423: [GC (Allocation Failure) 2019-06-10T14:47:15.460+0000: 23.423: [DefNew: 136576K->273K(153600K), 0.0025511 secs] 181255K->44952K(494976K), 0.0026119 secs] [Times: user=0.00 sys=0.00, real=0.00 secs] 
2019-06-10T14:47:19.143+0000: 27.106: [GC (Allocation Failure) 2019-06-10T14:47:19.143+0000: 27.106: [DefNew: 136849K->282K(153600K), 0.0022488 secs] 181528K->44962K(494976K), 0.0023085 secs] [Times: user=0.01 sys=0.00, real=0.00 secs] 
2019-06-10T14:47:22.716+0000: 30.679: [GC (Allocation Failure) 2019-06-10T14:47:22.716+0000: 30.679: [DefNew: 136858K->321K(153600K), 0.0022749 secs] 181538K->45001K(494976K), 0.0023345 secs] [Times: user=0.00 sys=0.00, real=0.00 secs] 
2019-06-10T14:47:26.276+0000: 34.239: [GC (Allocation Failure) 2019-06-10T14:47:26.276+0000: 34.239: [DefNew: 136897K->312K(153600K), 0.0022292 secs] 181577K->44992K(494976K), 0.0022929 secs] [Times: user=0.01 sys=0.00, real=0.00 secs] 
2019-06-10T14:47:29.790+0000: 37.753: [GC (Allocation Failure) 2019-06-10T14:47:29.790+0000: 37.753: [DefNew: 136888K->348K(153600K), 0.0021325 secs] 181568K->45028K(494976K), 0.0021927 secs] [Times: user=0.01 sys=0.00, real=0.01 secs] 
2019-06-10T14:47:33.270+0000: 41.233: [GC (Allocation Failure) 2019-06-10T14:47:33.270+0000: 41.233: [DefNew: 136924K->380K(153600K), 0.0023841 secs] 181604K->45059K(494976K), 0.0024492 secs] [Times: user=0.01 sys=0.00, real=0.01 secs] 
2019-06-10T14:47:41.817+0000: 49.780: [GC (Allocation Failure) 2019-06-10T14:47:41.817+0000: 49.780: [DefNew: 136956K->390K(153600K), 0.0025524 secs] 181635K->45070K(494976K), 0.0025997 secs] [Times: user=0.00 sys=0.00, real=0.01 secs] 
14:47:41.869 [Curator-PathChildrenCache-0] ERROR o.a.c.f.r.c.PathChildrenCache  - 
java.lang.IllegalStateException: instance must be started before calling this method
	at org.apache.curator.shaded.com.google.common.base.Preconditions.checkState(Preconditions.java:444)
	at org.apache.curator.framework.imps.CuratorFrameworkImpl.getChildren(CuratorFrameworkImpl.java:456)
	at org.apache.curator.framework.recipes.cache.PathChildrenCache.refresh(PathChildrenCache.java:521)
	at org.apache.curator.framework.recipes.cache.RefreshOperation.invoke(RefreshOperation.java:35)
	at org.apache.curator.framework.recipes.cache.PathChildrenCache$9.run(PathChildrenCache.java:786)
	at java.util.concurrent.Executors$RunnableAdapter.call(Executors.java:511)
	at java.util.concurrent.FutureTask.run(FutureTask.java:266)
	at java.util.concurrent.Executors$RunnableAdapter.call(Executors.java:511)
	at java.util.concurrent.FutureTask.run(FutureTask.java:266)
	at java.util.concurrent.ThreadPoolExecutor.runWorker(ThreadPoolExecutor.java:1149)
	at java.util.concurrent.ThreadPoolExecutor$Worker.run(ThreadPoolExecutor.java:624)
	at java.lang.Thread.run(Thread.java:748)
Heap
 def new generation   total 153600K, used 19129K [0x00000000e0c00000, 0x00000000eb2a0000, 0x00000000eb2a0000)
  eden space 136576K,  13% used [0x00000000e0c00000, 0x00000000e1e4cb80, 0x00000000e9160000)
  from space 17024K,   2% used [0x00000000e9160000, 0x00000000e91c19c0, 0x00000000ea200000)
  to   space 17024K,   0% used [0x00000000ea200000, 0x00000000ea200000, 0x00000000eb2a0000)
 tenured generation   total 341376K, used 44679K [0x00000000eb2a0000, 0x0000000100000000, 0x0000000100000000)
   the space 341376K,  13% used [0x00000000eb2a0000, 0x00000000ede41ed8, 0x00000000ede42000, 0x0000000100000000)
 Metaspace       used 35957K, capacity 36936K, committed 37120K, reserved 1081344K
  class space    used 4861K, capacity 5060K, committed 5120K, reserved 1048576K
