12:52:03,398 |-INFO in ch.qos.logback.classic.LoggerContext[default] - Could NOT find resource [logback-test.xml]
12:52:03,398 |-INFO in ch.qos.logback.classic.LoggerContext[default] - Could NOT find resource [logback.groovy]
12:52:03,398 |-INFO in ch.qos.logback.classic.LoggerContext[default] - Found resource [logback.xml] at [jar:file:/root/flamestream/lib/flamestream-runtime-1.0-SNAPSHOT.jar!/logback.xml]
12:52:03,398 |-WARN in ch.qos.logback.classic.LoggerContext[default] - Resource [logback.xml] occurs multiple times on the classpath.
12:52:03,399 |-WARN in ch.qos.logback.classic.LoggerContext[default] - Resource [logback.xml] occurs at [jar:file:/root/flamestream/lib/flamestream-runtime-1.0-SNAPSHOT.jar!/logback.xml]
12:52:03,399 |-WARN in ch.qos.logback.classic.LoggerContext[default] - Resource [logback.xml] occurs at [jar:file:/root/flamestream/flamestream-runtime-1.0-SNAPSHOT.jar!/logback.xml]
12:52:03,421 |-INFO in ch.qos.logback.core.joran.spi.ConfigurationWatchList@3fb6a447 - URL [jar:file:/root/flamestream/lib/flamestream-runtime-1.0-SNAPSHOT.jar!/logback.xml] is not of type file
12:52:03,493 |-INFO in ch.qos.logback.classic.joran.action.ConfigurationAction - debug attribute not set
12:52:03,493 |-INFO in ch.qos.logback.core.joran.action.AppenderAction - About to instantiate appender of type [ch.qos.logback.core.ConsoleAppender]
12:52:03,509 |-INFO in ch.qos.logback.core.joran.action.AppenderAction - Naming appender as [STDOUT]
12:52:03,528 |-INFO in ch.qos.logback.core.joran.action.NestedComplexPropertyIA - Assuming default type [ch.qos.logback.classic.encoder.PatternLayoutEncoder] for [encoder] property
12:52:03,610 |-INFO in ch.qos.logback.core.joran.action.AppenderAction - About to instantiate appender of type [ch.qos.logback.core.rolling.RollingFileAppender]
12:52:03,619 |-INFO in ch.qos.logback.core.joran.action.AppenderAction - Naming appender as [FILE]
12:52:03,650 |-INFO in c.q.l.core.rolling.TimeBasedRollingPolicy@127618319 - No compression will be used
12:52:03,651 |-INFO in c.q.l.core.rolling.TimeBasedRollingPolicy@127618319 - Will use the pattern /tmp/application_%d{yyyy-MM-dd}.%i.log for the active file
12:52:03,654 |-INFO in ch.qos.logback.core.rolling.SizeAndTimeBasedFNATP@6b2fad11 - The date pattern is 'yyyy-MM-dd' from file name pattern '/tmp/application_%d{yyyy-MM-dd}.%i.log'.
12:52:03,654 |-INFO in ch.qos.logback.core.rolling.SizeAndTimeBasedFNATP@6b2fad11 - Roll-over at midnight.
12:52:03,659 |-INFO in ch.qos.logback.core.rolling.SizeAndTimeBasedFNATP@6b2fad11 - Setting initial period to Mon Jun 10 12:52:03 UTC 2019
12:52:03,659 |-WARN in ch.qos.logback.core.rolling.SizeAndTimeBasedFNATP@6b2fad11 - SizeAndTimeBasedFNATP is deprecated. Use SizeAndTimeBasedRollingPolicy instead
12:52:03,659 |-WARN in ch.qos.logback.core.rolling.SizeAndTimeBasedFNATP@6b2fad11 - For more information see http://logback.qos.ch/manual/appenders.html#SizeAndTimeBasedRollingPolicy
12:52:03,662 |-INFO in ch.qos.logback.core.joran.action.NestedComplexPropertyIA - Assuming default type [ch.qos.logback.classic.encoder.PatternLayoutEncoder] for [encoder] property
12:52:03,667 |-INFO in ch.qos.logback.core.rolling.RollingFileAppender[FILE] - Active log file name: /tmp/application.log
12:52:03,667 |-INFO in ch.qos.logback.core.rolling.RollingFileAppender[FILE] - File property is set to [/tmp/application.log]
12:52:03,668 |-INFO in ch.qos.logback.classic.joran.action.RootLoggerAction - Setting level of ROOT logger to WARN
12:52:03,668 |-INFO in ch.qos.logback.core.joran.action.AppenderRefAction - Attaching appender named [STDOUT] to Logger[ROOT]
12:52:03,670 |-INFO in ch.qos.logback.core.joran.action.AppenderRefAction - Attaching appender named [FILE] to Logger[ROOT]
12:52:03,670 |-INFO in ch.qos.logback.classic.joran.action.ConfigurationAction - End of configuration.
12:52:03,670 |-INFO in ch.qos.logback.classic.joran.JoranConfigurator@79698539 - Registering current configuration as safe fallback point

Ama winner
Ama winner
2019-06-10T12:52:04.980+0000: 1.761: [Full GC (Metadata GC Threshold) 2019-06-10T12:52:04.980+0000: 1.762: [Tenured: 0K->15179K(341376K), 0.0409404 secs] 114990K->15179K(494976K), [Metaspace: 20735K->20735K(1067008K)], 0.0410095 secs] [Times: user=0.03 sys=0.01, real=0.04 secs] 
12:52:59.533 [Curator-PathChildrenCache-1] WARN  o.a.c.u.ZKPaths  - The version of ZooKeeper being used doesn't support Container nodes. CreateMode.PERSISTENT will be used instead.
2019-06-10T12:53:02.053+0000: 58.835: [GC (Allocation Failure) 2019-06-10T12:53:02.053+0000: 58.835: [DefNew: 136576K->17023K(153600K), 0.0267047 secs] 151755K->52600K(494976K), 0.0267777 secs] [Times: user=0.01 sys=0.01, real=0.03 secs] 
2019-06-10T12:53:04.429+0000: 61.211: [Full GC (Metadata GC Threshold) 2019-06-10T12:53:04.429+0000: 61.211: [Tenured: 35576K->44503K(341376K), 0.0430191 secs] 91736K->44503K(494976K), [Metaspace: 34600K->34600K(1079296K)], 0.0430958 secs] [Times: user=0.04 sys=0.00, real=0.04 secs] 
2019-06-10T12:53:15.567+0000: 72.349: [GC (Allocation Failure) 2019-06-10T12:53:15.567+0000: 72.349: [DefNew: 136576K->373K(153600K), 0.0023078 secs] 181079K->44877K(494976K), 0.0023706 secs] [Times: user=0.01 sys=0.00, real=0.00 secs] 
2019-06-10T12:53:27.982+0000: 84.764: [GC (Allocation Failure) 2019-06-10T12:53:27.982+0000: 84.764: [DefNew: 136949K->127K(153600K), 0.0020681 secs] 181453K->44630K(494976K), 0.0021495 secs] [Times: user=0.00 sys=0.00, real=0.00 secs] 
2019-06-10T12:53:40.528+0000: 97.310: [GC (Allocation Failure) 2019-06-10T12:53:40.528+0000: 97.310: [DefNew: 136703K->131K(153600K), 0.0020051 secs] 181206K->44634K(494976K), 0.0020769 secs] [Times: user=0.00 sys=0.00, real=0.00 secs] 
2019-06-10T12:53:53.215+0000: 109.997: [GC (Allocation Failure) 2019-06-10T12:53:53.215+0000: 109.997: [DefNew: 136707K->128K(153600K), 0.0020901 secs] 181210K->44631K(494976K), 0.0021563 secs] [Times: user=0.01 sys=0.00, real=0.00 secs] 
2019-06-10T12:54:05.848+0000: 122.629: [GC (Allocation Failure) 2019-06-10T12:54:05.848+0000: 122.629: [DefNew: 136704K->134K(153600K), 0.0021071 secs] 181207K->44637K(494976K), 0.0021614 secs] [Times: user=0.00 sys=0.00, real=0.00 secs] 
2019-06-10T12:54:18.681+0000: 135.463: [GC (Allocation Failure) 2019-06-10T12:54:18.681+0000: 135.463: [DefNew: 136710K->153K(153600K), 0.0021294 secs] 181213K->44656K(494976K), 0.0021924 secs] [Times: user=0.00 sys=0.00, real=0.00 secs] 
2019-06-10T12:54:54.086+0000: 170.868: [GC (Allocation Failure) 2019-06-10T12:54:54.086+0000: 170.868: [DefNew: 136729K->155K(153600K), 0.0019971 secs] 181232K->44659K(494976K), 0.0020686 secs] [Times: user=0.01 sys=0.00, real=0.01 secs] 
12:54:59.639 [Curator-PathChildrenCache-0] ERROR o.a.c.f.r.c.PathChildrenCache  - 
java.lang.IllegalStateException: instance must be started before calling this method
	at org.apache.curator.shaded.com.google.common.base.Preconditions.checkState(Preconditions.java:444)
	at org.apache.curator.framework.imps.CuratorFrameworkImpl.getChildren(CuratorFrameworkImpl.java:456)
	at org.apache.curator.framework.recipes.cache.PathChildrenCache.refresh(PathChildrenCache.java:521)
	at org.apache.curator.framework.recipes.cache.RefreshOperation.invoke(RefreshOperation.java:35)
	at org.apache.curator.framework.recipes.cache.PathChildrenCache$9.run(PathChildrenCache.java:786)
	at java.util.concurrent.Executors$RunnableAdapter.call(Executors.java:511)
	at java.util.concurrent.FutureTask.run(FutureTask.java:266)
	at java.util.concurrent.Executors$RunnableAdapter.call(Executors.java:511)
	at java.util.concurrent.FutureTask.run(FutureTask.java:266)
	at java.util.concurrent.ThreadPoolExecutor.runWorker(ThreadPoolExecutor.java:1149)
	at java.util.concurrent.ThreadPoolExecutor$Worker.run(ThreadPoolExecutor.java:624)
	at java.lang.Thread.run(Thread.java:748)
Heap
 def new generation   total 153600K, used 50003K [0x00000000e0c00000, 0x00000000eb2a0000, 0x00000000eb2a0000)
  eden space 136576K,  36% used [0x00000000e0c00000, 0x00000000e3cadc78, 0x00000000e9160000)
  from space 17024K,   0% used [0x00000000e9160000, 0x00000000e9186ff0, 0x00000000ea200000)
  to   space 17024K,   0% used [0x00000000ea200000, 0x00000000ea200000, 0x00000000eb2a0000)
 tenured generation   total 341376K, used 44503K [0x00000000eb2a0000, 0x0000000100000000, 0x0000000100000000)
   the space 341376K,  13% used [0x00000000eb2a0000, 0x00000000ede15cf8, 0x00000000ede15e00, 0x0000000100000000)
 Metaspace       used 36267K, capacity 37184K, committed 37376K, reserved 1081344K
  class space    used 4855K, capacity 5074K, committed 5120K, reserved 1048576K
