08:42:16,577 |-INFO in ch.qos.logback.classic.LoggerContext[default] - Could NOT find resource [logback-test.xml]
08:42:16,577 |-INFO in ch.qos.logback.classic.LoggerContext[default] - Could NOT find resource [logback.groovy]
08:42:16,577 |-INFO in ch.qos.logback.classic.LoggerContext[default] - Found resource [logback.xml] at [jar:file:/home/nikitasokolov/flamestream/lib/flamestream-runtime-1.0-SNAPSHOT.jar!/logback.xml]
08:42:16,578 |-WARN in ch.qos.logback.classic.LoggerContext[default] - Resource [logback.xml] occurs multiple times on the classpath.
08:42:16,578 |-WARN in ch.qos.logback.classic.LoggerContext[default] - Resource [logback.xml] occurs at [jar:file:/home/nikitasokolov/flamestream/lib/flamestream-runtime-1.0-SNAPSHOT.jar!/logback.xml]
08:42:16,578 |-WARN in ch.qos.logback.classic.LoggerContext[default] - Resource [logback.xml] occurs at [jar:file:/home/nikitasokolov/flamestream/flamestream-runtime-1.0-SNAPSHOT.jar!/logback.xml]
08:42:16,595 |-INFO in ch.qos.logback.core.joran.spi.ConfigurationWatchList@6108b2d7 - URL [jar:file:/home/nikitasokolov/flamestream/lib/flamestream-runtime-1.0-SNAPSHOT.jar!/logback.xml] is not of type file
08:42:16,645 |-INFO in ch.qos.logback.classic.joran.action.ConfigurationAction - debug attribute not set
08:42:16,646 |-INFO in ch.qos.logback.core.joran.action.AppenderAction - About to instantiate appender of type [ch.qos.logback.core.ConsoleAppender]
08:42:16,654 |-INFO in ch.qos.logback.core.joran.action.AppenderAction - Naming appender as [STDOUT]
08:42:16,662 |-INFO in ch.qos.logback.core.joran.action.NestedComplexPropertyIA - Assuming default type [ch.qos.logback.classic.encoder.PatternLayoutEncoder] for [encoder] property
08:42:16,718 |-INFO in ch.qos.logback.core.joran.action.AppenderAction - About to instantiate appender of type [ch.qos.logback.core.rolling.RollingFileAppender]
08:42:16,723 |-INFO in ch.qos.logback.core.joran.action.AppenderAction - Naming appender as [FILE]
08:42:16,746 |-INFO in c.q.l.core.rolling.TimeBasedRollingPolicy@357863579 - No compression will be used
08:42:16,747 |-INFO in c.q.l.core.rolling.TimeBasedRollingPolicy@357863579 - Will use the pattern /tmp/application_%d{yyyy-MM-dd}.%i.log for the active file
08:42:16,750 |-INFO in ch.qos.logback.core.rolling.SizeAndTimeBasedFNATP@6bf256fa - The date pattern is 'yyyy-MM-dd' from file name pattern '/tmp/application_%d{yyyy-MM-dd}.%i.log'.
08:42:16,750 |-INFO in ch.qos.logback.core.rolling.SizeAndTimeBasedFNATP@6bf256fa - Roll-over at midnight.
08:42:16,754 |-INFO in ch.qos.logback.core.rolling.SizeAndTimeBasedFNATP@6bf256fa - Setting initial period to Sun Jun 09 08:41:33 MSK 2019
08:42:16,754 |-WARN in ch.qos.logback.core.rolling.SizeAndTimeBasedFNATP@6bf256fa - SizeAndTimeBasedFNATP is deprecated. Use SizeAndTimeBasedRollingPolicy instead
08:42:16,754 |-WARN in ch.qos.logback.core.rolling.SizeAndTimeBasedFNATP@6bf256fa - For more information see http://logback.qos.ch/manual/appenders.html#SizeAndTimeBasedRollingPolicy
08:42:16,758 |-INFO in ch.qos.logback.core.joran.action.NestedComplexPropertyIA - Assuming default type [ch.qos.logback.classic.encoder.PatternLayoutEncoder] for [encoder] property
08:42:16,761 |-INFO in ch.qos.logback.core.rolling.RollingFileAppender[FILE] - Active log file name: /tmp/application.log
08:42:16,761 |-INFO in ch.qos.logback.core.rolling.RollingFileAppender[FILE] - File property is set to [/tmp/application.log]
08:42:16,762 |-INFO in ch.qos.logback.classic.joran.action.RootLoggerAction - Setting level of ROOT logger to WARN
08:42:16,762 |-INFO in ch.qos.logback.core.joran.action.AppenderRefAction - Attaching appender named [STDOUT] to Logger[ROOT]
08:42:16,763 |-INFO in ch.qos.logback.core.joran.action.AppenderRefAction - Attaching appender named [FILE] to Logger[ROOT]
08:42:16,763 |-INFO in ch.qos.logback.classic.joran.action.ConfigurationAction - End of configuration.
08:42:16,763 |-INFO in ch.qos.logback.classic.joran.JoranConfigurator@6cd8737 - Registering current configuration as safe fallback point

2019-06-09T08:42:17.772+0300: 1.385: [GC (Metadata GC Threshold) [PSYoungGen: 105549K->15860K(149504K)] 105549K->15940K(491008K), 0.0197945 secs] [Times: user=0.06 sys=0.03, real=0.02 secs] 
2019-06-09T08:42:17.792+0300: 1.405: [Full GC (Metadata GC Threshold) [PSYoungGen: 15860K->0K(149504K)] [ParOldGen: 80K->15045K(341504K)] 15940K->15045K(491008K), [Metaspace: 20802K->20802K(1067008K)], 0.0252200 secs] [Times: user=0.16 sys=0.01, real=0.02 secs] 
08:42:25.922 [Curator-PathChildrenCache-2] WARN  o.a.c.u.ZKPaths  - The version of ZooKeeper being used doesn't support Container nodes. CreateMode.PERSISTENT will be used instead.
2019-06-09T08:42:26.700+0300: 10.313: [GC (Metadata GC Threshold) [PSYoungGen: 124117K->16752K(149504K)] 139163K->51336K(491008K), 0.0275074 secs] [Times: user=0.21 sys=0.02, real=0.02 secs] 
2019-06-09T08:42:26.727+0300: 10.340: [Full GC (Metadata GC Threshold) [PSYoungGen: 16752K->0K(149504K)] [ParOldGen: 34584K->39629K(341504K)] 51336K->39629K(491008K), [Metaspace: 34480K->34480K(1079296K)], 0.0465996 secs] [Times: user=0.30 sys=0.03, real=0.05 secs] 
2019-06-09T08:42:32.196+0300: 15.809: [GC (Allocation Failure) [PSYoungGen: 128512K->512K(149504K)] 168141K->40149K(491008K), 0.0046315 secs] [Times: user=0.02 sys=0.00, real=0.01 secs] 
2019-06-09T08:42:38.379+0300: 21.991: [GC (Allocation Failure) [PSYoungGen: 129024K->512K(149504K)] 168661K->40149K(491008K), 0.0068042 secs] [Times: user=0.06 sys=0.01, real=0.00 secs] 
2019-06-09T08:42:44.586+0300: 28.199: [GC (Allocation Failure) [PSYoungGen: 129024K->544K(129536K)] 168661K->40189K(471040K), 0.0045712 secs] [Times: user=0.03 sys=0.01, real=0.01 secs] 
2019-06-09T08:42:50.830+0300: 34.443: [GC (Allocation Failure) [PSYoungGen: 129056K->576K(148992K)] 168701K->40229K(490496K), 0.0050897 secs] [Times: user=0.04 sys=0.00, real=0.00 secs] 
2019-06-09T08:42:57.084+0300: 40.697: [GC (Allocation Failure) [PSYoungGen: 127552K->576K(148480K)] 167205K->40237K(489984K), 0.0052611 secs] [Times: user=0.04 sys=0.00, real=0.00 secs] 
2019-06-09T08:43:03.322+0300: 46.934: [GC (Allocation Failure) [PSYoungGen: 127552K->576K(151040K)] 167213K->40245K(492544K), 0.0044460 secs] [Times: user=0.03 sys=0.00, real=0.00 secs] 
2019-06-09T08:43:09.771+0300: 53.383: [GC (Allocation Failure) [PSYoungGen: 131136K->544K(150016K)] 170805K->40221K(491520K), 0.0037961 secs] [Times: user=0.01 sys=0.01, real=0.00 secs] 
2019-06-09T08:43:16.241+0300: 59.854: [GC (Allocation Failure) [PSYoungGen: 131104K->608K(152576K)] 170781K->40285K(494080K), 0.0031249 secs] [Times: user=0.01 sys=0.00, real=0.00 secs] 
2019-06-09T08:43:23.808+0300: 67.421: [GC (Allocation Failure) [PSYoungGen: 134752K->960K(152064K)] 174429K->40645K(493568K), 0.0031793 secs] [Times: user=0.02 sys=0.00, real=0.01 secs] 
2019-06-09T08:43:32.211+0300: 75.824: [GC (Allocation Failure) [PSYoungGen: 135104K->608K(154624K)] 174789K->40301K(496128K), 0.0045403 secs] [Times: user=0.04 sys=0.00, real=0.00 secs] 
2019-06-09T08:43:40.880+0300: 84.492: [GC (Allocation Failure) [PSYoungGen: 138336K->576K(153600K)] 178029K->40269K(495104K), 0.0036755 secs] [Times: user=0.02 sys=0.00, real=0.00 secs] 
08:43:54.113 [Curator-PathChildrenCache-0] ERROR o.a.c.f.r.c.PathChildrenCache  - 
java.lang.IllegalStateException: instance must be started before calling this method
	at org.apache.curator.shaded.com.google.common.base.Preconditions.checkState(Preconditions.java:444)
	at org.apache.curator.framework.imps.CuratorFrameworkImpl.getChildren(CuratorFrameworkImpl.java:456)
	at org.apache.curator.framework.recipes.cache.PathChildrenCache.refresh(PathChildrenCache.java:521)
	at org.apache.curator.framework.recipes.cache.RefreshOperation.invoke(RefreshOperation.java:35)
	at org.apache.curator.framework.recipes.cache.PathChildrenCache$9.run(PathChildrenCache.java:786)
	at java.util.concurrent.Executors$RunnableAdapter.call(Executors.java:511)
	at java.util.concurrent.FutureTask.run(FutureTask.java:266)
	at java.util.concurrent.Executors$RunnableAdapter.call(Executors.java:511)
	at java.util.concurrent.FutureTask.run(FutureTask.java:266)
	at java.util.concurrent.ThreadPoolExecutor.runWorker(ThreadPoolExecutor.java:1149)
	at java.util.concurrent.ThreadPoolExecutor$Worker.run(ThreadPoolExecutor.java:624)
	at java.lang.Thread.run(Thread.java:748)
Heap
 PSYoungGen      total 153600K, used 47402K [0x00000000f5980000, 0x0000000100000000, 0x0000000100000000)
  eden space 137728K, 33% used [0x00000000f5980000,0x00000000f873a808,0x00000000fe000000)
  from space 15872K, 3% used [0x00000000fe000000,0x00000000fe090030,0x00000000fef80000)
  to   space 15360K, 0% used [0x00000000ff100000,0x00000000ff100000,0x0000000100000000)
 ParOldGen       total 341504K, used 39693K [0x00000000e0c00000, 0x00000000f5980000, 0x00000000f5980000)
  object space 341504K, 11% used [0x00000000e0c00000,0x00000000e32c3590,0x00000000f5980000)
 Metaspace       used 36378K, capacity 37330K, committed 37464K, reserved 1081344K
  class space    used 5015K, capacity 5219K, committed 5248K, reserved 1048576K
