05:15:21,926 |-INFO in ch.qos.logback.classic.LoggerContext[default] - Could NOT find resource [logback-test.xml]
05:15:21,926 |-INFO in ch.qos.logback.classic.LoggerContext[default] - Could NOT find resource [logback.groovy]
05:15:21,926 |-INFO in ch.qos.logback.classic.LoggerContext[default] - Found resource [logback.xml] at [jar:file:/root/flamestream/lib/flamestream-runtime-1.0-SNAPSHOT.jar!/logback.xml]
05:15:21,927 |-WARN in ch.qos.logback.classic.LoggerContext[default] - Resource [logback.xml] occurs multiple times on the classpath.
05:15:21,927 |-WARN in ch.qos.logback.classic.LoggerContext[default] - Resource [logback.xml] occurs at [jar:file:/root/flamestream/lib/flamestream-runtime-1.0-SNAPSHOT.jar!/logback.xml]
05:15:21,927 |-WARN in ch.qos.logback.classic.LoggerContext[default] - Resource [logback.xml] occurs at [jar:file:/root/flamestream/flamestream-runtime-1.0-SNAPSHOT.jar!/logback.xml]
05:15:21,947 |-INFO in ch.qos.logback.core.joran.spi.ConfigurationWatchList@3fb6a447 - URL [jar:file:/root/flamestream/lib/flamestream-runtime-1.0-SNAPSHOT.jar!/logback.xml] is not of type file
05:15:22,017 |-INFO in ch.qos.logback.classic.joran.action.ConfigurationAction - debug attribute not set
05:15:22,018 |-INFO in ch.qos.logback.core.joran.action.AppenderAction - About to instantiate appender of type [ch.qos.logback.core.ConsoleAppender]
05:15:22,036 |-INFO in ch.qos.logback.core.joran.action.AppenderAction - Naming appender as [STDOUT]
05:15:22,054 |-INFO in ch.qos.logback.core.joran.action.NestedComplexPropertyIA - Assuming default type [ch.qos.logback.classic.encoder.PatternLayoutEncoder] for [encoder] property
05:15:22,138 |-INFO in ch.qos.logback.core.joran.action.AppenderAction - About to instantiate appender of type [ch.qos.logback.core.rolling.RollingFileAppender]
05:15:22,143 |-INFO in ch.qos.logback.core.joran.action.AppenderAction - Naming appender as [FILE]
05:15:22,175 |-INFO in c.q.l.core.rolling.TimeBasedRollingPolicy@127618319 - No compression will be used
05:15:22,177 |-INFO in c.q.l.core.rolling.TimeBasedRollingPolicy@127618319 - Will use the pattern /tmp/application_%d{yyyy-MM-dd}.%i.log for the active file
05:15:22,179 |-INFO in ch.qos.logback.core.rolling.SizeAndTimeBasedFNATP@6b2fad11 - The date pattern is 'yyyy-MM-dd' from file name pattern '/tmp/application_%d{yyyy-MM-dd}.%i.log'.
05:15:22,179 |-INFO in ch.qos.logback.core.rolling.SizeAndTimeBasedFNATP@6b2fad11 - Roll-over at midnight.
05:15:22,185 |-INFO in ch.qos.logback.core.rolling.SizeAndTimeBasedFNATP@6b2fad11 - Setting initial period to Tue Jun 11 05:13:51 UTC 2019
05:15:22,185 |-WARN in ch.qos.logback.core.rolling.SizeAndTimeBasedFNATP@6b2fad11 - SizeAndTimeBasedFNATP is deprecated. Use SizeAndTimeBasedRollingPolicy instead
05:15:22,185 |-WARN in ch.qos.logback.core.rolling.SizeAndTimeBasedFNATP@6b2fad11 - For more information see http://logback.qos.ch/manual/appenders.html#SizeAndTimeBasedRollingPolicy
05:15:22,189 |-INFO in ch.qos.logback.core.joran.action.NestedComplexPropertyIA - Assuming default type [ch.qos.logback.classic.encoder.PatternLayoutEncoder] for [encoder] property
05:15:22,193 |-INFO in ch.qos.logback.core.rolling.RollingFileAppender[FILE] - Active log file name: /tmp/application.log
05:15:22,193 |-INFO in ch.qos.logback.core.rolling.RollingFileAppender[FILE] - File property is set to [/tmp/application.log]
05:15:22,194 |-INFO in ch.qos.logback.classic.joran.action.RootLoggerAction - Setting level of ROOT logger to WARN
05:15:22,194 |-INFO in ch.qos.logback.core.joran.action.AppenderRefAction - Attaching appender named [STDOUT] to Logger[ROOT]
05:15:22,196 |-INFO in ch.qos.logback.core.joran.action.AppenderRefAction - Attaching appender named [FILE] to Logger[ROOT]
05:15:22,196 |-INFO in ch.qos.logback.classic.joran.action.ConfigurationAction - End of configuration.
05:15:22,197 |-INFO in ch.qos.logback.classic.joran.JoranConfigurator@79698539 - Registering current configuration as safe fallback point

Ama winner
Ama winner
2019-06-11T05:15:23.506+0000: 1.770: [Full GC (Metadata GC Threshold) 2019-06-11T05:15:23.506+0000: 1.770: [Tenured: 0K->15241K(341376K), 0.0397656 secs] 117750K->15241K(494976K), [Metaspace: 20731K->20731K(1067008K)], 0.0398345 secs] [Times: user=0.03 sys=0.01, real=0.04 secs] 
05:15:44.665 [Curator-PathChildrenCache-2] WARN  o.a.c.u.ZKPaths  - The version of ZooKeeper being used doesn't support Container nodes. CreateMode.PERSISTENT will be used instead.
2019-06-11T05:15:46.990+0000: 25.254: [GC (Allocation Failure) 2019-06-11T05:15:46.990+0000: 25.254: [DefNew: 119193K->17023K(153600K), 0.0177486 secs] 134434K->33140K(494976K), 0.0178142 secs] [Times: user=0.01 sys=0.01, real=0.01 secs] 
2019-06-11T05:15:47.453+0000: 25.717: [Full GC (Metadata GC Threshold) 2019-06-11T05:15:47.453+0000: 25.717: [Tenured: 16116K->44444K(341376K), 0.0472119 secs] 69478K->44444K(494976K), [Metaspace: 34604K->34604K(1079296K)], 0.0472951 secs] [Times: user=0.04 sys=0.01, real=0.05 secs] 
2019-06-11T05:15:49.581+0000: 27.845: [GC (Allocation Failure) 2019-06-11T05:15:49.581+0000: 27.845: [DefNew: 136576K->132K(153600K), 0.0021041 secs] 181020K->44576K(494976K), 0.0021648 secs] [Times: user=0.01 sys=0.00, real=0.00 secs] 
2019-06-11T05:15:51.320+0000: 29.584: [GC (Allocation Failure) 2019-06-11T05:15:51.320+0000: 29.584: [DefNew: 136708K->151K(153600K), 0.0021526 secs] 181152K->44595K(494976K), 0.0022115 secs] [Times: user=0.00 sys=0.00, real=0.00 secs] 
2019-06-11T05:15:53.119+0000: 31.383: [GC (Allocation Failure) 2019-06-11T05:15:53.119+0000: 31.383: [DefNew: 136727K->160K(153600K), 0.0019334 secs] 181171K->44604K(494976K), 0.0019964 secs] [Times: user=0.00 sys=0.00, real=0.00 secs] 
2019-06-11T05:15:54.925+0000: 33.189: [GC (Allocation Failure) 2019-06-11T05:15:54.925+0000: 33.189: [DefNew: 136736K->155K(153600K), 0.0020697 secs] 181180K->44599K(494976K), 0.0021270 secs] [Times: user=0.00 sys=0.00, real=0.00 secs] 
2019-06-11T05:15:56.696+0000: 34.960: [GC (Allocation Failure) 2019-06-11T05:15:56.696+0000: 34.960: [DefNew: 136731K->159K(153600K), 0.0020220 secs] 181175K->44603K(494976K), 0.0020837 secs] [Times: user=0.01 sys=0.00, real=0.01 secs] 
2019-06-11T05:15:58.462+0000: 36.726: [GC (Allocation Failure) 2019-06-11T05:15:58.462+0000: 36.726: [DefNew: 136735K->160K(153600K), 0.0019841 secs] 181179K->44604K(494976K), 0.0020426 secs] [Times: user=0.01 sys=0.00, real=0.00 secs] 
2019-06-11T05:16:05.637+0000: 43.901: [GC (Allocation Failure) 2019-06-11T05:16:05.637+0000: 43.901: [DefNew: 136736K->160K(153600K), 0.0022922 secs] 181180K->44605K(494976K), 0.0023406 secs] [Times: user=0.00 sys=0.00, real=0.00 secs] 
05:16:05.706 [Curator-PathChildrenCache-0] ERROR o.a.c.f.r.c.PathChildrenCache  - 
java.lang.IllegalStateException: instance must be started before calling this method
	at org.apache.curator.shaded.com.google.common.base.Preconditions.checkState(Preconditions.java:444)
	at org.apache.curator.framework.imps.CuratorFrameworkImpl.getChildren(CuratorFrameworkImpl.java:456)
	at org.apache.curator.framework.recipes.cache.PathChildrenCache.refresh(PathChildrenCache.java:521)
	at org.apache.curator.framework.recipes.cache.RefreshOperation.invoke(RefreshOperation.java:35)
	at org.apache.curator.framework.recipes.cache.PathChildrenCache$9.run(PathChildrenCache.java:786)
	at java.util.concurrent.Executors$RunnableAdapter.call(Executors.java:511)
	at java.util.concurrent.FutureTask.run(FutureTask.java:266)
	at java.util.concurrent.Executors$RunnableAdapter.call(Executors.java:511)
	at java.util.concurrent.FutureTask.run(FutureTask.java:266)
	at java.util.concurrent.ThreadPoolExecutor.runWorker(ThreadPoolExecutor.java:1149)
	at java.util.concurrent.ThreadPoolExecutor$Worker.run(ThreadPoolExecutor.java:624)
	at java.lang.Thread.run(Thread.java:748)
Heap
 def new generation   total 153600K, used 23917K [0x00000000e0c00000, 0x00000000eb2a0000, 0x00000000eb2a0000)
  eden space 136576K,  17% used [0x00000000e0c00000, 0x00000000e2333308, 0x00000000e9160000)
  from space 17024K,   0% used [0x00000000e9160000, 0x00000000e91882c0, 0x00000000ea200000)
  to   space 17024K,   0% used [0x00000000ea200000, 0x00000000ea200000, 0x00000000eb2a0000)
 tenured generation   total 341376K, used 44444K [0x00000000eb2a0000, 0x0000000100000000, 0x0000000100000000)
   the space 341376K,  13% used [0x00000000eb2a0000, 0x00000000ede07158, 0x00000000ede07200, 0x0000000100000000)
 Metaspace       used 36032K, capacity 36974K, committed 37120K, reserved 1081344K
  class space    used 4873K, capacity 5067K, committed 5120K, reserved 1048576K
