07:54:05,318 |-INFO in ch.qos.logback.classic.LoggerContext[default] - Could NOT find resource [logback-test.xml]
07:54:05,318 |-INFO in ch.qos.logback.classic.LoggerContext[default] - Could NOT find resource [logback.groovy]
07:54:05,318 |-INFO in ch.qos.logback.classic.LoggerContext[default] - Found resource [logback.xml] at [jar:file:/home/nikitasokolov/flamestream/lib/flamestream-runtime-1.0-SNAPSHOT.jar!/logback.xml]
07:54:05,319 |-WARN in ch.qos.logback.classic.LoggerContext[default] - Resource [logback.xml] occurs multiple times on the classpath.
07:54:05,319 |-WARN in ch.qos.logback.classic.LoggerContext[default] - Resource [logback.xml] occurs at [jar:file:/home/nikitasokolov/flamestream/lib/flamestream-runtime-1.0-SNAPSHOT.jar!/logback.xml]
07:54:05,319 |-WARN in ch.qos.logback.classic.LoggerContext[default] - Resource [logback.xml] occurs at [jar:file:/home/nikitasokolov/flamestream/flamestream-runtime-1.0-SNAPSHOT.jar!/logback.xml]
07:54:05,334 |-INFO in ch.qos.logback.core.joran.spi.ConfigurationWatchList@6108b2d7 - URL [jar:file:/home/nikitasokolov/flamestream/lib/flamestream-runtime-1.0-SNAPSHOT.jar!/logback.xml] is not of type file
07:54:05,383 |-INFO in ch.qos.logback.classic.joran.action.ConfigurationAction - debug attribute not set
07:54:05,383 |-INFO in ch.qos.logback.core.joran.action.AppenderAction - About to instantiate appender of type [ch.qos.logback.core.ConsoleAppender]
07:54:05,391 |-INFO in ch.qos.logback.core.joran.action.AppenderAction - Naming appender as [STDOUT]
07:54:05,398 |-INFO in ch.qos.logback.core.joran.action.NestedComplexPropertyIA - Assuming default type [ch.qos.logback.classic.encoder.PatternLayoutEncoder] for [encoder] property
07:54:05,450 |-INFO in ch.qos.logback.core.joran.action.AppenderAction - About to instantiate appender of type [ch.qos.logback.core.rolling.RollingFileAppender]
07:54:05,455 |-INFO in ch.qos.logback.core.joran.action.AppenderAction - Naming appender as [FILE]
07:54:05,476 |-INFO in c.q.l.core.rolling.TimeBasedRollingPolicy@357863579 - No compression will be used
07:54:05,477 |-INFO in c.q.l.core.rolling.TimeBasedRollingPolicy@357863579 - Will use the pattern /tmp/application_%d{yyyy-MM-dd}.%i.log for the active file
07:54:05,480 |-INFO in ch.qos.logback.core.rolling.SizeAndTimeBasedFNATP@6bf256fa - The date pattern is 'yyyy-MM-dd' from file name pattern '/tmp/application_%d{yyyy-MM-dd}.%i.log'.
07:54:05,480 |-INFO in ch.qos.logback.core.rolling.SizeAndTimeBasedFNATP@6bf256fa - Roll-over at midnight.
07:54:05,484 |-INFO in ch.qos.logback.core.rolling.SizeAndTimeBasedFNATP@6bf256fa - Setting initial period to Sun Jun 09 07:53:20 MSK 2019
07:54:05,484 |-WARN in ch.qos.logback.core.rolling.SizeAndTimeBasedFNATP@6bf256fa - SizeAndTimeBasedFNATP is deprecated. Use SizeAndTimeBasedRollingPolicy instead
07:54:05,484 |-WARN in ch.qos.logback.core.rolling.SizeAndTimeBasedFNATP@6bf256fa - For more information see http://logback.qos.ch/manual/appenders.html#SizeAndTimeBasedRollingPolicy
07:54:05,488 |-INFO in ch.qos.logback.core.joran.action.NestedComplexPropertyIA - Assuming default type [ch.qos.logback.classic.encoder.PatternLayoutEncoder] for [encoder] property
07:54:05,490 |-INFO in ch.qos.logback.core.rolling.RollingFileAppender[FILE] - Active log file name: /tmp/application.log
07:54:05,490 |-INFO in ch.qos.logback.core.rolling.RollingFileAppender[FILE] - File property is set to [/tmp/application.log]
07:54:05,491 |-INFO in ch.qos.logback.classic.joran.action.RootLoggerAction - Setting level of ROOT logger to WARN
07:54:05,492 |-INFO in ch.qos.logback.core.joran.action.AppenderRefAction - Attaching appender named [STDOUT] to Logger[ROOT]
07:54:05,492 |-INFO in ch.qos.logback.core.joran.action.AppenderRefAction - Attaching appender named [FILE] to Logger[ROOT]
07:54:05,492 |-INFO in ch.qos.logback.classic.joran.action.ConfigurationAction - End of configuration.
07:54:05,493 |-INFO in ch.qos.logback.classic.joran.JoranConfigurator@6cd8737 - Registering current configuration as safe fallback point

2019-06-09T07:54:06.457+0300: 1.318: [GC (Metadata GC Threshold) [PSYoungGen: 110722K->15930K(149504K)] 110722K->16010K(491008K), 0.0289910 secs] [Times: user=0.10 sys=0.03, real=0.03 secs] 
2019-06-09T07:54:06.486+0300: 1.347: [Full GC (Metadata GC Threshold) [PSYoungGen: 15930K->0K(149504K)] [ParOldGen: 80K->15078K(341504K)] 16010K->15078K(491008K), [Metaspace: 20800K->20800K(1067008K)], 0.0312566 secs] [Times: user=0.20 sys=0.01, real=0.03 secs] 
07:54:13.958 [Curator-PathChildrenCache-1] WARN  o.a.c.u.ZKPaths  - The version of ZooKeeper being used doesn't support Container nodes. CreateMode.PERSISTENT will be used instead.
2019-06-09T07:54:14.866+0300: 9.727: [GC (Metadata GC Threshold) [PSYoungGen: 126767K->15780K(149504K)] 141845K->50397K(491008K), 0.0285296 secs] [Times: user=0.23 sys=0.02, real=0.03 secs] 
2019-06-09T07:54:14.895+0300: 9.756: [Full GC (Metadata GC Threshold) [PSYoungGen: 15780K->0K(149504K)] [ParOldGen: 34617K->38794K(341504K)] 50397K->38794K(491008K), [Metaspace: 34557K->34557K(1079296K)], 0.0373629 secs] [Times: user=0.19 sys=0.02, real=0.04 secs] 
2019-06-09T07:54:18.767+0300: 13.628: [GC (Allocation Failure) [PSYoungGen: 128512K->352K(149504K)] 167306K->39154K(491008K), 0.0039435 secs] [Times: user=0.02 sys=0.00, real=0.01 secs] 
2019-06-09T07:54:23.033+0300: 17.894: [GC (Allocation Failure) [PSYoungGen: 128864K->384K(149504K)] 167666K->39194K(491008K), 0.0033165 secs] [Times: user=0.01 sys=0.00, real=0.00 secs] 
2019-06-09T07:54:27.341+0300: 22.202: [GC (Allocation Failure) [PSYoungGen: 128896K->480K(129024K)] 167706K->39298K(470528K), 0.0047692 secs] [Times: user=0.02 sys=0.02, real=0.00 secs] 
2019-06-09T07:54:31.610+0300: 26.471: [GC (Allocation Failure) [PSYoungGen: 128992K->512K(150016K)] 167810K->39330K(491520K), 0.0039181 secs] [Times: user=0.02 sys=0.00, real=0.00 secs] 
2019-06-09T07:54:35.935+0300: 30.796: [GC (Allocation Failure) [PSYoungGen: 129024K->480K(148992K)] 167842K->39306K(490496K), 0.0049791 secs] [Times: user=0.03 sys=0.00, real=0.01 secs] 
2019-06-09T07:54:40.299+0300: 35.160: [GC (Allocation Failure) [PSYoungGen: 128992K->512K(151552K)] 167818K->39346K(493056K), 0.0041364 secs] [Times: user=0.02 sys=0.00, real=0.00 secs] 
2019-06-09T07:54:44.790+0300: 39.651: [GC (Allocation Failure) [PSYoungGen: 132608K->512K(151040K)] 171442K->39354K(492544K), 0.0027148 secs] [Times: user=0.01 sys=0.00, real=0.00 secs] 
2019-06-09T07:54:49.269+0300: 44.129: [GC (Allocation Failure) [PSYoungGen: 132608K->480K(153088K)] 171450K->39330K(494592K), 0.0040991 secs] [Times: user=0.02 sys=0.00, real=0.01 secs] 
2019-06-09T07:54:53.869+0300: 48.730: [GC (Allocation Failure) [PSYoungGen: 135648K->416K(152576K)] 174498K->39274K(494080K), 0.0046483 secs] [Times: user=0.02 sys=0.01, real=0.01 secs] 
2019-06-09T07:54:58.412+0300: 53.273: [GC (Allocation Failure) [PSYoungGen: 135584K->480K(155136K)] 174442K->39346K(496640K), 0.0031656 secs] [Times: user=0.01 sys=0.00, real=0.00 secs] 
2019-06-09T07:55:03.071+0300: 57.931: [GC (Allocation Failure) [PSYoungGen: 139232K->480K(154112K)] 178098K->39354K(495616K), 0.0030502 secs] [Times: user=0.01 sys=0.00, real=0.00 secs] 
2019-06-09T07:55:07.935+0300: 62.795: [GC (Allocation Failure) [PSYoungGen: 139232K->887K(156672K)] 178106K->39770K(498176K), 0.0037757 secs] [Times: user=0.00 sys=0.01, real=0.01 secs] 
07:55:20.961 [Curator-PathChildrenCache-0] ERROR o.a.c.f.r.c.PathChildrenCache  - 
java.lang.IllegalStateException: instance must be started before calling this method
	at org.apache.curator.shaded.com.google.common.base.Preconditions.checkState(Preconditions.java:444)
	at org.apache.curator.framework.imps.CuratorFrameworkImpl.getChildren(CuratorFrameworkImpl.java:456)
	at org.apache.curator.framework.recipes.cache.PathChildrenCache.refresh(PathChildrenCache.java:521)
	at org.apache.curator.framework.recipes.cache.RefreshOperation.invoke(RefreshOperation.java:35)
	at org.apache.curator.framework.recipes.cache.PathChildrenCache$9.run(PathChildrenCache.java:786)
	at java.util.concurrent.Executors$RunnableAdapter.call(Executors.java:511)
	at java.util.concurrent.FutureTask.run(FutureTask.java:266)
	at java.util.concurrent.Executors$RunnableAdapter.call(Executors.java:511)
	at java.util.concurrent.FutureTask.run(FutureTask.java:266)
	at java.util.concurrent.ThreadPoolExecutor.runWorker(ThreadPoolExecutor.java:1149)
	at java.util.concurrent.ThreadPoolExecutor$Worker.run(ThreadPoolExecutor.java:624)
	at java.lang.Thread.run(Thread.java:748)
Heap
 PSYoungGen      total 156672K, used 87153K [0x00000000f5980000, 0x0000000100000000, 0x0000000100000000)
  eden space 141824K, 60% used [0x00000000f5980000,0x00000000fadbe988,0x00000000fe400000)
  from space 14848K, 5% used [0x00000000ff180000,0x00000000ff25dd20,0x0000000100000000)
  to   space 13824K, 0% used [0x00000000fe400000,0x00000000fe400000,0x00000000ff180000)
 ParOldGen       total 341504K, used 38882K [0x00000000e0c00000, 0x00000000f5980000, 0x00000000f5980000)
  object space 341504K, 11% used [0x00000000e0c00000,0x00000000e31f8b60,0x00000000f5980000)
 Metaspace       used 36122K, capacity 36958K, committed 37208K, reserved 1081344K
  class space    used 4978K, capacity 5161K, committed 5248K, reserved 1048576K
