17:35:09,059 |-INFO in ch.qos.logback.classic.LoggerContext[default] - Could NOT find resource [logback-test.xml]
17:35:09,059 |-INFO in ch.qos.logback.classic.LoggerContext[default] - Could NOT find resource [logback.groovy]
17:35:09,059 |-INFO in ch.qos.logback.classic.LoggerContext[default] - Found resource [logback.xml] at [jar:file:/root/flamestream/lib/flamestream-runtime-1.0-SNAPSHOT.jar!/logback.xml]
17:35:09,060 |-WARN in ch.qos.logback.classic.LoggerContext[default] - Resource [logback.xml] occurs multiple times on the classpath.
17:35:09,060 |-WARN in ch.qos.logback.classic.LoggerContext[default] - Resource [logback.xml] occurs at [jar:file:/root/flamestream/lib/flamestream-runtime-1.0-SNAPSHOT.jar!/logback.xml]
17:35:09,060 |-WARN in ch.qos.logback.classic.LoggerContext[default] - Resource [logback.xml] occurs at [jar:file:/root/flamestream/flamestream-runtime-1.0-SNAPSHOT.jar!/logback.xml]
17:35:09,081 |-INFO in ch.qos.logback.core.joran.spi.ConfigurationWatchList@3fb6a447 - URL [jar:file:/root/flamestream/lib/flamestream-runtime-1.0-SNAPSHOT.jar!/logback.xml] is not of type file
17:35:09,147 |-INFO in ch.qos.logback.classic.joran.action.ConfigurationAction - debug attribute not set
17:35:09,148 |-INFO in ch.qos.logback.core.joran.action.AppenderAction - About to instantiate appender of type [ch.qos.logback.core.ConsoleAppender]
17:35:09,164 |-INFO in ch.qos.logback.core.joran.action.AppenderAction - Naming appender as [STDOUT]
17:35:09,177 |-INFO in ch.qos.logback.core.joran.action.NestedComplexPropertyIA - Assuming default type [ch.qos.logback.classic.encoder.PatternLayoutEncoder] for [encoder] property
17:35:09,276 |-INFO in ch.qos.logback.core.joran.action.AppenderAction - About to instantiate appender of type [ch.qos.logback.core.rolling.RollingFileAppender]
17:35:09,281 |-INFO in ch.qos.logback.core.joran.action.AppenderAction - Naming appender as [FILE]
17:35:09,321 |-INFO in c.q.l.core.rolling.TimeBasedRollingPolicy@127618319 - No compression will be used
17:35:09,322 |-INFO in c.q.l.core.rolling.TimeBasedRollingPolicy@127618319 - Will use the pattern /tmp/application_%d{yyyy-MM-dd}.%i.log for the active file
17:35:09,325 |-INFO in ch.qos.logback.core.rolling.SizeAndTimeBasedFNATP@6b2fad11 - The date pattern is 'yyyy-MM-dd' from file name pattern '/tmp/application_%d{yyyy-MM-dd}.%i.log'.
17:35:09,325 |-INFO in ch.qos.logback.core.rolling.SizeAndTimeBasedFNATP@6b2fad11 - Roll-over at midnight.
17:35:09,330 |-INFO in ch.qos.logback.core.rolling.SizeAndTimeBasedFNATP@6b2fad11 - Setting initial period to Mon Jun 10 17:33:40 UTC 2019
17:35:09,330 |-WARN in ch.qos.logback.core.rolling.SizeAndTimeBasedFNATP@6b2fad11 - SizeAndTimeBasedFNATP is deprecated. Use SizeAndTimeBasedRollingPolicy instead
17:35:09,330 |-WARN in ch.qos.logback.core.rolling.SizeAndTimeBasedFNATP@6b2fad11 - For more information see http://logback.qos.ch/manual/appenders.html#SizeAndTimeBasedRollingPolicy
17:35:09,334 |-INFO in ch.qos.logback.core.joran.action.NestedComplexPropertyIA - Assuming default type [ch.qos.logback.classic.encoder.PatternLayoutEncoder] for [encoder] property
17:35:09,339 |-INFO in ch.qos.logback.core.rolling.RollingFileAppender[FILE] - Active log file name: /tmp/application.log
17:35:09,339 |-INFO in ch.qos.logback.core.rolling.RollingFileAppender[FILE] - File property is set to [/tmp/application.log]
17:35:09,340 |-INFO in ch.qos.logback.classic.joran.action.RootLoggerAction - Setting level of ROOT logger to WARN
17:35:09,340 |-INFO in ch.qos.logback.core.joran.action.AppenderRefAction - Attaching appender named [STDOUT] to Logger[ROOT]
17:35:09,342 |-INFO in ch.qos.logback.core.joran.action.AppenderRefAction - Attaching appender named [FILE] to Logger[ROOT]
17:35:09,342 |-INFO in ch.qos.logback.classic.joran.action.ConfigurationAction - End of configuration.
17:35:09,343 |-INFO in ch.qos.logback.classic.joran.JoranConfigurator@79698539 - Registering current configuration as safe fallback point

Ama winner
Ama winner
2019-06-10T17:35:10.699+0000: 1.826: [Full GC (Metadata GC Threshold) 2019-06-10T17:35:10.699+0000: 1.826: [Tenured: 0K->15177K(341376K), 0.0417920 secs] 114923K->15177K(494976K), [Metaspace: 20729K->20729K(1067008K)], 0.0418614 secs] [Times: user=0.03 sys=0.00, real=0.04 secs] 
17:35:24.765 [Curator-PathChildrenCache-1] WARN  o.a.c.u.ZKPaths  - The version of ZooKeeper being used doesn't support Container nodes. CreateMode.PERSISTENT will be used instead.
2019-06-10T17:35:26.979+0000: 18.107: [GC (Allocation Failure) 2019-06-10T17:35:26.979+0000: 18.107: [DefNew: 136576K->17024K(153600K), 0.0263848 secs] 151753K->52458K(494976K), 0.0264568 secs] [Times: user=0.01 sys=0.01, real=0.02 secs] 
2019-06-10T17:35:28.259+0000: 19.386: [Full GC (Metadata GC Threshold) 2019-06-10T17:35:28.259+0000: 19.386: [Tenured: 35434K->43993K(341376K), 0.0438367 secs] 80634K->43993K(494976K), [Metaspace: 34580K->34580K(1079296K)], 0.0439151 secs] [Times: user=0.04 sys=0.01, real=0.04 secs] 
2019-06-10T17:35:35.180+0000: 26.308: [GC (Allocation Failure) 2019-06-10T17:35:35.180+0000: 26.308: [DefNew: 136576K->71K(153600K), 0.0020083 secs] 180569K->44064K(494976K), 0.0020657 secs] [Times: user=0.01 sys=0.00, real=0.00 secs] 
2019-06-10T17:35:41.898+0000: 33.026: [GC (Allocation Failure) 2019-06-10T17:35:41.898+0000: 33.026: [DefNew: 136647K->69K(153600K), 0.0017351 secs] 180640K->44062K(494976K), 0.0017927 secs] [Times: user=0.00 sys=0.00, real=0.00 secs] 
2019-06-10T17:35:48.705+0000: 39.832: [GC (Allocation Failure) 2019-06-10T17:35:48.705+0000: 39.832: [DefNew: 136645K->74K(153600K), 0.0018457 secs] 180638K->44067K(494976K), 0.0019061 secs] [Times: user=0.00 sys=0.00, real=0.00 secs] 
2019-06-10T17:35:55.614+0000: 46.742: [GC (Allocation Failure) 2019-06-10T17:35:55.614+0000: 46.742: [DefNew: 136650K->71K(153600K), 0.0019048 secs] 180643K->44064K(494976K), 0.0019673 secs] [Times: user=0.00 sys=0.00, real=0.00 secs] 
2019-06-10T17:36:02.491+0000: 53.619: [GC (Allocation Failure) 2019-06-10T17:36:02.491+0000: 53.619: [DefNew: 136647K->71K(153600K), 0.0018791 secs] 180640K->44065K(494976K), 0.0019387 secs] [Times: user=0.01 sys=0.00, real=0.00 secs] 
2019-06-10T17:36:13.992+0000: 65.120: [GC (Allocation Failure) 2019-06-10T17:36:13.992+0000: 65.120: [DefNew: 136647K->437K(153600K), 0.0027131 secs] 180641K->44431K(494976K), 0.0027637 secs] [Times: user=0.00 sys=0.00, real=0.00 secs] 
17:36:14.095 [Curator-PathChildrenCache-0] ERROR o.a.c.f.r.c.PathChildrenCache  - 
java.lang.IllegalStateException: instance must be started before calling this method
	at org.apache.curator.shaded.com.google.common.base.Preconditions.checkState(Preconditions.java:444)
	at org.apache.curator.framework.imps.CuratorFrameworkImpl.getChildren(CuratorFrameworkImpl.java:456)
	at org.apache.curator.framework.recipes.cache.PathChildrenCache.refresh(PathChildrenCache.java:521)
	at org.apache.curator.framework.recipes.cache.RefreshOperation.invoke(RefreshOperation.java:35)
	at org.apache.curator.framework.recipes.cache.PathChildrenCache$9.run(PathChildrenCache.java:786)
	at java.util.concurrent.Executors$RunnableAdapter.call(Executors.java:511)
	at java.util.concurrent.FutureTask.run(FutureTask.java:266)
	at java.util.concurrent.Executors$RunnableAdapter.call(Executors.java:511)
	at java.util.concurrent.FutureTask.run(FutureTask.java:266)
	at java.util.concurrent.ThreadPoolExecutor.runWorker(ThreadPoolExecutor.java:1149)
	at java.util.concurrent.ThreadPoolExecutor$Worker.run(ThreadPoolExecutor.java:624)
	at java.lang.Thread.run(Thread.java:748)
Heap
 def new generation   total 153600K, used 20489K [0x00000000e0c00000, 0x00000000eb2a0000, 0x00000000eb2a0000)
  eden space 136576K,  14% used [0x00000000e0c00000, 0x00000000e1f94f18, 0x00000000e9160000)
  from space 17024K,   2% used [0x00000000ea200000, 0x00000000ea26d660, 0x00000000eb2a0000)
  to   space 17024K,   0% used [0x00000000e9160000, 0x00000000e9160000, 0x00000000ea200000)
 tenured generation   total 341376K, used 43993K [0x00000000eb2a0000, 0x0000000100000000, 0x0000000100000000)
   the space 341376K,  12% used [0x00000000eb2a0000, 0x00000000edd96600, 0x00000000edd96600, 0x0000000100000000)
 Metaspace       used 36168K, capacity 37094K, committed 37376K, reserved 1081344K
  class space    used 4873K, capacity 5081K, committed 5120K, reserved 1048576K
