08:07:45,934 |-INFO in ch.qos.logback.classic.LoggerContext[default] - Could NOT find resource [logback-test.xml]
08:07:45,934 |-INFO in ch.qos.logback.classic.LoggerContext[default] - Could NOT find resource [logback.groovy]
08:07:45,935 |-INFO in ch.qos.logback.classic.LoggerContext[default] - Found resource [logback.xml] at [jar:file:/root/flamestream/lib/flamestream-runtime-1.0-SNAPSHOT.jar!/logback.xml]
08:07:45,935 |-WARN in ch.qos.logback.classic.LoggerContext[default] - Resource [logback.xml] occurs multiple times on the classpath.
08:07:45,936 |-WARN in ch.qos.logback.classic.LoggerContext[default] - Resource [logback.xml] occurs at [jar:file:/root/flamestream/lib/flamestream-runtime-1.0-SNAPSHOT.jar!/logback.xml]
08:07:45,936 |-WARN in ch.qos.logback.classic.LoggerContext[default] - Resource [logback.xml] occurs at [jar:file:/root/flamestream/flamestream-runtime-1.0-SNAPSHOT.jar!/logback.xml]
08:07:45,955 |-INFO in ch.qos.logback.core.joran.spi.ConfigurationWatchList@3fb6a447 - URL [jar:file:/root/flamestream/lib/flamestream-runtime-1.0-SNAPSHOT.jar!/logback.xml] is not of type file
08:07:46,021 |-INFO in ch.qos.logback.classic.joran.action.ConfigurationAction - debug attribute not set
08:07:46,022 |-INFO in ch.qos.logback.core.joran.action.AppenderAction - About to instantiate appender of type [ch.qos.logback.core.ConsoleAppender]
08:07:46,038 |-INFO in ch.qos.logback.core.joran.action.AppenderAction - Naming appender as [STDOUT]
08:07:46,057 |-INFO in ch.qos.logback.core.joran.action.NestedComplexPropertyIA - Assuming default type [ch.qos.logback.classic.encoder.PatternLayoutEncoder] for [encoder] property
08:07:46,157 |-INFO in ch.qos.logback.core.joran.action.AppenderAction - About to instantiate appender of type [ch.qos.logback.core.rolling.RollingFileAppender]
08:07:46,166 |-INFO in ch.qos.logback.core.joran.action.AppenderAction - Naming appender as [FILE]
08:07:46,195 |-INFO in c.q.l.core.rolling.TimeBasedRollingPolicy@127618319 - No compression will be used
08:07:46,196 |-INFO in c.q.l.core.rolling.TimeBasedRollingPolicy@127618319 - Will use the pattern /tmp/application_%d{yyyy-MM-dd}.%i.log for the active file
08:07:46,199 |-INFO in ch.qos.logback.core.rolling.SizeAndTimeBasedFNATP@6b2fad11 - The date pattern is 'yyyy-MM-dd' from file name pattern '/tmp/application_%d{yyyy-MM-dd}.%i.log'.
08:07:46,199 |-INFO in ch.qos.logback.core.rolling.SizeAndTimeBasedFNATP@6b2fad11 - Roll-over at midnight.
08:07:46,204 |-INFO in ch.qos.logback.core.rolling.SizeAndTimeBasedFNATP@6b2fad11 - Setting initial period to Tue Jun 11 08:06:19 UTC 2019
08:07:46,204 |-WARN in ch.qos.logback.core.rolling.SizeAndTimeBasedFNATP@6b2fad11 - SizeAndTimeBasedFNATP is deprecated. Use SizeAndTimeBasedRollingPolicy instead
08:07:46,204 |-WARN in ch.qos.logback.core.rolling.SizeAndTimeBasedFNATP@6b2fad11 - For more information see http://logback.qos.ch/manual/appenders.html#SizeAndTimeBasedRollingPolicy
08:07:46,209 |-INFO in ch.qos.logback.core.joran.action.NestedComplexPropertyIA - Assuming default type [ch.qos.logback.classic.encoder.PatternLayoutEncoder] for [encoder] property
08:07:46,213 |-INFO in ch.qos.logback.core.rolling.RollingFileAppender[FILE] - Active log file name: /tmp/application.log
08:07:46,213 |-INFO in ch.qos.logback.core.rolling.RollingFileAppender[FILE] - File property is set to [/tmp/application.log]
08:07:46,214 |-INFO in ch.qos.logback.classic.joran.action.RootLoggerAction - Setting level of ROOT logger to WARN
08:07:46,214 |-INFO in ch.qos.logback.core.joran.action.AppenderRefAction - Attaching appender named [STDOUT] to Logger[ROOT]
08:07:46,215 |-INFO in ch.qos.logback.core.joran.action.AppenderRefAction - Attaching appender named [FILE] to Logger[ROOT]
08:07:46,215 |-INFO in ch.qos.logback.classic.joran.action.ConfigurationAction - End of configuration.
08:07:46,216 |-INFO in ch.qos.logback.classic.joran.JoranConfigurator@79698539 - Registering current configuration as safe fallback point

Ama winner
Ama winner
2019-06-11T08:07:47.886+0000: 2.141: [Full GC (Metadata GC Threshold) 2019-06-11T08:07:47.886+0000: 2.141: [Tenured: 0K->15178K(341376K), 0.0404357 secs] 120482K->15178K(494976K), [Metaspace: 20737K->20737K(1067008K)], 0.0405077 secs] [Times: user=0.04 sys=0.01, real=0.04 secs] 
08:08:05.745 [Curator-PathChildrenCache-1] WARN  o.a.c.u.ZKPaths  - The version of ZooKeeper being used doesn't support Container nodes. CreateMode.PERSISTENT will be used instead.
2019-06-11T08:08:08.062+0000: 22.317: [GC (Allocation Failure) 2019-06-11T08:08:08.062+0000: 22.317: [DefNew: 136576K->17023K(153600K), 0.0250704 secs] 151754K->52355K(494976K), 0.0251367 secs] [Times: user=0.02 sys=0.01, real=0.02 secs] 
2019-06-11T08:08:12.628+0000: 26.883: [Full GC (Metadata GC Threshold) 2019-06-11T08:08:12.628+0000: 26.883: [Tenured: 35332K->43510K(341376K), 0.0528249 secs] 142668K->43510K(494976K), [Metaspace: 34591K->34591K(1079296K)], 0.0529093 secs] [Times: user=0.05 sys=0.00, real=0.06 secs] 
2019-06-11T08:08:19.607+0000: 33.862: [GC (Allocation Failure) 2019-06-11T08:08:19.607+0000: 33.862: [DefNew: 136576K->61K(153600K), 0.0016636 secs] 180086K->43572K(494976K), 0.0017342 secs] [Times: user=0.01 sys=0.00, real=0.00 secs] 
2019-06-11T08:08:26.739+0000: 40.994: [GC (Allocation Failure) 2019-06-11T08:08:26.739+0000: 40.994: [DefNew: 136637K->50K(153600K), 0.0016193 secs] 180148K->43560K(494976K), 0.0016809 secs] [Times: user=0.00 sys=0.00, real=0.00 secs] 
2019-06-11T08:08:33.902+0000: 48.157: [GC (Allocation Failure) 2019-06-11T08:08:33.902+0000: 48.157: [DefNew: 136626K->52K(153600K), 0.0016727 secs] 180136K->43562K(494976K), 0.0017330 secs] [Times: user=0.00 sys=0.00, real=0.00 secs] 
2019-06-11T08:08:41.075+0000: 55.330: [GC (Allocation Failure) 2019-06-11T08:08:41.075+0000: 55.330: [DefNew: 136628K->53K(153600K), 0.0016324 secs] 180138K->43564K(494976K), 0.0016912 secs] [Times: user=0.00 sys=0.00, real=0.00 secs] 
2019-06-11T08:08:48.148+0000: 62.403: [GC (Allocation Failure) 2019-06-11T08:08:48.148+0000: 62.403: [DefNew: 136629K->350K(153600K), 0.0019261 secs] 180140K->43860K(494976K), 0.0019887 secs] [Times: user=0.00 sys=0.00, real=0.00 secs] 
08:08:59.832 [Curator-PathChildrenCache-0] ERROR o.a.c.f.r.c.PathChildrenCache  - 
java.lang.IllegalStateException: instance must be started before calling this method
	at org.apache.curator.shaded.com.google.common.base.Preconditions.checkState(Preconditions.java:444)
	at org.apache.curator.framework.imps.CuratorFrameworkImpl.getChildren(CuratorFrameworkImpl.java:456)
	at org.apache.curator.framework.recipes.cache.PathChildrenCache.refresh(PathChildrenCache.java:521)
	at org.apache.curator.framework.recipes.cache.RefreshOperation.invoke(RefreshOperation.java:35)
	at org.apache.curator.framework.recipes.cache.PathChildrenCache$9.run(PathChildrenCache.java:786)
	at java.util.concurrent.Executors$RunnableAdapter.call(Executors.java:511)
	at java.util.concurrent.FutureTask.run(FutureTask.java:266)
	at java.util.concurrent.Executors$RunnableAdapter.call(Executors.java:511)
	at java.util.concurrent.FutureTask.run(FutureTask.java:266)
	at java.util.concurrent.ThreadPoolExecutor.runWorker(ThreadPoolExecutor.java:1149)
	at java.util.concurrent.ThreadPoolExecutor$Worker.run(ThreadPoolExecutor.java:624)
	at java.lang.Thread.run(Thread.java:748)
Heap
 def new generation   total 153600K, used 76281K [0x00000000e0c00000, 0x00000000eb2a0000, 0x00000000eb2a0000)
  eden space 136576K,  55% used [0x00000000e0c00000, 0x00000000e5626c88, 0x00000000e9160000)
  from space 17024K,   2% used [0x00000000e9160000, 0x00000000e91b7a20, 0x00000000ea200000)
  to   space 17024K,   0% used [0x00000000ea200000, 0x00000000ea200000, 0x00000000eb2a0000)
 tenured generation   total 341376K, used 43510K [0x00000000eb2a0000, 0x0000000100000000, 0x0000000100000000)
   the space 341376K,  12% used [0x00000000eb2a0000, 0x00000000edd1d990, 0x00000000edd1da00, 0x0000000100000000)
 Metaspace       used 36143K, capacity 37056K, committed 37376K, reserved 1081344K
  class space    used 4868K, capacity 5074K, committed 5120K, reserved 1048576K
