07:37:32,713 |-INFO in ch.qos.logback.classic.LoggerContext[default] - Could NOT find resource [logback-test.xml]
07:37:32,714 |-INFO in ch.qos.logback.classic.LoggerContext[default] - Could NOT find resource [logback.groovy]
07:37:32,714 |-INFO in ch.qos.logback.classic.LoggerContext[default] - Found resource [logback.xml] at [jar:file:/root/flamestream/lib/flamestream-runtime-1.0-SNAPSHOT.jar!/logback.xml]
07:37:32,714 |-WARN in ch.qos.logback.classic.LoggerContext[default] - Resource [logback.xml] occurs multiple times on the classpath.
07:37:32,714 |-WARN in ch.qos.logback.classic.LoggerContext[default] - Resource [logback.xml] occurs at [jar:file:/root/flamestream/lib/flamestream-runtime-1.0-SNAPSHOT.jar!/logback.xml]
07:37:32,714 |-WARN in ch.qos.logback.classic.LoggerContext[default] - Resource [logback.xml] occurs at [jar:file:/root/flamestream/flamestream-runtime-1.0-SNAPSHOT.jar!/logback.xml]
07:37:32,738 |-INFO in ch.qos.logback.core.joran.spi.ConfigurationWatchList@3fb6a447 - URL [jar:file:/root/flamestream/lib/flamestream-runtime-1.0-SNAPSHOT.jar!/logback.xml] is not of type file
07:37:32,805 |-INFO in ch.qos.logback.classic.joran.action.ConfigurationAction - debug attribute not set
07:37:32,806 |-INFO in ch.qos.logback.core.joran.action.AppenderAction - About to instantiate appender of type [ch.qos.logback.core.ConsoleAppender]
07:37:32,822 |-INFO in ch.qos.logback.core.joran.action.AppenderAction - Naming appender as [STDOUT]
07:37:32,840 |-INFO in ch.qos.logback.core.joran.action.NestedComplexPropertyIA - Assuming default type [ch.qos.logback.classic.encoder.PatternLayoutEncoder] for [encoder] property
07:37:32,930 |-INFO in ch.qos.logback.core.joran.action.AppenderAction - About to instantiate appender of type [ch.qos.logback.core.rolling.RollingFileAppender]
07:37:32,935 |-INFO in ch.qos.logback.core.joran.action.AppenderAction - Naming appender as [FILE]
07:37:32,964 |-INFO in c.q.l.core.rolling.TimeBasedRollingPolicy@127618319 - No compression will be used
07:37:32,965 |-INFO in c.q.l.core.rolling.TimeBasedRollingPolicy@127618319 - Will use the pattern /tmp/application_%d{yyyy-MM-dd}.%i.log for the active file
07:37:32,968 |-INFO in ch.qos.logback.core.rolling.SizeAndTimeBasedFNATP@6b2fad11 - The date pattern is 'yyyy-MM-dd' from file name pattern '/tmp/application_%d{yyyy-MM-dd}.%i.log'.
07:37:32,968 |-INFO in ch.qos.logback.core.rolling.SizeAndTimeBasedFNATP@6b2fad11 - Roll-over at midnight.
07:37:32,973 |-INFO in ch.qos.logback.core.rolling.SizeAndTimeBasedFNATP@6b2fad11 - Setting initial period to Tue Jun 11 07:36:06 UTC 2019
07:37:32,973 |-WARN in ch.qos.logback.core.rolling.SizeAndTimeBasedFNATP@6b2fad11 - SizeAndTimeBasedFNATP is deprecated. Use SizeAndTimeBasedRollingPolicy instead
07:37:32,973 |-WARN in ch.qos.logback.core.rolling.SizeAndTimeBasedFNATP@6b2fad11 - For more information see http://logback.qos.ch/manual/appenders.html#SizeAndTimeBasedRollingPolicy
07:37:32,977 |-INFO in ch.qos.logback.core.joran.action.NestedComplexPropertyIA - Assuming default type [ch.qos.logback.classic.encoder.PatternLayoutEncoder] for [encoder] property
07:37:32,982 |-INFO in ch.qos.logback.core.rolling.RollingFileAppender[FILE] - Active log file name: /tmp/application.log
07:37:32,982 |-INFO in ch.qos.logback.core.rolling.RollingFileAppender[FILE] - File property is set to [/tmp/application.log]
07:37:32,983 |-INFO in ch.qos.logback.classic.joran.action.RootLoggerAction - Setting level of ROOT logger to WARN
07:37:32,983 |-INFO in ch.qos.logback.core.joran.action.AppenderRefAction - Attaching appender named [STDOUT] to Logger[ROOT]
07:37:32,985 |-INFO in ch.qos.logback.core.joran.action.AppenderRefAction - Attaching appender named [FILE] to Logger[ROOT]
07:37:32,985 |-INFO in ch.qos.logback.classic.joran.action.ConfigurationAction - End of configuration.
07:37:32,985 |-INFO in ch.qos.logback.classic.joran.JoranConfigurator@79698539 - Registering current configuration as safe fallback point

Ama winner
Ama winner
2019-06-11T07:37:34.223+0000: 1.689: [Full GC (Metadata GC Threshold) 2019-06-11T07:37:34.223+0000: 1.689: [Tenured: 0K->15241K(341376K), 0.0338844 secs] 114923K->15241K(494976K), [Metaspace: 20733K->20733K(1067008K)], 0.0339788 secs] [Times: user=0.03 sys=0.01, real=0.04 secs] 
07:37:50.413 [Curator-PathChildrenCache-1] WARN  o.a.c.u.ZKPaths  - The version of ZooKeeper being used doesn't support Container nodes. CreateMode.PERSISTENT will be used instead.
2019-06-11T07:37:52.868+0000: 20.335: [GC (Allocation Failure) 2019-06-11T07:37:52.868+0000: 20.335: [DefNew: 136576K->17023K(153600K), 0.0258344 secs] 151817K->52638K(494976K), 0.0258999 secs] [Times: user=0.01 sys=0.01, real=0.03 secs] 
2019-06-11T07:37:58.430+0000: 25.897: [GC (Allocation Failure) 2019-06-11T07:37:58.430+0000: 25.897: [DefNew: 153599K->189K(153600K), 0.0097850 secs] 189214K->44033K(494976K), 0.0098467 secs] [Times: user=0.01 sys=0.00, real=0.01 secs] 
2019-06-11T07:38:00.465+0000: 27.931: [Full GC (Metadata GC Threshold) 2019-06-11T07:38:00.465+0000: 27.931: [Tenured: 43843K->44033K(341376K), 0.0411537 secs] 98109K->44033K(494976K), [Metaspace: 34625K->34625K(1079296K)], 0.0412251 secs] [Times: user=0.04 sys=0.00, real=0.04 secs] 
2019-06-11T07:38:05.847+0000: 33.314: [GC (Allocation Failure) 2019-06-11T07:38:05.847+0000: 33.314: [DefNew: 136576K->51K(153600K), 0.0016436 secs] 180609K->44084K(494976K), 0.0017081 secs] [Times: user=0.01 sys=0.00, real=0.00 secs] 
2019-06-11T07:38:11.303+0000: 38.770: [GC (Allocation Failure) 2019-06-11T07:38:11.303+0000: 38.770: [DefNew: 136627K->82K(153600K), 0.0015456 secs] 180660K->44115K(494976K), 0.0016066 secs] [Times: user=0.00 sys=0.00, real=0.00 secs] 
2019-06-11T07:38:16.774+0000: 44.241: [GC (Allocation Failure) 2019-06-11T07:38:16.774+0000: 44.241: [DefNew: 136658K->116K(153600K), 0.0016108 secs] 180691K->44149K(494976K), 0.0016727 secs] [Times: user=0.00 sys=0.00, real=0.00 secs] 
2019-06-11T07:38:25.640+0000: 53.107: [GC (Allocation Failure) 2019-06-11T07:38:25.640+0000: 53.107: [DefNew: 136692K->114K(153600K), 0.0016170 secs] 180725K->44148K(494976K), 0.0016741 secs] [Times: user=0.00 sys=0.00, real=0.00 secs] 
07:38:32.968 [Curator-PathChildrenCache-0] ERROR o.a.c.f.r.c.PathChildrenCache  - 
java.lang.IllegalStateException: instance must be started before calling this method
	at org.apache.curator.shaded.com.google.common.base.Preconditions.checkState(Preconditions.java:444)
	at org.apache.curator.framework.imps.CuratorFrameworkImpl.getChildren(CuratorFrameworkImpl.java:456)
	at org.apache.curator.framework.recipes.cache.PathChildrenCache.refresh(PathChildrenCache.java:521)
	at org.apache.curator.framework.recipes.cache.RefreshOperation.invoke(RefreshOperation.java:35)
	at org.apache.curator.framework.recipes.cache.PathChildrenCache$9.run(PathChildrenCache.java:786)
	at java.util.concurrent.Executors$RunnableAdapter.call(Executors.java:511)
	at java.util.concurrent.FutureTask.run(FutureTask.java:266)
	at java.util.concurrent.Executors$RunnableAdapter.call(Executors.java:511)
	at java.util.concurrent.FutureTask.run(FutureTask.java:266)
	at java.util.concurrent.ThreadPoolExecutor.runWorker(ThreadPoolExecutor.java:1149)
	at java.util.concurrent.ThreadPoolExecutor$Worker.run(ThreadPoolExecutor.java:624)
	at java.lang.Thread.run(Thread.java:748)
Heap
 def new generation   total 153600K, used 52317K [0x00000000e0c00000, 0x00000000eb2a0000, 0x00000000eb2a0000)
  eden space 136576K,  38% used [0x00000000e0c00000, 0x00000000e3efaaf8, 0x00000000e9160000)
  from space 17024K,   0% used [0x00000000e9160000, 0x00000000e917cb00, 0x00000000ea200000)
  to   space 17024K,   0% used [0x00000000ea200000, 0x00000000ea200000, 0x00000000eb2a0000)
 tenured generation   total 341376K, used 44033K [0x00000000eb2a0000, 0x0000000100000000, 0x0000000100000000)
   the space 341376K,  12% used [0x00000000eb2a0000, 0x00000000edda0528, 0x00000000edda0600, 0x0000000100000000)
 Metaspace       used 35684K, capacity 36616K, committed 36864K, reserved 1081344K
  class space    used 4821K, capacity 5022K, committed 5120K, reserved 1048576K
