08:02:35,393 |-INFO in ch.qos.logback.classic.LoggerContext[default] - Could NOT find resource [logback-test.xml]
08:02:35,393 |-INFO in ch.qos.logback.classic.LoggerContext[default] - Could NOT find resource [logback.groovy]
08:02:35,393 |-INFO in ch.qos.logback.classic.LoggerContext[default] - Found resource [logback.xml] at [jar:file:/root/flamestream/lib/flamestream-runtime-1.0-SNAPSHOT.jar!/logback.xml]
08:02:35,394 |-WARN in ch.qos.logback.classic.LoggerContext[default] - Resource [logback.xml] occurs multiple times on the classpath.
08:02:35,394 |-WARN in ch.qos.logback.classic.LoggerContext[default] - Resource [logback.xml] occurs at [jar:file:/root/flamestream/lib/flamestream-runtime-1.0-SNAPSHOT.jar!/logback.xml]
08:02:35,394 |-WARN in ch.qos.logback.classic.LoggerContext[default] - Resource [logback.xml] occurs at [jar:file:/root/flamestream/flamestream-runtime-1.0-SNAPSHOT.jar!/logback.xml]
08:02:35,414 |-INFO in ch.qos.logback.core.joran.spi.ConfigurationWatchList@3fb6a447 - URL [jar:file:/root/flamestream/lib/flamestream-runtime-1.0-SNAPSHOT.jar!/logback.xml] is not of type file
08:02:35,481 |-INFO in ch.qos.logback.classic.joran.action.ConfigurationAction - debug attribute not set
08:02:35,482 |-INFO in ch.qos.logback.core.joran.action.AppenderAction - About to instantiate appender of type [ch.qos.logback.core.ConsoleAppender]
08:02:35,497 |-INFO in ch.qos.logback.core.joran.action.AppenderAction - Naming appender as [STDOUT]
08:02:35,518 |-INFO in ch.qos.logback.core.joran.action.NestedComplexPropertyIA - Assuming default type [ch.qos.logback.classic.encoder.PatternLayoutEncoder] for [encoder] property
08:02:35,605 |-INFO in ch.qos.logback.core.joran.action.AppenderAction - About to instantiate appender of type [ch.qos.logback.core.rolling.RollingFileAppender]
08:02:35,611 |-INFO in ch.qos.logback.core.joran.action.AppenderAction - Naming appender as [FILE]
08:02:35,641 |-INFO in c.q.l.core.rolling.TimeBasedRollingPolicy@127618319 - No compression will be used
08:02:35,642 |-INFO in c.q.l.core.rolling.TimeBasedRollingPolicy@127618319 - Will use the pattern /tmp/application_%d{yyyy-MM-dd}.%i.log for the active file
08:02:35,645 |-INFO in ch.qos.logback.core.rolling.SizeAndTimeBasedFNATP@6b2fad11 - The date pattern is 'yyyy-MM-dd' from file name pattern '/tmp/application_%d{yyyy-MM-dd}.%i.log'.
08:02:35,645 |-INFO in ch.qos.logback.core.rolling.SizeAndTimeBasedFNATP@6b2fad11 - Roll-over at midnight.
08:02:35,651 |-INFO in ch.qos.logback.core.rolling.SizeAndTimeBasedFNATP@6b2fad11 - Setting initial period to Tue Jun 11 08:01:16 UTC 2019
08:02:35,651 |-WARN in ch.qos.logback.core.rolling.SizeAndTimeBasedFNATP@6b2fad11 - SizeAndTimeBasedFNATP is deprecated. Use SizeAndTimeBasedRollingPolicy instead
08:02:35,651 |-WARN in ch.qos.logback.core.rolling.SizeAndTimeBasedFNATP@6b2fad11 - For more information see http://logback.qos.ch/manual/appenders.html#SizeAndTimeBasedRollingPolicy
08:02:35,655 |-INFO in ch.qos.logback.core.joran.action.NestedComplexPropertyIA - Assuming default type [ch.qos.logback.classic.encoder.PatternLayoutEncoder] for [encoder] property
08:02:35,660 |-INFO in ch.qos.logback.core.rolling.RollingFileAppender[FILE] - Active log file name: /tmp/application.log
08:02:35,660 |-INFO in ch.qos.logback.core.rolling.RollingFileAppender[FILE] - File property is set to [/tmp/application.log]
08:02:35,661 |-INFO in ch.qos.logback.classic.joran.action.RootLoggerAction - Setting level of ROOT logger to WARN
08:02:35,661 |-INFO in ch.qos.logback.core.joran.action.AppenderRefAction - Attaching appender named [STDOUT] to Logger[ROOT]
08:02:35,663 |-INFO in ch.qos.logback.core.joran.action.AppenderRefAction - Attaching appender named [FILE] to Logger[ROOT]
08:02:35,663 |-INFO in ch.qos.logback.classic.joran.action.ConfigurationAction - End of configuration.
08:02:35,664 |-INFO in ch.qos.logback.classic.joran.JoranConfigurator@79698539 - Registering current configuration as safe fallback point

Ama winner
Ama winner
2019-06-11T08:02:37.324+0000: 2.122: [Full GC (Metadata GC Threshold) 2019-06-11T08:02:37.324+0000: 2.122: [Tenured: 0K->15241K(341376K), 0.0399858 secs] 117718K->15241K(494976K), [Metaspace: 20741K->20741K(1067008K)], 0.0400530 secs] [Times: user=0.03 sys=0.00, real=0.04 secs] 
08:02:59.492 [Curator-PathChildrenCache-1] WARN  o.a.c.u.ZKPaths  - The version of ZooKeeper being used doesn't support Container nodes. CreateMode.PERSISTENT will be used instead.
2019-06-11T08:03:01.728+0000: 26.525: [GC (Allocation Failure) 2019-06-11T08:03:01.728+0000: 26.525: [DefNew: 135892K->16542K(153600K), 0.0250896 secs] 151133K->51314K(494976K), 0.0251656 secs] [Times: user=0.02 sys=0.00, real=0.02 secs] 
2019-06-11T08:03:05.216+0000: 30.014: [Full GC (Metadata GC Threshold) 2019-06-11T08:03:05.216+0000: 30.014: [Tenured: 34772K->43254K(341376K), 0.0675790 secs] 129659K->43254K(494976K), [Metaspace: 34592K->34592K(1079296K)], 0.0676672 secs] [Times: user=0.06 sys=0.01, real=0.06 secs] 
2019-06-11T08:03:11.369+0000: 36.166: [GC (Allocation Failure) 2019-06-11T08:03:11.369+0000: 36.166: [DefNew: 136576K->120K(153600K), 0.0017967 secs] 179830K->43375K(494976K), 0.0018601 secs] [Times: user=0.00 sys=0.00, real=0.00 secs] 
2019-06-11T08:03:17.364+0000: 42.161: [GC (Allocation Failure) 2019-06-11T08:03:17.364+0000: 42.161: [DefNew: 136696K->150K(153600K), 0.0015882 secs] 179951K->43405K(494976K), 0.0016528 secs] [Times: user=0.00 sys=0.00, real=0.00 secs] 
2019-06-11T08:03:23.403+0000: 48.201: [GC (Allocation Failure) 2019-06-11T08:03:23.403+0000: 48.201: [DefNew: 136726K->157K(153600K), 0.0016548 secs] 179981K->43412K(494976K), 0.0017132 secs] [Times: user=0.00 sys=0.00, real=0.00 secs] 
2019-06-11T08:03:29.467+0000: 54.265: [GC (Allocation Failure) 2019-06-11T08:03:29.467+0000: 54.265: [DefNew: 136733K->154K(153600K), 0.0017849 secs] 179988K->43409K(494976K), 0.0018460 secs] [Times: user=0.01 sys=0.00, real=0.00 secs] 
2019-06-11T08:03:38.913+0000: 63.711: [GC (Allocation Failure) 2019-06-11T08:03:38.913+0000: 63.711: [DefNew: 136730K->447K(153600K), 0.0020800 secs] 179985K->43701K(494976K), 0.0021421 secs] [Times: user=0.00 sys=0.00, real=0.01 secs] 
08:03:40.890 [Curator-PathChildrenCache-0] ERROR o.a.c.f.r.c.PathChildrenCache  - 
java.lang.IllegalStateException: instance must be started before calling this method
	at org.apache.curator.shaded.com.google.common.base.Preconditions.checkState(Preconditions.java:444)
	at org.apache.curator.framework.imps.CuratorFrameworkImpl.getChildren(CuratorFrameworkImpl.java:456)
	at org.apache.curator.framework.recipes.cache.PathChildrenCache.refresh(PathChildrenCache.java:521)
	at org.apache.curator.framework.recipes.cache.RefreshOperation.invoke(RefreshOperation.java:35)
	at org.apache.curator.framework.recipes.cache.PathChildrenCache$9.run(PathChildrenCache.java:786)
	at java.util.concurrent.Executors$RunnableAdapter.call(Executors.java:511)
	at java.util.concurrent.FutureTask.run(FutureTask.java:266)
	at java.util.concurrent.Executors$RunnableAdapter.call(Executors.java:511)
	at java.util.concurrent.FutureTask.run(FutureTask.java:266)
	at java.util.concurrent.ThreadPoolExecutor.runWorker(ThreadPoolExecutor.java:1149)
	at java.util.concurrent.ThreadPoolExecutor$Worker.run(ThreadPoolExecutor.java:624)
	at java.lang.Thread.run(Thread.java:748)
Heap
 def new generation   total 153600K, used 33854K [0x00000000e0c00000, 0x00000000eb2a0000, 0x00000000eb2a0000)
  eden space 136576K,  24% used [0x00000000e0c00000, 0x00000000e2c9fea8, 0x00000000e9160000)
  from space 17024K,   2% used [0x00000000e9160000, 0x00000000e91cfcf8, 0x00000000ea200000)
  to   space 17024K,   0% used [0x00000000ea200000, 0x00000000ea200000, 0x00000000eb2a0000)
 tenured generation   total 341376K, used 43254K [0x00000000eb2a0000, 0x0000000100000000, 0x0000000100000000)
   the space 341376K,  12% used [0x00000000eb2a0000, 0x00000000edcddaa8, 0x00000000edcddc00, 0x0000000100000000)
 Metaspace       used 36138K, capacity 37056K, committed 37376K, reserved 1081344K
  class space    used 4867K, capacity 5074K, committed 5120K, reserved 1048576K
