06:02:20,465 |-INFO in ch.qos.logback.classic.LoggerContext[default] - Could NOT find resource [logback-test.xml]
06:02:20,465 |-INFO in ch.qos.logback.classic.LoggerContext[default] - Could NOT find resource [logback.groovy]
06:02:20,465 |-INFO in ch.qos.logback.classic.LoggerContext[default] - Found resource [logback.xml] at [jar:file:/root/flamestream/lib/flamestream-runtime-1.0-SNAPSHOT.jar!/logback.xml]
06:02:20,466 |-WARN in ch.qos.logback.classic.LoggerContext[default] - Resource [logback.xml] occurs multiple times on the classpath.
06:02:20,466 |-WARN in ch.qos.logback.classic.LoggerContext[default] - Resource [logback.xml] occurs at [jar:file:/root/flamestream/lib/flamestream-runtime-1.0-SNAPSHOT.jar!/logback.xml]
06:02:20,466 |-WARN in ch.qos.logback.classic.LoggerContext[default] - Resource [logback.xml] occurs at [jar:file:/root/flamestream/flamestream-runtime-1.0-SNAPSHOT.jar!/logback.xml]
06:02:20,489 |-INFO in ch.qos.logback.core.joran.spi.ConfigurationWatchList@3fb6a447 - URL [jar:file:/root/flamestream/lib/flamestream-runtime-1.0-SNAPSHOT.jar!/logback.xml] is not of type file
06:02:20,560 |-INFO in ch.qos.logback.classic.joran.action.ConfigurationAction - debug attribute not set
06:02:20,560 |-INFO in ch.qos.logback.core.joran.action.AppenderAction - About to instantiate appender of type [ch.qos.logback.core.ConsoleAppender]
06:02:20,577 |-INFO in ch.qos.logback.core.joran.action.AppenderAction - Naming appender as [STDOUT]
06:02:20,594 |-INFO in ch.qos.logback.core.joran.action.NestedComplexPropertyIA - Assuming default type [ch.qos.logback.classic.encoder.PatternLayoutEncoder] for [encoder] property
06:02:20,674 |-INFO in ch.qos.logback.core.joran.action.AppenderAction - About to instantiate appender of type [ch.qos.logback.core.rolling.RollingFileAppender]
06:02:20,681 |-INFO in ch.qos.logback.core.joran.action.AppenderAction - Naming appender as [FILE]
06:02:20,713 |-INFO in c.q.l.core.rolling.TimeBasedRollingPolicy@127618319 - No compression will be used
06:02:20,715 |-INFO in c.q.l.core.rolling.TimeBasedRollingPolicy@127618319 - Will use the pattern /tmp/application_%d{yyyy-MM-dd}.%i.log for the active file
06:02:20,718 |-INFO in ch.qos.logback.core.rolling.SizeAndTimeBasedFNATP@6b2fad11 - The date pattern is 'yyyy-MM-dd' from file name pattern '/tmp/application_%d{yyyy-MM-dd}.%i.log'.
06:02:20,718 |-INFO in ch.qos.logback.core.rolling.SizeAndTimeBasedFNATP@6b2fad11 - Roll-over at midnight.
06:02:20,723 |-INFO in ch.qos.logback.core.rolling.SizeAndTimeBasedFNATP@6b2fad11 - Setting initial period to Tue Jun 11 06:00:44 UTC 2019
06:02:20,723 |-WARN in ch.qos.logback.core.rolling.SizeAndTimeBasedFNATP@6b2fad11 - SizeAndTimeBasedFNATP is deprecated. Use SizeAndTimeBasedRollingPolicy instead
06:02:20,723 |-WARN in ch.qos.logback.core.rolling.SizeAndTimeBasedFNATP@6b2fad11 - For more information see http://logback.qos.ch/manual/appenders.html#SizeAndTimeBasedRollingPolicy
06:02:20,727 |-INFO in ch.qos.logback.core.joran.action.NestedComplexPropertyIA - Assuming default type [ch.qos.logback.classic.encoder.PatternLayoutEncoder] for [encoder] property
06:02:20,732 |-INFO in ch.qos.logback.core.rolling.RollingFileAppender[FILE] - Active log file name: /tmp/application.log
06:02:20,732 |-INFO in ch.qos.logback.core.rolling.RollingFileAppender[FILE] - File property is set to [/tmp/application.log]
06:02:20,733 |-INFO in ch.qos.logback.classic.joran.action.RootLoggerAction - Setting level of ROOT logger to WARN
06:02:20,733 |-INFO in ch.qos.logback.core.joran.action.AppenderRefAction - Attaching appender named [STDOUT] to Logger[ROOT]
06:02:20,735 |-INFO in ch.qos.logback.core.joran.action.AppenderRefAction - Attaching appender named [FILE] to Logger[ROOT]
06:02:20,735 |-INFO in ch.qos.logback.classic.joran.action.ConfigurationAction - End of configuration.
06:02:20,735 |-INFO in ch.qos.logback.classic.joran.JoranConfigurator@79698539 - Registering current configuration as safe fallback point

Ama winner
Ama winner
2019-06-11T06:02:22.072+0000: 1.790: [Full GC (Metadata GC Threshold) 2019-06-11T06:02:22.072+0000: 1.790: [Tenured: 0K->15141K(341376K), 0.0385075 secs] 114988K->15141K(494976K), [Metaspace: 20730K->20730K(1067008K)], 0.0385729 secs] [Times: user=0.04 sys=0.00, real=0.04 secs] 
06:03:14.637 [Curator-PathChildrenCache-1] WARN  o.a.c.u.ZKPaths  - The version of ZooKeeper being used doesn't support Container nodes. CreateMode.PERSISTENT will be used instead.
2019-06-11T06:03:43.472+0000: 83.191: [GC (Allocation Failure) 2019-06-11T06:03:43.472+0000: 83.191: [DefNew: 136576K->16208K(153600K), 0.0160036 secs] 151717K->31350K(494976K), 0.0160756 secs] [Times: user=0.01 sys=0.00, real=0.02 secs] 
2019-06-11T06:04:02.465+0000: 102.183: [Full GC (Metadata GC Threshold) 2019-06-11T06:04:02.465+0000: 102.183: [Tenured: 15141K->43447K(341376K), 0.0590368 secs] 149566K->43447K(494976K), [Metaspace: 34745K->34745K(1079296K)], 0.0591244 secs] [Times: user=0.04 sys=0.01, real=0.06 secs] 
2019-06-11T06:04:10.789+0000: 110.508: [GC (Allocation Failure) 2019-06-11T06:04:10.789+0000: 110.508: [DefNew: 136576K->153K(153600K), 0.0021669 secs] 180023K->43600K(494976K), 0.0022399 secs] [Times: user=0.00 sys=0.00, real=0.00 secs] 
2019-06-11T06:04:17.710+0000: 117.428: [GC (Allocation Failure) 2019-06-11T06:04:17.710+0000: 117.428: [DefNew: 136729K->154K(153600K), 0.0018928 secs] 180176K->43602K(494976K), 0.0019523 secs] [Times: user=0.00 sys=0.00, real=0.00 secs] 
2019-06-11T06:04:50.728+0000: 150.446: [GC (Allocation Failure) 2019-06-11T06:04:50.728+0000: 150.446: [DefNew: 136730K->213K(153600K), 0.0021225 secs] 180178K->43660K(494976K), 0.0021991 secs] [Times: user=0.00 sys=0.00, real=0.00 secs] 
2019-06-11T06:05:38.738+0000: 198.456: [GC (Allocation Failure) 2019-06-11T06:05:38.738+0000: 198.456: [DefNew: 136789K->225K(153600K), 0.0021098 secs] 180236K->43672K(494976K), 0.0021835 secs] [Times: user=0.01 sys=0.00, real=0.00 secs] 
2019-06-11T06:06:27.919+0000: 247.638: [GC (Allocation Failure) 2019-06-11T06:06:27.919+0000: 247.638: [DefNew: 136801K->224K(153600K), 0.0021139 secs] 180248K->43672K(494976K), 0.0021811 secs] [Times: user=0.00 sys=0.00, real=0.00 secs] 
2019-06-11T06:07:16.739+0000: 296.457: [GC (Allocation Failure) 2019-06-11T06:07:16.739+0000: 296.458: [DefNew: 136800K->230K(153600K), 0.0020321 secs] 180248K->43678K(494976K), 0.0020924 secs] [Times: user=0.01 sys=0.00, real=0.00 secs] 
2019-06-11T06:08:05.318+0000: 345.037: [GC (Allocation Failure) 2019-06-11T06:08:05.318+0000: 345.037: [DefNew: 136806K->228K(153600K), 0.0019926 secs] 180254K->43676K(494976K), 0.0020474 secs] [Times: user=0.00 sys=0.00, real=0.00 secs] 
2019-06-11T06:09:09.268+0000: 408.986: [GC (Allocation Failure) 2019-06-11T06:09:09.268+0000: 408.986: [DefNew: 136804K->230K(153600K), 0.0019998 secs] 180252K->43678K(494976K), 0.0020629 secs] [Times: user=0.00 sys=0.00, real=0.00 secs] 
2019-06-11T06:10:11.260+0000: 470.979: [GC (Allocation Failure) 2019-06-11T06:10:11.260+0000: 470.979: [DefNew: 136806K->233K(153600K), 0.0020732 secs] 180254K->43680K(494976K), 0.0021350 secs] [Times: user=0.00 sys=0.00, real=0.00 secs] 
2019-06-11T06:10:57.554+0000: 517.273: [GC (Allocation Failure) 2019-06-11T06:10:57.554+0000: 517.273: [DefNew: 136809K->235K(153600K), 0.0019936 secs] 180256K->43682K(494976K), 0.0020495 secs] [Times: user=0.00 sys=0.00, real=0.00 secs] 
2019-06-11T06:11:44.088+0000: 563.806: [GC (Allocation Failure) 2019-06-11T06:11:44.088+0000: 563.806: [DefNew: 136811K->236K(153600K), 0.0019631 secs] 180258K->43684K(494976K), 0.0020196 secs] [Times: user=0.01 sys=0.00, real=0.00 secs] 
2019-06-11T06:12:43.999+0000: 623.717: [GC (Allocation Failure) 2019-06-11T06:12:43.999+0000: 623.717: [DefNew: 136812K->233K(153600K), 0.0144253 secs] 180260K->43680K(494976K), 0.0144900 secs] [Times: user=0.02 sys=0.00, real=0.01 secs] 
2019-06-11T06:13:49.472+0000: 689.191: [GC (Allocation Failure) 2019-06-11T06:13:49.472+0000: 689.191: [DefNew: 136809K->234K(153600K), 0.0143384 secs] 180256K->43681K(494976K), 0.0143995 secs] [Times: user=0.02 sys=0.00, real=0.02 secs] 
2019-06-11T06:14:55.179+0000: 754.897: [GC (Allocation Failure) 2019-06-11T06:14:55.179+0000: 754.897: [DefNew: 136810K->236K(153600K), 0.0019954 secs] 180257K->43683K(494976K), 0.0020501 secs] [Times: user=0.00 sys=0.00, real=0.00 secs] 
2019-06-11T06:15:46.394+0000: 806.113: [GC (Allocation Failure) 2019-06-11T06:15:46.394+0000: 806.113: [DefNew: 136812K->238K(153600K), 0.0020902 secs] 180259K->43686K(494976K), 0.0021551 secs] [Times: user=0.00 sys=0.00, real=0.01 secs] 
2019-06-11T06:16:40.393+0000: 860.112: [GC (Allocation Failure) 2019-06-11T06:16:40.393+0000: 860.112: [DefNew: 136814K->133K(153600K), 0.0020620 secs] 180262K->43688K(494976K), 0.0021253 secs] [Times: user=0.00 sys=0.00, real=0.01 secs] 
2019-06-11T06:18:12.449+0000: 952.167: [GC (Allocation Failure) 2019-06-11T06:18:12.449+0000: 952.167: [DefNew: 136709K->131K(153600K), 0.0018574 secs] 180264K->43689K(494976K), 0.0019104 secs] [Times: user=0.00 sys=0.00, real=0.00 secs] 
2019-06-11T06:19:54.276+0000: 1053.995: [GC (Allocation Failure) 2019-06-11T06:19:54.276+0000: 1053.995: [DefNew: 136707K->71K(153600K), 0.0017693 secs] 180265K->43684K(494976K), 0.0018356 secs] [Times: user=0.00 sys=0.00, real=0.00 secs] 
2019-06-11T06:20:52.750+0000: 1112.468: [GC (Allocation Failure) 2019-06-11T06:20:52.750+0000: 1112.468: [DefNew: 136647K->62K(153600K), 0.0016950 secs] 180260K->43684K(494976K), 0.0017579 secs] [Times: user=0.01 sys=0.00, real=0.00 secs] 
2019-06-11T06:22:24.614+0000: 1204.332: [GC (Allocation Failure) 2019-06-11T06:22:24.614+0000: 1204.332: [DefNew: 136638K->65K(153600K), 0.0383230 secs] 180260K->43689K(494976K), 0.0383901 secs] [Times: user=0.01 sys=0.00, real=0.04 secs] 
2019-06-11T06:24:06.779+0000: 1306.497: [GC (Allocation Failure) 2019-06-11T06:24:06.779+0000: 1306.497: [DefNew: 136641K->65K(153600K), 0.0016456 secs] 180265K->43690K(494976K), 0.0017192 secs] [Times: user=0.00 sys=0.01, real=0.00 secs] 
2019-06-11T06:25:26.837+0000: 1386.555: [GC (Allocation Failure) 2019-06-11T06:25:26.837+0000: 1386.555: [DefNew: 136641K->70K(153600K), 0.0017164 secs] 180266K->43696K(494976K), 0.0017878 secs] [Times: user=0.00 sys=0.00, real=0.00 secs] 
2019-06-11T06:26:32.998+0000: 1452.716: [GC (Allocation Failure) 2019-06-11T06:26:32.998+0000: 1452.716: [DefNew: 136646K->72K(153600K), 0.0017494 secs] 180272K->43699K(494976K), 0.0018075 secs] [Times: user=0.00 sys=0.00, real=0.00 secs] 
2019-06-11T06:27:44.019+0000: 1523.737: [GC (Allocation Failure) 2019-06-11T06:27:44.019+0000: 1523.737: [DefNew: 136648K->72K(153600K), 0.0017498 secs] 180275K->43700K(494976K), 0.0018095 secs] [Times: user=0.00 sys=0.00, real=0.00 secs] 
2019-06-11T06:28:53.685+0000: 1593.403: [GC (Allocation Failure) 2019-06-11T06:28:53.685+0000: 1593.403: [DefNew: 136648K->72K(153600K), 0.0017111 secs] 180276K->43701K(494976K), 0.0017750 secs] [Times: user=0.00 sys=0.00, real=0.01 secs] 
2019-06-11T06:30:03.098+0000: 1662.816: [GC (Allocation Failure) 2019-06-11T06:30:03.098+0000: 1662.816: [DefNew: 136648K->73K(153600K), 0.0017159 secs] 180277K->43703K(494976K), 0.0017729 secs] [Times: user=0.00 sys=0.00, real=0.00 secs] 
2019-06-11T06:30:51.466+0000: 1711.184: [GC (Allocation Failure) 2019-06-11T06:30:51.466+0000: 1711.184: [DefNew: 136649K->74K(153600K), 0.0016816 secs] 180279K->43705K(494976K), 0.0017374 secs] [Times: user=0.01 sys=0.00, real=0.01 secs] 
2019-06-11T06:31:41.307+0000: 1761.025: [GC (Allocation Failure) 2019-06-11T06:31:41.307+0000: 1761.025: [DefNew: 136650K->75K(153600K), 0.0016811 secs] 180281K->43706K(494976K), 0.0017337 secs] [Times: user=0.00 sys=0.00, real=0.00 secs] 
2019-06-11T06:32:45.969+0000: 1825.687: [GC (Allocation Failure) 2019-06-11T06:32:45.969+0000: 1825.687: [DefNew: 136651K->75K(153600K), 0.0017537 secs] 180282K->43708K(494976K), 0.0018086 secs] [Times: user=0.00 sys=0.00, real=0.00 secs] 
2019-06-11T06:33:56.249+0000: 1895.967: [GC (Allocation Failure) 2019-06-11T06:33:56.249+0000: 1895.967: [DefNew: 136651K->75K(153600K), 0.0017083 secs] 180284K->43710K(494976K), 0.0017629 secs] [Times: user=0.00 sys=0.01, real=0.00 secs] 
2019-06-11T06:35:06.729+0000: 1966.448: [GC (Allocation Failure) 2019-06-11T06:35:06.729+0000: 1966.448: [DefNew: 136651K->76K(153600K), 0.0017886 secs] 180286K->43711K(494976K), 0.0025120 secs] [Times: user=0.00 sys=0.00, real=0.00 secs] 
2019-06-11T06:35:54.609+0000: 2014.327: [GC (Allocation Failure) 2019-06-11T06:35:54.609+0000: 2014.328: [DefNew: 136652K->63K(153600K), 0.0016993 secs] 180287K->43699K(494976K), 0.0017560 secs] [Times: user=0.00 sys=0.00, real=0.00 secs] 
2019-06-11T06:36:51.795+0000: 2071.513: [GC (Allocation Failure) 2019-06-11T06:36:51.795+0000: 2071.513: [DefNew: 136639K->61K(153600K), 0.0016544 secs] 180275K->43701K(494976K), 0.0017058 secs] [Times: user=0.00 sys=0.00, real=0.00 secs] 
2019-06-11T06:38:16.307+0000: 2156.025: [GC (Allocation Failure) 2019-06-11T06:38:16.307+0000: 2156.025: [DefNew: 136637K->62K(153600K), 0.0017217 secs] 180277K->43702K(494976K), 0.0017796 secs] [Times: user=0.00 sys=0.00, real=0.00 secs] 
2019-06-11T06:39:41.545+0000: 2241.264: [GC (Allocation Failure) 2019-06-11T06:39:41.545+0000: 2241.264: [DefNew: 136638K->63K(153600K), 0.0017406 secs] 180278K->43706K(494976K), 0.0017900 secs] [Times: user=0.00 sys=0.00, real=0.01 secs] 
2019-06-11T06:40:39.427+0000: 2299.146: [GC (Allocation Failure) 2019-06-11T06:40:39.427+0000: 2299.146: [DefNew: 136639K->63K(153600K), 0.0016259 secs] 180282K->43708K(494976K), 0.0016812 secs] [Times: user=0.01 sys=0.00, real=0.00 secs] 
2019-06-11T06:41:31.463+0000: 2351.182: [GC (Allocation Failure) 2019-06-11T06:41:31.463+0000: 2351.182: [DefNew: 136639K->61K(153600K), 0.0016519 secs] 180284K->43709K(494976K), 0.0017191 secs] [Times: user=0.00 sys=0.00, real=0.00 secs] 
2019-06-11T06:42:34.233+0000: 2413.952: [GC (Allocation Failure) 2019-06-11T06:42:34.233+0000: 2413.952: [DefNew: 136637K->61K(153600K), 0.0016733 secs] 180285K->43710K(494976K), 0.0017414 secs] [Times: user=0.00 sys=0.00, real=0.01 secs] 
2019-06-11T06:43:37.697+0000: 2477.415: [GC (Allocation Failure) 2019-06-11T06:43:37.697+0000: 2477.415: [DefNew: 136637K->62K(153600K), 0.0016214 secs] 180286K->43712K(494976K), 0.0016969 secs] [Times: user=0.00 sys=0.00, real=0.00 secs] 
2019-06-11T06:44:41.016+0000: 2540.734: [GC (Allocation Failure) 2019-06-11T06:44:41.016+0000: 2540.734: [DefNew: 136638K->63K(153600K), 0.0016291 secs] 180288K->43714K(494976K), 0.0016836 secs] [Times: user=0.00 sys=0.01, real=0.00 secs] 
2019-06-11T06:45:34.533+0000: 2594.251: [GC (Allocation Failure) 2019-06-11T06:45:34.533+0000: 2594.251: [DefNew: 136639K->63K(153600K), 0.0016340 secs] 180290K->43715K(494976K), 0.0016978 secs] [Times: user=0.00 sys=0.00, real=0.01 secs] 
2019-06-11T06:46:21.984+0000: 2641.702: [GC (Allocation Failure) 2019-06-11T06:46:21.984+0000: 2641.702: [DefNew: 136639K->64K(153600K), 0.0015867 secs] 180291K->43717K(494976K), 0.0016427 secs] [Times: user=0.00 sys=0.00, real=0.00 secs] 
2019-06-11T06:47:17.042+0000: 2696.760: [GC (Allocation Failure) 2019-06-11T06:47:17.042+0000: 2696.761: [DefNew: 136640K->97K(153600K), 0.0139135 secs] 180293K->43750K(494976K), 0.0139843 secs] [Times: user=0.02 sys=0.00, real=0.02 secs] 
2019-06-11T06:48:19.629+0000: 2759.347: [GC (Allocation Failure) 2019-06-11T06:48:19.629+0000: 2759.347: [DefNew: 136673K->97K(153600K), 0.0016877 secs] 180326K->43752K(494976K), 0.0017436 secs] [Times: user=0.00 sys=0.00, real=0.00 secs] 
2019-06-11T06:49:21.668+0000: 2821.387: [GC (Allocation Failure) 2019-06-11T06:49:21.668+0000: 2821.387: [DefNew: 136673K->100K(153600K), 0.0016459 secs] 180328K->43755K(494976K), 0.0017024 secs] [Times: user=0.00 sys=0.00, real=0.00 secs] 
2019-06-11T06:50:19.691+0000: 2879.409: [GC (Allocation Failure) 2019-06-11T06:50:19.691+0000: 2879.409: [DefNew: 136676K->100K(153600K), 0.0016905 secs] 180331K->43757K(494976K), 0.0017493 secs] [Times: user=0.00 sys=0.00, real=0.00 secs] 
2019-06-11T06:51:05.956+0000: 2925.675: [GC (Allocation Failure) 2019-06-11T06:51:05.956+0000: 2925.675: [DefNew: 136676K->101K(153600K), 0.0016589 secs] 180333K->43758K(494976K), 0.0017142 secs] [Times: user=0.00 sys=0.00, real=0.00 secs] 
2019-06-11T06:51:55.131+0000: 2974.849: [GC (Allocation Failure) 2019-06-11T06:51:55.131+0000: 2974.849: [DefNew: 136677K->102K(153600K), 0.0017287 secs] 180334K->43761K(494976K), 0.0017858 secs] [Times: user=0.00 sys=0.00, real=0.00 secs] 
2019-06-11T06:52:57.287+0000: 3037.006: [GC (Allocation Failure) 2019-06-11T06:52:57.287+0000: 3037.006: [DefNew: 136678K->89K(153600K), 0.0016313 secs] 180337K->43749K(494976K), 0.0016955 secs] [Times: user=0.00 sys=0.00, real=0.00 secs] 
2019-06-11T06:54:02.543+0000: 3102.262: [GC (Allocation Failure) 2019-06-11T06:54:02.543+0000: 3102.262: [DefNew: 136665K->88K(153600K), 0.0139911 secs] 180325K->43750K(494976K), 0.0140609 secs] [Times: user=0.02 sys=0.01, real=0.02 secs] 
2019-06-11T06:55:07.633+0000: 3167.352: [GC (Allocation Failure) 2019-06-11T06:55:07.633+0000: 3167.352: [DefNew: 136664K->89K(153600K), 0.0017655 secs] 180326K->43752K(494976K), 0.0018320 secs] [Times: user=0.00 sys=0.00, real=0.01 secs] 
2019-06-11T06:55:53.823+0000: 3213.542: [GC (Allocation Failure) 2019-06-11T06:55:53.823+0000: 3213.542: [DefNew: 136665K->90K(153600K), 0.0016484 secs] 180328K->43753K(494976K), 0.0017039 secs] [Times: user=0.00 sys=0.00, real=0.00 secs] 
2019-06-11T06:56:42.565+0000: 3262.284: [GC (Allocation Failure) 2019-06-11T06:56:42.566+0000: 3262.284: [DefNew: 136666K->91K(153600K), 0.0016747 secs] 180329K->43755K(494976K), 0.0017296 secs] [Times: user=0.00 sys=0.00, real=0.01 secs] 
2019-06-11T06:57:47.163+0000: 3326.882: [GC (Allocation Failure) 2019-06-11T06:57:47.164+0000: 3326.882: [DefNew: 136667K->92K(153600K), 0.0016206 secs] 180331K->43757K(494976K), 0.0016760 secs] [Times: user=0.00 sys=0.00, real=0.00 secs] 
2019-06-11T06:58:55.886+0000: 3395.604: [GC (Allocation Failure) 2019-06-11T06:58:55.886+0000: 3395.604: [DefNew: 136668K->93K(153600K), 0.0016511 secs] 180333K->43759K(494976K), 0.0017069 secs] [Times: user=0.01 sys=0.00, real=0.01 secs] 
2019-06-11T07:00:05.150+0000: 3464.869: [GC (Allocation Failure) 2019-06-11T07:00:05.150+0000: 3464.869: [DefNew: 136669K->93K(153600K), 0.0017151 secs] 180335K->43760K(494976K), 0.0017715 secs] [Times: user=0.01 sys=0.00, real=0.00 secs] 
2019-06-11T07:00:53.620+0000: 3513.338: [GC (Allocation Failure) 2019-06-11T07:00:53.620+0000: 3513.338: [DefNew: 136669K->93K(153600K), 0.0016279 secs] 180336K->43762K(494976K), 0.0016913 secs] [Times: user=0.00 sys=0.00, real=0.00 secs] 
2019-06-11T07:01:48.410+0000: 3568.128: [GC (Allocation Failure) 2019-06-11T07:01:48.410+0000: 3568.128: [DefNew: 136669K->63K(153600K), 0.0017411 secs] 180338K->43764K(494976K), 0.0017989 secs] [Times: user=0.00 sys=0.00, real=0.00 secs] 
2019-06-11T07:02:57.373+0000: 3637.091: [GC (Allocation Failure) 2019-06-11T07:02:57.373+0000: 3637.091: [DefNew: 136639K->120K(153600K), 0.0017208 secs] 180340K->43821K(494976K), 0.0017772 secs] [Times: user=0.00 sys=0.00, real=0.01 secs] 
07:03:49.921 [Curator-PathChildrenCache-0] ERROR o.a.c.f.r.c.PathChildrenCache  - 
java.lang.IllegalStateException: instance must be started before calling this method
	at org.apache.curator.shaded.com.google.common.base.Preconditions.checkState(Preconditions.java:444)
	at org.apache.curator.framework.imps.CuratorFrameworkImpl.getChildren(CuratorFrameworkImpl.java:456)
	at org.apache.curator.framework.recipes.cache.PathChildrenCache.refresh(PathChildrenCache.java:521)
	at org.apache.curator.framework.recipes.cache.RefreshOperation.invoke(RefreshOperation.java:35)
	at org.apache.curator.framework.recipes.cache.PathChildrenCache$9.run(PathChildrenCache.java:786)
	at java.util.concurrent.Executors$RunnableAdapter.call(Executors.java:511)
	at java.util.concurrent.FutureTask.run(FutureTask.java:266)
	at java.util.concurrent.Executors$RunnableAdapter.call(Executors.java:511)
	at java.util.concurrent.FutureTask.run(FutureTask.java:266)
	at java.util.concurrent.ThreadPoolExecutor.runWorker(ThreadPoolExecutor.java:1149)
	at java.util.concurrent.ThreadPoolExecutor$Worker.run(ThreadPoolExecutor.java:624)
	at java.lang.Thread.run(Thread.java:748)
07:03:50.883 [worker-akka.actor.default-dispatcher-4] ERROR a.r.a.Association(akka://worker) akka.remote.artery.Association(akka://worker) - Outbound control stream to [akka://worker@10.0.0.220:5412] failed after shutdown. 
akka.remote.artery.Association$OutboundStreamStopQuarantinedSignal$: 
07:03:50.884 [worker-akka.actor.default-dispatcher-4] ERROR a.r.a.Association(akka://worker) akka.remote.artery.Association(akka://worker) - Outbound message stream to [akka://worker@10.0.0.220:5412] failed after shutdown. 
akka.remote.artery.Association$OutboundStreamStopQuarantinedSignal$: 
07:03:50.965 [worker-akka.actor.default-dispatcher-11] ERROR a.r.a.Association(akka://worker) akka.remote.artery.Association(akka://worker) - Outbound control stream to [akka://worker@10.0.0.111:5412] failed after shutdown. 
akka.remote.artery.Association$OutboundStreamStopQuarantinedSignal$: 
07:03:50.965 [worker-akka.actor.default-dispatcher-11] ERROR a.r.a.Association(akka://worker) akka.remote.artery.Association(akka://worker) - Outbound message stream to [akka://worker@10.0.0.111:5412] failed after shutdown. 
akka.remote.artery.Association$OutboundStreamStopQuarantinedSignal$: 
07:03:50.985 [worker-akka.actor.default-dispatcher-11] ERROR a.r.a.Association(akka://worker) akka.remote.artery.Association(akka://worker) - Outbound control stream to [akka://worker@10.0.0.172:5412] failed after shutdown. 
akka.remote.artery.Association$OutboundStreamStopQuarantinedSignal$: 
07:03:50.985 [worker-akka.actor.default-dispatcher-11] ERROR a.r.a.Association(akka://worker) akka.remote.artery.Association(akka://worker) - Outbound message stream to [akka://worker@10.0.0.172:5412] failed after shutdown. 
akka.remote.artery.Association$OutboundStreamStopQuarantinedSignal$: 
07:03:51.025 [worker-akka.actor.default-dispatcher-11] ERROR a.r.a.Association(akka://worker) akka.remote.artery.Association(akka://worker) - Outbound control stream to [akka://worker@10.0.0.116:5412] failed after shutdown. 
akka.remote.artery.Association$OutboundStreamStopQuarantinedSignal$: 
07:03:51.026 [worker-akka.actor.default-dispatcher-11] ERROR a.r.a.Association(akka://worker) akka.remote.artery.Association(akka://worker) - Outbound message stream to [akka://worker@10.0.0.116:5412] failed after shutdown. 
akka.remote.artery.Association$OutboundStreamStopQuarantinedSignal$: 
Heap
 def new generation   total 153600K, used 114163K [0x00000000e0c00000, 0x00000000eb2a0000, 0x00000000eb2a0000)
  eden space 136576K,  83% used [0x00000000e0c00000, 0x00000000e7b5ebe8, 0x00000000e9160000)
  from space 17024K,   0% used [0x00000000e9160000, 0x00000000e917e110, 0x00000000ea200000)
  to   space 17024K,   0% used [0x00000000ea200000, 0x00000000ea200000, 0x00000000eb2a0000)
 tenured generation   total 341376K, used 43701K [0x00000000eb2a0000, 0x0000000100000000, 0x0000000100000000)
   the space 341376K,  12% used [0x00000000eb2a0000, 0x00000000edd4d680, 0x00000000edd4d800, 0x0000000100000000)
 Metaspace       used 36604K, capacity 37542K, committed 37632K, reserved 1081344K
  class space    used 4886K, capacity 5107K, committed 5120K, reserved 1048576K
