19:03:09,614 |-INFO in ch.qos.logback.classic.LoggerContext[default] - Could NOT find resource [logback-test.xml]
19:03:09,614 |-INFO in ch.qos.logback.classic.LoggerContext[default] - Could NOT find resource [logback.groovy]
19:03:09,614 |-INFO in ch.qos.logback.classic.LoggerContext[default] - Found resource [logback.xml] at [jar:file:/root/flamestream/lib/flamestream-runtime-1.0-SNAPSHOT.jar!/logback.xml]
19:03:09,615 |-WARN in ch.qos.logback.classic.LoggerContext[default] - Resource [logback.xml] occurs multiple times on the classpath.
19:03:09,615 |-WARN in ch.qos.logback.classic.LoggerContext[default] - Resource [logback.xml] occurs at [jar:file:/root/flamestream/lib/flamestream-runtime-1.0-SNAPSHOT.jar!/logback.xml]
19:03:09,615 |-WARN in ch.qos.logback.classic.LoggerContext[default] - Resource [logback.xml] occurs at [jar:file:/root/flamestream/flamestream-runtime-1.0-SNAPSHOT.jar!/logback.xml]
19:03:09,635 |-INFO in ch.qos.logback.core.joran.spi.ConfigurationWatchList@3fb6a447 - URL [jar:file:/root/flamestream/lib/flamestream-runtime-1.0-SNAPSHOT.jar!/logback.xml] is not of type file
19:03:09,701 |-INFO in ch.qos.logback.classic.joran.action.ConfigurationAction - debug attribute not set
19:03:09,702 |-INFO in ch.qos.logback.core.joran.action.AppenderAction - About to instantiate appender of type [ch.qos.logback.core.ConsoleAppender]
19:03:09,718 |-INFO in ch.qos.logback.core.joran.action.AppenderAction - Naming appender as [STDOUT]
19:03:09,737 |-INFO in ch.qos.logback.core.joran.action.NestedComplexPropertyIA - Assuming default type [ch.qos.logback.classic.encoder.PatternLayoutEncoder] for [encoder] property
19:03:09,827 |-INFO in ch.qos.logback.core.joran.action.AppenderAction - About to instantiate appender of type [ch.qos.logback.core.rolling.RollingFileAppender]
19:03:09,838 |-INFO in ch.qos.logback.core.joran.action.AppenderAction - Naming appender as [FILE]
19:03:09,865 |-INFO in c.q.l.core.rolling.TimeBasedRollingPolicy@127618319 - No compression will be used
19:03:09,866 |-INFO in c.q.l.core.rolling.TimeBasedRollingPolicy@127618319 - Will use the pattern /tmp/application_%d{yyyy-MM-dd}.%i.log for the active file
19:03:09,869 |-INFO in ch.qos.logback.core.rolling.SizeAndTimeBasedFNATP@6b2fad11 - The date pattern is 'yyyy-MM-dd' from file name pattern '/tmp/application_%d{yyyy-MM-dd}.%i.log'.
19:03:09,869 |-INFO in ch.qos.logback.core.rolling.SizeAndTimeBasedFNATP@6b2fad11 - Roll-over at midnight.
19:03:09,875 |-INFO in ch.qos.logback.core.rolling.SizeAndTimeBasedFNATP@6b2fad11 - Setting initial period to Mon Jun 10 19:01:43 UTC 2019
19:03:09,875 |-WARN in ch.qos.logback.core.rolling.SizeAndTimeBasedFNATP@6b2fad11 - SizeAndTimeBasedFNATP is deprecated. Use SizeAndTimeBasedRollingPolicy instead
19:03:09,875 |-WARN in ch.qos.logback.core.rolling.SizeAndTimeBasedFNATP@6b2fad11 - For more information see http://logback.qos.ch/manual/appenders.html#SizeAndTimeBasedRollingPolicy
19:03:09,879 |-INFO in ch.qos.logback.core.joran.action.NestedComplexPropertyIA - Assuming default type [ch.qos.logback.classic.encoder.PatternLayoutEncoder] for [encoder] property
19:03:09,884 |-INFO in ch.qos.logback.core.rolling.RollingFileAppender[FILE] - Active log file name: /tmp/application.log
19:03:09,884 |-INFO in ch.qos.logback.core.rolling.RollingFileAppender[FILE] - File property is set to [/tmp/application.log]
19:03:09,885 |-INFO in ch.qos.logback.classic.joran.action.RootLoggerAction - Setting level of ROOT logger to WARN
19:03:09,885 |-INFO in ch.qos.logback.core.joran.action.AppenderRefAction - Attaching appender named [STDOUT] to Logger[ROOT]
19:03:09,887 |-INFO in ch.qos.logback.core.joran.action.AppenderRefAction - Attaching appender named [FILE] to Logger[ROOT]
19:03:09,887 |-INFO in ch.qos.logback.classic.joran.action.ConfigurationAction - End of configuration.
19:03:09,888 |-INFO in ch.qos.logback.classic.joran.JoranConfigurator@79698539 - Registering current configuration as safe fallback point

Ama winner
Ama winner
2019-06-10T19:03:11.197+0000: 1.770: [Full GC (Metadata GC Threshold) 2019-06-10T19:03:11.197+0000: 1.770: [Tenured: 0K->15207K(341376K), 0.0408634 secs] 114987K->15207K(494976K), [Metaspace: 20727K->20727K(1067008K)], 0.0409352 secs] [Times: user=0.03 sys=0.00, real=0.04 secs] 
19:03:26.934 [Curator-PathChildrenCache-1] WARN  o.a.c.u.ZKPaths  - The version of ZooKeeper being used doesn't support Container nodes. CreateMode.PERSISTENT will be used instead.
2019-06-10T19:03:29.303+0000: 19.876: [GC (Allocation Failure) 2019-06-10T19:03:29.303+0000: 19.876: [DefNew: 136576K->17023K(153600K), 0.0270502 secs] 151783K->52611K(494976K), 0.0271244 secs] [Times: user=0.01 sys=0.01, real=0.02 secs] 
2019-06-10T19:03:30.714+0000: 21.287: [Full GC (Metadata GC Threshold) 2019-06-10T19:03:30.714+0000: 21.287: [Tenured: 35587K->44327K(341376K), 0.0411775 secs] 86098K->44327K(494976K), [Metaspace: 34592K->34592K(1079296K)], 0.0412526 secs] [Times: user=0.03 sys=0.00, real=0.04 secs] 
2019-06-10T19:03:37.797+0000: 28.370: [GC (Allocation Failure) 2019-06-10T19:03:37.797+0000: 28.370: [DefNew: 136576K->71K(153600K), 0.0019728 secs] 180903K->44399K(494976K), 0.0020319 secs] [Times: user=0.00 sys=0.00, real=0.00 secs] 
2019-06-10T19:03:44.971+0000: 35.544: [GC (Allocation Failure) 2019-06-10T19:03:44.971+0000: 35.544: [DefNew: 136647K->68K(153600K), 0.0017732 secs] 180975K->44396K(494976K), 0.0018379 secs] [Times: user=0.00 sys=0.00, real=0.00 secs] 
2019-06-10T19:03:52.147+0000: 42.720: [GC (Allocation Failure) 2019-06-10T19:03:52.147+0000: 42.720: [DefNew: 136644K->68K(153600K), 0.0017525 secs] 180972K->44395K(494976K), 0.0018143 secs] [Times: user=0.00 sys=0.00, real=0.00 secs] 
2019-06-10T19:03:59.369+0000: 49.942: [GC (Allocation Failure) 2019-06-10T19:03:59.369+0000: 49.942: [DefNew: 136644K->68K(153600K), 0.0018424 secs] 180971K->44396K(494976K), 0.0019025 secs] [Times: user=0.01 sys=0.00, real=0.01 secs] 
2019-06-10T19:04:06.612+0000: 57.185: [GC (Allocation Failure) 2019-06-10T19:04:06.612+0000: 57.185: [DefNew: 136644K->69K(153600K), 0.0018351 secs] 180972K->44396K(494976K), 0.0019070 secs] [Times: user=0.00 sys=0.00, real=0.00 secs] 
19:04:25.873 [Curator-PathChildrenCache-0] ERROR o.a.c.f.r.c.PathChildrenCache  - 
java.lang.IllegalStateException: instance must be started before calling this method
	at org.apache.curator.shaded.com.google.common.base.Preconditions.checkState(Preconditions.java:444)
	at org.apache.curator.framework.imps.CuratorFrameworkImpl.getChildren(CuratorFrameworkImpl.java:456)
	at org.apache.curator.framework.recipes.cache.PathChildrenCache.refresh(PathChildrenCache.java:521)
	at org.apache.curator.framework.recipes.cache.RefreshOperation.invoke(RefreshOperation.java:35)
	at org.apache.curator.framework.recipes.cache.PathChildrenCache$9.run(PathChildrenCache.java:786)
	at java.util.concurrent.Executors$RunnableAdapter.call(Executors.java:511)
	at java.util.concurrent.FutureTask.run(FutureTask.java:266)
	at java.util.concurrent.Executors$RunnableAdapter.call(Executors.java:511)
	at java.util.concurrent.FutureTask.run(FutureTask.java:266)
	at java.util.concurrent.ThreadPoolExecutor.runWorker(ThreadPoolExecutor.java:1149)
	at java.util.concurrent.ThreadPoolExecutor$Worker.run(ThreadPoolExecutor.java:624)
	at java.lang.Thread.run(Thread.java:748)
2019-06-10T19:04:26.312+0000: 76.885: [GC (Allocation Failure) 2019-06-10T19:04:26.312+0000: 76.885: [DefNew: 136645K->931K(153600K), 0.0033310 secs] 180972K->45259K(494976K), 0.0033960 secs] [Times: user=0.00 sys=0.00, real=0.00 secs] 
Heap
 def new generation   total 153600K, used 10318K [0x00000000e0c00000, 0x00000000eb2a0000, 0x00000000eb2a0000)
  eden space 136576K,   6% used [0x00000000e0c00000, 0x00000000e152aab0, 0x00000000e9160000)
  from space 17024K,   5% used [0x00000000ea200000, 0x00000000ea2e8f78, 0x00000000eb2a0000)
  to   space 17024K,   0% used [0x00000000e9160000, 0x00000000e9160000, 0x00000000ea200000)
 tenured generation   total 341376K, used 44327K [0x00000000eb2a0000, 0x0000000100000000, 0x0000000100000000)
   the space 341376K,  12% used [0x00000000eb2a0000, 0x00000000edde9cf0, 0x00000000edde9e00, 0x0000000100000000)
 Metaspace       used 36225K, capacity 37126K, committed 37376K, reserved 1081344K
  class space    used 4871K, capacity 5075K, committed 5120K, reserved 1048576K
