07:40:02,150 |-INFO in ch.qos.logback.classic.LoggerContext[default] - Could NOT find resource [logback-test.xml]
07:40:02,150 |-INFO in ch.qos.logback.classic.LoggerContext[default] - Could NOT find resource [logback.groovy]
07:40:02,151 |-INFO in ch.qos.logback.classic.LoggerContext[default] - Found resource [logback.xml] at [jar:file:/root/flamestream/lib/flamestream-runtime-1.0-SNAPSHOT.jar!/logback.xml]
07:40:02,152 |-WARN in ch.qos.logback.classic.LoggerContext[default] - Resource [logback.xml] occurs multiple times on the classpath.
07:40:02,152 |-WARN in ch.qos.logback.classic.LoggerContext[default] - Resource [logback.xml] occurs at [jar:file:/root/flamestream/lib/flamestream-runtime-1.0-SNAPSHOT.jar!/logback.xml]
07:40:02,152 |-WARN in ch.qos.logback.classic.LoggerContext[default] - Resource [logback.xml] occurs at [jar:file:/root/flamestream/flamestream-runtime-1.0-SNAPSHOT.jar!/logback.xml]
07:40:02,172 |-INFO in ch.qos.logback.core.joran.spi.ConfigurationWatchList@3fb6a447 - URL [jar:file:/root/flamestream/lib/flamestream-runtime-1.0-SNAPSHOT.jar!/logback.xml] is not of type file
07:40:02,243 |-INFO in ch.qos.logback.classic.joran.action.ConfigurationAction - debug attribute not set
07:40:02,243 |-INFO in ch.qos.logback.core.joran.action.AppenderAction - About to instantiate appender of type [ch.qos.logback.core.ConsoleAppender]
07:40:02,263 |-INFO in ch.qos.logback.core.joran.action.AppenderAction - Naming appender as [STDOUT]
07:40:02,281 |-INFO in ch.qos.logback.core.joran.action.NestedComplexPropertyIA - Assuming default type [ch.qos.logback.classic.encoder.PatternLayoutEncoder] for [encoder] property
07:40:02,358 |-INFO in ch.qos.logback.core.joran.action.AppenderAction - About to instantiate appender of type [ch.qos.logback.core.rolling.RollingFileAppender]
07:40:02,367 |-INFO in ch.qos.logback.core.joran.action.AppenderAction - Naming appender as [FILE]
07:40:02,397 |-INFO in c.q.l.core.rolling.TimeBasedRollingPolicy@127618319 - No compression will be used
07:40:02,398 |-INFO in c.q.l.core.rolling.TimeBasedRollingPolicy@127618319 - Will use the pattern /tmp/application_%d{yyyy-MM-dd}.%i.log for the active file
07:40:02,401 |-INFO in ch.qos.logback.core.rolling.SizeAndTimeBasedFNATP@6b2fad11 - The date pattern is 'yyyy-MM-dd' from file name pattern '/tmp/application_%d{yyyy-MM-dd}.%i.log'.
07:40:02,401 |-INFO in ch.qos.logback.core.rolling.SizeAndTimeBasedFNATP@6b2fad11 - Roll-over at midnight.
07:40:02,406 |-INFO in ch.qos.logback.core.rolling.SizeAndTimeBasedFNATP@6b2fad11 - Setting initial period to Tue Jun 11 07:38:32 UTC 2019
07:40:02,406 |-WARN in ch.qos.logback.core.rolling.SizeAndTimeBasedFNATP@6b2fad11 - SizeAndTimeBasedFNATP is deprecated. Use SizeAndTimeBasedRollingPolicy instead
07:40:02,406 |-WARN in ch.qos.logback.core.rolling.SizeAndTimeBasedFNATP@6b2fad11 - For more information see http://logback.qos.ch/manual/appenders.html#SizeAndTimeBasedRollingPolicy
07:40:02,410 |-INFO in ch.qos.logback.core.joran.action.NestedComplexPropertyIA - Assuming default type [ch.qos.logback.classic.encoder.PatternLayoutEncoder] for [encoder] property
07:40:02,415 |-INFO in ch.qos.logback.core.rolling.RollingFileAppender[FILE] - Active log file name: /tmp/application.log
07:40:02,415 |-INFO in ch.qos.logback.core.rolling.RollingFileAppender[FILE] - File property is set to [/tmp/application.log]
07:40:02,416 |-INFO in ch.qos.logback.classic.joran.action.RootLoggerAction - Setting level of ROOT logger to WARN
07:40:02,416 |-INFO in ch.qos.logback.core.joran.action.AppenderRefAction - Attaching appender named [STDOUT] to Logger[ROOT]
07:40:02,418 |-INFO in ch.qos.logback.core.joran.action.AppenderRefAction - Attaching appender named [FILE] to Logger[ROOT]
07:40:02,418 |-INFO in ch.qos.logback.classic.joran.action.ConfigurationAction - End of configuration.
07:40:02,418 |-INFO in ch.qos.logback.classic.joran.JoranConfigurator@79698539 - Registering current configuration as safe fallback point

Ama winner
Ama winner
2019-06-11T07:40:03.696+0000: 1.733: [Full GC (Metadata GC Threshold) 2019-06-11T07:40:03.696+0000: 1.733: [Tenured: 0K->15144K(341376K), 0.0408990 secs] 114923K->15144K(494976K), [Metaspace: 20734K->20734K(1067008K)], 0.0409756 secs] [Times: user=0.04 sys=0.00, real=0.04 secs] 
07:40:18.857 [Curator-PathChildrenCache-1] WARN  o.a.c.u.ZKPaths  - The version of ZooKeeper being used doesn't support Container nodes. CreateMode.PERSISTENT will be used instead.
2019-06-11T07:40:21.299+0000: 19.336: [GC (Allocation Failure) 2019-06-11T07:40:21.299+0000: 19.336: [DefNew: 136576K->17024K(153600K), 0.0280467 secs] 151720K->52622K(494976K), 0.0281145 secs] [Times: user=0.03 sys=0.00, real=0.03 secs] 
2019-06-11T07:40:24.634+0000: 22.671: [Full GC (Metadata GC Threshold) 2019-06-11T07:40:24.634+0000: 22.671: [Tenured: 35598K->44029K(341376K), 0.0502950 secs] 128473K->44029K(494976K), [Metaspace: 34602K->34602K(1079296K)], 0.0503686 secs] [Times: user=0.04 sys=0.01, real=0.05 secs] 
2019-06-11T07:40:30.723+0000: 28.760: [GC (Allocation Failure) 2019-06-11T07:40:30.723+0000: 28.760: [DefNew: 136576K->55K(153600K), 0.0017101 secs] 180605K->44084K(494976K), 0.0017671 secs] [Times: user=0.00 sys=0.00, real=0.00 secs] 
2019-06-11T07:40:36.846+0000: 34.883: [GC (Allocation Failure) 2019-06-11T07:40:36.846+0000: 34.883: [DefNew: 136631K->63K(153600K), 0.0016688 secs] 180660K->44093K(494976K), 0.0017321 secs] [Times: user=0.00 sys=0.00, real=0.00 secs] 
2019-06-11T07:40:42.987+0000: 41.024: [GC (Allocation Failure) 2019-06-11T07:40:42.988+0000: 41.024: [DefNew: 136639K->58K(153600K), 0.0016718 secs] 180669K->44087K(494976K), 0.0017294 secs] [Times: user=0.00 sys=0.00, real=0.00 secs] 
2019-06-11T07:40:49.145+0000: 47.181: [GC (Allocation Failure) 2019-06-11T07:40:49.145+0000: 47.181: [DefNew: 136634K->57K(153600K), 0.0016585 secs] 180663K->44087K(494976K), 0.0017198 secs] [Times: user=0.01 sys=0.00, real=0.00 secs] 
2019-06-11T07:41:00.373+0000: 58.410: [GC (Allocation Failure) 2019-06-11T07:41:00.373+0000: 58.410: [DefNew: 136633K->55K(153600K), 0.0017640 secs] 180663K->44085K(494976K), 0.0018260 secs] [Times: user=0.00 sys=0.00, real=0.00 secs] 
07:41:02.012 [Curator-PathChildrenCache-0] ERROR o.a.c.f.r.c.PathChildrenCache  - 
java.lang.IllegalStateException: instance must be started before calling this method
	at org.apache.curator.shaded.com.google.common.base.Preconditions.checkState(Preconditions.java:444)
	at org.apache.curator.framework.imps.CuratorFrameworkImpl.getChildren(CuratorFrameworkImpl.java:456)
	at org.apache.curator.framework.recipes.cache.PathChildrenCache.refresh(PathChildrenCache.java:521)
	at org.apache.curator.framework.recipes.cache.RefreshOperation.invoke(RefreshOperation.java:35)
	at org.apache.curator.framework.recipes.cache.PathChildrenCache$9.run(PathChildrenCache.java:786)
	at java.util.concurrent.Executors$RunnableAdapter.call(Executors.java:511)
	at java.util.concurrent.FutureTask.run(FutureTask.java:266)
	at java.util.concurrent.Executors$RunnableAdapter.call(Executors.java:511)
	at java.util.concurrent.FutureTask.run(FutureTask.java:266)
	at java.util.concurrent.ThreadPoolExecutor.runWorker(ThreadPoolExecutor.java:1149)
	at java.util.concurrent.ThreadPoolExecutor$Worker.run(ThreadPoolExecutor.java:624)
	at java.lang.Thread.run(Thread.java:748)
Heap
 def new generation   total 153600K, used 26445K [0x00000000e0c00000, 0x00000000eb2a0000, 0x00000000eb2a0000)
  eden space 136576K,  19% used [0x00000000e0c00000, 0x00000000e25c5658, 0x00000000e9160000)
  from space 17024K,   0% used [0x00000000e9160000, 0x00000000e916de98, 0x00000000ea200000)
  to   space 17024K,   0% used [0x00000000ea200000, 0x00000000ea200000, 0x00000000eb2a0000)
 tenured generation   total 341376K, used 44029K [0x00000000eb2a0000, 0x0000000100000000, 0x0000000100000000)
   the space 341376K,  12% used [0x00000000eb2a0000, 0x00000000edd9f570, 0x00000000edd9f600, 0x0000000100000000)
 Metaspace       used 35786K, capacity 36710K, committed 36864K, reserved 1081344K
  class space    used 4828K, capacity 5043K, committed 5120K, reserved 1048576K
