15:28:04,658 |-INFO in ch.qos.logback.classic.LoggerContext[default] - Could NOT find resource [logback-test.xml]
15:28:04,658 |-INFO in ch.qos.logback.classic.LoggerContext[default] - Could NOT find resource [logback.groovy]
15:28:04,658 |-INFO in ch.qos.logback.classic.LoggerContext[default] - Found resource [logback.xml] at [jar:file:/home/nikitasokolov/flamestream/lib/flamestream-runtime-1.0-SNAPSHOT.jar!/logback.xml]
15:28:04,659 |-WARN in ch.qos.logback.classic.LoggerContext[default] - Resource [logback.xml] occurs multiple times on the classpath.
15:28:04,659 |-WARN in ch.qos.logback.classic.LoggerContext[default] - Resource [logback.xml] occurs at [jar:file:/home/nikitasokolov/flamestream/lib/flamestream-runtime-1.0-SNAPSHOT.jar!/logback.xml]
15:28:04,659 |-WARN in ch.qos.logback.classic.LoggerContext[default] - Resource [logback.xml] occurs at [jar:file:/home/nikitasokolov/flamestream/flamestream-runtime-1.0-SNAPSHOT.jar!/logback.xml]
15:28:04,675 |-INFO in ch.qos.logback.core.joran.spi.ConfigurationWatchList@6108b2d7 - URL [jar:file:/home/nikitasokolov/flamestream/lib/flamestream-runtime-1.0-SNAPSHOT.jar!/logback.xml] is not of type file
15:28:04,724 |-INFO in ch.qos.logback.classic.joran.action.ConfigurationAction - debug attribute not set
15:28:04,725 |-INFO in ch.qos.logback.core.joran.action.AppenderAction - About to instantiate appender of type [ch.qos.logback.core.ConsoleAppender]
15:28:04,735 |-INFO in ch.qos.logback.core.joran.action.AppenderAction - Naming appender as [STDOUT]
15:28:04,743 |-INFO in ch.qos.logback.core.joran.action.NestedComplexPropertyIA - Assuming default type [ch.qos.logback.classic.encoder.PatternLayoutEncoder] for [encoder] property
15:28:04,794 |-INFO in ch.qos.logback.core.joran.action.AppenderAction - About to instantiate appender of type [ch.qos.logback.core.rolling.RollingFileAppender]
15:28:04,799 |-INFO in ch.qos.logback.core.joran.action.AppenderAction - Naming appender as [FILE]
15:28:04,820 |-INFO in c.q.l.core.rolling.TimeBasedRollingPolicy@357863579 - No compression will be used
15:28:04,821 |-INFO in c.q.l.core.rolling.TimeBasedRollingPolicy@357863579 - Will use the pattern /tmp/application_%d{yyyy-MM-dd}.%i.log for the active file
15:28:04,824 |-INFO in ch.qos.logback.core.rolling.SizeAndTimeBasedFNATP@6bf256fa - The date pattern is 'yyyy-MM-dd' from file name pattern '/tmp/application_%d{yyyy-MM-dd}.%i.log'.
15:28:04,824 |-INFO in ch.qos.logback.core.rolling.SizeAndTimeBasedFNATP@6bf256fa - Roll-over at midnight.
15:28:04,828 |-INFO in ch.qos.logback.core.rolling.SizeAndTimeBasedFNATP@6bf256fa - Setting initial period to Sun Jun 09 15:27:20 MSK 2019
15:28:04,828 |-WARN in ch.qos.logback.core.rolling.SizeAndTimeBasedFNATP@6bf256fa - SizeAndTimeBasedFNATP is deprecated. Use SizeAndTimeBasedRollingPolicy instead
15:28:04,828 |-WARN in ch.qos.logback.core.rolling.SizeAndTimeBasedFNATP@6bf256fa - For more information see http://logback.qos.ch/manual/appenders.html#SizeAndTimeBasedRollingPolicy
15:28:04,833 |-INFO in ch.qos.logback.core.joran.action.NestedComplexPropertyIA - Assuming default type [ch.qos.logback.classic.encoder.PatternLayoutEncoder] for [encoder] property
15:28:04,835 |-INFO in ch.qos.logback.core.rolling.RollingFileAppender[FILE] - Active log file name: /tmp/application.log
15:28:04,835 |-INFO in ch.qos.logback.core.rolling.RollingFileAppender[FILE] - File property is set to [/tmp/application.log]
15:28:04,836 |-INFO in ch.qos.logback.classic.joran.action.RootLoggerAction - Setting level of ROOT logger to WARN
15:28:04,836 |-INFO in ch.qos.logback.core.joran.action.AppenderRefAction - Attaching appender named [STDOUT] to Logger[ROOT]
15:28:04,836 |-INFO in ch.qos.logback.core.joran.action.AppenderRefAction - Attaching appender named [FILE] to Logger[ROOT]
15:28:04,837 |-INFO in ch.qos.logback.classic.joran.action.ConfigurationAction - End of configuration.
15:28:04,837 |-INFO in ch.qos.logback.classic.joran.JoranConfigurator@6cd8737 - Registering current configuration as safe fallback point

2019-06-09T15:28:05.823+0300: 1.381: [GC (Metadata GC Threshold) [PSYoungGen: 110722K->15839K(149504K)] 110722K->15919K(491008K), 0.0206706 secs] [Times: user=0.07 sys=0.05, real=0.02 secs] 
2019-06-09T15:28:05.844+0300: 1.402: [Full GC (Metadata GC Threshold) [PSYoungGen: 15839K->0K(149504K)] [ParOldGen: 80K->15078K(341504K)] 15919K->15078K(491008K), [Metaspace: 20800K->20800K(1067008K)], 0.0287505 secs] [Times: user=0.19 sys=0.02, real=0.03 secs] 
15:28:17.368 [Curator-PathChildrenCache-1] WARN  o.a.c.u.ZKPaths  - The version of ZooKeeper being used doesn't support Container nodes. CreateMode.PERSISTENT will be used instead.
2019-06-09T15:28:18.568+0300: 14.126: [GC (Metadata GC Threshold) [PSYoungGen: 128512K->20991K(149504K)] 143590K->50080K(491008K), 0.0274248 secs] [Times: user=0.31 sys=0.03, real=0.03 secs] 
2019-06-09T15:28:18.595+0300: 14.153: [Full GC (Metadata GC Threshold) [PSYoungGen: 20991K->0K(149504K)] [ParOldGen: 29088K->39028K(341504K)] 50080K->39028K(491008K), [Metaspace: 34568K->34568K(1079296K)], 0.0386177 secs] [Times: user=0.21 sys=0.00, real=0.04 secs] 
2019-06-09T15:28:21.127+0300: 16.685: [GC (Allocation Failure) [PSYoungGen: 128512K->512K(149504K)] 167540K->39548K(491008K), 0.0025814 secs] [Times: user=0.01 sys=0.00, real=0.00 secs] 
2019-06-09T15:28:23.338+0300: 18.956: [GC (Allocation Failure) [PSYoungGen: 129024K->448K(149504K)] 168060K->39492K(491008K), 0.0634538 secs] [Times: user=0.01 sys=0.00, real=0.06 secs] 
2019-06-09T15:28:25.412+0300: 20.970: [GC (Allocation Failure) [PSYoungGen: 128960K->512K(129536K)] 168004K->39564K(471040K), 0.0028814 secs] [Times: user=0.01 sys=0.00, real=0.00 secs] 
2019-06-09T15:28:27.641+0300: 23.199: [GC (Allocation Failure) [PSYoungGen: 129024K->384K(132608K)] 168076K->39436K(474112K), 0.0047480 secs] [Times: user=0.01 sys=0.01, real=0.00 secs] 
2019-06-09T15:28:28.896+0300: 24.454: [GC (Allocation Failure) [PSYoungGen: 93056K->352K(130560K)] 132108K->39404K(472064K), 0.0024024 secs] [Times: user=0.01 sys=0.00, real=0.01 secs] 
2019-06-09T15:28:30.584+0300: 26.142: [GC (Allocation Failure) [PSYoungGen: 93024K->480K(136704K)] 132076K->39532K(478208K), 0.0032180 secs] [Times: user=0.01 sys=0.00, real=0.00 secs] 
2019-06-09T15:28:32.410+0300: 27.968: [GC (Allocation Failure) [PSYoungGen: 101344K->416K(134656K)] 140396K->39468K(476160K), 0.0023242 secs] [Times: user=0.01 sys=0.00, real=0.00 secs] 
2019-06-09T15:28:34.227+0300: 29.785: [GC (Allocation Failure) [PSYoungGen: 101280K->448K(140288K)] 140332K->39500K(481792K), 0.0032425 secs] [Times: user=0.01 sys=0.01, real=0.01 secs] 
15:28:44.267 [Curator-PathChildrenCache-0] ERROR o.a.c.f.r.c.PathChildrenCache  - 
java.lang.IllegalStateException: instance must be started before calling this method
	at org.apache.curator.shaded.com.google.common.base.Preconditions.checkState(Preconditions.java:444)
	at org.apache.curator.framework.imps.CuratorFrameworkImpl.getChildren(CuratorFrameworkImpl.java:456)
	at org.apache.curator.framework.recipes.cache.PathChildrenCache.refresh(PathChildrenCache.java:521)
	at org.apache.curator.framework.recipes.cache.RefreshOperation.invoke(RefreshOperation.java:35)
	at org.apache.curator.framework.recipes.cache.PathChildrenCache$9.run(PathChildrenCache.java:786)
	at java.util.concurrent.Executors$RunnableAdapter.call(Executors.java:511)
	at java.util.concurrent.FutureTask.run(FutureTask.java:266)
	at java.util.concurrent.Executors$RunnableAdapter.call(Executors.java:511)
	at java.util.concurrent.FutureTask.run(FutureTask.java:266)
	at java.util.concurrent.ThreadPoolExecutor.runWorker(ThreadPoolExecutor.java:1149)
	at java.util.concurrent.ThreadPoolExecutor$Worker.run(ThreadPoolExecutor.java:624)
	at java.lang.Thread.run(Thread.java:748)
Heap
 PSYoungGen      total 140288K, used 21006K [0x00000000f5980000, 0x0000000100000000, 0x0000000100000000)
  eden space 108032K, 19% used [0x00000000f5980000,0x00000000f6d939d8,0x00000000fc300000)
  from space 32256K, 1% used [0x00000000fe080000,0x00000000fe0f0010,0x0000000100000000)
  to   space 30208K, 0% used [0x00000000fc300000,0x00000000fc300000,0x00000000fe080000)
 ParOldGen       total 341504K, used 39052K [0x00000000e0c00000, 0x00000000f5980000, 0x00000000f5980000)
  object space 341504K, 11% used [0x00000000e0c00000,0x00000000e3223028,0x00000000f5980000)
 Metaspace       used 35645K, capacity 36550K, committed 36952K, reserved 1081344K
  class space    used 4933K, capacity 5129K, committed 5248K, reserved 1048576K
