15:30:46,927 |-INFO in ch.qos.logback.classic.LoggerContext[default] - Could NOT find resource [logback-test.xml]
15:30:46,927 |-INFO in ch.qos.logback.classic.LoggerContext[default] - Could NOT find resource [logback.groovy]
15:30:46,927 |-INFO in ch.qos.logback.classic.LoggerContext[default] - Found resource [logback.xml] at [jar:file:/home/nikitasokolov/flamestream/lib/flamestream-runtime-1.0-SNAPSHOT.jar!/logback.xml]
15:30:46,928 |-WARN in ch.qos.logback.classic.LoggerContext[default] - Resource [logback.xml] occurs multiple times on the classpath.
15:30:46,928 |-WARN in ch.qos.logback.classic.LoggerContext[default] - Resource [logback.xml] occurs at [jar:file:/home/nikitasokolov/flamestream/lib/flamestream-runtime-1.0-SNAPSHOT.jar!/logback.xml]
15:30:46,928 |-WARN in ch.qos.logback.classic.LoggerContext[default] - Resource [logback.xml] occurs at [jar:file:/home/nikitasokolov/flamestream/flamestream-runtime-1.0-SNAPSHOT.jar!/logback.xml]
15:30:46,944 |-INFO in ch.qos.logback.core.joran.spi.ConfigurationWatchList@6108b2d7 - URL [jar:file:/home/nikitasokolov/flamestream/lib/flamestream-runtime-1.0-SNAPSHOT.jar!/logback.xml] is not of type file
15:30:46,993 |-INFO in ch.qos.logback.classic.joran.action.ConfigurationAction - debug attribute not set
15:30:46,993 |-INFO in ch.qos.logback.core.joran.action.AppenderAction - About to instantiate appender of type [ch.qos.logback.core.ConsoleAppender]
15:30:47,001 |-INFO in ch.qos.logback.core.joran.action.AppenderAction - Naming appender as [STDOUT]
15:30:47,009 |-INFO in ch.qos.logback.core.joran.action.NestedComplexPropertyIA - Assuming default type [ch.qos.logback.classic.encoder.PatternLayoutEncoder] for [encoder] property
15:30:47,069 |-INFO in ch.qos.logback.core.joran.action.AppenderAction - About to instantiate appender of type [ch.qos.logback.core.rolling.RollingFileAppender]
15:30:47,074 |-INFO in ch.qos.logback.core.joran.action.AppenderAction - Naming appender as [FILE]
15:30:47,097 |-INFO in c.q.l.core.rolling.TimeBasedRollingPolicy@357863579 - No compression will be used
15:30:47,098 |-INFO in c.q.l.core.rolling.TimeBasedRollingPolicy@357863579 - Will use the pattern /tmp/application_%d{yyyy-MM-dd}.%i.log for the active file
15:30:47,101 |-INFO in ch.qos.logback.core.rolling.SizeAndTimeBasedFNATP@6bf256fa - The date pattern is 'yyyy-MM-dd' from file name pattern '/tmp/application_%d{yyyy-MM-dd}.%i.log'.
15:30:47,101 |-INFO in ch.qos.logback.core.rolling.SizeAndTimeBasedFNATP@6bf256fa - Roll-over at midnight.
15:30:47,105 |-INFO in ch.qos.logback.core.rolling.SizeAndTimeBasedFNATP@6bf256fa - Setting initial period to Sun Jun 09 15:30:00 MSK 2019
15:30:47,106 |-WARN in ch.qos.logback.core.rolling.SizeAndTimeBasedFNATP@6bf256fa - SizeAndTimeBasedFNATP is deprecated. Use SizeAndTimeBasedRollingPolicy instead
15:30:47,106 |-WARN in ch.qos.logback.core.rolling.SizeAndTimeBasedFNATP@6bf256fa - For more information see http://logback.qos.ch/manual/appenders.html#SizeAndTimeBasedRollingPolicy
15:30:47,110 |-INFO in ch.qos.logback.core.joran.action.NestedComplexPropertyIA - Assuming default type [ch.qos.logback.classic.encoder.PatternLayoutEncoder] for [encoder] property
15:30:47,113 |-INFO in ch.qos.logback.core.rolling.RollingFileAppender[FILE] - Active log file name: /tmp/application.log
15:30:47,113 |-INFO in ch.qos.logback.core.rolling.RollingFileAppender[FILE] - File property is set to [/tmp/application.log]
15:30:47,115 |-INFO in ch.qos.logback.classic.joran.action.RootLoggerAction - Setting level of ROOT logger to WARN
15:30:47,115 |-INFO in ch.qos.logback.core.joran.action.AppenderRefAction - Attaching appender named [STDOUT] to Logger[ROOT]
15:30:47,116 |-INFO in ch.qos.logback.core.joran.action.AppenderRefAction - Attaching appender named [FILE] to Logger[ROOT]
15:30:47,116 |-INFO in ch.qos.logback.classic.joran.action.ConfigurationAction - End of configuration.
15:30:47,117 |-INFO in ch.qos.logback.classic.joran.JoranConfigurator@6cd8737 - Registering current configuration as safe fallback point

2019-06-09T15:30:48.113+0300: 1.374: [GC (Metadata GC Threshold) [PSYoungGen: 110722K->15865K(149504K)] 110722K->15945K(491008K), 0.0216988 secs] [Times: user=0.14 sys=0.01, real=0.02 secs] 
2019-06-09T15:30:48.135+0300: 1.396: [Full GC (Metadata GC Threshold) [PSYoungGen: 15865K->0K(149504K)] [ParOldGen: 80K->15078K(341504K)] 15945K->15078K(491008K), [Metaspace: 20806K->20806K(1067008K)], 0.0285412 secs] [Times: user=0.17 sys=0.02, real=0.03 secs] 
15:30:55.776 [Curator-PathChildrenCache-1] WARN  o.a.c.u.ZKPaths  - The version of ZooKeeper being used doesn't support Container nodes. CreateMode.PERSISTENT will be used instead.
2019-06-09T15:30:56.957+0300: 10.218: [GC (Metadata GC Threshold) [PSYoungGen: 125430K->15724K(149504K)] 140509K->50342K(491008K), 0.0363814 secs] [Times: user=0.34 sys=0.00, real=0.04 secs] 
2019-06-09T15:30:56.994+0300: 10.255: [Full GC (Metadata GC Threshold) [PSYoungGen: 15724K->0K(149504K)] [ParOldGen: 34617K->38844K(341504K)] 50342K->38844K(491008K), [Metaspace: 34565K->34565K(1079296K)], 0.0476292 secs] [Times: user=0.27 sys=0.02, real=0.05 secs] 
2019-06-09T15:30:58.995+0300: 12.256: [GC (Allocation Failure) [PSYoungGen: 128512K->480K(149504K)] 167356K->39332K(491008K), 0.0037611 secs] [Times: user=0.03 sys=0.00, real=0.01 secs] 
2019-06-09T15:31:00.966+0300: 14.227: [GC (Allocation Failure) [PSYoungGen: 128992K->512K(149504K)] 167844K->39364K(491008K), 0.0807841 secs] [Times: user=0.01 sys=0.00, real=0.08 secs] 
2019-06-09T15:31:02.818+0300: 16.079: [GC (Allocation Failure) [PSYoungGen: 129024K->480K(129024K)] 167876K->39340K(470528K), 0.0049066 secs] [Times: user=0.03 sys=0.01, real=0.00 secs] 
2019-06-09T15:31:04.434+0300: 17.695: [GC (Allocation Failure) [PSYoungGen: 128992K->544K(150016K)] 167852K->39412K(491520K), 0.0037812 secs] [Times: user=0.01 sys=0.00, real=0.01 secs] 
2019-06-09T15:31:06.287+0300: 19.548: [GC (Allocation Failure) [PSYoungGen: 129056K->640K(148992K)] 167924K->39508K(490496K), 0.0023416 secs] [Times: user=0.01 sys=0.01, real=0.01 secs] 
2019-06-09T15:31:08.063+0300: 21.324: [GC (Allocation Failure) [PSYoungGen: 129152K->704K(151552K)] 168020K->39572K(493056K), 0.0040030 secs] [Times: user=0.02 sys=0.00, real=0.00 secs] 
2019-06-09T15:31:10.304+0300: 23.565: [GC (Allocation Failure) [PSYoungGen: 132800K->704K(151040K)] 171668K->39580K(492544K), 0.0030675 secs] [Times: user=0.02 sys=0.00, real=0.00 secs] 
15:31:18.546 [Curator-PathChildrenCache-0] ERROR o.a.c.f.r.c.PathChildrenCache  - 
java.lang.IllegalStateException: instance must be started before calling this method
	at org.apache.curator.shaded.com.google.common.base.Preconditions.checkState(Preconditions.java:444)
	at org.apache.curator.framework.imps.CuratorFrameworkImpl.getChildren(CuratorFrameworkImpl.java:456)
	at org.apache.curator.framework.recipes.cache.PathChildrenCache.refresh(PathChildrenCache.java:521)
	at org.apache.curator.framework.recipes.cache.RefreshOperation.invoke(RefreshOperation.java:35)
	at org.apache.curator.framework.recipes.cache.PathChildrenCache$9.run(PathChildrenCache.java:786)
	at java.util.concurrent.Executors$RunnableAdapter.call(Executors.java:511)
	at java.util.concurrent.FutureTask.run(FutureTask.java:266)
	at java.util.concurrent.Executors$RunnableAdapter.call(Executors.java:511)
	at java.util.concurrent.FutureTask.run(FutureTask.java:266)
	at java.util.concurrent.ThreadPoolExecutor.runWorker(ThreadPoolExecutor.java:1149)
	at java.util.concurrent.ThreadPoolExecutor$Worker.run(ThreadPoolExecutor.java:624)
	at java.lang.Thread.run(Thread.java:748)
Heap
 PSYoungGen      total 151040K, used 28289K [0x00000000f5980000, 0x0000000100000000, 0x0000000100000000)
  eden space 132096K, 20% used [0x00000000f5980000,0x00000000f74704b8,0x00000000fda80000)
  from space 18944K, 3% used [0x00000000fda80000,0x00000000fdb30050,0x00000000fed00000)
  to   space 17920K, 0% used [0x00000000fee80000,0x00000000fee80000,0x0000000100000000)
 ParOldGen       total 341504K, used 38876K [0x00000000e0c00000, 0x00000000f5980000, 0x00000000f5980000)
  object space 341504K, 11% used [0x00000000e0c00000,0x00000000e31f7120,0x00000000f5980000)
 Metaspace       used 35637K, capacity 36486K, committed 36696K, reserved 1081344K
  class space    used 4935K, capacity 5129K, committed 5248K, reserved 1048576K
