19:11:48,714 |-INFO in ch.qos.logback.classic.LoggerContext[default] - Could NOT find resource [logback-test.xml]
19:11:48,714 |-INFO in ch.qos.logback.classic.LoggerContext[default] - Could NOT find resource [logback.groovy]
19:11:48,714 |-INFO in ch.qos.logback.classic.LoggerContext[default] - Found resource [logback.xml] at [jar:file:/root/flamestream/lib/flamestream-runtime-1.0-SNAPSHOT.jar!/logback.xml]
19:11:48,714 |-WARN in ch.qos.logback.classic.LoggerContext[default] - Resource [logback.xml] occurs multiple times on the classpath.
19:11:48,715 |-WARN in ch.qos.logback.classic.LoggerContext[default] - Resource [logback.xml] occurs at [jar:file:/root/flamestream/lib/flamestream-runtime-1.0-SNAPSHOT.jar!/logback.xml]
19:11:48,715 |-WARN in ch.qos.logback.classic.LoggerContext[default] - Resource [logback.xml] occurs at [jar:file:/root/flamestream/flamestream-runtime-1.0-SNAPSHOT.jar!/logback.xml]
19:11:48,737 |-INFO in ch.qos.logback.core.joran.spi.ConfigurationWatchList@3fb6a447 - URL [jar:file:/root/flamestream/lib/flamestream-runtime-1.0-SNAPSHOT.jar!/logback.xml] is not of type file
19:11:48,805 |-INFO in ch.qos.logback.classic.joran.action.ConfigurationAction - debug attribute not set
19:11:48,806 |-INFO in ch.qos.logback.core.joran.action.AppenderAction - About to instantiate appender of type [ch.qos.logback.core.ConsoleAppender]
19:11:48,822 |-INFO in ch.qos.logback.core.joran.action.AppenderAction - Naming appender as [STDOUT]
19:11:48,836 |-INFO in ch.qos.logback.core.joran.action.NestedComplexPropertyIA - Assuming default type [ch.qos.logback.classic.encoder.PatternLayoutEncoder] for [encoder] property
19:11:48,943 |-INFO in ch.qos.logback.core.joran.action.AppenderAction - About to instantiate appender of type [ch.qos.logback.core.rolling.RollingFileAppender]
19:11:48,947 |-INFO in ch.qos.logback.core.joran.action.AppenderAction - Naming appender as [FILE]
19:11:48,985 |-INFO in c.q.l.core.rolling.TimeBasedRollingPolicy@127618319 - No compression will be used
19:11:48,986 |-INFO in c.q.l.core.rolling.TimeBasedRollingPolicy@127618319 - Will use the pattern /tmp/application_%d{yyyy-MM-dd}.%i.log for the active file
19:11:48,989 |-INFO in ch.qos.logback.core.rolling.SizeAndTimeBasedFNATP@6b2fad11 - The date pattern is 'yyyy-MM-dd' from file name pattern '/tmp/application_%d{yyyy-MM-dd}.%i.log'.
19:11:48,989 |-INFO in ch.qos.logback.core.rolling.SizeAndTimeBasedFNATP@6b2fad11 - Roll-over at midnight.
19:11:48,994 |-INFO in ch.qos.logback.core.rolling.SizeAndTimeBasedFNATP@6b2fad11 - Setting initial period to Mon Jun 10 19:10:24 UTC 2019
19:11:48,994 |-WARN in ch.qos.logback.core.rolling.SizeAndTimeBasedFNATP@6b2fad11 - SizeAndTimeBasedFNATP is deprecated. Use SizeAndTimeBasedRollingPolicy instead
19:11:48,994 |-WARN in ch.qos.logback.core.rolling.SizeAndTimeBasedFNATP@6b2fad11 - For more information see http://logback.qos.ch/manual/appenders.html#SizeAndTimeBasedRollingPolicy
19:11:48,998 |-INFO in ch.qos.logback.core.joran.action.NestedComplexPropertyIA - Assuming default type [ch.qos.logback.classic.encoder.PatternLayoutEncoder] for [encoder] property
19:11:49,003 |-INFO in ch.qos.logback.core.rolling.RollingFileAppender[FILE] - Active log file name: /tmp/application.log
19:11:49,003 |-INFO in ch.qos.logback.core.rolling.RollingFileAppender[FILE] - File property is set to [/tmp/application.log]
19:11:49,004 |-INFO in ch.qos.logback.classic.joran.action.RootLoggerAction - Setting level of ROOT logger to WARN
19:11:49,004 |-INFO in ch.qos.logback.core.joran.action.AppenderRefAction - Attaching appender named [STDOUT] to Logger[ROOT]
19:11:49,006 |-INFO in ch.qos.logback.core.joran.action.AppenderRefAction - Attaching appender named [FILE] to Logger[ROOT]
19:11:49,006 |-INFO in ch.qos.logback.classic.joran.action.ConfigurationAction - End of configuration.
19:11:49,007 |-INFO in ch.qos.logback.classic.joran.JoranConfigurator@79698539 - Registering current configuration as safe fallback point

Ama winner
Ama winner
2019-06-10T19:11:50.677+0000: 2.146: [Full GC (Metadata GC Threshold) 2019-06-10T19:11:50.677+0000: 2.146: [Tenured: 0K->15176K(341376K), 0.0415199 secs] 114955K->15176K(494976K), [Metaspace: 20744K->20744K(1067008K)], 0.0415898 secs] [Times: user=0.03 sys=0.01, real=0.04 secs] 
19:12:10.202 [Curator-PathChildrenCache-1] WARN  o.a.c.u.ZKPaths  - The version of ZooKeeper being used doesn't support Container nodes. CreateMode.PERSISTENT will be used instead.
2019-06-10T19:12:12.523+0000: 23.992: [GC (Allocation Failure) 2019-06-10T19:12:12.523+0000: 23.992: [DefNew: 136576K->17023K(153600K), 0.0261708 secs] 151752K->53134K(494976K), 0.0262597 secs] [Times: user=0.02 sys=0.01, real=0.02 secs] 
2019-06-10T19:12:16.318+0000: 27.788: [Full GC (Metadata GC Threshold) 2019-06-10T19:12:16.318+0000: 27.788: [Tenured: 36110K->45093K(341376K), 0.0502508 secs] 117715K->45093K(494976K), [Metaspace: 34628K->34628K(1079296K)], 0.0503337 secs] [Times: user=0.05 sys=0.00, real=0.05 secs] 
2019-06-10T19:12:24.727+0000: 36.197: [GC (Allocation Failure) 2019-06-10T19:12:24.727+0000: 36.197: [DefNew: 136576K->94K(153600K), 0.0018534 secs] 181669K->45187K(494976K), 0.0019152 secs] [Times: user=0.00 sys=0.00, real=0.00 secs] 
2019-06-10T19:12:33.172+0000: 44.641: [GC (Allocation Failure) 2019-06-10T19:12:33.172+0000: 44.641: [DefNew: 136670K->88K(153600K), 0.0016936 secs] 181763K->45182K(494976K), 0.0017661 secs] [Times: user=0.00 sys=0.00, real=0.00 secs] 
2019-06-10T19:12:41.642+0000: 53.112: [GC (Allocation Failure) 2019-06-10T19:12:41.642+0000: 53.112: [DefNew: 136664K->88K(153600K), 0.0018204 secs] 181758K->45182K(494976K), 0.0018884 secs] [Times: user=0.00 sys=0.00, real=0.00 secs] 
2019-06-10T19:12:50.172+0000: 61.641: [GC (Allocation Failure) 2019-06-10T19:12:50.172+0000: 61.641: [DefNew: 136664K->89K(153600K), 0.0017504 secs] 181758K->45183K(494976K), 0.0018134 secs] [Times: user=0.00 sys=0.00, real=0.00 secs] 
2019-06-10T19:12:59.930+0000: 71.400: [GC (Allocation Failure) 2019-06-10T19:12:59.930+0000: 71.400: [DefNew: 136665K->424K(153600K), 0.0022079 secs] 181759K->45518K(494976K), 0.0022849 secs] [Times: user=0.01 sys=0.00, real=0.01 secs] 
19:13:19.905 [Curator-PathChildrenCache-0] ERROR o.a.c.f.r.c.PathChildrenCache  - 
java.lang.IllegalStateException: instance must be started before calling this method
	at org.apache.curator.shaded.com.google.common.base.Preconditions.checkState(Preconditions.java:444)
	at org.apache.curator.framework.imps.CuratorFrameworkImpl.getChildren(CuratorFrameworkImpl.java:456)
	at org.apache.curator.framework.recipes.cache.PathChildrenCache.refresh(PathChildrenCache.java:521)
	at org.apache.curator.framework.recipes.cache.RefreshOperation.invoke(RefreshOperation.java:35)
	at org.apache.curator.framework.recipes.cache.PathChildrenCache$9.run(PathChildrenCache.java:786)
	at java.util.concurrent.Executors$RunnableAdapter.call(Executors.java:511)
	at java.util.concurrent.FutureTask.run(FutureTask.java:266)
	at java.util.concurrent.Executors$RunnableAdapter.call(Executors.java:511)
	at java.util.concurrent.FutureTask.run(FutureTask.java:266)
	at java.util.concurrent.ThreadPoolExecutor.runWorker(ThreadPoolExecutor.java:1149)
	at java.util.concurrent.ThreadPoolExecutor$Worker.run(ThreadPoolExecutor.java:624)
	at java.lang.Thread.run(Thread.java:748)
Heap
 def new generation   total 153600K, used 136785K [0x00000000e0c00000, 0x00000000eb2a0000, 0x00000000eb2a0000)
  eden space 136576K,  99% used [0x00000000e0c00000, 0x00000000e912a278, 0x00000000e9160000)
  from space 17024K,   2% used [0x00000000e9160000, 0x00000000e91ca2d8, 0x00000000ea200000)
  to   space 17024K,   0% used [0x00000000ea200000, 0x00000000ea200000, 0x00000000eb2a0000)
 tenured generation   total 341376K, used 45093K [0x00000000eb2a0000, 0x0000000100000000, 0x0000000100000000)
   the space 341376K,  13% used [0x00000000eb2a0000, 0x00000000edea9680, 0x00000000edea9800, 0x0000000100000000)
 Metaspace       used 36217K, capacity 37134K, committed 37376K, reserved 1081344K
  class space    used 4874K, capacity 5087K, committed 5120K, reserved 1048576K
