13:25:52,405 |-INFO in ch.qos.logback.classic.LoggerContext[default] - Could NOT find resource [logback-test.xml]
13:25:52,405 |-INFO in ch.qos.logback.classic.LoggerContext[default] - Could NOT find resource [logback.groovy]
13:25:52,406 |-INFO in ch.qos.logback.classic.LoggerContext[default] - Found resource [logback.xml] at [jar:file:/root/flamestream/lib/flamestream-runtime-1.0-SNAPSHOT.jar!/logback.xml]
13:25:52,409 |-WARN in ch.qos.logback.classic.LoggerContext[default] - Resource [logback.xml] occurs multiple times on the classpath.
13:25:52,409 |-WARN in ch.qos.logback.classic.LoggerContext[default] - Resource [logback.xml] occurs at [jar:file:/root/flamestream/lib/flamestream-runtime-1.0-SNAPSHOT.jar!/logback.xml]
13:25:52,409 |-WARN in ch.qos.logback.classic.LoggerContext[default] - Resource [logback.xml] occurs at [jar:file:/root/flamestream/flamestream-runtime-1.0-SNAPSHOT.jar!/logback.xml]
13:25:52,428 |-INFO in ch.qos.logback.core.joran.spi.ConfigurationWatchList@3fb6a447 - URL [jar:file:/root/flamestream/lib/flamestream-runtime-1.0-SNAPSHOT.jar!/logback.xml] is not of type file
13:25:52,502 |-INFO in ch.qos.logback.classic.joran.action.ConfigurationAction - debug attribute not set
13:25:52,503 |-INFO in ch.qos.logback.core.joran.action.AppenderAction - About to instantiate appender of type [ch.qos.logback.core.ConsoleAppender]
13:25:52,519 |-INFO in ch.qos.logback.core.joran.action.AppenderAction - Naming appender as [STDOUT]
13:25:52,532 |-INFO in ch.qos.logback.core.joran.action.NestedComplexPropertyIA - Assuming default type [ch.qos.logback.classic.encoder.PatternLayoutEncoder] for [encoder] property
13:25:52,620 |-INFO in ch.qos.logback.core.joran.action.AppenderAction - About to instantiate appender of type [ch.qos.logback.core.rolling.RollingFileAppender]
13:25:52,625 |-INFO in ch.qos.logback.core.joran.action.AppenderAction - Naming appender as [FILE]
13:25:52,655 |-INFO in c.q.l.core.rolling.TimeBasedRollingPolicy@127618319 - No compression will be used
13:25:52,656 |-INFO in c.q.l.core.rolling.TimeBasedRollingPolicy@127618319 - Will use the pattern /tmp/application_%d{yyyy-MM-dd}.%i.log for the active file
13:25:52,659 |-INFO in ch.qos.logback.core.rolling.SizeAndTimeBasedFNATP@6b2fad11 - The date pattern is 'yyyy-MM-dd' from file name pattern '/tmp/application_%d{yyyy-MM-dd}.%i.log'.
13:25:52,659 |-INFO in ch.qos.logback.core.rolling.SizeAndTimeBasedFNATP@6b2fad11 - Roll-over at midnight.
13:25:52,664 |-INFO in ch.qos.logback.core.rolling.SizeAndTimeBasedFNATP@6b2fad11 - Setting initial period to Mon Jun 10 13:24:33 UTC 2019
13:25:52,664 |-WARN in ch.qos.logback.core.rolling.SizeAndTimeBasedFNATP@6b2fad11 - SizeAndTimeBasedFNATP is deprecated. Use SizeAndTimeBasedRollingPolicy instead
13:25:52,664 |-WARN in ch.qos.logback.core.rolling.SizeAndTimeBasedFNATP@6b2fad11 - For more information see http://logback.qos.ch/manual/appenders.html#SizeAndTimeBasedRollingPolicy
13:25:52,668 |-INFO in ch.qos.logback.core.joran.action.NestedComplexPropertyIA - Assuming default type [ch.qos.logback.classic.encoder.PatternLayoutEncoder] for [encoder] property
13:25:52,673 |-INFO in ch.qos.logback.core.rolling.RollingFileAppender[FILE] - Active log file name: /tmp/application.log
13:25:52,673 |-INFO in ch.qos.logback.core.rolling.RollingFileAppender[FILE] - File property is set to [/tmp/application.log]
13:25:52,674 |-INFO in ch.qos.logback.classic.joran.action.RootLoggerAction - Setting level of ROOT logger to WARN
13:25:52,674 |-INFO in ch.qos.logback.core.joran.action.AppenderRefAction - Attaching appender named [STDOUT] to Logger[ROOT]
13:25:52,676 |-INFO in ch.qos.logback.core.joran.action.AppenderRefAction - Attaching appender named [FILE] to Logger[ROOT]
13:25:52,676 |-INFO in ch.qos.logback.classic.joran.action.ConfigurationAction - End of configuration.
13:25:52,676 |-INFO in ch.qos.logback.classic.joran.JoranConfigurator@79698539 - Registering current configuration as safe fallback point

Ama winner
Ama winner
2019-06-10T13:25:53.970+0000: 1.747: [Full GC (Metadata GC Threshold) 2019-06-10T13:25:53.970+0000: 1.747: [Tenured: 0K->15206K(341376K), 0.0395191 secs] 114987K->15206K(494976K), [Metaspace: 20735K->20735K(1067008K)], 0.0395867 secs] [Times: user=0.03 sys=0.01, real=0.03 secs] 
13:26:10.584 [Curator-PathChildrenCache-1] WARN  o.a.c.u.ZKPaths  - The version of ZooKeeper being used doesn't support Container nodes. CreateMode.PERSISTENT will be used instead.
2019-06-10T13:26:12.808+0000: 20.585: [GC (Allocation Failure) 2019-06-10T13:26:12.808+0000: 20.585: [DefNew: 136576K->17023K(153600K), 0.0265737 secs] 151782K->52944K(494976K), 0.0266599 secs] [Times: user=0.02 sys=0.01, real=0.03 secs] 
2019-06-10T13:26:14.245+0000: 22.022: [Full GC (Metadata GC Threshold) 2019-06-10T13:26:14.245+0000: 22.022: [Tenured: 35920K->44858K(341376K), 0.0399340 secs] 79300K->44858K(494976K), [Metaspace: 34592K->34592K(1079296K)], 0.0400047 secs] [Times: user=0.04 sys=0.00, real=0.04 secs] 
2019-06-10T13:26:21.528+0000: 29.305: [GC (Allocation Failure) 2019-06-10T13:26:21.528+0000: 29.305: [DefNew: 136576K->99K(153600K), 0.0019085 secs] 181434K->44958K(494976K), 0.0019700 secs] [Times: user=0.00 sys=0.00, real=0.01 secs] 
2019-06-10T13:26:28.748+0000: 36.525: [GC (Allocation Failure) 2019-06-10T13:26:28.748+0000: 36.525: [DefNew: 136675K->135K(153600K), 0.0017629 secs] 181534K->44993K(494976K), 0.0018238 secs] [Times: user=0.00 sys=0.00, real=0.00 secs] 
2019-06-10T13:26:35.959+0000: 43.736: [GC (Allocation Failure) 2019-06-10T13:26:35.959+0000: 43.736: [DefNew: 136711K->166K(153600K), 0.0017743 secs] 181569K->45024K(494976K), 0.0018343 secs] [Times: user=0.00 sys=0.00, real=0.00 secs] 
2019-06-10T13:26:43.165+0000: 50.942: [GC (Allocation Failure) 2019-06-10T13:26:43.165+0000: 50.942: [DefNew: 136742K->197K(153600K), 0.0017366 secs] 181600K->45055K(494976K), 0.0017981 secs] [Times: user=0.00 sys=0.00, real=0.00 secs] 
2019-06-10T13:26:50.396+0000: 58.173: [GC (Allocation Failure) 2019-06-10T13:26:50.396+0000: 58.173: [DefNew: 136773K->201K(153600K), 0.0018501 secs] 181631K->45059K(494976K), 0.0019132 secs] [Times: user=0.00 sys=0.00, real=0.00 secs] 
13:27:02.283 [Curator-PathChildrenCache-0] ERROR o.a.c.f.r.c.PathChildrenCache  - 
java.lang.IllegalStateException: instance must be started before calling this method
	at org.apache.curator.shaded.com.google.common.base.Preconditions.checkState(Preconditions.java:444)
	at org.apache.curator.framework.imps.CuratorFrameworkImpl.getChildren(CuratorFrameworkImpl.java:456)
	at org.apache.curator.framework.recipes.cache.PathChildrenCache.refresh(PathChildrenCache.java:521)
	at org.apache.curator.framework.recipes.cache.RefreshOperation.invoke(RefreshOperation.java:35)
	at org.apache.curator.framework.recipes.cache.PathChildrenCache$9.run(PathChildrenCache.java:786)
	at java.util.concurrent.Executors$RunnableAdapter.call(Executors.java:511)
	at java.util.concurrent.FutureTask.run(FutureTask.java:266)
	at java.util.concurrent.Executors$RunnableAdapter.call(Executors.java:511)
	at java.util.concurrent.FutureTask.run(FutureTask.java:266)
	at java.util.concurrent.ThreadPoolExecutor.runWorker(ThreadPoolExecutor.java:1149)
	at java.util.concurrent.ThreadPoolExecutor$Worker.run(ThreadPoolExecutor.java:624)
	at java.lang.Thread.run(Thread.java:748)
Heap
 def new generation   total 153600K, used 103548K [0x00000000e0c00000, 0x00000000eb2a0000, 0x00000000eb2a0000)
  eden space 136576K,  75% used [0x00000000e0c00000, 0x00000000e70ecac8, 0x00000000e9160000)
  from space 17024K,   1% used [0x00000000e9160000, 0x00000000e9192778, 0x00000000ea200000)
  to   space 17024K,   0% used [0x00000000ea200000, 0x00000000ea200000, 0x00000000eb2a0000)
 tenured generation   total 341376K, used 44858K [0x00000000eb2a0000, 0x0000000100000000, 0x0000000100000000)
   the space 341376K,  13% used [0x00000000eb2a0000, 0x00000000ede6e810, 0x00000000ede6ea00, 0x0000000100000000)
 Metaspace       used 36126K, capacity 36986K, committed 37120K, reserved 1081344K
  class space    used 4861K, capacity 5073K, committed 5120K, reserved 1048576K
