18:06:25,473 |-INFO in ch.qos.logback.classic.LoggerContext[default] - Could NOT find resource [logback-test.xml]
18:06:25,473 |-INFO in ch.qos.logback.classic.LoggerContext[default] - Could NOT find resource [logback.groovy]
18:06:25,474 |-INFO in ch.qos.logback.classic.LoggerContext[default] - Found resource [logback.xml] at [jar:file:/root/flamestream/lib/flamestream-runtime-1.0-SNAPSHOT.jar!/logback.xml]
18:06:25,475 |-WARN in ch.qos.logback.classic.LoggerContext[default] - Resource [logback.xml] occurs multiple times on the classpath.
18:06:25,475 |-WARN in ch.qos.logback.classic.LoggerContext[default] - Resource [logback.xml] occurs at [jar:file:/root/flamestream/lib/flamestream-runtime-1.0-SNAPSHOT.jar!/logback.xml]
18:06:25,475 |-WARN in ch.qos.logback.classic.LoggerContext[default] - Resource [logback.xml] occurs at [jar:file:/root/flamestream/flamestream-runtime-1.0-SNAPSHOT.jar!/logback.xml]
18:06:25,496 |-INFO in ch.qos.logback.core.joran.spi.ConfigurationWatchList@3fb6a447 - URL [jar:file:/root/flamestream/lib/flamestream-runtime-1.0-SNAPSHOT.jar!/logback.xml] is not of type file
18:06:25,568 |-INFO in ch.qos.logback.classic.joran.action.ConfigurationAction - debug attribute not set
18:06:25,568 |-INFO in ch.qos.logback.core.joran.action.AppenderAction - About to instantiate appender of type [ch.qos.logback.core.ConsoleAppender]
18:06:25,585 |-INFO in ch.qos.logback.core.joran.action.AppenderAction - Naming appender as [STDOUT]
18:06:25,604 |-INFO in ch.qos.logback.core.joran.action.NestedComplexPropertyIA - Assuming default type [ch.qos.logback.classic.encoder.PatternLayoutEncoder] for [encoder] property
18:06:25,696 |-INFO in ch.qos.logback.core.joran.action.AppenderAction - About to instantiate appender of type [ch.qos.logback.core.rolling.RollingFileAppender]
18:06:25,702 |-INFO in ch.qos.logback.core.joran.action.AppenderAction - Naming appender as [FILE]
18:06:25,733 |-INFO in c.q.l.core.rolling.TimeBasedRollingPolicy@127618319 - No compression will be used
18:06:25,734 |-INFO in c.q.l.core.rolling.TimeBasedRollingPolicy@127618319 - Will use the pattern /tmp/application_%d{yyyy-MM-dd}.%i.log for the active file
18:06:25,737 |-INFO in ch.qos.logback.core.rolling.SizeAndTimeBasedFNATP@6b2fad11 - The date pattern is 'yyyy-MM-dd' from file name pattern '/tmp/application_%d{yyyy-MM-dd}.%i.log'.
18:06:25,737 |-INFO in ch.qos.logback.core.rolling.SizeAndTimeBasedFNATP@6b2fad11 - Roll-over at midnight.
18:06:25,742 |-INFO in ch.qos.logback.core.rolling.SizeAndTimeBasedFNATP@6b2fad11 - Setting initial period to Tue Jun 11 18:05:18 UTC 2019
18:06:25,742 |-WARN in ch.qos.logback.core.rolling.SizeAndTimeBasedFNATP@6b2fad11 - SizeAndTimeBasedFNATP is deprecated. Use SizeAndTimeBasedRollingPolicy instead
18:06:25,742 |-WARN in ch.qos.logback.core.rolling.SizeAndTimeBasedFNATP@6b2fad11 - For more information see http://logback.qos.ch/manual/appenders.html#SizeAndTimeBasedRollingPolicy
18:06:25,747 |-INFO in ch.qos.logback.core.joran.action.NestedComplexPropertyIA - Assuming default type [ch.qos.logback.classic.encoder.PatternLayoutEncoder] for [encoder] property
18:06:25,751 |-INFO in ch.qos.logback.core.rolling.RollingFileAppender[FILE] - Active log file name: /tmp/application.log
18:06:25,751 |-INFO in ch.qos.logback.core.rolling.RollingFileAppender[FILE] - File property is set to [/tmp/application.log]
18:06:25,752 |-INFO in ch.qos.logback.classic.joran.action.RootLoggerAction - Setting level of ROOT logger to WARN
18:06:25,752 |-INFO in ch.qos.logback.core.joran.action.AppenderRefAction - Attaching appender named [STDOUT] to Logger[ROOT]
18:06:25,754 |-INFO in ch.qos.logback.core.joran.action.AppenderRefAction - Attaching appender named [FILE] to Logger[ROOT]
18:06:25,754 |-INFO in ch.qos.logback.classic.joran.action.ConfigurationAction - End of configuration.
18:06:25,755 |-INFO in ch.qos.logback.classic.joran.JoranConfigurator@79698539 - Registering current configuration as safe fallback point

Ama winner
Ama winner
2019-06-11T18:06:27.274+0000: 1.991: [Full GC (Metadata GC Threshold) 2019-06-11T18:06:27.274+0000: 1.991: [Tenured: 0K->15143K(341376K), 0.0586375 secs] 115051K->15143K(494976K), [Metaspace: 20738K->20738K(1067008K)], 0.0587049 secs] [Times: user=0.04 sys=0.01, real=0.05 secs] 
18:06:38.393 [Curator-PathChildrenCache-3] WARN  o.a.c.u.ZKPaths  - The version of ZooKeeper being used doesn't support Container nodes. CreateMode.PERSISTENT will be used instead.
2019-06-11T18:06:40.028+0000: 14.745: [Full GC (Metadata GC Threshold) 2019-06-11T18:06:40.028+0000: 14.745: [Tenured: 15143K->49876K(341376K), 0.0635719 secs] 151157K->49876K(494976K), [Metaspace: 34396K->34396K(1079296K)], 0.0636604 secs] [Times: user=0.05 sys=0.01, real=0.06 secs] 
2019-06-11T18:06:47.181+0000: 21.899: [GC (Allocation Failure) 2019-06-11T18:06:47.182+0000: 21.899: [DefNew: 136576K->168K(153600K), 0.0040452 secs] 186452K->50045K(494976K), 0.0041085 secs] [Times: user=0.00 sys=0.00, real=0.01 secs] 
2019-06-11T18:06:55.957+0000: 30.675: [GC (Allocation Failure) 2019-06-11T18:06:55.957+0000: 30.675: [DefNew: 136744K->167K(153600K), 0.0016771 secs] 186621K->50043K(494976K), 0.0017371 secs] [Times: user=0.00 sys=0.00, real=0.00 secs] 
2019-06-11T18:07:04.820+0000: 39.537: [GC (Allocation Failure) 2019-06-11T18:07:04.820+0000: 39.537: [DefNew: 136743K->171K(153600K), 0.0018100 secs] 186619K->50047K(494976K), 0.0018776 secs] [Times: user=0.00 sys=0.00, real=0.00 secs] 
2019-06-11T18:07:13.592+0000: 48.309: [GC (Allocation Failure) 2019-06-11T18:07:13.592+0000: 48.309: [DefNew: 136747K->170K(153600K), 0.0016539 secs] 186623K->50047K(494976K), 0.0017242 secs] [Times: user=0.00 sys=0.00, real=0.00 secs] 
2019-06-11T18:07:22.465+0000: 57.182: [GC (Allocation Failure) 2019-06-11T18:07:22.465+0000: 57.182: [DefNew: 136746K->169K(153600K), 0.0016628 secs] 186623K->50045K(494976K), 0.0017234 secs] [Times: user=0.01 sys=0.00, real=0.01 secs] 
2019-06-11T18:07:32.292+0000: 67.009: [GC (Allocation Failure) 2019-06-11T18:07:32.292+0000: 67.009: [DefNew: 136745K->472K(153600K), 0.0020994 secs] 186621K->50349K(494976K), 0.0021649 secs] [Times: user=0.00 sys=0.00, real=0.01 secs] 
2019-06-11T18:07:43.928+0000: 78.646: [GC (Allocation Failure) 2019-06-11T18:07:43.928+0000: 78.646: [DefNew: 137048K->223K(153600K), 0.0018647 secs] 186925K->50100K(494976K), 0.0019261 secs] [Times: user=0.00 sys=0.00, real=0.00 secs] 
2019-06-11T18:07:55.622+0000: 90.340: [GC (Allocation Failure) 2019-06-11T18:07:55.622+0000: 90.340: [DefNew: 136799K->223K(153600K), 0.0019684 secs] 186676K->50100K(494976K), 0.0020305 secs] [Times: user=0.00 sys=0.00, real=0.00 secs] 
18:08:08.527 [Curator-PathChildrenCache-0] ERROR o.a.c.f.r.c.PathChildrenCache  - 
java.lang.IllegalStateException: instance must be started before calling this method
	at org.apache.curator.shaded.com.google.common.base.Preconditions.checkState(Preconditions.java:444)
	at org.apache.curator.framework.imps.CuratorFrameworkImpl.getChildren(CuratorFrameworkImpl.java:456)
	at org.apache.curator.framework.recipes.cache.PathChildrenCache.refresh(PathChildrenCache.java:521)
	at org.apache.curator.framework.recipes.cache.RefreshOperation.invoke(RefreshOperation.java:35)
	at org.apache.curator.framework.recipes.cache.PathChildrenCache$9.run(PathChildrenCache.java:786)
	at java.util.concurrent.Executors$RunnableAdapter.call(Executors.java:511)
	at java.util.concurrent.FutureTask.run(FutureTask.java:266)
	at java.util.concurrent.Executors$RunnableAdapter.call(Executors.java:511)
	at java.util.concurrent.FutureTask.run(FutureTask.java:266)
	at java.util.concurrent.ThreadPoolExecutor.runWorker(ThreadPoolExecutor.java:1149)
	at java.util.concurrent.ThreadPoolExecutor$Worker.run(ThreadPoolExecutor.java:624)
	at java.lang.Thread.run(Thread.java:748)
Heap
 def new generation   total 153600K, used 82081K [0x00000000e0c00000, 0x00000000eb2a0000, 0x00000000eb2a0000)
  eden space 136576K,  59% used [0x00000000e0c00000, 0x00000000e5bf0630, 0x00000000e9160000)
  from space 17024K,   1% used [0x00000000e9160000, 0x00000000e9197f98, 0x00000000ea200000)
  to   space 17024K,   0% used [0x00000000ea200000, 0x00000000ea200000, 0x00000000eb2a0000)
 tenured generation   total 341376K, used 49876K [0x00000000eb2a0000, 0x0000000100000000, 0x0000000100000000)
   the space 341376K,  14% used [0x00000000eb2a0000, 0x00000000ee355310, 0x00000000ee355400, 0x0000000100000000)
 Metaspace       used 35916K, capacity 36866K, committed 37120K, reserved 1081344K
  class space    used 4892K, capacity 5113K, committed 5120K, reserved 1048576K
