06:04:13,069 |-INFO in ch.qos.logback.classic.LoggerContext[default] - Could NOT find resource [logback-test.xml]
06:04:13,069 |-INFO in ch.qos.logback.classic.LoggerContext[default] - Could NOT find resource [logback.groovy]
06:04:13,069 |-INFO in ch.qos.logback.classic.LoggerContext[default] - Found resource [logback.xml] at [jar:file:/home/nikitasokolov/flamestream/lib/flamestream-runtime-1.0-SNAPSHOT.jar!/logback.xml]
06:04:13,070 |-WARN in ch.qos.logback.classic.LoggerContext[default] - Resource [logback.xml] occurs multiple times on the classpath.
06:04:13,070 |-WARN in ch.qos.logback.classic.LoggerContext[default] - Resource [logback.xml] occurs at [jar:file:/home/nikitasokolov/flamestream/lib/flamestream-runtime-1.0-SNAPSHOT.jar!/logback.xml]
06:04:13,070 |-WARN in ch.qos.logback.classic.LoggerContext[default] - Resource [logback.xml] occurs at [jar:file:/home/nikitasokolov/flamestream/flamestream-runtime-1.0-SNAPSHOT.jar!/logback.xml]
06:04:13,086 |-INFO in ch.qos.logback.core.joran.spi.ConfigurationWatchList@6108b2d7 - URL [jar:file:/home/nikitasokolov/flamestream/lib/flamestream-runtime-1.0-SNAPSHOT.jar!/logback.xml] is not of type file
06:04:13,136 |-INFO in ch.qos.logback.classic.joran.action.ConfigurationAction - debug attribute not set
06:04:13,137 |-INFO in ch.qos.logback.core.joran.action.AppenderAction - About to instantiate appender of type [ch.qos.logback.core.ConsoleAppender]
06:04:13,147 |-INFO in ch.qos.logback.core.joran.action.AppenderAction - Naming appender as [STDOUT]
06:04:13,155 |-INFO in ch.qos.logback.core.joran.action.NestedComplexPropertyIA - Assuming default type [ch.qos.logback.classic.encoder.PatternLayoutEncoder] for [encoder] property
06:04:13,212 |-INFO in ch.qos.logback.core.joran.action.AppenderAction - About to instantiate appender of type [ch.qos.logback.core.rolling.RollingFileAppender]
06:04:13,217 |-INFO in ch.qos.logback.core.joran.action.AppenderAction - Naming appender as [FILE]
06:04:13,239 |-INFO in c.q.l.core.rolling.TimeBasedRollingPolicy@357863579 - No compression will be used
06:04:13,240 |-INFO in c.q.l.core.rolling.TimeBasedRollingPolicy@357863579 - Will use the pattern /tmp/application_%d{yyyy-MM-dd}.%i.log for the active file
06:04:13,243 |-INFO in ch.qos.logback.core.rolling.SizeAndTimeBasedFNATP@6bf256fa - The date pattern is 'yyyy-MM-dd' from file name pattern '/tmp/application_%d{yyyy-MM-dd}.%i.log'.
06:04:13,243 |-INFO in ch.qos.logback.core.rolling.SizeAndTimeBasedFNATP@6bf256fa - Roll-over at midnight.
06:04:13,247 |-INFO in ch.qos.logback.core.rolling.SizeAndTimeBasedFNATP@6bf256fa - Setting initial period to Sun Jun 09 06:03:33 MSK 2019
06:04:13,247 |-WARN in ch.qos.logback.core.rolling.SizeAndTimeBasedFNATP@6bf256fa - SizeAndTimeBasedFNATP is deprecated. Use SizeAndTimeBasedRollingPolicy instead
06:04:13,247 |-WARN in ch.qos.logback.core.rolling.SizeAndTimeBasedFNATP@6bf256fa - For more information see http://logback.qos.ch/manual/appenders.html#SizeAndTimeBasedRollingPolicy
06:04:13,251 |-INFO in ch.qos.logback.core.joran.action.NestedComplexPropertyIA - Assuming default type [ch.qos.logback.classic.encoder.PatternLayoutEncoder] for [encoder] property
06:04:13,253 |-INFO in ch.qos.logback.core.rolling.RollingFileAppender[FILE] - Active log file name: /tmp/application.log
06:04:13,253 |-INFO in ch.qos.logback.core.rolling.RollingFileAppender[FILE] - File property is set to [/tmp/application.log]
06:04:13,254 |-INFO in ch.qos.logback.classic.joran.action.RootLoggerAction - Setting level of ROOT logger to WARN
06:04:13,255 |-INFO in ch.qos.logback.core.joran.action.AppenderRefAction - Attaching appender named [STDOUT] to Logger[ROOT]
06:04:13,255 |-INFO in ch.qos.logback.core.joran.action.AppenderRefAction - Attaching appender named [FILE] to Logger[ROOT]
06:04:13,255 |-INFO in ch.qos.logback.classic.joran.action.ConfigurationAction - End of configuration.
06:04:13,256 |-INFO in ch.qos.logback.classic.joran.JoranConfigurator@6cd8737 - Registering current configuration as safe fallback point

2019-06-09T06:04:14.239+0300: 1.371: [GC (Metadata GC Threshold) [PSYoungGen: 110722K->15844K(149504K)] 110722K->15924K(491008K), 0.0202434 secs] [Times: user=0.10 sys=0.02, real=0.02 secs] 
2019-06-09T06:04:14.260+0300: 1.391: [Full GC (Metadata GC Threshold) [PSYoungGen: 15844K->0K(149504K)] [ParOldGen: 80K->15078K(341504K)] 15924K->15078K(491008K), [Metaspace: 20802K->20802K(1067008K)], 0.0262730 secs] [Times: user=0.18 sys=0.00, real=0.02 secs] 
06:04:25.049 [Curator-PathChildrenCache-1] WARN  o.a.c.u.ZKPaths  - The version of ZooKeeper being used doesn't support Container nodes. CreateMode.PERSISTENT will be used instead.
2019-06-09T06:04:25.950+0300: 13.081: [GC (Metadata GC Threshold) [PSYoungGen: 128131K->15903K(149504K)] 143210K->50521K(491008K), 0.0267722 secs] [Times: user=0.21 sys=0.02, real=0.02 secs] 
2019-06-09T06:04:25.977+0300: 13.108: [Full GC (Metadata GC Threshold) [PSYoungGen: 15903K->0K(149504K)] [ParOldGen: 34617K->39051K(341504K)] 50521K->39051K(491008K), [Metaspace: 34542K->34542K(1079296K)], 0.0377395 secs] [Times: user=0.23 sys=0.00, real=0.04 secs] 
2019-06-09T06:04:28.315+0300: 15.446: [GC (Allocation Failure) [PSYoungGen: 128512K->608K(149504K)] 167563K->39667K(491008K), 0.0036192 secs] [Times: user=0.01 sys=0.01, real=0.01 secs] 
2019-06-09T06:04:30.911+0300: 18.042: [GC (Allocation Failure) [PSYoungGen: 129120K->640K(149504K)] 168179K->39707K(491008K), 0.0025689 secs] [Times: user=0.01 sys=0.00, real=0.00 secs] 
2019-06-09T06:04:33.033+0300: 20.165: [GC (Allocation Failure) [PSYoungGen: 129152K->800K(129536K)] 168219K->39875K(471040K), 0.0038020 secs] [Times: user=0.02 sys=0.02, real=0.00 secs] 
2019-06-09T06:04:34.915+0300: 22.046: [GC (Allocation Failure) [PSYoungGen: 129312K->640K(150016K)] 168387K->39715K(491520K), 0.0028991 secs] [Times: user=0.01 sys=0.00, real=0.01 secs] 
2019-06-09T06:04:36.676+0300: 23.808: [GC (Allocation Failure) [PSYoungGen: 129152K->832K(148992K)] 168227K->39907K(490496K), 0.0030786 secs] [Times: user=0.01 sys=0.00, real=0.01 secs] 
2019-06-09T06:04:37.983+0300: 25.115: [GC (Allocation Failure) [PSYoungGen: 129344K->768K(151552K)] 168419K->39843K(493056K), 0.0023451 secs] [Times: user=0.01 sys=0.00, real=0.00 secs] 
2019-06-09T06:04:39.890+0300: 27.022: [GC (Allocation Failure) [PSYoungGen: 132864K->672K(151040K)] 171939K->39755K(492544K), 0.0027973 secs] [Times: user=0.01 sys=0.00, real=0.00 secs] 
2019-06-09T06:04:41.207+0300: 28.338: [GC (Allocation Failure) [PSYoungGen: 132768K->832K(153088K)] 171851K->39923K(494592K), 0.0082628 secs] [Times: user=0.09 sys=0.00, real=0.01 secs] 
2019-06-09T06:04:43.101+0300: 30.233: [GC (Allocation Failure) [PSYoungGen: 136000K->768K(152576K)] 175091K->39859K(494080K), 0.0742869 secs] [Times: user=0.02 sys=0.01, real=0.07 secs] 
2019-06-09T06:04:44.731+0300: 31.863: [GC (Allocation Failure) [PSYoungGen: 135936K->800K(155136K)] 175027K->39891K(496640K), 0.0033040 secs] [Times: user=0.01 sys=0.00, real=0.00 secs] 
2019-06-09T06:04:46.831+0300: 33.963: [GC (Allocation Failure) [PSYoungGen: 139552K->864K(154112K)] 178643K->39963K(495616K), 0.0030317 secs] [Times: user=0.01 sys=0.00, real=0.00 secs] 
2019-06-09T06:04:48.546+0300: 35.678: [GC (Allocation Failure) [PSYoungGen: 139616K->832K(156672K)] 178715K->39931K(498176K), 0.0032014 secs] [Times: user=0.01 sys=0.00, real=0.00 secs] 
2019-06-09T06:04:50.321+0300: 37.453: [GC (Allocation Failure) [PSYoungGen: 142656K->832K(155648K)] 181755K->39931K(497152K), 0.0025408 secs] [Times: user=0.01 sys=0.00, real=0.00 secs] 
2019-06-09T06:04:52.771+0300: 39.902: [GC (Allocation Failure) [PSYoungGen: 142656K->960K(158208K)] 181755K->40059K(499712K), 0.0032873 secs] [Times: user=0.01 sys=0.00, real=0.00 secs] 
06:05:03.329 [Curator-PathChildrenCache-0] ERROR o.a.c.f.r.c.PathChildrenCache  - 
java.lang.IllegalStateException: instance must be started before calling this method
	at org.apache.curator.shaded.com.google.common.base.Preconditions.checkState(Preconditions.java:444)
	at org.apache.curator.framework.imps.CuratorFrameworkImpl.getChildren(CuratorFrameworkImpl.java:456)
	at org.apache.curator.framework.recipes.cache.PathChildrenCache.refresh(PathChildrenCache.java:521)
	at org.apache.curator.framework.recipes.cache.RefreshOperation.invoke(RefreshOperation.java:35)
	at org.apache.curator.framework.recipes.cache.PathChildrenCache$9.run(PathChildrenCache.java:786)
	at java.util.concurrent.Executors$RunnableAdapter.call(Executors.java:511)
	at java.util.concurrent.FutureTask.run(FutureTask.java:266)
	at java.util.concurrent.Executors$RunnableAdapter.call(Executors.java:511)
	at java.util.concurrent.FutureTask.run(FutureTask.java:266)
	at java.util.concurrent.ThreadPoolExecutor.runWorker(ThreadPoolExecutor.java:1149)
	at java.util.concurrent.ThreadPoolExecutor$Worker.run(ThreadPoolExecutor.java:624)
	at java.lang.Thread.run(Thread.java:748)
Heap
 PSYoungGen      total 158208K, used 90313K [0x00000000f5980000, 0x0000000100000000, 0x0000000100000000)
  eden space 144896K, 61% used [0x00000000f5980000,0x00000000fb0c26f0,0x00000000fe700000)
  from space 13312K, 7% used [0x00000000ff300000,0x00000000ff3f0060,0x0000000100000000)
  to   space 12288K, 0% used [0x00000000fe700000,0x00000000fe700000,0x00000000ff300000)
 ParOldGen       total 341504K, used 39099K [0x00000000e0c00000, 0x00000000f5980000, 0x00000000f5980000)
  object space 341504K, 11% used [0x00000000e0c00000,0x00000000e322ec38,0x00000000f5980000)
 Metaspace       used 35811K, capacity 36668K, committed 36992K, reserved 1081344K
  class space    used 4940K, capacity 5138K, committed 5248K, reserved 1048576K
