20:17:26,311 |-INFO in ch.qos.logback.classic.LoggerContext[default] - Could NOT find resource [logback-test.xml]
20:17:26,312 |-INFO in ch.qos.logback.classic.LoggerContext[default] - Could NOT find resource [logback.groovy]
20:17:26,312 |-INFO in ch.qos.logback.classic.LoggerContext[default] - Found resource [logback.xml] at [jar:file:/root/flamestream/lib/flamestream-runtime-1.0-SNAPSHOT.jar!/logback.xml]
20:17:26,313 |-WARN in ch.qos.logback.classic.LoggerContext[default] - Resource [logback.xml] occurs multiple times on the classpath.
20:17:26,313 |-WARN in ch.qos.logback.classic.LoggerContext[default] - Resource [logback.xml] occurs at [jar:file:/root/flamestream/lib/flamestream-runtime-1.0-SNAPSHOT.jar!/logback.xml]
20:17:26,313 |-WARN in ch.qos.logback.classic.LoggerContext[default] - Resource [logback.xml] occurs at [jar:file:/root/flamestream/flamestream-runtime-1.0-SNAPSHOT.jar!/logback.xml]
20:17:26,333 |-INFO in ch.qos.logback.core.joran.spi.ConfigurationWatchList@3fb6a447 - URL [jar:file:/root/flamestream/lib/flamestream-runtime-1.0-SNAPSHOT.jar!/logback.xml] is not of type file
20:17:26,406 |-INFO in ch.qos.logback.classic.joran.action.ConfigurationAction - debug attribute not set
20:17:26,407 |-INFO in ch.qos.logback.core.joran.action.AppenderAction - About to instantiate appender of type [ch.qos.logback.core.ConsoleAppender]
20:17:26,421 |-INFO in ch.qos.logback.core.joran.action.AppenderAction - Naming appender as [STDOUT]
20:17:26,439 |-INFO in ch.qos.logback.core.joran.action.NestedComplexPropertyIA - Assuming default type [ch.qos.logback.classic.encoder.PatternLayoutEncoder] for [encoder] property
20:17:26,522 |-INFO in ch.qos.logback.core.joran.action.AppenderAction - About to instantiate appender of type [ch.qos.logback.core.rolling.RollingFileAppender]
20:17:26,527 |-INFO in ch.qos.logback.core.joran.action.AppenderAction - Naming appender as [FILE]
20:17:26,559 |-INFO in c.q.l.core.rolling.TimeBasedRollingPolicy@127618319 - No compression will be used
20:17:26,560 |-INFO in c.q.l.core.rolling.TimeBasedRollingPolicy@127618319 - Will use the pattern /tmp/application_%d{yyyy-MM-dd}.%i.log for the active file
20:17:26,563 |-INFO in ch.qos.logback.core.rolling.SizeAndTimeBasedFNATP@6b2fad11 - The date pattern is 'yyyy-MM-dd' from file name pattern '/tmp/application_%d{yyyy-MM-dd}.%i.log'.
20:17:26,563 |-INFO in ch.qos.logback.core.rolling.SizeAndTimeBasedFNATP@6b2fad11 - Roll-over at midnight.
20:17:26,568 |-INFO in ch.qos.logback.core.rolling.SizeAndTimeBasedFNATP@6b2fad11 - Setting initial period to Mon Jun 10 20:15:57 UTC 2019
20:17:26,568 |-WARN in ch.qos.logback.core.rolling.SizeAndTimeBasedFNATP@6b2fad11 - SizeAndTimeBasedFNATP is deprecated. Use SizeAndTimeBasedRollingPolicy instead
20:17:26,568 |-WARN in ch.qos.logback.core.rolling.SizeAndTimeBasedFNATP@6b2fad11 - For more information see http://logback.qos.ch/manual/appenders.html#SizeAndTimeBasedRollingPolicy
20:17:26,572 |-INFO in ch.qos.logback.core.joran.action.NestedComplexPropertyIA - Assuming default type [ch.qos.logback.classic.encoder.PatternLayoutEncoder] for [encoder] property
20:17:26,577 |-INFO in ch.qos.logback.core.rolling.RollingFileAppender[FILE] - Active log file name: /tmp/application.log
20:17:26,577 |-INFO in ch.qos.logback.core.rolling.RollingFileAppender[FILE] - File property is set to [/tmp/application.log]
20:17:26,578 |-INFO in ch.qos.logback.classic.joran.action.RootLoggerAction - Setting level of ROOT logger to WARN
20:17:26,578 |-INFO in ch.qos.logback.core.joran.action.AppenderRefAction - Attaching appender named [STDOUT] to Logger[ROOT]
20:17:26,580 |-INFO in ch.qos.logback.core.joran.action.AppenderRefAction - Attaching appender named [FILE] to Logger[ROOT]
20:17:26,580 |-INFO in ch.qos.logback.classic.joran.action.ConfigurationAction - End of configuration.
20:17:26,581 |-INFO in ch.qos.logback.classic.joran.JoranConfigurator@79698539 - Registering current configuration as safe fallback point

Ama winner
Ama winner
2019-06-10T20:17:27.859+0000: 1.734: [Full GC (Metadata GC Threshold) 2019-06-10T20:17:27.859+0000: 1.734: [Tenured: 0K->15143K(341376K), 0.0382345 secs] 114924K->15143K(494976K), [Metaspace: 20728K->20728K(1067008K)], 0.0382978 secs] [Times: user=0.03 sys=0.00, real=0.04 secs] 
20:17:43.820 [Curator-PathChildrenCache-1] WARN  o.a.c.u.ZKPaths  - The version of ZooKeeper being used doesn't support Container nodes. CreateMode.PERSISTENT will be used instead.
2019-06-10T20:17:45.900+0000: 19.774: [GC (Allocation Failure) 2019-06-10T20:17:45.900+0000: 19.774: [DefNew: 135868K->16739K(153600K), 0.0251996 secs] 151012K->51414K(494976K), 0.0252709 secs] [Times: user=0.02 sys=0.00, real=0.03 secs] 
2019-06-10T20:17:47.046+0000: 20.920: [Full GC (Metadata GC Threshold) 2019-06-10T20:17:47.046+0000: 20.920: [Tenured: 34674K->43533K(341376K), 0.0423635 secs] 78890K->43533K(494976K), [Metaspace: 34552K->34552K(1079296K)], 0.0424457 secs] [Times: user=0.04 sys=0.00, real=0.04 secs] 
2019-06-10T20:17:53.874+0000: 27.748: [GC (Allocation Failure) 2019-06-10T20:17:53.874+0000: 27.748: [DefNew: 136576K->72K(153600K), 0.0019108 secs] 180109K->43605K(494976K), 0.0019869 secs] [Times: user=0.00 sys=0.00, real=0.00 secs] 
2019-06-10T20:18:00.687+0000: 34.562: [GC (Allocation Failure) 2019-06-10T20:18:00.687+0000: 34.562: [DefNew: 136648K->101K(153600K), 0.0018088 secs] 180181K->43634K(494976K), 0.0018763 secs] [Times: user=0.01 sys=0.00, real=0.00 secs] 
2019-06-10T20:18:07.552+0000: 41.426: [GC (Allocation Failure) 2019-06-10T20:18:07.552+0000: 41.426: [DefNew: 136677K->139K(153600K), 0.0017977 secs] 180210K->43672K(494976K), 0.0018619 secs] [Times: user=0.00 sys=0.00, real=0.00 secs] 
2019-06-10T20:18:14.473+0000: 48.347: [GC (Allocation Failure) 2019-06-10T20:18:14.473+0000: 48.347: [DefNew: 136715K->139K(153600K), 0.0018068 secs] 180248K->43672K(494976K), 0.0018738 secs] [Times: user=0.01 sys=0.00, real=0.00 secs] 
2019-06-10T20:18:21.348+0000: 55.223: [GC (Allocation Failure) 2019-06-10T20:18:21.348+0000: 55.223: [DefNew: 136715K->140K(153600K), 0.0018998 secs] 180248K->43673K(494976K), 0.0019615 secs] [Times: user=0.00 sys=0.00, real=0.01 secs] 
20:18:30.611 [Curator-PathChildrenCache-0] ERROR o.a.c.f.r.c.PathChildrenCache  - 
java.lang.IllegalStateException: instance must be started before calling this method
	at org.apache.curator.shaded.com.google.common.base.Preconditions.checkState(Preconditions.java:444)
	at org.apache.curator.framework.imps.CuratorFrameworkImpl.getChildren(CuratorFrameworkImpl.java:456)
	at org.apache.curator.framework.recipes.cache.PathChildrenCache.refresh(PathChildrenCache.java:521)
	at org.apache.curator.framework.recipes.cache.RefreshOperation.invoke(RefreshOperation.java:35)
	at org.apache.curator.framework.recipes.cache.PathChildrenCache$9.run(PathChildrenCache.java:786)
	at java.util.concurrent.Executors$RunnableAdapter.call(Executors.java:511)
	at java.util.concurrent.FutureTask.run(FutureTask.java:266)
	at java.util.concurrent.Executors$RunnableAdapter.call(Executors.java:511)
	at java.util.concurrent.FutureTask.run(FutureTask.java:266)
	at java.util.concurrent.ThreadPoolExecutor.runWorker(ThreadPoolExecutor.java:1149)
	at java.util.concurrent.ThreadPoolExecutor$Worker.run(ThreadPoolExecutor.java:624)
	at java.lang.Thread.run(Thread.java:748)
Heap
 def new generation   total 153600K, used 80318K [0x00000000e0c00000, 0x00000000eb2a0000, 0x00000000eb2a0000)
  eden space 136576K,  58% used [0x00000000e0c00000, 0x00000000e5a4c7e8, 0x00000000e9160000)
  from space 17024K,   0% used [0x00000000e9160000, 0x00000000e9183030, 0x00000000ea200000)
  to   space 17024K,   0% used [0x00000000ea200000, 0x00000000ea200000, 0x00000000eb2a0000)
 tenured generation   total 341376K, used 43533K [0x00000000eb2a0000, 0x0000000100000000, 0x0000000100000000)
   the space 341376K,  12% used [0x00000000eb2a0000, 0x00000000edd23420, 0x00000000edd23600, 0x0000000100000000)
 Metaspace       used 36139K, capacity 37058K, committed 37376K, reserved 1081344K
  class space    used 4875K, capacity 5085K, committed 5120K, reserved 1048576K
