19:32:36,624 |-INFO in ch.qos.logback.classic.LoggerContext[default] - Could NOT find resource [logback-test.xml]
19:32:36,624 |-INFO in ch.qos.logback.classic.LoggerContext[default] - Could NOT find resource [logback.groovy]
19:32:36,625 |-INFO in ch.qos.logback.classic.LoggerContext[default] - Found resource [logback.xml] at [jar:file:/root/flamestream/lib/flamestream-runtime-1.0-SNAPSHOT.jar!/logback.xml]
19:32:36,625 |-WARN in ch.qos.logback.classic.LoggerContext[default] - Resource [logback.xml] occurs multiple times on the classpath.
19:32:36,625 |-WARN in ch.qos.logback.classic.LoggerContext[default] - Resource [logback.xml] occurs at [jar:file:/root/flamestream/lib/flamestream-runtime-1.0-SNAPSHOT.jar!/logback.xml]
19:32:36,626 |-WARN in ch.qos.logback.classic.LoggerContext[default] - Resource [logback.xml] occurs at [jar:file:/root/flamestream/flamestream-runtime-1.0-SNAPSHOT.jar!/logback.xml]
19:32:36,645 |-INFO in ch.qos.logback.core.joran.spi.ConfigurationWatchList@3fb6a447 - URL [jar:file:/root/flamestream/lib/flamestream-runtime-1.0-SNAPSHOT.jar!/logback.xml] is not of type file
19:32:36,717 |-INFO in ch.qos.logback.classic.joran.action.ConfigurationAction - debug attribute not set
19:32:36,717 |-INFO in ch.qos.logback.core.joran.action.AppenderAction - About to instantiate appender of type [ch.qos.logback.core.ConsoleAppender]
19:32:36,732 |-INFO in ch.qos.logback.core.joran.action.AppenderAction - Naming appender as [STDOUT]
19:32:36,751 |-INFO in ch.qos.logback.core.joran.action.NestedComplexPropertyIA - Assuming default type [ch.qos.logback.classic.encoder.PatternLayoutEncoder] for [encoder] property
19:32:36,828 |-INFO in ch.qos.logback.core.joran.action.AppenderAction - About to instantiate appender of type [ch.qos.logback.core.rolling.RollingFileAppender]
19:32:36,837 |-INFO in ch.qos.logback.core.joran.action.AppenderAction - Naming appender as [FILE]
19:32:36,868 |-INFO in c.q.l.core.rolling.TimeBasedRollingPolicy@127618319 - No compression will be used
19:32:36,870 |-INFO in c.q.l.core.rolling.TimeBasedRollingPolicy@127618319 - Will use the pattern /tmp/application_%d{yyyy-MM-dd}.%i.log for the active file
19:32:36,873 |-INFO in ch.qos.logback.core.rolling.SizeAndTimeBasedFNATP@6b2fad11 - The date pattern is 'yyyy-MM-dd' from file name pattern '/tmp/application_%d{yyyy-MM-dd}.%i.log'.
19:32:36,873 |-INFO in ch.qos.logback.core.rolling.SizeAndTimeBasedFNATP@6b2fad11 - Roll-over at midnight.
19:32:36,878 |-INFO in ch.qos.logback.core.rolling.SizeAndTimeBasedFNATP@6b2fad11 - Setting initial period to Mon Jun 10 19:31:09 UTC 2019
19:32:36,878 |-WARN in ch.qos.logback.core.rolling.SizeAndTimeBasedFNATP@6b2fad11 - SizeAndTimeBasedFNATP is deprecated. Use SizeAndTimeBasedRollingPolicy instead
19:32:36,878 |-WARN in ch.qos.logback.core.rolling.SizeAndTimeBasedFNATP@6b2fad11 - For more information see http://logback.qos.ch/manual/appenders.html#SizeAndTimeBasedRollingPolicy
19:32:36,882 |-INFO in ch.qos.logback.core.joran.action.NestedComplexPropertyIA - Assuming default type [ch.qos.logback.classic.encoder.PatternLayoutEncoder] for [encoder] property
19:32:36,887 |-INFO in ch.qos.logback.core.rolling.RollingFileAppender[FILE] - Active log file name: /tmp/application.log
19:32:36,887 |-INFO in ch.qos.logback.core.rolling.RollingFileAppender[FILE] - File property is set to [/tmp/application.log]
19:32:36,888 |-INFO in ch.qos.logback.classic.joran.action.RootLoggerAction - Setting level of ROOT logger to WARN
19:32:36,888 |-INFO in ch.qos.logback.core.joran.action.AppenderRefAction - Attaching appender named [STDOUT] to Logger[ROOT]
19:32:36,890 |-INFO in ch.qos.logback.core.joran.action.AppenderRefAction - Attaching appender named [FILE] to Logger[ROOT]
19:32:36,890 |-INFO in ch.qos.logback.classic.joran.action.ConfigurationAction - End of configuration.
19:32:36,890 |-INFO in ch.qos.logback.classic.joran.JoranConfigurator@79698539 - Registering current configuration as safe fallback point

Ama winner
Ama winner
2019-06-10T19:32:38.206+0000: 1.767: [Full GC (Metadata GC Threshold) 2019-06-10T19:32:38.206+0000: 1.768: [Tenured: 0K->15176K(341376K), 0.0409219 secs] 114924K->15176K(494976K), [Metaspace: 20725K->20725K(1067008K)], 0.0409900 secs] [Times: user=0.04 sys=0.02, real=0.04 secs] 
19:32:52.302 [Curator-PathChildrenCache-1] WARN  o.a.c.u.ZKPaths  - The version of ZooKeeper being used doesn't support Container nodes. CreateMode.PERSISTENT will be used instead.
2019-06-10T19:32:54.569+0000: 18.131: [GC (Allocation Failure) 2019-06-10T19:32:54.569+0000: 18.131: [DefNew: 136576K->17023K(153600K), 0.0297281 secs] 151752K->52540K(494976K), 0.0298001 secs] [Times: user=0.02 sys=0.01, real=0.03 secs] 
2019-06-10T19:32:55.799+0000: 19.360: [Full GC (Metadata GC Threshold) 2019-06-10T19:32:55.799+0000: 19.360: [Tenured: 35517K->43959K(341376K), 0.0393684 secs] 81236K->43959K(494976K), [Metaspace: 34592K->34592K(1079296K)], 0.0394511 secs] [Times: user=0.04 sys=0.01, real=0.04 secs] 
2019-06-10T19:33:00.676+0000: 24.238: [GC (Allocation Failure) 2019-06-10T19:33:00.676+0000: 24.238: [DefNew: 136576K->68K(153600K), 0.0018536 secs] 180535K->44028K(494976K), 0.0019118 secs] [Times: user=0.00 sys=0.00, real=0.01 secs] 
2019-06-10T19:33:05.663+0000: 29.224: [GC (Allocation Failure) 2019-06-10T19:33:05.663+0000: 29.224: [DefNew: 136644K->75K(153600K), 0.0018246 secs] 180604K->44035K(494976K), 0.0018826 secs] [Times: user=0.00 sys=0.00, real=0.00 secs] 
2019-06-10T19:33:10.632+0000: 34.193: [GC (Allocation Failure) 2019-06-10T19:33:10.632+0000: 34.193: [DefNew: 136651K->72K(153600K), 0.0017860 secs] 180611K->44032K(494976K), 0.0018420 secs] [Times: user=0.00 sys=0.00, real=0.00 secs] 
2019-06-10T19:33:15.601+0000: 39.163: [GC (Allocation Failure) 2019-06-10T19:33:15.601+0000: 39.163: [DefNew: 136648K->78K(153600K), 0.0018365 secs] 180608K->44038K(494976K), 0.0018983 secs] [Times: user=0.00 sys=0.00, real=0.00 secs] 
2019-06-10T19:33:27.924+0000: 51.486: [GC (Allocation Failure) 2019-06-10T19:33:27.924+0000: 51.486: [DefNew: 136654K->74K(153600K), 0.0019905 secs] 180614K->44034K(494976K), 0.0020451 secs] [Times: user=0.00 sys=0.00, real=0.00 secs] 
19:33:30.558 [Curator-PathChildrenCache-0] ERROR o.a.c.f.r.c.PathChildrenCache  - 
java.lang.IllegalStateException: instance must be started before calling this method
	at org.apache.curator.shaded.com.google.common.base.Preconditions.checkState(Preconditions.java:444)
	at org.apache.curator.framework.imps.CuratorFrameworkImpl.getChildren(CuratorFrameworkImpl.java:456)
	at org.apache.curator.framework.recipes.cache.PathChildrenCache.refresh(PathChildrenCache.java:521)
	at org.apache.curator.framework.recipes.cache.RefreshOperation.invoke(RefreshOperation.java:35)
	at org.apache.curator.framework.recipes.cache.PathChildrenCache$9.run(PathChildrenCache.java:786)
	at java.util.concurrent.Executors$RunnableAdapter.call(Executors.java:511)
	at java.util.concurrent.FutureTask.run(FutureTask.java:266)
	at java.util.concurrent.Executors$RunnableAdapter.call(Executors.java:511)
	at java.util.concurrent.FutureTask.run(FutureTask.java:266)
	at java.util.concurrent.ThreadPoolExecutor.runWorker(ThreadPoolExecutor.java:1149)
	at java.util.concurrent.ThreadPoolExecutor$Worker.run(ThreadPoolExecutor.java:624)
	at java.lang.Thread.run(Thread.java:748)
Heap
 def new generation   total 153600K, used 35631K [0x00000000e0c00000, 0x00000000eb2a0000, 0x00000000eb2a0000)
  eden space 136576K,  26% used [0x00000000e0c00000, 0x00000000e2eb9108, 0x00000000e9160000)
  from space 17024K,   0% used [0x00000000e9160000, 0x00000000e9172bc0, 0x00000000ea200000)
  to   space 17024K,   0% used [0x00000000ea200000, 0x00000000ea200000, 0x00000000eb2a0000)
 tenured generation   total 341376K, used 43959K [0x00000000eb2a0000, 0x0000000100000000, 0x0000000100000000)
   the space 341376K,  12% used [0x00000000eb2a0000, 0x00000000edd8dfe8, 0x00000000edd8e000, 0x0000000100000000)
 Metaspace       used 35809K, capacity 36710K, committed 36864K, reserved 1081344K
  class space    used 4830K, capacity 5017K, committed 5120K, reserved 1048576K
