17:35:09,167 |-INFO in ch.qos.logback.classic.LoggerContext[default] - Could NOT find resource [logback-test.xml]
17:35:09,167 |-INFO in ch.qos.logback.classic.LoggerContext[default] - Could NOT find resource [logback.groovy]
17:35:09,167 |-INFO in ch.qos.logback.classic.LoggerContext[default] - Found resource [logback.xml] at [jar:file:/root/flamestream/lib/flamestream-runtime-1.0-SNAPSHOT.jar!/logback.xml]
17:35:09,172 |-WARN in ch.qos.logback.classic.LoggerContext[default] - Resource [logback.xml] occurs multiple times on the classpath.
17:35:09,172 |-WARN in ch.qos.logback.classic.LoggerContext[default] - Resource [logback.xml] occurs at [jar:file:/root/flamestream/lib/flamestream-runtime-1.0-SNAPSHOT.jar!/logback.xml]
17:35:09,172 |-WARN in ch.qos.logback.classic.LoggerContext[default] - Resource [logback.xml] occurs at [jar:file:/root/flamestream/flamestream-runtime-1.0-SNAPSHOT.jar!/logback.xml]
17:35:09,191 |-INFO in ch.qos.logback.core.joran.spi.ConfigurationWatchList@3fb6a447 - URL [jar:file:/root/flamestream/lib/flamestream-runtime-1.0-SNAPSHOT.jar!/logback.xml] is not of type file
17:35:09,257 |-INFO in ch.qos.logback.classic.joran.action.ConfigurationAction - debug attribute not set
17:35:09,258 |-INFO in ch.qos.logback.core.joran.action.AppenderAction - About to instantiate appender of type [ch.qos.logback.core.ConsoleAppender]
17:35:09,274 |-INFO in ch.qos.logback.core.joran.action.AppenderAction - Naming appender as [STDOUT]
17:35:09,294 |-INFO in ch.qos.logback.core.joran.action.NestedComplexPropertyIA - Assuming default type [ch.qos.logback.classic.encoder.PatternLayoutEncoder] for [encoder] property
17:35:09,383 |-INFO in ch.qos.logback.core.joran.action.AppenderAction - About to instantiate appender of type [ch.qos.logback.core.rolling.RollingFileAppender]
17:35:09,388 |-INFO in ch.qos.logback.core.joran.action.AppenderAction - Naming appender as [FILE]
17:35:09,418 |-INFO in c.q.l.core.rolling.TimeBasedRollingPolicy@127618319 - No compression will be used
17:35:09,419 |-INFO in c.q.l.core.rolling.TimeBasedRollingPolicy@127618319 - Will use the pattern /tmp/application_%d{yyyy-MM-dd}.%i.log for the active file
17:35:09,422 |-INFO in ch.qos.logback.core.rolling.SizeAndTimeBasedFNATP@6b2fad11 - The date pattern is 'yyyy-MM-dd' from file name pattern '/tmp/application_%d{yyyy-MM-dd}.%i.log'.
17:35:09,422 |-INFO in ch.qos.logback.core.rolling.SizeAndTimeBasedFNATP@6b2fad11 - Roll-over at midnight.
17:35:09,427 |-INFO in ch.qos.logback.core.rolling.SizeAndTimeBasedFNATP@6b2fad11 - Setting initial period to Mon Jun 10 17:33:40 UTC 2019
17:35:09,427 |-WARN in ch.qos.logback.core.rolling.SizeAndTimeBasedFNATP@6b2fad11 - SizeAndTimeBasedFNATP is deprecated. Use SizeAndTimeBasedRollingPolicy instead
17:35:09,427 |-WARN in ch.qos.logback.core.rolling.SizeAndTimeBasedFNATP@6b2fad11 - For more information see http://logback.qos.ch/manual/appenders.html#SizeAndTimeBasedRollingPolicy
17:35:09,431 |-INFO in ch.qos.logback.core.joran.action.NestedComplexPropertyIA - Assuming default type [ch.qos.logback.classic.encoder.PatternLayoutEncoder] for [encoder] property
17:35:09,436 |-INFO in ch.qos.logback.core.rolling.RollingFileAppender[FILE] - Active log file name: /tmp/application.log
17:35:09,436 |-INFO in ch.qos.logback.core.rolling.RollingFileAppender[FILE] - File property is set to [/tmp/application.log]
17:35:09,437 |-INFO in ch.qos.logback.classic.joran.action.RootLoggerAction - Setting level of ROOT logger to WARN
17:35:09,437 |-INFO in ch.qos.logback.core.joran.action.AppenderRefAction - Attaching appender named [STDOUT] to Logger[ROOT]
17:35:09,439 |-INFO in ch.qos.logback.core.joran.action.AppenderRefAction - Attaching appender named [FILE] to Logger[ROOT]
17:35:09,439 |-INFO in ch.qos.logback.classic.joran.action.ConfigurationAction - End of configuration.
17:35:09,439 |-INFO in ch.qos.logback.classic.joran.JoranConfigurator@79698539 - Registering current configuration as safe fallback point

Ama winner
Ama winner
2019-06-10T17:35:10.694+0000: 1.708: [Full GC (Metadata GC Threshold) 2019-06-10T17:35:10.694+0000: 1.708: [Tenured: 0K->15241K(341376K), 0.0394445 secs] 117750K->15241K(494976K), [Metaspace: 20740K->20740K(1067008K)], 0.0395115 secs] [Times: user=0.03 sys=0.01, real=0.04 secs] 
17:35:24.823 [Curator-PathChildrenCache-1] WARN  o.a.c.u.ZKPaths  - The version of ZooKeeper being used doesn't support Container nodes. CreateMode.PERSISTENT will be used instead.
2019-06-10T17:35:27.306+0000: 18.320: [GC (Allocation Failure) 2019-06-10T17:35:27.306+0000: 18.320: [DefNew: 136576K->17023K(153600K), 0.0257488 secs] 151817K->52604K(494976K), 0.0258377 secs] [Times: user=0.01 sys=0.02, real=0.03 secs] 
2019-06-10T17:35:31.909+0000: 22.923: [Full GC (Metadata GC Threshold) 2019-06-10T17:35:31.909+0000: 22.923: [Tenured: 35580K->44082K(341376K), 0.0541574 secs] 146844K->44082K(494976K), [Metaspace: 34597K->34597K(1079296K)], 0.0542361 secs] [Times: user=0.05 sys=0.00, real=0.06 secs] 
2019-06-10T17:35:38.938+0000: 29.952: [GC (Allocation Failure) 2019-06-10T17:35:38.938+0000: 29.952: [DefNew: 136576K->86K(153600K), 0.0017139 secs] 180658K->44168K(494976K), 0.0017716 secs] [Times: user=0.00 sys=0.00, real=0.01 secs] 
2019-06-10T17:35:45.893+0000: 36.907: [GC (Allocation Failure) 2019-06-10T17:35:45.893+0000: 36.907: [DefNew: 136662K->116K(153600K), 0.0017505 secs] 180744K->44199K(494976K), 0.0018261 secs] [Times: user=0.00 sys=0.00, real=0.00 secs] 
2019-06-10T17:35:52.936+0000: 43.950: [GC (Allocation Failure) 2019-06-10T17:35:52.936+0000: 43.950: [DefNew: 136692K->148K(153600K), 0.0016698 secs] 180775K->44231K(494976K), 0.0017409 secs] [Times: user=0.00 sys=0.00, real=0.00 secs] 
2019-06-10T17:35:59.975+0000: 50.989: [GC (Allocation Failure) 2019-06-10T17:35:59.975+0000: 50.989: [DefNew: 136724K->155K(153600K), 0.0017026 secs] 180807K->44238K(494976K), 0.0017638 secs] [Times: user=0.01 sys=0.00, real=0.00 secs] 
2019-06-10T17:36:07.076+0000: 58.090: [GC (Allocation Failure) 2019-06-10T17:36:07.076+0000: 58.090: [DefNew: 136731K->153K(153600K), 0.0017373 secs] 180814K->44235K(494976K), 0.0017985 secs] [Times: user=0.00 sys=0.00, real=0.00 secs] 
17:36:14.216 [Curator-PathChildrenCache-0] ERROR o.a.c.f.r.c.PathChildrenCache  - 
java.lang.IllegalStateException: instance must be started before calling this method
	at org.apache.curator.shaded.com.google.common.base.Preconditions.checkState(Preconditions.java:444)
	at org.apache.curator.framework.imps.CuratorFrameworkImpl.getChildren(CuratorFrameworkImpl.java:456)
	at org.apache.curator.framework.recipes.cache.PathChildrenCache.refresh(PathChildrenCache.java:521)
	at org.apache.curator.framework.recipes.cache.RefreshOperation.invoke(RefreshOperation.java:35)
	at org.apache.curator.framework.recipes.cache.PathChildrenCache$9.run(PathChildrenCache.java:786)
	at java.util.concurrent.Executors$RunnableAdapter.call(Executors.java:511)
	at java.util.concurrent.FutureTask.run(FutureTask.java:266)
	at java.util.concurrent.Executors$RunnableAdapter.call(Executors.java:511)
	at java.util.concurrent.FutureTask.run(FutureTask.java:266)
	at java.util.concurrent.ThreadPoolExecutor.runWorker(ThreadPoolExecutor.java:1149)
	at java.util.concurrent.ThreadPoolExecutor$Worker.run(ThreadPoolExecutor.java:624)
	at java.lang.Thread.run(Thread.java:748)
Heap
 def new generation   total 153600K, used 70425K [0x00000000e0c00000, 0x00000000eb2a0000, 0x00000000eb2a0000)
  eden space 136576K,  51% used [0x00000000e0c00000, 0x00000000e50a00d0, 0x00000000e9160000)
  from space 17024K,   0% used [0x00000000e9160000, 0x00000000e9186438, 0x00000000ea200000)
  to   space 17024K,   0% used [0x00000000ea200000, 0x00000000ea200000, 0x00000000eb2a0000)
 tenured generation   total 341376K, used 44082K [0x00000000eb2a0000, 0x0000000100000000, 0x0000000100000000)
   the space 341376K,  12% used [0x00000000eb2a0000, 0x00000000eddacac8, 0x00000000eddacc00, 0x0000000100000000)
 Metaspace       used 36143K, capacity 37056K, committed 37376K, reserved 1081344K
  class space    used 4859K, capacity 5074K, committed 5120K, reserved 1048576K
