19:05:58,051 |-INFO in ch.qos.logback.classic.LoggerContext[default] - Could NOT find resource [logback-test.xml]
19:05:58,051 |-INFO in ch.qos.logback.classic.LoggerContext[default] - Could NOT find resource [logback.groovy]
19:05:58,052 |-INFO in ch.qos.logback.classic.LoggerContext[default] - Found resource [logback.xml] at [jar:file:/root/flamestream/lib/flamestream-runtime-1.0-SNAPSHOT.jar!/logback.xml]
19:05:58,052 |-WARN in ch.qos.logback.classic.LoggerContext[default] - Resource [logback.xml] occurs multiple times on the classpath.
19:05:58,053 |-WARN in ch.qos.logback.classic.LoggerContext[default] - Resource [logback.xml] occurs at [jar:file:/root/flamestream/lib/flamestream-runtime-1.0-SNAPSHOT.jar!/logback.xml]
19:05:58,053 |-WARN in ch.qos.logback.classic.LoggerContext[default] - Resource [logback.xml] occurs at [jar:file:/root/flamestream/flamestream-runtime-1.0-SNAPSHOT.jar!/logback.xml]
19:05:58,072 |-INFO in ch.qos.logback.core.joran.spi.ConfigurationWatchList@3fb6a447 - URL [jar:file:/root/flamestream/lib/flamestream-runtime-1.0-SNAPSHOT.jar!/logback.xml] is not of type file
19:05:58,142 |-INFO in ch.qos.logback.classic.joran.action.ConfigurationAction - debug attribute not set
19:05:58,143 |-INFO in ch.qos.logback.core.joran.action.AppenderAction - About to instantiate appender of type [ch.qos.logback.core.ConsoleAppender]
19:05:58,163 |-INFO in ch.qos.logback.core.joran.action.AppenderAction - Naming appender as [STDOUT]
19:05:58,177 |-INFO in ch.qos.logback.core.joran.action.NestedComplexPropertyIA - Assuming default type [ch.qos.logback.classic.encoder.PatternLayoutEncoder] for [encoder] property
19:05:58,260 |-INFO in ch.qos.logback.core.joran.action.AppenderAction - About to instantiate appender of type [ch.qos.logback.core.rolling.RollingFileAppender]
19:05:58,265 |-INFO in ch.qos.logback.core.joran.action.AppenderAction - Naming appender as [FILE]
19:05:58,295 |-INFO in c.q.l.core.rolling.TimeBasedRollingPolicy@127618319 - No compression will be used
19:05:58,297 |-INFO in c.q.l.core.rolling.TimeBasedRollingPolicy@127618319 - Will use the pattern /tmp/application_%d{yyyy-MM-dd}.%i.log for the active file
19:05:58,299 |-INFO in ch.qos.logback.core.rolling.SizeAndTimeBasedFNATP@6b2fad11 - The date pattern is 'yyyy-MM-dd' from file name pattern '/tmp/application_%d{yyyy-MM-dd}.%i.log'.
19:05:58,299 |-INFO in ch.qos.logback.core.rolling.SizeAndTimeBasedFNATP@6b2fad11 - Roll-over at midnight.
19:05:58,305 |-INFO in ch.qos.logback.core.rolling.SizeAndTimeBasedFNATP@6b2fad11 - Setting initial period to Mon Jun 10 19:04:25 UTC 2019
19:05:58,305 |-WARN in ch.qos.logback.core.rolling.SizeAndTimeBasedFNATP@6b2fad11 - SizeAndTimeBasedFNATP is deprecated. Use SizeAndTimeBasedRollingPolicy instead
19:05:58,305 |-WARN in ch.qos.logback.core.rolling.SizeAndTimeBasedFNATP@6b2fad11 - For more information see http://logback.qos.ch/manual/appenders.html#SizeAndTimeBasedRollingPolicy
19:05:58,308 |-INFO in ch.qos.logback.core.joran.action.NestedComplexPropertyIA - Assuming default type [ch.qos.logback.classic.encoder.PatternLayoutEncoder] for [encoder] property
19:05:58,313 |-INFO in ch.qos.logback.core.rolling.RollingFileAppender[FILE] - Active log file name: /tmp/application.log
19:05:58,313 |-INFO in ch.qos.logback.core.rolling.RollingFileAppender[FILE] - File property is set to [/tmp/application.log]
19:05:58,314 |-INFO in ch.qos.logback.classic.joran.action.RootLoggerAction - Setting level of ROOT logger to WARN
19:05:58,314 |-INFO in ch.qos.logback.core.joran.action.AppenderRefAction - Attaching appender named [STDOUT] to Logger[ROOT]
19:05:58,316 |-INFO in ch.qos.logback.core.joran.action.AppenderRefAction - Attaching appender named [FILE] to Logger[ROOT]
19:05:58,316 |-INFO in ch.qos.logback.classic.joran.action.ConfigurationAction - End of configuration.
19:05:58,317 |-INFO in ch.qos.logback.classic.joran.JoranConfigurator@79698539 - Registering current configuration as safe fallback point

Ama winner
Ama winner
2019-06-10T19:05:59.604+0000: 1.738: [Full GC (Metadata GC Threshold) 2019-06-10T19:05:59.604+0000: 1.738: [Tenured: 0K->15178K(341376K), 0.0387681 secs] 117750K->15178K(494976K), [Metaspace: 20740K->20740K(1067008K)], 0.0388376 secs] [Times: user=0.03 sys=0.01, real=0.03 secs] 
19:06:19.597 [Curator-PathChildrenCache-1] WARN  o.a.c.u.ZKPaths  - The version of ZooKeeper being used doesn't support Container nodes. CreateMode.PERSISTENT will be used instead.
2019-06-10T19:06:22.169+0000: 24.303: [GC (Allocation Failure) 2019-06-10T19:06:22.169+0000: 24.303: [DefNew: 136576K->17023K(153600K), 0.0268800 secs] 151754K->52326K(494976K), 0.0269493 secs] [Times: user=0.02 sys=0.01, real=0.03 secs] 
2019-06-10T19:06:23.564+0000: 25.698: [Full GC (Metadata GC Threshold) 2019-06-10T19:06:23.564+0000: 25.698: [Tenured: 35302K->43742K(341376K), 0.0514513 secs] 83506K->43742K(494976K), [Metaspace: 34579K->34579K(1079296K)], 0.0515277 secs] [Times: user=0.05 sys=0.00, real=0.05 secs] 
2019-06-10T19:06:31.185+0000: 33.319: [GC (Allocation Failure) 2019-06-10T19:06:31.185+0000: 33.319: [DefNew: 136576K->65K(153600K), 0.0019475 secs] 180318K->43807K(494976K), 0.0020181 secs] [Times: user=0.00 sys=0.00, real=0.00 secs] 
2019-06-10T19:06:38.875+0000: 41.009: [GC (Allocation Failure) 2019-06-10T19:06:38.875+0000: 41.009: [DefNew: 136641K->71K(153600K), 0.0016893 secs] 180383K->43813K(494976K), 0.0017709 secs] [Times: user=0.00 sys=0.00, real=0.00 secs] 
2019-06-10T19:06:46.629+0000: 48.763: [GC (Allocation Failure) 2019-06-10T19:06:46.629+0000: 48.763: [DefNew: 136647K->70K(153600K), 0.0017231 secs] 180389K->43812K(494976K), 0.0017881 secs] [Times: user=0.00 sys=0.00, real=0.00 secs] 
2019-06-10T19:06:54.443+0000: 56.577: [GC (Allocation Failure) 2019-06-10T19:06:54.443+0000: 56.577: [DefNew: 136646K->68K(153600K), 0.0017627 secs] 180388K->43811K(494976K), 0.0018236 secs] [Times: user=0.00 sys=0.00, real=0.00 secs] 
2019-06-10T19:07:02.573+0000: 64.707: [GC (Allocation Failure) 2019-06-10T19:07:02.573+0000: 64.707: [DefNew: 136644K->403K(153600K), 0.0022090 secs] 180387K->44146K(494976K), 0.0022822 secs] [Times: user=0.00 sys=0.00, real=0.00 secs] 
19:07:21.299 [Curator-PathChildrenCache-0] ERROR o.a.c.f.r.c.PathChildrenCache  - 
java.lang.IllegalStateException: instance must be started before calling this method
	at org.apache.curator.shaded.com.google.common.base.Preconditions.checkState(Preconditions.java:444)
	at org.apache.curator.framework.imps.CuratorFrameworkImpl.getChildren(CuratorFrameworkImpl.java:456)
	at org.apache.curator.framework.recipes.cache.PathChildrenCache.refresh(PathChildrenCache.java:521)
	at org.apache.curator.framework.recipes.cache.RefreshOperation.invoke(RefreshOperation.java:35)
	at org.apache.curator.framework.recipes.cache.PathChildrenCache$9.run(PathChildrenCache.java:786)
	at java.util.concurrent.Executors$RunnableAdapter.call(Executors.java:511)
	at java.util.concurrent.FutureTask.run(FutureTask.java:266)
	at java.util.concurrent.Executors$RunnableAdapter.call(Executors.java:511)
	at java.util.concurrent.FutureTask.run(FutureTask.java:266)
	at java.util.concurrent.ThreadPoolExecutor.runWorker(ThreadPoolExecutor.java:1149)
	at java.util.concurrent.ThreadPoolExecutor$Worker.run(ThreadPoolExecutor.java:624)
	at java.lang.Thread.run(Thread.java:748)
Heap
 def new generation   total 153600K, used 123118K [0x00000000e0c00000, 0x00000000eb2a0000, 0x00000000eb2a0000)
  eden space 136576K,  89% used [0x00000000e0c00000, 0x00000000e83d6b68, 0x00000000e9160000)
  from space 17024K,   2% used [0x00000000e9160000, 0x00000000e91c4f10, 0x00000000ea200000)
  to   space 17024K,   0% used [0x00000000ea200000, 0x00000000ea200000, 0x00000000eb2a0000)
 tenured generation   total 341376K, used 43742K [0x00000000eb2a0000, 0x0000000100000000, 0x0000000100000000)
   the space 341376K,  12% used [0x00000000eb2a0000, 0x00000000edd57a30, 0x00000000edd57c00, 0x0000000100000000)
 Metaspace       used 36088K, capacity 36998K, committed 37120K, reserved 1081344K
  class space    used 4870K, capacity 5075K, committed 5120K, reserved 1048576K
