07:21:02,861 |-INFO in ch.qos.logback.classic.LoggerContext[default] - Could NOT find resource [logback-test.xml]
07:21:02,861 |-INFO in ch.qos.logback.classic.LoggerContext[default] - Could NOT find resource [logback.groovy]
07:21:02,862 |-INFO in ch.qos.logback.classic.LoggerContext[default] - Found resource [logback.xml] at [jar:file:/root/flamestream/lib/flamestream-runtime-1.0-SNAPSHOT.jar!/logback.xml]
07:21:02,862 |-WARN in ch.qos.logback.classic.LoggerContext[default] - Resource [logback.xml] occurs multiple times on the classpath.
07:21:02,862 |-WARN in ch.qos.logback.classic.LoggerContext[default] - Resource [logback.xml] occurs at [jar:file:/root/flamestream/lib/flamestream-runtime-1.0-SNAPSHOT.jar!/logback.xml]
07:21:02,863 |-WARN in ch.qos.logback.classic.LoggerContext[default] - Resource [logback.xml] occurs at [jar:file:/root/flamestream/flamestream-runtime-1.0-SNAPSHOT.jar!/logback.xml]
07:21:02,882 |-INFO in ch.qos.logback.core.joran.spi.ConfigurationWatchList@3fb6a447 - URL [jar:file:/root/flamestream/lib/flamestream-runtime-1.0-SNAPSHOT.jar!/logback.xml] is not of type file
07:21:02,949 |-INFO in ch.qos.logback.classic.joran.action.ConfigurationAction - debug attribute not set
07:21:02,950 |-INFO in ch.qos.logback.core.joran.action.AppenderAction - About to instantiate appender of type [ch.qos.logback.core.ConsoleAppender]
07:21:02,965 |-INFO in ch.qos.logback.core.joran.action.AppenderAction - Naming appender as [STDOUT]
07:21:02,985 |-INFO in ch.qos.logback.core.joran.action.NestedComplexPropertyIA - Assuming default type [ch.qos.logback.classic.encoder.PatternLayoutEncoder] for [encoder] property
07:21:03,066 |-INFO in ch.qos.logback.core.joran.action.AppenderAction - About to instantiate appender of type [ch.qos.logback.core.rolling.RollingFileAppender]
07:21:03,072 |-INFO in ch.qos.logback.core.joran.action.AppenderAction - Naming appender as [FILE]
07:21:03,101 |-INFO in c.q.l.core.rolling.TimeBasedRollingPolicy@127618319 - No compression will be used
07:21:03,103 |-INFO in c.q.l.core.rolling.TimeBasedRollingPolicy@127618319 - Will use the pattern /tmp/application_%d{yyyy-MM-dd}.%i.log for the active file
07:21:03,106 |-INFO in ch.qos.logback.core.rolling.SizeAndTimeBasedFNATP@6b2fad11 - The date pattern is 'yyyy-MM-dd' from file name pattern '/tmp/application_%d{yyyy-MM-dd}.%i.log'.
07:21:03,106 |-INFO in ch.qos.logback.core.rolling.SizeAndTimeBasedFNATP@6b2fad11 - Roll-over at midnight.
07:21:03,111 |-INFO in ch.qos.logback.core.rolling.SizeAndTimeBasedFNATP@6b2fad11 - Setting initial period to Tue Jun 11 07:19:17 UTC 2019
07:21:03,111 |-WARN in ch.qos.logback.core.rolling.SizeAndTimeBasedFNATP@6b2fad11 - SizeAndTimeBasedFNATP is deprecated. Use SizeAndTimeBasedRollingPolicy instead
07:21:03,111 |-WARN in ch.qos.logback.core.rolling.SizeAndTimeBasedFNATP@6b2fad11 - For more information see http://logback.qos.ch/manual/appenders.html#SizeAndTimeBasedRollingPolicy
07:21:03,115 |-INFO in ch.qos.logback.core.joran.action.NestedComplexPropertyIA - Assuming default type [ch.qos.logback.classic.encoder.PatternLayoutEncoder] for [encoder] property
07:21:03,120 |-INFO in ch.qos.logback.core.rolling.RollingFileAppender[FILE] - Active log file name: /tmp/application.log
07:21:03,120 |-INFO in ch.qos.logback.core.rolling.RollingFileAppender[FILE] - File property is set to [/tmp/application.log]
07:21:03,121 |-INFO in ch.qos.logback.classic.joran.action.RootLoggerAction - Setting level of ROOT logger to WARN
07:21:03,121 |-INFO in ch.qos.logback.core.joran.action.AppenderRefAction - Attaching appender named [STDOUT] to Logger[ROOT]
07:21:03,123 |-INFO in ch.qos.logback.core.joran.action.AppenderRefAction - Attaching appender named [FILE] to Logger[ROOT]
07:21:03,123 |-INFO in ch.qos.logback.classic.joran.action.ConfigurationAction - End of configuration.
07:21:03,124 |-INFO in ch.qos.logback.classic.joran.JoranConfigurator@79698539 - Registering current configuration as safe fallback point

Ama winner
Ama winner
2019-06-11T07:21:04.423+0000: 1.750: [Full GC (Metadata GC Threshold) 2019-06-11T07:21:04.423+0000: 1.750: [Tenured: 0K->15144K(341376K), 0.0405300 secs] 114923K->15144K(494976K), [Metaspace: 20736K->20736K(1067008K)], 0.0406074 secs] [Times: user=0.04 sys=0.01, real=0.04 secs] 
07:21:16.453 [Curator-PathChildrenCache-1] WARN  o.a.c.u.ZKPaths  - The version of ZooKeeper being used doesn't support Container nodes. CreateMode.PERSISTENT will be used instead.
2019-06-11T07:21:18.510+0000: 15.837: [GC (Allocation Failure) 2019-06-11T07:21:18.510+0000: 15.837: [DefNew: 136576K->17023K(153600K), 0.0253764 secs] 151720K->52551K(494976K), 0.0254558 secs] [Times: user=0.02 sys=0.00, real=0.03 secs] 
2019-06-11T07:21:23.904+0000: 21.231: [Full GC (Metadata GC Threshold) 2019-06-11T07:21:23.904+0000: 21.231: [Tenured: 35527K->44125K(341376K), 0.0578416 secs] 160593K->44125K(494976K), [Metaspace: 34598K->34598K(1079296K)], 0.0579425 secs] [Times: user=0.05 sys=0.01, real=0.05 secs] 
2019-06-11T07:21:30.946+0000: 28.273: [GC (Allocation Failure) 2019-06-11T07:21:30.946+0000: 28.273: [DefNew: 136576K->54K(153600K), 0.0018430 secs] 180701K->44180K(494976K), 0.0019112 secs] [Times: user=0.00 sys=0.00, real=0.00 secs] 
2019-06-11T07:21:37.934+0000: 35.261: [GC (Allocation Failure) 2019-06-11T07:21:37.934+0000: 35.261: [DefNew: 136630K->53K(153600K), 0.0017446 secs] 180756K->44179K(494976K), 0.0018015 secs] [Times: user=0.00 sys=0.00, real=0.00 secs] 
2019-06-11T07:21:44.990+0000: 42.317: [GC (Allocation Failure) 2019-06-11T07:21:44.990+0000: 42.317: [DefNew: 136629K->54K(153600K), 0.0016943 secs] 180755K->44180K(494976K), 0.0017585 secs] [Times: user=0.00 sys=0.00, real=0.01 secs] 
2019-06-11T07:21:52.062+0000: 49.389: [GC (Allocation Failure) 2019-06-11T07:21:52.062+0000: 49.389: [DefNew: 136630K->56K(153600K), 0.0016590 secs] 180756K->44181K(494976K), 0.0017221 secs] [Times: user=0.00 sys=0.00, real=0.01 secs] 
2019-06-11T07:21:59.134+0000: 56.461: [GC (Allocation Failure) 2019-06-11T07:21:59.134+0000: 56.461: [DefNew: 136632K->56K(153600K), 0.0017402 secs] 180757K->44182K(494976K), 0.0018048 secs] [Times: user=0.01 sys=0.00, real=0.00 secs] 
07:22:06.738 [Curator-PathChildrenCache-0] ERROR o.a.c.f.r.c.PathChildrenCache  - 
java.lang.IllegalStateException: instance must be started before calling this method
	at org.apache.curator.shaded.com.google.common.base.Preconditions.checkState(Preconditions.java:444)
	at org.apache.curator.framework.imps.CuratorFrameworkImpl.getChildren(CuratorFrameworkImpl.java:456)
	at org.apache.curator.framework.recipes.cache.PathChildrenCache.refresh(PathChildrenCache.java:521)
	at org.apache.curator.framework.recipes.cache.RefreshOperation.invoke(RefreshOperation.java:35)
	at org.apache.curator.framework.recipes.cache.PathChildrenCache$9.run(PathChildrenCache.java:786)
	at java.util.concurrent.Executors$RunnableAdapter.call(Executors.java:511)
	at java.util.concurrent.FutureTask.run(FutureTask.java:266)
	at java.util.concurrent.Executors$RunnableAdapter.call(Executors.java:511)
	at java.util.concurrent.FutureTask.run(FutureTask.java:266)
	at java.util.concurrent.ThreadPoolExecutor.runWorker(ThreadPoolExecutor.java:1149)
	at java.util.concurrent.ThreadPoolExecutor$Worker.run(ThreadPoolExecutor.java:624)
	at java.lang.Thread.run(Thread.java:748)
Heap
 def new generation   total 153600K, used 51409K [0x00000000e0c00000, 0x00000000eb2a0000, 0x00000000eb2a0000)
  eden space 136576K,  37% used [0x00000000e0c00000, 0x00000000e3e26588, 0x00000000e9160000)
  from space 17024K,   0% used [0x00000000e9160000, 0x00000000e916e258, 0x00000000ea200000)
  to   space 17024K,   0% used [0x00000000ea200000, 0x00000000ea200000, 0x00000000eb2a0000)
 tenured generation   total 341376K, used 44125K [0x00000000eb2a0000, 0x0000000100000000, 0x0000000100000000)
   the space 341376K,  12% used [0x00000000eb2a0000, 0x00000000eddb76a0, 0x00000000eddb7800, 0x0000000100000000)
 Metaspace       used 36081K, capacity 36992K, committed 37120K, reserved 1081344K
  class space    used 4858K, capacity 5074K, committed 5120K, reserved 1048576K
