04:29:20,548 |-INFO in ch.qos.logback.classic.LoggerContext[default] - Could NOT find resource [logback-test.xml]
04:29:20,548 |-INFO in ch.qos.logback.classic.LoggerContext[default] - Could NOT find resource [logback.groovy]
04:29:20,548 |-INFO in ch.qos.logback.classic.LoggerContext[default] - Found resource [logback.xml] at [jar:file:/home/nikitasokolov/flamestream/lib/flamestream-runtime-1.0-SNAPSHOT.jar!/logback.xml]
04:29:20,549 |-WARN in ch.qos.logback.classic.LoggerContext[default] - Resource [logback.xml] occurs multiple times on the classpath.
04:29:20,549 |-WARN in ch.qos.logback.classic.LoggerContext[default] - Resource [logback.xml] occurs at [jar:file:/home/nikitasokolov/flamestream/lib/flamestream-runtime-1.0-SNAPSHOT.jar!/logback.xml]
04:29:20,549 |-WARN in ch.qos.logback.classic.LoggerContext[default] - Resource [logback.xml] occurs at [jar:file:/home/nikitasokolov/flamestream/flamestream-runtime-1.0-SNAPSHOT.jar!/logback.xml]
04:29:20,565 |-INFO in ch.qos.logback.core.joran.spi.ConfigurationWatchList@6aaa5eb0 - URL [jar:file:/home/nikitasokolov/flamestream/lib/flamestream-runtime-1.0-SNAPSHOT.jar!/logback.xml] is not of type file
04:29:20,617 |-INFO in ch.qos.logback.classic.joran.action.ConfigurationAction - debug attribute not set
04:29:20,617 |-INFO in ch.qos.logback.core.joran.action.AppenderAction - About to instantiate appender of type [ch.qos.logback.core.ConsoleAppender]
04:29:20,625 |-INFO in ch.qos.logback.core.joran.action.AppenderAction - Naming appender as [STDOUT]
04:29:20,632 |-INFO in ch.qos.logback.core.joran.action.NestedComplexPropertyIA - Assuming default type [ch.qos.logback.classic.encoder.PatternLayoutEncoder] for [encoder] property
04:29:20,697 |-INFO in ch.qos.logback.core.joran.action.AppenderAction - About to instantiate appender of type [ch.qos.logback.core.rolling.RollingFileAppender]
04:29:20,702 |-INFO in ch.qos.logback.core.joran.action.AppenderAction - Naming appender as [FILE]
04:29:20,724 |-INFO in c.q.l.core.rolling.TimeBasedRollingPolicy@3447021 - No compression will be used
04:29:20,725 |-INFO in c.q.l.core.rolling.TimeBasedRollingPolicy@3447021 - Will use the pattern /tmp/application_%d{yyyy-MM-dd}.%i.log for the active file
04:29:20,728 |-INFO in ch.qos.logback.core.rolling.SizeAndTimeBasedFNATP@1a407d53 - The date pattern is 'yyyy-MM-dd' from file name pattern '/tmp/application_%d{yyyy-MM-dd}.%i.log'.
04:29:20,728 |-INFO in ch.qos.logback.core.rolling.SizeAndTimeBasedFNATP@1a407d53 - Roll-over at midnight.
04:29:20,732 |-INFO in ch.qos.logback.core.rolling.SizeAndTimeBasedFNATP@1a407d53 - Setting initial period to Thu Jun 06 22:00:24 MSK 2019
04:29:20,732 |-WARN in ch.qos.logback.core.rolling.SizeAndTimeBasedFNATP@1a407d53 - SizeAndTimeBasedFNATP is deprecated. Use SizeAndTimeBasedRollingPolicy instead
04:29:20,732 |-WARN in ch.qos.logback.core.rolling.SizeAndTimeBasedFNATP@1a407d53 - For more information see http://logback.qos.ch/manual/appenders.html#SizeAndTimeBasedRollingPolicy
04:29:20,736 |-INFO in ch.qos.logback.core.joran.action.NestedComplexPropertyIA - Assuming default type [ch.qos.logback.classic.encoder.PatternLayoutEncoder] for [encoder] property
04:29:20,738 |-INFO in ch.qos.logback.core.rolling.RollingFileAppender[FILE] - Active log file name: /tmp/application.log
04:29:20,738 |-INFO in ch.qos.logback.core.rolling.RollingFileAppender[FILE] - File property is set to [/tmp/application.log]
04:29:20,739 |-ERROR in ch.qos.logback.core.rolling.RollingFileAppender[FILE] - openFile(/tmp/application.log,true) call failed. java.io.FileNotFoundException: /tmp/application.log (Permission denied)
	at java.io.FileNotFoundException: /tmp/application.log (Permission denied)
	at 	at java.io.FileOutputStream.open0(Native Method)
	at 	at java.io.FileOutputStream.open(FileOutputStream.java:270)
	at 	at java.io.FileOutputStream.<init>(FileOutputStream.java:213)
	at 	at ch.qos.logback.core.recovery.ResilientFileOutputStream.<init>(ResilientFileOutputStream.java:26)
	at 	at ch.qos.logback.core.FileAppender.openFile(FileAppender.java:204)
	at 	at ch.qos.logback.core.FileAppender.start(FileAppender.java:127)
	at 	at ch.qos.logback.core.rolling.RollingFileAppender.start(RollingFileAppender.java:100)
	at 	at ch.qos.logback.core.joran.action.AppenderAction.end(AppenderAction.java:90)
	at 	at ch.qos.logback.core.joran.spi.Interpreter.callEndAction(Interpreter.java:309)
	at 	at ch.qos.logback.core.joran.spi.Interpreter.endElement(Interpreter.java:193)
	at 	at ch.qos.logback.core.joran.spi.Interpreter.endElement(Interpreter.java:179)
	at 	at ch.qos.logback.core.joran.spi.EventPlayer.play(EventPlayer.java:62)
	at 	at ch.qos.logback.core.joran.GenericConfigurator.doConfigure(GenericConfigurator.java:165)
	at 	at ch.qos.logback.core.joran.GenericConfigurator.doConfigure(GenericConfigurator.java:152)
	at 	at ch.qos.logback.core.joran.GenericConfigurator.doConfigure(GenericConfigurator.java:110)
	at 	at ch.qos.logback.core.joran.GenericConfigurator.doConfigure(GenericConfigurator.java:53)
	at 	at ch.qos.logback.classic.util.ContextInitializer.configureByResource(ContextInitializer.java:75)
	at 	at ch.qos.logback.classic.util.ContextInitializer.autoConfig(ContextInitializer.java:150)
	at 	at org.slf4j.impl.StaticLoggerBinder.init(StaticLoggerBinder.java:84)
	at 	at org.slf4j.impl.StaticLoggerBinder.<clinit>(StaticLoggerBinder.java:55)
	at 	at org.slf4j.LoggerFactory.bind(LoggerFactory.java:150)
	at 	at org.slf4j.LoggerFactory.performInitialization(LoggerFactory.java:124)
	at 	at org.slf4j.LoggerFactory.getILoggerFactory(LoggerFactory.java:412)
	at 	at org.slf4j.LoggerFactory.getLogger(LoggerFactory.java:357)
	at 	at org.slf4j.LoggerFactory.getLogger(LoggerFactory.java:383)
	at 	at com.spbsu.flamestream.runtime.WorkerApplication.<init>(WorkerApplication.java:26)
	at 	at com.spbsu.flamestream.runtime.WorkerApplication.main(WorkerApplication.java:68)
04:29:20,739 |-INFO in ch.qos.logback.classic.joran.action.RootLoggerAction - Setting level of ROOT logger to WARN
04:29:20,740 |-INFO in ch.qos.logback.core.joran.action.AppenderRefAction - Attaching appender named [STDOUT] to Logger[ROOT]
04:29:20,740 |-INFO in ch.qos.logback.core.joran.action.AppenderRefAction - Attaching appender named [FILE] to Logger[ROOT]
04:29:20,740 |-INFO in ch.qos.logback.classic.joran.action.ConfigurationAction - End of configuration.
04:29:20,741 |-INFO in ch.qos.logback.classic.joran.JoranConfigurator@21bcffb5 - Registering current configuration as safe fallback point

Ama winner
Ama winner
2019-06-09T04:29:21.730+0300: 1.377: [GC (Metadata GC Threshold) [PSYoungGen: 95239K->15944K(149504K)] 95239K->16024K(491008K), 0.0197693 secs] [Times: user=0.08 sys=0.04, real=0.02 secs] 
2019-06-09T04:29:21.750+0300: 1.397: [Full GC (Metadata GC Threshold) [PSYoungGen: 15944K->0K(149504K)] [ParOldGen: 80K->15103K(341504K)] 16024K->15103K(491008K), [Metaspace: 20804K->20804K(1067008K)], 0.0241116 secs] [Times: user=0.14 sys=0.01, real=0.03 secs] 
04:29:29.330 [Curator-PathChildrenCache-1] WARN  o.a.c.u.ZKPaths  - The version of ZooKeeper being used doesn't support Container nodes. CreateMode.PERSISTENT will be used instead.
2019-06-09T04:29:30.442+0300: 10.089: [GC (Allocation Failure) [PSYoungGen: 128512K->20987K(149504K)] 143615K->49996K(491008K), 0.0206040 secs] [Times: user=0.23 sys=0.02, real=0.02 secs] 
2019-06-09T04:29:30.473+0300: 10.120: [GC (Metadata GC Threshold) [PSYoungGen: 25303K->20971K(149504K)] 54312K->50100K(491008K), 0.0104716 secs] [Times: user=0.11 sys=0.01, real=0.00 secs] 
2019-06-09T04:29:30.483+0300: 10.130: [Full GC (Metadata GC Threshold) [PSYoungGen: 20971K->0K(149504K)] [ParOldGen: 29128K->38086K(341504K)] 50100K->38086K(491008K), [Metaspace: 34554K->34554K(1079296K)], 0.0330508 secs] [Times: user=0.14 sys=0.01, real=0.04 secs] 
2019-06-09T04:29:33.492+0300: 13.139: [GC (Allocation Failure) [PSYoungGen: 128512K->704K(149504K)] 166598K->38798K(491008K), 0.0035052 secs] [Times: user=0.00 sys=0.02, real=0.01 secs] 
2019-06-09T04:29:36.928+0300: 16.575: [GC (Allocation Failure) [PSYoungGen: 129216K->736K(129536K)] 167310K->38838K(471040K), 0.0040233 secs] [Times: user=0.02 sys=0.01, real=0.00 secs] 
2019-06-09T04:29:40.335+0300: 19.982: [GC (Allocation Failure) [PSYoungGen: 129248K->704K(130048K)] 167350K->38814K(471552K), 0.0028802 secs] [Times: user=0.01 sys=0.00, real=0.00 secs] 
2019-06-09T04:29:42.693+0300: 22.341: [GC (Allocation Failure) [PSYoungGen: 89792K->704K(129536K)] 127902K->38822K(471040K), 0.0708427 secs] [Times: user=0.03 sys=0.00, real=0.07 secs] 
2019-06-09T04:29:45.074+0300: 24.721: [GC (Allocation Failure) [PSYoungGen: 89792K->416K(132608K)] 127910K->38950K(474112K), 0.0027300 secs] [Times: user=0.01 sys=0.00, real=0.00 secs] 
2019-06-09T04:29:47.609+0300: 27.257: [GC (Allocation Failure) [PSYoungGen: 94112K->320K(131584K)] 132646K->38942K(473088K), 0.0023062 secs] [Times: user=0.01 sys=0.00, real=0.00 secs] 
2019-06-09T04:29:50.131+0300: 29.778: [GC (Allocation Failure) [PSYoungGen: 94016K->288K(135680K)] 132638K->38958K(477184K), 0.0023161 secs] [Times: user=0.01 sys=0.00, real=0.01 secs] 
2019-06-09T04:29:52.764+0300: 32.411: [GC (Allocation Failure) [PSYoungGen: 99616K->288K(134144K)] 138286K->39014K(475648K), 0.0031589 secs] [Times: user=0.02 sys=0.00, real=0.00 secs] 
2019-06-09T04:29:55.467+0300: 35.115: [GC (Allocation Failure) [PSYoungGen: 99616K->416K(138240K)] 138342K->39286K(479744K), 0.1188133 secs] [Times: user=0.00 sys=0.02, real=0.12 secs] 
2019-06-09T04:29:58.261+0300: 37.908: [GC (Allocation Failure) [PSYoungGen: 104864K->224K(136704K)] 143734K->39278K(478208K), 0.0018121 secs] [Times: user=0.00 sys=0.00, real=0.00 secs] 
2019-06-09T04:30:01.093+0300: 40.741: [GC (Allocation Failure) [PSYoungGen: 104672K->256K(141312K)] 143726K->39390K(482816K), 0.0026945 secs] [Times: user=0.01 sys=0.01, real=0.00 secs] 
2019-06-09T04:30:04.082+0300: 43.729: [GC (Allocation Failure) [PSYoungGen: 110848K->288K(139776K)] 149982K->39430K(481280K), 0.0026900 secs] [Times: user=0.01 sys=0.00, real=0.01 secs] 
2019-06-09T04:30:07.070+0300: 46.718: [GC (Allocation Failure) [PSYoungGen: 110880K->352K(144384K)] 150022K->39502K(485888K), 0.0029373 secs] [Times: user=0.01 sys=0.00, real=0.01 secs] 
2019-06-09T04:30:10.232+0300: 49.879: [GC (Allocation Failure) [PSYoungGen: 117088K->224K(142848K)] 156238K->39374K(484352K), 0.0034621 secs] [Times: user=0.01 sys=0.01, real=0.01 secs] 
2019-06-09T04:30:13.384+0300: 53.032: [GC (Allocation Failure) [PSYoungGen: 116960K->288K(147456K)] 156110K->39446K(488960K), 0.0028078 secs] [Times: user=0.01 sys=0.01, real=0.00 secs] 
2019-06-09T04:30:16.709+0300: 56.356: [GC (Allocation Failure) [PSYoungGen: 123168K->320K(145920K)] 162326K->39478K(487424K), 0.0024690 secs] [Times: user=0.01 sys=0.00, real=0.00 secs] 
2019-06-09T04:30:20.032+0300: 59.679: [GC (Allocation Failure) [PSYoungGen: 123200K->448K(150016K)] 162358K->39606K(491520K), 0.0027725 secs] [Times: user=0.01 sys=0.00, real=0.00 secs] 
2019-06-09T04:30:23.830+0300: 63.477: [GC (Allocation Failure) [PSYoungGen: 128960K->800K(148992K)] 168118K->39966K(490496K), 0.0021784 secs] [Times: user=0.01 sys=0.00, real=0.00 secs] 
04:30:34.334 [Curator-PathChildrenCache-0] ERROR o.a.c.f.r.c.PathChildrenCache  - 
java.lang.IllegalStateException: instance must be started before calling this method
	at org.apache.curator.shaded.com.google.common.base.Preconditions.checkState(Preconditions.java:444)
	at org.apache.curator.framework.imps.CuratorFrameworkImpl.getChildren(CuratorFrameworkImpl.java:456)
	at org.apache.curator.framework.recipes.cache.PathChildrenCache.refresh(PathChildrenCache.java:521)
	at org.apache.curator.framework.recipes.cache.RefreshOperation.invoke(RefreshOperation.java:35)
	at org.apache.curator.framework.recipes.cache.PathChildrenCache$9.run(PathChildrenCache.java:786)
	at java.util.concurrent.Executors$RunnableAdapter.call(Executors.java:511)
	at java.util.concurrent.FutureTask.run(FutureTask.java:266)
	at java.util.concurrent.Executors$RunnableAdapter.call(Executors.java:511)
	at java.util.concurrent.FutureTask.run(FutureTask.java:266)
	at java.util.concurrent.ThreadPoolExecutor.runWorker(ThreadPoolExecutor.java:1149)
	at java.util.concurrent.ThreadPoolExecutor$Worker.run(ThreadPoolExecutor.java:624)
	at java.lang.Thread.run(Thread.java:748)
04:30:35.422 [worker-akka.actor.default-dispatcher-12] ERROR c.s.f.r.WorkerApplication  - Something went wrong during trace flush
java.nio.file.AccessDeniedException: /tmp/trace.csv
	at sun.nio.fs.UnixException.translateToIOException(UnixException.java:84)
	at sun.nio.fs.UnixException.rethrowAsIOException(UnixException.java:102)
	at sun.nio.fs.UnixException.rethrowAsIOException(UnixException.java:107)
	at sun.nio.fs.UnixFileSystemProvider.newByteChannel(UnixFileSystemProvider.java:214)
	at java.nio.file.spi.FileSystemProvider.newOutputStream(FileSystemProvider.java:434)
	at java.nio.file.Files.newOutputStream(Files.java:216)
	at java.nio.file.Files.newBufferedWriter(Files.java:2860)
	at java.nio.file.Files.newBufferedWriter(Files.java:2896)
	at com.spbsu.flamestream.runtime.utils.tracing.Tracing.flush(Tracing.java:35)
	at com.spbsu.flamestream.runtime.WorkerApplication.lambda$run$0(WorkerApplication.java:109)
	at akka.actor.ActorSystemImpl$TerminationCallbacks$$anonfun$addRec$1$1.applyOrElse(ActorSystem.scala:1036)
	at akka.actor.ActorSystemImpl$TerminationCallbacks$$anonfun$addRec$1$1.applyOrElse(ActorSystem.scala:1036)
	at scala.concurrent.Future$$anonfun$andThen$1.apply(Future.scala:436)
	at scala.concurrent.Future$$anonfun$andThen$1.apply(Future.scala:435)
	at scala.concurrent.impl.CallbackRunnable.run(Promise.scala:36)
	at akka.dispatch.BatchingExecutor$AbstractBatch.processBatch(BatchingExecutor.scala:55)
	at akka.dispatch.BatchingExecutor$BlockableBatch$$anonfun$run$1.apply$mcV$sp(BatchingExecutor.scala:91)
	at akka.dispatch.BatchingExecutor$BlockableBatch$$anonfun$run$1.apply(BatchingExecutor.scala:91)
	at akka.dispatch.BatchingExecutor$BlockableBatch$$anonfun$run$1.apply(BatchingExecutor.scala:91)
	at scala.concurrent.BlockContext$.withBlockContext(BlockContext.scala:72)
	at akka.dispatch.BatchingExecutor$BlockableBatch.run(BatchingExecutor.scala:90)
	at akka.dispatch.TaskInvocation.run(AbstractDispatcher.scala:40)
	at akka.dispatch.ForkJoinExecutorConfigurator$AkkaForkJoinTask.exec(ForkJoinExecutorConfigurator.scala:44)
	at akka.dispatch.forkjoin.ForkJoinTask.doExec(ForkJoinTask.java:260)
	at akka.dispatch.forkjoin.ForkJoinPool$WorkQueue.runTask(ForkJoinPool.java:1339)
	at akka.dispatch.forkjoin.ForkJoinPool.runWorker(ForkJoinPool.java:1979)
	at akka.dispatch.forkjoin.ForkJoinWorkerThread.run(ForkJoinWorkerThread.java:107)
Heap
 PSYoungGen      total 148992K, used 92737K [0x00000000f5980000, 0x0000000100000000, 0x0000000100000000)
  eden space 128512K, 71% used [0x00000000f5980000,0x00000000fb348558,0x00000000fd700000)
  from space 20480K, 3% used [0x00000000fd700000,0x00000000fd7c8050,0x00000000feb00000)
  to   space 18944K, 0% used [0x00000000fed80000,0x00000000fed80000,0x0000000100000000)
 ParOldGen       total 341504K, used 39166K [0x00000000e0c00000, 0x00000000f5980000, 0x00000000f5980000)
  object space 341504K, 11% used [0x00000000e0c00000,0x00000000e323fae0,0x00000000f5980000)
 Metaspace       used 36185K, capacity 37032K, committed 37208K, reserved 1081344K
  class space    used 4971K, capacity 5160K, committed 5248K, reserved 1048576K
