17:05:48,475 |-INFO in ch.qos.logback.classic.LoggerContext[default] - Could NOT find resource [logback-test.xml]
17:05:48,475 |-INFO in ch.qos.logback.classic.LoggerContext[default] - Could NOT find resource [logback.groovy]
17:05:48,475 |-INFO in ch.qos.logback.classic.LoggerContext[default] - Found resource [logback.xml] at [jar:file:/root/flamestream/lib/flamestream-runtime-1.0-SNAPSHOT.jar!/logback.xml]
17:05:48,476 |-WARN in ch.qos.logback.classic.LoggerContext[default] - Resource [logback.xml] occurs multiple times on the classpath.
17:05:48,479 |-WARN in ch.qos.logback.classic.LoggerContext[default] - Resource [logback.xml] occurs at [jar:file:/root/flamestream/lib/flamestream-runtime-1.0-SNAPSHOT.jar!/logback.xml]
17:05:48,479 |-WARN in ch.qos.logback.classic.LoggerContext[default] - Resource [logback.xml] occurs at [jar:file:/root/flamestream/flamestream-runtime-1.0-SNAPSHOT.jar!/logback.xml]
17:05:48,501 |-INFO in ch.qos.logback.core.joran.spi.ConfigurationWatchList@3fb6a447 - URL [jar:file:/root/flamestream/lib/flamestream-runtime-1.0-SNAPSHOT.jar!/logback.xml] is not of type file
17:05:48,573 |-INFO in ch.qos.logback.classic.joran.action.ConfigurationAction - debug attribute not set
17:05:48,573 |-INFO in ch.qos.logback.core.joran.action.AppenderAction - About to instantiate appender of type [ch.qos.logback.core.ConsoleAppender]
17:05:48,590 |-INFO in ch.qos.logback.core.joran.action.AppenderAction - Naming appender as [STDOUT]
17:05:48,612 |-INFO in ch.qos.logback.core.joran.action.NestedComplexPropertyIA - Assuming default type [ch.qos.logback.classic.encoder.PatternLayoutEncoder] for [encoder] property
17:05:48,698 |-INFO in ch.qos.logback.core.joran.action.AppenderAction - About to instantiate appender of type [ch.qos.logback.core.rolling.RollingFileAppender]
17:05:48,709 |-INFO in ch.qos.logback.core.joran.action.AppenderAction - Naming appender as [FILE]
17:05:48,739 |-INFO in c.q.l.core.rolling.TimeBasedRollingPolicy@127618319 - No compression will be used
17:05:48,740 |-INFO in c.q.l.core.rolling.TimeBasedRollingPolicy@127618319 - Will use the pattern /tmp/application_%d{yyyy-MM-dd}.%i.log for the active file
17:05:48,743 |-INFO in ch.qos.logback.core.rolling.SizeAndTimeBasedFNATP@6b2fad11 - The date pattern is 'yyyy-MM-dd' from file name pattern '/tmp/application_%d{yyyy-MM-dd}.%i.log'.
17:05:48,743 |-INFO in ch.qos.logback.core.rolling.SizeAndTimeBasedFNATP@6b2fad11 - Roll-over at midnight.
17:05:48,749 |-INFO in ch.qos.logback.core.rolling.SizeAndTimeBasedFNATP@6b2fad11 - Setting initial period to Mon Jun 10 17:04:18 UTC 2019
17:05:48,749 |-WARN in ch.qos.logback.core.rolling.SizeAndTimeBasedFNATP@6b2fad11 - SizeAndTimeBasedFNATP is deprecated. Use SizeAndTimeBasedRollingPolicy instead
17:05:48,749 |-WARN in ch.qos.logback.core.rolling.SizeAndTimeBasedFNATP@6b2fad11 - For more information see http://logback.qos.ch/manual/appenders.html#SizeAndTimeBasedRollingPolicy
17:05:48,753 |-INFO in ch.qos.logback.core.joran.action.NestedComplexPropertyIA - Assuming default type [ch.qos.logback.classic.encoder.PatternLayoutEncoder] for [encoder] property
17:05:48,758 |-INFO in ch.qos.logback.core.rolling.RollingFileAppender[FILE] - Active log file name: /tmp/application.log
17:05:48,758 |-INFO in ch.qos.logback.core.rolling.RollingFileAppender[FILE] - File property is set to [/tmp/application.log]
17:05:48,759 |-INFO in ch.qos.logback.classic.joran.action.RootLoggerAction - Setting level of ROOT logger to WARN
17:05:48,759 |-INFO in ch.qos.logback.core.joran.action.AppenderRefAction - Attaching appender named [STDOUT] to Logger[ROOT]
17:05:48,761 |-INFO in ch.qos.logback.core.joran.action.AppenderRefAction - Attaching appender named [FILE] to Logger[ROOT]
17:05:48,761 |-INFO in ch.qos.logback.classic.joran.action.ConfigurationAction - End of configuration.
17:05:48,762 |-INFO in ch.qos.logback.classic.joran.JoranConfigurator@79698539 - Registering current configuration as safe fallback point

Ama winner
Ama winner
2019-06-10T17:05:50.104+0000: 1.817: [Full GC (Metadata GC Threshold) 2019-06-10T17:05:50.104+0000: 1.817: [Tenured: 0K->15209K(341376K), 0.0403766 secs] 114923K->15209K(494976K), [Metaspace: 20739K->20739K(1067008K)], 0.0404474 secs] [Times: user=0.03 sys=0.01, real=0.05 secs] 
17:06:10.486 [Curator-PathChildrenCache-1] WARN  o.a.c.u.ZKPaths  - The version of ZooKeeper being used doesn't support Container nodes. CreateMode.PERSISTENT will be used instead.
2019-06-10T17:06:13.022+0000: 24.736: [GC (Allocation Failure) 2019-06-10T17:06:13.022+0000: 24.736: [DefNew: 136576K->17023K(153600K), 0.0263322 secs] 151785K->52766K(494976K), 0.0264041 secs] [Times: user=0.02 sys=0.01, real=0.03 secs] 
2019-06-10T17:06:14.204+0000: 25.917: [Full GC (Metadata GC Threshold) 2019-06-10T17:06:14.204+0000: 25.917: [Tenured: 35742K->44460K(341376K), 0.0419729 secs] 82736K->44460K(494976K), [Metaspace: 34599K->34599K(1079296K)], 0.0420600 secs] [Times: user=0.05 sys=0.00, real=0.04 secs] 
2019-06-10T17:06:20.703+0000: 32.416: [GC (Allocation Failure) 2019-06-10T17:06:20.703+0000: 32.416: [DefNew: 136576K->67K(153600K), 0.0017841 secs] 181036K->44528K(494976K), 0.0018448 secs] [Times: user=0.00 sys=0.00, real=0.01 secs] 
2019-06-10T17:06:27.161+0000: 38.874: [GC (Allocation Failure) 2019-06-10T17:06:27.161+0000: 38.874: [DefNew: 136643K->65K(153600K), 0.0016900 secs] 181104K->44526K(494976K), 0.0017575 secs] [Times: user=0.00 sys=0.00, real=0.00 secs] 
2019-06-10T17:06:33.634+0000: 45.347: [GC (Allocation Failure) 2019-06-10T17:06:33.634+0000: 45.347: [DefNew: 136641K->67K(153600K), 0.0017395 secs] 181102K->44528K(494976K), 0.0018013 secs] [Times: user=0.00 sys=0.00, real=0.00 secs] 
2019-06-10T17:06:40.145+0000: 51.858: [GC (Allocation Failure) 2019-06-10T17:06:40.145+0000: 51.858: [DefNew: 136643K->72K(153600K), 0.0017813 secs] 181104K->44533K(494976K), 0.0018438 secs] [Times: user=0.00 sys=0.00, real=0.00 secs] 
2019-06-10T17:06:49.605+0000: 61.318: [GC (Allocation Failure) 2019-06-10T17:06:49.605+0000: 61.318: [DefNew: 136648K->258K(153600K), 0.0020459 secs] 181109K->44719K(494976K), 0.0021067 secs] [Times: user=0.00 sys=0.00, real=0.00 secs] 
17:06:55.192 [Curator-PathChildrenCache-0] ERROR o.a.c.f.r.c.PathChildrenCache  - 
java.lang.IllegalStateException: instance must be started before calling this method
	at org.apache.curator.shaded.com.google.common.base.Preconditions.checkState(Preconditions.java:444)
	at org.apache.curator.framework.imps.CuratorFrameworkImpl.getChildren(CuratorFrameworkImpl.java:456)
	at org.apache.curator.framework.recipes.cache.PathChildrenCache.refresh(PathChildrenCache.java:521)
	at org.apache.curator.framework.recipes.cache.RefreshOperation.invoke(RefreshOperation.java:35)
	at org.apache.curator.framework.recipes.cache.PathChildrenCache$9.run(PathChildrenCache.java:786)
	at java.util.concurrent.Executors$RunnableAdapter.call(Executors.java:511)
	at java.util.concurrent.FutureTask.run(FutureTask.java:266)
	at java.util.concurrent.Executors$RunnableAdapter.call(Executors.java:511)
	at java.util.concurrent.FutureTask.run(FutureTask.java:266)
	at java.util.concurrent.ThreadPoolExecutor.runWorker(ThreadPoolExecutor.java:1149)
	at java.util.concurrent.ThreadPoolExecutor$Worker.run(ThreadPoolExecutor.java:624)
	at java.lang.Thread.run(Thread.java:748)
Heap
 def new generation   total 153600K, used 37727K [0x00000000e0c00000, 0x00000000eb2a0000, 0x00000000eb2a0000)
  eden space 136576K,  27% used [0x00000000e0c00000, 0x00000000e3097340, 0x00000000e9160000)
  from space 17024K,   1% used [0x00000000e9160000, 0x00000000e91a0bf0, 0x00000000ea200000)
  to   space 17024K,   0% used [0x00000000ea200000, 0x00000000ea200000, 0x00000000eb2a0000)
 tenured generation   total 341376K, used 44460K [0x00000000eb2a0000, 0x0000000100000000, 0x0000000100000000)
   the space 341376K,  13% used [0x00000000eb2a0000, 0x00000000ede0b1e0, 0x00000000ede0b200, 0x0000000100000000)
 Metaspace       used 36103K, capacity 36992K, committed 37120K, reserved 1081344K
  class space    used 4871K, capacity 5074K, committed 5120K, reserved 1048576K
