16:18:27,062 |-INFO in ch.qos.logback.classic.LoggerContext[default] - Could NOT find resource [logback-test.xml]
16:18:27,062 |-INFO in ch.qos.logback.classic.LoggerContext[default] - Could NOT find resource [logback.groovy]
16:18:27,063 |-INFO in ch.qos.logback.classic.LoggerContext[default] - Found resource [logback.xml] at [jar:file:/root/flamestream/lib/flamestream-runtime-1.0-SNAPSHOT.jar!/logback.xml]
16:18:27,068 |-WARN in ch.qos.logback.classic.LoggerContext[default] - Resource [logback.xml] occurs multiple times on the classpath.
16:18:27,068 |-WARN in ch.qos.logback.classic.LoggerContext[default] - Resource [logback.xml] occurs at [jar:file:/root/flamestream/lib/flamestream-runtime-1.0-SNAPSHOT.jar!/logback.xml]
16:18:27,068 |-WARN in ch.qos.logback.classic.LoggerContext[default] - Resource [logback.xml] occurs at [jar:file:/root/flamestream/flamestream-runtime-1.0-SNAPSHOT.jar!/logback.xml]
16:18:27,088 |-INFO in ch.qos.logback.core.joran.spi.ConfigurationWatchList@3fb6a447 - URL [jar:file:/root/flamestream/lib/flamestream-runtime-1.0-SNAPSHOT.jar!/logback.xml] is not of type file
16:18:27,165 |-INFO in ch.qos.logback.classic.joran.action.ConfigurationAction - debug attribute not set
16:18:27,166 |-INFO in ch.qos.logback.core.joran.action.AppenderAction - About to instantiate appender of type [ch.qos.logback.core.ConsoleAppender]
16:18:27,178 |-INFO in ch.qos.logback.core.joran.action.AppenderAction - Naming appender as [STDOUT]
16:18:27,198 |-INFO in ch.qos.logback.core.joran.action.NestedComplexPropertyIA - Assuming default type [ch.qos.logback.classic.encoder.PatternLayoutEncoder] for [encoder] property
16:18:27,283 |-INFO in ch.qos.logback.core.joran.action.AppenderAction - About to instantiate appender of type [ch.qos.logback.core.rolling.RollingFileAppender]
16:18:27,288 |-INFO in ch.qos.logback.core.joran.action.AppenderAction - Naming appender as [FILE]
16:18:27,320 |-INFO in c.q.l.core.rolling.TimeBasedRollingPolicy@127618319 - No compression will be used
16:18:27,321 |-INFO in c.q.l.core.rolling.TimeBasedRollingPolicy@127618319 - Will use the pattern /tmp/application_%d{yyyy-MM-dd}.%i.log for the active file
16:18:27,324 |-INFO in ch.qos.logback.core.rolling.SizeAndTimeBasedFNATP@6b2fad11 - The date pattern is 'yyyy-MM-dd' from file name pattern '/tmp/application_%d{yyyy-MM-dd}.%i.log'.
16:18:27,324 |-INFO in ch.qos.logback.core.rolling.SizeAndTimeBasedFNATP@6b2fad11 - Roll-over at midnight.
16:18:27,329 |-INFO in ch.qos.logback.core.rolling.SizeAndTimeBasedFNATP@6b2fad11 - Setting initial period to Mon Jun 10 16:17:11 UTC 2019
16:18:27,330 |-WARN in ch.qos.logback.core.rolling.SizeAndTimeBasedFNATP@6b2fad11 - SizeAndTimeBasedFNATP is deprecated. Use SizeAndTimeBasedRollingPolicy instead
16:18:27,330 |-WARN in ch.qos.logback.core.rolling.SizeAndTimeBasedFNATP@6b2fad11 - For more information see http://logback.qos.ch/manual/appenders.html#SizeAndTimeBasedRollingPolicy
16:18:27,333 |-INFO in ch.qos.logback.core.joran.action.NestedComplexPropertyIA - Assuming default type [ch.qos.logback.classic.encoder.PatternLayoutEncoder] for [encoder] property
16:18:27,339 |-INFO in ch.qos.logback.core.rolling.RollingFileAppender[FILE] - Active log file name: /tmp/application.log
16:18:27,339 |-INFO in ch.qos.logback.core.rolling.RollingFileAppender[FILE] - File property is set to [/tmp/application.log]
16:18:27,340 |-INFO in ch.qos.logback.classic.joran.action.RootLoggerAction - Setting level of ROOT logger to WARN
16:18:27,340 |-INFO in ch.qos.logback.core.joran.action.AppenderRefAction - Attaching appender named [STDOUT] to Logger[ROOT]
16:18:27,342 |-INFO in ch.qos.logback.core.joran.action.AppenderRefAction - Attaching appender named [FILE] to Logger[ROOT]
16:18:27,342 |-INFO in ch.qos.logback.classic.joran.action.ConfigurationAction - End of configuration.
16:18:27,343 |-INFO in ch.qos.logback.classic.joran.JoranConfigurator@79698539 - Registering current configuration as safe fallback point

Ama winner
Ama winner
2019-06-10T16:18:28.648+0000: 1.771: [Full GC (Metadata GC Threshold) 2019-06-10T16:18:28.648+0000: 1.771: [Tenured: 0K->15176K(341376K), 0.0424342 secs] 114987K->15176K(494976K), [Metaspace: 20730K->20730K(1067008K)], 0.0425043 secs] [Times: user=0.04 sys=0.00, real=0.04 secs] 
16:18:42.298 [Curator-PathChildrenCache-1] WARN  o.a.c.u.ZKPaths  - The version of ZooKeeper being used doesn't support Container nodes. CreateMode.PERSISTENT will be used instead.
2019-06-10T16:18:44.837+0000: 17.959: [GC (Allocation Failure) 2019-06-10T16:18:44.837+0000: 17.959: [DefNew: 136576K->17024K(153600K), 0.0306003 secs] 151752K->52519K(494976K), 0.0306684 secs] [Times: user=0.03 sys=0.01, real=0.03 secs] 
2019-06-10T16:18:46.938+0000: 20.061: [Full GC (Metadata GC Threshold) 2019-06-10T16:18:46.938+0000: 20.061: [Tenured: 35495K->44008K(341376K), 0.0426056 secs] 102814K->44008K(494976K), [Metaspace: 34608K->34608K(1079296K)], 0.0426796 secs] [Times: user=0.04 sys=0.01, real=0.04 secs] 
2019-06-10T16:18:53.174+0000: 26.296: [GC (Allocation Failure) 2019-06-10T16:18:53.174+0000: 26.296: [DefNew: 136576K->64K(153600K), 0.0017937 secs] 180584K->44072K(494976K), 0.0018528 secs] [Times: user=0.00 sys=0.00, real=0.01 secs] 
2019-06-10T16:18:59.309+0000: 32.432: [GC (Allocation Failure) 2019-06-10T16:18:59.309+0000: 32.432: [DefNew: 136640K->66K(153600K), 0.0016627 secs] 180648K->44075K(494976K), 0.0017237 secs] [Times: user=0.00 sys=0.00, real=0.00 secs] 
2019-06-10T16:19:05.587+0000: 38.709: [GC (Allocation Failure) 2019-06-10T16:19:05.587+0000: 38.709: [DefNew: 136642K->62K(153600K), 0.0017585 secs] 180651K->44070K(494976K), 0.0018217 secs] [Times: user=0.00 sys=0.00, real=0.00 secs] 
2019-06-10T16:19:11.796+0000: 44.919: [GC (Allocation Failure) 2019-06-10T16:19:11.796+0000: 44.919: [DefNew: 136638K->65K(153600K), 0.0016742 secs] 180646K->44074K(494976K), 0.0017385 secs] [Times: user=0.00 sys=0.00, real=0.00 secs] 
2019-06-10T16:19:20.546+0000: 53.669: [GC (Allocation Failure) 2019-06-10T16:19:20.546+0000: 53.669: [DefNew: 136641K->63K(153600K), 0.0017078 secs] 180650K->44072K(494976K), 0.0017770 secs] [Times: user=0.00 sys=0.00, real=0.01 secs] 
16:19:23.172 [Curator-PathChildrenCache-0] ERROR o.a.c.f.r.c.PathChildrenCache  - 
java.lang.IllegalStateException: instance must be started before calling this method
	at org.apache.curator.shaded.com.google.common.base.Preconditions.checkState(Preconditions.java:444)
	at org.apache.curator.framework.imps.CuratorFrameworkImpl.getChildren(CuratorFrameworkImpl.java:456)
	at org.apache.curator.framework.recipes.cache.PathChildrenCache.refresh(PathChildrenCache.java:521)
	at org.apache.curator.framework.recipes.cache.RefreshOperation.invoke(RefreshOperation.java:35)
	at org.apache.curator.framework.recipes.cache.PathChildrenCache$9.run(PathChildrenCache.java:786)
	at java.util.concurrent.Executors$RunnableAdapter.call(Executors.java:511)
	at java.util.concurrent.FutureTask.run(FutureTask.java:266)
	at java.util.concurrent.Executors$RunnableAdapter.call(Executors.java:511)
	at java.util.concurrent.FutureTask.run(FutureTask.java:266)
	at java.util.concurrent.ThreadPoolExecutor.runWorker(ThreadPoolExecutor.java:1149)
	at java.util.concurrent.ThreadPoolExecutor$Worker.run(ThreadPoolExecutor.java:624)
	at java.lang.Thread.run(Thread.java:748)
Heap
 def new generation   total 153600K, used 50112K [0x00000000e0c00000, 0x00000000eb2a0000, 0x00000000eb2a0000)
  eden space 136576K,  36% used [0x00000000e0c00000, 0x00000000e3ce02a0, 0x00000000e9160000)
  from space 17024K,   0% used [0x00000000e9160000, 0x00000000e916ff70, 0x00000000ea200000)
  to   space 17024K,   0% used [0x00000000ea200000, 0x00000000ea200000, 0x00000000eb2a0000)
 tenured generation   total 341376K, used 44008K [0x00000000eb2a0000, 0x0000000100000000, 0x0000000100000000)
   the space 341376K,  12% used [0x00000000eb2a0000, 0x00000000edd9a1f0, 0x00000000edd9a200, 0x0000000100000000)
 Metaspace       used 35884K, capacity 36774K, committed 37120K, reserved 1081344K
  class space    used 4824K, capacity 5043K, committed 5120K, reserved 1048576K
