18:13:48,646 |-INFO in ch.qos.logback.classic.LoggerContext[default] - Could NOT find resource [logback-test.xml]
18:13:48,646 |-INFO in ch.qos.logback.classic.LoggerContext[default] - Could NOT find resource [logback.groovy]
18:13:48,646 |-INFO in ch.qos.logback.classic.LoggerContext[default] - Found resource [logback.xml] at [jar:file:/root/flamestream/lib/flamestream-runtime-1.0-SNAPSHOT.jar!/logback.xml]
18:13:48,648 |-WARN in ch.qos.logback.classic.LoggerContext[default] - Resource [logback.xml] occurs multiple times on the classpath.
18:13:48,648 |-WARN in ch.qos.logback.classic.LoggerContext[default] - Resource [logback.xml] occurs at [jar:file:/root/flamestream/lib/flamestream-runtime-1.0-SNAPSHOT.jar!/logback.xml]
18:13:48,648 |-WARN in ch.qos.logback.classic.LoggerContext[default] - Resource [logback.xml] occurs at [jar:file:/root/flamestream/flamestream-runtime-1.0-SNAPSHOT.jar!/logback.xml]
18:13:48,668 |-INFO in ch.qos.logback.core.joran.spi.ConfigurationWatchList@3fb6a447 - URL [jar:file:/root/flamestream/lib/flamestream-runtime-1.0-SNAPSHOT.jar!/logback.xml] is not of type file
18:13:48,733 |-INFO in ch.qos.logback.classic.joran.action.ConfigurationAction - debug attribute not set
18:13:48,734 |-INFO in ch.qos.logback.core.joran.action.AppenderAction - About to instantiate appender of type [ch.qos.logback.core.ConsoleAppender]
18:13:48,751 |-INFO in ch.qos.logback.core.joran.action.AppenderAction - Naming appender as [STDOUT]
18:13:48,764 |-INFO in ch.qos.logback.core.joran.action.NestedComplexPropertyIA - Assuming default type [ch.qos.logback.classic.encoder.PatternLayoutEncoder] for [encoder] property
18:13:48,873 |-INFO in ch.qos.logback.core.joran.action.AppenderAction - About to instantiate appender of type [ch.qos.logback.core.rolling.RollingFileAppender]
18:13:48,882 |-INFO in ch.qos.logback.core.joran.action.AppenderAction - Naming appender as [FILE]
18:13:48,911 |-INFO in c.q.l.core.rolling.TimeBasedRollingPolicy@127618319 - No compression will be used
18:13:48,912 |-INFO in c.q.l.core.rolling.TimeBasedRollingPolicy@127618319 - Will use the pattern /tmp/application_%d{yyyy-MM-dd}.%i.log for the active file
18:13:48,915 |-INFO in ch.qos.logback.core.rolling.SizeAndTimeBasedFNATP@6b2fad11 - The date pattern is 'yyyy-MM-dd' from file name pattern '/tmp/application_%d{yyyy-MM-dd}.%i.log'.
18:13:48,915 |-INFO in ch.qos.logback.core.rolling.SizeAndTimeBasedFNATP@6b2fad11 - Roll-over at midnight.
18:13:48,921 |-INFO in ch.qos.logback.core.rolling.SizeAndTimeBasedFNATP@6b2fad11 - Setting initial period to Mon Jun 10 18:12:26 UTC 2019
18:13:48,921 |-WARN in ch.qos.logback.core.rolling.SizeAndTimeBasedFNATP@6b2fad11 - SizeAndTimeBasedFNATP is deprecated. Use SizeAndTimeBasedRollingPolicy instead
18:13:48,921 |-WARN in ch.qos.logback.core.rolling.SizeAndTimeBasedFNATP@6b2fad11 - For more information see http://logback.qos.ch/manual/appenders.html#SizeAndTimeBasedRollingPolicy
18:13:48,926 |-INFO in ch.qos.logback.core.joran.action.NestedComplexPropertyIA - Assuming default type [ch.qos.logback.classic.encoder.PatternLayoutEncoder] for [encoder] property
18:13:48,930 |-INFO in ch.qos.logback.core.rolling.RollingFileAppender[FILE] - Active log file name: /tmp/application.log
18:13:48,930 |-INFO in ch.qos.logback.core.rolling.RollingFileAppender[FILE] - File property is set to [/tmp/application.log]
18:13:48,931 |-INFO in ch.qos.logback.classic.joran.action.RootLoggerAction - Setting level of ROOT logger to WARN
18:13:48,931 |-INFO in ch.qos.logback.core.joran.action.AppenderRefAction - Attaching appender named [STDOUT] to Logger[ROOT]
18:13:48,933 |-INFO in ch.qos.logback.core.joran.action.AppenderRefAction - Attaching appender named [FILE] to Logger[ROOT]
18:13:48,933 |-INFO in ch.qos.logback.classic.joran.action.ConfigurationAction - End of configuration.
18:13:48,934 |-INFO in ch.qos.logback.classic.joran.JoranConfigurator@79698539 - Registering current configuration as safe fallback point

Ama winner
Ama winner
2019-06-10T18:13:50.569+0000: 2.114: [Full GC (Metadata GC Threshold) 2019-06-10T18:13:50.569+0000: 2.114: [Tenured: 0K->15222K(341376K), 0.0390315 secs] 117718K->15222K(494976K), [Metaspace: 20734K->20734K(1067008K)], 0.0390997 secs] [Times: user=0.04 sys=0.00, real=0.04 secs] 
18:14:09.509 [Curator-PathChildrenCache-1] WARN  o.a.c.u.ZKPaths  - The version of ZooKeeper being used doesn't support Container nodes. CreateMode.PERSISTENT will be used instead.
2019-06-10T18:14:11.753+0000: 23.297: [GC (Allocation Failure) 2019-06-10T18:14:11.753+0000: 23.297: [DefNew: 136576K->17024K(153600K), 0.0258019 secs] 151798K->52881K(494976K), 0.0258694 secs] [Times: user=0.01 sys=0.01, real=0.02 secs] 
2019-06-10T18:14:12.695+0000: 24.240: [Full GC (Metadata GC Threshold) 2019-06-10T18:14:12.695+0000: 24.240: [Tenured: 35857K->44563K(341376K), 0.0377299 secs] 71257K->44563K(494976K), [Metaspace: 34563K->34563K(1079296K)], 0.0378104 secs] [Times: user=0.03 sys=0.00, real=0.04 secs] 
2019-06-10T18:14:18.615+0000: 30.160: [GC (Allocation Failure) 2019-06-10T18:14:18.615+0000: 30.160: [DefNew: 136576K->77K(153600K), 0.0018712 secs] 181139K->44641K(494976K), 0.0019412 secs] [Times: user=0.00 sys=0.00, real=0.00 secs] 
2019-06-10T18:14:24.316+0000: 35.860: [GC (Allocation Failure) 2019-06-10T18:14:24.316+0000: 35.860: [DefNew: 136653K->76K(153600K), 0.0017722 secs] 181217K->44639K(494976K), 0.0018478 secs] [Times: user=0.00 sys=0.00, real=0.00 secs] 
2019-06-10T18:14:30.028+0000: 41.572: [GC (Allocation Failure) 2019-06-10T18:14:30.028+0000: 41.572: [DefNew: 136652K->74K(153600K), 0.0017576 secs] 181215K->44637K(494976K), 0.0018288 secs] [Times: user=0.00 sys=0.00, real=0.00 secs] 
2019-06-10T18:14:35.763+0000: 47.307: [GC (Allocation Failure) 2019-06-10T18:14:35.763+0000: 47.307: [DefNew: 136650K->82K(153600K), 0.0017319 secs] 181213K->44645K(494976K), 0.0017938 secs] [Times: user=0.00 sys=0.00, real=0.00 secs] 
2019-06-10T18:14:44.768+0000: 56.313: [GC (Allocation Failure) 2019-06-10T18:14:44.768+0000: 56.313: [DefNew: 136658K->73K(153600K), 0.0017589 secs] 181221K->44637K(494976K), 0.0018196 secs] [Times: user=0.00 sys=0.00, real=0.00 secs] 
18:14:49.082 [Curator-PathChildrenCache-0] ERROR o.a.c.f.r.c.PathChildrenCache  - 
java.lang.IllegalStateException: instance must be started before calling this method
	at org.apache.curator.shaded.com.google.common.base.Preconditions.checkState(Preconditions.java:444)
	at org.apache.curator.framework.imps.CuratorFrameworkImpl.getChildren(CuratorFrameworkImpl.java:456)
	at org.apache.curator.framework.recipes.cache.PathChildrenCache.refresh(PathChildrenCache.java:521)
	at org.apache.curator.framework.recipes.cache.RefreshOperation.invoke(RefreshOperation.java:35)
	at org.apache.curator.framework.recipes.cache.PathChildrenCache$9.run(PathChildrenCache.java:786)
	at java.util.concurrent.Executors$RunnableAdapter.call(Executors.java:511)
	at java.util.concurrent.FutureTask.run(FutureTask.java:266)
	at java.util.concurrent.Executors$RunnableAdapter.call(Executors.java:511)
	at java.util.concurrent.FutureTask.run(FutureTask.java:266)
	at java.util.concurrent.ThreadPoolExecutor.runWorker(ThreadPoolExecutor.java:1149)
	at java.util.concurrent.ThreadPoolExecutor$Worker.run(ThreadPoolExecutor.java:624)
	at java.lang.Thread.run(Thread.java:748)
Heap
 def new generation   total 153600K, used 52167K [0x00000000e0c00000, 0x00000000eb2a0000, 0x00000000eb2a0000)
  eden space 136576K,  38% used [0x00000000e0c00000, 0x00000000e3edf7c8, 0x00000000e9160000)
  from space 17024K,   0% used [0x00000000e9160000, 0x00000000e91727b8, 0x00000000ea200000)
  to   space 17024K,   0% used [0x00000000ea200000, 0x00000000ea200000, 0x00000000eb2a0000)
 tenured generation   total 341376K, used 44563K [0x00000000eb2a0000, 0x0000000100000000, 0x0000000100000000)
   the space 341376K,  13% used [0x00000000eb2a0000, 0x00000000ede24d18, 0x00000000ede24e00, 0x0000000100000000)
 Metaspace       used 35924K, capacity 36838K, committed 37120K, reserved 1081344K
  class space    used 4828K, capacity 5043K, committed 5120K, reserved 1048576K
