00:56:29,227 |-INFO in ch.qos.logback.classic.LoggerContext[default] - Could NOT find resource [logback-test.xml]
00:56:29,227 |-INFO in ch.qos.logback.classic.LoggerContext[default] - Could NOT find resource [logback.groovy]
00:56:29,227 |-INFO in ch.qos.logback.classic.LoggerContext[default] - Found resource [logback.xml] at [jar:file:/home/nikitasokolov/flamestream/lib/flamestream-runtime-1.0-SNAPSHOT.jar!/logback.xml]
00:56:29,228 |-WARN in ch.qos.logback.classic.LoggerContext[default] - Resource [logback.xml] occurs multiple times on the classpath.
00:56:29,228 |-WARN in ch.qos.logback.classic.LoggerContext[default] - Resource [logback.xml] occurs at [jar:file:/home/nikitasokolov/flamestream/lib/flamestream-runtime-1.0-SNAPSHOT.jar!/logback.xml]
00:56:29,228 |-WARN in ch.qos.logback.classic.LoggerContext[default] - Resource [logback.xml] occurs at [jar:file:/home/nikitasokolov/flamestream/flamestream-runtime-1.0-SNAPSHOT.jar!/logback.xml]
00:56:29,244 |-INFO in ch.qos.logback.core.joran.spi.ConfigurationWatchList@6aaa5eb0 - URL [jar:file:/home/nikitasokolov/flamestream/lib/flamestream-runtime-1.0-SNAPSHOT.jar!/logback.xml] is not of type file
00:56:29,295 |-INFO in ch.qos.logback.classic.joran.action.ConfigurationAction - debug attribute not set
00:56:29,296 |-INFO in ch.qos.logback.core.joran.action.AppenderAction - About to instantiate appender of type [ch.qos.logback.core.ConsoleAppender]
00:56:29,304 |-INFO in ch.qos.logback.core.joran.action.AppenderAction - Naming appender as [STDOUT]
00:56:29,312 |-INFO in ch.qos.logback.core.joran.action.NestedComplexPropertyIA - Assuming default type [ch.qos.logback.classic.encoder.PatternLayoutEncoder] for [encoder] property
00:56:29,380 |-INFO in ch.qos.logback.core.joran.action.AppenderAction - About to instantiate appender of type [ch.qos.logback.core.rolling.RollingFileAppender]
00:56:29,385 |-INFO in ch.qos.logback.core.joran.action.AppenderAction - Naming appender as [FILE]
00:56:29,408 |-INFO in c.q.l.core.rolling.TimeBasedRollingPolicy@3447021 - No compression will be used
00:56:29,409 |-INFO in c.q.l.core.rolling.TimeBasedRollingPolicy@3447021 - Will use the pattern /tmp/application_%d{yyyy-MM-dd}.%i.log for the active file
00:56:29,412 |-INFO in ch.qos.logback.core.rolling.SizeAndTimeBasedFNATP@1a407d53 - The date pattern is 'yyyy-MM-dd' from file name pattern '/tmp/application_%d{yyyy-MM-dd}.%i.log'.
00:56:29,412 |-INFO in ch.qos.logback.core.rolling.SizeAndTimeBasedFNATP@1a407d53 - Roll-over at midnight.
00:56:29,417 |-INFO in ch.qos.logback.core.rolling.SizeAndTimeBasedFNATP@1a407d53 - Setting initial period to Thu Jun 06 22:00:24 MSK 2019
00:56:29,417 |-WARN in ch.qos.logback.core.rolling.SizeAndTimeBasedFNATP@1a407d53 - SizeAndTimeBasedFNATP is deprecated. Use SizeAndTimeBasedRollingPolicy instead
00:56:29,417 |-WARN in ch.qos.logback.core.rolling.SizeAndTimeBasedFNATP@1a407d53 - For more information see http://logback.qos.ch/manual/appenders.html#SizeAndTimeBasedRollingPolicy
00:56:29,421 |-INFO in ch.qos.logback.core.joran.action.NestedComplexPropertyIA - Assuming default type [ch.qos.logback.classic.encoder.PatternLayoutEncoder] for [encoder] property
00:56:29,423 |-INFO in ch.qos.logback.core.rolling.RollingFileAppender[FILE] - Active log file name: /tmp/application.log
00:56:29,423 |-INFO in ch.qos.logback.core.rolling.RollingFileAppender[FILE] - File property is set to [/tmp/application.log]
00:56:29,424 |-ERROR in ch.qos.logback.core.rolling.RollingFileAppender[FILE] - openFile(/tmp/application.log,true) call failed. java.io.FileNotFoundException: /tmp/application.log (Permission denied)
	at java.io.FileNotFoundException: /tmp/application.log (Permission denied)
	at 	at java.io.FileOutputStream.open0(Native Method)
	at 	at java.io.FileOutputStream.open(FileOutputStream.java:270)
	at 	at java.io.FileOutputStream.<init>(FileOutputStream.java:213)
	at 	at ch.qos.logback.core.recovery.ResilientFileOutputStream.<init>(ResilientFileOutputStream.java:26)
	at 	at ch.qos.logback.core.FileAppender.openFile(FileAppender.java:204)
	at 	at ch.qos.logback.core.FileAppender.start(FileAppender.java:127)
	at 	at ch.qos.logback.core.rolling.RollingFileAppender.start(RollingFileAppender.java:100)
	at 	at ch.qos.logback.core.joran.action.AppenderAction.end(AppenderAction.java:90)
	at 	at ch.qos.logback.core.joran.spi.Interpreter.callEndAction(Interpreter.java:309)
	at 	at ch.qos.logback.core.joran.spi.Interpreter.endElement(Interpreter.java:193)
	at 	at ch.qos.logback.core.joran.spi.Interpreter.endElement(Interpreter.java:179)
	at 	at ch.qos.logback.core.joran.spi.EventPlayer.play(EventPlayer.java:62)
	at 	at ch.qos.logback.core.joran.GenericConfigurator.doConfigure(GenericConfigurator.java:165)
	at 	at ch.qos.logback.core.joran.GenericConfigurator.doConfigure(GenericConfigurator.java:152)
	at 	at ch.qos.logback.core.joran.GenericConfigurator.doConfigure(GenericConfigurator.java:110)
	at 	at ch.qos.logback.core.joran.GenericConfigurator.doConfigure(GenericConfigurator.java:53)
	at 	at ch.qos.logback.classic.util.ContextInitializer.configureByResource(ContextInitializer.java:75)
	at 	at ch.qos.logback.classic.util.ContextInitializer.autoConfig(ContextInitializer.java:150)
	at 	at org.slf4j.impl.StaticLoggerBinder.init(StaticLoggerBinder.java:84)
	at 	at org.slf4j.impl.StaticLoggerBinder.<clinit>(StaticLoggerBinder.java:55)
	at 	at org.slf4j.LoggerFactory.bind(LoggerFactory.java:150)
	at 	at org.slf4j.LoggerFactory.performInitialization(LoggerFactory.java:124)
	at 	at org.slf4j.LoggerFactory.getILoggerFactory(LoggerFactory.java:412)
	at 	at org.slf4j.LoggerFactory.getLogger(LoggerFactory.java:357)
	at 	at org.slf4j.LoggerFactory.getLogger(LoggerFactory.java:383)
	at 	at com.spbsu.flamestream.runtime.WorkerApplication.<init>(WorkerApplication.java:26)
	at 	at com.spbsu.flamestream.runtime.WorkerApplication.main(WorkerApplication.java:68)
00:56:29,425 |-INFO in ch.qos.logback.classic.joran.action.RootLoggerAction - Setting level of ROOT logger to WARN
00:56:29,425 |-INFO in ch.qos.logback.core.joran.action.AppenderRefAction - Attaching appender named [STDOUT] to Logger[ROOT]
00:56:29,425 |-INFO in ch.qos.logback.core.joran.action.AppenderRefAction - Attaching appender named [FILE] to Logger[ROOT]
00:56:29,425 |-INFO in ch.qos.logback.classic.joran.action.ConfigurationAction - End of configuration.
00:56:29,426 |-INFO in ch.qos.logback.classic.joran.JoranConfigurator@21bcffb5 - Registering current configuration as safe fallback point

Ama winner
Ama winner
2019-06-09T00:56:30.445+0300: 1.415: [GC (Metadata GC Threshold) [PSYoungGen: 95247K->15930K(149504K)] 95247K->16010K(491008K), 0.0323924 secs] [Times: user=0.15 sys=0.04, real=0.03 secs] 
2019-06-09T00:56:30.478+0300: 1.447: [Full GC (Metadata GC Threshold) [PSYoungGen: 15930K->0K(149504K)] [ParOldGen: 80K->15103K(341504K)] 16010K->15103K(491008K), [Metaspace: 20801K->20801K(1067008K)], 0.0247313 secs] [Times: user=0.14 sys=0.00, real=0.02 secs] 
00:56:41.745 [Curator-PathChildrenCache-1] WARN  o.a.c.u.ZKPaths  - The version of ZooKeeper being used doesn't support Container nodes. CreateMode.PERSISTENT will be used instead.
2019-06-09T00:56:42.826+0300: 13.795: [GC (Allocation Failure) [PSYoungGen: 128512K->20987K(149504K)] 143615K->50144K(491008K), 0.0218399 secs] [Times: user=0.20 sys=0.03, real=0.02 secs] 
2019-06-09T00:56:42.998+0300: 13.967: [GC (Metadata GC Threshold) [PSYoungGen: 31157K->20987K(149504K)] 60314K->50276K(491008K), 0.0108910 secs] [Times: user=0.14 sys=0.00, real=0.01 secs] 
2019-06-09T00:56:43.009+0300: 13.978: [Full GC (Metadata GC Threshold) [PSYoungGen: 20987K->0K(149504K)] [ParOldGen: 29289K->35328K(341504K)] 50276K->35328K(491008K), [Metaspace: 34555K->34555K(1079296K)], 0.0426099 secs] [Times: user=0.18 sys=0.01, real=0.04 secs] 
2019-06-09T00:56:46.031+0300: 17.001: [GC (Allocation Failure) [PSYoungGen: 128512K->512K(149504K)] 163840K->35848K(491008K), 0.0025589 secs] [Times: user=0.01 sys=0.00, real=0.01 secs] 
2019-06-09T00:56:49.617+0300: 20.586: [GC (Allocation Failure) [PSYoungGen: 129024K->640K(129536K)] 164360K->35984K(471040K), 0.0038290 secs] [Times: user=0.02 sys=0.00, real=0.00 secs] 
2019-06-09T00:56:53.218+0300: 24.187: [GC (Allocation Failure) [PSYoungGen: 129152K->672K(130048K)] 164496K->36024K(471552K), 0.0044634 secs] [Times: user=0.02 sys=0.00, real=0.00 secs] 
2019-06-09T00:56:55.748+0300: 26.717: [GC (Allocation Failure) [PSYoungGen: 89760K->736K(129536K)] 125112K->36096K(471040K), 0.0028902 secs] [Times: user=0.01 sys=0.00, real=0.00 secs] 
2019-06-09T00:56:58.287+0300: 29.256: [GC (Allocation Failure) [PSYoungGen: 89824K->736K(132608K)] 125184K->36104K(474112K), 0.0025048 secs] [Times: user=0.01 sys=0.00, real=0.00 secs] 
2019-06-09T00:57:00.962+0300: 31.931: [GC (Allocation Failure) [PSYoungGen: 93920K->768K(131072K)] 129288K->36136K(472576K), 0.0034359 secs] [Times: user=0.03 sys=0.00, real=0.01 secs] 
2019-06-09T00:57:03.666+0300: 34.635: [GC (Allocation Failure) [PSYoungGen: 93952K->704K(135680K)] 129320K->36072K(477184K), 0.0050780 secs] [Times: user=0.03 sys=0.00, real=0.00 secs] 
2019-06-09T00:57:06.456+0300: 37.426: [GC (Allocation Failure) [PSYoungGen: 100032K->736K(134144K)] 135400K->36112K(475648K), 0.0022260 secs] [Times: user=0.00 sys=0.00, real=0.00 secs] 
2019-06-09T00:57:09.337+0300: 40.307: [GC (Allocation Failure) [PSYoungGen: 100064K->832K(138752K)] 135440K->36208K(480256K), 0.0020519 secs] [Times: user=0.01 sys=0.00, real=0.00 secs] 
2019-06-09T00:57:12.345+0300: 43.314: [GC (Allocation Failure) [PSYoungGen: 106304K->768K(137216K)] 141680K->36144K(478720K), 0.0033036 secs] [Times: user=0.02 sys=0.01, real=0.00 secs] 
2019-06-09T00:57:15.349+0300: 46.318: [GC (Allocation Failure) [PSYoungGen: 106240K->896K(141824K)] 141616K->36280K(483328K), 0.0025194 secs] [Times: user=0.00 sys=0.00, real=0.00 secs] 
2019-06-09T00:57:18.548+0300: 49.518: [GC (Allocation Failure) [PSYoungGen: 112512K->960K(140288K)] 147896K->36344K(481792K), 0.0047035 secs] [Times: user=0.02 sys=0.01, real=0.01 secs] 
2019-06-09T00:57:21.735+0300: 52.704: [GC (Allocation Failure) [PSYoungGen: 112576K->928K(144896K)] 147960K->36312K(486400K), 0.0029368 secs] [Times: user=0.02 sys=0.00, real=0.00 secs] 
2019-06-09T00:57:25.118+0300: 56.087: [GC (Allocation Failure) [PSYoungGen: 118688K->1024K(143360K)] 154072K->36416K(484864K), 0.0029501 secs] [Times: user=0.01 sys=0.01, real=0.00 secs] 
2019-06-09T00:57:28.498+0300: 59.467: [GC (Allocation Failure) [PSYoungGen: 118784K->992K(147456K)] 154176K->36392K(488960K), 0.0032378 secs] [Times: user=0.01 sys=0.01, real=0.00 secs] 
2019-06-09T00:57:32.353+0300: 63.323: [GC (Allocation Failure) [PSYoungGen: 124384K->1143K(146432K)] 159784K->36831K(487936K), 0.0061266 secs] [Times: user=0.05 sys=0.00, real=0.00 secs] 
2019-06-09T00:57:36.834+0300: 67.803: [GC (Allocation Failure) [PSYoungGen: 124535K->800K(150528K)] 160223K->36672K(492032K), 0.0029261 secs] [Times: user=0.01 sys=0.01, real=0.00 secs] 
2019-06-09T00:57:41.547+0300: 72.516: [GC (Allocation Failure) [PSYoungGen: 129824K->672K(148992K)] 165696K->36608K(490496K), 0.0026010 secs] [Times: user=0.01 sys=0.00, real=0.00 secs] 
2019-06-09T00:57:46.167+0300: 77.136: [GC (Allocation Failure) [PSYoungGen: 129696K->704K(152576K)] 165632K->36752K(494080K), 0.0028149 secs] [Times: user=0.02 sys=0.00, real=0.00 secs] 
00:57:54.367 [Curator-PathChildrenCache-0] ERROR o.a.c.f.r.c.PathChildrenCache  - 
java.lang.IllegalStateException: instance must be started before calling this method
	at org.apache.curator.shaded.com.google.common.base.Preconditions.checkState(Preconditions.java:444)
	at org.apache.curator.framework.imps.CuratorFrameworkImpl.getChildren(CuratorFrameworkImpl.java:456)
	at org.apache.curator.framework.recipes.cache.PathChildrenCache.refresh(PathChildrenCache.java:521)
	at org.apache.curator.framework.recipes.cache.RefreshOperation.invoke(RefreshOperation.java:35)
	at org.apache.curator.framework.recipes.cache.PathChildrenCache$9.run(PathChildrenCache.java:786)
	at java.util.concurrent.Executors$RunnableAdapter.call(Executors.java:511)
	at java.util.concurrent.FutureTask.run(FutureTask.java:266)
	at java.util.concurrent.Executors$RunnableAdapter.call(Executors.java:511)
	at java.util.concurrent.FutureTask.run(FutureTask.java:266)
	at java.util.concurrent.ThreadPoolExecutor.runWorker(ThreadPoolExecutor.java:1149)
	at java.util.concurrent.ThreadPoolExecutor$Worker.run(ThreadPoolExecutor.java:624)
	at java.lang.Thread.run(Thread.java:748)
00:57:54.454 [worker-akka.actor.default-dispatcher-3] ERROR c.s.f.r.WorkerApplication  - Something went wrong during trace flush
java.nio.file.AccessDeniedException: /tmp/trace.csv
	at sun.nio.fs.UnixException.translateToIOException(UnixException.java:84)
	at sun.nio.fs.UnixException.rethrowAsIOException(UnixException.java:102)
	at sun.nio.fs.UnixException.rethrowAsIOException(UnixException.java:107)
	at sun.nio.fs.UnixFileSystemProvider.newByteChannel(UnixFileSystemProvider.java:214)
	at java.nio.file.spi.FileSystemProvider.newOutputStream(FileSystemProvider.java:434)
	at java.nio.file.Files.newOutputStream(Files.java:216)
	at java.nio.file.Files.newBufferedWriter(Files.java:2860)
	at java.nio.file.Files.newBufferedWriter(Files.java:2896)
	at com.spbsu.flamestream.runtime.utils.tracing.Tracing.flush(Tracing.java:35)
	at com.spbsu.flamestream.runtime.WorkerApplication.lambda$run$0(WorkerApplication.java:109)
	at akka.actor.ActorSystemImpl$TerminationCallbacks$$anonfun$addRec$1$1.applyOrElse(ActorSystem.scala:1036)
	at akka.actor.ActorSystemImpl$TerminationCallbacks$$anonfun$addRec$1$1.applyOrElse(ActorSystem.scala:1036)
	at scala.concurrent.Future$$anonfun$andThen$1.apply(Future.scala:436)
	at scala.concurrent.Future$$anonfun$andThen$1.apply(Future.scala:435)
	at scala.concurrent.impl.CallbackRunnable.run(Promise.scala:36)
	at akka.dispatch.BatchingExecutor$AbstractBatch.processBatch(BatchingExecutor.scala:55)
	at akka.dispatch.BatchingExecutor$BlockableBatch$$anonfun$run$1.apply$mcV$sp(BatchingExecutor.scala:91)
	at akka.dispatch.BatchingExecutor$BlockableBatch$$anonfun$run$1.apply(BatchingExecutor.scala:91)
	at akka.dispatch.BatchingExecutor$BlockableBatch$$anonfun$run$1.apply(BatchingExecutor.scala:91)
	at scala.concurrent.BlockContext$.withBlockContext(BlockContext.scala:72)
	at akka.dispatch.BatchingExecutor$BlockableBatch.run(BatchingExecutor.scala:90)
	at akka.dispatch.TaskInvocation.run(AbstractDispatcher.scala:40)
	at akka.dispatch.ForkJoinExecutorConfigurator$AkkaForkJoinTask.exec(ForkJoinExecutorConfigurator.scala:44)
	at akka.dispatch.forkjoin.ForkJoinTask.doExec(ForkJoinTask.java:260)
	at akka.dispatch.forkjoin.ForkJoinPool$WorkQueue.runTask(ForkJoinPool.java:1339)
	at akka.dispatch.forkjoin.ForkJoinPool.runWorker(ForkJoinPool.java:1979)
	at akka.dispatch.forkjoin.ForkJoinWorkerThread.run(ForkJoinWorkerThread.java:107)
Heap
 PSYoungGen      total 152576K, used 32427K [0x00000000f5980000, 0x0000000100000000, 0x0000000100000000)
  eden space 133632K, 23% used [0x00000000f5980000,0x00000000f787af60,0x00000000fdc00000)
  from space 18944K, 3% used [0x00000000fed80000,0x00000000fee30090,0x0000000100000000)
  to   space 17920K, 0% used [0x00000000fdc00000,0x00000000fdc00000,0x00000000fed80000)
 ParOldGen       total 341504K, used 36048K [0x00000000e0c00000, 0x00000000f5980000, 0x00000000f5980000)
  object space 341504K, 10% used [0x00000000e0c00000,0x00000000e2f341e0,0x00000000f5980000)
 Metaspace       used 36224K, capacity 37096K, committed 37464K, reserved 1081344K
  class space    used 4970K, capacity 5160K, committed 5248K, reserved 1048576K
