18:43:47,924 |-INFO in ch.qos.logback.classic.LoggerContext[default] - Could NOT find resource [logback-test.xml]
18:43:47,924 |-INFO in ch.qos.logback.classic.LoggerContext[default] - Could NOT find resource [logback.groovy]
18:43:47,924 |-INFO in ch.qos.logback.classic.LoggerContext[default] - Found resource [logback.xml] at [jar:file:/root/flamestream/lib/flamestream-runtime-1.0-SNAPSHOT.jar!/logback.xml]
18:43:47,925 |-WARN in ch.qos.logback.classic.LoggerContext[default] - Resource [logback.xml] occurs multiple times on the classpath.
18:43:47,925 |-WARN in ch.qos.logback.classic.LoggerContext[default] - Resource [logback.xml] occurs at [jar:file:/root/flamestream/lib/flamestream-runtime-1.0-SNAPSHOT.jar!/logback.xml]
18:43:47,925 |-WARN in ch.qos.logback.classic.LoggerContext[default] - Resource [logback.xml] occurs at [jar:file:/root/flamestream/flamestream-runtime-1.0-SNAPSHOT.jar!/logback.xml]
18:43:47,945 |-INFO in ch.qos.logback.core.joran.spi.ConfigurationWatchList@3fb6a447 - URL [jar:file:/root/flamestream/lib/flamestream-runtime-1.0-SNAPSHOT.jar!/logback.xml] is not of type file
18:43:48,012 |-INFO in ch.qos.logback.classic.joran.action.ConfigurationAction - debug attribute not set
18:43:48,012 |-INFO in ch.qos.logback.core.joran.action.AppenderAction - About to instantiate appender of type [ch.qos.logback.core.ConsoleAppender]
18:43:48,030 |-INFO in ch.qos.logback.core.joran.action.AppenderAction - Naming appender as [STDOUT]
18:43:48,047 |-INFO in ch.qos.logback.core.joran.action.NestedComplexPropertyIA - Assuming default type [ch.qos.logback.classic.encoder.PatternLayoutEncoder] for [encoder] property
18:43:48,146 |-INFO in ch.qos.logback.core.joran.action.AppenderAction - About to instantiate appender of type [ch.qos.logback.core.rolling.RollingFileAppender]
18:43:48,150 |-INFO in ch.qos.logback.core.joran.action.AppenderAction - Naming appender as [FILE]
18:43:48,186 |-INFO in c.q.l.core.rolling.TimeBasedRollingPolicy@127618319 - No compression will be used
18:43:48,187 |-INFO in c.q.l.core.rolling.TimeBasedRollingPolicy@127618319 - Will use the pattern /tmp/application_%d{yyyy-MM-dd}.%i.log for the active file
18:43:48,190 |-INFO in ch.qos.logback.core.rolling.SizeAndTimeBasedFNATP@6b2fad11 - The date pattern is 'yyyy-MM-dd' from file name pattern '/tmp/application_%d{yyyy-MM-dd}.%i.log'.
18:43:48,190 |-INFO in ch.qos.logback.core.rolling.SizeAndTimeBasedFNATP@6b2fad11 - Roll-over at midnight.
18:43:48,195 |-INFO in ch.qos.logback.core.rolling.SizeAndTimeBasedFNATP@6b2fad11 - Setting initial period to Mon Jun 10 18:42:28 UTC 2019
18:43:48,195 |-WARN in ch.qos.logback.core.rolling.SizeAndTimeBasedFNATP@6b2fad11 - SizeAndTimeBasedFNATP is deprecated. Use SizeAndTimeBasedRollingPolicy instead
18:43:48,195 |-WARN in ch.qos.logback.core.rolling.SizeAndTimeBasedFNATP@6b2fad11 - For more information see http://logback.qos.ch/manual/appenders.html#SizeAndTimeBasedRollingPolicy
18:43:48,199 |-INFO in ch.qos.logback.core.joran.action.NestedComplexPropertyIA - Assuming default type [ch.qos.logback.classic.encoder.PatternLayoutEncoder] for [encoder] property
18:43:48,205 |-INFO in ch.qos.logback.core.rolling.RollingFileAppender[FILE] - Active log file name: /tmp/application.log
18:43:48,205 |-INFO in ch.qos.logback.core.rolling.RollingFileAppender[FILE] - File property is set to [/tmp/application.log]
18:43:48,206 |-INFO in ch.qos.logback.classic.joran.action.RootLoggerAction - Setting level of ROOT logger to WARN
18:43:48,206 |-INFO in ch.qos.logback.core.joran.action.AppenderRefAction - Attaching appender named [STDOUT] to Logger[ROOT]
18:43:48,208 |-INFO in ch.qos.logback.core.joran.action.AppenderRefAction - Attaching appender named [FILE] to Logger[ROOT]
18:43:48,208 |-INFO in ch.qos.logback.classic.joran.action.ConfigurationAction - End of configuration.
18:43:48,208 |-INFO in ch.qos.logback.classic.joran.JoranConfigurator@79698539 - Registering current configuration as safe fallback point

Ama winner
Ama winner
2019-06-10T18:43:49.469+0000: 1.729: [Full GC (Metadata GC Threshold) 2019-06-10T18:43:49.469+0000: 1.729: [Tenured: 0K->15144K(341376K), 0.0398261 secs] 114987K->15144K(494976K), [Metaspace: 20733K->20733K(1067008K)], 0.0398937 secs] [Times: user=0.03 sys=0.00, real=0.04 secs] 
18:44:10.564 [Curator-PathChildrenCache-2] WARN  o.a.c.u.ZKPaths  - The version of ZooKeeper being used doesn't support Container nodes. CreateMode.PERSISTENT will be used instead.
2019-06-10T18:44:13.030+0000: 25.290: [GC (Allocation Failure) 2019-06-10T18:44:13.030+0000: 25.290: [DefNew: 117849K->17023K(153600K), 0.0211901 secs] 132993K->33112K(494976K), 0.0212580 secs] [Times: user=0.02 sys=0.00, real=0.02 secs] 
2019-06-10T18:44:13.412+0000: 25.673: [Full GC (Metadata GC Threshold) 2019-06-10T18:44:13.412+0000: 25.673: [Tenured: 16088K->44472K(341376K), 0.0441011 secs] 67091K->44472K(494976K), [Metaspace: 34618K->34618K(1079296K)], 0.0441735 secs] [Times: user=0.03 sys=0.01, real=0.05 secs] 
2019-06-10T18:44:15.248+0000: 27.508: [GC (Allocation Failure) 2019-06-10T18:44:15.248+0000: 27.508: [DefNew: 136576K->184K(153600K), 0.0021857 secs] 181048K->44657K(494976K), 0.0022454 secs] [Times: user=0.00 sys=0.00, real=0.00 secs] 
2019-06-10T18:44:16.849+0000: 29.110: [GC (Allocation Failure) 2019-06-10T18:44:16.849+0000: 29.110: [DefNew: 136760K->197K(153600K), 0.0019130 secs] 181233K->44670K(494976K), 0.0019723 secs] [Times: user=0.00 sys=0.00, real=0.00 secs] 
2019-06-10T18:44:18.473+0000: 30.734: [GC (Allocation Failure) 2019-06-10T18:44:18.473+0000: 30.734: [DefNew: 136773K->209K(153600K), 0.0018852 secs] 181246K->44681K(494976K), 0.0019456 secs] [Times: user=0.00 sys=0.00, real=0.01 secs] 
2019-06-10T18:44:20.134+0000: 32.394: [GC (Allocation Failure) 2019-06-10T18:44:20.134+0000: 32.394: [DefNew: 136785K->210K(153600K), 0.0018820 secs] 181257K->44683K(494976K), 0.0019383 secs] [Times: user=0.00 sys=0.00, real=0.00 secs] 
2019-06-10T18:44:23.449+0000: 35.710: [GC (Allocation Failure) 2019-06-10T18:44:23.449+0000: 35.710: [DefNew: 136786K->213K(153600K), 0.0018829 secs] 181259K->44686K(494976K), 0.0019568 secs] [Times: user=0.00 sys=0.00, real=0.00 secs] 
18:44:28.227 [Curator-PathChildrenCache-0] ERROR o.a.c.f.r.c.PathChildrenCache  - 
java.lang.IllegalStateException: instance must be started before calling this method
	at org.apache.curator.shaded.com.google.common.base.Preconditions.checkState(Preconditions.java:444)
	at org.apache.curator.framework.imps.CuratorFrameworkImpl.getChildren(CuratorFrameworkImpl.java:456)
	at org.apache.curator.framework.recipes.cache.PathChildrenCache.refresh(PathChildrenCache.java:521)
	at org.apache.curator.framework.recipes.cache.RefreshOperation.invoke(RefreshOperation.java:35)
	at org.apache.curator.framework.recipes.cache.PathChildrenCache$9.run(PathChildrenCache.java:786)
	at java.util.concurrent.Executors$RunnableAdapter.call(Executors.java:511)
	at java.util.concurrent.FutureTask.run(FutureTask.java:266)
	at java.util.concurrent.Executors$RunnableAdapter.call(Executors.java:511)
	at java.util.concurrent.FutureTask.run(FutureTask.java:266)
	at java.util.concurrent.ThreadPoolExecutor.runWorker(ThreadPoolExecutor.java:1149)
	at java.util.concurrent.ThreadPoolExecutor$Worker.run(ThreadPoolExecutor.java:624)
	at java.lang.Thread.run(Thread.java:748)
Heap
 def new generation   total 153600K, used 45812K [0x00000000e0c00000, 0x00000000eb2a0000, 0x00000000eb2a0000)
  eden space 136576K,  33% used [0x00000000e0c00000, 0x00000000e3887b90, 0x00000000e9160000)
  from space 17024K,   1% used [0x00000000e9160000, 0x00000000e91955e8, 0x00000000ea200000)
  to   space 17024K,   0% used [0x00000000ea200000, 0x00000000ea200000, 0x00000000eb2a0000)
 tenured generation   total 341376K, used 44472K [0x00000000eb2a0000, 0x0000000100000000, 0x0000000100000000)
   the space 341376K,  13% used [0x00000000eb2a0000, 0x00000000ede0e360, 0x00000000ede0e400, 0x0000000100000000)
 Metaspace       used 35835K, capacity 36802K, committed 36864K, reserved 1081344K
  class space    used 4857K, capacity 5059K, committed 5120K, reserved 1048576K
