16:20:45,623 |-INFO in ch.qos.logback.classic.LoggerContext[default] - Could NOT find resource [logback-test.xml]
16:20:45,623 |-INFO in ch.qos.logback.classic.LoggerContext[default] - Could NOT find resource [logback.groovy]
16:20:45,623 |-INFO in ch.qos.logback.classic.LoggerContext[default] - Found resource [logback.xml] at [jar:file:/home/nikitasokolov/flamestream/lib/flamestream-runtime-1.0-SNAPSHOT.jar!/logback.xml]
16:20:45,623 |-WARN in ch.qos.logback.classic.LoggerContext[default] - Resource [logback.xml] occurs multiple times on the classpath.
16:20:45,624 |-WARN in ch.qos.logback.classic.LoggerContext[default] - Resource [logback.xml] occurs at [jar:file:/home/nikitasokolov/flamestream/lib/flamestream-runtime-1.0-SNAPSHOT.jar!/logback.xml]
16:20:45,624 |-WARN in ch.qos.logback.classic.LoggerContext[default] - Resource [logback.xml] occurs at [jar:file:/home/nikitasokolov/flamestream/flamestream-runtime-1.0-SNAPSHOT.jar!/logback.xml]
16:20:45,639 |-INFO in ch.qos.logback.core.joran.spi.ConfigurationWatchList@6108b2d7 - URL [jar:file:/home/nikitasokolov/flamestream/lib/flamestream-runtime-1.0-SNAPSHOT.jar!/logback.xml] is not of type file
16:20:45,691 |-INFO in ch.qos.logback.classic.joran.action.ConfigurationAction - debug attribute not set
16:20:45,692 |-INFO in ch.qos.logback.core.joran.action.AppenderAction - About to instantiate appender of type [ch.qos.logback.core.ConsoleAppender]
16:20:45,702 |-INFO in ch.qos.logback.core.joran.action.AppenderAction - Naming appender as [STDOUT]
16:20:45,713 |-INFO in ch.qos.logback.core.joran.action.NestedComplexPropertyIA - Assuming default type [ch.qos.logback.classic.encoder.PatternLayoutEncoder] for [encoder] property
16:20:45,769 |-INFO in ch.qos.logback.core.joran.action.AppenderAction - About to instantiate appender of type [ch.qos.logback.core.rolling.RollingFileAppender]
16:20:45,774 |-INFO in ch.qos.logback.core.joran.action.AppenderAction - Naming appender as [FILE]
16:20:45,796 |-INFO in c.q.l.core.rolling.TimeBasedRollingPolicy@357863579 - No compression will be used
16:20:45,797 |-INFO in c.q.l.core.rolling.TimeBasedRollingPolicy@357863579 - Will use the pattern /tmp/application_%d{yyyy-MM-dd}.%i.log for the active file
16:20:45,800 |-INFO in ch.qos.logback.core.rolling.SizeAndTimeBasedFNATP@6bf256fa - The date pattern is 'yyyy-MM-dd' from file name pattern '/tmp/application_%d{yyyy-MM-dd}.%i.log'.
16:20:45,800 |-INFO in ch.qos.logback.core.rolling.SizeAndTimeBasedFNATP@6bf256fa - Roll-over at midnight.
16:20:45,804 |-INFO in ch.qos.logback.core.rolling.SizeAndTimeBasedFNATP@6bf256fa - Setting initial period to Sun Jun 09 16:20:01 MSK 2019
16:20:45,804 |-WARN in ch.qos.logback.core.rolling.SizeAndTimeBasedFNATP@6bf256fa - SizeAndTimeBasedFNATP is deprecated. Use SizeAndTimeBasedRollingPolicy instead
16:20:45,804 |-WARN in ch.qos.logback.core.rolling.SizeAndTimeBasedFNATP@6bf256fa - For more information see http://logback.qos.ch/manual/appenders.html#SizeAndTimeBasedRollingPolicy
16:20:45,809 |-INFO in ch.qos.logback.core.joran.action.NestedComplexPropertyIA - Assuming default type [ch.qos.logback.classic.encoder.PatternLayoutEncoder] for [encoder] property
16:20:45,811 |-INFO in ch.qos.logback.core.rolling.RollingFileAppender[FILE] - Active log file name: /tmp/application.log
16:20:45,811 |-INFO in ch.qos.logback.core.rolling.RollingFileAppender[FILE] - File property is set to [/tmp/application.log]
16:20:45,812 |-INFO in ch.qos.logback.classic.joran.action.RootLoggerAction - Setting level of ROOT logger to WARN
16:20:45,812 |-INFO in ch.qos.logback.core.joran.action.AppenderRefAction - Attaching appender named [STDOUT] to Logger[ROOT]
16:20:45,813 |-INFO in ch.qos.logback.core.joran.action.AppenderRefAction - Attaching appender named [FILE] to Logger[ROOT]
16:20:45,813 |-INFO in ch.qos.logback.classic.joran.action.ConfigurationAction - End of configuration.
16:20:45,814 |-INFO in ch.qos.logback.classic.joran.JoranConfigurator@6cd8737 - Registering current configuration as safe fallback point

2019-06-09T16:20:46.824+0300: 1.399: [GC (Metadata GC Threshold) [PSYoungGen: 110722K->15912K(149504K)] 110722K->15992K(491008K), 0.0290114 secs] [Times: user=0.08 sys=0.03, real=0.03 secs] 
2019-06-09T16:20:46.853+0300: 1.428: [Full GC (Metadata GC Threshold) [PSYoungGen: 15912K->0K(149504K)] [ParOldGen: 80K->15078K(341504K)] 15992K->15078K(491008K), [Metaspace: 20800K->20800K(1067008K)], 0.0298455 secs] [Times: user=0.17 sys=0.02, real=0.03 secs] 
16:20:55.278 [Curator-PathChildrenCache-1] WARN  o.a.c.u.ZKPaths  - The version of ZooKeeper being used doesn't support Container nodes. CreateMode.PERSISTENT will be used instead.
2019-06-09T16:20:56.242+0300: 10.817: [GC (Allocation Failure) [PSYoungGen: 128512K->15668K(149504K)] 143590K->50286K(491008K), 0.0339372 secs] [Times: user=0.29 sys=0.01, real=0.03 secs] 
2019-06-09T16:20:56.378+0300: 10.953: [GC (Metadata GC Threshold) [PSYoungGen: 26325K->5461K(149504K)] 60942K->40086K(491008K), 0.0057546 secs] [Times: user=0.04 sys=0.01, real=0.00 secs] 
2019-06-09T16:20:56.384+0300: 10.959: [Full GC (Metadata GC Threshold) [PSYoungGen: 5461K->0K(149504K)] [ParOldGen: 34625K->29157K(341504K)] 40086K->29157K(491008K), [Metaspace: 34554K->34554K(1079296K)], 0.0674316 secs] [Times: user=0.29 sys=0.04, real=0.07 secs] 
2019-06-09T16:21:02.468+0300: 17.043: [GC (Allocation Failure) [PSYoungGen: 128512K->320K(149504K)] 157669K->29485K(491008K), 0.0034130 secs] [Times: user=0.02 sys=0.00, real=0.01 secs] 
2019-06-09T16:21:08.914+0300: 23.489: [GC (Allocation Failure) [PSYoungGen: 128832K->416K(129024K)] 157997K->29589K(470528K), 0.5525689 secs] [Times: user=0.07 sys=0.00, real=0.55 secs] 
2019-06-09T16:21:15.418+0300: 29.994: [GC (Allocation Failure) [PSYoungGen: 128928K->352K(148992K)] 158101K->29533K(490496K), 0.0046037 secs] [Times: user=0.02 sys=0.00, real=0.00 secs] 
2019-06-09T16:21:21.924+0300: 36.499: [GC (Allocation Failure) [PSYoungGen: 127840K->480K(148992K)] 157021K->29669K(490496K), 0.0027281 secs] [Times: user=0.02 sys=0.00, real=0.00 secs] 
2019-06-09T16:21:28.481+0300: 43.056: [GC (Allocation Failure) [PSYoungGen: 127968K->608K(150528K)] 157157K->29805K(492032K), 0.0026594 secs] [Times: user=0.00 sys=0.01, real=0.00 secs] 
2019-06-09T16:21:35.189+0300: 49.764: [GC (Allocation Failure) [PSYoungGen: 130656K->544K(150016K)] 159853K->29741K(491520K), 0.0056627 secs] [Times: user=0.02 sys=0.01, real=0.01 secs] 
16:21:41.608 [Curator-PathChildrenCache-0] ERROR o.a.c.f.r.c.PathChildrenCache  - 
java.lang.IllegalStateException: instance must be started before calling this method
	at org.apache.curator.shaded.com.google.common.base.Preconditions.checkState(Preconditions.java:444)
	at org.apache.curator.framework.imps.CuratorFrameworkImpl.getChildren(CuratorFrameworkImpl.java:456)
	at org.apache.curator.framework.recipes.cache.PathChildrenCache.refresh(PathChildrenCache.java:521)
	at org.apache.curator.framework.recipes.cache.RefreshOperation.invoke(RefreshOperation.java:35)
	at org.apache.curator.framework.recipes.cache.PathChildrenCache$9.run(PathChildrenCache.java:786)
	at java.util.concurrent.Executors$RunnableAdapter.call(Executors.java:511)
	at java.util.concurrent.FutureTask.run(FutureTask.java:266)
	at java.util.concurrent.Executors$RunnableAdapter.call(Executors.java:511)
	at java.util.concurrent.FutureTask.run(FutureTask.java:266)
	at java.util.concurrent.ThreadPoolExecutor.runWorker(ThreadPoolExecutor.java:1149)
	at java.util.concurrent.ThreadPoolExecutor$Worker.run(ThreadPoolExecutor.java:624)
	at java.lang.Thread.run(Thread.java:748)
Heap
 PSYoungGen      total 150016K, used 35350K [0x00000000f5980000, 0x0000000100000000, 0x0000000100000000)
  eden space 130048K, 26% used [0x00000000f5980000,0x00000000f7b7db30,0x00000000fd880000)
  from space 19968K, 2% used [0x00000000fd880000,0x00000000fd908080,0x00000000fec00000)
  to   space 18944K, 0% used [0x00000000fed80000,0x00000000fed80000,0x0000000100000000)
 ParOldGen       total 341504K, used 29197K [0x00000000e0c00000, 0x00000000f5980000, 0x00000000f5980000)
  object space 341504K, 8% used [0x00000000e0c00000,0x00000000e28836a8,0x00000000f5980000)
 Metaspace       used 35668K, capacity 36542K, committed 36952K, reserved 1081344K
  class space    used 4936K, capacity 5129K, committed 5248K, reserved 1048576K
