23:21:25,448 |-INFO in ch.qos.logback.classic.LoggerContext[default] - Could NOT find resource [logback-test.xml]
23:21:25,448 |-INFO in ch.qos.logback.classic.LoggerContext[default] - Could NOT find resource [logback.groovy]
23:21:25,448 |-INFO in ch.qos.logback.classic.LoggerContext[default] - Found resource [logback.xml] at [jar:file:/home/nikitasokolov/flamestream/lib/flamestream-runtime-1.0-SNAPSHOT.jar!/logback.xml]
23:21:25,449 |-WARN in ch.qos.logback.classic.LoggerContext[default] - Resource [logback.xml] occurs multiple times on the classpath.
23:21:25,449 |-WARN in ch.qos.logback.classic.LoggerContext[default] - Resource [logback.xml] occurs at [jar:file:/home/nikitasokolov/flamestream/lib/flamestream-runtime-1.0-SNAPSHOT.jar!/logback.xml]
23:21:25,449 |-WARN in ch.qos.logback.classic.LoggerContext[default] - Resource [logback.xml] occurs at [jar:file:/home/nikitasokolov/flamestream/flamestream-runtime-1.0-SNAPSHOT.jar!/logback.xml]
23:21:25,466 |-INFO in ch.qos.logback.core.joran.spi.ConfigurationWatchList@6bf256fa - URL [jar:file:/home/nikitasokolov/flamestream/lib/flamestream-runtime-1.0-SNAPSHOT.jar!/logback.xml] is not of type file
23:21:25,519 |-INFO in ch.qos.logback.classic.joran.action.ConfigurationAction - debug attribute not set
23:21:25,520 |-INFO in ch.qos.logback.core.joran.action.AppenderAction - About to instantiate appender of type [ch.qos.logback.core.ConsoleAppender]
23:21:25,528 |-INFO in ch.qos.logback.core.joran.action.AppenderAction - Naming appender as [STDOUT]
23:21:25,535 |-INFO in ch.qos.logback.core.joran.action.NestedComplexPropertyIA - Assuming default type [ch.qos.logback.classic.encoder.PatternLayoutEncoder] for [encoder] property
23:21:25,598 |-INFO in ch.qos.logback.core.joran.action.AppenderAction - About to instantiate appender of type [ch.qos.logback.core.rolling.RollingFileAppender]
23:21:25,603 |-INFO in ch.qos.logback.core.joran.action.AppenderAction - Naming appender as [FILE]
23:21:25,627 |-INFO in c.q.l.core.rolling.TimeBasedRollingPolicy@114132791 - No compression will be used
23:21:25,628 |-INFO in c.q.l.core.rolling.TimeBasedRollingPolicy@114132791 - Will use the pattern /tmp/application_%d{yyyy-MM-dd}.%i.log for the active file
23:21:25,631 |-INFO in ch.qos.logback.core.rolling.SizeAndTimeBasedFNATP@22f71333 - The date pattern is 'yyyy-MM-dd' from file name pattern '/tmp/application_%d{yyyy-MM-dd}.%i.log'.
23:21:25,631 |-INFO in ch.qos.logback.core.rolling.SizeAndTimeBasedFNATP@22f71333 - Roll-over at midnight.
23:21:25,636 |-INFO in ch.qos.logback.core.rolling.SizeAndTimeBasedFNATP@22f71333 - Setting initial period to Thu Jun 06 22:00:24 MSK 2019
23:21:25,636 |-WARN in ch.qos.logback.core.rolling.SizeAndTimeBasedFNATP@22f71333 - SizeAndTimeBasedFNATP is deprecated. Use SizeAndTimeBasedRollingPolicy instead
23:21:25,636 |-WARN in ch.qos.logback.core.rolling.SizeAndTimeBasedFNATP@22f71333 - For more information see http://logback.qos.ch/manual/appenders.html#SizeAndTimeBasedRollingPolicy
23:21:25,640 |-INFO in ch.qos.logback.core.joran.action.NestedComplexPropertyIA - Assuming default type [ch.qos.logback.classic.encoder.PatternLayoutEncoder] for [encoder] property
23:21:25,642 |-INFO in ch.qos.logback.core.rolling.RollingFileAppender[FILE] - Active log file name: /tmp/application.log
23:21:25,642 |-INFO in ch.qos.logback.core.rolling.RollingFileAppender[FILE] - File property is set to [/tmp/application.log]
23:21:25,643 |-ERROR in ch.qos.logback.core.rolling.RollingFileAppender[FILE] - openFile(/tmp/application.log,true) call failed. java.io.FileNotFoundException: /tmp/application.log (Permission denied)
	at java.io.FileNotFoundException: /tmp/application.log (Permission denied)
	at 	at java.io.FileOutputStream.open0(Native Method)
	at 	at java.io.FileOutputStream.open(FileOutputStream.java:270)
	at 	at java.io.FileOutputStream.<init>(FileOutputStream.java:213)
	at 	at ch.qos.logback.core.recovery.ResilientFileOutputStream.<init>(ResilientFileOutputStream.java:26)
	at 	at ch.qos.logback.core.FileAppender.openFile(FileAppender.java:204)
	at 	at ch.qos.logback.core.FileAppender.start(FileAppender.java:127)
	at 	at ch.qos.logback.core.rolling.RollingFileAppender.start(RollingFileAppender.java:100)
	at 	at ch.qos.logback.core.joran.action.AppenderAction.end(AppenderAction.java:90)
	at 	at ch.qos.logback.core.joran.spi.Interpreter.callEndAction(Interpreter.java:309)
	at 	at ch.qos.logback.core.joran.spi.Interpreter.endElement(Interpreter.java:193)
	at 	at ch.qos.logback.core.joran.spi.Interpreter.endElement(Interpreter.java:179)
	at 	at ch.qos.logback.core.joran.spi.EventPlayer.play(EventPlayer.java:62)
	at 	at ch.qos.logback.core.joran.GenericConfigurator.doConfigure(GenericConfigurator.java:165)
	at 	at ch.qos.logback.core.joran.GenericConfigurator.doConfigure(GenericConfigurator.java:152)
	at 	at ch.qos.logback.core.joran.GenericConfigurator.doConfigure(GenericConfigurator.java:110)
	at 	at ch.qos.logback.core.joran.GenericConfigurator.doConfigure(GenericConfigurator.java:53)
	at 	at ch.qos.logback.classic.util.ContextInitializer.configureByResource(ContextInitializer.java:75)
	at 	at ch.qos.logback.classic.util.ContextInitializer.autoConfig(ContextInitializer.java:150)
	at 	at org.slf4j.impl.StaticLoggerBinder.init(StaticLoggerBinder.java:84)
	at 	at org.slf4j.impl.StaticLoggerBinder.<clinit>(StaticLoggerBinder.java:55)
	at 	at org.slf4j.LoggerFactory.bind(LoggerFactory.java:150)
	at 	at org.slf4j.LoggerFactory.performInitialization(LoggerFactory.java:124)
	at 	at org.slf4j.LoggerFactory.getILoggerFactory(LoggerFactory.java:412)
	at 	at org.slf4j.LoggerFactory.getLogger(LoggerFactory.java:357)
	at 	at org.slf4j.LoggerFactory.getLogger(LoggerFactory.java:383)
	at 	at com.spbsu.flamestream.runtime.WorkerApplication.<init>(WorkerApplication.java:26)
	at 	at com.spbsu.flamestream.runtime.WorkerApplication.main(WorkerApplication.java:68)
23:21:25,644 |-INFO in ch.qos.logback.classic.joran.action.RootLoggerAction - Setting level of ROOT logger to WARN
23:21:25,644 |-INFO in ch.qos.logback.core.joran.action.AppenderRefAction - Attaching appender named [STDOUT] to Logger[ROOT]
23:21:25,644 |-INFO in ch.qos.logback.core.joran.action.AppenderRefAction - Attaching appender named [FILE] to Logger[ROOT]
23:21:25,644 |-INFO in ch.qos.logback.classic.joran.action.ConfigurationAction - End of configuration.
23:21:25,645 |-INFO in ch.qos.logback.classic.joran.JoranConfigurator@3498ed - Registering current configuration as safe fallback point

2019-06-08T23:21:26.662+0300: 1.436: [GC (Metadata GC Threshold) [PSYoungGen: 97865K->15978K(149504K)] 97865K->16058K(491008K), 0.0194039 secs] [Times: user=0.11 sys=0.02, real=0.02 secs] 
2019-06-08T23:21:26.681+0300: 1.455: [Full GC (Metadata GC Threshold) [PSYoungGen: 15978K->0K(149504K)] [ParOldGen: 80K->15081K(341504K)] 16058K->15081K(491008K), [Metaspace: 20804K->20804K(1067008K)], 0.0253832 secs] [Times: user=0.17 sys=0.01, real=0.03 secs] 
23:21:37.814 [Curator-PathChildrenCache-2] WARN  o.a.c.u.ZKPaths  - The version of ZooKeeper being used doesn't support Container nodes. CreateMode.PERSISTENT will be used instead.
2019-06-08T23:21:38.379+0300: 13.153: [GC (Allocation Failure) [PSYoungGen: 128512K->16675K(149504K)] 143593K->51296K(491008K), 0.0264063 secs] [Times: user=0.21 sys=0.02, real=0.03 secs] 
2019-06-08T23:21:38.508+0300: 13.283: [GC (Metadata GC Threshold) [PSYoungGen: 28362K->6398K(149504K)] 62983K->41026K(491008K), 0.0043097 secs] [Times: user=0.03 sys=0.00, real=0.00 secs] 
2019-06-08T23:21:38.513+0300: 13.287: [Full GC (Metadata GC Threshold) [PSYoungGen: 6398K->0K(149504K)] [ParOldGen: 34628K->30171K(341504K)] 41026K->30171K(491008K), [Metaspace: 34437K->34436K(1079296K)], 0.0326078 secs] [Times: user=0.16 sys=0.00, real=0.04 secs] 
2019-06-08T23:21:40.561+0300: 15.335: [GC (Allocation Failure) [PSYoungGen: 128512K->672K(149504K)] 158683K->30851K(491008K), 0.0029630 secs] [Times: user=0.00 sys=0.02, real=0.01 secs] 
2019-06-08T23:21:42.205+0300: 16.979: [GC (Allocation Failure) [PSYoungGen: 129184K->608K(129536K)] 159363K->30795K(471040K), 0.0038456 secs] [Times: user=0.02 sys=0.01, real=0.00 secs] 
2019-06-08T23:21:43.861+0300: 18.635: [GC (Allocation Failure) [PSYoungGen: 129120K->736K(148480K)] 159307K->30923K(489984K), 0.0034577 secs] [Times: user=0.01 sys=0.01, real=0.01 secs] 
2019-06-08T23:21:44.795+0300: 19.569: [GC (Allocation Failure) [PSYoungGen: 126688K->736K(147968K)] 156875K->30931K(489472K), 0.0094349 secs] [Times: user=0.09 sys=0.01, real=0.01 secs] 
2019-06-08T23:21:45.840+0300: 20.614: [GC (Allocation Failure) [PSYoungGen: 126688K->800K(150016K)] 156883K->30995K(491520K), 0.0146209 secs] [Times: user=0.13 sys=0.00, real=0.02 secs] 
2019-06-08T23:21:47.430+0300: 22.204: [GC (Allocation Failure) [PSYoungGen: 129312K->864K(148992K)] 159507K->31067K(490496K), 0.0055408 secs] [Times: user=0.03 sys=0.01, real=0.01 secs] 
2019-06-08T23:21:48.579+0300: 23.353: [GC (Allocation Failure) [PSYoungGen: 129376K->864K(151552K)] 159579K->31075K(493056K), 0.0029453 secs] [Times: user=0.01 sys=0.00, real=0.01 secs] 
2019-06-08T23:21:49.634+0300: 24.408: [GC (Allocation Failure) [PSYoungGen: 132448K->992K(150528K)] 162659K->31211K(492032K), 0.0029539 secs] [Times: user=0.01 sys=0.00, real=0.00 secs] 
2019-06-08T23:21:50.901+0300: 25.675: [GC (Allocation Failure) [PSYoungGen: 132576K->1024K(153088K)] 162795K->31243K(494592K), 0.0024679 secs] [Times: user=0.02 sys=0.00, real=0.01 secs] 
2019-06-08T23:21:51.739+0300: 26.514: [GC (Allocation Failure) [PSYoungGen: 135680K->992K(152064K)] 165899K->31219K(493568K), 0.0031248 secs] [Times: user=0.01 sys=0.00, real=0.01 secs] 
2019-06-08T23:21:52.883+0300: 27.657: [GC (Allocation Failure) [PSYoungGen: 135648K->1216K(154624K)] 165875K->31443K(496128K), 0.0037589 secs] [Times: user=0.02 sys=0.01, real=0.00 secs] 
2019-06-08T23:21:54.340+0300: 29.114: [GC (Allocation Failure) [PSYoungGen: 139456K->896K(154112K)] 169683K->31123K(495616K), 0.0030793 secs] [Times: user=0.02 sys=0.00, real=0.01 secs] 
2019-06-08T23:21:55.204+0300: 29.978: [GC (Allocation Failure) [PSYoungGen: 139136K->1344K(156672K)] 169363K->31571K(498176K), 0.0030504 secs] [Times: user=0.01 sys=0.00, real=0.00 secs] 
2019-06-08T23:21:56.603+0300: 31.377: [GC (Allocation Failure) [PSYoungGen: 143168K->928K(155648K)] 173395K->31155K(497152K), 0.0024449 secs] [Times: user=0.01 sys=0.00, real=0.00 secs] 
2019-06-08T23:21:57.669+0300: 32.444: [GC (Allocation Failure) [PSYoungGen: 142752K->960K(158208K)] 172979K->31187K(499712K), 0.0022274 secs] [Times: user=0.01 sys=0.00, real=0.00 secs] 
2019-06-08T23:21:59.108+0300: 33.882: [GC (Allocation Failure) [PSYoungGen: 145856K->896K(157184K)] 176083K->31467K(498688K), 0.0029737 secs] [Times: user=0.01 sys=0.00, real=0.00 secs] 
2019-06-08T23:22:00.537+0300: 35.311: [GC (Allocation Failure) [PSYoungGen: 145792K->640K(159232K)] 176363K->31299K(500736K), 0.0752693 secs] [Times: user=0.02 sys=0.00, real=0.07 secs] 
2019-06-08T23:22:02.487+0300: 37.261: [GC (Allocation Failure) [PSYoungGen: 148096K->704K(158720K)] 178755K->31419K(500224K), 0.0024447 secs] [Times: user=0.01 sys=0.00, real=0.00 secs] 
23:22:08.859 [Curator-PathChildrenCache-0] ERROR o.a.c.f.r.c.PathChildrenCache  - 
java.lang.IllegalStateException: instance must be started before calling this method
	at org.apache.curator.shaded.com.google.common.base.Preconditions.checkState(Preconditions.java:444)
	at org.apache.curator.framework.imps.CuratorFrameworkImpl.getChildren(CuratorFrameworkImpl.java:456)
	at org.apache.curator.framework.recipes.cache.PathChildrenCache.refresh(PathChildrenCache.java:521)
	at org.apache.curator.framework.recipes.cache.RefreshOperation.invoke(RefreshOperation.java:35)
	at org.apache.curator.framework.recipes.cache.PathChildrenCache$9.run(PathChildrenCache.java:786)
	at java.util.concurrent.Executors$RunnableAdapter.call(Executors.java:511)
	at java.util.concurrent.FutureTask.run(FutureTask.java:266)
	at java.util.concurrent.Executors$RunnableAdapter.call(Executors.java:511)
	at java.util.concurrent.FutureTask.run(FutureTask.java:266)
	at java.util.concurrent.ThreadPoolExecutor.runWorker(ThreadPoolExecutor.java:1149)
	at java.util.concurrent.ThreadPoolExecutor$Worker.run(ThreadPoolExecutor.java:624)
	at java.lang.Thread.run(Thread.java:748)
23:22:08.958 [worker-akka.actor.default-dispatcher-12] ERROR c.s.f.r.WorkerApplication  - Something went wrong during trace flush
java.nio.file.AccessDeniedException: /tmp/trace.csv
	at sun.nio.fs.UnixException.translateToIOException(UnixException.java:84)
	at sun.nio.fs.UnixException.rethrowAsIOException(UnixException.java:102)
	at sun.nio.fs.UnixException.rethrowAsIOException(UnixException.java:107)
	at sun.nio.fs.UnixFileSystemProvider.newByteChannel(UnixFileSystemProvider.java:214)
	at java.nio.file.spi.FileSystemProvider.newOutputStream(FileSystemProvider.java:434)
	at java.nio.file.Files.newOutputStream(Files.java:216)
	at java.nio.file.Files.newBufferedWriter(Files.java:2860)
	at java.nio.file.Files.newBufferedWriter(Files.java:2896)
	at com.spbsu.flamestream.runtime.utils.tracing.Tracing.flush(Tracing.java:35)
	at com.spbsu.flamestream.runtime.WorkerApplication.lambda$run$0(WorkerApplication.java:109)
	at akka.actor.ActorSystemImpl$TerminationCallbacks$$anonfun$addRec$1$1.applyOrElse(ActorSystem.scala:1036)
	at akka.actor.ActorSystemImpl$TerminationCallbacks$$anonfun$addRec$1$1.applyOrElse(ActorSystem.scala:1036)
	at scala.concurrent.Future$$anonfun$andThen$1.apply(Future.scala:436)
	at scala.concurrent.Future$$anonfun$andThen$1.apply(Future.scala:435)
	at scala.concurrent.impl.CallbackRunnable.run(Promise.scala:36)
	at akka.dispatch.BatchingExecutor$AbstractBatch.processBatch(BatchingExecutor.scala:55)
	at akka.dispatch.BatchingExecutor$BlockableBatch$$anonfun$run$1.apply$mcV$sp(BatchingExecutor.scala:91)
	at akka.dispatch.BatchingExecutor$BlockableBatch$$anonfun$run$1.apply(BatchingExecutor.scala:91)
	at akka.dispatch.BatchingExecutor$BlockableBatch$$anonfun$run$1.apply(BatchingExecutor.scala:91)
	at scala.concurrent.BlockContext$.withBlockContext(BlockContext.scala:72)
	at akka.dispatch.BatchingExecutor$BlockableBatch.run(BatchingExecutor.scala:90)
	at akka.dispatch.TaskInvocation.run(AbstractDispatcher.scala:40)
	at akka.dispatch.ForkJoinExecutorConfigurator$AkkaForkJoinTask.exec(ForkJoinExecutorConfigurator.scala:44)
	at akka.dispatch.forkjoin.ForkJoinTask.doExec(ForkJoinTask.java:260)
	at akka.dispatch.forkjoin.ForkJoinPool$WorkQueue.runTask(ForkJoinPool.java:1339)
	at akka.dispatch.forkjoin.ForkJoinPool.runWorker(ForkJoinPool.java:1979)
	at akka.dispatch.forkjoin.ForkJoinWorkerThread.run(ForkJoinWorkerThread.java:107)
Heap
 PSYoungGen      total 158720K, used 110374K [0x00000000f5980000, 0x0000000100000000, 0x0000000100000000)
  eden space 147456K, 74% used [0x00000000f5980000,0x00000000fc499b78,0x00000000fe980000)
  from space 11264K, 6% used [0x00000000fe980000,0x00000000fea30060,0x00000000ff480000)
  to   space 10752K, 0% used [0x00000000ff580000,0x00000000ff580000,0x0000000100000000)
 ParOldGen       total 341504K, used 30715K [0x00000000e0c00000, 0x00000000f5980000, 0x00000000f5980000)
  object space 341504K, 8% used [0x00000000e0c00000,0x00000000e29feed8,0x00000000f5980000)
 Metaspace       used 36118K, capacity 37080K, committed 37208K, reserved 1081344K
  class space    used 4985K, capacity 5188K, committed 5248K, reserved 1048576K
