15:12:28,431 |-INFO in ch.qos.logback.classic.LoggerContext[default] - Could NOT find resource [logback-test.xml]
15:12:28,431 |-INFO in ch.qos.logback.classic.LoggerContext[default] - Could NOT find resource [logback.groovy]
15:12:28,431 |-INFO in ch.qos.logback.classic.LoggerContext[default] - Found resource [logback.xml] at [jar:file:/home/nikitasokolov/flamestream/lib/flamestream-runtime-1.0-SNAPSHOT.jar!/logback.xml]
15:12:28,432 |-WARN in ch.qos.logback.classic.LoggerContext[default] - Resource [logback.xml] occurs multiple times on the classpath.
15:12:28,432 |-WARN in ch.qos.logback.classic.LoggerContext[default] - Resource [logback.xml] occurs at [jar:file:/home/nikitasokolov/flamestream/lib/flamestream-runtime-1.0-SNAPSHOT.jar!/logback.xml]
15:12:28,432 |-WARN in ch.qos.logback.classic.LoggerContext[default] - Resource [logback.xml] occurs at [jar:file:/home/nikitasokolov/flamestream/flamestream-runtime-1.0-SNAPSHOT.jar!/logback.xml]
15:12:28,448 |-INFO in ch.qos.logback.core.joran.spi.ConfigurationWatchList@6108b2d7 - URL [jar:file:/home/nikitasokolov/flamestream/lib/flamestream-runtime-1.0-SNAPSHOT.jar!/logback.xml] is not of type file
15:12:28,498 |-INFO in ch.qos.logback.classic.joran.action.ConfigurationAction - debug attribute not set
15:12:28,498 |-INFO in ch.qos.logback.core.joran.action.AppenderAction - About to instantiate appender of type [ch.qos.logback.core.ConsoleAppender]
15:12:28,509 |-INFO in ch.qos.logback.core.joran.action.AppenderAction - Naming appender as [STDOUT]
15:12:28,519 |-INFO in ch.qos.logback.core.joran.action.NestedComplexPropertyIA - Assuming default type [ch.qos.logback.classic.encoder.PatternLayoutEncoder] for [encoder] property
15:12:28,576 |-INFO in ch.qos.logback.core.joran.action.AppenderAction - About to instantiate appender of type [ch.qos.logback.core.rolling.RollingFileAppender]
15:12:28,581 |-INFO in ch.qos.logback.core.joran.action.AppenderAction - Naming appender as [FILE]
15:12:28,603 |-INFO in c.q.l.core.rolling.TimeBasedRollingPolicy@357863579 - No compression will be used
15:12:28,605 |-INFO in c.q.l.core.rolling.TimeBasedRollingPolicy@357863579 - Will use the pattern /tmp/application_%d{yyyy-MM-dd}.%i.log for the active file
15:12:28,608 |-INFO in ch.qos.logback.core.rolling.SizeAndTimeBasedFNATP@6bf256fa - The date pattern is 'yyyy-MM-dd' from file name pattern '/tmp/application_%d{yyyy-MM-dd}.%i.log'.
15:12:28,608 |-INFO in ch.qos.logback.core.rolling.SizeAndTimeBasedFNATP@6bf256fa - Roll-over at midnight.
15:12:28,612 |-INFO in ch.qos.logback.core.rolling.SizeAndTimeBasedFNATP@6bf256fa - Setting initial period to Sun Jun 09 15:11:42 MSK 2019
15:12:28,612 |-WARN in ch.qos.logback.core.rolling.SizeAndTimeBasedFNATP@6bf256fa - SizeAndTimeBasedFNATP is deprecated. Use SizeAndTimeBasedRollingPolicy instead
15:12:28,612 |-WARN in ch.qos.logback.core.rolling.SizeAndTimeBasedFNATP@6bf256fa - For more information see http://logback.qos.ch/manual/appenders.html#SizeAndTimeBasedRollingPolicy
15:12:28,616 |-INFO in ch.qos.logback.core.joran.action.NestedComplexPropertyIA - Assuming default type [ch.qos.logback.classic.encoder.PatternLayoutEncoder] for [encoder] property
15:12:28,619 |-INFO in ch.qos.logback.core.rolling.RollingFileAppender[FILE] - Active log file name: /tmp/application.log
15:12:28,619 |-INFO in ch.qos.logback.core.rolling.RollingFileAppender[FILE] - File property is set to [/tmp/application.log]
15:12:28,620 |-INFO in ch.qos.logback.classic.joran.action.RootLoggerAction - Setting level of ROOT logger to WARN
15:12:28,620 |-INFO in ch.qos.logback.core.joran.action.AppenderRefAction - Attaching appender named [STDOUT] to Logger[ROOT]
15:12:28,620 |-INFO in ch.qos.logback.core.joran.action.AppenderRefAction - Attaching appender named [FILE] to Logger[ROOT]
15:12:28,620 |-INFO in ch.qos.logback.classic.joran.action.ConfigurationAction - End of configuration.
15:12:28,621 |-INFO in ch.qos.logback.classic.joran.JoranConfigurator@6cd8737 - Registering current configuration as safe fallback point

2019-06-09T15:12:29.595+0300: 1.360: [GC (Metadata GC Threshold) [PSYoungGen: 110722K->15941K(149504K)] 110722K->16021K(491008K), 0.0191536 secs] [Times: user=0.06 sys=0.01, real=0.02 secs] 
2019-06-09T15:12:29.614+0300: 1.379: [Full GC (Metadata GC Threshold) [PSYoungGen: 15941K->0K(149504K)] [ParOldGen: 80K->15078K(341504K)] 16021K->15078K(491008K), [Metaspace: 20799K->20799K(1067008K)], 0.0258293 secs] [Times: user=0.18 sys=0.02, real=0.03 secs] 
15:12:37.927 [Curator-PathChildrenCache-1] WARN  o.a.c.u.ZKPaths  - The version of ZooKeeper being used doesn't support Container nodes. CreateMode.PERSISTENT will be used instead.
2019-06-09T15:12:39.493+0300: 11.259: [GC (Allocation Failure) [PSYoungGen: 128512K->20971K(149504K)] 143590K->49872K(491008K), 0.0240155 secs] [Times: user=0.26 sys=0.05, real=0.02 secs] 
2019-06-09T15:12:39.525+0300: 11.290: [GC (Metadata GC Threshold) [PSYoungGen: 24662K->20987K(149504K)] 53562K->49968K(491008K), 0.0118696 secs] [Times: user=0.14 sys=0.00, real=0.01 secs] 
2019-06-09T15:12:39.537+0300: 11.302: [Full GC (Metadata GC Threshold) [PSYoungGen: 20987K->0K(149504K)] [ParOldGen: 28980K->38892K(341504K)] 49968K->38892K(491008K), [Metaspace: 34565K->34565K(1079296K)], 0.0509642 secs] [Times: user=0.25 sys=0.03, real=0.05 secs] 
2019-06-09T15:12:44.067+0300: 15.832: [GC (Allocation Failure) [PSYoungGen: 128512K->480K(149504K)] 167404K->39380K(491008K), 0.0020573 secs] [Times: user=0.01 sys=0.00, real=0.00 secs] 
2019-06-09T15:12:49.128+0300: 20.893: [GC (Allocation Failure) [PSYoungGen: 128992K->448K(129024K)] 167892K->39356K(470528K), 0.0038516 secs] [Times: user=0.03 sys=0.00, real=0.01 secs] 
2019-06-09T15:12:54.198+0300: 25.964: [GC (Allocation Failure) [PSYoungGen: 128960K->256K(130048K)] 167868K->39172K(471552K), 0.0030847 secs] [Times: user=0.02 sys=0.01, real=0.00 secs] 
2019-06-09T15:12:57.717+0300: 29.482: [GC (Allocation Failure) [PSYoungGen: 88832K->352K(129024K)] 127748K->39276K(470528K), 0.0044387 secs] [Times: user=0.02 sys=0.01, real=0.01 secs] 
2019-06-09T15:13:01.227+0300: 32.992: [GC (Allocation Failure) [PSYoungGen: 88928K->288K(132608K)] 127852K->39316K(474112K), 0.0030186 secs] [Times: user=0.02 sys=0.00, real=0.01 secs] 
2019-06-09T15:13:04.959+0300: 36.725: [GC (Allocation Failure) [PSYoungGen: 93472K->224K(131072K)] 132500K->39308K(472576K), 0.0028870 secs] [Times: user=0.02 sys=0.00, real=0.00 secs] 
2019-06-09T15:13:08.667+0300: 40.433: [GC (Allocation Failure) [PSYoungGen: 93408K->288K(135680K)] 132492K->39436K(477184K), 0.0025780 secs] [Times: user=0.01 sys=0.00, real=0.01 secs] 
2019-06-09T15:13:12.663+0300: 44.429: [GC (Allocation Failure) [PSYoungGen: 99616K->192K(134144K)] 138764K->39356K(475648K), 0.0041011 secs] [Times: user=0.03 sys=0.00, real=0.00 secs] 
15:13:21.735 [Curator-PathChildrenCache-0] ERROR o.a.c.f.r.c.PathChildrenCache  - 
java.lang.IllegalStateException: instance must be started before calling this method
	at org.apache.curator.shaded.com.google.common.base.Preconditions.checkState(Preconditions.java:444)
	at org.apache.curator.framework.imps.CuratorFrameworkImpl.getChildren(CuratorFrameworkImpl.java:456)
	at org.apache.curator.framework.recipes.cache.PathChildrenCache.refresh(PathChildrenCache.java:521)
	at org.apache.curator.framework.recipes.cache.RefreshOperation.invoke(RefreshOperation.java:35)
	at org.apache.curator.framework.recipes.cache.PathChildrenCache$9.run(PathChildrenCache.java:786)
	at java.util.concurrent.Executors$RunnableAdapter.call(Executors.java:511)
	at java.util.concurrent.FutureTask.run(FutureTask.java:266)
	at java.util.concurrent.Executors$RunnableAdapter.call(Executors.java:511)
	at java.util.concurrent.FutureTask.run(FutureTask.java:266)
	at java.util.concurrent.ThreadPoolExecutor.runWorker(ThreadPoolExecutor.java:1149)
	at java.util.concurrent.ThreadPoolExecutor$Worker.run(ThreadPoolExecutor.java:624)
	at java.lang.Thread.run(Thread.java:748)
Heap
 PSYoungGen      total 134144K, used 82502K [0x00000000f5980000, 0x0000000100000000, 0x0000000100000000)
  eden space 99328K, 82% used [0x00000000f5980000,0x00000000fa9e1980,0x00000000fba80000)
  from space 34816K, 0% used [0x00000000fba80000,0x00000000fbab0000,0x00000000fdc80000)
  to   space 33280K, 0% used [0x00000000fdf80000,0x00000000fdf80000,0x0000000100000000)
 ParOldGen       total 341504K, used 39164K [0x00000000e0c00000, 0x00000000f5980000, 0x00000000f5980000)
  object space 341504K, 11% used [0x00000000e0c00000,0x00000000e323f298,0x00000000f5980000)
 Metaspace       used 35668K, capacity 36542K, committed 36952K, reserved 1081344K
  class space    used 4936K, capacity 5129K, committed 5248K, reserved 1048576K
