07:36:19,910 |-INFO in ch.qos.logback.classic.LoggerContext[default] - Could NOT find resource [logback-test.xml]
07:36:19,911 |-INFO in ch.qos.logback.classic.LoggerContext[default] - Could NOT find resource [logback.groovy]
07:36:19,911 |-INFO in ch.qos.logback.classic.LoggerContext[default] - Found resource [logback.xml] at [jar:file:/home/nikitasokolov/flamestream/lib/flamestream-runtime-1.0-SNAPSHOT.jar!/logback.xml]
07:36:19,911 |-WARN in ch.qos.logback.classic.LoggerContext[default] - Resource [logback.xml] occurs multiple times on the classpath.
07:36:19,912 |-WARN in ch.qos.logback.classic.LoggerContext[default] - Resource [logback.xml] occurs at [jar:file:/home/nikitasokolov/flamestream/lib/flamestream-runtime-1.0-SNAPSHOT.jar!/logback.xml]
07:36:19,912 |-WARN in ch.qos.logback.classic.LoggerContext[default] - Resource [logback.xml] occurs at [jar:file:/home/nikitasokolov/flamestream/flamestream-runtime-1.0-SNAPSHOT.jar!/logback.xml]
07:36:19,927 |-INFO in ch.qos.logback.core.joran.spi.ConfigurationWatchList@6108b2d7 - URL [jar:file:/home/nikitasokolov/flamestream/lib/flamestream-runtime-1.0-SNAPSHOT.jar!/logback.xml] is not of type file
07:36:19,978 |-INFO in ch.qos.logback.classic.joran.action.ConfigurationAction - debug attribute not set
07:36:19,978 |-INFO in ch.qos.logback.core.joran.action.AppenderAction - About to instantiate appender of type [ch.qos.logback.core.ConsoleAppender]
07:36:19,987 |-INFO in ch.qos.logback.core.joran.action.AppenderAction - Naming appender as [STDOUT]
07:36:19,995 |-INFO in ch.qos.logback.core.joran.action.NestedComplexPropertyIA - Assuming default type [ch.qos.logback.classic.encoder.PatternLayoutEncoder] for [encoder] property
07:36:20,054 |-INFO in ch.qos.logback.core.joran.action.AppenderAction - About to instantiate appender of type [ch.qos.logback.core.rolling.RollingFileAppender]
07:36:20,059 |-INFO in ch.qos.logback.core.joran.action.AppenderAction - Naming appender as [FILE]
07:36:20,081 |-INFO in c.q.l.core.rolling.TimeBasedRollingPolicy@357863579 - No compression will be used
07:36:20,082 |-INFO in c.q.l.core.rolling.TimeBasedRollingPolicy@357863579 - Will use the pattern /tmp/application_%d{yyyy-MM-dd}.%i.log for the active file
07:36:20,085 |-INFO in ch.qos.logback.core.rolling.SizeAndTimeBasedFNATP@6bf256fa - The date pattern is 'yyyy-MM-dd' from file name pattern '/tmp/application_%d{yyyy-MM-dd}.%i.log'.
07:36:20,085 |-INFO in ch.qos.logback.core.rolling.SizeAndTimeBasedFNATP@6bf256fa - Roll-over at midnight.
07:36:20,089 |-INFO in ch.qos.logback.core.rolling.SizeAndTimeBasedFNATP@6bf256fa - Setting initial period to Sun Jun 09 07:35:34 MSK 2019
07:36:20,089 |-WARN in ch.qos.logback.core.rolling.SizeAndTimeBasedFNATP@6bf256fa - SizeAndTimeBasedFNATP is deprecated. Use SizeAndTimeBasedRollingPolicy instead
07:36:20,090 |-WARN in ch.qos.logback.core.rolling.SizeAndTimeBasedFNATP@6bf256fa - For more information see http://logback.qos.ch/manual/appenders.html#SizeAndTimeBasedRollingPolicy
07:36:20,094 |-INFO in ch.qos.logback.core.joran.action.NestedComplexPropertyIA - Assuming default type [ch.qos.logback.classic.encoder.PatternLayoutEncoder] for [encoder] property
07:36:20,096 |-INFO in ch.qos.logback.core.rolling.RollingFileAppender[FILE] - Active log file name: /tmp/application.log
07:36:20,096 |-INFO in ch.qos.logback.core.rolling.RollingFileAppender[FILE] - File property is set to [/tmp/application.log]
07:36:20,097 |-INFO in ch.qos.logback.classic.joran.action.RootLoggerAction - Setting level of ROOT logger to WARN
07:36:20,098 |-INFO in ch.qos.logback.core.joran.action.AppenderRefAction - Attaching appender named [STDOUT] to Logger[ROOT]
07:36:20,098 |-INFO in ch.qos.logback.core.joran.action.AppenderRefAction - Attaching appender named [FILE] to Logger[ROOT]
07:36:20,098 |-INFO in ch.qos.logback.classic.joran.action.ConfigurationAction - End of configuration.
07:36:20,099 |-INFO in ch.qos.logback.classic.joran.JoranConfigurator@6cd8737 - Registering current configuration as safe fallback point

2019-06-09T07:36:21.078+0300: 1.365: [GC (Metadata GC Threshold) [PSYoungGen: 108152K->15803K(149504K)] 108152K->15883K(491008K), 0.0198749 secs] [Times: user=0.09 sys=0.01, real=0.02 secs] 
2019-06-09T07:36:21.098+0300: 1.385: [Full GC (Metadata GC Threshold) [PSYoungGen: 15803K->0K(149504K)] [ParOldGen: 80K->14981K(341504K)] 15883K->14981K(491008K), [Metaspace: 20800K->20800K(1067008K)], 0.0272510 secs] [Times: user=0.18 sys=0.00, real=0.02 secs] 
07:36:29.179 [Curator-PathChildrenCache-1] WARN  o.a.c.u.ZKPaths  - The version of ZooKeeper being used doesn't support Container nodes. CreateMode.PERSISTENT will be used instead.
2019-06-09T07:36:30.165+0300: 10.452: [GC (Metadata GC Threshold) [PSYoungGen: 126051K->20987K(149504K)] 141033K->49861K(491008K), 0.0242970 secs] [Times: user=0.24 sys=0.05, real=0.02 secs] 
2019-06-09T07:36:30.189+0300: 10.476: [Full GC (Metadata GC Threshold) [PSYoungGen: 20987K->0K(149504K)] [ParOldGen: 28874K->38791K(341504K)] 49861K->38791K(491008K), [Metaspace: 34559K->34559K(1079296K)], 0.0361885 secs] [Times: user=0.17 sys=0.00, real=0.04 secs] 
2019-06-09T07:36:34.829+0300: 15.116: [GC (Allocation Failure) [PSYoungGen: 128512K->512K(149504K)] 167303K->39311K(491008K), 0.0049428 secs] [Times: user=0.02 sys=0.01, real=0.01 secs] 
2019-06-09T07:36:40.310+0300: 20.597: [GC (Allocation Failure) [PSYoungGen: 129024K->512K(149504K)] 167823K->39319K(491008K), 0.0029281 secs] [Times: user=0.01 sys=0.00, real=0.00 secs] 
2019-06-09T07:36:45.794+0300: 26.081: [GC (Allocation Failure) [PSYoungGen: 129024K->480K(129024K)] 167831K->39295K(470528K), 0.0034834 secs] [Times: user=0.02 sys=0.00, real=0.00 secs] 
2019-06-09T07:36:51.316+0300: 31.603: [GC (Allocation Failure) [PSYoungGen: 128992K->480K(132608K)] 167807K->39303K(474112K), 0.0042585 secs] [Times: user=0.03 sys=0.00, real=0.01 secs] 
2019-06-09T07:36:55.336+0300: 35.623: [GC (Allocation Failure) [PSYoungGen: 93152K->448K(130560K)] 131975K->39271K(472064K), 0.0030760 secs] [Times: user=0.02 sys=0.00, real=0.01 secs] 
2019-06-09T07:36:59.365+0300: 39.652: [GC (Allocation Failure) [PSYoungGen: 93120K->480K(136704K)] 131943K->39303K(478208K), 0.0032723 secs] [Times: user=0.02 sys=0.00, real=0.00 secs] 
2019-06-09T07:37:03.728+0300: 44.016: [GC (Allocation Failure) [PSYoungGen: 101856K->448K(135168K)] 140679K->39271K(476672K), 0.0030259 secs] [Times: user=0.02 sys=0.00, real=0.01 secs] 
2019-06-09T07:37:08.147+0300: 48.434: [GC (Allocation Failure) [PSYoungGen: 101824K->512K(140288K)] 140647K->39343K(481792K), 0.0115073 secs] [Times: user=0.10 sys=0.02, real=0.02 secs] 
2019-06-09T07:37:12.917+0300: 53.205: [GC (Allocation Failure) [PSYoungGen: 109056K->416K(138752K)] 147887K->39255K(480256K), 0.0034756 secs] [Times: user=0.01 sys=0.01, real=0.01 secs] 
2019-06-09T07:37:17.522+0300: 57.809: [GC (Allocation Failure) [PSYoungGen: 108960K->544K(143360K)] 147799K->39391K(484864K), 0.0034699 secs] [Times: user=0.01 sys=0.01, real=0.00 secs] 
2019-06-09T07:37:22.640+0300: 62.927: [GC (Allocation Failure) [PSYoungGen: 115232K->951K(141824K)] 154079K->39806K(483328K), 0.0034878 secs] [Times: user=0.02 sys=0.00, real=0.00 secs] 
2019-06-09T07:37:28.977+0300: 69.265: [GC (Allocation Failure) [PSYoungGen: 115639K->672K(146432K)] 154494K->39535K(487936K), 0.0029039 secs] [Times: user=0.01 sys=0.00, real=0.01 secs] 
2019-06-09T07:37:35.632+0300: 75.919: [GC (Allocation Failure) [PSYoungGen: 121504K->736K(144896K)] 160367K->39607K(486400K), 0.0046777 secs] [Times: user=0.04 sys=0.00, real=0.00 secs] 
2019-06-09T07:37:49.893+0300: 90.181: [GC (Allocation Failure) [PSYoungGen: 121568K->704K(149504K)] 160439K->39583K(491008K), 0.0027819 secs] [Times: user=0.01 sys=0.00, real=0.00 secs] 
07:37:49.942 [Curator-PathChildrenCache-0] ERROR o.a.c.f.r.c.PathChildrenCache  - 
java.lang.IllegalStateException: instance must be started before calling this method
	at org.apache.curator.shaded.com.google.common.base.Preconditions.checkState(Preconditions.java:444)
	at org.apache.curator.framework.imps.CuratorFrameworkImpl.getChildren(CuratorFrameworkImpl.java:456)
	at org.apache.curator.framework.recipes.cache.PathChildrenCache.refresh(PathChildrenCache.java:521)
	at org.apache.curator.framework.recipes.cache.RefreshOperation.invoke(RefreshOperation.java:35)
	at org.apache.curator.framework.recipes.cache.PathChildrenCache$9.run(PathChildrenCache.java:786)
	at java.util.concurrent.Executors$RunnableAdapter.call(Executors.java:511)
	at java.util.concurrent.FutureTask.run(FutureTask.java:266)
	at java.util.concurrent.Executors$RunnableAdapter.call(Executors.java:511)
	at java.util.concurrent.FutureTask.run(FutureTask.java:266)
	at java.util.concurrent.ThreadPoolExecutor.runWorker(ThreadPoolExecutor.java:1149)
	at java.util.concurrent.ThreadPoolExecutor$Worker.run(ThreadPoolExecutor.java:624)
	at java.lang.Thread.run(Thread.java:748)
Heap
 PSYoungGen      total 149504K, used 10264K [0x00000000f5980000, 0x0000000100000000, 0x0000000100000000)
  eden space 126976K, 7% used [0x00000000f5980000,0x00000000f62d6240,0x00000000fd580000)
  from space 22528K, 3% used [0x00000000fea00000,0x00000000feab0060,0x0000000100000000)
  to   space 20992K, 0% used [0x00000000fd580000,0x00000000fd580000,0x00000000fea00000)
 ParOldGen       total 341504K, used 38879K [0x00000000e0c00000, 0x00000000f5980000, 0x00000000f5980000)
  object space 341504K, 11% used [0x00000000e0c00000,0x00000000e31f7e58,0x00000000f5980000)
 Metaspace       used 36206K, capacity 37022K, committed 37208K, reserved 1081344K
  class space    used 4979K, capacity 5161K, committed 5248K, reserved 1048576K
