12:27:21,815 |-INFO in ch.qos.logback.classic.LoggerContext[default] - Could NOT find resource [logback-test.xml]
12:27:21,815 |-INFO in ch.qos.logback.classic.LoggerContext[default] - Could NOT find resource [logback.groovy]
12:27:21,816 |-INFO in ch.qos.logback.classic.LoggerContext[default] - Found resource [logback.xml] at [jar:file:/home/ubuntu/flamestream/lib/flamestream-runtime-1.0-SNAPSHOT.jar!/logback.xml]
12:27:21,816 |-WARN in ch.qos.logback.classic.LoggerContext[default] - Resource [logback.xml] occurs multiple times on the classpath.
12:27:21,817 |-WARN in ch.qos.logback.classic.LoggerContext[default] - Resource [logback.xml] occurs at [jar:file:/home/ubuntu/flamestream/flamestream-runtime-1.0-SNAPSHOT.jar!/logback.xml]
12:27:21,817 |-WARN in ch.qos.logback.classic.LoggerContext[default] - Resource [logback.xml] occurs at [jar:file:/home/ubuntu/flamestream/lib/flamestream-runtime-1.0-SNAPSHOT.jar!/logback.xml]
12:27:21,833 |-INFO in ch.qos.logback.core.joran.spi.ConfigurationWatchList@4678c730 - URL [jar:file:/home/ubuntu/flamestream/lib/flamestream-runtime-1.0-SNAPSHOT.jar!/logback.xml] is not of type file
12:27:21,894 |-INFO in ch.qos.logback.classic.joran.action.ConfigurationAction - debug attribute not set
12:27:21,903 |-INFO in ch.qos.logback.core.joran.action.AppenderAction - About to instantiate appender of type [ch.qos.logback.core.ConsoleAppender]
12:27:21,923 |-INFO in ch.qos.logback.core.joran.action.AppenderAction - Naming appender as [STDOUT]
12:27:21,941 |-INFO in ch.qos.logback.core.joran.action.NestedComplexPropertyIA - Assuming default type [ch.qos.logback.classic.encoder.PatternLayoutEncoder] for [encoder] property
12:27:22,032 |-INFO in ch.qos.logback.core.joran.action.AppenderAction - About to instantiate appender of type [ch.qos.logback.core.rolling.RollingFileAppender]
12:27:22,044 |-INFO in ch.qos.logback.core.joran.action.AppenderAction - Naming appender as [FILE]
12:27:22,083 |-INFO in c.q.l.core.rolling.TimeBasedRollingPolicy@1734853116 - No compression will be used
12:27:22,088 |-INFO in c.q.l.core.rolling.TimeBasedRollingPolicy@1734853116 - Will use the pattern /tmp/application_%d{yyyy-MM-dd}.%i.log for the active file
12:27:22,093 |-INFO in ch.qos.logback.core.rolling.SizeAndTimeBasedFNATP@29ee9faa - The date pattern is 'yyyy-MM-dd' from file name pattern '/tmp/application_%d{yyyy-MM-dd}.%i.log'.
12:27:22,093 |-INFO in ch.qos.logback.core.rolling.SizeAndTimeBasedFNATP@29ee9faa - Roll-over at midnight.
12:27:22,100 |-INFO in ch.qos.logback.core.rolling.SizeAndTimeBasedFNATP@29ee9faa - Setting initial period to Thu Oct 10 12:26:54 UTC 2019
12:27:22,100 |-WARN in ch.qos.logback.core.rolling.SizeAndTimeBasedFNATP@29ee9faa - SizeAndTimeBasedFNATP is deprecated. Use SizeAndTimeBasedRollingPolicy instead
12:27:22,100 |-WARN in ch.qos.logback.core.rolling.SizeAndTimeBasedFNATP@29ee9faa - For more information see http://logback.qos.ch/manual/appenders.html#SizeAndTimeBasedRollingPolicy
12:27:22,105 |-INFO in ch.qos.logback.core.joran.action.NestedComplexPropertyIA - Assuming default type [ch.qos.logback.classic.encoder.PatternLayoutEncoder] for [encoder] property
12:27:22,113 |-INFO in ch.qos.logback.core.rolling.RollingFileAppender[FILE] - Active log file name: /tmp/application.log
12:27:22,113 |-INFO in ch.qos.logback.core.rolling.RollingFileAppender[FILE] - File property is set to [/tmp/application.log]
12:27:22,114 |-INFO in ch.qos.logback.classic.joran.action.RootLoggerAction - Setting level of ROOT logger to INFO
12:27:22,114 |-INFO in ch.qos.logback.core.joran.action.AppenderRefAction - Attaching appender named [STDOUT] to Logger[ROOT]
12:27:22,115 |-INFO in ch.qos.logback.core.joran.action.AppenderRefAction - Attaching appender named [FILE] to Logger[ROOT]
12:27:22,115 |-INFO in ch.qos.logback.classic.joran.action.ConfigurationAction - End of configuration.
12:27:22,115 |-INFO in ch.qos.logback.classic.joran.JoranConfigurator@c038203 - Registering current configuration as safe fallback point

12:27:22.123 [main] INFO  c.s.f.r.WorkerApplication  - Starting worker with workerConfig 'WorkerConfig{id='flamestream-benchmarks-worker-3', localAddress=flamestream-benchmarks-worker-3/10.0.0.8:5412, zkString='flamestream-benchmarks-manager:12181', snapshotPath='/home/ubuntu/flamestream/data', guarantees=AT_MOST_ONCE}'
12:27:23.755 [worker-akka.actor.default-dispatcher-6] INFO  a.e.s.Slf4jLogger  - Slf4jLogger started
2019-10-10T12:27:23.935+0000: 2.475: [Full GC (Metadata GC Threshold) 2019-10-10T12:27:23.935+0000: 2.475: [Tenured: 0K->13624K(1024000K), 0.0678243 secs] 139464K->13624K(1484800K), [Metaspace: 20214K->20214K(1067008K)], 0.0679435 secs] [Times: user=0.06 sys=0.01, real=0.06 secs] 
12:27:24.136 [worker-akka.actor.default-dispatcher-6] WARN  a.r.RemoteActorRefProvider akka.remote.RemoteActorRefProvider - Using the 'remote' ActorRefProvider directly, which is a low-level layer. For most use cases, the 'cluster' abstraction on top of remoting is more suitable instead.
12:27:24.144 [worker-akka.actor.default-dispatcher-6] WARN  a.r.RemoteActorRefProvider akka.remote.RemoteActorRefProvider - Akka Cluster not in use - Using Akka Cluster is recommended if you need remote watch and deploy.
12:27:24.277 [worker-akka.actor.default-dispatcher-6] INFO  a.r.a.a.ArteryAeronUdpTransport(akka://worker) akka.remote.artery.aeron.ArteryAeronUdpTransport(akka://worker) - Started embedded media driver in directory [/dev/shm/aeron-flamestream-benchmarks-worker-3]
12:27:24.323 [worker-akka.actor.default-dispatcher-6] WARN  a.r.a.a.ArteryAeronUdpTransport(akka://worker) akka.remote.artery.aeron.ArteryAeronUdpTransport(akka://worker) - Aeron CnC version mismatch: compiled version = 15, file version = 16
12:27:24.664 [worker-akka.actor.default-dispatcher-6] INFO  a.r.a.a.ArteryAeronUdpTransport(akka://worker) akka.remote.artery.aeron.ArteryAeronUdpTransport(akka://worker) - Remoting started with transport [Artery aeron-udp]; listening on address [akka://worker@flamestream-benchmarks-worker-3:5412] and bound to [akka://worker@0.0.0.0:5412] with UID [5124950119994697808]
12:27:25.279 [worker-akka.actor.default-dispatcher-6] WARN  a.s.Serialization(akka://worker) akka.serialization.Serialization(akka://worker) - Using serializer [com.romix.akka.serialization.kryo.KryoSerializer] for message [akka.actor.ActorSelectionMessage]. Note that this serializer is not implemented by Akka. It's not recommended to replace serializers for messages provided by Akka.
12:27:25.280 [worker-akka.actor.default-dispatcher-6] WARN  a.s.Serialization(akka://worker) akka.serialization.Serialization(akka://worker) - Using serializer [com.romix.akka.serialization.kryo.KryoSerializer] for message [akka.actor.ActorIdentity]. Note that this serializer is not implemented by Akka. It's not recommended to replace serializers for messages provided by Akka.
12:27:25.357 [worker-akka.actor.default-dispatcher-9] INFO  a.a.RepointableActorRef akka://worker/user/watcher - Starting...
12:27:25.505 [worker-akka.actor.default-dispatcher-6] INFO  o.a.c.u.Compatibility  - Running in ZooKeeper 3.4.x compatibility mode
12:27:25.544 [worker-akka.actor.default-dispatcher-6] INFO  o.a.c.f.i.CuratorFrameworkImpl  - Starting
12:27:25.558 [worker-akka.actor.default-dispatcher-6] INFO  o.a.z.ZooKeeper  - Client environment:zookeeper.version=3.4.14-4c25d480e66aadd371de8bd2fd8da255ac140bcf, built on 03/06/2019 16:18 GMT
12:27:25.559 [worker-akka.actor.default-dispatcher-6] INFO  o.a.z.ZooKeeper  - Client environment:host.name=flamestream-benchmarks-worker-3
12:27:25.560 [worker-akka.actor.default-dispatcher-6] INFO  o.a.z.ZooKeeper  - Client environment:java.version=1.8.0_222
12:27:25.560 [worker-akka.actor.default-dispatcher-6] INFO  o.a.z.ZooKeeper  - Client environment:java.vendor=Private Build
12:27:25.562 [worker-akka.actor.default-dispatcher-6] INFO  o.a.z.ZooKeeper  - Client environment:java.home=/usr/lib/jvm/java-8-openjdk-amd64/jre
12:27:25.563 [worker-akka.actor.default-dispatcher-6] INFO  o.a.z.ZooKeeper  - Client environment:java.class.path=lib/curator-framework-4.0.1.jar:lib/commons-csv-1.4.jar:lib/aeron-client-1.21.2.jar:lib/scala-library-2.12.9.jar:lib/asm-5.0.4.jar:lib/agrona-1.0.1.jar:lib/curator-recipes-4.0.1.jar:lib/akka-testkit_2.12-2.6.0-M6.jar:lib/flamestream-runtime-1.0-SNAPSHOT.jar:lib/slf4j-simple-2.0.0-alpha1.jar:lib/jsr305-3.0.2.jar:lib/trove4j-3.0.3.jar:lib/flamestream-core-1.0-SNAPSHOT.jar:lib/commons-io-2.4.jar:lib/minlog-1.3.0.jar:lib/kryonet-2.21.jar:lib/commons-1.4.9.jar:lib/jline-0.9.94.jar:lib/akka-remote_2.12-2.6.0-M6.jar:lib/leveldbjni-all-1.8.jar:lib/lz4-1.3.0.jar:lib/slf4j-api-1.7.24.jar:lib/scala-parser-combinators_2.12-1.1.2.jar:lib/flamestream-core-1.0-SNAPSHOT-tests.jar:lib/logback-core-1.2.3.jar:lib/netty-3.10.6.Final.jar:lib/protobuf-java-3.9.0.jar:lib/minlog-1.2.jar:lib/leveldb-api-0.7.jar:lib/jool-0.9.12.jar:lib/commons-cli-1.4.jar:lib/jblas-1.2.4.jar:lib/reflectasm-1.11.3.jar:lib/reflectasm-1.07-shaded.jar:lib/audience-annotations-0.5.0.jar:lib/jackson-annotations-2.9.6.jar:lib/commons-lang-2.6.jar:lib/ssl-config-core_2.12-0.3.8.jar:lib/annotations-13.0.jar:lib/logback-classic-1.2.3.jar:lib/guava-21.0.jar:lib/reactive-streams-1.0.2.jar:lib/spotbugs-annotations-3.1.9.jar:lib/leveldb-0.7.jar:lib/commons-pool2-2.4.2.jar:lib/rocksdbjni-5.5.1.jar:lib/jackson-core-2.9.9.jar:lib/jackson-databind-2.9.9.2.jar:lib/akka-protobuf-v3_2.12-2.6.0-M6.jar:lib/jackson-annotations-2.9.0.jar:lib/flamestream-examples-1.0-SNAPSHOT.jar:lib/objenesis-2.1.jar:lib/akka-kryo-serialization_2.12-0.5.2.jar:lib/scala-java8-compat_2.12-0.8.0.jar:lib/zookeeper-3.4.14.jar:lib/akka-slf4j_2.12-2.6.0-M6.jar:lib/kryo-4.0.0.jar:lib/akka-stream_2.12-2.6.0-M6.jar:lib/aeron-driver-1.21.2.jar:lib/config-1.3.1.jar:lib/annotations-12.0.jar:lib/jedis-2.9.0.jar:lib/jcommander-1.48.jar:lib/testng-6.10.jar:lib/akka-actor_2.12-2.6.0-M6.jar:lib/curator-client-4.0.1.jar:flamestream-runtime-1.0-SNAPSHOT.jar
12:27:25.565 [worker-akka.actor.default-dispatcher-6] INFO  o.a.z.ZooKeeper  - Client environment:java.library.path=/usr/java/packages/lib/amd64:/usr/lib/x86_64-linux-gnu/jni:/lib/x86_64-linux-gnu:/usr/lib/x86_64-linux-gnu:/usr/lib/jni:/lib:/usr/lib
12:27:25.566 [worker-akka.actor.default-dispatcher-6] INFO  o.a.z.ZooKeeper  - Client environment:java.io.tmpdir=/tmp
12:27:25.566 [worker-akka.actor.default-dispatcher-6] INFO  o.a.z.ZooKeeper  - Client environment:java.compiler=<NA>
12:27:25.566 [worker-akka.actor.default-dispatcher-6] INFO  o.a.z.ZooKeeper  - Client environment:os.name=Linux
12:27:25.566 [worker-akka.actor.default-dispatcher-6] INFO  o.a.z.ZooKeeper  - Client environment:os.arch=amd64
12:27:25.566 [worker-akka.actor.default-dispatcher-6] INFO  o.a.z.ZooKeeper  - Client environment:os.version=4.15.0-1040-gcp
12:27:25.566 [worker-akka.actor.default-dispatcher-6] INFO  o.a.z.ZooKeeper  - Client environment:user.name=ubuntu
12:27:25.566 [worker-akka.actor.default-dispatcher-6] INFO  o.a.z.ZooKeeper  - Client environment:user.home=/home/ubuntu
12:27:25.567 [worker-akka.actor.default-dispatcher-6] INFO  o.a.z.ZooKeeper  - Client environment:user.dir=/home/ubuntu/flamestream
12:27:25.570 [worker-akka.actor.default-dispatcher-6] INFO  o.a.z.ZooKeeper  - Initiating client connection, connectString=flamestream-benchmarks-manager:12181 sessionTimeout=60000 watcher=org.apache.curator.ConnectionState@3d8ed7e5
12:27:25.606 [worker-akka.actor.default-dispatcher-6-SendThread(flamestream-benchmarks-manager:12181)] INFO  o.a.z.ClientCnxn  - Opening socket connection to server flamestream-benchmarks-manager/10.0.0.21:12181. Will not attempt to authenticate using SASL (unknown error)
12:27:25.616 [worker-akka.actor.default-dispatcher-6] INFO  o.a.c.f.i.CuratorFrameworkImpl  - Default schema
12:27:25.626 [worker-akka.actor.default-dispatcher-6-SendThread(flamestream-benchmarks-manager:12181)] INFO  o.a.z.ClientCnxn  - Socket connection established to flamestream-benchmarks-manager/10.0.0.21:12181, initiating session
12:27:25.684 [worker-akka.actor.default-dispatcher-6-SendThread(flamestream-benchmarks-manager:12181)] INFO  o.a.z.ClientCnxn  - Session establishment complete on server flamestream-benchmarks-manager/10.0.0.21:12181, sessionid = 0x100005c675e0003, negotiated timeout = 60000
12:27:25.700 [worker-akka.actor.default-dispatcher-6-EventThread] INFO  o.a.c.f.s.ConnectionStateManager  - State change: CONNECTED
12:27:25.704 [worker-akka.actor.default-dispatcher-9] INFO  a.a.RepointableActorRef akka://worker/user/watcher - Initializing rocksDB backend
2019-10-10T12:27:26.929+0000: 5.469: [Full GC (Metadata GC Threshold) 2019-10-10T12:27:26.929+0000: 5.469: [Tenured: 13624K->25915K(1024000K), 0.1950403 secs] 169306K->25915K(1484800K), [Metaspace: 33672K->33672K(1079296K)], 0.1951647 secs] [Times: user=0.19 sys=0.01, real=0.20 secs] 
12:27:27.260 [worker-akka.actor.default-dispatcher-6] INFO  a.a.LocalActorRef akka://worker/user/watcher/processing-watcher - Starting...
12:27:34.072 [worker-akka.actor.default-dispatcher-6] INFO  a.a.LocalActorRef akka://worker/user/watcher/processing-watcher/$a - Starting...
12:27:34.119 [worker-akka.actor.default-dispatcher-6] INFO  a.a.LocalActorRef akka://worker/user/watcher/processing-watcher/$a - Stopped
12:27:35.780 [worker-akka.actor.default-dispatcher-6] INFO  a.a.LocalActorRef akka://worker/user/watcher/processing-watcher/graph/graph - Starting...
12:27:39.590 [worker-akka.actor.default-dispatcher-12] INFO  a.a.LocalActorRef akka://worker/user/watcher/processing-watcher/graph/graph - Finishing constructor
12:27:39.595 [worker-akka.actor.default-dispatcher-6] INFO  a.a.LocalActorRef akka://worker/user/watcher/processing-watcher/graph/negotiator - Starting...
12:27:39.605 [worker-akka.actor.default-dispatcher-6] INFO  a.a.LocalActorRef akka://worker/user/watcher/processing-watcher/graph/edge - Starting...
12:27:39.608 [worker-akka.actor.default-dispatcher-12] INFO  a.a.LocalActorRef akka://worker/user/watcher/processing-watcher/graph - Starting FlameNode with config 'ClusterConfig{paths={flamestream-benchmarks-worker-1=akka://worker@flamestream-benchmarks-worker-1:5412/user/watcher/processing-watcher/graph, flamestream-benchmarks-worker-0=akka://worker@flamestream-benchmarks-worker-0:5412/user/watcher/processing-watcher/graph, flamestream-benchmarks-worker-9=akka://worker@flamestream-benchmarks-worker-9:5412/user/watcher/processing-watcher/graph, flamestream-benchmarks-worker-8=akka://worker@flamestream-benchmarks-worker-8:5412/user/watcher/processing-watcher/graph, flamestream-benchmarks-worker-7=akka://worker@flamestream-benchmarks-worker-7:5412/user/watcher/processing-watcher/graph, flamestream-benchmarks-worker-6=akka://worker@flamestream-benchmarks-worker-6:5412/user/watcher/processing-watcher/graph, flamestream-benchmarks-worker-5=akka://worker@flamestream-benchmarks-worker-5:5412/user/watcher/processing-watcher/graph, flamestream-benchmarks-worker-4=akka://worker@flamestream-benchmarks-worker-4:5412/user/watcher/processing-watcher/graph, flamestream-benchmarks-worker-3=akka://worker@flamestream-benchmarks-worker-3:5412/user/watcher/processing-watcher/graph, flamestream-benchmarks-worker-2=akka://worker@flamestream-benchmarks-worker-2:5412/user/watcher/processing-watcher/graph, flamestream-benchmarks-worker-14=akka://worker@flamestream-benchmarks-worker-14:5412/user/watcher/processing-watcher/graph, flamestream-benchmarks-worker-13=akka://worker@flamestream-benchmarks-worker-13:5412/user/watcher/processing-watcher/graph, flamestream-benchmarks-worker-12=akka://worker@flamestream-benchmarks-worker-12:5412/user/watcher/processing-watcher/graph, flamestream-benchmarks-worker-11=akka://worker@flamestream-benchmarks-worker-11:5412/user/watcher/processing-watcher/graph, flamestream-benchmarks-worker-10=akka://worker@flamestream-benchmarks-worker-10:5412/user/watcher/processing-watcher/graph}}'
12:27:39.625 [worker-akka.actor.default-dispatcher-12] INFO  a.a.LocalActorRef akka://worker/user/watcher/processing-watcher/graph/negotiator - Requesting ticket for the frontClass FlameSocketGraphDeployerFront@flamestream-benchmarks-worker-3
12:27:39.679 [worker-akka.actor.default-dispatcher-10] INFO  a.a.LocalActorRef akka://worker/user/watcher/processing-watcher/graph/graph - Received last commit 'LastCommit{globalTime=(0000000, min@min)}'
12:27:39.716 [worker-akka.actor.default-dispatcher-13] INFO  c.s.f.r.e.s.SocketRear  - FlameSocketGraphDeployerRear@flamestream-benchmarks-worker-3: connecting to flamestream-benchmarks-manager:5678
12:27:39.725 [worker-akka.actor.default-dispatcher-10] INFO  a.a.LocalActorRef akka://worker/user/watcher/processing-watcher/graph/edge/FlameSocketGraphDeployerFront - Starting...
12:27:39.740 [worker-akka.actor.default-dispatcher-13] INFO  c.s.f.r.e.s.SocketRear  - FlameSocketGraphDeployerRear@flamestream-benchmarks-worker-3: connected to flamestream-benchmarks-manager:5678
12:27:39.742 [worker-akka.actor.default-dispatcher-13] INFO  a.a.LocalActorRef akka://worker/user/watcher/processing-watcher/graph/edge/FlameSocketGraphDeployerRear - Starting...
12:27:39.765 [worker-akka.actor.default-dispatcher-13] INFO  a.a.LocalActorRef akka://worker/user/watcher/processing-watcher/graph/negotiator - Ticket for the frontClass received: FrontTicket{allowedTimestamp=(0000000, FlameSocketGraphDeployerFront@flamestream-benchmarks-worker-3)}
12:27:39.767 [worker-akka.actor.default-dispatcher-13] INFO  c.s.f.r.e.s.SocketFront  - FlameSocketGraphDeployerFront@flamestream-benchmarks-worker-3: connecting to flamestream-benchmarks-manager:4567
12:27:39.932 [worker-akka.actor.default-dispatcher-13] INFO  a.a.LocalActorRef akka://worker/user/watcher/processing-watcher/graph/graph/$a - Starting...
12:27:39.942 [worker-akka.actor.default-dispatcher-13] INFO  a.a.LocalActorRef akka://worker/user/watcher/processing-watcher/graph/graph/$b - Starting...
12:27:39.945 [worker-akka.actor.default-dispatcher-13] INFO  a.a.LocalActorRef akka://worker/user/watcher/processing-watcher/graph/graph/$c - Starting...
12:27:39.949 [worker-akka.actor.default-dispatcher-13] INFO  a.a.LocalActorRef akka://worker/user/watcher/processing-watcher/graph/graph/$d - Starting...
12:27:39.950 [worker-akka.actor.default-dispatcher-13] INFO  a.a.LocalActorRef akka://worker/user/watcher/processing-watcher/graph/graph/$e - Starting...
12:27:39.952 [worker-akka.actor.default-dispatcher-13] INFO  a.a.LocalActorRef akka://worker/user/watcher/processing-watcher/graph/graph/$f - Starting...
12:27:39.954 [worker-akka.actor.default-dispatcher-13] INFO  a.a.LocalActorRef akka://worker/user/watcher/processing-watcher/graph/graph/$g - Starting...
12:27:39.956 [worker-akka.actor.default-dispatcher-13] INFO  a.a.LocalActorRef akka://worker/user/watcher/processing-watcher/graph/graph/$h - Starting...
12:27:39.958 [worker-akka.actor.default-dispatcher-13] INFO  a.a.LocalActorRef akka://worker/user/watcher/processing-watcher/graph/graph/$i - Starting...
12:27:39.961 [worker-akka.actor.default-dispatcher-13] INFO  a.a.LocalActorRef akka://worker/user/watcher/processing-watcher/graph/graph/$j - Starting...
12:27:39.964 [worker-akka.actor.default-dispatcher-13] INFO  a.a.LocalActorRef akka://worker/user/watcher/processing-watcher/graph/graph/$k - Starting...
12:27:39.967 [worker-akka.actor.default-dispatcher-13] INFO  a.a.LocalActorRef akka://worker/user/watcher/processing-watcher/graph/graph/$l - Starting...
12:27:39.970 [worker-akka.actor.default-dispatcher-13] INFO  a.a.LocalActorRef akka://worker/user/watcher/processing-watcher/graph/graph/$m - Starting...
12:27:39.973 [worker-akka.actor.default-dispatcher-13] INFO  a.a.LocalActorRef akka://worker/user/watcher/processing-watcher/graph/graph/$n - Starting...
12:27:39.977 [worker-akka.actor.default-dispatcher-13] INFO  a.a.LocalActorRef akka://worker/user/watcher/processing-watcher/graph/graph/$o - Starting...
12:27:39.984 [worker-akka.actor.default-dispatcher-13] INFO  a.a.LocalActorRef akka://worker/user/watcher/processing-watcher/graph/graph/$p - Starting...
12:27:39.988 [worker-akka.actor.default-dispatcher-13] INFO  a.a.LocalActorRef akka://worker/user/watcher/processing-watcher/graph/graph/$q - Starting...
12:27:39.990 [worker-akka.actor.default-dispatcher-13] INFO  a.a.LocalActorRef akka://worker/user/watcher/processing-watcher/graph/graph/$r - Starting...
12:27:39.995 [worker-akka.actor.default-dispatcher-13] INFO  a.a.LocalActorRef akka://worker/user/watcher/processing-watcher/graph/graph/$s - Starting...
12:27:39.998 [worker-akka.actor.default-dispatcher-13] INFO  a.a.LocalActorRef akka://worker/user/watcher/processing-watcher/graph/graph/$t - Starting...
12:27:40.000 [worker-akka.actor.default-dispatcher-13] INFO  a.a.LocalActorRef akka://worker/user/watcher/processing-watcher/graph/graph/$u - Starting...
12:27:40.012 [worker-akka.actor.default-dispatcher-13] INFO  a.a.LocalActorRef akka://worker/user/watcher/processing-watcher/graph/graph/$v - Starting...
12:27:40.047 [worker-akka.actor.default-dispatcher-13] INFO  a.a.LocalActorRef akka://worker/user/watcher/processing-watcher/graph/graph/$w - Starting...
12:27:40.051 [worker-akka.actor.default-dispatcher-13] INFO  a.a.LocalActorRef akka://worker/user/watcher/processing-watcher/graph/graph/$x - Starting...
12:27:40.055 [worker-akka.actor.default-dispatcher-13] INFO  a.a.LocalActorRef akka://worker/user/watcher/processing-watcher/graph/graph/$y - Starting...
12:27:40.072 [worker-akka.actor.default-dispatcher-6] INFO  a.a.LocalActorRef akka://worker/user/watcher/processing-watcher/graph/graph/$z - Starting...
12:27:40.074 [worker-akka.actor.default-dispatcher-10] INFO  a.a.LocalActorRef akka://worker/user/watcher/processing-watcher/graph/graph/$A - Starting...
12:27:40.081 [worker-akka.actor.default-dispatcher-13] INFO  a.a.LocalActorRef akka://worker/user/watcher/processing-watcher/graph/graph/$v - Attached rear to graph (-9223372036854775808, min@min)
12:27:40.084 [worker-akka.actor.default-dispatcher-6] INFO  a.a.LocalActorRef akka://worker/user/watcher/processing-watcher/graph/graph/$B - Starting...
12:27:40.086 [worker-akka.actor.default-dispatcher-6] INFO  a.a.LocalActorRef akka://worker/user/watcher/processing-watcher/graph/graph/$D - Starting...
12:27:40.087 [worker-akka.actor.default-dispatcher-6] INFO  a.a.LocalActorRef akka://worker/user/watcher/processing-watcher/graph/graph/$E - Starting...
12:27:40.095 [worker-akka.actor.default-dispatcher-6] INFO  a.a.LocalActorRef akka://worker/user/watcher/processing-watcher/graph/graph/$C - Starting...
12:27:40.096 [worker-akka.actor.default-dispatcher-6] INFO  a.a.LocalActorRef akka://worker/user/watcher/processing-watcher/graph/graph/$G - Starting...
12:27:40.096 [worker-akka.actor.default-dispatcher-6] INFO  a.a.LocalActorRef akka://worker/user/watcher/processing-watcher/graph/graph/$H - Starting...
12:27:40.098 [worker-akka.actor.default-dispatcher-10] INFO  a.a.LocalActorRef akka://worker/user/watcher/processing-watcher/graph/graph/$F - Starting...
2019-10-10T12:27:52.094+0000: 30.634: [GC (Allocation Failure) 2019-10-10T12:27:52.094+0000: 30.634: [DefNew: 409600K->30899K(460800K), 0.0593252 secs] 435515K->56814K(1484800K), 0.0594538 secs] [Times: user=0.03 sys=0.03, real=0.06 secs] 
2019-10-10T12:27:59.593+0000: 38.133: [GC (Allocation Failure) 2019-10-10T12:27:59.593+0000: 38.133: [DefNew: 440499K->50K(460800K), 0.0444134 secs] 466414K->54153K(1484800K), 0.0445619 secs] [Times: user=0.02 sys=0.02, real=0.04 secs] 
2019-10-10T12:28:05.250+0000: 43.792: [GC (Allocation Failure) 2019-10-10T12:28:05.252+0000: 43.792: [DefNew: 409650K->114K(460800K), 0.0038903 secs] 463753K->54218K(1484800K), 0.0055320 secs] [Times: user=0.01 sys=0.00, real=0.01 secs] 
2019-10-10T12:28:09.965+0000: 48.505: [GC (Allocation Failure) 2019-10-10T12:28:09.965+0000: 48.506: [DefNew: 409714K->199K(460800K), 0.0043955 secs] 463818K->54303K(1484800K), 0.0045395 secs] [Times: user=0.00 sys=0.00, real=0.00 secs] 
2019-10-10T12:28:14.756+0000: 53.296: [GC (Allocation Failure) 2019-10-10T12:28:14.756+0000: 53.296: [DefNew: 409799K->343K(460800K), 0.0046085 secs] 463903K->54446K(1484800K), 0.0047282 secs] [Times: user=0.01 sys=0.00, real=0.00 secs] 
2019-10-10T12:28:19.339+0000: 57.879: [GC (Allocation Failure) 2019-10-10T12:28:19.339+0000: 57.879: [DefNew: 409943K->251K(460800K), 0.0042171 secs] 464046K->54355K(1484800K), 0.0043511 secs] [Times: user=0.01 sys=0.00, real=0.01 secs] 
2019-10-10T12:28:24.185+0000: 62.725: [GC (Allocation Failure) 2019-10-10T12:28:24.185+0000: 62.725: [DefNew: 409851K->151K(460800K), 0.0036830 secs] 463955K->54254K(1484800K), 0.0038142 secs] [Times: user=0.00 sys=0.00, real=0.00 secs] 
2019-10-10T12:28:32.063+0000: 70.604: [GC (Allocation Failure) 2019-10-10T12:28:32.064+0000: 70.604: [DefNew: 409751K->502K(460800K), 0.0051936 secs] 463854K->54606K(1484800K), 0.0053099 secs] [Times: user=0.01 sys=0.00, real=0.00 secs] 
2019-10-10T12:28:37.706+0000: 76.246: [GC (Allocation Failure) 2019-10-10T12:28:37.706+0000: 76.246: [DefNew: 410102K->302K(460800K), 0.0042362 secs] 464206K->54405K(1484800K), 0.0043443 secs] [Times: user=0.01 sys=0.00, real=0.00 secs] 
2019-10-10T12:28:43.377+0000: 81.918: [GC (Allocation Failure) 2019-10-10T12:28:43.378+0000: 81.918: [DefNew: 409902K->413K(460800K), 0.0056149 secs] 464005K->54516K(1484800K), 0.0070450 secs] [Times: user=0.00 sys=0.00, real=0.01 secs] 
2019-10-10T12:28:49.344+0000: 87.884: [GC (Allocation Failure) 2019-10-10T12:28:49.344+0000: 87.885: [DefNew: 410013K->309K(460800K), 0.0041337 secs] 464116K->54413K(1484800K), 0.0042455 secs] [Times: user=0.00 sys=0.00, real=0.00 secs] 
2019-10-10T12:28:54.984+0000: 93.525: [GC (Allocation Failure) 2019-10-10T12:28:54.985+0000: 93.525: [DefNew: 409909K->472K(460800K), 0.0050848 secs] 464013K->54576K(1484800K), 0.0065453 secs] [Times: user=0.00 sys=0.00, real=0.00 secs] 
2019-10-10T12:29:01.422+0000: 99.962: [GC (Allocation Failure) 2019-10-10T12:29:01.422+0000: 99.962: [DefNew: 410072K->378K(460800K), 0.0047833 secs] 464176K->54482K(1484800K), 0.0048975 secs] [Times: user=0.01 sys=0.00, real=0.01 secs] 
2019-10-10T12:29:06.997+0000: 105.539: [GC (Allocation Failure) 2019-10-10T12:29:06.999+0000: 105.539: [DefNew: 409978K->532K(460800K), 0.0056414 secs] 464082K->54636K(1484800K), 0.0071685 secs] [Times: user=0.01 sys=0.00, real=0.01 secs] 
2019-10-10T12:29:12.539+0000: 111.080: [GC (Allocation Failure) 2019-10-10T12:29:12.539+0000: 111.080: [DefNew: 410132K->313K(460800K), 0.0045104 secs] 464236K->54417K(1484800K), 0.0046334 secs] [Times: user=0.01 sys=0.00, real=0.01 secs] 
2019-10-10T12:29:17.934+0000: 116.474: [GC (Allocation Failure) 2019-10-10T12:29:17.934+0000: 116.474: [DefNew: 409913K->275K(460800K), 0.0043913 secs] 464017K->54378K(1484800K), 0.0045108 secs] [Times: user=0.01 sys=0.00, real=0.00 secs] 
2019-10-10T12:29:23.426+0000: 121.966: [GC (Allocation Failure) 2019-10-10T12:29:23.426+0000: 121.966: [DefNew: 409875K->383K(460800K), 0.0046987 secs] 463978K->54497K(1484800K), 0.0048145 secs] [Times: user=0.01 sys=0.00, real=0.00 secs] 
2019-10-10T12:29:30.074+0000: 128.614: [GC (Allocation Failure) 2019-10-10T12:29:30.074+0000: 128.614: [DefNew: 409983K->305K(460800K), 0.0045310 secs] 464097K->54425K(1484800K), 0.0046948 secs] [Times: user=0.01 sys=0.00, real=0.00 secs] 
2019-10-10T12:29:36.187+0000: 134.727: [GC (Allocation Failure) 2019-10-10T12:29:36.187+0000: 134.727: [DefNew: 409905K->508K(460800K), 0.0054124 secs] 464025K->54634K(1484800K), 0.0055470 secs] [Times: user=0.00 sys=0.00, real=0.01 secs] 
2019-10-10T12:29:41.474+0000: 140.015: [GC (Allocation Failure) 2019-10-10T12:29:41.475+0000: 140.015: [DefNew: 410108K->393K(460800K), 0.0048740 secs] 464234K->54527K(1484800K), 0.0064563 secs] [Times: user=0.01 sys=0.00, real=0.00 secs] 
2019-10-10T12:29:46.783+0000: 145.325: [GC (Allocation Failure) 2019-10-10T12:29:46.785+0000: 145.325: [DefNew: 409993K->302K(460800K), 0.0045857 secs] 464127K->54438K(1484800K), 0.0059686 secs] [Times: user=0.00 sys=0.00, real=0.00 secs] 
2019-10-10T12:29:52.519+0000: 151.059: [GC (Allocation Failure) 2019-10-10T12:29:52.519+0000: 151.059: [DefNew: 409902K->364K(460800K), 0.0043907 secs] 464038K->54500K(1484800K), 0.0044933 secs] [Times: user=0.00 sys=0.00, real=0.01 secs] 
2019-10-10T12:29:58.086+0000: 156.626: [GC (Allocation Failure) 2019-10-10T12:29:58.086+0000: 156.626: [DefNew: 409964K->141K(460800K), 0.0046802 secs] 464100K->54429K(1484800K), 0.0048039 secs] [Times: user=0.01 sys=0.00, real=0.00 secs] 
2019-10-10T12:30:03.736+0000: 162.276: [GC (Allocation Failure) 2019-10-10T12:30:03.736+0000: 162.276: [DefNew: 409741K->253K(460800K), 0.0042298 secs] 464029K->54542K(1484800K), 0.0043777 secs] [Times: user=0.00 sys=0.00, real=0.00 secs] 
2019-10-10T12:30:09.244+0000: 167.786: [GC (Allocation Failure) 2019-10-10T12:30:09.246+0000: 167.786: [DefNew: 409853K->166K(460800K), 0.0040209 secs] 464142K->54456K(1484800K), 0.0055500 secs] [Times: user=0.00 sys=0.00, real=0.00 secs] 
2019-10-10T12:30:14.637+0000: 173.177: [GC (Allocation Failure) 2019-10-10T12:30:14.637+0000: 173.177: [DefNew: 409766K->353K(460800K), 0.0045280 secs] 464056K->54643K(1484800K), 0.0046409 secs] [Times: user=0.01 sys=0.00, real=0.00 secs] 
2019-10-10T12:30:20.261+0000: 178.802: [GC (Allocation Failure) 2019-10-10T12:30:20.261+0000: 178.802: [DefNew: 409953K->382K(460800K), 0.0048070 secs] 464243K->54672K(1484800K), 0.0049190 secs] [Times: user=0.00 sys=0.00, real=0.01 secs] 
2019-10-10T12:30:25.903+0000: 184.443: [GC (Allocation Failure) 2019-10-10T12:30:25.903+0000: 184.443: [DefNew: 409982K->145K(460800K), 0.0037703 secs] 464272K->54436K(1484800K), 0.0038803 secs] [Times: user=0.00 sys=0.00, real=0.00 secs] 
2019-10-10T12:30:31.339+0000: 189.880: [GC (Allocation Failure) 2019-10-10T12:30:31.340+0000: 189.880: [DefNew: 409745K->306K(460800K), 0.0049109 secs] 464036K->54598K(1484800K), 0.0063449 secs] [Times: user=0.00 sys=0.00, real=0.01 secs] 
2019-10-10T12:30:36.630+0000: 195.172: [GC (Allocation Failure) 2019-10-10T12:30:36.632+0000: 195.172: [DefNew: 409906K->205K(460800K), 0.0040415 secs] 464198K->54497K(1484800K), 0.0054211 secs] [Times: user=0.01 sys=0.00, real=0.01 secs] 
2019-10-10T12:30:42.115+0000: 200.657: [GC (Allocation Failure) 2019-10-10T12:30:42.117+0000: 200.657: [DefNew: 409805K->141K(460800K), 0.0045440 secs] 464097K->54436K(1484800K), 0.0061833 secs] [Times: user=0.00 sys=0.00, real=0.00 secs] 
2019-10-10T12:30:47.695+0000: 206.236: [GC (Allocation Failure) 2019-10-10T12:30:47.695+0000: 206.236: [DefNew: 409741K->151K(460800K), 0.0036735 secs] 464036K->54446K(1484800K), 0.0037999 secs] [Times: user=0.01 sys=0.00, real=0.00 secs] 
2019-10-10T12:30:53.047+0000: 211.588: [GC (Allocation Failure) 2019-10-10T12:30:53.048+0000: 211.588: [DefNew: 409751K->129K(460800K), 0.0042313 secs] 464046K->54475K(1484800K), 0.0055971 secs] [Times: user=0.00 sys=0.00, real=0.01 secs] 
2019-10-10T12:30:58.570+0000: 217.110: [GC (Allocation Failure) 2019-10-10T12:30:58.570+0000: 217.110: [DefNew: 409729K->135K(460800K), 0.0038688 secs] 464075K->54481K(1484800K), 0.0039980 secs] [Times: user=0.00 sys=0.00, real=0.01 secs] 
2019-10-10T12:31:03.852+0000: 222.394: [GC (Allocation Failure) 2019-10-10T12:31:03.854+0000: 222.394: [DefNew: 409735K->135K(460800K), 0.0040035 secs] 464081K->54482K(1484800K), 0.0055662 secs] [Times: user=0.01 sys=0.00, real=0.00 secs] 
2019-10-10T12:31:09.641+0000: 228.181: [GC (Allocation Failure) 2019-10-10T12:31:09.641+0000: 228.181: [DefNew: 409735K->93K(460800K), 0.0036007 secs] 464082K->54440K(1484800K), 0.0037266 secs] [Times: user=0.00 sys=0.00, real=0.01 secs] 
2019-10-10T12:31:15.325+0000: 233.867: [GC (Allocation Failure) 2019-10-10T12:31:15.326+0000: 233.867: [DefNew: 409693K->273K(460800K), 0.0044318 secs] 464040K->54620K(1484800K), 0.0058616 secs] [Times: user=0.00 sys=0.00, real=0.00 secs] 
2019-10-10T12:31:20.996+0000: 239.538: [GC (Allocation Failure) 2019-10-10T12:31:20.998+0000: 239.538: [DefNew: 409873K->91K(460800K), 0.0036873 secs] 464220K->54438K(1484800K), 0.0051277 secs] [Times: user=0.00 sys=0.00, real=0.00 secs] 
2019-10-10T12:31:26.491+0000: 245.031: [GC (Allocation Failure) 2019-10-10T12:31:26.491+0000: 245.031: [DefNew: 409691K->160K(460800K), 0.0041086 secs] 464038K->54508K(1484800K), 0.0042262 secs] [Times: user=0.01 sys=0.00, real=0.00 secs] 
2019-10-10T12:31:31.830+0000: 250.372: [GC (Allocation Failure) 2019-10-10T12:31:31.832+0000: 250.372: [DefNew: 409760K->229K(460800K), 0.0042725 secs] 464108K->54578K(1484800K), 0.0056257 secs] [Times: user=0.00 sys=0.00, real=0.01 secs] 
2019-10-10T12:31:37.103+0000: 255.645: [GC (Allocation Failure) 2019-10-10T12:31:37.104+0000: 255.645: [DefNew: 409829K->163K(460800K), 0.0039990 secs] 464178K->54512K(1484800K), 0.0053543 secs] [Times: user=0.00 sys=0.00, real=0.00 secs] 
2019-10-10T12:31:42.838+0000: 261.378: [GC (Allocation Failure) 2019-10-10T12:31:42.838+0000: 261.378: [DefNew: 409763K->461K(460800K), 0.0047636 secs] 464112K->54810K(1484800K), 0.0048815 secs] [Times: user=0.00 sys=0.00, real=0.00 secs] 
2019-10-10T12:31:48.198+0000: 266.739: [GC (Allocation Failure) 2019-10-10T12:31:48.199+0000: 266.740: [DefNew: 410061K->310K(460800K), 0.0044390 secs] 464410K->54664K(1484800K), 0.0058674 secs] [Times: user=0.00 sys=0.00, real=0.01 secs] 
2019-10-10T12:31:53.863+0000: 272.403: [GC (Allocation Failure) 2019-10-10T12:31:53.863+0000: 272.403: [DefNew: 409910K->226K(460800K), 0.0042517 secs] 464264K->54581K(1484800K), 0.0044108 secs] [Times: user=0.01 sys=0.00, real=0.01 secs] 
2019-10-10T12:31:59.176+0000: 277.716: [GC (Allocation Failure) 2019-10-10T12:31:59.176+0000: 277.716: [DefNew: 409826K->360K(460800K), 0.0048830 secs] 464181K->54716K(1484800K), 0.0049812 secs] [Times: user=0.01 sys=0.00, real=0.00 secs] 
2019-10-10T12:32:04.546+0000: 283.086: [GC (Allocation Failure) 2019-10-10T12:32:04.546+0000: 283.086: [DefNew: 409960K->133K(460800K), 0.0036827 secs] 464316K->54489K(1484800K), 0.0037752 secs] [Times: user=0.00 sys=0.00, real=0.00 secs] 
2019-10-10T12:32:09.890+0000: 288.431: [GC (Allocation Failure) 2019-10-10T12:32:09.891+0000: 288.431: [DefNew: 409733K->110K(460800K), 0.0037107 secs] 464089K->54466K(1484800K), 0.0050314 secs] [Times: user=0.00 sys=0.00, real=0.01 secs] 
2019-10-10T12:32:15.123+0000: 293.665: [GC (Allocation Failure) 2019-10-10T12:32:15.125+0000: 293.665: [DefNew: 409710K->222K(460800K), 0.0041513 secs] 464066K->54578K(1484800K), 0.0056633 secs] [Times: user=0.01 sys=0.00, real=0.00 secs] 
2019-10-10T12:32:21.176+0000: 299.716: [GC (Allocation Failure) 2019-10-10T12:32:21.176+0000: 299.716: [DefNew: 409822K->164K(460800K), 0.0037482 secs] 464178K->54520K(1484800K), 0.0038976 secs] [Times: user=0.00 sys=0.00, real=0.00 secs] 
2019-10-10T12:32:26.655+0000: 305.195: [GC (Allocation Failure) 2019-10-10T12:32:26.655+0000: 305.195: [DefNew: 409764K->135K(460800K), 0.0040471 secs] 464120K->54492K(1484800K), 0.0041660 secs] [Times: user=0.01 sys=0.00, real=0.00 secs] 
2019-10-10T12:32:31.954+0000: 310.496: [GC (Allocation Failure) 2019-10-10T12:32:31.956+0000: 310.496: [DefNew: 409735K->165K(460800K), 0.0043161 secs] 464092K->54522K(1484800K), 0.0063344 secs] [Times: user=0.00 sys=0.00, real=0.00 secs] 
2019-10-10T12:32:37.278+0000: 315.820: [GC (Allocation Failure) 2019-10-10T12:32:37.280+0000: 315.820: [DefNew: 409765K->422K(460800K), 0.0051989 secs] 464122K->54779K(1484800K), 0.0068598 secs] [Times: user=0.00 sys=0.00, real=0.01 secs] 
2019-10-10T12:32:42.614+0000: 321.156: [GC (Allocation Failure) 2019-10-10T12:32:42.616+0000: 321.156: [DefNew: 410022K->355K(460800K), 0.0048471 secs] 464379K->54712K(1484800K), 0.0065524 secs] [Times: user=0.00 sys=0.00, real=0.00 secs] 
2019-10-10T12:32:47.921+0000: 326.462: [GC (Allocation Failure) 2019-10-10T12:32:47.922+0000: 326.463: [DefNew: 409955K->271K(460800K), 0.0044573 secs] 464312K->54648K(1484800K), 0.0061962 secs] [Times: user=0.00 sys=0.00, real=0.01 secs] 
2019-10-10T12:32:53.221+0000: 331.762: [GC (Allocation Failure) 2019-10-10T12:32:53.222+0000: 331.763: [DefNew: 409871K->157K(460800K), 0.0041375 secs] 464248K->54539K(1484800K), 0.0056209 secs] [Times: user=0.00 sys=0.00, real=0.01 secs] 
2019-10-10T12:32:58.876+0000: 337.416: [GC (Allocation Failure) 2019-10-10T12:32:58.876+0000: 337.416: [DefNew: 409757K->130K(460800K), 0.0037578 secs] 464139K->54513K(1484800K), 0.0038704 secs] [Times: user=0.00 sys=0.00, real=0.00 secs] 
2019-10-10T12:33:04.450+0000: 342.991: [GC (Allocation Failure) 2019-10-10T12:33:04.451+0000: 342.992: [DefNew: 409730K->278K(460800K), 0.0044668 secs] 464113K->54660K(1484800K), 0.0058465 secs] [Times: user=0.01 sys=0.00, real=0.01 secs] 
2019-10-10T12:33:09.764+0000: 348.306: [GC (Allocation Failure) 2019-10-10T12:33:09.766+0000: 348.306: [DefNew: 409878K->127K(460800K), 0.0043084 secs] 464260K->54510K(1484800K), 0.0057067 secs] [Times: user=0.01 sys=0.00, real=0.00 secs] 
2019-10-10T12:33:15.252+0000: 353.794: [GC (Allocation Failure) 2019-10-10T12:33:15.253+0000: 353.794: [DefNew: 409727K->348K(460800K), 0.0047712 secs] 464110K->54731K(1484800K), 0.0062391 secs] [Times: user=0.00 sys=0.00, real=0.00 secs] 
2019-10-10T12:33:20.532+0000: 359.073: [GC (Allocation Failure) 2019-10-10T12:33:20.532+0000: 359.073: [DefNew: 409948K->374K(460800K), 0.0047878 secs] 464331K->54756K(1484800K), 0.0049140 secs] [Times: user=0.00 sys=0.00, real=0.00 secs] 
2019-10-10T12:33:26.235+0000: 364.776: [GC (Allocation Failure) 2019-10-10T12:33:26.236+0000: 364.776: [DefNew: 409974K->393K(460800K), 0.0052626 secs] 464356K->54776K(1484800K), 0.0067027 secs] [Times: user=0.00 sys=0.01, real=0.00 secs] 
2019-10-10T12:33:31.821+0000: 370.361: [GC (Allocation Failure) 2019-10-10T12:33:31.821+0000: 370.361: [DefNew: 409993K->237K(460800K), 0.0040736 secs] 464376K->54620K(1484800K), 0.0041778 secs] [Times: user=0.01 sys=0.00, real=0.01 secs] 
2019-10-10T12:33:37.199+0000: 375.741: [GC (Allocation Failure) 2019-10-10T12:33:37.201+0000: 375.741: [DefNew: 409837K->274K(460800K), 0.0045511 secs] 464220K->54657K(1484800K), 0.0063668 secs] [Times: user=0.01 sys=0.00, real=0.01 secs] 
2019-10-10T12:33:42.479+0000: 381.020: [GC (Allocation Failure) 2019-10-10T12:33:42.479+0000: 381.020: [DefNew: 409874K->138K(460800K), 0.0037912 secs] 464257K->54521K(1484800K), 0.0039156 secs] [Times: user=0.00 sys=0.00, real=0.01 secs] 
2019-10-10T12:33:47.869+0000: 386.411: [GC (Allocation Failure) 2019-10-10T12:33:47.871+0000: 386.411: [DefNew: 409738K->289K(460800K), 0.0045187 secs] 464121K->54699K(1484800K), 0.0060222 secs] [Times: user=0.00 sys=0.01, real=0.01 secs] 
2019-10-10T12:33:53.150+0000: 391.692: [GC (Allocation Failure) 2019-10-10T12:33:53.151+0000: 391.692: [DefNew: 409889K->311K(460800K), 0.0048961 secs] 464299K->54735K(1484800K), 0.0063415 secs] [Times: user=0.01 sys=0.00, real=0.01 secs] 
2019-10-10T12:33:58.589+0000: 397.130: [GC (Allocation Failure) 2019-10-10T12:33:58.589+0000: 397.130: [DefNew: 409911K->103K(460800K), 0.0036317 secs] 464335K->54527K(1484800K), 0.0037337 secs] [Times: user=0.01 sys=0.00, real=0.01 secs] 
2019-10-10T12:34:03.934+0000: 402.474: [GC (Allocation Failure) 2019-10-10T12:34:03.934+0000: 402.474: [DefNew: 409703K->98K(460800K), 0.0036573 secs] 464127K->54522K(1484800K), 0.0037823 secs] [Times: user=0.00 sys=0.00, real=0.00 secs] 
2019-10-10T12:34:09.277+0000: 407.819: [GC (Allocation Failure) 2019-10-10T12:34:09.279+0000: 407.819: [DefNew: 409698K->233K(460800K), 0.0046117 secs] 464122K->54657K(1484800K), 0.0061475 secs] [Times: user=0.01 sys=0.00, real=0.01 secs] 
2019-10-10T12:34:14.462+0000: 413.003: [GC (Allocation Failure) 2019-10-10T12:34:14.463+0000: 413.004: [DefNew: 409833K->98K(460800K), 0.0041051 secs] 464257K->54522K(1484800K), 0.0056336 secs] [Times: user=0.00 sys=0.00, real=0.01 secs] 
2019-10-10T12:34:19.834+0000: 418.375: [GC (Allocation Failure) 2019-10-10T12:34:19.835+0000: 418.375: [DefNew: 409698K->240K(460800K), 0.0045511 secs] 464122K->54664K(1484800K), 0.0059075 secs] [Times: user=0.01 sys=0.00, real=0.00 secs] 
2019-10-10T12:34:25.022+0000: 423.564: [GC (Allocation Failure) 2019-10-10T12:34:25.024+0000: 423.564: [DefNew: 409840K->280K(460800K), 0.0047724 secs] 464264K->54704K(1484800K), 0.0061137 secs] [Times: user=0.00 sys=0.00, real=0.01 secs] 
2019-10-10T12:34:30.457+0000: 428.997: [GC (Allocation Failure) 2019-10-10T12:34:30.457+0000: 428.997: [DefNew: 409880K->120K(460800K), 0.0039454 secs] 464304K->54544K(1484800K), 0.0040512 secs] [Times: user=0.01 sys=0.00, real=0.00 secs] 
2019-10-10T12:34:36.061+0000: 434.603: [GC (Allocation Failure) 2019-10-10T12:34:36.062+0000: 434.603: [DefNew: 409720K->382K(460800K), 0.0050679 secs] 464144K->54806K(1484800K), 0.0064182 secs] [Times: user=0.00 sys=0.00, real=0.01 secs] 
2019-10-10T12:34:41.673+0000: 440.213: [GC (Allocation Failure) 2019-10-10T12:34:41.673+0000: 440.213: [DefNew: 409982K->430K(460800K), 0.0046738 secs] 464406K->54854K(1484800K), 0.0047909 secs] [Times: user=0.00 sys=0.00, real=0.00 secs] 
2019-10-10T12:34:46.867+0000: 445.408: [GC (Allocation Failure) 2019-10-10T12:34:46.868+0000: 445.408: [DefNew: 410030K->256K(460800K), 0.0044735 secs] 464454K->54695K(1484800K), 0.0059429 secs] [Times: user=0.00 sys=0.00, real=0.01 secs] 
2019-10-10T12:34:52.277+0000: 450.819: [GC (Allocation Failure) 2019-10-10T12:34:52.279+0000: 450.819: [DefNew: 409856K->370K(460800K), 0.0047082 secs] 464295K->54809K(1484800K), 0.0062222 secs] [Times: user=0.00 sys=0.00, real=0.01 secs] 
2019-10-10T12:34:57.599+0000: 456.141: [GC (Allocation Failure) 2019-10-10T12:34:57.600+0000: 456.141: [DefNew: 409970K->350K(460800K), 0.0048620 secs] 464409K->54790K(1484800K), 0.0063447 secs] [Times: user=0.00 sys=0.00, real=0.01 secs] 
2019-10-10T12:35:02.923+0000: 461.464: [GC (Allocation Failure) 2019-10-10T12:35:02.923+0000: 461.464: [DefNew: 409950K->158K(460800K), 0.0039408 secs] 464390K->54597K(1484800K), 0.0040403 secs] [Times: user=0.01 sys=0.00, real=0.00 secs] 
12:35:05.410 [worker-akka.actor.default-dispatcher-6] INFO  a.r.a.Association(akka://worker) akka.remote.artery.Association(akka://worker) - Stopping idle outbound stream [2] to [akka://worker@flamestream-benchmarks-worker-0:5412]
2019-10-10T12:35:09.218+0000: 467.758: [GC (Allocation Failure) 2019-10-10T12:35:09.218+0000: 467.758: [DefNew: 409758K->389K(460800K), 0.0048606 secs] 464197K->54829K(1484800K), 0.0049687 secs] [Times: user=0.00 sys=0.00, real=0.00 secs] 
2019-10-10T12:35:14.704+0000: 473.244: [GC (Allocation Failure) 2019-10-10T12:35:14.704+0000: 473.245: [DefNew: 409989K->165K(460800K), 0.0040512 secs] 464429K->54604K(1484800K), 0.0041726 secs] [Times: user=0.00 sys=0.00, real=0.00 secs] 
2019-10-10T12:35:20.045+0000: 478.587: [GC (Allocation Failure) 2019-10-10T12:35:20.047+0000: 478.587: [DefNew: 409765K->219K(460800K), 0.0045080 secs] 464204K->54658K(1484800K), 0.0065262 secs] [Times: user=0.00 sys=0.00, real=0.01 secs] 
2019-10-10T12:35:25.535+0000: 484.075: [GC (Allocation Failure) 2019-10-10T12:35:25.535+0000: 484.075: [DefNew: 409819K->227K(460800K), 0.0043942 secs] 464258K->54666K(1484800K), 0.0045143 secs] [Times: user=0.00 sys=0.00, real=0.00 secs] 
2019-10-10T12:35:30.992+0000: 489.532: [GC (Allocation Failure) 2019-10-10T12:35:30.992+0000: 489.532: [DefNew: 409827K->263K(460800K), 0.0045168 secs] 464266K->54702K(1484800K), 0.0046384 secs] [Times: user=0.01 sys=0.00, real=0.00 secs] 
2019-10-10T12:35:36.274+0000: 494.816: [GC (Allocation Failure) 2019-10-10T12:35:36.276+0000: 494.816: [DefNew: 409863K->417K(460800K), 0.0053214 secs] 464302K->54857K(1484800K), 0.0067314 secs] [Times: user=0.00 sys=0.01, real=0.00 secs] 
2019-10-10T12:35:41.571+0000: 500.113: [GC (Allocation Failure) 2019-10-10T12:35:41.572+0000: 500.113: [DefNew: 410017K->227K(460800K), 0.0044591 secs] 464457K->54666K(1484800K), 0.0057678 secs] [Times: user=0.00 sys=0.00, real=0.00 secs] 
2019-10-10T12:35:47.040+0000: 505.582: [GC (Allocation Failure) 2019-10-10T12:35:47.042+0000: 505.582: [DefNew: 409827K->364K(460800K), 0.0052158 secs] 464266K->54808K(1484800K), 0.0072458 secs] [Times: user=0.00 sys=0.00, real=0.01 secs] 
2019-10-10T12:35:52.727+0000: 511.268: [GC (Allocation Failure) 2019-10-10T12:35:52.727+0000: 511.268: [DefNew: 409964K->288K(460800K), 0.0046256 secs] 464408K->54751K(1484800K), 0.0047771 secs] [Times: user=0.00 sys=0.00, real=0.01 secs] 
2019-10-10T12:35:58.287+0000: 516.829: [GC (Allocation Failure) 2019-10-10T12:35:58.289+0000: 516.829: [DefNew: 409888K->422K(460800K), 0.0050644 secs] 464351K->54885K(1484800K), 0.0064182 secs] [Times: user=0.00 sys=0.00, real=0.01 secs] 
2019-10-10T12:36:03.742+0000: 522.283: [GC (Allocation Failure) 2019-10-10T12:36:03.743+0000: 522.283: [DefNew: 410022K->157K(460800K), 0.0041817 secs] 464485K->54620K(1484800K), 0.0054142 secs] [Times: user=0.01 sys=0.00, real=0.01 secs] 
2019-10-10T12:36:09.004+0000: 527.546: [GC (Allocation Failure) 2019-10-10T12:36:09.006+0000: 527.546: [DefNew: 409757K->308K(460800K), 0.0047165 secs] 464220K->54771K(1484800K), 0.0061253 secs] [Times: user=0.00 sys=0.00, real=0.00 secs] 
2019-10-10T12:36:14.282+0000: 532.824: [GC (Allocation Failure) 2019-10-10T12:36:14.284+0000: 532.824: [DefNew: 409908K->160K(460800K), 0.0043279 secs] 464371K->54625K(1484800K), 0.0058003 secs] [Times: user=0.00 sys=0.00, real=0.01 secs] 
2019-10-10T12:36:19.514+0000: 538.056: [GC (Allocation Failure) 2019-10-10T12:36:19.515+0000: 538.056: [DefNew: 409760K->314K(460800K), 0.0047488 secs] 464225K->54780K(1484800K), 0.0062922 secs] [Times: user=0.01 sys=0.00, real=0.00 secs] 
2019-10-10T12:36:24.807+0000: 543.348: [GC (Allocation Failure) 2019-10-10T12:36:24.808+0000: 543.348: [DefNew: 409914K->169K(460800K), 0.0047932 secs] 464380K->54634K(1484800K), 0.0062458 secs] [Times: user=0.01 sys=0.00, real=0.01 secs] 
2019-10-10T12:36:30.303+0000: 548.845: [GC (Allocation Failure) 2019-10-10T12:36:30.305+0000: 548.845: [DefNew: 409769K->121K(460800K), 0.0047560 secs] 464234K->54643K(1484800K), 0.0061564 secs] [Times: user=0.00 sys=0.00, real=0.00 secs] 
2019-10-10T12:36:35.834+0000: 554.375: [GC (Allocation Failure) 2019-10-10T12:36:35.834+0000: 554.375: [DefNew: 409721K->403K(460800K), 0.0049372 secs] 464243K->54925K(1484800K), 0.0050711 secs] [Times: user=0.01 sys=0.00, real=0.00 secs] 
2019-10-10T12:36:41.159+0000: 559.701: [GC (Allocation Failure) 2019-10-10T12:36:41.161+0000: 559.701: [DefNew: 410003K->348K(460800K), 0.0049251 secs] 464525K->54870K(1484800K), 0.0063916 secs] [Times: user=0.00 sys=0.00, real=0.01 secs] 
2019-10-10T12:36:46.603+0000: 565.143: [GC (Allocation Failure) 2019-10-10T12:36:46.603+0000: 565.143: [DefNew: 409948K->115K(460800K), 0.0038985 secs] 464470K->54649K(1484800K), 0.0040177 secs] [Times: user=0.00 sys=0.00, real=0.01 secs] 
2019-10-10T12:36:51.975+0000: 570.517: [GC (Allocation Failure) 2019-10-10T12:36:51.976+0000: 570.517: [DefNew: 409715K->333K(460800K), 0.0053434 secs] 464249K->54867K(1484800K), 0.0070599 secs] [Times: user=0.01 sys=0.00, real=0.00 secs] 
2019-10-10T12:36:57.295+0000: 575.837: [GC (Allocation Failure) 2019-10-10T12:36:57.297+0000: 575.837: [DefNew: 409933K->334K(460800K), 0.0051144 secs] 464467K->54869K(1484800K), 0.0066225 secs] [Times: user=0.00 sys=0.00, real=0.00 secs] 
2019-10-10T12:37:02.506+0000: 581.047: [GC (Allocation Failure) 2019-10-10T12:37:02.507+0000: 581.048: [DefNew: 409934K->90K(460800K), 0.0037677 secs] 464469K->54624K(1484800K), 0.0052377 secs] [Times: user=0.00 sys=0.00, real=0.01 secs] 
2019-10-10T12:37:07.680+0000: 586.222: [GC (Allocation Failure) 2019-10-10T12:37:07.681+0000: 586.222: [DefNew: 409690K->200K(460800K), 0.0041724 secs] 464224K->54734K(1484800K), 0.0060653 secs] [Times: user=0.00 sys=0.00, real=0.01 secs] 
2019-10-10T12:37:12.874+0000: 591.416: [GC (Allocation Failure) 2019-10-10T12:37:12.875+0000: 591.416: [DefNew: 409800K->105K(460800K), 0.0037662 secs] 464334K->54639K(1484800K), 0.0052024 secs] [Times: user=0.01 sys=0.00, real=0.00 secs] 
2019-10-10T12:37:18.056+0000: 596.598: [GC (Allocation Failure) 2019-10-10T12:37:18.058+0000: 596.598: [DefNew: 409705K->278K(460800K), 0.0044503 secs] 464239K->54812K(1484800K), 0.0058778 secs] [Times: user=0.00 sys=0.00, real=0.00 secs] 
2019-10-10T12:37:23.343+0000: 601.883: [GC (Allocation Failure) 2019-10-10T12:37:23.343+0000: 601.883: [DefNew: 409878K->319K(460800K), 0.0045633 secs] 464412K->54854K(1484800K), 0.0046788 secs] [Times: user=0.00 sys=0.00, real=0.01 secs] 
2019-10-10T12:37:28.967+0000: 607.509: [GC (Allocation Failure) 2019-10-10T12:37:28.969+0000: 607.509: [DefNew: 409919K->454K(460800K), 0.0053303 secs] 464454K->54990K(1484800K), 0.0066856 secs] [Times: user=0.01 sys=0.00, real=0.01 secs] 
2019-10-10T12:37:34.215+0000: 612.757: [GC (Allocation Failure) 2019-10-10T12:37:34.216+0000: 612.757: [DefNew: 410054K->196K(460800K), 0.0040587 secs] 464590K->54732K(1484800K), 0.0050846 secs] [Times: user=0.00 sys=0.00, real=0.00 secs] 
2019-10-10T12:37:39.595+0000: 618.135: [GC (Allocation Failure) 2019-10-10T12:37:39.595+0000: 618.135: [DefNew: 409796K->485K(460800K), 0.0051352 secs] 464332K->55020K(1484800K), 0.0052603 secs] [Times: user=0.01 sys=0.00, real=0.00 secs] 
2019-10-10T12:37:44.916+0000: 623.458: [GC (Allocation Failure) 2019-10-10T12:37:44.917+0000: 623.458: [DefNew: 410085K->333K(460800K), 0.0047341 secs] 464620K->54869K(1484800K), 0.0060976 secs] [Times: user=0.00 sys=0.00, real=0.00 secs] 
2019-10-10T12:37:50.349+0000: 628.891: [GC (Allocation Failure) 2019-10-10T12:37:50.350+0000: 628.891: [DefNew: 409933K->343K(460800K), 0.0047540 secs] 464469K->54884K(1484800K), 0.0062787 secs] [Times: user=0.00 sys=0.00, real=0.01 secs] 
2019-10-10T12:37:55.673+0000: 634.215: [GC (Allocation Failure) 2019-10-10T12:37:55.675+0000: 634.215: [DefNew: 409943K->385K(460800K), 0.0050319 secs] 464484K->54926K(1484800K), 0.0068859 secs] [Times: user=0.01 sys=0.00, real=0.00 secs] 
2019-10-10T12:38:01.050+0000: 639.592: [GC (Allocation Failure) 2019-10-10T12:38:01.052+0000: 639.592: [DefNew: 409985K->440K(460800K), 0.0052137 secs] 464526K->54981K(1484800K), 0.0067994 secs] [Times: user=0.00 sys=0.00, real=0.01 secs] 
2019-10-10T12:38:06.213+0000: 644.753: [GC (Allocation Failure) 2019-10-10T12:38:06.213+0000: 644.753: [DefNew: 410040K->132K(460800K), 0.0038542 secs] 464581K->54673K(1484800K), 0.0039567 secs] [Times: user=0.00 sys=0.00, real=0.00 secs] 
2019-10-10T12:38:11.459+0000: 649.999: [GC (Allocation Failure) 2019-10-10T12:38:11.459+0000: 649.999: [DefNew: 409732K->96K(460800K), 0.0037419 secs] 464273K->54637K(1484800K), 0.0038500 secs] [Times: user=0.00 sys=0.01, real=0.01 secs] 
2019-10-10T12:38:16.761+0000: 655.302: [GC (Allocation Failure) 2019-10-10T12:38:16.762+0000: 655.302: [DefNew: 409696K->222K(460800K), 0.0043064 secs] 464237K->54763K(1484800K), 0.0058219 secs] [Times: user=0.01 sys=0.00, real=0.01 secs] 
2019-10-10T12:38:22.014+0000: 660.555: [GC (Allocation Failure) 2019-10-10T12:38:22.015+0000: 660.556: [DefNew: 409822K->274K(460800K), 0.0046434 secs] 464363K->54815K(1484800K), 0.0063142 secs] [Times: user=0.00 sys=0.00, real=0.00 secs] 
2019-10-10T12:38:27.545+0000: 666.085: [GC (Allocation Failure) 2019-10-10T12:38:27.545+0000: 666.085: [DefNew: 409874K->94K(460800K), 0.0039730 secs] 464415K->54636K(1484800K), 0.0040869 secs] [Times: user=0.01 sys=0.00, real=0.00 secs] 
2019-10-10T12:38:33.051+0000: 671.592: [GC (Allocation Failure) 2019-10-10T12:38:33.052+0000: 671.592: [DefNew: 409694K->254K(460800K), 0.0045694 secs] 464236K->54795K(1484800K), 0.0060777 secs] [Times: user=0.00 sys=0.00, real=0.01 secs] 
2019-10-10T12:38:38.398+0000: 676.938: [GC (Allocation Failure) 2019-10-10T12:38:38.398+0000: 676.938: [DefNew: 409854K->521K(460800K), 0.0054755 secs] 464395K->55062K(1484800K), 0.0055950 secs] [Times: user=0.01 sys=0.00, real=0.01 secs] 
2019-10-10T12:38:43.664+0000: 682.206: [GC (Allocation Failure) 2019-10-10T12:38:43.665+0000: 682.206: [DefNew: 410121K->311K(460800K), 0.0049229 secs] 464662K->54853K(1484800K), 0.0063848 secs] [Times: user=0.01 sys=0.00, real=0.00 secs] 
2019-10-10T12:38:49.101+0000: 687.642: [GC (Allocation Failure) 2019-10-10T12:38:49.102+0000: 687.642: [DefNew: 409911K->112K(460800K), 0.0040948 secs] 464453K->54659K(1484800K), 0.0054607 secs] [Times: user=0.01 sys=0.00, real=0.01 secs] 
2019-10-10T12:38:54.498+0000: 693.038: [GC (Allocation Failure) 2019-10-10T12:38:54.498+0000: 693.038: [DefNew: 409712K->257K(460800K), 0.0045046 secs] 464259K->54804K(1484800K), 0.0046249 secs] [Times: user=0.01 sys=0.00, real=0.00 secs] 
2019-10-10T12:38:59.808+0000: 698.349: [GC (Allocation Failure) 2019-10-10T12:38:59.809+0000: 698.349: [DefNew: 409857K->169K(460800K), 0.0041892 secs] 464404K->54716K(1484800K), 0.0056907 secs] [Times: user=0.01 sys=0.00, real=0.01 secs] 
2019-10-10T12:39:05.187+0000: 703.729: [GC (Allocation Failure) 2019-10-10T12:39:05.189+0000: 703.729: [DefNew: 409769K->290K(460800K), 0.0048813 secs] 464316K->54838K(1484800K), 0.0067403 secs] [Times: user=0.00 sys=0.00, real=0.01 secs] 
2019-10-10T12:39:10.491+0000: 709.031: [GC (Allocation Failure) 2019-10-10T12:39:10.491+0000: 709.031: [DefNew: 409890K->241K(460800K), 0.0043258 secs] 464438K->54789K(1484800K), 0.0044457 secs] [Times: user=0.00 sys=0.00, real=0.00 secs] 
2019-10-10T12:39:15.789+0000: 714.331: [GC (Allocation Failure) 2019-10-10T12:39:15.790+0000: 714.331: [DefNew: 409841K->101K(460800K), 0.0037352 secs] 464389K->54649K(1484800K), 0.0051138 secs] [Times: user=0.01 sys=0.00, real=0.01 secs] 
2019-10-10T12:39:21.074+0000: 719.616: [GC (Allocation Failure) 2019-10-10T12:39:21.076+0000: 719.616: [DefNew: 409701K->361K(460800K), 0.0048268 secs] 464249K->54909K(1484800K), 0.0063998 secs] [Times: user=0.01 sys=0.00, real=0.00 secs] 
2019-10-10T12:39:26.427+0000: 724.969: [GC (Allocation Failure) 2019-10-10T12:39:26.429+0000: 724.969: [DefNew: 409961K->378K(460800K), 0.0053521 secs] 464509K->54926K(1484800K), 0.0069080 secs] [Times: user=0.00 sys=0.01, real=0.01 secs] 
2019-10-10T12:39:31.832+0000: 730.374: [GC (Allocation Failure) 2019-10-10T12:39:31.833+0000: 730.374: [DefNew: 409978K->235K(460800K), 0.0042401 secs] 464526K->54783K(1484800K), 0.0059685 secs] [Times: user=0.00 sys=0.00, real=0.00 secs] 
2019-10-10T12:39:37.066+0000: 735.607: [GC (Allocation Failure) 2019-10-10T12:39:37.067+0000: 735.607: [DefNew: 409835K->416K(460800K), 0.0050058 secs] 464383K->54964K(1484800K), 0.0059992 secs] [Times: user=0.01 sys=0.00, real=0.01 secs] 
2019-10-10T12:39:42.259+0000: 740.801: [GC (Allocation Failure) 2019-10-10T12:39:42.261+0000: 740.801: [DefNew: 410016K->520K(460800K), 0.0054839 secs] 464564K->55068K(1484800K), 0.0069338 secs] [Times: user=0.01 sys=0.00, real=0.01 secs] 
2019-10-10T12:39:47.650+0000: 746.191: [GC (Allocation Failure) 2019-10-10T12:39:47.650+0000: 746.191: [DefNew: 410120K->245K(460800K), 0.0043987 secs] 464668K->54799K(1484800K), 0.0045191 secs] [Times: user=0.00 sys=0.00, real=0.01 secs] 
2019-10-10T12:39:52.919+0000: 751.460: [GC (Allocation Failure) 2019-10-10T12:39:52.920+0000: 751.460: [DefNew: 409845K->373K(460800K), 0.0049730 secs] 464399K->54927K(1484800K), 0.0064540 secs] [Times: user=0.00 sys=0.00, real=0.01 secs] 
2019-10-10T12:39:58.203+0000: 756.745: [GC (Allocation Failure) 2019-10-10T12:39:58.205+0000: 756.745: [DefNew: 409973K->234K(460800K), 0.0044776 secs] 464527K->54788K(1484800K), 0.0062374 secs] [Times: user=0.00 sys=0.00, real=0.00 secs] 
2019-10-10T12:40:03.525+0000: 762.065: [GC (Allocation Failure) 2019-10-10T12:40:03.525+0000: 762.065: [DefNew: 409834K->455K(460800K), 0.0048707 secs] 464388K->55009K(1484800K), 0.0049827 secs] [Times: user=0.00 sys=0.00, real=0.00 secs] 
2019-10-10T12:40:08.868+0000: 767.408: [GC (Allocation Failure) 2019-10-10T12:40:08.868+0000: 767.408: [DefNew: 410055K->247K(460800K), 0.0042993 secs] 464609K->54801K(1484800K), 0.0044025 secs] [Times: user=0.00 sys=0.00, real=0.01 secs] 
2019-10-10T12:40:14.140+0000: 772.682: [GC (Allocation Failure) 2019-10-10T12:40:14.142+0000: 772.682: [DefNew: 409847K->471K(460800K), 0.0052869 secs] 464401K->55025K(1484800K), 0.0067519 secs] [Times: user=0.00 sys=0.00, real=0.01 secs] 
2019-10-10T12:40:19.485+0000: 778.025: [GC (Allocation Failure) 2019-10-10T12:40:19.485+0000: 778.025: [DefNew: 410071K->408K(460800K), 0.0047503 secs] 464625K->54962K(1484800K), 0.0048655 secs] [Times: user=0.01 sys=0.00, real=0.00 secs] 
2019-10-10T12:40:24.860+0000: 783.402: [GC (Allocation Failure) 2019-10-10T12:40:24.862+0000: 783.402: [DefNew: 410008K->323K(460800K), 0.0045126 secs] 464562K->54878K(1484800K), 0.0059460 secs] [Times: user=0.01 sys=0.00, real=0.01 secs] 
2019-10-10T12:40:30.369+0000: 788.911: [GC (Allocation Failure) 2019-10-10T12:40:30.370+0000: 788.911: [DefNew: 409923K->374K(460800K), 0.0049940 secs] 464478K->54928K(1484800K), 0.0063180 secs] [Times: user=0.00 sys=0.00, real=0.01 secs] 
2019-10-10T12:40:35.696+0000: 794.237: [GC (Allocation Failure) 2019-10-10T12:40:35.697+0000: 794.237: [DefNew: 409974K->249K(460800K), 0.0044378 secs] 464528K->54803K(1484800K), 0.0057411 secs] [Times: user=0.00 sys=0.00, real=0.00 secs] 
2019-10-10T12:40:40.914+0000: 799.456: [GC (Allocation Failure) 2019-10-10T12:40:40.916+0000: 799.456: [DefNew: 409849K->450K(460800K), 0.0053543 secs] 464403K->55004K(1484800K), 0.0066020 secs] [Times: user=0.00 sys=0.00, real=0.00 secs] 
2019-10-10T12:40:46.230+0000: 804.771: [GC (Allocation Failure) 2019-10-10T12:40:46.231+0000: 804.771: [DefNew: 410050K->414K(460800K), 0.0051376 secs] 464604K->54973K(1484800K), 0.0067293 secs] [Times: user=0.01 sys=0.00, real=0.01 secs] 
2019-10-10T12:40:51.441+0000: 809.982: [GC (Allocation Failure) 2019-10-10T12:40:51.442+0000: 809.983: [DefNew: 410014K->214K(460800K), 0.0046990 secs] 464573K->54814K(1484800K), 0.0061368 secs] [Times: user=0.00 sys=0.00, real=0.01 secs] 
2019-10-10T12:40:56.719+0000: 815.261: [GC (Allocation Failure) 2019-10-10T12:40:56.721+0000: 815.261: [DefNew: 409814K->99K(460800K), 0.0040357 secs] 464414K->54699K(1484800K), 0.0056043 secs] [Times: user=0.00 sys=0.00, real=0.01 secs] 
2019-10-10T12:41:01.903+0000: 820.445: [GC (Allocation Failure) 2019-10-10T12:41:01.905+0000: 820.445: [DefNew: 409699K->208K(460800K), 0.0045059 secs] 464299K->54808K(1484800K), 0.0059897 secs] [Times: user=0.01 sys=0.01, real=0.00 secs] 
2019-10-10T12:41:07.122+0000: 825.664: [GC (Allocation Failure) 2019-10-10T12:41:07.124+0000: 825.664: [DefNew: 409808K->170K(460800K), 0.0041745 secs] 464408K->54770K(1484800K), 0.0055526 secs] [Times: user=0.01 sys=0.00, real=0.01 secs] 
2019-10-10T12:41:12.404+0000: 830.946: [GC (Allocation Failure) 2019-10-10T12:41:12.406+0000: 830.946: [DefNew: 409770K->128K(460800K), 0.0043751 secs] 464370K->54728K(1484800K), 0.0063101 secs] [Times: user=0.00 sys=0.01, real=0.00 secs] 
2019-10-10T12:41:17.579+0000: 836.120: [GC (Allocation Failure) 2019-10-10T12:41:17.580+0000: 836.120: [DefNew: 409728K->99K(460800K), 0.0037753 secs] 464328K->54699K(1484800K), 0.0052367 secs] [Times: user=0.01 sys=0.00, real=0.01 secs] 
2019-10-10T12:41:22.947+0000: 841.489: [GC (Allocation Failure) 2019-10-10T12:41:22.949+0000: 841.489: [DefNew: 409699K->333K(460800K), 0.0049661 secs] 464299K->54933K(1484800K), 0.0068946 secs] [Times: user=0.00 sys=0.00, real=0.01 secs] 
2019-10-10T12:41:28.356+0000: 846.896: [GC (Allocation Failure) 2019-10-10T12:41:28.356+0000: 846.896: [DefNew: 409933K->217K(460800K), 0.0042946 secs] 464533K->54817K(1484800K), 0.0044147 secs] [Times: user=0.01 sys=0.00, real=0.00 secs] 
2019-10-10T12:41:33.666+0000: 852.208: [GC (Allocation Failure) 2019-10-10T12:41:33.668+0000: 852.208: [DefNew: 409817K->425K(460800K), 0.0050787 secs] 464417K->55025K(1484800K), 0.0065166 secs] [Times: user=0.01 sys=0.00, real=0.01 secs] 
2019-10-10T12:41:38.879+0000: 857.421: [GC (Allocation Failure) 2019-10-10T12:41:38.881+0000: 857.421: [DefNew: 410025K->393K(460800K), 0.0049669 secs] 464625K->54994K(1484800K), 0.0065696 secs] [Times: user=0.00 sys=0.00, real=0.01 secs] 
2019-10-10T12:41:44.396+0000: 862.936: [GC (Allocation Failure) 2019-10-10T12:41:44.396+0000: 862.936: [DefNew: 409993K->453K(460800K), 0.0052991 secs] 464594K->55060K(1484800K), 0.0054221 secs] [Times: user=0.00 sys=0.00, real=0.00 secs] 
2019-10-10T12:41:49.731+0000: 868.272: [GC (Allocation Failure) 2019-10-10T12:41:49.732+0000: 868.272: [DefNew: 410053K->93K(460800K), 0.0042767 secs] 464660K->54705K(1484800K), 0.0057747 secs] [Times: user=0.00 sys=0.00, real=0.01 secs] 
2019-10-10T12:41:55.002+0000: 873.544: [GC (Allocation Failure) 2019-10-10T12:41:55.004+0000: 873.544: [DefNew: 409693K->89K(460800K), 0.0040861 secs] 464305K->54701K(1484800K), 0.0056161 secs] [Times: user=0.00 sys=0.00, real=0.01 secs] 
2019-10-10T12:42:00.524+0000: 879.064: [GC (Allocation Failure) 2019-10-10T12:42:00.524+0000: 879.064: [DefNew: 409689K->317K(460800K), 0.0047836 secs] 464301K->54929K(1484800K), 0.0049540 secs] [Times: user=0.01 sys=0.00, real=0.00 secs] 
2019-10-10T12:42:05.897+0000: 884.439: [GC (Allocation Failure) 2019-10-10T12:42:05.898+0000: 884.439: [DefNew: 409917K->88K(460800K), 0.0037466 secs] 464529K->54700K(1484800K), 0.0052905 secs] [Times: user=0.00 sys=0.00, real=0.00 secs] 
2019-10-10T12:42:11.229+0000: 889.770: [GC (Allocation Failure) 2019-10-10T12:42:11.230+0000: 889.771: [DefNew: 409688K->263K(460800K), 0.0045204 secs] 464300K->54875K(1484800K), 0.0054841 secs] [Times: user=0.01 sys=0.00, real=0.01 secs] 
2019-10-10T12:42:16.572+0000: 895.112: [GC (Allocation Failure) 2019-10-10T12:42:16.572+0000: 895.113: [DefNew: 409863K->228K(460800K), 0.0042006 secs] 464475K->54840K(1484800K), 0.0043261 secs] [Times: user=0.01 sys=0.00, real=0.00 secs] 
2019-10-10T12:42:21.873+0000: 900.415: [GC (Allocation Failure) 2019-10-10T12:42:21.875+0000: 900.415: [DefNew: 409828K->401K(460800K), 0.0053149 secs] 464440K->55013K(1484800K), 0.0068088 secs] [Times: user=0.00 sys=0.00, real=0.00 secs] 
2019-10-10T12:42:27.226+0000: 905.768: [GC (Allocation Failure) 2019-10-10T12:42:27.227+0000: 905.768: [DefNew: 410001K->134K(460800K), 0.0041922 secs] 464613K->54746K(1484800K), 0.0056770 secs] [Times: user=0.00 sys=0.00, real=0.01 secs] 
2019-10-10T12:42:32.403+0000: 910.943: [GC (Allocation Failure) 2019-10-10T12:42:32.403+0000: 910.944: [DefNew: 409734K->94K(460800K), 0.0037967 secs] 464346K->54706K(1484800K), 0.0039144 secs] [Times: user=0.01 sys=0.00, real=0.00 secs] 
2019-10-10T12:42:37.601+0000: 916.143: [GC (Allocation Failure) 2019-10-10T12:42:37.602+0000: 916.143: [DefNew: 409694K->181K(460800K), 0.0045951 secs] 464306K->54793K(1484800K), 0.0061279 secs] [Times: user=0.01 sys=0.00, real=0.01 secs] 
2019-10-10T12:42:42.924+0000: 921.465: [GC (Allocation Failure) 2019-10-10T12:42:42.925+0000: 921.465: [DefNew: 409781K->95K(460800K), 0.0041428 secs] 464393K->54707K(1484800K), 0.0050691 secs] [Times: user=0.01 sys=0.00, real=0.00 secs] 
2019-10-10T12:42:48.178+0000: 926.720: [GC (Allocation Failure) 2019-10-10T12:42:48.180+0000: 926.720: [DefNew: 409695K->100K(460800K), 0.0038759 secs] 464307K->54717K(1484800K), 0.0055734 secs] [Times: user=0.00 sys=0.00, real=0.01 secs] 
2019-10-10T12:42:53.500+0000: 932.040: [GC (Allocation Failure) 2019-10-10T12:42:53.500+0000: 932.040: [DefNew: 409700K->341K(460800K), 0.0044170 secs] 464317K->54959K(1484800K), 0.0045388 secs] [Times: user=0.01 sys=0.00, real=0.01 secs] 
2019-10-10T12:42:58.836+0000: 937.378: [GC (Allocation Failure) 2019-10-10T12:42:58.838+0000: 937.378: [DefNew: 409941K->454K(460800K), 0.0051492 secs] 464559K->55071K(1484800K), 0.0065670 secs] [Times: user=0.00 sys=0.00, real=0.01 secs] 
2019-10-10T12:43:04.203+0000: 942.746: [GC (Allocation Failure) 2019-10-10T12:43:04.206+0000: 942.746: [DefNew: 410054K->129K(460800K), 0.0041479 secs] 464671K->54747K(1484800K), 0.0064379 secs] [Times: user=0.00 sys=0.00, real=0.00 secs] 
2019-10-10T12:43:09.553+0000: 948.094: [GC (Allocation Failure) 2019-10-10T12:43:09.553+0000: 948.094: [DefNew: 409729K->332K(460800K), 0.0045956 secs] 464347K->54949K(1484800K), 0.0047138 secs] [Times: user=0.00 sys=0.00, real=0.00 secs] 
2019-10-10T12:43:14.828+0000: 953.370: [GC (Allocation Failure) 2019-10-10T12:43:14.830+0000: 953.370: [DefNew: 409932K->478K(460800K), 0.0052510 secs] 464549K->55095K(1484800K), 0.0068586 secs] [Times: user=0.01 sys=0.00, real=0.01 secs] 
2019-10-10T12:43:20.071+0000: 958.613: [GC (Allocation Failure) 2019-10-10T12:43:20.073+0000: 958.613: [DefNew: 410078K->385K(460800K), 0.0050916 secs] 464695K->55002K(1484800K), 0.0070121 secs] [Times: user=0.01 sys=0.00, real=0.01 secs] 
2019-10-10T12:43:25.705+0000: 964.246: [GC (Allocation Failure) 2019-10-10T12:43:25.706+0000: 964.246: [DefNew: 409985K->238K(460800K), 0.0043732 secs] 464602K->54855K(1484800K), 0.0044919 secs] [Times: user=0.00 sys=0.00, real=0.00 secs] 
2019-10-10T12:43:31.123+0000: 969.665: [GC (Allocation Failure) 2019-10-10T12:43:31.125+0000: 969.665: [DefNew: 409838K->421K(460800K), 0.0057135 secs] 464455K->55038K(1484800K), 0.0073432 secs] [Times: user=0.01 sys=0.00, real=0.00 secs] 
2019-10-10T12:43:36.324+0000: 974.864: [GC (Allocation Failure) 2019-10-10T12:43:36.324+0000: 974.864: [DefNew: 410021K->419K(460800K), 0.0049318 secs] 464638K->55036K(1484800K), 0.0050560 secs] [Times: user=0.01 sys=0.00, real=0.00 secs] 
2019-10-10T12:43:41.536+0000: 980.077: [GC (Allocation Failure) 2019-10-10T12:43:41.537+0000: 980.077: [DefNew: 410019K->110K(460800K), 0.0040872 secs] 464636K->54727K(1484800K), 0.0055756 secs] [Times: user=0.00 sys=0.00, real=0.00 secs] 
2019-10-10T12:43:46.757+0000: 985.297: [GC (Allocation Failure) 2019-10-10T12:43:46.757+0000: 985.297: [DefNew: 409710K->197K(460800K), 0.0042539 secs] 464327K->54820K(1484800K), 0.0043614 secs] [Times: user=0.00 sys=0.00, real=0.00 secs] 
2019-10-10T12:43:52.043+0000: 990.585: [GC (Allocation Failure) 2019-10-10T12:43:52.045+0000: 990.585: [DefNew: 409797K->280K(460800K), 0.0044870 secs] 464420K->54904K(1484800K), 0.0058732 secs] [Times: user=0.00 sys=0.00, real=0.00 secs] 
2019-10-10T12:43:57.452+0000: 995.992: [GC (Allocation Failure) 2019-10-10T12:43:57.452+0000: 995.992: [DefNew: 409880K->263K(460800K), 0.0042004 secs] 464504K->54887K(1484800K), 0.0043180 secs] [Times: user=0.01 sys=0.00, real=0.00 secs] 
2019-10-10T12:44:02.765+0000: 1001.307: [GC (Allocation Failure) 2019-10-10T12:44:02.767+0000: 1001.307: [DefNew: 409863K->247K(460800K), 0.0045865 secs] 464487K->54871K(1484800K), 0.0061492 secs] [Times: user=0.00 sys=0.00, real=0.01 secs] 
2019-10-10T12:44:08.105+0000: 1006.647: [GC (Allocation Failure) 2019-10-10T12:44:08.107+0000: 1006.647: [DefNew: 409847K->168K(460800K), 0.0040747 secs] 464471K->54792K(1484800K), 0.0053315 secs] [Times: user=0.00 sys=0.00, real=0.00 secs] 
2019-10-10T12:44:13.620+0000: 1012.161: [GC (Allocation Failure) 2019-10-10T12:44:13.620+0000: 1012.161: [DefNew: 409768K->237K(460800K), 0.0042159 secs] 464392K->54861K(1484800K), 0.0043235 secs] [Times: user=0.00 sys=0.00, real=0.01 secs] 
2019-10-10T12:44:18.971+0000: 1017.512: [GC (Allocation Failure) 2019-10-10T12:44:18.972+0000: 1017.512: [DefNew: 409837K->370K(460800K), 0.0050568 secs] 464461K->54994K(1484800K), 0.0065215 secs] [Times: user=0.01 sys=0.00, real=0.01 secs] 
12:44:21.758 [Client] INFO  c.s.f.r.e.s.SocketRear  - FlameSocketGraphDeployerRear@flamestream-benchmarks-worker-3: has been disconnected from Connection 13
12:44:21.762 [worker-akka.actor.default-dispatcher-10] WARN  c.s.f.r.e.s.SocketRear  - FlameSocketGraphDeployerRear@flamestream-benchmarks-worker-3: writing to closed log
12:44:21.770 [Client] INFO  c.s.f.r.e.s.SocketFront  - FlameSocketGraphDeployerFront@flamestream-benchmarks-worker-3 has been disconnected from Connection 13
12:44:21.782 [worker-akka.actor.default-dispatcher-10] WARN  c.s.f.r.e.s.SocketRear  - FlameSocketGraphDeployerRear@flamestream-benchmarks-worker-3: writing to closed log
12:44:21.783 [worker-akka.actor.default-dispatcher-10] WARN  c.s.f.r.e.s.SocketRear  - FlameSocketGraphDeployerRear@flamestream-benchmarks-worker-3: writing to closed log
12:44:21.793 [worker-akka.actor.default-dispatcher-10] WARN  c.s.f.r.e.s.SocketRear  - FlameSocketGraphDeployerRear@flamestream-benchmarks-worker-3: writing to closed log
12:44:21.795 [worker-akka.actor.default-dispatcher-10] WARN  c.s.f.r.e.s.SocketRear  - FlameSocketGraphDeployerRear@flamestream-benchmarks-worker-3: writing to closed log
12:44:21.854 [worker-akka.actor.default-dispatcher-10] WARN  c.s.f.r.e.s.SocketRear  - FlameSocketGraphDeployerRear@flamestream-benchmarks-worker-3: writing to closed log
12:44:21.899 [worker-akka.actor.default-dispatcher-10] WARN  c.s.f.r.e.s.SocketRear  - FlameSocketGraphDeployerRear@flamestream-benchmarks-worker-3: writing to closed log
12:44:21.912 [worker-akka.actor.default-dispatcher-10] WARN  c.s.f.r.e.s.SocketRear  - FlameSocketGraphDeployerRear@flamestream-benchmarks-worker-3: writing to closed log
12:44:21.931 [worker-akka.actor.default-dispatcher-10] WARN  c.s.f.r.e.s.SocketRear  - FlameSocketGraphDeployerRear@flamestream-benchmarks-worker-3: writing to closed log
12:44:21.998 [worker-akka.actor.default-dispatcher-10] WARN  c.s.f.r.e.s.SocketRear  - FlameSocketGraphDeployerRear@flamestream-benchmarks-worker-3: writing to closed log
12:44:22.007 [worker-akka.actor.default-dispatcher-10] WARN  c.s.f.r.e.s.SocketRear  - FlameSocketGraphDeployerRear@flamestream-benchmarks-worker-3: writing to closed log
12:44:22.008 [worker-akka.actor.default-dispatcher-10] WARN  c.s.f.r.e.s.SocketRear  - FlameSocketGraphDeployerRear@flamestream-benchmarks-worker-3: writing to closed log
12:44:22.061 [worker-akka.actor.default-dispatcher-10] WARN  c.s.f.r.e.s.SocketRear  - FlameSocketGraphDeployerRear@flamestream-benchmarks-worker-3: writing to closed log
12:44:22.063 [worker-akka.actor.default-dispatcher-10] WARN  c.s.f.r.e.s.SocketRear  - FlameSocketGraphDeployerRear@flamestream-benchmarks-worker-3: writing to closed log
12:44:22.063 [worker-akka.actor.default-dispatcher-10] WARN  c.s.f.r.e.s.SocketRear  - FlameSocketGraphDeployerRear@flamestream-benchmarks-worker-3: writing to closed log
12:44:22.114 [worker-akka.actor.default-dispatcher-10] WARN  c.s.f.r.e.s.SocketRear  - FlameSocketGraphDeployerRear@flamestream-benchmarks-worker-3: writing to closed log
12:44:22.128 [worker-akka.actor.default-dispatcher-10] WARN  c.s.f.r.e.s.SocketRear  - FlameSocketGraphDeployerRear@flamestream-benchmarks-worker-3: writing to closed log
12:44:22.131 [worker-akka.actor.default-dispatcher-10] WARN  c.s.f.r.e.s.SocketRear  - FlameSocketGraphDeployerRear@flamestream-benchmarks-worker-3: writing to closed log
12:44:22.131 [worker-akka.actor.default-dispatcher-10] WARN  c.s.f.r.e.s.SocketRear  - FlameSocketGraphDeployerRear@flamestream-benchmarks-worker-3: writing to closed log
12:44:22.131 [worker-akka.actor.default-dispatcher-10] WARN  c.s.f.r.e.s.SocketRear  - FlameSocketGraphDeployerRear@flamestream-benchmarks-worker-3: writing to closed log
12:44:22.132 [worker-akka.actor.default-dispatcher-10] WARN  c.s.f.r.e.s.SocketRear  - FlameSocketGraphDeployerRear@flamestream-benchmarks-worker-3: writing to closed log
12:44:22.169 [worker-akka.actor.default-dispatcher-10] WARN  c.s.f.r.e.s.SocketRear  - FlameSocketGraphDeployerRear@flamestream-benchmarks-worker-3: writing to closed log
12:44:22.169 [worker-akka.actor.default-dispatcher-10] WARN  c.s.f.r.e.s.SocketRear  - FlameSocketGraphDeployerRear@flamestream-benchmarks-worker-3: writing to closed log
12:44:22.169 [worker-akka.actor.default-dispatcher-10] WARN  c.s.f.r.e.s.SocketRear  - FlameSocketGraphDeployerRear@flamestream-benchmarks-worker-3: writing to closed log
12:44:22.169 [worker-akka.actor.default-dispatcher-10] WARN  c.s.f.r.e.s.SocketRear  - FlameSocketGraphDeployerRear@flamestream-benchmarks-worker-3: writing to closed log
12:44:22.275 [worker-akka.actor.default-dispatcher-10] WARN  c.s.f.r.e.s.SocketRear  - FlameSocketGraphDeployerRear@flamestream-benchmarks-worker-3: writing to closed log
12:44:22.276 [worker-akka.actor.default-dispatcher-10] WARN  c.s.f.r.e.s.SocketRear  - FlameSocketGraphDeployerRear@flamestream-benchmarks-worker-3: writing to closed log
12:44:22.396 [worker-akka.actor.default-dispatcher-10] WARN  c.s.f.r.e.s.SocketRear  - FlameSocketGraphDeployerRear@flamestream-benchmarks-worker-3: writing to closed log
12:44:22.396 [worker-akka.actor.default-dispatcher-10] WARN  c.s.f.r.e.s.SocketRear  - FlameSocketGraphDeployerRear@flamestream-benchmarks-worker-3: writing to closed log
12:44:22.396 [worker-akka.actor.default-dispatcher-10] WARN  c.s.f.r.e.s.SocketRear  - FlameSocketGraphDeployerRear@flamestream-benchmarks-worker-3: writing to closed log
12:44:22.397 [worker-akka.actor.default-dispatcher-10] WARN  c.s.f.r.e.s.SocketRear  - FlameSocketGraphDeployerRear@flamestream-benchmarks-worker-3: writing to closed log
12:44:22.398 [worker-akka.actor.default-dispatcher-10] WARN  c.s.f.r.e.s.SocketRear  - FlameSocketGraphDeployerRear@flamestream-benchmarks-worker-3: writing to closed log
12:44:22.428 [worker-akka.actor.default-dispatcher-10] WARN  c.s.f.r.e.s.SocketRear  - FlameSocketGraphDeployerRear@flamestream-benchmarks-worker-3: writing to closed log
12:44:22.429 [worker-akka.actor.default-dispatcher-10] WARN  c.s.f.r.e.s.SocketRear  - FlameSocketGraphDeployerRear@flamestream-benchmarks-worker-3: writing to closed log
12:44:22.539 [worker-akka.actor.default-dispatcher-10] WARN  c.s.f.r.e.s.SocketRear  - FlameSocketGraphDeployerRear@flamestream-benchmarks-worker-3: writing to closed log
12:44:22.541 [worker-akka.actor.default-dispatcher-10] WARN  c.s.f.r.e.s.SocketRear  - FlameSocketGraphDeployerRear@flamestream-benchmarks-worker-3: writing to closed log
12:44:22.542 [worker-akka.actor.default-dispatcher-10] WARN  c.s.f.r.e.s.SocketRear  - FlameSocketGraphDeployerRear@flamestream-benchmarks-worker-3: writing to closed log
12:44:22.543 [worker-akka.actor.default-dispatcher-10] WARN  c.s.f.r.e.s.SocketRear  - FlameSocketGraphDeployerRear@flamestream-benchmarks-worker-3: writing to closed log
12:44:22.543 [worker-akka.actor.default-dispatcher-10] WARN  c.s.f.r.e.s.SocketRear  - FlameSocketGraphDeployerRear@flamestream-benchmarks-worker-3: writing to closed log
12:44:22.543 [worker-akka.actor.default-dispatcher-10] WARN  c.s.f.r.e.s.SocketRear  - FlameSocketGraphDeployerRear@flamestream-benchmarks-worker-3: writing to closed log
12:44:22.543 [worker-akka.actor.default-dispatcher-10] WARN  c.s.f.r.e.s.SocketRear  - FlameSocketGraphDeployerRear@flamestream-benchmarks-worker-3: writing to closed log
12:44:22.564 [worker-akka.actor.default-dispatcher-10] WARN  c.s.f.r.e.s.SocketRear  - FlameSocketGraphDeployerRear@flamestream-benchmarks-worker-3: writing to closed log
12:44:22.565 [worker-akka.actor.default-dispatcher-10] WARN  c.s.f.r.e.s.SocketRear  - FlameSocketGraphDeployerRear@flamestream-benchmarks-worker-3: writing to closed log
12:44:22.624 [worker-akka.actor.default-dispatcher-10] WARN  c.s.f.r.e.s.SocketRear  - FlameSocketGraphDeployerRear@flamestream-benchmarks-worker-3: writing to closed log
12:44:22.625 [worker-akka.actor.default-dispatcher-10] WARN  c.s.f.r.e.s.SocketRear  - FlameSocketGraphDeployerRear@flamestream-benchmarks-worker-3: writing to closed log
12:44:22.650 [worker-akka.actor.default-dispatcher-10] WARN  c.s.f.r.e.s.SocketRear  - FlameSocketGraphDeployerRear@flamestream-benchmarks-worker-3: writing to closed log
12:44:22.681 [worker-akka.actor.default-dispatcher-10] WARN  c.s.f.r.e.s.SocketRear  - FlameSocketGraphDeployerRear@flamestream-benchmarks-worker-3: writing to closed log
12:44:22.681 [worker-akka.actor.default-dispatcher-10] WARN  c.s.f.r.e.s.SocketRear  - FlameSocketGraphDeployerRear@flamestream-benchmarks-worker-3: writing to closed log
12:44:22.681 [worker-akka.actor.default-dispatcher-10] WARN  c.s.f.r.e.s.SocketRear  - FlameSocketGraphDeployerRear@flamestream-benchmarks-worker-3: writing to closed log
12:44:22.681 [worker-akka.actor.default-dispatcher-10] WARN  c.s.f.r.e.s.SocketRear  - FlameSocketGraphDeployerRear@flamestream-benchmarks-worker-3: writing to closed log
12:44:22.720 [worker-akka.actor.default-dispatcher-10] WARN  c.s.f.r.e.s.SocketRear  - FlameSocketGraphDeployerRear@flamestream-benchmarks-worker-3: writing to closed log
12:44:22.721 [worker-akka.actor.default-dispatcher-10] WARN  c.s.f.r.e.s.SocketRear  - FlameSocketGraphDeployerRear@flamestream-benchmarks-worker-3: writing to closed log
12:44:22.723 [worker-akka.actor.default-dispatcher-10] WARN  c.s.f.r.e.s.SocketRear  - FlameSocketGraphDeployerRear@flamestream-benchmarks-worker-3: writing to closed log
12:44:22.730 [worker-akka.actor.default-dispatcher-10] WARN  c.s.f.r.e.s.SocketRear  - FlameSocketGraphDeployerRear@flamestream-benchmarks-worker-3: writing to closed log
12:44:22.731 [worker-akka.actor.default-dispatcher-10] WARN  c.s.f.r.e.s.SocketRear  - FlameSocketGraphDeployerRear@flamestream-benchmarks-worker-3: writing to closed log
12:44:22.763 [worker-akka.actor.default-dispatcher-10] WARN  c.s.f.r.e.s.SocketRear  - FlameSocketGraphDeployerRear@flamestream-benchmarks-worker-3: writing to closed log
12:44:22.766 [worker-akka.actor.default-dispatcher-10] WARN  c.s.f.r.e.s.SocketRear  - FlameSocketGraphDeployerRear@flamestream-benchmarks-worker-3: writing to closed log
12:44:22.766 [worker-akka.actor.default-dispatcher-10] WARN  c.s.f.r.e.s.SocketRear  - FlameSocketGraphDeployerRear@flamestream-benchmarks-worker-3: writing to closed log
12:44:22.792 [worker-akka.actor.default-dispatcher-10] WARN  c.s.f.r.e.s.SocketRear  - FlameSocketGraphDeployerRear@flamestream-benchmarks-worker-3: writing to closed log
12:44:22.809 [worker-akka.actor.default-dispatcher-10] WARN  c.s.f.r.e.s.SocketRear  - FlameSocketGraphDeployerRear@flamestream-benchmarks-worker-3: writing to closed log
12:44:22.809 [worker-akka.actor.default-dispatcher-10] WARN  c.s.f.r.e.s.SocketRear  - FlameSocketGraphDeployerRear@flamestream-benchmarks-worker-3: writing to closed log
12:44:22.812 [worker-akka.actor.default-dispatcher-10] WARN  c.s.f.r.e.s.SocketRear  - FlameSocketGraphDeployerRear@flamestream-benchmarks-worker-3: writing to closed log
12:44:22.813 [worker-akka.actor.default-dispatcher-10] WARN  c.s.f.r.e.s.SocketRear  - FlameSocketGraphDeployerRear@flamestream-benchmarks-worker-3: writing to closed log
12:44:22.813 [worker-akka.actor.default-dispatcher-10] WARN  c.s.f.r.e.s.SocketRear  - FlameSocketGraphDeployerRear@flamestream-benchmarks-worker-3: writing to closed log
12:44:22.813 [worker-akka.actor.default-dispatcher-10] WARN  c.s.f.r.e.s.SocketRear  - FlameSocketGraphDeployerRear@flamestream-benchmarks-worker-3: writing to closed log
12:44:22.813 [worker-akka.actor.default-dispatcher-10] WARN  c.s.f.r.e.s.SocketRear  - FlameSocketGraphDeployerRear@flamestream-benchmarks-worker-3: writing to closed log
12:44:22.814 [worker-akka.actor.default-dispatcher-10] WARN  c.s.f.r.e.s.SocketRear  - FlameSocketGraphDeployerRear@flamestream-benchmarks-worker-3: writing to closed log
12:44:22.814 [worker-akka.actor.default-dispatcher-10] WARN  c.s.f.r.e.s.SocketRear  - FlameSocketGraphDeployerRear@flamestream-benchmarks-worker-3: writing to closed log
12:44:22.814 [worker-akka.actor.default-dispatcher-10] WARN  c.s.f.r.e.s.SocketRear  - FlameSocketGraphDeployerRear@flamestream-benchmarks-worker-3: writing to closed log
12:44:22.814 [worker-akka.actor.default-dispatcher-10] WARN  c.s.f.r.e.s.SocketRear  - FlameSocketGraphDeployerRear@flamestream-benchmarks-worker-3: writing to closed log
12:44:22.814 [worker-akka.actor.default-dispatcher-10] WARN  c.s.f.r.e.s.SocketRear  - FlameSocketGraphDeployerRear@flamestream-benchmarks-worker-3: writing to closed log
12:44:22.850 [worker-akka.actor.default-dispatcher-10] WARN  c.s.f.r.e.s.SocketRear  - FlameSocketGraphDeployerRear@flamestream-benchmarks-worker-3: writing to closed log
12:44:22.851 [worker-akka.actor.default-dispatcher-10] WARN  c.s.f.r.e.s.SocketRear  - FlameSocketGraphDeployerRear@flamestream-benchmarks-worker-3: writing to closed log
12:44:22.859 [worker-akka.actor.default-dispatcher-10] WARN  c.s.f.r.e.s.SocketRear  - FlameSocketGraphDeployerRear@flamestream-benchmarks-worker-3: writing to closed log
12:44:22.860 [worker-akka.actor.default-dispatcher-10] WARN  c.s.f.r.e.s.SocketRear  - FlameSocketGraphDeployerRear@flamestream-benchmarks-worker-3: writing to closed log
12:44:22.860 [worker-akka.actor.default-dispatcher-10] WARN  c.s.f.r.e.s.SocketRear  - FlameSocketGraphDeployerRear@flamestream-benchmarks-worker-3: writing to closed log
12:44:22.860 [worker-akka.actor.default-dispatcher-10] WARN  c.s.f.r.e.s.SocketRear  - FlameSocketGraphDeployerRear@flamestream-benchmarks-worker-3: writing to closed log
12:44:22.863 [worker-akka.actor.default-dispatcher-10] WARN  c.s.f.r.e.s.SocketRear  - FlameSocketGraphDeployerRear@flamestream-benchmarks-worker-3: writing to closed log
12:44:22.864 [worker-akka.actor.default-dispatcher-10] WARN  c.s.f.r.e.s.SocketRear  - FlameSocketGraphDeployerRear@flamestream-benchmarks-worker-3: writing to closed log
12:44:22.864 [worker-akka.actor.default-dispatcher-10] WARN  c.s.f.r.e.s.SocketRear  - FlameSocketGraphDeployerRear@flamestream-benchmarks-worker-3: writing to closed log
12:44:22.868 [worker-akka.actor.default-dispatcher-10] WARN  c.s.f.r.e.s.SocketRear  - FlameSocketGraphDeployerRear@flamestream-benchmarks-worker-3: writing to closed log
12:44:22.868 [worker-akka.actor.default-dispatcher-10] WARN  c.s.f.r.e.s.SocketRear  - FlameSocketGraphDeployerRear@flamestream-benchmarks-worker-3: writing to closed log
12:44:22.884 [worker-akka.actor.default-dispatcher-10] WARN  c.s.f.r.e.s.SocketRear  - FlameSocketGraphDeployerRear@flamestream-benchmarks-worker-3: writing to closed log
12:44:22.884 [worker-akka.actor.default-dispatcher-10] WARN  c.s.f.r.e.s.SocketRear  - FlameSocketGraphDeployerRear@flamestream-benchmarks-worker-3: writing to closed log
12:44:22.884 [worker-akka.actor.default-dispatcher-10] WARN  c.s.f.r.e.s.SocketRear  - FlameSocketGraphDeployerRear@flamestream-benchmarks-worker-3: writing to closed log
12:44:22.884 [worker-akka.actor.default-dispatcher-10] WARN  c.s.f.r.e.s.SocketRear  - FlameSocketGraphDeployerRear@flamestream-benchmarks-worker-3: writing to closed log
12:44:22.885 [worker-akka.actor.default-dispatcher-10] WARN  c.s.f.r.e.s.SocketRear  - FlameSocketGraphDeployerRear@flamestream-benchmarks-worker-3: writing to closed log
12:44:22.890 [worker-akka.actor.default-dispatcher-10] WARN  c.s.f.r.e.s.SocketRear  - FlameSocketGraphDeployerRear@flamestream-benchmarks-worker-3: writing to closed log
12:44:22.891 [worker-akka.actor.default-dispatcher-10] WARN  c.s.f.r.e.s.SocketRear  - FlameSocketGraphDeployerRear@flamestream-benchmarks-worker-3: writing to closed log
12:44:22.891 [worker-akka.actor.default-dispatcher-10] WARN  c.s.f.r.e.s.SocketRear  - FlameSocketGraphDeployerRear@flamestream-benchmarks-worker-3: writing to closed log
12:44:22.898 [worker-akka.actor.default-dispatcher-10] WARN  c.s.f.r.e.s.SocketRear  - FlameSocketGraphDeployerRear@flamestream-benchmarks-worker-3: writing to closed log
12:44:22.900 [worker-akka.actor.default-dispatcher-10] WARN  c.s.f.r.e.s.SocketRear  - FlameSocketGraphDeployerRear@flamestream-benchmarks-worker-3: writing to closed log
12:44:22.907 [worker-akka.actor.default-dispatcher-10] WARN  c.s.f.r.e.s.SocketRear  - FlameSocketGraphDeployerRear@flamestream-benchmarks-worker-3: writing to closed log
12:44:22.908 [worker-akka.actor.default-dispatcher-10] WARN  c.s.f.r.e.s.SocketRear  - FlameSocketGraphDeployerRear@flamestream-benchmarks-worker-3: writing to closed log
12:44:22.908 [worker-akka.actor.default-dispatcher-10] WARN  c.s.f.r.e.s.SocketRear  - FlameSocketGraphDeployerRear@flamestream-benchmarks-worker-3: writing to closed log
12:44:22.908 [worker-akka.actor.default-dispatcher-10] WARN  c.s.f.r.e.s.SocketRear  - FlameSocketGraphDeployerRear@flamestream-benchmarks-worker-3: writing to closed log
12:44:22.908 [worker-akka.actor.default-dispatcher-10] WARN  c.s.f.r.e.s.SocketRear  - FlameSocketGraphDeployerRear@flamestream-benchmarks-worker-3: writing to closed log
12:44:22.913 [worker-akka.actor.default-dispatcher-10] WARN  c.s.f.r.e.s.SocketRear  - FlameSocketGraphDeployerRear@flamestream-benchmarks-worker-3: writing to closed log
12:44:22.913 [worker-akka.actor.default-dispatcher-10] WARN  c.s.f.r.e.s.SocketRear  - FlameSocketGraphDeployerRear@flamestream-benchmarks-worker-3: writing to closed log
12:44:25.386 [worker-akka.actor.default-dispatcher-13] INFO  a.a.LocalActorRef akka://worker/user/watcher/processing-watcher/graph/negotiator - Stopped
12:44:25.389 [worker-akka.actor.default-dispatcher-12] INFO  a.a.LocalActorRef akka://worker/user/watcher/processing-watcher/graph/graph/$A - Stopped
12:44:25.389 [worker-akka.actor.default-dispatcher-12] INFO  a.a.LocalActorRef akka://worker/user/watcher/processing-watcher/graph/graph/$B - Stopped
12:44:25.389 [worker-akka.actor.default-dispatcher-12] INFO  a.a.LocalActorRef akka://worker/user/watcher/processing-watcher/graph/graph/$C - Stopped
12:44:25.389 [worker-akka.actor.default-dispatcher-12] INFO  a.a.LocalActorRef akka://worker/user/watcher/processing-watcher/graph/graph/$D - Stopped
12:44:25.389 [worker-akka.actor.default-dispatcher-12] INFO  a.a.LocalActorRef akka://worker/user/watcher/processing-watcher/graph/graph/$E - Stopped
12:44:25.389 [worker-akka.actor.default-dispatcher-12] INFO  a.a.LocalActorRef akka://worker/user/watcher/processing-watcher/graph/graph/$F - Stopped
12:44:25.389 [worker-akka.actor.default-dispatcher-12] INFO  a.a.LocalActorRef akka://worker/user/watcher/processing-watcher/graph/graph/$G - Stopped
12:44:25.389 [worker-akka.actor.default-dispatcher-12] INFO  a.a.LocalActorRef akka://worker/user/watcher/processing-watcher/graph/graph/$H - Stopped
12:44:25.389 [worker-akka.actor.default-dispatcher-12] INFO  a.a.LocalActorRef akka://worker/user/watcher/processing-watcher/graph/graph/$a - Stopped
12:44:25.389 [worker-akka.actor.default-dispatcher-12] INFO  a.a.LocalActorRef akka://worker/user/watcher/processing-watcher/graph/graph/$b - Stopped
12:44:25.390 [worker-akka.actor.default-dispatcher-9] INFO  a.a.LocalActorRef akka://worker/user/watcher/processing-watcher/graph/graph/$c - Stopped
12:44:25.390 [worker-akka.actor.default-dispatcher-9] INFO  a.a.LocalActorRef akka://worker/user/watcher/processing-watcher/graph/graph/$d - Stopped
12:44:25.390 [worker-akka.actor.default-dispatcher-9] INFO  a.a.LocalActorRef akka://worker/user/watcher/processing-watcher/graph/graph/$e - Stopped
12:44:25.390 [worker-akka.actor.default-dispatcher-13] INFO  a.a.LocalActorRef akka://worker/user/watcher/processing-watcher/graph/graph/$f - Stopped
12:44:25.391 [worker-akka.actor.default-dispatcher-13] INFO  a.a.LocalActorRef akka://worker/user/watcher/processing-watcher/graph/graph/$g - Stopped
12:44:25.391 [worker-akka.actor.default-dispatcher-13] INFO  a.a.LocalActorRef akka://worker/user/watcher/processing-watcher/graph/graph/$h - Stopped
12:44:25.391 [worker-akka.actor.default-dispatcher-13] INFO  a.a.LocalActorRef akka://worker/user/watcher/processing-watcher/graph/graph/$i - Stopped
12:44:25.392 [worker-akka.actor.default-dispatcher-13] INFO  a.a.LocalActorRef akka://worker/user/watcher/processing-watcher/graph/graph/$j - Stopped
12:44:25.395 [worker-akka.actor.default-dispatcher-13] INFO  a.a.LocalActorRef akka://worker/user/watcher/processing-watcher/graph/graph/$k - Stopped
12:44:25.397 [worker-akka.actor.default-dispatcher-13] INFO  a.a.LocalActorRef akka://worker/user/watcher/processing-watcher/graph/graph/$l - Stopped
12:44:25.399 [worker-akka.actor.default-dispatcher-13] INFO  a.a.LocalActorRef akka://worker/user/watcher/processing-watcher/graph/edge/FlameSocketGraphDeployerRear - Stopped
12:44:25.400 [worker-akka.actor.default-dispatcher-13] INFO  a.a.LocalActorRef akka://worker/user/watcher/processing-watcher/graph/graph/$m - Stopped
12:44:25.403 [worker-akka.actor.default-dispatcher-10] INFO  a.a.LocalActorRef akka://worker/user/watcher/processing-watcher/graph/graph/$n - Stopped
12:44:25.411 [worker-akka.actor.default-dispatcher-6] INFO  a.a.LocalActorRef akka://worker/user/watcher/processing-watcher/graph/graph/$o - Stopped
12:44:25.412 [worker-akka.actor.default-dispatcher-6] INFO  a.a.LocalActorRef akka://worker/user/watcher/processing-watcher/graph/graph/$p - Stopped
12:44:25.414 [worker-akka.actor.default-dispatcher-16] INFO  a.a.LocalActorRef akka://worker/user/watcher/processing-watcher/graph/graph/$q - Stopped
12:44:25.414 [worker-akka.actor.default-dispatcher-16] INFO  a.a.LocalActorRef akka://worker/user/watcher/processing-watcher/graph/graph/$r - Stopped
12:44:25.414 [worker-akka.actor.default-dispatcher-16] INFO  a.a.LocalActorRef akka://worker/user/watcher/processing-watcher/graph/graph/$s - Stopped
12:44:25.414 [worker-akka.actor.default-dispatcher-16] INFO  a.a.LocalActorRef akka://worker/user/watcher/processing-watcher/graph/graph/$t - Stopped
12:44:25.414 [worker-akka.actor.default-dispatcher-16] INFO  a.a.LocalActorRef akka://worker/user/watcher/processing-watcher/graph/graph/$u - Stopped
12:44:25.415 [worker-akka.actor.default-dispatcher-9] INFO  a.a.LocalActorRef akka://worker/user/watcher/processing-watcher/graph/edge/FlameSocketGraphDeployerFront - Stopped
12:44:25.416 [worker-akka.actor.default-dispatcher-9] INFO  a.a.LocalActorRef akka://worker/user/watcher/processing-watcher/graph/edge - Stopped
12:44:25.420 [worker-akka.actor.default-dispatcher-19] INFO  a.a.LocalActorRef akka://worker/user/watcher/processing-watcher/graph/graph/$v - Stopped
12:44:25.421 [worker-akka.actor.default-dispatcher-19] INFO  a.a.LocalActorRef akka://worker/user/watcher/processing-watcher/graph/graph/$w - Stopped
12:44:25.424 [worker-akka.actor.default-dispatcher-19] INFO  a.a.LocalActorRef akka://worker/user/watcher/processing-watcher/graph/graph/$x - Stopped
12:44:25.425 [worker-akka.actor.default-dispatcher-19] INFO  a.a.LocalActorRef akka://worker/user/watcher/processing-watcher/graph/graph/$y - Stopped
12:44:25.427 [worker-akka.actor.default-dispatcher-19] INFO  a.a.LocalActorRef akka://worker/user/watcher/processing-watcher/graph/graph/$z - Stopped
12:44:25.439 [worker-akka.actor.default-dispatcher-19] INFO  a.a.LocalActorRef akka://worker/user/watcher/processing-watcher/graph/graph - Stopped
12:44:25.451 [worker-akka.actor.default-dispatcher-19] INFO  a.a.LocalActorRef akka://worker/user/watcher/processing-watcher/graph - Stopped
12:44:25.453 [worker-akka.actor.default-dispatcher-19] INFO  a.a.LocalActorRef akka://worker/user/watcher/processing-watcher - Stopped
12:44:25.454 [Curator-Framework-0] INFO  o.a.c.f.i.CuratorFrameworkImpl  - backgroundOperationsLoop exiting
12:44:25.470 [worker-akka.actor.default-dispatcher-6-EventThread] INFO  o.a.z.ClientCnxn  - EventThread shut down for session: 0x100005c675e0003
12:44:25.471 [worker-akka.actor.default-dispatcher-18] INFO  o.a.z.ZooKeeper  - Session: 0x100005c675e0003 closed
12:44:25.473 [worker-akka.actor.default-dispatcher-19] INFO  a.a.RepointableActorRef akka://worker/user/watcher - Stopped
12:44:25.477 [Curator-PathChildrenCache-0] ERROR o.a.c.f.r.c.PathChildrenCache  - 
java.lang.IllegalStateException: instance must be started before calling this method
	at org.apache.curator.shaded.com.google.common.base.Preconditions.checkState(Preconditions.java:444)
	at org.apache.curator.framework.imps.CuratorFrameworkImpl.getChildren(CuratorFrameworkImpl.java:456)
	at org.apache.curator.framework.recipes.cache.PathChildrenCache.refresh(PathChildrenCache.java:521)
	at org.apache.curator.framework.recipes.cache.RefreshOperation.invoke(RefreshOperation.java:35)
	at org.apache.curator.framework.recipes.cache.PathChildrenCache$9.run(PathChildrenCache.java:786)
	at java.util.concurrent.Executors$RunnableAdapter.call(Executors.java:511)
	at java.util.concurrent.FutureTask.run(FutureTask.java:266)
	at java.util.concurrent.Executors$RunnableAdapter.call(Executors.java:511)
	at java.util.concurrent.FutureTask.run(FutureTask.java:266)
	at java.util.concurrent.ThreadPoolExecutor.runWorker(ThreadPoolExecutor.java:1149)
	at java.util.concurrent.ThreadPoolExecutor$Worker.run(ThreadPoolExecutor.java:624)
	at java.lang.Thread.run(Thread.java:748)
12:44:25.492 [worker-akka.actor.default-dispatcher-18] INFO  a.r.RemoteActorRefProvider$RemotingTerminator akka://worker@flamestream-benchmarks-worker-3:5412/system/remoting-terminator - Shutting down remote daemon.
12:44:25.496 [worker-akka.actor.default-dispatcher-18] INFO  a.r.RemoteActorRefProvider$RemotingTerminator akka://worker@flamestream-benchmarks-worker-3:5412/system/remoting-terminator - Remote daemon shut down; proceeding with flushing remote transports.
12:44:26.774 [worker-akka.actor.default-dispatcher-18] INFO  a.r.RemoteActorRefProvider$RemotingTerminator akka://worker@flamestream-benchmarks-worker-3:5412/system/remoting-terminator - Remoting shut down.
Heap
 def new generation   total 460800K, used 310411K [0x00000000a2400000, 0x00000000c1800000, 0x00000000c1800000)
  eden space 409600K,  75% used [0x00000000a2400000, 0x00000000b52c6428, 0x00000000bb400000)
  from space 51200K,   0% used [0x00000000be600000, 0x00000000be65c940, 0x00000000c1800000)
  to   space 51200K,   0% used [0x00000000bb400000, 0x00000000bb400000, 0x00000000be600000)
 tenured generation   total 1024000K, used 54623K [0x00000000c1800000, 0x0000000100000000, 0x0000000100000000)
   the space 1024000K,   5% used [0x00000000c1800000, 0x00000000c4d57f68, 0x00000000c4d58000, 0x0000000100000000)
 Metaspace       used 40724K, capacity 43538K, committed 43648K, reserved 1087488K
  class space    used 5335K, capacity 5670K, committed 5760K, reserved 1048576K
