20:17:24,684 |-INFO in ch.qos.logback.classic.LoggerContext[default] - Could NOT find resource [logback-test.xml]
20:17:24,684 |-INFO in ch.qos.logback.classic.LoggerContext[default] - Could NOT find resource [logback.groovy]
20:17:24,684 |-INFO in ch.qos.logback.classic.LoggerContext[default] - Found resource [logback.xml] at [jar:file:/root/flamestream/lib/flamestream-runtime-1.0-SNAPSHOT.jar!/logback.xml]
20:17:24,685 |-WARN in ch.qos.logback.classic.LoggerContext[default] - Resource [logback.xml] occurs multiple times on the classpath.
20:17:24,685 |-WARN in ch.qos.logback.classic.LoggerContext[default] - Resource [logback.xml] occurs at [jar:file:/root/flamestream/lib/flamestream-runtime-1.0-SNAPSHOT.jar!/logback.xml]
20:17:24,685 |-WARN in ch.qos.logback.classic.LoggerContext[default] - Resource [logback.xml] occurs at [jar:file:/root/flamestream/flamestream-runtime-1.0-SNAPSHOT.jar!/logback.xml]
20:17:24,705 |-INFO in ch.qos.logback.core.joran.spi.ConfigurationWatchList@3fb6a447 - URL [jar:file:/root/flamestream/lib/flamestream-runtime-1.0-SNAPSHOT.jar!/logback.xml] is not of type file
20:17:24,772 |-INFO in ch.qos.logback.classic.joran.action.ConfigurationAction - debug attribute not set
20:17:24,773 |-INFO in ch.qos.logback.core.joran.action.AppenderAction - About to instantiate appender of type [ch.qos.logback.core.ConsoleAppender]
20:17:24,794 |-INFO in ch.qos.logback.core.joran.action.AppenderAction - Naming appender as [STDOUT]
20:17:24,808 |-INFO in ch.qos.logback.core.joran.action.NestedComplexPropertyIA - Assuming default type [ch.qos.logback.classic.encoder.PatternLayoutEncoder] for [encoder] property
20:17:24,899 |-INFO in ch.qos.logback.core.joran.action.AppenderAction - About to instantiate appender of type [ch.qos.logback.core.rolling.RollingFileAppender]
20:17:24,903 |-INFO in ch.qos.logback.core.joran.action.AppenderAction - Naming appender as [FILE]
20:17:24,933 |-INFO in c.q.l.core.rolling.TimeBasedRollingPolicy@127618319 - No compression will be used
20:17:24,935 |-INFO in c.q.l.core.rolling.TimeBasedRollingPolicy@127618319 - Will use the pattern /tmp/application_%d{yyyy-MM-dd}.%i.log for the active file
20:17:24,937 |-INFO in ch.qos.logback.core.rolling.SizeAndTimeBasedFNATP@6b2fad11 - The date pattern is 'yyyy-MM-dd' from file name pattern '/tmp/application_%d{yyyy-MM-dd}.%i.log'.
20:17:24,937 |-INFO in ch.qos.logback.core.rolling.SizeAndTimeBasedFNATP@6b2fad11 - Roll-over at midnight.
20:17:24,943 |-INFO in ch.qos.logback.core.rolling.SizeAndTimeBasedFNATP@6b2fad11 - Setting initial period to Mon Jun 10 20:15:57 UTC 2019
20:17:24,943 |-WARN in ch.qos.logback.core.rolling.SizeAndTimeBasedFNATP@6b2fad11 - SizeAndTimeBasedFNATP is deprecated. Use SizeAndTimeBasedRollingPolicy instead
20:17:24,943 |-WARN in ch.qos.logback.core.rolling.SizeAndTimeBasedFNATP@6b2fad11 - For more information see http://logback.qos.ch/manual/appenders.html#SizeAndTimeBasedRollingPolicy
20:17:24,947 |-INFO in ch.qos.logback.core.joran.action.NestedComplexPropertyIA - Assuming default type [ch.qos.logback.classic.encoder.PatternLayoutEncoder] for [encoder] property
20:17:24,951 |-INFO in ch.qos.logback.core.rolling.RollingFileAppender[FILE] - Active log file name: /tmp/application.log
20:17:24,951 |-INFO in ch.qos.logback.core.rolling.RollingFileAppender[FILE] - File property is set to [/tmp/application.log]
20:17:24,952 |-INFO in ch.qos.logback.classic.joran.action.RootLoggerAction - Setting level of ROOT logger to WARN
20:17:24,952 |-INFO in ch.qos.logback.core.joran.action.AppenderRefAction - Attaching appender named [STDOUT] to Logger[ROOT]
20:17:24,954 |-INFO in ch.qos.logback.core.joran.action.AppenderRefAction - Attaching appender named [FILE] to Logger[ROOT]
20:17:24,954 |-INFO in ch.qos.logback.classic.joran.action.ConfigurationAction - End of configuration.
20:17:24,955 |-INFO in ch.qos.logback.classic.joran.JoranConfigurator@79698539 - Registering current configuration as safe fallback point

Ama winner
Ama winner
2019-06-10T20:17:26.251+0000: 1.755: [Full GC (Metadata GC Threshold) 2019-06-10T20:17:26.251+0000: 1.755: [Tenured: 0K->15208K(341376K), 0.0388393 secs] 114923K->15208K(494976K), [Metaspace: 20738K->20738K(1067008K)], 0.0389037 secs] [Times: user=0.03 sys=0.00, real=0.04 secs] 
20:17:43.819 [Curator-PathChildrenCache-1] WARN  o.a.c.u.ZKPaths  - The version of ZooKeeper being used doesn't support Container nodes. CreateMode.PERSISTENT will be used instead.
2019-06-10T20:17:46.247+0000: 21.751: [GC (Allocation Failure) 2019-06-10T20:17:46.247+0000: 21.751: [DefNew: 136576K->17024K(153600K), 0.0303834 secs] 151784K->52629K(494976K), 0.0304503 secs] [Times: user=0.01 sys=0.01, real=0.03 secs] 
2019-06-10T20:17:48.980+0000: 24.484: [Full GC (Metadata GC Threshold) 2019-06-10T20:17:48.980+0000: 24.485: [Tenured: 35605K->44025K(341376K), 0.0454262 secs] 113598K->44025K(494976K), [Metaspace: 34597K->34597K(1079296K)], 0.0454989 secs] [Times: user=0.05 sys=0.00, real=0.05 secs] 
2019-06-10T20:17:55.677+0000: 31.181: [GC (Allocation Failure) 2019-06-10T20:17:55.677+0000: 31.181: [DefNew: 136576K->59K(153600K), 0.0017687 secs] 180601K->44085K(494976K), 0.0018273 secs] [Times: user=0.01 sys=0.00, real=0.00 secs] 
2019-06-10T20:18:02.387+0000: 37.891: [GC (Allocation Failure) 2019-06-10T20:18:02.387+0000: 37.891: [DefNew: 136635K->53K(153600K), 0.0017147 secs] 180661K->44078K(494976K), 0.0017762 secs] [Times: user=0.00 sys=0.00, real=0.00 secs] 
2019-06-10T20:18:09.157+0000: 44.661: [GC (Allocation Failure) 2019-06-10T20:18:09.157+0000: 44.661: [DefNew: 136629K->55K(153600K), 0.0017044 secs] 180654K->44081K(494976K), 0.0017646 secs] [Times: user=0.00 sys=0.00, real=0.00 secs] 
2019-06-10T20:18:15.982+0000: 51.486: [GC (Allocation Failure) 2019-06-10T20:18:15.982+0000: 51.486: [DefNew: 136631K->56K(153600K), 0.0016481 secs] 180657K->44081K(494976K), 0.0017075 secs] [Times: user=0.00 sys=0.00, real=0.00 secs] 
2019-06-10T20:18:22.725+0000: 58.229: [GC (Allocation Failure) 2019-06-10T20:18:22.725+0000: 58.229: [DefNew: 136632K->56K(153600K), 0.0016584 secs] 180657K->44081K(494976K), 0.0017171 secs] [Times: user=0.00 sys=0.00, real=0.01 secs] 
20:18:29.991 [Curator-PathChildrenCache-0] ERROR o.a.c.f.r.c.PathChildrenCache  - 
java.lang.IllegalStateException: instance must be started before calling this method
	at org.apache.curator.shaded.com.google.common.base.Preconditions.checkState(Preconditions.java:444)
	at org.apache.curator.framework.imps.CuratorFrameworkImpl.getChildren(CuratorFrameworkImpl.java:456)
	at org.apache.curator.framework.recipes.cache.PathChildrenCache.refresh(PathChildrenCache.java:521)
	at org.apache.curator.framework.recipes.cache.RefreshOperation.invoke(RefreshOperation.java:35)
	at org.apache.curator.framework.recipes.cache.PathChildrenCache$9.run(PathChildrenCache.java:786)
	at java.util.concurrent.Executors$RunnableAdapter.call(Executors.java:511)
	at java.util.concurrent.FutureTask.run(FutureTask.java:266)
	at java.util.concurrent.Executors$RunnableAdapter.call(Executors.java:511)
	at java.util.concurrent.FutureTask.run(FutureTask.java:266)
	at java.util.concurrent.ThreadPoolExecutor.runWorker(ThreadPoolExecutor.java:1149)
	at java.util.concurrent.ThreadPoolExecutor$Worker.run(ThreadPoolExecutor.java:624)
	at java.lang.Thread.run(Thread.java:748)
Heap
 def new generation   total 153600K, used 54487K [0x00000000e0c00000, 0x00000000eb2a0000, 0x00000000eb2a0000)
  eden space 136576K,  39% used [0x00000000e0c00000, 0x00000000e4127d18, 0x00000000e9160000)
  from space 17024K,   0% used [0x00000000e9160000, 0x00000000e916e120, 0x00000000ea200000)
  to   space 17024K,   0% used [0x00000000ea200000, 0x00000000ea200000, 0x00000000eb2a0000)
 tenured generation   total 341376K, used 44025K [0x00000000eb2a0000, 0x0000000100000000, 0x0000000100000000)
   the space 341376K,  12% used [0x00000000eb2a0000, 0x00000000edd9e558, 0x00000000edd9e600, 0x0000000100000000)
 Metaspace       used 36013K, capacity 36928K, committed 37120K, reserved 1081344K
  class space    used 4867K, capacity 5074K, committed 5120K, reserved 1048576K
