17:56:38,250 |-INFO in ch.qos.logback.classic.LoggerContext[default] - Could NOT find resource [logback-test.xml]
17:56:38,254 |-INFO in ch.qos.logback.classic.LoggerContext[default] - Could NOT find resource [logback.groovy]
17:56:38,255 |-INFO in ch.qos.logback.classic.LoggerContext[default] - Found resource [logback.xml] at [jar:file:/root/flamestream/lib/flamestream-runtime-1.0-SNAPSHOT.jar!/logback.xml]
17:56:38,256 |-WARN in ch.qos.logback.classic.LoggerContext[default] - Resource [logback.xml] occurs multiple times on the classpath.
17:56:38,256 |-WARN in ch.qos.logback.classic.LoggerContext[default] - Resource [logback.xml] occurs at [jar:file:/root/flamestream/lib/flamestream-runtime-1.0-SNAPSHOT.jar!/logback.xml]
17:56:38,256 |-WARN in ch.qos.logback.classic.LoggerContext[default] - Resource [logback.xml] occurs at [jar:file:/root/flamestream/flamestream-runtime-1.0-SNAPSHOT.jar!/logback.xml]
17:56:38,275 |-INFO in ch.qos.logback.core.joran.spi.ConfigurationWatchList@3fb6a447 - URL [jar:file:/root/flamestream/lib/flamestream-runtime-1.0-SNAPSHOT.jar!/logback.xml] is not of type file
17:56:38,340 |-INFO in ch.qos.logback.classic.joran.action.ConfigurationAction - debug attribute not set
17:56:38,341 |-INFO in ch.qos.logback.core.joran.action.AppenderAction - About to instantiate appender of type [ch.qos.logback.core.ConsoleAppender]
17:56:38,357 |-INFO in ch.qos.logback.core.joran.action.AppenderAction - Naming appender as [STDOUT]
17:56:38,377 |-INFO in ch.qos.logback.core.joran.action.NestedComplexPropertyIA - Assuming default type [ch.qos.logback.classic.encoder.PatternLayoutEncoder] for [encoder] property
17:56:38,460 |-INFO in ch.qos.logback.core.joran.action.AppenderAction - About to instantiate appender of type [ch.qos.logback.core.rolling.RollingFileAppender]
17:56:38,465 |-INFO in ch.qos.logback.core.joran.action.AppenderAction - Naming appender as [FILE]
17:56:38,494 |-INFO in c.q.l.core.rolling.TimeBasedRollingPolicy@127618319 - No compression will be used
17:56:38,496 |-INFO in c.q.l.core.rolling.TimeBasedRollingPolicy@127618319 - Will use the pattern /tmp/application_%d{yyyy-MM-dd}.%i.log for the active file
17:56:38,499 |-INFO in ch.qos.logback.core.rolling.SizeAndTimeBasedFNATP@6b2fad11 - The date pattern is 'yyyy-MM-dd' from file name pattern '/tmp/application_%d{yyyy-MM-dd}.%i.log'.
17:56:38,499 |-INFO in ch.qos.logback.core.rolling.SizeAndTimeBasedFNATP@6b2fad11 - Roll-over at midnight.
17:56:38,504 |-INFO in ch.qos.logback.core.rolling.SizeAndTimeBasedFNATP@6b2fad11 - Setting initial period to Mon Jun 10 17:55:17 UTC 2019
17:56:38,504 |-WARN in ch.qos.logback.core.rolling.SizeAndTimeBasedFNATP@6b2fad11 - SizeAndTimeBasedFNATP is deprecated. Use SizeAndTimeBasedRollingPolicy instead
17:56:38,504 |-WARN in ch.qos.logback.core.rolling.SizeAndTimeBasedFNATP@6b2fad11 - For more information see http://logback.qos.ch/manual/appenders.html#SizeAndTimeBasedRollingPolicy
17:56:38,507 |-INFO in ch.qos.logback.core.joran.action.NestedComplexPropertyIA - Assuming default type [ch.qos.logback.classic.encoder.PatternLayoutEncoder] for [encoder] property
17:56:38,512 |-INFO in ch.qos.logback.core.rolling.RollingFileAppender[FILE] - Active log file name: /tmp/application.log
17:56:38,512 |-INFO in ch.qos.logback.core.rolling.RollingFileAppender[FILE] - File property is set to [/tmp/application.log]
17:56:38,513 |-INFO in ch.qos.logback.classic.joran.action.RootLoggerAction - Setting level of ROOT logger to WARN
17:56:38,513 |-INFO in ch.qos.logback.core.joran.action.AppenderRefAction - Attaching appender named [STDOUT] to Logger[ROOT]
17:56:38,515 |-INFO in ch.qos.logback.core.joran.action.AppenderRefAction - Attaching appender named [FILE] to Logger[ROOT]
17:56:38,515 |-INFO in ch.qos.logback.classic.joran.action.ConfigurationAction - End of configuration.
17:56:38,516 |-INFO in ch.qos.logback.classic.joran.JoranConfigurator@79698539 - Registering current configuration as safe fallback point

Ama winner
Ama winner
2019-06-10T17:56:39.756+0000: 1.687: [Full GC (Metadata GC Threshold) 2019-06-10T17:56:39.756+0000: 1.687: [Tenured: 0K->15208K(341376K), 0.0398060 secs] 114986K->15208K(494976K), [Metaspace: 20731K->20731K(1067008K)], 0.0398713 secs] [Times: user=0.04 sys=0.00, real=0.04 secs] 
17:56:57.174 [Curator-PathChildrenCache-1] WARN  o.a.c.u.ZKPaths  - The version of ZooKeeper being used doesn't support Container nodes. CreateMode.PERSISTENT will be used instead.
2019-06-10T17:56:59.315+0000: 21.246: [GC (Allocation Failure) 2019-06-10T17:56:59.316+0000: 21.246: [DefNew: 136576K->17023K(153600K), 0.0247354 secs] 151784K->52583K(494976K), 0.0248134 secs] [Times: user=0.02 sys=0.00, real=0.02 secs] 
2019-06-10T17:57:01.787+0000: 23.718: [Full GC (Metadata GC Threshold) 2019-06-10T17:57:01.787+0000: 23.718: [Tenured: 35559K->44037K(341376K), 0.0467972 secs] 96506K->44037K(494976K), [Metaspace: 34588K->34588K(1079296K)], 0.0468790 secs] [Times: user=0.05 sys=0.00, real=0.05 secs] 
2019-06-10T17:57:09.054+0000: 30.985: [GC (Allocation Failure) 2019-06-10T17:57:09.054+0000: 30.985: [DefNew: 136576K->60K(153600K), 0.0016510 secs] 180613K->44097K(494976K), 0.0017124 secs] [Times: user=0.00 sys=0.00, real=0.00 secs] 
2019-06-10T17:57:16.234+0000: 38.165: [GC (Allocation Failure) 2019-06-10T17:57:16.234+0000: 38.165: [DefNew: 136636K->60K(153600K), 0.0017239 secs] 180673K->44098K(494976K), 0.0017834 secs] [Times: user=0.00 sys=0.00, real=0.00 secs] 
2019-06-10T17:57:23.531+0000: 45.462: [GC (Allocation Failure) 2019-06-10T17:57:23.531+0000: 45.462: [DefNew: 136636K->64K(153600K), 0.0017018 secs] 180674K->44102K(494976K), 0.0017611 secs] [Times: user=0.00 sys=0.00, real=0.00 secs] 
2019-06-10T17:57:30.886+0000: 52.817: [GC (Allocation Failure) 2019-06-10T17:57:30.886+0000: 52.817: [DefNew: 136640K->60K(153600K), 0.0017562 secs] 180678K->44097K(494976K), 0.0018165 secs] [Times: user=0.00 sys=0.00, real=0.00 secs] 
2019-06-10T17:57:38.242+0000: 60.173: [GC (Allocation Failure) 2019-06-10T17:57:38.242+0000: 60.173: [DefNew: 136636K->239K(153600K), 0.0020237 secs] 180673K->44276K(494976K), 0.0020848 secs] [Times: user=0.00 sys=0.00, real=0.00 secs] 
17:57:53.912 [Curator-PathChildrenCache-0] ERROR o.a.c.f.r.c.PathChildrenCache  - 
java.lang.IllegalStateException: instance must be started before calling this method
	at org.apache.curator.shaded.com.google.common.base.Preconditions.checkState(Preconditions.java:444)
	at org.apache.curator.framework.imps.CuratorFrameworkImpl.getChildren(CuratorFrameworkImpl.java:456)
	at org.apache.curator.framework.recipes.cache.PathChildrenCache.refresh(PathChildrenCache.java:521)
	at org.apache.curator.framework.recipes.cache.RefreshOperation.invoke(RefreshOperation.java:35)
	at org.apache.curator.framework.recipes.cache.PathChildrenCache$9.run(PathChildrenCache.java:786)
	at java.util.concurrent.Executors$RunnableAdapter.call(Executors.java:511)
	at java.util.concurrent.FutureTask.run(FutureTask.java:266)
	at java.util.concurrent.Executors$RunnableAdapter.call(Executors.java:511)
	at java.util.concurrent.FutureTask.run(FutureTask.java:266)
	at java.util.concurrent.ThreadPoolExecutor.runWorker(ThreadPoolExecutor.java:1149)
	at java.util.concurrent.ThreadPoolExecutor$Worker.run(ThreadPoolExecutor.java:624)
	at java.lang.Thread.run(Thread.java:748)
Heap
 def new generation   total 153600K, used 94360K [0x00000000e0c00000, 0x00000000eb2a0000, 0x00000000eb2a0000)
  eden space 136576K,  68% used [0x00000000e0c00000, 0x00000000e67ea4a0, 0x00000000e9160000)
  from space 17024K,   1% used [0x00000000e9160000, 0x00000000e919be40, 0x00000000ea200000)
  to   space 17024K,   0% used [0x00000000ea200000, 0x00000000ea200000, 0x00000000eb2a0000)
 tenured generation   total 341376K, used 44037K [0x00000000eb2a0000, 0x0000000100000000, 0x0000000100000000)
   the space 341376K,  12% used [0x00000000eb2a0000, 0x00000000edda15a0, 0x00000000edda1600, 0x0000000100000000)
 Metaspace       used 36068K, capacity 36986K, committed 37120K, reserved 1081344K
  class space    used 4868K, capacity 5073K, committed 5120K, reserved 1048576K
