11:59:36,976 |-INFO in ch.qos.logback.classic.LoggerContext[default] - Could NOT find resource [logback-test.xml]
11:59:36,976 |-INFO in ch.qos.logback.classic.LoggerContext[default] - Could NOT find resource [logback.groovy]
11:59:36,976 |-INFO in ch.qos.logback.classic.LoggerContext[default] - Found resource [logback.xml] at [jar:file:/home/nikitasokolov/flamestream/lib/flamestream-runtime-1.0-SNAPSHOT.jar!/logback.xml]
11:59:36,977 |-WARN in ch.qos.logback.classic.LoggerContext[default] - Resource [logback.xml] occurs multiple times on the classpath.
11:59:36,978 |-WARN in ch.qos.logback.classic.LoggerContext[default] - Resource [logback.xml] occurs at [jar:file:/home/nikitasokolov/flamestream/lib/flamestream-runtime-1.0-SNAPSHOT.jar!/logback.xml]
11:59:36,978 |-WARN in ch.qos.logback.classic.LoggerContext[default] - Resource [logback.xml] occurs at [jar:file:/home/nikitasokolov/flamestream/flamestream-runtime-1.0-SNAPSHOT.jar!/logback.xml]
11:59:36,997 |-INFO in ch.qos.logback.core.joran.spi.ConfigurationWatchList@6108b2d7 - URL [jar:file:/home/nikitasokolov/flamestream/lib/flamestream-runtime-1.0-SNAPSHOT.jar!/logback.xml] is not of type file
11:59:37,049 |-INFO in ch.qos.logback.classic.joran.action.ConfigurationAction - debug attribute not set
11:59:37,050 |-INFO in ch.qos.logback.core.joran.action.AppenderAction - About to instantiate appender of type [ch.qos.logback.core.ConsoleAppender]
11:59:37,061 |-INFO in ch.qos.logback.core.joran.action.AppenderAction - Naming appender as [STDOUT]
11:59:37,070 |-INFO in ch.qos.logback.core.joran.action.NestedComplexPropertyIA - Assuming default type [ch.qos.logback.classic.encoder.PatternLayoutEncoder] for [encoder] property
11:59:37,127 |-INFO in ch.qos.logback.core.joran.action.AppenderAction - About to instantiate appender of type [ch.qos.logback.core.rolling.RollingFileAppender]
11:59:37,133 |-INFO in ch.qos.logback.core.joran.action.AppenderAction - Naming appender as [FILE]
11:59:37,157 |-INFO in c.q.l.core.rolling.TimeBasedRollingPolicy@357863579 - No compression will be used
11:59:37,158 |-INFO in c.q.l.core.rolling.TimeBasedRollingPolicy@357863579 - Will use the pattern /tmp/application_%d{yyyy-MM-dd}.%i.log for the active file
11:59:37,161 |-INFO in ch.qos.logback.core.rolling.SizeAndTimeBasedFNATP@6bf256fa - The date pattern is 'yyyy-MM-dd' from file name pattern '/tmp/application_%d{yyyy-MM-dd}.%i.log'.
11:59:37,161 |-INFO in ch.qos.logback.core.rolling.SizeAndTimeBasedFNATP@6bf256fa - Roll-over at midnight.
11:59:37,165 |-INFO in ch.qos.logback.core.rolling.SizeAndTimeBasedFNATP@6bf256fa - Setting initial period to Sun Jun 09 11:58:51 MSK 2019
11:59:37,165 |-WARN in ch.qos.logback.core.rolling.SizeAndTimeBasedFNATP@6bf256fa - SizeAndTimeBasedFNATP is deprecated. Use SizeAndTimeBasedRollingPolicy instead
11:59:37,165 |-WARN in ch.qos.logback.core.rolling.SizeAndTimeBasedFNATP@6bf256fa - For more information see http://logback.qos.ch/manual/appenders.html#SizeAndTimeBasedRollingPolicy
11:59:37,169 |-INFO in ch.qos.logback.core.joran.action.NestedComplexPropertyIA - Assuming default type [ch.qos.logback.classic.encoder.PatternLayoutEncoder] for [encoder] property
11:59:37,172 |-INFO in ch.qos.logback.core.rolling.RollingFileAppender[FILE] - Active log file name: /tmp/application.log
11:59:37,172 |-INFO in ch.qos.logback.core.rolling.RollingFileAppender[FILE] - File property is set to [/tmp/application.log]
11:59:37,173 |-INFO in ch.qos.logback.classic.joran.action.RootLoggerAction - Setting level of ROOT logger to WARN
11:59:37,173 |-INFO in ch.qos.logback.core.joran.action.AppenderRefAction - Attaching appender named [STDOUT] to Logger[ROOT]
11:59:37,174 |-INFO in ch.qos.logback.core.joran.action.AppenderRefAction - Attaching appender named [FILE] to Logger[ROOT]
11:59:37,174 |-INFO in ch.qos.logback.classic.joran.action.ConfigurationAction - End of configuration.
11:59:37,174 |-INFO in ch.qos.logback.classic.joran.JoranConfigurator@6cd8737 - Registering current configuration as safe fallback point

2019-06-09T11:59:38.146+0300: 1.373: [GC (Metadata GC Threshold) [PSYoungGen: 108151K->15906K(149504K)] 108151K->15986K(491008K), 0.0197992 secs] [Times: user=0.09 sys=0.00, real=0.02 secs] 
2019-06-09T11:59:38.166+0300: 1.393: [Full GC (Metadata GC Threshold) [PSYoungGen: 15906K->0K(149504K)] [ParOldGen: 80K->14989K(341504K)] 15986K->14989K(491008K), [Metaspace: 20802K->20802K(1067008K)], 0.0260146 secs] [Times: user=0.17 sys=0.01, real=0.03 secs] 
11:59:49.929 [Curator-PathChildrenCache-1] WARN  o.a.c.u.ZKPaths  - The version of ZooKeeper being used doesn't support Container nodes. CreateMode.PERSISTENT will be used instead.
2019-06-09T11:59:51.267+0300: 14.495: [GC (Metadata GC Threshold) [PSYoungGen: 127060K->15632K(149504K)] 142049K->50161K(491008K), 0.0326617 secs] [Times: user=0.30 sys=0.03, real=0.04 secs] 
2019-06-09T11:59:51.300+0300: 14.527: [Full GC (Metadata GC Threshold) [PSYoungGen: 15632K->0K(149504K)] [ParOldGen: 34529K->38674K(341504K)] 50161K->38674K(491008K), [Metaspace: 34555K->34555K(1079296K)], 0.0360893 secs] [Times: user=0.22 sys=0.00, real=0.03 secs] 
2019-06-09T11:59:53.764+0300: 16.991: [GC (Allocation Failure) [PSYoungGen: 128512K->576K(149504K)] 167186K->39258K(491008K), 0.0034139 secs] [Times: user=0.02 sys=0.00, real=0.00 secs] 
2019-06-09T11:59:55.456+0300: 18.683: [GC (Allocation Failure) [PSYoungGen: 129088K->512K(149504K)] 167770K->39202K(491008K), 0.0033086 secs] [Times: user=0.01 sys=0.00, real=0.01 secs] 
2019-06-09T11:59:56.654+0300: 19.881: [GC (Allocation Failure) [PSYoungGen: 129024K->448K(129024K)] 167714K->39146K(470528K), 0.0032219 secs] [Times: user=0.02 sys=0.00, real=0.00 secs] 
2019-06-09T11:59:58.116+0300: 21.344: [GC (Allocation Failure) [PSYoungGen: 128960K->576K(150016K)] 167658K->39274K(491520K), 0.0031013 secs] [Times: user=0.02 sys=0.00, real=0.01 secs] 
2019-06-09T11:59:59.604+0300: 22.831: [GC (Allocation Failure) [PSYoungGen: 129088K->640K(148992K)] 167786K->39338K(490496K), 0.0035790 secs] [Times: user=0.03 sys=0.00, real=0.00 secs] 
2019-06-09T12:00:01.029+0300: 24.257: [GC (Allocation Failure) [PSYoungGen: 129152K->416K(151552K)] 167850K->39114K(493056K), 0.0036244 secs] [Times: user=0.01 sys=0.01, real=0.01 secs] 
2019-06-09T12:00:02.487+0300: 25.714: [GC (Allocation Failure) [PSYoungGen: 132512K->640K(151040K)] 171210K->39338K(492544K), 0.0034971 secs] [Times: user=0.01 sys=0.01, real=0.01 secs] 
2019-06-09T12:00:03.650+0300: 26.878: [GC (Allocation Failure) [PSYoungGen: 132736K->576K(153600K)] 171434K->39274K(495104K), 0.0029586 secs] [Times: user=0.01 sys=0.00, real=0.00 secs] 
2019-06-09T12:00:05.333+0300: 28.561: [GC (Allocation Failure) [PSYoungGen: 136256K->640K(152576K)] 174954K->39339K(494080K), 0.0033088 secs] [Times: user=0.01 sys=0.00, real=0.00 secs] 
12:00:14.106 [Curator-PathChildrenCache-0] ERROR o.a.c.f.r.c.PathChildrenCache  - 
java.lang.IllegalStateException: instance must be started before calling this method
	at org.apache.curator.shaded.com.google.common.base.Preconditions.checkState(Preconditions.java:444)
	at org.apache.curator.framework.imps.CuratorFrameworkImpl.getChildren(CuratorFrameworkImpl.java:456)
	at org.apache.curator.framework.recipes.cache.PathChildrenCache.refresh(PathChildrenCache.java:521)
	at org.apache.curator.framework.recipes.cache.RefreshOperation.invoke(RefreshOperation.java:35)
	at org.apache.curator.framework.recipes.cache.PathChildrenCache$9.run(PathChildrenCache.java:786)
	at java.util.concurrent.Executors$RunnableAdapter.call(Executors.java:511)
	at java.util.concurrent.FutureTask.run(FutureTask.java:266)
	at java.util.concurrent.Executors$RunnableAdapter.call(Executors.java:511)
	at java.util.concurrent.FutureTask.run(FutureTask.java:266)
	at java.util.concurrent.ThreadPoolExecutor.runWorker(ThreadPoolExecutor.java:1149)
	at java.util.concurrent.ThreadPoolExecutor$Worker.run(ThreadPoolExecutor.java:624)
	at java.lang.Thread.run(Thread.java:748)
Heap
 PSYoungGen      total 152576K, used 125819K [0x00000000f5980000, 0x0000000100000000, 0x0000000100000000)
  eden space 135680K, 92% used [0x00000000f5980000,0x00000000fd3bee88,0x00000000fde00000)
  from space 16896K, 3% used [0x00000000fde00000,0x00000000fdea0040,0x00000000fee80000)
  to   space 16384K, 0% used [0x00000000ff000000,0x00000000ff000000,0x0000000100000000)
 ParOldGen       total 341504K, used 38698K [0x00000000e0c00000, 0x00000000f5980000, 0x00000000f5980000)
  object space 341504K, 11% used [0x00000000e0c00000,0x00000000e31cabd0,0x00000000f5980000)
 Metaspace       used 35699K, capacity 36550K, committed 36952K, reserved 1081344K
  class space    used 4934K, capacity 5129K, committed 5248K, reserved 1048576K
