04:20:54,867 |-INFO in ch.qos.logback.classic.LoggerContext[default] - Could NOT find resource [logback-test.xml]
04:20:54,868 |-INFO in ch.qos.logback.classic.LoggerContext[default] - Could NOT find resource [logback.groovy]
04:20:54,868 |-INFO in ch.qos.logback.classic.LoggerContext[default] - Found resource [logback.xml] at [jar:file:/home/nikitasokolov/flamestream/lib/flamestream-runtime-1.0-SNAPSHOT.jar!/logback.xml]
04:20:54,868 |-WARN in ch.qos.logback.classic.LoggerContext[default] - Resource [logback.xml] occurs multiple times on the classpath.
04:20:54,869 |-WARN in ch.qos.logback.classic.LoggerContext[default] - Resource [logback.xml] occurs at [jar:file:/home/nikitasokolov/flamestream/lib/flamestream-runtime-1.0-SNAPSHOT.jar!/logback.xml]
04:20:54,869 |-WARN in ch.qos.logback.classic.LoggerContext[default] - Resource [logback.xml] occurs at [jar:file:/home/nikitasokolov/flamestream/flamestream-runtime-1.0-SNAPSHOT.jar!/logback.xml]
04:20:54,885 |-INFO in ch.qos.logback.core.joran.spi.ConfigurationWatchList@6aaa5eb0 - URL [jar:file:/home/nikitasokolov/flamestream/lib/flamestream-runtime-1.0-SNAPSHOT.jar!/logback.xml] is not of type file
04:20:54,937 |-INFO in ch.qos.logback.classic.joran.action.ConfigurationAction - debug attribute not set
04:20:54,938 |-INFO in ch.qos.logback.core.joran.action.AppenderAction - About to instantiate appender of type [ch.qos.logback.core.ConsoleAppender]
04:20:54,945 |-INFO in ch.qos.logback.core.joran.action.AppenderAction - Naming appender as [STDOUT]
04:20:54,953 |-INFO in ch.qos.logback.core.joran.action.NestedComplexPropertyIA - Assuming default type [ch.qos.logback.classic.encoder.PatternLayoutEncoder] for [encoder] property
04:20:55,014 |-INFO in ch.qos.logback.core.joran.action.AppenderAction - About to instantiate appender of type [ch.qos.logback.core.rolling.RollingFileAppender]
04:20:55,019 |-INFO in ch.qos.logback.core.joran.action.AppenderAction - Naming appender as [FILE]
04:20:55,042 |-INFO in c.q.l.core.rolling.TimeBasedRollingPolicy@3447021 - No compression will be used
04:20:55,043 |-INFO in c.q.l.core.rolling.TimeBasedRollingPolicy@3447021 - Will use the pattern /tmp/application_%d{yyyy-MM-dd}.%i.log for the active file
04:20:55,046 |-INFO in ch.qos.logback.core.rolling.SizeAndTimeBasedFNATP@1a407d53 - The date pattern is 'yyyy-MM-dd' from file name pattern '/tmp/application_%d{yyyy-MM-dd}.%i.log'.
04:20:55,046 |-INFO in ch.qos.logback.core.rolling.SizeAndTimeBasedFNATP@1a407d53 - Roll-over at midnight.
04:20:55,050 |-INFO in ch.qos.logback.core.rolling.SizeAndTimeBasedFNATP@1a407d53 - Setting initial period to Thu Jun 06 22:00:24 MSK 2019
04:20:55,050 |-WARN in ch.qos.logback.core.rolling.SizeAndTimeBasedFNATP@1a407d53 - SizeAndTimeBasedFNATP is deprecated. Use SizeAndTimeBasedRollingPolicy instead
04:20:55,050 |-WARN in ch.qos.logback.core.rolling.SizeAndTimeBasedFNATP@1a407d53 - For more information see http://logback.qos.ch/manual/appenders.html#SizeAndTimeBasedRollingPolicy
04:20:55,054 |-INFO in ch.qos.logback.core.joran.action.NestedComplexPropertyIA - Assuming default type [ch.qos.logback.classic.encoder.PatternLayoutEncoder] for [encoder] property
04:20:55,056 |-INFO in ch.qos.logback.core.rolling.RollingFileAppender[FILE] - Active log file name: /tmp/application.log
04:20:55,056 |-INFO in ch.qos.logback.core.rolling.RollingFileAppender[FILE] - File property is set to [/tmp/application.log]
04:20:55,057 |-ERROR in ch.qos.logback.core.rolling.RollingFileAppender[FILE] - openFile(/tmp/application.log,true) call failed. java.io.FileNotFoundException: /tmp/application.log (Permission denied)
	at java.io.FileNotFoundException: /tmp/application.log (Permission denied)
	at 	at java.io.FileOutputStream.open0(Native Method)
	at 	at java.io.FileOutputStream.open(FileOutputStream.java:270)
	at 	at java.io.FileOutputStream.<init>(FileOutputStream.java:213)
	at 	at ch.qos.logback.core.recovery.ResilientFileOutputStream.<init>(ResilientFileOutputStream.java:26)
	at 	at ch.qos.logback.core.FileAppender.openFile(FileAppender.java:204)
	at 	at ch.qos.logback.core.FileAppender.start(FileAppender.java:127)
	at 	at ch.qos.logback.core.rolling.RollingFileAppender.start(RollingFileAppender.java:100)
	at 	at ch.qos.logback.core.joran.action.AppenderAction.end(AppenderAction.java:90)
	at 	at ch.qos.logback.core.joran.spi.Interpreter.callEndAction(Interpreter.java:309)
	at 	at ch.qos.logback.core.joran.spi.Interpreter.endElement(Interpreter.java:193)
	at 	at ch.qos.logback.core.joran.spi.Interpreter.endElement(Interpreter.java:179)
	at 	at ch.qos.logback.core.joran.spi.EventPlayer.play(EventPlayer.java:62)
	at 	at ch.qos.logback.core.joran.GenericConfigurator.doConfigure(GenericConfigurator.java:165)
	at 	at ch.qos.logback.core.joran.GenericConfigurator.doConfigure(GenericConfigurator.java:152)
	at 	at ch.qos.logback.core.joran.GenericConfigurator.doConfigure(GenericConfigurator.java:110)
	at 	at ch.qos.logback.core.joran.GenericConfigurator.doConfigure(GenericConfigurator.java:53)
	at 	at ch.qos.logback.classic.util.ContextInitializer.configureByResource(ContextInitializer.java:75)
	at 	at ch.qos.logback.classic.util.ContextInitializer.autoConfig(ContextInitializer.java:150)
	at 	at org.slf4j.impl.StaticLoggerBinder.init(StaticLoggerBinder.java:84)
	at 	at org.slf4j.impl.StaticLoggerBinder.<clinit>(StaticLoggerBinder.java:55)
	at 	at org.slf4j.LoggerFactory.bind(LoggerFactory.java:150)
	at 	at org.slf4j.LoggerFactory.performInitialization(LoggerFactory.java:124)
	at 	at org.slf4j.LoggerFactory.getILoggerFactory(LoggerFactory.java:412)
	at 	at org.slf4j.LoggerFactory.getLogger(LoggerFactory.java:357)
	at 	at org.slf4j.LoggerFactory.getLogger(LoggerFactory.java:383)
	at 	at com.spbsu.flamestream.runtime.WorkerApplication.<init>(WorkerApplication.java:26)
	at 	at com.spbsu.flamestream.runtime.WorkerApplication.main(WorkerApplication.java:68)
04:20:55,057 |-INFO in ch.qos.logback.classic.joran.action.RootLoggerAction - Setting level of ROOT logger to WARN
04:20:55,057 |-INFO in ch.qos.logback.core.joran.action.AppenderRefAction - Attaching appender named [STDOUT] to Logger[ROOT]
04:20:55,058 |-INFO in ch.qos.logback.core.joran.action.AppenderRefAction - Attaching appender named [FILE] to Logger[ROOT]
04:20:55,058 |-INFO in ch.qos.logback.classic.joran.action.ConfigurationAction - End of configuration.
04:20:55,059 |-INFO in ch.qos.logback.classic.joran.JoranConfigurator@21bcffb5 - Registering current configuration as safe fallback point

Ama winner
Ama winner
2019-06-09T04:20:56.052+0300: 1.390: [GC (Metadata GC Threshold) [PSYoungGen: 95247K->15986K(149504K)] 95247K->16066K(491008K), 0.0191970 secs] [Times: user=0.11 sys=0.01, real=0.02 secs] 
2019-06-09T04:20:56.071+0300: 1.409: [Full GC (Metadata GC Threshold) [PSYoungGen: 15986K->0K(149504K)] [ParOldGen: 80K->15103K(341504K)] 16066K->15103K(491008K), [Metaspace: 20801K->20801K(1067008K)], 0.0253136 secs] [Times: user=0.17 sys=0.01, real=0.03 secs] 
04:21:06.958 [Curator-PathChildrenCache-1] WARN  o.a.c.u.ZKPaths  - The version of ZooKeeper being used doesn't support Container nodes. CreateMode.PERSISTENT will be used instead.
2019-06-09T04:21:08.035+0300: 13.373: [GC (Allocation Failure) [PSYoungGen: 128512K->20971K(149504K)] 143615K->50057K(491008K), 0.0213153 secs] [Times: user=0.22 sys=0.04, real=0.02 secs] 
2019-06-09T04:21:08.243+0300: 13.581: [GC (Metadata GC Threshold) [PSYoungGen: 32839K->20971K(149504K)] 61925K->50189K(491008K), 0.0119801 secs] [Times: user=0.13 sys=0.01, real=0.02 secs] 
2019-06-09T04:21:08.255+0300: 13.593: [Full GC (Metadata GC Threshold) [PSYoungGen: 20971K->0K(149504K)] [ParOldGen: 29217K->39065K(341504K)] 50189K->39065K(491008K), [Metaspace: 34555K->34555K(1079296K)], 0.0532173 secs] [Times: user=0.14 sys=0.03, real=0.05 secs] 
2019-06-09T04:21:11.497+0300: 16.835: [GC (Allocation Failure) [PSYoungGen: 128512K->672K(149504K)] 167577K->39745K(491008K), 0.0026856 secs] [Times: user=0.01 sys=0.00, real=0.00 secs] 
2019-06-09T04:21:15.361+0300: 20.699: [GC (Allocation Failure) [PSYoungGen: 129184K->608K(129536K)] 168257K->39689K(471040K), 0.0053200 secs] [Times: user=0.06 sys=0.00, real=0.01 secs] 
2019-06-09T04:21:19.263+0300: 24.601: [GC (Allocation Failure) [PSYoungGen: 129120K->672K(130048K)] 168201K->39761K(471552K), 0.0038802 secs] [Times: user=0.02 sys=0.01, real=0.01 secs] 
2019-06-09T04:21:21.938+0300: 27.277: [GC (Allocation Failure) [PSYoungGen: 89760K->736K(129536K)] 128849K->39833K(471040K), 0.0037738 secs] [Times: user=0.03 sys=0.00, real=0.00 secs] 
2019-06-09T04:21:24.660+0300: 29.999: [GC (Allocation Failure) [PSYoungGen: 89824K->736K(132608K)] 128921K->39841K(474112K), 0.0517558 secs] [Times: user=0.01 sys=0.00, real=0.06 secs] 
2019-06-09T04:21:27.508+0300: 32.847: [GC (Allocation Failure) [PSYoungGen: 93920K->672K(131072K)] 133025K->39785K(472576K), 0.0019889 secs] [Times: user=0.01 sys=0.01, real=0.00 secs] 
2019-06-09T04:21:30.342+0300: 35.681: [GC (Allocation Failure) [PSYoungGen: 93856K->672K(135680K)] 132969K->39793K(477184K), 0.0030805 secs] [Times: user=0.02 sys=0.00, real=0.01 secs] 
2019-06-09T04:21:33.408+0300: 38.746: [GC (Allocation Failure) [PSYoungGen: 100000K->640K(134144K)] 139121K->39761K(475648K), 0.0023277 secs] [Times: user=0.01 sys=0.00, real=0.00 secs] 
2019-06-09T04:21:36.460+0300: 41.798: [GC (Allocation Failure) [PSYoungGen: 99968K->704K(138752K)] 139089K->39825K(480256K), 0.0100765 secs] [Times: user=0.10 sys=0.01, real=0.01 secs] 
2019-06-09T04:21:39.724+0300: 45.062: [GC (Allocation Failure) [PSYoungGen: 106176K->704K(137216K)] 145297K->39833K(478720K), 0.0048569 secs] [Times: user=0.02 sys=0.01, real=0.01 secs] 
2019-06-09T04:21:42.978+0300: 48.317: [GC (Allocation Failure) [PSYoungGen: 106176K->704K(141824K)] 145305K->39841K(483328K), 0.0028329 secs] [Times: user=0.00 sys=0.01, real=0.00 secs] 
2019-06-09T04:21:46.407+0300: 51.746: [GC (Allocation Failure) [PSYoungGen: 112320K->832K(140288K)] 151457K->39977K(481792K), 0.0039077 secs] [Times: user=0.02 sys=0.01, real=0.00 secs] 
2019-06-09T04:21:49.833+0300: 55.171: [GC (Allocation Failure) [PSYoungGen: 112448K->832K(144896K)] 151593K->39977K(486400K), 0.0026162 secs] [Times: user=0.01 sys=0.00, real=0.00 secs] 
2019-06-09T04:21:53.479+0300: 58.817: [GC (Allocation Failure) [PSYoungGen: 118592K->864K(143360K)] 157737K->40009K(484864K), 0.0036865 secs] [Times: user=0.02 sys=0.00, real=0.00 secs] 
2019-06-09T04:21:57.241+0300: 62.579: [GC (Allocation Failure) [PSYoungGen: 118624K->1216K(147456K)] 157769K->40361K(488960K), 0.0032549 secs] [Times: user=0.01 sys=0.00, real=0.00 secs] 
2019-06-09T04:22:02.064+0300: 67.402: [GC (Allocation Failure) [PSYoungGen: 124608K->608K(146432K)] 163753K->40073K(487936K), 0.0031119 secs] [Times: user=0.01 sys=0.01, real=0.01 secs] 
2019-06-09T04:22:06.889+0300: 72.228: [GC (Allocation Failure) [PSYoungGen: 124000K->672K(150528K)] 163465K->40193K(492032K), 0.0023861 secs] [Times: user=0.01 sys=0.00, real=0.00 secs] 
2019-06-09T04:22:11.959+0300: 77.298: [GC (Allocation Failure) [PSYoungGen: 129696K->640K(148992K)] 169217K->40225K(490496K), 0.0020224 secs] [Times: user=0.01 sys=0.00, real=0.00 secs] 
04:22:29.362 [Curator-PathChildrenCache-0] ERROR o.a.c.f.r.c.PathChildrenCache  - 
java.lang.IllegalStateException: instance must be started before calling this method
	at org.apache.curator.shaded.com.google.common.base.Preconditions.checkState(Preconditions.java:444)
	at org.apache.curator.framework.imps.CuratorFrameworkImpl.getChildren(CuratorFrameworkImpl.java:456)
	at org.apache.curator.framework.recipes.cache.PathChildrenCache.refresh(PathChildrenCache.java:521)
	at org.apache.curator.framework.recipes.cache.RefreshOperation.invoke(RefreshOperation.java:35)
	at org.apache.curator.framework.recipes.cache.PathChildrenCache$9.run(PathChildrenCache.java:786)
	at java.util.concurrent.Executors$RunnableAdapter.call(Executors.java:511)
	at java.util.concurrent.FutureTask.run(FutureTask.java:266)
	at java.util.concurrent.Executors$RunnableAdapter.call(Executors.java:511)
	at java.util.concurrent.FutureTask.run(FutureTask.java:266)
	at java.util.concurrent.ThreadPoolExecutor.runWorker(ThreadPoolExecutor.java:1149)
	at java.util.concurrent.ThreadPoolExecutor$Worker.run(ThreadPoolExecutor.java:624)
	at java.lang.Thread.run(Thread.java:748)
04:22:30.458 [worker-akka.actor.default-dispatcher-2] ERROR c.s.f.r.WorkerApplication  - Something went wrong during trace flush
java.nio.file.AccessDeniedException: /tmp/trace.csv
	at sun.nio.fs.UnixException.translateToIOException(UnixException.java:84)
	at sun.nio.fs.UnixException.rethrowAsIOException(UnixException.java:102)
	at sun.nio.fs.UnixException.rethrowAsIOException(UnixException.java:107)
	at sun.nio.fs.UnixFileSystemProvider.newByteChannel(UnixFileSystemProvider.java:214)
	at java.nio.file.spi.FileSystemProvider.newOutputStream(FileSystemProvider.java:434)
	at java.nio.file.Files.newOutputStream(Files.java:216)
	at java.nio.file.Files.newBufferedWriter(Files.java:2860)
	at java.nio.file.Files.newBufferedWriter(Files.java:2896)
	at com.spbsu.flamestream.runtime.utils.tracing.Tracing.flush(Tracing.java:35)
	at com.spbsu.flamestream.runtime.WorkerApplication.lambda$run$0(WorkerApplication.java:109)
	at akka.actor.ActorSystemImpl$TerminationCallbacks$$anonfun$addRec$1$1.applyOrElse(ActorSystem.scala:1036)
	at akka.actor.ActorSystemImpl$TerminationCallbacks$$anonfun$addRec$1$1.applyOrElse(ActorSystem.scala:1036)
	at scala.concurrent.Future$$anonfun$andThen$1.apply(Future.scala:436)
	at scala.concurrent.Future$$anonfun$andThen$1.apply(Future.scala:435)
	at scala.concurrent.impl.CallbackRunnable.run(Promise.scala:36)
	at akka.dispatch.BatchingExecutor$AbstractBatch.processBatch(BatchingExecutor.scala:55)
	at akka.dispatch.BatchingExecutor$BlockableBatch$$anonfun$run$1.apply$mcV$sp(BatchingExecutor.scala:91)
	at akka.dispatch.BatchingExecutor$BlockableBatch$$anonfun$run$1.apply(BatchingExecutor.scala:91)
	at akka.dispatch.BatchingExecutor$BlockableBatch$$anonfun$run$1.apply(BatchingExecutor.scala:91)
	at scala.concurrent.BlockContext$.withBlockContext(BlockContext.scala:72)
	at akka.dispatch.BatchingExecutor$BlockableBatch.run(BatchingExecutor.scala:90)
	at akka.dispatch.TaskInvocation.run(AbstractDispatcher.scala:40)
	at akka.dispatch.ForkJoinExecutorConfigurator$AkkaForkJoinTask.exec(ForkJoinExecutorConfigurator.scala:44)
	at akka.dispatch.forkjoin.ForkJoinTask.doExec(ForkJoinTask.java:260)
	at akka.dispatch.forkjoin.ForkJoinPool$WorkQueue.runTask(ForkJoinPool.java:1339)
	at akka.dispatch.forkjoin.ForkJoinPool.runWorker(ForkJoinPool.java:1979)
	at akka.dispatch.forkjoin.ForkJoinWorkerThread.run(ForkJoinWorkerThread.java:107)
Heap
 PSYoungGen      total 148992K, used 13750K [0x00000000f5980000, 0x0000000100000000, 0x0000000100000000)
  eden space 129024K, 10% used [0x00000000f5980000,0x00000000f664d808,0x00000000fd780000)
  from space 19968K, 3% used [0x00000000fd780000,0x00000000fd8200a0,0x00000000feb00000)
  to   space 18944K, 0% used [0x00000000fed80000,0x00000000fed80000,0x0000000100000000)
 ParOldGen       total 341504K, used 39585K [0x00000000e0c00000, 0x00000000f5980000, 0x00000000f5980000)
  object space 341504K, 11% used [0x00000000e0c00000,0x00000000e32a8478,0x00000000f5980000)
 Metaspace       used 36266K, capacity 37160K, committed 37464K, reserved 1081344K
  class space    used 4973K, capacity 5160K, committed 5248K, reserved 1048576K
