18:18:31,698 |-INFO in ch.qos.logback.classic.LoggerContext[default] - Could NOT find resource [logback-test.xml]
18:18:31,698 |-INFO in ch.qos.logback.classic.LoggerContext[default] - Could NOT find resource [logback.groovy]
18:18:31,703 |-INFO in ch.qos.logback.classic.LoggerContext[default] - Found resource [logback.xml] at [jar:file:/root/flamestream/lib/flamestream-runtime-1.0-SNAPSHOT.jar!/logback.xml]
18:18:31,704 |-WARN in ch.qos.logback.classic.LoggerContext[default] - Resource [logback.xml] occurs multiple times on the classpath.
18:18:31,704 |-WARN in ch.qos.logback.classic.LoggerContext[default] - Resource [logback.xml] occurs at [jar:file:/root/flamestream/lib/flamestream-runtime-1.0-SNAPSHOT.jar!/logback.xml]
18:18:31,704 |-WARN in ch.qos.logback.classic.LoggerContext[default] - Resource [logback.xml] occurs at [jar:file:/root/flamestream/flamestream-runtime-1.0-SNAPSHOT.jar!/logback.xml]
18:18:31,723 |-INFO in ch.qos.logback.core.joran.spi.ConfigurationWatchList@3fb6a447 - URL [jar:file:/root/flamestream/lib/flamestream-runtime-1.0-SNAPSHOT.jar!/logback.xml] is not of type file
18:18:31,789 |-INFO in ch.qos.logback.classic.joran.action.ConfigurationAction - debug attribute not set
18:18:31,789 |-INFO in ch.qos.logback.core.joran.action.AppenderAction - About to instantiate appender of type [ch.qos.logback.core.ConsoleAppender]
18:18:31,805 |-INFO in ch.qos.logback.core.joran.action.AppenderAction - Naming appender as [STDOUT]
18:18:31,823 |-INFO in ch.qos.logback.core.joran.action.NestedComplexPropertyIA - Assuming default type [ch.qos.logback.classic.encoder.PatternLayoutEncoder] for [encoder] property
18:18:31,906 |-INFO in ch.qos.logback.core.joran.action.AppenderAction - About to instantiate appender of type [ch.qos.logback.core.rolling.RollingFileAppender]
18:18:31,915 |-INFO in ch.qos.logback.core.joran.action.AppenderAction - Naming appender as [FILE]
18:18:31,944 |-INFO in c.q.l.core.rolling.TimeBasedRollingPolicy@127618319 - No compression will be used
18:18:31,946 |-INFO in c.q.l.core.rolling.TimeBasedRollingPolicy@127618319 - Will use the pattern /tmp/application_%d{yyyy-MM-dd}.%i.log for the active file
18:18:31,949 |-INFO in ch.qos.logback.core.rolling.SizeAndTimeBasedFNATP@6b2fad11 - The date pattern is 'yyyy-MM-dd' from file name pattern '/tmp/application_%d{yyyy-MM-dd}.%i.log'.
18:18:31,949 |-INFO in ch.qos.logback.core.rolling.SizeAndTimeBasedFNATP@6b2fad11 - Roll-over at midnight.
18:18:31,954 |-INFO in ch.qos.logback.core.rolling.SizeAndTimeBasedFNATP@6b2fad11 - Setting initial period to Mon Jun 10 18:17:14 UTC 2019
18:18:31,954 |-WARN in ch.qos.logback.core.rolling.SizeAndTimeBasedFNATP@6b2fad11 - SizeAndTimeBasedFNATP is deprecated. Use SizeAndTimeBasedRollingPolicy instead
18:18:31,954 |-WARN in ch.qos.logback.core.rolling.SizeAndTimeBasedFNATP@6b2fad11 - For more information see http://logback.qos.ch/manual/appenders.html#SizeAndTimeBasedRollingPolicy
18:18:31,958 |-INFO in ch.qos.logback.core.joran.action.NestedComplexPropertyIA - Assuming default type [ch.qos.logback.classic.encoder.PatternLayoutEncoder] for [encoder] property
18:18:31,963 |-INFO in ch.qos.logback.core.rolling.RollingFileAppender[FILE] - Active log file name: /tmp/application.log
18:18:31,963 |-INFO in ch.qos.logback.core.rolling.RollingFileAppender[FILE] - File property is set to [/tmp/application.log]
18:18:31,964 |-INFO in ch.qos.logback.classic.joran.action.RootLoggerAction - Setting level of ROOT logger to WARN
18:18:31,964 |-INFO in ch.qos.logback.core.joran.action.AppenderRefAction - Attaching appender named [STDOUT] to Logger[ROOT]
18:18:31,966 |-INFO in ch.qos.logback.core.joran.action.AppenderRefAction - Attaching appender named [FILE] to Logger[ROOT]
18:18:31,966 |-INFO in ch.qos.logback.classic.joran.action.ConfigurationAction - End of configuration.
18:18:31,966 |-INFO in ch.qos.logback.classic.joran.JoranConfigurator@79698539 - Registering current configuration as safe fallback point

Ama winner
Ama winner
2019-06-10T18:18:33.230+0000: 1.713: [Full GC (Metadata GC Threshold) 2019-06-10T18:18:33.230+0000: 1.713: [Tenured: 0K->15176K(341376K), 0.0388271 secs] 112223K->15176K(494976K), [Metaspace: 20730K->20730K(1067008K)], 0.0388955 secs] [Times: user=0.04 sys=0.00, real=0.04 secs] 
18:18:46.463 [Curator-PathChildrenCache-1] WARN  o.a.c.u.ZKPaths  - The version of ZooKeeper being used doesn't support Container nodes. CreateMode.PERSISTENT will be used instead.
2019-06-10T18:18:48.490+0000: 16.973: [GC (Allocation Failure) 2019-06-10T18:18:48.491+0000: 16.973: [DefNew: 135621K->16966K(153600K), 0.0253094 secs] 150797K->51674K(494976K), 0.0253966 secs] [Times: user=0.03 sys=0.00, real=0.03 secs] 
2019-06-10T18:18:51.329+0000: 19.811: [Full GC (Metadata GC Threshold) 2019-06-10T18:18:51.329+0000: 19.811: [Tenured: 34708K->43714K(341376K), 0.0547568 secs] 104537K->43714K(494976K), [Metaspace: 34598K->34598K(1079296K)], 0.0548368 secs] [Times: user=0.05 sys=0.00, real=0.05 secs] 
2019-06-10T18:18:57.928+0000: 26.411: [GC (Allocation Failure) 2019-06-10T18:18:57.928+0000: 26.411: [DefNew: 136576K->64K(153600K), 0.0017811 secs] 180290K->43778K(494976K), 0.0018409 secs] [Times: user=0.00 sys=0.01, real=0.00 secs] 
2019-06-10T18:19:04.442+0000: 32.926: [GC (Allocation Failure) 2019-06-10T18:19:04.443+0000: 32.926: [DefNew: 136640K->96K(153600K), 0.0017967 secs] 180354K->43810K(494976K), 0.0028030 secs] [Times: user=0.01 sys=0.00, real=0.00 secs] 
2019-06-10T18:19:11.125+0000: 39.607: [GC (Allocation Failure) 2019-06-10T18:19:11.125+0000: 39.607: [DefNew: 136672K->102K(153600K), 0.0017879 secs] 180386K->43817K(494976K), 0.0018491 secs] [Times: user=0.00 sys=0.00, real=0.01 secs] 
2019-06-10T18:19:17.801+0000: 46.283: [GC (Allocation Failure) 2019-06-10T18:19:17.801+0000: 46.283: [DefNew: 136678K->129K(153600K), 0.0017483 secs] 180393K->43844K(494976K), 0.0018107 secs] [Times: user=0.00 sys=0.00, real=0.00 secs] 
2019-06-10T18:19:24.475+0000: 52.957: [GC (Allocation Failure) 2019-06-10T18:19:24.475+0000: 52.957: [DefNew: 136705K->133K(153600K), 0.0017963 secs] 180420K->43847K(494976K), 0.0018583 secs] [Times: user=0.00 sys=0.00, real=0.00 secs] 
18:19:32.326 [Curator-PathChildrenCache-0] ERROR o.a.c.f.r.c.PathChildrenCache  - 
java.lang.IllegalStateException: instance must be started before calling this method
	at org.apache.curator.shaded.com.google.common.base.Preconditions.checkState(Preconditions.java:444)
	at org.apache.curator.framework.imps.CuratorFrameworkImpl.getChildren(CuratorFrameworkImpl.java:456)
	at org.apache.curator.framework.recipes.cache.PathChildrenCache.refresh(PathChildrenCache.java:521)
	at org.apache.curator.framework.recipes.cache.RefreshOperation.invoke(RefreshOperation.java:35)
	at org.apache.curator.framework.recipes.cache.PathChildrenCache$9.run(PathChildrenCache.java:786)
	at java.util.concurrent.Executors$RunnableAdapter.call(Executors.java:511)
	at java.util.concurrent.FutureTask.run(FutureTask.java:266)
	at java.util.concurrent.Executors$RunnableAdapter.call(Executors.java:511)
	at java.util.concurrent.FutureTask.run(FutureTask.java:266)
	at java.util.concurrent.ThreadPoolExecutor.runWorker(ThreadPoolExecutor.java:1149)
	at java.util.concurrent.ThreadPoolExecutor$Worker.run(ThreadPoolExecutor.java:624)
	at java.lang.Thread.run(Thread.java:748)
Heap
 def new generation   total 153600K, used 74812K [0x00000000e0c00000, 0x00000000eb2a0000, 0x00000000eb2a0000)
  eden space 136576K,  54% used [0x00000000e0c00000, 0x00000000e54edb60, 0x00000000e9160000)
  from space 17024K,   0% used [0x00000000e9160000, 0x00000000e9181670, 0x00000000ea200000)
  to   space 17024K,   0% used [0x00000000ea200000, 0x00000000ea200000, 0x00000000eb2a0000)
 tenured generation   total 341376K, used 43714K [0x00000000eb2a0000, 0x0000000100000000, 0x0000000100000000)
   the space 341376K,  12% used [0x00000000eb2a0000, 0x00000000edd50948, 0x00000000edd50a00, 0x0000000100000000)
 Metaspace       used 35729K, capacity 36582K, committed 36864K, reserved 1081344K
  class space    used 4828K, capacity 5043K, committed 5120K, reserved 1048576K
