17:10:52,654 |-INFO in ch.qos.logback.classic.LoggerContext[default] - Could NOT find resource [logback-test.xml]
17:10:52,654 |-INFO in ch.qos.logback.classic.LoggerContext[default] - Could NOT find resource [logback.groovy]
17:10:52,654 |-INFO in ch.qos.logback.classic.LoggerContext[default] - Found resource [logback.xml] at [jar:file:/root/flamestream/lib/flamestream-runtime-1.0-SNAPSHOT.jar!/logback.xml]
17:10:52,655 |-WARN in ch.qos.logback.classic.LoggerContext[default] - Resource [logback.xml] occurs multiple times on the classpath.
17:10:52,655 |-WARN in ch.qos.logback.classic.LoggerContext[default] - Resource [logback.xml] occurs at [jar:file:/root/flamestream/lib/flamestream-runtime-1.0-SNAPSHOT.jar!/logback.xml]
17:10:52,655 |-WARN in ch.qos.logback.classic.LoggerContext[default] - Resource [logback.xml] occurs at [jar:file:/root/flamestream/flamestream-runtime-1.0-SNAPSHOT.jar!/logback.xml]
17:10:52,675 |-INFO in ch.qos.logback.core.joran.spi.ConfigurationWatchList@3fb6a447 - URL [jar:file:/root/flamestream/lib/flamestream-runtime-1.0-SNAPSHOT.jar!/logback.xml] is not of type file
17:10:52,747 |-INFO in ch.qos.logback.classic.joran.action.ConfigurationAction - debug attribute not set
17:10:52,748 |-INFO in ch.qos.logback.core.joran.action.AppenderAction - About to instantiate appender of type [ch.qos.logback.core.ConsoleAppender]
17:10:52,762 |-INFO in ch.qos.logback.core.joran.action.AppenderAction - Naming appender as [STDOUT]
17:10:52,779 |-INFO in ch.qos.logback.core.joran.action.NestedComplexPropertyIA - Assuming default type [ch.qos.logback.classic.encoder.PatternLayoutEncoder] for [encoder] property
17:10:52,863 |-INFO in ch.qos.logback.core.joran.action.AppenderAction - About to instantiate appender of type [ch.qos.logback.core.rolling.RollingFileAppender]
17:10:52,868 |-INFO in ch.qos.logback.core.joran.action.AppenderAction - Naming appender as [FILE]
17:10:52,900 |-INFO in c.q.l.core.rolling.TimeBasedRollingPolicy@127618319 - No compression will be used
17:10:52,902 |-INFO in c.q.l.core.rolling.TimeBasedRollingPolicy@127618319 - Will use the pattern /tmp/application_%d{yyyy-MM-dd}.%i.log for the active file
17:10:52,905 |-INFO in ch.qos.logback.core.rolling.SizeAndTimeBasedFNATP@6b2fad11 - The date pattern is 'yyyy-MM-dd' from file name pattern '/tmp/application_%d{yyyy-MM-dd}.%i.log'.
17:10:52,905 |-INFO in ch.qos.logback.core.rolling.SizeAndTimeBasedFNATP@6b2fad11 - Roll-over at midnight.
17:10:52,910 |-INFO in ch.qos.logback.core.rolling.SizeAndTimeBasedFNATP@6b2fad11 - Setting initial period to Mon Jun 10 17:09:25 UTC 2019
17:10:52,910 |-WARN in ch.qos.logback.core.rolling.SizeAndTimeBasedFNATP@6b2fad11 - SizeAndTimeBasedFNATP is deprecated. Use SizeAndTimeBasedRollingPolicy instead
17:10:52,910 |-WARN in ch.qos.logback.core.rolling.SizeAndTimeBasedFNATP@6b2fad11 - For more information see http://logback.qos.ch/manual/appenders.html#SizeAndTimeBasedRollingPolicy
17:10:52,914 |-INFO in ch.qos.logback.core.joran.action.NestedComplexPropertyIA - Assuming default type [ch.qos.logback.classic.encoder.PatternLayoutEncoder] for [encoder] property
17:10:52,919 |-INFO in ch.qos.logback.core.rolling.RollingFileAppender[FILE] - Active log file name: /tmp/application.log
17:10:52,919 |-INFO in ch.qos.logback.core.rolling.RollingFileAppender[FILE] - File property is set to [/tmp/application.log]
17:10:52,920 |-INFO in ch.qos.logback.classic.joran.action.RootLoggerAction - Setting level of ROOT logger to WARN
17:10:52,920 |-INFO in ch.qos.logback.core.joran.action.AppenderRefAction - Attaching appender named [STDOUT] to Logger[ROOT]
17:10:52,922 |-INFO in ch.qos.logback.core.joran.action.AppenderRefAction - Attaching appender named [FILE] to Logger[ROOT]
17:10:52,922 |-INFO in ch.qos.logback.classic.joran.action.ConfigurationAction - End of configuration.
17:10:52,922 |-INFO in ch.qos.logback.classic.joran.JoranConfigurator@79698539 - Registering current configuration as safe fallback point

Ama winner
Ama winner
2019-06-10T17:10:54.173+0000: 1.707: [Full GC (Metadata GC Threshold) 2019-06-10T17:10:54.173+0000: 1.707: [Tenured: 0K->15200K(341376K), 0.0394996 secs] 114988K->15200K(494976K), [Metaspace: 20725K->20725K(1067008K)], 0.0395653 secs] [Times: user=0.04 sys=0.00, real=0.04 secs] 
17:11:17.806 [Curator-PathChildrenCache-1] WARN  o.a.c.u.ZKPaths  - The version of ZooKeeper being used doesn't support Container nodes. CreateMode.PERSISTENT will be used instead.
2019-06-10T17:11:20.078+0000: 27.611: [GC (Allocation Failure) 2019-06-10T17:11:20.078+0000: 27.611: [DefNew: 136576K->17023K(153600K), 0.0246073 secs] 151776K->52567K(494976K), 0.0246896 secs] [Times: user=0.02 sys=0.01, real=0.02 secs] 
2019-06-10T17:11:21.599+0000: 29.133: [Full GC (Metadata GC Threshold) 2019-06-10T17:11:21.599+0000: 29.133: [Tenured: 35543K->44024K(341376K), 0.0414822 secs] 81047K->44024K(494976K), [Metaspace: 34525K->34525K(1079296K)], 0.0415607 secs] [Times: user=0.04 sys=0.01, real=0.04 secs] 
2019-06-10T17:11:28.532+0000: 36.065: [GC (Allocation Failure) 2019-06-10T17:11:28.532+0000: 36.065: [DefNew: 136576K->70K(153600K), 0.0018883 secs] 180600K->44095K(494976K), 0.0019656 secs] [Times: user=0.00 sys=0.00, real=0.00 secs] 
2019-06-10T17:11:35.513+0000: 43.046: [GC (Allocation Failure) 2019-06-10T17:11:35.513+0000: 43.046: [DefNew: 136646K->66K(153600K), 0.0017227 secs] 180671K->44091K(494976K), 0.0017819 secs] [Times: user=0.00 sys=0.00, real=0.01 secs] 
2019-06-10T17:11:42.499+0000: 50.033: [GC (Allocation Failure) 2019-06-10T17:11:42.499+0000: 50.033: [DefNew: 136642K->68K(153600K), 0.0017620 secs] 180667K->44093K(494976K), 0.0018216 secs] [Times: user=0.00 sys=0.00, real=0.00 secs] 
2019-06-10T17:11:49.513+0000: 57.046: [GC (Allocation Failure) 2019-06-10T17:11:49.513+0000: 57.046: [DefNew: 136644K->68K(153600K), 0.0018249 secs] 180669K->44093K(494976K), 0.0018930 secs] [Times: user=0.01 sys=0.00, real=0.00 secs] 
2019-06-10T17:11:56.718+0000: 64.252: [GC (Allocation Failure) 2019-06-10T17:11:56.718+0000: 64.252: [DefNew: 136644K->407K(153600K), 0.0022925 secs] 180669K->44432K(494976K), 0.0023562 secs] [Times: user=0.01 sys=0.00, real=0.00 secs] 
17:12:11.441 [Curator-PathChildrenCache-0] ERROR o.a.c.f.r.c.PathChildrenCache  - 
java.lang.IllegalStateException: instance must be started before calling this method
	at org.apache.curator.shaded.com.google.common.base.Preconditions.checkState(Preconditions.java:444)
	at org.apache.curator.framework.imps.CuratorFrameworkImpl.getChildren(CuratorFrameworkImpl.java:456)
	at org.apache.curator.framework.recipes.cache.PathChildrenCache.refresh(PathChildrenCache.java:521)
	at org.apache.curator.framework.recipes.cache.RefreshOperation.invoke(RefreshOperation.java:35)
	at org.apache.curator.framework.recipes.cache.PathChildrenCache$9.run(PathChildrenCache.java:786)
	at java.util.concurrent.Executors$RunnableAdapter.call(Executors.java:511)
	at java.util.concurrent.FutureTask.run(FutureTask.java:266)
	at java.util.concurrent.Executors$RunnableAdapter.call(Executors.java:511)
	at java.util.concurrent.FutureTask.run(FutureTask.java:266)
	at java.util.concurrent.ThreadPoolExecutor.runWorker(ThreadPoolExecutor.java:1149)
	at java.util.concurrent.ThreadPoolExecutor$Worker.run(ThreadPoolExecutor.java:624)
	at java.lang.Thread.run(Thread.java:748)
Heap
 def new generation   total 153600K, used 125477K [0x00000000e0c00000, 0x00000000eb2a0000, 0x00000000eb2a0000)
  eden space 136576K,  91% used [0x00000000e0c00000, 0x00000000e86234a8, 0x00000000e9160000)
  from space 17024K,   2% used [0x00000000e9160000, 0x00000000e91c5fd0, 0x00000000ea200000)
  to   space 17024K,   0% used [0x00000000ea200000, 0x00000000ea200000, 0x00000000eb2a0000)
 tenured generation   total 341376K, used 44024K [0x00000000eb2a0000, 0x0000000100000000, 0x0000000100000000)
   the space 341376K,  12% used [0x00000000eb2a0000, 0x00000000edd9e300, 0x00000000edd9e400, 0x0000000100000000)
 Metaspace       used 36119K, capacity 36992K, committed 37120K, reserved 1081344K
  class space    used 4859K, capacity 5074K, committed 5120K, reserved 1048576K
