13:17:44,704 |-INFO in ch.qos.logback.classic.LoggerContext[default] - Could NOT find resource [logback-test.xml]
13:17:44,704 |-INFO in ch.qos.logback.classic.LoggerContext[default] - Could NOT find resource [logback.groovy]
13:17:44,705 |-INFO in ch.qos.logback.classic.LoggerContext[default] - Found resource [logback.xml] at [jar:file:/root/flamestream/lib/flamestream-runtime-1.0-SNAPSHOT.jar!/logback.xml]
13:17:44,705 |-WARN in ch.qos.logback.classic.LoggerContext[default] - Resource [logback.xml] occurs multiple times on the classpath.
13:17:44,706 |-WARN in ch.qos.logback.classic.LoggerContext[default] - Resource [logback.xml] occurs at [jar:file:/root/flamestream/lib/flamestream-runtime-1.0-SNAPSHOT.jar!/logback.xml]
13:17:44,706 |-WARN in ch.qos.logback.classic.LoggerContext[default] - Resource [logback.xml] occurs at [jar:file:/root/flamestream/flamestream-runtime-1.0-SNAPSHOT.jar!/logback.xml]
13:17:44,726 |-INFO in ch.qos.logback.core.joran.spi.ConfigurationWatchList@3fb6a447 - URL [jar:file:/root/flamestream/lib/flamestream-runtime-1.0-SNAPSHOT.jar!/logback.xml] is not of type file
13:17:44,791 |-INFO in ch.qos.logback.classic.joran.action.ConfigurationAction - debug attribute not set
13:17:44,792 |-INFO in ch.qos.logback.core.joran.action.AppenderAction - About to instantiate appender of type [ch.qos.logback.core.ConsoleAppender]
13:17:44,808 |-INFO in ch.qos.logback.core.joran.action.AppenderAction - Naming appender as [STDOUT]
13:17:44,826 |-INFO in ch.qos.logback.core.joran.action.NestedComplexPropertyIA - Assuming default type [ch.qos.logback.classic.encoder.PatternLayoutEncoder] for [encoder] property
13:17:44,911 |-INFO in ch.qos.logback.core.joran.action.AppenderAction - About to instantiate appender of type [ch.qos.logback.core.rolling.RollingFileAppender]
13:17:44,916 |-INFO in ch.qos.logback.core.joran.action.AppenderAction - Naming appender as [FILE]
13:17:44,953 |-INFO in c.q.l.core.rolling.TimeBasedRollingPolicy@127618319 - No compression will be used
13:17:44,954 |-INFO in c.q.l.core.rolling.TimeBasedRollingPolicy@127618319 - Will use the pattern /tmp/application_%d{yyyy-MM-dd}.%i.log for the active file
13:17:44,957 |-INFO in ch.qos.logback.core.rolling.SizeAndTimeBasedFNATP@6b2fad11 - The date pattern is 'yyyy-MM-dd' from file name pattern '/tmp/application_%d{yyyy-MM-dd}.%i.log'.
13:17:44,957 |-INFO in ch.qos.logback.core.rolling.SizeAndTimeBasedFNATP@6b2fad11 - Roll-over at midnight.
13:17:44,963 |-INFO in ch.qos.logback.core.rolling.SizeAndTimeBasedFNATP@6b2fad11 - Setting initial period to Mon Jun 10 13:16:23 UTC 2019
13:17:44,963 |-WARN in ch.qos.logback.core.rolling.SizeAndTimeBasedFNATP@6b2fad11 - SizeAndTimeBasedFNATP is deprecated. Use SizeAndTimeBasedRollingPolicy instead
13:17:44,963 |-WARN in ch.qos.logback.core.rolling.SizeAndTimeBasedFNATP@6b2fad11 - For more information see http://logback.qos.ch/manual/appenders.html#SizeAndTimeBasedRollingPolicy
13:17:44,966 |-INFO in ch.qos.logback.core.joran.action.NestedComplexPropertyIA - Assuming default type [ch.qos.logback.classic.encoder.PatternLayoutEncoder] for [encoder] property
13:17:44,971 |-INFO in ch.qos.logback.core.rolling.RollingFileAppender[FILE] - Active log file name: /tmp/application.log
13:17:44,971 |-INFO in ch.qos.logback.core.rolling.RollingFileAppender[FILE] - File property is set to [/tmp/application.log]
13:17:44,972 |-INFO in ch.qos.logback.classic.joran.action.RootLoggerAction - Setting level of ROOT logger to WARN
13:17:44,972 |-INFO in ch.qos.logback.core.joran.action.AppenderRefAction - Attaching appender named [STDOUT] to Logger[ROOT]
13:17:44,974 |-INFO in ch.qos.logback.core.joran.action.AppenderRefAction - Attaching appender named [FILE] to Logger[ROOT]
13:17:44,974 |-INFO in ch.qos.logback.classic.joran.action.ConfigurationAction - End of configuration.
13:17:44,975 |-INFO in ch.qos.logback.classic.joran.JoranConfigurator@79698539 - Registering current configuration as safe fallback point

Ama winner
Ama winner
2019-06-10T13:17:46.663+0000: 2.146: [Full GC (Metadata GC Threshold) 2019-06-10T13:17:46.663+0000: 2.146: [Tenured: 0K->15241K(341376K), 0.0433886 secs] 117654K->15241K(494976K), [Metaspace: 20732K->20732K(1067008K)], 0.0434596 secs] [Times: user=0.03 sys=0.01, real=0.04 secs] 
13:18:04.672 [Curator-PathChildrenCache-1] WARN  o.a.c.u.ZKPaths  - The version of ZooKeeper being used doesn't support Container nodes. CreateMode.PERSISTENT will be used instead.
2019-06-10T13:18:07.196+0000: 22.679: [GC (Allocation Failure) 2019-06-10T13:18:07.196+0000: 22.679: [DefNew: 136576K->17024K(153600K), 0.0264014 secs] 151817K->52824K(494976K), 0.0264777 secs] [Times: user=0.02 sys=0.01, real=0.03 secs] 
2019-06-10T13:18:08.504+0000: 23.987: [Full GC (Metadata GC Threshold) 2019-06-10T13:18:08.504+0000: 23.987: [Tenured: 35800K->44651K(341376K), 0.0418060 secs] 80675K->44651K(494976K), [Metaspace: 34622K->34622K(1079296K)], 0.0418930 secs] [Times: user=0.03 sys=0.01, real=0.04 secs] 
2019-06-10T13:18:16.404+0000: 31.887: [GC (Allocation Failure) 2019-06-10T13:18:16.404+0000: 31.887: [DefNew: 136576K->103K(153600K), 0.0019636 secs] 181227K->44754K(494976K), 0.0020192 secs] [Times: user=0.01 sys=0.00, real=0.00 secs] 
2019-06-10T13:18:24.340+0000: 39.823: [GC (Allocation Failure) 2019-06-10T13:18:24.340+0000: 39.823: [DefNew: 136679K->133K(153600K), 0.0018348 secs] 181330K->44784K(494976K), 0.0019046 secs] [Times: user=0.01 sys=0.00, real=0.00 secs] 
2019-06-10T13:18:32.370+0000: 47.853: [GC (Allocation Failure) 2019-06-10T13:18:32.370+0000: 47.853: [DefNew: 136709K->166K(153600K), 0.0019332 secs] 181360K->44818K(494976K), 0.0019915 secs] [Times: user=0.01 sys=0.00, real=0.00 secs] 
2019-06-10T13:18:40.423+0000: 55.906: [GC (Allocation Failure) 2019-06-10T13:18:40.423+0000: 55.906: [DefNew: 136742K->169K(153600K), 0.0019510 secs] 181394K->44821K(494976K), 0.0020181 secs] [Times: user=0.00 sys=0.00, real=0.00 secs] 
2019-06-10T13:18:48.611+0000: 64.094: [GC (Allocation Failure) 2019-06-10T13:18:48.611+0000: 64.094: [DefNew: 136745K->510K(153600K), 0.0024724 secs] 181397K->45161K(494976K), 0.0025437 secs] [Times: user=0.00 sys=0.00, real=0.00 secs] 
2019-06-10T13:18:58.359+0000: 73.842: [GC (Allocation Failure) 2019-06-10T13:18:58.359+0000: 73.842: [DefNew: 137086K->263K(153600K), 0.0021768 secs] 181737K->44914K(494976K), 0.0022374 secs] [Times: user=0.00 sys=0.00, real=0.00 secs] 
13:19:16.125 [Curator-PathChildrenCache-0] ERROR o.a.c.f.r.c.PathChildrenCache  - 
java.lang.IllegalStateException: instance must be started before calling this method
	at org.apache.curator.shaded.com.google.common.base.Preconditions.checkState(Preconditions.java:444)
	at org.apache.curator.framework.imps.CuratorFrameworkImpl.getChildren(CuratorFrameworkImpl.java:456)
	at org.apache.curator.framework.recipes.cache.PathChildrenCache.refresh(PathChildrenCache.java:521)
	at org.apache.curator.framework.recipes.cache.RefreshOperation.invoke(RefreshOperation.java:35)
	at org.apache.curator.framework.recipes.cache.PathChildrenCache$9.run(PathChildrenCache.java:786)
	at java.util.concurrent.Executors$RunnableAdapter.call(Executors.java:511)
	at java.util.concurrent.FutureTask.run(FutureTask.java:266)
	at java.util.concurrent.Executors$RunnableAdapter.call(Executors.java:511)
	at java.util.concurrent.FutureTask.run(FutureTask.java:266)
	at java.util.concurrent.ThreadPoolExecutor.runWorker(ThreadPoolExecutor.java:1149)
	at java.util.concurrent.ThreadPoolExecutor$Worker.run(ThreadPoolExecutor.java:624)
	at java.lang.Thread.run(Thread.java:748)
Heap
 def new generation   total 153600K, used 96414K [0x00000000e0c00000, 0x00000000eb2a0000, 0x00000000eb2a0000)
  eden space 136576K,  70% used [0x00000000e0c00000, 0x00000000e69e5b78, 0x00000000e9160000)
  from space 17024K,   1% used [0x00000000ea200000, 0x00000000ea241d38, 0x00000000eb2a0000)
  to   space 17024K,   0% used [0x00000000e9160000, 0x00000000e9160000, 0x00000000ea200000)
 tenured generation   total 341376K, used 44651K [0x00000000eb2a0000, 0x0000000100000000, 0x0000000100000000)
   the space 341376K,  13% used [0x00000000eb2a0000, 0x00000000ede3ad58, 0x00000000ede3ae00, 0x0000000100000000)
 Metaspace       used 36233K, capacity 37164K, committed 37376K, reserved 1081344K
  class space    used 4877K, capacity 5092K, committed 5120K, reserved 1048576K
