05:31:15,897 |-INFO in ch.qos.logback.classic.LoggerContext[default] - Could NOT find resource [logback-test.xml]
05:31:15,897 |-INFO in ch.qos.logback.classic.LoggerContext[default] - Could NOT find resource [logback.groovy]
05:31:15,897 |-INFO in ch.qos.logback.classic.LoggerContext[default] - Found resource [logback.xml] at [jar:file:/root/flamestream/lib/flamestream-runtime-1.0-SNAPSHOT.jar!/logback.xml]
05:31:15,900 |-WARN in ch.qos.logback.classic.LoggerContext[default] - Resource [logback.xml] occurs multiple times on the classpath.
05:31:15,900 |-WARN in ch.qos.logback.classic.LoggerContext[default] - Resource [logback.xml] occurs at [jar:file:/root/flamestream/lib/flamestream-runtime-1.0-SNAPSHOT.jar!/logback.xml]
05:31:15,900 |-WARN in ch.qos.logback.classic.LoggerContext[default] - Resource [logback.xml] occurs at [jar:file:/root/flamestream/flamestream-runtime-1.0-SNAPSHOT.jar!/logback.xml]
05:31:15,920 |-INFO in ch.qos.logback.core.joran.spi.ConfigurationWatchList@3fb6a447 - URL [jar:file:/root/flamestream/lib/flamestream-runtime-1.0-SNAPSHOT.jar!/logback.xml] is not of type file
05:31:15,988 |-INFO in ch.qos.logback.classic.joran.action.ConfigurationAction - debug attribute not set
05:31:15,988 |-INFO in ch.qos.logback.core.joran.action.AppenderAction - About to instantiate appender of type [ch.qos.logback.core.ConsoleAppender]
05:31:16,004 |-INFO in ch.qos.logback.core.joran.action.AppenderAction - Naming appender as [STDOUT]
05:31:16,017 |-INFO in ch.qos.logback.core.joran.action.NestedComplexPropertyIA - Assuming default type [ch.qos.logback.classic.encoder.PatternLayoutEncoder] for [encoder] property
05:31:16,121 |-INFO in ch.qos.logback.core.joran.action.AppenderAction - About to instantiate appender of type [ch.qos.logback.core.rolling.RollingFileAppender]
05:31:16,126 |-INFO in ch.qos.logback.core.joran.action.AppenderAction - Naming appender as [FILE]
05:31:16,162 |-INFO in c.q.l.core.rolling.TimeBasedRollingPolicy@127618319 - No compression will be used
05:31:16,163 |-INFO in c.q.l.core.rolling.TimeBasedRollingPolicy@127618319 - Will use the pattern /tmp/application_%d{yyyy-MM-dd}.%i.log for the active file
05:31:16,166 |-INFO in ch.qos.logback.core.rolling.SizeAndTimeBasedFNATP@6b2fad11 - The date pattern is 'yyyy-MM-dd' from file name pattern '/tmp/application_%d{yyyy-MM-dd}.%i.log'.
05:31:16,166 |-INFO in ch.qos.logback.core.rolling.SizeAndTimeBasedFNATP@6b2fad11 - Roll-over at midnight.
05:31:16,171 |-INFO in ch.qos.logback.core.rolling.SizeAndTimeBasedFNATP@6b2fad11 - Setting initial period to Tue Jun 11 05:29:56 UTC 2019
05:31:16,171 |-WARN in ch.qos.logback.core.rolling.SizeAndTimeBasedFNATP@6b2fad11 - SizeAndTimeBasedFNATP is deprecated. Use SizeAndTimeBasedRollingPolicy instead
05:31:16,171 |-WARN in ch.qos.logback.core.rolling.SizeAndTimeBasedFNATP@6b2fad11 - For more information see http://logback.qos.ch/manual/appenders.html#SizeAndTimeBasedRollingPolicy
05:31:16,175 |-INFO in ch.qos.logback.core.joran.action.NestedComplexPropertyIA - Assuming default type [ch.qos.logback.classic.encoder.PatternLayoutEncoder] for [encoder] property
05:31:16,180 |-INFO in ch.qos.logback.core.rolling.RollingFileAppender[FILE] - Active log file name: /tmp/application.log
05:31:16,180 |-INFO in ch.qos.logback.core.rolling.RollingFileAppender[FILE] - File property is set to [/tmp/application.log]
05:31:16,181 |-INFO in ch.qos.logback.classic.joran.action.RootLoggerAction - Setting level of ROOT logger to WARN
05:31:16,181 |-INFO in ch.qos.logback.core.joran.action.AppenderRefAction - Attaching appender named [STDOUT] to Logger[ROOT]
05:31:16,183 |-INFO in ch.qos.logback.core.joran.action.AppenderRefAction - Attaching appender named [FILE] to Logger[ROOT]
05:31:16,183 |-INFO in ch.qos.logback.classic.joran.action.ConfigurationAction - End of configuration.
05:31:16,183 |-INFO in ch.qos.logback.classic.joran.JoranConfigurator@79698539 - Registering current configuration as safe fallback point

Ama winner
Ama winner
2019-06-11T05:31:17.454+0000: 1.736: [Full GC (Metadata GC Threshold) 2019-06-11T05:31:17.454+0000: 1.736: [Tenured: 0K->15144K(341376K), 0.0389868 secs] 114923K->15144K(494976K), [Metaspace: 20739K->20739K(1067008K)], 0.0390682 secs] [Times: user=0.03 sys=0.01, real=0.03 secs] 
05:31:36.126 [Curator-PathChildrenCache-1] WARN  o.a.c.u.ZKPaths  - The version of ZooKeeper being used doesn't support Container nodes. CreateMode.PERSISTENT will be used instead.
2019-06-11T05:31:38.343+0000: 22.625: [GC (Allocation Failure) 2019-06-11T05:31:38.344+0000: 22.625: [DefNew: 136576K->17023K(153600K), 0.0269734 secs] 151720K->52698K(494976K), 0.0270525 secs] [Times: user=0.02 sys=0.01, real=0.03 secs] 
2019-06-11T05:31:44.956+0000: 29.238: [Full GC (Metadata GC Threshold) 2019-06-11T05:31:44.956+0000: 29.238: [Tenured: 35674K->44317K(341376K), 0.0617861 secs] 177021K->44317K(494976K), [Metaspace: 34593K->34593K(1079296K)], 0.0618697 secs] [Times: user=0.05 sys=0.01, real=0.06 secs] 
2019-06-11T05:31:51.985+0000: 36.267: [GC (Allocation Failure) 2019-06-11T05:31:51.985+0000: 36.267: [DefNew: 136576K->83K(153600K), 0.0017006 secs] 180893K->44401K(494976K), 0.0017768 secs] [Times: user=0.00 sys=0.00, real=0.00 secs] 
2019-06-11T05:31:59.031+0000: 43.313: [GC (Allocation Failure) 2019-06-11T05:31:59.031+0000: 43.313: [DefNew: 136659K->82K(153600K), 0.0016704 secs] 180977K->44399K(494976K), 0.0017316 secs] [Times: user=0.00 sys=0.00, real=0.00 secs] 
2019-06-11T05:32:06.152+0000: 50.434: [GC (Allocation Failure) 2019-06-11T05:32:06.152+0000: 50.434: [DefNew: 136658K->117K(153600K), 0.0017812 secs] 180975K->44434K(494976K), 0.0018428 secs] [Times: user=0.00 sys=0.00, real=0.01 secs] 
2019-06-11T05:32:13.248+0000: 57.530: [GC (Allocation Failure) 2019-06-11T05:32:13.248+0000: 57.530: [DefNew: 136693K->115K(153600K), 0.0017440 secs] 181010K->44432K(494976K), 0.0018159 secs] [Times: user=0.00 sys=0.00, real=0.00 secs] 
2019-06-11T05:32:25.716+0000: 69.997: [GC (Allocation Failure) 2019-06-11T05:32:25.716+0000: 69.998: [DefNew: 136691K->442K(153600K), 0.0021859 secs] 181008K->44760K(494976K), 0.0022568 secs] [Times: user=0.00 sys=0.00, real=0.00 secs] 
05:32:31.157 [Curator-PathChildrenCache-0] ERROR o.a.c.f.r.c.PathChildrenCache  - 
java.lang.IllegalStateException: instance must be started before calling this method
	at org.apache.curator.shaded.com.google.common.base.Preconditions.checkState(Preconditions.java:444)
	at org.apache.curator.framework.imps.CuratorFrameworkImpl.getChildren(CuratorFrameworkImpl.java:456)
	at org.apache.curator.framework.recipes.cache.PathChildrenCache.refresh(PathChildrenCache.java:521)
	at org.apache.curator.framework.recipes.cache.RefreshOperation.invoke(RefreshOperation.java:35)
	at org.apache.curator.framework.recipes.cache.PathChildrenCache$9.run(PathChildrenCache.java:786)
	at java.util.concurrent.Executors$RunnableAdapter.call(Executors.java:511)
	at java.util.concurrent.FutureTask.run(FutureTask.java:266)
	at java.util.concurrent.Executors$RunnableAdapter.call(Executors.java:511)
	at java.util.concurrent.FutureTask.run(FutureTask.java:266)
	at java.util.concurrent.ThreadPoolExecutor.runWorker(ThreadPoolExecutor.java:1149)
	at java.util.concurrent.ThreadPoolExecutor$Worker.run(ThreadPoolExecutor.java:624)
	at java.lang.Thread.run(Thread.java:748)
Heap
 def new generation   total 153600K, used 39768K [0x00000000e0c00000, 0x00000000eb2a0000, 0x00000000eb2a0000)
  eden space 136576K,  28% used [0x00000000e0c00000, 0x00000000e3267458, 0x00000000e9160000)
  from space 17024K,   2% used [0x00000000e9160000, 0x00000000e91cebd8, 0x00000000ea200000)
  to   space 17024K,   0% used [0x00000000ea200000, 0x00000000ea200000, 0x00000000eb2a0000)
 tenured generation   total 341376K, used 44317K [0x00000000eb2a0000, 0x0000000100000000, 0x0000000100000000)
   the space 341376K,  12% used [0x00000000eb2a0000, 0x00000000edde7598, 0x00000000edde7600, 0x0000000100000000)
 Metaspace       used 36085K, capacity 36986K, committed 37120K, reserved 1081344K
  class space    used 4856K, capacity 5073K, committed 5120K, reserved 1048576K
