05:48:31,325 |-INFO in ch.qos.logback.classic.LoggerContext[default] - Could NOT find resource [logback-test.xml]
05:48:31,325 |-INFO in ch.qos.logback.classic.LoggerContext[default] - Could NOT find resource [logback.groovy]
05:48:31,326 |-INFO in ch.qos.logback.classic.LoggerContext[default] - Found resource [logback.xml] at [jar:file:/root/flamestream/lib/flamestream-runtime-1.0-SNAPSHOT.jar!/logback.xml]
05:48:31,327 |-WARN in ch.qos.logback.classic.LoggerContext[default] - Resource [logback.xml] occurs multiple times on the classpath.
05:48:31,327 |-WARN in ch.qos.logback.classic.LoggerContext[default] - Resource [logback.xml] occurs at [jar:file:/root/flamestream/lib/flamestream-runtime-1.0-SNAPSHOT.jar!/logback.xml]
05:48:31,327 |-WARN in ch.qos.logback.classic.LoggerContext[default] - Resource [logback.xml] occurs at [jar:file:/root/flamestream/flamestream-runtime-1.0-SNAPSHOT.jar!/logback.xml]
05:48:31,347 |-INFO in ch.qos.logback.core.joran.spi.ConfigurationWatchList@3fb6a447 - URL [jar:file:/root/flamestream/lib/flamestream-runtime-1.0-SNAPSHOT.jar!/logback.xml] is not of type file
05:48:31,419 |-INFO in ch.qos.logback.classic.joran.action.ConfigurationAction - debug attribute not set
05:48:31,420 |-INFO in ch.qos.logback.core.joran.action.AppenderAction - About to instantiate appender of type [ch.qos.logback.core.ConsoleAppender]
05:48:31,439 |-INFO in ch.qos.logback.core.joran.action.AppenderAction - Naming appender as [STDOUT]
05:48:31,457 |-INFO in ch.qos.logback.core.joran.action.NestedComplexPropertyIA - Assuming default type [ch.qos.logback.classic.encoder.PatternLayoutEncoder] for [encoder] property
05:48:31,542 |-INFO in ch.qos.logback.core.joran.action.AppenderAction - About to instantiate appender of type [ch.qos.logback.core.rolling.RollingFileAppender]
05:48:31,548 |-INFO in ch.qos.logback.core.joran.action.AppenderAction - Naming appender as [FILE]
05:48:31,581 |-INFO in c.q.l.core.rolling.TimeBasedRollingPolicy@127618319 - No compression will be used
05:48:31,582 |-INFO in c.q.l.core.rolling.TimeBasedRollingPolicy@127618319 - Will use the pattern /tmp/application_%d{yyyy-MM-dd}.%i.log for the active file
05:48:31,585 |-INFO in ch.qos.logback.core.rolling.SizeAndTimeBasedFNATP@6b2fad11 - The date pattern is 'yyyy-MM-dd' from file name pattern '/tmp/application_%d{yyyy-MM-dd}.%i.log'.
05:48:31,585 |-INFO in ch.qos.logback.core.rolling.SizeAndTimeBasedFNATP@6b2fad11 - Roll-over at midnight.
05:48:31,591 |-INFO in ch.qos.logback.core.rolling.SizeAndTimeBasedFNATP@6b2fad11 - Setting initial period to Tue Jun 11 05:47:16 UTC 2019
05:48:31,591 |-WARN in ch.qos.logback.core.rolling.SizeAndTimeBasedFNATP@6b2fad11 - SizeAndTimeBasedFNATP is deprecated. Use SizeAndTimeBasedRollingPolicy instead
05:48:31,591 |-WARN in ch.qos.logback.core.rolling.SizeAndTimeBasedFNATP@6b2fad11 - For more information see http://logback.qos.ch/manual/appenders.html#SizeAndTimeBasedRollingPolicy
05:48:31,595 |-INFO in ch.qos.logback.core.joran.action.NestedComplexPropertyIA - Assuming default type [ch.qos.logback.classic.encoder.PatternLayoutEncoder] for [encoder] property
05:48:31,600 |-INFO in ch.qos.logback.core.rolling.RollingFileAppender[FILE] - Active log file name: /tmp/application.log
05:48:31,600 |-INFO in ch.qos.logback.core.rolling.RollingFileAppender[FILE] - File property is set to [/tmp/application.log]
05:48:31,601 |-INFO in ch.qos.logback.classic.joran.action.RootLoggerAction - Setting level of ROOT logger to WARN
05:48:31,601 |-INFO in ch.qos.logback.core.joran.action.AppenderRefAction - Attaching appender named [STDOUT] to Logger[ROOT]
05:48:31,603 |-INFO in ch.qos.logback.core.joran.action.AppenderRefAction - Attaching appender named [FILE] to Logger[ROOT]
05:48:31,603 |-INFO in ch.qos.logback.classic.joran.action.ConfigurationAction - End of configuration.
05:48:31,603 |-INFO in ch.qos.logback.classic.joran.JoranConfigurator@79698539 - Registering current configuration as safe fallback point

Ama winner
Ama winner
2019-06-11T05:48:32.919+0000: 1.787: [Full GC (Metadata GC Threshold) 2019-06-11T05:48:32.919+0000: 1.787: [Tenured: 0K->15177K(341376K), 0.0395513 secs] 117751K->15177K(494976K), [Metaspace: 20738K->20738K(1067008K)], 0.0396168 secs] [Times: user=0.03 sys=0.01, real=0.04 secs] 
05:48:48.634 [Curator-PathChildrenCache-1] WARN  o.a.c.u.ZKPaths  - The version of ZooKeeper being used doesn't support Container nodes. CreateMode.PERSISTENT will be used instead.
2019-06-11T05:48:50.682+0000: 19.550: [GC (Allocation Failure) 2019-06-11T05:48:50.682+0000: 19.550: [DefNew: 136576K->17023K(153600K), 0.0253354 secs] 151753K->52298K(494976K), 0.0254147 secs] [Times: user=0.02 sys=0.01, real=0.03 secs] 
2019-06-11T05:48:53.284+0000: 22.152: [Full GC (Metadata GC Threshold) 2019-06-11T05:48:53.284+0000: 22.152: [Tenured: 35274K->43539K(341376K), 0.0461058 secs] 109993K->43539K(494976K), [Metaspace: 34604K->34604K(1079296K)], 0.0461774 secs] [Times: user=0.04 sys=0.01, real=0.04 secs] 
2019-06-11T05:48:59.281+0000: 28.149: [GC (Allocation Failure) 2019-06-11T05:48:59.281+0000: 28.149: [DefNew: 136576K->62K(153600K), 0.0017797 secs] 180115K->43602K(494976K), 0.0018373 secs] [Times: user=0.00 sys=0.00, real=0.01 secs] 
2019-06-11T05:49:05.342+0000: 34.210: [GC (Allocation Failure) 2019-06-11T05:49:05.342+0000: 34.210: [DefNew: 136638K->62K(153600K), 0.0016701 secs] 180178K->43602K(494976K), 0.0017351 secs] [Times: user=0.00 sys=0.00, real=0.01 secs] 
2019-06-11T05:49:11.435+0000: 40.303: [GC (Allocation Failure) 2019-06-11T05:49:11.435+0000: 40.303: [DefNew: 136638K->60K(153600K), 0.0016811 secs] 180178K->43600K(494976K), 0.0017424 secs] [Times: user=0.00 sys=0.01, real=0.00 secs] 
2019-06-11T05:49:17.529+0000: 46.397: [GC (Allocation Failure) 2019-06-11T05:49:17.529+0000: 46.397: [DefNew: 136636K->63K(153600K), 0.0017318 secs] 180176K->43603K(494976K), 0.0017921 secs] [Times: user=0.00 sys=0.00, real=0.01 secs] 
2019-06-11T05:49:24.474+0000: 53.342: [GC (Allocation Failure) 2019-06-11T05:49:24.474+0000: 53.342: [DefNew: 136639K->60K(153600K), 0.0016906 secs] 180179K->43600K(494976K), 0.0017509 secs] [Times: user=0.01 sys=0.00, real=0.00 secs] 
05:49:32.247 [Curator-PathChildrenCache-0] ERROR o.a.c.f.r.c.PathChildrenCache  - 
java.lang.IllegalStateException: instance must be started before calling this method
	at org.apache.curator.shaded.com.google.common.base.Preconditions.checkState(Preconditions.java:444)
	at org.apache.curator.framework.imps.CuratorFrameworkImpl.getChildren(CuratorFrameworkImpl.java:456)
	at org.apache.curator.framework.recipes.cache.PathChildrenCache.refresh(PathChildrenCache.java:521)
	at org.apache.curator.framework.recipes.cache.RefreshOperation.invoke(RefreshOperation.java:35)
	at org.apache.curator.framework.recipes.cache.PathChildrenCache$9.run(PathChildrenCache.java:786)
	at java.util.concurrent.Executors$RunnableAdapter.call(Executors.java:511)
	at java.util.concurrent.FutureTask.run(FutureTask.java:266)
	at java.util.concurrent.Executors$RunnableAdapter.call(Executors.java:511)
	at java.util.concurrent.FutureTask.run(FutureTask.java:266)
	at java.util.concurrent.ThreadPoolExecutor.runWorker(ThreadPoolExecutor.java:1149)
	at java.util.concurrent.ThreadPoolExecutor$Worker.run(ThreadPoolExecutor.java:624)
	at java.lang.Thread.run(Thread.java:748)
Heap
 def new generation   total 153600K, used 56709K [0x00000000e0c00000, 0x00000000eb2a0000, 0x00000000eb2a0000)
  eden space 136576K,  41% used [0x00000000e0c00000, 0x00000000e4352080, 0x00000000e9160000)
  from space 17024K,   0% used [0x00000000e9160000, 0x00000000e916f3d8, 0x00000000ea200000)
  to   space 17024K,   0% used [0x00000000ea200000, 0x00000000ea200000, 0x00000000eb2a0000)
 tenured generation   total 341376K, used 43539K [0x00000000eb2a0000, 0x0000000100000000, 0x0000000100000000)
   the space 341376K,  12% used [0x00000000eb2a0000, 0x00000000edd24fb8, 0x00000000edd25000, 0x0000000100000000)
 Metaspace       used 36069K, capacity 36998K, committed 37120K, reserved 1081344K
  class space    used 4863K, capacity 5075K, committed 5120K, reserved 1048576K
