17:27:13,706 |-INFO in ch.qos.logback.classic.LoggerContext[default] - Could NOT find resource [logback-test.xml]
17:27:13,707 |-INFO in ch.qos.logback.classic.LoggerContext[default] - Could NOT find resource [logback.groovy]
17:27:13,707 |-INFO in ch.qos.logback.classic.LoggerContext[default] - Found resource [logback.xml] at [jar:file:/root/flamestream/lib/flamestream-runtime-1.0-SNAPSHOT.jar!/logback.xml]
17:27:13,708 |-WARN in ch.qos.logback.classic.LoggerContext[default] - Resource [logback.xml] occurs multiple times on the classpath.
17:27:13,709 |-WARN in ch.qos.logback.classic.LoggerContext[default] - Resource [logback.xml] occurs at [jar:file:/root/flamestream/lib/flamestream-runtime-1.0-SNAPSHOT.jar!/logback.xml]
17:27:13,709 |-WARN in ch.qos.logback.classic.LoggerContext[default] - Resource [logback.xml] occurs at [jar:file:/root/flamestream/flamestream-runtime-1.0-SNAPSHOT.jar!/logback.xml]
17:27:13,729 |-INFO in ch.qos.logback.core.joran.spi.ConfigurationWatchList@3fb6a447 - URL [jar:file:/root/flamestream/lib/flamestream-runtime-1.0-SNAPSHOT.jar!/logback.xml] is not of type file
17:27:13,797 |-INFO in ch.qos.logback.classic.joran.action.ConfigurationAction - debug attribute not set
17:27:13,798 |-INFO in ch.qos.logback.core.joran.action.AppenderAction - About to instantiate appender of type [ch.qos.logback.core.ConsoleAppender]
17:27:13,815 |-INFO in ch.qos.logback.core.joran.action.AppenderAction - Naming appender as [STDOUT]
17:27:13,829 |-INFO in ch.qos.logback.core.joran.action.NestedComplexPropertyIA - Assuming default type [ch.qos.logback.classic.encoder.PatternLayoutEncoder] for [encoder] property
17:27:13,927 |-INFO in ch.qos.logback.core.joran.action.AppenderAction - About to instantiate appender of type [ch.qos.logback.core.rolling.RollingFileAppender]
17:27:13,932 |-INFO in ch.qos.logback.core.joran.action.AppenderAction - Naming appender as [FILE]
17:27:13,967 |-INFO in c.q.l.core.rolling.TimeBasedRollingPolicy@127618319 - No compression will be used
17:27:13,968 |-INFO in c.q.l.core.rolling.TimeBasedRollingPolicy@127618319 - Will use the pattern /tmp/application_%d{yyyy-MM-dd}.%i.log for the active file
17:27:13,971 |-INFO in ch.qos.logback.core.rolling.SizeAndTimeBasedFNATP@6b2fad11 - The date pattern is 'yyyy-MM-dd' from file name pattern '/tmp/application_%d{yyyy-MM-dd}.%i.log'.
17:27:13,971 |-INFO in ch.qos.logback.core.rolling.SizeAndTimeBasedFNATP@6b2fad11 - Roll-over at midnight.
17:27:13,976 |-INFO in ch.qos.logback.core.rolling.SizeAndTimeBasedFNATP@6b2fad11 - Setting initial period to Mon Jun 10 17:25:42 UTC 2019
17:27:13,976 |-WARN in ch.qos.logback.core.rolling.SizeAndTimeBasedFNATP@6b2fad11 - SizeAndTimeBasedFNATP is deprecated. Use SizeAndTimeBasedRollingPolicy instead
17:27:13,976 |-WARN in ch.qos.logback.core.rolling.SizeAndTimeBasedFNATP@6b2fad11 - For more information see http://logback.qos.ch/manual/appenders.html#SizeAndTimeBasedRollingPolicy
17:27:13,980 |-INFO in ch.qos.logback.core.joran.action.NestedComplexPropertyIA - Assuming default type [ch.qos.logback.classic.encoder.PatternLayoutEncoder] for [encoder] property
17:27:13,986 |-INFO in ch.qos.logback.core.rolling.RollingFileAppender[FILE] - Active log file name: /tmp/application.log
17:27:13,986 |-INFO in ch.qos.logback.core.rolling.RollingFileAppender[FILE] - File property is set to [/tmp/application.log]
17:27:13,987 |-INFO in ch.qos.logback.classic.joran.action.RootLoggerAction - Setting level of ROOT logger to WARN
17:27:13,987 |-INFO in ch.qos.logback.core.joran.action.AppenderRefAction - Attaching appender named [STDOUT] to Logger[ROOT]
17:27:13,989 |-INFO in ch.qos.logback.core.joran.action.AppenderRefAction - Attaching appender named [FILE] to Logger[ROOT]
17:27:13,989 |-INFO in ch.qos.logback.classic.joran.action.ConfigurationAction - End of configuration.
17:27:13,989 |-INFO in ch.qos.logback.classic.joran.JoranConfigurator@79698539 - Registering current configuration as safe fallback point

Ama winner
Ama winner
2019-06-10T17:27:15.307+0000: 1.789: [Full GC (Metadata GC Threshold) 2019-06-10T17:27:15.307+0000: 1.790: [Tenured: 0K->15207K(341376K), 0.0410817 secs] 114987K->15207K(494976K), [Metaspace: 20725K->20725K(1067008K)], 0.0411618 secs] [Times: user=0.04 sys=0.00, real=0.05 secs] 
17:27:32.298 [Curator-PathChildrenCache-1] WARN  o.a.c.u.ZKPaths  - The version of ZooKeeper being used doesn't support Container nodes. CreateMode.PERSISTENT will be used instead.
2019-06-10T17:27:34.677+0000: 21.160: [GC (Allocation Failure) 2019-06-10T17:27:34.677+0000: 21.160: [DefNew: 136576K->17023K(153600K), 0.0260570 secs] 151783K->52771K(494976K), 0.0261218 secs] [Times: user=0.02 sys=0.01, real=0.02 secs] 
2019-06-10T17:27:36.533+0000: 23.016: [Full GC (Metadata GC Threshold) 2019-06-10T17:27:36.533+0000: 23.016: [Tenured: 35747K->44367K(341376K), 0.0438587 secs] 97561K->44367K(494976K), [Metaspace: 34600K->34600K(1079296K)], 0.0439301 secs] [Times: user=0.04 sys=0.00, real=0.05 secs] 
2019-06-10T17:27:42.032+0000: 28.515: [GC (Allocation Failure) 2019-06-10T17:27:42.033+0000: 28.515: [DefNew: 136576K->70K(153600K), 0.0017912 secs] 180943K->44437K(494976K), 0.0018489 secs] [Times: user=0.00 sys=0.00, real=0.00 secs] 
2019-06-10T17:27:47.635+0000: 34.118: [GC (Allocation Failure) 2019-06-10T17:27:47.635+0000: 34.118: [DefNew: 136646K->67K(153600K), 0.0017152 secs] 181013K->44435K(494976K), 0.0017813 secs] [Times: user=0.00 sys=0.00, real=0.00 secs] 
2019-06-10T17:27:53.261+0000: 39.744: [GC (Allocation Failure) 2019-06-10T17:27:53.261+0000: 39.744: [DefNew: 136643K->72K(153600K), 0.0017511 secs] 181011K->44440K(494976K), 0.0018106 secs] [Times: user=0.00 sys=0.00, real=0.00 secs] 
2019-06-10T17:27:58.874+0000: 45.357: [GC (Allocation Failure) 2019-06-10T17:27:58.874+0000: 45.357: [DefNew: 136648K->74K(153600K), 0.0017843 secs] 181016K->44441K(494976K), 0.0018588 secs] [Times: user=0.00 sys=0.00, real=0.01 secs] 
2019-06-10T17:28:09.213+0000: 55.696: [GC (Allocation Failure) 2019-06-10T17:28:09.213+0000: 55.696: [DefNew: 136650K->71K(153600K), 0.0017700 secs] 181017K->44439K(494976K), 0.0018297 secs] [Times: user=0.00 sys=0.00, real=0.00 secs] 
17:28:13.065 [Curator-PathChildrenCache-0] ERROR o.a.c.f.r.c.PathChildrenCache  - 
java.lang.IllegalStateException: instance must be started before calling this method
	at org.apache.curator.shaded.com.google.common.base.Preconditions.checkState(Preconditions.java:444)
	at org.apache.curator.framework.imps.CuratorFrameworkImpl.getChildren(CuratorFrameworkImpl.java:456)
	at org.apache.curator.framework.recipes.cache.PathChildrenCache.refresh(PathChildrenCache.java:521)
	at org.apache.curator.framework.recipes.cache.RefreshOperation.invoke(RefreshOperation.java:35)
	at org.apache.curator.framework.recipes.cache.PathChildrenCache$9.run(PathChildrenCache.java:786)
	at java.util.concurrent.Executors$RunnableAdapter.call(Executors.java:511)
	at java.util.concurrent.FutureTask.run(FutureTask.java:266)
	at java.util.concurrent.Executors$RunnableAdapter.call(Executors.java:511)
	at java.util.concurrent.FutureTask.run(FutureTask.java:266)
	at java.util.concurrent.ThreadPoolExecutor.runWorker(ThreadPoolExecutor.java:1149)
	at java.util.concurrent.ThreadPoolExecutor$Worker.run(ThreadPoolExecutor.java:624)
	at java.lang.Thread.run(Thread.java:748)
Heap
 def new generation   total 153600K, used 36988K [0x00000000e0c00000, 0x00000000eb2a0000, 0x00000000eb2a0000)
  eden space 136576K,  27% used [0x00000000e0c00000, 0x00000000e300d3e0, 0x00000000e9160000)
  from space 17024K,   0% used [0x00000000e9160000, 0x00000000e9171e88, 0x00000000ea200000)
  to   space 17024K,   0% used [0x00000000ea200000, 0x00000000ea200000, 0x00000000eb2a0000)
 tenured generation   total 341376K, used 44367K [0x00000000eb2a0000, 0x0000000100000000, 0x0000000100000000)
   the space 341376K,  12% used [0x00000000eb2a0000, 0x00000000eddf3f18, 0x00000000eddf4000, 0x0000000100000000)
 Metaspace       used 35691K, capacity 36646K, committed 36864K, reserved 1081344K
  class space    used 4826K, capacity 5043K, committed 5120K, reserved 1048576K
