17:54:14,102 |-INFO in ch.qos.logback.classic.LoggerContext[default] - Could NOT find resource [logback-test.xml]
17:54:14,102 |-INFO in ch.qos.logback.classic.LoggerContext[default] - Could NOT find resource [logback.groovy]
17:54:14,102 |-INFO in ch.qos.logback.classic.LoggerContext[default] - Found resource [logback.xml] at [jar:file:/root/flamestream/lib/flamestream-runtime-1.0-SNAPSHOT.jar!/logback.xml]
17:54:14,103 |-WARN in ch.qos.logback.classic.LoggerContext[default] - Resource [logback.xml] occurs multiple times on the classpath.
17:54:14,103 |-WARN in ch.qos.logback.classic.LoggerContext[default] - Resource [logback.xml] occurs at [jar:file:/root/flamestream/lib/flamestream-runtime-1.0-SNAPSHOT.jar!/logback.xml]
17:54:14,103 |-WARN in ch.qos.logback.classic.LoggerContext[default] - Resource [logback.xml] occurs at [jar:file:/root/flamestream/flamestream-runtime-1.0-SNAPSHOT.jar!/logback.xml]
17:54:14,123 |-INFO in ch.qos.logback.core.joran.spi.ConfigurationWatchList@3fb6a447 - URL [jar:file:/root/flamestream/lib/flamestream-runtime-1.0-SNAPSHOT.jar!/logback.xml] is not of type file
17:54:14,189 |-INFO in ch.qos.logback.classic.joran.action.ConfigurationAction - debug attribute not set
17:54:14,189 |-INFO in ch.qos.logback.core.joran.action.AppenderAction - About to instantiate appender of type [ch.qos.logback.core.ConsoleAppender]
17:54:14,206 |-INFO in ch.qos.logback.core.joran.action.AppenderAction - Naming appender as [STDOUT]
17:54:14,223 |-INFO in ch.qos.logback.core.joran.action.NestedComplexPropertyIA - Assuming default type [ch.qos.logback.classic.encoder.PatternLayoutEncoder] for [encoder] property
17:54:14,314 |-INFO in ch.qos.logback.core.joran.action.AppenderAction - About to instantiate appender of type [ch.qos.logback.core.rolling.RollingFileAppender]
17:54:14,320 |-INFO in ch.qos.logback.core.joran.action.AppenderAction - Naming appender as [FILE]
17:54:14,349 |-INFO in c.q.l.core.rolling.TimeBasedRollingPolicy@127618319 - No compression will be used
17:54:14,350 |-INFO in c.q.l.core.rolling.TimeBasedRollingPolicy@127618319 - Will use the pattern /tmp/application_%d{yyyy-MM-dd}.%i.log for the active file
17:54:14,353 |-INFO in ch.qos.logback.core.rolling.SizeAndTimeBasedFNATP@6b2fad11 - The date pattern is 'yyyy-MM-dd' from file name pattern '/tmp/application_%d{yyyy-MM-dd}.%i.log'.
17:54:14,353 |-INFO in ch.qos.logback.core.rolling.SizeAndTimeBasedFNATP@6b2fad11 - Roll-over at midnight.
17:54:14,358 |-INFO in ch.qos.logback.core.rolling.SizeAndTimeBasedFNATP@6b2fad11 - Setting initial period to Mon Jun 10 17:52:55 UTC 2019
17:54:14,358 |-WARN in ch.qos.logback.core.rolling.SizeAndTimeBasedFNATP@6b2fad11 - SizeAndTimeBasedFNATP is deprecated. Use SizeAndTimeBasedRollingPolicy instead
17:54:14,358 |-WARN in ch.qos.logback.core.rolling.SizeAndTimeBasedFNATP@6b2fad11 - For more information see http://logback.qos.ch/manual/appenders.html#SizeAndTimeBasedRollingPolicy
17:54:14,362 |-INFO in ch.qos.logback.core.joran.action.NestedComplexPropertyIA - Assuming default type [ch.qos.logback.classic.encoder.PatternLayoutEncoder] for [encoder] property
17:54:14,367 |-INFO in ch.qos.logback.core.rolling.RollingFileAppender[FILE] - Active log file name: /tmp/application.log
17:54:14,367 |-INFO in ch.qos.logback.core.rolling.RollingFileAppender[FILE] - File property is set to [/tmp/application.log]
17:54:14,368 |-INFO in ch.qos.logback.classic.joran.action.RootLoggerAction - Setting level of ROOT logger to WARN
17:54:14,368 |-INFO in ch.qos.logback.core.joran.action.AppenderRefAction - Attaching appender named [STDOUT] to Logger[ROOT]
17:54:14,370 |-INFO in ch.qos.logback.core.joran.action.AppenderRefAction - Attaching appender named [FILE] to Logger[ROOT]
17:54:14,370 |-INFO in ch.qos.logback.classic.joran.action.ConfigurationAction - End of configuration.
17:54:14,370 |-INFO in ch.qos.logback.classic.joran.JoranConfigurator@79698539 - Registering current configuration as safe fallback point

Ama winner
Ama winner
2019-06-10T17:54:15.640+0000: 1.719: [Full GC (Metadata GC Threshold) 2019-06-10T17:54:15.640+0000: 1.720: [Tenured: 0K->15255K(341376K), 0.0374990 secs] 114923K->15255K(494976K), [Metaspace: 20727K->20727K(1067008K)], 0.0375675 secs] [Times: user=0.04 sys=0.00, real=0.04 secs] 
17:54:31.712 [Curator-PathChildrenCache-1] WARN  o.a.c.u.ZKPaths  - The version of ZooKeeper being used doesn't support Container nodes. CreateMode.PERSISTENT will be used instead.
2019-06-10T17:54:33.860+0000: 19.940: [GC (Allocation Failure) 2019-06-10T17:54:33.860+0000: 19.940: [DefNew: 135666K->16632K(153600K), 0.0252279 secs] 150921K->51419K(494976K), 0.0253125 secs] [Times: user=0.03 sys=0.00, real=0.02 secs] 
2019-06-10T17:54:35.143+0000: 21.222: [Full GC (Metadata GC Threshold) 2019-06-10T17:54:35.143+0000: 21.222: [Tenured: 34786K->43491K(341376K), 0.0420721 secs] 82840K->43491K(494976K), [Metaspace: 34501K->34501K(1079296K)], 0.0421483 secs] [Times: user=0.04 sys=0.01, real=0.04 secs] 
2019-06-10T17:54:41.819+0000: 27.898: [GC (Allocation Failure) 2019-06-10T17:54:41.819+0000: 27.899: [DefNew: 136576K->72K(153600K), 0.0019194 secs] 180067K->43563K(494976K), 0.0019802 secs] [Times: user=0.00 sys=0.00, real=0.00 secs] 
2019-06-10T17:54:48.403+0000: 34.483: [GC (Allocation Failure) 2019-06-10T17:54:48.403+0000: 34.483: [DefNew: 136648K->78K(153600K), 0.0018128 secs] 180139K->43569K(494976K), 0.0018755 secs] [Times: user=0.00 sys=0.00, real=0.00 secs] 
2019-06-10T17:54:55.132+0000: 41.211: [GC (Allocation Failure) 2019-06-10T17:54:55.132+0000: 41.211: [DefNew: 136654K->75K(153600K), 0.0017819 secs] 180145K->43566K(494976K), 0.0018425 secs] [Times: user=0.00 sys=0.00, real=0.00 secs] 
2019-06-10T17:55:01.848+0000: 47.927: [GC (Allocation Failure) 2019-06-10T17:55:01.848+0000: 47.927: [DefNew: 136651K->73K(153600K), 0.0019049 secs] 180142K->43564K(494976K), 0.0019697 secs] [Times: user=0.00 sys=0.00, real=0.00 secs] 
2019-06-10T17:55:08.552+0000: 54.632: [GC (Allocation Failure) 2019-06-10T17:55:08.552+0000: 54.632: [DefNew: 136649K->73K(153600K), 0.0018836 secs] 180140K->43564K(494976K), 0.0019605 secs] [Times: user=0.00 sys=0.00, real=0.01 secs] 
17:55:17.844 [Curator-PathChildrenCache-0] ERROR o.a.c.f.r.c.PathChildrenCache  - 
java.lang.IllegalStateException: instance must be started before calling this method
	at org.apache.curator.shaded.com.google.common.base.Preconditions.checkState(Preconditions.java:444)
	at org.apache.curator.framework.imps.CuratorFrameworkImpl.getChildren(CuratorFrameworkImpl.java:456)
	at org.apache.curator.framework.recipes.cache.PathChildrenCache.refresh(PathChildrenCache.java:521)
	at org.apache.curator.framework.recipes.cache.RefreshOperation.invoke(RefreshOperation.java:35)
	at org.apache.curator.framework.recipes.cache.PathChildrenCache$9.run(PathChildrenCache.java:786)
	at java.util.concurrent.Executors$RunnableAdapter.call(Executors.java:511)
	at java.util.concurrent.FutureTask.run(FutureTask.java:266)
	at java.util.concurrent.Executors$RunnableAdapter.call(Executors.java:511)
	at java.util.concurrent.FutureTask.run(FutureTask.java:266)
	at java.util.concurrent.ThreadPoolExecutor.runWorker(ThreadPoolExecutor.java:1149)
	at java.util.concurrent.ThreadPoolExecutor$Worker.run(ThreadPoolExecutor.java:624)
	at java.lang.Thread.run(Thread.java:748)
Heap
 def new generation   total 153600K, used 90257K [0x00000000e0c00000, 0x00000000eb2a0000, 0x00000000eb2a0000)
  eden space 136576K,  66% used [0x00000000e0c00000, 0x00000000e6411e88, 0x00000000e9160000)
  from space 17024K,   0% used [0x00000000e9160000, 0x00000000e91725f8, 0x00000000ea200000)
  to   space 17024K,   0% used [0x00000000ea200000, 0x00000000ea200000, 0x00000000eb2a0000)
 tenured generation   total 341376K, used 43491K [0x00000000eb2a0000, 0x0000000100000000, 0x0000000100000000)
   the space 341376K,  12% used [0x00000000eb2a0000, 0x00000000edd18c48, 0x00000000edd18e00, 0x0000000100000000)
 Metaspace       used 36061K, capacity 36998K, committed 37120K, reserved 1081344K
  class space    used 4871K, capacity 5075K, committed 5120K, reserved 1048576K
