13:25:52,252 |-INFO in ch.qos.logback.classic.LoggerContext[default] - Could NOT find resource [logback-test.xml]
13:25:52,252 |-INFO in ch.qos.logback.classic.LoggerContext[default] - Could NOT find resource [logback.groovy]
13:25:52,252 |-INFO in ch.qos.logback.classic.LoggerContext[default] - Found resource [logback.xml] at [jar:file:/root/flamestream/lib/flamestream-runtime-1.0-SNAPSHOT.jar!/logback.xml]
13:25:52,255 |-WARN in ch.qos.logback.classic.LoggerContext[default] - Resource [logback.xml] occurs multiple times on the classpath.
13:25:52,255 |-WARN in ch.qos.logback.classic.LoggerContext[default] - Resource [logback.xml] occurs at [jar:file:/root/flamestream/lib/flamestream-runtime-1.0-SNAPSHOT.jar!/logback.xml]
13:25:52,255 |-WARN in ch.qos.logback.classic.LoggerContext[default] - Resource [logback.xml] occurs at [jar:file:/root/flamestream/flamestream-runtime-1.0-SNAPSHOT.jar!/logback.xml]
13:25:52,275 |-INFO in ch.qos.logback.core.joran.spi.ConfigurationWatchList@3fb6a447 - URL [jar:file:/root/flamestream/lib/flamestream-runtime-1.0-SNAPSHOT.jar!/logback.xml] is not of type file
13:25:52,349 |-INFO in ch.qos.logback.classic.joran.action.ConfigurationAction - debug attribute not set
13:25:52,349 |-INFO in ch.qos.logback.core.joran.action.AppenderAction - About to instantiate appender of type [ch.qos.logback.core.ConsoleAppender]
13:25:52,366 |-INFO in ch.qos.logback.core.joran.action.AppenderAction - Naming appender as [STDOUT]
13:25:52,380 |-INFO in ch.qos.logback.core.joran.action.NestedComplexPropertyIA - Assuming default type [ch.qos.logback.classic.encoder.PatternLayoutEncoder] for [encoder] property
13:25:52,466 |-INFO in ch.qos.logback.core.joran.action.AppenderAction - About to instantiate appender of type [ch.qos.logback.core.rolling.RollingFileAppender]
13:25:52,471 |-INFO in ch.qos.logback.core.joran.action.AppenderAction - Naming appender as [FILE]
13:25:52,503 |-INFO in c.q.l.core.rolling.TimeBasedRollingPolicy@127618319 - No compression will be used
13:25:52,504 |-INFO in c.q.l.core.rolling.TimeBasedRollingPolicy@127618319 - Will use the pattern /tmp/application_%d{yyyy-MM-dd}.%i.log for the active file
13:25:52,507 |-INFO in ch.qos.logback.core.rolling.SizeAndTimeBasedFNATP@6b2fad11 - The date pattern is 'yyyy-MM-dd' from file name pattern '/tmp/application_%d{yyyy-MM-dd}.%i.log'.
13:25:52,507 |-INFO in ch.qos.logback.core.rolling.SizeAndTimeBasedFNATP@6b2fad11 - Roll-over at midnight.
13:25:52,512 |-INFO in ch.qos.logback.core.rolling.SizeAndTimeBasedFNATP@6b2fad11 - Setting initial period to Mon Jun 10 13:24:33 UTC 2019
13:25:52,512 |-WARN in ch.qos.logback.core.rolling.SizeAndTimeBasedFNATP@6b2fad11 - SizeAndTimeBasedFNATP is deprecated. Use SizeAndTimeBasedRollingPolicy instead
13:25:52,512 |-WARN in ch.qos.logback.core.rolling.SizeAndTimeBasedFNATP@6b2fad11 - For more information see http://logback.qos.ch/manual/appenders.html#SizeAndTimeBasedRollingPolicy
13:25:52,516 |-INFO in ch.qos.logback.core.joran.action.NestedComplexPropertyIA - Assuming default type [ch.qos.logback.classic.encoder.PatternLayoutEncoder] for [encoder] property
13:25:52,521 |-INFO in ch.qos.logback.core.rolling.RollingFileAppender[FILE] - Active log file name: /tmp/application.log
13:25:52,521 |-INFO in ch.qos.logback.core.rolling.RollingFileAppender[FILE] - File property is set to [/tmp/application.log]
13:25:52,522 |-INFO in ch.qos.logback.classic.joran.action.RootLoggerAction - Setting level of ROOT logger to WARN
13:25:52,522 |-INFO in ch.qos.logback.core.joran.action.AppenderRefAction - Attaching appender named [STDOUT] to Logger[ROOT]
13:25:52,524 |-INFO in ch.qos.logback.core.joran.action.AppenderRefAction - Attaching appender named [FILE] to Logger[ROOT]
13:25:52,524 |-INFO in ch.qos.logback.classic.joran.action.ConfigurationAction - End of configuration.
13:25:52,524 |-INFO in ch.qos.logback.classic.joran.JoranConfigurator@79698539 - Registering current configuration as safe fallback point

Ama winner
Ama winner
2019-06-10T13:25:53.813+0000: 1.744: [Full GC (Metadata GC Threshold) 2019-06-10T13:25:53.813+0000: 1.744: [Tenured: 0K->15143K(341376K), 0.0401208 secs] 114924K->15143K(494976K), [Metaspace: 20731K->20731K(1067008K)], 0.0401905 secs] [Times: user=0.04 sys=0.01, real=0.04 secs] 
13:26:10.627 [Curator-PathChildrenCache-1] WARN  o.a.c.u.ZKPaths  - The version of ZooKeeper being used doesn't support Container nodes. CreateMode.PERSISTENT will be used instead.
2019-06-10T13:26:12.851+0000: 20.782: [GC (Allocation Failure) 2019-06-10T13:26:12.852+0000: 20.782: [DefNew: 135681K->16591K(153600K), 0.0255014 secs] 150825K->51266K(494976K), 0.0255712 secs] [Times: user=0.01 sys=0.02, real=0.03 secs] 
2019-06-10T13:26:14.442+0000: 22.372: [Full GC (Metadata GC Threshold) 2019-06-10T13:26:14.442+0000: 22.372: [Tenured: 34675K->43455K(341376K), 0.0409119 secs] 83265K->43455K(494976K), [Metaspace: 34583K->34583K(1079296K)], 0.0409886 secs] [Times: user=0.04 sys=0.01, real=0.04 secs] 
2019-06-10T13:26:21.587+0000: 29.517: [GC (Allocation Failure) 2019-06-10T13:26:21.587+0000: 29.517: [DefNew: 136576K->66K(153600K), 0.0019400 secs] 180031K->43522K(494976K), 0.0020011 secs] [Times: user=0.00 sys=0.00, real=0.00 secs] 
2019-06-10T13:26:28.771+0000: 36.701: [GC (Allocation Failure) 2019-06-10T13:26:28.771+0000: 36.701: [DefNew: 136642K->65K(153600K), 0.0018047 secs] 180098K->43520K(494976K), 0.0018656 secs] [Times: user=0.01 sys=0.00, real=0.00 secs] 
2019-06-10T13:26:35.759+0000: 43.690: [GC (Allocation Failure) 2019-06-10T13:26:35.759+0000: 43.690: [DefNew: 136641K->68K(153600K), 0.0018426 secs] 180096K->43524K(494976K), 0.0019142 secs] [Times: user=0.00 sys=0.00, real=0.00 secs] 
2019-06-10T13:26:42.841+0000: 50.771: [GC (Allocation Failure) 2019-06-10T13:26:42.841+0000: 50.771: [DefNew: 136644K->74K(153600K), 0.0019601 secs] 180100K->43530K(494976K), 0.0020228 secs] [Times: user=0.01 sys=0.00, real=0.00 secs] 
2019-06-10T13:26:49.910+0000: 57.841: [GC (Allocation Failure) 2019-06-10T13:26:49.910+0000: 57.841: [DefNew: 136650K->67K(153600K), 0.0019295 secs] 180106K->43523K(494976K), 0.0019933 secs] [Times: user=0.00 sys=0.00, real=0.00 secs] 
13:27:02.273 [Curator-PathChildrenCache-0] ERROR o.a.c.f.r.c.PathChildrenCache  - 
java.lang.IllegalStateException: instance must be started before calling this method
	at org.apache.curator.shaded.com.google.common.base.Preconditions.checkState(Preconditions.java:444)
	at org.apache.curator.framework.imps.CuratorFrameworkImpl.getChildren(CuratorFrameworkImpl.java:456)
	at org.apache.curator.framework.recipes.cache.PathChildrenCache.refresh(PathChildrenCache.java:521)
	at org.apache.curator.framework.recipes.cache.RefreshOperation.invoke(RefreshOperation.java:35)
	at org.apache.curator.framework.recipes.cache.PathChildrenCache$9.run(PathChildrenCache.java:786)
	at java.util.concurrent.Executors$RunnableAdapter.call(Executors.java:511)
	at java.util.concurrent.FutureTask.run(FutureTask.java:266)
	at java.util.concurrent.Executors$RunnableAdapter.call(Executors.java:511)
	at java.util.concurrent.FutureTask.run(FutureTask.java:266)
	at java.util.concurrent.ThreadPoolExecutor.runWorker(ThreadPoolExecutor.java:1149)
	at java.util.concurrent.ThreadPoolExecutor$Worker.run(ThreadPoolExecutor.java:624)
	at java.lang.Thread.run(Thread.java:748)
Heap
 def new generation   total 153600K, used 117482K [0x00000000e0c00000, 0x00000000eb2a0000, 0x00000000eb2a0000)
  eden space 136576K,  85% used [0x00000000e0c00000, 0x00000000e7ea9a90, 0x00000000e9160000)
  from space 17024K,   0% used [0x00000000e9160000, 0x00000000e9170f68, 0x00000000ea200000)
  to   space 17024K,   0% used [0x00000000ea200000, 0x00000000ea200000, 0x00000000eb2a0000)
 tenured generation   total 341376K, used 43455K [0x00000000eb2a0000, 0x0000000100000000, 0x0000000100000000)
   the space 341376K,  12% used [0x00000000eb2a0000, 0x00000000edd0ff20, 0x00000000edd10000, 0x0000000100000000)
 Metaspace       used 36135K, capacity 36992K, committed 37120K, reserved 1081344K
  class space    used 4869K, capacity 5074K, committed 5120K, reserved 1048576K
