19:05:58,162 |-INFO in ch.qos.logback.classic.LoggerContext[default] - Could NOT find resource [logback-test.xml]
19:05:58,162 |-INFO in ch.qos.logback.classic.LoggerContext[default] - Could NOT find resource [logback.groovy]
19:05:58,165 |-INFO in ch.qos.logback.classic.LoggerContext[default] - Found resource [logback.xml] at [jar:file:/root/flamestream/lib/flamestream-runtime-1.0-SNAPSHOT.jar!/logback.xml]
19:05:58,165 |-WARN in ch.qos.logback.classic.LoggerContext[default] - Resource [logback.xml] occurs multiple times on the classpath.
19:05:58,166 |-WARN in ch.qos.logback.classic.LoggerContext[default] - Resource [logback.xml] occurs at [jar:file:/root/flamestream/lib/flamestream-runtime-1.0-SNAPSHOT.jar!/logback.xml]
19:05:58,166 |-WARN in ch.qos.logback.classic.LoggerContext[default] - Resource [logback.xml] occurs at [jar:file:/root/flamestream/flamestream-runtime-1.0-SNAPSHOT.jar!/logback.xml]
19:05:58,186 |-INFO in ch.qos.logback.core.joran.spi.ConfigurationWatchList@3fb6a447 - URL [jar:file:/root/flamestream/lib/flamestream-runtime-1.0-SNAPSHOT.jar!/logback.xml] is not of type file
19:05:58,253 |-INFO in ch.qos.logback.classic.joran.action.ConfigurationAction - debug attribute not set
19:05:58,253 |-INFO in ch.qos.logback.core.joran.action.AppenderAction - About to instantiate appender of type [ch.qos.logback.core.ConsoleAppender]
19:05:58,271 |-INFO in ch.qos.logback.core.joran.action.AppenderAction - Naming appender as [STDOUT]
19:05:58,284 |-INFO in ch.qos.logback.core.joran.action.NestedComplexPropertyIA - Assuming default type [ch.qos.logback.classic.encoder.PatternLayoutEncoder] for [encoder] property
19:05:58,386 |-INFO in ch.qos.logback.core.joran.action.AppenderAction - About to instantiate appender of type [ch.qos.logback.core.rolling.RollingFileAppender]
19:05:58,395 |-INFO in ch.qos.logback.core.joran.action.AppenderAction - Naming appender as [FILE]
19:05:58,431 |-INFO in c.q.l.core.rolling.TimeBasedRollingPolicy@127618319 - No compression will be used
19:05:58,433 |-INFO in c.q.l.core.rolling.TimeBasedRollingPolicy@127618319 - Will use the pattern /tmp/application_%d{yyyy-MM-dd}.%i.log for the active file
19:05:58,436 |-INFO in ch.qos.logback.core.rolling.SizeAndTimeBasedFNATP@6b2fad11 - The date pattern is 'yyyy-MM-dd' from file name pattern '/tmp/application_%d{yyyy-MM-dd}.%i.log'.
19:05:58,436 |-INFO in ch.qos.logback.core.rolling.SizeAndTimeBasedFNATP@6b2fad11 - Roll-over at midnight.
19:05:58,441 |-INFO in ch.qos.logback.core.rolling.SizeAndTimeBasedFNATP@6b2fad11 - Setting initial period to Mon Jun 10 19:04:26 UTC 2019
19:05:58,441 |-WARN in ch.qos.logback.core.rolling.SizeAndTimeBasedFNATP@6b2fad11 - SizeAndTimeBasedFNATP is deprecated. Use SizeAndTimeBasedRollingPolicy instead
19:05:58,441 |-WARN in ch.qos.logback.core.rolling.SizeAndTimeBasedFNATP@6b2fad11 - For more information see http://logback.qos.ch/manual/appenders.html#SizeAndTimeBasedRollingPolicy
19:05:58,445 |-INFO in ch.qos.logback.core.joran.action.NestedComplexPropertyIA - Assuming default type [ch.qos.logback.classic.encoder.PatternLayoutEncoder] for [encoder] property
19:05:58,450 |-INFO in ch.qos.logback.core.rolling.RollingFileAppender[FILE] - Active log file name: /tmp/application.log
19:05:58,450 |-INFO in ch.qos.logback.core.rolling.RollingFileAppender[FILE] - File property is set to [/tmp/application.log]
19:05:58,451 |-INFO in ch.qos.logback.classic.joran.action.RootLoggerAction - Setting level of ROOT logger to WARN
19:05:58,451 |-INFO in ch.qos.logback.core.joran.action.AppenderRefAction - Attaching appender named [STDOUT] to Logger[ROOT]
19:05:58,453 |-INFO in ch.qos.logback.core.joran.action.AppenderRefAction - Attaching appender named [FILE] to Logger[ROOT]
19:05:58,453 |-INFO in ch.qos.logback.classic.joran.action.ConfigurationAction - End of configuration.
19:05:58,453 |-INFO in ch.qos.logback.classic.joran.JoranConfigurator@79698539 - Registering current configuration as safe fallback point

Ama winner
Ama winner
2019-06-10T19:05:59.740+0000: 1.758: [Full GC (Metadata GC Threshold) 2019-06-10T19:05:59.740+0000: 1.758: [Tenured: 0K->15241K(341376K), 0.0390411 secs] 114986K->15241K(494976K), [Metaspace: 20733K->20733K(1067008K)], 0.0391075 secs] [Times: user=0.04 sys=0.00, real=0.04 secs] 
19:06:19.624 [Curator-PathChildrenCache-1] WARN  o.a.c.u.ZKPaths  - The version of ZooKeeper being used doesn't support Container nodes. CreateMode.PERSISTENT will be used instead.
2019-06-10T19:06:22.154+0000: 24.172: [GC (Allocation Failure) 2019-06-10T19:06:22.154+0000: 24.173: [DefNew: 121114K->17024K(153600K), 0.0203146 secs] 136356K->32927K(494976K), 0.0203831 secs] [Times: user=0.02 sys=0.01, real=0.02 secs] 
2019-06-10T19:06:24.254+0000: 26.273: [Full GC (Metadata GC Threshold) 2019-06-10T19:06:24.254+0000: 26.273: [Tenured: 15903K->44100K(341376K), 0.0511417 secs] 93969K->44100K(494976K), [Metaspace: 34593K->34593K(1079296K)], 0.0512197 secs] [Times: user=0.04 sys=0.01, real=0.05 secs] 
2019-06-10T19:06:31.903+0000: 33.922: [GC (Allocation Failure) 2019-06-10T19:06:31.903+0000: 33.922: [DefNew: 136576K->100K(153600K), 0.0019059 secs] 180676K->44200K(494976K), 0.0019688 secs] [Times: user=0.00 sys=0.00, real=0.00 secs] 
2019-06-10T19:06:39.523+0000: 41.542: [GC (Allocation Failure) 2019-06-10T19:06:39.523+0000: 41.542: [DefNew: 136676K->162K(153600K), 0.0016847 secs] 180776K->44263K(494976K), 0.0017446 secs] [Times: user=0.01 sys=0.00, real=0.00 secs] 
2019-06-10T19:06:47.128+0000: 49.147: [GC (Allocation Failure) 2019-06-10T19:06:47.128+0000: 49.147: [DefNew: 136738K->158K(153600K), 0.0018159 secs] 180839K->44259K(494976K), 0.0018795 secs] [Times: user=0.00 sys=0.00, real=0.00 secs] 
2019-06-10T19:06:54.816+0000: 56.835: [GC (Allocation Failure) 2019-06-10T19:06:54.816+0000: 56.835: [DefNew: 136734K->159K(153600K), 0.0018130 secs] 180835K->44259K(494976K), 0.0018742 secs] [Times: user=0.00 sys=0.00, real=0.00 secs] 
2019-06-10T19:07:02.869+0000: 64.888: [GC (Allocation Failure) 2019-06-10T19:07:02.869+0000: 64.888: [DefNew: 136735K->486K(153600K), 0.0023078 secs] 180835K->44587K(494976K), 0.0023756 secs] [Times: user=0.00 sys=0.00, real=0.00 secs] 
19:07:21.360 [Curator-PathChildrenCache-0] ERROR o.a.c.f.r.c.PathChildrenCache  - 
java.lang.IllegalStateException: instance must be started before calling this method
	at org.apache.curator.shaded.com.google.common.base.Preconditions.checkState(Preconditions.java:444)
	at org.apache.curator.framework.imps.CuratorFrameworkImpl.getChildren(CuratorFrameworkImpl.java:456)
	at org.apache.curator.framework.recipes.cache.PathChildrenCache.refresh(PathChildrenCache.java:521)
	at org.apache.curator.framework.recipes.cache.RefreshOperation.invoke(RefreshOperation.java:35)
	at org.apache.curator.framework.recipes.cache.PathChildrenCache$9.run(PathChildrenCache.java:786)
	at java.util.concurrent.Executors$RunnableAdapter.call(Executors.java:511)
	at java.util.concurrent.FutureTask.run(FutureTask.java:266)
	at java.util.concurrent.Executors$RunnableAdapter.call(Executors.java:511)
	at java.util.concurrent.FutureTask.run(FutureTask.java:266)
	at java.util.concurrent.ThreadPoolExecutor.runWorker(ThreadPoolExecutor.java:1149)
	at java.util.concurrent.ThreadPoolExecutor$Worker.run(ThreadPoolExecutor.java:624)
	at java.lang.Thread.run(Thread.java:748)
Heap
 def new generation   total 153600K, used 120765K [0x00000000e0c00000, 0x00000000eb2a0000, 0x00000000eb2a0000)
  eden space 136576K,  88% used [0x00000000e0c00000, 0x00000000e8175bb8, 0x00000000e9160000)
  from space 17024K,   2% used [0x00000000e9160000, 0x00000000e91d9998, 0x00000000ea200000)
  to   space 17024K,   0% used [0x00000000ea200000, 0x00000000ea200000, 0x00000000eb2a0000)
 tenured generation   total 341376K, used 44100K [0x00000000eb2a0000, 0x0000000100000000, 0x0000000100000000)
   the space 341376K,  12% used [0x00000000eb2a0000, 0x00000000eddb12c8, 0x00000000eddb1400, 0x0000000100000000)
 Metaspace       used 36067K, capacity 36998K, committed 37120K, reserved 1081344K
  class space    used 4873K, capacity 5075K, committed 5120K, reserved 1048576K
