17:49:38,915 |-INFO in ch.qos.logback.classic.LoggerContext[default] - Could NOT find resource [logback-test.xml]
17:49:38,915 |-INFO in ch.qos.logback.classic.LoggerContext[default] - Could NOT find resource [logback.groovy]
17:49:38,915 |-INFO in ch.qos.logback.classic.LoggerContext[default] - Found resource [logback.xml] at [jar:file:/home/nikitasokolov/flamestream/lib/flamestream-runtime-1.0-SNAPSHOT.jar!/logback.xml]
17:49:38,916 |-WARN in ch.qos.logback.classic.LoggerContext[default] - Resource [logback.xml] occurs multiple times on the classpath.
17:49:38,916 |-WARN in ch.qos.logback.classic.LoggerContext[default] - Resource [logback.xml] occurs at [jar:file:/home/nikitasokolov/flamestream/lib/flamestream-runtime-1.0-SNAPSHOT.jar!/logback.xml]
17:49:38,916 |-WARN in ch.qos.logback.classic.LoggerContext[default] - Resource [logback.xml] occurs at [jar:file:/home/nikitasokolov/flamestream/flamestream-runtime-1.0-SNAPSHOT.jar!/logback.xml]
17:49:38,932 |-INFO in ch.qos.logback.core.joran.spi.ConfigurationWatchList@2f7a2457 - URL [jar:file:/home/nikitasokolov/flamestream/lib/flamestream-runtime-1.0-SNAPSHOT.jar!/logback.xml] is not of type file
17:49:38,985 |-INFO in ch.qos.logback.classic.joran.action.ConfigurationAction - debug attribute not set
17:49:38,986 |-INFO in ch.qos.logback.core.joran.action.AppenderAction - About to instantiate appender of type [ch.qos.logback.core.ConsoleAppender]
17:49:38,993 |-INFO in ch.qos.logback.core.joran.action.AppenderAction - Naming appender as [STDOUT]
17:49:39,001 |-INFO in ch.qos.logback.core.joran.action.NestedComplexPropertyIA - Assuming default type [ch.qos.logback.classic.encoder.PatternLayoutEncoder] for [encoder] property
17:49:39,060 |-INFO in ch.qos.logback.core.joran.action.AppenderAction - About to instantiate appender of type [ch.qos.logback.core.rolling.RollingFileAppender]
17:49:39,065 |-INFO in ch.qos.logback.core.joran.action.AppenderAction - Naming appender as [FILE]
17:49:39,088 |-INFO in c.q.l.core.rolling.TimeBasedRollingPolicy@1449621165 - No compression will be used
17:49:39,089 |-INFO in c.q.l.core.rolling.TimeBasedRollingPolicy@1449621165 - Will use the pattern /tmp/application_%d{yyyy-MM-dd}.%i.log for the active file
17:49:39,092 |-INFO in ch.qos.logback.core.rolling.SizeAndTimeBasedFNATP@6108b2d7 - The date pattern is 'yyyy-MM-dd' from file name pattern '/tmp/application_%d{yyyy-MM-dd}.%i.log'.
17:49:39,092 |-INFO in ch.qos.logback.core.rolling.SizeAndTimeBasedFNATP@6108b2d7 - Roll-over at midnight.
17:49:39,096 |-INFO in ch.qos.logback.core.rolling.SizeAndTimeBasedFNATP@6108b2d7 - Setting initial period to Wed May 29 17:48:43 MSK 2019
17:49:39,096 |-WARN in ch.qos.logback.core.rolling.SizeAndTimeBasedFNATP@6108b2d7 - SizeAndTimeBasedFNATP is deprecated. Use SizeAndTimeBasedRollingPolicy instead
17:49:39,096 |-WARN in ch.qos.logback.core.rolling.SizeAndTimeBasedFNATP@6108b2d7 - For more information see http://logback.qos.ch/manual/appenders.html#SizeAndTimeBasedRollingPolicy
17:49:39,101 |-INFO in ch.qos.logback.core.joran.action.NestedComplexPropertyIA - Assuming default type [ch.qos.logback.classic.encoder.PatternLayoutEncoder] for [encoder] property
17:49:39,103 |-INFO in ch.qos.logback.core.rolling.RollingFileAppender[FILE] - Active log file name: /tmp/application.log
17:49:39,103 |-INFO in ch.qos.logback.core.rolling.RollingFileAppender[FILE] - File property is set to [/tmp/application.log]
17:49:39,104 |-INFO in ch.qos.logback.classic.joran.action.RootLoggerAction - Setting level of ROOT logger to WARN
17:49:39,104 |-INFO in ch.qos.logback.core.joran.action.AppenderRefAction - Attaching appender named [STDOUT] to Logger[ROOT]
17:49:39,105 |-INFO in ch.qos.logback.core.joran.action.AppenderRefAction - Attaching appender named [FILE] to Logger[ROOT]
17:49:39,105 |-INFO in ch.qos.logback.classic.joran.action.ConfigurationAction - End of configuration.
17:49:39,105 |-INFO in ch.qos.logback.classic.joran.JoranConfigurator@1554909b - Registering current configuration as safe fallback point

2019-05-29T17:49:40.138+0300: 1.426: [GC (Metadata GC Threshold) [PSYoungGen: 97801K->15866K(149504K)] 97801K->15946K(491008K), 0.0230530 secs] [Times: user=0.05 sys=0.08, real=0.02 secs] 
2019-05-29T17:49:40.161+0300: 1.449: [Full GC (Metadata GC Threshold) [PSYoungGen: 15866K->0K(149504K)] [ParOldGen: 80K->15080K(341504K)] 15946K->15080K(491008K), [Metaspace: 20804K->20804K(1067008K)], 0.0269524 secs] [Times: user=0.16 sys=0.01, real=0.03 secs] 
17:49:49.492 [Curator-PathChildrenCache-1] WARN  o.a.c.u.ZKPaths  - The version of ZooKeeper being used doesn't support Container nodes. CreateMode.PERSISTENT will be used instead.
2019-05-29T17:49:50.825+0300: 12.113: [GC (Metadata GC Threshold) [PSYoungGen: 125738K->20987K(149504K)] 140818K->50067K(491008K), 0.0191577 secs] [Times: user=0.19 sys=0.03, real=0.02 secs] 
2019-05-29T17:49:50.845+0300: 12.132: [Full GC (Metadata GC Threshold) [PSYoungGen: 20987K->0K(149504K)] [ParOldGen: 29080K->39076K(341504K)] 50067K->39076K(491008K), [Metaspace: 34541K->34541K(1079296K)], 0.0330241 secs] [Times: user=0.17 sys=0.00, real=0.03 secs] 
2019-05-29T17:50:09.863+0300: 31.151: [GC (Allocation Failure) [PSYoungGen: 128512K->448K(149504K)] 167588K->39532K(491008K), 0.0041925 secs] [Times: user=0.02 sys=0.01, real=0.00 secs] 
2019-05-29T17:50:32.117+0300: 53.405: [GC (Allocation Failure) [PSYoungGen: 128960K->480K(149504K)] 168044K->39572K(491008K), 0.0034052 secs] [Times: user=0.02 sys=0.00, real=0.00 secs] 
2019-05-29T17:50:58.254+0300: 79.542: [GC (Allocation Failure) [PSYoungGen: 128992K->727K(129536K)] 168084K->39827K(471040K), 0.0055770 secs] [Times: user=0.02 sys=0.02, real=0.00 secs] 
2019-05-29T17:51:26.915+0300: 108.203: [GC (Allocation Failure) [PSYoungGen: 129239K->608K(132608K)] 168339K->39716K(474112K), 0.0026457 secs] [Times: user=0.01 sys=0.01, real=0.00 secs] 
2019-05-29T17:51:46.147+0300: 127.435: [GC (Allocation Failure) [PSYoungGen: 93280K->576K(130560K)] 132388K->39692K(472064K), 0.0083398 secs] [Times: user=0.06 sys=0.01, real=0.01 secs] 
2019-05-29T17:52:05.055+0300: 146.343: [GC (Allocation Failure) [PSYoungGen: 93248K->512K(136704K)] 132364K->39636K(478208K), 0.0025485 secs] [Times: user=0.00 sys=0.00, real=0.00 secs] 
2019-05-29T17:52:28.495+0300: 169.783: [GC (Allocation Failure) [PSYoungGen: 101888K->512K(135168K)] 141012K->39644K(476672K), 0.0048760 secs] [Times: user=0.02 sys=0.01, real=0.00 secs] 
2019-05-29T17:52:53.775+0300: 195.063: [GC (Allocation Failure) [PSYoungGen: 101888K->512K(140288K)] 141020K->39652K(481792K), 0.0029445 secs] [Times: user=0.01 sys=0.01, real=0.00 secs] 
2019-05-29T17:53:24.752+0300: 226.040: [GC (Allocation Failure) [PSYoungGen: 109056K->512K(138752K)] 148196K->39652K(480256K), 0.0023446 secs] [Times: user=0.01 sys=0.01, real=0.00 secs] 
17:53:24.796 [Curator-PathChildrenCache-0] ERROR o.a.c.f.r.c.PathChildrenCache  - 
java.lang.IllegalStateException: instance must be started before calling this method
	at org.apache.curator.shaded.com.google.common.base.Preconditions.checkState(Preconditions.java:444)
	at org.apache.curator.framework.imps.CuratorFrameworkImpl.getChildren(CuratorFrameworkImpl.java:456)
	at org.apache.curator.framework.recipes.cache.PathChildrenCache.refresh(PathChildrenCache.java:521)
	at org.apache.curator.framework.recipes.cache.RefreshOperation.invoke(RefreshOperation.java:35)
	at org.apache.curator.framework.recipes.cache.PathChildrenCache$9.run(PathChildrenCache.java:786)
	at java.util.concurrent.Executors$RunnableAdapter.call(Executors.java:511)
	at java.util.concurrent.FutureTask.run(FutureTask.java:266)
	at java.util.concurrent.Executors$RunnableAdapter.call(Executors.java:511)
	at java.util.concurrent.FutureTask.run(FutureTask.java:266)
	at java.util.concurrent.ThreadPoolExecutor.runWorker(ThreadPoolExecutor.java:1149)
	at java.util.concurrent.ThreadPoolExecutor$Worker.run(ThreadPoolExecutor.java:624)
	at java.lang.Thread.run(Thread.java:748)
Heap
 PSYoungGen      total 138752K, used 10686K [0x00000000f5980000, 0x0000000100000000, 0x0000000100000000)
  eden space 108544K, 9% used [0x00000000f5980000,0x00000000f636f8f0,0x00000000fc380000)
  from space 30208K, 1% used [0x00000000fc380000,0x00000000fc400070,0x00000000fe100000)
  to   space 28672K, 0% used [0x00000000fe400000,0x00000000fe400000,0x0000000100000000)
 ParOldGen       total 341504K, used 39140K [0x00000000e0c00000, 0x00000000f5980000, 0x00000000f5980000)
  object space 341504K, 11% used [0x00000000e0c00000,0x00000000e3239290,0x00000000f5980000)
 Metaspace       used 36288K, capacity 37128K, committed 37464K, reserved 1081344K
  class space    used 4977K, capacity 5156K, committed 5248K, reserved 1048576K
