19:42:15,350 |-INFO in ch.qos.logback.classic.LoggerContext[default] - Could NOT find resource [logback-test.xml]
19:42:15,351 |-INFO in ch.qos.logback.classic.LoggerContext[default] - Could NOT find resource [logback.groovy]
19:42:15,351 |-INFO in ch.qos.logback.classic.LoggerContext[default] - Found resource [logback.xml] at [jar:file:/root/flamestream/lib/flamestream-runtime-1.0-SNAPSHOT.jar!/logback.xml]
19:42:15,352 |-WARN in ch.qos.logback.classic.LoggerContext[default] - Resource [logback.xml] occurs multiple times on the classpath.
19:42:15,352 |-WARN in ch.qos.logback.classic.LoggerContext[default] - Resource [logback.xml] occurs at [jar:file:/root/flamestream/lib/flamestream-runtime-1.0-SNAPSHOT.jar!/logback.xml]
19:42:15,352 |-WARN in ch.qos.logback.classic.LoggerContext[default] - Resource [logback.xml] occurs at [jar:file:/root/flamestream/flamestream-runtime-1.0-SNAPSHOT.jar!/logback.xml]
19:42:15,372 |-INFO in ch.qos.logback.core.joran.spi.ConfigurationWatchList@3fb6a447 - URL [jar:file:/root/flamestream/lib/flamestream-runtime-1.0-SNAPSHOT.jar!/logback.xml] is not of type file
19:42:15,443 |-INFO in ch.qos.logback.classic.joran.action.ConfigurationAction - debug attribute not set
19:42:15,444 |-INFO in ch.qos.logback.core.joran.action.AppenderAction - About to instantiate appender of type [ch.qos.logback.core.ConsoleAppender]
19:42:15,462 |-INFO in ch.qos.logback.core.joran.action.AppenderAction - Naming appender as [STDOUT]
19:42:15,480 |-INFO in ch.qos.logback.core.joran.action.NestedComplexPropertyIA - Assuming default type [ch.qos.logback.classic.encoder.PatternLayoutEncoder] for [encoder] property
19:42:15,566 |-INFO in ch.qos.logback.core.joran.action.AppenderAction - About to instantiate appender of type [ch.qos.logback.core.rolling.RollingFileAppender]
19:42:15,575 |-INFO in ch.qos.logback.core.joran.action.AppenderAction - Naming appender as [FILE]
19:42:15,605 |-INFO in c.q.l.core.rolling.TimeBasedRollingPolicy@127618319 - No compression will be used
19:42:15,606 |-INFO in c.q.l.core.rolling.TimeBasedRollingPolicy@127618319 - Will use the pattern /tmp/application_%d{yyyy-MM-dd}.%i.log for the active file
19:42:15,609 |-INFO in ch.qos.logback.core.rolling.SizeAndTimeBasedFNATP@6b2fad11 - The date pattern is 'yyyy-MM-dd' from file name pattern '/tmp/application_%d{yyyy-MM-dd}.%i.log'.
19:42:15,609 |-INFO in ch.qos.logback.core.rolling.SizeAndTimeBasedFNATP@6b2fad11 - Roll-over at midnight.
19:42:15,615 |-INFO in ch.qos.logback.core.rolling.SizeAndTimeBasedFNATP@6b2fad11 - Setting initial period to Mon Jun 10 19:41:00 UTC 2019
19:42:15,615 |-WARN in ch.qos.logback.core.rolling.SizeAndTimeBasedFNATP@6b2fad11 - SizeAndTimeBasedFNATP is deprecated. Use SizeAndTimeBasedRollingPolicy instead
19:42:15,615 |-WARN in ch.qos.logback.core.rolling.SizeAndTimeBasedFNATP@6b2fad11 - For more information see http://logback.qos.ch/manual/appenders.html#SizeAndTimeBasedRollingPolicy
19:42:15,619 |-INFO in ch.qos.logback.core.joran.action.NestedComplexPropertyIA - Assuming default type [ch.qos.logback.classic.encoder.PatternLayoutEncoder] for [encoder] property
19:42:15,624 |-INFO in ch.qos.logback.core.rolling.RollingFileAppender[FILE] - Active log file name: /tmp/application.log
19:42:15,624 |-INFO in ch.qos.logback.core.rolling.RollingFileAppender[FILE] - File property is set to [/tmp/application.log]
19:42:15,625 |-INFO in ch.qos.logback.classic.joran.action.RootLoggerAction - Setting level of ROOT logger to WARN
19:42:15,625 |-INFO in ch.qos.logback.core.joran.action.AppenderRefAction - Attaching appender named [STDOUT] to Logger[ROOT]
19:42:15,627 |-INFO in ch.qos.logback.core.joran.action.AppenderRefAction - Attaching appender named [FILE] to Logger[ROOT]
19:42:15,627 |-INFO in ch.qos.logback.classic.joran.action.ConfigurationAction - End of configuration.
19:42:15,627 |-INFO in ch.qos.logback.classic.joran.JoranConfigurator@79698539 - Registering current configuration as safe fallback point

Ama winner
Ama winner
2019-06-10T19:42:16.916+0000: 1.754: [Full GC (Metadata GC Threshold) 2019-06-10T19:42:16.916+0000: 1.754: [Tenured: 0K->15242K(341376K), 0.0394340 secs] 117750K->15242K(494976K), [Metaspace: 20740K->20740K(1067008K)], 0.0395029 secs] [Times: user=0.04 sys=0.01, real=0.04 secs] 
19:42:35.315 [Curator-PathChildrenCache-1] WARN  o.a.c.u.ZKPaths  - The version of ZooKeeper being used doesn't support Container nodes. CreateMode.PERSISTENT will be used instead.
2019-06-10T19:42:37.852+0000: 22.690: [GC (GCLocker Initiated GC) 2019-06-10T19:42:37.852+0000: 22.690: [DefNew: 118232K->17023K(153600K), 0.0175809 secs] 153006K->52482K(494976K), 0.0176430 secs] [Times: user=0.02 sys=0.01, real=0.01 secs] 
2019-06-10T19:42:40.987+0000: 25.825: [Full GC (Metadata GC Threshold) 2019-06-10T19:42:40.987+0000: 25.825: [Tenured: 35458K->43968K(341376K), 0.0495587 secs] 120034K->43968K(494976K), [Metaspace: 34616K->34616K(1079296K)], 0.0496393 secs] [Times: user=0.05 sys=0.00, real=0.05 secs] 
2019-06-10T19:42:48.225+0000: 33.064: [GC (Allocation Failure) 2019-06-10T19:42:48.226+0000: 33.064: [DefNew: 136576K->91K(153600K), 0.0018803 secs] 180544K->44060K(494976K), 0.0032102 secs] [Times: user=0.00 sys=0.00, real=0.00 secs] 
2019-06-10T19:42:55.462+0000: 40.300: [GC (Allocation Failure) 2019-06-10T19:42:55.462+0000: 40.300: [DefNew: 136667K->120K(153600K), 0.0016893 secs] 180636K->44089K(494976K), 0.0017486 secs] [Times: user=0.00 sys=0.00, real=0.00 secs] 
2019-06-10T19:43:02.735+0000: 47.573: [GC (Allocation Failure) 2019-06-10T19:43:02.735+0000: 47.573: [DefNew: 136696K->121K(153600K), 0.0016433 secs] 180665K->44089K(494976K), 0.0017024 secs] [Times: user=0.00 sys=0.00, real=0.00 secs] 
2019-06-10T19:43:10.077+0000: 54.915: [GC (Allocation Failure) 2019-06-10T19:43:10.077+0000: 54.915: [DefNew: 136697K->124K(153600K), 0.0018000 secs] 180665K->44092K(494976K), 0.0018608 secs] [Times: user=0.00 sys=0.00, real=0.00 secs] 
2019-06-10T19:43:17.307+0000: 62.145: [GC (Allocation Failure) 2019-06-10T19:43:17.307+0000: 62.145: [DefNew: 136700K->415K(153600K), 0.0021594 secs] 180668K->44383K(494976K), 0.0022200 secs] [Times: user=0.00 sys=0.00, real=0.00 secs] 
19:43:27.263 [Curator-PathChildrenCache-0] ERROR o.a.c.f.r.c.PathChildrenCache  - 
java.lang.IllegalStateException: instance must be started before calling this method
	at org.apache.curator.shaded.com.google.common.base.Preconditions.checkState(Preconditions.java:444)
	at org.apache.curator.framework.imps.CuratorFrameworkImpl.getChildren(CuratorFrameworkImpl.java:456)
	at org.apache.curator.framework.recipes.cache.PathChildrenCache.refresh(PathChildrenCache.java:521)
	at org.apache.curator.framework.recipes.cache.RefreshOperation.invoke(RefreshOperation.java:35)
	at org.apache.curator.framework.recipes.cache.PathChildrenCache$9.run(PathChildrenCache.java:786)
	at java.util.concurrent.Executors$RunnableAdapter.call(Executors.java:511)
	at java.util.concurrent.FutureTask.run(FutureTask.java:266)
	at java.util.concurrent.Executors$RunnableAdapter.call(Executors.java:511)
	at java.util.concurrent.FutureTask.run(FutureTask.java:266)
	at java.util.concurrent.ThreadPoolExecutor.runWorker(ThreadPoolExecutor.java:1149)
	at java.util.concurrent.ThreadPoolExecutor$Worker.run(ThreadPoolExecutor.java:624)
	at java.lang.Thread.run(Thread.java:748)
Heap
 def new generation   total 153600K, used 73953K [0x00000000e0c00000, 0x00000000eb2a0000, 0x00000000eb2a0000)
  eden space 136576K,  53% used [0x00000000e0c00000, 0x00000000e53d07d8, 0x00000000e9160000)
  from space 17024K,   2% used [0x00000000e9160000, 0x00000000e91c7e40, 0x00000000ea200000)
  to   space 17024K,   0% used [0x00000000ea200000, 0x00000000ea200000, 0x00000000eb2a0000)
 tenured generation   total 341376K, used 43968K [0x00000000eb2a0000, 0x0000000100000000, 0x0000000100000000)
   the space 341376K,  12% used [0x00000000eb2a0000, 0x00000000edd90190, 0x00000000edd90200, 0x0000000100000000)
 Metaspace       used 36148K, capacity 37062K, committed 37376K, reserved 1081344K
  class space    used 4872K, capacity 5075K, committed 5120K, reserved 1048576K
