13:17:46,294 |-INFO in ch.qos.logback.classic.LoggerContext[default] - Could NOT find resource [logback-test.xml]
13:17:46,294 |-INFO in ch.qos.logback.classic.LoggerContext[default] - Could NOT find resource [logback.groovy]
13:17:46,295 |-INFO in ch.qos.logback.classic.LoggerContext[default] - Found resource [logback.xml] at [jar:file:/root/flamestream/lib/flamestream-runtime-1.0-SNAPSHOT.jar!/logback.xml]
13:17:46,295 |-WARN in ch.qos.logback.classic.LoggerContext[default] - Resource [logback.xml] occurs multiple times on the classpath.
13:17:46,295 |-WARN in ch.qos.logback.classic.LoggerContext[default] - Resource [logback.xml] occurs at [jar:file:/root/flamestream/lib/flamestream-runtime-1.0-SNAPSHOT.jar!/logback.xml]
13:17:46,295 |-WARN in ch.qos.logback.classic.LoggerContext[default] - Resource [logback.xml] occurs at [jar:file:/root/flamestream/flamestream-runtime-1.0-SNAPSHOT.jar!/logback.xml]
13:17:46,316 |-INFO in ch.qos.logback.core.joran.spi.ConfigurationWatchList@3fb6a447 - URL [jar:file:/root/flamestream/lib/flamestream-runtime-1.0-SNAPSHOT.jar!/logback.xml] is not of type file
13:17:46,389 |-INFO in ch.qos.logback.classic.joran.action.ConfigurationAction - debug attribute not set
13:17:46,389 |-INFO in ch.qos.logback.core.joran.action.AppenderAction - About to instantiate appender of type [ch.qos.logback.core.ConsoleAppender]
13:17:46,407 |-INFO in ch.qos.logback.core.joran.action.AppenderAction - Naming appender as [STDOUT]
13:17:46,425 |-INFO in ch.qos.logback.core.joran.action.NestedComplexPropertyIA - Assuming default type [ch.qos.logback.classic.encoder.PatternLayoutEncoder] for [encoder] property
13:17:46,510 |-INFO in ch.qos.logback.core.joran.action.AppenderAction - About to instantiate appender of type [ch.qos.logback.core.rolling.RollingFileAppender]
13:17:46,515 |-INFO in ch.qos.logback.core.joran.action.AppenderAction - Naming appender as [FILE]
13:17:46,546 |-INFO in c.q.l.core.rolling.TimeBasedRollingPolicy@127618319 - No compression will be used
13:17:46,547 |-INFO in c.q.l.core.rolling.TimeBasedRollingPolicy@127618319 - Will use the pattern /tmp/application_%d{yyyy-MM-dd}.%i.log for the active file
13:17:46,550 |-INFO in ch.qos.logback.core.rolling.SizeAndTimeBasedFNATP@6b2fad11 - The date pattern is 'yyyy-MM-dd' from file name pattern '/tmp/application_%d{yyyy-MM-dd}.%i.log'.
13:17:46,550 |-INFO in ch.qos.logback.core.rolling.SizeAndTimeBasedFNATP@6b2fad11 - Roll-over at midnight.
13:17:46,556 |-INFO in ch.qos.logback.core.rolling.SizeAndTimeBasedFNATP@6b2fad11 - Setting initial period to Mon Jun 10 13:16:23 UTC 2019
13:17:46,556 |-WARN in ch.qos.logback.core.rolling.SizeAndTimeBasedFNATP@6b2fad11 - SizeAndTimeBasedFNATP is deprecated. Use SizeAndTimeBasedRollingPolicy instead
13:17:46,556 |-WARN in ch.qos.logback.core.rolling.SizeAndTimeBasedFNATP@6b2fad11 - For more information see http://logback.qos.ch/manual/appenders.html#SizeAndTimeBasedRollingPolicy
13:17:46,559 |-INFO in ch.qos.logback.core.joran.action.NestedComplexPropertyIA - Assuming default type [ch.qos.logback.classic.encoder.PatternLayoutEncoder] for [encoder] property
13:17:46,564 |-INFO in ch.qos.logback.core.rolling.RollingFileAppender[FILE] - Active log file name: /tmp/application.log
13:17:46,564 |-INFO in ch.qos.logback.core.rolling.RollingFileAppender[FILE] - File property is set to [/tmp/application.log]
13:17:46,565 |-INFO in ch.qos.logback.classic.joran.action.RootLoggerAction - Setting level of ROOT logger to WARN
13:17:46,565 |-INFO in ch.qos.logback.core.joran.action.AppenderRefAction - Attaching appender named [STDOUT] to Logger[ROOT]
13:17:46,567 |-INFO in ch.qos.logback.core.joran.action.AppenderRefAction - Attaching appender named [FILE] to Logger[ROOT]
13:17:46,567 |-INFO in ch.qos.logback.classic.joran.action.ConfigurationAction - End of configuration.
13:17:46,568 |-INFO in ch.qos.logback.classic.joran.JoranConfigurator@79698539 - Registering current configuration as safe fallback point

Ama winner
Ama winner
2019-06-10T13:17:47.831+0000: 1.724: [Full GC (Metadata GC Threshold) 2019-06-10T13:17:47.831+0000: 1.724: [Tenured: 0K->15176K(341376K), 0.0390875 secs] 115115K->15176K(494976K), [Metaspace: 20739K->20739K(1067008K)], 0.0391577 secs] [Times: user=0.04 sys=0.01, real=0.04 secs] 
13:18:04.653 [Curator-PathChildrenCache-1] WARN  o.a.c.u.ZKPaths  - The version of ZooKeeper being used doesn't support Container nodes. CreateMode.PERSISTENT will be used instead.
2019-06-10T13:18:07.200+0000: 21.093: [GC (Allocation Failure) 2019-06-10T13:18:07.200+0000: 21.093: [DefNew: 136576K->17024K(153600K), 0.0253724 secs] 151752K->52576K(494976K), 0.0254415 secs] [Times: user=0.02 sys=0.01, real=0.02 secs] 
2019-06-10T13:18:08.522+0000: 22.415: [Full GC (Metadata GC Threshold) 2019-06-10T13:18:08.522+0000: 22.415: [Tenured: 35552K->44128K(341376K), 0.0404450 secs] 80578K->44128K(494976K), [Metaspace: 34580K->34580K(1079296K)], 0.0405184 secs] [Times: user=0.04 sys=0.00, real=0.04 secs] 
2019-06-10T13:18:16.520+0000: 30.413: [GC (Allocation Failure) 2019-06-10T13:18:16.520+0000: 30.413: [DefNew: 136576K->68K(153600K), 0.0018247 secs] 180704K->44197K(494976K), 0.0018876 secs] [Times: user=0.00 sys=0.00, real=0.00 secs] 
2019-06-10T13:18:24.690+0000: 38.583: [GC (Allocation Failure) 2019-06-10T13:18:24.690+0000: 38.583: [DefNew: 136644K->69K(153600K), 0.0018181 secs] 180773K->44198K(494976K), 0.0018808 secs] [Times: user=0.01 sys=0.00, real=0.00 secs] 
2019-06-10T13:18:32.878+0000: 46.771: [GC (Allocation Failure) 2019-06-10T13:18:32.878+0000: 46.771: [DefNew: 136645K->66K(153600K), 0.0017328 secs] 180774K->44195K(494976K), 0.0017913 secs] [Times: user=0.00 sys=0.00, real=0.00 secs] 
2019-06-10T13:18:41.058+0000: 54.951: [GC (Allocation Failure) 2019-06-10T13:18:41.059+0000: 54.951: [DefNew: 136642K->68K(153600K), 0.0017395 secs] 180771K->44197K(494976K), 0.0017997 secs] [Times: user=0.00 sys=0.00, real=0.00 secs] 
2019-06-10T13:18:49.483+0000: 63.376: [GC (Allocation Failure) 2019-06-10T13:18:49.483+0000: 63.376: [DefNew: 136644K->415K(153600K), 0.0022011 secs] 180773K->44544K(494976K), 0.0022681 secs] [Times: user=0.00 sys=0.00, real=0.00 secs] 
2019-06-10T13:18:59.254+0000: 73.147: [GC (Allocation Failure) 2019-06-10T13:18:59.254+0000: 73.147: [DefNew: 136991K->165K(153600K), 0.0020774 secs] 181120K->44294K(494976K), 0.0021412 secs] [Times: user=0.00 sys=0.01, real=0.01 secs] 
13:19:16.732 [Curator-PathChildrenCache-0] ERROR o.a.c.f.r.c.PathChildrenCache  - 
java.lang.IllegalStateException: instance must be started before calling this method
	at org.apache.curator.shaded.com.google.common.base.Preconditions.checkState(Preconditions.java:444)
	at org.apache.curator.framework.imps.CuratorFrameworkImpl.getChildren(CuratorFrameworkImpl.java:456)
	at org.apache.curator.framework.recipes.cache.PathChildrenCache.refresh(PathChildrenCache.java:521)
	at org.apache.curator.framework.recipes.cache.RefreshOperation.invoke(RefreshOperation.java:35)
	at org.apache.curator.framework.recipes.cache.PathChildrenCache$9.run(PathChildrenCache.java:786)
	at java.util.concurrent.Executors$RunnableAdapter.call(Executors.java:511)
	at java.util.concurrent.FutureTask.run(FutureTask.java:266)
	at java.util.concurrent.Executors$RunnableAdapter.call(Executors.java:511)
	at java.util.concurrent.FutureTask.run(FutureTask.java:266)
	at java.util.concurrent.ThreadPoolExecutor.runWorker(ThreadPoolExecutor.java:1149)
	at java.util.concurrent.ThreadPoolExecutor$Worker.run(ThreadPoolExecutor.java:624)
	at java.lang.Thread.run(Thread.java:748)
Heap
 def new generation   total 153600K, used 78013K [0x00000000e0c00000, 0x00000000eb2a0000, 0x00000000eb2a0000)
  eden space 136576K,  57% used [0x00000000e0c00000, 0x00000000e58061d8, 0x00000000e9160000)
  from space 17024K,   0% used [0x00000000ea200000, 0x00000000ea2295b0, 0x00000000eb2a0000)
  to   space 17024K,   0% used [0x00000000e9160000, 0x00000000e9160000, 0x00000000ea200000)
 tenured generation   total 341376K, used 44128K [0x00000000eb2a0000, 0x0000000100000000, 0x0000000100000000)
   the space 341376K,  12% used [0x00000000eb2a0000, 0x00000000eddb83f0, 0x00000000eddb8400, 0x0000000100000000)
 Metaspace       used 36222K, capacity 37126K, committed 37376K, reserved 1081344K
  class space    used 4869K, capacity 5075K, committed 5120K, reserved 1048576K
