16:46:31,481 |-INFO in ch.qos.logback.classic.LoggerContext[default] - Could NOT find resource [logback-test.xml]
16:46:31,481 |-INFO in ch.qos.logback.classic.LoggerContext[default] - Could NOT find resource [logback.groovy]
16:46:31,481 |-INFO in ch.qos.logback.classic.LoggerContext[default] - Found resource [logback.xml] at [jar:file:/root/flamestream/lib/flamestream-runtime-1.0-SNAPSHOT.jar!/logback.xml]
16:46:31,481 |-WARN in ch.qos.logback.classic.LoggerContext[default] - Resource [logback.xml] occurs multiple times on the classpath.
16:46:31,486 |-WARN in ch.qos.logback.classic.LoggerContext[default] - Resource [logback.xml] occurs at [jar:file:/root/flamestream/lib/flamestream-runtime-1.0-SNAPSHOT.jar!/logback.xml]
16:46:31,486 |-WARN in ch.qos.logback.classic.LoggerContext[default] - Resource [logback.xml] occurs at [jar:file:/root/flamestream/flamestream-runtime-1.0-SNAPSHOT.jar!/logback.xml]
16:46:31,505 |-INFO in ch.qos.logback.core.joran.spi.ConfigurationWatchList@3fb6a447 - URL [jar:file:/root/flamestream/lib/flamestream-runtime-1.0-SNAPSHOT.jar!/logback.xml] is not of type file
16:46:31,572 |-INFO in ch.qos.logback.classic.joran.action.ConfigurationAction - debug attribute not set
16:46:31,572 |-INFO in ch.qos.logback.core.joran.action.AppenderAction - About to instantiate appender of type [ch.qos.logback.core.ConsoleAppender]
16:46:31,588 |-INFO in ch.qos.logback.core.joran.action.AppenderAction - Naming appender as [STDOUT]
16:46:31,608 |-INFO in ch.qos.logback.core.joran.action.NestedComplexPropertyIA - Assuming default type [ch.qos.logback.classic.encoder.PatternLayoutEncoder] for [encoder] property
16:46:31,704 |-INFO in ch.qos.logback.core.joran.action.AppenderAction - About to instantiate appender of type [ch.qos.logback.core.rolling.RollingFileAppender]
16:46:31,712 |-INFO in ch.qos.logback.core.joran.action.AppenderAction - Naming appender as [FILE]
16:46:31,741 |-INFO in c.q.l.core.rolling.TimeBasedRollingPolicy@127618319 - No compression will be used
16:46:31,742 |-INFO in c.q.l.core.rolling.TimeBasedRollingPolicy@127618319 - Will use the pattern /tmp/application_%d{yyyy-MM-dd}.%i.log for the active file
16:46:31,744 |-INFO in ch.qos.logback.core.rolling.SizeAndTimeBasedFNATP@6b2fad11 - The date pattern is 'yyyy-MM-dd' from file name pattern '/tmp/application_%d{yyyy-MM-dd}.%i.log'.
16:46:31,744 |-INFO in ch.qos.logback.core.rolling.SizeAndTimeBasedFNATP@6b2fad11 - Roll-over at midnight.
16:46:31,750 |-INFO in ch.qos.logback.core.rolling.SizeAndTimeBasedFNATP@6b2fad11 - Setting initial period to Mon Jun 10 16:44:59 UTC 2019
16:46:31,750 |-WARN in ch.qos.logback.core.rolling.SizeAndTimeBasedFNATP@6b2fad11 - SizeAndTimeBasedFNATP is deprecated. Use SizeAndTimeBasedRollingPolicy instead
16:46:31,750 |-WARN in ch.qos.logback.core.rolling.SizeAndTimeBasedFNATP@6b2fad11 - For more information see http://logback.qos.ch/manual/appenders.html#SizeAndTimeBasedRollingPolicy
16:46:31,755 |-INFO in ch.qos.logback.core.joran.action.NestedComplexPropertyIA - Assuming default type [ch.qos.logback.classic.encoder.PatternLayoutEncoder] for [encoder] property
16:46:31,759 |-INFO in ch.qos.logback.core.rolling.RollingFileAppender[FILE] - Active log file name: /tmp/application.log
16:46:31,759 |-INFO in ch.qos.logback.core.rolling.RollingFileAppender[FILE] - File property is set to [/tmp/application.log]
16:46:31,760 |-INFO in ch.qos.logback.classic.joran.action.RootLoggerAction - Setting level of ROOT logger to WARN
16:46:31,761 |-INFO in ch.qos.logback.core.joran.action.AppenderRefAction - Attaching appender named [STDOUT] to Logger[ROOT]
16:46:31,763 |-INFO in ch.qos.logback.core.joran.action.AppenderRefAction - Attaching appender named [FILE] to Logger[ROOT]
16:46:31,763 |-INFO in ch.qos.logback.classic.joran.action.ConfigurationAction - End of configuration.
16:46:31,763 |-INFO in ch.qos.logback.classic.joran.JoranConfigurator@79698539 - Registering current configuration as safe fallback point

Ama winner
Ama winner
2019-06-10T16:46:33.020+0000: 1.718: [Full GC (Metadata GC Threshold) 2019-06-10T16:46:33.020+0000: 1.718: [Tenured: 0K->15176K(341376K), 0.0395877 secs] 114923K->15176K(494976K), [Metaspace: 20728K->20728K(1067008K)], 0.0396550 secs] [Times: user=0.03 sys=0.01, real=0.04 secs] 
16:46:55.844 [Curator-PathChildrenCache-2] WARN  o.a.c.u.ZKPaths  - The version of ZooKeeper being used doesn't support Container nodes. CreateMode.PERSISTENT will be used instead.
2019-06-10T16:46:58.044+0000: 26.742: [GC (Allocation Failure) 2019-06-10T16:46:58.044+0000: 26.742: [DefNew: 117843K->17023K(153600K), 0.0187595 secs] 133019K->32861K(494976K), 0.0188318 secs] [Times: user=0.02 sys=0.00, real=0.02 secs] 
2019-06-10T16:46:58.623+0000: 27.321: [Full GC (Metadata GC Threshold) 2019-06-10T16:46:58.623+0000: 27.321: [Tenured: 15837K->43926K(341376K), 0.0523450 secs] 72515K->43926K(494976K), [Metaspace: 34625K->34625K(1079296K)], 0.0524180 secs] [Times: user=0.05 sys=0.01, real=0.06 secs] 
2019-06-10T16:47:03.625+0000: 32.323: [GC (Allocation Failure) 2019-06-10T16:47:03.625+0000: 32.323: [DefNew: 136576K->196K(153600K), 0.0022352 secs] 180502K->44122K(494976K), 0.0022939 secs] [Times: user=0.00 sys=0.00, real=0.01 secs] 
2019-06-10T16:47:08.327+0000: 37.025: [GC (Allocation Failure) 2019-06-10T16:47:08.327+0000: 37.025: [DefNew: 136772K->188K(153600K), 0.0019828 secs] 180698K->44114K(494976K), 0.0020412 secs] [Times: user=0.00 sys=0.00, real=0.00 secs] 
2019-06-10T16:47:12.982+0000: 41.681: [GC (Allocation Failure) 2019-06-10T16:47:12.982+0000: 41.681: [DefNew: 136764K->186K(153600K), 0.0019598 secs] 180690K->44112K(494976K), 0.0020212 secs] [Times: user=0.00 sys=0.00, real=0.00 secs] 
2019-06-10T16:47:17.666+0000: 46.364: [GC (Allocation Failure) 2019-06-10T16:47:17.666+0000: 46.364: [DefNew: 136762K->192K(153600K), 0.0020183 secs] 180688K->44118K(494976K), 0.0020877 secs] [Times: user=0.00 sys=0.00, real=0.00 secs] 
2019-06-10T16:47:22.364+0000: 51.062: [GC (Allocation Failure) 2019-06-10T16:47:22.364+0000: 51.062: [DefNew: 136768K->189K(153600K), 0.0021288 secs] 180694K->44116K(494976K), 0.0021912 secs] [Times: user=0.00 sys=0.00, real=0.01 secs] 
2019-06-10T16:47:26.956+0000: 55.654: [GC (Allocation Failure) 2019-06-10T16:47:26.956+0000: 55.654: [DefNew: 136765K->191K(153600K), 0.0020548 secs] 180692K->44118K(494976K), 0.0021215 secs] [Times: user=0.00 sys=0.00, real=0.00 secs] 
2019-06-10T16:47:31.564+0000: 60.263: [GC (Allocation Failure) 2019-06-10T16:47:31.564+0000: 60.263: [DefNew: 136767K->201K(153600K), 0.0021119 secs] 180694K->44127K(494976K), 0.0021712 secs] [Times: user=0.00 sys=0.00, real=0.01 secs] 
2019-06-10T16:47:36.459+0000: 65.157: [GC (Allocation Failure) 2019-06-10T16:47:36.459+0000: 65.157: [DefNew: 136777K->580K(153600K), 0.0027074 secs] 180703K->44506K(494976K), 0.0027641 secs] [Times: user=0.00 sys=0.00, real=0.00 secs] 
16:47:54.818 [Curator-PathChildrenCache-0] ERROR o.a.c.f.r.c.PathChildrenCache  - 
java.lang.IllegalStateException: instance must be started before calling this method
	at org.apache.curator.shaded.com.google.common.base.Preconditions.checkState(Preconditions.java:444)
	at org.apache.curator.framework.imps.CuratorFrameworkImpl.getChildren(CuratorFrameworkImpl.java:456)
	at org.apache.curator.framework.recipes.cache.PathChildrenCache.refresh(PathChildrenCache.java:521)
	at org.apache.curator.framework.recipes.cache.RefreshOperation.invoke(RefreshOperation.java:35)
	at org.apache.curator.framework.recipes.cache.PathChildrenCache$9.run(PathChildrenCache.java:786)
	at java.util.concurrent.Executors$RunnableAdapter.call(Executors.java:511)
	at java.util.concurrent.FutureTask.run(FutureTask.java:266)
	at java.util.concurrent.Executors$RunnableAdapter.call(Executors.java:511)
	at java.util.concurrent.FutureTask.run(FutureTask.java:266)
	at java.util.concurrent.ThreadPoolExecutor.runWorker(ThreadPoolExecutor.java:1149)
	at java.util.concurrent.ThreadPoolExecutor$Worker.run(ThreadPoolExecutor.java:624)
	at java.lang.Thread.run(Thread.java:748)
Heap
 def new generation   total 153600K, used 133286K [0x00000000e0c00000, 0x00000000eb2a0000, 0x00000000eb2a0000)
  eden space 136576K,  97% used [0x00000000e0c00000, 0x00000000e8d98990, 0x00000000e9160000)
  from space 17024K,   3% used [0x00000000ea200000, 0x00000000ea291108, 0x00000000eb2a0000)
  to   space 17024K,   0% used [0x00000000e9160000, 0x00000000e9160000, 0x00000000ea200000)
 tenured generation   total 341376K, used 43926K [0x00000000eb2a0000, 0x0000000100000000, 0x0000000100000000)
   the space 341376K,  12% used [0x00000000eb2a0000, 0x00000000edd85938, 0x00000000edd85a00, 0x0000000100000000)
 Metaspace       used 36276K, capacity 37250K, committed 37504K, reserved 1081344K
  class space    used 4901K, capacity 5123K, committed 5248K, reserved 1048576K
