10:08:09,274 |-INFO in ch.qos.logback.classic.LoggerContext[default] - Could NOT find resource [logback-test.xml]
10:08:09,275 |-INFO in ch.qos.logback.classic.LoggerContext[default] - Could NOT find resource [logback.groovy]
10:08:09,275 |-INFO in ch.qos.logback.classic.LoggerContext[default] - Found resource [logback.xml] at [jar:file:/home/ubuntu/flamestream/lib/flamestream-runtime-1.0-SNAPSHOT.jar!/logback.xml]
10:08:09,275 |-WARN in ch.qos.logback.classic.LoggerContext[default] - Resource [logback.xml] occurs multiple times on the classpath.
10:08:09,279 |-WARN in ch.qos.logback.classic.LoggerContext[default] - Resource [logback.xml] occurs at [jar:file:/home/ubuntu/flamestream/flamestream-runtime-1.0-SNAPSHOT.jar!/logback.xml]
10:08:09,279 |-WARN in ch.qos.logback.classic.LoggerContext[default] - Resource [logback.xml] occurs at [jar:file:/home/ubuntu/flamestream/lib/flamestream-runtime-1.0-SNAPSHOT.jar!/logback.xml]
10:08:09,294 |-INFO in ch.qos.logback.core.joran.spi.ConfigurationWatchList@4678c730 - URL [jar:file:/home/ubuntu/flamestream/lib/flamestream-runtime-1.0-SNAPSHOT.jar!/logback.xml] is not of type file
10:08:09,358 |-INFO in ch.qos.logback.classic.joran.action.ConfigurationAction - debug attribute not set
10:08:09,358 |-INFO in ch.qos.logback.core.joran.action.AppenderAction - About to instantiate appender of type [ch.qos.logback.core.ConsoleAppender]
10:08:09,375 |-INFO in ch.qos.logback.core.joran.action.AppenderAction - Naming appender as [STDOUT]
10:08:09,392 |-INFO in ch.qos.logback.core.joran.action.NestedComplexPropertyIA - Assuming default type [ch.qos.logback.classic.encoder.PatternLayoutEncoder] for [encoder] property
10:08:09,483 |-INFO in ch.qos.logback.core.joran.action.AppenderAction - About to instantiate appender of type [ch.qos.logback.core.rolling.RollingFileAppender]
10:08:09,487 |-INFO in ch.qos.logback.core.joran.action.AppenderAction - Naming appender as [FILE]
10:08:09,533 |-INFO in c.q.l.core.rolling.TimeBasedRollingPolicy@1734853116 - No compression will be used
10:08:09,535 |-INFO in c.q.l.core.rolling.TimeBasedRollingPolicy@1734853116 - Will use the pattern /tmp/application_%d{yyyy-MM-dd}.%i.log for the active file
10:08:09,541 |-INFO in ch.qos.logback.core.rolling.SizeAndTimeBasedFNATP@29ee9faa - The date pattern is 'yyyy-MM-dd' from file name pattern '/tmp/application_%d{yyyy-MM-dd}.%i.log'.
10:08:09,541 |-INFO in ch.qos.logback.core.rolling.SizeAndTimeBasedFNATP@29ee9faa - Roll-over at midnight.
10:08:09,549 |-INFO in ch.qos.logback.core.rolling.SizeAndTimeBasedFNATP@29ee9faa - Setting initial period to Sun Oct 06 10:03:43 UTC 2019
10:08:09,549 |-WARN in ch.qos.logback.core.rolling.SizeAndTimeBasedFNATP@29ee9faa - SizeAndTimeBasedFNATP is deprecated. Use SizeAndTimeBasedRollingPolicy instead
10:08:09,549 |-WARN in ch.qos.logback.core.rolling.SizeAndTimeBasedFNATP@29ee9faa - For more information see http://logback.qos.ch/manual/appenders.html#SizeAndTimeBasedRollingPolicy
10:08:09,554 |-INFO in ch.qos.logback.core.joran.action.NestedComplexPropertyIA - Assuming default type [ch.qos.logback.classic.encoder.PatternLayoutEncoder] for [encoder] property
10:08:09,561 |-INFO in ch.qos.logback.core.rolling.RollingFileAppender[FILE] - Active log file name: /tmp/application.log
10:08:09,561 |-INFO in ch.qos.logback.core.rolling.RollingFileAppender[FILE] - File property is set to [/tmp/application.log]
10:08:09,562 |-INFO in ch.qos.logback.classic.joran.action.RootLoggerAction - Setting level of ROOT logger to INFO
10:08:09,562 |-INFO in ch.qos.logback.core.joran.action.AppenderRefAction - Attaching appender named [STDOUT] to Logger[ROOT]
10:08:09,563 |-INFO in ch.qos.logback.core.joran.action.AppenderRefAction - Attaching appender named [FILE] to Logger[ROOT]
10:08:09,563 |-INFO in ch.qos.logback.classic.joran.action.ConfigurationAction - End of configuration.
10:08:09,563 |-INFO in ch.qos.logback.classic.joran.JoranConfigurator@c038203 - Registering current configuration as safe fallback point

10:08:09.571 [main] INFO  c.s.f.r.WorkerApplication  - Starting worker with workerConfig 'WorkerConfig{id='flamestream-benchmarks-worker-1', localAddress=flamestream-benchmarks-worker-1/10.0.0.31:5412, zkString='flamestream-benchmarks-manager:12181', snapshotPath='/home/ubuntu/flamestream/data', guarantees=AT_MOST_ONCE}'
10:08:10.993 [worker-akka.actor.default-dispatcher-6] INFO  a.e.s.Slf4jLogger  - Slf4jLogger started
2019-10-06T10:08:11.150+0000: 2.211: [Full GC (Metadata GC Threshold) 2019-10-06T10:08:11.150+0000: 2.211: [Tenured: 0K->13625K(1024000K), 0.0566767 secs] 139464K->13625K(1484800K), [Metaspace: 20219K->20219K(1067008K)], 0.0567740 secs] [Times: user=0.05 sys=0.01, real=0.06 secs] 
10:08:11.314 [worker-akka.actor.default-dispatcher-6] WARN  a.r.RemoteActorRefProvider akka.remote.RemoteActorRefProvider - Using the 'remote' ActorRefProvider directly, which is a low-level layer. For most use cases, the 'cluster' abstraction on top of remoting is more suitable instead.
10:08:11.323 [worker-akka.actor.default-dispatcher-6] WARN  a.r.RemoteActorRefProvider akka.remote.RemoteActorRefProvider - Akka Cluster not in use - Using Akka Cluster is recommended if you need remote watch and deploy.
10:08:11.442 [worker-akka.actor.default-dispatcher-6] INFO  a.r.a.a.ArteryAeronUdpTransport(akka://worker) akka.remote.artery.aeron.ArteryAeronUdpTransport(akka://worker) - Started embedded media driver in directory [/dev/shm/aeron-flamestream-benchmarks-worker-1]
10:08:11.474 [worker-akka.actor.default-dispatcher-6] WARN  a.r.a.a.ArteryAeronUdpTransport(akka://worker) akka.remote.artery.aeron.ArteryAeronUdpTransport(akka://worker) - Aeron CnC version mismatch: compiled version = 15, file version = 16
10:08:11.738 [worker-akka.actor.default-dispatcher-6] INFO  a.r.a.a.ArteryAeronUdpTransport(akka://worker) akka.remote.artery.aeron.ArteryAeronUdpTransport(akka://worker) - Remoting started with transport [Artery aeron-udp]; listening on address [akka://worker@flamestream-benchmarks-worker-1:5412] and bound to [akka://worker@0.0.0.0:5412] with UID [3858594757432452936]
10:08:12.296 [worker-akka.actor.default-dispatcher-6] WARN  a.s.Serialization(akka://worker) akka.serialization.Serialization(akka://worker) - Using serializer [com.romix.akka.serialization.kryo.KryoSerializer] for message [akka.actor.ActorSelectionMessage]. Note that this serializer is not implemented by Akka. It's not recommended to replace serializers for messages provided by Akka.
10:08:12.297 [worker-akka.actor.default-dispatcher-6] WARN  a.s.Serialization(akka://worker) akka.serialization.Serialization(akka://worker) - Using serializer [com.romix.akka.serialization.kryo.KryoSerializer] for message [akka.actor.ActorIdentity]. Note that this serializer is not implemented by Akka. It's not recommended to replace serializers for messages provided by Akka.
10:08:12.354 [worker-akka.actor.default-dispatcher-9] INFO  a.a.RepointableActorRef akka://worker/user/watcher - Starting...
10:08:12.505 [worker-akka.actor.default-dispatcher-6] INFO  o.a.c.u.Compatibility  - Running in ZooKeeper 3.4.x compatibility mode
10:08:12.565 [worker-akka.actor.default-dispatcher-6] INFO  o.a.c.f.i.CuratorFrameworkImpl  - Starting
10:08:12.589 [worker-akka.actor.default-dispatcher-6] INFO  o.a.z.ZooKeeper  - Client environment:zookeeper.version=3.4.14-4c25d480e66aadd371de8bd2fd8da255ac140bcf, built on 03/06/2019 16:18 GMT
10:08:12.591 [worker-akka.actor.default-dispatcher-6] INFO  o.a.z.ZooKeeper  - Client environment:host.name=flamestream-benchmarks-worker-1
10:08:12.591 [worker-akka.actor.default-dispatcher-6] INFO  o.a.z.ZooKeeper  - Client environment:java.version=1.8.0_222
10:08:12.591 [worker-akka.actor.default-dispatcher-6] INFO  o.a.z.ZooKeeper  - Client environment:java.vendor=Private Build
10:08:12.593 [worker-akka.actor.default-dispatcher-6] INFO  o.a.z.ZooKeeper  - Client environment:java.home=/usr/lib/jvm/java-8-openjdk-amd64/jre
10:08:12.594 [worker-akka.actor.default-dispatcher-6] INFO  o.a.z.ZooKeeper  - Client environment:java.class.path=lib/curator-framework-4.0.1.jar:lib/commons-csv-1.4.jar:lib/aeron-client-1.21.2.jar:lib/scala-library-2.12.9.jar:lib/asm-5.0.4.jar:lib/agrona-1.0.1.jar:lib/curator-recipes-4.0.1.jar:lib/akka-testkit_2.12-2.6.0-M6.jar:lib/flamestream-runtime-1.0-SNAPSHOT.jar:lib/slf4j-simple-2.0.0-alpha1.jar:lib/jsr305-3.0.2.jar:lib/trove4j-3.0.3.jar:lib/flamestream-core-1.0-SNAPSHOT.jar:lib/commons-io-2.4.jar:lib/minlog-1.3.0.jar:lib/kryonet-2.21.jar:lib/commons-1.4.9.jar:lib/jline-0.9.94.jar:lib/akka-remote_2.12-2.6.0-M6.jar:lib/leveldbjni-all-1.8.jar:lib/lz4-1.3.0.jar:lib/slf4j-api-1.7.24.jar:lib/scala-parser-combinators_2.12-1.1.2.jar:lib/flamestream-core-1.0-SNAPSHOT-tests.jar:lib/logback-core-1.2.3.jar:lib/netty-3.10.6.Final.jar:lib/protobuf-java-3.9.0.jar:lib/minlog-1.2.jar:lib/leveldb-api-0.7.jar:lib/jool-0.9.12.jar:lib/commons-cli-1.4.jar:lib/jblas-1.2.4.jar:lib/reflectasm-1.11.3.jar:lib/reflectasm-1.07-shaded.jar:lib/audience-annotations-0.5.0.jar:lib/jackson-annotations-2.9.6.jar:lib/commons-lang-2.6.jar:lib/ssl-config-core_2.12-0.3.8.jar:lib/annotations-13.0.jar:lib/logback-classic-1.2.3.jar:lib/guava-21.0.jar:lib/reactive-streams-1.0.2.jar:lib/spotbugs-annotations-3.1.9.jar:lib/leveldb-0.7.jar:lib/commons-pool2-2.4.2.jar:lib/rocksdbjni-5.5.1.jar:lib/jackson-core-2.9.9.jar:lib/jackson-databind-2.9.9.2.jar:lib/akka-protobuf-v3_2.12-2.6.0-M6.jar:lib/jackson-annotations-2.9.0.jar:lib/flamestream-examples-1.0-SNAPSHOT.jar:lib/objenesis-2.1.jar:lib/akka-kryo-serialization_2.12-0.5.2.jar:lib/scala-java8-compat_2.12-0.8.0.jar:lib/zookeeper-3.4.14.jar:lib/akka-slf4j_2.12-2.6.0-M6.jar:lib/kryo-4.0.0.jar:lib/akka-stream_2.12-2.6.0-M6.jar:lib/aeron-driver-1.21.2.jar:lib/config-1.3.1.jar:lib/annotations-12.0.jar:lib/jedis-2.9.0.jar:lib/jcommander-1.48.jar:lib/testng-6.10.jar:lib/akka-actor_2.12-2.6.0-M6.jar:lib/curator-client-4.0.1.jar:flamestream-runtime-1.0-SNAPSHOT.jar
10:08:12.594 [worker-akka.actor.default-dispatcher-6] INFO  o.a.z.ZooKeeper  - Client environment:java.library.path=/usr/java/packages/lib/amd64:/usr/lib/x86_64-linux-gnu/jni:/lib/x86_64-linux-gnu:/usr/lib/x86_64-linux-gnu:/usr/lib/jni:/lib:/usr/lib
10:08:12.595 [worker-akka.actor.default-dispatcher-6] INFO  o.a.z.ZooKeeper  - Client environment:java.io.tmpdir=/tmp
10:08:12.598 [worker-akka.actor.default-dispatcher-6] INFO  o.a.z.ZooKeeper  - Client environment:java.compiler=<NA>
10:08:12.599 [worker-akka.actor.default-dispatcher-6] INFO  o.a.z.ZooKeeper  - Client environment:os.name=Linux
10:08:12.599 [worker-akka.actor.default-dispatcher-6] INFO  o.a.z.ZooKeeper  - Client environment:os.arch=amd64
10:08:12.600 [worker-akka.actor.default-dispatcher-6] INFO  o.a.z.ZooKeeper  - Client environment:os.version=4.15.0-1040-gcp
10:08:12.600 [worker-akka.actor.default-dispatcher-6] INFO  o.a.z.ZooKeeper  - Client environment:user.name=ubuntu
10:08:12.600 [worker-akka.actor.default-dispatcher-6] INFO  o.a.z.ZooKeeper  - Client environment:user.home=/home/ubuntu
10:08:12.601 [worker-akka.actor.default-dispatcher-6] INFO  o.a.z.ZooKeeper  - Client environment:user.dir=/home/ubuntu/flamestream
10:08:12.605 [worker-akka.actor.default-dispatcher-6] INFO  o.a.z.ZooKeeper  - Initiating client connection, connectString=flamestream-benchmarks-manager:12181 sessionTimeout=60000 watcher=org.apache.curator.ConnectionState@76e26f57
10:08:12.659 [worker-akka.actor.default-dispatcher-6-SendThread(flamestream-benchmarks-manager:12181)] INFO  o.a.z.ClientCnxn  - Opening socket connection to server flamestream-benchmarks-manager/10.0.0.2:12181. Will not attempt to authenticate using SASL (unknown error)
10:08:12.662 [worker-akka.actor.default-dispatcher-6] INFO  o.a.c.f.i.CuratorFrameworkImpl  - Default schema
10:08:12.667 [worker-akka.actor.default-dispatcher-6-SendThread(flamestream-benchmarks-manager:12181)] INFO  o.a.z.ClientCnxn  - Socket connection established to flamestream-benchmarks-manager/10.0.0.2:12181, initiating session
10:08:12.722 [worker-akka.actor.default-dispatcher-6-SendThread(flamestream-benchmarks-manager:12181)] INFO  o.a.z.ClientCnxn  - Session establishment complete on server flamestream-benchmarks-manager/10.0.0.2:12181, sessionid = 0x10000db77ca0001, negotiated timeout = 60000
10:08:12.732 [worker-akka.actor.default-dispatcher-6-EventThread] INFO  o.a.c.f.s.ConnectionStateManager  - State change: CONNECTED
10:08:12.735 [worker-akka.actor.default-dispatcher-9] INFO  a.a.RepointableActorRef akka://worker/user/watcher - Initializing rocksDB backend
2019-10-06T10:08:13.524+0000: 4.585: [Full GC (Metadata GC Threshold) 2019-10-06T10:08:13.524+0000: 4.585: [Tenured: 13625K->25934K(1024000K), 0.1610085 secs] 161115K->25934K(1484800K), [Metaspace: 33696K->33696K(1079296K)], 0.1611353 secs] [Times: user=0.15 sys=0.02, real=0.16 secs] 
10:08:13.780 [worker-akka.actor.default-dispatcher-6] INFO  a.a.LocalActorRef akka://worker/user/watcher/processing-watcher - Starting...
10:08:13.807 [worker-akka.actor.default-dispatcher-9] INFO  a.a.LocalActorRef akka://worker/user/watcher/acker - Starting...
10:08:53.351 [Curator-PathChildrenCache-2] WARN  o.a.c.u.ZKPaths  - The version of ZooKeeper being used doesn't support Container nodes. CreateMode.PERSISTENT will be used instead.
10:08:53.442 [worker-akka.actor.default-dispatcher-6] INFO  a.a.LocalActorRef akka://worker/user/watcher/processing-watcher/$a - Starting...
10:08:53.460 [worker-akka.actor.default-dispatcher-11] INFO  a.a.LocalActorRef akka://worker/user/watcher/processing-watcher/$a - Stopped
10:08:59.850 [worker-akka.actor.default-dispatcher-13] INFO  a.a.LocalActorRef akka://worker/user/watcher/processing-watcher/$d/$a - Starting...
10:08:59.865 [worker-akka.actor.default-dispatcher-11] INFO  a.a.LocalActorRef akka://worker/user/watcher/processing-watcher/$d - Starting...
10:09:05.230 [worker-akka.actor.default-dispatcher-15] INFO  a.a.LocalActorRef akka://worker/user/watcher/processing-watcher/graph/graph - Starting...
10:09:09.095 [worker-akka.actor.default-dispatcher-11] INFO  a.a.LocalActorRef akka://worker/user/watcher/processing-watcher/graph/graph - Finishing constructor
10:09:09.098 [worker-akka.actor.default-dispatcher-9] INFO  a.a.LocalActorRef akka://worker/user/watcher/processing-watcher/graph/negotiator - Starting...
10:09:09.102 [worker-akka.actor.default-dispatcher-9] INFO  a.a.LocalActorRef akka://worker/user/watcher/processing-watcher/graph/edge - Starting...
10:09:09.108 [worker-akka.actor.default-dispatcher-6] INFO  a.a.LocalActorRef akka://worker/user/watcher/processing-watcher/graph - Starting FlameNode with config 'ClusterConfig{paths={flamestream-benchmarks-worker-85=akka://worker@flamestream-benchmarks-worker-85:5412/user/watcher/processing-watcher/graph, flamestream-benchmarks-worker-84=akka://worker@flamestream-benchmarks-worker-84:5412/user/watcher/processing-watcher/graph, flamestream-benchmarks-worker-83=akka://worker@flamestream-benchmarks-worker-83:5412/user/watcher/processing-watcher/graph, flamestream-benchmarks-worker-82=akka://worker@flamestream-benchmarks-worker-82:5412/user/watcher/processing-watcher/graph, flamestream-benchmarks-worker-81=akka://worker@flamestream-benchmarks-worker-81:5412/user/watcher/processing-watcher/graph, flamestream-benchmarks-worker-80=akka://worker@flamestream-benchmarks-worker-80:5412/user/watcher/processing-watcher/graph, flamestream-benchmarks-worker-1=akka://worker@flamestream-benchmarks-worker-1:5412/user/watcher/processing-watcher/graph, flamestream-benchmarks-worker-0=akka://worker@flamestream-benchmarks-worker-0:5412/user/watcher/processing-watcher/graph, flamestream-benchmarks-worker-89=akka://worker@flamestream-benchmarks-worker-89:5412/user/watcher/processing-watcher/graph, flamestream-benchmarks-worker-88=akka://worker@flamestream-benchmarks-worker-88:5412/user/watcher/processing-watcher/graph, flamestream-benchmarks-worker-87=akka://worker@flamestream-benchmarks-worker-87:5412/user/watcher/processing-watcher/graph, flamestream-benchmarks-worker-86=akka://worker@flamestream-benchmarks-worker-86:5412/user/watcher/processing-watcher/graph, flamestream-benchmarks-worker-96=akka://worker@flamestream-benchmarks-worker-96:5412/user/watcher/processing-watcher/graph, flamestream-benchmarks-worker-95=akka://worker@flamestream-benchmarks-worker-95:5412/user/watcher/processing-watcher/graph, flamestream-benchmarks-worker-94=akka://worker@flamestream-benchmarks-worker-94:5412/user/watcher/processing-watcher/graph, flamestream-benchmarks-worker-93=akka://worker@flamestream-benchmarks-worker-93:5412/user/watcher/processing-watcher/graph, flamestream-benchmarks-worker-92=akka://worker@flamestream-benchmarks-worker-92:5412/user/watcher/processing-watcher/graph, flamestream-benchmarks-worker-91=akka://worker@flamestream-benchmarks-worker-91:5412/user/watcher/processing-watcher/graph, flamestream-benchmarks-worker-90=akka://worker@flamestream-benchmarks-worker-90:5412/user/watcher/processing-watcher/graph, flamestream-benchmarks-worker-9=akka://worker@flamestream-benchmarks-worker-9:5412/user/watcher/processing-watcher/graph, flamestream-benchmarks-worker-8=akka://worker@flamestream-benchmarks-worker-8:5412/user/watcher/processing-watcher/graph, flamestream-benchmarks-worker-7=akka://worker@flamestream-benchmarks-worker-7:5412/user/watcher/processing-watcher/graph, flamestream-benchmarks-worker-6=akka://worker@flamestream-benchmarks-worker-6:5412/user/watcher/processing-watcher/graph, flamestream-benchmarks-worker-5=akka://worker@flamestream-benchmarks-worker-5:5412/user/watcher/processing-watcher/graph, flamestream-benchmarks-worker-19=akka://worker@flamestream-benchmarks-worker-19:5412/user/watcher/processing-watcher/graph, flamestream-benchmarks-worker-4=akka://worker@flamestream-benchmarks-worker-4:5412/user/watcher/processing-watcher/graph, flamestream-benchmarks-worker-18=akka://worker@flamestream-benchmarks-worker-18:5412/user/watcher/processing-watcher/graph, flamestream-benchmarks-worker-3=akka://worker@flamestream-benchmarks-worker-3:5412/user/watcher/processing-watcher/graph, flamestream-benchmarks-worker-17=akka://worker@flamestream-benchmarks-worker-17:5412/user/watcher/processing-watcher/graph, flamestream-benchmarks-worker-2=akka://worker@flamestream-benchmarks-worker-2:5412/user/watcher/processing-watcher/graph, flamestream-benchmarks-worker-16=akka://worker@flamestream-benchmarks-worker-16:5412/user/watcher/processing-watcher/graph, flamestream-benchmarks-worker-15=akka://worker@flamestream-benchmarks-worker-15:5412/user/watcher/processing-watcher/graph, flamestream-benchmarks-worker-14=akka://worker@flamestream-benchmarks-worker-14:5412/user/watcher/processing-watcher/graph, flamestream-benchmarks-worker-13=akka://worker@flamestream-benchmarks-worker-13:5412/user/watcher/processing-watcher/graph, flamestream-benchmarks-worker-12=akka://worker@flamestream-benchmarks-worker-12:5412/user/watcher/processing-watcher/graph, flamestream-benchmarks-worker-99=akka://worker@flamestream-benchmarks-worker-99:5412/user/watcher/processing-watcher/graph, flamestream-benchmarks-worker-11=akka://worker@flamestream-benchmarks-worker-11:5412/user/watcher/processing-watcher/graph, flamestream-benchmarks-worker-98=akka://worker@flamestream-benchmarks-worker-98:5412/user/watcher/processing-watcher/graph, flamestream-benchmarks-worker-10=akka://worker@flamestream-benchmarks-worker-10:5412/user/watcher/processing-watcher/graph, flamestream-benchmarks-worker-97=akka://worker@flamestream-benchmarks-worker-97:5412/user/watcher/processing-watcher/graph, flamestream-benchmarks-worker-63=akka://worker@flamestream-benchmarks-worker-63:5412/user/watcher/processing-watcher/graph, flamestream-benchmarks-worker-62=akka://worker@flamestream-benchmarks-worker-62:5412/user/watcher/processing-watcher/graph, flamestream-benchmarks-worker-61=akka://worker@flamestream-benchmarks-worker-61:5412/user/watcher/processing-watcher/graph, flamestream-benchmarks-worker-60=akka://worker@flamestream-benchmarks-worker-60:5412/user/watcher/processing-watcher/graph, flamestream-benchmarks-worker-69=akka://worker@flamestream-benchmarks-worker-69:5412/user/watcher/processing-watcher/graph, flamestream-benchmarks-worker-68=akka://worker@flamestream-benchmarks-worker-68:5412/user/watcher/processing-watcher/graph, flamestream-benchmarks-worker-67=akka://worker@flamestream-benchmarks-worker-67:5412/user/watcher/processing-watcher/graph, flamestream-benchmarks-worker-66=akka://worker@flamestream-benchmarks-worker-66:5412/user/watcher/processing-watcher/graph, flamestream-benchmarks-worker-65=akka://worker@flamestream-benchmarks-worker-65:5412/user/watcher/processing-watcher/graph, flamestream-benchmarks-worker-64=akka://worker@flamestream-benchmarks-worker-64:5412/user/watcher/processing-watcher/graph, flamestream-benchmarks-worker-74=akka://worker@flamestream-benchmarks-worker-74:5412/user/watcher/processing-watcher/graph, flamestream-benchmarks-worker-73=akka://worker@flamestream-benchmarks-worker-73:5412/user/watcher/processing-watcher/graph, flamestream-benchmarks-worker-72=akka://worker@flamestream-benchmarks-worker-72:5412/user/watcher/processing-watcher/graph, flamestream-benchmarks-worker-71=akka://worker@flamestream-benchmarks-worker-71:5412/user/watcher/processing-watcher/graph, flamestream-benchmarks-worker-70=akka://worker@flamestream-benchmarks-worker-70:5412/user/watcher/processing-watcher/graph, flamestream-benchmarks-worker-79=akka://worker@flamestream-benchmarks-worker-79:5412/user/watcher/processing-watcher/graph, flamestream-benchmarks-worker-78=akka://worker@flamestream-benchmarks-worker-78:5412/user/watcher/processing-watcher/graph, flamestream-benchmarks-worker-77=akka://worker@flamestream-benchmarks-worker-77:5412/user/watcher/processing-watcher/graph, flamestream-benchmarks-worker-76=akka://worker@flamestream-benchmarks-worker-76:5412/user/watcher/processing-watcher/graph, flamestream-benchmarks-worker-75=akka://worker@flamestream-benchmarks-worker-75:5412/user/watcher/processing-watcher/graph, flamestream-benchmarks-worker-41=akka://worker@flamestream-benchmarks-worker-41:5412/user/watcher/processing-watcher/graph, flamestream-benchmarks-worker-40=akka://worker@flamestream-benchmarks-worker-40:5412/user/watcher/processing-watcher/graph, flamestream-benchmarks-worker-49=akka://worker@flamestream-benchmarks-worker-49:5412/user/watcher/processing-watcher/graph, flamestream-benchmarks-worker-48=akka://worker@flamestream-benchmarks-worker-48:5412/user/watcher/processing-watcher/graph, flamestream-benchmarks-worker-47=akka://worker@flamestream-benchmarks-worker-47:5412/user/watcher/processing-watcher/graph, flamestream-benchmarks-worker-46=akka://worker@flamestream-benchmarks-worker-46:5412/user/watcher/processing-watcher/graph, flamestream-benchmarks-worker-45=akka://worker@flamestream-benchmarks-worker-45:5412/user/watcher/processing-watcher/graph, flamestream-benchmarks-worker-44=akka://worker@flamestream-benchmarks-worker-44:5412/user/watcher/processing-watcher/graph, flamestream-benchmarks-worker-43=akka://worker@flamestream-benchmarks-worker-43:5412/user/watcher/processing-watcher/graph, flamestream-benchmarks-worker-42=akka://worker@flamestream-benchmarks-worker-42:5412/user/watcher/processing-watcher/graph, flamestream-benchmarks-worker-52=akka://worker@flamestream-benchmarks-worker-52:5412/user/watcher/processing-watcher/graph, flamestream-benchmarks-worker-51=akka://worker@flamestream-benchmarks-worker-51:5412/user/watcher/processing-watcher/graph, flamestream-benchmarks-worker-50=akka://worker@flamestream-benchmarks-worker-50:5412/user/watcher/processing-watcher/graph, flamestream-benchmarks-worker-59=akka://worker@flamestream-benchmarks-worker-59:5412/user/watcher/processing-watcher/graph, flamestream-benchmarks-worker-58=akka://worker@flamestream-benchmarks-worker-58:5412/user/watcher/processing-watcher/graph, flamestream-benchmarks-worker-57=akka://worker@flamestream-benchmarks-worker-57:5412/user/watcher/processing-watcher/graph, flamestream-benchmarks-worker-56=akka://worker@flamestream-benchmarks-worker-56:5412/user/watcher/processing-watcher/graph, flamestream-benchmarks-worker-55=akka://worker@flamestream-benchmarks-worker-55:5412/user/watcher/processing-watcher/graph, flamestream-benchmarks-worker-54=akka://worker@flamestream-benchmarks-worker-54:5412/user/watcher/processing-watcher/graph, flamestream-benchmarks-worker-53=akka://worker@flamestream-benchmarks-worker-53:5412/user/watcher/processing-watcher/graph, flamestream-benchmarks-worker-29=akka://worker@flamestream-benchmarks-worker-29:5412/user/watcher/processing-watcher/graph, flamestream-benchmarks-worker-28=akka://worker@flamestream-benchmarks-worker-28:5412/user/watcher/processing-watcher/graph, flamestream-benchmarks-worker-27=akka://worker@flamestream-benchmarks-worker-27:5412/user/watcher/processing-watcher/graph, flamestream-benchmarks-worker-26=akka://worker@flamestream-benchmarks-worker-26:5412/user/watcher/processing-watcher/graph, flamestream-benchmarks-worker-25=akka://worker@flamestream-benchmarks-worker-25:5412/user/watcher/processing-watcher/graph, flamestream-benchmarks-worker-24=akka://worker@flamestream-benchmarks-worker-24:5412/user/watcher/processing-watcher/graph, flamestream-benchmarks-worker-23=akka://worker@flamestream-benchmarks-worker-23:5412/user/watcher/processing-watcher/graph, flamestream-benchmarks-worker-22=akka://worker@flamestream-benchmarks-worker-22:5412/user/watcher/processing-watcher/graph, flamestream-benchmarks-worker-21=akka://worker@flamestream-benchmarks-worker-21:5412/user/watcher/processing-watcher/graph, flamestream-benchmarks-worker-20=akka://worker@flamestream-benchmarks-worker-20:5412/user/watcher/processing-watcher/graph, flamestream-benchmarks-worker-30=akka://worker@flamestream-benchmarks-worker-30:5412/user/watcher/processing-watcher/graph, flamestream-benchmarks-worker-39=akka://worker@flamestream-benchmarks-worker-39:5412/user/watcher/processing-watcher/graph, flamestream-benchmarks-worker-38=akka://worker@flamestream-benchmarks-worker-38:5412/user/watcher/processing-watcher/graph, flamestream-benchmarks-worker-37=akka://worker@flamestream-benchmarks-worker-37:5412/user/watcher/processing-watcher/graph, flamestream-benchmarks-worker-36=akka://worker@flamestream-benchmarks-worker-36:5412/user/watcher/processing-watcher/graph, flamestream-benchmarks-worker-35=akka://worker@flamestream-benchmarks-worker-35:5412/user/watcher/processing-watcher/graph, flamestream-benchmarks-worker-34=akka://worker@flamestream-benchmarks-worker-34:5412/user/watcher/processing-watcher/graph, flamestream-benchmarks-worker-33=akka://worker@flamestream-benchmarks-worker-33:5412/user/watcher/processing-watcher/graph, flamestream-benchmarks-worker-32=akka://worker@flamestream-benchmarks-worker-32:5412/user/watcher/processing-watcher/graph, flamestream-benchmarks-worker-31=akka://worker@flamestream-benchmarks-worker-31:5412/user/watcher/processing-watcher/graph}}'
10:09:09.129 [worker-akka.actor.default-dispatcher-15] INFO  a.a.LocalActorRef akka://worker/user/watcher/processing-watcher/graph/negotiator - Requesting ticket for the frontClass FlameSocketGraphDeployerFront@flamestream-benchmarks-worker-1
10:09:09.169 [worker-akka.actor.default-dispatcher-13] INFO  a.a.LocalActorRef akka://worker/user/watcher/processing-watcher/graph/graph - Received last commit 'LastCommit{globalTime=(0000000, min@min)}'
10:09:09.220 [worker-akka.actor.default-dispatcher-15] INFO  c.s.f.r.e.s.SocketRear  - FlameSocketGraphDeployerRear@flamestream-benchmarks-worker-1: connecting to flamestream-benchmarks-manager:5678
10:09:09.239 [worker-akka.actor.default-dispatcher-13] INFO  a.a.LocalActorRef akka://worker/user/watcher/processing-watcher/graph/edge/FlameSocketGraphDeployerFront - Starting...
10:09:09.249 [worker-akka.actor.default-dispatcher-15] INFO  c.s.f.r.e.s.SocketRear  - FlameSocketGraphDeployerRear@flamestream-benchmarks-worker-1: connected to flamestream-benchmarks-manager:5678
10:09:09.251 [worker-akka.actor.default-dispatcher-15] INFO  a.a.LocalActorRef akka://worker/user/watcher/processing-watcher/graph/edge/FlameSocketGraphDeployerRear - Starting...
10:09:09.449 [worker-akka.actor.default-dispatcher-9] INFO  a.a.LocalActorRef akka://worker/user/watcher/processing-watcher/graph/graph/$a - Starting...
10:09:09.456 [worker-akka.actor.default-dispatcher-9] INFO  a.a.LocalActorRef akka://worker/user/watcher/processing-watcher/graph/graph/$b - Starting...
10:09:09.458 [worker-akka.actor.default-dispatcher-9] INFO  a.a.LocalActorRef akka://worker/user/watcher/processing-watcher/graph/graph/$c - Starting...
10:09:09.464 [worker-akka.actor.default-dispatcher-9] INFO  a.a.LocalActorRef akka://worker/user/watcher/processing-watcher/graph/graph/$d - Starting...
10:09:09.466 [worker-akka.actor.default-dispatcher-9] INFO  a.a.LocalActorRef akka://worker/user/watcher/processing-watcher/graph/graph/$e - Starting...
10:09:09.468 [worker-akka.actor.default-dispatcher-9] INFO  a.a.LocalActorRef akka://worker/user/watcher/processing-watcher/graph/graph/$f - Starting...
10:09:09.470 [worker-akka.actor.default-dispatcher-9] INFO  a.a.LocalActorRef akka://worker/user/watcher/processing-watcher/graph/graph/$g - Starting...
10:09:09.472 [worker-akka.actor.default-dispatcher-9] INFO  a.a.LocalActorRef akka://worker/user/watcher/processing-watcher/graph/graph/$h - Starting...
10:09:09.473 [worker-akka.actor.default-dispatcher-15] INFO  a.a.LocalActorRef akka://worker/user/watcher/processing-watcher/graph/graph/$i - Starting...
10:09:09.475 [worker-akka.actor.default-dispatcher-9] INFO  a.a.LocalActorRef akka://worker/user/watcher/processing-watcher/graph/graph/$j - Starting...
10:09:09.477 [worker-akka.actor.default-dispatcher-9] INFO  a.a.LocalActorRef akka://worker/user/watcher/processing-watcher/graph/graph/$k - Starting...
10:09:09.479 [worker-akka.actor.default-dispatcher-9] INFO  a.a.LocalActorRef akka://worker/user/watcher/processing-watcher/graph/graph/$l - Starting...
10:09:09.488 [worker-akka.actor.default-dispatcher-9] INFO  a.a.LocalActorRef akka://worker/user/watcher/processing-watcher/graph/graph/$m - Starting...
10:09:09.511 [worker-akka.actor.default-dispatcher-9] INFO  a.a.LocalActorRef akka://worker/user/watcher/processing-watcher/graph/graph/$n - Starting...
10:09:09.517 [worker-akka.actor.default-dispatcher-9] INFO  a.a.LocalActorRef akka://worker/user/watcher/processing-watcher/graph/negotiator - Ticket for the frontClass received: FrontTicket{allowedTimestamp=(0000000, FlameSocketGraphDeployerFront@flamestream-benchmarks-worker-1)}
10:09:09.518 [worker-akka.actor.default-dispatcher-9] INFO  a.a.LocalActorRef akka://worker/user/watcher/processing-watcher/graph/graph/$o - Starting...
10:09:09.525 [worker-akka.actor.default-dispatcher-9] INFO  c.s.f.r.e.s.SocketFront  - FlameSocketGraphDeployerFront@flamestream-benchmarks-worker-1: connecting to flamestream-benchmarks-manager:4567
10:09:09.533 [worker-akka.actor.default-dispatcher-15] INFO  a.a.LocalActorRef akka://worker/user/watcher/processing-watcher/graph/graph/$m - Attached rear to graph (-9223372036854775808, min@min)
10:09:09.533 [worker-akka.actor.default-dispatcher-15] INFO  a.a.LocalActorRef akka://worker/user/watcher/processing-watcher/graph/graph/$p - Starting...
10:09:09.534 [worker-akka.actor.default-dispatcher-15] INFO  a.a.LocalActorRef akka://worker/user/watcher/processing-watcher/graph/graph/$q - Starting...
10:09:09.534 [worker-akka.actor.default-dispatcher-15] INFO  a.a.LocalActorRef akka://worker/user/watcher/processing-watcher/graph/graph/$r - Starting...
10:09:09.534 [worker-akka.actor.default-dispatcher-15] INFO  a.a.LocalActorRef akka://worker/user/watcher/processing-watcher/graph/graph/$s - Starting...
10:09:09.534 [worker-akka.actor.default-dispatcher-15] INFO  a.a.LocalActorRef akka://worker/user/watcher/processing-watcher/graph/graph/$t - Starting...
10:09:09.534 [worker-akka.actor.default-dispatcher-13] INFO  a.a.LocalActorRef akka://worker/user/watcher/processing-watcher/graph/graph/$v - Starting...
10:09:09.535 [worker-akka.actor.default-dispatcher-13] INFO  a.a.LocalActorRef akka://worker/user/watcher/processing-watcher/graph/graph/$w - Starting...
10:09:09.535 [worker-akka.actor.default-dispatcher-13] INFO  a.a.LocalActorRef akka://worker/user/watcher/processing-watcher/graph/graph/$x - Starting...
10:09:09.538 [worker-akka.actor.default-dispatcher-11] INFO  a.a.LocalActorRef akka://worker/user/watcher/processing-watcher/graph/graph/$y - Starting...
10:09:09.538 [worker-akka.actor.default-dispatcher-11] INFO  a.a.LocalActorRef akka://worker/user/watcher/processing-watcher/graph/graph/$u - Starting...
10:09:09.538 [worker-akka.actor.default-dispatcher-11] INFO  a.a.LocalActorRef akka://worker/user/watcher/processing-watcher/graph/graph/$z - Starting...
10:09:09.540 [worker-akka.actor.default-dispatcher-13] INFO  a.a.LocalActorRef akka://worker/user/watcher/processing-watcher/graph/graph/$B - Starting...
10:09:09.540 [worker-akka.actor.default-dispatcher-13] INFO  a.a.LocalActorRef akka://worker/user/watcher/processing-watcher/graph/graph/$A - Starting...
10:09:09.542 [worker-akka.actor.default-dispatcher-13] INFO  a.a.LocalActorRef akka://worker/user/watcher/processing-watcher/graph/graph/$D - Starting...
10:09:09.542 [worker-akka.actor.default-dispatcher-13] INFO  a.a.LocalActorRef akka://worker/user/watcher/processing-watcher/graph/graph/$C - Starting...
10:09:09.542 [worker-akka.actor.default-dispatcher-13] INFO  a.a.LocalActorRef akka://worker/user/watcher/processing-watcher/graph/graph/$E - Starting...
10:09:09.542 [worker-akka.actor.default-dispatcher-13] INFO  a.a.LocalActorRef akka://worker/user/watcher/processing-watcher/graph/graph/$F - Starting...
10:09:09.543 [worker-akka.actor.default-dispatcher-13] INFO  a.a.LocalActorRef akka://worker/user/watcher/processing-watcher/graph/graph/$G - Starting...
10:09:09.548 [worker-akka.actor.default-dispatcher-13] INFO  a.a.LocalActorRef akka://worker/user/watcher/processing-watcher/graph/graph/$I - Starting...
10:09:09.554 [worker-akka.actor.default-dispatcher-13] INFO  a.a.LocalActorRef akka://worker/user/watcher/processing-watcher/graph/graph/$J - Starting...
10:09:09.554 [worker-akka.actor.default-dispatcher-13] INFO  a.a.LocalActorRef akka://worker/user/watcher/processing-watcher/graph/graph/$H - Starting...
10:09:09.554 [worker-akka.actor.default-dispatcher-13] INFO  a.a.LocalActorRef akka://worker/user/watcher/processing-watcher/graph/graph/$K - Starting...
10:09:09.554 [worker-akka.actor.default-dispatcher-13] INFO  a.a.LocalActorRef akka://worker/user/watcher/processing-watcher/graph/graph/$L - Starting...
10:09:09.554 [worker-akka.actor.default-dispatcher-13] INFO  a.a.LocalActorRef akka://worker/user/watcher/processing-watcher/graph/graph/$M - Starting...
10:09:09.554 [worker-akka.actor.default-dispatcher-13] INFO  a.a.LocalActorRef akka://worker/user/watcher/processing-watcher/graph/graph/$N - Starting...
10:09:09.554 [worker-akka.actor.default-dispatcher-13] INFO  a.a.LocalActorRef akka://worker/user/watcher/processing-watcher/graph/graph/$O - Starting...
10:09:09.554 [worker-akka.actor.default-dispatcher-13] INFO  a.a.LocalActorRef akka://worker/user/watcher/processing-watcher/graph/graph/$Q - Starting...
10:09:09.555 [worker-akka.actor.default-dispatcher-13] INFO  a.a.LocalActorRef akka://worker/user/watcher/processing-watcher/graph/graph/$R - Starting...
10:09:09.555 [worker-akka.actor.default-dispatcher-13] INFO  a.a.LocalActorRef akka://worker/user/watcher/processing-watcher/graph/graph/$S - Starting...
10:09:09.555 [worker-akka.actor.default-dispatcher-11] INFO  a.a.LocalActorRef akka://worker/user/watcher/processing-watcher/graph/graph/$T - Starting...
10:09:09.560 [worker-akka.actor.default-dispatcher-13] INFO  a.a.LocalActorRef akka://worker/user/watcher/processing-watcher/graph/graph/$U - Starting...
10:09:09.563 [worker-akka.actor.default-dispatcher-15] INFO  a.a.LocalActorRef akka://worker/user/watcher/processing-watcher/graph/graph/$V - Starting...
10:09:09.569 [worker-akka.actor.default-dispatcher-13] INFO  a.a.LocalActorRef akka://worker/user/watcher/processing-watcher/graph/graph/$P - Starting...
10:09:09.569 [worker-akka.actor.default-dispatcher-13] INFO  a.a.LocalActorRef akka://worker/user/watcher/processing-watcher/graph/graph/$X - Starting...
10:09:09.570 [worker-akka.actor.default-dispatcher-13] INFO  a.a.LocalActorRef akka://worker/user/watcher/processing-watcher/graph/graph/$Y - Starting...
10:09:09.570 [worker-akka.actor.default-dispatcher-13] INFO  a.a.LocalActorRef akka://worker/user/watcher/processing-watcher/graph/graph/$Z - Starting...
10:09:09.570 [worker-akka.actor.default-dispatcher-13] INFO  a.a.LocalActorRef akka://worker/user/watcher/processing-watcher/graph/graph/$0 - Starting...
10:09:09.570 [worker-akka.actor.default-dispatcher-13] INFO  a.a.LocalActorRef akka://worker/user/watcher/processing-watcher/graph/graph/$1 - Starting...
10:09:09.573 [worker-akka.actor.default-dispatcher-13] INFO  a.a.LocalActorRef akka://worker/user/watcher/processing-watcher/graph/graph/$2 - Starting...
10:09:09.574 [worker-akka.actor.default-dispatcher-13] INFO  a.a.LocalActorRef akka://worker/user/watcher/processing-watcher/graph/graph/$W - Starting...
10:09:09.574 [worker-akka.actor.default-dispatcher-13] INFO  a.a.LocalActorRef akka://worker/user/watcher/processing-watcher/graph/graph/$3 - Starting...
10:09:09.574 [worker-akka.actor.default-dispatcher-13] INFO  a.a.LocalActorRef akka://worker/user/watcher/processing-watcher/graph/graph/$4 - Starting...
10:09:09.574 [worker-akka.actor.default-dispatcher-13] INFO  a.a.LocalActorRef akka://worker/user/watcher/processing-watcher/graph/graph/$5 - Starting...
10:09:09.574 [worker-akka.actor.default-dispatcher-15] INFO  a.a.LocalActorRef akka://worker/user/watcher/processing-watcher/graph/graph/$6 - Starting...
10:09:09.574 [worker-akka.actor.default-dispatcher-15] INFO  a.a.LocalActorRef akka://worker/user/watcher/processing-watcher/graph/graph/$7 - Starting...
10:09:09.574 [worker-akka.actor.default-dispatcher-15] INFO  a.a.LocalActorRef akka://worker/user/watcher/processing-watcher/graph/graph/$8 - Starting...
10:09:09.576 [worker-akka.actor.default-dispatcher-13] INFO  a.a.LocalActorRef akka://worker/user/watcher/processing-watcher/graph/graph/$+ - Starting...
10:09:09.576 [worker-akka.actor.default-dispatcher-13] INFO  a.a.LocalActorRef akka://worker/user/watcher/processing-watcher/graph/graph/$~ - Starting...
10:09:09.576 [worker-akka.actor.default-dispatcher-13] INFO  a.a.LocalActorRef akka://worker/user/watcher/processing-watcher/graph/graph/$ab - Starting...
10:09:09.576 [worker-akka.actor.default-dispatcher-13] INFO  a.a.LocalActorRef akka://worker/user/watcher/processing-watcher/graph/graph/$bb - Starting...
10:09:09.576 [worker-akka.actor.default-dispatcher-13] INFO  a.a.LocalActorRef akka://worker/user/watcher/processing-watcher/graph/graph/$cb - Starting...
10:09:09.576 [worker-akka.actor.default-dispatcher-15] INFO  a.a.LocalActorRef akka://worker/user/watcher/processing-watcher/graph/graph/$db - Starting...
10:09:09.576 [worker-akka.actor.default-dispatcher-15] INFO  a.a.LocalActorRef akka://worker/user/watcher/processing-watcher/graph/graph/$eb - Starting...
10:09:09.576 [worker-akka.actor.default-dispatcher-15] INFO  a.a.LocalActorRef akka://worker/user/watcher/processing-watcher/graph/graph/$fb - Starting...
10:09:09.576 [worker-akka.actor.default-dispatcher-15] INFO  a.a.LocalActorRef akka://worker/user/watcher/processing-watcher/graph/graph/$gb - Starting...
10:09:09.577 [worker-akka.actor.default-dispatcher-15] INFO  a.a.LocalActorRef akka://worker/user/watcher/processing-watcher/graph/graph/$hb - Starting...
10:09:09.584 [worker-akka.actor.default-dispatcher-13] INFO  a.a.LocalActorRef akka://worker/user/watcher/processing-watcher/graph/graph/$9 - Starting...
10:09:09.584 [worker-akka.actor.default-dispatcher-13] INFO  a.a.LocalActorRef akka://worker/user/watcher/processing-watcher/graph/graph/$jb - Starting...
10:09:09.585 [worker-akka.actor.default-dispatcher-13] INFO  a.a.LocalActorRef akka://worker/user/watcher/processing-watcher/graph/graph/$kb - Starting...
10:09:09.585 [worker-akka.actor.default-dispatcher-13] INFO  a.a.LocalActorRef akka://worker/user/watcher/processing-watcher/graph/graph/$lb - Starting...
10:09:09.586 [worker-akka.actor.default-dispatcher-13] INFO  a.a.LocalActorRef akka://worker/user/watcher/processing-watcher/graph/graph/$mb - Starting...
10:09:09.586 [worker-akka.actor.default-dispatcher-13] INFO  a.a.LocalActorRef akka://worker/user/watcher/processing-watcher/graph/graph/$nb - Starting...
10:09:09.586 [worker-akka.actor.default-dispatcher-13] INFO  a.a.LocalActorRef akka://worker/user/watcher/processing-watcher/graph/graph/$ob - Starting...
10:09:09.589 [worker-akka.actor.default-dispatcher-15] INFO  a.a.LocalActorRef akka://worker/user/watcher/processing-watcher/graph/graph/$pb - Starting...
10:09:09.589 [worker-akka.actor.default-dispatcher-15] INFO  a.a.LocalActorRef akka://worker/user/watcher/processing-watcher/graph/graph/$ib - Starting...
10:09:09.589 [worker-akka.actor.default-dispatcher-15] INFO  a.a.LocalActorRef akka://worker/user/watcher/processing-watcher/graph/graph/$qb - Starting...
10:09:09.589 [worker-akka.actor.default-dispatcher-15] INFO  a.a.LocalActorRef akka://worker/user/watcher/processing-watcher/graph/graph/$rb - Starting...
10:09:09.589 [worker-akka.actor.default-dispatcher-15] INFO  a.a.LocalActorRef akka://worker/user/watcher/processing-watcher/graph/graph/$sb - Starting...
10:09:09.589 [worker-akka.actor.default-dispatcher-15] INFO  a.a.LocalActorRef akka://worker/user/watcher/processing-watcher/graph/graph/$tb - Starting...
10:09:09.589 [worker-akka.actor.default-dispatcher-15] INFO  a.a.LocalActorRef akka://worker/user/watcher/processing-watcher/graph/graph/$ub - Starting...
10:09:09.590 [worker-akka.actor.default-dispatcher-15] INFO  a.a.LocalActorRef akka://worker/user/watcher/processing-watcher/graph/graph/$vb - Starting...
10:09:09.590 [worker-akka.actor.default-dispatcher-15] INFO  a.a.LocalActorRef akka://worker/user/watcher/processing-watcher/graph/graph/$wb - Starting...
10:09:09.590 [worker-akka.actor.default-dispatcher-15] INFO  a.a.LocalActorRef akka://worker/user/watcher/processing-watcher/graph/graph/$xb - Starting...
10:09:09.590 [worker-akka.actor.default-dispatcher-15] INFO  a.a.LocalActorRef akka://worker/user/watcher/processing-watcher/graph/graph/$yb - Starting...
10:09:09.594 [worker-akka.actor.default-dispatcher-13] INFO  a.a.LocalActorRef akka://worker/user/watcher/processing-watcher/graph/graph/$Ab - Starting...
10:09:09.594 [worker-akka.actor.default-dispatcher-13] INFO  a.a.LocalActorRef akka://worker/user/watcher/processing-watcher/graph/graph/$Bb - Starting...
10:09:09.594 [worker-akka.actor.default-dispatcher-13] INFO  a.a.LocalActorRef akka://worker/user/watcher/processing-watcher/graph/graph/$Cb - Starting...
10:09:09.595 [worker-akka.actor.default-dispatcher-13] INFO  a.a.LocalActorRef akka://worker/user/watcher/processing-watcher/graph/graph/$Db - Starting...
10:09:09.602 [worker-akka.actor.default-dispatcher-13] INFO  a.a.LocalActorRef akka://worker/user/watcher/processing-watcher/graph/graph/$Eb - Starting...
10:09:09.602 [worker-akka.actor.default-dispatcher-13] INFO  a.a.LocalActorRef akka://worker/user/watcher/processing-watcher/graph/graph/$zb - Starting...
10:09:09.602 [worker-akka.actor.default-dispatcher-13] INFO  a.a.LocalActorRef akka://worker/user/watcher/processing-watcher/graph/graph/$Fb - Starting...
10:09:09.602 [worker-akka.actor.default-dispatcher-13] INFO  a.a.LocalActorRef akka://worker/user/watcher/processing-watcher/graph/graph/$Gb - Starting...
10:09:09.603 [worker-akka.actor.default-dispatcher-13] INFO  a.a.LocalActorRef akka://worker/user/watcher/processing-watcher/graph/graph/$Hb - Starting...
10:09:09.603 [worker-akka.actor.default-dispatcher-16] INFO  a.a.LocalActorRef akka://worker/user/watcher/processing-watcher/graph/graph/$Ib - Starting...
10:09:09.603 [worker-akka.actor.default-dispatcher-16] INFO  a.a.LocalActorRef akka://worker/user/watcher/processing-watcher/graph/graph/$Jb - Starting...
10:09:09.603 [worker-akka.actor.default-dispatcher-16] INFO  a.a.LocalActorRef akka://worker/user/watcher/processing-watcher/graph/graph/$Kb - Starting...
10:09:09.603 [worker-akka.actor.default-dispatcher-16] INFO  a.a.LocalActorRef akka://worker/user/watcher/processing-watcher/graph/graph/$Lb - Starting...
10:09:09.604 [worker-akka.actor.default-dispatcher-13] INFO  a.a.LocalActorRef akka://worker/user/watcher/processing-watcher/graph/graph/$Nb - Starting...
10:09:09.606 [worker-akka.actor.default-dispatcher-13] INFO  a.a.LocalActorRef akka://worker/user/watcher/processing-watcher/graph/graph/$Mb - Starting...
10:09:09.629 [Client] INFO  c.s.f.r.e.s.SocketFront  - FlameSocketGraphDeployerFront@flamestream-benchmarks-worker-1 has been disconnected from Connection 2
10:09:09.637 [worker-akka.actor.default-dispatcher-9] INFO  a.a.LocalActorRef akka://worker/user/watcher/acker - Unregistering front FlameSocketGraphDeployerFront@flamestream-benchmarks-worker-1
10:09:09.720 [worker-akka.actor.default-dispatcher-9] INFO  a.a.LocalActorRef akka://worker/user/watcher/acker - Unregistering front FlameSocketGraphDeployerFront@flamestream-benchmarks-worker-2
10:09:12.723 [worker-akka.actor.default-dispatcher-9] INFO  a.a.LocalActorRef akka://worker/user/watcher/acker - Unregistering front FlameSocketGraphDeployerFront@flamestream-benchmarks-worker-0
2019-10-06T10:09:47.761+0000: 98.822: [GC (Allocation Failure) 2019-10-06T10:09:47.761+0000: 98.822: [DefNew: 409600K->44690K(460800K), 0.1157972 secs] 435534K->90156K(1484800K), 0.1159156 secs] [Times: user=0.06 sys=0.06, real=0.12 secs] 
2019-10-06T10:09:50.890+0000: 101.951: [GC (Allocation Failure) 2019-10-06T10:09:50.891+0000: 101.951: [DefNew: 454290K->195K(460800K), 0.0660911 secs] 499756K->87537K(1484800K), 0.0662006 secs] [Times: user=0.04 sys=0.03, real=0.07 secs] 
2019-10-06T10:09:53.785+0000: 104.846: [GC (Allocation Failure) 2019-10-06T10:09:53.785+0000: 104.846: [DefNew: 409795K->280K(460800K), 0.0041561 secs] 497137K->87622K(1484800K), 0.0042527 secs] [Times: user=0.01 sys=0.00, real=0.00 secs] 
2019-10-06T10:09:56.199+0000: 107.260: [GC (Allocation Failure) 2019-10-06T10:09:56.200+0000: 107.260: [DefNew: 409880K->185K(460800K), 0.0037421 secs] 497222K->87527K(1484800K), 0.0038396 secs] [Times: user=0.00 sys=0.00, real=0.01 secs] 
2019-10-06T10:09:59.659+0000: 110.720: [GC (Allocation Failure) 2019-10-06T10:09:59.659+0000: 110.720: [DefNew: 409785K->185K(460800K), 0.0037767 secs] 497127K->87527K(1484800K), 0.0038719 secs] [Times: user=0.00 sys=0.00, real=0.00 secs] 
2019-10-06T10:10:02.805+0000: 113.866: [GC (Allocation Failure) 2019-10-06T10:10:02.805+0000: 113.866: [DefNew: 409785K->190K(460800K), 0.0041918 secs] 497127K->87533K(1484800K), 0.0042947 secs] [Times: user=0.00 sys=0.00, real=0.00 secs] 
2019-10-06T10:10:05.265+0000: 116.326: [GC (Allocation Failure) 2019-10-06T10:10:05.266+0000: 116.326: [DefNew: 409790K->204K(460800K), 0.0037433 secs] 497133K->87546K(1484800K), 0.0038460 secs] [Times: user=0.00 sys=0.00, real=0.00 secs] 
2019-10-06T10:10:08.178+0000: 119.238: [GC (Allocation Failure) 2019-10-06T10:10:08.178+0000: 119.238: [DefNew: 409804K->227K(460800K), 0.0038680 secs] 497146K->87569K(1484800K), 0.0039679 secs] [Times: user=0.00 sys=0.00, real=0.00 secs] 
2019-10-06T10:10:11.275+0000: 122.337: [GC (Allocation Failure) 2019-10-06T10:10:11.276+0000: 122.337: [DefNew: 409827K->209K(460800K), 0.0037535 secs] 497169K->87551K(1484800K), 0.0052173 secs] [Times: user=0.00 sys=0.00, real=0.01 secs] 
2019-10-06T10:10:14.873+0000: 125.934: [GC (Allocation Failure) 2019-10-06T10:10:14.873+0000: 125.934: [DefNew: 409809K->542K(460800K), 0.0052174 secs] 497151K->87884K(1484800K), 0.0053169 secs] [Times: user=0.01 sys=0.00, real=0.01 secs] 
2019-10-06T10:10:17.758+0000: 128.818: [GC (Allocation Failure) 2019-10-06T10:10:17.758+0000: 128.818: [DefNew: 410142K->483K(460800K), 0.0041278 secs] 497484K->87826K(1484800K), 0.0042237 secs] [Times: user=0.00 sys=0.00, real=0.00 secs] 
2019-10-06T10:10:21.542+0000: 132.603: [GC (Allocation Failure) 2019-10-06T10:10:21.542+0000: 132.603: [DefNew: 410083K->567K(460800K), 0.0041933 secs] 497426K->87909K(1484800K), 0.0042931 secs] [Times: user=0.00 sys=0.00, real=0.01 secs] 
2019-10-06T10:10:24.512+0000: 135.573: [GC (Allocation Failure) 2019-10-06T10:10:24.512+0000: 135.573: [DefNew: 410167K->626K(460800K), 0.0042728 secs] 497509K->87968K(1484800K), 0.0043607 secs] [Times: user=0.01 sys=0.00, real=0.01 secs] 
2019-10-06T10:10:27.819+0000: 138.880: [GC (Allocation Failure) 2019-10-06T10:10:27.819+0000: 138.880: [DefNew: 410226K->695K(460800K), 0.0049533 secs] 497568K->88037K(1484800K), 0.0050595 secs] [Times: user=0.00 sys=0.00, real=0.01 secs] 
2019-10-06T10:10:31.017+0000: 142.078: [GC (Allocation Failure) 2019-10-06T10:10:31.017+0000: 142.078: [DefNew: 410295K->766K(460800K), 0.0046133 secs] 497637K->88108K(1484800K), 0.0047159 secs] [Times: user=0.01 sys=0.00, real=0.00 secs] 
2019-10-06T10:10:34.229+0000: 145.290: [GC (Allocation Failure) 2019-10-06T10:10:34.229+0000: 145.290: [DefNew: 410366K->821K(460800K), 0.0047735 secs] 497708K->88163K(1484800K), 0.0048650 secs] [Times: user=0.01 sys=0.00, real=0.00 secs] 
2019-10-06T10:10:37.435+0000: 148.496: [GC (Allocation Failure) 2019-10-06T10:10:37.435+0000: 148.496: [DefNew: 410421K->806K(460800K), 0.0046646 secs] 497763K->88199K(1484800K), 0.0047644 secs] [Times: user=0.00 sys=0.00, real=0.00 secs] 
2019-10-06T10:10:40.480+0000: 151.541: [GC (Allocation Failure) 2019-10-06T10:10:40.480+0000: 151.541: [DefNew: 410406K->776K(460800K), 0.0044094 secs] 497799K->88189K(1484800K), 0.0045147 secs] [Times: user=0.00 sys=0.00, real=0.01 secs] 
2019-10-06T10:10:43.577+0000: 154.638: [GC (Allocation Failure) 2019-10-06T10:10:43.577+0000: 154.638: [DefNew: 410376K->772K(460800K), 0.0043715 secs] 497789K->88189K(1484800K), 0.0044694 secs] [Times: user=0.00 sys=0.00, real=0.00 secs] 
2019-10-06T10:10:46.605+0000: 157.666: [GC (Allocation Failure) 2019-10-06T10:10:46.605+0000: 157.666: [DefNew: 410372K->770K(460800K), 0.0044563 secs] 497789K->88189K(1484800K), 0.0045539 secs] [Times: user=0.00 sys=0.00, real=0.00 secs] 
2019-10-06T10:10:49.650+0000: 160.711: [GC (Allocation Failure) 2019-10-06T10:10:49.650+0000: 160.711: [DefNew: 410370K->759K(460800K), 0.0044391 secs] 497789K->88184K(1484800K), 0.0045450 secs] [Times: user=0.00 sys=0.00, real=0.00 secs] 
2019-10-06T10:10:52.700+0000: 163.760: [GC (Allocation Failure) 2019-10-06T10:10:52.700+0000: 163.760: [DefNew: 410359K->765K(460800K), 0.0044178 secs] 497784K->88190K(1484800K), 0.0045148 secs] [Times: user=0.01 sys=0.00, real=0.01 secs] 
2019-10-06T10:10:55.750+0000: 166.811: [GC (Allocation Failure) 2019-10-06T10:10:55.750+0000: 166.811: [DefNew: 410365K->773K(460800K), 0.0046300 secs] 497790K->88199K(1484800K), 0.0047496 secs] [Times: user=0.00 sys=0.00, real=0.00 secs] 
2019-10-06T10:10:58.797+0000: 169.858: [GC (Allocation Failure) 2019-10-06T10:10:58.797+0000: 169.858: [DefNew: 410373K->759K(460800K), 0.0045662 secs] 497799K->88190K(1484800K), 0.0046716 secs] [Times: user=0.00 sys=0.00, real=0.00 secs] 
2019-10-06T10:11:01.868+0000: 172.929: [GC (Allocation Failure) 2019-10-06T10:11:01.868+0000: 172.929: [DefNew: 410359K->532K(460800K), 0.0045344 secs] 497790K->88194K(1484800K), 0.0046381 secs] [Times: user=0.00 sys=0.00, real=0.00 secs] 
2019-10-06T10:11:04.907+0000: 175.968: [GC (Allocation Failure) 2019-10-06T10:11:04.907+0000: 175.968: [DefNew: 410132K->471K(460800K), 0.0042547 secs] 497794K->88191K(1484800K), 0.0043535 secs] [Times: user=0.00 sys=0.00, real=0.00 secs] 
2019-10-06T10:11:07.927+0000: 178.988: [GC (Allocation Failure) 2019-10-06T10:11:07.927+0000: 178.988: [DefNew: 410071K->388K(460800K), 0.0040165 secs] 497791K->88203K(1484800K), 0.0041079 secs] [Times: user=0.00 sys=0.01, real=0.00 secs] 
2019-10-06T10:11:10.987+0000: 182.048: [GC (Allocation Failure) 2019-10-06T10:11:10.987+0000: 182.048: [DefNew: 409988K->326K(460800K), 0.0039898 secs] 497803K->88190K(1484800K), 0.0040800 secs] [Times: user=0.00 sys=0.00, real=0.00 secs] 
2019-10-06T10:11:14.130+0000: 185.191: [GC (Allocation Failure) 2019-10-06T10:11:14.130+0000: 185.191: [DefNew: 409926K->498K(460800K), 0.0046290 secs] 497790K->88425K(1484800K), 0.0047335 secs] [Times: user=0.01 sys=0.00, real=0.00 secs] 
2019-10-06T10:11:17.330+0000: 188.391: [GC (Allocation Failure) 2019-10-06T10:11:17.331+0000: 188.391: [DefNew: 410098K->471K(460800K), 0.0044130 secs] 498025K->88465K(1484800K), 0.0045133 secs] [Times: user=0.01 sys=0.00, real=0.00 secs] 
2019-10-06T10:11:20.553+0000: 191.614: [GC (Allocation Failure) 2019-10-06T10:11:20.553+0000: 191.614: [DefNew: 410071K->437K(460800K), 0.0044556 secs] 498065K->88494K(1484800K), 0.0045552 secs] [Times: user=0.00 sys=0.00, real=0.01 secs] 
2019-10-06T10:11:23.783+0000: 194.844: [GC (Allocation Failure) 2019-10-06T10:11:23.783+0000: 194.844: [DefNew: 410037K->448K(460800K), 0.0043438 secs] 498094K->88531K(1484800K), 0.0044644 secs] [Times: user=0.00 sys=0.00, real=0.01 secs] 
2019-10-06T10:11:26.961+0000: 198.022: [GC (Allocation Failure) 2019-10-06T10:11:26.961+0000: 198.022: [DefNew: 410048K->512K(460800K), 0.0040099 secs] 498131K->88595K(1484800K), 0.0041091 secs] [Times: user=0.00 sys=0.00, real=0.01 secs] 
2019-10-06T10:11:30.355+0000: 201.416: [GC (Allocation Failure) 2019-10-06T10:11:30.355+0000: 201.416: [DefNew: 410112K->529K(460800K), 0.0040165 secs] 498195K->88612K(1484800K), 0.0041246 secs] [Times: user=0.00 sys=0.00, real=0.01 secs] 
2019-10-06T10:11:33.508+0000: 204.569: [GC (Allocation Failure) 2019-10-06T10:11:33.508+0000: 204.569: [DefNew: 410129K->615K(460800K), 0.0043279 secs] 498212K->88698K(1484800K), 0.0044360 secs] [Times: user=0.00 sys=0.00, real=0.00 secs] 
2019-10-06T10:11:36.672+0000: 207.733: [GC (Allocation Failure) 2019-10-06T10:11:36.672+0000: 207.733: [DefNew: 410215K->672K(460800K), 0.0045096 secs] 498298K->88755K(1484800K), 0.0046071 secs] [Times: user=0.01 sys=0.00, real=0.01 secs] 
2019-10-06T10:11:39.706+0000: 210.767: [GC (Allocation Failure) 2019-10-06T10:11:39.706+0000: 210.767: [DefNew: 410272K->656K(460800K), 0.0042025 secs] 498355K->88739K(1484800K), 0.0043038 secs] [Times: user=0.01 sys=0.00, real=0.00 secs] 
2019-10-06T10:11:42.746+0000: 213.807: [GC (Allocation Failure) 2019-10-06T10:11:42.746+0000: 213.807: [DefNew: 410256K->657K(460800K), 0.0041747 secs] 498339K->88740K(1484800K), 0.0042706 secs] [Times: user=0.00 sys=0.00, real=0.00 secs] 
2019-10-06T10:11:45.886+0000: 216.947: [GC (Allocation Failure) 2019-10-06T10:11:45.886+0000: 216.947: [DefNew: 410257K->668K(460800K), 0.0042546 secs] 498340K->88752K(1484800K), 0.0043540 secs] [Times: user=0.00 sys=0.00, real=0.00 secs] 
2019-10-06T10:11:48.976+0000: 220.036: [GC (Allocation Failure) 2019-10-06T10:11:48.976+0000: 220.036: [DefNew: 410268K->657K(460800K), 0.0042925 secs] 498352K->88741K(1484800K), 0.0043829 secs] [Times: user=0.00 sys=0.00, real=0.00 secs] 
2019-10-06T10:11:52.104+0000: 223.165: [GC (Allocation Failure) 2019-10-06T10:11:52.104+0000: 223.165: [DefNew: 410257K->660K(460800K), 0.0041842 secs] 498341K->88744K(1484800K), 0.0042860 secs] [Times: user=0.00 sys=0.00, real=0.00 secs] 
2019-10-06T10:11:55.152+0000: 226.212: [GC (Allocation Failure) 2019-10-06T10:11:55.152+0000: 226.212: [DefNew: 410260K->680K(460800K), 0.0042776 secs] 498344K->88764K(1484800K), 0.0043852 secs] [Times: user=0.00 sys=0.00, real=0.01 secs] 
2019-10-06T10:11:58.192+0000: 229.253: [GC (Allocation Failure) 2019-10-06T10:11:58.192+0000: 229.253: [DefNew: 410280K->645K(460800K), 0.0040539 secs] 498364K->88729K(1484800K), 0.0041335 secs] [Times: user=0.01 sys=0.00, real=0.01 secs] 
2019-10-06T10:12:01.251+0000: 232.312: [GC (Allocation Failure) 2019-10-06T10:12:01.251+0000: 232.312: [DefNew: 410245K->450K(460800K), 0.0044560 secs] 498329K->88741K(1484800K), 0.0045597 secs] [Times: user=0.00 sys=0.00, real=0.01 secs] 
2019-10-06T10:12:04.287+0000: 235.348: [GC (Allocation Failure) 2019-10-06T10:12:04.287+0000: 235.348: [DefNew: 410050K->414K(460800K), 0.0042218 secs] 498341K->88741K(1484800K), 0.0043517 secs] [Times: user=0.00 sys=0.01, real=0.00 secs] 
2019-10-06T10:12:07.330+0000: 238.391: [GC (Allocation Failure) 2019-10-06T10:12:07.330+0000: 238.391: [DefNew: 410014K->372K(460800K), 0.0040424 secs] 498341K->88752K(1484800K), 0.0041337 secs] [Times: user=0.00 sys=0.00, real=0.00 secs] 
2019-10-06T10:12:10.375+0000: 241.435: [GC (Allocation Failure) 2019-10-06T10:12:10.375+0000: 241.435: [DefNew: 409972K->304K(460800K), 0.0043721 secs] 498352K->88740K(1484800K), 0.0044718 secs] [Times: user=0.00 sys=0.00, real=0.01 secs] 
2019-10-06T10:12:13.433+0000: 244.494: [GC (Allocation Failure) 2019-10-06T10:12:13.433+0000: 244.494: [DefNew: 409904K->450K(460800K), 0.0042909 secs] 498340K->88940K(1484800K), 0.0043921 secs] [Times: user=0.01 sys=0.00, real=0.01 secs] 
2019-10-06T10:12:16.558+0000: 247.618: [GC (Allocation Failure) 2019-10-06T10:12:16.558+0000: 247.619: [DefNew: 410050K->471K(460800K), 0.0041669 secs] 498540K->88983K(1484800K), 0.0042607 secs] [Times: user=0.00 sys=0.00, real=0.00 secs] 
2019-10-06T10:12:19.779+0000: 250.840: [GC (Allocation Failure) 2019-10-06T10:12:19.779+0000: 250.840: [DefNew: 410071K->463K(460800K), 0.0048230 secs] 498583K->89038K(1484800K), 0.0049352 secs] [Times: user=0.00 sys=0.01, real=0.01 secs] 
2019-10-06T10:12:22.884+0000: 253.945: [GC (Allocation Failure) 2019-10-06T10:12:22.884+0000: 253.945: [DefNew: 410063K->445K(460800K), 0.0041595 secs] 498638K->89074K(1484800K), 0.0042524 secs] [Times: user=0.00 sys=0.00, real=0.00 secs] 
2019-10-06T10:12:26.072+0000: 257.133: [GC (Allocation Failure) 2019-10-06T10:12:26.072+0000: 257.133: [DefNew: 410045K->458K(460800K), 0.0039181 secs] 498674K->89092K(1484800K), 0.0040098 secs] [Times: user=0.01 sys=0.00, real=0.01 secs] 
2019-10-06T10:12:29.177+0000: 260.238: [GC (Allocation Failure) 2019-10-06T10:12:29.177+0000: 260.238: [DefNew: 410058K->506K(460800K), 0.0041622 secs] 498692K->89140K(1484800K), 0.0042509 secs] [Times: user=0.01 sys=0.00, real=0.00 secs] 
2019-10-06T10:12:32.276+0000: 263.337: [GC (Allocation Failure) 2019-10-06T10:12:32.276+0000: 263.337: [DefNew: 410106K->541K(460800K), 0.0040752 secs] 498740K->89176K(1484800K), 0.0041717 secs] [Times: user=0.00 sys=0.00, real=0.00 secs] 
2019-10-06T10:12:35.540+0000: 266.601: [GC (Allocation Failure) 2019-10-06T10:12:35.540+0000: 266.601: [DefNew: 410141K->595K(460800K), 0.0043466 secs] 498776K->89229K(1484800K), 0.0044514 secs] [Times: user=0.01 sys=0.00, real=0.01 secs] 
2019-10-06T10:12:38.621+0000: 269.682: [GC (Allocation Failure) 2019-10-06T10:12:38.621+0000: 269.682: [DefNew: 410195K->584K(460800K), 0.0042396 secs] 498829K->89218K(1484800K), 0.0043484 secs] [Times: user=0.01 sys=0.00, real=0.01 secs] 
2019-10-06T10:12:41.684+0000: 272.745: [GC (Allocation Failure) 2019-10-06T10:12:41.684+0000: 272.745: [DefNew: 410184K->584K(460800K), 0.0039561 secs] 498818K->89218K(1484800K), 0.0040686 secs] [Times: user=0.01 sys=0.00, real=0.00 secs] 
2019-10-06T10:12:44.706+0000: 275.767: [GC (Allocation Failure) 2019-10-06T10:12:44.706+0000: 275.767: [DefNew: 410184K->584K(460800K), 0.0040552 secs] 498818K->89219K(1484800K), 0.0041603 secs] [Times: user=0.00 sys=0.00, real=0.00 secs] 
2019-10-06T10:12:47.748+0000: 278.808: [GC (Allocation Failure) 2019-10-06T10:12:47.748+0000: 278.808: [DefNew: 410184K->584K(460800K), 0.0042758 secs] 498819K->89218K(1484800K), 0.0043825 secs] [Times: user=0.00 sys=0.00, real=0.00 secs] 
2019-10-06T10:12:50.792+0000: 281.853: [GC (Allocation Failure) 2019-10-06T10:12:50.792+0000: 281.853: [DefNew: 410184K->585K(460800K), 0.0042075 secs] 498818K->89219K(1484800K), 0.0043106 secs] [Times: user=0.00 sys=0.00, real=0.01 secs] 
2019-10-06T10:12:53.846+0000: 284.907: [GC (Allocation Failure) 2019-10-06T10:12:53.846+0000: 284.907: [DefNew: 410185K->584K(460800K), 0.0040750 secs] 498819K->89219K(1484800K), 0.0041685 secs] [Times: user=0.00 sys=0.00, real=0.00 secs] 
2019-10-06T10:12:56.880+0000: 287.941: [GC (Allocation Failure) 2019-10-06T10:12:56.880+0000: 287.941: [DefNew: 410184K->584K(460800K), 0.0043328 secs] 498819K->89218K(1484800K), 0.0044422 secs] [Times: user=0.01 sys=0.00, real=0.01 secs] 
2019-10-06T10:12:59.931+0000: 290.992: [GC (Allocation Failure) 2019-10-06T10:12:59.932+0000: 290.992: [DefNew: 410184K->399K(460800K), 0.0042111 secs] 498818K->89223K(1484800K), 0.0043032 secs] [Times: user=0.01 sys=0.00, real=0.01 secs] 
2019-10-06T10:13:02.991+0000: 294.052: [GC (Allocation Failure) 2019-10-06T10:13:02.991+0000: 294.052: [DefNew: 409999K->331K(460800K), 0.0039752 secs] 498823K->89207K(1484800K), 0.0040751 secs] [Times: user=0.01 sys=0.00, real=0.01 secs] 
2019-10-06T10:13:05.915+0000: 296.976: [GC (Allocation Failure) 2019-10-06T10:13:05.915+0000: 296.976: [DefNew: 409931K->288K(460800K), 0.0039914 secs] 498807K->89220K(1484800K), 0.0041145 secs] [Times: user=0.00 sys=0.00, real=0.01 secs] 
2019-10-06T10:13:08.597+0000: 299.658: [GC (Allocation Failure) 2019-10-06T10:13:08.597+0000: 299.658: [DefNew: 409888K->251K(460800K), 0.0038613 secs] 498820K->89218K(1484800K), 0.0039834 secs] [Times: user=0.00 sys=0.00, real=0.00 secs] 
2019-10-06T10:13:11.286+0000: 302.347: [GC (Allocation Failure) 2019-10-06T10:13:11.286+0000: 302.347: [DefNew: 409851K->382K(460800K), 0.0041799 secs] 498818K->89368K(1484800K), 0.0042763 secs] [Times: user=0.01 sys=0.00, real=0.00 secs] 
2019-10-06T10:13:14.012+0000: 305.074: [GC (Allocation Failure) 2019-10-06T10:13:14.013+0000: 305.074: [DefNew: 409982K->227K(460800K), 0.0043762 secs] 498968K->89272K(1484800K), 0.0057885 secs] [Times: user=0.00 sys=0.00, real=0.01 secs] 
2019-10-06T10:13:16.766+0000: 307.826: [GC (Allocation Failure) 2019-10-06T10:13:16.766+0000: 307.826: [DefNew: 409827K->229K(460800K), 0.0041126 secs] 498872K->89299K(1484800K), 0.0042273 secs] [Times: user=0.01 sys=0.00, real=0.00 secs] 
2019-10-06T10:13:19.412+0000: 310.473: [GC (Allocation Failure) 2019-10-06T10:13:19.412+0000: 310.473: [DefNew: 409829K->224K(460800K), 0.0040758 secs] 498899K->89332K(1484800K), 0.0041699 secs] [Times: user=0.01 sys=0.00, real=0.01 secs] 
2019-10-06T10:13:22.354+0000: 313.415: [GC (Allocation Failure) 2019-10-06T10:13:22.355+0000: 313.415: [DefNew: 409824K->312K(460800K), 0.0041702 secs] 498932K->89425K(1484800K), 0.0042587 secs] [Times: user=0.01 sys=0.00, real=0.01 secs] 
2019-10-06T10:13:25.053+0000: 316.115: [GC (Allocation Failure) 2019-10-06T10:13:25.054+0000: 316.115: [DefNew: 409912K->260K(460800K), 0.0039318 secs] 499025K->89372K(1484800K), 0.0053789 secs] [Times: user=0.01 sys=0.00, real=0.01 secs] 
2019-10-06T10:13:27.666+0000: 318.727: [GC (Allocation Failure) 2019-10-06T10:13:27.666+0000: 318.727: [DefNew: 409860K->292K(460800K), 0.0039920 secs] 498972K->89405K(1484800K), 0.0040819 secs] [Times: user=0.00 sys=0.00, real=0.00 secs] 
2019-10-06T10:13:30.311+0000: 321.372: [GC (Allocation Failure) 2019-10-06T10:13:30.311+0000: 321.372: [DefNew: 409892K->321K(460800K), 0.0044473 secs] 499005K->89433K(1484800K), 0.0045419 secs] [Times: user=0.00 sys=0.00, real=0.01 secs] 
2019-10-06T10:13:33.109+0000: 324.169: [GC (Allocation Failure) 2019-10-06T10:13:33.109+0000: 324.169: [DefNew: 409921K->375K(460800K), 0.0043175 secs] 499033K->89487K(1484800K), 0.0044122 secs] [Times: user=0.00 sys=0.00, real=0.00 secs] 
2019-10-06T10:13:35.772+0000: 326.834: [GC (Allocation Failure) 2019-10-06T10:13:35.773+0000: 326.834: [DefNew: 409975K->379K(460800K), 0.0044653 secs] 499087K->89491K(1484800K), 0.0061166 secs] [Times: user=0.01 sys=0.00, real=0.01 secs] 
2019-10-06T10:13:38.526+0000: 329.586: [GC (Allocation Failure) 2019-10-06T10:13:38.526+0000: 329.586: [DefNew: 409979K->371K(460800K), 0.0040032 secs] 499091K->89484K(1484800K), 0.0040980 secs] [Times: user=0.00 sys=0.00, real=0.00 secs] 
2019-10-06T10:13:41.129+0000: 332.192: [GC (Allocation Failure) 2019-10-06T10:13:41.131+0000: 332.192: [DefNew: 409971K->383K(460800K), 0.0044726 secs] 499084K->89495K(1484800K), 0.0063049 secs] [Times: user=0.01 sys=0.00, real=0.01 secs] 
2019-10-06T10:13:43.998+0000: 335.059: [GC (Allocation Failure) 2019-10-06T10:13:43.998+0000: 335.059: [DefNew: 409983K->431K(460800K), 0.0040276 secs] 499095K->89543K(1484800K), 0.0041291 secs] [Times: user=0.00 sys=0.00, real=0.00 secs] 
2019-10-06T10:13:46.736+0000: 337.797: [GC (Allocation Failure) 2019-10-06T10:13:46.736+0000: 337.797: [DefNew: 410031K->567K(460800K), 0.0043083 secs] 499143K->89679K(1484800K), 0.0044220 secs] [Times: user=0.00 sys=0.00, real=0.00 secs] 
2019-10-06T10:13:49.465+0000: 340.526: [GC (Allocation Failure) 2019-10-06T10:13:49.465+0000: 340.526: [DefNew: 410167K->382K(460800K), 0.0039259 secs] 499279K->89494K(1484800K), 0.0040232 secs] [Times: user=0.00 sys=0.00, real=0.00 secs] 
2019-10-06T10:13:51.989+0000: 343.051: [GC (Allocation Failure) 2019-10-06T10:13:51.990+0000: 343.051: [DefNew: 409982K->420K(460800K), 0.0043523 secs] 499094K->89533K(1484800K), 0.0057571 secs] [Times: user=0.01 sys=0.00, real=0.00 secs] 
2019-10-06T10:13:54.559+0000: 345.620: [GC (Allocation Failure) 2019-10-06T10:13:54.559+0000: 345.620: [DefNew: 410020K->336K(460800K), 0.0039212 secs] 499133K->89501K(1484800K), 0.0040537 secs] [Times: user=0.00 sys=0.00, real=0.01 secs] 
2019-10-06T10:13:57.162+0000: 348.224: [GC (Allocation Failure) 2019-10-06T10:13:57.163+0000: 348.224: [DefNew: 409936K->319K(460800K), 0.0041741 secs] 499101K->89512K(1484800K), 0.0056062 secs] [Times: user=0.00 sys=0.00, real=0.01 secs] 
2019-10-06T10:13:59.824+0000: 350.885: [GC (Allocation Failure) 2019-10-06T10:13:59.824+0000: 350.885: [DefNew: 409919K->277K(460800K), 0.0038332 secs] 499112K->89501K(1484800K), 0.0039249 secs] [Times: user=0.00 sys=0.00, real=0.00 secs] 
2019-10-06T10:14:02.476+0000: 353.536: [GC (Allocation Failure) 2019-10-06T10:14:02.476+0000: 353.537: [DefNew: 409877K->268K(460800K), 0.0039878 secs] 499101K->89522K(1484800K), 0.0040779 secs] [Times: user=0.01 sys=0.00, real=0.00 secs] 
2019-10-06T10:14:05.126+0000: 356.187: [GC (Allocation Failure) 2019-10-06T10:14:05.126+0000: 356.187: [DefNew: 409868K->235K(460800K), 0.0037782 secs] 499122K->89502K(1484800K), 0.0038843 secs] [Times: user=0.01 sys=0.00, real=0.00 secs] 
2019-10-06T10:14:07.833+0000: 358.896: [GC (Allocation Failure) 2019-10-06T10:14:07.835+0000: 358.896: [DefNew: 409835K->218K(460800K), 0.0041928 secs] 499102K->89517K(1484800K), 0.0058412 secs] [Times: user=0.00 sys=0.00, real=0.01 secs] 
2019-10-06T10:14:10.560+0000: 361.621: [GC (Allocation Failure) 2019-10-06T10:14:10.560+0000: 361.621: [DefNew: 409818K->177K(460800K), 0.0038578 secs] 499117K->89503K(1484800K), 0.0039521 secs] [Times: user=0.00 sys=0.00, real=0.01 secs] 
2019-10-06T10:14:13.586+0000: 364.646: [GC (Allocation Failure) 2019-10-06T10:14:13.586+0000: 364.646: [DefNew: 409777K->345K(460800K), 0.0044716 secs] 499103K->89713K(1484800K), 0.0045840 secs] [Times: user=0.01 sys=0.00, real=0.00 secs] 
2019-10-06T10:14:16.070+0000: 367.131: [GC (Allocation Failure) 2019-10-06T10:14:16.070+0000: 367.131: [DefNew: 409945K->347K(460800K), 0.0039967 secs] 499313K->89733K(1484800K), 0.0040997 secs] [Times: user=0.01 sys=0.00, real=0.00 secs] 
2019-10-06T10:14:18.592+0000: 369.654: [GC (Allocation Failure) 2019-10-06T10:14:18.594+0000: 369.654: [DefNew: 409947K->372K(460800K), 0.0042207 secs] 499333K->89761K(1484800K), 0.0057128 secs] [Times: user=0.01 sys=0.00, real=0.01 secs] 
2019-10-06T10:14:21.286+0000: 372.347: [GC (Allocation Failure) 2019-10-06T10:14:21.286+0000: 372.347: [DefNew: 409972K->406K(460800K), 0.0043014 secs] 499361K->89796K(1484800K), 0.0044008 secs] [Times: user=0.00 sys=0.00, real=0.00 secs] 
2019-10-06T10:14:25.072+0000: 376.133: [GC (Allocation Failure) 2019-10-06T10:14:25.072+0000: 376.133: [DefNew: 410006K->413K(460800K), 0.0084924 secs] 499396K->89802K(1484800K), 0.0085906 secs] [Times: user=0.01 sys=0.00, real=0.01 secs] 
2019-10-06T10:14:27.226+0000: 378.287: [GC (Allocation Failure) 2019-10-06T10:14:27.226+0000: 378.287: [DefNew: 410013K->436K(460800K), 0.0039350 secs] 499402K->89825K(1484800K), 0.0040278 secs] [Times: user=0.01 sys=0.00, real=0.00 secs] 
2019-10-06T10:14:30.545+0000: 381.606: [GC (Allocation Failure) 2019-10-06T10:14:30.546+0000: 381.606: [DefNew: 410036K->467K(460800K), 0.0083782 secs] 499425K->89857K(1484800K), 0.0084670 secs] [Times: user=0.01 sys=0.00, real=0.00 secs] 
2019-10-06T10:14:32.923+0000: 383.984: [GC (Allocation Failure) 2019-10-06T10:14:32.924+0000: 383.984: [DefNew: 410067K->481K(460800K), 0.0041474 secs] 499457K->89870K(1484800K), 0.0042425 secs] [Times: user=0.00 sys=0.00, real=0.00 secs] 
2019-10-06T10:14:35.200+0000: 386.261: [GC (Allocation Failure) 2019-10-06T10:14:35.200+0000: 386.261: [DefNew: 410081K->518K(460800K), 0.0041172 secs] 499470K->89908K(1484800K), 0.0042117 secs] [Times: user=0.01 sys=0.00, real=0.01 secs] 
2019-10-06T10:14:37.644+0000: 388.705: [GC (Allocation Failure) 2019-10-06T10:14:37.644+0000: 388.705: [DefNew: 410118K->567K(460800K), 0.0042251 secs] 499508K->89957K(1484800K), 0.0043296 secs] [Times: user=0.00 sys=0.00, real=0.00 secs] 
2019-10-06T10:14:40.390+0000: 391.451: [GC (Allocation Failure) 2019-10-06T10:14:40.390+0000: 391.451: [DefNew: 410167K->551K(460800K), 0.0043246 secs] 499557K->89947K(1484800K), 0.0044245 secs] [Times: user=0.01 sys=0.00, real=0.00 secs] 
2019-10-06T10:14:43.330+0000: 394.391: [GC (Allocation Failure) 2019-10-06T10:14:43.330+0000: 394.391: [DefNew: 410151K->526K(460800K), 0.0046470 secs] 499547K->89923K(1484800K), 0.0047559 secs] [Times: user=0.00 sys=0.00, real=0.00 secs] 
2019-10-06T10:14:46.158+0000: 397.219: [GC (Allocation Failure) 2019-10-06T10:14:46.158+0000: 397.219: [DefNew: 410126K->537K(460800K), 0.0042650 secs] 499523K->89933K(1484800K), 0.0043658 secs] [Times: user=0.00 sys=0.00, real=0.00 secs] 
2019-10-06T10:14:48.551+0000: 399.613: [GC (Allocation Failure) 2019-10-06T10:14:48.552+0000: 399.613: [DefNew: 410137K->537K(460800K), 0.0043341 secs] 499533K->89934K(1484800K), 0.0060196 secs] [Times: user=0.01 sys=0.00, real=0.01 secs] 
2019-10-06T10:14:51.250+0000: 402.311: [GC (Allocation Failure) 2019-10-06T10:14:51.250+0000: 402.311: [DefNew: 410137K->543K(460800K), 0.0041884 secs] 499534K->89939K(1484800K), 0.0042745 secs] [Times: user=0.01 sys=0.00, real=0.00 secs] 
2019-10-06T10:14:53.965+0000: 405.027: [GC (Allocation Failure) 2019-10-06T10:14:53.966+0000: 405.027: [DefNew: 410143K->319K(460800K), 0.0044217 secs] 499539K->89926K(1484800K), 0.0056612 secs] [Times: user=0.01 sys=0.00, real=0.00 secs] 
2019-10-06T10:14:56.506+0000: 407.567: [GC (Allocation Failure) 2019-10-06T10:14:56.506+0000: 407.567: [DefNew: 409919K->344K(460800K), 0.0040527 secs] 499526K->89972K(1484800K), 0.0041465 secs] [Times: user=0.00 sys=0.00, real=0.00 secs] 
2019-10-06T10:14:59.158+0000: 410.221: [GC (Allocation Failure) 2019-10-06T10:14:59.160+0000: 410.221: [DefNew: 409944K->278K(460800K), 0.0040002 secs] 499572K->89933K(1484800K), 0.0055003 secs] [Times: user=0.00 sys=0.00, real=0.01 secs] 
2019-10-06T10:15:01.965+0000: 413.025: [GC (Allocation Failure) 2019-10-06T10:15:01.965+0000: 413.025: [DefNew: 409878K->267K(460800K), 0.0040174 secs] 499533K->89949K(1484800K), 0.0041131 secs] [Times: user=0.00 sys=0.00, real=0.00 secs] 
2019-10-06T10:15:04.541+0000: 415.602: [GC (Allocation Failure) 2019-10-06T10:15:04.541+0000: 415.602: [DefNew: 409867K->252K(460800K), 0.0039384 secs] 499549K->89949K(1484800K), 0.0040465 secs] [Times: user=0.01 sys=0.00, real=0.01 secs] 
2019-10-06T10:15:07.159+0000: 418.221: [GC (Allocation Failure) 2019-10-06T10:15:07.161+0000: 418.222: [DefNew: 409852K->275K(460800K), 0.0042870 secs] 499549K->90006K(1484800K), 0.0059741 secs] [Times: user=0.00 sys=0.00, real=0.01 secs] 
2019-10-06T10:15:09.830+0000: 420.891: [GC (Allocation Failure) 2019-10-06T10:15:09.830+0000: 420.891: [DefNew: 409875K->189K(460800K), 0.0038346 secs] 499606K->89940K(1484800K), 0.0039274 secs] [Times: user=0.01 sys=0.00, real=0.00 secs] 
2019-10-06T10:15:12.618+0000: 423.678: [GC (Allocation Failure) 2019-10-06T10:15:12.618+0000: 423.678: [DefNew: 409789K->215K(460800K), 0.0040369 secs] 499540K->89980K(1484800K), 0.0041368 secs] [Times: user=0.01 sys=0.00, real=0.00 secs] 
2019-10-06T10:15:15.392+0000: 426.453: [GC (Allocation Failure) 2019-10-06T10:15:15.392+0000: 426.453: [DefNew: 409815K->205K(460800K), 0.0040032 secs] 499580K->90008K(1484800K), 0.0040924 secs] [Times: user=0.01 sys=0.00, real=0.01 secs] 
2019-10-06T10:15:17.978+0000: 429.040: [GC (Allocation Failure) 2019-10-06T10:15:17.980+0000: 429.040: [DefNew: 409805K->196K(460800K), 0.0040691 secs] 499608K->90024K(1484800K), 0.0055323 secs] [Times: user=0.00 sys=0.00, real=0.01 secs] 
2019-10-06T10:15:20.687+0000: 431.748: [GC (Allocation Failure) 2019-10-06T10:15:20.687+0000: 431.748: [DefNew: 409795K->211K(460800K), 0.0038435 secs] 499623K->90039K(1484800K), 0.0039437 secs] [Times: user=0.00 sys=0.00, real=0.00 secs] 
2019-10-06T10:15:23.338+0000: 434.400: [GC (Allocation Failure) 2019-10-06T10:15:23.339+0000: 434.400: [DefNew: 409811K->228K(460800K), 0.0040579 secs] 499639K->90056K(1484800K), 0.0055432 secs] [Times: user=0.00 sys=0.00, real=0.01 secs] 
2019-10-06T10:15:26.033+0000: 437.094: [GC (Allocation Failure) 2019-10-06T10:15:26.033+0000: 437.094: [DefNew: 409828K->247K(460800K), 0.0039025 secs] 499656K->90075K(1484800K), 0.0040046 secs] [Times: user=0.00 sys=0.00, real=0.01 secs] 
2019-10-06T10:15:28.750+0000: 439.812: [GC (Allocation Failure) 2019-10-06T10:15:28.751+0000: 439.812: [DefNew: 409847K->258K(460800K), 0.0040583 secs] 499675K->90086K(1484800K), 0.0053402 secs] [Times: user=0.00 sys=0.00, real=0.01 secs] 
2019-10-06T10:15:31.416+0000: 442.477: [GC (Allocation Failure) 2019-10-06T10:15:31.416+0000: 442.477: [DefNew: 409858K->348K(460800K), 0.0039833 secs] 499686K->90176K(1484800K), 0.0040732 secs] [Times: user=0.01 sys=0.00, real=0.00 secs] 
2019-10-06T10:15:34.128+0000: 445.193: [GC (Allocation Failure) 2019-10-06T10:15:34.132+0000: 445.193: [DefNew: 409948K->291K(460800K), 0.0041312 secs] 499776K->90119K(1484800K), 0.0083634 secs] [Times: user=0.01 sys=0.00, real=0.01 secs] 
2019-10-06T10:15:36.876+0000: 447.937: [GC (Allocation Failure) 2019-10-06T10:15:36.876+0000: 447.937: [DefNew: 409891K->304K(460800K), 0.0040323 secs] 499719K->90132K(1484800K), 0.0041243 secs] [Times: user=0.01 sys=0.00, real=0.00 secs] 
2019-10-06T10:15:39.578+0000: 450.639: [GC (Allocation Failure) 2019-10-06T10:15:39.578+0000: 450.639: [DefNew: 409904K->317K(460800K), 0.0039768 secs] 499732K->90145K(1484800K), 0.0040675 secs] [Times: user=0.01 sys=0.00, real=0.00 secs] 
2019-10-06T10:15:42.501+0000: 453.561: [GC (Allocation Failure) 2019-10-06T10:15:42.501+0000: 453.561: [DefNew: 409917K->364K(460800K), 0.0040105 secs] 499745K->90191K(1484800K), 0.0041095 secs] [Times: user=0.01 sys=0.00, real=0.01 secs] 
2019-10-06T10:15:45.044+0000: 456.106: [GC (Allocation Failure) 2019-10-06T10:15:45.045+0000: 456.106: [DefNew: 409964K->368K(460800K), 0.0040499 secs] 499791K->90196K(1484800K), 0.0054121 secs] [Times: user=0.01 sys=0.00, real=0.00 secs] 
2019-10-06T10:15:47.719+0000: 458.780: [GC (Allocation Failure) 2019-10-06T10:15:47.719+0000: 458.780: [DefNew: 409968K->316K(460800K), 0.0037998 secs] 499796K->90143K(1484800K), 0.0038878 secs] [Times: user=0.00 sys=0.01, real=0.01 secs] 
2019-10-06T10:15:50.339+0000: 461.399: [GC (Allocation Failure) 2019-10-06T10:15:50.339+0000: 461.399: [DefNew: 409916K->316K(460800K), 0.0040360 secs] 499743K->90144K(1484800K), 0.0041493 secs] [Times: user=0.00 sys=0.00, real=0.00 secs] 
2019-10-06T10:15:52.957+0000: 464.018: [GC (Allocation Failure) 2019-10-06T10:15:52.957+0000: 464.018: [DefNew: 409916K->288K(460800K), 0.0041696 secs] 499744K->90174K(1484800K), 0.0042694 secs] [Times: user=0.01 sys=0.00, real=0.00 secs] 
2019-10-06T10:15:55.640+0000: 466.702: [GC (Allocation Failure) 2019-10-06T10:15:55.642+0000: 466.703: [DefNew: 409888K->267K(460800K), 0.0043169 secs] 499774K->90170K(1484800K), 0.0057572 secs] [Times: user=0.00 sys=0.00, real=0.01 secs] 
2019-10-06T10:15:58.373+0000: 469.434: [GC (Allocation Failure) 2019-10-06T10:15:58.373+0000: 469.434: [DefNew: 409867K->265K(460800K), 0.0039969 secs] 499770K->90183K(1484800K), 0.0040904 secs] [Times: user=0.01 sys=0.00, real=0.01 secs] 
2019-10-06T10:16:01.103+0000: 472.165: [GC (Allocation Failure) 2019-10-06T10:16:01.104+0000: 472.165: [DefNew: 409865K->237K(460800K), 0.0039098 secs] 499783K->90171K(1484800K), 0.0054005 secs] [Times: user=0.01 sys=0.00, real=0.01 secs] 
2019-10-06T10:16:03.651+0000: 474.712: [GC (Allocation Failure) 2019-10-06T10:16:03.651+0000: 474.712: [DefNew: 409837K->217K(460800K), 0.0038346 secs] 499771K->90167K(1484800K), 0.0039233 secs] [Times: user=0.00 sys=0.00, real=0.00 secs] 
2019-10-06T10:16:06.353+0000: 477.414: [GC (Allocation Failure) 2019-10-06T10:16:06.353+0000: 477.414: [DefNew: 409817K->164K(460800K), 0.0037285 secs] 499767K->90133K(1484800K), 0.0038233 secs] [Times: user=0.01 sys=0.00, real=0.01 secs] 
2019-10-06T10:16:08.996+0000: 480.056: [GC (Allocation Failure) 2019-10-06T10:16:08.996+0000: 480.057: [DefNew: 409764K->164K(460800K), 0.0038714 secs] 499733K->90144K(1484800K), 0.0039662 secs] [Times: user=0.01 sys=0.00, real=0.00 secs] 
2019-10-06T10:16:11.735+0000: 482.798: [GC (Allocation Failure) 2019-10-06T10:16:11.737+0000: 482.798: [DefNew: 409764K->140K(460800K), 0.0039188 secs] 499744K->90144K(1484800K), 0.0053111 secs] [Times: user=0.00 sys=0.00, real=0.00 secs] 
2019-10-06T10:16:14.413+0000: 485.474: [GC (Allocation Failure) 2019-10-06T10:16:14.413+0000: 485.474: [DefNew: 409740K->201K(460800K), 0.0039745 secs] 499744K->90213K(1484800K), 0.0040597 secs] [Times: user=0.00 sys=0.00, real=0.01 secs] 
2019-10-06T10:16:17.065+0000: 488.127: [GC (Allocation Failure) 2019-10-06T10:16:17.067+0000: 488.127: [DefNew: 409801K->183K(460800K), 0.0038314 secs] 499813K->90220K(1484800K), 0.0054449 secs] [Times: user=0.01 sys=0.00, real=0.00 secs] 
2019-10-06T10:16:19.746+0000: 490.807: [GC (Allocation Failure) 2019-10-06T10:16:19.746+0000: 490.807: [DefNew: 409783K->207K(460800K), 0.0038681 secs] 499820K->90246K(1484800K), 0.0039604 secs] [Times: user=0.01 sys=0.00, real=0.00 secs] 
2019-10-06T10:16:22.526+0000: 493.587: [GC (Allocation Failure) 2019-10-06T10:16:22.526+0000: 493.587: [DefNew: 409807K->223K(460800K), 0.0038910 secs] 499846K->90261K(1484800K), 0.0039901 secs] [Times: user=0.00 sys=0.00, real=0.00 secs] 
2019-10-06T10:16:25.193+0000: 496.254: [GC (Allocation Failure) 2019-10-06T10:16:25.193+0000: 496.254: [DefNew: 409823K->342K(460800K), 0.0040931 secs] 499861K->90380K(1484800K), 0.0041772 secs] [Times: user=0.00 sys=0.00, real=0.01 secs] 
2019-10-06T10:16:28.216+0000: 499.277: [GC (Allocation Failure) 2019-10-06T10:16:28.216+0000: 499.277: [DefNew: 409942K->472K(460800K), 0.0042903 secs] 499980K->90511K(1484800K), 0.0043847 secs] [Times: user=0.01 sys=0.00, real=0.00 secs] 
2019-10-06T10:16:30.671+0000: 501.732: [GC (Allocation Failure) 2019-10-06T10:16:30.672+0000: 501.732: [DefNew: 410072K->341K(460800K), 0.0041257 secs] 500111K->90380K(1484800K), 0.0042200 secs] [Times: user=0.01 sys=0.00, real=0.01 secs] 
2019-10-06T10:16:33.579+0000: 504.641: [GC (Allocation Failure) 2019-10-06T10:16:33.580+0000: 504.641: [DefNew: 409941K->307K(460800K), 0.0042310 secs] 499980K->90346K(1484800K), 0.0053214 secs] [Times: user=0.00 sys=0.00, real=0.01 secs] 
2019-10-06T10:16:36.301+0000: 507.362: [GC (Allocation Failure) 2019-10-06T10:16:36.301+0000: 507.362: [DefNew: 409907K->335K(460800K), 0.0043084 secs] 499946K->90374K(1484800K), 0.0043965 secs] [Times: user=0.00 sys=0.00, real=0.01 secs] 
2019-10-06T10:16:38.901+0000: 509.963: [GC (Allocation Failure) 2019-10-06T10:16:38.902+0000: 509.963: [DefNew: 409935K->342K(460800K), 0.0039872 secs] 499974K->90380K(1484800K), 0.0051921 secs] [Times: user=0.00 sys=0.00, real=0.01 secs] 
2019-10-06T10:16:41.586+0000: 512.647: [GC (Allocation Failure) 2019-10-06T10:16:41.586+0000: 512.647: [DefNew: 409942K->426K(460800K), 0.0042084 secs] 499980K->90465K(1484800K), 0.0043080 secs] [Times: user=0.00 sys=0.00, real=0.00 secs] 
2019-10-06T10:16:44.212+0000: 515.274: [GC (Allocation Failure) 2019-10-06T10:16:44.213+0000: 515.274: [DefNew: 410026K->344K(460800K), 0.0040759 secs] 500065K->90383K(1484800K), 0.0051915 secs] [Times: user=0.00 sys=0.00, real=0.01 secs] 
10:16:44.985 [Client] INFO  c.s.f.r.e.s.SocketRear  - FlameSocketGraphDeployerRear@flamestream-benchmarks-worker-1: has been disconnected from Connection 1
10:16:44.989 [worker-akka.actor.default-dispatcher-16] INFO  a.a.LocalActorRef akka://worker/user/watcher/acker - Unregistering front FlameSocketGraphDeployerFront@flamestream-benchmarks-worker-39
10:16:44.989 [worker-akka.actor.default-dispatcher-16] INFO  a.a.LocalActorRef akka://worker/user/watcher/acker - Unregistering front FlameSocketGraphDeployerFront@flamestream-benchmarks-worker-34
10:16:44.990 [worker-akka.actor.default-dispatcher-16] INFO  a.a.LocalActorRef akka://worker/user/watcher/acker - Unregistering front FlameSocketGraphDeployerFront@flamestream-benchmarks-worker-37
10:16:44.996 [worker-akka.actor.default-dispatcher-6] INFO  a.a.LocalActorRef akka://worker/user/watcher/acker - Unregistering front FlameSocketGraphDeployerFront@flamestream-benchmarks-worker-31
10:16:44.997 [worker-akka.actor.default-dispatcher-6] INFO  a.a.LocalActorRef akka://worker/user/watcher/acker - Unregistering front FlameSocketGraphDeployerFront@flamestream-benchmarks-worker-64
10:16:44.997 [worker-akka.actor.default-dispatcher-6] INFO  a.a.LocalActorRef akka://worker/user/watcher/acker - Unregistering front FlameSocketGraphDeployerFront@flamestream-benchmarks-worker-38
10:16:44.997 [worker-akka.actor.default-dispatcher-6] INFO  a.a.LocalActorRef akka://worker/user/watcher/acker - Unregistering front FlameSocketGraphDeployerFront@flamestream-benchmarks-worker-35
10:16:44.997 [worker-akka.actor.default-dispatcher-6] INFO  a.a.LocalActorRef akka://worker/user/watcher/acker - Unregistering front FlameSocketGraphDeployerFront@flamestream-benchmarks-worker-36
10:16:44.997 [worker-akka.actor.default-dispatcher-6] INFO  a.a.LocalActorRef akka://worker/user/watcher/acker - Unregistering front FlameSocketGraphDeployerFront@flamestream-benchmarks-worker-28
10:16:44.997 [worker-akka.actor.default-dispatcher-6] INFO  a.a.LocalActorRef akka://worker/user/watcher/acker - Unregistering front FlameSocketGraphDeployerFront@flamestream-benchmarks-worker-25
10:16:44.997 [worker-akka.actor.default-dispatcher-6] INFO  a.a.LocalActorRef akka://worker/user/watcher/acker - Unregistering front FlameSocketGraphDeployerFront@flamestream-benchmarks-worker-22
10:16:44.997 [worker-akka.actor.default-dispatcher-6] INFO  a.a.LocalActorRef akka://worker/user/watcher/acker - Unregistering front FlameSocketGraphDeployerFront@flamestream-benchmarks-worker-40
10:16:44.997 [worker-akka.actor.default-dispatcher-6] INFO  a.a.LocalActorRef akka://worker/user/watcher/acker - Unregistering front FlameSocketGraphDeployerFront@flamestream-benchmarks-worker-55
10:16:44.998 [worker-akka.actor.default-dispatcher-13] INFO  a.a.LocalActorRef akka://worker/user/watcher/acker - Unregistering front FlameSocketGraphDeployerFront@flamestream-benchmarks-worker-53
10:16:44.998 [worker-akka.actor.default-dispatcher-13] INFO  a.a.LocalActorRef akka://worker/user/watcher/acker - Unregistering front FlameSocketGraphDeployerFront@flamestream-benchmarks-worker-71
10:16:44.998 [worker-akka.actor.default-dispatcher-13] INFO  a.a.LocalActorRef akka://worker/user/watcher/acker - Unregistering front FlameSocketGraphDeployerFront@flamestream-benchmarks-worker-50
10:16:44.998 [worker-akka.actor.default-dispatcher-13] INFO  a.a.LocalActorRef akka://worker/user/watcher/acker - Unregistering front FlameSocketGraphDeployerFront@flamestream-benchmarks-worker-27
10:16:44.998 [worker-akka.actor.default-dispatcher-13] INFO  a.a.LocalActorRef akka://worker/user/watcher/acker - Unregistering front FlameSocketGraphDeployerFront@flamestream-benchmarks-worker-26
10:16:44.998 [worker-akka.actor.default-dispatcher-13] INFO  a.a.LocalActorRef akka://worker/user/watcher/acker - Unregistering front FlameSocketGraphDeployerFront@flamestream-benchmarks-worker-29
10:16:44.998 [worker-akka.actor.default-dispatcher-13] INFO  a.a.LocalActorRef akka://worker/user/watcher/acker - Unregistering front FlameSocketGraphDeployerFront@flamestream-benchmarks-worker-77
10:16:44.998 [worker-akka.actor.default-dispatcher-13] INFO  a.a.LocalActorRef akka://worker/user/watcher/acker - Unregistering front FlameSocketGraphDeployerFront@flamestream-benchmarks-worker-32
10:16:45.007 [worker-akka.actor.default-dispatcher-16] INFO  a.a.LocalActorRef akka://worker/user/watcher/acker - Unregistering front FlameSocketGraphDeployerFront@flamestream-benchmarks-worker-56
10:16:45.007 [worker-akka.actor.default-dispatcher-16] INFO  a.a.LocalActorRef akka://worker/user/watcher/acker - Unregistering front FlameSocketGraphDeployerFront@flamestream-benchmarks-worker-46
10:16:45.007 [worker-akka.actor.default-dispatcher-16] INFO  a.a.LocalActorRef akka://worker/user/watcher/acker - Unregistering front FlameSocketGraphDeployerFront@flamestream-benchmarks-worker-57
10:16:45.007 [worker-akka.actor.default-dispatcher-16] INFO  a.a.LocalActorRef akka://worker/user/watcher/acker - Unregistering front FlameSocketGraphDeployerFront@flamestream-benchmarks-worker-24
10:16:45.007 [worker-akka.actor.default-dispatcher-16] INFO  a.a.LocalActorRef akka://worker/user/watcher/acker - Unregistering front FlameSocketGraphDeployerFront@flamestream-benchmarks-worker-54
10:16:45.008 [worker-akka.actor.default-dispatcher-16] INFO  a.a.LocalActorRef akka://worker/user/watcher/acker - Unregistering front FlameSocketGraphDeployerFront@flamestream-benchmarks-worker-7
10:16:45.008 [worker-akka.actor.default-dispatcher-16] INFO  a.a.LocalActorRef akka://worker/user/watcher/acker - Unregistering front FlameSocketGraphDeployerFront@flamestream-benchmarks-worker-75
10:16:45.008 [worker-akka.actor.default-dispatcher-16] INFO  a.a.LocalActorRef akka://worker/user/watcher/acker - Unregistering front FlameSocketGraphDeployerFront@flamestream-benchmarks-worker-48
10:16:45.008 [worker-akka.actor.default-dispatcher-16] INFO  a.a.LocalActorRef akka://worker/user/watcher/acker - Unregistering front FlameSocketGraphDeployerFront@flamestream-benchmarks-worker-42
10:16:45.008 [worker-akka.actor.default-dispatcher-16] INFO  a.a.LocalActorRef akka://worker/user/watcher/acker - Unregistering front FlameSocketGraphDeployerFront@flamestream-benchmarks-worker-16
10:16:45.008 [worker-akka.actor.default-dispatcher-6] INFO  a.a.LocalActorRef akka://worker/user/watcher/acker - Unregistering front FlameSocketGraphDeployerFront@flamestream-benchmarks-worker-49
10:16:45.008 [worker-akka.actor.default-dispatcher-6] INFO  a.a.LocalActorRef akka://worker/user/watcher/acker - Unregistering front FlameSocketGraphDeployerFront@flamestream-benchmarks-worker-19
10:16:45.008 [worker-akka.actor.default-dispatcher-6] INFO  a.a.LocalActorRef akka://worker/user/watcher/acker - Unregistering front FlameSocketGraphDeployerFront@flamestream-benchmarks-worker-33
10:16:45.008 [worker-akka.actor.default-dispatcher-6] INFO  a.a.LocalActorRef akka://worker/user/watcher/acker - Unregistering front FlameSocketGraphDeployerFront@flamestream-benchmarks-worker-6
10:16:45.008 [worker-akka.actor.default-dispatcher-6] INFO  a.a.LocalActorRef akka://worker/user/watcher/acker - Unregistering front FlameSocketGraphDeployerFront@flamestream-benchmarks-worker-18
10:16:45.008 [worker-akka.actor.default-dispatcher-6] INFO  a.a.LocalActorRef akka://worker/user/watcher/acker - Unregistering front FlameSocketGraphDeployerFront@flamestream-benchmarks-worker-44
10:16:45.009 [worker-akka.actor.default-dispatcher-6] INFO  a.a.LocalActorRef akka://worker/user/watcher/acker - Unregistering front FlameSocketGraphDeployerFront@flamestream-benchmarks-worker-9
10:16:45.009 [worker-akka.actor.default-dispatcher-6] INFO  a.a.LocalActorRef akka://worker/user/watcher/acker - Unregistering front FlameSocketGraphDeployerFront@flamestream-benchmarks-worker-4
10:16:45.009 [worker-akka.actor.default-dispatcher-6] INFO  a.a.LocalActorRef akka://worker/user/watcher/acker - Unregistering front FlameSocketGraphDeployerFront@flamestream-benchmarks-worker-59
10:16:45.009 [worker-akka.actor.default-dispatcher-6] INFO  a.a.LocalActorRef akka://worker/user/watcher/acker - Unregistering front FlameSocketGraphDeployerFront@flamestream-benchmarks-worker-14
10:16:45.009 [worker-akka.actor.default-dispatcher-6] INFO  a.a.LocalActorRef akka://worker/user/watcher/acker - Unregistering front FlameSocketGraphDeployerFront@flamestream-benchmarks-worker-74
10:16:45.009 [worker-akka.actor.default-dispatcher-6] INFO  a.a.LocalActorRef akka://worker/user/watcher/acker - Unregistering front FlameSocketGraphDeployerFront@flamestream-benchmarks-worker-3
10:16:45.009 [worker-akka.actor.default-dispatcher-6] INFO  a.a.LocalActorRef akka://worker/user/watcher/acker - Unregistering front FlameSocketGraphDeployerFront@flamestream-benchmarks-worker-86
10:16:45.009 [worker-akka.actor.default-dispatcher-6] INFO  a.a.LocalActorRef akka://worker/user/watcher/acker - Unregistering front FlameSocketGraphDeployerFront@flamestream-benchmarks-worker-67
10:16:45.009 [worker-akka.actor.default-dispatcher-6] INFO  a.a.LocalActorRef akka://worker/user/watcher/acker - Unregistering front FlameSocketGraphDeployerFront@flamestream-benchmarks-worker-47
10:16:45.009 [worker-akka.actor.default-dispatcher-13] INFO  a.a.LocalActorRef akka://worker/user/watcher/acker - Unregistering front FlameSocketGraphDeployerFront@flamestream-benchmarks-worker-87
10:16:45.009 [worker-akka.actor.default-dispatcher-13] INFO  a.a.LocalActorRef akka://worker/user/watcher/acker - Unregistering front FlameSocketGraphDeployerFront@flamestream-benchmarks-worker-10
10:16:45.009 [worker-akka.actor.default-dispatcher-13] INFO  a.a.LocalActorRef akka://worker/user/watcher/acker - Unregistering front FlameSocketGraphDeployerFront@flamestream-benchmarks-worker-91
10:16:45.010 [worker-akka.actor.default-dispatcher-13] INFO  a.a.LocalActorRef akka://worker/user/watcher/acker - Unregistering front FlameSocketGraphDeployerFront@flamestream-benchmarks-worker-23
10:16:45.010 [worker-akka.actor.default-dispatcher-13] INFO  a.a.LocalActorRef akka://worker/user/watcher/acker - Unregistering front FlameSocketGraphDeployerFront@flamestream-benchmarks-worker-52
10:16:45.010 [worker-akka.actor.default-dispatcher-13] INFO  a.a.LocalActorRef akka://worker/user/watcher/acker - Unregistering front FlameSocketGraphDeployerFront@flamestream-benchmarks-worker-90
10:16:45.010 [worker-akka.actor.default-dispatcher-13] INFO  a.a.LocalActorRef akka://worker/user/watcher/acker - Unregistering front FlameSocketGraphDeployerFront@flamestream-benchmarks-worker-79
10:16:45.010 [worker-akka.actor.default-dispatcher-13] INFO  a.a.LocalActorRef akka://worker/user/watcher/acker - Unregistering front FlameSocketGraphDeployerFront@flamestream-benchmarks-worker-95
10:16:45.010 [worker-akka.actor.default-dispatcher-13] INFO  a.a.LocalActorRef akka://worker/user/watcher/acker - Unregistering front FlameSocketGraphDeployerFront@flamestream-benchmarks-worker-5
10:16:45.010 [worker-akka.actor.default-dispatcher-13] INFO  a.a.LocalActorRef akka://worker/user/watcher/acker - Unregistering front FlameSocketGraphDeployerFront@flamestream-benchmarks-worker-13
10:16:45.010 [worker-akka.actor.default-dispatcher-15] INFO  a.a.LocalActorRef akka://worker/user/watcher/acker - Unregistering front FlameSocketGraphDeployerFront@flamestream-benchmarks-worker-94
10:16:45.010 [worker-akka.actor.default-dispatcher-15] INFO  a.a.LocalActorRef akka://worker/user/watcher/acker - Unregistering front FlameSocketGraphDeployerFront@flamestream-benchmarks-worker-66
10:16:45.010 [worker-akka.actor.default-dispatcher-15] INFO  a.a.LocalActorRef akka://worker/user/watcher/acker - Unregistering front FlameSocketGraphDeployerFront@flamestream-benchmarks-worker-62
10:16:45.010 [worker-akka.actor.default-dispatcher-15] INFO  a.a.LocalActorRef akka://worker/user/watcher/acker - Unregistering front FlameSocketGraphDeployerFront@flamestream-benchmarks-worker-63
10:16:45.011 [worker-akka.actor.default-dispatcher-15] INFO  a.a.LocalActorRef akka://worker/user/watcher/acker - Unregistering front FlameSocketGraphDeployerFront@flamestream-benchmarks-worker-41
10:16:45.011 [worker-akka.actor.default-dispatcher-6] INFO  a.a.LocalActorRef akka://worker/user/watcher/acker - Unregistering front FlameSocketGraphDeployerFront@flamestream-benchmarks-worker-99
10:16:45.011 [worker-akka.actor.default-dispatcher-6] INFO  a.a.LocalActorRef akka://worker/user/watcher/acker - Unregistering front FlameSocketGraphDeployerFront@flamestream-benchmarks-worker-43
10:16:45.011 [worker-akka.actor.default-dispatcher-6] INFO  a.a.LocalActorRef akka://worker/user/watcher/acker - Unregistering front FlameSocketGraphDeployerFront@flamestream-benchmarks-worker-61
10:16:45.011 [worker-akka.actor.default-dispatcher-6] INFO  a.a.LocalActorRef akka://worker/user/watcher/acker - Unregistering front FlameSocketGraphDeployerFront@flamestream-benchmarks-worker-30
10:16:45.011 [worker-akka.actor.default-dispatcher-6] INFO  a.a.LocalActorRef akka://worker/user/watcher/acker - Unregistering front FlameSocketGraphDeployerFront@flamestream-benchmarks-worker-8
10:16:45.011 [worker-akka.actor.default-dispatcher-11] INFO  a.a.LocalActorRef akka://worker/user/watcher/acker - Unregistering front FlameSocketGraphDeployerFront@flamestream-benchmarks-worker-65
10:16:45.011 [worker-akka.actor.default-dispatcher-11] INFO  a.a.LocalActorRef akka://worker/user/watcher/acker - Unregistering front FlameSocketGraphDeployerFront@flamestream-benchmarks-worker-70
10:16:45.011 [worker-akka.actor.default-dispatcher-11] INFO  a.a.LocalActorRef akka://worker/user/watcher/acker - Unregistering front FlameSocketGraphDeployerFront@flamestream-benchmarks-worker-78
10:16:45.011 [worker-akka.actor.default-dispatcher-11] INFO  a.a.LocalActorRef akka://worker/user/watcher/acker - Unregistering front FlameSocketGraphDeployerFront@flamestream-benchmarks-worker-15
10:16:45.011 [worker-akka.actor.default-dispatcher-11] INFO  a.a.LocalActorRef akka://worker/user/watcher/acker - Unregistering front FlameSocketGraphDeployerFront@flamestream-benchmarks-worker-98
10:16:45.012 [worker-akka.actor.default-dispatcher-16] INFO  a.a.LocalActorRef akka://worker/user/watcher/acker - Unregistering front FlameSocketGraphDeployerFront@flamestream-benchmarks-worker-58
10:16:45.020 [worker-akka.actor.default-dispatcher-11] INFO  a.a.LocalActorRef akka://worker/user/watcher/acker - Unregistering front FlameSocketGraphDeployerFront@flamestream-benchmarks-worker-11
10:16:45.030 [worker-akka.actor.default-dispatcher-9] INFO  a.a.LocalActorRef akka://worker/user/watcher/acker - Unregistering front FlameSocketGraphDeployerFront@flamestream-benchmarks-worker-72
10:16:45.030 [worker-akka.actor.default-dispatcher-9] INFO  a.a.LocalActorRef akka://worker/user/watcher/acker - Unregistering front FlameSocketGraphDeployerFront@flamestream-benchmarks-worker-96
10:16:45.030 [worker-akka.actor.default-dispatcher-9] INFO  a.a.LocalActorRef akka://worker/user/watcher/acker - Unregistering front FlameSocketGraphDeployerFront@flamestream-benchmarks-worker-68
10:16:45.030 [worker-akka.actor.default-dispatcher-9] INFO  a.a.LocalActorRef akka://worker/user/watcher/acker - Unregistering front FlameSocketGraphDeployerFront@flamestream-benchmarks-worker-76
10:16:45.030 [worker-akka.actor.default-dispatcher-9] INFO  a.a.LocalActorRef akka://worker/user/watcher/acker - Unregistering front FlameSocketGraphDeployerFront@flamestream-benchmarks-worker-81
10:16:45.030 [worker-akka.actor.default-dispatcher-9] INFO  a.a.LocalActorRef akka://worker/user/watcher/acker - Unregistering front FlameSocketGraphDeployerFront@flamestream-benchmarks-worker-51
10:16:45.030 [worker-akka.actor.default-dispatcher-9] INFO  a.a.LocalActorRef akka://worker/user/watcher/acker - Unregistering front FlameSocketGraphDeployerFront@flamestream-benchmarks-worker-83
10:16:45.030 [worker-akka.actor.default-dispatcher-9] INFO  a.a.LocalActorRef akka://worker/user/watcher/acker - Unregistering front FlameSocketGraphDeployerFront@flamestream-benchmarks-worker-97
10:16:45.031 [worker-akka.actor.default-dispatcher-9] INFO  a.a.LocalActorRef akka://worker/user/watcher/acker - Unregistering front FlameSocketGraphDeployerFront@flamestream-benchmarks-worker-60
10:16:45.031 [worker-akka.actor.default-dispatcher-9] INFO  a.a.LocalActorRef akka://worker/user/watcher/acker - Unregistering front FlameSocketGraphDeployerFront@flamestream-benchmarks-worker-92
10:16:45.031 [worker-akka.actor.default-dispatcher-9] INFO  a.a.LocalActorRef akka://worker/user/watcher/acker - Unregistering front FlameSocketGraphDeployerFront@flamestream-benchmarks-worker-85
10:16:45.031 [worker-akka.actor.default-dispatcher-9] INFO  a.a.LocalActorRef akka://worker/user/watcher/acker - Unregistering front FlameSocketGraphDeployerFront@flamestream-benchmarks-worker-84
10:16:45.031 [worker-akka.actor.default-dispatcher-9] INFO  a.a.LocalActorRef akka://worker/user/watcher/acker - Unregistering front FlameSocketGraphDeployerFront@flamestream-benchmarks-worker-73
10:16:45.031 [worker-akka.actor.default-dispatcher-9] INFO  a.a.LocalActorRef akka://worker/user/watcher/acker - Unregistering front FlameSocketGraphDeployerFront@flamestream-benchmarks-worker-80
10:16:45.031 [worker-akka.actor.default-dispatcher-9] INFO  a.a.LocalActorRef akka://worker/user/watcher/acker - Unregistering front FlameSocketGraphDeployerFront@flamestream-benchmarks-worker-20
10:16:45.031 [worker-akka.actor.default-dispatcher-15] INFO  a.a.LocalActorRef akka://worker/user/watcher/acker - Unregistering front FlameSocketGraphDeployerFront@flamestream-benchmarks-worker-12
10:16:45.031 [worker-akka.actor.default-dispatcher-15] INFO  a.a.LocalActorRef akka://worker/user/watcher/acker - Unregistering front FlameSocketGraphDeployerFront@flamestream-benchmarks-worker-45
10:16:45.031 [worker-akka.actor.default-dispatcher-15] INFO  a.a.LocalActorRef akka://worker/user/watcher/acker - Unregistering front FlameSocketGraphDeployerFront@flamestream-benchmarks-worker-21
10:16:45.031 [worker-akka.actor.default-dispatcher-15] INFO  a.a.LocalActorRef akka://worker/user/watcher/acker - Unregistering front FlameSocketGraphDeployerFront@flamestream-benchmarks-worker-88
10:16:45.031 [worker-akka.actor.default-dispatcher-15] INFO  a.a.LocalActorRef akka://worker/user/watcher/acker - Unregistering front FlameSocketGraphDeployerFront@flamestream-benchmarks-worker-89
10:16:45.032 [worker-akka.actor.default-dispatcher-15] INFO  a.a.LocalActorRef akka://worker/user/watcher/acker - Unregistering front FlameSocketGraphDeployerFront@flamestream-benchmarks-worker-17
10:16:45.032 [worker-akka.actor.default-dispatcher-15] INFO  a.a.LocalActorRef akka://worker/user/watcher/acker - Unregistering front FlameSocketGraphDeployerFront@flamestream-benchmarks-worker-82
10:16:45.032 [worker-akka.actor.default-dispatcher-15] INFO  a.a.LocalActorRef akka://worker/user/watcher/acker - Unregistering front FlameSocketGraphDeployerFront@flamestream-benchmarks-worker-69
10:16:45.032 [worker-akka.actor.default-dispatcher-15] INFO  a.a.LocalActorRef akka://worker/user/watcher/acker - Unregistering front FlameSocketGraphDeployerFront@flamestream-benchmarks-worker-93
10:16:45.053 [worker-akka.actor.default-dispatcher-22] WARN  c.s.f.r.e.s.SocketRear  - FlameSocketGraphDeployerRear@flamestream-benchmarks-worker-1: writing to closed log
10:18:38.889 [worker-akka.actor.default-dispatcher-21] INFO  a.a.LocalActorRef akka://worker/user/watcher/acker - Stopped
10:18:38.906 [worker-akka.actor.default-dispatcher-19] INFO  a.a.LocalActorRef akka://worker/user/watcher/processing-watcher/graph/negotiator - Stopped
10:18:38.906 [worker-akka.actor.default-dispatcher-19] INFO  a.a.LocalActorRef akka://worker/user/watcher/processing-watcher/graph/edge/FlameSocketGraphDeployerFront - Stopped
10:18:38.906 [worker-akka.actor.default-dispatcher-19] INFO  a.a.LocalActorRef akka://worker/user/watcher/processing-watcher/graph/graph/$+ - Stopped
10:18:38.906 [worker-akka.actor.default-dispatcher-19] INFO  a.a.LocalActorRef akka://worker/user/watcher/processing-watcher/graph/graph/$0 - Stopped
10:18:38.906 [worker-akka.actor.default-dispatcher-19] INFO  a.a.LocalActorRef akka://worker/user/watcher/processing-watcher/graph/graph/$1 - Stopped
10:18:38.906 [worker-akka.actor.default-dispatcher-19] INFO  a.a.LocalActorRef akka://worker/user/watcher/processing-watcher/graph/graph/$2 - Stopped
10:18:38.906 [worker-akka.actor.default-dispatcher-19] INFO  a.a.LocalActorRef akka://worker/user/watcher/processing-watcher/graph/graph/$3 - Stopped
10:18:38.906 [worker-akka.actor.default-dispatcher-19] INFO  a.a.LocalActorRef akka://worker/user/watcher/processing-watcher/graph/graph/$4 - Stopped
10:18:38.906 [worker-akka.actor.default-dispatcher-19] INFO  a.a.LocalActorRef akka://worker/user/watcher/processing-watcher/graph/graph/$5 - Stopped
10:18:38.907 [worker-akka.actor.default-dispatcher-19] INFO  a.a.LocalActorRef akka://worker/user/watcher/processing-watcher/graph/graph/$6 - Stopped
10:18:38.907 [worker-akka.actor.default-dispatcher-19] INFO  a.a.LocalActorRef akka://worker/user/watcher/processing-watcher/graph/graph/$7 - Stopped
10:18:38.907 [worker-akka.actor.default-dispatcher-19] INFO  a.a.LocalActorRef akka://worker/user/watcher/processing-watcher/graph/graph/$8 - Stopped
10:18:38.907 [worker-akka.actor.default-dispatcher-19] INFO  a.a.LocalActorRef akka://worker/user/watcher/processing-watcher/graph/graph/$9 - Stopped
10:18:38.907 [worker-akka.actor.default-dispatcher-19] INFO  a.a.LocalActorRef akka://worker/user/watcher/processing-watcher/graph/graph/$A - Stopped
10:18:38.907 [worker-akka.actor.default-dispatcher-19] INFO  a.a.LocalActorRef akka://worker/user/watcher/processing-watcher/$d/$a - Stopped
10:18:38.909 [worker-akka.actor.default-dispatcher-22] INFO  a.a.LocalActorRef akka://worker/user/watcher/processing-watcher/graph/graph/$Ab - Stopped
10:18:38.910 [worker-akka.actor.default-dispatcher-22] INFO  a.a.LocalActorRef akka://worker/user/watcher/processing-watcher/graph/graph/$B - Stopped
10:18:38.910 [worker-akka.actor.default-dispatcher-22] INFO  a.a.LocalActorRef akka://worker/user/watcher/processing-watcher/graph/graph/$Bb - Stopped
10:18:38.910 [worker-akka.actor.default-dispatcher-22] INFO  a.a.LocalActorRef akka://worker/user/watcher/processing-watcher/graph/graph/$C - Stopped
10:18:38.910 [worker-akka.actor.default-dispatcher-22] INFO  a.a.LocalActorRef akka://worker/user/watcher/processing-watcher/graph/graph/$Cb - Stopped
10:18:38.910 [worker-akka.actor.default-dispatcher-20] INFO  a.a.LocalActorRef akka://worker/user/watcher/processing-watcher/graph/graph/$D - Stopped
10:18:38.910 [worker-akka.actor.default-dispatcher-20] INFO  a.a.LocalActorRef akka://worker/user/watcher/processing-watcher/graph/edge/FlameSocketGraphDeployerRear - Stopped
10:18:38.910 [worker-akka.actor.default-dispatcher-20] INFO  a.a.LocalActorRef akka://worker/user/watcher/processing-watcher/graph/edge - Stopped
10:18:38.910 [worker-akka.actor.default-dispatcher-20] INFO  a.a.LocalActorRef akka://worker/user/watcher/processing-watcher/graph/graph/$Db - Stopped
10:18:38.910 [worker-akka.actor.default-dispatcher-20] INFO  a.a.LocalActorRef akka://worker/user/watcher/processing-watcher/graph/graph/$E - Stopped
10:18:38.910 [worker-akka.actor.default-dispatcher-20] INFO  a.a.LocalActorRef akka://worker/user/watcher/processing-watcher/graph/graph/$Eb - Stopped
10:18:38.910 [worker-akka.actor.default-dispatcher-20] INFO  a.a.LocalActorRef akka://worker/user/watcher/processing-watcher/graph/graph/$F - Stopped
10:18:38.911 [worker-akka.actor.default-dispatcher-20] INFO  a.a.LocalActorRef akka://worker/user/watcher/processing-watcher/graph/graph/$Fb - Stopped
10:18:38.911 [worker-akka.actor.default-dispatcher-20] INFO  a.a.LocalActorRef akka://worker/user/watcher/processing-watcher/graph/graph/$G - Stopped
10:18:38.911 [worker-akka.actor.default-dispatcher-20] INFO  a.a.LocalActorRef akka://worker/user/watcher/processing-watcher/graph/graph/$Gb - Stopped
10:18:38.911 [worker-akka.actor.default-dispatcher-20] INFO  a.a.LocalActorRef akka://worker/user/watcher/processing-watcher/graph/graph/$H - Stopped
10:18:38.914 [worker-akka.actor.default-dispatcher-24] INFO  a.a.LocalActorRef akka://worker/user/watcher/processing-watcher/graph/graph/$Hb - Stopped
10:18:38.915 [worker-akka.actor.default-dispatcher-24] INFO  a.a.LocalActorRef akka://worker/user/watcher/processing-watcher/graph/graph/$I - Stopped
10:18:38.916 [worker-akka.actor.default-dispatcher-24] INFO  a.a.LocalActorRef akka://worker/user/watcher/processing-watcher/graph/graph/$Ib - Stopped
10:18:38.917 [worker-akka.actor.default-dispatcher-24] INFO  a.a.LocalActorRef akka://worker/user/watcher/processing-watcher/graph/graph/$J - Stopped
10:18:38.917 [worker-akka.actor.default-dispatcher-24] INFO  a.a.LocalActorRef akka://worker/user/watcher/processing-watcher/graph/graph/$Jb - Stopped
10:18:38.919 [worker-akka.actor.default-dispatcher-24] INFO  a.a.LocalActorRef akka://worker/user/watcher/processing-watcher/graph/graph/$K - Stopped
10:18:38.921 [worker-akka.actor.default-dispatcher-23] INFO  a.a.LocalActorRef akka://worker/user/watcher/processing-watcher/graph/graph/$Kb - Stopped
10:18:38.921 [worker-akka.actor.default-dispatcher-23] INFO  a.a.LocalActorRef akka://worker/user/watcher/processing-watcher/graph/graph/$L - Stopped
10:18:38.921 [worker-akka.actor.default-dispatcher-23] INFO  a.a.LocalActorRef akka://worker/user/watcher/processing-watcher/graph/graph/$Lb - Stopped
10:18:38.921 [worker-akka.actor.default-dispatcher-23] INFO  a.a.LocalActorRef akka://worker/user/watcher/processing-watcher/graph/graph/$M - Stopped
10:18:38.921 [worker-akka.actor.default-dispatcher-23] INFO  a.a.LocalActorRef akka://worker/user/watcher/processing-watcher/graph/graph/$Mb - Stopped
10:18:38.921 [worker-akka.actor.default-dispatcher-22] INFO  a.a.LocalActorRef akka://worker/user/watcher/processing-watcher/graph/graph/$N - Stopped
10:18:38.922 [worker-akka.actor.default-dispatcher-24] INFO  a.a.LocalActorRef akka://worker/user/watcher/processing-watcher/graph/graph/$Nb - Stopped
10:18:38.923 [worker-akka.actor.default-dispatcher-24] INFO  a.a.LocalActorRef akka://worker/user/watcher/processing-watcher/graph/graph/$O - Stopped
10:18:38.923 [worker-akka.actor.default-dispatcher-24] INFO  a.a.LocalActorRef akka://worker/user/watcher/processing-watcher/graph/graph/$P - Stopped
10:18:38.925 [worker-akka.actor.default-dispatcher-24] INFO  a.a.LocalActorRef akka://worker/user/watcher/processing-watcher/graph/graph/$Q - Stopped
10:18:38.926 [worker-akka.actor.default-dispatcher-24] INFO  a.a.LocalActorRef akka://worker/user/watcher/processing-watcher/graph/graph/$R - Stopped
10:18:38.927 [worker-akka.actor.default-dispatcher-24] INFO  a.a.LocalActorRef akka://worker/user/watcher/processing-watcher/graph/graph/$S - Stopped
10:18:38.927 [worker-akka.actor.default-dispatcher-24] INFO  a.a.LocalActorRef akka://worker/user/watcher/processing-watcher/graph/graph/$T - Stopped
10:18:38.928 [worker-akka.actor.default-dispatcher-24] INFO  a.a.LocalActorRef akka://worker/user/watcher/processing-watcher/graph/graph/$U - Stopped
10:18:38.929 [worker-akka.actor.default-dispatcher-24] INFO  a.a.LocalActorRef akka://worker/user/watcher/processing-watcher/graph/graph/$V - Stopped
10:18:38.931 [worker-akka.actor.default-dispatcher-23] INFO  a.a.LocalActorRef akka://worker/user/watcher/processing-watcher/graph/graph/$W - Stopped
10:18:38.931 [worker-akka.actor.default-dispatcher-23] INFO  a.a.LocalActorRef akka://worker/user/watcher/processing-watcher/graph/graph/$X - Stopped
10:18:38.931 [worker-akka.actor.default-dispatcher-23] INFO  a.a.LocalActorRef akka://worker/user/watcher/processing-watcher/graph/graph/$Y - Stopped
10:18:38.931 [worker-akka.actor.default-dispatcher-23] INFO  a.a.LocalActorRef akka://worker/user/watcher/processing-watcher/graph/graph/$Z - Stopped
10:18:38.931 [worker-akka.actor.default-dispatcher-23] INFO  a.a.LocalActorRef akka://worker/user/watcher/processing-watcher/graph/graph/$a - Stopped
10:18:38.931 [worker-akka.actor.default-dispatcher-23] INFO  a.a.LocalActorRef akka://worker/user/watcher/processing-watcher/graph/graph/$ab - Stopped
10:18:38.932 [worker-akka.actor.default-dispatcher-24] INFO  a.a.LocalActorRef akka://worker/user/watcher/processing-watcher/graph/graph/$b - Stopped
10:18:38.932 [worker-akka.actor.default-dispatcher-24] INFO  a.a.LocalActorRef akka://worker/user/watcher/processing-watcher/graph/graph/$bb - Stopped
10:18:38.934 [worker-akka.actor.default-dispatcher-24] INFO  a.a.LocalActorRef akka://worker/user/watcher/processing-watcher/graph/graph/$c - Stopped
10:18:38.934 [worker-akka.actor.default-dispatcher-24] INFO  a.a.LocalActorRef akka://worker/user/watcher/processing-watcher/graph/graph/$cb - Stopped
10:18:38.935 [worker-akka.actor.default-dispatcher-24] INFO  a.a.LocalActorRef akka://worker/user/watcher/processing-watcher/graph/graph/$d - Stopped
10:18:38.936 [worker-akka.actor.default-dispatcher-24] INFO  a.a.LocalActorRef akka://worker/user/watcher/processing-watcher/graph/graph/$db - Stopped
10:18:38.937 [worker-akka.actor.default-dispatcher-24] INFO  a.a.LocalActorRef akka://worker/user/watcher/processing-watcher/graph/graph/$e - Stopped
10:18:38.939 [worker-akka.actor.default-dispatcher-22] INFO  a.a.LocalActorRef akka://worker/user/watcher/processing-watcher/graph/graph/$eb - Stopped
10:18:38.939 [worker-akka.actor.default-dispatcher-22] INFO  a.a.LocalActorRef akka://worker/user/watcher/processing-watcher/graph/graph/$f - Stopped
10:18:38.939 [worker-akka.actor.default-dispatcher-22] INFO  a.a.LocalActorRef akka://worker/user/watcher/processing-watcher/graph/graph/$fb - Stopped
10:18:38.939 [worker-akka.actor.default-dispatcher-22] INFO  a.a.LocalActorRef akka://worker/user/watcher/processing-watcher/graph/graph/$g - Stopped
10:18:38.939 [worker-akka.actor.default-dispatcher-22] INFO  a.a.LocalActorRef akka://worker/user/watcher/processing-watcher/graph/graph/$gb - Stopped
10:18:38.939 [worker-akka.actor.default-dispatcher-22] INFO  a.a.LocalActorRef akka://worker/user/watcher/processing-watcher/graph/graph/$h - Stopped
10:18:38.939 [worker-akka.actor.default-dispatcher-22] INFO  a.a.LocalActorRef akka://worker/user/watcher/processing-watcher/graph/graph/$hb - Stopped
10:18:38.940 [worker-akka.actor.default-dispatcher-24] INFO  a.a.LocalActorRef akka://worker/user/watcher/processing-watcher/graph/graph/$i - Stopped
10:18:38.940 [worker-akka.actor.default-dispatcher-24] INFO  a.a.LocalActorRef akka://worker/user/watcher/processing-watcher/graph/graph/$ib - Stopped
10:18:38.942 [worker-akka.actor.default-dispatcher-24] INFO  a.a.LocalActorRef akka://worker/user/watcher/processing-watcher/graph/graph/$j - Stopped
10:18:38.942 [worker-akka.actor.default-dispatcher-24] INFO  a.a.LocalActorRef akka://worker/user/watcher/processing-watcher/graph/graph/$jb - Stopped
10:18:38.942 [worker-akka.actor.default-dispatcher-24] INFO  a.a.LocalActorRef akka://worker/user/watcher/processing-watcher/graph/graph/$k - Stopped
10:18:38.943 [worker-akka.actor.default-dispatcher-24] INFO  a.a.LocalActorRef akka://worker/user/watcher/processing-watcher/graph/graph/$kb - Stopped
10:18:38.945 [worker-akka.actor.default-dispatcher-24] INFO  a.a.LocalActorRef akka://worker/user/watcher/processing-watcher/graph/graph/$l - Stopped
10:18:38.946 [worker-akka.actor.default-dispatcher-24] INFO  a.a.LocalActorRef akka://worker/user/watcher/processing-watcher/graph/graph/$lb - Stopped
10:18:38.947 [worker-akka.actor.default-dispatcher-24] INFO  a.a.LocalActorRef akka://worker/user/watcher/processing-watcher/graph/graph/$m - Stopped
10:18:38.947 [worker-akka.actor.default-dispatcher-24] INFO  a.a.LocalActorRef akka://worker/user/watcher/processing-watcher/graph/graph/$mb - Stopped
10:18:38.949 [worker-akka.actor.default-dispatcher-23] INFO  a.a.LocalActorRef akka://worker/user/watcher/processing-watcher/graph/graph/$n - Stopped
10:18:38.949 [worker-akka.actor.default-dispatcher-23] INFO  a.a.LocalActorRef akka://worker/user/watcher/processing-watcher/graph/graph/$nb - Stopped
10:18:38.949 [worker-akka.actor.default-dispatcher-23] INFO  a.a.LocalActorRef akka://worker/user/watcher/processing-watcher/graph/graph/$o - Stopped
10:18:38.949 [worker-akka.actor.default-dispatcher-23] INFO  a.a.LocalActorRef akka://worker/user/watcher/processing-watcher/graph/graph/$ob - Stopped
10:18:38.950 [worker-akka.actor.default-dispatcher-24] INFO  a.a.LocalActorRef akka://worker/user/watcher/processing-watcher/graph/graph/$p - Stopped
10:18:38.950 [worker-akka.actor.default-dispatcher-24] INFO  a.a.LocalActorRef akka://worker/user/watcher/processing-watcher/graph/graph/$pb - Stopped
10:18:38.951 [worker-akka.actor.default-dispatcher-24] INFO  a.a.LocalActorRef akka://worker/user/watcher/processing-watcher/graph/graph/$q - Stopped
10:18:38.953 [worker-akka.actor.default-dispatcher-24] INFO  a.a.LocalActorRef akka://worker/user/watcher/processing-watcher/graph/graph/$qb - Stopped
10:18:38.953 [worker-akka.actor.default-dispatcher-24] INFO  a.a.LocalActorRef akka://worker/user/watcher/processing-watcher/graph/graph/$r - Stopped
10:18:38.954 [worker-akka.actor.default-dispatcher-24] INFO  a.a.LocalActorRef akka://worker/user/watcher/processing-watcher/graph/graph/$rb - Stopped
10:18:38.955 [worker-akka.actor.default-dispatcher-24] INFO  a.a.LocalActorRef akka://worker/user/watcher/processing-watcher/graph/graph/$s - Stopped
10:18:38.957 [worker-akka.actor.default-dispatcher-23] INFO  a.a.LocalActorRef akka://worker/user/watcher/processing-watcher/graph/graph/$sb - Stopped
10:18:38.957 [worker-akka.actor.default-dispatcher-23] INFO  a.a.LocalActorRef akka://worker/user/watcher/processing-watcher/graph/graph/$t - Stopped
10:18:38.957 [worker-akka.actor.default-dispatcher-23] INFO  a.a.LocalActorRef akka://worker/user/watcher/processing-watcher/graph/graph/$tb - Stopped
10:18:38.957 [worker-akka.actor.default-dispatcher-23] INFO  a.a.LocalActorRef akka://worker/user/watcher/processing-watcher/graph/graph/$u - Stopped
10:18:38.957 [worker-akka.actor.default-dispatcher-23] INFO  a.a.LocalActorRef akka://worker/user/watcher/processing-watcher/graph/graph/$ub - Stopped
10:18:38.957 [worker-akka.actor.default-dispatcher-23] INFO  a.a.LocalActorRef akka://worker/user/watcher/processing-watcher/graph/graph/$v - Stopped
10:18:38.957 [worker-akka.actor.default-dispatcher-23] INFO  a.a.LocalActorRef akka://worker/user/watcher/processing-watcher/graph/graph/$vb - Stopped
10:18:38.957 [worker-akka.actor.default-dispatcher-23] INFO  a.a.LocalActorRef akka://worker/user/watcher/processing-watcher/graph/graph/$w - Stopped
10:18:38.957 [worker-akka.actor.default-dispatcher-24] INFO  a.a.LocalActorRef akka://worker/user/watcher/processing-watcher/graph/graph/$wb - Stopped
10:18:38.958 [worker-akka.actor.default-dispatcher-24] INFO  a.a.LocalActorRef akka://worker/user/watcher/processing-watcher/graph/graph/$x - Stopped
10:18:38.958 [worker-akka.actor.default-dispatcher-24] INFO  a.a.LocalActorRef akka://worker/user/watcher/processing-watcher/graph/graph/$xb - Stopped
10:18:38.959 [worker-akka.actor.default-dispatcher-24] INFO  a.a.LocalActorRef akka://worker/user/watcher/processing-watcher/graph/graph/$y - Stopped
10:18:38.960 [worker-akka.actor.default-dispatcher-24] INFO  a.a.LocalActorRef akka://worker/user/watcher/processing-watcher/graph/graph/$yb - Stopped
10:18:38.960 [worker-akka.actor.default-dispatcher-24] INFO  a.a.LocalActorRef akka://worker/user/watcher/processing-watcher/graph/graph/$z - Stopped
10:18:38.961 [worker-akka.actor.default-dispatcher-24] INFO  a.a.LocalActorRef akka://worker/user/watcher/processing-watcher/graph/graph/$zb - Stopped
10:18:38.962 [worker-akka.actor.default-dispatcher-24] INFO  a.a.LocalActorRef akka://worker/user/watcher/processing-watcher/graph/graph/$~ - Stopped
10:18:38.976 [worker-akka.actor.default-dispatcher-24] INFO  a.a.LocalActorRef akka://worker/user/watcher/processing-watcher/graph/graph - Stopped
10:18:38.977 [worker-akka.actor.default-dispatcher-24] INFO  a.a.LocalActorRef akka://worker/user/watcher/processing-watcher/graph - Stopped
10:18:38.980 [worker-akka.actor.default-dispatcher-19] INFO  a.a.LocalActorRef akka://worker/user/watcher/processing-watcher/$d - Stopped
10:18:38.985 [worker-akka.actor.default-dispatcher-19] INFO  a.a.LocalActorRef akka://worker/user/watcher/processing-watcher - Stopped
10:18:38.986 [Curator-Framework-0] INFO  o.a.c.f.i.CuratorFrameworkImpl  - backgroundOperationsLoop exiting
10:18:39.006 [worker-akka.actor.default-dispatcher-19] INFO  o.a.z.ZooKeeper  - Session: 0x10000db77ca0001 closed
10:18:39.011 [worker-akka.actor.default-dispatcher-24] INFO  a.a.RepointableActorRef akka://worker/user/watcher - Stopped
10:18:39.015 [worker-akka.actor.default-dispatcher-6-EventThread] INFO  o.a.z.ClientCnxn  - EventThread shut down for session: 0x10000db77ca0001
10:18:39.015 [Curator-PathChildrenCache-0] ERROR o.a.c.f.r.c.PathChildrenCache  - 
java.lang.IllegalStateException: instance must be started before calling this method
	at org.apache.curator.shaded.com.google.common.base.Preconditions.checkState(Preconditions.java:444)
	at org.apache.curator.framework.imps.CuratorFrameworkImpl.getChildren(CuratorFrameworkImpl.java:456)
	at org.apache.curator.framework.recipes.cache.PathChildrenCache.refresh(PathChildrenCache.java:521)
	at org.apache.curator.framework.recipes.cache.RefreshOperation.invoke(RefreshOperation.java:35)
	at org.apache.curator.framework.recipes.cache.PathChildrenCache$9.run(PathChildrenCache.java:786)
	at java.util.concurrent.Executors$RunnableAdapter.call(Executors.java:511)
	at java.util.concurrent.FutureTask.run(FutureTask.java:266)
	at java.util.concurrent.Executors$RunnableAdapter.call(Executors.java:511)
	at java.util.concurrent.FutureTask.run(FutureTask.java:266)
	at java.util.concurrent.ThreadPoolExecutor.runWorker(ThreadPoolExecutor.java:1149)
	at java.util.concurrent.ThreadPoolExecutor$Worker.run(ThreadPoolExecutor.java:624)
	at java.lang.Thread.run(Thread.java:748)
10:18:39.024 [worker-akka.actor.default-dispatcher-19] INFO  a.r.RemoteActorRefProvider$RemotingTerminator akka://worker@flamestream-benchmarks-worker-1:5412/system/remoting-terminator - Shutting down remote daemon.
10:18:39.025 [worker-akka.actor.default-dispatcher-19] INFO  a.r.RemoteActorRefProvider$RemotingTerminator akka://worker@flamestream-benchmarks-worker-1:5412/system/remoting-terminator - Remote daemon shut down; proceeding with flushing remote transports.
10:18:40.818 [worker-akka.actor.default-dispatcher-19] INFO  a.r.RemoteActorRefProvider$RemotingTerminator akka://worker@flamestream-benchmarks-worker-1:5412/system/remoting-terminator - Remoting shut down.
Heap
 def new generation   total 460800K, used 186836K [0x00000000a2400000, 0x00000000c1800000, 0x00000000c1800000)
  eden space 409600K,  45% used [0x00000000a2400000, 0x00000000ada1f078, 0x00000000bb400000)
  from space 51200K,   0% used [0x00000000bb400000, 0x00000000bb456378, 0x00000000be600000)
  to   space 51200K,   0% used [0x00000000be600000, 0x00000000be600000, 0x00000000c1800000)
 tenured generation   total 1024000K, used 90038K [0x00000000c1800000, 0x0000000100000000, 0x0000000100000000)
   the space 1024000K,   8% used [0x00000000c1800000, 0x00000000c6fed9d8, 0x00000000c6feda00, 0x0000000100000000)
 Metaspace       used 41722K, capacity 44717K, committed 44928K, reserved 1089536K
  class space    used 5370K, capacity 5696K, committed 5760K, reserved 1048576K
