20:14:48,579 |-INFO in ch.qos.logback.classic.LoggerContext[default] - Could NOT find resource [logback-test.xml]
20:14:48,580 |-INFO in ch.qos.logback.classic.LoggerContext[default] - Could NOT find resource [logback.groovy]
20:14:48,580 |-INFO in ch.qos.logback.classic.LoggerContext[default] - Found resource [logback.xml] at [jar:file:/root/flamestream/lib/flamestream-runtime-1.0-SNAPSHOT.jar!/logback.xml]
20:14:48,581 |-WARN in ch.qos.logback.classic.LoggerContext[default] - Resource [logback.xml] occurs multiple times on the classpath.
20:14:48,581 |-WARN in ch.qos.logback.classic.LoggerContext[default] - Resource [logback.xml] occurs at [jar:file:/root/flamestream/lib/flamestream-runtime-1.0-SNAPSHOT.jar!/logback.xml]
20:14:48,581 |-WARN in ch.qos.logback.classic.LoggerContext[default] - Resource [logback.xml] occurs at [jar:file:/root/flamestream/flamestream-runtime-1.0-SNAPSHOT.jar!/logback.xml]
20:14:48,600 |-INFO in ch.qos.logback.core.joran.spi.ConfigurationWatchList@3fb6a447 - URL [jar:file:/root/flamestream/lib/flamestream-runtime-1.0-SNAPSHOT.jar!/logback.xml] is not of type file
20:14:48,671 |-INFO in ch.qos.logback.classic.joran.action.ConfigurationAction - debug attribute not set
20:14:48,671 |-INFO in ch.qos.logback.core.joran.action.AppenderAction - About to instantiate appender of type [ch.qos.logback.core.ConsoleAppender]
20:14:48,692 |-INFO in ch.qos.logback.core.joran.action.AppenderAction - Naming appender as [STDOUT]
20:14:48,709 |-INFO in ch.qos.logback.core.joran.action.NestedComplexPropertyIA - Assuming default type [ch.qos.logback.classic.encoder.PatternLayoutEncoder] for [encoder] property
20:14:48,791 |-INFO in ch.qos.logback.core.joran.action.AppenderAction - About to instantiate appender of type [ch.qos.logback.core.rolling.RollingFileAppender]
20:14:48,796 |-INFO in ch.qos.logback.core.joran.action.AppenderAction - Naming appender as [FILE]
20:14:48,826 |-INFO in c.q.l.core.rolling.TimeBasedRollingPolicy@127618319 - No compression will be used
20:14:48,827 |-INFO in c.q.l.core.rolling.TimeBasedRollingPolicy@127618319 - Will use the pattern /tmp/application_%d{yyyy-MM-dd}.%i.log for the active file
20:14:48,830 |-INFO in ch.qos.logback.core.rolling.SizeAndTimeBasedFNATP@6b2fad11 - The date pattern is 'yyyy-MM-dd' from file name pattern '/tmp/application_%d{yyyy-MM-dd}.%i.log'.
20:14:48,830 |-INFO in ch.qos.logback.core.rolling.SizeAndTimeBasedFNATP@6b2fad11 - Roll-over at midnight.
20:14:48,835 |-INFO in ch.qos.logback.core.rolling.SizeAndTimeBasedFNATP@6b2fad11 - Setting initial period to Mon Jun 10 20:13:23 UTC 2019
20:14:48,836 |-WARN in ch.qos.logback.core.rolling.SizeAndTimeBasedFNATP@6b2fad11 - SizeAndTimeBasedFNATP is deprecated. Use SizeAndTimeBasedRollingPolicy instead
20:14:48,836 |-WARN in ch.qos.logback.core.rolling.SizeAndTimeBasedFNATP@6b2fad11 - For more information see http://logback.qos.ch/manual/appenders.html#SizeAndTimeBasedRollingPolicy
20:14:48,839 |-INFO in ch.qos.logback.core.joran.action.NestedComplexPropertyIA - Assuming default type [ch.qos.logback.classic.encoder.PatternLayoutEncoder] for [encoder] property
20:14:48,844 |-INFO in ch.qos.logback.core.rolling.RollingFileAppender[FILE] - Active log file name: /tmp/application.log
20:14:48,844 |-INFO in ch.qos.logback.core.rolling.RollingFileAppender[FILE] - File property is set to [/tmp/application.log]
20:14:48,845 |-INFO in ch.qos.logback.classic.joran.action.RootLoggerAction - Setting level of ROOT logger to WARN
20:14:48,845 |-INFO in ch.qos.logback.core.joran.action.AppenderRefAction - Attaching appender named [STDOUT] to Logger[ROOT]
20:14:48,847 |-INFO in ch.qos.logback.core.joran.action.AppenderRefAction - Attaching appender named [FILE] to Logger[ROOT]
20:14:48,847 |-INFO in ch.qos.logback.classic.joran.action.ConfigurationAction - End of configuration.
20:14:48,847 |-INFO in ch.qos.logback.classic.joran.JoranConfigurator@79698539 - Registering current configuration as safe fallback point

Ama winner
Ama winner
2019-06-10T20:14:50.108+0000: 1.714: [Full GC (Metadata GC Threshold) 2019-06-10T20:14:50.108+0000: 1.714: [Tenured: 0K->15210K(341376K), 0.0399700 secs] 114986K->15210K(494976K), [Metaspace: 20738K->20738K(1067008K)], 0.0400365 secs] [Times: user=0.04 sys=0.01, real=0.04 secs] 
2019-06-10T20:15:15.146+0000: 26.752: [GC (Allocation Failure) 2019-06-10T20:15:15.146+0000: 26.752: [DefNew: 136576K->17024K(153600K), 0.0247268 secs] 151786K->52495K(494976K), 0.0247962 secs] [Times: user=0.01 sys=0.01, real=0.03 secs] 
2019-06-10T20:15:21.389+0000: 32.997: [GC (Allocation Failure) 2019-06-10T20:15:21.391+0000: 32.997: [DefNew: 153600K->171K(153600K), 0.0097615 secs] 189071K->43810K(494976K), 0.0110320 secs] [Times: user=0.00 sys=0.01, real=0.02 secs] 
2019-06-10T20:15:26.510+0000: 38.116: [Full GC (Metadata GC Threshold) 2019-06-10T20:15:26.510+0000: 38.116: [Tenured: 43639K->43803K(341376K), 0.0555467 secs] 160386K->43803K(494976K), [Metaspace: 34594K->34594K(1079296K)], 0.0556275 secs] [Times: user=0.06 sys=0.00, real=0.06 secs] 
2019-06-10T20:15:32.583+0000: 44.189: [GC (Allocation Failure) 2019-06-10T20:15:32.583+0000: 44.189: [DefNew: 136576K->51K(153600K), 0.0017512 secs] 180379K->43855K(494976K), 0.0018128 secs] [Times: user=0.01 sys=0.00, real=0.00 secs] 
2019-06-10T20:15:38.621+0000: 50.227: [GC (Allocation Failure) 2019-06-10T20:15:38.621+0000: 50.227: [DefNew: 136627K->51K(153600K), 0.0015960 secs] 180431K->43855K(494976K), 0.0016583 secs] [Times: user=0.00 sys=0.00, real=0.00 secs] 
2019-06-10T20:15:44.707+0000: 56.313: [GC (Allocation Failure) 2019-06-10T20:15:44.707+0000: 56.314: [DefNew: 136627K->50K(153600K), 0.0016307 secs] 180431K->43853K(494976K), 0.0016955 secs] [Times: user=0.00 sys=0.00, real=0.00 secs] 
20:15:57.265 [Curator-PathChildrenCache-0] ERROR o.a.c.f.r.c.PathChildrenCache  - 
java.lang.IllegalStateException: instance must be started before calling this method
	at org.apache.curator.shaded.com.google.common.base.Preconditions.checkState(Preconditions.java:444)
	at org.apache.curator.framework.imps.CuratorFrameworkImpl.getChildren(CuratorFrameworkImpl.java:456)
	at org.apache.curator.framework.recipes.cache.PathChildrenCache.refresh(PathChildrenCache.java:521)
	at org.apache.curator.framework.recipes.cache.RefreshOperation.invoke(RefreshOperation.java:35)
	at org.apache.curator.framework.recipes.cache.PathChildrenCache$9.run(PathChildrenCache.java:786)
	at java.util.concurrent.Executors$RunnableAdapter.call(Executors.java:511)
	at java.util.concurrent.FutureTask.run(FutureTask.java:266)
	at java.util.concurrent.Executors$RunnableAdapter.call(Executors.java:511)
	at java.util.concurrent.FutureTask.run(FutureTask.java:266)
	at java.util.concurrent.ThreadPoolExecutor.runWorker(ThreadPoolExecutor.java:1149)
	at java.util.concurrent.ThreadPoolExecutor$Worker.run(ThreadPoolExecutor.java:624)
	at java.lang.Thread.run(Thread.java:748)
2019-06-10T20:15:58.331+0000: 69.937: [GC (Allocation Failure) 2019-06-10T20:15:58.331+0000: 69.937: [DefNew: 136626K->1126K(153600K), 0.0037542 secs] 180429K->44930K(494976K), 0.0038093 secs] [Times: user=0.00 sys=0.00, real=0.00 secs] 
Heap
 def new generation   total 153600K, used 6345K [0x00000000e0c00000, 0x00000000eb2a0000, 0x00000000eb2a0000)
  eden space 136576K,   3% used [0x00000000e0c00000, 0x00000000e1118958, 0x00000000e9160000)
  from space 17024K,   6% used [0x00000000e9160000, 0x00000000e9279b20, 0x00000000ea200000)
  to   space 17024K,   0% used [0x00000000ea200000, 0x00000000ea200000, 0x00000000eb2a0000)
 tenured generation   total 341376K, used 43803K [0x00000000eb2a0000, 0x0000000100000000, 0x0000000100000000)
   the space 341376K,  12% used [0x00000000eb2a0000, 0x00000000edd66ee0, 0x00000000edd67000, 0x0000000100000000)
 Metaspace       used 36094K, capacity 36960K, committed 37120K, reserved 1081344K
  class space    used 4849K, capacity 5042K, committed 5120K, reserved 1048576K
