05:26:24,900 |-INFO in ch.qos.logback.classic.LoggerContext[default] - Could NOT find resource [logback-test.xml]
05:26:24,900 |-INFO in ch.qos.logback.classic.LoggerContext[default] - Could NOT find resource [logback.groovy]
05:26:24,900 |-INFO in ch.qos.logback.classic.LoggerContext[default] - Found resource [logback.xml] at [jar:file:/root/flamestream/lib/flamestream-runtime-1.0-SNAPSHOT.jar!/logback.xml]
05:26:24,901 |-WARN in ch.qos.logback.classic.LoggerContext[default] - Resource [logback.xml] occurs multiple times on the classpath.
05:26:24,901 |-WARN in ch.qos.logback.classic.LoggerContext[default] - Resource [logback.xml] occurs at [jar:file:/root/flamestream/lib/flamestream-runtime-1.0-SNAPSHOT.jar!/logback.xml]
05:26:24,901 |-WARN in ch.qos.logback.classic.LoggerContext[default] - Resource [logback.xml] occurs at [jar:file:/root/flamestream/flamestream-runtime-1.0-SNAPSHOT.jar!/logback.xml]
05:26:24,925 |-INFO in ch.qos.logback.core.joran.spi.ConfigurationWatchList@3fb6a447 - URL [jar:file:/root/flamestream/lib/flamestream-runtime-1.0-SNAPSHOT.jar!/logback.xml] is not of type file
05:26:24,992 |-INFO in ch.qos.logback.classic.joran.action.ConfigurationAction - debug attribute not set
05:26:24,992 |-INFO in ch.qos.logback.core.joran.action.AppenderAction - About to instantiate appender of type [ch.qos.logback.core.ConsoleAppender]
05:26:25,008 |-INFO in ch.qos.logback.core.joran.action.AppenderAction - Naming appender as [STDOUT]
05:26:25,026 |-INFO in ch.qos.logback.core.joran.action.NestedComplexPropertyIA - Assuming default type [ch.qos.logback.classic.encoder.PatternLayoutEncoder] for [encoder] property
05:26:25,114 |-INFO in ch.qos.logback.core.joran.action.AppenderAction - About to instantiate appender of type [ch.qos.logback.core.rolling.RollingFileAppender]
05:26:25,119 |-INFO in ch.qos.logback.core.joran.action.AppenderAction - Naming appender as [FILE]
05:26:25,148 |-INFO in c.q.l.core.rolling.TimeBasedRollingPolicy@127618319 - No compression will be used
05:26:25,149 |-INFO in c.q.l.core.rolling.TimeBasedRollingPolicy@127618319 - Will use the pattern /tmp/application_%d{yyyy-MM-dd}.%i.log for the active file
05:26:25,152 |-INFO in ch.qos.logback.core.rolling.SizeAndTimeBasedFNATP@6b2fad11 - The date pattern is 'yyyy-MM-dd' from file name pattern '/tmp/application_%d{yyyy-MM-dd}.%i.log'.
05:26:25,152 |-INFO in ch.qos.logback.core.rolling.SizeAndTimeBasedFNATP@6b2fad11 - Roll-over at midnight.
05:26:25,158 |-INFO in ch.qos.logback.core.rolling.SizeAndTimeBasedFNATP@6b2fad11 - Setting initial period to Tue Jun 11 05:25:10 UTC 2019
05:26:25,158 |-WARN in ch.qos.logback.core.rolling.SizeAndTimeBasedFNATP@6b2fad11 - SizeAndTimeBasedFNATP is deprecated. Use SizeAndTimeBasedRollingPolicy instead
05:26:25,158 |-WARN in ch.qos.logback.core.rolling.SizeAndTimeBasedFNATP@6b2fad11 - For more information see http://logback.qos.ch/manual/appenders.html#SizeAndTimeBasedRollingPolicy
05:26:25,162 |-INFO in ch.qos.logback.core.joran.action.NestedComplexPropertyIA - Assuming default type [ch.qos.logback.classic.encoder.PatternLayoutEncoder] for [encoder] property
05:26:25,167 |-INFO in ch.qos.logback.core.rolling.RollingFileAppender[FILE] - Active log file name: /tmp/application.log
05:26:25,167 |-INFO in ch.qos.logback.core.rolling.RollingFileAppender[FILE] - File property is set to [/tmp/application.log]
05:26:25,167 |-INFO in ch.qos.logback.classic.joran.action.RootLoggerAction - Setting level of ROOT logger to WARN
05:26:25,167 |-INFO in ch.qos.logback.core.joran.action.AppenderRefAction - Attaching appender named [STDOUT] to Logger[ROOT]
05:26:25,169 |-INFO in ch.qos.logback.core.joran.action.AppenderRefAction - Attaching appender named [FILE] to Logger[ROOT]
05:26:25,169 |-INFO in ch.qos.logback.classic.joran.action.ConfigurationAction - End of configuration.
05:26:25,170 |-INFO in ch.qos.logback.classic.joran.JoranConfigurator@79698539 - Registering current configuration as safe fallback point

Ama winner
Ama winner
2019-06-11T05:26:26.464+0000: 1.746: [Full GC (Metadata GC Threshold) 2019-06-11T05:26:26.464+0000: 1.746: [Tenured: 0K->15144K(341376K), 0.0396597 secs] 114988K->15144K(494976K), [Metaspace: 20736K->20736K(1067008K)], 0.0397264 secs] [Times: user=0.04 sys=0.00, real=0.04 secs] 
05:26:40.385 [Curator-PathChildrenCache-2] WARN  o.a.c.u.ZKPaths  - The version of ZooKeeper being used doesn't support Container nodes. CreateMode.PERSISTENT will be used instead.
2019-06-11T05:26:42.442+0000: 17.725: [GC (Allocation Failure) 2019-06-11T05:26:42.442+0000: 17.725: [DefNew: 136576K->17023K(153600K), 0.0279164 secs] 151720K->52734K(494976K), 0.0279815 secs] [Times: user=0.02 sys=0.01, real=0.03 secs] 
2019-06-11T05:26:43.138+0000: 18.420: [Full GC (Metadata GC Threshold) 2019-06-11T05:26:43.138+0000: 18.420: [Tenured: 35710K->44371K(341376K), 0.0345282 secs] 75928K->44371K(494976K), [Metaspace: 34609K->34609K(1079296K)], 0.0346059 secs] [Times: user=0.03 sys=0.00, real=0.03 secs] 
2019-06-11T05:26:46.900+0000: 22.182: [GC (Allocation Failure) 2019-06-11T05:26:46.900+0000: 22.182: [DefNew: 136576K->142K(153600K), 0.0020676 secs] 180947K->44514K(494976K), 0.0021271 secs] [Times: user=0.00 sys=0.00, real=0.00 secs] 
2019-06-11T05:26:50.538+0000: 25.820: [GC (Allocation Failure) 2019-06-11T05:26:50.538+0000: 25.820: [DefNew: 136718K->144K(153600K), 0.0018999 secs] 181090K->44515K(494976K), 0.0019705 secs] [Times: user=0.00 sys=0.00, real=0.00 secs] 
2019-06-11T05:26:54.228+0000: 29.510: [GC (Allocation Failure) 2019-06-11T05:26:54.228+0000: 29.510: [DefNew: 136720K->142K(153600K), 0.0018915 secs] 181091K->44514K(494976K), 0.0019521 secs] [Times: user=0.00 sys=0.00, real=0.00 secs] 
2019-06-11T05:26:57.939+0000: 33.221: [GC (Allocation Failure) 2019-06-11T05:26:57.939+0000: 33.221: [DefNew: 136718K->148K(153600K), 0.0020275 secs] 181090K->44519K(494976K), 0.0020859 secs] [Times: user=0.00 sys=0.00, real=0.00 secs] 
2019-06-11T05:27:01.666+0000: 36.948: [GC (Allocation Failure) 2019-06-11T05:27:01.666+0000: 36.948: [DefNew: 136724K->141K(153600K), 0.0020755 secs] 181095K->44513K(494976K), 0.0021407 secs] [Times: user=0.01 sys=0.00, real=0.00 secs] 
2019-06-11T05:27:05.395+0000: 40.677: [GC (Allocation Failure) 2019-06-11T05:27:05.395+0000: 40.677: [DefNew: 136717K->142K(153600K), 0.0020092 secs] 181089K->44514K(494976K), 0.0020725 secs] [Times: user=0.00 sys=0.00, real=0.00 secs] 
2019-06-11T05:27:09.059+0000: 44.341: [GC (Allocation Failure) 2019-06-11T05:27:09.059+0000: 44.341: [DefNew: 136718K->142K(153600K), 0.0019548 secs] 181090K->44513K(494976K), 0.0020148 secs] [Times: user=0.00 sys=0.00, real=0.00 secs] 
2019-06-11T05:27:12.769+0000: 48.052: [GC (Allocation Failure) 2019-06-11T05:27:12.770+0000: 48.052: [DefNew: 136718K->143K(153600K), 0.0019281 secs] 181089K->44514K(494976K), 0.0019954 secs] [Times: user=0.00 sys=0.00, real=0.00 secs] 
2019-06-11T05:27:23.409+0000: 58.691: [GC (Allocation Failure) 2019-06-11T05:27:23.409+0000: 58.691: [DefNew: 136719K->145K(153600K), 0.0020411 secs] 181090K->44516K(494976K), 0.0020935 secs] [Times: user=0.01 sys=0.00, real=0.00 secs] 
05:27:25.695 [Curator-PathChildrenCache-0] ERROR o.a.c.f.r.c.PathChildrenCache  - 
java.lang.IllegalStateException: instance must be started before calling this method
	at org.apache.curator.shaded.com.google.common.base.Preconditions.checkState(Preconditions.java:444)
	at org.apache.curator.framework.imps.CuratorFrameworkImpl.getChildren(CuratorFrameworkImpl.java:456)
	at org.apache.curator.framework.recipes.cache.PathChildrenCache.refresh(PathChildrenCache.java:521)
	at org.apache.curator.framework.recipes.cache.RefreshOperation.invoke(RefreshOperation.java:35)
	at org.apache.curator.framework.recipes.cache.PathChildrenCache$9.run(PathChildrenCache.java:786)
	at java.util.concurrent.Executors$RunnableAdapter.call(Executors.java:511)
	at java.util.concurrent.FutureTask.run(FutureTask.java:266)
	at java.util.concurrent.Executors$RunnableAdapter.call(Executors.java:511)
	at java.util.concurrent.FutureTask.run(FutureTask.java:266)
	at java.util.concurrent.ThreadPoolExecutor.runWorker(ThreadPoolExecutor.java:1149)
	at java.util.concurrent.ThreadPoolExecutor$Worker.run(ThreadPoolExecutor.java:624)
	at java.lang.Thread.run(Thread.java:748)
Heap
 def new generation   total 153600K, used 32636K [0x00000000e0c00000, 0x00000000eb2a0000, 0x00000000eb2a0000)
  eden space 136576K,  23% used [0x00000000e0c00000, 0x00000000e2bbabb8, 0x00000000e9160000)
  from space 17024K,   0% used [0x00000000e9160000, 0x00000000e91844a0, 0x00000000ea200000)
  to   space 17024K,   0% used [0x00000000ea200000, 0x00000000ea200000, 0x00000000eb2a0000)
 tenured generation   total 341376K, used 44371K [0x00000000eb2a0000, 0x0000000100000000, 0x0000000100000000)
   the space 341376K,  12% used [0x00000000eb2a0000, 0x00000000eddf4ce0, 0x00000000eddf4e00, 0x0000000100000000)
 Metaspace       used 35888K, capacity 36802K, committed 37120K, reserved 1081344K
  class space    used 4861K, capacity 5059K, committed 5120K, reserved 1048576K
