19:00:37,074 |-INFO in ch.qos.logback.classic.LoggerContext[default] - Could NOT find resource [logback-test.xml]
19:00:37,074 |-INFO in ch.qos.logback.classic.LoggerContext[default] - Could NOT find resource [logback.groovy]
19:00:37,074 |-INFO in ch.qos.logback.classic.LoggerContext[default] - Found resource [logback.xml] at [jar:file:/root/flamestream/lib/flamestream-runtime-1.0-SNAPSHOT.jar!/logback.xml]
19:00:37,075 |-WARN in ch.qos.logback.classic.LoggerContext[default] - Resource [logback.xml] occurs multiple times on the classpath.
19:00:37,075 |-WARN in ch.qos.logback.classic.LoggerContext[default] - Resource [logback.xml] occurs at [jar:file:/root/flamestream/lib/flamestream-runtime-1.0-SNAPSHOT.jar!/logback.xml]
19:00:37,075 |-WARN in ch.qos.logback.classic.LoggerContext[default] - Resource [logback.xml] occurs at [jar:file:/root/flamestream/flamestream-runtime-1.0-SNAPSHOT.jar!/logback.xml]
19:00:37,094 |-INFO in ch.qos.logback.core.joran.spi.ConfigurationWatchList@3fb6a447 - URL [jar:file:/root/flamestream/lib/flamestream-runtime-1.0-SNAPSHOT.jar!/logback.xml] is not of type file
19:00:37,160 |-INFO in ch.qos.logback.classic.joran.action.ConfigurationAction - debug attribute not set
19:00:37,160 |-INFO in ch.qos.logback.core.joran.action.AppenderAction - About to instantiate appender of type [ch.qos.logback.core.ConsoleAppender]
19:00:37,176 |-INFO in ch.qos.logback.core.joran.action.AppenderAction - Naming appender as [STDOUT]
19:00:37,189 |-INFO in ch.qos.logback.core.joran.action.NestedComplexPropertyIA - Assuming default type [ch.qos.logback.classic.encoder.PatternLayoutEncoder] for [encoder] property
19:00:37,294 |-INFO in ch.qos.logback.core.joran.action.AppenderAction - About to instantiate appender of type [ch.qos.logback.core.rolling.RollingFileAppender]
19:00:37,302 |-INFO in ch.qos.logback.core.joran.action.AppenderAction - Naming appender as [FILE]
19:00:37,331 |-INFO in c.q.l.core.rolling.TimeBasedRollingPolicy@127618319 - No compression will be used
19:00:37,332 |-INFO in c.q.l.core.rolling.TimeBasedRollingPolicy@127618319 - Will use the pattern /tmp/application_%d{yyyy-MM-dd}.%i.log for the active file
19:00:37,335 |-INFO in ch.qos.logback.core.rolling.SizeAndTimeBasedFNATP@6b2fad11 - The date pattern is 'yyyy-MM-dd' from file name pattern '/tmp/application_%d{yyyy-MM-dd}.%i.log'.
19:00:37,335 |-INFO in ch.qos.logback.core.rolling.SizeAndTimeBasedFNATP@6b2fad11 - Roll-over at midnight.
19:00:37,341 |-INFO in ch.qos.logback.core.rolling.SizeAndTimeBasedFNATP@6b2fad11 - Setting initial period to Mon Jun 10 18:59:05 UTC 2019
19:00:37,341 |-WARN in ch.qos.logback.core.rolling.SizeAndTimeBasedFNATP@6b2fad11 - SizeAndTimeBasedFNATP is deprecated. Use SizeAndTimeBasedRollingPolicy instead
19:00:37,341 |-WARN in ch.qos.logback.core.rolling.SizeAndTimeBasedFNATP@6b2fad11 - For more information see http://logback.qos.ch/manual/appenders.html#SizeAndTimeBasedRollingPolicy
19:00:37,345 |-INFO in ch.qos.logback.core.joran.action.NestedComplexPropertyIA - Assuming default type [ch.qos.logback.classic.encoder.PatternLayoutEncoder] for [encoder] property
19:00:37,349 |-INFO in ch.qos.logback.core.rolling.RollingFileAppender[FILE] - Active log file name: /tmp/application.log
19:00:37,349 |-INFO in ch.qos.logback.core.rolling.RollingFileAppender[FILE] - File property is set to [/tmp/application.log]
19:00:37,350 |-INFO in ch.qos.logback.classic.joran.action.RootLoggerAction - Setting level of ROOT logger to WARN
19:00:37,350 |-INFO in ch.qos.logback.core.joran.action.AppenderRefAction - Attaching appender named [STDOUT] to Logger[ROOT]
19:00:37,352 |-INFO in ch.qos.logback.core.joran.action.AppenderRefAction - Attaching appender named [FILE] to Logger[ROOT]
19:00:37,352 |-INFO in ch.qos.logback.classic.joran.action.ConfigurationAction - End of configuration.
19:00:37,353 |-INFO in ch.qos.logback.classic.joran.JoranConfigurator@79698539 - Registering current configuration as safe fallback point

Ama winner
Ama winner
2019-06-10T19:00:38.612+0000: 1.724: [Full GC (Metadata GC Threshold) 2019-06-10T19:00:38.612+0000: 1.724: [Tenured: 0K->15176K(341376K), 0.0396871 secs] 114923K->15176K(494976K), [Metaspace: 20723K->20723K(1067008K)], 0.0397502 secs] [Times: user=0.03 sys=0.00, real=0.04 secs] 
19:00:57.470 [Curator-PathChildrenCache-1] WARN  o.a.c.u.ZKPaths  - The version of ZooKeeper being used doesn't support Container nodes. CreateMode.PERSISTENT will be used instead.
2019-06-10T19:01:00.010+0000: 23.122: [GC (Allocation Failure) 2019-06-10T19:01:00.010+0000: 23.122: [DefNew: 136576K->17023K(153600K), 0.0281792 secs] 151752K->52457K(494976K), 0.0282519 secs] [Times: user=0.03 sys=0.00, real=0.03 secs] 
2019-06-10T19:01:01.052+0000: 24.164: [Full GC (Metadata GC Threshold) 2019-06-10T19:01:01.052+0000: 24.164: [Tenured: 35433K->43907K(341376K), 0.0386875 secs] 79284K->43907K(494976K), [Metaspace: 34553K->34553K(1079296K)], 0.0387598 secs] [Times: user=0.03 sys=0.01, real=0.04 secs] 
2019-06-10T19:01:07.685+0000: 30.797: [GC (Allocation Failure) 2019-06-10T19:01:07.685+0000: 30.797: [DefNew: 136576K->71K(153600K), 0.0019186 secs] 180483K->43979K(494976K), 0.0019842 secs] [Times: user=0.00 sys=0.00, real=0.01 secs] 
2019-06-10T19:01:14.192+0000: 37.304: [GC (Allocation Failure) 2019-06-10T19:01:14.192+0000: 37.304: [DefNew: 136647K->70K(153600K), 0.0017148 secs] 180555K->43978K(494976K), 0.0017774 secs] [Times: user=0.00 sys=0.00, real=0.01 secs] 
2019-06-10T19:01:20.847+0000: 43.959: [GC (Allocation Failure) 2019-06-10T19:01:20.847+0000: 43.959: [DefNew: 136646K->72K(153600K), 0.0017944 secs] 180554K->43980K(494976K), 0.0018546 secs] [Times: user=0.00 sys=0.00, real=0.00 secs] 
2019-06-10T19:01:27.525+0000: 50.637: [GC (Allocation Failure) 2019-06-10T19:01:27.525+0000: 50.637: [DefNew: 136648K->72K(153600K), 0.0018554 secs] 180556K->43980K(494976K), 0.0019137 secs] [Times: user=0.01 sys=0.00, real=0.01 secs] 
2019-06-10T19:01:34.261+0000: 57.373: [GC (Allocation Failure) 2019-06-10T19:01:34.261+0000: 57.373: [DefNew: 136648K->76K(153600K), 0.0018268 secs] 180556K->43984K(494976K), 0.0018859 secs] [Times: user=0.00 sys=0.00, real=0.00 secs] 
19:01:43.099 [Curator-PathChildrenCache-0] ERROR o.a.c.f.r.c.PathChildrenCache  - 
java.lang.IllegalStateException: instance must be started before calling this method
	at org.apache.curator.shaded.com.google.common.base.Preconditions.checkState(Preconditions.java:444)
	at org.apache.curator.framework.imps.CuratorFrameworkImpl.getChildren(CuratorFrameworkImpl.java:456)
	at org.apache.curator.framework.recipes.cache.PathChildrenCache.refresh(PathChildrenCache.java:521)
	at org.apache.curator.framework.recipes.cache.RefreshOperation.invoke(RefreshOperation.java:35)
	at org.apache.curator.framework.recipes.cache.PathChildrenCache$9.run(PathChildrenCache.java:786)
	at java.util.concurrent.Executors$RunnableAdapter.call(Executors.java:511)
	at java.util.concurrent.FutureTask.run(FutureTask.java:266)
	at java.util.concurrent.Executors$RunnableAdapter.call(Executors.java:511)
	at java.util.concurrent.FutureTask.run(FutureTask.java:266)
	at java.util.concurrent.ThreadPoolExecutor.runWorker(ThreadPoolExecutor.java:1149)
	at java.util.concurrent.ThreadPoolExecutor$Worker.run(ThreadPoolExecutor.java:624)
	at java.lang.Thread.run(Thread.java:748)
Heap
 def new generation   total 153600K, used 109787K [0x00000000e0c00000, 0x00000000eb2a0000, 0x00000000eb2a0000)
  eden space 136576K,  80% used [0x00000000e0c00000, 0x00000000e7723d60, 0x00000000e9160000)
  from space 17024K,   0% used [0x00000000e9160000, 0x00000000e91730d8, 0x00000000ea200000)
  to   space 17024K,   0% used [0x00000000ea200000, 0x00000000ea200000, 0x00000000eb2a0000)
 tenured generation   total 341376K, used 43907K [0x00000000eb2a0000, 0x0000000100000000, 0x0000000100000000)
   the space 341376K,  12% used [0x00000000eb2a0000, 0x00000000edd80fc8, 0x00000000edd81000, 0x0000000100000000)
 Metaspace       used 36208K, capacity 37122K, committed 37376K, reserved 1081344K
  class space    used 4878K, capacity 5085K, committed 5120K, reserved 1048576K
