06:12:19,623 |-INFO in ch.qos.logback.classic.LoggerContext[default] - Could NOT find resource [logback-test.xml]
06:12:19,623 |-INFO in ch.qos.logback.classic.LoggerContext[default] - Could NOT find resource [logback.groovy]
06:12:19,624 |-INFO in ch.qos.logback.classic.LoggerContext[default] - Found resource [logback.xml] at [jar:file:/home/nikitasokolov/flamestream/lib/flamestream-runtime-1.0-SNAPSHOT.jar!/logback.xml]
06:12:19,624 |-WARN in ch.qos.logback.classic.LoggerContext[default] - Resource [logback.xml] occurs multiple times on the classpath.
06:12:19,624 |-WARN in ch.qos.logback.classic.LoggerContext[default] - Resource [logback.xml] occurs at [jar:file:/home/nikitasokolov/flamestream/lib/flamestream-runtime-1.0-SNAPSHOT.jar!/logback.xml]
06:12:19,624 |-WARN in ch.qos.logback.classic.LoggerContext[default] - Resource [logback.xml] occurs at [jar:file:/home/nikitasokolov/flamestream/flamestream-runtime-1.0-SNAPSHOT.jar!/logback.xml]
06:12:19,640 |-INFO in ch.qos.logback.core.joran.spi.ConfigurationWatchList@6108b2d7 - URL [jar:file:/home/nikitasokolov/flamestream/lib/flamestream-runtime-1.0-SNAPSHOT.jar!/logback.xml] is not of type file
06:12:19,690 |-INFO in ch.qos.logback.classic.joran.action.ConfigurationAction - debug attribute not set
06:12:19,691 |-INFO in ch.qos.logback.core.joran.action.AppenderAction - About to instantiate appender of type [ch.qos.logback.core.ConsoleAppender]
06:12:19,699 |-INFO in ch.qos.logback.core.joran.action.AppenderAction - Naming appender as [STDOUT]
06:12:19,707 |-INFO in ch.qos.logback.core.joran.action.NestedComplexPropertyIA - Assuming default type [ch.qos.logback.classic.encoder.PatternLayoutEncoder] for [encoder] property
06:12:19,760 |-INFO in ch.qos.logback.core.joran.action.AppenderAction - About to instantiate appender of type [ch.qos.logback.core.rolling.RollingFileAppender]
06:12:19,765 |-INFO in ch.qos.logback.core.joran.action.AppenderAction - Naming appender as [FILE]
06:12:19,786 |-INFO in c.q.l.core.rolling.TimeBasedRollingPolicy@357863579 - No compression will be used
06:12:19,787 |-INFO in c.q.l.core.rolling.TimeBasedRollingPolicy@357863579 - Will use the pattern /tmp/application_%d{yyyy-MM-dd}.%i.log for the active file
06:12:19,790 |-INFO in ch.qos.logback.core.rolling.SizeAndTimeBasedFNATP@6bf256fa - The date pattern is 'yyyy-MM-dd' from file name pattern '/tmp/application_%d{yyyy-MM-dd}.%i.log'.
06:12:19,790 |-INFO in ch.qos.logback.core.rolling.SizeAndTimeBasedFNATP@6bf256fa - Roll-over at midnight.
06:12:19,794 |-INFO in ch.qos.logback.core.rolling.SizeAndTimeBasedFNATP@6bf256fa - Setting initial period to Sun Jun 09 06:11:39 MSK 2019
06:12:19,794 |-WARN in ch.qos.logback.core.rolling.SizeAndTimeBasedFNATP@6bf256fa - SizeAndTimeBasedFNATP is deprecated. Use SizeAndTimeBasedRollingPolicy instead
06:12:19,794 |-WARN in ch.qos.logback.core.rolling.SizeAndTimeBasedFNATP@6bf256fa - For more information see http://logback.qos.ch/manual/appenders.html#SizeAndTimeBasedRollingPolicy
06:12:19,799 |-INFO in ch.qos.logback.core.joran.action.NestedComplexPropertyIA - Assuming default type [ch.qos.logback.classic.encoder.PatternLayoutEncoder] for [encoder] property
06:12:19,801 |-INFO in ch.qos.logback.core.rolling.RollingFileAppender[FILE] - Active log file name: /tmp/application.log
06:12:19,801 |-INFO in ch.qos.logback.core.rolling.RollingFileAppender[FILE] - File property is set to [/tmp/application.log]
06:12:19,802 |-INFO in ch.qos.logback.classic.joran.action.RootLoggerAction - Setting level of ROOT logger to WARN
06:12:19,802 |-INFO in ch.qos.logback.core.joran.action.AppenderRefAction - Attaching appender named [STDOUT] to Logger[ROOT]
06:12:19,803 |-INFO in ch.qos.logback.core.joran.action.AppenderRefAction - Attaching appender named [FILE] to Logger[ROOT]
06:12:19,803 |-INFO in ch.qos.logback.classic.joran.action.ConfigurationAction - End of configuration.
06:12:19,804 |-INFO in ch.qos.logback.classic.joran.JoranConfigurator@6cd8737 - Registering current configuration as safe fallback point

2019-06-09T06:12:20.796+0300: 1.374: [GC (Metadata GC Threshold) [PSYoungGen: 108151K->15764K(149504K)] 108151K->15844K(491008K), 0.0198654 secs] [Times: user=0.07 sys=0.02, real=0.02 secs] 
2019-06-09T06:12:20.816+0300: 1.394: [Full GC (Metadata GC Threshold) [PSYoungGen: 15764K->0K(149504K)] [ParOldGen: 80K->14981K(341504K)] 15844K->14981K(491008K), [Metaspace: 20802K->20802K(1067008K)], 0.0269854 secs] [Times: user=0.17 sys=0.02, real=0.03 secs] 
06:12:30.968 [Curator-PathChildrenCache-1] WARN  o.a.c.u.ZKPaths  - The version of ZooKeeper being used doesn't support Container nodes. CreateMode.PERSISTENT will be used instead.
2019-06-09T06:12:31.828+0300: 12.405: [GC (Metadata GC Threshold) [PSYoungGen: 126456K->15690K(149504K)] 141438K->50212K(491008K), 0.0328171 secs] [Times: user=0.27 sys=0.03, real=0.04 secs] 
2019-06-09T06:12:31.860+0300: 12.438: [Full GC (Metadata GC Threshold) [PSYoungGen: 15690K->0K(149504K)] [ParOldGen: 34521K->38695K(341504K)] 50212K->38695K(491008K), [Metaspace: 34563K->34563K(1079296K)], 0.0379814 secs] [Times: user=0.21 sys=0.01, real=0.04 secs] 
2019-06-09T06:12:33.594+0300: 14.171: [GC (Allocation Failure) [PSYoungGen: 128512K->576K(149504K)] 167207K->39279K(491008K), 0.0033977 secs] [Times: user=0.02 sys=0.00, real=0.00 secs] 
2019-06-09T06:12:35.339+0300: 15.916: [GC (Allocation Failure) [PSYoungGen: 129088K->576K(149504K)] 167791K->39287K(491008K), 0.0025739 secs] [Times: user=0.01 sys=0.00, real=0.00 secs] 
2019-06-09T06:12:36.837+0300: 17.414: [GC (Allocation Failure) [PSYoungGen: 129088K->800K(149504K)] 167799K->39511K(491008K), 0.0033516 secs] [Times: user=0.00 sys=0.02, real=0.01 secs] 
2019-06-09T06:12:38.194+0300: 18.771: [GC (Allocation Failure) [PSYoungGen: 129312K->896K(150016K)] 168023K->39607K(491520K), 0.0029953 secs] [Times: user=0.02 sys=0.00, real=0.00 secs] 
2019-06-09T06:12:39.451+0300: 20.029: [GC (Allocation Failure) [PSYoungGen: 129920K->1024K(149504K)] 168631K->39735K(491008K), 0.0038029 secs] [Times: user=0.01 sys=0.00, real=0.00 secs] 
2019-06-09T06:12:40.445+0300: 21.023: [GC (Allocation Failure) [PSYoungGen: 130048K->928K(152064K)] 168759K->39639K(493568K), 0.0029495 secs] [Times: user=0.01 sys=0.00, real=0.00 secs] 
2019-06-09T06:12:41.860+0300: 22.494: [GC (Allocation Failure) [PSYoungGen: 133536K->896K(151040K)] 172247K->39607K(492544K), 0.0648081 secs] [Times: user=0.05 sys=0.01, real=0.06 secs] 
2019-06-09T06:12:42.998+0300: 23.575: [GC (Allocation Failure) [PSYoungGen: 133504K->928K(153600K)] 172215K->39647K(495104K), 0.0035313 secs] [Times: user=0.01 sys=0.00, real=0.00 secs] 
2019-06-09T06:12:44.106+0300: 24.683: [GC (Allocation Failure) [PSYoungGen: 136608K->864K(152576K)] 175327K->39591K(494080K), 0.0033914 secs] [Times: user=0.01 sys=0.00, real=0.00 secs] 
2019-06-09T06:12:45.234+0300: 25.811: [GC (Allocation Failure) [PSYoungGen: 136544K->1088K(155136K)] 175271K->39815K(496640K), 0.0062287 secs] [Times: user=0.05 sys=0.00, real=0.01 secs] 
2019-06-09T06:12:46.831+0300: 27.408: [GC (Allocation Failure) [PSYoungGen: 139840K->1056K(154112K)] 178567K->39783K(495616K), 0.0046452 secs] [Times: user=0.02 sys=0.01, real=0.00 secs] 
2019-06-09T06:12:48.333+0300: 28.910: [GC (Allocation Failure) [PSYoungGen: 139808K->1056K(156672K)] 178535K->39791K(498176K), 0.0028428 secs] [Times: user=0.02 sys=0.00, real=0.00 secs] 
2019-06-09T06:12:49.845+0300: 30.422: [GC (Allocation Failure) [PSYoungGen: 143392K->1056K(156160K)] 182127K->39791K(497664K), 0.0024383 secs] [Times: user=0.01 sys=0.00, real=0.00 secs] 
2019-06-09T06:12:51.569+0300: 32.146: [GC (Allocation Failure) [PSYoungGen: 143392K->1120K(158208K)] 182127K->39855K(499712K), 0.0032153 secs] [Times: user=0.00 sys=0.01, real=0.01 secs] 
06:12:57.934 [Curator-PathChildrenCache-0] ERROR o.a.c.f.r.c.PathChildrenCache  - 
java.lang.IllegalStateException: instance must be started before calling this method
	at org.apache.curator.shaded.com.google.common.base.Preconditions.checkState(Preconditions.java:444)
	at org.apache.curator.framework.imps.CuratorFrameworkImpl.getChildren(CuratorFrameworkImpl.java:456)
	at org.apache.curator.framework.recipes.cache.PathChildrenCache.refresh(PathChildrenCache.java:521)
	at org.apache.curator.framework.recipes.cache.RefreshOperation.invoke(RefreshOperation.java:35)
	at org.apache.curator.framework.recipes.cache.PathChildrenCache$9.run(PathChildrenCache.java:786)
	at java.util.concurrent.Executors$RunnableAdapter.call(Executors.java:511)
	at java.util.concurrent.FutureTask.run(FutureTask.java:266)
	at java.util.concurrent.Executors$RunnableAdapter.call(Executors.java:511)
	at java.util.concurrent.FutureTask.run(FutureTask.java:266)
	at java.util.concurrent.ThreadPoolExecutor.runWorker(ThreadPoolExecutor.java:1149)
	at java.util.concurrent.ThreadPoolExecutor$Worker.run(ThreadPoolExecutor.java:624)
	at java.lang.Thread.run(Thread.java:748)
Heap
 PSYoungGen      total 158208K, used 91001K [0x00000000f5980000, 0x0000000100000000, 0x0000000100000000)
  eden space 145408K, 61% used [0x00000000f5980000,0x00000000fb146458,0x00000000fe780000)
  from space 12800K, 8% used [0x00000000ff380000,0x00000000ff498090,0x0000000100000000)
  to   space 12288K, 0% used [0x00000000fe780000,0x00000000fe780000,0x00000000ff380000)
 ParOldGen       total 341504K, used 38735K [0x00000000e0c00000, 0x00000000f5980000, 0x00000000f5980000)
  object space 341504K, 11% used [0x00000000e0c00000,0x00000000e31d3e38,0x00000000f5980000)
 Metaspace       used 35750K, capacity 36614K, committed 36952K, reserved 1081344K
  class space    used 4936K, capacity 5129K, committed 5248K, reserved 1048576K
