14:53:52,362 |-INFO in ch.qos.logback.classic.LoggerContext[default] - Could NOT find resource [logback-test.xml]
14:53:52,362 |-INFO in ch.qos.logback.classic.LoggerContext[default] - Could NOT find resource [logback.groovy]
14:53:52,362 |-INFO in ch.qos.logback.classic.LoggerContext[default] - Found resource [logback.xml] at [jar:file:/root/flamestream/lib/flamestream-runtime-1.0-SNAPSHOT.jar!/logback.xml]
14:53:52,363 |-WARN in ch.qos.logback.classic.LoggerContext[default] - Resource [logback.xml] occurs multiple times on the classpath.
14:53:52,363 |-WARN in ch.qos.logback.classic.LoggerContext[default] - Resource [logback.xml] occurs at [jar:file:/root/flamestream/lib/flamestream-runtime-1.0-SNAPSHOT.jar!/logback.xml]
14:53:52,363 |-WARN in ch.qos.logback.classic.LoggerContext[default] - Resource [logback.xml] occurs at [jar:file:/root/flamestream/flamestream-runtime-1.0-SNAPSHOT.jar!/logback.xml]
14:53:52,382 |-INFO in ch.qos.logback.core.joran.spi.ConfigurationWatchList@3fb6a447 - URL [jar:file:/root/flamestream/lib/flamestream-runtime-1.0-SNAPSHOT.jar!/logback.xml] is not of type file
14:53:52,451 |-INFO in ch.qos.logback.classic.joran.action.ConfigurationAction - debug attribute not set
14:53:52,451 |-INFO in ch.qos.logback.core.joran.action.AppenderAction - About to instantiate appender of type [ch.qos.logback.core.ConsoleAppender]
14:53:52,471 |-INFO in ch.qos.logback.core.joran.action.AppenderAction - Naming appender as [STDOUT]
14:53:52,487 |-INFO in ch.qos.logback.core.joran.action.NestedComplexPropertyIA - Assuming default type [ch.qos.logback.classic.encoder.PatternLayoutEncoder] for [encoder] property
14:53:52,570 |-INFO in ch.qos.logback.core.joran.action.AppenderAction - About to instantiate appender of type [ch.qos.logback.core.rolling.RollingFileAppender]
14:53:52,575 |-INFO in ch.qos.logback.core.joran.action.AppenderAction - Naming appender as [FILE]
14:53:52,608 |-INFO in c.q.l.core.rolling.TimeBasedRollingPolicy@127618319 - No compression will be used
14:53:52,609 |-INFO in c.q.l.core.rolling.TimeBasedRollingPolicy@127618319 - Will use the pattern /tmp/application_%d{yyyy-MM-dd}.%i.log for the active file
14:53:52,612 |-INFO in ch.qos.logback.core.rolling.SizeAndTimeBasedFNATP@6b2fad11 - The date pattern is 'yyyy-MM-dd' from file name pattern '/tmp/application_%d{yyyy-MM-dd}.%i.log'.
14:53:52,612 |-INFO in ch.qos.logback.core.rolling.SizeAndTimeBasedFNATP@6b2fad11 - Roll-over at midnight.
14:53:52,618 |-INFO in ch.qos.logback.core.rolling.SizeAndTimeBasedFNATP@6b2fad11 - Setting initial period to Mon Jun 10 14:52:35 UTC 2019
14:53:52,618 |-WARN in ch.qos.logback.core.rolling.SizeAndTimeBasedFNATP@6b2fad11 - SizeAndTimeBasedFNATP is deprecated. Use SizeAndTimeBasedRollingPolicy instead
14:53:52,618 |-WARN in ch.qos.logback.core.rolling.SizeAndTimeBasedFNATP@6b2fad11 - For more information see http://logback.qos.ch/manual/appenders.html#SizeAndTimeBasedRollingPolicy
14:53:52,622 |-INFO in ch.qos.logback.core.joran.action.NestedComplexPropertyIA - Assuming default type [ch.qos.logback.classic.encoder.PatternLayoutEncoder] for [encoder] property
14:53:52,626 |-INFO in ch.qos.logback.core.rolling.RollingFileAppender[FILE] - Active log file name: /tmp/application.log
14:53:52,626 |-INFO in ch.qos.logback.core.rolling.RollingFileAppender[FILE] - File property is set to [/tmp/application.log]
14:53:52,627 |-INFO in ch.qos.logback.classic.joran.action.RootLoggerAction - Setting level of ROOT logger to WARN
14:53:52,627 |-INFO in ch.qos.logback.core.joran.action.AppenderRefAction - Attaching appender named [STDOUT] to Logger[ROOT]
14:53:52,629 |-INFO in ch.qos.logback.core.joran.action.AppenderRefAction - Attaching appender named [FILE] to Logger[ROOT]
14:53:52,629 |-INFO in ch.qos.logback.classic.joran.action.ConfigurationAction - End of configuration.
14:53:52,630 |-INFO in ch.qos.logback.classic.joran.JoranConfigurator@79698539 - Registering current configuration as safe fallback point

Ama winner
Ama winner
2019-06-10T14:53:53.901+0000: 1.724: [Full GC (Metadata GC Threshold) 2019-06-10T14:53:53.901+0000: 1.724: [Tenured: 0K->15241K(341376K), 0.0390791 secs] 117751K->15241K(494976K), [Metaspace: 20724K->20724K(1067008K)], 0.0391460 secs] [Times: user=0.03 sys=0.01, real=0.04 secs] 
14:54:06.194 [Curator-PathChildrenCache-1] WARN  o.a.c.u.ZKPaths  - The version of ZooKeeper being used doesn't support Container nodes. CreateMode.PERSISTENT will be used instead.
2019-06-10T14:54:08.744+0000: 16.567: [GC (Allocation Failure) 2019-06-10T14:54:08.744+0000: 16.568: [DefNew: 136576K->17024K(153600K), 0.0261713 secs] 151817K->52924K(494976K), 0.0262500 secs] [Times: user=0.02 sys=0.00, real=0.03 secs] 
2019-06-10T14:54:09.503+0000: 17.327: [Full GC (Metadata GC Threshold) 2019-06-10T14:54:09.503+0000: 17.327: [Tenured: 35900K->44710K(341376K), 0.0391420 secs] 75768K->44710K(494976K), [Metaspace: 34567K->34567K(1079296K)], 0.0392225 secs] [Times: user=0.03 sys=0.01, real=0.04 secs] 
2019-06-10T14:54:16.031+0000: 23.854: [GC (Allocation Failure) 2019-06-10T14:54:16.031+0000: 23.854: [DefNew: 136576K->146K(153600K), 0.0018684 secs] 181286K->44856K(494976K), 0.0019271 secs] [Times: user=0.00 sys=0.00, real=0.00 secs] 
2019-06-10T14:54:22.514+0000: 30.337: [GC (Allocation Failure) 2019-06-10T14:54:22.514+0000: 30.337: [DefNew: 136722K->179K(153600K), 0.0018444 secs] 181432K->44889K(494976K), 0.0019040 secs] [Times: user=0.00 sys=0.00, real=0.01 secs] 
2019-06-10T14:54:29.033+0000: 36.856: [GC (Allocation Failure) 2019-06-10T14:54:29.033+0000: 36.856: [DefNew: 136755K->208K(153600K), 0.0019408 secs] 181465K->44918K(494976K), 0.0020021 secs] [Times: user=0.00 sys=0.00, real=0.01 secs] 
2019-06-10T14:54:35.534+0000: 43.357: [GC (Allocation Failure) 2019-06-10T14:54:35.534+0000: 43.357: [DefNew: 136784K->239K(153600K), 0.0018942 secs] 181494K->44949K(494976K), 0.0019553 secs] [Times: user=0.00 sys=0.00, real=0.01 secs] 
2019-06-10T14:54:42.086+0000: 49.910: [GC (Allocation Failure) 2019-06-10T14:54:42.086+0000: 49.910: [DefNew: 136815K->240K(153600K), 0.0019481 secs] 181525K->44951K(494976K), 0.0020082 secs] [Times: user=0.00 sys=0.01, real=0.01 secs] 
14:54:54.320 [Curator-PathChildrenCache-0] ERROR o.a.c.f.r.c.PathChildrenCache  - 
java.lang.IllegalStateException: instance must be started before calling this method
	at org.apache.curator.shaded.com.google.common.base.Preconditions.checkState(Preconditions.java:444)
	at org.apache.curator.framework.imps.CuratorFrameworkImpl.getChildren(CuratorFrameworkImpl.java:456)
	at org.apache.curator.framework.recipes.cache.PathChildrenCache.refresh(PathChildrenCache.java:521)
	at org.apache.curator.framework.recipes.cache.RefreshOperation.invoke(RefreshOperation.java:35)
	at org.apache.curator.framework.recipes.cache.PathChildrenCache$9.run(PathChildrenCache.java:786)
	at java.util.concurrent.Executors$RunnableAdapter.call(Executors.java:511)
	at java.util.concurrent.FutureTask.run(FutureTask.java:266)
	at java.util.concurrent.Executors$RunnableAdapter.call(Executors.java:511)
	at java.util.concurrent.FutureTask.run(FutureTask.java:266)
	at java.util.concurrent.ThreadPoolExecutor.runWorker(ThreadPoolExecutor.java:1149)
	at java.util.concurrent.ThreadPoolExecutor$Worker.run(ThreadPoolExecutor.java:624)
	at java.lang.Thread.run(Thread.java:748)
Heap
 def new generation   total 153600K, used 131449K [0x00000000e0c00000, 0x00000000eb2a0000, 0x00000000eb2a0000)
  eden space 136576K,  96% used [0x00000000e0c00000, 0x00000000e8c222a8, 0x00000000e9160000)
  from space 17024K,   1% used [0x00000000e9160000, 0x00000000e919c330, 0x00000000ea200000)
  to   space 17024K,   0% used [0x00000000ea200000, 0x00000000ea200000, 0x00000000eb2a0000)
 tenured generation   total 341376K, used 44710K [0x00000000eb2a0000, 0x0000000100000000, 0x0000000100000000)
   the space 341376K,  13% used [0x00000000eb2a0000, 0x00000000ede498d0, 0x00000000ede49a00, 0x0000000100000000)
 Metaspace       used 36153K, capacity 37074K, committed 37376K, reserved 1081344K
  class space    used 4876K, capacity 5087K, committed 5120K, reserved 1048576K
