05:53:12,081 |-INFO in ch.qos.logback.classic.LoggerContext[default] - Could NOT find resource [logback-test.xml]
05:53:12,081 |-INFO in ch.qos.logback.classic.LoggerContext[default] - Could NOT find resource [logback.groovy]
05:53:12,081 |-INFO in ch.qos.logback.classic.LoggerContext[default] - Found resource [logback.xml] at [jar:file:/root/flamestream/lib/flamestream-runtime-1.0-SNAPSHOT.jar!/logback.xml]
05:53:12,086 |-WARN in ch.qos.logback.classic.LoggerContext[default] - Resource [logback.xml] occurs multiple times on the classpath.
05:53:12,087 |-WARN in ch.qos.logback.classic.LoggerContext[default] - Resource [logback.xml] occurs at [jar:file:/root/flamestream/lib/flamestream-runtime-1.0-SNAPSHOT.jar!/logback.xml]
05:53:12,087 |-WARN in ch.qos.logback.classic.LoggerContext[default] - Resource [logback.xml] occurs at [jar:file:/root/flamestream/flamestream-runtime-1.0-SNAPSHOT.jar!/logback.xml]
05:53:12,106 |-INFO in ch.qos.logback.core.joran.spi.ConfigurationWatchList@3fb6a447 - URL [jar:file:/root/flamestream/lib/flamestream-runtime-1.0-SNAPSHOT.jar!/logback.xml] is not of type file
05:53:12,172 |-INFO in ch.qos.logback.classic.joran.action.ConfigurationAction - debug attribute not set
05:53:12,172 |-INFO in ch.qos.logback.core.joran.action.AppenderAction - About to instantiate appender of type [ch.qos.logback.core.ConsoleAppender]
05:53:12,188 |-INFO in ch.qos.logback.core.joran.action.AppenderAction - Naming appender as [STDOUT]
05:53:12,208 |-INFO in ch.qos.logback.core.joran.action.NestedComplexPropertyIA - Assuming default type [ch.qos.logback.classic.encoder.PatternLayoutEncoder] for [encoder] property
05:53:12,284 |-INFO in ch.qos.logback.core.joran.action.AppenderAction - About to instantiate appender of type [ch.qos.logback.core.rolling.RollingFileAppender]
05:53:12,293 |-INFO in ch.qos.logback.core.joran.action.AppenderAction - Naming appender as [FILE]
05:53:12,321 |-INFO in c.q.l.core.rolling.TimeBasedRollingPolicy@127618319 - No compression will be used
05:53:12,322 |-INFO in c.q.l.core.rolling.TimeBasedRollingPolicy@127618319 - Will use the pattern /tmp/application_%d{yyyy-MM-dd}.%i.log for the active file
05:53:12,324 |-INFO in ch.qos.logback.core.rolling.SizeAndTimeBasedFNATP@6b2fad11 - The date pattern is 'yyyy-MM-dd' from file name pattern '/tmp/application_%d{yyyy-MM-dd}.%i.log'.
05:53:12,324 |-INFO in ch.qos.logback.core.rolling.SizeAndTimeBasedFNATP@6b2fad11 - Roll-over at midnight.
05:53:12,330 |-INFO in ch.qos.logback.core.rolling.SizeAndTimeBasedFNATP@6b2fad11 - Setting initial period to Tue Jun 11 05:52:00 UTC 2019
05:53:12,330 |-WARN in ch.qos.logback.core.rolling.SizeAndTimeBasedFNATP@6b2fad11 - SizeAndTimeBasedFNATP is deprecated. Use SizeAndTimeBasedRollingPolicy instead
05:53:12,330 |-WARN in ch.qos.logback.core.rolling.SizeAndTimeBasedFNATP@6b2fad11 - For more information see http://logback.qos.ch/manual/appenders.html#SizeAndTimeBasedRollingPolicy
05:53:12,334 |-INFO in ch.qos.logback.core.joran.action.NestedComplexPropertyIA - Assuming default type [ch.qos.logback.classic.encoder.PatternLayoutEncoder] for [encoder] property
05:53:12,339 |-INFO in ch.qos.logback.core.rolling.RollingFileAppender[FILE] - Active log file name: /tmp/application.log
05:53:12,339 |-INFO in ch.qos.logback.core.rolling.RollingFileAppender[FILE] - File property is set to [/tmp/application.log]
05:53:12,340 |-INFO in ch.qos.logback.classic.joran.action.RootLoggerAction - Setting level of ROOT logger to WARN
05:53:12,340 |-INFO in ch.qos.logback.core.joran.action.AppenderRefAction - Attaching appender named [STDOUT] to Logger[ROOT]
05:53:12,340 |-INFO in ch.qos.logback.core.joran.action.AppenderRefAction - Attaching appender named [FILE] to Logger[ROOT]
05:53:12,340 |-INFO in ch.qos.logback.classic.joran.action.ConfigurationAction - End of configuration.
05:53:12,341 |-INFO in ch.qos.logback.classic.joran.JoranConfigurator@79698539 - Registering current configuration as safe fallback point

Ama winner
Ama winner
2019-06-11T05:53:13.686+0000: 1.784: [Full GC (Metadata GC Threshold) 2019-06-11T05:53:13.686+0000: 1.784: [Tenured: 0K->15177K(341376K), 0.0395956 secs] 114923K->15177K(494976K), [Metaspace: 20725K->20725K(1067008K)], 0.0396675 secs] [Times: user=0.04 sys=0.00, real=0.04 secs] 
05:53:30.850 [Curator-PathChildrenCache-2] WARN  o.a.c.u.ZKPaths  - The version of ZooKeeper being used doesn't support Container nodes. CreateMode.PERSISTENT will be used instead.
2019-06-11T05:53:33.309+0000: 21.407: [GC (Allocation Failure) 2019-06-11T05:53:33.309+0000: 21.407: [DefNew: 136576K->16839K(153600K), 0.0266643 secs] 151753K->51548K(494976K), 0.0267378 secs] [Times: user=0.00 sys=0.02, real=0.03 secs] 
2019-06-11T05:53:33.628+0000: 21.726: [Full GC (Metadata GC Threshold) 2019-06-11T05:53:33.628+0000: 21.726: [Tenured: 34709K->43288K(341376K), 0.0350826 secs] 65303K->43288K(494976K), [Metaspace: 34544K->34544K(1079296K)], 0.0351570 secs] [Times: user=0.03 sys=0.00, real=0.03 secs] 
2019-06-11T05:53:37.921+0000: 26.019: [GC (Allocation Failure) 2019-06-11T05:53:37.921+0000: 26.019: [DefNew: 136576K->139K(153600K), 0.0020769 secs] 179864K->43427K(494976K), 0.0021369 secs] [Times: user=0.01 sys=0.00, real=0.00 secs] 
2019-06-11T05:53:42.281+0000: 30.379: [GC (Allocation Failure) 2019-06-11T05:53:42.281+0000: 30.379: [DefNew: 136715K->141K(153600K), 0.0018548 secs] 180003K->43430K(494976K), 0.0019141 secs] [Times: user=0.00 sys=0.00, real=0.00 secs] 
2019-06-11T05:53:46.613+0000: 34.711: [GC (Allocation Failure) 2019-06-11T05:53:46.613+0000: 34.711: [DefNew: 136717K->150K(153600K), 0.0019021 secs] 180006K->43438K(494976K), 0.0019655 secs] [Times: user=0.00 sys=0.00, real=0.01 secs] 
2019-06-11T05:53:50.979+0000: 39.078: [GC (Allocation Failure) 2019-06-11T05:53:50.979+0000: 39.078: [DefNew: 136726K->145K(153600K), 0.0019514 secs] 180014K->43433K(494976K), 0.0020098 secs] [Times: user=0.01 sys=0.00, real=0.00 secs] 
2019-06-11T05:53:55.346+0000: 43.445: [GC (Allocation Failure) 2019-06-11T05:53:55.347+0000: 43.445: [DefNew: 136721K->145K(153600K), 0.0018723 secs] 180009K->43433K(494976K), 0.0019313 secs] [Times: user=0.00 sys=0.00, real=0.00 secs] 
2019-06-11T05:53:59.755+0000: 47.854: [GC (Allocation Failure) 2019-06-11T05:53:59.755+0000: 47.854: [DefNew: 136721K->146K(153600K), 0.0019331 secs] 180009K->43435K(494976K), 0.0020019 secs] [Times: user=0.00 sys=0.00, real=0.00 secs] 
2019-06-11T05:54:04.233+0000: 52.332: [GC (Allocation Failure) 2019-06-11T05:54:04.233+0000: 52.332: [DefNew: 136722K->153K(153600K), 0.0019774 secs] 180011K->43441K(494976K), 0.0020403 secs] [Times: user=0.01 sys=0.00, real=0.00 secs] 
2019-06-11T05:54:09.334+0000: 57.432: [GC (Allocation Failure) 2019-06-11T05:54:09.334+0000: 57.432: [DefNew: 136729K->144K(153600K), 0.0019510 secs] 180017K->43433K(494976K), 0.0020115 secs] [Times: user=0.00 sys=0.00, real=0.00 secs] 
2019-06-11T05:54:26.797+0000: 74.895: [GC (Allocation Failure) 2019-06-11T05:54:26.797+0000: 74.895: [DefNew: 136720K->503K(153600K), 0.0148201 secs] 180009K->43791K(494976K), 0.0148894 secs] [Times: user=0.01 sys=0.00, real=0.01 secs] 
05:54:32.048 [Curator-PathChildrenCache-0] ERROR o.a.c.f.r.c.PathChildrenCache  - 
java.lang.IllegalStateException: instance must be started before calling this method
	at org.apache.curator.shaded.com.google.common.base.Preconditions.checkState(Preconditions.java:444)
	at org.apache.curator.framework.imps.CuratorFrameworkImpl.getChildren(CuratorFrameworkImpl.java:456)
	at org.apache.curator.framework.recipes.cache.PathChildrenCache.refresh(PathChildrenCache.java:521)
	at org.apache.curator.framework.recipes.cache.RefreshOperation.invoke(RefreshOperation.java:35)
	at org.apache.curator.framework.recipes.cache.PathChildrenCache$9.run(PathChildrenCache.java:786)
	at java.util.concurrent.Executors$RunnableAdapter.call(Executors.java:511)
	at java.util.concurrent.FutureTask.run(FutureTask.java:266)
	at java.util.concurrent.Executors$RunnableAdapter.call(Executors.java:511)
	at java.util.concurrent.FutureTask.run(FutureTask.java:266)
	at java.util.concurrent.ThreadPoolExecutor.runWorker(ThreadPoolExecutor.java:1149)
	at java.util.concurrent.ThreadPoolExecutor$Worker.run(ThreadPoolExecutor.java:624)
	at java.lang.Thread.run(Thread.java:748)
Heap
 def new generation   total 153600K, used 44151K [0x00000000e0c00000, 0x00000000eb2a0000, 0x00000000eb2a0000)
  eden space 136576K,  31% used [0x00000000e0c00000, 0x00000000e36a0058, 0x00000000e9160000)
  from space 17024K,   2% used [0x00000000e9160000, 0x00000000e91ddce0, 0x00000000ea200000)
  to   space 17024K,   0% used [0x00000000ea200000, 0x00000000ea200000, 0x00000000eb2a0000)
 tenured generation   total 341376K, used 43288K [0x00000000eb2a0000, 0x0000000100000000, 0x0000000100000000)
   the space 341376K,  12% used [0x00000000eb2a0000, 0x00000000edce6128, 0x00000000edce6200, 0x0000000100000000)
 Metaspace       used 36309K, capacity 37314K, committed 37504K, reserved 1081344K
  class space    used 4901K, capacity 5123K, committed 5248K, reserved 1048576K
