07:44:46,410 |-INFO in ch.qos.logback.classic.LoggerContext[default] - Could NOT find resource [logback-test.xml]
07:44:46,410 |-INFO in ch.qos.logback.classic.LoggerContext[default] - Could NOT find resource [logback.groovy]
07:44:46,410 |-INFO in ch.qos.logback.classic.LoggerContext[default] - Found resource [logback.xml] at [jar:file:/root/flamestream/lib/flamestream-runtime-1.0-SNAPSHOT.jar!/logback.xml]
07:44:46,415 |-WARN in ch.qos.logback.classic.LoggerContext[default] - Resource [logback.xml] occurs multiple times on the classpath.
07:44:46,415 |-WARN in ch.qos.logback.classic.LoggerContext[default] - Resource [logback.xml] occurs at [jar:file:/root/flamestream/lib/flamestream-runtime-1.0-SNAPSHOT.jar!/logback.xml]
07:44:46,415 |-WARN in ch.qos.logback.classic.LoggerContext[default] - Resource [logback.xml] occurs at [jar:file:/root/flamestream/flamestream-runtime-1.0-SNAPSHOT.jar!/logback.xml]
07:44:46,435 |-INFO in ch.qos.logback.core.joran.spi.ConfigurationWatchList@3fb6a447 - URL [jar:file:/root/flamestream/lib/flamestream-runtime-1.0-SNAPSHOT.jar!/logback.xml] is not of type file
07:44:46,501 |-INFO in ch.qos.logback.classic.joran.action.ConfigurationAction - debug attribute not set
07:44:46,501 |-INFO in ch.qos.logback.core.joran.action.AppenderAction - About to instantiate appender of type [ch.qos.logback.core.ConsoleAppender]
07:44:46,517 |-INFO in ch.qos.logback.core.joran.action.AppenderAction - Naming appender as [STDOUT]
07:44:46,537 |-INFO in ch.qos.logback.core.joran.action.NestedComplexPropertyIA - Assuming default type [ch.qos.logback.classic.encoder.PatternLayoutEncoder] for [encoder] property
07:44:46,619 |-INFO in ch.qos.logback.core.joran.action.AppenderAction - About to instantiate appender of type [ch.qos.logback.core.rolling.RollingFileAppender]
07:44:46,624 |-INFO in ch.qos.logback.core.joran.action.AppenderAction - Naming appender as [FILE]
07:44:46,654 |-INFO in c.q.l.core.rolling.TimeBasedRollingPolicy@127618319 - No compression will be used
07:44:46,655 |-INFO in c.q.l.core.rolling.TimeBasedRollingPolicy@127618319 - Will use the pattern /tmp/application_%d{yyyy-MM-dd}.%i.log for the active file
07:44:46,658 |-INFO in ch.qos.logback.core.rolling.SizeAndTimeBasedFNATP@6b2fad11 - The date pattern is 'yyyy-MM-dd' from file name pattern '/tmp/application_%d{yyyy-MM-dd}.%i.log'.
07:44:46,658 |-INFO in ch.qos.logback.core.rolling.SizeAndTimeBasedFNATP@6b2fad11 - Roll-over at midnight.
07:44:46,663 |-INFO in ch.qos.logback.core.rolling.SizeAndTimeBasedFNATP@6b2fad11 - Setting initial period to Tue Jun 11 07:43:24 UTC 2019
07:44:46,663 |-WARN in ch.qos.logback.core.rolling.SizeAndTimeBasedFNATP@6b2fad11 - SizeAndTimeBasedFNATP is deprecated. Use SizeAndTimeBasedRollingPolicy instead
07:44:46,663 |-WARN in ch.qos.logback.core.rolling.SizeAndTimeBasedFNATP@6b2fad11 - For more information see http://logback.qos.ch/manual/appenders.html#SizeAndTimeBasedRollingPolicy
07:44:46,667 |-INFO in ch.qos.logback.core.joran.action.NestedComplexPropertyIA - Assuming default type [ch.qos.logback.classic.encoder.PatternLayoutEncoder] for [encoder] property
07:44:46,672 |-INFO in ch.qos.logback.core.rolling.RollingFileAppender[FILE] - Active log file name: /tmp/application.log
07:44:46,672 |-INFO in ch.qos.logback.core.rolling.RollingFileAppender[FILE] - File property is set to [/tmp/application.log]
07:44:46,673 |-INFO in ch.qos.logback.classic.joran.action.RootLoggerAction - Setting level of ROOT logger to WARN
07:44:46,673 |-INFO in ch.qos.logback.core.joran.action.AppenderRefAction - Attaching appender named [STDOUT] to Logger[ROOT]
07:44:46,675 |-INFO in ch.qos.logback.core.joran.action.AppenderRefAction - Attaching appender named [FILE] to Logger[ROOT]
07:44:46,675 |-INFO in ch.qos.logback.classic.joran.action.ConfigurationAction - End of configuration.
07:44:46,675 |-INFO in ch.qos.logback.classic.joran.JoranConfigurator@79698539 - Registering current configuration as safe fallback point

Ama winner
Ama winner
2019-06-11T07:44:47.983+0000: 1.751: [Full GC (Metadata GC Threshold) 2019-06-11T07:44:47.983+0000: 1.751: [Tenured: 0K->15209K(341376K), 0.0409623 secs] 114923K->15209K(494976K), [Metaspace: 20739K->20739K(1067008K)], 0.0410284 secs] [Times: user=0.04 sys=0.01, real=0.04 secs] 
07:45:14.084 [Curator-PathChildrenCache-1] WARN  o.a.c.u.ZKPaths  - The version of ZooKeeper being used doesn't support Container nodes. CreateMode.PERSISTENT will be used instead.
2019-06-11T07:45:16.409+0000: 30.177: [GC (Allocation Failure) 2019-06-11T07:45:16.409+0000: 30.177: [DefNew: 136576K->17023K(153600K), 0.0276133 secs] 151785K->52560K(494976K), 0.0276816 secs] [Times: user=0.02 sys=0.01, real=0.03 secs] 
2019-06-11T07:45:19.843+0000: 33.611: [Full GC (Metadata GC Threshold) 2019-06-11T07:45:19.843+0000: 33.611: [Tenured: 35536K->43790K(341376K), 0.0570121 secs] 123079K->43790K(494976K), [Metaspace: 34580K->34580K(1079296K)], 0.0570838 secs] [Times: user=0.05 sys=0.00, real=0.06 secs] 
2019-06-11T07:45:26.801+0000: 40.569: [GC (Allocation Failure) 2019-06-11T07:45:26.801+0000: 40.569: [DefNew: 136576K->54K(153600K), 0.0017587 secs] 180366K->43845K(494976K), 0.0018299 secs] [Times: user=0.01 sys=0.00, real=0.00 secs] 
2019-06-11T07:45:33.885+0000: 47.653: [GC (Allocation Failure) 2019-06-11T07:45:33.885+0000: 47.653: [DefNew: 136630K->54K(153600K), 0.0015916 secs] 180421K->43845K(494976K), 0.0016472 secs] [Times: user=0.00 sys=0.00, real=0.01 secs] 
2019-06-11T07:45:40.963+0000: 54.731: [GC (Allocation Failure) 2019-06-11T07:45:40.963+0000: 54.731: [DefNew: 136630K->60K(153600K), 0.0016364 secs] 180421K->43850K(494976K), 0.0017091 secs] [Times: user=0.01 sys=0.00, real=0.00 secs] 
2019-06-11T07:45:48.107+0000: 61.875: [GC (Allocation Failure) 2019-06-11T07:45:48.108+0000: 61.875: [DefNew: 136636K->226K(153600K), 0.0018602 secs] 180426K->44016K(494976K), 0.0019284 secs] [Times: user=0.00 sys=0.00, real=0.00 secs] 
2019-06-11T07:45:56.031+0000: 69.799: [GC (Allocation Failure) 2019-06-11T07:45:56.031+0000: 69.799: [DefNew: 136802K->248K(153600K), 0.0020465 secs] 180592K->44039K(494976K), 0.0021053 secs] [Times: user=0.00 sys=0.00, real=0.00 secs] 
07:46:09.784 [Curator-PathChildrenCache-0] ERROR o.a.c.f.r.c.PathChildrenCache  - 
java.lang.IllegalStateException: instance must be started before calling this method
	at org.apache.curator.shaded.com.google.common.base.Preconditions.checkState(Preconditions.java:444)
	at org.apache.curator.framework.imps.CuratorFrameworkImpl.getChildren(CuratorFrameworkImpl.java:456)
	at org.apache.curator.framework.recipes.cache.PathChildrenCache.refresh(PathChildrenCache.java:521)
	at org.apache.curator.framework.recipes.cache.RefreshOperation.invoke(RefreshOperation.java:35)
	at org.apache.curator.framework.recipes.cache.PathChildrenCache$9.run(PathChildrenCache.java:786)
	at java.util.concurrent.Executors$RunnableAdapter.call(Executors.java:511)
	at java.util.concurrent.FutureTask.run(FutureTask.java:266)
	at java.util.concurrent.Executors$RunnableAdapter.call(Executors.java:511)
	at java.util.concurrent.FutureTask.run(FutureTask.java:266)
	at java.util.concurrent.ThreadPoolExecutor.runWorker(ThreadPoolExecutor.java:1149)
	at java.util.concurrent.ThreadPoolExecutor$Worker.run(ThreadPoolExecutor.java:624)
	at java.lang.Thread.run(Thread.java:748)
Heap
 def new generation   total 153600K, used 73585K [0x00000000e0c00000, 0x00000000eb2a0000, 0x00000000eb2a0000)
  eden space 136576K,  53% used [0x00000000e0c00000, 0x00000000e539e678, 0x00000000e9160000)
  from space 17024K,   1% used [0x00000000e9160000, 0x00000000e919e158, 0x00000000ea200000)
  to   space 17024K,   0% used [0x00000000ea200000, 0x00000000ea200000, 0x00000000eb2a0000)
 tenured generation   total 341376K, used 43790K [0x00000000eb2a0000, 0x0000000100000000, 0x0000000100000000)
   the space 341376K,  12% used [0x00000000eb2a0000, 0x00000000edd63b78, 0x00000000edd63c00, 0x0000000100000000)
 Metaspace       used 36053K, capacity 36934K, committed 37120K, reserved 1081344K
  class space    used 4868K, capacity 5075K, committed 5120K, reserved 1048576K
