19:50:50,890 |-INFO in ch.qos.logback.classic.LoggerContext[default] - Could NOT find resource [logback-test.xml]
19:50:50,890 |-INFO in ch.qos.logback.classic.LoggerContext[default] - Could NOT find resource [logback.groovy]
19:50:50,890 |-INFO in ch.qos.logback.classic.LoggerContext[default] - Found resource [logback.xml] at [jar:file:/root/flamestream/lib/flamestream-runtime-1.0-SNAPSHOT.jar!/logback.xml]
19:50:50,894 |-WARN in ch.qos.logback.classic.LoggerContext[default] - Resource [logback.xml] occurs multiple times on the classpath.
19:50:50,894 |-WARN in ch.qos.logback.classic.LoggerContext[default] - Resource [logback.xml] occurs at [jar:file:/root/flamestream/lib/flamestream-runtime-1.0-SNAPSHOT.jar!/logback.xml]
19:50:50,894 |-WARN in ch.qos.logback.classic.LoggerContext[default] - Resource [logback.xml] occurs at [jar:file:/root/flamestream/flamestream-runtime-1.0-SNAPSHOT.jar!/logback.xml]
19:50:50,914 |-INFO in ch.qos.logback.core.joran.spi.ConfigurationWatchList@3fb6a447 - URL [jar:file:/root/flamestream/lib/flamestream-runtime-1.0-SNAPSHOT.jar!/logback.xml] is not of type file
19:50:50,981 |-INFO in ch.qos.logback.classic.joran.action.ConfigurationAction - debug attribute not set
19:50:50,982 |-INFO in ch.qos.logback.core.joran.action.AppenderAction - About to instantiate appender of type [ch.qos.logback.core.ConsoleAppender]
19:50:50,998 |-INFO in ch.qos.logback.core.joran.action.AppenderAction - Naming appender as [STDOUT]
19:50:51,017 |-INFO in ch.qos.logback.core.joran.action.NestedComplexPropertyIA - Assuming default type [ch.qos.logback.classic.encoder.PatternLayoutEncoder] for [encoder] property
19:50:51,114 |-INFO in ch.qos.logback.core.joran.action.AppenderAction - About to instantiate appender of type [ch.qos.logback.core.rolling.RollingFileAppender]
19:50:51,118 |-INFO in ch.qos.logback.core.joran.action.AppenderAction - Naming appender as [FILE]
19:50:51,154 |-INFO in c.q.l.core.rolling.TimeBasedRollingPolicy@127618319 - No compression will be used
19:50:51,155 |-INFO in c.q.l.core.rolling.TimeBasedRollingPolicy@127618319 - Will use the pattern /tmp/application_%d{yyyy-MM-dd}.%i.log for the active file
19:50:51,158 |-INFO in ch.qos.logback.core.rolling.SizeAndTimeBasedFNATP@6b2fad11 - The date pattern is 'yyyy-MM-dd' from file name pattern '/tmp/application_%d{yyyy-MM-dd}.%i.log'.
19:50:51,158 |-INFO in ch.qos.logback.core.rolling.SizeAndTimeBasedFNATP@6b2fad11 - Roll-over at midnight.
19:50:51,163 |-INFO in ch.qos.logback.core.rolling.SizeAndTimeBasedFNATP@6b2fad11 - Setting initial period to Mon Jun 10 19:49:21 UTC 2019
19:50:51,163 |-WARN in ch.qos.logback.core.rolling.SizeAndTimeBasedFNATP@6b2fad11 - SizeAndTimeBasedFNATP is deprecated. Use SizeAndTimeBasedRollingPolicy instead
19:50:51,163 |-WARN in ch.qos.logback.core.rolling.SizeAndTimeBasedFNATP@6b2fad11 - For more information see http://logback.qos.ch/manual/appenders.html#SizeAndTimeBasedRollingPolicy
19:50:51,167 |-INFO in ch.qos.logback.core.joran.action.NestedComplexPropertyIA - Assuming default type [ch.qos.logback.classic.encoder.PatternLayoutEncoder] for [encoder] property
19:50:51,172 |-INFO in ch.qos.logback.core.rolling.RollingFileAppender[FILE] - Active log file name: /tmp/application.log
19:50:51,172 |-INFO in ch.qos.logback.core.rolling.RollingFileAppender[FILE] - File property is set to [/tmp/application.log]
19:50:51,173 |-INFO in ch.qos.logback.classic.joran.action.RootLoggerAction - Setting level of ROOT logger to WARN
19:50:51,173 |-INFO in ch.qos.logback.core.joran.action.AppenderRefAction - Attaching appender named [STDOUT] to Logger[ROOT]
19:50:51,175 |-INFO in ch.qos.logback.core.joran.action.AppenderRefAction - Attaching appender named [FILE] to Logger[ROOT]
19:50:51,175 |-INFO in ch.qos.logback.classic.joran.action.ConfigurationAction - End of configuration.
19:50:51,175 |-INFO in ch.qos.logback.classic.joran.JoranConfigurator@79698539 - Registering current configuration as safe fallback point

Ama winner
Ama winner
2019-06-10T19:50:52.758+0000: 2.045: [Full GC (Metadata GC Threshold) 2019-06-10T19:50:52.758+0000: 2.045: [Tenured: 0K->15241K(341376K), 0.0398455 secs] 117718K->15241K(494976K), [Metaspace: 20739K->20739K(1067008K)], 0.0399166 secs] [Times: user=0.04 sys=0.00, real=0.04 secs] 
19:51:09.886 [Curator-PathChildrenCache-1] WARN  o.a.c.u.ZKPaths  - The version of ZooKeeper being used doesn't support Container nodes. CreateMode.PERSISTENT will be used instead.
2019-06-10T19:51:12.329+0000: 21.617: [GC (Allocation Failure) 2019-06-10T19:51:12.329+0000: 21.617: [DefNew: 136576K->17024K(153600K), 0.0266094 secs] 151817K->52599K(494976K), 0.0266917 secs] [Times: user=0.02 sys=0.01, real=0.03 secs] 
2019-06-10T19:51:15.986+0000: 25.274: [Full GC (Metadata GC Threshold) 2019-06-10T19:51:15.987+0000: 25.274: [Tenured: 35575K->43994K(341376K), 0.0481475 secs] 115614K->43994K(494976K), [Metaspace: 34618K->34618K(1079296K)], 0.0482269 secs] [Times: user=0.05 sys=0.01, real=0.05 secs] 
2019-06-10T19:51:24.302+0000: 33.590: [GC (Allocation Failure) 2019-06-10T19:51:24.302+0000: 33.590: [DefNew: 136576K->86K(153600K), 0.0018815 secs] 180570K->44081K(494976K), 0.0019453 secs] [Times: user=0.00 sys=0.00, real=0.01 secs] 
2019-06-10T19:51:32.635+0000: 41.922: [GC (Allocation Failure) 2019-06-10T19:51:32.635+0000: 41.922: [DefNew: 136662K->148K(153600K), 0.0017047 secs] 180657K->44143K(494976K), 0.0017652 secs] [Times: user=0.00 sys=0.00, real=0.00 secs] 
2019-06-10T19:51:41.035+0000: 50.323: [GC (Allocation Failure) 2019-06-10T19:51:41.035+0000: 50.323: [DefNew: 136724K->159K(153600K), 0.0017635 secs] 180719K->44153K(494976K), 0.0018241 secs] [Times: user=0.00 sys=0.00, real=0.00 secs] 
2019-06-10T19:51:49.583+0000: 58.870: [GC (Allocation Failure) 2019-06-10T19:51:49.583+0000: 58.870: [DefNew: 136735K->323K(153600K), 0.0020406 secs] 180729K->44318K(494976K), 0.0021011 secs] [Times: user=0.00 sys=0.00, real=0.00 secs] 
2019-06-10T19:51:59.181+0000: 68.468: [GC (Allocation Failure) 2019-06-10T19:51:59.181+0000: 68.468: [DefNew: 136899K->344K(153600K), 0.0020577 secs] 180894K->44339K(494976K), 0.0021374 secs] [Times: user=0.00 sys=0.00, real=0.01 secs] 
19:52:19.361 [Curator-PathChildrenCache-0] ERROR o.a.c.f.r.c.PathChildrenCache  - 
java.lang.IllegalStateException: instance must be started before calling this method
	at org.apache.curator.shaded.com.google.common.base.Preconditions.checkState(Preconditions.java:444)
	at org.apache.curator.framework.imps.CuratorFrameworkImpl.getChildren(CuratorFrameworkImpl.java:456)
	at org.apache.curator.framework.recipes.cache.PathChildrenCache.refresh(PathChildrenCache.java:521)
	at org.apache.curator.framework.recipes.cache.RefreshOperation.invoke(RefreshOperation.java:35)
	at org.apache.curator.framework.recipes.cache.PathChildrenCache$9.run(PathChildrenCache.java:786)
	at java.util.concurrent.Executors$RunnableAdapter.call(Executors.java:511)
	at java.util.concurrent.FutureTask.run(FutureTask.java:266)
	at java.util.concurrent.Executors$RunnableAdapter.call(Executors.java:511)
	at java.util.concurrent.FutureTask.run(FutureTask.java:266)
	at java.util.concurrent.ThreadPoolExecutor.runWorker(ThreadPoolExecutor.java:1149)
	at java.util.concurrent.ThreadPoolExecutor$Worker.run(ThreadPoolExecutor.java:624)
	at java.lang.Thread.run(Thread.java:748)
2019-06-10T19:52:19.397+0000: 88.684: [GC (Allocation Failure) 2019-06-10T19:52:19.397+0000: 88.684: [DefNew: 136920K->685K(153600K), 0.0033247 secs] 180915K->44680K(494976K), 0.0033793 secs] [Times: user=0.00 sys=0.00, real=0.00 secs] 
Heap
 def new generation   total 153600K, used 10471K [0x00000000e0c00000, 0x00000000eb2a0000, 0x00000000eb2a0000)
  eden space 136576K,   7% used [0x00000000e0c00000, 0x00000000e158e6f0, 0x00000000e9160000)
  from space 17024K,   4% used [0x00000000ea200000, 0x00000000ea2ab750, 0x00000000eb2a0000)
  to   space 17024K,   0% used [0x00000000e9160000, 0x00000000e9160000, 0x00000000ea200000)
 tenured generation   total 341376K, used 43994K [0x00000000eb2a0000, 0x0000000100000000, 0x0000000100000000)
   the space 341376K,  12% used [0x00000000eb2a0000, 0x00000000edd96b20, 0x00000000edd96c00, 0x0000000100000000)
 Metaspace       used 36163K, capacity 37062K, committed 37376K, reserved 1081344K
  class space    used 4871K, capacity 5075K, committed 5120K, reserved 1048576K
