18:50:57,495 |-INFO in ch.qos.logback.classic.LoggerContext[default] - Could NOT find resource [logback-test.xml]
18:50:57,495 |-INFO in ch.qos.logback.classic.LoggerContext[default] - Could NOT find resource [logback.groovy]
18:50:57,495 |-INFO in ch.qos.logback.classic.LoggerContext[default] - Found resource [logback.xml] at [jar:file:/home/nikitasokolov/flamestream/lib/flamestream-runtime-1.0-SNAPSHOT.jar!/logback.xml]
18:50:57,496 |-WARN in ch.qos.logback.classic.LoggerContext[default] - Resource [logback.xml] occurs multiple times on the classpath.
18:50:57,496 |-WARN in ch.qos.logback.classic.LoggerContext[default] - Resource [logback.xml] occurs at [jar:file:/home/nikitasokolov/flamestream/lib/flamestream-runtime-1.0-SNAPSHOT.jar!/logback.xml]
18:50:57,496 |-WARN in ch.qos.logback.classic.LoggerContext[default] - Resource [logback.xml] occurs at [jar:file:/home/nikitasokolov/flamestream/flamestream-runtime-1.0-SNAPSHOT.jar!/logback.xml]
18:50:57,512 |-INFO in ch.qos.logback.core.joran.spi.ConfigurationWatchList@6108b2d7 - URL [jar:file:/home/nikitasokolov/flamestream/lib/flamestream-runtime-1.0-SNAPSHOT.jar!/logback.xml] is not of type file
18:50:57,562 |-INFO in ch.qos.logback.classic.joran.action.ConfigurationAction - debug attribute not set
18:50:57,562 |-INFO in ch.qos.logback.core.joran.action.AppenderAction - About to instantiate appender of type [ch.qos.logback.core.ConsoleAppender]
18:50:57,570 |-INFO in ch.qos.logback.core.joran.action.AppenderAction - Naming appender as [STDOUT]
18:50:57,579 |-INFO in ch.qos.logback.core.joran.action.NestedComplexPropertyIA - Assuming default type [ch.qos.logback.classic.encoder.PatternLayoutEncoder] for [encoder] property
18:50:57,637 |-INFO in ch.qos.logback.core.joran.action.AppenderAction - About to instantiate appender of type [ch.qos.logback.core.rolling.RollingFileAppender]
18:50:57,642 |-INFO in ch.qos.logback.core.joran.action.AppenderAction - Naming appender as [FILE]
18:50:57,667 |-INFO in c.q.l.core.rolling.TimeBasedRollingPolicy@357863579 - No compression will be used
18:50:57,669 |-INFO in c.q.l.core.rolling.TimeBasedRollingPolicy@357863579 - Will use the pattern /tmp/application_%d{yyyy-MM-dd}.%i.log for the active file
18:50:57,672 |-INFO in ch.qos.logback.core.rolling.SizeAndTimeBasedFNATP@6bf256fa - The date pattern is 'yyyy-MM-dd' from file name pattern '/tmp/application_%d{yyyy-MM-dd}.%i.log'.
18:50:57,672 |-INFO in ch.qos.logback.core.rolling.SizeAndTimeBasedFNATP@6bf256fa - Roll-over at midnight.
18:50:57,676 |-INFO in ch.qos.logback.core.rolling.SizeAndTimeBasedFNATP@6bf256fa - Setting initial period to Sun Jun 09 18:50:18 MSK 2019
18:50:57,676 |-WARN in ch.qos.logback.core.rolling.SizeAndTimeBasedFNATP@6bf256fa - SizeAndTimeBasedFNATP is deprecated. Use SizeAndTimeBasedRollingPolicy instead
18:50:57,676 |-WARN in ch.qos.logback.core.rolling.SizeAndTimeBasedFNATP@6bf256fa - For more information see http://logback.qos.ch/manual/appenders.html#SizeAndTimeBasedRollingPolicy
18:50:57,681 |-INFO in ch.qos.logback.core.joran.action.NestedComplexPropertyIA - Assuming default type [ch.qos.logback.classic.encoder.PatternLayoutEncoder] for [encoder] property
18:50:57,684 |-INFO in ch.qos.logback.core.rolling.RollingFileAppender[FILE] - Active log file name: /tmp/application.log
18:50:57,684 |-INFO in ch.qos.logback.core.rolling.RollingFileAppender[FILE] - File property is set to [/tmp/application.log]
18:50:57,685 |-INFO in ch.qos.logback.classic.joran.action.RootLoggerAction - Setting level of ROOT logger to WARN
18:50:57,685 |-INFO in ch.qos.logback.core.joran.action.AppenderRefAction - Attaching appender named [STDOUT] to Logger[ROOT]
18:50:57,685 |-INFO in ch.qos.logback.core.joran.action.AppenderRefAction - Attaching appender named [FILE] to Logger[ROOT]
18:50:57,685 |-INFO in ch.qos.logback.classic.joran.action.ConfigurationAction - End of configuration.
18:50:57,686 |-INFO in ch.qos.logback.classic.joran.JoranConfigurator@6cd8737 - Registering current configuration as safe fallback point

2019-06-09T18:50:58.708+0300: 1.410: [GC (Metadata GC Threshold) [PSYoungGen: 105550K->15770K(149504K)] 105550K->15850K(491008K), 0.0205800 secs] [Times: user=0.07 sys=0.03, real=0.02 secs] 
2019-06-09T18:50:58.728+0300: 1.431: [Full GC (Metadata GC Threshold) [PSYoungGen: 15770K->0K(149504K)] [ParOldGen: 80K->14949K(341504K)] 15850K->14949K(491008K), [Metaspace: 20803K->20803K(1067008K)], 0.0265717 secs] [Times: user=0.17 sys=0.01, real=0.03 secs] 
18:51:07.959 [Curator-PathChildrenCache-1] WARN  o.a.c.u.ZKPaths  - The version of ZooKeeper being used doesn't support Container nodes. CreateMode.PERSISTENT will be used instead.
2019-06-09T18:51:08.945+0300: 11.648: [GC (Allocation Failure) [PSYoungGen: 128512K->20971K(149504K)] 143461K->49599K(491008K), 0.0217966 secs] [Times: user=0.23 sys=0.03, real=0.02 secs] 
2019-06-09T18:51:09.131+0300: 11.834: [GC (Metadata GC Threshold) [PSYoungGen: 30672K->20971K(149504K)] 59300K->49695K(491008K), 0.0109613 secs] [Times: user=0.14 sys=0.00, real=0.01 secs] 
2019-06-09T18:51:09.142+0300: 11.845: [Full GC (Metadata GC Threshold) [PSYoungGen: 20971K->0K(149504K)] [ParOldGen: 28723K->36205K(341504K)] 49695K->36205K(491008K), [Metaspace: 34552K->34552K(1079296K)], 0.0327192 secs] [Times: user=0.20 sys=0.00, real=0.03 secs] 
2019-06-09T18:51:15.293+0300: 17.995: [GC (Allocation Failure) [PSYoungGen: 128512K->320K(149504K)] 164717K->36533K(491008K), 0.0042667 secs] [Times: user=0.01 sys=0.01, real=0.00 secs] 
2019-06-09T18:51:21.814+0300: 24.517: [GC (Allocation Failure) [PSYoungGen: 128832K->384K(129024K)] 165045K->36597K(470528K), 0.0056778 secs] [Times: user=0.04 sys=0.00, real=0.01 secs] 
2019-06-09T18:51:28.360+0300: 31.062: [GC (Allocation Failure) [PSYoungGen: 128896K->384K(130048K)] 165109K->36597K(471552K), 0.0044262 secs] [Times: user=0.03 sys=0.00, real=0.00 secs] 
2019-06-09T18:51:32.874+0300: 35.576: [GC (Allocation Failure) [PSYoungGen: 89472K->320K(129536K)] 125685K->36541K(471040K), 0.0025906 secs] [Times: user=0.02 sys=0.00, real=0.00 secs] 
18:51:43.043 [Curator-PathChildrenCache-0] ERROR o.a.c.f.r.c.PathChildrenCache  - 
java.lang.IllegalStateException: instance must be started before calling this method
	at org.apache.curator.shaded.com.google.common.base.Preconditions.checkState(Preconditions.java:444)
	at org.apache.curator.framework.imps.CuratorFrameworkImpl.getChildren(CuratorFrameworkImpl.java:456)
	at org.apache.curator.framework.recipes.cache.PathChildrenCache.refresh(PathChildrenCache.java:521)
	at org.apache.curator.framework.recipes.cache.RefreshOperation.invoke(RefreshOperation.java:35)
	at org.apache.curator.framework.recipes.cache.PathChildrenCache$9.run(PathChildrenCache.java:786)
	at java.util.concurrent.Executors$RunnableAdapter.call(Executors.java:511)
	at java.util.concurrent.FutureTask.run(FutureTask.java:266)
	at java.util.concurrent.Executors$RunnableAdapter.call(Executors.java:511)
	at java.util.concurrent.FutureTask.run(FutureTask.java:266)
	at java.util.concurrent.ThreadPoolExecutor.runWorker(ThreadPoolExecutor.java:1149)
	at java.util.concurrent.ThreadPoolExecutor$Worker.run(ThreadPoolExecutor.java:624)
	at java.lang.Thread.run(Thread.java:748)
2019-06-09T18:51:44.152+0300: 46.854: [GC (Allocation Failure) [PSYoungGen: 89408K->1242K(133120K)] 125629K->37464K(474624K), 0.0045788 secs] [Times: user=0.03 sys=0.00, real=0.00 secs] 
Heap
 PSYoungGen      total 133120K, used 3860K [0x00000000f5980000, 0x0000000100000000, 0x0000000100000000)
  eden space 94208K, 2% used [0x00000000f5980000,0x00000000f5c0e6c8,0x00000000fb580000)
  from space 38912K, 3% used [0x00000000fda00000,0x00000000fdb36938,0x0000000100000000)
  to   space 37376K, 0% used [0x00000000fb580000,0x00000000fb580000,0x00000000fda00000)
 ParOldGen       total 341504K, used 36221K [0x00000000e0c00000, 0x00000000f5980000, 0x00000000f5980000)
  object space 341504K, 10% used [0x00000000e0c00000,0x00000000e2f5f740,0x00000000f5980000)
 Metaspace       used 35625K, capacity 36478K, committed 36696K, reserved 1081344K
  class space    used 4936K, capacity 5129K, committed 5248K, reserved 1048576K
