17:10:52,516 |-INFO in ch.qos.logback.classic.LoggerContext[default] - Could NOT find resource [logback-test.xml]
17:10:52,516 |-INFO in ch.qos.logback.classic.LoggerContext[default] - Could NOT find resource [logback.groovy]
17:10:52,516 |-INFO in ch.qos.logback.classic.LoggerContext[default] - Found resource [logback.xml] at [jar:file:/root/flamestream/lib/flamestream-runtime-1.0-SNAPSHOT.jar!/logback.xml]
17:10:52,517 |-WARN in ch.qos.logback.classic.LoggerContext[default] - Resource [logback.xml] occurs multiple times on the classpath.
17:10:52,517 |-WARN in ch.qos.logback.classic.LoggerContext[default] - Resource [logback.xml] occurs at [jar:file:/root/flamestream/lib/flamestream-runtime-1.0-SNAPSHOT.jar!/logback.xml]
17:10:52,517 |-WARN in ch.qos.logback.classic.LoggerContext[default] - Resource [logback.xml] occurs at [jar:file:/root/flamestream/flamestream-runtime-1.0-SNAPSHOT.jar!/logback.xml]
17:10:52,537 |-INFO in ch.qos.logback.core.joran.spi.ConfigurationWatchList@3fb6a447 - URL [jar:file:/root/flamestream/lib/flamestream-runtime-1.0-SNAPSHOT.jar!/logback.xml] is not of type file
17:10:52,609 |-INFO in ch.qos.logback.classic.joran.action.ConfigurationAction - debug attribute not set
17:10:52,609 |-INFO in ch.qos.logback.core.joran.action.AppenderAction - About to instantiate appender of type [ch.qos.logback.core.ConsoleAppender]
17:10:52,629 |-INFO in ch.qos.logback.core.joran.action.AppenderAction - Naming appender as [STDOUT]
17:10:52,647 |-INFO in ch.qos.logback.core.joran.action.NestedComplexPropertyIA - Assuming default type [ch.qos.logback.classic.encoder.PatternLayoutEncoder] for [encoder] property
17:10:52,731 |-INFO in ch.qos.logback.core.joran.action.AppenderAction - About to instantiate appender of type [ch.qos.logback.core.rolling.RollingFileAppender]
17:10:52,737 |-INFO in ch.qos.logback.core.joran.action.AppenderAction - Naming appender as [FILE]
17:10:52,769 |-INFO in c.q.l.core.rolling.TimeBasedRollingPolicy@127618319 - No compression will be used
17:10:52,771 |-INFO in c.q.l.core.rolling.TimeBasedRollingPolicy@127618319 - Will use the pattern /tmp/application_%d{yyyy-MM-dd}.%i.log for the active file
17:10:52,774 |-INFO in ch.qos.logback.core.rolling.SizeAndTimeBasedFNATP@6b2fad11 - The date pattern is 'yyyy-MM-dd' from file name pattern '/tmp/application_%d{yyyy-MM-dd}.%i.log'.
17:10:52,774 |-INFO in ch.qos.logback.core.rolling.SizeAndTimeBasedFNATP@6b2fad11 - Roll-over at midnight.
17:10:52,779 |-INFO in ch.qos.logback.core.rolling.SizeAndTimeBasedFNATP@6b2fad11 - Setting initial period to Mon Jun 10 17:09:25 UTC 2019
17:10:52,779 |-WARN in ch.qos.logback.core.rolling.SizeAndTimeBasedFNATP@6b2fad11 - SizeAndTimeBasedFNATP is deprecated. Use SizeAndTimeBasedRollingPolicy instead
17:10:52,779 |-WARN in ch.qos.logback.core.rolling.SizeAndTimeBasedFNATP@6b2fad11 - For more information see http://logback.qos.ch/manual/appenders.html#SizeAndTimeBasedRollingPolicy
17:10:52,783 |-INFO in ch.qos.logback.core.joran.action.NestedComplexPropertyIA - Assuming default type [ch.qos.logback.classic.encoder.PatternLayoutEncoder] for [encoder] property
17:10:52,788 |-INFO in ch.qos.logback.core.rolling.RollingFileAppender[FILE] - Active log file name: /tmp/application.log
17:10:52,788 |-INFO in ch.qos.logback.core.rolling.RollingFileAppender[FILE] - File property is set to [/tmp/application.log]
17:10:52,789 |-INFO in ch.qos.logback.classic.joran.action.RootLoggerAction - Setting level of ROOT logger to WARN
17:10:52,789 |-INFO in ch.qos.logback.core.joran.action.AppenderRefAction - Attaching appender named [STDOUT] to Logger[ROOT]
17:10:52,791 |-INFO in ch.qos.logback.core.joran.action.AppenderRefAction - Attaching appender named [FILE] to Logger[ROOT]
17:10:52,791 |-INFO in ch.qos.logback.classic.joran.action.ConfigurationAction - End of configuration.
17:10:52,791 |-INFO in ch.qos.logback.classic.joran.JoranConfigurator@79698539 - Registering current configuration as safe fallback point

Ama winner
Ama winner
2019-06-10T17:10:54.095+0000: 1.768: [Full GC (Metadata GC Threshold) 2019-06-10T17:10:54.095+0000: 1.768: [Tenured: 0K->15208K(341376K), 0.0405496 secs] 114924K->15208K(494976K), [Metaspace: 20735K->20735K(1067008K)], 0.0406174 secs] [Times: user=0.03 sys=0.00, real=0.04 secs] 
17:11:17.816 [Curator-PathChildrenCache-1] WARN  o.a.c.u.ZKPaths  - The version of ZooKeeper being used doesn't support Container nodes. CreateMode.PERSISTENT will be used instead.
2019-06-10T17:11:19.958+0000: 27.632: [GC (Allocation Failure) 2019-06-10T17:11:19.958+0000: 27.632: [DefNew: 136576K->17023K(153600K), 0.0365861 secs] 151784K->52643K(494976K), 0.0366588 secs] [Times: user=0.03 sys=0.01, real=0.03 secs] 
2019-06-10T17:11:21.120+0000: 28.793: [Full GC (Metadata GC Threshold) 2019-06-10T17:11:21.120+0000: 28.793: [Tenured: 35619K->44253K(341376K), 0.0382207 secs] 76282K->44253K(494976K), [Metaspace: 34620K->34620K(1079296K)], 0.0383057 secs] [Times: user=0.03 sys=0.01, real=0.04 secs] 
2019-06-10T17:11:27.996+0000: 35.669: [GC (Allocation Failure) 2019-06-10T17:11:27.996+0000: 35.669: [DefNew: 136576K->73K(153600K), 0.0018477 secs] 180829K->44327K(494976K), 0.0019119 secs] [Times: user=0.01 sys=0.00, real=0.01 secs] 
2019-06-10T17:11:34.834+0000: 42.507: [GC (Allocation Failure) 2019-06-10T17:11:34.834+0000: 42.507: [DefNew: 136649K->75K(153600K), 0.0017303 secs] 180903K->44328K(494976K), 0.0017901 secs] [Times: user=0.00 sys=0.00, real=0.00 secs] 
2019-06-10T17:11:41.713+0000: 49.387: [GC (Allocation Failure) 2019-06-10T17:11:41.713+0000: 49.387: [DefNew: 136651K->74K(153600K), 0.0017883 secs] 180904K->44327K(494976K), 0.0018488 secs] [Times: user=0.00 sys=0.00, real=0.00 secs] 
2019-06-10T17:11:48.653+0000: 56.326: [GC (Allocation Failure) 2019-06-10T17:11:48.653+0000: 56.326: [DefNew: 136650K->75K(153600K), 0.0018245 secs] 180903K->44328K(494976K), 0.0018827 secs] [Times: user=0.00 sys=0.00, real=0.00 secs] 
2019-06-10T17:11:55.619+0000: 63.292: [GC (Allocation Failure) 2019-06-10T17:11:55.619+0000: 63.292: [DefNew: 136651K->373K(153600K), 0.0022744 secs] 180904K->44626K(494976K), 0.0023490 secs] [Times: user=0.00 sys=0.00, real=0.00 secs] 
17:12:11.305 [Curator-PathChildrenCache-0] ERROR o.a.c.f.r.c.PathChildrenCache  - 
java.lang.IllegalStateException: instance must be started before calling this method
	at org.apache.curator.shaded.com.google.common.base.Preconditions.checkState(Preconditions.java:444)
	at org.apache.curator.framework.imps.CuratorFrameworkImpl.getChildren(CuratorFrameworkImpl.java:456)
	at org.apache.curator.framework.recipes.cache.PathChildrenCache.refresh(PathChildrenCache.java:521)
	at org.apache.curator.framework.recipes.cache.RefreshOperation.invoke(RefreshOperation.java:35)
	at org.apache.curator.framework.recipes.cache.PathChildrenCache$9.run(PathChildrenCache.java:786)
	at java.util.concurrent.Executors$RunnableAdapter.call(Executors.java:511)
	at java.util.concurrent.FutureTask.run(FutureTask.java:266)
	at java.util.concurrent.Executors$RunnableAdapter.call(Executors.java:511)
	at java.util.concurrent.FutureTask.run(FutureTask.java:266)
	at java.util.concurrent.ThreadPoolExecutor.runWorker(ThreadPoolExecutor.java:1149)
	at java.util.concurrent.ThreadPoolExecutor$Worker.run(ThreadPoolExecutor.java:624)
	at java.lang.Thread.run(Thread.java:748)
Heap
 def new generation   total 153600K, used 135748K [0x00000000e0c00000, 0x00000000eb2a0000, 0x00000000eb2a0000)
  eden space 136576K,  99% used [0x00000000e0c00000, 0x00000000e9033c60, 0x00000000e9160000)
  from space 17024K,   2% used [0x00000000e9160000, 0x00000000e91bd500, 0x00000000ea200000)
  to   space 17024K,   0% used [0x00000000ea200000, 0x00000000ea200000, 0x00000000eb2a0000)
 tenured generation   total 341376K, used 44253K [0x00000000eb2a0000, 0x0000000100000000, 0x0000000100000000)
   the space 341376K,  12% used [0x00000000eb2a0000, 0x00000000eddd74f0, 0x00000000eddd7600, 0x0000000100000000)
 Metaspace       used 36194K, capacity 37100K, committed 37376K, reserved 1081344K
  class space    used 4882K, capacity 5082K, committed 5120K, reserved 1048576K
