16:43:53,837 |-INFO in ch.qos.logback.classic.LoggerContext[default] - Could NOT find resource [logback-test.xml]
16:43:53,837 |-INFO in ch.qos.logback.classic.LoggerContext[default] - Could NOT find resource [logback.groovy]
16:43:53,837 |-INFO in ch.qos.logback.classic.LoggerContext[default] - Found resource [logback.xml] at [jar:file:/root/flamestream/lib/flamestream-runtime-1.0-SNAPSHOT.jar!/logback.xml]
16:43:53,838 |-WARN in ch.qos.logback.classic.LoggerContext[default] - Resource [logback.xml] occurs multiple times on the classpath.
16:43:53,838 |-WARN in ch.qos.logback.classic.LoggerContext[default] - Resource [logback.xml] occurs at [jar:file:/root/flamestream/lib/flamestream-runtime-1.0-SNAPSHOT.jar!/logback.xml]
16:43:53,838 |-WARN in ch.qos.logback.classic.LoggerContext[default] - Resource [logback.xml] occurs at [jar:file:/root/flamestream/flamestream-runtime-1.0-SNAPSHOT.jar!/logback.xml]
16:43:53,857 |-INFO in ch.qos.logback.core.joran.spi.ConfigurationWatchList@3fb6a447 - URL [jar:file:/root/flamestream/lib/flamestream-runtime-1.0-SNAPSHOT.jar!/logback.xml] is not of type file
16:43:53,922 |-INFO in ch.qos.logback.classic.joran.action.ConfigurationAction - debug attribute not set
16:43:53,923 |-INFO in ch.qos.logback.core.joran.action.AppenderAction - About to instantiate appender of type [ch.qos.logback.core.ConsoleAppender]
16:43:53,938 |-INFO in ch.qos.logback.core.joran.action.AppenderAction - Naming appender as [STDOUT]
16:43:53,949 |-INFO in ch.qos.logback.core.joran.action.NestedComplexPropertyIA - Assuming default type [ch.qos.logback.classic.encoder.PatternLayoutEncoder] for [encoder] property
16:43:54,058 |-INFO in ch.qos.logback.core.joran.action.AppenderAction - About to instantiate appender of type [ch.qos.logback.core.rolling.RollingFileAppender]
16:43:54,063 |-INFO in ch.qos.logback.core.joran.action.AppenderAction - Naming appender as [FILE]
16:43:54,096 |-INFO in c.q.l.core.rolling.TimeBasedRollingPolicy@127618319 - No compression will be used
16:43:54,097 |-INFO in c.q.l.core.rolling.TimeBasedRollingPolicy@127618319 - Will use the pattern /tmp/application_%d{yyyy-MM-dd}.%i.log for the active file
16:43:54,100 |-INFO in ch.qos.logback.core.rolling.SizeAndTimeBasedFNATP@6b2fad11 - The date pattern is 'yyyy-MM-dd' from file name pattern '/tmp/application_%d{yyyy-MM-dd}.%i.log'.
16:43:54,100 |-INFO in ch.qos.logback.core.rolling.SizeAndTimeBasedFNATP@6b2fad11 - Roll-over at midnight.
16:43:54,105 |-INFO in ch.qos.logback.core.rolling.SizeAndTimeBasedFNATP@6b2fad11 - Setting initial period to Mon Jun 10 16:42:25 UTC 2019
16:43:54,105 |-WARN in ch.qos.logback.core.rolling.SizeAndTimeBasedFNATP@6b2fad11 - SizeAndTimeBasedFNATP is deprecated. Use SizeAndTimeBasedRollingPolicy instead
16:43:54,105 |-WARN in ch.qos.logback.core.rolling.SizeAndTimeBasedFNATP@6b2fad11 - For more information see http://logback.qos.ch/manual/appenders.html#SizeAndTimeBasedRollingPolicy
16:43:54,109 |-INFO in ch.qos.logback.core.joran.action.NestedComplexPropertyIA - Assuming default type [ch.qos.logback.classic.encoder.PatternLayoutEncoder] for [encoder] property
16:43:54,115 |-INFO in ch.qos.logback.core.rolling.RollingFileAppender[FILE] - Active log file name: /tmp/application.log
16:43:54,115 |-INFO in ch.qos.logback.core.rolling.RollingFileAppender[FILE] - File property is set to [/tmp/application.log]
16:43:54,116 |-INFO in ch.qos.logback.classic.joran.action.RootLoggerAction - Setting level of ROOT logger to WARN
16:43:54,116 |-INFO in ch.qos.logback.core.joran.action.AppenderRefAction - Attaching appender named [STDOUT] to Logger[ROOT]
16:43:54,116 |-INFO in ch.qos.logback.core.joran.action.AppenderRefAction - Attaching appender named [FILE] to Logger[ROOT]
16:43:54,116 |-INFO in ch.qos.logback.classic.joran.action.ConfigurationAction - End of configuration.
16:43:54,117 |-INFO in ch.qos.logback.classic.joran.JoranConfigurator@79698539 - Registering current configuration as safe fallback point

Ama winner
Ama winner
2019-06-10T16:43:55.417+0000: 1.764: [Full GC (Metadata GC Threshold) 2019-06-10T16:43:55.417+0000: 1.764: [Tenured: 0K->15145K(341376K), 0.0391796 secs] 114987K->15145K(494976K), [Metaspace: 20729K->20729K(1067008K)], 0.0392441 secs] [Times: user=0.03 sys=0.00, real=0.04 secs] 
16:44:11.486 [Curator-PathChildrenCache-1] WARN  o.a.c.u.ZKPaths  - The version of ZooKeeper being used doesn't support Container nodes. CreateMode.PERSISTENT will be used instead.
2019-06-10T16:44:13.700+0000: 20.047: [GC (Allocation Failure) 2019-06-10T16:44:13.700+0000: 20.047: [DefNew: 136576K->17023K(153600K), 0.0251541 secs] 151721K->52846K(494976K), 0.0252229 secs] [Times: user=0.02 sys=0.00, real=0.02 secs] 
2019-06-10T16:44:15.262+0000: 21.609: [Full GC (Metadata GC Threshold) 2019-06-10T16:44:15.262+0000: 21.609: [Tenured: 35822K->44651K(341376K), 0.0429066 secs] 86845K->44651K(494976K), [Metaspace: 34595K->34595K(1079296K)], 0.0429829 secs] [Times: user=0.04 sys=0.01, real=0.04 secs] 
2019-06-10T16:44:22.011+0000: 28.358: [GC (Allocation Failure) 2019-06-10T16:44:22.011+0000: 28.358: [DefNew: 136576K->71K(153600K), 0.0017808 secs] 181227K->44722K(494976K), 0.0018388 secs] [Times: user=0.00 sys=0.00, real=0.00 secs] 
2019-06-10T16:44:28.748+0000: 35.095: [GC (Allocation Failure) 2019-06-10T16:44:28.748+0000: 35.095: [DefNew: 136647K->71K(153600K), 0.0017476 secs] 181298K->44722K(494976K), 0.0018247 secs] [Times: user=0.00 sys=0.00, real=0.00 secs] 
2019-06-10T16:44:35.608+0000: 41.954: [GC (Allocation Failure) 2019-06-10T16:44:35.608+0000: 41.954: [DefNew: 136647K->73K(153600K), 0.0017662 secs] 181298K->44724K(494976K), 0.0018249 secs] [Times: user=0.00 sys=0.00, real=0.01 secs] 
2019-06-10T16:44:42.401+0000: 48.748: [GC (Allocation Failure) 2019-06-10T16:44:42.401+0000: 48.748: [DefNew: 136649K->70K(153600K), 0.0017548 secs] 181300K->44721K(494976K), 0.0018159 secs] [Times: user=0.00 sys=0.00, real=0.00 secs] 
2019-06-10T16:44:49.209+0000: 55.556: [GC (Allocation Failure) 2019-06-10T16:44:49.209+0000: 55.556: [DefNew: 136646K->71K(153600K), 0.0017516 secs] 181297K->44722K(494976K), 0.0018095 secs] [Times: user=0.01 sys=0.00, real=0.00 secs] 
16:45:00.329 [Curator-PathChildrenCache-0] ERROR o.a.c.f.r.c.PathChildrenCache  - 
java.lang.IllegalStateException: instance must be started before calling this method
	at org.apache.curator.shaded.com.google.common.base.Preconditions.checkState(Preconditions.java:444)
	at org.apache.curator.framework.imps.CuratorFrameworkImpl.getChildren(CuratorFrameworkImpl.java:456)
	at org.apache.curator.framework.recipes.cache.PathChildrenCache.refresh(PathChildrenCache.java:521)
	at org.apache.curator.framework.recipes.cache.RefreshOperation.invoke(RefreshOperation.java:35)
	at org.apache.curator.framework.recipes.cache.PathChildrenCache$9.run(PathChildrenCache.java:786)
	at java.util.concurrent.Executors$RunnableAdapter.call(Executors.java:511)
	at java.util.concurrent.FutureTask.run(FutureTask.java:266)
	at java.util.concurrent.Executors$RunnableAdapter.call(Executors.java:511)
	at java.util.concurrent.FutureTask.run(FutureTask.java:266)
	at java.util.concurrent.ThreadPoolExecutor.runWorker(ThreadPoolExecutor.java:1149)
	at java.util.concurrent.ThreadPoolExecutor$Worker.run(ThreadPoolExecutor.java:624)
	at java.lang.Thread.run(Thread.java:748)
Heap
 def new generation   total 153600K, used 84964K [0x00000000e0c00000, 0x00000000eb2a0000, 0x00000000eb2a0000)
  eden space 136576K,  62% used [0x00000000e0c00000, 0x00000000e5ee71c0, 0x00000000e9160000)
  from space 17024K,   0% used [0x00000000e9160000, 0x00000000e9171e88, 0x00000000ea200000)
  to   space 17024K,   0% used [0x00000000ea200000, 0x00000000ea200000, 0x00000000eb2a0000)
 tenured generation   total 341376K, used 44651K [0x00000000eb2a0000, 0x0000000100000000, 0x0000000100000000)
   the space 341376K,  13% used [0x00000000eb2a0000, 0x00000000ede3acb8, 0x00000000ede3ae00, 0x0000000100000000)
 Metaspace       used 36188K, capacity 37056K, committed 37376K, reserved 1081344K
  class space    used 4870K, capacity 5074K, committed 5120K, reserved 1048576K
