19:42:15,402 |-INFO in ch.qos.logback.classic.LoggerContext[default] - Could NOT find resource [logback-test.xml]
19:42:15,402 |-INFO in ch.qos.logback.classic.LoggerContext[default] - Could NOT find resource [logback.groovy]
19:42:15,402 |-INFO in ch.qos.logback.classic.LoggerContext[default] - Found resource [logback.xml] at [jar:file:/root/flamestream/lib/flamestream-runtime-1.0-SNAPSHOT.jar!/logback.xml]
19:42:15,403 |-WARN in ch.qos.logback.classic.LoggerContext[default] - Resource [logback.xml] occurs multiple times on the classpath.
19:42:15,403 |-WARN in ch.qos.logback.classic.LoggerContext[default] - Resource [logback.xml] occurs at [jar:file:/root/flamestream/lib/flamestream-runtime-1.0-SNAPSHOT.jar!/logback.xml]
19:42:15,403 |-WARN in ch.qos.logback.classic.LoggerContext[default] - Resource [logback.xml] occurs at [jar:file:/root/flamestream/flamestream-runtime-1.0-SNAPSHOT.jar!/logback.xml]
19:42:15,422 |-INFO in ch.qos.logback.core.joran.spi.ConfigurationWatchList@3fb6a447 - URL [jar:file:/root/flamestream/lib/flamestream-runtime-1.0-SNAPSHOT.jar!/logback.xml] is not of type file
19:42:15,493 |-INFO in ch.qos.logback.classic.joran.action.ConfigurationAction - debug attribute not set
19:42:15,494 |-INFO in ch.qos.logback.core.joran.action.AppenderAction - About to instantiate appender of type [ch.qos.logback.core.ConsoleAppender]
19:42:15,511 |-INFO in ch.qos.logback.core.joran.action.AppenderAction - Naming appender as [STDOUT]
19:42:15,525 |-INFO in ch.qos.logback.core.joran.action.NestedComplexPropertyIA - Assuming default type [ch.qos.logback.classic.encoder.PatternLayoutEncoder] for [encoder] property
19:42:15,609 |-INFO in ch.qos.logback.core.joran.action.AppenderAction - About to instantiate appender of type [ch.qos.logback.core.rolling.RollingFileAppender]
19:42:15,614 |-INFO in ch.qos.logback.core.joran.action.AppenderAction - Naming appender as [FILE]
19:42:15,644 |-INFO in c.q.l.core.rolling.TimeBasedRollingPolicy@127618319 - No compression will be used
19:42:15,645 |-INFO in c.q.l.core.rolling.TimeBasedRollingPolicy@127618319 - Will use the pattern /tmp/application_%d{yyyy-MM-dd}.%i.log for the active file
19:42:15,648 |-INFO in ch.qos.logback.core.rolling.SizeAndTimeBasedFNATP@6b2fad11 - The date pattern is 'yyyy-MM-dd' from file name pattern '/tmp/application_%d{yyyy-MM-dd}.%i.log'.
19:42:15,648 |-INFO in ch.qos.logback.core.rolling.SizeAndTimeBasedFNATP@6b2fad11 - Roll-over at midnight.
19:42:15,654 |-INFO in ch.qos.logback.core.rolling.SizeAndTimeBasedFNATP@6b2fad11 - Setting initial period to Mon Jun 10 19:41:00 UTC 2019
19:42:15,654 |-WARN in ch.qos.logback.core.rolling.SizeAndTimeBasedFNATP@6b2fad11 - SizeAndTimeBasedFNATP is deprecated. Use SizeAndTimeBasedRollingPolicy instead
19:42:15,654 |-WARN in ch.qos.logback.core.rolling.SizeAndTimeBasedFNATP@6b2fad11 - For more information see http://logback.qos.ch/manual/appenders.html#SizeAndTimeBasedRollingPolicy
19:42:15,657 |-INFO in ch.qos.logback.core.joran.action.NestedComplexPropertyIA - Assuming default type [ch.qos.logback.classic.encoder.PatternLayoutEncoder] for [encoder] property
19:42:15,662 |-INFO in ch.qos.logback.core.rolling.RollingFileAppender[FILE] - Active log file name: /tmp/application.log
19:42:15,662 |-INFO in ch.qos.logback.core.rolling.RollingFileAppender[FILE] - File property is set to [/tmp/application.log]
19:42:15,663 |-INFO in ch.qos.logback.classic.joran.action.RootLoggerAction - Setting level of ROOT logger to WARN
19:42:15,663 |-INFO in ch.qos.logback.core.joran.action.AppenderRefAction - Attaching appender named [STDOUT] to Logger[ROOT]
19:42:15,665 |-INFO in ch.qos.logback.core.joran.action.AppenderRefAction - Attaching appender named [FILE] to Logger[ROOT]
19:42:15,665 |-INFO in ch.qos.logback.classic.joran.action.ConfigurationAction - End of configuration.
19:42:15,666 |-INFO in ch.qos.logback.classic.joran.JoranConfigurator@79698539 - Registering current configuration as safe fallback point

Ama winner
Ama winner
2019-06-10T19:42:16.907+0000: 1.691: [Full GC (Metadata GC Threshold) 2019-06-10T19:42:16.907+0000: 1.691: [Tenured: 0K->15255K(341376K), 0.0392076 secs] 114986K->15255K(494976K), [Metaspace: 20729K->20729K(1067008K)], 0.0392757 secs] [Times: user=0.03 sys=0.00, real=0.03 secs] 
19:42:35.304 [Curator-PathChildrenCache-1] WARN  o.a.c.u.ZKPaths  - The version of ZooKeeper being used doesn't support Container nodes. CreateMode.PERSISTENT will be used instead.
2019-06-10T19:42:37.707+0000: 22.491: [GC (Allocation Failure) 2019-06-10T19:42:37.707+0000: 22.491: [DefNew: 118397K->16780K(153600K), 0.0181067 secs] 133653K->32035K(494976K), 0.0181745 secs] [Times: user=0.01 sys=0.00, real=0.02 secs] 
2019-06-10T19:42:38.973+0000: 23.757: [Full GC (Metadata GC Threshold) 2019-06-10T19:42:38.973+0000: 23.757: [Tenured: 15255K->43629K(341376K), 0.0485541 secs] 83156K->43629K(494976K), [Metaspace: 34487K->34487K(1079296K)], 0.0486293 secs] [Times: user=0.04 sys=0.01, real=0.05 secs] 
2019-06-10T19:42:46.132+0000: 30.916: [GC (Allocation Failure) 2019-06-10T19:42:46.132+0000: 30.916: [DefNew: 136576K->67K(153600K), 0.0017947 secs] 180205K->43697K(494976K), 0.0018539 secs] [Times: user=0.00 sys=0.00, real=0.00 secs] 
2019-06-10T19:42:53.381+0000: 38.165: [GC (Allocation Failure) 2019-06-10T19:42:53.381+0000: 38.165: [DefNew: 136643K->67K(153600K), 0.0017046 secs] 180273K->43697K(494976K), 0.0017767 secs] [Times: user=0.00 sys=0.00, real=0.00 secs] 
2019-06-10T19:43:00.620+0000: 45.404: [GC (Allocation Failure) 2019-06-10T19:43:00.620+0000: 45.404: [DefNew: 136643K->100K(153600K), 0.0017368 secs] 180273K->43730K(494976K), 0.0017985 secs] [Times: user=0.01 sys=0.00, real=0.00 secs] 
2019-06-10T19:43:07.977+0000: 52.761: [GC (Allocation Failure) 2019-06-10T19:43:07.977+0000: 52.761: [DefNew: 136676K->101K(153600K), 0.0018140 secs] 180306K->43731K(494976K), 0.0018764 secs] [Times: user=0.00 sys=0.00, real=0.00 secs] 
2019-06-10T19:43:15.245+0000: 60.029: [GC (Allocation Failure) 2019-06-10T19:43:15.245+0000: 60.029: [DefNew: 136677K->99K(153600K), 0.0017237 secs] 180307K->43729K(494976K), 0.0017935 secs] [Times: user=0.00 sys=0.00, real=0.00 secs] 
19:43:27.289 [Curator-PathChildrenCache-0] ERROR o.a.c.f.r.c.PathChildrenCache  - 
java.lang.IllegalStateException: instance must be started before calling this method
	at org.apache.curator.shaded.com.google.common.base.Preconditions.checkState(Preconditions.java:444)
	at org.apache.curator.framework.imps.CuratorFrameworkImpl.getChildren(CuratorFrameworkImpl.java:456)
	at org.apache.curator.framework.recipes.cache.PathChildrenCache.refresh(PathChildrenCache.java:521)
	at org.apache.curator.framework.recipes.cache.RefreshOperation.invoke(RefreshOperation.java:35)
	at org.apache.curator.framework.recipes.cache.PathChildrenCache$9.run(PathChildrenCache.java:786)
	at java.util.concurrent.Executors$RunnableAdapter.call(Executors.java:511)
	at java.util.concurrent.FutureTask.run(FutureTask.java:266)
	at java.util.concurrent.Executors$RunnableAdapter.call(Executors.java:511)
	at java.util.concurrent.FutureTask.run(FutureTask.java:266)
	at java.util.concurrent.ThreadPoolExecutor.runWorker(ThreadPoolExecutor.java:1149)
	at java.util.concurrent.ThreadPoolExecutor$Worker.run(ThreadPoolExecutor.java:624)
	at java.lang.Thread.run(Thread.java:748)
Heap
 def new generation   total 153600K, used 109557K [0x00000000e0c00000, 0x00000000eb2a0000, 0x00000000eb2a0000)
  eden space 136576K,  80% used [0x00000000e0c00000, 0x00000000e76e4718, 0x00000000e9160000)
  from space 17024K,   0% used [0x00000000e9160000, 0x00000000e9178f90, 0x00000000ea200000)
  to   space 17024K,   0% used [0x00000000ea200000, 0x00000000ea200000, 0x00000000eb2a0000)
 tenured generation   total 341376K, used 43629K [0x00000000eb2a0000, 0x0000000100000000, 0x0000000100000000)
   the space 341376K,  12% used [0x00000000eb2a0000, 0x00000000edd3b7a8, 0x00000000edd3b800, 0x0000000100000000)
 Metaspace       used 36123K, capacity 37062K, committed 37376K, reserved 1081344K
  class space    used 4869K, capacity 5075K, committed 5120K, reserved 1048576K
