12:59:27,376 |-INFO in ch.qos.logback.classic.LoggerContext[default] - Could NOT find resource [logback-test.xml]
12:59:27,376 |-INFO in ch.qos.logback.classic.LoggerContext[default] - Could NOT find resource [logback.groovy]
12:59:27,377 |-INFO in ch.qos.logback.classic.LoggerContext[default] - Found resource [logback.xml] at [jar:file:/root/flamestream/lib/flamestream-runtime-1.0-SNAPSHOT.jar!/logback.xml]
12:59:27,377 |-WARN in ch.qos.logback.classic.LoggerContext[default] - Resource [logback.xml] occurs multiple times on the classpath.
12:59:27,378 |-WARN in ch.qos.logback.classic.LoggerContext[default] - Resource [logback.xml] occurs at [jar:file:/root/flamestream/lib/flamestream-runtime-1.0-SNAPSHOT.jar!/logback.xml]
12:59:27,378 |-WARN in ch.qos.logback.classic.LoggerContext[default] - Resource [logback.xml] occurs at [jar:file:/root/flamestream/flamestream-runtime-1.0-SNAPSHOT.jar!/logback.xml]
12:59:27,397 |-INFO in ch.qos.logback.core.joran.spi.ConfigurationWatchList@3fb6a447 - URL [jar:file:/root/flamestream/lib/flamestream-runtime-1.0-SNAPSHOT.jar!/logback.xml] is not of type file
12:59:27,469 |-INFO in ch.qos.logback.classic.joran.action.ConfigurationAction - debug attribute not set
12:59:27,470 |-INFO in ch.qos.logback.core.joran.action.AppenderAction - About to instantiate appender of type [ch.qos.logback.core.ConsoleAppender]
12:59:27,487 |-INFO in ch.qos.logback.core.joran.action.AppenderAction - Naming appender as [STDOUT]
12:59:27,505 |-INFO in ch.qos.logback.core.joran.action.NestedComplexPropertyIA - Assuming default type [ch.qos.logback.classic.encoder.PatternLayoutEncoder] for [encoder] property
12:59:27,588 |-INFO in ch.qos.logback.core.joran.action.AppenderAction - About to instantiate appender of type [ch.qos.logback.core.rolling.RollingFileAppender]
12:59:27,593 |-INFO in ch.qos.logback.core.joran.action.AppenderAction - Naming appender as [FILE]
12:59:27,625 |-INFO in c.q.l.core.rolling.TimeBasedRollingPolicy@127618319 - No compression will be used
12:59:27,627 |-INFO in c.q.l.core.rolling.TimeBasedRollingPolicy@127618319 - Will use the pattern /tmp/application_%d{yyyy-MM-dd}.%i.log for the active file
12:59:27,630 |-INFO in ch.qos.logback.core.rolling.SizeAndTimeBasedFNATP@6b2fad11 - The date pattern is 'yyyy-MM-dd' from file name pattern '/tmp/application_%d{yyyy-MM-dd}.%i.log'.
12:59:27,630 |-INFO in ch.qos.logback.core.rolling.SizeAndTimeBasedFNATP@6b2fad11 - Roll-over at midnight.
12:59:27,635 |-INFO in ch.qos.logback.core.rolling.SizeAndTimeBasedFNATP@6b2fad11 - Setting initial period to Mon Jun 10 12:55:03 UTC 2019
12:59:27,635 |-WARN in ch.qos.logback.core.rolling.SizeAndTimeBasedFNATP@6b2fad11 - SizeAndTimeBasedFNATP is deprecated. Use SizeAndTimeBasedRollingPolicy instead
12:59:27,635 |-WARN in ch.qos.logback.core.rolling.SizeAndTimeBasedFNATP@6b2fad11 - For more information see http://logback.qos.ch/manual/appenders.html#SizeAndTimeBasedRollingPolicy
12:59:27,639 |-INFO in ch.qos.logback.core.joran.action.NestedComplexPropertyIA - Assuming default type [ch.qos.logback.classic.encoder.PatternLayoutEncoder] for [encoder] property
12:59:27,644 |-INFO in ch.qos.logback.core.rolling.RollingFileAppender[FILE] - Active log file name: /tmp/application.log
12:59:27,644 |-INFO in ch.qos.logback.core.rolling.RollingFileAppender[FILE] - File property is set to [/tmp/application.log]
12:59:27,645 |-INFO in ch.qos.logback.classic.joran.action.RootLoggerAction - Setting level of ROOT logger to WARN
12:59:27,645 |-INFO in ch.qos.logback.core.joran.action.AppenderRefAction - Attaching appender named [STDOUT] to Logger[ROOT]
12:59:27,647 |-INFO in ch.qos.logback.core.joran.action.AppenderRefAction - Attaching appender named [FILE] to Logger[ROOT]
12:59:27,647 |-INFO in ch.qos.logback.classic.joran.action.ConfigurationAction - End of configuration.
12:59:27,648 |-INFO in ch.qos.logback.classic.joran.JoranConfigurator@79698539 - Registering current configuration as safe fallback point

Ama winner
Ama winner
2019-06-10T12:59:28.977+0000: 1.791: [Full GC (Metadata GC Threshold) 2019-06-10T12:59:28.977+0000: 1.791: [Tenured: 0K->15208K(341376K), 0.0372817 secs] 114988K->15208K(494976K), [Metaspace: 20742K->20742K(1067008K)], 0.0373511 secs] [Times: user=0.03 sys=0.00, real=0.03 secs] 
12:59:46.695 [Curator-PathChildrenCache-1] WARN  o.a.c.u.ZKPaths  - The version of ZooKeeper being used doesn't support Container nodes. CreateMode.PERSISTENT will be used instead.
2019-06-10T12:59:48.858+0000: 21.672: [GC (Allocation Failure) 2019-06-10T12:59:48.858+0000: 21.672: [DefNew: 136576K->17023K(153600K), 0.0300225 secs] 151784K->52619K(494976K), 0.0300969 secs] [Times: user=0.03 sys=0.00, real=0.03 secs] 
2019-06-10T12:59:53.440+0000: 26.254: [Full GC (Metadata GC Threshold) 2019-06-10T12:59:53.440+0000: 26.254: [Tenured: 35595K->44450K(341376K), 0.0498645 secs] 116503K->44450K(494976K), [Metaspace: 34566K->34566K(1079296K)], 0.0499412 secs] [Times: user=0.05 sys=0.00, real=0.05 secs] 
2019-06-10T13:00:03.573+0000: 36.387: [GC (Allocation Failure) 2019-06-10T13:00:03.573+0000: 36.387: [DefNew: 136576K->55K(153600K), 0.0017791 secs] 181026K->44506K(494976K), 0.0018559 secs] [Times: user=0.01 sys=0.00, real=0.00 secs] 
2019-06-10T13:00:13.794+0000: 46.608: [GC (Allocation Failure) 2019-06-10T13:00:13.794+0000: 46.608: [DefNew: 136631K->56K(153600K), 0.0018015 secs] 181082K->44506K(494976K), 0.0018629 secs] [Times: user=0.01 sys=0.00, real=0.00 secs] 
2019-06-10T13:00:24.195+0000: 57.009: [GC (Allocation Failure) 2019-06-10T13:00:24.195+0000: 57.009: [DefNew: 136632K->54K(153600K), 0.0017097 secs] 181082K->44504K(494976K), 0.0017723 secs] [Times: user=0.00 sys=0.00, real=0.01 secs] 
2019-06-10T13:00:35.616+0000: 68.430: [GC (Allocation Failure) 2019-06-10T13:00:35.617+0000: 68.430: [DefNew: 136630K->396K(153600K), 0.0022365 secs] 181080K->44846K(494976K), 0.0022995 secs] [Times: user=0.00 sys=0.00, real=0.00 secs] 
2019-06-10T13:00:48.234+0000: 81.047: [GC (Allocation Failure) 2019-06-10T13:00:48.234+0000: 81.048: [DefNew: 136972K->150K(153600K), 0.0019985 secs] 181422K->44600K(494976K), 0.0020681 secs] [Times: user=0.00 sys=0.00, real=0.00 secs] 
2019-06-10T13:01:00.955+0000: 93.770: [GC (Allocation Failure) 2019-06-10T13:01:00.956+0000: 93.770: [DefNew: 136726K->149K(153600K), 0.0020169 secs] 181176K->44599K(494976K), 0.0030301 secs] [Times: user=0.00 sys=0.00, real=0.01 secs] 
13:01:20.034 [Curator-PathChildrenCache-0] ERROR o.a.c.f.r.c.PathChildrenCache  - 
java.lang.IllegalStateException: instance must be started before calling this method
	at org.apache.curator.shaded.com.google.common.base.Preconditions.checkState(Preconditions.java:444)
	at org.apache.curator.framework.imps.CuratorFrameworkImpl.getChildren(CuratorFrameworkImpl.java:456)
	at org.apache.curator.framework.recipes.cache.PathChildrenCache.refresh(PathChildrenCache.java:521)
	at org.apache.curator.framework.recipes.cache.RefreshOperation.invoke(RefreshOperation.java:35)
	at org.apache.curator.framework.recipes.cache.PathChildrenCache$9.run(PathChildrenCache.java:786)
	at java.util.concurrent.Executors$RunnableAdapter.call(Executors.java:511)
	at java.util.concurrent.FutureTask.run(FutureTask.java:266)
	at java.util.concurrent.Executors$RunnableAdapter.call(Executors.java:511)
	at java.util.concurrent.FutureTask.run(FutureTask.java:266)
	at java.util.concurrent.ThreadPoolExecutor.runWorker(ThreadPoolExecutor.java:1149)
	at java.util.concurrent.ThreadPoolExecutor$Worker.run(ThreadPoolExecutor.java:624)
	at java.lang.Thread.run(Thread.java:748)
Heap
 def new generation   total 153600K, used 113119K [0x00000000e0c00000, 0x00000000eb2a0000, 0x00000000eb2a0000)
  eden space 136576K,  82% used [0x00000000e0c00000, 0x00000000e7a52a68, 0x00000000e9160000)
  from space 17024K,   0% used [0x00000000ea200000, 0x00000000ea225458, 0x00000000eb2a0000)
  to   space 17024K,   0% used [0x00000000e9160000, 0x00000000e9160000, 0x00000000ea200000)
 tenured generation   total 341376K, used 44450K [0x00000000eb2a0000, 0x0000000100000000, 0x0000000100000000)
   the space 341376K,  13% used [0x00000000eb2a0000, 0x00000000ede088c0, 0x00000000ede08a00, 0x0000000100000000)
 Metaspace       used 36065K, capacity 36922K, committed 37120K, reserved 1081344K
  class space    used 4856K, capacity 5073K, committed 5120K, reserved 1048576K
