15:15:35,186 |-INFO in ch.qos.logback.classic.LoggerContext[default] - Could NOT find resource [logback-test.xml]
15:15:35,186 |-INFO in ch.qos.logback.classic.LoggerContext[default] - Could NOT find resource [logback.groovy]
15:15:35,187 |-INFO in ch.qos.logback.classic.LoggerContext[default] - Found resource [logback.xml] at [jar:file:/root/flamestream/lib/flamestream-runtime-1.0-SNAPSHOT.jar!/logback.xml]
15:15:35,188 |-WARN in ch.qos.logback.classic.LoggerContext[default] - Resource [logback.xml] occurs multiple times on the classpath.
15:15:35,188 |-WARN in ch.qos.logback.classic.LoggerContext[default] - Resource [logback.xml] occurs at [jar:file:/root/flamestream/lib/flamestream-runtime-1.0-SNAPSHOT.jar!/logback.xml]
15:15:35,188 |-WARN in ch.qos.logback.classic.LoggerContext[default] - Resource [logback.xml] occurs at [jar:file:/root/flamestream/flamestream-runtime-1.0-SNAPSHOT.jar!/logback.xml]
15:15:35,208 |-INFO in ch.qos.logback.core.joran.spi.ConfigurationWatchList@3fb6a447 - URL [jar:file:/root/flamestream/lib/flamestream-runtime-1.0-SNAPSHOT.jar!/logback.xml] is not of type file
15:15:35,275 |-INFO in ch.qos.logback.classic.joran.action.ConfigurationAction - debug attribute not set
15:15:35,276 |-INFO in ch.qos.logback.core.joran.action.AppenderAction - About to instantiate appender of type [ch.qos.logback.core.ConsoleAppender]
15:15:35,292 |-INFO in ch.qos.logback.core.joran.action.AppenderAction - Naming appender as [STDOUT]
15:15:35,311 |-INFO in ch.qos.logback.core.joran.action.NestedComplexPropertyIA - Assuming default type [ch.qos.logback.classic.encoder.PatternLayoutEncoder] for [encoder] property
15:15:35,392 |-INFO in ch.qos.logback.core.joran.action.AppenderAction - About to instantiate appender of type [ch.qos.logback.core.rolling.RollingFileAppender]
15:15:35,400 |-INFO in ch.qos.logback.core.joran.action.AppenderAction - Naming appender as [FILE]
15:15:35,430 |-INFO in c.q.l.core.rolling.TimeBasedRollingPolicy@127618319 - No compression will be used
15:15:35,432 |-INFO in c.q.l.core.rolling.TimeBasedRollingPolicy@127618319 - Will use the pattern /tmp/application_%d{yyyy-MM-dd}.%i.log for the active file
15:15:35,435 |-INFO in ch.qos.logback.core.rolling.SizeAndTimeBasedFNATP@6b2fad11 - The date pattern is 'yyyy-MM-dd' from file name pattern '/tmp/application_%d{yyyy-MM-dd}.%i.log'.
15:15:35,435 |-INFO in ch.qos.logback.core.rolling.SizeAndTimeBasedFNATP@6b2fad11 - Roll-over at midnight.
15:15:35,440 |-INFO in ch.qos.logback.core.rolling.SizeAndTimeBasedFNATP@6b2fad11 - Setting initial period to Mon Jun 10 15:14:16 UTC 2019
15:15:35,440 |-WARN in ch.qos.logback.core.rolling.SizeAndTimeBasedFNATP@6b2fad11 - SizeAndTimeBasedFNATP is deprecated. Use SizeAndTimeBasedRollingPolicy instead
15:15:35,440 |-WARN in ch.qos.logback.core.rolling.SizeAndTimeBasedFNATP@6b2fad11 - For more information see http://logback.qos.ch/manual/appenders.html#SizeAndTimeBasedRollingPolicy
15:15:35,444 |-INFO in ch.qos.logback.core.joran.action.NestedComplexPropertyIA - Assuming default type [ch.qos.logback.classic.encoder.PatternLayoutEncoder] for [encoder] property
15:15:35,448 |-INFO in ch.qos.logback.core.rolling.RollingFileAppender[FILE] - Active log file name: /tmp/application.log
15:15:35,448 |-INFO in ch.qos.logback.core.rolling.RollingFileAppender[FILE] - File property is set to [/tmp/application.log]
15:15:35,449 |-INFO in ch.qos.logback.classic.joran.action.RootLoggerAction - Setting level of ROOT logger to WARN
15:15:35,449 |-INFO in ch.qos.logback.core.joran.action.AppenderRefAction - Attaching appender named [STDOUT] to Logger[ROOT]
15:15:35,451 |-INFO in ch.qos.logback.core.joran.action.AppenderRefAction - Attaching appender named [FILE] to Logger[ROOT]
15:15:35,451 |-INFO in ch.qos.logback.classic.joran.action.ConfigurationAction - End of configuration.
15:15:35,452 |-INFO in ch.qos.logback.classic.joran.JoranConfigurator@79698539 - Registering current configuration as safe fallback point

Ama winner
Ama winner
2019-06-10T15:15:36.788+0000: 1.787: [Full GC (Metadata GC Threshold) 2019-06-10T15:15:36.788+0000: 1.787: [Tenured: 0K->15144K(341376K), 0.0409305 secs] 114987K->15144K(494976K), [Metaspace: 20726K->20726K(1067008K)], 0.0410272 secs] [Times: user=0.04 sys=0.00, real=0.05 secs] 
15:15:51.374 [Curator-PathChildrenCache-1] WARN  o.a.c.u.ZKPaths  - The version of ZooKeeper being used doesn't support Container nodes. CreateMode.PERSISTENT will be used instead.
2019-06-10T15:15:53.762+0000: 18.762: [GC (Allocation Failure) 2019-06-10T15:15:53.762+0000: 18.762: [DefNew: 136576K->17024K(153600K), 0.0293125 secs] 151720K->52608K(494976K), 0.0293850 secs] [Times: user=0.02 sys=0.01, real=0.03 secs] 
2019-06-10T15:15:54.858+0000: 19.858: [Full GC (Metadata GC Threshold) 2019-06-10T15:15:54.858+0000: 19.858: [Tenured: 35584K->44354K(341376K), 0.0381034 secs] 79166K->44354K(494976K), [Metaspace: 34578K->34578K(1079296K)], 0.0381769 secs] [Times: user=0.04 sys=0.01, real=0.03 secs] 
2019-06-10T15:16:01.451+0000: 26.450: [GC (Allocation Failure) 2019-06-10T15:16:01.451+0000: 26.450: [DefNew: 136576K->71K(153600K), 0.0018931 secs] 180930K->44426K(494976K), 0.0019507 secs] [Times: user=0.00 sys=0.00, real=0.00 secs] 
2019-06-10T15:16:07.899+0000: 32.898: [GC (Allocation Failure) 2019-06-10T15:16:07.899+0000: 32.898: [DefNew: 136647K->73K(153600K), 0.0017829 secs] 181002K->44427K(494976K), 0.0018393 secs] [Times: user=0.00 sys=0.00, real=0.00 secs] 
2019-06-10T15:16:14.358+0000: 39.357: [GC (Allocation Failure) 2019-06-10T15:16:14.358+0000: 39.357: [DefNew: 136649K->80K(153600K), 0.0018430 secs] 181003K->44434K(494976K), 0.0019028 secs] [Times: user=0.00 sys=0.00, real=0.00 secs] 
2019-06-10T15:16:20.752+0000: 45.752: [GC (Allocation Failure) 2019-06-10T15:16:20.752+0000: 45.752: [DefNew: 136656K->75K(153600K), 0.0018435 secs] 181010K->44429K(494976K), 0.0019052 secs] [Times: user=0.01 sys=0.00, real=0.00 secs] 
2019-06-10T15:16:27.171+0000: 52.171: [GC (Allocation Failure) 2019-06-10T15:16:27.171+0000: 52.171: [DefNew: 136651K->74K(153600K), 0.0018619 secs] 181005K->44429K(494976K), 0.0019260 secs] [Times: user=0.00 sys=0.00, real=0.00 secs] 
15:16:39.090 [Curator-PathChildrenCache-0] ERROR o.a.c.f.r.c.PathChildrenCache  - 
java.lang.IllegalStateException: instance must be started before calling this method
	at org.apache.curator.shaded.com.google.common.base.Preconditions.checkState(Preconditions.java:444)
	at org.apache.curator.framework.imps.CuratorFrameworkImpl.getChildren(CuratorFrameworkImpl.java:456)
	at org.apache.curator.framework.recipes.cache.PathChildrenCache.refresh(PathChildrenCache.java:521)
	at org.apache.curator.framework.recipes.cache.RefreshOperation.invoke(RefreshOperation.java:35)
	at org.apache.curator.framework.recipes.cache.PathChildrenCache$9.run(PathChildrenCache.java:786)
	at java.util.concurrent.Executors$RunnableAdapter.call(Executors.java:511)
	at java.util.concurrent.FutureTask.run(FutureTask.java:266)
	at java.util.concurrent.Executors$RunnableAdapter.call(Executors.java:511)
	at java.util.concurrent.FutureTask.run(FutureTask.java:266)
	at java.util.concurrent.ThreadPoolExecutor.runWorker(ThreadPoolExecutor.java:1149)
	at java.util.concurrent.ThreadPoolExecutor$Worker.run(ThreadPoolExecutor.java:624)
	at java.lang.Thread.run(Thread.java:748)
2019-06-10T15:16:40.153+0000: 65.152: [GC (Allocation Failure) 2019-06-10T15:16:40.153+0000: 65.152: [DefNew: 136650K->1049K(153600K), 0.0035351 secs] 181005K->45404K(494976K), 0.0035941 secs] [Times: user=0.01 sys=0.00, real=0.00 secs] 
Heap
 def new generation   total 153600K, used 5749K [0x00000000e0c00000, 0x00000000eb2a0000, 0x00000000eb2a0000)
  eden space 136576K,   3% used [0x00000000e0c00000, 0x00000000e1096dc8, 0x00000000e9160000)
  from space 17024K,   6% used [0x00000000ea200000, 0x00000000ea306780, 0x00000000eb2a0000)
  to   space 17024K,   0% used [0x00000000e9160000, 0x00000000e9160000, 0x00000000ea200000)
 tenured generation   total 341376K, used 44354K [0x00000000eb2a0000, 0x0000000100000000, 0x0000000100000000)
   the space 341376K,  12% used [0x00000000eb2a0000, 0x00000000eddf09f8, 0x00000000eddf0a00, 0x0000000100000000)
 Metaspace       used 36312K, capacity 37222K, committed 37376K, reserved 1081344K
  class space    used 4873K, capacity 5081K, committed 5120K, reserved 1048576K
