16:13:47,972 |-INFO in ch.qos.logback.classic.LoggerContext[default] - Could NOT find resource [logback-test.xml]
16:13:47,972 |-INFO in ch.qos.logback.classic.LoggerContext[default] - Could NOT find resource [logback.groovy]
16:13:47,973 |-INFO in ch.qos.logback.classic.LoggerContext[default] - Found resource [logback.xml] at [jar:file:/root/flamestream/lib/flamestream-runtime-1.0-SNAPSHOT.jar!/logback.xml]
16:13:47,973 |-WARN in ch.qos.logback.classic.LoggerContext[default] - Resource [logback.xml] occurs multiple times on the classpath.
16:13:47,974 |-WARN in ch.qos.logback.classic.LoggerContext[default] - Resource [logback.xml] occurs at [jar:file:/root/flamestream/lib/flamestream-runtime-1.0-SNAPSHOT.jar!/logback.xml]
16:13:47,974 |-WARN in ch.qos.logback.classic.LoggerContext[default] - Resource [logback.xml] occurs at [jar:file:/root/flamestream/flamestream-runtime-1.0-SNAPSHOT.jar!/logback.xml]
16:13:47,994 |-INFO in ch.qos.logback.core.joran.spi.ConfigurationWatchList@3fb6a447 - URL [jar:file:/root/flamestream/lib/flamestream-runtime-1.0-SNAPSHOT.jar!/logback.xml] is not of type file
16:13:48,069 |-INFO in ch.qos.logback.classic.joran.action.ConfigurationAction - debug attribute not set
16:13:48,070 |-INFO in ch.qos.logback.core.joran.action.AppenderAction - About to instantiate appender of type [ch.qos.logback.core.ConsoleAppender]
16:13:48,084 |-INFO in ch.qos.logback.core.joran.action.AppenderAction - Naming appender as [STDOUT]
16:13:48,101 |-INFO in ch.qos.logback.core.joran.action.NestedComplexPropertyIA - Assuming default type [ch.qos.logback.classic.encoder.PatternLayoutEncoder] for [encoder] property
16:13:48,194 |-INFO in ch.qos.logback.core.joran.action.AppenderAction - About to instantiate appender of type [ch.qos.logback.core.rolling.RollingFileAppender]
16:13:48,199 |-INFO in ch.qos.logback.core.joran.action.AppenderAction - Naming appender as [FILE]
16:13:48,230 |-INFO in c.q.l.core.rolling.TimeBasedRollingPolicy@127618319 - No compression will be used
16:13:48,232 |-INFO in c.q.l.core.rolling.TimeBasedRollingPolicy@127618319 - Will use the pattern /tmp/application_%d{yyyy-MM-dd}.%i.log for the active file
16:13:48,235 |-INFO in ch.qos.logback.core.rolling.SizeAndTimeBasedFNATP@6b2fad11 - The date pattern is 'yyyy-MM-dd' from file name pattern '/tmp/application_%d{yyyy-MM-dd}.%i.log'.
16:13:48,235 |-INFO in ch.qos.logback.core.rolling.SizeAndTimeBasedFNATP@6b2fad11 - Roll-over at midnight.
16:13:48,240 |-INFO in ch.qos.logback.core.rolling.SizeAndTimeBasedFNATP@6b2fad11 - Setting initial period to Mon Jun 10 16:12:20 UTC 2019
16:13:48,240 |-WARN in ch.qos.logback.core.rolling.SizeAndTimeBasedFNATP@6b2fad11 - SizeAndTimeBasedFNATP is deprecated. Use SizeAndTimeBasedRollingPolicy instead
16:13:48,240 |-WARN in ch.qos.logback.core.rolling.SizeAndTimeBasedFNATP@6b2fad11 - For more information see http://logback.qos.ch/manual/appenders.html#SizeAndTimeBasedRollingPolicy
16:13:48,244 |-INFO in ch.qos.logback.core.joran.action.NestedComplexPropertyIA - Assuming default type [ch.qos.logback.classic.encoder.PatternLayoutEncoder] for [encoder] property
16:13:48,249 |-INFO in ch.qos.logback.core.rolling.RollingFileAppender[FILE] - Active log file name: /tmp/application.log
16:13:48,249 |-INFO in ch.qos.logback.core.rolling.RollingFileAppender[FILE] - File property is set to [/tmp/application.log]
16:13:48,250 |-INFO in ch.qos.logback.classic.joran.action.RootLoggerAction - Setting level of ROOT logger to WARN
16:13:48,250 |-INFO in ch.qos.logback.core.joran.action.AppenderRefAction - Attaching appender named [STDOUT] to Logger[ROOT]
16:13:48,252 |-INFO in ch.qos.logback.core.joran.action.AppenderRefAction - Attaching appender named [FILE] to Logger[ROOT]
16:13:48,252 |-INFO in ch.qos.logback.classic.joran.action.ConfigurationAction - End of configuration.
16:13:48,252 |-INFO in ch.qos.logback.classic.joran.JoranConfigurator@79698539 - Registering current configuration as safe fallback point

Ama winner
Ama winner
2019-06-10T16:13:49.577+0000: 1.791: [Full GC (Metadata GC Threshold) 2019-06-10T16:13:49.577+0000: 1.791: [Tenured: 0K->15177K(341376K), 0.0403124 secs] 112223K->15177K(494976K), [Metaspace: 20737K->20737K(1067008K)], 0.0403773 secs] [Times: user=0.04 sys=0.00, real=0.04 secs] 
16:14:10.264 [Curator-PathChildrenCache-1] WARN  o.a.c.u.ZKPaths  - The version of ZooKeeper being used doesn't support Container nodes. CreateMode.PERSISTENT will be used instead.
2019-06-10T16:14:12.389+0000: 24.604: [GC (Allocation Failure) 2019-06-10T16:14:12.389+0000: 24.604: [DefNew: 136576K->17024K(153600K), 0.0257031 secs] 151753K->52874K(494976K), 0.0257864 secs] [Times: user=0.01 sys=0.01, real=0.02 secs] 
2019-06-10T16:14:13.739+0000: 25.954: [Full GC (Metadata GC Threshold) 2019-06-10T16:14:13.739+0000: 25.954: [Tenured: 35850K->44880K(341376K), 0.0815873 secs] 84457K->44880K(494976K), [Metaspace: 34556K->34556K(1079296K)], 0.0816912 secs] [Times: user=0.07 sys=0.00, real=0.08 secs] 
2019-06-10T16:14:18.879+0000: 31.094: [GC (Allocation Failure) 2019-06-10T16:14:18.879+0000: 31.094: [DefNew: 136576K->76K(153600K), 0.0019449 secs] 181456K->44957K(494976K), 0.0020079 secs] [Times: user=0.00 sys=0.00, real=0.00 secs] 
2019-06-10T16:14:24.032+0000: 36.247: [GC (Allocation Failure) 2019-06-10T16:14:24.033+0000: 36.247: [DefNew: 136652K->106K(153600K), 0.0017909 secs] 181533K->44987K(494976K), 0.0018532 secs] [Times: user=0.00 sys=0.00, real=0.00 secs] 
2019-06-10T16:14:29.243+0000: 41.458: [GC (Allocation Failure) 2019-06-10T16:14:29.243+0000: 41.458: [DefNew: 136682K->106K(153600K), 0.0018584 secs] 181563K->44987K(494976K), 0.0019285 secs] [Times: user=0.00 sys=0.00, real=0.00 secs] 
2019-06-10T16:14:34.420+0000: 46.635: [GC (Allocation Failure) 2019-06-10T16:14:34.420+0000: 46.635: [DefNew: 136682K->140K(153600K), 0.0018765 secs] 181563K->45021K(494976K), 0.0019527 secs] [Times: user=0.00 sys=0.00, real=0.00 secs] 
16:14:47.385 [Curator-PathChildrenCache-0] ERROR o.a.c.f.r.c.PathChildrenCache  - 
java.lang.IllegalStateException: instance must be started before calling this method
	at org.apache.curator.shaded.com.google.common.base.Preconditions.checkState(Preconditions.java:444)
	at org.apache.curator.framework.imps.CuratorFrameworkImpl.getChildren(CuratorFrameworkImpl.java:456)
	at org.apache.curator.framework.recipes.cache.PathChildrenCache.refresh(PathChildrenCache.java:521)
	at org.apache.curator.framework.recipes.cache.RefreshOperation.invoke(RefreshOperation.java:35)
	at org.apache.curator.framework.recipes.cache.PathChildrenCache$9.run(PathChildrenCache.java:786)
	at java.util.concurrent.Executors$RunnableAdapter.call(Executors.java:511)
	at java.util.concurrent.FutureTask.run(FutureTask.java:266)
	at java.util.concurrent.Executors$RunnableAdapter.call(Executors.java:511)
	at java.util.concurrent.FutureTask.run(FutureTask.java:266)
	at java.util.concurrent.ThreadPoolExecutor.runWorker(ThreadPoolExecutor.java:1149)
	at java.util.concurrent.ThreadPoolExecutor$Worker.run(ThreadPoolExecutor.java:624)
	at java.lang.Thread.run(Thread.java:748)
2019-06-10T16:14:47.400+0000: 59.615: [GC (Allocation Failure) 2019-06-10T16:14:47.401+0000: 59.615: [DefNew: 136716K->687K(153600K), 0.0032954 secs] 181597K->45568K(494976K), 0.0033463 secs] [Times: user=0.00 sys=0.00, real=0.00 secs] 
Heap
 def new generation   total 153600K, used 13736K [0x00000000e0c00000, 0x00000000eb2a0000, 0x00000000eb2a0000)
  eden space 136576K,   9% used [0x00000000e0c00000, 0x00000000e18be418, 0x00000000e9160000)
  from space 17024K,   4% used [0x00000000e9160000, 0x00000000e920bfa8, 0x00000000ea200000)
  to   space 17024K,   0% used [0x00000000ea200000, 0x00000000ea200000, 0x00000000eb2a0000)
 tenured generation   total 341376K, used 44880K [0x00000000eb2a0000, 0x0000000100000000, 0x0000000100000000)
   the space 341376K,  13% used [0x00000000eb2a0000, 0x00000000ede743c0, 0x00000000ede74400, 0x0000000100000000)
 Metaspace       used 35800K, capacity 36646K, committed 36864K, reserved 1081344K
  class space    used 4826K, capacity 5017K, committed 5120K, reserved 1048576K
