13:27:49,079 |-INFO in ch.qos.logback.classic.LoggerContext[default] - Could NOT find resource [logback-test.xml]
13:27:49,079 |-INFO in ch.qos.logback.classic.LoggerContext[default] - Could NOT find resource [logback.groovy]
13:27:49,080 |-INFO in ch.qos.logback.classic.LoggerContext[default] - Found resource [logback.xml] at [jar:file:/home/nikitasokolov/flamestream/lib/flamestream-runtime-1.0-SNAPSHOT.jar!/logback.xml]
13:27:49,080 |-WARN in ch.qos.logback.classic.LoggerContext[default] - Resource [logback.xml] occurs multiple times on the classpath.
13:27:49,080 |-WARN in ch.qos.logback.classic.LoggerContext[default] - Resource [logback.xml] occurs at [jar:file:/home/nikitasokolov/flamestream/lib/flamestream-runtime-1.0-SNAPSHOT.jar!/logback.xml]
13:27:49,080 |-WARN in ch.qos.logback.classic.LoggerContext[default] - Resource [logback.xml] occurs at [jar:file:/home/nikitasokolov/flamestream/flamestream-runtime-1.0-SNAPSHOT.jar!/logback.xml]
13:27:49,097 |-INFO in ch.qos.logback.core.joran.spi.ConfigurationWatchList@2f7a2457 - URL [jar:file:/home/nikitasokolov/flamestream/lib/flamestream-runtime-1.0-SNAPSHOT.jar!/logback.xml] is not of type file
13:27:49,148 |-INFO in ch.qos.logback.classic.joran.action.ConfigurationAction - debug attribute not set
13:27:49,149 |-INFO in ch.qos.logback.core.joran.action.AppenderAction - About to instantiate appender of type [ch.qos.logback.core.ConsoleAppender]
13:27:49,157 |-INFO in ch.qos.logback.core.joran.action.AppenderAction - Naming appender as [STDOUT]
13:27:49,164 |-INFO in ch.qos.logback.core.joran.action.NestedComplexPropertyIA - Assuming default type [ch.qos.logback.classic.encoder.PatternLayoutEncoder] for [encoder] property
13:27:49,222 |-INFO in ch.qos.logback.core.joran.action.AppenderAction - About to instantiate appender of type [ch.qos.logback.core.rolling.RollingFileAppender]
13:27:49,229 |-INFO in ch.qos.logback.core.joran.action.AppenderAction - Naming appender as [FILE]
13:27:49,253 |-INFO in c.q.l.core.rolling.TimeBasedRollingPolicy@1449621165 - No compression will be used
13:27:49,254 |-INFO in c.q.l.core.rolling.TimeBasedRollingPolicy@1449621165 - Will use the pattern /tmp/application_%d{yyyy-MM-dd}.%i.log for the active file
13:27:49,257 |-INFO in ch.qos.logback.core.rolling.SizeAndTimeBasedFNATP@6108b2d7 - The date pattern is 'yyyy-MM-dd' from file name pattern '/tmp/application_%d{yyyy-MM-dd}.%i.log'.
13:27:49,257 |-INFO in ch.qos.logback.core.rolling.SizeAndTimeBasedFNATP@6108b2d7 - Roll-over at midnight.
13:27:49,261 |-INFO in ch.qos.logback.core.rolling.SizeAndTimeBasedFNATP@6108b2d7 - Setting initial period to Tue May 28 13:26:18 MSK 2019
13:27:49,262 |-WARN in ch.qos.logback.core.rolling.SizeAndTimeBasedFNATP@6108b2d7 - SizeAndTimeBasedFNATP is deprecated. Use SizeAndTimeBasedRollingPolicy instead
13:27:49,262 |-WARN in ch.qos.logback.core.rolling.SizeAndTimeBasedFNATP@6108b2d7 - For more information see http://logback.qos.ch/manual/appenders.html#SizeAndTimeBasedRollingPolicy
13:27:49,266 |-INFO in ch.qos.logback.core.joran.action.NestedComplexPropertyIA - Assuming default type [ch.qos.logback.classic.encoder.PatternLayoutEncoder] for [encoder] property
13:27:49,268 |-INFO in ch.qos.logback.core.rolling.RollingFileAppender[FILE] - Active log file name: /tmp/application.log
13:27:49,268 |-INFO in ch.qos.logback.core.rolling.RollingFileAppender[FILE] - File property is set to [/tmp/application.log]
13:27:49,269 |-INFO in ch.qos.logback.classic.joran.action.RootLoggerAction - Setting level of ROOT logger to WARN
13:27:49,270 |-INFO in ch.qos.logback.core.joran.action.AppenderRefAction - Attaching appender named [STDOUT] to Logger[ROOT]
13:27:49,270 |-INFO in ch.qos.logback.core.joran.action.AppenderRefAction - Attaching appender named [FILE] to Logger[ROOT]
13:27:49,270 |-INFO in ch.qos.logback.classic.joran.action.ConfigurationAction - End of configuration.
13:27:49,271 |-INFO in ch.qos.logback.classic.joran.JoranConfigurator@1554909b - Registering current configuration as safe fallback point

2019-05-28T13:27:50.265+0300: 1.371: [GC (Metadata GC Threshold) [PSYoungGen: 97810K->15882K(149504K)] 97810K->15962K(491008K), 0.0189963 secs] [Times: user=0.10 sys=0.02, real=0.02 secs] 
2019-05-28T13:27:50.284+0300: 1.391: [Full GC (Metadata GC Threshold) [PSYoungGen: 15882K->0K(149504K)] [ParOldGen: 80K->15080K(341504K)] 15962K->15080K(491008K), [Metaspace: 20793K->20793K(1067008K)], 0.0246445 secs] [Times: user=0.14 sys=0.02, real=0.02 secs] 
13:27:58.512 [Curator-PathChildrenCache-2] WARN  o.a.c.u.ZKPaths  - The version of ZooKeeper being used doesn't support Container nodes. CreateMode.PERSISTENT will be used instead.
2019-05-28T13:27:59.202+0300: 10.309: [GC (Metadata GC Threshold) [PSYoungGen: 127836K->20975K(149504K)] 142917K->51208K(491008K), 0.0180401 secs] [Times: user=0.18 sys=0.02, real=0.02 secs] 
2019-05-28T13:27:59.220+0300: 10.327: [Full GC (Metadata GC Threshold) [PSYoungGen: 20975K->0K(149504K)] [ParOldGen: 30232K->40148K(341504K)] 51208K->40148K(491008K), [Metaspace: 34396K->34394K(1079296K)], 0.0330907 secs] [Times: user=0.16 sys=0.00, real=0.04 secs] 
2019-05-28T13:28:02.409+0300: 13.515: [GC (Allocation Failure) [PSYoungGen: 128512K->896K(149504K)] 168660K->41053K(491008K), 0.0037688 secs] [Times: user=0.02 sys=0.00, real=0.01 secs] 
2019-05-28T13:28:05.571+0300: 16.677: [GC (Allocation Failure) [PSYoungGen: 129408K->768K(149504K)] 169565K->40933K(491008K), 0.0042735 secs] [Times: user=0.03 sys=0.01, real=0.01 secs] 
2019-05-28T13:28:09.255+0300: 20.362: [GC (Allocation Failure) [PSYoungGen: 129280K->864K(129536K)] 169445K->41037K(471040K), 0.0037568 secs] [Times: user=0.02 sys=0.00, real=0.00 secs] 
2019-05-28T13:28:12.583+0300: 23.712: [GC (Allocation Failure) [PSYoungGen: 129376K->864K(131584K)] 169549K->41045K(473088K), 0.0253663 secs] [Times: user=0.01 sys=0.00, real=0.02 secs] 
2019-05-28T13:28:15.056+0300: 26.163: [GC (Allocation Failure) [PSYoungGen: 91488K->864K(129536K)] 131669K->41053K(471040K), 0.0028338 secs] [Times: user=0.02 sys=0.00, real=0.00 secs] 
2019-05-28T13:28:17.775+0300: 28.882: [GC (Allocation Failure) [PSYoungGen: 91488K->864K(136192K)] 131677K->41061K(477696K), 0.0043528 secs] [Times: user=0.03 sys=0.01, real=0.00 secs] 
2019-05-28T13:28:24.222+0300: 35.328: [GC (Allocation Failure) [PSYoungGen: 100704K->800K(134144K)] 140901K->41005K(475648K), 0.0026003 secs] [Times: user=0.02 sys=0.00, real=0.01 secs] 
13:28:24.957 [Curator-PathChildrenCache-0] ERROR o.a.c.f.r.c.PathChildrenCache  - 
java.lang.IllegalStateException: instance must be started before calling this method
	at org.apache.curator.shaded.com.google.common.base.Preconditions.checkState(Preconditions.java:444)
	at org.apache.curator.framework.imps.CuratorFrameworkImpl.getChildren(CuratorFrameworkImpl.java:456)
	at org.apache.curator.framework.recipes.cache.PathChildrenCache.refresh(PathChildrenCache.java:521)
	at org.apache.curator.framework.recipes.cache.RefreshOperation.invoke(RefreshOperation.java:35)
	at org.apache.curator.framework.recipes.cache.PathChildrenCache$9.run(PathChildrenCache.java:786)
	at java.util.concurrent.Executors$RunnableAdapter.call(Executors.java:511)
	at java.util.concurrent.FutureTask.run(FutureTask.java:266)
	at java.util.concurrent.Executors$RunnableAdapter.call(Executors.java:511)
	at java.util.concurrent.FutureTask.run(FutureTask.java:266)
	at java.util.concurrent.ThreadPoolExecutor.runWorker(ThreadPoolExecutor.java:1149)
	at java.util.concurrent.ThreadPoolExecutor$Worker.run(ThreadPoolExecutor.java:624)
	at java.lang.Thread.run(Thread.java:748)
Heap
 PSYoungGen      total 134144K, used 12557K [0x00000000f5980000, 0x0000000100000000, 0x0000000100000000)
  eden space 99840K, 11% used [0x00000000f5980000,0x00000000f64fb528,0x00000000fbb00000)
  from space 34304K, 2% used [0x00000000fbb00000,0x00000000fbbc80a0,0x00000000fdc80000)
  to   space 32768K, 0% used [0x00000000fe000000,0x00000000fe000000,0x0000000100000000)
 ParOldGen       total 341504K, used 40204K [0x00000000e0c00000, 0x00000000f5980000, 0x00000000f5980000)
  object space 341504K, 11% used [0x00000000e0c00000,0x00000000e33433d8,0x00000000f5980000)
 Metaspace       used 36298K, capacity 37320K, committed 37464K, reserved 1081344K
  class space    used 4988K, capacity 5208K, committed 5248K, reserved 1048576K
