19:21:59,337 |-INFO in ch.qos.logback.classic.LoggerContext[default] - Could NOT find resource [logback-test.xml]
19:21:59,337 |-INFO in ch.qos.logback.classic.LoggerContext[default] - Could NOT find resource [logback.groovy]
19:21:59,338 |-INFO in ch.qos.logback.classic.LoggerContext[default] - Found resource [logback.xml] at [jar:file:/root/flamestream/lib/flamestream-runtime-1.0-SNAPSHOT.jar!/logback.xml]
19:21:59,338 |-WARN in ch.qos.logback.classic.LoggerContext[default] - Resource [logback.xml] occurs multiple times on the classpath.
19:21:59,339 |-WARN in ch.qos.logback.classic.LoggerContext[default] - Resource [logback.xml] occurs at [jar:file:/root/flamestream/lib/flamestream-runtime-1.0-SNAPSHOT.jar!/logback.xml]
19:21:59,339 |-WARN in ch.qos.logback.classic.LoggerContext[default] - Resource [logback.xml] occurs at [jar:file:/root/flamestream/flamestream-runtime-1.0-SNAPSHOT.jar!/logback.xml]
19:21:59,359 |-INFO in ch.qos.logback.core.joran.spi.ConfigurationWatchList@3fb6a447 - URL [jar:file:/root/flamestream/lib/flamestream-runtime-1.0-SNAPSHOT.jar!/logback.xml] is not of type file
19:21:59,427 |-INFO in ch.qos.logback.classic.joran.action.ConfigurationAction - debug attribute not set
19:21:59,428 |-INFO in ch.qos.logback.core.joran.action.AppenderAction - About to instantiate appender of type [ch.qos.logback.core.ConsoleAppender]
19:21:59,444 |-INFO in ch.qos.logback.core.joran.action.AppenderAction - Naming appender as [STDOUT]
19:21:59,463 |-INFO in ch.qos.logback.core.joran.action.NestedComplexPropertyIA - Assuming default type [ch.qos.logback.classic.encoder.PatternLayoutEncoder] for [encoder] property
19:21:59,550 |-INFO in ch.qos.logback.core.joran.action.AppenderAction - About to instantiate appender of type [ch.qos.logback.core.rolling.RollingFileAppender]
19:21:59,555 |-INFO in ch.qos.logback.core.joran.action.AppenderAction - Naming appender as [FILE]
19:21:59,586 |-INFO in c.q.l.core.rolling.TimeBasedRollingPolicy@127618319 - No compression will be used
19:21:59,587 |-INFO in c.q.l.core.rolling.TimeBasedRollingPolicy@127618319 - Will use the pattern /tmp/application_%d{yyyy-MM-dd}.%i.log for the active file
19:21:59,590 |-INFO in ch.qos.logback.core.rolling.SizeAndTimeBasedFNATP@6b2fad11 - The date pattern is 'yyyy-MM-dd' from file name pattern '/tmp/application_%d{yyyy-MM-dd}.%i.log'.
19:21:59,590 |-INFO in ch.qos.logback.core.rolling.SizeAndTimeBasedFNATP@6b2fad11 - Roll-over at midnight.
19:21:59,595 |-INFO in ch.qos.logback.core.rolling.SizeAndTimeBasedFNATP@6b2fad11 - Setting initial period to Tue Jun 11 19:20:49 UTC 2019
19:21:59,595 |-WARN in ch.qos.logback.core.rolling.SizeAndTimeBasedFNATP@6b2fad11 - SizeAndTimeBasedFNATP is deprecated. Use SizeAndTimeBasedRollingPolicy instead
19:21:59,595 |-WARN in ch.qos.logback.core.rolling.SizeAndTimeBasedFNATP@6b2fad11 - For more information see http://logback.qos.ch/manual/appenders.html#SizeAndTimeBasedRollingPolicy
19:21:59,599 |-INFO in ch.qos.logback.core.joran.action.NestedComplexPropertyIA - Assuming default type [ch.qos.logback.classic.encoder.PatternLayoutEncoder] for [encoder] property
19:21:59,604 |-INFO in ch.qos.logback.core.rolling.RollingFileAppender[FILE] - Active log file name: /tmp/application.log
19:21:59,604 |-INFO in ch.qos.logback.core.rolling.RollingFileAppender[FILE] - File property is set to [/tmp/application.log]
19:21:59,605 |-INFO in ch.qos.logback.classic.joran.action.RootLoggerAction - Setting level of ROOT logger to WARN
19:21:59,605 |-INFO in ch.qos.logback.core.joran.action.AppenderRefAction - Attaching appender named [STDOUT] to Logger[ROOT]
19:21:59,607 |-INFO in ch.qos.logback.core.joran.action.AppenderRefAction - Attaching appender named [FILE] to Logger[ROOT]
19:21:59,607 |-INFO in ch.qos.logback.classic.joran.action.ConfigurationAction - End of configuration.
19:21:59,607 |-INFO in ch.qos.logback.classic.joran.JoranConfigurator@79698539 - Registering current configuration as safe fallback point

Ama winner
Ama winner
2019-06-11T19:22:01.559+0000: 2.410: [Full GC (Metadata GC Threshold) 2019-06-11T19:22:01.559+0000: 2.410: [Tenured: 0K->15240K(341376K), 0.0669873 secs] 117782K->15240K(494976K), [Metaspace: 20735K->20735K(1067008K)], 0.0670581 secs] [Times: user=0.04 sys=0.00, real=0.06 secs] 
19:22:13.109 [Curator-PathChildrenCache-1] WARN  o.a.c.u.ZKPaths  - The version of ZooKeeper being used doesn't support Container nodes. CreateMode.PERSISTENT will be used instead.
2019-06-11T19:22:15.523+0000: 16.374: [GC (Allocation Failure) 2019-06-11T19:22:15.523+0000: 16.374: [DefNew: 136576K->14091K(153600K), 0.0257816 secs] 151816K->48863K(494976K), 0.0258488 secs] [Times: user=0.02 sys=0.01, real=0.03 secs] 
2019-06-11T19:22:18.936+0000: 19.787: [GC (Allocation Failure) 2019-06-11T19:22:18.936+0000: 19.787: [DefNew: 150667K->434K(153600K), 0.0088646 secs] 185439K->39540K(494976K), 0.0089272 secs] [Times: user=0.01 sys=0.00, real=0.01 secs] 
2019-06-11T19:22:19.463+0000: 20.314: [Full GC (Metadata GC Threshold) 2019-06-11T19:22:19.463+0000: 20.314: [Tenured: 39105K->39539K(341376K), 0.0317739 secs] 56911K->39539K(494976K), [Metaspace: 34654K->34654K(1079296K)], 0.0318469 secs] [Times: user=0.03 sys=0.00, real=0.03 secs] 
2019-06-11T19:22:24.987+0000: 25.838: [GC (Allocation Failure) 2019-06-11T19:22:24.987+0000: 25.838: [DefNew: 136576K->65K(153600K), 0.0017428 secs] 176115K->39604K(494976K), 0.0017983 secs] [Times: user=0.00 sys=0.00, real=0.01 secs] 
2019-06-11T19:22:30.630+0000: 31.481: [GC (Allocation Failure) 2019-06-11T19:22:30.630+0000: 31.481: [DefNew: 136641K->69K(153600K), 0.0016060 secs] 176180K->39608K(494976K), 0.0016729 secs] [Times: user=0.00 sys=0.00, real=0.00 secs] 
2019-06-11T19:22:36.239+0000: 37.090: [GC (Allocation Failure) 2019-06-11T19:22:36.239+0000: 37.090: [DefNew: 136645K->73K(153600K), 0.0016799 secs] 176184K->39612K(494976K), 0.0017406 secs] [Times: user=0.00 sys=0.00, real=0.00 secs] 
2019-06-11T19:22:41.934+0000: 42.784: [GC (Allocation Failure) 2019-06-11T19:22:41.934+0000: 42.784: [DefNew: 136649K->74K(153600K), 0.0016053 secs] 176188K->39613K(494976K), 0.0016614 secs] [Times: user=0.00 sys=0.00, real=0.00 secs] 
2019-06-11T19:22:47.562+0000: 48.413: [GC (Allocation Failure) 2019-06-11T19:22:47.562+0000: 48.413: [DefNew: 136650K->75K(153600K), 0.0016438 secs] 176189K->39614K(494976K), 0.0017063 secs] [Times: user=0.00 sys=0.00, real=0.00 secs] 
2019-06-11T19:22:53.236+0000: 54.087: [GC (Allocation Failure) 2019-06-11T19:22:53.236+0000: 54.087: [DefNew: 136651K->79K(153600K), 0.0016423 secs] 176190K->39618K(494976K), 0.0017001 secs] [Times: user=0.00 sys=0.00, real=0.01 secs] 
2019-06-11T19:22:58.888+0000: 59.739: [GC (Allocation Failure) 2019-06-11T19:22:58.888+0000: 59.739: [DefNew: 136655K->78K(153600K), 0.0016738 secs] 176194K->39617K(494976K), 0.0017340 secs] [Times: user=0.01 sys=0.00, real=0.01 secs] 
2019-06-11T19:23:05.392+0000: 66.243: [GC (Allocation Failure) 2019-06-11T19:23:05.392+0000: 66.243: [DefNew: 136654K->370K(153600K), 0.0020527 secs] 176193K->39909K(494976K), 0.0021129 secs] [Times: user=0.00 sys=0.00, real=0.00 secs] 
19:23:12.614 [Curator-PathChildrenCache-0] ERROR o.a.c.f.r.c.PathChildrenCache  - 
java.lang.IllegalStateException: instance must be started before calling this method
	at org.apache.curator.shaded.com.google.common.base.Preconditions.checkState(Preconditions.java:444)
	at org.apache.curator.framework.imps.CuratorFrameworkImpl.getChildren(CuratorFrameworkImpl.java:456)
	at org.apache.curator.framework.recipes.cache.PathChildrenCache.refresh(PathChildrenCache.java:521)
	at org.apache.curator.framework.recipes.cache.RefreshOperation.invoke(RefreshOperation.java:35)
	at org.apache.curator.framework.recipes.cache.PathChildrenCache$9.run(PathChildrenCache.java:786)
	at java.util.concurrent.Executors$RunnableAdapter.call(Executors.java:511)
	at java.util.concurrent.FutureTask.run(FutureTask.java:266)
	at java.util.concurrent.Executors$RunnableAdapter.call(Executors.java:511)
	at java.util.concurrent.FutureTask.run(FutureTask.java:266)
	at java.util.concurrent.ThreadPoolExecutor.runWorker(ThreadPoolExecutor.java:1149)
	at java.util.concurrent.ThreadPoolExecutor$Worker.run(ThreadPoolExecutor.java:624)
	at java.lang.Thread.run(Thread.java:748)
Heap
 def new generation   total 153600K, used 21487K [0x00000000e0c00000, 0x00000000eb2a0000, 0x00000000eb2a0000)
  eden space 136576K,  15% used [0x00000000e0c00000, 0x00000000e209f288, 0x00000000e9160000)
  from space 17024K,   2% used [0x00000000e9160000, 0x00000000e91bcba8, 0x00000000ea200000)
  to   space 17024K,   0% used [0x00000000ea200000, 0x00000000ea200000, 0x00000000eb2a0000)
 tenured generation   total 341376K, used 39539K [0x00000000eb2a0000, 0x0000000100000000, 0x0000000100000000)
   the space 341376K,  11% used [0x00000000eb2a0000, 0x00000000ed93cc30, 0x00000000ed93ce00, 0x0000000100000000)
 Metaspace       used 35909K, capacity 36742K, committed 36864K, reserved 1081344K
  class space    used 4870K, capacity 5065K, committed 5120K, reserved 1048576K
