08:20:40,586 |-INFO in ch.qos.logback.classic.LoggerContext[default] - Could NOT find resource [logback-test.xml]
08:20:40,586 |-INFO in ch.qos.logback.classic.LoggerContext[default] - Could NOT find resource [logback.groovy]
08:20:40,587 |-INFO in ch.qos.logback.classic.LoggerContext[default] - Found resource [logback.xml] at [jar:file:/root/flamestream/lib/flamestream-runtime-1.0-SNAPSHOT.jar!/logback.xml]
08:20:40,587 |-WARN in ch.qos.logback.classic.LoggerContext[default] - Resource [logback.xml] occurs multiple times on the classpath.
08:20:40,587 |-WARN in ch.qos.logback.classic.LoggerContext[default] - Resource [logback.xml] occurs at [jar:file:/root/flamestream/lib/flamestream-runtime-1.0-SNAPSHOT.jar!/logback.xml]
08:20:40,587 |-WARN in ch.qos.logback.classic.LoggerContext[default] - Resource [logback.xml] occurs at [jar:file:/root/flamestream/flamestream-runtime-1.0-SNAPSHOT.jar!/logback.xml]
08:20:40,607 |-INFO in ch.qos.logback.core.joran.spi.ConfigurationWatchList@3fb6a447 - URL [jar:file:/root/flamestream/lib/flamestream-runtime-1.0-SNAPSHOT.jar!/logback.xml] is not of type file
08:20:40,682 |-INFO in ch.qos.logback.classic.joran.action.ConfigurationAction - debug attribute not set
08:20:40,683 |-INFO in ch.qos.logback.core.joran.action.AppenderAction - About to instantiate appender of type [ch.qos.logback.core.ConsoleAppender]
08:20:40,695 |-INFO in ch.qos.logback.core.joran.action.AppenderAction - Naming appender as [STDOUT]
08:20:40,713 |-INFO in ch.qos.logback.core.joran.action.NestedComplexPropertyIA - Assuming default type [ch.qos.logback.classic.encoder.PatternLayoutEncoder] for [encoder] property
08:20:40,808 |-INFO in ch.qos.logback.core.joran.action.AppenderAction - About to instantiate appender of type [ch.qos.logback.core.rolling.RollingFileAppender]
08:20:40,813 |-INFO in ch.qos.logback.core.joran.action.AppenderAction - Naming appender as [FILE]
08:20:40,844 |-INFO in c.q.l.core.rolling.TimeBasedRollingPolicy@127618319 - No compression will be used
08:20:40,845 |-INFO in c.q.l.core.rolling.TimeBasedRollingPolicy@127618319 - Will use the pattern /tmp/application_%d{yyyy-MM-dd}.%i.log for the active file
08:20:40,848 |-INFO in ch.qos.logback.core.rolling.SizeAndTimeBasedFNATP@6b2fad11 - The date pattern is 'yyyy-MM-dd' from file name pattern '/tmp/application_%d{yyyy-MM-dd}.%i.log'.
08:20:40,848 |-INFO in ch.qos.logback.core.rolling.SizeAndTimeBasedFNATP@6b2fad11 - Roll-over at midnight.
08:20:40,854 |-INFO in ch.qos.logback.core.rolling.SizeAndTimeBasedFNATP@6b2fad11 - Setting initial period to Tue Jun 11 08:19:22 UTC 2019
08:20:40,854 |-WARN in ch.qos.logback.core.rolling.SizeAndTimeBasedFNATP@6b2fad11 - SizeAndTimeBasedFNATP is deprecated. Use SizeAndTimeBasedRollingPolicy instead
08:20:40,854 |-WARN in ch.qos.logback.core.rolling.SizeAndTimeBasedFNATP@6b2fad11 - For more information see http://logback.qos.ch/manual/appenders.html#SizeAndTimeBasedRollingPolicy
08:20:40,858 |-INFO in ch.qos.logback.core.joran.action.NestedComplexPropertyIA - Assuming default type [ch.qos.logback.classic.encoder.PatternLayoutEncoder] for [encoder] property
08:20:40,863 |-INFO in ch.qos.logback.core.rolling.RollingFileAppender[FILE] - Active log file name: /tmp/application.log
08:20:40,863 |-INFO in ch.qos.logback.core.rolling.RollingFileAppender[FILE] - File property is set to [/tmp/application.log]
08:20:40,864 |-INFO in ch.qos.logback.classic.joran.action.RootLoggerAction - Setting level of ROOT logger to WARN
08:20:40,864 |-INFO in ch.qos.logback.core.joran.action.AppenderRefAction - Attaching appender named [STDOUT] to Logger[ROOT]
08:20:40,866 |-INFO in ch.qos.logback.core.joran.action.AppenderRefAction - Attaching appender named [FILE] to Logger[ROOT]
08:20:40,866 |-INFO in ch.qos.logback.classic.joran.action.ConfigurationAction - End of configuration.
08:20:40,866 |-INFO in ch.qos.logback.classic.joran.JoranConfigurator@79698539 - Registering current configuration as safe fallback point

Ama winner
Ama winner
2019-06-11T08:20:42.514+0000: 2.118: [Full GC (Metadata GC Threshold) 2019-06-11T08:20:42.514+0000: 2.118: [Tenured: 0K->15241K(341376K), 0.0362436 secs] 117654K->15241K(494976K), [Metaspace: 20745K->20745K(1067008K)], 0.0363093 secs] [Times: user=0.03 sys=0.00, real=0.04 secs] 
08:20:58.805 [Curator-PathChildrenCache-1] WARN  o.a.c.u.ZKPaths  - The version of ZooKeeper being used doesn't support Container nodes. CreateMode.PERSISTENT will be used instead.
2019-06-11T08:21:01.150+0000: 20.754: [GC (Allocation Failure) 2019-06-11T08:21:01.150+0000: 20.754: [DefNew: 136576K->17024K(153600K), 0.0346347 secs] 151817K->52620K(494976K), 0.0347068 secs] [Times: user=0.03 sys=0.01, real=0.03 secs] 
2019-06-11T08:21:06.122+0000: 25.727: [GC (Allocation Failure) 2019-06-11T08:21:06.122+0000: 25.727: [DefNew: 153600K->170K(153600K), 0.0094629 secs] 189196K->43946K(494976K), 0.0095249 secs] [Times: user=0.01 sys=0.00, real=0.01 secs] 
2019-06-11T08:21:07.632+0000: 27.236: [Full GC (Metadata GC Threshold) 2019-06-11T08:21:07.632+0000: 27.236: [Tenured: 43775K->43931K(341376K), 0.0420871 secs] 89970K->43931K(494976K), [Metaspace: 34608K->34608K(1079296K)], 0.0421623 secs] [Times: user=0.05 sys=0.00, real=0.04 secs] 
2019-06-11T08:21:12.431+0000: 32.036: [GC (Allocation Failure) 2019-06-11T08:21:12.431+0000: 32.036: [DefNew: 136576K->77K(153600K), 0.0017467 secs] 180507K->44009K(494976K), 0.0018068 secs] [Times: user=0.00 sys=0.00, real=0.00 secs] 
2019-06-11T08:21:17.226+0000: 36.831: [GC (Allocation Failure) 2019-06-11T08:21:17.226+0000: 36.831: [DefNew: 136653K->83K(153600K), 0.0015804 secs] 180585K->44014K(494976K), 0.0016418 secs] [Times: user=0.00 sys=0.00, real=0.00 secs] 
2019-06-11T08:21:22.056+0000: 41.661: [GC (Allocation Failure) 2019-06-11T08:21:22.056+0000: 41.661: [DefNew: 136659K->88K(153600K), 0.0015943 secs] 180590K->44020K(494976K), 0.0016565 secs] [Times: user=0.00 sys=0.00, real=0.00 secs] 
2019-06-11T08:21:32.269+0000: 51.874: [GC (Allocation Failure) 2019-06-11T08:21:32.269+0000: 51.874: [DefNew: 136664K->82K(153600K), 0.0016758 secs] 180596K->44014K(494976K), 0.0017352 secs] [Times: user=0.00 sys=0.00, real=0.00 secs] 
08:21:36.139 [Curator-PathChildrenCache-0] ERROR o.a.c.f.r.c.PathChildrenCache  - 
java.lang.IllegalStateException: instance must be started before calling this method
	at org.apache.curator.shaded.com.google.common.base.Preconditions.checkState(Preconditions.java:444)
	at org.apache.curator.framework.imps.CuratorFrameworkImpl.getChildren(CuratorFrameworkImpl.java:456)
	at org.apache.curator.framework.recipes.cache.PathChildrenCache.refresh(PathChildrenCache.java:521)
	at org.apache.curator.framework.recipes.cache.RefreshOperation.invoke(RefreshOperation.java:35)
	at org.apache.curator.framework.recipes.cache.PathChildrenCache$9.run(PathChildrenCache.java:786)
	at java.util.concurrent.Executors$RunnableAdapter.call(Executors.java:511)
	at java.util.concurrent.FutureTask.run(FutureTask.java:266)
	at java.util.concurrent.Executors$RunnableAdapter.call(Executors.java:511)
	at java.util.concurrent.FutureTask.run(FutureTask.java:266)
	at java.util.concurrent.ThreadPoolExecutor.runWorker(ThreadPoolExecutor.java:1149)
	at java.util.concurrent.ThreadPoolExecutor$Worker.run(ThreadPoolExecutor.java:624)
	at java.lang.Thread.run(Thread.java:748)
Heap
 def new generation   total 153600K, used 34358K [0x00000000e0c00000, 0x00000000eb2a0000, 0x00000000eb2a0000)
  eden space 136576K,  25% used [0x00000000e0c00000, 0x00000000e2d79210, 0x00000000e9160000)
  from space 17024K,   0% used [0x00000000e9160000, 0x00000000e91749c8, 0x00000000ea200000)
  to   space 17024K,   0% used [0x00000000ea200000, 0x00000000ea200000, 0x00000000eb2a0000)
 tenured generation   total 341376K, used 43931K [0x00000000eb2a0000, 0x0000000100000000, 0x0000000100000000)
   the space 341376K,  12% used [0x00000000eb2a0000, 0x00000000edd86f98, 0x00000000edd87000, 0x0000000100000000)
 Metaspace       used 35655K, capacity 36506K, committed 36864K, reserved 1081344K
  class space    used 4823K, capacity 5041K, committed 5120K, reserved 1048576K
