14:56:09,702 |-INFO in ch.qos.logback.classic.LoggerContext[default] - Could NOT find resource [logback-test.xml]
14:56:09,702 |-INFO in ch.qos.logback.classic.LoggerContext[default] - Could NOT find resource [logback.groovy]
14:56:09,702 |-INFO in ch.qos.logback.classic.LoggerContext[default] - Found resource [logback.xml] at [jar:file:/root/flamestream/lib/flamestream-runtime-1.0-SNAPSHOT.jar!/logback.xml]
14:56:09,707 |-WARN in ch.qos.logback.classic.LoggerContext[default] - Resource [logback.xml] occurs multiple times on the classpath.
14:56:09,707 |-WARN in ch.qos.logback.classic.LoggerContext[default] - Resource [logback.xml] occurs at [jar:file:/root/flamestream/lib/flamestream-runtime-1.0-SNAPSHOT.jar!/logback.xml]
14:56:09,707 |-WARN in ch.qos.logback.classic.LoggerContext[default] - Resource [logback.xml] occurs at [jar:file:/root/flamestream/flamestream-runtime-1.0-SNAPSHOT.jar!/logback.xml]
14:56:09,727 |-INFO in ch.qos.logback.core.joran.spi.ConfigurationWatchList@3fb6a447 - URL [jar:file:/root/flamestream/lib/flamestream-runtime-1.0-SNAPSHOT.jar!/logback.xml] is not of type file
14:56:09,793 |-INFO in ch.qos.logback.classic.joran.action.ConfigurationAction - debug attribute not set
14:56:09,794 |-INFO in ch.qos.logback.core.joran.action.AppenderAction - About to instantiate appender of type [ch.qos.logback.core.ConsoleAppender]
14:56:09,810 |-INFO in ch.qos.logback.core.joran.action.AppenderAction - Naming appender as [STDOUT]
14:56:09,828 |-INFO in ch.qos.logback.core.joran.action.NestedComplexPropertyIA - Assuming default type [ch.qos.logback.classic.encoder.PatternLayoutEncoder] for [encoder] property
14:56:09,911 |-INFO in ch.qos.logback.core.joran.action.AppenderAction - About to instantiate appender of type [ch.qos.logback.core.rolling.RollingFileAppender]
14:56:09,919 |-INFO in ch.qos.logback.core.joran.action.AppenderAction - Naming appender as [FILE]
14:56:09,950 |-INFO in c.q.l.core.rolling.TimeBasedRollingPolicy@127618319 - No compression will be used
14:56:09,951 |-INFO in c.q.l.core.rolling.TimeBasedRollingPolicy@127618319 - Will use the pattern /tmp/application_%d{yyyy-MM-dd}.%i.log for the active file
14:56:09,954 |-INFO in ch.qos.logback.core.rolling.SizeAndTimeBasedFNATP@6b2fad11 - The date pattern is 'yyyy-MM-dd' from file name pattern '/tmp/application_%d{yyyy-MM-dd}.%i.log'.
14:56:09,954 |-INFO in ch.qos.logback.core.rolling.SizeAndTimeBasedFNATP@6b2fad11 - Roll-over at midnight.
14:56:09,960 |-INFO in ch.qos.logback.core.rolling.SizeAndTimeBasedFNATP@6b2fad11 - Setting initial period to Mon Jun 10 14:54:53 UTC 2019
14:56:09,960 |-WARN in ch.qos.logback.core.rolling.SizeAndTimeBasedFNATP@6b2fad11 - SizeAndTimeBasedFNATP is deprecated. Use SizeAndTimeBasedRollingPolicy instead
14:56:09,960 |-WARN in ch.qos.logback.core.rolling.SizeAndTimeBasedFNATP@6b2fad11 - For more information see http://logback.qos.ch/manual/appenders.html#SizeAndTimeBasedRollingPolicy
14:56:09,963 |-INFO in ch.qos.logback.core.joran.action.NestedComplexPropertyIA - Assuming default type [ch.qos.logback.classic.encoder.PatternLayoutEncoder] for [encoder] property
14:56:09,968 |-INFO in ch.qos.logback.core.rolling.RollingFileAppender[FILE] - Active log file name: /tmp/application.log
14:56:09,968 |-INFO in ch.qos.logback.core.rolling.RollingFileAppender[FILE] - File property is set to [/tmp/application.log]
14:56:09,969 |-INFO in ch.qos.logback.classic.joran.action.RootLoggerAction - Setting level of ROOT logger to WARN
14:56:09,969 |-INFO in ch.qos.logback.core.joran.action.AppenderRefAction - Attaching appender named [STDOUT] to Logger[ROOT]
14:56:09,971 |-INFO in ch.qos.logback.core.joran.action.AppenderRefAction - Attaching appender named [FILE] to Logger[ROOT]
14:56:09,971 |-INFO in ch.qos.logback.classic.joran.action.ConfigurationAction - End of configuration.
14:56:09,972 |-INFO in ch.qos.logback.classic.joran.JoranConfigurator@79698539 - Registering current configuration as safe fallback point

Ama winner
Ama winner
2019-06-10T14:56:11.603+0000: 2.081: [Full GC (Metadata GC Threshold) 2019-06-10T14:56:11.603+0000: 2.081: [Tenured: 0K->15241K(341376K), 0.0390655 secs] 120482K->15241K(494976K), [Metaspace: 20734K->20734K(1067008K)], 0.0391350 secs] [Times: user=0.03 sys=0.01, real=0.04 secs] 
14:56:28.617 [Curator-PathChildrenCache-1] WARN  o.a.c.u.ZKPaths  - The version of ZooKeeper being used doesn't support Container nodes. CreateMode.PERSISTENT will be used instead.
2019-06-10T14:56:31.110+0000: 21.589: [GC (Allocation Failure) 2019-06-10T14:56:31.110+0000: 21.589: [DefNew: 136576K->17024K(153600K), 0.0271215 secs] 151817K->52757K(494976K), 0.0271873 secs] [Times: user=0.02 sys=0.01, real=0.03 secs] 
2019-06-10T14:56:33.046+0000: 23.525: [Full GC (Metadata GC Threshold) 2019-06-10T14:56:33.046+0000: 23.525: [Tenured: 35733K->44384K(341376K), 0.0516481 secs] 98207K->44384K(494976K), [Metaspace: 34623K->34623K(1079296K)], 0.0517395 secs] [Times: user=0.05 sys=0.01, real=0.06 secs] 
2019-06-10T14:56:40.137+0000: 30.616: [GC (Allocation Failure) 2019-06-10T14:56:40.137+0000: 30.616: [DefNew: 136576K->96K(153600K), 0.0018242 secs] 180960K->44480K(494976K), 0.0018823 secs] [Times: user=0.00 sys=0.00, real=0.00 secs] 
2019-06-10T14:56:47.302+0000: 37.780: [GC (Allocation Failure) 2019-06-10T14:56:47.302+0000: 37.780: [DefNew: 136672K->129K(153600K), 0.0017672 secs] 181056K->44514K(494976K), 0.0018315 secs] [Times: user=0.00 sys=0.00, real=0.00 secs] 
2019-06-10T14:56:54.296+0000: 44.774: [GC (Allocation Failure) 2019-06-10T14:56:54.296+0000: 44.774: [DefNew: 136705K->162K(153600K), 0.0018524 secs] 181090K->44547K(494976K), 0.0019228 secs] [Times: user=0.00 sys=0.00, real=0.00 secs] 
2019-06-10T14:57:01.253+0000: 51.731: [GC (Allocation Failure) 2019-06-10T14:57:01.253+0000: 51.731: [DefNew: 136738K->160K(153600K), 0.0018711 secs] 181123K->44545K(494976K), 0.0019445 secs] [Times: user=0.00 sys=0.00, real=0.00 secs] 
2019-06-10T14:57:08.295+0000: 58.774: [GC (Allocation Failure) 2019-06-10T14:57:08.295+0000: 58.774: [DefNew: 136736K->161K(153600K), 0.0018143 secs] 181121K->44545K(494976K), 0.0018751 secs] [Times: user=0.00 sys=0.00, real=0.00 secs] 
14:57:19.553 [Curator-PathChildrenCache-0] ERROR o.a.c.f.r.c.PathChildrenCache  - 
java.lang.IllegalStateException: instance must be started before calling this method
	at org.apache.curator.shaded.com.google.common.base.Preconditions.checkState(Preconditions.java:444)
	at org.apache.curator.framework.imps.CuratorFrameworkImpl.getChildren(CuratorFrameworkImpl.java:456)
	at org.apache.curator.framework.recipes.cache.PathChildrenCache.refresh(PathChildrenCache.java:521)
	at org.apache.curator.framework.recipes.cache.RefreshOperation.invoke(RefreshOperation.java:35)
	at org.apache.curator.framework.recipes.cache.PathChildrenCache$9.run(PathChildrenCache.java:786)
	at java.util.concurrent.Executors$RunnableAdapter.call(Executors.java:511)
	at java.util.concurrent.FutureTask.run(FutureTask.java:266)
	at java.util.concurrent.Executors$RunnableAdapter.call(Executors.java:511)
	at java.util.concurrent.FutureTask.run(FutureTask.java:266)
	at java.util.concurrent.ThreadPoolExecutor.runWorker(ThreadPoolExecutor.java:1149)
	at java.util.concurrent.ThreadPoolExecutor$Worker.run(ThreadPoolExecutor.java:624)
	at java.lang.Thread.run(Thread.java:748)
Heap
 def new generation   total 153600K, used 128380K [0x00000000e0c00000, 0x00000000eb2a0000, 0x00000000eb2a0000)
  eden space 136576K,  93% used [0x00000000e0c00000, 0x00000000e8936df8, 0x00000000e9160000)
  from space 17024K,   0% used [0x00000000e9160000, 0x00000000e91884c0, 0x00000000ea200000)
  to   space 17024K,   0% used [0x00000000ea200000, 0x00000000ea200000, 0x00000000eb2a0000)
 tenured generation   total 341376K, used 44384K [0x00000000eb2a0000, 0x0000000100000000, 0x0000000100000000)
   the space 341376K,  13% used [0x00000000eb2a0000, 0x00000000eddf82e0, 0x00000000eddf8400, 0x0000000100000000)
 Metaspace       used 36237K, capacity 37126K, committed 37376K, reserved 1081344K
  class space    used 4869K, capacity 5075K, committed 5120K, reserved 1048576K
