16:46:31,518 |-INFO in ch.qos.logback.classic.LoggerContext[default] - Could NOT find resource [logback-test.xml]
16:46:31,518 |-INFO in ch.qos.logback.classic.LoggerContext[default] - Could NOT find resource [logback.groovy]
16:46:31,518 |-INFO in ch.qos.logback.classic.LoggerContext[default] - Found resource [logback.xml] at [jar:file:/root/flamestream/lib/flamestream-runtime-1.0-SNAPSHOT.jar!/logback.xml]
16:46:31,518 |-WARN in ch.qos.logback.classic.LoggerContext[default] - Resource [logback.xml] occurs multiple times on the classpath.
16:46:31,519 |-WARN in ch.qos.logback.classic.LoggerContext[default] - Resource [logback.xml] occurs at [jar:file:/root/flamestream/lib/flamestream-runtime-1.0-SNAPSHOT.jar!/logback.xml]
16:46:31,519 |-WARN in ch.qos.logback.classic.LoggerContext[default] - Resource [logback.xml] occurs at [jar:file:/root/flamestream/flamestream-runtime-1.0-SNAPSHOT.jar!/logback.xml]
16:46:31,541 |-INFO in ch.qos.logback.core.joran.spi.ConfigurationWatchList@3fb6a447 - URL [jar:file:/root/flamestream/lib/flamestream-runtime-1.0-SNAPSHOT.jar!/logback.xml] is not of type file
16:46:31,615 |-INFO in ch.qos.logback.classic.joran.action.ConfigurationAction - debug attribute not set
16:46:31,616 |-INFO in ch.qos.logback.core.joran.action.AppenderAction - About to instantiate appender of type [ch.qos.logback.core.ConsoleAppender]
16:46:31,630 |-INFO in ch.qos.logback.core.joran.action.AppenderAction - Naming appender as [STDOUT]
16:46:31,645 |-INFO in ch.qos.logback.core.joran.action.NestedComplexPropertyIA - Assuming default type [ch.qos.logback.classic.encoder.PatternLayoutEncoder] for [encoder] property
16:46:31,733 |-INFO in ch.qos.logback.core.joran.action.AppenderAction - About to instantiate appender of type [ch.qos.logback.core.rolling.RollingFileAppender]
16:46:31,738 |-INFO in ch.qos.logback.core.joran.action.AppenderAction - Naming appender as [FILE]
16:46:31,771 |-INFO in c.q.l.core.rolling.TimeBasedRollingPolicy@127618319 - No compression will be used
16:46:31,772 |-INFO in c.q.l.core.rolling.TimeBasedRollingPolicy@127618319 - Will use the pattern /tmp/application_%d{yyyy-MM-dd}.%i.log for the active file
16:46:31,775 |-INFO in ch.qos.logback.core.rolling.SizeAndTimeBasedFNATP@6b2fad11 - The date pattern is 'yyyy-MM-dd' from file name pattern '/tmp/application_%d{yyyy-MM-dd}.%i.log'.
16:46:31,775 |-INFO in ch.qos.logback.core.rolling.SizeAndTimeBasedFNATP@6b2fad11 - Roll-over at midnight.
16:46:31,781 |-INFO in ch.qos.logback.core.rolling.SizeAndTimeBasedFNATP@6b2fad11 - Setting initial period to Mon Jun 10 16:44:59 UTC 2019
16:46:31,781 |-WARN in ch.qos.logback.core.rolling.SizeAndTimeBasedFNATP@6b2fad11 - SizeAndTimeBasedFNATP is deprecated. Use SizeAndTimeBasedRollingPolicy instead
16:46:31,781 |-WARN in ch.qos.logback.core.rolling.SizeAndTimeBasedFNATP@6b2fad11 - For more information see http://logback.qos.ch/manual/appenders.html#SizeAndTimeBasedRollingPolicy
16:46:31,785 |-INFO in ch.qos.logback.core.joran.action.NestedComplexPropertyIA - Assuming default type [ch.qos.logback.classic.encoder.PatternLayoutEncoder] for [encoder] property
16:46:31,790 |-INFO in ch.qos.logback.core.rolling.RollingFileAppender[FILE] - Active log file name: /tmp/application.log
16:46:31,790 |-INFO in ch.qos.logback.core.rolling.RollingFileAppender[FILE] - File property is set to [/tmp/application.log]
16:46:31,791 |-INFO in ch.qos.logback.classic.joran.action.RootLoggerAction - Setting level of ROOT logger to WARN
16:46:31,791 |-INFO in ch.qos.logback.core.joran.action.AppenderRefAction - Attaching appender named [STDOUT] to Logger[ROOT]
16:46:31,793 |-INFO in ch.qos.logback.core.joran.action.AppenderRefAction - Attaching appender named [FILE] to Logger[ROOT]
16:46:31,793 |-INFO in ch.qos.logback.classic.joran.action.ConfigurationAction - End of configuration.
16:46:31,794 |-INFO in ch.qos.logback.classic.joran.JoranConfigurator@79698539 - Registering current configuration as safe fallback point

Ama winner
Ama winner
2019-06-10T16:46:33.059+0000: 1.723: [Full GC (Metadata GC Threshold) 2019-06-10T16:46:33.059+0000: 1.723: [Tenured: 0K->15158K(341376K), 0.0360323 secs] 112160K->15158K(494976K), [Metaspace: 20728K->20728K(1067008K)], 0.0361005 secs] [Times: user=0.03 sys=0.00, real=0.03 secs] 
16:46:55.841 [Curator-PathChildrenCache-1] WARN  o.a.c.u.ZKPaths  - The version of ZooKeeper being used doesn't support Container nodes. CreateMode.PERSISTENT will be used instead.
2019-06-10T16:46:57.825+0000: 26.489: [GC (Allocation Failure) 2019-06-10T16:46:57.825+0000: 26.489: [DefNew: 117121K->17024K(153600K), 0.0177477 secs] 132280K->32787K(494976K), 0.0178144 secs] [Times: user=0.02 sys=0.00, real=0.02 secs] 
2019-06-10T16:46:59.522+0000: 28.185: [Full GC (Metadata GC Threshold) 2019-06-10T16:46:59.522+0000: 28.185: [Tenured: 15763K->44070K(341376K), 0.0525002 secs] 83501K->44070K(494976K), [Metaspace: 34571K->34571K(1079296K)], 0.0525838 secs] [Times: user=0.05 sys=0.00, real=0.05 secs] 
2019-06-10T16:47:06.862+0000: 35.525: [GC (Allocation Failure) 2019-06-10T16:47:06.862+0000: 35.525: [DefNew: 136576K->66K(153600K), 0.0018979 secs] 180646K->44136K(494976K), 0.0019607 secs] [Times: user=0.00 sys=0.00, real=0.00 secs] 
2019-06-10T16:47:13.975+0000: 42.639: [GC (Allocation Failure) 2019-06-10T16:47:13.975+0000: 42.639: [DefNew: 136642K->66K(153600K), 0.0017071 secs] 180712K->44136K(494976K), 0.0017832 secs] [Times: user=0.00 sys=0.00, real=0.00 secs] 
2019-06-10T16:47:21.173+0000: 49.836: [GC (Allocation Failure) 2019-06-10T16:47:21.173+0000: 49.836: [DefNew: 136642K->70K(153600K), 0.0017737 secs] 180712K->44140K(494976K), 0.0018362 secs] [Times: user=0.00 sys=0.00, real=0.00 secs] 
2019-06-10T16:47:28.327+0000: 56.991: [GC (Allocation Failure) 2019-06-10T16:47:28.327+0000: 56.991: [DefNew: 136646K->68K(153600K), 0.0017223 secs] 180716K->44138K(494976K), 0.0017828 secs] [Times: user=0.00 sys=0.00, real=0.00 secs] 
2019-06-10T16:47:35.665+0000: 64.328: [GC (Allocation Failure) 2019-06-10T16:47:35.665+0000: 64.328: [DefNew: 136644K->423K(153600K), 0.0023346 secs] 180714K->44493K(494976K), 0.0023998 secs] [Times: user=0.00 sys=0.00, real=0.00 secs] 
16:47:54.879 [Curator-PathChildrenCache-0] ERROR o.a.c.f.r.c.PathChildrenCache  - 
java.lang.IllegalStateException: instance must be started before calling this method
	at org.apache.curator.shaded.com.google.common.base.Preconditions.checkState(Preconditions.java:444)
	at org.apache.curator.framework.imps.CuratorFrameworkImpl.getChildren(CuratorFrameworkImpl.java:456)
	at org.apache.curator.framework.recipes.cache.PathChildrenCache.refresh(PathChildrenCache.java:521)
	at org.apache.curator.framework.recipes.cache.RefreshOperation.invoke(RefreshOperation.java:35)
	at org.apache.curator.framework.recipes.cache.PathChildrenCache$9.run(PathChildrenCache.java:786)
	at java.util.concurrent.Executors$RunnableAdapter.call(Executors.java:511)
	at java.util.concurrent.FutureTask.run(FutureTask.java:266)
	at java.util.concurrent.Executors$RunnableAdapter.call(Executors.java:511)
	at java.util.concurrent.FutureTask.run(FutureTask.java:266)
	at java.util.concurrent.ThreadPoolExecutor.runWorker(ThreadPoolExecutor.java:1149)
	at java.util.concurrent.ThreadPoolExecutor$Worker.run(ThreadPoolExecutor.java:624)
	at java.lang.Thread.run(Thread.java:748)
Heap
 def new generation   total 153600K, used 126129K [0x00000000e0c00000, 0x00000000eb2a0000, 0x00000000eb2a0000)
  eden space 136576K,  92% used [0x00000000e0c00000, 0x00000000e86c2978, 0x00000000e9160000)
  from space 17024K,   2% used [0x00000000e9160000, 0x00000000e91c9e28, 0x00000000ea200000)
  to   space 17024K,   0% used [0x00000000ea200000, 0x00000000ea200000, 0x00000000eb2a0000)
 tenured generation   total 341376K, used 44070K [0x00000000eb2a0000, 0x0000000100000000, 0x0000000100000000)
   the space 341376K,  12% used [0x00000000eb2a0000, 0x00000000edda9870, 0x00000000edda9a00, 0x0000000100000000)
 Metaspace       used 36221K, capacity 37126K, committed 37376K, reserved 1081344K
  class space    used 4869K, capacity 5075K, committed 5120K, reserved 1048576K
