15:39:17,446 |-INFO in ch.qos.logback.classic.LoggerContext[default] - Could NOT find resource [logback-test.xml]
15:39:17,446 |-INFO in ch.qos.logback.classic.LoggerContext[default] - Could NOT find resource [logback.groovy]
15:39:17,447 |-INFO in ch.qos.logback.classic.LoggerContext[default] - Found resource [logback.xml] at [jar:file:/root/flamestream/lib/flamestream-runtime-1.0-SNAPSHOT.jar!/logback.xml]
15:39:17,447 |-WARN in ch.qos.logback.classic.LoggerContext[default] - Resource [logback.xml] occurs multiple times on the classpath.
15:39:17,448 |-WARN in ch.qos.logback.classic.LoggerContext[default] - Resource [logback.xml] occurs at [jar:file:/root/flamestream/lib/flamestream-runtime-1.0-SNAPSHOT.jar!/logback.xml]
15:39:17,448 |-WARN in ch.qos.logback.classic.LoggerContext[default] - Resource [logback.xml] occurs at [jar:file:/root/flamestream/flamestream-runtime-1.0-SNAPSHOT.jar!/logback.xml]
15:39:17,467 |-INFO in ch.qos.logback.core.joran.spi.ConfigurationWatchList@3fb6a447 - URL [jar:file:/root/flamestream/lib/flamestream-runtime-1.0-SNAPSHOT.jar!/logback.xml] is not of type file
15:39:17,533 |-INFO in ch.qos.logback.classic.joran.action.ConfigurationAction - debug attribute not set
15:39:17,533 |-INFO in ch.qos.logback.core.joran.action.AppenderAction - About to instantiate appender of type [ch.qos.logback.core.ConsoleAppender]
15:39:17,549 |-INFO in ch.qos.logback.core.joran.action.AppenderAction - Naming appender as [STDOUT]
15:39:17,568 |-INFO in ch.qos.logback.core.joran.action.NestedComplexPropertyIA - Assuming default type [ch.qos.logback.classic.encoder.PatternLayoutEncoder] for [encoder] property
15:39:17,652 |-INFO in ch.qos.logback.core.joran.action.AppenderAction - About to instantiate appender of type [ch.qos.logback.core.rolling.RollingFileAppender]
15:39:17,663 |-INFO in ch.qos.logback.core.joran.action.AppenderAction - Naming appender as [FILE]
15:39:17,690 |-INFO in c.q.l.core.rolling.TimeBasedRollingPolicy@127618319 - No compression will be used
15:39:17,691 |-INFO in c.q.l.core.rolling.TimeBasedRollingPolicy@127618319 - Will use the pattern /tmp/application_%d{yyyy-MM-dd}.%i.log for the active file
15:39:17,694 |-INFO in ch.qos.logback.core.rolling.SizeAndTimeBasedFNATP@6b2fad11 - The date pattern is 'yyyy-MM-dd' from file name pattern '/tmp/application_%d{yyyy-MM-dd}.%i.log'.
15:39:17,694 |-INFO in ch.qos.logback.core.rolling.SizeAndTimeBasedFNATP@6b2fad11 - Roll-over at midnight.
15:39:17,700 |-INFO in ch.qos.logback.core.rolling.SizeAndTimeBasedFNATP@6b2fad11 - Setting initial period to Mon Jun 10 15:37:57 UTC 2019
15:39:17,700 |-WARN in ch.qos.logback.core.rolling.SizeAndTimeBasedFNATP@6b2fad11 - SizeAndTimeBasedFNATP is deprecated. Use SizeAndTimeBasedRollingPolicy instead
15:39:17,700 |-WARN in ch.qos.logback.core.rolling.SizeAndTimeBasedFNATP@6b2fad11 - For more information see http://logback.qos.ch/manual/appenders.html#SizeAndTimeBasedRollingPolicy
15:39:17,704 |-INFO in ch.qos.logback.core.joran.action.NestedComplexPropertyIA - Assuming default type [ch.qos.logback.classic.encoder.PatternLayoutEncoder] for [encoder] property
15:39:17,709 |-INFO in ch.qos.logback.core.rolling.RollingFileAppender[FILE] - Active log file name: /tmp/application.log
15:39:17,709 |-INFO in ch.qos.logback.core.rolling.RollingFileAppender[FILE] - File property is set to [/tmp/application.log]
15:39:17,710 |-INFO in ch.qos.logback.classic.joran.action.RootLoggerAction - Setting level of ROOT logger to WARN
15:39:17,710 |-INFO in ch.qos.logback.core.joran.action.AppenderRefAction - Attaching appender named [STDOUT] to Logger[ROOT]
15:39:17,712 |-INFO in ch.qos.logback.core.joran.action.AppenderRefAction - Attaching appender named [FILE] to Logger[ROOT]
15:39:17,712 |-INFO in ch.qos.logback.classic.joran.action.ConfigurationAction - End of configuration.
15:39:17,713 |-INFO in ch.qos.logback.classic.joran.JoranConfigurator@79698539 - Registering current configuration as safe fallback point

Ama winner
Ama winner
2019-06-10T15:39:19.340+0000: 2.083: [Full GC (Metadata GC Threshold) 2019-06-10T15:39:19.340+0000: 2.083: [Tenured: 0K->15177K(341376K), 0.0397289 secs] 120546K->15177K(494976K), [Metaspace: 20742K->20742K(1067008K)], 0.0397951 secs] [Times: user=0.04 sys=0.00, real=0.04 secs] 
15:39:30.997 [Curator-PathChildrenCache-1] WARN  o.a.c.u.ZKPaths  - The version of ZooKeeper being used doesn't support Container nodes. CreateMode.PERSISTENT will be used instead.
2019-06-10T15:39:32.975+0000: 15.717: [GC (Allocation Failure) 2019-06-10T15:39:32.975+0000: 15.717: [DefNew: 118426K->17023K(153600K), 0.0174027 secs] 133604K->32632K(494976K), 0.0174703 secs] [Times: user=0.02 sys=0.01, real=0.01 secs] 
2019-06-10T15:39:34.591+0000: 17.333: [Full GC (Metadata GC Threshold) 2019-06-10T15:39:34.591+0000: 17.333: [Tenured: 15608K->43899K(341376K), 0.0538287 secs] 81935K->43899K(494976K), [Metaspace: 34624K->34624K(1079296K)], 0.0539097 secs] [Times: user=0.05 sys=0.01, real=0.05 secs] 
2019-06-10T15:39:41.462+0000: 24.204: [GC (Allocation Failure) 2019-06-10T15:39:41.462+0000: 24.204: [DefNew: 136576K->72K(153600K), 0.0019086 secs] 180475K->43972K(494976K), 0.0019669 secs] [Times: user=0.01 sys=0.00, real=0.00 secs] 
2019-06-10T15:39:48.404+0000: 31.146: [GC (Allocation Failure) 2019-06-10T15:39:48.404+0000: 31.146: [DefNew: 136648K->73K(153600K), 0.0018036 secs] 180548K->43972K(494976K), 0.0018652 secs] [Times: user=0.00 sys=0.00, real=0.00 secs] 
2019-06-10T15:39:55.346+0000: 38.089: [GC (Allocation Failure) 2019-06-10T15:39:55.347+0000: 38.089: [DefNew: 136649K->70K(153600K), 0.0017628 secs] 180548K->43970K(494976K), 0.0018250 secs] [Times: user=0.00 sys=0.00, real=0.00 secs] 
2019-06-10T15:40:02.361+0000: 45.104: [GC (Allocation Failure) 2019-06-10T15:40:02.361+0000: 45.104: [DefNew: 136646K->70K(153600K), 0.0019419 secs] 180546K->43970K(494976K), 0.0020043 secs] [Times: user=0.00 sys=0.00, real=0.00 secs] 
2019-06-10T15:40:09.405+0000: 52.148: [GC (Allocation Failure) 2019-06-10T15:40:09.405+0000: 52.148: [DefNew: 136646K->70K(153600K), 0.0018420 secs] 180546K->43970K(494976K), 0.0019132 secs] [Times: user=0.01 sys=0.00, real=0.01 secs] 
2019-06-10T15:40:23.477+0000: 66.220: [GC (Allocation Failure) 2019-06-10T15:40:23.477+0000: 66.220: [DefNew: 136646K->406K(153600K), 0.0023205 secs] 180546K->44306K(494976K), 0.0023817 secs] [Times: user=0.00 sys=0.00, real=0.00 secs] 
15:40:24.686 [Curator-PathChildrenCache-0] ERROR o.a.c.f.r.c.PathChildrenCache  - 
java.lang.IllegalStateException: instance must be started before calling this method
	at org.apache.curator.shaded.com.google.common.base.Preconditions.checkState(Preconditions.java:444)
	at org.apache.curator.framework.imps.CuratorFrameworkImpl.getChildren(CuratorFrameworkImpl.java:456)
	at org.apache.curator.framework.recipes.cache.PathChildrenCache.refresh(PathChildrenCache.java:521)
	at org.apache.curator.framework.recipes.cache.RefreshOperation.invoke(RefreshOperation.java:35)
	at org.apache.curator.framework.recipes.cache.PathChildrenCache$9.run(PathChildrenCache.java:786)
	at java.util.concurrent.Executors$RunnableAdapter.call(Executors.java:511)
	at java.util.concurrent.FutureTask.run(FutureTask.java:266)
	at java.util.concurrent.Executors$RunnableAdapter.call(Executors.java:511)
	at java.util.concurrent.FutureTask.run(FutureTask.java:266)
	at java.util.concurrent.ThreadPoolExecutor.runWorker(ThreadPoolExecutor.java:1149)
	at java.util.concurrent.ThreadPoolExecutor$Worker.run(ThreadPoolExecutor.java:624)
	at java.lang.Thread.run(Thread.java:748)
Heap
 def new generation   total 153600K, used 20346K [0x00000000e0c00000, 0x00000000eb2a0000, 0x00000000eb2a0000)
  eden space 136576K,  14% used [0x00000000e0c00000, 0x00000000e1f78f10, 0x00000000e9160000)
  from space 17024K,   2% used [0x00000000ea200000, 0x00000000ea2659f8, 0x00000000eb2a0000)
  to   space 17024K,   0% used [0x00000000e9160000, 0x00000000e9160000, 0x00000000ea200000)
 tenured generation   total 341376K, used 43899K [0x00000000eb2a0000, 0x0000000100000000, 0x0000000100000000)
   the space 341376K,  12% used [0x00000000eb2a0000, 0x00000000edd7efa0, 0x00000000edd7f000, 0x0000000100000000)
 Metaspace       used 36175K, capacity 37074K, committed 37376K, reserved 1081344K
  class space    used 4877K, capacity 5087K, committed 5120K, reserved 1048576K
