19:00:38,825 |-INFO in ch.qos.logback.classic.LoggerContext[default] - Could NOT find resource [logback-test.xml]
19:00:38,825 |-INFO in ch.qos.logback.classic.LoggerContext[default] - Could NOT find resource [logback.groovy]
19:00:38,825 |-INFO in ch.qos.logback.classic.LoggerContext[default] - Found resource [logback.xml] at [jar:file:/root/flamestream/lib/flamestream-runtime-1.0-SNAPSHOT.jar!/logback.xml]
19:00:38,826 |-WARN in ch.qos.logback.classic.LoggerContext[default] - Resource [logback.xml] occurs multiple times on the classpath.
19:00:38,826 |-WARN in ch.qos.logback.classic.LoggerContext[default] - Resource [logback.xml] occurs at [jar:file:/root/flamestream/lib/flamestream-runtime-1.0-SNAPSHOT.jar!/logback.xml]
19:00:38,826 |-WARN in ch.qos.logback.classic.LoggerContext[default] - Resource [logback.xml] occurs at [jar:file:/root/flamestream/flamestream-runtime-1.0-SNAPSHOT.jar!/logback.xml]
19:00:38,845 |-INFO in ch.qos.logback.core.joran.spi.ConfigurationWatchList@3fb6a447 - URL [jar:file:/root/flamestream/lib/flamestream-runtime-1.0-SNAPSHOT.jar!/logback.xml] is not of type file
19:00:38,918 |-INFO in ch.qos.logback.classic.joran.action.ConfigurationAction - debug attribute not set
19:00:38,919 |-INFO in ch.qos.logback.core.joran.action.AppenderAction - About to instantiate appender of type [ch.qos.logback.core.ConsoleAppender]
19:00:38,931 |-INFO in ch.qos.logback.core.joran.action.AppenderAction - Naming appender as [STDOUT]
19:00:38,951 |-INFO in ch.qos.logback.core.joran.action.NestedComplexPropertyIA - Assuming default type [ch.qos.logback.classic.encoder.PatternLayoutEncoder] for [encoder] property
19:00:39,029 |-INFO in ch.qos.logback.core.joran.action.AppenderAction - About to instantiate appender of type [ch.qos.logback.core.rolling.RollingFileAppender]
19:00:39,038 |-INFO in ch.qos.logback.core.joran.action.AppenderAction - Naming appender as [FILE]
19:00:39,069 |-INFO in c.q.l.core.rolling.TimeBasedRollingPolicy@127618319 - No compression will be used
19:00:39,070 |-INFO in c.q.l.core.rolling.TimeBasedRollingPolicy@127618319 - Will use the pattern /tmp/application_%d{yyyy-MM-dd}.%i.log for the active file
19:00:39,073 |-INFO in ch.qos.logback.core.rolling.SizeAndTimeBasedFNATP@6b2fad11 - The date pattern is 'yyyy-MM-dd' from file name pattern '/tmp/application_%d{yyyy-MM-dd}.%i.log'.
19:00:39,073 |-INFO in ch.qos.logback.core.rolling.SizeAndTimeBasedFNATP@6b2fad11 - Roll-over at midnight.
19:00:39,078 |-INFO in ch.qos.logback.core.rolling.SizeAndTimeBasedFNATP@6b2fad11 - Setting initial period to Mon Jun 10 18:59:06 UTC 2019
19:00:39,078 |-WARN in ch.qos.logback.core.rolling.SizeAndTimeBasedFNATP@6b2fad11 - SizeAndTimeBasedFNATP is deprecated. Use SizeAndTimeBasedRollingPolicy instead
19:00:39,078 |-WARN in ch.qos.logback.core.rolling.SizeAndTimeBasedFNATP@6b2fad11 - For more information see http://logback.qos.ch/manual/appenders.html#SizeAndTimeBasedRollingPolicy
19:00:39,082 |-INFO in ch.qos.logback.core.joran.action.NestedComplexPropertyIA - Assuming default type [ch.qos.logback.classic.encoder.PatternLayoutEncoder] for [encoder] property
19:00:39,087 |-INFO in ch.qos.logback.core.rolling.RollingFileAppender[FILE] - Active log file name: /tmp/application.log
19:00:39,087 |-INFO in ch.qos.logback.core.rolling.RollingFileAppender[FILE] - File property is set to [/tmp/application.log]
19:00:39,088 |-INFO in ch.qos.logback.classic.joran.action.RootLoggerAction - Setting level of ROOT logger to WARN
19:00:39,088 |-INFO in ch.qos.logback.core.joran.action.AppenderRefAction - Attaching appender named [STDOUT] to Logger[ROOT]
19:00:39,090 |-INFO in ch.qos.logback.core.joran.action.AppenderRefAction - Attaching appender named [FILE] to Logger[ROOT]
19:00:39,090 |-INFO in ch.qos.logback.classic.joran.action.ConfigurationAction - End of configuration.
19:00:39,090 |-INFO in ch.qos.logback.classic.joran.JoranConfigurator@79698539 - Registering current configuration as safe fallback point

Ama winner
Ama winner
2019-06-10T19:00:40.389+0000: 1.751: [Full GC (Metadata GC Threshold) 2019-06-10T19:00:40.389+0000: 1.751: [Tenured: 0K->15207K(341376K), 0.0400162 secs] 114988K->15207K(494976K), [Metaspace: 20729K->20729K(1067008K)], 0.0400859 secs] [Times: user=0.03 sys=0.01, real=0.04 secs] 
19:00:57.417 [Curator-PathChildrenCache-1] WARN  o.a.c.u.ZKPaths  - The version of ZooKeeper being used doesn't support Container nodes. CreateMode.PERSISTENT will be used instead.
2019-06-10T19:00:59.583+0000: 20.945: [GC (Allocation Failure) 2019-06-10T19:00:59.583+0000: 20.945: [DefNew: 136576K->17023K(153600K), 0.0266208 secs] 151783K->52791K(494976K), 0.0267014 secs] [Times: user=0.01 sys=0.01, real=0.02 secs] 
2019-06-10T19:01:03.434+0000: 24.796: [Full GC (Metadata GC Threshold) 2019-06-10T19:01:03.434+0000: 24.796: [Tenured: 35767K->44441K(341376K), 0.0511279 secs] 122938K->44441K(494976K), [Metaspace: 34611K->34611K(1079296K)], 0.0512034 secs] [Times: user=0.05 sys=0.00, real=0.05 secs] 
2019-06-10T19:01:10.085+0000: 31.448: [GC (Allocation Failure) 2019-06-10T19:01:10.085+0000: 31.448: [DefNew: 136576K->54K(153600K), 0.0017700 secs] 181017K->44496K(494976K), 0.0018307 secs] [Times: user=0.00 sys=0.00, real=0.00 secs] 
2019-06-10T19:01:16.786+0000: 38.148: [GC (Allocation Failure) 2019-06-10T19:01:16.786+0000: 38.148: [DefNew: 136630K->54K(153600K), 0.0016987 secs] 181072K->44496K(494976K), 0.0017759 secs] [Times: user=0.01 sys=0.00, real=0.00 secs] 
2019-06-10T19:01:23.581+0000: 44.943: [GC (Allocation Failure) 2019-06-10T19:01:23.581+0000: 44.943: [DefNew: 136630K->56K(153600K), 0.0017390 secs] 181072K->44498K(494976K), 0.0017985 secs] [Times: user=0.00 sys=0.00, real=0.01 secs] 
2019-06-10T19:01:30.389+0000: 51.752: [GC (Allocation Failure) 2019-06-10T19:01:30.389+0000: 51.752: [DefNew: 136632K->56K(153600K), 0.0017773 secs] 181074K->44498K(494976K), 0.0018383 secs] [Times: user=0.00 sys=0.01, real=0.01 secs] 
2019-06-10T19:01:38.412+0000: 59.774: [GC (Allocation Failure) 2019-06-10T19:01:38.412+0000: 59.774: [DefNew: 136632K->200K(153600K), 0.0020238 secs] 181074K->44642K(494976K), 0.0020857 secs] [Times: user=0.00 sys=0.00, real=0.00 secs] 
19:01:43.749 [Curator-PathChildrenCache-0] ERROR o.a.c.f.r.c.PathChildrenCache  - 
java.lang.IllegalStateException: instance must be started before calling this method
	at org.apache.curator.shaded.com.google.common.base.Preconditions.checkState(Preconditions.java:444)
	at org.apache.curator.framework.imps.CuratorFrameworkImpl.getChildren(CuratorFrameworkImpl.java:456)
	at org.apache.curator.framework.recipes.cache.PathChildrenCache.refresh(PathChildrenCache.java:521)
	at org.apache.curator.framework.recipes.cache.RefreshOperation.invoke(RefreshOperation.java:35)
	at org.apache.curator.framework.recipes.cache.PathChildrenCache$9.run(PathChildrenCache.java:786)
	at java.util.concurrent.Executors$RunnableAdapter.call(Executors.java:511)
	at java.util.concurrent.FutureTask.run(FutureTask.java:266)
	at java.util.concurrent.Executors$RunnableAdapter.call(Executors.java:511)
	at java.util.concurrent.FutureTask.run(FutureTask.java:266)
	at java.util.concurrent.ThreadPoolExecutor.runWorker(ThreadPoolExecutor.java:1149)
	at java.util.concurrent.ThreadPoolExecutor$Worker.run(ThreadPoolExecutor.java:624)
	at java.lang.Thread.run(Thread.java:748)
Heap
 def new generation   total 153600K, used 36063K [0x00000000e0c00000, 0x00000000eb2a0000, 0x00000000eb2a0000)
  eden space 136576K,  26% used [0x00000000e0c00000, 0x00000000e2f05c88, 0x00000000e9160000)
  from space 17024K,   1% used [0x00000000e9160000, 0x00000000e9192208, 0x00000000ea200000)
  to   space 17024K,   0% used [0x00000000ea200000, 0x00000000ea200000, 0x00000000eb2a0000)
 tenured generation   total 341376K, used 44441K [0x00000000eb2a0000, 0x0000000100000000, 0x0000000100000000)
   the space 341376K,  13% used [0x00000000eb2a0000, 0x00000000ede067c0, 0x00000000ede06800, 0x0000000100000000)
 Metaspace       used 36037K, capacity 36928K, committed 37120K, reserved 1081344K
  class space    used 4871K, capacity 5074K, committed 5120K, reserved 1048576K
