13:24:49,027 |-INFO in ch.qos.logback.classic.LoggerContext[default] - Could NOT find resource [logback-test.xml]
13:24:49,027 |-INFO in ch.qos.logback.classic.LoggerContext[default] - Could NOT find resource [logback.groovy]
13:24:49,028 |-INFO in ch.qos.logback.classic.LoggerContext[default] - Found resource [logback.xml] at [jar:file:/home/nikitasokolov/flamestream/lib/flamestream-runtime-1.0-SNAPSHOT.jar!/logback.xml]
13:24:49,028 |-WARN in ch.qos.logback.classic.LoggerContext[default] - Resource [logback.xml] occurs multiple times on the classpath.
13:24:49,029 |-WARN in ch.qos.logback.classic.LoggerContext[default] - Resource [logback.xml] occurs at [jar:file:/home/nikitasokolov/flamestream/lib/flamestream-runtime-1.0-SNAPSHOT.jar!/logback.xml]
13:24:49,029 |-WARN in ch.qos.logback.classic.LoggerContext[default] - Resource [logback.xml] occurs at [jar:file:/home/nikitasokolov/flamestream/flamestream-runtime-1.0-SNAPSHOT.jar!/logback.xml]
13:24:49,045 |-INFO in ch.qos.logback.core.joran.spi.ConfigurationWatchList@6108b2d7 - URL [jar:file:/home/nikitasokolov/flamestream/lib/flamestream-runtime-1.0-SNAPSHOT.jar!/logback.xml] is not of type file
13:24:49,095 |-INFO in ch.qos.logback.classic.joran.action.ConfigurationAction - debug attribute not set
13:24:49,096 |-INFO in ch.qos.logback.core.joran.action.AppenderAction - About to instantiate appender of type [ch.qos.logback.core.ConsoleAppender]
13:24:49,103 |-INFO in ch.qos.logback.core.joran.action.AppenderAction - Naming appender as [STDOUT]
13:24:49,111 |-INFO in ch.qos.logback.core.joran.action.NestedComplexPropertyIA - Assuming default type [ch.qos.logback.classic.encoder.PatternLayoutEncoder] for [encoder] property
13:24:49,165 |-INFO in ch.qos.logback.core.joran.action.AppenderAction - About to instantiate appender of type [ch.qos.logback.core.rolling.RollingFileAppender]
13:24:49,170 |-INFO in ch.qos.logback.core.joran.action.AppenderAction - Naming appender as [FILE]
13:24:49,191 |-INFO in c.q.l.core.rolling.TimeBasedRollingPolicy@357863579 - No compression will be used
13:24:49,192 |-INFO in c.q.l.core.rolling.TimeBasedRollingPolicy@357863579 - Will use the pattern /tmp/application_%d{yyyy-MM-dd}.%i.log for the active file
13:24:49,195 |-INFO in ch.qos.logback.core.rolling.SizeAndTimeBasedFNATP@6bf256fa - The date pattern is 'yyyy-MM-dd' from file name pattern '/tmp/application_%d{yyyy-MM-dd}.%i.log'.
13:24:49,195 |-INFO in ch.qos.logback.core.rolling.SizeAndTimeBasedFNATP@6bf256fa - Roll-over at midnight.
13:24:49,199 |-INFO in ch.qos.logback.core.rolling.SizeAndTimeBasedFNATP@6bf256fa - Setting initial period to Sun Jun 09 13:24:00 MSK 2019
13:24:49,199 |-WARN in ch.qos.logback.core.rolling.SizeAndTimeBasedFNATP@6bf256fa - SizeAndTimeBasedFNATP is deprecated. Use SizeAndTimeBasedRollingPolicy instead
13:24:49,199 |-WARN in ch.qos.logback.core.rolling.SizeAndTimeBasedFNATP@6bf256fa - For more information see http://logback.qos.ch/manual/appenders.html#SizeAndTimeBasedRollingPolicy
13:24:49,204 |-INFO in ch.qos.logback.core.joran.action.NestedComplexPropertyIA - Assuming default type [ch.qos.logback.classic.encoder.PatternLayoutEncoder] for [encoder] property
13:24:49,206 |-INFO in ch.qos.logback.core.rolling.RollingFileAppender[FILE] - Active log file name: /tmp/application.log
13:24:49,206 |-INFO in ch.qos.logback.core.rolling.RollingFileAppender[FILE] - File property is set to [/tmp/application.log]
13:24:49,207 |-INFO in ch.qos.logback.classic.joran.action.RootLoggerAction - Setting level of ROOT logger to WARN
13:24:49,207 |-INFO in ch.qos.logback.core.joran.action.AppenderRefAction - Attaching appender named [STDOUT] to Logger[ROOT]
13:24:49,208 |-INFO in ch.qos.logback.core.joran.action.AppenderRefAction - Attaching appender named [FILE] to Logger[ROOT]
13:24:49,208 |-INFO in ch.qos.logback.classic.joran.action.ConfigurationAction - End of configuration.
13:24:49,209 |-INFO in ch.qos.logback.classic.joran.JoranConfigurator@6cd8737 - Registering current configuration as safe fallback point

2019-06-09T13:24:50.198+0300: 1.371: [GC (Metadata GC Threshold) [PSYoungGen: 110722K->16000K(149504K)] 110722K->16080K(491008K), 0.0355394 secs] [Times: user=0.09 sys=0.11, real=0.03 secs] 
2019-06-09T13:24:50.233+0300: 1.407: [Full GC (Metadata GC Threshold) [PSYoungGen: 16000K->0K(149504K)] [ParOldGen: 80K->15078K(341504K)] 16080K->15078K(491008K), [Metaspace: 20800K->20800K(1067008K)], 0.0279761 secs] [Times: user=0.16 sys=0.02, real=0.03 secs] 
13:25:02.314 [Curator-PathChildrenCache-1] WARN  o.a.c.u.ZKPaths  - The version of ZooKeeper being used doesn't support Container nodes. CreateMode.PERSISTENT will be used instead.
2019-06-09T13:25:03.277+0300: 14.450: [GC (Metadata GC Threshold) [PSYoungGen: 125476K->20987K(149504K)] 140554K->49952K(491008K), 0.0247548 secs] [Times: user=0.28 sys=0.01, real=0.03 secs] 
2019-06-09T13:25:03.301+0300: 14.475: [Full GC (Metadata GC Threshold) [PSYoungGen: 20987K->0K(149504K)] [ParOldGen: 28965K->38943K(341504K)] 49952K->38943K(491008K), [Metaspace: 34550K->34550K(1079296K)], 0.0382487 secs] [Times: user=0.17 sys=0.01, real=0.04 secs] 
2019-06-09T13:25:11.368+0300: 22.541: [GC (Allocation Failure) [PSYoungGen: 128512K->448K(149504K)] 167455K->39399K(491008K), 0.0044551 secs] [Times: user=0.02 sys=0.00, real=0.01 secs] 
2019-06-09T13:25:20.178+0300: 31.352: [GC (Allocation Failure) [PSYoungGen: 128960K->352K(149504K)] 167911K->39311K(491008K), 0.0067923 secs] [Times: user=0.05 sys=0.01, real=0.00 secs] 
2019-06-09T13:25:29.024+0300: 40.197: [GC (Allocation Failure) [PSYoungGen: 128864K->320K(129024K)] 167823K->39287K(470528K), 0.0053449 secs] [Times: user=0.04 sys=0.00, real=0.00 secs] 
2019-06-09T13:25:38.014+0300: 49.187: [GC (Allocation Failure) [PSYoungGen: 128832K->320K(132608K)] 167799K->39295K(474112K), 0.0023865 secs] [Times: user=0.01 sys=0.00, real=0.00 secs] 
2019-06-09T13:25:44.492+0300: 55.665: [GC (Allocation Failure) [PSYoungGen: 92992K->320K(130560K)] 131967K->39303K(472064K), 0.0046727 secs] [Times: user=0.03 sys=0.00, real=0.00 secs] 
2019-06-09T13:25:50.854+0300: 62.027: [GC (Allocation Failure) [PSYoungGen: 92992K->759K(136704K)] 131975K->39750K(478208K), 0.0033544 secs] [Times: user=0.01 sys=0.00, real=0.00 secs] 
2019-06-09T13:25:59.968+0300: 71.141: [GC (Allocation Failure) [PSYoungGen: 101623K->448K(134656K)] 140614K->39447K(476160K), 0.0052863 secs] [Times: user=0.03 sys=0.00, real=0.01 secs] 
2019-06-09T13:26:09.030+0300: 80.204: [GC (Allocation Failure) [PSYoungGen: 101312K->416K(140288K)] 140311K->39423K(481792K), 0.0028914 secs] [Times: user=0.01 sys=0.01, real=0.00 secs] 
13:26:26.696 [Curator-PathChildrenCache-0] ERROR o.a.c.f.r.c.PathChildrenCache  - 
java.lang.IllegalStateException: instance must be started before calling this method
	at org.apache.curator.shaded.com.google.common.base.Preconditions.checkState(Preconditions.java:444)
	at org.apache.curator.framework.imps.CuratorFrameworkImpl.getChildren(CuratorFrameworkImpl.java:456)
	at org.apache.curator.framework.recipes.cache.PathChildrenCache.refresh(PathChildrenCache.java:521)
	at org.apache.curator.framework.recipes.cache.RefreshOperation.invoke(RefreshOperation.java:35)
	at org.apache.curator.framework.recipes.cache.PathChildrenCache$9.run(PathChildrenCache.java:786)
	at java.util.concurrent.Executors$RunnableAdapter.call(Executors.java:511)
	at java.util.concurrent.FutureTask.run(FutureTask.java:266)
	at java.util.concurrent.Executors$RunnableAdapter.call(Executors.java:511)
	at java.util.concurrent.FutureTask.run(FutureTask.java:266)
	at java.util.concurrent.ThreadPoolExecutor.runWorker(ThreadPoolExecutor.java:1149)
	at java.util.concurrent.ThreadPoolExecutor$Worker.run(ThreadPoolExecutor.java:624)
	at java.lang.Thread.run(Thread.java:748)
Heap
 PSYoungGen      total 140288K, used 82695K [0x00000000f5980000, 0x0000000100000000, 0x0000000100000000)
  eden space 108544K, 75% used [0x00000000f5980000,0x00000000fa9d9fe8,0x00000000fc380000)
  from space 31744K, 1% used [0x00000000fe100000,0x00000000fe168010,0x0000000100000000)
  to   space 30208K, 0% used [0x00000000fc380000,0x00000000fc380000,0x00000000fe100000)
 ParOldGen       total 341504K, used 39007K [0x00000000e0c00000, 0x00000000f5980000, 0x00000000f5980000)
  object space 341504K, 11% used [0x00000000e0c00000,0x00000000e3217e28,0x00000000f5980000)
 Metaspace       used 36135K, capacity 36958K, committed 37208K, reserved 1081344K
  class space    used 4979K, capacity 5161K, committed 5248K, reserved 1048576K
