16:20:50,144 |-INFO in ch.qos.logback.classic.LoggerContext[default] - Could NOT find resource [logback-test.xml]
16:20:50,144 |-INFO in ch.qos.logback.classic.LoggerContext[default] - Could NOT find resource [logback.groovy]
16:20:50,144 |-INFO in ch.qos.logback.classic.LoggerContext[default] - Found resource [logback.xml] at [jar:file:/root/flamestream/lib/flamestream-runtime-1.0-SNAPSHOT.jar!/logback.xml]
16:20:50,145 |-WARN in ch.qos.logback.classic.LoggerContext[default] - Resource [logback.xml] occurs multiple times on the classpath.
16:20:50,145 |-WARN in ch.qos.logback.classic.LoggerContext[default] - Resource [logback.xml] occurs at [jar:file:/root/flamestream/lib/flamestream-runtime-1.0-SNAPSHOT.jar!/logback.xml]
16:20:50,145 |-WARN in ch.qos.logback.classic.LoggerContext[default] - Resource [logback.xml] occurs at [jar:file:/root/flamestream/flamestream-runtime-1.0-SNAPSHOT.jar!/logback.xml]
16:20:50,165 |-INFO in ch.qos.logback.core.joran.spi.ConfigurationWatchList@3fb6a447 - URL [jar:file:/root/flamestream/lib/flamestream-runtime-1.0-SNAPSHOT.jar!/logback.xml] is not of type file
16:20:50,239 |-INFO in ch.qos.logback.classic.joran.action.ConfigurationAction - debug attribute not set
16:20:50,239 |-INFO in ch.qos.logback.core.joran.action.AppenderAction - About to instantiate appender of type [ch.qos.logback.core.ConsoleAppender]
16:20:50,254 |-INFO in ch.qos.logback.core.joran.action.AppenderAction - Naming appender as [STDOUT]
16:20:50,273 |-INFO in ch.qos.logback.core.joran.action.NestedComplexPropertyIA - Assuming default type [ch.qos.logback.classic.encoder.PatternLayoutEncoder] for [encoder] property
16:20:50,361 |-INFO in ch.qos.logback.core.joran.action.AppenderAction - About to instantiate appender of type [ch.qos.logback.core.rolling.RollingFileAppender]
16:20:50,372 |-INFO in ch.qos.logback.core.joran.action.AppenderAction - Naming appender as [FILE]
16:20:50,401 |-INFO in c.q.l.core.rolling.TimeBasedRollingPolicy@127618319 - No compression will be used
16:20:50,402 |-INFO in c.q.l.core.rolling.TimeBasedRollingPolicy@127618319 - Will use the pattern /tmp/application_%d{yyyy-MM-dd}.%i.log for the active file
16:20:50,407 |-INFO in ch.qos.logback.core.rolling.SizeAndTimeBasedFNATP@6b2fad11 - The date pattern is 'yyyy-MM-dd' from file name pattern '/tmp/application_%d{yyyy-MM-dd}.%i.log'.
16:20:50,407 |-INFO in ch.qos.logback.core.rolling.SizeAndTimeBasedFNATP@6b2fad11 - Roll-over at midnight.
16:20:50,413 |-INFO in ch.qos.logback.core.rolling.SizeAndTimeBasedFNATP@6b2fad11 - Setting initial period to Mon Jun 10 16:19:24 UTC 2019
16:20:50,413 |-WARN in ch.qos.logback.core.rolling.SizeAndTimeBasedFNATP@6b2fad11 - SizeAndTimeBasedFNATP is deprecated. Use SizeAndTimeBasedRollingPolicy instead
16:20:50,413 |-WARN in ch.qos.logback.core.rolling.SizeAndTimeBasedFNATP@6b2fad11 - For more information see http://logback.qos.ch/manual/appenders.html#SizeAndTimeBasedRollingPolicy
16:20:50,417 |-INFO in ch.qos.logback.core.joran.action.NestedComplexPropertyIA - Assuming default type [ch.qos.logback.classic.encoder.PatternLayoutEncoder] for [encoder] property
16:20:50,422 |-INFO in ch.qos.logback.core.rolling.RollingFileAppender[FILE] - Active log file name: /tmp/application.log
16:20:50,422 |-INFO in ch.qos.logback.core.rolling.RollingFileAppender[FILE] - File property is set to [/tmp/application.log]
16:20:50,423 |-INFO in ch.qos.logback.classic.joran.action.RootLoggerAction - Setting level of ROOT logger to WARN
16:20:50,423 |-INFO in ch.qos.logback.core.joran.action.AppenderRefAction - Attaching appender named [STDOUT] to Logger[ROOT]
16:20:50,425 |-INFO in ch.qos.logback.core.joran.action.AppenderRefAction - Attaching appender named [FILE] to Logger[ROOT]
16:20:50,425 |-INFO in ch.qos.logback.classic.joran.action.ConfigurationAction - End of configuration.
16:20:50,425 |-INFO in ch.qos.logback.classic.joran.JoranConfigurator@79698539 - Registering current configuration as safe fallback point

Ama winner
Ama winner
2019-06-10T16:20:51.764+0000: 1.812: [Full GC (Metadata GC Threshold) 2019-06-10T16:20:51.764+0000: 1.812: [Tenured: 0K->15241K(341376K), 0.0412606 secs] 117751K->15241K(494976K), [Metaspace: 20744K->20744K(1067008K)], 0.0413313 secs] [Times: user=0.04 sys=0.00, real=0.04 secs] 
16:21:07.904 [Curator-PathChildrenCache-1] WARN  o.a.c.u.ZKPaths  - The version of ZooKeeper being used doesn't support Container nodes. CreateMode.PERSISTENT will be used instead.
2019-06-10T16:21:10.106+0000: 20.154: [GC (Allocation Failure) 2019-06-10T16:21:10.106+0000: 20.154: [DefNew: 136576K->17024K(153600K), 0.0285893 secs] 151817K->52677K(494976K), 0.0286523 secs] [Times: user=0.02 sys=0.01, real=0.03 secs] 
2019-06-10T16:21:13.762+0000: 23.810: [Full GC (Metadata GC Threshold) 2019-06-10T16:21:13.762+0000: 23.810: [Tenured: 35653K->44278K(341376K), 0.0491195 secs] 125248K->44278K(494976K), [Metaspace: 34609K->34609K(1079296K)], 0.0492074 secs] [Times: user=0.05 sys=0.00, real=0.06 secs] 
2019-06-10T16:21:20.423+0000: 30.471: [GC (Allocation Failure) 2019-06-10T16:21:20.423+0000: 30.471: [DefNew: 136576K->94K(153600K), 0.0018140 secs] 180854K->44372K(494976K), 0.0018741 secs] [Times: user=0.01 sys=0.00, real=0.01 secs] 
2019-06-10T16:21:27.127+0000: 37.175: [GC (Allocation Failure) 2019-06-10T16:21:27.127+0000: 37.175: [DefNew: 136670K->122K(153600K), 0.0017317 secs] 180948K->44401K(494976K), 0.0018045 secs] [Times: user=0.00 sys=0.00, real=0.00 secs] 
2019-06-10T16:21:33.852+0000: 43.900: [GC (Allocation Failure) 2019-06-10T16:21:33.852+0000: 43.900: [DefNew: 136698K->157K(153600K), 0.0017099 secs] 180977K->44436K(494976K), 0.0017820 secs] [Times: user=0.00 sys=0.00, real=0.00 secs] 
2019-06-10T16:21:40.595+0000: 50.643: [GC (Allocation Failure) 2019-06-10T16:21:40.595+0000: 50.643: [DefNew: 136733K->160K(153600K), 0.0017654 secs] 181012K->44438K(494976K), 0.0018351 secs] [Times: user=0.01 sys=0.00, real=0.00 secs] 
2019-06-10T16:21:49.197+0000: 59.246: [GC (Allocation Failure) 2019-06-10T16:21:49.197+0000: 59.246: [DefNew: 136736K->158K(153600K), 0.0017744 secs] 181014K->44436K(494976K), 0.0018413 secs] [Times: user=0.00 sys=0.00, real=0.00 secs] 
16:21:58.912 [Curator-PathChildrenCache-0] ERROR o.a.c.f.r.c.PathChildrenCache  - 
java.lang.IllegalStateException: instance must be started before calling this method
	at org.apache.curator.shaded.com.google.common.base.Preconditions.checkState(Preconditions.java:444)
	at org.apache.curator.framework.imps.CuratorFrameworkImpl.getChildren(CuratorFrameworkImpl.java:456)
	at org.apache.curator.framework.recipes.cache.PathChildrenCache.refresh(PathChildrenCache.java:521)
	at org.apache.curator.framework.recipes.cache.RefreshOperation.invoke(RefreshOperation.java:35)
	at org.apache.curator.framework.recipes.cache.PathChildrenCache$9.run(PathChildrenCache.java:786)
	at java.util.concurrent.Executors$RunnableAdapter.call(Executors.java:511)
	at java.util.concurrent.FutureTask.run(FutureTask.java:266)
	at java.util.concurrent.Executors$RunnableAdapter.call(Executors.java:511)
	at java.util.concurrent.FutureTask.run(FutureTask.java:266)
	at java.util.concurrent.ThreadPoolExecutor.runWorker(ThreadPoolExecutor.java:1149)
	at java.util.concurrent.ThreadPoolExecutor$Worker.run(ThreadPoolExecutor.java:624)
	at java.lang.Thread.run(Thread.java:748)
Heap
 def new generation   total 153600K, used 55172K [0x00000000e0c00000, 0x00000000eb2a0000, 0x00000000eb2a0000)
  eden space 136576K,  40% used [0x00000000e0c00000, 0x00000000e41b9628, 0x00000000e9160000)
  from space 17024K,   0% used [0x00000000e9160000, 0x00000000e9187ac8, 0x00000000ea200000)
  to   space 17024K,   0% used [0x00000000ea200000, 0x00000000ea200000, 0x00000000eb2a0000)
 tenured generation   total 341376K, used 44278K [0x00000000eb2a0000, 0x0000000100000000, 0x0000000100000000)
   the space 341376K,  12% used [0x00000000eb2a0000, 0x00000000edddd928, 0x00000000edddda00, 0x0000000100000000)
 Metaspace       used 36039K, capacity 36928K, committed 37120K, reserved 1081344K
  class space    used 4855K, capacity 5074K, committed 5120K, reserved 1048576K
