16:16:15,660 |-INFO in ch.qos.logback.classic.LoggerContext[default] - Could NOT find resource [logback-test.xml]
16:16:15,660 |-INFO in ch.qos.logback.classic.LoggerContext[default] - Could NOT find resource [logback.groovy]
16:16:15,660 |-INFO in ch.qos.logback.classic.LoggerContext[default] - Found resource [logback.xml] at [jar:file:/root/flamestream/lib/flamestream-runtime-1.0-SNAPSHOT.jar!/logback.xml]
16:16:15,662 |-WARN in ch.qos.logback.classic.LoggerContext[default] - Resource [logback.xml] occurs multiple times on the classpath.
16:16:15,662 |-WARN in ch.qos.logback.classic.LoggerContext[default] - Resource [logback.xml] occurs at [jar:file:/root/flamestream/lib/flamestream-runtime-1.0-SNAPSHOT.jar!/logback.xml]
16:16:15,662 |-WARN in ch.qos.logback.classic.LoggerContext[default] - Resource [logback.xml] occurs at [jar:file:/root/flamestream/flamestream-runtime-1.0-SNAPSHOT.jar!/logback.xml]
16:16:15,683 |-INFO in ch.qos.logback.core.joran.spi.ConfigurationWatchList@3fb6a447 - URL [jar:file:/root/flamestream/lib/flamestream-runtime-1.0-SNAPSHOT.jar!/logback.xml] is not of type file
16:16:15,753 |-INFO in ch.qos.logback.classic.joran.action.ConfigurationAction - debug attribute not set
16:16:15,753 |-INFO in ch.qos.logback.core.joran.action.AppenderAction - About to instantiate appender of type [ch.qos.logback.core.ConsoleAppender]
16:16:15,772 |-INFO in ch.qos.logback.core.joran.action.AppenderAction - Naming appender as [STDOUT]
16:16:15,790 |-INFO in ch.qos.logback.core.joran.action.NestedComplexPropertyIA - Assuming default type [ch.qos.logback.classic.encoder.PatternLayoutEncoder] for [encoder] property
16:16:15,876 |-INFO in ch.qos.logback.core.joran.action.AppenderAction - About to instantiate appender of type [ch.qos.logback.core.rolling.RollingFileAppender]
16:16:15,885 |-INFO in ch.qos.logback.core.joran.action.AppenderAction - Naming appender as [FILE]
16:16:15,917 |-INFO in c.q.l.core.rolling.TimeBasedRollingPolicy@127618319 - No compression will be used
16:16:15,918 |-INFO in c.q.l.core.rolling.TimeBasedRollingPolicy@127618319 - Will use the pattern /tmp/application_%d{yyyy-MM-dd}.%i.log for the active file
16:16:15,921 |-INFO in ch.qos.logback.core.rolling.SizeAndTimeBasedFNATP@6b2fad11 - The date pattern is 'yyyy-MM-dd' from file name pattern '/tmp/application_%d{yyyy-MM-dd}.%i.log'.
16:16:15,921 |-INFO in ch.qos.logback.core.rolling.SizeAndTimeBasedFNATP@6b2fad11 - Roll-over at midnight.
16:16:15,926 |-INFO in ch.qos.logback.core.rolling.SizeAndTimeBasedFNATP@6b2fad11 - Setting initial period to Mon Jun 10 16:14:47 UTC 2019
16:16:15,926 |-WARN in ch.qos.logback.core.rolling.SizeAndTimeBasedFNATP@6b2fad11 - SizeAndTimeBasedFNATP is deprecated. Use SizeAndTimeBasedRollingPolicy instead
16:16:15,926 |-WARN in ch.qos.logback.core.rolling.SizeAndTimeBasedFNATP@6b2fad11 - For more information see http://logback.qos.ch/manual/appenders.html#SizeAndTimeBasedRollingPolicy
16:16:15,930 |-INFO in ch.qos.logback.core.joran.action.NestedComplexPropertyIA - Assuming default type [ch.qos.logback.classic.encoder.PatternLayoutEncoder] for [encoder] property
16:16:15,935 |-INFO in ch.qos.logback.core.rolling.RollingFileAppender[FILE] - Active log file name: /tmp/application.log
16:16:15,935 |-INFO in ch.qos.logback.core.rolling.RollingFileAppender[FILE] - File property is set to [/tmp/application.log]
16:16:15,936 |-INFO in ch.qos.logback.classic.joran.action.RootLoggerAction - Setting level of ROOT logger to WARN
16:16:15,936 |-INFO in ch.qos.logback.core.joran.action.AppenderRefAction - Attaching appender named [STDOUT] to Logger[ROOT]
16:16:15,938 |-INFO in ch.qos.logback.core.joran.action.AppenderRefAction - Attaching appender named [FILE] to Logger[ROOT]
16:16:15,938 |-INFO in ch.qos.logback.classic.joran.action.ConfigurationAction - End of configuration.
16:16:15,939 |-INFO in ch.qos.logback.classic.joran.JoranConfigurator@79698539 - Registering current configuration as safe fallback point

Ama winner
Ama winner
2019-06-10T16:16:17.257+0000: 1.782: [Full GC (Metadata GC Threshold) 2019-06-10T16:16:17.257+0000: 1.782: [Tenured: 0K->15176K(341376K), 0.0390916 secs] 114988K->15176K(494976K), [Metaspace: 20731K->20731K(1067008K)], 0.0391602 secs] [Times: user=0.03 sys=0.00, real=0.03 secs] 
16:16:30.913 [Curator-PathChildrenCache-2] WARN  o.a.c.u.ZKPaths  - The version of ZooKeeper being used doesn't support Container nodes. CreateMode.PERSISTENT will be used instead.
2019-06-10T16:16:33.136+0000: 17.661: [GC (Allocation Failure) 2019-06-10T16:16:33.136+0000: 17.661: [DefNew: 136036K->16712K(153600K), 0.0260254 secs] 151212K->51419K(494976K), 0.0260996 secs] [Times: user=0.02 sys=0.01, real=0.03 secs] 
2019-06-10T16:16:33.756+0000: 18.281: [Full GC (Metadata GC Threshold) 2019-06-10T16:16:33.756+0000: 18.281: [Tenured: 34707K->43239K(341376K), 0.0392219 secs] 69951K->43239K(494976K), [Metaspace: 34615K->34615K(1079296K)], 0.0392986 secs] [Times: user=0.04 sys=0.00, real=0.04 secs] 
2019-06-10T16:16:37.528+0000: 22.053: [GC (Allocation Failure) 2019-06-10T16:16:37.528+0000: 22.053: [DefNew: 136576K->204K(153600K), 0.0021395 secs] 179815K->43444K(494976K), 0.0021957 secs] [Times: user=0.00 sys=0.00, real=0.01 secs] 
2019-06-10T16:16:41.199+0000: 25.724: [GC (Allocation Failure) 2019-06-10T16:16:41.199+0000: 25.724: [DefNew: 136780K->230K(153600K), 0.0020915 secs] 180020K->43470K(494976K), 0.0021572 secs] [Times: user=0.01 sys=0.00, real=0.00 secs] 
2019-06-10T16:16:44.843+0000: 29.368: [GC (Allocation Failure) 2019-06-10T16:16:44.843+0000: 29.368: [DefNew: 136806K->217K(153600K), 0.0021308 secs] 180046K->43457K(494976K), 0.0021901 secs] [Times: user=0.00 sys=0.00, real=0.00 secs] 
2019-06-10T16:16:48.373+0000: 32.899: [GC (Allocation Failure) 2019-06-10T16:16:48.374+0000: 32.899: [DefNew: 136793K->225K(153600K), 0.0021455 secs] 180033K->43465K(494976K), 0.0031710 secs] [Times: user=0.00 sys=0.00, real=0.00 secs] 
2019-06-10T16:16:51.876+0000: 36.401: [GC (Allocation Failure) 2019-06-10T16:16:51.876+0000: 36.401: [DefNew: 136801K->221K(153600K), 0.0021839 secs] 180041K->43461K(494976K), 0.0022451 secs] [Times: user=0.00 sys=0.00, real=0.01 secs] 
2019-06-10T16:16:55.347+0000: 39.872: [GC (Allocation Failure) 2019-06-10T16:16:55.347+0000: 39.872: [DefNew: 136797K->221K(153600K), 0.0021461 secs] 180037K->43461K(494976K), 0.0022052 secs] [Times: user=0.00 sys=0.00, real=0.01 secs] 
2019-06-10T16:16:58.831+0000: 43.357: [GC (Allocation Failure) 2019-06-10T16:16:58.831+0000: 43.357: [DefNew: 136797K->223K(153600K), 0.0022584 secs] 180037K->43463K(494976K), 0.0023188 secs] [Times: user=0.00 sys=0.00, real=0.00 secs] 
2019-06-10T16:17:03.819+0000: 48.344: [GC (Allocation Failure) 2019-06-10T16:17:03.819+0000: 48.344: [DefNew: 136799K->218K(153600K), 0.0022677 secs] 180039K->43458K(494976K), 0.0023241 secs] [Times: user=0.00 sys=0.00, real=0.00 secs] 
16:17:11.186 [Curator-PathChildrenCache-0] ERROR o.a.c.f.r.c.PathChildrenCache  - 
java.lang.IllegalStateException: instance must be started before calling this method
	at org.apache.curator.shaded.com.google.common.base.Preconditions.checkState(Preconditions.java:444)
	at org.apache.curator.framework.imps.CuratorFrameworkImpl.getChildren(CuratorFrameworkImpl.java:456)
	at org.apache.curator.framework.recipes.cache.PathChildrenCache.refresh(PathChildrenCache.java:521)
	at org.apache.curator.framework.recipes.cache.RefreshOperation.invoke(RefreshOperation.java:35)
	at org.apache.curator.framework.recipes.cache.PathChildrenCache$9.run(PathChildrenCache.java:786)
	at java.util.concurrent.Executors$RunnableAdapter.call(Executors.java:511)
	at java.util.concurrent.FutureTask.run(FutureTask.java:266)
	at java.util.concurrent.Executors$RunnableAdapter.call(Executors.java:511)
	at java.util.concurrent.FutureTask.run(FutureTask.java:266)
	at java.util.concurrent.ThreadPoolExecutor.runWorker(ThreadPoolExecutor.java:1149)
	at java.util.concurrent.ThreadPoolExecutor$Worker.run(ThreadPoolExecutor.java:624)
	at java.lang.Thread.run(Thread.java:748)
Heap
 def new generation   total 153600K, used 59715K [0x00000000e0c00000, 0x00000000eb2a0000, 0x00000000eb2a0000)
  eden space 136576K,  43% used [0x00000000e0c00000, 0x00000000e461a1b0, 0x00000000e9160000)
  from space 17024K,   1% used [0x00000000ea200000, 0x00000000ea236b38, 0x00000000eb2a0000)
  to   space 17024K,   0% used [0x00000000e9160000, 0x00000000e9160000, 0x00000000ea200000)
 tenured generation   total 341376K, used 43239K [0x00000000eb2a0000, 0x0000000100000000, 0x0000000100000000)
   the space 341376K,  12% used [0x00000000eb2a0000, 0x00000000edcd9fa0, 0x00000000edcda000, 0x0000000100000000)
 Metaspace       used 36069K, capacity 37038K, committed 37120K, reserved 1081344K
  class space    used 4871K, capacity 5067K, committed 5120K, reserved 1048576K
