07:31:42,822 |-INFO in ch.qos.logback.classic.LoggerContext[default] - Could NOT find resource [logback-test.xml]
07:31:42,822 |-INFO in ch.qos.logback.classic.LoggerContext[default] - Could NOT find resource [logback.groovy]
07:31:42,822 |-INFO in ch.qos.logback.classic.LoggerContext[default] - Found resource [logback.xml] at [jar:file:/home/nikitasokolov/flamestream/lib/flamestream-runtime-1.0-SNAPSHOT.jar!/logback.xml]
07:31:42,823 |-WARN in ch.qos.logback.classic.LoggerContext[default] - Resource [logback.xml] occurs multiple times on the classpath.
07:31:42,823 |-WARN in ch.qos.logback.classic.LoggerContext[default] - Resource [logback.xml] occurs at [jar:file:/home/nikitasokolov/flamestream/lib/flamestream-runtime-1.0-SNAPSHOT.jar!/logback.xml]
07:31:42,823 |-WARN in ch.qos.logback.classic.LoggerContext[default] - Resource [logback.xml] occurs at [jar:file:/home/nikitasokolov/flamestream/flamestream-runtime-1.0-SNAPSHOT.jar!/logback.xml]
07:31:42,839 |-INFO in ch.qos.logback.core.joran.spi.ConfigurationWatchList@6108b2d7 - URL [jar:file:/home/nikitasokolov/flamestream/lib/flamestream-runtime-1.0-SNAPSHOT.jar!/logback.xml] is not of type file
07:31:42,888 |-INFO in ch.qos.logback.classic.joran.action.ConfigurationAction - debug attribute not set
07:31:42,889 |-INFO in ch.qos.logback.core.joran.action.AppenderAction - About to instantiate appender of type [ch.qos.logback.core.ConsoleAppender]
07:31:42,896 |-INFO in ch.qos.logback.core.joran.action.AppenderAction - Naming appender as [STDOUT]
07:31:42,904 |-INFO in ch.qos.logback.core.joran.action.NestedComplexPropertyIA - Assuming default type [ch.qos.logback.classic.encoder.PatternLayoutEncoder] for [encoder] property
07:31:42,960 |-INFO in ch.qos.logback.core.joran.action.AppenderAction - About to instantiate appender of type [ch.qos.logback.core.rolling.RollingFileAppender]
07:31:42,965 |-INFO in ch.qos.logback.core.joran.action.AppenderAction - Naming appender as [FILE]
07:31:42,986 |-INFO in c.q.l.core.rolling.TimeBasedRollingPolicy@357863579 - No compression will be used
07:31:42,987 |-INFO in c.q.l.core.rolling.TimeBasedRollingPolicy@357863579 - Will use the pattern /tmp/application_%d{yyyy-MM-dd}.%i.log for the active file
07:31:42,990 |-INFO in ch.qos.logback.core.rolling.SizeAndTimeBasedFNATP@6bf256fa - The date pattern is 'yyyy-MM-dd' from file name pattern '/tmp/application_%d{yyyy-MM-dd}.%i.log'.
07:31:42,990 |-INFO in ch.qos.logback.core.rolling.SizeAndTimeBasedFNATP@6bf256fa - Roll-over at midnight.
07:31:42,994 |-INFO in ch.qos.logback.core.rolling.SizeAndTimeBasedFNATP@6bf256fa - Setting initial period to Sun Jun 09 07:31:03 MSK 2019
07:31:42,994 |-WARN in ch.qos.logback.core.rolling.SizeAndTimeBasedFNATP@6bf256fa - SizeAndTimeBasedFNATP is deprecated. Use SizeAndTimeBasedRollingPolicy instead
07:31:42,994 |-WARN in ch.qos.logback.core.rolling.SizeAndTimeBasedFNATP@6bf256fa - For more information see http://logback.qos.ch/manual/appenders.html#SizeAndTimeBasedRollingPolicy
07:31:42,999 |-INFO in ch.qos.logback.core.joran.action.NestedComplexPropertyIA - Assuming default type [ch.qos.logback.classic.encoder.PatternLayoutEncoder] for [encoder] property
07:31:43,001 |-INFO in ch.qos.logback.core.rolling.RollingFileAppender[FILE] - Active log file name: /tmp/application.log
07:31:43,001 |-INFO in ch.qos.logback.core.rolling.RollingFileAppender[FILE] - File property is set to [/tmp/application.log]
07:31:43,002 |-INFO in ch.qos.logback.classic.joran.action.RootLoggerAction - Setting level of ROOT logger to WARN
07:31:43,002 |-INFO in ch.qos.logback.core.joran.action.AppenderRefAction - Attaching appender named [STDOUT] to Logger[ROOT]
07:31:43,003 |-INFO in ch.qos.logback.core.joran.action.AppenderRefAction - Attaching appender named [FILE] to Logger[ROOT]
07:31:43,003 |-INFO in ch.qos.logback.classic.joran.action.ConfigurationAction - End of configuration.
07:31:43,004 |-INFO in ch.qos.logback.classic.joran.JoranConfigurator@6cd8737 - Registering current configuration as safe fallback point

2019-06-09T07:31:43.989+0300: 1.370: [GC (Metadata GC Threshold) [PSYoungGen: 110722K->15847K(149504K)] 110722K->15927K(491008K), 0.0251967 secs] [Times: user=0.12 sys=0.02, real=0.03 secs] 
2019-06-09T07:31:44.014+0300: 1.395: [Full GC (Metadata GC Threshold) [PSYoungGen: 15847K->0K(149504K)] [ParOldGen: 80K->15078K(341504K)] 15927K->15078K(491008K), [Metaspace: 20800K->20800K(1067008K)], 0.0255838 secs] [Times: user=0.17 sys=0.01, real=0.03 secs] 
07:31:51.192 [Curator-PathChildrenCache-1] WARN  o.a.c.u.ZKPaths  - The version of ZooKeeper being used doesn't support Container nodes. CreateMode.PERSISTENT will be used instead.
2019-06-09T07:31:52.154+0300: 9.536: [GC (Metadata GC Threshold) [PSYoungGen: 124011K->20991K(149504K)] 139089K->49965K(491008K), 0.0240924 secs] [Times: user=0.25 sys=0.02, real=0.03 secs] 
2019-06-09T07:31:52.178+0300: 9.560: [Full GC (Metadata GC Threshold) [PSYoungGen: 20991K->0K(149504K)] [ParOldGen: 28974K->38905K(341504K)] 49965K->38905K(491008K), [Metaspace: 34556K->34556K(1079296K)], 0.0371621 secs] [Times: user=0.18 sys=0.00, real=0.03 secs] 
2019-06-09T07:31:57.185+0300: 14.566: [GC (Allocation Failure) [PSYoungGen: 128512K->512K(149504K)] 167417K->39425K(491008K), 0.0035182 secs] [Times: user=0.01 sys=0.00, real=0.00 secs] 
2019-06-09T07:32:02.966+0300: 20.347: [GC (Allocation Failure) [PSYoungGen: 129024K->544K(149504K)] 167937K->39465K(491008K), 0.0063246 secs] [Times: user=0.05 sys=0.00, real=0.01 secs] 
2019-06-09T07:32:08.704+0300: 26.085: [GC (Allocation Failure) [PSYoungGen: 129056K->576K(129536K)] 167977K->39505K(471040K), 0.0046021 secs] [Times: user=0.03 sys=0.00, real=0.00 secs] 
2019-06-09T07:32:14.511+0300: 31.893: [GC (Allocation Failure) [PSYoungGen: 129088K->608K(133120K)] 168017K->39545K(474624K), 0.0044564 secs] [Times: user=0.02 sys=0.00, real=0.00 secs] 
2019-06-09T07:32:18.775+0300: 36.156: [GC (Allocation Failure) [PSYoungGen: 93792K->704K(130560K)] 132729K->39649K(472064K), 0.0109156 secs] [Times: user=0.08 sys=0.01, real=0.01 secs] 
2019-06-09T07:32:23.050+0300: 40.432: [GC (Allocation Failure) [PSYoungGen: 93888K->672K(136704K)] 132833K->39625K(478208K), 0.0026957 secs] [Times: user=0.01 sys=0.00, real=0.00 secs] 
2019-06-09T07:32:27.650+0300: 45.031: [GC (Allocation Failure) [PSYoungGen: 102048K->672K(135168K)] 141001K->39625K(476672K), 0.0048995 secs] [Times: user=0.03 sys=0.01, real=0.00 secs] 
2019-06-09T07:32:32.267+0300: 49.649: [GC (Allocation Failure) [PSYoungGen: 102048K->704K(140288K)] 141001K->39657K(481792K), 0.0038943 secs] [Times: user=0.02 sys=0.01, real=0.01 secs] 
2019-06-09T07:32:37.253+0300: 54.634: [GC (Allocation Failure) [PSYoungGen: 109248K->736K(138752K)] 148201K->39697K(480256K), 0.0025192 secs] [Times: user=0.01 sys=0.00, real=0.00 secs] 
2019-06-09T07:32:42.232+0300: 59.613: [GC (Allocation Failure) [PSYoungGen: 109280K->640K(143360K)] 148241K->39609K(484864K), 0.0029857 secs] [Times: user=0.01 sys=0.00, real=0.00 secs] 
2019-06-09T07:32:48.234+0300: 65.616: [GC (Allocation Failure) [PSYoungGen: 115328K->1015K(141824K)] 154297K->39993K(483328K), 0.0032980 secs] [Times: user=0.02 sys=0.00, real=0.01 secs] 
2019-06-09T07:32:54.897+0300: 72.278: [GC (Allocation Failure) [PSYoungGen: 115703K->800K(146432K)] 154681K->39785K(487936K), 0.1033875 secs] [Times: user=0.00 sys=0.02, real=0.11 secs] 
2019-06-09T07:33:01.900+0300: 79.281: [GC (Allocation Failure) [PSYoungGen: 121632K->704K(144896K)] 160617K->39697K(486400K), 0.0033352 secs] [Times: user=0.01 sys=0.01, real=0.00 secs] 
07:33:20.499 [Curator-PathChildrenCache-0] ERROR o.a.c.f.r.c.PathChildrenCache  - 
java.lang.IllegalStateException: instance must be started before calling this method
	at org.apache.curator.shaded.com.google.common.base.Preconditions.checkState(Preconditions.java:444)
	at org.apache.curator.framework.imps.CuratorFrameworkImpl.getChildren(CuratorFrameworkImpl.java:456)
	at org.apache.curator.framework.recipes.cache.PathChildrenCache.refresh(PathChildrenCache.java:521)
	at org.apache.curator.framework.recipes.cache.RefreshOperation.invoke(RefreshOperation.java:35)
	at org.apache.curator.framework.recipes.cache.PathChildrenCache$9.run(PathChildrenCache.java:786)
	at java.util.concurrent.Executors$RunnableAdapter.call(Executors.java:511)
	at java.util.concurrent.FutureTask.run(FutureTask.java:266)
	at java.util.concurrent.Executors$RunnableAdapter.call(Executors.java:511)
	at java.util.concurrent.FutureTask.run(FutureTask.java:266)
	at java.util.concurrent.ThreadPoolExecutor.runWorker(ThreadPoolExecutor.java:1149)
	at java.util.concurrent.ThreadPoolExecutor$Worker.run(ThreadPoolExecutor.java:624)
	at java.lang.Thread.run(Thread.java:748)
Heap
 PSYoungGen      total 144896K, used 120298K [0x00000000f5980000, 0x0000000100000000, 0x0000000100000000)
  eden space 120832K, 98% used [0x00000000f5980000,0x00000000fce4a8c0,0x00000000fcf80000)
  from space 24064K, 2% used [0x00000000fcf80000,0x00000000fd030070,0x00000000fe700000)
  to   space 22528K, 0% used [0x00000000fea00000,0x00000000fea00000,0x0000000100000000)
 ParOldGen       total 341504K, used 38993K [0x00000000e0c00000, 0x00000000f5980000, 0x00000000f5980000)
  object space 341504K, 11% used [0x00000000e0c00000,0x00000000e3214788,0x00000000f5980000)
 Metaspace       used 36162K, capacity 36958K, committed 37208K, reserved 1081344K
  class space    used 4977K, capacity 5161K, committed 5248K, reserved 1048576K
