13:02:47,098 |-INFO in ch.qos.logback.classic.LoggerContext[default] - Could NOT find resource [logback-test.xml]
13:02:47,098 |-INFO in ch.qos.logback.classic.LoggerContext[default] - Could NOT find resource [logback.groovy]
13:02:47,098 |-INFO in ch.qos.logback.classic.LoggerContext[default] - Found resource [logback.xml] at [jar:file:/root/flamestream/lib/flamestream-runtime-1.0-SNAPSHOT.jar!/logback.xml]
13:02:47,103 |-WARN in ch.qos.logback.classic.LoggerContext[default] - Resource [logback.xml] occurs multiple times on the classpath.
13:02:47,103 |-WARN in ch.qos.logback.classic.LoggerContext[default] - Resource [logback.xml] occurs at [jar:file:/root/flamestream/lib/flamestream-runtime-1.0-SNAPSHOT.jar!/logback.xml]
13:02:47,103 |-WARN in ch.qos.logback.classic.LoggerContext[default] - Resource [logback.xml] occurs at [jar:file:/root/flamestream/flamestream-runtime-1.0-SNAPSHOT.jar!/logback.xml]
13:02:47,123 |-INFO in ch.qos.logback.core.joran.spi.ConfigurationWatchList@3fb6a447 - URL [jar:file:/root/flamestream/lib/flamestream-runtime-1.0-SNAPSHOT.jar!/logback.xml] is not of type file
13:02:47,197 |-INFO in ch.qos.logback.classic.joran.action.ConfigurationAction - debug attribute not set
13:02:47,197 |-INFO in ch.qos.logback.core.joran.action.AppenderAction - About to instantiate appender of type [ch.qos.logback.core.ConsoleAppender]
13:02:47,209 |-INFO in ch.qos.logback.core.joran.action.AppenderAction - Naming appender as [STDOUT]
13:02:47,228 |-INFO in ch.qos.logback.core.joran.action.NestedComplexPropertyIA - Assuming default type [ch.qos.logback.classic.encoder.PatternLayoutEncoder] for [encoder] property
13:02:47,306 |-INFO in ch.qos.logback.core.joran.action.AppenderAction - About to instantiate appender of type [ch.qos.logback.core.rolling.RollingFileAppender]
13:02:47,314 |-INFO in ch.qos.logback.core.joran.action.AppenderAction - Naming appender as [FILE]
13:02:47,347 |-INFO in c.q.l.core.rolling.TimeBasedRollingPolicy@127618319 - No compression will be used
13:02:47,348 |-INFO in c.q.l.core.rolling.TimeBasedRollingPolicy@127618319 - Will use the pattern /tmp/application_%d{yyyy-MM-dd}.%i.log for the active file
13:02:47,351 |-INFO in ch.qos.logback.core.rolling.SizeAndTimeBasedFNATP@6b2fad11 - The date pattern is 'yyyy-MM-dd' from file name pattern '/tmp/application_%d{yyyy-MM-dd}.%i.log'.
13:02:47,351 |-INFO in ch.qos.logback.core.rolling.SizeAndTimeBasedFNATP@6b2fad11 - Roll-over at midnight.
13:02:47,356 |-INFO in ch.qos.logback.core.rolling.SizeAndTimeBasedFNATP@6b2fad11 - Setting initial period to Mon Jun 10 13:01:20 UTC 2019
13:02:47,356 |-WARN in ch.qos.logback.core.rolling.SizeAndTimeBasedFNATP@6b2fad11 - SizeAndTimeBasedFNATP is deprecated. Use SizeAndTimeBasedRollingPolicy instead
13:02:47,356 |-WARN in ch.qos.logback.core.rolling.SizeAndTimeBasedFNATP@6b2fad11 - For more information see http://logback.qos.ch/manual/appenders.html#SizeAndTimeBasedRollingPolicy
13:02:47,360 |-INFO in ch.qos.logback.core.joran.action.NestedComplexPropertyIA - Assuming default type [ch.qos.logback.classic.encoder.PatternLayoutEncoder] for [encoder] property
13:02:47,365 |-INFO in ch.qos.logback.core.rolling.RollingFileAppender[FILE] - Active log file name: /tmp/application.log
13:02:47,365 |-INFO in ch.qos.logback.core.rolling.RollingFileAppender[FILE] - File property is set to [/tmp/application.log]
13:02:47,366 |-INFO in ch.qos.logback.classic.joran.action.RootLoggerAction - Setting level of ROOT logger to WARN
13:02:47,366 |-INFO in ch.qos.logback.core.joran.action.AppenderRefAction - Attaching appender named [STDOUT] to Logger[ROOT]
13:02:47,368 |-INFO in ch.qos.logback.core.joran.action.AppenderRefAction - Attaching appender named [FILE] to Logger[ROOT]
13:02:47,368 |-INFO in ch.qos.logback.classic.joran.action.ConfigurationAction - End of configuration.
13:02:47,369 |-INFO in ch.qos.logback.classic.joran.JoranConfigurator@79698539 - Registering current configuration as safe fallback point

Ama winner
Ama winner
2019-06-10T13:02:48.675+0000: 1.757: [Full GC (Metadata GC Threshold) 2019-06-10T13:02:48.675+0000: 1.757: [Tenured: 0K->15144K(341376K), 0.0399460 secs] 114988K->15144K(494976K), [Metaspace: 20734K->20734K(1067008K)], 0.0400121 secs] [Times: user=0.04 sys=0.00, real=0.04 secs] 
13:03:05.782 [Curator-PathChildrenCache-1] WARN  o.a.c.u.ZKPaths  - The version of ZooKeeper being used doesn't support Container nodes. CreateMode.PERSISTENT will be used instead.
2019-06-10T13:03:08.291+0000: 21.373: [GC (Allocation Failure) 2019-06-10T13:03:08.291+0000: 21.373: [DefNew: 136576K->17024K(153600K), 0.0262621 secs] 151720K->52531K(494976K), 0.0263321 secs] [Times: user=0.01 sys=0.01, real=0.03 secs] 
2019-06-10T13:03:10.842+0000: 23.925: [Full GC (Metadata GC Threshold) 2019-06-10T13:03:10.842+0000: 23.925: [Tenured: 35507K->44091K(341376K), 0.0415017 secs] 95786K->44091K(494976K), [Metaspace: 34580K->34580K(1079296K)], 0.0416272 secs] [Times: user=0.04 sys=0.00, real=0.04 secs] 
2019-06-10T13:03:20.381+0000: 33.464: [GC (Allocation Failure) 2019-06-10T13:03:20.381+0000: 33.464: [DefNew: 136576K->58K(153600K), 0.0019004 secs] 180667K->44150K(494976K), 0.0019626 secs] [Times: user=0.01 sys=0.00, real=0.00 secs] 
2019-06-10T13:03:30.106+0000: 43.188: [GC (Allocation Failure) 2019-06-10T13:03:30.106+0000: 43.188: [DefNew: 136634K->60K(153600K), 0.0017455 secs] 180726K->44151K(494976K), 0.0018069 secs] [Times: user=0.00 sys=0.00, real=0.01 secs] 
2019-06-10T13:03:39.864+0000: 52.946: [GC (Allocation Failure) 2019-06-10T13:03:39.864+0000: 52.946: [DefNew: 136636K->62K(153600K), 0.0017003 secs] 180727K->44153K(494976K), 0.0017592 secs] [Times: user=0.00 sys=0.00, real=0.00 secs] 
2019-06-10T13:03:49.778+0000: 62.861: [GC (Allocation Failure) 2019-06-10T13:03:49.778+0000: 62.861: [DefNew: 136638K->418K(153600K), 0.0023379 secs] 180729K->44510K(494976K), 0.0031431 secs] [Times: user=0.00 sys=0.00, real=0.00 secs] 
2019-06-10T13:04:01.820+0000: 74.903: [GC (Allocation Failure) 2019-06-10T13:04:01.820+0000: 74.903: [DefNew: 136994K->163K(153600K), 0.0021460 secs] 181086K->44255K(494976K), 0.0022108 secs] [Times: user=0.01 sys=0.00, real=0.00 secs] 
2019-06-10T13:04:13.848+0000: 86.930: [GC (Allocation Failure) 2019-06-10T13:04:13.848+0000: 86.930: [DefNew: 136739K->165K(153600K), 0.0020779 secs] 180831K->44257K(494976K), 0.0021384 secs] [Times: user=0.00 sys=0.00, real=0.00 secs] 
13:04:36.122 [Curator-PathChildrenCache-0] ERROR o.a.c.f.r.c.PathChildrenCache  - 
java.lang.IllegalStateException: instance must be started before calling this method
	at org.apache.curator.shaded.com.google.common.base.Preconditions.checkState(Preconditions.java:444)
	at org.apache.curator.framework.imps.CuratorFrameworkImpl.getChildren(CuratorFrameworkImpl.java:456)
	at org.apache.curator.framework.recipes.cache.PathChildrenCache.refresh(PathChildrenCache.java:521)
	at org.apache.curator.framework.recipes.cache.RefreshOperation.invoke(RefreshOperation.java:35)
	at org.apache.curator.framework.recipes.cache.PathChildrenCache$9.run(PathChildrenCache.java:786)
	at java.util.concurrent.Executors$RunnableAdapter.call(Executors.java:511)
	at java.util.concurrent.FutureTask.run(FutureTask.java:266)
	at java.util.concurrent.Executors$RunnableAdapter.call(Executors.java:511)
	at java.util.concurrent.FutureTask.run(FutureTask.java:266)
	at java.util.concurrent.ThreadPoolExecutor.runWorker(ThreadPoolExecutor.java:1149)
	at java.util.concurrent.ThreadPoolExecutor$Worker.run(ThreadPoolExecutor.java:624)
	at java.lang.Thread.run(Thread.java:748)
2019-06-10T13:04:37.237+0000: 110.319: [GC (Allocation Failure) 2019-06-10T13:04:37.237+0000: 110.319: [DefNew: 136741K->1096K(153600K), 0.0037666 secs] 180833K->45187K(494976K), 0.0038245 secs] [Times: user=0.00 sys=0.00, real=0.00 secs] 
Heap
 def new generation   total 153600K, used 3481K [0x00000000e0c00000, 0x00000000eb2a0000, 0x00000000eb2a0000)
  eden space 136576K,   1% used [0x00000000e0c00000, 0x00000000e0e543e0, 0x00000000e9160000)
  from space 17024K,   6% used [0x00000000e9160000, 0x00000000e92721b0, 0x00000000ea200000)
  to   space 17024K,   0% used [0x00000000ea200000, 0x00000000ea200000, 0x00000000eb2a0000)
 tenured generation   total 341376K, used 44091K [0x00000000eb2a0000, 0x0000000100000000, 0x0000000100000000)
   the space 341376K,  12% used [0x00000000eb2a0000, 0x00000000eddaed80, 0x00000000eddaee00, 0x0000000100000000)
 Metaspace       used 36105K, capacity 36996K, committed 37120K, reserved 1081344K
  class space    used 4861K, capacity 5074K, committed 5120K, reserved 1048576K
