16:13:47,969 |-INFO in ch.qos.logback.classic.LoggerContext[default] - Could NOT find resource [logback-test.xml]
16:13:47,969 |-INFO in ch.qos.logback.classic.LoggerContext[default] - Could NOT find resource [logback.groovy]
16:13:47,970 |-INFO in ch.qos.logback.classic.LoggerContext[default] - Found resource [logback.xml] at [jar:file:/root/flamestream/lib/flamestream-runtime-1.0-SNAPSHOT.jar!/logback.xml]
16:13:47,971 |-WARN in ch.qos.logback.classic.LoggerContext[default] - Resource [logback.xml] occurs multiple times on the classpath.
16:13:47,971 |-WARN in ch.qos.logback.classic.LoggerContext[default] - Resource [logback.xml] occurs at [jar:file:/root/flamestream/lib/flamestream-runtime-1.0-SNAPSHOT.jar!/logback.xml]
16:13:47,971 |-WARN in ch.qos.logback.classic.LoggerContext[default] - Resource [logback.xml] occurs at [jar:file:/root/flamestream/flamestream-runtime-1.0-SNAPSHOT.jar!/logback.xml]
16:13:47,991 |-INFO in ch.qos.logback.core.joran.spi.ConfigurationWatchList@3fb6a447 - URL [jar:file:/root/flamestream/lib/flamestream-runtime-1.0-SNAPSHOT.jar!/logback.xml] is not of type file
16:13:48,066 |-INFO in ch.qos.logback.classic.joran.action.ConfigurationAction - debug attribute not set
16:13:48,066 |-INFO in ch.qos.logback.core.joran.action.AppenderAction - About to instantiate appender of type [ch.qos.logback.core.ConsoleAppender]
16:13:48,080 |-INFO in ch.qos.logback.core.joran.action.AppenderAction - Naming appender as [STDOUT]
16:13:48,098 |-INFO in ch.qos.logback.core.joran.action.NestedComplexPropertyIA - Assuming default type [ch.qos.logback.classic.encoder.PatternLayoutEncoder] for [encoder] property
16:13:48,181 |-INFO in ch.qos.logback.core.joran.action.AppenderAction - About to instantiate appender of type [ch.qos.logback.core.rolling.RollingFileAppender]
16:13:48,190 |-INFO in ch.qos.logback.core.joran.action.AppenderAction - Naming appender as [FILE]
16:13:48,222 |-INFO in c.q.l.core.rolling.TimeBasedRollingPolicy@127618319 - No compression will be used
16:13:48,224 |-INFO in c.q.l.core.rolling.TimeBasedRollingPolicy@127618319 - Will use the pattern /tmp/application_%d{yyyy-MM-dd}.%i.log for the active file
16:13:48,227 |-INFO in ch.qos.logback.core.rolling.SizeAndTimeBasedFNATP@6b2fad11 - The date pattern is 'yyyy-MM-dd' from file name pattern '/tmp/application_%d{yyyy-MM-dd}.%i.log'.
16:13:48,227 |-INFO in ch.qos.logback.core.rolling.SizeAndTimeBasedFNATP@6b2fad11 - Roll-over at midnight.
16:13:48,232 |-INFO in ch.qos.logback.core.rolling.SizeAndTimeBasedFNATP@6b2fad11 - Setting initial period to Mon Jun 10 16:12:19 UTC 2019
16:13:48,232 |-WARN in ch.qos.logback.core.rolling.SizeAndTimeBasedFNATP@6b2fad11 - SizeAndTimeBasedFNATP is deprecated. Use SizeAndTimeBasedRollingPolicy instead
16:13:48,232 |-WARN in ch.qos.logback.core.rolling.SizeAndTimeBasedFNATP@6b2fad11 - For more information see http://logback.qos.ch/manual/appenders.html#SizeAndTimeBasedRollingPolicy
16:13:48,236 |-INFO in ch.qos.logback.core.joran.action.NestedComplexPropertyIA - Assuming default type [ch.qos.logback.classic.encoder.PatternLayoutEncoder] for [encoder] property
16:13:48,241 |-INFO in ch.qos.logback.core.rolling.RollingFileAppender[FILE] - Active log file name: /tmp/application.log
16:13:48,241 |-INFO in ch.qos.logback.core.rolling.RollingFileAppender[FILE] - File property is set to [/tmp/application.log]
16:13:48,242 |-INFO in ch.qos.logback.classic.joran.action.RootLoggerAction - Setting level of ROOT logger to WARN
16:13:48,242 |-INFO in ch.qos.logback.core.joran.action.AppenderRefAction - Attaching appender named [STDOUT] to Logger[ROOT]
16:13:48,244 |-INFO in ch.qos.logback.core.joran.action.AppenderRefAction - Attaching appender named [FILE] to Logger[ROOT]
16:13:48,244 |-INFO in ch.qos.logback.classic.joran.action.ConfigurationAction - End of configuration.
16:13:48,244 |-INFO in ch.qos.logback.classic.joran.JoranConfigurator@79698539 - Registering current configuration as safe fallback point

Ama winner
Ama winner
2019-06-10T16:13:49.534+0000: 1.754: [Full GC (Metadata GC Threshold) 2019-06-10T16:13:49.534+0000: 1.754: [Tenured: 0K->15144K(341376K), 0.0401508 secs] 114923K->15144K(494976K), [Metaspace: 20738K->20738K(1067008K)], 0.0402237 secs] [Times: user=0.04 sys=0.00, real=0.04 secs] 
16:14:10.222 [Curator-PathChildrenCache-2] WARN  o.a.c.u.ZKPaths  - The version of ZooKeeper being used doesn't support Container nodes. CreateMode.PERSISTENT will be used instead.
2019-06-10T16:14:12.682+0000: 24.903: [GC (Allocation Failure) 2019-06-10T16:14:12.682+0000: 24.903: [DefNew: 136576K->17024K(153600K), 0.0257930 secs] 151720K->52911K(494976K), 0.0258639 secs] [Times: user=0.02 sys=0.01, real=0.03 secs] 
2019-06-10T16:14:13.063+0000: 25.284: [Full GC (Metadata GC Threshold) 2019-06-10T16:14:13.063+0000: 25.284: [Tenured: 35887K->44814K(341376K), 0.0346886 secs] 68747K->44814K(494976K), [Metaspace: 34550K->34550K(1079296K)], 0.0347694 secs] [Times: user=0.03 sys=0.00, real=0.04 secs] 
2019-06-10T16:14:16.586+0000: 28.807: [GC (Allocation Failure) 2019-06-10T16:14:16.586+0000: 28.807: [DefNew: 136576K->209K(153600K), 0.0022837 secs] 181390K->45023K(494976K), 0.0023411 secs] [Times: user=0.00 sys=0.00, real=0.00 secs] 
2019-06-10T16:14:20.021+0000: 32.241: [GC (Allocation Failure) 2019-06-10T16:14:20.021+0000: 32.241: [DefNew: 136785K->216K(153600K), 0.0020580 secs] 181599K->45031K(494976K), 0.0021190 secs] [Times: user=0.00 sys=0.00, real=0.00 secs] 
2019-06-10T16:14:23.471+0000: 35.691: [GC (Allocation Failure) 2019-06-10T16:14:23.471+0000: 35.691: [DefNew: 136792K->219K(153600K), 0.0019429 secs] 181607K->45034K(494976K), 0.0020095 secs] [Times: user=0.00 sys=0.00, real=0.00 secs] 
2019-06-10T16:14:26.888+0000: 39.109: [GC (Allocation Failure) 2019-06-10T16:14:26.888+0000: 39.109: [DefNew: 136795K->220K(153600K), 0.0020286 secs] 181610K->45035K(494976K), 0.0020934 secs] [Times: user=0.00 sys=0.00, real=0.00 secs] 
2019-06-10T16:14:30.285+0000: 42.506: [GC (Allocation Failure) 2019-06-10T16:14:30.285+0000: 42.506: [DefNew: 136796K->226K(153600K), 0.0021044 secs] 181611K->45041K(494976K), 0.0021652 secs] [Times: user=0.00 sys=0.00, real=0.00 secs] 
2019-06-10T16:14:33.675+0000: 45.896: [GC (Allocation Failure) 2019-06-10T16:14:33.675+0000: 45.896: [DefNew: 136802K->219K(153600K), 0.0020494 secs] 181617K->45034K(494976K), 0.0021204 secs] [Times: user=0.00 sys=0.00, real=0.00 secs] 
2019-06-10T16:14:37.034+0000: 49.254: [GC (Allocation Failure) 2019-06-10T16:14:37.034+0000: 49.254: [DefNew: 136795K->220K(153600K), 0.0020139 secs] 181610K->45035K(494976K), 0.0020744 secs] [Times: user=0.00 sys=0.00, real=0.00 secs] 
16:14:47.318 [Curator-PathChildrenCache-0] ERROR o.a.c.f.r.c.PathChildrenCache  - 
java.lang.IllegalStateException: instance must be started before calling this method
	at org.apache.curator.shaded.com.google.common.base.Preconditions.checkState(Preconditions.java:444)
	at org.apache.curator.framework.imps.CuratorFrameworkImpl.getChildren(CuratorFrameworkImpl.java:456)
	at org.apache.curator.framework.recipes.cache.PathChildrenCache.refresh(PathChildrenCache.java:521)
	at org.apache.curator.framework.recipes.cache.RefreshOperation.invoke(RefreshOperation.java:35)
	at org.apache.curator.framework.recipes.cache.PathChildrenCache$9.run(PathChildrenCache.java:786)
	at java.util.concurrent.Executors$RunnableAdapter.call(Executors.java:511)
	at java.util.concurrent.FutureTask.run(FutureTask.java:266)
	at java.util.concurrent.Executors$RunnableAdapter.call(Executors.java:511)
	at java.util.concurrent.FutureTask.run(FutureTask.java:266)
	at java.util.concurrent.ThreadPoolExecutor.runWorker(ThreadPoolExecutor.java:1149)
	at java.util.concurrent.ThreadPoolExecutor$Worker.run(ThreadPoolExecutor.java:624)
	at java.lang.Thread.run(Thread.java:748)
Heap
 def new generation   total 153600K, used 79873K [0x00000000e0c00000, 0x00000000eb2a0000, 0x00000000eb2a0000)
  eden space 136576K,  58% used [0x00000000e0c00000, 0x00000000e59c93b8, 0x00000000e9160000)
  from space 17024K,   1% used [0x00000000e9160000, 0x00000000e91971b0, 0x00000000ea200000)
  to   space 17024K,   0% used [0x00000000ea200000, 0x00000000ea200000, 0x00000000eb2a0000)
 tenured generation   total 341376K, used 44814K [0x00000000eb2a0000, 0x0000000100000000, 0x0000000100000000)
   the space 341376K,  13% used [0x00000000eb2a0000, 0x00000000ede63bc8, 0x00000000ede63c00, 0x0000000100000000)
 Metaspace       used 35913K, capacity 36866K, committed 37120K, reserved 1081344K
  class space    used 4860K, capacity 5059K, committed 5120K, reserved 1048576K
