19:56:40,763 |-INFO in ch.qos.logback.classic.LoggerContext[default] - Could NOT find resource [logback-test.xml]
19:56:40,764 |-INFO in ch.qos.logback.classic.LoggerContext[default] - Could NOT find resource [logback.groovy]
19:56:40,764 |-INFO in ch.qos.logback.classic.LoggerContext[default] - Found resource [logback.xml] at [jar:file:/root/flamestream/lib/flamestream-runtime-1.0-SNAPSHOT.jar!/logback.xml]
19:56:40,765 |-WARN in ch.qos.logback.classic.LoggerContext[default] - Resource [logback.xml] occurs multiple times on the classpath.
19:56:40,765 |-WARN in ch.qos.logback.classic.LoggerContext[default] - Resource [logback.xml] occurs at [jar:file:/root/flamestream/lib/flamestream-runtime-1.0-SNAPSHOT.jar!/logback.xml]
19:56:40,765 |-WARN in ch.qos.logback.classic.LoggerContext[default] - Resource [logback.xml] occurs at [jar:file:/root/flamestream/flamestream-runtime-1.0-SNAPSHOT.jar!/logback.xml]
19:56:40,785 |-INFO in ch.qos.logback.core.joran.spi.ConfigurationWatchList@3fb6a447 - URL [jar:file:/root/flamestream/lib/flamestream-runtime-1.0-SNAPSHOT.jar!/logback.xml] is not of type file
19:56:40,852 |-INFO in ch.qos.logback.classic.joran.action.ConfigurationAction - debug attribute not set
19:56:40,853 |-INFO in ch.qos.logback.core.joran.action.AppenderAction - About to instantiate appender of type [ch.qos.logback.core.ConsoleAppender]
19:56:40,870 |-INFO in ch.qos.logback.core.joran.action.AppenderAction - Naming appender as [STDOUT]
19:56:40,890 |-INFO in ch.qos.logback.core.joran.action.NestedComplexPropertyIA - Assuming default type [ch.qos.logback.classic.encoder.PatternLayoutEncoder] for [encoder] property
19:56:40,975 |-INFO in ch.qos.logback.core.joran.action.AppenderAction - About to instantiate appender of type [ch.qos.logback.core.rolling.RollingFileAppender]
19:56:40,979 |-INFO in ch.qos.logback.core.joran.action.AppenderAction - Naming appender as [FILE]
19:56:41,009 |-INFO in c.q.l.core.rolling.TimeBasedRollingPolicy@127618319 - No compression will be used
19:56:41,010 |-INFO in c.q.l.core.rolling.TimeBasedRollingPolicy@127618319 - Will use the pattern /tmp/application_%d{yyyy-MM-dd}.%i.log for the active file
19:56:41,013 |-INFO in ch.qos.logback.core.rolling.SizeAndTimeBasedFNATP@6b2fad11 - The date pattern is 'yyyy-MM-dd' from file name pattern '/tmp/application_%d{yyyy-MM-dd}.%i.log'.
19:56:41,013 |-INFO in ch.qos.logback.core.rolling.SizeAndTimeBasedFNATP@6b2fad11 - Roll-over at midnight.
19:56:41,018 |-INFO in ch.qos.logback.core.rolling.SizeAndTimeBasedFNATP@6b2fad11 - Setting initial period to Mon Jun 10 19:55:14 UTC 2019
19:56:41,019 |-WARN in ch.qos.logback.core.rolling.SizeAndTimeBasedFNATP@6b2fad11 - SizeAndTimeBasedFNATP is deprecated. Use SizeAndTimeBasedRollingPolicy instead
19:56:41,019 |-WARN in ch.qos.logback.core.rolling.SizeAndTimeBasedFNATP@6b2fad11 - For more information see http://logback.qos.ch/manual/appenders.html#SizeAndTimeBasedRollingPolicy
19:56:41,022 |-INFO in ch.qos.logback.core.joran.action.NestedComplexPropertyIA - Assuming default type [ch.qos.logback.classic.encoder.PatternLayoutEncoder] for [encoder] property
19:56:41,027 |-INFO in ch.qos.logback.core.rolling.RollingFileAppender[FILE] - Active log file name: /tmp/application.log
19:56:41,027 |-INFO in ch.qos.logback.core.rolling.RollingFileAppender[FILE] - File property is set to [/tmp/application.log]
19:56:41,028 |-INFO in ch.qos.logback.classic.joran.action.RootLoggerAction - Setting level of ROOT logger to WARN
19:56:41,028 |-INFO in ch.qos.logback.core.joran.action.AppenderRefAction - Attaching appender named [STDOUT] to Logger[ROOT]
19:56:41,030 |-INFO in ch.qos.logback.core.joran.action.AppenderRefAction - Attaching appender named [FILE] to Logger[ROOT]
19:56:41,030 |-INFO in ch.qos.logback.classic.joran.action.ConfigurationAction - End of configuration.
19:56:41,031 |-INFO in ch.qos.logback.classic.joran.JoranConfigurator@79698539 - Registering current configuration as safe fallback point

Ama winner
Ama winner
2019-06-10T19:56:42.310+0000: 1.732: [Full GC (Metadata GC Threshold) 2019-06-10T19:56:42.310+0000: 1.732: [Tenured: 0K->15209K(341376K), 0.0392314 secs] 114986K->15209K(494976K), [Metaspace: 20738K->20738K(1067008K)], 0.0392985 secs] [Times: user=0.03 sys=0.01, real=0.03 secs] 
19:56:54.812 [Curator-PathChildrenCache-1] WARN  o.a.c.u.ZKPaths  - The version of ZooKeeper being used doesn't support Container nodes. CreateMode.PERSISTENT will be used instead.
2019-06-10T19:56:56.809+0000: 16.230: [GC (Allocation Failure) 2019-06-10T19:56:56.809+0000: 16.230: [DefNew: 136169K->16763K(153600K), 0.0260258 secs] 151379K->51504K(494976K), 0.0260973 secs] [Times: user=0.01 sys=0.01, real=0.03 secs] 
2019-06-10T19:56:59.316+0000: 18.737: [Full GC (Metadata GC Threshold) 2019-06-10T19:56:59.316+0000: 18.737: [Tenured: 34741K->43594K(341376K), 0.0399949 secs] 90655K->43594K(494976K), [Metaspace: 34593K->34593K(1079296K)], 0.0400681 secs] [Times: user=0.04 sys=0.01, real=0.04 secs] 
2019-06-10T19:57:08.534+0000: 27.955: [GC (Allocation Failure) 2019-06-10T19:57:08.534+0000: 27.955: [DefNew: 136576K->61K(153600K), 0.0018537 secs] 180170K->43655K(494976K), 0.0019145 secs] [Times: user=0.00 sys=0.00, real=0.00 secs] 
2019-06-10T19:57:17.897+0000: 37.319: [GC (Allocation Failure) 2019-06-10T19:57:17.897+0000: 37.319: [DefNew: 136637K->60K(153600K), 0.0016971 secs] 180231K->43654K(494976K), 0.0017600 secs] [Times: user=0.00 sys=0.00, real=0.00 secs] 
2019-06-10T19:57:27.327+0000: 46.748: [GC (Allocation Failure) 2019-06-10T19:57:27.327+0000: 46.748: [DefNew: 136636K->69K(153600K), 0.0017940 secs] 180230K->43663K(494976K), 0.0018571 secs] [Times: user=0.00 sys=0.00, real=0.00 secs] 
2019-06-10T19:57:36.753+0000: 56.175: [GC (Allocation Failure) 2019-06-10T19:57:36.753+0000: 56.175: [DefNew: 136645K->133K(153600K), 0.0018409 secs] 180239K->43727K(494976K), 0.0018962 secs] [Times: user=0.00 sys=0.00, real=0.00 secs] 
2019-06-10T19:57:47.185+0000: 66.607: [GC (Allocation Failure) 2019-06-10T19:57:47.185+0000: 66.607: [DefNew: 136709K->329K(153600K), 0.0022511 secs] 180303K->43923K(494976K), 0.0023134 secs] [Times: user=0.00 sys=0.00, real=0.00 secs] 
2019-06-10T19:57:59.099+0000: 78.520: [GC (Allocation Failure) 2019-06-10T19:57:59.099+0000: 78.521: [DefNew: 136905K->144K(153600K), 0.0020498 secs] 180499K->43738K(494976K), 0.0021123 secs] [Times: user=0.01 sys=0.00, real=0.00 secs] 
19:58:12.291 [Curator-PathChildrenCache-0] ERROR o.a.c.f.r.c.PathChildrenCache  - 
java.lang.IllegalStateException: instance must be started before calling this method
	at org.apache.curator.shaded.com.google.common.base.Preconditions.checkState(Preconditions.java:444)
	at org.apache.curator.framework.imps.CuratorFrameworkImpl.getChildren(CuratorFrameworkImpl.java:456)
	at org.apache.curator.framework.recipes.cache.PathChildrenCache.refresh(PathChildrenCache.java:521)
	at org.apache.curator.framework.recipes.cache.RefreshOperation.invoke(RefreshOperation.java:35)
	at org.apache.curator.framework.recipes.cache.PathChildrenCache$9.run(PathChildrenCache.java:786)
	at java.util.concurrent.Executors$RunnableAdapter.call(Executors.java:511)
	at java.util.concurrent.FutureTask.run(FutureTask.java:266)
	at java.util.concurrent.Executors$RunnableAdapter.call(Executors.java:511)
	at java.util.concurrent.FutureTask.run(FutureTask.java:266)
	at java.util.concurrent.ThreadPoolExecutor.runWorker(ThreadPoolExecutor.java:1149)
	at java.util.concurrent.ThreadPoolExecutor$Worker.run(ThreadPoolExecutor.java:624)
	at java.lang.Thread.run(Thread.java:748)
Heap
 def new generation   total 153600K, used 56168K [0x00000000e0c00000, 0x00000000eb2a0000, 0x00000000eb2a0000)
  eden space 136576K,  41% used [0x00000000e0c00000, 0x00000000e42b6200, 0x00000000e9160000)
  from space 17024K,   0% used [0x00000000ea200000, 0x00000000ea224198, 0x00000000eb2a0000)
  to   space 17024K,   0% used [0x00000000e9160000, 0x00000000e9160000, 0x00000000ea200000)
 tenured generation   total 341376K, used 43594K [0x00000000eb2a0000, 0x0000000100000000, 0x0000000100000000)
   the space 341376K,  12% used [0x00000000eb2a0000, 0x00000000edd32848, 0x00000000edd32a00, 0x0000000100000000)
 Metaspace       used 36177K, capacity 37050K, committed 37376K, reserved 1081344K
  class space    used 4872K, capacity 5073K, committed 5120K, reserved 1048576K
