08:22:47,868 |-INFO in ch.qos.logback.classic.LoggerContext[default] - Could NOT find resource [logback-test.xml]
08:22:47,868 |-INFO in ch.qos.logback.classic.LoggerContext[default] - Could NOT find resource [logback.groovy]
08:22:47,869 |-INFO in ch.qos.logback.classic.LoggerContext[default] - Found resource [logback.xml] at [jar:file:/root/flamestream/lib/flamestream-runtime-1.0-SNAPSHOT.jar!/logback.xml]
08:22:47,869 |-WARN in ch.qos.logback.classic.LoggerContext[default] - Resource [logback.xml] occurs multiple times on the classpath.
08:22:47,870 |-WARN in ch.qos.logback.classic.LoggerContext[default] - Resource [logback.xml] occurs at [jar:file:/root/flamestream/lib/flamestream-runtime-1.0-SNAPSHOT.jar!/logback.xml]
08:22:47,870 |-WARN in ch.qos.logback.classic.LoggerContext[default] - Resource [logback.xml] occurs at [jar:file:/root/flamestream/flamestream-runtime-1.0-SNAPSHOT.jar!/logback.xml]
08:22:47,890 |-INFO in ch.qos.logback.core.joran.spi.ConfigurationWatchList@3fb6a447 - URL [jar:file:/root/flamestream/lib/flamestream-runtime-1.0-SNAPSHOT.jar!/logback.xml] is not of type file
08:22:47,957 |-INFO in ch.qos.logback.classic.joran.action.ConfigurationAction - debug attribute not set
08:22:47,957 |-INFO in ch.qos.logback.core.joran.action.AppenderAction - About to instantiate appender of type [ch.qos.logback.core.ConsoleAppender]
08:22:47,974 |-INFO in ch.qos.logback.core.joran.action.AppenderAction - Naming appender as [STDOUT]
08:22:47,991 |-INFO in ch.qos.logback.core.joran.action.NestedComplexPropertyIA - Assuming default type [ch.qos.logback.classic.encoder.PatternLayoutEncoder] for [encoder] property
08:22:48,077 |-INFO in ch.qos.logback.core.joran.action.AppenderAction - About to instantiate appender of type [ch.qos.logback.core.rolling.RollingFileAppender]
08:22:48,087 |-INFO in ch.qos.logback.core.joran.action.AppenderAction - Naming appender as [FILE]
08:22:48,118 |-INFO in c.q.l.core.rolling.TimeBasedRollingPolicy@127618319 - No compression will be used
08:22:48,119 |-INFO in c.q.l.core.rolling.TimeBasedRollingPolicy@127618319 - Will use the pattern /tmp/application_%d{yyyy-MM-dd}.%i.log for the active file
08:22:48,122 |-INFO in ch.qos.logback.core.rolling.SizeAndTimeBasedFNATP@6b2fad11 - The date pattern is 'yyyy-MM-dd' from file name pattern '/tmp/application_%d{yyyy-MM-dd}.%i.log'.
08:22:48,122 |-INFO in ch.qos.logback.core.rolling.SizeAndTimeBasedFNATP@6b2fad11 - Roll-over at midnight.
08:22:48,127 |-INFO in ch.qos.logback.core.rolling.SizeAndTimeBasedFNATP@6b2fad11 - Setting initial period to Tue Jun 11 08:21:35 UTC 2019
08:22:48,127 |-WARN in ch.qos.logback.core.rolling.SizeAndTimeBasedFNATP@6b2fad11 - SizeAndTimeBasedFNATP is deprecated. Use SizeAndTimeBasedRollingPolicy instead
08:22:48,127 |-WARN in ch.qos.logback.core.rolling.SizeAndTimeBasedFNATP@6b2fad11 - For more information see http://logback.qos.ch/manual/appenders.html#SizeAndTimeBasedRollingPolicy
08:22:48,131 |-INFO in ch.qos.logback.core.joran.action.NestedComplexPropertyIA - Assuming default type [ch.qos.logback.classic.encoder.PatternLayoutEncoder] for [encoder] property
08:22:48,136 |-INFO in ch.qos.logback.core.rolling.RollingFileAppender[FILE] - Active log file name: /tmp/application.log
08:22:48,136 |-INFO in ch.qos.logback.core.rolling.RollingFileAppender[FILE] - File property is set to [/tmp/application.log]
08:22:48,137 |-INFO in ch.qos.logback.classic.joran.action.RootLoggerAction - Setting level of ROOT logger to WARN
08:22:48,137 |-INFO in ch.qos.logback.core.joran.action.AppenderRefAction - Attaching appender named [STDOUT] to Logger[ROOT]
08:22:48,139 |-INFO in ch.qos.logback.core.joran.action.AppenderRefAction - Attaching appender named [FILE] to Logger[ROOT]
08:22:48,139 |-INFO in ch.qos.logback.classic.joran.action.ConfigurationAction - End of configuration.
08:22:48,140 |-INFO in ch.qos.logback.classic.joran.JoranConfigurator@79698539 - Registering current configuration as safe fallback point

Ama winner
Ama winner
2019-06-11T08:22:49.461+0000: 1.783: [Full GC (Metadata GC Threshold) 2019-06-11T08:22:49.461+0000: 1.783: [Tenured: 0K->15210K(341376K), 0.0395038 secs] 114923K->15210K(494976K), [Metaspace: 20733K->20733K(1067008K)], 0.0395668 secs] [Times: user=0.04 sys=0.00, real=0.04 secs] 
08:23:03.181 [Curator-PathChildrenCache-1] WARN  o.a.c.u.ZKPaths  - The version of ZooKeeper being used doesn't support Container nodes. CreateMode.PERSISTENT will be used instead.
2019-06-11T08:23:05.464+0000: 17.786: [GC (Allocation Failure) 2019-06-11T08:23:05.464+0000: 17.786: [DefNew: 136576K->17023K(153600K), 0.0257789 secs] 151786K->52792K(494976K), 0.0258686 secs] [Times: user=0.03 sys=0.00, real=0.03 secs] 
2019-06-11T08:23:11.206+0000: 23.528: [GC (Allocation Failure) 2019-06-11T08:23:11.206+0000: 23.528: [DefNew: 153599K->182K(153600K), 0.0094418 secs] 189368K->44312K(494976K), 0.0095007 secs] [Times: user=0.01 sys=0.00, real=0.02 secs] 
2019-06-11T08:23:13.203+0000: 25.525: [Full GC (Metadata GC Threshold) 2019-06-11T08:23:13.203+0000: 25.525: [Tenured: 44130K->44307K(341376K), 0.0509935 secs] 94689K->44307K(494976K), [Metaspace: 34626K->34626K(1079296K)], 0.0510654 secs] [Times: user=0.05 sys=0.00, real=0.05 secs] 
2019-06-11T08:23:18.847+0000: 31.168: [GC (Allocation Failure) 2019-06-11T08:23:18.847+0000: 31.169: [DefNew: 136576K->49K(153600K), 0.0016308 secs] 180883K->44357K(494976K), 0.0016885 secs] [Times: user=0.00 sys=0.00, real=0.00 secs] 
2019-06-11T08:23:24.500+0000: 36.822: [GC (Allocation Failure) 2019-06-11T08:23:24.500+0000: 36.822: [DefNew: 136625K->48K(153600K), 0.0015422 secs] 180933K->44356K(494976K), 0.0016104 secs] [Times: user=0.00 sys=0.00, real=0.00 secs] 
2019-06-11T08:23:30.150+0000: 42.472: [GC (Allocation Failure) 2019-06-11T08:23:30.150+0000: 42.472: [DefNew: 136624K->80K(153600K), 0.0016079 secs] 180932K->44387K(494976K), 0.0016817 secs] [Times: user=0.00 sys=0.00, real=0.00 secs] 
2019-06-11T08:23:42.229+0000: 54.551: [GC (Allocation Failure) 2019-06-11T08:23:42.229+0000: 54.551: [DefNew: 136656K->119K(153600K), 0.0017483 secs] 180963K->44427K(494976K), 0.0018227 secs] [Times: user=0.00 sys=0.00, real=0.00 secs] 
08:23:45.542 [Curator-PathChildrenCache-0] ERROR o.a.c.f.r.c.PathChildrenCache  - 
java.lang.IllegalStateException: instance must be started before calling this method
	at org.apache.curator.shaded.com.google.common.base.Preconditions.checkState(Preconditions.java:444)
	at org.apache.curator.framework.imps.CuratorFrameworkImpl.getChildren(CuratorFrameworkImpl.java:456)
	at org.apache.curator.framework.recipes.cache.PathChildrenCache.refresh(PathChildrenCache.java:521)
	at org.apache.curator.framework.recipes.cache.RefreshOperation.invoke(RefreshOperation.java:35)
	at org.apache.curator.framework.recipes.cache.PathChildrenCache$9.run(PathChildrenCache.java:786)
	at java.util.concurrent.Executors$RunnableAdapter.call(Executors.java:511)
	at java.util.concurrent.FutureTask.run(FutureTask.java:266)
	at java.util.concurrent.Executors$RunnableAdapter.call(Executors.java:511)
	at java.util.concurrent.FutureTask.run(FutureTask.java:266)
	at java.util.concurrent.ThreadPoolExecutor.runWorker(ThreadPoolExecutor.java:1149)
	at java.util.concurrent.ThreadPoolExecutor$Worker.run(ThreadPoolExecutor.java:624)
	at java.lang.Thread.run(Thread.java:748)
Heap
 def new generation   total 153600K, used 27904K [0x00000000e0c00000, 0x00000000eb2a0000, 0x00000000eb2a0000)
  eden space 136576K,  20% used [0x00000000e0c00000, 0x00000000e27223d8, 0x00000000e9160000)
  from space 17024K,   0% used [0x00000000e9160000, 0x00000000e917de50, 0x00000000ea200000)
  to   space 17024K,   0% used [0x00000000ea200000, 0x00000000ea200000, 0x00000000eb2a0000)
 tenured generation   total 341376K, used 44307K [0x00000000eb2a0000, 0x0000000100000000, 0x0000000100000000)
   the space 341376K,  12% used [0x00000000eb2a0000, 0x00000000edde4dd8, 0x00000000edde4e00, 0x0000000100000000)
 Metaspace       used 35716K, capacity 36640K, committed 36864K, reserved 1081344K
  class space    used 4831K, capacity 5042K, committed 5120K, reserved 1048576K
