23:18:39,527 |-INFO in ch.qos.logback.classic.LoggerContext[default] - Could NOT find resource [logback-test.xml]
23:18:39,527 |-INFO in ch.qos.logback.classic.LoggerContext[default] - Could NOT find resource [logback.groovy]
23:18:39,527 |-INFO in ch.qos.logback.classic.LoggerContext[default] - Found resource [logback.xml] at [jar:file:/home/nikitasokolov/flamestream/lib/flamestream-runtime-1.0-SNAPSHOT.jar!/logback.xml]
23:18:39,528 |-WARN in ch.qos.logback.classic.LoggerContext[default] - Resource [logback.xml] occurs multiple times on the classpath.
23:18:39,528 |-WARN in ch.qos.logback.classic.LoggerContext[default] - Resource [logback.xml] occurs at [jar:file:/home/nikitasokolov/flamestream/lib/flamestream-runtime-1.0-SNAPSHOT.jar!/logback.xml]
23:18:39,528 |-WARN in ch.qos.logback.classic.LoggerContext[default] - Resource [logback.xml] occurs at [jar:file:/home/nikitasokolov/flamestream/flamestream-runtime-1.0-SNAPSHOT.jar!/logback.xml]
23:18:39,544 |-INFO in ch.qos.logback.core.joran.spi.ConfigurationWatchList@6aaa5eb0 - URL [jar:file:/home/nikitasokolov/flamestream/lib/flamestream-runtime-1.0-SNAPSHOT.jar!/logback.xml] is not of type file
23:18:39,596 |-INFO in ch.qos.logback.classic.joran.action.ConfigurationAction - debug attribute not set
23:18:39,596 |-INFO in ch.qos.logback.core.joran.action.AppenderAction - About to instantiate appender of type [ch.qos.logback.core.ConsoleAppender]
23:18:39,604 |-INFO in ch.qos.logback.core.joran.action.AppenderAction - Naming appender as [STDOUT]
23:18:39,611 |-INFO in ch.qos.logback.core.joran.action.NestedComplexPropertyIA - Assuming default type [ch.qos.logback.classic.encoder.PatternLayoutEncoder] for [encoder] property
23:18:39,666 |-INFO in ch.qos.logback.core.joran.action.AppenderAction - About to instantiate appender of type [ch.qos.logback.core.rolling.RollingFileAppender]
23:18:39,672 |-INFO in ch.qos.logback.core.joran.action.AppenderAction - Naming appender as [FILE]
23:18:39,694 |-INFO in c.q.l.core.rolling.TimeBasedRollingPolicy@3447021 - No compression will be used
23:18:39,695 |-INFO in c.q.l.core.rolling.TimeBasedRollingPolicy@3447021 - Will use the pattern /tmp/application_%d{yyyy-MM-dd}.%i.log for the active file
23:18:39,698 |-INFO in ch.qos.logback.core.rolling.SizeAndTimeBasedFNATP@1a407d53 - The date pattern is 'yyyy-MM-dd' from file name pattern '/tmp/application_%d{yyyy-MM-dd}.%i.log'.
23:18:39,698 |-INFO in ch.qos.logback.core.rolling.SizeAndTimeBasedFNATP@1a407d53 - Roll-over at midnight.
23:18:39,702 |-INFO in ch.qos.logback.core.rolling.SizeAndTimeBasedFNATP@1a407d53 - Setting initial period to Thu Jun 06 22:00:24 MSK 2019
23:18:39,702 |-WARN in ch.qos.logback.core.rolling.SizeAndTimeBasedFNATP@1a407d53 - SizeAndTimeBasedFNATP is deprecated. Use SizeAndTimeBasedRollingPolicy instead
23:18:39,702 |-WARN in ch.qos.logback.core.rolling.SizeAndTimeBasedFNATP@1a407d53 - For more information see http://logback.qos.ch/manual/appenders.html#SizeAndTimeBasedRollingPolicy
23:18:39,706 |-INFO in ch.qos.logback.core.joran.action.NestedComplexPropertyIA - Assuming default type [ch.qos.logback.classic.encoder.PatternLayoutEncoder] for [encoder] property
23:18:39,708 |-INFO in ch.qos.logback.core.rolling.RollingFileAppender[FILE] - Active log file name: /tmp/application.log
23:18:39,708 |-INFO in ch.qos.logback.core.rolling.RollingFileAppender[FILE] - File property is set to [/tmp/application.log]
23:18:39,709 |-ERROR in ch.qos.logback.core.rolling.RollingFileAppender[FILE] - openFile(/tmp/application.log,true) call failed. java.io.FileNotFoundException: /tmp/application.log (Permission denied)
	at java.io.FileNotFoundException: /tmp/application.log (Permission denied)
	at 	at java.io.FileOutputStream.open0(Native Method)
	at 	at java.io.FileOutputStream.open(FileOutputStream.java:270)
	at 	at java.io.FileOutputStream.<init>(FileOutputStream.java:213)
	at 	at ch.qos.logback.core.recovery.ResilientFileOutputStream.<init>(ResilientFileOutputStream.java:26)
	at 	at ch.qos.logback.core.FileAppender.openFile(FileAppender.java:204)
	at 	at ch.qos.logback.core.FileAppender.start(FileAppender.java:127)
	at 	at ch.qos.logback.core.rolling.RollingFileAppender.start(RollingFileAppender.java:100)
	at 	at ch.qos.logback.core.joran.action.AppenderAction.end(AppenderAction.java:90)
	at 	at ch.qos.logback.core.joran.spi.Interpreter.callEndAction(Interpreter.java:309)
	at 	at ch.qos.logback.core.joran.spi.Interpreter.endElement(Interpreter.java:193)
	at 	at ch.qos.logback.core.joran.spi.Interpreter.endElement(Interpreter.java:179)
	at 	at ch.qos.logback.core.joran.spi.EventPlayer.play(EventPlayer.java:62)
	at 	at ch.qos.logback.core.joran.GenericConfigurator.doConfigure(GenericConfigurator.java:165)
	at 	at ch.qos.logback.core.joran.GenericConfigurator.doConfigure(GenericConfigurator.java:152)
	at 	at ch.qos.logback.core.joran.GenericConfigurator.doConfigure(GenericConfigurator.java:110)
	at 	at ch.qos.logback.core.joran.GenericConfigurator.doConfigure(GenericConfigurator.java:53)
	at 	at ch.qos.logback.classic.util.ContextInitializer.configureByResource(ContextInitializer.java:75)
	at 	at ch.qos.logback.classic.util.ContextInitializer.autoConfig(ContextInitializer.java:150)
	at 	at org.slf4j.impl.StaticLoggerBinder.init(StaticLoggerBinder.java:84)
	at 	at org.slf4j.impl.StaticLoggerBinder.<clinit>(StaticLoggerBinder.java:55)
	at 	at org.slf4j.LoggerFactory.bind(LoggerFactory.java:150)
	at 	at org.slf4j.LoggerFactory.performInitialization(LoggerFactory.java:124)
	at 	at org.slf4j.LoggerFactory.getILoggerFactory(LoggerFactory.java:412)
	at 	at org.slf4j.LoggerFactory.getLogger(LoggerFactory.java:357)
	at 	at org.slf4j.LoggerFactory.getLogger(LoggerFactory.java:383)
	at 	at com.spbsu.flamestream.runtime.WorkerApplication.<init>(WorkerApplication.java:26)
	at 	at com.spbsu.flamestream.runtime.WorkerApplication.main(WorkerApplication.java:68)
23:18:39,709 |-INFO in ch.qos.logback.classic.joran.action.RootLoggerAction - Setting level of ROOT logger to WARN
23:18:39,709 |-INFO in ch.qos.logback.core.joran.action.AppenderRefAction - Attaching appender named [STDOUT] to Logger[ROOT]
23:18:39,710 |-INFO in ch.qos.logback.core.joran.action.AppenderRefAction - Attaching appender named [FILE] to Logger[ROOT]
23:18:39,710 |-INFO in ch.qos.logback.classic.joran.action.ConfigurationAction - End of configuration.
23:18:39,711 |-INFO in ch.qos.logback.classic.joran.JoranConfigurator@21bcffb5 - Registering current configuration as safe fallback point

Ama winner
Ama winner
2019-06-08T23:18:40.705+0300: 1.375: [GC (Metadata GC Threshold) [PSYoungGen: 92676K->15908K(149504K)] 92676K->15988K(491008K), 0.0179281 secs] [Times: user=0.07 sys=0.01, real=0.01 secs] 
2019-06-08T23:18:40.723+0300: 1.393: [Full GC (Metadata GC Threshold) [PSYoungGen: 15908K->0K(149504K)] [ParOldGen: 80K->15103K(341504K)] 15988K->15103K(491008K), [Metaspace: 20804K->20804K(1067008K)], 0.0247954 secs] [Times: user=0.16 sys=0.01, real=0.03 secs] 
23:18:53.499 [Curator-PathChildrenCache-1] WARN  o.a.c.u.ZKPaths  - The version of ZooKeeper being used doesn't support Container nodes. CreateMode.PERSISTENT will be used instead.
2019-06-08T23:18:54.918+0300: 15.588: [GC (Allocation Failure) [PSYoungGen: 128512K->20971K(149504K)] 143615K->50098K(491008K), 0.0187841 secs] [Times: user=0.17 sys=0.03, real=0.02 secs] 
2019-06-08T23:18:54.980+0300: 15.650: [GC (Metadata GC Threshold) [PSYoungGen: 28556K->20971K(149504K)] 57683K->50266K(491008K), 0.0110317 secs] [Times: user=0.10 sys=0.00, real=0.01 secs] 
2019-06-08T23:18:54.991+0300: 15.661: [Full GC (Metadata GC Threshold) [PSYoungGen: 20971K->0K(149504K)] [ParOldGen: 29295K->39181K(341504K)] 50266K->39181K(491008K), [Metaspace: 34545K->34545K(1079296K)], 0.0460134 secs] [Times: user=0.14 sys=0.04, real=0.05 secs] 
2019-06-08T23:18:56.898+0300: 17.568: [GC (Allocation Failure) [PSYoungGen: 128512K->544K(149504K)] 167693K->39733K(491008K), 0.0025148 secs] [Times: user=0.02 sys=0.00, real=0.00 secs] 
2019-06-08T23:18:58.585+0300: 19.255: [GC (Allocation Failure) [PSYoungGen: 129056K->576K(129536K)] 168245K->39773K(471040K), 0.0027384 secs] [Times: user=0.01 sys=0.00, real=0.00 secs] 
2019-06-08T23:18:59.876+0300: 20.546: [GC (Allocation Failure) [PSYoungGen: 129088K->608K(130048K)] 168285K->39813K(471552K), 0.0033872 secs] [Times: user=0.02 sys=0.00, real=0.00 secs] 
2019-06-08T23:19:00.844+0300: 21.514: [GC (Allocation Failure) [PSYoungGen: 89696K->832K(129536K)] 128901K->40045K(471040K), 0.0029003 secs] [Times: user=0.02 sys=0.00, real=0.00 secs] 
2019-06-08T23:19:01.861+0300: 22.531: [GC (Allocation Failure) [PSYoungGen: 89920K->800K(132608K)] 129133K->40325K(474112K), 0.0034853 secs] [Times: user=0.02 sys=0.00, real=0.01 secs] 
2019-06-08T23:19:02.793+0300: 23.463: [GC (Allocation Failure) [PSYoungGen: 93984K->576K(131072K)] 133509K->40285K(472576K), 0.0022581 secs] [Times: user=0.01 sys=0.01, real=0.00 secs] 
2019-06-08T23:19:03.662+0300: 24.332: [GC (Allocation Failure) [PSYoungGen: 93760K->416K(135680K)] 133469K->40397K(477184K), 0.0018096 secs] [Times: user=0.01 sys=0.00, real=0.01 secs] 
2019-06-08T23:19:04.936+0300: 25.606: [GC (Allocation Failure) [PSYoungGen: 99744K->448K(134144K)] 139725K->40517K(475648K), 0.0035818 secs] [Times: user=0.03 sys=0.01, real=0.00 secs] 
2019-06-08T23:19:06.098+0300: 26.768: [GC (Allocation Failure) [PSYoungGen: 99776K->480K(138240K)] 139845K->40549K(479744K), 0.0024112 secs] [Times: user=0.02 sys=0.00, real=0.00 secs] 
2019-06-08T23:19:07.400+0300: 28.070: [GC (Allocation Failure) [PSYoungGen: 104928K->480K(136704K)] 144997K->40549K(478208K), 0.0025763 secs] [Times: user=0.01 sys=0.01, real=0.00 secs] 
2019-06-08T23:19:07.985+0300: 28.655: [GC (Allocation Failure) [PSYoungGen: 104928K->448K(141312K)] 144997K->40525K(482816K), 0.0019205 secs] [Times: user=0.01 sys=0.00, real=0.00 secs] 
2019-06-08T23:19:08.687+0300: 29.356: [GC (Allocation Failure) [PSYoungGen: 111040K->544K(139776K)] 151117K->40621K(481280K), 0.0707468 secs] [Times: user=0.01 sys=0.00, real=0.07 secs] 
2019-06-08T23:19:09.514+0300: 30.184: [GC (Allocation Failure) [PSYoungGen: 111136K->640K(144384K)] 151213K->40725K(485888K), 0.0024905 secs] [Times: user=0.01 sys=0.00, real=0.00 secs] 
2019-06-08T23:19:10.701+0300: 31.371: [GC (Allocation Failure) [PSYoungGen: 117376K->544K(142848K)] 157461K->40629K(484352K), 0.0022422 secs] [Times: user=0.01 sys=0.00, real=0.00 secs] 
2019-06-08T23:19:11.825+0300: 32.495: [GC (Allocation Failure) [PSYoungGen: 117280K->608K(147456K)] 157365K->40701K(488960K), 0.0027284 secs] [Times: user=0.01 sys=0.00, real=0.00 secs] 
2019-06-08T23:19:12.867+0300: 33.537: [GC (Allocation Failure) [PSYoungGen: 123488K->960K(145920K)] 163581K->41053K(487424K), 0.0021284 secs] [Times: user=0.01 sys=0.00, real=0.00 secs] 
2019-06-08T23:19:14.138+0300: 34.808: [GC (Allocation Failure) [PSYoungGen: 123840K->576K(150528K)] 163933K->40677K(492032K), 0.0031666 secs] [Times: user=0.02 sys=0.00, real=0.00 secs] 
2019-06-08T23:19:15.637+0300: 36.307: [GC (Allocation Failure) [PSYoungGen: 129600K->640K(148992K)] 169701K->40749K(490496K), 0.0025478 secs] [Times: user=0.01 sys=0.01, real=0.00 secs] 
2019-06-08T23:19:16.953+0300: 37.623: [GC (Allocation Failure) [PSYoungGen: 129664K->640K(152576K)] 169773K->40749K(494080K), 0.0032417 secs] [Times: user=0.02 sys=0.01, real=0.00 secs] 
2019-06-08T23:19:18.306+0300: 38.976: [GC (Allocation Failure) [PSYoungGen: 134272K->704K(151552K)] 174381K->40813K(493056K), 0.0029070 secs] [Times: user=0.01 sys=0.00, real=0.00 secs] 
2019-06-08T23:19:19.896+0300: 40.566: [GC (Allocation Failure) [PSYoungGen: 134336K->736K(155136K)] 174445K->40845K(496640K), 0.0025464 secs] [Times: user=0.01 sys=0.00, real=0.00 secs] 
2019-06-08T23:19:22.631+0300: 43.301: [GC (Allocation Failure) [PSYoungGen: 139488K->800K(154112K)] 179597K->40973K(495616K), 0.0024015 secs] [Times: user=0.01 sys=0.00, real=0.01 secs] 
23:19:31.480 [Curator-PathChildrenCache-0] ERROR o.a.c.f.r.c.PathChildrenCache  - 
java.lang.IllegalStateException: instance must be started before calling this method
	at org.apache.curator.shaded.com.google.common.base.Preconditions.checkState(Preconditions.java:444)
	at org.apache.curator.framework.imps.CuratorFrameworkImpl.getChildren(CuratorFrameworkImpl.java:456)
	at org.apache.curator.framework.recipes.cache.PathChildrenCache.refresh(PathChildrenCache.java:521)
	at org.apache.curator.framework.recipes.cache.RefreshOperation.invoke(RefreshOperation.java:35)
	at org.apache.curator.framework.recipes.cache.PathChildrenCache$9.run(PathChildrenCache.java:786)
	at java.util.concurrent.Executors$RunnableAdapter.call(Executors.java:511)
	at java.util.concurrent.FutureTask.run(FutureTask.java:266)
	at java.util.concurrent.Executors$RunnableAdapter.call(Executors.java:511)
	at java.util.concurrent.FutureTask.run(FutureTask.java:266)
	at java.util.concurrent.ThreadPoolExecutor.runWorker(ThreadPoolExecutor.java:1149)
	at java.util.concurrent.ThreadPoolExecutor$Worker.run(ThreadPoolExecutor.java:624)
	at java.lang.Thread.run(Thread.java:748)
23:19:32.577 [worker-akka.actor.default-dispatcher-8] ERROR c.s.f.r.WorkerApplication  - Something went wrong during trace flush
java.nio.file.AccessDeniedException: /tmp/trace.csv
	at sun.nio.fs.UnixException.translateToIOException(UnixException.java:84)
	at sun.nio.fs.UnixException.rethrowAsIOException(UnixException.java:102)
	at sun.nio.fs.UnixException.rethrowAsIOException(UnixException.java:107)
	at sun.nio.fs.UnixFileSystemProvider.newByteChannel(UnixFileSystemProvider.java:214)
	at java.nio.file.spi.FileSystemProvider.newOutputStream(FileSystemProvider.java:434)
	at java.nio.file.Files.newOutputStream(Files.java:216)
	at java.nio.file.Files.newBufferedWriter(Files.java:2860)
	at java.nio.file.Files.newBufferedWriter(Files.java:2896)
	at com.spbsu.flamestream.runtime.utils.tracing.Tracing.flush(Tracing.java:35)
	at com.spbsu.flamestream.runtime.WorkerApplication.lambda$run$0(WorkerApplication.java:109)
	at akka.actor.ActorSystemImpl$TerminationCallbacks$$anonfun$addRec$1$1.applyOrElse(ActorSystem.scala:1036)
	at akka.actor.ActorSystemImpl$TerminationCallbacks$$anonfun$addRec$1$1.applyOrElse(ActorSystem.scala:1036)
	at scala.concurrent.Future$$anonfun$andThen$1.apply(Future.scala:436)
	at scala.concurrent.Future$$anonfun$andThen$1.apply(Future.scala:435)
	at scala.concurrent.impl.CallbackRunnable.run(Promise.scala:36)
	at akka.dispatch.BatchingExecutor$AbstractBatch.processBatch(BatchingExecutor.scala:55)
	at akka.dispatch.BatchingExecutor$BlockableBatch$$anonfun$run$1.apply$mcV$sp(BatchingExecutor.scala:91)
	at akka.dispatch.BatchingExecutor$BlockableBatch$$anonfun$run$1.apply(BatchingExecutor.scala:91)
	at akka.dispatch.BatchingExecutor$BlockableBatch$$anonfun$run$1.apply(BatchingExecutor.scala:91)
	at scala.concurrent.BlockContext$.withBlockContext(BlockContext.scala:72)
	at akka.dispatch.BatchingExecutor$BlockableBatch.run(BatchingExecutor.scala:90)
	at akka.dispatch.TaskInvocation.run(AbstractDispatcher.scala:40)
	at akka.dispatch.ForkJoinExecutorConfigurator$AkkaForkJoinTask.exec(ForkJoinExecutorConfigurator.scala:44)
	at akka.dispatch.forkjoin.ForkJoinTask.doExec(ForkJoinTask.java:260)
	at akka.dispatch.forkjoin.ForkJoinPool$WorkQueue.runTask(ForkJoinPool.java:1339)
	at akka.dispatch.forkjoin.ForkJoinPool.runWorker(ForkJoinPool.java:1979)
	at akka.dispatch.forkjoin.ForkJoinWorkerThread.run(ForkJoinWorkerThread.java:107)
Heap
 PSYoungGen      total 154112K, used 22582K [0x00000000f5980000, 0x0000000100000000, 0x0000000100000000)
  eden space 138752K, 15% used [0x00000000f5980000,0x00000000f6ec5a38,0x00000000fe100000)
  from space 15360K, 5% used [0x00000000fe100000,0x00000000fe1c8080,0x00000000ff000000)
  to   space 14336K, 0% used [0x00000000ff200000,0x00000000ff200000,0x0000000100000000)
 ParOldGen       total 341504K, used 40173K [0x00000000e0c00000, 0x00000000f5980000, 0x00000000f5980000)
  object space 341504K, 11% used [0x00000000e0c00000,0x00000000e333b4f0,0x00000000f5980000)
 Metaspace       used 35865K, capacity 36752K, committed 36952K, reserved 1081344K
  class space    used 4929K, capacity 5128K, committed 5248K, reserved 1048576K
