20:17:26,198 |-INFO in ch.qos.logback.classic.LoggerContext[default] - Could NOT find resource [logback-test.xml]
20:17:26,198 |-INFO in ch.qos.logback.classic.LoggerContext[default] - Could NOT find resource [logback.groovy]
20:17:26,198 |-INFO in ch.qos.logback.classic.LoggerContext[default] - Found resource [logback.xml] at [jar:file:/root/flamestream/lib/flamestream-runtime-1.0-SNAPSHOT.jar!/logback.xml]
20:17:26,199 |-WARN in ch.qos.logback.classic.LoggerContext[default] - Resource [logback.xml] occurs multiple times on the classpath.
20:17:26,199 |-WARN in ch.qos.logback.classic.LoggerContext[default] - Resource [logback.xml] occurs at [jar:file:/root/flamestream/lib/flamestream-runtime-1.0-SNAPSHOT.jar!/logback.xml]
20:17:26,199 |-WARN in ch.qos.logback.classic.LoggerContext[default] - Resource [logback.xml] occurs at [jar:file:/root/flamestream/flamestream-runtime-1.0-SNAPSHOT.jar!/logback.xml]
20:17:26,218 |-INFO in ch.qos.logback.core.joran.spi.ConfigurationWatchList@3fb6a447 - URL [jar:file:/root/flamestream/lib/flamestream-runtime-1.0-SNAPSHOT.jar!/logback.xml] is not of type file
20:17:26,291 |-INFO in ch.qos.logback.classic.joran.action.ConfigurationAction - debug attribute not set
20:17:26,291 |-INFO in ch.qos.logback.core.joran.action.AppenderAction - About to instantiate appender of type [ch.qos.logback.core.ConsoleAppender]
20:17:26,306 |-INFO in ch.qos.logback.core.joran.action.AppenderAction - Naming appender as [STDOUT]
20:17:26,322 |-INFO in ch.qos.logback.core.joran.action.NestedComplexPropertyIA - Assuming default type [ch.qos.logback.classic.encoder.PatternLayoutEncoder] for [encoder] property
20:17:26,408 |-INFO in ch.qos.logback.core.joran.action.AppenderAction - About to instantiate appender of type [ch.qos.logback.core.rolling.RollingFileAppender]
20:17:26,413 |-INFO in ch.qos.logback.core.joran.action.AppenderAction - Naming appender as [FILE]
20:17:26,445 |-INFO in c.q.l.core.rolling.TimeBasedRollingPolicy@127618319 - No compression will be used
20:17:26,446 |-INFO in c.q.l.core.rolling.TimeBasedRollingPolicy@127618319 - Will use the pattern /tmp/application_%d{yyyy-MM-dd}.%i.log for the active file
20:17:26,449 |-INFO in ch.qos.logback.core.rolling.SizeAndTimeBasedFNATP@6b2fad11 - The date pattern is 'yyyy-MM-dd' from file name pattern '/tmp/application_%d{yyyy-MM-dd}.%i.log'.
20:17:26,449 |-INFO in ch.qos.logback.core.rolling.SizeAndTimeBasedFNATP@6b2fad11 - Roll-over at midnight.
20:17:26,454 |-INFO in ch.qos.logback.core.rolling.SizeAndTimeBasedFNATP@6b2fad11 - Setting initial period to Mon Jun 10 20:15:57 UTC 2019
20:17:26,454 |-WARN in ch.qos.logback.core.rolling.SizeAndTimeBasedFNATP@6b2fad11 - SizeAndTimeBasedFNATP is deprecated. Use SizeAndTimeBasedRollingPolicy instead
20:17:26,454 |-WARN in ch.qos.logback.core.rolling.SizeAndTimeBasedFNATP@6b2fad11 - For more information see http://logback.qos.ch/manual/appenders.html#SizeAndTimeBasedRollingPolicy
20:17:26,458 |-INFO in ch.qos.logback.core.joran.action.NestedComplexPropertyIA - Assuming default type [ch.qos.logback.classic.encoder.PatternLayoutEncoder] for [encoder] property
20:17:26,463 |-INFO in ch.qos.logback.core.rolling.RollingFileAppender[FILE] - Active log file name: /tmp/application.log
20:17:26,463 |-INFO in ch.qos.logback.core.rolling.RollingFileAppender[FILE] - File property is set to [/tmp/application.log]
20:17:26,464 |-INFO in ch.qos.logback.classic.joran.action.RootLoggerAction - Setting level of ROOT logger to WARN
20:17:26,464 |-INFO in ch.qos.logback.core.joran.action.AppenderRefAction - Attaching appender named [STDOUT] to Logger[ROOT]
20:17:26,466 |-INFO in ch.qos.logback.core.joran.action.AppenderRefAction - Attaching appender named [FILE] to Logger[ROOT]
20:17:26,466 |-INFO in ch.qos.logback.classic.joran.action.ConfigurationAction - End of configuration.
20:17:26,466 |-INFO in ch.qos.logback.classic.joran.JoranConfigurator@79698539 - Registering current configuration as safe fallback point

Ama winner
Ama winner
2019-06-10T20:17:27.743+0000: 1.733: [Full GC (Metadata GC Threshold) 2019-06-10T20:17:27.743+0000: 1.733: [Tenured: 0K->15241K(341376K), 0.0394324 secs] 117751K->15241K(494976K), [Metaspace: 20734K->20734K(1067008K)], 0.0394993 secs] [Times: user=0.03 sys=0.00, real=0.04 secs] 
20:17:43.832 [Curator-PathChildrenCache-1] WARN  o.a.c.u.ZKPaths  - The version of ZooKeeper being used doesn't support Container nodes. CreateMode.PERSISTENT will be used instead.
2019-06-10T20:17:46.197+0000: 20.187: [GC (Allocation Failure) 2019-06-10T20:17:46.197+0000: 20.187: [DefNew: 136576K->17023K(153600K), 0.0274808 secs] 151817K->52726K(494976K), 0.0275438 secs] [Times: user=0.01 sys=0.01, real=0.03 secs] 
2019-06-10T20:17:47.568+0000: 21.558: [Full GC (Metadata GC Threshold) 2019-06-10T20:17:47.568+0000: 21.558: [Tenured: 35702K->44202K(341376K), 0.0400830 secs] 84838K->44202K(494976K), [Metaspace: 34607K->34607K(1079296K)], 0.0401582 secs] [Times: user=0.04 sys=0.00, real=0.04 secs] 
2019-06-10T20:17:54.234+0000: 28.224: [GC (Allocation Failure) 2019-06-10T20:17:54.234+0000: 28.224: [DefNew: 136576K->74K(153600K), 0.0019008 secs] 180778K->44276K(494976K), 0.0019598 secs] [Times: user=0.00 sys=0.00, real=0.00 secs] 
2019-06-10T20:18:00.938+0000: 34.928: [GC (Allocation Failure) 2019-06-10T20:18:00.938+0000: 34.928: [DefNew: 136650K->144K(153600K), 0.0017822 secs] 180852K->44346K(494976K), 0.0018436 secs] [Times: user=0.00 sys=0.00, real=0.00 secs] 
2019-06-10T20:18:07.656+0000: 41.646: [GC (Allocation Failure) 2019-06-10T20:18:07.656+0000: 41.646: [DefNew: 136720K->138K(153600K), 0.0018761 secs] 180922K->44340K(494976K), 0.0019387 secs] [Times: user=0.00 sys=0.00, real=0.00 secs] 
2019-06-10T20:18:14.486+0000: 48.476: [GC (Allocation Failure) 2019-06-10T20:18:14.486+0000: 48.476: [DefNew: 136714K->141K(153600K), 0.0018529 secs] 180916K->44343K(494976K), 0.0019143 secs] [Times: user=0.00 sys=0.00, real=0.00 secs] 
2019-06-10T20:18:21.256+0000: 55.246: [GC (Allocation Failure) 2019-06-10T20:18:21.256+0000: 55.246: [DefNew: 136717K->137K(153600K), 0.0018105 secs] 180919K->44339K(494976K), 0.0018723 secs] [Times: user=0.00 sys=0.00, real=0.00 secs] 
20:18:30.503 [Curator-PathChildrenCache-0] ERROR o.a.c.f.r.c.PathChildrenCache  - 
java.lang.IllegalStateException: instance must be started before calling this method
	at org.apache.curator.shaded.com.google.common.base.Preconditions.checkState(Preconditions.java:444)
	at org.apache.curator.framework.imps.CuratorFrameworkImpl.getChildren(CuratorFrameworkImpl.java:456)
	at org.apache.curator.framework.recipes.cache.PathChildrenCache.refresh(PathChildrenCache.java:521)
	at org.apache.curator.framework.recipes.cache.RefreshOperation.invoke(RefreshOperation.java:35)
	at org.apache.curator.framework.recipes.cache.PathChildrenCache$9.run(PathChildrenCache.java:786)
	at java.util.concurrent.Executors$RunnableAdapter.call(Executors.java:511)
	at java.util.concurrent.FutureTask.run(FutureTask.java:266)
	at java.util.concurrent.Executors$RunnableAdapter.call(Executors.java:511)
	at java.util.concurrent.FutureTask.run(FutureTask.java:266)
	at java.util.concurrent.ThreadPoolExecutor.runWorker(ThreadPoolExecutor.java:1149)
	at java.util.concurrent.ThreadPoolExecutor$Worker.run(ThreadPoolExecutor.java:624)
	at java.lang.Thread.run(Thread.java:748)
Heap
 def new generation   total 153600K, used 83074K [0x00000000e0c00000, 0x00000000eb2a0000, 0x00000000eb2a0000)
  eden space 136576K,  60% used [0x00000000e0c00000, 0x00000000e5cfe508, 0x00000000e9160000)
  from space 17024K,   0% used [0x00000000e9160000, 0x00000000e91826c8, 0x00000000ea200000)
  to   space 17024K,   0% used [0x00000000ea200000, 0x00000000ea200000, 0x00000000eb2a0000)
 tenured generation   total 341376K, used 44202K [0x00000000eb2a0000, 0x0000000100000000, 0x0000000100000000)
   the space 341376K,  12% used [0x00000000eb2a0000, 0x00000000eddca8a0, 0x00000000eddcaa00, 0x0000000100000000)
 Metaspace       used 36152K, capacity 37076K, committed 37376K, reserved 1081344K
  class space    used 4876K, capacity 5088K, committed 5120K, reserved 1048576K
