14:53:50,489 |-INFO in ch.qos.logback.classic.LoggerContext[default] - Could NOT find resource [logback-test.xml]
14:53:50,489 |-INFO in ch.qos.logback.classic.LoggerContext[default] - Could NOT find resource [logback.groovy]
14:53:50,489 |-INFO in ch.qos.logback.classic.LoggerContext[default] - Found resource [logback.xml] at [jar:file:/root/flamestream/lib/flamestream-runtime-1.0-SNAPSHOT.jar!/logback.xml]
14:53:50,490 |-WARN in ch.qos.logback.classic.LoggerContext[default] - Resource [logback.xml] occurs multiple times on the classpath.
14:53:50,490 |-WARN in ch.qos.logback.classic.LoggerContext[default] - Resource [logback.xml] occurs at [jar:file:/root/flamestream/lib/flamestream-runtime-1.0-SNAPSHOT.jar!/logback.xml]
14:53:50,490 |-WARN in ch.qos.logback.classic.LoggerContext[default] - Resource [logback.xml] occurs at [jar:file:/root/flamestream/flamestream-runtime-1.0-SNAPSHOT.jar!/logback.xml]
14:53:50,509 |-INFO in ch.qos.logback.core.joran.spi.ConfigurationWatchList@3fb6a447 - URL [jar:file:/root/flamestream/lib/flamestream-runtime-1.0-SNAPSHOT.jar!/logback.xml] is not of type file
14:53:50,577 |-INFO in ch.qos.logback.classic.joran.action.ConfigurationAction - debug attribute not set
14:53:50,578 |-INFO in ch.qos.logback.core.joran.action.AppenderAction - About to instantiate appender of type [ch.qos.logback.core.ConsoleAppender]
14:53:50,594 |-INFO in ch.qos.logback.core.joran.action.AppenderAction - Naming appender as [STDOUT]
14:53:50,614 |-INFO in ch.qos.logback.core.joran.action.NestedComplexPropertyIA - Assuming default type [ch.qos.logback.classic.encoder.PatternLayoutEncoder] for [encoder] property
14:53:50,711 |-INFO in ch.qos.logback.core.joran.action.AppenderAction - About to instantiate appender of type [ch.qos.logback.core.rolling.RollingFileAppender]
14:53:50,723 |-INFO in ch.qos.logback.core.joran.action.AppenderAction - Naming appender as [FILE]
14:53:50,749 |-INFO in c.q.l.core.rolling.TimeBasedRollingPolicy@127618319 - No compression will be used
14:53:50,750 |-INFO in c.q.l.core.rolling.TimeBasedRollingPolicy@127618319 - Will use the pattern /tmp/application_%d{yyyy-MM-dd}.%i.log for the active file
14:53:50,753 |-INFO in ch.qos.logback.core.rolling.SizeAndTimeBasedFNATP@6b2fad11 - The date pattern is 'yyyy-MM-dd' from file name pattern '/tmp/application_%d{yyyy-MM-dd}.%i.log'.
14:53:50,753 |-INFO in ch.qos.logback.core.rolling.SizeAndTimeBasedFNATP@6b2fad11 - Roll-over at midnight.
14:53:50,758 |-INFO in ch.qos.logback.core.rolling.SizeAndTimeBasedFNATP@6b2fad11 - Setting initial period to Mon Jun 10 14:52:34 UTC 2019
14:53:50,759 |-WARN in ch.qos.logback.core.rolling.SizeAndTimeBasedFNATP@6b2fad11 - SizeAndTimeBasedFNATP is deprecated. Use SizeAndTimeBasedRollingPolicy instead
14:53:50,759 |-WARN in ch.qos.logback.core.rolling.SizeAndTimeBasedFNATP@6b2fad11 - For more information see http://logback.qos.ch/manual/appenders.html#SizeAndTimeBasedRollingPolicy
14:53:50,763 |-INFO in ch.qos.logback.core.joran.action.NestedComplexPropertyIA - Assuming default type [ch.qos.logback.classic.encoder.PatternLayoutEncoder] for [encoder] property
14:53:50,768 |-INFO in ch.qos.logback.core.rolling.RollingFileAppender[FILE] - Active log file name: /tmp/application.log
14:53:50,768 |-INFO in ch.qos.logback.core.rolling.RollingFileAppender[FILE] - File property is set to [/tmp/application.log]
14:53:50,769 |-INFO in ch.qos.logback.classic.joran.action.RootLoggerAction - Setting level of ROOT logger to WARN
14:53:50,769 |-INFO in ch.qos.logback.core.joran.action.AppenderRefAction - Attaching appender named [STDOUT] to Logger[ROOT]
14:53:50,771 |-INFO in ch.qos.logback.core.joran.action.AppenderRefAction - Attaching appender named [FILE] to Logger[ROOT]
14:53:50,771 |-INFO in ch.qos.logback.classic.joran.action.ConfigurationAction - End of configuration.
14:53:50,771 |-INFO in ch.qos.logback.classic.joran.JoranConfigurator@79698539 - Registering current configuration as safe fallback point

Ama winner
Ama winner
2019-06-10T14:53:52.018+0000: 1.713: [Full GC (Metadata GC Threshold) 2019-06-10T14:53:52.018+0000: 1.713: [Tenured: 0K->15240K(341376K), 0.0367470 secs] 117750K->15240K(494976K), [Metaspace: 20729K->20729K(1067008K)], 0.0368178 secs] [Times: user=0.03 sys=0.01, real=0.04 secs] 
14:54:06.133 [Curator-PathChildrenCache-1] WARN  o.a.c.u.ZKPaths  - The version of ZooKeeper being used doesn't support Container nodes. CreateMode.PERSISTENT will be used instead.
2019-06-10T14:54:08.441+0000: 18.136: [GC (Allocation Failure) 2019-06-10T14:54:08.441+0000: 18.136: [DefNew: 136576K->17023K(153600K), 0.0271986 secs] 151816K->52645K(494976K), 0.0272706 secs] [Times: user=0.03 sys=0.00, real=0.02 secs] 
2019-06-10T14:54:12.755+0000: 22.450: [Full GC (Metadata GC Threshold) 2019-06-10T14:54:12.755+0000: 22.450: [Tenured: 35621K->44208K(341376K), 0.0532305 secs] 139460K->44208K(494976K), [Metaspace: 34610K->34610K(1079296K)], 0.0533036 secs] [Times: user=0.05 sys=0.01, real=0.05 secs] 
2019-06-10T14:54:19.314+0000: 29.009: [GC (Allocation Failure) 2019-06-10T14:54:19.314+0000: 29.009: [DefNew: 136576K->89K(153600K), 0.0017794 secs] 180784K->44297K(494976K), 0.0018476 secs] [Times: user=0.01 sys=0.00, real=0.00 secs] 
2019-06-10T14:54:25.893+0000: 35.588: [GC (Allocation Failure) 2019-06-10T14:54:25.893+0000: 35.588: [DefNew: 136665K->126K(153600K), 0.0017893 secs] 180873K->44334K(494976K), 0.0018501 secs] [Times: user=0.00 sys=0.00, real=0.00 secs] 
2019-06-10T14:54:32.400+0000: 42.095: [GC (Allocation Failure) 2019-06-10T14:54:32.400+0000: 42.095: [DefNew: 136702K->152K(153600K), 0.0017290 secs] 180910K->44361K(494976K), 0.0018105 secs] [Times: user=0.01 sys=0.00, real=0.00 secs] 
2019-06-10T14:54:38.976+0000: 48.671: [GC (Allocation Failure) 2019-06-10T14:54:38.976+0000: 48.671: [DefNew: 136728K->153K(153600K), 0.0017475 secs] 180937K->44362K(494976K), 0.0018081 secs] [Times: user=0.00 sys=0.00, real=0.00 secs] 
2019-06-10T14:54:45.667+0000: 55.362: [GC (Allocation Failure) 2019-06-10T14:54:45.667+0000: 55.362: [DefNew: 136729K->153K(153600K), 0.0017723 secs] 180938K->44362K(494976K), 0.0018349 secs] [Times: user=0.00 sys=0.00, real=0.00 secs] 
14:54:53.659 [Curator-PathChildrenCache-0] ERROR o.a.c.f.r.c.PathChildrenCache  - 
java.lang.IllegalStateException: instance must be started before calling this method
	at org.apache.curator.shaded.com.google.common.base.Preconditions.checkState(Preconditions.java:444)
	at org.apache.curator.framework.imps.CuratorFrameworkImpl.getChildren(CuratorFrameworkImpl.java:456)
	at org.apache.curator.framework.recipes.cache.PathChildrenCache.refresh(PathChildrenCache.java:521)
	at org.apache.curator.framework.recipes.cache.RefreshOperation.invoke(RefreshOperation.java:35)
	at org.apache.curator.framework.recipes.cache.PathChildrenCache$9.run(PathChildrenCache.java:786)
	at java.util.concurrent.Executors$RunnableAdapter.call(Executors.java:511)
	at java.util.concurrent.FutureTask.run(FutureTask.java:266)
	at java.util.concurrent.Executors$RunnableAdapter.call(Executors.java:511)
	at java.util.concurrent.FutureTask.run(FutureTask.java:266)
	at java.util.concurrent.ThreadPoolExecutor.runWorker(ThreadPoolExecutor.java:1149)
	at java.util.concurrent.ThreadPoolExecutor$Worker.run(ThreadPoolExecutor.java:624)
	at java.lang.Thread.run(Thread.java:748)
Heap
 def new generation   total 153600K, used 68113K [0x00000000e0c00000, 0x00000000eb2a0000, 0x00000000eb2a0000)
  eden space 136576K,  49% used [0x00000000e0c00000, 0x00000000e4e5e020, 0x00000000e9160000)
  from space 17024K,   0% used [0x00000000e9160000, 0x00000000e9186648, 0x00000000ea200000)
  to   space 17024K,   0% used [0x00000000ea200000, 0x00000000ea200000, 0x00000000eb2a0000)
 tenured generation   total 341376K, used 44208K [0x00000000eb2a0000, 0x0000000100000000, 0x0000000100000000)
   the space 341376K,  12% used [0x00000000eb2a0000, 0x00000000eddcc208, 0x00000000eddcc400, 0x0000000100000000)
 Metaspace       used 36147K, capacity 37056K, committed 37376K, reserved 1081344K
  class space    used 4855K, capacity 5074K, committed 5120K, reserved 1048576K
