13:29:36,374 |-INFO in ch.qos.logback.classic.LoggerContext[default] - Could NOT find resource [logback-test.xml]
13:29:36,375 |-INFO in ch.qos.logback.classic.LoggerContext[default] - Could NOT find resource [logback.groovy]
13:29:36,375 |-INFO in ch.qos.logback.classic.LoggerContext[default] - Found resource [logback.xml] at [jar:file:/home/nikitasokolov/flamestream/lib/flamestream-runtime-1.0-SNAPSHOT.jar!/logback.xml]
13:29:36,375 |-WARN in ch.qos.logback.classic.LoggerContext[default] - Resource [logback.xml] occurs multiple times on the classpath.
13:29:36,376 |-WARN in ch.qos.logback.classic.LoggerContext[default] - Resource [logback.xml] occurs at [jar:file:/home/nikitasokolov/flamestream/lib/flamestream-runtime-1.0-SNAPSHOT.jar!/logback.xml]
13:29:36,376 |-WARN in ch.qos.logback.classic.LoggerContext[default] - Resource [logback.xml] occurs at [jar:file:/home/nikitasokolov/flamestream/flamestream-runtime-1.0-SNAPSHOT.jar!/logback.xml]
13:29:36,392 |-INFO in ch.qos.logback.core.joran.spi.ConfigurationWatchList@6108b2d7 - URL [jar:file:/home/nikitasokolov/flamestream/lib/flamestream-runtime-1.0-SNAPSHOT.jar!/logback.xml] is not of type file
13:29:36,442 |-INFO in ch.qos.logback.classic.joran.action.ConfigurationAction - debug attribute not set
13:29:36,443 |-INFO in ch.qos.logback.core.joran.action.AppenderAction - About to instantiate appender of type [ch.qos.logback.core.ConsoleAppender]
13:29:36,451 |-INFO in ch.qos.logback.core.joran.action.AppenderAction - Naming appender as [STDOUT]
13:29:36,459 |-INFO in ch.qos.logback.core.joran.action.NestedComplexPropertyIA - Assuming default type [ch.qos.logback.classic.encoder.PatternLayoutEncoder] for [encoder] property
13:29:36,516 |-INFO in ch.qos.logback.core.joran.action.AppenderAction - About to instantiate appender of type [ch.qos.logback.core.rolling.RollingFileAppender]
13:29:36,522 |-INFO in ch.qos.logback.core.joran.action.AppenderAction - Naming appender as [FILE]
13:29:36,544 |-INFO in c.q.l.core.rolling.TimeBasedRollingPolicy@357863579 - No compression will be used
13:29:36,546 |-INFO in c.q.l.core.rolling.TimeBasedRollingPolicy@357863579 - Will use the pattern /tmp/application_%d{yyyy-MM-dd}.%i.log for the active file
13:29:36,549 |-INFO in ch.qos.logback.core.rolling.SizeAndTimeBasedFNATP@6bf256fa - The date pattern is 'yyyy-MM-dd' from file name pattern '/tmp/application_%d{yyyy-MM-dd}.%i.log'.
13:29:36,549 |-INFO in ch.qos.logback.core.rolling.SizeAndTimeBasedFNATP@6bf256fa - Roll-over at midnight.
13:29:36,553 |-INFO in ch.qos.logback.core.rolling.SizeAndTimeBasedFNATP@6bf256fa - Setting initial period to Sun Jun 09 13:28:48 MSK 2019
13:29:36,553 |-WARN in ch.qos.logback.core.rolling.SizeAndTimeBasedFNATP@6bf256fa - SizeAndTimeBasedFNATP is deprecated. Use SizeAndTimeBasedRollingPolicy instead
13:29:36,553 |-WARN in ch.qos.logback.core.rolling.SizeAndTimeBasedFNATP@6bf256fa - For more information see http://logback.qos.ch/manual/appenders.html#SizeAndTimeBasedRollingPolicy
13:29:36,558 |-INFO in ch.qos.logback.core.joran.action.NestedComplexPropertyIA - Assuming default type [ch.qos.logback.classic.encoder.PatternLayoutEncoder] for [encoder] property
13:29:36,562 |-INFO in ch.qos.logback.core.rolling.RollingFileAppender[FILE] - Active log file name: /tmp/application.log
13:29:36,562 |-INFO in ch.qos.logback.core.rolling.RollingFileAppender[FILE] - File property is set to [/tmp/application.log]
13:29:36,563 |-INFO in ch.qos.logback.classic.joran.action.RootLoggerAction - Setting level of ROOT logger to WARN
13:29:36,563 |-INFO in ch.qos.logback.core.joran.action.AppenderRefAction - Attaching appender named [STDOUT] to Logger[ROOT]
13:29:36,564 |-INFO in ch.qos.logback.core.joran.action.AppenderRefAction - Attaching appender named [FILE] to Logger[ROOT]
13:29:36,564 |-INFO in ch.qos.logback.classic.joran.action.ConfigurationAction - End of configuration.
13:29:36,565 |-INFO in ch.qos.logback.classic.joran.JoranConfigurator@6cd8737 - Registering current configuration as safe fallback point

2019-06-09T13:29:37.576+0300: 1.403: [GC (Metadata GC Threshold) [PSYoungGen: 110722K->15872K(149504K)] 110722K->15952K(491008K), 0.0310385 secs] [Times: user=0.09 sys=0.05, real=0.03 secs] 
2019-06-09T13:29:37.607+0300: 1.434: [Full GC (Metadata GC Threshold) [PSYoungGen: 15872K->0K(149504K)] [ParOldGen: 80K->15078K(341504K)] 15952K->15078K(491008K), [Metaspace: 20802K->20802K(1067008K)], 0.0262249 secs] [Times: user=0.14 sys=0.02, real=0.03 secs] 
13:29:47.808 [Curator-PathChildrenCache-1] WARN  o.a.c.u.ZKPaths  - The version of ZooKeeper being used doesn't support Container nodes. CreateMode.PERSISTENT will be used instead.
2019-06-09T13:29:48.729+0300: 12.556: [GC (Metadata GC Threshold) [PSYoungGen: 125785K->15561K(149504K)] 140864K->50179K(491008K), 0.0324530 secs] [Times: user=0.27 sys=0.01, real=0.04 secs] 
2019-06-09T13:29:48.761+0300: 12.588: [Full GC (Metadata GC Threshold) [PSYoungGen: 15561K->0K(149504K)] [ParOldGen: 34617K->38725K(341504K)] 50179K->38725K(491008K), [Metaspace: 34544K->34544K(1079296K)], 0.0417542 secs] [Times: user=0.20 sys=0.02, real=0.04 secs] 
2019-06-09T13:29:56.106+0300: 19.933: [GC (Allocation Failure) [PSYoungGen: 128512K->544K(149504K)] 167237K->39277K(491008K), 0.0044831 secs] [Times: user=0.03 sys=0.00, real=0.01 secs] 
2019-06-09T13:30:04.372+0300: 28.199: [GC (Allocation Failure) [PSYoungGen: 129056K->416K(149504K)] 167789K->39149K(491008K), 0.0048032 secs] [Times: user=0.03 sys=0.00, real=0.00 secs] 
2019-06-09T13:30:12.785+0300: 36.612: [GC (Allocation Failure) [PSYoungGen: 128928K->416K(129024K)] 167661K->39157K(470528K), 0.0028582 secs] [Times: user=0.01 sys=0.01, real=0.00 secs] 
2019-06-09T13:30:21.279+0300: 45.106: [GC (Allocation Failure) [PSYoungGen: 128928K->384K(150016K)] 167669K->39133K(491520K), 0.0057638 secs] [Times: user=0.04 sys=0.00, real=0.00 secs] 
2019-06-09T13:30:29.777+0300: 53.604: [GC (Allocation Failure) [PSYoungGen: 128896K->512K(148992K)] 167645K->39269K(490496K), 0.0113502 secs] [Times: user=0.10 sys=0.01, real=0.01 secs] 
2019-06-09T13:30:37.944+0300: 61.770: [GC (Allocation Failure) [PSYoungGen: 129024K->855K(152064K)] 167781K->39620K(493568K), 0.0048685 secs] [Times: user=0.03 sys=0.00, real=0.00 secs] 
2019-06-09T13:30:49.202+0300: 73.029: [GC (Allocation Failure) [PSYoungGen: 133463K->576K(151040K)] 172228K->39349K(492544K), 0.0045044 secs] [Times: user=0.03 sys=0.00, real=0.00 secs] 
13:31:09.038 [Curator-PathChildrenCache-0] ERROR o.a.c.f.r.c.PathChildrenCache  - 
java.lang.IllegalStateException: instance must be started before calling this method
	at org.apache.curator.shaded.com.google.common.base.Preconditions.checkState(Preconditions.java:444)
	at org.apache.curator.framework.imps.CuratorFrameworkImpl.getChildren(CuratorFrameworkImpl.java:456)
	at org.apache.curator.framework.recipes.cache.PathChildrenCache.refresh(PathChildrenCache.java:521)
	at org.apache.curator.framework.recipes.cache.RefreshOperation.invoke(RefreshOperation.java:35)
	at org.apache.curator.framework.recipes.cache.PathChildrenCache$9.run(PathChildrenCache.java:786)
	at java.util.concurrent.Executors$RunnableAdapter.call(Executors.java:511)
	at java.util.concurrent.FutureTask.run(FutureTask.java:266)
	at java.util.concurrent.Executors$RunnableAdapter.call(Executors.java:511)
	at java.util.concurrent.FutureTask.run(FutureTask.java:266)
	at java.util.concurrent.ThreadPoolExecutor.runWorker(ThreadPoolExecutor.java:1149)
	at java.util.concurrent.ThreadPoolExecutor$Worker.run(ThreadPoolExecutor.java:624)
	at java.lang.Thread.run(Thread.java:748)
Heap
 PSYoungGen      total 151040K, used 103423K [0x00000000f5980000, 0x0000000100000000, 0x0000000100000000)
  eden space 132608K, 77% used [0x00000000f5980000,0x00000000fbdefee8,0x00000000fdb00000)
  from space 18432K, 3% used [0x00000000fdb00000,0x00000000fdb90040,0x00000000fed00000)
  to   space 17920K, 0% used [0x00000000fee80000,0x00000000fee80000,0x0000000100000000)
 ParOldGen       total 341504K, used 38773K [0x00000000e0c00000, 0x00000000f5980000, 0x00000000f5980000)
  object space 341504K, 11% used [0x00000000e0c00000,0x00000000e31dd6d8,0x00000000f5980000)
 Metaspace       used 36129K, capacity 36958K, committed 37208K, reserved 1081344K
  class space    used 4979K, capacity 5161K, committed 5248K, reserved 1048576K
