08:46:55,945 |-INFO in ch.qos.logback.classic.LoggerContext[default] - Could NOT find resource [logback-test.xml]
08:46:55,945 |-INFO in ch.qos.logback.classic.LoggerContext[default] - Could NOT find resource [logback.groovy]
08:46:55,945 |-INFO in ch.qos.logback.classic.LoggerContext[default] - Found resource [logback.xml] at [jar:file:/home/nikitasokolov/flamestream/lib/flamestream-runtime-1.0-SNAPSHOT.jar!/logback.xml]
08:46:55,946 |-WARN in ch.qos.logback.classic.LoggerContext[default] - Resource [logback.xml] occurs multiple times on the classpath.
08:46:55,946 |-WARN in ch.qos.logback.classic.LoggerContext[default] - Resource [logback.xml] occurs at [jar:file:/home/nikitasokolov/flamestream/lib/flamestream-runtime-1.0-SNAPSHOT.jar!/logback.xml]
08:46:55,946 |-WARN in ch.qos.logback.classic.LoggerContext[default] - Resource [logback.xml] occurs at [jar:file:/home/nikitasokolov/flamestream/flamestream-runtime-1.0-SNAPSHOT.jar!/logback.xml]
08:46:55,962 |-INFO in ch.qos.logback.core.joran.spi.ConfigurationWatchList@6108b2d7 - URL [jar:file:/home/nikitasokolov/flamestream/lib/flamestream-runtime-1.0-SNAPSHOT.jar!/logback.xml] is not of type file
08:46:56,014 |-INFO in ch.qos.logback.classic.joran.action.ConfigurationAction - debug attribute not set
08:46:56,015 |-INFO in ch.qos.logback.core.joran.action.AppenderAction - About to instantiate appender of type [ch.qos.logback.core.ConsoleAppender]
08:46:56,023 |-INFO in ch.qos.logback.core.joran.action.AppenderAction - Naming appender as [STDOUT]
08:46:56,031 |-INFO in ch.qos.logback.core.joran.action.NestedComplexPropertyIA - Assuming default type [ch.qos.logback.classic.encoder.PatternLayoutEncoder] for [encoder] property
08:46:56,087 |-INFO in ch.qos.logback.core.joran.action.AppenderAction - About to instantiate appender of type [ch.qos.logback.core.rolling.RollingFileAppender]
08:46:56,092 |-INFO in ch.qos.logback.core.joran.action.AppenderAction - Naming appender as [FILE]
08:46:56,114 |-INFO in c.q.l.core.rolling.TimeBasedRollingPolicy@357863579 - No compression will be used
08:46:56,115 |-INFO in c.q.l.core.rolling.TimeBasedRollingPolicy@357863579 - Will use the pattern /tmp/application_%d{yyyy-MM-dd}.%i.log for the active file
08:46:56,118 |-INFO in ch.qos.logback.core.rolling.SizeAndTimeBasedFNATP@6bf256fa - The date pattern is 'yyyy-MM-dd' from file name pattern '/tmp/application_%d{yyyy-MM-dd}.%i.log'.
08:46:56,118 |-INFO in ch.qos.logback.core.rolling.SizeAndTimeBasedFNATP@6bf256fa - Roll-over at midnight.
08:46:56,122 |-INFO in ch.qos.logback.core.rolling.SizeAndTimeBasedFNATP@6bf256fa - Setting initial period to Sun Jun 09 08:46:11 MSK 2019
08:46:56,122 |-WARN in ch.qos.logback.core.rolling.SizeAndTimeBasedFNATP@6bf256fa - SizeAndTimeBasedFNATP is deprecated. Use SizeAndTimeBasedRollingPolicy instead
08:46:56,122 |-WARN in ch.qos.logback.core.rolling.SizeAndTimeBasedFNATP@6bf256fa - For more information see http://logback.qos.ch/manual/appenders.html#SizeAndTimeBasedRollingPolicy
08:46:56,127 |-INFO in ch.qos.logback.core.joran.action.NestedComplexPropertyIA - Assuming default type [ch.qos.logback.classic.encoder.PatternLayoutEncoder] for [encoder] property
08:46:56,129 |-INFO in ch.qos.logback.core.rolling.RollingFileAppender[FILE] - Active log file name: /tmp/application.log
08:46:56,129 |-INFO in ch.qos.logback.core.rolling.RollingFileAppender[FILE] - File property is set to [/tmp/application.log]
08:46:56,130 |-INFO in ch.qos.logback.classic.joran.action.RootLoggerAction - Setting level of ROOT logger to WARN
08:46:56,130 |-INFO in ch.qos.logback.core.joran.action.AppenderRefAction - Attaching appender named [STDOUT] to Logger[ROOT]
08:46:56,131 |-INFO in ch.qos.logback.core.joran.action.AppenderRefAction - Attaching appender named [FILE] to Logger[ROOT]
08:46:56,131 |-INFO in ch.qos.logback.classic.joran.action.ConfigurationAction - End of configuration.
08:46:56,131 |-INFO in ch.qos.logback.classic.joran.JoranConfigurator@6cd8737 - Registering current configuration as safe fallback point

2019-06-09T08:46:57.099+0300: 1.346: [GC (Metadata GC Threshold) [PSYoungGen: 110722K->15938K(149504K)] 110722K->16018K(491008K), 0.0197488 secs] [Times: user=0.07 sys=0.02, real=0.02 secs] 
2019-06-09T08:46:57.119+0300: 1.366: [Full GC (Metadata GC Threshold) [PSYoungGen: 15938K->0K(149504K)] [ParOldGen: 80K->15078K(341504K)] 16018K->15078K(491008K), [Metaspace: 20802K->20802K(1067008K)], 0.0294833 secs] [Times: user=0.18 sys=0.01, real=0.02 secs] 
08:47:04.474 [Curator-PathChildrenCache-1] WARN  o.a.c.u.ZKPaths  - The version of ZooKeeper being used doesn't support Container nodes. CreateMode.PERSISTENT will be used instead.
2019-06-09T08:47:05.418+0300: 9.664: [GC (Metadata GC Threshold) [PSYoungGen: 124487K->15936K(149504K)] 139566K->50553K(491008K), 0.0295972 secs] [Times: user=0.25 sys=0.02, real=0.02 secs] 
2019-06-09T08:47:05.447+0300: 9.694: [Full GC (Metadata GC Threshold) [PSYoungGen: 15936K->0K(149504K)] [ParOldGen: 34617K->38999K(341504K)] 50553K->38999K(491008K), [Metaspace: 34557K->34557K(1079296K)], 0.0371289 secs] [Times: user=0.22 sys=0.01, real=0.04 secs] 
2019-06-09T08:47:10.653+0300: 14.900: [GC (Allocation Failure) [PSYoungGen: 128512K->448K(149504K)] 167511K->39455K(491008K), 0.0057165 secs] [Times: user=0.03 sys=0.01, real=0.01 secs] 
2019-06-09T08:47:16.553+0300: 20.800: [GC (Allocation Failure) [PSYoungGen: 128960K->416K(149504K)] 167967K->39431K(491008K), 0.0033531 secs] [Times: user=0.01 sys=0.00, real=0.00 secs] 
2019-06-09T08:47:22.471+0300: 26.717: [GC (Allocation Failure) [PSYoungGen: 128928K->544K(129536K)] 167943K->39567K(471040K), 0.0028637 secs] [Times: user=0.01 sys=0.00, real=0.00 secs] 
2019-06-09T08:47:28.437+0300: 32.684: [GC (Allocation Failure) [PSYoungGen: 129056K->576K(150016K)] 168079K->39607K(491520K), 0.0129809 secs] [Times: user=0.12 sys=0.02, real=0.02 secs] 
2019-06-09T08:47:34.495+0300: 38.742: [GC (Allocation Failure) [PSYoungGen: 129088K->544K(148992K)] 168119K->39583K(490496K), 0.0040063 secs] [Times: user=0.02 sys=0.00, real=0.01 secs] 
2019-06-09T08:47:40.553+0300: 44.800: [GC (Allocation Failure) [PSYoungGen: 129056K->608K(151552K)] 168095K->39655K(493056K), 0.0025099 secs] [Times: user=0.01 sys=0.00, real=0.00 secs] 
2019-06-09T08:47:46.687+0300: 50.934: [GC (Allocation Failure) [PSYoungGen: 132192K->640K(150528K)] 171239K->39695K(492032K), 0.0033413 secs] [Times: user=0.01 sys=0.01, real=0.01 secs] 
2019-06-09T08:47:52.886+0300: 57.133: [GC (Allocation Failure) [PSYoungGen: 132224K->480K(153088K)] 171279K->39543K(494592K), 0.0091056 secs] [Times: user=0.07 sys=0.00, real=0.01 secs] 
2019-06-09T08:47:59.620+0300: 63.867: [GC (Allocation Failure) [PSYoungGen: 135648K->823K(152576K)] 174711K->39894K(494080K), 0.0037727 secs] [Times: user=0.03 sys=0.00, real=0.00 secs] 
2019-06-09T08:48:07.684+0300: 71.931: [GC (Allocation Failure) [PSYoungGen: 135991K->768K(155136K)] 175062K->39847K(496640K), 0.0042339 secs] [Times: user=0.02 sys=0.00, real=0.00 secs] 
2019-06-09T08:48:16.001+0300: 80.248: [GC (Allocation Failure) [PSYoungGen: 139520K->640K(154112K)] 178599K->39727K(495616K), 0.0032201 secs] [Times: user=0.01 sys=0.01, real=0.00 secs] 
08:48:28.145 [Curator-PathChildrenCache-0] ERROR o.a.c.f.r.c.PathChildrenCache  - 
java.lang.IllegalStateException: instance must be started before calling this method
	at org.apache.curator.shaded.com.google.common.base.Preconditions.checkState(Preconditions.java:444)
	at org.apache.curator.framework.imps.CuratorFrameworkImpl.getChildren(CuratorFrameworkImpl.java:456)
	at org.apache.curator.framework.recipes.cache.PathChildrenCache.refresh(PathChildrenCache.java:521)
	at org.apache.curator.framework.recipes.cache.RefreshOperation.invoke(RefreshOperation.java:35)
	at org.apache.curator.framework.recipes.cache.PathChildrenCache$9.run(PathChildrenCache.java:786)
	at java.util.concurrent.Executors$RunnableAdapter.call(Executors.java:511)
	at java.util.concurrent.FutureTask.run(FutureTask.java:266)
	at java.util.concurrent.Executors$RunnableAdapter.call(Executors.java:511)
	at java.util.concurrent.FutureTask.run(FutureTask.java:266)
	at java.util.concurrent.ThreadPoolExecutor.runWorker(ThreadPoolExecutor.java:1149)
	at java.util.concurrent.ThreadPoolExecutor$Worker.run(ThreadPoolExecutor.java:624)
	at java.lang.Thread.run(Thread.java:748)
Heap
 PSYoungGen      total 154112K, used 40224K [0x00000000f5980000, 0x0000000100000000, 0x0000000100000000)
  eden space 138752K, 28% used [0x00000000f5980000,0x00000000f8028118,0x00000000fe100000)
  from space 15360K, 4% used [0x00000000fe100000,0x00000000fe1a0080,0x00000000ff000000)
  to   space 14848K, 0% used [0x00000000ff180000,0x00000000ff180000,0x0000000100000000)
 ParOldGen       total 341504K, used 39087K [0x00000000e0c00000, 0x00000000f5980000, 0x00000000f5980000)
  object space 341504K, 11% used [0x00000000e0c00000,0x00000000e322bd98,0x00000000f5980000)
 Metaspace       used 36180K, capacity 37022K, committed 37208K, reserved 1081344K
  class space    used 4979K, capacity 5161K, committed 5248K, reserved 1048576K
