05:50:51,558 |-INFO in ch.qos.logback.classic.LoggerContext[default] - Could NOT find resource [logback-test.xml]
05:50:51,558 |-INFO in ch.qos.logback.classic.LoggerContext[default] - Could NOT find resource [logback.groovy]
05:50:51,558 |-INFO in ch.qos.logback.classic.LoggerContext[default] - Found resource [logback.xml] at [jar:file:/root/flamestream/lib/flamestream-runtime-1.0-SNAPSHOT.jar!/logback.xml]
05:50:51,559 |-WARN in ch.qos.logback.classic.LoggerContext[default] - Resource [logback.xml] occurs multiple times on the classpath.
05:50:51,559 |-WARN in ch.qos.logback.classic.LoggerContext[default] - Resource [logback.xml] occurs at [jar:file:/root/flamestream/lib/flamestream-runtime-1.0-SNAPSHOT.jar!/logback.xml]
05:50:51,559 |-WARN in ch.qos.logback.classic.LoggerContext[default] - Resource [logback.xml] occurs at [jar:file:/root/flamestream/flamestream-runtime-1.0-SNAPSHOT.jar!/logback.xml]
05:50:51,578 |-INFO in ch.qos.logback.core.joran.spi.ConfigurationWatchList@3fb6a447 - URL [jar:file:/root/flamestream/lib/flamestream-runtime-1.0-SNAPSHOT.jar!/logback.xml] is not of type file
05:50:51,645 |-INFO in ch.qos.logback.classic.joran.action.ConfigurationAction - debug attribute not set
05:50:51,646 |-INFO in ch.qos.logback.core.joran.action.AppenderAction - About to instantiate appender of type [ch.qos.logback.core.ConsoleAppender]
05:50:51,661 |-INFO in ch.qos.logback.core.joran.action.AppenderAction - Naming appender as [STDOUT]
05:50:51,679 |-INFO in ch.qos.logback.core.joran.action.NestedComplexPropertyIA - Assuming default type [ch.qos.logback.classic.encoder.PatternLayoutEncoder] for [encoder] property
05:50:51,765 |-INFO in ch.qos.logback.core.joran.action.AppenderAction - About to instantiate appender of type [ch.qos.logback.core.rolling.RollingFileAppender]
05:50:51,773 |-INFO in ch.qos.logback.core.joran.action.AppenderAction - Naming appender as [FILE]
05:50:51,806 |-INFO in c.q.l.core.rolling.TimeBasedRollingPolicy@127618319 - No compression will be used
05:50:51,807 |-INFO in c.q.l.core.rolling.TimeBasedRollingPolicy@127618319 - Will use the pattern /tmp/application_%d{yyyy-MM-dd}.%i.log for the active file
05:50:51,810 |-INFO in ch.qos.logback.core.rolling.SizeAndTimeBasedFNATP@6b2fad11 - The date pattern is 'yyyy-MM-dd' from file name pattern '/tmp/application_%d{yyyy-MM-dd}.%i.log'.
05:50:51,810 |-INFO in ch.qos.logback.core.rolling.SizeAndTimeBasedFNATP@6b2fad11 - Roll-over at midnight.
05:50:51,815 |-INFO in ch.qos.logback.core.rolling.SizeAndTimeBasedFNATP@6b2fad11 - Setting initial period to Tue Jun 11 05:49:31 UTC 2019
05:50:51,815 |-WARN in ch.qos.logback.core.rolling.SizeAndTimeBasedFNATP@6b2fad11 - SizeAndTimeBasedFNATP is deprecated. Use SizeAndTimeBasedRollingPolicy instead
05:50:51,815 |-WARN in ch.qos.logback.core.rolling.SizeAndTimeBasedFNATP@6b2fad11 - For more information see http://logback.qos.ch/manual/appenders.html#SizeAndTimeBasedRollingPolicy
05:50:51,819 |-INFO in ch.qos.logback.core.joran.action.NestedComplexPropertyIA - Assuming default type [ch.qos.logback.classic.encoder.PatternLayoutEncoder] for [encoder] property
05:50:51,824 |-INFO in ch.qos.logback.core.rolling.RollingFileAppender[FILE] - Active log file name: /tmp/application.log
05:50:51,824 |-INFO in ch.qos.logback.core.rolling.RollingFileAppender[FILE] - File property is set to [/tmp/application.log]
05:50:51,825 |-INFO in ch.qos.logback.classic.joran.action.RootLoggerAction - Setting level of ROOT logger to WARN
05:50:51,825 |-INFO in ch.qos.logback.core.joran.action.AppenderRefAction - Attaching appender named [STDOUT] to Logger[ROOT]
05:50:51,825 |-INFO in ch.qos.logback.core.joran.action.AppenderRefAction - Attaching appender named [FILE] to Logger[ROOT]
05:50:51,825 |-INFO in ch.qos.logback.classic.joran.action.ConfigurationAction - End of configuration.
05:50:51,826 |-INFO in ch.qos.logback.classic.joran.JoranConfigurator@79698539 - Registering current configuration as safe fallback point

Ama winner
Ama winner
2019-06-11T05:50:53.150+0000: 1.778: [Full GC (Metadata GC Threshold) 2019-06-11T05:50:53.150+0000: 1.778: [Tenured: 0K->15256K(341376K), 0.0386899 secs] 117750K->15256K(494976K), [Metaspace: 20729K->20729K(1067008K)], 0.0387558 secs] [Times: user=0.03 sys=0.01, real=0.04 secs] 
05:51:14.441 [Curator-PathChildrenCache-1] WARN  o.a.c.u.ZKPaths  - The version of ZooKeeper being used doesn't support Container nodes. CreateMode.PERSISTENT will be used instead.
2019-06-11T05:51:16.865+0000: 25.493: [GC (Allocation Failure) 2019-06-11T05:51:16.865+0000: 25.493: [DefNew: 136576K->17023K(153600K), 0.0250400 secs] 151832K->52605K(494976K), 0.0251060 secs] [Times: user=0.02 sys=0.00, real=0.03 secs] 
2019-06-11T05:51:18.286+0000: 26.914: [Full GC (Metadata GC Threshold) 2019-06-11T05:51:18.286+0000: 26.914: [Tenured: 35581K->43886K(341376K), 0.0647134 secs] 91935K->43886K(494976K), [Metaspace: 34544K->34544K(1079296K)], 0.0647873 secs] [Times: user=0.07 sys=0.00, real=0.07 secs] 
2019-06-11T05:51:24.775+0000: 33.403: [GC (Allocation Failure) 2019-06-11T05:51:24.775+0000: 33.403: [DefNew: 136576K->101K(153600K), 0.0019258 secs] 180462K->43988K(494976K), 0.0019897 secs] [Times: user=0.01 sys=0.00, real=0.01 secs] 
2019-06-11T05:51:31.255+0000: 39.883: [GC (Allocation Failure) 2019-06-11T05:51:31.255+0000: 39.883: [DefNew: 136677K->138K(153600K), 0.0017403 secs] 180564K->44025K(494976K), 0.0018012 secs] [Times: user=0.00 sys=0.00, real=0.01 secs] 
2019-06-11T05:51:37.827+0000: 46.455: [GC (Allocation Failure) 2019-06-11T05:51:37.827+0000: 46.455: [DefNew: 136714K->134K(153600K), 0.0017293 secs] 180601K->44021K(494976K), 0.0017874 secs] [Times: user=0.00 sys=0.00, real=0.00 secs] 
2019-06-11T05:51:44.422+0000: 53.050: [GC (Allocation Failure) 2019-06-11T05:51:44.422+0000: 53.050: [DefNew: 136710K->134K(153600K), 0.0017829 secs] 180597K->44021K(494976K), 0.0018438 secs] [Times: user=0.00 sys=0.00, real=0.00 secs] 
2019-06-11T05:51:51.052+0000: 59.680: [GC (Allocation Failure) 2019-06-11T05:51:51.052+0000: 59.680: [DefNew: 136710K->136K(153600K), 0.0017750 secs] 180597K->44023K(494976K), 0.0018364 secs] [Times: user=0.00 sys=0.00, real=0.00 secs] 
05:52:00.408 [Curator-PathChildrenCache-0] ERROR o.a.c.f.r.c.PathChildrenCache  - 
java.lang.IllegalStateException: instance must be started before calling this method
	at org.apache.curator.shaded.com.google.common.base.Preconditions.checkState(Preconditions.java:444)
	at org.apache.curator.framework.imps.CuratorFrameworkImpl.getChildren(CuratorFrameworkImpl.java:456)
	at org.apache.curator.framework.recipes.cache.PathChildrenCache.refresh(PathChildrenCache.java:521)
	at org.apache.curator.framework.recipes.cache.RefreshOperation.invoke(RefreshOperation.java:35)
	at org.apache.curator.framework.recipes.cache.PathChildrenCache$9.run(PathChildrenCache.java:786)
	at java.util.concurrent.Executors$RunnableAdapter.call(Executors.java:511)
	at java.util.concurrent.FutureTask.run(FutureTask.java:266)
	at java.util.concurrent.Executors$RunnableAdapter.call(Executors.java:511)
	at java.util.concurrent.FutureTask.run(FutureTask.java:266)
	at java.util.concurrent.ThreadPoolExecutor.runWorker(ThreadPoolExecutor.java:1149)
	at java.util.concurrent.ThreadPoolExecutor$Worker.run(ThreadPoolExecutor.java:624)
	at java.lang.Thread.run(Thread.java:748)
Heap
 def new generation   total 153600K, used 97355K [0x00000000e0c00000, 0x00000000eb2a0000, 0x00000000eb2a0000)
  eden space 136576K,  71% used [0x00000000e0c00000, 0x00000000e6af0b98, 0x00000000e9160000)
  from space 17024K,   0% used [0x00000000e9160000, 0x00000000e9182228, 0x00000000ea200000)
  to   space 17024K,   0% used [0x00000000ea200000, 0x00000000ea200000, 0x00000000eb2a0000)
 tenured generation   total 341376K, used 43886K [0x00000000eb2a0000, 0x0000000100000000, 0x0000000100000000)
   the space 341376K,  12% used [0x00000000eb2a0000, 0x00000000edd7bab8, 0x00000000edd7bc00, 0x0000000100000000)
 Metaspace       used 36132K, capacity 36998K, committed 37120K, reserved 1081344K
  class space    used 4869K, capacity 5075K, committed 5120K, reserved 1048576K
