05:02:14,486 |-INFO in ch.qos.logback.classic.LoggerContext[default] - Could NOT find resource [logback-test.xml]
05:02:14,486 |-INFO in ch.qos.logback.classic.LoggerContext[default] - Could NOT find resource [logback.groovy]
05:02:14,486 |-INFO in ch.qos.logback.classic.LoggerContext[default] - Found resource [logback.xml] at [jar:file:/home/nikitasokolov/flamestream/lib/flamestream-runtime-1.0-SNAPSHOT.jar!/logback.xml]
05:02:14,487 |-WARN in ch.qos.logback.classic.LoggerContext[default] - Resource [logback.xml] occurs multiple times on the classpath.
05:02:14,487 |-WARN in ch.qos.logback.classic.LoggerContext[default] - Resource [logback.xml] occurs at [jar:file:/home/nikitasokolov/flamestream/lib/flamestream-runtime-1.0-SNAPSHOT.jar!/logback.xml]
05:02:14,487 |-WARN in ch.qos.logback.classic.LoggerContext[default] - Resource [logback.xml] occurs at [jar:file:/home/nikitasokolov/flamestream/flamestream-runtime-1.0-SNAPSHOT.jar!/logback.xml]
05:02:14,502 |-INFO in ch.qos.logback.core.joran.spi.ConfigurationWatchList@6108b2d7 - URL [jar:file:/home/nikitasokolov/flamestream/lib/flamestream-runtime-1.0-SNAPSHOT.jar!/logback.xml] is not of type file
05:02:14,552 |-INFO in ch.qos.logback.classic.joran.action.ConfigurationAction - debug attribute not set
05:02:14,552 |-INFO in ch.qos.logback.core.joran.action.AppenderAction - About to instantiate appender of type [ch.qos.logback.core.ConsoleAppender]
05:02:14,560 |-INFO in ch.qos.logback.core.joran.action.AppenderAction - Naming appender as [STDOUT]
05:02:14,567 |-INFO in ch.qos.logback.core.joran.action.NestedComplexPropertyIA - Assuming default type [ch.qos.logback.classic.encoder.PatternLayoutEncoder] for [encoder] property
05:02:14,626 |-INFO in ch.qos.logback.core.joran.action.AppenderAction - About to instantiate appender of type [ch.qos.logback.core.rolling.RollingFileAppender]
05:02:14,631 |-INFO in ch.qos.logback.core.joran.action.AppenderAction - Naming appender as [FILE]
05:02:14,651 |-INFO in c.q.l.core.rolling.TimeBasedRollingPolicy@357863579 - No compression will be used
05:02:14,652 |-INFO in c.q.l.core.rolling.TimeBasedRollingPolicy@357863579 - Will use the pattern /tmp/application_%d{yyyy-MM-dd}.%i.log for the active file
05:02:14,655 |-INFO in ch.qos.logback.core.rolling.SizeAndTimeBasedFNATP@6bf256fa - The date pattern is 'yyyy-MM-dd' from file name pattern '/tmp/application_%d{yyyy-MM-dd}.%i.log'.
05:02:14,655 |-INFO in ch.qos.logback.core.rolling.SizeAndTimeBasedFNATP@6bf256fa - Roll-over at midnight.
05:02:14,659 |-INFO in ch.qos.logback.core.rolling.SizeAndTimeBasedFNATP@6bf256fa - Setting initial period to Sun Jun 09 05:01:30 MSK 2019
05:02:14,659 |-WARN in ch.qos.logback.core.rolling.SizeAndTimeBasedFNATP@6bf256fa - SizeAndTimeBasedFNATP is deprecated. Use SizeAndTimeBasedRollingPolicy instead
05:02:14,659 |-WARN in ch.qos.logback.core.rolling.SizeAndTimeBasedFNATP@6bf256fa - For more information see http://logback.qos.ch/manual/appenders.html#SizeAndTimeBasedRollingPolicy
05:02:14,663 |-INFO in ch.qos.logback.core.joran.action.NestedComplexPropertyIA - Assuming default type [ch.qos.logback.classic.encoder.PatternLayoutEncoder] for [encoder] property
05:02:14,666 |-INFO in ch.qos.logback.core.rolling.RollingFileAppender[FILE] - Active log file name: /tmp/application.log
05:02:14,666 |-INFO in ch.qos.logback.core.rolling.RollingFileAppender[FILE] - File property is set to [/tmp/application.log]
05:02:14,667 |-INFO in ch.qos.logback.classic.joran.action.RootLoggerAction - Setting level of ROOT logger to WARN
05:02:14,667 |-INFO in ch.qos.logback.core.joran.action.AppenderRefAction - Attaching appender named [STDOUT] to Logger[ROOT]
05:02:14,667 |-INFO in ch.qos.logback.core.joran.action.AppenderRefAction - Attaching appender named [FILE] to Logger[ROOT]
05:02:14,667 |-INFO in ch.qos.logback.classic.joran.action.ConfigurationAction - End of configuration.
05:02:14,668 |-INFO in ch.qos.logback.classic.joran.JoranConfigurator@6cd8737 - Registering current configuration as safe fallback point

2019-06-09T05:02:15.662+0300: 1.361: [GC (Metadata GC Threshold) [PSYoungGen: 110722K->15823K(149504K)] 110722K->15903K(491008K), 0.0264935 secs] [Times: user=0.08 sys=0.02, real=0.02 secs] 
2019-06-09T05:02:15.689+0300: 1.387: [Full GC (Metadata GC Threshold) [PSYoungGen: 15823K->0K(149504K)] [ParOldGen: 80K->15078K(341504K)] 15903K->15078K(491008K), [Metaspace: 20802K->20802K(1067008K)], 0.0301232 secs] [Times: user=0.18 sys=0.00, real=0.04 secs] 
05:02:22.931 [Curator-PathChildrenCache-1] WARN  o.a.c.u.ZKPaths  - The version of ZooKeeper being used doesn't support Container nodes. CreateMode.PERSISTENT will be used instead.
2019-06-09T05:02:23.871+0300: 9.570: [GC (Metadata GC Threshold) [PSYoungGen: 128512K->15979K(149504K)] 143590K->50597K(491008K), 0.0282739 secs] [Times: user=0.22 sys=0.03, real=0.03 secs] 
2019-06-09T05:02:23.900+0300: 9.598: [Full GC (Metadata GC Threshold) [PSYoungGen: 15979K->0K(149504K)] [ParOldGen: 34617K->39098K(341504K)] 50597K->39098K(491008K), [Metaspace: 34570K->34570K(1079296K)], 0.0406512 secs] [Times: user=0.23 sys=0.00, real=0.04 secs] 
2019-06-09T05:02:26.209+0300: 11.907: [GC (Allocation Failure) [PSYoungGen: 128512K->608K(149504K)] 167610K->39714K(491008K), 0.0027292 secs] [Times: user=0.01 sys=0.00, real=0.01 secs] 
2019-06-09T05:02:28.141+0300: 13.840: [GC (Allocation Failure) [PSYoungGen: 129120K->672K(149504K)] 168226K->39786K(491008K), 0.0041922 secs] [Times: user=0.02 sys=0.01, real=0.00 secs] 
2019-06-09T05:02:30.350+0300: 16.048: [GC (Allocation Failure) [PSYoungGen: 129184K->640K(129536K)] 168298K->39762K(471040K), 0.0037314 secs] [Times: user=0.02 sys=0.00, real=0.00 secs] 
2019-06-09T05:02:31.667+0300: 17.365: [GC (Allocation Failure) [PSYoungGen: 129152K->672K(150016K)] 168274K->39802K(491520K), 0.0030210 secs] [Times: user=0.01 sys=0.00, real=0.01 secs] 
2019-06-09T05:02:33.322+0300: 19.021: [GC (Allocation Failure) [PSYoungGen: 129184K->832K(148992K)] 168314K->39962K(490496K), 0.0033683 secs] [Times: user=0.02 sys=0.00, real=0.00 secs] 
2019-06-09T05:02:34.587+0300: 20.285: [GC (Allocation Failure) [PSYoungGen: 129344K->992K(151552K)] 168474K->40122K(493056K), 0.0110704 secs] [Times: user=0.11 sys=0.02, real=0.02 secs] 
2019-06-09T05:02:35.894+0300: 21.592: [GC (Allocation Failure) [PSYoungGen: 133088K->864K(151040K)] 172218K->39994K(492544K), 0.0034572 secs] [Times: user=0.02 sys=0.01, real=0.00 secs] 
2019-06-09T05:02:36.856+0300: 22.554: [GC (Allocation Failure) [PSYoungGen: 132960K->768K(153088K)] 172090K->39906K(494592K), 0.0033195 secs] [Times: user=0.02 sys=0.00, real=0.01 secs] 
2019-06-09T05:02:37.996+0300: 23.695: [GC (Allocation Failure) [PSYoungGen: 135936K->800K(152576K)] 175074K->39946K(494080K), 0.0028335 secs] [Times: user=0.02 sys=0.00, real=0.01 secs] 
2019-06-09T05:02:39.018+0300: 24.716: [GC (Allocation Failure) [PSYoungGen: 135968K->832K(155136K)] 175114K->39978K(496640K), 0.0856905 secs] [Times: user=0.02 sys=0.01, real=0.08 secs] 
2019-06-09T05:02:40.327+0300: 26.025: [GC (Allocation Failure) [PSYoungGen: 139584K->960K(154112K)] 178730K->40114K(495616K), 0.0040204 secs] [Times: user=0.03 sys=0.00, real=0.01 secs] 
2019-06-09T05:02:41.527+0300: 27.225: [GC (Allocation Failure) [PSYoungGen: 139712K->896K(156672K)] 178866K->40050K(498176K), 0.0034985 secs] [Times: user=0.01 sys=0.00, real=0.01 secs] 
2019-06-09T05:02:42.905+0300: 28.604: [GC (Allocation Failure) [PSYoungGen: 142720K->928K(155648K)] 181874K->40082K(497152K), 0.0025805 secs] [Times: user=0.01 sys=0.00, real=0.00 secs] 
2019-06-09T05:02:44.473+0300: 30.172: [GC (Allocation Failure) [PSYoungGen: 142752K->864K(158208K)] 181906K->40026K(499712K), 0.0030310 secs] [Times: user=0.01 sys=0.00, real=0.00 secs] 
2019-06-09T05:02:46.526+0300: 32.224: [GC (Allocation Failure) [PSYoungGen: 145760K->992K(157184K)] 184922K->40162K(498688K), 0.0027534 secs] [Times: user=0.01 sys=0.01, real=0.00 secs] 
05:02:55.559 [Curator-PathChildrenCache-0] ERROR o.a.c.f.r.c.PathChildrenCache  - 
java.lang.IllegalStateException: instance must be started before calling this method
	at org.apache.curator.shaded.com.google.common.base.Preconditions.checkState(Preconditions.java:444)
	at org.apache.curator.framework.imps.CuratorFrameworkImpl.getChildren(CuratorFrameworkImpl.java:456)
	at org.apache.curator.framework.recipes.cache.PathChildrenCache.refresh(PathChildrenCache.java:521)
	at org.apache.curator.framework.recipes.cache.RefreshOperation.invoke(RefreshOperation.java:35)
	at org.apache.curator.framework.recipes.cache.PathChildrenCache$9.run(PathChildrenCache.java:786)
	at java.util.concurrent.Executors$RunnableAdapter.call(Executors.java:511)
	at java.util.concurrent.FutureTask.run(FutureTask.java:266)
	at java.util.concurrent.Executors$RunnableAdapter.call(Executors.java:511)
	at java.util.concurrent.FutureTask.run(FutureTask.java:266)
	at java.util.concurrent.ThreadPoolExecutor.runWorker(ThreadPoolExecutor.java:1149)
	at java.util.concurrent.ThreadPoolExecutor$Worker.run(ThreadPoolExecutor.java:624)
	at java.lang.Thread.run(Thread.java:748)
Heap
 PSYoungGen      total 157184K, used 88471K [0x00000000f5980000, 0x0000000100000000, 0x0000000100000000)
  eden space 144896K, 60% used [0x00000000f5980000,0x00000000faeede18,0x00000000fe700000)
  from space 12288K, 8% used [0x00000000fe700000,0x00000000fe7f8060,0x00000000ff300000)
  to   space 11776K, 0% used [0x00000000ff480000,0x00000000ff480000,0x0000000100000000)
 ParOldGen       total 341504K, used 39170K [0x00000000e0c00000, 0x00000000f5980000, 0x00000000f5980000)
  object space 341504K, 11% used [0x00000000e0c00000,0x00000000e3240958,0x00000000f5980000)
 Metaspace       used 35776K, capacity 36622K, committed 36952K, reserved 1081344K
  class space    used 4936K, capacity 5129K, committed 5248K, reserved 1048576K
