05:55:20,336 |-INFO in ch.qos.logback.classic.LoggerContext[default] - Could NOT find resource [logback-test.xml]
05:55:20,336 |-INFO in ch.qos.logback.classic.LoggerContext[default] - Could NOT find resource [logback.groovy]
05:55:20,336 |-INFO in ch.qos.logback.classic.LoggerContext[default] - Found resource [logback.xml] at [jar:file:/home/nikitasokolov/flamestream/lib/flamestream-runtime-1.0-SNAPSHOT.jar!/logback.xml]
05:55:20,337 |-WARN in ch.qos.logback.classic.LoggerContext[default] - Resource [logback.xml] occurs multiple times on the classpath.
05:55:20,337 |-WARN in ch.qos.logback.classic.LoggerContext[default] - Resource [logback.xml] occurs at [jar:file:/home/nikitasokolov/flamestream/lib/flamestream-runtime-1.0-SNAPSHOT.jar!/logback.xml]
05:55:20,337 |-WARN in ch.qos.logback.classic.LoggerContext[default] - Resource [logback.xml] occurs at [jar:file:/home/nikitasokolov/flamestream/flamestream-runtime-1.0-SNAPSHOT.jar!/logback.xml]
05:55:20,352 |-INFO in ch.qos.logback.core.joran.spi.ConfigurationWatchList@6bf256fa - URL [jar:file:/home/nikitasokolov/flamestream/lib/flamestream-runtime-1.0-SNAPSHOT.jar!/logback.xml] is not of type file
05:55:20,404 |-INFO in ch.qos.logback.classic.joran.action.ConfigurationAction - debug attribute not set
05:55:20,405 |-INFO in ch.qos.logback.core.joran.action.AppenderAction - About to instantiate appender of type [ch.qos.logback.core.ConsoleAppender]
05:55:20,412 |-INFO in ch.qos.logback.core.joran.action.AppenderAction - Naming appender as [STDOUT]
05:55:20,421 |-INFO in ch.qos.logback.core.joran.action.NestedComplexPropertyIA - Assuming default type [ch.qos.logback.classic.encoder.PatternLayoutEncoder] for [encoder] property
05:55:20,480 |-INFO in ch.qos.logback.core.joran.action.AppenderAction - About to instantiate appender of type [ch.qos.logback.core.rolling.RollingFileAppender]
05:55:20,486 |-INFO in ch.qos.logback.core.joran.action.AppenderAction - Naming appender as [FILE]
05:55:20,510 |-INFO in c.q.l.core.rolling.TimeBasedRollingPolicy@114132791 - No compression will be used
05:55:20,511 |-INFO in c.q.l.core.rolling.TimeBasedRollingPolicy@114132791 - Will use the pattern /tmp/application_%d{yyyy-MM-dd}.%i.log for the active file
05:55:20,514 |-INFO in ch.qos.logback.core.rolling.SizeAndTimeBasedFNATP@22f71333 - The date pattern is 'yyyy-MM-dd' from file name pattern '/tmp/application_%d{yyyy-MM-dd}.%i.log'.
05:55:20,514 |-INFO in ch.qos.logback.core.rolling.SizeAndTimeBasedFNATP@22f71333 - Roll-over at midnight.
05:55:20,518 |-INFO in ch.qos.logback.core.rolling.SizeAndTimeBasedFNATP@22f71333 - Setting initial period to Thu Jun 06 22:00:24 MSK 2019
05:55:20,519 |-WARN in ch.qos.logback.core.rolling.SizeAndTimeBasedFNATP@22f71333 - SizeAndTimeBasedFNATP is deprecated. Use SizeAndTimeBasedRollingPolicy instead
05:55:20,519 |-WARN in ch.qos.logback.core.rolling.SizeAndTimeBasedFNATP@22f71333 - For more information see http://logback.qos.ch/manual/appenders.html#SizeAndTimeBasedRollingPolicy
05:55:20,522 |-INFO in ch.qos.logback.core.joran.action.NestedComplexPropertyIA - Assuming default type [ch.qos.logback.classic.encoder.PatternLayoutEncoder] for [encoder] property
05:55:20,525 |-INFO in ch.qos.logback.core.rolling.RollingFileAppender[FILE] - Active log file name: /tmp/application.log
05:55:20,525 |-INFO in ch.qos.logback.core.rolling.RollingFileAppender[FILE] - File property is set to [/tmp/application.log]
05:55:20,527 |-ERROR in ch.qos.logback.core.rolling.RollingFileAppender[FILE] - openFile(/tmp/application.log,true) call failed. java.io.FileNotFoundException: /tmp/application.log (Permission denied)
	at java.io.FileNotFoundException: /tmp/application.log (Permission denied)
	at 	at java.io.FileOutputStream.open0(Native Method)
	at 	at java.io.FileOutputStream.open(FileOutputStream.java:270)
	at 	at java.io.FileOutputStream.<init>(FileOutputStream.java:213)
	at 	at ch.qos.logback.core.recovery.ResilientFileOutputStream.<init>(ResilientFileOutputStream.java:26)
	at 	at ch.qos.logback.core.FileAppender.openFile(FileAppender.java:204)
	at 	at ch.qos.logback.core.FileAppender.start(FileAppender.java:127)
	at 	at ch.qos.logback.core.rolling.RollingFileAppender.start(RollingFileAppender.java:100)
	at 	at ch.qos.logback.core.joran.action.AppenderAction.end(AppenderAction.java:90)
	at 	at ch.qos.logback.core.joran.spi.Interpreter.callEndAction(Interpreter.java:309)
	at 	at ch.qos.logback.core.joran.spi.Interpreter.endElement(Interpreter.java:193)
	at 	at ch.qos.logback.core.joran.spi.Interpreter.endElement(Interpreter.java:179)
	at 	at ch.qos.logback.core.joran.spi.EventPlayer.play(EventPlayer.java:62)
	at 	at ch.qos.logback.core.joran.GenericConfigurator.doConfigure(GenericConfigurator.java:165)
	at 	at ch.qos.logback.core.joran.GenericConfigurator.doConfigure(GenericConfigurator.java:152)
	at 	at ch.qos.logback.core.joran.GenericConfigurator.doConfigure(GenericConfigurator.java:110)
	at 	at ch.qos.logback.core.joran.GenericConfigurator.doConfigure(GenericConfigurator.java:53)
	at 	at ch.qos.logback.classic.util.ContextInitializer.configureByResource(ContextInitializer.java:75)
	at 	at ch.qos.logback.classic.util.ContextInitializer.autoConfig(ContextInitializer.java:150)
	at 	at org.slf4j.impl.StaticLoggerBinder.init(StaticLoggerBinder.java:84)
	at 	at org.slf4j.impl.StaticLoggerBinder.<clinit>(StaticLoggerBinder.java:55)
	at 	at org.slf4j.LoggerFactory.bind(LoggerFactory.java:150)
	at 	at org.slf4j.LoggerFactory.performInitialization(LoggerFactory.java:124)
	at 	at org.slf4j.LoggerFactory.getILoggerFactory(LoggerFactory.java:412)
	at 	at org.slf4j.LoggerFactory.getLogger(LoggerFactory.java:357)
	at 	at org.slf4j.LoggerFactory.getLogger(LoggerFactory.java:383)
	at 	at com.spbsu.flamestream.runtime.WorkerApplication.<init>(WorkerApplication.java:26)
	at 	at com.spbsu.flamestream.runtime.WorkerApplication.main(WorkerApplication.java:68)
05:55:20,527 |-INFO in ch.qos.logback.classic.joran.action.RootLoggerAction - Setting level of ROOT logger to WARN
05:55:20,527 |-INFO in ch.qos.logback.core.joran.action.AppenderRefAction - Attaching appender named [STDOUT] to Logger[ROOT]
05:55:20,527 |-INFO in ch.qos.logback.core.joran.action.AppenderRefAction - Attaching appender named [FILE] to Logger[ROOT]
05:55:20,527 |-INFO in ch.qos.logback.classic.joran.action.ConfigurationAction - End of configuration.
05:55:20,528 |-INFO in ch.qos.logback.classic.joran.JoranConfigurator@3498ed - Registering current configuration as safe fallback point

2019-06-09T05:55:21.537+0300: 1.402: [GC (Metadata GC Threshold) [PSYoungGen: 97853K->15758K(149504K)] 97853K->15838K(491008K), 0.0189465 secs] [Times: user=0.06 sys=0.04, real=0.02 secs] 
2019-06-09T05:55:21.556+0300: 1.421: [Full GC (Metadata GC Threshold) [PSYoungGen: 15758K->0K(149504K)] [ParOldGen: 80K->14984K(341504K)] 15838K->14984K(491008K), [Metaspace: 20802K->20802K(1067008K)], 0.0245677 secs] [Times: user=0.15 sys=0.01, real=0.02 secs] 
05:55:29.995 [Curator-PathChildrenCache-2] WARN  o.a.c.u.ZKPaths  - The version of ZooKeeper being used doesn't support Container nodes. CreateMode.PERSISTENT will be used instead.
2019-06-09T05:55:30.570+0300: 10.435: [GC (Allocation Failure) [PSYoungGen: 128510K->20987K(149504K)] 143494K->50800K(491008K), 0.0166917 secs] [Times: user=0.17 sys=0.03, real=0.02 secs] 
2019-06-09T05:55:30.668+0300: 10.533: [GC (Metadata GC Threshold) [PSYoungGen: 31544K->20987K(149504K)] 61357K->51028K(491008K), 0.0099692 secs] [Times: user=0.10 sys=0.00, real=0.01 secs] 
2019-06-09T05:55:30.679+0300: 10.544: [Full GC (Metadata GC Threshold) [PSYoungGen: 20987K->0K(149504K)] [ParOldGen: 30040K->39768K(341504K)] 51028K->39768K(491008K), [Metaspace: 34472K->34472K(1079296K)], 0.0309331 secs] [Times: user=0.15 sys=0.01, real=0.03 secs] 
2019-06-09T05:55:32.912+0300: 12.777: [GC (Allocation Failure) [PSYoungGen: 128512K->640K(149504K)] 168280K->40416K(491008K), 0.0038493 secs] [Times: user=0.02 sys=0.00, real=0.01 secs] 
2019-06-09T05:55:35.222+0300: 15.155: [GC (Allocation Failure) [PSYoungGen: 129152K->736K(129536K)] 168928K->40520K(471040K), 0.0707487 secs] [Times: user=0.01 sys=0.01, real=0.07 secs] 
2019-06-09T05:55:37.625+0300: 17.491: [GC (Allocation Failure) [PSYoungGen: 129248K->704K(129536K)] 169032K->40496K(471040K), 0.0024971 secs] [Times: user=0.01 sys=0.00, real=0.00 secs] 
2019-06-09T05:55:39.268+0300: 19.133: [GC (Allocation Failure) [PSYoungGen: 89280K->640K(129536K)] 129072K->40440K(471040K), 0.0029410 secs] [Times: user=0.02 sys=0.00, real=0.00 secs] 
2019-06-09T05:55:40.898+0300: 20.764: [GC (Allocation Failure) [PSYoungGen: 89216K->544K(132096K)] 129016K->40688K(473600K), 0.1024365 secs] [Times: user=0.03 sys=0.01, real=0.10 secs] 
2019-06-09T05:55:42.608+0300: 22.473: [GC (Allocation Failure) [PSYoungGen: 92704K->352K(130560K)] 132848K->40648K(472064K), 0.0026528 secs] [Times: user=0.01 sys=0.00, real=0.00 secs] 
2019-06-09T05:55:44.332+0300: 24.197: [GC (Allocation Failure) [PSYoungGen: 92512K->320K(134656K)] 132808K->40624K(476160K), 0.0029585 secs] [Times: user=0.02 sys=0.00, real=0.01 secs] 
2019-06-09T05:55:46.174+0300: 26.040: [GC (Allocation Failure) [PSYoungGen: 98112K->448K(133632K)] 138416K->40752K(475136K), 0.0708849 secs] [Times: user=0.02 sys=0.01, real=0.07 secs] 
2019-06-09T05:55:47.998+0300: 27.863: [GC (Allocation Failure) [PSYoungGen: 98240K->480K(137728K)] 138544K->40792K(479232K), 0.0026711 secs] [Times: user=0.01 sys=0.00, real=0.00 secs] 
2019-06-09T05:55:49.926+0300: 29.792: [GC (Allocation Failure) [PSYoungGen: 103904K->512K(136192K)] 144216K->40832K(477696K), 0.0023361 secs] [Times: user=0.01 sys=0.00, real=0.00 secs] 
2019-06-09T05:55:51.823+0300: 31.688: [GC (Allocation Failure) [PSYoungGen: 103936K->544K(141312K)] 144256K->40872K(482816K), 0.0035260 secs] [Times: user=0.02 sys=0.00, real=0.00 secs] 
2019-06-09T05:55:53.880+0300: 33.745: [GC (Allocation Failure) [PSYoungGen: 110624K->544K(139264K)] 150952K->40872K(480768K), 0.0034175 secs] [Times: user=0.02 sys=0.00, real=0.01 secs] 
2019-06-09T05:55:55.934+0300: 35.799: [GC (Allocation Failure) [PSYoungGen: 110624K->512K(144384K)] 150952K->40840K(485888K), 0.0032983 secs] [Times: user=0.01 sys=0.00, real=0.01 secs] 
2019-06-09T05:55:58.089+0300: 37.954: [GC (Allocation Failure) [PSYoungGen: 117248K->640K(142848K)] 157576K->40968K(484352K), 0.0026357 secs] [Times: user=0.02 sys=0.00, real=0.00 secs] 
2019-06-09T05:56:00.265+0300: 40.130: [GC (Allocation Failure) [PSYoungGen: 117376K->576K(147456K)] 157704K->40904K(488960K), 0.0033052 secs] [Times: user=0.01 sys=0.01, real=0.00 secs] 
2019-06-09T05:56:02.559+0300: 42.424: [GC (Allocation Failure) [PSYoungGen: 123456K->704K(145920K)] 163784K->41032K(487424K), 0.0026103 secs] [Times: user=0.01 sys=0.00, real=0.00 secs] 
2019-06-09T05:56:04.862+0300: 44.727: [GC (Allocation Failure) [PSYoungGen: 123584K->832K(150016K)] 163912K->41160K(491520K), 0.0031118 secs] [Times: user=0.01 sys=0.00, real=0.01 secs] 
05:56:12.896 [Curator-PathChildrenCache-0] ERROR o.a.c.f.r.c.PathChildrenCache  - 
java.lang.IllegalStateException: instance must be started before calling this method
	at org.apache.curator.shaded.com.google.common.base.Preconditions.checkState(Preconditions.java:444)
	at org.apache.curator.framework.imps.CuratorFrameworkImpl.getChildren(CuratorFrameworkImpl.java:456)
	at org.apache.curator.framework.recipes.cache.PathChildrenCache.refresh(PathChildrenCache.java:521)
	at org.apache.curator.framework.recipes.cache.RefreshOperation.invoke(RefreshOperation.java:35)
	at org.apache.curator.framework.recipes.cache.PathChildrenCache$9.run(PathChildrenCache.java:786)
	at java.util.concurrent.Executors$RunnableAdapter.call(Executors.java:511)
	at java.util.concurrent.FutureTask.run(FutureTask.java:266)
	at java.util.concurrent.Executors$RunnableAdapter.call(Executors.java:511)
	at java.util.concurrent.FutureTask.run(FutureTask.java:266)
	at java.util.concurrent.ThreadPoolExecutor.runWorker(ThreadPoolExecutor.java:1149)
	at java.util.concurrent.ThreadPoolExecutor$Worker.run(ThreadPoolExecutor.java:624)
	at java.lang.Thread.run(Thread.java:748)
2019-06-09T05:56:12.927+0300: 52.792: [GC (Allocation Failure) [PSYoungGen: 128832K->1434K(148480K)] 169160K->41787K(489984K), 0.0027598 secs] [Times: user=0.01 sys=0.00, real=0.00 secs] 
05:56:12.989 [worker-akka.actor.default-dispatcher-8] ERROR c.s.f.r.WorkerApplication  - Something went wrong during trace flush
java.nio.file.AccessDeniedException: /tmp/trace.csv
	at sun.nio.fs.UnixException.translateToIOException(UnixException.java:84)
	at sun.nio.fs.UnixException.rethrowAsIOException(UnixException.java:102)
	at sun.nio.fs.UnixException.rethrowAsIOException(UnixException.java:107)
	at sun.nio.fs.UnixFileSystemProvider.newByteChannel(UnixFileSystemProvider.java:214)
	at java.nio.file.spi.FileSystemProvider.newOutputStream(FileSystemProvider.java:434)
	at java.nio.file.Files.newOutputStream(Files.java:216)
	at java.nio.file.Files.newBufferedWriter(Files.java:2860)
	at java.nio.file.Files.newBufferedWriter(Files.java:2896)
	at com.spbsu.flamestream.runtime.utils.tracing.Tracing.flush(Tracing.java:35)
	at com.spbsu.flamestream.runtime.WorkerApplication.lambda$run$0(WorkerApplication.java:109)
	at akka.actor.ActorSystemImpl$TerminationCallbacks$$anonfun$addRec$1$1.applyOrElse(ActorSystem.scala:1036)
	at akka.actor.ActorSystemImpl$TerminationCallbacks$$anonfun$addRec$1$1.applyOrElse(ActorSystem.scala:1036)
	at scala.concurrent.Future$$anonfun$andThen$1.apply(Future.scala:436)
	at scala.concurrent.Future$$anonfun$andThen$1.apply(Future.scala:435)
	at scala.concurrent.impl.CallbackRunnable.run(Promise.scala:36)
	at akka.dispatch.BatchingExecutor$AbstractBatch.processBatch(BatchingExecutor.scala:55)
	at akka.dispatch.BatchingExecutor$BlockableBatch$$anonfun$run$1.apply$mcV$sp(BatchingExecutor.scala:91)
	at akka.dispatch.BatchingExecutor$BlockableBatch$$anonfun$run$1.apply(BatchingExecutor.scala:91)
	at akka.dispatch.BatchingExecutor$BlockableBatch$$anonfun$run$1.apply(BatchingExecutor.scala:91)
	at scala.concurrent.BlockContext$.withBlockContext(BlockContext.scala:72)
	at akka.dispatch.BatchingExecutor$BlockableBatch.run(BatchingExecutor.scala:90)
	at akka.dispatch.TaskInvocation.run(AbstractDispatcher.scala:40)
	at akka.dispatch.ForkJoinExecutorConfigurator$AkkaForkJoinTask.exec(ForkJoinExecutorConfigurator.scala:44)
	at akka.dispatch.forkjoin.ForkJoinTask.doExec(ForkJoinTask.java:260)
	at akka.dispatch.forkjoin.ForkJoinPool$WorkQueue.runTask(ForkJoinPool.java:1339)
	at akka.dispatch.forkjoin.ForkJoinPool.runWorker(ForkJoinPool.java:1979)
	at akka.dispatch.forkjoin.ForkJoinWorkerThread.run(ForkJoinWorkerThread.java:107)
Heap
 PSYoungGen      total 148480K, used 6338K [0x00000000f5980000, 0x0000000100000000, 0x0000000100000000)
  eden space 128000K, 3% used [0x00000000f5980000,0x00000000f5e49f88,0x00000000fd680000)
  from space 20480K, 7% used [0x00000000fd680000,0x00000000fd7e69f8,0x00000000fea80000)
  to   space 18944K, 0% used [0x00000000fed80000,0x00000000fed80000,0x0000000100000000)
 ParOldGen       total 341504K, used 40352K [0x00000000e0c00000, 0x00000000f5980000, 0x00000000f5980000)
  object space 341504K, 11% used [0x00000000e0c00000,0x00000000e3368270,0x00000000f5980000)
 Metaspace       used 36099K, capacity 37064K, committed 37208K, reserved 1081344K
  class space    used 4984K, capacity 5188K, committed 5248K, reserved 1048576K
