19:45:00,393 |-INFO in ch.qos.logback.classic.LoggerContext[default] - Could NOT find resource [logback-test.xml]
19:45:00,393 |-INFO in ch.qos.logback.classic.LoggerContext[default] - Could NOT find resource [logback.groovy]
19:45:00,394 |-INFO in ch.qos.logback.classic.LoggerContext[default] - Found resource [logback.xml] at [jar:file:/root/flamestream/lib/flamestream-runtime-1.0-SNAPSHOT.jar!/logback.xml]
19:45:00,394 |-WARN in ch.qos.logback.classic.LoggerContext[default] - Resource [logback.xml] occurs multiple times on the classpath.
19:45:00,395 |-WARN in ch.qos.logback.classic.LoggerContext[default] - Resource [logback.xml] occurs at [jar:file:/root/flamestream/lib/flamestream-runtime-1.0-SNAPSHOT.jar!/logback.xml]
19:45:00,395 |-WARN in ch.qos.logback.classic.LoggerContext[default] - Resource [logback.xml] occurs at [jar:file:/root/flamestream/flamestream-runtime-1.0-SNAPSHOT.jar!/logback.xml]
19:45:00,413 |-INFO in ch.qos.logback.core.joran.spi.ConfigurationWatchList@3fb6a447 - URL [jar:file:/root/flamestream/lib/flamestream-runtime-1.0-SNAPSHOT.jar!/logback.xml] is not of type file
19:45:00,482 |-INFO in ch.qos.logback.classic.joran.action.ConfigurationAction - debug attribute not set
19:45:00,483 |-INFO in ch.qos.logback.core.joran.action.AppenderAction - About to instantiate appender of type [ch.qos.logback.core.ConsoleAppender]
19:45:00,497 |-INFO in ch.qos.logback.core.joran.action.AppenderAction - Naming appender as [STDOUT]
19:45:00,515 |-INFO in ch.qos.logback.core.joran.action.NestedComplexPropertyIA - Assuming default type [ch.qos.logback.classic.encoder.PatternLayoutEncoder] for [encoder] property
19:45:00,608 |-INFO in ch.qos.logback.core.joran.action.AppenderAction - About to instantiate appender of type [ch.qos.logback.core.rolling.RollingFileAppender]
19:45:00,612 |-INFO in ch.qos.logback.core.joran.action.AppenderAction - Naming appender as [FILE]
19:45:00,643 |-INFO in c.q.l.core.rolling.TimeBasedRollingPolicy@127618319 - No compression will be used
19:45:00,644 |-INFO in c.q.l.core.rolling.TimeBasedRollingPolicy@127618319 - Will use the pattern /tmp/application_%d{yyyy-MM-dd}.%i.log for the active file
19:45:00,647 |-INFO in ch.qos.logback.core.rolling.SizeAndTimeBasedFNATP@6b2fad11 - The date pattern is 'yyyy-MM-dd' from file name pattern '/tmp/application_%d{yyyy-MM-dd}.%i.log'.
19:45:00,647 |-INFO in ch.qos.logback.core.rolling.SizeAndTimeBasedFNATP@6b2fad11 - Roll-over at midnight.
19:45:00,652 |-INFO in ch.qos.logback.core.rolling.SizeAndTimeBasedFNATP@6b2fad11 - Setting initial period to Mon Jun 10 19:43:27 UTC 2019
19:45:00,652 |-WARN in ch.qos.logback.core.rolling.SizeAndTimeBasedFNATP@6b2fad11 - SizeAndTimeBasedFNATP is deprecated. Use SizeAndTimeBasedRollingPolicy instead
19:45:00,652 |-WARN in ch.qos.logback.core.rolling.SizeAndTimeBasedFNATP@6b2fad11 - For more information see http://logback.qos.ch/manual/appenders.html#SizeAndTimeBasedRollingPolicy
19:45:00,656 |-INFO in ch.qos.logback.core.joran.action.NestedComplexPropertyIA - Assuming default type [ch.qos.logback.classic.encoder.PatternLayoutEncoder] for [encoder] property
19:45:00,661 |-INFO in ch.qos.logback.core.rolling.RollingFileAppender[FILE] - Active log file name: /tmp/application.log
19:45:00,661 |-INFO in ch.qos.logback.core.rolling.RollingFileAppender[FILE] - File property is set to [/tmp/application.log]
19:45:00,662 |-INFO in ch.qos.logback.classic.joran.action.RootLoggerAction - Setting level of ROOT logger to WARN
19:45:00,662 |-INFO in ch.qos.logback.core.joran.action.AppenderRefAction - Attaching appender named [STDOUT] to Logger[ROOT]
19:45:00,664 |-INFO in ch.qos.logback.core.joran.action.AppenderRefAction - Attaching appender named [FILE] to Logger[ROOT]
19:45:00,664 |-INFO in ch.qos.logback.classic.joran.action.ConfigurationAction - End of configuration.
19:45:00,664 |-INFO in ch.qos.logback.classic.joran.JoranConfigurator@79698539 - Registering current configuration as safe fallback point

Ama winner
Ama winner
2019-06-10T19:45:01.959+0000: 1.754: [Full GC (Metadata GC Threshold) 2019-06-10T19:45:01.959+0000: 1.754: [Tenured: 0K->15176K(341376K), 0.0407629 secs] 114987K->15176K(494976K), [Metaspace: 20733K->20733K(1067008K)], 0.0408319 secs] [Times: user=0.04 sys=0.00, real=0.04 secs] 
2019-06-10T19:45:25.708+0000: 25.503: [GC (Allocation Failure) 2019-06-10T19:45:25.708+0000: 25.503: [DefNew: 136576K->17024K(153600K), 0.0302701 secs] 151752K->52417K(494976K), 0.0303390 secs] [Times: user=0.03 sys=0.00, real=0.03 secs] 
2019-06-10T19:45:30.058+0000: 29.853: [Full GC (Metadata GC Threshold) 2019-06-10T19:45:30.058+0000: 29.853: [Tenured: 35393K->43632K(341376K), 0.0562338 secs] 132889K->43632K(494976K), [Metaspace: 34590K->34590K(1079296K)], 0.0563176 secs] [Times: user=0.06 sys=0.00, real=0.06 secs] 
2019-06-10T19:45:37.745+0000: 37.540: [GC (Allocation Failure) 2019-06-10T19:45:37.745+0000: 37.540: [DefNew: 136576K->51K(153600K), 0.0017579 secs] 180208K->43684K(494976K), 0.0018203 secs] [Times: user=0.00 sys=0.00, real=0.00 secs] 
2019-06-10T19:45:45.472+0000: 45.267: [GC (Allocation Failure) 2019-06-10T19:45:45.472+0000: 45.267: [DefNew: 136627K->50K(153600K), 0.0015719 secs] 180260K->43683K(494976K), 0.0016300 secs] [Times: user=0.00 sys=0.00, real=0.00 secs] 
2019-06-10T19:45:53.249+0000: 53.044: [GC (Allocation Failure) 2019-06-10T19:45:53.249+0000: 53.044: [DefNew: 136626K->54K(153600K), 0.0016227 secs] 180259K->43686K(494976K), 0.0016826 secs] [Times: user=0.00 sys=0.00, real=0.01 secs] 
2019-06-10T19:46:00.932+0000: 60.727: [GC (Allocation Failure) 2019-06-10T19:46:00.932+0000: 60.727: [DefNew: 136630K->228K(153600K), 0.0018902 secs] 180262K->43861K(494976K), 0.0019550 secs] [Times: user=0.00 sys=0.00, real=0.00 secs] 
2019-06-10T19:46:09.853+0000: 69.648: [GC (Allocation Failure) 2019-06-10T19:46:09.853+0000: 69.648: [DefNew: 136804K->258K(153600K), 0.0020781 secs] 180437K->43890K(494976K), 0.0021372 secs] [Times: user=0.01 sys=0.00, real=0.00 secs] 
19:46:20.456 [Curator-PathChildrenCache-0] ERROR o.a.c.f.r.c.PathChildrenCache  - 
java.lang.IllegalStateException: instance must be started before calling this method
	at org.apache.curator.shaded.com.google.common.base.Preconditions.checkState(Preconditions.java:444)
	at org.apache.curator.framework.imps.CuratorFrameworkImpl.getChildren(CuratorFrameworkImpl.java:456)
	at org.apache.curator.framework.recipes.cache.PathChildrenCache.refresh(PathChildrenCache.java:521)
	at org.apache.curator.framework.recipes.cache.RefreshOperation.invoke(RefreshOperation.java:35)
	at org.apache.curator.framework.recipes.cache.PathChildrenCache$9.run(PathChildrenCache.java:786)
	at java.util.concurrent.Executors$RunnableAdapter.call(Executors.java:511)
	at java.util.concurrent.FutureTask.run(FutureTask.java:266)
	at java.util.concurrent.Executors$RunnableAdapter.call(Executors.java:511)
	at java.util.concurrent.FutureTask.run(FutureTask.java:266)
	at java.util.concurrent.ThreadPoolExecutor.runWorker(ThreadPoolExecutor.java:1149)
	at java.util.concurrent.ThreadPoolExecutor$Worker.run(ThreadPoolExecutor.java:624)
	at java.lang.Thread.run(Thread.java:748)
Heap
 def new generation   total 153600K, used 50261K [0x00000000e0c00000, 0x00000000eb2a0000, 0x00000000eb2a0000)
  eden space 136576K,  36% used [0x00000000e0c00000, 0x00000000e3cd4f60, 0x00000000e9160000)
  from space 17024K,   1% used [0x00000000e9160000, 0x00000000e91a0810, 0x00000000ea200000)
  to   space 17024K,   0% used [0x00000000ea200000, 0x00000000ea200000, 0x00000000eb2a0000)
 tenured generation   total 341376K, used 43632K [0x00000000eb2a0000, 0x0000000100000000, 0x0000000100000000)
   the space 341376K,  12% used [0x00000000eb2a0000, 0x00000000edd3c348, 0x00000000edd3c400, 0x0000000100000000)
 Metaspace       used 36064K, capacity 36986K, committed 37120K, reserved 1081344K
  class space    used 4861K, capacity 5073K, committed 5120K, reserved 1048576K
