13:02:45,646 |-INFO in ch.qos.logback.classic.LoggerContext[default] - Could NOT find resource [logback-test.xml]
13:02:45,646 |-INFO in ch.qos.logback.classic.LoggerContext[default] - Could NOT find resource [logback.groovy]
13:02:45,646 |-INFO in ch.qos.logback.classic.LoggerContext[default] - Found resource [logback.xml] at [jar:file:/root/flamestream/lib/flamestream-runtime-1.0-SNAPSHOT.jar!/logback.xml]
13:02:45,647 |-WARN in ch.qos.logback.classic.LoggerContext[default] - Resource [logback.xml] occurs multiple times on the classpath.
13:02:45,647 |-WARN in ch.qos.logback.classic.LoggerContext[default] - Resource [logback.xml] occurs at [jar:file:/root/flamestream/lib/flamestream-runtime-1.0-SNAPSHOT.jar!/logback.xml]
13:02:45,647 |-WARN in ch.qos.logback.classic.LoggerContext[default] - Resource [logback.xml] occurs at [jar:file:/root/flamestream/flamestream-runtime-1.0-SNAPSHOT.jar!/logback.xml]
13:02:45,667 |-INFO in ch.qos.logback.core.joran.spi.ConfigurationWatchList@3fb6a447 - URL [jar:file:/root/flamestream/lib/flamestream-runtime-1.0-SNAPSHOT.jar!/logback.xml] is not of type file
13:02:45,740 |-INFO in ch.qos.logback.classic.joran.action.ConfigurationAction - debug attribute not set
13:02:45,741 |-INFO in ch.qos.logback.core.joran.action.AppenderAction - About to instantiate appender of type [ch.qos.logback.core.ConsoleAppender]
13:02:45,757 |-INFO in ch.qos.logback.core.joran.action.AppenderAction - Naming appender as [STDOUT]
13:02:45,778 |-INFO in ch.qos.logback.core.joran.action.NestedComplexPropertyIA - Assuming default type [ch.qos.logback.classic.encoder.PatternLayoutEncoder] for [encoder] property
13:02:45,861 |-INFO in ch.qos.logback.core.joran.action.AppenderAction - About to instantiate appender of type [ch.qos.logback.core.rolling.RollingFileAppender]
13:02:45,866 |-INFO in ch.qos.logback.core.joran.action.AppenderAction - Naming appender as [FILE]
13:02:45,898 |-INFO in c.q.l.core.rolling.TimeBasedRollingPolicy@127618319 - No compression will be used
13:02:45,899 |-INFO in c.q.l.core.rolling.TimeBasedRollingPolicy@127618319 - Will use the pattern /tmp/application_%d{yyyy-MM-dd}.%i.log for the active file
13:02:45,902 |-INFO in ch.qos.logback.core.rolling.SizeAndTimeBasedFNATP@6b2fad11 - The date pattern is 'yyyy-MM-dd' from file name pattern '/tmp/application_%d{yyyy-MM-dd}.%i.log'.
13:02:45,902 |-INFO in ch.qos.logback.core.rolling.SizeAndTimeBasedFNATP@6b2fad11 - Roll-over at midnight.
13:02:45,908 |-INFO in ch.qos.logback.core.rolling.SizeAndTimeBasedFNATP@6b2fad11 - Setting initial period to Mon Jun 10 13:01:19 UTC 2019
13:02:45,908 |-WARN in ch.qos.logback.core.rolling.SizeAndTimeBasedFNATP@6b2fad11 - SizeAndTimeBasedFNATP is deprecated. Use SizeAndTimeBasedRollingPolicy instead
13:02:45,908 |-WARN in ch.qos.logback.core.rolling.SizeAndTimeBasedFNATP@6b2fad11 - For more information see http://logback.qos.ch/manual/appenders.html#SizeAndTimeBasedRollingPolicy
13:02:45,912 |-INFO in ch.qos.logback.core.joran.action.NestedComplexPropertyIA - Assuming default type [ch.qos.logback.classic.encoder.PatternLayoutEncoder] for [encoder] property
13:02:45,917 |-INFO in ch.qos.logback.core.rolling.RollingFileAppender[FILE] - Active log file name: /tmp/application.log
13:02:45,917 |-INFO in ch.qos.logback.core.rolling.RollingFileAppender[FILE] - File property is set to [/tmp/application.log]
13:02:45,918 |-INFO in ch.qos.logback.classic.joran.action.RootLoggerAction - Setting level of ROOT logger to WARN
13:02:45,918 |-INFO in ch.qos.logback.core.joran.action.AppenderRefAction - Attaching appender named [STDOUT] to Logger[ROOT]
13:02:45,920 |-INFO in ch.qos.logback.core.joran.action.AppenderRefAction - Attaching appender named [FILE] to Logger[ROOT]
13:02:45,920 |-INFO in ch.qos.logback.classic.joran.action.ConfigurationAction - End of configuration.
13:02:45,921 |-INFO in ch.qos.logback.classic.joran.JoranConfigurator@79698539 - Registering current configuration as safe fallback point

Ama winner
Ama winner
2019-06-10T13:02:47.189+0000: 1.728: [Full GC (Metadata GC Threshold) 2019-06-10T13:02:47.189+0000: 1.728: [Tenured: 0K->15144K(341376K), 0.0414182 secs] 114924K->15144K(494976K), [Metaspace: 20738K->20738K(1067008K)], 0.0414865 secs] [Times: user=0.03 sys=0.00, real=0.04 secs] 
13:03:05.839 [Curator-PathChildrenCache-1] WARN  o.a.c.u.ZKPaths  - The version of ZooKeeper being used doesn't support Container nodes. CreateMode.PERSISTENT will be used instead.
2019-06-10T13:03:08.315+0000: 22.854: [GC (Allocation Failure) 2019-06-10T13:03:08.315+0000: 22.854: [DefNew: 136576K->17023K(153600K), 0.0292961 secs] 151720K->52561K(494976K), 0.0293809 secs] [Times: user=0.02 sys=0.01, real=0.03 secs] 
2019-06-10T13:03:09.653+0000: 24.192: [Full GC (Metadata GC Threshold) 2019-06-10T13:03:09.653+0000: 24.192: [Tenured: 35537K->44298K(341376K), 0.0411651 secs] 80335K->44298K(494976K), [Metaspace: 34587K->34587K(1079296K)], 0.0412447 secs] [Times: user=0.04 sys=0.01, real=0.04 secs] 
2019-06-10T13:03:19.291+0000: 33.830: [GC (Allocation Failure) 2019-06-10T13:03:19.291+0000: 33.830: [DefNew: 136576K->69K(153600K), 0.0019515 secs] 180874K->44367K(494976K), 0.0020101 secs] [Times: user=0.00 sys=0.00, real=0.00 secs] 
2019-06-10T13:03:28.875+0000: 43.414: [GC (Allocation Failure) 2019-06-10T13:03:28.875+0000: 43.414: [DefNew: 136645K->72K(153600K), 0.0017570 secs] 180943K->44370K(494976K), 0.0018230 secs] [Times: user=0.00 sys=0.00, real=0.01 secs] 
2019-06-10T13:03:38.616+0000: 53.155: [GC (Allocation Failure) 2019-06-10T13:03:38.616+0000: 53.155: [DefNew: 136648K->66K(153600K), 0.0018624 secs] 180946K->44364K(494976K), 0.0019221 secs] [Times: user=0.00 sys=0.00, real=0.01 secs] 
2019-06-10T13:03:48.233+0000: 62.772: [GC (Allocation Failure) 2019-06-10T13:03:48.234+0000: 62.772: [DefNew: 136642K->366K(153600K), 0.0023132 secs] 180940K->44665K(494976K), 0.0023747 secs] [Times: user=0.00 sys=0.00, real=0.00 secs] 
2019-06-10T13:04:00.143+0000: 74.682: [GC (Allocation Failure) 2019-06-10T13:04:00.143+0000: 74.682: [DefNew: 136942K->168K(153600K), 0.0022248 secs] 181241K->44466K(494976K), 0.0022914 secs] [Times: user=0.00 sys=0.00, real=0.00 secs] 
2019-06-10T13:04:12.304+0000: 86.843: [GC (Allocation Failure) 2019-06-10T13:04:12.304+0000: 86.843: [DefNew: 136744K->173K(153600K), 0.0021975 secs] 181042K->44471K(494976K), 0.0022585 secs] [Times: user=0.01 sys=0.00, real=0.00 secs] 
2019-06-10T13:04:31.108+0000: 105.647: [GC (Allocation Failure) 2019-06-10T13:04:31.108+0000: 105.647: [DefNew: 136749K->453K(153600K), 0.0030426 secs] 181047K->44751K(494976K), 0.0030973 secs] [Times: user=0.00 sys=0.00, real=0.01 secs] 
13:04:31.220 [Curator-PathChildrenCache-0] ERROR o.a.c.f.r.c.PathChildrenCache  - 
java.lang.IllegalStateException: instance must be started before calling this method
	at org.apache.curator.shaded.com.google.common.base.Preconditions.checkState(Preconditions.java:444)
	at org.apache.curator.framework.imps.CuratorFrameworkImpl.getChildren(CuratorFrameworkImpl.java:456)
	at org.apache.curator.framework.recipes.cache.PathChildrenCache.refresh(PathChildrenCache.java:521)
	at org.apache.curator.framework.recipes.cache.RefreshOperation.invoke(RefreshOperation.java:35)
	at org.apache.curator.framework.recipes.cache.PathChildrenCache$9.run(PathChildrenCache.java:786)
	at java.util.concurrent.Executors$RunnableAdapter.call(Executors.java:511)
	at java.util.concurrent.FutureTask.run(FutureTask.java:266)
	at java.util.concurrent.Executors$RunnableAdapter.call(Executors.java:511)
	at java.util.concurrent.FutureTask.run(FutureTask.java:266)
	at java.util.concurrent.ThreadPoolExecutor.runWorker(ThreadPoolExecutor.java:1149)
	at java.util.concurrent.ThreadPoolExecutor$Worker.run(ThreadPoolExecutor.java:624)
	at java.lang.Thread.run(Thread.java:748)
Heap
 def new generation   total 153600K, used 17586K [0x00000000e0c00000, 0x00000000eb2a0000, 0x00000000eb2a0000)
  eden space 136576K,  12% used [0x00000000e0c00000, 0x00000000e1cbb568, 0x00000000e9160000)
  from space 17024K,   2% used [0x00000000e9160000, 0x00000000e91d14e0, 0x00000000ea200000)
  to   space 17024K,   0% used [0x00000000ea200000, 0x00000000ea200000, 0x00000000eb2a0000)
 tenured generation   total 341376K, used 44298K [0x00000000eb2a0000, 0x0000000100000000, 0x0000000100000000)
   the space 341376K,  12% used [0x00000000eb2a0000, 0x00000000edde2900, 0x00000000edde2a00, 0x0000000100000000)
 Metaspace       used 36214K, capacity 37098K, committed 37376K, reserved 1081344K
  class space    used 4871K, capacity 5081K, committed 5120K, reserved 1048576K
