08:05:08,661 |-INFO in ch.qos.logback.classic.LoggerContext[default] - Could NOT find resource [logback-test.xml]
08:05:08,661 |-INFO in ch.qos.logback.classic.LoggerContext[default] - Could NOT find resource [logback.groovy]
08:05:08,661 |-INFO in ch.qos.logback.classic.LoggerContext[default] - Found resource [logback.xml] at [jar:file:/root/flamestream/lib/flamestream-runtime-1.0-SNAPSHOT.jar!/logback.xml]
08:05:08,662 |-WARN in ch.qos.logback.classic.LoggerContext[default] - Resource [logback.xml] occurs multiple times on the classpath.
08:05:08,662 |-WARN in ch.qos.logback.classic.LoggerContext[default] - Resource [logback.xml] occurs at [jar:file:/root/flamestream/lib/flamestream-runtime-1.0-SNAPSHOT.jar!/logback.xml]
08:05:08,662 |-WARN in ch.qos.logback.classic.LoggerContext[default] - Resource [logback.xml] occurs at [jar:file:/root/flamestream/flamestream-runtime-1.0-SNAPSHOT.jar!/logback.xml]
08:05:08,681 |-INFO in ch.qos.logback.core.joran.spi.ConfigurationWatchList@3fb6a447 - URL [jar:file:/root/flamestream/lib/flamestream-runtime-1.0-SNAPSHOT.jar!/logback.xml] is not of type file
08:05:08,753 |-INFO in ch.qos.logback.classic.joran.action.ConfigurationAction - debug attribute not set
08:05:08,754 |-INFO in ch.qos.logback.core.joran.action.AppenderAction - About to instantiate appender of type [ch.qos.logback.core.ConsoleAppender]
08:05:08,770 |-INFO in ch.qos.logback.core.joran.action.AppenderAction - Naming appender as [STDOUT]
08:05:08,786 |-INFO in ch.qos.logback.core.joran.action.NestedComplexPropertyIA - Assuming default type [ch.qos.logback.classic.encoder.PatternLayoutEncoder] for [encoder] property
08:05:08,873 |-INFO in ch.qos.logback.core.joran.action.AppenderAction - About to instantiate appender of type [ch.qos.logback.core.rolling.RollingFileAppender]
08:05:08,882 |-INFO in ch.qos.logback.core.joran.action.AppenderAction - Naming appender as [FILE]
08:05:08,914 |-INFO in c.q.l.core.rolling.TimeBasedRollingPolicy@127618319 - No compression will be used
08:05:08,916 |-INFO in c.q.l.core.rolling.TimeBasedRollingPolicy@127618319 - Will use the pattern /tmp/application_%d{yyyy-MM-dd}.%i.log for the active file
08:05:08,919 |-INFO in ch.qos.logback.core.rolling.SizeAndTimeBasedFNATP@6b2fad11 - The date pattern is 'yyyy-MM-dd' from file name pattern '/tmp/application_%d{yyyy-MM-dd}.%i.log'.
08:05:08,919 |-INFO in ch.qos.logback.core.rolling.SizeAndTimeBasedFNATP@6b2fad11 - Roll-over at midnight.
08:05:08,924 |-INFO in ch.qos.logback.core.rolling.SizeAndTimeBasedFNATP@6b2fad11 - Setting initial period to Tue Jun 11 08:03:40 UTC 2019
08:05:08,924 |-WARN in ch.qos.logback.core.rolling.SizeAndTimeBasedFNATP@6b2fad11 - SizeAndTimeBasedFNATP is deprecated. Use SizeAndTimeBasedRollingPolicy instead
08:05:08,924 |-WARN in ch.qos.logback.core.rolling.SizeAndTimeBasedFNATP@6b2fad11 - For more information see http://logback.qos.ch/manual/appenders.html#SizeAndTimeBasedRollingPolicy
08:05:08,928 |-INFO in ch.qos.logback.core.joran.action.NestedComplexPropertyIA - Assuming default type [ch.qos.logback.classic.encoder.PatternLayoutEncoder] for [encoder] property
08:05:08,933 |-INFO in ch.qos.logback.core.rolling.RollingFileAppender[FILE] - Active log file name: /tmp/application.log
08:05:08,933 |-INFO in ch.qos.logback.core.rolling.RollingFileAppender[FILE] - File property is set to [/tmp/application.log]
08:05:08,934 |-INFO in ch.qos.logback.classic.joran.action.RootLoggerAction - Setting level of ROOT logger to WARN
08:05:08,934 |-INFO in ch.qos.logback.core.joran.action.AppenderRefAction - Attaching appender named [STDOUT] to Logger[ROOT]
08:05:08,936 |-INFO in ch.qos.logback.core.joran.action.AppenderRefAction - Attaching appender named [FILE] to Logger[ROOT]
08:05:08,936 |-INFO in ch.qos.logback.classic.joran.action.ConfigurationAction - End of configuration.
08:05:08,937 |-INFO in ch.qos.logback.classic.joran.JoranConfigurator@79698539 - Registering current configuration as safe fallback point

Ama winner
Ama winner
2019-06-11T08:05:10.292+0000: 1.822: [Full GC (Metadata GC Threshold) 2019-06-11T08:05:10.292+0000: 1.822: [Tenured: 0K->15176K(341376K), 0.0426398 secs] 114923K->15176K(494976K), [Metaspace: 20743K->20743K(1067008K)], 0.0427143 secs] [Times: user=0.03 sys=0.01, real=0.04 secs] 
08:05:28.108 [Curator-PathChildrenCache-1] WARN  o.a.c.u.ZKPaths  - The version of ZooKeeper being used doesn't support Container nodes. CreateMode.PERSISTENT will be used instead.
2019-06-11T08:05:30.692+0000: 22.222: [GC (Allocation Failure) 2019-06-11T08:05:30.692+0000: 22.222: [DefNew: 136576K->17023K(153600K), 0.0269221 secs] 151752K->52476K(494976K), 0.0269943 secs] [Times: user=0.01 sys=0.02, real=0.03 secs] 
2019-06-11T08:05:35.188+0000: 26.718: [Full GC (Metadata GC Threshold) 2019-06-11T08:05:35.188+0000: 26.718: [Tenured: 35452K->43839K(341376K), 0.0565387 secs] 154681K->43839K(494976K), [Metaspace: 34627K->34627K(1079296K)], 0.0566115 secs] [Times: user=0.06 sys=0.00, real=0.05 secs] 
2019-06-11T08:05:41.724+0000: 33.255: [GC (Allocation Failure) 2019-06-11T08:05:41.725+0000: 33.255: [DefNew: 136576K->67K(153600K), 0.0019354 secs] 180415K->43906K(494976K), 0.0031757 secs] [Times: user=0.00 sys=0.00, real=0.01 secs] 
2019-06-11T08:05:48.256+0000: 39.786: [GC (Allocation Failure) 2019-06-11T08:05:48.256+0000: 39.786: [DefNew: 136643K->65K(153600K), 0.0017213 secs] 180482K->43904K(494976K), 0.0017801 secs] [Times: user=0.00 sys=0.00, real=0.01 secs] 
2019-06-11T08:05:54.726+0000: 46.257: [GC (Allocation Failure) 2019-06-11T08:05:54.726+0000: 46.257: [DefNew: 136641K->70K(153600K), 0.0017515 secs] 180480K->43910K(494976K), 0.0018091 secs] [Times: user=0.00 sys=0.00, real=0.00 secs] 
2019-06-11T08:06:01.299+0000: 52.829: [GC (Allocation Failure) 2019-06-11T08:06:01.299+0000: 52.829: [DefNew: 136646K->70K(153600K), 0.0017978 secs] 180486K->43909K(494976K), 0.0018681 secs] [Times: user=0.00 sys=0.00, real=0.00 secs] 
2019-06-11T08:06:10.393+0000: 61.923: [GC (Allocation Failure) 2019-06-11T08:06:10.393+0000: 61.923: [DefNew: 136646K->116K(153600K), 0.0019173 secs] 180485K->43955K(494976K), 0.0019749 secs] [Times: user=0.00 sys=0.00, real=0.00 secs] 
08:06:20.002 [Curator-PathChildrenCache-0] ERROR o.a.c.f.r.c.PathChildrenCache  - 
java.lang.IllegalStateException: instance must be started before calling this method
	at org.apache.curator.shaded.com.google.common.base.Preconditions.checkState(Preconditions.java:444)
	at org.apache.curator.framework.imps.CuratorFrameworkImpl.getChildren(CuratorFrameworkImpl.java:456)
	at org.apache.curator.framework.recipes.cache.PathChildrenCache.refresh(PathChildrenCache.java:521)
	at org.apache.curator.framework.recipes.cache.RefreshOperation.invoke(RefreshOperation.java:35)
	at org.apache.curator.framework.recipes.cache.PathChildrenCache$9.run(PathChildrenCache.java:786)
	at java.util.concurrent.Executors$RunnableAdapter.call(Executors.java:511)
	at java.util.concurrent.FutureTask.run(FutureTask.java:266)
	at java.util.concurrent.Executors$RunnableAdapter.call(Executors.java:511)
	at java.util.concurrent.FutureTask.run(FutureTask.java:266)
	at java.util.concurrent.ThreadPoolExecutor.runWorker(ThreadPoolExecutor.java:1149)
	at java.util.concurrent.ThreadPoolExecutor$Worker.run(ThreadPoolExecutor.java:624)
	at java.lang.Thread.run(Thread.java:748)
Heap
 def new generation   total 153600K, used 54763K [0x00000000e0c00000, 0x00000000eb2a0000, 0x00000000eb2a0000)
  eden space 136576K,  40% used [0x00000000e0c00000, 0x00000000e415dd90, 0x00000000e9160000)
  from space 17024K,   0% used [0x00000000e9160000, 0x00000000e917d038, 0x00000000ea200000)
  to   space 17024K,   0% used [0x00000000ea200000, 0x00000000ea200000, 0x00000000eb2a0000)
 tenured generation   total 341376K, used 43839K [0x00000000eb2a0000, 0x0000000100000000, 0x0000000100000000)
   the space 341376K,  12% used [0x00000000eb2a0000, 0x00000000edd6fd08, 0x00000000edd6fe00, 0x0000000100000000)
 Metaspace       used 36013K, capacity 36934K, committed 37120K, reserved 1081344K
  class space    used 4855K, capacity 5075K, committed 5120K, reserved 1048576K
