18:53:46,216 |-INFO in ch.qos.logback.classic.LoggerContext[default] - Could NOT find resource [logback-test.xml]
18:53:46,216 |-INFO in ch.qos.logback.classic.LoggerContext[default] - Could NOT find resource [logback.groovy]
18:53:46,217 |-INFO in ch.qos.logback.classic.LoggerContext[default] - Found resource [logback.xml] at [jar:file:/home/ubuntu/flamestream/lib/flamestream-runtime-1.0-SNAPSHOT.jar!/logback.xml]
18:53:46,217 |-WARN in ch.qos.logback.classic.LoggerContext[default] - Resource [logback.xml] occurs multiple times on the classpath.
18:53:46,217 |-WARN in ch.qos.logback.classic.LoggerContext[default] - Resource [logback.xml] occurs at [jar:file:/home/ubuntu/flamestream/flamestream-runtime-1.0-SNAPSHOT.jar!/logback.xml]
18:53:46,217 |-WARN in ch.qos.logback.classic.LoggerContext[default] - Resource [logback.xml] occurs at [jar:file:/home/ubuntu/flamestream/lib/flamestream-runtime-1.0-SNAPSHOT.jar!/logback.xml]
18:53:46,234 |-INFO in ch.qos.logback.core.joran.spi.ConfigurationWatchList@4678c730 - URL [jar:file:/home/ubuntu/flamestream/lib/flamestream-runtime-1.0-SNAPSHOT.jar!/logback.xml] is not of type file
18:53:46,309 |-INFO in ch.qos.logback.classic.joran.action.ConfigurationAction - debug attribute not set
18:53:46,311 |-INFO in ch.qos.logback.core.joran.action.AppenderAction - About to instantiate appender of type [ch.qos.logback.core.ConsoleAppender]
18:53:46,322 |-INFO in ch.qos.logback.core.joran.action.AppenderAction - Naming appender as [STDOUT]
18:53:46,339 |-INFO in ch.qos.logback.core.joran.action.NestedComplexPropertyIA - Assuming default type [ch.qos.logback.classic.encoder.PatternLayoutEncoder] for [encoder] property
18:53:46,426 |-INFO in ch.qos.logback.core.joran.action.AppenderAction - About to instantiate appender of type [ch.qos.logback.core.rolling.RollingFileAppender]
18:53:46,430 |-INFO in ch.qos.logback.core.joran.action.AppenderAction - Naming appender as [FILE]
18:53:46,473 |-INFO in c.q.l.core.rolling.TimeBasedRollingPolicy@1734853116 - No compression will be used
18:53:46,474 |-INFO in c.q.l.core.rolling.TimeBasedRollingPolicy@1734853116 - Will use the pattern /tmp/application_%d{yyyy-MM-dd}.%i.log for the active file
18:53:46,481 |-INFO in ch.qos.logback.core.rolling.SizeAndTimeBasedFNATP@29ee9faa - The date pattern is 'yyyy-MM-dd' from file name pattern '/tmp/application_%d{yyyy-MM-dd}.%i.log'.
18:53:46,481 |-INFO in ch.qos.logback.core.rolling.SizeAndTimeBasedFNATP@29ee9faa - Roll-over at midnight.
18:53:46,486 |-INFO in ch.qos.logback.core.rolling.SizeAndTimeBasedFNATP@29ee9faa - Setting initial period to Sat Sep 28 18:51:59 UTC 2019
18:53:46,486 |-WARN in ch.qos.logback.core.rolling.SizeAndTimeBasedFNATP@29ee9faa - SizeAndTimeBasedFNATP is deprecated. Use SizeAndTimeBasedRollingPolicy instead
18:53:46,486 |-WARN in ch.qos.logback.core.rolling.SizeAndTimeBasedFNATP@29ee9faa - For more information see http://logback.qos.ch/manual/appenders.html#SizeAndTimeBasedRollingPolicy
18:53:46,491 |-INFO in ch.qos.logback.core.joran.action.NestedComplexPropertyIA - Assuming default type [ch.qos.logback.classic.encoder.PatternLayoutEncoder] for [encoder] property
18:53:46,496 |-INFO in ch.qos.logback.core.rolling.RollingFileAppender[FILE] - Active log file name: /tmp/application.log
18:53:46,496 |-INFO in ch.qos.logback.core.rolling.RollingFileAppender[FILE] - File property is set to [/tmp/application.log]
18:53:46,497 |-INFO in ch.qos.logback.classic.joran.action.RootLoggerAction - Setting level of ROOT logger to INFO
18:53:46,497 |-INFO in ch.qos.logback.core.joran.action.AppenderRefAction - Attaching appender named [STDOUT] to Logger[ROOT]
18:53:46,497 |-INFO in ch.qos.logback.core.joran.action.AppenderRefAction - Attaching appender named [FILE] to Logger[ROOT]
18:53:46,497 |-INFO in ch.qos.logback.classic.joran.action.ConfigurationAction - End of configuration.
18:53:46,498 |-INFO in ch.qos.logback.classic.joran.JoranConfigurator@c038203 - Registering current configuration as safe fallback point

18:53:46.507 [main] INFO  c.s.f.r.WorkerApplication  - Starting worker with workerConfig 'WorkerConfig{id='flamestream-benchmarks-worker-3', localAddress=flamestream-benchmarks-worker-3/10.0.0.13:5412, zkString='flamestream-benchmarks-manager:12181', snapshotPath='/home/ubuntu/flamestream/data', guarantees=AT_MOST_ONCE}'
18:53:47.921 [worker-akka.actor.default-dispatcher-6] INFO  a.e.s.Slf4jLogger  - Slf4jLogger started
2019-09-28T18:53:48.062+0000: 2.171: [Full GC (Metadata GC Threshold) 2019-09-28T18:53:48.062+0000: 2.171: [Tenured: 0K->13625K(1024000K), 0.0485981 secs] 139471K->13625K(1484800K), [Metaspace: 20226K->20226K(1067008K)], 0.0486844 secs] [Times: user=0.04 sys=0.01, real=0.05 secs] 
18:53:48.206 [worker-akka.actor.default-dispatcher-6] WARN  a.r.RemoteActorRefProvider akka.remote.RemoteActorRefProvider - Using the 'remote' ActorRefProvider directly, which is a low-level layer. For most use cases, the 'cluster' abstraction on top of remoting is more suitable instead.
18:53:48.211 [worker-akka.actor.default-dispatcher-6] WARN  a.r.RemoteActorRefProvider akka.remote.RemoteActorRefProvider - Akka Cluster not in use - Using Akka Cluster is recommended if you need remote watch and deploy.
18:53:48.315 [worker-akka.actor.default-dispatcher-6] INFO  a.r.a.a.ArteryAeronUdpTransport(akka://worker) akka.remote.artery.aeron.ArteryAeronUdpTransport(akka://worker) - Started embedded media driver in directory [/dev/shm/aeron-flamestream-benchmarks-worker-3]
18:53:48.351 [worker-akka.actor.default-dispatcher-6] WARN  a.r.a.a.ArteryAeronUdpTransport(akka://worker) akka.remote.artery.aeron.ArteryAeronUdpTransport(akka://worker) - Aeron CnC version mismatch: compiled version = 15, file version = 16
18:53:48.589 [worker-akka.actor.default-dispatcher-6] INFO  a.r.a.a.ArteryAeronUdpTransport(akka://worker) akka.remote.artery.aeron.ArteryAeronUdpTransport(akka://worker) - Remoting started with transport [Artery aeron-udp]; listening on address [akka://worker@flamestream-benchmarks-worker-3:5412] and bound to [akka://worker@0.0.0.0:5412] with UID [2415480863962131759]
18:53:49.060 [worker-akka.actor.default-dispatcher-6] WARN  a.s.Serialization(akka://worker) akka.serialization.Serialization(akka://worker) - Using serializer [com.romix.akka.serialization.kryo.KryoSerializer] for message [akka.actor.ActorSelectionMessage]. Note that this serializer is not implemented by Akka. It's not recommended to replace serializers for messages provided by Akka.
18:53:49.061 [worker-akka.actor.default-dispatcher-6] WARN  a.s.Serialization(akka://worker) akka.serialization.Serialization(akka://worker) - Using serializer [com.romix.akka.serialization.kryo.KryoSerializer] for message [akka.actor.ActorIdentity]. Note that this serializer is not implemented by Akka. It's not recommended to replace serializers for messages provided by Akka.
18:53:49.109 [worker-akka.actor.default-dispatcher-9] INFO  a.a.RepointableActorRef akka://worker/user/watcher - Starting...
18:53:49.226 [worker-akka.actor.default-dispatcher-6] INFO  o.a.c.u.Compatibility  - Running in ZooKeeper 3.4.x compatibility mode
18:53:49.260 [worker-akka.actor.default-dispatcher-6] INFO  o.a.c.f.i.CuratorFrameworkImpl  - Starting
18:53:49.269 [worker-akka.actor.default-dispatcher-6] INFO  o.a.z.ZooKeeper  - Client environment:zookeeper.version=3.4.14-4c25d480e66aadd371de8bd2fd8da255ac140bcf, built on 03/06/2019 16:18 GMT
18:53:49.270 [worker-akka.actor.default-dispatcher-6] INFO  o.a.z.ZooKeeper  - Client environment:host.name=flamestream-benchmarks-worker-3
18:53:49.270 [worker-akka.actor.default-dispatcher-6] INFO  o.a.z.ZooKeeper  - Client environment:java.version=1.8.0_222
18:53:49.270 [worker-akka.actor.default-dispatcher-6] INFO  o.a.z.ZooKeeper  - Client environment:java.vendor=Private Build
18:53:49.271 [worker-akka.actor.default-dispatcher-6] INFO  o.a.z.ZooKeeper  - Client environment:java.home=/usr/lib/jvm/java-8-openjdk-amd64/jre
18:53:49.272 [worker-akka.actor.default-dispatcher-6] INFO  o.a.z.ZooKeeper  - Client environment:java.class.path=lib/curator-framework-4.0.1.jar:lib/commons-csv-1.4.jar:lib/aeron-client-1.21.2.jar:lib/scala-library-2.12.9.jar:lib/asm-5.0.4.jar:lib/agrona-1.0.1.jar:lib/curator-recipes-4.0.1.jar:lib/akka-testkit_2.12-2.6.0-M6.jar:lib/flamestream-runtime-1.0-SNAPSHOT.jar:lib/jsr305-3.0.2.jar:lib/trove4j-3.0.3.jar:lib/flamestream-core-1.0-SNAPSHOT.jar:lib/commons-io-2.4.jar:lib/minlog-1.3.0.jar:lib/kryonet-2.21.jar:lib/commons-1.4.9.jar:lib/jline-0.9.94.jar:lib/akka-remote_2.12-2.6.0-M6.jar:lib/leveldbjni-all-1.8.jar:lib/lz4-1.3.0.jar:lib/slf4j-api-1.7.24.jar:lib/scala-parser-combinators_2.12-1.1.2.jar:lib/flamestream-core-1.0-SNAPSHOT-tests.jar:lib/logback-core-1.2.3.jar:lib/netty-3.10.6.Final.jar:lib/protobuf-java-3.9.0.jar:lib/minlog-1.2.jar:lib/leveldb-api-0.7.jar:lib/jool-0.9.12.jar:lib/commons-cli-1.4.jar:lib/jblas-1.2.4.jar:lib/reflectasm-1.11.3.jar:lib/reflectasm-1.07-shaded.jar:lib/audience-annotations-0.5.0.jar:lib/jackson-annotations-2.9.6.jar:lib/commons-lang-2.6.jar:lib/ssl-config-core_2.12-0.3.8.jar:lib/annotations-13.0.jar:lib/logback-classic-1.2.3.jar:lib/guava-21.0.jar:lib/reactive-streams-1.0.2.jar:lib/spotbugs-annotations-3.1.9.jar:lib/leveldb-0.7.jar:lib/commons-pool2-2.4.2.jar:lib/rocksdbjni-5.5.1.jar:lib/jackson-core-2.9.9.jar:lib/jackson-databind-2.9.9.2.jar:lib/akka-protobuf-v3_2.12-2.6.0-M6.jar:lib/jackson-annotations-2.9.0.jar:lib/flamestream-examples-1.0-SNAPSHOT.jar:lib/objenesis-2.1.jar:lib/akka-kryo-serialization_2.12-0.5.2.jar:lib/scala-java8-compat_2.12-0.8.0.jar:lib/zookeeper-3.4.14.jar:lib/akka-slf4j_2.12-2.6.0-M6.jar:lib/kryo-4.0.0.jar:lib/akka-stream_2.12-2.6.0-M6.jar:lib/slf4j-simple-2.0.0-alpha0.jar:lib/aeron-driver-1.21.2.jar:lib/config-1.3.1.jar:lib/annotations-12.0.jar:lib/jedis-2.9.0.jar:lib/jcommander-1.48.jar:lib/testng-6.10.jar:lib/akka-actor_2.12-2.6.0-M6.jar:lib/curator-client-4.0.1.jar:flamestream-runtime-1.0-SNAPSHOT.jar
18:53:49.273 [worker-akka.actor.default-dispatcher-6] INFO  o.a.z.ZooKeeper  - Client environment:java.library.path=/usr/java/packages/lib/amd64:/usr/lib/x86_64-linux-gnu/jni:/lib/x86_64-linux-gnu:/usr/lib/x86_64-linux-gnu:/usr/lib/jni:/lib:/usr/lib
18:53:49.275 [worker-akka.actor.default-dispatcher-6] INFO  o.a.z.ZooKeeper  - Client environment:java.io.tmpdir=/tmp
18:53:49.276 [worker-akka.actor.default-dispatcher-6] INFO  o.a.z.ZooKeeper  - Client environment:java.compiler=<NA>
18:53:49.276 [worker-akka.actor.default-dispatcher-6] INFO  o.a.z.ZooKeeper  - Client environment:os.name=Linux
18:53:49.276 [worker-akka.actor.default-dispatcher-6] INFO  o.a.z.ZooKeeper  - Client environment:os.arch=amd64
18:53:49.276 [worker-akka.actor.default-dispatcher-6] INFO  o.a.z.ZooKeeper  - Client environment:os.version=4.15.0-1040-gcp
18:53:49.276 [worker-akka.actor.default-dispatcher-6] INFO  o.a.z.ZooKeeper  - Client environment:user.name=ubuntu
18:53:49.276 [worker-akka.actor.default-dispatcher-6] INFO  o.a.z.ZooKeeper  - Client environment:user.home=/home/ubuntu
18:53:49.276 [worker-akka.actor.default-dispatcher-6] INFO  o.a.z.ZooKeeper  - Client environment:user.dir=/home/ubuntu/flamestream
18:53:49.278 [worker-akka.actor.default-dispatcher-6] INFO  o.a.z.ZooKeeper  - Initiating client connection, connectString=flamestream-benchmarks-manager:12181 sessionTimeout=60000 watcher=org.apache.curator.ConnectionState@3c5e82fa
18:53:49.304 [worker-akka.actor.default-dispatcher-6-SendThread(flamestream-benchmarks-manager:12181)] INFO  o.a.z.ClientCnxn  - Opening socket connection to server flamestream-benchmarks-manager/10.0.0.2:12181. Will not attempt to authenticate using SASL (unknown error)
18:53:49.306 [worker-akka.actor.default-dispatcher-6] INFO  o.a.c.f.i.CuratorFrameworkImpl  - Default schema
18:53:49.307 [worker-akka.actor.default-dispatcher-6-SendThread(flamestream-benchmarks-manager:12181)] INFO  o.a.z.ClientCnxn  - Socket connection established to flamestream-benchmarks-manager/10.0.0.2:12181, initiating session
18:53:49.315 [worker-akka.actor.default-dispatcher-6-SendThread(flamestream-benchmarks-manager:12181)] INFO  o.a.z.ClientCnxn  - Session establishment complete on server flamestream-benchmarks-manager/10.0.0.2:12181, sessionid = 0x100015787a40002, negotiated timeout = 60000
18:53:49.323 [worker-akka.actor.default-dispatcher-6-EventThread] INFO  o.a.c.f.s.ConnectionStateManager  - State change: CONNECTED
18:53:49.325 [worker-akka.actor.default-dispatcher-9] INFO  a.a.RepointableActorRef akka://worker/user/watcher - Initializing rocksDB backend
2019-09-28T18:53:49.925+0000: 4.034: [Full GC (Metadata GC Threshold) 2019-09-28T18:53:49.925+0000: 4.034: [Tenured: 13625K->25934K(1024000K), 0.0620639 secs] 161115K->25934K(1484800K), [Metaspace: 33696K->33696K(1079296K)], 0.0621613 secs] [Times: user=0.06 sys=0.01, real=0.06 secs] 
18:53:50.063 [worker-akka.actor.default-dispatcher-6] INFO  a.a.LocalActorRef akka://worker/user/watcher/processing-watcher - Starting...
18:54:00.529 [Curator-PathChildrenCache-1] WARN  o.a.c.u.ZKPaths  - The version of ZooKeeper being used doesn't support Container nodes. CreateMode.PERSISTENT will be used instead.
18:54:00.612 [worker-akka.actor.default-dispatcher-10] INFO  a.a.LocalActorRef akka://worker/user/watcher/processing-watcher/$a - Starting...
18:54:00.642 [worker-akka.actor.default-dispatcher-6] INFO  a.a.LocalActorRef akka://worker/user/watcher/processing-watcher/$a - Stopped
18:54:03.431 [worker-akka.actor.default-dispatcher-9] INFO  a.a.LocalActorRef akka://worker/user/watcher/processing-watcher/graph/graph - Starting...
18:54:11.712 [worker-akka.actor.default-dispatcher-6] INFO  a.a.LocalActorRef akka://worker/user/watcher/processing-watcher/graph/graph - Finishing constructor
18:54:11.713 [worker-akka.actor.default-dispatcher-9] INFO  a.a.LocalActorRef akka://worker/user/watcher/processing-watcher/graph/negotiator - Starting...
18:54:11.715 [worker-akka.actor.default-dispatcher-9] INFO  a.a.LocalActorRef akka://worker/user/watcher/processing-watcher/graph/edge - Starting...
18:54:11.716 [worker-akka.actor.default-dispatcher-6] INFO  a.a.LocalActorRef akka://worker/user/watcher/processing-watcher/graph - Starting FlameNode with config 'ClusterConfig{paths={flamestream-benchmarks-worker-1=akka://worker@flamestream-benchmarks-worker-1:5412/user/watcher/processing-watcher/graph, flamestream-benchmarks-worker-0=akka://worker@flamestream-benchmarks-worker-0:5412/user/watcher/processing-watcher/graph, flamestream-benchmarks-worker-9=akka://worker@flamestream-benchmarks-worker-9:5412/user/watcher/processing-watcher/graph, flamestream-benchmarks-worker-8=akka://worker@flamestream-benchmarks-worker-8:5412/user/watcher/processing-watcher/graph, flamestream-benchmarks-worker-7=akka://worker@flamestream-benchmarks-worker-7:5412/user/watcher/processing-watcher/graph, flamestream-benchmarks-worker-6=akka://worker@flamestream-benchmarks-worker-6:5412/user/watcher/processing-watcher/graph, flamestream-benchmarks-worker-5=akka://worker@flamestream-benchmarks-worker-5:5412/user/watcher/processing-watcher/graph, flamestream-benchmarks-worker-4=akka://worker@flamestream-benchmarks-worker-4:5412/user/watcher/processing-watcher/graph, flamestream-benchmarks-worker-3=akka://worker@flamestream-benchmarks-worker-3:5412/user/watcher/processing-watcher/graph, flamestream-benchmarks-worker-2=akka://worker@flamestream-benchmarks-worker-2:5412/user/watcher/processing-watcher/graph, flamestream-benchmarks-worker-14=akka://worker@flamestream-benchmarks-worker-14:5412/user/watcher/processing-watcher/graph, flamestream-benchmarks-worker-13=akka://worker@flamestream-benchmarks-worker-13:5412/user/watcher/processing-watcher/graph, flamestream-benchmarks-worker-12=akka://worker@flamestream-benchmarks-worker-12:5412/user/watcher/processing-watcher/graph, flamestream-benchmarks-worker-11=akka://worker@flamestream-benchmarks-worker-11:5412/user/watcher/processing-watcher/graph, flamestream-benchmarks-worker-10=akka://worker@flamestream-benchmarks-worker-10:5412/user/watcher/processing-watcher/graph}}'
18:54:11.746 [worker-akka.actor.default-dispatcher-12] INFO  a.a.LocalActorRef akka://worker/user/watcher/processing-watcher/graph/negotiator - Requesting ticket for the frontClass FlameSocketGraphDeployerFront@flamestream-benchmarks-worker-3
18:54:11.779 [worker-akka.actor.default-dispatcher-13] INFO  a.a.LocalActorRef akka://worker/user/watcher/processing-watcher/graph/graph - Received last commit 'LastCommit{globalTime=(0000000, min@min)}'
18:54:11.792 [worker-akka.actor.default-dispatcher-9] INFO  c.s.f.r.e.s.SocketRear  - FlameSocketGraphDeployerRear@flamestream-benchmarks-worker-3: connecting to flamestream-benchmarks-manager:5678
18:54:11.797 [worker-akka.actor.default-dispatcher-13] INFO  a.a.LocalActorRef akka://worker/user/watcher/processing-watcher/graph/edge/FlameSocketGraphDeployerFront - Starting...
18:54:11.817 [worker-akka.actor.default-dispatcher-6] INFO  a.a.LocalActorRef akka://worker/user/watcher/processing-watcher/graph/negotiator - Ticket for the frontClass received: FrontTicket{allowedTimestamp=(0000000, FlameSocketGraphDeployerFront@flamestream-benchmarks-worker-3)}
18:54:11.817 [worker-akka.actor.default-dispatcher-6] INFO  c.s.f.r.e.s.SocketFront  - FlameSocketGraphDeployerFront@flamestream-benchmarks-worker-3: connecting to flamestream-benchmarks-manager:4567
18:54:11.828 [worker-akka.actor.default-dispatcher-9] INFO  c.s.f.r.e.s.SocketRear  - FlameSocketGraphDeployerRear@flamestream-benchmarks-worker-3: connected to flamestream-benchmarks-manager:5678
18:54:11.829 [worker-akka.actor.default-dispatcher-9] INFO  a.a.LocalActorRef akka://worker/user/watcher/processing-watcher/graph/edge/FlameSocketGraphDeployerRear - Starting...
18:54:12.070 [worker-akka.actor.default-dispatcher-6] INFO  a.a.LocalActorRef akka://worker/user/watcher/processing-watcher/graph/graph/$a - Starting...
18:54:12.073 [worker-akka.actor.default-dispatcher-6] INFO  a.a.LocalActorRef akka://worker/user/watcher/processing-watcher/graph/graph/$b - Starting...
18:54:12.074 [worker-akka.actor.default-dispatcher-6] INFO  a.a.LocalActorRef akka://worker/user/watcher/processing-watcher/graph/graph/$c - Starting...
18:54:12.076 [worker-akka.actor.default-dispatcher-6] INFO  a.a.LocalActorRef akka://worker/user/watcher/processing-watcher/graph/graph/$d - Starting...
18:54:12.078 [worker-akka.actor.default-dispatcher-6] INFO  a.a.LocalActorRef akka://worker/user/watcher/processing-watcher/graph/graph/$e - Starting...
18:54:12.080 [worker-akka.actor.default-dispatcher-6] INFO  a.a.LocalActorRef akka://worker/user/watcher/processing-watcher/graph/graph/$f - Starting...
18:54:12.081 [worker-akka.actor.default-dispatcher-6] INFO  a.a.LocalActorRef akka://worker/user/watcher/processing-watcher/graph/graph/$g - Starting...
18:54:12.084 [worker-akka.actor.default-dispatcher-6] INFO  a.a.LocalActorRef akka://worker/user/watcher/processing-watcher/graph/graph/$h - Starting...
18:54:12.085 [worker-akka.actor.default-dispatcher-6] INFO  a.a.LocalActorRef akka://worker/user/watcher/processing-watcher/graph/graph/$i - Starting...
18:54:12.086 [worker-akka.actor.default-dispatcher-6] INFO  a.a.LocalActorRef akka://worker/user/watcher/processing-watcher/graph/graph/$j - Starting...
18:54:12.088 [worker-akka.actor.default-dispatcher-6] INFO  a.a.LocalActorRef akka://worker/user/watcher/processing-watcher/graph/graph/$k - Starting...
18:54:12.089 [worker-akka.actor.default-dispatcher-6] INFO  a.a.LocalActorRef akka://worker/user/watcher/processing-watcher/graph/graph/$l - Starting...
18:54:12.090 [worker-akka.actor.default-dispatcher-6] INFO  a.a.LocalActorRef akka://worker/user/watcher/processing-watcher/graph/graph/$m - Starting...
18:54:12.091 [worker-akka.actor.default-dispatcher-6] INFO  a.a.LocalActorRef akka://worker/user/watcher/processing-watcher/graph/graph/$n - Starting...
18:54:12.093 [worker-akka.actor.default-dispatcher-6] INFO  a.a.LocalActorRef akka://worker/user/watcher/processing-watcher/graph/graph/$o - Starting...
18:54:12.095 [worker-akka.actor.default-dispatcher-6] INFO  a.a.LocalActorRef akka://worker/user/watcher/processing-watcher/graph/graph/$p - Starting...
18:54:12.097 [worker-akka.actor.default-dispatcher-6] INFO  a.a.LocalActorRef akka://worker/user/watcher/processing-watcher/graph/graph/$q - Starting...
18:54:12.099 [worker-akka.actor.default-dispatcher-6] INFO  a.a.LocalActorRef akka://worker/user/watcher/processing-watcher/graph/graph/$r - Starting...
18:54:12.100 [worker-akka.actor.default-dispatcher-6] INFO  a.a.LocalActorRef akka://worker/user/watcher/processing-watcher/graph/graph/$s - Starting...
18:54:12.101 [worker-akka.actor.default-dispatcher-6] INFO  a.a.LocalActorRef akka://worker/user/watcher/processing-watcher/graph/graph/$t - Starting...
18:54:12.102 [worker-akka.actor.default-dispatcher-6] INFO  a.a.LocalActorRef akka://worker/user/watcher/processing-watcher/graph/graph/$u - Starting...
18:54:12.104 [worker-akka.actor.default-dispatcher-6] INFO  a.a.LocalActorRef akka://worker/user/watcher/processing-watcher/graph/graph/$v - Starting...
18:54:12.106 [worker-akka.actor.default-dispatcher-6] INFO  a.a.LocalActorRef akka://worker/user/watcher/processing-watcher/graph/graph/$w - Starting...
18:54:12.107 [worker-akka.actor.default-dispatcher-6] INFO  a.a.LocalActorRef akka://worker/user/watcher/processing-watcher/graph/graph/$x - Starting...
18:54:12.109 [worker-akka.actor.default-dispatcher-6] INFO  a.a.LocalActorRef akka://worker/user/watcher/processing-watcher/graph/graph/$y - Starting...
18:54:12.110 [worker-akka.actor.default-dispatcher-6] INFO  a.a.LocalActorRef akka://worker/user/watcher/processing-watcher/graph/graph/$z - Starting...
18:54:12.112 [worker-akka.actor.default-dispatcher-6] INFO  a.a.LocalActorRef akka://worker/user/watcher/processing-watcher/graph/graph/$A - Starting...
18:54:12.113 [worker-akka.actor.default-dispatcher-6] INFO  a.a.LocalActorRef akka://worker/user/watcher/processing-watcher/graph/graph/$B - Starting...
18:54:12.114 [worker-akka.actor.default-dispatcher-6] INFO  a.a.LocalActorRef akka://worker/user/watcher/processing-watcher/graph/graph/$C - Starting...
18:54:12.115 [worker-akka.actor.default-dispatcher-6] INFO  a.a.LocalActorRef akka://worker/user/watcher/processing-watcher/graph/graph/$D - Starting...
18:54:12.116 [worker-akka.actor.default-dispatcher-6] INFO  a.a.LocalActorRef akka://worker/user/watcher/processing-watcher/graph/graph/$E - Starting...
18:54:12.117 [worker-akka.actor.default-dispatcher-6] INFO  a.a.LocalActorRef akka://worker/user/watcher/processing-watcher/graph/graph/$F - Starting...
18:54:12.119 [worker-akka.actor.default-dispatcher-6] INFO  a.a.LocalActorRef akka://worker/user/watcher/processing-watcher/graph/graph/$G - Starting...
18:54:12.121 [worker-akka.actor.default-dispatcher-6] INFO  a.a.LocalActorRef akka://worker/user/watcher/processing-watcher/graph/graph/$H - Starting...
18:54:12.124 [worker-akka.actor.default-dispatcher-6] INFO  a.a.LocalActorRef akka://worker/user/watcher/processing-watcher/graph/graph/$I - Starting...
18:54:12.127 [worker-akka.actor.default-dispatcher-6] INFO  a.a.LocalActorRef akka://worker/user/watcher/processing-watcher/graph/graph/$J - Starting...
18:54:12.128 [worker-akka.actor.default-dispatcher-6] INFO  a.a.LocalActorRef akka://worker/user/watcher/processing-watcher/graph/graph/$K - Starting...
18:54:12.130 [worker-akka.actor.default-dispatcher-6] INFO  a.a.LocalActorRef akka://worker/user/watcher/processing-watcher/graph/graph/$L - Starting...
18:54:12.131 [worker-akka.actor.default-dispatcher-6] INFO  a.a.LocalActorRef akka://worker/user/watcher/processing-watcher/graph/graph/$M - Starting...
18:54:12.132 [worker-akka.actor.default-dispatcher-6] INFO  a.a.LocalActorRef akka://worker/user/watcher/processing-watcher/graph/graph/$N - Starting...
18:54:12.133 [worker-akka.actor.default-dispatcher-6] INFO  a.a.LocalActorRef akka://worker/user/watcher/processing-watcher/graph/graph/$O - Starting...
18:54:12.134 [worker-akka.actor.default-dispatcher-6] INFO  a.a.LocalActorRef akka://worker/user/watcher/processing-watcher/graph/graph/$P - Starting...
18:54:12.138 [worker-akka.actor.default-dispatcher-6] INFO  a.a.LocalActorRef akka://worker/user/watcher/processing-watcher/graph/graph/$Q - Starting...
18:54:12.139 [worker-akka.actor.default-dispatcher-6] INFO  a.a.LocalActorRef akka://worker/user/watcher/processing-watcher/graph/graph/$R - Starting...
18:54:12.140 [worker-akka.actor.default-dispatcher-6] INFO  a.a.LocalActorRef akka://worker/user/watcher/processing-watcher/graph/graph/$S - Starting...
18:54:12.142 [worker-akka.actor.default-dispatcher-6] INFO  a.a.LocalActorRef akka://worker/user/watcher/processing-watcher/graph/graph/$T - Starting...
18:54:12.143 [worker-akka.actor.default-dispatcher-6] INFO  a.a.LocalActorRef akka://worker/user/watcher/processing-watcher/graph/graph/$U - Starting...
18:54:12.144 [worker-akka.actor.default-dispatcher-6] INFO  a.a.LocalActorRef akka://worker/user/watcher/processing-watcher/graph/graph/$V - Starting...
18:54:12.145 [worker-akka.actor.default-dispatcher-6] INFO  a.a.LocalActorRef akka://worker/user/watcher/processing-watcher/graph/graph/$W - Starting...
18:54:12.147 [worker-akka.actor.default-dispatcher-6] INFO  a.a.LocalActorRef akka://worker/user/watcher/processing-watcher/graph/graph/$X - Starting...
18:54:12.148 [worker-akka.actor.default-dispatcher-6] INFO  a.a.LocalActorRef akka://worker/user/watcher/processing-watcher/graph/graph/$Y - Starting...
18:54:12.149 [worker-akka.actor.default-dispatcher-6] INFO  a.a.LocalActorRef akka://worker/user/watcher/processing-watcher/graph/graph/$Z - Starting...
18:54:12.151 [worker-akka.actor.default-dispatcher-6] INFO  a.a.LocalActorRef akka://worker/user/watcher/processing-watcher/graph/graph/$0 - Starting...
18:54:12.153 [worker-akka.actor.default-dispatcher-6] INFO  a.a.LocalActorRef akka://worker/user/watcher/processing-watcher/graph/graph/$1 - Starting...
18:54:12.154 [worker-akka.actor.default-dispatcher-6] INFO  a.a.LocalActorRef akka://worker/user/watcher/processing-watcher/graph/graph/$2 - Starting...
18:54:12.155 [worker-akka.actor.default-dispatcher-6] INFO  a.a.LocalActorRef akka://worker/user/watcher/processing-watcher/graph/graph/$3 - Starting...
18:54:12.156 [worker-akka.actor.default-dispatcher-6] INFO  a.a.LocalActorRef akka://worker/user/watcher/processing-watcher/graph/graph/$4 - Starting...
18:54:12.158 [worker-akka.actor.default-dispatcher-6] INFO  a.a.LocalActorRef akka://worker/user/watcher/processing-watcher/graph/graph/$5 - Starting...
18:54:12.159 [worker-akka.actor.default-dispatcher-6] INFO  a.a.LocalActorRef akka://worker/user/watcher/processing-watcher/graph/graph/$6 - Starting...
18:54:12.160 [worker-akka.actor.default-dispatcher-6] INFO  a.a.LocalActorRef akka://worker/user/watcher/processing-watcher/graph/graph/$7 - Starting...
18:54:12.162 [worker-akka.actor.default-dispatcher-6] INFO  a.a.LocalActorRef akka://worker/user/watcher/processing-watcher/graph/graph/$8 - Starting...
18:54:12.163 [worker-akka.actor.default-dispatcher-6] INFO  a.a.LocalActorRef akka://worker/user/watcher/processing-watcher/graph/graph/$9 - Starting...
18:54:12.164 [worker-akka.actor.default-dispatcher-6] INFO  a.a.LocalActorRef akka://worker/user/watcher/processing-watcher/graph/graph/$+ - Starting...
18:54:12.165 [worker-akka.actor.default-dispatcher-6] INFO  a.a.LocalActorRef akka://worker/user/watcher/processing-watcher/graph/graph/$~ - Starting...
18:54:12.166 [worker-akka.actor.default-dispatcher-6] INFO  a.a.LocalActorRef akka://worker/user/watcher/processing-watcher/graph/graph/$ab - Starting...
18:54:12.168 [worker-akka.actor.default-dispatcher-6] INFO  a.a.LocalActorRef akka://worker/user/watcher/processing-watcher/graph/graph/$bb - Starting...
18:54:12.169 [worker-akka.actor.default-dispatcher-6] INFO  a.a.LocalActorRef akka://worker/user/watcher/processing-watcher/graph/graph/$cb - Starting...
18:54:12.170 [worker-akka.actor.default-dispatcher-6] INFO  a.a.LocalActorRef akka://worker/user/watcher/processing-watcher/graph/graph/$db - Starting...
18:54:12.171 [worker-akka.actor.default-dispatcher-6] INFO  a.a.LocalActorRef akka://worker/user/watcher/processing-watcher/graph/graph/$eb - Starting...
18:54:12.172 [worker-akka.actor.default-dispatcher-6] INFO  a.a.LocalActorRef akka://worker/user/watcher/processing-watcher/graph/graph/$fb - Starting...
18:54:12.173 [worker-akka.actor.default-dispatcher-6] INFO  a.a.LocalActorRef akka://worker/user/watcher/processing-watcher/graph/graph/$gb - Starting...
18:54:12.175 [worker-akka.actor.default-dispatcher-6] INFO  a.a.LocalActorRef akka://worker/user/watcher/processing-watcher/graph/graph/$hb - Starting...
18:54:12.176 [worker-akka.actor.default-dispatcher-6] INFO  a.a.LocalActorRef akka://worker/user/watcher/processing-watcher/graph/graph/$ib - Starting...
18:54:12.177 [worker-akka.actor.default-dispatcher-6] INFO  a.a.LocalActorRef akka://worker/user/watcher/processing-watcher/graph/graph/$jb - Starting...
18:54:12.178 [worker-akka.actor.default-dispatcher-6] INFO  a.a.LocalActorRef akka://worker/user/watcher/processing-watcher/graph/graph/$kb - Starting...
18:54:12.179 [worker-akka.actor.default-dispatcher-6] INFO  a.a.LocalActorRef akka://worker/user/watcher/processing-watcher/graph/graph/$lb - Starting...
18:54:12.181 [worker-akka.actor.default-dispatcher-6] INFO  a.a.LocalActorRef akka://worker/user/watcher/processing-watcher/graph/graph/$mb - Starting...
18:54:12.182 [worker-akka.actor.default-dispatcher-6] INFO  a.a.LocalActorRef akka://worker/user/watcher/processing-watcher/graph/graph/$nb - Starting...
18:54:12.183 [worker-akka.actor.default-dispatcher-6] INFO  a.a.LocalActorRef akka://worker/user/watcher/processing-watcher/graph/graph/$ob - Starting...
18:54:12.184 [worker-akka.actor.default-dispatcher-6] INFO  a.a.LocalActorRef akka://worker/user/watcher/processing-watcher/graph/graph/$pb - Starting...
18:54:12.185 [worker-akka.actor.default-dispatcher-6] INFO  a.a.LocalActorRef akka://worker/user/watcher/processing-watcher/graph/graph/$qb - Starting...
18:54:12.186 [worker-akka.actor.default-dispatcher-6] INFO  a.a.LocalActorRef akka://worker/user/watcher/processing-watcher/graph/graph/$rb - Starting...
18:54:12.194 [worker-akka.actor.default-dispatcher-6] INFO  a.a.LocalActorRef akka://worker/user/watcher/processing-watcher/graph/graph/$sb - Starting...
18:54:12.217 [worker-akka.actor.default-dispatcher-6] INFO  a.a.LocalActorRef akka://worker/user/watcher/processing-watcher/graph/graph/$tb - Starting...
18:54:12.219 [worker-akka.actor.default-dispatcher-6] INFO  a.a.LocalActorRef akka://worker/user/watcher/processing-watcher/graph/graph/$ub - Starting...
18:54:12.221 [worker-akka.actor.default-dispatcher-6] INFO  a.a.LocalActorRef akka://worker/user/watcher/processing-watcher/graph/graph/$vb - Starting...
18:54:12.223 [worker-akka.actor.default-dispatcher-6] INFO  a.a.LocalActorRef akka://worker/user/watcher/processing-watcher/graph/graph/$wb - Starting...
18:54:12.224 [worker-akka.actor.default-dispatcher-6] INFO  a.a.LocalActorRef akka://worker/user/watcher/processing-watcher/graph/graph/$xb - Starting...
18:54:12.226 [worker-akka.actor.default-dispatcher-6] INFO  a.a.LocalActorRef akka://worker/user/watcher/processing-watcher/graph/graph/$yb - Starting...
18:54:12.228 [worker-akka.actor.default-dispatcher-6] INFO  a.a.LocalActorRef akka://worker/user/watcher/processing-watcher/graph/graph/$zb - Starting...
18:54:12.230 [worker-akka.actor.default-dispatcher-6] INFO  a.a.LocalActorRef akka://worker/user/watcher/processing-watcher/graph/graph/$Ab - Starting...
18:54:12.231 [worker-akka.actor.default-dispatcher-6] INFO  a.a.LocalActorRef akka://worker/user/watcher/processing-watcher/graph/graph/$Bb - Starting...
18:54:12.238 [worker-akka.actor.default-dispatcher-6] INFO  a.a.LocalActorRef akka://worker/user/watcher/processing-watcher/graph/graph/$Cb - Starting...
18:54:12.238 [worker-akka.actor.default-dispatcher-6] INFO  a.a.LocalActorRef akka://worker/user/watcher/processing-watcher/graph/graph/$Db - Starting...
18:54:12.238 [worker-akka.actor.default-dispatcher-6] INFO  a.a.LocalActorRef akka://worker/user/watcher/processing-watcher/graph/graph/$Eb - Starting...
18:54:12.238 [worker-akka.actor.default-dispatcher-6] INFO  a.a.LocalActorRef akka://worker/user/watcher/processing-watcher/graph/graph/$Fb - Starting...
18:54:12.238 [worker-akka.actor.default-dispatcher-6] INFO  a.a.LocalActorRef akka://worker/user/watcher/processing-watcher/graph/graph/$Gb - Starting...
18:54:12.243 [worker-akka.actor.default-dispatcher-13] INFO  a.a.LocalActorRef akka://worker/user/watcher/processing-watcher/graph/graph/$Hb - Starting...
18:54:12.243 [worker-akka.actor.default-dispatcher-13] INFO  a.a.LocalActorRef akka://worker/user/watcher/processing-watcher/graph/graph/$Ib - Starting...
18:54:12.244 [worker-akka.actor.default-dispatcher-13] INFO  a.a.LocalActorRef akka://worker/user/watcher/processing-watcher/graph/graph/$Jb - Starting...
18:54:12.244 [worker-akka.actor.default-dispatcher-13] INFO  a.a.LocalActorRef akka://worker/user/watcher/processing-watcher/graph/graph/$Kb - Starting...
18:54:12.244 [worker-akka.actor.default-dispatcher-13] INFO  a.a.LocalActorRef akka://worker/user/watcher/processing-watcher/graph/graph/$Lb - Starting...
18:54:12.244 [worker-akka.actor.default-dispatcher-13] INFO  a.a.LocalActorRef akka://worker/user/watcher/processing-watcher/graph/graph/$Mb - Starting...
18:54:12.244 [worker-akka.actor.default-dispatcher-13] INFO  a.a.LocalActorRef akka://worker/user/watcher/processing-watcher/graph/graph/$Nb - Starting...
18:54:12.247 [worker-akka.actor.default-dispatcher-10] INFO  a.a.LocalActorRef akka://worker/user/watcher/processing-watcher/graph/graph/$sb - Attached rear to graph (-9223372036854775808, min@min)
2019-09-28T18:54:25.061+0000: 39.170: [GC (Allocation Failure) 2019-09-28T18:54:25.061+0000: 39.170: [DefNew: 409600K->32181K(460800K), 0.1015716 secs] 435534K->58116K(1484800K), 0.1016776 secs] [Times: user=0.08 sys=0.01, real=0.10 secs] 
2019-09-28T18:54:34.606+0000: 48.715: [GC (Allocation Failure) 2019-09-28T18:54:34.606+0000: 48.715: [DefNew: 441781K->1148K(460800K), 0.0369731 secs] 467716K->55912K(1484800K), 0.0370681 secs] [Times: user=0.01 sys=0.02, real=0.03 secs] 
2019-09-28T18:54:41.397+0000: 55.506: [GC (Allocation Failure) 2019-09-28T18:54:41.397+0000: 55.506: [DefNew: 410748K->1306K(460800K), 0.0052533 secs] 465512K->56070K(1484800K), 0.0053591 secs] [Times: user=0.00 sys=0.00, real=0.00 secs] 
2019-09-28T18:54:46.686+0000: 60.797: [GC (Allocation Failure) 2019-09-28T18:54:46.688+0000: 60.797: [DefNew: 410906K->1412K(460800K), 0.0054008 secs] 465670K->56176K(1484800K), 0.0070102 secs] [Times: user=0.01 sys=0.00, real=0.00 secs] 
2019-09-28T18:54:54.515+0000: 68.624: [GC (Allocation Failure) 2019-09-28T18:54:54.515+0000: 68.624: [DefNew: 411012K->2105K(460800K), 0.0066133 secs] 465776K->56869K(1484800K), 0.0067132 secs] [Times: user=0.00 sys=0.00, real=0.00 secs] 
2019-09-28T18:55:01.553+0000: 75.662: [GC (Allocation Failure) 2019-09-28T18:55:01.553+0000: 75.662: [DefNew: 411705K->1821K(460800K), 0.0047301 secs] 466469K->56585K(1484800K), 0.0048442 secs] [Times: user=0.00 sys=0.00, real=0.01 secs] 
2019-09-28T18:55:08.709+0000: 82.818: [GC (Allocation Failure) 2019-09-28T18:55:08.709+0000: 82.818: [DefNew: 411421K->1798K(460800K), 0.0043757 secs] 466185K->56562K(1484800K), 0.0044763 secs] [Times: user=0.00 sys=0.00, real=0.00 secs] 
2019-09-28T18:55:15.971+0000: 90.080: [GC (Allocation Failure) 2019-09-28T18:55:15.971+0000: 90.080: [DefNew: 411398K->1814K(460800K), 0.0043119 secs] 466162K->56578K(1484800K), 0.0044030 secs] [Times: user=0.01 sys=0.00, real=0.01 secs] 
2019-09-28T18:55:23.698+0000: 97.807: [GC (Allocation Failure) 2019-09-28T18:55:23.698+0000: 97.807: [DefNew: 411414K->1798K(460800K), 0.0044030 secs] 466178K->56562K(1484800K), 0.0044907 secs] [Times: user=0.00 sys=0.00, real=0.00 secs] 
2019-09-28T18:55:30.973+0000: 105.082: [GC (Allocation Failure) 2019-09-28T18:55:30.973+0000: 105.082: [DefNew: 411398K->1787K(460800K), 0.0045086 secs] 466162K->56551K(1484800K), 0.0045987 secs] [Times: user=0.00 sys=0.00, real=0.01 secs] 
2019-09-28T18:55:38.220+0000: 112.329: [GC (Allocation Failure) 2019-09-28T18:55:38.220+0000: 112.329: [DefNew: 411387K->1831K(460800K), 0.0044620 secs] 466151K->56595K(1484800K), 0.0045599 secs] [Times: user=0.00 sys=0.00, real=0.01 secs] 
2019-09-28T18:55:45.978+0000: 120.087: [GC (Allocation Failure) 2019-09-28T18:55:45.978+0000: 120.087: [DefNew: 411431K->1788K(460800K), 0.0043597 secs] 466195K->56552K(1484800K), 0.0044473 secs] [Times: user=0.01 sys=0.00, real=0.00 secs] 
2019-09-28T18:55:53.196+0000: 127.305: [GC (Allocation Failure) 2019-09-28T18:55:53.196+0000: 127.305: [DefNew: 411388K->1833K(460800K), 0.0046015 secs] 466152K->56597K(1484800K), 0.0046868 secs] [Times: user=0.01 sys=0.00, real=0.00 secs] 
2019-09-28T18:56:00.532+0000: 134.641: [GC (Allocation Failure) 2019-09-28T18:56:00.532+0000: 134.641: [DefNew: 411433K->1828K(460800K), 0.0043105 secs] 466197K->56592K(1484800K), 0.0043955 secs] [Times: user=0.01 sys=0.00, real=0.01 secs] 
2019-09-28T18:56:07.803+0000: 141.912: [GC (Allocation Failure) 2019-09-28T18:56:07.803+0000: 141.912: [DefNew: 411428K->1828K(460800K), 0.0043065 secs] 466192K->56592K(1484800K), 0.0043923 secs] [Times: user=0.01 sys=0.00, real=0.01 secs] 
2019-09-28T18:56:15.675+0000: 149.784: [GC (Allocation Failure) 2019-09-28T18:56:15.675+0000: 149.784: [DefNew: 411428K->1828K(460800K), 0.0044700 secs] 466192K->56592K(1484800K), 0.0045527 secs] [Times: user=0.01 sys=0.00, real=0.00 secs] 
2019-09-28T18:56:23.055+0000: 157.164: [GC (Allocation Failure) 2019-09-28T18:56:23.055+0000: 157.164: [DefNew: 411428K->1597K(460800K), 0.0049042 secs] 466192K->56663K(1484800K), 0.0049921 secs] [Times: user=0.00 sys=0.00, real=0.00 secs] 
2019-09-28T18:56:30.902+0000: 165.011: [GC (Allocation Failure) 2019-09-28T18:56:30.902+0000: 165.011: [DefNew: 411197K->1390K(460800K), 0.0044406 secs] 466263K->56593K(1484800K), 0.0045281 secs] [Times: user=0.01 sys=0.00, real=0.01 secs] 
2019-09-28T18:56:38.190+0000: 172.299: [GC (Allocation Failure) 2019-09-28T18:56:38.190+0000: 172.299: [DefNew: 410990K->1261K(460800K), 0.0041874 secs] 466193K->56594K(1484800K), 0.0042947 secs] [Times: user=0.01 sys=0.00, real=0.00 secs] 
2019-09-28T18:56:45.485+0000: 179.594: [GC (Allocation Failure) 2019-09-28T18:56:45.485+0000: 179.594: [DefNew: 410861K->194K(460800K), 0.0045663 secs] 466194K->56593K(1484800K), 0.0046526 secs] [Times: user=0.01 sys=0.00, real=0.00 secs] 
2019-09-28T18:56:53.203+0000: 187.312: [GC (Allocation Failure) 2019-09-28T18:56:53.203+0000: 187.312: [DefNew: 409794K->230K(460800K), 0.0029652 secs] 466193K->56630K(1484800K), 0.0030613 secs] [Times: user=0.01 sys=0.01, real=0.00 secs] 
2019-09-28T18:57:00.486+0000: 194.596: [GC (Allocation Failure) 2019-09-28T18:57:00.487+0000: 194.596: [DefNew: 409830K->225K(460800K), 0.0027208 secs] 466230K->56630K(1484800K), 0.0028083 secs] [Times: user=0.00 sys=0.00, real=0.00 secs] 
2019-09-28T18:57:07.795+0000: 201.904: [GC (Allocation Failure) 2019-09-28T18:57:07.795+0000: 201.904: [DefNew: 409825K->307K(460800K), 0.0028226 secs] 466230K->56714K(1484800K), 0.0029012 secs] [Times: user=0.00 sys=0.00, real=0.00 secs] 
2019-09-28T18:57:15.624+0000: 209.733: [GC (Allocation Failure) 2019-09-28T18:57:15.624+0000: 209.733: [DefNew: 409907K->225K(460800K), 0.0027893 secs] 466314K->56631K(1484800K), 0.0028856 secs] [Times: user=0.00 sys=0.00, real=0.00 secs] 
2019-09-28T18:57:22.937+0000: 217.046: [GC (Allocation Failure) 2019-09-28T18:57:22.937+0000: 217.046: [DefNew: 409825K->280K(460800K), 0.0027925 secs] 466231K->56687K(1484800K), 0.0028846 secs] [Times: user=0.00 sys=0.00, real=0.00 secs] 
2019-09-28T18:57:30.192+0000: 224.301: [GC (Allocation Failure) 2019-09-28T18:57:30.192+0000: 224.301: [DefNew: 409880K->225K(460800K), 0.0027488 secs] 466287K->56632K(1484800K), 0.0028535 secs] [Times: user=0.00 sys=0.00, real=0.00 secs] 
2019-09-28T18:57:38.035+0000: 232.144: [GC (Allocation Failure) 2019-09-28T18:57:38.035+0000: 232.144: [DefNew: 409825K->224K(460800K), 0.0028288 secs] 466232K->56631K(1484800K), 0.0029475 secs] [Times: user=0.00 sys=0.00, real=0.01 secs] 
2019-09-28T18:57:45.359+0000: 239.468: [GC (Allocation Failure) 2019-09-28T18:57:45.359+0000: 239.469: [DefNew: 409824K->210K(460800K), 0.0029884 secs] 466231K->56668K(1484800K), 0.0030836 secs] [Times: user=0.00 sys=0.00, real=0.00 secs] 
2019-09-28T18:57:52.628+0000: 246.737: [GC (Allocation Failure) 2019-09-28T18:57:52.628+0000: 246.737: [DefNew: 409810K->207K(460800K), 0.0027772 secs] 466268K->56665K(1484800K), 0.0028609 secs] [Times: user=0.00 sys=0.00, real=0.00 secs] 
2019-09-28T18:58:00.411+0000: 254.520: [GC (Allocation Failure) 2019-09-28T18:58:00.411+0000: 254.520: [DefNew: 409807K->208K(460800K), 0.0026280 secs] 466265K->56666K(1484800K), 0.0027175 secs] [Times: user=0.00 sys=0.00, real=0.00 secs] 
2019-09-28T18:58:07.731+0000: 261.841: [GC (Allocation Failure) 2019-09-28T18:58:07.732+0000: 261.841: [DefNew: 409808K->207K(460800K), 0.0026620 secs] 466266K->56665K(1484800K), 0.0027448 secs] [Times: user=0.00 sys=0.00, real=0.00 secs] 
2019-09-28T18:58:15.032+0000: 269.141: [GC (Allocation Failure) 2019-09-28T18:58:15.032+0000: 269.141: [DefNew: 409807K->227K(460800K), 0.0029293 secs] 466265K->56685K(1484800K), 0.0030150 secs] [Times: user=0.01 sys=0.00, real=0.01 secs] 
2019-09-28T18:58:22.848+0000: 276.957: [GC (Allocation Failure) 2019-09-28T18:58:22.848+0000: 276.957: [DefNew: 409827K->213K(460800K), 0.0026951 secs] 466285K->56672K(1484800K), 0.0027818 secs] [Times: user=0.00 sys=0.00, real=0.00 secs] 
2019-09-28T18:58:30.214+0000: 284.323: [GC (Allocation Failure) 2019-09-28T18:58:30.214+0000: 284.323: [DefNew: 409813K->270K(460800K), 0.0029685 secs] 466272K->56728K(1484800K), 0.0030765 secs] [Times: user=0.00 sys=0.00, real=0.01 secs] 
2019-09-28T18:58:37.469+0000: 291.578: [GC (Allocation Failure) 2019-09-28T18:58:37.469+0000: 291.578: [DefNew: 409870K->209K(460800K), 0.0027152 secs] 466328K->56667K(1484800K), 0.0027962 secs] [Times: user=0.00 sys=0.00, real=0.00 secs] 
2019-09-28T18:58:45.360+0000: 299.469: [GC (Allocation Failure) 2019-09-28T18:58:45.360+0000: 299.469: [DefNew: 409809K->173K(460800K), 0.0027886 secs] 466267K->56668K(1484800K), 0.0028936 secs] [Times: user=0.01 sys=0.00, real=0.00 secs] 
2019-09-28T18:58:52.639+0000: 306.748: [GC (Allocation Failure) 2019-09-28T18:58:52.639+0000: 306.748: [DefNew: 409773K->208K(460800K), 0.0029901 secs] 466268K->56702K(1484800K), 0.0030945 secs] [Times: user=0.00 sys=0.00, real=0.00 secs] 
2019-09-28T18:58:59.881+0000: 313.990: [GC (Allocation Failure) 2019-09-28T18:58:59.881+0000: 313.990: [DefNew: 409808K->213K(460800K), 0.0026521 secs] 466302K->56707K(1484800K), 0.0027334 secs] [Times: user=0.00 sys=0.00, real=0.01 secs] 
2019-09-28T18:59:07.797+0000: 321.906: [GC (Allocation Failure) 2019-09-28T18:59:07.797+0000: 321.906: [DefNew: 409813K->345K(460800K), 0.0028218 secs] 466307K->56840K(1484800K), 0.0029015 secs] [Times: user=0.00 sys=0.00, real=0.00 secs] 
2019-09-28T18:59:15.146+0000: 329.255: [GC (Allocation Failure) 2019-09-28T18:59:15.146+0000: 329.255: [DefNew: 409945K->336K(460800K), 0.0027998 secs] 466440K->56832K(1484800K), 0.0028986 secs] [Times: user=0.00 sys=0.00, real=0.00 secs] 
2019-09-28T18:59:22.559+0000: 336.668: [GC (Allocation Failure) 2019-09-28T18:59:22.559+0000: 336.668: [DefNew: 409936K->337K(460800K), 0.0026549 secs] 466432K->56832K(1484800K), 0.0027587 secs] [Times: user=0.00 sys=0.00, real=0.00 secs] 
2019-09-28T18:59:30.230+0000: 344.340: [GC (Allocation Failure) 2019-09-28T18:59:30.231+0000: 344.340: [DefNew: 409937K->338K(460800K), 0.0031421 secs] 466432K->56833K(1484800K), 0.0032429 secs] [Times: user=0.00 sys=0.00, real=0.00 secs] 
2019-09-28T18:59:37.543+0000: 351.652: [GC (Allocation Failure) 2019-09-28T18:59:37.543+0000: 351.652: [DefNew: 409938K->410K(460800K), 0.0028433 secs] 466433K->56905K(1484800K), 0.0029284 secs] [Times: user=0.01 sys=0.00, real=0.01 secs] 
2019-09-28T18:59:45.349+0000: 359.458: [GC (Allocation Failure) 2019-09-28T18:59:45.349+0000: 359.458: [DefNew: 410010K->303K(460800K), 0.0028346 secs] 466505K->56833K(1484800K), 0.0029211 secs] [Times: user=0.01 sys=0.00, real=0.00 secs] 
2019-09-28T18:59:52.628+0000: 366.737: [GC (Allocation Failure) 2019-09-28T18:59:52.628+0000: 366.737: [DefNew: 409903K->353K(460800K), 0.0031053 secs] 466433K->56884K(1484800K), 0.0032055 secs] [Times: user=0.00 sys=0.00, real=0.00 secs] 
2019-09-28T18:59:59.956+0000: 374.065: [GC (Allocation Failure) 2019-09-28T18:59:59.956+0000: 374.065: [DefNew: 409953K->329K(460800K), 0.0027079 secs] 466484K->56860K(1484800K), 0.0027921 secs] [Times: user=0.00 sys=0.00, real=0.00 secs] 
2019-09-28T19:00:07.758+0000: 381.868: [GC (Allocation Failure) 2019-09-28T19:00:07.759+0000: 381.868: [DefNew: 409929K->328K(460800K), 0.0027938 secs] 466460K->56859K(1484800K), 0.0028871 secs] [Times: user=0.00 sys=0.00, real=0.00 secs] 
2019-09-28T19:00:15.080+0000: 389.189: [GC (Allocation Failure) 2019-09-28T19:00:15.080+0000: 389.189: [DefNew: 409928K->328K(460800K), 0.0027792 secs] 466459K->56859K(1484800K), 0.0028626 secs] [Times: user=0.00 sys=0.00, real=0.00 secs] 
2019-09-28T19:00:22.313+0000: 396.422: [GC (Allocation Failure) 2019-09-28T19:00:22.313+0000: 396.422: [DefNew: 409928K->356K(460800K), 0.0028558 secs] 466459K->56887K(1484800K), 0.0029580 secs] [Times: user=0.00 sys=0.00, real=0.01 secs] 
2019-09-28T19:00:29.520+0000: 403.629: [GC (Allocation Failure) 2019-09-28T19:00:29.520+0000: 403.629: [DefNew: 409956K->347K(460800K), 0.0027475 secs] 466487K->56879K(1484800K), 0.0028305 secs] [Times: user=0.00 sys=0.01, real=0.00 secs] 
2019-09-28T19:00:37.420+0000: 411.529: [GC (Allocation Failure) 2019-09-28T19:00:37.420+0000: 411.529: [DefNew: 409947K->327K(460800K), 0.0028285 secs] 466479K->56859K(1484800K), 0.0029190 secs] [Times: user=0.00 sys=0.00, real=0.00 secs] 
2019-09-28T19:00:44.716+0000: 418.825: [GC (Allocation Failure) 2019-09-28T19:00:44.716+0000: 418.825: [DefNew: 409927K->292K(460800K), 0.0027329 secs] 466459K->56858K(1484800K), 0.0028110 secs] [Times: user=0.00 sys=0.00, real=0.00 secs] 
2019-09-28T19:00:52.148+0000: 426.257: [GC (Allocation Failure) 2019-09-28T19:00:52.148+0000: 426.257: [DefNew: 409892K->311K(460800K), 0.0028270 secs] 466458K->56877K(1484800K), 0.0029013 secs] [Times: user=0.00 sys=0.00, real=0.00 secs] 
2019-09-28T19:00:59.810+0000: 433.919: [GC (Allocation Failure) 2019-09-28T19:00:59.810+0000: 433.919: [DefNew: 409911K->171K(460800K), 0.0027422 secs] 466477K->56867K(1484800K), 0.0028366 secs] [Times: user=0.01 sys=0.00, real=0.00 secs] 
2019-09-28T19:01:07.123+0000: 441.233: [GC (Allocation Failure) 2019-09-28T19:01:07.124+0000: 441.233: [DefNew: 409771K->202K(460800K), 0.0027711 secs] 466467K->56898K(1484800K), 0.0028707 secs] [Times: user=0.00 sys=0.00, real=0.00 secs] 
2019-09-28T19:01:14.930+0000: 449.039: [GC (Allocation Failure) 2019-09-28T19:01:14.930+0000: 449.039: [DefNew: 409802K->172K(460800K), 0.0026016 secs] 466498K->56869K(1484800K), 0.0026770 secs] [Times: user=0.01 sys=0.00, real=0.00 secs] 
2019-09-28T19:01:22.303+0000: 456.412: [GC (Allocation Failure) 2019-09-28T19:01:22.303+0000: 456.412: [DefNew: 409772K->171K(460800K), 0.0026015 secs] 466469K->56868K(1484800K), 0.0026989 secs] [Times: user=0.00 sys=0.00, real=0.00 secs] 
2019-09-28T19:01:29.559+0000: 463.668: [GC (Allocation Failure) 2019-09-28T19:01:29.559+0000: 463.668: [DefNew: 409771K->233K(460800K), 0.0029154 secs] 466468K->56930K(1484800K), 0.0030060 secs] [Times: user=0.00 sys=0.00, real=0.00 secs] 
19:01:31.869 [worker-akka.actor.default-dispatcher-9] INFO  a.r.a.Association(akka://worker) akka.remote.artery.Association(akka://worker) - Stopping idle outbound stream [2] to [akka://worker@flamestream-benchmarks-worker-0:5412]
2019-09-28T19:01:36.808+0000: 470.917: [GC (Allocation Failure) 2019-09-28T19:01:36.808+0000: 470.917: [DefNew: 409833K->307K(460800K), 0.0032313 secs] 466530K->57004K(1484800K), 0.0033115 secs] [Times: user=0.00 sys=0.00, real=0.00 secs] 
2019-09-28T19:01:44.649+0000: 478.758: [GC (Allocation Failure) 2019-09-28T19:01:44.649+0000: 478.759: [DefNew: 409907K->203K(460800K), 0.0030109 secs] 466604K->56926K(1484800K), 0.0031003 secs] [Times: user=0.00 sys=0.00, real=0.00 secs] 
2019-09-28T19:01:51.975+0000: 486.084: [GC (Allocation Failure) 2019-09-28T19:01:51.975+0000: 486.084: [DefNew: 409803K->215K(460800K), 0.0030734 secs] 466526K->56938K(1484800K), 0.0031595 secs] [Times: user=0.00 sys=0.00, real=0.01 secs] 
2019-09-28T19:01:59.795+0000: 493.904: [GC (Allocation Failure) 2019-09-28T19:01:59.795+0000: 493.904: [DefNew: 409815K->241K(460800K), 0.0029691 secs] 466538K->56963K(1484800K), 0.0030573 secs] [Times: user=0.01 sys=0.00, real=0.01 secs] 
2019-09-28T19:02:07.179+0000: 501.288: [GC (Allocation Failure) 2019-09-28T19:02:07.179+0000: 501.288: [DefNew: 409841K->216K(460800K), 0.0029162 secs] 466563K->56938K(1484800K), 0.0030030 secs] [Times: user=0.00 sys=0.00, real=0.00 secs] 
2019-09-28T19:02:14.451+0000: 508.560: [GC (Allocation Failure) 2019-09-28T19:02:14.451+0000: 508.560: [DefNew: 409816K->215K(460800K), 0.0030467 secs] 466538K->56938K(1484800K), 0.0031305 secs] [Times: user=0.01 sys=0.00, real=0.00 secs] 
2019-09-28T19:02:22.271+0000: 516.380: [GC (Allocation Failure) 2019-09-28T19:02:22.271+0000: 516.380: [DefNew: 409815K->216K(460800K), 0.0027475 secs] 466538K->56939K(1484800K), 0.0028202 secs] [Times: user=0.01 sys=0.00, real=0.00 secs] 
2019-09-28T19:02:29.611+0000: 523.720: [GC (Allocation Failure) 2019-09-28T19:02:29.611+0000: 523.720: [DefNew: 409816K->222K(460800K), 0.0029197 secs] 466539K->56945K(1484800K), 0.0030095 secs] [Times: user=0.00 sys=0.00, real=0.00 secs] 
2019-09-28T19:02:36.954+0000: 531.063: [GC (Allocation Failure) 2019-09-28T19:02:36.954+0000: 531.063: [DefNew: 409822K->215K(460800K), 0.0029227 secs] 466545K->56938K(1484800K), 0.0030082 secs] [Times: user=0.00 sys=0.00, real=0.01 secs] 
2019-09-28T19:02:44.738+0000: 538.847: [GC (Allocation Failure) 2019-09-28T19:02:44.738+0000: 538.847: [DefNew: 409815K->208K(460800K), 0.0029865 secs] 466538K->56940K(1484800K), 0.0030765 secs] [Times: user=0.00 sys=0.00, real=0.00 secs] 
2019-09-28T19:02:52.099+0000: 546.208: [GC (Allocation Failure) 2019-09-28T19:02:52.099+0000: 546.208: [DefNew: 409808K->223K(460800K), 0.0028971 secs] 466540K->56955K(1484800K), 0.0029771 secs] [Times: user=0.01 sys=0.00, real=0.00 secs] 
2019-09-28T19:02:59.277+0000: 553.386: [GC (Allocation Failure) 2019-09-28T19:02:59.277+0000: 553.386: [DefNew: 409823K->260K(460800K), 0.0030174 secs] 466555K->56993K(1484800K), 0.0030941 secs] [Times: user=0.01 sys=0.00, real=0.00 secs] 
2019-09-28T19:03:07.191+0000: 561.301: [GC (Allocation Failure) 2019-09-28T19:03:07.192+0000: 561.301: [DefNew: 409860K->298K(460800K), 0.0031658 secs] 466593K->57031K(1484800K), 0.0032660 secs] [Times: user=0.00 sys=0.00, real=0.00 secs] 
2019-09-28T19:03:14.472+0000: 568.581: [GC (Allocation Failure) 2019-09-28T19:03:14.472+0000: 568.581: [DefNew: 409898K->222K(460800K), 0.0030888 secs] 466631K->56956K(1484800K), 0.0032001 secs] [Times: user=0.00 sys=0.00, real=0.01 secs] 
2019-09-28T19:03:21.934+0000: 576.043: [GC (Allocation Failure) 2019-09-28T19:03:21.934+0000: 576.043: [DefNew: 409822K->224K(460800K), 0.0029052 secs] 466556K->56957K(1484800K), 0.0029816 secs] [Times: user=0.00 sys=0.00, real=0.01 secs] 
2019-09-28T19:03:29.617+0000: 583.726: [GC (Allocation Failure) 2019-09-28T19:03:29.617+0000: 583.726: [DefNew: 409824K->251K(460800K), 0.0032487 secs] 466557K->57040K(1484800K), 0.0033500 secs] [Times: user=0.01 sys=0.00, real=0.00 secs] 
2019-09-28T19:03:36.974+0000: 591.083: [GC (Allocation Failure) 2019-09-28T19:03:36.974+0000: 591.083: [DefNew: 409851K->170K(460800K), 0.0026135 secs] 466640K->56961K(1484800K), 0.0027065 secs] [Times: user=0.00 sys=0.00, real=0.01 secs] 
2019-09-28T19:03:44.757+0000: 598.866: [GC (Allocation Failure) 2019-09-28T19:03:44.757+0000: 598.866: [DefNew: 409770K->165K(460800K), 0.0026389 secs] 466561K->56967K(1484800K), 0.0027332 secs] [Times: user=0.01 sys=0.00, real=0.00 secs] 
2019-09-28T19:03:52.147+0000: 606.256: [GC (Allocation Failure) 2019-09-28T19:03:52.147+0000: 606.257: [DefNew: 409765K->171K(460800K), 0.0026589 secs] 466567K->56973K(1484800K), 0.0027611 secs] [Times: user=0.00 sys=0.00, real=0.00 secs] 
2019-09-28T19:03:59.393+0000: 613.502: [GC (Allocation Failure) 2019-09-28T19:03:59.393+0000: 613.502: [DefNew: 409771K->172K(460800K), 0.0027707 secs] 466573K->56974K(1484800K), 0.0028554 secs] [Times: user=0.00 sys=0.00, real=0.01 secs] 
2019-09-28T19:04:07.229+0000: 621.338: [GC (Allocation Failure) 2019-09-28T19:04:07.229+0000: 621.338: [DefNew: 409772K->223K(460800K), 0.0030376 secs] 466574K->57026K(1484800K), 0.0031512 secs] [Times: user=0.00 sys=0.00, real=0.00 secs] 
2019-09-28T19:04:14.559+0000: 628.668: [GC (Allocation Failure) 2019-09-28T19:04:14.559+0000: 628.668: [DefNew: 409823K->197K(460800K), 0.0026643 secs] 466626K->57000K(1484800K), 0.0027626 secs] [Times: user=0.00 sys=0.00, real=0.00 secs] 
2019-09-28T19:04:21.850+0000: 635.959: [GC (Allocation Failure) 2019-09-28T19:04:21.850+0000: 635.959: [DefNew: 409797K->171K(460800K), 0.0026233 secs] 466600K->56974K(1484800K), 0.0027161 secs] [Times: user=0.00 sys=0.00, real=0.00 secs] 
2019-09-28T19:04:29.667+0000: 643.776: [GC (Allocation Failure) 2019-09-28T19:04:29.667+0000: 643.776: [DefNew: 409771K->172K(460800K), 0.0026961 secs] 466574K->56975K(1484800K), 0.0027810 secs] [Times: user=0.00 sys=0.00, real=0.00 secs] 
2019-09-28T19:04:36.990+0000: 651.099: [GC (Allocation Failure) 2019-09-28T19:04:36.990+0000: 651.099: [DefNew: 409772K->197K(460800K), 0.0026297 secs] 466575K->57000K(1484800K), 0.0027185 secs] [Times: user=0.00 sys=0.00, real=0.00 secs] 
2019-09-28T19:04:44.205+0000: 658.314: [GC (Allocation Failure) 2019-09-28T19:04:44.205+0000: 658.314: [DefNew: 409797K->152K(460800K), 0.0027153 secs] 466600K->56973K(1484800K), 0.0027995 secs] [Times: user=0.01 sys=0.00, real=0.00 secs] 
2019-09-28T19:04:52.072+0000: 666.181: [GC (Allocation Failure) 2019-09-28T19:04:52.072+0000: 666.181: [DefNew: 409752K->165K(460800K), 0.0026791 secs] 466573K->56986K(1484800K), 0.0027598 secs] [Times: user=0.00 sys=0.00, real=0.00 secs] 
2019-09-28T19:04:59.639+0000: 673.748: [GC (Allocation Failure) 2019-09-28T19:04:59.639+0000: 673.748: [DefNew: 409765K->205K(460800K), 0.0028540 secs] 466586K->57026K(1484800K), 0.0029414 secs] [Times: user=0.01 sys=0.00, real=0.00 secs] 
2019-09-28T19:05:07.475+0000: 681.584: [GC (Allocation Failure) 2019-09-28T19:05:07.475+0000: 681.584: [DefNew: 409805K->206K(460800K), 0.0026919 secs] 466626K->57028K(1484800K), 0.0027784 secs] [Times: user=0.00 sys=0.00, real=0.00 secs] 
2019-09-28T19:05:14.838+0000: 688.947: [GC (Allocation Failure) 2019-09-28T19:05:14.838+0000: 688.947: [DefNew: 409806K->164K(460800K), 0.0028256 secs] 466628K->56986K(1484800K), 0.0029155 secs] [Times: user=0.00 sys=0.00, real=0.00 secs] 
2019-09-28T19:05:22.085+0000: 696.194: [GC (Allocation Failure) 2019-09-28T19:05:22.085+0000: 696.194: [DefNew: 409764K->165K(460800K), 0.0027180 secs] 466586K->56986K(1484800K), 0.0027889 secs] [Times: user=0.00 sys=0.00, real=0.00 secs] 
2019-09-28T19:05:29.883+0000: 703.992: [GC (Allocation Failure) 2019-09-28T19:05:29.883+0000: 703.992: [DefNew: 409765K->162K(460800K), 0.0026743 secs] 466586K->56985K(1484800K), 0.0027682 secs] [Times: user=0.01 sys=0.00, real=0.00 secs] 
2019-09-28T19:05:37.161+0000: 711.270: [GC (Allocation Failure) 2019-09-28T19:05:37.161+0000: 711.270: [DefNew: 409762K->162K(460800K), 0.0025960 secs] 466585K->56986K(1484800K), 0.0026851 secs] [Times: user=0.00 sys=0.00, real=0.01 secs] 
2019-09-28T19:05:44.603+0000: 718.712: [GC (Allocation Failure) 2019-09-28T19:05:44.603+0000: 718.712: [DefNew: 409762K->148K(460800K), 0.0026152 secs] 466586K->56985K(1484800K), 0.0027005 secs] [Times: user=0.00 sys=0.00, real=0.01 secs] 
2019-09-28T19:05:52.405+0000: 726.514: [GC (Allocation Failure) 2019-09-28T19:05:52.405+0000: 726.514: [DefNew: 409748K->157K(460800K), 0.0028009 secs] 466585K->56995K(1484800K), 0.0028877 secs] [Times: user=0.00 sys=0.00, real=0.00 secs] 
2019-09-28T19:05:59.717+0000: 733.826: [GC (Allocation Failure) 2019-09-28T19:05:59.717+0000: 733.826: [DefNew: 409757K->157K(460800K), 0.0027265 secs] 466595K->56994K(1484800K), 0.0028393 secs] [Times: user=0.00 sys=0.00, real=0.00 secs] 
2019-09-28T19:06:06.998+0000: 741.107: [GC (Allocation Failure) 2019-09-28T19:06:06.998+0000: 741.107: [DefNew: 409757K->173K(460800K), 0.0027228 secs] 466594K->57010K(1484800K), 0.0028113 secs] [Times: user=0.00 sys=0.00, real=0.00 secs] 
2019-09-28T19:06:14.805+0000: 748.914: [GC (Allocation Failure) 2019-09-28T19:06:14.805+0000: 748.914: [DefNew: 409773K->175K(460800K), 0.0026013 secs] 466610K->57012K(1484800K), 0.0026835 secs] [Times: user=0.00 sys=0.00, real=0.00 secs] 
2019-09-28T19:06:22.155+0000: 756.264: [GC (Allocation Failure) 2019-09-28T19:06:22.155+0000: 756.264: [DefNew: 409775K->156K(460800K), 0.0026373 secs] 466612K->56994K(1484800K), 0.0027339 secs] [Times: user=0.00 sys=0.00, real=0.00 secs] 
2019-09-28T19:06:29.983+0000: 764.093: [GC (Allocation Failure) 2019-09-28T19:06:29.984+0000: 764.093: [DefNew: 409756K->157K(460800K), 0.0026172 secs] 466594K->56995K(1484800K), 0.0026991 secs] [Times: user=0.00 sys=0.00, real=0.00 secs] 
2019-09-28T19:06:37.279+0000: 771.388: [GC (Allocation Failure) 2019-09-28T19:06:37.279+0000: 771.388: [DefNew: 409757K->184K(460800K), 0.0026080 secs] 466595K->57021K(1484800K), 0.0026971 secs] [Times: user=0.00 sys=0.00, real=0.00 secs] 
2019-09-28T19:06:44.538+0000: 778.647: [GC (Allocation Failure) 2019-09-28T19:06:44.538+0000: 778.647: [DefNew: 409784K->237K(460800K), 0.0028338 secs] 466621K->57086K(1484800K), 0.0029208 secs] [Times: user=0.00 sys=0.00, real=0.00 secs] 
2019-09-28T19:06:52.355+0000: 786.464: [GC (Allocation Failure) 2019-09-28T19:06:52.355+0000: 786.464: [DefNew: 409837K->159K(460800K), 0.0027086 secs] 466686K->57009K(1484800K), 0.0027907 secs] [Times: user=0.00 sys=0.00, real=0.01 secs] 
2019-09-28T19:06:59.666+0000: 793.775: [GC (Allocation Failure) 2019-09-28T19:06:59.666+0000: 793.775: [DefNew: 409759K->204K(460800K), 0.0027110 secs] 466609K->57054K(1484800K), 0.0027925 secs] [Times: user=0.00 sys=0.00, real=0.00 secs] 
2019-09-28T19:07:06.975+0000: 801.084: [GC (Allocation Failure) 2019-09-28T19:07:06.975+0000: 801.084: [DefNew: 409804K->249K(460800K), 0.0027879 secs] 466654K->57099K(1484800K), 0.0029163 secs] [Times: user=0.00 sys=0.00, real=0.01 secs] 
2019-09-28T19:07:14.815+0000: 808.924: [GC (Allocation Failure) 2019-09-28T19:07:14.815+0000: 808.924: [DefNew: 409849K->170K(460800K), 0.0025933 secs] 466699K->57020K(1484800K), 0.0026754 secs] [Times: user=0.00 sys=0.00, real=0.01 secs] 
2019-09-28T19:07:22.160+0000: 816.270: [GC (Allocation Failure) 2019-09-28T19:07:22.160+0000: 816.270: [DefNew: 409770K->155K(460800K), 0.0027036 secs] 466620K->57004K(1484800K), 0.0027945 secs] [Times: user=0.00 sys=0.01, real=0.01 secs] 
2019-09-28T19:07:29.403+0000: 823.512: [GC (Allocation Failure) 2019-09-28T19:07:29.403+0000: 823.512: [DefNew: 409755K->195K(460800K), 0.0028033 secs] 466604K->57044K(1484800K), 0.0028811 secs] [Times: user=0.00 sys=0.00, real=0.01 secs] 
2019-09-28T19:07:37.199+0000: 831.308: [GC (Allocation Failure) 2019-09-28T19:07:37.199+0000: 831.308: [DefNew: 409795K->182K(460800K), 0.0026880 secs] 466644K->57032K(1484800K), 0.0028003 secs] [Times: user=0.00 sys=0.00, real=0.00 secs] 
2019-09-28T19:07:44.528+0000: 838.637: [GC (Allocation Failure) 2019-09-28T19:07:44.528+0000: 838.637: [DefNew: 409782K->237K(460800K), 0.0027517 secs] 466632K->57096K(1484800K), 0.0028412 secs] [Times: user=0.00 sys=0.00, real=0.00 secs] 
2019-09-28T19:07:51.830+0000: 845.939: [GC (Allocation Failure) 2019-09-28T19:07:51.830+0000: 845.940: [DefNew: 409837K->153K(460800K), 0.0026623 secs] 466696K->57012K(1484800K), 0.0027478 secs] [Times: user=0.01 sys=0.00, real=0.00 secs] 
2019-09-28T19:07:59.600+0000: 853.709: [GC (Allocation Failure) 2019-09-28T19:07:59.600+0000: 853.709: [DefNew: 409753K->155K(460800K), 0.0026301 secs] 466612K->57014K(1484800K), 0.0027068 secs] [Times: user=0.00 sys=0.00, real=0.00 secs] 
2019-09-28T19:08:06.868+0000: 860.977: [GC (Allocation Failure) 2019-09-28T19:08:06.868+0000: 860.977: [DefNew: 409755K->161K(460800K), 0.0025622 secs] 466614K->57019K(1484800K), 0.0026490 secs] [Times: user=0.00 sys=0.00, real=0.00 secs] 
2019-09-28T19:08:14.138+0000: 868.247: [GC (Allocation Failure) 2019-09-28T19:08:14.138+0000: 868.247: [DefNew: 409761K->155K(460800K), 0.0025324 secs] 466619K->57014K(1484800K), 0.0026192 secs] [Times: user=0.00 sys=0.00, real=0.00 secs] 
2019-09-28T19:08:22.037+0000: 876.146: [GC (Allocation Failure) 2019-09-28T19:08:22.037+0000: 876.146: [DefNew: 409755K->155K(460800K), 0.0026133 secs] 466614K->57014K(1484800K), 0.0026964 secs] [Times: user=0.00 sys=0.00, real=0.00 secs] 
2019-09-28T19:08:29.404+0000: 883.513: [GC (Allocation Failure) 2019-09-28T19:08:29.404+0000: 883.513: [DefNew: 409755K->156K(460800K), 0.0026039 secs] 466614K->57015K(1484800K), 0.0026935 secs] [Times: user=0.01 sys=0.00, real=0.00 secs] 
2019-09-28T19:08:36.707+0000: 890.816: [GC (Allocation Failure) 2019-09-28T19:08:36.707+0000: 890.816: [DefNew: 409756K->165K(460800K), 0.0026618 secs] 466615K->57024K(1484800K), 0.0027419 secs] [Times: user=0.00 sys=0.00, real=0.00 secs] 
2019-09-28T19:08:44.554+0000: 898.663: [GC (Allocation Failure) 2019-09-28T19:08:44.554+0000: 898.663: [DefNew: 409765K->145K(460800K), 0.0027218 secs] 466624K->57012K(1484800K), 0.0028209 secs] [Times: user=0.00 sys=0.00, real=0.01 secs] 
2019-09-28T19:08:51.779+0000: 905.888: [GC (Allocation Failure) 2019-09-28T19:08:51.779+0000: 905.888: [DefNew: 409745K->211K(460800K), 0.0027773 secs] 466612K->57079K(1484800K), 0.0028618 secs] [Times: user=0.01 sys=0.00, real=0.00 secs] 
2019-09-28T19:08:59.057+0000: 913.166: [GC (Allocation Failure) 2019-09-28T19:08:59.057+0000: 913.166: [DefNew: 409811K->181K(460800K), 0.0027118 secs] 466679K->57049K(1484800K), 0.0027886 secs] [Times: user=0.00 sys=0.00, real=0.00 secs] 
2019-09-28T19:09:06.922+0000: 921.031: [GC (Allocation Failure) 2019-09-28T19:09:06.922+0000: 921.031: [DefNew: 409781K->153K(460800K), 0.0026944 secs] 466649K->57021K(1484800K), 0.0027799 secs] [Times: user=0.00 sys=0.00, real=0.01 secs] 
2019-09-28T19:09:14.217+0000: 928.326: [GC (Allocation Failure) 2019-09-28T19:09:14.217+0000: 928.326: [DefNew: 409753K->156K(460800K), 0.0027926 secs] 466621K->57024K(1484800K), 0.0029024 secs] [Times: user=0.00 sys=0.00, real=0.00 secs] 
2019-09-28T19:09:21.525+0000: 935.634: [GC (Allocation Failure) 2019-09-28T19:09:21.525+0000: 935.634: [DefNew: 409756K->223K(460800K), 0.0028100 secs] 466624K->57091K(1484800K), 0.0029095 secs] [Times: user=0.00 sys=0.00, real=0.00 secs] 
2019-09-28T19:09:29.360+0000: 943.469: [GC (Allocation Failure) 2019-09-28T19:09:29.360+0000: 943.469: [DefNew: 409823K->156K(460800K), 0.0025331 secs] 466691K->57024K(1484800K), 0.0026135 secs] [Times: user=0.00 sys=0.00, real=0.00 secs] 
2019-09-28T19:09:36.693+0000: 950.802: [GC (Allocation Failure) 2019-09-28T19:09:36.693+0000: 950.802: [DefNew: 409756K->154K(460800K), 0.0026207 secs] 466624K->57021K(1484800K), 0.0027162 secs] [Times: user=0.00 sys=0.00, real=0.01 secs] 
2019-09-28T19:09:43.894+0000: 958.003: [GC (Allocation Failure) 2019-09-28T19:09:43.894+0000: 958.003: [DefNew: 409754K->144K(460800K), 0.0026539 secs] 466621K->57021K(1484800K), 0.0027460 secs] [Times: user=0.00 sys=0.00, real=0.01 secs] 
2019-09-28T19:09:51.766+0000: 965.876: [GC (Allocation Failure) 2019-09-28T19:09:51.767+0000: 965.876: [DefNew: 409744K->193K(460800K), 0.0027519 secs] 466621K->57069K(1484800K), 0.0028374 secs] [Times: user=0.00 sys=0.00, real=0.00 secs] 
2019-09-28T19:09:59.066+0000: 973.175: [GC (Allocation Failure) 2019-09-28T19:09:59.066+0000: 973.175: [DefNew: 409793K->152K(460800K), 0.0026540 secs] 466669K->57029K(1484800K), 0.0027274 secs] [Times: user=0.00 sys=0.00, real=0.00 secs] 
2019-09-28T19:10:06.968+0000: 981.078: [GC (Allocation Failure) 2019-09-28T19:10:06.969+0000: 981.078: [DefNew: 409752K->155K(460800K), 0.0026578 secs] 466629K->57032K(1484800K), 0.0027639 secs] [Times: user=0.00 sys=0.00, real=0.00 secs] 
2019-09-28T19:10:14.292+0000: 988.402: [GC (Allocation Failure) 2019-09-28T19:10:14.293+0000: 988.402: [DefNew: 409755K->153K(460800K), 0.0025116 secs] 466632K->57030K(1484800K), 0.0026135 secs] [Times: user=0.00 sys=0.00, real=0.00 secs] 
2019-09-28T19:10:21.569+0000: 995.678: [GC (Allocation Failure) 2019-09-28T19:10:21.569+0000: 995.678: [DefNew: 409753K->152K(460800K), 0.0025659 secs] 466630K->57029K(1484800K), 0.0026530 secs] [Times: user=0.01 sys=0.00, real=0.00 secs] 
2019-09-28T19:10:29.390+0000: 1003.499: [GC (Allocation Failure) 2019-09-28T19:10:29.390+0000: 1003.499: [DefNew: 409752K->178K(460800K), 0.0029115 secs] 466629K->57055K(1484800K), 0.0030006 secs] [Times: user=0.00 sys=0.00, real=0.00 secs] 
2019-09-28T19:10:36.681+0000: 1010.790: [GC (Allocation Failure) 2019-09-28T19:10:36.681+0000: 1010.790: [DefNew: 409778K->198K(460800K), 0.0026963 secs] 466655K->57075K(1484800K), 0.0028163 secs] [Times: user=0.01 sys=0.00, real=0.01 secs] 
2019-09-28T19:10:43.916+0000: 1018.025: [GC (Allocation Failure) 2019-09-28T19:10:43.916+0000: 1018.025: [DefNew: 409798K->206K(460800K), 0.0030205 secs] 466675K->57091K(1484800K), 0.0031036 secs] [Times: user=0.01 sys=0.00, real=0.00 secs] 
2019-09-28T19:10:51.750+0000: 1025.859: [GC (Allocation Failure) 2019-09-28T19:10:51.750+0000: 1025.859: [DefNew: 409806K->154K(460800K), 0.0027104 secs] 466691K->57039K(1484800K), 0.0028002 secs] [Times: user=0.00 sys=0.00, real=0.00 secs] 
19:10:55.520 [Client] INFO  c.s.f.r.e.s.SocketRear  - FlameSocketGraphDeployerRear@flamestream-benchmarks-worker-3: has been disconnected from Connection 9
19:10:55.525 [Client] INFO  c.s.f.r.e.s.SocketFront  - FlameSocketGraphDeployerFront@flamestream-benchmarks-worker-3 has been disconnected from Connection 9
19:11:13.831 [worker-akka.actor.default-dispatcher-10] INFO  a.a.LocalActorRef akka://worker/user/watcher/processing-watcher/graph/edge/FlameSocketGraphDeployerFront - Stopped
19:11:13.867 [worker-akka.actor.default-dispatcher-10] INFO  a.a.LocalActorRef akka://worker/user/watcher/processing-watcher/graph/negotiator - Stopped
19:11:13.867 [worker-akka.actor.default-dispatcher-10] INFO  a.a.LocalActorRef akka://worker/user/watcher/processing-watcher/graph/edge/FlameSocketGraphDeployerRear - Stopped
19:11:13.868 [worker-akka.actor.default-dispatcher-10] INFO  a.a.LocalActorRef akka://worker/user/watcher/processing-watcher/graph/edge - Stopped
19:11:13.868 [worker-akka.actor.default-dispatcher-10] INFO  a.a.LocalActorRef akka://worker/user/watcher/processing-watcher/graph/graph/$+ - Stopped
19:11:13.868 [worker-akka.actor.default-dispatcher-10] INFO  a.a.LocalActorRef akka://worker/user/watcher/processing-watcher/graph/graph/$0 - Stopped
19:11:13.868 [worker-akka.actor.default-dispatcher-10] INFO  a.a.LocalActorRef akka://worker/user/watcher/processing-watcher/graph/graph/$1 - Stopped
19:11:13.868 [worker-akka.actor.default-dispatcher-10] INFO  a.a.LocalActorRef akka://worker/user/watcher/processing-watcher/graph/graph/$2 - Stopped
19:11:13.868 [worker-akka.actor.default-dispatcher-10] INFO  a.a.LocalActorRef akka://worker/user/watcher/processing-watcher/graph/graph/$3 - Stopped
19:11:13.868 [worker-akka.actor.default-dispatcher-10] INFO  a.a.LocalActorRef akka://worker/user/watcher/processing-watcher/graph/graph/$4 - Stopped
19:11:13.868 [worker-akka.actor.default-dispatcher-10] INFO  a.a.LocalActorRef akka://worker/user/watcher/processing-watcher/graph/graph/$5 - Stopped
19:11:13.868 [worker-akka.actor.default-dispatcher-12] INFO  a.a.LocalActorRef akka://worker/user/watcher/processing-watcher/graph/graph/$6 - Stopped
19:11:13.868 [worker-akka.actor.default-dispatcher-12] INFO  a.a.LocalActorRef akka://worker/user/watcher/processing-watcher/graph/graph/$7 - Stopped
19:11:13.868 [worker-akka.actor.default-dispatcher-12] INFO  a.a.LocalActorRef akka://worker/user/watcher/processing-watcher/graph/graph/$8 - Stopped
19:11:13.868 [worker-akka.actor.default-dispatcher-12] INFO  a.a.LocalActorRef akka://worker/user/watcher/processing-watcher/graph/graph/$9 - Stopped
19:11:13.869 [worker-akka.actor.default-dispatcher-12] INFO  a.a.LocalActorRef akka://worker/user/watcher/processing-watcher/graph/graph/$A - Stopped
19:11:13.869 [worker-akka.actor.default-dispatcher-12] INFO  a.a.LocalActorRef akka://worker/user/watcher/processing-watcher/graph/graph/$Ab - Stopped
19:11:13.869 [worker-akka.actor.default-dispatcher-12] INFO  a.a.LocalActorRef akka://worker/user/watcher/processing-watcher/graph/graph/$B - Stopped
19:11:13.869 [worker-akka.actor.default-dispatcher-12] INFO  a.a.LocalActorRef akka://worker/user/watcher/processing-watcher/graph/graph/$Bb - Stopped
19:11:13.869 [worker-akka.actor.default-dispatcher-12] INFO  a.a.LocalActorRef akka://worker/user/watcher/processing-watcher/graph/graph/$C - Stopped
19:11:13.869 [worker-akka.actor.default-dispatcher-12] INFO  a.a.LocalActorRef akka://worker/user/watcher/processing-watcher/graph/graph/$Cb - Stopped
19:11:13.869 [worker-akka.actor.default-dispatcher-12] INFO  a.a.LocalActorRef akka://worker/user/watcher/processing-watcher/graph/graph/$D - Stopped
19:11:13.869 [worker-akka.actor.default-dispatcher-12] INFO  a.a.LocalActorRef akka://worker/user/watcher/processing-watcher/graph/graph/$Db - Stopped
19:11:13.869 [worker-akka.actor.default-dispatcher-12] INFO  a.a.LocalActorRef akka://worker/user/watcher/processing-watcher/graph/graph/$E - Stopped
19:11:13.869 [worker-akka.actor.default-dispatcher-12] INFO  a.a.LocalActorRef akka://worker/user/watcher/processing-watcher/graph/graph/$Eb - Stopped
19:11:13.869 [worker-akka.actor.default-dispatcher-12] INFO  a.a.LocalActorRef akka://worker/user/watcher/processing-watcher/graph/graph/$F - Stopped
19:11:13.869 [worker-akka.actor.default-dispatcher-12] INFO  a.a.LocalActorRef akka://worker/user/watcher/processing-watcher/graph/graph/$Fb - Stopped
19:11:13.869 [worker-akka.actor.default-dispatcher-12] INFO  a.a.LocalActorRef akka://worker/user/watcher/processing-watcher/graph/graph/$G - Stopped
19:11:13.869 [worker-akka.actor.default-dispatcher-12] INFO  a.a.LocalActorRef akka://worker/user/watcher/processing-watcher/graph/graph/$Gb - Stopped
19:11:13.869 [worker-akka.actor.default-dispatcher-12] INFO  a.a.LocalActorRef akka://worker/user/watcher/processing-watcher/graph/graph/$H - Stopped
19:11:13.870 [worker-akka.actor.default-dispatcher-12] INFO  a.a.LocalActorRef akka://worker/user/watcher/processing-watcher/graph/graph/$Hb - Stopped
19:11:13.870 [worker-akka.actor.default-dispatcher-9] INFO  a.a.LocalActorRef akka://worker/user/watcher/processing-watcher/graph/graph/$I - Stopped
19:11:13.873 [worker-akka.actor.default-dispatcher-20] INFO  a.a.LocalActorRef akka://worker/user/watcher/processing-watcher/graph/graph/$Ib - Stopped
19:11:13.876 [worker-akka.actor.default-dispatcher-20] INFO  a.a.LocalActorRef akka://worker/user/watcher/processing-watcher/graph/graph/$J - Stopped
19:11:13.877 [worker-akka.actor.default-dispatcher-20] INFO  a.a.LocalActorRef akka://worker/user/watcher/processing-watcher/graph/graph/$Jb - Stopped
19:11:13.878 [worker-akka.actor.default-dispatcher-20] INFO  a.a.LocalActorRef akka://worker/user/watcher/processing-watcher/graph/graph/$K - Stopped
19:11:13.879 [worker-akka.actor.default-dispatcher-20] INFO  a.a.LocalActorRef akka://worker/user/watcher/processing-watcher/graph/graph/$Kb - Stopped
19:11:13.880 [worker-akka.actor.default-dispatcher-20] INFO  a.a.LocalActorRef akka://worker/user/watcher/processing-watcher/graph/graph/$L - Stopped
19:11:13.880 [worker-akka.actor.default-dispatcher-20] INFO  a.a.LocalActorRef akka://worker/user/watcher/processing-watcher/graph/graph/$Lb - Stopped
19:11:13.882 [worker-akka.actor.default-dispatcher-20] INFO  a.a.LocalActorRef akka://worker/user/watcher/processing-watcher/graph/graph/$M - Stopped
19:11:13.883 [worker-akka.actor.default-dispatcher-20] INFO  a.a.LocalActorRef akka://worker/user/watcher/processing-watcher/graph/graph/$Mb - Stopped
19:11:13.884 [worker-akka.actor.default-dispatcher-20] INFO  a.a.LocalActorRef akka://worker/user/watcher/processing-watcher/graph/graph/$N - Stopped
19:11:13.886 [worker-akka.actor.default-dispatcher-20] INFO  a.a.LocalActorRef akka://worker/user/watcher/processing-watcher/graph/graph/$Nb - Stopped
19:11:13.886 [worker-akka.actor.default-dispatcher-20] INFO  a.a.LocalActorRef akka://worker/user/watcher/processing-watcher/graph/graph/$O - Stopped
19:11:13.888 [worker-akka.actor.default-dispatcher-20] INFO  a.a.LocalActorRef akka://worker/user/watcher/processing-watcher/graph/graph/$P - Stopped
19:11:13.888 [worker-akka.actor.default-dispatcher-20] INFO  a.a.LocalActorRef akka://worker/user/watcher/processing-watcher/graph/graph/$Q - Stopped
19:11:13.890 [worker-akka.actor.default-dispatcher-20] INFO  a.a.LocalActorRef akka://worker/user/watcher/processing-watcher/graph/graph/$R - Stopped
19:11:13.891 [worker-akka.actor.default-dispatcher-20] INFO  a.a.LocalActorRef akka://worker/user/watcher/processing-watcher/graph/graph/$S - Stopped
19:11:13.892 [worker-akka.actor.default-dispatcher-20] INFO  a.a.LocalActorRef akka://worker/user/watcher/processing-watcher/graph/graph/$T - Stopped
19:11:13.893 [worker-akka.actor.default-dispatcher-20] INFO  a.a.LocalActorRef akka://worker/user/watcher/processing-watcher/graph/graph/$U - Stopped
19:11:13.894 [worker-akka.actor.default-dispatcher-20] INFO  a.a.LocalActorRef akka://worker/user/watcher/processing-watcher/graph/graph/$V - Stopped
19:11:13.895 [worker-akka.actor.default-dispatcher-20] INFO  a.a.LocalActorRef akka://worker/user/watcher/processing-watcher/graph/graph/$W - Stopped
19:11:13.895 [worker-akka.actor.default-dispatcher-20] INFO  a.a.LocalActorRef akka://worker/user/watcher/processing-watcher/graph/graph/$X - Stopped
19:11:13.896 [worker-akka.actor.default-dispatcher-20] INFO  a.a.LocalActorRef akka://worker/user/watcher/processing-watcher/graph/graph/$Y - Stopped
19:11:13.896 [worker-akka.actor.default-dispatcher-20] INFO  a.a.LocalActorRef akka://worker/user/watcher/processing-watcher/graph/graph/$Z - Stopped
19:11:13.898 [worker-akka.actor.default-dispatcher-20] INFO  a.a.LocalActorRef akka://worker/user/watcher/processing-watcher/graph/graph/$a - Stopped
19:11:13.898 [worker-akka.actor.default-dispatcher-20] INFO  a.a.LocalActorRef akka://worker/user/watcher/processing-watcher/graph/graph/$ab - Stopped
19:11:13.899 [worker-akka.actor.default-dispatcher-20] INFO  a.a.LocalActorRef akka://worker/user/watcher/processing-watcher/graph/graph/$b - Stopped
19:11:13.899 [worker-akka.actor.default-dispatcher-20] INFO  a.a.LocalActorRef akka://worker/user/watcher/processing-watcher/graph/graph/$bb - Stopped
19:11:13.900 [worker-akka.actor.default-dispatcher-20] INFO  a.a.LocalActorRef akka://worker/user/watcher/processing-watcher/graph/graph/$c - Stopped
19:11:13.901 [worker-akka.actor.default-dispatcher-20] INFO  a.a.LocalActorRef akka://worker/user/watcher/processing-watcher/graph/graph/$cb - Stopped
19:11:13.901 [worker-akka.actor.default-dispatcher-20] INFO  a.a.LocalActorRef akka://worker/user/watcher/processing-watcher/graph/graph/$d - Stopped
19:11:13.902 [worker-akka.actor.default-dispatcher-20] INFO  a.a.LocalActorRef akka://worker/user/watcher/processing-watcher/graph/graph/$db - Stopped
19:11:13.903 [worker-akka.actor.default-dispatcher-20] INFO  a.a.LocalActorRef akka://worker/user/watcher/processing-watcher/graph/graph/$e - Stopped
19:11:13.903 [worker-akka.actor.default-dispatcher-20] INFO  a.a.LocalActorRef akka://worker/user/watcher/processing-watcher/graph/graph/$eb - Stopped
19:11:13.904 [worker-akka.actor.default-dispatcher-20] INFO  a.a.LocalActorRef akka://worker/user/watcher/processing-watcher/graph/graph/$f - Stopped
19:11:13.905 [worker-akka.actor.default-dispatcher-20] INFO  a.a.LocalActorRef akka://worker/user/watcher/processing-watcher/graph/graph/$fb - Stopped
19:11:13.905 [worker-akka.actor.default-dispatcher-20] INFO  a.a.LocalActorRef akka://worker/user/watcher/processing-watcher/graph/graph/$g - Stopped
19:11:13.906 [worker-akka.actor.default-dispatcher-20] INFO  a.a.LocalActorRef akka://worker/user/watcher/processing-watcher/graph/graph/$gb - Stopped
19:11:13.907 [worker-akka.actor.default-dispatcher-20] INFO  a.a.LocalActorRef akka://worker/user/watcher/processing-watcher/graph/graph/$h - Stopped
19:11:13.907 [worker-akka.actor.default-dispatcher-20] INFO  a.a.LocalActorRef akka://worker/user/watcher/processing-watcher/graph/graph/$hb - Stopped
19:11:13.908 [worker-akka.actor.default-dispatcher-20] INFO  a.a.LocalActorRef akka://worker/user/watcher/processing-watcher/graph/graph/$i - Stopped
19:11:13.908 [worker-akka.actor.default-dispatcher-20] INFO  a.a.LocalActorRef akka://worker/user/watcher/processing-watcher/graph/graph/$ib - Stopped
19:11:13.909 [worker-akka.actor.default-dispatcher-20] INFO  a.a.LocalActorRef akka://worker/user/watcher/processing-watcher/graph/graph/$j - Stopped
19:11:13.910 [worker-akka.actor.default-dispatcher-20] INFO  a.a.LocalActorRef akka://worker/user/watcher/processing-watcher/graph/graph/$jb - Stopped
19:11:13.911 [worker-akka.actor.default-dispatcher-20] INFO  a.a.LocalActorRef akka://worker/user/watcher/processing-watcher/graph/graph/$k - Stopped
19:11:13.912 [worker-akka.actor.default-dispatcher-20] INFO  a.a.LocalActorRef akka://worker/user/watcher/processing-watcher/graph/graph/$kb - Stopped
19:11:13.912 [worker-akka.actor.default-dispatcher-20] INFO  a.a.LocalActorRef akka://worker/user/watcher/processing-watcher/graph/graph/$l - Stopped
19:11:13.913 [worker-akka.actor.default-dispatcher-20] INFO  a.a.LocalActorRef akka://worker/user/watcher/processing-watcher/graph/graph/$lb - Stopped
19:11:13.914 [worker-akka.actor.default-dispatcher-20] INFO  a.a.LocalActorRef akka://worker/user/watcher/processing-watcher/graph/graph/$m - Stopped
19:11:13.914 [worker-akka.actor.default-dispatcher-20] INFO  a.a.LocalActorRef akka://worker/user/watcher/processing-watcher/graph/graph/$mb - Stopped
19:11:13.915 [worker-akka.actor.default-dispatcher-20] INFO  a.a.LocalActorRef akka://worker/user/watcher/processing-watcher/graph/graph/$n - Stopped
19:11:13.915 [worker-akka.actor.default-dispatcher-20] INFO  a.a.LocalActorRef akka://worker/user/watcher/processing-watcher/graph/graph/$nb - Stopped
19:11:13.916 [worker-akka.actor.default-dispatcher-20] INFO  a.a.LocalActorRef akka://worker/user/watcher/processing-watcher/graph/graph/$o - Stopped
19:11:13.917 [worker-akka.actor.default-dispatcher-20] INFO  a.a.LocalActorRef akka://worker/user/watcher/processing-watcher/graph/graph/$ob - Stopped
19:11:13.917 [worker-akka.actor.default-dispatcher-20] INFO  a.a.LocalActorRef akka://worker/user/watcher/processing-watcher/graph/graph/$p - Stopped
19:11:13.918 [worker-akka.actor.default-dispatcher-20] INFO  a.a.LocalActorRef akka://worker/user/watcher/processing-watcher/graph/graph/$pb - Stopped
19:11:13.918 [worker-akka.actor.default-dispatcher-20] INFO  a.a.LocalActorRef akka://worker/user/watcher/processing-watcher/graph/graph/$q - Stopped
19:11:13.919 [worker-akka.actor.default-dispatcher-20] INFO  a.a.LocalActorRef akka://worker/user/watcher/processing-watcher/graph/graph/$qb - Stopped
19:11:13.920 [worker-akka.actor.default-dispatcher-20] INFO  a.a.LocalActorRef akka://worker/user/watcher/processing-watcher/graph/graph/$r - Stopped
19:11:13.920 [worker-akka.actor.default-dispatcher-20] INFO  a.a.LocalActorRef akka://worker/user/watcher/processing-watcher/graph/graph/$rb - Stopped
19:11:13.921 [worker-akka.actor.default-dispatcher-20] INFO  a.a.LocalActorRef akka://worker/user/watcher/processing-watcher/graph/graph/$s - Stopped
19:11:13.922 [worker-akka.actor.default-dispatcher-20] INFO  a.a.LocalActorRef akka://worker/user/watcher/processing-watcher/graph/graph/$sb - Stopped
19:11:13.923 [worker-akka.actor.default-dispatcher-20] INFO  a.a.LocalActorRef akka://worker/user/watcher/processing-watcher/graph/graph/$t - Stopped
19:11:13.923 [worker-akka.actor.default-dispatcher-20] INFO  a.a.LocalActorRef akka://worker/user/watcher/processing-watcher/graph/graph/$tb - Stopped
19:11:13.924 [worker-akka.actor.default-dispatcher-20] INFO  a.a.LocalActorRef akka://worker/user/watcher/processing-watcher/graph/graph/$u - Stopped
19:11:13.924 [worker-akka.actor.default-dispatcher-20] INFO  a.a.LocalActorRef akka://worker/user/watcher/processing-watcher/graph/graph/$ub - Stopped
19:11:13.926 [worker-akka.actor.default-dispatcher-20] INFO  a.a.LocalActorRef akka://worker/user/watcher/processing-watcher/graph/graph/$v - Stopped
19:11:13.926 [worker-akka.actor.default-dispatcher-20] INFO  a.a.LocalActorRef akka://worker/user/watcher/processing-watcher/graph/graph/$vb - Stopped
19:11:13.927 [worker-akka.actor.default-dispatcher-20] INFO  a.a.LocalActorRef akka://worker/user/watcher/processing-watcher/graph/graph/$w - Stopped
19:11:13.928 [worker-akka.actor.default-dispatcher-20] INFO  a.a.LocalActorRef akka://worker/user/watcher/processing-watcher/graph/graph/$wb - Stopped
19:11:13.928 [worker-akka.actor.default-dispatcher-20] INFO  a.a.LocalActorRef akka://worker/user/watcher/processing-watcher/graph/graph/$x - Stopped
19:11:13.929 [worker-akka.actor.default-dispatcher-20] INFO  a.a.LocalActorRef akka://worker/user/watcher/processing-watcher/graph/graph/$xb - Stopped
19:11:13.929 [worker-akka.actor.default-dispatcher-20] INFO  a.a.LocalActorRef akka://worker/user/watcher/processing-watcher/graph/graph/$y - Stopped
19:11:13.930 [worker-akka.actor.default-dispatcher-20] INFO  a.a.LocalActorRef akka://worker/user/watcher/processing-watcher/graph/graph/$yb - Stopped
19:11:13.932 [worker-akka.actor.default-dispatcher-20] INFO  a.a.LocalActorRef akka://worker/user/watcher/processing-watcher/graph/graph/$z - Stopped
19:11:13.933 [worker-akka.actor.default-dispatcher-20] INFO  a.a.LocalActorRef akka://worker/user/watcher/processing-watcher/graph/graph/$zb - Stopped
19:11:13.933 [worker-akka.actor.default-dispatcher-20] INFO  a.a.LocalActorRef akka://worker/user/watcher/processing-watcher/graph/graph/$~ - Stopped
19:11:13.953 [worker-akka.actor.default-dispatcher-20] INFO  a.a.LocalActorRef akka://worker/user/watcher/processing-watcher/graph/graph - Stopped
19:11:13.958 [worker-akka.actor.default-dispatcher-20] INFO  a.a.LocalActorRef akka://worker/user/watcher/processing-watcher/graph - Stopped
19:11:13.960 [Curator-Framework-0] INFO  o.a.c.f.i.CuratorFrameworkImpl  - backgroundOperationsLoop exiting
19:11:13.959 [worker-akka.actor.default-dispatcher-21] INFO  a.a.LocalActorRef akka://worker/user/watcher/processing-watcher - Stopped
19:11:13.969 [Curator-PathChildrenCache-0] ERROR o.a.c.f.r.c.PathChildrenCache  - 
java.lang.IllegalStateException: instance must be started before calling this method
	at org.apache.curator.shaded.com.google.common.base.Preconditions.checkState(Preconditions.java:444)
	at org.apache.curator.framework.imps.CuratorFrameworkImpl.getChildren(CuratorFrameworkImpl.java:456)
	at org.apache.curator.framework.recipes.cache.PathChildrenCache.refresh(PathChildrenCache.java:521)
	at org.apache.curator.framework.recipes.cache.RefreshOperation.invoke(RefreshOperation.java:35)
	at org.apache.curator.framework.recipes.cache.PathChildrenCache$9.run(PathChildrenCache.java:786)
	at java.util.concurrent.Executors$RunnableAdapter.call(Executors.java:511)
	at java.util.concurrent.FutureTask.run(FutureTask.java:266)
	at java.util.concurrent.Executors$RunnableAdapter.call(Executors.java:511)
	at java.util.concurrent.FutureTask.run(FutureTask.java:266)
	at java.util.concurrent.ThreadPoolExecutor.runWorker(ThreadPoolExecutor.java:1149)
	at java.util.concurrent.ThreadPoolExecutor$Worker.run(ThreadPoolExecutor.java:624)
	at java.lang.Thread.run(Thread.java:748)
19:11:13.970 [worker-akka.actor.default-dispatcher-6-EventThread] INFO  o.a.z.ClientCnxn  - EventThread shut down for session: 0x100015787a40002
19:11:13.970 [worker-akka.actor.default-dispatcher-18] INFO  o.a.z.ZooKeeper  - Session: 0x100015787a40002 closed
19:11:13.971 [worker-akka.actor.default-dispatcher-21] INFO  a.a.RepointableActorRef akka://worker/user/watcher - Stopped
19:11:13.981 [worker-akka.actor.default-dispatcher-18] INFO  a.r.RemoteActorRefProvider$RemotingTerminator akka://worker@flamestream-benchmarks-worker-3:5412/system/remoting-terminator - Shutting down remote daemon.
19:11:13.982 [worker-akka.actor.default-dispatcher-18] INFO  a.r.RemoteActorRefProvider$RemotingTerminator akka://worker@flamestream-benchmarks-worker-3:5412/system/remoting-terminator - Remote daemon shut down; proceeding with flushing remote transports.
19:11:15.261 [worker-akka.actor.default-dispatcher-18] INFO  a.r.RemoteActorRefProvider$RemotingTerminator akka://worker@flamestream-benchmarks-worker-3:5412/system/remoting-terminator - Remoting shut down.
Heap
 def new generation   total 460800K, used 261953K [0x00000000a2400000, 0x00000000c1800000, 0x00000000c1800000)
  eden space 409600K,  63% used [0x00000000a2400000, 0x00000000b23a9b10, 0x00000000bb400000)
  from space 51200K,   0% used [0x00000000be600000, 0x00000000be626980, 0x00000000c1800000)
  to   space 51200K,   0% used [0x00000000bb400000, 0x00000000bb400000, 0x00000000be600000)
 tenured generation   total 1024000K, used 56885K [0x00000000c1800000, 0x0000000100000000, 0x0000000100000000)
   the space 1024000K,   5% used [0x00000000c1800000, 0x00000000c4f8d618, 0x00000000c4f8d800, 0x0000000100000000)
 Metaspace       used 40725K, capacity 43536K, committed 43648K, reserved 1087488K
  class space    used 5336K, capacity 5657K, committed 5760K, reserved 1048576K
