19:27:52,546 |-INFO in ch.qos.logback.classic.LoggerContext[default] - Could NOT find resource [logback-test.xml]
19:27:52,546 |-INFO in ch.qos.logback.classic.LoggerContext[default] - Could NOT find resource [logback.groovy]
19:27:52,546 |-INFO in ch.qos.logback.classic.LoggerContext[default] - Found resource [logback.xml] at [jar:file:/root/flamestream/lib/flamestream-runtime-1.0-SNAPSHOT.jar!/logback.xml]
19:27:52,546 |-WARN in ch.qos.logback.classic.LoggerContext[default] - Resource [logback.xml] occurs multiple times on the classpath.
19:27:52,547 |-WARN in ch.qos.logback.classic.LoggerContext[default] - Resource [logback.xml] occurs at [jar:file:/root/flamestream/lib/flamestream-runtime-1.0-SNAPSHOT.jar!/logback.xml]
19:27:52,547 |-WARN in ch.qos.logback.classic.LoggerContext[default] - Resource [logback.xml] occurs at [jar:file:/root/flamestream/flamestream-runtime-1.0-SNAPSHOT.jar!/logback.xml]
19:27:52,570 |-INFO in ch.qos.logback.core.joran.spi.ConfigurationWatchList@3fb6a447 - URL [jar:file:/root/flamestream/lib/flamestream-runtime-1.0-SNAPSHOT.jar!/logback.xml] is not of type file
19:27:52,644 |-INFO in ch.qos.logback.classic.joran.action.ConfigurationAction - debug attribute not set
19:27:52,644 |-INFO in ch.qos.logback.core.joran.action.AppenderAction - About to instantiate appender of type [ch.qos.logback.core.ConsoleAppender]
19:27:52,660 |-INFO in ch.qos.logback.core.joran.action.AppenderAction - Naming appender as [STDOUT]
19:27:52,677 |-INFO in ch.qos.logback.core.joran.action.NestedComplexPropertyIA - Assuming default type [ch.qos.logback.classic.encoder.PatternLayoutEncoder] for [encoder] property
19:27:52,760 |-INFO in ch.qos.logback.core.joran.action.AppenderAction - About to instantiate appender of type [ch.qos.logback.core.rolling.RollingFileAppender]
19:27:52,765 |-INFO in ch.qos.logback.core.joran.action.AppenderAction - Naming appender as [FILE]
19:27:52,796 |-INFO in c.q.l.core.rolling.TimeBasedRollingPolicy@127618319 - No compression will be used
19:27:52,797 |-INFO in c.q.l.core.rolling.TimeBasedRollingPolicy@127618319 - Will use the pattern /tmp/application_%d{yyyy-MM-dd}.%i.log for the active file
19:27:52,800 |-INFO in ch.qos.logback.core.rolling.SizeAndTimeBasedFNATP@6b2fad11 - The date pattern is 'yyyy-MM-dd' from file name pattern '/tmp/application_%d{yyyy-MM-dd}.%i.log'.
19:27:52,800 |-INFO in ch.qos.logback.core.rolling.SizeAndTimeBasedFNATP@6b2fad11 - Roll-over at midnight.
19:27:52,805 |-INFO in ch.qos.logback.core.rolling.SizeAndTimeBasedFNATP@6b2fad11 - Setting initial period to Mon Jun 10 19:26:22 UTC 2019
19:27:52,805 |-WARN in ch.qos.logback.core.rolling.SizeAndTimeBasedFNATP@6b2fad11 - SizeAndTimeBasedFNATP is deprecated. Use SizeAndTimeBasedRollingPolicy instead
19:27:52,805 |-WARN in ch.qos.logback.core.rolling.SizeAndTimeBasedFNATP@6b2fad11 - For more information see http://logback.qos.ch/manual/appenders.html#SizeAndTimeBasedRollingPolicy
19:27:52,809 |-INFO in ch.qos.logback.core.joran.action.NestedComplexPropertyIA - Assuming default type [ch.qos.logback.classic.encoder.PatternLayoutEncoder] for [encoder] property
19:27:52,814 |-INFO in ch.qos.logback.core.rolling.RollingFileAppender[FILE] - Active log file name: /tmp/application.log
19:27:52,814 |-INFO in ch.qos.logback.core.rolling.RollingFileAppender[FILE] - File property is set to [/tmp/application.log]
19:27:52,814 |-INFO in ch.qos.logback.classic.joran.action.RootLoggerAction - Setting level of ROOT logger to WARN
19:27:52,815 |-INFO in ch.qos.logback.core.joran.action.AppenderRefAction - Attaching appender named [STDOUT] to Logger[ROOT]
19:27:52,816 |-INFO in ch.qos.logback.core.joran.action.AppenderRefAction - Attaching appender named [FILE] to Logger[ROOT]
19:27:52,817 |-INFO in ch.qos.logback.classic.joran.action.ConfigurationAction - End of configuration.
19:27:52,817 |-INFO in ch.qos.logback.classic.joran.JoranConfigurator@79698539 - Registering current configuration as safe fallback point

Ama winner
Ama winner
2019-06-10T19:27:54.069+0000: 1.705: [Full GC (Metadata GC Threshold) 2019-06-10T19:27:54.069+0000: 1.705: [Tenured: 0K->15143K(341376K), 0.0402146 secs] 114924K->15143K(494976K), [Metaspace: 20732K->20732K(1067008K)], 0.0402821 secs] [Times: user=0.04 sys=0.00, real=0.04 secs] 
19:28:16.518 [Curator-PathChildrenCache-2] WARN  o.a.c.u.ZKPaths  - The version of ZooKeeper being used doesn't support Container nodes. CreateMode.PERSISTENT will be used instead.
2019-06-10T19:28:18.559+0000: 26.194: [GC (Allocation Failure) 2019-06-10T19:28:18.559+0000: 26.195: [DefNew: 136576K->17024K(153600K), 0.0253673 secs] 151719K->52735K(494976K), 0.0254462 secs] [Times: user=0.02 sys=0.00, real=0.02 secs] 
2019-06-10T19:28:19.218+0000: 26.853: [Full GC (Metadata GC Threshold) 2019-06-10T19:28:19.218+0000: 26.854: [Tenured: 35711K->44324K(341376K), 0.0352150 secs] 70822K->44324K(494976K), [Metaspace: 34605K->34605K(1079296K)], 0.0352903 secs] [Times: user=0.03 sys=0.01, real=0.04 secs] 
2019-06-10T19:28:21.714+0000: 29.350: [GC (Allocation Failure) 2019-06-10T19:28:21.714+0000: 29.350: [DefNew: 136576K->125K(153600K), 0.0019667 secs] 180900K->44449K(494976K), 0.0020234 secs] [Times: user=0.00 sys=0.00, real=0.00 secs] 
2019-06-10T19:28:24.052+0000: 31.688: [GC (Allocation Failure) 2019-06-10T19:28:24.052+0000: 31.688: [DefNew: 136701K->183K(153600K), 0.0018347 secs] 181025K->44508K(494976K), 0.0019057 secs] [Times: user=0.00 sys=0.00, real=0.00 secs] 
2019-06-10T19:28:26.388+0000: 34.023: [GC (Allocation Failure) 2019-06-10T19:28:26.388+0000: 34.023: [DefNew: 136759K->181K(153600K), 0.0018834 secs] 181084K->44505K(494976K), 0.0019539 secs] [Times: user=0.01 sys=0.00, real=0.00 secs] 
2019-06-10T19:28:28.650+0000: 36.286: [GC (Allocation Failure) 2019-06-10T19:28:28.650+0000: 36.286: [DefNew: 136757K->190K(153600K), 0.0019543 secs] 181081K->44514K(494976K), 0.0020241 secs] [Times: user=0.00 sys=0.00, real=0.01 secs] 
2019-06-10T19:28:30.966+0000: 38.601: [GC (Allocation Failure) 2019-06-10T19:28:30.966+0000: 38.601: [DefNew: 136766K->182K(153600K), 0.0019571 secs] 181090K->44507K(494976K), 0.0020272 secs] [Times: user=0.00 sys=0.00, real=0.00 secs] 
2019-06-10T19:28:33.231+0000: 40.867: [GC (Allocation Failure) 2019-06-10T19:28:33.231+0000: 40.867: [DefNew: 136758K->183K(153600K), 0.0019091 secs] 181083K->44508K(494976K), 0.0019703 secs] [Times: user=0.00 sys=0.00, real=0.00 secs] 
2019-06-10T19:28:35.540+0000: 43.176: [GC (Allocation Failure) 2019-06-10T19:28:35.540+0000: 43.176: [DefNew: 136759K->200K(153600K), 0.0019533 secs] 181084K->44524K(494976K), 0.0020122 secs] [Times: user=0.00 sys=0.00, real=0.00 secs] 
19:28:46.770 [Curator-PathChildrenCache-0] ERROR o.a.c.f.r.c.PathChildrenCache  - 
java.lang.IllegalStateException: instance must be started before calling this method
	at org.apache.curator.shaded.com.google.common.base.Preconditions.checkState(Preconditions.java:444)
	at org.apache.curator.framework.imps.CuratorFrameworkImpl.getChildren(CuratorFrameworkImpl.java:456)
	at org.apache.curator.framework.recipes.cache.PathChildrenCache.refresh(PathChildrenCache.java:521)
	at org.apache.curator.framework.recipes.cache.RefreshOperation.invoke(RefreshOperation.java:35)
	at org.apache.curator.framework.recipes.cache.PathChildrenCache$9.run(PathChildrenCache.java:786)
	at java.util.concurrent.Executors$RunnableAdapter.call(Executors.java:511)
	at java.util.concurrent.FutureTask.run(FutureTask.java:266)
	at java.util.concurrent.Executors$RunnableAdapter.call(Executors.java:511)
	at java.util.concurrent.FutureTask.run(FutureTask.java:266)
	at java.util.concurrent.ThreadPoolExecutor.runWorker(ThreadPoolExecutor.java:1149)
	at java.util.concurrent.ThreadPoolExecutor$Worker.run(ThreadPoolExecutor.java:624)
	at java.lang.Thread.run(Thread.java:748)
Heap
 def new generation   total 153600K, used 83365K [0x00000000e0c00000, 0x00000000eb2a0000, 0x00000000eb2a0000)
  eden space 136576K,  60% used [0x00000000e0c00000, 0x00000000e5d375b8, 0x00000000e9160000)
  from space 17024K,   1% used [0x00000000e9160000, 0x00000000e9192188, 0x00000000ea200000)
  to   space 17024K,   0% used [0x00000000ea200000, 0x00000000ea200000, 0x00000000eb2a0000)
 tenured generation   total 341376K, used 44324K [0x00000000eb2a0000, 0x0000000100000000, 0x0000000100000000)
   the space 341376K,  12% used [0x00000000eb2a0000, 0x00000000edde90b0, 0x00000000edde9200, 0x0000000100000000)
 Metaspace       used 36059K, capacity 37032K, committed 37120K, reserved 1081344K
  class space    used 4863K, capacity 5092K, committed 5120K, reserved 1048576K
