07:35:11,498 |-INFO in ch.qos.logback.classic.LoggerContext[default] - Could NOT find resource [logback-test.xml]
07:35:11,498 |-INFO in ch.qos.logback.classic.LoggerContext[default] - Could NOT find resource [logback.groovy]
07:35:11,499 |-INFO in ch.qos.logback.classic.LoggerContext[default] - Found resource [logback.xml] at [jar:file:/root/flamestream/lib/flamestream-runtime-1.0-SNAPSHOT.jar!/logback.xml]
07:35:11,499 |-WARN in ch.qos.logback.classic.LoggerContext[default] - Resource [logback.xml] occurs multiple times on the classpath.
07:35:11,499 |-WARN in ch.qos.logback.classic.LoggerContext[default] - Resource [logback.xml] occurs at [jar:file:/root/flamestream/lib/flamestream-runtime-1.0-SNAPSHOT.jar!/logback.xml]
07:35:11,499 |-WARN in ch.qos.logback.classic.LoggerContext[default] - Resource [logback.xml] occurs at [jar:file:/root/flamestream/flamestream-runtime-1.0-SNAPSHOT.jar!/logback.xml]
07:35:11,521 |-INFO in ch.qos.logback.core.joran.spi.ConfigurationWatchList@3fb6a447 - URL [jar:file:/root/flamestream/lib/flamestream-runtime-1.0-SNAPSHOT.jar!/logback.xml] is not of type file
07:35:11,594 |-INFO in ch.qos.logback.classic.joran.action.ConfigurationAction - debug attribute not set
07:35:11,595 |-INFO in ch.qos.logback.core.joran.action.AppenderAction - About to instantiate appender of type [ch.qos.logback.core.ConsoleAppender]
07:35:11,613 |-INFO in ch.qos.logback.core.joran.action.AppenderAction - Naming appender as [STDOUT]
07:35:11,632 |-INFO in ch.qos.logback.core.joran.action.NestedComplexPropertyIA - Assuming default type [ch.qos.logback.classic.encoder.PatternLayoutEncoder] for [encoder] property
07:35:11,718 |-INFO in ch.qos.logback.core.joran.action.AppenderAction - About to instantiate appender of type [ch.qos.logback.core.rolling.RollingFileAppender]
07:35:11,723 |-INFO in ch.qos.logback.core.joran.action.AppenderAction - Naming appender as [FILE]
07:35:11,755 |-INFO in c.q.l.core.rolling.TimeBasedRollingPolicy@127618319 - No compression will be used
07:35:11,756 |-INFO in c.q.l.core.rolling.TimeBasedRollingPolicy@127618319 - Will use the pattern /tmp/application_%d{yyyy-MM-dd}.%i.log for the active file
07:35:11,759 |-INFO in ch.qos.logback.core.rolling.SizeAndTimeBasedFNATP@6b2fad11 - The date pattern is 'yyyy-MM-dd' from file name pattern '/tmp/application_%d{yyyy-MM-dd}.%i.log'.
07:35:11,759 |-INFO in ch.qos.logback.core.rolling.SizeAndTimeBasedFNATP@6b2fad11 - Roll-over at midnight.
07:35:11,764 |-INFO in ch.qos.logback.core.rolling.SizeAndTimeBasedFNATP@6b2fad11 - Setting initial period to Tue Jun 11 07:33:43 UTC 2019
07:35:11,764 |-WARN in ch.qos.logback.core.rolling.SizeAndTimeBasedFNATP@6b2fad11 - SizeAndTimeBasedFNATP is deprecated. Use SizeAndTimeBasedRollingPolicy instead
07:35:11,764 |-WARN in ch.qos.logback.core.rolling.SizeAndTimeBasedFNATP@6b2fad11 - For more information see http://logback.qos.ch/manual/appenders.html#SizeAndTimeBasedRollingPolicy
07:35:11,768 |-INFO in ch.qos.logback.core.joran.action.NestedComplexPropertyIA - Assuming default type [ch.qos.logback.classic.encoder.PatternLayoutEncoder] for [encoder] property
07:35:11,773 |-INFO in ch.qos.logback.core.rolling.RollingFileAppender[FILE] - Active log file name: /tmp/application.log
07:35:11,773 |-INFO in ch.qos.logback.core.rolling.RollingFileAppender[FILE] - File property is set to [/tmp/application.log]
07:35:11,774 |-INFO in ch.qos.logback.classic.joran.action.RootLoggerAction - Setting level of ROOT logger to WARN
07:35:11,774 |-INFO in ch.qos.logback.core.joran.action.AppenderRefAction - Attaching appender named [STDOUT] to Logger[ROOT]
07:35:11,776 |-INFO in ch.qos.logback.core.joran.action.AppenderRefAction - Attaching appender named [FILE] to Logger[ROOT]
07:35:11,776 |-INFO in ch.qos.logback.classic.joran.action.ConfigurationAction - End of configuration.
07:35:11,777 |-INFO in ch.qos.logback.classic.joran.JoranConfigurator@79698539 - Registering current configuration as safe fallback point

Ama winner
Ama winner
2019-06-11T07:35:13.071+0000: 1.758: [Full GC (Metadata GC Threshold) 2019-06-11T07:35:13.071+0000: 1.758: [Tenured: 0K->15242K(341376K), 0.0368471 secs] 114986K->15242K(494976K), [Metaspace: 20740K->20740K(1067008K)], 0.0369282 secs] [Times: user=0.02 sys=0.01, real=0.03 secs] 
07:35:33.183 [Curator-PathChildrenCache-1] WARN  o.a.c.u.ZKPaths  - The version of ZooKeeper being used doesn't support Container nodes. CreateMode.PERSISTENT will be used instead.
2019-06-11T07:35:35.574+0000: 24.261: [GC (Allocation Failure) 2019-06-11T07:35:35.574+0000: 24.261: [DefNew: 136576K->17023K(153600K), 0.0265526 secs] 151818K->52644K(494976K), 0.0266262 secs] [Times: user=0.03 sys=0.00, real=0.03 secs] 
2019-06-11T07:35:36.450+0000: 25.138: [Full GC (Metadata GC Threshold) 2019-06-11T07:35:36.451+0000: 25.138: [Tenured: 35620K->44021K(341376K), 0.0388615 secs] 83364K->44021K(494976K), [Metaspace: 34516K->34516K(1079296K)], 0.0389359 secs] [Times: user=0.04 sys=0.00, real=0.04 secs] 
2019-06-11T07:35:41.179+0000: 29.866: [GC (Allocation Failure) 2019-06-11T07:35:41.179+0000: 29.866: [DefNew: 136576K->67K(153600K), 0.0018111 secs] 180597K->44088K(494976K), 0.0018688 secs] [Times: user=0.00 sys=0.00, real=0.00 secs] 
2019-06-11T07:35:45.987+0000: 34.674: [GC (Allocation Failure) 2019-06-11T07:35:45.987+0000: 34.674: [DefNew: 136643K->71K(153600K), 0.0017236 secs] 180664K->44092K(494976K), 0.0017955 secs] [Times: user=0.00 sys=0.00, real=0.01 secs] 
2019-06-11T07:35:50.747+0000: 39.434: [GC (Allocation Failure) 2019-06-11T07:35:50.747+0000: 39.434: [DefNew: 136647K->105K(153600K), 0.0017655 secs] 180668K->44126K(494976K), 0.0018267 secs] [Times: user=0.00 sys=0.00, real=0.01 secs] 
2019-06-11T07:35:55.570+0000: 44.257: [GC (Allocation Failure) 2019-06-11T07:35:55.570+0000: 44.257: [DefNew: 136681K->140K(153600K), 0.0018293 secs] 180702K->44161K(494976K), 0.0018919 secs] [Times: user=0.00 sys=0.00, real=0.00 secs] 
2019-06-11T07:36:02.200+0000: 50.887: [GC (Allocation Failure) 2019-06-11T07:36:02.200+0000: 50.887: [DefNew: 136716K->174K(153600K), 0.0019671 secs] 180737K->44195K(494976K), 0.0020310 secs] [Times: user=0.00 sys=0.00, real=0.00 secs] 
07:36:05.680 [Curator-PathChildrenCache-0] ERROR o.a.c.f.r.c.PathChildrenCache  - 
java.lang.IllegalStateException: instance must be started before calling this method
	at org.apache.curator.shaded.com.google.common.base.Preconditions.checkState(Preconditions.java:444)
	at org.apache.curator.framework.imps.CuratorFrameworkImpl.getChildren(CuratorFrameworkImpl.java:456)
	at org.apache.curator.framework.recipes.cache.PathChildrenCache.refresh(PathChildrenCache.java:521)
	at org.apache.curator.framework.recipes.cache.RefreshOperation.invoke(RefreshOperation.java:35)
	at org.apache.curator.framework.recipes.cache.PathChildrenCache$9.run(PathChildrenCache.java:786)
	at java.util.concurrent.Executors$RunnableAdapter.call(Executors.java:511)
	at java.util.concurrent.FutureTask.run(FutureTask.java:266)
	at java.util.concurrent.Executors$RunnableAdapter.call(Executors.java:511)
	at java.util.concurrent.FutureTask.run(FutureTask.java:266)
	at java.util.concurrent.ThreadPoolExecutor.runWorker(ThreadPoolExecutor.java:1149)
	at java.util.concurrent.ThreadPoolExecutor$Worker.run(ThreadPoolExecutor.java:624)
	at java.lang.Thread.run(Thread.java:748)
Heap
 def new generation   total 153600K, used 37424K [0x00000000e0c00000, 0x00000000eb2a0000, 0x00000000eb2a0000)
  eden space 136576K,  27% used [0x00000000e0c00000, 0x00000000e3060a28, 0x00000000e9160000)
  from space 17024K,   1% used [0x00000000e9160000, 0x00000000e918b8b8, 0x00000000ea200000)
  to   space 17024K,   0% used [0x00000000ea200000, 0x00000000ea200000, 0x00000000eb2a0000)
 tenured generation   total 341376K, used 44021K [0x00000000eb2a0000, 0x0000000100000000, 0x0000000100000000)
   the space 341376K,  12% used [0x00000000eb2a0000, 0x00000000edd9d488, 0x00000000edd9d600, 0x0000000100000000)
 Metaspace       used 35701K, capacity 36582K, committed 36864K, reserved 1081344K
  class space    used 4818K, capacity 5017K, committed 5120K, reserved 1048576K
