17:49:43,563 |-INFO in ch.qos.logback.classic.LoggerContext[default] - Could NOT find resource [logback-test.xml]
17:49:43,563 |-INFO in ch.qos.logback.classic.LoggerContext[default] - Could NOT find resource [logback.groovy]
17:49:43,564 |-INFO in ch.qos.logback.classic.LoggerContext[default] - Found resource [logback.xml] at [jar:file:/root/flamestream/lib/flamestream-runtime-1.0-SNAPSHOT.jar!/logback.xml]
17:49:43,564 |-WARN in ch.qos.logback.classic.LoggerContext[default] - Resource [logback.xml] occurs multiple times on the classpath.
17:49:43,565 |-WARN in ch.qos.logback.classic.LoggerContext[default] - Resource [logback.xml] occurs at [jar:file:/root/flamestream/lib/flamestream-runtime-1.0-SNAPSHOT.jar!/logback.xml]
17:49:43,565 |-WARN in ch.qos.logback.classic.LoggerContext[default] - Resource [logback.xml] occurs at [jar:file:/root/flamestream/flamestream-runtime-1.0-SNAPSHOT.jar!/logback.xml]
17:49:43,584 |-INFO in ch.qos.logback.core.joran.spi.ConfigurationWatchList@3fb6a447 - URL [jar:file:/root/flamestream/lib/flamestream-runtime-1.0-SNAPSHOT.jar!/logback.xml] is not of type file
17:49:43,654 |-INFO in ch.qos.logback.classic.joran.action.ConfigurationAction - debug attribute not set
17:49:43,654 |-INFO in ch.qos.logback.core.joran.action.AppenderAction - About to instantiate appender of type [ch.qos.logback.core.ConsoleAppender]
17:49:43,674 |-INFO in ch.qos.logback.core.joran.action.AppenderAction - Naming appender as [STDOUT]
17:49:43,688 |-INFO in ch.qos.logback.core.joran.action.NestedComplexPropertyIA - Assuming default type [ch.qos.logback.classic.encoder.PatternLayoutEncoder] for [encoder] property
17:49:43,769 |-INFO in ch.qos.logback.core.joran.action.AppenderAction - About to instantiate appender of type [ch.qos.logback.core.rolling.RollingFileAppender]
17:49:43,774 |-INFO in ch.qos.logback.core.joran.action.AppenderAction - Naming appender as [FILE]
17:49:43,805 |-INFO in c.q.l.core.rolling.TimeBasedRollingPolicy@127618319 - No compression will be used
17:49:43,806 |-INFO in c.q.l.core.rolling.TimeBasedRollingPolicy@127618319 - Will use the pattern /tmp/application_%d{yyyy-MM-dd}.%i.log for the active file
17:49:43,809 |-INFO in ch.qos.logback.core.rolling.SizeAndTimeBasedFNATP@6b2fad11 - The date pattern is 'yyyy-MM-dd' from file name pattern '/tmp/application_%d{yyyy-MM-dd}.%i.log'.
17:49:43,809 |-INFO in ch.qos.logback.core.rolling.SizeAndTimeBasedFNATP@6b2fad11 - Roll-over at midnight.
17:49:43,814 |-INFO in ch.qos.logback.core.rolling.SizeAndTimeBasedFNATP@6b2fad11 - Setting initial period to Mon Jun 10 17:48:29 UTC 2019
17:49:43,814 |-WARN in ch.qos.logback.core.rolling.SizeAndTimeBasedFNATP@6b2fad11 - SizeAndTimeBasedFNATP is deprecated. Use SizeAndTimeBasedRollingPolicy instead
17:49:43,814 |-WARN in ch.qos.logback.core.rolling.SizeAndTimeBasedFNATP@6b2fad11 - For more information see http://logback.qos.ch/manual/appenders.html#SizeAndTimeBasedRollingPolicy
17:49:43,818 |-INFO in ch.qos.logback.core.joran.action.NestedComplexPropertyIA - Assuming default type [ch.qos.logback.classic.encoder.PatternLayoutEncoder] for [encoder] property
17:49:43,823 |-INFO in ch.qos.logback.core.rolling.RollingFileAppender[FILE] - Active log file name: /tmp/application.log
17:49:43,823 |-INFO in ch.qos.logback.core.rolling.RollingFileAppender[FILE] - File property is set to [/tmp/application.log]
17:49:43,824 |-INFO in ch.qos.logback.classic.joran.action.RootLoggerAction - Setting level of ROOT logger to WARN
17:49:43,824 |-INFO in ch.qos.logback.core.joran.action.AppenderRefAction - Attaching appender named [STDOUT] to Logger[ROOT]
17:49:43,826 |-INFO in ch.qos.logback.core.joran.action.AppenderRefAction - Attaching appender named [FILE] to Logger[ROOT]
17:49:43,826 |-INFO in ch.qos.logback.classic.joran.action.ConfigurationAction - End of configuration.
17:49:43,826 |-INFO in ch.qos.logback.classic.joran.JoranConfigurator@79698539 - Registering current configuration as safe fallback point

Ama winner
Ama winner
2019-06-10T17:49:45.081+0000: 1.703: [Full GC (Metadata GC Threshold) 2019-06-10T17:49:45.081+0000: 1.703: [Tenured: 0K->15175K(341376K), 0.0416302 secs] 114923K->15175K(494976K), [Metaspace: 20730K->20730K(1067008K)], 0.0416999 secs] [Times: user=0.04 sys=0.00, real=0.04 secs] 
17:50:06.512 [Curator-PathChildrenCache-2] WARN  o.a.c.u.ZKPaths  - The version of ZooKeeper being used doesn't support Container nodes. CreateMode.PERSISTENT will be used instead.
2019-06-10T17:50:08.779+0000: 25.401: [GC (Allocation Failure) 2019-06-10T17:50:08.780+0000: 25.401: [DefNew: 136576K->17023K(153600K), 0.0254269 secs] 151751K->52818K(494976K), 0.0254975 secs] [Times: user=0.02 sys=0.00, real=0.02 secs] 
2019-06-10T17:50:09.253+0000: 25.875: [Full GC (Metadata GC Threshold) 2019-06-10T17:50:09.253+0000: 25.875: [Tenured: 35794K->44402K(341376K), 0.0374319 secs] 72566K->44402K(494976K), [Metaspace: 34565K->34565K(1079296K)], 0.0375122 secs] [Times: user=0.04 sys=0.00, real=0.04 secs] 
2019-06-10T17:50:13.446+0000: 30.068: [GC (Allocation Failure) 2019-06-10T17:50:13.446+0000: 30.068: [DefNew: 136576K->204K(153600K), 0.0022898 secs] 180978K->44606K(494976K), 0.0023499 secs] [Times: user=0.00 sys=0.00, real=0.00 secs] 
2019-06-10T17:50:17.041+0000: 33.663: [GC (Allocation Failure) 2019-06-10T17:50:17.041+0000: 33.663: [DefNew: 136780K->198K(153600K), 0.0020274 secs] 181182K->44600K(494976K), 0.0020898 secs] [Times: user=0.00 sys=0.00, real=0.00 secs] 
2019-06-10T17:50:20.586+0000: 37.208: [GC (Allocation Failure) 2019-06-10T17:50:20.586+0000: 37.208: [DefNew: 136774K->201K(153600K), 0.0020709 secs] 181176K->44603K(494976K), 0.0021346 secs] [Times: user=0.00 sys=0.00, real=0.00 secs] 
2019-06-10T17:50:24.168+0000: 40.790: [GC (Allocation Failure) 2019-06-10T17:50:24.168+0000: 40.790: [DefNew: 136777K->201K(153600K), 0.0020530 secs] 181179K->44603K(494976K), 0.0021139 secs] [Times: user=0.01 sys=0.00, real=0.00 secs] 
2019-06-10T17:50:27.731+0000: 44.353: [GC (Allocation Failure) 2019-06-10T17:50:27.731+0000: 44.353: [DefNew: 136777K->198K(153600K), 0.0021473 secs] 181179K->44600K(494976K), 0.0022109 secs] [Times: user=0.00 sys=0.01, real=0.00 secs] 
2019-06-10T17:50:31.296+0000: 47.918: [GC (Allocation Failure) 2019-06-10T17:50:31.296+0000: 47.918: [DefNew: 136774K->198K(153600K), 0.0021763 secs] 181176K->44600K(494976K), 0.0022400 secs] [Times: user=0.01 sys=0.00, real=0.00 secs] 
2019-06-10T17:50:34.851+0000: 51.473: [GC (Allocation Failure) 2019-06-10T17:50:34.851+0000: 51.473: [DefNew: 136774K->207K(153600K), 0.0020457 secs] 181176K->44609K(494976K), 0.0021044 secs] [Times: user=0.01 sys=0.00, real=0.00 secs] 
2019-06-10T17:50:43.659+0000: 60.281: [GC (Allocation Failure) 2019-06-10T17:50:43.659+0000: 60.281: [DefNew: 136783K->201K(153600K), 0.0022283 secs] 181185K->44603K(494976K), 0.0022766 secs] [Times: user=0.00 sys=0.01, real=0.00 secs] 
17:50:43.735 [Curator-PathChildrenCache-0] ERROR o.a.c.f.r.c.PathChildrenCache  - 
java.lang.IllegalStateException: instance must be started before calling this method
	at org.apache.curator.shaded.com.google.common.base.Preconditions.checkState(Preconditions.java:444)
	at org.apache.curator.framework.imps.CuratorFrameworkImpl.getChildren(CuratorFrameworkImpl.java:456)
	at org.apache.curator.framework.recipes.cache.PathChildrenCache.refresh(PathChildrenCache.java:521)
	at org.apache.curator.framework.recipes.cache.RefreshOperation.invoke(RefreshOperation.java:35)
	at org.apache.curator.framework.recipes.cache.PathChildrenCache$9.run(PathChildrenCache.java:786)
	at java.util.concurrent.Executors$RunnableAdapter.call(Executors.java:511)
	at java.util.concurrent.FutureTask.run(FutureTask.java:266)
	at java.util.concurrent.Executors$RunnableAdapter.call(Executors.java:511)
	at java.util.concurrent.FutureTask.run(FutureTask.java:266)
	at java.util.concurrent.ThreadPoolExecutor.runWorker(ThreadPoolExecutor.java:1149)
	at java.util.concurrent.ThreadPoolExecutor$Worker.run(ThreadPoolExecutor.java:624)
	at java.lang.Thread.run(Thread.java:748)
Heap
 def new generation   total 153600K, used 20462K [0x00000000e0c00000, 0x00000000eb2a0000, 0x00000000eb2a0000)
  eden space 136576K,  14% used [0x00000000e0c00000, 0x00000000e1fc91b0, 0x00000000e9160000)
  from space 17024K,   1% used [0x00000000ea200000, 0x00000000ea2326e0, 0x00000000eb2a0000)
  to   space 17024K,   0% used [0x00000000e9160000, 0x00000000e9160000, 0x00000000ea200000)
 tenured generation   total 341376K, used 44402K [0x00000000eb2a0000, 0x0000000100000000, 0x0000000100000000)
   the space 341376K,  13% used [0x00000000eb2a0000, 0x00000000eddfc848, 0x00000000eddfca00, 0x0000000100000000)
 Metaspace       used 35943K, capacity 36866K, committed 37120K, reserved 1081344K
  class space    used 4861K, capacity 5059K, committed 5120K, reserved 1048576K
