13:27:49,074 |-INFO in ch.qos.logback.classic.LoggerContext[default] - Could NOT find resource [logback-test.xml]
13:27:49,075 |-INFO in ch.qos.logback.classic.LoggerContext[default] - Could NOT find resource [logback.groovy]
13:27:49,075 |-INFO in ch.qos.logback.classic.LoggerContext[default] - Found resource [logback.xml] at [jar:file:/home/nikitasokolov/flamestream/lib/flamestream-runtime-1.0-SNAPSHOT.jar!/logback.xml]
13:27:49,075 |-WARN in ch.qos.logback.classic.LoggerContext[default] - Resource [logback.xml] occurs multiple times on the classpath.
13:27:49,076 |-WARN in ch.qos.logback.classic.LoggerContext[default] - Resource [logback.xml] occurs at [jar:file:/home/nikitasokolov/flamestream/lib/flamestream-runtime-1.0-SNAPSHOT.jar!/logback.xml]
13:27:49,076 |-WARN in ch.qos.logback.classic.LoggerContext[default] - Resource [logback.xml] occurs at [jar:file:/home/nikitasokolov/flamestream/flamestream-runtime-1.0-SNAPSHOT.jar!/logback.xml]
13:27:49,092 |-INFO in ch.qos.logback.core.joran.spi.ConfigurationWatchList@2f7a2457 - URL [jar:file:/home/nikitasokolov/flamestream/lib/flamestream-runtime-1.0-SNAPSHOT.jar!/logback.xml] is not of type file
13:27:49,143 |-INFO in ch.qos.logback.classic.joran.action.ConfigurationAction - debug attribute not set
13:27:49,143 |-INFO in ch.qos.logback.core.joran.action.AppenderAction - About to instantiate appender of type [ch.qos.logback.core.ConsoleAppender]
13:27:49,151 |-INFO in ch.qos.logback.core.joran.action.AppenderAction - Naming appender as [STDOUT]
13:27:49,160 |-INFO in ch.qos.logback.core.joran.action.NestedComplexPropertyIA - Assuming default type [ch.qos.logback.classic.encoder.PatternLayoutEncoder] for [encoder] property
13:27:49,217 |-INFO in ch.qos.logback.core.joran.action.AppenderAction - About to instantiate appender of type [ch.qos.logback.core.rolling.RollingFileAppender]
13:27:49,223 |-INFO in ch.qos.logback.core.joran.action.AppenderAction - Naming appender as [FILE]
13:27:49,245 |-INFO in c.q.l.core.rolling.TimeBasedRollingPolicy@1449621165 - No compression will be used
13:27:49,247 |-INFO in c.q.l.core.rolling.TimeBasedRollingPolicy@1449621165 - Will use the pattern /tmp/application_%d{yyyy-MM-dd}.%i.log for the active file
13:27:49,249 |-INFO in ch.qos.logback.core.rolling.SizeAndTimeBasedFNATP@6108b2d7 - The date pattern is 'yyyy-MM-dd' from file name pattern '/tmp/application_%d{yyyy-MM-dd}.%i.log'.
13:27:49,249 |-INFO in ch.qos.logback.core.rolling.SizeAndTimeBasedFNATP@6108b2d7 - Roll-over at midnight.
13:27:49,254 |-INFO in ch.qos.logback.core.rolling.SizeAndTimeBasedFNATP@6108b2d7 - Setting initial period to Tue May 28 13:26:18 MSK 2019
13:27:49,254 |-WARN in ch.qos.logback.core.rolling.SizeAndTimeBasedFNATP@6108b2d7 - SizeAndTimeBasedFNATP is deprecated. Use SizeAndTimeBasedRollingPolicy instead
13:27:49,254 |-WARN in ch.qos.logback.core.rolling.SizeAndTimeBasedFNATP@6108b2d7 - For more information see http://logback.qos.ch/manual/appenders.html#SizeAndTimeBasedRollingPolicy
13:27:49,259 |-INFO in ch.qos.logback.core.joran.action.NestedComplexPropertyIA - Assuming default type [ch.qos.logback.classic.encoder.PatternLayoutEncoder] for [encoder] property
13:27:49,263 |-INFO in ch.qos.logback.core.rolling.RollingFileAppender[FILE] - Active log file name: /tmp/application.log
13:27:49,263 |-INFO in ch.qos.logback.core.rolling.RollingFileAppender[FILE] - File property is set to [/tmp/application.log]
13:27:49,264 |-INFO in ch.qos.logback.classic.joran.action.RootLoggerAction - Setting level of ROOT logger to WARN
13:27:49,264 |-INFO in ch.qos.logback.core.joran.action.AppenderRefAction - Attaching appender named [STDOUT] to Logger[ROOT]
13:27:49,265 |-INFO in ch.qos.logback.core.joran.action.AppenderRefAction - Attaching appender named [FILE] to Logger[ROOT]
13:27:49,265 |-INFO in ch.qos.logback.classic.joran.action.ConfigurationAction - End of configuration.
13:27:49,266 |-INFO in ch.qos.logback.classic.joran.JoranConfigurator@1554909b - Registering current configuration as safe fallback point

2019-05-28T13:27:50.278+0300: 1.406: [GC (Metadata GC Threshold) [PSYoungGen: 110684K->15948K(149504K)] 110684K->16028K(491008K), 0.0226135 secs] [Times: user=0.14 sys=0.01, real=0.02 secs] 
2019-05-28T13:27:50.300+0300: 1.428: [Full GC (Metadata GC Threshold) [PSYoungGen: 15948K->0K(149504K)] [ParOldGen: 80K->15049K(341504K)] 16028K->15049K(491008K), [Metaspace: 20805K->20805K(1067008K)], 0.0257689 secs] [Times: user=0.16 sys=0.01, real=0.02 secs] 
13:27:58.516 [Curator-PathChildrenCache-1] WARN  o.a.c.u.ZKPaths  - The version of ZooKeeper being used doesn't support Container nodes. CreateMode.PERSISTENT will be used instead.
2019-05-28T13:27:59.216+0300: 10.344: [GC (Metadata GC Threshold) [PSYoungGen: 125263K->20991K(149504K)] 140313K->50887K(491008K), 0.0217247 secs] [Times: user=0.20 sys=0.03, real=0.03 secs] 
2019-05-28T13:27:59.238+0300: 10.366: [Full GC (Metadata GC Threshold) [PSYoungGen: 20991K->0K(149504K)] [ParOldGen: 29896K->39788K(341504K)] 50887K->39788K(491008K), [Metaspace: 34271K->34271K(1079296K)], 0.0326223 secs] [Times: user=0.16 sys=0.02, real=0.03 secs] 
2019-05-28T13:28:02.147+0300: 13.275: [GC (Allocation Failure) [PSYoungGen: 128512K->800K(149504K)] 168300K->40596K(491008K), 0.0035243 secs] [Times: user=0.01 sys=0.00, real=0.01 secs] 
2019-05-28T13:28:05.389+0300: 16.517: [GC (Allocation Failure) [PSYoungGen: 129312K->1152K(149504K)] 169108K->40956K(491008K), 0.0029791 secs] [Times: user=0.01 sys=0.00, real=0.01 secs] 
2019-05-28T13:28:09.025+0300: 20.153: [GC (Allocation Failure) [PSYoungGen: 129664K->1280K(130048K)] 169468K->41092K(471552K), 0.0065591 secs] [Times: user=0.03 sys=0.03, real=0.01 secs] 
2019-05-28T13:28:12.230+0300: 23.358: [GC (Allocation Failure) [PSYoungGen: 129792K->1408K(132096K)] 169604K->41228K(473600K), 0.0036994 secs] [Times: user=0.01 sys=0.01, real=0.00 secs] 
2019-05-28T13:28:14.687+0300: 25.815: [GC (Allocation Failure) [PSYoungGen: 93056K->1344K(130048K)] 132876K->41172K(471552K), 0.0038111 secs] [Times: user=0.02 sys=0.00, real=0.01 secs] 
2019-05-28T13:28:17.377+0300: 28.505: [GC (Allocation Failure) [PSYoungGen: 92992K->1600K(136192K)] 132820K->41436K(477696K), 0.0066610 secs] [Times: user=0.05 sys=0.02, real=0.01 secs] 
2019-05-28T13:28:19.882+0300: 31.010: [GC (Allocation Failure) [PSYoungGen: 101952K->1632K(134656K)] 141788K->41476K(476160K), 0.0042077 secs] [Times: user=0.02 sys=0.00, real=0.00 secs] 
13:28:24.936 [Curator-PathChildrenCache-0] ERROR o.a.c.f.r.c.PathChildrenCache  - 
java.lang.IllegalStateException: instance must be started before calling this method
	at org.apache.curator.shaded.com.google.common.base.Preconditions.checkState(Preconditions.java:444)
	at org.apache.curator.framework.imps.CuratorFrameworkImpl.getChildren(CuratorFrameworkImpl.java:456)
	at org.apache.curator.framework.recipes.cache.PathChildrenCache.refresh(PathChildrenCache.java:521)
	at org.apache.curator.framework.recipes.cache.RefreshOperation.invoke(RefreshOperation.java:35)
	at org.apache.curator.framework.recipes.cache.PathChildrenCache$9.run(PathChildrenCache.java:786)
	at java.util.concurrent.Executors$RunnableAdapter.call(Executors.java:511)
	at java.util.concurrent.FutureTask.run(FutureTask.java:266)
	at java.util.concurrent.Executors$RunnableAdapter.call(Executors.java:511)
	at java.util.concurrent.FutureTask.run(FutureTask.java:266)
	at java.util.concurrent.ThreadPoolExecutor.runWorker(ThreadPoolExecutor.java:1149)
	at java.util.concurrent.ThreadPoolExecutor$Worker.run(ThreadPoolExecutor.java:624)
	at java.lang.Thread.run(Thread.java:748)
Heap
 PSYoungGen      total 134656K, used 31240K [0x00000000f5980000, 0x0000000100000000, 0x0000000100000000)
  eden space 100352K, 29% used [0x00000000f5980000,0x00000000f766a128,0x00000000fbb80000)
  from space 34304K, 4% used [0x00000000fbb80000,0x00000000fbd18220,0x00000000fdd00000)
  to   space 32256K, 0% used [0x00000000fe080000,0x00000000fe080000,0x0000000100000000)
 ParOldGen       total 341504K, used 39844K [0x00000000e0c00000, 0x00000000f5980000, 0x00000000f5980000)
  object space 341504K, 11% used [0x00000000e0c00000,0x00000000e32e91c8,0x00000000f5980000)
 Metaspace       used 36058K, capacity 36985K, committed 37208K, reserved 1081344K
  class space    used 4967K, capacity 5171K, committed 5248K, reserved 1048576K
