20:14:50,126 |-INFO in ch.qos.logback.classic.LoggerContext[default] - Could NOT find resource [logback-test.xml]
20:14:50,126 |-INFO in ch.qos.logback.classic.LoggerContext[default] - Could NOT find resource [logback.groovy]
20:14:50,127 |-INFO in ch.qos.logback.classic.LoggerContext[default] - Found resource [logback.xml] at [jar:file:/root/flamestream/lib/flamestream-runtime-1.0-SNAPSHOT.jar!/logback.xml]
20:14:50,128 |-WARN in ch.qos.logback.classic.LoggerContext[default] - Resource [logback.xml] occurs multiple times on the classpath.
20:14:50,128 |-WARN in ch.qos.logback.classic.LoggerContext[default] - Resource [logback.xml] occurs at [jar:file:/root/flamestream/lib/flamestream-runtime-1.0-SNAPSHOT.jar!/logback.xml]
20:14:50,128 |-WARN in ch.qos.logback.classic.LoggerContext[default] - Resource [logback.xml] occurs at [jar:file:/root/flamestream/flamestream-runtime-1.0-SNAPSHOT.jar!/logback.xml]
20:14:50,148 |-INFO in ch.qos.logback.core.joran.spi.ConfigurationWatchList@3fb6a447 - URL [jar:file:/root/flamestream/lib/flamestream-runtime-1.0-SNAPSHOT.jar!/logback.xml] is not of type file
20:14:50,213 |-INFO in ch.qos.logback.classic.joran.action.ConfigurationAction - debug attribute not set
20:14:50,213 |-INFO in ch.qos.logback.core.joran.action.AppenderAction - About to instantiate appender of type [ch.qos.logback.core.ConsoleAppender]
20:14:50,230 |-INFO in ch.qos.logback.core.joran.action.AppenderAction - Naming appender as [STDOUT]
20:14:50,244 |-INFO in ch.qos.logback.core.joran.action.NestedComplexPropertyIA - Assuming default type [ch.qos.logback.classic.encoder.PatternLayoutEncoder] for [encoder] property
20:14:50,351 |-INFO in ch.qos.logback.core.joran.action.AppenderAction - About to instantiate appender of type [ch.qos.logback.core.rolling.RollingFileAppender]
20:14:50,359 |-INFO in ch.qos.logback.core.joran.action.AppenderAction - Naming appender as [FILE]
20:14:50,389 |-INFO in c.q.l.core.rolling.TimeBasedRollingPolicy@127618319 - No compression will be used
20:14:50,390 |-INFO in c.q.l.core.rolling.TimeBasedRollingPolicy@127618319 - Will use the pattern /tmp/application_%d{yyyy-MM-dd}.%i.log for the active file
20:14:50,393 |-INFO in ch.qos.logback.core.rolling.SizeAndTimeBasedFNATP@6b2fad11 - The date pattern is 'yyyy-MM-dd' from file name pattern '/tmp/application_%d{yyyy-MM-dd}.%i.log'.
20:14:50,393 |-INFO in ch.qos.logback.core.rolling.SizeAndTimeBasedFNATP@6b2fad11 - Roll-over at midnight.
20:14:50,399 |-INFO in ch.qos.logback.core.rolling.SizeAndTimeBasedFNATP@6b2fad11 - Setting initial period to Mon Jun 10 20:13:24 UTC 2019
20:14:50,399 |-WARN in ch.qos.logback.core.rolling.SizeAndTimeBasedFNATP@6b2fad11 - SizeAndTimeBasedFNATP is deprecated. Use SizeAndTimeBasedRollingPolicy instead
20:14:50,399 |-WARN in ch.qos.logback.core.rolling.SizeAndTimeBasedFNATP@6b2fad11 - For more information see http://logback.qos.ch/manual/appenders.html#SizeAndTimeBasedRollingPolicy
20:14:50,403 |-INFO in ch.qos.logback.core.joran.action.NestedComplexPropertyIA - Assuming default type [ch.qos.logback.classic.encoder.PatternLayoutEncoder] for [encoder] property
20:14:50,408 |-INFO in ch.qos.logback.core.rolling.RollingFileAppender[FILE] - Active log file name: /tmp/application.log
20:14:50,408 |-INFO in ch.qos.logback.core.rolling.RollingFileAppender[FILE] - File property is set to [/tmp/application.log]
20:14:50,409 |-INFO in ch.qos.logback.classic.joran.action.RootLoggerAction - Setting level of ROOT logger to WARN
20:14:50,409 |-INFO in ch.qos.logback.core.joran.action.AppenderRefAction - Attaching appender named [STDOUT] to Logger[ROOT]
20:14:50,411 |-INFO in ch.qos.logback.core.joran.action.AppenderRefAction - Attaching appender named [FILE] to Logger[ROOT]
20:14:50,411 |-INFO in ch.qos.logback.classic.joran.action.ConfigurationAction - End of configuration.
20:14:50,412 |-INFO in ch.qos.logback.classic.joran.JoranConfigurator@79698539 - Registering current configuration as safe fallback point

Ama winner
Ama winner
2019-06-10T20:14:51.712+0000: 1.779: [Full GC (Metadata GC Threshold) 2019-06-10T20:14:51.712+0000: 1.779: [Tenured: 0K->15238K(341376K), 0.0405182 secs] 117686K->15238K(494976K), [Metaspace: 20729K->20729K(1067008K)], 0.0405852 secs] [Times: user=0.03 sys=0.01, real=0.04 secs] 
20:15:12.730 [Curator-PathChildrenCache-1] WARN  o.a.c.u.ZKPaths  - The version of ZooKeeper being used doesn't support Container nodes. CreateMode.PERSISTENT will be used instead.
2019-06-10T20:15:14.932+0000: 24.999: [GC (Allocation Failure) 2019-06-10T20:15:14.932+0000: 24.999: [DefNew: 136576K->17024K(153600K), 0.0245972 secs] 151814K->52657K(494976K), 0.0246758 secs] [Times: user=0.01 sys=0.01, real=0.03 secs] 
2019-06-10T20:15:16.667+0000: 26.735: [Full GC (Metadata GC Threshold) 2019-06-10T20:15:16.667+0000: 26.735: [Tenured: 35633K->44088K(341376K), 0.0432555 secs] 87111K->44088K(494976K), [Metaspace: 34589K->34589K(1079296K)], 0.0433401 secs] [Times: user=0.04 sys=0.00, real=0.04 secs] 
2019-06-10T20:15:22.838+0000: 32.905: [GC (Allocation Failure) 2019-06-10T20:15:22.838+0000: 32.905: [DefNew: 136576K->97K(153600K), 0.0018484 secs] 180664K->44186K(494976K), 0.0019016 secs] [Times: user=0.00 sys=0.00, real=0.00 secs] 
2019-06-10T20:15:29.028+0000: 39.095: [GC (Allocation Failure) 2019-06-10T20:15:29.028+0000: 39.095: [DefNew: 136673K->130K(153600K), 0.0017156 secs] 180762K->44219K(494976K), 0.0017759 secs] [Times: user=0.00 sys=0.00, real=0.00 secs] 
2019-06-10T20:15:35.222+0000: 45.290: [GC (Allocation Failure) 2019-06-10T20:15:35.222+0000: 45.290: [DefNew: 136706K->126K(153600K), 0.0017148 secs] 180795K->44215K(494976K), 0.0017745 secs] [Times: user=0.01 sys=0.00, real=0.00 secs] 
2019-06-10T20:15:41.449+0000: 51.516: [GC (Allocation Failure) 2019-06-10T20:15:41.449+0000: 51.516: [DefNew: 136702K->127K(153600K), 0.0018195 secs] 180791K->44216K(494976K), 0.0018810 secs] [Times: user=0.00 sys=0.00, real=0.00 secs] 
2019-06-10T20:15:47.686+0000: 57.754: [GC (Allocation Failure) 2019-06-10T20:15:47.686+0000: 57.754: [DefNew: 136703K->127K(153600K), 0.0017791 secs] 180792K->44216K(494976K), 0.0018416 secs] [Times: user=0.00 sys=0.00, real=0.01 secs] 
20:15:57.840 [Curator-PathChildrenCache-0] ERROR o.a.c.f.r.c.PathChildrenCache  - 
java.lang.IllegalStateException: instance must be started before calling this method
	at org.apache.curator.shaded.com.google.common.base.Preconditions.checkState(Preconditions.java:444)
	at org.apache.curator.framework.imps.CuratorFrameworkImpl.getChildren(CuratorFrameworkImpl.java:456)
	at org.apache.curator.framework.recipes.cache.PathChildrenCache.refresh(PathChildrenCache.java:521)
	at org.apache.curator.framework.recipes.cache.RefreshOperation.invoke(RefreshOperation.java:35)
	at org.apache.curator.framework.recipes.cache.PathChildrenCache$9.run(PathChildrenCache.java:786)
	at java.util.concurrent.Executors$RunnableAdapter.call(Executors.java:511)
	at java.util.concurrent.FutureTask.run(FutureTask.java:266)
	at java.util.concurrent.Executors$RunnableAdapter.call(Executors.java:511)
	at java.util.concurrent.FutureTask.run(FutureTask.java:266)
	at java.util.concurrent.ThreadPoolExecutor.runWorker(ThreadPoolExecutor.java:1149)
	at java.util.concurrent.ThreadPoolExecutor$Worker.run(ThreadPoolExecutor.java:624)
	at java.lang.Thread.run(Thread.java:748)
Heap
 def new generation   total 153600K, used 66245K [0x00000000e0c00000, 0x00000000eb2a0000, 0x00000000eb2a0000)
  eden space 136576K,  48% used [0x00000000e0c00000, 0x00000000e4c91608, 0x00000000e9160000)
  from space 17024K,   0% used [0x00000000e9160000, 0x00000000e917ff20, 0x00000000ea200000)
  to   space 17024K,   0% used [0x00000000ea200000, 0x00000000ea200000, 0x00000000eb2a0000)
 tenured generation   total 341376K, used 44088K [0x00000000eb2a0000, 0x0000000100000000, 0x0000000100000000)
   the space 341376K,  12% used [0x00000000eb2a0000, 0x00000000eddae390, 0x00000000eddae400, 0x0000000100000000)
 Metaspace       used 36062K, capacity 36934K, committed 37120K, reserved 1081344K
  class space    used 4872K, capacity 5075K, committed 5120K, reserved 1048576K
