08:29:42,388 |-INFO in ch.qos.logback.classic.LoggerContext[default] - Could NOT find resource [logback-test.xml]
08:29:42,388 |-INFO in ch.qos.logback.classic.LoggerContext[default] - Could NOT find resource [logback.groovy]
08:29:42,389 |-INFO in ch.qos.logback.classic.LoggerContext[default] - Found resource [logback.xml] at [jar:file:/root/flamestream/lib/flamestream-runtime-1.0-SNAPSHOT.jar!/logback.xml]
08:29:42,390 |-WARN in ch.qos.logback.classic.LoggerContext[default] - Resource [logback.xml] occurs multiple times on the classpath.
08:29:42,390 |-WARN in ch.qos.logback.classic.LoggerContext[default] - Resource [logback.xml] occurs at [jar:file:/root/flamestream/lib/flamestream-runtime-1.0-SNAPSHOT.jar!/logback.xml]
08:29:42,390 |-WARN in ch.qos.logback.classic.LoggerContext[default] - Resource [logback.xml] occurs at [jar:file:/root/flamestream/flamestream-runtime-1.0-SNAPSHOT.jar!/logback.xml]
08:29:42,409 |-INFO in ch.qos.logback.core.joran.spi.ConfigurationWatchList@3fb6a447 - URL [jar:file:/root/flamestream/lib/flamestream-runtime-1.0-SNAPSHOT.jar!/logback.xml] is not of type file
08:29:42,475 |-INFO in ch.qos.logback.classic.joran.action.ConfigurationAction - debug attribute not set
08:29:42,476 |-INFO in ch.qos.logback.core.joran.action.AppenderAction - About to instantiate appender of type [ch.qos.logback.core.ConsoleAppender]
08:29:42,491 |-INFO in ch.qos.logback.core.joran.action.AppenderAction - Naming appender as [STDOUT]
08:29:42,511 |-INFO in ch.qos.logback.core.joran.action.NestedComplexPropertyIA - Assuming default type [ch.qos.logback.classic.encoder.PatternLayoutEncoder] for [encoder] property
08:29:42,599 |-INFO in ch.qos.logback.core.joran.action.AppenderAction - About to instantiate appender of type [ch.qos.logback.core.rolling.RollingFileAppender]
08:29:42,603 |-INFO in ch.qos.logback.core.joran.action.AppenderAction - Naming appender as [FILE]
08:29:42,633 |-INFO in c.q.l.core.rolling.TimeBasedRollingPolicy@127618319 - No compression will be used
08:29:42,634 |-INFO in c.q.l.core.rolling.TimeBasedRollingPolicy@127618319 - Will use the pattern /tmp/application_%d{yyyy-MM-dd}.%i.log for the active file
08:29:42,637 |-INFO in ch.qos.logback.core.rolling.SizeAndTimeBasedFNATP@6b2fad11 - The date pattern is 'yyyy-MM-dd' from file name pattern '/tmp/application_%d{yyyy-MM-dd}.%i.log'.
08:29:42,637 |-INFO in ch.qos.logback.core.rolling.SizeAndTimeBasedFNATP@6b2fad11 - Roll-over at midnight.
08:29:42,643 |-INFO in ch.qos.logback.core.rolling.SizeAndTimeBasedFNATP@6b2fad11 - Setting initial period to Tue Jun 11 08:28:18 UTC 2019
08:29:42,643 |-WARN in ch.qos.logback.core.rolling.SizeAndTimeBasedFNATP@6b2fad11 - SizeAndTimeBasedFNATP is deprecated. Use SizeAndTimeBasedRollingPolicy instead
08:29:42,643 |-WARN in ch.qos.logback.core.rolling.SizeAndTimeBasedFNATP@6b2fad11 - For more information see http://logback.qos.ch/manual/appenders.html#SizeAndTimeBasedRollingPolicy
08:29:42,647 |-INFO in ch.qos.logback.core.joran.action.NestedComplexPropertyIA - Assuming default type [ch.qos.logback.classic.encoder.PatternLayoutEncoder] for [encoder] property
08:29:42,651 |-INFO in ch.qos.logback.core.rolling.RollingFileAppender[FILE] - Active log file name: /tmp/application.log
08:29:42,651 |-INFO in ch.qos.logback.core.rolling.RollingFileAppender[FILE] - File property is set to [/tmp/application.log]
08:29:42,652 |-INFO in ch.qos.logback.classic.joran.action.RootLoggerAction - Setting level of ROOT logger to WARN
08:29:42,652 |-INFO in ch.qos.logback.core.joran.action.AppenderRefAction - Attaching appender named [STDOUT] to Logger[ROOT]
08:29:42,654 |-INFO in ch.qos.logback.core.joran.action.AppenderRefAction - Attaching appender named [FILE] to Logger[ROOT]
08:29:42,655 |-INFO in ch.qos.logback.classic.joran.action.ConfigurationAction - End of configuration.
08:29:42,655 |-INFO in ch.qos.logback.classic.joran.JoranConfigurator@79698539 - Registering current configuration as safe fallback point

Ama winner
Ama winner
2019-06-11T08:29:43.949+0000: 1.748: [Full GC (Metadata GC Threshold) 2019-06-11T08:29:43.949+0000: 1.748: [Tenured: 0K->15241K(341376K), 0.0404533 secs] 114923K->15241K(494976K), [Metaspace: 20735K->20735K(1067008K)], 0.0405309 secs] [Times: user=0.04 sys=0.00, real=0.04 secs] 
08:30:02.234 [Curator-PathChildrenCache-1] WARN  o.a.c.u.ZKPaths  - The version of ZooKeeper being used doesn't support Container nodes. CreateMode.PERSISTENT will be used instead.
2019-06-11T08:30:04.516+0000: 22.315: [GC (Allocation Failure) 2019-06-11T08:30:04.516+0000: 22.315: [DefNew: 136576K->17023K(153600K), 0.0258349 secs] 151817K->52558K(494976K), 0.0259043 secs] [Times: user=0.02 sys=0.01, real=0.03 secs] 
2019-06-11T08:30:06.720+0000: 24.519: [Full GC (Metadata GC Threshold) 2019-06-11T08:30:06.720+0000: 24.519: [Tenured: 35534K->43948K(341376K), 0.0469258 secs] 99867K->43948K(494976K), [Metaspace: 34584K->34584K(1079296K)], 0.0469983 secs] [Times: user=0.05 sys=0.01, real=0.04 secs] 
2019-06-11T08:30:13.881+0000: 31.681: [GC (Allocation Failure) 2019-06-11T08:30:13.881+0000: 31.681: [DefNew: 136576K->104K(153600K), 0.0018946 secs] 180524K->44052K(494976K), 0.0019528 secs] [Times: user=0.00 sys=0.00, real=0.00 secs] 
2019-06-11T08:30:21.000+0000: 38.799: [GC (Allocation Failure) 2019-06-11T08:30:21.000+0000: 38.799: [DefNew: 136680K->129K(153600K), 0.0018764 secs] 180628K->44077K(494976K), 0.0019403 secs] [Times: user=0.00 sys=0.00, real=0.00 secs] 
2019-06-11T08:30:28.275+0000: 46.074: [GC (Allocation Failure) 2019-06-11T08:30:28.275+0000: 46.074: [DefNew: 136705K->168K(153600K), 0.0017585 secs] 180653K->44116K(494976K), 0.0018286 secs] [Times: user=0.00 sys=0.00, real=0.00 secs] 
2019-06-11T08:30:35.586+0000: 53.385: [GC (Allocation Failure) 2019-06-11T08:30:35.586+0000: 53.385: [DefNew: 136744K->160K(153600K), 0.0017842 secs] 180692K->44109K(494976K), 0.0018442 secs] [Times: user=0.00 sys=0.00, real=0.00 secs] 
2019-06-11T08:30:42.922+0000: 60.721: [GC (Allocation Failure) 2019-06-11T08:30:42.922+0000: 60.721: [DefNew: 136736K->165K(153600K), 0.0018415 secs] 180685K->44113K(494976K), 0.0019143 secs] [Times: user=0.01 sys=0.00, real=0.00 secs] 
08:30:51.278 [Curator-PathChildrenCache-0] ERROR o.a.c.f.r.c.PathChildrenCache  - 
java.lang.IllegalStateException: instance must be started before calling this method
	at org.apache.curator.shaded.com.google.common.base.Preconditions.checkState(Preconditions.java:444)
	at org.apache.curator.framework.imps.CuratorFrameworkImpl.getChildren(CuratorFrameworkImpl.java:456)
	at org.apache.curator.framework.recipes.cache.PathChildrenCache.refresh(PathChildrenCache.java:521)
	at org.apache.curator.framework.recipes.cache.RefreshOperation.invoke(RefreshOperation.java:35)
	at org.apache.curator.framework.recipes.cache.PathChildrenCache$9.run(PathChildrenCache.java:786)
	at java.util.concurrent.Executors$RunnableAdapter.call(Executors.java:511)
	at java.util.concurrent.FutureTask.run(FutureTask.java:266)
	at java.util.concurrent.Executors$RunnableAdapter.call(Executors.java:511)
	at java.util.concurrent.FutureTask.run(FutureTask.java:266)
	at java.util.concurrent.ThreadPoolExecutor.runWorker(ThreadPoolExecutor.java:1149)
	at java.util.concurrent.ThreadPoolExecutor$Worker.run(ThreadPoolExecutor.java:624)
	at java.lang.Thread.run(Thread.java:748)
Heap
 def new generation   total 153600K, used 82146K [0x00000000e0c00000, 0x00000000eb2a0000, 0x00000000eb2a0000)
  eden space 136576K,  60% used [0x00000000e0c00000, 0x00000000e5c0f470, 0x00000000e9160000)
  from space 17024K,   0% used [0x00000000e9160000, 0x00000000e9189560, 0x00000000ea200000)
  to   space 17024K,   0% used [0x00000000ea200000, 0x00000000ea200000, 0x00000000eb2a0000)
 tenured generation   total 341376K, used 43948K [0x00000000eb2a0000, 0x0000000100000000, 0x0000000100000000)
   the space 341376K,  12% used [0x00000000eb2a0000, 0x00000000edd8b0c8, 0x00000000edd8b200, 0x0000000100000000)
 Metaspace       used 36110K, capacity 36966K, committed 37120K, reserved 1081344K
  class space    used 4881K, capacity 5081K, committed 5120K, reserved 1048576K
