22:15:55,116 |-INFO in ch.qos.logback.classic.LoggerContext[default] - Could NOT find resource [logback-test.xml]
22:15:55,116 |-INFO in ch.qos.logback.classic.LoggerContext[default] - Could NOT find resource [logback.groovy]
22:15:55,117 |-INFO in ch.qos.logback.classic.LoggerContext[default] - Found resource [logback.xml] at [jar:file:/home/nikitasokolov/flamestream/lib/flamestream-runtime-1.0-SNAPSHOT.jar!/logback.xml]
22:15:55,117 |-WARN in ch.qos.logback.classic.LoggerContext[default] - Resource [logback.xml] occurs multiple times on the classpath.
22:15:55,117 |-WARN in ch.qos.logback.classic.LoggerContext[default] - Resource [logback.xml] occurs at [jar:file:/home/nikitasokolov/flamestream/lib/flamestream-runtime-1.0-SNAPSHOT.jar!/logback.xml]
22:15:55,117 |-WARN in ch.qos.logback.classic.LoggerContext[default] - Resource [logback.xml] occurs at [jar:file:/home/nikitasokolov/flamestream/flamestream-runtime-1.0-SNAPSHOT.jar!/logback.xml]
22:15:55,133 |-INFO in ch.qos.logback.core.joran.spi.ConfigurationWatchList@2f7a2457 - URL [jar:file:/home/nikitasokolov/flamestream/lib/flamestream-runtime-1.0-SNAPSHOT.jar!/logback.xml] is not of type file
22:15:55,187 |-INFO in ch.qos.logback.classic.joran.action.ConfigurationAction - debug attribute not set
22:15:55,188 |-INFO in ch.qos.logback.core.joran.action.AppenderAction - About to instantiate appender of type [ch.qos.logback.core.ConsoleAppender]
22:15:55,199 |-INFO in ch.qos.logback.core.joran.action.AppenderAction - Naming appender as [STDOUT]
22:15:55,210 |-INFO in ch.qos.logback.core.joran.action.NestedComplexPropertyIA - Assuming default type [ch.qos.logback.classic.encoder.PatternLayoutEncoder] for [encoder] property
22:15:55,266 |-INFO in ch.qos.logback.core.joran.action.AppenderAction - About to instantiate appender of type [ch.qos.logback.core.rolling.RollingFileAppender]
22:15:55,271 |-INFO in ch.qos.logback.core.joran.action.AppenderAction - Naming appender as [FILE]
22:15:55,296 |-INFO in c.q.l.core.rolling.TimeBasedRollingPolicy@1449621165 - No compression will be used
22:15:55,297 |-INFO in c.q.l.core.rolling.TimeBasedRollingPolicy@1449621165 - Will use the pattern /tmp/application_%d{yyyy-MM-dd}.%i.log for the active file
22:15:55,300 |-INFO in ch.qos.logback.core.rolling.SizeAndTimeBasedFNATP@6108b2d7 - The date pattern is 'yyyy-MM-dd' from file name pattern '/tmp/application_%d{yyyy-MM-dd}.%i.log'.
22:15:55,300 |-INFO in ch.qos.logback.core.rolling.SizeAndTimeBasedFNATP@6108b2d7 - Roll-over at midnight.
22:15:55,304 |-INFO in ch.qos.logback.core.rolling.SizeAndTimeBasedFNATP@6108b2d7 - Setting initial period to Tue May 28 22:13:30 MSK 2019
22:15:55,304 |-WARN in ch.qos.logback.core.rolling.SizeAndTimeBasedFNATP@6108b2d7 - SizeAndTimeBasedFNATP is deprecated. Use SizeAndTimeBasedRollingPolicy instead
22:15:55,305 |-WARN in ch.qos.logback.core.rolling.SizeAndTimeBasedFNATP@6108b2d7 - For more information see http://logback.qos.ch/manual/appenders.html#SizeAndTimeBasedRollingPolicy
22:15:55,309 |-INFO in ch.qos.logback.core.joran.action.NestedComplexPropertyIA - Assuming default type [ch.qos.logback.classic.encoder.PatternLayoutEncoder] for [encoder] property
22:15:55,311 |-INFO in ch.qos.logback.core.rolling.RollingFileAppender[FILE] - Active log file name: /tmp/application.log
22:15:55,311 |-INFO in ch.qos.logback.core.rolling.RollingFileAppender[FILE] - File property is set to [/tmp/application.log]
22:15:55,312 |-INFO in ch.qos.logback.classic.joran.action.RootLoggerAction - Setting level of ROOT logger to WARN
22:15:55,312 |-INFO in ch.qos.logback.core.joran.action.AppenderRefAction - Attaching appender named [STDOUT] to Logger[ROOT]
22:15:55,313 |-INFO in ch.qos.logback.core.joran.action.AppenderRefAction - Attaching appender named [FILE] to Logger[ROOT]
22:15:55,313 |-INFO in ch.qos.logback.classic.joran.action.ConfigurationAction - End of configuration.
22:15:55,314 |-INFO in ch.qos.logback.classic.joran.JoranConfigurator@1554909b - Registering current configuration as safe fallback point

2019-05-28T22:15:56.310+0300: 1.403: [GC (Metadata GC Threshold) [PSYoungGen: 110652K->15807K(149504K)] 110652K->15887K(491008K), 0.0160707 secs] [Times: user=0.06 sys=0.01, real=0.01 secs] 
2019-05-28T22:15:56.327+0300: 1.420: [Full GC (Metadata GC Threshold) [PSYoungGen: 15807K->0K(149504K)] [ParOldGen: 80K->15081K(341504K)] 15887K->15081K(491008K), [Metaspace: 20804K->20804K(1067008K)], 0.0246727 secs] [Times: user=0.14 sys=0.01, real=0.03 secs] 
22:16:04.995 [Curator-PathChildrenCache-1] WARN  o.a.c.u.ZKPaths  - The version of ZooKeeper being used doesn't support Container nodes. CreateMode.PERSISTENT will be used instead.
2019-05-28T22:16:05.825+0300: 10.918: [GC (Metadata GC Threshold) [PSYoungGen: 123547K->15859K(149504K)] 138629K->50480K(491008K), 0.0283581 secs] [Times: user=0.19 sys=0.02, real=0.03 secs] 
2019-05-28T22:16:05.854+0300: 10.947: [Full GC (Metadata GC Threshold) [PSYoungGen: 15859K->0K(149504K)] [ParOldGen: 34620K->38735K(341504K)] 50480K->38735K(491008K), [Metaspace: 34534K->34534K(1079296K)], 0.0454676 secs] [Times: user=0.27 sys=0.03, real=0.05 secs] 
2019-05-28T22:16:07.922+0300: 13.015: [GC (Allocation Failure) [PSYoungGen: 128512K->512K(149504K)] 167247K->39255K(491008K), 0.0050982 secs] [Times: user=0.03 sys=0.01, real=0.00 secs] 
2019-05-28T22:16:09.901+0300: 14.994: [GC (Allocation Failure) [PSYoungGen: 129024K->544K(149504K)] 167767K->39295K(491008K), 0.0027044 secs] [Times: user=0.01 sys=0.01, real=0.00 secs] 
2019-05-28T22:16:12.304+0300: 17.397: [GC (Allocation Failure) [PSYoungGen: 129056K->576K(129536K)] 167807K->39335K(471040K), 0.0027888 secs] [Times: user=0.01 sys=0.00, real=0.00 secs] 
2019-05-28T22:16:14.652+0300: 19.745: [GC (Allocation Failure) [PSYoungGen: 129088K->576K(150016K)] 167847K->39343K(491520K), 0.0029049 secs] [Times: user=0.01 sys=0.00, real=0.00 secs] 
2019-05-28T22:16:16.861+0300: 21.954: [GC (Allocation Failure) [PSYoungGen: 129088K->576K(148992K)] 167855K->39351K(490496K), 0.0035748 secs] [Times: user=0.01 sys=0.01, real=0.00 secs] 
2019-05-28T22:16:19.117+0300: 24.210: [GC (Allocation Failure) [PSYoungGen: 129088K->736K(151552K)] 167863K->39511K(493056K), 0.0029177 secs] [Times: user=0.01 sys=0.00, real=0.01 secs] 
2019-05-28T22:16:21.565+0300: 26.658: [GC (Allocation Failure) [PSYoungGen: 132832K->768K(151040K)] 171607K->39551K(492544K), 0.0060129 secs] [Times: user=0.05 sys=0.00, real=0.01 secs] 
2019-05-28T22:16:24.220+0300: 29.313: [GC (Allocation Failure) [PSYoungGen: 132864K->800K(153600K)] 171647K->39591K(495104K), 0.0036597 secs] [Times: user=0.00 sys=0.02, real=0.00 secs] 
2019-05-28T22:16:32.091+0300: 37.184: [GC (Allocation Failure) [PSYoungGen: 136480K->1015K(152576K)] 175271K->39814K(494080K), 0.0034331 secs] [Times: user=0.02 sys=0.00, real=0.00 secs] 
22:16:32.137 [Curator-PathChildrenCache-0] ERROR o.a.c.f.r.c.PathChildrenCache  - 
java.lang.IllegalStateException: instance must be started before calling this method
	at org.apache.curator.shaded.com.google.common.base.Preconditions.checkState(Preconditions.java:444)
	at org.apache.curator.framework.imps.CuratorFrameworkImpl.getChildren(CuratorFrameworkImpl.java:456)
	at org.apache.curator.framework.recipes.cache.PathChildrenCache.refresh(PathChildrenCache.java:521)
	at org.apache.curator.framework.recipes.cache.RefreshOperation.invoke(RefreshOperation.java:35)
	at org.apache.curator.framework.recipes.cache.PathChildrenCache$9.run(PathChildrenCache.java:786)
	at java.util.concurrent.Executors$RunnableAdapter.call(Executors.java:511)
	at java.util.concurrent.FutureTask.run(FutureTask.java:266)
	at java.util.concurrent.Executors$RunnableAdapter.call(Executors.java:511)
	at java.util.concurrent.FutureTask.run(FutureTask.java:266)
	at java.util.concurrent.ThreadPoolExecutor.runWorker(ThreadPoolExecutor.java:1149)
	at java.util.concurrent.ThreadPoolExecutor$Worker.run(ThreadPoolExecutor.java:624)
	at java.lang.Thread.run(Thread.java:748)
Heap
 PSYoungGen      total 152576K, used 12571K [0x00000000f5980000, 0x0000000100000000, 0x0000000100000000)
  eden space 135680K, 8% used [0x00000000f5980000,0x00000000f64c93a0,0x00000000fde00000)
  from space 16896K, 6% used [0x00000000fde00000,0x00000000fdefdc40,0x00000000fee80000)
  to   space 16384K, 0% used [0x00000000ff000000,0x00000000ff000000,0x0000000100000000)
 ParOldGen       total 341504K, used 38799K [0x00000000e0c00000, 0x00000000f5980000, 0x00000000f5980000)
  object space 341504K, 11% used [0x00000000e0c00000,0x00000000e31e3f68,0x00000000f5980000)
 Metaspace       used 35847K, capacity 36758K, committed 36952K, reserved 1081344K
  class space    used 4942K, capacity 5145K, committed 5248K, reserved 1048576K
